[2025-01-08T17:15:50.484+0000][161420.850s][info][gc,cpu      ] GC(4719) User=0.00s Sys=0.00s Real=0.00s
[2025-01-08T17:15:50.484+0000][161420.850s][info][gc,marking  ] GC(4719) Concurrent Cleanup for Next Mark
[2025-01-08T17:15:50.501+0000][161420.867s][info][gc,marking  ] GC(4719) Concurrent Cleanup for Next Mark 16.209ms
[2025-01-08T17:15:50.501+0000][161420.867s][info][gc          ] GC(4719) Concurrent Mark Cycle 1367.411ms
[2025-01-08T17:15:59.018+0000][161429.384s][info][gc,start    ] GC(4720) Pause Young (Prepare Mixed) (G1 Evacuation Pause)
[2025-01-08T17:15:59.018+0000][161429.384s][info][gc,task     ] GC(4720) Using 6 workers of 6 for evacuation
[2025-01-08T17:15:59.056+0000][161429.422s][info][gc,phases   ] GC(4720)   Pre Evacuate Collection Set: 0.2ms
[2025-01-08T17:15:59.056+0000][161429.422s][info][gc,phases   ] GC(4720)   Merge Heap Roots: 0.7ms
[2025-01-08T17:15:59.056+0000][161429.422s][info][gc,phases   ] GC(4720)   Evacuate Collection Set: 32.0ms
[2025-01-08T17:15:59.056+0000][161429.422s][info][gc,phases   ] GC(4720)   Post Evacuate Collection Set: 5.3ms
[2025-01-08T17:15:59.056+0000][161429.422s][info][gc,phases   ] GC(4720)   Other: 0.2ms
[2025-01-08T17:15:59.056+0000][161429.422s][info][gc,heap     ] GC(4720) Eden regions: 912->0(65)
[2025-01-08T17:15:59.056+0000][161429.422s][info][gc,heap     ] GC(4720) Survivor regions: 9->11(116)
[2025-01-08T17:15:59.056+0000][161429.422s][info][gc,heap     ] GC(4720) Old regions: 234->234
[2025-01-08T17:15:59.056+0000][161429.422s][info][gc,heap     ] GC(4720) Archive regions: 2->2
[2025-01-08T17:15:59.056+0000][161429.422s][info][gc,heap     ] GC(4720) Humongous regions: 49->49
[2025-01-08T17:15:59.056+0000][161429.422s][info][gc,metaspace] GC(4720) Metaspace: 506346K(515136K)->506346K(515136K) NonClass: 444787K(449152K)->444787K(449152K) Class: 61559K(65984K)->61559K(65984K)
[2025-01-08T17:15:59.056+0000][161429.422s][info][gc          ] GC(4720) Pause Young (Prepare Mixed) (G1 Evacuation Pause) 9632M->2355M(12288M) 38.430ms
[2025-01-08T17:15:59.056+0000][161429.422s][info][gc,cpu      ] GC(4720) User=0.23s Sys=0.00s Real=0.04s
[2025-01-08T17:15:59.642+0000][161430.008s][info][gc,start    ] GC(4721) Pause Young (Mixed) (G1 Evacuation Pause)
[2025-01-08T17:15:59.642+0000][161430.008s][info][gc,task     ] GC(4721) Using 6 workers of 6 for evacuation
[2025-01-08T17:15:59.692+0000][161430.058s][info][gc,phases   ] GC(4721)   Pre Evacuate Collection Set: 0.2ms
[2025-01-08T17:15:59.692+0000][161430.058s][info][gc,phases   ] GC(4721)   Merge Heap Roots: 0.5ms
[2025-01-08T17:15:59.692+0000][161430.058s][info][gc,phases   ] GC(4721)   Evacuate Collection Set: 47.4ms
[2025-01-08T17:15:59.692+0000][161430.058s][info][gc,phases   ] GC(4721)   Post Evacuate Collection Set: 1.7ms
[2025-01-08T17:15:59.692+0000][161430.058s][info][gc,phases   ] GC(4721)   Other: 0.2ms
[2025-01-08T17:15:59.692+0000][161430.058s][info][gc,heap     ] GC(4721) Eden regions: 65->0(916)
[2025-01-08T17:15:59.692+0000][161430.058s][info][gc,heap     ] GC(4721) Survivor regions: 11->5(10)
[2025-01-08T17:15:59.692+0000][161430.058s][info][gc,heap     ] GC(4721) Old regions: 234->236
[2025-01-08T17:15:59.692+0000][161430.058s][info][gc,heap     ] GC(4721) Archive regions: 2->2
[2025-01-08T17:15:59.692+0000][161430.058s][info][gc,heap     ] GC(4721) Humongous regions: 49->49
[2025-01-08T17:15:59.692+0000][161430.058s][info][gc,metaspace] GC(4721) Metaspace: 506346K(515136K)->506346K(515136K) NonClass: 444787K(449152K)->444787K(449152K) Class: 61559K(65984K)->61559K(65984K)
[2025-01-08T17:15:59.692+0000][161430.058s][info][gc          ] GC(4721) Pause Young (Mixed) (G1 Evacuation Pause) 2875M->2316M(12288M) 49.989ms
[2025-01-08T17:15:59.692+0000][161430.058s][info][gc,cpu      ] GC(4721) User=0.29s Sys=0.00s Real=0.05s
[2025-01-08T17:16:06.846+0000][161437.213s][info][gc,start    ] GC(4722) Pause Young (Normal) (G1 Evacuation Pause)
[2025-01-08T17:16:06.846+0000][161437.213s][info][gc,task     ] GC(4722) Using 6 workers of 6 for evacuation
[2025-01-08T17:16:06.873+0000][161437.239s][info][gc,phases   ] GC(4722)   Pre Evacuate Collection Set: 0.2ms
[2025-01-08T17:16:06.873+0000][161437.239s][info][gc,phases   ] GC(4722)   Merge Heap Roots: 0.4ms
[2025-01-08T17:16:06.873+0000][161437.239s][info][gc,phases   ] GC(4722)   Evacuate Collection Set: 21.5ms
[2025-01-08T17:16:06.873+0000][161437.239s][info][gc,phases   ] GC(4722)   Post Evacuate Collection Set: 4.4ms
[2025-01-08T17:16:06.873+0000][161437.239s][info][gc,phases   ] GC(4722)   Other: 0.2ms
[2025-01-08T17:16:06.873+0000][161437.239s][info][gc,heap     ] GC(4722) Eden regions: 916->0(915)
[2025-01-08T17:16:06.873+0000][161437.239s][info][gc,heap     ] GC(4722) Survivor regions: 5->6(116)
[2025-01-08T17:16:06.873+0000][161437.239s][info][gc,heap     ] GC(4722) Old regions: 236->236
[2025-01-08T17:16:06.873+0000][161437.239s][info][gc,heap     ] GC(4722) Archive regions: 2->2
[2025-01-08T17:16:06.873+0000][161437.239s][info][gc,heap     ] GC(4722) Humongous regions: 49->49
[2025-01-08T17:16:06.873+0000][161437.239s][info][gc,metaspace] GC(4722) Metaspace: 506346K(515136K)->506346K(515136K) NonClass: 444787K(449152K)->444787K(449152K) Class: 61559K(65984K)->61559K(65984K)
[2025-01-08T17:16:06.873+0000][161437.239s][info][gc          ] GC(4722) Pause Young (Normal) (G1 Evacuation Pause) 9644M->2327M(12288M) 26.762ms
[2025-01-08T17:16:06.873+0000][161437.239s][info][gc,cpu      ] GC(4722) User=0.15s Sys=0.00s Real=0.03s
[2025-01-08T17:16:16.196+0000][161446.562s][info][gc,start    ] GC(4723) Pause Young (Normal) (G1 Evacuation Pause)
[2025-01-08T17:16:16.196+0000][161446.562s][info][gc,task     ] GC(4723) Using 6 workers of 6 for evacuation
[2025-01-08T17:16:16.224+0000][161446.590s][info][gc,phases   ] GC(4723)   Pre Evacuate Collection Set: 0.2ms
[2025-01-08T17:16:16.224+0000][161446.590s][info][gc,phases   ] GC(4723)   Merge Heap Roots: 0.4ms
[2025-01-08T17:16:16.224+0000][161446.590s][info][gc,phases   ] GC(4723)   Evacuate Collection Set: 24.7ms
[2025-01-08T17:16:16.224+0000][161446.590s][info][gc,phases   ] GC(4723)   Post Evacuate Collection Set: 2.7ms
[2025-01-08T17:16:16.224+0000][161446.590s][info][gc,phases   ] GC(4723)   Other: 0.2ms
[2025-01-08T17:16:16.224+0000][161446.590s][info][gc,heap     ] GC(4723) Eden regions: 915->0(914)
[2025-01-08T17:16:16.224+0000][161446.590s][info][gc,heap     ] GC(4723) Survivor regions: 6->7(116)
[2025-01-08T17:16:16.224+0000][161446.590s][info][gc,heap     ] GC(4723) Old regions: 236->236
[2025-01-08T17:16:16.224+0000][161446.590s][info][gc,heap     ] GC(4723) Archive regions: 2->2
[2025-01-08T17:16:16.224+0000][161446.590s][info][gc,heap     ] GC(4723) Humongous regions: 49->49
[2025-01-08T17:16:16.224+0000][161446.590s][info][gc,metaspace] GC(4723) Metaspace: 506346K(515136K)->506346K(515136K) NonClass: 444787K(449152K)->444787K(449152K) Class: 61559K(65984K)->61559K(65984K)
[2025-01-08T17:16:16.224+0000][161446.590s][info][gc          ] GC(4723) Pause Young (Normal) (G1 Evacuation Pause) 9647M->2335M(12288M) 28.327ms
[2025-01-08T17:16:16.224+0000][161446.591s][info][gc,cpu      ] GC(4723) User=0.15s Sys=0.00s Real=0.03s
[2025-01-08T17:16:25.692+0000][161456.058s][info][gc,start    ] GC(4724) Pause Young (Concurrent Start) (G1 Evacuation Pause)
[2025-01-08T17:16:25.692+0000][161456.058s][info][gc,task     ] GC(4724) Using 6 workers of 6 for evacuation
[2025-01-08T17:16:25.722+0000][161456.089s][info][gc,phases   ] GC(4724)   Pre Evacuate Collection Set: 1.1ms
[2025-01-08T17:16:25.722+0000][161456.089s][info][gc,phases   ] GC(4724)   Merge Heap Roots: 0.5ms
[2025-01-08T17:16:25.722+0000][161456.089s][info][gc,phases   ] GC(4724)   Evacuate Collection Set: 26.0ms
[2025-01-08T17:16:25.722+0000][161456.089s][info][gc,phases   ] GC(4724)   Post Evacuate Collection Set: 2.4ms
[2025-01-08T17:16:25.722+0000][161456.089s][info][gc,phases   ] GC(4724)   Other: 0.3ms
[2025-01-08T17:16:25.722+0000][161456.089s][info][gc,heap     ] GC(4724) Eden regions: 914->0(914)
[2025-01-08T17:16:25.722+0000][161456.089s][info][gc,heap     ] GC(4724) Survivor regions: 7->7(116)
[2025-01-08T17:16:25.722+0000][161456.089s][info][gc,heap     ] GC(4724) Old regions: 236->236
[2025-01-08T17:16:25.722+0000][161456.089s][info][gc,heap     ] GC(4724) Archive regions: 2->2
[2025-01-08T17:16:25.722+0000][161456.089s][info][gc,heap     ] GC(4724) Humongous regions: 49->49
[2025-01-08T17:16:25.723+0000][161456.089s][info][gc,metaspace] GC(4724) Metaspace: 506346K(515136K)->506346K(515136K) NonClass: 444787K(449152K)->444787K(449152K) Class: 61559K(65984K)->61559K(65984K)
[2025-01-08T17:16:25.723+0000][161456.089s][info][gc          ] GC(4724) Pause Young (Concurrent Start) (G1 Evacuation Pause) 9647M->2331M(12288M) 30.426ms
[2025-01-08T17:16:25.723+0000][161456.089s][info][gc,cpu      ] GC(4724) User=0.18s Sys=0.00s Real=0.03s
[2025-01-08T17:16:25.723+0000][161456.089s][info][gc          ] GC(4725) Concurrent Mark Cycle
[2025-01-08T17:16:25.723+0000][161456.089s][info][gc,marking  ] GC(4725) Concurrent Clear Claimed Marks
[2025-01-08T17:16:25.723+0000][161456.090s][info][gc,marking  ] GC(4725) Concurrent Clear Claimed Marks 0.836ms
[2025-01-08T17:16:25.723+0000][161456.090s][info][gc,marking  ] GC(4725) Concurrent Scan Root Regions
[2025-01-08T17:16:25.742+0000][161456.108s][info][gc,marking  ] GC(4725) Concurrent Scan Root Regions 18.836ms
[2025-01-08T17:16:25.742+0000][161456.108s][info][gc,marking  ] GC(4725) Concurrent Mark
[2025-01-08T17:16:25.742+0000][161456.108s][info][gc,marking  ] GC(4725) Concurrent Mark From Roots
[2025-01-08T17:16:25.742+0000][161456.108s][info][gc,task     ] GC(4725) Using 2 workers of 2 for marking
[2025-01-08T17:16:26.552+0000][161456.918s][info][gc,marking  ] GC(4725) Concurrent Mark From Roots 809.505ms
[2025-01-08T17:16:26.552+0000][161456.918s][info][gc,marking  ] GC(4725) Concurrent Preclean
[2025-01-08T17:16:26.555+0000][161456.921s][info][gc,marking  ] GC(4725) Concurrent Preclean 2.762ms
[2025-01-08T17:16:26.555+0000][161456.921s][info][gc,start    ] GC(4725) Pause Remark
[2025-01-08T17:16:26.581+0000][161456.947s][info][gc          ] GC(4725) Pause Remark 3082M->3082M(12288M) 26.187ms
[2025-01-08T17:16:26.581+0000][161456.947s][info][gc,cpu      ] GC(4725) User=0.15s Sys=0.00s Real=0.02s
[2025-01-08T17:16:26.581+0000][161456.947s][info][gc,marking  ] GC(4725) Concurrent Mark 838.855ms
[2025-01-08T17:16:26.581+0000][161456.947s][info][gc,marking  ] GC(4725) Concurrent Rebuild Remembered Sets
[2025-01-08T17:16:27.213+0000][161457.579s][info][gc,marking  ] GC(4725) Concurrent Rebuild Remembered Sets 631.981ms
[2025-01-08T17:16:27.213+0000][161457.579s][info][gc,start    ] GC(4725) Pause Cleanup
[2025-01-08T17:16:27.214+0000][161457.580s][info][gc          ] GC(4725) Pause Cleanup 3835M->3835M(12288M) 0.436ms
[2025-01-08T17:16:27.214+0000][161457.580s][info][gc,cpu      ] GC(4725) User=0.00s Sys=0.00s Real=0.00s
[2025-01-08T17:16:27.214+0000][161457.580s][info][gc,marking  ] GC(4725) Concurrent Cleanup for Next Mark
[2025-01-08T17:16:27.242+0000][161457.608s][info][gc,marking  ] GC(4725) Concurrent Cleanup for Next Mark 28.061ms
[2025-01-08T17:16:27.242+0000][161457.608s][info][gc          ] GC(4725) Concurrent Mark Cycle 1519.388ms
[2025-01-08T17:16:33.706+0000][161464.072s][info][gc,start    ] GC(4726) Pause Young (Prepare Mixed) (G1 Evacuation Pause)
[2025-01-08T17:16:33.706+0000][161464.072s][info][gc,task     ] GC(4726) Using 6 workers of 6 for evacuation
[2025-01-08T17:16:33.741+0000][161464.107s][info][gc,phases   ] GC(4726)   Pre Evacuate Collection Set: 0.2ms
[2025-01-08T17:16:33.741+0000][161464.107s][info][gc,phases   ] GC(4726)   Merge Heap Roots: 0.7ms
[2025-01-08T17:16:33.741+0000][161464.107s][info][gc,phases   ] GC(4726)   Evacuate Collection Set: 31.1ms
[2025-01-08T17:16:33.741+0000][161464.107s][info][gc,phases   ] GC(4726)   Post Evacuate Collection Set: 2.8ms
[2025-01-08T17:16:33.741+0000][161464.107s][info][gc,phases   ] GC(4726)   Other: 0.2ms
[2025-01-08T17:16:33.741+0000][161464.107s][info][gc,heap     ] GC(4726) Eden regions: 914->0(66)
[2025-01-08T17:16:33.741+0000][161464.107s][info][gc,heap     ] GC(4726) Survivor regions: 7->10(116)
[2025-01-08T17:16:33.741+0000][161464.107s][info][gc,heap     ] GC(4726) Old regions: 236->236
[2025-01-08T17:16:33.741+0000][161464.107s][info][gc,heap     ] GC(4726) Archive regions: 2->2
[2025-01-08T17:16:33.741+0000][161464.107s][info][gc,heap     ] GC(4726) Humongous regions: 49->49
[2025-01-08T17:16:33.741+0000][161464.107s][info][gc,metaspace] GC(4726) Metaspace: 506347K(515136K)->506347K(515136K) NonClass: 444788K(449152K)->444788K(449152K) Class: 61559K(65984K)->61559K(65984K)
[2025-01-08T17:16:33.741+0000][161464.107s][info][gc          ] GC(4726) Pause Young (Prepare Mixed) (G1 Evacuation Pause) 9643M->2355M(12288M) 35.038ms
[2025-01-08T17:16:33.741+0000][161464.107s][info][gc,cpu      ] GC(4726) User=0.20s Sys=0.00s Real=0.03s
[2025-01-08T17:16:34.029+0000][161464.395s][info][gc,start    ] GC(4727) Pause Young (Mixed) (G1 Evacuation Pause)
[2025-01-08T17:16:34.029+0000][161464.395s][info][gc,task     ] GC(4727) Using 6 workers of 6 for evacuation
[2025-01-08T17:16:34.098+0000][161464.464s][info][gc,phases   ] GC(4727)   Pre Evacuate Collection Set: 0.2ms
[2025-01-08T17:16:34.098+0000][161464.464s][info][gc,phases   ] GC(4727)   Merge Heap Roots: 0.7ms
[2025-01-08T17:16:34.098+0000][161464.464s][info][gc,phases   ] GC(4727)   Evacuate Collection Set: 65.6ms
[2025-01-08T17:16:34.098+0000][161464.464s][info][gc,phases   ] GC(4727)   Post Evacuate Collection Set: 2.2ms
[2025-01-08T17:16:34.098+0000][161464.464s][info][gc,phases   ] GC(4727)   Other: 0.2ms
[2025-01-08T17:16:34.098+0000][161464.464s][info][gc,heap     ] GC(4727) Eden regions: 66->0(915)
[2025-01-08T17:16:34.098+0000][161464.464s][info][gc,heap     ] GC(4727) Survivor regions: 10->6(10)
[2025-01-08T17:16:34.098+0000][161464.464s][info][gc,heap     ] GC(4727) Old regions: 236->236
[2025-01-08T17:16:34.098+0000][161464.464s][info][gc,heap     ] GC(4727) Archive regions: 2->2
[2025-01-08T17:16:34.098+0000][161464.464s][info][gc,heap     ] GC(4727) Humongous regions: 49->49
[2025-01-08T17:16:34.098+0000][161464.464s][info][gc,metaspace] GC(4727) Metaspace: 506347K(515136K)->506347K(515136K) NonClass: 444788K(449152K)->444788K(449152K) Class: 61559K(65984K)->61559K(65984K)
[2025-01-08T17:16:34.098+0000][161464.464s][info][gc          ] GC(4727) Pause Young (Mixed) (G1 Evacuation Pause) 2883M->2325M(12288M) 68.940ms
[2025-01-08T17:16:34.098+0000][161464.464s][info][gc,cpu      ] GC(4727) User=0.38s Sys=0.00s Real=0.07s
[2025-01-08T17:16:41.937+0000][161472.303s][info][gc,start    ] GC(4728) Pause Young (Normal) (G1 Evacuation Pause)
[2025-01-08T17:16:41.937+0000][161472.303s][info][gc,task     ] GC(4728) Using 6 workers of 6 for evacuation
[2025-01-08T17:16:41.967+0000][161472.333s][info][gc,phases   ] GC(4728)   Pre Evacuate Collection Set: 0.2ms
[2025-01-08T17:16:41.967+0000][161472.333s][info][gc,phases   ] GC(4728)   Merge Heap Roots: 0.4ms
[2025-01-08T17:16:41.967+0000][161472.333s][info][gc,phases   ] GC(4728)   Evacuate Collection Set: 26.1ms
[2025-01-08T17:16:41.967+0000][161472.333s][info][gc,phases   ] GC(4728)   Post Evacuate Collection Set: 2.7ms
[2025-01-08T17:16:41.967+0000][161472.333s][info][gc,phases   ] GC(4728)   Other: 0.2ms
[2025-01-08T17:16:41.967+0000][161472.333s][info][gc,heap     ] GC(4728) Eden regions: 915->0(914)
[2025-01-08T17:16:41.967+0000][161472.333s][info][gc,heap     ] GC(4728) Survivor regions: 6->7(116)
[2025-01-08T17:16:41.967+0000][161472.333s][info][gc,heap     ] GC(4728) Old regions: 236->236
[2025-01-08T17:16:41.967+0000][161472.333s][info][gc,heap     ] GC(4728) Archive regions: 2->2
[2025-01-08T17:16:41.967+0000][161472.333s][info][gc,heap     ] GC(4728) Humongous regions: 49->49
[2025-01-08T17:16:41.967+0000][161472.333s][info][gc,metaspace] GC(4728) Metaspace: 506347K(515136K)->506347K(515136K) NonClass: 444788K(449152K)->444788K(449152K) Class: 61559K(65984K)->61559K(65984K)
[2025-01-08T17:16:41.967+0000][161472.333s][info][gc          ] GC(4728) Pause Young (Normal) (G1 Evacuation Pause) 9645M->2331M(12288M) 29.720ms
[2025-01-08T17:16:41.967+0000][161472.333s][info][gc,cpu      ] GC(4728) User=0.17s Sys=0.00s Real=0.03s
[2025-01-08T17:16:52.039+0000][161482.405s][info][gc,start    ] GC(4729) Pause Young (Normal) (G1 Evacuation Pause)
[2025-01-08T17:16:52.039+0000][161482.405s][info][gc,task     ] GC(4729) Using 6 workers of 6 for evacuation
[2025-01-08T17:16:52.070+0000][161482.436s][info][gc,phases   ] GC(4729)   Pre Evacuate Collection Set: 0.2ms
[2025-01-08T17:16:52.070+0000][161482.436s][info][gc,phases   ] GC(4729)   Merge Heap Roots: 0.4ms
[2025-01-08T17:16:52.070+0000][161482.436s][info][gc,phases   ] GC(4729)   Evacuate Collection Set: 25.1ms
[2025-01-08T17:16:52.070+0000][161482.436s][info][gc,phases   ] GC(4729)   Post Evacuate Collection Set: 5.3ms
[2025-01-08T17:16:52.070+0000][161482.436s][info][gc,phases   ] GC(4729)   Other: 0.2ms
[2025-01-08T17:16:52.070+0000][161482.436s][info][gc,heap     ] GC(4729) Eden regions: 914->0(911)
[2025-01-08T17:16:52.070+0000][161482.437s][info][gc,heap     ] GC(4729) Survivor regions: 7->10(116)
[2025-01-08T17:16:52.070+0000][161482.437s][info][gc,heap     ] GC(4729) Old regions: 236->236
[2025-01-08T17:16:52.070+0000][161482.437s][info][gc,heap     ] GC(4729) Archive regions: 2->2
[2025-01-08T17:16:52.070+0000][161482.437s][info][gc,heap     ] GC(4729) Humongous regions: 49->49
[2025-01-08T17:16:52.070+0000][161482.437s][info][gc,metaspace] GC(4729) Metaspace: 506347K(515136K)->506347K(515136K) NonClass: 444788K(449152K)->444788K(449152K) Class: 61559K(65984K)->61559K(65984K)
[2025-01-08T17:16:52.070+0000][161482.437s][info][gc          ] GC(4729) Pause Young (Normal) (G1 Evacuation Pause) 9643M->2354M(12288M) 31.304ms
[2025-01-08T17:16:52.070+0000][161482.437s][info][gc,cpu      ] GC(4729) User=0.19s Sys=0.00s Real=0.04s
[2025-01-08T17:16:57.588+0000][161487.954s][info][gc,start    ] GC(4730) Pause Young (Concurrent Start) (G1 Evacuation Pause)
[2025-01-08T17:16:57.588+0000][161487.954s][info][gc,task     ] GC(4730) Using 6 workers of 6 for evacuation
[2025-01-08T17:16:57.619+0000][161487.985s][info][gc,phases   ] GC(4730)   Pre Evacuate Collection Set: 1.1ms
[2025-01-08T17:16:57.619+0000][161487.985s][info][gc,phases   ] GC(4730)   Merge Heap Roots: 0.5ms
[2025-01-08T17:16:57.619+0000][161487.985s][info][gc,phases   ] GC(4730)   Evacuate Collection Set: 26.0ms
[2025-01-08T17:16:57.619+0000][161487.985s][info][gc,phases   ] GC(4730)   Post Evacuate Collection Set: 2.4ms
[2025-01-08T17:16:57.619+0000][161487.985s][info][gc,phases   ] GC(4730)   Other: 0.3ms
[2025-01-08T17:16:57.619+0000][161487.985s][info][gc,heap     ] GC(4730) Eden regions: 911->0(912)
[2025-01-08T17:16:57.619+0000][161487.985s][info][gc,heap     ] GC(4730) Survivor regions: 10->9(116)
[2025-01-08T17:16:57.619+0000][161487.985s][info][gc,heap     ] GC(4730) Old regions: 236->236
[2025-01-08T17:16:57.619+0000][161487.985s][info][gc,heap     ] GC(4730) Archive regions: 2->2
[2025-01-08T17:16:57.619+0000][161487.985s][info][gc,heap     ] GC(4730) Humongous regions: 49->49
[2025-01-08T17:16:57.619+0000][161487.985s][info][gc,metaspace] GC(4730) Metaspace: 506347K(515136K)->506347K(515136K) NonClass: 444788K(449152K)->444788K(449152K) Class: 61559K(65984K)->61559K(65984K)
[2025-01-08T17:16:57.619+0000][161487.985s][info][gc          ] GC(4730) Pause Young (Concurrent Start) (G1 Evacuation Pause) 9642M->2349M(12288M) 30.409ms
[2025-01-08T17:16:57.619+0000][161487.985s][info][gc,cpu      ] GC(4730) User=0.17s Sys=0.00s Real=0.03s
[2025-01-08T17:16:57.619+0000][161487.985s][info][gc          ] GC(4731) Concurrent Mark Cycle
[2025-01-08T17:16:57.619+0000][161487.985s][info][gc,marking  ] GC(4731) Concurrent Clear Claimed Marks
[2025-01-08T17:16:57.620+0000][161487.986s][info][gc,marking  ] GC(4731) Concurrent Clear Claimed Marks 0.922ms
[2025-01-08T17:16:57.620+0000][161487.986s][info][gc,marking  ] GC(4731) Concurrent Scan Root Regions
[2025-01-08T17:16:57.643+0000][161488.009s][info][gc,marking  ] GC(4731) Concurrent Scan Root Regions 22.983ms
[2025-01-08T17:16:57.643+0000][161488.009s][info][gc,marking  ] GC(4731) Concurrent Mark
[2025-01-08T17:16:57.643+0000][161488.009s][info][gc,marking  ] GC(4731) Concurrent Mark From Roots
[2025-01-08T17:16:57.643+0000][161488.009s][info][gc,task     ] GC(4731) Using 2 workers of 2 for marking
[2025-01-08T17:16:58.574+0000][161488.940s][info][gc,marking  ] GC(4731) Concurrent Mark From Roots 931.113ms
[2025-01-08T17:16:58.574+0000][161488.940s][info][gc,marking  ] GC(4731) Concurrent Preclean
[2025-01-08T17:16:58.577+0000][161488.943s][info][gc,marking  ] GC(4731) Concurrent Preclean 2.963ms
[2025-01-08T17:16:58.577+0000][161488.943s][info][gc,start    ] GC(4731) Pause Remark
[2025-01-08T17:16:58.603+0000][161488.969s][info][gc          ] GC(4731) Pause Remark 3637M->3637M(12288M) 25.751ms
[2025-01-08T17:16:58.603+0000][161488.969s][info][gc,cpu      ] GC(4731) User=0.15s Sys=0.00s Real=0.03s
[2025-01-08T17:16:58.603+0000][161488.969s][info][gc,marking  ] GC(4731) Concurrent Mark 960.153ms
[2025-01-08T17:16:58.603+0000][161488.969s][info][gc,marking  ] GC(4731) Concurrent Rebuild Remembered Sets
[2025-01-08T17:16:59.119+0000][161489.485s][info][gc,marking  ] GC(4731) Concurrent Rebuild Remembered Sets 515.704ms
[2025-01-08T17:16:59.119+0000][161489.485s][info][gc,start    ] GC(4731) Pause Cleanup
[2025-01-08T17:16:59.119+0000][161489.485s][info][gc          ] GC(4731) Pause Cleanup 4141M->4141M(12288M) 0.423ms
[2025-01-08T17:16:59.119+0000][161489.485s][info][gc,cpu      ] GC(4731) User=0.00s Sys=0.00s Real=0.00s
[2025-01-08T17:16:59.119+0000][161489.485s][info][gc,marking  ] GC(4731) Concurrent Cleanup for Next Mark
[2025-01-08T17:16:59.136+0000][161489.502s][info][gc,marking  ] GC(4731) Concurrent Cleanup for Next Mark 16.241ms
[2025-01-08T17:16:59.136+0000][161489.502s][info][gc          ] GC(4731) Concurrent Mark Cycle 1516.841ms
[2025-01-08T17:17:04.797+0000][161495.163s][info][gc,start    ] GC(4732) Pause Young (Prepare Mixed) (G1 Evacuation Pause)
[2025-01-08T17:17:04.797+0000][161495.163s][info][gc,task     ] GC(4732) Using 6 workers of 6 for evacuation
[2025-01-08T17:17:04.834+0000][161495.200s][info][gc,phases   ] GC(4732)   Pre Evacuate Collection Set: 0.2ms
[2025-01-08T17:17:04.834+0000][161495.200s][info][gc,phases   ] GC(4732)   Merge Heap Roots: 0.7ms
[2025-01-08T17:17:04.834+0000][161495.200s][info][gc,phases   ] GC(4732)   Evacuate Collection Set: 31.6ms
[2025-01-08T17:17:04.834+0000][161495.200s][info][gc,phases   ] GC(4732)   Post Evacuate Collection Set: 4.0ms
[2025-01-08T17:17:04.834+0000][161495.200s][info][gc,phases   ] GC(4732)   Other: 0.2ms
[2025-01-08T17:17:04.834+0000][161495.200s][info][gc,heap     ] GC(4732) Eden regions: 912->0(66)
[2025-01-08T17:17:04.834+0000][161495.200s][info][gc,heap     ] GC(4732) Survivor regions: 9->10(116)
[2025-01-08T17:17:04.834+0000][161495.200s][info][gc,heap     ] GC(4732) Old regions: 236->236
[2025-01-08T17:17:04.834+0000][161495.200s][info][gc,heap     ] GC(4732) Archive regions: 2->2
[2025-01-08T17:17:04.834+0000][161495.200s][info][gc,heap     ] GC(4732) Humongous regions: 49->49
[2025-01-08T17:17:04.834+0000][161495.200s][info][gc,metaspace] GC(4732) Metaspace: 506347K(515136K)->506347K(515136K) NonClass: 444788K(449152K)->444788K(449152K) Class: 61559K(65984K)->61559K(65984K)
[2025-01-08T17:17:04.834+0000][161495.200s][info][gc          ] GC(4732) Pause Young (Prepare Mixed) (G1 Evacuation Pause) 9645M->2358M(12288M) 36.867ms
[2025-01-08T17:17:04.834+0000][161495.200s][info][gc,cpu      ] GC(4732) User=0.21s Sys=0.00s Real=0.04s
[2025-01-08T17:17:05.564+0000][161495.930s][info][gc,start    ] GC(4733) Pause Young (Mixed) (G1 Evacuation Pause)
[2025-01-08T17:17:05.564+0000][161495.930s][info][gc,task     ] GC(4733) Using 6 workers of 6 for evacuation
[2025-01-08T17:17:05.629+0000][161495.995s][info][gc,phases   ] GC(4733)   Pre Evacuate Collection Set: 0.2ms
[2025-01-08T17:17:05.629+0000][161495.995s][info][gc,phases   ] GC(4733)   Merge Heap Roots: 0.7ms
[2025-01-08T17:17:05.629+0000][161495.995s][info][gc,phases   ] GC(4733)   Evacuate Collection Set: 62.0ms
[2025-01-08T17:17:05.629+0000][161495.995s][info][gc,phases   ] GC(4733)   Post Evacuate Collection Set: 1.7ms
[2025-01-08T17:17:05.629+0000][161495.995s][info][gc,phases   ] GC(4733)   Other: 0.2ms
[2025-01-08T17:17:05.629+0000][161495.995s][info][gc,heap     ] GC(4733) Eden regions: 66->0(917)
[2025-01-08T17:17:05.629+0000][161495.995s][info][gc,heap     ] GC(4733) Survivor regions: 10->4(10)
[2025-01-08T17:17:05.629+0000][161495.995s][info][gc,heap     ] GC(4733) Old regions: 236->236
[2025-01-08T17:17:05.629+0000][161495.995s][info][gc,heap     ] GC(4733) Archive regions: 2->2
[2025-01-08T17:17:05.629+0000][161495.995s][info][gc,heap     ] GC(4733) Humongous regions: 49->49
[2025-01-08T17:17:05.629+0000][161495.995s][info][gc,metaspace] GC(4733) Metaspace: 506347K(515136K)->506347K(515136K) NonClass: 444788K(449152K)->444788K(449152K) Class: 61559K(65984K)->61559K(65984K)
[2025-01-08T17:17:05.629+0000][161495.995s][info][gc          ] GC(4733) Pause Young (Mixed) (G1 Evacuation Pause) 2886M->2314M(12288M) 64.863ms
[2025-01-08T17:17:05.629+0000][161495.995s][info][gc,cpu      ] GC(4733) User=0.38s Sys=0.00s Real=0.06s
[2025-01-08T17:17:11.926+0000][161502.292s][info][gc,start    ] GC(4734) Pause Young (Normal) (G1 Evacuation Pause)
[2025-01-08T17:17:11.926+0000][161502.292s][info][gc,task     ] GC(4734) Using 6 workers of 6 for evacuation
[2025-01-08T17:17:11.956+0000][161502.322s][info][gc,phases   ] GC(4734)   Pre Evacuate Collection Set: 0.2ms
[2025-01-08T17:17:11.956+0000][161502.322s][info][gc,phases   ] GC(4734)   Merge Heap Roots: 0.4ms
[2025-01-08T17:17:11.956+0000][161502.322s][info][gc,phases   ] GC(4734)   Evacuate Collection Set: 27.0ms
[2025-01-08T17:17:11.956+0000][161502.322s][info][gc,phases   ] GC(4734)   Post Evacuate Collection Set: 2.8ms
[2025-01-08T17:17:11.956+0000][161502.322s][info][gc,phases   ] GC(4734)   Other: 0.2ms
[2025-01-08T17:17:11.956+0000][161502.322s][info][gc,heap     ] GC(4734) Eden regions: 917->0(915)
[2025-01-08T17:17:11.956+0000][161502.322s][info][gc,heap     ] GC(4734) Survivor regions: 4->6(116)
[2025-01-08T17:17:11.956+0000][161502.322s][info][gc,heap     ] GC(4734) Old regions: 236->236
[2025-01-08T17:17:11.956+0000][161502.322s][info][gc,heap     ] GC(4734) Archive regions: 2->2
[2025-01-08T17:17:11.956+0000][161502.322s][info][gc,heap     ] GC(4734) Humongous regions: 49->49
[2025-01-08T17:17:11.956+0000][161502.322s][info][gc,metaspace] GC(4734) Metaspace: 506347K(515136K)->506347K(515136K) NonClass: 444788K(449152K)->444788K(449152K) Class: 61559K(65984K)->61559K(65984K)
[2025-01-08T17:17:11.956+0000][161502.322s][info][gc          ] GC(4734) Pause Young (Normal) (G1 Evacuation Pause) 9650M->2331M(12288M) 30.706ms
[2025-01-08T17:17:11.956+0000][161502.322s][info][gc,cpu      ] GC(4734) User=0.18s Sys=0.00s Real=0.03s
[2025-01-08T17:17:22.252+0000][161512.618s][info][gc,start    ] GC(4735) Pause Young (Normal) (G1 Evacuation Pause)
[2025-01-08T17:17:22.252+0000][161512.618s][info][gc,task     ] GC(4735) Using 6 workers of 6 for evacuation
[2025-01-08T17:17:22.284+0000][161512.650s][info][gc,phases   ] GC(4735)   Pre Evacuate Collection Set: 0.2ms
[2025-01-08T17:17:22.284+0000][161512.650s][info][gc,phases   ] GC(4735)   Merge Heap Roots: 0.4ms
[2025-01-08T17:17:22.284+0000][161512.650s][info][gc,phases   ] GC(4735)   Evacuate Collection Set: 28.5ms
[2025-01-08T17:17:22.284+0000][161512.650s][info][gc,phases   ] GC(4735)   Post Evacuate Collection Set: 2.6ms
[2025-01-08T17:17:22.284+0000][161512.650s][info][gc,phases   ] GC(4735)   Other: 0.2ms
[2025-01-08T17:17:22.284+0000][161512.650s][info][gc,heap     ] GC(4735) Eden regions: 915->0(913)
[2025-01-08T17:17:22.284+0000][161512.650s][info][gc,heap     ] GC(4735) Survivor regions: 6->8(116)
[2025-01-08T17:17:22.284+0000][161512.650s][info][gc,heap     ] GC(4735) Old regions: 236->236
[2025-01-08T17:17:22.284+0000][161512.650s][info][gc,heap     ] GC(4735) Archive regions: 2->2
[2025-01-08T17:17:22.284+0000][161512.650s][info][gc,heap     ] GC(4735) Humongous regions: 49->49
[2025-01-08T17:17:22.284+0000][161512.650s][info][gc,metaspace] GC(4735) Metaspace: 506348K(515136K)->506348K(515136K) NonClass: 444789K(449152K)->444789K(449152K) Class: 61559K(65984K)->61559K(65984K)
[2025-01-08T17:17:22.284+0000][161512.650s][info][gc          ] GC(4735) Pause Young (Normal) (G1 Evacuation Pause) 9651M->2343M(12288M) 32.039ms
[2025-01-08T17:17:22.284+0000][161512.650s][info][gc,cpu      ] GC(4735) User=0.19s Sys=0.01s Real=0.03s
[2025-01-08T17:17:32.620+0000][161522.986s][info][gc,start    ] GC(4736) Pause Young (Concurrent Start) (G1 Evacuation Pause)
[2025-01-08T17:17:32.620+0000][161522.986s][info][gc,task     ] GC(4736) Using 6 workers of 6 for evacuation
[2025-01-08T17:17:32.656+0000][161523.022s][info][gc,phases   ] GC(4736)   Pre Evacuate Collection Set: 1.1ms
[2025-01-08T17:17:32.656+0000][161523.022s][info][gc,phases   ] GC(4736)   Merge Heap Roots: 0.5ms
[2025-01-08T17:17:32.656+0000][161523.022s][info][gc,phases   ] GC(4736)   Evacuate Collection Set: 31.6ms
[2025-01-08T17:17:32.656+0000][161523.022s][info][gc,phases   ] GC(4736)   Post Evacuate Collection Set: 2.7ms
[2025-01-08T17:17:32.656+0000][161523.022s][info][gc,phases   ] GC(4736)   Other: 0.3ms
[2025-01-08T17:17:32.656+0000][161523.022s][info][gc,heap     ] GC(4736) Eden regions: 913->0(912)
[2025-01-08T17:17:32.656+0000][161523.022s][info][gc,heap     ] GC(4736) Survivor regions: 8->9(116)
[2025-01-08T17:17:32.656+0000][161523.022s][info][gc,heap     ] GC(4736) Old regions: 236->236
[2025-01-08T17:17:32.656+0000][161523.022s][info][gc,heap     ] GC(4736) Archive regions: 2->2
[2025-01-08T17:17:32.656+0000][161523.022s][info][gc,heap     ] GC(4736) Humongous regions: 49->49
[2025-01-08T17:17:32.656+0000][161523.022s][info][gc,metaspace] GC(4736) Metaspace: 506348K(515136K)->506348K(515136K) NonClass: 444789K(449152K)->444789K(449152K) Class: 61559K(65984K)->61559K(65984K)
[2025-01-08T17:17:32.656+0000][161523.022s][info][gc          ] GC(4736) Pause Young (Concurrent Start) (G1 Evacuation Pause) 9647M->2351M(12288M) 36.209ms
[2025-01-08T17:17:32.656+0000][161523.022s][info][gc,cpu      ] GC(4736) User=0.21s Sys=0.00s Real=0.04s
[2025-01-08T17:17:32.656+0000][161523.022s][info][gc          ] GC(4737) Concurrent Mark Cycle
[2025-01-08T17:17:32.656+0000][161523.022s][info][gc,marking  ] GC(4737) Concurrent Clear Claimed Marks
[2025-01-08T17:17:32.657+0000][161523.023s][info][gc,marking  ] GC(4737) Concurrent Clear Claimed Marks 0.862ms
[2025-01-08T17:17:32.657+0000][161523.023s][info][gc,marking  ] GC(4737) Concurrent Scan Root Regions
[2025-01-08T17:17:32.681+0000][161523.047s][info][gc,marking  ] GC(4737) Concurrent Scan Root Regions 24.181ms
[2025-01-08T17:17:32.681+0000][161523.047s][info][gc,marking  ] GC(4737) Concurrent Mark
[2025-01-08T17:17:32.681+0000][161523.047s][info][gc,marking  ] GC(4737) Concurrent Mark From Roots
[2025-01-08T17:17:32.681+0000][161523.047s][info][gc,task     ] GC(4737) Using 2 workers of 2 for marking
[2025-01-08T17:17:33.483+0000][161523.849s][info][gc,marking  ] GC(4737) Concurrent Mark From Roots 802.140ms
[2025-01-08T17:17:33.483+0000][161523.849s][info][gc,marking  ] GC(4737) Concurrent Preclean
[2025-01-08T17:17:33.486+0000][161523.852s][info][gc,marking  ] GC(4737) Concurrent Preclean 2.493ms
[2025-01-08T17:17:33.486+0000][161523.852s][info][gc,start    ] GC(4737) Pause Remark
[2025-01-08T17:17:33.512+0000][161523.878s][info][gc          ] GC(4737) Pause Remark 2643M->2643M(12288M) 25.991ms
[2025-01-08T17:17:33.512+0000][161523.878s][info][gc,cpu      ] GC(4737) User=0.14s Sys=0.00s Real=0.03s
[2025-01-08T17:17:33.512+0000][161523.878s][info][gc,marking  ] GC(4737) Concurrent Mark 830.934ms
[2025-01-08T17:17:33.512+0000][161523.878s][info][gc,marking  ] GC(4737) Concurrent Rebuild Remembered Sets
[2025-01-08T17:17:34.130+0000][161524.496s][info][gc,marking  ] GC(4737) Concurrent Rebuild Remembered Sets 617.633ms
[2025-01-08T17:17:34.130+0000][161524.496s][info][gc,start    ] GC(4737) Pause Cleanup
[2025-01-08T17:17:34.130+0000][161524.496s][info][gc          ] GC(4737) Pause Cleanup 3239M->3239M(12288M) 0.408ms
[2025-01-08T17:17:34.130+0000][161524.496s][info][gc,cpu      ] GC(4737) User=0.00s Sys=0.00s Real=0.00s
[2025-01-08T17:17:34.130+0000][161524.496s][info][gc,marking  ] GC(4737) Concurrent Cleanup for Next Mark
[2025-01-08T17:17:34.146+0000][161524.512s][info][gc,marking  ] GC(4737) Concurrent Cleanup for Next Mark 15.381ms
[2025-01-08T17:17:34.146+0000][161524.512s][info][gc          ] GC(4737) Concurrent Mark Cycle 1489.803ms
[2025-01-08T17:17:41.131+0000][161531.497s][info][gc,start    ] GC(4738) Pause Young (Prepare Mixed) (G1 Evacuation Pause)
[2025-01-08T17:17:41.131+0000][161531.497s][info][gc,task     ] GC(4738) Using 6 workers of 6 for evacuation
[2025-01-08T17:17:41.169+0000][161531.535s][info][gc,phases   ] GC(4738)   Pre Evacuate Collection Set: 0.2ms
[2025-01-08T17:17:41.169+0000][161531.535s][info][gc,phases   ] GC(4738)   Merge Heap Roots: 0.7ms
[2025-01-08T17:17:41.169+0000][161531.535s][info][gc,phases   ] GC(4738)   Evacuate Collection Set: 34.3ms
[2025-01-08T17:17:41.169+0000][161531.535s][info][gc,phases   ] GC(4738)   Post Evacuate Collection Set: 2.8ms
[2025-01-08T17:17:41.169+0000][161531.535s][info][gc,phases   ] GC(4738)   Other: 0.2ms
[2025-01-08T17:17:41.169+0000][161531.535s][info][gc,heap     ] GC(4738) Eden regions: 912->0(66)
[2025-01-08T17:17:41.169+0000][161531.535s][info][gc,heap     ] GC(4738) Survivor regions: 9->10(116)
[2025-01-08T17:17:41.169+0000][161531.535s][info][gc,heap     ] GC(4738) Old regions: 236->236
[2025-01-08T17:17:41.169+0000][161531.535s][info][gc,heap     ] GC(4738) Archive regions: 2->2
[2025-01-08T17:17:41.169+0000][161531.535s][info][gc,heap     ] GC(4738) Humongous regions: 49->49
[2025-01-08T17:17:41.169+0000][161531.535s][info][gc,metaspace] GC(4738) Metaspace: 506348K(515136K)->506348K(515136K) NonClass: 444789K(449152K)->444789K(449152K) Class: 61559K(65984K)->61559K(65984K)
[2025-01-08T17:17:41.169+0000][161531.535s][info][gc          ] GC(4738) Pause Young (Prepare Mixed) (G1 Evacuation Pause) 9647M->2364M(12288M) 38.280ms
[2025-01-08T17:17:41.169+0000][161531.535s][info][gc,cpu      ] GC(4738) User=0.22s Sys=0.00s Real=0.03s
[2025-01-08T17:17:41.869+0000][161532.235s][info][gc,start    ] GC(4739) Pause Young (Mixed) (G1 Evacuation Pause)
[2025-01-08T17:17:41.869+0000][161532.235s][info][gc,task     ] GC(4739) Using 6 workers of 6 for evacuation
[2025-01-08T17:17:41.955+0000][161532.321s][info][gc,phases   ] GC(4739)   Pre Evacuate Collection Set: 0.2ms
[2025-01-08T17:17:41.955+0000][161532.321s][info][gc,phases   ] GC(4739)   Merge Heap Roots: 1.0ms
[2025-01-08T17:17:41.955+0000][161532.321s][info][gc,phases   ] GC(4739)   Evacuate Collection Set: 81.3ms
[2025-01-08T17:17:41.955+0000][161532.321s][info][gc,phases   ] GC(4739)   Post Evacuate Collection Set: 3.1ms
[2025-01-08T17:17:41.955+0000][161532.321s][info][gc,phases   ] GC(4739)   Other: 0.2ms
[2025-01-08T17:17:41.955+0000][161532.321s][info][gc,heap     ] GC(4739) Eden regions: 66->0(912)
[2025-01-08T17:17:41.955+0000][161532.321s][info][gc,heap     ] GC(4739) Survivor regions: 10->9(10)
[2025-01-08T17:17:41.955+0000][161532.321s][info][gc,heap     ] GC(4739) Old regions: 236->237
[2025-01-08T17:17:41.955+0000][161532.321s][info][gc,heap     ] GC(4739) Archive regions: 2->2
[2025-01-08T17:17:41.955+0000][161532.321s][info][gc,heap     ] GC(4739) Humongous regions: 49->49
[2025-01-08T17:17:41.955+0000][161532.321s][info][gc,metaspace] GC(4739) Metaspace: 506348K(515136K)->506348K(515136K) NonClass: 444789K(449152K)->444789K(449152K) Class: 61559K(65984K)->61559K(65984K)
[2025-01-08T17:17:41.955+0000][161532.321s][info][gc          ] GC(4739) Pause Young (Mixed) (G1 Evacuation Pause) 2892M->2360M(12288M) 85.861ms
[2025-01-08T17:17:41.955+0000][161532.321s][info][gc,cpu      ] GC(4739) User=0.50s Sys=0.00s Real=0.09s
[2025-01-08T17:17:49.490+0000][161539.856s][info][gc,start    ] GC(4740) Pause Young (Normal) (G1 Evacuation Pause)
[2025-01-08T17:17:49.490+0000][161539.856s][info][gc,task     ] GC(4740) Using 6 workers of 6 for evacuation
[2025-01-08T17:17:49.522+0000][161539.888s][info][gc,phases   ] GC(4740)   Pre Evacuate Collection Set: 0.2ms
[2025-01-08T17:17:49.522+0000][161539.888s][info][gc,phases   ] GC(4740)   Merge Heap Roots: 0.5ms
[2025-01-08T17:17:49.522+0000][161539.888s][info][gc,phases   ] GC(4740)   Evacuate Collection Set: 25.6ms
[2025-01-08T17:17:49.522+0000][161539.888s][info][gc,phases   ] GC(4740)   Post Evacuate Collection Set: 5.1ms
[2025-01-08T17:17:49.522+0000][161539.888s][info][gc,phases   ] GC(4740)   Other: 0.2ms
[2025-01-08T17:17:49.522+0000][161539.888s][info][gc,heap     ] GC(4740) Eden regions: 912->0(913)
[2025-01-08T17:17:49.522+0000][161539.888s][info][gc,heap     ] GC(4740) Survivor regions: 9->8(116)
[2025-01-08T17:17:49.522+0000][161539.888s][info][gc,heap     ] GC(4740) Old regions: 237->237
[2025-01-08T17:17:49.522+0000][161539.888s][info][gc,heap     ] GC(4740) Archive regions: 2->2
[2025-01-08T17:17:49.522+0000][161539.888s][info][gc,heap     ] GC(4740) Humongous regions: 49->49
[2025-01-08T17:17:49.522+0000][161539.888s][info][gc,metaspace] GC(4740) Metaspace: 506348K(515136K)->506348K(515136K) NonClass: 444789K(449152K)->444789K(449152K) Class: 61559K(65984K)->61559K(65984K)
[2025-01-08T17:17:49.522+0000][161539.888s][info][gc          ] GC(4740) Pause Young (Normal) (G1 Evacuation Pause) 9656M->2349M(12288M) 31.663ms
[2025-01-08T17:17:49.522+0000][161539.888s][info][gc,cpu      ] GC(4740) User=0.18s Sys=0.00s Real=0.03s
[2025-01-08T17:17:56.786+0000][161547.152s][info][gc,start    ] GC(4741) Pause Young (Normal) (G1 Evacuation Pause)
[2025-01-08T17:17:56.786+0000][161547.152s][info][gc,task     ] GC(4741) Using 6 workers of 6 for evacuation
[2025-01-08T17:17:56.815+0000][161547.181s][info][gc,phases   ] GC(4741)   Pre Evacuate Collection Set: 0.2ms
[2025-01-08T17:17:56.815+0000][161547.181s][info][gc,phases   ] GC(4741)   Merge Heap Roots: 0.4ms
[2025-01-08T17:17:56.815+0000][161547.181s][info][gc,phases   ] GC(4741)   Evacuate Collection Set: 24.1ms
[2025-01-08T17:17:56.815+0000][161547.181s][info][gc,phases   ] GC(4741)   Post Evacuate Collection Set: 3.9ms
[2025-01-08T17:17:56.815+0000][161547.181s][info][gc,phases   ] GC(4741)   Other: 0.2ms
[2025-01-08T17:17:56.815+0000][161547.181s][info][gc,heap     ] GC(4741) Eden regions: 913->0(913)
[2025-01-08T17:17:56.815+0000][161547.181s][info][gc,heap     ] GC(4741) Survivor regions: 8->8(116)
[2025-01-08T17:17:56.815+0000][161547.181s][info][gc,heap     ] GC(4741) Old regions: 237->237
[2025-01-08T17:17:56.815+0000][161547.181s][info][gc,heap     ] GC(4741) Archive regions: 2->2
[2025-01-08T17:17:56.815+0000][161547.181s][info][gc,heap     ] GC(4741) Humongous regions: 49->49
[2025-01-08T17:17:56.815+0000][161547.181s][info][gc,metaspace] GC(4741) Metaspace: 506349K(515136K)->506349K(515136K) NonClass: 444790K(449152K)->444790K(449152K) Class: 61559K(65984K)->61559K(65984K)
[2025-01-08T17:17:56.815+0000][161547.181s][info][gc          ] GC(4741) Pause Young (Normal) (G1 Evacuation Pause) 9653M->2353M(12288M) 28.962ms
[2025-01-08T17:17:56.815+0000][161547.181s][info][gc,cpu      ] GC(4741) User=0.16s Sys=0.00s Real=0.03s
[2025-01-08T17:18:05.869+0000][161556.235s][info][gc,start    ] GC(4742) Pause Young (Concurrent Start) (G1 Evacuation Pause)
[2025-01-08T17:18:05.869+0000][161556.235s][info][gc,task     ] GC(4742) Using 6 workers of 6 for evacuation
[2025-01-08T17:18:05.903+0000][161556.269s][info][gc,phases   ] GC(4742)   Pre Evacuate Collection Set: 1.1ms
[2025-01-08T17:18:05.903+0000][161556.269s][info][gc,phases   ] GC(4742)   Merge Heap Roots: 0.5ms
[2025-01-08T17:18:05.903+0000][161556.269s][info][gc,phases   ] GC(4742)   Evacuate Collection Set: 29.4ms
[2025-01-08T17:18:05.903+0000][161556.269s][info][gc,phases   ] GC(4742)   Post Evacuate Collection Set: 2.7ms
[2025-01-08T17:18:05.903+0000][161556.269s][info][gc,phases   ] GC(4742)   Other: 0.3ms
[2025-01-08T17:18:05.903+0000][161556.269s][info][gc,heap     ] GC(4742) Eden regions: 913->0(912)
[2025-01-08T17:18:05.903+0000][161556.269s][info][gc,heap     ] GC(4742) Survivor regions: 8->9(116)
[2025-01-08T17:18:05.903+0000][161556.269s][info][gc,heap     ] GC(4742) Old regions: 237->237
[2025-01-08T17:18:05.903+0000][161556.269s][info][gc,heap     ] GC(4742) Archive regions: 2->2
[2025-01-08T17:18:05.903+0000][161556.269s][info][gc,heap     ] GC(4742) Humongous regions: 49->49
[2025-01-08T17:18:05.903+0000][161556.269s][info][gc,metaspace] GC(4742) Metaspace: 506351K(515136K)->506351K(515136K) NonClass: 444792K(449152K)->444792K(449152K) Class: 61559K(65984K)->61559K(65984K)
[2025-01-08T17:18:05.903+0000][161556.269s][info][gc          ] GC(4742) Pause Young (Concurrent Start) (G1 Evacuation Pause) 9657M->2361M(12288M) 34.160ms
[2025-01-08T17:18:05.903+0000][161556.269s][info][gc,cpu      ] GC(4742) User=0.19s Sys=0.00s Real=0.04s
[2025-01-08T17:18:05.903+0000][161556.269s][info][gc          ] GC(4743) Concurrent Mark Cycle
[2025-01-08T17:18:05.903+0000][161556.269s][info][gc,marking  ] GC(4743) Concurrent Clear Claimed Marks
[2025-01-08T17:18:05.904+0000][161556.270s][info][gc,marking  ] GC(4743) Concurrent Clear Claimed Marks 0.925ms
[2025-01-08T17:18:05.904+0000][161556.270s][info][gc,marking  ] GC(4743) Concurrent Scan Root Regions
[2025-01-08T17:18:05.927+0000][161556.293s][info][gc,marking  ] GC(4743) Concurrent Scan Root Regions 22.497ms
[2025-01-08T17:18:05.927+0000][161556.293s][info][gc,marking  ] GC(4743) Concurrent Mark
[2025-01-08T17:18:05.927+0000][161556.293s][info][gc,marking  ] GC(4743) Concurrent Mark From Roots
[2025-01-08T17:18:05.927+0000][161556.293s][info][gc,task     ] GC(4743) Using 2 workers of 2 for marking
[2025-01-08T17:18:06.753+0000][161557.119s][info][gc,marking  ] GC(4743) Concurrent Mark From Roots 826.704ms
[2025-01-08T17:18:06.753+0000][161557.119s][info][gc,marking  ] GC(4743) Concurrent Preclean
[2025-01-08T17:18:06.757+0000][161557.123s][info][gc,marking  ] GC(4743) Concurrent Preclean 3.602ms
[2025-01-08T17:18:06.757+0000][161557.123s][info][gc,start    ] GC(4743) Pause Remark
[2025-01-08T17:18:06.784+0000][161557.150s][info][gc          ] GC(4743) Pause Remark 3173M->3173M(12288M) 26.368ms
[2025-01-08T17:18:06.784+0000][161557.150s][info][gc,cpu      ] GC(4743) User=0.15s Sys=0.00s Real=0.03s
[2025-01-08T17:18:06.784+0000][161557.150s][info][gc,marking  ] GC(4743) Concurrent Mark 857.113ms
[2025-01-08T17:18:06.784+0000][161557.150s][info][gc,marking  ] GC(4743) Concurrent Rebuild Remembered Sets
[2025-01-08T17:18:07.408+0000][161557.775s][info][gc,marking  ] GC(4743) Concurrent Rebuild Remembered Sets 624.691ms
[2025-01-08T17:18:07.409+0000][161557.775s][info][gc,start    ] GC(4743) Pause Cleanup
[2025-01-08T17:18:07.409+0000][161557.775s][info][gc          ] GC(4743) Pause Cleanup 3841M->3841M(12288M) 0.458ms
[2025-01-08T17:18:07.409+0000][161557.775s][info][gc,cpu      ] GC(4743) User=0.00s Sys=0.00s Real=0.00s
[2025-01-08T17:18:07.409+0000][161557.775s][info][gc,marking  ] GC(4743) Concurrent Cleanup for Next Mark
[2025-01-08T17:18:07.425+0000][161557.791s][info][gc,marking  ] GC(4743) Concurrent Cleanup for Next Mark 15.633ms
[2025-01-08T17:18:07.425+0000][161557.791s][info][gc          ] GC(4743) Concurrent Mark Cycle 1521.766ms
[2025-01-08T17:18:12.128+0000][161562.494s][info][gc,start    ] GC(4744) Pause Young (Prepare Mixed) (G1 Evacuation Pause)
[2025-01-08T17:18:12.128+0000][161562.494s][info][gc,task     ] GC(4744) Using 6 workers of 6 for evacuation
[2025-01-08T17:18:12.161+0000][161562.527s][info][gc,phases   ] GC(4744)   Pre Evacuate Collection Set: 0.2ms
[2025-01-08T17:18:12.161+0000][161562.527s][info][gc,phases   ] GC(4744)   Merge Heap Roots: 0.7ms
[2025-01-08T17:18:12.161+0000][161562.527s][info][gc,phases   ] GC(4744)   Evacuate Collection Set: 29.2ms
[2025-01-08T17:18:12.161+0000][161562.527s][info][gc,phases   ] GC(4744)   Post Evacuate Collection Set: 2.5ms
[2025-01-08T17:18:12.161+0000][161562.527s][info][gc,phases   ] GC(4744)   Other: 0.2ms
[2025-01-08T17:18:12.161+0000][161562.527s][info][gc,heap     ] GC(4744) Eden regions: 912->0(66)
[2025-01-08T17:18:12.161+0000][161562.527s][info][gc,heap     ] GC(4744) Survivor regions: 9->10(116)
[2025-01-08T17:18:12.161+0000][161562.527s][info][gc,heap     ] GC(4744) Old regions: 237->237
[2025-01-08T17:18:12.161+0000][161562.527s][info][gc,heap     ] GC(4744) Archive regions: 2->2
[2025-01-08T17:18:12.161+0000][161562.527s][info][gc,heap     ] GC(4744) Humongous regions: 49->49
[2025-01-08T17:18:12.161+0000][161562.527s][info][gc,metaspace] GC(4744) Metaspace: 506351K(515136K)->506351K(515136K) NonClass: 444792K(449152K)->444792K(449152K) Class: 61559K(65984K)->61559K(65984K)
[2025-01-08T17:18:12.161+0000][161562.527s][info][gc          ] GC(4744) Pause Young (Prepare Mixed) (G1 Evacuation Pause) 9657M->2367M(12288M) 32.926ms
[2025-01-08T17:18:12.161+0000][161562.527s][info][gc,cpu      ] GC(4744) User=0.19s Sys=0.00s Real=0.03s
[2025-01-08T17:18:12.499+0000][161562.865s][info][gc,start    ] GC(4745) Pause Young (Mixed) (G1 Evacuation Pause)
[2025-01-08T17:18:12.499+0000][161562.865s][info][gc,task     ] GC(4745) Using 6 workers of 6 for evacuation
[2025-01-08T17:18:12.543+0000][161562.909s][info][gc,phases   ] GC(4745)   Pre Evacuate Collection Set: 0.2ms
[2025-01-08T17:18:12.543+0000][161562.909s][info][gc,phases   ] GC(4745)   Merge Heap Roots: 0.5ms
[2025-01-08T17:18:12.543+0000][161562.909s][info][gc,phases   ] GC(4745)   Evacuate Collection Set: 41.7ms
[2025-01-08T17:18:12.543+0000][161562.909s][info][gc,phases   ] GC(4745)   Post Evacuate Collection Set: 1.7ms
[2025-01-08T17:18:12.543+0000][161562.909s][info][gc,phases   ] GC(4745)   Other: 0.2ms
[2025-01-08T17:18:12.543+0000][161562.909s][info][gc,heap     ] GC(4745) Eden regions: 66->0(915)
[2025-01-08T17:18:12.543+0000][161562.909s][info][gc,heap     ] GC(4745) Survivor regions: 10->6(10)
[2025-01-08T17:18:12.543+0000][161562.909s][info][gc,heap     ] GC(4745) Old regions: 237->234
[2025-01-08T17:18:12.543+0000][161562.909s][info][gc,heap     ] GC(4745) Archive regions: 2->2
[2025-01-08T17:18:12.543+0000][161562.909s][info][gc,heap     ] GC(4745) Humongous regions: 49->49
[2025-01-08T17:18:12.543+0000][161562.909s][info][gc,metaspace] GC(4745) Metaspace: 506351K(515136K)->506351K(515136K) NonClass: 444792K(449152K)->444792K(449152K) Class: 61559K(65984K)->61559K(65984K)
[2025-01-08T17:18:12.543+0000][161562.909s][info][gc          ] GC(4745) Pause Young (Mixed) (G1 Evacuation Pause) 2895M->2313M(12288M) 44.302ms
[2025-01-08T17:18:12.543+0000][161562.909s][info][gc,cpu      ] GC(4745) User=0.26s Sys=0.00s Real=0.05s
[2025-01-08T17:18:17.970+0000][161568.336s][info][gc,start    ] GC(4746) Pause Young (Normal) (G1 Evacuation Pause)
[2025-01-08T17:18:17.970+0000][161568.336s][info][gc,task     ] GC(4746) Using 6 workers of 6 for evacuation
[2025-01-08T17:18:17.994+0000][161568.360s][info][gc,phases   ] GC(4746)   Pre Evacuate Collection Set: 0.2ms
[2025-01-08T17:18:17.994+0000][161568.360s][info][gc,phases   ] GC(4746)   Merge Heap Roots: 0.5ms
[2025-01-08T17:18:17.994+0000][161568.360s][info][gc,phases   ] GC(4746)   Evacuate Collection Set: 21.3ms
[2025-01-08T17:18:17.994+0000][161568.360s][info][gc,phases   ] GC(4746)   Post Evacuate Collection Set: 2.4ms
[2025-01-08T17:18:17.994+0000][161568.360s][info][gc,phases   ] GC(4746)   Other: 0.2ms
[2025-01-08T17:18:17.994+0000][161568.360s][info][gc,heap     ] GC(4746) Eden regions: 915->0(914)
[2025-01-08T17:18:17.994+0000][161568.360s][info][gc,heap     ] GC(4746) Survivor regions: 6->7(116)
[2025-01-08T17:18:17.994+0000][161568.360s][info][gc,heap     ] GC(4746) Old regions: 234->234
[2025-01-08T17:18:17.994+0000][161568.360s][info][gc,heap     ] GC(4746) Archive regions: 2->2
[2025-01-08T17:18:17.994+0000][161568.360s][info][gc,heap     ] GC(4746) Humongous regions: 49->49
[2025-01-08T17:18:17.994+0000][161568.360s][info][gc,metaspace] GC(4746) Metaspace: 506351K(515136K)->506351K(515136K) NonClass: 444792K(449152K)->444792K(449152K) Class: 61559K(65984K)->61559K(65984K)
[2025-01-08T17:18:17.994+0000][161568.360s][info][gc          ] GC(4746) Pause Young (Normal) (G1 Evacuation Pause) 9633M->2319M(12288M) 24.699ms
[2025-01-08T17:18:17.994+0000][161568.360s][info][gc,cpu      ] GC(4746) User=0.14s Sys=0.00s Real=0.02s
[2025-01-08T17:18:24.925+0000][161575.291s][info][gc,start    ] GC(4747) Pause Young (Normal) (G1 Evacuation Pause)
[2025-01-08T17:18:24.925+0000][161575.291s][info][gc,task     ] GC(4747) Using 6 workers of 6 for evacuation
[2025-01-08T17:18:24.953+0000][161575.319s][info][gc,phases   ] GC(4747)   Pre Evacuate Collection Set: 0.2ms
[2025-01-08T17:18:24.953+0000][161575.319s][info][gc,phases   ] GC(4747)   Merge Heap Roots: 0.4ms
[2025-01-08T17:18:24.953+0000][161575.319s][info][gc,phases   ] GC(4747)   Evacuate Collection Set: 24.5ms
[2025-01-08T17:18:24.953+0000][161575.319s][info][gc,phases   ] GC(4747)   Post Evacuate Collection Set: 2.5ms
[2025-01-08T17:18:24.953+0000][161575.319s][info][gc,phases   ] GC(4747)   Other: 0.2ms
[2025-01-08T17:18:24.953+0000][161575.319s][info][gc,heap     ] GC(4747) Eden regions: 914->0(913)
[2025-01-08T17:18:24.953+0000][161575.319s][info][gc,heap     ] GC(4747) Survivor regions: 7->8(116)
[2025-01-08T17:18:24.953+0000][161575.319s][info][gc,heap     ] GC(4747) Old regions: 234->234
[2025-01-08T17:18:24.953+0000][161575.319s][info][gc,heap     ] GC(4747) Archive regions: 2->2
[2025-01-08T17:18:24.953+0000][161575.319s][info][gc,heap     ] GC(4747) Humongous regions: 49->49
[2025-01-08T17:18:24.953+0000][161575.319s][info][gc,metaspace] GC(4747) Metaspace: 506351K(515136K)->506351K(515136K) NonClass: 444792K(449152K)->444792K(449152K) Class: 61559K(65984K)->61559K(65984K)
[2025-01-08T17:18:24.953+0000][161575.319s][info][gc          ] GC(4747) Pause Young (Normal) (G1 Evacuation Pause) 9631M->2330M(12288M) 27.891ms
[2025-01-08T17:18:24.953+0000][161575.319s][info][gc,cpu      ] GC(4747) User=0.16s Sys=0.00s Real=0.03s
[2025-01-08T17:18:29.675+0000][161580.041s][info][gc,start    ] GC(4748) Pause Young (Concurrent Start) (G1 Evacuation Pause)
[2025-01-08T17:18:29.675+0000][161580.041s][info][gc,task     ] GC(4748) Using 6 workers of 6 for evacuation
[2025-01-08T17:18:29.705+0000][161580.071s][info][gc,phases   ] GC(4748)   Pre Evacuate Collection Set: 1.1ms
[2025-01-08T17:18:29.705+0000][161580.071s][info][gc,phases   ] GC(4748)   Merge Heap Roots: 0.4ms
[2025-01-08T17:18:29.705+0000][161580.071s][info][gc,phases   ] GC(4748)   Evacuate Collection Set: 25.1ms
[2025-01-08T17:18:29.705+0000][161580.071s][info][gc,phases   ] GC(4748)   Post Evacuate Collection Set: 2.4ms
[2025-01-08T17:18:29.705+0000][161580.071s][info][gc,phases   ] GC(4748)   Other: 0.3ms
[2025-01-08T17:18:29.705+0000][161580.071s][info][gc,heap     ] GC(4748) Eden regions: 913->0(913)
[2025-01-08T17:18:29.705+0000][161580.071s][info][gc,heap     ] GC(4748) Survivor regions: 8->8(116)
[2025-01-08T17:18:29.705+0000][161580.071s][info][gc,heap     ] GC(4748) Old regions: 234->234
[2025-01-08T17:18:29.705+0000][161580.071s][info][gc,heap     ] GC(4748) Archive regions: 2->2
[2025-01-08T17:18:29.705+0000][161580.071s][info][gc,heap     ] GC(4748) Humongous regions: 49->49
[2025-01-08T17:18:29.705+0000][161580.071s][info][gc,metaspace] GC(4748) Metaspace: 506352K(515136K)->506352K(515136K) NonClass: 444792K(449152K)->444792K(449152K) Class: 61559K(65984K)->61559K(65984K)
[2025-01-08T17:18:29.705+0000][161580.071s][info][gc          ] GC(4748) Pause Young (Concurrent Start) (G1 Evacuation Pause) 9634M->2330M(12288M) 29.302ms
[2025-01-08T17:18:29.705+0000][161580.071s][info][gc,cpu      ] GC(4748) User=0.17s Sys=0.00s Real=0.03s
[2025-01-08T17:18:29.705+0000][161580.071s][info][gc          ] GC(4749) Concurrent Mark Cycle
[2025-01-08T17:18:29.705+0000][161580.071s][info][gc,marking  ] GC(4749) Concurrent Clear Claimed Marks
[2025-01-08T17:18:29.706+0000][161580.072s][info][gc,marking  ] GC(4749) Concurrent Clear Claimed Marks 0.949ms
[2025-01-08T17:18:29.706+0000][161580.072s][info][gc,marking  ] GC(4749) Concurrent Scan Root Regions
[2025-01-08T17:18:29.728+0000][161580.094s][info][gc,marking  ] GC(4749) Concurrent Scan Root Regions 21.935ms
[2025-01-08T17:18:29.728+0000][161580.094s][info][gc,marking  ] GC(4749) Concurrent Mark
[2025-01-08T17:18:29.728+0000][161580.094s][info][gc,marking  ] GC(4749) Concurrent Mark From Roots
[2025-01-08T17:18:29.728+0000][161580.094s][info][gc,task     ] GC(4749) Using 2 workers of 2 for marking
[2025-01-08T17:18:30.993+0000][161581.359s][info][gc,marking  ] GC(4749) Concurrent Mark From Roots 1265.379ms
[2025-01-08T17:18:30.993+0000][161581.359s][info][gc,marking  ] GC(4749) Concurrent Preclean
[2025-01-08T17:18:30.997+0000][161581.363s][info][gc,marking  ] GC(4749) Concurrent Preclean 3.432ms
[2025-01-08T17:18:30.997+0000][161581.363s][info][gc,start    ] GC(4749) Pause Remark
[2025-01-08T17:18:31.023+0000][161581.389s][info][gc          ] GC(4749) Pause Remark 4235M->4235M(12288M) 26.451ms
[2025-01-08T17:18:31.023+0000][161581.389s][info][gc,cpu      ] GC(4749) User=0.15s Sys=0.00s Real=0.03s
[2025-01-08T17:18:31.024+0000][161581.390s][info][gc,marking  ] GC(4749) Concurrent Mark 1295.955ms
[2025-01-08T17:18:31.024+0000][161581.390s][info][gc,marking  ] GC(4749) Concurrent Rebuild Remembered Sets
[2025-01-08T17:18:31.571+0000][161581.937s][info][gc,marking  ] GC(4749) Concurrent Rebuild Remembered Sets 547.509ms
[2025-01-08T17:18:31.571+0000][161581.937s][info][gc,start    ] GC(4749) Pause Cleanup
[2025-01-08T17:18:31.572+0000][161581.938s][info][gc          ] GC(4749) Pause Cleanup 5008M->5008M(12288M) 0.410ms
[2025-01-08T17:18:31.572+0000][161581.938s][info][gc,cpu      ] GC(4749) User=0.00s Sys=0.00s Real=0.00s
[2025-01-08T17:18:31.572+0000][161581.938s][info][gc,marking  ] GC(4749) Concurrent Cleanup for Next Mark
[2025-01-08T17:18:31.587+0000][161581.954s][info][gc,marking  ] GC(4749) Concurrent Cleanup for Next Mark 15.656ms
[2025-01-08T17:18:31.588+0000][161581.954s][info][gc          ] GC(4749) Concurrent Mark Cycle 1882.818ms
[2025-01-08T17:18:35.380+0000][161585.746s][info][gc,start    ] GC(4750) Pause Young (Prepare Mixed) (G1 Evacuation Pause)
[2025-01-08T17:18:35.380+0000][161585.746s][info][gc,task     ] GC(4750) Using 6 workers of 6 for evacuation
[2025-01-08T17:18:35.411+0000][161585.777s][info][gc,phases   ] GC(4750)   Pre Evacuate Collection Set: 0.2ms
[2025-01-08T17:18:35.411+0000][161585.777s][info][gc,phases   ] GC(4750)   Merge Heap Roots: 0.7ms
[2025-01-08T17:18:35.411+0000][161585.777s][info][gc,phases   ] GC(4750)   Evacuate Collection Set: 27.5ms
[2025-01-08T17:18:35.411+0000][161585.777s][info][gc,phases   ] GC(4750)   Post Evacuate Collection Set: 2.6ms
[2025-01-08T17:18:35.411+0000][161585.777s][info][gc,phases   ] GC(4750)   Other: 0.2ms
[2025-01-08T17:18:35.411+0000][161585.777s][info][gc,heap     ] GC(4750) Eden regions: 913->0(66)
[2025-01-08T17:18:35.411+0000][161585.777s][info][gc,heap     ] GC(4750) Survivor regions: 8->10(116)
[2025-01-08T17:18:35.411+0000][161585.777s][info][gc,heap     ] GC(4750) Old regions: 234->234
[2025-01-08T17:18:35.411+0000][161585.777s][info][gc,heap     ] GC(4750) Archive regions: 2->2
[2025-01-08T17:18:35.411+0000][161585.777s][info][gc,heap     ] GC(4750) Humongous regions: 49->49
[2025-01-08T17:18:35.411+0000][161585.777s][info][gc,metaspace] GC(4750) Metaspace: 506352K(515136K)->506352K(515136K) NonClass: 444792K(449152K)->444792K(449152K) Class: 61559K(65984K)->61559K(65984K)
[2025-01-08T17:18:35.411+0000][161585.777s][info][gc          ] GC(4750) Pause Young (Prepare Mixed) (G1 Evacuation Pause) 9634M->2340M(12288M) 31.349ms
[2025-01-08T17:18:35.411+0000][161585.777s][info][gc,cpu      ] GC(4750) User=0.19s Sys=0.00s Real=0.04s
[2025-01-08T17:18:35.897+0000][161586.263s][info][gc,start    ] GC(4751) Pause Young (Mixed) (G1 Evacuation Pause)
[2025-01-08T17:18:35.897+0000][161586.263s][info][gc,task     ] GC(4751) Using 6 workers of 6 for evacuation
[2025-01-08T17:18:35.943+0000][161586.309s][info][gc,phases   ] GC(4751)   Pre Evacuate Collection Set: 0.2ms
[2025-01-08T17:18:35.943+0000][161586.309s][info][gc,phases   ] GC(4751)   Merge Heap Roots: 0.4ms
[2025-01-08T17:18:35.943+0000][161586.309s][info][gc,phases   ] GC(4751)   Evacuate Collection Set: 42.9ms
[2025-01-08T17:18:35.943+0000][161586.309s][info][gc,phases   ] GC(4751)   Post Evacuate Collection Set: 1.6ms
[2025-01-08T17:18:35.943+0000][161586.309s][info][gc,phases   ] GC(4751)   Other: 0.2ms
[2025-01-08T17:18:35.943+0000][161586.309s][info][gc,heap     ] GC(4751) Eden regions: 66->0(916)
[2025-01-08T17:18:35.943+0000][161586.309s][info][gc,heap     ] GC(4751) Survivor regions: 10->5(10)
[2025-01-08T17:18:35.943+0000][161586.309s][info][gc,heap     ] GC(4751) Old regions: 234->234
[2025-01-08T17:18:35.943+0000][161586.309s][info][gc,heap     ] GC(4751) Archive regions: 2->2
[2025-01-08T17:18:35.943+0000][161586.309s][info][gc,heap     ] GC(4751) Humongous regions: 49->49
[2025-01-08T17:18:35.943+0000][161586.309s][info][gc,metaspace] GC(4751) Metaspace: 506352K(515136K)->506352K(515136K) NonClass: 444792K(449152K)->444792K(449152K) Class: 61559K(65984K)->61559K(65984K)
[2025-01-08T17:18:35.943+0000][161586.309s][info][gc          ] GC(4751) Pause Young (Mixed) (G1 Evacuation Pause) 2868M->2305M(12288M) 45.402ms
[2025-01-08T17:18:35.943+0000][161586.309s][info][gc,cpu      ] GC(4751) User=0.26s Sys=0.00s Real=0.05s
[2025-01-08T17:18:42.444+0000][161592.810s][info][gc,start    ] GC(4752) Pause Young (Normal) (G1 Evacuation Pause)
[2025-01-08T17:18:42.444+0000][161592.810s][info][gc,task     ] GC(4752) Using 6 workers of 6 for evacuation
[2025-01-08T17:18:42.470+0000][161592.836s][info][gc,phases   ] GC(4752)   Pre Evacuate Collection Set: 0.2ms
[2025-01-08T17:18:42.470+0000][161592.836s][info][gc,phases   ] GC(4752)   Merge Heap Roots: 0.4ms
[2025-01-08T17:18:42.470+0000][161592.836s][info][gc,phases   ] GC(4752)   Evacuate Collection Set: 19.8ms
[2025-01-08T17:18:42.470+0000][161592.836s][info][gc,phases   ] GC(4752)   Post Evacuate Collection Set: 5.1ms
[2025-01-08T17:18:42.470+0000][161592.836s][info][gc,phases   ] GC(4752)   Other: 0.2ms
[2025-01-08T17:18:42.470+0000][161592.836s][info][gc,heap     ] GC(4752) Eden regions: 916->0(913)
[2025-01-08T17:18:42.470+0000][161592.836s][info][gc,heap     ] GC(4752) Survivor regions: 5->8(116)
[2025-01-08T17:18:42.470+0000][161592.836s][info][gc,heap     ] GC(4752) Old regions: 234->234
[2025-01-08T17:18:42.470+0000][161592.836s][info][gc,heap     ] GC(4752) Archive regions: 2->2
[2025-01-08T17:18:42.470+0000][161592.836s][info][gc,heap     ] GC(4752) Humongous regions: 49->49
[2025-01-08T17:18:42.470+0000][161592.836s][info][gc,metaspace] GC(4752) Metaspace: 506352K(515136K)->506352K(515136K) NonClass: 444793K(449152K)->444793K(449152K) Class: 61559K(65984K)->61559K(65984K)
[2025-01-08T17:18:42.470+0000][161592.836s][info][gc          ] GC(4752) Pause Young (Normal) (G1 Evacuation Pause) 9633M->2322M(12288M) 25.803ms
[2025-01-08T17:18:42.470+0000][161592.836s][info][gc,cpu      ] GC(4752) User=0.15s Sys=0.00s Real=0.03s
[2025-01-08T17:18:47.208+0000][161597.574s][info][gc,start    ] GC(4753) Pause Young (Normal) (G1 Evacuation Pause)
[2025-01-08T17:18:47.208+0000][161597.574s][info][gc,task     ] GC(4753) Using 6 workers of 6 for evacuation
[2025-01-08T17:18:47.232+0000][161597.598s][info][gc,phases   ] GC(4753)   Pre Evacuate Collection Set: 0.2ms
[2025-01-08T17:18:47.232+0000][161597.598s][info][gc,phases   ] GC(4753)   Merge Heap Roots: 0.4ms
[2025-01-08T17:18:47.232+0000][161597.598s][info][gc,phases   ] GC(4753)   Evacuate Collection Set: 20.9ms
[2025-01-08T17:18:47.232+0000][161597.598s][info][gc,phases   ] GC(4753)   Post Evacuate Collection Set: 2.5ms
[2025-01-08T17:18:47.232+0000][161597.598s][info][gc,phases   ] GC(4753)   Other: 0.2ms
[2025-01-08T17:18:47.232+0000][161597.598s][info][gc,heap     ] GC(4753) Eden regions: 913->0(914)
[2025-01-08T17:18:47.232+0000][161597.598s][info][gc,heap     ] GC(4753) Survivor regions: 8->7(116)
[2025-01-08T17:18:47.232+0000][161597.598s][info][gc,heap     ] GC(4753) Old regions: 234->234
[2025-01-08T17:18:47.232+0000][161597.598s][info][gc,heap     ] GC(4753) Archive regions: 2->2
[2025-01-08T17:18:47.232+0000][161597.598s][info][gc,heap     ] GC(4753) Humongous regions: 49->49
[2025-01-08T17:18:47.232+0000][161597.598s][info][gc,metaspace] GC(4753) Metaspace: 506352K(515136K)->506352K(515136K) NonClass: 444793K(449152K)->444793K(449152K) Class: 61559K(65984K)->61559K(65984K)
[2025-01-08T17:18:47.232+0000][161597.599s][info][gc          ] GC(4753) Pause Young (Normal) (G1 Evacuation Pause) 9626M->2320M(12288M) 24.261ms
[2025-01-08T17:18:47.232+0000][161597.599s][info][gc,cpu      ] GC(4753) User=0.14s Sys=0.00s Real=0.03s
[2025-01-08T17:18:54.562+0000][161604.928s][info][gc,start    ] GC(4754) Pause Young (Concurrent Start) (G1 Evacuation Pause)
[2025-01-08T17:18:54.562+0000][161604.929s][info][gc,task     ] GC(4754) Using 6 workers of 6 for evacuation
[2025-01-08T17:18:54.596+0000][161604.962s][info][gc,phases   ] GC(4754)   Pre Evacuate Collection Set: 1.0ms
[2025-01-08T17:18:54.596+0000][161604.962s][info][gc,phases   ] GC(4754)   Merge Heap Roots: 0.4ms
[2025-01-08T17:18:54.596+0000][161604.962s][info][gc,phases   ] GC(4754)   Evacuate Collection Set: 28.1ms
[2025-01-08T17:18:54.596+0000][161604.962s][info][gc,phases   ] GC(4754)   Post Evacuate Collection Set: 3.9ms
[2025-01-08T17:18:54.596+0000][161604.962s][info][gc,phases   ] GC(4754)   Other: 0.3ms
[2025-01-08T17:18:54.596+0000][161604.962s][info][gc,heap     ] GC(4754) Eden regions: 914->0(911)
[2025-01-08T17:18:54.596+0000][161604.962s][info][gc,heap     ] GC(4754) Survivor regions: 7->10(116)
[2025-01-08T17:18:54.596+0000][161604.962s][info][gc,heap     ] GC(4754) Old regions: 234->234
[2025-01-08T17:18:54.596+0000][161604.962s][info][gc,heap     ] GC(4754) Archive regions: 2->2
[2025-01-08T17:18:54.596+0000][161604.962s][info][gc,heap     ] GC(4754) Humongous regions: 49->49
[2025-01-08T17:18:54.596+0000][161604.962s][info][gc,metaspace] GC(4754) Metaspace: 506352K(515136K)->506352K(515136K) NonClass: 444793K(449152K)->444793K(449152K) Class: 61559K(65984K)->61559K(65984K)
[2025-01-08T17:18:54.596+0000][161604.962s][info][gc          ] GC(4754) Pause Young (Concurrent Start) (G1 Evacuation Pause) 9632M->2338M(12288M) 33.915ms
[2025-01-08T17:18:54.596+0000][161604.962s][info][gc,cpu      ] GC(4754) User=0.20s Sys=0.00s Real=0.03s
[2025-01-08T17:18:54.596+0000][161604.962s][info][gc          ] GC(4755) Concurrent Mark Cycle
[2025-01-08T17:18:54.596+0000][161604.962s][info][gc,marking  ] GC(4755) Concurrent Clear Claimed Marks
[2025-01-08T17:18:54.597+0000][161604.963s][info][gc,marking  ] GC(4755) Concurrent Clear Claimed Marks 0.858ms
[2025-01-08T17:18:54.597+0000][161604.963s][info][gc,marking  ] GC(4755) Concurrent Scan Root Regions
[2025-01-08T17:18:54.624+0000][161604.990s][info][gc,marking  ] GC(4755) Concurrent Scan Root Regions 27.047ms
[2025-01-08T17:18:54.624+0000][161604.990s][info][gc,marking  ] GC(4755) Concurrent Mark
[2025-01-08T17:18:54.624+0000][161604.990s][info][gc,marking  ] GC(4755) Concurrent Mark From Roots
[2025-01-08T17:18:54.624+0000][161604.990s][info][gc,task     ] GC(4755) Using 2 workers of 2 for marking
[2025-01-08T17:18:55.577+0000][161605.944s][info][gc,marking  ] GC(4755) Concurrent Mark From Roots 953.068ms
[2025-01-08T17:18:55.577+0000][161605.944s][info][gc,marking  ] GC(4755) Concurrent Preclean
[2025-01-08T17:18:55.580+0000][161605.946s][info][gc,marking  ] GC(4755) Concurrent Preclean 2.385ms
[2025-01-08T17:18:55.580+0000][161605.946s][info][gc,start    ] GC(4755) Pause Remark
[2025-01-08T17:18:55.606+0000][161605.972s][info][gc          ] GC(4755) Pause Remark 3510M->3510M(12288M) 26.021ms
[2025-01-08T17:18:55.606+0000][161605.972s][info][gc,cpu      ] GC(4755) User=0.14s Sys=0.00s Real=0.03s
[2025-01-08T17:18:55.606+0000][161605.972s][info][gc,marking  ] GC(4755) Concurrent Mark 981.814ms
[2025-01-08T17:18:55.606+0000][161605.972s][info][gc,marking  ] GC(4755) Concurrent Rebuild Remembered Sets
[2025-01-08T17:18:56.111+0000][161606.477s][info][gc,marking  ] GC(4755) Concurrent Rebuild Remembered Sets 505.151ms
[2025-01-08T17:18:56.111+0000][161606.478s][info][gc,start    ] GC(4755) Pause Cleanup
[2025-01-08T17:18:56.112+0000][161606.478s][info][gc          ] GC(4755) Pause Cleanup 3974M->3974M(12288M) 0.402ms
[2025-01-08T17:18:56.112+0000][161606.478s][info][gc,cpu      ] GC(4755) User=0.00s Sys=0.00s Real=0.00s
[2025-01-08T17:18:56.112+0000][161606.478s][info][gc,marking  ] GC(4755) Concurrent Cleanup for Next Mark
[2025-01-08T17:18:56.128+0000][161606.494s][info][gc,marking  ] GC(4755) Concurrent Cleanup for Next Mark 15.676ms
[2025-01-08T17:18:56.128+0000][161606.494s][info][gc          ] GC(4755) Concurrent Mark Cycle 1531.320ms
[2025-01-08T17:19:03.881+0000][161614.247s][info][gc,start    ] GC(4756) Pause Young (Prepare Mixed) (G1 Evacuation Pause)
[2025-01-08T17:19:03.881+0000][161614.247s][info][gc,task     ] GC(4756) Using 6 workers of 6 for evacuation
[2025-01-08T17:19:03.918+0000][161614.284s][info][gc,phases   ] GC(4756)   Pre Evacuate Collection Set: 0.2ms
[2025-01-08T17:19:03.918+0000][161614.284s][info][gc,phases   ] GC(4756)   Merge Heap Roots: 0.7ms
[2025-01-08T17:19:03.918+0000][161614.284s][info][gc,phases   ] GC(4756)   Evacuate Collection Set: 32.5ms
[2025-01-08T17:19:03.918+0000][161614.284s][info][gc,phases   ] GC(4756)   Post Evacuate Collection Set: 3.3ms
[2025-01-08T17:19:03.918+0000][161614.284s][info][gc,phases   ] GC(4756)   Other: 0.2ms
[2025-01-08T17:19:03.918+0000][161614.284s][info][gc,heap     ] GC(4756) Eden regions: 911->0(66)
[2025-01-08T17:19:03.918+0000][161614.284s][info][gc,heap     ] GC(4756) Survivor regions: 10->10(116)
[2025-01-08T17:19:03.918+0000][161614.284s][info][gc,heap     ] GC(4756) Old regions: 234->234
[2025-01-08T17:19:03.918+0000][161614.284s][info][gc,heap     ] GC(4756) Archive regions: 2->2
[2025-01-08T17:19:03.918+0000][161614.284s][info][gc,heap     ] GC(4756) Humongous regions: 49->49
[2025-01-08T17:19:03.918+0000][161614.284s][info][gc,metaspace] GC(4756) Metaspace: 506352K(515136K)->506352K(515136K) NonClass: 444793K(449152K)->444793K(449152K) Class: 61559K(65984K)->61559K(65984K)
[2025-01-08T17:19:03.918+0000][161614.284s][info][gc          ] GC(4756) Pause Young (Prepare Mixed) (G1 Evacuation Pause) 9626M->2343M(12288M) 36.958ms
[2025-01-08T17:19:03.918+0000][161614.284s][info][gc,cpu      ] GC(4756) User=0.21s Sys=0.00s Real=0.04s
[2025-01-08T17:19:04.675+0000][161615.041s][info][gc,start    ] GC(4757) Pause Young (Mixed) (G1 Evacuation Pause)
[2025-01-08T17:19:04.675+0000][161615.041s][info][gc,task     ] GC(4757) Using 6 workers of 6 for evacuation
[2025-01-08T17:19:04.743+0000][161615.109s][info][gc,phases   ] GC(4757)   Pre Evacuate Collection Set: 0.2ms
[2025-01-08T17:19:04.743+0000][161615.109s][info][gc,phases   ] GC(4757)   Merge Heap Roots: 0.8ms
[2025-01-08T17:19:04.743+0000][161615.109s][info][gc,phases   ] GC(4757)   Evacuate Collection Set: 64.9ms
[2025-01-08T17:19:04.743+0000][161615.109s][info][gc,phases   ] GC(4757)   Post Evacuate Collection Set: 1.8ms
[2025-01-08T17:19:04.743+0000][161615.109s][info][gc,phases   ] GC(4757)   Other: 0.2ms
[2025-01-08T17:19:04.743+0000][161615.109s][info][gc,heap     ] GC(4757) Eden regions: 66->0(915)
[2025-01-08T17:19:04.743+0000][161615.109s][info][gc,heap     ] GC(4757) Survivor regions: 10->6(10)
[2025-01-08T17:19:04.743+0000][161615.109s][info][gc,heap     ] GC(4757) Old regions: 234->234
[2025-01-08T17:19:04.743+0000][161615.109s][info][gc,heap     ] GC(4757) Archive regions: 2->2
[2025-01-08T17:19:04.743+0000][161615.109s][info][gc,heap     ] GC(4757) Humongous regions: 49->49
[2025-01-08T17:19:04.743+0000][161615.109s][info][gc,metaspace] GC(4757) Metaspace: 506352K(515136K)->506352K(515136K) NonClass: 444793K(449152K)->444793K(449152K) Class: 61559K(65984K)->61559K(65984K)
[2025-01-08T17:19:04.743+0000][161615.109s][info][gc          ] GC(4757) Pause Young (Mixed) (G1 Evacuation Pause) 2871M->2311M(12288M) 67.988ms
[2025-01-08T17:19:04.743+0000][161615.109s][info][gc,cpu      ] GC(4757) User=0.38s Sys=0.00s Real=0.07s
[2025-01-08T17:19:15.465+0000][161625.831s][info][gc,start    ] GC(4758) Pause Young (Normal) (G1 Evacuation Pause)
[2025-01-08T17:19:15.465+0000][161625.831s][info][gc,task     ] GC(4758) Using 6 workers of 6 for evacuation
[2025-01-08T17:19:15.494+0000][161625.861s][info][gc,phases   ] GC(4758)   Pre Evacuate Collection Set: 0.2ms
[2025-01-08T17:19:15.495+0000][161625.861s][info][gc,phases   ] GC(4758)   Merge Heap Roots: 0.5ms
[2025-01-08T17:19:15.495+0000][161625.861s][info][gc,phases   ] GC(4758)   Evacuate Collection Set: 25.9ms
[2025-01-08T17:19:15.495+0000][161625.861s][info][gc,phases   ] GC(4758)   Post Evacuate Collection Set: 2.6ms
[2025-01-08T17:19:15.495+0000][161625.861s][info][gc,phases   ] GC(4758)   Other: 0.2ms
[2025-01-08T17:19:15.495+0000][161625.861s][info][gc,heap     ] GC(4758) Eden regions: 915->0(914)
[2025-01-08T17:19:15.495+0000][161625.861s][info][gc,heap     ] GC(4758) Survivor regions: 6->7(116)
[2025-01-08T17:19:15.495+0000][161625.861s][info][gc,heap     ] GC(4758) Old regions: 234->234
[2025-01-08T17:19:15.495+0000][161625.861s][info][gc,heap     ] GC(4758) Archive regions: 2->2
[2025-01-08T17:19:15.495+0000][161625.861s][info][gc,heap     ] GC(4758) Humongous regions: 49->49
[2025-01-08T17:19:15.495+0000][161625.861s][info][gc,metaspace] GC(4758) Metaspace: 506353K(515136K)->506353K(515136K) NonClass: 444794K(449152K)->444794K(449152K) Class: 61559K(65984K)->61559K(65984K)
[2025-01-08T17:19:15.495+0000][161625.861s][info][gc          ] GC(4758) Pause Young (Normal) (G1 Evacuation Pause) 9631M->2322M(12288M) 29.490ms
[2025-01-08T17:19:15.495+0000][161625.861s][info][gc,cpu      ] GC(4758) User=0.17s Sys=0.00s Real=0.03s
[2025-01-08T17:19:25.647+0000][161636.013s][info][gc,start    ] GC(4759) Pause Young (Normal) (G1 Evacuation Pause)
[2025-01-08T17:19:25.647+0000][161636.013s][info][gc,task     ] GC(4759) Using 6 workers of 6 for evacuation
[2025-01-08T17:19:25.676+0000][161636.042s][info][gc,phases   ] GC(4759)   Pre Evacuate Collection Set: 0.2ms
[2025-01-08T17:19:25.676+0000][161636.042s][info][gc,phases   ] GC(4759)   Merge Heap Roots: 0.4ms
[2025-01-08T17:19:25.676+0000][161636.042s][info][gc,phases   ] GC(4759)   Evacuate Collection Set: 26.0ms
[2025-01-08T17:19:25.676+0000][161636.042s][info][gc,phases   ] GC(4759)   Post Evacuate Collection Set: 2.5ms
[2025-01-08T17:19:25.676+0000][161636.042s][info][gc,phases   ] GC(4759)   Other: 0.2ms
[2025-01-08T17:19:25.676+0000][161636.042s][info][gc,heap     ] GC(4759) Eden regions: 914->0(914)
[2025-01-08T17:19:25.676+0000][161636.042s][info][gc,heap     ] GC(4759) Survivor regions: 7->7(116)
[2025-01-08T17:19:25.676+0000][161636.042s][info][gc,heap     ] GC(4759) Old regions: 234->234
[2025-01-08T17:19:25.676+0000][161636.042s][info][gc,heap     ] GC(4759) Archive regions: 2->2
[2025-01-08T17:19:25.676+0000][161636.042s][info][gc,heap     ] GC(4759) Humongous regions: 49->49
[2025-01-08T17:19:25.676+0000][161636.042s][info][gc,metaspace] GC(4759) Metaspace: 506353K(515136K)->506353K(515136K) NonClass: 444794K(449152K)->444794K(449152K) Class: 61559K(65984K)->61559K(65984K)
[2025-01-08T17:19:25.676+0000][161636.042s][info][gc          ] GC(4759) Pause Young (Normal) (G1 Evacuation Pause) 9634M->2322M(12288M) 29.364ms
[2025-01-08T17:19:25.676+0000][161636.042s][info][gc,cpu      ] GC(4759) User=0.16s Sys=0.01s Real=0.03s
[2025-01-08T17:19:35.805+0000][161646.171s][info][gc,start    ] GC(4760) Pause Young (Concurrent Start) (G1 Evacuation Pause)
[2025-01-08T17:19:35.805+0000][161646.171s][info][gc,task     ] GC(4760) Using 6 workers of 6 for evacuation
[2025-01-08T17:19:35.843+0000][161646.209s][info][gc,phases   ] GC(4760)   Pre Evacuate Collection Set: 1.1ms
[2025-01-08T17:19:35.843+0000][161646.209s][info][gc,phases   ] GC(4760)   Merge Heap Roots: 0.5ms
[2025-01-08T17:19:35.843+0000][161646.209s][info][gc,phases   ] GC(4760)   Evacuate Collection Set: 32.3ms
[2025-01-08T17:19:35.843+0000][161646.209s][info][gc,phases   ] GC(4760)   Post Evacuate Collection Set: 4.0ms
[2025-01-08T17:19:35.843+0000][161646.209s][info][gc,phases   ] GC(4760)   Other: 0.3ms
[2025-01-08T17:19:35.843+0000][161646.209s][info][gc,heap     ] GC(4760) Eden regions: 914->0(910)
[2025-01-08T17:19:35.843+0000][161646.209s][info][gc,heap     ] GC(4760) Survivor regions: 7->11(116)
[2025-01-08T17:19:35.843+0000][161646.209s][info][gc,heap     ] GC(4760) Old regions: 234->234
[2025-01-08T17:19:35.843+0000][161646.209s][info][gc,heap     ] GC(4760) Archive regions: 2->2
[2025-01-08T17:19:35.843+0000][161646.209s][info][gc,heap     ] GC(4760) Humongous regions: 49->49
[2025-01-08T17:19:35.843+0000][161646.209s][info][gc,metaspace] GC(4760) Metaspace: 506353K(515136K)->506353K(515136K) NonClass: 444794K(449152K)->444794K(449152K) Class: 61559K(65984K)->61559K(65984K)
[2025-01-08T17:19:35.843+0000][161646.209s][info][gc          ] GC(4760) Pause Young (Concurrent Start) (G1 Evacuation Pause) 9634M->2353M(12288M) 38.154ms
[2025-01-08T17:19:35.843+0000][161646.209s][info][gc,cpu      ] GC(4760) User=0.21s Sys=0.00s Real=0.04s
[2025-01-08T17:19:35.843+0000][161646.209s][info][gc          ] GC(4761) Concurrent Mark Cycle
[2025-01-08T17:19:35.843+0000][161646.209s][info][gc,marking  ] GC(4761) Concurrent Clear Claimed Marks
[2025-01-08T17:19:35.844+0000][161646.210s][info][gc,marking  ] GC(4761) Concurrent Clear Claimed Marks 0.866ms
[2025-01-08T17:19:35.844+0000][161646.210s][info][gc,marking  ] GC(4761) Concurrent Scan Root Regions
[2025-01-08T17:19:35.876+0000][161646.242s][info][gc,marking  ] GC(4761) Concurrent Scan Root Regions 31.956ms
[2025-01-08T17:19:35.876+0000][161646.242s][info][gc,marking  ] GC(4761) Concurrent Mark
[2025-01-08T17:19:35.876+0000][161646.242s][info][gc,marking  ] GC(4761) Concurrent Mark From Roots
[2025-01-08T17:19:35.876+0000][161646.242s][info][gc,task     ] GC(4761) Using 2 workers of 2 for marking
[2025-01-08T17:19:36.808+0000][161647.174s][info][gc,marking  ] GC(4761) Concurrent Mark From Roots 932.053ms
[2025-01-08T17:19:36.808+0000][161647.174s][info][gc,marking  ] GC(4761) Concurrent Preclean
[2025-01-08T17:19:36.811+0000][161647.177s][info][gc,marking  ] GC(4761) Concurrent Preclean 2.971ms
[2025-01-08T17:19:36.811+0000][161647.177s][info][gc,start    ] GC(4761) Pause Remark
[2025-01-08T17:19:36.837+0000][161647.203s][info][gc          ] GC(4761) Pause Remark 3394M->3394M(12288M) 25.677ms
[2025-01-08T17:19:36.837+0000][161647.203s][info][gc,cpu      ] GC(4761) User=0.15s Sys=0.01s Real=0.02s
[2025-01-08T17:19:36.837+0000][161647.203s][info][gc,marking  ] GC(4761) Concurrent Mark 961.023ms
[2025-01-08T17:19:36.837+0000][161647.203s][info][gc,marking  ] GC(4761) Concurrent Rebuild Remembered Sets
[2025-01-08T17:19:37.492+0000][161647.858s][info][gc,marking  ] GC(4761) Concurrent Rebuild Remembered Sets 655.445ms
[2025-01-08T17:19:37.492+0000][161647.859s][info][gc,start    ] GC(4761) Pause Cleanup
[2025-01-08T17:19:37.493+0000][161647.859s][info][gc          ] GC(4761) Pause Cleanup 4289M->4289M(12288M) 0.396ms
[2025-01-08T17:19:37.493+0000][161647.859s][info][gc,cpu      ] GC(4761) User=0.00s Sys=0.00s Real=0.00s
[2025-01-08T17:19:37.493+0000][161647.859s][info][gc,marking  ] GC(4761) Concurrent Cleanup for Next Mark
[2025-01-08T17:19:37.508+0000][161647.875s][info][gc,marking  ] GC(4761) Concurrent Cleanup for Next Mark 15.491ms
[2025-01-08T17:19:37.508+0000][161647.875s][info][gc          ] GC(4761) Concurrent Mark Cycle 1665.561ms
[2025-01-08T17:19:43.299+0000][161653.665s][info][gc,start    ] GC(4762) Pause Young (Prepare Mixed) (G1 Evacuation Pause)
[2025-01-08T17:19:43.299+0000][161653.665s][info][gc,task     ] GC(4762) Using 6 workers of 6 for evacuation
[2025-01-08T17:19:43.337+0000][161653.703s][info][gc,phases   ] GC(4762)   Pre Evacuate Collection Set: 0.2ms
[2025-01-08T17:19:43.337+0000][161653.703s][info][gc,phases   ] GC(4762)   Merge Heap Roots: 0.7ms
[2025-01-08T17:19:43.337+0000][161653.703s][info][gc,phases   ] GC(4762)   Evacuate Collection Set: 32.8ms
[2025-01-08T17:19:43.337+0000][161653.703s][info][gc,phases   ] GC(4762)   Post Evacuate Collection Set: 4.1ms
[2025-01-08T17:19:43.337+0000][161653.703s][info][gc,phases   ] GC(4762)   Other: 0.2ms
[2025-01-08T17:19:43.337+0000][161653.703s][info][gc,heap     ] GC(4762) Eden regions: 910->0(64)
[2025-01-08T17:19:43.337+0000][161653.703s][info][gc,heap     ] GC(4762) Survivor regions: 11->12(116)
[2025-01-08T17:19:43.337+0000][161653.703s][info][gc,heap     ] GC(4762) Old regions: 234->234
[2025-01-08T17:19:43.337+0000][161653.703s][info][gc,heap     ] GC(4762) Archive regions: 2->2
[2025-01-08T17:19:43.337+0000][161653.703s][info][gc,heap     ] GC(4762) Humongous regions: 49->49
[2025-01-08T17:19:43.337+0000][161653.703s][info][gc,metaspace] GC(4762) Metaspace: 506353K(515136K)->506353K(515136K) NonClass: 444794K(449152K)->444794K(449152K) Class: 61559K(65984K)->61559K(65984K)
[2025-01-08T17:19:43.337+0000][161653.703s][info][gc          ] GC(4762) Pause Young (Prepare Mixed) (G1 Evacuation Pause) 9633M->2357M(12288M) 38.086ms
[2025-01-08T17:19:43.337+0000][161653.703s][info][gc,cpu      ] GC(4762) User=0.21s Sys=0.01s Real=0.04s
[2025-01-08T17:19:44.100+0000][161654.466s][info][gc,start    ] GC(4763) Pause Young (Mixed) (G1 Evacuation Pause)
[2025-01-08T17:19:44.100+0000][161654.466s][info][gc,task     ] GC(4763) Using 6 workers of 6 for evacuation
[2025-01-08T17:19:44.162+0000][161654.528s][info][gc,phases   ] GC(4763)   Pre Evacuate Collection Set: 0.2ms
[2025-01-08T17:19:44.162+0000][161654.528s][info][gc,phases   ] GC(4763)   Merge Heap Roots: 0.7ms
[2025-01-08T17:19:44.162+0000][161654.528s][info][gc,phases   ] GC(4763)   Evacuate Collection Set: 59.6ms
[2025-01-08T17:19:44.162+0000][161654.528s][info][gc,phases   ] GC(4763)   Post Evacuate Collection Set: 1.7ms
[2025-01-08T17:19:44.162+0000][161654.528s][info][gc,phases   ] GC(4763)   Other: 0.2ms
[2025-01-08T17:19:44.162+0000][161654.528s][info][gc,heap     ] GC(4763) Eden regions: 64->0(916)
[2025-01-08T17:19:44.162+0000][161654.528s][info][gc,heap     ] GC(4763) Survivor regions: 12->5(10)
[2025-01-08T17:19:44.162+0000][161654.528s][info][gc,heap     ] GC(4763) Old regions: 234->236
[2025-01-08T17:19:44.162+0000][161654.528s][info][gc,heap     ] GC(4763) Archive regions: 2->2
[2025-01-08T17:19:44.162+0000][161654.528s][info][gc,heap     ] GC(4763) Humongous regions: 49->49
[2025-01-08T17:19:44.162+0000][161654.529s][info][gc,metaspace] GC(4763) Metaspace: 506353K(515136K)->506353K(515136K) NonClass: 444794K(449152K)->444794K(449152K) Class: 61559K(65984K)->61559K(65984K)
[2025-01-08T17:19:44.162+0000][161654.529s][info][gc          ] GC(4763) Pause Young (Mixed) (G1 Evacuation Pause) 2869M->2322M(12288M) 62.406ms
[2025-01-08T17:19:44.162+0000][161654.529s][info][gc,cpu      ] GC(4763) User=0.36s Sys=0.00s Real=0.07s
[2025-01-08T17:19:53.423+0000][161663.789s][info][gc,start    ] GC(4764) Pause Young (Normal) (G1 Evacuation Pause)
[2025-01-08T17:19:53.423+0000][161663.789s][info][gc,task     ] GC(4764) Using 6 workers of 6 for evacuation
[2025-01-08T17:19:53.449+0000][161663.815s][info][gc,phases   ] GC(4764)   Pre Evacuate Collection Set: 0.2ms
[2025-01-08T17:19:53.449+0000][161663.815s][info][gc,phases   ] GC(4764)   Merge Heap Roots: 0.4ms
[2025-01-08T17:19:53.449+0000][161663.815s][info][gc,phases   ] GC(4764)   Evacuate Collection Set: 21.2ms
[2025-01-08T17:19:53.449+0000][161663.815s][info][gc,phases   ] GC(4764)   Post Evacuate Collection Set: 3.9ms
[2025-01-08T17:19:53.449+0000][161663.815s][info][gc,phases   ] GC(4764)   Other: 0.2ms
[2025-01-08T17:19:53.449+0000][161663.815s][info][gc,heap     ] GC(4764) Eden regions: 916->0(914)
[2025-01-08T17:19:53.449+0000][161663.815s][info][gc,heap     ] GC(4764) Survivor regions: 5->7(116)
[2025-01-08T17:19:53.449+0000][161663.815s][info][gc,heap     ] GC(4764) Old regions: 236->236
[2025-01-08T17:19:53.449+0000][161663.815s][info][gc,heap     ] GC(4764) Archive regions: 2->2
[2025-01-08T17:19:53.449+0000][161663.815s][info][gc,heap     ] GC(4764) Humongous regions: 49->49
[2025-01-08T17:19:53.449+0000][161663.815s][info][gc,metaspace] GC(4764) Metaspace: 506353K(515136K)->506353K(515136K) NonClass: 444794K(449152K)->444794K(449152K) Class: 61559K(65984K)->61559K(65984K)
[2025-01-08T17:19:53.449+0000][161663.815s][info][gc          ] GC(4764) Pause Young (Normal) (G1 Evacuation Pause) 9650M->2340M(12288M) 26.099ms
[2025-01-08T17:19:53.449+0000][161663.815s][info][gc,cpu      ] GC(4764) User=0.15s Sys=0.00s Real=0.02s
[2025-01-08T17:20:02.353+0000][161672.719s][info][gc,start    ] GC(4765) Pause Young (Normal) (G1 Evacuation Pause)
[2025-01-08T17:20:02.353+0000][161672.719s][info][gc,task     ] GC(4765) Using 6 workers of 6 for evacuation
[2025-01-08T17:20:02.383+0000][161672.749s][info][gc,phases   ] GC(4765)   Pre Evacuate Collection Set: 0.2ms
[2025-01-08T17:20:02.383+0000][161672.749s][info][gc,phases   ] GC(4765)   Merge Heap Roots: 0.5ms
[2025-01-08T17:20:02.383+0000][161672.749s][info][gc,phases   ] GC(4765)   Evacuate Collection Set: 26.4ms
[2025-01-08T17:20:02.383+0000][161672.749s][info][gc,phases   ] GC(4765)   Post Evacuate Collection Set: 2.6ms
[2025-01-08T17:20:02.383+0000][161672.749s][info][gc,phases   ] GC(4765)   Other: 0.2ms
[2025-01-08T17:20:02.383+0000][161672.749s][info][gc,heap     ] GC(4765) Eden regions: 914->0(913)
[2025-01-08T17:20:02.383+0000][161672.749s][info][gc,heap     ] GC(4765) Survivor regions: 7->8(116)
[2025-01-08T17:20:02.383+0000][161672.749s][info][gc,heap     ] GC(4765) Old regions: 236->236
[2025-01-08T17:20:02.383+0000][161672.749s][info][gc,heap     ] GC(4765) Archive regions: 2->2
[2025-01-08T17:20:02.383+0000][161672.749s][info][gc,heap     ] GC(4765) Humongous regions: 49->49
[2025-01-08T17:20:02.383+0000][161672.749s][info][gc,metaspace] GC(4765) Metaspace: 506356K(515136K)->506356K(515136K) NonClass: 444797K(449152K)->444797K(449152K) Class: 61559K(65984K)->61559K(65984K)
[2025-01-08T17:20:02.383+0000][161672.749s][info][gc          ] GC(4765) Pause Young (Normal) (G1 Evacuation Pause) 9652M->2347M(12288M) 29.988ms
[2025-01-08T17:20:02.383+0000][161672.749s][info][gc,cpu      ] GC(4765) User=0.17s Sys=0.00s Real=0.03s
[2025-01-08T17:20:09.260+0000][161679.626s][info][gc,start    ] GC(4766) Pause Young (Concurrent Start) (G1 Evacuation Pause)
[2025-01-08T17:20:09.260+0000][161679.626s][info][gc,task     ] GC(4766) Using 6 workers of 6 for evacuation
[2025-01-08T17:20:09.294+0000][161679.660s][info][gc,phases   ] GC(4766)   Pre Evacuate Collection Set: 1.0ms
[2025-01-08T17:20:09.294+0000][161679.660s][info][gc,phases   ] GC(4766)   Merge Heap Roots: 0.5ms
[2025-01-08T17:20:09.294+0000][161679.660s][info][gc,phases   ] GC(4766)   Evacuate Collection Set: 29.4ms
[2025-01-08T17:20:09.294+0000][161679.660s][info][gc,phases   ] GC(4766)   Post Evacuate Collection Set: 2.9ms
[2025-01-08T17:20:09.294+0000][161679.660s][info][gc,phases   ] GC(4766)   Other: 0.3ms
[2025-01-08T17:20:09.294+0000][161679.660s][info][gc,heap     ] GC(4766) Eden regions: 913->0(912)
[2025-01-08T17:20:09.294+0000][161679.660s][info][gc,heap     ] GC(4766) Survivor regions: 8->9(116)
[2025-01-08T17:20:09.294+0000][161679.660s][info][gc,heap     ] GC(4766) Old regions: 236->236
[2025-01-08T17:20:09.294+0000][161679.660s][info][gc,heap     ] GC(4766) Archive regions: 2->2
[2025-01-08T17:20:09.294+0000][161679.660s][info][gc,heap     ] GC(4766) Humongous regions: 49->49
[2025-01-08T17:20:09.294+0000][161679.660s][info][gc,metaspace] GC(4766) Metaspace: 506356K(515136K)->506356K(515136K) NonClass: 444797K(449152K)->444797K(449152K) Class: 61559K(65984K)->61559K(65984K)
[2025-01-08T17:20:09.294+0000][161679.660s][info][gc          ] GC(4766) Pause Young (Concurrent Start) (G1 Evacuation Pause) 9651M->2354M(12288M) 34.221ms
[2025-01-08T17:20:09.294+0000][161679.660s][info][gc,cpu      ] GC(4766) User=0.20s Sys=0.00s Real=0.04s
[2025-01-08T17:20:09.294+0000][161679.660s][info][gc          ] GC(4767) Concurrent Mark Cycle
[2025-01-08T17:20:09.294+0000][161679.660s][info][gc,marking  ] GC(4767) Concurrent Clear Claimed Marks
[2025-01-08T17:20:09.295+0000][161679.661s][info][gc,marking  ] GC(4767) Concurrent Clear Claimed Marks 0.995ms
[2025-01-08T17:20:09.295+0000][161679.661s][info][gc,marking  ] GC(4767) Concurrent Scan Root Regions
[2025-01-08T17:20:09.328+0000][161679.694s][info][gc,marking  ] GC(4767) Concurrent Scan Root Regions 32.866ms
[2025-01-08T17:20:09.328+0000][161679.694s][info][gc,marking  ] GC(4767) Concurrent Mark
[2025-01-08T17:20:09.328+0000][161679.694s][info][gc,marking  ] GC(4767) Concurrent Mark From Roots
[2025-01-08T17:20:09.328+0000][161679.694s][info][gc,task     ] GC(4767) Using 2 workers of 2 for marking
[2025-01-08T17:20:10.344+0000][161680.711s][info][gc,marking  ] GC(4767) Concurrent Mark From Roots 1016.608ms
[2025-01-08T17:20:10.344+0000][161680.711s][info][gc,marking  ] GC(4767) Concurrent Preclean
[2025-01-08T17:20:10.348+0000][161680.714s][info][gc,marking  ] GC(4767) Concurrent Preclean 3.098ms
[2025-01-08T17:20:10.348+0000][161680.714s][info][gc,start    ] GC(4767) Pause Remark
[2025-01-08T17:20:10.376+0000][161680.742s][info][gc          ] GC(4767) Pause Remark 3714M->3714M(12288M) 28.380ms
[2025-01-08T17:20:10.376+0000][161680.742s][info][gc,cpu      ] GC(4767) User=0.17s Sys=0.00s Real=0.03s
[2025-01-08T17:20:10.376+0000][161680.742s][info][gc,marking  ] GC(4767) Concurrent Mark 1048.459ms
[2025-01-08T17:20:10.376+0000][161680.742s][info][gc,marking  ] GC(4767) Concurrent Rebuild Remembered Sets
[2025-01-08T17:20:10.875+0000][161681.241s][info][gc,marking  ] GC(4767) Concurrent Rebuild Remembered Sets 498.325ms
[2025-01-08T17:20:10.875+0000][161681.241s][info][gc,start    ] GC(4767) Pause Cleanup
[2025-01-08T17:20:10.875+0000][161681.241s][info][gc          ] GC(4767) Pause Cleanup 3994M->3994M(12288M) 0.404ms
[2025-01-08T17:20:10.875+0000][161681.241s][info][gc,cpu      ] GC(4767) User=0.00s Sys=0.00s Real=0.00s
[2025-01-08T17:20:10.875+0000][161681.241s][info][gc,marking  ] GC(4767) Concurrent Cleanup for Next Mark
[2025-01-08T17:20:10.891+0000][161681.257s][info][gc,marking  ] GC(4767) Concurrent Cleanup for Next Mark 15.505ms
[2025-01-08T17:20:10.891+0000][161681.257s][info][gc          ] GC(4767) Concurrent Mark Cycle 1596.934ms
[2025-01-08T17:20:19.307+0000][161689.673s][info][gc,start    ] GC(4768) Pause Young (Prepare Mixed) (G1 Evacuation Pause)
[2025-01-08T17:20:19.307+0000][161689.673s][info][gc,task     ] GC(4768) Using 6 workers of 6 for evacuation
[2025-01-08T17:20:19.347+0000][161689.713s][info][gc,phases   ] GC(4768)   Pre Evacuate Collection Set: 0.2ms
[2025-01-08T17:20:19.347+0000][161689.713s][info][gc,phases   ] GC(4768)   Merge Heap Roots: 0.9ms
[2025-01-08T17:20:19.347+0000][161689.713s][info][gc,phases   ] GC(4768)   Evacuate Collection Set: 36.4ms
[2025-01-08T17:20:19.347+0000][161689.713s][info][gc,phases   ] GC(4768)   Post Evacuate Collection Set: 2.8ms
[2025-01-08T17:20:19.347+0000][161689.713s][info][gc,phases   ] GC(4768)   Other: 0.2ms
[2025-01-08T17:20:19.347+0000][161689.713s][info][gc,heap     ] GC(4768) Eden regions: 912->0(65)
[2025-01-08T17:20:19.347+0000][161689.713s][info][gc,heap     ] GC(4768) Survivor regions: 9->11(116)
[2025-01-08T17:20:19.347+0000][161689.713s][info][gc,heap     ] GC(4768) Old regions: 236->236
[2025-01-08T17:20:19.347+0000][161689.713s][info][gc,heap     ] GC(4768) Archive regions: 2->2
[2025-01-08T17:20:19.347+0000][161689.713s][info][gc,heap     ] GC(4768) Humongous regions: 49->49
[2025-01-08T17:20:19.347+0000][161689.713s][info][gc,metaspace] GC(4768) Metaspace: 506356K(515136K)->506356K(515136K) NonClass: 444797K(449152K)->444797K(449152K) Class: 61559K(65984K)->61559K(65984K)
[2025-01-08T17:20:19.347+0000][161689.713s][info][gc          ] GC(4768) Pause Young (Prepare Mixed) (G1 Evacuation Pause) 9650M->2369M(12288M) 40.695ms
[2025-01-08T17:20:19.347+0000][161689.713s][info][gc,cpu      ] GC(4768) User=0.23s Sys=0.00s Real=0.04s
[2025-01-08T17:20:20.053+0000][161690.419s][info][gc,start    ] GC(4769) Pause Young (Mixed) (G1 Evacuation Pause)
[2025-01-08T17:20:20.053+0000][161690.419s][info][gc,task     ] GC(4769) Using 6 workers of 6 for evacuation
[2025-01-08T17:20:20.114+0000][161690.480s][info][gc,phases   ] GC(4769)   Pre Evacuate Collection Set: 0.2ms
[2025-01-08T17:20:20.114+0000][161690.480s][info][gc,phases   ] GC(4769)   Merge Heap Roots: 0.6ms
[2025-01-08T17:20:20.114+0000][161690.480s][info][gc,phases   ] GC(4769)   Evacuate Collection Set: 58.3ms
[2025-01-08T17:20:20.114+0000][161690.480s][info][gc,phases   ] GC(4769)   Post Evacuate Collection Set: 1.5ms
[2025-01-08T17:20:20.114+0000][161690.480s][info][gc,phases   ] GC(4769)   Other: 0.2ms
[2025-01-08T17:20:20.114+0000][161690.480s][info][gc,heap     ] GC(4769) Eden regions: 65->0(915)
[2025-01-08T17:20:20.114+0000][161690.480s][info][gc,heap     ] GC(4769) Survivor regions: 11->6(10)
[2025-01-08T17:20:20.114+0000][161690.480s][info][gc,heap     ] GC(4769) Old regions: 236->238
[2025-01-08T17:20:20.114+0000][161690.480s][info][gc,heap     ] GC(4769) Archive regions: 2->2
[2025-01-08T17:20:20.114+0000][161690.480s][info][gc,heap     ] GC(4769) Humongous regions: 49->49
[2025-01-08T17:20:20.114+0000][161690.480s][info][gc,metaspace] GC(4769) Metaspace: 506356K(515136K)->506356K(515136K) NonClass: 444797K(449152K)->444797K(449152K) Class: 61559K(65984K)->61559K(65984K)
[2025-01-08T17:20:20.114+0000][161690.480s][info][gc          ] GC(4769) Pause Young (Mixed) (G1 Evacuation Pause) 2889M->2337M(12288M) 60.939ms
[2025-01-08T17:20:20.114+0000][161690.480s][info][gc,cpu      ] GC(4769) User=0.36s Sys=0.01s Real=0.06s
[2025-01-08T17:20:26.265+0000][161696.631s][info][gc,start    ] GC(4770) Pause Young (Normal) (G1 Evacuation Pause)
[2025-01-08T17:20:26.265+0000][161696.631s][info][gc,task     ] GC(4770) Using 6 workers of 6 for evacuation
[2025-01-08T17:20:26.292+0000][161696.658s][info][gc,phases   ] GC(4770)   Pre Evacuate Collection Set: 0.2ms
[2025-01-08T17:20:26.292+0000][161696.658s][info][gc,phases   ] GC(4770)   Merge Heap Roots: 0.4ms
[2025-01-08T17:20:26.292+0000][161696.658s][info][gc,phases   ] GC(4770)   Evacuate Collection Set: 23.5ms
[2025-01-08T17:20:26.292+0000][161696.658s][info][gc,phases   ] GC(4770)   Post Evacuate Collection Set: 2.4ms
[2025-01-08T17:20:26.292+0000][161696.658s][info][gc,phases   ] GC(4770)   Other: 0.2ms
[2025-01-08T17:20:26.292+0000][161696.658s][info][gc,heap     ] GC(4770) Eden regions: 915->0(915)
[2025-01-08T17:20:26.292+0000][161696.658s][info][gc,heap     ] GC(4770) Survivor regions: 6->6(116)
[2025-01-08T17:20:26.292+0000][161696.658s][info][gc,heap     ] GC(4770) Old regions: 238->238
[2025-01-08T17:20:26.292+0000][161696.658s][info][gc,heap     ] GC(4770) Archive regions: 2->2
[2025-01-08T17:20:26.292+0000][161696.658s][info][gc,heap     ] GC(4770) Humongous regions: 49->49
[2025-01-08T17:20:26.292+0000][161696.658s][info][gc,metaspace] GC(4770) Metaspace: 506356K(515136K)->506356K(515136K) NonClass: 444797K(449152K)->444797K(449152K) Class: 61559K(65984K)->61559K(65984K)
[2025-01-08T17:20:26.292+0000][161696.658s][info][gc          ] GC(4770) Pause Young (Normal) (G1 Evacuation Pause) 9657M->2341M(12288M) 26.778ms
[2025-01-08T17:20:26.292+0000][161696.658s][info][gc,cpu      ] GC(4770) User=0.16s Sys=0.00s Real=0.03s
[2025-01-08T17:20:34.273+0000][161704.639s][info][gc,start    ] GC(4771) Pause Young (Normal) (G1 Evacuation Pause)
[2025-01-08T17:20:34.273+0000][161704.639s][info][gc,task     ] GC(4771) Using 6 workers of 6 for evacuation
[2025-01-08T17:20:34.306+0000][161704.672s][info][gc,phases   ] GC(4771)   Pre Evacuate Collection Set: 0.2ms
[2025-01-08T17:20:34.306+0000][161704.672s][info][gc,phases   ] GC(4771)   Merge Heap Roots: 0.4ms
[2025-01-08T17:20:34.306+0000][161704.672s][info][gc,phases   ] GC(4771)   Evacuate Collection Set: 27.1ms
[2025-01-08T17:20:34.306+0000][161704.672s][info][gc,phases   ] GC(4771)   Post Evacuate Collection Set: 5.3ms
[2025-01-08T17:20:34.306+0000][161704.672s][info][gc,phases   ] GC(4771)   Other: 0.2ms
[2025-01-08T17:20:34.306+0000][161704.672s][info][gc,heap     ] GC(4771) Eden regions: 915->0(912)
[2025-01-08T17:20:34.306+0000][161704.672s][info][gc,heap     ] GC(4771) Survivor regions: 6->9(116)
[2025-01-08T17:20:34.306+0000][161704.672s][info][gc,heap     ] GC(4771) Old regions: 238->238
[2025-01-08T17:20:34.306+0000][161704.672s][info][gc,heap     ] GC(4771) Archive regions: 2->2
[2025-01-08T17:20:34.306+0000][161704.672s][info][gc,heap     ] GC(4771) Humongous regions: 49->49
[2025-01-08T17:20:34.306+0000][161704.672s][info][gc,metaspace] GC(4771) Metaspace: 506356K(515136K)->506356K(515136K) NonClass: 444797K(449152K)->444797K(449152K) Class: 61559K(65984K)->61559K(65984K)
[2025-01-08T17:20:34.306+0000][161704.672s][info][gc          ] GC(4771) Pause Young (Normal) (G1 Evacuation Pause) 9661M->2365M(12288M) 33.344ms
[2025-01-08T17:20:34.306+0000][161704.672s][info][gc,cpu      ] GC(4771) User=0.19s Sys=0.00s Real=0.03s
[2025-01-08T17:20:42.095+0000][161712.461s][info][gc,start    ] GC(4772) Pause Young (Concurrent Start) (G1 Evacuation Pause)
[2025-01-08T17:20:42.095+0000][161712.461s][info][gc,task     ] GC(4772) Using 6 workers of 6 for evacuation
[2025-01-08T17:20:42.130+0000][161712.496s][info][gc,phases   ] GC(4772)   Pre Evacuate Collection Set: 1.1ms
[2025-01-08T17:20:42.130+0000][161712.496s][info][gc,phases   ] GC(4772)   Merge Heap Roots: 0.5ms
[2025-01-08T17:20:42.130+0000][161712.496s][info][gc,phases   ] GC(4772)   Evacuate Collection Set: 29.7ms
[2025-01-08T17:20:42.130+0000][161712.496s][info][gc,phases   ] GC(4772)   Post Evacuate Collection Set: 3.4ms
[2025-01-08T17:20:42.130+0000][161712.496s][info][gc,phases   ] GC(4772)   Other: 0.3ms
[2025-01-08T17:20:42.130+0000][161712.496s][info][gc,heap     ] GC(4772) Eden regions: 912->0(913)
[2025-01-08T17:20:42.130+0000][161712.496s][info][gc,heap     ] GC(4772) Survivor regions: 9->8(116)
[2025-01-08T17:20:42.130+0000][161712.496s][info][gc,heap     ] GC(4772) Old regions: 238->238
[2025-01-08T17:20:42.130+0000][161712.496s][info][gc,heap     ] GC(4772) Archive regions: 2->2
[2025-01-08T17:20:42.130+0000][161712.496s][info][gc,heap     ] GC(4772) Humongous regions: 49->49
[2025-01-08T17:20:42.130+0000][161712.496s][info][gc,metaspace] GC(4772) Metaspace: 506357K(515136K)->506357K(515136K) NonClass: 444798K(449152K)->444798K(449152K) Class: 61559K(65984K)->61559K(65984K)
[2025-01-08T17:20:42.130+0000][161712.496s][info][gc          ] GC(4772) Pause Young (Concurrent Start) (G1 Evacuation Pause) 9661M->2359M(12288M) 35.030ms
[2025-01-08T17:20:42.130+0000][161712.496s][info][gc,cpu      ] GC(4772) User=0.20s Sys=0.00s Real=0.04s
[2025-01-08T17:20:42.130+0000][161712.496s][info][gc          ] GC(4773) Concurrent Mark Cycle
[2025-01-08T17:20:42.130+0000][161712.496s][info][gc,marking  ] GC(4773) Concurrent Clear Claimed Marks
[2025-01-08T17:20:42.131+0000][161712.497s][info][gc,marking  ] GC(4773) Concurrent Clear Claimed Marks 0.982ms
[2025-01-08T17:20:42.131+0000][161712.497s][info][gc,marking  ] GC(4773) Concurrent Scan Root Regions
[2025-01-08T17:20:42.155+0000][161712.522s][info][gc,marking  ] GC(4773) Concurrent Scan Root Regions 24.474ms
[2025-01-08T17:20:42.155+0000][161712.522s][info][gc,marking  ] GC(4773) Concurrent Mark
[2025-01-08T17:20:42.155+0000][161712.522s][info][gc,marking  ] GC(4773) Concurrent Mark From Roots
[2025-01-08T17:20:42.155+0000][161712.522s][info][gc,task     ] GC(4773) Using 2 workers of 2 for marking
[2025-01-08T17:20:43.298+0000][161713.664s][info][gc,marking  ] GC(4773) Concurrent Mark From Roots 1142.100ms
[2025-01-08T17:20:43.298+0000][161713.664s][info][gc,marking  ] GC(4773) Concurrent Preclean
[2025-01-08T17:20:43.301+0000][161713.667s][info][gc,marking  ] GC(4773) Concurrent Preclean 3.367ms
[2025-01-08T17:20:43.301+0000][161713.667s][info][gc,start    ] GC(4773) Pause Remark
[2025-01-08T17:20:43.330+0000][161713.697s][info][gc          ] GC(4773) Pause Remark 4167M->4167M(12288M) 29.291ms
[2025-01-08T17:20:43.330+0000][161713.697s][info][gc,cpu      ] GC(4773) User=0.16s Sys=0.00s Real=0.04s
[2025-01-08T17:20:43.331+0000][161713.697s][info][gc,marking  ] GC(4773) Concurrent Mark 1175.114ms
[2025-01-08T17:20:43.331+0000][161713.697s][info][gc,marking  ] GC(4773) Concurrent Rebuild Remembered Sets
[2025-01-08T17:20:43.892+0000][161714.258s][info][gc,marking  ] GC(4773) Concurrent Rebuild Remembered Sets 561.374ms
[2025-01-08T17:20:43.892+0000][161714.258s][info][gc,start    ] GC(4773) Pause Cleanup
[2025-01-08T17:20:43.892+0000][161714.259s][info][gc          ] GC(4773) Pause Cleanup 4983M->4983M(12288M) 0.379ms
[2025-01-08T17:20:43.893+0000][161714.259s][info][gc,cpu      ] GC(4773) User=0.00s Sys=0.00s Real=0.00s
[2025-01-08T17:20:43.893+0000][161714.259s][info][gc,marking  ] GC(4773) Concurrent Cleanup for Next Mark
[2025-01-08T17:20:43.909+0000][161714.275s][info][gc,marking  ] GC(4773) Concurrent Cleanup for Next Mark 16.484ms
[2025-01-08T17:20:43.909+0000][161714.275s][info][gc          ] GC(4773) Concurrent Mark Cycle 1779.207ms
[2025-01-08T17:20:47.694+0000][161718.060s][info][gc,start    ] GC(4774) Pause Young (Prepare Mixed) (G1 Evacuation Pause)
[2025-01-08T17:20:47.694+0000][161718.060s][info][gc,task     ] GC(4774) Using 6 workers of 6 for evacuation
[2025-01-08T17:20:47.731+0000][161718.097s][info][gc,phases   ] GC(4774)   Pre Evacuate Collection Set: 0.2ms
[2025-01-08T17:20:47.731+0000][161718.097s][info][gc,phases   ] GC(4774)   Merge Heap Roots: 0.7ms
[2025-01-08T17:20:47.731+0000][161718.097s][info][gc,phases   ] GC(4774)   Evacuate Collection Set: 32.2ms
[2025-01-08T17:20:47.731+0000][161718.097s][info][gc,phases   ] GC(4774)   Post Evacuate Collection Set: 3.3ms
[2025-01-08T17:20:47.731+0000][161718.097s][info][gc,phases   ] GC(4774)   Other: 0.2ms
[2025-01-08T17:20:47.731+0000][161718.097s][info][gc,heap     ] GC(4774) Eden regions: 913->0(66)
[2025-01-08T17:20:47.731+0000][161718.097s][info][gc,heap     ] GC(4774) Survivor regions: 8->10(116)
[2025-01-08T17:20:47.731+0000][161718.097s][info][gc,heap     ] GC(4774) Old regions: 238->238
[2025-01-08T17:20:47.731+0000][161718.097s][info][gc,heap     ] GC(4774) Archive regions: 2->2
[2025-01-08T17:20:47.731+0000][161718.097s][info][gc,heap     ] GC(4774) Humongous regions: 49->49
[2025-01-08T17:20:47.731+0000][161718.097s][info][gc,metaspace] GC(4774) Metaspace: 506357K(515136K)->506357K(515136K) NonClass: 444798K(449152K)->444798K(449152K) Class: 61559K(65984K)->61559K(65984K)
[2025-01-08T17:20:47.731+0000][161718.097s][info][gc          ] GC(4774) Pause Young (Prepare Mixed) (G1 Evacuation Pause) 9663M->2369M(12288M) 36.698ms
[2025-01-08T17:20:47.731+0000][161718.097s][info][gc,cpu      ] GC(4774) User=0.21s Sys=0.00s Real=0.04s
[2025-01-08T17:20:48.302+0000][161718.668s][info][gc,start    ] GC(4775) Pause Young (Mixed) (G1 Evacuation Pause)
[2025-01-08T17:20:48.302+0000][161718.668s][info][gc,task     ] GC(4775) Using 6 workers of 6 for evacuation
[2025-01-08T17:20:48.375+0000][161718.741s][info][gc,phases   ] GC(4775)   Pre Evacuate Collection Set: 0.2ms
[2025-01-08T17:20:48.375+0000][161718.741s][info][gc,phases   ] GC(4775)   Merge Heap Roots: 1.0ms
[2025-01-08T17:20:48.375+0000][161718.741s][info][gc,phases   ] GC(4775)   Evacuate Collection Set: 70.0ms
[2025-01-08T17:20:48.375+0000][161718.741s][info][gc,phases   ] GC(4775)   Post Evacuate Collection Set: 1.8ms
[2025-01-08T17:20:48.375+0000][161718.741s][info][gc,phases   ] GC(4775)   Other: 0.2ms
[2025-01-08T17:20:48.375+0000][161718.741s][info][gc,heap     ] GC(4775) Eden regions: 66->0(915)
[2025-01-08T17:20:48.375+0000][161718.741s][info][gc,heap     ] GC(4775) Survivor regions: 10->6(10)
[2025-01-08T17:20:48.375+0000][161718.741s][info][gc,heap     ] GC(4775) Old regions: 238->238
[2025-01-08T17:20:48.375+0000][161718.741s][info][gc,heap     ] GC(4775) Archive regions: 2->2
[2025-01-08T17:20:48.375+0000][161718.741s][info][gc,heap     ] GC(4775) Humongous regions: 49->49
[2025-01-08T17:20:48.375+0000][161718.741s][info][gc,metaspace] GC(4775) Metaspace: 506357K(515136K)->506357K(515136K) NonClass: 444798K(449152K)->444798K(449152K) Class: 61559K(65984K)->61559K(65984K)
[2025-01-08T17:20:48.375+0000][161718.741s][info][gc          ] GC(4775) Pause Young (Mixed) (G1 Evacuation Pause) 2897M->2338M(12288M) 73.233ms
[2025-01-08T17:20:48.375+0000][161718.741s][info][gc,cpu      ] GC(4775) User=0.42s Sys=0.00s Real=0.07s
[2025-01-08T17:20:59.625+0000][161729.991s][info][gc,start    ] GC(4776) Pause Young (Normal) (G1 Evacuation Pause)
[2025-01-08T17:20:59.625+0000][161729.991s][info][gc,task     ] GC(4776) Using 6 workers of 6 for evacuation
[2025-01-08T17:20:59.654+0000][161730.020s][info][gc,phases   ] GC(4776)   Pre Evacuate Collection Set: 0.2ms
[2025-01-08T17:20:59.654+0000][161730.020s][info][gc,phases   ] GC(4776)   Merge Heap Roots: 0.5ms
[2025-01-08T17:20:59.654+0000][161730.020s][info][gc,phases   ] GC(4776)   Evacuate Collection Set: 25.5ms
[2025-01-08T17:20:59.654+0000][161730.020s][info][gc,phases   ] GC(4776)   Post Evacuate Collection Set: 2.6ms
[2025-01-08T17:20:59.654+0000][161730.020s][info][gc,phases   ] GC(4776)   Other: 0.2ms
[2025-01-08T17:20:59.654+0000][161730.020s][info][gc,heap     ] GC(4776) Eden regions: 915->0(914)
[2025-01-08T17:20:59.654+0000][161730.020s][info][gc,heap     ] GC(4776) Survivor regions: 6->7(116)
[2025-01-08T17:20:59.654+0000][161730.020s][info][gc,heap     ] GC(4776) Old regions: 238->238
[2025-01-08T17:20:59.654+0000][161730.020s][info][gc,heap     ] GC(4776) Archive regions: 2->2
[2025-01-08T17:20:59.654+0000][161730.020s][info][gc,heap     ] GC(4776) Humongous regions: 49->49
[2025-01-08T17:20:59.654+0000][161730.020s][info][gc,metaspace] GC(4776) Metaspace: 506357K(515136K)->506357K(515136K) NonClass: 444798K(449152K)->444798K(449152K) Class: 61559K(65984K)->61559K(65984K)
[2025-01-08T17:20:59.654+0000][161730.020s][info][gc          ] GC(4776) Pause Young (Normal) (G1 Evacuation Pause) 9658M->2346M(12288M) 29.114ms
[2025-01-08T17:20:59.654+0000][161730.020s][info][gc,cpu      ] GC(4776) User=0.17s Sys=0.00s Real=0.03s
[2025-01-08T17:21:08.818+0000][161739.184s][info][gc,start    ] GC(4777) Pause Young (Normal) (G1 Evacuation Pause)
[2025-01-08T17:21:08.818+0000][161739.184s][info][gc,task     ] GC(4777) Using 6 workers of 6 for evacuation
[2025-01-08T17:21:08.851+0000][161739.217s][info][gc,phases   ] GC(4777)   Pre Evacuate Collection Set: 0.2ms
[2025-01-08T17:21:08.851+0000][161739.217s][info][gc,phases   ] GC(4777)   Merge Heap Roots: 0.4ms
[2025-01-08T17:21:08.851+0000][161739.217s][info][gc,phases   ] GC(4777)   Evacuate Collection Set: 29.3ms
[2025-01-08T17:21:08.851+0000][161739.217s][info][gc,phases   ] GC(4777)   Post Evacuate Collection Set: 2.5ms
[2025-01-08T17:21:08.851+0000][161739.217s][info][gc,phases   ] GC(4777)   Other: 0.2ms
[2025-01-08T17:21:08.851+0000][161739.217s][info][gc,heap     ] GC(4777) Eden regions: 914->0(913)
[2025-01-08T17:21:08.851+0000][161739.217s][info][gc,heap     ] GC(4777) Survivor regions: 7->8(116)
[2025-01-08T17:21:08.851+0000][161739.217s][info][gc,heap     ] GC(4777) Old regions: 238->238
[2025-01-08T17:21:08.851+0000][161739.217s][info][gc,heap     ] GC(4777) Archive regions: 2->2
[2025-01-08T17:21:08.851+0000][161739.217s][info][gc,heap     ] GC(4777) Humongous regions: 49->49
[2025-01-08T17:21:08.851+0000][161739.217s][info][gc,metaspace] GC(4777) Metaspace: 506357K(515136K)->506357K(515136K) NonClass: 444798K(449152K)->444798K(449152K) Class: 61559K(65984K)->61559K(65984K)
[2025-01-08T17:21:08.851+0000][161739.217s][info][gc          ] GC(4777) Pause Young (Normal) (G1 Evacuation Pause) 9658M->2360M(12288M) 32.797ms
[2025-01-08T17:21:08.851+0000][161739.217s][info][gc,cpu      ] GC(4777) User=0.19s Sys=0.00s Real=0.04s
[2025-01-08T17:21:17.625+0000][161747.991s][info][gc,start    ] GC(4778) Pause Young (Concurrent Start) (G1 Evacuation Pause)
[2025-01-08T17:21:17.625+0000][161747.991s][info][gc,task     ] GC(4778) Using 6 workers of 6 for evacuation
[2025-01-08T17:21:17.662+0000][161748.028s][info][gc,phases   ] GC(4778)   Pre Evacuate Collection Set: 1.1ms
[2025-01-08T17:21:17.662+0000][161748.028s][info][gc,phases   ] GC(4778)   Merge Heap Roots: 0.5ms
[2025-01-08T17:21:17.662+0000][161748.028s][info][gc,phases   ] GC(4778)   Evacuate Collection Set: 31.9ms
[2025-01-08T17:21:17.662+0000][161748.028s][info][gc,phases   ] GC(4778)   Post Evacuate Collection Set: 2.6ms
[2025-01-08T17:21:17.662+0000][161748.028s][info][gc,phases   ] GC(4778)   Other: 0.4ms
[2025-01-08T17:21:17.662+0000][161748.028s][info][gc,heap     ] GC(4778) Eden regions: 913->0(911)
[2025-01-08T17:21:17.662+0000][161748.028s][info][gc,heap     ] GC(4778) Survivor regions: 8->10(116)
[2025-01-08T17:21:17.662+0000][161748.028s][info][gc,heap     ] GC(4778) Old regions: 238->238
[2025-01-08T17:21:17.662+0000][161748.028s][info][gc,heap     ] GC(4778) Archive regions: 2->2
[2025-01-08T17:21:17.662+0000][161748.028s][info][gc,heap     ] GC(4778) Humongous regions: 49->49
[2025-01-08T17:21:17.662+0000][161748.028s][info][gc,metaspace] GC(4778) Metaspace: 506357K(515136K)->506357K(515136K) NonClass: 444798K(449152K)->444798K(449152K) Class: 61559K(65984K)->61559K(65984K)
[2025-01-08T17:21:17.662+0000][161748.028s][info][gc          ] GC(4778) Pause Young (Concurrent Start) (G1 Evacuation Pause) 9664M->2370M(12288M) 36.568ms
[2025-01-08T17:21:17.662+0000][161748.028s][info][gc,cpu      ] GC(4778) User=0.21s Sys=0.00s Real=0.04s
[2025-01-08T17:21:17.662+0000][161748.028s][info][gc          ] GC(4779) Concurrent Mark Cycle
[2025-01-08T17:21:17.662+0000][161748.028s][info][gc,marking  ] GC(4779) Concurrent Clear Claimed Marks
[2025-01-08T17:21:17.663+0000][161748.029s][info][gc,marking  ] GC(4779) Concurrent Clear Claimed Marks 0.912ms
[2025-01-08T17:21:17.663+0000][161748.029s][info][gc,marking  ] GC(4779) Concurrent Scan Root Regions
[2025-01-08T17:21:17.694+0000][161748.060s][info][gc,marking  ] GC(4779) Concurrent Scan Root Regions 31.342ms
[2025-01-08T17:21:17.694+0000][161748.060s][info][gc,marking  ] GC(4779) Concurrent Mark
[2025-01-08T17:21:17.694+0000][161748.060s][info][gc,marking  ] GC(4779) Concurrent Mark From Roots
[2025-01-08T17:21:17.694+0000][161748.060s][info][gc,task     ] GC(4779) Using 2 workers of 2 for marking
[2025-01-08T17:21:18.472+0000][161748.838s][info][gc,marking  ] GC(4779) Concurrent Mark From Roots 778.358ms
[2025-01-08T17:21:18.472+0000][161748.839s][info][gc,marking  ] GC(4779) Concurrent Preclean
[2025-01-08T17:21:18.475+0000][161748.841s][info][gc,marking  ] GC(4779) Concurrent Preclean 2.373ms
[2025-01-08T17:21:18.475+0000][161748.841s][info][gc,start    ] GC(4779) Pause Remark
[2025-01-08T17:21:18.501+0000][161748.867s][info][gc          ] GC(4779) Pause Remark 3098M->3098M(12288M) 26.254ms
[2025-01-08T17:21:18.501+0000][161748.867s][info][gc,cpu      ] GC(4779) User=0.15s Sys=0.00s Real=0.02s
[2025-01-08T17:21:18.501+0000][161748.867s][info][gc,marking  ] GC(4779) Concurrent Mark 807.338ms
[2025-01-08T17:21:18.501+0000][161748.867s][info][gc,marking  ] GC(4779) Concurrent Rebuild Remembered Sets
[2025-01-08T17:21:19.130+0000][161749.496s][info][gc,marking  ] GC(4779) Concurrent Rebuild Remembered Sets 628.946ms
[2025-01-08T17:21:19.130+0000][161749.497s][info][gc,start    ] GC(4779) Pause Cleanup
[2025-01-08T17:21:19.131+0000][161749.497s][info][gc          ] GC(4779) Pause Cleanup 3822M->3822M(12288M) 0.464ms
[2025-01-08T17:21:19.131+0000][161749.497s][info][gc,cpu      ] GC(4779) User=0.00s Sys=0.00s Real=0.00s
[2025-01-08T17:21:19.131+0000][161749.497s][info][gc,marking  ] GC(4779) Concurrent Cleanup for Next Mark
[2025-01-08T17:21:19.147+0000][161749.513s][info][gc,marking  ] GC(4779) Concurrent Cleanup for Next Mark 15.744ms
[2025-01-08T17:21:19.147+0000][161749.513s][info][gc          ] GC(4779) Concurrent Mark Cycle 1485.153ms
[2025-01-08T17:21:27.061+0000][161757.427s][info][gc,start    ] GC(4780) Pause Young (Prepare Mixed) (G1 Evacuation Pause)
[2025-01-08T17:21:27.061+0000][161757.427s][info][gc,task     ] GC(4780) Using 6 workers of 6 for evacuation
[2025-01-08T17:21:27.107+0000][161757.473s][info][gc,phases   ] GC(4780)   Pre Evacuate Collection Set: 0.2ms
[2025-01-08T17:21:27.107+0000][161757.473s][info][gc,phases   ] GC(4780)   Merge Heap Roots: 0.8ms
[2025-01-08T17:21:27.107+0000][161757.473s][info][gc,phases   ] GC(4780)   Evacuate Collection Set: 39.7ms
[2025-01-08T17:21:27.107+0000][161757.473s][info][gc,phases   ] GC(4780)   Post Evacuate Collection Set: 5.3ms
[2025-01-08T17:21:27.107+0000][161757.473s][info][gc,phases   ] GC(4780)   Other: 0.2ms
[2025-01-08T17:21:27.107+0000][161757.473s][info][gc,heap     ] GC(4780) Eden regions: 911->0(62)
[2025-01-08T17:21:27.107+0000][161757.473s][info][gc,heap     ] GC(4780) Survivor regions: 10->14(116)
[2025-01-08T17:21:27.107+0000][161757.473s][info][gc,heap     ] GC(4780) Old regions: 238->238
[2025-01-08T17:21:27.107+0000][161757.473s][info][gc,heap     ] GC(4780) Archive regions: 2->2
[2025-01-08T17:21:27.107+0000][161757.473s][info][gc,heap     ] GC(4780) Humongous regions: 49->49
[2025-01-08T17:21:27.107+0000][161757.473s][info][gc,metaspace] GC(4780) Metaspace: 506357K(515136K)->506357K(515136K) NonClass: 444798K(449152K)->444798K(449152K) Class: 61559K(65984K)->61559K(65984K)
[2025-01-08T17:21:27.107+0000][161757.473s][info][gc          ] GC(4780) Pause Young (Prepare Mixed) (G1 Evacuation Pause) 9658M->2407M(12288M) 46.268ms
[2025-01-08T17:21:27.107+0000][161757.473s][info][gc,cpu      ] GC(4780) User=0.26s Sys=0.01s Real=0.05s
[2025-01-08T17:21:27.423+0000][161757.789s][info][gc,start    ] GC(4781) Pause Young (Mixed) (G1 Evacuation Pause)
[2025-01-08T17:21:27.423+0000][161757.789s][info][gc,task     ] GC(4781) Using 6 workers of 6 for evacuation
[2025-01-08T17:21:27.468+0000][161757.834s][info][gc,phases   ] GC(4781)   Pre Evacuate Collection Set: 0.2ms
[2025-01-08T17:21:27.468+0000][161757.834s][info][gc,phases   ] GC(4781)   Merge Heap Roots: 0.4ms
[2025-01-08T17:21:27.468+0000][161757.834s][info][gc,phases   ] GC(4781)   Evacuate Collection Set: 42.1ms
[2025-01-08T17:21:27.468+0000][161757.834s][info][gc,phases   ] GC(4781)   Post Evacuate Collection Set: 1.4ms
[2025-01-08T17:21:27.468+0000][161757.834s][info][gc,phases   ] GC(4781)   Other: 0.2ms
[2025-01-08T17:21:27.468+0000][161757.834s][info][gc,heap     ] GC(4781) Eden regions: 62->0(917)
[2025-01-08T17:21:27.468+0000][161757.834s][info][gc,heap     ] GC(4781) Survivor regions: 14->2(10)
[2025-01-08T17:21:27.468+0000][161757.834s][info][gc,heap     ] GC(4781) Old regions: 238->241
[2025-01-08T17:21:27.468+0000][161757.834s][info][gc,heap     ] GC(4781) Archive regions: 2->2
[2025-01-08T17:21:27.468+0000][161757.834s][info][gc,heap     ] GC(4781) Humongous regions: 49->49
[2025-01-08T17:21:27.468+0000][161757.834s][info][gc,metaspace] GC(4781) Metaspace: 506357K(515136K)->506357K(515136K) NonClass: 444798K(449152K)->444798K(449152K) Class: 61559K(65984K)->61559K(65984K)
[2025-01-08T17:21:27.468+0000][161757.834s][info][gc          ] GC(4781) Pause Young (Mixed) (G1 Evacuation Pause) 2903M->2339M(12288M) 44.365ms
[2025-01-08T17:21:27.468+0000][161757.834s][info][gc,cpu      ] GC(4781) User=0.26s Sys=0.00s Real=0.04s
[2025-01-08T17:21:37.200+0000][161767.566s][info][gc,start    ] GC(4782) Pause Young (Normal) (G1 Evacuation Pause)
[2025-01-08T17:21:37.200+0000][161767.566s][info][gc,task     ] GC(4782) Using 6 workers of 6 for evacuation
[2025-01-08T17:21:37.223+0000][161767.589s][info][gc,phases   ] GC(4782)   Pre Evacuate Collection Set: 0.2ms
[2025-01-08T17:21:37.223+0000][161767.589s][info][gc,phases   ] GC(4782)   Merge Heap Roots: 0.4ms
[2025-01-08T17:21:37.223+0000][161767.589s][info][gc,phases   ] GC(4782)   Evacuate Collection Set: 18.4ms
[2025-01-08T17:21:37.223+0000][161767.589s][info][gc,phases   ] GC(4782)   Post Evacuate Collection Set: 3.5ms
[2025-01-08T17:21:37.223+0000][161767.589s][info][gc,phases   ] GC(4782)   Other: 0.2ms
[2025-01-08T17:21:37.223+0000][161767.589s][info][gc,heap     ] GC(4782) Eden regions: 917->0(910)
[2025-01-08T17:21:37.223+0000][161767.589s][info][gc,heap     ] GC(4782) Survivor regions: 2->7(115)
[2025-01-08T17:21:37.223+0000][161767.589s][info][gc,heap     ] GC(4782) Old regions: 241->241
[2025-01-08T17:21:37.223+0000][161767.589s][info][gc,heap     ] GC(4782) Archive regions: 2->2
[2025-01-08T17:21:37.223+0000][161767.589s][info][gc,heap     ] GC(4782) Humongous regions: 49->49
[2025-01-08T17:21:37.223+0000][161767.589s][info][gc,metaspace] GC(4782) Metaspace: 506357K(515136K)->506357K(515136K) NonClass: 444798K(449152K)->444798K(449152K) Class: 61559K(65984K)->61559K(65984K)
[2025-01-08T17:21:37.223+0000][161767.589s][info][gc          ] GC(4782) Pause Young (Normal) (G1 Evacuation Pause) 9675M->2375M(12288M) 22.781ms
[2025-01-08T17:21:37.223+0000][161767.589s][info][gc,cpu      ] GC(4782) User=0.13s Sys=0.00s Real=0.03s
[2025-01-08T17:21:44.866+0000][161775.232s][info][gc,start    ] GC(4783) Pause Young (Normal) (G1 Evacuation Pause)
[2025-01-08T17:21:44.866+0000][161775.232s][info][gc,task     ] GC(4783) Using 6 workers of 6 for evacuation
[2025-01-08T17:21:44.887+0000][161775.254s][info][gc,phases   ] GC(4783)   Pre Evacuate Collection Set: 0.2ms
[2025-01-08T17:21:44.887+0000][161775.254s][info][gc,phases   ] GC(4783)   Merge Heap Roots: 0.4ms
[2025-01-08T17:21:44.887+0000][161775.254s][info][gc,phases   ] GC(4783)   Evacuate Collection Set: 17.6ms
[2025-01-08T17:21:44.887+0000][161775.254s][info][gc,phases   ] GC(4783)   Post Evacuate Collection Set: 3.2ms
[2025-01-08T17:21:44.887+0000][161775.254s][info][gc,phases   ] GC(4783)   Other: 0.2ms
[2025-01-08T17:21:44.887+0000][161775.254s][info][gc,heap     ] GC(4783) Eden regions: 910->0(915)
[2025-01-08T17:21:44.887+0000][161775.254s][info][gc,heap     ] GC(4783) Survivor regions: 7->5(115)
[2025-01-08T17:21:44.887+0000][161775.254s][info][gc,heap     ] GC(4783) Old regions: 241->241
[2025-01-08T17:21:44.888+0000][161775.254s][info][gc,heap     ] GC(4783) Archive regions: 2->2
[2025-01-08T17:21:44.888+0000][161775.254s][info][gc,heap     ] GC(4783) Humongous regions: 49->49
[2025-01-08T17:21:44.888+0000][161775.254s][info][gc,metaspace] GC(4783) Metaspace: 506357K(515136K)->506357K(515136K) NonClass: 444798K(449152K)->444798K(449152K) Class: 61559K(65984K)->61559K(65984K)
[2025-01-08T17:21:44.888+0000][161775.254s][info][gc          ] GC(4783) Pause Young (Normal) (G1 Evacuation Pause) 9655M->2362M(12288M) 21.656ms
[2025-01-08T17:21:44.888+0000][161775.254s][info][gc,cpu      ] GC(4783) User=0.12s Sys=0.00s Real=0.02s
[2025-01-08T17:21:55.529+0000][161785.895s][info][gc,start    ] GC(4784) Pause Young (Concurrent Start) (G1 Evacuation Pause)
[2025-01-08T17:21:55.529+0000][161785.895s][info][gc,task     ] GC(4784) Using 6 workers of 6 for evacuation
[2025-01-08T17:21:55.555+0000][161785.921s][info][gc,phases   ] GC(4784)   Pre Evacuate Collection Set: 1.1ms
[2025-01-08T17:21:55.555+0000][161785.921s][info][gc,phases   ] GC(4784)   Merge Heap Roots: 0.4ms
[2025-01-08T17:21:55.555+0000][161785.921s][info][gc,phases   ] GC(4784)   Evacuate Collection Set: 21.9ms
[2025-01-08T17:21:55.555+0000][161785.921s][info][gc,phases   ] GC(4784)   Post Evacuate Collection Set: 2.7ms
[2025-01-08T17:21:55.555+0000][161785.921s][info][gc,phases   ] GC(4784)   Other: 0.3ms
[2025-01-08T17:21:55.555+0000][161785.921s][info][gc,heap     ] GC(4784) Eden regions: 915->0(914)
[2025-01-08T17:21:55.555+0000][161785.921s][info][gc,heap     ] GC(4784) Survivor regions: 5->6(115)
[2025-01-08T17:21:55.555+0000][161785.921s][info][gc,heap     ] GC(4784) Old regions: 241->241
[2025-01-08T17:21:55.555+0000][161785.921s][info][gc,heap     ] GC(4784) Archive regions: 2->2
[2025-01-08T17:21:55.555+0000][161785.921s][info][gc,heap     ] GC(4784) Humongous regions: 49->49
[2025-01-08T17:21:55.555+0000][161785.921s][info][gc,metaspace] GC(4784) Metaspace: 506357K(515136K)->506357K(515136K) NonClass: 444798K(449152K)->444798K(449152K) Class: 61559K(65984K)->61559K(65984K)
[2025-01-08T17:21:55.555+0000][161785.921s][info][gc          ] GC(4784) Pause Young (Concurrent Start) (G1 Evacuation Pause) 9682M->2368M(12288M) 26.573ms
[2025-01-08T17:21:55.555+0000][161785.921s][info][gc,cpu      ] GC(4784) User=0.15s Sys=0.00s Real=0.03s
[2025-01-08T17:21:55.555+0000][161785.921s][info][gc          ] GC(4785) Concurrent Mark Cycle
[2025-01-08T17:21:55.555+0000][161785.921s][info][gc,marking  ] GC(4785) Concurrent Clear Claimed Marks
[2025-01-08T17:21:55.556+0000][161785.922s][info][gc,marking  ] GC(4785) Concurrent Clear Claimed Marks 0.915ms
[2025-01-08T17:21:55.556+0000][161785.922s][info][gc,marking  ] GC(4785) Concurrent Scan Root Regions
[2025-01-08T17:21:55.574+0000][161785.940s][info][gc,marking  ] GC(4785) Concurrent Scan Root Regions 17.989ms
[2025-01-08T17:21:55.574+0000][161785.940s][info][gc,marking  ] GC(4785) Concurrent Mark
[2025-01-08T17:21:55.574+0000][161785.940s][info][gc,marking  ] GC(4785) Concurrent Mark From Roots
[2025-01-08T17:21:55.574+0000][161785.940s][info][gc,task     ] GC(4785) Using 2 workers of 2 for marking
[2025-01-08T17:21:56.428+0000][161786.794s][info][gc,marking  ] GC(4785) Concurrent Mark From Roots 853.735ms
[2025-01-08T17:21:56.428+0000][161786.794s][info][gc,marking  ] GC(4785) Concurrent Preclean
[2025-01-08T17:21:56.431+0000][161786.797s][info][gc,marking  ] GC(4785) Concurrent Preclean 3.380ms
[2025-01-08T17:21:56.431+0000][161786.798s][info][gc,start    ] GC(4785) Pause Remark
[2025-01-08T17:21:56.459+0000][161786.825s][info][gc          ] GC(4785) Pause Remark 3208M->3208M(12288M) 27.444ms
[2025-01-08T17:21:56.459+0000][161786.825s][info][gc,cpu      ] GC(4785) User=0.15s Sys=0.00s Real=0.02s
[2025-01-08T17:21:56.459+0000][161786.825s][info][gc,marking  ] GC(4785) Concurrent Mark 884.956ms
[2025-01-08T17:21:56.459+0000][161786.825s][info][gc,marking  ] GC(4785) Concurrent Rebuild Remembered Sets
[2025-01-08T17:21:57.089+0000][161787.455s][info][gc,marking  ] GC(4785) Concurrent Rebuild Remembered Sets 629.494ms
[2025-01-08T17:21:57.089+0000][161787.455s][info][gc,start    ] GC(4785) Pause Cleanup
[2025-01-08T17:21:57.089+0000][161787.455s][info][gc          ] GC(4785) Pause Cleanup 3888M->3888M(12288M) 0.464ms
[2025-01-08T17:21:57.089+0000][161787.455s][info][gc,cpu      ] GC(4785) User=0.00s Sys=0.00s Real=0.00s
[2025-01-08T17:21:57.089+0000][161787.455s][info][gc,marking  ] GC(4785) Concurrent Cleanup for Next Mark
[2025-01-08T17:21:57.105+0000][161787.471s][info][gc,marking  ] GC(4785) Concurrent Cleanup for Next Mark 15.732ms
[2025-01-08T17:21:57.105+0000][161787.471s][info][gc          ] GC(4785) Concurrent Mark Cycle 1549.971ms
[2025-01-08T17:22:03.614+0000][161793.980s][info][gc,start    ] GC(4786) Pause Young (Prepare Mixed) (G1 Evacuation Pause)
[2025-01-08T17:22:03.614+0000][161793.980s][info][gc,task     ] GC(4786) Using 6 workers of 6 for evacuation
[2025-01-08T17:22:03.643+0000][161794.009s][info][gc,phases   ] GC(4786)   Pre Evacuate Collection Set: 0.2ms
[2025-01-08T17:22:03.643+0000][161794.009s][info][gc,phases   ] GC(4786)   Merge Heap Roots: 0.6ms
[2025-01-08T17:22:03.643+0000][161794.009s][info][gc,phases   ] GC(4786)   Evacuate Collection Set: 25.7ms
[2025-01-08T17:22:03.643+0000][161794.009s][info][gc,phases   ] GC(4786)   Post Evacuate Collection Set: 2.7ms
[2025-01-08T17:22:03.643+0000][161794.009s][info][gc,phases   ] GC(4786)   Other: 0.2ms
[2025-01-08T17:22:03.643+0000][161794.009s][info][gc,heap     ] GC(4786) Eden regions: 914->0(69)
[2025-01-08T17:22:03.643+0000][161794.009s][info][gc,heap     ] GC(4786) Survivor regions: 6->7(115)
[2025-01-08T17:22:03.643+0000][161794.009s][info][gc,heap     ] GC(4786) Old regions: 241->241
[2025-01-08T17:22:03.643+0000][161794.009s][info][gc,heap     ] GC(4786) Archive regions: 2->2
[2025-01-08T17:22:03.643+0000][161794.009s][info][gc,heap     ] GC(4786) Humongous regions: 49->49
[2025-01-08T17:22:03.643+0000][161794.009s][info][gc,metaspace] GC(4786) Metaspace: 506357K(515136K)->506357K(515136K) NonClass: 444798K(449152K)->444798K(449152K) Class: 61559K(65984K)->61559K(65984K)
[2025-01-08T17:22:03.643+0000][161794.009s][info][gc          ] GC(4786) Pause Young (Prepare Mixed) (G1 Evacuation Pause) 9680M->2379M(12288M) 29.532ms
[2025-01-08T17:22:03.643+0000][161794.009s][info][gc,cpu      ] GC(4786) User=0.17s Sys=0.00s Real=0.03s
[2025-01-08T17:22:04.133+0000][161794.499s][info][gc,start    ] GC(4787) Pause Young (Mixed) (G1 Evacuation Pause)
[2025-01-08T17:22:04.133+0000][161794.499s][info][gc,task     ] GC(4787) Using 6 workers of 6 for evacuation
[2025-01-08T17:22:04.185+0000][161794.551s][info][gc,phases   ] GC(4787)   Pre Evacuate Collection Set: 0.2ms
[2025-01-08T17:22:04.185+0000][161794.551s][info][gc,phases   ] GC(4787)   Merge Heap Roots: 0.6ms
[2025-01-08T17:22:04.185+0000][161794.551s][info][gc,phases   ] GC(4787)   Evacuate Collection Set: 49.0ms
[2025-01-08T17:22:04.185+0000][161794.551s][info][gc,phases   ] GC(4787)   Post Evacuate Collection Set: 1.9ms
[2025-01-08T17:22:04.185+0000][161794.551s][info][gc,phases   ] GC(4787)   Other: 0.2ms
[2025-01-08T17:22:04.185+0000][161794.551s][info][gc,heap     ] GC(4787) Eden regions: 69->0(916)
[2025-01-08T17:22:04.185+0000][161794.551s][info][gc,heap     ] GC(4787) Survivor regions: 7->5(10)
[2025-01-08T17:22:04.185+0000][161794.551s][info][gc,heap     ] GC(4787) Old regions: 241->237
[2025-01-08T17:22:04.185+0000][161794.551s][info][gc,heap     ] GC(4787) Archive regions: 2->2
[2025-01-08T17:22:04.185+0000][161794.551s][info][gc,heap     ] GC(4787) Humongous regions: 49->49
[2025-01-08T17:22:04.185+0000][161794.551s][info][gc,metaspace] GC(4787) Metaspace: 506357K(515136K)->506357K(515136K) NonClass: 444798K(449152K)->444798K(449152K) Class: 61559K(65984K)->61559K(65984K)
[2025-01-08T17:22:04.185+0000][161794.551s][info][gc          ] GC(4787) Pause Young (Mixed) (G1 Evacuation Pause) 2931M->2331M(12288M) 51.955ms
[2025-01-08T17:22:04.185+0000][161794.551s][info][gc,cpu      ] GC(4787) User=0.30s Sys=0.00s Real=0.05s
[2025-01-08T17:22:14.071+0000][161804.437s][info][gc,start    ] GC(4788) Pause Young (Normal) (G1 Evacuation Pause)
[2025-01-08T17:22:14.071+0000][161804.437s][info][gc,task     ] GC(4788) Using 6 workers of 6 for evacuation
[2025-01-08T17:22:14.097+0000][161804.463s][info][gc,phases   ] GC(4788)   Pre Evacuate Collection Set: 0.2ms
[2025-01-08T17:22:14.097+0000][161804.463s][info][gc,phases   ] GC(4788)   Merge Heap Roots: 0.4ms
[2025-01-08T17:22:14.097+0000][161804.463s][info][gc,phases   ] GC(4788)   Evacuate Collection Set: 22.6ms
[2025-01-08T17:22:14.097+0000][161804.463s][info][gc,phases   ] GC(4788)   Post Evacuate Collection Set: 2.6ms
[2025-01-08T17:22:14.097+0000][161804.463s][info][gc,phases   ] GC(4788)   Other: 0.2ms
[2025-01-08T17:22:14.097+0000][161804.463s][info][gc,heap     ] GC(4788) Eden regions: 916->0(914)
[2025-01-08T17:22:14.097+0000][161804.463s][info][gc,heap     ] GC(4788) Survivor regions: 5->7(116)
[2025-01-08T17:22:14.097+0000][161804.463s][info][gc,heap     ] GC(4788) Old regions: 237->237
[2025-01-08T17:22:14.097+0000][161804.463s][info][gc,heap     ] GC(4788) Archive regions: 2->2
[2025-01-08T17:22:14.097+0000][161804.463s][info][gc,heap     ] GC(4788) Humongous regions: 49->49
[2025-01-08T17:22:14.097+0000][161804.463s][info][gc,metaspace] GC(4788) Metaspace: 506357K(515136K)->506357K(515136K) NonClass: 444798K(449152K)->444798K(449152K) Class: 61559K(65984K)->61559K(65984K)
[2025-01-08T17:22:14.097+0000][161804.463s][info][gc          ] GC(4788) Pause Young (Normal) (G1 Evacuation Pause) 9659M->2343M(12288M) 26.121ms
[2025-01-08T17:22:14.097+0000][161804.463s][info][gc,cpu      ] GC(4788) User=0.15s Sys=0.00s Real=0.02s
[2025-01-08T17:22:21.902+0000][161812.268s][info][gc,start    ] GC(4789) Pause Young (Normal) (G1 Evacuation Pause)
[2025-01-08T17:22:21.902+0000][161812.268s][info][gc,task     ] GC(4789) Using 6 workers of 6 for evacuation
[2025-01-08T17:22:21.933+0000][161812.299s][info][gc,phases   ] GC(4789)   Pre Evacuate Collection Set: 0.2ms
[2025-01-08T17:22:21.933+0000][161812.299s][info][gc,phases   ] GC(4789)   Merge Heap Roots: 0.4ms
[2025-01-08T17:22:21.933+0000][161812.299s][info][gc,phases   ] GC(4789)   Evacuate Collection Set: 26.4ms
[2025-01-08T17:22:21.933+0000][161812.299s][info][gc,phases   ] GC(4789)   Post Evacuate Collection Set: 3.9ms
[2025-01-08T17:22:21.933+0000][161812.299s][info][gc,phases   ] GC(4789)   Other: 0.2ms
[2025-01-08T17:22:21.933+0000][161812.299s][info][gc,heap     ] GC(4789) Eden regions: 914->0(912)
[2025-01-08T17:22:21.933+0000][161812.299s][info][gc,heap     ] GC(4789) Survivor regions: 7->9(116)
[2025-01-08T17:22:21.933+0000][161812.299s][info][gc,heap     ] GC(4789) Old regions: 237->237
[2025-01-08T17:22:21.933+0000][161812.299s][info][gc,heap     ] GC(4789) Archive regions: 2->2
[2025-01-08T17:22:21.933+0000][161812.299s][info][gc,heap     ] GC(4789) Humongous regions: 49->49
[2025-01-08T17:22:21.933+0000][161812.299s][info][gc,metaspace] GC(4789) Metaspace: 506357K(515136K)->506357K(515136K) NonClass: 444798K(449152K)->444798K(449152K) Class: 61559K(65984K)->61559K(65984K)
[2025-01-08T17:22:21.933+0000][161812.299s][info][gc          ] GC(4789) Pause Young (Normal) (G1 Evacuation Pause) 9655M->2362M(12288M) 31.186ms
[2025-01-08T17:22:21.933+0000][161812.299s][info][gc,cpu      ] GC(4789) User=0.18s Sys=0.00s Real=0.03s
[2025-01-08T17:22:29.502+0000][161819.868s][info][gc,start    ] GC(4790) Pause Young (Concurrent Start) (G1 Evacuation Pause)
[2025-01-08T17:22:29.502+0000][161819.868s][info][gc,task     ] GC(4790) Using 6 workers of 6 for evacuation
[2025-01-08T17:22:29.535+0000][161819.901s][info][gc,phases   ] GC(4790)   Pre Evacuate Collection Set: 1.1ms
[2025-01-08T17:22:29.535+0000][161819.901s][info][gc,phases   ] GC(4790)   Merge Heap Roots: 0.4ms
[2025-01-08T17:22:29.535+0000][161819.901s][info][gc,phases   ] GC(4790)   Evacuate Collection Set: 26.7ms
[2025-01-08T17:22:29.535+0000][161819.901s][info][gc,phases   ] GC(4790)   Post Evacuate Collection Set: 4.0ms
[2025-01-08T17:22:29.535+0000][161819.901s][info][gc,phases   ] GC(4790)   Other: 0.3ms
[2025-01-08T17:22:29.535+0000][161819.901s][info][gc,heap     ] GC(4790) Eden regions: 912->0(911)
[2025-01-08T17:22:29.535+0000][161819.901s][info][gc,heap     ] GC(4790) Survivor regions: 9->10(116)
[2025-01-08T17:22:29.535+0000][161819.901s][info][gc,heap     ] GC(4790) Old regions: 237->237
[2025-01-08T17:22:29.535+0000][161819.901s][info][gc,heap     ] GC(4790) Archive regions: 2->2
[2025-01-08T17:22:29.535+0000][161819.901s][info][gc,heap     ] GC(4790) Humongous regions: 49->49
[2025-01-08T17:22:29.535+0000][161819.901s][info][gc,metaspace] GC(4790) Metaspace: 506357K(515136K)->506357K(515136K) NonClass: 444798K(449152K)->444798K(449152K) Class: 61559K(65984K)->61559K(65984K)
[2025-01-08T17:22:29.535+0000][161819.901s][info][gc          ] GC(4790) Pause Young (Concurrent Start) (G1 Evacuation Pause) 9658M->2365M(12288M) 32.588ms
[2025-01-08T17:22:29.535+0000][161819.901s][info][gc,cpu      ] GC(4790) User=0.18s Sys=0.01s Real=0.03s
[2025-01-08T17:22:29.535+0000][161819.901s][info][gc          ] GC(4791) Concurrent Mark Cycle
[2025-01-08T17:22:29.535+0000][161819.901s][info][gc,marking  ] GC(4791) Concurrent Clear Claimed Marks
[2025-01-08T17:22:29.536+0000][161819.902s][info][gc,marking  ] GC(4791) Concurrent Clear Claimed Marks 0.930ms
[2025-01-08T17:22:29.536+0000][161819.902s][info][gc,marking  ] GC(4791) Concurrent Scan Root Regions
[2025-01-08T17:22:29.559+0000][161819.925s][info][gc,marking  ] GC(4791) Concurrent Scan Root Regions 22.794ms
[2025-01-08T17:22:29.559+0000][161819.925s][info][gc,marking  ] GC(4791) Concurrent Mark
[2025-01-08T17:22:29.559+0000][161819.925s][info][gc,marking  ] GC(4791) Concurrent Mark From Roots
[2025-01-08T17:22:29.559+0000][161819.925s][info][gc,task     ] GC(4791) Using 2 workers of 2 for marking
[2025-01-08T17:22:30.470+0000][161820.836s][info][gc,marking  ] GC(4791) Concurrent Mark From Roots 911.412ms
[2025-01-08T17:22:30.470+0000][161820.836s][info][gc,marking  ] GC(4791) Concurrent Preclean
[2025-01-08T17:22:30.473+0000][161820.839s][info][gc,marking  ] GC(4791) Concurrent Preclean 2.570ms
[2025-01-08T17:22:30.473+0000][161820.839s][info][gc,start    ] GC(4791) Pause Remark
[2025-01-08T17:22:30.499+0000][161820.865s][info][gc          ] GC(4791) Pause Remark 3313M->3313M(12288M) 26.373ms
[2025-01-08T17:22:30.499+0000][161820.865s][info][gc,cpu      ] GC(4791) User=0.14s Sys=0.01s Real=0.02s
[2025-01-08T17:22:30.499+0000][161820.865s][info][gc,marking  ] GC(4791) Concurrent Mark 940.781ms
[2025-01-08T17:22:30.499+0000][161820.865s][info][gc,marking  ] GC(4791) Concurrent Rebuild Remembered Sets
[2025-01-08T17:22:31.056+0000][161821.422s][info][gc,marking  ] GC(4791) Concurrent Rebuild Remembered Sets 556.250ms
[2025-01-08T17:22:31.056+0000][161821.422s][info][gc,start    ] GC(4791) Pause Cleanup
[2025-01-08T17:22:31.056+0000][161821.422s][info][gc          ] GC(4791) Pause Cleanup 3617M->3617M(12288M) 0.462ms
[2025-01-08T17:22:31.056+0000][161821.422s][info][gc,cpu      ] GC(4791) User=0.00s Sys=0.00s Real=0.00s
[2025-01-08T17:22:31.056+0000][161821.422s][info][gc,marking  ] GC(4791) Concurrent Cleanup for Next Mark
[2025-01-08T17:22:31.072+0000][161821.439s][info][gc,marking  ] GC(4791) Concurrent Cleanup for Next Mark 16.086ms
[2025-01-08T17:22:31.072+0000][161821.439s][info][gc          ] GC(4791) Concurrent Mark Cycle 1537.706ms
[2025-01-08T17:22:37.918+0000][161828.284s][info][gc,start    ] GC(4792) Pause Young (Prepare Mixed) (G1 Evacuation Pause)
[2025-01-08T17:22:37.918+0000][161828.284s][info][gc,task     ] GC(4792) Using 6 workers of 6 for evacuation
[2025-01-08T17:22:37.954+0000][161828.320s][info][gc,phases   ] GC(4792)   Pre Evacuate Collection Set: 0.2ms
[2025-01-08T17:22:37.954+0000][161828.320s][info][gc,phases   ] GC(4792)   Merge Heap Roots: 0.7ms
[2025-01-08T17:22:37.954+0000][161828.320s][info][gc,phases   ] GC(4792)   Evacuate Collection Set: 30.2ms
[2025-01-08T17:22:37.954+0000][161828.320s][info][gc,phases   ] GC(4792)   Post Evacuate Collection Set: 4.1ms
[2025-01-08T17:22:37.954+0000][161828.320s][info][gc,phases   ] GC(4792)   Other: 0.2ms
[2025-01-08T17:22:37.954+0000][161828.320s][info][gc,heap     ] GC(4792) Eden regions: 911->0(65)
[2025-01-08T17:22:37.954+0000][161828.320s][info][gc,heap     ] GC(4792) Survivor regions: 10->11(116)
[2025-01-08T17:22:37.954+0000][161828.320s][info][gc,heap     ] GC(4792) Old regions: 237->237
[2025-01-08T17:22:37.954+0000][161828.320s][info][gc,heap     ] GC(4792) Archive regions: 2->2
[2025-01-08T17:22:37.954+0000][161828.320s][info][gc,heap     ] GC(4792) Humongous regions: 49->49
[2025-01-08T17:22:37.954+0000][161828.320s][info][gc,metaspace] GC(4792) Metaspace: 506357K(515136K)->506357K(515136K) NonClass: 444798K(449152K)->444798K(449152K) Class: 61559K(65984K)->61559K(65984K)
[2025-01-08T17:22:37.954+0000][161828.320s][info][gc          ] GC(4792) Pause Young (Prepare Mixed) (G1 Evacuation Pause) 9653M->2377M(12288M) 35.496ms
[2025-01-08T17:22:37.954+0000][161828.320s][info][gc,cpu      ] GC(4792) User=0.20s Sys=0.01s Real=0.04s
[2025-01-08T17:22:38.560+0000][161828.926s][info][gc,start    ] GC(4793) Pause Young (Mixed) (G1 Evacuation Pause)
[2025-01-08T17:22:38.560+0000][161828.926s][info][gc,task     ] GC(4793) Using 6 workers of 6 for evacuation
[2025-01-08T17:22:38.636+0000][161829.002s][info][gc,phases   ] GC(4793)   Pre Evacuate Collection Set: 0.2ms
[2025-01-08T17:22:38.636+0000][161829.002s][info][gc,phases   ] GC(4793)   Merge Heap Roots: 0.8ms
[2025-01-08T17:22:38.636+0000][161829.002s][info][gc,phases   ] GC(4793)   Evacuate Collection Set: 73.1ms
[2025-01-08T17:22:38.636+0000][161829.002s][info][gc,phases   ] GC(4793)   Post Evacuate Collection Set: 2.0ms
[2025-01-08T17:22:38.636+0000][161829.002s][info][gc,phases   ] GC(4793)   Other: 0.2ms
[2025-01-08T17:22:38.636+0000][161829.002s][info][gc,heap     ] GC(4793) Eden regions: 65->0(916)
[2025-01-08T17:22:38.636+0000][161829.002s][info][gc,heap     ] GC(4793) Survivor regions: 11->5(10)
[2025-01-08T17:22:38.636+0000][161829.002s][info][gc,heap     ] GC(4793) Old regions: 237->237
[2025-01-08T17:22:38.636+0000][161829.002s][info][gc,heap     ] GC(4793) Archive regions: 2->2
[2025-01-08T17:22:38.636+0000][161829.002s][info][gc,heap     ] GC(4793) Humongous regions: 49->49
[2025-01-08T17:22:38.636+0000][161829.002s][info][gc,metaspace] GC(4793) Metaspace: 506357K(515136K)->506357K(515136K) NonClass: 444798K(449152K)->444798K(449152K) Class: 61559K(65984K)->61559K(65984K)
[2025-01-08T17:22:38.636+0000][161829.002s][info][gc          ] GC(4793) Pause Young (Mixed) (G1 Evacuation Pause) 2897M->2327M(12288M) 76.344ms
[2025-01-08T17:22:38.636+0000][161829.002s][info][gc,cpu      ] GC(4793) User=0.41s Sys=0.00s Real=0.08s
[2025-01-08T17:22:47.345+0000][161837.711s][info][gc,start    ] GC(4794) Pause Young (Normal) (G1 Evacuation Pause)
[2025-01-08T17:22:47.345+0000][161837.711s][info][gc,task     ] GC(4794) Using 6 workers of 6 for evacuation
[2025-01-08T17:22:47.368+0000][161837.734s][info][gc,phases   ] GC(4794)   Pre Evacuate Collection Set: 0.2ms
[2025-01-08T17:22:47.368+0000][161837.734s][info][gc,phases   ] GC(4794)   Merge Heap Roots: 0.4ms
[2025-01-08T17:22:47.368+0000][161837.734s][info][gc,phases   ] GC(4794)   Evacuate Collection Set: 19.6ms
[2025-01-08T17:22:47.368+0000][161837.734s][info][gc,phases   ] GC(4794)   Post Evacuate Collection Set: 2.5ms
[2025-01-08T17:22:47.368+0000][161837.734s][info][gc,phases   ] GC(4794)   Other: 0.2ms
[2025-01-08T17:22:47.368+0000][161837.734s][info][gc,heap     ] GC(4794) Eden regions: 916->0(915)
[2025-01-08T17:22:47.368+0000][161837.734s][info][gc,heap     ] GC(4794) Survivor regions: 5->6(116)
[2025-01-08T17:22:47.368+0000][161837.734s][info][gc,heap     ] GC(4794) Old regions: 237->237
[2025-01-08T17:22:47.368+0000][161837.734s][info][gc,heap     ] GC(4794) Archive regions: 2->2
[2025-01-08T17:22:47.368+0000][161837.734s][info][gc,heap     ] GC(4794) Humongous regions: 49->49
[2025-01-08T17:22:47.368+0000][161837.734s][info][gc,metaspace] GC(4794) Metaspace: 506357K(515136K)->506357K(515136K) NonClass: 444798K(449152K)->444798K(449152K) Class: 61559K(65984K)->61559K(65984K)
[2025-01-08T17:22:47.368+0000][161837.734s][info][gc          ] GC(4794) Pause Young (Normal) (G1 Evacuation Pause) 9655M->2334M(12288M) 23.037ms
[2025-01-08T17:22:47.368+0000][161837.734s][info][gc,cpu      ] GC(4794) User=0.12s Sys=0.01s Real=0.02s
[2025-01-08T17:22:56.519+0000][161846.885s][info][gc,start    ] GC(4795) Pause Young (Normal) (G1 Evacuation Pause)
[2025-01-08T17:22:56.519+0000][161846.885s][info][gc,task     ] GC(4795) Using 6 workers of 6 for evacuation
[2025-01-08T17:22:56.544+0000][161846.911s][info][gc,phases   ] GC(4795)   Pre Evacuate Collection Set: 0.2ms
[2025-01-08T17:22:56.544+0000][161846.911s][info][gc,phases   ] GC(4795)   Merge Heap Roots: 0.4ms
[2025-01-08T17:22:56.544+0000][161846.911s][info][gc,phases   ] GC(4795)   Evacuate Collection Set: 22.4ms
[2025-01-08T17:22:56.544+0000][161846.911s][info][gc,phases   ] GC(4795)   Post Evacuate Collection Set: 2.5ms
[2025-01-08T17:22:56.544+0000][161846.911s][info][gc,phases   ] GC(4795)   Other: 0.2ms
[2025-01-08T17:22:56.544+0000][161846.911s][info][gc,heap     ] GC(4795) Eden regions: 915->0(914)
[2025-01-08T17:22:56.544+0000][161846.911s][info][gc,heap     ] GC(4795) Survivor regions: 6->7(116)
[2025-01-08T17:22:56.544+0000][161846.911s][info][gc,heap     ] GC(4795) Old regions: 237->237
[2025-01-08T17:22:56.544+0000][161846.911s][info][gc,heap     ] GC(4795) Archive regions: 2->2
[2025-01-08T17:22:56.544+0000][161846.911s][info][gc,heap     ] GC(4795) Humongous regions: 49->49
[2025-01-08T17:22:56.545+0000][161846.911s][info][gc,metaspace] GC(4795) Metaspace: 506357K(515136K)->506357K(515136K) NonClass: 444798K(449152K)->444798K(449152K) Class: 61559K(65984K)->61559K(65984K)
[2025-01-08T17:22:56.545+0000][161846.911s][info][gc          ] GC(4795) Pause Young (Normal) (G1 Evacuation Pause) 9654M->2344M(12288M) 25.852ms
[2025-01-08T17:22:56.545+0000][161846.911s][info][gc,cpu      ] GC(4795) User=0.15s Sys=0.00s Real=0.03s
[2025-01-08T17:23:06.547+0000][161856.913s][info][gc,start    ] GC(4796) Pause Young (Concurrent Start) (G1 Evacuation Pause)
[2025-01-08T17:23:06.547+0000][161856.913s][info][gc,task     ] GC(4796) Using 6 workers of 6 for evacuation
[2025-01-08T17:23:06.580+0000][161856.946s][info][gc,phases   ] GC(4796)   Pre Evacuate Collection Set: 1.1ms
[2025-01-08T17:23:06.580+0000][161856.946s][info][gc,phases   ] GC(4796)   Merge Heap Roots: 0.4ms
[2025-01-08T17:23:06.580+0000][161856.946s][info][gc,phases   ] GC(4796)   Evacuate Collection Set: 28.3ms
[2025-01-08T17:23:06.580+0000][161856.946s][info][gc,phases   ] GC(4796)   Post Evacuate Collection Set: 2.6ms
[2025-01-08T17:23:06.580+0000][161856.946s][info][gc,phases   ] GC(4796)   Other: 0.3ms
[2025-01-08T17:23:06.580+0000][161856.946s][info][gc,heap     ] GC(4796) Eden regions: 914->0(912)
[2025-01-08T17:23:06.580+0000][161856.946s][info][gc,heap     ] GC(4796) Survivor regions: 7->9(116)
[2025-01-08T17:23:06.580+0000][161856.946s][info][gc,heap     ] GC(4796) Old regions: 237->237
[2025-01-08T17:23:06.580+0000][161856.946s][info][gc,heap     ] GC(4796) Archive regions: 2->2
[2025-01-08T17:23:06.580+0000][161856.946s][info][gc,heap     ] GC(4796) Humongous regions: 49->49
[2025-01-08T17:23:06.580+0000][161856.946s][info][gc,metaspace] GC(4796) Metaspace: 506357K(515136K)->506357K(515136K) NonClass: 444798K(449152K)->444798K(449152K) Class: 61559K(65984K)->61559K(65984K)
[2025-01-08T17:23:06.580+0000][161856.946s][info][gc          ] GC(4796) Pause Young (Concurrent Start) (G1 Evacuation Pause) 9656M->2357M(12288M) 32.823ms
[2025-01-08T17:23:06.580+0000][161856.946s][info][gc,cpu      ] GC(4796) User=0.19s Sys=0.01s Real=0.03s
[2025-01-08T17:23:06.580+0000][161856.946s][info][gc          ] GC(4797) Concurrent Mark Cycle
[2025-01-08T17:23:06.580+0000][161856.946s][info][gc,marking  ] GC(4797) Concurrent Clear Claimed Marks
[2025-01-08T17:23:06.581+0000][161856.947s][info][gc,marking  ] GC(4797) Concurrent Clear Claimed Marks 0.908ms
[2025-01-08T17:23:06.581+0000][161856.947s][info][gc,marking  ] GC(4797) Concurrent Scan Root Regions
[2025-01-08T17:23:06.611+0000][161856.977s][info][gc,marking  ] GC(4797) Concurrent Scan Root Regions 30.601ms
[2025-01-08T17:23:06.611+0000][161856.977s][info][gc,marking  ] GC(4797) Concurrent Mark
[2025-01-08T17:23:06.611+0000][161856.977s][info][gc,marking  ] GC(4797) Concurrent Mark From Roots
[2025-01-08T17:23:06.611+0000][161856.977s][info][gc,task     ] GC(4797) Using 2 workers of 2 for marking
[2025-01-08T17:23:07.492+0000][161857.858s][info][gc,marking  ] GC(4797) Concurrent Mark From Roots 880.237ms
[2025-01-08T17:23:07.492+0000][161857.858s][info][gc,marking  ] GC(4797) Concurrent Preclean
[2025-01-08T17:23:07.495+0000][161857.861s][info][gc,marking  ] GC(4797) Concurrent Preclean 3.516ms
[2025-01-08T17:23:07.495+0000][161857.861s][info][gc,start    ] GC(4797) Pause Remark
[2025-01-08T17:23:07.522+0000][161857.888s][info][gc          ] GC(4797) Pause Remark 3221M->3221M(12288M) 26.543ms
[2025-01-08T17:23:07.522+0000][161857.888s][info][gc,cpu      ] GC(4797) User=0.15s Sys=0.00s Real=0.03s
[2025-01-08T17:23:07.522+0000][161857.888s][info][gc,marking  ] GC(4797) Concurrent Mark 910.642ms
[2025-01-08T17:23:07.522+0000][161857.888s][info][gc,marking  ] GC(4797) Concurrent Rebuild Remembered Sets
[2025-01-08T17:23:08.010+0000][161858.376s][info][gc,marking  ] GC(4797) Concurrent Rebuild Remembered Sets 488.242ms
[2025-01-08T17:23:08.010+0000][161858.377s][info][gc,start    ] GC(4797) Pause Cleanup
[2025-01-08T17:23:08.011+0000][161858.377s][info][gc          ] GC(4797) Pause Cleanup 3589M->3589M(12288M) 0.446ms
[2025-01-08T17:23:08.011+0000][161858.377s][info][gc,cpu      ] GC(4797) User=0.00s Sys=0.00s Real=0.00s
[2025-01-08T17:23:08.011+0000][161858.377s][info][gc,marking  ] GC(4797) Concurrent Cleanup for Next Mark
[2025-01-08T17:23:08.026+0000][161858.393s][info][gc,marking  ] GC(4797) Concurrent Cleanup for Next Mark 15.452ms
[2025-01-08T17:23:08.026+0000][161858.393s][info][gc          ] GC(4797) Concurrent Mark Cycle 1446.688ms
[2025-01-08T17:23:17.621+0000][161867.987s][info][gc,start    ] GC(4798) Pause Young (Prepare Mixed) (G1 Evacuation Pause)
[2025-01-08T17:23:17.621+0000][161867.987s][info][gc,task     ] GC(4798) Using 6 workers of 6 for evacuation
[2025-01-08T17:23:17.660+0000][161868.026s][info][gc,phases   ] GC(4798)   Pre Evacuate Collection Set: 0.2ms
[2025-01-08T17:23:17.660+0000][161868.026s][info][gc,phases   ] GC(4798)   Merge Heap Roots: 0.7ms
[2025-01-08T17:23:17.660+0000][161868.026s][info][gc,phases   ] GC(4798)   Evacuate Collection Set: 31.8ms
[2025-01-08T17:23:17.660+0000][161868.026s][info][gc,phases   ] GC(4798)   Post Evacuate Collection Set: 5.6ms
[2025-01-08T17:23:17.660+0000][161868.026s][info][gc,phases   ] GC(4798)   Other: 0.2ms
[2025-01-08T17:23:17.660+0000][161868.026s][info][gc,heap     ] GC(4798) Eden regions: 912->0(64)
[2025-01-08T17:23:17.660+0000][161868.026s][info][gc,heap     ] GC(4798) Survivor regions: 9->12(116)
[2025-01-08T17:23:17.660+0000][161868.026s][info][gc,heap     ] GC(4798) Old regions: 237->237
[2025-01-08T17:23:17.660+0000][161868.026s][info][gc,heap     ] GC(4798) Archive regions: 2->2
[2025-01-08T17:23:17.660+0000][161868.026s][info][gc,heap     ] GC(4798) Humongous regions: 49->49
[2025-01-08T17:23:17.660+0000][161868.026s][info][gc,metaspace] GC(4798) Metaspace: 506357K(515136K)->506357K(515136K) NonClass: 444798K(449152K)->444798K(449152K) Class: 61559K(65984K)->61559K(65984K)
[2025-01-08T17:23:17.660+0000][161868.026s][info][gc          ] GC(4798) Pause Young (Prepare Mixed) (G1 Evacuation Pause) 9653M->2380M(12288M) 38.594ms
[2025-01-08T17:23:17.660+0000][161868.026s][info][gc,cpu      ] GC(4798) User=0.22s Sys=0.00s Real=0.04s
[2025-01-08T17:23:17.961+0000][161868.327s][info][gc,start    ] GC(4799) Pause Young (Mixed) (G1 Evacuation Pause)
[2025-01-08T17:23:17.961+0000][161868.327s][info][gc,task     ] GC(4799) Using 6 workers of 6 for evacuation
[2025-01-08T17:23:18.028+0000][161868.394s][info][gc,phases   ] GC(4799)   Pre Evacuate Collection Set: 0.2ms
[2025-01-08T17:23:18.028+0000][161868.394s][info][gc,phases   ] GC(4799)   Merge Heap Roots: 0.7ms
[2025-01-08T17:23:18.028+0000][161868.394s][info][gc,phases   ] GC(4799)   Evacuate Collection Set: 63.9ms
[2025-01-08T17:23:18.028+0000][161868.394s][info][gc,phases   ] GC(4799)   Post Evacuate Collection Set: 1.9ms
[2025-01-08T17:23:18.028+0000][161868.394s][info][gc,phases   ] GC(4799)   Other: 0.2ms
[2025-01-08T17:23:18.028+0000][161868.394s][info][gc,heap     ] GC(4799) Eden regions: 64->0(917)
[2025-01-08T17:23:18.028+0000][161868.394s][info][gc,heap     ] GC(4799) Survivor regions: 12->4(10)
[2025-01-08T17:23:18.028+0000][161868.394s][info][gc,heap     ] GC(4799) Old regions: 237->238
[2025-01-08T17:23:18.028+0000][161868.394s][info][gc,heap     ] GC(4799) Archive regions: 2->2
[2025-01-08T17:23:18.028+0000][161868.394s][info][gc,heap     ] GC(4799) Humongous regions: 49->49
[2025-01-08T17:23:18.028+0000][161868.394s][info][gc,metaspace] GC(4799) Metaspace: 506357K(515136K)->506357K(515136K) NonClass: 444798K(449152K)->444798K(449152K) Class: 61559K(65984K)->61559K(65984K)
[2025-01-08T17:23:18.028+0000][161868.394s][info][gc          ] GC(4799) Pause Young (Mixed) (G1 Evacuation Pause) 2892M->2331M(12288M) 66.954ms
[2025-01-08T17:23:18.028+0000][161868.394s][info][gc,cpu      ] GC(4799) User=0.38s Sys=0.00s Real=0.07s
[2025-01-08T17:23:24.813+0000][161875.179s][info][gc,start    ] GC(4800) Pause Young (Normal) (G1 Evacuation Pause)
[2025-01-08T17:23:24.813+0000][161875.179s][info][gc,task     ] GC(4800) Using 6 workers of 6 for evacuation
[2025-01-08T17:23:24.835+0000][161875.201s][info][gc,phases   ] GC(4800)   Pre Evacuate Collection Set: 0.2ms
[2025-01-08T17:23:24.835+0000][161875.201s][info][gc,phases   ] GC(4800)   Merge Heap Roots: 0.4ms
[2025-01-08T17:23:24.835+0000][161875.201s][info][gc,phases   ] GC(4800)   Evacuate Collection Set: 18.4ms
[2025-01-08T17:23:24.835+0000][161875.201s][info][gc,phases   ] GC(4800)   Post Evacuate Collection Set: 2.4ms
[2025-01-08T17:23:24.835+0000][161875.201s][info][gc,phases   ] GC(4800)   Other: 0.2ms
[2025-01-08T17:23:24.835+0000][161875.201s][info][gc,heap     ] GC(4800) Eden regions: 917->0(916)
[2025-01-08T17:23:24.835+0000][161875.201s][info][gc,heap     ] GC(4800) Survivor regions: 4->5(116)
[2025-01-08T17:23:24.835+0000][161875.201s][info][gc,heap     ] GC(4800) Old regions: 238->238
[2025-01-08T17:23:24.835+0000][161875.201s][info][gc,heap     ] GC(4800) Archive regions: 2->2
[2025-01-08T17:23:24.835+0000][161875.201s][info][gc,heap     ] GC(4800) Humongous regions: 49->49
[2025-01-08T17:23:24.835+0000][161875.201s][info][gc,metaspace] GC(4800) Metaspace: 506357K(515136K)->506357K(515136K) NonClass: 444798K(449152K)->444798K(449152K) Class: 61559K(65984K)->61559K(65984K)
[2025-01-08T17:23:24.835+0000][161875.201s][info][gc          ] GC(4800) Pause Young (Normal) (G1 Evacuation Pause) 9667M->2335M(12288M) 21.711ms
[2025-01-08T17:23:24.835+0000][161875.201s][info][gc,cpu      ] GC(4800) User=0.12s Sys=0.01s Real=0.02s
[2025-01-08T17:23:35.007+0000][161885.373s][info][gc,start    ] GC(4801) Pause Young (Normal) (G1 Evacuation Pause)
[2025-01-08T17:23:35.007+0000][161885.373s][info][gc,task     ] GC(4801) Using 6 workers of 6 for evacuation
[2025-01-08T17:23:35.031+0000][161885.397s][info][gc,phases   ] GC(4801)   Pre Evacuate Collection Set: 0.2ms
[2025-01-08T17:23:35.031+0000][161885.397s][info][gc,phases   ] GC(4801)   Merge Heap Roots: 0.4ms
[2025-01-08T17:23:35.031+0000][161885.397s][info][gc,phases   ] GC(4801)   Evacuate Collection Set: 19.6ms
[2025-01-08T17:23:35.031+0000][161885.397s][info][gc,phases   ] GC(4801)   Post Evacuate Collection Set: 4.0ms
[2025-01-08T17:23:35.031+0000][161885.397s][info][gc,phases   ] GC(4801)   Other: 0.2ms
[2025-01-08T17:23:35.031+0000][161885.397s][info][gc,heap     ] GC(4801) Eden regions: 916->0(915)
[2025-01-08T17:23:35.031+0000][161885.397s][info][gc,heap     ] GC(4801) Survivor regions: 5->6(116)
[2025-01-08T17:23:35.031+0000][161885.397s][info][gc,heap     ] GC(4801) Old regions: 238->238
[2025-01-08T17:23:35.031+0000][161885.397s][info][gc,heap     ] GC(4801) Archive regions: 2->2
[2025-01-08T17:23:35.031+0000][161885.397s][info][gc,heap     ] GC(4801) Humongous regions: 49->49
[2025-01-08T17:23:35.031+0000][161885.397s][info][gc,metaspace] GC(4801) Metaspace: 506357K(515136K)->506357K(515136K) NonClass: 444798K(449152K)->444798K(449152K) Class: 61559K(65984K)->61559K(65984K)
[2025-01-08T17:23:35.031+0000][161885.397s][info][gc          ] GC(4801) Pause Young (Normal) (G1 Evacuation Pause) 9663M->2345M(12288M) 24.453ms
[2025-01-08T17:23:35.031+0000][161885.397s][info][gc,cpu      ] GC(4801) User=0.14s Sys=0.00s Real=0.03s
[2025-01-08T17:23:43.006+0000][161893.372s][info][gc,start    ] GC(4802) Pause Young (Concurrent Start) (G1 Evacuation Pause)
[2025-01-08T17:23:43.006+0000][161893.372s][info][gc,task     ] GC(4802) Using 6 workers of 6 for evacuation
[2025-01-08T17:23:43.036+0000][161893.403s][info][gc,phases   ] GC(4802)   Pre Evacuate Collection Set: 1.0ms
[2025-01-08T17:23:43.037+0000][161893.403s][info][gc,phases   ] GC(4802)   Merge Heap Roots: 0.4ms
[2025-01-08T17:23:43.037+0000][161893.403s][info][gc,phases   ] GC(4802)   Evacuate Collection Set: 26.0ms
[2025-01-08T17:23:43.037+0000][161893.403s][info][gc,phases   ] GC(4802)   Post Evacuate Collection Set: 2.5ms
[2025-01-08T17:23:43.037+0000][161893.403s][info][gc,phases   ] GC(4802)   Other: 0.3ms
[2025-01-08T17:23:43.037+0000][161893.403s][info][gc,heap     ] GC(4802) Eden regions: 915->0(914)
[2025-01-08T17:23:43.037+0000][161893.403s][info][gc,heap     ] GC(4802) Survivor regions: 6->7(116)
[2025-01-08T17:23:43.037+0000][161893.403s][info][gc,heap     ] GC(4802) Old regions: 238->238
[2025-01-08T17:23:43.037+0000][161893.403s][info][gc,heap     ] GC(4802) Archive regions: 2->2
[2025-01-08T17:23:43.037+0000][161893.403s][info][gc,heap     ] GC(4802) Humongous regions: 49->49
[2025-01-08T17:23:43.037+0000][161893.403s][info][gc,metaspace] GC(4802) Metaspace: 506357K(515136K)->506357K(515136K) NonClass: 444798K(449152K)->444798K(449152K) Class: 61559K(65984K)->61559K(65984K)
[2025-01-08T17:23:43.037+0000][161893.403s][info][gc          ] GC(4802) Pause Young (Concurrent Start) (G1 Evacuation Pause) 9665M->2352M(12288M) 30.328ms
[2025-01-08T17:23:43.037+0000][161893.403s][info][gc,cpu      ] GC(4802) User=0.17s Sys=0.00s Real=0.03s
[2025-01-08T17:23:43.037+0000][161893.403s][info][gc          ] GC(4803) Concurrent Mark Cycle
[2025-01-08T17:23:43.037+0000][161893.403s][info][gc,marking  ] GC(4803) Concurrent Clear Claimed Marks
[2025-01-08T17:23:43.038+0000][161893.404s][info][gc,marking  ] GC(4803) Concurrent Clear Claimed Marks 0.877ms
[2025-01-08T17:23:43.038+0000][161893.404s][info][gc,marking  ] GC(4803) Concurrent Scan Root Regions
[2025-01-08T17:23:43.061+0000][161893.427s][info][gc,marking  ] GC(4803) Concurrent Scan Root Regions 23.731ms
[2025-01-08T17:23:43.061+0000][161893.427s][info][gc,marking  ] GC(4803) Concurrent Mark
[2025-01-08T17:23:43.061+0000][161893.427s][info][gc,marking  ] GC(4803) Concurrent Mark From Roots
[2025-01-08T17:23:43.061+0000][161893.427s][info][gc,task     ] GC(4803) Using 2 workers of 2 for marking
[2025-01-08T17:23:43.875+0000][161894.241s][info][gc,marking  ] GC(4803) Concurrent Mark From Roots 813.529ms
[2025-01-08T17:23:43.875+0000][161894.241s][info][gc,marking  ] GC(4803) Concurrent Preclean
[2025-01-08T17:23:43.877+0000][161894.243s][info][gc,marking  ] GC(4803) Concurrent Preclean 2.390ms
[2025-01-08T17:23:43.877+0000][161894.244s][info][gc,start    ] GC(4803) Pause Remark
[2025-01-08T17:23:43.903+0000][161894.269s][info][gc          ] GC(4803) Pause Remark 2928M->2928M(12288M) 25.932ms
[2025-01-08T17:23:43.903+0000][161894.269s][info][gc,cpu      ] GC(4803) User=0.15s Sys=0.00s Real=0.03s
[2025-01-08T17:23:43.903+0000][161894.270s][info][gc,marking  ] GC(4803) Concurrent Mark 842.158ms
[2025-01-08T17:23:43.904+0000][161894.270s][info][gc,marking  ] GC(4803) Concurrent Rebuild Remembered Sets
[2025-01-08T17:23:44.406+0000][161894.772s][info][gc,marking  ] GC(4803) Concurrent Rebuild Remembered Sets 502.161ms
[2025-01-08T17:23:44.406+0000][161894.772s][info][gc,start    ] GC(4803) Pause Cleanup
[2025-01-08T17:23:44.406+0000][161894.772s][info][gc          ] GC(4803) Pause Cleanup 3064M->3064M(12288M) 0.389ms
[2025-01-08T17:23:44.406+0000][161894.772s][info][gc,cpu      ] GC(4803) User=0.00s Sys=0.00s Real=0.00s
[2025-01-08T17:23:44.406+0000][161894.772s][info][gc,marking  ] GC(4803) Concurrent Cleanup for Next Mark
[2025-01-08T17:23:44.422+0000][161894.788s][info][gc,marking  ] GC(4803) Concurrent Cleanup for Next Mark 15.486ms
[2025-01-08T17:23:44.422+0000][161894.788s][info][gc          ] GC(4803) Concurrent Mark Cycle 1385.183ms
[2025-01-08T17:23:51.532+0000][161901.898s][info][gc,start    ] GC(4804) Pause Young (Prepare Mixed) (G1 Evacuation Pause)
[2025-01-08T17:23:51.532+0000][161901.898s][info][gc,task     ] GC(4804) Using 6 workers of 6 for evacuation
[2025-01-08T17:23:51.565+0000][161901.931s][info][gc,phases   ] GC(4804)   Pre Evacuate Collection Set: 0.2ms
[2025-01-08T17:23:51.565+0000][161901.931s][info][gc,phases   ] GC(4804)   Merge Heap Roots: 0.6ms
[2025-01-08T17:23:51.565+0000][161901.931s][info][gc,phases   ] GC(4804)   Evacuate Collection Set: 29.7ms
[2025-01-08T17:23:51.565+0000][161901.931s][info][gc,phases   ] GC(4804)   Post Evacuate Collection Set: 2.5ms
[2025-01-08T17:23:51.565+0000][161901.931s][info][gc,phases   ] GC(4804)   Other: 0.2ms
[2025-01-08T17:23:51.565+0000][161901.931s][info][gc,heap     ] GC(4804) Eden regions: 914->0(68)
[2025-01-08T17:23:51.565+0000][161901.931s][info][gc,heap     ] GC(4804) Survivor regions: 7->8(116)
[2025-01-08T17:23:51.565+0000][161901.931s][info][gc,heap     ] GC(4804) Old regions: 238->238
[2025-01-08T17:23:51.565+0000][161901.931s][info][gc,heap     ] GC(4804) Archive regions: 2->2
[2025-01-08T17:23:51.565+0000][161901.931s][info][gc,heap     ] GC(4804) Humongous regions: 49->49
[2025-01-08T17:23:51.565+0000][161901.931s][info][gc,metaspace] GC(4804) Metaspace: 506357K(515136K)->506357K(515136K) NonClass: 444798K(449152K)->444798K(449152K) Class: 61559K(65984K)->61559K(65984K)
[2025-01-08T17:23:51.565+0000][161901.931s][info][gc          ] GC(4804) Pause Young (Prepare Mixed) (G1 Evacuation Pause) 9664M->2361M(12288M) 33.369ms
[2025-01-08T17:23:51.565+0000][161901.931s][info][gc,cpu      ] GC(4804) User=0.20s Sys=0.00s Real=0.03s
[2025-01-08T17:23:51.960+0000][161902.326s][info][gc,start    ] GC(4805) Pause Young (Mixed) (G1 Evacuation Pause)
[2025-01-08T17:23:51.960+0000][161902.326s][info][gc,task     ] GC(4805) Using 6 workers of 6 for evacuation
[2025-01-08T17:23:52.017+0000][161902.383s][info][gc,phases   ] GC(4805)   Pre Evacuate Collection Set: 0.2ms
[2025-01-08T17:23:52.017+0000][161902.383s][info][gc,phases   ] GC(4805)   Merge Heap Roots: 0.6ms
[2025-01-08T17:23:52.017+0000][161902.383s][info][gc,phases   ] GC(4805)   Evacuate Collection Set: 54.8ms
[2025-01-08T17:23:52.017+0000][161902.383s][info][gc,phases   ] GC(4805)   Post Evacuate Collection Set: 1.8ms
[2025-01-08T17:23:52.017+0000][161902.383s][info][gc,phases   ] GC(4805)   Other: 0.2ms
[2025-01-08T17:23:52.017+0000][161902.383s][info][gc,heap     ] GC(4805) Eden regions: 68->0(916)
[2025-01-08T17:23:52.017+0000][161902.383s][info][gc,heap     ] GC(4805) Survivor regions: 8->5(10)
[2025-01-08T17:23:52.017+0000][161902.383s][info][gc,heap     ] GC(4805) Old regions: 238->237
[2025-01-08T17:23:52.017+0000][161902.383s][info][gc,heap     ] GC(4805) Archive regions: 2->2
[2025-01-08T17:23:52.017+0000][161902.383s][info][gc,heap     ] GC(4805) Humongous regions: 49->49
[2025-01-08T17:23:52.017+0000][161902.383s][info][gc,metaspace] GC(4805) Metaspace: 506357K(515136K)->506357K(515136K) NonClass: 444798K(449152K)->444798K(449152K) Class: 61559K(65984K)->61559K(65984K)
[2025-01-08T17:23:52.017+0000][161902.383s][info][gc          ] GC(4805) Pause Young (Mixed) (G1 Evacuation Pause) 2905M->2330M(12288M) 57.572ms
[2025-01-08T17:23:52.017+0000][161902.383s][info][gc,cpu      ] GC(4805) User=0.32s Sys=0.00s Real=0.06s
[2025-01-08T17:23:59.222+0000][161909.588s][info][gc,start    ] GC(4806) Pause Young (Normal) (G1 Evacuation Pause)
[2025-01-08T17:23:59.222+0000][161909.588s][info][gc,task     ] GC(4806) Using 6 workers of 6 for evacuation
[2025-01-08T17:23:59.249+0000][161909.615s][info][gc,phases   ] GC(4806)   Pre Evacuate Collection Set: 0.2ms
[2025-01-08T17:23:59.249+0000][161909.615s][info][gc,phases   ] GC(4806)   Merge Heap Roots: 0.4ms
[2025-01-08T17:23:59.249+0000][161909.615s][info][gc,phases   ] GC(4806)   Evacuate Collection Set: 23.6ms
[2025-01-08T17:23:59.249+0000][161909.615s][info][gc,phases   ] GC(4806)   Post Evacuate Collection Set: 2.4ms
[2025-01-08T17:23:59.249+0000][161909.615s][info][gc,phases   ] GC(4806)   Other: 0.2ms
[2025-01-08T17:23:59.249+0000][161909.615s][info][gc,heap     ] GC(4806) Eden regions: 916->0(915)
[2025-01-08T17:23:59.249+0000][161909.615s][info][gc,heap     ] GC(4806) Survivor regions: 5->6(116)
[2025-01-08T17:23:59.249+0000][161909.615s][info][gc,heap     ] GC(4806) Old regions: 237->237
[2025-01-08T17:23:59.249+0000][161909.615s][info][gc,heap     ] GC(4806) Archive regions: 2->2
[2025-01-08T17:23:59.249+0000][161909.615s][info][gc,heap     ] GC(4806) Humongous regions: 49->49
[2025-01-08T17:23:59.249+0000][161909.615s][info][gc,metaspace] GC(4806) Metaspace: 506357K(515136K)->506357K(515136K) NonClass: 444798K(449152K)->444798K(449152K) Class: 61559K(65984K)->61559K(65984K)
[2025-01-08T17:23:59.249+0000][161909.615s][info][gc          ] GC(4806) Pause Young (Normal) (G1 Evacuation Pause) 9658M->2341M(12288M) 27.007ms
[2025-01-08T17:23:59.249+0000][161909.615s][info][gc,cpu      ] GC(4806) User=0.15s Sys=0.00s Real=0.02s
[2025-01-08T17:24:06.244+0000][161916.610s][info][gc,start    ] GC(4807) Pause Young (Normal) (G1 Evacuation Pause)
[2025-01-08T17:24:06.244+0000][161916.610s][info][gc,task     ] GC(4807) Using 6 workers of 6 for evacuation
[2025-01-08T17:24:06.272+0000][161916.638s][info][gc,phases   ] GC(4807)   Pre Evacuate Collection Set: 0.2ms
[2025-01-08T17:24:06.272+0000][161916.638s][info][gc,phases   ] GC(4807)   Merge Heap Roots: 0.4ms
[2025-01-08T17:24:06.272+0000][161916.638s][info][gc,phases   ] GC(4807)   Evacuate Collection Set: 24.7ms
[2025-01-08T17:24:06.272+0000][161916.638s][info][gc,phases   ] GC(4807)   Post Evacuate Collection Set: 2.4ms
[2025-01-08T17:24:06.272+0000][161916.638s][info][gc,phases   ] GC(4807)   Other: 0.2ms
[2025-01-08T17:24:06.272+0000][161916.638s][info][gc,heap     ] GC(4807) Eden regions: 915->0(914)
[2025-01-08T17:24:06.272+0000][161916.638s][info][gc,heap     ] GC(4807) Survivor regions: 6->7(116)
[2025-01-08T17:24:06.272+0000][161916.638s][info][gc,heap     ] GC(4807) Old regions: 237->237
[2025-01-08T17:24:06.272+0000][161916.638s][info][gc,heap     ] GC(4807) Archive regions: 2->2
[2025-01-08T17:24:06.272+0000][161916.638s][info][gc,heap     ] GC(4807) Humongous regions: 49->49
[2025-01-08T17:24:06.272+0000][161916.638s][info][gc,metaspace] GC(4807) Metaspace: 506357K(515136K)->506357K(515136K) NonClass: 444798K(449152K)->444798K(449152K) Class: 61559K(65984K)->61559K(65984K)
[2025-01-08T17:24:06.272+0000][161916.638s][info][gc          ] GC(4807) Pause Young (Normal) (G1 Evacuation Pause) 9661M->2347M(12288M) 27.999ms
[2025-01-08T17:24:06.272+0000][161916.638s][info][gc,cpu      ] GC(4807) User=0.16s Sys=0.00s Real=0.03s
[2025-01-08T17:24:11.448+0000][161921.814s][info][gc,start    ] GC(4808) Pause Young (Concurrent Start) (G1 Evacuation Pause)
[2025-01-08T17:24:11.448+0000][161921.814s][info][gc,task     ] GC(4808) Using 6 workers of 6 for evacuation
[2025-01-08T17:24:11.480+0000][161921.846s][info][gc,phases   ] GC(4808)   Pre Evacuate Collection Set: 1.1ms
[2025-01-08T17:24:11.480+0000][161921.846s][info][gc,phases   ] GC(4808)   Merge Heap Roots: 0.5ms
[2025-01-08T17:24:11.480+0000][161921.846s][info][gc,phases   ] GC(4808)   Evacuate Collection Set: 26.5ms
[2025-01-08T17:24:11.480+0000][161921.846s][info][gc,phases   ] GC(4808)   Post Evacuate Collection Set: 3.7ms
[2025-01-08T17:24:11.480+0000][161921.846s][info][gc,phases   ] GC(4808)   Other: 0.3ms
[2025-01-08T17:24:11.480+0000][161921.846s][info][gc,heap     ] GC(4808) Eden regions: 914->0(913)
[2025-01-08T17:24:11.480+0000][161921.846s][info][gc,heap     ] GC(4808) Survivor regions: 7->8(116)
[2025-01-08T17:24:11.480+0000][161921.846s][info][gc,heap     ] GC(4808) Old regions: 237->237
[2025-01-08T17:24:11.480+0000][161921.846s][info][gc,heap     ] GC(4808) Archive regions: 2->2
[2025-01-08T17:24:11.480+0000][161921.846s][info][gc,heap     ] GC(4808) Humongous regions: 49->49
[2025-01-08T17:24:11.480+0000][161921.846s][info][gc,metaspace] GC(4808) Metaspace: 506357K(515136K)->506357K(515136K) NonClass: 444798K(449152K)->444798K(449152K) Class: 61559K(65984K)->61559K(65984K)
[2025-01-08T17:24:11.480+0000][161921.846s][info][gc          ] GC(4808) Pause Young (Concurrent Start) (G1 Evacuation Pause) 9659M->2358M(12288M) 32.127ms
[2025-01-08T17:24:11.480+0000][161921.846s][info][gc,cpu      ] GC(4808) User=0.18s Sys=0.00s Real=0.03s
[2025-01-08T17:24:11.480+0000][161921.846s][info][gc          ] GC(4809) Concurrent Mark Cycle
[2025-01-08T17:24:11.480+0000][161921.846s][info][gc,marking  ] GC(4809) Concurrent Clear Claimed Marks
[2025-01-08T17:24:11.481+0000][161921.847s][info][gc,marking  ] GC(4809) Concurrent Clear Claimed Marks 0.866ms
[2025-01-08T17:24:11.481+0000][161921.847s][info][gc,marking  ] GC(4809) Concurrent Scan Root Regions
[2025-01-08T17:24:11.504+0000][161921.870s][info][gc,marking  ] GC(4809) Concurrent Scan Root Regions 22.754ms
[2025-01-08T17:24:11.504+0000][161921.870s][info][gc,marking  ] GC(4809) Concurrent Mark
[2025-01-08T17:24:11.504+0000][161921.870s][info][gc,marking  ] GC(4809) Concurrent Mark From Roots
[2025-01-08T17:24:11.504+0000][161921.870s][info][gc,task     ] GC(4809) Using 2 workers of 2 for marking
[2025-01-08T17:24:12.622+0000][161922.988s][info][gc,marking  ] GC(4809) Concurrent Mark From Roots 1117.989ms
[2025-01-08T17:24:12.622+0000][161922.988s][info][gc,marking  ] GC(4809) Concurrent Preclean
[2025-01-08T17:24:12.625+0000][161922.991s][info][gc,marking  ] GC(4809) Concurrent Preclean 2.977ms
[2025-01-08T17:24:12.625+0000][161922.991s][info][gc,start    ] GC(4809) Pause Remark
[2025-01-08T17:24:12.652+0000][161923.018s][info][gc          ] GC(4809) Pause Remark 4186M->4186M(12288M) 26.463ms
[2025-01-08T17:24:12.652+0000][161923.018s][info][gc,cpu      ] GC(4809) User=0.15s Sys=0.00s Real=0.03s
[2025-01-08T17:24:12.652+0000][161923.018s][info][gc,marking  ] GC(4809) Concurrent Mark 1147.811ms
[2025-01-08T17:24:12.652+0000][161923.018s][info][gc,marking  ] GC(4809) Concurrent Rebuild Remembered Sets
[2025-01-08T17:24:13.320+0000][161923.686s][info][gc,marking  ] GC(4809) Concurrent Rebuild Remembered Sets 668.216ms
[2025-01-08T17:24:13.320+0000][161923.686s][info][gc,start    ] GC(4809) Pause Cleanup
[2025-01-08T17:24:13.321+0000][161923.687s][info][gc          ] GC(4809) Pause Cleanup 5354M->5354M(12288M) 0.476ms
[2025-01-08T17:24:13.321+0000][161923.687s][info][gc,cpu      ] GC(4809) User=0.00s Sys=0.00s Real=0.00s
[2025-01-08T17:24:13.321+0000][161923.687s][info][gc,marking  ] GC(4809) Concurrent Cleanup for Next Mark
[2025-01-08T17:24:13.336+0000][161923.702s][info][gc,marking  ] GC(4809) Concurrent Cleanup for Next Mark 15.436ms
[2025-01-08T17:24:13.336+0000][161923.702s][info][gc          ] GC(4809) Concurrent Mark Cycle 1855.937ms
[2025-01-08T17:24:15.899+0000][161926.265s][info][gc,start    ] GC(4810) Pause Young (Prepare Mixed) (G1 Evacuation Pause)
[2025-01-08T17:24:15.899+0000][161926.265s][info][gc,task     ] GC(4810) Using 6 workers of 6 for evacuation
[2025-01-08T17:24:15.933+0000][161926.299s][info][gc,phases   ] GC(4810)   Pre Evacuate Collection Set: 0.2ms
[2025-01-08T17:24:15.933+0000][161926.299s][info][gc,phases   ] GC(4810)   Merge Heap Roots: 0.7ms
[2025-01-08T17:24:15.933+0000][161926.299s][info][gc,phases   ] GC(4810)   Evacuate Collection Set: 29.4ms
[2025-01-08T17:24:15.933+0000][161926.299s][info][gc,phases   ] GC(4810)   Post Evacuate Collection Set: 4.0ms
[2025-01-08T17:24:15.933+0000][161926.299s][info][gc,phases   ] GC(4810)   Other: 0.2ms
[2025-01-08T17:24:15.933+0000][161926.299s][info][gc,heap     ] GC(4810) Eden regions: 913->0(66)
[2025-01-08T17:24:15.933+0000][161926.299s][info][gc,heap     ] GC(4810) Survivor regions: 8->10(116)
[2025-01-08T17:24:15.933+0000][161926.299s][info][gc,heap     ] GC(4810) Old regions: 237->237
[2025-01-08T17:24:15.933+0000][161926.299s][info][gc,heap     ] GC(4810) Archive regions: 2->2
[2025-01-08T17:24:15.933+0000][161926.299s][info][gc,heap     ] GC(4810) Humongous regions: 49->49
[2025-01-08T17:24:15.933+0000][161926.299s][info][gc,metaspace] GC(4810) Metaspace: 506357K(515136K)->506357K(515136K) NonClass: 444798K(449152K)->444798K(449152K) Class: 61559K(65984K)->61559K(65984K)
[2025-01-08T17:24:15.933+0000][161926.299s][info][gc          ] GC(4810) Pause Young (Prepare Mixed) (G1 Evacuation Pause) 9662M->2368M(12288M) 34.540ms
[2025-01-08T17:24:15.933+0000][161926.299s][info][gc,cpu      ] GC(4810) User=0.19s Sys=0.01s Real=0.04s
[2025-01-08T17:24:16.241+0000][161926.607s][info][gc,start    ] GC(4811) Pause Young (Mixed) (G1 Evacuation Pause)
[2025-01-08T17:24:16.241+0000][161926.607s][info][gc,task     ] GC(4811) Using 6 workers of 6 for evacuation
[2025-01-08T17:24:16.292+0000][161926.658s][info][gc,phases   ] GC(4811)   Pre Evacuate Collection Set: 0.2ms
[2025-01-08T17:24:16.292+0000][161926.658s][info][gc,phases   ] GC(4811)   Merge Heap Roots: 0.7ms
[2025-01-08T17:24:16.292+0000][161926.658s][info][gc,phases   ] GC(4811)   Evacuate Collection Set: 48.0ms
[2025-01-08T17:24:16.292+0000][161926.658s][info][gc,phases   ] GC(4811)   Post Evacuate Collection Set: 1.7ms
[2025-01-08T17:24:16.292+0000][161926.658s][info][gc,phases   ] GC(4811)   Other: 0.2ms
[2025-01-08T17:24:16.292+0000][161926.658s][info][gc,heap     ] GC(4811) Eden regions: 66->0(917)
[2025-01-08T17:24:16.292+0000][161926.658s][info][gc,heap     ] GC(4811) Survivor regions: 10->4(10)
[2025-01-08T17:24:16.292+0000][161926.658s][info][gc,heap     ] GC(4811) Old regions: 237->235
[2025-01-08T17:24:16.292+0000][161926.658s][info][gc,heap     ] GC(4811) Archive regions: 2->2
[2025-01-08T17:24:16.292+0000][161926.658s][info][gc,heap     ] GC(4811) Humongous regions: 49->49
[2025-01-08T17:24:16.292+0000][161926.658s][info][gc,metaspace] GC(4811) Metaspace: 506357K(515136K)->506357K(515136K) NonClass: 444798K(449152K)->444798K(449152K) Class: 61559K(65984K)->61559K(65984K)
[2025-01-08T17:24:16.292+0000][161926.658s][info][gc          ] GC(4811) Pause Young (Mixed) (G1 Evacuation Pause) 2896M->2306M(12288M) 50.819ms
[2025-01-08T17:24:16.292+0000][161926.658s][info][gc,cpu      ] GC(4811) User=0.30s Sys=0.00s Real=0.06s
[2025-01-08T17:24:20.815+0000][161931.181s][info][gc,start    ] GC(4812) Pause Young (Normal) (G1 Evacuation Pause)
[2025-01-08T17:24:20.815+0000][161931.181s][info][gc,task     ] GC(4812) Using 6 workers of 6 for evacuation
[2025-01-08T17:24:20.836+0000][161931.202s][info][gc,phases   ] GC(4812)   Pre Evacuate Collection Set: 0.2ms
[2025-01-08T17:24:20.836+0000][161931.202s][info][gc,phases   ] GC(4812)   Merge Heap Roots: 0.4ms
[2025-01-08T17:24:20.836+0000][161931.202s][info][gc,phases   ] GC(4812)   Evacuate Collection Set: 18.4ms
[2025-01-08T17:24:20.836+0000][161931.203s][info][gc,phases   ] GC(4812)   Post Evacuate Collection Set: 2.4ms
[2025-01-08T17:24:20.836+0000][161931.203s][info][gc,phases   ] GC(4812)   Other: 0.2ms
[2025-01-08T17:24:20.836+0000][161931.203s][info][gc,heap     ] GC(4812) Eden regions: 917->0(916)
[2025-01-08T17:24:20.836+0000][161931.203s][info][gc,heap     ] GC(4812) Survivor regions: 4->5(116)
[2025-01-08T17:24:20.836+0000][161931.203s][info][gc,heap     ] GC(4812) Old regions: 235->235
[2025-01-08T17:24:20.836+0000][161931.203s][info][gc,heap     ] GC(4812) Archive regions: 2->2
[2025-01-08T17:24:20.836+0000][161931.203s][info][gc,heap     ] GC(4812) Humongous regions: 49->49
[2025-01-08T17:24:20.836+0000][161931.203s][info][gc,metaspace] GC(4812) Metaspace: 506357K(515136K)->506357K(515136K) NonClass: 444798K(449152K)->444798K(449152K) Class: 61559K(65984K)->61559K(65984K)
[2025-01-08T17:24:20.836+0000][161931.203s][info][gc          ] GC(4812) Pause Young (Normal) (G1 Evacuation Pause) 9642M->2315M(12288M) 21.713ms
[2025-01-08T17:24:20.837+0000][161931.203s][info][gc,cpu      ] GC(4812) User=0.12s Sys=0.00s Real=0.02s
[2025-01-08T17:24:25.712+0000][161936.079s][info][gc,start    ] GC(4813) Pause Young (Normal) (G1 Evacuation Pause)
[2025-01-08T17:24:25.713+0000][161936.079s][info][gc,task     ] GC(4813) Using 6 workers of 6 for evacuation
[2025-01-08T17:24:25.733+0000][161936.099s][info][gc,phases   ] GC(4813)   Pre Evacuate Collection Set: 0.2ms
[2025-01-08T17:24:25.733+0000][161936.099s][info][gc,phases   ] GC(4813)   Merge Heap Roots: 0.4ms
[2025-01-08T17:24:25.733+0000][161936.099s][info][gc,phases   ] GC(4813)   Evacuate Collection Set: 16.4ms
[2025-01-08T17:24:25.733+0000][161936.099s][info][gc,phases   ] GC(4813)   Post Evacuate Collection Set: 3.6ms
[2025-01-08T17:24:25.733+0000][161936.099s][info][gc,phases   ] GC(4813)   Other: 0.2ms
[2025-01-08T17:24:25.733+0000][161936.099s][info][gc,heap     ] GC(4813) Eden regions: 916->0(916)
[2025-01-08T17:24:25.733+0000][161936.099s][info][gc,heap     ] GC(4813) Survivor regions: 5->5(116)
[2025-01-08T17:24:25.733+0000][161936.099s][info][gc,heap     ] GC(4813) Old regions: 235->235
[2025-01-08T17:24:25.733+0000][161936.099s][info][gc,heap     ] GC(4813) Archive regions: 2->2
[2025-01-08T17:24:25.733+0000][161936.099s][info][gc,heap     ] GC(4813) Humongous regions: 49->49
[2025-01-08T17:24:25.733+0000][161936.099s][info][gc,metaspace] GC(4813) Metaspace: 506357K(515136K)->506357K(515136K) NonClass: 444798K(449152K)->444798K(449152K) Class: 61559K(65984K)->61559K(65984K)
[2025-01-08T17:24:25.733+0000][161936.099s][info][gc          ] GC(4813) Pause Young (Normal) (G1 Evacuation Pause) 9643M->2312M(12288M) 20.774ms
[2025-01-08T17:24:25.733+0000][161936.099s][info][gc,cpu      ] GC(4813) User=0.12s Sys=0.00s Real=0.02s
[2025-01-08T17:24:30.794+0000][161941.160s][info][gc,start    ] GC(4814) Pause Young (Concurrent Start) (G1 Evacuation Pause)
[2025-01-08T17:24:30.794+0000][161941.160s][info][gc,task     ] GC(4814) Using 6 workers of 6 for evacuation
[2025-01-08T17:24:30.819+0000][161941.185s][info][gc,phases   ] GC(4814)   Pre Evacuate Collection Set: 1.1ms
[2025-01-08T17:24:30.819+0000][161941.185s][info][gc,phases   ] GC(4814)   Merge Heap Roots: 0.4ms
[2025-01-08T17:24:30.819+0000][161941.185s][info][gc,phases   ] GC(4814)   Evacuate Collection Set: 20.7ms
[2025-01-08T17:24:30.819+0000][161941.185s][info][gc,phases   ] GC(4814)   Post Evacuate Collection Set: 2.4ms
[2025-01-08T17:24:30.819+0000][161941.185s][info][gc,phases   ] GC(4814)   Other: 0.3ms
[2025-01-08T17:24:30.819+0000][161941.185s][info][gc,heap     ] GC(4814) Eden regions: 916->0(915)
[2025-01-08T17:24:30.819+0000][161941.185s][info][gc,heap     ] GC(4814) Survivor regions: 5->6(116)
[2025-01-08T17:24:30.819+0000][161941.185s][info][gc,heap     ] GC(4814) Old regions: 235->235
[2025-01-08T17:24:30.819+0000][161941.185s][info][gc,heap     ] GC(4814) Archive regions: 2->2
[2025-01-08T17:24:30.819+0000][161941.185s][info][gc,heap     ] GC(4814) Humongous regions: 49->49
[2025-01-08T17:24:30.819+0000][161941.185s][info][gc,metaspace] GC(4814) Metaspace: 506357K(515136K)->506357K(515136K) NonClass: 444798K(449152K)->444798K(449152K) Class: 61559K(65984K)->61559K(65984K)
[2025-01-08T17:24:30.819+0000][161941.185s][info][gc          ] GC(4814) Pause Young (Concurrent Start) (G1 Evacuation Pause) 9640M->2323M(12288M) 24.995ms
[2025-01-08T17:24:30.819+0000][161941.185s][info][gc,cpu      ] GC(4814) User=0.14s Sys=0.00s Real=0.02s
[2025-01-08T17:24:30.819+0000][161941.185s][info][gc          ] GC(4815) Concurrent Mark Cycle
[2025-01-08T17:24:30.819+0000][161941.185s][info][gc,marking  ] GC(4815) Concurrent Clear Claimed Marks
[2025-01-08T17:24:30.820+0000][161941.186s][info][gc,marking  ] GC(4815) Concurrent Clear Claimed Marks 0.851ms
[2025-01-08T17:24:30.820+0000][161941.186s][info][gc,marking  ] GC(4815) Concurrent Scan Root Regions
[2025-01-08T17:24:30.838+0000][161941.204s][info][gc,marking  ] GC(4815) Concurrent Scan Root Regions 18.277ms
[2025-01-08T17:24:30.838+0000][161941.204s][info][gc,marking  ] GC(4815) Concurrent Mark
[2025-01-08T17:24:30.838+0000][161941.204s][info][gc,marking  ] GC(4815) Concurrent Mark From Roots
[2025-01-08T17:24:30.838+0000][161941.204s][info][gc,task     ] GC(4815) Using 2 workers of 2 for marking
[2025-01-08T17:24:31.727+0000][161942.093s][info][gc,marking  ] GC(4815) Concurrent Mark From Roots 889.012ms
[2025-01-08T17:24:31.727+0000][161942.093s][info][gc,marking  ] GC(4815) Concurrent Preclean
[2025-01-08T17:24:31.730+0000][161942.097s][info][gc,marking  ] GC(4815) Concurrent Preclean 3.357ms
[2025-01-08T17:24:31.731+0000][161942.097s][info][gc,start    ] GC(4815) Pause Remark
[2025-01-08T17:24:31.756+0000][161942.123s][info][gc          ] GC(4815) Pause Remark 3675M->3675M(12288M) 25.908ms
[2025-01-08T17:24:31.757+0000][161942.123s][info][gc,cpu      ] GC(4815) User=0.15s Sys=0.01s Real=0.02s
[2025-01-08T17:24:31.757+0000][161942.123s][info][gc,marking  ] GC(4815) Concurrent Mark 918.608ms
[2025-01-08T17:24:31.757+0000][161942.123s][info][gc,marking  ] GC(4815) Concurrent Rebuild Remembered Sets
[2025-01-08T17:24:32.271+0000][161942.637s][info][gc,marking  ] GC(4815) Concurrent Rebuild Remembered Sets 514.341ms
[2025-01-08T17:24:32.271+0000][161942.637s][info][gc,start    ] GC(4815) Pause Cleanup
[2025-01-08T17:24:32.272+0000][161942.638s][info][gc          ] GC(4815) Pause Cleanup 4227M->4227M(12288M) 0.426ms
[2025-01-08T17:24:32.272+0000][161942.638s][info][gc,cpu      ] GC(4815) User=0.00s Sys=0.00s Real=0.00s
[2025-01-08T17:24:32.272+0000][161942.638s][info][gc,marking  ] GC(4815) Concurrent Cleanup for Next Mark
[2025-01-08T17:24:32.287+0000][161942.653s][info][gc,marking  ] GC(4815) Concurrent Cleanup for Next Mark 15.389ms
[2025-01-08T17:24:32.287+0000][161942.653s][info][gc          ] GC(4815) Concurrent Mark Cycle 1468.272ms
[2025-01-08T17:24:40.082+0000][161950.448s][info][gc,start    ] GC(4816) Pause Young (Prepare Mixed) (G1 Evacuation Pause)
[2025-01-08T17:24:40.082+0000][161950.448s][info][gc,task     ] GC(4816) Using 6 workers of 6 for evacuation
[2025-01-08T17:24:40.117+0000][161950.483s][info][gc,phases   ] GC(4816)   Pre Evacuate Collection Set: 0.2ms
[2025-01-08T17:24:40.117+0000][161950.483s][info][gc,phases   ] GC(4816)   Merge Heap Roots: 0.6ms
[2025-01-08T17:24:40.117+0000][161950.483s][info][gc,phases   ] GC(4816)   Evacuate Collection Set: 30.7ms
[2025-01-08T17:24:40.117+0000][161950.483s][info][gc,phases   ] GC(4816)   Post Evacuate Collection Set: 2.9ms
[2025-01-08T17:24:40.117+0000][161950.483s][info][gc,phases   ] GC(4816)   Other: 0.2ms
[2025-01-08T17:24:40.117+0000][161950.483s][info][gc,heap     ] GC(4816) Eden regions: 915->0(68)
[2025-01-08T17:24:40.117+0000][161950.483s][info][gc,heap     ] GC(4816) Survivor regions: 6->8(116)
[2025-01-08T17:24:40.117+0000][161950.483s][info][gc,heap     ] GC(4816) Old regions: 235->235
[2025-01-08T17:24:40.117+0000][161950.483s][info][gc,heap     ] GC(4816) Archive regions: 2->2
[2025-01-08T17:24:40.117+0000][161950.483s][info][gc,heap     ] GC(4816) Humongous regions: 49->49
[2025-01-08T17:24:40.117+0000][161950.483s][info][gc,metaspace] GC(4816) Metaspace: 506359K(515136K)->506359K(515136K) NonClass: 444800K(449152K)->444800K(449152K) Class: 61559K(65984K)->61559K(65984K)
[2025-01-08T17:24:40.117+0000][161950.483s][info][gc          ] GC(4816) Pause Young (Prepare Mixed) (G1 Evacuation Pause) 9643M->2338M(12288M) 34.782ms
[2025-01-08T17:24:40.117+0000][161950.483s][info][gc,cpu      ] GC(4816) User=0.20s Sys=0.00s Real=0.03s
[2025-01-08T17:24:40.860+0000][161951.226s][info][gc,start    ] GC(4817) Pause Young (Mixed) (G1 Evacuation Pause)
[2025-01-08T17:24:40.860+0000][161951.226s][info][gc,task     ] GC(4817) Using 6 workers of 6 for evacuation
[2025-01-08T17:24:40.910+0000][161951.276s][info][gc,phases   ] GC(4817)   Pre Evacuate Collection Set: 0.2ms
[2025-01-08T17:24:40.910+0000][161951.276s][info][gc,phases   ] GC(4817)   Merge Heap Roots: 0.5ms
[2025-01-08T17:24:40.910+0000][161951.276s][info][gc,phases   ] GC(4817)   Evacuate Collection Set: 47.5ms
[2025-01-08T17:24:40.910+0000][161951.276s][info][gc,phases   ] GC(4817)   Post Evacuate Collection Set: 1.6ms
[2025-01-08T17:24:40.910+0000][161951.276s][info][gc,phases   ] GC(4817)   Other: 0.2ms
[2025-01-08T17:24:40.910+0000][161951.276s][info][gc,heap     ] GC(4817) Eden regions: 68->0(916)
[2025-01-08T17:24:40.910+0000][161951.276s][info][gc,heap     ] GC(4817) Survivor regions: 8->5(10)
[2025-01-08T17:24:40.910+0000][161951.276s][info][gc,heap     ] GC(4817) Old regions: 235->233
[2025-01-08T17:24:40.910+0000][161951.276s][info][gc,heap     ] GC(4817) Archive regions: 2->2
[2025-01-08T17:24:40.910+0000][161951.276s][info][gc,heap     ] GC(4817) Humongous regions: 49->49
[2025-01-08T17:24:40.910+0000][161951.276s][info][gc,metaspace] GC(4817) Metaspace: 506359K(515136K)->506359K(515136K) NonClass: 444800K(449152K)->444800K(449152K) Class: 61559K(65984K)->61559K(65984K)
[2025-01-08T17:24:40.910+0000][161951.276s][info][gc          ] GC(4817) Pause Young (Mixed) (G1 Evacuation Pause) 2882M->2297M(12288M) 50.102ms
[2025-01-08T17:24:40.910+0000][161951.276s][info][gc,cpu      ] GC(4817) User=0.29s Sys=0.01s Real=0.06s
[2025-01-08T17:24:46.991+0000][161957.357s][info][gc,start    ] GC(4818) Pause Young (Normal) (G1 Evacuation Pause)
[2025-01-08T17:24:46.991+0000][161957.357s][info][gc,task     ] GC(4818) Using 6 workers of 6 for evacuation
[2025-01-08T17:24:47.016+0000][161957.383s][info][gc,phases   ] GC(4818)   Pre Evacuate Collection Set: 0.2ms
[2025-01-08T17:24:47.016+0000][161957.383s][info][gc,phases   ] GC(4818)   Merge Heap Roots: 0.4ms
[2025-01-08T17:24:47.017+0000][161957.383s][info][gc,phases   ] GC(4818)   Evacuate Collection Set: 22.1ms
[2025-01-08T17:24:47.017+0000][161957.383s][info][gc,phases   ] GC(4818)   Post Evacuate Collection Set: 2.4ms
[2025-01-08T17:24:47.017+0000][161957.383s][info][gc,phases   ] GC(4818)   Other: 0.2ms
[2025-01-08T17:24:47.017+0000][161957.383s][info][gc,heap     ] GC(4818) Eden regions: 916->0(915)
[2025-01-08T17:24:47.017+0000][161957.383s][info][gc,heap     ] GC(4818) Survivor regions: 5->6(116)
[2025-01-08T17:24:47.017+0000][161957.383s][info][gc,heap     ] GC(4818) Old regions: 233->233
[2025-01-08T17:24:47.017+0000][161957.383s][info][gc,heap     ] GC(4818) Archive regions: 2->2
[2025-01-08T17:24:47.017+0000][161957.383s][info][gc,heap     ] GC(4818) Humongous regions: 49->49
[2025-01-08T17:24:47.017+0000][161957.383s][info][gc,metaspace] GC(4818) Metaspace: 506359K(515136K)->506359K(515136K) NonClass: 444800K(449152K)->444800K(449152K) Class: 61559K(65984K)->61559K(65984K)
[2025-01-08T17:24:47.017+0000][161957.383s][info][gc          ] GC(4818) Pause Young (Normal) (G1 Evacuation Pause) 9625M->2306M(12288M) 25.419ms
[2025-01-08T17:24:47.017+0000][161957.383s][info][gc,cpu      ] GC(4818) User=0.15s Sys=0.00s Real=0.02s
[2025-01-08T17:24:51.272+0000][161961.638s][info][gc,start    ] GC(4819) Pause Young (Normal) (G1 Evacuation Pause)
[2025-01-08T17:24:51.272+0000][161961.638s][info][gc,task     ] GC(4819) Using 6 workers of 6 for evacuation
[2025-01-08T17:24:51.298+0000][161961.664s][info][gc,phases   ] GC(4819)   Pre Evacuate Collection Set: 0.2ms
[2025-01-08T17:24:51.298+0000][161961.664s][info][gc,phases   ] GC(4819)   Merge Heap Roots: 0.4ms
[2025-01-08T17:24:51.298+0000][161961.664s][info][gc,phases   ] GC(4819)   Evacuate Collection Set: 22.3ms
[2025-01-08T17:24:51.298+0000][161961.664s][info][gc,phases   ] GC(4819)   Post Evacuate Collection Set: 2.4ms
[2025-01-08T17:24:51.298+0000][161961.664s][info][gc,phases   ] GC(4819)   Other: 0.2ms
[2025-01-08T17:24:51.298+0000][161961.664s][info][gc,heap     ] GC(4819) Eden regions: 915->0(914)
[2025-01-08T17:24:51.298+0000][161961.664s][info][gc,heap     ] GC(4819) Survivor regions: 6->7(116)
[2025-01-08T17:24:51.298+0000][161961.664s][info][gc,heap     ] GC(4819) Old regions: 233->233
[2025-01-08T17:24:51.298+0000][161961.664s][info][gc,heap     ] GC(4819) Archive regions: 2->2
[2025-01-08T17:24:51.298+0000][161961.664s][info][gc,heap     ] GC(4819) Humongous regions: 49->49
[2025-01-08T17:24:51.298+0000][161961.664s][info][gc,metaspace] GC(4819) Metaspace: 506359K(515136K)->506359K(515136K) NonClass: 444800K(449152K)->444800K(449152K) Class: 61559K(65984K)->61559K(65984K)
[2025-01-08T17:24:51.298+0000][161961.664s][info][gc          ] GC(4819) Pause Young (Normal) (G1 Evacuation Pause) 9626M->2309M(12288M) 25.658ms
[2025-01-08T17:24:51.298+0000][161961.664s][info][gc,cpu      ] GC(4819) User=0.15s Sys=0.00s Real=0.02s
[2025-01-08T17:25:02.925+0000][161973.291s][info][gc,start    ] GC(4820) Pause Young (Concurrent Start) (G1 Evacuation Pause)
[2025-01-08T17:25:02.925+0000][161973.291s][info][gc,task     ] GC(4820) Using 6 workers of 6 for evacuation
[2025-01-08T17:25:02.962+0000][161973.328s][info][gc,phases   ] GC(4820)   Pre Evacuate Collection Set: 1.1ms
[2025-01-08T17:25:02.962+0000][161973.328s][info][gc,phases   ] GC(4820)   Merge Heap Roots: 0.5ms
[2025-01-08T17:25:02.962+0000][161973.328s][info][gc,phases   ] GC(4820)   Evacuate Collection Set: 30.3ms
[2025-01-08T17:25:02.962+0000][161973.328s][info][gc,phases   ] GC(4820)   Post Evacuate Collection Set: 4.2ms
[2025-01-08T17:25:02.962+0000][161973.328s][info][gc,phases   ] GC(4820)   Other: 0.3ms
[2025-01-08T17:25:02.962+0000][161973.328s][info][gc,heap     ] GC(4820) Eden regions: 914->0(911)
[2025-01-08T17:25:02.962+0000][161973.328s][info][gc,heap     ] GC(4820) Survivor regions: 7->10(116)
[2025-01-08T17:25:02.962+0000][161973.328s][info][gc,heap     ] GC(4820) Old regions: 233->233
[2025-01-08T17:25:02.962+0000][161973.328s][info][gc,heap     ] GC(4820) Archive regions: 2->2
[2025-01-08T17:25:02.962+0000][161973.328s][info][gc,heap     ] GC(4820) Humongous regions: 49->49
[2025-01-08T17:25:02.962+0000][161973.328s][info][gc,metaspace] GC(4820) Metaspace: 506376K(515136K)->506376K(515136K) NonClass: 444817K(449152K)->444817K(449152K) Class: 61559K(65984K)->61559K(65984K)
[2025-01-08T17:25:02.962+0000][161973.328s][info][gc          ] GC(4820) Pause Young (Concurrent Start) (G1 Evacuation Pause) 9621M->2333M(12288M) 36.469ms
[2025-01-08T17:25:02.962+0000][161973.328s][info][gc,cpu      ] GC(4820) User=0.20s Sys=0.00s Real=0.04s
[2025-01-08T17:25:02.962+0000][161973.328s][info][gc          ] GC(4821) Concurrent Mark Cycle
[2025-01-08T17:25:02.962+0000][161973.328s][info][gc,marking  ] GC(4821) Concurrent Clear Claimed Marks
[2025-01-08T17:25:02.963+0000][161973.329s][info][gc,marking  ] GC(4821) Concurrent Clear Claimed Marks 0.926ms
[2025-01-08T17:25:02.963+0000][161973.329s][info][gc,marking  ] GC(4821) Concurrent Scan Root Regions
[2025-01-08T17:25:02.991+0000][161973.357s][info][gc,marking  ] GC(4821) Concurrent Scan Root Regions 27.989ms
[2025-01-08T17:25:02.991+0000][161973.357s][info][gc,marking  ] GC(4821) Concurrent Mark
[2025-01-08T17:25:02.991+0000][161973.357s][info][gc,marking  ] GC(4821) Concurrent Mark From Roots
[2025-01-08T17:25:02.991+0000][161973.357s][info][gc,task     ] GC(4821) Using 2 workers of 2 for marking
[2025-01-08T17:25:03.830+0000][161974.196s][info][gc,marking  ] GC(4821) Concurrent Mark From Roots 839.539ms
[2025-01-08T17:25:03.830+0000][161974.196s][info][gc,marking  ] GC(4821) Concurrent Preclean
[2025-01-08T17:25:03.834+0000][161974.200s][info][gc,marking  ] GC(4821) Concurrent Preclean 3.272ms
[2025-01-08T17:25:03.834+0000][161974.200s][info][gc,start    ] GC(4821) Pause Remark
[2025-01-08T17:25:03.860+0000][161974.226s][info][gc          ] GC(4821) Pause Remark 3089M->3089M(12288M) 26.243ms
[2025-01-08T17:25:03.860+0000][161974.226s][info][gc,cpu      ] GC(4821) User=0.15s Sys=0.00s Real=0.02s
[2025-01-08T17:25:03.860+0000][161974.227s][info][gc,marking  ] GC(4821) Concurrent Mark 869.730ms
[2025-01-08T17:25:03.860+0000][161974.227s][info][gc,marking  ] GC(4821) Concurrent Rebuild Remembered Sets
[2025-01-08T17:25:04.497+0000][161974.863s][info][gc,marking  ] GC(4821) Concurrent Rebuild Remembered Sets 636.158ms
[2025-01-08T17:25:04.497+0000][161974.863s][info][gc,start    ] GC(4821) Pause Cleanup
[2025-01-08T17:25:04.497+0000][161974.863s][info][gc          ] GC(4821) Pause Cleanup 3857M->3857M(12288M) 0.435ms
[2025-01-08T17:25:04.497+0000][161974.863s][info][gc,cpu      ] GC(4821) User=0.00s Sys=0.00s Real=0.00s
[2025-01-08T17:25:04.497+0000][161974.863s][info][gc,marking  ] GC(4821) Concurrent Cleanup for Next Mark
[2025-01-08T17:25:04.525+0000][161974.892s][info][gc,marking  ] GC(4821) Concurrent Cleanup for Next Mark 28.225ms
[2025-01-08T17:25:04.526+0000][161974.892s][info][gc          ] GC(4821) Concurrent Mark Cycle 1563.859ms
[2025-01-08T17:25:11.896+0000][161982.262s][info][gc,start    ] GC(4822) Pause Young (Prepare Mixed) (G1 Evacuation Pause)
[2025-01-08T17:25:11.896+0000][161982.262s][info][gc,task     ] GC(4822) Using 6 workers of 6 for evacuation
[2025-01-08T17:25:11.934+0000][161982.300s][info][gc,phases   ] GC(4822)   Pre Evacuate Collection Set: 0.2ms
[2025-01-08T17:25:11.934+0000][161982.300s][info][gc,phases   ] GC(4822)   Merge Heap Roots: 0.7ms
[2025-01-08T17:25:11.934+0000][161982.300s][info][gc,phases   ] GC(4822)   Evacuate Collection Set: 33.2ms
[2025-01-08T17:25:11.934+0000][161982.300s][info][gc,phases   ] GC(4822)   Post Evacuate Collection Set: 4.1ms
[2025-01-08T17:25:11.934+0000][161982.300s][info][gc,phases   ] GC(4822)   Other: 0.2ms
[2025-01-08T17:25:11.934+0000][161982.300s][info][gc,heap     ] GC(4822) Eden regions: 911->0(64)
[2025-01-08T17:25:11.934+0000][161982.300s][info][gc,heap     ] GC(4822) Survivor regions: 10->12(116)
[2025-01-08T17:25:11.934+0000][161982.300s][info][gc,heap     ] GC(4822) Old regions: 233->233
[2025-01-08T17:25:11.934+0000][161982.300s][info][gc,heap     ] GC(4822) Archive regions: 2->2
[2025-01-08T17:25:11.934+0000][161982.300s][info][gc,heap     ] GC(4822) Humongous regions: 49->49
[2025-01-08T17:25:11.934+0000][161982.300s][info][gc,metaspace] GC(4822) Metaspace: 506376K(515136K)->506376K(515136K) NonClass: 444817K(449152K)->444817K(449152K) Class: 61559K(65984K)->61559K(65984K)
[2025-01-08T17:25:11.934+0000][161982.300s][info][gc          ] GC(4822) Pause Young (Prepare Mixed) (G1 Evacuation Pause) 9621M->2348M(12288M) 38.514ms
[2025-01-08T17:25:11.934+0000][161982.300s][info][gc,cpu      ] GC(4822) User=0.23s Sys=0.00s Real=0.04s
[2025-01-08T17:25:12.551+0000][161982.917s][info][gc,start    ] GC(4823) Pause Young (Mixed) (G1 Evacuation Pause)
[2025-01-08T17:25:12.551+0000][161982.917s][info][gc,task     ] GC(4823) Using 6 workers of 6 for evacuation
[2025-01-08T17:25:12.620+0000][161982.986s][info][gc,phases   ] GC(4823)   Pre Evacuate Collection Set: 0.2ms
[2025-01-08T17:25:12.620+0000][161982.986s][info][gc,phases   ] GC(4823)   Merge Heap Roots: 0.8ms
[2025-01-08T17:25:12.620+0000][161982.986s][info][gc,phases   ] GC(4823)   Evacuate Collection Set: 65.9ms
[2025-01-08T17:25:12.620+0000][161982.986s][info][gc,phases   ] GC(4823)   Post Evacuate Collection Set: 2.0ms
[2025-01-08T17:25:12.620+0000][161982.986s][info][gc,phases   ] GC(4823)   Other: 0.2ms
[2025-01-08T17:25:12.620+0000][161982.986s][info][gc,heap     ] GC(4823) Eden regions: 64->0(916)
[2025-01-08T17:25:12.620+0000][161982.986s][info][gc,heap     ] GC(4823) Survivor regions: 12->5(10)
[2025-01-08T17:25:12.620+0000][161982.986s][info][gc,heap     ] GC(4823) Old regions: 233->235
[2025-01-08T17:25:12.620+0000][161982.986s][info][gc,heap     ] GC(4823) Archive regions: 2->2
[2025-01-08T17:25:12.620+0000][161982.986s][info][gc,heap     ] GC(4823) Humongous regions: 49->49
[2025-01-08T17:25:12.620+0000][161982.986s][info][gc,metaspace] GC(4823) Metaspace: 506376K(515136K)->506376K(515136K) NonClass: 444817K(449152K)->444817K(449152K) Class: 61559K(65984K)->61559K(65984K)
[2025-01-08T17:25:12.620+0000][161982.986s][info][gc          ] GC(4823) Pause Young (Mixed) (G1 Evacuation Pause) 2860M->2309M(12288M) 69.076ms
[2025-01-08T17:25:12.620+0000][161982.986s][info][gc,cpu      ] GC(4823) User=0.40s Sys=0.00s Real=0.06s
[2025-01-08T17:25:17.579+0000][161987.945s][info][gc,start    ] GC(4824) Pause Young (Normal) (G1 Evacuation Pause)
[2025-01-08T17:25:17.579+0000][161987.945s][info][gc,task     ] GC(4824) Using 6 workers of 6 for evacuation
[2025-01-08T17:25:17.599+0000][161987.965s][info][gc,phases   ] GC(4824)   Pre Evacuate Collection Set: 0.2ms
[2025-01-08T17:25:17.599+0000][161987.965s][info][gc,phases   ] GC(4824)   Merge Heap Roots: 0.4ms
[2025-01-08T17:25:17.599+0000][161987.965s][info][gc,phases   ] GC(4824)   Evacuate Collection Set: 15.4ms
[2025-01-08T17:25:17.599+0000][161987.965s][info][gc,phases   ] GC(4824)   Post Evacuate Collection Set: 3.7ms
[2025-01-08T17:25:17.599+0000][161987.965s][info][gc,phases   ] GC(4824)   Other: 0.2ms
[2025-01-08T17:25:17.599+0000][161987.965s][info][gc,heap     ] GC(4824) Eden regions: 916->0(916)
[2025-01-08T17:25:17.599+0000][161987.965s][info][gc,heap     ] GC(4824) Survivor regions: 5->5(116)
[2025-01-08T17:25:17.599+0000][161987.965s][info][gc,heap     ] GC(4824) Old regions: 235->235
[2025-01-08T17:25:17.599+0000][161987.965s][info][gc,heap     ] GC(4824) Archive regions: 2->2
[2025-01-08T17:25:17.599+0000][161987.965s][info][gc,heap     ] GC(4824) Humongous regions: 49->49
[2025-01-08T17:25:17.599+0000][161987.965s][info][gc,metaspace] GC(4824) Metaspace: 506376K(515136K)->506376K(515136K) NonClass: 444817K(449152K)->444817K(449152K) Class: 61559K(65984K)->61559K(65984K)
[2025-01-08T17:25:17.599+0000][161987.965s][info][gc          ] GC(4824) Pause Young (Normal) (G1 Evacuation Pause) 9637M->2311M(12288M) 19.962ms
[2025-01-08T17:25:17.599+0000][161987.965s][info][gc,cpu      ] GC(4824) User=0.11s Sys=0.00s Real=0.02s
[2025-01-08T17:25:22.119+0000][161992.485s][info][gc,start    ] GC(4825) Pause Young (Normal) (G1 Evacuation Pause)
[2025-01-08T17:25:22.120+0000][161992.486s][info][gc,task     ] GC(4825) Using 6 workers of 6 for evacuation
[2025-01-08T17:25:22.141+0000][161992.507s][info][gc,phases   ] GC(4825)   Pre Evacuate Collection Set: 0.2ms
[2025-01-08T17:25:22.141+0000][161992.507s][info][gc,phases   ] GC(4825)   Merge Heap Roots: 0.4ms
[2025-01-08T17:25:22.141+0000][161992.507s][info][gc,phases   ] GC(4825)   Evacuate Collection Set: 17.9ms
[2025-01-08T17:25:22.141+0000][161992.507s][info][gc,phases   ] GC(4825)   Post Evacuate Collection Set: 2.4ms
[2025-01-08T17:25:22.141+0000][161992.507s][info][gc,phases   ] GC(4825)   Other: 1.5ms
[2025-01-08T17:25:22.141+0000][161992.507s][info][gc,heap     ] GC(4825) Eden regions: 916->0(915)
[2025-01-08T17:25:22.141+0000][161992.507s][info][gc,heap     ] GC(4825) Survivor regions: 5->6(116)
[2025-01-08T17:25:22.141+0000][161992.507s][info][gc,heap     ] GC(4825) Old regions: 235->235
[2025-01-08T17:25:22.141+0000][161992.507s][info][gc,heap     ] GC(4825) Archive regions: 2->2
[2025-01-08T17:25:22.141+0000][161992.507s][info][gc,heap     ] GC(4825) Humongous regions: 49->49
[2025-01-08T17:25:22.141+0000][161992.507s][info][gc,metaspace] GC(4825) Metaspace: 506378K(515136K)->506378K(515136K) NonClass: 444819K(449152K)->444819K(449152K) Class: 61559K(65984K)->61559K(65984K)
[2025-01-08T17:25:22.141+0000][161992.507s][info][gc          ] GC(4825) Pause Young (Normal) (G1 Evacuation Pause) 9639M->2313M(12288M) 22.474ms
[2025-01-08T17:25:22.141+0000][161992.507s][info][gc,cpu      ] GC(4825) User=0.12s Sys=0.00s Real=0.02s
[2025-01-08T17:25:30.728+0000][162001.094s][info][gc,start    ] GC(4826) Pause Young (Concurrent Start) (G1 Evacuation Pause)
[2025-01-08T17:25:30.728+0000][162001.094s][info][gc,task     ] GC(4826) Using 6 workers of 6 for evacuation
[2025-01-08T17:25:30.757+0000][162001.123s][info][gc,phases   ] GC(4826)   Pre Evacuate Collection Set: 1.1ms
[2025-01-08T17:25:30.757+0000][162001.123s][info][gc,phases   ] GC(4826)   Merge Heap Roots: 0.5ms
[2025-01-08T17:25:30.757+0000][162001.123s][info][gc,phases   ] GC(4826)   Evacuate Collection Set: 24.5ms
[2025-01-08T17:25:30.757+0000][162001.123s][info][gc,phases   ] GC(4826)   Post Evacuate Collection Set: 2.6ms
[2025-01-08T17:25:30.757+0000][162001.123s][info][gc,phases   ] GC(4826)   Other: 0.3ms
[2025-01-08T17:25:30.757+0000][162001.123s][info][gc,heap     ] GC(4826) Eden regions: 915->0(914)
[2025-01-08T17:25:30.757+0000][162001.123s][info][gc,heap     ] GC(4826) Survivor regions: 6->7(116)
[2025-01-08T17:25:30.757+0000][162001.123s][info][gc,heap     ] GC(4826) Old regions: 235->235
[2025-01-08T17:25:30.757+0000][162001.123s][info][gc,heap     ] GC(4826) Archive regions: 2->2
[2025-01-08T17:25:30.757+0000][162001.123s][info][gc,heap     ] GC(4826) Humongous regions: 49->49
[2025-01-08T17:25:30.757+0000][162001.123s][info][gc,metaspace] GC(4826) Metaspace: 506378K(515136K)->506378K(515136K) NonClass: 444819K(449152K)->444819K(449152K) Class: 61559K(65984K)->61559K(65984K)
[2025-01-08T17:25:30.757+0000][162001.123s][info][gc          ] GC(4826) Pause Young (Concurrent Start) (G1 Evacuation Pause) 9633M->2327M(12288M) 29.090ms
[2025-01-08T17:25:30.757+0000][162001.123s][info][gc,cpu      ] GC(4826) User=0.16s Sys=0.00s Real=0.03s
[2025-01-08T17:25:30.757+0000][162001.123s][info][gc          ] GC(4827) Concurrent Mark Cycle
[2025-01-08T17:25:30.757+0000][162001.123s][info][gc,marking  ] GC(4827) Concurrent Clear Claimed Marks
[2025-01-08T17:25:30.758+0000][162001.124s][info][gc,marking  ] GC(4827) Concurrent Clear Claimed Marks 0.924ms
[2025-01-08T17:25:30.758+0000][162001.124s][info][gc,marking  ] GC(4827) Concurrent Scan Root Regions
[2025-01-08T17:25:30.780+0000][162001.146s][info][gc,marking  ] GC(4827) Concurrent Scan Root Regions 22.062ms
[2025-01-08T17:25:30.780+0000][162001.146s][info][gc,marking  ] GC(4827) Concurrent Mark
[2025-01-08T17:25:30.780+0000][162001.146s][info][gc,marking  ] GC(4827) Concurrent Mark From Roots
[2025-01-08T17:25:30.780+0000][162001.146s][info][gc,task     ] GC(4827) Using 2 workers of 2 for marking
[2025-01-08T17:25:31.723+0000][162002.089s][info][gc,marking  ] GC(4827) Concurrent Mark From Roots 942.417ms
[2025-01-08T17:25:31.723+0000][162002.089s][info][gc,marking  ] GC(4827) Concurrent Preclean
[2025-01-08T17:25:31.725+0000][162002.091s][info][gc,marking  ] GC(4827) Concurrent Preclean 2.509ms
[2025-01-08T17:25:31.725+0000][162002.091s][info][gc,start    ] GC(4827) Pause Remark
[2025-01-08T17:25:31.752+0000][162002.118s][info][gc          ] GC(4827) Pause Remark 3279M->3279M(12288M) 26.549ms
[2025-01-08T17:25:31.752+0000][162002.118s][info][gc,cpu      ] GC(4827) User=0.15s Sys=0.00s Real=0.03s
[2025-01-08T17:25:31.752+0000][162002.118s][info][gc,marking  ] GC(4827) Concurrent Mark 971.852ms
[2025-01-08T17:25:31.752+0000][162002.118s][info][gc,marking  ] GC(4827) Concurrent Rebuild Remembered Sets
[2025-01-08T17:25:32.286+0000][162002.652s][info][gc,marking  ] GC(4827) Concurrent Rebuild Remembered Sets 534.218ms
[2025-01-08T17:25:32.287+0000][162002.653s][info][gc,start    ] GC(4827) Pause Cleanup
[2025-01-08T17:25:32.287+0000][162002.653s][info][gc          ] GC(4827) Pause Cleanup 3771M->3771M(12288M) 0.413ms
[2025-01-08T17:25:32.287+0000][162002.653s][info][gc,cpu      ] GC(4827) User=0.00s Sys=0.00s Real=0.00s
[2025-01-08T17:25:32.287+0000][162002.653s][info][gc,marking  ] GC(4827) Concurrent Cleanup for Next Mark
[2025-01-08T17:25:32.315+0000][162002.681s][info][gc,marking  ] GC(4827) Concurrent Cleanup for Next Mark 28.258ms
[2025-01-08T17:25:32.315+0000][162002.681s][info][gc          ] GC(4827) Concurrent Mark Cycle 1558.100ms
[2025-01-08T17:25:38.669+0000][162009.035s][info][gc,start    ] GC(4828) Pause Young (Prepare Mixed) (G1 Evacuation Pause)
[2025-01-08T17:25:38.669+0000][162009.035s][info][gc,task     ] GC(4828) Using 6 workers of 6 for evacuation
[2025-01-08T17:25:38.701+0000][162009.068s][info][gc,phases   ] GC(4828)   Pre Evacuate Collection Set: 0.2ms
[2025-01-08T17:25:38.701+0000][162009.068s][info][gc,phases   ] GC(4828)   Merge Heap Roots: 0.7ms
[2025-01-08T17:25:38.701+0000][162009.068s][info][gc,phases   ] GC(4828)   Evacuate Collection Set: 28.8ms
[2025-01-08T17:25:38.701+0000][162009.068s][info][gc,phases   ] GC(4828)   Post Evacuate Collection Set: 2.6ms
[2025-01-08T17:25:38.701+0000][162009.068s][info][gc,phases   ] GC(4828)   Other: 0.2ms
[2025-01-08T17:25:38.701+0000][162009.068s][info][gc,heap     ] GC(4828) Eden regions: 914->0(67)
[2025-01-08T17:25:38.702+0000][162009.068s][info][gc,heap     ] GC(4828) Survivor regions: 7->9(116)
[2025-01-08T17:25:38.702+0000][162009.068s][info][gc,heap     ] GC(4828) Old regions: 235->235
[2025-01-08T17:25:38.702+0000][162009.068s][info][gc,heap     ] GC(4828) Archive regions: 2->2
[2025-01-08T17:25:38.702+0000][162009.068s][info][gc,heap     ] GC(4828) Humongous regions: 49->49
[2025-01-08T17:25:38.702+0000][162009.068s][info][gc,metaspace] GC(4828) Metaspace: 506378K(515136K)->506378K(515136K) NonClass: 444819K(449152K)->444819K(449152K) Class: 61559K(65984K)->61559K(65984K)
[2025-01-08T17:25:38.702+0000][162009.068s][info][gc          ] GC(4828) Pause Young (Prepare Mixed) (G1 Evacuation Pause) 9639M->2339M(12288M) 32.570ms
[2025-01-08T17:25:38.702+0000][162009.068s][info][gc,cpu      ] GC(4828) User=0.19s Sys=0.00s Real=0.04s
[2025-01-08T17:25:39.354+0000][162009.720s][info][gc,start    ] GC(4829) Pause Young (Mixed) (G1 Evacuation Pause)
[2025-01-08T17:25:39.354+0000][162009.720s][info][gc,task     ] GC(4829) Using 6 workers of 6 for evacuation
[2025-01-08T17:25:39.424+0000][162009.790s][info][gc,phases   ] GC(4829)   Pre Evacuate Collection Set: 0.2ms
[2025-01-08T17:25:39.424+0000][162009.790s][info][gc,phases   ] GC(4829)   Merge Heap Roots: 0.7ms
[2025-01-08T17:25:39.424+0000][162009.790s][info][gc,phases   ] GC(4829)   Evacuate Collection Set: 66.2ms
[2025-01-08T17:25:39.424+0000][162009.790s][info][gc,phases   ] GC(4829)   Post Evacuate Collection Set: 2.2ms
[2025-01-08T17:25:39.424+0000][162009.790s][info][gc,phases   ] GC(4829)   Other: 0.2ms
[2025-01-08T17:25:39.424+0000][162009.790s][info][gc,heap     ] GC(4829) Eden regions: 67->0(916)
[2025-01-08T17:25:39.424+0000][162009.790s][info][gc,heap     ] GC(4829) Survivor regions: 9->5(10)
[2025-01-08T17:25:39.424+0000][162009.790s][info][gc,heap     ] GC(4829) Old regions: 235->233
[2025-01-08T17:25:39.424+0000][162009.790s][info][gc,heap     ] GC(4829) Archive regions: 2->2
[2025-01-08T17:25:39.424+0000][162009.790s][info][gc,heap     ] GC(4829) Humongous regions: 49->49
[2025-01-08T17:25:39.424+0000][162009.790s][info][gc,metaspace] GC(4829) Metaspace: 506378K(515136K)->506378K(515136K) NonClass: 444819K(449152K)->444819K(449152K) Class: 61559K(65984K)->61559K(65984K)
[2025-01-08T17:25:39.424+0000][162009.790s][info][gc          ] GC(4829) Pause Young (Mixed) (G1 Evacuation Pause) 2875M->2300M(12288M) 69.600ms
[2025-01-08T17:25:39.424+0000][162009.790s][info][gc,cpu      ] GC(4829) User=0.38s Sys=0.00s Real=0.07s
[2025-01-08T17:25:48.715+0000][162019.081s][info][gc,start    ] GC(4830) Pause Young (Normal) (G1 Evacuation Pause)
[2025-01-08T17:25:48.715+0000][162019.081s][info][gc,task     ] GC(4830) Using 6 workers of 6 for evacuation
[2025-01-08T17:25:48.741+0000][162019.107s][info][gc,phases   ] GC(4830)   Pre Evacuate Collection Set: 0.2ms
[2025-01-08T17:25:48.741+0000][162019.107s][info][gc,phases   ] GC(4830)   Merge Heap Roots: 0.4ms
[2025-01-08T17:25:48.741+0000][162019.107s][info][gc,phases   ] GC(4830)   Evacuate Collection Set: 22.7ms
[2025-01-08T17:25:48.741+0000][162019.107s][info][gc,phases   ] GC(4830)   Post Evacuate Collection Set: 2.5ms
[2025-01-08T17:25:48.741+0000][162019.107s][info][gc,phases   ] GC(4830)   Other: 0.2ms
[2025-01-08T17:25:48.741+0000][162019.107s][info][gc,heap     ] GC(4830) Eden regions: 916->0(914)
[2025-01-08T17:25:48.741+0000][162019.107s][info][gc,heap     ] GC(4830) Survivor regions: 5->7(116)
[2025-01-08T17:25:48.741+0000][162019.107s][info][gc,heap     ] GC(4830) Old regions: 233->233
[2025-01-08T17:25:48.741+0000][162019.107s][info][gc,heap     ] GC(4830) Archive regions: 2->2
[2025-01-08T17:25:48.741+0000][162019.107s][info][gc,heap     ] GC(4830) Humongous regions: 49->49
[2025-01-08T17:25:48.741+0000][162019.107s][info][gc,metaspace] GC(4830) Metaspace: 506378K(515136K)->506378K(515136K) NonClass: 444819K(449152K)->444819K(449152K) Class: 61559K(65984K)->61559K(65984K)
[2025-01-08T17:25:48.741+0000][162019.107s][info][gc          ] GC(4830) Pause Young (Normal) (G1 Evacuation Pause) 9628M->2313M(12288M) 26.115ms
[2025-01-08T17:25:48.741+0000][162019.107s][info][gc,cpu      ] GC(4830) User=0.15s Sys=0.00s Real=0.02s
[2025-01-08T17:25:59.203+0000][162029.569s][info][gc,start    ] GC(4831) Pause Young (Normal) (G1 Evacuation Pause)
[2025-01-08T17:25:59.203+0000][162029.569s][info][gc,task     ] GC(4831) Using 6 workers of 6 for evacuation
[2025-01-08T17:25:59.232+0000][162029.598s][info][gc,phases   ] GC(4831)   Pre Evacuate Collection Set: 0.2ms
[2025-01-08T17:25:59.232+0000][162029.598s][info][gc,phases   ] GC(4831)   Merge Heap Roots: 0.4ms
[2025-01-08T17:25:59.232+0000][162029.598s][info][gc,phases   ] GC(4831)   Evacuate Collection Set: 25.3ms
[2025-01-08T17:25:59.232+0000][162029.598s][info][gc,phases   ] GC(4831)   Post Evacuate Collection Set: 2.6ms
[2025-01-08T17:25:59.232+0000][162029.598s][info][gc,phases   ] GC(4831)   Other: 0.2ms
[2025-01-08T17:25:59.232+0000][162029.598s][info][gc,heap     ] GC(4831) Eden regions: 914->0(913)
[2025-01-08T17:25:59.232+0000][162029.598s][info][gc,heap     ] GC(4831) Survivor regions: 7->8(116)
[2025-01-08T17:25:59.232+0000][162029.598s][info][gc,heap     ] GC(4831) Old regions: 233->233
[2025-01-08T17:25:59.232+0000][162029.598s][info][gc,heap     ] GC(4831) Archive regions: 2->2
[2025-01-08T17:25:59.232+0000][162029.598s][info][gc,heap     ] GC(4831) Humongous regions: 49->49
[2025-01-08T17:25:59.232+0000][162029.598s][info][gc,metaspace] GC(4831) Metaspace: 506378K(515136K)->506378K(515136K) NonClass: 444819K(449152K)->444819K(449152K) Class: 61559K(65984K)->61559K(65984K)
[2025-01-08T17:25:59.232+0000][162029.598s][info][gc          ] GC(4831) Pause Young (Normal) (G1 Evacuation Pause) 9625M->2324M(12288M) 28.859ms
[2025-01-08T17:25:59.232+0000][162029.598s][info][gc,cpu      ] GC(4831) User=0.16s Sys=0.01s Real=0.03s
[2025-01-08T17:26:08.068+0000][162038.435s][info][gc,start    ] GC(4832) Pause Young (Concurrent Start) (G1 Evacuation Pause)
[2025-01-08T17:26:08.068+0000][162038.435s][info][gc,task     ] GC(4832) Using 6 workers of 6 for evacuation
[2025-01-08T17:26:08.105+0000][162038.472s][info][gc,phases   ] GC(4832)   Pre Evacuate Collection Set: 1.1ms
[2025-01-08T17:26:08.106+0000][162038.472s][info][gc,phases   ] GC(4832)   Merge Heap Roots: 0.5ms
[2025-01-08T17:26:08.106+0000][162038.472s][info][gc,phases   ] GC(4832)   Evacuate Collection Set: 30.1ms
[2025-01-08T17:26:08.106+0000][162038.472s][info][gc,phases   ] GC(4832)   Post Evacuate Collection Set: 5.2ms
[2025-01-08T17:26:08.106+0000][162038.472s][info][gc,phases   ] GC(4832)   Other: 0.3ms
[2025-01-08T17:26:08.106+0000][162038.472s][info][gc,heap     ] GC(4832) Eden regions: 913->0(910)
[2025-01-08T17:26:08.106+0000][162038.472s][info][gc,heap     ] GC(4832) Survivor regions: 8->11(116)
[2025-01-08T17:26:08.106+0000][162038.472s][info][gc,heap     ] GC(4832) Old regions: 233->233
[2025-01-08T17:26:08.106+0000][162038.472s][info][gc,heap     ] GC(4832) Archive regions: 2->2
[2025-01-08T17:26:08.106+0000][162038.472s][info][gc,heap     ] GC(4832) Humongous regions: 49->49
[2025-01-08T17:26:08.106+0000][162038.472s][info][gc,metaspace] GC(4832) Metaspace: 506378K(515136K)->506378K(515136K) NonClass: 444819K(449152K)->444819K(449152K) Class: 61559K(65984K)->61559K(65984K)
[2025-01-08T17:26:08.106+0000][162038.472s][info][gc          ] GC(4832) Pause Young (Concurrent Start) (G1 Evacuation Pause) 9628M->2346M(12288M) 37.163ms
[2025-01-08T17:26:08.106+0000][162038.472s][info][gc,cpu      ] GC(4832) User=0.21s Sys=0.00s Real=0.04s
[2025-01-08T17:26:08.106+0000][162038.472s][info][gc          ] GC(4833) Concurrent Mark Cycle
[2025-01-08T17:26:08.106+0000][162038.472s][info][gc,marking  ] GC(4833) Concurrent Clear Claimed Marks
[2025-01-08T17:26:08.107+0000][162038.473s][info][gc,marking  ] GC(4833) Concurrent Clear Claimed Marks 0.891ms
[2025-01-08T17:26:08.107+0000][162038.473s][info][gc,marking  ] GC(4833) Concurrent Scan Root Regions
[2025-01-08T17:26:08.137+0000][162038.503s][info][gc,marking  ] GC(4833) Concurrent Scan Root Regions 30.547ms
[2025-01-08T17:26:08.137+0000][162038.503s][info][gc,marking  ] GC(4833) Concurrent Mark
[2025-01-08T17:26:08.137+0000][162038.503s][info][gc,marking  ] GC(4833) Concurrent Mark From Roots
[2025-01-08T17:26:08.137+0000][162038.503s][info][gc,task     ] GC(4833) Using 2 workers of 2 for marking
[2025-01-08T17:26:08.926+0000][162039.292s][info][gc,marking  ] GC(4833) Concurrent Mark From Roots 789.208ms
[2025-01-08T17:26:08.926+0000][162039.293s][info][gc,marking  ] GC(4833) Concurrent Preclean
[2025-01-08T17:26:08.930+0000][162039.296s][info][gc,marking  ] GC(4833) Concurrent Preclean 3.320ms
[2025-01-08T17:26:08.930+0000][162039.296s][info][gc,start    ] GC(4833) Pause Remark
[2025-01-08T17:26:08.956+0000][162039.322s][info][gc          ] GC(4833) Pause Remark 3126M->3126M(12288M) 25.758ms
[2025-01-08T17:26:08.956+0000][162039.322s][info][gc,cpu      ] GC(4833) User=0.14s Sys=0.00s Real=0.02s
[2025-01-08T17:26:08.956+0000][162039.322s][info][gc,marking  ] GC(4833) Concurrent Mark 818.625ms
[2025-01-08T17:26:08.956+0000][162039.322s][info][gc,marking  ] GC(4833) Concurrent Rebuild Remembered Sets
[2025-01-08T17:26:09.528+0000][162039.894s][info][gc,marking  ] GC(4833) Concurrent Rebuild Remembered Sets 572.517ms
[2025-01-08T17:26:09.528+0000][162039.895s][info][gc,start    ] GC(4833) Pause Cleanup
[2025-01-08T17:26:09.529+0000][162039.895s][info][gc          ] GC(4833) Pause Cleanup 3678M->3678M(12288M) 0.399ms
[2025-01-08T17:26:09.529+0000][162039.895s][info][gc,cpu      ] GC(4833) User=0.00s Sys=0.00s Real=0.00s
[2025-01-08T17:26:09.529+0000][162039.895s][info][gc,marking  ] GC(4833) Concurrent Cleanup for Next Mark
[2025-01-08T17:26:09.545+0000][162039.911s][info][gc,marking  ] GC(4833) Concurrent Cleanup for Next Mark 15.889ms
[2025-01-08T17:26:09.545+0000][162039.911s][info][gc          ] GC(4833) Concurrent Mark Cycle 1439.257ms
[2025-01-08T17:26:14.274+0000][162044.640s][info][gc,start    ] GC(4834) Pause Young (Prepare Mixed) (G1 Evacuation Pause)
[2025-01-08T17:26:14.274+0000][162044.640s][info][gc,task     ] GC(4834) Using 6 workers of 6 for evacuation
[2025-01-08T17:26:14.311+0000][162044.677s][info][gc,phases   ] GC(4834)   Pre Evacuate Collection Set: 0.2ms
[2025-01-08T17:26:14.311+0000][162044.677s][info][gc,phases   ] GC(4834)   Merge Heap Roots: 0.7ms
[2025-01-08T17:26:14.311+0000][162044.677s][info][gc,phases   ] GC(4834)   Evacuate Collection Set: 32.0ms
[2025-01-08T17:26:14.311+0000][162044.677s][info][gc,phases   ] GC(4834)   Post Evacuate Collection Set: 3.9ms
[2025-01-08T17:26:14.311+0000][162044.677s][info][gc,phases   ] GC(4834)   Other: 0.2ms
[2025-01-08T17:26:14.311+0000][162044.677s][info][gc,heap     ] GC(4834) Eden regions: 910->0(64)
[2025-01-08T17:26:14.311+0000][162044.677s][info][gc,heap     ] GC(4834) Survivor regions: 11->12(116)
[2025-01-08T17:26:14.311+0000][162044.677s][info][gc,heap     ] GC(4834) Old regions: 233->233
[2025-01-08T17:26:14.311+0000][162044.677s][info][gc,heap     ] GC(4834) Archive regions: 2->2
[2025-01-08T17:26:14.311+0000][162044.677s][info][gc,heap     ] GC(4834) Humongous regions: 49->49
[2025-01-08T17:26:14.311+0000][162044.677s][info][gc,metaspace] GC(4834) Metaspace: 506378K(515136K)->506378K(515136K) NonClass: 444819K(449152K)->444819K(449152K) Class: 61559K(65984K)->61559K(65984K)
[2025-01-08T17:26:14.311+0000][162044.677s][info][gc          ] GC(4834) Pause Young (Prepare Mixed) (G1 Evacuation Pause) 9626M->2351M(12288M) 37.165ms
[2025-01-08T17:26:14.311+0000][162044.678s][info][gc,cpu      ] GC(4834) User=0.22s Sys=0.00s Real=0.04s
[2025-01-08T17:26:14.689+0000][162045.056s][info][gc,start    ] GC(4835) Pause Young (Mixed) (G1 Evacuation Pause)
[2025-01-08T17:26:14.689+0000][162045.056s][info][gc,task     ] GC(4835) Using 6 workers of 6 for evacuation
[2025-01-08T17:26:14.755+0000][162045.121s][info][gc,phases   ] GC(4835)   Pre Evacuate Collection Set: 0.2ms
[2025-01-08T17:26:14.755+0000][162045.121s][info][gc,phases   ] GC(4835)   Merge Heap Roots: 0.7ms
[2025-01-08T17:26:14.755+0000][162045.121s][info][gc,phases   ] GC(4835)   Evacuate Collection Set: 62.8ms
[2025-01-08T17:26:14.755+0000][162045.121s][info][gc,phases   ] GC(4835)   Post Evacuate Collection Set: 1.8ms
[2025-01-08T17:26:14.755+0000][162045.121s][info][gc,phases   ] GC(4835)   Other: 0.2ms
[2025-01-08T17:26:14.755+0000][162045.121s][info][gc,heap     ] GC(4835) Eden regions: 64->0(915)
[2025-01-08T17:26:14.755+0000][162045.121s][info][gc,heap     ] GC(4835) Survivor regions: 12->6(10)
[2025-01-08T17:26:14.755+0000][162045.121s][info][gc,heap     ] GC(4835) Old regions: 233->234
[2025-01-08T17:26:14.755+0000][162045.121s][info][gc,heap     ] GC(4835) Archive regions: 2->2
[2025-01-08T17:26:14.755+0000][162045.121s][info][gc,heap     ] GC(4835) Humongous regions: 49->49
[2025-01-08T17:26:14.755+0000][162045.121s][info][gc,metaspace] GC(4835) Metaspace: 506378K(515136K)->506378K(515136K) NonClass: 444819K(449152K)->444819K(449152K) Class: 61559K(65984K)->61559K(65984K)
[2025-01-08T17:26:14.755+0000][162045.121s][info][gc          ] GC(4835) Pause Young (Mixed) (G1 Evacuation Pause) 2863M->2315M(12288M) 65.726ms
[2025-01-08T17:26:14.755+0000][162045.121s][info][gc,cpu      ] GC(4835) User=0.38s Sys=0.01s Real=0.07s
[2025-01-08T17:26:22.279+0000][162052.645s][info][gc,start    ] GC(4836) Pause Young (Normal) (G1 Evacuation Pause)
[2025-01-08T17:26:22.279+0000][162052.645s][info][gc,task     ] GC(4836) Using 6 workers of 6 for evacuation
[2025-01-08T17:26:22.305+0000][162052.671s][info][gc,phases   ] GC(4836)   Pre Evacuate Collection Set: 0.2ms
[2025-01-08T17:26:22.305+0000][162052.671s][info][gc,phases   ] GC(4836)   Merge Heap Roots: 0.4ms
[2025-01-08T17:26:22.305+0000][162052.671s][info][gc,phases   ] GC(4836)   Evacuate Collection Set: 21.9ms
[2025-01-08T17:26:22.305+0000][162052.671s][info][gc,phases   ] GC(4836)   Post Evacuate Collection Set: 2.6ms
[2025-01-08T17:26:22.305+0000][162052.671s][info][gc,phases   ] GC(4836)   Other: 0.2ms
[2025-01-08T17:26:22.305+0000][162052.671s][info][gc,heap     ] GC(4836) Eden regions: 915->0(915)
[2025-01-08T17:26:22.305+0000][162052.671s][info][gc,heap     ] GC(4836) Survivor regions: 6->6(116)
[2025-01-08T17:26:22.305+0000][162052.671s][info][gc,heap     ] GC(4836) Old regions: 234->234
[2025-01-08T17:26:22.305+0000][162052.671s][info][gc,heap     ] GC(4836) Archive regions: 2->2
[2025-01-08T17:26:22.305+0000][162052.671s][info][gc,heap     ] GC(4836) Humongous regions: 49->49
[2025-01-08T17:26:22.305+0000][162052.671s][info][gc,metaspace] GC(4836) Metaspace: 506385K(515136K)->506385K(515136K) NonClass: 444826K(449152K)->444826K(449152K) Class: 61559K(65984K)->61559K(65984K)
[2025-01-08T17:26:22.305+0000][162052.671s][info][gc          ] GC(4836) Pause Young (Normal) (G1 Evacuation Pause) 9635M->2313M(12288M) 25.401ms
[2025-01-08T17:26:22.305+0000][162052.671s][info][gc,cpu      ] GC(4836) User=0.14s Sys=0.00s Real=0.03s
[2025-01-08T17:26:31.604+0000][162061.970s][info][gc,start    ] GC(4837) Pause Young (Normal) (G1 Evacuation Pause)
[2025-01-08T17:26:31.604+0000][162061.970s][info][gc,task     ] GC(4837) Using 6 workers of 6 for evacuation
[2025-01-08T17:26:31.631+0000][162061.997s][info][gc,phases   ] GC(4837)   Pre Evacuate Collection Set: 0.2ms
[2025-01-08T17:26:31.631+0000][162061.997s][info][gc,phases   ] GC(4837)   Merge Heap Roots: 0.4ms
[2025-01-08T17:26:31.631+0000][162061.997s][info][gc,phases   ] GC(4837)   Evacuate Collection Set: 24.0ms
[2025-01-08T17:26:31.631+0000][162061.997s][info][gc,phases   ] GC(4837)   Post Evacuate Collection Set: 2.5ms
[2025-01-08T17:26:31.631+0000][162061.997s][info][gc,phases   ] GC(4837)   Other: 0.2ms
[2025-01-08T17:26:31.631+0000][162061.997s][info][gc,heap     ] GC(4837) Eden regions: 915->0(914)
[2025-01-08T17:26:31.631+0000][162061.997s][info][gc,heap     ] GC(4837) Survivor regions: 6->7(116)
[2025-01-08T17:26:31.631+0000][162061.997s][info][gc,heap     ] GC(4837) Old regions: 234->234
[2025-01-08T17:26:31.631+0000][162061.997s][info][gc,heap     ] GC(4837) Archive regions: 2->2
[2025-01-08T17:26:31.631+0000][162061.997s][info][gc,heap     ] GC(4837) Humongous regions: 49->49
[2025-01-08T17:26:31.631+0000][162061.997s][info][gc,metaspace] GC(4837) Metaspace: 506385K(515136K)->506385K(515136K) NonClass: 444826K(449152K)->444826K(449152K) Class: 61559K(65984K)->61559K(65984K)
[2025-01-08T17:26:31.631+0000][162061.997s][info][gc          ] GC(4837) Pause Young (Normal) (G1 Evacuation Pause) 9633M->2322M(12288M) 27.469ms
[2025-01-08T17:26:31.631+0000][162061.997s][info][gc,cpu      ] GC(4837) User=0.16s Sys=0.00s Real=0.03s
[2025-01-08T17:26:40.959+0000][162071.325s][info][gc,start    ] GC(4838) Pause Young (Concurrent Start) (G1 Evacuation Pause)
[2025-01-08T17:26:40.959+0000][162071.325s][info][gc,task     ] GC(4838) Using 6 workers of 6 for evacuation
[2025-01-08T17:26:40.991+0000][162071.357s][info][gc,phases   ] GC(4838)   Pre Evacuate Collection Set: 1.0ms
[2025-01-08T17:26:40.991+0000][162071.357s][info][gc,phases   ] GC(4838)   Merge Heap Roots: 0.5ms
[2025-01-08T17:26:40.991+0000][162071.357s][info][gc,phases   ] GC(4838)   Evacuate Collection Set: 27.7ms
[2025-01-08T17:26:40.991+0000][162071.357s][info][gc,phases   ] GC(4838)   Post Evacuate Collection Set: 2.6ms
[2025-01-08T17:26:40.991+0000][162071.357s][info][gc,phases   ] GC(4838)   Other: 0.3ms
[2025-01-08T17:26:40.991+0000][162071.357s][info][gc,heap     ] GC(4838) Eden regions: 914->0(913)
[2025-01-08T17:26:40.991+0000][162071.357s][info][gc,heap     ] GC(4838) Survivor regions: 7->8(116)
[2025-01-08T17:26:40.991+0000][162071.357s][info][gc,heap     ] GC(4838) Old regions: 234->234
[2025-01-08T17:26:40.991+0000][162071.357s][info][gc,heap     ] GC(4838) Archive regions: 2->2
[2025-01-08T17:26:40.991+0000][162071.357s][info][gc,heap     ] GC(4838) Humongous regions: 49->49
[2025-01-08T17:26:40.991+0000][162071.357s][info][gc,metaspace] GC(4838) Metaspace: 506385K(515136K)->506385K(515136K) NonClass: 444826K(449152K)->444826K(449152K) Class: 61559K(65984K)->61559K(65984K)
[2025-01-08T17:26:40.991+0000][162071.357s][info][gc          ] GC(4838) Pause Young (Concurrent Start) (G1 Evacuation Pause) 9634M->2329M(12288M) 32.152ms
[2025-01-08T17:26:40.991+0000][162071.357s][info][gc,cpu      ] GC(4838) User=0.19s Sys=0.00s Real=0.04s
[2025-01-08T17:26:40.991+0000][162071.357s][info][gc          ] GC(4839) Concurrent Mark Cycle
[2025-01-08T17:26:40.991+0000][162071.357s][info][gc,marking  ] GC(4839) Concurrent Clear Claimed Marks
[2025-01-08T17:26:40.992+0000][162071.358s][info][gc,marking  ] GC(4839) Concurrent Clear Claimed Marks 0.842ms
[2025-01-08T17:26:40.992+0000][162071.358s][info][gc,marking  ] GC(4839) Concurrent Scan Root Regions
[2025-01-08T17:26:41.013+0000][162071.379s][info][gc,marking  ] GC(4839) Concurrent Scan Root Regions 20.691ms
[2025-01-08T17:26:41.013+0000][162071.379s][info][gc,marking  ] GC(4839) Concurrent Mark
[2025-01-08T17:26:41.013+0000][162071.379s][info][gc,marking  ] GC(4839) Concurrent Mark From Roots
[2025-01-08T17:26:41.013+0000][162071.379s][info][gc,task     ] GC(4839) Using 2 workers of 2 for marking
[2025-01-08T17:26:41.842+0000][162072.208s][info][gc,marking  ] GC(4839) Concurrent Mark From Roots 829.027ms
[2025-01-08T17:26:41.842+0000][162072.208s][info][gc,marking  ] GC(4839) Concurrent Preclean
[2025-01-08T17:26:41.845+0000][162072.211s][info][gc,marking  ] GC(4839) Concurrent Preclean 3.193ms
[2025-01-08T17:26:41.845+0000][162072.211s][info][gc,start    ] GC(4839) Pause Remark
[2025-01-08T17:26:41.871+0000][162072.237s][info][gc          ] GC(4839) Pause Remark 3185M->3185M(12288M) 25.871ms
[2025-01-08T17:26:41.871+0000][162072.237s][info][gc,cpu      ] GC(4839) User=0.15s Sys=0.00s Real=0.03s
[2025-01-08T17:26:41.871+0000][162072.237s][info][gc,marking  ] GC(4839) Concurrent Mark 858.457ms
[2025-01-08T17:26:41.871+0000][162072.237s][info][gc,marking  ] GC(4839) Concurrent Rebuild Remembered Sets
[2025-01-08T17:26:42.451+0000][162072.817s][info][gc,marking  ] GC(4839) Concurrent Rebuild Remembered Sets 579.677ms
[2025-01-08T17:26:42.451+0000][162072.817s][info][gc,start    ] GC(4839) Pause Cleanup
[2025-01-08T17:26:42.452+0000][162072.818s][info][gc          ] GC(4839) Pause Cleanup 3773M->3773M(12288M) 0.409ms
[2025-01-08T17:26:42.452+0000][162072.818s][info][gc,cpu      ] GC(4839) User=0.00s Sys=0.00s Real=0.00s
[2025-01-08T17:26:42.452+0000][162072.818s][info][gc,marking  ] GC(4839) Concurrent Cleanup for Next Mark
[2025-01-08T17:26:42.480+0000][162072.846s][info][gc,marking  ] GC(4839) Concurrent Cleanup for Next Mark 28.254ms
[2025-01-08T17:26:42.480+0000][162072.846s][info][gc          ] GC(4839) Concurrent Mark Cycle 1488.708ms
[2025-01-08T17:26:49.433+0000][162079.799s][info][gc,start    ] GC(4840) Pause Young (Prepare Mixed) (G1 Evacuation Pause)
[2025-01-08T17:26:49.433+0000][162079.799s][info][gc,task     ] GC(4840) Using 6 workers of 6 for evacuation
[2025-01-08T17:26:49.470+0000][162079.836s][info][gc,phases   ] GC(4840)   Pre Evacuate Collection Set: 0.2ms
[2025-01-08T17:26:49.470+0000][162079.836s][info][gc,phases   ] GC(4840)   Merge Heap Roots: 0.7ms
[2025-01-08T17:26:49.470+0000][162079.836s][info][gc,phases   ] GC(4840)   Evacuate Collection Set: 33.3ms
[2025-01-08T17:26:49.470+0000][162079.836s][info][gc,phases   ] GC(4840)   Post Evacuate Collection Set: 2.7ms
[2025-01-08T17:26:49.470+0000][162079.836s][info][gc,phases   ] GC(4840)   Other: 0.2ms
[2025-01-08T17:26:49.470+0000][162079.836s][info][gc,heap     ] GC(4840) Eden regions: 913->0(67)
[2025-01-08T17:26:49.470+0000][162079.836s][info][gc,heap     ] GC(4840) Survivor regions: 8->9(116)
[2025-01-08T17:26:49.470+0000][162079.836s][info][gc,heap     ] GC(4840) Old regions: 234->234
[2025-01-08T17:26:49.470+0000][162079.836s][info][gc,heap     ] GC(4840) Archive regions: 2->2
[2025-01-08T17:26:49.470+0000][162079.836s][info][gc,heap     ] GC(4840) Humongous regions: 49->49
[2025-01-08T17:26:49.470+0000][162079.836s][info][gc,metaspace] GC(4840) Metaspace: 506385K(515136K)->506385K(515136K) NonClass: 444826K(449152K)->444826K(449152K) Class: 61559K(65984K)->61559K(65984K)
[2025-01-08T17:26:49.470+0000][162079.836s][info][gc          ] GC(4840) Pause Young (Prepare Mixed) (G1 Evacuation Pause) 9633M->2341M(12288M) 37.178ms
[2025-01-08T17:26:49.470+0000][162079.836s][info][gc,cpu      ] GC(4840) User=0.22s Sys=0.00s Real=0.04s
[2025-01-08T17:26:50.535+0000][162080.901s][info][gc,start    ] GC(4841) Pause Young (Mixed) (G1 Evacuation Pause)
[2025-01-08T17:26:50.535+0000][162080.901s][info][gc,task     ] GC(4841) Using 6 workers of 6 for evacuation
[2025-01-08T17:26:50.604+0000][162080.970s][info][gc,phases   ] GC(4841)   Pre Evacuate Collection Set: 0.2ms
[2025-01-08T17:26:50.604+0000][162080.970s][info][gc,phases   ] GC(4841)   Merge Heap Roots: 0.7ms
[2025-01-08T17:26:50.604+0000][162080.970s][info][gc,phases   ] GC(4841)   Evacuate Collection Set: 65.4ms
[2025-01-08T17:26:50.604+0000][162080.970s][info][gc,phases   ] GC(4841)   Post Evacuate Collection Set: 2.0ms
[2025-01-08T17:26:50.604+0000][162080.970s][info][gc,phases   ] GC(4841)   Other: 0.2ms
[2025-01-08T17:26:50.604+0000][162080.970s][info][gc,heap     ] GC(4841) Eden regions: 67->0(916)
[2025-01-08T17:26:50.604+0000][162080.970s][info][gc,heap     ] GC(4841) Survivor regions: 9->5(10)
[2025-01-08T17:26:50.604+0000][162080.970s][info][gc,heap     ] GC(4841) Old regions: 234->235
[2025-01-08T17:26:50.604+0000][162080.970s][info][gc,heap     ] GC(4841) Archive regions: 2->2
[2025-01-08T17:26:50.604+0000][162080.970s][info][gc,heap     ] GC(4841) Humongous regions: 49->49
[2025-01-08T17:26:50.604+0000][162080.970s][info][gc,metaspace] GC(4841) Metaspace: 506385K(515136K)->506385K(515136K) NonClass: 444826K(449152K)->444826K(449152K) Class: 61559K(65984K)->61559K(65984K)
[2025-01-08T17:26:50.604+0000][162080.970s][info][gc          ] GC(4841) Pause Young (Mixed) (G1 Evacuation Pause) 2877M->2315M(12288M) 68.647ms
[2025-01-08T17:26:50.604+0000][162080.970s][info][gc,cpu      ] GC(4841) User=0.39s Sys=0.00s Real=0.07s
[2025-01-08T17:27:02.025+0000][162092.391s][info][gc,start    ] GC(4842) Pause Young (Normal) (G1 Evacuation Pause)
[2025-01-08T17:27:02.025+0000][162092.391s][info][gc,task     ] GC(4842) Using 6 workers of 6 for evacuation
[2025-01-08T17:27:02.059+0000][162092.425s][info][gc,phases   ] GC(4842)   Pre Evacuate Collection Set: 0.2ms
[2025-01-08T17:27:02.059+0000][162092.425s][info][gc,phases   ] GC(4842)   Merge Heap Roots: 0.5ms
[2025-01-08T17:27:02.059+0000][162092.425s][info][gc,phases   ] GC(4842)   Evacuate Collection Set: 28.0ms
[2025-01-08T17:27:02.059+0000][162092.425s][info][gc,phases   ] GC(4842)   Post Evacuate Collection Set: 5.2ms
[2025-01-08T17:27:02.059+0000][162092.425s][info][gc,phases   ] GC(4842)   Other: 0.2ms
[2025-01-08T17:27:02.059+0000][162092.425s][info][gc,heap     ] GC(4842) Eden regions: 916->0(913)
[2025-01-08T17:27:02.059+0000][162092.425s][info][gc,heap     ] GC(4842) Survivor regions: 5->8(116)
[2025-01-08T17:27:02.059+0000][162092.425s][info][gc,heap     ] GC(4842) Old regions: 235->235
[2025-01-08T17:27:02.059+0000][162092.425s][info][gc,heap     ] GC(4842) Archive regions: 2->2
[2025-01-08T17:27:02.059+0000][162092.425s][info][gc,heap     ] GC(4842) Humongous regions: 49->49
[2025-01-08T17:27:02.059+0000][162092.425s][info][gc,metaspace] GC(4842) Metaspace: 506385K(515136K)->506385K(515136K) NonClass: 444826K(449152K)->444826K(449152K) Class: 61559K(65984K)->61559K(65984K)
[2025-01-08T17:27:02.059+0000][162092.425s][info][gc          ] GC(4842) Pause Young (Normal) (G1 Evacuation Pause) 9643M->2339M(12288M) 34.209ms
[2025-01-08T17:27:02.059+0000][162092.425s][info][gc,cpu      ] GC(4842) User=0.20s Sys=0.00s Real=0.03s
[2025-01-08T17:27:09.976+0000][162100.342s][info][gc,start    ] GC(4843) Pause Young (Normal) (G1 Evacuation Pause)
[2025-01-08T17:27:09.976+0000][162100.342s][info][gc,task     ] GC(4843) Using 6 workers of 6 for evacuation
[2025-01-08T17:27:10.012+0000][162100.378s][info][gc,phases   ] GC(4843)   Pre Evacuate Collection Set: 0.2ms
[2025-01-08T17:27:10.012+0000][162100.378s][info][gc,phases   ] GC(4843)   Merge Heap Roots: 0.4ms
[2025-01-08T17:27:10.012+0000][162100.378s][info][gc,phases   ] GC(4843)   Evacuate Collection Set: 31.0ms
[2025-01-08T17:27:10.012+0000][162100.378s][info][gc,phases   ] GC(4843)   Post Evacuate Collection Set: 4.0ms
[2025-01-08T17:27:10.012+0000][162100.378s][info][gc,phases   ] GC(4843)   Other: 0.2ms
[2025-01-08T17:27:10.012+0000][162100.378s][info][gc,heap     ] GC(4843) Eden regions: 913->0(911)
[2025-01-08T17:27:10.012+0000][162100.378s][info][gc,heap     ] GC(4843) Survivor regions: 8->10(116)
[2025-01-08T17:27:10.012+0000][162100.378s][info][gc,heap     ] GC(4843) Old regions: 235->235
[2025-01-08T17:27:10.012+0000][162100.378s][info][gc,heap     ] GC(4843) Archive regions: 2->2
[2025-01-08T17:27:10.012+0000][162100.378s][info][gc,heap     ] GC(4843) Humongous regions: 49->49
[2025-01-08T17:27:10.012+0000][162100.378s][info][gc,metaspace] GC(4843) Metaspace: 506385K(515136K)->506385K(515136K) NonClass: 444826K(449152K)->444826K(449152K) Class: 61559K(65984K)->61559K(65984K)
[2025-01-08T17:27:10.012+0000][162100.378s][info][gc          ] GC(4843) Pause Young (Normal) (G1 Evacuation Pause) 9643M->2350M(12288M) 35.842ms
[2025-01-08T17:27:10.012+0000][162100.378s][info][gc,cpu      ] GC(4843) User=0.21s Sys=0.00s Real=0.04s
[2025-01-08T17:27:15.761+0000][162106.127s][info][gc,start    ] GC(4844) Pause Young (Concurrent Start) (G1 Evacuation Pause)
[2025-01-08T17:27:15.761+0000][162106.127s][info][gc,task     ] GC(4844) Using 6 workers of 6 for evacuation
[2025-01-08T17:27:15.801+0000][162106.167s][info][gc,phases   ] GC(4844)   Pre Evacuate Collection Set: 1.1ms
[2025-01-08T17:27:15.801+0000][162106.167s][info][gc,phases   ] GC(4844)   Merge Heap Roots: 0.5ms
[2025-01-08T17:27:15.801+0000][162106.167s][info][gc,phases   ] GC(4844)   Evacuate Collection Set: 35.0ms
[2025-01-08T17:27:15.801+0000][162106.167s][info][gc,phases   ] GC(4844)   Post Evacuate Collection Set: 2.5ms
[2025-01-08T17:27:15.801+0000][162106.167s][info][gc,phases   ] GC(4844)   Other: 0.3ms
[2025-01-08T17:27:15.801+0000][162106.167s][info][gc,heap     ] GC(4844) Eden regions: 911->0(911)
[2025-01-08T17:27:15.801+0000][162106.167s][info][gc,heap     ] GC(4844) Survivor regions: 10->10(116)
[2025-01-08T17:27:15.801+0000][162106.167s][info][gc,heap     ] GC(4844) Old regions: 235->235
[2025-01-08T17:27:15.801+0000][162106.167s][info][gc,heap     ] GC(4844) Archive regions: 2->2
[2025-01-08T17:27:15.801+0000][162106.167s][info][gc,heap     ] GC(4844) Humongous regions: 49->49
[2025-01-08T17:27:15.801+0000][162106.167s][info][gc,metaspace] GC(4844) Metaspace: 506386K(515136K)->506386K(515136K) NonClass: 444827K(449152K)->444827K(449152K) Class: 61559K(65984K)->61559K(65984K)
[2025-01-08T17:27:15.801+0000][162106.167s][info][gc          ] GC(4844) Pause Young (Concurrent Start) (G1 Evacuation Pause) 9638M->2351M(12288M) 39.372ms
[2025-01-08T17:27:15.801+0000][162106.167s][info][gc,cpu      ] GC(4844) User=0.23s Sys=0.00s Real=0.04s
[2025-01-08T17:27:15.801+0000][162106.167s][info][gc          ] GC(4845) Concurrent Mark Cycle
[2025-01-08T17:27:15.801+0000][162106.167s][info][gc,marking  ] GC(4845) Concurrent Clear Claimed Marks
[2025-01-08T17:27:15.802+0000][162106.168s][info][gc,marking  ] GC(4845) Concurrent Clear Claimed Marks 0.921ms
[2025-01-08T17:27:15.802+0000][162106.168s][info][gc,marking  ] GC(4845) Concurrent Scan Root Regions
[2025-01-08T17:27:15.833+0000][162106.199s][info][gc,marking  ] GC(4845) Concurrent Scan Root Regions 31.221ms
[2025-01-08T17:27:15.833+0000][162106.199s][info][gc,marking  ] GC(4845) Concurrent Mark
[2025-01-08T17:27:15.833+0000][162106.199s][info][gc,marking  ] GC(4845) Concurrent Mark From Roots
[2025-01-08T17:27:15.833+0000][162106.199s][info][gc,task     ] GC(4845) Using 2 workers of 2 for marking
[2025-01-08T17:27:16.717+0000][162107.083s][info][gc,marking  ] GC(4845) Concurrent Mark From Roots 884.345ms
[2025-01-08T17:27:16.717+0000][162107.084s][info][gc,marking  ] GC(4845) Concurrent Preclean
[2025-01-08T17:27:16.720+0000][162107.086s][info][gc,marking  ] GC(4845) Concurrent Preclean 2.444ms
[2025-01-08T17:27:16.720+0000][162107.086s][info][gc,start    ] GC(4845) Pause Remark
[2025-01-08T17:27:16.746+0000][162107.112s][info][gc          ] GC(4845) Pause Remark 3611M->3611M(12288M) 25.738ms
[2025-01-08T17:27:16.746+0000][162107.112s][info][gc,cpu      ] GC(4845) User=0.15s Sys=0.00s Real=0.03s
[2025-01-08T17:27:16.746+0000][162107.112s][info][gc,marking  ] GC(4845) Concurrent Mark 912.843ms
[2025-01-08T17:27:16.746+0000][162107.112s][info][gc,marking  ] GC(4845) Concurrent Rebuild Remembered Sets
[2025-01-08T17:27:17.283+0000][162107.649s][info][gc,marking  ] GC(4845) Concurrent Rebuild Remembered Sets 537.190ms
[2025-01-08T17:27:17.283+0000][162107.649s][info][gc,start    ] GC(4845) Pause Cleanup
[2025-01-08T17:27:17.284+0000][162107.650s][info][gc          ] GC(4845) Pause Cleanup 4375M->4375M(12288M) 0.444ms
[2025-01-08T17:27:17.284+0000][162107.650s][info][gc,cpu      ] GC(4845) User=0.00s Sys=0.00s Real=0.00s
[2025-01-08T17:27:17.284+0000][162107.650s][info][gc,marking  ] GC(4845) Concurrent Cleanup for Next Mark
[2025-01-08T17:27:17.299+0000][162107.665s][info][gc,marking  ] GC(4845) Concurrent Cleanup for Next Mark 15.451ms
[2025-01-08T17:27:17.299+0000][162107.665s][info][gc          ] GC(4845) Concurrent Mark Cycle 1498.462ms
[2025-01-08T17:27:20.741+0000][162111.107s][info][gc,start    ] GC(4846) Pause Young (Prepare Mixed) (G1 Evacuation Pause)
[2025-01-08T17:27:20.741+0000][162111.107s][info][gc,task     ] GC(4846) Using 6 workers of 6 for evacuation
[2025-01-08T17:27:20.779+0000][162111.145s][info][gc,phases   ] GC(4846)   Pre Evacuate Collection Set: 0.2ms
[2025-01-08T17:27:20.779+0000][162111.145s][info][gc,phases   ] GC(4846)   Merge Heap Roots: 0.7ms
[2025-01-08T17:27:20.779+0000][162111.145s][info][gc,phases   ] GC(4846)   Evacuate Collection Set: 34.6ms
[2025-01-08T17:27:20.779+0000][162111.145s][info][gc,phases   ] GC(4846)   Post Evacuate Collection Set: 2.5ms
[2025-01-08T17:27:20.779+0000][162111.145s][info][gc,phases   ] GC(4846)   Other: 0.2ms
[2025-01-08T17:27:20.779+0000][162111.145s][info][gc,heap     ] GC(4846) Eden regions: 911->0(65)
[2025-01-08T17:27:20.779+0000][162111.145s][info][gc,heap     ] GC(4846) Survivor regions: 10->11(116)
[2025-01-08T17:27:20.779+0000][162111.145s][info][gc,heap     ] GC(4846) Old regions: 235->235
[2025-01-08T17:27:20.779+0000][162111.145s][info][gc,heap     ] GC(4846) Archive regions: 2->2
[2025-01-08T17:27:20.779+0000][162111.145s][info][gc,heap     ] GC(4846) Humongous regions: 49->49
[2025-01-08T17:27:20.779+0000][162111.145s][info][gc,metaspace] GC(4846) Metaspace: 506386K(515136K)->506386K(515136K) NonClass: 444827K(449152K)->444827K(449152K) Class: 61559K(65984K)->61559K(65984K)
[2025-01-08T17:27:20.779+0000][162111.145s][info][gc          ] GC(4846) Pause Young (Prepare Mixed) (G1 Evacuation Pause) 9639M->2361M(12288M) 38.355ms
[2025-01-08T17:27:20.779+0000][162111.145s][info][gc,cpu      ] GC(4846) User=0.22s Sys=0.00s Real=0.04s
[2025-01-08T17:27:21.063+0000][162111.429s][info][gc,start    ] GC(4847) Pause Young (Mixed) (G1 Evacuation Pause)
[2025-01-08T17:27:21.063+0000][162111.429s][info][gc,task     ] GC(4847) Using 6 workers of 6 for evacuation
[2025-01-08T17:27:21.110+0000][162111.476s][info][gc,phases   ] GC(4847)   Pre Evacuate Collection Set: 0.2ms
[2025-01-08T17:27:21.110+0000][162111.476s][info][gc,phases   ] GC(4847)   Merge Heap Roots: 0.5ms
[2025-01-08T17:27:21.110+0000][162111.476s][info][gc,phases   ] GC(4847)   Evacuate Collection Set: 44.8ms
[2025-01-08T17:27:21.110+0000][162111.476s][info][gc,phases   ] GC(4847)   Post Evacuate Collection Set: 1.6ms
[2025-01-08T17:27:21.110+0000][162111.476s][info][gc,phases   ] GC(4847)   Other: 0.2ms
[2025-01-08T17:27:21.110+0000][162111.476s][info][gc,heap     ] GC(4847) Eden regions: 65->0(916)
[2025-01-08T17:27:21.110+0000][162111.476s][info][gc,heap     ] GC(4847) Survivor regions: 11->5(10)
[2025-01-08T17:27:21.110+0000][162111.476s][info][gc,heap     ] GC(4847) Old regions: 235->235
[2025-01-08T17:27:21.110+0000][162111.476s][info][gc,heap     ] GC(4847) Archive regions: 2->2
[2025-01-08T17:27:21.110+0000][162111.476s][info][gc,heap     ] GC(4847) Humongous regions: 49->49
[2025-01-08T17:27:21.110+0000][162111.476s][info][gc,metaspace] GC(4847) Metaspace: 506386K(515136K)->506386K(515136K) NonClass: 444827K(449152K)->444827K(449152K) Class: 61559K(65984K)->61559K(65984K)
[2025-01-08T17:27:21.110+0000][162111.476s][info][gc          ] GC(4847) Pause Young (Mixed) (G1 Evacuation Pause) 2881M->2308M(12288M) 47.349ms
[2025-01-08T17:27:21.110+0000][162111.476s][info][gc,cpu      ] GC(4847) User=0.27s Sys=0.00s Real=0.05s
[2025-01-08T17:27:29.832+0000][162120.198s][info][gc,start    ] GC(4848) Pause Young (Normal) (G1 Evacuation Pause)
[2025-01-08T17:27:29.832+0000][162120.198s][info][gc,task     ] GC(4848) Using 6 workers of 6 for evacuation
[2025-01-08T17:27:29.860+0000][162120.226s][info][gc,phases   ] GC(4848)   Pre Evacuate Collection Set: 0.2ms
[2025-01-08T17:27:29.860+0000][162120.226s][info][gc,phases   ] GC(4848)   Merge Heap Roots: 0.4ms
[2025-01-08T17:27:29.860+0000][162120.226s][info][gc,phases   ] GC(4848)   Evacuate Collection Set: 24.3ms
[2025-01-08T17:27:29.860+0000][162120.226s][info][gc,phases   ] GC(4848)   Post Evacuate Collection Set: 2.6ms
[2025-01-08T17:27:29.860+0000][162120.226s][info][gc,phases   ] GC(4848)   Other: 0.2ms
[2025-01-08T17:27:29.860+0000][162120.226s][info][gc,heap     ] GC(4848) Eden regions: 916->0(914)
[2025-01-08T17:27:29.860+0000][162120.226s][info][gc,heap     ] GC(4848) Survivor regions: 5->7(116)
[2025-01-08T17:27:29.860+0000][162120.226s][info][gc,heap     ] GC(4848) Old regions: 235->235
[2025-01-08T17:27:29.860+0000][162120.226s][info][gc,heap     ] GC(4848) Archive regions: 2->2
[2025-01-08T17:27:29.860+0000][162120.226s][info][gc,heap     ] GC(4848) Humongous regions: 49->49
[2025-01-08T17:27:29.860+0000][162120.226s][info][gc,metaspace] GC(4848) Metaspace: 506386K(515136K)->506386K(515136K) NonClass: 444827K(449152K)->444827K(449152K) Class: 61559K(65984K)->61559K(65984K)
[2025-01-08T17:27:29.860+0000][162120.226s][info][gc          ] GC(4848) Pause Young (Normal) (G1 Evacuation Pause) 9636M->2326M(12288M) 27.696ms
[2025-01-08T17:27:29.860+0000][162120.226s][info][gc,cpu      ] GC(4848) User=0.16s Sys=0.00s Real=0.02s
[2025-01-08T17:27:39.959+0000][162130.326s][info][gc,start    ] GC(4849) Pause Young (Normal) (G1 Evacuation Pause)
[2025-01-08T17:27:39.959+0000][162130.326s][info][gc,task     ] GC(4849) Using 6 workers of 6 for evacuation
[2025-01-08T17:27:39.989+0000][162130.355s][info][gc,phases   ] GC(4849)   Pre Evacuate Collection Set: 0.2ms
[2025-01-08T17:27:39.989+0000][162130.355s][info][gc,phases   ] GC(4849)   Merge Heap Roots: 0.4ms
[2025-01-08T17:27:39.989+0000][162130.355s][info][gc,phases   ] GC(4849)   Evacuate Collection Set: 26.3ms
[2025-01-08T17:27:39.989+0000][162130.355s][info][gc,phases   ] GC(4849)   Post Evacuate Collection Set: 2.6ms
[2025-01-08T17:27:39.989+0000][162130.355s][info][gc,phases   ] GC(4849)   Other: 0.2ms
[2025-01-08T17:27:39.989+0000][162130.355s][info][gc,heap     ] GC(4849) Eden regions: 914->0(914)
[2025-01-08T17:27:39.989+0000][162130.355s][info][gc,heap     ] GC(4849) Survivor regions: 7->7(116)
[2025-01-08T17:27:39.989+0000][162130.355s][info][gc,heap     ] GC(4849) Old regions: 235->235
[2025-01-08T17:27:39.989+0000][162130.355s][info][gc,heap     ] GC(4849) Archive regions: 2->2
[2025-01-08T17:27:39.989+0000][162130.355s][info][gc,heap     ] GC(4849) Humongous regions: 49->49
[2025-01-08T17:27:39.989+0000][162130.355s][info][gc,metaspace] GC(4849) Metaspace: 506386K(515136K)->506386K(515136K) NonClass: 444827K(449152K)->444827K(449152K) Class: 61559K(65984K)->61559K(65984K)
[2025-01-08T17:27:39.989+0000][162130.355s][info][gc          ] GC(4849) Pause Young (Normal) (G1 Evacuation Pause) 9638M->2329M(12288M) 29.894ms
[2025-01-08T17:27:39.989+0000][162130.355s][info][gc,cpu      ] GC(4849) User=0.17s Sys=0.00s Real=0.03s
[2025-01-08T17:27:50.452+0000][162140.818s][info][gc,start    ] GC(4850) Pause Young (Concurrent Start) (G1 Evacuation Pause)
[2025-01-08T17:27:50.452+0000][162140.818s][info][gc,task     ] GC(4850) Using 6 workers of 6 for evacuation
[2025-01-08T17:27:50.486+0000][162140.852s][info][gc,phases   ] GC(4850)   Pre Evacuate Collection Set: 1.1ms
[2025-01-08T17:27:50.486+0000][162140.852s][info][gc,phases   ] GC(4850)   Merge Heap Roots: 0.5ms
[2025-01-08T17:27:50.486+0000][162140.852s][info][gc,phases   ] GC(4850)   Evacuate Collection Set: 28.2ms
[2025-01-08T17:27:50.486+0000][162140.852s][info][gc,phases   ] GC(4850)   Post Evacuate Collection Set: 4.0ms
[2025-01-08T17:27:50.486+0000][162140.852s][info][gc,phases   ] GC(4850)   Other: 0.4ms
[2025-01-08T17:27:50.486+0000][162140.852s][info][gc,heap     ] GC(4850) Eden regions: 914->0(912)
[2025-01-08T17:27:50.486+0000][162140.852s][info][gc,heap     ] GC(4850) Survivor regions: 7->9(116)
[2025-01-08T17:27:50.486+0000][162140.852s][info][gc,heap     ] GC(4850) Old regions: 235->235
[2025-01-08T17:27:50.486+0000][162140.852s][info][gc,heap     ] GC(4850) Archive regions: 2->2
[2025-01-08T17:27:50.486+0000][162140.852s][info][gc,heap     ] GC(4850) Humongous regions: 49->49
[2025-01-08T17:27:50.486+0000][162140.852s][info][gc,metaspace] GC(4850) Metaspace: 506386K(515136K)->506386K(515136K) NonClass: 444827K(449152K)->444827K(449152K) Class: 61559K(65984K)->61559K(65984K)
[2025-01-08T17:27:50.486+0000][162140.852s][info][gc          ] GC(4850) Pause Young (Concurrent Start) (G1 Evacuation Pause) 9641M->2343M(12288M) 34.097ms
[2025-01-08T17:27:50.486+0000][162140.852s][info][gc,cpu      ] GC(4850) User=0.19s Sys=0.00s Real=0.03s
[2025-01-08T17:27:50.486+0000][162140.852s][info][gc          ] GC(4851) Concurrent Mark Cycle
[2025-01-08T17:27:50.486+0000][162140.852s][info][gc,marking  ] GC(4851) Concurrent Clear Claimed Marks
[2025-01-08T17:27:50.487+0000][162140.853s][info][gc,marking  ] GC(4851) Concurrent Clear Claimed Marks 0.899ms
[2025-01-08T17:27:50.487+0000][162140.853s][info][gc,marking  ] GC(4851) Concurrent Scan Root Regions
[2025-01-08T17:27:50.509+0000][162140.875s][info][gc,marking  ] GC(4851) Concurrent Scan Root Regions 22.157ms
[2025-01-08T17:27:50.509+0000][162140.875s][info][gc,marking  ] GC(4851) Concurrent Mark
[2025-01-08T17:27:50.509+0000][162140.875s][info][gc,marking  ] GC(4851) Concurrent Mark From Roots
[2025-01-08T17:27:50.509+0000][162140.875s][info][gc,task     ] GC(4851) Using 2 workers of 2 for marking
[2025-01-08T17:27:51.393+0000][162141.759s][info][gc,marking  ] GC(4851) Concurrent Mark From Roots 884.070ms
[2025-01-08T17:27:51.393+0000][162141.759s][info][gc,marking  ] GC(4851) Concurrent Preclean
[2025-01-08T17:27:51.395+0000][162141.762s][info][gc,marking  ] GC(4851) Concurrent Preclean 2.472ms
[2025-01-08T17:27:51.396+0000][162141.762s][info][gc,start    ] GC(4851) Pause Remark
[2025-01-08T17:27:51.421+0000][162141.788s][info][gc          ] GC(4851) Pause Remark 3255M->3255M(12288M) 25.973ms
[2025-01-08T17:27:51.422+0000][162141.788s][info][gc,cpu      ] GC(4851) User=0.15s Sys=0.00s Real=0.03s
[2025-01-08T17:27:51.422+0000][162141.788s][info][gc,marking  ] GC(4851) Concurrent Mark 912.890ms
[2025-01-08T17:27:51.422+0000][162141.788s][info][gc,marking  ] GC(4851) Concurrent Rebuild Remembered Sets
[2025-01-08T17:27:52.015+0000][162142.381s][info][gc,marking  ] GC(4851) Concurrent Rebuild Remembered Sets 593.647ms
[2025-01-08T17:27:52.016+0000][162142.382s][info][gc,start    ] GC(4851) Pause Cleanup
[2025-01-08T17:27:52.016+0000][162142.382s][info][gc          ] GC(4851) Pause Cleanup 3943M->3943M(12288M) 0.437ms
[2025-01-08T17:27:52.016+0000][162142.382s][info][gc,cpu      ] GC(4851) User=0.00s Sys=0.00s Real=0.00s
[2025-01-08T17:27:52.016+0000][162142.382s][info][gc,marking  ] GC(4851) Concurrent Cleanup for Next Mark
[2025-01-08T17:27:52.034+0000][162142.401s][info][gc,marking  ] GC(4851) Concurrent Cleanup for Next Mark 18.339ms
[2025-01-08T17:27:52.034+0000][162142.401s][info][gc          ] GC(4851) Concurrent Mark Cycle 1548.799ms
[2025-01-08T17:27:59.664+0000][162150.030s][info][gc,start    ] GC(4852) Pause Young (Prepare Mixed) (G1 Evacuation Pause)
[2025-01-08T17:27:59.664+0000][162150.030s][info][gc,task     ] GC(4852) Using 6 workers of 6 for evacuation
[2025-01-08T17:27:59.702+0000][162150.068s][info][gc,phases   ] GC(4852)   Pre Evacuate Collection Set: 0.2ms
[2025-01-08T17:27:59.702+0000][162150.068s][info][gc,phases   ] GC(4852)   Merge Heap Roots: 0.7ms
[2025-01-08T17:27:59.702+0000][162150.068s][info][gc,phases   ] GC(4852)   Evacuate Collection Set: 32.8ms
[2025-01-08T17:27:59.702+0000][162150.068s][info][gc,phases   ] GC(4852)   Post Evacuate Collection Set: 4.1ms
[2025-01-08T17:27:59.702+0000][162150.068s][info][gc,phases   ] GC(4852)   Other: 0.2ms
[2025-01-08T17:27:59.702+0000][162150.068s][info][gc,heap     ] GC(4852) Eden regions: 912->0(65)
[2025-01-08T17:27:59.702+0000][162150.068s][info][gc,heap     ] GC(4852) Survivor regions: 9->11(116)
[2025-01-08T17:27:59.702+0000][162150.068s][info][gc,heap     ] GC(4852) Old regions: 235->235
[2025-01-08T17:27:59.702+0000][162150.068s][info][gc,heap     ] GC(4852) Archive regions: 2->2
[2025-01-08T17:27:59.702+0000][162150.068s][info][gc,heap     ] GC(4852) Humongous regions: 49->49
[2025-01-08T17:27:59.702+0000][162150.068s][info][gc,metaspace] GC(4852) Metaspace: 506386K(515136K)->506386K(515136K) NonClass: 444827K(449152K)->444827K(449152K) Class: 61559K(65984K)->61559K(65984K)
[2025-01-08T17:27:59.702+0000][162150.068s][info][gc          ] GC(4852) Pause Young (Prepare Mixed) (G1 Evacuation Pause) 9639M->2354M(12288M) 38.118ms
[2025-01-08T17:27:59.702+0000][162150.068s][info][gc,cpu      ] GC(4852) User=0.22s Sys=0.00s Real=0.04s
[2025-01-08T17:28:00.090+0000][162150.456s][info][gc,start    ] GC(4853) Pause Young (Mixed) (G1 Evacuation Pause)
[2025-01-08T17:28:00.090+0000][162150.456s][info][gc,task     ] GC(4853) Using 6 workers of 6 for evacuation
[2025-01-08T17:28:00.143+0000][162150.509s][info][gc,phases   ] GC(4853)   Pre Evacuate Collection Set: 0.2ms
[2025-01-08T17:28:00.143+0000][162150.509s][info][gc,phases   ] GC(4853)   Merge Heap Roots: 0.6ms
[2025-01-08T17:28:00.143+0000][162150.509s][info][gc,phases   ] GC(4853)   Evacuate Collection Set: 50.6ms
[2025-01-08T17:28:00.143+0000][162150.509s][info][gc,phases   ] GC(4853)   Post Evacuate Collection Set: 1.9ms
[2025-01-08T17:28:00.143+0000][162150.509s][info][gc,phases   ] GC(4853)   Other: 0.2ms
[2025-01-08T17:28:00.143+0000][162150.509s][info][gc,heap     ] GC(4853) Eden regions: 65->0(916)
[2025-01-08T17:28:00.143+0000][162150.509s][info][gc,heap     ] GC(4853) Survivor regions: 11->5(10)
[2025-01-08T17:28:00.143+0000][162150.509s][info][gc,heap     ] GC(4853) Old regions: 235->236
[2025-01-08T17:28:00.143+0000][162150.509s][info][gc,heap     ] GC(4853) Archive regions: 2->2
[2025-01-08T17:28:00.143+0000][162150.509s][info][gc,heap     ] GC(4853) Humongous regions: 49->49
[2025-01-08T17:28:00.143+0000][162150.509s][info][gc,metaspace] GC(4853) Metaspace: 506386K(515136K)->506386K(515136K) NonClass: 444827K(449152K)->444827K(449152K) Class: 61559K(65984K)->61559K(65984K)
[2025-01-08T17:28:00.143+0000][162150.509s][info][gc          ] GC(4853) Pause Young (Mixed) (G1 Evacuation Pause) 2874M->2320M(12288M) 53.494ms
[2025-01-08T17:28:00.143+0000][162150.509s][info][gc,cpu      ] GC(4853) User=0.31s Sys=0.00s Real=0.05s
[2025-01-08T17:28:12.105+0000][162162.471s][info][gc,start    ] GC(4854) Pause Young (Normal) (G1 Evacuation Pause)
[2025-01-08T17:28:12.105+0000][162162.472s][info][gc,task     ] GC(4854) Using 6 workers of 6 for evacuation
[2025-01-08T17:28:12.133+0000][162162.499s][info][gc,phases   ] GC(4854)   Pre Evacuate Collection Set: 0.2ms
[2025-01-08T17:28:12.133+0000][162162.499s][info][gc,phases   ] GC(4854)   Merge Heap Roots: 0.4ms
[2025-01-08T17:28:12.133+0000][162162.499s][info][gc,phases   ] GC(4854)   Evacuate Collection Set: 22.4ms
[2025-01-08T17:28:12.133+0000][162162.499s][info][gc,phases   ] GC(4854)   Post Evacuate Collection Set: 4.0ms
[2025-01-08T17:28:12.133+0000][162162.499s][info][gc,phases   ] GC(4854)   Other: 0.2ms
[2025-01-08T17:28:12.133+0000][162162.499s][info][gc,heap     ] GC(4854) Eden regions: 916->0(914)
[2025-01-08T17:28:12.133+0000][162162.499s][info][gc,heap     ] GC(4854) Survivor regions: 5->7(116)
[2025-01-08T17:28:12.133+0000][162162.499s][info][gc,heap     ] GC(4854) Old regions: 236->236
[2025-01-08T17:28:12.133+0000][162162.499s][info][gc,heap     ] GC(4854) Archive regions: 2->2
[2025-01-08T17:28:12.133+0000][162162.499s][info][gc,heap     ] GC(4854) Humongous regions: 49->49
[2025-01-08T17:28:12.133+0000][162162.499s][info][gc,metaspace] GC(4854) Metaspace: 506386K(515136K)->506386K(515136K) NonClass: 444827K(449152K)->444827K(449152K) Class: 61559K(65984K)->61559K(65984K)
[2025-01-08T17:28:12.133+0000][162162.499s][info][gc          ] GC(4854) Pause Young (Normal) (G1 Evacuation Pause) 9648M->2336M(12288M) 27.353ms
[2025-01-08T17:28:12.133+0000][162162.499s][info][gc,cpu      ] GC(4854) User=0.16s Sys=0.00s Real=0.03s
[2025-01-08T17:28:21.872+0000][162172.238s][info][gc,start    ] GC(4855) Pause Young (Normal) (G1 Evacuation Pause)
[2025-01-08T17:28:21.872+0000][162172.238s][info][gc,task     ] GC(4855) Using 6 workers of 6 for evacuation
[2025-01-08T17:28:21.903+0000][162172.269s][info][gc,phases   ] GC(4855)   Pre Evacuate Collection Set: 0.2ms
[2025-01-08T17:28:21.903+0000][162172.269s][info][gc,phases   ] GC(4855)   Merge Heap Roots: 0.4ms
[2025-01-08T17:28:21.903+0000][162172.269s][info][gc,phases   ] GC(4855)   Evacuate Collection Set: 27.7ms
[2025-01-08T17:28:21.903+0000][162172.269s][info][gc,phases   ] GC(4855)   Post Evacuate Collection Set: 2.6ms
[2025-01-08T17:28:21.903+0000][162172.269s][info][gc,phases   ] GC(4855)   Other: 0.2ms
[2025-01-08T17:28:21.903+0000][162172.269s][info][gc,heap     ] GC(4855) Eden regions: 914->0(912)
[2025-01-08T17:28:21.903+0000][162172.269s][info][gc,heap     ] GC(4855) Survivor regions: 7->9(116)
[2025-01-08T17:28:21.903+0000][162172.269s][info][gc,heap     ] GC(4855) Old regions: 236->236
[2025-01-08T17:28:21.903+0000][162172.269s][info][gc,heap     ] GC(4855) Archive regions: 2->2
[2025-01-08T17:28:21.903+0000][162172.269s][info][gc,heap     ] GC(4855) Humongous regions: 49->49
[2025-01-08T17:28:21.903+0000][162172.269s][info][gc,metaspace] GC(4855) Metaspace: 506386K(515136K)->506386K(515136K) NonClass: 444827K(449152K)->444827K(449152K) Class: 61559K(65984K)->61559K(65984K)
[2025-01-08T17:28:21.903+0000][162172.269s][info][gc          ] GC(4855) Pause Young (Normal) (G1 Evacuation Pause) 9648M->2349M(12288M) 31.209ms
[2025-01-08T17:28:21.903+0000][162172.269s][info][gc,cpu      ] GC(4855) User=0.18s Sys=0.00s Real=0.03s
[2025-01-08T17:28:34.065+0000][162184.431s][info][gc,start    ] GC(4856) Pause Young (Concurrent Start) (G1 Evacuation Pause)
[2025-01-08T17:28:34.065+0000][162184.431s][info][gc,task     ] GC(4856) Using 6 workers of 6 for evacuation
[2025-01-08T17:28:34.104+0000][162184.470s][info][gc,phases   ] GC(4856)   Pre Evacuate Collection Set: 1.0ms
[2025-01-08T17:28:34.104+0000][162184.470s][info][gc,phases   ] GC(4856)   Merge Heap Roots: 0.5ms
[2025-01-08T17:28:34.104+0000][162184.470s][info][gc,phases   ] GC(4856)   Evacuate Collection Set: 34.7ms
[2025-01-08T17:28:34.104+0000][162184.470s][info][gc,phases   ] GC(4856)   Post Evacuate Collection Set: 2.7ms
[2025-01-08T17:28:34.104+0000][162184.470s][info][gc,phases   ] GC(4856)   Other: 0.3ms
[2025-01-08T17:28:34.104+0000][162184.470s][info][gc,heap     ] GC(4856) Eden regions: 912->0(911)
[2025-01-08T17:28:34.104+0000][162184.470s][info][gc,heap     ] GC(4856) Survivor regions: 9->10(116)
[2025-01-08T17:28:34.104+0000][162184.470s][info][gc,heap     ] GC(4856) Old regions: 236->236
[2025-01-08T17:28:34.104+0000][162184.470s][info][gc,heap     ] GC(4856) Archive regions: 2->2
[2025-01-08T17:28:34.104+0000][162184.470s][info][gc,heap     ] GC(4856) Humongous regions: 49->49
[2025-01-08T17:28:34.104+0000][162184.470s][info][gc,metaspace] GC(4856) Metaspace: 506399K(515200K)->506399K(515200K) NonClass: 444840K(449216K)->444840K(449216K) Class: 61559K(65984K)->61559K(65984K)
[2025-01-08T17:28:34.104+0000][162184.471s][info][gc          ] GC(4856) Pause Young (Concurrent Start) (G1 Evacuation Pause) 9645M->2361M(12288M) 39.318ms
[2025-01-08T17:28:34.104+0000][162184.471s][info][gc,cpu      ] GC(4856) User=0.22s Sys=0.00s Real=0.04s
[2025-01-08T17:28:34.104+0000][162184.471s][info][gc          ] GC(4857) Concurrent Mark Cycle
[2025-01-08T17:28:34.105+0000][162184.471s][info][gc,marking  ] GC(4857) Concurrent Clear Claimed Marks
[2025-01-08T17:28:34.105+0000][162184.472s][info][gc,marking  ] GC(4857) Concurrent Clear Claimed Marks 0.953ms
[2025-01-08T17:28:34.105+0000][162184.472s][info][gc,marking  ] GC(4857) Concurrent Scan Root Regions
[2025-01-08T17:28:34.134+0000][162184.500s][info][gc,marking  ] GC(4857) Concurrent Scan Root Regions 28.019ms
[2025-01-08T17:28:34.134+0000][162184.500s][info][gc,marking  ] GC(4857) Concurrent Mark
[2025-01-08T17:28:34.134+0000][162184.500s][info][gc,marking  ] GC(4857) Concurrent Mark From Roots
[2025-01-08T17:28:34.134+0000][162184.500s][info][gc,task     ] GC(4857) Using 2 workers of 2 for marking
[2025-01-08T17:28:34.930+0000][162185.296s][info][gc,marking  ] GC(4857) Concurrent Mark From Roots 796.284ms
[2025-01-08T17:28:34.930+0000][162185.296s][info][gc,marking  ] GC(4857) Concurrent Preclean
[2025-01-08T17:28:34.932+0000][162185.299s][info][gc,marking  ] GC(4857) Concurrent Preclean 2.530ms
[2025-01-08T17:28:34.933+0000][162185.299s][info][gc,start    ] GC(4857) Pause Remark
[2025-01-08T17:28:34.959+0000][162185.325s][info][gc          ] GC(4857) Pause Remark 3081M->3081M(12288M) 26.709ms
[2025-01-08T17:28:34.959+0000][162185.325s][info][gc,cpu      ] GC(4857) User=0.15s Sys=0.00s Real=0.02s
[2025-01-08T17:28:34.959+0000][162185.326s][info][gc,marking  ] GC(4857) Concurrent Mark 825.884ms
[2025-01-08T17:28:34.959+0000][162185.326s][info][gc,marking  ] GC(4857) Concurrent Rebuild Remembered Sets
[2025-01-08T17:28:35.483+0000][162185.849s][info][gc,marking  ] GC(4857) Concurrent Rebuild Remembered Sets 523.367ms
[2025-01-08T17:28:35.483+0000][162185.849s][info][gc,start    ] GC(4857) Pause Cleanup
[2025-01-08T17:28:35.483+0000][162185.849s][info][gc          ] GC(4857) Pause Cleanup 3493M->3493M(12288M) 0.441ms
[2025-01-08T17:28:35.483+0000][162185.850s][info][gc,cpu      ] GC(4857) User=0.00s Sys=0.00s Real=0.00s
[2025-01-08T17:28:35.483+0000][162185.850s][info][gc,marking  ] GC(4857) Concurrent Cleanup for Next Mark
[2025-01-08T17:28:35.499+0000][162185.865s][info][gc,marking  ] GC(4857) Concurrent Cleanup for Next Mark 15.495ms
[2025-01-08T17:28:35.499+0000][162185.865s][info][gc          ] GC(4857) Concurrent Mark Cycle 1394.532ms
[2025-01-08T17:28:43.979+0000][162194.345s][info][gc,start    ] GC(4858) Pause Young (Prepare Mixed) (G1 Evacuation Pause)
[2025-01-08T17:28:43.979+0000][162194.346s][info][gc,task     ] GC(4858) Using 6 workers of 6 for evacuation
[2025-01-08T17:28:44.018+0000][162194.384s][info][gc,phases   ] GC(4858)   Pre Evacuate Collection Set: 0.2ms
[2025-01-08T17:28:44.018+0000][162194.384s][info][gc,phases   ] GC(4858)   Merge Heap Roots: 0.7ms
[2025-01-08T17:28:44.018+0000][162194.384s][info][gc,phases   ] GC(4858)   Evacuate Collection Set: 33.2ms
[2025-01-08T17:28:44.018+0000][162194.384s][info][gc,phases   ] GC(4858)   Post Evacuate Collection Set: 4.0ms
[2025-01-08T17:28:44.018+0000][162194.384s][info][gc,phases   ] GC(4858)   Other: 0.2ms
[2025-01-08T17:28:44.018+0000][162194.384s][info][gc,heap     ] GC(4858) Eden regions: 911->0(64)
[2025-01-08T17:28:44.018+0000][162194.384s][info][gc,heap     ] GC(4858) Survivor regions: 10->12(116)
[2025-01-08T17:28:44.018+0000][162194.384s][info][gc,heap     ] GC(4858) Old regions: 236->236
[2025-01-08T17:28:44.018+0000][162194.384s][info][gc,heap     ] GC(4858) Archive regions: 2->2
[2025-01-08T17:28:44.018+0000][162194.384s][info][gc,heap     ] GC(4858) Humongous regions: 49->49
[2025-01-08T17:28:44.018+0000][162194.384s][info][gc,metaspace] GC(4858) Metaspace: 506399K(515200K)->506399K(515200K) NonClass: 444840K(449216K)->444840K(449216K) Class: 61559K(65984K)->61559K(65984K)
[2025-01-08T17:28:44.018+0000][162194.384s][info][gc          ] GC(4858) Pause Young (Prepare Mixed) (G1 Evacuation Pause) 9649M->2378M(12288M) 38.360ms
[2025-01-08T17:28:44.018+0000][162194.384s][info][gc,cpu      ] GC(4858) User=0.22s Sys=0.00s Real=0.04s
[2025-01-08T17:28:44.535+0000][162194.902s][info][gc,start    ] GC(4859) Pause Young (Mixed) (G1 Evacuation Pause)
[2025-01-08T17:28:44.535+0000][162194.902s][info][gc,task     ] GC(4859) Using 6 workers of 6 for evacuation
[2025-01-08T17:28:44.606+0000][162194.972s][info][gc,phases   ] GC(4859)   Pre Evacuate Collection Set: 0.2ms
[2025-01-08T17:28:44.606+0000][162194.972s][info][gc,phases   ] GC(4859)   Merge Heap Roots: 0.7ms
[2025-01-08T17:28:44.606+0000][162194.972s][info][gc,phases   ] GC(4859)   Evacuate Collection Set: 67.4ms
[2025-01-08T17:28:44.606+0000][162194.972s][info][gc,phases   ] GC(4859)   Post Evacuate Collection Set: 1.8ms
[2025-01-08T17:28:44.606+0000][162194.972s][info][gc,phases   ] GC(4859)   Other: 0.2ms
[2025-01-08T17:28:44.606+0000][162194.972s][info][gc,heap     ] GC(4859) Eden regions: 64->0(917)
[2025-01-08T17:28:44.606+0000][162194.972s][info][gc,heap     ] GC(4859) Survivor regions: 12->4(10)
[2025-01-08T17:28:44.606+0000][162194.972s][info][gc,heap     ] GC(4859) Old regions: 236->239
[2025-01-08T17:28:44.606+0000][162194.972s][info][gc,heap     ] GC(4859) Archive regions: 2->2
[2025-01-08T17:28:44.606+0000][162194.972s][info][gc,heap     ] GC(4859) Humongous regions: 49->49
[2025-01-08T17:28:44.606+0000][162194.972s][info][gc,metaspace] GC(4859) Metaspace: 506399K(515200K)->506399K(515200K) NonClass: 444840K(449216K)->444840K(449216K) Class: 61559K(65984K)->61559K(65984K)
[2025-01-08T17:28:44.606+0000][162194.972s][info][gc          ] GC(4859) Pause Young (Mixed) (G1 Evacuation Pause) 2890M->2336M(12288M) 70.354ms
[2025-01-08T17:28:44.606+0000][162194.972s][info][gc,cpu      ] GC(4859) User=0.41s Sys=0.01s Real=0.07s
[2025-01-08T17:28:52.389+0000][162202.755s][info][gc,start    ] GC(4860) Pause Young (Normal) (G1 Evacuation Pause)
[2025-01-08T17:28:52.389+0000][162202.755s][info][gc,task     ] GC(4860) Using 6 workers of 6 for evacuation
[2025-01-08T17:28:52.411+0000][162202.777s][info][gc,phases   ] GC(4860)   Pre Evacuate Collection Set: 0.3ms
[2025-01-08T17:28:52.411+0000][162202.777s][info][gc,phases   ] GC(4860)   Merge Heap Roots: 0.4ms
[2025-01-08T17:28:52.411+0000][162202.777s][info][gc,phases   ] GC(4860)   Evacuate Collection Set: 17.2ms
[2025-01-08T17:28:52.411+0000][162202.777s][info][gc,phases   ] GC(4860)   Post Evacuate Collection Set: 3.8ms
[2025-01-08T17:28:52.411+0000][162202.777s][info][gc,phases   ] GC(4860)   Other: 0.2ms
[2025-01-08T17:28:52.411+0000][162202.777s][info][gc,heap     ] GC(4860) Eden regions: 917->0(915)
[2025-01-08T17:28:52.411+0000][162202.777s][info][gc,heap     ] GC(4860) Survivor regions: 4->6(116)
[2025-01-08T17:28:52.411+0000][162202.777s][info][gc,heap     ] GC(4860) Old regions: 239->239
[2025-01-08T17:28:52.411+0000][162202.777s][info][gc,heap     ] GC(4860) Archive regions: 2->2
[2025-01-08T17:28:52.411+0000][162202.777s][info][gc,heap     ] GC(4860) Humongous regions: 49->49
[2025-01-08T17:28:52.411+0000][162202.777s][info][gc,metaspace] GC(4860) Metaspace: 506399K(515200K)->506399K(515200K) NonClass: 444840K(449216K)->444840K(449216K) Class: 61559K(65984K)->61559K(65984K)
[2025-01-08T17:28:52.411+0000][162202.777s][info][gc          ] GC(4860) Pause Young (Normal) (G1 Evacuation Pause) 9672M->2349M(12288M) 21.930ms
[2025-01-08T17:28:52.411+0000][162202.777s][info][gc,cpu      ] GC(4860) User=0.12s Sys=0.00s Real=0.03s
[2025-01-08T17:28:59.100+0000][162209.466s][info][gc,start    ] GC(4861) Pause Young (Normal) (G1 Evacuation Pause)
[2025-01-08T17:28:59.100+0000][162209.466s][info][gc,task     ] GC(4861) Using 6 workers of 6 for evacuation
[2025-01-08T17:28:59.124+0000][162209.490s][info][gc,phases   ] GC(4861)   Pre Evacuate Collection Set: 0.2ms
[2025-01-08T17:28:59.124+0000][162209.490s][info][gc,phases   ] GC(4861)   Merge Heap Roots: 0.4ms
[2025-01-08T17:28:59.124+0000][162209.490s][info][gc,phases   ] GC(4861)   Evacuate Collection Set: 19.0ms
[2025-01-08T17:28:59.124+0000][162209.490s][info][gc,phases   ] GC(4861)   Post Evacuate Collection Set: 3.8ms
[2025-01-08T17:28:59.124+0000][162209.490s][info][gc,phases   ] GC(4861)   Other: 0.2ms
[2025-01-08T17:28:59.124+0000][162209.490s][info][gc,heap     ] GC(4861) Eden regions: 915->0(915)
[2025-01-08T17:28:59.124+0000][162209.490s][info][gc,heap     ] GC(4861) Survivor regions: 6->6(116)
[2025-01-08T17:28:59.124+0000][162209.490s][info][gc,heap     ] GC(4861) Old regions: 239->239
[2025-01-08T17:28:59.124+0000][162209.490s][info][gc,heap     ] GC(4861) Archive regions: 2->2
[2025-01-08T17:28:59.124+0000][162209.490s][info][gc,heap     ] GC(4861) Humongous regions: 49->49
[2025-01-08T17:28:59.124+0000][162209.490s][info][gc,metaspace] GC(4861) Metaspace: 506399K(515200K)->506399K(515200K) NonClass: 444840K(449216K)->444840K(449216K) Class: 61559K(65984K)->61559K(65984K)
[2025-01-08T17:28:59.124+0000][162209.490s][info][gc          ] GC(4861) Pause Young (Normal) (G1 Evacuation Pause) 9669M->2354M(12288M) 23.677ms
[2025-01-08T17:28:59.124+0000][162209.490s][info][gc,cpu      ] GC(4861) User=0.14s Sys=0.00s Real=0.03s
[2025-01-08T17:29:04.970+0000][162215.336s][info][gc,start    ] GC(4862) Pause Young (Concurrent Start) (G1 Evacuation Pause)
[2025-01-08T17:29:04.970+0000][162215.336s][info][gc,task     ] GC(4862) Using 6 workers of 6 for evacuation
[2025-01-08T17:29:04.997+0000][162215.363s][info][gc,phases   ] GC(4862)   Pre Evacuate Collection Set: 1.1ms
[2025-01-08T17:29:04.997+0000][162215.363s][info][gc,phases   ] GC(4862)   Merge Heap Roots: 0.4ms
[2025-01-08T17:29:04.997+0000][162215.363s][info][gc,phases   ] GC(4862)   Evacuate Collection Set: 22.4ms
[2025-01-08T17:29:04.997+0000][162215.363s][info][gc,phases   ] GC(4862)   Post Evacuate Collection Set: 2.4ms
[2025-01-08T17:29:04.997+0000][162215.363s][info][gc,phases   ] GC(4862)   Other: 0.3ms
[2025-01-08T17:29:04.997+0000][162215.363s][info][gc,heap     ] GC(4862) Eden regions: 915->0(914)
[2025-01-08T17:29:04.997+0000][162215.363s][info][gc,heap     ] GC(4862) Survivor regions: 6->7(116)
[2025-01-08T17:29:04.997+0000][162215.363s][info][gc,heap     ] GC(4862) Old regions: 239->239
[2025-01-08T17:29:04.997+0000][162215.363s][info][gc,heap     ] GC(4862) Archive regions: 2->2
[2025-01-08T17:29:04.997+0000][162215.363s][info][gc,heap     ] GC(4862) Humongous regions: 49->49
[2025-01-08T17:29:04.997+0000][162215.363s][info][gc,metaspace] GC(4862) Metaspace: 506399K(515200K)->506399K(515200K) NonClass: 444840K(449216K)->444840K(449216K) Class: 61559K(65984K)->61559K(65984K)
[2025-01-08T17:29:04.997+0000][162215.363s][info][gc          ] GC(4862) Pause Young (Concurrent Start) (G1 Evacuation Pause) 9674M->2356M(12288M) 26.704ms
[2025-01-08T17:29:04.997+0000][162215.363s][info][gc,cpu      ] GC(4862) User=0.15s Sys=0.00s Real=0.02s
[2025-01-08T17:29:04.997+0000][162215.363s][info][gc          ] GC(4863) Concurrent Mark Cycle
[2025-01-08T17:29:04.997+0000][162215.363s][info][gc,marking  ] GC(4863) Concurrent Clear Claimed Marks
[2025-01-08T17:29:04.998+0000][162215.364s][info][gc,marking  ] GC(4863) Concurrent Clear Claimed Marks 0.925ms
[2025-01-08T17:29:04.998+0000][162215.364s][info][gc,marking  ] GC(4863) Concurrent Scan Root Regions
[2025-01-08T17:29:05.019+0000][162215.385s][info][gc,marking  ] GC(4863) Concurrent Scan Root Regions 21.564ms
[2025-01-08T17:29:05.019+0000][162215.385s][info][gc,marking  ] GC(4863) Concurrent Mark
[2025-01-08T17:29:05.019+0000][162215.385s][info][gc,marking  ] GC(4863) Concurrent Mark From Roots
[2025-01-08T17:29:05.019+0000][162215.385s][info][gc,task     ] GC(4863) Using 2 workers of 2 for marking
[2025-01-08T17:29:05.948+0000][162216.314s][info][gc,marking  ] GC(4863) Concurrent Mark From Roots 928.981ms
[2025-01-08T17:29:05.948+0000][162216.315s][info][gc,marking  ] GC(4863) Concurrent Preclean
[2025-01-08T17:29:05.952+0000][162216.318s][info][gc,marking  ] GC(4863) Concurrent Preclean 3.535ms
[2025-01-08T17:29:05.952+0000][162216.318s][info][gc,start    ] GC(4863) Pause Remark
[2025-01-08T17:29:05.980+0000][162216.346s][info][gc          ] GC(4863) Pause Remark 3552M->3552M(12288M) 27.899ms
[2025-01-08T17:29:05.980+0000][162216.346s][info][gc,cpu      ] GC(4863) User=0.16s Sys=0.00s Real=0.02s
[2025-01-08T17:29:05.980+0000][162216.346s][info][gc,marking  ] GC(4863) Concurrent Mark 960.878ms
[2025-01-08T17:29:05.980+0000][162216.346s][info][gc,marking  ] GC(4863) Concurrent Rebuild Remembered Sets
[2025-01-08T17:29:06.673+0000][162217.039s][info][gc,marking  ] GC(4863) Concurrent Rebuild Remembered Sets 692.363ms
[2025-01-08T17:29:06.673+0000][162217.039s][info][gc,start    ] GC(4863) Pause Cleanup
[2025-01-08T17:29:06.673+0000][162217.039s][info][gc          ] GC(4863) Pause Cleanup 4608M->4608M(12288M) 0.443ms
[2025-01-08T17:29:06.673+0000][162217.039s][info][gc,cpu      ] GC(4863) User=0.00s Sys=0.00s Real=0.00s
[2025-01-08T17:29:06.673+0000][162217.039s][info][gc,marking  ] GC(4863) Concurrent Cleanup for Next Mark
[2025-01-08T17:29:06.690+0000][162217.056s][info][gc,marking  ] GC(4863) Concurrent Cleanup for Next Mark 16.400ms
[2025-01-08T17:29:06.690+0000][162217.056s][info][gc          ] GC(4863) Concurrent Mark Cycle 1692.975ms
[2025-01-08T17:29:09.129+0000][162219.496s][info][gc,start    ] GC(4864) Pause Young (Prepare Mixed) (G1 Evacuation Pause)
[2025-01-08T17:29:09.129+0000][162219.496s][info][gc,task     ] GC(4864) Using 6 workers of 6 for evacuation
[2025-01-08T17:29:09.157+0000][162219.524s][info][gc,phases   ] GC(4864)   Pre Evacuate Collection Set: 0.2ms
[2025-01-08T17:29:09.157+0000][162219.524s][info][gc,phases   ] GC(4864)   Merge Heap Roots: 0.6ms
[2025-01-08T17:29:09.157+0000][162219.524s][info][gc,phases   ] GC(4864)   Evacuate Collection Set: 24.6ms
[2025-01-08T17:29:09.157+0000][162219.524s][info][gc,phases   ] GC(4864)   Post Evacuate Collection Set: 2.4ms
[2025-01-08T17:29:09.157+0000][162219.524s][info][gc,phases   ] GC(4864)   Other: 0.2ms
[2025-01-08T17:29:09.158+0000][162219.524s][info][gc,heap     ] GC(4864) Eden regions: 914->0(68)
[2025-01-08T17:29:09.158+0000][162219.524s][info][gc,heap     ] GC(4864) Survivor regions: 7->8(116)
[2025-01-08T17:29:09.158+0000][162219.524s][info][gc,heap     ] GC(4864) Old regions: 239->239
[2025-01-08T17:29:09.158+0000][162219.524s][info][gc,heap     ] GC(4864) Archive regions: 2->2
[2025-01-08T17:29:09.158+0000][162219.524s][info][gc,heap     ] GC(4864) Humongous regions: 49->49
[2025-01-08T17:29:09.158+0000][162219.524s][info][gc,metaspace] GC(4864) Metaspace: 506399K(515200K)->506399K(515200K) NonClass: 444840K(449216K)->444840K(449216K) Class: 61559K(65984K)->61559K(65984K)
[2025-01-08T17:29:09.158+0000][162219.524s][info][gc          ] GC(4864) Pause Young (Prepare Mixed) (G1 Evacuation Pause) 9668M->2364M(12288M) 28.153ms
[2025-01-08T17:29:09.158+0000][162219.524s][info][gc,cpu      ] GC(4864) User=0.16s Sys=0.01s Real=0.03s
[2025-01-08T17:29:09.426+0000][162219.792s][info][gc,start    ] GC(4865) Pause Young (Mixed) (G1 Evacuation Pause)
[2025-01-08T17:29:09.426+0000][162219.792s][info][gc,task     ] GC(4865) Using 6 workers of 6 for evacuation
[2025-01-08T17:29:09.483+0000][162219.849s][info][gc,phases   ] GC(4865)   Pre Evacuate Collection Set: 0.2ms
[2025-01-08T17:29:09.483+0000][162219.849s][info][gc,phases   ] GC(4865)   Merge Heap Roots: 0.6ms
[2025-01-08T17:29:09.483+0000][162219.849s][info][gc,phases   ] GC(4865)   Evacuate Collection Set: 54.2ms
[2025-01-08T17:29:09.483+0000][162219.849s][info][gc,phases   ] GC(4865)   Post Evacuate Collection Set: 1.9ms
[2025-01-08T17:29:09.483+0000][162219.849s][info][gc,phases   ] GC(4865)   Other: 0.2ms
[2025-01-08T17:29:09.483+0000][162219.849s][info][gc,heap     ] GC(4865) Eden regions: 68->0(916)
[2025-01-08T17:29:09.483+0000][162219.849s][info][gc,heap     ] GC(4865) Survivor regions: 8->5(10)
[2025-01-08T17:29:09.483+0000][162219.849s][info][gc,heap     ] GC(4865) Old regions: 239->236
[2025-01-08T17:29:09.483+0000][162219.849s][info][gc,heap     ] GC(4865) Archive regions: 2->2
[2025-01-08T17:29:09.483+0000][162219.849s][info][gc,heap     ] GC(4865) Humongous regions: 49->49
[2025-01-08T17:29:09.483+0000][162219.849s][info][gc,metaspace] GC(4865) Metaspace: 506399K(515200K)->506399K(515200K) NonClass: 444840K(449216K)->444840K(449216K) Class: 61559K(65984K)->61559K(65984K)
[2025-01-08T17:29:09.483+0000][162219.849s][info][gc          ] GC(4865) Pause Young (Mixed) (G1 Evacuation Pause) 2908M->2321M(12288M) 57.132ms
[2025-01-08T17:29:09.483+0000][162219.850s][info][gc,cpu      ] GC(4865) User=0.32s Sys=0.00s Real=0.06s
[2025-01-08T17:29:14.058+0000][162224.424s][info][gc,start    ] GC(4866) Pause Young (Normal) (G1 Evacuation Pause)
[2025-01-08T17:29:14.058+0000][162224.424s][info][gc,task     ] GC(4866) Using 6 workers of 6 for evacuation
[2025-01-08T17:29:14.081+0000][162224.447s][info][gc,phases   ] GC(4866)   Pre Evacuate Collection Set: 0.2ms
[2025-01-08T17:29:14.081+0000][162224.447s][info][gc,phases   ] GC(4866)   Merge Heap Roots: 0.4ms
[2025-01-08T17:29:14.081+0000][162224.447s][info][gc,phases   ] GC(4866)   Evacuate Collection Set: 19.6ms
[2025-01-08T17:29:14.081+0000][162224.447s][info][gc,phases   ] GC(4866)   Post Evacuate Collection Set: 2.3ms
[2025-01-08T17:29:14.081+0000][162224.447s][info][gc,phases   ] GC(4866)   Other: 0.2ms
[2025-01-08T17:29:14.081+0000][162224.447s][info][gc,heap     ] GC(4866) Eden regions: 916->0(916)
[2025-01-08T17:29:14.081+0000][162224.447s][info][gc,heap     ] GC(4866) Survivor regions: 5->5(116)
[2025-01-08T17:29:14.081+0000][162224.447s][info][gc,heap     ] GC(4866) Old regions: 236->236
[2025-01-08T17:29:14.081+0000][162224.447s][info][gc,heap     ] GC(4866) Archive regions: 2->2
[2025-01-08T17:29:14.081+0000][162224.447s][info][gc,heap     ] GC(4866) Humongous regions: 49->49
[2025-01-08T17:29:14.081+0000][162224.447s][info][gc,metaspace] GC(4866) Metaspace: 506399K(515200K)->506399K(515200K) NonClass: 444840K(449216K)->444840K(449216K) Class: 61559K(65984K)->61559K(65984K)
[2025-01-08T17:29:14.081+0000][162224.447s][info][gc          ] GC(4866) Pause Young (Normal) (G1 Evacuation Pause) 9649M->2325M(12288M) 22.891ms
[2025-01-08T17:29:14.081+0000][162224.447s][info][gc,cpu      ] GC(4866) User=0.14s Sys=0.00s Real=0.02s
[2025-01-08T17:29:22.973+0000][162233.339s][info][gc,start    ] GC(4867) Pause Young (Normal) (G1 Evacuation Pause)
[2025-01-08T17:29:22.973+0000][162233.340s][info][gc,task     ] GC(4867) Using 6 workers of 6 for evacuation
[2025-01-08T17:29:23.000+0000][162233.366s][info][gc,phases   ] GC(4867)   Pre Evacuate Collection Set: 0.2ms
[2025-01-08T17:29:23.000+0000][162233.366s][info][gc,phases   ] GC(4867)   Merge Heap Roots: 0.4ms
[2025-01-08T17:29:23.000+0000][162233.366s][info][gc,phases   ] GC(4867)   Evacuate Collection Set: 23.4ms
[2025-01-08T17:29:23.000+0000][162233.366s][info][gc,phases   ] GC(4867)   Post Evacuate Collection Set: 2.6ms
[2025-01-08T17:29:23.000+0000][162233.366s][info][gc,phases   ] GC(4867)   Other: 0.2ms
[2025-01-08T17:29:23.000+0000][162233.366s][info][gc,heap     ] GC(4867) Eden regions: 916->0(915)
[2025-01-08T17:29:23.000+0000][162233.366s][info][gc,heap     ] GC(4867) Survivor regions: 5->6(116)
[2025-01-08T17:29:23.000+0000][162233.366s][info][gc,heap     ] GC(4867) Old regions: 236->236
[2025-01-08T17:29:23.000+0000][162233.366s][info][gc,heap     ] GC(4867) Archive regions: 2->2
[2025-01-08T17:29:23.000+0000][162233.366s][info][gc,heap     ] GC(4867) Humongous regions: 49->49
[2025-01-08T17:29:23.000+0000][162233.366s][info][gc,metaspace] GC(4867) Metaspace: 506399K(515200K)->506399K(515200K) NonClass: 444840K(449216K)->444840K(449216K) Class: 61559K(65984K)->61559K(65984K)
[2025-01-08T17:29:23.000+0000][162233.366s][info][gc          ] GC(4867) Pause Young (Normal) (G1 Evacuation Pause) 9653M->2333M(12288M) 26.985ms
[2025-01-08T17:29:23.000+0000][162233.367s][info][gc,cpu      ] GC(4867) User=0.15s Sys=0.01s Real=0.02s
[2025-01-08T17:29:32.010+0000][162242.376s][info][gc,start    ] GC(4868) Pause Young (Concurrent Start) (G1 Evacuation Pause)
[2025-01-08T17:29:32.010+0000][162242.376s][info][gc,task     ] GC(4868) Using 6 workers of 6 for evacuation
[2025-01-08T17:29:32.043+0000][162242.409s][info][gc,phases   ] GC(4868)   Pre Evacuate Collection Set: 1.0ms
[2025-01-08T17:29:32.043+0000][162242.409s][info][gc,phases   ] GC(4868)   Merge Heap Roots: 0.5ms
[2025-01-08T17:29:32.043+0000][162242.409s][info][gc,phases   ] GC(4868)   Evacuate Collection Set: 28.4ms
[2025-01-08T17:29:32.043+0000][162242.409s][info][gc,phases   ] GC(4868)   Post Evacuate Collection Set: 2.6ms
[2025-01-08T17:29:32.043+0000][162242.409s][info][gc,phases   ] GC(4868)   Other: 0.3ms
[2025-01-08T17:29:32.043+0000][162242.409s][info][gc,heap     ] GC(4868) Eden regions: 915->0(913)
[2025-01-08T17:29:32.043+0000][162242.409s][info][gc,heap     ] GC(4868) Survivor regions: 6->8(116)
[2025-01-08T17:29:32.043+0000][162242.409s][info][gc,heap     ] GC(4868) Old regions: 236->236
[2025-01-08T17:29:32.043+0000][162242.409s][info][gc,heap     ] GC(4868) Archive regions: 2->2
[2025-01-08T17:29:32.043+0000][162242.409s][info][gc,heap     ] GC(4868) Humongous regions: 49->49
[2025-01-08T17:29:32.043+0000][162242.409s][info][gc,metaspace] GC(4868) Metaspace: 506399K(515200K)->506399K(515200K) NonClass: 444840K(449216K)->444840K(449216K) Class: 61559K(65984K)->61559K(65984K)
[2025-01-08T17:29:32.043+0000][162242.409s][info][gc          ] GC(4868) Pause Young (Concurrent Start) (G1 Evacuation Pause) 9653M->2349M(12288M) 32.888ms
[2025-01-08T17:29:32.043+0000][162242.409s][info][gc,cpu      ] GC(4868) User=0.19s Sys=0.00s Real=0.03s
[2025-01-08T17:29:32.043+0000][162242.409s][info][gc          ] GC(4869) Concurrent Mark Cycle
[2025-01-08T17:29:32.043+0000][162242.409s][info][gc,marking  ] GC(4869) Concurrent Clear Claimed Marks
[2025-01-08T17:29:32.044+0000][162242.410s][info][gc,marking  ] GC(4869) Concurrent Clear Claimed Marks 0.864ms
[2025-01-08T17:29:32.044+0000][162242.410s][info][gc,marking  ] GC(4869) Concurrent Scan Root Regions
[2025-01-08T17:29:32.071+0000][162242.437s][info][gc,marking  ] GC(4869) Concurrent Scan Root Regions 27.502ms
[2025-01-08T17:29:32.071+0000][162242.437s][info][gc,marking  ] GC(4869) Concurrent Mark
[2025-01-08T17:29:32.071+0000][162242.437s][info][gc,marking  ] GC(4869) Concurrent Mark From Roots
[2025-01-08T17:29:32.071+0000][162242.437s][info][gc,task     ] GC(4869) Using 2 workers of 2 for marking
[2025-01-08T17:29:33.016+0000][162243.382s][info][gc,marking  ] GC(4869) Concurrent Mark From Roots 944.509ms
[2025-01-08T17:29:33.016+0000][162243.382s][info][gc,marking  ] GC(4869) Concurrent Preclean
[2025-01-08T17:29:33.019+0000][162243.385s][info][gc,marking  ] GC(4869) Concurrent Preclean 3.128ms
[2025-01-08T17:29:33.019+0000][162243.385s][info][gc,start    ] GC(4869) Pause Remark
[2025-01-08T17:29:33.045+0000][162243.411s][info][gc          ] GC(4869) Pause Remark 3445M->3445M(12288M) 25.952ms
[2025-01-08T17:29:33.045+0000][162243.411s][info][gc,cpu      ] GC(4869) User=0.14s Sys=0.00s Real=0.03s
[2025-01-08T17:29:33.045+0000][162243.411s][info][gc,marking  ] GC(4869) Concurrent Mark 973.936ms
[2025-01-08T17:29:33.045+0000][162243.411s][info][gc,marking  ] GC(4869) Concurrent Rebuild Remembered Sets
[2025-01-08T17:29:33.605+0000][162243.971s][info][gc,marking  ] GC(4869) Concurrent Rebuild Remembered Sets 559.976ms
[2025-01-08T17:29:33.605+0000][162243.971s][info][gc,start    ] GC(4869) Pause Cleanup
[2025-01-08T17:29:33.606+0000][162243.972s][info][gc          ] GC(4869) Pause Cleanup 3829M->3829M(12288M) 0.441ms
[2025-01-08T17:29:33.606+0000][162243.972s][info][gc,cpu      ] GC(4869) User=0.00s Sys=0.00s Real=0.00s
[2025-01-08T17:29:33.606+0000][162243.972s][info][gc,marking  ] GC(4869) Concurrent Cleanup for Next Mark
[2025-01-08T17:29:33.622+0000][162243.988s][info][gc,marking  ] GC(4869) Concurrent Cleanup for Next Mark 15.877ms
[2025-01-08T17:29:33.622+0000][162243.988s][info][gc          ] GC(4869) Concurrent Mark Cycle 1579.015ms
[2025-01-08T17:29:42.604+0000][162252.971s][info][gc,start    ] GC(4870) Pause Young (Prepare Mixed) (G1 Evacuation Pause)
[2025-01-08T17:29:42.604+0000][162252.971s][info][gc,task     ] GC(4870) Using 6 workers of 6 for evacuation
[2025-01-08T17:29:42.642+0000][162253.008s][info][gc,phases   ] GC(4870)   Pre Evacuate Collection Set: 0.2ms
[2025-01-08T17:29:42.642+0000][162253.008s][info][gc,phases   ] GC(4870)   Merge Heap Roots: 0.7ms
[2025-01-08T17:29:42.642+0000][162253.008s][info][gc,phases   ] GC(4870)   Evacuate Collection Set: 31.7ms
[2025-01-08T17:29:42.642+0000][162253.008s][info][gc,phases   ] GC(4870)   Post Evacuate Collection Set: 4.3ms
[2025-01-08T17:29:42.642+0000][162253.008s][info][gc,phases   ] GC(4870)   Other: 0.2ms
[2025-01-08T17:29:42.642+0000][162253.008s][info][gc,heap     ] GC(4870) Eden regions: 913->0(66)
[2025-01-08T17:29:42.642+0000][162253.008s][info][gc,heap     ] GC(4870) Survivor regions: 8->10(116)
[2025-01-08T17:29:42.642+0000][162253.008s][info][gc,heap     ] GC(4870) Old regions: 236->236
[2025-01-08T17:29:42.642+0000][162253.008s][info][gc,heap     ] GC(4870) Archive regions: 2->2
[2025-01-08T17:29:42.642+0000][162253.008s][info][gc,heap     ] GC(4870) Humongous regions: 49->49
[2025-01-08T17:29:42.642+0000][162253.008s][info][gc,metaspace] GC(4870) Metaspace: 506399K(515200K)->506399K(515200K) NonClass: 444840K(449216K)->444840K(449216K) Class: 61559K(65984K)->61559K(65984K)
[2025-01-08T17:29:42.642+0000][162253.008s][info][gc          ] GC(4870) Pause Young (Prepare Mixed) (G1 Evacuation Pause) 9653M->2359M(12288M) 37.225ms
[2025-01-08T17:29:42.642+0000][162253.008s][info][gc,cpu      ] GC(4870) User=0.21s Sys=0.00s Real=0.04s
[2025-01-08T17:29:42.968+0000][162253.335s][info][gc,start    ] GC(4871) Pause Young (Mixed) (G1 Evacuation Pause)
[2025-01-08T17:29:42.968+0000][162253.335s][info][gc,task     ] GC(4871) Using 6 workers of 6 for evacuation
[2025-01-08T17:29:43.050+0000][162253.416s][info][gc,phases   ] GC(4871)   Pre Evacuate Collection Set: 0.2ms
[2025-01-08T17:29:43.050+0000][162253.416s][info][gc,phases   ] GC(4871)   Merge Heap Roots: 0.9ms
[2025-01-08T17:29:43.050+0000][162253.416s][info][gc,phases   ] GC(4871)   Evacuate Collection Set: 77.0ms
[2025-01-08T17:29:43.050+0000][162253.416s][info][gc,phases   ] GC(4871)   Post Evacuate Collection Set: 3.4ms
[2025-01-08T17:29:43.050+0000][162253.416s][info][gc,phases   ] GC(4871)   Other: 0.2ms
[2025-01-08T17:29:43.050+0000][162253.416s][info][gc,heap     ] GC(4871) Eden regions: 66->0(916)
[2025-01-08T17:29:43.050+0000][162253.416s][info][gc,heap     ] GC(4871) Survivor regions: 10->5(10)
[2025-01-08T17:29:43.050+0000][162253.416s][info][gc,heap     ] GC(4871) Old regions: 236->237
[2025-01-08T17:29:43.050+0000][162253.416s][info][gc,heap     ] GC(4871) Archive regions: 2->2
[2025-01-08T17:29:43.050+0000][162253.416s][info][gc,heap     ] GC(4871) Humongous regions: 49->49
[2025-01-08T17:29:43.050+0000][162253.416s][info][gc,metaspace] GC(4871) Metaspace: 506399K(515200K)->506399K(515200K) NonClass: 444840K(449216K)->444840K(449216K) Class: 61559K(65984K)->61559K(65984K)
[2025-01-08T17:29:43.050+0000][162253.416s][info][gc          ] GC(4871) Pause Young (Mixed) (G1 Evacuation Pause) 2887M->2327M(12288M) 81.726ms
[2025-01-08T17:29:43.050+0000][162253.416s][info][gc,cpu      ] GC(4871) User=0.48s Sys=0.00s Real=0.09s
[2025-01-08T17:29:51.947+0000][162262.313s][info][gc,start    ] GC(4872) Pause Young (Normal) (G1 Evacuation Pause)
[2025-01-08T17:29:51.947+0000][162262.313s][info][gc,task     ] GC(4872) Using 6 workers of 6 for evacuation
[2025-01-08T17:29:51.973+0000][162262.339s][info][gc,phases   ] GC(4872)   Pre Evacuate Collection Set: 0.2ms
[2025-01-08T17:29:51.973+0000][162262.339s][info][gc,phases   ] GC(4872)   Merge Heap Roots: 0.5ms
[2025-01-08T17:29:51.973+0000][162262.339s][info][gc,phases   ] GC(4872)   Evacuate Collection Set: 23.2ms
[2025-01-08T17:29:51.973+0000][162262.339s][info][gc,phases   ] GC(4872)   Post Evacuate Collection Set: 2.4ms
[2025-01-08T17:29:51.973+0000][162262.339s][info][gc,phases   ] GC(4872)   Other: 0.2ms
[2025-01-08T17:29:51.973+0000][162262.339s][info][gc,heap     ] GC(4872) Eden regions: 916->0(915)
[2025-01-08T17:29:51.973+0000][162262.339s][info][gc,heap     ] GC(4872) Survivor regions: 5->6(116)
[2025-01-08T17:29:51.973+0000][162262.339s][info][gc,heap     ] GC(4872) Old regions: 237->237
[2025-01-08T17:29:51.973+0000][162262.339s][info][gc,heap     ] GC(4872) Archive regions: 2->2
[2025-01-08T17:29:51.973+0000][162262.339s][info][gc,heap     ] GC(4872) Humongous regions: 49->49
[2025-01-08T17:29:51.973+0000][162262.339s][info][gc,metaspace] GC(4872) Metaspace: 506399K(515200K)->506399K(515200K) NonClass: 444840K(449216K)->444840K(449216K) Class: 61559K(65984K)->61559K(65984K)
[2025-01-08T17:29:51.973+0000][162262.339s][info][gc          ] GC(4872) Pause Young (Normal) (G1 Evacuation Pause) 9655M->2335M(12288M) 26.601ms
[2025-01-08T17:29:51.973+0000][162262.339s][info][gc,cpu      ] GC(4872) User=0.15s Sys=0.00s Real=0.03s
[2025-01-08T17:29:59.601+0000][162269.967s][info][gc,start    ] GC(4873) Pause Young (Normal) (G1 Evacuation Pause)
[2025-01-08T17:29:59.601+0000][162269.967s][info][gc,task     ] GC(4873) Using 6 workers of 6 for evacuation
[2025-01-08T17:29:59.628+0000][162269.994s][info][gc,phases   ] GC(4873)   Pre Evacuate Collection Set: 0.2ms
[2025-01-08T17:29:59.628+0000][162269.994s][info][gc,phases   ] GC(4873)   Merge Heap Roots: 0.5ms
[2025-01-08T17:29:59.628+0000][162269.994s][info][gc,phases   ] GC(4873)   Evacuate Collection Set: 22.6ms
[2025-01-08T17:29:59.628+0000][162269.995s][info][gc,phases   ] GC(4873)   Post Evacuate Collection Set: 3.8ms
[2025-01-08T17:29:59.628+0000][162269.995s][info][gc,phases   ] GC(4873)   Other: 0.2ms
[2025-01-08T17:29:59.628+0000][162269.995s][info][gc,heap     ] GC(4873) Eden regions: 915->0(914)
[2025-01-08T17:29:59.628+0000][162269.995s][info][gc,heap     ] GC(4873) Survivor regions: 6->7(116)
[2025-01-08T17:29:59.628+0000][162269.995s][info][gc,heap     ] GC(4873) Old regions: 237->237
[2025-01-08T17:29:59.628+0000][162269.995s][info][gc,heap     ] GC(4873) Archive regions: 2->2
[2025-01-08T17:29:59.628+0000][162269.995s][info][gc,heap     ] GC(4873) Humongous regions: 49->49
[2025-01-08T17:29:59.628+0000][162269.995s][info][gc,metaspace] GC(4873) Metaspace: 506399K(515200K)->506399K(515200K) NonClass: 444840K(449216K)->444840K(449216K) Class: 61559K(65984K)->61559K(65984K)
[2025-01-08T17:29:59.628+0000][162269.995s][info][gc          ] GC(4873) Pause Young (Normal) (G1 Evacuation Pause) 9655M->2342M(12288M) 27.380ms
[2025-01-08T17:29:59.629+0000][162269.995s][info][gc,cpu      ] GC(4873) User=0.15s Sys=0.00s Real=0.03s
[2025-01-08T17:30:07.394+0000][162277.760s][info][gc,start    ] GC(4874) Pause Young (Concurrent Start) (G1 Evacuation Pause)
[2025-01-08T17:30:07.394+0000][162277.760s][info][gc,task     ] GC(4874) Using 6 workers of 6 for evacuation
[2025-01-08T17:30:07.427+0000][162277.793s][info][gc,phases   ] GC(4874)   Pre Evacuate Collection Set: 1.1ms
[2025-01-08T17:30:07.427+0000][162277.793s][info][gc,phases   ] GC(4874)   Merge Heap Roots: 0.5ms
[2025-01-08T17:30:07.427+0000][162277.793s][info][gc,phases   ] GC(4874)   Evacuate Collection Set: 28.7ms
[2025-01-08T17:30:07.427+0000][162277.793s][info][gc,phases   ] GC(4874)   Post Evacuate Collection Set: 2.7ms
[2025-01-08T17:30:07.427+0000][162277.793s][info][gc,phases   ] GC(4874)   Other: 0.3ms
[2025-01-08T17:30:07.427+0000][162277.793s][info][gc,heap     ] GC(4874) Eden regions: 914->0(913)
[2025-01-08T17:30:07.427+0000][162277.793s][info][gc,heap     ] GC(4874) Survivor regions: 7->8(116)
[2025-01-08T17:30:07.427+0000][162277.793s][info][gc,heap     ] GC(4874) Old regions: 237->237
[2025-01-08T17:30:07.427+0000][162277.793s][info][gc,heap     ] GC(4874) Archive regions: 2->2
[2025-01-08T17:30:07.427+0000][162277.793s][info][gc,heap     ] GC(4874) Humongous regions: 49->49
[2025-01-08T17:30:07.427+0000][162277.793s][info][gc,metaspace] GC(4874) Metaspace: 506399K(515200K)->506399K(515200K) NonClass: 444840K(449216K)->444840K(449216K) Class: 61559K(65984K)->61559K(65984K)
[2025-01-08T17:30:07.427+0000][162277.794s][info][gc          ] GC(4874) Pause Young (Concurrent Start) (G1 Evacuation Pause) 9654M->2345M(12288M) 33.341ms
[2025-01-08T17:30:07.427+0000][162277.794s][info][gc,cpu      ] GC(4874) User=0.19s Sys=0.00s Real=0.03s
[2025-01-08T17:30:07.427+0000][162277.794s][info][gc          ] GC(4875) Concurrent Mark Cycle
[2025-01-08T17:30:07.428+0000][162277.794s][info][gc,marking  ] GC(4875) Concurrent Clear Claimed Marks
[2025-01-08T17:30:07.428+0000][162277.794s][info][gc,marking  ] GC(4875) Concurrent Clear Claimed Marks 0.866ms
[2025-01-08T17:30:07.428+0000][162277.795s][info][gc,marking  ] GC(4875) Concurrent Scan Root Regions
[2025-01-08T17:30:07.449+0000][162277.815s][info][gc,marking  ] GC(4875) Concurrent Scan Root Regions 20.668ms
[2025-01-08T17:30:07.449+0000][162277.815s][info][gc,marking  ] GC(4875) Concurrent Mark
[2025-01-08T17:30:07.449+0000][162277.815s][info][gc,marking  ] GC(4875) Concurrent Mark From Roots
[2025-01-08T17:30:07.449+0000][162277.815s][info][gc,task     ] GC(4875) Using 2 workers of 2 for marking
[2025-01-08T17:30:08.205+0000][162278.571s][info][gc,marking  ] GC(4875) Concurrent Mark From Roots 755.512ms
[2025-01-08T17:30:08.205+0000][162278.571s][info][gc,marking  ] GC(4875) Concurrent Preclean
[2025-01-08T17:30:08.207+0000][162278.573s][info][gc,marking  ] GC(4875) Concurrent Preclean 2.583ms
[2025-01-08T17:30:08.209+0000][162278.576s][info][gc,start    ] GC(4875) Pause Remark
[2025-01-08T17:30:08.236+0000][162278.602s][info][gc          ] GC(4875) Pause Remark 3037M->3037M(12288M) 26.422ms
[2025-01-08T17:30:08.236+0000][162278.602s][info][gc,cpu      ] GC(4875) User=0.15s Sys=0.00s Real=0.03s
[2025-01-08T17:30:08.236+0000][162278.602s][info][gc,marking  ] GC(4875) Concurrent Mark 786.932ms
[2025-01-08T17:30:08.236+0000][162278.602s][info][gc,marking  ] GC(4875) Concurrent Rebuild Remembered Sets
[2025-01-08T17:30:08.753+0000][162279.119s][info][gc,marking  ] GC(4875) Concurrent Rebuild Remembered Sets 517.320ms
[2025-01-08T17:30:08.754+0000][162279.120s][info][gc,start    ] GC(4875) Pause Cleanup
[2025-01-08T17:30:08.754+0000][162279.120s][info][gc          ] GC(4875) Pause Cleanup 3281M->3281M(12288M) 0.486ms
[2025-01-08T17:30:08.754+0000][162279.120s][info][gc,cpu      ] GC(4875) User=0.01s Sys=0.00s Real=0.00s
[2025-01-08T17:30:08.754+0000][162279.120s][info][gc,marking  ] GC(4875) Concurrent Cleanup for Next Mark
[2025-01-08T17:30:08.782+0000][162279.148s][info][gc,marking  ] GC(4875) Concurrent Cleanup for Next Mark 28.193ms
[2025-01-08T17:30:08.782+0000][162279.148s][info][gc          ] GC(4875) Concurrent Mark Cycle 1354.888ms
[2025-01-08T17:30:16.480+0000][162286.846s][info][gc,start    ] GC(4876) Pause Young (Prepare Mixed) (G1 Evacuation Pause)
[2025-01-08T17:30:16.480+0000][162286.846s][info][gc,task     ] GC(4876) Using 6 workers of 6 for evacuation
[2025-01-08T17:30:16.519+0000][162286.885s][info][gc,phases   ] GC(4876)   Pre Evacuate Collection Set: 0.2ms
[2025-01-08T17:30:16.519+0000][162286.885s][info][gc,phases   ] GC(4876)   Merge Heap Roots: 0.7ms
[2025-01-08T17:30:16.519+0000][162286.885s][info][gc,phases   ] GC(4876)   Evacuate Collection Set: 35.3ms
[2025-01-08T17:30:16.519+0000][162286.885s][info][gc,phases   ] GC(4876)   Post Evacuate Collection Set: 2.7ms
[2025-01-08T17:30:16.519+0000][162286.885s][info][gc,phases   ] GC(4876)   Other: 0.2ms
[2025-01-08T17:30:16.519+0000][162286.885s][info][gc,heap     ] GC(4876) Eden regions: 913->0(67)
[2025-01-08T17:30:16.519+0000][162286.885s][info][gc,heap     ] GC(4876) Survivor regions: 8->9(116)
[2025-01-08T17:30:16.519+0000][162286.885s][info][gc,heap     ] GC(4876) Old regions: 237->237
[2025-01-08T17:30:16.519+0000][162286.885s][info][gc,heap     ] GC(4876) Archive regions: 2->2
[2025-01-08T17:30:16.519+0000][162286.885s][info][gc,heap     ] GC(4876) Humongous regions: 49->49
[2025-01-08T17:30:16.519+0000][162286.885s][info][gc,metaspace] GC(4876) Metaspace: 506399K(515200K)->506399K(515200K) NonClass: 444840K(449216K)->444840K(449216K) Class: 61559K(65984K)->61559K(65984K)
[2025-01-08T17:30:16.519+0000][162286.885s][info][gc          ] GC(4876) Pause Young (Prepare Mixed) (G1 Evacuation Pause) 9649M->2356M(12288M) 39.233ms
[2025-01-08T17:30:16.519+0000][162286.885s][info][gc,cpu      ] GC(4876) User=0.23s Sys=0.00s Real=0.04s
[2025-01-08T17:30:17.153+0000][162287.519s][info][gc,start    ] GC(4877) Pause Young (Mixed) (G1 Evacuation Pause)
[2025-01-08T17:30:17.153+0000][162287.519s][info][gc,task     ] GC(4877) Using 6 workers of 6 for evacuation
[2025-01-08T17:30:17.199+0000][162287.565s][info][gc,phases   ] GC(4877)   Pre Evacuate Collection Set: 0.2ms
[2025-01-08T17:30:17.199+0000][162287.565s][info][gc,phases   ] GC(4877)   Merge Heap Roots: 0.4ms
[2025-01-08T17:30:17.199+0000][162287.565s][info][gc,phases   ] GC(4877)   Evacuate Collection Set: 42.9ms
[2025-01-08T17:30:17.199+0000][162287.565s][info][gc,phases   ] GC(4877)   Post Evacuate Collection Set: 1.6ms
[2025-01-08T17:30:17.199+0000][162287.565s][info][gc,phases   ] GC(4877)   Other: 0.2ms
[2025-01-08T17:30:17.199+0000][162287.565s][info][gc,heap     ] GC(4877) Eden regions: 67->0(914)
[2025-01-08T17:30:17.199+0000][162287.565s][info][gc,heap     ] GC(4877) Survivor regions: 9->7(10)
[2025-01-08T17:30:17.199+0000][162287.565s][info][gc,heap     ] GC(4877) Old regions: 237->233
[2025-01-08T17:30:17.199+0000][162287.565s][info][gc,heap     ] GC(4877) Archive regions: 2->2
[2025-01-08T17:30:17.199+0000][162287.565s][info][gc,heap     ] GC(4877) Humongous regions: 49->49
[2025-01-08T17:30:17.199+0000][162287.565s][info][gc,metaspace] GC(4877) Metaspace: 506399K(515200K)->506399K(515200K) NonClass: 444840K(449216K)->444840K(449216K) Class: 61559K(65984K)->61559K(65984K)
[2025-01-08T17:30:17.199+0000][162287.565s][info][gc          ] GC(4877) Pause Young (Mixed) (G1 Evacuation Pause) 2892M->2307M(12288M) 45.399ms
[2025-01-08T17:30:17.199+0000][162287.565s][info][gc,cpu      ] GC(4877) User=0.27s Sys=0.00s Real=0.04s
[2025-01-08T17:30:24.824+0000][162295.190s][info][gc,start    ] GC(4878) Pause Young (Normal) (G1 Evacuation Pause)
[2025-01-08T17:30:24.824+0000][162295.190s][info][gc,task     ] GC(4878) Using 6 workers of 6 for evacuation
[2025-01-08T17:30:24.853+0000][162295.219s][info][gc,phases   ] GC(4878)   Pre Evacuate Collection Set: 0.2ms
[2025-01-08T17:30:24.853+0000][162295.219s][info][gc,phases   ] GC(4878)   Merge Heap Roots: 0.5ms
[2025-01-08T17:30:24.853+0000][162295.219s][info][gc,phases   ] GC(4878)   Evacuate Collection Set: 26.1ms
[2025-01-08T17:30:24.853+0000][162295.219s][info][gc,phases   ] GC(4878)   Post Evacuate Collection Set: 2.6ms
[2025-01-08T17:30:24.853+0000][162295.219s][info][gc,phases   ] GC(4878)   Other: 0.2ms
[2025-01-08T17:30:24.853+0000][162295.219s][info][gc,heap     ] GC(4878) Eden regions: 914->0(914)
[2025-01-08T17:30:24.853+0000][162295.219s][info][gc,heap     ] GC(4878) Survivor regions: 7->7(116)
[2025-01-08T17:30:24.853+0000][162295.219s][info][gc,heap     ] GC(4878) Old regions: 233->233
[2025-01-08T17:30:24.853+0000][162295.219s][info][gc,heap     ] GC(4878) Archive regions: 2->2
[2025-01-08T17:30:24.853+0000][162295.219s][info][gc,heap     ] GC(4878) Humongous regions: 49->49
[2025-01-08T17:30:24.853+0000][162295.219s][info][gc,metaspace] GC(4878) Metaspace: 506399K(515200K)->506399K(515200K) NonClass: 444840K(449216K)->444840K(449216K) Class: 61559K(65984K)->61559K(65984K)
[2025-01-08T17:30:24.853+0000][162295.219s][info][gc          ] GC(4878) Pause Young (Normal) (G1 Evacuation Pause) 9619M->2310M(12288M) 29.616ms
[2025-01-08T17:30:24.853+0000][162295.219s][info][gc,cpu      ] GC(4878) User=0.17s Sys=0.00s Real=0.03s
[2025-01-08T17:30:32.818+0000][162303.184s][info][gc,start    ] GC(4879) Pause Young (Normal) (G1 Evacuation Pause)
[2025-01-08T17:30:32.818+0000][162303.184s][info][gc,task     ] GC(4879) Using 6 workers of 6 for evacuation
[2025-01-08T17:30:32.850+0000][162303.216s][info][gc,phases   ] GC(4879)   Pre Evacuate Collection Set: 0.2ms
[2025-01-08T17:30:32.850+0000][162303.216s][info][gc,phases   ] GC(4879)   Merge Heap Roots: 0.5ms
[2025-01-08T17:30:32.850+0000][162303.216s][info][gc,phases   ] GC(4879)   Evacuate Collection Set: 28.7ms
[2025-01-08T17:30:32.850+0000][162303.216s][info][gc,phases   ] GC(4879)   Post Evacuate Collection Set: 3.2ms
[2025-01-08T17:30:32.850+0000][162303.216s][info][gc,phases   ] GC(4879)   Other: 0.2ms
[2025-01-08T17:30:32.850+0000][162303.216s][info][gc,heap     ] GC(4879) Eden regions: 914->0(910)
[2025-01-08T17:30:32.850+0000][162303.216s][info][gc,heap     ] GC(4879) Survivor regions: 7->11(116)
[2025-01-08T17:30:32.850+0000][162303.216s][info][gc,heap     ] GC(4879) Old regions: 233->233
[2025-01-08T17:30:32.850+0000][162303.216s][info][gc,heap     ] GC(4879) Archive regions: 2->2
[2025-01-08T17:30:32.850+0000][162303.216s][info][gc,heap     ] GC(4879) Humongous regions: 49->49
[2025-01-08T17:30:32.850+0000][162303.216s][info][gc,metaspace] GC(4879) Metaspace: 506399K(515200K)->506399K(515200K) NonClass: 444840K(449216K)->444840K(449216K) Class: 61559K(65984K)->61559K(65984K)
[2025-01-08T17:30:32.850+0000][162303.216s][info][gc          ] GC(4879) Pause Young (Normal) (G1 Evacuation Pause) 9622M->2340M(12288M) 32.829ms
[2025-01-08T17:30:32.850+0000][162303.216s][info][gc,cpu      ] GC(4879) User=0.19s Sys=0.00s Real=0.04s
[2025-01-08T17:30:37.789+0000][162308.155s][info][gc,start    ] GC(4880) Pause Young (Concurrent Start) (G1 Evacuation Pause)
[2025-01-08T17:30:37.789+0000][162308.155s][info][gc,task     ] GC(4880) Using 6 workers of 6 for evacuation
[2025-01-08T17:30:37.824+0000][162308.190s][info][gc,phases   ] GC(4880)   Pre Evacuate Collection Set: 1.1ms
[2025-01-08T17:30:37.824+0000][162308.190s][info][gc,phases   ] GC(4880)   Merge Heap Roots: 0.5ms
[2025-01-08T17:30:37.824+0000][162308.190s][info][gc,phases   ] GC(4880)   Evacuate Collection Set: 29.6ms
[2025-01-08T17:30:37.824+0000][162308.191s][info][gc,phases   ] GC(4880)   Post Evacuate Collection Set: 4.4ms
[2025-01-08T17:30:37.824+0000][162308.191s][info][gc,phases   ] GC(4880)   Other: 0.3ms
[2025-01-08T17:30:37.824+0000][162308.191s][info][gc,heap     ] GC(4880) Eden regions: 910->0(911)
[2025-01-08T17:30:37.824+0000][162308.191s][info][gc,heap     ] GC(4880) Survivor regions: 11->10(116)
[2025-01-08T17:30:37.824+0000][162308.191s][info][gc,heap     ] GC(4880) Old regions: 233->233
[2025-01-08T17:30:37.824+0000][162308.191s][info][gc,heap     ] GC(4880) Archive regions: 2->2
[2025-01-08T17:30:37.824+0000][162308.191s][info][gc,heap     ] GC(4880) Humongous regions: 49->49
[2025-01-08T17:30:37.824+0000][162308.191s][info][gc,metaspace] GC(4880) Metaspace: 506399K(515200K)->506399K(515200K) NonClass: 444840K(449216K)->444840K(449216K) Class: 61559K(65984K)->61559K(65984K)
[2025-01-08T17:30:37.824+0000][162308.191s][info][gc          ] GC(4880) Pause Young (Concurrent Start) (G1 Evacuation Pause) 9620M->2330M(12288M) 35.901ms
[2025-01-08T17:30:37.825+0000][162308.191s][info][gc,cpu      ] GC(4880) User=0.21s Sys=0.00s Real=0.04s
[2025-01-08T17:30:37.825+0000][162308.191s][info][gc          ] GC(4881) Concurrent Mark Cycle
[2025-01-08T17:30:37.825+0000][162308.191s][info][gc,marking  ] GC(4881) Concurrent Clear Claimed Marks
[2025-01-08T17:30:37.825+0000][162308.192s][info][gc,marking  ] GC(4881) Concurrent Clear Claimed Marks 0.883ms
[2025-01-08T17:30:37.825+0000][162308.192s][info][gc,marking  ] GC(4881) Concurrent Scan Root Regions
[2025-01-08T17:30:37.856+0000][162308.222s][info][gc,marking  ] GC(4881) Concurrent Scan Root Regions 30.443ms
[2025-01-08T17:30:37.856+0000][162308.222s][info][gc,marking  ] GC(4881) Concurrent Mark
[2025-01-08T17:30:37.856+0000][162308.222s][info][gc,marking  ] GC(4881) Concurrent Mark From Roots
[2025-01-08T17:30:37.856+0000][162308.222s][info][gc,task     ] GC(4881) Using 2 workers of 2 for marking
[2025-01-08T17:30:38.690+0000][162309.056s][info][gc,marking  ] GC(4881) Concurrent Mark From Roots 833.612ms
[2025-01-08T17:30:38.690+0000][162309.056s][info][gc,marking  ] GC(4881) Concurrent Preclean
[2025-01-08T17:30:38.693+0000][162309.059s][info][gc,marking  ] GC(4881) Concurrent Preclean 3.568ms
[2025-01-08T17:30:38.693+0000][162309.059s][info][gc,start    ] GC(4881) Pause Remark
[2025-01-08T17:30:38.720+0000][162309.086s][info][gc          ] GC(4881) Pause Remark 3458M->3458M(12288M) 26.253ms
[2025-01-08T17:30:38.720+0000][162309.086s][info][gc,cpu      ] GC(4881) User=0.15s Sys=0.00s Real=0.02s
[2025-01-08T17:30:38.720+0000][162309.086s][info][gc,marking  ] GC(4881) Concurrent Mark 863.801ms
[2025-01-08T17:30:38.720+0000][162309.086s][info][gc,marking  ] GC(4881) Concurrent Rebuild Remembered Sets
[2025-01-08T17:30:39.328+0000][162309.694s][info][gc,marking  ] GC(4881) Concurrent Rebuild Remembered Sets 608.384ms
[2025-01-08T17:30:39.328+0000][162309.694s][info][gc,start    ] GC(4881) Pause Cleanup
[2025-01-08T17:30:39.329+0000][162309.695s][info][gc          ] GC(4881) Pause Cleanup 4286M->4286M(12288M) 0.450ms
[2025-01-08T17:30:39.329+0000][162309.695s][info][gc,cpu      ] GC(4881) User=0.00s Sys=0.00s Real=0.00s
[2025-01-08T17:30:39.329+0000][162309.695s][info][gc,marking  ] GC(4881) Concurrent Cleanup for Next Mark
[2025-01-08T17:30:39.355+0000][162309.722s][info][gc,marking  ] GC(4881) Concurrent Cleanup for Next Mark 26.558ms
[2025-01-08T17:30:39.355+0000][162309.722s][info][gc          ] GC(4881) Concurrent Mark Cycle 1530.922ms
[2025-01-08T17:30:44.526+0000][162314.892s][info][gc,start    ] GC(4882) Pause Young (Prepare Mixed) (G1 Evacuation Pause)
[2025-01-08T17:30:44.526+0000][162314.892s][info][gc,task     ] GC(4882) Using 6 workers of 6 for evacuation
[2025-01-08T17:30:44.566+0000][162314.932s][info][gc,phases   ] GC(4882)   Pre Evacuate Collection Set: 0.2ms
[2025-01-08T17:30:44.566+0000][162314.932s][info][gc,phases   ] GC(4882)   Merge Heap Roots: 0.8ms
[2025-01-08T17:30:44.566+0000][162314.932s][info][gc,phases   ] GC(4882)   Evacuate Collection Set: 35.6ms
[2025-01-08T17:30:44.566+0000][162314.932s][info][gc,phases   ] GC(4882)   Post Evacuate Collection Set: 2.7ms
[2025-01-08T17:30:44.566+0000][162314.932s][info][gc,phases   ] GC(4882)   Other: 0.2ms
[2025-01-08T17:30:44.566+0000][162314.932s][info][gc,heap     ] GC(4882) Eden regions: 911->0(67)
[2025-01-08T17:30:44.566+0000][162314.932s][info][gc,heap     ] GC(4882) Survivor regions: 10->9(116)
[2025-01-08T17:30:44.566+0000][162314.932s][info][gc,heap     ] GC(4882) Old regions: 233->233
[2025-01-08T17:30:44.566+0000][162314.932s][info][gc,heap     ] GC(4882) Archive regions: 2->2
[2025-01-08T17:30:44.566+0000][162314.932s][info][gc,heap     ] GC(4882) Humongous regions: 49->49
[2025-01-08T17:30:44.566+0000][162314.932s][info][gc,metaspace] GC(4882) Metaspace: 506399K(515200K)->506399K(515200K) NonClass: 444840K(449216K)->444840K(449216K) Class: 61559K(65984K)->61559K(65984K)
[2025-01-08T17:30:44.566+0000][162314.932s][info][gc          ] GC(4882) Pause Young (Prepare Mixed) (G1 Evacuation Pause) 9618M->2327M(12288M) 39.491ms
[2025-01-08T17:30:44.566+0000][162314.932s][info][gc,cpu      ] GC(4882) User=0.22s Sys=0.01s Real=0.04s
[2025-01-08T17:30:44.990+0000][162315.356s][info][gc,start    ] GC(4883) Pause Young (Mixed) (G1 Evacuation Pause)
[2025-01-08T17:30:44.990+0000][162315.356s][info][gc,task     ] GC(4883) Using 6 workers of 6 for evacuation
[2025-01-08T17:30:45.061+0000][162315.427s][info][gc,phases   ] GC(4883)   Pre Evacuate Collection Set: 0.2ms
[2025-01-08T17:30:45.061+0000][162315.427s][info][gc,phases   ] GC(4883)   Merge Heap Roots: 0.8ms
[2025-01-08T17:30:45.061+0000][162315.427s][info][gc,phases   ] GC(4883)   Evacuate Collection Set: 67.9ms
[2025-01-08T17:30:45.061+0000][162315.427s][info][gc,phases   ] GC(4883)   Post Evacuate Collection Set: 1.9ms
[2025-01-08T17:30:45.061+0000][162315.427s][info][gc,phases   ] GC(4883)   Other: 0.2ms
[2025-01-08T17:30:45.061+0000][162315.427s][info][gc,heap     ] GC(4883) Eden regions: 67->0(915)
[2025-01-08T17:30:45.061+0000][162315.427s][info][gc,heap     ] GC(4883) Survivor regions: 9->6(10)
[2025-01-08T17:30:45.061+0000][162315.427s][info][gc,heap     ] GC(4883) Old regions: 233->233
[2025-01-08T17:30:45.061+0000][162315.427s][info][gc,heap     ] GC(4883) Archive regions: 2->2
[2025-01-08T17:30:45.061+0000][162315.427s][info][gc,heap     ] GC(4883) Humongous regions: 49->49
[2025-01-08T17:30:45.061+0000][162315.427s][info][gc,metaspace] GC(4883) Metaspace: 506399K(515200K)->506399K(515200K) NonClass: 444840K(449216K)->444840K(449216K) Class: 61559K(65984K)->61559K(65984K)
[2025-01-08T17:30:45.061+0000][162315.427s][info][gc          ] GC(4883) Pause Young (Mixed) (G1 Evacuation Pause) 2863M->2297M(12288M) 71.012ms
[2025-01-08T17:30:45.061+0000][162315.427s][info][gc,cpu      ] GC(4883) User=0.41s Sys=0.00s Real=0.06s
[2025-01-08T17:30:57.895+0000][162328.261s][info][gc,start    ] GC(4884) Pause Young (Normal) (G1 Evacuation Pause)
[2025-01-08T17:30:57.895+0000][162328.261s][info][gc,task     ] GC(4884) Using 6 workers of 6 for evacuation
[2025-01-08T17:30:57.926+0000][162328.292s][info][gc,phases   ] GC(4884)   Pre Evacuate Collection Set: 0.2ms
[2025-01-08T17:30:57.926+0000][162328.292s][info][gc,phases   ] GC(4884)   Merge Heap Roots: 0.5ms
[2025-01-08T17:30:57.926+0000][162328.292s][info][gc,phases   ] GC(4884)   Evacuate Collection Set: 25.3ms
[2025-01-08T17:30:57.926+0000][162328.292s][info][gc,phases   ] GC(4884)   Post Evacuate Collection Set: 4.2ms
[2025-01-08T17:30:57.926+0000][162328.292s][info][gc,phases   ] GC(4884)   Other: 0.2ms
[2025-01-08T17:30:57.926+0000][162328.292s][info][gc,heap     ] GC(4884) Eden regions: 915->0(914)
[2025-01-08T17:30:57.926+0000][162328.292s][info][gc,heap     ] GC(4884) Survivor regions: 6->7(116)
[2025-01-08T17:30:57.926+0000][162328.292s][info][gc,heap     ] GC(4884) Old regions: 233->233
[2025-01-08T17:30:57.926+0000][162328.292s][info][gc,heap     ] GC(4884) Archive regions: 2->2
[2025-01-08T17:30:57.926+0000][162328.292s][info][gc,heap     ] GC(4884) Humongous regions: 49->49
[2025-01-08T17:30:57.926+0000][162328.292s][info][gc,metaspace] GC(4884) Metaspace: 506399K(515200K)->506399K(515200K) NonClass: 444840K(449216K)->444840K(449216K) Class: 61559K(65984K)->61559K(65984K)
[2025-01-08T17:30:57.926+0000][162328.292s][info][gc          ] GC(4884) Pause Young (Normal) (G1 Evacuation Pause) 9617M->2311M(12288M) 30.532ms
[2025-01-08T17:30:57.926+0000][162328.292s][info][gc,cpu      ] GC(4884) User=0.18s Sys=0.00s Real=0.03s
[2025-01-08T17:31:08.461+0000][162338.827s][info][gc,start    ] GC(4885) Pause Young (Normal) (G1 Evacuation Pause)
[2025-01-08T17:31:08.461+0000][162338.827s][info][gc,task     ] GC(4885) Using 6 workers of 6 for evacuation
[2025-01-08T17:31:08.494+0000][162338.860s][info][gc,phases   ] GC(4885)   Pre Evacuate Collection Set: 0.2ms
[2025-01-08T17:31:08.494+0000][162338.860s][info][gc,phases   ] GC(4885)   Merge Heap Roots: 0.5ms
[2025-01-08T17:31:08.494+0000][162338.860s][info][gc,phases   ] GC(4885)   Evacuate Collection Set: 29.5ms
[2025-01-08T17:31:08.494+0000][162338.860s][info][gc,phases   ] GC(4885)   Post Evacuate Collection Set: 2.8ms
[2025-01-08T17:31:08.494+0000][162338.860s][info][gc,phases   ] GC(4885)   Other: 0.2ms
[2025-01-08T17:31:08.494+0000][162338.860s][info][gc,heap     ] GC(4885) Eden regions: 914->0(913)
[2025-01-08T17:31:08.494+0000][162338.860s][info][gc,heap     ] GC(4885) Survivor regions: 7->8(116)
[2025-01-08T17:31:08.494+0000][162338.860s][info][gc,heap     ] GC(4885) Old regions: 233->233
[2025-01-08T17:31:08.494+0000][162338.860s][info][gc,heap     ] GC(4885) Archive regions: 2->2
[2025-01-08T17:31:08.494+0000][162338.860s][info][gc,heap     ] GC(4885) Humongous regions: 49->49
[2025-01-08T17:31:08.494+0000][162338.860s][info][gc,metaspace] GC(4885) Metaspace: 506400K(515200K)->506400K(515200K) NonClass: 444841K(449216K)->444841K(449216K) Class: 61559K(65984K)->61559K(65984K)
[2025-01-08T17:31:08.494+0000][162338.860s][info][gc          ] GC(4885) Pause Young (Normal) (G1 Evacuation Pause) 9623M->2317M(12288M) 33.182ms
[2025-01-08T17:31:08.494+0000][162338.860s][info][gc,cpu      ] GC(4885) User=0.19s Sys=0.01s Real=0.04s
[2025-01-08T17:31:15.253+0000][162345.619s][info][gc,start    ] GC(4886) Pause Young (Concurrent Start) (G1 Evacuation Pause)
[2025-01-08T17:31:15.253+0000][162345.620s][info][gc,task     ] GC(4886) Using 6 workers of 6 for evacuation
[2025-01-08T17:31:15.287+0000][162345.653s][info][gc,phases   ] GC(4886)   Pre Evacuate Collection Set: 1.1ms
[2025-01-08T17:31:15.287+0000][162345.653s][info][gc,phases   ] GC(4886)   Merge Heap Roots: 0.5ms
[2025-01-08T17:31:15.287+0000][162345.653s][info][gc,phases   ] GC(4886)   Evacuate Collection Set: 29.0ms
[2025-01-08T17:31:15.287+0000][162345.653s][info][gc,phases   ] GC(4886)   Post Evacuate Collection Set: 2.6ms
[2025-01-08T17:31:15.287+0000][162345.653s][info][gc,phases   ] GC(4886)   Other: 0.3ms
[2025-01-08T17:31:15.287+0000][162345.653s][info][gc,heap     ] GC(4886) Eden regions: 913->0(912)
[2025-01-08T17:31:15.287+0000][162345.653s][info][gc,heap     ] GC(4886) Survivor regions: 8->9(116)
[2025-01-08T17:31:15.287+0000][162345.653s][info][gc,heap     ] GC(4886) Old regions: 233->233
[2025-01-08T17:31:15.287+0000][162345.653s][info][gc,heap     ] GC(4886) Archive regions: 2->2
[2025-01-08T17:31:15.287+0000][162345.653s][info][gc,heap     ] GC(4886) Humongous regions: 49->49
[2025-01-08T17:31:15.287+0000][162345.653s][info][gc,metaspace] GC(4886) Metaspace: 506400K(515200K)->506400K(515200K) NonClass: 444841K(449216K)->444841K(449216K) Class: 61559K(65984K)->61559K(65984K)
[2025-01-08T17:31:15.287+0000][162345.653s][info][gc          ] GC(4886) Pause Young (Concurrent Start) (G1 Evacuation Pause) 9621M->2323M(12288M) 33.481ms
[2025-01-08T17:31:15.287+0000][162345.653s][info][gc,cpu      ] GC(4886) User=0.19s Sys=0.00s Real=0.03s
[2025-01-08T17:31:15.287+0000][162345.653s][info][gc          ] GC(4887) Concurrent Mark Cycle
[2025-01-08T17:31:15.287+0000][162345.653s][info][gc,marking  ] GC(4887) Concurrent Clear Claimed Marks
[2025-01-08T17:31:15.288+0000][162345.654s][info][gc,marking  ] GC(4887) Concurrent Clear Claimed Marks 0.905ms
[2025-01-08T17:31:15.288+0000][162345.654s][info][gc,marking  ] GC(4887) Concurrent Scan Root Regions
[2025-01-08T17:31:15.309+0000][162345.675s][info][gc,marking  ] GC(4887) Concurrent Scan Root Regions 21.189ms
[2025-01-08T17:31:15.309+0000][162345.675s][info][gc,marking  ] GC(4887) Concurrent Mark
[2025-01-08T17:31:15.309+0000][162345.675s][info][gc,marking  ] GC(4887) Concurrent Mark From Roots
[2025-01-08T17:31:15.309+0000][162345.675s][info][gc,task     ] GC(4887) Using 2 workers of 2 for marking
[2025-01-08T17:31:16.285+0000][162346.651s][info][gc,marking  ] GC(4887) Concurrent Mark From Roots 975.788ms
[2025-01-08T17:31:16.285+0000][162346.651s][info][gc,marking  ] GC(4887) Concurrent Preclean
[2025-01-08T17:31:16.287+0000][162346.654s][info][gc,marking  ] GC(4887) Concurrent Preclean 2.523ms
[2025-01-08T17:31:16.288+0000][162346.654s][info][gc,start    ] GC(4887) Pause Remark
[2025-01-08T17:31:16.314+0000][162346.680s][info][gc          ] GC(4887) Pause Remark 3735M->3735M(12288M) 26.177ms
[2025-01-08T17:31:16.314+0000][162346.680s][info][gc,cpu      ] GC(4887) User=0.15s Sys=0.00s Real=0.03s
[2025-01-08T17:31:16.314+0000][162346.680s][info][gc,marking  ] GC(4887) Concurrent Mark 1004.819ms
[2025-01-08T17:31:16.314+0000][162346.680s][info][gc,marking  ] GC(4887) Concurrent Rebuild Remembered Sets
[2025-01-08T17:31:16.800+0000][162347.166s][info][gc,marking  ] GC(4887) Concurrent Rebuild Remembered Sets 486.349ms
[2025-01-08T17:31:16.800+0000][162347.167s][info][gc,start    ] GC(4887) Pause Cleanup
[2025-01-08T17:31:16.801+0000][162347.167s][info][gc          ] GC(4887) Pause Cleanup 4299M->4299M(12288M) 0.420ms
[2025-01-08T17:31:16.801+0000][162347.167s][info][gc,cpu      ] GC(4887) User=0.00s Sys=0.00s Real=0.00s
[2025-01-08T17:31:16.801+0000][162347.167s][info][gc,marking  ] GC(4887) Concurrent Cleanup for Next Mark
[2025-01-08T17:31:16.816+0000][162347.183s][info][gc,marking  ] GC(4887) Concurrent Cleanup for Next Mark 15.488ms
[2025-01-08T17:31:16.816+0000][162347.183s][info][gc          ] GC(4887) Concurrent Mark Cycle 1529.550ms
[2025-01-08T17:31:20.239+0000][162350.605s][info][gc,start    ] GC(4888) Pause Young (Prepare Mixed) (G1 Evacuation Pause)
[2025-01-08T17:31:20.239+0000][162350.605s][info][gc,task     ] GC(4888) Using 6 workers of 6 for evacuation
[2025-01-08T17:31:20.275+0000][162350.641s][info][gc,phases   ] GC(4888)   Pre Evacuate Collection Set: 0.2ms
[2025-01-08T17:31:20.275+0000][162350.641s][info][gc,phases   ] GC(4888)   Merge Heap Roots: 0.7ms
[2025-01-08T17:31:20.275+0000][162350.641s][info][gc,phases   ] GC(4888)   Evacuate Collection Set: 32.4ms
[2025-01-08T17:31:20.275+0000][162350.641s][info][gc,phases   ] GC(4888)   Post Evacuate Collection Set: 2.5ms
[2025-01-08T17:31:20.275+0000][162350.641s][info][gc,phases   ] GC(4888)   Other: 0.2ms
[2025-01-08T17:31:20.275+0000][162350.641s][info][gc,heap     ] GC(4888) Eden regions: 912->0(65)
[2025-01-08T17:31:20.275+0000][162350.641s][info][gc,heap     ] GC(4888) Survivor regions: 9->11(116)
[2025-01-08T17:31:20.275+0000][162350.641s][info][gc,heap     ] GC(4888) Old regions: 233->233
[2025-01-08T17:31:20.275+0000][162350.641s][info][gc,heap     ] GC(4888) Archive regions: 2->2
[2025-01-08T17:31:20.275+0000][162350.641s][info][gc,heap     ] GC(4888) Humongous regions: 49->49
[2025-01-08T17:31:20.275+0000][162350.641s][info][gc,metaspace] GC(4888) Metaspace: 506400K(515200K)->506400K(515200K) NonClass: 444841K(449216K)->444841K(449216K) Class: 61559K(65984K)->61559K(65984K)
[2025-01-08T17:31:20.275+0000][162350.641s][info][gc          ] GC(4888) Pause Young (Prepare Mixed) (G1 Evacuation Pause) 9619M->2337M(12288M) 36.102ms
[2025-01-08T17:31:20.275+0000][162350.641s][info][gc,cpu      ] GC(4888) User=0.21s Sys=0.00s Real=0.04s
[2025-01-08T17:31:20.891+0000][162351.257s][info][gc,start    ] GC(4889) Pause Young (Mixed) (G1 Evacuation Pause)
[2025-01-08T17:31:20.891+0000][162351.257s][info][gc,task     ] GC(4889) Using 6 workers of 6 for evacuation
[2025-01-08T17:31:20.950+0000][162351.316s][info][gc,phases   ] GC(4889)   Pre Evacuate Collection Set: 0.2ms
[2025-01-08T17:31:20.950+0000][162351.316s][info][gc,phases   ] GC(4889)   Merge Heap Roots: 0.6ms
[2025-01-08T17:31:20.950+0000][162351.316s][info][gc,phases   ] GC(4889)   Evacuate Collection Set: 55.9ms
[2025-01-08T17:31:20.950+0000][162351.316s][info][gc,phases   ] GC(4889)   Post Evacuate Collection Set: 1.8ms
[2025-01-08T17:31:20.950+0000][162351.316s][info][gc,phases   ] GC(4889)   Other: 0.2ms
[2025-01-08T17:31:20.950+0000][162351.316s][info][gc,heap     ] GC(4889) Eden regions: 65->0(916)
[2025-01-08T17:31:20.950+0000][162351.316s][info][gc,heap     ] GC(4889) Survivor regions: 11->5(10)
[2025-01-08T17:31:20.950+0000][162351.316s][info][gc,heap     ] GC(4889) Old regions: 233->234
[2025-01-08T17:31:20.950+0000][162351.316s][info][gc,heap     ] GC(4889) Archive regions: 2->2
[2025-01-08T17:31:20.950+0000][162351.316s][info][gc,heap     ] GC(4889) Humongous regions: 49->49
[2025-01-08T17:31:20.950+0000][162351.316s][info][gc,metaspace] GC(4889) Metaspace: 506400K(515200K)->506400K(515200K) NonClass: 444841K(449216K)->444841K(449216K) Class: 61559K(65984K)->61559K(65984K)
[2025-01-08T17:31:20.950+0000][162351.316s][info][gc          ] GC(4889) Pause Young (Mixed) (G1 Evacuation Pause) 2857M->2300M(12288M) 58.667ms
[2025-01-08T17:31:20.950+0000][162351.316s][info][gc,cpu      ] GC(4889) User=0.34s Sys=0.00s Real=0.06s
[2025-01-08T17:31:28.643+0000][162359.009s][info][gc,start    ] GC(4890) Pause Young (Normal) (G1 Evacuation Pause)
[2025-01-08T17:31:28.643+0000][162359.009s][info][gc,task     ] GC(4890) Using 6 workers of 6 for evacuation
[2025-01-08T17:31:28.667+0000][162359.033s][info][gc,phases   ] GC(4890)   Pre Evacuate Collection Set: 0.2ms
[2025-01-08T17:31:28.667+0000][162359.033s][info][gc,phases   ] GC(4890)   Merge Heap Roots: 0.4ms
[2025-01-08T17:31:28.667+0000][162359.033s][info][gc,phases   ] GC(4890)   Evacuate Collection Set: 20.4ms
[2025-01-08T17:31:28.667+0000][162359.033s][info][gc,phases   ] GC(4890)   Post Evacuate Collection Set: 2.5ms
[2025-01-08T17:31:28.667+0000][162359.033s][info][gc,phases   ] GC(4890)   Other: 0.2ms
[2025-01-08T17:31:28.667+0000][162359.033s][info][gc,heap     ] GC(4890) Eden regions: 916->0(915)
[2025-01-08T17:31:28.667+0000][162359.033s][info][gc,heap     ] GC(4890) Survivor regions: 5->6(116)
[2025-01-08T17:31:28.667+0000][162359.033s][info][gc,heap     ] GC(4890) Old regions: 234->234
[2025-01-08T17:31:28.667+0000][162359.033s][info][gc,heap     ] GC(4890) Archive regions: 2->2
[2025-01-08T17:31:28.667+0000][162359.033s][info][gc,heap     ] GC(4890) Humongous regions: 49->49
[2025-01-08T17:31:28.667+0000][162359.033s][info][gc,metaspace] GC(4890) Metaspace: 506400K(515200K)->506400K(515200K) NonClass: 444841K(449216K)->444841K(449216K) Class: 61559K(65984K)->61559K(65984K)
[2025-01-08T17:31:28.667+0000][162359.033s][info][gc          ] GC(4890) Pause Young (Normal) (G1 Evacuation Pause) 9628M->2307M(12288M) 23.800ms
[2025-01-08T17:31:28.667+0000][162359.033s][info][gc,cpu      ] GC(4890) User=0.14s Sys=0.00s Real=0.02s
[2025-01-08T17:31:36.949+0000][162367.315s][info][gc,start    ] GC(4891) Pause Young (Normal) (G1 Evacuation Pause)
[2025-01-08T17:31:36.949+0000][162367.315s][info][gc,task     ] GC(4891) Using 6 workers of 6 for evacuation
[2025-01-08T17:31:36.979+0000][162367.346s][info][gc,phases   ] GC(4891)   Pre Evacuate Collection Set: 0.2ms
[2025-01-08T17:31:36.980+0000][162367.346s][info][gc,phases   ] GC(4891)   Merge Heap Roots: 0.4ms
[2025-01-08T17:31:36.980+0000][162367.346s][info][gc,phases   ] GC(4891)   Evacuate Collection Set: 24.4ms
[2025-01-08T17:31:36.980+0000][162367.346s][info][gc,phases   ] GC(4891)   Post Evacuate Collection Set: 5.4ms
[2025-01-08T17:31:36.980+0000][162367.346s][info][gc,phases   ] GC(4891)   Other: 0.2ms
[2025-01-08T17:31:36.980+0000][162367.346s][info][gc,heap     ] GC(4891) Eden regions: 915->0(912)
[2025-01-08T17:31:36.980+0000][162367.346s][info][gc,heap     ] GC(4891) Survivor regions: 6->9(116)
[2025-01-08T17:31:36.980+0000][162367.346s][info][gc,heap     ] GC(4891) Old regions: 234->234
[2025-01-08T17:31:36.980+0000][162367.346s][info][gc,heap     ] GC(4891) Archive regions: 2->2
[2025-01-08T17:31:36.980+0000][162367.346s][info][gc,heap     ] GC(4891) Humongous regions: 49->49
[2025-01-08T17:31:36.980+0000][162367.346s][info][gc,metaspace] GC(4891) Metaspace: 506410K(515200K)->506410K(515200K) NonClass: 444851K(449216K)->444851K(449216K) Class: 61559K(65984K)->61559K(65984K)
[2025-01-08T17:31:36.980+0000][162367.346s][info][gc          ] GC(4891) Pause Young (Normal) (G1 Evacuation Pause) 9627M->2328M(12288M) 30.621ms
[2025-01-08T17:31:36.980+0000][162367.346s][info][gc,cpu      ] GC(4891) User=0.17s Sys=0.00s Real=0.03s
[2025-01-08T17:31:47.466+0000][162377.833s][info][gc,start    ] GC(4892) Pause Young (Concurrent Start) (G1 Evacuation Pause)
[2025-01-08T17:31:47.467+0000][162377.833s][info][gc,task     ] GC(4892) Using 6 workers of 6 for evacuation
[2025-01-08T17:31:47.500+0000][162377.866s][info][gc,phases   ] GC(4892)   Pre Evacuate Collection Set: 1.1ms
[2025-01-08T17:31:47.500+0000][162377.866s][info][gc,phases   ] GC(4892)   Merge Heap Roots: 0.5ms
[2025-01-08T17:31:47.500+0000][162377.866s][info][gc,phases   ] GC(4892)   Evacuate Collection Set: 27.8ms
[2025-01-08T17:31:47.500+0000][162377.866s][info][gc,phases   ] GC(4892)   Post Evacuate Collection Set: 4.0ms
[2025-01-08T17:31:47.500+0000][162377.866s][info][gc,phases   ] GC(4892)   Other: 0.3ms
[2025-01-08T17:31:47.500+0000][162377.866s][info][gc,heap     ] GC(4892) Eden regions: 912->0(912)
[2025-01-08T17:31:47.500+0000][162377.866s][info][gc,heap     ] GC(4892) Survivor regions: 9->9(116)
[2025-01-08T17:31:47.500+0000][162377.866s][info][gc,heap     ] GC(4892) Old regions: 234->234
[2025-01-08T17:31:47.500+0000][162377.866s][info][gc,heap     ] GC(4892) Archive regions: 2->2
[2025-01-08T17:31:47.500+0000][162377.866s][info][gc,heap     ] GC(4892) Humongous regions: 49->49
[2025-01-08T17:31:47.500+0000][162377.866s][info][gc,metaspace] GC(4892) Metaspace: 506410K(515200K)->506410K(515200K) NonClass: 444851K(449216K)->444851K(449216K) Class: 61559K(65984K)->61559K(65984K)
[2025-01-08T17:31:47.500+0000][162377.866s][info][gc          ] GC(4892) Pause Young (Concurrent Start) (G1 Evacuation Pause) 9624M->2334M(12288M) 33.752ms
[2025-01-08T17:31:47.500+0000][162377.866s][info][gc,cpu      ] GC(4892) User=0.19s Sys=0.00s Real=0.03s
[2025-01-08T17:31:47.500+0000][162377.866s][info][gc          ] GC(4893) Concurrent Mark Cycle
[2025-01-08T17:31:47.500+0000][162377.866s][info][gc,marking  ] GC(4893) Concurrent Clear Claimed Marks
[2025-01-08T17:31:47.501+0000][162377.867s][info][gc,marking  ] GC(4893) Concurrent Clear Claimed Marks 0.892ms
[2025-01-08T17:31:47.501+0000][162377.867s][info][gc,marking  ] GC(4893) Concurrent Scan Root Regions
[2025-01-08T17:31:47.521+0000][162377.887s][info][gc,marking  ] GC(4893) Concurrent Scan Root Regions 19.275ms
[2025-01-08T17:31:47.521+0000][162377.887s][info][gc,marking  ] GC(4893) Concurrent Mark
[2025-01-08T17:31:47.521+0000][162377.887s][info][gc,marking  ] GC(4893) Concurrent Mark From Roots
[2025-01-08T17:31:47.521+0000][162377.887s][info][gc,task     ] GC(4893) Using 2 workers of 2 for marking
[2025-01-08T17:31:48.518+0000][162378.884s][info][gc,marking  ] GC(4893) Concurrent Mark From Roots 997.620ms
[2025-01-08T17:31:48.518+0000][162378.884s][info][gc,marking  ] GC(4893) Concurrent Preclean
[2025-01-08T17:31:48.521+0000][162378.887s][info][gc,marking  ] GC(4893) Concurrent Preclean 2.731ms
[2025-01-08T17:31:48.521+0000][162378.887s][info][gc,start    ] GC(4893) Pause Remark
[2025-01-08T17:31:48.547+0000][162378.914s][info][gc          ] GC(4893) Pause Remark 3435M->3435M(12288M) 26.362ms
[2025-01-08T17:31:48.548+0000][162378.914s][info][gc,cpu      ] GC(4893) User=0.15s Sys=0.00s Real=0.03s
[2025-01-08T17:31:48.548+0000][162378.914s][info][gc,marking  ] GC(4893) Concurrent Mark 1027.083ms
[2025-01-08T17:31:48.548+0000][162378.914s][info][gc,marking  ] GC(4893) Concurrent Rebuild Remembered Sets
[2025-01-08T17:31:49.193+0000][162379.559s][info][gc,marking  ] GC(4893) Concurrent Rebuild Remembered Sets 645.015ms
[2025-01-08T17:31:49.193+0000][162379.559s][info][gc,start    ] GC(4893) Pause Cleanup
[2025-01-08T17:31:49.193+0000][162379.559s][info][gc          ] GC(4893) Pause Cleanup 4134M->4134M(12288M) 0.407ms
[2025-01-08T17:31:49.193+0000][162379.559s][info][gc,cpu      ] GC(4893) User=0.00s Sys=0.00s Real=0.00s
[2025-01-08T17:31:49.193+0000][162379.559s][info][gc,marking  ] GC(4893) Concurrent Cleanup for Next Mark
[2025-01-08T17:31:49.209+0000][162379.575s][info][gc,marking  ] GC(4893) Concurrent Cleanup for Next Mark 15.523ms
[2025-01-08T17:31:49.209+0000][162379.575s][info][gc          ] GC(4893) Concurrent Mark Cycle 1708.566ms
[2025-01-08T17:31:55.945+0000][162386.311s][info][gc,start    ] GC(4894) Pause Young (Prepare Mixed) (G1 Evacuation Pause)
[2025-01-08T17:31:55.945+0000][162386.311s][info][gc,task     ] GC(4894) Using 6 workers of 6 for evacuation
[2025-01-08T17:31:55.979+0000][162386.345s][info][gc,phases   ] GC(4894)   Pre Evacuate Collection Set: 0.2ms
[2025-01-08T17:31:55.979+0000][162386.345s][info][gc,phases   ] GC(4894)   Merge Heap Roots: 0.7ms
[2025-01-08T17:31:55.979+0000][162386.345s][info][gc,phases   ] GC(4894)   Evacuate Collection Set: 30.8ms
[2025-01-08T17:31:55.979+0000][162386.345s][info][gc,phases   ] GC(4894)   Post Evacuate Collection Set: 2.6ms
[2025-01-08T17:31:55.979+0000][162386.345s][info][gc,phases   ] GC(4894)   Other: 0.2ms
[2025-01-08T17:31:55.979+0000][162386.345s][info][gc,heap     ] GC(4894) Eden regions: 912->0(67)
[2025-01-08T17:31:55.979+0000][162386.345s][info][gc,heap     ] GC(4894) Survivor regions: 9->9(116)
[2025-01-08T17:31:55.979+0000][162386.345s][info][gc,heap     ] GC(4894) Old regions: 234->234
[2025-01-08T17:31:55.979+0000][162386.345s][info][gc,heap     ] GC(4894) Archive regions: 2->2
[2025-01-08T17:31:55.979+0000][162386.345s][info][gc,heap     ] GC(4894) Humongous regions: 49->49
[2025-01-08T17:31:55.979+0000][162386.345s][info][gc,metaspace] GC(4894) Metaspace: 506410K(515200K)->506410K(515200K) NonClass: 444851K(449216K)->444851K(449216K) Class: 61559K(65984K)->61559K(65984K)
[2025-01-08T17:31:55.979+0000][162386.345s][info][gc          ] GC(4894) Pause Young (Prepare Mixed) (G1 Evacuation Pause) 9630M->2333M(12288M) 34.680ms
[2025-01-08T17:31:55.979+0000][162386.345s][info][gc,cpu      ] GC(4894) User=0.21s Sys=0.00s Real=0.03s
[2025-01-08T17:31:56.938+0000][162387.304s][info][gc,start    ] GC(4895) Pause Young (Mixed) (G1 Evacuation Pause)
[2025-01-08T17:31:56.938+0000][162387.304s][info][gc,task     ] GC(4895) Using 6 workers of 6 for evacuation
[2025-01-08T17:31:57.000+0000][162387.366s][info][gc,phases   ] GC(4895)   Pre Evacuate Collection Set: 0.2ms
[2025-01-08T17:31:57.000+0000][162387.366s][info][gc,phases   ] GC(4895)   Merge Heap Roots: 0.6ms
[2025-01-08T17:31:57.000+0000][162387.366s][info][gc,phases   ] GC(4895)   Evacuate Collection Set: 59.1ms
[2025-01-08T17:31:57.000+0000][162387.366s][info][gc,phases   ] GC(4895)   Post Evacuate Collection Set: 1.9ms
[2025-01-08T17:31:57.000+0000][162387.366s][info][gc,phases   ] GC(4895)   Other: 0.2ms
[2025-01-08T17:31:57.000+0000][162387.366s][info][gc,heap     ] GC(4895) Eden regions: 67->0(913)
[2025-01-08T17:31:57.000+0000][162387.366s][info][gc,heap     ] GC(4895) Survivor regions: 9->8(10)
[2025-01-08T17:31:57.000+0000][162387.366s][info][gc,heap     ] GC(4895) Old regions: 234->233
[2025-01-08T17:31:57.000+0000][162387.366s][info][gc,heap     ] GC(4895) Archive regions: 2->2
[2025-01-08T17:31:57.000+0000][162387.366s][info][gc,heap     ] GC(4895) Humongous regions: 49->49
[2025-01-08T17:31:57.000+0000][162387.366s][info][gc,metaspace] GC(4895) Metaspace: 506410K(515200K)->506410K(515200K) NonClass: 444851K(449216K)->444851K(449216K) Class: 61559K(65984K)->61559K(65984K)
[2025-01-08T17:31:57.000+0000][162387.366s][info][gc          ] GC(4895) Pause Young (Mixed) (G1 Evacuation Pause) 2869M->2315M(12288M) 62.107ms
[2025-01-08T17:31:57.000+0000][162387.366s][info][gc,cpu      ] GC(4895) User=0.36s Sys=0.00s Real=0.06s
[2025-01-08T17:32:06.419+0000][162396.785s][info][gc,start    ] GC(4896) Pause Young (Normal) (G1 Evacuation Pause)
[2025-01-08T17:32:06.419+0000][162396.785s][info][gc,task     ] GC(4896) Using 6 workers of 6 for evacuation
[2025-01-08T17:32:06.452+0000][162396.818s][info][gc,phases   ] GC(4896)   Pre Evacuate Collection Set: 0.2ms
[2025-01-08T17:32:06.452+0000][162396.818s][info][gc,phases   ] GC(4896)   Merge Heap Roots: 0.5ms
[2025-01-08T17:32:06.452+0000][162396.818s][info][gc,phases   ] GC(4896)   Evacuate Collection Set: 29.3ms
[2025-01-08T17:32:06.452+0000][162396.818s][info][gc,phases   ] GC(4896)   Post Evacuate Collection Set: 2.7ms
[2025-01-08T17:32:06.452+0000][162396.818s][info][gc,phases   ] GC(4896)   Other: 0.2ms
[2025-01-08T17:32:06.452+0000][162396.818s][info][gc,heap     ] GC(4896) Eden regions: 913->0(913)
[2025-01-08T17:32:06.452+0000][162396.818s][info][gc,heap     ] GC(4896) Survivor regions: 8->8(116)
[2025-01-08T17:32:06.452+0000][162396.818s][info][gc,heap     ] GC(4896) Old regions: 233->233
[2025-01-08T17:32:06.452+0000][162396.818s][info][gc,heap     ] GC(4896) Archive regions: 2->2
[2025-01-08T17:32:06.452+0000][162396.818s][info][gc,heap     ] GC(4896) Humongous regions: 49->49
[2025-01-08T17:32:06.452+0000][162396.818s][info][gc,metaspace] GC(4896) Metaspace: 506410K(515200K)->506410K(515200K) NonClass: 444851K(449216K)->444851K(449216K) Class: 61559K(65984K)->61559K(65984K)
[2025-01-08T17:32:06.452+0000][162396.818s][info][gc          ] GC(4896) Pause Young (Normal) (G1 Evacuation Pause) 9619M->2321M(12288M) 33.027ms
[2025-01-08T17:32:06.452+0000][162396.818s][info][gc,cpu      ] GC(4896) User=0.19s Sys=0.00s Real=0.04s
[2025-01-08T17:32:15.843+0000][162406.209s][info][gc,start    ] GC(4897) Pause Young (Normal) (G1 Evacuation Pause)
[2025-01-08T17:32:15.843+0000][162406.209s][info][gc,task     ] GC(4897) Using 6 workers of 6 for evacuation
[2025-01-08T17:32:15.880+0000][162406.246s][info][gc,phases   ] GC(4897)   Pre Evacuate Collection Set: 0.2ms
[2025-01-08T17:32:15.880+0000][162406.246s][info][gc,phases   ] GC(4897)   Merge Heap Roots: 0.5ms
[2025-01-08T17:32:15.880+0000][162406.246s][info][gc,phases   ] GC(4897)   Evacuate Collection Set: 33.2ms
[2025-01-08T17:32:15.880+0000][162406.246s][info][gc,phases   ] GC(4897)   Post Evacuate Collection Set: 2.5ms
[2025-01-08T17:32:15.880+0000][162406.246s][info][gc,phases   ] GC(4897)   Other: 0.2ms
[2025-01-08T17:32:15.880+0000][162406.246s][info][gc,heap     ] GC(4897) Eden regions: 913->0(911)
[2025-01-08T17:32:15.880+0000][162406.246s][info][gc,heap     ] GC(4897) Survivor regions: 8->10(116)
[2025-01-08T17:32:15.880+0000][162406.246s][info][gc,heap     ] GC(4897) Old regions: 233->233
[2025-01-08T17:32:15.880+0000][162406.246s][info][gc,heap     ] GC(4897) Archive regions: 2->2
[2025-01-08T17:32:15.880+0000][162406.246s][info][gc,heap     ] GC(4897) Humongous regions: 49->49
[2025-01-08T17:32:15.880+0000][162406.246s][info][gc,metaspace] GC(4897) Metaspace: 506411K(515200K)->506411K(515200K) NonClass: 444852K(449216K)->444852K(449216K) Class: 61559K(65984K)->61559K(65984K)
[2025-01-08T17:32:15.880+0000][162406.246s][info][gc          ] GC(4897) Pause Young (Normal) (G1 Evacuation Pause) 9625M->2331M(12288M) 36.746ms
[2025-01-08T17:32:15.880+0000][162406.246s][info][gc,cpu      ] GC(4897) User=0.22s Sys=0.00s Real=0.03s
[2025-01-08T17:32:22.061+0000][162412.428s][info][gc,start    ] GC(4898) Pause Young (Concurrent Start) (G1 Evacuation Pause)
[2025-01-08T17:32:22.061+0000][162412.428s][info][gc,task     ] GC(4898) Using 6 workers of 6 for evacuation
[2025-01-08T17:32:22.101+0000][162412.467s][info][gc,phases   ] GC(4898)   Pre Evacuate Collection Set: 1.0ms
[2025-01-08T17:32:22.101+0000][162412.467s][info][gc,phases   ] GC(4898)   Merge Heap Roots: 0.5ms
[2025-01-08T17:32:22.101+0000][162412.467s][info][gc,phases   ] GC(4898)   Evacuate Collection Set: 35.3ms
[2025-01-08T17:32:22.101+0000][162412.467s][info][gc,phases   ] GC(4898)   Post Evacuate Collection Set: 2.5ms
[2025-01-08T17:32:22.101+0000][162412.467s][info][gc,phases   ] GC(4898)   Other: 0.4ms
[2025-01-08T17:32:22.101+0000][162412.467s][info][gc,heap     ] GC(4898) Eden regions: 911->0(909)
[2025-01-08T17:32:22.101+0000][162412.467s][info][gc,heap     ] GC(4898) Survivor regions: 10->12(116)
[2025-01-08T17:32:22.101+0000][162412.467s][info][gc,heap     ] GC(4898) Old regions: 233->233
[2025-01-08T17:32:22.101+0000][162412.467s][info][gc,heap     ] GC(4898) Archive regions: 2->2
[2025-01-08T17:32:22.101+0000][162412.467s][info][gc,heap     ] GC(4898) Humongous regions: 49->49
[2025-01-08T17:32:22.101+0000][162412.467s][info][gc,metaspace] GC(4898) Metaspace: 506411K(515200K)->506411K(515200K) NonClass: 444852K(449216K)->444852K(449216K) Class: 61559K(65984K)->61559K(65984K)
[2025-01-08T17:32:22.101+0000][162412.467s][info][gc          ] GC(4898) Pause Young (Concurrent Start) (G1 Evacuation Pause) 9619M->2345M(12288M) 39.714ms
[2025-01-08T17:32:22.101+0000][162412.467s][info][gc,cpu      ] GC(4898) User=0.23s Sys=0.00s Real=0.04s
[2025-01-08T17:32:22.101+0000][162412.467s][info][gc          ] GC(4899) Concurrent Mark Cycle
[2025-01-08T17:32:22.101+0000][162412.467s][info][gc,marking  ] GC(4899) Concurrent Clear Claimed Marks
[2025-01-08T17:32:22.102+0000][162412.468s][info][gc,marking  ] GC(4899) Concurrent Clear Claimed Marks 0.902ms
[2025-01-08T17:32:22.102+0000][162412.468s][info][gc,marking  ] GC(4899) Concurrent Scan Root Regions
[2025-01-08T17:32:22.133+0000][162412.499s][info][gc,marking  ] GC(4899) Concurrent Scan Root Regions 31.143ms
[2025-01-08T17:32:22.133+0000][162412.499s][info][gc,marking  ] GC(4899) Concurrent Mark
[2025-01-08T17:32:22.133+0000][162412.499s][info][gc,marking  ] GC(4899) Concurrent Mark From Roots
[2025-01-08T17:32:22.133+0000][162412.499s][info][gc,task     ] GC(4899) Using 2 workers of 2 for marking
[2025-01-08T17:32:22.951+0000][162413.317s][info][gc,marking  ] GC(4899) Concurrent Mark From Roots 817.274ms
[2025-01-08T17:32:22.951+0000][162413.317s][info][gc,marking  ] GC(4899) Concurrent Preclean
[2025-01-08T17:32:22.954+0000][162413.320s][info][gc,marking  ] GC(4899) Concurrent Preclean 3.342ms
[2025-01-08T17:32:22.954+0000][162413.320s][info][gc,start    ] GC(4899) Pause Remark
[2025-01-08T17:32:22.980+0000][162413.346s][info][gc          ] GC(4899) Pause Remark 3249M->3249M(12288M) 26.159ms
[2025-01-08T17:32:22.980+0000][162413.346s][info][gc,cpu      ] GC(4899) User=0.15s Sys=0.00s Real=0.02s
[2025-01-08T17:32:22.980+0000][162413.347s][info][gc,marking  ] GC(4899) Concurrent Mark 847.115ms
[2025-01-08T17:32:22.980+0000][162413.347s][info][gc,marking  ] GC(4899) Concurrent Rebuild Remembered Sets
[2025-01-08T17:32:23.474+0000][162413.840s][info][gc,marking  ] GC(4899) Concurrent Rebuild Remembered Sets 493.720ms
[2025-01-08T17:32:23.474+0000][162413.840s][info][gc,start    ] GC(4899) Pause Cleanup
[2025-01-08T17:32:23.475+0000][162413.841s][info][gc          ] GC(4899) Pause Cleanup 3593M->3593M(12288M) 0.412ms
[2025-01-08T17:32:23.475+0000][162413.841s][info][gc,cpu      ] GC(4899) User=0.00s Sys=0.00s Real=0.00s
[2025-01-08T17:32:23.475+0000][162413.841s][info][gc,marking  ] GC(4899) Concurrent Cleanup for Next Mark
[2025-01-08T17:32:23.503+0000][162413.869s][info][gc,marking  ] GC(4899) Concurrent Cleanup for Next Mark 28.088ms
[2025-01-08T17:32:23.503+0000][162413.869s][info][gc          ] GC(4899) Concurrent Mark Cycle 1401.786ms
[2025-01-08T17:32:27.539+0000][162417.905s][info][gc,start    ] GC(4900) Pause Young (Prepare Mixed) (G1 Evacuation Pause)
[2025-01-08T17:32:27.539+0000][162417.905s][info][gc,task     ] GC(4900) Using 6 workers of 6 for evacuation
[2025-01-08T17:32:27.586+0000][162417.952s][info][gc,phases   ] GC(4900)   Pre Evacuate Collection Set: 0.3ms
[2025-01-08T17:32:27.586+0000][162417.952s][info][gc,phases   ] GC(4900)   Merge Heap Roots: 0.9ms
[2025-01-08T17:32:27.586+0000][162417.952s][info][gc,phases   ] GC(4900)   Evacuate Collection Set: 41.6ms
[2025-01-08T17:32:27.586+0000][162417.952s][info][gc,phases   ] GC(4900)   Post Evacuate Collection Set: 4.5ms
[2025-01-08T17:32:27.586+0000][162417.952s][info][gc,phases   ] GC(4900)   Other: 0.2ms
[2025-01-08T17:32:27.586+0000][162417.952s][info][gc,heap     ] GC(4900) Eden regions: 909->0(63)
[2025-01-08T17:32:27.586+0000][162417.952s][info][gc,heap     ] GC(4900) Survivor regions: 12->13(116)
[2025-01-08T17:32:27.586+0000][162417.952s][info][gc,heap     ] GC(4900) Old regions: 233->233
[2025-01-08T17:32:27.586+0000][162417.952s][info][gc,heap     ] GC(4900) Archive regions: 2->2
[2025-01-08T17:32:27.586+0000][162417.952s][info][gc,heap     ] GC(4900) Humongous regions: 49->49
[2025-01-08T17:32:27.586+0000][162417.952s][info][gc,metaspace] GC(4900) Metaspace: 506411K(515200K)->506411K(515200K) NonClass: 444852K(449216K)->444852K(449216K) Class: 61559K(65984K)->61559K(65984K)
[2025-01-08T17:32:27.586+0000][162417.952s][info][gc          ] GC(4900) Pause Young (Prepare Mixed) (G1 Evacuation Pause) 9617M->2356M(12288M) 47.626ms
[2025-01-08T17:32:27.586+0000][162417.952s][info][gc,cpu      ] GC(4900) User=0.26s Sys=0.01s Real=0.05s
[2025-01-08T17:32:27.880+0000][162418.246s][info][gc,start    ] GC(4901) Pause Young (Mixed) (G1 Evacuation Pause)
[2025-01-08T17:32:27.880+0000][162418.246s][info][gc,task     ] GC(4901) Using 6 workers of 6 for evacuation
[2025-01-08T17:32:27.963+0000][162418.329s][info][gc,phases   ] GC(4901)   Pre Evacuate Collection Set: 0.2ms
[2025-01-08T17:32:27.963+0000][162418.329s][info][gc,phases   ] GC(4901)   Merge Heap Roots: 0.8ms
[2025-01-08T17:32:27.963+0000][162418.329s][info][gc,phases   ] GC(4901)   Evacuate Collection Set: 79.4ms
[2025-01-08T17:32:27.963+0000][162418.329s][info][gc,phases   ] GC(4901)   Post Evacuate Collection Set: 2.6ms
[2025-01-08T17:32:27.963+0000][162418.329s][info][gc,phases   ] GC(4901)   Other: 0.2ms
[2025-01-08T17:32:27.963+0000][162418.329s][info][gc,heap     ] GC(4901) Eden regions: 63->0(913)
[2025-01-08T17:32:27.963+0000][162418.329s][info][gc,heap     ] GC(4901) Survivor regions: 13->8(10)
[2025-01-08T17:32:27.963+0000][162418.329s][info][gc,heap     ] GC(4901) Old regions: 233->236
[2025-01-08T17:32:27.963+0000][162418.329s][info][gc,heap     ] GC(4901) Archive regions: 2->2
[2025-01-08T17:32:27.963+0000][162418.329s][info][gc,heap     ] GC(4901) Humongous regions: 49->49
[2025-01-08T17:32:27.963+0000][162418.329s][info][gc,metaspace] GC(4901) Metaspace: 506411K(515200K)->506411K(515200K) NonClass: 444852K(449216K)->444852K(449216K) Class: 61559K(65984K)->61559K(65984K)
[2025-01-08T17:32:27.963+0000][162418.329s][info][gc          ] GC(4901) Pause Young (Mixed) (G1 Evacuation Pause) 2860M->2343M(12288M) 83.313ms
[2025-01-08T17:32:27.963+0000][162418.329s][info][gc,cpu      ] GC(4901) User=0.49s Sys=0.00s Real=0.09s
[2025-01-08T17:32:33.311+0000][162423.678s][info][gc,start    ] GC(4902) Pause Young (Normal) (G1 Evacuation Pause)
[2025-01-08T17:32:33.311+0000][162423.678s][info][gc,task     ] GC(4902) Using 6 workers of 6 for evacuation
[2025-01-08T17:32:33.334+0000][162423.700s][info][gc,phases   ] GC(4902)   Pre Evacuate Collection Set: 0.2ms
[2025-01-08T17:32:33.334+0000][162423.700s][info][gc,phases   ] GC(4902)   Merge Heap Roots: 0.4ms
[2025-01-08T17:32:33.334+0000][162423.700s][info][gc,phases   ] GC(4902)   Evacuate Collection Set: 18.4ms
[2025-01-08T17:32:33.334+0000][162423.700s][info][gc,phases   ] GC(4902)   Post Evacuate Collection Set: 3.1ms
[2025-01-08T17:32:33.334+0000][162423.700s][info][gc,phases   ] GC(4902)   Other: 0.2ms
[2025-01-08T17:32:33.334+0000][162423.700s][info][gc,heap     ] GC(4902) Eden regions: 913->0(915)
[2025-01-08T17:32:33.334+0000][162423.700s][info][gc,heap     ] GC(4902) Survivor regions: 8->6(116)
[2025-01-08T17:32:33.334+0000][162423.700s][info][gc,heap     ] GC(4902) Old regions: 236->236
[2025-01-08T17:32:33.334+0000][162423.700s][info][gc,heap     ] GC(4902) Archive regions: 2->2
[2025-01-08T17:32:33.334+0000][162423.700s][info][gc,heap     ] GC(4902) Humongous regions: 49->49
[2025-01-08T17:32:33.334+0000][162423.700s][info][gc,metaspace] GC(4902) Metaspace: 506411K(515200K)->506411K(515200K) NonClass: 444852K(449216K)->444852K(449216K) Class: 61559K(65984K)->61559K(65984K)
[2025-01-08T17:32:33.334+0000][162423.700s][info][gc          ] GC(4902) Pause Young (Normal) (G1 Evacuation Pause) 9647M->2323M(12288M) 22.434ms
[2025-01-08T17:32:33.334+0000][162423.700s][info][gc,cpu      ] GC(4902) User=0.13s Sys=0.00s Real=0.02s
[2025-01-08T17:32:37.976+0000][162428.343s][info][gc,start    ] GC(4903) Pause Young (Normal) (G1 Evacuation Pause)
[2025-01-08T17:32:37.976+0000][162428.343s][info][gc,task     ] GC(4903) Using 6 workers of 6 for evacuation
[2025-01-08T17:32:38.001+0000][162428.367s][info][gc,phases   ] GC(4903)   Pre Evacuate Collection Set: 0.2ms
[2025-01-08T17:32:38.001+0000][162428.367s][info][gc,phases   ] GC(4903)   Merge Heap Roots: 0.4ms
[2025-01-08T17:32:38.001+0000][162428.367s][info][gc,phases   ] GC(4903)   Evacuate Collection Set: 20.2ms
[2025-01-08T17:32:38.001+0000][162428.367s][info][gc,phases   ] GC(4903)   Post Evacuate Collection Set: 3.7ms
[2025-01-08T17:32:38.001+0000][162428.367s][info][gc,phases   ] GC(4903)   Other: 0.2ms
[2025-01-08T17:32:38.001+0000][162428.367s][info][gc,heap     ] GC(4903) Eden regions: 915->0(915)
[2025-01-08T17:32:38.001+0000][162428.367s][info][gc,heap     ] GC(4903) Survivor regions: 6->6(116)
[2025-01-08T17:32:38.001+0000][162428.367s][info][gc,heap     ] GC(4903) Old regions: 236->236
[2025-01-08T17:32:38.001+0000][162428.367s][info][gc,heap     ] GC(4903) Archive regions: 2->2
[2025-01-08T17:32:38.001+0000][162428.367s][info][gc,heap     ] GC(4903) Humongous regions: 49->49
[2025-01-08T17:32:38.001+0000][162428.367s][info][gc,metaspace] GC(4903) Metaspace: 506411K(515200K)->506411K(515200K) NonClass: 444852K(449216K)->444852K(449216K) Class: 61559K(65984K)->61559K(65984K)
[2025-01-08T17:32:38.001+0000][162428.367s][info][gc          ] GC(4903) Pause Young (Normal) (G1 Evacuation Pause) 9643M->2329M(12288M) 24.808ms
[2025-01-08T17:32:38.001+0000][162428.367s][info][gc,cpu      ] GC(4903) User=0.14s Sys=0.00s Real=0.02s
[2025-01-08T17:32:47.614+0000][162437.980s][info][gc,start    ] GC(4904) Pause Young (Concurrent Start) (G1 Evacuation Pause)
[2025-01-08T17:32:47.614+0000][162437.980s][info][gc,task     ] GC(4904) Using 6 workers of 6 for evacuation
[2025-01-08T17:32:47.646+0000][162438.012s][info][gc,phases   ] GC(4904)   Pre Evacuate Collection Set: 1.1ms
[2025-01-08T17:32:47.646+0000][162438.012s][info][gc,phases   ] GC(4904)   Merge Heap Roots: 0.4ms
[2025-01-08T17:32:47.646+0000][162438.012s][info][gc,phases   ] GC(4904)   Evacuate Collection Set: 27.8ms
[2025-01-08T17:32:47.646+0000][162438.012s][info][gc,phases   ] GC(4904)   Post Evacuate Collection Set: 2.7ms
[2025-01-08T17:32:47.646+0000][162438.012s][info][gc,phases   ] GC(4904)   Other: 0.3ms
[2025-01-08T17:32:47.646+0000][162438.012s][info][gc,heap     ] GC(4904) Eden regions: 915->0(913)
[2025-01-08T17:32:47.646+0000][162438.012s][info][gc,heap     ] GC(4904) Survivor regions: 6->8(116)
[2025-01-08T17:32:47.646+0000][162438.012s][info][gc,heap     ] GC(4904) Old regions: 236->236
[2025-01-08T17:32:47.646+0000][162438.012s][info][gc,heap     ] GC(4904) Archive regions: 2->2
[2025-01-08T17:32:47.646+0000][162438.012s][info][gc,heap     ] GC(4904) Humongous regions: 49->49
[2025-01-08T17:32:47.646+0000][162438.012s][info][gc,metaspace] GC(4904) Metaspace: 506411K(515200K)->506411K(515200K) NonClass: 444852K(449216K)->444852K(449216K) Class: 61559K(65984K)->61559K(65984K)
[2025-01-08T17:32:47.646+0000][162438.012s][info][gc          ] GC(4904) Pause Young (Concurrent Start) (G1 Evacuation Pause) 9649M->2338M(12288M) 32.485ms
[2025-01-08T17:32:47.646+0000][162438.012s][info][gc,cpu      ] GC(4904) User=0.19s Sys=0.00s Real=0.03s
[2025-01-08T17:32:47.646+0000][162438.013s][info][gc          ] GC(4905) Concurrent Mark Cycle
[2025-01-08T17:32:47.646+0000][162438.013s][info][gc,marking  ] GC(4905) Concurrent Clear Claimed Marks
[2025-01-08T17:32:47.647+0000][162438.013s][info][gc,marking  ] GC(4905) Concurrent Clear Claimed Marks 0.903ms
[2025-01-08T17:32:47.647+0000][162438.013s][info][gc,marking  ] GC(4905) Concurrent Scan Root Regions
[2025-01-08T17:32:47.673+0000][162438.039s][info][gc,marking  ] GC(4905) Concurrent Scan Root Regions 25.529ms
[2025-01-08T17:32:47.673+0000][162438.039s][info][gc,marking  ] GC(4905) Concurrent Mark
[2025-01-08T17:32:47.673+0000][162438.039s][info][gc,marking  ] GC(4905) Concurrent Mark From Roots
[2025-01-08T17:32:47.673+0000][162438.039s][info][gc,task     ] GC(4905) Using 2 workers of 2 for marking
[2025-01-08T17:32:48.724+0000][162439.090s][info][gc,marking  ] GC(4905) Concurrent Mark From Roots 1051.194ms
[2025-01-08T17:32:48.724+0000][162439.090s][info][gc,marking  ] GC(4905) Concurrent Preclean
[2025-01-08T17:32:48.728+0000][162439.094s][info][gc,marking  ] GC(4905) Concurrent Preclean 3.326ms
[2025-01-08T17:32:48.728+0000][162439.094s][info][gc,start    ] GC(4905) Pause Remark
[2025-01-08T17:32:48.755+0000][162439.121s][info][gc          ] GC(4905) Pause Remark 3498M->3498M(12288M) 27.246ms
[2025-01-08T17:32:48.755+0000][162439.121s][info][gc,cpu      ] GC(4905) User=0.16s Sys=0.00s Real=0.03s
[2025-01-08T17:32:48.755+0000][162439.121s][info][gc,marking  ] GC(4905) Concurrent Mark 1082.138ms
[2025-01-08T17:32:48.755+0000][162439.121s][info][gc,marking  ] GC(4905) Concurrent Rebuild Remembered Sets
[2025-01-08T17:32:49.374+0000][162439.740s][info][gc,marking  ] GC(4905) Concurrent Rebuild Remembered Sets 618.780ms
[2025-01-08T17:32:49.374+0000][162439.740s][info][gc,start    ] GC(4905) Pause Cleanup
[2025-01-08T17:32:49.374+0000][162439.741s][info][gc          ] GC(4905) Pause Cleanup 3878M->3878M(12288M) 0.409ms
[2025-01-08T17:32:49.374+0000][162439.741s][info][gc,cpu      ] GC(4905) User=0.01s Sys=0.00s Real=0.00s
[2025-01-08T17:32:49.375+0000][162439.741s][info][gc,marking  ] GC(4905) Concurrent Cleanup for Next Mark
[2025-01-08T17:32:49.390+0000][162439.756s][info][gc,marking  ] GC(4905) Concurrent Cleanup for Next Mark 15.443ms
[2025-01-08T17:32:49.390+0000][162439.756s][info][gc          ] GC(4905) Concurrent Mark Cycle 1743.628ms
[2025-01-08T17:33:00.615+0000][162450.982s][info][gc,start    ] GC(4906) Pause Young (Prepare Mixed) (G1 Evacuation Pause)
[2025-01-08T17:33:00.616+0000][162450.982s][info][gc,task     ] GC(4906) Using 6 workers of 6 for evacuation
[2025-01-08T17:33:00.657+0000][162451.023s][info][gc,phases   ] GC(4906)   Pre Evacuate Collection Set: 0.2ms
[2025-01-08T17:33:00.657+0000][162451.024s][info][gc,phases   ] GC(4906)   Merge Heap Roots: 0.7ms
[2025-01-08T17:33:00.657+0000][162451.024s][info][gc,phases   ] GC(4906)   Evacuate Collection Set: 37.6ms
[2025-01-08T17:33:00.657+0000][162451.024s][info][gc,phases   ] GC(4906)   Post Evacuate Collection Set: 3.2ms
[2025-01-08T17:33:00.657+0000][162451.024s][info][gc,phases   ] GC(4906)   Other: 0.2ms
[2025-01-08T17:33:00.657+0000][162451.024s][info][gc,heap     ] GC(4906) Eden regions: 913->0(66)
[2025-01-08T17:33:00.657+0000][162451.024s][info][gc,heap     ] GC(4906) Survivor regions: 8->10(116)
[2025-01-08T17:33:00.657+0000][162451.024s][info][gc,heap     ] GC(4906) Old regions: 236->236
[2025-01-08T17:33:00.657+0000][162451.024s][info][gc,heap     ] GC(4906) Archive regions: 2->2
[2025-01-08T17:33:00.657+0000][162451.024s][info][gc,heap     ] GC(4906) Humongous regions: 49->49
[2025-01-08T17:33:00.657+0000][162451.024s][info][gc,metaspace] GC(4906) Metaspace: 506411K(515200K)->506411K(515200K) NonClass: 444852K(449216K)->444852K(449216K) Class: 61559K(65984K)->61559K(65984K)
[2025-01-08T17:33:00.658+0000][162451.024s][info][gc          ] GC(4906) Pause Young (Prepare Mixed) (G1 Evacuation Pause) 9642M->2353M(12288M) 42.046ms
[2025-01-08T17:33:00.658+0000][162451.024s][info][gc,cpu      ] GC(4906) User=0.25s Sys=0.01s Real=0.04s
[2025-01-08T17:33:01.044+0000][162451.410s][info][gc,start    ] GC(4907) Pause Young (Mixed) (G1 Evacuation Pause)
[2025-01-08T17:33:01.044+0000][162451.410s][info][gc,task     ] GC(4907) Using 6 workers of 6 for evacuation
[2025-01-08T17:33:01.120+0000][162451.486s][info][gc,phases   ] GC(4907)   Pre Evacuate Collection Set: 0.2ms
[2025-01-08T17:33:01.120+0000][162451.486s][info][gc,phases   ] GC(4907)   Merge Heap Roots: 0.8ms
[2025-01-08T17:33:01.120+0000][162451.486s][info][gc,phases   ] GC(4907)   Evacuate Collection Set: 72.9ms
[2025-01-08T17:33:01.120+0000][162451.486s][info][gc,phases   ] GC(4907)   Post Evacuate Collection Set: 1.9ms
[2025-01-08T17:33:01.120+0000][162451.486s][info][gc,phases   ] GC(4907)   Other: 0.2ms
[2025-01-08T17:33:01.120+0000][162451.486s][info][gc,heap     ] GC(4907) Eden regions: 66->0(916)
[2025-01-08T17:33:01.120+0000][162451.486s][info][gc,heap     ] GC(4907) Survivor regions: 10->5(10)
[2025-01-08T17:33:01.120+0000][162451.486s][info][gc,heap     ] GC(4907) Old regions: 236->237
[2025-01-08T17:33:01.120+0000][162451.486s][info][gc,heap     ] GC(4907) Archive regions: 2->2
[2025-01-08T17:33:01.120+0000][162451.486s][info][gc,heap     ] GC(4907) Humongous regions: 49->49
[2025-01-08T17:33:01.120+0000][162451.486s][info][gc,metaspace] GC(4907) Metaspace: 506411K(515200K)->506411K(515200K) NonClass: 444852K(449216K)->444852K(449216K) Class: 61559K(65984K)->61559K(65984K)
[2025-01-08T17:33:01.120+0000][162451.486s][info][gc          ] GC(4907) Pause Young (Mixed) (G1 Evacuation Pause) 2881M->2326M(12288M) 76.035ms
[2025-01-08T17:33:01.120+0000][162451.486s][info][gc,cpu      ] GC(4907) User=0.45s Sys=0.00s Real=0.07s
[2025-01-08T17:33:11.464+0000][162461.830s][info][gc,start    ] GC(4908) Pause Young (Normal) (G1 Evacuation Pause)
[2025-01-08T17:33:11.464+0000][162461.830s][info][gc,task     ] GC(4908) Using 6 workers of 6 for evacuation
[2025-01-08T17:33:11.488+0000][162461.854s][info][gc,phases   ] GC(4908)   Pre Evacuate Collection Set: 0.2ms
[2025-01-08T17:33:11.488+0000][162461.854s][info][gc,phases   ] GC(4908)   Merge Heap Roots: 0.4ms
[2025-01-08T17:33:11.488+0000][162461.855s][info][gc,phases   ] GC(4908)   Evacuate Collection Set: 21.0ms
[2025-01-08T17:33:11.488+0000][162461.855s][info][gc,phases   ] GC(4908)   Post Evacuate Collection Set: 2.6ms
[2025-01-08T17:33:11.488+0000][162461.855s][info][gc,phases   ] GC(4908)   Other: 0.2ms
[2025-01-08T17:33:11.488+0000][162461.855s][info][gc,heap     ] GC(4908) Eden regions: 916->0(915)
[2025-01-08T17:33:11.488+0000][162461.855s][info][gc,heap     ] GC(4908) Survivor regions: 5->6(116)
[2025-01-08T17:33:11.488+0000][162461.855s][info][gc,heap     ] GC(4908) Old regions: 237->237
[2025-01-08T17:33:11.488+0000][162461.855s][info][gc,heap     ] GC(4908) Archive regions: 2->2
[2025-01-08T17:33:11.488+0000][162461.855s][info][gc,heap     ] GC(4908) Humongous regions: 49->49
[2025-01-08T17:33:11.488+0000][162461.855s][info][gc,metaspace] GC(4908) Metaspace: 506411K(515200K)->506411K(515200K) NonClass: 444852K(449216K)->444852K(449216K) Class: 61559K(65984K)->61559K(65984K)
[2025-01-08T17:33:11.488+0000][162461.855s][info][gc          ] GC(4908) Pause Young (Normal) (G1 Evacuation Pause) 9654M->2336M(12288M) 24.579ms
[2025-01-08T17:33:11.489+0000][162461.855s][info][gc,cpu      ] GC(4908) User=0.14s Sys=0.00s Real=0.02s
[2025-01-08T17:33:17.376+0000][162467.742s][info][gc,start    ] GC(4909) Pause Young (Normal) (G1 Evacuation Pause)
[2025-01-08T17:33:17.376+0000][162467.742s][info][gc,task     ] GC(4909) Using 6 workers of 6 for evacuation
[2025-01-08T17:33:17.402+0000][162467.768s][info][gc,phases   ] GC(4909)   Pre Evacuate Collection Set: 0.2ms
[2025-01-08T17:33:17.402+0000][162467.768s][info][gc,phases   ] GC(4909)   Merge Heap Roots: 0.4ms
[2025-01-08T17:33:17.402+0000][162467.768s][info][gc,phases   ] GC(4909)   Evacuate Collection Set: 22.5ms
[2025-01-08T17:33:17.402+0000][162467.768s][info][gc,phases   ] GC(4909)   Post Evacuate Collection Set: 2.5ms
[2025-01-08T17:33:17.402+0000][162467.768s][info][gc,phases   ] GC(4909)   Other: 0.2ms
[2025-01-08T17:33:17.402+0000][162467.768s][info][gc,heap     ] GC(4909) Eden regions: 915->0(914)
[2025-01-08T17:33:17.402+0000][162467.768s][info][gc,heap     ] GC(4909) Survivor regions: 6->7(116)
[2025-01-08T17:33:17.402+0000][162467.768s][info][gc,heap     ] GC(4909) Old regions: 237->237
[2025-01-08T17:33:17.402+0000][162467.768s][info][gc,heap     ] GC(4909) Archive regions: 2->2
[2025-01-08T17:33:17.402+0000][162467.768s][info][gc,heap     ] GC(4909) Humongous regions: 49->49
[2025-01-08T17:33:17.402+0000][162467.768s][info][gc,metaspace] GC(4909) Metaspace: 506411K(515200K)->506411K(515200K) NonClass: 444852K(449216K)->444852K(449216K) Class: 61559K(65984K)->61559K(65984K)
[2025-01-08T17:33:17.402+0000][162467.768s][info][gc          ] GC(4909) Pause Young (Normal) (G1 Evacuation Pause) 9656M->2346M(12288M) 25.857ms
[2025-01-08T17:33:17.402+0000][162467.768s][info][gc,cpu      ] GC(4909) User=0.15s Sys=0.00s Real=0.03s
[2025-01-08T17:33:23.727+0000][162474.093s][info][gc,start    ] GC(4910) Pause Young (Concurrent Start) (G1 Evacuation Pause)
[2025-01-08T17:33:23.727+0000][162474.093s][info][gc,task     ] GC(4910) Using 6 workers of 6 for evacuation
[2025-01-08T17:33:23.760+0000][162474.126s][info][gc,phases   ] GC(4910)   Pre Evacuate Collection Set: 1.1ms
[2025-01-08T17:33:23.760+0000][162474.126s][info][gc,phases   ] GC(4910)   Merge Heap Roots: 0.5ms
[2025-01-08T17:33:23.760+0000][162474.126s][info][gc,phases   ] GC(4910)   Evacuate Collection Set: 26.5ms
[2025-01-08T17:33:23.760+0000][162474.126s][info][gc,phases   ] GC(4910)   Post Evacuate Collection Set: 5.1ms
[2025-01-08T17:33:23.760+0000][162474.126s][info][gc,phases   ] GC(4910)   Other: 0.3ms
[2025-01-08T17:33:23.760+0000][162474.126s][info][gc,heap     ] GC(4910) Eden regions: 914->0(911)
[2025-01-08T17:33:23.760+0000][162474.126s][info][gc,heap     ] GC(4910) Survivor regions: 7->10(116)
[2025-01-08T17:33:23.760+0000][162474.126s][info][gc,heap     ] GC(4910) Old regions: 237->237
[2025-01-08T17:33:23.760+0000][162474.126s][info][gc,heap     ] GC(4910) Archive regions: 2->2
[2025-01-08T17:33:23.760+0000][162474.126s][info][gc,heap     ] GC(4910) Humongous regions: 49->49
[2025-01-08T17:33:23.760+0000][162474.126s][info][gc,metaspace] GC(4910) Metaspace: 506411K(515200K)->506411K(515200K) NonClass: 444852K(449216K)->444852K(449216K) Class: 61559K(65984K)->61559K(65984K)
[2025-01-08T17:33:23.760+0000][162474.126s][info][gc          ] GC(4910) Pause Young (Concurrent Start) (G1 Evacuation Pause) 9658M->2365M(12288M) 33.472ms
[2025-01-08T17:33:23.760+0000][162474.126s][info][gc,cpu      ] GC(4910) User=0.19s Sys=0.00s Real=0.03s
[2025-01-08T17:33:23.760+0000][162474.126s][info][gc          ] GC(4911) Concurrent Mark Cycle
[2025-01-08T17:33:23.760+0000][162474.126s][info][gc,marking  ] GC(4911) Concurrent Clear Claimed Marks
[2025-01-08T17:33:23.761+0000][162474.127s][info][gc,marking  ] GC(4911) Concurrent Clear Claimed Marks 0.866ms
[2025-01-08T17:33:23.761+0000][162474.127s][info][gc,marking  ] GC(4911) Concurrent Scan Root Regions
[2025-01-08T17:33:23.785+0000][162474.151s][info][gc,marking  ] GC(4911) Concurrent Scan Root Regions 24.183ms
[2025-01-08T17:33:23.785+0000][162474.151s][info][gc,marking  ] GC(4911) Concurrent Mark
[2025-01-08T17:33:23.785+0000][162474.151s][info][gc,marking  ] GC(4911) Concurrent Mark From Roots
[2025-01-08T17:33:23.785+0000][162474.151s][info][gc,task     ] GC(4911) Using 2 workers of 2 for marking
[2025-01-08T17:33:24.647+0000][162475.013s][info][gc,marking  ] GC(4911) Concurrent Mark From Roots 862.157ms
[2025-01-08T17:33:24.647+0000][162475.013s][info][gc,marking  ] GC(4911) Concurrent Preclean
[2025-01-08T17:33:24.650+0000][162475.016s][info][gc,marking  ] GC(4911) Concurrent Preclean 2.625ms
[2025-01-08T17:33:24.650+0000][162475.016s][info][gc,start    ] GC(4911) Pause Remark
[2025-01-08T17:33:24.677+0000][162475.043s][info][gc          ] GC(4911) Pause Remark 3249M->3249M(12288M) 27.170ms
[2025-01-08T17:33:24.677+0000][162475.043s][info][gc,cpu      ] GC(4911) User=0.16s Sys=0.00s Real=0.02s
[2025-01-08T17:33:24.678+0000][162475.044s][info][gc,marking  ] GC(4911) Concurrent Mark 892.413ms
[2025-01-08T17:33:24.678+0000][162475.044s][info][gc,marking  ] GC(4911) Concurrent Rebuild Remembered Sets
[2025-01-08T17:33:25.324+0000][162475.690s][info][gc,marking  ] GC(4911) Concurrent Rebuild Remembered Sets 646.494ms
[2025-01-08T17:33:25.324+0000][162475.690s][info][gc,start    ] GC(4911) Pause Cleanup
[2025-01-08T17:33:25.325+0000][162475.691s][info][gc          ] GC(4911) Pause Cleanup 3981M->3981M(12288M) 0.488ms
[2025-01-08T17:33:25.325+0000][162475.691s][info][gc,cpu      ] GC(4911) User=0.01s Sys=0.00s Real=0.00s
[2025-01-08T17:33:25.325+0000][162475.691s][info][gc,marking  ] GC(4911) Concurrent Cleanup for Next Mark
[2025-01-08T17:33:25.340+0000][162475.706s][info][gc,marking  ] GC(4911) Concurrent Cleanup for Next Mark 15.515ms
[2025-01-08T17:33:25.340+0000][162475.707s][info][gc          ] GC(4911) Concurrent Mark Cycle 1580.357ms
[2025-01-08T17:33:29.988+0000][162480.354s][info][gc,start    ] GC(4912) Pause Young (Prepare Mixed) (G1 Evacuation Pause)
[2025-01-08T17:33:29.988+0000][162480.354s][info][gc,task     ] GC(4912) Using 6 workers of 6 for evacuation
[2025-01-08T17:33:30.020+0000][162480.386s][info][gc,phases   ] GC(4912)   Pre Evacuate Collection Set: 0.2ms
[2025-01-08T17:33:30.020+0000][162480.386s][info][gc,phases   ] GC(4912)   Merge Heap Roots: 0.7ms
[2025-01-08T17:33:30.020+0000][162480.386s][info][gc,phases   ] GC(4912)   Evacuate Collection Set: 28.8ms
[2025-01-08T17:33:30.020+0000][162480.386s][info][gc,phases   ] GC(4912)   Post Evacuate Collection Set: 2.4ms
[2025-01-08T17:33:30.020+0000][162480.386s][info][gc,phases   ] GC(4912)   Other: 0.2ms
[2025-01-08T17:33:30.020+0000][162480.386s][info][gc,heap     ] GC(4912) Eden regions: 911->0(66)
[2025-01-08T17:33:30.020+0000][162480.386s][info][gc,heap     ] GC(4912) Survivor regions: 10->10(116)
[2025-01-08T17:33:30.020+0000][162480.386s][info][gc,heap     ] GC(4912) Old regions: 237->237
[2025-01-08T17:33:30.020+0000][162480.386s][info][gc,heap     ] GC(4912) Archive regions: 2->2
[2025-01-08T17:33:30.020+0000][162480.386s][info][gc,heap     ] GC(4912) Humongous regions: 49->49
[2025-01-08T17:33:30.020+0000][162480.386s][info][gc,metaspace] GC(4912) Metaspace: 506411K(515200K)->506411K(515200K) NonClass: 444852K(449216K)->444852K(449216K) Class: 61559K(65984K)->61559K(65984K)
[2025-01-08T17:33:30.020+0000][162480.386s][info][gc          ] GC(4912) Pause Young (Prepare Mixed) (G1 Evacuation Pause) 9653M->2364M(12288M) 32.427ms
[2025-01-08T17:33:30.020+0000][162480.386s][info][gc,cpu      ] GC(4912) User=0.19s Sys=0.00s Real=0.03s
[2025-01-08T17:33:30.334+0000][162480.700s][info][gc,start    ] GC(4913) Pause Young (Mixed) (G1 Evacuation Pause)
[2025-01-08T17:33:30.334+0000][162480.701s][info][gc,task     ] GC(4913) Using 6 workers of 6 for evacuation
[2025-01-08T17:33:30.378+0000][162480.744s][info][gc,phases   ] GC(4913)   Pre Evacuate Collection Set: 0.2ms
[2025-01-08T17:33:30.378+0000][162480.744s][info][gc,phases   ] GC(4913)   Merge Heap Roots: 0.4ms
[2025-01-08T17:33:30.378+0000][162480.744s][info][gc,phases   ] GC(4913)   Evacuate Collection Set: 41.3ms
[2025-01-08T17:33:30.378+0000][162480.744s][info][gc,phases   ] GC(4913)   Post Evacuate Collection Set: 1.6ms
[2025-01-08T17:33:30.378+0000][162480.744s][info][gc,phases   ] GC(4913)   Other: 0.2ms
[2025-01-08T17:33:30.378+0000][162480.744s][info][gc,heap     ] GC(4913) Eden regions: 66->0(916)
[2025-01-08T17:33:30.378+0000][162480.744s][info][gc,heap     ] GC(4913) Survivor regions: 10->5(10)
[2025-01-08T17:33:30.378+0000][162480.744s][info][gc,heap     ] GC(4913) Old regions: 237->235
[2025-01-08T17:33:30.378+0000][162480.744s][info][gc,heap     ] GC(4913) Archive regions: 2->2
[2025-01-08T17:33:30.378+0000][162480.744s][info][gc,heap     ] GC(4913) Humongous regions: 49->49
[2025-01-08T17:33:30.378+0000][162480.744s][info][gc,metaspace] GC(4913) Metaspace: 506411K(515200K)->506411K(515200K) NonClass: 444852K(449216K)->444852K(449216K) Class: 61559K(65984K)->61559K(65984K)
[2025-01-08T17:33:30.378+0000][162480.744s][info][gc          ] GC(4913) Pause Young (Mixed) (G1 Evacuation Pause) 2892M->2315M(12288M) 43.673ms
[2025-01-08T17:33:30.378+0000][162480.744s][info][gc,cpu      ] GC(4913) User=0.23s Sys=0.02s Real=0.04s
[2025-01-08T17:33:36.842+0000][162487.208s][info][gc,start    ] GC(4914) Pause Young (Normal) (G1 Evacuation Pause)
[2025-01-08T17:33:36.842+0000][162487.208s][info][gc,task     ] GC(4914) Using 6 workers of 6 for evacuation
[2025-01-08T17:33:36.866+0000][162487.233s][info][gc,phases   ] GC(4914)   Pre Evacuate Collection Set: 0.2ms
[2025-01-08T17:33:36.867+0000][162487.233s][info][gc,phases   ] GC(4914)   Merge Heap Roots: 0.4ms
[2025-01-08T17:33:36.867+0000][162487.233s][info][gc,phases   ] GC(4914)   Evacuate Collection Set: 20.0ms
[2025-01-08T17:33:36.867+0000][162487.233s][info][gc,phases   ] GC(4914)   Post Evacuate Collection Set: 4.2ms
[2025-01-08T17:33:36.867+0000][162487.233s][info][gc,phases   ] GC(4914)   Other: 0.2ms
[2025-01-08T17:33:36.867+0000][162487.233s][info][gc,heap     ] GC(4914) Eden regions: 916->0(915)
[2025-01-08T17:33:36.867+0000][162487.233s][info][gc,heap     ] GC(4914) Survivor regions: 5->6(116)
[2025-01-08T17:33:36.867+0000][162487.233s][info][gc,heap     ] GC(4914) Old regions: 235->235
[2025-01-08T17:33:36.867+0000][162487.233s][info][gc,heap     ] GC(4914) Archive regions: 2->2
[2025-01-08T17:33:36.867+0000][162487.233s][info][gc,heap     ] GC(4914) Humongous regions: 49->49
[2025-01-08T17:33:36.867+0000][162487.233s][info][gc,metaspace] GC(4914) Metaspace: 506411K(515200K)->506411K(515200K) NonClass: 444852K(449216K)->444852K(449216K) Class: 61559K(65984K)->61559K(65984K)
[2025-01-08T17:33:36.867+0000][162487.233s][info][gc          ] GC(4914) Pause Young (Normal) (G1 Evacuation Pause) 9643M->2326M(12288M) 25.050ms
[2025-01-08T17:33:36.867+0000][162487.233s][info][gc,cpu      ] GC(4914) User=0.14s Sys=0.00s Real=0.02s
[2025-01-08T17:33:47.131+0000][162497.497s][info][gc,start    ] GC(4915) Pause Young (Normal) (G1 Evacuation Pause)
[2025-01-08T17:33:47.131+0000][162497.497s][info][gc,task     ] GC(4915) Using 6 workers of 6 for evacuation
[2025-01-08T17:33:47.157+0000][162497.523s][info][gc,phases   ] GC(4915)   Pre Evacuate Collection Set: 0.2ms
[2025-01-08T17:33:47.157+0000][162497.523s][info][gc,phases   ] GC(4915)   Merge Heap Roots: 0.4ms
[2025-01-08T17:33:47.157+0000][162497.523s][info][gc,phases   ] GC(4915)   Evacuate Collection Set: 22.3ms
[2025-01-08T17:33:47.157+0000][162497.523s][info][gc,phases   ] GC(4915)   Post Evacuate Collection Set: 2.6ms
[2025-01-08T17:33:47.157+0000][162497.523s][info][gc,phases   ] GC(4915)   Other: 0.2ms
[2025-01-08T17:33:47.157+0000][162497.523s][info][gc,heap     ] GC(4915) Eden regions: 915->0(914)
[2025-01-08T17:33:47.157+0000][162497.523s][info][gc,heap     ] GC(4915) Survivor regions: 6->7(116)
[2025-01-08T17:33:47.157+0000][162497.523s][info][gc,heap     ] GC(4915) Old regions: 235->235
[2025-01-08T17:33:47.157+0000][162497.523s][info][gc,heap     ] GC(4915) Archive regions: 2->2
[2025-01-08T17:33:47.157+0000][162497.523s][info][gc,heap     ] GC(4915) Humongous regions: 49->49
[2025-01-08T17:33:47.157+0000][162497.523s][info][gc,metaspace] GC(4915) Metaspace: 506411K(515200K)->506411K(515200K) NonClass: 444852K(449216K)->444852K(449216K) Class: 61559K(65984K)->61559K(65984K)
[2025-01-08T17:33:47.157+0000][162497.523s][info][gc          ] GC(4915) Pause Young (Normal) (G1 Evacuation Pause) 9646M->2330M(12288M) 25.823ms
[2025-01-08T17:33:47.157+0000][162497.523s][info][gc,cpu      ] GC(4915) User=0.15s Sys=0.00s Real=0.02s
[2025-01-08T17:33:56.988+0000][162507.354s][info][gc,start    ] GC(4916) Pause Young (Concurrent Start) (G1 Evacuation Pause)
[2025-01-08T17:33:56.988+0000][162507.354s][info][gc,task     ] GC(4916) Using 6 workers of 6 for evacuation
[2025-01-08T17:33:57.023+0000][162507.389s][info][gc,phases   ] GC(4916)   Pre Evacuate Collection Set: 1.1ms
[2025-01-08T17:33:57.023+0000][162507.389s][info][gc,phases   ] GC(4916)   Merge Heap Roots: 0.5ms
[2025-01-08T17:33:57.023+0000][162507.389s][info][gc,phases   ] GC(4916)   Evacuate Collection Set: 31.0ms
[2025-01-08T17:33:57.023+0000][162507.389s][info][gc,phases   ] GC(4916)   Post Evacuate Collection Set: 2.8ms
[2025-01-08T17:33:57.023+0000][162507.389s][info][gc,phases   ] GC(4916)   Other: 0.3ms
[2025-01-08T17:33:57.023+0000][162507.389s][info][gc,heap     ] GC(4916) Eden regions: 914->0(911)
[2025-01-08T17:33:57.023+0000][162507.389s][info][gc,heap     ] GC(4916) Survivor regions: 7->10(116)
[2025-01-08T17:33:57.023+0000][162507.389s][info][gc,heap     ] GC(4916) Old regions: 235->235
[2025-01-08T17:33:57.023+0000][162507.389s][info][gc,heap     ] GC(4916) Archive regions: 2->2
[2025-01-08T17:33:57.023+0000][162507.389s][info][gc,heap     ] GC(4916) Humongous regions: 49->49
[2025-01-08T17:33:57.023+0000][162507.389s][info][gc,metaspace] GC(4916) Metaspace: 506411K(515200K)->506411K(515200K) NonClass: 444852K(449216K)->444852K(449216K) Class: 61559K(65984K)->61559K(65984K)
[2025-01-08T17:33:57.023+0000][162507.389s][info][gc          ] GC(4916) Pause Young (Concurrent Start) (G1 Evacuation Pause) 9642M->2358M(12288M) 35.699ms
[2025-01-08T17:33:57.023+0000][162507.389s][info][gc,cpu      ] GC(4916) User=0.21s Sys=0.00s Real=0.04s
[2025-01-08T17:33:57.023+0000][162507.390s][info][gc          ] GC(4917) Concurrent Mark Cycle
[2025-01-08T17:33:57.023+0000][162507.390s][info][gc,marking  ] GC(4917) Concurrent Clear Claimed Marks
[2025-01-08T17:33:57.024+0000][162507.390s][info][gc,marking  ] GC(4917) Concurrent Clear Claimed Marks 0.855ms
[2025-01-08T17:33:57.024+0000][162507.390s][info][gc,marking  ] GC(4917) Concurrent Scan Root Regions
[2025-01-08T17:33:57.047+0000][162507.413s][info][gc,marking  ] GC(4917) Concurrent Scan Root Regions 22.856ms
[2025-01-08T17:33:57.047+0000][162507.413s][info][gc,marking  ] GC(4917) Concurrent Mark
[2025-01-08T17:33:57.047+0000][162507.413s][info][gc,marking  ] GC(4917) Concurrent Mark From Roots
[2025-01-08T17:33:57.047+0000][162507.413s][info][gc,task     ] GC(4917) Using 2 workers of 2 for marking
[2025-01-08T17:33:57.853+0000][162508.219s][info][gc,marking  ] GC(4917) Concurrent Mark From Roots 806.139ms
[2025-01-08T17:33:57.853+0000][162508.219s][info][gc,marking  ] GC(4917) Concurrent Preclean
[2025-01-08T17:33:57.856+0000][162508.222s][info][gc,marking  ] GC(4917) Concurrent Preclean 2.537ms
[2025-01-08T17:33:57.857+0000][162508.223s][info][gc,start    ] GC(4917) Pause Remark
[2025-01-08T17:33:57.883+0000][162508.249s][info][gc          ] GC(4917) Pause Remark 2742M->2742M(12288M) 25.918ms
[2025-01-08T17:33:57.883+0000][162508.249s][info][gc,cpu      ] GC(4917) User=0.15s Sys=0.00s Real=0.03s
[2025-01-08T17:33:57.883+0000][162508.249s][info][gc,marking  ] GC(4917) Concurrent Mark 835.836ms
[2025-01-08T17:33:57.883+0000][162508.249s][info][gc,marking  ] GC(4917) Concurrent Rebuild Remembered Sets
[2025-01-08T17:33:58.431+0000][162508.797s][info][gc,marking  ] GC(4917) Concurrent Rebuild Remembered Sets 548.270ms
[2025-01-08T17:33:58.431+0000][162508.798s][info][gc,start    ] GC(4917) Pause Cleanup
[2025-01-08T17:33:58.432+0000][162508.798s][info][gc          ] GC(4917) Pause Cleanup 3010M->3010M(12288M) 0.426ms
[2025-01-08T17:33:58.432+0000][162508.798s][info][gc,cpu      ] GC(4917) User=0.00s Sys=0.00s Real=0.00s
[2025-01-08T17:33:58.432+0000][162508.798s][info][gc,marking  ] GC(4917) Concurrent Cleanup for Next Mark
[2025-01-08T17:33:58.448+0000][162508.814s][info][gc,marking  ] GC(4917) Concurrent Cleanup for Next Mark 15.703ms
[2025-01-08T17:33:58.448+0000][162508.814s][info][gc          ] GC(4917) Concurrent Mark Cycle 1424.320ms
[2025-01-08T17:34:05.415+0000][162515.781s][info][gc,start    ] GC(4918) Pause Young (Prepare Mixed) (G1 Evacuation Pause)
[2025-01-08T17:34:05.415+0000][162515.781s][info][gc,task     ] GC(4918) Using 6 workers of 6 for evacuation
[2025-01-08T17:34:05.449+0000][162515.815s][info][gc,phases   ] GC(4918)   Pre Evacuate Collection Set: 0.2ms
[2025-01-08T17:34:05.449+0000][162515.815s][info][gc,phases   ] GC(4918)   Merge Heap Roots: 0.7ms
[2025-01-08T17:34:05.449+0000][162515.815s][info][gc,phases   ] GC(4918)   Evacuate Collection Set: 30.4ms
[2025-01-08T17:34:05.449+0000][162515.815s][info][gc,phases   ] GC(4918)   Post Evacuate Collection Set: 2.5ms
[2025-01-08T17:34:05.449+0000][162515.815s][info][gc,phases   ] GC(4918)   Other: 0.2ms
[2025-01-08T17:34:05.449+0000][162515.815s][info][gc,heap     ] GC(4918) Eden regions: 911->0(65)
[2025-01-08T17:34:05.449+0000][162515.815s][info][gc,heap     ] GC(4918) Survivor regions: 10->11(116)
[2025-01-08T17:34:05.449+0000][162515.815s][info][gc,heap     ] GC(4918) Old regions: 235->235
[2025-01-08T17:34:05.449+0000][162515.815s][info][gc,heap     ] GC(4918) Archive regions: 2->2
[2025-01-08T17:34:05.449+0000][162515.815s][info][gc,heap     ] GC(4918) Humongous regions: 49->49
[2025-01-08T17:34:05.449+0000][162515.815s][info][gc,metaspace] GC(4918) Metaspace: 506411K(515200K)->506411K(515200K) NonClass: 444852K(449216K)->444852K(449216K) Class: 61559K(65984K)->61559K(65984K)
[2025-01-08T17:34:05.449+0000][162515.815s][info][gc          ] GC(4918) Pause Young (Prepare Mixed) (G1 Evacuation Pause) 9646M->2361M(12288M) 34.126ms
[2025-01-08T17:34:05.449+0000][162515.815s][info][gc,cpu      ] GC(4918) User=0.20s Sys=0.00s Real=0.03s
[2025-01-08T17:34:05.779+0000][162516.145s][info][gc,start    ] GC(4919) Pause Young (Mixed) (G1 Evacuation Pause)
[2025-01-08T17:34:05.779+0000][162516.145s][info][gc,task     ] GC(4919) Using 6 workers of 6 for evacuation
[2025-01-08T17:34:05.838+0000][162516.205s][info][gc,phases   ] GC(4919)   Pre Evacuate Collection Set: 0.2ms
[2025-01-08T17:34:05.838+0000][162516.205s][info][gc,phases   ] GC(4919)   Merge Heap Roots: 0.6ms
[2025-01-08T17:34:05.838+0000][162516.205s][info][gc,phases   ] GC(4919)   Evacuate Collection Set: 56.7ms
[2025-01-08T17:34:05.838+0000][162516.205s][info][gc,phases   ] GC(4919)   Post Evacuate Collection Set: 1.7ms
[2025-01-08T17:34:05.838+0000][162516.205s][info][gc,phases   ] GC(4919)   Other: 0.2ms
[2025-01-08T17:34:05.839+0000][162516.205s][info][gc,heap     ] GC(4919) Eden regions: 65->0(915)
[2025-01-08T17:34:05.839+0000][162516.205s][info][gc,heap     ] GC(4919) Survivor regions: 11->6(10)
[2025-01-08T17:34:05.839+0000][162516.205s][info][gc,heap     ] GC(4919) Old regions: 235->235
[2025-01-08T17:34:05.839+0000][162516.205s][info][gc,heap     ] GC(4919) Archive regions: 2->2
[2025-01-08T17:34:05.839+0000][162516.205s][info][gc,heap     ] GC(4919) Humongous regions: 49->49
[2025-01-08T17:34:05.839+0000][162516.205s][info][gc,metaspace] GC(4919) Metaspace: 506411K(515200K)->506411K(515200K) NonClass: 444852K(449216K)->444852K(449216K) Class: 61559K(65984K)->61559K(65984K)
[2025-01-08T17:34:05.839+0000][162516.205s][info][gc          ] GC(4919) Pause Young (Mixed) (G1 Evacuation Pause) 2881M->2322M(12288M) 59.445ms
[2025-01-08T17:34:05.839+0000][162516.205s][info][gc,cpu      ] GC(4919) User=0.35s Sys=0.00s Real=0.06s
[2025-01-08T17:34:11.308+0000][162521.674s][info][gc,start    ] GC(4920) Pause Young (Normal) (G1 Evacuation Pause)
[2025-01-08T17:34:11.308+0000][162521.674s][info][gc,task     ] GC(4920) Using 6 workers of 6 for evacuation
[2025-01-08T17:34:11.332+0000][162521.698s][info][gc,phases   ] GC(4920)   Pre Evacuate Collection Set: 0.2ms
[2025-01-08T17:34:11.332+0000][162521.698s][info][gc,phases   ] GC(4920)   Merge Heap Roots: 0.4ms
[2025-01-08T17:34:11.332+0000][162521.698s][info][gc,phases   ] GC(4920)   Evacuate Collection Set: 20.8ms
[2025-01-08T17:34:11.332+0000][162521.698s][info][gc,phases   ] GC(4920)   Post Evacuate Collection Set: 2.3ms
[2025-01-08T17:34:11.332+0000][162521.698s][info][gc,phases   ] GC(4920)   Other: 0.2ms
[2025-01-08T17:34:11.332+0000][162521.698s][info][gc,heap     ] GC(4920) Eden regions: 915->0(914)
[2025-01-08T17:34:11.332+0000][162521.698s][info][gc,heap     ] GC(4920) Survivor regions: 6->7(116)
[2025-01-08T17:34:11.332+0000][162521.698s][info][gc,heap     ] GC(4920) Old regions: 235->235
[2025-01-08T17:34:11.332+0000][162521.698s][info][gc,heap     ] GC(4920) Archive regions: 2->2
[2025-01-08T17:34:11.332+0000][162521.698s][info][gc,heap     ] GC(4920) Humongous regions: 49->49
[2025-01-08T17:34:11.332+0000][162521.698s][info][gc,metaspace] GC(4920) Metaspace: 506411K(515200K)->506411K(515200K) NonClass: 444852K(449216K)->444852K(449216K) Class: 61559K(65984K)->61559K(65984K)
[2025-01-08T17:34:11.332+0000][162521.698s][info][gc          ] GC(4920) Pause Young (Normal) (G1 Evacuation Pause) 9642M->2325M(12288M) 23.964ms
[2025-01-08T17:34:11.332+0000][162521.698s][info][gc,cpu      ] GC(4920) User=0.14s Sys=0.00s Real=0.03s
[2025-01-08T17:34:16.276+0000][162526.642s][info][gc,start    ] GC(4921) Pause Young (Normal) (G1 Evacuation Pause)
[2025-01-08T17:34:16.276+0000][162526.642s][info][gc,task     ] GC(4921) Using 6 workers of 6 for evacuation
[2025-01-08T17:34:16.302+0000][162526.668s][info][gc,phases   ] GC(4921)   Pre Evacuate Collection Set: 0.2ms
[2025-01-08T17:34:16.302+0000][162526.668s][info][gc,phases   ] GC(4921)   Merge Heap Roots: 0.4ms
[2025-01-08T17:34:16.302+0000][162526.668s][info][gc,phases   ] GC(4921)   Evacuate Collection Set: 22.4ms
[2025-01-08T17:34:16.302+0000][162526.668s][info][gc,phases   ] GC(4921)   Post Evacuate Collection Set: 2.3ms
[2025-01-08T17:34:16.302+0000][162526.668s][info][gc,phases   ] GC(4921)   Other: 0.2ms
[2025-01-08T17:34:16.302+0000][162526.668s][info][gc,heap     ] GC(4921) Eden regions: 914->0(914)
[2025-01-08T17:34:16.302+0000][162526.668s][info][gc,heap     ] GC(4921) Survivor regions: 7->7(116)
[2025-01-08T17:34:16.302+0000][162526.668s][info][gc,heap     ] GC(4921) Old regions: 235->235
[2025-01-08T17:34:16.302+0000][162526.668s][info][gc,heap     ] GC(4921) Archive regions: 2->2
[2025-01-08T17:34:16.302+0000][162526.668s][info][gc,heap     ] GC(4921) Humongous regions: 49->49
[2025-01-08T17:34:16.302+0000][162526.668s][info][gc,metaspace] GC(4921) Metaspace: 506411K(515200K)->506411K(515200K) NonClass: 444852K(449216K)->444852K(449216K) Class: 61559K(65984K)->61559K(65984K)
[2025-01-08T17:34:16.302+0000][162526.668s][info][gc          ] GC(4921) Pause Young (Normal) (G1 Evacuation Pause) 9637M->2328M(12288M) 25.707ms
[2025-01-08T17:34:16.302+0000][162526.668s][info][gc,cpu      ] GC(4921) User=0.15s Sys=0.00s Real=0.03s
[2025-01-08T17:34:21.491+0000][162531.857s][info][gc,start    ] GC(4922) Pause Young (Concurrent Start) (G1 Evacuation Pause)
[2025-01-08T17:34:21.491+0000][162531.857s][info][gc,task     ] GC(4922) Using 6 workers of 6 for evacuation
[2025-01-08T17:34:21.523+0000][162531.889s][info][gc,phases   ] GC(4922)   Pre Evacuate Collection Set: 1.1ms
[2025-01-08T17:34:21.523+0000][162531.889s][info][gc,phases   ] GC(4922)   Merge Heap Roots: 0.4ms
[2025-01-08T17:34:21.523+0000][162531.889s][info][gc,phases   ] GC(4922)   Evacuate Collection Set: 24.6ms
[2025-01-08T17:34:21.523+0000][162531.889s][info][gc,phases   ] GC(4922)   Post Evacuate Collection Set: 5.2ms
[2025-01-08T17:34:21.523+0000][162531.889s][info][gc,phases   ] GC(4922)   Other: 0.3ms
[2025-01-08T17:34:21.523+0000][162531.889s][info][gc,heap     ] GC(4922) Eden regions: 914->0(912)
[2025-01-08T17:34:21.523+0000][162531.889s][info][gc,heap     ] GC(4922) Survivor regions: 7->9(116)
[2025-01-08T17:34:21.523+0000][162531.889s][info][gc,heap     ] GC(4922) Old regions: 235->235
[2025-01-08T17:34:21.523+0000][162531.889s][info][gc,heap     ] GC(4922) Archive regions: 2->2
[2025-01-08T17:34:21.523+0000][162531.889s][info][gc,heap     ] GC(4922) Humongous regions: 49->49
[2025-01-08T17:34:21.523+0000][162531.889s][info][gc,metaspace] GC(4922) Metaspace: 506411K(515200K)->506411K(515200K) NonClass: 444852K(449216K)->444852K(449216K) Class: 61559K(65984K)->61559K(65984K)
[2025-01-08T17:34:21.523+0000][162531.889s][info][gc          ] GC(4922) Pause Young (Concurrent Start) (G1 Evacuation Pause) 9640M->2345M(12288M) 31.635ms
[2025-01-08T17:34:21.523+0000][162531.889s][info][gc,cpu      ] GC(4922) User=0.18s Sys=0.00s Real=0.03s
[2025-01-08T17:34:21.523+0000][162531.889s][info][gc          ] GC(4923) Concurrent Mark Cycle
[2025-01-08T17:34:21.523+0000][162531.889s][info][gc,marking  ] GC(4923) Concurrent Clear Claimed Marks
[2025-01-08T17:34:21.524+0000][162531.890s][info][gc,marking  ] GC(4923) Concurrent Clear Claimed Marks 0.836ms
[2025-01-08T17:34:21.524+0000][162531.890s][info][gc,marking  ] GC(4923) Concurrent Scan Root Regions
[2025-01-08T17:34:21.546+0000][162531.912s][info][gc,marking  ] GC(4923) Concurrent Scan Root Regions 22.259ms
[2025-01-08T17:34:21.546+0000][162531.912s][info][gc,marking  ] GC(4923) Concurrent Mark
[2025-01-08T17:34:21.546+0000][162531.912s][info][gc,marking  ] GC(4923) Concurrent Mark From Roots
[2025-01-08T17:34:21.546+0000][162531.912s][info][gc,task     ] GC(4923) Using 2 workers of 2 for marking
[2025-01-08T17:34:22.624+0000][162532.991s][info][gc,marking  ] GC(4923) Concurrent Mark From Roots 1078.193ms
[2025-01-08T17:34:22.624+0000][162532.991s][info][gc,marking  ] GC(4923) Concurrent Preclean
[2025-01-08T17:34:22.628+0000][162532.994s][info][gc,marking  ] GC(4923) Concurrent Preclean 3.473ms
[2025-01-08T17:34:22.628+0000][162532.994s][info][gc,start    ] GC(4923) Pause Remark
[2025-01-08T17:34:22.654+0000][162533.020s][info][gc          ] GC(4923) Pause Remark 3841M->3841M(12288M) 26.071ms
[2025-01-08T17:34:22.654+0000][162533.020s][info][gc,cpu      ] GC(4923) User=0.15s Sys=0.00s Real=0.03s
[2025-01-08T17:34:22.654+0000][162533.020s][info][gc,marking  ] GC(4923) Concurrent Mark 1108.144ms
[2025-01-08T17:34:22.654+0000][162533.021s][info][gc,marking  ] GC(4923) Concurrent Rebuild Remembered Sets
[2025-01-08T17:34:23.228+0000][162533.594s][info][gc,marking  ] GC(4923) Concurrent Rebuild Remembered Sets 573.396ms
[2025-01-08T17:34:23.228+0000][162533.594s][info][gc,start    ] GC(4923) Pause Cleanup
[2025-01-08T17:34:23.228+0000][162533.594s][info][gc          ] GC(4923) Pause Cleanup 4497M->4497M(12288M) 0.402ms
[2025-01-08T17:34:23.228+0000][162533.594s][info][gc,cpu      ] GC(4923) User=0.00s Sys=0.00s Real=0.00s
[2025-01-08T17:34:23.228+0000][162533.595s][info][gc,marking  ] GC(4923) Concurrent Cleanup for Next Mark
[2025-01-08T17:34:23.256+0000][162533.622s][info][gc,marking  ] GC(4923) Concurrent Cleanup for Next Mark 27.850ms
[2025-01-08T17:34:23.256+0000][162533.622s][info][gc          ] GC(4923) Concurrent Mark Cycle 1733.259ms
[2025-01-08T17:34:26.534+0000][162536.900s][info][gc,start    ] GC(4924) Pause Young (Prepare Mixed) (G1 Evacuation Pause)
[2025-01-08T17:34:26.534+0000][162536.900s][info][gc,task     ] GC(4924) Using 6 workers of 6 for evacuation
[2025-01-08T17:34:26.566+0000][162536.932s][info][gc,phases   ] GC(4924)   Pre Evacuate Collection Set: 0.2ms
[2025-01-08T17:34:26.566+0000][162536.932s][info][gc,phases   ] GC(4924)   Merge Heap Roots: 0.6ms
[2025-01-08T17:34:26.566+0000][162536.932s][info][gc,phases   ] GC(4924)   Evacuate Collection Set: 28.5ms
[2025-01-08T17:34:26.566+0000][162536.932s][info][gc,phases   ] GC(4924)   Post Evacuate Collection Set: 2.5ms
[2025-01-08T17:34:26.566+0000][162536.932s][info][gc,phases   ] GC(4924)   Other: 0.2ms
[2025-01-08T17:34:26.566+0000][162536.932s][info][gc,heap     ] GC(4924) Eden regions: 912->0(67)
[2025-01-08T17:34:26.566+0000][162536.932s][info][gc,heap     ] GC(4924) Survivor regions: 9->9(116)
[2025-01-08T17:34:26.566+0000][162536.932s][info][gc,heap     ] GC(4924) Old regions: 235->235
[2025-01-08T17:34:26.566+0000][162536.933s][info][gc,heap     ] GC(4924) Archive regions: 2->2
[2025-01-08T17:34:26.566+0000][162536.933s][info][gc,heap     ] GC(4924) Humongous regions: 49->49
[2025-01-08T17:34:26.566+0000][162536.933s][info][gc,metaspace] GC(4924) Metaspace: 506411K(515200K)->506411K(515200K) NonClass: 444852K(449216K)->444852K(449216K) Class: 61559K(65984K)->61559K(65984K)
[2025-01-08T17:34:26.566+0000][162536.933s][info][gc          ] GC(4924) Pause Young (Prepare Mixed) (G1 Evacuation Pause) 9641M->2343M(12288M) 32.162ms
[2025-01-08T17:34:26.566+0000][162536.933s][info][gc,cpu      ] GC(4924) User=0.19s Sys=0.00s Real=0.03s
[2025-01-08T17:34:26.884+0000][162537.250s][info][gc,start    ] GC(4925) Pause Young (Mixed) (G1 Evacuation Pause)
[2025-01-08T17:34:26.884+0000][162537.250s][info][gc,task     ] GC(4925) Using 6 workers of 6 for evacuation
[2025-01-08T17:34:26.946+0000][162537.312s][info][gc,phases   ] GC(4925)   Pre Evacuate Collection Set: 0.2ms
[2025-01-08T17:34:26.946+0000][162537.312s][info][gc,phases   ] GC(4925)   Merge Heap Roots: 0.6ms
[2025-01-08T17:34:26.946+0000][162537.312s][info][gc,phases   ] GC(4925)   Evacuate Collection Set: 59.8ms
[2025-01-08T17:34:26.946+0000][162537.312s][info][gc,phases   ] GC(4925)   Post Evacuate Collection Set: 1.9ms
[2025-01-08T17:34:26.946+0000][162537.312s][info][gc,phases   ] GC(4925)   Other: 0.2ms
[2025-01-08T17:34:26.946+0000][162537.312s][info][gc,heap     ] GC(4925) Eden regions: 67->0(915)
[2025-01-08T17:34:26.946+0000][162537.312s][info][gc,heap     ] GC(4925) Survivor regions: 9->6(10)
[2025-01-08T17:34:26.946+0000][162537.312s][info][gc,heap     ] GC(4925) Old regions: 235->235
[2025-01-08T17:34:26.946+0000][162537.312s][info][gc,heap     ] GC(4925) Archive regions: 2->2
[2025-01-08T17:34:26.946+0000][162537.312s][info][gc,heap     ] GC(4925) Humongous regions: 49->49
[2025-01-08T17:34:26.946+0000][162537.312s][info][gc,metaspace] GC(4925) Metaspace: 506411K(515200K)->506411K(515200K) NonClass: 444852K(449216K)->444852K(449216K) Class: 61559K(65984K)->61559K(65984K)
[2025-01-08T17:34:26.946+0000][162537.312s][info][gc          ] GC(4925) Pause Young (Mixed) (G1 Evacuation Pause) 2879M->2316M(12288M) 62.743ms
[2025-01-08T17:34:26.946+0000][162537.312s][info][gc,cpu      ] GC(4925) User=0.36s Sys=0.00s Real=0.06s
[2025-01-08T17:34:30.900+0000][162541.266s][info][gc,start    ] GC(4926) Pause Young (Normal) (G1 Evacuation Pause)
[2025-01-08T17:34:30.900+0000][162541.266s][info][gc,task     ] GC(4926) Using 6 workers of 6 for evacuation
[2025-01-08T17:34:30.924+0000][162541.290s][info][gc,phases   ] GC(4926)   Pre Evacuate Collection Set: 0.2ms
[2025-01-08T17:34:30.924+0000][162541.290s][info][gc,phases   ] GC(4926)   Merge Heap Roots: 0.4ms
[2025-01-08T17:34:30.924+0000][162541.290s][info][gc,phases   ] GC(4926)   Evacuate Collection Set: 21.3ms
[2025-01-08T17:34:30.924+0000][162541.290s][info][gc,phases   ] GC(4926)   Post Evacuate Collection Set: 2.4ms
[2025-01-08T17:34:30.924+0000][162541.291s][info][gc,phases   ] GC(4926)   Other: 0.2ms
[2025-01-08T17:34:30.924+0000][162541.291s][info][gc,heap     ] GC(4926) Eden regions: 915->0(915)
[2025-01-08T17:34:30.924+0000][162541.291s][info][gc,heap     ] GC(4926) Survivor regions: 6->6(116)
[2025-01-08T17:34:30.924+0000][162541.291s][info][gc,heap     ] GC(4926) Old regions: 235->235
[2025-01-08T17:34:30.924+0000][162541.291s][info][gc,heap     ] GC(4926) Archive regions: 2->2
[2025-01-08T17:34:30.924+0000][162541.291s][info][gc,heap     ] GC(4926) Humongous regions: 49->49
[2025-01-08T17:34:30.924+0000][162541.291s][info][gc,metaspace] GC(4926) Metaspace: 506411K(515200K)->506411K(515200K) NonClass: 444852K(449216K)->444852K(449216K) Class: 61559K(65984K)->61559K(65984K)
[2025-01-08T17:34:30.924+0000][162541.291s][info][gc          ] GC(4926) Pause Young (Normal) (G1 Evacuation Pause) 9636M->2316M(12288M) 24.636ms
[2025-01-08T17:34:30.925+0000][162541.291s][info][gc,cpu      ] GC(4926) User=0.14s Sys=0.00s Real=0.03s
[2025-01-08T17:34:35.378+0000][162545.744s][info][gc,start    ] GC(4927) Pause Young (Normal) (G1 Evacuation Pause)
[2025-01-08T17:34:35.378+0000][162545.744s][info][gc,task     ] GC(4927) Using 6 workers of 6 for evacuation
[2025-01-08T17:34:35.404+0000][162545.770s][info][gc,phases   ] GC(4927)   Pre Evacuate Collection Set: 0.2ms
[2025-01-08T17:34:35.404+0000][162545.770s][info][gc,phases   ] GC(4927)   Merge Heap Roots: 0.4ms
[2025-01-08T17:34:35.404+0000][162545.770s][info][gc,phases   ] GC(4927)   Evacuate Collection Set: 21.3ms
[2025-01-08T17:34:35.404+0000][162545.770s][info][gc,phases   ] GC(4927)   Post Evacuate Collection Set: 3.8ms
[2025-01-08T17:34:35.404+0000][162545.770s][info][gc,phases   ] GC(4927)   Other: 0.2ms
[2025-01-08T17:34:35.404+0000][162545.770s][info][gc,heap     ] GC(4927) Eden regions: 915->0(914)
[2025-01-08T17:34:35.404+0000][162545.770s][info][gc,heap     ] GC(4927) Survivor regions: 6->7(116)
[2025-01-08T17:34:35.404+0000][162545.770s][info][gc,heap     ] GC(4927) Old regions: 235->235
[2025-01-08T17:34:35.404+0000][162545.770s][info][gc,heap     ] GC(4927) Archive regions: 2->2
[2025-01-08T17:34:35.404+0000][162545.770s][info][gc,heap     ] GC(4927) Humongous regions: 49->49
[2025-01-08T17:34:35.404+0000][162545.770s][info][gc,metaspace] GC(4927) Metaspace: 506411K(515200K)->506411K(515200K) NonClass: 444852K(449216K)->444852K(449216K) Class: 61559K(65984K)->61559K(65984K)
[2025-01-08T17:34:35.404+0000][162545.770s][info][gc          ] GC(4927) Pause Young (Normal) (G1 Evacuation Pause) 9636M->2325M(12288M) 25.967ms
[2025-01-08T17:34:35.404+0000][162545.770s][info][gc,cpu      ] GC(4927) User=0.15s Sys=0.00s Real=0.03s
[2025-01-08T17:34:44.509+0000][162554.875s][info][gc,start    ] GC(4928) Pause Young (Concurrent Start) (G1 Evacuation Pause)
[2025-01-08T17:34:44.509+0000][162554.875s][info][gc,task     ] GC(4928) Using 6 workers of 6 for evacuation
[2025-01-08T17:34:44.540+0000][162554.906s][info][gc,phases   ] GC(4928)   Pre Evacuate Collection Set: 1.1ms
[2025-01-08T17:34:44.540+0000][162554.906s][info][gc,phases   ] GC(4928)   Merge Heap Roots: 0.5ms
[2025-01-08T17:34:44.540+0000][162554.906s][info][gc,phases   ] GC(4928)   Evacuate Collection Set: 26.2ms
[2025-01-08T17:34:44.540+0000][162554.906s][info][gc,phases   ] GC(4928)   Post Evacuate Collection Set: 2.6ms
[2025-01-08T17:34:44.540+0000][162554.906s][info][gc,phases   ] GC(4928)   Other: 0.3ms
[2025-01-08T17:34:44.540+0000][162554.906s][info][gc,heap     ] GC(4928) Eden regions: 914->0(914)
[2025-01-08T17:34:44.540+0000][162554.906s][info][gc,heap     ] GC(4928) Survivor regions: 7->7(116)
[2025-01-08T17:34:44.540+0000][162554.906s][info][gc,heap     ] GC(4928) Old regions: 235->235
[2025-01-08T17:34:44.540+0000][162554.906s][info][gc,heap     ] GC(4928) Archive regions: 2->2
[2025-01-08T17:34:44.540+0000][162554.906s][info][gc,heap     ] GC(4928) Humongous regions: 49->49
[2025-01-08T17:34:44.540+0000][162554.906s][info][gc,metaspace] GC(4928) Metaspace: 506411K(515200K)->506411K(515200K) NonClass: 444852K(449216K)->444852K(449216K) Class: 61559K(65984K)->61559K(65984K)
[2025-01-08T17:34:44.540+0000][162554.906s][info][gc          ] GC(4928) Pause Young (Concurrent Start) (G1 Evacuation Pause) 9637M->2327M(12288M) 30.752ms
[2025-01-08T17:34:44.540+0000][162554.906s][info][gc,cpu      ] GC(4928) User=0.17s Sys=0.00s Real=0.03s
[2025-01-08T17:34:44.540+0000][162554.906s][info][gc          ] GC(4929) Concurrent Mark Cycle
[2025-01-08T17:34:44.540+0000][162554.906s][info][gc,marking  ] GC(4929) Concurrent Clear Claimed Marks
[2025-01-08T17:34:44.541+0000][162554.907s][info][gc,marking  ] GC(4929) Concurrent Clear Claimed Marks 0.899ms
[2025-01-08T17:34:44.541+0000][162554.907s][info][gc,marking  ] GC(4929) Concurrent Scan Root Regions
[2025-01-08T17:34:44.565+0000][162554.931s][info][gc,marking  ] GC(4929) Concurrent Scan Root Regions 24.014ms
[2025-01-08T17:34:44.565+0000][162554.931s][info][gc,marking  ] GC(4929) Concurrent Mark
[2025-01-08T17:34:44.565+0000][162554.931s][info][gc,marking  ] GC(4929) Concurrent Mark From Roots
[2025-01-08T17:34:44.565+0000][162554.931s][info][gc,task     ] GC(4929) Using 2 workers of 2 for marking
[2025-01-08T17:34:45.396+0000][162555.762s][info][gc,marking  ] GC(4929) Concurrent Mark From Roots 831.139ms
[2025-01-08T17:34:45.396+0000][162555.762s][info][gc,marking  ] GC(4929) Concurrent Preclean
[2025-01-08T17:34:45.399+0000][162555.765s][info][gc,marking  ] GC(4929) Concurrent Preclean 2.635ms
[2025-01-08T17:34:45.399+0000][162555.765s][info][gc,start    ] GC(4929) Pause Remark
[2025-01-08T17:34:45.426+0000][162555.792s][info][gc          ] GC(4929) Pause Remark 2660M->2660M(12288M) 26.620ms
[2025-01-08T17:34:45.426+0000][162555.792s][info][gc,cpu      ] GC(4929) User=0.15s Sys=0.00s Real=0.03s
[2025-01-08T17:34:45.426+0000][162555.792s][info][gc,marking  ] GC(4929) Concurrent Mark 860.728ms
[2025-01-08T17:34:45.426+0000][162555.792s][info][gc,marking  ] GC(4929) Concurrent Rebuild Remembered Sets
[2025-01-08T17:34:45.968+0000][162556.335s][info][gc,marking  ] GC(4929) Concurrent Rebuild Remembered Sets 542.761ms
[2025-01-08T17:34:45.969+0000][162556.335s][info][gc,start    ] GC(4929) Pause Cleanup
[2025-01-08T17:34:45.969+0000][162556.335s][info][gc          ] GC(4929) Pause Cleanup 2959M->2959M(12288M) 0.393ms
[2025-01-08T17:34:45.969+0000][162556.335s][info][gc,cpu      ] GC(4929) User=0.00s Sys=0.00s Real=0.00s
[2025-01-08T17:34:45.969+0000][162556.335s][info][gc,marking  ] GC(4929) Concurrent Cleanup for Next Mark
[2025-01-08T17:34:45.985+0000][162556.351s][info][gc,marking  ] GC(4929) Concurrent Cleanup for Next Mark 15.910ms
[2025-01-08T17:34:45.985+0000][162556.351s][info][gc          ] GC(4929) Concurrent Mark Cycle 1445.126ms
[2025-01-08T17:34:54.355+0000][162564.721s][info][gc,start    ] GC(4930) Pause Young (Prepare Mixed) (G1 Evacuation Pause)
[2025-01-08T17:34:54.355+0000][162564.721s][info][gc,task     ] GC(4930) Using 6 workers of 6 for evacuation
[2025-01-08T17:34:54.390+0000][162564.756s][info][gc,phases   ] GC(4930)   Pre Evacuate Collection Set: 0.2ms
[2025-01-08T17:34:54.390+0000][162564.756s][info][gc,phases   ] GC(4930)   Merge Heap Roots: 0.7ms
[2025-01-08T17:34:54.390+0000][162564.756s][info][gc,phases   ] GC(4930)   Evacuate Collection Set: 30.8ms
[2025-01-08T17:34:54.390+0000][162564.756s][info][gc,phases   ] GC(4930)   Post Evacuate Collection Set: 2.7ms
[2025-01-08T17:34:54.390+0000][162564.756s][info][gc,phases   ] GC(4930)   Other: 0.2ms
[2025-01-08T17:34:54.390+0000][162564.756s][info][gc,heap     ] GC(4930) Eden regions: 914->0(67)
[2025-01-08T17:34:54.390+0000][162564.756s][info][gc,heap     ] GC(4930) Survivor regions: 7->9(116)
[2025-01-08T17:34:54.390+0000][162564.756s][info][gc,heap     ] GC(4930) Old regions: 235->235
[2025-01-08T17:34:54.390+0000][162564.756s][info][gc,heap     ] GC(4930) Archive regions: 2->2
[2025-01-08T17:34:54.390+0000][162564.756s][info][gc,heap     ] GC(4930) Humongous regions: 49->49
[2025-01-08T17:34:54.390+0000][162564.756s][info][gc,metaspace] GC(4930) Metaspace: 506411K(515200K)->506411K(515200K) NonClass: 444852K(449216K)->444852K(449216K) Class: 61559K(65984K)->61559K(65984K)
[2025-01-08T17:34:54.390+0000][162564.756s][info][gc          ] GC(4930) Pause Young (Prepare Mixed) (G1 Evacuation Pause) 9639M->2343M(12288M) 34.706ms
[2025-01-08T17:34:54.390+0000][162564.756s][info][gc,cpu      ] GC(4930) User=0.19s Sys=0.00s Real=0.04s
[2025-01-08T17:34:54.958+0000][162565.324s][info][gc,start    ] GC(4931) Pause Young (Mixed) (G1 Evacuation Pause)
[2025-01-08T17:34:54.958+0000][162565.324s][info][gc,task     ] GC(4931) Using 6 workers of 6 for evacuation
[2025-01-08T17:34:55.020+0000][162565.386s][info][gc,phases   ] GC(4931)   Pre Evacuate Collection Set: 0.2ms
[2025-01-08T17:34:55.020+0000][162565.386s][info][gc,phases   ] GC(4931)   Merge Heap Roots: 0.7ms
[2025-01-08T17:34:55.020+0000][162565.386s][info][gc,phases   ] GC(4931)   Evacuate Collection Set: 59.2ms
[2025-01-08T17:34:55.020+0000][162565.386s][info][gc,phases   ] GC(4931)   Post Evacuate Collection Set: 1.8ms
[2025-01-08T17:34:55.020+0000][162565.386s][info][gc,phases   ] GC(4931)   Other: 0.2ms
[2025-01-08T17:34:55.020+0000][162565.386s][info][gc,heap     ] GC(4931) Eden regions: 67->0(915)
[2025-01-08T17:34:55.020+0000][162565.386s][info][gc,heap     ] GC(4931) Survivor regions: 9->6(10)
[2025-01-08T17:34:55.020+0000][162565.386s][info][gc,heap     ] GC(4931) Old regions: 235->235
[2025-01-08T17:34:55.020+0000][162565.386s][info][gc,heap     ] GC(4931) Archive regions: 2->2
[2025-01-08T17:34:55.020+0000][162565.386s][info][gc,heap     ] GC(4931) Humongous regions: 49->49
[2025-01-08T17:34:55.020+0000][162565.386s][info][gc,metaspace] GC(4931) Metaspace: 506411K(515200K)->506411K(515200K) NonClass: 444852K(449216K)->444852K(449216K) Class: 61559K(65984K)->61559K(65984K)
[2025-01-08T17:34:55.020+0000][162565.386s][info][gc          ] GC(4931) Pause Young (Mixed) (G1 Evacuation Pause) 2879M->2319M(12288M) 62.112ms
[2025-01-08T17:34:55.020+0000][162565.386s][info][gc,cpu      ] GC(4931) User=0.36s Sys=0.00s Real=0.06s
[2025-01-08T17:35:05.935+0000][162576.301s][info][gc,start    ] GC(4932) Pause Young (Normal) (G1 Evacuation Pause)
[2025-01-08T17:35:05.935+0000][162576.301s][info][gc,task     ] GC(4932) Using 6 workers of 6 for evacuation
[2025-01-08T17:35:05.965+0000][162576.331s][info][gc,phases   ] GC(4932)   Pre Evacuate Collection Set: 0.2ms
[2025-01-08T17:35:05.965+0000][162576.331s][info][gc,phases   ] GC(4932)   Merge Heap Roots: 0.5ms
[2025-01-08T17:35:05.965+0000][162576.331s][info][gc,phases   ] GC(4932)   Evacuate Collection Set: 26.7ms
[2025-01-08T17:35:05.965+0000][162576.331s][info][gc,phases   ] GC(4932)   Post Evacuate Collection Set: 2.5ms
[2025-01-08T17:35:05.965+0000][162576.331s][info][gc,phases   ] GC(4932)   Other: 0.2ms
[2025-01-08T17:35:05.965+0000][162576.331s][info][gc,heap     ] GC(4932) Eden regions: 915->0(915)
[2025-01-08T17:35:05.965+0000][162576.331s][info][gc,heap     ] GC(4932) Survivor regions: 6->6(116)
[2025-01-08T17:35:05.965+0000][162576.331s][info][gc,heap     ] GC(4932) Old regions: 235->235
[2025-01-08T17:35:05.965+0000][162576.331s][info][gc,heap     ] GC(4932) Archive regions: 2->2
[2025-01-08T17:35:05.965+0000][162576.331s][info][gc,heap     ] GC(4932) Humongous regions: 49->49
[2025-01-08T17:35:05.965+0000][162576.331s][info][gc,metaspace] GC(4932) Metaspace: 506411K(515200K)->506411K(515200K) NonClass: 444852K(449216K)->444852K(449216K) Class: 61559K(65984K)->61559K(65984K)
[2025-01-08T17:35:05.965+0000][162576.331s][info][gc          ] GC(4932) Pause Young (Normal) (G1 Evacuation Pause) 9639M->2317M(12288M) 30.204ms
[2025-01-08T17:35:05.965+0000][162576.331s][info][gc,cpu      ] GC(4932) User=0.17s Sys=0.00s Real=0.03s
[2025-01-08T17:35:15.569+0000][162585.935s][info][gc,start    ] GC(4933) Pause Young (Normal) (G1 Evacuation Pause)
[2025-01-08T17:35:15.569+0000][162585.935s][info][gc,task     ] GC(4933) Using 6 workers of 6 for evacuation
[2025-01-08T17:35:15.604+0000][162585.970s][info][gc,phases   ] GC(4933)   Pre Evacuate Collection Set: 0.2ms
[2025-01-08T17:35:15.604+0000][162585.970s][info][gc,phases   ] GC(4933)   Merge Heap Roots: 0.5ms
[2025-01-08T17:35:15.604+0000][162585.970s][info][gc,phases   ] GC(4933)   Evacuate Collection Set: 29.3ms
[2025-01-08T17:35:15.604+0000][162585.970s][info][gc,phases   ] GC(4933)   Post Evacuate Collection Set: 5.2ms
[2025-01-08T17:35:15.604+0000][162585.970s][info][gc,phases   ] GC(4933)   Other: 0.2ms
[2025-01-08T17:35:15.604+0000][162585.970s][info][gc,heap     ] GC(4933) Eden regions: 915->0(911)
[2025-01-08T17:35:15.604+0000][162585.970s][info][gc,heap     ] GC(4933) Survivor regions: 6->10(116)
[2025-01-08T17:35:15.604+0000][162585.970s][info][gc,heap     ] GC(4933) Old regions: 235->235
[2025-01-08T17:35:15.604+0000][162585.970s][info][gc,heap     ] GC(4933) Archive regions: 2->2
[2025-01-08T17:35:15.604+0000][162585.970s][info][gc,heap     ] GC(4933) Humongous regions: 49->49
[2025-01-08T17:35:15.604+0000][162585.970s][info][gc,metaspace] GC(4933) Metaspace: 506411K(515200K)->506411K(515200K) NonClass: 444852K(449216K)->444852K(449216K) Class: 61559K(65984K)->61559K(65984K)
[2025-01-08T17:35:15.604+0000][162585.970s][info][gc          ] GC(4933) Pause Young (Normal) (G1 Evacuation Pause) 9637M->2344M(12288M) 35.493ms
[2025-01-08T17:35:15.604+0000][162585.970s][info][gc,cpu      ] GC(4933) User=0.21s Sys=0.00s Real=0.04s
[2025-01-08T17:35:23.932+0000][162594.298s][info][gc,start    ] GC(4934) Pause Young (Concurrent Start) (G1 Evacuation Pause)
[2025-01-08T17:35:23.932+0000][162594.298s][info][gc,task     ] GC(4934) Using 6 workers of 6 for evacuation
[2025-01-08T17:35:23.977+0000][162594.343s][info][gc,phases   ] GC(4934)   Pre Evacuate Collection Set: 1.1ms
[2025-01-08T17:35:23.977+0000][162594.343s][info][gc,phases   ] GC(4934)   Merge Heap Roots: 0.5ms
[2025-01-08T17:35:23.977+0000][162594.344s][info][gc,phases   ] GC(4934)   Evacuate Collection Set: 39.5ms
[2025-01-08T17:35:23.977+0000][162594.344s][info][gc,phases   ] GC(4934)   Post Evacuate Collection Set: 4.0ms
[2025-01-08T17:35:23.977+0000][162594.344s][info][gc,phases   ] GC(4934)   Other: 0.3ms
[2025-01-08T17:35:23.977+0000][162594.344s][info][gc,heap     ] GC(4934) Eden regions: 911->0(910)
[2025-01-08T17:35:23.977+0000][162594.344s][info][gc,heap     ] GC(4934) Survivor regions: 10->11(116)
[2025-01-08T17:35:23.977+0000][162594.344s][info][gc,heap     ] GC(4934) Old regions: 235->235
[2025-01-08T17:35:23.977+0000][162594.344s][info][gc,heap     ] GC(4934) Archive regions: 2->2
[2025-01-08T17:35:23.977+0000][162594.344s][info][gc,heap     ] GC(4934) Humongous regions: 49->49
[2025-01-08T17:35:23.977+0000][162594.344s][info][gc,metaspace] GC(4934) Metaspace: 506411K(515200K)->506411K(515200K) NonClass: 444852K(449216K)->444852K(449216K) Class: 61559K(65984K)->61559K(65984K)
[2025-01-08T17:35:23.978+0000][162594.344s][info][gc          ] GC(4934) Pause Young (Concurrent Start) (G1 Evacuation Pause) 9632M->2357M(12288M) 45.573ms
[2025-01-08T17:35:23.978+0000][162594.344s][info][gc,cpu      ] GC(4934) User=0.26s Sys=0.00s Real=0.04s
[2025-01-08T17:35:23.978+0000][162594.344s][info][gc          ] GC(4935) Concurrent Mark Cycle
[2025-01-08T17:35:23.978+0000][162594.344s][info][gc,marking  ] GC(4935) Concurrent Clear Claimed Marks
[2025-01-08T17:35:23.979+0000][162594.345s][info][gc,marking  ] GC(4935) Concurrent Clear Claimed Marks 0.908ms
[2025-01-08T17:35:23.979+0000][162594.345s][info][gc,marking  ] GC(4935) Concurrent Scan Root Regions
[2025-01-08T17:35:24.013+0000][162594.379s][info][gc,marking  ] GC(4935) Concurrent Scan Root Regions 34.638ms
[2025-01-08T17:35:24.013+0000][162594.379s][info][gc,marking  ] GC(4935) Concurrent Mark
[2025-01-08T17:35:24.013+0000][162594.379s][info][gc,marking  ] GC(4935) Concurrent Mark From Roots
[2025-01-08T17:35:24.013+0000][162594.379s][info][gc,task     ] GC(4935) Using 2 workers of 2 for marking
[2025-01-08T17:35:24.824+0000][162595.190s][info][gc,marking  ] GC(4935) Concurrent Mark From Roots 810.521ms
[2025-01-08T17:35:24.824+0000][162595.190s][info][gc,marking  ] GC(4935) Concurrent Preclean
[2025-01-08T17:35:24.827+0000][162595.193s][info][gc,marking  ] GC(4935) Concurrent Preclean 3.075ms
[2025-01-08T17:35:24.827+0000][162595.193s][info][gc,start    ] GC(4935) Pause Remark
[2025-01-08T17:35:24.853+0000][162595.219s][info][gc          ] GC(4935) Pause Remark 3154M->3154M(12288M) 25.952ms
[2025-01-08T17:35:24.853+0000][162595.219s][info][gc,cpu      ] GC(4935) User=0.15s Sys=0.00s Real=0.03s
[2025-01-08T17:35:24.853+0000][162595.219s][info][gc,marking  ] GC(4935) Concurrent Mark 840.076ms
[2025-01-08T17:35:24.853+0000][162595.219s][info][gc,marking  ] GC(4935) Concurrent Rebuild Remembered Sets
[2025-01-08T17:35:25.426+0000][162595.792s][info][gc,marking  ] GC(4935) Concurrent Rebuild Remembered Sets 572.977ms
[2025-01-08T17:35:25.426+0000][162595.793s][info][gc,start    ] GC(4935) Pause Cleanup
[2025-01-08T17:35:25.427+0000][162595.793s][info][gc          ] GC(4935) Pause Cleanup 3781M->3781M(12288M) 0.420ms
[2025-01-08T17:35:25.427+0000][162595.793s][info][gc,cpu      ] GC(4935) User=0.00s Sys=0.00s Real=0.00s
[2025-01-08T17:35:25.427+0000][162595.793s][info][gc,marking  ] GC(4935) Concurrent Cleanup for Next Mark
[2025-01-08T17:35:25.443+0000][162595.809s][info][gc,marking  ] GC(4935) Concurrent Cleanup for Next Mark 15.885ms
[2025-01-08T17:35:25.443+0000][162595.809s][info][gc          ] GC(4935) Concurrent Mark Cycle 1465.398ms
[2025-01-08T17:35:31.149+0000][162601.515s][info][gc,start    ] GC(4936) Pause Young (Prepare Mixed) (G1 Evacuation Pause)
[2025-01-08T17:35:31.149+0000][162601.515s][info][gc,task     ] GC(4936) Using 6 workers of 6 for evacuation
[2025-01-08T17:35:31.191+0000][162601.557s][info][gc,phases   ] GC(4936)   Pre Evacuate Collection Set: 0.3ms
[2025-01-08T17:35:31.191+0000][162601.557s][info][gc,phases   ] GC(4936)   Merge Heap Roots: 0.8ms
[2025-01-08T17:35:31.191+0000][162601.557s][info][gc,phases   ] GC(4936)   Evacuate Collection Set: 37.6ms
[2025-01-08T17:35:31.191+0000][162601.557s][info][gc,phases   ] GC(4936)   Post Evacuate Collection Set: 2.7ms
[2025-01-08T17:35:31.191+0000][162601.557s][info][gc,phases   ] GC(4936)   Other: 0.2ms
[2025-01-08T17:35:31.191+0000][162601.557s][info][gc,heap     ] GC(4936) Eden regions: 910->0(65)
[2025-01-08T17:35:31.191+0000][162601.557s][info][gc,heap     ] GC(4936) Survivor regions: 11->11(116)
[2025-01-08T17:35:31.191+0000][162601.557s][info][gc,heap     ] GC(4936) Old regions: 235->235
[2025-01-08T17:35:31.191+0000][162601.557s][info][gc,heap     ] GC(4936) Archive regions: 2->2
[2025-01-08T17:35:31.191+0000][162601.557s][info][gc,heap     ] GC(4936) Humongous regions: 49->49
[2025-01-08T17:35:31.191+0000][162601.557s][info][gc,metaspace] GC(4936) Metaspace: 506411K(515200K)->506411K(515200K) NonClass: 444852K(449216K)->444852K(449216K) Class: 61559K(65984K)->61559K(65984K)
[2025-01-08T17:35:31.191+0000][162601.557s][info][gc          ] GC(4936) Pause Young (Prepare Mixed) (G1 Evacuation Pause) 9637M->2359M(12288M) 41.600ms
[2025-01-08T17:35:31.191+0000][162601.557s][info][gc,cpu      ] GC(4936) User=0.23s Sys=0.01s Real=0.05s
[2025-01-08T17:35:31.833+0000][162602.199s][info][gc,start    ] GC(4937) Pause Young (Mixed) (G1 Evacuation Pause)
[2025-01-08T17:35:31.833+0000][162602.199s][info][gc,task     ] GC(4937) Using 6 workers of 6 for evacuation
[2025-01-08T17:35:31.901+0000][162602.267s][info][gc,phases   ] GC(4937)   Pre Evacuate Collection Set: 0.2ms
[2025-01-08T17:35:31.901+0000][162602.267s][info][gc,phases   ] GC(4937)   Merge Heap Roots: 0.7ms
[2025-01-08T17:35:31.901+0000][162602.267s][info][gc,phases   ] GC(4937)   Evacuate Collection Set: 64.9ms
[2025-01-08T17:35:31.901+0000][162602.267s][info][gc,phases   ] GC(4937)   Post Evacuate Collection Set: 1.6ms
[2025-01-08T17:35:31.901+0000][162602.267s][info][gc,phases   ] GC(4937)   Other: 0.2ms
[2025-01-08T17:35:31.901+0000][162602.267s][info][gc,heap     ] GC(4937) Eden regions: 65->0(916)
[2025-01-08T17:35:31.901+0000][162602.267s][info][gc,heap     ] GC(4937) Survivor regions: 11->5(10)
[2025-01-08T17:35:31.901+0000][162602.267s][info][gc,heap     ] GC(4937) Old regions: 235->236
[2025-01-08T17:35:31.901+0000][162602.267s][info][gc,heap     ] GC(4937) Archive regions: 2->2
[2025-01-08T17:35:31.901+0000][162602.267s][info][gc,heap     ] GC(4937) Humongous regions: 49->49
[2025-01-08T17:35:31.901+0000][162602.267s][info][gc,metaspace] GC(4937) Metaspace: 506411K(515200K)->506411K(515200K) NonClass: 444852K(449216K)->444852K(449216K) Class: 61559K(65984K)->61559K(65984K)
[2025-01-08T17:35:31.901+0000][162602.267s][info][gc          ] GC(4937) Pause Young (Mixed) (G1 Evacuation Pause) 2879M->2318M(12288M) 67.660ms
[2025-01-08T17:35:31.901+0000][162602.267s][info][gc,cpu      ] GC(4937) User=0.40s Sys=0.00s Real=0.06s
[2025-01-08T17:35:37.387+0000][162607.753s][info][gc,start    ] GC(4938) Pause Young (Normal) (G1 Evacuation Pause)
[2025-01-08T17:35:37.387+0000][162607.753s][info][gc,task     ] GC(4938) Using 6 workers of 6 for evacuation
[2025-01-08T17:35:37.412+0000][162607.778s][info][gc,phases   ] GC(4938)   Pre Evacuate Collection Set: 0.2ms
[2025-01-08T17:35:37.412+0000][162607.778s][info][gc,phases   ] GC(4938)   Merge Heap Roots: 0.4ms
[2025-01-08T17:35:37.412+0000][162607.778s][info][gc,phases   ] GC(4938)   Evacuate Collection Set: 22.3ms
[2025-01-08T17:35:37.412+0000][162607.778s][info][gc,phases   ] GC(4938)   Post Evacuate Collection Set: 2.4ms
[2025-01-08T17:35:37.412+0000][162607.778s][info][gc,phases   ] GC(4938)   Other: 0.2ms
[2025-01-08T17:35:37.412+0000][162607.779s][info][gc,heap     ] GC(4938) Eden regions: 916->0(915)
[2025-01-08T17:35:37.412+0000][162607.779s][info][gc,heap     ] GC(4938) Survivor regions: 5->6(116)
[2025-01-08T17:35:37.412+0000][162607.779s][info][gc,heap     ] GC(4938) Old regions: 236->236
[2025-01-08T17:35:37.412+0000][162607.779s][info][gc,heap     ] GC(4938) Archive regions: 2->2
[2025-01-08T17:35:37.412+0000][162607.779s][info][gc,heap     ] GC(4938) Humongous regions: 49->49
[2025-01-08T17:35:37.412+0000][162607.779s][info][gc,metaspace] GC(4938) Metaspace: 506411K(515200K)->506411K(515200K) NonClass: 444852K(449216K)->444852K(449216K) Class: 61559K(65984K)->61559K(65984K)
[2025-01-08T17:35:37.412+0000][162607.779s][info][gc          ] GC(4938) Pause Young (Normal) (G1 Evacuation Pause) 9646M->2323M(12288M) 25.486ms
[2025-01-08T17:35:37.412+0000][162607.779s][info][gc,cpu      ] GC(4938) User=0.15s Sys=0.00s Real=0.03s
[2025-01-08T17:35:44.616+0000][162614.982s][info][gc,start    ] GC(4939) Pause Young (Normal) (G1 Evacuation Pause)
[2025-01-08T17:35:44.616+0000][162614.982s][info][gc,task     ] GC(4939) Using 6 workers of 6 for evacuation
[2025-01-08T17:35:44.644+0000][162615.010s][info][gc,phases   ] GC(4939)   Pre Evacuate Collection Set: 0.2ms
[2025-01-08T17:35:44.644+0000][162615.010s][info][gc,phases   ] GC(4939)   Merge Heap Roots: 0.4ms
[2025-01-08T17:35:44.644+0000][162615.010s][info][gc,phases   ] GC(4939)   Evacuate Collection Set: 24.2ms
[2025-01-08T17:35:44.644+0000][162615.010s][info][gc,phases   ] GC(4939)   Post Evacuate Collection Set: 2.6ms
[2025-01-08T17:35:44.644+0000][162615.010s][info][gc,phases   ] GC(4939)   Other: 0.2ms
[2025-01-08T17:35:44.644+0000][162615.010s][info][gc,heap     ] GC(4939) Eden regions: 915->0(914)
[2025-01-08T17:35:44.644+0000][162615.010s][info][gc,heap     ] GC(4939) Survivor regions: 6->7(116)
[2025-01-08T17:35:44.644+0000][162615.010s][info][gc,heap     ] GC(4939) Old regions: 236->236
[2025-01-08T17:35:44.644+0000][162615.010s][info][gc,heap     ] GC(4939) Archive regions: 2->2
[2025-01-08T17:35:44.644+0000][162615.010s][info][gc,heap     ] GC(4939) Humongous regions: 49->49
[2025-01-08T17:35:44.644+0000][162615.010s][info][gc,metaspace] GC(4939) Metaspace: 506411K(515200K)->506411K(515200K) NonClass: 444852K(449216K)->444852K(449216K) Class: 61559K(65984K)->61559K(65984K)
[2025-01-08T17:35:44.644+0000][162615.010s][info][gc          ] GC(4939) Pause Young (Normal) (G1 Evacuation Pause) 9643M->2334M(12288M) 27.678ms
[2025-01-08T17:35:44.644+0000][162615.010s][info][gc,cpu      ] GC(4939) User=0.16s Sys=0.00s Real=0.03s
[2025-01-08T17:35:49.933+0000][162620.299s][info][gc,start    ] GC(4940) Pause Young (Concurrent Start) (G1 Evacuation Pause)
[2025-01-08T17:35:49.933+0000][162620.299s][info][gc,task     ] GC(4940) Using 6 workers of 6 for evacuation
[2025-01-08T17:35:49.963+0000][162620.329s][info][gc,phases   ] GC(4940)   Pre Evacuate Collection Set: 1.1ms
[2025-01-08T17:35:49.963+0000][162620.329s][info][gc,phases   ] GC(4940)   Merge Heap Roots: 0.5ms
[2025-01-08T17:35:49.963+0000][162620.329s][info][gc,phases   ] GC(4940)   Evacuate Collection Set: 25.9ms
[2025-01-08T17:35:49.963+0000][162620.329s][info][gc,phases   ] GC(4940)   Post Evacuate Collection Set: 2.5ms
[2025-01-08T17:35:49.963+0000][162620.329s][info][gc,phases   ] GC(4940)   Other: 0.3ms
[2025-01-08T17:35:49.963+0000][162620.329s][info][gc,heap     ] GC(4940) Eden regions: 914->0(914)
[2025-01-08T17:35:49.963+0000][162620.329s][info][gc,heap     ] GC(4940) Survivor regions: 7->7(116)
[2025-01-08T17:35:49.963+0000][162620.329s][info][gc,heap     ] GC(4940) Old regions: 236->236
[2025-01-08T17:35:49.963+0000][162620.329s][info][gc,heap     ] GC(4940) Archive regions: 2->2
[2025-01-08T17:35:49.963+0000][162620.329s][info][gc,heap     ] GC(4940) Humongous regions: 49->49
[2025-01-08T17:35:49.963+0000][162620.329s][info][gc,metaspace] GC(4940) Metaspace: 506411K(515200K)->506411K(515200K) NonClass: 444852K(449216K)->444852K(449216K) Class: 61559K(65984K)->61559K(65984K)
[2025-01-08T17:35:49.963+0000][162620.329s][info][gc          ] GC(4940) Pause Young (Concurrent Start) (G1 Evacuation Pause) 9646M->2336M(12288M) 30.411ms
[2025-01-08T17:35:49.963+0000][162620.329s][info][gc,cpu      ] GC(4940) User=0.17s Sys=0.00s Real=0.03s
[2025-01-08T17:35:49.963+0000][162620.329s][info][gc          ] GC(4941) Concurrent Mark Cycle
[2025-01-08T17:35:49.963+0000][162620.329s][info][gc,marking  ] GC(4941) Concurrent Clear Claimed Marks
[2025-01-08T17:35:49.964+0000][162620.330s][info][gc,marking  ] GC(4941) Concurrent Clear Claimed Marks 0.923ms
[2025-01-08T17:35:49.964+0000][162620.330s][info][gc,marking  ] GC(4941) Concurrent Scan Root Regions
[2025-01-08T17:35:49.987+0000][162620.353s][info][gc,marking  ] GC(4941) Concurrent Scan Root Regions 23.189ms
[2025-01-08T17:35:49.987+0000][162620.353s][info][gc,marking  ] GC(4941) Concurrent Mark
[2025-01-08T17:35:49.987+0000][162620.353s][info][gc,marking  ] GC(4941) Concurrent Mark From Roots
[2025-01-08T17:35:49.987+0000][162620.354s][info][gc,task     ] GC(4941) Using 2 workers of 2 for marking
[2025-01-08T17:35:50.964+0000][162621.330s][info][gc,marking  ] GC(4941) Concurrent Mark From Roots 976.926ms
[2025-01-08T17:35:50.964+0000][162621.330s][info][gc,marking  ] GC(4941) Concurrent Preclean
[2025-01-08T17:35:50.967+0000][162621.333s][info][gc,marking  ] GC(4941) Concurrent Preclean 3.047ms
[2025-01-08T17:35:50.968+0000][162621.334s][info][gc,start    ] GC(4941) Pause Remark
[2025-01-08T17:35:50.993+0000][162621.359s][info][gc          ] GC(4941) Pause Remark 3872M->3872M(12288M) 25.847ms
[2025-01-08T17:35:50.993+0000][162621.360s][info][gc,cpu      ] GC(4941) User=0.14s Sys=0.00s Real=0.03s
[2025-01-08T17:35:50.994+0000][162621.360s][info][gc,marking  ] GC(4941) Concurrent Mark 1006.260ms
[2025-01-08T17:35:50.994+0000][162621.360s][info][gc,marking  ] GC(4941) Concurrent Rebuild Remembered Sets
[2025-01-08T17:35:51.497+0000][162621.863s][info][gc,marking  ] GC(4941) Concurrent Rebuild Remembered Sets 503.151ms
[2025-01-08T17:35:51.497+0000][162621.863s][info][gc,start    ] GC(4941) Pause Cleanup
[2025-01-08T17:35:51.497+0000][162621.863s][info][gc          ] GC(4941) Pause Cleanup 4373M->4373M(12288M) 0.380ms
[2025-01-08T17:35:51.497+0000][162621.863s][info][gc,cpu      ] GC(4941) User=0.00s Sys=0.00s Real=0.00s
[2025-01-08T17:35:51.497+0000][162621.864s][info][gc,marking  ] GC(4941) Concurrent Cleanup for Next Mark
[2025-01-08T17:35:51.514+0000][162621.880s][info][gc,marking  ] GC(4941) Concurrent Cleanup for Next Mark 16.142ms
[2025-01-08T17:35:51.514+0000][162621.880s][info][gc          ] GC(4941) Concurrent Mark Cycle 1550.429ms
[2025-01-08T17:36:00.611+0000][162630.977s][info][gc,start    ] GC(4942) Pause Young (Prepare Mixed) (G1 Evacuation Pause)
[2025-01-08T17:36:00.611+0000][162630.977s][info][gc,task     ] GC(4942) Using 6 workers of 6 for evacuation
[2025-01-08T17:36:00.648+0000][162631.015s][info][gc,phases   ] GC(4942)   Pre Evacuate Collection Set: 0.2ms
[2025-01-08T17:36:00.648+0000][162631.015s][info][gc,phases   ] GC(4942)   Merge Heap Roots: 0.7ms
[2025-01-08T17:36:00.648+0000][162631.015s][info][gc,phases   ] GC(4942)   Evacuate Collection Set: 33.5ms
[2025-01-08T17:36:00.648+0000][162631.015s][info][gc,phases   ] GC(4942)   Post Evacuate Collection Set: 2.9ms
[2025-01-08T17:36:00.648+0000][162631.015s][info][gc,phases   ] GC(4942)   Other: 0.2ms
[2025-01-08T17:36:00.648+0000][162631.015s][info][gc,heap     ] GC(4942) Eden regions: 914->0(67)
[2025-01-08T17:36:00.649+0000][162631.015s][info][gc,heap     ] GC(4942) Survivor regions: 7->9(116)
[2025-01-08T17:36:00.649+0000][162631.015s][info][gc,heap     ] GC(4942) Old regions: 236->236
[2025-01-08T17:36:00.649+0000][162631.015s][info][gc,heap     ] GC(4942) Archive regions: 2->2
[2025-01-08T17:36:00.649+0000][162631.015s][info][gc,heap     ] GC(4942) Humongous regions: 49->49
[2025-01-08T17:36:00.649+0000][162631.015s][info][gc,metaspace] GC(4942) Metaspace: 506413K(515200K)->506413K(515200K) NonClass: 444854K(449216K)->444854K(449216K) Class: 61559K(65984K)->61559K(65984K)
[2025-01-08T17:36:00.649+0000][162631.015s][info][gc          ] GC(4942) Pause Young (Prepare Mixed) (G1 Evacuation Pause) 9648M->2350M(12288M) 37.610ms
[2025-01-08T17:36:00.649+0000][162631.015s][info][gc,cpu      ] GC(4942) User=0.21s Sys=0.01s Real=0.03s
[2025-01-08T17:36:01.079+0000][162631.445s][info][gc,start    ] GC(4943) Pause Young (Mixed) (G1 Evacuation Pause)
[2025-01-08T17:36:01.079+0000][162631.445s][info][gc,task     ] GC(4943) Using 6 workers of 6 for evacuation
[2025-01-08T17:36:01.159+0000][162631.525s][info][gc,phases   ] GC(4943)   Pre Evacuate Collection Set: 0.2ms
[2025-01-08T17:36:01.159+0000][162631.525s][info][gc,phases   ] GC(4943)   Merge Heap Roots: 0.8ms
[2025-01-08T17:36:01.159+0000][162631.525s][info][gc,phases   ] GC(4943)   Evacuate Collection Set: 76.5ms
[2025-01-08T17:36:01.159+0000][162631.525s][info][gc,phases   ] GC(4943)   Post Evacuate Collection Set: 2.5ms
[2025-01-08T17:36:01.159+0000][162631.525s][info][gc,phases   ] GC(4943)   Other: 0.2ms
[2025-01-08T17:36:01.159+0000][162631.525s][info][gc,heap     ] GC(4943) Eden regions: 67->0(915)
[2025-01-08T17:36:01.159+0000][162631.525s][info][gc,heap     ] GC(4943) Survivor regions: 9->6(10)
[2025-01-08T17:36:01.159+0000][162631.525s][info][gc,heap     ] GC(4943) Old regions: 236->236
[2025-01-08T17:36:01.159+0000][162631.525s][info][gc,heap     ] GC(4943) Archive regions: 2->2
[2025-01-08T17:36:01.159+0000][162631.525s][info][gc,heap     ] GC(4943) Humongous regions: 49->49
[2025-01-08T17:36:01.159+0000][162631.525s][info][gc,metaspace] GC(4943) Metaspace: 506413K(515200K)->506413K(515200K) NonClass: 444854K(449216K)->444854K(449216K) Class: 61559K(65984K)->61559K(65984K)
[2025-01-08T17:36:01.159+0000][162631.525s][info][gc          ] GC(4943) Pause Young (Mixed) (G1 Evacuation Pause) 2886M->2323M(12288M) 80.301ms
[2025-01-08T17:36:01.159+0000][162631.525s][info][gc,cpu      ] GC(4943) User=0.45s Sys=0.00s Real=0.08s
[2025-01-08T17:36:08.731+0000][162639.097s][info][gc,start    ] GC(4944) Pause Young (Normal) (G1 Evacuation Pause)
[2025-01-08T17:36:08.731+0000][162639.097s][info][gc,task     ] GC(4944) Using 6 workers of 6 for evacuation
[2025-01-08T17:36:08.764+0000][162639.130s][info][gc,phases   ] GC(4944)   Pre Evacuate Collection Set: 0.2ms
[2025-01-08T17:36:08.764+0000][162639.130s][info][gc,phases   ] GC(4944)   Merge Heap Roots: 0.4ms
[2025-01-08T17:36:08.764+0000][162639.130s][info][gc,phases   ] GC(4944)   Evacuate Collection Set: 26.4ms
[2025-01-08T17:36:08.764+0000][162639.130s][info][gc,phases   ] GC(4944)   Post Evacuate Collection Set: 5.0ms
[2025-01-08T17:36:08.764+0000][162639.130s][info][gc,phases   ] GC(4944)   Other: 0.2ms
[2025-01-08T17:36:08.764+0000][162639.130s][info][gc,heap     ] GC(4944) Eden regions: 915->0(912)
[2025-01-08T17:36:08.764+0000][162639.130s][info][gc,heap     ] GC(4944) Survivor regions: 6->9(116)
[2025-01-08T17:36:08.764+0000][162639.130s][info][gc,heap     ] GC(4944) Old regions: 236->236
[2025-01-08T17:36:08.764+0000][162639.130s][info][gc,heap     ] GC(4944) Archive regions: 2->2
[2025-01-08T17:36:08.764+0000][162639.130s][info][gc,heap     ] GC(4944) Humongous regions: 49->49
[2025-01-08T17:36:08.764+0000][162639.130s][info][gc,metaspace] GC(4944) Metaspace: 506413K(515200K)->506413K(515200K) NonClass: 444854K(449216K)->444854K(449216K) Class: 61559K(65984K)->61559K(65984K)
[2025-01-08T17:36:08.764+0000][162639.130s][info][gc          ] GC(4944) Pause Young (Normal) (G1 Evacuation Pause) 9643M->2344M(12288M) 32.314ms
[2025-01-08T17:36:08.764+0000][162639.130s][info][gc,cpu      ] GC(4944) User=0.19s Sys=0.00s Real=0.03s
[2025-01-08T17:36:19.178+0000][162649.544s][info][gc,start    ] GC(4945) Pause Young (Normal) (G1 Evacuation Pause)
[2025-01-08T17:36:19.178+0000][162649.544s][info][gc,task     ] GC(4945) Using 6 workers of 6 for evacuation
[2025-01-08T17:36:19.211+0000][162649.577s][info][gc,phases   ] GC(4945)   Pre Evacuate Collection Set: 0.2ms
[2025-01-08T17:36:19.211+0000][162649.577s][info][gc,phases   ] GC(4945)   Merge Heap Roots: 0.5ms
[2025-01-08T17:36:19.211+0000][162649.577s][info][gc,phases   ] GC(4945)   Evacuate Collection Set: 28.2ms
[2025-01-08T17:36:19.211+0000][162649.577s][info][gc,phases   ] GC(4945)   Post Evacuate Collection Set: 4.1ms
[2025-01-08T17:36:19.211+0000][162649.577s][info][gc,phases   ] GC(4945)   Other: 0.2ms
[2025-01-08T17:36:19.211+0000][162649.577s][info][gc,heap     ] GC(4945) Eden regions: 912->0(912)
[2025-01-08T17:36:19.211+0000][162649.577s][info][gc,heap     ] GC(4945) Survivor regions: 9->9(116)
[2025-01-08T17:36:19.211+0000][162649.577s][info][gc,heap     ] GC(4945) Old regions: 236->236
[2025-01-08T17:36:19.211+0000][162649.577s][info][gc,heap     ] GC(4945) Archive regions: 2->2
[2025-01-08T17:36:19.211+0000][162649.577s][info][gc,heap     ] GC(4945) Humongous regions: 49->49
[2025-01-08T17:36:19.211+0000][162649.577s][info][gc,metaspace] GC(4945) Metaspace: 506413K(515200K)->506413K(515200K) NonClass: 444854K(449216K)->444854K(449216K) Class: 61559K(65984K)->61559K(65984K)
[2025-01-08T17:36:19.211+0000][162649.577s][info][gc          ] GC(4945) Pause Young (Normal) (G1 Evacuation Pause) 9640M->2347M(12288M) 33.268ms
[2025-01-08T17:36:19.211+0000][162649.577s][info][gc,cpu      ] GC(4945) User=0.20s Sys=0.00s Real=0.04s
[2025-01-08T17:36:31.787+0000][162662.153s][info][gc,start    ] GC(4946) Pause Young (Concurrent Start) (G1 Evacuation Pause)
[2025-01-08T17:36:31.787+0000][162662.153s][info][gc,task     ] GC(4946) Using 6 workers of 6 for evacuation
[2025-01-08T17:36:31.824+0000][162662.190s][info][gc,phases   ] GC(4946)   Pre Evacuate Collection Set: 1.1ms
[2025-01-08T17:36:31.824+0000][162662.190s][info][gc,phases   ] GC(4946)   Merge Heap Roots: 0.5ms
[2025-01-08T17:36:31.824+0000][162662.190s][info][gc,phases   ] GC(4946)   Evacuate Collection Set: 32.6ms
[2025-01-08T17:36:31.824+0000][162662.190s][info][gc,phases   ] GC(4946)   Post Evacuate Collection Set: 2.7ms
[2025-01-08T17:36:31.824+0000][162662.190s][info][gc,phases   ] GC(4946)   Other: 0.3ms
[2025-01-08T17:36:31.824+0000][162662.190s][info][gc,heap     ] GC(4946) Eden regions: 912->0(911)
[2025-01-08T17:36:31.824+0000][162662.190s][info][gc,heap     ] GC(4946) Survivor regions: 9->10(116)
[2025-01-08T17:36:31.824+0000][162662.190s][info][gc,heap     ] GC(4946) Old regions: 236->236
[2025-01-08T17:36:31.824+0000][162662.190s][info][gc,heap     ] GC(4946) Archive regions: 2->2
[2025-01-08T17:36:31.824+0000][162662.190s][info][gc,heap     ] GC(4946) Humongous regions: 49->49
[2025-01-08T17:36:31.824+0000][162662.190s][info][gc,metaspace] GC(4946) Metaspace: 506413K(515200K)->506413K(515200K) NonClass: 444854K(449216K)->444854K(449216K) Class: 61559K(65984K)->61559K(65984K)
[2025-01-08T17:36:31.824+0000][162662.190s][info][gc          ] GC(4946) Pause Young (Concurrent Start) (G1 Evacuation Pause) 9643M->2353M(12288M) 37.290ms
[2025-01-08T17:36:31.824+0000][162662.190s][info][gc,cpu      ] GC(4946) User=0.22s Sys=0.01s Real=0.04s
[2025-01-08T17:36:31.824+0000][162662.190s][info][gc          ] GC(4947) Concurrent Mark Cycle
[2025-01-08T17:36:31.824+0000][162662.190s][info][gc,marking  ] GC(4947) Concurrent Clear Claimed Marks
[2025-01-08T17:36:31.825+0000][162662.191s][info][gc,marking  ] GC(4947) Concurrent Clear Claimed Marks 0.856ms
[2025-01-08T17:36:31.825+0000][162662.191s][info][gc,marking  ] GC(4947) Concurrent Scan Root Regions
[2025-01-08T17:36:31.847+0000][162662.213s][info][gc,marking  ] GC(4947) Concurrent Scan Root Regions 21.917ms
[2025-01-08T17:36:31.847+0000][162662.213s][info][gc,marking  ] GC(4947) Concurrent Mark
[2025-01-08T17:36:31.847+0000][162662.213s][info][gc,marking  ] GC(4947) Concurrent Mark From Roots
[2025-01-08T17:36:31.847+0000][162662.213s][info][gc,task     ] GC(4947) Using 2 workers of 2 for marking
[2025-01-08T17:36:32.584+0000][162662.950s][info][gc,marking  ] GC(4947) Concurrent Mark From Roots 737.218ms
[2025-01-08T17:36:32.584+0000][162662.951s][info][gc,marking  ] GC(4947) Concurrent Preclean
[2025-01-08T17:36:32.588+0000][162662.954s][info][gc,marking  ] GC(4947) Concurrent Preclean 3.254ms
[2025-01-08T17:36:32.588+0000][162662.954s][info][gc,start    ] GC(4947) Pause Remark
[2025-01-08T17:36:32.614+0000][162662.980s][info][gc          ] GC(4947) Pause Remark 2897M->2897M(12288M) 25.668ms
[2025-01-08T17:36:32.614+0000][162662.980s][info][gc,cpu      ] GC(4947) User=0.14s Sys=0.01s Real=0.03s
[2025-01-08T17:36:32.614+0000][162662.980s][info][gc,marking  ] GC(4947) Concurrent Mark 766.544ms
[2025-01-08T17:36:32.614+0000][162662.980s][info][gc,marking  ] GC(4947) Concurrent Rebuild Remembered Sets
[2025-01-08T17:36:33.206+0000][162663.572s][info][gc,marking  ] GC(4947) Concurrent Rebuild Remembered Sets 592.161ms
[2025-01-08T17:36:33.206+0000][162663.572s][info][gc,start    ] GC(4947) Pause Cleanup
[2025-01-08T17:36:33.206+0000][162663.573s][info][gc          ] GC(4947) Pause Cleanup 3621M->3621M(12288M) 0.441ms
[2025-01-08T17:36:33.207+0000][162663.573s][info][gc,cpu      ] GC(4947) User=0.00s Sys=0.00s Real=0.00s
[2025-01-08T17:36:33.207+0000][162663.573s][info][gc,marking  ] GC(4947) Concurrent Cleanup for Next Mark
[2025-01-08T17:36:33.222+0000][162663.588s][info][gc,marking  ] GC(4947) Concurrent Cleanup for Next Mark 15.515ms
[2025-01-08T17:36:33.222+0000][162663.588s][info][gc          ] GC(4947) Concurrent Mark Cycle 1397.812ms
[2025-01-08T17:36:39.669+0000][162670.035s][info][gc,start    ] GC(4948) Pause Young (Prepare Mixed) (G1 Evacuation Pause)
[2025-01-08T17:36:39.669+0000][162670.035s][info][gc,task     ] GC(4948) Using 6 workers of 6 for evacuation
[2025-01-08T17:36:39.706+0000][162670.072s][info][gc,phases   ] GC(4948)   Pre Evacuate Collection Set: 0.2ms
[2025-01-08T17:36:39.706+0000][162670.072s][info][gc,phases   ] GC(4948)   Merge Heap Roots: 0.7ms
[2025-01-08T17:36:39.706+0000][162670.072s][info][gc,phases   ] GC(4948)   Evacuate Collection Set: 33.7ms
[2025-01-08T17:36:39.706+0000][162670.072s][info][gc,phases   ] GC(4948)   Post Evacuate Collection Set: 2.5ms
[2025-01-08T17:36:39.706+0000][162670.072s][info][gc,phases   ] GC(4948)   Other: 0.2ms
[2025-01-08T17:36:39.706+0000][162670.072s][info][gc,heap     ] GC(4948) Eden regions: 911->0(65)
[2025-01-08T17:36:39.706+0000][162670.072s][info][gc,heap     ] GC(4948) Survivor regions: 10->11(116)
[2025-01-08T17:36:39.706+0000][162670.072s][info][gc,heap     ] GC(4948) Old regions: 236->236
[2025-01-08T17:36:39.706+0000][162670.072s][info][gc,heap     ] GC(4948) Archive regions: 2->2
[2025-01-08T17:36:39.706+0000][162670.072s][info][gc,heap     ] GC(4948) Humongous regions: 49->49
[2025-01-08T17:36:39.706+0000][162670.072s][info][gc,metaspace] GC(4948) Metaspace: 506413K(515200K)->506413K(515200K) NonClass: 444854K(449216K)->444854K(449216K) Class: 61559K(65984K)->61559K(65984K)
[2025-01-08T17:36:39.706+0000][162670.072s][info][gc          ] GC(4948) Pause Young (Prepare Mixed) (G1 Evacuation Pause) 9641M->2361M(12288M) 37.390ms
[2025-01-08T17:36:39.706+0000][162670.072s][info][gc,cpu      ] GC(4948) User=0.22s Sys=0.00s Real=0.04s
[2025-01-08T17:36:40.393+0000][162670.759s][info][gc,start    ] GC(4949) Pause Young (Mixed) (G1 Evacuation Pause)
[2025-01-08T17:36:40.393+0000][162670.759s][info][gc,task     ] GC(4949) Using 6 workers of 6 for evacuation
[2025-01-08T17:36:40.438+0000][162670.804s][info][gc,phases   ] GC(4949)   Pre Evacuate Collection Set: 0.2ms
[2025-01-08T17:36:40.438+0000][162670.805s][info][gc,phases   ] GC(4949)   Merge Heap Roots: 0.4ms
[2025-01-08T17:36:40.438+0000][162670.805s][info][gc,phases   ] GC(4949)   Evacuate Collection Set: 43.3ms
[2025-01-08T17:36:40.438+0000][162670.805s][info][gc,phases   ] GC(4949)   Post Evacuate Collection Set: 1.8ms
[2025-01-08T17:36:40.438+0000][162670.805s][info][gc,phases   ] GC(4949)   Other: 0.2ms
[2025-01-08T17:36:40.438+0000][162670.805s][info][gc,heap     ] GC(4949) Eden regions: 65->0(916)
[2025-01-08T17:36:40.438+0000][162670.805s][info][gc,heap     ] GC(4949) Survivor regions: 11->5(10)
[2025-01-08T17:36:40.438+0000][162670.805s][info][gc,heap     ] GC(4949) Old regions: 236->234
[2025-01-08T17:36:40.438+0000][162670.805s][info][gc,heap     ] GC(4949) Archive regions: 2->2
[2025-01-08T17:36:40.438+0000][162670.805s][info][gc,heap     ] GC(4949) Humongous regions: 49->49
[2025-01-08T17:36:40.438+0000][162670.805s][info][gc,metaspace] GC(4949) Metaspace: 506413K(515200K)->506413K(515200K) NonClass: 444854K(449216K)->444854K(449216K) Class: 61559K(65984K)->61559K(65984K)
[2025-01-08T17:36:40.438+0000][162670.805s][info][gc          ] GC(4949) Pause Young (Mixed) (G1 Evacuation Pause) 2881M->2309M(12288M) 45.958ms
[2025-01-08T17:36:40.439+0000][162670.805s][info][gc,cpu      ] GC(4949) User=0.26s Sys=0.00s Real=0.04s
[2025-01-08T17:36:50.777+0000][162681.143s][info][gc,start    ] GC(4950) Pause Young (Normal) (G1 Evacuation Pause)
[2025-01-08T17:36:50.777+0000][162681.143s][info][gc,task     ] GC(4950) Using 6 workers of 6 for evacuation
[2025-01-08T17:36:50.805+0000][162681.171s][info][gc,phases   ] GC(4950)   Pre Evacuate Collection Set: 0.2ms
[2025-01-08T17:36:50.805+0000][162681.171s][info][gc,phases   ] GC(4950)   Merge Heap Roots: 0.5ms
[2025-01-08T17:36:50.805+0000][162681.171s][info][gc,phases   ] GC(4950)   Evacuate Collection Set: 24.3ms
[2025-01-08T17:36:50.805+0000][162681.171s][info][gc,phases   ] GC(4950)   Post Evacuate Collection Set: 2.7ms
[2025-01-08T17:36:50.805+0000][162681.171s][info][gc,phases   ] GC(4950)   Other: 0.2ms
[2025-01-08T17:36:50.805+0000][162681.171s][info][gc,heap     ] GC(4950) Eden regions: 916->0(914)
[2025-01-08T17:36:50.805+0000][162681.171s][info][gc,heap     ] GC(4950) Survivor regions: 5->7(116)
[2025-01-08T17:36:50.805+0000][162681.171s][info][gc,heap     ] GC(4950) Old regions: 234->234
[2025-01-08T17:36:50.805+0000][162681.171s][info][gc,heap     ] GC(4950) Archive regions: 2->2
[2025-01-08T17:36:50.805+0000][162681.171s][info][gc,heap     ] GC(4950) Humongous regions: 49->49
[2025-01-08T17:36:50.805+0000][162681.171s][info][gc,metaspace] GC(4950) Metaspace: 506413K(515200K)->506413K(515200K) NonClass: 444854K(449216K)->444854K(449216K) Class: 61559K(65984K)->61559K(65984K)
[2025-01-08T17:36:50.805+0000][162681.171s][info][gc          ] GC(4950) Pause Young (Normal) (G1 Evacuation Pause) 9637M->2323M(12288M) 28.016ms
[2025-01-08T17:36:50.805+0000][162681.171s][info][gc,cpu      ] GC(4950) User=0.17s Sys=0.00s Real=0.03s
[2025-01-08T17:36:58.402+0000][162688.769s][info][gc,start    ] GC(4951) Pause Young (Normal) (G1 Evacuation Pause)
[2025-01-08T17:36:58.402+0000][162688.769s][info][gc,task     ] GC(4951) Using 6 workers of 6 for evacuation
[2025-01-08T17:36:58.430+0000][162688.796s][info][gc,phases   ] GC(4951)   Pre Evacuate Collection Set: 0.2ms
[2025-01-08T17:36:58.430+0000][162688.796s][info][gc,phases   ] GC(4951)   Merge Heap Roots: 0.4ms
[2025-01-08T17:36:58.430+0000][162688.796s][info][gc,phases   ] GC(4951)   Evacuate Collection Set: 24.5ms
[2025-01-08T17:36:58.430+0000][162688.796s][info][gc,phases   ] GC(4951)   Post Evacuate Collection Set: 2.5ms
[2025-01-08T17:36:58.430+0000][162688.796s][info][gc,phases   ] GC(4951)   Other: 0.2ms
[2025-01-08T17:36:58.430+0000][162688.796s][info][gc,heap     ] GC(4951) Eden regions: 914->0(913)
[2025-01-08T17:36:58.430+0000][162688.796s][info][gc,heap     ] GC(4951) Survivor regions: 7->8(116)
[2025-01-08T17:36:58.430+0000][162688.796s][info][gc,heap     ] GC(4951) Old regions: 234->234
[2025-01-08T17:36:58.430+0000][162688.796s][info][gc,heap     ] GC(4951) Archive regions: 2->2
[2025-01-08T17:36:58.430+0000][162688.796s][info][gc,heap     ] GC(4951) Humongous regions: 49->49
[2025-01-08T17:36:58.430+0000][162688.796s][info][gc,metaspace] GC(4951) Metaspace: 506413K(515200K)->506413K(515200K) NonClass: 444854K(449216K)->444854K(449216K) Class: 61559K(65984K)->61559K(65984K)
[2025-01-08T17:36:58.430+0000][162688.796s][info][gc          ] GC(4951) Pause Young (Normal) (G1 Evacuation Pause) 9635M->2327M(12288M) 27.942ms
[2025-01-08T17:36:58.430+0000][162688.797s][info][gc,cpu      ] GC(4951) User=0.16s Sys=0.00s Real=0.03s
[2025-01-08T17:37:05.287+0000][162695.653s][info][gc,start    ] GC(4952) Pause Young (Concurrent Start) (G1 Evacuation Pause)
[2025-01-08T17:37:05.287+0000][162695.653s][info][gc,task     ] GC(4952) Using 6 workers of 6 for evacuation
[2025-01-08T17:37:05.320+0000][162695.686s][info][gc,phases   ] GC(4952)   Pre Evacuate Collection Set: 1.1ms
[2025-01-08T17:37:05.320+0000][162695.686s][info][gc,phases   ] GC(4952)   Merge Heap Roots: 0.5ms
[2025-01-08T17:37:05.320+0000][162695.686s][info][gc,phases   ] GC(4952)   Evacuate Collection Set: 26.7ms
[2025-01-08T17:37:05.320+0000][162695.686s][info][gc,phases   ] GC(4952)   Post Evacuate Collection Set: 5.1ms
[2025-01-08T17:37:05.320+0000][162695.686s][info][gc,phases   ] GC(4952)   Other: 0.3ms
[2025-01-08T17:37:05.320+0000][162695.687s][info][gc,heap     ] GC(4952) Eden regions: 913->0(911)
[2025-01-08T17:37:05.320+0000][162695.687s][info][gc,heap     ] GC(4952) Survivor regions: 8->10(116)
[2025-01-08T17:37:05.320+0000][162695.687s][info][gc,heap     ] GC(4952) Old regions: 234->234
[2025-01-08T17:37:05.320+0000][162695.687s][info][gc,heap     ] GC(4952) Archive regions: 2->2
[2025-01-08T17:37:05.320+0000][162695.687s][info][gc,heap     ] GC(4952) Humongous regions: 49->49
[2025-01-08T17:37:05.320+0000][162695.687s][info][gc,metaspace] GC(4952) Metaspace: 506413K(515200K)->506413K(515200K) NonClass: 444854K(449216K)->444854K(449216K) Class: 61559K(65984K)->61559K(65984K)
[2025-01-08T17:37:05.320+0000][162695.687s][info][gc          ] GC(4952) Pause Young (Concurrent Start) (G1 Evacuation Pause) 9631M->2343M(12288M) 33.652ms
[2025-01-08T17:37:05.320+0000][162695.687s][info][gc,cpu      ] GC(4952) User=0.19s Sys=0.00s Real=0.03s
[2025-01-08T17:37:05.321+0000][162695.687s][info][gc          ] GC(4953) Concurrent Mark Cycle
[2025-01-08T17:37:05.321+0000][162695.687s][info][gc,marking  ] GC(4953) Concurrent Clear Claimed Marks
[2025-01-08T17:37:05.321+0000][162695.687s][info][gc,marking  ] GC(4953) Concurrent Clear Claimed Marks 0.820ms
[2025-01-08T17:37:05.321+0000][162695.687s][info][gc,marking  ] GC(4953) Concurrent Scan Root Regions
[2025-01-08T17:37:05.349+0000][162695.715s][info][gc,marking  ] GC(4953) Concurrent Scan Root Regions 27.633ms
[2025-01-08T17:37:05.349+0000][162695.715s][info][gc,marking  ] GC(4953) Concurrent Mark
[2025-01-08T17:37:05.349+0000][162695.715s][info][gc,marking  ] GC(4953) Concurrent Mark From Roots
[2025-01-08T17:37:05.349+0000][162695.715s][info][gc,task     ] GC(4953) Using 2 workers of 2 for marking
[2025-01-08T17:37:06.262+0000][162696.628s][info][gc,marking  ] GC(4953) Concurrent Mark From Roots 912.913ms
[2025-01-08T17:37:06.262+0000][162696.628s][info][gc,marking  ] GC(4953) Concurrent Preclean
[2025-01-08T17:37:06.265+0000][162696.631s][info][gc,marking  ] GC(4953) Concurrent Preclean 3.058ms
[2025-01-08T17:37:06.265+0000][162696.631s][info][gc,start    ] GC(4953) Pause Remark
[2025-01-08T17:37:06.291+0000][162696.657s][info][gc          ] GC(4953) Pause Remark 3275M->3275M(12288M) 25.935ms
[2025-01-08T17:37:06.291+0000][162696.657s][info][gc,cpu      ] GC(4953) User=0.15s Sys=0.00s Real=0.03s
[2025-01-08T17:37:06.291+0000][162696.657s][info][gc,marking  ] GC(4953) Concurrent Mark 942.283ms
[2025-01-08T17:37:06.291+0000][162696.657s][info][gc,marking  ] GC(4953) Concurrent Rebuild Remembered Sets
[2025-01-08T17:37:06.837+0000][162697.204s][info][gc,marking  ] GC(4953) Concurrent Rebuild Remembered Sets 546.161ms
[2025-01-08T17:37:06.838+0000][162697.204s][info][gc,start    ] GC(4953) Pause Cleanup
[2025-01-08T17:37:06.838+0000][162697.204s][info][gc          ] GC(4953) Pause Cleanup 3839M->3839M(12288M) 0.431ms
[2025-01-08T17:37:06.838+0000][162697.204s][info][gc,cpu      ] GC(4953) User=0.00s Sys=0.00s Real=0.00s
[2025-01-08T17:37:06.838+0000][162697.204s][info][gc,marking  ] GC(4953) Concurrent Cleanup for Next Mark
[2025-01-08T17:37:06.854+0000][162697.220s][info][gc,marking  ] GC(4953) Concurrent Cleanup for Next Mark 16.202ms
[2025-01-08T17:37:06.854+0000][162697.221s][info][gc          ] GC(4953) Concurrent Mark Cycle 1533.909ms
[2025-01-08T17:37:11.106+0000][162701.472s][info][gc,start    ] GC(4954) Pause Young (Prepare Mixed) (G1 Evacuation Pause)
[2025-01-08T17:37:11.106+0000][162701.472s][info][gc,task     ] GC(4954) Using 6 workers of 6 for evacuation
[2025-01-08T17:37:11.140+0000][162701.506s][info][gc,phases   ] GC(4954)   Pre Evacuate Collection Set: 0.2ms
[2025-01-08T17:37:11.140+0000][162701.506s][info][gc,phases   ] GC(4954)   Merge Heap Roots: 0.7ms
[2025-01-08T17:37:11.140+0000][162701.506s][info][gc,phases   ] GC(4954)   Evacuate Collection Set: 30.0ms
[2025-01-08T17:37:11.140+0000][162701.506s][info][gc,phases   ] GC(4954)   Post Evacuate Collection Set: 2.5ms
[2025-01-08T17:37:11.140+0000][162701.506s][info][gc,phases   ] GC(4954)   Other: 0.2ms
[2025-01-08T17:37:11.140+0000][162701.506s][info][gc,heap     ] GC(4954) Eden regions: 911->0(67)
[2025-01-08T17:37:11.140+0000][162701.506s][info][gc,heap     ] GC(4954) Survivor regions: 10->9(116)
[2025-01-08T17:37:11.140+0000][162701.506s][info][gc,heap     ] GC(4954) Old regions: 234->234
[2025-01-08T17:37:11.140+0000][162701.506s][info][gc,heap     ] GC(4954) Archive regions: 2->2
[2025-01-08T17:37:11.140+0000][162701.506s][info][gc,heap     ] GC(4954) Humongous regions: 49->49
[2025-01-08T17:37:11.140+0000][162701.506s][info][gc,metaspace] GC(4954) Metaspace: 506413K(515200K)->506413K(515200K) NonClass: 444854K(449216K)->444854K(449216K) Class: 61559K(65984K)->61559K(65984K)
[2025-01-08T17:37:11.140+0000][162701.506s][info][gc          ] GC(4954) Pause Young (Prepare Mixed) (G1 Evacuation Pause) 9631M->2342M(12288M) 33.618ms
[2025-01-08T17:37:11.140+0000][162701.506s][info][gc,cpu      ] GC(4954) User=0.19s Sys=0.00s Real=0.03s
[2025-01-08T17:37:11.459+0000][162701.825s][info][gc,start    ] GC(4955) Pause Young (Mixed) (G1 Evacuation Pause)
[2025-01-08T17:37:11.459+0000][162701.825s][info][gc,task     ] GC(4955) Using 6 workers of 6 for evacuation
[2025-01-08T17:37:11.509+0000][162701.875s][info][gc,phases   ] GC(4955)   Pre Evacuate Collection Set: 0.2ms
[2025-01-08T17:37:11.509+0000][162701.875s][info][gc,phases   ] GC(4955)   Merge Heap Roots: 0.5ms
[2025-01-08T17:37:11.509+0000][162701.875s][info][gc,phases   ] GC(4955)   Evacuate Collection Set: 48.3ms
[2025-01-08T17:37:11.509+0000][162701.875s][info][gc,phases   ] GC(4955)   Post Evacuate Collection Set: 1.5ms
[2025-01-08T17:37:11.509+0000][162701.875s][info][gc,phases   ] GC(4955)   Other: 0.2ms
[2025-01-08T17:37:11.509+0000][162701.875s][info][gc,heap     ] GC(4955) Eden regions: 67->0(916)
[2025-01-08T17:37:11.509+0000][162701.875s][info][gc,heap     ] GC(4955) Survivor regions: 9->5(10)
[2025-01-08T17:37:11.509+0000][162701.875s][info][gc,heap     ] GC(4955) Old regions: 234->233
[2025-01-08T17:37:11.509+0000][162701.875s][info][gc,heap     ] GC(4955) Archive regions: 2->2
[2025-01-08T17:37:11.509+0000][162701.875s][info][gc,heap     ] GC(4955) Humongous regions: 49->49
[2025-01-08T17:37:11.509+0000][162701.875s][info][gc,metaspace] GC(4955) Metaspace: 506413K(515200K)->506413K(515200K) NonClass: 444854K(449216K)->444854K(449216K) Class: 61559K(65984K)->61559K(65984K)
[2025-01-08T17:37:11.509+0000][162701.875s][info][gc          ] GC(4955) Pause Young (Mixed) (G1 Evacuation Pause) 2878M->2299M(12288M) 50.837ms
[2025-01-08T17:37:11.509+0000][162701.875s][info][gc,cpu      ] GC(4955) User=0.30s Sys=0.00s Real=0.05s
[2025-01-08T17:37:15.288+0000][162705.654s][info][gc,start    ] GC(4956) Pause Young (Normal) (G1 Evacuation Pause)
[2025-01-08T17:37:15.288+0000][162705.654s][info][gc,task     ] GC(4956) Using 6 workers of 6 for evacuation
[2025-01-08T17:37:15.311+0000][162705.677s][info][gc,phases   ] GC(4956)   Pre Evacuate Collection Set: 0.2ms
[2025-01-08T17:37:15.311+0000][162705.677s][info][gc,phases   ] GC(4956)   Merge Heap Roots: 0.4ms
[2025-01-08T17:37:15.311+0000][162705.677s][info][gc,phases   ] GC(4956)   Evacuate Collection Set: 19.9ms
[2025-01-08T17:37:15.311+0000][162705.677s][info][gc,phases   ] GC(4956)   Post Evacuate Collection Set: 2.3ms
[2025-01-08T17:37:15.311+0000][162705.677s][info][gc,phases   ] GC(4956)   Other: 0.2ms
[2025-01-08T17:37:15.311+0000][162705.677s][info][gc,heap     ] GC(4956) Eden regions: 916->0(915)
[2025-01-08T17:37:15.311+0000][162705.677s][info][gc,heap     ] GC(4956) Survivor regions: 5->6(116)
[2025-01-08T17:37:15.311+0000][162705.677s][info][gc,heap     ] GC(4956) Old regions: 233->233
[2025-01-08T17:37:15.311+0000][162705.677s][info][gc,heap     ] GC(4956) Archive regions: 2->2
[2025-01-08T17:37:15.311+0000][162705.677s][info][gc,heap     ] GC(4956) Humongous regions: 49->49
[2025-01-08T17:37:15.311+0000][162705.677s][info][gc,metaspace] GC(4956) Metaspace: 506413K(515200K)->506413K(515200K) NonClass: 444854K(449216K)->444854K(449216K) Class: 61559K(65984K)->61559K(65984K)
[2025-01-08T17:37:15.311+0000][162705.677s][info][gc          ] GC(4956) Pause Young (Normal) (G1 Evacuation Pause) 9627M->2303M(12288M) 23.100ms
[2025-01-08T17:37:15.311+0000][162705.677s][info][gc,cpu      ] GC(4956) User=0.14s Sys=0.00s Real=0.03s
[2025-01-08T17:37:18.744+0000][162709.110s][info][gc,start    ] GC(4957) Pause Young (Normal) (G1 Evacuation Pause)
[2025-01-08T17:37:18.744+0000][162709.110s][info][gc,task     ] GC(4957) Using 6 workers of 6 for evacuation
[2025-01-08T17:37:18.768+0000][162709.134s][info][gc,phases   ] GC(4957)   Pre Evacuate Collection Set: 0.2ms
[2025-01-08T17:37:18.768+0000][162709.134s][info][gc,phases   ] GC(4957)   Merge Heap Roots: 0.4ms
[2025-01-08T17:37:18.768+0000][162709.135s][info][gc,phases   ] GC(4957)   Evacuate Collection Set: 20.4ms
[2025-01-08T17:37:18.768+0000][162709.135s][info][gc,phases   ] GC(4957)   Post Evacuate Collection Set: 3.6ms
[2025-01-08T17:37:18.768+0000][162709.135s][info][gc,phases   ] GC(4957)   Other: 0.2ms
[2025-01-08T17:37:18.768+0000][162709.135s][info][gc,heap     ] GC(4957) Eden regions: 915->0(914)
[2025-01-08T17:37:18.768+0000][162709.135s][info][gc,heap     ] GC(4957) Survivor regions: 6->7(116)
[2025-01-08T17:37:18.768+0000][162709.135s][info][gc,heap     ] GC(4957) Old regions: 233->233
[2025-01-08T17:37:18.768+0000][162709.135s][info][gc,heap     ] GC(4957) Archive regions: 2->2
[2025-01-08T17:37:18.768+0000][162709.135s][info][gc,heap     ] GC(4957) Humongous regions: 49->49
[2025-01-08T17:37:18.768+0000][162709.135s][info][gc,metaspace] GC(4957) Metaspace: 506413K(515200K)->506413K(515200K) NonClass: 444854K(449216K)->444854K(449216K) Class: 61559K(65984K)->61559K(65984K)
[2025-01-08T17:37:18.768+0000][162709.135s][info][gc          ] GC(4957) Pause Young (Normal) (G1 Evacuation Pause) 9623M->2312M(12288M) 24.812ms
[2025-01-08T17:37:18.769+0000][162709.135s][info][gc,cpu      ] GC(4957) User=0.15s Sys=0.00s Real=0.02s
[2025-01-08T17:37:22.894+0000][162713.260s][info][gc,start    ] GC(4958) Pause Young (Concurrent Start) (G1 Evacuation Pause)
[2025-01-08T17:37:22.894+0000][162713.260s][info][gc,task     ] GC(4958) Using 6 workers of 6 for evacuation
[2025-01-08T17:37:22.921+0000][162713.287s][info][gc,phases   ] GC(4958)   Pre Evacuate Collection Set: 1.1ms
[2025-01-08T17:37:22.921+0000][162713.287s][info][gc,phases   ] GC(4958)   Merge Heap Roots: 0.4ms
[2025-01-08T17:37:22.921+0000][162713.287s][info][gc,phases   ] GC(4958)   Evacuate Collection Set: 22.3ms
[2025-01-08T17:37:22.921+0000][162713.287s][info][gc,phases   ] GC(4958)   Post Evacuate Collection Set: 2.3ms
[2025-01-08T17:37:22.921+0000][162713.287s][info][gc,phases   ] GC(4958)   Other: 0.3ms
[2025-01-08T17:37:22.921+0000][162713.287s][info][gc,heap     ] GC(4958) Eden regions: 914->0(914)
[2025-01-08T17:37:22.921+0000][162713.287s][info][gc,heap     ] GC(4958) Survivor regions: 7->7(116)
[2025-01-08T17:37:22.921+0000][162713.287s][info][gc,heap     ] GC(4958) Old regions: 233->233
[2025-01-08T17:37:22.921+0000][162713.287s][info][gc,heap     ] GC(4958) Archive regions: 2->2
[2025-01-08T17:37:22.921+0000][162713.287s][info][gc,heap     ] GC(4958) Humongous regions: 49->49
[2025-01-08T17:37:22.921+0000][162713.287s][info][gc,metaspace] GC(4958) Metaspace: 506413K(515200K)->506413K(515200K) NonClass: 444854K(449216K)->444854K(449216K) Class: 61559K(65984K)->61559K(65984K)
[2025-01-08T17:37:22.921+0000][162713.287s][info][gc          ] GC(4958) Pause Young (Concurrent Start) (G1 Evacuation Pause) 9624M->2310M(12288M) 26.539ms
[2025-01-08T17:37:22.921+0000][162713.287s][info][gc,cpu      ] GC(4958) User=0.15s Sys=0.00s Real=0.02s
[2025-01-08T17:37:22.921+0000][162713.287s][info][gc          ] GC(4959) Concurrent Mark Cycle
[2025-01-08T17:37:22.921+0000][162713.287s][info][gc,marking  ] GC(4959) Concurrent Clear Claimed Marks
[2025-01-08T17:37:22.922+0000][162713.288s][info][gc,marking  ] GC(4959) Concurrent Clear Claimed Marks 0.882ms
[2025-01-08T17:37:22.922+0000][162713.288s][info][gc,marking  ] GC(4959) Concurrent Scan Root Regions
[2025-01-08T17:37:22.940+0000][162713.306s][info][gc,marking  ] GC(4959) Concurrent Scan Root Regions 18.359ms
[2025-01-08T17:37:22.940+0000][162713.306s][info][gc,marking  ] GC(4959) Concurrent Mark
[2025-01-08T17:37:22.940+0000][162713.306s][info][gc,marking  ] GC(4959) Concurrent Mark From Roots
[2025-01-08T17:37:22.940+0000][162713.306s][info][gc,task     ] GC(4959) Using 2 workers of 2 for marking
[2025-01-08T17:37:23.720+0000][162714.086s][info][gc,marking  ] GC(4959) Concurrent Mark From Roots 780.182ms
[2025-01-08T17:37:23.720+0000][162714.087s][info][gc,marking  ] GC(4959) Concurrent Preclean
[2025-01-08T17:37:23.723+0000][162714.089s][info][gc,marking  ] GC(4959) Concurrent Preclean 2.481ms
[2025-01-08T17:37:23.723+0000][162714.089s][info][gc,start    ] GC(4959) Pause Remark
[2025-01-08T17:37:23.748+0000][162714.115s][info][gc          ] GC(4959) Pause Remark 3494M->3494M(12288M) 25.453ms
[2025-01-08T17:37:23.749+0000][162714.115s][info][gc,cpu      ] GC(4959) User=0.15s Sys=0.00s Real=0.02s
[2025-01-08T17:37:23.749+0000][162714.115s][info][gc,marking  ] GC(4959) Concurrent Mark 808.544ms
[2025-01-08T17:37:23.749+0000][162714.115s][info][gc,marking  ] GC(4959) Concurrent Rebuild Remembered Sets
[2025-01-08T17:37:24.303+0000][162714.670s][info][gc,marking  ] GC(4959) Concurrent Rebuild Remembered Sets 554.687ms
[2025-01-08T17:37:24.304+0000][162714.670s][info][gc,start    ] GC(4959) Pause Cleanup
[2025-01-08T17:37:24.304+0000][162714.670s][info][gc          ] GC(4959) Pause Cleanup 4286M->4286M(12288M) 0.403ms
[2025-01-08T17:37:24.304+0000][162714.670s][info][gc,cpu      ] GC(4959) User=0.00s Sys=0.00s Real=0.00s
[2025-01-08T17:37:24.304+0000][162714.670s][info][gc,marking  ] GC(4959) Concurrent Cleanup for Next Mark
[2025-01-08T17:37:24.319+0000][162714.686s][info][gc,marking  ] GC(4959) Concurrent Cleanup for Next Mark 15.326ms
[2025-01-08T17:37:24.319+0000][162714.686s][info][gc          ] GC(4959) Concurrent Mark Cycle 1398.587ms
[2025-01-08T17:37:29.000+0000][162719.366s][info][gc,start    ] GC(4960) Pause Young (Prepare Mixed) (G1 Evacuation Pause)
[2025-01-08T17:37:29.000+0000][162719.366s][info][gc,task     ] GC(4960) Using 6 workers of 6 for evacuation
[2025-01-08T17:37:29.029+0000][162719.395s][info][gc,phases   ] GC(4960)   Pre Evacuate Collection Set: 0.2ms
[2025-01-08T17:37:29.029+0000][162719.395s][info][gc,phases   ] GC(4960)   Merge Heap Roots: 0.6ms
[2025-01-08T17:37:29.029+0000][162719.395s][info][gc,phases   ] GC(4960)   Evacuate Collection Set: 26.1ms
[2025-01-08T17:37:29.029+0000][162719.395s][info][gc,phases   ] GC(4960)   Post Evacuate Collection Set: 2.4ms
[2025-01-08T17:37:29.029+0000][162719.395s][info][gc,phases   ] GC(4960)   Other: 0.2ms
[2025-01-08T17:37:29.029+0000][162719.395s][info][gc,heap     ] GC(4960) Eden regions: 914->0(68)
[2025-01-08T17:37:29.029+0000][162719.395s][info][gc,heap     ] GC(4960) Survivor regions: 7->8(116)
[2025-01-08T17:37:29.029+0000][162719.395s][info][gc,heap     ] GC(4960) Old regions: 233->233
[2025-01-08T17:37:29.029+0000][162719.395s][info][gc,heap     ] GC(4960) Archive regions: 2->2
[2025-01-08T17:37:29.029+0000][162719.395s][info][gc,heap     ] GC(4960) Humongous regions: 49->49
[2025-01-08T17:37:29.029+0000][162719.395s][info][gc,metaspace] GC(4960) Metaspace: 506413K(515200K)->506413K(515200K) NonClass: 444854K(449216K)->444854K(449216K) Class: 61559K(65984K)->61559K(65984K)
[2025-01-08T17:37:29.029+0000][162719.395s][info][gc          ] GC(4960) Pause Young (Prepare Mixed) (G1 Evacuation Pause) 9622M->2319M(12288M) 29.590ms
[2025-01-08T17:37:29.029+0000][162719.395s][info][gc,cpu      ] GC(4960) User=0.18s Sys=0.00s Real=0.03s
[2025-01-08T17:37:29.580+0000][162719.946s][info][gc,start    ] GC(4961) Pause Young (Mixed) (G1 Evacuation Pause)
[2025-01-08T17:37:29.580+0000][162719.946s][info][gc,task     ] GC(4961) Using 6 workers of 6 for evacuation
[2025-01-08T17:37:29.650+0000][162720.016s][info][gc,phases   ] GC(4961)   Pre Evacuate Collection Set: 0.2ms
[2025-01-08T17:37:29.650+0000][162720.016s][info][gc,phases   ] GC(4961)   Merge Heap Roots: 0.8ms
[2025-01-08T17:37:29.650+0000][162720.016s][info][gc,phases   ] GC(4961)   Evacuate Collection Set: 66.7ms
[2025-01-08T17:37:29.650+0000][162720.016s][info][gc,phases   ] GC(4961)   Post Evacuate Collection Set: 1.9ms
[2025-01-08T17:37:29.650+0000][162720.016s][info][gc,phases   ] GC(4961)   Other: 0.2ms
[2025-01-08T17:37:29.650+0000][162720.016s][info][gc,heap     ] GC(4961) Eden regions: 68->0(915)
[2025-01-08T17:37:29.650+0000][162720.016s][info][gc,heap     ] GC(4961) Survivor regions: 8->6(10)
[2025-01-08T17:37:29.650+0000][162720.016s][info][gc,heap     ] GC(4961) Old regions: 233->231
[2025-01-08T17:37:29.650+0000][162720.016s][info][gc,heap     ] GC(4961) Archive regions: 2->2
[2025-01-08T17:37:29.650+0000][162720.016s][info][gc,heap     ] GC(4961) Humongous regions: 49->49
[2025-01-08T17:37:29.650+0000][162720.016s][info][gc,metaspace] GC(4961) Metaspace: 506413K(515200K)->506413K(515200K) NonClass: 444854K(449216K)->444854K(449216K) Class: 61559K(65984K)->61559K(65984K)
[2025-01-08T17:37:29.650+0000][162720.016s][info][gc          ] GC(4961) Pause Young (Mixed) (G1 Evacuation Pause) 2863M->2287M(12288M) 69.820ms
[2025-01-08T17:37:29.650+0000][162720.016s][info][gc,cpu      ] GC(4961) User=0.41s Sys=0.00s Real=0.08s
[2025-01-08T17:37:37.261+0000][162727.627s][info][gc,start    ] GC(4962) Pause Young (Normal) (G1 Evacuation Pause)
[2025-01-08T17:37:37.261+0000][162727.627s][info][gc,task     ] GC(4962) Using 6 workers of 6 for evacuation
[2025-01-08T17:37:37.286+0000][162727.652s][info][gc,phases   ] GC(4962)   Pre Evacuate Collection Set: 0.2ms
[2025-01-08T17:37:37.286+0000][162727.652s][info][gc,phases   ] GC(4962)   Merge Heap Roots: 0.5ms
[2025-01-08T17:37:37.286+0000][162727.652s][info][gc,phases   ] GC(4962)   Evacuate Collection Set: 22.2ms
[2025-01-08T17:37:37.286+0000][162727.652s][info][gc,phases   ] GC(4962)   Post Evacuate Collection Set: 2.5ms
[2025-01-08T17:37:37.286+0000][162727.652s][info][gc,phases   ] GC(4962)   Other: 0.2ms
[2025-01-08T17:37:37.286+0000][162727.652s][info][gc,heap     ] GC(4962) Eden regions: 915->0(914)
[2025-01-08T17:37:37.286+0000][162727.652s][info][gc,heap     ] GC(4962) Survivor regions: 6->7(116)
[2025-01-08T17:37:37.286+0000][162727.652s][info][gc,heap     ] GC(4962) Old regions: 231->231
[2025-01-08T17:37:37.286+0000][162727.652s][info][gc,heap     ] GC(4962) Archive regions: 2->2
[2025-01-08T17:37:37.286+0000][162727.652s][info][gc,heap     ] GC(4962) Humongous regions: 49->49
[2025-01-08T17:37:37.286+0000][162727.652s][info][gc,metaspace] GC(4962) Metaspace: 506413K(515200K)->506413K(515200K) NonClass: 444854K(449216K)->444854K(449216K) Class: 61559K(65984K)->61559K(65984K)
[2025-01-08T17:37:37.286+0000][162727.652s][info][gc          ] GC(4962) Pause Young (Normal) (G1 Evacuation Pause) 9607M->2291M(12288M) 25.647ms
[2025-01-08T17:37:37.286+0000][162727.652s][info][gc,cpu      ] GC(4962) User=0.15s Sys=0.00s Real=0.03s
[2025-01-08T17:37:50.156+0000][162740.522s][info][gc,start    ] GC(4963) Pause Young (Normal) (G1 Evacuation Pause)
[2025-01-08T17:37:50.156+0000][162740.522s][info][gc,task     ] GC(4963) Using 6 workers of 6 for evacuation
[2025-01-08T17:37:50.186+0000][162740.552s][info][gc,phases   ] GC(4963)   Pre Evacuate Collection Set: 0.2ms
[2025-01-08T17:37:50.186+0000][162740.552s][info][gc,phases   ] GC(4963)   Merge Heap Roots: 0.4ms
[2025-01-08T17:37:50.186+0000][162740.552s][info][gc,phases   ] GC(4963)   Evacuate Collection Set: 25.7ms
[2025-01-08T17:37:50.186+0000][162740.552s][info][gc,phases   ] GC(4963)   Post Evacuate Collection Set: 2.9ms
[2025-01-08T17:37:50.186+0000][162740.552s][info][gc,phases   ] GC(4963)   Other: 0.2ms
[2025-01-08T17:37:50.186+0000][162740.552s][info][gc,heap     ] GC(4963) Eden regions: 914->0(913)
[2025-01-08T17:37:50.186+0000][162740.552s][info][gc,heap     ] GC(4963) Survivor regions: 7->8(116)
[2025-01-08T17:37:50.186+0000][162740.552s][info][gc,heap     ] GC(4963) Old regions: 231->231
[2025-01-08T17:37:50.186+0000][162740.552s][info][gc,heap     ] GC(4963) Archive regions: 2->2
[2025-01-08T17:37:50.186+0000][162740.552s][info][gc,heap     ] GC(4963) Humongous regions: 49->49
[2025-01-08T17:37:50.186+0000][162740.552s][info][gc,metaspace] GC(4963) Metaspace: 506413K(515200K)->506413K(515200K) NonClass: 444854K(449216K)->444854K(449216K) Class: 61559K(65984K)->61559K(65984K)
[2025-01-08T17:37:50.186+0000][162740.552s][info][gc          ] GC(4963) Pause Young (Normal) (G1 Evacuation Pause) 9603M->2301M(12288M) 29.599ms
[2025-01-08T17:37:50.186+0000][162740.552s][info][gc,cpu      ] GC(4963) User=0.17s Sys=0.00s Real=0.03s
[2025-01-08T17:38:00.578+0000][162750.945s][info][gc,start    ] GC(4964) Pause Young (Concurrent Start) (G1 Evacuation Pause)
[2025-01-08T17:38:00.578+0000][162750.945s][info][gc,task     ] GC(4964) Using 6 workers of 6 for evacuation
[2025-01-08T17:38:00.619+0000][162750.985s][info][gc,phases   ] GC(4964)   Pre Evacuate Collection Set: 1.1ms
[2025-01-08T17:38:00.619+0000][162750.985s][info][gc,phases   ] GC(4964)   Merge Heap Roots: 0.5ms
[2025-01-08T17:38:00.619+0000][162750.985s][info][gc,phases   ] GC(4964)   Evacuate Collection Set: 33.3ms
[2025-01-08T17:38:00.619+0000][162750.985s][info][gc,phases   ] GC(4964)   Post Evacuate Collection Set: 5.7ms
[2025-01-08T17:38:00.619+0000][162750.985s][info][gc,phases   ] GC(4964)   Other: 0.3ms
[2025-01-08T17:38:00.619+0000][162750.985s][info][gc,heap     ] GC(4964) Eden regions: 913->0(910)
[2025-01-08T17:38:00.619+0000][162750.985s][info][gc,heap     ] GC(4964) Survivor regions: 8->11(116)
[2025-01-08T17:38:00.619+0000][162750.985s][info][gc,heap     ] GC(4964) Old regions: 231->231
[2025-01-08T17:38:00.619+0000][162750.985s][info][gc,heap     ] GC(4964) Archive regions: 2->2
[2025-01-08T17:38:00.619+0000][162750.985s][info][gc,heap     ] GC(4964) Humongous regions: 49->49
[2025-01-08T17:38:00.619+0000][162750.985s][info][gc,metaspace] GC(4964) Metaspace: 506413K(515200K)->506413K(515200K) NonClass: 444854K(449216K)->444854K(449216K) Class: 61559K(65984K)->61559K(65984K)
[2025-01-08T17:38:00.619+0000][162750.986s][info][gc          ] GC(4964) Pause Young (Concurrent Start) (G1 Evacuation Pause) 9605M->2324M(12288M) 40.986ms
[2025-01-08T17:38:00.619+0000][162750.986s][info][gc,cpu      ] GC(4964) User=0.23s Sys=0.00s Real=0.04s
[2025-01-08T17:38:00.619+0000][162750.986s][info][gc          ] GC(4965) Concurrent Mark Cycle
[2025-01-08T17:38:00.620+0000][162750.986s][info][gc,marking  ] GC(4965) Concurrent Clear Claimed Marks
[2025-01-08T17:38:00.620+0000][162750.986s][info][gc,marking  ] GC(4965) Concurrent Clear Claimed Marks 0.879ms
[2025-01-08T17:38:00.620+0000][162750.987s][info][gc,marking  ] GC(4965) Concurrent Scan Root Regions
[2025-01-08T17:38:00.643+0000][162751.009s][info][gc,marking  ] GC(4965) Concurrent Scan Root Regions 22.938ms
[2025-01-08T17:38:00.643+0000][162751.009s][info][gc,marking  ] GC(4965) Concurrent Mark
[2025-01-08T17:38:00.643+0000][162751.010s][info][gc,marking  ] GC(4965) Concurrent Mark From Roots
[2025-01-08T17:38:00.643+0000][162751.010s][info][gc,task     ] GC(4965) Using 2 workers of 2 for marking
[2025-01-08T17:38:01.502+0000][162751.868s][info][gc,marking  ] GC(4965) Concurrent Mark From Roots 858.938ms
[2025-01-08T17:38:01.502+0000][162751.868s][info][gc,marking  ] GC(4965) Concurrent Preclean
[2025-01-08T17:38:01.504+0000][162751.870s][info][gc,marking  ] GC(4965) Concurrent Preclean 1.902ms
[2025-01-08T17:38:01.504+0000][162751.870s][info][gc,start    ] GC(4965) Pause Remark
[2025-01-08T17:38:01.533+0000][162751.899s][info][gc          ] GC(4965) Pause Remark 3280M->3280M(12288M) 28.195ms
[2025-01-08T17:38:01.533+0000][162751.899s][info][gc,cpu      ] GC(4965) User=0.16s Sys=0.00s Real=0.03s
[2025-01-08T17:38:01.533+0000][162751.899s][info][gc,marking  ] GC(4965) Concurrent Mark 889.340ms
[2025-01-08T17:38:01.533+0000][162751.899s][info][gc,marking  ] GC(4965) Concurrent Rebuild Remembered Sets
[2025-01-08T17:38:02.007+0000][162752.373s][info][gc,marking  ] GC(4965) Concurrent Rebuild Remembered Sets 474.394ms
[2025-01-08T17:38:02.007+0000][162752.373s][info][gc,start    ] GC(4965) Pause Cleanup
[2025-01-08T17:38:02.008+0000][162752.374s][info][gc          ] GC(4965) Pause Cleanup 3664M->3664M(12288M) 0.377ms
[2025-01-08T17:38:02.008+0000][162752.374s][info][gc,cpu      ] GC(4965) User=0.00s Sys=0.00s Real=0.00s
[2025-01-08T17:38:02.008+0000][162752.374s][info][gc,marking  ] GC(4965) Concurrent Cleanup for Next Mark
[2025-01-08T17:38:02.023+0000][162752.389s][info][gc,marking  ] GC(4965) Concurrent Cleanup for Next Mark 15.544ms
[2025-01-08T17:38:02.023+0000][162752.389s][info][gc          ] GC(4965) Concurrent Mark Cycle 1403.869ms
[2025-01-08T17:38:09.005+0000][162759.372s][info][gc,start    ] GC(4966) Pause Young (Prepare Mixed) (G1 Evacuation Pause)
[2025-01-08T17:38:09.005+0000][162759.372s][info][gc,task     ] GC(4966) Using 6 workers of 6 for evacuation
[2025-01-08T17:38:09.045+0000][162759.411s][info][gc,phases   ] GC(4966)   Pre Evacuate Collection Set: 0.2ms
[2025-01-08T17:38:09.045+0000][162759.411s][info][gc,phases   ] GC(4966)   Merge Heap Roots: 0.7ms
[2025-01-08T17:38:09.045+0000][162759.411s][info][gc,phases   ] GC(4966)   Evacuate Collection Set: 34.3ms
[2025-01-08T17:38:09.045+0000][162759.411s][info][gc,phases   ] GC(4966)   Post Evacuate Collection Set: 3.9ms
[2025-01-08T17:38:09.045+0000][162759.411s][info][gc,phases   ] GC(4966)   Other: 0.2ms
[2025-01-08T17:38:09.045+0000][162759.411s][info][gc,heap     ] GC(4966) Eden regions: 910->0(63)
[2025-01-08T17:38:09.045+0000][162759.411s][info][gc,heap     ] GC(4966) Survivor regions: 11->13(116)
[2025-01-08T17:38:09.045+0000][162759.411s][info][gc,heap     ] GC(4966) Old regions: 231->231
[2025-01-08T17:38:09.045+0000][162759.411s][info][gc,heap     ] GC(4966) Archive regions: 2->2
[2025-01-08T17:38:09.045+0000][162759.411s][info][gc,heap     ] GC(4966) Humongous regions: 49->49
[2025-01-08T17:38:09.045+0000][162759.411s][info][gc,metaspace] GC(4966) Metaspace: 506413K(515200K)->506413K(515200K) NonClass: 444854K(449216K)->444854K(449216K) Class: 61559K(65984K)->61559K(65984K)
[2025-01-08T17:38:09.045+0000][162759.411s][info][gc          ] GC(4966) Pause Young (Prepare Mixed) (G1 Evacuation Pause) 9604M->2337M(12288M) 39.383ms
[2025-01-08T17:38:09.045+0000][162759.411s][info][gc,cpu      ] GC(4966) User=0.23s Sys=0.01s Real=0.04s
[2025-01-08T17:38:09.930+0000][162760.296s][info][gc,start    ] GC(4967) Pause Young (Mixed) (G1 Evacuation Pause)
[2025-01-08T17:38:09.930+0000][162760.296s][info][gc,task     ] GC(4967) Using 6 workers of 6 for evacuation
[2025-01-08T17:38:09.990+0000][162760.356s][info][gc,phases   ] GC(4967)   Pre Evacuate Collection Set: 0.2ms
[2025-01-08T17:38:09.990+0000][162760.356s][info][gc,phases   ] GC(4967)   Merge Heap Roots: 0.6ms
[2025-01-08T17:38:09.990+0000][162760.356s][info][gc,phases   ] GC(4967)   Evacuate Collection Set: 57.5ms
[2025-01-08T17:38:09.990+0000][162760.356s][info][gc,phases   ] GC(4967)   Post Evacuate Collection Set: 1.8ms
[2025-01-08T17:38:09.990+0000][162760.356s][info][gc,phases   ] GC(4967)   Other: 0.2ms
[2025-01-08T17:38:09.990+0000][162760.356s][info][gc,heap     ] GC(4967) Eden regions: 63->0(917)
[2025-01-08T17:38:09.990+0000][162760.356s][info][gc,heap     ] GC(4967) Survivor regions: 13->4(10)
[2025-01-08T17:38:09.990+0000][162760.356s][info][gc,heap     ] GC(4967) Old regions: 231->234
[2025-01-08T17:38:09.990+0000][162760.356s][info][gc,heap     ] GC(4967) Archive regions: 2->2
[2025-01-08T17:38:09.990+0000][162760.356s][info][gc,heap     ] GC(4967) Humongous regions: 49->49
[2025-01-08T17:38:09.990+0000][162760.356s][info][gc,metaspace] GC(4967) Metaspace: 506413K(515200K)->506413K(515200K) NonClass: 444854K(449216K)->444854K(449216K) Class: 61559K(65984K)->61559K(65984K)
[2025-01-08T17:38:09.990+0000][162760.356s][info][gc          ] GC(4967) Pause Young (Mixed) (G1 Evacuation Pause) 2841M->2296M(12288M) 60.293ms
[2025-01-08T17:38:09.990+0000][162760.356s][info][gc,cpu      ] GC(4967) User=0.34s Sys=0.00s Real=0.06s
[2025-01-08T17:38:21.965+0000][162772.331s][info][gc,start    ] GC(4968) Pause Young (Normal) (G1 Evacuation Pause)
[2025-01-08T17:38:21.965+0000][162772.331s][info][gc,task     ] GC(4968) Using 6 workers of 6 for evacuation
[2025-01-08T17:38:21.988+0000][162772.354s][info][gc,phases   ] GC(4968)   Pre Evacuate Collection Set: 0.2ms
[2025-01-08T17:38:21.988+0000][162772.354s][info][gc,phases   ] GC(4968)   Merge Heap Roots: 0.4ms
[2025-01-08T17:38:21.988+0000][162772.354s][info][gc,phases   ] GC(4968)   Evacuate Collection Set: 19.8ms
[2025-01-08T17:38:21.988+0000][162772.354s][info][gc,phases   ] GC(4968)   Post Evacuate Collection Set: 2.6ms
[2025-01-08T17:38:21.988+0000][162772.354s][info][gc,phases   ] GC(4968)   Other: 0.2ms
[2025-01-08T17:38:21.988+0000][162772.354s][info][gc,heap     ] GC(4968) Eden regions: 917->0(916)
[2025-01-08T17:38:21.988+0000][162772.354s][info][gc,heap     ] GC(4968) Survivor regions: 4->5(116)
[2025-01-08T17:38:21.988+0000][162772.354s][info][gc,heap     ] GC(4968) Old regions: 234->234
[2025-01-08T17:38:21.988+0000][162772.354s][info][gc,heap     ] GC(4968) Archive regions: 2->2
[2025-01-08T17:38:21.988+0000][162772.354s][info][gc,heap     ] GC(4968) Humongous regions: 49->49
[2025-01-08T17:38:21.988+0000][162772.354s][info][gc,metaspace] GC(4968) Metaspace: 506413K(515200K)->506413K(515200K) NonClass: 444854K(449216K)->444854K(449216K) Class: 61559K(65984K)->61559K(65984K)
[2025-01-08T17:38:21.988+0000][162772.354s][info][gc          ] GC(4968) Pause Young (Normal) (G1 Evacuation Pause) 9632M->2306M(12288M) 23.278ms
[2025-01-08T17:38:21.988+0000][162772.354s][info][gc,cpu      ] GC(4968) User=0.13s Sys=0.00s Real=0.02s
[2025-01-08T17:38:36.195+0000][162786.561s][info][gc,start    ] GC(4969) Pause Young (Normal) (G1 Evacuation Pause)
[2025-01-08T17:38:36.195+0000][162786.561s][info][gc,task     ] GC(4969) Using 6 workers of 6 for evacuation
[2025-01-08T17:38:36.222+0000][162786.588s][info][gc,phases   ] GC(4969)   Pre Evacuate Collection Set: 0.2ms
[2025-01-08T17:38:36.222+0000][162786.588s][info][gc,phases   ] GC(4969)   Merge Heap Roots: 0.4ms
[2025-01-08T17:38:36.222+0000][162786.588s][info][gc,phases   ] GC(4969)   Evacuate Collection Set: 23.6ms
[2025-01-08T17:38:36.222+0000][162786.588s][info][gc,phases   ] GC(4969)   Post Evacuate Collection Set: 2.7ms
[2025-01-08T17:38:36.222+0000][162786.588s][info][gc,phases   ] GC(4969)   Other: 0.2ms
[2025-01-08T17:38:36.222+0000][162786.588s][info][gc,heap     ] GC(4969) Eden regions: 916->0(914)
[2025-01-08T17:38:36.222+0000][162786.588s][info][gc,heap     ] GC(4969) Survivor regions: 5->7(116)
[2025-01-08T17:38:36.222+0000][162786.588s][info][gc,heap     ] GC(4969) Old regions: 234->234
[2025-01-08T17:38:36.222+0000][162786.588s][info][gc,heap     ] GC(4969) Archive regions: 2->2
[2025-01-08T17:38:36.222+0000][162786.588s][info][gc,heap     ] GC(4969) Humongous regions: 49->49
[2025-01-08T17:38:36.222+0000][162786.588s][info][gc,metaspace] GC(4969) Metaspace: 506413K(515200K)->506413K(515200K) NonClass: 444854K(449216K)->444854K(449216K) Class: 61559K(65984K)->61559K(65984K)
[2025-01-08T17:38:36.222+0000][162786.588s][info][gc          ] GC(4969) Pause Young (Normal) (G1 Evacuation Pause) 9634M->2318M(12288M) 27.207ms
[2025-01-08T17:38:36.222+0000][162786.588s][info][gc,cpu      ] GC(4969) User=0.16s Sys=0.00s Real=0.03s
[2025-01-08T17:38:42.111+0000][162792.478s][info][gc,start    ] GC(4970) Pause Young (Concurrent Start) (G1 Evacuation Pause)
[2025-01-08T17:38:42.112+0000][162792.478s][info][gc,task     ] GC(4970) Using 6 workers of 6 for evacuation
[2025-01-08T17:38:42.141+0000][162792.507s][info][gc,phases   ] GC(4970)   Pre Evacuate Collection Set: 1.0ms
[2025-01-08T17:38:42.141+0000][162792.507s][info][gc,phases   ] GC(4970)   Merge Heap Roots: 0.4ms
[2025-01-08T17:38:42.141+0000][162792.507s][info][gc,phases   ] GC(4970)   Evacuate Collection Set: 25.7ms
[2025-01-08T17:38:42.141+0000][162792.507s][info][gc,phases   ] GC(4970)   Post Evacuate Collection Set: 2.4ms
[2025-01-08T17:38:42.141+0000][162792.507s][info][gc,phases   ] GC(4970)   Other: 0.3ms
[2025-01-08T17:38:42.141+0000][162792.507s][info][gc,heap     ] GC(4970) Eden regions: 914->0(913)
[2025-01-08T17:38:42.141+0000][162792.507s][info][gc,heap     ] GC(4970) Survivor regions: 7->8(116)
[2025-01-08T17:38:42.141+0000][162792.507s][info][gc,heap     ] GC(4970) Old regions: 234->234
[2025-01-08T17:38:42.141+0000][162792.507s][info][gc,heap     ] GC(4970) Archive regions: 2->2
[2025-01-08T17:38:42.141+0000][162792.507s][info][gc,heap     ] GC(4970) Humongous regions: 49->49
[2025-01-08T17:38:42.141+0000][162792.507s][info][gc,metaspace] GC(4970) Metaspace: 506413K(515200K)->506413K(515200K) NonClass: 444854K(449216K)->444854K(449216K) Class: 61559K(65984K)->61559K(65984K)
[2025-01-08T17:38:42.141+0000][162792.507s][info][gc          ] GC(4970) Pause Young (Concurrent Start) (G1 Evacuation Pause) 9630M->2327M(12288M) 29.855ms
[2025-01-08T17:38:42.141+0000][162792.507s][info][gc,cpu      ] GC(4970) User=0.17s Sys=0.00s Real=0.02s
[2025-01-08T17:38:42.141+0000][162792.508s][info][gc          ] GC(4971) Concurrent Mark Cycle
[2025-01-08T17:38:42.141+0000][162792.508s][info][gc,marking  ] GC(4971) Concurrent Clear Claimed Marks
[2025-01-08T17:38:42.142+0000][162792.508s][info][gc,marking  ] GC(4971) Concurrent Clear Claimed Marks 0.897ms
[2025-01-08T17:38:42.142+0000][162792.508s][info][gc,marking  ] GC(4971) Concurrent Scan Root Regions
[2025-01-08T17:38:42.164+0000][162792.530s][info][gc,marking  ] GC(4971) Concurrent Scan Root Regions 21.470ms
[2025-01-08T17:38:42.164+0000][162792.530s][info][gc,marking  ] GC(4971) Concurrent Mark
[2025-01-08T17:38:42.164+0000][162792.530s][info][gc,marking  ] GC(4971) Concurrent Mark From Roots
[2025-01-08T17:38:42.164+0000][162792.530s][info][gc,task     ] GC(4971) Using 2 workers of 2 for marking
[2025-01-08T17:38:43.163+0000][162793.529s][info][gc,marking  ] GC(4971) Concurrent Mark From Roots 998.797ms
[2025-01-08T17:38:43.163+0000][162793.529s][info][gc,marking  ] GC(4971) Concurrent Preclean
[2025-01-08T17:38:43.165+0000][162793.532s][info][gc,marking  ] GC(4971) Concurrent Preclean 2.757ms
[2025-01-08T17:38:43.166+0000][162793.532s][info][gc,start    ] GC(4971) Pause Remark
[2025-01-08T17:38:43.191+0000][162793.557s][info][gc          ] GC(4971) Pause Remark 3823M->3823M(12288M) 25.601ms
[2025-01-08T17:38:43.191+0000][162793.557s][info][gc,cpu      ] GC(4971) User=0.15s Sys=0.00s Real=0.03s
[2025-01-08T17:38:43.191+0000][162793.557s][info][gc,marking  ] GC(4971) Concurrent Mark 1027.495ms
[2025-01-08T17:38:43.191+0000][162793.558s][info][gc,marking  ] GC(4971) Concurrent Rebuild Remembered Sets
[2025-01-08T17:38:43.691+0000][162794.057s][info][gc,marking  ] GC(4971) Concurrent Rebuild Remembered Sets 499.154ms
[2025-01-08T17:38:43.691+0000][162794.057s][info][gc,start    ] GC(4971) Pause Cleanup
[2025-01-08T17:38:43.691+0000][162794.057s][info][gc          ] GC(4971) Pause Cleanup 4239M->4239M(12288M) 0.361ms
[2025-01-08T17:38:43.691+0000][162794.057s][info][gc,cpu      ] GC(4971) User=0.00s Sys=0.00s Real=0.00s
[2025-01-08T17:38:43.691+0000][162794.057s][info][gc,marking  ] GC(4971) Concurrent Cleanup for Next Mark
[2025-01-08T17:38:43.718+0000][162794.084s][info][gc,marking  ] GC(4971) Concurrent Cleanup for Next Mark 27.199ms
[2025-01-08T17:38:43.718+0000][162794.085s][info][gc          ] GC(4971) Concurrent Mark Cycle 1576.958ms
[2025-01-08T17:38:50.670+0000][162801.036s][info][gc,start    ] GC(4972) Pause Young (Prepare Mixed) (G1 Evacuation Pause)
[2025-01-08T17:38:50.670+0000][162801.036s][info][gc,task     ] GC(4972) Using 6 workers of 6 for evacuation
[2025-01-08T17:38:50.702+0000][162801.068s][info][gc,phases   ] GC(4972)   Pre Evacuate Collection Set: 0.2ms
[2025-01-08T17:38:50.702+0000][162801.068s][info][gc,phases   ] GC(4972)   Merge Heap Roots: 0.6ms
[2025-01-08T17:38:50.702+0000][162801.068s][info][gc,phases   ] GC(4972)   Evacuate Collection Set: 27.6ms
[2025-01-08T17:38:50.702+0000][162801.068s][info][gc,phases   ] GC(4972)   Post Evacuate Collection Set: 4.0ms
[2025-01-08T17:38:50.702+0000][162801.068s][info][gc,phases   ] GC(4972)   Other: 0.2ms
[2025-01-08T17:38:50.702+0000][162801.068s][info][gc,heap     ] GC(4972) Eden regions: 913->0(67)
[2025-01-08T17:38:50.702+0000][162801.068s][info][gc,heap     ] GC(4972) Survivor regions: 8->9(116)
[2025-01-08T17:38:50.702+0000][162801.068s][info][gc,heap     ] GC(4972) Old regions: 234->234
[2025-01-08T17:38:50.702+0000][162801.068s][info][gc,heap     ] GC(4972) Archive regions: 2->2
[2025-01-08T17:38:50.702+0000][162801.068s][info][gc,heap     ] GC(4972) Humongous regions: 49->49
[2025-01-08T17:38:50.702+0000][162801.068s][info][gc,metaspace] GC(4972) Metaspace: 506413K(515200K)->506413K(515200K) NonClass: 444854K(449216K)->444854K(449216K) Class: 61559K(65984K)->61559K(65984K)
[2025-01-08T17:38:50.702+0000][162801.068s][info][gc          ] GC(4972) Pause Young (Prepare Mixed) (G1 Evacuation Pause) 9631M->2334M(12288M) 32.809ms
[2025-01-08T17:38:50.702+0000][162801.069s][info][gc,cpu      ] GC(4972) User=0.20s Sys=0.00s Real=0.03s
[2025-01-08T17:38:51.033+0000][162801.400s][info][gc,start    ] GC(4973) Pause Young (Mixed) (G1 Evacuation Pause)
[2025-01-08T17:38:51.033+0000][162801.400s][info][gc,task     ] GC(4973) Using 6 workers of 6 for evacuation
[2025-01-08T17:38:51.096+0000][162801.462s][info][gc,phases   ] GC(4973)   Pre Evacuate Collection Set: 0.2ms
[2025-01-08T17:38:51.096+0000][162801.462s][info][gc,phases   ] GC(4973)   Merge Heap Roots: 0.7ms
[2025-01-08T17:38:51.096+0000][162801.462s][info][gc,phases   ] GC(4973)   Evacuate Collection Set: 59.5ms
[2025-01-08T17:38:51.096+0000][162801.462s][info][gc,phases   ] GC(4973)   Post Evacuate Collection Set: 1.7ms
[2025-01-08T17:38:51.096+0000][162801.462s][info][gc,phases   ] GC(4973)   Other: 0.2ms
[2025-01-08T17:38:51.096+0000][162801.462s][info][gc,heap     ] GC(4973) Eden regions: 67->0(916)
[2025-01-08T17:38:51.096+0000][162801.462s][info][gc,heap     ] GC(4973) Survivor regions: 9->5(10)
[2025-01-08T17:38:51.096+0000][162801.462s][info][gc,heap     ] GC(4973) Old regions: 234->235
[2025-01-08T17:38:51.096+0000][162801.462s][info][gc,heap     ] GC(4973) Archive regions: 2->2
[2025-01-08T17:38:51.096+0000][162801.462s][info][gc,heap     ] GC(4973) Humongous regions: 49->49
[2025-01-08T17:38:51.096+0000][162801.462s][info][gc,metaspace] GC(4973) Metaspace: 506413K(515200K)->506413K(515200K) NonClass: 444854K(449216K)->444854K(449216K) Class: 61559K(65984K)->61559K(65984K)
[2025-01-08T17:38:51.096+0000][162801.462s][info][gc          ] GC(4973) Pause Young (Mixed) (G1 Evacuation Pause) 2870M->2314M(12288M) 62.342ms
[2025-01-08T17:38:51.096+0000][162801.462s][info][gc,cpu      ] GC(4973) User=0.36s Sys=0.00s Real=0.06s
[2025-01-08T17:38:59.202+0000][162809.568s][info][gc,start    ] GC(4974) Pause Young (Normal) (G1 Evacuation Pause)
[2025-01-08T17:38:59.202+0000][162809.568s][info][gc,task     ] GC(4974) Using 6 workers of 6 for evacuation
[2025-01-08T17:38:59.226+0000][162809.592s][info][gc,phases   ] GC(4974)   Pre Evacuate Collection Set: 0.2ms
[2025-01-08T17:38:59.226+0000][162809.592s][info][gc,phases   ] GC(4974)   Merge Heap Roots: 0.4ms
[2025-01-08T17:38:59.226+0000][162809.592s][info][gc,phases   ] GC(4974)   Evacuate Collection Set: 18.8ms
[2025-01-08T17:38:59.226+0000][162809.592s][info][gc,phases   ] GC(4974)   Post Evacuate Collection Set: 3.8ms
[2025-01-08T17:38:59.226+0000][162809.592s][info][gc,phases   ] GC(4974)   Other: 0.2ms
[2025-01-08T17:38:59.226+0000][162809.592s][info][gc,heap     ] GC(4974) Eden regions: 916->0(915)
[2025-01-08T17:38:59.226+0000][162809.592s][info][gc,heap     ] GC(4974) Survivor regions: 5->6(116)
[2025-01-08T17:38:59.226+0000][162809.592s][info][gc,heap     ] GC(4974) Old regions: 235->235
[2025-01-08T17:38:59.226+0000][162809.592s][info][gc,heap     ] GC(4974) Archive regions: 2->2
[2025-01-08T17:38:59.226+0000][162809.592s][info][gc,heap     ] GC(4974) Humongous regions: 49->49
[2025-01-08T17:38:59.226+0000][162809.592s][info][gc,metaspace] GC(4974) Metaspace: 506413K(515200K)->506413K(515200K) NonClass: 444854K(449216K)->444854K(449216K) Class: 61559K(65984K)->61559K(65984K)
[2025-01-08T17:38:59.226+0000][162809.592s][info][gc          ] GC(4974) Pause Young (Normal) (G1 Evacuation Pause) 9642M->2318M(12288M) 23.401ms
[2025-01-08T17:38:59.226+0000][162809.592s][info][gc,cpu      ] GC(4974) User=0.14s Sys=0.00s Real=0.02s
[2025-01-08T17:39:10.161+0000][162820.527s][info][gc,start    ] GC(4975) Pause Young (Normal) (G1 Evacuation Pause)
[2025-01-08T17:39:10.161+0000][162820.527s][info][gc,task     ] GC(4975) Using 6 workers of 6 for evacuation
[2025-01-08T17:39:10.190+0000][162820.557s][info][gc,phases   ] GC(4975)   Pre Evacuate Collection Set: 0.2ms
[2025-01-08T17:39:10.190+0000][162820.557s][info][gc,phases   ] GC(4975)   Merge Heap Roots: 0.4ms
[2025-01-08T17:39:10.190+0000][162820.557s][info][gc,phases   ] GC(4975)   Evacuate Collection Set: 25.1ms
[2025-01-08T17:39:10.190+0000][162820.557s][info][gc,phases   ] GC(4975)   Post Evacuate Collection Set: 3.8ms
[2025-01-08T17:39:10.190+0000][162820.557s][info][gc,phases   ] GC(4975)   Other: 0.2ms
[2025-01-08T17:39:10.190+0000][162820.557s][info][gc,heap     ] GC(4975) Eden regions: 915->0(914)
[2025-01-08T17:39:10.190+0000][162820.557s][info][gc,heap     ] GC(4975) Survivor regions: 6->7(116)
[2025-01-08T17:39:10.190+0000][162820.557s][info][gc,heap     ] GC(4975) Old regions: 235->235
[2025-01-08T17:39:10.190+0000][162820.557s][info][gc,heap     ] GC(4975) Archive regions: 2->2
[2025-01-08T17:39:10.190+0000][162820.557s][info][gc,heap     ] GC(4975) Humongous regions: 49->49
[2025-01-08T17:39:10.190+0000][162820.557s][info][gc,metaspace] GC(4975) Metaspace: 506413K(515200K)->506413K(515200K) NonClass: 444854K(449216K)->444854K(449216K) Class: 61559K(65984K)->61559K(65984K)
[2025-01-08T17:39:10.191+0000][162820.557s][info][gc          ] GC(4975) Pause Young (Normal) (G1 Evacuation Pause) 9638M->2332M(12288M) 29.844ms
[2025-01-08T17:39:10.191+0000][162820.557s][info][gc,cpu      ] GC(4975) User=0.17s Sys=0.00s Real=0.04s
[2025-01-08T17:39:18.100+0000][162828.466s][info][gc,start    ] GC(4976) Pause Young (Concurrent Start) (G1 Evacuation Pause)
[2025-01-08T17:39:18.100+0000][162828.466s][info][gc,task     ] GC(4976) Using 6 workers of 6 for evacuation
[2025-01-08T17:39:18.136+0000][162828.502s][info][gc,phases   ] GC(4976)   Pre Evacuate Collection Set: 1.0ms
[2025-01-08T17:39:18.136+0000][162828.502s][info][gc,phases   ] GC(4976)   Merge Heap Roots: 0.5ms
[2025-01-08T17:39:18.136+0000][162828.502s][info][gc,phases   ] GC(4976)   Evacuate Collection Set: 31.4ms
[2025-01-08T17:39:18.136+0000][162828.502s][info][gc,phases   ] GC(4976)   Post Evacuate Collection Set: 2.9ms
[2025-01-08T17:39:18.136+0000][162828.502s][info][gc,phases   ] GC(4976)   Other: 0.3ms
[2025-01-08T17:39:18.136+0000][162828.502s][info][gc,heap     ] GC(4976) Eden regions: 914->0(912)
[2025-01-08T17:39:18.136+0000][162828.502s][info][gc,heap     ] GC(4976) Survivor regions: 7->9(116)
[2025-01-08T17:39:18.136+0000][162828.502s][info][gc,heap     ] GC(4976) Old regions: 235->235
[2025-01-08T17:39:18.136+0000][162828.502s][info][gc,heap     ] GC(4976) Archive regions: 2->2
[2025-01-08T17:39:18.136+0000][162828.502s][info][gc,heap     ] GC(4976) Humongous regions: 49->49
[2025-01-08T17:39:18.136+0000][162828.502s][info][gc,metaspace] GC(4976) Metaspace: 506413K(515200K)->506413K(515200K) NonClass: 444854K(449216K)->444854K(449216K) Class: 61559K(65984K)->61559K(65984K)
[2025-01-08T17:39:18.136+0000][162828.502s][info][gc          ] GC(4976) Pause Young (Concurrent Start) (G1 Evacuation Pause) 9644M->2340M(12288M) 36.149ms
[2025-01-08T17:39:18.136+0000][162828.502s][info][gc,cpu      ] GC(4976) User=0.21s Sys=0.00s Real=0.04s
[2025-01-08T17:39:18.136+0000][162828.502s][info][gc          ] GC(4977) Concurrent Mark Cycle
[2025-01-08T17:39:18.136+0000][162828.503s][info][gc,marking  ] GC(4977) Concurrent Clear Claimed Marks
[2025-01-08T17:39:18.137+0000][162828.503s][info][gc,marking  ] GC(4977) Concurrent Clear Claimed Marks 0.832ms
[2025-01-08T17:39:18.137+0000][162828.503s][info][gc,marking  ] GC(4977) Concurrent Scan Root Regions
[2025-01-08T17:39:18.163+0000][162828.529s][info][gc,marking  ] GC(4977) Concurrent Scan Root Regions 25.510ms
[2025-01-08T17:39:18.163+0000][162828.529s][info][gc,marking  ] GC(4977) Concurrent Mark
[2025-01-08T17:39:18.163+0000][162828.529s][info][gc,marking  ] GC(4977) Concurrent Mark From Roots
[2025-01-08T17:39:18.163+0000][162828.529s][info][gc,task     ] GC(4977) Using 2 workers of 2 for marking
[2025-01-08T17:39:19.058+0000][162829.424s][info][gc,marking  ] GC(4977) Concurrent Mark From Roots 894.773ms
[2025-01-08T17:39:19.058+0000][162829.424s][info][gc,marking  ] GC(4977) Concurrent Preclean
[2025-01-08T17:39:19.060+0000][162829.426s][info][gc,marking  ] GC(4977) Concurrent Preclean 2.583ms
[2025-01-08T17:39:19.060+0000][162829.427s][info][gc,start    ] GC(4977) Pause Remark
[2025-01-08T17:39:19.086+0000][162829.452s][info][gc          ] GC(4977) Pause Remark 3376M->3376M(12288M) 25.816ms
[2025-01-08T17:39:19.086+0000][162829.452s][info][gc,cpu      ] GC(4977) User=0.14s Sys=0.01s Real=0.03s
[2025-01-08T17:39:19.087+0000][162829.453s][info][gc,marking  ] GC(4977) Concurrent Mark 923.756ms
[2025-01-08T17:39:19.087+0000][162829.453s][info][gc,marking  ] GC(4977) Concurrent Rebuild Remembered Sets
[2025-01-08T17:39:19.651+0000][162830.017s][info][gc,marking  ] GC(4977) Concurrent Rebuild Remembered Sets 564.059ms
[2025-01-08T17:39:19.651+0000][162830.017s][info][gc,start    ] GC(4977) Pause Cleanup
[2025-01-08T17:39:19.651+0000][162830.017s][info][gc          ] GC(4977) Pause Cleanup 3964M->3964M(12288M) 0.427ms
[2025-01-08T17:39:19.651+0000][162830.017s][info][gc,cpu      ] GC(4977) User=0.00s Sys=0.00s Real=0.00s
[2025-01-08T17:39:19.651+0000][162830.017s][info][gc,marking  ] GC(4977) Concurrent Cleanup for Next Mark
[2025-01-08T17:39:19.667+0000][162830.033s][info][gc,marking  ] GC(4977) Concurrent Cleanup for Next Mark 15.253ms
[2025-01-08T17:39:19.667+0000][162830.033s][info][gc          ] GC(4977) Concurrent Mark Cycle 1530.190ms
[2025-01-08T17:39:23.900+0000][162834.267s][info][gc,start    ] GC(4978) Pause Young (Prepare Mixed) (G1 Evacuation Pause)
[2025-01-08T17:39:23.901+0000][162834.267s][info][gc,task     ] GC(4978) Using 6 workers of 6 for evacuation
[2025-01-08T17:39:23.936+0000][162834.302s][info][gc,phases   ] GC(4978)   Pre Evacuate Collection Set: 0.2ms
[2025-01-08T17:39:23.936+0000][162834.302s][info][gc,phases   ] GC(4978)   Merge Heap Roots: 0.7ms
[2025-01-08T17:39:23.936+0000][162834.302s][info][gc,phases   ] GC(4978)   Evacuate Collection Set: 31.5ms
[2025-01-08T17:39:23.936+0000][162834.302s][info][gc,phases   ] GC(4978)   Post Evacuate Collection Set: 2.5ms
[2025-01-08T17:39:23.936+0000][162834.302s][info][gc,phases   ] GC(4978)   Other: 0.2ms
[2025-01-08T17:39:23.936+0000][162834.302s][info][gc,heap     ] GC(4978) Eden regions: 912->0(66)
[2025-01-08T17:39:23.936+0000][162834.302s][info][gc,heap     ] GC(4978) Survivor regions: 9->10(116)
[2025-01-08T17:39:23.936+0000][162834.302s][info][gc,heap     ] GC(4978) Old regions: 235->235
[2025-01-08T17:39:23.936+0000][162834.302s][info][gc,heap     ] GC(4978) Archive regions: 2->2
[2025-01-08T17:39:23.936+0000][162834.302s][info][gc,heap     ] GC(4978) Humongous regions: 49->49
[2025-01-08T17:39:23.936+0000][162834.302s][info][gc,metaspace] GC(4978) Metaspace: 506413K(515200K)->506413K(515200K) NonClass: 444854K(449216K)->444854K(449216K) Class: 61559K(65984K)->61559K(65984K)
[2025-01-08T17:39:23.936+0000][162834.302s][info][gc          ] GC(4978) Pause Young (Prepare Mixed) (G1 Evacuation Pause) 9636M->2356M(12288M) 35.179ms
[2025-01-08T17:39:23.936+0000][162834.302s][info][gc,cpu      ] GC(4978) User=0.21s Sys=0.00s Real=0.04s
[2025-01-08T17:39:24.231+0000][162834.597s][info][gc,start    ] GC(4979) Pause Young (Mixed) (G1 Evacuation Pause)
[2025-01-08T17:39:24.231+0000][162834.597s][info][gc,task     ] GC(4979) Using 6 workers of 6 for evacuation
[2025-01-08T17:39:24.275+0000][162834.641s][info][gc,phases   ] GC(4979)   Pre Evacuate Collection Set: 0.2ms
[2025-01-08T17:39:24.275+0000][162834.641s][info][gc,phases   ] GC(4979)   Merge Heap Roots: 0.4ms
[2025-01-08T17:39:24.275+0000][162834.641s][info][gc,phases   ] GC(4979)   Evacuate Collection Set: 41.1ms
[2025-01-08T17:39:24.275+0000][162834.641s][info][gc,phases   ] GC(4979)   Post Evacuate Collection Set: 1.5ms
[2025-01-08T17:39:24.275+0000][162834.641s][info][gc,phases   ] GC(4979)   Other: 0.2ms
[2025-01-08T17:39:24.275+0000][162834.641s][info][gc,heap     ] GC(4979) Eden regions: 66->0(915)
[2025-01-08T17:39:24.275+0000][162834.641s][info][gc,heap     ] GC(4979) Survivor regions: 10->6(10)
[2025-01-08T17:39:24.275+0000][162834.641s][info][gc,heap     ] GC(4979) Old regions: 235->233
[2025-01-08T17:39:24.275+0000][162834.641s][info][gc,heap     ] GC(4979) Archive regions: 2->2
[2025-01-08T17:39:24.275+0000][162834.641s][info][gc,heap     ] GC(4979) Humongous regions: 49->49
[2025-01-08T17:39:24.275+0000][162834.641s][info][gc,metaspace] GC(4979) Metaspace: 506413K(515200K)->506413K(515200K) NonClass: 444854K(449216K)->444854K(449216K) Class: 61559K(65984K)->61559K(65984K)
[2025-01-08T17:39:24.275+0000][162834.641s][info][gc          ] GC(4979) Pause Young (Mixed) (G1 Evacuation Pause) 2884M->2298M(12288M) 43.411ms
[2025-01-08T17:39:24.275+0000][162834.641s][info][gc,cpu      ] GC(4979) User=0.26s Sys=0.00s Real=0.04s
[2025-01-08T17:39:30.589+0000][162840.955s][info][gc,start    ] GC(4980) Pause Young (Normal) (G1 Evacuation Pause)
[2025-01-08T17:39:30.589+0000][162840.955s][info][gc,task     ] GC(4980) Using 6 workers of 6 for evacuation
[2025-01-08T17:39:30.611+0000][162840.977s][info][gc,phases   ] GC(4980)   Pre Evacuate Collection Set: 0.2ms
[2025-01-08T17:39:30.611+0000][162840.977s][info][gc,phases   ] GC(4980)   Merge Heap Roots: 0.4ms
[2025-01-08T17:39:30.611+0000][162840.977s][info][gc,phases   ] GC(4980)   Evacuate Collection Set: 18.8ms
[2025-01-08T17:39:30.611+0000][162840.977s][info][gc,phases   ] GC(4980)   Post Evacuate Collection Set: 2.4ms
[2025-01-08T17:39:30.611+0000][162840.977s][info][gc,phases   ] GC(4980)   Other: 0.2ms
[2025-01-08T17:39:30.611+0000][162840.977s][info][gc,heap     ] GC(4980) Eden regions: 915->0(915)
[2025-01-08T17:39:30.611+0000][162840.977s][info][gc,heap     ] GC(4980) Survivor regions: 6->6(116)
[2025-01-08T17:39:30.611+0000][162840.977s][info][gc,heap     ] GC(4980) Old regions: 233->233
[2025-01-08T17:39:30.611+0000][162840.977s][info][gc,heap     ] GC(4980) Archive regions: 2->2
[2025-01-08T17:39:30.611+0000][162840.977s][info][gc,heap     ] GC(4980) Humongous regions: 49->49
[2025-01-08T17:39:30.611+0000][162840.977s][info][gc,metaspace] GC(4980) Metaspace: 506413K(515200K)->506413K(515200K) NonClass: 444854K(449216K)->444854K(449216K) Class: 61559K(65984K)->61559K(65984K)
[2025-01-08T17:39:30.611+0000][162840.977s][info][gc          ] GC(4980) Pause Young (Normal) (G1 Evacuation Pause) 9618M->2300M(12288M) 22.069ms
[2025-01-08T17:39:30.611+0000][162840.977s][info][gc,cpu      ] GC(4980) User=0.12s Sys=0.00s Real=0.03s
[2025-01-08T17:39:38.753+0000][162849.119s][info][gc,start    ] GC(4981) Pause Young (Normal) (GCLocker Initiated GC)
[2025-01-08T17:39:38.753+0000][162849.119s][info][gc,task     ] GC(4981) Using 6 workers of 6 for evacuation
[2025-01-08T17:39:38.778+0000][162849.144s][info][gc,phases   ] GC(4981)   Pre Evacuate Collection Set: 0.2ms
[2025-01-08T17:39:38.778+0000][162849.144s][info][gc,phases   ] GC(4981)   Merge Heap Roots: 0.4ms
[2025-01-08T17:39:38.778+0000][162849.144s][info][gc,phases   ] GC(4981)   Evacuate Collection Set: 22.1ms
[2025-01-08T17:39:38.778+0000][162849.144s][info][gc,phases   ] GC(4981)   Post Evacuate Collection Set: 2.4ms
[2025-01-08T17:39:38.778+0000][162849.144s][info][gc,phases   ] GC(4981)   Other: 0.2ms
[2025-01-08T17:39:38.778+0000][162849.144s][info][gc,heap     ] GC(4981) Eden regions: 915->0(914)
[2025-01-08T17:39:38.778+0000][162849.144s][info][gc,heap     ] GC(4981) Survivor regions: 6->7(116)
[2025-01-08T17:39:38.778+0000][162849.144s][info][gc,heap     ] GC(4981) Old regions: 233->233
[2025-01-08T17:39:38.778+0000][162849.144s][info][gc,heap     ] GC(4981) Archive regions: 2->2
[2025-01-08T17:39:38.778+0000][162849.144s][info][gc,heap     ] GC(4981) Humongous regions: 49->49
[2025-01-08T17:39:38.778+0000][162849.144s][info][gc,metaspace] GC(4981) Metaspace: 506413K(515200K)->506413K(515200K) NonClass: 444854K(449216K)->444854K(449216K) Class: 61559K(65984K)->61559K(65984K)
[2025-01-08T17:39:38.778+0000][162849.144s][info][gc          ] GC(4981) Pause Young (Normal) (GCLocker Initiated GC) 9620M->2312M(12288M) 25.480ms
[2025-01-08T17:39:38.778+0000][162849.144s][info][gc,cpu      ] GC(4981) User=0.14s Sys=0.00s Real=0.02s
[2025-01-08T17:39:47.750+0000][162858.117s][info][gc,start    ] GC(4982) Pause Young (Concurrent Start) (G1 Evacuation Pause)
[2025-01-08T17:39:47.751+0000][162858.117s][info][gc,task     ] GC(4982) Using 6 workers of 6 for evacuation
[2025-01-08T17:39:47.782+0000][162858.149s][info][gc,phases   ] GC(4982)   Pre Evacuate Collection Set: 1.0ms
[2025-01-08T17:39:47.783+0000][162858.149s][info][gc,phases   ] GC(4982)   Merge Heap Roots: 0.4ms
[2025-01-08T17:39:47.783+0000][162858.149s][info][gc,phases   ] GC(4982)   Evacuate Collection Set: 27.1ms
[2025-01-08T17:39:47.783+0000][162858.149s][info][gc,phases   ] GC(4982)   Post Evacuate Collection Set: 3.1ms
[2025-01-08T17:39:47.783+0000][162858.149s][info][gc,phases   ] GC(4982)   Other: 0.3ms
[2025-01-08T17:39:47.783+0000][162858.149s][info][gc,heap     ] GC(4982) Eden regions: 914->0(910)
[2025-01-08T17:39:47.783+0000][162858.149s][info][gc,heap     ] GC(4982) Survivor regions: 7->11(116)
[2025-01-08T17:39:47.783+0000][162858.149s][info][gc,heap     ] GC(4982) Old regions: 233->233
[2025-01-08T17:39:47.783+0000][162858.149s][info][gc,heap     ] GC(4982) Archive regions: 2->2
[2025-01-08T17:39:47.783+0000][162858.149s][info][gc,heap     ] GC(4982) Humongous regions: 49->49
[2025-01-08T17:39:47.783+0000][162858.149s][info][gc,metaspace] GC(4982) Metaspace: 506413K(515200K)->506413K(515200K) NonClass: 444854K(449216K)->444854K(449216K) Class: 61559K(65984K)->61559K(65984K)
[2025-01-08T17:39:47.783+0000][162858.149s][info][gc          ] GC(4982) Pause Young (Concurrent Start) (G1 Evacuation Pause) 9624M->2344M(12288M) 32.098ms
[2025-01-08T17:39:47.783+0000][162858.149s][info][gc,cpu      ] GC(4982) User=0.18s Sys=0.01s Real=0.03s
[2025-01-08T17:39:47.783+0000][162858.149s][info][gc          ] GC(4983) Concurrent Mark Cycle
[2025-01-08T17:39:47.783+0000][162858.149s][info][gc,marking  ] GC(4983) Concurrent Clear Claimed Marks
[2025-01-08T17:39:47.784+0000][162858.150s][info][gc,marking  ] GC(4983) Concurrent Clear Claimed Marks 0.832ms
[2025-01-08T17:39:47.784+0000][162858.150s][info][gc,marking  ] GC(4983) Concurrent Scan Root Regions
[2025-01-08T17:39:47.805+0000][162858.171s][info][gc,marking  ] GC(4983) Concurrent Scan Root Regions 20.967ms
[2025-01-08T17:39:47.805+0000][162858.171s][info][gc,marking  ] GC(4983) Concurrent Mark
[2025-01-08T17:39:47.805+0000][162858.171s][info][gc,marking  ] GC(4983) Concurrent Mark From Roots
[2025-01-08T17:39:47.805+0000][162858.171s][info][gc,task     ] GC(4983) Using 2 workers of 2 for marking
[2025-01-08T17:39:48.610+0000][162858.976s][info][gc,marking  ] GC(4983) Concurrent Mark From Roots 805.758ms
[2025-01-08T17:39:48.610+0000][162858.976s][info][gc,marking  ] GC(4983) Concurrent Preclean
[2025-01-08T17:39:48.613+0000][162858.979s][info][gc,marking  ] GC(4983) Concurrent Preclean 2.680ms
[2025-01-08T17:39:48.613+0000][162858.979s][info][gc,start    ] GC(4983) Pause Remark
[2025-01-08T17:39:48.639+0000][162859.005s][info][gc          ] GC(4983) Pause Remark 3316M->3316M(12288M) 25.533ms
[2025-01-08T17:39:48.639+0000][162859.005s][info][gc,cpu      ] GC(4983) User=0.15s Sys=0.00s Real=0.02s
[2025-01-08T17:39:48.639+0000][162859.005s][info][gc,marking  ] GC(4983) Concurrent Mark 834.371ms
[2025-01-08T17:39:48.639+0000][162859.005s][info][gc,marking  ] GC(4983) Concurrent Rebuild Remembered Sets
[2025-01-08T17:39:49.257+0000][162859.623s][info][gc,marking  ] GC(4983) Concurrent Rebuild Remembered Sets 617.763ms
[2025-01-08T17:39:49.257+0000][162859.623s][info][gc,start    ] GC(4983) Pause Cleanup
[2025-01-08T17:39:49.257+0000][162859.623s][info][gc          ] GC(4983) Pause Cleanup 4140M->4140M(12288M) 0.409ms
[2025-01-08T17:39:49.257+0000][162859.623s][info][gc,cpu      ] GC(4983) User=0.00s Sys=0.00s Real=0.00s
[2025-01-08T17:39:49.257+0000][162859.623s][info][gc,marking  ] GC(4983) Concurrent Cleanup for Next Mark
[2025-01-08T17:39:49.273+0000][162859.639s][info][gc,marking  ] GC(4983) Concurrent Cleanup for Next Mark 16.053ms
[2025-01-08T17:39:49.273+0000][162859.640s][info][gc          ] GC(4983) Concurrent Mark Cycle 1490.802ms
[2025-01-08T17:39:57.085+0000][162867.451s][info][gc,start    ] GC(4984) Pause Young (Prepare Mixed) (G1 Evacuation Pause)
[2025-01-08T17:39:57.085+0000][162867.451s][info][gc,task     ] GC(4984) Using 6 workers of 6 for evacuation
[2025-01-08T17:39:57.123+0000][162867.489s][info][gc,phases   ] GC(4984)   Pre Evacuate Collection Set: 0.2ms
[2025-01-08T17:39:57.123+0000][162867.489s][info][gc,phases   ] GC(4984)   Merge Heap Roots: 0.7ms
[2025-01-08T17:39:57.123+0000][162867.489s][info][gc,phases   ] GC(4984)   Evacuate Collection Set: 32.5ms
[2025-01-08T17:39:57.123+0000][162867.489s][info][gc,phases   ] GC(4984)   Post Evacuate Collection Set: 4.6ms
[2025-01-08T17:39:57.123+0000][162867.489s][info][gc,phases   ] GC(4984)   Other: 0.2ms
[2025-01-08T17:39:57.123+0000][162867.489s][info][gc,heap     ] GC(4984) Eden regions: 910->0(65)
[2025-01-08T17:39:57.123+0000][162867.489s][info][gc,heap     ] GC(4984) Survivor regions: 11->11(116)
[2025-01-08T17:39:57.123+0000][162867.489s][info][gc,heap     ] GC(4984) Old regions: 233->233
[2025-01-08T17:39:57.123+0000][162867.489s][info][gc,heap     ] GC(4984) Archive regions: 2->2
[2025-01-08T17:39:57.123+0000][162867.489s][info][gc,heap     ] GC(4984) Humongous regions: 49->49
[2025-01-08T17:39:57.123+0000][162867.489s][info][gc,metaspace] GC(4984) Metaspace: 506413K(515200K)->506413K(515200K) NonClass: 444854K(449216K)->444854K(449216K) Class: 61559K(65984K)->61559K(65984K)
[2025-01-08T17:39:57.123+0000][162867.489s][info][gc          ] GC(4984) Pause Young (Prepare Mixed) (G1 Evacuation Pause) 9624M->2344M(12288M) 38.220ms
[2025-01-08T17:39:57.123+0000][162867.489s][info][gc,cpu      ] GC(4984) User=0.22s Sys=0.00s Real=0.04s
[2025-01-08T17:39:58.051+0000][162868.417s][info][gc,start    ] GC(4985) Pause Young (Mixed) (G1 Evacuation Pause)
[2025-01-08T17:39:58.051+0000][162868.417s][info][gc,task     ] GC(4985) Using 6 workers of 6 for evacuation
[2025-01-08T17:39:58.105+0000][162868.471s][info][gc,phases   ] GC(4985)   Pre Evacuate Collection Set: 0.2ms
[2025-01-08T17:39:58.105+0000][162868.471s][info][gc,phases   ] GC(4985)   Merge Heap Roots: 0.5ms
[2025-01-08T17:39:58.105+0000][162868.471s][info][gc,phases   ] GC(4985)   Evacuate Collection Set: 52.0ms
[2025-01-08T17:39:58.105+0000][162868.471s][info][gc,phases   ] GC(4985)   Post Evacuate Collection Set: 1.7ms
[2025-01-08T17:39:58.105+0000][162868.471s][info][gc,phases   ] GC(4985)   Other: 0.2ms
[2025-01-08T17:39:58.105+0000][162868.471s][info][gc,heap     ] GC(4985) Eden regions: 65->0(916)
[2025-01-08T17:39:58.105+0000][162868.471s][info][gc,heap     ] GC(4985) Survivor regions: 11->5(10)
[2025-01-08T17:39:58.105+0000][162868.471s][info][gc,heap     ] GC(4985) Old regions: 233->234
[2025-01-08T17:39:58.105+0000][162868.471s][info][gc,heap     ] GC(4985) Archive regions: 2->2
[2025-01-08T17:39:58.105+0000][162868.471s][info][gc,heap     ] GC(4985) Humongous regions: 49->49
[2025-01-08T17:39:58.105+0000][162868.471s][info][gc,metaspace] GC(4985) Metaspace: 506413K(515200K)->506413K(515200K) NonClass: 444854K(449216K)->444854K(449216K) Class: 61559K(65984K)->61559K(65984K)
[2025-01-08T17:39:58.105+0000][162868.471s][info][gc          ] GC(4985) Pause Young (Mixed) (G1 Evacuation Pause) 2864M->2300M(12288M) 54.688ms
[2025-01-08T17:39:58.105+0000][162868.472s][info][gc,cpu      ] GC(4985) User=0.32s Sys=0.00s Real=0.05s
[2025-01-08T17:40:04.674+0000][162875.040s][info][gc,start    ] GC(4986) Pause Young (Normal) (G1 Evacuation Pause)
[2025-01-08T17:40:04.674+0000][162875.040s][info][gc,task     ] GC(4986) Using 6 workers of 6 for evacuation
[2025-01-08T17:40:04.704+0000][162875.070s][info][gc,phases   ] GC(4986)   Pre Evacuate Collection Set: 0.2ms
[2025-01-08T17:40:04.704+0000][162875.070s][info][gc,phases   ] GC(4986)   Merge Heap Roots: 0.5ms
[2025-01-08T17:40:04.704+0000][162875.070s][info][gc,phases   ] GC(4986)   Evacuate Collection Set: 25.1ms
[2025-01-08T17:40:04.704+0000][162875.070s][info][gc,phases   ] GC(4986)   Post Evacuate Collection Set: 3.7ms
[2025-01-08T17:40:04.704+0000][162875.070s][info][gc,phases   ] GC(4986)   Other: 0.2ms
[2025-01-08T17:40:04.704+0000][162875.070s][info][gc,heap     ] GC(4986) Eden regions: 916->0(915)
[2025-01-08T17:40:04.704+0000][162875.070s][info][gc,heap     ] GC(4986) Survivor regions: 5->6(116)
[2025-01-08T17:40:04.704+0000][162875.070s][info][gc,heap     ] GC(4986) Old regions: 234->234
[2025-01-08T17:40:04.704+0000][162875.070s][info][gc,heap     ] GC(4986) Archive regions: 2->2
[2025-01-08T17:40:04.704+0000][162875.070s][info][gc,heap     ] GC(4986) Humongous regions: 49->49
[2025-01-08T17:40:04.704+0000][162875.070s][info][gc,metaspace] GC(4986) Metaspace: 506413K(515200K)->506413K(515200K) NonClass: 444854K(449216K)->444854K(449216K) Class: 61559K(65984K)->61559K(65984K)
[2025-01-08T17:40:04.704+0000][162875.070s][info][gc          ] GC(4986) Pause Young (Normal) (G1 Evacuation Pause) 9628M->2312M(12288M) 29.806ms
[2025-01-08T17:40:04.704+0000][162875.070s][info][gc,cpu      ] GC(4986) User=0.16s Sys=0.00s Real=0.03s
[2025-01-08T17:40:13.729+0000][162884.095s][info][gc,start    ] GC(4987) Pause Young (Normal) (G1 Evacuation Pause)
[2025-01-08T17:40:13.729+0000][162884.095s][info][gc,task     ] GC(4987) Using 6 workers of 6 for evacuation
[2025-01-08T17:40:13.758+0000][162884.124s][info][gc,phases   ] GC(4987)   Pre Evacuate Collection Set: 0.2ms
[2025-01-08T17:40:13.758+0000][162884.124s][info][gc,phases   ] GC(4987)   Merge Heap Roots: 0.4ms
[2025-01-08T17:40:13.758+0000][162884.124s][info][gc,phases   ] GC(4987)   Evacuate Collection Set: 24.9ms
[2025-01-08T17:40:13.758+0000][162884.124s][info][gc,phases   ] GC(4987)   Post Evacuate Collection Set: 2.5ms
[2025-01-08T17:40:13.758+0000][162884.124s][info][gc,phases   ] GC(4987)   Other: 0.2ms
[2025-01-08T17:40:13.758+0000][162884.124s][info][gc,heap     ] GC(4987) Eden regions: 915->0(914)
[2025-01-08T17:40:13.758+0000][162884.124s][info][gc,heap     ] GC(4987) Survivor regions: 6->7(116)
[2025-01-08T17:40:13.758+0000][162884.124s][info][gc,heap     ] GC(4987) Old regions: 234->234
[2025-01-08T17:40:13.758+0000][162884.124s][info][gc,heap     ] GC(4987) Archive regions: 2->2
[2025-01-08T17:40:13.758+0000][162884.124s][info][gc,heap     ] GC(4987) Humongous regions: 49->49
[2025-01-08T17:40:13.758+0000][162884.124s][info][gc,metaspace] GC(4987) Metaspace: 506413K(515200K)->506413K(515200K) NonClass: 444854K(449216K)->444854K(449216K) Class: 61559K(65984K)->61559K(65984K)
[2025-01-08T17:40:13.758+0000][162884.124s][info][gc          ] GC(4987) Pause Young (Normal) (G1 Evacuation Pause) 9632M->2322M(12288M) 28.376ms
[2025-01-08T17:40:13.758+0000][162884.124s][info][gc,cpu      ] GC(4987) User=0.16s Sys=0.00s Real=0.03s
[2025-01-08T17:40:26.146+0000][162896.513s][info][gc,start    ] GC(4988) Pause Young (Concurrent Start) (G1 Evacuation Pause)
[2025-01-08T17:40:26.146+0000][162896.513s][info][gc,task     ] GC(4988) Using 6 workers of 6 for evacuation
[2025-01-08T17:40:26.181+0000][162896.548s][info][gc,phases   ] GC(4988)   Pre Evacuate Collection Set: 1.0ms
[2025-01-08T17:40:26.182+0000][162896.548s][info][gc,phases   ] GC(4988)   Merge Heap Roots: 0.5ms
[2025-01-08T17:40:26.182+0000][162896.548s][info][gc,phases   ] GC(4988)   Evacuate Collection Set: 30.6ms
[2025-01-08T17:40:26.182+0000][162896.548s][info][gc,phases   ] GC(4988)   Post Evacuate Collection Set: 2.7ms
[2025-01-08T17:40:26.182+0000][162896.548s][info][gc,phases   ] GC(4988)   Other: 0.3ms
[2025-01-08T17:40:26.182+0000][162896.548s][info][gc,heap     ] GC(4988) Eden regions: 914->0(912)
[2025-01-08T17:40:26.182+0000][162896.548s][info][gc,heap     ] GC(4988) Survivor regions: 7->9(116)
[2025-01-08T17:40:26.182+0000][162896.548s][info][gc,heap     ] GC(4988) Old regions: 234->234
[2025-01-08T17:40:26.182+0000][162896.548s][info][gc,heap     ] GC(4988) Archive regions: 2->2
[2025-01-08T17:40:26.182+0000][162896.548s][info][gc,heap     ] GC(4988) Humongous regions: 49->49
[2025-01-08T17:40:26.182+0000][162896.548s][info][gc,metaspace] GC(4988) Metaspace: 506413K(515200K)->506413K(515200K) NonClass: 444854K(449216K)->444854K(449216K) Class: 61559K(65984K)->61559K(65984K)
[2025-01-08T17:40:26.182+0000][162896.548s][info][gc          ] GC(4988) Pause Young (Concurrent Start) (G1 Evacuation Pause) 9634M->2338M(12288M) 35.143ms
[2025-01-08T17:40:26.182+0000][162896.548s][info][gc,cpu      ] GC(4988) User=0.20s Sys=0.00s Real=0.04s
[2025-01-08T17:40:26.182+0000][162896.548s][info][gc          ] GC(4989) Concurrent Mark Cycle
[2025-01-08T17:40:26.182+0000][162896.548s][info][gc,marking  ] GC(4989) Concurrent Clear Claimed Marks
[2025-01-08T17:40:26.182+0000][162896.549s][info][gc,marking  ] GC(4989) Concurrent Clear Claimed Marks 0.808ms
[2025-01-08T17:40:26.183+0000][162896.549s][info][gc,marking  ] GC(4989) Concurrent Scan Root Regions
[2025-01-08T17:40:26.207+0000][162896.573s][info][gc,marking  ] GC(4989) Concurrent Scan Root Regions 24.281ms
[2025-01-08T17:40:26.207+0000][162896.573s][info][gc,marking  ] GC(4989) Concurrent Mark
[2025-01-08T17:40:26.207+0000][162896.573s][info][gc,marking  ] GC(4989) Concurrent Mark From Roots
[2025-01-08T17:40:26.207+0000][162896.573s][info][gc,task     ] GC(4989) Using 2 workers of 2 for marking
[2025-01-08T17:40:27.025+0000][162897.391s][info][gc,marking  ] GC(4989) Concurrent Mark From Roots 817.836ms
[2025-01-08T17:40:27.025+0000][162897.391s][info][gc,marking  ] GC(4989) Concurrent Preclean
[2025-01-08T17:40:27.027+0000][162897.393s][info][gc,marking  ] GC(4989) Concurrent Preclean 2.137ms
[2025-01-08T17:40:27.027+0000][162897.393s][info][gc,start    ] GC(4989) Pause Remark
[2025-01-08T17:40:27.053+0000][162897.419s][info][gc          ] GC(4989) Pause Remark 3230M->3230M(12288M) 25.633ms
[2025-01-08T17:40:27.053+0000][162897.419s][info][gc,cpu      ] GC(4989) User=0.15s Sys=0.00s Real=0.03s
[2025-01-08T17:40:27.053+0000][162897.419s][info][gc,marking  ] GC(4989) Concurrent Mark 845.940ms
[2025-01-08T17:40:27.053+0000][162897.419s][info][gc,marking  ] GC(4989) Concurrent Rebuild Remembered Sets
[2025-01-08T17:40:27.595+0000][162897.961s][info][gc,marking  ] GC(4989) Concurrent Rebuild Remembered Sets 542.262ms
[2025-01-08T17:40:27.595+0000][162897.961s][info][gc,start    ] GC(4989) Pause Cleanup
[2025-01-08T17:40:27.596+0000][162897.962s][info][gc          ] GC(4989) Pause Cleanup 3778M->3778M(12288M) 0.421ms
[2025-01-08T17:40:27.596+0000][162897.962s][info][gc,cpu      ] GC(4989) User=0.00s Sys=0.00s Real=0.00s
[2025-01-08T17:40:27.596+0000][162897.962s][info][gc,marking  ] GC(4989) Concurrent Cleanup for Next Mark
[2025-01-08T17:40:27.613+0000][162897.979s][info][gc,marking  ] GC(4989) Concurrent Cleanup for Next Mark 16.828ms
[2025-01-08T17:40:27.613+0000][162897.979s][info][gc          ] GC(4989) Concurrent Mark Cycle 1430.958ms
[2025-01-08T17:40:33.740+0000][162904.106s][info][gc,start    ] GC(4990) Pause Young (Prepare Mixed) (G1 Evacuation Pause)
[2025-01-08T17:40:33.740+0000][162904.106s][info][gc,task     ] GC(4990) Using 6 workers of 6 for evacuation
[2025-01-08T17:40:33.779+0000][162904.145s][info][gc,phases   ] GC(4990)   Pre Evacuate Collection Set: 0.2ms
[2025-01-08T17:40:33.779+0000][162904.145s][info][gc,phases   ] GC(4990)   Merge Heap Roots: 0.7ms
[2025-01-08T17:40:33.779+0000][162904.145s][info][gc,phases   ] GC(4990)   Evacuate Collection Set: 34.7ms
[2025-01-08T17:40:33.779+0000][162904.145s][info][gc,phases   ] GC(4990)   Post Evacuate Collection Set: 2.7ms
[2025-01-08T17:40:33.779+0000][162904.145s][info][gc,phases   ] GC(4990)   Other: 0.2ms
[2025-01-08T17:40:33.779+0000][162904.145s][info][gc,heap     ] GC(4990) Eden regions: 912->0(65)
[2025-01-08T17:40:33.779+0000][162904.145s][info][gc,heap     ] GC(4990) Survivor regions: 9->11(116)
[2025-01-08T17:40:33.779+0000][162904.145s][info][gc,heap     ] GC(4990) Old regions: 234->234
[2025-01-08T17:40:33.779+0000][162904.145s][info][gc,heap     ] GC(4990) Archive regions: 2->2
[2025-01-08T17:40:33.779+0000][162904.145s][info][gc,heap     ] GC(4990) Humongous regions: 49->49
[2025-01-08T17:40:33.779+0000][162904.145s][info][gc,metaspace] GC(4990) Metaspace: 506413K(515200K)->506413K(515200K) NonClass: 444854K(449216K)->444854K(449216K) Class: 61559K(65984K)->61559K(65984K)
[2025-01-08T17:40:33.779+0000][162904.145s][info][gc          ] GC(4990) Pause Young (Prepare Mixed) (G1 Evacuation Pause) 9634M->2352M(12288M) 38.613ms
[2025-01-08T17:40:33.779+0000][162904.145s][info][gc,cpu      ] GC(4990) User=0.22s Sys=0.00s Real=0.04s
[2025-01-08T17:40:34.147+0000][162904.513s][info][gc,start    ] GC(4991) Pause Young (Mixed) (G1 Evacuation Pause)
[2025-01-08T17:40:34.147+0000][162904.513s][info][gc,task     ] GC(4991) Using 6 workers of 6 for evacuation
[2025-01-08T17:40:34.210+0000][162904.576s][info][gc,phases   ] GC(4991)   Pre Evacuate Collection Set: 0.2ms
[2025-01-08T17:40:34.210+0000][162904.576s][info][gc,phases   ] GC(4991)   Merge Heap Roots: 0.6ms
[2025-01-08T17:40:34.210+0000][162904.576s][info][gc,phases   ] GC(4991)   Evacuate Collection Set: 60.3ms
[2025-01-08T17:40:34.210+0000][162904.576s][info][gc,phases   ] GC(4991)   Post Evacuate Collection Set: 1.7ms
[2025-01-08T17:40:34.210+0000][162904.576s][info][gc,phases   ] GC(4991)   Other: 0.2ms
[2025-01-08T17:40:34.210+0000][162904.576s][info][gc,heap     ] GC(4991) Eden regions: 65->0(918)
[2025-01-08T17:40:34.210+0000][162904.576s][info][gc,heap     ] GC(4991) Survivor regions: 11->3(10)
[2025-01-08T17:40:34.210+0000][162904.576s][info][gc,heap     ] GC(4991) Old regions: 234->236
[2025-01-08T17:40:34.210+0000][162904.576s][info][gc,heap     ] GC(4991) Archive regions: 2->2
[2025-01-08T17:40:34.210+0000][162904.576s][info][gc,heap     ] GC(4991) Humongous regions: 49->49
[2025-01-08T17:40:34.210+0000][162904.576s][info][gc,metaspace] GC(4991) Metaspace: 506413K(515200K)->506413K(515200K) NonClass: 444854K(449216K)->444854K(449216K) Class: 61559K(65984K)->61559K(65984K)
[2025-01-08T17:40:34.210+0000][162904.576s][info][gc          ] GC(4991) Pause Young (Mixed) (G1 Evacuation Pause) 2872M->2305M(12288M) 63.076ms
[2025-01-08T17:40:34.210+0000][162904.576s][info][gc,cpu      ] GC(4991) User=0.37s Sys=0.00s Real=0.07s
[2025-01-08T17:40:43.370+0000][162913.736s][info][gc,start    ] GC(4992) Pause Young (Normal) (G1 Evacuation Pause)
[2025-01-08T17:40:43.370+0000][162913.736s][info][gc,task     ] GC(4992) Using 6 workers of 6 for evacuation
[2025-01-08T17:40:43.393+0000][162913.760s][info][gc,phases   ] GC(4992)   Pre Evacuate Collection Set: 0.2ms
[2025-01-08T17:40:43.393+0000][162913.760s][info][gc,phases   ] GC(4992)   Merge Heap Roots: 0.4ms
[2025-01-08T17:40:43.393+0000][162913.760s][info][gc,phases   ] GC(4992)   Evacuate Collection Set: 17.8ms
[2025-01-08T17:40:43.393+0000][162913.760s][info][gc,phases   ] GC(4992)   Post Evacuate Collection Set: 5.1ms
[2025-01-08T17:40:43.393+0000][162913.760s][info][gc,phases   ] GC(4992)   Other: 0.2ms
[2025-01-08T17:40:43.394+0000][162913.760s][info][gc,heap     ] GC(4992) Eden regions: 918->0(914)
[2025-01-08T17:40:43.394+0000][162913.760s][info][gc,heap     ] GC(4992) Survivor regions: 3->7(116)
[2025-01-08T17:40:43.394+0000][162913.760s][info][gc,heap     ] GC(4992) Old regions: 236->236
[2025-01-08T17:40:43.394+0000][162913.760s][info][gc,heap     ] GC(4992) Archive regions: 2->2
[2025-01-08T17:40:43.394+0000][162913.760s][info][gc,heap     ] GC(4992) Humongous regions: 49->49
[2025-01-08T17:40:43.394+0000][162913.760s][info][gc,metaspace] GC(4992) Metaspace: 506413K(515200K)->506413K(515200K) NonClass: 444854K(449216K)->444854K(449216K) Class: 61559K(65984K)->61559K(65984K)
[2025-01-08T17:40:43.394+0000][162913.760s][info][gc          ] GC(4992) Pause Young (Normal) (G1 Evacuation Pause) 9649M->2333M(12288M) 23.816ms
[2025-01-08T17:40:43.394+0000][162913.760s][info][gc,cpu      ] GC(4992) User=0.13s Sys=0.00s Real=0.02s
[2025-01-08T17:40:54.000+0000][162924.366s][info][gc,start    ] GC(4993) Pause Young (Normal) (G1 Evacuation Pause)
[2025-01-08T17:40:54.000+0000][162924.366s][info][gc,task     ] GC(4993) Using 6 workers of 6 for evacuation
[2025-01-08T17:40:54.024+0000][162924.390s][info][gc,phases   ] GC(4993)   Pre Evacuate Collection Set: 0.2ms
[2025-01-08T17:40:54.024+0000][162924.390s][info][gc,phases   ] GC(4993)   Merge Heap Roots: 0.4ms
[2025-01-08T17:40:54.024+0000][162924.390s][info][gc,phases   ] GC(4993)   Evacuate Collection Set: 21.0ms
[2025-01-08T17:40:54.024+0000][162924.390s][info][gc,phases   ] GC(4993)   Post Evacuate Collection Set: 2.5ms
[2025-01-08T17:40:54.024+0000][162924.390s][info][gc,phases   ] GC(4993)   Other: 0.2ms
[2025-01-08T17:40:54.024+0000][162924.390s][info][gc,heap     ] GC(4993) Eden regions: 914->0(914)
[2025-01-08T17:40:54.024+0000][162924.390s][info][gc,heap     ] GC(4993) Survivor regions: 7->7(116)
[2025-01-08T17:40:54.024+0000][162924.390s][info][gc,heap     ] GC(4993) Old regions: 236->236
[2025-01-08T17:40:54.024+0000][162924.390s][info][gc,heap     ] GC(4993) Archive regions: 2->2
[2025-01-08T17:40:54.024+0000][162924.390s][info][gc,heap     ] GC(4993) Humongous regions: 49->49
[2025-01-08T17:40:54.024+0000][162924.390s][info][gc,metaspace] GC(4993) Metaspace: 506413K(515200K)->506413K(515200K) NonClass: 444854K(449216K)->444854K(449216K) Class: 61559K(65984K)->61559K(65984K)
[2025-01-08T17:40:54.024+0000][162924.390s][info][gc          ] GC(4993) Pause Young (Normal) (G1 Evacuation Pause) 9645M->2336M(12288M) 24.397ms
[2025-01-08T17:40:54.024+0000][162924.390s][info][gc,cpu      ] GC(4993) User=0.14s Sys=0.00s Real=0.03s
[2025-01-08T17:41:02.793+0000][162933.159s][info][gc,start    ] GC(4994) Pause Young (Concurrent Start) (G1 Evacuation Pause)
[2025-01-08T17:41:02.793+0000][162933.159s][info][gc,task     ] GC(4994) Using 6 workers of 6 for evacuation
[2025-01-08T17:41:02.824+0000][162933.190s][info][gc,phases   ] GC(4994)   Pre Evacuate Collection Set: 1.0ms
[2025-01-08T17:41:02.824+0000][162933.190s][info][gc,phases   ] GC(4994)   Merge Heap Roots: 0.4ms
[2025-01-08T17:41:02.824+0000][162933.190s][info][gc,phases   ] GC(4994)   Evacuate Collection Set: 24.9ms
[2025-01-08T17:41:02.824+0000][162933.190s][info][gc,phases   ] GC(4994)   Post Evacuate Collection Set: 3.8ms
[2025-01-08T17:41:02.824+0000][162933.190s][info][gc,phases   ] GC(4994)   Other: 0.3ms
[2025-01-08T17:41:02.824+0000][162933.190s][info][gc,heap     ] GC(4994) Eden regions: 914->0(912)
[2025-01-08T17:41:02.824+0000][162933.190s][info][gc,heap     ] GC(4994) Survivor regions: 7->9(116)
[2025-01-08T17:41:02.824+0000][162933.190s][info][gc,heap     ] GC(4994) Old regions: 236->236
[2025-01-08T17:41:02.824+0000][162933.190s][info][gc,heap     ] GC(4994) Archive regions: 2->2
[2025-01-08T17:41:02.824+0000][162933.190s][info][gc,heap     ] GC(4994) Humongous regions: 49->49
[2025-01-08T17:41:02.824+0000][162933.190s][info][gc,metaspace] GC(4994) Metaspace: 506413K(515200K)->506413K(515200K) NonClass: 444854K(449216K)->444854K(449216K) Class: 61559K(65984K)->61559K(65984K)
[2025-01-08T17:41:02.824+0000][162933.190s][info][gc          ] GC(4994) Pause Young (Concurrent Start) (G1 Evacuation Pause) 9648M->2349M(12288M) 30.582ms
[2025-01-08T17:41:02.824+0000][162933.190s][info][gc,cpu      ] GC(4994) User=0.18s Sys=0.00s Real=0.03s
[2025-01-08T17:41:02.824+0000][162933.190s][info][gc          ] GC(4995) Concurrent Mark Cycle
[2025-01-08T17:41:02.824+0000][162933.190s][info][gc,marking  ] GC(4995) Concurrent Clear Claimed Marks
[2025-01-08T17:41:02.825+0000][162933.191s][info][gc,marking  ] GC(4995) Concurrent Clear Claimed Marks 0.916ms
[2025-01-08T17:41:02.825+0000][162933.191s][info][gc,marking  ] GC(4995) Concurrent Scan Root Regions
[2025-01-08T17:41:02.846+0000][162933.213s][info][gc,marking  ] GC(4995) Concurrent Scan Root Regions 21.680ms
[2025-01-08T17:41:02.846+0000][162933.213s][info][gc,marking  ] GC(4995) Concurrent Mark
[2025-01-08T17:41:02.846+0000][162933.213s][info][gc,marking  ] GC(4995) Concurrent Mark From Roots
[2025-01-08T17:41:02.846+0000][162933.213s][info][gc,task     ] GC(4995) Using 2 workers of 2 for marking
[2025-01-08T17:41:03.655+0000][162934.021s][info][gc,marking  ] GC(4995) Concurrent Mark From Roots 808.881ms
[2025-01-08T17:41:03.655+0000][162934.021s][info][gc,marking  ] GC(4995) Concurrent Preclean
[2025-01-08T17:41:03.658+0000][162934.024s][info][gc,marking  ] GC(4995) Concurrent Preclean 2.943ms
[2025-01-08T17:41:03.659+0000][162934.025s][info][gc,start    ] GC(4995) Pause Remark
[2025-01-08T17:41:03.684+0000][162934.050s][info][gc          ] GC(4995) Pause Remark 3213M->3213M(12288M) 25.715ms
[2025-01-08T17:41:03.684+0000][162934.050s][info][gc,cpu      ] GC(4995) User=0.14s Sys=0.00s Real=0.03s
[2025-01-08T17:41:03.684+0000][162934.051s][info][gc,marking  ] GC(4995) Concurrent Mark 838.016ms
[2025-01-08T17:41:03.684+0000][162934.051s][info][gc,marking  ] GC(4995) Concurrent Rebuild Remembered Sets
[2025-01-08T17:41:04.340+0000][162934.706s][info][gc,marking  ] GC(4995) Concurrent Rebuild Remembered Sets 655.499ms
[2025-01-08T17:41:04.340+0000][162934.706s][info][gc,start    ] GC(4995) Pause Cleanup
[2025-01-08T17:41:04.341+0000][162934.707s][info][gc          ] GC(4995) Pause Cleanup 4081M->4081M(12288M) 0.392ms
[2025-01-08T17:41:04.341+0000][162934.707s][info][gc,cpu      ] GC(4995) User=0.00s Sys=0.00s Real=0.00s
[2025-01-08T17:41:04.341+0000][162934.707s][info][gc,marking  ] GC(4995) Concurrent Cleanup for Next Mark
[2025-01-08T17:41:04.356+0000][162934.722s][info][gc,marking  ] GC(4995) Concurrent Cleanup for Next Mark 15.725ms
[2025-01-08T17:41:04.356+0000][162934.722s][info][gc          ] GC(4995) Concurrent Mark Cycle 1532.629ms
[2025-01-08T17:41:08.708+0000][162939.074s][info][gc,start    ] GC(4996) Pause Young (Prepare Mixed) (G1 Evacuation Pause)
[2025-01-08T17:41:08.708+0000][162939.074s][info][gc,task     ] GC(4996) Using 6 workers of 6 for evacuation
[2025-01-08T17:41:08.739+0000][162939.105s][info][gc,phases   ] GC(4996)   Pre Evacuate Collection Set: 0.2ms
[2025-01-08T17:41:08.739+0000][162939.105s][info][gc,phases   ] GC(4996)   Merge Heap Roots: 0.6ms
[2025-01-08T17:41:08.739+0000][162939.105s][info][gc,phases   ] GC(4996)   Evacuate Collection Set: 27.1ms
[2025-01-08T17:41:08.739+0000][162939.105s][info][gc,phases   ] GC(4996)   Post Evacuate Collection Set: 2.5ms
[2025-01-08T17:41:08.739+0000][162939.105s][info][gc,phases   ] GC(4996)   Other: 0.2ms
[2025-01-08T17:41:08.739+0000][162939.105s][info][gc,heap     ] GC(4996) Eden regions: 912->0(67)
[2025-01-08T17:41:08.739+0000][162939.105s][info][gc,heap     ] GC(4996) Survivor regions: 9->9(116)
[2025-01-08T17:41:08.739+0000][162939.105s][info][gc,heap     ] GC(4996) Old regions: 236->236
[2025-01-08T17:41:08.739+0000][162939.105s][info][gc,heap     ] GC(4996) Archive regions: 2->2
[2025-01-08T17:41:08.739+0000][162939.105s][info][gc,heap     ] GC(4996) Humongous regions: 49->49
[2025-01-08T17:41:08.739+0000][162939.105s][info][gc,metaspace] GC(4996) Metaspace: 506413K(515200K)->506413K(515200K) NonClass: 444854K(449216K)->444854K(449216K) Class: 61559K(65984K)->61559K(65984K)
[2025-01-08T17:41:08.739+0000][162939.105s][info][gc          ] GC(4996) Pause Young (Prepare Mixed) (G1 Evacuation Pause) 9645M->2350M(12288M) 30.709ms
[2025-01-08T17:41:08.739+0000][162939.105s][info][gc,cpu      ] GC(4996) User=0.18s Sys=0.00s Real=0.03s
[2025-01-08T17:41:08.995+0000][162939.361s][info][gc,start    ] GC(4997) Pause Young (Mixed) (G1 Evacuation Pause)
[2025-01-08T17:41:08.995+0000][162939.361s][info][gc,task     ] GC(4997) Using 6 workers of 6 for evacuation
[2025-01-08T17:41:09.054+0000][162939.420s][info][gc,phases   ] GC(4997)   Pre Evacuate Collection Set: 0.2ms
[2025-01-08T17:41:09.054+0000][162939.420s][info][gc,phases   ] GC(4997)   Merge Heap Roots: 0.6ms
[2025-01-08T17:41:09.054+0000][162939.420s][info][gc,phases   ] GC(4997)   Evacuate Collection Set: 56.0ms
[2025-01-08T17:41:09.054+0000][162939.420s][info][gc,phases   ] GC(4997)   Post Evacuate Collection Set: 1.8ms
[2025-01-08T17:41:09.054+0000][162939.420s][info][gc,phases   ] GC(4997)   Other: 0.2ms
[2025-01-08T17:41:09.054+0000][162939.420s][info][gc,heap     ] GC(4997) Eden regions: 67->0(914)
[2025-01-08T17:41:09.054+0000][162939.420s][info][gc,heap     ] GC(4997) Survivor regions: 9->7(10)
[2025-01-08T17:41:09.054+0000][162939.420s][info][gc,heap     ] GC(4997) Old regions: 236->235
[2025-01-08T17:41:09.054+0000][162939.420s][info][gc,heap     ] GC(4997) Archive regions: 2->2
[2025-01-08T17:41:09.054+0000][162939.420s][info][gc,heap     ] GC(4997) Humongous regions: 49->49
[2025-01-08T17:41:09.054+0000][162939.420s][info][gc,metaspace] GC(4997) Metaspace: 506413K(515200K)->506413K(515200K) NonClass: 444854K(449216K)->444854K(449216K) Class: 61559K(65984K)->61559K(65984K)
[2025-01-08T17:41:09.054+0000][162939.420s][info][gc          ] GC(4997) Pause Young (Mixed) (G1 Evacuation Pause) 2886M->2321M(12288M) 58.919ms
[2025-01-08T17:41:09.054+0000][162939.420s][info][gc,cpu      ] GC(4997) User=0.35s Sys=0.00s Real=0.06s
[2025-01-08T17:41:14.238+0000][162944.604s][info][gc,start    ] GC(4998) Pause Young (Normal) (G1 Evacuation Pause)
[2025-01-08T17:41:14.238+0000][162944.604s][info][gc,task     ] GC(4998) Using 6 workers of 6 for evacuation
[2025-01-08T17:41:14.262+0000][162944.628s][info][gc,phases   ] GC(4998)   Pre Evacuate Collection Set: 0.2ms
[2025-01-08T17:41:14.262+0000][162944.628s][info][gc,phases   ] GC(4998)   Merge Heap Roots: 0.4ms
[2025-01-08T17:41:14.262+0000][162944.628s][info][gc,phases   ] GC(4998)   Evacuate Collection Set: 20.8ms
[2025-01-08T17:41:14.262+0000][162944.628s][info][gc,phases   ] GC(4998)   Post Evacuate Collection Set: 2.3ms
[2025-01-08T17:41:14.262+0000][162944.628s][info][gc,phases   ] GC(4998)   Other: 0.2ms
[2025-01-08T17:41:14.262+0000][162944.628s][info][gc,heap     ] GC(4998) Eden regions: 914->0(915)
[2025-01-08T17:41:14.262+0000][162944.628s][info][gc,heap     ] GC(4998) Survivor regions: 7->6(116)
[2025-01-08T17:41:14.262+0000][162944.628s][info][gc,heap     ] GC(4998) Old regions: 235->235
[2025-01-08T17:41:14.262+0000][162944.628s][info][gc,heap     ] GC(4998) Archive regions: 2->2
[2025-01-08T17:41:14.262+0000][162944.628s][info][gc,heap     ] GC(4998) Humongous regions: 49->49
[2025-01-08T17:41:14.262+0000][162944.628s][info][gc,metaspace] GC(4998) Metaspace: 506413K(515200K)->506413K(515200K) NonClass: 444854K(449216K)->444854K(449216K) Class: 61559K(65984K)->61559K(65984K)
[2025-01-08T17:41:14.262+0000][162944.628s][info][gc          ] GC(4998) Pause Young (Normal) (G1 Evacuation Pause) 9633M->2319M(12288M) 24.045ms
[2025-01-08T17:41:14.262+0000][162944.628s][info][gc,cpu      ] GC(4998) User=0.14s Sys=0.00s Real=0.03s
[2025-01-08T17:41:54.163+0000][162984.529s][info][gc,start    ] GC(4999) Pause Young (Normal) (G1 Evacuation Pause)
[2025-01-08T17:41:54.163+0000][162984.529s][info][gc,task     ] GC(4999) Using 6 workers of 6 for evacuation
[2025-01-08T17:41:54.183+0000][162984.549s][info][gc,phases   ] GC(4999)   Pre Evacuate Collection Set: 0.2ms
[2025-01-08T17:41:54.183+0000][162984.550s][info][gc,phases   ] GC(4999)   Merge Heap Roots: 0.4ms
[2025-01-08T17:41:54.183+0000][162984.550s][info][gc,phases   ] GC(4999)   Evacuate Collection Set: 17.7ms
[2025-01-08T17:41:54.183+0000][162984.550s][info][gc,phases   ] GC(4999)   Post Evacuate Collection Set: 2.1ms
[2025-01-08T17:41:54.183+0000][162984.550s][info][gc,phases   ] GC(4999)   Other: 0.2ms
[2025-01-08T17:41:54.183+0000][162984.550s][info][gc,heap     ] GC(4999) Eden regions: 915->0(916)
[2025-01-08T17:41:54.183+0000][162984.550s][info][gc,heap     ] GC(4999) Survivor regions: 6->5(116)
[2025-01-08T17:41:54.183+0000][162984.550s][info][gc,heap     ] GC(4999) Old regions: 235->235
[2025-01-08T17:41:54.183+0000][162984.550s][info][gc,heap     ] GC(4999) Archive regions: 2->2
[2025-01-08T17:41:54.183+0000][162984.550s][info][gc,heap     ] GC(4999) Humongous regions: 49->49
[2025-01-08T17:41:54.183+0000][162984.550s][info][gc,metaspace] GC(4999) Metaspace: 506413K(515200K)->506413K(515200K) NonClass: 444854K(449216K)->444854K(449216K) Class: 61559K(65984K)->61559K(65984K)
[2025-01-08T17:41:54.183+0000][162984.550s][info][gc          ] GC(4999) Pause Young (Normal) (G1 Evacuation Pause) 9639M->2309M(12288M) 20.653ms
[2025-01-08T17:41:54.184+0000][162984.550s][info][gc,cpu      ] GC(4999) User=0.12s Sys=0.00s Real=0.02s
[2025-01-08T17:55:21.247+0000][163791.613s][info][gc,start    ] GC(5000) Pause Young (Concurrent Start) (G1 Humongous Allocation)
[2025-01-08T17:55:21.247+0000][163791.613s][info][gc,task     ] GC(5000) Using 6 workers of 6 for evacuation
[2025-01-08T17:55:21.284+0000][163791.650s][info][gc,phases   ] GC(5000)   Pre Evacuate Collection Set: 1.0ms
[2025-01-08T17:55:21.284+0000][163791.650s][info][gc,phases   ] GC(5000)   Merge Heap Roots: 0.5ms
[2025-01-08T17:55:21.284+0000][163791.650s][info][gc,phases   ] GC(5000)   Evacuate Collection Set: 32.8ms
[2025-01-08T17:55:21.284+0000][163791.650s][info][gc,phases   ] GC(5000)   Post Evacuate Collection Set: 2.2ms
[2025-01-08T17:55:21.284+0000][163791.650s][info][gc,phases   ] GC(5000)   Other: 0.3ms
[2025-01-08T17:55:21.284+0000][163791.650s][info][gc,heap     ] GC(5000) Eden regions: 376->0(911)
[2025-01-08T17:55:21.284+0000][163791.650s][info][gc,heap     ] GC(5000) Survivor regions: 5->10(116)
[2025-01-08T17:55:21.284+0000][163791.650s][info][gc,heap     ] GC(5000) Old regions: 235->235
[2025-01-08T17:55:21.284+0000][163791.650s][info][gc,heap     ] GC(5000) Archive regions: 2->2
[2025-01-08T17:55:21.284+0000][163791.650s][info][gc,heap     ] GC(5000) Humongous regions: 49->49
[2025-01-08T17:55:21.284+0000][163791.650s][info][gc,metaspace] GC(5000) Metaspace: 506413K(515200K)->506413K(515200K) NonClass: 444854K(449216K)->444854K(449216K) Class: 61559K(65984K)->61559K(65984K)
[2025-01-08T17:55:21.284+0000][163791.650s][info][gc          ] GC(5000) Pause Young (Concurrent Start) (G1 Humongous Allocation) 5315M->2344M(12288M) 36.883ms
[2025-01-08T17:55:21.284+0000][163791.650s][info][gc,cpu      ] GC(5000) User=0.21s Sys=0.00s Real=0.04s
[2025-01-08T17:55:21.284+0000][163791.650s][info][gc          ] GC(5001) Concurrent Mark Cycle
[2025-01-08T17:55:21.284+0000][163791.650s][info][gc,marking  ] GC(5001) Concurrent Clear Claimed Marks
[2025-01-08T17:55:21.285+0000][163791.651s][info][gc,marking  ] GC(5001) Concurrent Clear Claimed Marks 0.837ms
[2025-01-08T17:55:21.285+0000][163791.651s][info][gc,marking  ] GC(5001) Concurrent Scan Root Regions
[2025-01-08T17:55:21.315+0000][163791.681s][info][gc,marking  ] GC(5001) Concurrent Scan Root Regions 29.795ms
[2025-01-08T17:55:21.315+0000][163791.681s][info][gc,marking  ] GC(5001) Concurrent Mark
[2025-01-08T17:55:21.315+0000][163791.681s][info][gc,marking  ] GC(5001) Concurrent Mark From Roots
[2025-01-08T17:55:21.315+0000][163791.681s][info][gc,task     ] GC(5001) Using 2 workers of 2 for marking
[2025-01-08T17:55:22.011+0000][163792.377s][info][gc,marking  ] GC(5001) Concurrent Mark From Roots 696.246ms
[2025-01-08T17:55:22.011+0000][163792.377s][info][gc,marking  ] GC(5001) Concurrent Preclean
[2025-01-08T17:55:22.013+0000][163792.379s][info][gc,marking  ] GC(5001) Concurrent Preclean 1.926ms
[2025-01-08T17:55:22.013+0000][163792.379s][info][gc,start    ] GC(5001) Pause Remark
[2025-01-08T17:55:22.039+0000][163792.405s][info][gc          ] GC(5001) Pause Remark 2516M->2516M(12288M) 25.635ms
[2025-01-08T17:55:22.039+0000][163792.405s][info][gc,cpu      ] GC(5001) User=0.14s Sys=0.00s Real=0.02s
[2025-01-08T17:55:22.039+0000][163792.405s][info][gc,marking  ] GC(5001) Concurrent Mark 724.109ms
[2025-01-08T17:55:22.039+0000][163792.405s][info][gc,marking  ] GC(5001) Concurrent Rebuild Remembered Sets
[2025-01-08T17:55:22.555+0000][163792.921s][info][gc,marking  ] GC(5001) Concurrent Rebuild Remembered Sets 516.162ms
[2025-01-08T17:55:22.555+0000][163792.921s][info][gc,start    ] GC(5001) Pause Cleanup
[2025-01-08T17:55:22.556+0000][163792.922s][info][gc          ] GC(5001) Pause Cleanup 2671M->2671M(12288M) 0.460ms
[2025-01-08T17:55:22.556+0000][163792.922s][info][gc,cpu      ] GC(5001) User=0.00s Sys=0.00s Real=0.00s
[2025-01-08T17:55:22.556+0000][163792.922s][info][gc,marking  ] GC(5001) Concurrent Cleanup for Next Mark
[2025-01-08T17:55:22.571+0000][163792.938s][info][gc,marking  ] GC(5001) Concurrent Cleanup for Next Mark 15.769ms
[2025-01-08T17:55:22.571+0000][163792.938s][info][gc          ] GC(5001) Concurrent Mark Cycle 1287.552ms
[2025-01-08T18:06:00.136+0000][164430.502s][info][gc,start    ] GC(5002) Pause Young (Prepare Mixed) (G1 Evacuation Pause)
[2025-01-08T18:06:00.136+0000][164430.502s][info][gc,task     ] GC(5002) Using 6 workers of 6 for evacuation
[2025-01-08T18:06:00.206+0000][164430.572s][info][gc,phases   ] GC(5002)   Pre Evacuate Collection Set: 0.2ms
[2025-01-08T18:06:00.206+0000][164430.572s][info][gc,phases   ] GC(5002)   Merge Heap Roots: 0.9ms
[2025-01-08T18:06:00.206+0000][164430.572s][info][gc,phases   ] GC(5002)   Evacuate Collection Set: 65.6ms
[2025-01-08T18:06:00.206+0000][164430.572s][info][gc,phases   ] GC(5002)   Post Evacuate Collection Set: 3.1ms
[2025-01-08T18:06:00.206+0000][164430.572s][info][gc,phases   ] GC(5002)   Other: 0.2ms
[2025-01-08T18:06:00.206+0000][164430.572s][info][gc,heap     ] GC(5002) Eden regions: 911->0(60)
[2025-01-08T18:06:00.206+0000][164430.572s][info][gc,heap     ] GC(5002) Survivor regions: 10->16(116)
[2025-01-08T18:06:00.206+0000][164430.572s][info][gc,heap     ] GC(5002) Old regions: 235->235
[2025-01-08T18:06:00.206+0000][164430.572s][info][gc,heap     ] GC(5002) Archive regions: 2->2
[2025-01-08T18:06:00.206+0000][164430.572s][info][gc,heap     ] GC(5002) Humongous regions: 65->65
[2025-01-08T18:06:00.206+0000][164430.572s][info][gc,metaspace] GC(5002) Metaspace: 508143K(517248K)->508143K(517248K) NonClass: 446303K(450816K)->446303K(450816K) Class: 61839K(66432K)->61839K(66432K)
[2025-01-08T18:06:00.206+0000][164430.572s][info][gc          ] GC(5002) Pause Young (Prepare Mixed) (G1 Evacuation Pause) 9760M->2521M(12288M) 70.020ms
[2025-01-08T18:06:00.206+0000][164430.572s][info][gc,cpu      ] GC(5002) User=0.42s Sys=0.00s Real=0.07s
[2025-01-08T18:11:15.266+0000][164745.632s][info][gc,start    ] GC(5003) Pause Young (Mixed) (G1 Evacuation Pause)
[2025-01-08T18:11:15.266+0000][164745.633s][info][gc,task     ] GC(5003) Using 6 workers of 6 for evacuation
[2025-01-08T18:11:15.362+0000][164745.728s][info][gc,phases   ] GC(5003)   Pre Evacuate Collection Set: 0.2ms
[2025-01-08T18:11:15.362+0000][164745.728s][info][gc,phases   ] GC(5003)   Merge Heap Roots: 1.0ms
[2025-01-08T18:11:15.362+0000][164745.728s][info][gc,phases   ] GC(5003)   Evacuate Collection Set: 92.8ms
[2025-01-08T18:11:15.362+0000][164745.728s][info][gc,phases   ] GC(5003)   Post Evacuate Collection Set: 1.7ms
[2025-01-08T18:11:15.362+0000][164745.728s][info][gc,phases   ] GC(5003)   Other: 0.2ms
[2025-01-08T18:11:15.362+0000][164745.728s][info][gc,heap     ] GC(5003) Eden regions: 60->0(899)
[2025-01-08T18:11:15.362+0000][164745.728s][info][gc,heap     ] GC(5003) Survivor regions: 16->2(10)
[2025-01-08T18:11:15.362+0000][164745.728s][info][gc,heap     ] GC(5003) Old regions: 235->242
[2025-01-08T18:11:15.362+0000][164745.728s][info][gc,heap     ] GC(5003) Archive regions: 2->2
[2025-01-08T18:11:15.362+0000][164745.728s][info][gc,heap     ] GC(5003) Humongous regions: 65->65
[2025-01-08T18:11:15.362+0000][164745.728s][info][gc,metaspace] GC(5003) Metaspace: 508146K(517248K)->508146K(517248K) NonClass: 446307K(450816K)->446307K(450816K) Class: 61839K(66432K)->61839K(66432K)
[2025-01-08T18:11:15.362+0000][164745.729s][info][gc          ] GC(5003) Pause Young (Mixed) (G1 Evacuation Pause) 3001M->2477M(12288M) 96.019ms
[2025-01-08T18:11:15.362+0000][164745.729s][info][gc,cpu      ] GC(5003) User=0.56s Sys=0.00s Real=0.10s
[2025-01-08T19:19:00.089+0000][168810.455s][info][gc,start    ] GC(5004) Pause Young (Normal) (G1 Evacuation Pause)
[2025-01-08T19:19:00.089+0000][168810.455s][info][gc,task     ] GC(5004) Using 6 workers of 6 for evacuation
[2025-01-08T19:19:00.114+0000][168810.480s][info][gc,phases   ] GC(5004)   Pre Evacuate Collection Set: 0.2ms
[2025-01-08T19:19:00.114+0000][168810.480s][info][gc,phases   ] GC(5004)   Merge Heap Roots: 0.3ms
[2025-01-08T19:19:00.114+0000][168810.480s][info][gc,phases   ] GC(5004)   Evacuate Collection Set: 20.4ms
[2025-01-08T19:19:00.114+0000][168810.480s][info][gc,phases   ] GC(5004)   Post Evacuate Collection Set: 4.5ms
[2025-01-08T19:19:00.114+0000][168810.480s][info][gc,phases   ] GC(5004)   Other: 0.2ms
[2025-01-08T19:19:00.114+0000][168810.481s][info][gc,heap     ] GC(5004) Eden regions: 899->0(893)
[2025-01-08T19:19:00.114+0000][168810.481s][info][gc,heap     ] GC(5004) Survivor regions: 2->6(113)
[2025-01-08T19:19:00.114+0000][168810.481s][info][gc,heap     ] GC(5004) Old regions: 242->242
[2025-01-08T19:19:00.114+0000][168810.481s][info][gc,heap     ] GC(5004) Archive regions: 2->2
[2025-01-08T19:19:00.114+0000][168810.481s][info][gc,heap     ] GC(5004) Humongous regions: 65->65
[2025-01-08T19:19:00.114+0000][168810.481s][info][gc,metaspace] GC(5004) Metaspace: 508450K(517632K)->508450K(517632K) NonClass: 446557K(451136K)->446557K(451136K) Class: 61892K(66496K)->61892K(66496K)
[2025-01-08T19:19:00.114+0000][168810.481s][info][gc          ] GC(5004) Pause Young (Normal) (G1 Evacuation Pause) 9669M->2508M(12288M) 25.746ms
[2025-01-08T19:19:00.114+0000][168810.481s][info][gc,cpu      ] GC(5004) User=0.15s Sys=0.00s Real=0.03s
[2025-01-08T19:36:40.954+0000][169871.320s][info][gc,start    ] GC(5005) Pause Young (Normal) (G1 Evacuation Pause)
[2025-01-08T19:36:40.954+0000][169871.320s][info][gc,task     ] GC(5005) Using 6 workers of 6 for evacuation
[2025-01-08T19:36:40.995+0000][169871.361s][info][gc,phases   ] GC(5005)   Pre Evacuate Collection Set: 0.2ms
[2025-01-08T19:36:40.995+0000][169871.361s][info][gc,phases   ] GC(5005)   Merge Heap Roots: 0.5ms
[2025-01-08T19:36:40.995+0000][169871.361s][info][gc,phases   ] GC(5005)   Evacuate Collection Set: 36.8ms
[2025-01-08T19:36:40.995+0000][169871.361s][info][gc,phases   ] GC(5005)   Post Evacuate Collection Set: 3.4ms
[2025-01-08T19:36:40.995+0000][169871.361s][info][gc,phases   ] GC(5005)   Other: 0.2ms
[2025-01-08T19:36:40.995+0000][169871.361s][info][gc,heap     ] GC(5005) Eden regions: 893->0(886)
[2025-01-08T19:36:40.995+0000][169871.361s][info][gc,heap     ] GC(5005) Survivor regions: 6->11(113)
[2025-01-08T19:36:40.995+0000][169871.361s][info][gc,heap     ] GC(5005) Old regions: 242->242
[2025-01-08T19:36:40.995+0000][169871.361s][info][gc,heap     ] GC(5005) Archive regions: 2->2
[2025-01-08T19:36:40.995+0000][169871.361s][info][gc,heap     ] GC(5005) Humongous regions: 65->65
[2025-01-08T19:36:40.995+0000][169871.361s][info][gc,metaspace] GC(5005) Metaspace: 509332K(518720K)->509332K(518720K) NonClass: 447300K(451968K)->447300K(451968K) Class: 62032K(66752K)->62032K(66752K)
[2025-01-08T19:36:40.995+0000][169871.361s][info][gc          ] GC(5005) Pause Young (Normal) (G1 Evacuation Pause) 9652M->2548M(12288M) 41.159ms
[2025-01-08T19:36:40.995+0000][169871.362s][info][gc,cpu      ] GC(5005) User=0.25s Sys=0.00s Real=0.04s
[2025-01-08T19:41:01.709+0000][170132.075s][info][gc,start    ] GC(5006) Pause Young (Concurrent Start) (G1 Humongous Allocation)
[2025-01-08T19:41:01.709+0000][170132.075s][info][gc,task     ] GC(5006) Using 6 workers of 6 for evacuation
[2025-01-08T19:41:01.760+0000][170132.126s][info][gc,phases   ] GC(5006)   Pre Evacuate Collection Set: 1.2ms
[2025-01-08T19:41:01.760+0000][170132.126s][info][gc,phases   ] GC(5006)   Merge Heap Roots: 0.4ms
[2025-01-08T19:41:01.760+0000][170132.126s][info][gc,phases   ] GC(5006)   Evacuate Collection Set: 47.0ms
[2025-01-08T19:41:01.760+0000][170132.126s][info][gc,phases   ] GC(5006)   Post Evacuate Collection Set: 2.5ms
[2025-01-08T19:41:01.760+0000][170132.126s][info][gc,phases   ] GC(5006)   Other: 0.3ms
[2025-01-08T19:41:01.760+0000][170132.126s][info][gc,heap     ] GC(5006) Eden regions: 474->0(882)
[2025-01-08T19:41:01.760+0000][170132.126s][info][gc,heap     ] GC(5006) Survivor regions: 11->14(113)
[2025-01-08T19:41:01.760+0000][170132.126s][info][gc,heap     ] GC(5006) Old regions: 242->242
[2025-01-08T19:41:01.760+0000][170132.126s][info][gc,heap     ] GC(5006) Archive regions: 2->2
[2025-01-08T19:41:01.760+0000][170132.126s][info][gc,heap     ] GC(5006) Humongous regions: 65->65
[2025-01-08T19:41:01.760+0000][170132.126s][info][gc,metaspace] GC(5006) Metaspace: 524313K(533760K)->524313K(533760K) NonClass: 460300K(465024K)->460300K(465024K) Class: 64012K(68736K)->64012K(68736K)
[2025-01-08T19:41:01.760+0000][170132.126s][info][gc          ] GC(5006) Pause Young (Concurrent Start) (G1 Humongous Allocation) 6335M->2573M(12288M) 51.474ms
[2025-01-08T19:41:01.760+0000][170132.126s][info][gc,cpu      ] GC(5006) User=0.30s Sys=0.00s Real=0.05s
[2025-01-08T19:41:01.760+0000][170132.126s][info][gc          ] GC(5007) Concurrent Mark Cycle
[2025-01-08T19:41:01.760+0000][170132.126s][info][gc,marking  ] GC(5007) Concurrent Clear Claimed Marks
[2025-01-08T19:41:01.761+0000][170132.127s][info][gc,marking  ] GC(5007) Concurrent Clear Claimed Marks 1.045ms
[2025-01-08T19:41:01.761+0000][170132.127s][info][gc,marking  ] GC(5007) Concurrent Scan Root Regions
[2025-01-08T19:41:01.806+0000][170132.172s][info][gc,marking  ] GC(5007) Concurrent Scan Root Regions 44.263ms
[2025-01-08T19:41:01.806+0000][170132.172s][info][gc,marking  ] GC(5007) Concurrent Mark
[2025-01-08T19:41:01.806+0000][170132.172s][info][gc,marking  ] GC(5007) Concurrent Mark From Roots
[2025-01-08T19:41:01.806+0000][170132.172s][info][gc,task     ] GC(5007) Using 2 workers of 2 for marking
[2025-01-08T19:41:02.460+0000][170132.826s][info][gc,marking  ] GC(5007) Concurrent Mark From Roots 654.168ms
[2025-01-08T19:41:02.460+0000][170132.826s][info][gc,marking  ] GC(5007) Concurrent Preclean
[2025-01-08T19:41:02.462+0000][170132.828s][info][gc,marking  ] GC(5007) Concurrent Preclean 2.366ms
[2025-01-08T19:41:02.462+0000][170132.828s][info][gc,start    ] GC(5007) Pause Remark
[2025-01-08T19:41:02.529+0000][170132.895s][info][gc          ] GC(5007) Pause Remark 2881M->2753M(12288M) 66.541ms
[2025-01-08T19:41:02.529+0000][170132.895s][info][gc,cpu      ] GC(5007) User=0.34s Sys=0.00s Real=0.06s
[2025-01-08T19:41:02.529+0000][170132.895s][info][gc,marking  ] GC(5007) Concurrent Mark 723.532ms
[2025-01-08T19:41:02.529+0000][170132.895s][info][gc,marking  ] GC(5007) Concurrent Rebuild Remembered Sets
[2025-01-08T19:41:02.976+0000][170133.342s][info][gc,marking  ] GC(5007) Concurrent Rebuild Remembered Sets 446.623ms
[2025-01-08T19:41:02.976+0000][170133.342s][info][gc,start    ] GC(5007) Pause Cleanup
[2025-01-08T19:41:02.976+0000][170133.343s][info][gc          ] GC(5007) Pause Cleanup 2776M->2776M(12288M) 0.506ms
[2025-01-08T19:41:02.976+0000][170133.343s][info][gc,cpu      ] GC(5007) User=0.00s Sys=0.00s Real=0.00s
[2025-01-08T19:41:02.977+0000][170133.343s][info][gc,marking  ] GC(5007) Concurrent Cleanup for Next Mark
[2025-01-08T19:41:02.992+0000][170133.358s][info][gc,marking  ] GC(5007) Concurrent Cleanup for Next Mark 15.385ms
[2025-01-08T19:41:02.992+0000][170133.358s][info][gc          ] GC(5007) Concurrent Mark Cycle 1231.753ms
[2025-01-08T19:51:20.845+0000][170751.211s][info][gc,start    ] GC(5008) Pause Young (Prepare Mixed) (G1 Evacuation Pause)
[2025-01-08T19:51:20.845+0000][170751.211s][info][gc,task     ] GC(5008) Using 6 workers of 6 for evacuation
[2025-01-08T19:51:20.899+0000][170751.265s][info][gc,phases   ] GC(5008)   Pre Evacuate Collection Set: 0.2ms
[2025-01-08T19:51:20.899+0000][170751.265s][info][gc,phases   ] GC(5008)   Merge Heap Roots: 0.6ms
[2025-01-08T19:51:20.899+0000][170751.265s][info][gc,phases   ] GC(5008)   Evacuate Collection Set: 49.8ms
[2025-01-08T19:51:20.899+0000][170751.265s][info][gc,phases   ] GC(5008)   Post Evacuate Collection Set: 3.0ms
[2025-01-08T19:51:20.899+0000][170751.265s][info][gc,phases   ] GC(5008)   Other: 0.2ms
[2025-01-08T19:51:20.899+0000][170751.265s][info][gc,heap     ] GC(5008) Eden regions: 882->0(61)
[2025-01-08T19:51:20.899+0000][170751.265s][info][gc,heap     ] GC(5008) Survivor regions: 14->15(112)
[2025-01-08T19:51:20.899+0000][170751.265s][info][gc,heap     ] GC(5008) Old regions: 242->242
[2025-01-08T19:51:20.899+0000][170751.265s][info][gc,heap     ] GC(5008) Archive regions: 2->2
[2025-01-08T19:51:20.899+0000][170751.265s][info][gc,heap     ] GC(5008) Humongous regions: 61->61
[2025-01-08T19:51:20.899+0000][170751.265s][info][gc,metaspace] GC(5008) Metaspace: 522568K(533760K)->522568K(533760K) NonClass: 458859K(465024K)->458859K(465024K) Class: 63709K(68736K)->63709K(68736K)
[2025-01-08T19:51:20.899+0000][170751.265s][info][gc          ] GC(5008) Pause Young (Prepare Mixed) (G1 Evacuation Pause) 9597M->2547M(12288M) 53.941ms
[2025-01-08T19:51:20.899+0000][170751.265s][info][gc,cpu      ] GC(5008) User=0.32s Sys=0.00s Real=0.05s
[2025-01-08T19:51:25.561+0000][170755.927s][info][gc,start    ] GC(5009) Pause Young (Mixed) (G1 Evacuation Pause)
[2025-01-08T19:51:25.561+0000][170755.927s][info][gc,task     ] GC(5009) Using 6 workers of 6 for evacuation
[2025-01-08T19:51:25.649+0000][170756.016s][info][gc,phases   ] GC(5009)   Pre Evacuate Collection Set: 0.2ms
[2025-01-08T19:51:25.650+0000][170756.016s][info][gc,phases   ] GC(5009)   Merge Heap Roots: 0.7ms
[2025-01-08T19:51:25.650+0000][170756.016s][info][gc,phases   ] GC(5009)   Evacuate Collection Set: 85.0ms
[2025-01-08T19:51:25.650+0000][170756.016s][info][gc,phases   ] GC(5009)   Post Evacuate Collection Set: 1.9ms
[2025-01-08T19:51:25.650+0000][170756.016s][info][gc,phases   ] GC(5009)   Other: 0.2ms
[2025-01-08T19:51:25.650+0000][170756.016s][info][gc,heap     ] GC(5009) Eden regions: 61->0(890)
[2025-01-08T19:51:25.650+0000][170756.016s][info][gc,heap     ] GC(5009) Survivor regions: 15->2(10)
[2025-01-08T19:51:25.650+0000][170756.016s][info][gc,heap     ] GC(5009) Old regions: 242->245
[2025-01-08T19:51:25.650+0000][170756.016s][info][gc,heap     ] GC(5009) Archive regions: 2->2
[2025-01-08T19:51:25.650+0000][170756.016s][info][gc,heap     ] GC(5009) Humongous regions: 65->65
[2025-01-08T19:51:25.650+0000][170756.016s][info][gc,metaspace] GC(5009) Metaspace: 522595K(533760K)->522595K(533760K) NonClass: 458881K(465024K)->458881K(465024K) Class: 63714K(68736K)->63714K(68736K)
[2025-01-08T19:51:25.650+0000][170756.016s][info][gc          ] GC(5009) Pause Young (Mixed) (G1 Evacuation Pause) 3067M->2500M(12288M) 88.214ms
[2025-01-08T19:51:25.650+0000][170756.016s][info][gc,cpu      ] GC(5009) User=0.52s Sys=0.00s Real=0.10s
[2025-01-08T19:55:54.977+0000][171025.343s][info][gc,start    ] GC(5010) Pause Young (Normal) (G1 Evacuation Pause)
[2025-01-08T19:55:54.977+0000][171025.343s][info][gc,task     ] GC(5010) Using 6 workers of 6 for evacuation
[2025-01-08T19:55:55.011+0000][171025.377s][info][gc,phases   ] GC(5010)   Pre Evacuate Collection Set: 0.2ms
[2025-01-08T19:55:55.011+0000][171025.377s][info][gc,phases   ] GC(5010)   Merge Heap Roots: 0.4ms
[2025-01-08T19:55:55.011+0000][171025.377s][info][gc,phases   ] GC(5010)   Evacuate Collection Set: 29.6ms
[2025-01-08T19:55:55.011+0000][171025.377s][info][gc,phases   ] GC(5010)   Post Evacuate Collection Set: 3.8ms
[2025-01-08T19:55:55.011+0000][171025.377s][info][gc,phases   ] GC(5010)   Other: 0.2ms
[2025-01-08T19:55:55.011+0000][171025.377s][info][gc,heap     ] GC(5010) Eden regions: 890->0(870)
[2025-01-08T19:55:55.011+0000][171025.377s][info][gc,heap     ] GC(5010) Survivor regions: 2->8(112)
[2025-01-08T19:55:55.011+0000][171025.377s][info][gc,heap     ] GC(5010) Old regions: 245->245
[2025-01-08T19:55:55.011+0000][171025.377s][info][gc,heap     ] GC(5010) Archive regions: 2->2
[2025-01-08T19:55:55.011+0000][171025.377s][info][gc,heap     ] GC(5010) Humongous regions: 77->77
[2025-01-08T19:55:55.011+0000][171025.377s][info][gc,metaspace] GC(5010) Metaspace: 522820K(533760K)->522820K(533760K) NonClass: 459065K(465024K)->459065K(465024K) Class: 63754K(68736K)->63754K(68736K)
[2025-01-08T19:55:55.011+0000][171025.377s][info][gc          ] GC(5010) Pause Young (Normal) (G1 Evacuation Pause) 9716M->2642M(12288M) 34.273ms
[2025-01-08T19:55:55.011+0000][171025.377s][info][gc,cpu      ] GC(5010) User=0.20s Sys=0.00s Real=0.04s
[2025-01-08T19:56:40.391+0000][171070.757s][info][gc,start    ] GC(5011) Pause Young (Concurrent Start) (G1 Humongous Allocation)
[2025-01-08T19:56:40.391+0000][171070.757s][info][gc,task     ] GC(5011) Using 6 workers of 6 for evacuation
[2025-01-08T19:56:40.437+0000][171070.803s][info][gc,phases   ] GC(5011)   Pre Evacuate Collection Set: 1.1ms
[2025-01-08T19:56:40.437+0000][171070.803s][info][gc,phases   ] GC(5011)   Merge Heap Roots: 0.4ms
[2025-01-08T19:56:40.437+0000][171070.803s][info][gc,phases   ] GC(5011)   Evacuate Collection Set: 41.0ms
[2025-01-08T19:56:40.437+0000][171070.803s][info][gc,phases   ] GC(5011)   Post Evacuate Collection Set: 3.5ms
[2025-01-08T19:56:40.437+0000][171070.803s][info][gc,phases   ] GC(5011)   Other: 0.3ms
[2025-01-08T19:56:40.437+0000][171070.803s][info][gc,heap     ] GC(5011) Eden regions: 821->0(868)
[2025-01-08T19:56:40.437+0000][171070.803s][info][gc,heap     ] GC(5011) Survivor regions: 8->11(110)
[2025-01-08T19:56:40.437+0000][171070.803s][info][gc,heap     ] GC(5011) Old regions: 245->245
[2025-01-08T19:56:40.437+0000][171070.803s][info][gc,heap     ] GC(5011) Archive regions: 2->2
[2025-01-08T19:56:40.437+0000][171070.803s][info][gc,heap     ] GC(5011) Humongous regions: 77->77
[2025-01-08T19:56:40.437+0000][171070.803s][info][gc,metaspace] GC(5011) Metaspace: 522857K(533760K)->522857K(533760K) NonClass: 459095K(465024K)->459095K(465024K) Class: 63762K(68736K)->63762K(68736K)
[2025-01-08T19:56:40.437+0000][171070.803s][info][gc          ] GC(5011) Pause Young (Concurrent Start) (G1 Humongous Allocation) 9204M->2664M(12288M) 46.388ms
[2025-01-08T19:56:40.437+0000][171070.803s][info][gc,cpu      ] GC(5011) User=0.27s Sys=0.00s Real=0.04s
[2025-01-08T19:56:40.437+0000][171070.804s][info][gc          ] GC(5012) Concurrent Mark Cycle
[2025-01-08T19:56:40.437+0000][171070.804s][info][gc,marking  ] GC(5012) Concurrent Clear Claimed Marks
[2025-01-08T19:56:40.438+0000][171070.805s][info][gc,marking  ] GC(5012) Concurrent Clear Claimed Marks 0.959ms
[2025-01-08T19:56:40.438+0000][171070.805s][info][gc,marking  ] GC(5012) Concurrent Scan Root Regions
[2025-01-08T19:56:40.469+0000][171070.835s][info][gc,marking  ] GC(5012) Concurrent Scan Root Regions 30.319ms
[2025-01-08T19:56:40.469+0000][171070.835s][info][gc,marking  ] GC(5012) Concurrent Mark
[2025-01-08T19:56:40.469+0000][171070.835s][info][gc,marking  ] GC(5012) Concurrent Mark From Roots
[2025-01-08T19:56:40.469+0000][171070.835s][info][gc,task     ] GC(5012) Using 2 workers of 2 for marking
[2025-01-08T19:56:41.224+0000][171071.591s][info][gc,marking  ] GC(5012) Concurrent Mark From Roots 755.694ms
[2025-01-08T19:56:41.225+0000][171071.591s][info][gc,marking  ] GC(5012) Concurrent Preclean
[2025-01-08T19:56:41.227+0000][171071.593s][info][gc,marking  ] GC(5012) Concurrent Preclean 2.215ms
[2025-01-08T19:56:41.227+0000][171071.593s][info][gc,start    ] GC(5012) Pause Remark
[2025-01-08T19:56:41.285+0000][171071.651s][info][gc          ] GC(5012) Pause Remark 3036M->2812M(12288M) 57.609ms
[2025-01-08T19:56:41.285+0000][171071.651s][info][gc,cpu      ] GC(5012) User=0.31s Sys=0.00s Real=0.06s
[2025-01-08T19:56:41.285+0000][171071.651s][info][gc,marking  ] GC(5012) Concurrent Mark 815.997ms
[2025-01-08T19:56:41.285+0000][171071.651s][info][gc,marking  ] GC(5012) Concurrent Rebuild Remembered Sets
[2025-01-08T19:56:41.792+0000][171072.158s][info][gc,marking  ] GC(5012) Concurrent Rebuild Remembered Sets 507.475ms
[2025-01-08T19:56:41.792+0000][171072.159s][info][gc,start    ] GC(5012) Pause Cleanup
[2025-01-08T19:56:41.793+0000][171072.159s][info][gc          ] GC(5012) Pause Cleanup 3100M->3100M(12288M) 0.479ms
[2025-01-08T19:56:41.793+0000][171072.159s][info][gc,cpu      ] GC(5012) User=0.00s Sys=0.00s Real=0.00s
[2025-01-08T19:56:41.793+0000][171072.159s][info][gc,marking  ] GC(5012) Concurrent Cleanup for Next Mark
[2025-01-08T19:56:41.809+0000][171072.175s][info][gc,marking  ] GC(5012) Concurrent Cleanup for Next Mark 16.231ms
[2025-01-08T19:56:41.809+0000][171072.175s][info][gc          ] GC(5012) Concurrent Mark Cycle 1371.943ms
[2025-01-08T19:56:59.508+0000][171089.874s][info][gc,start    ] GC(5013) Pause Young (Prepare Mixed) (G1 Evacuation Pause)
[2025-01-08T19:56:59.508+0000][171089.874s][info][gc,task     ] GC(5013) Using 6 workers of 6 for evacuation
[2025-01-08T19:56:59.558+0000][171089.924s][info][gc,phases   ] GC(5013)   Pre Evacuate Collection Set: 0.2ms
[2025-01-08T19:56:59.558+0000][171089.924s][info][gc,phases   ] GC(5013)   Merge Heap Roots: 0.6ms
[2025-01-08T19:56:59.558+0000][171089.924s][info][gc,phases   ] GC(5013)   Evacuate Collection Set: 46.3ms
[2025-01-08T19:56:59.558+0000][171089.924s][info][gc,phases   ] GC(5013)   Post Evacuate Collection Set: 2.7ms
[2025-01-08T19:56:59.558+0000][171089.924s][info][gc,phases   ] GC(5013)   Other: 0.2ms
[2025-01-08T19:56:59.558+0000][171089.924s][info][gc,heap     ] GC(5013) Eden regions: 868->0(62)
[2025-01-08T19:56:59.558+0000][171089.924s][info][gc,heap     ] GC(5013) Survivor regions: 11->14(110)
[2025-01-08T19:56:59.558+0000][171089.924s][info][gc,heap     ] GC(5013) Old regions: 245->245
[2025-01-08T19:56:59.558+0000][171089.924s][info][gc,heap     ] GC(5013) Archive regions: 2->2
[2025-01-08T19:56:59.558+0000][171089.924s][info][gc,heap     ] GC(5013) Humongous regions: 61->61
[2025-01-08T19:56:59.558+0000][171089.924s][info][gc,metaspace] GC(5013) Metaspace: 522995K(533760K)->522995K(533760K) NonClass: 459211K(465024K)->459211K(465024K) Class: 63784K(68736K)->63784K(68736K)
[2025-01-08T19:56:59.558+0000][171089.924s][info][gc          ] GC(5013) Pause Young (Prepare Mixed) (G1 Evacuation Pause) 9480M->2559M(12288M) 50.071ms
[2025-01-08T19:56:59.558+0000][171089.924s][info][gc,cpu      ] GC(5013) User=0.30s Sys=0.00s Real=0.05s
[2025-01-08T19:57:03.529+0000][171093.895s][info][gc,start    ] GC(5014) Pause Young (Mixed) (G1 Evacuation Pause)
[2025-01-08T19:57:03.529+0000][171093.895s][info][gc,task     ] GC(5014) Using 6 workers of 6 for evacuation
[2025-01-08T19:57:03.612+0000][171093.978s][info][gc,phases   ] GC(5014)   Pre Evacuate Collection Set: 0.2ms
[2025-01-08T19:57:03.612+0000][171093.978s][info][gc,phases   ] GC(5014)   Merge Heap Roots: 0.7ms
[2025-01-08T19:57:03.612+0000][171093.978s][info][gc,phases   ] GC(5014)   Evacuate Collection Set: 79.8ms
[2025-01-08T19:57:03.612+0000][171093.978s][info][gc,phases   ] GC(5014)   Post Evacuate Collection Set: 1.9ms
[2025-01-08T19:57:03.612+0000][171093.978s][info][gc,phases   ] GC(5014)   Other: 0.2ms
[2025-01-08T19:57:03.612+0000][171093.978s][info][gc,heap     ] GC(5014) Eden regions: 62->0(890)
[2025-01-08T19:57:03.612+0000][171093.978s][info][gc,heap     ] GC(5014) Survivor regions: 14->6(10)
[2025-01-08T19:57:03.612+0000][171093.978s][info][gc,heap     ] GC(5014) Old regions: 245->243
[2025-01-08T19:57:03.612+0000][171093.978s][info][gc,heap     ] GC(5014) Archive regions: 2->2
[2025-01-08T19:57:03.612+0000][171093.978s][info][gc,heap     ] GC(5014) Humongous regions: 61->61
[2025-01-08T19:57:03.612+0000][171093.978s][info][gc,metaspace] GC(5014) Metaspace: 523005K(533760K)->523005K(533760K) NonClass: 459219K(465024K)->459219K(465024K) Class: 63786K(68736K)->63786K(68736K)
[2025-01-08T19:57:03.612+0000][171093.978s][info][gc          ] GC(5014) Pause Young (Mixed) (G1 Evacuation Pause) 3055M->2484M(12288M) 82.917ms
[2025-01-08T19:57:03.612+0000][171093.978s][info][gc,cpu      ] GC(5014) User=0.49s Sys=0.00s Real=0.09s
[2025-01-08T19:57:29.978+0000][171120.344s][info][gc,start    ] GC(5015) Pause Young (Normal) (G1 Evacuation Pause)
[2025-01-08T19:57:29.978+0000][171120.345s][info][gc,task     ] GC(5015) Using 6 workers of 6 for evacuation
[2025-01-08T19:57:30.012+0000][171120.378s][info][gc,phases   ] GC(5015)   Pre Evacuate Collection Set: 0.2ms
[2025-01-08T19:57:30.012+0000][171120.378s][info][gc,phases   ] GC(5015)   Merge Heap Roots: 0.4ms
[2025-01-08T19:57:30.012+0000][171120.378s][info][gc,phases   ] GC(5015)   Evacuate Collection Set: 29.5ms
[2025-01-08T19:57:30.012+0000][171120.378s][info][gc,phases   ] GC(5015)   Post Evacuate Collection Set: 2.9ms
[2025-01-08T19:57:30.012+0000][171120.378s][info][gc,phases   ] GC(5015)   Other: 0.2ms
[2025-01-08T19:57:30.012+0000][171120.378s][info][gc,heap     ] GC(5015) Eden regions: 890->0(884)
[2025-01-08T19:57:30.012+0000][171120.378s][info][gc,heap     ] GC(5015) Survivor regions: 6->7(112)
[2025-01-08T19:57:30.012+0000][171120.378s][info][gc,heap     ] GC(5015) Old regions: 243->243
[2025-01-08T19:57:30.012+0000][171120.378s][info][gc,heap     ] GC(5015) Archive regions: 2->2
[2025-01-08T19:57:30.012+0000][171120.378s][info][gc,heap     ] GC(5015) Humongous regions: 69->69
[2025-01-08T19:57:30.012+0000][171120.378s][info][gc,metaspace] GC(5015) Metaspace: 523111K(533760K)->523111K(533760K) NonClass: 459310K(465024K)->459310K(465024K) Class: 63800K(68736K)->63800K(68736K)
[2025-01-08T19:57:30.012+0000][171120.378s][info][gc          ] GC(5015) Pause Young (Normal) (G1 Evacuation Pause) 9668M->2558M(12288M) 33.301ms
[2025-01-08T19:57:30.012+0000][171120.378s][info][gc,cpu      ] GC(5015) User=0.20s Sys=0.00s Real=0.04s
[2025-01-08T19:57:49.029+0000][171139.395s][info][gc,start    ] GC(5016) Pause Young (Normal) (G1 Evacuation Pause)
[2025-01-08T19:57:49.029+0000][171139.395s][info][gc,task     ] GC(5016) Using 6 workers of 6 for evacuation
[2025-01-08T19:57:49.063+0000][171139.429s][info][gc,phases   ] GC(5016)   Pre Evacuate Collection Set: 0.2ms
[2025-01-08T19:57:49.063+0000][171139.429s][info][gc,phases   ] GC(5016)   Merge Heap Roots: 0.4ms
[2025-01-08T19:57:49.063+0000][171139.429s][info][gc,phases   ] GC(5016)   Evacuate Collection Set: 30.5ms
[2025-01-08T19:57:49.063+0000][171139.429s][info][gc,phases   ] GC(5016)   Post Evacuate Collection Set: 2.5ms
[2025-01-08T19:57:49.063+0000][171139.429s][info][gc,phases   ] GC(5016)   Other: 0.2ms
[2025-01-08T19:57:49.063+0000][171139.429s][info][gc,heap     ] GC(5016) Eden regions: 884->0(883)
[2025-01-08T19:57:49.063+0000][171139.429s][info][gc,heap     ] GC(5016) Survivor regions: 7->9(112)
[2025-01-08T19:57:49.063+0000][171139.429s][info][gc,heap     ] GC(5016) Old regions: 243->243
[2025-01-08T19:57:49.063+0000][171139.429s][info][gc,heap     ] GC(5016) Archive regions: 2->2
[2025-01-08T19:57:49.063+0000][171139.429s][info][gc,heap     ] GC(5016) Humongous regions: 69->69
[2025-01-08T19:57:49.063+0000][171139.429s][info][gc,metaspace] GC(5016) Metaspace: 523146K(533760K)->523146K(533760K) NonClass: 459343K(465024K)->459343K(465024K) Class: 63802K(68736K)->63802K(68736K)
[2025-01-08T19:57:49.063+0000][171139.429s][info][gc          ] GC(5016) Pause Young (Normal) (G1 Evacuation Pause) 9630M->2571M(12288M) 33.953ms
[2025-01-08T19:57:49.063+0000][171139.429s][info][gc,cpu      ] GC(5016) User=0.20s Sys=0.00s Real=0.04s
[2025-01-08T19:58:02.465+0000][171152.831s][info][gc,start    ] GC(5017) Pause Young (Concurrent Start) (G1 Evacuation Pause)
[2025-01-08T19:58:02.465+0000][171152.831s][info][gc,task     ] GC(5017) Using 6 workers of 6 for evacuation
[2025-01-08T19:58:02.505+0000][171152.871s][info][gc,phases   ] GC(5017)   Pre Evacuate Collection Set: 1.2ms
[2025-01-08T19:58:02.505+0000][171152.871s][info][gc,phases   ] GC(5017)   Merge Heap Roots: 0.4ms
[2025-01-08T19:58:02.505+0000][171152.871s][info][gc,phases   ] GC(5017)   Evacuate Collection Set: 35.7ms
[2025-01-08T19:58:02.505+0000][171152.871s][info][gc,phases   ] GC(5017)   Post Evacuate Collection Set: 2.8ms
[2025-01-08T19:58:02.505+0000][171152.871s][info][gc,phases   ] GC(5017)   Other: 0.3ms
[2025-01-08T19:58:02.505+0000][171152.871s][info][gc,heap     ] GC(5017) Eden regions: 883->0(884)
[2025-01-08T19:58:02.505+0000][171152.871s][info][gc,heap     ] GC(5017) Survivor regions: 9->10(112)
[2025-01-08T19:58:02.505+0000][171152.871s][info][gc,heap     ] GC(5017) Old regions: 243->243
[2025-01-08T19:58:02.505+0000][171152.871s][info][gc,heap     ] GC(5017) Archive regions: 2->2
[2025-01-08T19:58:02.505+0000][171152.871s][info][gc,heap     ] GC(5017) Humongous regions: 69->69
[2025-01-08T19:58:02.505+0000][171152.871s][info][gc,metaspace] GC(5017) Metaspace: 523176K(533760K)->523176K(533760K) NonClass: 459369K(465024K)->459369K(465024K) Class: 63806K(68736K)->63806K(68736K)
[2025-01-08T19:58:02.505+0000][171152.871s][info][gc          ] GC(5017) Pause Young (Concurrent Start) (G1 Evacuation Pause) 9635M->2578M(12288M) 40.528ms
[2025-01-08T19:58:02.505+0000][171152.871s][info][gc,cpu      ] GC(5017) User=0.24s Sys=0.00s Real=0.04s
[2025-01-08T19:58:02.505+0000][171152.871s][info][gc          ] GC(5018) Concurrent Mark Cycle
[2025-01-08T19:58:02.505+0000][171152.871s][info][gc,marking  ] GC(5018) Concurrent Clear Claimed Marks
[2025-01-08T19:58:02.506+0000][171152.872s][info][gc,marking  ] GC(5018) Concurrent Clear Claimed Marks 0.976ms
[2025-01-08T19:58:02.506+0000][171152.872s][info][gc,marking  ] GC(5018) Concurrent Scan Root Regions
[2025-01-08T19:58:02.534+0000][171152.900s][info][gc,marking  ] GC(5018) Concurrent Scan Root Regions 27.497ms
[2025-01-08T19:58:02.534+0000][171152.900s][info][gc,marking  ] GC(5018) Concurrent Mark
[2025-01-08T19:58:02.534+0000][171152.900s][info][gc,marking  ] GC(5018) Concurrent Mark From Roots
[2025-01-08T19:58:02.534+0000][171152.900s][info][gc,task     ] GC(5018) Using 2 workers of 2 for marking
[2025-01-08T19:58:03.304+0000][171153.670s][info][gc,marking  ] GC(5018) Concurrent Mark From Roots 770.405ms
[2025-01-08T19:58:03.304+0000][171153.670s][info][gc,marking  ] GC(5018) Concurrent Preclean
[2025-01-08T19:58:03.308+0000][171153.674s][info][gc,marking  ] GC(5018) Concurrent Preclean 3.168ms
[2025-01-08T19:58:03.308+0000][171153.674s][info][gc,start    ] GC(5018) Pause Remark
[2025-01-08T19:58:03.336+0000][171153.702s][info][gc          ] GC(5018) Pause Remark 2986M->2826M(12288M) 28.566ms
[2025-01-08T19:58:03.336+0000][171153.702s][info][gc,cpu      ] GC(5018) User=0.16s Sys=0.00s Real=0.03s
[2025-01-08T19:58:03.336+0000][171153.702s][info][gc,marking  ] GC(5018) Concurrent Mark 802.481ms
[2025-01-08T19:58:03.336+0000][171153.702s][info][gc,marking  ] GC(5018) Concurrent Rebuild Remembered Sets
[2025-01-08T19:58:03.876+0000][171154.242s][info][gc,marking  ] GC(5018) Concurrent Rebuild Remembered Sets 539.830ms
[2025-01-08T19:58:03.876+0000][171154.242s][info][gc,start    ] GC(5018) Pause Cleanup
[2025-01-08T19:58:03.877+0000][171154.243s][info][gc          ] GC(5018) Pause Cleanup 3034M->3034M(12288M) 0.501ms
[2025-01-08T19:58:03.877+0000][171154.243s][info][gc,cpu      ] GC(5018) User=0.00s Sys=0.00s Real=0.00s
[2025-01-08T19:58:03.877+0000][171154.243s][info][gc,marking  ] GC(5018) Concurrent Cleanup for Next Mark
[2025-01-08T19:58:03.905+0000][171154.271s][info][gc,marking  ] GC(5018) Concurrent Cleanup for Next Mark 27.952ms
[2025-01-08T19:58:03.905+0000][171154.271s][info][gc          ] GC(5018) Concurrent Mark Cycle 1399.642ms
[2025-01-08T19:58:18.763+0000][171169.129s][info][gc,start    ] GC(5019) Pause Young (Prepare Mixed) (G1 Evacuation Pause)
[2025-01-08T19:58:18.763+0000][171169.129s][info][gc,task     ] GC(5019) Using 6 workers of 6 for evacuation
[2025-01-08T19:58:18.807+0000][171169.173s][info][gc,phases   ] GC(5019)   Pre Evacuate Collection Set: 0.2ms
[2025-01-08T19:58:18.807+0000][171169.173s][info][gc,phases   ] GC(5019)   Merge Heap Roots: 0.6ms
[2025-01-08T19:58:18.807+0000][171169.173s][info][gc,phases   ] GC(5019)   Evacuate Collection Set: 40.3ms
[2025-01-08T19:58:18.807+0000][171169.173s][info][gc,phases   ] GC(5019)   Post Evacuate Collection Set: 2.9ms
[2025-01-08T19:58:18.807+0000][171169.173s][info][gc,phases   ] GC(5019)   Other: 0.3ms
[2025-01-08T19:58:18.807+0000][171169.173s][info][gc,heap     ] GC(5019) Eden regions: 884->0(63)
[2025-01-08T19:58:18.807+0000][171169.173s][info][gc,heap     ] GC(5019) Survivor regions: 10->13(112)
[2025-01-08T19:58:18.807+0000][171169.173s][info][gc,heap     ] GC(5019) Old regions: 243->243
[2025-01-08T19:58:18.807+0000][171169.173s][info][gc,heap     ] GC(5019) Archive regions: 2->2
[2025-01-08T19:58:18.807+0000][171169.173s][info][gc,heap     ] GC(5019) Humongous regions: 49->49
[2025-01-08T19:58:18.807+0000][171169.173s][info][gc,metaspace] GC(5019) Metaspace: 523196K(533760K)->523196K(533760K) NonClass: 459387K(465024K)->459387K(465024K) Class: 63809K(68736K)->63809K(68736K)
[2025-01-08T19:58:18.807+0000][171169.173s][info][gc          ] GC(5019) Pause Young (Prepare Mixed) (G1 Evacuation Pause) 9490M->2440M(12288M) 44.343ms
[2025-01-08T19:58:18.807+0000][171169.173s][info][gc,cpu      ] GC(5019) User=0.26s Sys=0.00s Real=0.04s
[2025-01-08T19:58:20.669+0000][171171.035s][info][gc,start    ] GC(5020) Pause Young (Mixed) (G1 Evacuation Pause)
[2025-01-08T19:58:20.669+0000][171171.035s][info][gc,task     ] GC(5020) Using 6 workers of 6 for evacuation
[2025-01-08T19:58:20.740+0000][171171.106s][info][gc,phases   ] GC(5020)   Pre Evacuate Collection Set: 0.2ms
[2025-01-08T19:58:20.740+0000][171171.106s][info][gc,phases   ] GC(5020)   Merge Heap Roots: 0.6ms
[2025-01-08T19:58:20.740+0000][171171.106s][info][gc,phases   ] GC(5020)   Evacuate Collection Set: 68.1ms
[2025-01-08T19:58:20.740+0000][171171.106s][info][gc,phases   ] GC(5020)   Post Evacuate Collection Set: 1.9ms
[2025-01-08T19:58:20.740+0000][171171.106s][info][gc,phases   ] GC(5020)   Other: 0.2ms
[2025-01-08T19:58:20.740+0000][171171.106s][info][gc,heap     ] GC(5020) Eden regions: 63->0(908)
[2025-01-08T19:58:20.740+0000][171171.106s][info][gc,heap     ] GC(5020) Survivor regions: 13->4(10)
[2025-01-08T19:58:20.740+0000][171171.106s][info][gc,heap     ] GC(5020) Old regions: 243->242
[2025-01-08T19:58:20.740+0000][171171.106s][info][gc,heap     ] GC(5020) Archive regions: 2->2
[2025-01-08T19:58:20.740+0000][171171.106s][info][gc,heap     ] GC(5020) Humongous regions: 53->53
[2025-01-08T19:58:20.740+0000][171171.106s][info][gc,metaspace] GC(5020) Metaspace: 523196K(533760K)->523196K(533760K) NonClass: 459387K(465024K)->459387K(465024K) Class: 63809K(68736K)->63809K(68736K)
[2025-01-08T19:58:20.740+0000][171171.106s][info][gc          ] GC(5020) Pause Young (Mixed) (G1 Evacuation Pause) 2976M->2398M(12288M) 70.975ms
[2025-01-08T19:58:20.740+0000][171171.106s][info][gc,cpu      ] GC(5020) User=0.41s Sys=0.00s Real=0.07s
[2025-01-08T19:58:39.828+0000][171190.194s][info][gc,start    ] GC(5021) Pause Young (Normal) (G1 Evacuation Pause)
[2025-01-08T19:58:39.828+0000][171190.194s][info][gc,task     ] GC(5021) Using 6 workers of 6 for evacuation
[2025-01-08T19:58:39.854+0000][171190.220s][info][gc,phases   ] GC(5021)   Pre Evacuate Collection Set: 0.2ms
[2025-01-08T19:58:39.854+0000][171190.220s][info][gc,phases   ] GC(5021)   Merge Heap Roots: 0.3ms
[2025-01-08T19:58:39.854+0000][171190.220s][info][gc,phases   ] GC(5021)   Evacuate Collection Set: 22.1ms
[2025-01-08T19:58:39.854+0000][171190.220s][info][gc,phases   ] GC(5021)   Post Evacuate Collection Set: 3.8ms
[2025-01-08T19:58:39.854+0000][171190.220s][info][gc,phases   ] GC(5021)   Other: 0.2ms
[2025-01-08T19:58:39.854+0000][171190.220s][info][gc,heap     ] GC(5021) Eden regions: 908->0(904)
[2025-01-08T19:58:39.854+0000][171190.220s][info][gc,heap     ] GC(5021) Survivor regions: 4->7(114)
[2025-01-08T19:58:39.854+0000][171190.220s][info][gc,heap     ] GC(5021) Old regions: 242->242
[2025-01-08T19:58:39.854+0000][171190.220s][info][gc,heap     ] GC(5021) Archive regions: 2->2
[2025-01-08T19:58:39.854+0000][171190.220s][info][gc,heap     ] GC(5021) Humongous regions: 53->53
[2025-01-08T19:58:39.854+0000][171190.220s][info][gc,metaspace] GC(5021) Metaspace: 523239K(533760K)->523239K(533760K) NonClass: 459428K(465024K)->459428K(465024K) Class: 63810K(68736K)->63810K(68736K)
[2025-01-08T19:58:39.854+0000][171190.220s][info][gc          ] GC(5021) Pause Young (Normal) (G1 Evacuation Pause) 9662M->2422M(12288M) 26.756ms
[2025-01-08T19:58:39.854+0000][171190.220s][info][gc,cpu      ] GC(5021) User=0.15s Sys=0.00s Real=0.03s
[2025-01-08T19:58:57.052+0000][171207.418s][info][gc,start    ] GC(5022) Pause Young (Normal) (G1 Evacuation Pause)
[2025-01-08T19:58:57.052+0000][171207.418s][info][gc,task     ] GC(5022) Using 6 workers of 6 for evacuation
[2025-01-08T19:58:57.078+0000][171207.444s][info][gc,phases   ] GC(5022)   Pre Evacuate Collection Set: 0.2ms
[2025-01-08T19:58:57.078+0000][171207.444s][info][gc,phases   ] GC(5022)   Merge Heap Roots: 0.4ms
[2025-01-08T19:58:57.078+0000][171207.444s][info][gc,phases   ] GC(5022)   Evacuate Collection Set: 22.8ms
[2025-01-08T19:58:57.078+0000][171207.444s][info][gc,phases   ] GC(5022)   Post Evacuate Collection Set: 2.6ms
[2025-01-08T19:58:57.078+0000][171207.444s][info][gc,phases   ] GC(5022)   Other: 0.2ms
[2025-01-08T19:58:57.078+0000][171207.444s][info][gc,heap     ] GC(5022) Eden regions: 904->0(906)
[2025-01-08T19:58:57.078+0000][171207.444s][info][gc,heap     ] GC(5022) Survivor regions: 7->7(114)
[2025-01-08T19:58:57.078+0000][171207.444s][info][gc,heap     ] GC(5022) Old regions: 242->242
[2025-01-08T19:58:57.078+0000][171207.444s][info][gc,heap     ] GC(5022) Archive regions: 2->2
[2025-01-08T19:58:57.078+0000][171207.444s][info][gc,heap     ] GC(5022) Humongous regions: 53->53
[2025-01-08T19:58:57.078+0000][171207.444s][info][gc,metaspace] GC(5022) Metaspace: 523299K(533760K)->523299K(533760K) NonClass: 459482K(465024K)->459482K(465024K) Class: 63817K(68736K)->63817K(68736K)
[2025-01-08T19:58:57.078+0000][171207.444s][info][gc          ] GC(5022) Pause Young (Normal) (G1 Evacuation Pause) 9654M->2422M(12288M) 26.268ms
[2025-01-08T19:58:57.078+0000][171207.444s][info][gc,cpu      ] GC(5022) User=0.16s Sys=0.00s Real=0.02s
[2025-01-08T19:59:06.292+0000][171216.659s][info][gc,start    ] GC(5023) Pause Young (Concurrent Start) (G1 Evacuation Pause)
[2025-01-08T19:59:06.292+0000][171216.659s][info][gc,task     ] GC(5023) Using 6 workers of 6 for evacuation
[2025-01-08T19:59:06.322+0000][171216.688s][info][gc,phases   ] GC(5023)   Pre Evacuate Collection Set: 1.2ms
[2025-01-08T19:59:06.322+0000][171216.688s][info][gc,phases   ] GC(5023)   Merge Heap Roots: 0.4ms
[2025-01-08T19:59:06.322+0000][171216.688s][info][gc,phases   ] GC(5023)   Evacuate Collection Set: 25.3ms
[2025-01-08T19:59:06.322+0000][171216.688s][info][gc,phases   ] GC(5023)   Post Evacuate Collection Set: 2.6ms
[2025-01-08T19:59:06.322+0000][171216.688s][info][gc,phases   ] GC(5023)   Other: 0.3ms
[2025-01-08T19:59:06.322+0000][171216.688s][info][gc,heap     ] GC(5023) Eden regions: 906->0(906)
[2025-01-08T19:59:06.322+0000][171216.688s][info][gc,heap     ] GC(5023) Survivor regions: 7->8(115)
[2025-01-08T19:59:06.322+0000][171216.688s][info][gc,heap     ] GC(5023) Old regions: 242->242
[2025-01-08T19:59:06.322+0000][171216.688s][info][gc,heap     ] GC(5023) Archive regions: 2->2
[2025-01-08T19:59:06.322+0000][171216.688s][info][gc,heap     ] GC(5023) Humongous regions: 53->53
[2025-01-08T19:59:06.322+0000][171216.688s][info][gc,metaspace] GC(5023) Metaspace: 523338K(533760K)->523338K(533760K) NonClass: 459515K(465024K)->459515K(465024K) Class: 63823K(68736K)->63823K(68736K)
[2025-01-08T19:59:06.322+0000][171216.688s][info][gc          ] GC(5023) Pause Young (Concurrent Start) (G1 Evacuation Pause) 9670M->2430M(12288M) 29.756ms
[2025-01-08T19:59:06.322+0000][171216.688s][info][gc,cpu      ] GC(5023) User=0.16s Sys=0.00s Real=0.03s
[2025-01-08T19:59:06.322+0000][171216.688s][info][gc          ] GC(5024) Concurrent Mark Cycle
[2025-01-08T19:59:06.322+0000][171216.688s][info][gc,marking  ] GC(5024) Concurrent Clear Claimed Marks
[2025-01-08T19:59:06.323+0000][171216.689s][info][gc,marking  ] GC(5024) Concurrent Clear Claimed Marks 0.937ms
[2025-01-08T19:59:06.323+0000][171216.689s][info][gc,marking  ] GC(5024) Concurrent Scan Root Regions
[2025-01-08T19:59:06.338+0000][171216.704s][info][gc,marking  ] GC(5024) Concurrent Scan Root Regions 15.011ms
[2025-01-08T19:59:06.338+0000][171216.704s][info][gc,marking  ] GC(5024) Concurrent Mark
[2025-01-08T19:59:06.338+0000][171216.704s][info][gc,marking  ] GC(5024) Concurrent Mark From Roots
[2025-01-08T19:59:06.338+0000][171216.704s][info][gc,task     ] GC(5024) Using 2 workers of 2 for marking
[2025-01-08T19:59:07.145+0000][171217.511s][info][gc,marking  ] GC(5024) Concurrent Mark From Roots 806.202ms
[2025-01-08T19:59:07.145+0000][171217.511s][info][gc,marking  ] GC(5024) Concurrent Preclean
[2025-01-08T19:59:07.147+0000][171217.513s][info][gc,marking  ] GC(5024) Concurrent Preclean 2.548ms
[2025-01-08T19:59:07.147+0000][171217.513s][info][gc,start    ] GC(5024) Pause Remark
[2025-01-08T19:59:07.175+0000][171217.541s][info][gc          ] GC(5024) Pause Remark 3154M->3122M(12288M) 27.403ms
[2025-01-08T19:59:07.175+0000][171217.541s][info][gc,cpu      ] GC(5024) User=0.16s Sys=0.00s Real=0.03s
[2025-01-08T19:59:07.175+0000][171217.541s][info][gc,marking  ] GC(5024) Concurrent Mark 836.524ms
[2025-01-08T19:59:07.175+0000][171217.541s][info][gc,marking  ] GC(5024) Concurrent Rebuild Remembered Sets
[2025-01-08T19:59:07.684+0000][171218.050s][info][gc,marking  ] GC(5024) Concurrent Rebuild Remembered Sets 509.353ms
[2025-01-08T19:59:07.684+0000][171218.050s][info][gc,start    ] GC(5024) Pause Cleanup
[2025-01-08T19:59:07.685+0000][171218.051s][info][gc          ] GC(5024) Pause Cleanup 3574M->3574M(12288M) 0.479ms
[2025-01-08T19:59:07.685+0000][171218.051s][info][gc,cpu      ] GC(5024) User=0.00s Sys=0.00s Real=0.00s
[2025-01-08T19:59:07.685+0000][171218.051s][info][gc,marking  ] GC(5024) Concurrent Cleanup for Next Mark
[2025-01-08T19:59:07.701+0000][171218.067s][info][gc,marking  ] GC(5024) Concurrent Cleanup for Next Mark 16.061ms
[2025-01-08T19:59:07.701+0000][171218.067s][info][gc          ] GC(5024) Concurrent Mark Cycle 1378.798ms
[2025-01-08T19:59:17.767+0000][171228.133s][info][gc,start    ] GC(5025) Pause Young (Prepare Mixed) (G1 Evacuation Pause)
[2025-01-08T19:59:17.767+0000][171228.133s][info][gc,task     ] GC(5025) Using 6 workers of 6 for evacuation
[2025-01-08T19:59:17.805+0000][171228.171s][info][gc,phases   ] GC(5025)   Pre Evacuate Collection Set: 0.3ms
[2025-01-08T19:59:17.805+0000][171228.171s][info][gc,phases   ] GC(5025)   Merge Heap Roots: 0.6ms
[2025-01-08T19:59:17.805+0000][171228.171s][info][gc,phases   ] GC(5025)   Evacuate Collection Set: 33.7ms
[2025-01-08T19:59:17.805+0000][171228.171s][info][gc,phases   ] GC(5025)   Post Evacuate Collection Set: 2.8ms
[2025-01-08T19:59:17.805+0000][171228.171s][info][gc,phases   ] GC(5025)   Other: 0.2ms
[2025-01-08T19:59:17.805+0000][171228.171s][info][gc,heap     ] GC(5025) Eden regions: 906->0(67)
[2025-01-08T19:59:17.805+0000][171228.171s][info][gc,heap     ] GC(5025) Survivor regions: 8->9(115)
[2025-01-08T19:59:17.805+0000][171228.171s][info][gc,heap     ] GC(5025) Old regions: 242->242
[2025-01-08T19:59:17.805+0000][171228.171s][info][gc,heap     ] GC(5025) Archive regions: 2->2
[2025-01-08T19:59:17.805+0000][171228.171s][info][gc,heap     ] GC(5025) Humongous regions: 49->49
[2025-01-08T19:59:17.805+0000][171228.171s][info][gc,metaspace] GC(5025) Metaspace: 523346K(533760K)->523346K(533760K) NonClass: 459522K(465024K)->459522K(465024K) Class: 63823K(68736K)->63823K(68736K)
[2025-01-08T19:59:17.805+0000][171228.171s][info][gc          ] GC(5025) Pause Young (Prepare Mixed) (G1 Evacuation Pause) 9646M->2404M(12288M) 37.645ms
[2025-01-08T19:59:17.805+0000][171228.171s][info][gc,cpu      ] GC(5025) User=0.20s Sys=0.00s Real=0.04s
[2025-01-08T19:59:18.772+0000][171229.138s][info][gc,start    ] GC(5026) Pause Young (Mixed) (G1 Evacuation Pause)
[2025-01-08T19:59:18.772+0000][171229.138s][info][gc,task     ] GC(5026) Using 6 workers of 6 for evacuation
[2025-01-08T19:59:18.819+0000][171229.185s][info][gc,phases   ] GC(5026)   Pre Evacuate Collection Set: 0.2ms
[2025-01-08T19:59:18.819+0000][171229.185s][info][gc,phases   ] GC(5026)   Merge Heap Roots: 0.4ms
[2025-01-08T19:59:18.819+0000][171229.185s][info][gc,phases   ] GC(5026)   Evacuate Collection Set: 44.3ms
[2025-01-08T19:59:18.819+0000][171229.185s][info][gc,phases   ] GC(5026)   Post Evacuate Collection Set: 1.8ms
[2025-01-08T19:59:18.819+0000][171229.185s][info][gc,phases   ] GC(5026)   Other: 0.2ms
[2025-01-08T19:59:18.819+0000][171229.185s][info][gc,heap     ] GC(5026) Eden regions: 67->0(914)
[2025-01-08T19:59:18.819+0000][171229.185s][info][gc,heap     ] GC(5026) Survivor regions: 9->7(10)
[2025-01-08T19:59:18.819+0000][171229.185s][info][gc,heap     ] GC(5026) Old regions: 242->238
[2025-01-08T19:59:18.819+0000][171229.185s][info][gc,heap     ] GC(5026) Archive regions: 2->2
[2025-01-08T19:59:18.819+0000][171229.185s][info][gc,heap     ] GC(5026) Humongous regions: 49->49
[2025-01-08T19:59:18.819+0000][171229.185s][info][gc,metaspace] GC(5026) Metaspace: 523346K(533760K)->523346K(533760K) NonClass: 459522K(465024K)->459522K(465024K) Class: 63823K(68736K)->63823K(68736K)
[2025-01-08T19:59:18.819+0000][171229.185s][info][gc          ] GC(5026) Pause Young (Mixed) (G1 Evacuation Pause) 2940M->2349M(12288M) 46.986ms
[2025-01-08T19:59:18.819+0000][171229.185s][info][gc,cpu      ] GC(5026) User=0.28s Sys=0.00s Real=0.04s
[2025-01-08T19:59:29.820+0000][171240.186s][info][gc,start    ] GC(5027) Pause Young (Normal) (G1 Evacuation Pause)
[2025-01-08T19:59:29.820+0000][171240.186s][info][gc,task     ] GC(5027) Using 6 workers of 6 for evacuation
[2025-01-08T19:59:29.849+0000][171240.215s][info][gc,phases   ] GC(5027)   Pre Evacuate Collection Set: 0.2ms
[2025-01-08T19:59:29.849+0000][171240.215s][info][gc,phases   ] GC(5027)   Merge Heap Roots: 0.4ms
[2025-01-08T19:59:29.849+0000][171240.215s][info][gc,phases   ] GC(5027)   Evacuate Collection Set: 25.6ms
[2025-01-08T19:59:29.849+0000][171240.215s][info][gc,phases   ] GC(5027)   Post Evacuate Collection Set: 2.5ms
[2025-01-08T19:59:29.849+0000][171240.215s][info][gc,phases   ] GC(5027)   Other: 0.2ms
[2025-01-08T19:59:29.849+0000][171240.215s][info][gc,heap     ] GC(5027) Eden regions: 914->0(912)
[2025-01-08T19:59:29.849+0000][171240.215s][info][gc,heap     ] GC(5027) Survivor regions: 7->9(116)
[2025-01-08T19:59:29.849+0000][171240.215s][info][gc,heap     ] GC(5027) Old regions: 238->238
[2025-01-08T19:59:29.849+0000][171240.215s][info][gc,heap     ] GC(5027) Archive regions: 2->2
[2025-01-08T19:59:29.849+0000][171240.215s][info][gc,heap     ] GC(5027) Humongous regions: 49->49
[2025-01-08T19:59:29.849+0000][171240.215s][info][gc,metaspace] GC(5027) Metaspace: 523349K(533760K)->523349K(533760K) NonClass: 459525K(465024K)->459525K(465024K) Class: 63823K(68736K)->63823K(68736K)
[2025-01-08T19:59:29.849+0000][171240.215s][info][gc          ] GC(5027) Pause Young (Normal) (G1 Evacuation Pause) 9661M->2366M(12288M) 29.012ms
[2025-01-08T19:59:29.849+0000][171240.215s][info][gc,cpu      ] GC(5027) User=0.17s Sys=0.00s Real=0.03s
[2025-01-08T19:59:36.936+0000][171247.302s][info][gc,start    ] GC(5028) Pause Young (Normal) (G1 Evacuation Pause)
[2025-01-08T19:59:36.936+0000][171247.302s][info][gc,task     ] GC(5028) Using 6 workers of 6 for evacuation
[2025-01-08T19:59:36.967+0000][171247.333s][info][gc,phases   ] GC(5028)   Pre Evacuate Collection Set: 0.2ms
[2025-01-08T19:59:36.967+0000][171247.333s][info][gc,phases   ] GC(5028)   Merge Heap Roots: 0.4ms
[2025-01-08T19:59:36.967+0000][171247.333s][info][gc,phases   ] GC(5028)   Evacuate Collection Set: 27.9ms
[2025-01-08T19:59:36.967+0000][171247.333s][info][gc,phases   ] GC(5028)   Post Evacuate Collection Set: 2.6ms
[2025-01-08T19:59:36.967+0000][171247.333s][info][gc,phases   ] GC(5028)   Other: 0.2ms
[2025-01-08T19:59:36.967+0000][171247.333s][info][gc,heap     ] GC(5028) Eden regions: 912->0(911)
[2025-01-08T19:59:36.967+0000][171247.333s][info][gc,heap     ] GC(5028) Survivor regions: 9->10(116)
[2025-01-08T19:59:36.967+0000][171247.333s][info][gc,heap     ] GC(5028) Old regions: 238->238
[2025-01-08T19:59:36.967+0000][171247.333s][info][gc,heap     ] GC(5028) Archive regions: 2->2
[2025-01-08T19:59:36.967+0000][171247.333s][info][gc,heap     ] GC(5028) Humongous regions: 49->49
[2025-01-08T19:59:36.967+0000][171247.333s][info][gc,metaspace] GC(5028) Metaspace: 523374K(533760K)->523374K(533760K) NonClass: 459548K(465024K)->459548K(465024K) Class: 63825K(68736K)->63825K(68736K)
[2025-01-08T19:59:36.967+0000][171247.333s][info][gc          ] GC(5028) Pause Young (Normal) (G1 Evacuation Pause) 9662M->2373M(12288M) 31.345ms
[2025-01-08T19:59:36.967+0000][171247.333s][info][gc,cpu      ] GC(5028) User=0.19s Sys=0.00s Real=0.03s
[2025-01-08T19:59:43.572+0000][171253.938s][info][gc,start    ] GC(5029) Pause Young (Concurrent Start) (G1 Evacuation Pause)
[2025-01-08T19:59:43.572+0000][171253.938s][info][gc,task     ] GC(5029) Using 6 workers of 6 for evacuation
[2025-01-08T19:59:43.606+0000][171253.972s][info][gc,phases   ] GC(5029)   Pre Evacuate Collection Set: 1.1ms
[2025-01-08T19:59:43.606+0000][171253.973s][info][gc,phases   ] GC(5029)   Merge Heap Roots: 0.4ms
[2025-01-08T19:59:43.606+0000][171253.973s][info][gc,phases   ] GC(5029)   Evacuate Collection Set: 30.3ms
[2025-01-08T19:59:43.606+0000][171253.973s][info][gc,phases   ] GC(5029)   Post Evacuate Collection Set: 2.4ms
[2025-01-08T19:59:43.606+0000][171253.973s][info][gc,phases   ] GC(5029)   Other: 0.3ms
[2025-01-08T19:59:43.606+0000][171253.973s][info][gc,heap     ] GC(5029) Eden regions: 911->0(912)
[2025-01-08T19:59:43.606+0000][171253.973s][info][gc,heap     ] GC(5029) Survivor regions: 10->9(116)
[2025-01-08T19:59:43.606+0000][171253.973s][info][gc,heap     ] GC(5029) Old regions: 238->238
[2025-01-08T19:59:43.606+0000][171253.973s][info][gc,heap     ] GC(5029) Archive regions: 2->2
[2025-01-08T19:59:43.606+0000][171253.973s][info][gc,heap     ] GC(5029) Humongous regions: 49->49
[2025-01-08T19:59:43.606+0000][171253.973s][info][gc,metaspace] GC(5029) Metaspace: 523381K(533760K)->523381K(533760K) NonClass: 459555K(465024K)->459555K(465024K) Class: 63825K(68736K)->63825K(68736K)
[2025-01-08T19:59:43.606+0000][171253.973s][info][gc          ] GC(5029) Pause Young (Concurrent Start) (G1 Evacuation Pause) 9661M->2369M(12288M) 34.535ms
[2025-01-08T19:59:43.607+0000][171253.973s][info][gc,cpu      ] GC(5029) User=0.20s Sys=0.00s Real=0.03s
[2025-01-08T19:59:43.607+0000][171253.973s][info][gc          ] GC(5030) Concurrent Mark Cycle
[2025-01-08T19:59:43.607+0000][171253.973s][info][gc,marking  ] GC(5030) Concurrent Clear Claimed Marks
[2025-01-08T19:59:43.607+0000][171253.974s][info][gc,marking  ] GC(5030) Concurrent Clear Claimed Marks 0.863ms
[2025-01-08T19:59:43.607+0000][171253.974s][info][gc,marking  ] GC(5030) Concurrent Scan Root Regions
[2025-01-08T19:59:43.630+0000][171253.996s][info][gc,marking  ] GC(5030) Concurrent Scan Root Regions 22.142ms
[2025-01-08T19:59:43.630+0000][171253.996s][info][gc,marking  ] GC(5030) Concurrent Mark
[2025-01-08T19:59:43.630+0000][171253.996s][info][gc,marking  ] GC(5030) Concurrent Mark From Roots
[2025-01-08T19:59:43.630+0000][171253.996s][info][gc,task     ] GC(5030) Using 2 workers of 2 for marking
[2025-01-08T19:59:44.370+0000][171254.736s][info][gc,marking  ] GC(5030) Concurrent Mark From Roots 740.705ms
[2025-01-08T19:59:44.370+0000][171254.737s][info][gc,marking  ] GC(5030) Concurrent Preclean
[2025-01-08T19:59:44.373+0000][171254.739s][info][gc,marking  ] GC(5030) Concurrent Preclean 2.211ms
[2025-01-08T19:59:44.373+0000][171254.739s][info][gc,start    ] GC(5030) Pause Remark
[2025-01-08T19:59:44.398+0000][171254.764s][info][gc          ] GC(5030) Pause Remark 2689M->2689M(12288M) 24.807ms
[2025-01-08T19:59:44.398+0000][171254.764s][info][gc,cpu      ] GC(5030) User=0.14s Sys=0.00s Real=0.02s
[2025-01-08T19:59:44.398+0000][171254.764s][info][gc,marking  ] GC(5030) Concurrent Mark 768.063ms
[2025-01-08T19:59:44.398+0000][171254.764s][info][gc,marking  ] GC(5030) Concurrent Rebuild Remembered Sets
[2025-01-08T19:59:44.923+0000][171255.289s][info][gc,marking  ] GC(5030) Concurrent Rebuild Remembered Sets 525.298ms
[2025-01-08T19:59:44.923+0000][171255.289s][info][gc,start    ] GC(5030) Pause Cleanup
[2025-01-08T19:59:44.924+0000][171255.290s][info][gc          ] GC(5030) Pause Cleanup 2921M->2921M(12288M) 0.462ms
[2025-01-08T19:59:44.924+0000][171255.290s][info][gc,cpu      ] GC(5030) User=0.00s Sys=0.00s Real=0.00s
[2025-01-08T19:59:44.924+0000][171255.290s][info][gc,marking  ] GC(5030) Concurrent Cleanup for Next Mark
[2025-01-08T19:59:44.940+0000][171255.306s][info][gc,marking  ] GC(5030) Concurrent Cleanup for Next Mark 16.019ms
[2025-01-08T19:59:44.940+0000][171255.306s][info][gc          ] GC(5030) Concurrent Mark Cycle 1333.333ms
[2025-01-08T19:59:58.619+0000][171268.985s][info][gc,start    ] GC(5031) Pause Young (Prepare Mixed) (G1 Evacuation Pause)
[2025-01-08T19:59:58.619+0000][171268.986s][info][gc,task     ] GC(5031) Using 6 workers of 6 for evacuation
[2025-01-08T19:59:58.658+0000][171269.024s][info][gc,phases   ] GC(5031)   Pre Evacuate Collection Set: 0.2ms
[2025-01-08T19:59:58.658+0000][171269.024s][info][gc,phases   ] GC(5031)   Merge Heap Roots: 0.5ms
[2025-01-08T19:59:58.658+0000][171269.024s][info][gc,phases   ] GC(5031)   Evacuate Collection Set: 34.8ms
[2025-01-08T19:59:58.658+0000][171269.024s][info][gc,phases   ] GC(5031)   Post Evacuate Collection Set: 2.8ms
[2025-01-08T19:59:58.658+0000][171269.024s][info][gc,phases   ] GC(5031)   Other: 0.2ms
[2025-01-08T19:59:58.658+0000][171269.024s][info][gc,heap     ] GC(5031) Eden regions: 912->0(65)
[2025-01-08T19:59:58.658+0000][171269.024s][info][gc,heap     ] GC(5031) Survivor regions: 9->11(116)
[2025-01-08T19:59:58.658+0000][171269.024s][info][gc,heap     ] GC(5031) Old regions: 238->238
[2025-01-08T19:59:58.658+0000][171269.024s][info][gc,heap     ] GC(5031) Archive regions: 2->2
[2025-01-08T19:59:58.658+0000][171269.024s][info][gc,heap     ] GC(5031) Humongous regions: 49->49
[2025-01-08T19:59:58.658+0000][171269.024s][info][gc,metaspace] GC(5031) Metaspace: 523410K(533760K)->523410K(533760K) NonClass: 459584K(465024K)->459584K(465024K) Class: 63825K(68736K)->63825K(68736K)
[2025-01-08T19:59:58.658+0000][171269.024s][info][gc          ] GC(5031) Pause Young (Prepare Mixed) (G1 Evacuation Pause) 9665M->2385M(12288M) 38.618ms
[2025-01-08T19:59:58.658+0000][171269.024s][info][gc,cpu      ] GC(5031) User=0.23s Sys=0.00s Real=0.04s
[2025-01-08T19:59:59.116+0000][171269.482s][info][gc,start    ] GC(5032) Pause Young (Mixed) (G1 Evacuation Pause)
[2025-01-08T19:59:59.116+0000][171269.482s][info][gc,task     ] GC(5032) Using 6 workers of 6 for evacuation
[2025-01-08T19:59:59.185+0000][171269.551s][info][gc,phases   ] GC(5032)   Pre Evacuate Collection Set: 0.2ms
[2025-01-08T19:59:59.185+0000][171269.551s][info][gc,phases   ] GC(5032)   Merge Heap Roots: 0.6ms
[2025-01-08T19:59:59.185+0000][171269.551s][info][gc,phases   ] GC(5032)   Evacuate Collection Set: 64.0ms
[2025-01-08T19:59:59.185+0000][171269.551s][info][gc,phases   ] GC(5032)   Post Evacuate Collection Set: 3.3ms
[2025-01-08T19:59:59.185+0000][171269.551s][info][gc,phases   ] GC(5032)   Other: 0.2ms
[2025-01-08T19:59:59.185+0000][171269.551s][info][gc,heap     ] GC(5032) Eden regions: 65->0(915)
[2025-01-08T19:59:59.185+0000][171269.551s][info][gc,heap     ] GC(5032) Survivor regions: 11->6(10)
[2025-01-08T19:59:59.185+0000][171269.551s][info][gc,heap     ] GC(5032) Old regions: 238->237
[2025-01-08T19:59:59.185+0000][171269.551s][info][gc,heap     ] GC(5032) Archive regions: 2->2
[2025-01-08T19:59:59.185+0000][171269.551s][info][gc,heap     ] GC(5032) Humongous regions: 49->49
[2025-01-08T19:59:59.185+0000][171269.551s][info][gc,metaspace] GC(5032) Metaspace: 523410K(533760K)->523410K(533760K) NonClass: 459584K(465024K)->459584K(465024K) Class: 63825K(68736K)->63825K(68736K)
[2025-01-08T19:59:59.185+0000][171269.551s][info][gc          ] GC(5032) Pause Young (Mixed) (G1 Evacuation Pause) 2905M->2338M(12288M) 68.329ms
[2025-01-08T19:59:59.185+0000][171269.551s][info][gc,cpu      ] GC(5032) User=0.40s Sys=0.00s Real=0.07s
[2025-01-08T20:00:05.856+0000][171276.222s][info][gc,start    ] GC(5033) Pause Young (Normal) (GCLocker Initiated GC)
[2025-01-08T20:00:05.856+0000][171276.222s][info][gc,task     ] GC(5033) Using 6 workers of 6 for evacuation
[2025-01-08T20:00:05.883+0000][171276.249s][info][gc,phases   ] GC(5033)   Pre Evacuate Collection Set: 0.2ms
[2025-01-08T20:00:05.883+0000][171276.249s][info][gc,phases   ] GC(5033)   Merge Heap Roots: 0.4ms
[2025-01-08T20:00:05.883+0000][171276.249s][info][gc,phases   ] GC(5033)   Evacuate Collection Set: 23.9ms
[2025-01-08T20:00:05.883+0000][171276.249s][info][gc,phases   ] GC(5033)   Post Evacuate Collection Set: 2.5ms
[2025-01-08T20:00:05.883+0000][171276.249s][info][gc,phases   ] GC(5033)   Other: 0.2ms
[2025-01-08T20:00:05.883+0000][171276.249s][info][gc,heap     ] GC(5033) Eden regions: 915->0(914)
[2025-01-08T20:00:05.883+0000][171276.249s][info][gc,heap     ] GC(5033) Survivor regions: 6->7(116)
[2025-01-08T20:00:05.883+0000][171276.249s][info][gc,heap     ] GC(5033) Old regions: 237->237
[2025-01-08T20:00:05.883+0000][171276.249s][info][gc,heap     ] GC(5033) Archive regions: 2->2
[2025-01-08T20:00:05.883+0000][171276.249s][info][gc,heap     ] GC(5033) Humongous regions: 49->49
[2025-01-08T20:00:05.883+0000][171276.249s][info][gc,metaspace] GC(5033) Metaspace: 523411K(533760K)->523411K(533760K) NonClass: 459586K(465024K)->459586K(465024K) Class: 63825K(68736K)->63825K(68736K)
[2025-01-08T20:00:05.883+0000][171276.249s][info][gc          ] GC(5033) Pause Young (Normal) (GCLocker Initiated GC) 9658M->2347M(12288M) 27.238ms
[2025-01-08T20:00:05.883+0000][171276.249s][info][gc,cpu      ] GC(5033) User=0.16s Sys=0.00s Real=0.03s
[2025-01-08T20:00:17.918+0000][171288.284s][info][gc,start    ] GC(5034) Pause Young (Normal) (G1 Evacuation Pause)
[2025-01-08T20:00:17.918+0000][171288.284s][info][gc,task     ] GC(5034) Using 6 workers of 6 for evacuation
[2025-01-08T20:00:17.955+0000][171288.321s][info][gc,phases   ] GC(5034)   Pre Evacuate Collection Set: 0.2ms
[2025-01-08T20:00:17.955+0000][171288.321s][info][gc,phases   ] GC(5034)   Merge Heap Roots: 0.4ms
[2025-01-08T20:00:17.955+0000][171288.321s][info][gc,phases   ] GC(5034)   Evacuate Collection Set: 32.6ms
[2025-01-08T20:00:17.955+0000][171288.321s][info][gc,phases   ] GC(5034)   Post Evacuate Collection Set: 4.5ms
[2025-01-08T20:00:17.955+0000][171288.321s][info][gc,phases   ] GC(5034)   Other: 0.2ms
[2025-01-08T20:00:17.955+0000][171288.321s][info][gc,heap     ] GC(5034) Eden regions: 914->0(911)
[2025-01-08T20:00:17.955+0000][171288.322s][info][gc,heap     ] GC(5034) Survivor regions: 7->10(116)
[2025-01-08T20:00:17.955+0000][171288.322s][info][gc,heap     ] GC(5034) Old regions: 237->237
[2025-01-08T20:00:17.955+0000][171288.322s][info][gc,heap     ] GC(5034) Archive regions: 2->2
[2025-01-08T20:00:17.955+0000][171288.322s][info][gc,heap     ] GC(5034) Humongous regions: 49->49
[2025-01-08T20:00:17.955+0000][171288.322s][info][gc,metaspace] GC(5034) Metaspace: 523434K(533760K)->523434K(533760K) NonClass: 459608K(465024K)->459608K(465024K) Class: 63825K(68736K)->63825K(68736K)
[2025-01-08T20:00:17.955+0000][171288.322s][info][gc          ] GC(5034) Pause Young (Normal) (G1 Evacuation Pause) 9659M->2366M(12288M) 37.914ms
[2025-01-08T20:00:17.955+0000][171288.322s][info][gc,cpu      ] GC(5034) User=0.22s Sys=0.00s Real=0.04s
[2025-01-08T20:00:24.104+0000][171294.470s][info][gc,start    ] GC(5035) Pause Young (Concurrent Start) (G1 Evacuation Pause)
[2025-01-08T20:00:24.104+0000][171294.470s][info][gc,task     ] GC(5035) Using 6 workers of 6 for evacuation
[2025-01-08T20:00:24.141+0000][171294.507s][info][gc,phases   ] GC(5035)   Pre Evacuate Collection Set: 1.1ms
[2025-01-08T20:00:24.141+0000][171294.507s][info][gc,phases   ] GC(5035)   Merge Heap Roots: 0.4ms
[2025-01-08T20:00:24.141+0000][171294.507s][info][gc,phases   ] GC(5035)   Evacuate Collection Set: 31.1ms
[2025-01-08T20:00:24.141+0000][171294.507s][info][gc,phases   ] GC(5035)   Post Evacuate Collection Set: 3.9ms
[2025-01-08T20:00:24.141+0000][171294.507s][info][gc,phases   ] GC(5035)   Other: 0.3ms
[2025-01-08T20:00:24.141+0000][171294.507s][info][gc,heap     ] GC(5035) Eden regions: 911->0(910)
[2025-01-08T20:00:24.141+0000][171294.507s][info][gc,heap     ] GC(5035) Survivor regions: 10->11(116)
[2025-01-08T20:00:24.141+0000][171294.507s][info][gc,heap     ] GC(5035) Old regions: 237->237
[2025-01-08T20:00:24.141+0000][171294.507s][info][gc,heap     ] GC(5035) Archive regions: 2->2
[2025-01-08T20:00:24.141+0000][171294.507s][info][gc,heap     ] GC(5035) Humongous regions: 49->49
[2025-01-08T20:00:24.141+0000][171294.507s][info][gc,metaspace] GC(5035) Metaspace: 523443K(533760K)->523443K(533760K) NonClass: 459616K(465024K)->459616K(465024K) Class: 63827K(68736K)->63827K(68736K)
[2025-01-08T20:00:24.141+0000][171294.507s][info][gc          ] GC(5035) Pause Young (Concurrent Start) (G1 Evacuation Pause) 9654M->2379M(12288M) 36.916ms
[2025-01-08T20:00:24.141+0000][171294.507s][info][gc,cpu      ] GC(5035) User=0.22s Sys=0.00s Real=0.03s
[2025-01-08T20:00:24.141+0000][171294.507s][info][gc          ] GC(5036) Concurrent Mark Cycle
[2025-01-08T20:00:24.141+0000][171294.507s][info][gc,marking  ] GC(5036) Concurrent Clear Claimed Marks
[2025-01-08T20:00:24.142+0000][171294.508s][info][gc,marking  ] GC(5036) Concurrent Clear Claimed Marks 1.016ms
[2025-01-08T20:00:24.142+0000][171294.508s][info][gc,marking  ] GC(5036) Concurrent Scan Root Regions
[2025-01-08T20:00:24.184+0000][171294.550s][info][gc,marking  ] GC(5036) Concurrent Scan Root Regions 41.536ms
[2025-01-08T20:00:24.184+0000][171294.550s][info][gc,marking  ] GC(5036) Concurrent Mark
[2025-01-08T20:00:24.184+0000][171294.550s][info][gc,marking  ] GC(5036) Concurrent Mark From Roots
[2025-01-08T20:00:24.184+0000][171294.550s][info][gc,task     ] GC(5036) Using 2 workers of 2 for marking
[2025-01-08T20:00:25.093+0000][171295.459s][info][gc,marking  ] GC(5036) Concurrent Mark From Roots 909.441ms
[2025-01-08T20:00:25.093+0000][171295.459s][info][gc,marking  ] GC(5036) Concurrent Preclean
[2025-01-08T20:00:25.097+0000][171295.463s][info][gc,marking  ] GC(5036) Concurrent Preclean 3.513ms
[2025-01-08T20:00:25.097+0000][171295.463s][info][gc,start    ] GC(5036) Pause Remark
[2025-01-08T20:00:25.122+0000][171295.488s][info][gc          ] GC(5036) Pause Remark 3403M->3403M(12288M) 25.351ms
[2025-01-08T20:00:25.122+0000][171295.488s][info][gc,cpu      ] GC(5036) User=0.15s Sys=0.00s Real=0.03s
[2025-01-08T20:00:25.122+0000][171295.489s][info][gc,marking  ] GC(5036) Concurrent Mark 938.829ms
[2025-01-08T20:00:25.122+0000][171295.489s][info][gc,marking  ] GC(5036) Concurrent Rebuild Remembered Sets
[2025-01-08T20:00:25.649+0000][171296.015s][info][gc,marking  ] GC(5036) Concurrent Rebuild Remembered Sets 526.351ms
[2025-01-08T20:00:25.649+0000][171296.015s][info][gc,start    ] GC(5036) Pause Cleanup
[2025-01-08T20:00:25.649+0000][171296.015s][info][gc          ] GC(5036) Pause Cleanup 3859M->3859M(12288M) 0.440ms
[2025-01-08T20:00:25.649+0000][171296.016s][info][gc,cpu      ] GC(5036) User=0.00s Sys=0.00s Real=0.00s
[2025-01-08T20:00:25.649+0000][171296.016s][info][gc,marking  ] GC(5036) Concurrent Cleanup for Next Mark
[2025-01-08T20:00:25.665+0000][171296.031s][info][gc,marking  ] GC(5036) Concurrent Cleanup for Next Mark 15.315ms
[2025-01-08T20:00:25.665+0000][171296.031s][info][gc          ] GC(5036) Concurrent Mark Cycle 1523.908ms
[2025-01-08T20:00:33.017+0000][171303.383s][info][gc,start    ] GC(5037) Pause Young (Prepare Mixed) (G1 Evacuation Pause)
[2025-01-08T20:00:33.017+0000][171303.383s][info][gc,task     ] GC(5037) Using 6 workers of 6 for evacuation
[2025-01-08T20:00:33.060+0000][171303.426s][info][gc,phases   ] GC(5037)   Pre Evacuate Collection Set: 0.2ms
[2025-01-08T20:00:33.060+0000][171303.426s][info][gc,phases   ] GC(5037)   Merge Heap Roots: 0.6ms
[2025-01-08T20:00:33.060+0000][171303.426s][info][gc,phases   ] GC(5037)   Evacuate Collection Set: 38.4ms
[2025-01-08T20:00:33.060+0000][171303.426s][info][gc,phases   ] GC(5037)   Post Evacuate Collection Set: 3.0ms
[2025-01-08T20:00:33.060+0000][171303.426s][info][gc,phases   ] GC(5037)   Other: 0.2ms
[2025-01-08T20:00:33.060+0000][171303.426s][info][gc,heap     ] GC(5037) Eden regions: 910->0(65)
[2025-01-08T20:00:33.060+0000][171303.426s][info][gc,heap     ] GC(5037) Survivor regions: 11->11(116)
[2025-01-08T20:00:33.060+0000][171303.426s][info][gc,heap     ] GC(5037) Old regions: 237->237
[2025-01-08T20:00:33.060+0000][171303.426s][info][gc,heap     ] GC(5037) Archive regions: 2->2
[2025-01-08T20:00:33.060+0000][171303.426s][info][gc,heap     ] GC(5037) Humongous regions: 49->49
[2025-01-08T20:00:33.060+0000][171303.426s][info][gc,metaspace] GC(5037) Metaspace: 523449K(533760K)->523449K(533760K) NonClass: 459621K(465024K)->459621K(465024K) Class: 63827K(68736K)->63827K(68736K)
[2025-01-08T20:00:33.060+0000][171303.426s][info][gc          ] GC(5037) Pause Young (Prepare Mixed) (G1 Evacuation Pause) 9659M->2380M(12288M) 42.568ms
[2025-01-08T20:00:33.060+0000][171303.426s][info][gc,cpu      ] GC(5037) User=0.25s Sys=0.00s Real=0.04s
[2025-01-08T20:00:33.916+0000][171304.282s][info][gc,start    ] GC(5038) Pause Young (Mixed) (G1 Evacuation Pause)
[2025-01-08T20:00:33.916+0000][171304.282s][info][gc,task     ] GC(5038) Using 6 workers of 6 for evacuation
[2025-01-08T20:00:33.982+0000][171304.348s][info][gc,phases   ] GC(5038)   Pre Evacuate Collection Set: 0.2ms
[2025-01-08T20:00:33.982+0000][171304.348s][info][gc,phases   ] GC(5038)   Merge Heap Roots: 0.6ms
[2025-01-08T20:00:33.982+0000][171304.348s][info][gc,phases   ] GC(5038)   Evacuate Collection Set: 63.3ms
[2025-01-08T20:00:33.982+0000][171304.348s][info][gc,phases   ] GC(5038)   Post Evacuate Collection Set: 1.8ms
[2025-01-08T20:00:33.982+0000][171304.348s][info][gc,phases   ] GC(5038)   Other: 0.2ms
[2025-01-08T20:00:33.982+0000][171304.348s][info][gc,heap     ] GC(5038) Eden regions: 65->0(916)
[2025-01-08T20:00:33.982+0000][171304.348s][info][gc,heap     ] GC(5038) Survivor regions: 11->5(10)
[2025-01-08T20:00:33.982+0000][171304.348s][info][gc,heap     ] GC(5038) Old regions: 237->236
[2025-01-08T20:00:33.982+0000][171304.348s][info][gc,heap     ] GC(5038) Archive regions: 2->2
[2025-01-08T20:00:33.982+0000][171304.348s][info][gc,heap     ] GC(5038) Humongous regions: 49->49
[2025-01-08T20:00:33.982+0000][171304.348s][info][gc,metaspace] GC(5038) Metaspace: 523449K(533760K)->523449K(533760K) NonClass: 459621K(465024K)->459621K(465024K) Class: 63827K(68736K)->63827K(68736K)
[2025-01-08T20:00:33.982+0000][171304.348s][info][gc          ] GC(5038) Pause Young (Mixed) (G1 Evacuation Pause) 2900M->2320M(12288M) 66.114ms
[2025-01-08T20:00:33.982+0000][171304.348s][info][gc,cpu      ] GC(5038) User=0.39s Sys=0.00s Real=0.07s
[2025-01-08T20:00:45.725+0000][171316.091s][info][gc,start    ] GC(5039) Pause Young (Normal) (G1 Evacuation Pause)
[2025-01-08T20:00:45.725+0000][171316.091s][info][gc,task     ] GC(5039) Using 6 workers of 6 for evacuation
[2025-01-08T20:00:45.752+0000][171316.118s][info][gc,phases   ] GC(5039)   Pre Evacuate Collection Set: 0.2ms
[2025-01-08T20:00:45.752+0000][171316.118s][info][gc,phases   ] GC(5039)   Merge Heap Roots: 0.4ms
[2025-01-08T20:00:45.752+0000][171316.118s][info][gc,phases   ] GC(5039)   Evacuate Collection Set: 23.3ms
[2025-01-08T20:00:45.752+0000][171316.118s][info][gc,phases   ] GC(5039)   Post Evacuate Collection Set: 2.7ms
[2025-01-08T20:00:45.752+0000][171316.118s][info][gc,phases   ] GC(5039)   Other: 0.2ms
[2025-01-08T20:00:45.752+0000][171316.118s][info][gc,heap     ] GC(5039) Eden regions: 916->0(914)
[2025-01-08T20:00:45.752+0000][171316.118s][info][gc,heap     ] GC(5039) Survivor regions: 5->7(116)
[2025-01-08T20:00:45.752+0000][171316.118s][info][gc,heap     ] GC(5039) Old regions: 236->236
[2025-01-08T20:00:45.752+0000][171316.118s][info][gc,heap     ] GC(5039) Archive regions: 2->2
[2025-01-08T20:00:45.752+0000][171316.118s][info][gc,heap     ] GC(5039) Humongous regions: 49->49
[2025-01-08T20:00:45.752+0000][171316.118s][info][gc,metaspace] GC(5039) Metaspace: 523452K(533760K)->523452K(533760K) NonClass: 459625K(465024K)->459625K(465024K) Class: 63827K(68736K)->63827K(68736K)
[2025-01-08T20:00:45.752+0000][171316.118s][info][gc          ] GC(5039) Pause Young (Normal) (G1 Evacuation Pause) 9648M->2332M(12288M) 26.865ms
[2025-01-08T20:00:45.752+0000][171316.118s][info][gc,cpu      ] GC(5039) User=0.15s Sys=0.00s Real=0.03s
[2025-01-08T20:00:52.151+0000][171322.517s][info][gc,start    ] GC(5040) Pause Young (Normal) (G1 Evacuation Pause)
[2025-01-08T20:00:52.151+0000][171322.518s][info][gc,task     ] GC(5040) Using 6 workers of 6 for evacuation
[2025-01-08T20:00:52.179+0000][171322.545s][info][gc,phases   ] GC(5040)   Pre Evacuate Collection Set: 0.2ms
[2025-01-08T20:00:52.179+0000][171322.545s][info][gc,phases   ] GC(5040)   Merge Heap Roots: 0.4ms
[2025-01-08T20:00:52.179+0000][171322.545s][info][gc,phases   ] GC(5040)   Evacuate Collection Set: 24.0ms
[2025-01-08T20:00:52.179+0000][171322.545s][info][gc,phases   ] GC(5040)   Post Evacuate Collection Set: 2.6ms
[2025-01-08T20:00:52.179+0000][171322.545s][info][gc,phases   ] GC(5040)   Other: 0.2ms
[2025-01-08T20:00:52.179+0000][171322.545s][info][gc,heap     ] GC(5040) Eden regions: 914->0(913)
[2025-01-08T20:00:52.179+0000][171322.545s][info][gc,heap     ] GC(5040) Survivor regions: 7->8(116)
[2025-01-08T20:00:52.179+0000][171322.545s][info][gc,heap     ] GC(5040) Old regions: 236->236
[2025-01-08T20:00:52.179+0000][171322.545s][info][gc,heap     ] GC(5040) Archive regions: 2->2
[2025-01-08T20:00:52.179+0000][171322.545s][info][gc,heap     ] GC(5040) Humongous regions: 49->49
[2025-01-08T20:00:52.179+0000][171322.545s][info][gc,metaspace] GC(5040) Metaspace: 523457K(533760K)->523457K(533760K) NonClass: 459629K(465024K)->459629K(465024K) Class: 63827K(68736K)->63827K(68736K)
[2025-01-08T20:00:52.179+0000][171322.545s][info][gc          ] GC(5040) Pause Young (Normal) (G1 Evacuation Pause) 9644M->2345M(12288M) 27.368ms
[2025-01-08T20:00:52.179+0000][171322.545s][info][gc,cpu      ] GC(5040) User=0.16s Sys=0.00s Real=0.02s
[2025-01-08T20:01:04.058+0000][171334.424s][info][gc,start    ] GC(5041) Pause Young (Concurrent Start) (G1 Evacuation Pause)
[2025-01-08T20:01:04.058+0000][171334.424s][info][gc,task     ] GC(5041) Using 6 workers of 6 for evacuation
[2025-01-08T20:01:04.095+0000][171334.461s][info][gc,phases   ] GC(5041)   Pre Evacuate Collection Set: 1.1ms
[2025-01-08T20:01:04.095+0000][171334.461s][info][gc,phases   ] GC(5041)   Merge Heap Roots: 0.4ms
[2025-01-08T20:01:04.095+0000][171334.461s][info][gc,phases   ] GC(5041)   Evacuate Collection Set: 32.4ms
[2025-01-08T20:01:04.095+0000][171334.461s][info][gc,phases   ] GC(5041)   Post Evacuate Collection Set: 2.7ms
[2025-01-08T20:01:04.095+0000][171334.461s][info][gc,phases   ] GC(5041)   Other: 0.3ms
[2025-01-08T20:01:04.095+0000][171334.461s][info][gc,heap     ] GC(5041) Eden regions: 913->0(911)
[2025-01-08T20:01:04.095+0000][171334.461s][info][gc,heap     ] GC(5041) Survivor regions: 8->10(116)
[2025-01-08T20:01:04.095+0000][171334.461s][info][gc,heap     ] GC(5041) Old regions: 236->236
[2025-01-08T20:01:04.095+0000][171334.461s][info][gc,heap     ] GC(5041) Archive regions: 2->2
[2025-01-08T20:01:04.095+0000][171334.461s][info][gc,heap     ] GC(5041) Humongous regions: 49->49
[2025-01-08T20:01:04.095+0000][171334.461s][info][gc,metaspace] GC(5041) Metaspace: 523467K(533760K)->523467K(533760K) NonClass: 459639K(465024K)->459639K(465024K) Class: 63828K(68736K)->63828K(68736K)
[2025-01-08T20:01:04.095+0000][171334.461s][info][gc          ] GC(5041) Pause Young (Concurrent Start) (G1 Evacuation Pause) 9649M->2363M(12288M) 36.981ms
[2025-01-08T20:01:04.095+0000][171334.461s][info][gc,cpu      ] GC(5041) User=0.21s Sys=0.00s Real=0.04s
[2025-01-08T20:01:04.095+0000][171334.461s][info][gc          ] GC(5042) Concurrent Mark Cycle
[2025-01-08T20:01:04.095+0000][171334.461s][info][gc,marking  ] GC(5042) Concurrent Clear Claimed Marks
[2025-01-08T20:01:04.096+0000][171334.462s][info][gc,marking  ] GC(5042) Concurrent Clear Claimed Marks 0.981ms
[2025-01-08T20:01:04.096+0000][171334.462s][info][gc,marking  ] GC(5042) Concurrent Scan Root Regions
[2025-01-08T20:01:04.128+0000][171334.494s][info][gc,marking  ] GC(5042) Concurrent Scan Root Regions 31.897ms
[2025-01-08T20:01:04.128+0000][171334.494s][info][gc,marking  ] GC(5042) Concurrent Mark
[2025-01-08T20:01:04.128+0000][171334.494s][info][gc,marking  ] GC(5042) Concurrent Mark From Roots
[2025-01-08T20:01:04.128+0000][171334.494s][info][gc,task     ] GC(5042) Using 2 workers of 2 for marking
[2025-01-08T20:01:04.879+0000][171335.245s][info][gc,marking  ] GC(5042) Concurrent Mark From Roots 751.385ms
[2025-01-08T20:01:04.879+0000][171335.246s][info][gc,marking  ] GC(5042) Concurrent Preclean
[2025-01-08T20:01:04.882+0000][171335.248s][info][gc,marking  ] GC(5042) Concurrent Preclean 2.461ms
[2025-01-08T20:01:04.882+0000][171335.248s][info][gc,start    ] GC(5042) Pause Remark
[2025-01-08T20:01:04.907+0000][171335.273s][info][gc          ] GC(5042) Pause Remark 2531M->2531M(12288M) 24.797ms
[2025-01-08T20:01:04.907+0000][171335.273s][info][gc,cpu      ] GC(5042) User=0.14s Sys=0.00s Real=0.02s
[2025-01-08T20:01:04.907+0000][171335.273s][info][gc,marking  ] GC(5042) Concurrent Mark 778.978ms
[2025-01-08T20:01:04.907+0000][171335.273s][info][gc,marking  ] GC(5042) Concurrent Rebuild Remembered Sets
[2025-01-08T20:01:05.380+0000][171335.746s][info][gc,marking  ] GC(5042) Concurrent Rebuild Remembered Sets 473.325ms
[2025-01-08T20:01:05.380+0000][171335.747s][info][gc,start    ] GC(5042) Pause Cleanup
[2025-01-08T20:01:05.381+0000][171335.747s][info][gc          ] GC(5042) Pause Cleanup 2659M->2659M(12288M) 0.443ms
[2025-01-08T20:01:05.381+0000][171335.747s][info][gc,cpu      ] GC(5042) User=0.00s Sys=0.00s Real=0.00s
[2025-01-08T20:01:05.381+0000][171335.747s][info][gc,marking  ] GC(5042) Concurrent Cleanup for Next Mark
[2025-01-08T20:01:05.396+0000][171335.763s][info][gc,marking  ] GC(5042) Concurrent Cleanup for Next Mark 15.508ms
[2025-01-08T20:01:05.397+0000][171335.763s][info][gc          ] GC(5042) Concurrent Mark Cycle 1301.530ms
[2025-01-08T20:01:10.024+0000][171340.390s][info][gc,start    ] GC(5043) Pause Young (Prepare Mixed) (G1 Evacuation Pause)
[2025-01-08T20:01:10.024+0000][171340.390s][info][gc,task     ] GC(5043) Using 6 workers of 6 for evacuation
[2025-01-08T20:01:10.064+0000][171340.430s][info][gc,phases   ] GC(5043)   Pre Evacuate Collection Set: 0.2ms
[2025-01-08T20:01:10.064+0000][171340.430s][info][gc,phases   ] GC(5043)   Merge Heap Roots: 0.6ms
[2025-01-08T20:01:10.064+0000][171340.430s][info][gc,phases   ] GC(5043)   Evacuate Collection Set: 33.6ms
[2025-01-08T20:01:10.064+0000][171340.430s][info][gc,phases   ] GC(5043)   Post Evacuate Collection Set: 5.8ms
[2025-01-08T20:01:10.064+0000][171340.430s][info][gc,phases   ] GC(5043)   Other: 0.2ms
[2025-01-08T20:01:10.064+0000][171340.430s][info][gc,heap     ] GC(5043) Eden regions: 911->0(65)
[2025-01-08T20:01:10.064+0000][171340.430s][info][gc,heap     ] GC(5043) Survivor regions: 10->11(116)
[2025-01-08T20:01:10.064+0000][171340.430s][info][gc,heap     ] GC(5043) Old regions: 236->236
[2025-01-08T20:01:10.064+0000][171340.430s][info][gc,heap     ] GC(5043) Archive regions: 2->2
[2025-01-08T20:01:10.064+0000][171340.430s][info][gc,heap     ] GC(5043) Humongous regions: 49->49
[2025-01-08T20:01:10.064+0000][171340.430s][info][gc,metaspace] GC(5043) Metaspace: 523468K(533760K)->523468K(533760K) NonClass: 459640K(465024K)->459640K(465024K) Class: 63828K(68736K)->63828K(68736K)
[2025-01-08T20:01:10.064+0000][171340.430s][info][gc          ] GC(5043) Pause Young (Prepare Mixed) (G1 Evacuation Pause) 9651M->2370M(12288M) 40.430ms
[2025-01-08T20:01:10.064+0000][171340.431s][info][gc,cpu      ] GC(5043) User=0.23s Sys=0.00s Real=0.04s
[2025-01-08T20:01:10.321+0000][171340.687s][info][gc,start    ] GC(5044) Pause Young (Mixed) (G1 Evacuation Pause)
[2025-01-08T20:01:10.321+0000][171340.687s][info][gc,task     ] GC(5044) Using 6 workers of 6 for evacuation
[2025-01-08T20:01:10.389+0000][171340.755s][info][gc,phases   ] GC(5044)   Pre Evacuate Collection Set: 0.2ms
[2025-01-08T20:01:10.389+0000][171340.755s][info][gc,phases   ] GC(5044)   Merge Heap Roots: 0.6ms
[2025-01-08T20:01:10.389+0000][171340.755s][info][gc,phases   ] GC(5044)   Evacuate Collection Set: 65.0ms
[2025-01-08T20:01:10.389+0000][171340.755s][info][gc,phases   ] GC(5044)   Post Evacuate Collection Set: 1.9ms
[2025-01-08T20:01:10.389+0000][171340.755s][info][gc,phases   ] GC(5044)   Other: 0.2ms
[2025-01-08T20:01:10.389+0000][171340.755s][info][gc,heap     ] GC(5044) Eden regions: 65->0(917)
[2025-01-08T20:01:10.389+0000][171340.755s][info][gc,heap     ] GC(5044) Survivor regions: 11->4(10)
[2025-01-08T20:01:10.389+0000][171340.755s][info][gc,heap     ] GC(5044) Old regions: 236->237
[2025-01-08T20:01:10.389+0000][171340.755s][info][gc,heap     ] GC(5044) Archive regions: 2->2
[2025-01-08T20:01:10.389+0000][171340.755s][info][gc,heap     ] GC(5044) Humongous regions: 49->49
[2025-01-08T20:01:10.389+0000][171340.756s][info][gc,metaspace] GC(5044) Metaspace: 523468K(533760K)->523468K(533760K) NonClass: 459640K(465024K)->459640K(465024K) Class: 63828K(68736K)->63828K(68736K)
[2025-01-08T20:01:10.389+0000][171340.756s][info][gc          ] GC(5044) Pause Young (Mixed) (G1 Evacuation Pause) 2890M->2322M(12288M) 68.091ms
[2025-01-08T20:01:10.389+0000][171340.756s][info][gc,cpu      ] GC(5044) User=0.40s Sys=0.00s Real=0.08s
[2025-01-08T20:01:13.562+0000][171343.928s][info][gc,start    ] GC(5045) Pause Young (Normal) (G1 Evacuation Pause)
[2025-01-08T20:01:13.562+0000][171343.928s][info][gc,task     ] GC(5045) Using 6 workers of 6 for evacuation
[2025-01-08T20:01:13.577+0000][171343.943s][info][gc,phases   ] GC(5045)   Pre Evacuate Collection Set: 0.2ms
[2025-01-08T20:01:13.577+0000][171343.943s][info][gc,phases   ] GC(5045)   Merge Heap Roots: 0.3ms
[2025-01-08T20:01:13.577+0000][171343.943s][info][gc,phases   ] GC(5045)   Evacuate Collection Set: 11.9ms
[2025-01-08T20:01:13.577+0000][171343.943s][info][gc,phases   ] GC(5045)   Post Evacuate Collection Set: 2.3ms
[2025-01-08T20:01:13.577+0000][171343.943s][info][gc,phases   ] GC(5045)   Other: 0.2ms
[2025-01-08T20:01:13.577+0000][171343.943s][info][gc,heap     ] GC(5045) Eden regions: 917->0(918)
[2025-01-08T20:01:13.577+0000][171343.943s][info][gc,heap     ] GC(5045) Survivor regions: 4->3(116)
[2025-01-08T20:01:13.577+0000][171343.943s][info][gc,heap     ] GC(5045) Old regions: 237->237
[2025-01-08T20:01:13.577+0000][171343.943s][info][gc,heap     ] GC(5045) Archive regions: 2->2
[2025-01-08T20:01:13.577+0000][171343.943s][info][gc,heap     ] GC(5045) Humongous regions: 49->49
[2025-01-08T20:01:13.577+0000][171343.943s][info][gc,metaspace] GC(5045) Metaspace: 523469K(533760K)->523469K(533760K) NonClass: 459641K(465024K)->459641K(465024K) Class: 63828K(68736K)->63828K(68736K)
[2025-01-08T20:01:13.577+0000][171343.943s][info][gc          ] GC(5045) Pause Young (Normal) (G1 Evacuation Pause) 9658M->2314M(12288M) 14.954ms
[2025-01-08T20:01:13.577+0000][171343.943s][info][gc,cpu      ] GC(5045) User=0.09s Sys=0.00s Real=0.01s
[2025-01-08T20:01:18.847+0000][171349.213s][info][gc,start    ] GC(5046) Pause Young (Normal) (G1 Evacuation Pause)
[2025-01-08T20:01:18.847+0000][171349.213s][info][gc,task     ] GC(5046) Using 6 workers of 6 for evacuation
[2025-01-08T20:01:18.866+0000][171349.232s][info][gc,phases   ] GC(5046)   Pre Evacuate Collection Set: 0.2ms
[2025-01-08T20:01:18.866+0000][171349.232s][info][gc,phases   ] GC(5046)   Merge Heap Roots: 0.3ms
[2025-01-08T20:01:18.866+0000][171349.232s][info][gc,phases   ] GC(5046)   Evacuate Collection Set: 15.6ms
[2025-01-08T20:01:18.866+0000][171349.232s][info][gc,phases   ] GC(5046)   Post Evacuate Collection Set: 2.6ms
[2025-01-08T20:01:18.866+0000][171349.232s][info][gc,phases   ] GC(5046)   Other: 0.2ms
[2025-01-08T20:01:18.866+0000][171349.232s][info][gc,heap     ] GC(5046) Eden regions: 918->0(917)
[2025-01-08T20:01:18.866+0000][171349.232s][info][gc,heap     ] GC(5046) Survivor regions: 3->4(116)
[2025-01-08T20:01:18.866+0000][171349.232s][info][gc,heap     ] GC(5046) Old regions: 237->237
[2025-01-08T20:01:18.866+0000][171349.232s][info][gc,heap     ] GC(5046) Archive regions: 2->2
[2025-01-08T20:01:18.866+0000][171349.232s][info][gc,heap     ] GC(5046) Humongous regions: 49->49
[2025-01-08T20:01:18.866+0000][171349.232s][info][gc,metaspace] GC(5046) Metaspace: 523490K(533760K)->523490K(533760K) NonClass: 459657K(465024K)->459657K(465024K) Class: 63833K(68736K)->63833K(68736K)
[2025-01-08T20:01:18.866+0000][171349.232s][info][gc          ] GC(5046) Pause Young (Normal) (G1 Evacuation Pause) 9658M->2319M(12288M) 19.047ms
[2025-01-08T20:01:18.866+0000][171349.232s][info][gc,cpu      ] GC(5046) User=0.10s Sys=0.00s Real=0.02s
[2025-01-08T20:01:24.644+0000][171355.010s][info][gc,start    ] GC(5047) Pause Young (Concurrent Start) (G1 Evacuation Pause)
[2025-01-08T20:01:24.644+0000][171355.010s][info][gc,task     ] GC(5047) Using 6 workers of 6 for evacuation
[2025-01-08T20:01:24.668+0000][171355.035s][info][gc,phases   ] GC(5047)   Pre Evacuate Collection Set: 1.1ms
[2025-01-08T20:01:24.668+0000][171355.035s][info][gc,phases   ] GC(5047)   Merge Heap Roots: 0.4ms
[2025-01-08T20:01:24.668+0000][171355.035s][info][gc,phases   ] GC(5047)   Evacuate Collection Set: 18.7ms
[2025-01-08T20:01:24.668+0000][171355.035s][info][gc,phases   ] GC(5047)   Post Evacuate Collection Set: 4.2ms
[2025-01-08T20:01:24.668+0000][171355.035s][info][gc,phases   ] GC(5047)   Other: 0.3ms
[2025-01-08T20:01:24.668+0000][171355.035s][info][gc,heap     ] GC(5047) Eden regions: 917->0(916)
[2025-01-08T20:01:24.668+0000][171355.035s][info][gc,heap     ] GC(5047) Survivor regions: 4->5(116)
[2025-01-08T20:01:24.668+0000][171355.035s][info][gc,heap     ] GC(5047) Old regions: 237->237
[2025-01-08T20:01:24.668+0000][171355.035s][info][gc,heap     ] GC(5047) Archive regions: 2->2
[2025-01-08T20:01:24.668+0000][171355.035s][info][gc,heap     ] GC(5047) Humongous regions: 49->49
[2025-01-08T20:01:24.669+0000][171355.035s][info][gc,metaspace] GC(5047) Metaspace: 523492K(533760K)->523492K(533760K) NonClass: 459658K(465024K)->459658K(465024K) Class: 63833K(68736K)->63833K(68736K)
[2025-01-08T20:01:24.669+0000][171355.035s][info][gc          ] GC(5047) Pause Young (Concurrent Start) (G1 Evacuation Pause) 9655M->2328M(12288M) 24.739ms
[2025-01-08T20:01:24.669+0000][171355.035s][info][gc,cpu      ] GC(5047) User=0.14s Sys=0.00s Real=0.02s
[2025-01-08T20:01:24.669+0000][171355.035s][info][gc          ] GC(5048) Concurrent Mark Cycle
[2025-01-08T20:01:24.669+0000][171355.035s][info][gc,marking  ] GC(5048) Concurrent Clear Claimed Marks
[2025-01-08T20:01:24.670+0000][171355.036s][info][gc,marking  ] GC(5048) Concurrent Clear Claimed Marks 0.904ms
[2025-01-08T20:01:24.670+0000][171355.036s][info][gc,marking  ] GC(5048) Concurrent Scan Root Regions
[2025-01-08T20:01:24.686+0000][171355.052s][info][gc,marking  ] GC(5048) Concurrent Scan Root Regions 16.075ms
[2025-01-08T20:01:24.686+0000][171355.052s][info][gc,marking  ] GC(5048) Concurrent Mark
[2025-01-08T20:01:24.686+0000][171355.052s][info][gc,marking  ] GC(5048) Concurrent Mark From Roots
[2025-01-08T20:01:24.686+0000][171355.052s][info][gc,task     ] GC(5048) Using 2 workers of 2 for marking
[2025-01-08T20:01:25.794+0000][171356.160s][info][gc,marking  ] GC(5048) Concurrent Mark From Roots 1108.693ms
[2025-01-08T20:01:25.794+0000][171356.161s][info][gc,marking  ] GC(5048) Concurrent Preclean
[2025-01-08T20:01:25.798+0000][171356.164s][info][gc,marking  ] GC(5048) Concurrent Preclean 3.626ms
[2025-01-08T20:01:25.798+0000][171356.164s][info][gc,start    ] GC(5048) Pause Remark
[2025-01-08T20:01:25.823+0000][171356.189s][info][gc          ] GC(5048) Pause Remark 3956M->3956M(12288M) 25.016ms
[2025-01-08T20:01:25.823+0000][171356.189s][info][gc,cpu      ] GC(5048) User=0.14s Sys=0.00s Real=0.03s
[2025-01-08T20:01:25.823+0000][171356.189s][info][gc,marking  ] GC(5048) Concurrent Mark 1137.676ms
[2025-01-08T20:01:25.823+0000][171356.189s][info][gc,marking  ] GC(5048) Concurrent Rebuild Remembered Sets
[2025-01-08T20:01:26.409+0000][171356.775s][info][gc,marking  ] GC(5048) Concurrent Rebuild Remembered Sets 585.677ms
[2025-01-08T20:01:26.409+0000][171356.775s][info][gc,start    ] GC(5048) Pause Cleanup
[2025-01-08T20:01:26.410+0000][171356.776s][info][gc          ] GC(5048) Pause Cleanup 4756M->4756M(12288M) 0.445ms
[2025-01-08T20:01:26.410+0000][171356.776s][info][gc,cpu      ] GC(5048) User=0.00s Sys=0.00s Real=0.01s
[2025-01-08T20:01:26.410+0000][171356.776s][info][gc,marking  ] GC(5048) Concurrent Cleanup for Next Mark
[2025-01-08T20:01:26.426+0000][171356.792s][info][gc,marking  ] GC(5048) Concurrent Cleanup for Next Mark 16.290ms
[2025-01-08T20:01:26.426+0000][171356.792s][info][gc          ] GC(5048) Concurrent Mark Cycle 1757.491ms
[2025-01-08T20:01:29.011+0000][171359.377s][info][gc,start    ] GC(5049) Pause Young (Prepare Mixed) (G1 Evacuation Pause)
[2025-01-08T20:01:29.011+0000][171359.377s][info][gc,task     ] GC(5049) Using 6 workers of 6 for evacuation
[2025-01-08T20:01:29.034+0000][171359.401s][info][gc,phases   ] GC(5049)   Pre Evacuate Collection Set: 0.2ms
[2025-01-08T20:01:29.034+0000][171359.401s][info][gc,phases   ] GC(5049)   Merge Heap Roots: 0.5ms
[2025-01-08T20:01:29.034+0000][171359.401s][info][gc,phases   ] GC(5049)   Evacuate Collection Set: 20.1ms
[2025-01-08T20:01:29.034+0000][171359.401s][info][gc,phases   ] GC(5049)   Post Evacuate Collection Set: 2.4ms
[2025-01-08T20:01:29.034+0000][171359.401s][info][gc,phases   ] GC(5049)   Other: 0.2ms
[2025-01-08T20:01:29.034+0000][171359.401s][info][gc,heap     ] GC(5049) Eden regions: 916->0(71)
[2025-01-08T20:01:29.034+0000][171359.401s][info][gc,heap     ] GC(5049) Survivor regions: 5->5(116)
[2025-01-08T20:01:29.034+0000][171359.401s][info][gc,heap     ] GC(5049) Old regions: 237->237
[2025-01-08T20:01:29.034+0000][171359.401s][info][gc,heap     ] GC(5049) Archive regions: 2->2
[2025-01-08T20:01:29.034+0000][171359.401s][info][gc,heap     ] GC(5049) Humongous regions: 49->49
[2025-01-08T20:01:29.034+0000][171359.401s][info][gc,metaspace] GC(5049) Metaspace: 523492K(533760K)->523492K(533760K) NonClass: 459658K(465024K)->459658K(465024K) Class: 63833K(68736K)->63833K(68736K)
[2025-01-08T20:01:29.035+0000][171359.401s][info][gc          ] GC(5049) Pause Young (Prepare Mixed) (G1 Evacuation Pause) 9656M->2329M(12288M) 23.535ms
[2025-01-08T20:01:29.035+0000][171359.401s][info][gc,cpu      ] GC(5049) User=0.14s Sys=0.00s Real=0.02s
[2025-01-08T20:01:29.301+0000][171359.667s][info][gc,start    ] GC(5050) Pause Young (Mixed) (G1 Evacuation Pause)
[2025-01-08T20:01:29.301+0000][171359.667s][info][gc,task     ] GC(5050) Using 6 workers of 6 for evacuation
[2025-01-08T20:01:29.355+0000][171359.721s][info][gc,phases   ] GC(5050)   Pre Evacuate Collection Set: 0.2ms
[2025-01-08T20:01:29.355+0000][171359.721s][info][gc,phases   ] GC(5050)   Merge Heap Roots: 0.6ms
[2025-01-08T20:01:29.355+0000][171359.721s][info][gc,phases   ] GC(5050)   Evacuate Collection Set: 51.5ms
[2025-01-08T20:01:29.355+0000][171359.721s][info][gc,phases   ] GC(5050)   Post Evacuate Collection Set: 1.6ms
[2025-01-08T20:01:29.355+0000][171359.721s][info][gc,phases   ] GC(5050)   Other: 0.2ms
[2025-01-08T20:01:29.355+0000][171359.721s][info][gc,heap     ] GC(5050) Eden regions: 71->0(915)
[2025-01-08T20:01:29.355+0000][171359.721s][info][gc,heap     ] GC(5050) Survivor regions: 5->6(10)
[2025-01-08T20:01:29.355+0000][171359.721s][info][gc,heap     ] GC(5050) Old regions: 237->232
[2025-01-08T20:01:29.355+0000][171359.721s][info][gc,heap     ] GC(5050) Archive regions: 2->2
[2025-01-08T20:01:29.355+0000][171359.721s][info][gc,heap     ] GC(5050) Humongous regions: 49->49
[2025-01-08T20:01:29.355+0000][171359.721s][info][gc,metaspace] GC(5050) Metaspace: 523492K(533760K)->523492K(533760K) NonClass: 459658K(465024K)->459658K(465024K) Class: 63833K(68736K)->63833K(68736K)
[2025-01-08T20:01:29.355+0000][171359.721s][info][gc          ] GC(5050) Pause Young (Mixed) (G1 Evacuation Pause) 2897M->2298M(12288M) 54.159ms
[2025-01-08T20:01:29.355+0000][171359.721s][info][gc,cpu      ] GC(5050) User=0.31s Sys=0.00s Real=0.06s
[2025-01-08T20:01:32.503+0000][171362.869s][info][gc,start    ] GC(5051) Pause Young (Normal) (G1 Evacuation Pause)
[2025-01-08T20:01:32.503+0000][171362.869s][info][gc,task     ] GC(5051) Using 6 workers of 6 for evacuation
[2025-01-08T20:01:32.524+0000][171362.890s][info][gc,phases   ] GC(5051)   Pre Evacuate Collection Set: 0.2ms
[2025-01-08T20:01:32.524+0000][171362.890s][info][gc,phases   ] GC(5051)   Merge Heap Roots: 0.4ms
[2025-01-08T20:01:32.524+0000][171362.890s][info][gc,phases   ] GC(5051)   Evacuate Collection Set: 18.2ms
[2025-01-08T20:01:32.524+0000][171362.890s][info][gc,phases   ] GC(5051)   Post Evacuate Collection Set: 2.2ms
[2025-01-08T20:01:32.524+0000][171362.890s][info][gc,phases   ] GC(5051)   Other: 0.2ms
[2025-01-08T20:01:32.524+0000][171362.890s][info][gc,heap     ] GC(5051) Eden regions: 915->0(915)
[2025-01-08T20:01:32.524+0000][171362.890s][info][gc,heap     ] GC(5051) Survivor regions: 6->6(116)
[2025-01-08T20:01:32.524+0000][171362.890s][info][gc,heap     ] GC(5051) Old regions: 232->232
[2025-01-08T20:01:32.524+0000][171362.890s][info][gc,heap     ] GC(5051) Archive regions: 2->2
[2025-01-08T20:01:32.524+0000][171362.890s][info][gc,heap     ] GC(5051) Humongous regions: 49->49
[2025-01-08T20:01:32.524+0000][171362.890s][info][gc,metaspace] GC(5051) Metaspace: 523492K(533760K)->523492K(533760K) NonClass: 459658K(465024K)->459658K(465024K) Class: 63833K(68736K)->63833K(68736K)
[2025-01-08T20:01:32.524+0000][171362.890s][info][gc          ] GC(5051) Pause Young (Normal) (G1 Evacuation Pause) 9618M->2295M(12288M) 21.180ms
[2025-01-08T20:01:32.524+0000][171362.890s][info][gc,cpu      ] GC(5051) User=0.13s Sys=0.00s Real=0.02s
[2025-01-08T20:01:38.612+0000][171368.978s][info][gc,start    ] GC(5052) Pause Young (Normal) (G1 Evacuation Pause)
[2025-01-08T20:01:38.612+0000][171368.978s][info][gc,task     ] GC(5052) Using 6 workers of 6 for evacuation
[2025-01-08T20:01:38.637+0000][171369.003s][info][gc,phases   ] GC(5052)   Pre Evacuate Collection Set: 0.2ms
[2025-01-08T20:01:38.637+0000][171369.003s][info][gc,phases   ] GC(5052)   Merge Heap Roots: 0.4ms
[2025-01-08T20:01:38.637+0000][171369.003s][info][gc,phases   ] GC(5052)   Evacuate Collection Set: 22.0ms
[2025-01-08T20:01:38.637+0000][171369.003s][info][gc,phases   ] GC(5052)   Post Evacuate Collection Set: 2.4ms
[2025-01-08T20:01:38.637+0000][171369.003s][info][gc,phases   ] GC(5052)   Other: 0.2ms
[2025-01-08T20:01:38.637+0000][171369.003s][info][gc,heap     ] GC(5052) Eden regions: 915->0(915)
[2025-01-08T20:01:38.637+0000][171369.003s][info][gc,heap     ] GC(5052) Survivor regions: 6->6(116)
[2025-01-08T20:01:38.637+0000][171369.003s][info][gc,heap     ] GC(5052) Old regions: 232->232
[2025-01-08T20:01:38.637+0000][171369.003s][info][gc,heap     ] GC(5052) Archive regions: 2->2
[2025-01-08T20:01:38.637+0000][171369.003s][info][gc,heap     ] GC(5052) Humongous regions: 49->49
[2025-01-08T20:01:38.637+0000][171369.003s][info][gc,metaspace] GC(5052) Metaspace: 523493K(533760K)->523493K(533760K) NonClass: 459660K(465024K)->459660K(465024K) Class: 63833K(68736K)->63833K(68736K)
[2025-01-08T20:01:38.637+0000][171369.003s][info][gc          ] GC(5052) Pause Young (Normal) (G1 Evacuation Pause) 9615M->2302M(12288M) 25.235ms
[2025-01-08T20:01:38.637+0000][171369.003s][info][gc,cpu      ] GC(5052) User=0.14s Sys=0.00s Real=0.02s
[2025-01-08T20:01:45.188+0000][171375.554s][info][gc,start    ] GC(5053) Pause Young (Concurrent Start) (GCLocker Initiated GC)
[2025-01-08T20:01:45.188+0000][171375.554s][info][gc,task     ] GC(5053) Using 6 workers of 6 for evacuation
[2025-01-08T20:01:45.222+0000][171375.588s][info][gc,phases   ] GC(5053)   Pre Evacuate Collection Set: 1.1ms
[2025-01-08T20:01:45.222+0000][171375.588s][info][gc,phases   ] GC(5053)   Merge Heap Roots: 0.4ms
[2025-01-08T20:01:45.222+0000][171375.588s][info][gc,phases   ] GC(5053)   Evacuate Collection Set: 29.8ms
[2025-01-08T20:01:45.222+0000][171375.588s][info][gc,phases   ] GC(5053)   Post Evacuate Collection Set: 2.5ms
[2025-01-08T20:01:45.222+0000][171375.588s][info][gc,phases   ] GC(5053)   Other: 0.3ms
[2025-01-08T20:01:45.222+0000][171375.588s][info][gc,heap     ] GC(5053) Eden regions: 916->0(912)
[2025-01-08T20:01:45.222+0000][171375.588s][info][gc,heap     ] GC(5053) Survivor regions: 6->9(116)
[2025-01-08T20:01:45.222+0000][171375.588s][info][gc,heap     ] GC(5053) Old regions: 232->232
[2025-01-08T20:01:45.222+0000][171375.588s][info][gc,heap     ] GC(5053) Archive regions: 2->2
[2025-01-08T20:01:45.222+0000][171375.588s][info][gc,heap     ] GC(5053) Humongous regions: 49->49
[2025-01-08T20:01:45.222+0000][171375.588s][info][gc,metaspace] GC(5053) Metaspace: 523497K(533760K)->523497K(533760K) NonClass: 459663K(465024K)->459663K(465024K) Class: 63833K(68736K)->63833K(68736K)
[2025-01-08T20:01:45.222+0000][171375.589s][info][gc          ] GC(5053) Pause Young (Concurrent Start) (GCLocker Initiated GC) 9626M->2324M(12288M) 34.220ms
[2025-01-08T20:01:45.222+0000][171375.589s][info][gc,cpu      ] GC(5053) User=0.19s Sys=0.00s Real=0.04s
[2025-01-08T20:01:45.222+0000][171375.589s][info][gc          ] GC(5054) Concurrent Mark Cycle
[2025-01-08T20:01:45.223+0000][171375.589s][info][gc,marking  ] GC(5054) Concurrent Clear Claimed Marks
[2025-01-08T20:01:45.223+0000][171375.590s][info][gc,marking  ] GC(5054) Concurrent Clear Claimed Marks 0.934ms
[2025-01-08T20:01:45.223+0000][171375.590s][info][gc,marking  ] GC(5054) Concurrent Scan Root Regions
[2025-01-08T20:01:45.257+0000][171375.623s][info][gc,marking  ] GC(5054) Concurrent Scan Root Regions 33.885ms
[2025-01-08T20:01:45.257+0000][171375.623s][info][gc,marking  ] GC(5054) Concurrent Mark
[2025-01-08T20:01:45.257+0000][171375.623s][info][gc,marking  ] GC(5054) Concurrent Mark From Roots
[2025-01-08T20:01:45.257+0000][171375.623s][info][gc,task     ] GC(5054) Using 2 workers of 2 for marking
[2025-01-08T20:01:46.238+0000][171376.604s][info][gc,marking  ] GC(5054) Concurrent Mark From Roots 980.202ms
[2025-01-08T20:01:46.238+0000][171376.604s][info][gc,marking  ] GC(5054) Concurrent Preclean
[2025-01-08T20:01:46.241+0000][171376.607s][info][gc,marking  ] GC(5054) Concurrent Preclean 3.603ms
[2025-01-08T20:01:46.241+0000][171376.607s][info][gc,start    ] GC(5054) Pause Remark
[2025-01-08T20:01:46.266+0000][171376.632s][info][gc          ] GC(5054) Pause Remark 3631M->3631M(12288M) 24.949ms
[2025-01-08T20:01:46.266+0000][171376.632s][info][gc,cpu      ] GC(5054) User=0.14s Sys=0.00s Real=0.03s
[2025-01-08T20:01:46.266+0000][171376.633s][info][gc,marking  ] GC(5054) Concurrent Mark 1009.111ms
[2025-01-08T20:01:46.267+0000][171376.633s][info][gc,marking  ] GC(5054) Concurrent Rebuild Remembered Sets
[2025-01-08T20:01:46.819+0000][171377.185s][info][gc,marking  ] GC(5054) Concurrent Rebuild Remembered Sets 552.200ms
[2025-01-08T20:01:46.819+0000][171377.185s][info][gc,start    ] GC(5054) Pause Cleanup
[2025-01-08T20:01:46.819+0000][171377.185s][info][gc          ] GC(5054) Pause Cleanup 4379M->4379M(12288M) 0.382ms
[2025-01-08T20:01:46.819+0000][171377.185s][info][gc,cpu      ] GC(5054) User=0.00s Sys=0.00s Real=0.00s
[2025-01-08T20:01:46.819+0000][171377.185s][info][gc,marking  ] GC(5054) Concurrent Cleanup for Next Mark
[2025-01-08T20:01:46.835+0000][171377.201s][info][gc,marking  ] GC(5054) Concurrent Cleanup for Next Mark 15.932ms
[2025-01-08T20:01:46.835+0000][171377.201s][info][gc          ] GC(5054) Concurrent Mark Cycle 1612.815ms
[2025-01-08T20:01:53.843+0000][171384.209s][info][gc,start    ] GC(5055) Pause Young (Prepare Mixed) (G1 Evacuation Pause)
[2025-01-08T20:01:53.843+0000][171384.209s][info][gc,task     ] GC(5055) Using 6 workers of 6 for evacuation
[2025-01-08T20:01:53.876+0000][171384.243s][info][gc,phases   ] GC(5055)   Pre Evacuate Collection Set: 0.2ms
[2025-01-08T20:01:53.877+0000][171384.243s][info][gc,phases   ] GC(5055)   Merge Heap Roots: 0.6ms
[2025-01-08T20:01:53.877+0000][171384.243s][info][gc,phases   ] GC(5055)   Evacuate Collection Set: 30.0ms
[2025-01-08T20:01:53.877+0000][171384.243s][info][gc,phases   ] GC(5055)   Post Evacuate Collection Set: 2.6ms
[2025-01-08T20:01:53.877+0000][171384.243s][info][gc,phases   ] GC(5055)   Other: 0.2ms
[2025-01-08T20:01:53.877+0000][171384.243s][info][gc,heap     ] GC(5055) Eden regions: 912->0(67)
[2025-01-08T20:01:53.877+0000][171384.243s][info][gc,heap     ] GC(5055) Survivor regions: 9->9(116)
[2025-01-08T20:01:53.877+0000][171384.243s][info][gc,heap     ] GC(5055) Old regions: 232->232
[2025-01-08T20:01:53.877+0000][171384.243s][info][gc,heap     ] GC(5055) Archive regions: 2->2
[2025-01-08T20:01:53.877+0000][171384.243s][info][gc,heap     ] GC(5055) Humongous regions: 49->49
[2025-01-08T20:01:53.877+0000][171384.243s][info][gc,metaspace] GC(5055) Metaspace: 523503K(533760K)->523503K(533760K) NonClass: 459668K(465024K)->459668K(465024K) Class: 63834K(68736K)->63834K(68736K)
[2025-01-08T20:01:53.877+0000][171384.243s][info][gc          ] GC(5055) Pause Young (Prepare Mixed) (G1 Evacuation Pause) 9620M->2322M(12288M) 33.725ms
[2025-01-08T20:01:53.877+0000][171384.243s][info][gc,cpu      ] GC(5055) User=0.20s Sys=0.00s Real=0.03s
[2025-01-08T20:01:54.450+0000][171384.816s][info][gc,start    ] GC(5056) Pause Young (Mixed) (G1 Evacuation Pause)
[2025-01-08T20:01:54.450+0000][171384.816s][info][gc,task     ] GC(5056) Using 6 workers of 6 for evacuation
[2025-01-08T20:01:54.518+0000][171384.884s][info][gc,phases   ] GC(5056)   Pre Evacuate Collection Set: 0.2ms
[2025-01-08T20:01:54.518+0000][171384.884s][info][gc,phases   ] GC(5056)   Merge Heap Roots: 0.7ms
[2025-01-08T20:01:54.518+0000][171384.884s][info][gc,phases   ] GC(5056)   Evacuate Collection Set: 64.2ms
[2025-01-08T20:01:54.518+0000][171384.884s][info][gc,phases   ] GC(5056)   Post Evacuate Collection Set: 2.5ms
[2025-01-08T20:01:54.518+0000][171384.884s][info][gc,phases   ] GC(5056)   Other: 0.2ms
[2025-01-08T20:01:54.518+0000][171384.884s][info][gc,heap     ] GC(5056) Eden regions: 67->0(915)
[2025-01-08T20:01:54.518+0000][171384.884s][info][gc,heap     ] GC(5056) Survivor regions: 9->6(10)
[2025-01-08T20:01:54.518+0000][171384.884s][info][gc,heap     ] GC(5056) Old regions: 232->231
[2025-01-08T20:01:54.518+0000][171384.884s][info][gc,heap     ] GC(5056) Archive regions: 2->2
[2025-01-08T20:01:54.518+0000][171384.884s][info][gc,heap     ] GC(5056) Humongous regions: 49->49
[2025-01-08T20:01:54.518+0000][171384.884s][info][gc,metaspace] GC(5056) Metaspace: 523503K(533760K)->523503K(533760K) NonClass: 459668K(465024K)->459668K(465024K) Class: 63834K(68736K)->63834K(68736K)
[2025-01-08T20:01:54.518+0000][171384.884s][info][gc          ] GC(5056) Pause Young (Mixed) (G1 Evacuation Pause) 2858M->2291M(12288M) 67.789ms
[2025-01-08T20:01:54.518+0000][171384.884s][info][gc,cpu      ] GC(5056) User=0.39s Sys=0.00s Real=0.06s
[2025-01-08T20:02:01.131+0000][171391.497s][info][gc,start    ] GC(5057) Pause Young (Normal) (G1 Evacuation Pause)
[2025-01-08T20:02:01.131+0000][171391.497s][info][gc,task     ] GC(5057) Using 6 workers of 6 for evacuation
[2025-01-08T20:02:01.160+0000][171391.527s][info][gc,phases   ] GC(5057)   Pre Evacuate Collection Set: 0.2ms
[2025-01-08T20:02:01.161+0000][171391.527s][info][gc,phases   ] GC(5057)   Merge Heap Roots: 0.5ms
[2025-01-08T20:02:01.161+0000][171391.527s][info][gc,phases   ] GC(5057)   Evacuate Collection Set: 26.4ms
[2025-01-08T20:02:01.161+0000][171391.527s][info][gc,phases   ] GC(5057)   Post Evacuate Collection Set: 2.5ms
[2025-01-08T20:02:01.161+0000][171391.527s][info][gc,phases   ] GC(5057)   Other: 0.2ms
[2025-01-08T20:02:01.161+0000][171391.527s][info][gc,heap     ] GC(5057) Eden regions: 915->0(913)
[2025-01-08T20:02:01.161+0000][171391.527s][info][gc,heap     ] GC(5057) Survivor regions: 6->8(116)
[2025-01-08T20:02:01.161+0000][171391.527s][info][gc,heap     ] GC(5057) Old regions: 231->231
[2025-01-08T20:02:01.161+0000][171391.527s][info][gc,heap     ] GC(5057) Archive regions: 2->2
[2025-01-08T20:02:01.161+0000][171391.527s][info][gc,heap     ] GC(5057) Humongous regions: 49->49
[2025-01-08T20:02:01.161+0000][171391.527s][info][gc,metaspace] GC(5057) Metaspace: 523503K(533760K)->523503K(533760K) NonClass: 459668K(465024K)->459668K(465024K) Class: 63834K(68736K)->63834K(68736K)
[2025-01-08T20:02:01.161+0000][171391.527s][info][gc          ] GC(5057) Pause Young (Normal) (G1 Evacuation Pause) 9611M->2306M(12288M) 29.770ms
[2025-01-08T20:02:01.161+0000][171391.527s][info][gc,cpu      ] GC(5057) User=0.18s Sys=0.00s Real=0.02s
[2025-01-08T20:02:07.537+0000][171397.903s][info][gc,start    ] GC(5058) Pause Young (Normal) (G1 Evacuation Pause)
[2025-01-08T20:02:07.537+0000][171397.903s][info][gc,task     ] GC(5058) Using 6 workers of 6 for evacuation
[2025-01-08T20:02:07.568+0000][171397.934s][info][gc,phases   ] GC(5058)   Pre Evacuate Collection Set: 0.2ms
[2025-01-08T20:02:07.568+0000][171397.934s][info][gc,phases   ] GC(5058)   Merge Heap Roots: 0.4ms
[2025-01-08T20:02:07.568+0000][171397.934s][info][gc,phases   ] GC(5058)   Evacuate Collection Set: 26.2ms
[2025-01-08T20:02:07.568+0000][171397.934s][info][gc,phases   ] GC(5058)   Post Evacuate Collection Set: 3.8ms
[2025-01-08T20:02:07.568+0000][171397.934s][info][gc,phases   ] GC(5058)   Other: 0.2ms
[2025-01-08T20:02:07.568+0000][171397.934s][info][gc,heap     ] GC(5058) Eden regions: 913->0(912)
[2025-01-08T20:02:07.568+0000][171397.934s][info][gc,heap     ] GC(5058) Survivor regions: 8->9(116)
[2025-01-08T20:02:07.568+0000][171397.934s][info][gc,heap     ] GC(5058) Old regions: 231->231
[2025-01-08T20:02:07.568+0000][171397.934s][info][gc,heap     ] GC(5058) Archive regions: 2->2
[2025-01-08T20:02:07.568+0000][171397.934s][info][gc,heap     ] GC(5058) Humongous regions: 49->49
[2025-01-08T20:02:07.568+0000][171397.934s][info][gc,metaspace] GC(5058) Metaspace: 523504K(533760K)->523504K(533760K) NonClass: 459669K(465024K)->459669K(465024K) Class: 63834K(68736K)->63834K(68736K)
[2025-01-08T20:02:07.568+0000][171397.934s][info][gc          ] GC(5058) Pause Young (Normal) (G1 Evacuation Pause) 9610M->2314M(12288M) 30.845ms
[2025-01-08T20:02:07.568+0000][171397.934s][info][gc,cpu      ] GC(5058) User=0.18s Sys=0.00s Real=0.03s
[2025-01-08T20:02:14.106+0000][171404.472s][info][gc,start    ] GC(5059) Pause Young (Concurrent Start) (G1 Evacuation Pause)
[2025-01-08T20:02:14.106+0000][171404.472s][info][gc,task     ] GC(5059) Using 6 workers of 6 for evacuation
[2025-01-08T20:02:14.141+0000][171404.507s][info][gc,phases   ] GC(5059)   Pre Evacuate Collection Set: 1.1ms
[2025-01-08T20:02:14.141+0000][171404.507s][info][gc,phases   ] GC(5059)   Merge Heap Roots: 0.4ms
[2025-01-08T20:02:14.141+0000][171404.507s][info][gc,phases   ] GC(5059)   Evacuate Collection Set: 29.5ms
[2025-01-08T20:02:14.141+0000][171404.507s][info][gc,phases   ] GC(5059)   Post Evacuate Collection Set: 3.9ms
[2025-01-08T20:02:14.141+0000][171404.507s][info][gc,phases   ] GC(5059)   Other: 0.3ms
[2025-01-08T20:02:14.141+0000][171404.507s][info][gc,heap     ] GC(5059) Eden regions: 912->0(911)
[2025-01-08T20:02:14.141+0000][171404.507s][info][gc,heap     ] GC(5059) Survivor regions: 9->10(116)
[2025-01-08T20:02:14.141+0000][171404.507s][info][gc,heap     ] GC(5059) Old regions: 231->231
[2025-01-08T20:02:14.141+0000][171404.507s][info][gc,heap     ] GC(5059) Archive regions: 2->2
[2025-01-08T20:02:14.141+0000][171404.507s][info][gc,heap     ] GC(5059) Humongous regions: 49->49
[2025-01-08T20:02:14.141+0000][171404.507s][info][gc,metaspace] GC(5059) Metaspace: 523504K(533760K)->523504K(533760K) NonClass: 459670K(465024K)->459670K(465024K) Class: 63834K(68736K)->63834K(68736K)
[2025-01-08T20:02:14.141+0000][171404.507s][info][gc          ] GC(5059) Pause Young (Concurrent Start) (G1 Evacuation Pause) 9610M->2323M(12288M) 35.239ms
[2025-01-08T20:02:14.141+0000][171404.507s][info][gc,cpu      ] GC(5059) User=0.20s Sys=0.01s Real=0.03s
[2025-01-08T20:02:14.141+0000][171404.507s][info][gc          ] GC(5060) Concurrent Mark Cycle
[2025-01-08T20:02:14.141+0000][171404.507s][info][gc,marking  ] GC(5060) Concurrent Clear Claimed Marks
[2025-01-08T20:02:14.142+0000][171404.508s][info][gc,marking  ] GC(5060) Concurrent Clear Claimed Marks 0.915ms
[2025-01-08T20:02:14.142+0000][171404.508s][info][gc,marking  ] GC(5060) Concurrent Scan Root Regions
[2025-01-08T20:02:14.164+0000][171404.530s][info][gc,marking  ] GC(5060) Concurrent Scan Root Regions 21.963ms
[2025-01-08T20:02:14.164+0000][171404.530s][info][gc,marking  ] GC(5060) Concurrent Mark
[2025-01-08T20:02:14.164+0000][171404.530s][info][gc,marking  ] GC(5060) Concurrent Mark From Roots
[2025-01-08T20:02:14.164+0000][171404.530s][info][gc,task     ] GC(5060) Using 2 workers of 2 for marking
[2025-01-08T20:02:15.009+0000][171405.375s][info][gc,marking  ] GC(5060) Concurrent Mark From Roots 844.549ms
[2025-01-08T20:02:15.009+0000][171405.375s][info][gc,marking  ] GC(5060) Concurrent Preclean
[2025-01-08T20:02:15.012+0000][171405.378s][info][gc,marking  ] GC(5060) Concurrent Preclean 3.178ms
[2025-01-08T20:02:15.012+0000][171405.378s][info][gc,start    ] GC(5060) Pause Remark
[2025-01-08T20:02:15.037+0000][171405.403s][info][gc          ] GC(5060) Pause Remark 2787M->2787M(12288M) 24.978ms
[2025-01-08T20:02:15.037+0000][171405.403s][info][gc,cpu      ] GC(5060) User=0.15s Sys=0.00s Real=0.02s
[2025-01-08T20:02:15.037+0000][171405.403s][info][gc,marking  ] GC(5060) Concurrent Mark 873.117ms
[2025-01-08T20:02:15.037+0000][171405.403s][info][gc,marking  ] GC(5060) Concurrent Rebuild Remembered Sets
[2025-01-08T20:02:15.544+0000][171405.910s][info][gc,marking  ] GC(5060) Concurrent Rebuild Remembered Sets 506.470ms
[2025-01-08T20:02:15.544+0000][171405.910s][info][gc,start    ] GC(5060) Pause Cleanup
[2025-01-08T20:02:15.544+0000][171405.910s][info][gc          ] GC(5060) Pause Cleanup 3071M->3071M(12288M) 0.390ms
[2025-01-08T20:02:15.544+0000][171405.910s][info][gc,cpu      ] GC(5060) User=0.00s Sys=0.00s Real=0.00s
[2025-01-08T20:02:15.544+0000][171405.910s][info][gc,marking  ] GC(5060) Concurrent Cleanup for Next Mark
[2025-01-08T20:02:15.560+0000][171405.926s][info][gc,marking  ] GC(5060) Concurrent Cleanup for Next Mark 15.440ms
[2025-01-08T20:02:15.560+0000][171405.926s][info][gc          ] GC(5060) Concurrent Mark Cycle 1418.674ms
[2025-01-08T20:02:22.177+0000][171412.543s][info][gc,start    ] GC(5061) Pause Young (Prepare Mixed) (G1 Evacuation Pause)
[2025-01-08T20:02:22.177+0000][171412.543s][info][gc,task     ] GC(5061) Using 6 workers of 6 for evacuation
[2025-01-08T20:02:22.219+0000][171412.585s][info][gc,phases   ] GC(5061)   Pre Evacuate Collection Set: 0.2ms
[2025-01-08T20:02:22.219+0000][171412.585s][info][gc,phases   ] GC(5061)   Merge Heap Roots: 0.6ms
[2025-01-08T20:02:22.219+0000][171412.585s][info][gc,phases   ] GC(5061)   Evacuate Collection Set: 37.2ms
[2025-01-08T20:02:22.219+0000][171412.585s][info][gc,phases   ] GC(5061)   Post Evacuate Collection Set: 3.9ms
[2025-01-08T20:02:22.219+0000][171412.585s][info][gc,phases   ] GC(5061)   Other: 0.2ms
[2025-01-08T20:02:22.219+0000][171412.585s][info][gc,heap     ] GC(5061) Eden regions: 911->0(63)
[2025-01-08T20:02:22.219+0000][171412.585s][info][gc,heap     ] GC(5061) Survivor regions: 10->13(116)
[2025-01-08T20:02:22.219+0000][171412.585s][info][gc,heap     ] GC(5061) Old regions: 231->231
[2025-01-08T20:02:22.219+0000][171412.585s][info][gc,heap     ] GC(5061) Archive regions: 2->2
[2025-01-08T20:02:22.219+0000][171412.585s][info][gc,heap     ] GC(5061) Humongous regions: 49->49
[2025-01-08T20:02:22.219+0000][171412.585s][info][gc,metaspace] GC(5061) Metaspace: 523506K(533760K)->523506K(533760K) NonClass: 459672K(465024K)->459672K(465024K) Class: 63834K(68736K)->63834K(68736K)
[2025-01-08T20:02:22.219+0000][171412.585s][info][gc          ] GC(5061) Pause Young (Prepare Mixed) (G1 Evacuation Pause) 9611M->2346M(12288M) 42.275ms
[2025-01-08T20:02:22.219+0000][171412.585s][info][gc,cpu      ] GC(5061) User=0.25s Sys=0.00s Real=0.04s
[2025-01-08T20:02:22.699+0000][171413.065s][info][gc,start    ] GC(5062) Pause Young (Mixed) (G1 Evacuation Pause)
[2025-01-08T20:02:22.699+0000][171413.065s][info][gc,task     ] GC(5062) Using 6 workers of 6 for evacuation
[2025-01-08T20:02:22.758+0000][171413.124s][info][gc,phases   ] GC(5062)   Pre Evacuate Collection Set: 0.2ms
[2025-01-08T20:02:22.758+0000][171413.124s][info][gc,phases   ] GC(5062)   Merge Heap Roots: 0.5ms
[2025-01-08T20:02:22.758+0000][171413.124s][info][gc,phases   ] GC(5062)   Evacuate Collection Set: 56.3ms
[2025-01-08T20:02:22.758+0000][171413.124s][info][gc,phases   ] GC(5062)   Post Evacuate Collection Set: 1.6ms
[2025-01-08T20:02:22.758+0000][171413.124s][info][gc,phases   ] GC(5062)   Other: 0.2ms
[2025-01-08T20:02:22.758+0000][171413.124s][info][gc,heap     ] GC(5062) Eden regions: 63->0(917)
[2025-01-08T20:02:22.758+0000][171413.124s][info][gc,heap     ] GC(5062) Survivor regions: 13->4(10)
[2025-01-08T20:02:22.758+0000][171413.124s][info][gc,heap     ] GC(5062) Old regions: 231->234
[2025-01-08T20:02:22.758+0000][171413.124s][info][gc,heap     ] GC(5062) Archive regions: 2->2
[2025-01-08T20:02:22.758+0000][171413.124s][info][gc,heap     ] GC(5062) Humongous regions: 49->49
[2025-01-08T20:02:22.758+0000][171413.124s][info][gc,metaspace] GC(5062) Metaspace: 523511K(533760K)->523511K(533760K) NonClass: 459676K(465024K)->459676K(465024K) Class: 63835K(68736K)->63835K(68736K)
[2025-01-08T20:02:22.758+0000][171413.124s][info][gc          ] GC(5062) Pause Young (Mixed) (G1 Evacuation Pause) 2850M->2299M(12288M) 58.760ms
[2025-01-08T20:02:22.758+0000][171413.124s][info][gc,cpu      ] GC(5062) User=0.34s Sys=0.00s Real=0.06s
[2025-01-08T20:02:31.189+0000][171421.555s][info][gc,start    ] GC(5063) Pause Young (Normal) (G1 Evacuation Pause)
[2025-01-08T20:02:31.189+0000][171421.555s][info][gc,task     ] GC(5063) Using 6 workers of 6 for evacuation
[2025-01-08T20:02:31.210+0000][171421.576s][info][gc,phases   ] GC(5063)   Pre Evacuate Collection Set: 0.2ms
[2025-01-08T20:02:31.210+0000][171421.576s][info][gc,phases   ] GC(5063)   Merge Heap Roots: 0.4ms
[2025-01-08T20:02:31.210+0000][171421.576s][info][gc,phases   ] GC(5063)   Evacuate Collection Set: 18.5ms
[2025-01-08T20:02:31.210+0000][171421.576s][info][gc,phases   ] GC(5063)   Post Evacuate Collection Set: 2.5ms
[2025-01-08T20:02:31.210+0000][171421.576s][info][gc,phases   ] GC(5063)   Other: 0.2ms
[2025-01-08T20:02:31.210+0000][171421.576s][info][gc,heap     ] GC(5063) Eden regions: 917->0(916)
[2025-01-08T20:02:31.210+0000][171421.576s][info][gc,heap     ] GC(5063) Survivor regions: 4->5(116)
[2025-01-08T20:02:31.210+0000][171421.576s][info][gc,heap     ] GC(5063) Old regions: 234->234
[2025-01-08T20:02:31.210+0000][171421.576s][info][gc,heap     ] GC(5063) Archive regions: 2->2
[2025-01-08T20:02:31.210+0000][171421.576s][info][gc,heap     ] GC(5063) Humongous regions: 49->49
[2025-01-08T20:02:31.210+0000][171421.576s][info][gc,metaspace] GC(5063) Metaspace: 523512K(533760K)->523512K(533760K) NonClass: 459676K(465024K)->459676K(465024K) Class: 63835K(68736K)->63835K(68736K)
[2025-01-08T20:02:31.210+0000][171421.576s][info][gc          ] GC(5063) Pause Young (Normal) (G1 Evacuation Pause) 9635M->2304M(12288M) 21.868ms
[2025-01-08T20:02:31.210+0000][171421.577s][info][gc,cpu      ] GC(5063) User=0.12s Sys=0.00s Real=0.03s
[2025-01-08T20:02:37.385+0000][171427.751s][info][gc,start    ] GC(5064) Pause Young (Normal) (G1 Evacuation Pause)
[2025-01-08T20:02:37.385+0000][171427.751s][info][gc,task     ] GC(5064) Using 6 workers of 6 for evacuation
[2025-01-08T20:02:37.407+0000][171427.773s][info][gc,phases   ] GC(5064)   Pre Evacuate Collection Set: 0.2ms
[2025-01-08T20:02:37.407+0000][171427.773s][info][gc,phases   ] GC(5064)   Merge Heap Roots: 0.4ms
[2025-01-08T20:02:37.407+0000][171427.773s][info][gc,phases   ] GC(5064)   Evacuate Collection Set: 19.2ms
[2025-01-08T20:02:37.407+0000][171427.773s][info][gc,phases   ] GC(5064)   Post Evacuate Collection Set: 2.4ms
[2025-01-08T20:02:37.407+0000][171427.773s][info][gc,phases   ] GC(5064)   Other: 0.2ms
[2025-01-08T20:02:37.407+0000][171427.773s][info][gc,heap     ] GC(5064) Eden regions: 916->0(915)
[2025-01-08T20:02:37.407+0000][171427.773s][info][gc,heap     ] GC(5064) Survivor regions: 5->6(116)
[2025-01-08T20:02:37.407+0000][171427.773s][info][gc,heap     ] GC(5064) Old regions: 234->234
[2025-01-08T20:02:37.407+0000][171427.773s][info][gc,heap     ] GC(5064) Archive regions: 2->2
[2025-01-08T20:02:37.407+0000][171427.773s][info][gc,heap     ] GC(5064) Humongous regions: 49->49
[2025-01-08T20:02:37.407+0000][171427.773s][info][gc,metaspace] GC(5064) Metaspace: 523513K(533760K)->523513K(533760K) NonClass: 459678K(465024K)->459678K(465024K) Class: 63835K(68736K)->63835K(68736K)
[2025-01-08T20:02:37.407+0000][171427.773s][info][gc          ] GC(5064) Pause Young (Normal) (G1 Evacuation Pause) 9632M->2310M(12288M) 22.466ms
[2025-01-08T20:02:37.407+0000][171427.773s][info][gc,cpu      ] GC(5064) User=0.13s Sys=0.01s Real=0.02s
[2025-01-08T20:02:44.880+0000][171435.246s][info][gc,start    ] GC(5065) Pause Young (Concurrent Start) (G1 Evacuation Pause)
[2025-01-08T20:02:44.880+0000][171435.246s][info][gc,task     ] GC(5065) Using 6 workers of 6 for evacuation
[2025-01-08T20:02:44.909+0000][171435.275s][info][gc,phases   ] GC(5065)   Pre Evacuate Collection Set: 1.1ms
[2025-01-08T20:02:44.909+0000][171435.275s][info][gc,phases   ] GC(5065)   Merge Heap Roots: 0.4ms
[2025-01-08T20:02:44.909+0000][171435.275s][info][gc,phases   ] GC(5065)   Evacuate Collection Set: 24.6ms
[2025-01-08T20:02:44.909+0000][171435.275s][info][gc,phases   ] GC(5065)   Post Evacuate Collection Set: 2.7ms
[2025-01-08T20:02:44.909+0000][171435.276s][info][gc,phases   ] GC(5065)   Other: 0.3ms
[2025-01-08T20:02:44.909+0000][171435.276s][info][gc,heap     ] GC(5065) Eden regions: 915->0(914)
[2025-01-08T20:02:44.909+0000][171435.276s][info][gc,heap     ] GC(5065) Survivor regions: 6->7(116)
[2025-01-08T20:02:44.909+0000][171435.276s][info][gc,heap     ] GC(5065) Old regions: 234->234
[2025-01-08T20:02:44.909+0000][171435.276s][info][gc,heap     ] GC(5065) Archive regions: 2->2
[2025-01-08T20:02:44.909+0000][171435.276s][info][gc,heap     ] GC(5065) Humongous regions: 49->49
[2025-01-08T20:02:44.909+0000][171435.276s][info][gc,metaspace] GC(5065) Metaspace: 523530K(533760K)->523530K(533760K) NonClass: 459691K(465024K)->459691K(465024K) Class: 63839K(68736K)->63839K(68736K)
[2025-01-08T20:02:44.909+0000][171435.276s][info][gc          ] GC(5065) Pause Young (Concurrent Start) (G1 Evacuation Pause) 9630M->2323M(12288M) 29.249ms
[2025-01-08T20:02:44.910+0000][171435.276s][info][gc,cpu      ] GC(5065) User=0.17s Sys=0.00s Real=0.04s
[2025-01-08T20:02:44.910+0000][171435.276s][info][gc          ] GC(5066) Concurrent Mark Cycle
[2025-01-08T20:02:44.910+0000][171435.276s][info][gc,marking  ] GC(5066) Concurrent Clear Claimed Marks
[2025-01-08T20:02:44.911+0000][171435.277s][info][gc,marking  ] GC(5066) Concurrent Clear Claimed Marks 0.923ms
[2025-01-08T20:02:44.911+0000][171435.277s][info][gc,marking  ] GC(5066) Concurrent Scan Root Regions
[2025-01-08T20:02:44.932+0000][171435.298s][info][gc,marking  ] GC(5066) Concurrent Scan Root Regions 21.283ms
[2025-01-08T20:02:44.932+0000][171435.298s][info][gc,marking  ] GC(5066) Concurrent Mark
[2025-01-08T20:02:44.932+0000][171435.298s][info][gc,marking  ] GC(5066) Concurrent Mark From Roots
[2025-01-08T20:02:44.932+0000][171435.298s][info][gc,task     ] GC(5066) Using 2 workers of 2 for marking
[2025-01-08T20:02:45.849+0000][171436.215s][info][gc,marking  ] GC(5066) Concurrent Mark From Roots 916.646ms
[2025-01-08T20:02:45.849+0000][171436.215s][info][gc,marking  ] GC(5066) Concurrent Preclean
[2025-01-08T20:02:45.851+0000][171436.217s][info][gc,marking  ] GC(5066) Concurrent Preclean 2.624ms
[2025-01-08T20:02:45.851+0000][171436.217s][info][gc,start    ] GC(5066) Pause Remark
[2025-01-08T20:02:45.876+0000][171436.242s][info][gc          ] GC(5066) Pause Remark 3315M->3315M(12288M) 25.021ms
[2025-01-08T20:02:45.876+0000][171436.242s][info][gc,cpu      ] GC(5066) User=0.13s Sys=0.00s Real=0.02s
[2025-01-08T20:02:45.877+0000][171436.243s][info][gc,marking  ] GC(5066) Concurrent Mark 944.658ms
[2025-01-08T20:02:45.877+0000][171436.243s][info][gc,marking  ] GC(5066) Concurrent Rebuild Remembered Sets
[2025-01-08T20:02:46.468+0000][171436.835s][info][gc,marking  ] GC(5066) Concurrent Rebuild Remembered Sets 591.869ms
[2025-01-08T20:02:46.469+0000][171436.835s][info][gc,start    ] GC(5066) Pause Cleanup
[2025-01-08T20:02:46.469+0000][171436.835s][info][gc          ] GC(5066) Pause Cleanup 4007M->4007M(12288M) 0.368ms
[2025-01-08T20:02:46.469+0000][171436.835s][info][gc,cpu      ] GC(5066) User=0.00s Sys=0.00s Real=0.00s
[2025-01-08T20:02:46.469+0000][171436.835s][info][gc,marking  ] GC(5066) Concurrent Cleanup for Next Mark
[2025-01-08T20:02:46.485+0000][171436.851s][info][gc,marking  ] GC(5066) Concurrent Cleanup for Next Mark 15.803ms
[2025-01-08T20:02:46.485+0000][171436.851s][info][gc          ] GC(5066) Concurrent Mark Cycle 1575.326ms
[2025-01-08T20:02:56.208+0000][171446.574s][info][gc,start    ] GC(5067) Pause Young (Prepare Mixed) (G1 Evacuation Pause)
[2025-01-08T20:02:56.208+0000][171446.574s][info][gc,task     ] GC(5067) Using 6 workers of 6 for evacuation
[2025-01-08T20:02:56.243+0000][171446.609s][info][gc,phases   ] GC(5067)   Pre Evacuate Collection Set: 0.2ms
[2025-01-08T20:02:56.243+0000][171446.609s][info][gc,phases   ] GC(5067)   Merge Heap Roots: 0.6ms
[2025-01-08T20:02:56.243+0000][171446.609s][info][gc,phases   ] GC(5067)   Evacuate Collection Set: 30.7ms
[2025-01-08T20:02:56.243+0000][171446.609s][info][gc,phases   ] GC(5067)   Post Evacuate Collection Set: 2.8ms
[2025-01-08T20:02:56.243+0000][171446.609s][info][gc,phases   ] GC(5067)   Other: 0.2ms
[2025-01-08T20:02:56.243+0000][171446.609s][info][gc,heap     ] GC(5067) Eden regions: 914->0(67)
[2025-01-08T20:02:56.243+0000][171446.609s][info][gc,heap     ] GC(5067) Survivor regions: 7->9(116)
[2025-01-08T20:02:56.243+0000][171446.609s][info][gc,heap     ] GC(5067) Old regions: 234->234
[2025-01-08T20:02:56.243+0000][171446.609s][info][gc,heap     ] GC(5067) Archive regions: 2->2
[2025-01-08T20:02:56.243+0000][171446.609s][info][gc,heap     ] GC(5067) Humongous regions: 49->49
[2025-01-08T20:02:56.243+0000][171446.609s][info][gc,metaspace] GC(5067) Metaspace: 523533K(533760K)->523533K(533760K) NonClass: 459693K(465024K)->459693K(465024K) Class: 63839K(68736K)->63839K(68736K)
[2025-01-08T20:02:56.243+0000][171446.609s][info][gc          ] GC(5067) Pause Young (Prepare Mixed) (G1 Evacuation Pause) 9635M->2339M(12288M) 34.601ms
[2025-01-08T20:02:56.243+0000][171446.609s][info][gc,cpu      ] GC(5067) User=0.21s Sys=0.00s Real=0.04s
[2025-01-08T20:02:56.835+0000][171447.201s][info][gc,start    ] GC(5068) Pause Young (Mixed) (G1 Evacuation Pause)
[2025-01-08T20:02:56.835+0000][171447.201s][info][gc,task     ] GC(5068) Using 6 workers of 6 for evacuation
[2025-01-08T20:02:56.893+0000][171447.259s][info][gc,phases   ] GC(5068)   Pre Evacuate Collection Set: 0.2ms
[2025-01-08T20:02:56.893+0000][171447.259s][info][gc,phases   ] GC(5068)   Merge Heap Roots: 0.5ms
[2025-01-08T20:02:56.893+0000][171447.259s][info][gc,phases   ] GC(5068)   Evacuate Collection Set: 55.1ms
[2025-01-08T20:02:56.893+0000][171447.259s][info][gc,phases   ] GC(5068)   Post Evacuate Collection Set: 1.8ms
[2025-01-08T20:02:56.893+0000][171447.259s][info][gc,phases   ] GC(5068)   Other: 0.2ms
[2025-01-08T20:02:56.893+0000][171447.259s][info][gc,heap     ] GC(5068) Eden regions: 67->0(915)
[2025-01-08T20:02:56.893+0000][171447.259s][info][gc,heap     ] GC(5068) Survivor regions: 9->6(10)
[2025-01-08T20:02:56.893+0000][171447.259s][info][gc,heap     ] GC(5068) Old regions: 234->234
[2025-01-08T20:02:56.893+0000][171447.259s][info][gc,heap     ] GC(5068) Archive regions: 2->2
[2025-01-08T20:02:56.893+0000][171447.259s][info][gc,heap     ] GC(5068) Humongous regions: 49->49
[2025-01-08T20:02:56.893+0000][171447.259s][info][gc,metaspace] GC(5068) Metaspace: 523533K(533760K)->523533K(533760K) NonClass: 459693K(465024K)->459693K(465024K) Class: 63839K(68736K)->63839K(68736K)
[2025-01-08T20:02:56.893+0000][171447.259s][info][gc          ] GC(5068) Pause Young (Mixed) (G1 Evacuation Pause) 2875M->2314M(12288M) 57.921ms
[2025-01-08T20:02:56.893+0000][171447.259s][info][gc,cpu      ] GC(5068) User=0.34s Sys=0.00s Real=0.06s
[2025-01-08T20:03:02.715+0000][171453.081s][info][gc,start    ] GC(5069) Pause Young (Normal) (G1 Evacuation Pause)
[2025-01-08T20:03:02.715+0000][171453.081s][info][gc,task     ] GC(5069) Using 6 workers of 6 for evacuation
[2025-01-08T20:03:02.742+0000][171453.108s][info][gc,phases   ] GC(5069)   Pre Evacuate Collection Set: 0.2ms
[2025-01-08T20:03:02.742+0000][171453.108s][info][gc,phases   ] GC(5069)   Merge Heap Roots: 0.4ms
[2025-01-08T20:03:02.742+0000][171453.109s][info][gc,phases   ] GC(5069)   Evacuate Collection Set: 21.7ms
[2025-01-08T20:03:02.742+0000][171453.109s][info][gc,phases   ] GC(5069)   Post Evacuate Collection Set: 5.2ms
[2025-01-08T20:03:02.742+0000][171453.109s][info][gc,phases   ] GC(5069)   Other: 0.2ms
[2025-01-08T20:03:02.742+0000][171453.109s][info][gc,heap     ] GC(5069) Eden regions: 915->0(913)
[2025-01-08T20:03:02.742+0000][171453.109s][info][gc,heap     ] GC(5069) Survivor regions: 6->8(116)
[2025-01-08T20:03:02.742+0000][171453.109s][info][gc,heap     ] GC(5069) Old regions: 234->234
[2025-01-08T20:03:02.742+0000][171453.109s][info][gc,heap     ] GC(5069) Archive regions: 2->2
[2025-01-08T20:03:02.742+0000][171453.109s][info][gc,heap     ] GC(5069) Humongous regions: 49->49
[2025-01-08T20:03:02.742+0000][171453.109s][info][gc,metaspace] GC(5069) Metaspace: 523534K(533760K)->523534K(533760K) NonClass: 459695K(465024K)->459695K(465024K) Class: 63839K(68736K)->63839K(68736K)
[2025-01-08T20:03:02.742+0000][171453.109s][info][gc          ] GC(5069) Pause Young (Normal) (G1 Evacuation Pause) 9634M->2328M(12288M) 27.788ms
[2025-01-08T20:03:02.743+0000][171453.109s][info][gc,cpu      ] GC(5069) User=0.14s Sys=0.02s Real=0.03s
[2025-01-08T20:03:07.137+0000][171457.503s][info][gc,start    ] GC(5070) Pause Young (Normal) (G1 Evacuation Pause)
[2025-01-08T20:03:07.137+0000][171457.503s][info][gc,task     ] GC(5070) Using 6 workers of 6 for evacuation
[2025-01-08T20:03:07.163+0000][171457.529s][info][gc,phases   ] GC(5070)   Pre Evacuate Collection Set: 0.2ms
[2025-01-08T20:03:07.163+0000][171457.529s][info][gc,phases   ] GC(5070)   Merge Heap Roots: 0.4ms
[2025-01-08T20:03:07.163+0000][171457.529s][info][gc,phases   ] GC(5070)   Evacuate Collection Set: 22.4ms
[2025-01-08T20:03:07.163+0000][171457.529s][info][gc,phases   ] GC(5070)   Post Evacuate Collection Set: 2.4ms
[2025-01-08T20:03:07.163+0000][171457.529s][info][gc,phases   ] GC(5070)   Other: 0.2ms
[2025-01-08T20:03:07.163+0000][171457.529s][info][gc,heap     ] GC(5070) Eden regions: 913->0(913)
[2025-01-08T20:03:07.163+0000][171457.529s][info][gc,heap     ] GC(5070) Survivor regions: 8->8(116)
[2025-01-08T20:03:07.163+0000][171457.529s][info][gc,heap     ] GC(5070) Old regions: 234->234
[2025-01-08T20:03:07.163+0000][171457.529s][info][gc,heap     ] GC(5070) Archive regions: 2->2
[2025-01-08T20:03:07.163+0000][171457.529s][info][gc,heap     ] GC(5070) Humongous regions: 49->49
[2025-01-08T20:03:07.163+0000][171457.529s][info][gc,metaspace] GC(5070) Metaspace: 523535K(533760K)->523535K(533760K) NonClass: 459696K(465024K)->459696K(465024K) Class: 63839K(68736K)->63839K(68736K)
[2025-01-08T20:03:07.163+0000][171457.529s][info][gc          ] GC(5070) Pause Young (Normal) (G1 Evacuation Pause) 9632M->2325M(12288M) 25.731ms
[2025-01-08T20:03:07.163+0000][171457.529s][info][gc,cpu      ] GC(5070) User=0.14s Sys=0.00s Real=0.03s
[2025-01-08T20:03:17.052+0000][171467.418s][info][gc,start    ] GC(5071) Pause Young (Concurrent Start) (G1 Evacuation Pause)
[2025-01-08T20:03:17.052+0000][171467.418s][info][gc,task     ] GC(5071) Using 6 workers of 6 for evacuation
[2025-01-08T20:03:17.086+0000][171467.452s][info][gc,phases   ] GC(5071)   Pre Evacuate Collection Set: 1.1ms
[2025-01-08T20:03:17.086+0000][171467.452s][info][gc,phases   ] GC(5071)   Merge Heap Roots: 0.5ms
[2025-01-08T20:03:17.086+0000][171467.452s][info][gc,phases   ] GC(5071)   Evacuate Collection Set: 28.4ms
[2025-01-08T20:03:17.086+0000][171467.452s][info][gc,phases   ] GC(5071)   Post Evacuate Collection Set: 4.0ms
[2025-01-08T20:03:17.086+0000][171467.452s][info][gc,phases   ] GC(5071)   Other: 0.3ms
[2025-01-08T20:03:17.086+0000][171467.452s][info][gc,heap     ] GC(5071) Eden regions: 913->0(911)
[2025-01-08T20:03:17.086+0000][171467.452s][info][gc,heap     ] GC(5071) Survivor regions: 8->10(116)
[2025-01-08T20:03:17.086+0000][171467.452s][info][gc,heap     ] GC(5071) Old regions: 234->234
[2025-01-08T20:03:17.086+0000][171467.452s][info][gc,heap     ] GC(5071) Archive regions: 2->2
[2025-01-08T20:03:17.086+0000][171467.452s][info][gc,heap     ] GC(5071) Humongous regions: 49->49
[2025-01-08T20:03:17.086+0000][171467.452s][info][gc,metaspace] GC(5071) Metaspace: 523546K(533760K)->523546K(533760K) NonClass: 459706K(465024K)->459706K(465024K) Class: 63840K(68736K)->63840K(68736K)
[2025-01-08T20:03:17.086+0000][171467.452s][info][gc          ] GC(5071) Pause Young (Concurrent Start) (G1 Evacuation Pause) 9629M->2341M(12288M) 34.399ms
[2025-01-08T20:03:17.086+0000][171467.452s][info][gc,cpu      ] GC(5071) User=0.20s Sys=0.00s Real=0.03s
[2025-01-08T20:03:17.086+0000][171467.452s][info][gc          ] GC(5072) Concurrent Mark Cycle
[2025-01-08T20:03:17.086+0000][171467.452s][info][gc,marking  ] GC(5072) Concurrent Clear Claimed Marks
[2025-01-08T20:03:17.087+0000][171467.453s][info][gc,marking  ] GC(5072) Concurrent Clear Claimed Marks 0.903ms
[2025-01-08T20:03:17.087+0000][171467.453s][info][gc,marking  ] GC(5072) Concurrent Scan Root Regions
[2025-01-08T20:03:17.108+0000][171467.474s][info][gc,marking  ] GC(5072) Concurrent Scan Root Regions 21.099ms
[2025-01-08T20:03:17.108+0000][171467.475s][info][gc,marking  ] GC(5072) Concurrent Mark
[2025-01-08T20:03:17.108+0000][171467.475s][info][gc,marking  ] GC(5072) Concurrent Mark From Roots
[2025-01-08T20:03:17.108+0000][171467.475s][info][gc,task     ] GC(5072) Using 2 workers of 2 for marking
[2025-01-08T20:03:17.914+0000][171468.280s][info][gc,marking  ] GC(5072) Concurrent Mark From Roots 805.562ms
[2025-01-08T20:03:17.914+0000][171468.280s][info][gc,marking  ] GC(5072) Concurrent Preclean
[2025-01-08T20:03:17.917+0000][171468.283s][info][gc,marking  ] GC(5072) Concurrent Preclean 2.702ms
[2025-01-08T20:03:17.917+0000][171468.283s][info][gc,start    ] GC(5072) Pause Remark
[2025-01-08T20:03:17.942+0000][171468.308s][info][gc          ] GC(5072) Pause Remark 2709M->2709M(12288M) 24.901ms
[2025-01-08T20:03:17.942+0000][171468.308s][info][gc,cpu      ] GC(5072) User=0.15s Sys=0.00s Real=0.03s
[2025-01-08T20:03:17.942+0000][171468.308s][info][gc,marking  ] GC(5072) Concurrent Mark 833.496ms
[2025-01-08T20:03:17.942+0000][171468.308s][info][gc,marking  ] GC(5072) Concurrent Rebuild Remembered Sets
[2025-01-08T20:03:18.528+0000][171468.894s][info][gc,marking  ] GC(5072) Concurrent Rebuild Remembered Sets 586.222ms
[2025-01-08T20:03:18.528+0000][171468.894s][info][gc,start    ] GC(5072) Pause Cleanup
[2025-01-08T20:03:18.529+0000][171468.895s][info][gc          ] GC(5072) Pause Cleanup 3091M->3091M(12288M) 0.439ms
[2025-01-08T20:03:18.529+0000][171468.895s][info][gc,cpu      ] GC(5072) User=0.00s Sys=0.00s Real=0.00s
[2025-01-08T20:03:18.529+0000][171468.895s][info][gc,marking  ] GC(5072) Concurrent Cleanup for Next Mark
[2025-01-08T20:03:18.544+0000][171468.910s][info][gc,marking  ] GC(5072) Concurrent Cleanup for Next Mark 15.327ms
[2025-01-08T20:03:18.544+0000][171468.910s][info][gc          ] GC(5072) Concurrent Mark Cycle 1457.842ms
[2025-01-08T20:03:27.501+0000][171477.867s][info][gc,start    ] GC(5073) Pause Young (Prepare Mixed) (G1 Evacuation Pause)
[2025-01-08T20:03:27.501+0000][171477.867s][info][gc,task     ] GC(5073) Using 6 workers of 6 for evacuation
[2025-01-08T20:03:27.538+0000][171477.904s][info][gc,phases   ] GC(5073)   Pre Evacuate Collection Set: 0.2ms
[2025-01-08T20:03:27.538+0000][171477.904s][info][gc,phases   ] GC(5073)   Merge Heap Roots: 0.7ms
[2025-01-08T20:03:27.538+0000][171477.904s][info][gc,phases   ] GC(5073)   Evacuate Collection Set: 33.5ms
[2025-01-08T20:03:27.538+0000][171477.904s][info][gc,phases   ] GC(5073)   Post Evacuate Collection Set: 2.7ms
[2025-01-08T20:03:27.538+0000][171477.904s][info][gc,phases   ] GC(5073)   Other: 0.2ms
[2025-01-08T20:03:27.538+0000][171477.904s][info][gc,heap     ] GC(5073) Eden regions: 911->0(65)
[2025-01-08T20:03:27.538+0000][171477.904s][info][gc,heap     ] GC(5073) Survivor regions: 10->11(116)
[2025-01-08T20:03:27.538+0000][171477.904s][info][gc,heap     ] GC(5073) Old regions: 234->234
[2025-01-08T20:03:27.538+0000][171477.904s][info][gc,heap     ] GC(5073) Archive regions: 2->2
[2025-01-08T20:03:27.538+0000][171477.904s][info][gc,heap     ] GC(5073) Humongous regions: 49->49
[2025-01-08T20:03:27.538+0000][171477.904s][info][gc,metaspace] GC(5073) Metaspace: 523550K(533760K)->523550K(533760K) NonClass: 459708K(465024K)->459708K(465024K) Class: 63841K(68736K)->63841K(68736K)
[2025-01-08T20:03:27.538+0000][171477.904s][info][gc          ] GC(5073) Pause Young (Prepare Mixed) (G1 Evacuation Pause) 9629M->2350M(12288M) 37.396ms
[2025-01-08T20:03:27.538+0000][171477.904s][info][gc,cpu      ] GC(5073) User=0.22s Sys=0.00s Real=0.04s
[2025-01-08T20:03:27.952+0000][171478.318s][info][gc,start    ] GC(5074) Pause Young (Mixed) (G1 Evacuation Pause)
[2025-01-08T20:03:27.952+0000][171478.318s][info][gc,task     ] GC(5074) Using 6 workers of 6 for evacuation
[2025-01-08T20:03:27.996+0000][171478.362s][info][gc,phases   ] GC(5074)   Pre Evacuate Collection Set: 0.2ms
[2025-01-08T20:03:27.996+0000][171478.362s][info][gc,phases   ] GC(5074)   Merge Heap Roots: 0.4ms
[2025-01-08T20:03:27.996+0000][171478.362s][info][gc,phases   ] GC(5074)   Evacuate Collection Set: 41.7ms
[2025-01-08T20:03:27.996+0000][171478.362s][info][gc,phases   ] GC(5074)   Post Evacuate Collection Set: 1.7ms
[2025-01-08T20:03:27.996+0000][171478.362s][info][gc,phases   ] GC(5074)   Other: 0.2ms
[2025-01-08T20:03:27.996+0000][171478.362s][info][gc,heap     ] GC(5074) Eden regions: 65->0(915)
[2025-01-08T20:03:27.996+0000][171478.362s][info][gc,heap     ] GC(5074) Survivor regions: 11->6(10)
[2025-01-08T20:03:27.996+0000][171478.362s][info][gc,heap     ] GC(5074) Old regions: 234->231
[2025-01-08T20:03:27.996+0000][171478.362s][info][gc,heap     ] GC(5074) Archive regions: 2->2
[2025-01-08T20:03:27.996+0000][171478.362s][info][gc,heap     ] GC(5074) Humongous regions: 49->49
[2025-01-08T20:03:27.996+0000][171478.362s][info][gc,metaspace] GC(5074) Metaspace: 523550K(533760K)->523550K(533760K) NonClass: 459708K(465024K)->459708K(465024K) Class: 63841K(68736K)->63841K(68736K)
[2025-01-08T20:03:27.996+0000][171478.362s][info][gc          ] GC(5074) Pause Young (Mixed) (G1 Evacuation Pause) 2870M->2293M(12288M) 44.233ms
[2025-01-08T20:03:27.996+0000][171478.362s][info][gc,cpu      ] GC(5074) User=0.26s Sys=0.00s Real=0.04s
[2025-01-08T20:03:36.125+0000][171486.491s][info][gc,start    ] GC(5075) Pause Young (Normal) (GCLocker Initiated GC)
[2025-01-08T20:03:36.125+0000][171486.491s][info][gc,task     ] GC(5075) Using 6 workers of 6 for evacuation
[2025-01-08T20:03:36.154+0000][171486.520s][info][gc,phases   ] GC(5075)   Pre Evacuate Collection Set: 0.2ms
[2025-01-08T20:03:36.154+0000][171486.520s][info][gc,phases   ] GC(5075)   Merge Heap Roots: 0.4ms
[2025-01-08T20:03:36.154+0000][171486.520s][info][gc,phases   ] GC(5075)   Evacuate Collection Set: 25.1ms
[2025-01-08T20:03:36.154+0000][171486.520s][info][gc,phases   ] GC(5075)   Post Evacuate Collection Set: 2.5ms
[2025-01-08T20:03:36.154+0000][171486.520s][info][gc,phases   ] GC(5075)   Other: 0.2ms
[2025-01-08T20:03:36.154+0000][171486.520s][info][gc,heap     ] GC(5075) Eden regions: 915->0(913)
[2025-01-08T20:03:36.154+0000][171486.520s][info][gc,heap     ] GC(5075) Survivor regions: 6->8(116)
[2025-01-08T20:03:36.154+0000][171486.520s][info][gc,heap     ] GC(5075) Old regions: 231->231
[2025-01-08T20:03:36.154+0000][171486.520s][info][gc,heap     ] GC(5075) Archive regions: 2->2
[2025-01-08T20:03:36.154+0000][171486.520s][info][gc,heap     ] GC(5075) Humongous regions: 49->49
[2025-01-08T20:03:36.154+0000][171486.520s][info][gc,metaspace] GC(5075) Metaspace: 523552K(533760K)->523552K(533760K) NonClass: 459710K(465024K)->459710K(465024K) Class: 63841K(68736K)->63841K(68736K)
[2025-01-08T20:03:36.154+0000][171486.520s][info][gc          ] GC(5075) Pause Young (Normal) (GCLocker Initiated GC) 9613M->2307M(12288M) 28.532ms
[2025-01-08T20:03:36.154+0000][171486.520s][info][gc,cpu      ] GC(5075) User=0.17s Sys=0.00s Real=0.03s
[2025-01-08T20:03:43.061+0000][171493.427s][info][gc,start    ] GC(5076) Pause Young (Concurrent Start) (G1 Humongous Allocation)
[2025-01-08T20:03:43.061+0000][171493.427s][info][gc,task     ] GC(5076) Using 6 workers of 6 for evacuation
[2025-01-08T20:03:43.091+0000][171493.457s][info][gc,phases   ] GC(5076)   Pre Evacuate Collection Set: 1.1ms
[2025-01-08T20:03:43.091+0000][171493.457s][info][gc,phases   ] GC(5076)   Merge Heap Roots: 0.4ms
[2025-01-08T20:03:43.091+0000][171493.457s][info][gc,phases   ] GC(5076)   Evacuate Collection Set: 25.3ms
[2025-01-08T20:03:43.091+0000][171493.457s][info][gc,phases   ] GC(5076)   Post Evacuate Collection Set: 2.5ms
[2025-01-08T20:03:43.091+0000][171493.457s][info][gc,phases   ] GC(5076)   Other: 0.3ms
[2025-01-08T20:03:43.091+0000][171493.457s][info][gc,heap     ] GC(5076) Eden regions: 839->0(912)
[2025-01-08T20:03:43.091+0000][171493.457s][info][gc,heap     ] GC(5076) Survivor regions: 8->9(116)
[2025-01-08T20:03:43.091+0000][171493.457s][info][gc,heap     ] GC(5076) Old regions: 231->231
[2025-01-08T20:03:43.091+0000][171493.457s][info][gc,heap     ] GC(5076) Archive regions: 2->2
[2025-01-08T20:03:43.091+0000][171493.457s][info][gc,heap     ] GC(5076) Humongous regions: 49->49
[2025-01-08T20:03:43.091+0000][171493.457s][info][gc,metaspace] GC(5076) Metaspace: 523552K(533760K)->523552K(533760K) NonClass: 459710K(465024K)->459710K(465024K) Class: 63841K(68736K)->63841K(68736K)
[2025-01-08T20:03:43.091+0000][171493.457s][info][gc          ] GC(5076) Pause Young (Concurrent Start) (G1 Humongous Allocation) 9015M->2312M(12288M) 29.805ms
[2025-01-08T20:03:43.091+0000][171493.457s][info][gc,cpu      ] GC(5076) User=0.17s Sys=0.00s Real=0.04s
[2025-01-08T20:03:43.091+0000][171493.457s][info][gc          ] GC(5077) Concurrent Mark Cycle
[2025-01-08T20:03:43.091+0000][171493.457s][info][gc,marking  ] GC(5077) Concurrent Clear Claimed Marks
[2025-01-08T20:03:43.092+0000][171493.458s][info][gc,marking  ] GC(5077) Concurrent Clear Claimed Marks 0.944ms
[2025-01-08T20:03:43.092+0000][171493.458s][info][gc,marking  ] GC(5077) Concurrent Scan Root Regions
[2025-01-08T20:03:43.115+0000][171493.481s][info][gc,marking  ] GC(5077) Concurrent Scan Root Regions 23.182ms
[2025-01-08T20:03:43.115+0000][171493.481s][info][gc,marking  ] GC(5077) Concurrent Mark
[2025-01-08T20:03:43.115+0000][171493.481s][info][gc,marking  ] GC(5077) Concurrent Mark From Roots
[2025-01-08T20:03:43.115+0000][171493.481s][info][gc,task     ] GC(5077) Using 2 workers of 2 for marking
[2025-01-08T20:03:43.890+0000][171494.256s][info][gc,marking  ] GC(5077) Concurrent Mark From Roots 774.671ms
[2025-01-08T20:03:43.890+0000][171494.256s][info][gc,marking  ] GC(5077) Concurrent Preclean
[2025-01-08T20:03:43.892+0000][171494.259s][info][gc,marking  ] GC(5077) Concurrent Preclean 2.477ms
[2025-01-08T20:03:43.893+0000][171494.259s][info][gc,start    ] GC(5077) Pause Remark
[2025-01-08T20:03:43.918+0000][171494.284s][info][gc          ] GC(5077) Pause Remark 2974M->2974M(12288M) 25.170ms
[2025-01-08T20:03:43.918+0000][171494.284s][info][gc,cpu      ] GC(5077) User=0.14s Sys=0.01s Real=0.02s
[2025-01-08T20:03:43.918+0000][171494.284s][info][gc,marking  ] GC(5077) Concurrent Mark 802.665ms
[2025-01-08T20:03:43.918+0000][171494.284s][info][gc,marking  ] GC(5077) Concurrent Rebuild Remembered Sets
[2025-01-08T20:03:44.408+0000][171494.774s][info][gc,marking  ] GC(5077) Concurrent Rebuild Remembered Sets 490.101ms
[2025-01-08T20:03:44.408+0000][171494.774s][info][gc,start    ] GC(5077) Pause Cleanup
[2025-01-08T20:03:44.409+0000][171494.775s][info][gc          ] GC(5077) Pause Cleanup 3424M->3424M(12288M) 0.412ms
[2025-01-08T20:03:44.409+0000][171494.775s][info][gc,cpu      ] GC(5077) User=0.00s Sys=0.00s Real=0.00s
[2025-01-08T20:03:44.409+0000][171494.775s][info][gc,marking  ] GC(5077) Concurrent Cleanup for Next Mark
[2025-01-08T20:03:44.424+0000][171494.790s][info][gc,marking  ] GC(5077) Concurrent Cleanup for Next Mark 15.396ms
[2025-01-08T20:03:44.424+0000][171494.790s][info][gc          ] GC(5077) Concurrent Mark Cycle 1333.086ms
[2025-01-08T20:03:52.701+0000][171503.067s][info][gc,start    ] GC(5078) Pause Young (Prepare Mixed) (G1 Evacuation Pause)
[2025-01-08T20:03:52.701+0000][171503.067s][info][gc,task     ] GC(5078) Using 6 workers of 6 for evacuation
[2025-01-08T20:03:52.735+0000][171503.101s][info][gc,phases   ] GC(5078)   Pre Evacuate Collection Set: 0.2ms
[2025-01-08T20:03:52.735+0000][171503.101s][info][gc,phases   ] GC(5078)   Merge Heap Roots: 0.7ms
[2025-01-08T20:03:52.735+0000][171503.101s][info][gc,phases   ] GC(5078)   Evacuate Collection Set: 30.6ms
[2025-01-08T20:03:52.735+0000][171503.101s][info][gc,phases   ] GC(5078)   Post Evacuate Collection Set: 2.7ms
[2025-01-08T20:03:52.735+0000][171503.101s][info][gc,phases   ] GC(5078)   Other: 0.2ms
[2025-01-08T20:03:52.735+0000][171503.101s][info][gc,heap     ] GC(5078) Eden regions: 912->0(66)
[2025-01-08T20:03:52.735+0000][171503.101s][info][gc,heap     ] GC(5078) Survivor regions: 9->10(116)
[2025-01-08T20:03:52.735+0000][171503.101s][info][gc,heap     ] GC(5078) Old regions: 231->231
[2025-01-08T20:03:52.735+0000][171503.101s][info][gc,heap     ] GC(5078) Archive regions: 2->2
[2025-01-08T20:03:52.735+0000][171503.101s][info][gc,heap     ] GC(5078) Humongous regions: 53->53
[2025-01-08T20:03:52.735+0000][171503.101s][info][gc,metaspace] GC(5078) Metaspace: 523552K(533760K)->523552K(533760K) NonClass: 459710K(465024K)->459710K(465024K) Class: 63841K(68736K)->63841K(68736K)
[2025-01-08T20:03:52.735+0000][171503.101s][info][gc          ] GC(5078) Pause Young (Prepare Mixed) (G1 Evacuation Pause) 9640M->2358M(12288M) 34.497ms
[2025-01-08T20:03:52.735+0000][171503.101s][info][gc,cpu      ] GC(5078) User=0.21s Sys=0.00s Real=0.04s
[2025-01-08T20:03:53.493+0000][171503.859s][info][gc,start    ] GC(5079) Pause Young (Mixed) (G1 Evacuation Pause)
[2025-01-08T20:03:53.493+0000][171503.859s][info][gc,task     ] GC(5079) Using 6 workers of 6 for evacuation
[2025-01-08T20:03:53.547+0000][171503.913s][info][gc,phases   ] GC(5079)   Pre Evacuate Collection Set: 0.2ms
[2025-01-08T20:03:53.547+0000][171503.913s][info][gc,phases   ] GC(5079)   Merge Heap Roots: 0.6ms
[2025-01-08T20:03:53.547+0000][171503.913s][info][gc,phases   ] GC(5079)   Evacuate Collection Set: 51.7ms
[2025-01-08T20:03:53.547+0000][171503.913s][info][gc,phases   ] GC(5079)   Post Evacuate Collection Set: 1.7ms
[2025-01-08T20:03:53.547+0000][171503.913s][info][gc,phases   ] GC(5079)   Other: 0.2ms
[2025-01-08T20:03:53.547+0000][171503.913s][info][gc,heap     ] GC(5079) Eden regions: 66->0(916)
[2025-01-08T20:03:53.547+0000][171503.913s][info][gc,heap     ] GC(5079) Survivor regions: 10->5(10)
[2025-01-08T20:03:53.547+0000][171503.913s][info][gc,heap     ] GC(5079) Old regions: 231->231
[2025-01-08T20:03:53.547+0000][171503.913s][info][gc,heap     ] GC(5079) Archive regions: 2->2
[2025-01-08T20:03:53.547+0000][171503.913s][info][gc,heap     ] GC(5079) Humongous regions: 53->53
[2025-01-08T20:03:53.547+0000][171503.913s][info][gc,metaspace] GC(5079) Metaspace: 523552K(533760K)->523552K(533760K) NonClass: 459711K(465024K)->459711K(465024K) Class: 63841K(68736K)->63841K(68736K)
[2025-01-08T20:03:53.547+0000][171503.913s][info][gc          ] GC(5079) Pause Young (Mixed) (G1 Evacuation Pause) 2886M->2314M(12288M) 54.376ms
[2025-01-08T20:03:53.547+0000][171503.913s][info][gc,cpu      ] GC(5079) User=0.31s Sys=0.01s Real=0.05s
[2025-01-08T20:04:02.112+0000][171512.478s][info][gc,start    ] GC(5080) Pause Young (Normal) (G1 Evacuation Pause)
[2025-01-08T20:04:02.112+0000][171512.478s][info][gc,task     ] GC(5080) Using 6 workers of 6 for evacuation
[2025-01-08T20:04:02.142+0000][171512.508s][info][gc,phases   ] GC(5080)   Pre Evacuate Collection Set: 0.2ms
[2025-01-08T20:04:02.142+0000][171512.508s][info][gc,phases   ] GC(5080)   Merge Heap Roots: 0.4ms
[2025-01-08T20:04:02.142+0000][171512.508s][info][gc,phases   ] GC(5080)   Evacuate Collection Set: 23.9ms
[2025-01-08T20:04:02.142+0000][171512.508s][info][gc,phases   ] GC(5080)   Post Evacuate Collection Set: 5.3ms
[2025-01-08T20:04:02.142+0000][171512.508s][info][gc,phases   ] GC(5080)   Other: 0.2ms
[2025-01-08T20:04:02.142+0000][171512.508s][info][gc,heap     ] GC(5080) Eden regions: 916->0(913)
[2025-01-08T20:04:02.142+0000][171512.508s][info][gc,heap     ] GC(5080) Survivor regions: 5->8(116)
[2025-01-08T20:04:02.142+0000][171512.508s][info][gc,heap     ] GC(5080) Old regions: 231->231
[2025-01-08T20:04:02.142+0000][171512.508s][info][gc,heap     ] GC(5080) Archive regions: 2->2
[2025-01-08T20:04:02.142+0000][171512.508s][info][gc,heap     ] GC(5080) Humongous regions: 53->53
[2025-01-08T20:04:02.142+0000][171512.508s][info][gc,metaspace] GC(5080) Metaspace: 523558K(533760K)->523558K(533760K) NonClass: 459717K(465024K)->459717K(465024K) Class: 63841K(68736K)->63841K(68736K)
[2025-01-08T20:04:02.142+0000][171512.508s][info][gc          ] GC(5080) Pause Young (Normal) (G1 Evacuation Pause) 9642M->2337M(12288M) 30.106ms
[2025-01-08T20:04:02.142+0000][171512.508s][info][gc,cpu      ] GC(5080) User=0.18s Sys=0.01s Real=0.03s
[2025-01-08T20:04:09.624+0000][171519.990s][info][gc,start    ] GC(5081) Pause Young (Normal) (G1 Evacuation Pause)
[2025-01-08T20:04:09.624+0000][171519.990s][info][gc,task     ] GC(5081) Using 6 workers of 6 for evacuation
[2025-01-08T20:04:09.652+0000][171520.018s][info][gc,phases   ] GC(5081)   Pre Evacuate Collection Set: 0.2ms
[2025-01-08T20:04:09.652+0000][171520.019s][info][gc,phases   ] GC(5081)   Merge Heap Roots: 0.4ms
[2025-01-08T20:04:09.652+0000][171520.019s][info][gc,phases   ] GC(5081)   Evacuate Collection Set: 23.7ms
[2025-01-08T20:04:09.652+0000][171520.019s][info][gc,phases   ] GC(5081)   Post Evacuate Collection Set: 3.9ms
[2025-01-08T20:04:09.652+0000][171520.019s][info][gc,phases   ] GC(5081)   Other: 0.2ms
[2025-01-08T20:04:09.652+0000][171520.019s][info][gc,heap     ] GC(5081) Eden regions: 913->0(913)
[2025-01-08T20:04:09.652+0000][171520.019s][info][gc,heap     ] GC(5081) Survivor regions: 8->8(116)
[2025-01-08T20:04:09.652+0000][171520.019s][info][gc,heap     ] GC(5081) Old regions: 231->231
[2025-01-08T20:04:09.652+0000][171520.019s][info][gc,heap     ] GC(5081) Archive regions: 2->2
[2025-01-08T20:04:09.652+0000][171520.019s][info][gc,heap     ] GC(5081) Humongous regions: 53->53
[2025-01-08T20:04:09.652+0000][171520.019s][info][gc,metaspace] GC(5081) Metaspace: 523559K(533760K)->523559K(533760K) NonClass: 459717K(465024K)->459717K(465024K) Class: 63841K(68736K)->63841K(68736K)
[2025-01-08T20:04:09.652+0000][171520.019s][info][gc          ] GC(5081) Pause Young (Normal) (G1 Evacuation Pause) 9641M->2338M(12288M) 28.483ms
[2025-01-08T20:04:09.653+0000][171520.019s][info][gc,cpu      ] GC(5081) User=0.17s Sys=0.00s Real=0.03s
[2025-01-08T20:04:17.783+0000][171528.149s][info][gc,start    ] GC(5082) Pause Young (Concurrent Start) (G1 Evacuation Pause)
[2025-01-08T20:04:17.783+0000][171528.149s][info][gc,task     ] GC(5082) Using 6 workers of 6 for evacuation
[2025-01-08T20:04:17.818+0000][171528.184s][info][gc,phases   ] GC(5082)   Pre Evacuate Collection Set: 1.1ms
[2025-01-08T20:04:17.818+0000][171528.185s][info][gc,phases   ] GC(5082)   Merge Heap Roots: 0.5ms
[2025-01-08T20:04:17.818+0000][171528.185s][info][gc,phases   ] GC(5082)   Evacuate Collection Set: 30.8ms
[2025-01-08T20:04:17.818+0000][171528.185s][info][gc,phases   ] GC(5082)   Post Evacuate Collection Set: 2.6ms
[2025-01-08T20:04:17.818+0000][171528.185s][info][gc,phases   ] GC(5082)   Other: 0.3ms
[2025-01-08T20:04:17.818+0000][171528.185s][info][gc,heap     ] GC(5082) Eden regions: 913->0(913)
[2025-01-08T20:04:17.818+0000][171528.185s][info][gc,heap     ] GC(5082) Survivor regions: 8->8(116)
[2025-01-08T20:04:17.818+0000][171528.185s][info][gc,heap     ] GC(5082) Old regions: 231->231
[2025-01-08T20:04:17.818+0000][171528.185s][info][gc,heap     ] GC(5082) Archive regions: 2->2
[2025-01-08T20:04:17.818+0000][171528.185s][info][gc,heap     ] GC(5082) Humongous regions: 53->53
[2025-01-08T20:04:17.818+0000][171528.185s][info][gc,metaspace] GC(5082) Metaspace: 523559K(533760K)->523559K(533760K) NonClass: 459718K(465024K)->459718K(465024K) Class: 63841K(68736K)->63841K(68736K)
[2025-01-08T20:04:17.818+0000][171528.185s][info][gc          ] GC(5082) Pause Young (Concurrent Start) (G1 Evacuation Pause) 9642M->2336M(12288M) 35.293ms
[2025-01-08T20:04:17.819+0000][171528.185s][info][gc,cpu      ] GC(5082) User=0.20s Sys=0.00s Real=0.03s
[2025-01-08T20:04:17.819+0000][171528.185s][info][gc          ] GC(5083) Concurrent Mark Cycle
[2025-01-08T20:04:17.819+0000][171528.185s][info][gc,marking  ] GC(5083) Concurrent Clear Claimed Marks
[2025-01-08T20:04:17.820+0000][171528.186s][info][gc,marking  ] GC(5083) Concurrent Clear Claimed Marks 0.896ms
[2025-01-08T20:04:17.820+0000][171528.186s][info][gc,marking  ] GC(5083) Concurrent Scan Root Regions
[2025-01-08T20:04:17.844+0000][171528.210s][info][gc,marking  ] GC(5083) Concurrent Scan Root Regions 24.246ms
[2025-01-08T20:04:17.844+0000][171528.210s][info][gc,marking  ] GC(5083) Concurrent Mark
[2025-01-08T20:04:17.844+0000][171528.210s][info][gc,marking  ] GC(5083) Concurrent Mark From Roots
[2025-01-08T20:04:17.844+0000][171528.210s][info][gc,task     ] GC(5083) Using 2 workers of 2 for marking
[2025-01-08T20:04:18.684+0000][171529.050s][info][gc,marking  ] GC(5083) Concurrent Mark From Roots 840.408ms
[2025-01-08T20:04:18.684+0000][171529.050s][info][gc,marking  ] GC(5083) Concurrent Preclean
[2025-01-08T20:04:18.687+0000][171529.053s][info][gc,marking  ] GC(5083) Concurrent Preclean 2.973ms
[2025-01-08T20:04:18.687+0000][171529.053s][info][gc,start    ] GC(5083) Pause Remark
[2025-01-08T20:04:18.713+0000][171529.079s][info][gc          ] GC(5083) Pause Remark 3220M->3188M(12288M) 25.292ms
[2025-01-08T20:04:18.713+0000][171529.079s][info][gc,cpu      ] GC(5083) User=0.15s Sys=0.00s Real=0.03s
[2025-01-08T20:04:18.713+0000][171529.079s][info][gc,marking  ] GC(5083) Concurrent Mark 869.019ms
[2025-01-08T20:04:18.713+0000][171529.079s][info][gc,marking  ] GC(5083) Concurrent Rebuild Remembered Sets
[2025-01-08T20:04:19.340+0000][171529.706s][info][gc,marking  ] GC(5083) Concurrent Rebuild Remembered Sets 626.817ms
[2025-01-08T20:04:19.340+0000][171529.706s][info][gc,start    ] GC(5083) Pause Cleanup
[2025-01-08T20:04:19.340+0000][171529.706s][info][gc          ] GC(5083) Pause Cleanup 3936M->3936M(12288M) 0.394ms
[2025-01-08T20:04:19.340+0000][171529.706s][info][gc,cpu      ] GC(5083) User=0.00s Sys=0.00s Real=0.00s
[2025-01-08T20:04:19.340+0000][171529.706s][info][gc,marking  ] GC(5083) Concurrent Cleanup for Next Mark
[2025-01-08T20:04:19.356+0000][171529.722s][info][gc,marking  ] GC(5083) Concurrent Cleanup for Next Mark 15.713ms
[2025-01-08T20:04:19.356+0000][171529.722s][info][gc          ] GC(5083) Concurrent Mark Cycle 1537.479ms
[2025-01-08T20:04:29.767+0000][171540.133s][info][gc,start    ] GC(5084) Pause Young (Prepare Mixed) (G1 Evacuation Pause)
[2025-01-08T20:04:29.767+0000][171540.133s][info][gc,task     ] GC(5084) Using 6 workers of 6 for evacuation
[2025-01-08T20:04:29.805+0000][171540.171s][info][gc,phases   ] GC(5084)   Pre Evacuate Collection Set: 0.2ms
[2025-01-08T20:04:29.805+0000][171540.171s][info][gc,phases   ] GC(5084)   Merge Heap Roots: 0.7ms
[2025-01-08T20:04:29.805+0000][171540.171s][info][gc,phases   ] GC(5084)   Evacuate Collection Set: 33.5ms
[2025-01-08T20:04:29.805+0000][171540.171s][info][gc,phases   ] GC(5084)   Post Evacuate Collection Set: 2.8ms
[2025-01-08T20:04:29.805+0000][171540.171s][info][gc,phases   ] GC(5084)   Other: 0.2ms
[2025-01-08T20:04:29.805+0000][171540.171s][info][gc,heap     ] GC(5084) Eden regions: 913->0(66)
[2025-01-08T20:04:29.805+0000][171540.171s][info][gc,heap     ] GC(5084) Survivor regions: 8->10(116)
[2025-01-08T20:04:29.805+0000][171540.171s][info][gc,heap     ] GC(5084) Old regions: 231->231
[2025-01-08T20:04:29.805+0000][171540.171s][info][gc,heap     ] GC(5084) Archive regions: 2->2
[2025-01-08T20:04:29.805+0000][171540.171s][info][gc,heap     ] GC(5084) Humongous regions: 49->49
[2025-01-08T20:04:29.805+0000][171540.171s][info][gc,metaspace] GC(5084) Metaspace: 523560K(533760K)->523560K(533760K) NonClass: 459718K(465024K)->459718K(465024K) Class: 63841K(68736K)->63841K(68736K)
[2025-01-08T20:04:29.805+0000][171540.171s][info][gc          ] GC(5084) Pause Young (Prepare Mixed) (G1 Evacuation Pause) 9608M->2321M(12288M) 37.452ms
[2025-01-08T20:04:29.805+0000][171540.171s][info][gc,cpu      ] GC(5084) User=0.22s Sys=0.00s Real=0.04s
[2025-01-08T20:04:30.270+0000][171540.636s][info][gc,start    ] GC(5085) Pause Young (Mixed) (G1 Evacuation Pause)
[2025-01-08T20:04:30.270+0000][171540.636s][info][gc,task     ] GC(5085) Using 6 workers of 6 for evacuation
[2025-01-08T20:04:30.331+0000][171540.697s][info][gc,phases   ] GC(5085)   Pre Evacuate Collection Set: 0.2ms
[2025-01-08T20:04:30.331+0000][171540.697s][info][gc,phases   ] GC(5085)   Merge Heap Roots: 0.5ms
[2025-01-08T20:04:30.331+0000][171540.697s][info][gc,phases   ] GC(5085)   Evacuate Collection Set: 58.2ms
[2025-01-08T20:04:30.331+0000][171540.697s][info][gc,phases   ] GC(5085)   Post Evacuate Collection Set: 2.0ms
[2025-01-08T20:04:30.331+0000][171540.697s][info][gc,phases   ] GC(5085)   Other: 0.2ms
[2025-01-08T20:04:30.331+0000][171540.697s][info][gc,heap     ] GC(5085) Eden regions: 66->0(916)
[2025-01-08T20:04:30.331+0000][171540.697s][info][gc,heap     ] GC(5085) Survivor regions: 10->5(10)
[2025-01-08T20:04:30.331+0000][171540.697s][info][gc,heap     ] GC(5085) Old regions: 231->232
[2025-01-08T20:04:30.331+0000][171540.697s][info][gc,heap     ] GC(5085) Archive regions: 2->2
[2025-01-08T20:04:30.331+0000][171540.697s][info][gc,heap     ] GC(5085) Humongous regions: 49->49
[2025-01-08T20:04:30.331+0000][171540.697s][info][gc,metaspace] GC(5085) Metaspace: 523560K(533760K)->523560K(533760K) NonClass: 459718K(465024K)->459718K(465024K) Class: 63841K(68736K)->63841K(68736K)
[2025-01-08T20:04:30.331+0000][171540.697s][info][gc          ] GC(5085) Pause Young (Mixed) (G1 Evacuation Pause) 2849M->2286M(12288M) 61.162ms
[2025-01-08T20:04:30.331+0000][171540.697s][info][gc,cpu      ] GC(5085) User=0.33s Sys=0.01s Real=0.06s
[2025-01-08T20:04:37.800+0000][171548.166s][info][gc,start    ] GC(5086) Pause Young (Normal) (G1 Evacuation Pause)
[2025-01-08T20:04:37.800+0000][171548.166s][info][gc,task     ] GC(5086) Using 6 workers of 6 for evacuation
[2025-01-08T20:04:37.824+0000][171548.190s][info][gc,phases   ] GC(5086)   Pre Evacuate Collection Set: 0.2ms
[2025-01-08T20:04:37.824+0000][171548.190s][info][gc,phases   ] GC(5086)   Merge Heap Roots: 0.4ms
[2025-01-08T20:04:37.824+0000][171548.190s][info][gc,phases   ] GC(5086)   Evacuate Collection Set: 20.9ms
[2025-01-08T20:04:37.824+0000][171548.190s][info][gc,phases   ] GC(5086)   Post Evacuate Collection Set: 2.4ms
[2025-01-08T20:04:37.824+0000][171548.190s][info][gc,phases   ] GC(5086)   Other: 0.2ms
[2025-01-08T20:04:37.824+0000][171548.190s][info][gc,heap     ] GC(5086) Eden regions: 916->0(917)
[2025-01-08T20:04:37.824+0000][171548.190s][info][gc,heap     ] GC(5086) Survivor regions: 5->4(116)
[2025-01-08T20:04:37.824+0000][171548.190s][info][gc,heap     ] GC(5086) Old regions: 232->232
[2025-01-08T20:04:37.824+0000][171548.190s][info][gc,heap     ] GC(5086) Archive regions: 2->2
[2025-01-08T20:04:37.824+0000][171548.190s][info][gc,heap     ] GC(5086) Humongous regions: 49->49
[2025-01-08T20:04:37.824+0000][171548.190s][info][gc,metaspace] GC(5086) Metaspace: 523560K(533760K)->523560K(533760K) NonClass: 459718K(465024K)->459718K(465024K) Class: 63841K(68736K)->63841K(68736K)
[2025-01-08T20:04:37.824+0000][171548.190s][info][gc          ] GC(5086) Pause Young (Normal) (G1 Evacuation Pause) 9614M->2278M(12288M) 24.176ms
[2025-01-08T20:04:37.824+0000][171548.190s][info][gc,cpu      ] GC(5086) User=0.14s Sys=0.00s Real=0.03s
[2025-01-08T20:04:43.794+0000][171554.161s][info][gc,start    ] GC(5087) Pause Young (Normal) (G1 Evacuation Pause)
[2025-01-08T20:04:43.794+0000][171554.161s][info][gc,task     ] GC(5087) Using 6 workers of 6 for evacuation
[2025-01-08T20:04:43.820+0000][171554.187s][info][gc,phases   ] GC(5087)   Pre Evacuate Collection Set: 0.2ms
[2025-01-08T20:04:43.820+0000][171554.187s][info][gc,phases   ] GC(5087)   Merge Heap Roots: 0.4ms
[2025-01-08T20:04:43.820+0000][171554.187s][info][gc,phases   ] GC(5087)   Evacuate Collection Set: 22.8ms
[2025-01-08T20:04:43.820+0000][171554.187s][info][gc,phases   ] GC(5087)   Post Evacuate Collection Set: 2.4ms
[2025-01-08T20:04:43.821+0000][171554.187s][info][gc,phases   ] GC(5087)   Other: 0.2ms
[2025-01-08T20:04:43.821+0000][171554.187s][info][gc,heap     ] GC(5087) Eden regions: 917->0(915)
[2025-01-08T20:04:43.821+0000][171554.187s][info][gc,heap     ] GC(5087) Survivor regions: 4->6(116)
[2025-01-08T20:04:43.821+0000][171554.187s][info][gc,heap     ] GC(5087) Old regions: 232->232
[2025-01-08T20:04:43.821+0000][171554.187s][info][gc,heap     ] GC(5087) Archive regions: 2->2
[2025-01-08T20:04:43.821+0000][171554.187s][info][gc,heap     ] GC(5087) Humongous regions: 49->49
[2025-01-08T20:04:43.821+0000][171554.187s][info][gc,metaspace] GC(5087) Metaspace: 523560K(533760K)->523560K(533760K) NonClass: 459719K(465024K)->459719K(465024K) Class: 63841K(68736K)->63841K(68736K)
[2025-01-08T20:04:43.821+0000][171554.187s][info][gc          ] GC(5087) Pause Young (Normal) (G1 Evacuation Pause) 9614M->2294M(12288M) 26.110ms
[2025-01-08T20:04:43.821+0000][171554.187s][info][gc,cpu      ] GC(5087) User=0.15s Sys=0.00s Real=0.02s
[2025-01-08T20:04:53.031+0000][171563.397s][info][gc,start    ] GC(5088) Pause Young (Concurrent Start) (G1 Evacuation Pause)
[2025-01-08T20:04:53.031+0000][171563.397s][info][gc,task     ] GC(5088) Using 6 workers of 6 for evacuation
[2025-01-08T20:04:53.065+0000][171563.431s][info][gc,phases   ] GC(5088)   Pre Evacuate Collection Set: 1.2ms
[2025-01-08T20:04:53.065+0000][171563.431s][info][gc,phases   ] GC(5088)   Merge Heap Roots: 0.5ms
[2025-01-08T20:04:53.065+0000][171563.431s][info][gc,phases   ] GC(5088)   Evacuate Collection Set: 26.7ms
[2025-01-08T20:04:53.065+0000][171563.431s][info][gc,phases   ] GC(5088)   Post Evacuate Collection Set: 5.4ms
[2025-01-08T20:04:53.065+0000][171563.431s][info][gc,phases   ] GC(5088)   Other: 0.3ms
[2025-01-08T20:04:53.065+0000][171563.431s][info][gc,heap     ] GC(5088) Eden regions: 915->0(912)
[2025-01-08T20:04:53.065+0000][171563.431s][info][gc,heap     ] GC(5088) Survivor regions: 6->9(116)
[2025-01-08T20:04:53.065+0000][171563.431s][info][gc,heap     ] GC(5088) Old regions: 232->232
[2025-01-08T20:04:53.065+0000][171563.431s][info][gc,heap     ] GC(5088) Archive regions: 2->2
[2025-01-08T20:04:53.065+0000][171563.431s][info][gc,heap     ] GC(5088) Humongous regions: 49->49
[2025-01-08T20:04:53.065+0000][171563.431s][info][gc,metaspace] GC(5088) Metaspace: 523561K(533760K)->523561K(533760K) NonClass: 459719K(465024K)->459719K(465024K) Class: 63841K(68736K)->63841K(68736K)
[2025-01-08T20:04:53.065+0000][171563.431s][info][gc          ] GC(5088) Pause Young (Concurrent Start) (G1 Evacuation Pause) 9614M->2313M(12288M) 34.128ms
[2025-01-08T20:04:53.065+0000][171563.431s][info][gc,cpu      ] GC(5088) User=0.20s Sys=0.00s Real=0.03s
[2025-01-08T20:04:53.065+0000][171563.431s][info][gc          ] GC(5089) Concurrent Mark Cycle
[2025-01-08T20:04:53.065+0000][171563.431s][info][gc,marking  ] GC(5089) Concurrent Clear Claimed Marks
[2025-01-08T20:04:53.066+0000][171563.432s][info][gc,marking  ] GC(5089) Concurrent Clear Claimed Marks 1.007ms
[2025-01-08T20:04:53.066+0000][171563.432s][info][gc,marking  ] GC(5089) Concurrent Scan Root Regions
[2025-01-08T20:04:53.093+0000][171563.459s][info][gc,marking  ] GC(5089) Concurrent Scan Root Regions 26.232ms
[2025-01-08T20:04:53.093+0000][171563.459s][info][gc,marking  ] GC(5089) Concurrent Mark
[2025-01-08T20:04:53.093+0000][171563.459s][info][gc,marking  ] GC(5089) Concurrent Mark From Roots
[2025-01-08T20:04:53.093+0000][171563.459s][info][gc,task     ] GC(5089) Using 2 workers of 2 for marking
[2025-01-08T20:04:53.882+0000][171564.248s][info][gc,marking  ] GC(5089) Concurrent Mark From Roots 789.609ms
[2025-01-08T20:04:53.882+0000][171564.248s][info][gc,marking  ] GC(5089) Concurrent Preclean
[2025-01-08T20:04:53.885+0000][171564.251s][info][gc,marking  ] GC(5089) Concurrent Preclean 3.034ms
[2025-01-08T20:04:53.886+0000][171564.252s][info][gc,start    ] GC(5089) Pause Remark
[2025-01-08T20:04:53.911+0000][171564.277s][info][gc          ] GC(5089) Pause Remark 2994M->2994M(12288M) 25.256ms
[2025-01-08T20:04:53.911+0000][171564.277s][info][gc,cpu      ] GC(5089) User=0.14s Sys=0.00s Real=0.03s
[2025-01-08T20:04:53.911+0000][171564.277s][info][gc,marking  ] GC(5089) Concurrent Mark 818.357ms
[2025-01-08T20:04:53.911+0000][171564.277s][info][gc,marking  ] GC(5089) Concurrent Rebuild Remembered Sets
[2025-01-08T20:04:54.466+0000][171564.832s][info][gc,marking  ] GC(5089) Concurrent Rebuild Remembered Sets 554.946ms
[2025-01-08T20:04:54.466+0000][171564.832s][info][gc,start    ] GC(5089) Pause Cleanup
[2025-01-08T20:04:54.467+0000][171564.833s][info][gc          ] GC(5089) Pause Cleanup 3533M->3533M(12288M) 0.415ms
[2025-01-08T20:04:54.467+0000][171564.833s][info][gc,cpu      ] GC(5089) User=0.00s Sys=0.00s Real=0.00s
[2025-01-08T20:04:54.467+0000][171564.833s][info][gc,marking  ] GC(5089) Concurrent Cleanup for Next Mark
[2025-01-08T20:04:54.483+0000][171564.849s][info][gc,marking  ] GC(5089) Concurrent Cleanup for Next Mark 15.917ms
[2025-01-08T20:04:54.483+0000][171564.849s][info][gc          ] GC(5089) Concurrent Mark Cycle 1417.288ms
[2025-01-08T20:05:02.929+0000][171573.295s][info][gc,start    ] GC(5090) Pause Young (Prepare Mixed) (G1 Evacuation Pause)
[2025-01-08T20:05:02.929+0000][171573.295s][info][gc,task     ] GC(5090) Using 6 workers of 6 for evacuation
[2025-01-08T20:05:02.966+0000][171573.333s][info][gc,phases   ] GC(5090)   Pre Evacuate Collection Set: 0.2ms
[2025-01-08T20:05:02.966+0000][171573.333s][info][gc,phases   ] GC(5090)   Merge Heap Roots: 0.7ms
[2025-01-08T20:05:02.967+0000][171573.333s][info][gc,phases   ] GC(5090)   Evacuate Collection Set: 33.3ms
[2025-01-08T20:05:02.967+0000][171573.333s][info][gc,phases   ] GC(5090)   Post Evacuate Collection Set: 2.8ms
[2025-01-08T20:05:02.967+0000][171573.333s][info][gc,phases   ] GC(5090)   Other: 0.2ms
[2025-01-08T20:05:02.967+0000][171573.333s][info][gc,heap     ] GC(5090) Eden regions: 912->0(67)
[2025-01-08T20:05:02.967+0000][171573.333s][info][gc,heap     ] GC(5090) Survivor regions: 9->9(116)
[2025-01-08T20:05:02.967+0000][171573.333s][info][gc,heap     ] GC(5090) Old regions: 232->232
[2025-01-08T20:05:02.967+0000][171573.333s][info][gc,heap     ] GC(5090) Archive regions: 2->2
[2025-01-08T20:05:02.967+0000][171573.333s][info][gc,heap     ] GC(5090) Humongous regions: 49->49
[2025-01-08T20:05:02.967+0000][171573.333s][info][gc,metaspace] GC(5090) Metaspace: 523562K(533760K)->523562K(533760K) NonClass: 459720K(465024K)->459720K(465024K) Class: 63841K(68736K)->63841K(68736K)
[2025-01-08T20:05:02.967+0000][171573.333s][info][gc          ] GC(5090) Pause Young (Prepare Mixed) (G1 Evacuation Pause) 9609M->2318M(12288M) 37.293ms
[2025-01-08T20:05:02.967+0000][171573.333s][info][gc,cpu      ] GC(5090) User=0.22s Sys=0.00s Real=0.04s
[2025-01-08T20:05:03.417+0000][171573.783s][info][gc,start    ] GC(5091) Pause Young (Mixed) (G1 Evacuation Pause)
[2025-01-08T20:05:03.417+0000][171573.783s][info][gc,task     ] GC(5091) Using 6 workers of 6 for evacuation
[2025-01-08T20:05:03.492+0000][171573.858s][info][gc,phases   ] GC(5091)   Pre Evacuate Collection Set: 0.2ms
[2025-01-08T20:05:03.492+0000][171573.858s][info][gc,phases   ] GC(5091)   Merge Heap Roots: 0.7ms
[2025-01-08T20:05:03.492+0000][171573.858s][info][gc,phases   ] GC(5091)   Evacuate Collection Set: 71.5ms
[2025-01-08T20:05:03.492+0000][171573.858s][info][gc,phases   ] GC(5091)   Post Evacuate Collection Set: 2.4ms
[2025-01-08T20:05:03.492+0000][171573.858s][info][gc,phases   ] GC(5091)   Other: 0.2ms
[2025-01-08T20:05:03.492+0000][171573.858s][info][gc,heap     ] GC(5091) Eden regions: 67->0(915)
[2025-01-08T20:05:03.492+0000][171573.858s][info][gc,heap     ] GC(5091) Survivor regions: 9->6(10)
[2025-01-08T20:05:03.492+0000][171573.858s][info][gc,heap     ] GC(5091) Old regions: 232->230
[2025-01-08T20:05:03.492+0000][171573.858s][info][gc,heap     ] GC(5091) Archive regions: 2->2
[2025-01-08T20:05:03.492+0000][171573.858s][info][gc,heap     ] GC(5091) Humongous regions: 49->49
[2025-01-08T20:05:03.492+0000][171573.858s][info][gc,metaspace] GC(5091) Metaspace: 523562K(533760K)->523562K(533760K) NonClass: 459720K(465024K)->459720K(465024K) Class: 63841K(68736K)->63841K(68736K)
[2025-01-08T20:05:03.492+0000][171573.858s][info][gc          ] GC(5091) Pause Young (Mixed) (G1 Evacuation Pause) 2854M->2286M(12288M) 75.025ms
[2025-01-08T20:05:03.492+0000][171573.858s][info][gc,cpu      ] GC(5091) User=0.40s Sys=0.00s Real=0.08s
[2025-01-08T20:05:09.947+0000][171580.313s][info][gc,start    ] GC(5092) Pause Young (Normal) (G1 Evacuation Pause)
[2025-01-08T20:05:09.947+0000][171580.313s][info][gc,task     ] GC(5092) Using 6 workers of 6 for evacuation
[2025-01-08T20:05:09.979+0000][171580.345s][info][gc,phases   ] GC(5092)   Pre Evacuate Collection Set: 0.2ms
[2025-01-08T20:05:09.979+0000][171580.345s][info][gc,phases   ] GC(5092)   Merge Heap Roots: 0.5ms
[2025-01-08T20:05:09.979+0000][171580.345s][info][gc,phases   ] GC(5092)   Evacuate Collection Set: 26.7ms
[2025-01-08T20:05:09.979+0000][171580.345s][info][gc,phases   ] GC(5092)   Post Evacuate Collection Set: 3.9ms
[2025-01-08T20:05:09.979+0000][171580.345s][info][gc,phases   ] GC(5092)   Other: 0.2ms
[2025-01-08T20:05:09.979+0000][171580.345s][info][gc,heap     ] GC(5092) Eden regions: 915->0(913)
[2025-01-08T20:05:09.979+0000][171580.345s][info][gc,heap     ] GC(5092) Survivor regions: 6->8(116)
[2025-01-08T20:05:09.979+0000][171580.345s][info][gc,heap     ] GC(5092) Old regions: 230->230
[2025-01-08T20:05:09.979+0000][171580.345s][info][gc,heap     ] GC(5092) Archive regions: 2->2
[2025-01-08T20:05:09.979+0000][171580.345s][info][gc,heap     ] GC(5092) Humongous regions: 49->49
[2025-01-08T20:05:09.979+0000][171580.345s][info][gc,metaspace] GC(5092) Metaspace: 523562K(533760K)->523562K(533760K) NonClass: 459721K(465024K)->459721K(465024K) Class: 63841K(68736K)->63841K(68736K)
[2025-01-08T20:05:09.979+0000][171580.345s][info][gc          ] GC(5092) Pause Young (Normal) (G1 Evacuation Pause) 9606M->2297M(12288M) 31.542ms
[2025-01-08T20:05:09.979+0000][171580.345s][info][gc,cpu      ] GC(5092) User=0.19s Sys=0.00s Real=0.03s
[2025-01-08T20:05:15.272+0000][171585.638s][info][gc,start    ] GC(5093) Pause Young (Normal) (G1 Evacuation Pause)
[2025-01-08T20:05:15.272+0000][171585.638s][info][gc,task     ] GC(5093) Using 6 workers of 6 for evacuation
[2025-01-08T20:05:15.303+0000][171585.669s][info][gc,phases   ] GC(5093)   Pre Evacuate Collection Set: 0.2ms
[2025-01-08T20:05:15.303+0000][171585.669s][info][gc,phases   ] GC(5093)   Merge Heap Roots: 0.4ms
[2025-01-08T20:05:15.303+0000][171585.669s][info][gc,phases   ] GC(5093)   Evacuate Collection Set: 27.3ms
[2025-01-08T20:05:15.303+0000][171585.669s][info][gc,phases   ] GC(5093)   Post Evacuate Collection Set: 2.5ms
[2025-01-08T20:05:15.303+0000][171585.669s][info][gc,phases   ] GC(5093)   Other: 0.2ms
[2025-01-08T20:05:15.303+0000][171585.669s][info][gc,heap     ] GC(5093) Eden regions: 913->0(913)
[2025-01-08T20:05:15.303+0000][171585.669s][info][gc,heap     ] GC(5093) Survivor regions: 8->8(116)
[2025-01-08T20:05:15.303+0000][171585.669s][info][gc,heap     ] GC(5093) Old regions: 230->230
[2025-01-08T20:05:15.303+0000][171585.669s][info][gc,heap     ] GC(5093) Archive regions: 2->2
[2025-01-08T20:05:15.303+0000][171585.669s][info][gc,heap     ] GC(5093) Humongous regions: 49->49
[2025-01-08T20:05:15.303+0000][171585.669s][info][gc,metaspace] GC(5093) Metaspace: 523562K(533760K)->523562K(533760K) NonClass: 459721K(465024K)->459721K(465024K) Class: 63841K(68736K)->63841K(68736K)
[2025-01-08T20:05:15.303+0000][171585.669s][info][gc          ] GC(5093) Pause Young (Normal) (G1 Evacuation Pause) 9601M->2300M(12288M) 30.665ms
[2025-01-08T20:05:15.303+0000][171585.669s][info][gc,cpu      ] GC(5093) User=0.18s Sys=0.00s Real=0.03s
[2025-01-08T20:05:22.021+0000][171592.387s][info][gc,start    ] GC(5094) Pause Young (Concurrent Start) (G1 Evacuation Pause)
[2025-01-08T20:05:22.021+0000][171592.387s][info][gc,task     ] GC(5094) Using 6 workers of 6 for evacuation
[2025-01-08T20:05:22.058+0000][171592.424s][info][gc,phases   ] GC(5094)   Pre Evacuate Collection Set: 1.2ms
[2025-01-08T20:05:22.058+0000][171592.424s][info][gc,phases   ] GC(5094)   Merge Heap Roots: 0.5ms
[2025-01-08T20:05:22.058+0000][171592.424s][info][gc,phases   ] GC(5094)   Evacuate Collection Set: 32.7ms
[2025-01-08T20:05:22.058+0000][171592.424s][info][gc,phases   ] GC(5094)   Post Evacuate Collection Set: 2.6ms
[2025-01-08T20:05:22.058+0000][171592.424s][info][gc,phases   ] GC(5094)   Other: 0.3ms
[2025-01-08T20:05:22.058+0000][171592.424s][info][gc,heap     ] GC(5094) Eden regions: 913->0(911)
[2025-01-08T20:05:22.058+0000][171592.424s][info][gc,heap     ] GC(5094) Survivor regions: 8->10(116)
[2025-01-08T20:05:22.058+0000][171592.424s][info][gc,heap     ] GC(5094) Old regions: 230->230
[2025-01-08T20:05:22.058+0000][171592.424s][info][gc,heap     ] GC(5094) Archive regions: 2->2
[2025-01-08T20:05:22.058+0000][171592.424s][info][gc,heap     ] GC(5094) Humongous regions: 49->49
[2025-01-08T20:05:22.058+0000][171592.424s][info][gc,metaspace] GC(5094) Metaspace: 523574K(533760K)->523574K(533760K) NonClass: 459730K(465024K)->459730K(465024K) Class: 63843K(68736K)->63843K(68736K)
[2025-01-08T20:05:22.058+0000][171592.424s][info][gc          ] GC(5094) Pause Young (Concurrent Start) (G1 Evacuation Pause) 9604M->2314M(12288M) 37.342ms
[2025-01-08T20:05:22.058+0000][171592.424s][info][gc,cpu      ] GC(5094) User=0.21s Sys=0.00s Real=0.04s
[2025-01-08T20:05:22.058+0000][171592.424s][info][gc          ] GC(5095) Concurrent Mark Cycle
[2025-01-08T20:05:22.058+0000][171592.424s][info][gc,marking  ] GC(5095) Concurrent Clear Claimed Marks
[2025-01-08T20:05:22.059+0000][171592.425s][info][gc,marking  ] GC(5095) Concurrent Clear Claimed Marks 0.927ms
[2025-01-08T20:05:22.059+0000][171592.425s][info][gc,marking  ] GC(5095) Concurrent Scan Root Regions
[2025-01-08T20:05:22.090+0000][171592.456s][info][gc,marking  ] GC(5095) Concurrent Scan Root Regions 30.999ms
[2025-01-08T20:05:22.090+0000][171592.456s][info][gc,marking  ] GC(5095) Concurrent Mark
[2025-01-08T20:05:22.090+0000][171592.456s][info][gc,marking  ] GC(5095) Concurrent Mark From Roots
[2025-01-08T20:05:22.090+0000][171592.456s][info][gc,task     ] GC(5095) Using 2 workers of 2 for marking
[2025-01-08T20:05:22.909+0000][171593.275s][info][gc,marking  ] GC(5095) Concurrent Mark From Roots 818.844ms
[2025-01-08T20:05:22.909+0000][171593.275s][info][gc,marking  ] GC(5095) Concurrent Preclean
[2025-01-08T20:05:22.912+0000][171593.278s][info][gc,marking  ] GC(5095) Concurrent Preclean 2.466ms
[2025-01-08T20:05:22.912+0000][171593.278s][info][gc,start    ] GC(5095) Pause Remark
[2025-01-08T20:05:22.937+0000][171593.303s][info][gc          ] GC(5095) Pause Remark 3174M->3174M(12288M) 25.284ms
[2025-01-08T20:05:22.937+0000][171593.303s][info][gc,cpu      ] GC(5095) User=0.14s Sys=0.00s Real=0.02s
[2025-01-08T20:05:22.937+0000][171593.303s][info][gc,marking  ] GC(5095) Concurrent Mark 846.903ms
[2025-01-08T20:05:22.937+0000][171593.303s][info][gc,marking  ] GC(5095) Concurrent Rebuild Remembered Sets
[2025-01-08T20:05:23.428+0000][171593.794s][info][gc,marking  ] GC(5095) Concurrent Rebuild Remembered Sets 490.462ms
[2025-01-08T20:05:23.428+0000][171593.794s][info][gc,start    ] GC(5095) Pause Cleanup
[2025-01-08T20:05:23.428+0000][171593.794s][info][gc          ] GC(5095) Pause Cleanup 3622M->3622M(12288M) 0.403ms
[2025-01-08T20:05:23.428+0000][171593.794s][info][gc,cpu      ] GC(5095) User=0.00s Sys=0.00s Real=0.00s
[2025-01-08T20:05:23.428+0000][171593.794s][info][gc,marking  ] GC(5095) Concurrent Cleanup for Next Mark
[2025-01-08T20:05:23.444+0000][171593.810s][info][gc,marking  ] GC(5095) Concurrent Cleanup for Next Mark 15.436ms
[2025-01-08T20:05:23.444+0000][171593.810s][info][gc          ] GC(5095) Concurrent Mark Cycle 1385.563ms
[2025-01-08T20:05:27.840+0000][171598.206s][info][gc,start    ] GC(5096) Pause Young (Prepare Mixed) (G1 Evacuation Pause)
[2025-01-08T20:05:27.840+0000][171598.206s][info][gc,task     ] GC(5096) Using 6 workers of 6 for evacuation
[2025-01-08T20:05:27.877+0000][171598.243s][info][gc,phases   ] GC(5096)   Pre Evacuate Collection Set: 0.2ms
[2025-01-08T20:05:27.877+0000][171598.243s][info][gc,phases   ] GC(5096)   Merge Heap Roots: 0.7ms
[2025-01-08T20:05:27.877+0000][171598.243s][info][gc,phases   ] GC(5096)   Evacuate Collection Set: 33.7ms
[2025-01-08T20:05:27.877+0000][171598.243s][info][gc,phases   ] GC(5096)   Post Evacuate Collection Set: 2.5ms
[2025-01-08T20:05:27.877+0000][171598.243s][info][gc,phases   ] GC(5096)   Other: 0.2ms
[2025-01-08T20:05:27.877+0000][171598.243s][info][gc,heap     ] GC(5096) Eden regions: 911->0(67)
[2025-01-08T20:05:27.877+0000][171598.243s][info][gc,heap     ] GC(5096) Survivor regions: 10->9(116)
[2025-01-08T20:05:27.877+0000][171598.243s][info][gc,heap     ] GC(5096) Old regions: 230->230
[2025-01-08T20:05:27.877+0000][171598.243s][info][gc,heap     ] GC(5096) Archive regions: 2->2
[2025-01-08T20:05:27.877+0000][171598.243s][info][gc,heap     ] GC(5096) Humongous regions: 49->49
[2025-01-08T20:05:27.877+0000][171598.243s][info][gc,metaspace] GC(5096) Metaspace: 523574K(533760K)->523574K(533760K) NonClass: 459730K(465024K)->459730K(465024K) Class: 63843K(68736K)->63843K(68736K)
[2025-01-08T20:05:27.877+0000][171598.243s][info][gc          ] GC(5096) Pause Young (Prepare Mixed) (G1 Evacuation Pause) 9602M->2310M(12288M) 37.371ms
[2025-01-08T20:05:27.877+0000][171598.243s][info][gc,cpu      ] GC(5096) User=0.22s Sys=0.00s Real=0.04s
[2025-01-08T20:05:28.202+0000][171598.568s][info][gc,start    ] GC(5097) Pause Young (Mixed) (G1 Evacuation Pause)
[2025-01-08T20:05:28.202+0000][171598.568s][info][gc,task     ] GC(5097) Using 6 workers of 6 for evacuation
[2025-01-08T20:05:28.271+0000][171598.637s][info][gc,phases   ] GC(5097)   Pre Evacuate Collection Set: 0.2ms
[2025-01-08T20:05:28.271+0000][171598.637s][info][gc,phases   ] GC(5097)   Merge Heap Roots: 0.6ms
[2025-01-08T20:05:28.271+0000][171598.637s][info][gc,phases   ] GC(5097)   Evacuate Collection Set: 65.4ms
[2025-01-08T20:05:28.271+0000][171598.637s][info][gc,phases   ] GC(5097)   Post Evacuate Collection Set: 1.9ms
[2025-01-08T20:05:28.271+0000][171598.637s][info][gc,phases   ] GC(5097)   Other: 0.2ms
[2025-01-08T20:05:28.271+0000][171598.637s][info][gc,heap     ] GC(5097) Eden regions: 67->0(914)
[2025-01-08T20:05:28.271+0000][171598.637s][info][gc,heap     ] GC(5097) Survivor regions: 9->7(10)
[2025-01-08T20:05:28.271+0000][171598.637s][info][gc,heap     ] GC(5097) Old regions: 230->230
[2025-01-08T20:05:28.271+0000][171598.637s][info][gc,heap     ] GC(5097) Archive regions: 2->2
[2025-01-08T20:05:28.271+0000][171598.637s][info][gc,heap     ] GC(5097) Humongous regions: 49->49
[2025-01-08T20:05:28.271+0000][171598.637s][info][gc,metaspace] GC(5097) Metaspace: 523575K(533760K)->523575K(533760K) NonClass: 459731K(465024K)->459731K(465024K) Class: 63844K(68736K)->63844K(68736K)
[2025-01-08T20:05:28.271+0000][171598.637s][info][gc          ] GC(5097) Pause Young (Mixed) (G1 Evacuation Pause) 2846M->2289M(12288M) 68.396ms
[2025-01-08T20:05:28.271+0000][171598.637s][info][gc,cpu      ] GC(5097) User=0.41s Sys=0.00s Real=0.07s
[2025-01-08T20:05:36.873+0000][171607.240s][info][gc,start    ] GC(5098) Pause Young (Normal) (G1 Evacuation Pause)
[2025-01-08T20:05:36.873+0000][171607.240s][info][gc,task     ] GC(5098) Using 6 workers of 6 for evacuation
[2025-01-08T20:05:36.904+0000][171607.270s][info][gc,phases   ] GC(5098)   Pre Evacuate Collection Set: 0.2ms
[2025-01-08T20:05:36.904+0000][171607.270s][info][gc,phases   ] GC(5098)   Merge Heap Roots: 0.5ms
[2025-01-08T20:05:36.904+0000][171607.270s][info][gc,phases   ] GC(5098)   Evacuate Collection Set: 27.3ms
[2025-01-08T20:05:36.904+0000][171607.270s][info][gc,phases   ] GC(5098)   Post Evacuate Collection Set: 2.6ms
[2025-01-08T20:05:36.904+0000][171607.270s][info][gc,phases   ] GC(5098)   Other: 0.2ms
[2025-01-08T20:05:36.904+0000][171607.270s][info][gc,heap     ] GC(5098) Eden regions: 914->0(913)
[2025-01-08T20:05:36.904+0000][171607.270s][info][gc,heap     ] GC(5098) Survivor regions: 7->8(116)
[2025-01-08T20:05:36.904+0000][171607.270s][info][gc,heap     ] GC(5098) Old regions: 230->230
[2025-01-08T20:05:36.904+0000][171607.270s][info][gc,heap     ] GC(5098) Archive regions: 2->2
[2025-01-08T20:05:36.904+0000][171607.270s][info][gc,heap     ] GC(5098) Humongous regions: 49->49
[2025-01-08T20:05:36.904+0000][171607.270s][info][gc,metaspace] GC(5098) Metaspace: 523575K(533760K)->523575K(533760K) NonClass: 459731K(465024K)->459731K(465024K) Class: 63844K(68736K)->63844K(68736K)
[2025-01-08T20:05:36.904+0000][171607.270s][info][gc          ] GC(5098) Pause Young (Normal) (G1 Evacuation Pause) 9601M->2295M(12288M) 30.860ms
[2025-01-08T20:05:36.904+0000][171607.270s][info][gc,cpu      ] GC(5098) User=0.18s Sys=0.01s Real=0.03s
[2025-01-08T20:05:44.356+0000][171614.723s][info][gc,start    ] GC(5099) Pause Young (Normal) (G1 Evacuation Pause)
[2025-01-08T20:05:44.356+0000][171614.723s][info][gc,task     ] GC(5099) Using 6 workers of 6 for evacuation
[2025-01-08T20:05:44.388+0000][171614.754s][info][gc,phases   ] GC(5099)   Pre Evacuate Collection Set: 0.2ms
[2025-01-08T20:05:44.388+0000][171614.754s][info][gc,phases   ] GC(5099)   Merge Heap Roots: 0.4ms
[2025-01-08T20:05:44.388+0000][171614.754s][info][gc,phases   ] GC(5099)   Evacuate Collection Set: 26.4ms
[2025-01-08T20:05:44.388+0000][171614.754s][info][gc,phases   ] GC(5099)   Post Evacuate Collection Set: 4.0ms
[2025-01-08T20:05:44.388+0000][171614.754s][info][gc,phases   ] GC(5099)   Other: 0.2ms
[2025-01-08T20:05:44.388+0000][171614.754s][info][gc,heap     ] GC(5099) Eden regions: 913->0(912)
[2025-01-08T20:05:44.388+0000][171614.754s][info][gc,heap     ] GC(5099) Survivor regions: 8->9(116)
[2025-01-08T20:05:44.388+0000][171614.754s][info][gc,heap     ] GC(5099) Old regions: 230->230
[2025-01-08T20:05:44.388+0000][171614.754s][info][gc,heap     ] GC(5099) Archive regions: 2->2
[2025-01-08T20:05:44.388+0000][171614.754s][info][gc,heap     ] GC(5099) Humongous regions: 49->49
[2025-01-08T20:05:44.388+0000][171614.754s][info][gc,metaspace] GC(5099) Metaspace: 523575K(533760K)->523575K(533760K) NonClass: 459731K(465024K)->459731K(465024K) Class: 63844K(68736K)->63844K(68736K)
[2025-01-08T20:05:44.388+0000][171614.754s][info][gc          ] GC(5099) Pause Young (Normal) (G1 Evacuation Pause) 9599M->2303M(12288M) 31.375ms
[2025-01-08T20:05:44.388+0000][171614.754s][info][gc,cpu      ] GC(5099) User=0.18s Sys=0.00s Real=0.03s
[2025-01-08T20:05:50.858+0000][171621.224s][info][gc,start    ] GC(5100) Pause Young (Concurrent Start) (G1 Evacuation Pause)
[2025-01-08T20:05:50.858+0000][171621.224s][info][gc,task     ] GC(5100) Using 6 workers of 6 for evacuation
[2025-01-08T20:05:50.893+0000][171621.260s][info][gc,phases   ] GC(5100)   Pre Evacuate Collection Set: 1.1ms
[2025-01-08T20:05:50.894+0000][171621.260s][info][gc,phases   ] GC(5100)   Merge Heap Roots: 0.5ms
[2025-01-08T20:05:50.894+0000][171621.260s][info][gc,phases   ] GC(5100)   Evacuate Collection Set: 29.5ms
[2025-01-08T20:05:50.894+0000][171621.260s][info][gc,phases   ] GC(5100)   Post Evacuate Collection Set: 4.0ms
[2025-01-08T20:05:50.894+0000][171621.260s][info][gc,phases   ] GC(5100)   Other: 0.3ms
[2025-01-08T20:05:50.894+0000][171621.260s][info][gc,heap     ] GC(5100) Eden regions: 912->0(911)
[2025-01-08T20:05:50.894+0000][171621.260s][info][gc,heap     ] GC(5100) Survivor regions: 9->10(116)
[2025-01-08T20:05:50.894+0000][171621.260s][info][gc,heap     ] GC(5100) Old regions: 230->230
[2025-01-08T20:05:50.894+0000][171621.260s][info][gc,heap     ] GC(5100) Archive regions: 2->2
[2025-01-08T20:05:50.894+0000][171621.260s][info][gc,heap     ] GC(5100) Humongous regions: 49->49
[2025-01-08T20:05:50.894+0000][171621.260s][info][gc,metaspace] GC(5100) Metaspace: 523576K(533760K)->523576K(533760K) NonClass: 459732K(465024K)->459732K(465024K) Class: 63844K(68736K)->63844K(68736K)
[2025-01-08T20:05:50.894+0000][171621.260s][info][gc          ] GC(5100) Pause Young (Concurrent Start) (G1 Evacuation Pause) 9599M->2311M(12288M) 35.429ms
[2025-01-08T20:05:50.894+0000][171621.260s][info][gc,cpu      ] GC(5100) User=0.20s Sys=0.00s Real=0.04s
[2025-01-08T20:05:50.894+0000][171621.260s][info][gc          ] GC(5101) Concurrent Mark Cycle
[2025-01-08T20:05:50.894+0000][171621.260s][info][gc,marking  ] GC(5101) Concurrent Clear Claimed Marks
[2025-01-08T20:05:50.895+0000][171621.261s][info][gc,marking  ] GC(5101) Concurrent Clear Claimed Marks 0.987ms
[2025-01-08T20:05:50.895+0000][171621.261s][info][gc,marking  ] GC(5101) Concurrent Scan Root Regions
[2025-01-08T20:05:50.925+0000][171621.292s][info][gc,marking  ] GC(5101) Concurrent Scan Root Regions 30.768ms
[2025-01-08T20:05:50.926+0000][171621.292s][info][gc,marking  ] GC(5101) Concurrent Mark
[2025-01-08T20:05:50.926+0000][171621.292s][info][gc,marking  ] GC(5101) Concurrent Mark From Roots
[2025-01-08T20:05:50.926+0000][171621.292s][info][gc,task     ] GC(5101) Using 2 workers of 2 for marking
[2025-01-08T20:05:51.761+0000][171622.127s][info][gc,marking  ] GC(5101) Concurrent Mark From Roots 835.397ms
[2025-01-08T20:05:51.761+0000][171622.127s][info][gc,marking  ] GC(5101) Concurrent Preclean
[2025-01-08T20:05:51.764+0000][171622.130s][info][gc,marking  ] GC(5101) Concurrent Preclean 2.764ms
[2025-01-08T20:05:51.764+0000][171622.130s][info][gc,start    ] GC(5101) Pause Remark
[2025-01-08T20:05:51.789+0000][171622.155s][info][gc          ] GC(5101) Pause Remark 3007M->3007M(12288M) 25.225ms
[2025-01-08T20:05:51.789+0000][171622.155s][info][gc,cpu      ] GC(5101) User=0.15s Sys=0.00s Real=0.02s
[2025-01-08T20:05:51.789+0000][171622.155s][info][gc,marking  ] GC(5101) Concurrent Mark 863.764ms
[2025-01-08T20:05:51.789+0000][171622.155s][info][gc,marking  ] GC(5101) Concurrent Rebuild Remembered Sets
[2025-01-08T20:05:52.349+0000][171622.715s][info][gc,marking  ] GC(5101) Concurrent Rebuild Remembered Sets 559.447ms
[2025-01-08T20:05:52.349+0000][171622.715s][info][gc,start    ] GC(5101) Pause Cleanup
[2025-01-08T20:05:52.349+0000][171622.715s][info][gc          ] GC(5101) Pause Cleanup 3619M->3619M(12288M) 0.372ms
[2025-01-08T20:05:52.349+0000][171622.715s][info][gc,cpu      ] GC(5101) User=0.00s Sys=0.00s Real=0.00s
[2025-01-08T20:05:52.349+0000][171622.715s][info][gc,marking  ] GC(5101) Concurrent Cleanup for Next Mark
[2025-01-08T20:05:52.365+0000][171622.731s][info][gc,marking  ] GC(5101) Concurrent Cleanup for Next Mark 15.406ms
[2025-01-08T20:05:52.365+0000][171622.731s][info][gc          ] GC(5101) Concurrent Mark Cycle 1471.151ms
[2025-01-08T20:06:00.203+0000][171630.569s][info][gc,start    ] GC(5102) Pause Young (Prepare Mixed) (G1 Evacuation Pause)
[2025-01-08T20:06:00.203+0000][171630.569s][info][gc,task     ] GC(5102) Using 6 workers of 6 for evacuation
[2025-01-08T20:06:00.246+0000][171630.612s][info][gc,phases   ] GC(5102)   Pre Evacuate Collection Set: 0.2ms
[2025-01-08T20:06:00.246+0000][171630.612s][info][gc,phases   ] GC(5102)   Merge Heap Roots: 0.7ms
[2025-01-08T20:06:00.246+0000][171630.612s][info][gc,phases   ] GC(5102)   Evacuate Collection Set: 37.5ms
[2025-01-08T20:06:00.246+0000][171630.612s][info][gc,phases   ] GC(5102)   Post Evacuate Collection Set: 4.2ms
[2025-01-08T20:06:00.246+0000][171630.612s][info][gc,phases   ] GC(5102)   Other: 0.2ms
[2025-01-08T20:06:00.246+0000][171630.612s][info][gc,heap     ] GC(5102) Eden regions: 911->0(64)
[2025-01-08T20:06:00.246+0000][171630.612s][info][gc,heap     ] GC(5102) Survivor regions: 10->12(116)
[2025-01-08T20:06:00.246+0000][171630.612s][info][gc,heap     ] GC(5102) Old regions: 230->230
[2025-01-08T20:06:00.246+0000][171630.612s][info][gc,heap     ] GC(5102) Archive regions: 2->2
[2025-01-08T20:06:00.246+0000][171630.612s][info][gc,heap     ] GC(5102) Humongous regions: 49->49
[2025-01-08T20:06:00.246+0000][171630.612s][info][gc,metaspace] GC(5102) Metaspace: 523576K(533760K)->523576K(533760K) NonClass: 459732K(465024K)->459732K(465024K) Class: 63844K(68736K)->63844K(68736K)
[2025-01-08T20:06:00.246+0000][171630.612s][info][gc          ] GC(5102) Pause Young (Prepare Mixed) (G1 Evacuation Pause) 9599M->2330M(12288M) 42.925ms
[2025-01-08T20:06:00.246+0000][171630.612s][info][gc,cpu      ] GC(5102) User=0.25s Sys=0.00s Real=0.04s
[2025-01-08T20:06:00.804+0000][171631.170s][info][gc,start    ] GC(5103) Pause Young (Mixed) (G1 Evacuation Pause)
[2025-01-08T20:06:00.804+0000][171631.170s][info][gc,task     ] GC(5103) Using 6 workers of 6 for evacuation
[2025-01-08T20:06:00.879+0000][171631.245s][info][gc,phases   ] GC(5103)   Pre Evacuate Collection Set: 0.2ms
[2025-01-08T20:06:00.879+0000][171631.245s][info][gc,phases   ] GC(5103)   Merge Heap Roots: 0.8ms
[2025-01-08T20:06:00.879+0000][171631.245s][info][gc,phases   ] GC(5103)   Evacuate Collection Set: 72.2ms
[2025-01-08T20:06:00.879+0000][171631.245s][info][gc,phases   ] GC(5103)   Post Evacuate Collection Set: 2.2ms
[2025-01-08T20:06:00.879+0000][171631.245s][info][gc,phases   ] GC(5103)   Other: 0.2ms
[2025-01-08T20:06:00.879+0000][171631.245s][info][gc,heap     ] GC(5103) Eden regions: 64->0(917)
[2025-01-08T20:06:00.879+0000][171631.245s][info][gc,heap     ] GC(5103) Survivor regions: 12->4(10)
[2025-01-08T20:06:00.879+0000][171631.245s][info][gc,heap     ] GC(5103) Old regions: 230->233
[2025-01-08T20:06:00.879+0000][171631.245s][info][gc,heap     ] GC(5103) Archive regions: 2->2
[2025-01-08T20:06:00.879+0000][171631.245s][info][gc,heap     ] GC(5103) Humongous regions: 49->49
[2025-01-08T20:06:00.879+0000][171631.245s][info][gc,metaspace] GC(5103) Metaspace: 523576K(533760K)->523576K(533760K) NonClass: 459732K(465024K)->459732K(465024K) Class: 63844K(68736K)->63844K(68736K)
[2025-01-08T20:06:00.879+0000][171631.245s][info][gc          ] GC(5103) Pause Young (Mixed) (G1 Evacuation Pause) 2842M->2290M(12288M) 75.659ms
[2025-01-08T20:06:00.879+0000][171631.245s][info][gc,cpu      ] GC(5103) User=0.43s Sys=0.00s Real=0.07s
[2025-01-08T20:06:14.937+0000][171645.303s][info][gc,start    ] GC(5104) Pause Young (Normal) (G1 Evacuation Pause)
[2025-01-08T20:06:14.937+0000][171645.303s][info][gc,task     ] GC(5104) Using 6 workers of 6 for evacuation
[2025-01-08T20:06:14.966+0000][171645.332s][info][gc,phases   ] GC(5104)   Pre Evacuate Collection Set: 0.3ms
[2025-01-08T20:06:14.966+0000][171645.332s][info][gc,phases   ] GC(5104)   Merge Heap Roots: 0.4ms
[2025-01-08T20:06:14.966+0000][171645.332s][info][gc,phases   ] GC(5104)   Evacuate Collection Set: 24.6ms
[2025-01-08T20:06:14.966+0000][171645.332s][info][gc,phases   ] GC(5104)   Post Evacuate Collection Set: 3.1ms
[2025-01-08T20:06:14.966+0000][171645.332s][info][gc,phases   ] GC(5104)   Other: 0.2ms
[2025-01-08T20:06:14.966+0000][171645.332s][info][gc,heap     ] GC(5104) Eden regions: 917->0(914)
[2025-01-08T20:06:14.966+0000][171645.332s][info][gc,heap     ] GC(5104) Survivor regions: 4->7(116)
[2025-01-08T20:06:14.966+0000][171645.332s][info][gc,heap     ] GC(5104) Old regions: 233->233
[2025-01-08T20:06:14.966+0000][171645.332s][info][gc,heap     ] GC(5104) Archive regions: 2->2
[2025-01-08T20:06:14.966+0000][171645.332s][info][gc,heap     ] GC(5104) Humongous regions: 49->49
[2025-01-08T20:06:14.966+0000][171645.332s][info][gc,metaspace] GC(5104) Metaspace: 523576K(533760K)->523576K(533760K) NonClass: 459732K(465024K)->459732K(465024K) Class: 63844K(68736K)->63844K(68736K)
[2025-01-08T20:06:14.966+0000][171645.332s][info][gc          ] GC(5104) Pause Young (Normal) (G1 Evacuation Pause) 9626M->2308M(12288M) 28.593ms
[2025-01-08T20:06:14.966+0000][171645.332s][info][gc,cpu      ] GC(5104) User=0.16s Sys=0.00s Real=0.03s
[2025-01-08T20:06:22.542+0000][171652.908s][info][gc,start    ] GC(5105) Pause Young (Normal) (G1 Evacuation Pause)
[2025-01-08T20:06:22.542+0000][171652.908s][info][gc,task     ] GC(5105) Using 6 workers of 6 for evacuation
[2025-01-08T20:06:22.569+0000][171652.935s][info][gc,phases   ] GC(5105)   Pre Evacuate Collection Set: 0.2ms
[2025-01-08T20:06:22.569+0000][171652.935s][info][gc,phases   ] GC(5105)   Merge Heap Roots: 0.4ms
[2025-01-08T20:06:22.569+0000][171652.935s][info][gc,phases   ] GC(5105)   Evacuate Collection Set: 23.6ms
[2025-01-08T20:06:22.569+0000][171652.935s][info][gc,phases   ] GC(5105)   Post Evacuate Collection Set: 2.6ms
[2025-01-08T20:06:22.569+0000][171652.935s][info][gc,phases   ] GC(5105)   Other: 0.2ms
[2025-01-08T20:06:22.569+0000][171652.935s][info][gc,heap     ] GC(5105) Eden regions: 914->0(913)
[2025-01-08T20:06:22.569+0000][171652.935s][info][gc,heap     ] GC(5105) Survivor regions: 7->8(116)
[2025-01-08T20:06:22.569+0000][171652.935s][info][gc,heap     ] GC(5105) Old regions: 233->233
[2025-01-08T20:06:22.569+0000][171652.935s][info][gc,heap     ] GC(5105) Archive regions: 2->2
[2025-01-08T20:06:22.569+0000][171652.935s][info][gc,heap     ] GC(5105) Humongous regions: 49->49
[2025-01-08T20:06:22.569+0000][171652.935s][info][gc,metaspace] GC(5105) Metaspace: 523577K(533760K)->523577K(533760K) NonClass: 459733K(465024K)->459733K(465024K) Class: 63844K(68736K)->63844K(68736K)
[2025-01-08T20:06:22.569+0000][171652.935s][info][gc          ] GC(5105) Pause Young (Normal) (G1 Evacuation Pause) 9620M->2317M(12288M) 27.035ms
[2025-01-08T20:06:22.569+0000][171652.935s][info][gc,cpu      ] GC(5105) User=0.15s Sys=0.00s Real=0.02s
[2025-01-08T20:06:32.760+0000][171663.126s][info][gc,start    ] GC(5106) Pause Young (Concurrent Start) (G1 Evacuation Pause)
[2025-01-08T20:06:32.760+0000][171663.126s][info][gc,task     ] GC(5106) Using 6 workers of 6 for evacuation
[2025-01-08T20:06:32.794+0000][171663.160s][info][gc,phases   ] GC(5106)   Pre Evacuate Collection Set: 1.1ms
[2025-01-08T20:06:32.794+0000][171663.160s][info][gc,phases   ] GC(5106)   Merge Heap Roots: 0.5ms
[2025-01-08T20:06:32.794+0000][171663.160s][info][gc,phases   ] GC(5106)   Evacuate Collection Set: 30.0ms
[2025-01-08T20:06:32.794+0000][171663.160s][info][gc,phases   ] GC(5106)   Post Evacuate Collection Set: 2.8ms
[2025-01-08T20:06:32.794+0000][171663.160s][info][gc,phases   ] GC(5106)   Other: 0.3ms
[2025-01-08T20:06:32.794+0000][171663.160s][info][gc,heap     ] GC(5106) Eden regions: 913->0(911)
[2025-01-08T20:06:32.794+0000][171663.160s][info][gc,heap     ] GC(5106) Survivor regions: 8->10(116)
[2025-01-08T20:06:32.794+0000][171663.160s][info][gc,heap     ] GC(5106) Old regions: 233->233
[2025-01-08T20:06:32.794+0000][171663.160s][info][gc,heap     ] GC(5106) Archive regions: 2->2
[2025-01-08T20:06:32.794+0000][171663.160s][info][gc,heap     ] GC(5106) Humongous regions: 49->49
[2025-01-08T20:06:32.794+0000][171663.160s][info][gc,metaspace] GC(5106) Metaspace: 523578K(533760K)->523578K(533760K) NonClass: 459734K(465024K)->459734K(465024K) Class: 63844K(68736K)->63844K(68736K)
[2025-01-08T20:06:32.794+0000][171663.160s][info][gc          ] GC(5106) Pause Young (Concurrent Start) (G1 Evacuation Pause) 9621M->2333M(12288M) 34.749ms
[2025-01-08T20:06:32.794+0000][171663.160s][info][gc,cpu      ] GC(5106) User=0.20s Sys=0.00s Real=0.04s
[2025-01-08T20:06:32.794+0000][171663.160s][info][gc          ] GC(5107) Concurrent Mark Cycle
[2025-01-08T20:06:32.794+0000][171663.160s][info][gc,marking  ] GC(5107) Concurrent Clear Claimed Marks
[2025-01-08T20:06:32.795+0000][171663.161s][info][gc,marking  ] GC(5107) Concurrent Clear Claimed Marks 0.928ms
[2025-01-08T20:06:32.795+0000][171663.161s][info][gc,marking  ] GC(5107) Concurrent Scan Root Regions
[2025-01-08T20:06:32.820+0000][171663.186s][info][gc,marking  ] GC(5107) Concurrent Scan Root Regions 24.179ms
[2025-01-08T20:06:32.820+0000][171663.186s][info][gc,marking  ] GC(5107) Concurrent Mark
[2025-01-08T20:06:32.820+0000][171663.186s][info][gc,marking  ] GC(5107) Concurrent Mark From Roots
[2025-01-08T20:06:32.820+0000][171663.186s][info][gc,task     ] GC(5107) Using 2 workers of 2 for marking
[2025-01-08T20:06:33.621+0000][171663.988s][info][gc,marking  ] GC(5107) Concurrent Mark From Roots 801.933ms
[2025-01-08T20:06:33.622+0000][171663.988s][info][gc,marking  ] GC(5107) Concurrent Preclean
[2025-01-08T20:06:33.624+0000][171663.990s][info][gc,marking  ] GC(5107) Concurrent Preclean 2.643ms
[2025-01-08T20:06:33.624+0000][171663.990s][info][gc,start    ] GC(5107) Pause Remark
[2025-01-08T20:06:33.650+0000][171664.016s][info][gc          ] GC(5107) Pause Remark 2674M->2674M(12288M) 25.507ms
[2025-01-08T20:06:33.650+0000][171664.016s][info][gc,cpu      ] GC(5107) User=0.15s Sys=0.00s Real=0.03s
[2025-01-08T20:06:33.650+0000][171664.016s][info][gc,marking  ] GC(5107) Concurrent Mark 830.417ms
[2025-01-08T20:06:33.650+0000][171664.016s][info][gc,marking  ] GC(5107) Concurrent Rebuild Remembered Sets
[2025-01-08T20:06:34.255+0000][171664.621s][info][gc,marking  ] GC(5107) Concurrent Rebuild Remembered Sets 604.968ms
[2025-01-08T20:06:34.255+0000][171664.621s][info][gc,start    ] GC(5107) Pause Cleanup
[2025-01-08T20:06:34.256+0000][171664.622s][info][gc          ] GC(5107) Pause Cleanup 3409M->3409M(12288M) 0.432ms
[2025-01-08T20:06:34.256+0000][171664.622s][info][gc,cpu      ] GC(5107) User=0.00s Sys=0.00s Real=0.00s
[2025-01-08T20:06:34.256+0000][171664.622s][info][gc,marking  ] GC(5107) Concurrent Cleanup for Next Mark
[2025-01-08T20:06:34.272+0000][171664.638s][info][gc,marking  ] GC(5107) Concurrent Cleanup for Next Mark 16.396ms
[2025-01-08T20:06:34.272+0000][171664.638s][info][gc          ] GC(5107) Concurrent Mark Cycle 1477.721ms
[2025-01-08T20:06:42.718+0000][171673.084s][info][gc,start    ] GC(5108) Pause Young (Prepare Mixed) (G1 Evacuation Pause)
[2025-01-08T20:06:42.718+0000][171673.084s][info][gc,task     ] GC(5108) Using 6 workers of 6 for evacuation
[2025-01-08T20:06:42.758+0000][171673.124s][info][gc,phases   ] GC(5108)   Pre Evacuate Collection Set: 0.2ms
[2025-01-08T20:06:42.758+0000][171673.124s][info][gc,phases   ] GC(5108)   Merge Heap Roots: 0.7ms
[2025-01-08T20:06:42.758+0000][171673.124s][info][gc,phases   ] GC(5108)   Evacuate Collection Set: 33.0ms
[2025-01-08T20:06:42.758+0000][171673.124s][info][gc,phases   ] GC(5108)   Post Evacuate Collection Set: 5.4ms
[2025-01-08T20:06:42.758+0000][171673.124s][info][gc,phases   ] GC(5108)   Other: 0.2ms
[2025-01-08T20:06:42.758+0000][171673.124s][info][gc,heap     ] GC(5108) Eden regions: 911->0(63)
[2025-01-08T20:06:42.758+0000][171673.124s][info][gc,heap     ] GC(5108) Survivor regions: 10->13(116)
[2025-01-08T20:06:42.758+0000][171673.124s][info][gc,heap     ] GC(5108) Old regions: 233->233
[2025-01-08T20:06:42.758+0000][171673.124s][info][gc,heap     ] GC(5108) Archive regions: 2->2
[2025-01-08T20:06:42.758+0000][171673.124s][info][gc,heap     ] GC(5108) Humongous regions: 49->49
[2025-01-08T20:06:42.758+0000][171673.124s][info][gc,metaspace] GC(5108) Metaspace: 523579K(533760K)->523579K(533760K) NonClass: 459735K(465024K)->459735K(465024K) Class: 63844K(68736K)->63844K(68736K)
[2025-01-08T20:06:42.758+0000][171673.124s][info][gc          ] GC(5108) Pause Young (Prepare Mixed) (G1 Evacuation Pause) 9621M->2356M(12288M) 39.600ms
[2025-01-08T20:06:42.758+0000][171673.124s][info][gc,cpu      ] GC(5108) User=0.23s Sys=0.00s Real=0.04s
[2025-01-08T20:06:43.156+0000][171673.522s][info][gc,start    ] GC(5109) Pause Young (Mixed) (G1 Evacuation Pause)
[2025-01-08T20:06:43.156+0000][171673.522s][info][gc,task     ] GC(5109) Using 6 workers of 6 for evacuation
[2025-01-08T20:06:43.204+0000][171673.571s][info][gc,phases   ] GC(5109)   Pre Evacuate Collection Set: 0.2ms
[2025-01-08T20:06:43.204+0000][171673.571s][info][gc,phases   ] GC(5109)   Merge Heap Roots: 0.5ms
[2025-01-08T20:06:43.205+0000][171673.571s][info][gc,phases   ] GC(5109)   Evacuate Collection Set: 46.4ms
[2025-01-08T20:06:43.205+0000][171673.571s][info][gc,phases   ] GC(5109)   Post Evacuate Collection Set: 1.7ms
[2025-01-08T20:06:43.205+0000][171673.571s][info][gc,phases   ] GC(5109)   Other: 0.2ms
[2025-01-08T20:06:43.205+0000][171673.571s][info][gc,heap     ] GC(5109) Eden regions: 63->0(916)
[2025-01-08T20:06:43.205+0000][171673.571s][info][gc,heap     ] GC(5109) Survivor regions: 13->5(10)
[2025-01-08T20:06:43.205+0000][171673.571s][info][gc,heap     ] GC(5109) Old regions: 233->234
[2025-01-08T20:06:43.205+0000][171673.571s][info][gc,heap     ] GC(5109) Archive regions: 2->2
[2025-01-08T20:06:43.205+0000][171673.571s][info][gc,heap     ] GC(5109) Humongous regions: 49->49
[2025-01-08T20:06:43.205+0000][171673.571s][info][gc,metaspace] GC(5109) Metaspace: 523579K(533760K)->523579K(533760K) NonClass: 459735K(465024K)->459735K(465024K) Class: 63844K(68736K)->63844K(68736K)
[2025-01-08T20:06:43.205+0000][171673.571s][info][gc          ] GC(5109) Pause Young (Mixed) (G1 Evacuation Pause) 2860M->2303M(12288M) 49.010ms
[2025-01-08T20:06:43.205+0000][171673.571s][info][gc,cpu      ] GC(5109) User=0.27s Sys=0.00s Real=0.05s
[2025-01-08T20:06:49.451+0000][171679.817s][info][gc,start    ] GC(5110) Pause Young (Normal) (G1 Evacuation Pause)
[2025-01-08T20:06:49.451+0000][171679.817s][info][gc,task     ] GC(5110) Using 6 workers of 6 for evacuation
[2025-01-08T20:06:49.474+0000][171679.840s][info][gc,phases   ] GC(5110)   Pre Evacuate Collection Set: 0.2ms
[2025-01-08T20:06:49.474+0000][171679.840s][info][gc,phases   ] GC(5110)   Merge Heap Roots: 0.4ms
[2025-01-08T20:06:49.474+0000][171679.840s][info][gc,phases   ] GC(5110)   Evacuate Collection Set: 19.5ms
[2025-01-08T20:06:49.474+0000][171679.840s][info][gc,phases   ] GC(5110)   Post Evacuate Collection Set: 2.4ms
[2025-01-08T20:06:49.474+0000][171679.840s][info][gc,phases   ] GC(5110)   Other: 0.2ms
[2025-01-08T20:06:49.474+0000][171679.840s][info][gc,heap     ] GC(5110) Eden regions: 916->0(915)
[2025-01-08T20:06:49.474+0000][171679.840s][info][gc,heap     ] GC(5110) Survivor regions: 5->6(116)
[2025-01-08T20:06:49.474+0000][171679.840s][info][gc,heap     ] GC(5110) Old regions: 234->234
[2025-01-08T20:06:49.474+0000][171679.840s][info][gc,heap     ] GC(5110) Archive regions: 2->2
[2025-01-08T20:06:49.474+0000][171679.840s][info][gc,heap     ] GC(5110) Humongous regions: 49->49
[2025-01-08T20:06:49.474+0000][171679.840s][info][gc,metaspace] GC(5110) Metaspace: 523580K(533760K)->523580K(533760K) NonClass: 459736K(465024K)->459736K(465024K) Class: 63844K(68736K)->63844K(68736K)
[2025-01-08T20:06:49.474+0000][171679.840s][info][gc          ] GC(5110) Pause Young (Normal) (G1 Evacuation Pause) 9631M->2313M(12288M) 22.775ms
[2025-01-08T20:06:49.474+0000][171679.840s][info][gc,cpu      ] GC(5110) User=0.14s Sys=0.00s Real=0.02s
[2025-01-08T20:06:56.266+0000][171686.632s][info][gc,start    ] GC(5111) Pause Young (Normal) (G1 Evacuation Pause)
[2025-01-08T20:06:56.266+0000][171686.632s][info][gc,task     ] GC(5111) Using 6 workers of 6 for evacuation
[2025-01-08T20:06:56.291+0000][171686.657s][info][gc,phases   ] GC(5111)   Pre Evacuate Collection Set: 0.2ms
[2025-01-08T20:06:56.291+0000][171686.657s][info][gc,phases   ] GC(5111)   Merge Heap Roots: 0.4ms
[2025-01-08T20:06:56.291+0000][171686.657s][info][gc,phases   ] GC(5111)   Evacuate Collection Set: 20.3ms
[2025-01-08T20:06:56.291+0000][171686.657s][info][gc,phases   ] GC(5111)   Post Evacuate Collection Set: 3.8ms
[2025-01-08T20:06:56.291+0000][171686.657s][info][gc,phases   ] GC(5111)   Other: 0.2ms
[2025-01-08T20:06:56.291+0000][171686.657s][info][gc,heap     ] GC(5111) Eden regions: 915->0(913)
[2025-01-08T20:06:56.291+0000][171686.657s][info][gc,heap     ] GC(5111) Survivor regions: 6->8(116)
[2025-01-08T20:06:56.291+0000][171686.657s][info][gc,heap     ] GC(5111) Old regions: 234->234
[2025-01-08T20:06:56.291+0000][171686.657s][info][gc,heap     ] GC(5111) Archive regions: 2->2
[2025-01-08T20:06:56.291+0000][171686.657s][info][gc,heap     ] GC(5111) Humongous regions: 49->49
[2025-01-08T20:06:56.291+0000][171686.657s][info][gc,metaspace] GC(5111) Metaspace: 523580K(533760K)->523580K(533760K) NonClass: 459736K(465024K)->459736K(465024K) Class: 63844K(68736K)->63844K(68736K)
[2025-01-08T20:06:56.291+0000][171686.657s][info][gc          ] GC(5111) Pause Young (Normal) (G1 Evacuation Pause) 9633M->2326M(12288M) 25.002ms
[2025-01-08T20:06:56.291+0000][171686.657s][info][gc,cpu      ] GC(5111) User=0.14s Sys=0.00s Real=0.03s
[2025-01-08T20:07:02.950+0000][171693.316s][info][gc,start    ] GC(5112) Pause Young (Concurrent Start) (G1 Evacuation Pause)
[2025-01-08T20:07:02.950+0000][171693.316s][info][gc,task     ] GC(5112) Using 6 workers of 6 for evacuation
[2025-01-08T20:07:02.981+0000][171693.347s][info][gc,phases   ] GC(5112)   Pre Evacuate Collection Set: 1.1ms
[2025-01-08T20:07:02.981+0000][171693.347s][info][gc,phases   ] GC(5112)   Merge Heap Roots: 0.4ms
[2025-01-08T20:07:02.981+0000][171693.347s][info][gc,phases   ] GC(5112)   Evacuate Collection Set: 26.8ms
[2025-01-08T20:07:02.981+0000][171693.348s][info][gc,phases   ] GC(5112)   Post Evacuate Collection Set: 2.6ms
[2025-01-08T20:07:02.981+0000][171693.348s][info][gc,phases   ] GC(5112)   Other: 0.3ms
[2025-01-08T20:07:02.981+0000][171693.348s][info][gc,heap     ] GC(5112) Eden regions: 913->0(912)
[2025-01-08T20:07:02.981+0000][171693.348s][info][gc,heap     ] GC(5112) Survivor regions: 8->9(116)
[2025-01-08T20:07:02.981+0000][171693.348s][info][gc,heap     ] GC(5112) Old regions: 234->234
[2025-01-08T20:07:02.981+0000][171693.348s][info][gc,heap     ] GC(5112) Archive regions: 2->2
[2025-01-08T20:07:02.981+0000][171693.348s][info][gc,heap     ] GC(5112) Humongous regions: 49->49
[2025-01-08T20:07:02.981+0000][171693.348s][info][gc,metaspace] GC(5112) Metaspace: 523581K(533760K)->523581K(533760K) NonClass: 459736K(465024K)->459736K(465024K) Class: 63844K(68736K)->63844K(68736K)
[2025-01-08T20:07:02.982+0000][171693.348s][info][gc          ] GC(5112) Pause Young (Concurrent Start) (G1 Evacuation Pause) 9630M->2331M(12288M) 31.362ms
[2025-01-08T20:07:02.982+0000][171693.348s][info][gc,cpu      ] GC(5112) User=0.17s Sys=0.00s Real=0.03s
[2025-01-08T20:07:02.982+0000][171693.348s][info][gc          ] GC(5113) Concurrent Mark Cycle
[2025-01-08T20:07:02.982+0000][171693.348s][info][gc,marking  ] GC(5113) Concurrent Clear Claimed Marks
[2025-01-08T20:07:02.983+0000][171693.349s][info][gc,marking  ] GC(5113) Concurrent Clear Claimed Marks 0.995ms
[2025-01-08T20:07:02.983+0000][171693.349s][info][gc,marking  ] GC(5113) Concurrent Scan Root Regions
[2025-01-08T20:07:03.007+0000][171693.374s][info][gc,marking  ] GC(5113) Concurrent Scan Root Regions 24.858ms
[2025-01-08T20:07:03.008+0000][171693.374s][info][gc,marking  ] GC(5113) Concurrent Mark
[2025-01-08T20:07:03.008+0000][171693.374s][info][gc,marking  ] GC(5113) Concurrent Mark From Roots
[2025-01-08T20:07:03.008+0000][171693.374s][info][gc,task     ] GC(5113) Using 2 workers of 2 for marking
[2025-01-08T20:07:03.968+0000][171694.334s][info][gc,marking  ] GC(5113) Concurrent Mark From Roots 960.142ms
[2025-01-08T20:07:03.968+0000][171694.334s][info][gc,marking  ] GC(5113) Concurrent Preclean
[2025-01-08T20:07:03.971+0000][171694.337s][info][gc,marking  ] GC(5113) Concurrent Preclean 3.677ms
[2025-01-08T20:07:03.972+0000][171694.338s][info][gc,start    ] GC(5113) Pause Remark
[2025-01-08T20:07:03.997+0000][171694.363s][info][gc          ] GC(5113) Pause Remark 3399M->3399M(12288M) 25.066ms
[2025-01-08T20:07:03.997+0000][171694.363s][info][gc,cpu      ] GC(5113) User=0.14s Sys=0.00s Real=0.02s
[2025-01-08T20:07:03.997+0000][171694.363s][info][gc,marking  ] GC(5113) Concurrent Mark 989.261ms
[2025-01-08T20:07:03.997+0000][171694.363s][info][gc,marking  ] GC(5113) Concurrent Rebuild Remembered Sets
[2025-01-08T20:07:04.535+0000][171694.901s][info][gc,marking  ] GC(5113) Concurrent Rebuild Remembered Sets 537.995ms
[2025-01-08T20:07:04.535+0000][171694.901s][info][gc,start    ] GC(5113) Pause Cleanup
[2025-01-08T20:07:04.535+0000][171694.902s][info][gc          ] GC(5113) Pause Cleanup 3955M->3955M(12288M) 0.437ms
[2025-01-08T20:07:04.535+0000][171694.902s][info][gc,cpu      ] GC(5113) User=0.00s Sys=0.00s Real=0.00s
[2025-01-08T20:07:04.536+0000][171694.902s][info][gc,marking  ] GC(5113) Concurrent Cleanup for Next Mark
[2025-01-08T20:07:04.564+0000][171694.930s][info][gc,marking  ] GC(5113) Concurrent Cleanup for Next Mark 28.148ms
[2025-01-08T20:07:04.564+0000][171694.930s][info][gc          ] GC(5113) Concurrent Mark Cycle 1582.134ms
[2025-01-08T20:07:10.380+0000][171700.746s][info][gc,start    ] GC(5114) Pause Young (Prepare Mixed) (G1 Evacuation Pause)
[2025-01-08T20:07:10.380+0000][171700.746s][info][gc,task     ] GC(5114) Using 6 workers of 6 for evacuation
[2025-01-08T20:07:10.411+0000][171700.777s][info][gc,phases   ] GC(5114)   Pre Evacuate Collection Set: 0.2ms
[2025-01-08T20:07:10.411+0000][171700.777s][info][gc,phases   ] GC(5114)   Merge Heap Roots: 0.6ms
[2025-01-08T20:07:10.411+0000][171700.777s][info][gc,phases   ] GC(5114)   Evacuate Collection Set: 28.0ms
[2025-01-08T20:07:10.411+0000][171700.777s][info][gc,phases   ] GC(5114)   Post Evacuate Collection Set: 2.6ms
[2025-01-08T20:07:10.411+0000][171700.777s][info][gc,phases   ] GC(5114)   Other: 0.2ms
[2025-01-08T20:07:10.411+0000][171700.777s][info][gc,heap     ] GC(5114) Eden regions: 912->0(67)
[2025-01-08T20:07:10.411+0000][171700.777s][info][gc,heap     ] GC(5114) Survivor regions: 9->9(116)
[2025-01-08T20:07:10.411+0000][171700.777s][info][gc,heap     ] GC(5114) Old regions: 234->234
[2025-01-08T20:07:10.411+0000][171700.777s][info][gc,heap     ] GC(5114) Archive regions: 2->2
[2025-01-08T20:07:10.411+0000][171700.777s][info][gc,heap     ] GC(5114) Humongous regions: 49->49
[2025-01-08T20:07:10.411+0000][171700.777s][info][gc,metaspace] GC(5114) Metaspace: 523588K(533760K)->523588K(533760K) NonClass: 459744K(465024K)->459744K(465024K) Class: 63844K(68736K)->63844K(68736K)
[2025-01-08T20:07:10.411+0000][171700.778s][info][gc          ] GC(5114) Pause Young (Prepare Mixed) (G1 Evacuation Pause) 9627M->2336M(12288M) 31.739ms
[2025-01-08T20:07:10.411+0000][171700.778s][info][gc,cpu      ] GC(5114) User=0.19s Sys=0.00s Real=0.04s
[2025-01-08T20:07:11.037+0000][171701.403s][info][gc,start    ] GC(5115) Pause Young (Mixed) (G1 Evacuation Pause)
[2025-01-08T20:07:11.037+0000][171701.403s][info][gc,task     ] GC(5115) Using 6 workers of 6 for evacuation
[2025-01-08T20:07:11.095+0000][171701.461s][info][gc,phases   ] GC(5115)   Pre Evacuate Collection Set: 0.2ms
[2025-01-08T20:07:11.095+0000][171701.461s][info][gc,phases   ] GC(5115)   Merge Heap Roots: 0.6ms
[2025-01-08T20:07:11.095+0000][171701.461s][info][gc,phases   ] GC(5115)   Evacuate Collection Set: 55.5ms
[2025-01-08T20:07:11.095+0000][171701.461s][info][gc,phases   ] GC(5115)   Post Evacuate Collection Set: 1.9ms
[2025-01-08T20:07:11.095+0000][171701.461s][info][gc,phases   ] GC(5115)   Other: 0.2ms
[2025-01-08T20:07:11.095+0000][171701.461s][info][gc,heap     ] GC(5115) Eden regions: 67->0(915)
[2025-01-08T20:07:11.095+0000][171701.461s][info][gc,heap     ] GC(5115) Survivor regions: 9->6(10)
[2025-01-08T20:07:11.095+0000][171701.461s][info][gc,heap     ] GC(5115) Old regions: 234->232
[2025-01-08T20:07:11.095+0000][171701.461s][info][gc,heap     ] GC(5115) Archive regions: 2->2
[2025-01-08T20:07:11.095+0000][171701.461s][info][gc,heap     ] GC(5115) Humongous regions: 49->49
[2025-01-08T20:07:11.095+0000][171701.461s][info][gc,metaspace] GC(5115) Metaspace: 523588K(533760K)->523588K(533760K) NonClass: 459744K(465024K)->459744K(465024K) Class: 63844K(68736K)->63844K(68736K)
[2025-01-08T20:07:11.095+0000][171701.461s][info][gc          ] GC(5115) Pause Young (Mixed) (G1 Evacuation Pause) 2872M->2301M(12288M) 58.435ms
[2025-01-08T20:07:11.095+0000][171701.461s][info][gc,cpu      ] GC(5115) User=0.33s Sys=0.00s Real=0.06s
[2025-01-08T20:07:19.988+0000][171710.354s][info][gc,start    ] GC(5116) Pause Young (Normal) (G1 Evacuation Pause)
[2025-01-08T20:07:19.988+0000][171710.354s][info][gc,task     ] GC(5116) Using 6 workers of 6 for evacuation
[2025-01-08T20:07:20.015+0000][171710.381s][info][gc,phases   ] GC(5116)   Pre Evacuate Collection Set: 0.2ms
[2025-01-08T20:07:20.015+0000][171710.381s][info][gc,phases   ] GC(5116)   Merge Heap Roots: 0.5ms
[2025-01-08T20:07:20.015+0000][171710.381s][info][gc,phases   ] GC(5116)   Evacuate Collection Set: 23.9ms
[2025-01-08T20:07:20.015+0000][171710.381s][info][gc,phases   ] GC(5116)   Post Evacuate Collection Set: 2.5ms
[2025-01-08T20:07:20.015+0000][171710.381s][info][gc,phases   ] GC(5116)   Other: 0.2ms
[2025-01-08T20:07:20.015+0000][171710.381s][info][gc,heap     ] GC(5116) Eden regions: 915->0(914)
[2025-01-08T20:07:20.015+0000][171710.381s][info][gc,heap     ] GC(5116) Survivor regions: 6->7(116)
[2025-01-08T20:07:20.015+0000][171710.381s][info][gc,heap     ] GC(5116) Old regions: 232->232
[2025-01-08T20:07:20.015+0000][171710.381s][info][gc,heap     ] GC(5116) Archive regions: 2->2
[2025-01-08T20:07:20.015+0000][171710.381s][info][gc,heap     ] GC(5116) Humongous regions: 49->49
[2025-01-08T20:07:20.015+0000][171710.381s][info][gc,metaspace] GC(5116) Metaspace: 523588K(533760K)->523588K(533760K) NonClass: 459744K(465024K)->459744K(465024K) Class: 63844K(68736K)->63844K(68736K)
[2025-01-08T20:07:20.015+0000][171710.381s][info][gc          ] GC(5116) Pause Young (Normal) (G1 Evacuation Pause) 9621M->2309M(12288M) 27.369ms
[2025-01-08T20:07:20.015+0000][171710.381s][info][gc,cpu      ] GC(5116) User=0.15s Sys=0.00s Real=0.03s
[2025-01-08T20:07:31.029+0000][171721.395s][info][gc,start    ] GC(5117) Pause Young (Normal) (G1 Evacuation Pause)
[2025-01-08T20:07:31.029+0000][171721.395s][info][gc,task     ] GC(5117) Using 6 workers of 6 for evacuation
[2025-01-08T20:07:31.062+0000][171721.428s][info][gc,phases   ] GC(5117)   Pre Evacuate Collection Set: 0.2ms
[2025-01-08T20:07:31.062+0000][171721.428s][info][gc,phases   ] GC(5117)   Merge Heap Roots: 0.5ms
[2025-01-08T20:07:31.062+0000][171721.428s][info][gc,phases   ] GC(5117)   Evacuate Collection Set: 29.7ms
[2025-01-08T20:07:31.062+0000][171721.428s][info][gc,phases   ] GC(5117)   Post Evacuate Collection Set: 2.7ms
[2025-01-08T20:07:31.062+0000][171721.428s][info][gc,phases   ] GC(5117)   Other: 0.2ms
[2025-01-08T20:07:31.062+0000][171721.428s][info][gc,heap     ] GC(5117) Eden regions: 914->0(911)
[2025-01-08T20:07:31.062+0000][171721.428s][info][gc,heap     ] GC(5117) Survivor regions: 7->10(116)
[2025-01-08T20:07:31.062+0000][171721.428s][info][gc,heap     ] GC(5117) Old regions: 232->232
[2025-01-08T20:07:31.062+0000][171721.428s][info][gc,heap     ] GC(5117) Archive regions: 2->2
[2025-01-08T20:07:31.062+0000][171721.428s][info][gc,heap     ] GC(5117) Humongous regions: 49->49
[2025-01-08T20:07:31.062+0000][171721.428s][info][gc,metaspace] GC(5117) Metaspace: 523588K(533760K)->523588K(533760K) NonClass: 459744K(465024K)->459744K(465024K) Class: 63844K(68736K)->63844K(68736K)
[2025-01-08T20:07:31.062+0000][171721.428s][info][gc          ] GC(5117) Pause Young (Normal) (G1 Evacuation Pause) 9621M->2329M(12288M) 33.323ms
[2025-01-08T20:07:31.062+0000][171721.428s][info][gc,cpu      ] GC(5117) User=0.20s Sys=0.00s Real=0.04s
[2025-01-08T20:07:36.003+0000][171726.369s][info][gc,start    ] GC(5118) Pause Young (Concurrent Start) (G1 Evacuation Pause)
[2025-01-08T20:07:36.003+0000][171726.369s][info][gc,task     ] GC(5118) Using 6 workers of 6 for evacuation
[2025-01-08T20:07:36.040+0000][171726.407s][info][gc,phases   ] GC(5118)   Pre Evacuate Collection Set: 1.1ms
[2025-01-08T20:07:36.040+0000][171726.407s][info][gc,phases   ] GC(5118)   Merge Heap Roots: 0.5ms
[2025-01-08T20:07:36.040+0000][171726.407s][info][gc,phases   ] GC(5118)   Evacuate Collection Set: 30.8ms
[2025-01-08T20:07:36.040+0000][171726.407s][info][gc,phases   ] GC(5118)   Post Evacuate Collection Set: 5.2ms
[2025-01-08T20:07:36.040+0000][171726.407s][info][gc,phases   ] GC(5118)   Other: 0.3ms
[2025-01-08T20:07:36.040+0000][171726.407s][info][gc,heap     ] GC(5118) Eden regions: 911->0(909)
[2025-01-08T20:07:36.040+0000][171726.407s][info][gc,heap     ] GC(5118) Survivor regions: 10->12(116)
[2025-01-08T20:07:36.040+0000][171726.407s][info][gc,heap     ] GC(5118) Old regions: 232->232
[2025-01-08T20:07:36.040+0000][171726.407s][info][gc,heap     ] GC(5118) Archive regions: 2->2
[2025-01-08T20:07:36.040+0000][171726.407s][info][gc,heap     ] GC(5118) Humongous regions: 49->49
[2025-01-08T20:07:36.040+0000][171726.407s][info][gc,metaspace] GC(5118) Metaspace: 523588K(533760K)->523588K(533760K) NonClass: 459744K(465024K)->459744K(465024K) Class: 63844K(68736K)->63844K(68736K)
[2025-01-08T20:07:36.041+0000][171726.407s][info][gc          ] GC(5118) Pause Young (Concurrent Start) (G1 Evacuation Pause) 9617M->2344M(12288M) 37.910ms
[2025-01-08T20:07:36.041+0000][171726.407s][info][gc,cpu      ] GC(5118) User=0.22s Sys=0.00s Real=0.03s
[2025-01-08T20:07:36.041+0000][171726.407s][info][gc          ] GC(5119) Concurrent Mark Cycle
[2025-01-08T20:07:36.041+0000][171726.407s][info][gc,marking  ] GC(5119) Concurrent Clear Claimed Marks
[2025-01-08T20:07:36.042+0000][171726.408s][info][gc,marking  ] GC(5119) Concurrent Clear Claimed Marks 0.981ms
[2025-01-08T20:07:36.042+0000][171726.408s][info][gc,marking  ] GC(5119) Concurrent Scan Root Regions
[2025-01-08T20:07:36.072+0000][171726.438s][info][gc,marking  ] GC(5119) Concurrent Scan Root Regions 30.763ms
[2025-01-08T20:07:36.072+0000][171726.439s][info][gc,marking  ] GC(5119) Concurrent Mark
[2025-01-08T20:07:36.072+0000][171726.439s][info][gc,marking  ] GC(5119) Concurrent Mark From Roots
[2025-01-08T20:07:36.072+0000][171726.439s][info][gc,task     ] GC(5119) Using 2 workers of 2 for marking
[2025-01-08T20:07:36.891+0000][171727.257s][info][gc,marking  ] GC(5119) Concurrent Mark From Roots 818.791ms
[2025-01-08T20:07:36.891+0000][171727.257s][info][gc,marking  ] GC(5119) Concurrent Preclean
[2025-01-08T20:07:36.894+0000][171727.260s][info][gc,marking  ] GC(5119) Concurrent Preclean 2.622ms
[2025-01-08T20:07:36.894+0000][171727.260s][info][gc,start    ] GC(5119) Pause Remark
[2025-01-08T20:07:36.919+0000][171727.285s][info][gc          ] GC(5119) Pause Remark 3048M->3048M(12288M) 25.010ms
[2025-01-08T20:07:36.919+0000][171727.285s][info][gc,cpu      ] GC(5119) User=0.14s Sys=0.00s Real=0.02s
[2025-01-08T20:07:36.919+0000][171727.285s][info][gc,marking  ] GC(5119) Concurrent Mark 846.723ms
[2025-01-08T20:07:36.919+0000][171727.285s][info][gc,marking  ] GC(5119) Concurrent Rebuild Remembered Sets
[2025-01-08T20:07:37.461+0000][171727.827s][info][gc,marking  ] GC(5119) Concurrent Rebuild Remembered Sets 541.965ms
[2025-01-08T20:07:37.461+0000][171727.827s][info][gc,start    ] GC(5119) Pause Cleanup
[2025-01-08T20:07:37.462+0000][171727.828s][info][gc          ] GC(5119) Pause Cleanup 3605M->3605M(12288M) 0.440ms
[2025-01-08T20:07:37.462+0000][171727.828s][info][gc,cpu      ] GC(5119) User=0.00s Sys=0.00s Real=0.01s
[2025-01-08T20:07:37.462+0000][171727.828s][info][gc,marking  ] GC(5119) Concurrent Cleanup for Next Mark
[2025-01-08T20:07:37.478+0000][171727.844s][info][gc,marking  ] GC(5119) Concurrent Cleanup for Next Mark 16.114ms
[2025-01-08T20:07:37.478+0000][171727.844s][info][gc          ] GC(5119) Concurrent Mark Cycle 1437.420ms
[2025-01-08T20:07:44.223+0000][171734.589s][info][gc,start    ] GC(5120) Pause Young (Prepare Mixed) (G1 Evacuation Pause)
[2025-01-08T20:07:44.223+0000][171734.589s][info][gc,task     ] GC(5120) Using 6 workers of 6 for evacuation
[2025-01-08T20:07:44.262+0000][171734.628s][info][gc,phases   ] GC(5120)   Pre Evacuate Collection Set: 0.2ms
[2025-01-08T20:07:44.262+0000][171734.628s][info][gc,phases   ] GC(5120)   Merge Heap Roots: 0.7ms
[2025-01-08T20:07:44.262+0000][171734.628s][info][gc,phases   ] GC(5120)   Evacuate Collection Set: 35.5ms
[2025-01-08T20:07:44.262+0000][171734.628s][info][gc,phases   ] GC(5120)   Post Evacuate Collection Set: 2.7ms
[2025-01-08T20:07:44.262+0000][171734.628s][info][gc,phases   ] GC(5120)   Other: 0.2ms
[2025-01-08T20:07:44.262+0000][171734.628s][info][gc,heap     ] GC(5120) Eden regions: 909->0(64)
[2025-01-08T20:07:44.262+0000][171734.628s][info][gc,heap     ] GC(5120) Survivor regions: 12->12(116)
[2025-01-08T20:07:44.262+0000][171734.628s][info][gc,heap     ] GC(5120) Old regions: 232->232
[2025-01-08T20:07:44.262+0000][171734.628s][info][gc,heap     ] GC(5120) Archive regions: 2->2
[2025-01-08T20:07:44.262+0000][171734.628s][info][gc,heap     ] GC(5120) Humongous regions: 49->49
[2025-01-08T20:07:44.262+0000][171734.628s][info][gc,metaspace] GC(5120) Metaspace: 523591K(533760K)->523591K(533760K) NonClass: 459747K(465024K)->459747K(465024K) Class: 63844K(68736K)->63844K(68736K)
[2025-01-08T20:07:44.262+0000][171734.628s][info][gc          ] GC(5120) Pause Young (Prepare Mixed) (G1 Evacuation Pause) 9616M->2347M(12288M) 39.390ms
[2025-01-08T20:07:44.262+0000][171734.628s][info][gc,cpu      ] GC(5120) User=0.23s Sys=0.00s Real=0.04s
[2025-01-08T20:07:45.182+0000][171735.549s][info][gc,start    ] GC(5121) Pause Young (Mixed) (G1 Evacuation Pause)
[2025-01-08T20:07:45.182+0000][171735.549s][info][gc,task     ] GC(5121) Using 6 workers of 6 for evacuation
[2025-01-08T20:07:45.250+0000][171735.617s][info][gc,phases   ] GC(5121)   Pre Evacuate Collection Set: 0.2ms
[2025-01-08T20:07:45.250+0000][171735.617s][info][gc,phases   ] GC(5121)   Merge Heap Roots: 0.6ms
[2025-01-08T20:07:45.251+0000][171735.617s][info][gc,phases   ] GC(5121)   Evacuate Collection Set: 65.0ms
[2025-01-08T20:07:45.251+0000][171735.617s][info][gc,phases   ] GC(5121)   Post Evacuate Collection Set: 2.1ms
[2025-01-08T20:07:45.251+0000][171735.617s][info][gc,phases   ] GC(5121)   Other: 0.2ms
[2025-01-08T20:07:45.251+0000][171735.617s][info][gc,heap     ] GC(5121) Eden regions: 64->0(916)
[2025-01-08T20:07:45.251+0000][171735.617s][info][gc,heap     ] GC(5121) Survivor regions: 12->5(10)
[2025-01-08T20:07:45.251+0000][171735.617s][info][gc,heap     ] GC(5121) Old regions: 232->236
[2025-01-08T20:07:45.251+0000][171735.617s][info][gc,heap     ] GC(5121) Archive regions: 2->2
[2025-01-08T20:07:45.251+0000][171735.617s][info][gc,heap     ] GC(5121) Humongous regions: 49->49
[2025-01-08T20:07:45.251+0000][171735.617s][info][gc,metaspace] GC(5121) Metaspace: 523591K(533760K)->523591K(533760K) NonClass: 459747K(465024K)->459747K(465024K) Class: 63844K(68736K)->63844K(68736K)
[2025-01-08T20:07:45.251+0000][171735.617s][info][gc          ] GC(5121) Pause Young (Mixed) (G1 Evacuation Pause) 2859M->2313M(12288M) 68.169ms
[2025-01-08T20:07:45.251+0000][171735.617s][info][gc,cpu      ] GC(5121) User=0.38s Sys=0.00s Real=0.07s
[2025-01-08T20:07:56.086+0000][171746.452s][info][gc,start    ] GC(5122) Pause Young (Normal) (G1 Evacuation Pause)
[2025-01-08T20:07:56.086+0000][171746.452s][info][gc,task     ] GC(5122) Using 6 workers of 6 for evacuation
[2025-01-08T20:07:56.113+0000][171746.480s][info][gc,phases   ] GC(5122)   Pre Evacuate Collection Set: 0.2ms
[2025-01-08T20:07:56.114+0000][171746.480s][info][gc,phases   ] GC(5122)   Merge Heap Roots: 0.5ms
[2025-01-08T20:07:56.114+0000][171746.480s][info][gc,phases   ] GC(5122)   Evacuate Collection Set: 23.1ms
[2025-01-08T20:07:56.114+0000][171746.480s][info][gc,phases   ] GC(5122)   Post Evacuate Collection Set: 3.9ms
[2025-01-08T20:07:56.114+0000][171746.480s][info][gc,phases   ] GC(5122)   Other: 0.2ms
[2025-01-08T20:07:56.114+0000][171746.480s][info][gc,heap     ] GC(5122) Eden regions: 916->0(914)
[2025-01-08T20:07:56.114+0000][171746.480s][info][gc,heap     ] GC(5122) Survivor regions: 5->7(116)
[2025-01-08T20:07:56.114+0000][171746.480s][info][gc,heap     ] GC(5122) Old regions: 236->236
[2025-01-08T20:07:56.114+0000][171746.480s][info][gc,heap     ] GC(5122) Archive regions: 2->2
[2025-01-08T20:07:56.114+0000][171746.480s][info][gc,heap     ] GC(5122) Humongous regions: 49->49
[2025-01-08T20:07:56.114+0000][171746.480s][info][gc,metaspace] GC(5122) Metaspace: 523592K(533760K)->523592K(533760K) NonClass: 459748K(465024K)->459748K(465024K) Class: 63844K(68736K)->63844K(68736K)
[2025-01-08T20:07:56.114+0000][171746.480s][info][gc          ] GC(5122) Pause Young (Normal) (G1 Evacuation Pause) 9641M->2330M(12288M) 27.953ms
[2025-01-08T20:07:56.114+0000][171746.480s][info][gc,cpu      ] GC(5122) User=0.16s Sys=0.00s Real=0.03s
[2025-01-08T20:08:03.267+0000][171753.634s][info][gc,start    ] GC(5123) Pause Young (Normal) (G1 Evacuation Pause)
[2025-01-08T20:08:03.268+0000][171753.634s][info][gc,task     ] GC(5123) Using 6 workers of 6 for evacuation
[2025-01-08T20:08:03.297+0000][171753.663s][info][gc,phases   ] GC(5123)   Pre Evacuate Collection Set: 0.2ms
[2025-01-08T20:08:03.297+0000][171753.663s][info][gc,phases   ] GC(5123)   Merge Heap Roots: 0.4ms
[2025-01-08T20:08:03.297+0000][171753.663s][info][gc,phases   ] GC(5123)   Evacuate Collection Set: 26.5ms
[2025-01-08T20:08:03.297+0000][171753.663s][info][gc,phases   ] GC(5123)   Post Evacuate Collection Set: 2.4ms
[2025-01-08T20:08:03.297+0000][171753.663s][info][gc,phases   ] GC(5123)   Other: 0.2ms
[2025-01-08T20:08:03.297+0000][171753.663s][info][gc,heap     ] GC(5123) Eden regions: 914->0(914)
[2025-01-08T20:08:03.297+0000][171753.663s][info][gc,heap     ] GC(5123) Survivor regions: 7->7(116)
[2025-01-08T20:08:03.297+0000][171753.663s][info][gc,heap     ] GC(5123) Old regions: 236->236
[2025-01-08T20:08:03.297+0000][171753.663s][info][gc,heap     ] GC(5123) Archive regions: 2->2
[2025-01-08T20:08:03.297+0000][171753.663s][info][gc,heap     ] GC(5123) Humongous regions: 49->49
[2025-01-08T20:08:03.297+0000][171753.663s][info][gc,metaspace] GC(5123) Metaspace: 523594K(533760K)->523594K(533760K) NonClass: 459750K(465024K)->459750K(465024K) Class: 63844K(68736K)->63844K(68736K)
[2025-01-08T20:08:03.297+0000][171753.663s][info][gc          ] GC(5123) Pause Young (Normal) (G1 Evacuation Pause) 9642M->2335M(12288M) 29.846ms
[2025-01-08T20:08:03.297+0000][171753.663s][info][gc,cpu      ] GC(5123) User=0.17s Sys=0.00s Real=0.03s
[2025-01-08T20:08:08.858+0000][171759.224s][info][gc,start    ] GC(5124) Pause Young (Concurrent Start) (G1 Evacuation Pause)
[2025-01-08T20:08:08.858+0000][171759.224s][info][gc,task     ] GC(5124) Using 6 workers of 6 for evacuation
[2025-01-08T20:08:08.888+0000][171759.254s][info][gc,phases   ] GC(5124)   Pre Evacuate Collection Set: 1.1ms
[2025-01-08T20:08:08.888+0000][171759.254s][info][gc,phases   ] GC(5124)   Merge Heap Roots: 0.4ms
[2025-01-08T20:08:08.888+0000][171759.254s][info][gc,phases   ] GC(5124)   Evacuate Collection Set: 25.9ms
[2025-01-08T20:08:08.888+0000][171759.254s][info][gc,phases   ] GC(5124)   Post Evacuate Collection Set: 2.5ms
[2025-01-08T20:08:08.888+0000][171759.254s][info][gc,phases   ] GC(5124)   Other: 0.3ms
[2025-01-08T20:08:08.888+0000][171759.254s][info][gc,heap     ] GC(5124) Eden regions: 914->0(913)
[2025-01-08T20:08:08.888+0000][171759.254s][info][gc,heap     ] GC(5124) Survivor regions: 7->8(116)
[2025-01-08T20:08:08.888+0000][171759.254s][info][gc,heap     ] GC(5124) Old regions: 236->236
[2025-01-08T20:08:08.888+0000][171759.254s][info][gc,heap     ] GC(5124) Archive regions: 2->2
[2025-01-08T20:08:08.888+0000][171759.254s][info][gc,heap     ] GC(5124) Humongous regions: 49->49
[2025-01-08T20:08:08.888+0000][171759.254s][info][gc,metaspace] GC(5124) Metaspace: 523594K(533760K)->523594K(533760K) NonClass: 459750K(465024K)->459750K(465024K) Class: 63844K(68736K)->63844K(68736K)
[2025-01-08T20:08:08.888+0000][171759.254s][info][gc          ] GC(5124) Pause Young (Concurrent Start) (G1 Evacuation Pause) 9647M->2343M(12288M) 30.301ms
[2025-01-08T20:08:08.888+0000][171759.254s][info][gc,cpu      ] GC(5124) User=0.17s Sys=0.00s Real=0.03s
[2025-01-08T20:08:08.888+0000][171759.254s][info][gc          ] GC(5125) Concurrent Mark Cycle
[2025-01-08T20:08:08.888+0000][171759.254s][info][gc,marking  ] GC(5125) Concurrent Clear Claimed Marks
[2025-01-08T20:08:08.889+0000][171759.255s][info][gc,marking  ] GC(5125) Concurrent Clear Claimed Marks 0.876ms
[2025-01-08T20:08:08.889+0000][171759.255s][info][gc,marking  ] GC(5125) Concurrent Scan Root Regions
[2025-01-08T20:08:08.914+0000][171759.281s][info][gc,marking  ] GC(5125) Concurrent Scan Root Regions 25.563ms
[2025-01-08T20:08:08.914+0000][171759.281s][info][gc,marking  ] GC(5125) Concurrent Mark
[2025-01-08T20:08:08.914+0000][171759.281s][info][gc,marking  ] GC(5125) Concurrent Mark From Roots
[2025-01-08T20:08:08.915+0000][171759.281s][info][gc,task     ] GC(5125) Using 2 workers of 2 for marking
[2025-01-08T20:08:09.765+0000][171760.131s][info][gc,marking  ] GC(5125) Concurrent Mark From Roots 850.694ms
[2025-01-08T20:08:09.765+0000][171760.131s][info][gc,marking  ] GC(5125) Concurrent Preclean
[2025-01-08T20:08:09.768+0000][171760.134s][info][gc,marking  ] GC(5125) Concurrent Preclean 2.741ms
[2025-01-08T20:08:09.768+0000][171760.134s][info][gc,start    ] GC(5125) Pause Remark
[2025-01-08T20:08:09.793+0000][171760.159s][info][gc          ] GC(5125) Pause Remark 2911M->2911M(12288M) 24.918ms
[2025-01-08T20:08:09.793+0000][171760.159s][info][gc,cpu      ] GC(5125) User=0.14s Sys=0.00s Real=0.03s
[2025-01-08T20:08:09.793+0000][171760.159s][info][gc,marking  ] GC(5125) Concurrent Mark 878.713ms
[2025-01-08T20:08:09.793+0000][171760.159s][info][gc,marking  ] GC(5125) Concurrent Rebuild Remembered Sets
[2025-01-08T20:08:10.408+0000][171760.774s][info][gc,marking  ] GC(5125) Concurrent Rebuild Remembered Sets 614.586ms
[2025-01-08T20:08:10.408+0000][171760.774s][info][gc,start    ] GC(5125) Pause Cleanup
[2025-01-08T20:08:10.408+0000][171760.774s][info][gc          ] GC(5125) Pause Cleanup 3663M->3663M(12288M) 0.422ms
[2025-01-08T20:08:10.408+0000][171760.775s][info][gc,cpu      ] GC(5125) User=0.00s Sys=0.00s Real=0.00s
[2025-01-08T20:08:10.408+0000][171760.775s][info][gc,marking  ] GC(5125) Concurrent Cleanup for Next Mark
[2025-01-08T20:08:10.424+0000][171760.790s][info][gc,marking  ] GC(5125) Concurrent Cleanup for Next Mark 15.597ms
[2025-01-08T20:08:10.424+0000][171760.790s][info][gc          ] GC(5125) Concurrent Mark Cycle 1536.149ms
[2025-01-08T20:08:17.630+0000][171767.996s][info][gc,start    ] GC(5126) Pause Young (Prepare Mixed) (G1 Evacuation Pause)
[2025-01-08T20:08:17.630+0000][171767.996s][info][gc,task     ] GC(5126) Using 6 workers of 6 for evacuation
[2025-01-08T20:08:17.669+0000][171768.035s][info][gc,phases   ] GC(5126)   Pre Evacuate Collection Set: 0.2ms
[2025-01-08T20:08:17.669+0000][171768.035s][info][gc,phases   ] GC(5126)   Merge Heap Roots: 0.7ms
[2025-01-08T20:08:17.669+0000][171768.035s][info][gc,phases   ] GC(5126)   Evacuate Collection Set: 35.0ms
[2025-01-08T20:08:17.669+0000][171768.035s][info][gc,phases   ] GC(5126)   Post Evacuate Collection Set: 2.9ms
[2025-01-08T20:08:17.669+0000][171768.035s][info][gc,phases   ] GC(5126)   Other: 0.2ms
[2025-01-08T20:08:17.669+0000][171768.035s][info][gc,heap     ] GC(5126) Eden regions: 913->0(66)
[2025-01-08T20:08:17.669+0000][171768.035s][info][gc,heap     ] GC(5126) Survivor regions: 8->10(116)
[2025-01-08T20:08:17.669+0000][171768.035s][info][gc,heap     ] GC(5126) Old regions: 236->236
[2025-01-08T20:08:17.669+0000][171768.035s][info][gc,heap     ] GC(5126) Archive regions: 2->2
[2025-01-08T20:08:17.669+0000][171768.035s][info][gc,heap     ] GC(5126) Humongous regions: 49->49
[2025-01-08T20:08:17.669+0000][171768.035s][info][gc,metaspace] GC(5126) Metaspace: 523594K(533760K)->523594K(533760K) NonClass: 459750K(465024K)->459750K(465024K) Class: 63844K(68736K)->63844K(68736K)
[2025-01-08T20:08:17.669+0000][171768.035s][info][gc          ] GC(5126) Pause Young (Prepare Mixed) (G1 Evacuation Pause) 9647M->2354M(12288M) 39.034ms
[2025-01-08T20:08:17.669+0000][171768.035s][info][gc,cpu      ] GC(5126) User=0.23s Sys=0.00s Real=0.03s
[2025-01-08T20:08:18.071+0000][171768.437s][info][gc,start    ] GC(5127) Pause Young (Mixed) (G1 Evacuation Pause)
[2025-01-08T20:08:18.071+0000][171768.437s][info][gc,task     ] GC(5127) Using 6 workers of 6 for evacuation
[2025-01-08T20:08:18.129+0000][171768.495s][info][gc,phases   ] GC(5127)   Pre Evacuate Collection Set: 0.2ms
[2025-01-08T20:08:18.129+0000][171768.495s][info][gc,phases   ] GC(5127)   Merge Heap Roots: 0.7ms
[2025-01-08T20:08:18.129+0000][171768.495s][info][gc,phases   ] GC(5127)   Evacuate Collection Set: 55.0ms
[2025-01-08T20:08:18.129+0000][171768.495s][info][gc,phases   ] GC(5127)   Post Evacuate Collection Set: 1.8ms
[2025-01-08T20:08:18.129+0000][171768.495s][info][gc,phases   ] GC(5127)   Other: 0.2ms
[2025-01-08T20:08:18.129+0000][171768.495s][info][gc,heap     ] GC(5127) Eden regions: 66->0(915)
[2025-01-08T20:08:18.129+0000][171768.495s][info][gc,heap     ] GC(5127) Survivor regions: 10->6(10)
[2025-01-08T20:08:18.129+0000][171768.495s][info][gc,heap     ] GC(5127) Old regions: 236->235
[2025-01-08T20:08:18.129+0000][171768.495s][info][gc,heap     ] GC(5127) Archive regions: 2->2
[2025-01-08T20:08:18.129+0000][171768.495s][info][gc,heap     ] GC(5127) Humongous regions: 49->49
[2025-01-08T20:08:18.129+0000][171768.495s][info][gc,metaspace] GC(5127) Metaspace: 523594K(533760K)->523594K(533760K) NonClass: 459750K(465024K)->459750K(465024K) Class: 63844K(68736K)->63844K(68736K)
[2025-01-08T20:08:18.129+0000][171768.495s][info][gc          ] GC(5127) Pause Young (Mixed) (G1 Evacuation Pause) 2882M->2316M(12288M) 57.900ms
[2025-01-08T20:08:18.129+0000][171768.495s][info][gc,cpu      ] GC(5127) User=0.34s Sys=0.00s Real=0.05s
[2025-01-08T20:08:28.544+0000][171778.911s][info][gc,start    ] GC(5128) Pause Young (Normal) (G1 Evacuation Pause)
[2025-01-08T20:08:28.545+0000][171778.911s][info][gc,task     ] GC(5128) Using 6 workers of 6 for evacuation
[2025-01-08T20:08:28.571+0000][171778.938s][info][gc,phases   ] GC(5128)   Pre Evacuate Collection Set: 0.2ms
[2025-01-08T20:08:28.572+0000][171778.938s][info][gc,phases   ] GC(5128)   Merge Heap Roots: 0.5ms
[2025-01-08T20:08:28.572+0000][171778.938s][info][gc,phases   ] GC(5128)   Evacuate Collection Set: 23.5ms
[2025-01-08T20:08:28.572+0000][171778.938s][info][gc,phases   ] GC(5128)   Post Evacuate Collection Set: 2.6ms
[2025-01-08T20:08:28.572+0000][171778.938s][info][gc,phases   ] GC(5128)   Other: 0.2ms
[2025-01-08T20:08:28.572+0000][171778.938s][info][gc,heap     ] GC(5128) Eden regions: 915->0(914)
[2025-01-08T20:08:28.572+0000][171778.938s][info][gc,heap     ] GC(5128) Survivor regions: 6->7(116)
[2025-01-08T20:08:28.572+0000][171778.938s][info][gc,heap     ] GC(5128) Old regions: 235->235
[2025-01-08T20:08:28.572+0000][171778.938s][info][gc,heap     ] GC(5128) Archive regions: 2->2
[2025-01-08T20:08:28.572+0000][171778.938s][info][gc,heap     ] GC(5128) Humongous regions: 49->49
[2025-01-08T20:08:28.572+0000][171778.938s][info][gc,metaspace] GC(5128) Metaspace: 523594K(533760K)->523594K(533760K) NonClass: 459750K(465024K)->459750K(465024K) Class: 63844K(68736K)->63844K(68736K)
[2025-01-08T20:08:28.572+0000][171778.938s][info][gc          ] GC(5128) Pause Young (Normal) (G1 Evacuation Pause) 9636M->2327M(12288M) 27.148ms
[2025-01-08T20:08:28.572+0000][171778.938s][info][gc,cpu      ] GC(5128) User=0.15s Sys=0.00s Real=0.03s
[2025-01-08T20:08:38.331+0000][171788.697s][info][gc,start    ] GC(5129) Pause Young (Normal) (G1 Evacuation Pause)
[2025-01-08T20:08:38.331+0000][171788.697s][info][gc,task     ] GC(5129) Using 6 workers of 6 for evacuation
[2025-01-08T20:08:38.363+0000][171788.729s][info][gc,phases   ] GC(5129)   Pre Evacuate Collection Set: 0.2ms
[2025-01-08T20:08:38.363+0000][171788.729s][info][gc,phases   ] GC(5129)   Merge Heap Roots: 0.4ms
[2025-01-08T20:08:38.363+0000][171788.729s][info][gc,phases   ] GC(5129)   Evacuate Collection Set: 25.9ms
[2025-01-08T20:08:38.363+0000][171788.729s][info][gc,phases   ] GC(5129)   Post Evacuate Collection Set: 5.2ms
[2025-01-08T20:08:38.363+0000][171788.729s][info][gc,phases   ] GC(5129)   Other: 0.2ms
[2025-01-08T20:08:38.363+0000][171788.729s][info][gc,heap     ] GC(5129) Eden regions: 914->0(911)
[2025-01-08T20:08:38.363+0000][171788.729s][info][gc,heap     ] GC(5129) Survivor regions: 7->10(116)
[2025-01-08T20:08:38.363+0000][171788.729s][info][gc,heap     ] GC(5129) Old regions: 235->235
[2025-01-08T20:08:38.363+0000][171788.729s][info][gc,heap     ] GC(5129) Archive regions: 2->2
[2025-01-08T20:08:38.363+0000][171788.729s][info][gc,heap     ] GC(5129) Humongous regions: 49->49
[2025-01-08T20:08:38.363+0000][171788.729s][info][gc,metaspace] GC(5129) Metaspace: 523595K(533760K)->523595K(533760K) NonClass: 459751K(465024K)->459751K(465024K) Class: 63844K(68736K)->63844K(68736K)
[2025-01-08T20:08:38.363+0000][171788.729s][info][gc          ] GC(5129) Pause Young (Normal) (G1 Evacuation Pause) 9639M->2345M(12288M) 31.952ms
[2025-01-08T20:08:38.363+0000][171788.729s][info][gc,cpu      ] GC(5129) User=0.19s Sys=0.00s Real=0.03s
[2025-01-08T20:08:45.603+0000][171795.969s][info][gc,start    ] GC(5130) Pause Young (Concurrent Start) (G1 Evacuation Pause)
[2025-01-08T20:08:45.603+0000][171795.969s][info][gc,task     ] GC(5130) Using 6 workers of 6 for evacuation
[2025-01-08T20:08:45.637+0000][171796.003s][info][gc,phases   ] GC(5130)   Pre Evacuate Collection Set: 1.1ms
[2025-01-08T20:08:45.637+0000][171796.003s][info][gc,phases   ] GC(5130)   Merge Heap Roots: 0.5ms
[2025-01-08T20:08:45.637+0000][171796.003s][info][gc,phases   ] GC(5130)   Evacuate Collection Set: 28.5ms
[2025-01-08T20:08:45.637+0000][171796.003s][info][gc,phases   ] GC(5130)   Post Evacuate Collection Set: 4.0ms
[2025-01-08T20:08:45.637+0000][171796.003s][info][gc,phases   ] GC(5130)   Other: 0.3ms
[2025-01-08T20:08:45.637+0000][171796.003s][info][gc,heap     ] GC(5130) Eden regions: 911->0(911)
[2025-01-08T20:08:45.637+0000][171796.003s][info][gc,heap     ] GC(5130) Survivor regions: 10->10(116)
[2025-01-08T20:08:45.637+0000][171796.003s][info][gc,heap     ] GC(5130) Old regions: 235->235
[2025-01-08T20:08:45.637+0000][171796.003s][info][gc,heap     ] GC(5130) Archive regions: 2->2
[2025-01-08T20:08:45.637+0000][171796.003s][info][gc,heap     ] GC(5130) Humongous regions: 49->49
[2025-01-08T20:08:45.637+0000][171796.003s][info][gc,metaspace] GC(5130) Metaspace: 523595K(533760K)->523595K(533760K) NonClass: 459751K(465024K)->459751K(465024K) Class: 63844K(68736K)->63844K(68736K)
[2025-01-08T20:08:45.637+0000][171796.003s][info][gc          ] GC(5130) Pause Young (Concurrent Start) (G1 Evacuation Pause) 9633M->2351M(12288M) 34.374ms
[2025-01-08T20:08:45.637+0000][171796.003s][info][gc,cpu      ] GC(5130) User=0.20s Sys=0.00s Real=0.03s
[2025-01-08T20:08:45.637+0000][171796.003s][info][gc          ] GC(5131) Concurrent Mark Cycle
[2025-01-08T20:08:45.637+0000][171796.003s][info][gc,marking  ] GC(5131) Concurrent Clear Claimed Marks
[2025-01-08T20:08:45.638+0000][171796.004s][info][gc,marking  ] GC(5131) Concurrent Clear Claimed Marks 0.929ms
[2025-01-08T20:08:45.638+0000][171796.004s][info][gc,marking  ] GC(5131) Concurrent Scan Root Regions
[2025-01-08T20:08:45.668+0000][171796.034s][info][gc,marking  ] GC(5131) Concurrent Scan Root Regions 29.261ms
[2025-01-08T20:08:45.668+0000][171796.034s][info][gc,marking  ] GC(5131) Concurrent Mark
[2025-01-08T20:08:45.668+0000][171796.034s][info][gc,marking  ] GC(5131) Concurrent Mark From Roots
[2025-01-08T20:08:45.668+0000][171796.034s][info][gc,task     ] GC(5131) Using 2 workers of 2 for marking
[2025-01-08T20:08:46.609+0000][171796.975s][info][gc,marking  ] GC(5131) Concurrent Mark From Roots 941.806ms
[2025-01-08T20:08:46.609+0000][171796.976s][info][gc,marking  ] GC(5131) Concurrent Preclean
[2025-01-08T20:08:46.612+0000][171796.978s][info][gc,marking  ] GC(5131) Concurrent Preclean 2.564ms
[2025-01-08T20:08:46.612+0000][171796.978s][info][gc,start    ] GC(5131) Pause Remark
[2025-01-08T20:08:46.637+0000][171797.003s][info][gc          ] GC(5131) Pause Remark 3695M->3695M(12288M) 24.881ms
[2025-01-08T20:08:46.637+0000][171797.003s][info][gc,cpu      ] GC(5131) User=0.15s Sys=0.00s Real=0.02s
[2025-01-08T20:08:46.637+0000][171797.003s][info][gc,marking  ] GC(5131) Concurrent Mark 969.616ms
[2025-01-08T20:08:46.637+0000][171797.003s][info][gc,marking  ] GC(5131) Concurrent Rebuild Remembered Sets
[2025-01-08T20:08:47.168+0000][171797.534s][info][gc,marking  ] GC(5131) Concurrent Rebuild Remembered Sets 530.498ms
[2025-01-08T20:08:47.168+0000][171797.534s][info][gc,start    ] GC(5131) Pause Cleanup
[2025-01-08T20:08:47.168+0000][171797.534s][info][gc          ] GC(5131) Pause Cleanup 4391M->4391M(12288M) 0.382ms
[2025-01-08T20:08:47.168+0000][171797.534s][info][gc,cpu      ] GC(5131) User=0.00s Sys=0.00s Real=0.00s
[2025-01-08T20:08:47.168+0000][171797.534s][info][gc,marking  ] GC(5131) Concurrent Cleanup for Next Mark
[2025-01-08T20:08:47.184+0000][171797.550s][info][gc,marking  ] GC(5131) Concurrent Cleanup for Next Mark 15.878ms
[2025-01-08T20:08:47.184+0000][171797.550s][info][gc          ] GC(5131) Concurrent Mark Cycle 1546.928ms
[2025-01-08T20:08:50.393+0000][171800.759s][info][gc,start    ] GC(5132) Pause Young (Prepare Mixed) (G1 Evacuation Pause)
[2025-01-08T20:08:50.393+0000][171800.759s][info][gc,task     ] GC(5132) Using 6 workers of 6 for evacuation
[2025-01-08T20:08:50.431+0000][171800.797s][info][gc,phases   ] GC(5132)   Pre Evacuate Collection Set: 0.2ms
[2025-01-08T20:08:50.431+0000][171800.797s][info][gc,phases   ] GC(5132)   Merge Heap Roots: 0.7ms
[2025-01-08T20:08:50.431+0000][171800.797s][info][gc,phases   ] GC(5132)   Evacuate Collection Set: 33.7ms
[2025-01-08T20:08:50.431+0000][171800.797s][info][gc,phases   ] GC(5132)   Post Evacuate Collection Set: 2.6ms
[2025-01-08T20:08:50.431+0000][171800.797s][info][gc,phases   ] GC(5132)   Other: 0.2ms
[2025-01-08T20:08:50.431+0000][171800.797s][info][gc,heap     ] GC(5132) Eden regions: 911->0(66)
[2025-01-08T20:08:50.431+0000][171800.797s][info][gc,heap     ] GC(5132) Survivor regions: 10->10(116)
[2025-01-08T20:08:50.431+0000][171800.797s][info][gc,heap     ] GC(5132) Old regions: 235->235
[2025-01-08T20:08:50.431+0000][171800.797s][info][gc,heap     ] GC(5132) Archive regions: 2->2
[2025-01-08T20:08:50.431+0000][171800.797s][info][gc,heap     ] GC(5132) Humongous regions: 49->49
[2025-01-08T20:08:50.431+0000][171800.797s][info][gc,metaspace] GC(5132) Metaspace: 523595K(533760K)->523595K(533760K) NonClass: 459751K(465024K)->459751K(465024K) Class: 63844K(68736K)->63844K(68736K)
[2025-01-08T20:08:50.431+0000][171800.797s][info][gc          ] GC(5132) Pause Young (Prepare Mixed) (G1 Evacuation Pause) 9639M->2350M(12288M) 37.571ms
[2025-01-08T20:08:50.431+0000][171800.797s][info][gc,cpu      ] GC(5132) User=0.22s Sys=0.00s Real=0.04s
[2025-01-08T20:08:50.910+0000][171801.276s][info][gc,start    ] GC(5133) Pause Young (Mixed) (G1 Evacuation Pause)
[2025-01-08T20:08:50.910+0000][171801.276s][info][gc,task     ] GC(5133) Using 6 workers of 6 for evacuation
[2025-01-08T20:08:50.976+0000][171801.342s][info][gc,phases   ] GC(5133)   Pre Evacuate Collection Set: 0.2ms
[2025-01-08T20:08:50.976+0000][171801.342s][info][gc,phases   ] GC(5133)   Merge Heap Roots: 0.7ms
[2025-01-08T20:08:50.976+0000][171801.342s][info][gc,phases   ] GC(5133)   Evacuate Collection Set: 62.9ms
[2025-01-08T20:08:50.976+0000][171801.342s][info][gc,phases   ] GC(5133)   Post Evacuate Collection Set: 1.9ms
[2025-01-08T20:08:50.976+0000][171801.342s][info][gc,phases   ] GC(5133)   Other: 0.2ms
[2025-01-08T20:08:50.976+0000][171801.342s][info][gc,heap     ] GC(5133) Eden regions: 66->0(915)
[2025-01-08T20:08:50.976+0000][171801.342s][info][gc,heap     ] GC(5133) Survivor regions: 10->6(10)
[2025-01-08T20:08:50.976+0000][171801.342s][info][gc,heap     ] GC(5133) Old regions: 235->236
[2025-01-08T20:08:50.976+0000][171801.342s][info][gc,heap     ] GC(5133) Archive regions: 2->2
[2025-01-08T20:08:50.976+0000][171801.342s][info][gc,heap     ] GC(5133) Humongous regions: 49->49
[2025-01-08T20:08:50.976+0000][171801.342s][info][gc,metaspace] GC(5133) Metaspace: 523595K(533760K)->523595K(533760K) NonClass: 459751K(465024K)->459751K(465024K) Class: 63844K(68736K)->63844K(68736K)
[2025-01-08T20:08:50.976+0000][171801.342s][info][gc          ] GC(5133) Pause Young (Mixed) (G1 Evacuation Pause) 2878M->2323M(12288M) 65.966ms
[2025-01-08T20:08:50.976+0000][171801.342s][info][gc,cpu      ] GC(5133) User=0.38s Sys=0.00s Real=0.06s
[2025-01-08T20:09:01.106+0000][171811.472s][info][gc,start    ] GC(5134) Pause Young (Normal) (G1 Evacuation Pause)
[2025-01-08T20:09:01.106+0000][171811.472s][info][gc,task     ] GC(5134) Using 6 workers of 6 for evacuation
[2025-01-08T20:09:01.137+0000][171811.503s][info][gc,phases   ] GC(5134)   Pre Evacuate Collection Set: 0.2ms
[2025-01-08T20:09:01.137+0000][171811.503s][info][gc,phases   ] GC(5134)   Merge Heap Roots: 0.5ms
[2025-01-08T20:09:01.137+0000][171811.503s][info][gc,phases   ] GC(5134)   Evacuate Collection Set: 26.9ms
[2025-01-08T20:09:01.137+0000][171811.503s][info][gc,phases   ] GC(5134)   Post Evacuate Collection Set: 2.5ms
[2025-01-08T20:09:01.137+0000][171811.503s][info][gc,phases   ] GC(5134)   Other: 0.2ms
[2025-01-08T20:09:01.137+0000][171811.503s][info][gc,heap     ] GC(5134) Eden regions: 915->0(913)
[2025-01-08T20:09:01.137+0000][171811.503s][info][gc,heap     ] GC(5134) Survivor regions: 6->8(116)
[2025-01-08T20:09:01.137+0000][171811.503s][info][gc,heap     ] GC(5134) Old regions: 236->236
[2025-01-08T20:09:01.137+0000][171811.503s][info][gc,heap     ] GC(5134) Archive regions: 2->2
[2025-01-08T20:09:01.137+0000][171811.503s][info][gc,heap     ] GC(5134) Humongous regions: 49->49
[2025-01-08T20:09:01.137+0000][171811.503s][info][gc,metaspace] GC(5134) Metaspace: 523598K(533760K)->523598K(533760K) NonClass: 459754K(465024K)->459754K(465024K) Class: 63844K(68736K)->63844K(68736K)
[2025-01-08T20:09:01.137+0000][171811.503s][info][gc          ] GC(5134) Pause Young (Normal) (G1 Evacuation Pause) 9643M->2338M(12288M) 30.403ms
[2025-01-08T20:09:01.137+0000][171811.503s][info][gc,cpu      ] GC(5134) User=0.18s Sys=0.00s Real=0.03s
[2025-01-08T20:09:07.934+0000][171818.300s][info][gc,start    ] GC(5135) Pause Young (Normal) (G1 Evacuation Pause)
[2025-01-08T20:09:07.934+0000][171818.300s][info][gc,task     ] GC(5135) Using 6 workers of 6 for evacuation
[2025-01-08T20:09:07.963+0000][171818.330s][info][gc,phases   ] GC(5135)   Pre Evacuate Collection Set: 0.2ms
[2025-01-08T20:09:07.963+0000][171818.330s][info][gc,phases   ] GC(5135)   Merge Heap Roots: 0.4ms
[2025-01-08T20:09:07.963+0000][171818.330s][info][gc,phases   ] GC(5135)   Evacuate Collection Set: 26.1ms
[2025-01-08T20:09:07.963+0000][171818.330s][info][gc,phases   ] GC(5135)   Post Evacuate Collection Set: 2.3ms
[2025-01-08T20:09:07.963+0000][171818.330s][info][gc,phases   ] GC(5135)   Other: 0.2ms
[2025-01-08T20:09:07.963+0000][171818.330s][info][gc,heap     ] GC(5135) Eden regions: 913->0(914)
[2025-01-08T20:09:07.963+0000][171818.330s][info][gc,heap     ] GC(5135) Survivor regions: 8->7(116)
[2025-01-08T20:09:07.964+0000][171818.330s][info][gc,heap     ] GC(5135) Old regions: 236->236
[2025-01-08T20:09:07.964+0000][171818.330s][info][gc,heap     ] GC(5135) Archive regions: 2->2
[2025-01-08T20:09:07.964+0000][171818.330s][info][gc,heap     ] GC(5135) Humongous regions: 49->49
[2025-01-08T20:09:07.964+0000][171818.330s][info][gc,metaspace] GC(5135) Metaspace: 523599K(533760K)->523599K(533760K) NonClass: 459755K(465024K)->459755K(465024K) Class: 63844K(68736K)->63844K(68736K)
[2025-01-08T20:09:07.964+0000][171818.330s][info][gc          ] GC(5135) Pause Young (Normal) (G1 Evacuation Pause) 9642M->2336M(12288M) 29.374ms
[2025-01-08T20:09:07.964+0000][171818.330s][info][gc,cpu      ] GC(5135) User=0.17s Sys=0.01s Real=0.03s
[2025-01-08T20:09:17.515+0000][171827.881s][info][gc,start    ] GC(5136) Pause Young (Concurrent Start) (G1 Evacuation Pause)
[2025-01-08T20:09:17.515+0000][171827.881s][info][gc,task     ] GC(5136) Using 6 workers of 6 for evacuation
[2025-01-08T20:09:17.555+0000][171827.921s][info][gc,phases   ] GC(5136)   Pre Evacuate Collection Set: 1.1ms
[2025-01-08T20:09:17.555+0000][171827.921s][info][gc,phases   ] GC(5136)   Merge Heap Roots: 0.5ms
[2025-01-08T20:09:17.555+0000][171827.921s][info][gc,phases   ] GC(5136)   Evacuate Collection Set: 34.9ms
[2025-01-08T20:09:17.555+0000][171827.921s][info][gc,phases   ] GC(5136)   Post Evacuate Collection Set: 2.6ms
[2025-01-08T20:09:17.555+0000][171827.921s][info][gc,phases   ] GC(5136)   Other: 0.3ms
[2025-01-08T20:09:17.555+0000][171827.921s][info][gc,heap     ] GC(5136) Eden regions: 914->0(911)
[2025-01-08T20:09:17.555+0000][171827.921s][info][gc,heap     ] GC(5136) Survivor regions: 7->10(116)
[2025-01-08T20:09:17.555+0000][171827.921s][info][gc,heap     ] GC(5136) Old regions: 236->236
[2025-01-08T20:09:17.555+0000][171827.921s][info][gc,heap     ] GC(5136) Archive regions: 2->2
[2025-01-08T20:09:17.555+0000][171827.921s][info][gc,heap     ] GC(5136) Humongous regions: 49->49
[2025-01-08T20:09:17.555+0000][171827.921s][info][gc,metaspace] GC(5136) Metaspace: 523599K(533760K)->523599K(533760K) NonClass: 459755K(465024K)->459755K(465024K) Class: 63844K(68736K)->63844K(68736K)
[2025-01-08T20:09:17.555+0000][171827.921s][info][gc          ] GC(5136) Pause Young (Concurrent Start) (G1 Evacuation Pause) 9648M->2359M(12288M) 39.419ms
[2025-01-08T20:09:17.555+0000][171827.921s][info][gc,cpu      ] GC(5136) User=0.23s Sys=0.00s Real=0.04s
[2025-01-08T20:09:17.555+0000][171827.921s][info][gc          ] GC(5137) Concurrent Mark Cycle
[2025-01-08T20:09:17.555+0000][171827.921s][info][gc,marking  ] GC(5137) Concurrent Clear Claimed Marks
[2025-01-08T20:09:17.556+0000][171827.922s][info][gc,marking  ] GC(5137) Concurrent Clear Claimed Marks 0.926ms
[2025-01-08T20:09:17.556+0000][171827.922s][info][gc,marking  ] GC(5137) Concurrent Scan Root Regions
[2025-01-08T20:09:17.586+0000][171827.952s][info][gc,marking  ] GC(5137) Concurrent Scan Root Regions 30.052ms
[2025-01-08T20:09:17.586+0000][171827.952s][info][gc,marking  ] GC(5137) Concurrent Mark
[2025-01-08T20:09:17.586+0000][171827.952s][info][gc,marking  ] GC(5137) Concurrent Mark From Roots
[2025-01-08T20:09:17.586+0000][171827.952s][info][gc,task     ] GC(5137) Using 2 workers of 2 for marking
[2025-01-08T20:09:18.551+0000][171828.917s][info][gc,marking  ] GC(5137) Concurrent Mark From Roots 965.029ms
[2025-01-08T20:09:18.551+0000][171828.917s][info][gc,marking  ] GC(5137) Concurrent Preclean
[2025-01-08T20:09:18.554+0000][171828.920s][info][gc,marking  ] GC(5137) Concurrent Preclean 2.639ms
[2025-01-08T20:09:18.554+0000][171828.920s][info][gc,start    ] GC(5137) Pause Remark
[2025-01-08T20:09:18.579+0000][171828.945s][info][gc          ] GC(5137) Pause Remark 3371M->3371M(12288M) 25.248ms
[2025-01-08T20:09:18.579+0000][171828.945s][info][gc,cpu      ] GC(5137) User=0.15s Sys=0.00s Real=0.02s
[2025-01-08T20:09:18.579+0000][171828.945s][info][gc,marking  ] GC(5137) Concurrent Mark 993.298ms
[2025-01-08T20:09:18.579+0000][171828.945s][info][gc,marking  ] GC(5137) Concurrent Rebuild Remembered Sets
[2025-01-08T20:09:19.117+0000][171829.483s][info][gc,marking  ] GC(5137) Concurrent Rebuild Remembered Sets 537.887ms
[2025-01-08T20:09:19.117+0000][171829.483s][info][gc,start    ] GC(5137) Pause Cleanup
[2025-01-08T20:09:19.118+0000][171829.484s][info][gc          ] GC(5137) Pause Cleanup 3840M->3840M(12288M) 0.502ms
[2025-01-08T20:09:19.118+0000][171829.484s][info][gc,cpu      ] GC(5137) User=0.00s Sys=0.00s Real=0.00s
[2025-01-08T20:09:19.118+0000][171829.484s][info][gc,marking  ] GC(5137) Concurrent Cleanup for Next Mark
[2025-01-08T20:09:19.134+0000][171829.500s][info][gc,marking  ] GC(5137) Concurrent Cleanup for Next Mark 16.566ms
[2025-01-08T20:09:19.134+0000][171829.501s][info][gc          ] GC(5137) Concurrent Mark Cycle 1579.690ms
[2025-01-08T20:09:24.493+0000][171834.859s][info][gc,start    ] GC(5138) Pause Young (Prepare Mixed) (G1 Evacuation Pause)
[2025-01-08T20:09:24.493+0000][171834.859s][info][gc,task     ] GC(5138) Using 6 workers of 6 for evacuation
[2025-01-08T20:09:24.536+0000][171834.902s][info][gc,phases   ] GC(5138)   Pre Evacuate Collection Set: 0.2ms
[2025-01-08T20:09:24.536+0000][171834.902s][info][gc,phases   ] GC(5138)   Merge Heap Roots: 0.7ms
[2025-01-08T20:09:24.536+0000][171834.902s][info][gc,phases   ] GC(5138)   Evacuate Collection Set: 37.0ms
[2025-01-08T20:09:24.536+0000][171834.902s][info][gc,phases   ] GC(5138)   Post Evacuate Collection Set: 4.7ms
[2025-01-08T20:09:24.536+0000][171834.902s][info][gc,phases   ] GC(5138)   Other: 0.2ms
[2025-01-08T20:09:24.536+0000][171834.902s][info][gc,heap     ] GC(5138) Eden regions: 911->0(61)
[2025-01-08T20:09:24.536+0000][171834.902s][info][gc,heap     ] GC(5138) Survivor regions: 10->15(116)
[2025-01-08T20:09:24.536+0000][171834.902s][info][gc,heap     ] GC(5138) Old regions: 236->236
[2025-01-08T20:09:24.536+0000][171834.902s][info][gc,heap     ] GC(5138) Archive regions: 2->2
[2025-01-08T20:09:24.536+0000][171834.902s][info][gc,heap     ] GC(5138) Humongous regions: 49->49
[2025-01-08T20:09:24.536+0000][171834.902s][info][gc,metaspace] GC(5138) Metaspace: 523599K(533760K)->523599K(533760K) NonClass: 459755K(465024K)->459755K(465024K) Class: 63844K(68736K)->63844K(68736K)
[2025-01-08T20:09:24.536+0000][171834.902s][info][gc          ] GC(5138) Pause Young (Prepare Mixed) (G1 Evacuation Pause) 9647M->2397M(12288M) 43.062ms
[2025-01-08T20:09:24.536+0000][171834.902s][info][gc,cpu      ] GC(5138) User=0.25s Sys=0.00s Real=0.04s
[2025-01-08T20:09:24.909+0000][171835.275s][info][gc,start    ] GC(5139) Pause Young (Mixed) (G1 Evacuation Pause)
[2025-01-08T20:09:24.909+0000][171835.275s][info][gc,task     ] GC(5139) Using 6 workers of 6 for evacuation
[2025-01-08T20:09:24.959+0000][171835.325s][info][gc,phases   ] GC(5139)   Pre Evacuate Collection Set: 0.2ms
[2025-01-08T20:09:24.959+0000][171835.325s][info][gc,phases   ] GC(5139)   Merge Heap Roots: 0.5ms
[2025-01-08T20:09:24.959+0000][171835.325s][info][gc,phases   ] GC(5139)   Evacuate Collection Set: 47.7ms
[2025-01-08T20:09:24.959+0000][171835.325s][info][gc,phases   ] GC(5139)   Post Evacuate Collection Set: 1.7ms
[2025-01-08T20:09:24.959+0000][171835.326s][info][gc,phases   ] GC(5139)   Other: 0.2ms
[2025-01-08T20:09:24.959+0000][171835.326s][info][gc,heap     ] GC(5139) Eden regions: 61->0(919)
[2025-01-08T20:09:24.959+0000][171835.326s][info][gc,heap     ] GC(5139) Survivor regions: 15->2(10)
[2025-01-08T20:09:24.959+0000][171835.326s][info][gc,heap     ] GC(5139) Old regions: 236->240
[2025-01-08T20:09:24.959+0000][171835.326s][info][gc,heap     ] GC(5139) Archive regions: 2->2
[2025-01-08T20:09:24.959+0000][171835.326s][info][gc,heap     ] GC(5139) Humongous regions: 49->49
[2025-01-08T20:09:24.959+0000][171835.326s][info][gc,metaspace] GC(5139) Metaspace: 523599K(533760K)->523599K(533760K) NonClass: 459755K(465024K)->459755K(465024K) Class: 63844K(68736K)->63844K(68736K)
[2025-01-08T20:09:24.959+0000][171835.326s][info][gc          ] GC(5139) Pause Young (Mixed) (G1 Evacuation Pause) 2885M->2330M(12288M) 50.330ms
[2025-01-08T20:09:24.960+0000][171835.326s][info][gc,cpu      ] GC(5139) User=0.30s Sys=0.00s Real=0.05s
[2025-01-08T20:09:30.787+0000][171841.153s][info][gc,start    ] GC(5140) Pause Young (Normal) (G1 Evacuation Pause)
[2025-01-08T20:09:30.787+0000][171841.153s][info][gc,task     ] GC(5140) Using 6 workers of 6 for evacuation
[2025-01-08T20:09:30.801+0000][171841.168s][info][gc,phases   ] GC(5140)   Pre Evacuate Collection Set: 0.2ms
[2025-01-08T20:09:30.802+0000][171841.168s][info][gc,phases   ] GC(5140)   Merge Heap Roots: 0.3ms
[2025-01-08T20:09:30.802+0000][171841.168s][info][gc,phases   ] GC(5140)   Evacuate Collection Set: 11.7ms
[2025-01-08T20:09:30.802+0000][171841.168s][info][gc,phases   ] GC(5140)   Post Evacuate Collection Set: 2.5ms
[2025-01-08T20:09:30.802+0000][171841.168s][info][gc,phases   ] GC(5140)   Other: 0.2ms
[2025-01-08T20:09:30.802+0000][171841.168s][info][gc,heap     ] GC(5140) Eden regions: 919->0(918)
[2025-01-08T20:09:30.802+0000][171841.168s][info][gc,heap     ] GC(5140) Survivor regions: 2->3(116)
[2025-01-08T20:09:30.802+0000][171841.168s][info][gc,heap     ] GC(5140) Old regions: 240->240
[2025-01-08T20:09:30.802+0000][171841.168s][info][gc,heap     ] GC(5140) Archive regions: 2->2
[2025-01-08T20:09:30.802+0000][171841.168s][info][gc,heap     ] GC(5140) Humongous regions: 49->49
[2025-01-08T20:09:30.802+0000][171841.168s][info][gc,metaspace] GC(5140) Metaspace: 523599K(533760K)->523599K(533760K) NonClass: 459755K(465024K)->459755K(465024K) Class: 63844K(68736K)->63844K(68736K)
[2025-01-08T20:09:30.802+0000][171841.168s][info][gc          ] GC(5140) Pause Young (Normal) (G1 Evacuation Pause) 9682M->2338M(12288M) 15.035ms
[2025-01-08T20:09:30.802+0000][171841.168s][info][gc,cpu      ] GC(5140) User=0.09s Sys=0.01s Real=0.02s
[2025-01-08T20:09:37.392+0000][171847.759s][info][gc,start    ] GC(5141) Pause Young (Normal) (G1 Evacuation Pause)
[2025-01-08T20:09:37.392+0000][171847.759s][info][gc,task     ] GC(5141) Using 6 workers of 6 for evacuation
[2025-01-08T20:09:37.409+0000][171847.775s][info][gc,phases   ] GC(5141)   Pre Evacuate Collection Set: 0.2ms
[2025-01-08T20:09:37.409+0000][171847.775s][info][gc,phases   ] GC(5141)   Merge Heap Roots: 0.3ms
[2025-01-08T20:09:37.409+0000][171847.775s][info][gc,phases   ] GC(5141)   Evacuate Collection Set: 13.6ms
[2025-01-08T20:09:37.409+0000][171847.775s][info][gc,phases   ] GC(5141)   Post Evacuate Collection Set: 2.4ms
[2025-01-08T20:09:37.409+0000][171847.775s][info][gc,phases   ] GC(5141)   Other: 0.2ms
[2025-01-08T20:09:37.409+0000][171847.775s][info][gc,heap     ] GC(5141) Eden regions: 918->0(917)
[2025-01-08T20:09:37.409+0000][171847.775s][info][gc,heap     ] GC(5141) Survivor regions: 3->4(116)
[2025-01-08T20:09:37.409+0000][171847.775s][info][gc,heap     ] GC(5141) Old regions: 240->240
[2025-01-08T20:09:37.409+0000][171847.775s][info][gc,heap     ] GC(5141) Archive regions: 2->2
[2025-01-08T20:09:37.409+0000][171847.775s][info][gc,heap     ] GC(5141) Humongous regions: 49->49
[2025-01-08T20:09:37.409+0000][171847.775s][info][gc,metaspace] GC(5141) Metaspace: 523600K(533760K)->523600K(533760K) NonClass: 459756K(465024K)->459756K(465024K) Class: 63844K(68736K)->63844K(68736K)
[2025-01-08T20:09:37.409+0000][171847.775s][info][gc          ] GC(5141) Pause Young (Normal) (G1 Evacuation Pause) 9682M->2343M(12288M) 16.751ms
[2025-01-08T20:09:37.409+0000][171847.775s][info][gc,cpu      ] GC(5141) User=0.09s Sys=0.00s Real=0.01s
[2025-01-08T20:09:42.414+0000][171852.780s][info][gc,start    ] GC(5142) Pause Young (Concurrent Start) (G1 Evacuation Pause)
[2025-01-08T20:09:42.414+0000][171852.780s][info][gc,task     ] GC(5142) Using 6 workers of 6 for evacuation
[2025-01-08T20:09:42.435+0000][171852.801s][info][gc,phases   ] GC(5142)   Pre Evacuate Collection Set: 1.2ms
[2025-01-08T20:09:42.435+0000][171852.801s][info][gc,phases   ] GC(5142)   Merge Heap Roots: 0.4ms
[2025-01-08T20:09:42.435+0000][171852.801s][info][gc,phases   ] GC(5142)   Evacuate Collection Set: 15.5ms
[2025-01-08T20:09:42.435+0000][171852.801s][info][gc,phases   ] GC(5142)   Post Evacuate Collection Set: 3.7ms
[2025-01-08T20:09:42.435+0000][171852.801s][info][gc,phases   ] GC(5142)   Other: 0.3ms
[2025-01-08T20:09:42.435+0000][171852.801s][info][gc,heap     ] GC(5142) Eden regions: 917->0(916)
[2025-01-08T20:09:42.435+0000][171852.801s][info][gc,heap     ] GC(5142) Survivor regions: 4->5(116)
[2025-01-08T20:09:42.435+0000][171852.801s][info][gc,heap     ] GC(5142) Old regions: 240->240
[2025-01-08T20:09:42.435+0000][171852.801s][info][gc,heap     ] GC(5142) Archive regions: 2->2
[2025-01-08T20:09:42.435+0000][171852.801s][info][gc,heap     ] GC(5142) Humongous regions: 49->49
[2025-01-08T20:09:42.435+0000][171852.801s][info][gc,metaspace] GC(5142) Metaspace: 523600K(533760K)->523600K(533760K) NonClass: 459756K(465024K)->459756K(465024K) Class: 63844K(68736K)->63844K(68736K)
[2025-01-08T20:09:42.435+0000][171852.801s][info][gc          ] GC(5142) Pause Young (Concurrent Start) (G1 Evacuation Pause) 9679M->2352M(12288M) 21.096ms
[2025-01-08T20:09:42.435+0000][171852.801s][info][gc,cpu      ] GC(5142) User=0.11s Sys=0.00s Real=0.02s
[2025-01-08T20:09:42.435+0000][171852.801s][info][gc          ] GC(5143) Concurrent Mark Cycle
[2025-01-08T20:09:42.435+0000][171852.801s][info][gc,marking  ] GC(5143) Concurrent Clear Claimed Marks
[2025-01-08T20:09:42.436+0000][171852.802s][info][gc,marking  ] GC(5143) Concurrent Clear Claimed Marks 0.887ms
[2025-01-08T20:09:42.436+0000][171852.802s][info][gc,marking  ] GC(5143) Concurrent Scan Root Regions
[2025-01-08T20:09:42.448+0000][171852.814s][info][gc,marking  ] GC(5143) Concurrent Scan Root Regions 12.393ms
[2025-01-08T20:09:42.448+0000][171852.814s][info][gc,marking  ] GC(5143) Concurrent Mark
[2025-01-08T20:09:42.448+0000][171852.814s][info][gc,marking  ] GC(5143) Concurrent Mark From Roots
[2025-01-08T20:09:42.448+0000][171852.814s][info][gc,task     ] GC(5143) Using 2 workers of 2 for marking
[2025-01-08T20:09:43.523+0000][171853.889s][info][gc,marking  ] GC(5143) Concurrent Mark From Roots 1074.606ms
[2025-01-08T20:09:43.523+0000][171853.889s][info][gc,marking  ] GC(5143) Concurrent Preclean
[2025-01-08T20:09:43.525+0000][171853.892s][info][gc,marking  ] GC(5143) Concurrent Preclean 2.606ms
[2025-01-08T20:09:43.526+0000][171853.892s][info][gc,start    ] GC(5143) Pause Remark
[2025-01-08T20:09:43.552+0000][171853.918s][info][gc          ] GC(5143) Pause Remark 3872M->3872M(12288M) 26.001ms
[2025-01-08T20:09:43.552+0000][171853.918s][info][gc,cpu      ] GC(5143) User=0.15s Sys=0.00s Real=0.03s
[2025-01-08T20:09:43.552+0000][171853.918s][info][gc,marking  ] GC(5143) Concurrent Mark 1103.535ms
[2025-01-08T20:09:43.552+0000][171853.918s][info][gc,marking  ] GC(5143) Concurrent Rebuild Remembered Sets
[2025-01-08T20:09:44.055+0000][171854.421s][info][gc,marking  ] GC(5143) Concurrent Rebuild Remembered Sets 502.977ms
[2025-01-08T20:09:44.055+0000][171854.421s][info][gc,start    ] GC(5143) Pause Cleanup
[2025-01-08T20:09:44.055+0000][171854.421s][info][gc          ] GC(5143) Pause Cleanup 4236M->4236M(12288M) 0.432ms
[2025-01-08T20:09:44.055+0000][171854.421s][info][gc,cpu      ] GC(5143) User=0.00s Sys=0.00s Real=0.00s
[2025-01-08T20:09:44.055+0000][171854.422s][info][gc,marking  ] GC(5143) Concurrent Cleanup for Next Mark
[2025-01-08T20:09:44.084+0000][171854.450s][info][gc,marking  ] GC(5143) Concurrent Cleanup for Next Mark 28.317ms
[2025-01-08T20:09:44.084+0000][171854.450s][info][gc          ] GC(5143) Concurrent Mark Cycle 1648.924ms
[2025-01-08T20:09:48.288+0000][171858.654s][info][gc,start    ] GC(5144) Pause Young (Prepare Mixed) (G1 Evacuation Pause)
[2025-01-08T20:09:48.288+0000][171858.654s][info][gc,task     ] GC(5144) Using 6 workers of 6 for evacuation
[2025-01-08T20:09:48.313+0000][171858.679s][info][gc,phases   ] GC(5144)   Pre Evacuate Collection Set: 0.2ms
[2025-01-08T20:09:48.313+0000][171858.679s][info][gc,phases   ] GC(5144)   Merge Heap Roots: 0.6ms
[2025-01-08T20:09:48.313+0000][171858.679s][info][gc,phases   ] GC(5144)   Evacuate Collection Set: 21.4ms
[2025-01-08T20:09:48.313+0000][171858.679s][info][gc,phases   ] GC(5144)   Post Evacuate Collection Set: 2.4ms
[2025-01-08T20:09:48.313+0000][171858.679s][info][gc,phases   ] GC(5144)   Other: 0.2ms
[2025-01-08T20:09:48.313+0000][171858.679s][info][gc,heap     ] GC(5144) Eden regions: 916->0(70)
[2025-01-08T20:09:48.313+0000][171858.679s][info][gc,heap     ] GC(5144) Survivor regions: 5->6(116)
[2025-01-08T20:09:48.313+0000][171858.679s][info][gc,heap     ] GC(5144) Old regions: 240->240
[2025-01-08T20:09:48.313+0000][171858.679s][info][gc,heap     ] GC(5144) Archive regions: 2->2
[2025-01-08T20:09:48.313+0000][171858.679s][info][gc,heap     ] GC(5144) Humongous regions: 49->49
[2025-01-08T20:09:48.313+0000][171858.679s][info][gc,metaspace] GC(5144) Metaspace: 523600K(533760K)->523600K(533760K) NonClass: 459756K(465024K)->459756K(465024K) Class: 63844K(68736K)->63844K(68736K)
[2025-01-08T20:09:48.313+0000][171858.679s][info][gc          ] GC(5144) Pause Young (Prepare Mixed) (G1 Evacuation Pause) 9680M->2359M(12288M) 24.872ms
[2025-01-08T20:09:48.313+0000][171858.679s][info][gc,cpu      ] GC(5144) User=0.15s Sys=0.00s Real=0.03s
[2025-01-08T20:09:48.680+0000][171859.046s][info][gc,start    ] GC(5145) Pause Young (Mixed) (G1 Evacuation Pause)
[2025-01-08T20:09:48.680+0000][171859.046s][info][gc,task     ] GC(5145) Using 6 workers of 6 for evacuation
[2025-01-08T20:09:48.728+0000][171859.095s][info][gc,phases   ] GC(5145)   Pre Evacuate Collection Set: 0.2ms
[2025-01-08T20:09:48.728+0000][171859.095s][info][gc,phases   ] GC(5145)   Merge Heap Roots: 0.6ms
[2025-01-08T20:09:48.728+0000][171859.095s][info][gc,phases   ] GC(5145)   Evacuate Collection Set: 45.8ms
[2025-01-08T20:09:48.728+0000][171859.095s][info][gc,phases   ] GC(5145)   Post Evacuate Collection Set: 1.6ms
[2025-01-08T20:09:48.728+0000][171859.095s][info][gc,phases   ] GC(5145)   Other: 0.2ms
[2025-01-08T20:09:48.728+0000][171859.095s][info][gc,heap     ] GC(5145) Eden regions: 70->0(916)
[2025-01-08T20:09:48.728+0000][171859.095s][info][gc,heap     ] GC(5145) Survivor regions: 6->5(10)
[2025-01-08T20:09:48.728+0000][171859.095s][info][gc,heap     ] GC(5145) Old regions: 240->234
[2025-01-08T20:09:48.728+0000][171859.095s][info][gc,heap     ] GC(5145) Archive regions: 2->2
[2025-01-08T20:09:48.729+0000][171859.095s][info][gc,heap     ] GC(5145) Humongous regions: 49->49
[2025-01-08T20:09:48.729+0000][171859.095s][info][gc,metaspace] GC(5145) Metaspace: 523600K(533760K)->523600K(533760K) NonClass: 459756K(465024K)->459756K(465024K) Class: 63844K(68736K)->63844K(68736K)
[2025-01-08T20:09:48.729+0000][171859.095s][info][gc          ] GC(5145) Pause Young (Mixed) (G1 Evacuation Pause) 2919M->2309M(12288M) 48.431ms
[2025-01-08T20:09:48.729+0000][171859.095s][info][gc,cpu      ] GC(5145) User=0.28s Sys=0.00s Real=0.05s
[2025-01-08T20:09:55.979+0000][171866.345s][info][gc,start    ] GC(5146) Pause Young (Normal) (G1 Evacuation Pause)
[2025-01-08T20:09:55.979+0000][171866.345s][info][gc,task     ] GC(5146) Using 6 workers of 6 for evacuation
[2025-01-08T20:09:56.003+0000][171866.369s][info][gc,phases   ] GC(5146)   Pre Evacuate Collection Set: 0.2ms
[2025-01-08T20:09:56.003+0000][171866.369s][info][gc,phases   ] GC(5146)   Merge Heap Roots: 0.4ms
[2025-01-08T20:09:56.003+0000][171866.369s][info][gc,phases   ] GC(5146)   Evacuate Collection Set: 20.4ms
[2025-01-08T20:09:56.003+0000][171866.369s][info][gc,phases   ] GC(5146)   Post Evacuate Collection Set: 2.5ms
[2025-01-08T20:09:56.003+0000][171866.369s][info][gc,phases   ] GC(5146)   Other: 0.2ms
[2025-01-08T20:09:56.003+0000][171866.369s][info][gc,heap     ] GC(5146) Eden regions: 916->0(915)
[2025-01-08T20:09:56.003+0000][171866.369s][info][gc,heap     ] GC(5146) Survivor regions: 5->6(116)
[2025-01-08T20:09:56.003+0000][171866.369s][info][gc,heap     ] GC(5146) Old regions: 234->234
[2025-01-08T20:09:56.003+0000][171866.369s][info][gc,heap     ] GC(5146) Archive regions: 2->2
[2025-01-08T20:09:56.003+0000][171866.369s][info][gc,heap     ] GC(5146) Humongous regions: 49->49
[2025-01-08T20:09:56.003+0000][171866.369s][info][gc,metaspace] GC(5146) Metaspace: 523600K(533760K)->523600K(533760K) NonClass: 459756K(465024K)->459756K(465024K) Class: 63844K(68736K)->63844K(68736K)
[2025-01-08T20:09:56.003+0000][171866.369s][info][gc          ] GC(5146) Pause Young (Normal) (G1 Evacuation Pause) 9637M->2317M(12288M) 23.782ms
[2025-01-08T20:09:56.003+0000][171866.369s][info][gc,cpu      ] GC(5146) User=0.14s Sys=0.00s Real=0.03s
[2025-01-08T20:10:01.462+0000][171871.828s][info][gc,start    ] GC(5147) Pause Young (Normal) (G1 Evacuation Pause)
[2025-01-08T20:10:01.462+0000][171871.828s][info][gc,task     ] GC(5147) Using 6 workers of 6 for evacuation
[2025-01-08T20:10:01.494+0000][171871.860s][info][gc,phases   ] GC(5147)   Pre Evacuate Collection Set: 0.2ms
[2025-01-08T20:10:01.494+0000][171871.860s][info][gc,phases   ] GC(5147)   Merge Heap Roots: 0.5ms
[2025-01-08T20:10:01.494+0000][171871.860s][info][gc,phases   ] GC(5147)   Evacuate Collection Set: 28.5ms
[2025-01-08T20:10:01.494+0000][171871.860s][info][gc,phases   ] GC(5147)   Post Evacuate Collection Set: 2.5ms
[2025-01-08T20:10:01.494+0000][171871.860s][info][gc,phases   ] GC(5147)   Other: 0.2ms
[2025-01-08T20:10:01.494+0000][171871.860s][info][gc,heap     ] GC(5147) Eden regions: 915->0(912)
[2025-01-08T20:10:01.494+0000][171871.860s][info][gc,heap     ] GC(5147) Survivor regions: 6->9(116)
[2025-01-08T20:10:01.494+0000][171871.860s][info][gc,heap     ] GC(5147) Old regions: 234->234
[2025-01-08T20:10:01.494+0000][171871.860s][info][gc,heap     ] GC(5147) Archive regions: 2->2
[2025-01-08T20:10:01.494+0000][171871.860s][info][gc,heap     ] GC(5147) Humongous regions: 49->49
[2025-01-08T20:10:01.494+0000][171871.860s][info][gc,metaspace] GC(5147) Metaspace: 523601K(533760K)->523601K(533760K) NonClass: 459757K(465024K)->459757K(465024K) Class: 63844K(68736K)->63844K(68736K)
[2025-01-08T20:10:01.494+0000][171871.860s][info][gc          ] GC(5147) Pause Young (Normal) (G1 Evacuation Pause) 9637M->2334M(12288M) 31.973ms
[2025-01-08T20:10:01.494+0000][171871.860s][info][gc,cpu      ] GC(5147) User=0.18s Sys=0.00s Real=0.03s
[2025-01-08T20:10:08.630+0000][171878.996s][info][gc,start    ] GC(5148) Pause Young (Concurrent Start) (G1 Evacuation Pause)
[2025-01-08T20:10:08.630+0000][171878.996s][info][gc,task     ] GC(5148) Using 6 workers of 6 for evacuation
[2025-01-08T20:10:08.660+0000][171879.026s][info][gc,phases   ] GC(5148)   Pre Evacuate Collection Set: 1.2ms
[2025-01-08T20:10:08.660+0000][171879.026s][info][gc,phases   ] GC(5148)   Merge Heap Roots: 0.5ms
[2025-01-08T20:10:08.660+0000][171879.026s][info][gc,phases   ] GC(5148)   Evacuate Collection Set: 26.2ms
[2025-01-08T20:10:08.660+0000][171879.026s][info][gc,phases   ] GC(5148)   Post Evacuate Collection Set: 2.5ms
[2025-01-08T20:10:08.660+0000][171879.026s][info][gc,phases   ] GC(5148)   Other: 0.3ms
[2025-01-08T20:10:08.660+0000][171879.026s][info][gc,heap     ] GC(5148) Eden regions: 912->0(914)
[2025-01-08T20:10:08.660+0000][171879.026s][info][gc,heap     ] GC(5148) Survivor regions: 9->7(116)
[2025-01-08T20:10:08.660+0000][171879.026s][info][gc,heap     ] GC(5148) Old regions: 234->234
[2025-01-08T20:10:08.660+0000][171879.027s][info][gc,heap     ] GC(5148) Archive regions: 2->2
[2025-01-08T20:10:08.660+0000][171879.027s][info][gc,heap     ] GC(5148) Humongous regions: 49->49
[2025-01-08T20:10:08.660+0000][171879.027s][info][gc,metaspace] GC(5148) Metaspace: 523601K(533760K)->523601K(533760K) NonClass: 459757K(465024K)->459757K(465024K) Class: 63844K(68736K)->63844K(68736K)
[2025-01-08T20:10:08.660+0000][171879.027s][info][gc          ] GC(5148) Pause Young (Concurrent Start) (G1 Evacuation Pause) 9630M->2324M(12288M) 30.661ms
[2025-01-08T20:10:08.660+0000][171879.027s][info][gc,cpu      ] GC(5148) User=0.17s Sys=0.00s Real=0.02s
[2025-01-08T20:10:08.661+0000][171879.027s][info][gc          ] GC(5149) Concurrent Mark Cycle
[2025-01-08T20:10:08.661+0000][171879.027s][info][gc,marking  ] GC(5149) Concurrent Clear Claimed Marks
[2025-01-08T20:10:08.662+0000][171879.028s][info][gc,marking  ] GC(5149) Concurrent Clear Claimed Marks 1.040ms
[2025-01-08T20:10:08.662+0000][171879.028s][info][gc,marking  ] GC(5149) Concurrent Scan Root Regions
[2025-01-08T20:10:08.683+0000][171879.049s][info][gc,marking  ] GC(5149) Concurrent Scan Root Regions 21.475ms
[2025-01-08T20:10:08.683+0000][171879.049s][info][gc,marking  ] GC(5149) Concurrent Mark
[2025-01-08T20:10:08.683+0000][171879.049s][info][gc,marking  ] GC(5149) Concurrent Mark From Roots
[2025-01-08T20:10:08.683+0000][171879.049s][info][gc,task     ] GC(5149) Using 2 workers of 2 for marking
[2025-01-08T20:10:09.606+0000][171879.972s][info][gc,marking  ] GC(5149) Concurrent Mark From Roots 922.635ms
[2025-01-08T20:10:09.606+0000][171879.972s][info][gc,marking  ] GC(5149) Concurrent Preclean
[2025-01-08T20:10:09.608+0000][171879.974s][info][gc,marking  ] GC(5149) Concurrent Preclean 2.558ms
[2025-01-08T20:10:09.608+0000][171879.975s][info][gc,start    ] GC(5149) Pause Remark
[2025-01-08T20:10:09.634+0000][171880.000s][info][gc          ] GC(5149) Pause Remark 3452M->3452M(12288M) 25.505ms
[2025-01-08T20:10:09.634+0000][171880.000s][info][gc,cpu      ] GC(5149) User=0.14s Sys=0.00s Real=0.03s
[2025-01-08T20:10:09.634+0000][171880.000s][info][gc,marking  ] GC(5149) Concurrent Mark 951.025ms
[2025-01-08T20:10:09.634+0000][171880.000s][info][gc,marking  ] GC(5149) Concurrent Rebuild Remembered Sets
[2025-01-08T20:10:10.242+0000][171880.608s][info][gc,marking  ] GC(5149) Concurrent Rebuild Remembered Sets 607.513ms
[2025-01-08T20:10:10.242+0000][171880.608s][info][gc,start    ] GC(5149) Pause Cleanup
[2025-01-08T20:10:10.242+0000][171880.608s][info][gc          ] GC(5149) Pause Cleanup 4068M->4068M(12288M) 0.469ms
[2025-01-08T20:10:10.242+0000][171880.608s][info][gc,cpu      ] GC(5149) User=0.00s Sys=0.00s Real=0.00s
[2025-01-08T20:10:10.242+0000][171880.609s][info][gc,marking  ] GC(5149) Concurrent Cleanup for Next Mark
[2025-01-08T20:10:10.259+0000][171880.625s][info][gc,marking  ] GC(5149) Concurrent Cleanup for Next Mark 16.079ms
[2025-01-08T20:10:10.259+0000][171880.625s][info][gc          ] GC(5149) Concurrent Mark Cycle 1598.034ms
[2025-01-08T20:10:18.777+0000][171889.143s][info][gc,start    ] GC(5150) Pause Young (Prepare Mixed) (G1 Evacuation Pause)
[2025-01-08T20:10:18.777+0000][171889.144s][info][gc,task     ] GC(5150) Using 6 workers of 6 for evacuation
[2025-01-08T20:10:18.813+0000][171889.179s][info][gc,phases   ] GC(5150)   Pre Evacuate Collection Set: 0.2ms
[2025-01-08T20:10:18.813+0000][171889.179s][info][gc,phases   ] GC(5150)   Merge Heap Roots: 0.7ms
[2025-01-08T20:10:18.813+0000][171889.179s][info][gc,phases   ] GC(5150)   Evacuate Collection Set: 31.7ms
[2025-01-08T20:10:18.813+0000][171889.179s][info][gc,phases   ] GC(5150)   Post Evacuate Collection Set: 2.9ms
[2025-01-08T20:10:18.813+0000][171889.179s][info][gc,phases   ] GC(5150)   Other: 0.3ms
[2025-01-08T20:10:18.813+0000][171889.179s][info][gc,heap     ] GC(5150) Eden regions: 914->0(66)
[2025-01-08T20:10:18.813+0000][171889.179s][info][gc,heap     ] GC(5150) Survivor regions: 7->10(116)
[2025-01-08T20:10:18.813+0000][171889.179s][info][gc,heap     ] GC(5150) Old regions: 234->234
[2025-01-08T20:10:18.813+0000][171889.179s][info][gc,heap     ] GC(5150) Archive regions: 2->2
[2025-01-08T20:10:18.813+0000][171889.179s][info][gc,heap     ] GC(5150) Humongous regions: 49->49
[2025-01-08T20:10:18.813+0000][171889.179s][info][gc,metaspace] GC(5150) Metaspace: 523602K(533760K)->523602K(533760K) NonClass: 459758K(465024K)->459758K(465024K) Class: 63844K(68736K)->63844K(68736K)
[2025-01-08T20:10:18.813+0000][171889.179s][info][gc          ] GC(5150) Pause Young (Prepare Mixed) (G1 Evacuation Pause) 9636M->2344M(12288M) 35.878ms
[2025-01-08T20:10:18.813+0000][171889.179s][info][gc,cpu      ] GC(5150) User=0.21s Sys=0.00s Real=0.04s
[2025-01-08T20:10:19.209+0000][171889.575s][info][gc,start    ] GC(5151) Pause Young (Mixed) (G1 Evacuation Pause)
[2025-01-08T20:10:19.209+0000][171889.575s][info][gc,task     ] GC(5151) Using 6 workers of 6 for evacuation
[2025-01-08T20:10:19.278+0000][171889.644s][info][gc,phases   ] GC(5151)   Pre Evacuate Collection Set: 0.2ms
[2025-01-08T20:10:19.278+0000][171889.644s][info][gc,phases   ] GC(5151)   Merge Heap Roots: 0.7ms
[2025-01-08T20:10:19.278+0000][171889.644s][info][gc,phases   ] GC(5151)   Evacuate Collection Set: 66.6ms
[2025-01-08T20:10:19.278+0000][171889.644s][info][gc,phases   ] GC(5151)   Post Evacuate Collection Set: 2.0ms
[2025-01-08T20:10:19.278+0000][171889.644s][info][gc,phases   ] GC(5151)   Other: 0.2ms
[2025-01-08T20:10:19.278+0000][171889.644s][info][gc,heap     ] GC(5151) Eden regions: 66->0(915)
[2025-01-08T20:10:19.278+0000][171889.644s][info][gc,heap     ] GC(5151) Survivor regions: 10->6(10)
[2025-01-08T20:10:19.278+0000][171889.644s][info][gc,heap     ] GC(5151) Old regions: 234->234
[2025-01-08T20:10:19.278+0000][171889.644s][info][gc,heap     ] GC(5151) Archive regions: 2->2
[2025-01-08T20:10:19.278+0000][171889.644s][info][gc,heap     ] GC(5151) Humongous regions: 49->49
[2025-01-08T20:10:19.278+0000][171889.644s][info][gc,metaspace] GC(5151) Metaspace: 523602K(533760K)->523602K(533760K) NonClass: 459758K(465024K)->459758K(465024K) Class: 63844K(68736K)->63844K(68736K)
[2025-01-08T20:10:19.278+0000][171889.644s][info][gc          ] GC(5151) Pause Young (Mixed) (G1 Evacuation Pause) 2872M->2309M(12288M) 69.710ms
[2025-01-08T20:10:19.278+0000][171889.644s][info][gc,cpu      ] GC(5151) User=0.40s Sys=0.00s Real=0.07s
[2025-01-08T20:10:26.801+0000][171897.167s][info][gc,start    ] GC(5152) Pause Young (Normal) (G1 Evacuation Pause)
[2025-01-08T20:10:26.801+0000][171897.167s][info][gc,task     ] GC(5152) Using 6 workers of 6 for evacuation
[2025-01-08T20:10:26.833+0000][171897.199s][info][gc,phases   ] GC(5152)   Pre Evacuate Collection Set: 0.2ms
[2025-01-08T20:10:26.833+0000][171897.199s][info][gc,phases   ] GC(5152)   Merge Heap Roots: 0.5ms
[2025-01-08T20:10:26.833+0000][171897.199s][info][gc,phases   ] GC(5152)   Evacuate Collection Set: 26.0ms
[2025-01-08T20:10:26.833+0000][171897.199s][info][gc,phases   ] GC(5152)   Post Evacuate Collection Set: 5.1ms
[2025-01-08T20:10:26.833+0000][171897.199s][info][gc,phases   ] GC(5152)   Other: 0.2ms
[2025-01-08T20:10:26.833+0000][171897.199s][info][gc,heap     ] GC(5152) Eden regions: 915->0(913)
[2025-01-08T20:10:26.833+0000][171897.199s][info][gc,heap     ] GC(5152) Survivor regions: 6->8(116)
[2025-01-08T20:10:26.833+0000][171897.199s][info][gc,heap     ] GC(5152) Old regions: 234->234
[2025-01-08T20:10:26.833+0000][171897.199s][info][gc,heap     ] GC(5152) Archive regions: 2->2
[2025-01-08T20:10:26.833+0000][171897.199s][info][gc,heap     ] GC(5152) Humongous regions: 49->49
[2025-01-08T20:10:26.833+0000][171897.199s][info][gc,metaspace] GC(5152) Metaspace: 523602K(533760K)->523602K(533760K) NonClass: 459758K(465024K)->459758K(465024K) Class: 63844K(68736K)->63844K(68736K)
[2025-01-08T20:10:26.833+0000][171897.199s][info][gc          ] GC(5152) Pause Young (Normal) (G1 Evacuation Pause) 9629M->2328M(12288M) 32.059ms
[2025-01-08T20:10:26.833+0000][171897.199s][info][gc,cpu      ] GC(5152) User=0.19s Sys=0.00s Real=0.04s
[2025-01-08T20:10:36.092+0000][171906.458s][info][gc,start    ] GC(5153) Pause Young (Normal) (G1 Evacuation Pause)
[2025-01-08T20:10:36.092+0000][171906.458s][info][gc,task     ] GC(5153) Using 6 workers of 6 for evacuation
[2025-01-08T20:10:36.128+0000][171906.494s][info][gc,phases   ] GC(5153)   Pre Evacuate Collection Set: 0.2ms
[2025-01-08T20:10:36.128+0000][171906.494s][info][gc,phases   ] GC(5153)   Merge Heap Roots: 0.4ms
[2025-01-08T20:10:36.128+0000][171906.494s][info][gc,phases   ] GC(5153)   Evacuate Collection Set: 31.0ms
[2025-01-08T20:10:36.128+0000][171906.494s][info][gc,phases   ] GC(5153)   Post Evacuate Collection Set: 4.1ms
[2025-01-08T20:10:36.128+0000][171906.494s][info][gc,phases   ] GC(5153)   Other: 0.2ms
[2025-01-08T20:10:36.128+0000][171906.494s][info][gc,heap     ] GC(5153) Eden regions: 913->0(911)
[2025-01-08T20:10:36.128+0000][171906.494s][info][gc,heap     ] GC(5153) Survivor regions: 8->10(116)
[2025-01-08T20:10:36.128+0000][171906.494s][info][gc,heap     ] GC(5153) Old regions: 234->234
[2025-01-08T20:10:36.128+0000][171906.494s][info][gc,heap     ] GC(5153) Archive regions: 2->2
[2025-01-08T20:10:36.128+0000][171906.494s][info][gc,heap     ] GC(5153) Humongous regions: 49->49
[2025-01-08T20:10:36.128+0000][171906.494s][info][gc,metaspace] GC(5153) Metaspace: 523602K(533760K)->523602K(533760K) NonClass: 459758K(465024K)->459758K(465024K) Class: 63844K(68736K)->63844K(68736K)
[2025-01-08T20:10:36.128+0000][171906.494s][info][gc          ] GC(5153) Pause Young (Normal) (G1 Evacuation Pause) 9632M->2339M(12288M) 36.009ms
[2025-01-08T20:10:36.128+0000][171906.494s][info][gc,cpu      ] GC(5153) User=0.21s Sys=0.00s Real=0.03s
[2025-01-08T20:10:41.272+0000][171911.638s][info][gc,start    ] GC(5154) Pause Young (Concurrent Start) (G1 Evacuation Pause)
[2025-01-08T20:10:41.272+0000][171911.638s][info][gc,task     ] GC(5154) Using 6 workers of 6 for evacuation
[2025-01-08T20:10:41.305+0000][171911.671s][info][gc,phases   ] GC(5154)   Pre Evacuate Collection Set: 1.1ms
[2025-01-08T20:10:41.305+0000][171911.671s][info][gc,phases   ] GC(5154)   Merge Heap Roots: 0.4ms
[2025-01-08T20:10:41.305+0000][171911.671s][info][gc,phases   ] GC(5154)   Evacuate Collection Set: 29.0ms
[2025-01-08T20:10:41.305+0000][171911.671s][info][gc,phases   ] GC(5154)   Post Evacuate Collection Set: 2.4ms
[2025-01-08T20:10:41.305+0000][171911.671s][info][gc,phases   ] GC(5154)   Other: 0.3ms
[2025-01-08T20:10:41.305+0000][171911.671s][info][gc,heap     ] GC(5154) Eden regions: 911->0(912)
[2025-01-08T20:10:41.305+0000][171911.671s][info][gc,heap     ] GC(5154) Survivor regions: 10->9(116)
[2025-01-08T20:10:41.305+0000][171911.671s][info][gc,heap     ] GC(5154) Old regions: 234->234
[2025-01-08T20:10:41.305+0000][171911.671s][info][gc,heap     ] GC(5154) Archive regions: 2->2
[2025-01-08T20:10:41.305+0000][171911.671s][info][gc,heap     ] GC(5154) Humongous regions: 49->49
[2025-01-08T20:10:41.305+0000][171911.671s][info][gc,metaspace] GC(5154) Metaspace: 523602K(533760K)->523602K(533760K) NonClass: 459758K(465024K)->459758K(465024K) Class: 63844K(68736K)->63844K(68736K)
[2025-01-08T20:10:41.305+0000][171911.671s][info][gc          ] GC(5154) Pause Young (Concurrent Start) (G1 Evacuation Pause) 9627M->2335M(12288M) 33.352ms
[2025-01-08T20:10:41.305+0000][171911.671s][info][gc,cpu      ] GC(5154) User=0.19s Sys=0.00s Real=0.03s
[2025-01-08T20:10:41.305+0000][171911.671s][info][gc          ] GC(5155) Concurrent Mark Cycle
[2025-01-08T20:10:41.305+0000][171911.671s][info][gc,marking  ] GC(5155) Concurrent Clear Claimed Marks
[2025-01-08T20:10:41.306+0000][171911.672s][info][gc,marking  ] GC(5155) Concurrent Clear Claimed Marks 0.897ms
[2025-01-08T20:10:41.306+0000][171911.672s][info][gc,marking  ] GC(5155) Concurrent Scan Root Regions
[2025-01-08T20:10:41.332+0000][171911.698s][info][gc,marking  ] GC(5155) Concurrent Scan Root Regions 26.006ms
[2025-01-08T20:10:41.332+0000][171911.698s][info][gc,marking  ] GC(5155) Concurrent Mark
[2025-01-08T20:10:41.332+0000][171911.698s][info][gc,marking  ] GC(5155) Concurrent Mark From Roots
[2025-01-08T20:10:41.332+0000][171911.698s][info][gc,task     ] GC(5155) Using 2 workers of 2 for marking
[2025-01-08T20:10:42.247+0000][171912.613s][info][gc,marking  ] GC(5155) Concurrent Mark From Roots 914.788ms
[2025-01-08T20:10:42.247+0000][171912.613s][info][gc,marking  ] GC(5155) Concurrent Preclean
[2025-01-08T20:10:42.249+0000][171912.615s][info][gc,marking  ] GC(5155) Concurrent Preclean 2.540ms
[2025-01-08T20:10:42.249+0000][171912.616s][info][gc,start    ] GC(5155) Pause Remark
[2025-01-08T20:10:42.275+0000][171912.641s][info][gc          ] GC(5155) Pause Remark 3227M->3227M(12288M) 25.124ms
[2025-01-08T20:10:42.275+0000][171912.641s][info][gc,cpu      ] GC(5155) User=0.14s Sys=0.00s Real=0.03s
[2025-01-08T20:10:42.275+0000][171912.641s][info][gc,marking  ] GC(5155) Concurrent Mark 942.764ms
[2025-01-08T20:10:42.275+0000][171912.641s][info][gc,marking  ] GC(5155) Concurrent Rebuild Remembered Sets
[2025-01-08T20:10:42.808+0000][171913.174s][info][gc,marking  ] GC(5155) Concurrent Rebuild Remembered Sets 533.250ms
[2025-01-08T20:10:42.808+0000][171913.174s][info][gc,start    ] GC(5155) Pause Cleanup
[2025-01-08T20:10:42.809+0000][171913.175s][info][gc          ] GC(5155) Pause Cleanup 3736M->3736M(12288M) 0.418ms
[2025-01-08T20:10:42.809+0000][171913.175s][info][gc,cpu      ] GC(5155) User=0.00s Sys=0.00s Real=0.00s
[2025-01-08T20:10:42.809+0000][171913.175s][info][gc,marking  ] GC(5155) Concurrent Cleanup for Next Mark
[2025-01-08T20:10:42.837+0000][171913.203s][info][gc,marking  ] GC(5155) Concurrent Cleanup for Next Mark 27.981ms
[2025-01-08T20:10:42.837+0000][171913.203s][info][gc          ] GC(5155) Concurrent Mark Cycle 1531.679ms
[2025-01-08T20:10:51.020+0000][171921.386s][info][gc,start    ] GC(5156) Pause Young (Prepare Mixed) (G1 Evacuation Pause)
[2025-01-08T20:10:51.020+0000][171921.386s][info][gc,task     ] GC(5156) Using 6 workers of 6 for evacuation
[2025-01-08T20:10:51.061+0000][171921.427s][info][gc,phases   ] GC(5156)   Pre Evacuate Collection Set: 0.2ms
[2025-01-08T20:10:51.061+0000][171921.427s][info][gc,phases   ] GC(5156)   Merge Heap Roots: 0.7ms
[2025-01-08T20:10:51.061+0000][171921.427s][info][gc,phases   ] GC(5156)   Evacuate Collection Set: 37.3ms
[2025-01-08T20:10:51.061+0000][171921.427s][info][gc,phases   ] GC(5156)   Post Evacuate Collection Set: 2.8ms
[2025-01-08T20:10:51.061+0000][171921.427s][info][gc,phases   ] GC(5156)   Other: 0.2ms
[2025-01-08T20:10:51.061+0000][171921.427s][info][gc,heap     ] GC(5156) Eden regions: 912->0(65)
[2025-01-08T20:10:51.061+0000][171921.427s][info][gc,heap     ] GC(5156) Survivor regions: 9->11(116)
[2025-01-08T20:10:51.061+0000][171921.427s][info][gc,heap     ] GC(5156) Old regions: 234->234
[2025-01-08T20:10:51.061+0000][171921.427s][info][gc,heap     ] GC(5156) Archive regions: 2->2
[2025-01-08T20:10:51.061+0000][171921.427s][info][gc,heap     ] GC(5156) Humongous regions: 49->49
[2025-01-08T20:10:51.061+0000][171921.427s][info][gc,metaspace] GC(5156) Metaspace: 523603K(533760K)->523603K(533760K) NonClass: 459759K(465024K)->459759K(465024K) Class: 63844K(68736K)->63844K(68736K)
[2025-01-08T20:10:51.061+0000][171921.427s][info][gc          ] GC(5156) Pause Young (Prepare Mixed) (G1 Evacuation Pause) 9631M->2351M(12288M) 41.326ms
[2025-01-08T20:10:51.061+0000][171921.427s][info][gc,cpu      ] GC(5156) User=0.24s Sys=0.00s Real=0.04s
[2025-01-08T20:10:51.639+0000][171922.005s][info][gc,start    ] GC(5157) Pause Young (Mixed) (G1 Evacuation Pause)
[2025-01-08T20:10:51.639+0000][171922.005s][info][gc,task     ] GC(5157) Using 6 workers of 6 for evacuation
[2025-01-08T20:10:51.718+0000][171922.084s][info][gc,phases   ] GC(5157)   Pre Evacuate Collection Set: 0.2ms
[2025-01-08T20:10:51.718+0000][171922.084s][info][gc,phases   ] GC(5157)   Merge Heap Roots: 0.9ms
[2025-01-08T20:10:51.718+0000][171922.084s][info][gc,phases   ] GC(5157)   Evacuate Collection Set: 76.0ms
[2025-01-08T20:10:51.718+0000][171922.084s][info][gc,phases   ] GC(5157)   Post Evacuate Collection Set: 2.1ms
[2025-01-08T20:10:51.718+0000][171922.084s][info][gc,phases   ] GC(5157)   Other: 0.2ms
[2025-01-08T20:10:51.718+0000][171922.084s][info][gc,heap     ] GC(5157) Eden regions: 65->0(917)
[2025-01-08T20:10:51.718+0000][171922.084s][info][gc,heap     ] GC(5157) Survivor regions: 11->4(10)
[2025-01-08T20:10:51.718+0000][171922.084s][info][gc,heap     ] GC(5157) Old regions: 234->235
[2025-01-08T20:10:51.718+0000][171922.084s][info][gc,heap     ] GC(5157) Archive regions: 2->2
[2025-01-08T20:10:51.718+0000][171922.084s][info][gc,heap     ] GC(5157) Humongous regions: 49->49
[2025-01-08T20:10:51.718+0000][171922.084s][info][gc,metaspace] GC(5157) Metaspace: 523603K(533760K)->523603K(533760K) NonClass: 459759K(465024K)->459759K(465024K) Class: 63844K(68736K)->63844K(68736K)
[2025-01-08T20:10:51.718+0000][171922.084s][info][gc          ] GC(5157) Pause Young (Mixed) (G1 Evacuation Pause) 2871M->2307M(12288M) 79.462ms
[2025-01-08T20:10:51.718+0000][171922.084s][info][gc,cpu      ] GC(5157) User=0.46s Sys=0.00s Real=0.08s
[2025-01-08T20:11:00.743+0000][171931.109s][info][gc,start    ] GC(5158) Pause Young (Normal) (G1 Evacuation Pause)
[2025-01-08T20:11:00.743+0000][171931.109s][info][gc,task     ] GC(5158) Using 6 workers of 6 for evacuation
[2025-01-08T20:11:00.768+0000][171931.134s][info][gc,phases   ] GC(5158)   Pre Evacuate Collection Set: 0.2ms
[2025-01-08T20:11:00.768+0000][171931.134s][info][gc,phases   ] GC(5158)   Merge Heap Roots: 0.4ms
[2025-01-08T20:11:00.768+0000][171931.134s][info][gc,phases   ] GC(5158)   Evacuate Collection Set: 21.7ms
[2025-01-08T20:11:00.768+0000][171931.134s][info][gc,phases   ] GC(5158)   Post Evacuate Collection Set: 2.5ms
[2025-01-08T20:11:00.768+0000][171931.134s][info][gc,phases   ] GC(5158)   Other: 0.2ms
[2025-01-08T20:11:00.768+0000][171931.134s][info][gc,heap     ] GC(5158) Eden regions: 917->0(916)
[2025-01-08T20:11:00.768+0000][171931.134s][info][gc,heap     ] GC(5158) Survivor regions: 4->5(116)
[2025-01-08T20:11:00.768+0000][171931.134s][info][gc,heap     ] GC(5158) Old regions: 235->235
[2025-01-08T20:11:00.768+0000][171931.134s][info][gc,heap     ] GC(5158) Archive regions: 2->2
[2025-01-08T20:11:00.768+0000][171931.134s][info][gc,heap     ] GC(5158) Humongous regions: 49->49
[2025-01-08T20:11:00.768+0000][171931.134s][info][gc,metaspace] GC(5158) Metaspace: 523603K(533760K)->523603K(533760K) NonClass: 459759K(465024K)->459759K(465024K) Class: 63844K(68736K)->63844K(68736K)
[2025-01-08T20:11:00.768+0000][171931.134s][info][gc          ] GC(5158) Pause Young (Normal) (G1 Evacuation Pause) 9643M->2315M(12288M) 25.121ms
[2025-01-08T20:11:00.768+0000][171931.134s][info][gc,cpu      ] GC(5158) User=0.14s Sys=0.00s Real=0.02s
[2025-01-08T20:11:07.141+0000][171937.507s][info][gc,start    ] GC(5159) Pause Young (Normal) (G1 Evacuation Pause)
[2025-01-08T20:11:07.141+0000][171937.508s][info][gc,task     ] GC(5159) Using 6 workers of 6 for evacuation
[2025-01-08T20:11:07.170+0000][171937.536s][info][gc,phases   ] GC(5159)   Pre Evacuate Collection Set: 0.2ms
[2025-01-08T20:11:07.170+0000][171937.536s][info][gc,phases   ] GC(5159)   Merge Heap Roots: 0.4ms
[2025-01-08T20:11:07.170+0000][171937.536s][info][gc,phases   ] GC(5159)   Evacuate Collection Set: 25.3ms
[2025-01-08T20:11:07.170+0000][171937.536s][info][gc,phases   ] GC(5159)   Post Evacuate Collection Set: 2.5ms
[2025-01-08T20:11:07.170+0000][171937.536s][info][gc,phases   ] GC(5159)   Other: 0.2ms
[2025-01-08T20:11:07.170+0000][171937.536s][info][gc,heap     ] GC(5159) Eden regions: 916->0(914)
[2025-01-08T20:11:07.170+0000][171937.536s][info][gc,heap     ] GC(5159) Survivor regions: 5->7(116)
[2025-01-08T20:11:07.170+0000][171937.536s][info][gc,heap     ] GC(5159) Old regions: 235->235
[2025-01-08T20:11:07.170+0000][171937.536s][info][gc,heap     ] GC(5159) Archive regions: 2->2
[2025-01-08T20:11:07.170+0000][171937.536s][info][gc,heap     ] GC(5159) Humongous regions: 49->49
[2025-01-08T20:11:07.170+0000][171937.536s][info][gc,metaspace] GC(5159) Metaspace: 523603K(533760K)->523603K(533760K) NonClass: 459759K(465024K)->459759K(465024K) Class: 63844K(68736K)->63844K(68736K)
[2025-01-08T20:11:07.170+0000][171937.536s][info][gc          ] GC(5159) Pause Young (Normal) (G1 Evacuation Pause) 9643M->2329M(12288M) 28.694ms
[2025-01-08T20:11:07.170+0000][171937.536s][info][gc,cpu      ] GC(5159) User=0.17s Sys=0.00s Real=0.04s
[2025-01-08T20:11:15.209+0000][171945.575s][info][gc,start    ] GC(5160) Pause Young (Concurrent Start) (G1 Evacuation Pause)
[2025-01-08T20:11:15.209+0000][171945.575s][info][gc,task     ] GC(5160) Using 6 workers of 6 for evacuation
[2025-01-08T20:11:15.253+0000][171945.619s][info][gc,phases   ] GC(5160)   Pre Evacuate Collection Set: 1.2ms
[2025-01-08T20:11:15.253+0000][171945.619s][info][gc,phases   ] GC(5160)   Merge Heap Roots: 0.5ms
[2025-01-08T20:11:15.253+0000][171945.619s][info][gc,phases   ] GC(5160)   Evacuate Collection Set: 37.2ms
[2025-01-08T20:11:15.253+0000][171945.619s][info][gc,phases   ] GC(5160)   Post Evacuate Collection Set: 5.1ms
[2025-01-08T20:11:15.253+0000][171945.619s][info][gc,phases   ] GC(5160)   Other: 0.3ms
[2025-01-08T20:11:15.253+0000][171945.619s][info][gc,heap     ] GC(5160) Eden regions: 914->0(908)
[2025-01-08T20:11:15.253+0000][171945.619s][info][gc,heap     ] GC(5160) Survivor regions: 7->13(116)
[2025-01-08T20:11:15.253+0000][171945.619s][info][gc,heap     ] GC(5160) Old regions: 235->235
[2025-01-08T20:11:15.253+0000][171945.619s][info][gc,heap     ] GC(5160) Archive regions: 2->2
[2025-01-08T20:11:15.253+0000][171945.619s][info][gc,heap     ] GC(5160) Humongous regions: 49->49
[2025-01-08T20:11:15.253+0000][171945.619s][info][gc,metaspace] GC(5160) Metaspace: 523603K(533760K)->523603K(533760K) NonClass: 459759K(465024K)->459759K(465024K) Class: 63844K(68736K)->63844K(68736K)
[2025-01-08T20:11:15.253+0000][171945.619s][info][gc          ] GC(5160) Pause Young (Concurrent Start) (G1 Evacuation Pause) 9641M->2372M(12288M) 44.248ms
[2025-01-08T20:11:15.253+0000][171945.619s][info][gc,cpu      ] GC(5160) User=0.26s Sys=0.00s Real=0.05s
[2025-01-08T20:11:15.253+0000][171945.619s][info][gc          ] GC(5161) Concurrent Mark Cycle
[2025-01-08T20:11:15.253+0000][171945.619s][info][gc,marking  ] GC(5161) Concurrent Clear Claimed Marks
[2025-01-08T20:11:15.254+0000][171945.620s][info][gc,marking  ] GC(5161) Concurrent Clear Claimed Marks 0.965ms
[2025-01-08T20:11:15.254+0000][171945.620s][info][gc,marking  ] GC(5161) Concurrent Scan Root Regions
[2025-01-08T20:11:15.286+0000][171945.652s][info][gc,marking  ] GC(5161) Concurrent Scan Root Regions 31.530ms
[2025-01-08T20:11:15.286+0000][171945.652s][info][gc,marking  ] GC(5161) Concurrent Mark
[2025-01-08T20:11:15.286+0000][171945.652s][info][gc,marking  ] GC(5161) Concurrent Mark From Roots
[2025-01-08T20:11:15.286+0000][171945.652s][info][gc,task     ] GC(5161) Using 2 workers of 2 for marking
[2025-01-08T20:11:16.125+0000][171946.491s][info][gc,marking  ] GC(5161) Concurrent Mark From Roots 839.169ms
[2025-01-08T20:11:16.125+0000][171946.491s][info][gc,marking  ] GC(5161) Concurrent Preclean
[2025-01-08T20:11:16.128+0000][171946.494s][info][gc,marking  ] GC(5161) Concurrent Preclean 2.814ms
[2025-01-08T20:11:16.128+0000][171946.494s][info][gc,start    ] GC(5161) Pause Remark
[2025-01-08T20:11:16.155+0000][171946.521s][info][gc          ] GC(5161) Pause Remark 3268M->3268M(12288M) 27.478ms
[2025-01-08T20:11:16.155+0000][171946.522s][info][gc,cpu      ] GC(5161) User=0.16s Sys=0.00s Real=0.03s
[2025-01-08T20:11:16.156+0000][171946.522s][info][gc,marking  ] GC(5161) Concurrent Mark 869.791ms
[2025-01-08T20:11:16.156+0000][171946.522s][info][gc,marking  ] GC(5161) Concurrent Rebuild Remembered Sets
[2025-01-08T20:11:16.689+0000][171947.055s][info][gc,marking  ] GC(5161) Concurrent Rebuild Remembered Sets 533.622ms
[2025-01-08T20:11:16.689+0000][171947.055s][info][gc,start    ] GC(5161) Pause Cleanup
[2025-01-08T20:11:16.690+0000][171947.056s][info][gc          ] GC(5161) Pause Cleanup 3904M->3904M(12288M) 0.430ms
[2025-01-08T20:11:16.690+0000][171947.056s][info][gc,cpu      ] GC(5161) User=0.00s Sys=0.00s Real=0.01s
[2025-01-08T20:11:16.690+0000][171947.056s][info][gc,marking  ] GC(5161) Concurrent Cleanup for Next Mark
[2025-01-08T20:11:16.705+0000][171947.071s][info][gc,marking  ] GC(5161) Concurrent Cleanup for Next Mark 15.480ms
[2025-01-08T20:11:16.705+0000][171947.072s][info][gc          ] GC(5161) Concurrent Mark Cycle 1452.263ms
[2025-01-08T20:11:21.912+0000][171952.278s][info][gc,start    ] GC(5162) Pause Young (Prepare Mixed) (G1 Evacuation Pause)
[2025-01-08T20:11:21.912+0000][171952.278s][info][gc,task     ] GC(5162) Using 6 workers of 6 for evacuation
[2025-01-08T20:11:21.948+0000][171952.314s][info][gc,phases   ] GC(5162)   Pre Evacuate Collection Set: 0.2ms
[2025-01-08T20:11:21.948+0000][171952.314s][info][gc,phases   ] GC(5162)   Merge Heap Roots: 0.6ms
[2025-01-08T20:11:21.948+0000][171952.314s][info][gc,phases   ] GC(5162)   Evacuate Collection Set: 31.3ms
[2025-01-08T20:11:21.948+0000][171952.314s][info][gc,phases   ] GC(5162)   Post Evacuate Collection Set: 3.4ms
[2025-01-08T20:11:21.948+0000][171952.314s][info][gc,phases   ] GC(5162)   Other: 0.2ms
[2025-01-08T20:11:21.948+0000][171952.314s][info][gc,heap     ] GC(5162) Eden regions: 908->0(66)
[2025-01-08T20:11:21.948+0000][171952.314s][info][gc,heap     ] GC(5162) Survivor regions: 13->10(116)
[2025-01-08T20:11:21.948+0000][171952.314s][info][gc,heap     ] GC(5162) Old regions: 235->235
[2025-01-08T20:11:21.948+0000][171952.314s][info][gc,heap     ] GC(5162) Archive regions: 2->2
[2025-01-08T20:11:21.948+0000][171952.314s][info][gc,heap     ] GC(5162) Humongous regions: 49->49
[2025-01-08T20:11:21.948+0000][171952.314s][info][gc,metaspace] GC(5162) Metaspace: 523604K(533760K)->523604K(533760K) NonClass: 459760K(465024K)->459760K(465024K) Class: 63844K(68736K)->63844K(68736K)
[2025-01-08T20:11:21.948+0000][171952.314s][info][gc          ] GC(5162) Pause Young (Prepare Mixed) (G1 Evacuation Pause) 9636M->2349M(12288M) 35.845ms
[2025-01-08T20:11:21.948+0000][171952.314s][info][gc,cpu      ] GC(5162) User=0.21s Sys=0.00s Real=0.03s
[2025-01-08T20:11:22.571+0000][171952.937s][info][gc,start    ] GC(5163) Pause Young (Mixed) (G1 Evacuation Pause)
[2025-01-08T20:11:22.571+0000][171952.937s][info][gc,task     ] GC(5163) Using 6 workers of 6 for evacuation
[2025-01-08T20:11:22.630+0000][171952.996s][info][gc,phases   ] GC(5163)   Pre Evacuate Collection Set: 0.2ms
[2025-01-08T20:11:22.630+0000][171952.996s][info][gc,phases   ] GC(5163)   Merge Heap Roots: 0.6ms
[2025-01-08T20:11:22.630+0000][171952.996s][info][gc,phases   ] GC(5163)   Evacuate Collection Set: 56.2ms
[2025-01-08T20:11:22.630+0000][171952.996s][info][gc,phases   ] GC(5163)   Post Evacuate Collection Set: 1.8ms
[2025-01-08T20:11:22.630+0000][171952.996s][info][gc,phases   ] GC(5163)   Other: 0.2ms
[2025-01-08T20:11:22.630+0000][171952.996s][info][gc,heap     ] GC(5163) Eden regions: 66->0(916)
[2025-01-08T20:11:22.630+0000][171952.996s][info][gc,heap     ] GC(5163) Survivor regions: 10->5(10)
[2025-01-08T20:11:22.630+0000][171952.996s][info][gc,heap     ] GC(5163) Old regions: 235->235
[2025-01-08T20:11:22.630+0000][171952.996s][info][gc,heap     ] GC(5163) Archive regions: 2->2
[2025-01-08T20:11:22.630+0000][171952.996s][info][gc,heap     ] GC(5163) Humongous regions: 49->49
[2025-01-08T20:11:22.630+0000][171952.996s][info][gc,metaspace] GC(5163) Metaspace: 523604K(533760K)->523604K(533760K) NonClass: 459760K(465024K)->459760K(465024K) Class: 63844K(68736K)->63844K(68736K)
[2025-01-08T20:11:22.630+0000][171952.996s][info][gc          ] GC(5163) Pause Young (Mixed) (G1 Evacuation Pause) 2877M->2314M(12288M) 58.948ms
[2025-01-08T20:11:22.630+0000][171952.996s][info][gc,cpu      ] GC(5163) User=0.34s Sys=0.00s Real=0.06s
[2025-01-08T20:11:31.326+0000][171961.692s][info][gc,start    ] GC(5164) Pause Young (Normal) (G1 Evacuation Pause)
[2025-01-08T20:11:31.326+0000][171961.692s][info][gc,task     ] GC(5164) Using 6 workers of 6 for evacuation
[2025-01-08T20:11:31.354+0000][171961.720s][info][gc,phases   ] GC(5164)   Pre Evacuate Collection Set: 0.2ms
[2025-01-08T20:11:31.354+0000][171961.720s][info][gc,phases   ] GC(5164)   Merge Heap Roots: 0.4ms
[2025-01-08T20:11:31.354+0000][171961.720s][info][gc,phases   ] GC(5164)   Evacuate Collection Set: 23.5ms
[2025-01-08T20:11:31.354+0000][171961.720s][info][gc,phases   ] GC(5164)   Post Evacuate Collection Set: 3.9ms
[2025-01-08T20:11:31.354+0000][171961.720s][info][gc,phases   ] GC(5164)   Other: 0.2ms
[2025-01-08T20:11:31.354+0000][171961.720s][info][gc,heap     ] GC(5164) Eden regions: 916->0(914)
[2025-01-08T20:11:31.354+0000][171961.720s][info][gc,heap     ] GC(5164) Survivor regions: 5->7(116)
[2025-01-08T20:11:31.354+0000][171961.720s][info][gc,heap     ] GC(5164) Old regions: 235->235
[2025-01-08T20:11:31.354+0000][171961.720s][info][gc,heap     ] GC(5164) Archive regions: 2->2
[2025-01-08T20:11:31.354+0000][171961.720s][info][gc,heap     ] GC(5164) Humongous regions: 49->49
[2025-01-08T20:11:31.354+0000][171961.720s][info][gc,metaspace] GC(5164) Metaspace: 523604K(533760K)->523604K(533760K) NonClass: 459760K(465024K)->459760K(465024K) Class: 63844K(68736K)->63844K(68736K)
[2025-01-08T20:11:31.354+0000][171961.720s][info][gc          ] GC(5164) Pause Young (Normal) (G1 Evacuation Pause) 9642M->2326M(12288M) 28.314ms
[2025-01-08T20:11:31.354+0000][171961.720s][info][gc,cpu      ] GC(5164) User=0.17s Sys=0.00s Real=0.03s
[2025-01-08T20:11:40.249+0000][171970.615s][info][gc,start    ] GC(5165) Pause Young (Normal) (G1 Evacuation Pause)
[2025-01-08T20:11:40.249+0000][171970.615s][info][gc,task     ] GC(5165) Using 6 workers of 6 for evacuation
[2025-01-08T20:11:40.276+0000][171970.642s][info][gc,phases   ] GC(5165)   Pre Evacuate Collection Set: 0.2ms
[2025-01-08T20:11:40.276+0000][171970.642s][info][gc,phases   ] GC(5165)   Merge Heap Roots: 0.4ms
[2025-01-08T20:11:40.276+0000][171970.642s][info][gc,phases   ] GC(5165)   Evacuate Collection Set: 23.0ms
[2025-01-08T20:11:40.276+0000][171970.642s][info][gc,phases   ] GC(5165)   Post Evacuate Collection Set: 2.5ms
[2025-01-08T20:11:40.276+0000][171970.642s][info][gc,phases   ] GC(5165)   Other: 0.2ms
[2025-01-08T20:11:40.276+0000][171970.642s][info][gc,heap     ] GC(5165) Eden regions: 914->0(914)
[2025-01-08T20:11:40.276+0000][171970.642s][info][gc,heap     ] GC(5165) Survivor regions: 7->7(116)
[2025-01-08T20:11:40.276+0000][171970.642s][info][gc,heap     ] GC(5165) Old regions: 235->235
[2025-01-08T20:11:40.276+0000][171970.642s][info][gc,heap     ] GC(5165) Archive regions: 2->2
[2025-01-08T20:11:40.276+0000][171970.642s][info][gc,heap     ] GC(5165) Humongous regions: 49->49
[2025-01-08T20:11:40.276+0000][171970.642s][info][gc,metaspace] GC(5165) Metaspace: 523604K(533760K)->523604K(533760K) NonClass: 459760K(465024K)->459760K(465024K) Class: 63844K(68736K)->63844K(68736K)
[2025-01-08T20:11:40.276+0000][171970.642s][info][gc          ] GC(5165) Pause Young (Normal) (G1 Evacuation Pause) 9638M->2328M(12288M) 26.384ms
[2025-01-08T20:11:40.276+0000][171970.642s][info][gc,cpu      ] GC(5165) User=0.14s Sys=0.01s Real=0.03s
[2025-01-08T20:11:49.614+0000][171979.980s][info][gc,start    ] GC(5166) Pause Young (Concurrent Start) (G1 Evacuation Pause)
[2025-01-08T20:11:49.614+0000][171979.980s][info][gc,task     ] GC(5166) Using 6 workers of 6 for evacuation
[2025-01-08T20:11:49.645+0000][171980.011s][info][gc,phases   ] GC(5166)   Pre Evacuate Collection Set: 1.2ms
[2025-01-08T20:11:49.645+0000][171980.011s][info][gc,phases   ] GC(5166)   Merge Heap Roots: 0.5ms
[2025-01-08T20:11:49.645+0000][171980.011s][info][gc,phases   ] GC(5166)   Evacuate Collection Set: 26.9ms
[2025-01-08T20:11:49.645+0000][171980.011s][info][gc,phases   ] GC(5166)   Post Evacuate Collection Set: 2.5ms
[2025-01-08T20:11:49.645+0000][171980.011s][info][gc,phases   ] GC(5166)   Other: 0.3ms
[2025-01-08T20:11:49.645+0000][171980.011s][info][gc,heap     ] GC(5166) Eden regions: 914->0(913)
[2025-01-08T20:11:49.645+0000][171980.011s][info][gc,heap     ] GC(5166) Survivor regions: 7->8(116)
[2025-01-08T20:11:49.645+0000][171980.011s][info][gc,heap     ] GC(5166) Old regions: 235->235
[2025-01-08T20:11:49.645+0000][171980.011s][info][gc,heap     ] GC(5166) Archive regions: 2->2
[2025-01-08T20:11:49.645+0000][171980.011s][info][gc,heap     ] GC(5166) Humongous regions: 49->49
[2025-01-08T20:11:49.645+0000][171980.011s][info][gc,metaspace] GC(5166) Metaspace: 523604K(533760K)->523604K(533760K) NonClass: 459760K(465024K)->459760K(465024K) Class: 63844K(68736K)->63844K(68736K)
[2025-01-08T20:11:49.645+0000][171980.011s][info][gc          ] GC(5166) Pause Young (Concurrent Start) (G1 Evacuation Pause) 9640M->2336M(12288M) 31.439ms
[2025-01-08T20:11:49.645+0000][171980.011s][info][gc,cpu      ] GC(5166) User=0.17s Sys=0.00s Real=0.03s
[2025-01-08T20:11:49.645+0000][171980.011s][info][gc          ] GC(5167) Concurrent Mark Cycle
[2025-01-08T20:11:49.645+0000][171980.011s][info][gc,marking  ] GC(5167) Concurrent Clear Claimed Marks
[2025-01-08T20:11:49.646+0000][171980.012s][info][gc,marking  ] GC(5167) Concurrent Clear Claimed Marks 0.878ms
[2025-01-08T20:11:49.646+0000][171980.012s][info][gc,marking  ] GC(5167) Concurrent Scan Root Regions
[2025-01-08T20:11:49.668+0000][171980.034s][info][gc,marking  ] GC(5167) Concurrent Scan Root Regions 21.928ms
[2025-01-08T20:11:49.668+0000][171980.034s][info][gc,marking  ] GC(5167) Concurrent Mark
[2025-01-08T20:11:49.668+0000][171980.034s][info][gc,marking  ] GC(5167) Concurrent Mark From Roots
[2025-01-08T20:11:49.668+0000][171980.034s][info][gc,task     ] GC(5167) Using 2 workers of 2 for marking
[2025-01-08T20:11:50.479+0000][171980.846s][info][gc,marking  ] GC(5167) Concurrent Mark From Roots 811.424ms
[2025-01-08T20:11:50.479+0000][171980.846s][info][gc,marking  ] GC(5167) Concurrent Preclean
[2025-01-08T20:11:50.482+0000][171980.848s][info][gc,marking  ] GC(5167) Concurrent Preclean 2.828ms
[2025-01-08T20:11:50.482+0000][171980.849s][info][gc,start    ] GC(5167) Pause Remark
[2025-01-08T20:11:50.508+0000][171980.874s][info][gc          ] GC(5167) Pause Remark 3520M->3520M(12288M) 25.303ms
[2025-01-08T20:11:50.508+0000][171980.874s][info][gc,cpu      ] GC(5167) User=0.14s Sys=0.00s Real=0.02s
[2025-01-08T20:11:50.508+0000][171980.874s][info][gc,marking  ] GC(5167) Concurrent Mark 839.907ms
[2025-01-08T20:11:50.508+0000][171980.874s][info][gc,marking  ] GC(5167) Concurrent Rebuild Remembered Sets
[2025-01-08T20:11:51.129+0000][171981.495s][info][gc,marking  ] GC(5167) Concurrent Rebuild Remembered Sets 620.645ms
[2025-01-08T20:11:51.129+0000][171981.495s][info][gc,start    ] GC(5167) Pause Cleanup
[2025-01-08T20:11:51.129+0000][171981.495s][info][gc          ] GC(5167) Pause Cleanup 4364M->4364M(12288M) 0.382ms
[2025-01-08T20:11:51.129+0000][171981.495s][info][gc,cpu      ] GC(5167) User=0.00s Sys=0.00s Real=0.00s
[2025-01-08T20:11:51.129+0000][171981.495s][info][gc,marking  ] GC(5167) Concurrent Cleanup for Next Mark
[2025-01-08T20:11:51.158+0000][171981.524s][info][gc,marking  ] GC(5167) Concurrent Cleanup for Next Mark 28.467ms
[2025-01-08T20:11:51.158+0000][171981.524s][info][gc          ] GC(5167) Concurrent Mark Cycle 1512.585ms
[2025-01-08T20:11:54.293+0000][171984.659s][info][gc,start    ] GC(5168) Pause Young (Prepare Mixed) (G1 Evacuation Pause)
[2025-01-08T20:11:54.293+0000][171984.659s][info][gc,task     ] GC(5168) Using 6 workers of 6 for evacuation
[2025-01-08T20:11:54.326+0000][171984.692s][info][gc,phases   ] GC(5168)   Pre Evacuate Collection Set: 0.2ms
[2025-01-08T20:11:54.326+0000][171984.692s][info][gc,phases   ] GC(5168)   Merge Heap Roots: 0.7ms
[2025-01-08T20:11:54.326+0000][171984.692s][info][gc,phases   ] GC(5168)   Evacuate Collection Set: 28.6ms
[2025-01-08T20:11:54.326+0000][171984.692s][info][gc,phases   ] GC(5168)   Post Evacuate Collection Set: 2.5ms
[2025-01-08T20:11:54.326+0000][171984.692s][info][gc,phases   ] GC(5168)   Other: 0.2ms
[2025-01-08T20:11:54.326+0000][171984.692s][info][gc,heap     ] GC(5168) Eden regions: 913->0(67)
[2025-01-08T20:11:54.326+0000][171984.692s][info][gc,heap     ] GC(5168) Survivor regions: 8->9(116)
[2025-01-08T20:11:54.326+0000][171984.692s][info][gc,heap     ] GC(5168) Old regions: 235->235
[2025-01-08T20:11:54.326+0000][171984.692s][info][gc,heap     ] GC(5168) Archive regions: 2->2
[2025-01-08T20:11:54.326+0000][171984.692s][info][gc,heap     ] GC(5168) Humongous regions: 49->49
[2025-01-08T20:11:54.326+0000][171984.692s][info][gc,metaspace] GC(5168) Metaspace: 523604K(533760K)->523604K(533760K) NonClass: 459760K(465024K)->459760K(465024K) Class: 63844K(68736K)->63844K(68736K)
[2025-01-08T20:11:54.326+0000][171984.692s][info][gc          ] GC(5168) Pause Young (Prepare Mixed) (G1 Evacuation Pause) 9640M->2344M(12288M) 32.325ms
[2025-01-08T20:11:54.326+0000][171984.692s][info][gc,cpu      ] GC(5168) User=0.18s Sys=0.00s Real=0.03s
[2025-01-08T20:11:54.611+0000][171984.977s][info][gc,start    ] GC(5169) Pause Young (Mixed) (G1 Evacuation Pause)
[2025-01-08T20:11:54.611+0000][171984.978s][info][gc,task     ] GC(5169) Using 6 workers of 6 for evacuation
[2025-01-08T20:11:54.676+0000][171985.042s][info][gc,phases   ] GC(5169)   Pre Evacuate Collection Set: 0.2ms
[2025-01-08T20:11:54.676+0000][171985.042s][info][gc,phases   ] GC(5169)   Merge Heap Roots: 0.7ms
[2025-01-08T20:11:54.676+0000][171985.042s][info][gc,phases   ] GC(5169)   Evacuate Collection Set: 61.1ms
[2025-01-08T20:11:54.676+0000][171985.042s][info][gc,phases   ] GC(5169)   Post Evacuate Collection Set: 2.0ms
[2025-01-08T20:11:54.676+0000][171985.042s][info][gc,phases   ] GC(5169)   Other: 0.2ms
[2025-01-08T20:11:54.676+0000][171985.042s][info][gc,heap     ] GC(5169) Eden regions: 67->0(915)
[2025-01-08T20:11:54.676+0000][171985.042s][info][gc,heap     ] GC(5169) Survivor regions: 9->6(10)
[2025-01-08T20:11:54.676+0000][171985.042s][info][gc,heap     ] GC(5169) Old regions: 235->235
[2025-01-08T20:11:54.676+0000][171985.042s][info][gc,heap     ] GC(5169) Archive regions: 2->2
[2025-01-08T20:11:54.676+0000][171985.042s][info][gc,heap     ] GC(5169) Humongous regions: 49->49
[2025-01-08T20:11:54.676+0000][171985.042s][info][gc,metaspace] GC(5169) Metaspace: 523604K(533760K)->523604K(533760K) NonClass: 459760K(465024K)->459760K(465024K) Class: 63844K(68736K)->63844K(68736K)
[2025-01-08T20:11:54.676+0000][171985.042s][info][gc          ] GC(5169) Pause Young (Mixed) (G1 Evacuation Pause) 2880M->2315M(12288M) 64.245ms
[2025-01-08T20:11:54.676+0000][171985.042s][info][gc,cpu      ] GC(5169) User=0.37s Sys=0.00s Real=0.06s
[2025-01-08T20:11:58.213+0000][171988.579s][info][gc,start    ] GC(5170) Pause Young (Normal) (G1 Evacuation Pause)
[2025-01-08T20:11:58.213+0000][171988.579s][info][gc,task     ] GC(5170) Using 6 workers of 6 for evacuation
[2025-01-08T20:11:58.236+0000][171988.602s][info][gc,phases   ] GC(5170)   Pre Evacuate Collection Set: 0.2ms
[2025-01-08T20:11:58.236+0000][171988.602s][info][gc,phases   ] GC(5170)   Merge Heap Roots: 0.4ms
[2025-01-08T20:11:58.236+0000][171988.602s][info][gc,phases   ] GC(5170)   Evacuate Collection Set: 19.8ms
[2025-01-08T20:11:58.236+0000][171988.602s][info][gc,phases   ] GC(5170)   Post Evacuate Collection Set: 2.3ms
[2025-01-08T20:11:58.236+0000][171988.602s][info][gc,phases   ] GC(5170)   Other: 0.2ms
[2025-01-08T20:11:58.236+0000][171988.602s][info][gc,heap     ] GC(5170) Eden regions: 915->0(915)
[2025-01-08T20:11:58.236+0000][171988.602s][info][gc,heap     ] GC(5170) Survivor regions: 6->6(116)
[2025-01-08T20:11:58.236+0000][171988.602s][info][gc,heap     ] GC(5170) Old regions: 235->235
[2025-01-08T20:11:58.236+0000][171988.602s][info][gc,heap     ] GC(5170) Archive regions: 2->2
[2025-01-08T20:11:58.236+0000][171988.602s][info][gc,heap     ] GC(5170) Humongous regions: 49->49
[2025-01-08T20:11:58.236+0000][171988.602s][info][gc,metaspace] GC(5170) Metaspace: 523604K(533760K)->523604K(533760K) NonClass: 459760K(465024K)->459760K(465024K) Class: 63844K(68736K)->63844K(68736K)
[2025-01-08T20:11:58.236+0000][171988.602s][info][gc          ] GC(5170) Pause Young (Normal) (G1 Evacuation Pause) 9635M->2318M(12288M) 23.057ms
[2025-01-08T20:11:58.236+0000][171988.602s][info][gc,cpu      ] GC(5170) User=0.13s Sys=0.00s Real=0.02s
[2025-01-08T20:12:05.815+0000][171996.182s][info][gc,start    ] GC(5171) Pause Young (Normal) (G1 Evacuation Pause)
[2025-01-08T20:12:05.815+0000][171996.182s][info][gc,task     ] GC(5171) Using 6 workers of 6 for evacuation
[2025-01-08T20:12:05.844+0000][171996.210s][info][gc,phases   ] GC(5171)   Pre Evacuate Collection Set: 0.2ms
[2025-01-08T20:12:05.844+0000][171996.210s][info][gc,phases   ] GC(5171)   Merge Heap Roots: 0.4ms
[2025-01-08T20:12:05.844+0000][171996.210s][info][gc,phases   ] GC(5171)   Evacuate Collection Set: 25.4ms
[2025-01-08T20:12:05.844+0000][171996.210s][info][gc,phases   ] GC(5171)   Post Evacuate Collection Set: 2.6ms
[2025-01-08T20:12:05.844+0000][171996.210s][info][gc,phases   ] GC(5171)   Other: 0.2ms
[2025-01-08T20:12:05.844+0000][171996.210s][info][gc,heap     ] GC(5171) Eden regions: 915->0(913)
[2025-01-08T20:12:05.844+0000][171996.210s][info][gc,heap     ] GC(5171) Survivor regions: 6->8(116)
[2025-01-08T20:12:05.844+0000][171996.210s][info][gc,heap     ] GC(5171) Old regions: 235->235
[2025-01-08T20:12:05.844+0000][171996.210s][info][gc,heap     ] GC(5171) Archive regions: 2->2
[2025-01-08T20:12:05.844+0000][171996.210s][info][gc,heap     ] GC(5171) Humongous regions: 49->49
[2025-01-08T20:12:05.844+0000][171996.210s][info][gc,metaspace] GC(5171) Metaspace: 523610K(533760K)->523610K(533760K) NonClass: 459766K(465024K)->459766K(465024K) Class: 63844K(68736K)->63844K(68736K)
[2025-01-08T20:12:05.844+0000][171996.210s][info][gc          ] GC(5171) Pause Young (Normal) (G1 Evacuation Pause) 9638M->2331M(12288M) 28.942ms
[2025-01-08T20:12:05.844+0000][171996.210s][info][gc,cpu      ] GC(5171) User=0.17s Sys=0.00s Real=0.03s
[2025-01-08T20:12:15.631+0000][172005.997s][info][gc,start    ] GC(5172) Pause Young (Concurrent Start) (G1 Evacuation Pause)
[2025-01-08T20:12:15.631+0000][172005.997s][info][gc,task     ] GC(5172) Using 6 workers of 6 for evacuation
[2025-01-08T20:12:15.665+0000][172006.032s][info][gc,phases   ] GC(5172)   Pre Evacuate Collection Set: 1.1ms
[2025-01-08T20:12:15.665+0000][172006.032s][info][gc,phases   ] GC(5172)   Merge Heap Roots: 0.4ms
[2025-01-08T20:12:15.665+0000][172006.032s][info][gc,phases   ] GC(5172)   Evacuate Collection Set: 27.0ms
[2025-01-08T20:12:15.665+0000][172006.032s][info][gc,phases   ] GC(5172)   Post Evacuate Collection Set: 5.2ms
[2025-01-08T20:12:15.666+0000][172006.032s][info][gc,phases   ] GC(5172)   Other: 0.3ms
[2025-01-08T20:12:15.666+0000][172006.032s][info][gc,heap     ] GC(5172) Eden regions: 913->0(911)
[2025-01-08T20:12:15.666+0000][172006.032s][info][gc,heap     ] GC(5172) Survivor regions: 8->10(116)
[2025-01-08T20:12:15.666+0000][172006.032s][info][gc,heap     ] GC(5172) Old regions: 235->235
[2025-01-08T20:12:15.666+0000][172006.032s][info][gc,heap     ] GC(5172) Archive regions: 2->2
[2025-01-08T20:12:15.666+0000][172006.032s][info][gc,heap     ] GC(5172) Humongous regions: 49->49
[2025-01-08T20:12:15.666+0000][172006.032s][info][gc,metaspace] GC(5172) Metaspace: 523610K(533760K)->523610K(533760K) NonClass: 459766K(465024K)->459766K(465024K) Class: 63844K(68736K)->63844K(68736K)
[2025-01-08T20:12:15.666+0000][172006.032s][info][gc          ] GC(5172) Pause Young (Concurrent Start) (G1 Evacuation Pause) 9635M->2347M(12288M) 34.226ms
[2025-01-08T20:12:15.666+0000][172006.032s][info][gc,cpu      ] GC(5172) User=0.19s Sys=0.00s Real=0.03s
[2025-01-08T20:12:15.666+0000][172006.032s][info][gc          ] GC(5173) Concurrent Mark Cycle
[2025-01-08T20:12:15.666+0000][172006.032s][info][gc,marking  ] GC(5173) Concurrent Clear Claimed Marks
[2025-01-08T20:12:15.667+0000][172006.033s][info][gc,marking  ] GC(5173) Concurrent Clear Claimed Marks 0.920ms
[2025-01-08T20:12:15.667+0000][172006.033s][info][gc,marking  ] GC(5173) Concurrent Scan Root Regions
[2025-01-08T20:12:15.690+0000][172006.056s][info][gc,marking  ] GC(5173) Concurrent Scan Root Regions 22.983ms
[2025-01-08T20:12:15.690+0000][172006.056s][info][gc,marking  ] GC(5173) Concurrent Mark
[2025-01-08T20:12:15.690+0000][172006.056s][info][gc,marking  ] GC(5173) Concurrent Mark From Roots
[2025-01-08T20:12:15.690+0000][172006.056s][info][gc,task     ] GC(5173) Using 2 workers of 2 for marking
[2025-01-08T20:12:16.553+0000][172006.919s][info][gc,marking  ] GC(5173) Concurrent Mark From Roots 863.191ms
[2025-01-08T20:12:16.553+0000][172006.919s][info][gc,marking  ] GC(5173) Concurrent Preclean
[2025-01-08T20:12:16.556+0000][172006.922s][info][gc,marking  ] GC(5173) Concurrent Preclean 2.714ms
[2025-01-08T20:12:16.556+0000][172006.922s][info][gc,start    ] GC(5173) Pause Remark
[2025-01-08T20:12:16.581+0000][172006.947s][info][gc          ] GC(5173) Pause Remark 3015M->3015M(12288M) 25.248ms
[2025-01-08T20:12:16.581+0000][172006.947s][info][gc,cpu      ] GC(5173) User=0.15s Sys=0.00s Real=0.02s
[2025-01-08T20:12:16.581+0000][172006.947s][info][gc,marking  ] GC(5173) Concurrent Mark 891.531ms
[2025-01-08T20:12:16.581+0000][172006.947s][info][gc,marking  ] GC(5173) Concurrent Rebuild Remembered Sets
[2025-01-08T20:12:17.079+0000][172007.445s][info][gc,marking  ] GC(5173) Concurrent Rebuild Remembered Sets 497.758ms
[2025-01-08T20:12:17.079+0000][172007.445s][info][gc,start    ] GC(5173) Pause Cleanup
[2025-01-08T20:12:17.080+0000][172007.446s][info][gc          ] GC(5173) Pause Cleanup 3078M->3078M(12288M) 0.438ms
[2025-01-08T20:12:17.080+0000][172007.446s][info][gc,cpu      ] GC(5173) User=0.00s Sys=0.00s Real=0.00s
[2025-01-08T20:12:17.080+0000][172007.446s][info][gc,marking  ] GC(5173) Concurrent Cleanup for Next Mark
[2025-01-08T20:12:17.095+0000][172007.461s][info][gc,marking  ] GC(5173) Concurrent Cleanup for Next Mark 15.424ms
[2025-01-08T20:12:17.095+0000][172007.461s][info][gc          ] GC(5173) Concurrent Mark Cycle 1429.457ms
[2025-01-08T20:12:27.288+0000][172017.654s][info][gc,start    ] GC(5174) Pause Young (Prepare Mixed) (G1 Evacuation Pause)
[2025-01-08T20:12:27.288+0000][172017.655s][info][gc,task     ] GC(5174) Using 6 workers of 6 for evacuation
[2025-01-08T20:12:27.326+0000][172017.692s][info][gc,phases   ] GC(5174)   Pre Evacuate Collection Set: 0.2ms
[2025-01-08T20:12:27.326+0000][172017.692s][info][gc,phases   ] GC(5174)   Merge Heap Roots: 0.7ms
[2025-01-08T20:12:27.326+0000][172017.692s][info][gc,phases   ] GC(5174)   Evacuate Collection Set: 32.4ms
[2025-01-08T20:12:27.326+0000][172017.692s][info][gc,phases   ] GC(5174)   Post Evacuate Collection Set: 4.1ms
[2025-01-08T20:12:27.326+0000][172017.692s][info][gc,phases   ] GC(5174)   Other: 0.2ms
[2025-01-08T20:12:27.326+0000][172017.692s][info][gc,heap     ] GC(5174) Eden regions: 911->0(65)
[2025-01-08T20:12:27.326+0000][172017.692s][info][gc,heap     ] GC(5174) Survivor regions: 10->11(116)
[2025-01-08T20:12:27.326+0000][172017.692s][info][gc,heap     ] GC(5174) Old regions: 235->235
[2025-01-08T20:12:27.326+0000][172017.692s][info][gc,heap     ] GC(5174) Archive regions: 2->2
[2025-01-08T20:12:27.326+0000][172017.692s][info][gc,heap     ] GC(5174) Humongous regions: 49->49
[2025-01-08T20:12:27.326+0000][172017.692s][info][gc,metaspace] GC(5174) Metaspace: 523611K(533760K)->523611K(533760K) NonClass: 459767K(465024K)->459767K(465024K) Class: 63844K(68736K)->63844K(68736K)
[2025-01-08T20:12:27.326+0000][172017.692s][info][gc          ] GC(5174) Pause Young (Prepare Mixed) (G1 Evacuation Pause) 9635M->2357M(12288M) 37.579ms
[2025-01-08T20:12:27.326+0000][172017.692s][info][gc,cpu      ] GC(5174) User=0.22s Sys=0.00s Real=0.04s
[2025-01-08T20:12:27.778+0000][172018.144s][info][gc,start    ] GC(5175) Pause Young (Mixed) (GCLocker Initiated GC)
[2025-01-08T20:12:27.778+0000][172018.144s][info][gc,task     ] GC(5175) Using 6 workers of 6 for evacuation
[2025-01-08T20:12:27.819+0000][172018.185s][info][gc,phases   ] GC(5175)   Pre Evacuate Collection Set: 0.2ms
[2025-01-08T20:12:27.819+0000][172018.185s][info][gc,phases   ] GC(5175)   Merge Heap Roots: 0.4ms
[2025-01-08T20:12:27.819+0000][172018.185s][info][gc,phases   ] GC(5175)   Evacuate Collection Set: 38.7ms
[2025-01-08T20:12:27.819+0000][172018.185s][info][gc,phases   ] GC(5175)   Post Evacuate Collection Set: 1.5ms
[2025-01-08T20:12:27.819+0000][172018.185s][info][gc,phases   ] GC(5175)   Other: 0.2ms
[2025-01-08T20:12:27.819+0000][172018.185s][info][gc,heap     ] GC(5175) Eden regions: 65->0(916)
[2025-01-08T20:12:27.819+0000][172018.185s][info][gc,heap     ] GC(5175) Survivor regions: 11->5(10)
[2025-01-08T20:12:27.819+0000][172018.185s][info][gc,heap     ] GC(5175) Old regions: 235->234
[2025-01-08T20:12:27.819+0000][172018.185s][info][gc,heap     ] GC(5175) Archive regions: 2->2
[2025-01-08T20:12:27.819+0000][172018.185s][info][gc,heap     ] GC(5175) Humongous regions: 49->49
[2025-01-08T20:12:27.819+0000][172018.185s][info][gc,metaspace] GC(5175) Metaspace: 523611K(533760K)->523611K(533760K) NonClass: 459767K(465024K)->459767K(465024K) Class: 63844K(68736K)->63844K(68736K)
[2025-01-08T20:12:27.819+0000][172018.185s][info][gc          ] GC(5175) Pause Young (Mixed) (GCLocker Initiated GC) 2877M->2304M(12288M) 41.102ms
[2025-01-08T20:12:27.819+0000][172018.185s][info][gc,cpu      ] GC(5175) User=0.24s Sys=0.01s Real=0.04s
[2025-01-08T20:12:38.272+0000][172028.638s][info][gc,start    ] GC(5176) Pause Young (Normal) (G1 Evacuation Pause)
[2025-01-08T20:12:38.272+0000][172028.638s][info][gc,task     ] GC(5176) Using 6 workers of 6 for evacuation
[2025-01-08T20:12:38.294+0000][172028.660s][info][gc,phases   ] GC(5176)   Pre Evacuate Collection Set: 0.2ms
[2025-01-08T20:12:38.294+0000][172028.660s][info][gc,phases   ] GC(5176)   Merge Heap Roots: 0.4ms
[2025-01-08T20:12:38.294+0000][172028.660s][info][gc,phases   ] GC(5176)   Evacuate Collection Set: 19.1ms
[2025-01-08T20:12:38.294+0000][172028.660s][info][gc,phases   ] GC(5176)   Post Evacuate Collection Set: 2.6ms
[2025-01-08T20:12:38.294+0000][172028.660s][info][gc,phases   ] GC(5176)   Other: 0.2ms
[2025-01-08T20:12:38.294+0000][172028.660s][info][gc,heap     ] GC(5176) Eden regions: 916->0(915)
[2025-01-08T20:12:38.294+0000][172028.660s][info][gc,heap     ] GC(5176) Survivor regions: 5->6(116)
[2025-01-08T20:12:38.294+0000][172028.660s][info][gc,heap     ] GC(5176) Old regions: 234->234
[2025-01-08T20:12:38.294+0000][172028.660s][info][gc,heap     ] GC(5176) Archive regions: 2->2
[2025-01-08T20:12:38.294+0000][172028.660s][info][gc,heap     ] GC(5176) Humongous regions: 49->49
[2025-01-08T20:12:38.294+0000][172028.660s][info][gc,metaspace] GC(5176) Metaspace: 523611K(533760K)->523611K(533760K) NonClass: 459767K(465024K)->459767K(465024K) Class: 63844K(68736K)->63844K(68736K)
[2025-01-08T20:12:38.294+0000][172028.660s][info][gc          ] GC(5176) Pause Young (Normal) (G1 Evacuation Pause) 9632M->2313M(12288M) 22.519ms
[2025-01-08T20:12:38.294+0000][172028.660s][info][gc,cpu      ] GC(5176) User=0.14s Sys=0.00s Real=0.02s
[2025-01-08T20:12:43.876+0000][172034.242s][info][gc,start    ] GC(5177) Pause Young (Normal) (G1 Evacuation Pause)
[2025-01-08T20:12:43.876+0000][172034.242s][info][gc,task     ] GC(5177) Using 6 workers of 6 for evacuation
[2025-01-08T20:12:43.898+0000][172034.264s][info][gc,phases   ] GC(5177)   Pre Evacuate Collection Set: 0.2ms
[2025-01-08T20:12:43.898+0000][172034.264s][info][gc,phases   ] GC(5177)   Merge Heap Roots: 0.4ms
[2025-01-08T20:12:43.898+0000][172034.264s][info][gc,phases   ] GC(5177)   Evacuate Collection Set: 18.9ms
[2025-01-08T20:12:43.898+0000][172034.264s][info][gc,phases   ] GC(5177)   Post Evacuate Collection Set: 2.4ms
[2025-01-08T20:12:43.898+0000][172034.264s][info][gc,phases   ] GC(5177)   Other: 0.2ms
[2025-01-08T20:12:43.898+0000][172034.264s][info][gc,heap     ] GC(5177) Eden regions: 915->0(915)
[2025-01-08T20:12:43.898+0000][172034.264s][info][gc,heap     ] GC(5177) Survivor regions: 6->6(116)
[2025-01-08T20:12:43.898+0000][172034.264s][info][gc,heap     ] GC(5177) Old regions: 234->234
[2025-01-08T20:12:43.898+0000][172034.264s][info][gc,heap     ] GC(5177) Archive regions: 2->2
[2025-01-08T20:12:43.898+0000][172034.264s][info][gc,heap     ] GC(5177) Humongous regions: 49->49
[2025-01-08T20:12:43.898+0000][172034.264s][info][gc,metaspace] GC(5177) Metaspace: 523611K(533760K)->523611K(533760K) NonClass: 459767K(465024K)->459767K(465024K) Class: 63844K(68736K)->63844K(68736K)
[2025-01-08T20:12:43.898+0000][172034.264s][info][gc          ] GC(5177) Pause Young (Normal) (G1 Evacuation Pause) 9633M->2318M(12288M) 22.152ms
[2025-01-08T20:12:43.898+0000][172034.264s][info][gc,cpu      ] GC(5177) User=0.13s Sys=0.00s Real=0.02s
[2025-01-08T20:12:51.898+0000][172042.264s][info][gc,start    ] GC(5178) Pause Young (Concurrent Start) (G1 Evacuation Pause)
[2025-01-08T20:12:51.898+0000][172042.264s][info][gc,task     ] GC(5178) Using 6 workers of 6 for evacuation
[2025-01-08T20:12:51.928+0000][172042.294s][info][gc,phases   ] GC(5178)   Pre Evacuate Collection Set: 1.1ms
[2025-01-08T20:12:51.928+0000][172042.294s][info][gc,phases   ] GC(5178)   Merge Heap Roots: 0.4ms
[2025-01-08T20:12:51.928+0000][172042.294s][info][gc,phases   ] GC(5178)   Evacuate Collection Set: 25.7ms
[2025-01-08T20:12:51.928+0000][172042.294s][info][gc,phases   ] GC(5178)   Post Evacuate Collection Set: 2.6ms
[2025-01-08T20:12:51.928+0000][172042.294s][info][gc,phases   ] GC(5178)   Other: 0.3ms
[2025-01-08T20:12:51.928+0000][172042.294s][info][gc,heap     ] GC(5178) Eden regions: 915->0(913)
[2025-01-08T20:12:51.928+0000][172042.294s][info][gc,heap     ] GC(5178) Survivor regions: 6->8(116)
[2025-01-08T20:12:51.928+0000][172042.294s][info][gc,heap     ] GC(5178) Old regions: 234->234
[2025-01-08T20:12:51.928+0000][172042.294s][info][gc,heap     ] GC(5178) Archive regions: 2->2
[2025-01-08T20:12:51.928+0000][172042.294s][info][gc,heap     ] GC(5178) Humongous regions: 49->49
[2025-01-08T20:12:51.928+0000][172042.294s][info][gc,metaspace] GC(5178) Metaspace: 523612K(533760K)->523612K(533760K) NonClass: 459768K(465024K)->459768K(465024K) Class: 63844K(68736K)->63844K(68736K)
[2025-01-08T20:12:51.928+0000][172042.294s][info][gc          ] GC(5178) Pause Young (Concurrent Start) (G1 Evacuation Pause) 9638M->2334M(12288M) 30.279ms
[2025-01-08T20:12:51.928+0000][172042.294s][info][gc,cpu      ] GC(5178) User=0.17s Sys=0.00s Real=0.03s
[2025-01-08T20:12:51.928+0000][172042.294s][info][gc          ] GC(5179) Concurrent Mark Cycle
[2025-01-08T20:12:51.928+0000][172042.294s][info][gc,marking  ] GC(5179) Concurrent Clear Claimed Marks
[2025-01-08T20:12:51.929+0000][172042.295s][info][gc,marking  ] GC(5179) Concurrent Clear Claimed Marks 0.902ms
[2025-01-08T20:12:51.929+0000][172042.295s][info][gc,marking  ] GC(5179) Concurrent Scan Root Regions
[2025-01-08T20:12:51.954+0000][172042.320s][info][gc,marking  ] GC(5179) Concurrent Scan Root Regions 25.290ms
[2025-01-08T20:12:51.954+0000][172042.320s][info][gc,marking  ] GC(5179) Concurrent Mark
[2025-01-08T20:12:51.954+0000][172042.320s][info][gc,marking  ] GC(5179) Concurrent Mark From Roots
[2025-01-08T20:12:51.954+0000][172042.320s][info][gc,task     ] GC(5179) Using 2 workers of 2 for marking
[2025-01-08T20:12:52.955+0000][172043.321s][info][gc,marking  ] GC(5179) Concurrent Mark From Roots 1000.277ms
[2025-01-08T20:12:52.955+0000][172043.321s][info][gc,marking  ] GC(5179) Concurrent Preclean
[2025-01-08T20:12:52.957+0000][172043.323s][info][gc,marking  ] GC(5179) Concurrent Preclean 2.652ms
[2025-01-08T20:12:52.957+0000][172043.323s][info][gc,start    ] GC(5179) Pause Remark
[2025-01-08T20:12:52.983+0000][172043.349s][info][gc          ] GC(5179) Pause Remark 3262M->3262M(12288M) 25.646ms
[2025-01-08T20:12:52.983+0000][172043.349s][info][gc,cpu      ] GC(5179) User=0.14s Sys=0.01s Real=0.03s
[2025-01-08T20:12:52.983+0000][172043.349s][info][gc,marking  ] GC(5179) Concurrent Mark 1028.915ms
[2025-01-08T20:12:52.983+0000][172043.349s][info][gc,marking  ] GC(5179) Concurrent Rebuild Remembered Sets
[2025-01-08T20:12:53.512+0000][172043.878s][info][gc,marking  ] GC(5179) Concurrent Rebuild Remembered Sets 528.620ms
[2025-01-08T20:12:53.512+0000][172043.878s][info][gc,start    ] GC(5179) Pause Cleanup
[2025-01-08T20:12:53.512+0000][172043.878s][info][gc          ] GC(5179) Pause Cleanup 3714M->3714M(12288M) 0.423ms
[2025-01-08T20:12:53.512+0000][172043.879s][info][gc,cpu      ] GC(5179) User=0.00s Sys=0.00s Real=0.00s
[2025-01-08T20:12:53.512+0000][172043.879s][info][gc,marking  ] GC(5179) Concurrent Cleanup for Next Mark
[2025-01-08T20:12:53.528+0000][172043.894s][info][gc,marking  ] GC(5179) Concurrent Cleanup for Next Mark 15.601ms
[2025-01-08T20:12:53.528+0000][172043.894s][info][gc          ] GC(5179) Concurrent Mark Cycle 1600.134ms
[2025-01-08T20:13:00.216+0000][172050.582s][info][gc,start    ] GC(5180) Pause Young (Prepare Mixed) (G1 Evacuation Pause)
[2025-01-08T20:13:00.216+0000][172050.582s][info][gc,task     ] GC(5180) Using 6 workers of 6 for evacuation
[2025-01-08T20:13:00.249+0000][172050.615s][info][gc,phases   ] GC(5180)   Pre Evacuate Collection Set: 0.2ms
[2025-01-08T20:13:00.249+0000][172050.615s][info][gc,phases   ] GC(5180)   Merge Heap Roots: 0.6ms
[2025-01-08T20:13:00.249+0000][172050.615s][info][gc,phases   ] GC(5180)   Evacuate Collection Set: 29.7ms
[2025-01-08T20:13:00.249+0000][172050.615s][info][gc,phases   ] GC(5180)   Post Evacuate Collection Set: 2.7ms
[2025-01-08T20:13:00.249+0000][172050.615s][info][gc,phases   ] GC(5180)   Other: 0.2ms
[2025-01-08T20:13:00.249+0000][172050.615s][info][gc,heap     ] GC(5180) Eden regions: 913->0(66)
[2025-01-08T20:13:00.249+0000][172050.615s][info][gc,heap     ] GC(5180) Survivor regions: 8->10(116)
[2025-01-08T20:13:00.249+0000][172050.615s][info][gc,heap     ] GC(5180) Old regions: 234->234
[2025-01-08T20:13:00.249+0000][172050.615s][info][gc,heap     ] GC(5180) Archive regions: 2->2
[2025-01-08T20:13:00.249+0000][172050.615s][info][gc,heap     ] GC(5180) Humongous regions: 49->49
[2025-01-08T20:13:00.249+0000][172050.615s][info][gc,metaspace] GC(5180) Metaspace: 523612K(533760K)->523612K(533760K) NonClass: 459768K(465024K)->459768K(465024K) Class: 63844K(68736K)->63844K(68736K)
[2025-01-08T20:13:00.249+0000][172050.615s][info][gc          ] GC(5180) Pause Young (Prepare Mixed) (G1 Evacuation Pause) 9638M->2344M(12288M) 33.488ms
[2025-01-08T20:13:00.249+0000][172050.615s][info][gc,cpu      ] GC(5180) User=0.20s Sys=0.00s Real=0.03s
[2025-01-08T20:13:00.831+0000][172051.197s][info][gc,start    ] GC(5181) Pause Young (Mixed) (G1 Evacuation Pause)
[2025-01-08T20:13:00.831+0000][172051.197s][info][gc,task     ] GC(5181) Using 6 workers of 6 for evacuation
[2025-01-08T20:13:00.880+0000][172051.246s][info][gc,phases   ] GC(5181)   Pre Evacuate Collection Set: 0.2ms
[2025-01-08T20:13:00.880+0000][172051.246s][info][gc,phases   ] GC(5181)   Merge Heap Roots: 0.5ms
[2025-01-08T20:13:00.880+0000][172051.246s][info][gc,phases   ] GC(5181)   Evacuate Collection Set: 46.1ms
[2025-01-08T20:13:00.880+0000][172051.246s][info][gc,phases   ] GC(5181)   Post Evacuate Collection Set: 1.8ms
[2025-01-08T20:13:00.880+0000][172051.246s][info][gc,phases   ] GC(5181)   Other: 0.2ms
[2025-01-08T20:13:00.880+0000][172051.246s][info][gc,heap     ] GC(5181) Eden regions: 66->0(916)
[2025-01-08T20:13:00.880+0000][172051.246s][info][gc,heap     ] GC(5181) Survivor regions: 10->5(10)
[2025-01-08T20:13:00.880+0000][172051.246s][info][gc,heap     ] GC(5181) Old regions: 234->234
[2025-01-08T20:13:00.880+0000][172051.246s][info][gc,heap     ] GC(5181) Archive regions: 2->2
[2025-01-08T20:13:00.880+0000][172051.246s][info][gc,heap     ] GC(5181) Humongous regions: 49->49
[2025-01-08T20:13:00.880+0000][172051.246s][info][gc,metaspace] GC(5181) Metaspace: 523612K(533760K)->523612K(533760K) NonClass: 459768K(465024K)->459768K(465024K) Class: 63844K(68736K)->63844K(68736K)
[2025-01-08T20:13:00.880+0000][172051.246s][info][gc          ] GC(5181) Pause Young (Mixed) (G1 Evacuation Pause) 2872M->2304M(12288M) 48.895ms
[2025-01-08T20:13:00.880+0000][172051.246s][info][gc,cpu      ] GC(5181) User=0.28s Sys=0.00s Real=0.04s
[2025-01-08T20:13:09.960+0000][172060.327s][info][gc,start    ] GC(5182) Pause Young (Normal) (G1 Evacuation Pause)
[2025-01-08T20:13:09.961+0000][172060.327s][info][gc,task     ] GC(5182) Using 6 workers of 6 for evacuation
[2025-01-08T20:13:09.989+0000][172060.355s][info][gc,phases   ] GC(5182)   Pre Evacuate Collection Set: 0.2ms
[2025-01-08T20:13:09.989+0000][172060.355s][info][gc,phases   ] GC(5182)   Merge Heap Roots: 0.4ms
[2025-01-08T20:13:09.989+0000][172060.355s][info][gc,phases   ] GC(5182)   Evacuate Collection Set: 22.4ms
[2025-01-08T20:13:09.989+0000][172060.355s][info][gc,phases   ] GC(5182)   Post Evacuate Collection Set: 5.2ms
[2025-01-08T20:13:09.989+0000][172060.355s][info][gc,phases   ] GC(5182)   Other: 0.2ms
[2025-01-08T20:13:09.989+0000][172060.355s][info][gc,heap     ] GC(5182) Eden regions: 916->0(913)
[2025-01-08T20:13:09.989+0000][172060.355s][info][gc,heap     ] GC(5182) Survivor regions: 5->8(116)
[2025-01-08T20:13:09.989+0000][172060.355s][info][gc,heap     ] GC(5182) Old regions: 234->234
[2025-01-08T20:13:09.989+0000][172060.355s][info][gc,heap     ] GC(5182) Archive regions: 2->2
[2025-01-08T20:13:09.989+0000][172060.355s][info][gc,heap     ] GC(5182) Humongous regions: 49->49
[2025-01-08T20:13:09.989+0000][172060.355s][info][gc,metaspace] GC(5182) Metaspace: 523612K(533760K)->523612K(533760K) NonClass: 459768K(465024K)->459768K(465024K) Class: 63844K(68736K)->63844K(68736K)
[2025-01-08T20:13:09.989+0000][172060.355s][info][gc          ] GC(5182) Pause Young (Normal) (G1 Evacuation Pause) 9632M->2324M(12288M) 28.457ms
[2025-01-08T20:13:09.989+0000][172060.355s][info][gc,cpu      ] GC(5182) User=0.17s Sys=0.00s Real=0.03s
[2025-01-08T20:13:18.443+0000][172068.809s][info][gc,start    ] GC(5183) Pause Young (Normal) (G1 Evacuation Pause)
[2025-01-08T20:13:18.443+0000][172068.809s][info][gc,task     ] GC(5183) Using 6 workers of 6 for evacuation
[2025-01-08T20:13:18.470+0000][172068.836s][info][gc,phases   ] GC(5183)   Pre Evacuate Collection Set: 0.2ms
[2025-01-08T20:13:18.470+0000][172068.836s][info][gc,phases   ] GC(5183)   Merge Heap Roots: 0.4ms
[2025-01-08T20:13:18.470+0000][172068.836s][info][gc,phases   ] GC(5183)   Evacuate Collection Set: 23.9ms
[2025-01-08T20:13:18.470+0000][172068.836s][info][gc,phases   ] GC(5183)   Post Evacuate Collection Set: 2.6ms
[2025-01-08T20:13:18.470+0000][172068.836s][info][gc,phases   ] GC(5183)   Other: 0.2ms
[2025-01-08T20:13:18.470+0000][172068.836s][info][gc,heap     ] GC(5183) Eden regions: 913->0(914)
[2025-01-08T20:13:18.470+0000][172068.836s][info][gc,heap     ] GC(5183) Survivor regions: 8->7(116)
[2025-01-08T20:13:18.470+0000][172068.836s][info][gc,heap     ] GC(5183) Old regions: 234->234
[2025-01-08T20:13:18.470+0000][172068.836s][info][gc,heap     ] GC(5183) Archive regions: 2->2
[2025-01-08T20:13:18.470+0000][172068.836s][info][gc,heap     ] GC(5183) Humongous regions: 49->49
[2025-01-08T20:13:18.470+0000][172068.836s][info][gc,metaspace] GC(5183) Metaspace: 523612K(533760K)->523612K(533760K) NonClass: 459768K(465024K)->459768K(465024K) Class: 63844K(68736K)->63844K(68736K)
[2025-01-08T20:13:18.470+0000][172068.836s][info][gc          ] GC(5183) Pause Young (Normal) (G1 Evacuation Pause) 9628M->2320M(12288M) 27.417ms
[2025-01-08T20:13:18.470+0000][172068.836s][info][gc,cpu      ] GC(5183) User=0.16s Sys=0.00s Real=0.03s
[2025-01-08T20:13:24.282+0000][172074.648s][info][gc,start    ] GC(5184) Pause Young (Concurrent Start) (G1 Evacuation Pause)
[2025-01-08T20:13:24.282+0000][172074.648s][info][gc,task     ] GC(5184) Using 6 workers of 6 for evacuation
[2025-01-08T20:13:24.312+0000][172074.679s][info][gc,phases   ] GC(5184)   Pre Evacuate Collection Set: 1.2ms
[2025-01-08T20:13:24.313+0000][172074.679s][info][gc,phases   ] GC(5184)   Merge Heap Roots: 0.4ms
[2025-01-08T20:13:24.313+0000][172074.679s][info][gc,phases   ] GC(5184)   Evacuate Collection Set: 25.2ms
[2025-01-08T20:13:24.313+0000][172074.679s][info][gc,phases   ] GC(5184)   Post Evacuate Collection Set: 3.8ms
[2025-01-08T20:13:24.313+0000][172074.679s][info][gc,phases   ] GC(5184)   Other: 0.3ms
[2025-01-08T20:13:24.313+0000][172074.679s][info][gc,heap     ] GC(5184) Eden regions: 914->0(913)
[2025-01-08T20:13:24.313+0000][172074.679s][info][gc,heap     ] GC(5184) Survivor regions: 7->8(116)
[2025-01-08T20:13:24.313+0000][172074.679s][info][gc,heap     ] GC(5184) Old regions: 234->234
[2025-01-08T20:13:24.313+0000][172074.679s][info][gc,heap     ] GC(5184) Archive regions: 2->2
[2025-01-08T20:13:24.313+0000][172074.679s][info][gc,heap     ] GC(5184) Humongous regions: 49->49
[2025-01-08T20:13:24.313+0000][172074.679s][info][gc,metaspace] GC(5184) Metaspace: 523612K(533760K)->523612K(533760K) NonClass: 459768K(465024K)->459768K(465024K) Class: 63844K(68736K)->63844K(68736K)
[2025-01-08T20:13:24.313+0000][172074.679s][info][gc          ] GC(5184) Pause Young (Concurrent Start) (G1 Evacuation Pause) 9632M->2329M(12288M) 30.898ms
[2025-01-08T20:13:24.313+0000][172074.679s][info][gc,cpu      ] GC(5184) User=0.18s Sys=0.00s Real=0.03s
[2025-01-08T20:13:24.313+0000][172074.679s][info][gc          ] GC(5185) Concurrent Mark Cycle
[2025-01-08T20:13:24.313+0000][172074.679s][info][gc,marking  ] GC(5185) Concurrent Clear Claimed Marks
[2025-01-08T20:13:24.314+0000][172074.680s][info][gc,marking  ] GC(5185) Concurrent Clear Claimed Marks 0.983ms
[2025-01-08T20:13:24.314+0000][172074.680s][info][gc,marking  ] GC(5185) Concurrent Scan Root Regions
[2025-01-08T20:13:24.336+0000][172074.702s][info][gc,marking  ] GC(5185) Concurrent Scan Root Regions 21.866ms
[2025-01-08T20:13:24.336+0000][172074.702s][info][gc,marking  ] GC(5185) Concurrent Mark
[2025-01-08T20:13:24.336+0000][172074.702s][info][gc,marking  ] GC(5185) Concurrent Mark From Roots
[2025-01-08T20:13:24.336+0000][172074.702s][info][gc,task     ] GC(5185) Using 2 workers of 2 for marking
[2025-01-08T20:13:25.231+0000][172075.597s][info][gc,marking  ] GC(5185) Concurrent Mark From Roots 895.610ms
[2025-01-08T20:13:25.231+0000][172075.597s][info][gc,marking  ] GC(5185) Concurrent Preclean
[2025-01-08T20:13:25.234+0000][172075.600s][info][gc,marking  ] GC(5185) Concurrent Preclean 2.661ms
[2025-01-08T20:13:25.234+0000][172075.600s][info][gc,start    ] GC(5185) Pause Remark
[2025-01-08T20:13:25.259+0000][172075.625s][info][gc          ] GC(5185) Pause Remark 3657M->3657M(12288M) 25.100ms
[2025-01-08T20:13:25.259+0000][172075.625s][info][gc,cpu      ] GC(5185) User=0.14s Sys=0.00s Real=0.02s
[2025-01-08T20:13:25.259+0000][172075.625s][info][gc,marking  ] GC(5185) Concurrent Mark 923.686ms
[2025-01-08T20:13:25.259+0000][172075.625s][info][gc,marking  ] GC(5185) Concurrent Rebuild Remembered Sets
[2025-01-08T20:13:25.755+0000][172076.121s][info][gc,marking  ] GC(5185) Concurrent Rebuild Remembered Sets 495.890ms
[2025-01-08T20:13:25.755+0000][172076.121s][info][gc,start    ] GC(5185) Pause Cleanup
[2025-01-08T20:13:25.756+0000][172076.122s][info][gc          ] GC(5185) Pause Cleanup 4037M->4037M(12288M) 0.392ms
[2025-01-08T20:13:25.756+0000][172076.122s][info][gc,cpu      ] GC(5185) User=0.00s Sys=0.00s Real=0.00s
[2025-01-08T20:13:25.756+0000][172076.122s][info][gc,marking  ] GC(5185) Concurrent Cleanup for Next Mark
[2025-01-08T20:13:25.771+0000][172076.137s][info][gc,marking  ] GC(5185) Concurrent Cleanup for Next Mark 15.300ms
[2025-01-08T20:13:25.771+0000][172076.137s][info][gc          ] GC(5185) Concurrent Mark Cycle 1458.514ms
[2025-01-08T20:13:29.850+0000][172080.216s][info][gc,start    ] GC(5186) Pause Young (Prepare Mixed) (G1 Evacuation Pause)
[2025-01-08T20:13:29.850+0000][172080.216s][info][gc,task     ] GC(5186) Using 6 workers of 6 for evacuation
[2025-01-08T20:13:29.882+0000][172080.248s][info][gc,phases   ] GC(5186)   Pre Evacuate Collection Set: 0.2ms
[2025-01-08T20:13:29.882+0000][172080.248s][info][gc,phases   ] GC(5186)   Merge Heap Roots: 0.7ms
[2025-01-08T20:13:29.882+0000][172080.248s][info][gc,phases   ] GC(5186)   Evacuate Collection Set: 28.3ms
[2025-01-08T20:13:29.882+0000][172080.248s][info][gc,phases   ] GC(5186)   Post Evacuate Collection Set: 2.5ms
[2025-01-08T20:13:29.882+0000][172080.248s][info][gc,phases   ] GC(5186)   Other: 0.2ms
[2025-01-08T20:13:29.882+0000][172080.248s][info][gc,heap     ] GC(5186) Eden regions: 913->0(67)
[2025-01-08T20:13:29.882+0000][172080.248s][info][gc,heap     ] GC(5186) Survivor regions: 8->9(116)
[2025-01-08T20:13:29.882+0000][172080.248s][info][gc,heap     ] GC(5186) Old regions: 234->234
[2025-01-08T20:13:29.882+0000][172080.248s][info][gc,heap     ] GC(5186) Archive regions: 2->2
[2025-01-08T20:13:29.882+0000][172080.248s][info][gc,heap     ] GC(5186) Humongous regions: 49->49
[2025-01-08T20:13:29.882+0000][172080.248s][info][gc,metaspace] GC(5186) Metaspace: 523612K(533760K)->523612K(533760K) NonClass: 459768K(465024K)->459768K(465024K) Class: 63844K(68736K)->63844K(68736K)
[2025-01-08T20:13:29.882+0000][172080.248s][info][gc          ] GC(5186) Pause Young (Prepare Mixed) (G1 Evacuation Pause) 9633M->2331M(12288M) 31.937ms
[2025-01-08T20:13:29.882+0000][172080.248s][info][gc,cpu      ] GC(5186) User=0.19s Sys=0.00s Real=0.03s
[2025-01-08T20:13:30.160+0000][172080.526s][info][gc,start    ] GC(5187) Pause Young (Mixed) (G1 Evacuation Pause)
[2025-01-08T20:13:30.160+0000][172080.526s][info][gc,task     ] GC(5187) Using 6 workers of 6 for evacuation
[2025-01-08T20:13:30.224+0000][172080.590s][info][gc,phases   ] GC(5187)   Pre Evacuate Collection Set: 0.2ms
[2025-01-08T20:13:30.224+0000][172080.590s][info][gc,phases   ] GC(5187)   Merge Heap Roots: 0.7ms
[2025-01-08T20:13:30.224+0000][172080.590s][info][gc,phases   ] GC(5187)   Evacuate Collection Set: 61.4ms
[2025-01-08T20:13:30.224+0000][172080.590s][info][gc,phases   ] GC(5187)   Post Evacuate Collection Set: 1.9ms
[2025-01-08T20:13:30.224+0000][172080.590s][info][gc,phases   ] GC(5187)   Other: 0.2ms
[2025-01-08T20:13:30.224+0000][172080.590s][info][gc,heap     ] GC(5187) Eden regions: 67->0(915)
[2025-01-08T20:13:30.224+0000][172080.590s][info][gc,heap     ] GC(5187) Survivor regions: 9->6(10)
[2025-01-08T20:13:30.224+0000][172080.590s][info][gc,heap     ] GC(5187) Old regions: 234->232
[2025-01-08T20:13:30.224+0000][172080.590s][info][gc,heap     ] GC(5187) Archive regions: 2->2
[2025-01-08T20:13:30.224+0000][172080.590s][info][gc,heap     ] GC(5187) Humongous regions: 49->49
[2025-01-08T20:13:30.224+0000][172080.590s][info][gc,metaspace] GC(5187) Metaspace: 523612K(533760K)->523612K(533760K) NonClass: 459768K(465024K)->459768K(465024K) Class: 63844K(68736K)->63844K(68736K)
[2025-01-08T20:13:30.224+0000][172080.591s][info][gc          ] GC(5187) Pause Young (Mixed) (G1 Evacuation Pause) 2867M->2297M(12288M) 64.484ms
[2025-01-08T20:13:30.224+0000][172080.591s][info][gc,cpu      ] GC(5187) User=0.37s Sys=0.00s Real=0.07s
[2025-01-08T20:13:34.856+0000][172085.222s][info][gc,start    ] GC(5188) Pause Young (Normal) (G1 Evacuation Pause)
[2025-01-08T20:13:34.856+0000][172085.222s][info][gc,task     ] GC(5188) Using 6 workers of 6 for evacuation
[2025-01-08T20:13:34.882+0000][172085.248s][info][gc,phases   ] GC(5188)   Pre Evacuate Collection Set: 0.2ms
[2025-01-08T20:13:34.882+0000][172085.248s][info][gc,phases   ] GC(5188)   Merge Heap Roots: 0.5ms
[2025-01-08T20:13:34.882+0000][172085.248s][info][gc,phases   ] GC(5188)   Evacuate Collection Set: 22.5ms
[2025-01-08T20:13:34.882+0000][172085.248s][info][gc,phases   ] GC(5188)   Post Evacuate Collection Set: 2.5ms
[2025-01-08T20:13:34.882+0000][172085.248s][info][gc,phases   ] GC(5188)   Other: 0.2ms
[2025-01-08T20:13:34.882+0000][172085.248s][info][gc,heap     ] GC(5188) Eden regions: 915->0(915)
[2025-01-08T20:13:34.882+0000][172085.248s][info][gc,heap     ] GC(5188) Survivor regions: 6->6(116)
[2025-01-08T20:13:34.882+0000][172085.248s][info][gc,heap     ] GC(5188) Old regions: 232->232
[2025-01-08T20:13:34.882+0000][172085.248s][info][gc,heap     ] GC(5188) Archive regions: 2->2
[2025-01-08T20:13:34.882+0000][172085.248s][info][gc,heap     ] GC(5188) Humongous regions: 49->49
[2025-01-08T20:13:34.882+0000][172085.248s][info][gc,metaspace] GC(5188) Metaspace: 523612K(533760K)->523612K(533760K) NonClass: 459768K(465024K)->459768K(465024K) Class: 63844K(68736K)->63844K(68736K)
[2025-01-08T20:13:34.882+0000][172085.248s][info][gc          ] GC(5188) Pause Young (Normal) (G1 Evacuation Pause) 9617M->2298M(12288M) 25.911ms
[2025-01-08T20:13:34.882+0000][172085.248s][info][gc,cpu      ] GC(5188) User=0.15s Sys=0.00s Real=0.03s
[2025-01-08T20:13:40.979+0000][172091.345s][info][gc,start    ] GC(5189) Pause Young (Normal) (G1 Evacuation Pause)
[2025-01-08T20:13:40.979+0000][172091.345s][info][gc,task     ] GC(5189) Using 6 workers of 6 for evacuation
[2025-01-08T20:13:41.006+0000][172091.373s][info][gc,phases   ] GC(5189)   Pre Evacuate Collection Set: 0.2ms
[2025-01-08T20:13:41.006+0000][172091.373s][info][gc,phases   ] GC(5189)   Merge Heap Roots: 0.4ms
[2025-01-08T20:13:41.006+0000][172091.373s][info][gc,phases   ] GC(5189)   Evacuate Collection Set: 23.8ms
[2025-01-08T20:13:41.006+0000][172091.373s][info][gc,phases   ] GC(5189)   Post Evacuate Collection Set: 2.4ms
[2025-01-08T20:13:41.006+0000][172091.373s][info][gc,phases   ] GC(5189)   Other: 0.2ms
[2025-01-08T20:13:41.006+0000][172091.373s][info][gc,heap     ] GC(5189) Eden regions: 915->0(914)
[2025-01-08T20:13:41.006+0000][172091.373s][info][gc,heap     ] GC(5189) Survivor regions: 6->7(116)
[2025-01-08T20:13:41.006+0000][172091.373s][info][gc,heap     ] GC(5189) Old regions: 232->232
[2025-01-08T20:13:41.006+0000][172091.373s][info][gc,heap     ] GC(5189) Archive regions: 2->2
[2025-01-08T20:13:41.006+0000][172091.373s][info][gc,heap     ] GC(5189) Humongous regions: 49->49
[2025-01-08T20:13:41.006+0000][172091.373s][info][gc,metaspace] GC(5189) Metaspace: 523612K(533760K)->523612K(533760K) NonClass: 459768K(465024K)->459768K(465024K) Class: 63844K(68736K)->63844K(68736K)
[2025-01-08T20:13:41.007+0000][172091.373s][info][gc          ] GC(5189) Pause Young (Normal) (G1 Evacuation Pause) 9618M->2306M(12288M) 27.172ms
[2025-01-08T20:13:41.007+0000][172091.373s][info][gc,cpu      ] GC(5189) User=0.16s Sys=0.00s Real=0.03s
[2025-01-08T20:13:48.292+0000][172098.658s][info][gc,start    ] GC(5190) Pause Young (Concurrent Start) (G1 Evacuation Pause)
[2025-01-08T20:13:48.292+0000][172098.658s][info][gc,task     ] GC(5190) Using 6 workers of 6 for evacuation
[2025-01-08T20:13:48.323+0000][172098.689s][info][gc,phases   ] GC(5190)   Pre Evacuate Collection Set: 1.1ms
[2025-01-08T20:13:48.323+0000][172098.689s][info][gc,phases   ] GC(5190)   Merge Heap Roots: 0.5ms
[2025-01-08T20:13:48.323+0000][172098.689s][info][gc,phases   ] GC(5190)   Evacuate Collection Set: 26.9ms
[2025-01-08T20:13:48.323+0000][172098.689s][info][gc,phases   ] GC(5190)   Post Evacuate Collection Set: 2.5ms
[2025-01-08T20:13:48.323+0000][172098.689s][info][gc,phases   ] GC(5190)   Other: 0.3ms
[2025-01-08T20:13:48.323+0000][172098.689s][info][gc,heap     ] GC(5190) Eden regions: 914->0(913)
[2025-01-08T20:13:48.323+0000][172098.689s][info][gc,heap     ] GC(5190) Survivor regions: 7->8(116)
[2025-01-08T20:13:48.323+0000][172098.689s][info][gc,heap     ] GC(5190) Old regions: 232->232
[2025-01-08T20:13:48.323+0000][172098.689s][info][gc,heap     ] GC(5190) Archive regions: 2->2
[2025-01-08T20:13:48.323+0000][172098.689s][info][gc,heap     ] GC(5190) Humongous regions: 49->49
[2025-01-08T20:13:48.323+0000][172098.689s][info][gc,metaspace] GC(5190) Metaspace: 523612K(533760K)->523612K(533760K) NonClass: 459768K(465024K)->459768K(465024K) Class: 63844K(68736K)->63844K(68736K)
[2025-01-08T20:13:48.323+0000][172098.689s][info][gc          ] GC(5190) Pause Young (Concurrent Start) (G1 Evacuation Pause) 9618M->2310M(12288M) 31.268ms
[2025-01-08T20:13:48.323+0000][172098.689s][info][gc,cpu      ] GC(5190) User=0.18s Sys=0.00s Real=0.03s
[2025-01-08T20:13:48.323+0000][172098.689s][info][gc          ] GC(5191) Concurrent Mark Cycle
[2025-01-08T20:13:48.323+0000][172098.689s][info][gc,marking  ] GC(5191) Concurrent Clear Claimed Marks
[2025-01-08T20:13:48.324+0000][172098.690s][info][gc,marking  ] GC(5191) Concurrent Clear Claimed Marks 0.902ms
[2025-01-08T20:13:48.324+0000][172098.690s][info][gc,marking  ] GC(5191) Concurrent Scan Root Regions
[2025-01-08T20:13:48.345+0000][172098.711s][info][gc,marking  ] GC(5191) Concurrent Scan Root Regions 20.663ms
[2025-01-08T20:13:48.345+0000][172098.711s][info][gc,marking  ] GC(5191) Concurrent Mark
[2025-01-08T20:13:48.345+0000][172098.711s][info][gc,marking  ] GC(5191) Concurrent Mark From Roots
[2025-01-08T20:13:48.345+0000][172098.711s][info][gc,task     ] GC(5191) Using 2 workers of 2 for marking
[2025-01-08T20:13:49.198+0000][172099.564s][info][gc,marking  ] GC(5191) Concurrent Mark From Roots 852.755ms
[2025-01-08T20:13:49.198+0000][172099.564s][info][gc,marking  ] GC(5191) Concurrent Preclean
[2025-01-08T20:13:49.201+0000][172099.567s][info][gc,marking  ] GC(5191) Concurrent Preclean 3.721ms
[2025-01-08T20:13:49.202+0000][172099.568s][info][gc,start    ] GC(5191) Pause Remark
[2025-01-08T20:13:49.227+0000][172099.593s][info][gc          ] GC(5191) Pause Remark 3246M->3246M(12288M) 25.079ms
[2025-01-08T20:13:49.227+0000][172099.593s][info][gc,cpu      ] GC(5191) User=0.14s Sys=0.00s Real=0.02s
[2025-01-08T20:13:49.227+0000][172099.593s][info][gc,marking  ] GC(5191) Concurrent Mark 881.992ms
[2025-01-08T20:13:49.227+0000][172099.593s][info][gc,marking  ] GC(5191) Concurrent Rebuild Remembered Sets
[2025-01-08T20:13:49.744+0000][172100.110s][info][gc,marking  ] GC(5191) Concurrent Rebuild Remembered Sets 517.189ms
[2025-01-08T20:13:49.744+0000][172100.110s][info][gc,start    ] GC(5191) Pause Cleanup
[2025-01-08T20:13:49.745+0000][172100.111s][info][gc          ] GC(5191) Pause Cleanup 3951M->3951M(12288M) 0.388ms
[2025-01-08T20:13:49.745+0000][172100.111s][info][gc,cpu      ] GC(5191) User=0.00s Sys=0.00s Real=0.00s
[2025-01-08T20:13:49.745+0000][172100.111s][info][gc,marking  ] GC(5191) Concurrent Cleanup for Next Mark
[2025-01-08T20:13:49.761+0000][172100.127s][info][gc,marking  ] GC(5191) Concurrent Cleanup for Next Mark 16.022ms
[2025-01-08T20:13:49.761+0000][172100.127s][info][gc          ] GC(5191) Concurrent Mark Cycle 1437.569ms
[2025-01-08T20:13:53.683+0000][172104.049s][info][gc,start    ] GC(5192) Pause Young (Prepare Mixed) (G1 Evacuation Pause)
[2025-01-08T20:13:53.683+0000][172104.049s][info][gc,task     ] GC(5192) Using 6 workers of 6 for evacuation
[2025-01-08T20:13:53.716+0000][172104.082s][info][gc,phases   ] GC(5192)   Pre Evacuate Collection Set: 0.2ms
[2025-01-08T20:13:53.716+0000][172104.082s][info][gc,phases   ] GC(5192)   Merge Heap Roots: 0.7ms
[2025-01-08T20:13:53.716+0000][172104.082s][info][gc,phases   ] GC(5192)   Evacuate Collection Set: 29.5ms
[2025-01-08T20:13:53.716+0000][172104.082s][info][gc,phases   ] GC(5192)   Post Evacuate Collection Set: 2.5ms
[2025-01-08T20:13:53.716+0000][172104.082s][info][gc,phases   ] GC(5192)   Other: 0.2ms
[2025-01-08T20:13:53.716+0000][172104.082s][info][gc,heap     ] GC(5192) Eden regions: 913->0(67)
[2025-01-08T20:13:53.716+0000][172104.082s][info][gc,heap     ] GC(5192) Survivor regions: 8->9(116)
[2025-01-08T20:13:53.716+0000][172104.082s][info][gc,heap     ] GC(5192) Old regions: 232->232
[2025-01-08T20:13:53.716+0000][172104.082s][info][gc,heap     ] GC(5192) Archive regions: 2->2
[2025-01-08T20:13:53.716+0000][172104.082s][info][gc,heap     ] GC(5192) Humongous regions: 49->49
[2025-01-08T20:13:53.716+0000][172104.082s][info][gc,metaspace] GC(5192) Metaspace: 523612K(533760K)->523612K(533760K) NonClass: 459768K(465024K)->459768K(465024K) Class: 63844K(68736K)->63844K(68736K)
[2025-01-08T20:13:53.716+0000][172104.082s][info][gc          ] GC(5192) Pause Young (Prepare Mixed) (G1 Evacuation Pause) 9614M->2316M(12288M) 33.192ms
[2025-01-08T20:13:53.716+0000][172104.082s][info][gc,cpu      ] GC(5192) User=0.19s Sys=0.02s Real=0.03s
[2025-01-08T20:13:54.184+0000][172104.550s][info][gc,start    ] GC(5193) Pause Young (Mixed) (G1 Evacuation Pause)
[2025-01-08T20:13:54.184+0000][172104.550s][info][gc,task     ] GC(5193) Using 6 workers of 6 for evacuation
[2025-01-08T20:13:54.258+0000][172104.624s][info][gc,phases   ] GC(5193)   Pre Evacuate Collection Set: 0.2ms
[2025-01-08T20:13:54.258+0000][172104.624s][info][gc,phases   ] GC(5193)   Merge Heap Roots: 0.8ms
[2025-01-08T20:13:54.258+0000][172104.624s][info][gc,phases   ] GC(5193)   Evacuate Collection Set: 70.7ms
[2025-01-08T20:13:54.258+0000][172104.624s][info][gc,phases   ] GC(5193)   Post Evacuate Collection Set: 2.0ms
[2025-01-08T20:13:54.258+0000][172104.624s][info][gc,phases   ] GC(5193)   Other: 0.2ms
[2025-01-08T20:13:54.258+0000][172104.624s][info][gc,heap     ] GC(5193) Eden regions: 67->0(914)
[2025-01-08T20:13:54.258+0000][172104.624s][info][gc,heap     ] GC(5193) Survivor regions: 9->7(10)
[2025-01-08T20:13:54.258+0000][172104.624s][info][gc,heap     ] GC(5193) Old regions: 232->231
[2025-01-08T20:13:54.258+0000][172104.624s][info][gc,heap     ] GC(5193) Archive regions: 2->2
[2025-01-08T20:13:54.258+0000][172104.624s][info][gc,heap     ] GC(5193) Humongous regions: 49->49
[2025-01-08T20:13:54.258+0000][172104.624s][info][gc,metaspace] GC(5193) Metaspace: 523614K(533760K)->523614K(533760K) NonClass: 459770K(465024K)->459770K(465024K) Class: 63844K(68736K)->63844K(68736K)
[2025-01-08T20:13:54.258+0000][172104.624s][info][gc          ] GC(5193) Pause Young (Mixed) (G1 Evacuation Pause) 2852M->2295M(12288M) 74.002ms
[2025-01-08T20:13:54.258+0000][172104.624s][info][gc,cpu      ] GC(5193) User=0.43s Sys=0.00s Real=0.07s
[2025-01-08T20:14:01.071+0000][172111.437s][info][gc,start    ] GC(5194) Pause Young (Normal) (G1 Evacuation Pause)
[2025-01-08T20:14:01.071+0000][172111.437s][info][gc,task     ] GC(5194) Using 6 workers of 6 for evacuation
[2025-01-08T20:14:01.104+0000][172111.470s][info][gc,phases   ] GC(5194)   Pre Evacuate Collection Set: 0.2ms
[2025-01-08T20:14:01.104+0000][172111.470s][info][gc,phases   ] GC(5194)   Merge Heap Roots: 0.5ms
[2025-01-08T20:14:01.104+0000][172111.470s][info][gc,phases   ] GC(5194)   Evacuate Collection Set: 26.9ms
[2025-01-08T20:14:01.104+0000][172111.470s][info][gc,phases   ] GC(5194)   Post Evacuate Collection Set: 5.2ms
[2025-01-08T20:14:01.104+0000][172111.470s][info][gc,phases   ] GC(5194)   Other: 0.2ms
[2025-01-08T20:14:01.104+0000][172111.470s][info][gc,heap     ] GC(5194) Eden regions: 914->0(912)
[2025-01-08T20:14:01.104+0000][172111.470s][info][gc,heap     ] GC(5194) Survivor regions: 7->9(116)
[2025-01-08T20:14:01.104+0000][172111.470s][info][gc,heap     ] GC(5194) Old regions: 231->231
[2025-01-08T20:14:01.104+0000][172111.470s][info][gc,heap     ] GC(5194) Archive regions: 2->2
[2025-01-08T20:14:01.104+0000][172111.470s][info][gc,heap     ] GC(5194) Humongous regions: 49->49
[2025-01-08T20:14:01.104+0000][172111.470s][info][gc,metaspace] GC(5194) Metaspace: 523614K(533760K)->523614K(533760K) NonClass: 459770K(465024K)->459770K(465024K) Class: 63844K(68736K)->63844K(68736K)
[2025-01-08T20:14:01.104+0000][172111.470s][info][gc          ] GC(5194) Pause Young (Normal) (G1 Evacuation Pause) 9607M->2315M(12288M) 33.167ms
[2025-01-08T20:14:01.104+0000][172111.470s][info][gc,cpu      ] GC(5194) User=0.19s Sys=0.00s Real=0.03s
[2025-01-08T20:14:10.001+0000][172120.367s][info][gc,start    ] GC(5195) Pause Young (Normal) (G1 Evacuation Pause)
[2025-01-08T20:14:10.001+0000][172120.367s][info][gc,task     ] GC(5195) Using 6 workers of 6 for evacuation
[2025-01-08T20:14:10.037+0000][172120.403s][info][gc,phases   ] GC(5195)   Pre Evacuate Collection Set: 0.2ms
[2025-01-08T20:14:10.037+0000][172120.403s][info][gc,phases   ] GC(5195)   Merge Heap Roots: 0.5ms
[2025-01-08T20:14:10.037+0000][172120.403s][info][gc,phases   ] GC(5195)   Evacuate Collection Set: 32.1ms
[2025-01-08T20:14:10.037+0000][172120.403s][info][gc,phases   ] GC(5195)   Post Evacuate Collection Set: 2.6ms
[2025-01-08T20:14:10.037+0000][172120.403s][info][gc,phases   ] GC(5195)   Other: 0.2ms
[2025-01-08T20:14:10.037+0000][172120.403s][info][gc,heap     ] GC(5195) Eden regions: 912->0(911)
[2025-01-08T20:14:10.037+0000][172120.403s][info][gc,heap     ] GC(5195) Survivor regions: 9->10(116)
[2025-01-08T20:14:10.037+0000][172120.403s][info][gc,heap     ] GC(5195) Old regions: 231->231
[2025-01-08T20:14:10.037+0000][172120.403s][info][gc,heap     ] GC(5195) Archive regions: 2->2
[2025-01-08T20:14:10.037+0000][172120.403s][info][gc,heap     ] GC(5195) Humongous regions: 49->49
[2025-01-08T20:14:10.037+0000][172120.403s][info][gc,metaspace] GC(5195) Metaspace: 523614K(533760K)->523614K(533760K) NonClass: 459770K(465024K)->459770K(465024K) Class: 63844K(68736K)->63844K(68736K)
[2025-01-08T20:14:10.037+0000][172120.403s][info][gc          ] GC(5195) Pause Young (Normal) (G1 Evacuation Pause) 9611M->2319M(12288M) 35.624ms
[2025-01-08T20:14:10.037+0000][172120.403s][info][gc,cpu      ] GC(5195) User=0.21s Sys=0.00s Real=0.04s
[2025-01-08T20:14:18.020+0000][172128.386s][info][gc,start    ] GC(5196) Pause Young (Concurrent Start) (G1 Evacuation Pause)
[2025-01-08T20:14:18.020+0000][172128.386s][info][gc,task     ] GC(5196) Using 6 workers of 6 for evacuation
[2025-01-08T20:14:18.059+0000][172128.425s][info][gc,phases   ] GC(5196)   Pre Evacuate Collection Set: 1.1ms
[2025-01-08T20:14:18.059+0000][172128.425s][info][gc,phases   ] GC(5196)   Merge Heap Roots: 0.5ms
[2025-01-08T20:14:18.059+0000][172128.425s][info][gc,phases   ] GC(5196)   Evacuate Collection Set: 33.0ms
[2025-01-08T20:14:18.059+0000][172128.425s][info][gc,phases   ] GC(5196)   Post Evacuate Collection Set: 3.9ms
[2025-01-08T20:14:18.059+0000][172128.425s][info][gc,phases   ] GC(5196)   Other: 0.3ms
[2025-01-08T20:14:18.059+0000][172128.425s][info][gc,heap     ] GC(5196) Eden regions: 911->0(911)
[2025-01-08T20:14:18.059+0000][172128.425s][info][gc,heap     ] GC(5196) Survivor regions: 10->10(116)
[2025-01-08T20:14:18.059+0000][172128.425s][info][gc,heap     ] GC(5196) Old regions: 231->231
[2025-01-08T20:14:18.059+0000][172128.425s][info][gc,heap     ] GC(5196) Archive regions: 2->2
[2025-01-08T20:14:18.059+0000][172128.425s][info][gc,heap     ] GC(5196) Humongous regions: 49->49
[2025-01-08T20:14:18.059+0000][172128.425s][info][gc,metaspace] GC(5196) Metaspace: 523614K(533760K)->523614K(533760K) NonClass: 459770K(465024K)->459770K(465024K) Class: 63844K(68736K)->63844K(68736K)
[2025-01-08T20:14:18.059+0000][172128.425s][info][gc          ] GC(5196) Pause Young (Concurrent Start) (G1 Evacuation Pause) 9607M->2316M(12288M) 38.870ms
[2025-01-08T20:14:18.059+0000][172128.425s][info][gc,cpu      ] GC(5196) User=0.22s Sys=0.00s Real=0.04s
[2025-01-08T20:14:18.059+0000][172128.425s][info][gc          ] GC(5197) Concurrent Mark Cycle
[2025-01-08T20:14:18.059+0000][172128.425s][info][gc,marking  ] GC(5197) Concurrent Clear Claimed Marks
[2025-01-08T20:14:18.060+0000][172128.426s][info][gc,marking  ] GC(5197) Concurrent Clear Claimed Marks 0.973ms
[2025-01-08T20:14:18.060+0000][172128.426s][info][gc,marking  ] GC(5197) Concurrent Scan Root Regions
[2025-01-08T20:14:18.093+0000][172128.459s][info][gc,marking  ] GC(5197) Concurrent Scan Root Regions 32.664ms
[2025-01-08T20:14:18.093+0000][172128.459s][info][gc,marking  ] GC(5197) Concurrent Mark
[2025-01-08T20:14:18.093+0000][172128.459s][info][gc,marking  ] GC(5197) Concurrent Mark From Roots
[2025-01-08T20:14:18.093+0000][172128.459s][info][gc,task     ] GC(5197) Using 2 workers of 2 for marking
[2025-01-08T20:14:19.021+0000][172129.387s][info][gc,marking  ] GC(5197) Concurrent Mark From Roots 928.245ms
[2025-01-08T20:14:19.021+0000][172129.387s][info][gc,marking  ] GC(5197) Concurrent Preclean
[2025-01-08T20:14:19.024+0000][172129.390s][info][gc,marking  ] GC(5197) Concurrent Preclean 2.720ms
[2025-01-08T20:14:19.024+0000][172129.390s][info][gc,start    ] GC(5197) Pause Remark
[2025-01-08T20:14:19.049+0000][172129.415s][info][gc          ] GC(5197) Pause Remark 3340M->3340M(12288M) 25.234ms
[2025-01-08T20:14:19.049+0000][172129.416s][info][gc,cpu      ] GC(5197) User=0.15s Sys=0.00s Real=0.02s
[2025-01-08T20:14:19.050+0000][172129.416s][info][gc,marking  ] GC(5197) Concurrent Mark 956.569ms
[2025-01-08T20:14:19.050+0000][172129.416s][info][gc,marking  ] GC(5197) Concurrent Rebuild Remembered Sets
[2025-01-08T20:14:19.593+0000][172129.959s][info][gc,marking  ] GC(5197) Concurrent Rebuild Remembered Sets 543.751ms
[2025-01-08T20:14:19.593+0000][172129.960s][info][gc,start    ] GC(5197) Pause Cleanup
[2025-01-08T20:14:19.594+0000][172129.960s][info][gc          ] GC(5197) Pause Cleanup 3848M->3848M(12288M) 0.374ms
[2025-01-08T20:14:19.594+0000][172129.960s][info][gc,cpu      ] GC(5197) User=0.00s Sys=0.00s Real=0.00s
[2025-01-08T20:14:19.594+0000][172129.960s][info][gc,marking  ] GC(5197) Concurrent Cleanup for Next Mark
[2025-01-08T20:14:19.609+0000][172129.975s][info][gc,marking  ] GC(5197) Concurrent Cleanup for Next Mark 15.326ms
[2025-01-08T20:14:19.609+0000][172129.975s][info][gc          ] GC(5197) Concurrent Mark Cycle 1550.066ms
[2025-01-08T20:14:26.976+0000][172137.342s][info][gc,start    ] GC(5198) Pause Young (Prepare Mixed) (G1 Evacuation Pause)
[2025-01-08T20:14:26.976+0000][172137.342s][info][gc,task     ] GC(5198) Using 6 workers of 6 for evacuation
[2025-01-08T20:14:27.020+0000][172137.386s][info][gc,phases   ] GC(5198)   Pre Evacuate Collection Set: 0.2ms
[2025-01-08T20:14:27.020+0000][172137.386s][info][gc,phases   ] GC(5198)   Merge Heap Roots: 0.7ms
[2025-01-08T20:14:27.020+0000][172137.386s][info][gc,phases   ] GC(5198)   Evacuate Collection Set: 39.4ms
[2025-01-08T20:14:27.020+0000][172137.386s][info][gc,phases   ] GC(5198)   Post Evacuate Collection Set: 3.0ms
[2025-01-08T20:14:27.020+0000][172137.386s][info][gc,phases   ] GC(5198)   Other: 0.2ms
[2025-01-08T20:14:27.020+0000][172137.386s][info][gc,heap     ] GC(5198) Eden regions: 911->0(63)
[2025-01-08T20:14:27.020+0000][172137.386s][info][gc,heap     ] GC(5198) Survivor regions: 10->13(116)
[2025-01-08T20:14:27.020+0000][172137.386s][info][gc,heap     ] GC(5198) Old regions: 231->231
[2025-01-08T20:14:27.020+0000][172137.386s][info][gc,heap     ] GC(5198) Archive regions: 2->2
[2025-01-08T20:14:27.020+0000][172137.386s][info][gc,heap     ] GC(5198) Humongous regions: 49->49
[2025-01-08T20:14:27.020+0000][172137.386s][info][gc,metaspace] GC(5198) Metaspace: 523614K(533760K)->523614K(533760K) NonClass: 459770K(465024K)->459770K(465024K) Class: 63844K(68736K)->63844K(68736K)
[2025-01-08T20:14:27.020+0000][172137.386s][info][gc          ] GC(5198) Pause Young (Prepare Mixed) (G1 Evacuation Pause) 9604M->2342M(12288M) 43.620ms
[2025-01-08T20:14:27.020+0000][172137.386s][info][gc,cpu      ] GC(5198) User=0.25s Sys=0.01s Real=0.04s
[2025-01-08T20:14:27.515+0000][172137.882s][info][gc,start    ] GC(5199) Pause Young (Mixed) (G1 Evacuation Pause)
[2025-01-08T20:14:27.515+0000][172137.882s][info][gc,task     ] GC(5199) Using 6 workers of 6 for evacuation
[2025-01-08T20:14:27.583+0000][172137.949s][info][gc,phases   ] GC(5199)   Pre Evacuate Collection Set: 0.2ms
[2025-01-08T20:14:27.583+0000][172137.949s][info][gc,phases   ] GC(5199)   Merge Heap Roots: 0.7ms
[2025-01-08T20:14:27.583+0000][172137.949s][info][gc,phases   ] GC(5199)   Evacuate Collection Set: 64.8ms
[2025-01-08T20:14:27.583+0000][172137.949s][info][gc,phases   ] GC(5199)   Post Evacuate Collection Set: 1.8ms
[2025-01-08T20:14:27.583+0000][172137.949s][info][gc,phases   ] GC(5199)   Other: 0.2ms
[2025-01-08T20:14:27.583+0000][172137.949s][info][gc,heap     ] GC(5199) Eden regions: 63->0(916)
[2025-01-08T20:14:27.583+0000][172137.949s][info][gc,heap     ] GC(5199) Survivor regions: 13->5(10)
[2025-01-08T20:14:27.583+0000][172137.949s][info][gc,heap     ] GC(5199) Old regions: 231->234
[2025-01-08T20:14:27.583+0000][172137.949s][info][gc,heap     ] GC(5199) Archive regions: 2->2
[2025-01-08T20:14:27.583+0000][172137.949s][info][gc,heap     ] GC(5199) Humongous regions: 49->49
[2025-01-08T20:14:27.583+0000][172137.949s][info][gc,metaspace] GC(5199) Metaspace: 523614K(533760K)->523614K(533760K) NonClass: 459770K(465024K)->459770K(465024K) Class: 63844K(68736K)->63844K(68736K)
[2025-01-08T20:14:27.583+0000][172137.949s][info][gc          ] GC(5199) Pause Young (Mixed) (G1 Evacuation Pause) 2846M->2305M(12288M) 67.843ms
[2025-01-08T20:14:27.583+0000][172137.949s][info][gc,cpu      ] GC(5199) User=0.39s Sys=0.00s Real=0.07s
[2025-01-08T20:14:36.323+0000][172146.689s][info][gc,start    ] GC(5200) Pause Young (Normal) (G1 Evacuation Pause)
[2025-01-08T20:14:36.323+0000][172146.689s][info][gc,task     ] GC(5200) Using 6 workers of 6 for evacuation
[2025-01-08T20:14:36.350+0000][172146.716s][info][gc,phases   ] GC(5200)   Pre Evacuate Collection Set: 0.2ms
[2025-01-08T20:14:36.350+0000][172146.716s][info][gc,phases   ] GC(5200)   Merge Heap Roots: 0.4ms
[2025-01-08T20:14:36.350+0000][172146.716s][info][gc,phases   ] GC(5200)   Evacuate Collection Set: 23.6ms
[2025-01-08T20:14:36.350+0000][172146.716s][info][gc,phases   ] GC(5200)   Post Evacuate Collection Set: 2.5ms
[2025-01-08T20:14:36.350+0000][172146.716s][info][gc,phases   ] GC(5200)   Other: 0.2ms
[2025-01-08T20:14:36.350+0000][172146.716s][info][gc,heap     ] GC(5200) Eden regions: 916->0(915)
[2025-01-08T20:14:36.350+0000][172146.716s][info][gc,heap     ] GC(5200) Survivor regions: 5->6(116)
[2025-01-08T20:14:36.350+0000][172146.716s][info][gc,heap     ] GC(5200) Old regions: 234->234
[2025-01-08T20:14:36.350+0000][172146.716s][info][gc,heap     ] GC(5200) Archive regions: 2->2
[2025-01-08T20:14:36.350+0000][172146.716s][info][gc,heap     ] GC(5200) Humongous regions: 49->49
[2025-01-08T20:14:36.350+0000][172146.716s][info][gc,metaspace] GC(5200) Metaspace: 523614K(533760K)->523614K(533760K) NonClass: 459770K(465024K)->459770K(465024K) Class: 63844K(68736K)->63844K(68736K)
[2025-01-08T20:14:36.350+0000][172146.716s][info][gc          ] GC(5200) Pause Young (Normal) (G1 Evacuation Pause) 9633M->2313M(12288M) 27.047ms
[2025-01-08T20:14:36.350+0000][172146.716s][info][gc,cpu      ] GC(5200) User=0.16s Sys=0.01s Real=0.03s
[2025-01-08T20:14:45.485+0000][172155.851s][info][gc,start    ] GC(5201) Pause Young (Normal) (G1 Evacuation Pause)
[2025-01-08T20:14:45.485+0000][172155.851s][info][gc,task     ] GC(5201) Using 6 workers of 6 for evacuation
[2025-01-08T20:14:45.514+0000][172155.880s][info][gc,phases   ] GC(5201)   Pre Evacuate Collection Set: 0.2ms
[2025-01-08T20:14:45.514+0000][172155.880s][info][gc,phases   ] GC(5201)   Merge Heap Roots: 0.5ms
[2025-01-08T20:14:45.514+0000][172155.880s][info][gc,phases   ] GC(5201)   Evacuate Collection Set: 26.0ms
[2025-01-08T20:14:45.514+0000][172155.880s][info][gc,phases   ] GC(5201)   Post Evacuate Collection Set: 2.6ms
[2025-01-08T20:14:45.514+0000][172155.881s][info][gc,phases   ] GC(5201)   Other: 0.2ms
[2025-01-08T20:14:45.514+0000][172155.881s][info][gc,heap     ] GC(5201) Eden regions: 915->0(913)
[2025-01-08T20:14:45.514+0000][172155.881s][info][gc,heap     ] GC(5201) Survivor regions: 6->8(116)
[2025-01-08T20:14:45.514+0000][172155.881s][info][gc,heap     ] GC(5201) Old regions: 234->234
[2025-01-08T20:14:45.514+0000][172155.881s][info][gc,heap     ] GC(5201) Archive regions: 2->2
[2025-01-08T20:14:45.514+0000][172155.881s][info][gc,heap     ] GC(5201) Humongous regions: 49->49
[2025-01-08T20:14:45.514+0000][172155.881s][info][gc,metaspace] GC(5201) Metaspace: 523614K(533760K)->523614K(533760K) NonClass: 459770K(465024K)->459770K(465024K) Class: 63844K(68736K)->63844K(68736K)
[2025-01-08T20:14:45.514+0000][172155.881s][info][gc          ] GC(5201) Pause Young (Normal) (G1 Evacuation Pause) 9633M->2329M(12288M) 29.584ms
[2025-01-08T20:14:45.515+0000][172155.881s][info][gc,cpu      ] GC(5201) User=0.17s Sys=0.00s Real=0.03s
[2025-01-08T20:14:52.287+0000][172162.653s][info][gc,start    ] GC(5202) Pause Young (Concurrent Start) (G1 Evacuation Pause)
[2025-01-08T20:14:52.287+0000][172162.653s][info][gc,task     ] GC(5202) Using 6 workers of 6 for evacuation
[2025-01-08T20:14:52.322+0000][172162.688s][info][gc,phases   ] GC(5202)   Pre Evacuate Collection Set: 1.1ms
[2025-01-08T20:14:52.322+0000][172162.688s][info][gc,phases   ] GC(5202)   Merge Heap Roots: 0.5ms
[2025-01-08T20:14:52.322+0000][172162.688s][info][gc,phases   ] GC(5202)   Evacuate Collection Set: 30.8ms
[2025-01-08T20:14:52.322+0000][172162.688s][info][gc,phases   ] GC(5202)   Post Evacuate Collection Set: 2.6ms
[2025-01-08T20:14:52.322+0000][172162.688s][info][gc,phases   ] GC(5202)   Other: 0.3ms
[2025-01-08T20:14:52.322+0000][172162.688s][info][gc,heap     ] GC(5202) Eden regions: 913->0(911)
[2025-01-08T20:14:52.322+0000][172162.688s][info][gc,heap     ] GC(5202) Survivor regions: 8->10(116)
[2025-01-08T20:14:52.322+0000][172162.688s][info][gc,heap     ] GC(5202) Old regions: 234->234
[2025-01-08T20:14:52.322+0000][172162.688s][info][gc,heap     ] GC(5202) Archive regions: 2->2
[2025-01-08T20:14:52.322+0000][172162.688s][info][gc,heap     ] GC(5202) Humongous regions: 49->49
[2025-01-08T20:14:52.322+0000][172162.688s][info][gc,metaspace] GC(5202) Metaspace: 523614K(533760K)->523614K(533760K) NonClass: 459770K(465024K)->459770K(465024K) Class: 63844K(68736K)->63844K(68736K)
[2025-01-08T20:14:52.322+0000][172162.688s][info][gc          ] GC(5202) Pause Young (Concurrent Start) (G1 Evacuation Pause) 9633M->2340M(12288M) 35.350ms
[2025-01-08T20:14:52.322+0000][172162.689s][info][gc,cpu      ] GC(5202) User=0.20s Sys=0.00s Real=0.04s
[2025-01-08T20:14:52.322+0000][172162.689s][info][gc          ] GC(5203) Concurrent Mark Cycle
[2025-01-08T20:14:52.322+0000][172162.689s][info][gc,marking  ] GC(5203) Concurrent Clear Claimed Marks
[2025-01-08T20:14:52.323+0000][172162.690s][info][gc,marking  ] GC(5203) Concurrent Clear Claimed Marks 0.909ms
[2025-01-08T20:14:52.323+0000][172162.690s][info][gc,marking  ] GC(5203) Concurrent Scan Root Regions
[2025-01-08T20:14:52.346+0000][172162.712s][info][gc,marking  ] GC(5203) Concurrent Scan Root Regions 22.782ms
[2025-01-08T20:14:52.346+0000][172162.712s][info][gc,marking  ] GC(5203) Concurrent Mark
[2025-01-08T20:14:52.346+0000][172162.712s][info][gc,marking  ] GC(5203) Concurrent Mark From Roots
[2025-01-08T20:14:52.346+0000][172162.712s][info][gc,task     ] GC(5203) Using 2 workers of 2 for marking
[2025-01-08T20:14:53.118+0000][172163.484s][info][gc,marking  ] GC(5203) Concurrent Mark From Roots 772.007ms
[2025-01-08T20:14:53.118+0000][172163.484s][info][gc,marking  ] GC(5203) Concurrent Preclean
[2025-01-08T20:14:53.121+0000][172163.487s][info][gc,marking  ] GC(5203) Concurrent Preclean 2.743ms
[2025-01-08T20:14:53.121+0000][172163.487s][info][gc,start    ] GC(5203) Pause Remark
[2025-01-08T20:14:53.147+0000][172163.513s][info][gc          ] GC(5203) Pause Remark 2952M->2952M(12288M) 25.465ms
[2025-01-08T20:14:53.147+0000][172163.513s][info][gc,cpu      ] GC(5203) User=0.15s Sys=0.00s Real=0.03s
[2025-01-08T20:14:53.147+0000][172163.513s][info][gc,marking  ] GC(5203) Concurrent Mark 800.587ms
[2025-01-08T20:14:53.147+0000][172163.513s][info][gc,marking  ] GC(5203) Concurrent Rebuild Remembered Sets
[2025-01-08T20:14:53.656+0000][172164.022s][info][gc,marking  ] GC(5203) Concurrent Rebuild Remembered Sets 509.102ms
[2025-01-08T20:14:53.656+0000][172164.022s][info][gc,start    ] GC(5203) Pause Cleanup
[2025-01-08T20:14:53.656+0000][172164.023s][info][gc          ] GC(5203) Pause Cleanup 3380M->3380M(12288M) 0.364ms
[2025-01-08T20:14:53.657+0000][172164.023s][info][gc,cpu      ] GC(5203) User=0.00s Sys=0.00s Real=0.00s
[2025-01-08T20:14:53.657+0000][172164.023s][info][gc,marking  ] GC(5203) Concurrent Cleanup for Next Mark
[2025-01-08T20:14:53.685+0000][172164.051s][info][gc,marking  ] GC(5203) Concurrent Cleanup for Next Mark 28.197ms
[2025-01-08T20:14:53.685+0000][172164.051s][info][gc          ] GC(5203) Concurrent Mark Cycle 1362.328ms
[2025-01-08T20:14:57.386+0000][172167.752s][info][gc,start    ] GC(5204) Pause Young (Prepare Mixed) (G1 Evacuation Pause)
[2025-01-08T20:14:57.386+0000][172167.752s][info][gc,task     ] GC(5204) Using 6 workers of 6 for evacuation
[2025-01-08T20:14:57.423+0000][172167.789s][info][gc,phases   ] GC(5204)   Pre Evacuate Collection Set: 0.2ms
[2025-01-08T20:14:57.423+0000][172167.789s][info][gc,phases   ] GC(5204)   Merge Heap Roots: 0.7ms
[2025-01-08T20:14:57.423+0000][172167.789s][info][gc,phases   ] GC(5204)   Evacuate Collection Set: 31.4ms
[2025-01-08T20:14:57.423+0000][172167.789s][info][gc,phases   ] GC(5204)   Post Evacuate Collection Set: 5.2ms
[2025-01-08T20:14:57.423+0000][172167.789s][info][gc,phases   ] GC(5204)   Other: 0.2ms
[2025-01-08T20:14:57.423+0000][172167.789s][info][gc,heap     ] GC(5204) Eden regions: 911->0(65)
[2025-01-08T20:14:57.423+0000][172167.789s][info][gc,heap     ] GC(5204) Survivor regions: 10->11(116)
[2025-01-08T20:14:57.423+0000][172167.789s][info][gc,heap     ] GC(5204) Old regions: 234->234
[2025-01-08T20:14:57.423+0000][172167.789s][info][gc,heap     ] GC(5204) Archive regions: 2->2
[2025-01-08T20:14:57.423+0000][172167.789s][info][gc,heap     ] GC(5204) Humongous regions: 49->49
[2025-01-08T20:14:57.423+0000][172167.789s][info][gc,metaspace] GC(5204) Metaspace: 523614K(533760K)->523614K(533760K) NonClass: 459770K(465024K)->459770K(465024K) Class: 63844K(68736K)->63844K(68736K)
[2025-01-08T20:14:57.423+0000][172167.789s][info][gc          ] GC(5204) Pause Young (Prepare Mixed) (G1 Evacuation Pause) 9628M->2353M(12288M) 37.794ms
[2025-01-08T20:14:57.423+0000][172167.790s][info][gc,cpu      ] GC(5204) User=0.22s Sys=0.00s Real=0.04s
[2025-01-08T20:14:57.785+0000][172168.151s][info][gc,start    ] GC(5205) Pause Young (Mixed) (G1 Evacuation Pause)
[2025-01-08T20:14:57.785+0000][172168.151s][info][gc,task     ] GC(5205) Using 6 workers of 6 for evacuation
[2025-01-08T20:14:57.844+0000][172168.210s][info][gc,phases   ] GC(5205)   Pre Evacuate Collection Set: 0.2ms
[2025-01-08T20:14:57.844+0000][172168.210s][info][gc,phases   ] GC(5205)   Merge Heap Roots: 0.6ms
[2025-01-08T20:14:57.844+0000][172168.210s][info][gc,phases   ] GC(5205)   Evacuate Collection Set: 56.0ms
[2025-01-08T20:14:57.844+0000][172168.210s][info][gc,phases   ] GC(5205)   Post Evacuate Collection Set: 1.5ms
[2025-01-08T20:14:57.844+0000][172168.210s][info][gc,phases   ] GC(5205)   Other: 0.2ms
[2025-01-08T20:14:57.844+0000][172168.210s][info][gc,heap     ] GC(5205) Eden regions: 65->0(916)
[2025-01-08T20:14:57.844+0000][172168.210s][info][gc,heap     ] GC(5205) Survivor regions: 11->5(10)
[2025-01-08T20:14:57.844+0000][172168.210s][info][gc,heap     ] GC(5205) Old regions: 234->236
[2025-01-08T20:14:57.844+0000][172168.210s][info][gc,heap     ] GC(5205) Archive regions: 2->2
[2025-01-08T20:14:57.844+0000][172168.210s][info][gc,heap     ] GC(5205) Humongous regions: 49->49
[2025-01-08T20:14:57.844+0000][172168.210s][info][gc,metaspace] GC(5205) Metaspace: 523614K(533760K)->523614K(533760K) NonClass: 459770K(465024K)->459770K(465024K) Class: 63844K(68736K)->63844K(68736K)
[2025-01-08T20:14:57.844+0000][172168.210s][info][gc          ] GC(5205) Pause Young (Mixed) (G1 Evacuation Pause) 2873M->2316M(12288M) 58.613ms
[2025-01-08T20:14:57.844+0000][172168.210s][info][gc,cpu      ] GC(5205) User=0.35s Sys=0.00s Real=0.06s
[2025-01-08T20:15:04.783+0000][172175.149s][info][gc,start    ] GC(5206) Pause Young (Normal) (G1 Evacuation Pause)
[2025-01-08T20:15:04.783+0000][172175.149s][info][gc,task     ] GC(5206) Using 6 workers of 6 for evacuation
[2025-01-08T20:15:04.809+0000][172175.176s][info][gc,phases   ] GC(5206)   Pre Evacuate Collection Set: 0.2ms
[2025-01-08T20:15:04.810+0000][172175.176s][info][gc,phases   ] GC(5206)   Merge Heap Roots: 0.4ms
[2025-01-08T20:15:04.810+0000][172175.176s][info][gc,phases   ] GC(5206)   Evacuate Collection Set: 23.0ms
[2025-01-08T20:15:04.810+0000][172175.176s][info][gc,phases   ] GC(5206)   Post Evacuate Collection Set: 2.5ms
[2025-01-08T20:15:04.810+0000][172175.176s][info][gc,phases   ] GC(5206)   Other: 0.2ms
[2025-01-08T20:15:04.810+0000][172175.176s][info][gc,heap     ] GC(5206) Eden regions: 916->0(915)
[2025-01-08T20:15:04.810+0000][172175.176s][info][gc,heap     ] GC(5206) Survivor regions: 5->6(116)
[2025-01-08T20:15:04.810+0000][172175.176s][info][gc,heap     ] GC(5206) Old regions: 236->236
[2025-01-08T20:15:04.810+0000][172175.176s][info][gc,heap     ] GC(5206) Archive regions: 2->2
[2025-01-08T20:15:04.810+0000][172175.176s][info][gc,heap     ] GC(5206) Humongous regions: 49->49
[2025-01-08T20:15:04.810+0000][172175.176s][info][gc,metaspace] GC(5206) Metaspace: 523614K(533760K)->523614K(533760K) NonClass: 459770K(465024K)->459770K(465024K) Class: 63844K(68736K)->63844K(68736K)
[2025-01-08T20:15:04.810+0000][172175.176s][info][gc          ] GC(5206) Pause Young (Normal) (G1 Evacuation Pause) 9644M->2324M(12288M) 26.461ms
[2025-01-08T20:15:04.810+0000][172175.176s][info][gc,cpu      ] GC(5206) User=0.16s Sys=0.00s Real=0.03s
[2025-01-08T20:15:13.765+0000][172184.131s][info][gc,start    ] GC(5207) Pause Young (Normal) (G1 Evacuation Pause)
[2025-01-08T20:15:13.765+0000][172184.131s][info][gc,task     ] GC(5207) Using 6 workers of 6 for evacuation
[2025-01-08T20:15:13.794+0000][172184.160s][info][gc,phases   ] GC(5207)   Pre Evacuate Collection Set: 0.2ms
[2025-01-08T20:15:13.794+0000][172184.160s][info][gc,phases   ] GC(5207)   Merge Heap Roots: 0.4ms
[2025-01-08T20:15:13.794+0000][172184.160s][info][gc,phases   ] GC(5207)   Evacuate Collection Set: 24.3ms
[2025-01-08T20:15:13.794+0000][172184.160s][info][gc,phases   ] GC(5207)   Post Evacuate Collection Set: 3.9ms
[2025-01-08T20:15:13.794+0000][172184.160s][info][gc,phases   ] GC(5207)   Other: 0.2ms
[2025-01-08T20:15:13.794+0000][172184.161s][info][gc,heap     ] GC(5207) Eden regions: 915->0(913)
[2025-01-08T20:15:13.794+0000][172184.161s][info][gc,heap     ] GC(5207) Survivor regions: 6->8(116)
[2025-01-08T20:15:13.794+0000][172184.161s][info][gc,heap     ] GC(5207) Old regions: 236->236
[2025-01-08T20:15:13.794+0000][172184.161s][info][gc,heap     ] GC(5207) Archive regions: 2->2
[2025-01-08T20:15:13.794+0000][172184.161s][info][gc,heap     ] GC(5207) Humongous regions: 49->49
[2025-01-08T20:15:13.794+0000][172184.161s][info][gc,metaspace] GC(5207) Metaspace: 523614K(533760K)->523614K(533760K) NonClass: 459770K(465024K)->459770K(465024K) Class: 63844K(68736K)->63844K(68736K)
[2025-01-08T20:15:13.794+0000][172184.161s][info][gc          ] GC(5207) Pause Young (Normal) (G1 Evacuation Pause) 9644M->2337M(12288M) 29.119ms
[2025-01-08T20:15:13.795+0000][172184.161s][info][gc,cpu      ] GC(5207) User=0.17s Sys=0.00s Real=0.03s
[2025-01-08T20:15:23.270+0000][172193.636s][info][gc,start    ] GC(5208) Pause Young (Concurrent Start) (G1 Evacuation Pause)
[2025-01-08T20:15:23.270+0000][172193.636s][info][gc,task     ] GC(5208) Using 6 workers of 6 for evacuation
[2025-01-08T20:15:23.303+0000][172193.670s][info][gc,phases   ] GC(5208)   Pre Evacuate Collection Set: 1.1ms
[2025-01-08T20:15:23.303+0000][172193.670s][info][gc,phases   ] GC(5208)   Merge Heap Roots: 0.5ms
[2025-01-08T20:15:23.303+0000][172193.670s][info][gc,phases   ] GC(5208)   Evacuate Collection Set: 29.4ms
[2025-01-08T20:15:23.303+0000][172193.670s][info][gc,phases   ] GC(5208)   Post Evacuate Collection Set: 2.6ms
[2025-01-08T20:15:23.303+0000][172193.670s][info][gc,phases   ] GC(5208)   Other: 0.3ms
[2025-01-08T20:15:23.303+0000][172193.670s][info][gc,heap     ] GC(5208) Eden regions: 913->0(913)
[2025-01-08T20:15:23.303+0000][172193.670s][info][gc,heap     ] GC(5208) Survivor regions: 8->8(116)
[2025-01-08T20:15:23.303+0000][172193.670s][info][gc,heap     ] GC(5208) Old regions: 236->236
[2025-01-08T20:15:23.303+0000][172193.670s][info][gc,heap     ] GC(5208) Archive regions: 2->2
[2025-01-08T20:15:23.303+0000][172193.670s][info][gc,heap     ] GC(5208) Humongous regions: 49->49
[2025-01-08T20:15:23.304+0000][172193.670s][info][gc,metaspace] GC(5208) Metaspace: 523615K(533760K)->523615K(533760K) NonClass: 459771K(465024K)->459771K(465024K) Class: 63844K(68736K)->63844K(68736K)
[2025-01-08T20:15:23.304+0000][172193.670s][info][gc          ] GC(5208) Pause Young (Concurrent Start) (G1 Evacuation Pause) 9641M->2341M(12288M) 33.994ms
[2025-01-08T20:15:23.304+0000][172193.670s][info][gc,cpu      ] GC(5208) User=0.20s Sys=0.00s Real=0.03s
[2025-01-08T20:15:23.304+0000][172193.670s][info][gc          ] GC(5209) Concurrent Mark Cycle
[2025-01-08T20:15:23.304+0000][172193.670s][info][gc,marking  ] GC(5209) Concurrent Clear Claimed Marks
[2025-01-08T20:15:23.305+0000][172193.671s][info][gc,marking  ] GC(5209) Concurrent Clear Claimed Marks 0.928ms
[2025-01-08T20:15:23.305+0000][172193.671s][info][gc,marking  ] GC(5209) Concurrent Scan Root Regions
[2025-01-08T20:15:23.324+0000][172193.690s][info][gc,marking  ] GC(5209) Concurrent Scan Root Regions 19.611ms
[2025-01-08T20:15:23.324+0000][172193.690s][info][gc,marking  ] GC(5209) Concurrent Mark
[2025-01-08T20:15:23.324+0000][172193.690s][info][gc,marking  ] GC(5209) Concurrent Mark From Roots
[2025-01-08T20:15:23.324+0000][172193.690s][info][gc,task     ] GC(5209) Using 2 workers of 2 for marking
[2025-01-08T20:15:24.268+0000][172194.634s][info][gc,marking  ] GC(5209) Concurrent Mark From Roots 943.770ms
[2025-01-08T20:15:24.268+0000][172194.634s][info][gc,marking  ] GC(5209) Concurrent Preclean
[2025-01-08T20:15:24.271+0000][172194.638s][info][gc,marking  ] GC(5209) Concurrent Preclean 3.461ms
[2025-01-08T20:15:24.272+0000][172194.638s][info][gc,start    ] GC(5209) Pause Remark
[2025-01-08T20:15:24.297+0000][172194.663s][info][gc          ] GC(5209) Pause Remark 3466M->3466M(12288M) 25.422ms
[2025-01-08T20:15:24.297+0000][172194.663s][info][gc,cpu      ] GC(5209) User=0.15s Sys=0.00s Real=0.02s
[2025-01-08T20:15:24.297+0000][172194.663s][info][gc,marking  ] GC(5209) Concurrent Mark 973.025ms
[2025-01-08T20:15:24.297+0000][172194.663s][info][gc,marking  ] GC(5209) Concurrent Rebuild Remembered Sets
[2025-01-08T20:15:24.904+0000][172195.270s][info][gc,marking  ] GC(5209) Concurrent Rebuild Remembered Sets 606.256ms
[2025-01-08T20:15:24.904+0000][172195.270s][info][gc,start    ] GC(5209) Pause Cleanup
[2025-01-08T20:15:24.904+0000][172195.270s][info][gc          ] GC(5209) Pause Cleanup 4142M->4142M(12288M) 0.463ms
[2025-01-08T20:15:24.904+0000][172195.270s][info][gc,cpu      ] GC(5209) User=0.01s Sys=0.00s Real=0.00s
[2025-01-08T20:15:24.904+0000][172195.270s][info][gc,marking  ] GC(5209) Concurrent Cleanup for Next Mark
[2025-01-08T20:15:24.921+0000][172195.287s][info][gc,marking  ] GC(5209) Concurrent Cleanup for Next Mark 16.705ms
[2025-01-08T20:15:24.921+0000][172195.287s][info][gc          ] GC(5209) Concurrent Mark Cycle 1617.444ms
[2025-01-08T20:15:30.454+0000][172200.820s][info][gc,start    ] GC(5210) Pause Young (Prepare Mixed) (G1 Evacuation Pause)
[2025-01-08T20:15:30.454+0000][172200.820s][info][gc,task     ] GC(5210) Using 6 workers of 6 for evacuation
[2025-01-08T20:15:30.491+0000][172200.857s][info][gc,phases   ] GC(5210)   Pre Evacuate Collection Set: 0.2ms
[2025-01-08T20:15:30.491+0000][172200.857s][info][gc,phases   ] GC(5210)   Merge Heap Roots: 0.7ms
[2025-01-08T20:15:30.491+0000][172200.857s][info][gc,phases   ] GC(5210)   Evacuate Collection Set: 32.6ms
[2025-01-08T20:15:30.491+0000][172200.857s][info][gc,phases   ] GC(5210)   Post Evacuate Collection Set: 2.6ms
[2025-01-08T20:15:30.491+0000][172200.857s][info][gc,phases   ] GC(5210)   Other: 0.2ms
[2025-01-08T20:15:30.491+0000][172200.857s][info][gc,heap     ] GC(5210) Eden regions: 913->0(67)
[2025-01-08T20:15:30.491+0000][172200.857s][info][gc,heap     ] GC(5210) Survivor regions: 8->9(116)
[2025-01-08T20:15:30.491+0000][172200.857s][info][gc,heap     ] GC(5210) Old regions: 236->236
[2025-01-08T20:15:30.491+0000][172200.857s][info][gc,heap     ] GC(5210) Archive regions: 2->2
[2025-01-08T20:15:30.491+0000][172200.857s][info][gc,heap     ] GC(5210) Humongous regions: 49->49
[2025-01-08T20:15:30.491+0000][172200.857s][info][gc,metaspace] GC(5210) Metaspace: 523616K(533760K)->523616K(533760K) NonClass: 459772K(465024K)->459772K(465024K) Class: 63844K(68736K)->63844K(68736K)
[2025-01-08T20:15:30.491+0000][172200.857s][info][gc          ] GC(5210) Pause Young (Prepare Mixed) (G1 Evacuation Pause) 9645M->2351M(12288M) 36.452ms
[2025-01-08T20:15:30.491+0000][172200.857s][info][gc,cpu      ] GC(5210) User=0.21s Sys=0.00s Real=0.04s
[2025-01-08T20:15:30.860+0000][172201.226s][info][gc,start    ] GC(5211) Pause Young (Mixed) (G1 Evacuation Pause)
[2025-01-08T20:15:30.860+0000][172201.226s][info][gc,task     ] GC(5211) Using 6 workers of 6 for evacuation
[2025-01-08T20:15:30.906+0000][172201.272s][info][gc,phases   ] GC(5211)   Pre Evacuate Collection Set: 0.2ms
[2025-01-08T20:15:30.906+0000][172201.272s][info][gc,phases   ] GC(5211)   Merge Heap Roots: 0.5ms
[2025-01-08T20:15:30.906+0000][172201.272s][info][gc,phases   ] GC(5211)   Evacuate Collection Set: 43.7ms
[2025-01-08T20:15:30.906+0000][172201.272s][info][gc,phases   ] GC(5211)   Post Evacuate Collection Set: 1.6ms
[2025-01-08T20:15:30.906+0000][172201.272s][info][gc,phases   ] GC(5211)   Other: 0.2ms
[2025-01-08T20:15:30.906+0000][172201.272s][info][gc,heap     ] GC(5211) Eden regions: 67->0(916)
[2025-01-08T20:15:30.906+0000][172201.272s][info][gc,heap     ] GC(5211) Survivor regions: 9->5(10)
[2025-01-08T20:15:30.906+0000][172201.272s][info][gc,heap     ] GC(5211) Old regions: 236->234
[2025-01-08T20:15:30.906+0000][172201.272s][info][gc,heap     ] GC(5211) Archive regions: 2->2
[2025-01-08T20:15:30.906+0000][172201.272s][info][gc,heap     ] GC(5211) Humongous regions: 49->49
[2025-01-08T20:15:30.906+0000][172201.273s][info][gc,metaspace] GC(5211) Metaspace: 523616K(533760K)->523616K(533760K) NonClass: 459772K(465024K)->459772K(465024K) Class: 63844K(68736K)->63844K(68736K)
[2025-01-08T20:15:30.906+0000][172201.273s][info][gc          ] GC(5211) Pause Young (Mixed) (G1 Evacuation Pause) 2887M->2307M(12288M) 46.226ms
[2025-01-08T20:15:30.906+0000][172201.273s][info][gc,cpu      ] GC(5211) User=0.27s Sys=0.00s Real=0.05s
[2025-01-08T20:15:36.776+0000][172207.142s][info][gc,start    ] GC(5212) Pause Young (Normal) (G1 Evacuation Pause)
[2025-01-08T20:15:36.776+0000][172207.143s][info][gc,task     ] GC(5212) Using 6 workers of 6 for evacuation
[2025-01-08T20:15:36.802+0000][172207.168s][info][gc,phases   ] GC(5212)   Pre Evacuate Collection Set: 0.2ms
[2025-01-08T20:15:36.802+0000][172207.168s][info][gc,phases   ] GC(5212)   Merge Heap Roots: 0.4ms
[2025-01-08T20:15:36.802+0000][172207.168s][info][gc,phases   ] GC(5212)   Evacuate Collection Set: 21.8ms
[2025-01-08T20:15:36.802+0000][172207.168s][info][gc,phases   ] GC(5212)   Post Evacuate Collection Set: 2.5ms
[2025-01-08T20:15:36.802+0000][172207.168s][info][gc,phases   ] GC(5212)   Other: 0.2ms
[2025-01-08T20:15:36.802+0000][172207.168s][info][gc,heap     ] GC(5212) Eden regions: 916->0(915)
[2025-01-08T20:15:36.802+0000][172207.168s][info][gc,heap     ] GC(5212) Survivor regions: 5->6(116)
[2025-01-08T20:15:36.802+0000][172207.168s][info][gc,heap     ] GC(5212) Old regions: 234->234
[2025-01-08T20:15:36.802+0000][172207.168s][info][gc,heap     ] GC(5212) Archive regions: 2->2
[2025-01-08T20:15:36.802+0000][172207.168s][info][gc,heap     ] GC(5212) Humongous regions: 49->49
[2025-01-08T20:15:36.802+0000][172207.168s][info][gc,metaspace] GC(5212) Metaspace: 523616K(533760K)->523616K(533760K) NonClass: 459772K(465024K)->459772K(465024K) Class: 63844K(68736K)->63844K(68736K)
[2025-01-08T20:15:36.802+0000][172207.168s][info][gc          ] GC(5212) Pause Young (Normal) (G1 Evacuation Pause) 9635M->2314M(12288M) 25.296ms
[2025-01-08T20:15:36.802+0000][172207.168s][info][gc,cpu      ] GC(5212) User=0.14s Sys=0.01s Real=0.03s
[2025-01-08T20:15:46.342+0000][172216.708s][info][gc,start    ] GC(5213) Pause Young (Normal) (G1 Evacuation Pause)
[2025-01-08T20:15:46.342+0000][172216.708s][info][gc,task     ] GC(5213) Using 6 workers of 6 for evacuation
[2025-01-08T20:15:46.371+0000][172216.738s][info][gc,phases   ] GC(5213)   Pre Evacuate Collection Set: 0.2ms
[2025-01-08T20:15:46.372+0000][172216.738s][info][gc,phases   ] GC(5213)   Merge Heap Roots: 0.4ms
[2025-01-08T20:15:46.372+0000][172216.738s][info][gc,phases   ] GC(5213)   Evacuate Collection Set: 25.6ms
[2025-01-08T20:15:46.372+0000][172216.738s][info][gc,phases   ] GC(5213)   Post Evacuate Collection Set: 2.8ms
[2025-01-08T20:15:46.372+0000][172216.738s][info][gc,phases   ] GC(5213)   Other: 0.2ms
[2025-01-08T20:15:46.372+0000][172216.738s][info][gc,heap     ] GC(5213) Eden regions: 915->0(913)
[2025-01-08T20:15:46.372+0000][172216.738s][info][gc,heap     ] GC(5213) Survivor regions: 6->8(116)
[2025-01-08T20:15:46.372+0000][172216.738s][info][gc,heap     ] GC(5213) Old regions: 234->234
[2025-01-08T20:15:46.372+0000][172216.738s][info][gc,heap     ] GC(5213) Archive regions: 2->2
[2025-01-08T20:15:46.372+0000][172216.738s][info][gc,heap     ] GC(5213) Humongous regions: 49->49
[2025-01-08T20:15:46.372+0000][172216.738s][info][gc,metaspace] GC(5213) Metaspace: 523616K(533760K)->523616K(533760K) NonClass: 459772K(465024K)->459772K(465024K) Class: 63844K(68736K)->63844K(68736K)
[2025-01-08T20:15:46.372+0000][172216.738s][info][gc          ] GC(5213) Pause Young (Normal) (G1 Evacuation Pause) 9634M->2327M(12288M) 29.254ms
[2025-01-08T20:15:46.372+0000][172216.738s][info][gc,cpu      ] GC(5213) User=0.16s Sys=0.00s Real=0.03s
[2025-01-08T20:15:54.070+0000][172224.436s][info][gc,start    ] GC(5214) Pause Young (Concurrent Start) (G1 Evacuation Pause)
[2025-01-08T20:15:54.070+0000][172224.436s][info][gc,task     ] GC(5214) Using 6 workers of 6 for evacuation
[2025-01-08T20:15:54.103+0000][172224.469s][info][gc,phases   ] GC(5214)   Pre Evacuate Collection Set: 1.1ms
[2025-01-08T20:15:54.103+0000][172224.469s][info][gc,phases   ] GC(5214)   Merge Heap Roots: 0.5ms
[2025-01-08T20:15:54.103+0000][172224.469s][info][gc,phases   ] GC(5214)   Evacuate Collection Set: 27.4ms
[2025-01-08T20:15:54.103+0000][172224.469s][info][gc,phases   ] GC(5214)   Post Evacuate Collection Set: 3.9ms
[2025-01-08T20:15:54.103+0000][172224.469s][info][gc,phases   ] GC(5214)   Other: 0.3ms
[2025-01-08T20:15:54.103+0000][172224.469s][info][gc,heap     ] GC(5214) Eden regions: 913->0(912)
[2025-01-08T20:15:54.103+0000][172224.469s][info][gc,heap     ] GC(5214) Survivor regions: 8->9(116)
[2025-01-08T20:15:54.103+0000][172224.469s][info][gc,heap     ] GC(5214) Old regions: 234->234
[2025-01-08T20:15:54.103+0000][172224.469s][info][gc,heap     ] GC(5214) Archive regions: 2->2
[2025-01-08T20:15:54.103+0000][172224.469s][info][gc,heap     ] GC(5214) Humongous regions: 49->49
[2025-01-08T20:15:54.103+0000][172224.469s][info][gc,metaspace] GC(5214) Metaspace: 523616K(533760K)->523616K(533760K) NonClass: 459772K(465024K)->459772K(465024K) Class: 63844K(68736K)->63844K(68736K)
[2025-01-08T20:15:54.103+0000][172224.469s][info][gc          ] GC(5214) Pause Young (Concurrent Start) (G1 Evacuation Pause) 9631M->2338M(12288M) 33.279ms
[2025-01-08T20:15:54.103+0000][172224.469s][info][gc,cpu      ] GC(5214) User=0.19s Sys=0.00s Real=0.03s
[2025-01-08T20:15:54.103+0000][172224.469s][info][gc          ] GC(5215) Concurrent Mark Cycle
[2025-01-08T20:15:54.103+0000][172224.469s][info][gc,marking  ] GC(5215) Concurrent Clear Claimed Marks
[2025-01-08T20:15:54.104+0000][172224.470s][info][gc,marking  ] GC(5215) Concurrent Clear Claimed Marks 0.937ms
[2025-01-08T20:15:54.104+0000][172224.470s][info][gc,marking  ] GC(5215) Concurrent Scan Root Regions
[2025-01-08T20:15:54.126+0000][172224.493s][info][gc,marking  ] GC(5215) Concurrent Scan Root Regions 22.503ms
[2025-01-08T20:15:54.126+0000][172224.493s][info][gc,marking  ] GC(5215) Concurrent Mark
[2025-01-08T20:15:54.126+0000][172224.493s][info][gc,marking  ] GC(5215) Concurrent Mark From Roots
[2025-01-08T20:15:54.126+0000][172224.493s][info][gc,task     ] GC(5215) Using 2 workers of 2 for marking
[2025-01-08T20:15:55.111+0000][172225.477s][info][gc,marking  ] GC(5215) Concurrent Mark From Roots 984.223ms
[2025-01-08T20:15:55.111+0000][172225.477s][info][gc,marking  ] GC(5215) Concurrent Preclean
[2025-01-08T20:15:55.114+0000][172225.480s][info][gc,marking  ] GC(5215) Concurrent Preclean 3.546ms
[2025-01-08T20:15:55.114+0000][172225.481s][info][gc,start    ] GC(5215) Pause Remark
[2025-01-08T20:15:55.140+0000][172225.506s][info][gc          ] GC(5215) Pause Remark 3456M->3456M(12288M) 25.543ms
[2025-01-08T20:15:55.140+0000][172225.506s][info][gc,cpu      ] GC(5215) User=0.15s Sys=0.00s Real=0.02s
[2025-01-08T20:15:55.141+0000][172225.508s][info][gc,marking  ] GC(5215) Concurrent Mark 1015.020ms
[2025-01-08T20:15:55.142+0000][172225.508s][info][gc,marking  ] GC(5215) Concurrent Rebuild Remembered Sets
[2025-01-08T20:15:55.783+0000][172226.149s][info][gc,marking  ] GC(5215) Concurrent Rebuild Remembered Sets 641.029ms
[2025-01-08T20:15:55.783+0000][172226.149s][info][gc,start    ] GC(5215) Pause Cleanup
[2025-01-08T20:15:55.783+0000][172226.149s][info][gc          ] GC(5215) Pause Cleanup 4166M->4166M(12288M) 0.408ms
[2025-01-08T20:15:55.783+0000][172226.149s][info][gc,cpu      ] GC(5215) User=0.00s Sys=0.00s Real=0.00s
[2025-01-08T20:15:55.783+0000][172226.149s][info][gc,marking  ] GC(5215) Concurrent Cleanup for Next Mark
[2025-01-08T20:15:55.799+0000][172226.165s][info][gc,marking  ] GC(5215) Concurrent Cleanup for Next Mark 15.517ms
[2025-01-08T20:15:55.799+0000][172226.165s][info][gc          ] GC(5215) Concurrent Mark Cycle 1695.799ms
[2025-01-08T20:16:03.466+0000][172233.832s][info][gc,start    ] GC(5216) Pause Young (Prepare Mixed) (G1 Evacuation Pause)
[2025-01-08T20:16:03.466+0000][172233.832s][info][gc,task     ] GC(5216) Using 6 workers of 6 for evacuation
[2025-01-08T20:16:03.505+0000][172233.871s][info][gc,phases   ] GC(5216)   Pre Evacuate Collection Set: 0.2ms
[2025-01-08T20:16:03.505+0000][172233.871s][info][gc,phases   ] GC(5216)   Merge Heap Roots: 0.7ms
[2025-01-08T20:16:03.505+0000][172233.871s][info][gc,phases   ] GC(5216)   Evacuate Collection Set: 34.2ms
[2025-01-08T20:16:03.505+0000][172233.871s][info][gc,phases   ] GC(5216)   Post Evacuate Collection Set: 4.2ms
[2025-01-08T20:16:03.505+0000][172233.871s][info][gc,phases   ] GC(5216)   Other: 0.2ms
[2025-01-08T20:16:03.505+0000][172233.871s][info][gc,heap     ] GC(5216) Eden regions: 912->0(65)
[2025-01-08T20:16:03.505+0000][172233.871s][info][gc,heap     ] GC(5216) Survivor regions: 9->11(116)
[2025-01-08T20:16:03.505+0000][172233.871s][info][gc,heap     ] GC(5216) Old regions: 234->234
[2025-01-08T20:16:03.505+0000][172233.871s][info][gc,heap     ] GC(5216) Archive regions: 2->2
[2025-01-08T20:16:03.505+0000][172233.871s][info][gc,heap     ] GC(5216) Humongous regions: 49->49
[2025-01-08T20:16:03.505+0000][172233.871s][info][gc,metaspace] GC(5216) Metaspace: 523616K(533760K)->523616K(533760K) NonClass: 459772K(465024K)->459772K(465024K) Class: 63844K(68736K)->63844K(68736K)
[2025-01-08T20:16:03.505+0000][172233.871s][info][gc          ] GC(5216) Pause Young (Prepare Mixed) (G1 Evacuation Pause) 9634M->2351M(12288M) 39.641ms
[2025-01-08T20:16:03.505+0000][172233.872s][info][gc,cpu      ] GC(5216) User=0.23s Sys=0.00s Real=0.04s
[2025-01-08T20:16:03.971+0000][172234.337s][info][gc,start    ] GC(5217) Pause Young (Mixed) (G1 Evacuation Pause)
[2025-01-08T20:16:03.971+0000][172234.337s][info][gc,task     ] GC(5217) Using 6 workers of 6 for evacuation
[2025-01-08T20:16:04.031+0000][172234.397s][info][gc,phases   ] GC(5217)   Pre Evacuate Collection Set: 0.2ms
[2025-01-08T20:16:04.031+0000][172234.397s][info][gc,phases   ] GC(5217)   Merge Heap Roots: 0.6ms
[2025-01-08T20:16:04.031+0000][172234.397s][info][gc,phases   ] GC(5217)   Evacuate Collection Set: 57.4ms
[2025-01-08T20:16:04.031+0000][172234.397s][info][gc,phases   ] GC(5217)   Post Evacuate Collection Set: 1.9ms
[2025-01-08T20:16:04.031+0000][172234.397s][info][gc,phases   ] GC(5217)   Other: 0.2ms
[2025-01-08T20:16:04.031+0000][172234.397s][info][gc,heap     ] GC(5217) Eden regions: 65->0(916)
[2025-01-08T20:16:04.031+0000][172234.397s][info][gc,heap     ] GC(5217) Survivor regions: 11->5(10)
[2025-01-08T20:16:04.031+0000][172234.397s][info][gc,heap     ] GC(5217) Old regions: 234->234
[2025-01-08T20:16:04.031+0000][172234.397s][info][gc,heap     ] GC(5217) Archive regions: 2->2
[2025-01-08T20:16:04.031+0000][172234.397s][info][gc,heap     ] GC(5217) Humongous regions: 49->49
[2025-01-08T20:16:04.031+0000][172234.397s][info][gc,metaspace] GC(5217) Metaspace: 523616K(533760K)->523616K(533760K) NonClass: 459772K(465024K)->459772K(465024K) Class: 63844K(68736K)->63844K(68736K)
[2025-01-08T20:16:04.031+0000][172234.397s][info][gc          ] GC(5217) Pause Young (Mixed) (G1 Evacuation Pause) 2871M->2309M(12288M) 60.388ms
[2025-01-08T20:16:04.031+0000][172234.397s][info][gc,cpu      ] GC(5217) User=0.34s Sys=0.01s Real=0.06s
[2025-01-08T20:16:13.902+0000][172244.268s][info][gc,start    ] GC(5218) Pause Young (Normal) (G1 Evacuation Pause)
[2025-01-08T20:16:13.902+0000][172244.268s][info][gc,task     ] GC(5218) Using 6 workers of 6 for evacuation
[2025-01-08T20:16:13.931+0000][172244.297s][info][gc,phases   ] GC(5218)   Pre Evacuate Collection Set: 0.2ms
[2025-01-08T20:16:13.931+0000][172244.297s][info][gc,phases   ] GC(5218)   Merge Heap Roots: 0.4ms
[2025-01-08T20:16:13.931+0000][172244.297s][info][gc,phases   ] GC(5218)   Evacuate Collection Set: 24.0ms
[2025-01-08T20:16:13.931+0000][172244.297s][info][gc,phases   ] GC(5218)   Post Evacuate Collection Set: 3.9ms
[2025-01-08T20:16:13.931+0000][172244.297s][info][gc,phases   ] GC(5218)   Other: 0.2ms
[2025-01-08T20:16:13.931+0000][172244.297s][info][gc,heap     ] GC(5218) Eden regions: 916->0(914)
[2025-01-08T20:16:13.931+0000][172244.297s][info][gc,heap     ] GC(5218) Survivor regions: 5->7(116)
[2025-01-08T20:16:13.931+0000][172244.297s][info][gc,heap     ] GC(5218) Old regions: 234->234
[2025-01-08T20:16:13.931+0000][172244.297s][info][gc,heap     ] GC(5218) Archive regions: 2->2
[2025-01-08T20:16:13.931+0000][172244.297s][info][gc,heap     ] GC(5218) Humongous regions: 49->49
[2025-01-08T20:16:13.931+0000][172244.297s][info][gc,metaspace] GC(5218) Metaspace: 523616K(533760K)->523616K(533760K) NonClass: 459772K(465024K)->459772K(465024K) Class: 63844K(68736K)->63844K(68736K)
[2025-01-08T20:16:13.931+0000][172244.297s][info][gc          ] GC(5218) Pause Young (Normal) (G1 Evacuation Pause) 9637M->2323M(12288M) 28.798ms
[2025-01-08T20:16:13.931+0000][172244.297s][info][gc,cpu      ] GC(5218) User=0.17s Sys=0.00s Real=0.03s
[2025-01-08T20:16:21.455+0000][172251.821s][info][gc,start    ] GC(5219) Pause Young (Normal) (G1 Evacuation Pause)
[2025-01-08T20:16:21.455+0000][172251.821s][info][gc,task     ] GC(5219) Using 6 workers of 6 for evacuation
[2025-01-08T20:16:21.483+0000][172251.849s][info][gc,phases   ] GC(5219)   Pre Evacuate Collection Set: 0.2ms
[2025-01-08T20:16:21.483+0000][172251.849s][info][gc,phases   ] GC(5219)   Merge Heap Roots: 0.4ms
[2025-01-08T20:16:21.483+0000][172251.849s][info][gc,phases   ] GC(5219)   Evacuate Collection Set: 25.2ms
[2025-01-08T20:16:21.483+0000][172251.849s][info][gc,phases   ] GC(5219)   Post Evacuate Collection Set: 2.5ms
[2025-01-08T20:16:21.483+0000][172251.849s][info][gc,phases   ] GC(5219)   Other: 0.2ms
[2025-01-08T20:16:21.483+0000][172251.849s][info][gc,heap     ] GC(5219) Eden regions: 914->0(913)
[2025-01-08T20:16:21.483+0000][172251.849s][info][gc,heap     ] GC(5219) Survivor regions: 7->8(116)
[2025-01-08T20:16:21.483+0000][172251.849s][info][gc,heap     ] GC(5219) Old regions: 234->234
[2025-01-08T20:16:21.483+0000][172251.849s][info][gc,heap     ] GC(5219) Archive regions: 2->2
[2025-01-08T20:16:21.483+0000][172251.849s][info][gc,heap     ] GC(5219) Humongous regions: 49->49
[2025-01-08T20:16:21.483+0000][172251.850s][info][gc,metaspace] GC(5219) Metaspace: 523616K(533760K)->523616K(533760K) NonClass: 459772K(465024K)->459772K(465024K) Class: 63844K(68736K)->63844K(68736K)
[2025-01-08T20:16:21.483+0000][172251.850s][info][gc          ] GC(5219) Pause Young (Normal) (G1 Evacuation Pause) 9635M->2327M(12288M) 28.628ms
[2025-01-08T20:16:21.483+0000][172251.850s][info][gc,cpu      ] GC(5219) User=0.16s Sys=0.00s Real=0.03s
[2025-01-08T20:16:28.991+0000][172259.357s][info][gc,start    ] GC(5220) Pause Young (Concurrent Start) (G1 Evacuation Pause)
[2025-01-08T20:16:28.991+0000][172259.357s][info][gc,task     ] GC(5220) Using 6 workers of 6 for evacuation
[2025-01-08T20:16:29.026+0000][172259.393s][info][gc,phases   ] GC(5220)   Pre Evacuate Collection Set: 1.1ms
[2025-01-08T20:16:29.026+0000][172259.393s][info][gc,phases   ] GC(5220)   Merge Heap Roots: 0.5ms
[2025-01-08T20:16:29.026+0000][172259.393s][info][gc,phases   ] GC(5220)   Evacuate Collection Set: 31.2ms
[2025-01-08T20:16:29.026+0000][172259.393s][info][gc,phases   ] GC(5220)   Post Evacuate Collection Set: 2.5ms
[2025-01-08T20:16:29.026+0000][172259.393s][info][gc,phases   ] GC(5220)   Other: 0.3ms
[2025-01-08T20:16:29.026+0000][172259.393s][info][gc,heap     ] GC(5220) Eden regions: 913->0(913)
[2025-01-08T20:16:29.026+0000][172259.393s][info][gc,heap     ] GC(5220) Survivor regions: 8->8(116)
[2025-01-08T20:16:29.026+0000][172259.393s][info][gc,heap     ] GC(5220) Old regions: 234->234
[2025-01-08T20:16:29.026+0000][172259.393s][info][gc,heap     ] GC(5220) Archive regions: 2->2
[2025-01-08T20:16:29.026+0000][172259.393s][info][gc,heap     ] GC(5220) Humongous regions: 49->49
[2025-01-08T20:16:29.027+0000][172259.393s][info][gc,metaspace] GC(5220) Metaspace: 523616K(533760K)->523616K(533760K) NonClass: 459772K(465024K)->459772K(465024K) Class: 63844K(68736K)->63844K(68736K)
[2025-01-08T20:16:29.027+0000][172259.393s][info][gc          ] GC(5220) Pause Young (Concurrent Start) (G1 Evacuation Pause) 9631M->2333M(12288M) 35.561ms
[2025-01-08T20:16:29.027+0000][172259.393s][info][gc,cpu      ] GC(5220) User=0.21s Sys=0.00s Real=0.03s
[2025-01-08T20:16:29.027+0000][172259.393s][info][gc          ] GC(5221) Concurrent Mark Cycle
[2025-01-08T20:16:29.027+0000][172259.393s][info][gc,marking  ] GC(5221) Concurrent Clear Claimed Marks
[2025-01-08T20:16:29.028+0000][172259.394s][info][gc,marking  ] GC(5221) Concurrent Clear Claimed Marks 0.883ms
[2025-01-08T20:16:29.028+0000][172259.394s][info][gc,marking  ] GC(5221) Concurrent Scan Root Regions
[2025-01-08T20:16:29.048+0000][172259.415s][info][gc,marking  ] GC(5221) Concurrent Scan Root Regions 20.936ms
[2025-01-08T20:16:29.048+0000][172259.415s][info][gc,marking  ] GC(5221) Concurrent Mark
[2025-01-08T20:16:29.048+0000][172259.415s][info][gc,marking  ] GC(5221) Concurrent Mark From Roots
[2025-01-08T20:16:29.049+0000][172259.415s][info][gc,task     ] GC(5221) Using 2 workers of 2 for marking
[2025-01-08T20:16:29.817+0000][172260.183s][info][gc,marking  ] GC(5221) Concurrent Mark From Roots 768.200ms
[2025-01-08T20:16:29.817+0000][172260.183s][info][gc,marking  ] GC(5221) Concurrent Preclean
[2025-01-08T20:16:29.819+0000][172260.185s][info][gc,marking  ] GC(5221) Concurrent Preclean 2.606ms
[2025-01-08T20:16:29.819+0000][172260.186s][info][gc,start    ] GC(5221) Pause Remark
[2025-01-08T20:16:29.845+0000][172260.211s][info][gc          ] GC(5221) Pause Remark 2565M->2565M(12288M) 25.122ms
[2025-01-08T20:16:29.845+0000][172260.211s][info][gc,cpu      ] GC(5221) User=0.15s Sys=0.00s Real=0.03s
[2025-01-08T20:16:29.845+0000][172260.211s][info][gc,marking  ] GC(5221) Concurrent Mark 796.239ms
[2025-01-08T20:16:29.845+0000][172260.211s][info][gc,marking  ] GC(5221) Concurrent Rebuild Remembered Sets
[2025-01-08T20:16:30.409+0000][172260.775s][info][gc,marking  ] GC(5221) Concurrent Rebuild Remembered Sets 564.348ms
[2025-01-08T20:16:30.409+0000][172260.775s][info][gc,start    ] GC(5221) Pause Cleanup
[2025-01-08T20:16:30.410+0000][172260.776s][info][gc          ] GC(5221) Pause Cleanup 3105M->3105M(12288M) 0.428ms
[2025-01-08T20:16:30.410+0000][172260.776s][info][gc,cpu      ] GC(5221) User=0.00s Sys=0.00s Real=0.01s
[2025-01-08T20:16:30.410+0000][172260.776s][info][gc,marking  ] GC(5221) Concurrent Cleanup for Next Mark
[2025-01-08T20:16:30.425+0000][172260.791s][info][gc,marking  ] GC(5221) Concurrent Cleanup for Next Mark 15.370ms
[2025-01-08T20:16:30.425+0000][172260.791s][info][gc          ] GC(5221) Concurrent Mark Cycle 1398.561ms
[2025-01-08T20:16:36.950+0000][172267.316s][info][gc,start    ] GC(5222) Pause Young (Prepare Mixed) (G1 Evacuation Pause)
[2025-01-08T20:16:36.950+0000][172267.316s][info][gc,task     ] GC(5222) Using 6 workers of 6 for evacuation
[2025-01-08T20:16:36.988+0000][172267.354s][info][gc,phases   ] GC(5222)   Pre Evacuate Collection Set: 0.2ms
[2025-01-08T20:16:36.988+0000][172267.354s][info][gc,phases   ] GC(5222)   Merge Heap Roots: 0.7ms
[2025-01-08T20:16:36.988+0000][172267.354s][info][gc,phases   ] GC(5222)   Evacuate Collection Set: 35.0ms
[2025-01-08T20:16:36.988+0000][172267.354s][info][gc,phases   ] GC(5222)   Post Evacuate Collection Set: 2.7ms
[2025-01-08T20:16:36.988+0000][172267.354s][info][gc,phases   ] GC(5222)   Other: 0.2ms
[2025-01-08T20:16:36.988+0000][172267.354s][info][gc,heap     ] GC(5222) Eden regions: 913->0(66)
[2025-01-08T20:16:36.988+0000][172267.354s][info][gc,heap     ] GC(5222) Survivor regions: 8->10(116)
[2025-01-08T20:16:36.988+0000][172267.354s][info][gc,heap     ] GC(5222) Old regions: 234->234
[2025-01-08T20:16:36.988+0000][172267.354s][info][gc,heap     ] GC(5222) Archive regions: 2->2
[2025-01-08T20:16:36.988+0000][172267.354s][info][gc,heap     ] GC(5222) Humongous regions: 49->49
[2025-01-08T20:16:36.988+0000][172267.354s][info][gc,metaspace] GC(5222) Metaspace: 523616K(533760K)->523616K(533760K) NonClass: 459772K(465024K)->459772K(465024K) Class: 63844K(68736K)->63844K(68736K)
[2025-01-08T20:16:36.988+0000][172267.354s][info][gc          ] GC(5222) Pause Young (Prepare Mixed) (G1 Evacuation Pause) 9637M->2347M(12288M) 38.818ms
[2025-01-08T20:16:36.988+0000][172267.354s][info][gc,cpu      ] GC(5222) User=0.22s Sys=0.00s Real=0.03s
[2025-01-08T20:16:37.325+0000][172267.691s][info][gc,start    ] GC(5223) Pause Young (Mixed) (G1 Evacuation Pause)
[2025-01-08T20:16:37.325+0000][172267.691s][info][gc,task     ] GC(5223) Using 6 workers of 6 for evacuation
[2025-01-08T20:16:37.396+0000][172267.762s][info][gc,phases   ] GC(5223)   Pre Evacuate Collection Set: 0.2ms
[2025-01-08T20:16:37.396+0000][172267.762s][info][gc,phases   ] GC(5223)   Merge Heap Roots: 0.8ms
[2025-01-08T20:16:37.396+0000][172267.762s][info][gc,phases   ] GC(5223)   Evacuate Collection Set: 68.0ms
[2025-01-08T20:16:37.396+0000][172267.762s][info][gc,phases   ] GC(5223)   Post Evacuate Collection Set: 1.9ms
[2025-01-08T20:16:37.396+0000][172267.762s][info][gc,phases   ] GC(5223)   Other: 0.2ms
[2025-01-08T20:16:37.396+0000][172267.762s][info][gc,heap     ] GC(5223) Eden regions: 66->0(916)
[2025-01-08T20:16:37.396+0000][172267.762s][info][gc,heap     ] GC(5223) Survivor regions: 10->5(10)
[2025-01-08T20:16:37.396+0000][172267.762s][info][gc,heap     ] GC(5223) Old regions: 234->235
[2025-01-08T20:16:37.396+0000][172267.762s][info][gc,heap     ] GC(5223) Archive regions: 2->2
[2025-01-08T20:16:37.396+0000][172267.762s][info][gc,heap     ] GC(5223) Humongous regions: 49->49
[2025-01-08T20:16:37.396+0000][172267.762s][info][gc,metaspace] GC(5223) Metaspace: 523616K(533760K)->523616K(533760K) NonClass: 459772K(465024K)->459772K(465024K) Class: 63844K(68736K)->63844K(68736K)
[2025-01-08T20:16:37.396+0000][172267.762s][info][gc          ] GC(5223) Pause Young (Mixed) (G1 Evacuation Pause) 2875M->2306M(12288M) 71.109ms
[2025-01-08T20:16:37.396+0000][172267.762s][info][gc,cpu      ] GC(5223) User=0.42s Sys=0.00s Real=0.07s
[2025-01-08T20:16:45.659+0000][172276.025s][info][gc,start    ] GC(5224) Pause Young (Normal) (G1 Evacuation Pause)
[2025-01-08T20:16:45.659+0000][172276.025s][info][gc,task     ] GC(5224) Using 6 workers of 6 for evacuation
[2025-01-08T20:16:45.688+0000][172276.054s][info][gc,phases   ] GC(5224)   Pre Evacuate Collection Set: 0.2ms
[2025-01-08T20:16:45.688+0000][172276.054s][info][gc,phases   ] GC(5224)   Merge Heap Roots: 0.4ms
[2025-01-08T20:16:45.688+0000][172276.054s][info][gc,phases   ] GC(5224)   Evacuate Collection Set: 22.8ms
[2025-01-08T20:16:45.688+0000][172276.054s][info][gc,phases   ] GC(5224)   Post Evacuate Collection Set: 5.6ms
[2025-01-08T20:16:45.688+0000][172276.054s][info][gc,phases   ] GC(5224)   Other: 0.2ms
[2025-01-08T20:16:45.688+0000][172276.054s][info][gc,heap     ] GC(5224) Eden regions: 916->0(914)
[2025-01-08T20:16:45.688+0000][172276.054s][info][gc,heap     ] GC(5224) Survivor regions: 5->7(116)
[2025-01-08T20:16:45.688+0000][172276.054s][info][gc,heap     ] GC(5224) Old regions: 235->235
[2025-01-08T20:16:45.688+0000][172276.054s][info][gc,heap     ] GC(5224) Archive regions: 2->2
[2025-01-08T20:16:45.688+0000][172276.054s][info][gc,heap     ] GC(5224) Humongous regions: 49->49
[2025-01-08T20:16:45.688+0000][172276.054s][info][gc,metaspace] GC(5224) Metaspace: 523616K(533760K)->523616K(533760K) NonClass: 459772K(465024K)->459772K(465024K) Class: 63844K(68736K)->63844K(68736K)
[2025-01-08T20:16:45.688+0000][172276.054s][info][gc          ] GC(5224) Pause Young (Normal) (G1 Evacuation Pause) 9634M->2324M(12288M) 29.294ms
[2025-01-08T20:16:45.688+0000][172276.054s][info][gc,cpu      ] GC(5224) User=0.17s Sys=0.00s Real=0.03s
[2025-01-08T20:16:56.708+0000][172287.074s][info][gc,start    ] GC(5225) Pause Young (Normal) (G1 Evacuation Pause)
[2025-01-08T20:16:56.708+0000][172287.074s][info][gc,task     ] GC(5225) Using 6 workers of 6 for evacuation
[2025-01-08T20:16:56.737+0000][172287.103s][info][gc,phases   ] GC(5225)   Pre Evacuate Collection Set: 0.2ms
[2025-01-08T20:16:56.737+0000][172287.103s][info][gc,phases   ] GC(5225)   Merge Heap Roots: 0.4ms
[2025-01-08T20:16:56.737+0000][172287.103s][info][gc,phases   ] GC(5225)   Evacuate Collection Set: 25.4ms
[2025-01-08T20:16:56.737+0000][172287.103s][info][gc,phases   ] GC(5225)   Post Evacuate Collection Set: 2.7ms
[2025-01-08T20:16:56.737+0000][172287.103s][info][gc,phases   ] GC(5225)   Other: 0.2ms
[2025-01-08T20:16:56.737+0000][172287.103s][info][gc,heap     ] GC(5225) Eden regions: 914->0(914)
[2025-01-08T20:16:56.737+0000][172287.103s][info][gc,heap     ] GC(5225) Survivor regions: 7->7(116)
[2025-01-08T20:16:56.737+0000][172287.103s][info][gc,heap     ] GC(5225) Old regions: 235->235
[2025-01-08T20:16:56.737+0000][172287.103s][info][gc,heap     ] GC(5225) Archive regions: 2->2
[2025-01-08T20:16:56.737+0000][172287.103s][info][gc,heap     ] GC(5225) Humongous regions: 49->49
[2025-01-08T20:16:56.737+0000][172287.103s][info][gc,metaspace] GC(5225) Metaspace: 523617K(533760K)->523617K(533760K) NonClass: 459773K(465024K)->459773K(465024K) Class: 63844K(68736K)->63844K(68736K)
[2025-01-08T20:16:56.737+0000][172287.103s][info][gc          ] GC(5225) Pause Young (Normal) (G1 Evacuation Pause) 9636M->2324M(12288M) 28.947ms
[2025-01-08T20:16:56.737+0000][172287.103s][info][gc,cpu      ] GC(5225) User=0.17s Sys=0.00s Real=0.03s
[2025-01-08T20:17:04.615+0000][172294.981s][info][gc,start    ] GC(5226) Pause Young (Concurrent Start) (G1 Evacuation Pause)
[2025-01-08T20:17:04.615+0000][172294.981s][info][gc,task     ] GC(5226) Using 6 workers of 6 for evacuation
[2025-01-08T20:17:04.650+0000][172295.016s][info][gc,phases   ] GC(5226)   Pre Evacuate Collection Set: 1.2ms
[2025-01-08T20:17:04.650+0000][172295.016s][info][gc,phases   ] GC(5226)   Merge Heap Roots: 0.5ms
[2025-01-08T20:17:04.650+0000][172295.016s][info][gc,phases   ] GC(5226)   Evacuate Collection Set: 29.1ms
[2025-01-08T20:17:04.650+0000][172295.016s][info][gc,phases   ] GC(5226)   Post Evacuate Collection Set: 3.9ms
[2025-01-08T20:17:04.650+0000][172295.016s][info][gc,phases   ] GC(5226)   Other: 0.3ms
[2025-01-08T20:17:04.650+0000][172295.016s][info][gc,heap     ] GC(5226) Eden regions: 914->0(912)
[2025-01-08T20:17:04.650+0000][172295.016s][info][gc,heap     ] GC(5226) Survivor regions: 7->9(116)
[2025-01-08T20:17:04.650+0000][172295.016s][info][gc,heap     ] GC(5226) Old regions: 235->235
[2025-01-08T20:17:04.650+0000][172295.016s][info][gc,heap     ] GC(5226) Archive regions: 2->2
[2025-01-08T20:17:04.650+0000][172295.016s][info][gc,heap     ] GC(5226) Humongous regions: 49->49
[2025-01-08T20:17:04.650+0000][172295.016s][info][gc,metaspace] GC(5226) Metaspace: 523617K(533760K)->523617K(533760K) NonClass: 459773K(465024K)->459773K(465024K) Class: 63844K(68736K)->63844K(68736K)
[2025-01-08T20:17:04.650+0000][172295.016s][info][gc          ] GC(5226) Pause Young (Concurrent Start) (G1 Evacuation Pause) 9636M->2342M(12288M) 35.044ms
[2025-01-08T20:17:04.650+0000][172295.016s][info][gc,cpu      ] GC(5226) User=0.20s Sys=0.00s Real=0.04s
[2025-01-08T20:17:04.650+0000][172295.016s][info][gc          ] GC(5227) Concurrent Mark Cycle
[2025-01-08T20:17:04.650+0000][172295.016s][info][gc,marking  ] GC(5227) Concurrent Clear Claimed Marks
[2025-01-08T20:17:04.651+0000][172295.017s][info][gc,marking  ] GC(5227) Concurrent Clear Claimed Marks 0.871ms
[2025-01-08T20:17:04.651+0000][172295.017s][info][gc,marking  ] GC(5227) Concurrent Scan Root Regions
[2025-01-08T20:17:04.676+0000][172295.042s][info][gc,marking  ] GC(5227) Concurrent Scan Root Regions 24.986ms
[2025-01-08T20:17:04.676+0000][172295.042s][info][gc,marking  ] GC(5227) Concurrent Mark
[2025-01-08T20:17:04.676+0000][172295.042s][info][gc,marking  ] GC(5227) Concurrent Mark From Roots
[2025-01-08T20:17:04.676+0000][172295.042s][info][gc,task     ] GC(5227) Using 2 workers of 2 for marking
[2025-01-08T20:17:05.489+0000][172295.855s][info][gc,marking  ] GC(5227) Concurrent Mark From Roots 813.277ms
[2025-01-08T20:17:05.489+0000][172295.855s][info][gc,marking  ] GC(5227) Concurrent Preclean
[2025-01-08T20:17:05.492+0000][172295.858s][info][gc,marking  ] GC(5227) Concurrent Preclean 2.494ms
[2025-01-08T20:17:05.492+0000][172295.858s][info][gc,start    ] GC(5227) Pause Remark
[2025-01-08T20:17:05.518+0000][172295.884s][info][gc          ] GC(5227) Pause Remark 3074M->3074M(12288M) 25.632ms
[2025-01-08T20:17:05.518+0000][172295.884s][info][gc,cpu      ] GC(5227) User=0.14s Sys=0.01s Real=0.02s
[2025-01-08T20:17:05.518+0000][172295.884s][info][gc,marking  ] GC(5227) Concurrent Mark 841.728ms
[2025-01-08T20:17:05.518+0000][172295.884s][info][gc,marking  ] GC(5227) Concurrent Rebuild Remembered Sets
[2025-01-08T20:17:06.058+0000][172296.424s][info][gc,marking  ] GC(5227) Concurrent Rebuild Remembered Sets 540.673ms
[2025-01-08T20:17:06.058+0000][172296.425s][info][gc,start    ] GC(5227) Pause Cleanup
[2025-01-08T20:17:06.059+0000][172296.425s][info][gc          ] GC(5227) Pause Cleanup 3618M->3618M(12288M) 0.412ms
[2025-01-08T20:17:06.059+0000][172296.425s][info][gc,cpu      ] GC(5227) User=0.00s Sys=0.00s Real=0.00s
[2025-01-08T20:17:06.059+0000][172296.425s][info][gc,marking  ] GC(5227) Concurrent Cleanup for Next Mark
[2025-01-08T20:17:06.087+0000][172296.454s][info][gc,marking  ] GC(5227) Concurrent Cleanup for Next Mark 28.464ms
[2025-01-08T20:17:06.088+0000][172296.454s][info][gc          ] GC(5227) Concurrent Mark Cycle 1437.519ms
[2025-01-08T20:17:12.476+0000][172302.842s][info][gc,start    ] GC(5228) Pause Young (Prepare Mixed) (G1 Evacuation Pause)
[2025-01-08T20:17:12.476+0000][172302.842s][info][gc,task     ] GC(5228) Using 6 workers of 6 for evacuation
[2025-01-08T20:17:12.518+0000][172302.884s][info][gc,phases   ] GC(5228)   Pre Evacuate Collection Set: 0.2ms
[2025-01-08T20:17:12.518+0000][172302.884s][info][gc,phases   ] GC(5228)   Merge Heap Roots: 0.7ms
[2025-01-08T20:17:12.518+0000][172302.884s][info][gc,phases   ] GC(5228)   Evacuate Collection Set: 37.8ms
[2025-01-08T20:17:12.518+0000][172302.884s][info][gc,phases   ] GC(5228)   Post Evacuate Collection Set: 2.8ms
[2025-01-08T20:17:12.518+0000][172302.884s][info][gc,phases   ] GC(5228)   Other: 0.2ms
[2025-01-08T20:17:12.518+0000][172302.884s][info][gc,heap     ] GC(5228) Eden regions: 912->0(66)
[2025-01-08T20:17:12.518+0000][172302.884s][info][gc,heap     ] GC(5228) Survivor regions: 9->10(116)
[2025-01-08T20:17:12.518+0000][172302.884s][info][gc,heap     ] GC(5228) Old regions: 235->235
[2025-01-08T20:17:12.518+0000][172302.884s][info][gc,heap     ] GC(5228) Archive regions: 2->2
[2025-01-08T20:17:12.518+0000][172302.884s][info][gc,heap     ] GC(5228) Humongous regions: 49->49
[2025-01-08T20:17:12.518+0000][172302.884s][info][gc,metaspace] GC(5228) Metaspace: 523619K(533760K)->523619K(533760K) NonClass: 459775K(465024K)->459775K(465024K) Class: 63844K(68736K)->63844K(68736K)
[2025-01-08T20:17:12.518+0000][172302.884s][info][gc          ] GC(5228) Pause Young (Prepare Mixed) (G1 Evacuation Pause) 9638M->2350M(12288M) 41.813ms
[2025-01-08T20:17:12.518+0000][172302.884s][info][gc,cpu      ] GC(5228) User=0.25s Sys=0.01s Real=0.04s
[2025-01-08T20:17:12.989+0000][172303.356s][info][gc,start    ] GC(5229) Pause Young (Mixed) (G1 Evacuation Pause)
[2025-01-08T20:17:12.989+0000][172303.356s][info][gc,task     ] GC(5229) Using 6 workers of 6 for evacuation
[2025-01-08T20:17:13.052+0000][172303.418s][info][gc,phases   ] GC(5229)   Pre Evacuate Collection Set: 0.2ms
[2025-01-08T20:17:13.052+0000][172303.419s][info][gc,phases   ] GC(5229)   Merge Heap Roots: 0.7ms
[2025-01-08T20:17:13.052+0000][172303.419s][info][gc,phases   ] GC(5229)   Evacuate Collection Set: 60.2ms
[2025-01-08T20:17:13.052+0000][172303.419s][info][gc,phases   ] GC(5229)   Post Evacuate Collection Set: 1.7ms
[2025-01-08T20:17:13.052+0000][172303.419s][info][gc,phases   ] GC(5229)   Other: 0.2ms
[2025-01-08T20:17:13.052+0000][172303.419s][info][gc,heap     ] GC(5229) Eden regions: 66->0(915)
[2025-01-08T20:17:13.052+0000][172303.419s][info][gc,heap     ] GC(5229) Survivor regions: 10->6(10)
[2025-01-08T20:17:13.052+0000][172303.419s][info][gc,heap     ] GC(5229) Old regions: 235->235
[2025-01-08T20:17:13.052+0000][172303.419s][info][gc,heap     ] GC(5229) Archive regions: 2->2
[2025-01-08T20:17:13.052+0000][172303.419s][info][gc,heap     ] GC(5229) Humongous regions: 49->49
[2025-01-08T20:17:13.052+0000][172303.419s][info][gc,metaspace] GC(5229) Metaspace: 523619K(533760K)->523619K(533760K) NonClass: 459775K(465024K)->459775K(465024K) Class: 63844K(68736K)->63844K(68736K)
[2025-01-08T20:17:13.052+0000][172303.419s][info][gc          ] GC(5229) Pause Young (Mixed) (G1 Evacuation Pause) 2878M->2320M(12288M) 63.094ms
[2025-01-08T20:17:13.053+0000][172303.419s][info][gc,cpu      ] GC(5229) User=0.36s Sys=0.01s Real=0.07s
[2025-01-08T20:17:20.217+0000][172310.583s][info][gc,start    ] GC(5230) Pause Young (Normal) (G1 Evacuation Pause)
[2025-01-08T20:17:20.217+0000][172310.583s][info][gc,task     ] GC(5230) Using 6 workers of 6 for evacuation
[2025-01-08T20:17:20.245+0000][172310.611s][info][gc,phases   ] GC(5230)   Pre Evacuate Collection Set: 0.2ms
[2025-01-08T20:17:20.245+0000][172310.611s][info][gc,phases   ] GC(5230)   Merge Heap Roots: 0.4ms
[2025-01-08T20:17:20.245+0000][172310.611s][info][gc,phases   ] GC(5230)   Evacuate Collection Set: 24.0ms
[2025-01-08T20:17:20.245+0000][172310.611s][info][gc,phases   ] GC(5230)   Post Evacuate Collection Set: 2.5ms
[2025-01-08T20:17:20.245+0000][172310.611s][info][gc,phases   ] GC(5230)   Other: 0.2ms
[2025-01-08T20:17:20.245+0000][172310.611s][info][gc,heap     ] GC(5230) Eden regions: 915->0(914)
[2025-01-08T20:17:20.245+0000][172310.611s][info][gc,heap     ] GC(5230) Survivor regions: 6->7(116)
[2025-01-08T20:17:20.245+0000][172310.611s][info][gc,heap     ] GC(5230) Old regions: 235->235
[2025-01-08T20:17:20.245+0000][172310.611s][info][gc,heap     ] GC(5230) Archive regions: 2->2
[2025-01-08T20:17:20.245+0000][172310.611s][info][gc,heap     ] GC(5230) Humongous regions: 49->49
[2025-01-08T20:17:20.245+0000][172310.611s][info][gc,metaspace] GC(5230) Metaspace: 523619K(533760K)->523619K(533760K) NonClass: 459775K(465024K)->459775K(465024K) Class: 63844K(68736K)->63844K(68736K)
[2025-01-08T20:17:20.245+0000][172310.611s][info][gc          ] GC(5230) Pause Young (Normal) (G1 Evacuation Pause) 9640M->2324M(12288M) 27.488ms
[2025-01-08T20:17:20.245+0000][172310.611s][info][gc,cpu      ] GC(5230) User=0.15s Sys=0.01s Real=0.03s
[2025-01-08T20:17:26.845+0000][172317.211s][info][gc,start    ] GC(5231) Pause Young (Normal) (G1 Evacuation Pause)
[2025-01-08T20:17:26.845+0000][172317.211s][info][gc,task     ] GC(5231) Using 6 workers of 6 for evacuation
[2025-01-08T20:17:26.876+0000][172317.242s][info][gc,phases   ] GC(5231)   Pre Evacuate Collection Set: 0.2ms
[2025-01-08T20:17:26.876+0000][172317.242s][info][gc,phases   ] GC(5231)   Merge Heap Roots: 0.4ms
[2025-01-08T20:17:26.876+0000][172317.242s][info][gc,phases   ] GC(5231)   Evacuate Collection Set: 27.7ms
[2025-01-08T20:17:26.876+0000][172317.242s][info][gc,phases   ] GC(5231)   Post Evacuate Collection Set: 2.5ms
[2025-01-08T20:17:26.876+0000][172317.242s][info][gc,phases   ] GC(5231)   Other: 0.2ms
[2025-01-08T20:17:26.876+0000][172317.242s][info][gc,heap     ] GC(5231) Eden regions: 914->0(913)
[2025-01-08T20:17:26.876+0000][172317.242s][info][gc,heap     ] GC(5231) Survivor regions: 7->8(116)
[2025-01-08T20:17:26.876+0000][172317.242s][info][gc,heap     ] GC(5231) Old regions: 235->235
[2025-01-08T20:17:26.876+0000][172317.242s][info][gc,heap     ] GC(5231) Archive regions: 2->2
[2025-01-08T20:17:26.876+0000][172317.242s][info][gc,heap     ] GC(5231) Humongous regions: 49->49
[2025-01-08T20:17:26.876+0000][172317.242s][info][gc,metaspace] GC(5231) Metaspace: 523619K(533760K)->523619K(533760K) NonClass: 459775K(465024K)->459775K(465024K) Class: 63844K(68736K)->63844K(68736K)
[2025-01-08T20:17:26.876+0000][172317.243s][info][gc          ] GC(5231) Pause Young (Normal) (G1 Evacuation Pause) 9636M->2331M(12288M) 31.109ms
[2025-01-08T20:17:26.876+0000][172317.243s][info][gc,cpu      ] GC(5231) User=0.18s Sys=0.00s Real=0.03s
[2025-01-08T20:17:31.210+0000][172321.576s][info][gc,start    ] GC(5232) Pause Young (Concurrent Start) (G1 Evacuation Pause)
[2025-01-08T20:17:31.210+0000][172321.576s][info][gc,task     ] GC(5232) Using 6 workers of 6 for evacuation
[2025-01-08T20:17:31.240+0000][172321.606s][info][gc,phases   ] GC(5232)   Pre Evacuate Collection Set: 1.1ms
[2025-01-08T20:17:31.240+0000][172321.606s][info][gc,phases   ] GC(5232)   Merge Heap Roots: 0.4ms
[2025-01-08T20:17:31.240+0000][172321.606s][info][gc,phases   ] GC(5232)   Evacuate Collection Set: 25.9ms
[2025-01-08T20:17:31.240+0000][172321.606s][info][gc,phases   ] GC(5232)   Post Evacuate Collection Set: 2.4ms
[2025-01-08T20:17:31.240+0000][172321.606s][info][gc,phases   ] GC(5232)   Other: 0.3ms
[2025-01-08T20:17:31.240+0000][172321.606s][info][gc,heap     ] GC(5232) Eden regions: 913->0(913)
[2025-01-08T20:17:31.240+0000][172321.606s][info][gc,heap     ] GC(5232) Survivor regions: 8->8(116)
[2025-01-08T20:17:31.240+0000][172321.606s][info][gc,heap     ] GC(5232) Old regions: 235->235
[2025-01-08T20:17:31.240+0000][172321.606s][info][gc,heap     ] GC(5232) Archive regions: 2->2
[2025-01-08T20:17:31.240+0000][172321.606s][info][gc,heap     ] GC(5232) Humongous regions: 49->49
[2025-01-08T20:17:31.240+0000][172321.606s][info][gc,metaspace] GC(5232) Metaspace: 523619K(533760K)->523619K(533760K) NonClass: 459775K(465024K)->459775K(465024K) Class: 63844K(68736K)->63844K(68736K)
[2025-01-08T20:17:31.240+0000][172321.606s][info][gc          ] GC(5232) Pause Young (Concurrent Start) (G1 Evacuation Pause) 9635M->2336M(12288M) 30.144ms
[2025-01-08T20:17:31.240+0000][172321.606s][info][gc,cpu      ] GC(5232) User=0.17s Sys=0.00s Real=0.02s
[2025-01-08T20:17:31.240+0000][172321.606s][info][gc          ] GC(5233) Concurrent Mark Cycle
[2025-01-08T20:17:31.240+0000][172321.606s][info][gc,marking  ] GC(5233) Concurrent Clear Claimed Marks
[2025-01-08T20:17:31.241+0000][172321.607s][info][gc,marking  ] GC(5233) Concurrent Clear Claimed Marks 0.892ms
[2025-01-08T20:17:31.241+0000][172321.607s][info][gc,marking  ] GC(5233) Concurrent Scan Root Regions
[2025-01-08T20:17:31.263+0000][172321.629s][info][gc,marking  ] GC(5233) Concurrent Scan Root Regions 21.965ms
[2025-01-08T20:17:31.263+0000][172321.629s][info][gc,marking  ] GC(5233) Concurrent Mark
[2025-01-08T20:17:31.263+0000][172321.629s][info][gc,marking  ] GC(5233) Concurrent Mark From Roots
[2025-01-08T20:17:31.263+0000][172321.629s][info][gc,task     ] GC(5233) Using 2 workers of 2 for marking
[2025-01-08T20:17:32.044+0000][172322.410s][info][gc,marking  ] GC(5233) Concurrent Mark From Roots 780.775ms
[2025-01-08T20:17:32.044+0000][172322.410s][info][gc,marking  ] GC(5233) Concurrent Preclean
[2025-01-08T20:17:32.046+0000][172322.413s][info][gc,marking  ] GC(5233) Concurrent Preclean 2.525ms
[2025-01-08T20:17:32.047+0000][172322.413s][info][gc,start    ] GC(5233) Pause Remark
[2025-01-08T20:17:32.072+0000][172322.438s][info][gc          ] GC(5233) Pause Remark 3300M->3300M(12288M) 25.203ms
[2025-01-08T20:17:32.072+0000][172322.438s][info][gc,cpu      ] GC(5233) User=0.14s Sys=0.00s Real=0.03s
[2025-01-08T20:17:32.072+0000][172322.438s][info][gc,marking  ] GC(5233) Concurrent Mark 808.890ms
[2025-01-08T20:17:32.072+0000][172322.438s][info][gc,marking  ] GC(5233) Concurrent Rebuild Remembered Sets
[2025-01-08T20:17:32.650+0000][172323.016s][info][gc,marking  ] GC(5233) Concurrent Rebuild Remembered Sets 577.557ms
[2025-01-08T20:17:32.650+0000][172323.016s][info][gc,start    ] GC(5233) Pause Cleanup
[2025-01-08T20:17:32.650+0000][172323.016s][info][gc          ] GC(5233) Pause Cleanup 3968M->3968M(12288M) 0.400ms
[2025-01-08T20:17:32.650+0000][172323.016s][info][gc,cpu      ] GC(5233) User=0.00s Sys=0.00s Real=0.00s
[2025-01-08T20:17:32.650+0000][172323.016s][info][gc,marking  ] GC(5233) Concurrent Cleanup for Next Mark
[2025-01-08T20:17:32.666+0000][172323.032s][info][gc,marking  ] GC(5233) Concurrent Cleanup for Next Mark 15.936ms
[2025-01-08T20:17:32.666+0000][172323.032s][info][gc          ] GC(5233) Concurrent Mark Cycle 1426.045ms
[2025-01-08T20:17:36.760+0000][172327.127s][info][gc,start    ] GC(5234) Pause Young (Prepare Mixed) (G1 Evacuation Pause)
[2025-01-08T20:17:36.760+0000][172327.127s][info][gc,task     ] GC(5234) Using 6 workers of 6 for evacuation
[2025-01-08T20:17:36.797+0000][172327.163s][info][gc,phases   ] GC(5234)   Pre Evacuate Collection Set: 0.2ms
[2025-01-08T20:17:36.797+0000][172327.163s][info][gc,phases   ] GC(5234)   Merge Heap Roots: 0.7ms
[2025-01-08T20:17:36.797+0000][172327.163s][info][gc,phases   ] GC(5234)   Evacuate Collection Set: 32.5ms
[2025-01-08T20:17:36.797+0000][172327.163s][info][gc,phases   ] GC(5234)   Post Evacuate Collection Set: 2.7ms
[2025-01-08T20:17:36.797+0000][172327.163s][info][gc,phases   ] GC(5234)   Other: 0.2ms
[2025-01-08T20:17:36.797+0000][172327.163s][info][gc,heap     ] GC(5234) Eden regions: 913->0(67)
[2025-01-08T20:17:36.797+0000][172327.163s][info][gc,heap     ] GC(5234) Survivor regions: 8->9(116)
[2025-01-08T20:17:36.797+0000][172327.163s][info][gc,heap     ] GC(5234) Old regions: 235->235
[2025-01-08T20:17:36.797+0000][172327.163s][info][gc,heap     ] GC(5234) Archive regions: 2->2
[2025-01-08T20:17:36.797+0000][172327.163s][info][gc,heap     ] GC(5234) Humongous regions: 49->49
[2025-01-08T20:17:36.797+0000][172327.163s][info][gc,metaspace] GC(5234) Metaspace: 523620K(533760K)->523620K(533760K) NonClass: 459776K(465024K)->459776K(465024K) Class: 63844K(68736K)->63844K(68736K)
[2025-01-08T20:17:36.797+0000][172327.163s][info][gc          ] GC(5234) Pause Young (Prepare Mixed) (G1 Evacuation Pause) 9640M->2343M(12288M) 36.346ms
[2025-01-08T20:17:36.797+0000][172327.163s][info][gc,cpu      ] GC(5234) User=0.21s Sys=0.00s Real=0.04s
[2025-01-08T20:17:37.443+0000][172327.810s][info][gc,start    ] GC(5235) Pause Young (Mixed) (G1 Evacuation Pause)
[2025-01-08T20:17:37.444+0000][172327.810s][info][gc,task     ] GC(5235) Using 6 workers of 6 for evacuation
[2025-01-08T20:17:37.514+0000][172327.880s][info][gc,phases   ] GC(5235)   Pre Evacuate Collection Set: 0.2ms
[2025-01-08T20:17:37.514+0000][172327.880s][info][gc,phases   ] GC(5235)   Merge Heap Roots: 0.8ms
[2025-01-08T20:17:37.514+0000][172327.880s][info][gc,phases   ] GC(5235)   Evacuate Collection Set: 67.6ms
[2025-01-08T20:17:37.514+0000][172327.880s][info][gc,phases   ] GC(5235)   Post Evacuate Collection Set: 1.9ms
[2025-01-08T20:17:37.514+0000][172327.880s][info][gc,phases   ] GC(5235)   Other: 0.2ms
[2025-01-08T20:17:37.514+0000][172327.880s][info][gc,heap     ] GC(5235) Eden regions: 67->0(915)
[2025-01-08T20:17:37.514+0000][172327.880s][info][gc,heap     ] GC(5235) Survivor regions: 9->6(10)
[2025-01-08T20:17:37.514+0000][172327.880s][info][gc,heap     ] GC(5235) Old regions: 235->234
[2025-01-08T20:17:37.514+0000][172327.880s][info][gc,heap     ] GC(5235) Archive regions: 2->2
[2025-01-08T20:17:37.514+0000][172327.880s][info][gc,heap     ] GC(5235) Humongous regions: 49->49
[2025-01-08T20:17:37.514+0000][172327.880s][info][gc,metaspace] GC(5235) Metaspace: 523620K(533760K)->523620K(533760K) NonClass: 459776K(465024K)->459776K(465024K) Class: 63844K(68736K)->63844K(68736K)
[2025-01-08T20:17:37.514+0000][172327.880s][info][gc          ] GC(5235) Pause Young (Mixed) (G1 Evacuation Pause) 2879M->2312M(12288M) 70.809ms
[2025-01-08T20:17:37.514+0000][172327.880s][info][gc,cpu      ] GC(5235) User=0.40s Sys=0.00s Real=0.07s
[2025-01-08T20:17:47.806+0000][172338.172s][info][gc,start    ] GC(5236) Pause Young (Normal) (G1 Evacuation Pause)
[2025-01-08T20:17:47.806+0000][172338.172s][info][gc,task     ] GC(5236) Using 6 workers of 6 for evacuation
[2025-01-08T20:17:47.839+0000][172338.205s][info][gc,phases   ] GC(5236)   Pre Evacuate Collection Set: 0.2ms
[2025-01-08T20:17:47.839+0000][172338.205s][info][gc,phases   ] GC(5236)   Merge Heap Roots: 0.5ms
[2025-01-08T20:17:47.839+0000][172338.205s][info][gc,phases   ] GC(5236)   Evacuate Collection Set: 26.4ms
[2025-01-08T20:17:47.839+0000][172338.205s][info][gc,phases   ] GC(5236)   Post Evacuate Collection Set: 5.3ms
[2025-01-08T20:17:47.839+0000][172338.205s][info][gc,phases   ] GC(5236)   Other: 0.2ms
[2025-01-08T20:17:47.839+0000][172338.205s][info][gc,heap     ] GC(5236) Eden regions: 915->0(912)
[2025-01-08T20:17:47.839+0000][172338.205s][info][gc,heap     ] GC(5236) Survivor regions: 6->9(116)
[2025-01-08T20:17:47.839+0000][172338.205s][info][gc,heap     ] GC(5236) Old regions: 234->234
[2025-01-08T20:17:47.839+0000][172338.205s][info][gc,heap     ] GC(5236) Archive regions: 2->2
[2025-01-08T20:17:47.839+0000][172338.205s][info][gc,heap     ] GC(5236) Humongous regions: 49->49
[2025-01-08T20:17:47.839+0000][172338.205s][info][gc,metaspace] GC(5236) Metaspace: 523622K(533760K)->523622K(533760K) NonClass: 459778K(465024K)->459778K(465024K) Class: 63844K(68736K)->63844K(68736K)
[2025-01-08T20:17:47.839+0000][172338.205s][info][gc          ] GC(5236) Pause Young (Normal) (G1 Evacuation Pause) 9632M->2333M(12288M) 32.647ms
[2025-01-08T20:17:47.839+0000][172338.205s][info][gc,cpu      ] GC(5236) User=0.19s Sys=0.00s Real=0.03s
[2025-01-08T20:17:57.017+0000][172347.383s][info][gc,start    ] GC(5237) Pause Young (Normal) (G1 Evacuation Pause)
[2025-01-08T20:17:57.017+0000][172347.383s][info][gc,task     ] GC(5237) Using 6 workers of 6 for evacuation
[2025-01-08T20:17:57.052+0000][172347.419s][info][gc,phases   ] GC(5237)   Pre Evacuate Collection Set: 0.2ms
[2025-01-08T20:17:57.052+0000][172347.419s][info][gc,phases   ] GC(5237)   Merge Heap Roots: 0.5ms
[2025-01-08T20:17:57.052+0000][172347.419s][info][gc,phases   ] GC(5237)   Evacuate Collection Set: 30.8ms
[2025-01-08T20:17:57.052+0000][172347.419s][info][gc,phases   ] GC(5237)   Post Evacuate Collection Set: 4.1ms
[2025-01-08T20:17:57.052+0000][172347.419s][info][gc,phases   ] GC(5237)   Other: 0.2ms
[2025-01-08T20:17:57.053+0000][172347.419s][info][gc,heap     ] GC(5237) Eden regions: 912->0(911)
[2025-01-08T20:17:57.053+0000][172347.419s][info][gc,heap     ] GC(5237) Survivor regions: 9->10(116)
[2025-01-08T20:17:57.053+0000][172347.419s][info][gc,heap     ] GC(5237) Old regions: 234->234
[2025-01-08T20:17:57.053+0000][172347.419s][info][gc,heap     ] GC(5237) Archive regions: 2->2
[2025-01-08T20:17:57.053+0000][172347.419s][info][gc,heap     ] GC(5237) Humongous regions: 49->49
[2025-01-08T20:17:57.053+0000][172347.419s][info][gc,metaspace] GC(5237) Metaspace: 523622K(533760K)->523622K(533760K) NonClass: 459778K(465024K)->459778K(465024K) Class: 63844K(68736K)->63844K(68736K)
[2025-01-08T20:17:57.053+0000][172347.419s][info][gc          ] GC(5237) Pause Young (Normal) (G1 Evacuation Pause) 9629M->2344M(12288M) 35.870ms
[2025-01-08T20:17:57.053+0000][172347.419s][info][gc,cpu      ] GC(5237) User=0.21s Sys=0.00s Real=0.04s
[2025-01-08T20:18:03.904+0000][172354.271s][info][gc,start    ] GC(5238) Pause Young (Concurrent Start) (G1 Evacuation Pause)
[2025-01-08T20:18:03.905+0000][172354.271s][info][gc,task     ] GC(5238) Using 6 workers of 6 for evacuation
[2025-01-08T20:18:03.942+0000][172354.308s][info][gc,phases   ] GC(5238)   Pre Evacuate Collection Set: 1.1ms
[2025-01-08T20:18:03.942+0000][172354.308s][info][gc,phases   ] GC(5238)   Merge Heap Roots: 0.5ms
[2025-01-08T20:18:03.942+0000][172354.308s][info][gc,phases   ] GC(5238)   Evacuate Collection Set: 33.3ms
[2025-01-08T20:18:03.942+0000][172354.308s][info][gc,phases   ] GC(5238)   Post Evacuate Collection Set: 2.5ms
[2025-01-08T20:18:03.942+0000][172354.308s][info][gc,phases   ] GC(5238)   Other: 0.3ms
[2025-01-08T20:18:03.942+0000][172354.308s][info][gc,heap     ] GC(5238) Eden regions: 911->0(910)
[2025-01-08T20:18:03.942+0000][172354.308s][info][gc,heap     ] GC(5238) Survivor regions: 10->11(116)
[2025-01-08T20:18:03.942+0000][172354.308s][info][gc,heap     ] GC(5238) Old regions: 234->234
[2025-01-08T20:18:03.942+0000][172354.308s][info][gc,heap     ] GC(5238) Archive regions: 2->2
[2025-01-08T20:18:03.942+0000][172354.308s][info][gc,heap     ] GC(5238) Humongous regions: 49->49
[2025-01-08T20:18:03.942+0000][172354.308s][info][gc,metaspace] GC(5238) Metaspace: 523622K(533760K)->523622K(533760K) NonClass: 459778K(465024K)->459778K(465024K) Class: 63844K(68736K)->63844K(68736K)
[2025-01-08T20:18:03.942+0000][172354.308s][info][gc          ] GC(5238) Pause Young (Concurrent Start) (G1 Evacuation Pause) 9632M->2349M(12288M) 37.878ms
[2025-01-08T20:18:03.942+0000][172354.309s][info][gc,cpu      ] GC(5238) User=0.22s Sys=0.00s Real=0.04s
[2025-01-08T20:18:03.942+0000][172354.309s][info][gc          ] GC(5239) Concurrent Mark Cycle
[2025-01-08T20:18:03.942+0000][172354.309s][info][gc,marking  ] GC(5239) Concurrent Clear Claimed Marks
[2025-01-08T20:18:03.943+0000][172354.310s][info][gc,marking  ] GC(5239) Concurrent Clear Claimed Marks 0.950ms
[2025-01-08T20:18:03.943+0000][172354.310s][info][gc,marking  ] GC(5239) Concurrent Scan Root Regions
[2025-01-08T20:18:03.975+0000][172354.341s][info][gc,marking  ] GC(5239) Concurrent Scan Root Regions 31.360ms
[2025-01-08T20:18:03.975+0000][172354.341s][info][gc,marking  ] GC(5239) Concurrent Mark
[2025-01-08T20:18:03.975+0000][172354.341s][info][gc,marking  ] GC(5239) Concurrent Mark From Roots
[2025-01-08T20:18:03.975+0000][172354.341s][info][gc,task     ] GC(5239) Using 2 workers of 2 for marking
[2025-01-08T20:18:04.787+0000][172355.154s][info][gc,marking  ] GC(5239) Concurrent Mark From Roots 812.597ms
[2025-01-08T20:18:04.787+0000][172355.154s][info][gc,marking  ] GC(5239) Concurrent Preclean
[2025-01-08T20:18:04.791+0000][172355.157s][info][gc,marking  ] GC(5239) Concurrent Preclean 3.656ms
[2025-01-08T20:18:04.791+0000][172355.157s][info][gc,start    ] GC(5239) Pause Remark
[2025-01-08T20:18:04.817+0000][172355.183s][info][gc          ] GC(5239) Pause Remark 3205M->3205M(12288M) 25.807ms
[2025-01-08T20:18:04.817+0000][172355.183s][info][gc,cpu      ] GC(5239) User=0.14s Sys=0.00s Real=0.02s
[2025-01-08T20:18:04.817+0000][172355.183s][info][gc,marking  ] GC(5239) Concurrent Mark 842.422ms
[2025-01-08T20:18:04.817+0000][172355.183s][info][gc,marking  ] GC(5239) Concurrent Rebuild Remembered Sets
[2025-01-08T20:18:05.319+0000][172355.685s][info][gc,marking  ] GC(5239) Concurrent Rebuild Remembered Sets 501.573ms
[2025-01-08T20:18:05.319+0000][172355.685s][info][gc,start    ] GC(5239) Pause Cleanup
[2025-01-08T20:18:05.319+0000][172355.686s][info][gc          ] GC(5239) Pause Cleanup 3505M->3505M(12288M) 0.458ms
[2025-01-08T20:18:05.320+0000][172355.686s][info][gc,cpu      ] GC(5239) User=0.00s Sys=0.00s Real=0.00s
[2025-01-08T20:18:05.320+0000][172355.686s][info][gc,marking  ] GC(5239) Concurrent Cleanup for Next Mark
[2025-01-08T20:18:05.335+0000][172355.701s][info][gc,marking  ] GC(5239) Concurrent Cleanup for Next Mark 15.425ms
[2025-01-08T20:18:05.335+0000][172355.701s][info][gc          ] GC(5239) Concurrent Mark Cycle 1392.599ms
[2025-01-08T20:18:15.223+0000][172365.589s][info][gc,start    ] GC(5240) Pause Young (Prepare Mixed) (G1 Evacuation Pause)
[2025-01-08T20:18:15.223+0000][172365.589s][info][gc,task     ] GC(5240) Using 6 workers of 6 for evacuation
[2025-01-08T20:18:15.265+0000][172365.631s][info][gc,phases   ] GC(5240)   Pre Evacuate Collection Set: 0.2ms
[2025-01-08T20:18:15.265+0000][172365.631s][info][gc,phases   ] GC(5240)   Merge Heap Roots: 0.7ms
[2025-01-08T20:18:15.265+0000][172365.631s][info][gc,phases   ] GC(5240)   Evacuate Collection Set: 38.0ms
[2025-01-08T20:18:15.265+0000][172365.631s][info][gc,phases   ] GC(5240)   Post Evacuate Collection Set: 2.8ms
[2025-01-08T20:18:15.265+0000][172365.631s][info][gc,phases   ] GC(5240)   Other: 0.2ms
[2025-01-08T20:18:15.265+0000][172365.631s][info][gc,heap     ] GC(5240) Eden regions: 910->0(63)
[2025-01-08T20:18:15.265+0000][172365.631s][info][gc,heap     ] GC(5240) Survivor regions: 11->13(116)
[2025-01-08T20:18:15.265+0000][172365.631s][info][gc,heap     ] GC(5240) Old regions: 234->234
[2025-01-08T20:18:15.265+0000][172365.631s][info][gc,heap     ] GC(5240) Archive regions: 2->2
[2025-01-08T20:18:15.265+0000][172365.631s][info][gc,heap     ] GC(5240) Humongous regions: 49->49
[2025-01-08T20:18:15.265+0000][172365.631s][info][gc,metaspace] GC(5240) Metaspace: 523622K(533760K)->523622K(533760K) NonClass: 459778K(465024K)->459778K(465024K) Class: 63844K(68736K)->63844K(68736K)
[2025-01-08T20:18:15.265+0000][172365.631s][info][gc          ] GC(5240) Pause Young (Prepare Mixed) (G1 Evacuation Pause) 9629M->2363M(12288M) 41.947ms
[2025-01-08T20:18:15.265+0000][172365.631s][info][gc,cpu      ] GC(5240) User=0.25s Sys=0.00s Real=0.04s
[2025-01-08T20:18:15.861+0000][172366.227s][info][gc,start    ] GC(5241) Pause Young (Mixed) (G1 Evacuation Pause)
[2025-01-08T20:18:15.861+0000][172366.227s][info][gc,task     ] GC(5241) Using 6 workers of 6 for evacuation
[2025-01-08T20:18:15.913+0000][172366.279s][info][gc,phases   ] GC(5241)   Pre Evacuate Collection Set: 0.2ms
[2025-01-08T20:18:15.913+0000][172366.279s][info][gc,phases   ] GC(5241)   Merge Heap Roots: 0.4ms
[2025-01-08T20:18:15.913+0000][172366.279s][info][gc,phases   ] GC(5241)   Evacuate Collection Set: 49.2ms
[2025-01-08T20:18:15.913+0000][172366.279s][info][gc,phases   ] GC(5241)   Post Evacuate Collection Set: 1.7ms
[2025-01-08T20:18:15.913+0000][172366.279s][info][gc,phases   ] GC(5241)   Other: 0.2ms
[2025-01-08T20:18:15.913+0000][172366.279s][info][gc,heap     ] GC(5241) Eden regions: 63->0(915)
[2025-01-08T20:18:15.913+0000][172366.279s][info][gc,heap     ] GC(5241) Survivor regions: 13->6(10)
[2025-01-08T20:18:15.913+0000][172366.279s][info][gc,heap     ] GC(5241) Old regions: 234->233
[2025-01-08T20:18:15.913+0000][172366.279s][info][gc,heap     ] GC(5241) Archive regions: 2->2
[2025-01-08T20:18:15.913+0000][172366.279s][info][gc,heap     ] GC(5241) Humongous regions: 49->49
[2025-01-08T20:18:15.913+0000][172366.279s][info][gc,metaspace] GC(5241) Metaspace: 523622K(533760K)->523622K(533760K) NonClass: 459778K(465024K)->459778K(465024K) Class: 63844K(68736K)->63844K(68736K)
[2025-01-08T20:18:15.913+0000][172366.279s][info][gc          ] GC(5241) Pause Young (Mixed) (G1 Evacuation Pause) 2867M->2304M(12288M) 51.872ms
[2025-01-08T20:18:15.913+0000][172366.279s][info][gc,cpu      ] GC(5241) User=0.31s Sys=0.00s Real=0.06s
[2025-01-08T20:18:26.258+0000][172376.624s][info][gc,start    ] GC(5242) Pause Young (Normal) (G1 Evacuation Pause)
[2025-01-08T20:18:26.258+0000][172376.624s][info][gc,task     ] GC(5242) Using 6 workers of 6 for evacuation
[2025-01-08T20:18:26.288+0000][172376.654s][info][gc,phases   ] GC(5242)   Pre Evacuate Collection Set: 0.2ms
[2025-01-08T20:18:26.288+0000][172376.654s][info][gc,phases   ] GC(5242)   Merge Heap Roots: 0.4ms
[2025-01-08T20:18:26.288+0000][172376.654s][info][gc,phases   ] GC(5242)   Evacuate Collection Set: 26.5ms
[2025-01-08T20:18:26.288+0000][172376.654s][info][gc,phases   ] GC(5242)   Post Evacuate Collection Set: 2.7ms
[2025-01-08T20:18:26.288+0000][172376.654s][info][gc,phases   ] GC(5242)   Other: 0.2ms
[2025-01-08T20:18:26.288+0000][172376.654s][info][gc,heap     ] GC(5242) Eden regions: 915->0(914)
[2025-01-08T20:18:26.288+0000][172376.654s][info][gc,heap     ] GC(5242) Survivor regions: 6->7(116)
[2025-01-08T20:18:26.288+0000][172376.654s][info][gc,heap     ] GC(5242) Old regions: 233->233
[2025-01-08T20:18:26.288+0000][172376.654s][info][gc,heap     ] GC(5242) Archive regions: 2->2
[2025-01-08T20:18:26.288+0000][172376.654s][info][gc,heap     ] GC(5242) Humongous regions: 49->49
[2025-01-08T20:18:26.288+0000][172376.654s][info][gc,metaspace] GC(5242) Metaspace: 523622K(533760K)->523622K(533760K) NonClass: 459778K(465024K)->459778K(465024K) Class: 63844K(68736K)->63844K(68736K)
[2025-01-08T20:18:26.288+0000][172376.654s][info][gc          ] GC(5242) Pause Young (Normal) (G1 Evacuation Pause) 9624M->2312M(12288M) 30.177ms
[2025-01-08T20:18:26.288+0000][172376.654s][info][gc,cpu      ] GC(5242) User=0.18s Sys=0.00s Real=0.03s
[2025-01-08T20:18:35.367+0000][172385.733s][info][gc,start    ] GC(5243) Pause Young (Normal) (G1 Evacuation Pause)
[2025-01-08T20:18:35.367+0000][172385.733s][info][gc,task     ] GC(5243) Using 6 workers of 6 for evacuation
[2025-01-08T20:18:35.401+0000][172385.767s][info][gc,phases   ] GC(5243)   Pre Evacuate Collection Set: 0.2ms
[2025-01-08T20:18:35.401+0000][172385.767s][info][gc,phases   ] GC(5243)   Merge Heap Roots: 0.4ms
[2025-01-08T20:18:35.401+0000][172385.767s][info][gc,phases   ] GC(5243)   Evacuate Collection Set: 28.7ms
[2025-01-08T20:18:35.401+0000][172385.767s][info][gc,phases   ] GC(5243)   Post Evacuate Collection Set: 5.3ms
[2025-01-08T20:18:35.401+0000][172385.767s][info][gc,phases   ] GC(5243)   Other: 0.2ms
[2025-01-08T20:18:35.401+0000][172385.768s][info][gc,heap     ] GC(5243) Eden regions: 914->0(911)
[2025-01-08T20:18:35.401+0000][172385.768s][info][gc,heap     ] GC(5243) Survivor regions: 7->10(116)
[2025-01-08T20:18:35.401+0000][172385.768s][info][gc,heap     ] GC(5243) Old regions: 233->233
[2025-01-08T20:18:35.401+0000][172385.768s][info][gc,heap     ] GC(5243) Archive regions: 2->2
[2025-01-08T20:18:35.401+0000][172385.768s][info][gc,heap     ] GC(5243) Humongous regions: 49->49
[2025-01-08T20:18:35.401+0000][172385.768s][info][gc,metaspace] GC(5243) Metaspace: 523622K(533760K)->523622K(533760K) NonClass: 459778K(465024K)->459778K(465024K) Class: 63844K(68736K)->63844K(68736K)
[2025-01-08T20:18:35.401+0000][172385.768s][info][gc          ] GC(5243) Pause Young (Normal) (G1 Evacuation Pause) 9624M->2336M(12288M) 34.973ms
[2025-01-08T20:18:35.402+0000][172385.768s][info][gc,cpu      ] GC(5243) User=0.21s Sys=0.00s Real=0.04s
[2025-01-08T20:18:44.384+0000][172394.750s][info][gc,start    ] GC(5244) Pause Young (Concurrent Start) (G1 Evacuation Pause)
[2025-01-08T20:18:44.384+0000][172394.750s][info][gc,task     ] GC(5244) Using 6 workers of 6 for evacuation
[2025-01-08T20:18:44.420+0000][172394.786s][info][gc,phases   ] GC(5244)   Pre Evacuate Collection Set: 1.3ms
[2025-01-08T20:18:44.420+0000][172394.786s][info][gc,phases   ] GC(5244)   Merge Heap Roots: 0.5ms
[2025-01-08T20:18:44.420+0000][172394.786s][info][gc,phases   ] GC(5244)   Evacuate Collection Set: 31.4ms
[2025-01-08T20:18:44.420+0000][172394.786s][info][gc,phases   ] GC(5244)   Post Evacuate Collection Set: 2.6ms
[2025-01-08T20:18:44.420+0000][172394.786s][info][gc,phases   ] GC(5244)   Other: 0.4ms
[2025-01-08T20:18:44.420+0000][172394.786s][info][gc,heap     ] GC(5244) Eden regions: 911->0(910)
[2025-01-08T20:18:44.420+0000][172394.786s][info][gc,heap     ] GC(5244) Survivor regions: 10->11(116)
[2025-01-08T20:18:44.420+0000][172394.786s][info][gc,heap     ] GC(5244) Old regions: 233->233
[2025-01-08T20:18:44.420+0000][172394.786s][info][gc,heap     ] GC(5244) Archive regions: 2->2
[2025-01-08T20:18:44.420+0000][172394.786s][info][gc,heap     ] GC(5244) Humongous regions: 49->49
[2025-01-08T20:18:44.420+0000][172394.786s][info][gc,metaspace] GC(5244) Metaspace: 523622K(533760K)->523622K(533760K) NonClass: 459778K(465024K)->459778K(465024K) Class: 63844K(68736K)->63844K(68736K)
[2025-01-08T20:18:44.420+0000][172394.786s][info][gc          ] GC(5244) Pause Young (Concurrent Start) (G1 Evacuation Pause) 9624M->2339M(12288M) 36.165ms
[2025-01-08T20:18:44.420+0000][172394.786s][info][gc,cpu      ] GC(5244) User=0.20s Sys=0.00s Real=0.03s
[2025-01-08T20:18:44.420+0000][172394.786s][info][gc          ] GC(5245) Concurrent Mark Cycle
[2025-01-08T20:18:44.420+0000][172394.786s][info][gc,marking  ] GC(5245) Concurrent Clear Claimed Marks
[2025-01-08T20:18:44.421+0000][172394.787s][info][gc,marking  ] GC(5245) Concurrent Clear Claimed Marks 0.915ms
[2025-01-08T20:18:44.421+0000][172394.787s][info][gc,marking  ] GC(5245) Concurrent Scan Root Regions
[2025-01-08T20:18:44.442+0000][172394.809s][info][gc,marking  ] GC(5245) Concurrent Scan Root Regions 21.608ms
[2025-01-08T20:18:44.442+0000][172394.809s][info][gc,marking  ] GC(5245) Concurrent Mark
[2025-01-08T20:18:44.442+0000][172394.809s][info][gc,marking  ] GC(5245) Concurrent Mark From Roots
[2025-01-08T20:18:44.442+0000][172394.809s][info][gc,task     ] GC(5245) Using 2 workers of 2 for marking
[2025-01-08T20:18:45.387+0000][172395.753s][info][gc,marking  ] GC(5245) Concurrent Mark From Roots 944.050ms
[2025-01-08T20:18:45.387+0000][172395.753s][info][gc,marking  ] GC(5245) Concurrent Preclean
[2025-01-08T20:18:45.389+0000][172395.755s][info][gc,marking  ] GC(5245) Concurrent Preclean 2.656ms
[2025-01-08T20:18:45.389+0000][172395.756s][info][gc,start    ] GC(5245) Pause Remark
[2025-01-08T20:18:45.415+0000][172395.781s][info][gc          ] GC(5245) Pause Remark 3719M->3719M(12288M) 25.155ms
[2025-01-08T20:18:45.415+0000][172395.781s][info][gc,cpu      ] GC(5245) User=0.14s Sys=0.00s Real=0.03s
[2025-01-08T20:18:45.415+0000][172395.781s][info][gc,marking  ] GC(5245) Concurrent Mark 972.256ms
[2025-01-08T20:18:45.415+0000][172395.781s][info][gc,marking  ] GC(5245) Concurrent Rebuild Remembered Sets
[2025-01-08T20:18:46.023+0000][172396.389s][info][gc,marking  ] GC(5245) Concurrent Rebuild Remembered Sets 608.467ms
[2025-01-08T20:18:46.023+0000][172396.389s][info][gc,start    ] GC(5245) Pause Cleanup
[2025-01-08T20:18:46.024+0000][172396.390s][info][gc          ] GC(5245) Pause Cleanup 4683M->4683M(12288M) 0.451ms
[2025-01-08T20:18:46.024+0000][172396.390s][info][gc,cpu      ] GC(5245) User=0.00s Sys=0.00s Real=0.00s
[2025-01-08T20:18:46.024+0000][172396.390s][info][gc,marking  ] GC(5245) Concurrent Cleanup for Next Mark
[2025-01-08T20:18:46.041+0000][172396.407s][info][gc,marking  ] GC(5245) Concurrent Cleanup for Next Mark 16.889ms
[2025-01-08T20:18:46.041+0000][172396.407s][info][gc          ] GC(5245) Concurrent Mark Cycle 1621.025ms
[2025-01-08T20:18:54.667+0000][172405.033s][info][gc,start    ] GC(5246) Pause Young (Prepare Mixed) (G1 Evacuation Pause)
[2025-01-08T20:18:54.667+0000][172405.033s][info][gc,task     ] GC(5246) Using 6 workers of 6 for evacuation
[2025-01-08T20:18:54.712+0000][172405.078s][info][gc,phases   ] GC(5246)   Pre Evacuate Collection Set: 0.2ms
[2025-01-08T20:18:54.712+0000][172405.078s][info][gc,phases   ] GC(5246)   Merge Heap Roots: 0.8ms
[2025-01-08T20:18:54.712+0000][172405.078s][info][gc,phases   ] GC(5246)   Evacuate Collection Set: 39.4ms
[2025-01-08T20:18:54.712+0000][172405.078s][info][gc,phases   ] GC(5246)   Post Evacuate Collection Set: 4.4ms
[2025-01-08T20:18:54.712+0000][172405.078s][info][gc,phases   ] GC(5246)   Other: 0.2ms
[2025-01-08T20:18:54.712+0000][172405.078s][info][gc,heap     ] GC(5246) Eden regions: 910->0(63)
[2025-01-08T20:18:54.712+0000][172405.078s][info][gc,heap     ] GC(5246) Survivor regions: 11->13(116)
[2025-01-08T20:18:54.712+0000][172405.078s][info][gc,heap     ] GC(5246) Old regions: 233->233
[2025-01-08T20:18:54.712+0000][172405.078s][info][gc,heap     ] GC(5246) Archive regions: 2->2
[2025-01-08T20:18:54.712+0000][172405.078s][info][gc,heap     ] GC(5246) Humongous regions: 49->49
[2025-01-08T20:18:54.712+0000][172405.078s][info][gc,metaspace] GC(5246) Metaspace: 523622K(533760K)->523622K(533760K) NonClass: 459778K(465024K)->459778K(465024K) Class: 63844K(68736K)->63844K(68736K)
[2025-01-08T20:18:54.712+0000][172405.078s][info][gc          ] GC(5246) Pause Young (Prepare Mixed) (G1 Evacuation Pause) 9619M->2360M(12288M) 45.121ms
[2025-01-08T20:18:54.712+0000][172405.078s][info][gc,cpu      ] GC(5246) User=0.26s Sys=0.00s Real=0.05s
[2025-01-08T20:18:55.060+0000][172405.426s][info][gc,start    ] GC(5247) Pause Young (Mixed) (G1 Evacuation Pause)
[2025-01-08T20:18:55.060+0000][172405.426s][info][gc,task     ] GC(5247) Using 6 workers of 6 for evacuation
[2025-01-08T20:18:55.122+0000][172405.488s][info][gc,phases   ] GC(5247)   Pre Evacuate Collection Set: 0.2ms
[2025-01-08T20:18:55.122+0000][172405.488s][info][gc,phases   ] GC(5247)   Merge Heap Roots: 0.6ms
[2025-01-08T20:18:55.122+0000][172405.488s][info][gc,phases   ] GC(5247)   Evacuate Collection Set: 58.6ms
[2025-01-08T20:18:55.122+0000][172405.488s][info][gc,phases   ] GC(5247)   Post Evacuate Collection Set: 1.8ms
[2025-01-08T20:18:55.122+0000][172405.488s][info][gc,phases   ] GC(5247)   Other: 0.2ms
[2025-01-08T20:18:55.122+0000][172405.488s][info][gc,heap     ] GC(5247) Eden regions: 63->0(917)
[2025-01-08T20:18:55.122+0000][172405.488s][info][gc,heap     ] GC(5247) Survivor regions: 13->4(10)
[2025-01-08T20:18:55.122+0000][172405.488s][info][gc,heap     ] GC(5247) Old regions: 233->236
[2025-01-08T20:18:55.122+0000][172405.488s][info][gc,heap     ] GC(5247) Archive regions: 2->2
[2025-01-08T20:18:55.122+0000][172405.488s][info][gc,heap     ] GC(5247) Humongous regions: 49->49
[2025-01-08T20:18:55.122+0000][172405.488s][info][gc,metaspace] GC(5247) Metaspace: 523622K(533760K)->523622K(533760K) NonClass: 459778K(465024K)->459778K(465024K) Class: 63844K(68736K)->63844K(68736K)
[2025-01-08T20:18:55.122+0000][172405.488s][info][gc          ] GC(5247) Pause Young (Mixed) (G1 Evacuation Pause) 2864M->2311M(12288M) 61.422ms
[2025-01-08T20:18:55.122+0000][172405.488s][info][gc,cpu      ] GC(5247) User=0.36s Sys=0.01s Real=0.07s
[2025-01-08T20:19:09.091+0000][172419.457s][info][gc,start    ] GC(5248) Pause Young (Normal) (G1 Evacuation Pause)
[2025-01-08T20:19:09.091+0000][172419.457s][info][gc,task     ] GC(5248) Using 6 workers of 6 for evacuation
[2025-01-08T20:19:09.122+0000][172419.488s][info][gc,phases   ] GC(5248)   Pre Evacuate Collection Set: 0.2ms
[2025-01-08T20:19:09.122+0000][172419.488s][info][gc,phases   ] GC(5248)   Merge Heap Roots: 0.4ms
[2025-01-08T20:19:09.122+0000][172419.488s][info][gc,phases   ] GC(5248)   Evacuate Collection Set: 27.0ms
[2025-01-08T20:19:09.122+0000][172419.488s][info][gc,phases   ] GC(5248)   Post Evacuate Collection Set: 3.0ms
[2025-01-08T20:19:09.122+0000][172419.488s][info][gc,phases   ] GC(5248)   Other: 0.2ms
[2025-01-08T20:19:09.122+0000][172419.488s][info][gc,heap     ] GC(5248) Eden regions: 917->0(914)
[2025-01-08T20:19:09.122+0000][172419.488s][info][gc,heap     ] GC(5248) Survivor regions: 4->7(116)
[2025-01-08T20:19:09.122+0000][172419.488s][info][gc,heap     ] GC(5248) Old regions: 236->236
[2025-01-08T20:19:09.122+0000][172419.488s][info][gc,heap     ] GC(5248) Archive regions: 2->2
[2025-01-08T20:19:09.122+0000][172419.488s][info][gc,heap     ] GC(5248) Humongous regions: 49->49
[2025-01-08T20:19:09.122+0000][172419.488s][info][gc,metaspace] GC(5248) Metaspace: 523622K(533760K)->523622K(533760K) NonClass: 459778K(465024K)->459778K(465024K) Class: 63844K(68736K)->63844K(68736K)
[2025-01-08T20:19:09.122+0000][172419.488s][info][gc          ] GC(5248) Pause Young (Normal) (G1 Evacuation Pause) 9647M->2331M(12288M) 30.979ms
[2025-01-08T20:19:09.122+0000][172419.488s][info][gc,cpu      ] GC(5248) User=0.18s Sys=0.00s Real=0.03s
[2025-01-08T20:19:18.150+0000][172428.516s][info][gc,start    ] GC(5249) Pause Young (Normal) (G1 Evacuation Pause)
[2025-01-08T20:19:18.150+0000][172428.516s][info][gc,task     ] GC(5249) Using 6 workers of 6 for evacuation
[2025-01-08T20:19:18.181+0000][172428.547s][info][gc,phases   ] GC(5249)   Pre Evacuate Collection Set: 0.2ms
[2025-01-08T20:19:18.181+0000][172428.547s][info][gc,phases   ] GC(5249)   Merge Heap Roots: 0.4ms
[2025-01-08T20:19:18.181+0000][172428.547s][info][gc,phases   ] GC(5249)   Evacuate Collection Set: 27.6ms
[2025-01-08T20:19:18.181+0000][172428.547s][info][gc,phases   ] GC(5249)   Post Evacuate Collection Set: 2.5ms
[2025-01-08T20:19:18.181+0000][172428.547s][info][gc,phases   ] GC(5249)   Other: 0.2ms
[2025-01-08T20:19:18.181+0000][172428.547s][info][gc,heap     ] GC(5249) Eden regions: 914->0(913)
[2025-01-08T20:19:18.181+0000][172428.547s][info][gc,heap     ] GC(5249) Survivor regions: 7->8(116)
[2025-01-08T20:19:18.181+0000][172428.547s][info][gc,heap     ] GC(5249) Old regions: 236->236
[2025-01-08T20:19:18.181+0000][172428.547s][info][gc,heap     ] GC(5249) Archive regions: 2->2
[2025-01-08T20:19:18.181+0000][172428.547s][info][gc,heap     ] GC(5249) Humongous regions: 49->49
[2025-01-08T20:19:18.181+0000][172428.547s][info][gc,metaspace] GC(5249) Metaspace: 523622K(533760K)->523622K(533760K) NonClass: 459778K(465024K)->459778K(465024K) Class: 63844K(68736K)->63844K(68736K)
[2025-01-08T20:19:18.181+0000][172428.547s][info][gc          ] GC(5249) Pause Young (Normal) (G1 Evacuation Pause) 9643M->2338M(12288M) 31.032ms
[2025-01-08T20:19:18.181+0000][172428.548s][info][gc,cpu      ] GC(5249) User=0.19s Sys=0.00s Real=0.03s
[2025-01-08T20:19:27.024+0000][172437.390s][info][gc,start    ] GC(5250) Pause Young (Concurrent Start) (G1 Evacuation Pause)
[2025-01-08T20:19:27.024+0000][172437.390s][info][gc,task     ] GC(5250) Using 6 workers of 6 for evacuation
[2025-01-08T20:19:27.058+0000][172437.424s][info][gc,phases   ] GC(5250)   Pre Evacuate Collection Set: 1.1ms
[2025-01-08T20:19:27.058+0000][172437.424s][info][gc,phases   ] GC(5250)   Merge Heap Roots: 0.5ms
[2025-01-08T20:19:27.058+0000][172437.424s][info][gc,phases   ] GC(5250)   Evacuate Collection Set: 29.1ms
[2025-01-08T20:19:27.058+0000][172437.424s][info][gc,phases   ] GC(5250)   Post Evacuate Collection Set: 2.6ms
[2025-01-08T20:19:27.058+0000][172437.424s][info][gc,phases   ] GC(5250)   Other: 0.3ms
[2025-01-08T20:19:27.058+0000][172437.424s][info][gc,heap     ] GC(5250) Eden regions: 913->0(912)
[2025-01-08T20:19:27.058+0000][172437.424s][info][gc,heap     ] GC(5250) Survivor regions: 8->9(116)
[2025-01-08T20:19:27.058+0000][172437.424s][info][gc,heap     ] GC(5250) Old regions: 236->236
[2025-01-08T20:19:27.058+0000][172437.424s][info][gc,heap     ] GC(5250) Archive regions: 2->2
[2025-01-08T20:19:27.058+0000][172437.424s][info][gc,heap     ] GC(5250) Humongous regions: 49->49
[2025-01-08T20:19:27.058+0000][172437.424s][info][gc,metaspace] GC(5250) Metaspace: 523622K(533760K)->523622K(533760K) NonClass: 459778K(465024K)->459778K(465024K) Class: 63844K(68736K)->63844K(68736K)
[2025-01-08T20:19:27.058+0000][172437.424s][info][gc          ] GC(5250) Pause Young (Concurrent Start) (G1 Evacuation Pause) 9642M->2346M(12288M) 33.646ms
[2025-01-08T20:19:27.058+0000][172437.424s][info][gc,cpu      ] GC(5250) User=0.19s Sys=0.00s Real=0.03s
[2025-01-08T20:19:27.058+0000][172437.424s][info][gc          ] GC(5251) Concurrent Mark Cycle
[2025-01-08T20:19:27.058+0000][172437.424s][info][gc,marking  ] GC(5251) Concurrent Clear Claimed Marks
[2025-01-08T20:19:27.059+0000][172437.425s][info][gc,marking  ] GC(5251) Concurrent Clear Claimed Marks 0.947ms
[2025-01-08T20:19:27.059+0000][172437.425s][info][gc,marking  ] GC(5251) Concurrent Scan Root Regions
[2025-01-08T20:19:27.086+0000][172437.452s][info][gc,marking  ] GC(5251) Concurrent Scan Root Regions 26.873ms
[2025-01-08T20:19:27.086+0000][172437.452s][info][gc,marking  ] GC(5251) Concurrent Mark
[2025-01-08T20:19:27.086+0000][172437.452s][info][gc,marking  ] GC(5251) Concurrent Mark From Roots
[2025-01-08T20:19:27.086+0000][172437.452s][info][gc,task     ] GC(5251) Using 2 workers of 2 for marking
[2025-01-08T20:19:27.869+0000][172438.235s][info][gc,marking  ] GC(5251) Concurrent Mark From Roots 782.735ms
[2025-01-08T20:19:27.869+0000][172438.235s][info][gc,marking  ] GC(5251) Concurrent Preclean
[2025-01-08T20:19:27.871+0000][172438.238s][info][gc,marking  ] GC(5251) Concurrent Preclean 2.735ms
[2025-01-08T20:19:27.872+0000][172438.238s][info][gc,start    ] GC(5251) Pause Remark
[2025-01-08T20:19:27.897+0000][172438.263s][info][gc          ] GC(5251) Pause Remark 2574M->2574M(12288M) 24.998ms
[2025-01-08T20:19:27.897+0000][172438.263s][info][gc,cpu      ] GC(5251) User=0.14s Sys=0.00s Real=0.02s
[2025-01-08T20:19:27.897+0000][172438.263s][info][gc,marking  ] GC(5251) Concurrent Mark 810.796ms
[2025-01-08T20:19:27.897+0000][172438.263s][info][gc,marking  ] GC(5251) Concurrent Rebuild Remembered Sets
[2025-01-08T20:19:28.498+0000][172438.865s][info][gc,marking  ] GC(5251) Concurrent Rebuild Remembered Sets 601.659ms
[2025-01-08T20:19:28.499+0000][172438.865s][info][gc,start    ] GC(5251) Pause Cleanup
[2025-01-08T20:19:28.499+0000][172438.865s][info][gc          ] GC(5251) Pause Cleanup 2971M->2971M(12288M) 0.426ms
[2025-01-08T20:19:28.499+0000][172438.865s][info][gc,cpu      ] GC(5251) User=0.00s Sys=0.00s Real=0.00s
[2025-01-08T20:19:28.499+0000][172438.865s][info][gc,marking  ] GC(5251) Concurrent Cleanup for Next Mark
[2025-01-08T20:19:28.515+0000][172438.881s][info][gc,marking  ] GC(5251) Concurrent Cleanup for Next Mark 15.560ms
[2025-01-08T20:19:28.515+0000][172438.881s][info][gc          ] GC(5251) Concurrent Mark Cycle 1456.609ms
[2025-01-08T20:19:34.036+0000][172444.402s][info][gc,start    ] GC(5252) Pause Young (Prepare Mixed) (G1 Evacuation Pause)
[2025-01-08T20:19:34.036+0000][172444.402s][info][gc,task     ] GC(5252) Using 6 workers of 6 for evacuation
[2025-01-08T20:19:34.073+0000][172444.439s][info][gc,phases   ] GC(5252)   Pre Evacuate Collection Set: 0.2ms
[2025-01-08T20:19:34.073+0000][172444.439s][info][gc,phases   ] GC(5252)   Merge Heap Roots: 0.7ms
[2025-01-08T20:19:34.073+0000][172444.439s][info][gc,phases   ] GC(5252)   Evacuate Collection Set: 32.2ms
[2025-01-08T20:19:34.073+0000][172444.439s][info][gc,phases   ] GC(5252)   Post Evacuate Collection Set: 4.0ms
[2025-01-08T20:19:34.073+0000][172444.439s][info][gc,phases   ] GC(5252)   Other: 0.2ms
[2025-01-08T20:19:34.073+0000][172444.439s][info][gc,heap     ] GC(5252) Eden regions: 912->0(66)
[2025-01-08T20:19:34.073+0000][172444.439s][info][gc,heap     ] GC(5252) Survivor regions: 9->10(116)
[2025-01-08T20:19:34.073+0000][172444.439s][info][gc,heap     ] GC(5252) Old regions: 236->236
[2025-01-08T20:19:34.073+0000][172444.439s][info][gc,heap     ] GC(5252) Archive regions: 2->2
[2025-01-08T20:19:34.073+0000][172444.439s][info][gc,heap     ] GC(5252) Humongous regions: 49->49
[2025-01-08T20:19:34.073+0000][172444.439s][info][gc,metaspace] GC(5252) Metaspace: 523622K(533760K)->523622K(533760K) NonClass: 459778K(465024K)->459778K(465024K) Class: 63844K(68736K)->63844K(68736K)
[2025-01-08T20:19:34.073+0000][172444.439s][info][gc          ] GC(5252) Pause Young (Prepare Mixed) (G1 Evacuation Pause) 9642M->2359M(12288M) 37.354ms
[2025-01-08T20:19:34.073+0000][172444.439s][info][gc,cpu      ] GC(5252) User=0.22s Sys=0.00s Real=0.04s
[2025-01-08T20:19:34.353+0000][172444.719s][info][gc,start    ] GC(5253) Pause Young (Mixed) (G1 Evacuation Pause)
[2025-01-08T20:19:34.353+0000][172444.719s][info][gc,task     ] GC(5253) Using 6 workers of 6 for evacuation
[2025-01-08T20:19:34.419+0000][172444.785s][info][gc,phases   ] GC(5253)   Pre Evacuate Collection Set: 0.2ms
[2025-01-08T20:19:34.419+0000][172444.785s][info][gc,phases   ] GC(5253)   Merge Heap Roots: 0.8ms
[2025-01-08T20:19:34.419+0000][172444.785s][info][gc,phases   ] GC(5253)   Evacuate Collection Set: 63.4ms
[2025-01-08T20:19:34.419+0000][172444.785s][info][gc,phases   ] GC(5253)   Post Evacuate Collection Set: 1.9ms
[2025-01-08T20:19:34.419+0000][172444.785s][info][gc,phases   ] GC(5253)   Other: 0.2ms
[2025-01-08T20:19:34.419+0000][172444.785s][info][gc,heap     ] GC(5253) Eden regions: 66->0(916)
[2025-01-08T20:19:34.419+0000][172444.785s][info][gc,heap     ] GC(5253) Survivor regions: 10->5(10)
[2025-01-08T20:19:34.419+0000][172444.785s][info][gc,heap     ] GC(5253) Old regions: 236->235
[2025-01-08T20:19:34.419+0000][172444.785s][info][gc,heap     ] GC(5253) Archive regions: 2->2
[2025-01-08T20:19:34.419+0000][172444.785s][info][gc,heap     ] GC(5253) Humongous regions: 49->49
[2025-01-08T20:19:34.419+0000][172444.785s][info][gc,metaspace] GC(5253) Metaspace: 523622K(533760K)->523622K(533760K) NonClass: 459778K(465024K)->459778K(465024K) Class: 63844K(68736K)->63844K(68736K)
[2025-01-08T20:19:34.419+0000][172444.785s][info][gc          ] GC(5253) Pause Young (Mixed) (G1 Evacuation Pause) 2887M->2309M(12288M) 66.496ms
[2025-01-08T20:19:34.419+0000][172444.786s][info][gc,cpu      ] GC(5253) User=0.39s Sys=0.00s Real=0.06s
[2025-01-08T20:19:40.312+0000][172450.678s][info][gc,start    ] GC(5254) Pause Young (Normal) (G1 Evacuation Pause)
[2025-01-08T20:19:40.312+0000][172450.678s][info][gc,task     ] GC(5254) Using 6 workers of 6 for evacuation
[2025-01-08T20:19:40.338+0000][172450.704s][info][gc,phases   ] GC(5254)   Pre Evacuate Collection Set: 0.2ms
[2025-01-08T20:19:40.338+0000][172450.704s][info][gc,phases   ] GC(5254)   Merge Heap Roots: 0.4ms
[2025-01-08T20:19:40.338+0000][172450.704s][info][gc,phases   ] GC(5254)   Evacuate Collection Set: 21.4ms
[2025-01-08T20:19:40.338+0000][172450.704s][info][gc,phases   ] GC(5254)   Post Evacuate Collection Set: 3.9ms
[2025-01-08T20:19:40.338+0000][172450.704s][info][gc,phases   ] GC(5254)   Other: 0.2ms
[2025-01-08T20:19:40.338+0000][172450.704s][info][gc,heap     ] GC(5254) Eden regions: 916->0(915)
[2025-01-08T20:19:40.338+0000][172450.704s][info][gc,heap     ] GC(5254) Survivor regions: 5->6(116)
[2025-01-08T20:19:40.338+0000][172450.704s][info][gc,heap     ] GC(5254) Old regions: 235->235
[2025-01-08T20:19:40.338+0000][172450.704s][info][gc,heap     ] GC(5254) Archive regions: 2->2
[2025-01-08T20:19:40.338+0000][172450.704s][info][gc,heap     ] GC(5254) Humongous regions: 49->49
[2025-01-08T20:19:40.338+0000][172450.704s][info][gc,metaspace] GC(5254) Metaspace: 523625K(533760K)->523625K(533760K) NonClass: 459781K(465024K)->459781K(465024K) Class: 63844K(68736K)->63844K(68736K)
[2025-01-08T20:19:40.338+0000][172450.704s][info][gc          ] GC(5254) Pause Young (Normal) (G1 Evacuation Pause) 9637M->2323M(12288M) 26.149ms
[2025-01-08T20:19:40.338+0000][172450.704s][info][gc,cpu      ] GC(5254) User=0.15s Sys=0.00s Real=0.02s
[2025-01-08T20:19:44.938+0000][172455.304s][info][gc,start    ] GC(5255) Pause Young (Normal) (G1 Evacuation Pause)
[2025-01-08T20:19:44.938+0000][172455.304s][info][gc,task     ] GC(5255) Using 6 workers of 6 for evacuation
[2025-01-08T20:19:44.963+0000][172455.329s][info][gc,phases   ] GC(5255)   Pre Evacuate Collection Set: 0.2ms
[2025-01-08T20:19:44.963+0000][172455.329s][info][gc,phases   ] GC(5255)   Merge Heap Roots: 0.4ms
[2025-01-08T20:19:44.963+0000][172455.329s][info][gc,phases   ] GC(5255)   Evacuate Collection Set: 20.5ms
[2025-01-08T20:19:44.963+0000][172455.329s][info][gc,phases   ] GC(5255)   Post Evacuate Collection Set: 3.1ms
[2025-01-08T20:19:44.963+0000][172455.329s][info][gc,phases   ] GC(5255)   Other: 0.2ms
[2025-01-08T20:19:44.963+0000][172455.329s][info][gc,heap     ] GC(5255) Eden regions: 915->0(913)
[2025-01-08T20:19:44.963+0000][172455.329s][info][gc,heap     ] GC(5255) Survivor regions: 6->8(116)
[2025-01-08T20:19:44.963+0000][172455.329s][info][gc,heap     ] GC(5255) Old regions: 235->235
[2025-01-08T20:19:44.963+0000][172455.329s][info][gc,heap     ] GC(5255) Archive regions: 2->2
[2025-01-08T20:19:44.963+0000][172455.329s][info][gc,heap     ] GC(5255) Humongous regions: 49->49
[2025-01-08T20:19:44.963+0000][172455.329s][info][gc,metaspace] GC(5255) Metaspace: 523625K(533760K)->523625K(533760K) NonClass: 459781K(465024K)->459781K(465024K) Class: 63844K(68736K)->63844K(68736K)
[2025-01-08T20:19:44.963+0000][172455.329s][info][gc          ] GC(5255) Pause Young (Normal) (G1 Evacuation Pause) 9643M->2339M(12288M) 24.527ms
[2025-01-08T20:19:44.963+0000][172455.329s][info][gc,cpu      ] GC(5255) User=0.14s Sys=0.00s Real=0.03s
[2025-01-08T20:19:49.685+0000][172460.051s][info][gc,start    ] GC(5256) Pause Young (Concurrent Start) (G1 Evacuation Pause)
[2025-01-08T20:19:49.685+0000][172460.051s][info][gc,task     ] GC(5256) Using 6 workers of 6 for evacuation
[2025-01-08T20:19:49.711+0000][172460.077s][info][gc,phases   ] GC(5256)   Pre Evacuate Collection Set: 1.2ms
[2025-01-08T20:19:49.711+0000][172460.077s][info][gc,phases   ] GC(5256)   Merge Heap Roots: 0.4ms
[2025-01-08T20:19:49.711+0000][172460.077s][info][gc,phases   ] GC(5256)   Evacuate Collection Set: 21.0ms
[2025-01-08T20:19:49.711+0000][172460.077s][info][gc,phases   ] GC(5256)   Post Evacuate Collection Set: 3.0ms
[2025-01-08T20:19:49.711+0000][172460.077s][info][gc,phases   ] GC(5256)   Other: 0.3ms
[2025-01-08T20:19:49.711+0000][172460.077s][info][gc,heap     ] GC(5256) Eden regions: 913->0(914)
[2025-01-08T20:19:49.711+0000][172460.077s][info][gc,heap     ] GC(5256) Survivor regions: 8->7(116)
[2025-01-08T20:19:49.711+0000][172460.077s][info][gc,heap     ] GC(5256) Old regions: 235->235
[2025-01-08T20:19:49.711+0000][172460.077s][info][gc,heap     ] GC(5256) Archive regions: 2->2
[2025-01-08T20:19:49.711+0000][172460.077s][info][gc,heap     ] GC(5256) Humongous regions: 49->49
[2025-01-08T20:19:49.711+0000][172460.077s][info][gc,metaspace] GC(5256) Metaspace: 523625K(533760K)->523625K(533760K) NonClass: 459781K(465024K)->459781K(465024K) Class: 63844K(68736K)->63844K(68736K)
[2025-01-08T20:19:49.711+0000][172460.077s][info][gc          ] GC(5256) Pause Young (Concurrent Start) (G1 Evacuation Pause) 9643M->2325M(12288M) 25.987ms
[2025-01-08T20:19:49.711+0000][172460.077s][info][gc,cpu      ] GC(5256) User=0.15s Sys=0.00s Real=0.03s
[2025-01-08T20:19:49.711+0000][172460.077s][info][gc          ] GC(5257) Concurrent Mark Cycle
[2025-01-08T20:19:49.711+0000][172460.077s][info][gc,marking  ] GC(5257) Concurrent Clear Claimed Marks
[2025-01-08T20:19:49.712+0000][172460.078s][info][gc,marking  ] GC(5257) Concurrent Clear Claimed Marks 0.889ms
[2025-01-08T20:19:49.712+0000][172460.078s][info][gc,marking  ] GC(5257) Concurrent Scan Root Regions
[2025-01-08T20:19:49.727+0000][172460.094s][info][gc,marking  ] GC(5257) Concurrent Scan Root Regions 15.550ms
[2025-01-08T20:19:49.727+0000][172460.094s][info][gc,marking  ] GC(5257) Concurrent Mark
[2025-01-08T20:19:49.727+0000][172460.094s][info][gc,marking  ] GC(5257) Concurrent Mark From Roots
[2025-01-08T20:19:49.727+0000][172460.094s][info][gc,task     ] GC(5257) Using 2 workers of 2 for marking
[2025-01-08T20:19:50.552+0000][172460.918s][info][gc,marking  ] GC(5257) Concurrent Mark From Roots 824.505ms
[2025-01-08T20:19:50.552+0000][172460.918s][info][gc,marking  ] GC(5257) Concurrent Preclean
[2025-01-08T20:19:50.555+0000][172460.921s][info][gc,marking  ] GC(5257) Concurrent Preclean 2.707ms
[2025-01-08T20:19:50.555+0000][172460.921s][info][gc,start    ] GC(5257) Pause Remark
[2025-01-08T20:19:50.580+0000][172460.946s][info][gc          ] GC(5257) Pause Remark 3553M->3553M(12288M) 25.435ms
[2025-01-08T20:19:50.580+0000][172460.946s][info][gc,cpu      ] GC(5257) User=0.14s Sys=0.00s Real=0.02s
[2025-01-08T20:19:50.580+0000][172460.947s][info][gc,marking  ] GC(5257) Concurrent Mark 853.004ms
[2025-01-08T20:19:50.581+0000][172460.947s][info][gc,marking  ] GC(5257) Concurrent Rebuild Remembered Sets
[2025-01-08T20:19:51.214+0000][172461.580s][info][gc,marking  ] GC(5257) Concurrent Rebuild Remembered Sets 633.812ms
[2025-01-08T20:19:51.214+0000][172461.581s][info][gc,start    ] GC(5257) Pause Cleanup
[2025-01-08T20:19:51.215+0000][172461.581s][info][gc          ] GC(5257) Pause Cleanup 4085M->4085M(12288M) 0.414ms
[2025-01-08T20:19:51.215+0000][172461.581s][info][gc,cpu      ] GC(5257) User=0.00s Sys=0.00s Real=0.00s
[2025-01-08T20:19:51.215+0000][172461.581s][info][gc,marking  ] GC(5257) Concurrent Cleanup for Next Mark
[2025-01-08T20:19:51.243+0000][172461.609s][info][gc,marking  ] GC(5257) Concurrent Cleanup for Next Mark 27.907ms
[2025-01-08T20:19:51.243+0000][172461.609s][info][gc          ] GC(5257) Concurrent Mark Cycle 1531.962ms
[2025-01-08T20:19:58.392+0000][172468.758s][info][gc,start    ] GC(5258) Pause Young (Prepare Mixed) (G1 Evacuation Pause)
[2025-01-08T20:19:58.392+0000][172468.758s][info][gc,task     ] GC(5258) Using 6 workers of 6 for evacuation
[2025-01-08T20:19:58.421+0000][172468.788s][info][gc,phases   ] GC(5258)   Pre Evacuate Collection Set: 0.2ms
[2025-01-08T20:19:58.421+0000][172468.788s][info][gc,phases   ] GC(5258)   Merge Heap Roots: 0.6ms
[2025-01-08T20:19:58.422+0000][172468.788s][info][gc,phases   ] GC(5258)   Evacuate Collection Set: 26.1ms
[2025-01-08T20:19:58.422+0000][172468.788s][info][gc,phases   ] GC(5258)   Post Evacuate Collection Set: 2.5ms
[2025-01-08T20:19:58.422+0000][172468.788s][info][gc,phases   ] GC(5258)   Other: 0.2ms
[2025-01-08T20:19:58.422+0000][172468.788s][info][gc,heap     ] GC(5258) Eden regions: 914->0(69)
[2025-01-08T20:19:58.422+0000][172468.788s][info][gc,heap     ] GC(5258) Survivor regions: 7->7(116)
[2025-01-08T20:19:58.422+0000][172468.788s][info][gc,heap     ] GC(5258) Old regions: 235->235
[2025-01-08T20:19:58.422+0000][172468.788s][info][gc,heap     ] GC(5258) Archive regions: 2->2
[2025-01-08T20:19:58.422+0000][172468.788s][info][gc,heap     ] GC(5258) Humongous regions: 49->49
[2025-01-08T20:19:58.422+0000][172468.788s][info][gc,metaspace] GC(5258) Metaspace: 523625K(533760K)->523625K(533760K) NonClass: 459781K(465024K)->459781K(465024K) Class: 63844K(68736K)->63844K(68736K)
[2025-01-08T20:19:58.422+0000][172468.788s][info][gc          ] GC(5258) Pause Young (Prepare Mixed) (G1 Evacuation Pause) 9637M->2329M(12288M) 29.713ms
[2025-01-08T20:19:58.422+0000][172468.788s][info][gc,cpu      ] GC(5258) User=0.17s Sys=0.00s Real=0.03s
[2025-01-08T20:19:59.681+0000][172470.047s][info][gc,start    ] GC(5259) Pause Young (Mixed) (G1 Evacuation Pause)
[2025-01-08T20:19:59.681+0000][172470.047s][info][gc,task     ] GC(5259) Using 6 workers of 6 for evacuation
[2025-01-08T20:19:59.741+0000][172470.107s][info][gc,phases   ] GC(5259)   Pre Evacuate Collection Set: 0.2ms
[2025-01-08T20:19:59.741+0000][172470.107s][info][gc,phases   ] GC(5259)   Merge Heap Roots: 0.7ms
[2025-01-08T20:19:59.741+0000][172470.107s][info][gc,phases   ] GC(5259)   Evacuate Collection Set: 56.9ms
[2025-01-08T20:19:59.741+0000][172470.107s][info][gc,phases   ] GC(5259)   Post Evacuate Collection Set: 1.8ms
[2025-01-08T20:19:59.741+0000][172470.107s][info][gc,phases   ] GC(5259)   Other: 0.2ms
[2025-01-08T20:19:59.741+0000][172470.107s][info][gc,heap     ] GC(5259) Eden regions: 69->0(916)
[2025-01-08T20:19:59.741+0000][172470.107s][info][gc,heap     ] GC(5259) Survivor regions: 7->5(10)
[2025-01-08T20:19:59.741+0000][172470.107s][info][gc,heap     ] GC(5259) Old regions: 235->234
[2025-01-08T20:19:59.741+0000][172470.107s][info][gc,heap     ] GC(5259) Archive regions: 2->2
[2025-01-08T20:19:59.741+0000][172470.107s][info][gc,heap     ] GC(5259) Humongous regions: 49->49
[2025-01-08T20:19:59.741+0000][172470.107s][info][gc,metaspace] GC(5259) Metaspace: 523625K(533760K)->523625K(533760K) NonClass: 459781K(465024K)->459781K(465024K) Class: 63844K(68736K)->63844K(68736K)
[2025-01-08T20:19:59.741+0000][172470.107s][info][gc          ] GC(5259) Pause Young (Mixed) (G1 Evacuation Pause) 2881M->2304M(12288M) 59.816ms
[2025-01-08T20:19:59.741+0000][172470.107s][info][gc,cpu      ] GC(5259) User=0.35s Sys=0.00s Real=0.06s
[2025-01-08T20:20:07.165+0000][172477.531s][info][gc,start    ] GC(5260) Pause Young (Normal) (G1 Evacuation Pause)
[2025-01-08T20:20:07.165+0000][172477.531s][info][gc,task     ] GC(5260) Using 6 workers of 6 for evacuation
[2025-01-08T20:20:07.194+0000][172477.560s][info][gc,phases   ] GC(5260)   Pre Evacuate Collection Set: 0.2ms
[2025-01-08T20:20:07.194+0000][172477.560s][info][gc,phases   ] GC(5260)   Merge Heap Roots: 0.5ms
[2025-01-08T20:20:07.194+0000][172477.560s][info][gc,phases   ] GC(5260)   Evacuate Collection Set: 26.4ms
[2025-01-08T20:20:07.194+0000][172477.560s][info][gc,phases   ] GC(5260)   Post Evacuate Collection Set: 2.5ms
[2025-01-08T20:20:07.194+0000][172477.560s][info][gc,phases   ] GC(5260)   Other: 0.2ms
[2025-01-08T20:20:07.194+0000][172477.560s][info][gc,heap     ] GC(5260) Eden regions: 916->0(914)
[2025-01-08T20:20:07.194+0000][172477.560s][info][gc,heap     ] GC(5260) Survivor regions: 5->7(116)
[2025-01-08T20:20:07.194+0000][172477.560s][info][gc,heap     ] GC(5260) Old regions: 234->234
[2025-01-08T20:20:07.194+0000][172477.560s][info][gc,heap     ] GC(5260) Archive regions: 2->2
[2025-01-08T20:20:07.194+0000][172477.560s][info][gc,heap     ] GC(5260) Humongous regions: 49->49
[2025-01-08T20:20:07.194+0000][172477.560s][info][gc,metaspace] GC(5260) Metaspace: 523626K(533760K)->523626K(533760K) NonClass: 459782K(465024K)->459782K(465024K) Class: 63844K(68736K)->63844K(68736K)
[2025-01-08T20:20:07.194+0000][172477.560s][info][gc          ] GC(5260) Pause Young (Normal) (G1 Evacuation Pause) 9632M->2314M(12288M) 29.848ms
[2025-01-08T20:20:07.194+0000][172477.561s][info][gc,cpu      ] GC(5260) User=0.17s Sys=0.00s Real=0.03s
[2025-01-08T20:20:15.621+0000][172485.987s][info][gc,start    ] GC(5261) Pause Young (Normal) (G1 Evacuation Pause)
[2025-01-08T20:20:15.621+0000][172485.987s][info][gc,task     ] GC(5261) Using 6 workers of 6 for evacuation
[2025-01-08T20:20:15.652+0000][172486.018s][info][gc,phases   ] GC(5261)   Pre Evacuate Collection Set: 0.2ms
[2025-01-08T20:20:15.652+0000][172486.018s][info][gc,phases   ] GC(5261)   Merge Heap Roots: 0.4ms
[2025-01-08T20:20:15.652+0000][172486.018s][info][gc,phases   ] GC(5261)   Evacuate Collection Set: 27.5ms
[2025-01-08T20:20:15.652+0000][172486.018s][info][gc,phases   ] GC(5261)   Post Evacuate Collection Set: 2.7ms
[2025-01-08T20:20:15.652+0000][172486.018s][info][gc,phases   ] GC(5261)   Other: 0.2ms
[2025-01-08T20:20:15.652+0000][172486.018s][info][gc,heap     ] GC(5261) Eden regions: 914->0(913)
[2025-01-08T20:20:15.652+0000][172486.018s][info][gc,heap     ] GC(5261) Survivor regions: 7->8(116)
[2025-01-08T20:20:15.652+0000][172486.018s][info][gc,heap     ] GC(5261) Old regions: 234->234
[2025-01-08T20:20:15.652+0000][172486.018s][info][gc,heap     ] GC(5261) Archive regions: 2->2
[2025-01-08T20:20:15.652+0000][172486.018s][info][gc,heap     ] GC(5261) Humongous regions: 49->49
[2025-01-08T20:20:15.652+0000][172486.018s][info][gc,metaspace] GC(5261) Metaspace: 523626K(533760K)->523626K(533760K) NonClass: 459782K(465024K)->459782K(465024K) Class: 63844K(68736K)->63844K(68736K)
[2025-01-08T20:20:15.652+0000][172486.018s][info][gc          ] GC(5261) Pause Young (Normal) (G1 Evacuation Pause) 9626M->2326M(12288M) 31.070ms
[2025-01-08T20:20:15.652+0000][172486.018s][info][gc,cpu      ] GC(5261) User=0.18s Sys=0.01s Real=0.04s
[2025-01-08T20:20:22.677+0000][172493.043s][info][gc,start    ] GC(5262) Pause Young (Concurrent Start) (G1 Evacuation Pause)
[2025-01-08T20:20:22.677+0000][172493.043s][info][gc,task     ] GC(5262) Using 6 workers of 6 for evacuation
[2025-01-08T20:20:22.711+0000][172493.077s][info][gc,phases   ] GC(5262)   Pre Evacuate Collection Set: 1.2ms
[2025-01-08T20:20:22.711+0000][172493.077s][info][gc,phases   ] GC(5262)   Merge Heap Roots: 0.5ms
[2025-01-08T20:20:22.711+0000][172493.077s][info][gc,phases   ] GC(5262)   Evacuate Collection Set: 29.1ms
[2025-01-08T20:20:22.711+0000][172493.077s][info][gc,phases   ] GC(5262)   Post Evacuate Collection Set: 2.5ms
[2025-01-08T20:20:22.711+0000][172493.077s][info][gc,phases   ] GC(5262)   Other: 0.4ms
[2025-01-08T20:20:22.711+0000][172493.077s][info][gc,heap     ] GC(5262) Eden regions: 913->0(912)
[2025-01-08T20:20:22.711+0000][172493.077s][info][gc,heap     ] GC(5262) Survivor regions: 8->9(116)
[2025-01-08T20:20:22.711+0000][172493.077s][info][gc,heap     ] GC(5262) Old regions: 234->234
[2025-01-08T20:20:22.711+0000][172493.077s][info][gc,heap     ] GC(5262) Archive regions: 2->2
[2025-01-08T20:20:22.711+0000][172493.077s][info][gc,heap     ] GC(5262) Humongous regions: 49->49
[2025-01-08T20:20:22.711+0000][172493.077s][info][gc,metaspace] GC(5262) Metaspace: 523626K(533760K)->523626K(533760K) NonClass: 459782K(465024K)->459782K(465024K) Class: 63844K(68736K)->63844K(68736K)
[2025-01-08T20:20:22.711+0000][172493.077s][info][gc          ] GC(5262) Pause Young (Concurrent Start) (G1 Evacuation Pause) 9630M->2333M(12288M) 33.648ms
[2025-01-08T20:20:22.711+0000][172493.077s][info][gc,cpu      ] GC(5262) User=0.19s Sys=0.00s Real=0.04s
[2025-01-08T20:20:22.711+0000][172493.077s][info][gc          ] GC(5263) Concurrent Mark Cycle
[2025-01-08T20:20:22.711+0000][172493.077s][info][gc,marking  ] GC(5263) Concurrent Clear Claimed Marks
[2025-01-08T20:20:22.712+0000][172493.078s][info][gc,marking  ] GC(5263) Concurrent Clear Claimed Marks 0.921ms
[2025-01-08T20:20:22.712+0000][172493.078s][info][gc,marking  ] GC(5263) Concurrent Scan Root Regions
[2025-01-08T20:20:22.741+0000][172493.107s][info][gc,marking  ] GC(5263) Concurrent Scan Root Regions 29.003ms
[2025-01-08T20:20:22.741+0000][172493.107s][info][gc,marking  ] GC(5263) Concurrent Mark
[2025-01-08T20:20:22.741+0000][172493.107s][info][gc,marking  ] GC(5263) Concurrent Mark From Roots
[2025-01-08T20:20:22.741+0000][172493.107s][info][gc,task     ] GC(5263) Using 2 workers of 2 for marking
[2025-01-08T20:20:23.511+0000][172493.877s][info][gc,marking  ] GC(5263) Concurrent Mark From Roots 770.262ms
[2025-01-08T20:20:23.511+0000][172493.877s][info][gc,marking  ] GC(5263) Concurrent Preclean
[2025-01-08T20:20:23.514+0000][172493.880s][info][gc,marking  ] GC(5263) Concurrent Preclean 2.649ms
[2025-01-08T20:20:23.514+0000][172493.880s][info][gc,start    ] GC(5263) Pause Remark
[2025-01-08T20:20:23.540+0000][172493.906s][info][gc          ] GC(5263) Pause Remark 3301M->3301M(12288M) 25.875ms
[2025-01-08T20:20:23.540+0000][172493.906s][info][gc,cpu      ] GC(5263) User=0.14s Sys=0.00s Real=0.02s
[2025-01-08T20:20:23.540+0000][172493.906s][info][gc,marking  ] GC(5263) Concurrent Mark 799.132ms
[2025-01-08T20:20:23.540+0000][172493.906s][info][gc,marking  ] GC(5263) Concurrent Rebuild Remembered Sets
[2025-01-08T20:20:24.129+0000][172494.496s][info][gc,marking  ] GC(5263) Concurrent Rebuild Remembered Sets 589.497ms
[2025-01-08T20:20:24.130+0000][172494.496s][info][gc,start    ] GC(5263) Pause Cleanup
[2025-01-08T20:20:24.130+0000][172494.496s][info][gc          ] GC(5263) Pause Cleanup 3985M->3985M(12288M) 0.435ms
[2025-01-08T20:20:24.130+0000][172494.496s][info][gc,cpu      ] GC(5263) User=0.00s Sys=0.00s Real=0.00s
[2025-01-08T20:20:24.130+0000][172494.496s][info][gc,marking  ] GC(5263) Concurrent Cleanup for Next Mark
[2025-01-08T20:20:24.147+0000][172494.513s][info][gc,marking  ] GC(5263) Concurrent Cleanup for Next Mark 16.539ms
[2025-01-08T20:20:24.147+0000][172494.513s][info][gc          ] GC(5263) Concurrent Mark Cycle 1436.024ms
[2025-01-08T20:20:29.533+0000][172499.899s][info][gc,start    ] GC(5264) Pause Young (Prepare Mixed) (G1 Evacuation Pause)
[2025-01-08T20:20:29.533+0000][172499.899s][info][gc,task     ] GC(5264) Using 6 workers of 6 for evacuation
[2025-01-08T20:20:29.570+0000][172499.936s][info][gc,phases   ] GC(5264)   Pre Evacuate Collection Set: 0.2ms
[2025-01-08T20:20:29.570+0000][172499.936s][info][gc,phases   ] GC(5264)   Merge Heap Roots: 0.7ms
[2025-01-08T20:20:29.570+0000][172499.936s][info][gc,phases   ] GC(5264)   Evacuate Collection Set: 32.0ms
[2025-01-08T20:20:29.570+0000][172499.936s][info][gc,phases   ] GC(5264)   Post Evacuate Collection Set: 3.9ms
[2025-01-08T20:20:29.570+0000][172499.936s][info][gc,phases   ] GC(5264)   Other: 0.2ms
[2025-01-08T20:20:29.570+0000][172499.936s][info][gc,heap     ] GC(5264) Eden regions: 912->0(66)
[2025-01-08T20:20:29.570+0000][172499.936s][info][gc,heap     ] GC(5264) Survivor regions: 9->10(116)
[2025-01-08T20:20:29.570+0000][172499.936s][info][gc,heap     ] GC(5264) Old regions: 234->234
[2025-01-08T20:20:29.570+0000][172499.936s][info][gc,heap     ] GC(5264) Archive regions: 2->2
[2025-01-08T20:20:29.570+0000][172499.936s][info][gc,heap     ] GC(5264) Humongous regions: 49->49
[2025-01-08T20:20:29.570+0000][172499.936s][info][gc,metaspace] GC(5264) Metaspace: 523627K(533760K)->523627K(533760K) NonClass: 459783K(465024K)->459783K(465024K) Class: 63844K(68736K)->63844K(68736K)
[2025-01-08T20:20:29.570+0000][172499.936s][info][gc          ] GC(5264) Pause Young (Prepare Mixed) (G1 Evacuation Pause) 9629M->2344M(12288M) 37.163ms
[2025-01-08T20:20:29.570+0000][172499.936s][info][gc,cpu      ] GC(5264) User=0.21s Sys=0.00s Real=0.04s
[2025-01-08T20:20:29.923+0000][172500.289s][info][gc,start    ] GC(5265) Pause Young (Mixed) (G1 Evacuation Pause)
[2025-01-08T20:20:29.923+0000][172500.289s][info][gc,task     ] GC(5265) Using 6 workers of 6 for evacuation
[2025-01-08T20:20:30.013+0000][172500.379s][info][gc,phases   ] GC(5265)   Pre Evacuate Collection Set: 0.2ms
[2025-01-08T20:20:30.013+0000][172500.379s][info][gc,phases   ] GC(5265)   Merge Heap Roots: 1.0ms
[2025-01-08T20:20:30.013+0000][172500.379s][info][gc,phases   ] GC(5265)   Evacuate Collection Set: 85.8ms
[2025-01-08T20:20:30.013+0000][172500.379s][info][gc,phases   ] GC(5265)   Post Evacuate Collection Set: 3.3ms
[2025-01-08T20:20:30.013+0000][172500.379s][info][gc,phases   ] GC(5265)   Other: 0.2ms
[2025-01-08T20:20:30.013+0000][172500.379s][info][gc,heap     ] GC(5265) Eden regions: 66->0(913)
[2025-01-08T20:20:30.013+0000][172500.379s][info][gc,heap     ] GC(5265) Survivor regions: 10->8(10)
[2025-01-08T20:20:30.013+0000][172500.379s][info][gc,heap     ] GC(5265) Old regions: 234->234
[2025-01-08T20:20:30.013+0000][172500.379s][info][gc,heap     ] GC(5265) Archive regions: 2->2
[2025-01-08T20:20:30.013+0000][172500.379s][info][gc,heap     ] GC(5265) Humongous regions: 49->49
[2025-01-08T20:20:30.013+0000][172500.379s][info][gc,metaspace] GC(5265) Metaspace: 523627K(533760K)->523627K(533760K) NonClass: 459783K(465024K)->459783K(465024K) Class: 63844K(68736K)->63844K(68736K)
[2025-01-08T20:20:30.013+0000][172500.379s][info][gc          ] GC(5265) Pause Young (Mixed) (G1 Evacuation Pause) 2872M->2326M(12288M) 90.500ms
[2025-01-08T20:20:30.013+0000][172500.379s][info][gc,cpu      ] GC(5265) User=0.49s Sys=0.00s Real=0.09s
[2025-01-08T20:20:38.019+0000][172508.385s][info][gc,start    ] GC(5266) Pause Young (Normal) (G1 Evacuation Pause)
[2025-01-08T20:20:38.019+0000][172508.385s][info][gc,task     ] GC(5266) Using 6 workers of 6 for evacuation
[2025-01-08T20:20:38.045+0000][172508.411s][info][gc,phases   ] GC(5266)   Pre Evacuate Collection Set: 0.2ms
[2025-01-08T20:20:38.045+0000][172508.411s][info][gc,phases   ] GC(5266)   Merge Heap Roots: 0.5ms
[2025-01-08T20:20:38.045+0000][172508.411s][info][gc,phases   ] GC(5266)   Evacuate Collection Set: 22.3ms
[2025-01-08T20:20:38.045+0000][172508.411s][info][gc,phases   ] GC(5266)   Post Evacuate Collection Set: 3.0ms
[2025-01-08T20:20:38.045+0000][172508.411s][info][gc,phases   ] GC(5266)   Other: 0.2ms
[2025-01-08T20:20:38.045+0000][172508.412s][info][gc,heap     ] GC(5266) Eden regions: 913->0(915)
[2025-01-08T20:20:38.045+0000][172508.412s][info][gc,heap     ] GC(5266) Survivor regions: 8->6(116)
[2025-01-08T20:20:38.045+0000][172508.412s][info][gc,heap     ] GC(5266) Old regions: 234->234
[2025-01-08T20:20:38.045+0000][172508.412s][info][gc,heap     ] GC(5266) Archive regions: 2->2
[2025-01-08T20:20:38.045+0000][172508.412s][info][gc,heap     ] GC(5266) Humongous regions: 49->49
[2025-01-08T20:20:38.045+0000][172508.412s][info][gc,metaspace] GC(5266) Metaspace: 523627K(533760K)->523627K(533760K) NonClass: 459783K(465024K)->459783K(465024K) Class: 63844K(68736K)->63844K(68736K)
[2025-01-08T20:20:38.045+0000][172508.412s][info][gc          ] GC(5266) Pause Young (Normal) (G1 Evacuation Pause) 9630M->2313M(12288M) 26.330ms
[2025-01-08T20:20:38.046+0000][172508.412s][info][gc,cpu      ] GC(5266) User=0.15s Sys=0.00s Real=0.03s
[2025-01-08T20:20:45.461+0000][172515.828s][info][gc,start    ] GC(5267) Pause Young (Normal) (G1 Evacuation Pause)
[2025-01-08T20:20:45.461+0000][172515.828s][info][gc,task     ] GC(5267) Using 6 workers of 6 for evacuation
[2025-01-08T20:20:45.490+0000][172515.856s][info][gc,phases   ] GC(5267)   Pre Evacuate Collection Set: 0.2ms
[2025-01-08T20:20:45.490+0000][172515.856s][info][gc,phases   ] GC(5267)   Merge Heap Roots: 0.4ms
[2025-01-08T20:20:45.490+0000][172515.856s][info][gc,phases   ] GC(5267)   Evacuate Collection Set: 23.8ms
[2025-01-08T20:20:45.490+0000][172515.856s][info][gc,phases   ] GC(5267)   Post Evacuate Collection Set: 3.9ms
[2025-01-08T20:20:45.490+0000][172515.856s][info][gc,phases   ] GC(5267)   Other: 0.2ms
[2025-01-08T20:20:45.490+0000][172515.856s][info][gc,heap     ] GC(5267) Eden regions: 915->0(913)
[2025-01-08T20:20:45.490+0000][172515.856s][info][gc,heap     ] GC(5267) Survivor regions: 6->8(116)
[2025-01-08T20:20:45.490+0000][172515.856s][info][gc,heap     ] GC(5267) Old regions: 234->234
[2025-01-08T20:20:45.490+0000][172515.856s][info][gc,heap     ] GC(5267) Archive regions: 2->2
[2025-01-08T20:20:45.490+0000][172515.856s][info][gc,heap     ] GC(5267) Humongous regions: 49->49
[2025-01-08T20:20:45.490+0000][172515.856s][info][gc,metaspace] GC(5267) Metaspace: 523627K(533760K)->523627K(533760K) NonClass: 459783K(465024K)->459783K(465024K) Class: 63844K(68736K)->63844K(68736K)
[2025-01-08T20:20:45.490+0000][172515.856s][info][gc          ] GC(5267) Pause Young (Normal) (G1 Evacuation Pause) 9633M->2323M(12288M) 28.634ms
[2025-01-08T20:20:45.490+0000][172515.856s][info][gc,cpu      ] GC(5267) User=0.16s Sys=0.00s Real=0.04s
[2025-01-08T20:20:54.685+0000][172525.052s][info][gc,start    ] GC(5268) Pause Young (Concurrent Start) (G1 Evacuation Pause)
[2025-01-08T20:20:54.685+0000][172525.052s][info][gc,task     ] GC(5268) Using 6 workers of 6 for evacuation
[2025-01-08T20:20:54.719+0000][172525.085s][info][gc,phases   ] GC(5268)   Pre Evacuate Collection Set: 1.2ms
[2025-01-08T20:20:54.719+0000][172525.085s][info][gc,phases   ] GC(5268)   Merge Heap Roots: 0.5ms
[2025-01-08T20:20:54.719+0000][172525.085s][info][gc,phases   ] GC(5268)   Evacuate Collection Set: 28.9ms
[2025-01-08T20:20:54.719+0000][172525.085s][info][gc,phases   ] GC(5268)   Post Evacuate Collection Set: 2.7ms
[2025-01-08T20:20:54.719+0000][172525.085s][info][gc,phases   ] GC(5268)   Other: 0.3ms
[2025-01-08T20:20:54.719+0000][172525.085s][info][gc,heap     ] GC(5268) Eden regions: 913->0(913)
[2025-01-08T20:20:54.719+0000][172525.085s][info][gc,heap     ] GC(5268) Survivor regions: 8->8(116)
[2025-01-08T20:20:54.719+0000][172525.085s][info][gc,heap     ] GC(5268) Old regions: 234->234
[2025-01-08T20:20:54.719+0000][172525.085s][info][gc,heap     ] GC(5268) Archive regions: 2->2
[2025-01-08T20:20:54.719+0000][172525.085s][info][gc,heap     ] GC(5268) Humongous regions: 49->49
[2025-01-08T20:20:54.719+0000][172525.085s][info][gc,metaspace] GC(5268) Metaspace: 523630K(533760K)->523630K(533760K) NonClass: 459786K(465024K)->459786K(465024K) Class: 63844K(68736K)->63844K(68736K)
[2025-01-08T20:20:54.719+0000][172525.085s][info][gc          ] GC(5268) Pause Young (Concurrent Start) (G1 Evacuation Pause) 9627M->2327M(12288M) 33.632ms
[2025-01-08T20:20:54.719+0000][172525.085s][info][gc,cpu      ] GC(5268) User=0.19s Sys=0.00s Real=0.03s
[2025-01-08T20:20:54.719+0000][172525.085s][info][gc          ] GC(5269) Concurrent Mark Cycle
[2025-01-08T20:20:54.719+0000][172525.085s][info][gc,marking  ] GC(5269) Concurrent Clear Claimed Marks
[2025-01-08T20:20:54.720+0000][172525.086s][info][gc,marking  ] GC(5269) Concurrent Clear Claimed Marks 0.927ms
[2025-01-08T20:20:54.720+0000][172525.086s][info][gc,marking  ] GC(5269) Concurrent Scan Root Regions
[2025-01-08T20:20:54.748+0000][172525.114s][info][gc,marking  ] GC(5269) Concurrent Scan Root Regions 27.451ms
[2025-01-08T20:20:54.748+0000][172525.114s][info][gc,marking  ] GC(5269) Concurrent Mark
[2025-01-08T20:20:54.748+0000][172525.114s][info][gc,marking  ] GC(5269) Concurrent Mark From Roots
[2025-01-08T20:20:54.748+0000][172525.114s][info][gc,task     ] GC(5269) Using 2 workers of 2 for marking
[2025-01-08T20:20:55.588+0000][172525.954s][info][gc,marking  ] GC(5269) Concurrent Mark From Roots 840.423ms
[2025-01-08T20:20:55.588+0000][172525.954s][info][gc,marking  ] GC(5269) Concurrent Preclean
[2025-01-08T20:20:55.591+0000][172525.957s][info][gc,marking  ] GC(5269) Concurrent Preclean 2.546ms
[2025-01-08T20:20:55.591+0000][172525.957s][info][gc,start    ] GC(5269) Pause Remark
[2025-01-08T20:20:55.647+0000][172526.013s][info][gc          ] GC(5269) Pause Remark 2718M->2718M(12288M) 55.876ms
[2025-01-08T20:20:55.647+0000][172526.013s][info][gc,cpu      ] GC(5269) User=0.30s Sys=0.01s Real=0.05s
[2025-01-08T20:20:55.647+0000][172526.013s][info][gc,marking  ] GC(5269) Concurrent Mark 899.193ms
[2025-01-08T20:20:55.647+0000][172526.013s][info][gc,marking  ] GC(5269) Concurrent Rebuild Remembered Sets
[2025-01-08T20:20:56.138+0000][172526.504s][info][gc,marking  ] GC(5269) Concurrent Rebuild Remembered Sets 491.206ms
[2025-01-08T20:20:56.138+0000][172526.504s][info][gc,start    ] GC(5269) Pause Cleanup
[2025-01-08T20:20:56.139+0000][172526.505s][info][gc          ] GC(5269) Pause Cleanup 2719M->2719M(12288M) 0.416ms
[2025-01-08T20:20:56.139+0000][172526.505s][info][gc,cpu      ] GC(5269) User=0.00s Sys=0.00s Real=0.00s
[2025-01-08T20:20:56.139+0000][172526.505s][info][gc,marking  ] GC(5269) Concurrent Cleanup for Next Mark
[2025-01-08T20:20:56.154+0000][172526.520s][info][gc,marking  ] GC(5269) Concurrent Cleanup for Next Mark 15.428ms
[2025-01-08T20:20:56.154+0000][172526.520s][info][gc          ] GC(5269) Concurrent Mark Cycle 1435.012ms
[2025-01-08T20:21:04.226+0000][172534.592s][info][gc,start    ] GC(5270) Pause Young (Prepare Mixed) (G1 Evacuation Pause)
[2025-01-08T20:21:04.226+0000][172534.592s][info][gc,task     ] GC(5270) Using 6 workers of 6 for evacuation
[2025-01-08T20:21:04.265+0000][172534.632s][info][gc,phases   ] GC(5270)   Pre Evacuate Collection Set: 0.2ms
[2025-01-08T20:21:04.266+0000][172534.632s][info][gc,phases   ] GC(5270)   Merge Heap Roots: 0.7ms
[2025-01-08T20:21:04.266+0000][172534.632s][info][gc,phases   ] GC(5270)   Evacuate Collection Set: 35.6ms
[2025-01-08T20:21:04.266+0000][172534.632s][info][gc,phases   ] GC(5270)   Post Evacuate Collection Set: 2.7ms
[2025-01-08T20:21:04.266+0000][172534.632s][info][gc,phases   ] GC(5270)   Other: 0.2ms
[2025-01-08T20:21:04.266+0000][172534.632s][info][gc,heap     ] GC(5270) Eden regions: 913->0(65)
[2025-01-08T20:21:04.266+0000][172534.632s][info][gc,heap     ] GC(5270) Survivor regions: 8->11(116)
[2025-01-08T20:21:04.266+0000][172534.632s][info][gc,heap     ] GC(5270) Old regions: 234->234
[2025-01-08T20:21:04.266+0000][172534.632s][info][gc,heap     ] GC(5270) Archive regions: 2->2
[2025-01-08T20:21:04.266+0000][172534.632s][info][gc,heap     ] GC(5270) Humongous regions: 49->49
[2025-01-08T20:21:04.266+0000][172534.632s][info][gc,metaspace] GC(5270) Metaspace: 523626K(533760K)->523626K(533760K) NonClass: 459783K(465024K)->459783K(465024K) Class: 63843K(68736K)->63843K(68736K)
[2025-01-08T20:21:04.266+0000][172534.632s][info][gc          ] GC(5270) Pause Young (Prepare Mixed) (G1 Evacuation Pause) 9631M->2347M(12288M) 39.480ms
[2025-01-08T20:21:04.266+0000][172534.632s][info][gc,cpu      ] GC(5270) User=0.23s Sys=0.00s Real=0.04s
[2025-01-08T20:21:04.887+0000][172535.253s][info][gc,start    ] GC(5271) Pause Young (Mixed) (G1 Evacuation Pause)
[2025-01-08T20:21:04.887+0000][172535.253s][info][gc,task     ] GC(5271) Using 6 workers of 6 for evacuation
[2025-01-08T20:21:04.937+0000][172535.303s][info][gc,phases   ] GC(5271)   Pre Evacuate Collection Set: 0.2ms
[2025-01-08T20:21:04.937+0000][172535.303s][info][gc,phases   ] GC(5271)   Merge Heap Roots: 0.5ms
[2025-01-08T20:21:04.937+0000][172535.303s][info][gc,phases   ] GC(5271)   Evacuate Collection Set: 47.8ms
[2025-01-08T20:21:04.937+0000][172535.303s][info][gc,phases   ] GC(5271)   Post Evacuate Collection Set: 1.6ms
[2025-01-08T20:21:04.937+0000][172535.303s][info][gc,phases   ] GC(5271)   Other: 0.2ms
[2025-01-08T20:21:04.937+0000][172535.303s][info][gc,heap     ] GC(5271) Eden regions: 65->0(916)
[2025-01-08T20:21:04.937+0000][172535.303s][info][gc,heap     ] GC(5271) Survivor regions: 11->5(10)
[2025-01-08T20:21:04.937+0000][172535.303s][info][gc,heap     ] GC(5271) Old regions: 234->236
[2025-01-08T20:21:04.937+0000][172535.303s][info][gc,heap     ] GC(5271) Archive regions: 2->2
[2025-01-08T20:21:04.937+0000][172535.303s][info][gc,heap     ] GC(5271) Humongous regions: 49->49
[2025-01-08T20:21:04.937+0000][172535.303s][info][gc,metaspace] GC(5271) Metaspace: 523626K(533760K)->523626K(533760K) NonClass: 459783K(465024K)->459783K(465024K) Class: 63843K(68736K)->63843K(68736K)
[2025-01-08T20:21:04.937+0000][172535.303s][info][gc          ] GC(5271) Pause Young (Mixed) (G1 Evacuation Pause) 2867M->2313M(12288M) 50.302ms
[2025-01-08T20:21:04.937+0000][172535.303s][info][gc,cpu      ] GC(5271) User=0.29s Sys=0.00s Real=0.05s
[2025-01-08T20:21:11.986+0000][172542.352s][info][gc,start    ] GC(5272) Pause Young (Normal) (G1 Evacuation Pause)
[2025-01-08T20:21:11.986+0000][172542.352s][info][gc,task     ] GC(5272) Using 6 workers of 6 for evacuation
[2025-01-08T20:21:12.007+0000][172542.373s][info][gc,phases   ] GC(5272)   Pre Evacuate Collection Set: 0.2ms
[2025-01-08T20:21:12.007+0000][172542.374s][info][gc,phases   ] GC(5272)   Merge Heap Roots: 0.4ms
[2025-01-08T20:21:12.007+0000][172542.374s][info][gc,phases   ] GC(5272)   Evacuate Collection Set: 18.6ms
[2025-01-08T20:21:12.007+0000][172542.374s][info][gc,phases   ] GC(5272)   Post Evacuate Collection Set: 2.4ms
[2025-01-08T20:21:12.007+0000][172542.374s][info][gc,phases   ] GC(5272)   Other: 0.2ms
[2025-01-08T20:21:12.007+0000][172542.374s][info][gc,heap     ] GC(5272) Eden regions: 916->0(916)
[2025-01-08T20:21:12.007+0000][172542.374s][info][gc,heap     ] GC(5272) Survivor regions: 5->5(116)
[2025-01-08T20:21:12.007+0000][172542.374s][info][gc,heap     ] GC(5272) Old regions: 236->236
[2025-01-08T20:21:12.007+0000][172542.374s][info][gc,heap     ] GC(5272) Archive regions: 2->2
[2025-01-08T20:21:12.007+0000][172542.374s][info][gc,heap     ] GC(5272) Humongous regions: 49->49
[2025-01-08T20:21:12.007+0000][172542.374s][info][gc,metaspace] GC(5272) Metaspace: 523626K(533760K)->523626K(533760K) NonClass: 459783K(465024K)->459783K(465024K) Class: 63843K(68736K)->63843K(68736K)
[2025-01-08T20:21:12.007+0000][172542.374s][info][gc          ] GC(5272) Pause Young (Normal) (G1 Evacuation Pause) 9641M->2319M(12288M) 21.939ms
[2025-01-08T20:21:12.008+0000][172542.374s][info][gc,cpu      ] GC(5272) User=0.12s Sys=0.00s Real=0.02s
[2025-01-08T20:21:15.799+0000][172546.165s][info][gc,start    ] GC(5273) Pause Young (Normal) (G1 Evacuation Pause)
[2025-01-08T20:21:15.799+0000][172546.165s][info][gc,task     ] GC(5273) Using 6 workers of 6 for evacuation
[2025-01-08T20:21:15.820+0000][172546.186s][info][gc,phases   ] GC(5273)   Pre Evacuate Collection Set: 0.2ms
[2025-01-08T20:21:15.820+0000][172546.186s][info][gc,phases   ] GC(5273)   Merge Heap Roots: 0.4ms
[2025-01-08T20:21:15.820+0000][172546.186s][info][gc,phases   ] GC(5273)   Evacuate Collection Set: 18.3ms
[2025-01-08T20:21:15.820+0000][172546.186s][info][gc,phases   ] GC(5273)   Post Evacuate Collection Set: 2.3ms
[2025-01-08T20:21:15.820+0000][172546.186s][info][gc,phases   ] GC(5273)   Other: 0.2ms
[2025-01-08T20:21:15.820+0000][172546.186s][info][gc,heap     ] GC(5273) Eden regions: 916->0(915)
[2025-01-08T20:21:15.820+0000][172546.186s][info][gc,heap     ] GC(5273) Survivor regions: 5->6(116)
[2025-01-08T20:21:15.820+0000][172546.186s][info][gc,heap     ] GC(5273) Old regions: 236->236
[2025-01-08T20:21:15.820+0000][172546.186s][info][gc,heap     ] GC(5273) Archive regions: 2->2
[2025-01-08T20:21:15.820+0000][172546.186s][info][gc,heap     ] GC(5273) Humongous regions: 49->49
[2025-01-08T20:21:15.820+0000][172546.186s][info][gc,metaspace] GC(5273) Metaspace: 523627K(533760K)->523627K(533760K) NonClass: 459784K(465024K)->459784K(465024K) Class: 63843K(68736K)->63843K(68736K)
[2025-01-08T20:21:15.820+0000][172546.186s][info][gc          ] GC(5273) Pause Young (Normal) (G1 Evacuation Pause) 9647M->2325M(12288M) 21.391ms
[2025-01-08T20:21:15.820+0000][172546.186s][info][gc,cpu      ] GC(5273) User=0.13s Sys=0.00s Real=0.02s
[2025-01-08T20:21:21.619+0000][172551.985s][info][gc,start    ] GC(5274) Pause Young (Concurrent Start) (G1 Evacuation Pause)
[2025-01-08T20:21:21.619+0000][172551.986s][info][gc,task     ] GC(5274) Using 6 workers of 6 for evacuation
[2025-01-08T20:21:21.647+0000][172552.013s][info][gc,phases   ] GC(5274)   Pre Evacuate Collection Set: 1.1ms
[2025-01-08T20:21:21.647+0000][172552.013s][info][gc,phases   ] GC(5274)   Merge Heap Roots: 0.4ms
[2025-01-08T20:21:21.647+0000][172552.013s][info][gc,phases   ] GC(5274)   Evacuate Collection Set: 22.2ms
[2025-01-08T20:21:21.647+0000][172552.013s][info][gc,phases   ] GC(5274)   Post Evacuate Collection Set: 3.8ms
[2025-01-08T20:21:21.647+0000][172552.013s][info][gc,phases   ] GC(5274)   Other: 0.3ms
[2025-01-08T20:21:21.647+0000][172552.013s][info][gc,heap     ] GC(5274) Eden regions: 915->0(913)
[2025-01-08T20:21:21.647+0000][172552.013s][info][gc,heap     ] GC(5274) Survivor regions: 6->8(116)
[2025-01-08T20:21:21.647+0000][172552.013s][info][gc,heap     ] GC(5274) Old regions: 236->236
[2025-01-08T20:21:21.647+0000][172552.013s][info][gc,heap     ] GC(5274) Archive regions: 2->2
[2025-01-08T20:21:21.647+0000][172552.013s][info][gc,heap     ] GC(5274) Humongous regions: 49->49
[2025-01-08T20:21:21.647+0000][172552.013s][info][gc,metaspace] GC(5274) Metaspace: 523633K(533760K)->523633K(533760K) NonClass: 459790K(465024K)->459790K(465024K) Class: 63843K(68736K)->63843K(68736K)
[2025-01-08T20:21:21.647+0000][172552.013s][info][gc          ] GC(5274) Pause Young (Concurrent Start) (G1 Evacuation Pause) 9645M->2337M(12288M) 27.930ms
[2025-01-08T20:21:21.647+0000][172552.013s][info][gc,cpu      ] GC(5274) User=0.16s Sys=0.00s Real=0.03s
[2025-01-08T20:21:21.647+0000][172552.013s][info][gc          ] GC(5275) Concurrent Mark Cycle
[2025-01-08T20:21:21.647+0000][172552.014s][info][gc,marking  ] GC(5275) Concurrent Clear Claimed Marks
[2025-01-08T20:21:21.648+0000][172552.014s][info][gc,marking  ] GC(5275) Concurrent Clear Claimed Marks 0.859ms
[2025-01-08T20:21:21.648+0000][172552.014s][info][gc,marking  ] GC(5275) Concurrent Scan Root Regions
[2025-01-08T20:21:21.667+0000][172552.033s][info][gc,marking  ] GC(5275) Concurrent Scan Root Regions 18.390ms
[2025-01-08T20:21:21.667+0000][172552.033s][info][gc,marking  ] GC(5275) Concurrent Mark
[2025-01-08T20:21:21.667+0000][172552.033s][info][gc,marking  ] GC(5275) Concurrent Mark From Roots
[2025-01-08T20:21:21.667+0000][172552.033s][info][gc,task     ] GC(5275) Using 2 workers of 2 for marking
[2025-01-08T20:21:22.634+0000][172553.000s][info][gc,marking  ] GC(5275) Concurrent Mark From Roots 967.134ms
[2025-01-08T20:21:22.634+0000][172553.000s][info][gc,marking  ] GC(5275) Concurrent Preclean
[2025-01-08T20:21:22.638+0000][172553.004s][info][gc,marking  ] GC(5275) Concurrent Preclean 3.646ms
[2025-01-08T20:21:22.638+0000][172553.004s][info][gc,start    ] GC(5275) Pause Remark
[2025-01-08T20:21:22.663+0000][172553.029s][info][gc          ] GC(5275) Pause Remark 3317M->3317M(12288M) 25.572ms
[2025-01-08T20:21:22.663+0000][172553.029s][info][gc,cpu      ] GC(5275) User=0.15s Sys=0.00s Real=0.03s
[2025-01-08T20:21:22.663+0000][172553.030s][info][gc,marking  ] GC(5275) Concurrent Mark 996.711ms
[2025-01-08T20:21:22.663+0000][172553.030s][info][gc,marking  ] GC(5275) Concurrent Rebuild Remembered Sets
[2025-01-08T20:21:23.163+0000][172553.529s][info][gc,marking  ] GC(5275) Concurrent Rebuild Remembered Sets 499.758ms
[2025-01-08T20:21:23.163+0000][172553.529s][info][gc,start    ] GC(5275) Pause Cleanup
[2025-01-08T20:21:23.164+0000][172553.530s][info][gc          ] GC(5275) Pause Cleanup 3472M->3472M(12288M) 0.416ms
[2025-01-08T20:21:23.164+0000][172553.530s][info][gc,cpu      ] GC(5275) User=0.00s Sys=0.00s Real=0.00s
[2025-01-08T20:21:23.164+0000][172553.530s][info][gc,marking  ] GC(5275) Concurrent Cleanup for Next Mark
[2025-01-08T20:21:23.179+0000][172553.546s][info][gc,marking  ] GC(5275) Concurrent Cleanup for Next Mark 15.497ms
[2025-01-08T20:21:23.179+0000][172553.546s][info][gc          ] GC(5275) Concurrent Mark Cycle 1532.067ms
[2025-01-08T20:21:29.402+0000][172559.768s][info][gc,start    ] GC(5276) Pause Young (Prepare Mixed) (G1 Evacuation Pause)
[2025-01-08T20:21:29.402+0000][172559.768s][info][gc,task     ] GC(5276) Using 6 workers of 6 for evacuation
[2025-01-08T20:21:29.434+0000][172559.800s][info][gc,phases   ] GC(5276)   Pre Evacuate Collection Set: 0.2ms
[2025-01-08T20:21:29.434+0000][172559.800s][info][gc,phases   ] GC(5276)   Merge Heap Roots: 0.6ms
[2025-01-08T20:21:29.434+0000][172559.800s][info][gc,phases   ] GC(5276)   Evacuate Collection Set: 27.2ms
[2025-01-08T20:21:29.434+0000][172559.800s][info][gc,phases   ] GC(5276)   Post Evacuate Collection Set: 4.1ms
[2025-01-08T20:21:29.434+0000][172559.800s][info][gc,phases   ] GC(5276)   Other: 0.2ms
[2025-01-08T20:21:29.434+0000][172559.800s][info][gc,heap     ] GC(5276) Eden regions: 913->0(67)
[2025-01-08T20:21:29.434+0000][172559.800s][info][gc,heap     ] GC(5276) Survivor regions: 8->9(116)
[2025-01-08T20:21:29.434+0000][172559.800s][info][gc,heap     ] GC(5276) Old regions: 236->236
[2025-01-08T20:21:29.434+0000][172559.800s][info][gc,heap     ] GC(5276) Archive regions: 2->2
[2025-01-08T20:21:29.434+0000][172559.800s][info][gc,heap     ] GC(5276) Humongous regions: 49->49
[2025-01-08T20:21:29.434+0000][172559.800s][info][gc,metaspace] GC(5276) Metaspace: 523633K(533760K)->523633K(533760K) NonClass: 459790K(465024K)->459790K(465024K) Class: 63843K(68736K)->63843K(68736K)
[2025-01-08T20:21:29.434+0000][172559.800s][info][gc          ] GC(5276) Pause Young (Prepare Mixed) (G1 Evacuation Pause) 9641M->2351M(12288M) 32.370ms
[2025-01-08T20:21:29.434+0000][172559.800s][info][gc,cpu      ] GC(5276) User=0.19s Sys=0.00s Real=0.03s
[2025-01-08T20:21:29.824+0000][172560.190s][info][gc,start    ] GC(5277) Pause Young (Mixed) (G1 Evacuation Pause)
[2025-01-08T20:21:29.824+0000][172560.190s][info][gc,task     ] GC(5277) Using 6 workers of 6 for evacuation
[2025-01-08T20:21:29.862+0000][172560.228s][info][gc,phases   ] GC(5277)   Pre Evacuate Collection Set: 0.2ms
[2025-01-08T20:21:29.862+0000][172560.228s][info][gc,phases   ] GC(5277)   Merge Heap Roots: 0.4ms
[2025-01-08T20:21:29.862+0000][172560.228s][info][gc,phases   ] GC(5277)   Evacuate Collection Set: 35.5ms
[2025-01-08T20:21:29.862+0000][172560.228s][info][gc,phases   ] GC(5277)   Post Evacuate Collection Set: 1.7ms
[2025-01-08T20:21:29.862+0000][172560.228s][info][gc,phases   ] GC(5277)   Other: 0.2ms
[2025-01-08T20:21:29.862+0000][172560.228s][info][gc,heap     ] GC(5277) Eden regions: 67->0(916)
[2025-01-08T20:21:29.862+0000][172560.228s][info][gc,heap     ] GC(5277) Survivor regions: 9->5(10)
[2025-01-08T20:21:29.862+0000][172560.228s][info][gc,heap     ] GC(5277) Old regions: 236->233
[2025-01-08T20:21:29.862+0000][172560.228s][info][gc,heap     ] GC(5277) Archive regions: 2->2
[2025-01-08T20:21:29.862+0000][172560.228s][info][gc,heap     ] GC(5277) Humongous regions: 49->49
[2025-01-08T20:21:29.862+0000][172560.228s][info][gc,metaspace] GC(5277) Metaspace: 523633K(533760K)->523633K(533760K) NonClass: 459790K(465024K)->459790K(465024K) Class: 63843K(68736K)->63843K(68736K)
[2025-01-08T20:21:29.862+0000][172560.228s][info][gc          ] GC(5277) Pause Young (Mixed) (G1 Evacuation Pause) 2887M->2299M(12288M) 37.932ms
[2025-01-08T20:21:29.862+0000][172560.228s][info][gc,cpu      ] GC(5277) User=0.22s Sys=0.00s Real=0.04s
[2025-01-08T20:21:37.441+0000][172567.807s][info][gc,start    ] GC(5278) Pause Young (Normal) (G1 Evacuation Pause)
[2025-01-08T20:21:37.441+0000][172567.807s][info][gc,task     ] GC(5278) Using 6 workers of 6 for evacuation
[2025-01-08T20:21:37.465+0000][172567.831s][info][gc,phases   ] GC(5278)   Pre Evacuate Collection Set: 0.2ms
[2025-01-08T20:21:37.465+0000][172567.831s][info][gc,phases   ] GC(5278)   Merge Heap Roots: 0.4ms
[2025-01-08T20:21:37.465+0000][172567.831s][info][gc,phases   ] GC(5278)   Evacuate Collection Set: 19.3ms
[2025-01-08T20:21:37.465+0000][172567.831s][info][gc,phases   ] GC(5278)   Post Evacuate Collection Set: 3.8ms
[2025-01-08T20:21:37.465+0000][172567.831s][info][gc,phases   ] GC(5278)   Other: 0.2ms
[2025-01-08T20:21:37.465+0000][172567.831s][info][gc,heap     ] GC(5278) Eden regions: 916->0(914)
[2025-01-08T20:21:37.465+0000][172567.831s][info][gc,heap     ] GC(5278) Survivor regions: 5->7(116)
[2025-01-08T20:21:37.465+0000][172567.831s][info][gc,heap     ] GC(5278) Old regions: 233->233
[2025-01-08T20:21:37.465+0000][172567.831s][info][gc,heap     ] GC(5278) Archive regions: 2->2
[2025-01-08T20:21:37.465+0000][172567.831s][info][gc,heap     ] GC(5278) Humongous regions: 49->49
[2025-01-08T20:21:37.465+0000][172567.831s][info][gc,metaspace] GC(5278) Metaspace: 523633K(533760K)->523633K(533760K) NonClass: 459790K(465024K)->459790K(465024K) Class: 63843K(68736K)->63843K(68736K)
[2025-01-08T20:21:37.465+0000][172567.831s][info][gc          ] GC(5278) Pause Young (Normal) (G1 Evacuation Pause) 9627M->2313M(12288M) 24.017ms
[2025-01-08T20:21:37.465+0000][172567.831s][info][gc,cpu      ] GC(5278) User=0.13s Sys=0.01s Real=0.03s
[2025-01-08T20:21:48.711+0000][172579.077s][info][gc,start    ] GC(5279) Pause Young (Normal) (G1 Evacuation Pause)
[2025-01-08T20:21:48.711+0000][172579.077s][info][gc,task     ] GC(5279) Using 6 workers of 6 for evacuation
[2025-01-08T20:21:48.741+0000][172579.108s][info][gc,phases   ] GC(5279)   Pre Evacuate Collection Set: 0.2ms
[2025-01-08T20:21:48.741+0000][172579.108s][info][gc,phases   ] GC(5279)   Merge Heap Roots: 0.4ms
[2025-01-08T20:21:48.741+0000][172579.108s][info][gc,phases   ] GC(5279)   Evacuate Collection Set: 27.1ms
[2025-01-08T20:21:48.742+0000][172579.108s][info][gc,phases   ] GC(5279)   Post Evacuate Collection Set: 2.8ms
[2025-01-08T20:21:48.742+0000][172579.108s][info][gc,phases   ] GC(5279)   Other: 0.2ms
[2025-01-08T20:21:48.742+0000][172579.108s][info][gc,heap     ] GC(5279) Eden regions: 914->0(913)
[2025-01-08T20:21:48.742+0000][172579.108s][info][gc,heap     ] GC(5279) Survivor regions: 7->8(116)
[2025-01-08T20:21:48.742+0000][172579.108s][info][gc,heap     ] GC(5279) Old regions: 233->233
[2025-01-08T20:21:48.742+0000][172579.108s][info][gc,heap     ] GC(5279) Archive regions: 2->2
[2025-01-08T20:21:48.742+0000][172579.108s][info][gc,heap     ] GC(5279) Humongous regions: 49->49
[2025-01-08T20:21:48.742+0000][172579.108s][info][gc,metaspace] GC(5279) Metaspace: 523633K(533760K)->523633K(533760K) NonClass: 459790K(465024K)->459790K(465024K) Class: 63843K(68736K)->63843K(68736K)
[2025-01-08T20:21:48.742+0000][172579.108s][info][gc          ] GC(5279) Pause Young (Normal) (G1 Evacuation Pause) 9625M->2318M(12288M) 30.841ms
[2025-01-08T20:21:48.742+0000][172579.108s][info][gc,cpu      ] GC(5279) User=0.18s Sys=0.00s Real=0.03s
[2025-01-08T20:21:57.806+0000][172588.172s][info][gc,start    ] GC(5280) Pause Young (Concurrent Start) (G1 Evacuation Pause)
[2025-01-08T20:21:57.806+0000][172588.172s][info][gc,task     ] GC(5280) Using 6 workers of 6 for evacuation
[2025-01-08T20:21:57.843+0000][172588.209s][info][gc,phases   ] GC(5280)   Pre Evacuate Collection Set: 1.1ms
[2025-01-08T20:21:57.843+0000][172588.209s][info][gc,phases   ] GC(5280)   Merge Heap Roots: 0.5ms
[2025-01-08T20:21:57.843+0000][172588.209s][info][gc,phases   ] GC(5280)   Evacuate Collection Set: 32.4ms
[2025-01-08T20:21:57.843+0000][172588.209s][info][gc,phases   ] GC(5280)   Post Evacuate Collection Set: 2.7ms
[2025-01-08T20:21:57.843+0000][172588.209s][info][gc,phases   ] GC(5280)   Other: 0.3ms
[2025-01-08T20:21:57.843+0000][172588.209s][info][gc,heap     ] GC(5280) Eden regions: 913->0(910)
[2025-01-08T20:21:57.843+0000][172588.209s][info][gc,heap     ] GC(5280) Survivor regions: 8->11(116)
[2025-01-08T20:21:57.843+0000][172588.209s][info][gc,heap     ] GC(5280) Old regions: 233->233
[2025-01-08T20:21:57.843+0000][172588.209s][info][gc,heap     ] GC(5280) Archive regions: 2->2
[2025-01-08T20:21:57.843+0000][172588.209s][info][gc,heap     ] GC(5280) Humongous regions: 49->49
[2025-01-08T20:21:57.843+0000][172588.209s][info][gc,metaspace] GC(5280) Metaspace: 523633K(533760K)->523633K(533760K) NonClass: 459790K(465024K)->459790K(465024K) Class: 63843K(68736K)->63843K(68736K)
[2025-01-08T20:21:57.843+0000][172588.209s][info][gc          ] GC(5280) Pause Young (Concurrent Start) (G1 Evacuation Pause) 9622M->2343M(12288M) 37.028ms
[2025-01-08T20:21:57.843+0000][172588.209s][info][gc,cpu      ] GC(5280) User=0.21s Sys=0.01s Real=0.04s
[2025-01-08T20:21:57.843+0000][172588.209s][info][gc          ] GC(5281) Concurrent Mark Cycle
[2025-01-08T20:21:57.843+0000][172588.209s][info][gc,marking  ] GC(5281) Concurrent Clear Claimed Marks
[2025-01-08T20:21:57.844+0000][172588.210s][info][gc,marking  ] GC(5281) Concurrent Clear Claimed Marks 0.968ms
[2025-01-08T20:21:57.844+0000][172588.210s][info][gc,marking  ] GC(5281) Concurrent Scan Root Regions
[2025-01-08T20:21:57.880+0000][172588.247s][info][gc,marking  ] GC(5281) Concurrent Scan Root Regions 36.777ms
[2025-01-08T20:21:57.881+0000][172588.247s][info][gc,marking  ] GC(5281) Concurrent Mark
[2025-01-08T20:21:57.881+0000][172588.247s][info][gc,marking  ] GC(5281) Concurrent Mark From Roots
[2025-01-08T20:21:57.881+0000][172588.247s][info][gc,task     ] GC(5281) Using 2 workers of 2 for marking
[2025-01-08T20:21:58.789+0000][172589.155s][info][gc,marking  ] GC(5281) Concurrent Mark From Roots 908.249ms
[2025-01-08T20:21:58.789+0000][172589.155s][info][gc,marking  ] GC(5281) Concurrent Preclean
[2025-01-08T20:21:58.791+0000][172589.158s][info][gc,marking  ] GC(5281) Concurrent Preclean 2.669ms
[2025-01-08T20:21:58.792+0000][172589.158s][info][gc,start    ] GC(5281) Pause Remark
[2025-01-08T20:21:58.817+0000][172589.183s][info][gc          ] GC(5281) Pause Remark 3431M->3431M(12288M) 25.269ms
[2025-01-08T20:21:58.817+0000][172589.183s][info][gc,cpu      ] GC(5281) User=0.14s Sys=0.00s Real=0.02s
[2025-01-08T20:21:58.817+0000][172589.183s][info][gc,marking  ] GC(5281) Concurrent Mark 936.474ms
[2025-01-08T20:21:58.817+0000][172589.183s][info][gc,marking  ] GC(5281) Concurrent Rebuild Remembered Sets
[2025-01-08T20:21:59.315+0000][172589.681s][info][gc,marking  ] GC(5281) Concurrent Rebuild Remembered Sets 497.628ms
[2025-01-08T20:21:59.315+0000][172589.681s][info][gc,start    ] GC(5281) Pause Cleanup
[2025-01-08T20:21:59.315+0000][172589.682s][info][gc          ] GC(5281) Pause Cleanup 3859M->3859M(12288M) 0.609ms
[2025-01-08T20:21:59.315+0000][172589.682s][info][gc,cpu      ] GC(5281) User=0.00s Sys=0.00s Real=0.00s
[2025-01-08T20:21:59.316+0000][172589.682s][info][gc,marking  ] GC(5281) Concurrent Cleanup for Next Mark
[2025-01-08T20:21:59.331+0000][172589.697s][info][gc,marking  ] GC(5281) Concurrent Cleanup for Next Mark 15.727ms
[2025-01-08T20:21:59.331+0000][172589.697s][info][gc          ] GC(5281) Concurrent Mark Cycle 1488.670ms
[2025-01-08T20:22:04.744+0000][172595.110s][info][gc,start    ] GC(5282) Pause Young (Prepare Mixed) (G1 Evacuation Pause)
[2025-01-08T20:22:04.744+0000][172595.110s][info][gc,task     ] GC(5282) Using 6 workers of 6 for evacuation
[2025-01-08T20:22:04.785+0000][172595.151s][info][gc,phases   ] GC(5282)   Pre Evacuate Collection Set: 0.2ms
[2025-01-08T20:22:04.785+0000][172595.151s][info][gc,phases   ] GC(5282)   Merge Heap Roots: 0.7ms
[2025-01-08T20:22:04.785+0000][172595.151s][info][gc,phases   ] GC(5282)   Evacuate Collection Set: 37.4ms
[2025-01-08T20:22:04.785+0000][172595.151s][info][gc,phases   ] GC(5282)   Post Evacuate Collection Set: 2.9ms
[2025-01-08T20:22:04.785+0000][172595.151s][info][gc,phases   ] GC(5282)   Other: 0.2ms
[2025-01-08T20:22:04.785+0000][172595.151s][info][gc,heap     ] GC(5282) Eden regions: 910->0(65)
[2025-01-08T20:22:04.785+0000][172595.151s][info][gc,heap     ] GC(5282) Survivor regions: 11->11(116)
[2025-01-08T20:22:04.785+0000][172595.151s][info][gc,heap     ] GC(5282) Old regions: 233->233
[2025-01-08T20:22:04.785+0000][172595.151s][info][gc,heap     ] GC(5282) Archive regions: 2->2
[2025-01-08T20:22:04.785+0000][172595.151s][info][gc,heap     ] GC(5282) Humongous regions: 49->49
[2025-01-08T20:22:04.785+0000][172595.151s][info][gc,metaspace] GC(5282) Metaspace: 523633K(533760K)->523633K(533760K) NonClass: 459790K(465024K)->459790K(465024K) Class: 63843K(68736K)->63843K(68736K)
[2025-01-08T20:22:04.785+0000][172595.151s][info][gc          ] GC(5282) Pause Young (Prepare Mixed) (G1 Evacuation Pause) 9623M->2348M(12288M) 41.446ms
[2025-01-08T20:22:04.785+0000][172595.151s][info][gc,cpu      ] GC(5282) User=0.24s Sys=0.00s Real=0.04s
[2025-01-08T20:22:05.344+0000][172595.710s][info][gc,start    ] GC(5283) Pause Young (Mixed) (G1 Evacuation Pause)
[2025-01-08T20:22:05.344+0000][172595.710s][info][gc,task     ] GC(5283) Using 6 workers of 6 for evacuation
[2025-01-08T20:22:05.409+0000][172595.775s][info][gc,phases   ] GC(5283)   Pre Evacuate Collection Set: 0.2ms
[2025-01-08T20:22:05.409+0000][172595.775s][info][gc,phases   ] GC(5283)   Merge Heap Roots: 0.7ms
[2025-01-08T20:22:05.409+0000][172595.775s][info][gc,phases   ] GC(5283)   Evacuate Collection Set: 62.3ms
[2025-01-08T20:22:05.409+0000][172595.775s][info][gc,phases   ] GC(5283)   Post Evacuate Collection Set: 1.7ms
[2025-01-08T20:22:05.409+0000][172595.775s][info][gc,phases   ] GC(5283)   Other: 0.2ms
[2025-01-08T20:22:05.409+0000][172595.775s][info][gc,heap     ] GC(5283) Eden regions: 65->0(914)
[2025-01-08T20:22:05.409+0000][172595.775s][info][gc,heap     ] GC(5283) Survivor regions: 11->7(10)
[2025-01-08T20:22:05.409+0000][172595.775s][info][gc,heap     ] GC(5283) Old regions: 233->233
[2025-01-08T20:22:05.409+0000][172595.775s][info][gc,heap     ] GC(5283) Archive regions: 2->2
[2025-01-08T20:22:05.409+0000][172595.775s][info][gc,heap     ] GC(5283) Humongous regions: 49->49
[2025-01-08T20:22:05.409+0000][172595.775s][info][gc,metaspace] GC(5283) Metaspace: 523633K(533760K)->523633K(533760K) NonClass: 459790K(465024K)->459790K(465024K) Class: 63843K(68736K)->63843K(68736K)
[2025-01-08T20:22:05.409+0000][172595.775s][info][gc          ] GC(5283) Pause Young (Mixed) (G1 Evacuation Pause) 2868M->2308M(12288M) 65.205ms
[2025-01-08T20:22:05.409+0000][172595.775s][info][gc,cpu      ] GC(5283) User=0.39s Sys=0.00s Real=0.06s
[2025-01-08T20:22:11.848+0000][172602.214s][info][gc,start    ] GC(5284) Pause Young (Normal) (G1 Evacuation Pause)
[2025-01-08T20:22:11.848+0000][172602.214s][info][gc,task     ] GC(5284) Using 6 workers of 6 for evacuation
[2025-01-08T20:22:11.873+0000][172602.239s][info][gc,phases   ] GC(5284)   Pre Evacuate Collection Set: 0.2ms
[2025-01-08T20:22:11.873+0000][172602.239s][info][gc,phases   ] GC(5284)   Merge Heap Roots: 0.4ms
[2025-01-08T20:22:11.873+0000][172602.239s][info][gc,phases   ] GC(5284)   Evacuate Collection Set: 21.8ms
[2025-01-08T20:22:11.873+0000][172602.239s][info][gc,phases   ] GC(5284)   Post Evacuate Collection Set: 2.4ms
[2025-01-08T20:22:11.873+0000][172602.239s][info][gc,phases   ] GC(5284)   Other: 0.2ms
[2025-01-08T20:22:11.873+0000][172602.239s][info][gc,heap     ] GC(5284) Eden regions: 914->0(914)
[2025-01-08T20:22:11.873+0000][172602.239s][info][gc,heap     ] GC(5284) Survivor regions: 7->7(116)
[2025-01-08T20:22:11.873+0000][172602.239s][info][gc,heap     ] GC(5284) Old regions: 233->233
[2025-01-08T20:22:11.873+0000][172602.239s][info][gc,heap     ] GC(5284) Archive regions: 2->2
[2025-01-08T20:22:11.873+0000][172602.239s][info][gc,heap     ] GC(5284) Humongous regions: 49->49
[2025-01-08T20:22:11.873+0000][172602.239s][info][gc,metaspace] GC(5284) Metaspace: 523633K(533760K)->523633K(533760K) NonClass: 459790K(465024K)->459790K(465024K) Class: 63843K(68736K)->63843K(68736K)
[2025-01-08T20:22:11.873+0000][172602.239s][info][gc          ] GC(5284) Pause Young (Normal) (G1 Evacuation Pause) 9620M->2308M(12288M) 25.125ms
[2025-01-08T20:22:11.873+0000][172602.239s][info][gc,cpu      ] GC(5284) User=0.14s Sys=0.00s Real=0.03s
[2025-01-08T20:22:19.769+0000][172610.135s][info][gc,start    ] GC(5285) Pause Young (Normal) (G1 Evacuation Pause)
[2025-01-08T20:22:19.769+0000][172610.135s][info][gc,task     ] GC(5285) Using 6 workers of 6 for evacuation
[2025-01-08T20:22:19.799+0000][172610.165s][info][gc,phases   ] GC(5285)   Pre Evacuate Collection Set: 0.2ms
[2025-01-08T20:22:19.799+0000][172610.165s][info][gc,phases   ] GC(5285)   Merge Heap Roots: 0.5ms
[2025-01-08T20:22:19.799+0000][172610.165s][info][gc,phases   ] GC(5285)   Evacuate Collection Set: 25.7ms
[2025-01-08T20:22:19.799+0000][172610.165s][info][gc,phases   ] GC(5285)   Post Evacuate Collection Set: 4.0ms
[2025-01-08T20:22:19.799+0000][172610.165s][info][gc,phases   ] GC(5285)   Other: 0.2ms
[2025-01-08T20:22:19.799+0000][172610.165s][info][gc,heap     ] GC(5285) Eden regions: 914->0(910)
[2025-01-08T20:22:19.799+0000][172610.165s][info][gc,heap     ] GC(5285) Survivor regions: 7->11(116)
[2025-01-08T20:22:19.799+0000][172610.165s][info][gc,heap     ] GC(5285) Old regions: 233->233
[2025-01-08T20:22:19.799+0000][172610.165s][info][gc,heap     ] GC(5285) Archive regions: 2->2
[2025-01-08T20:22:19.799+0000][172610.165s][info][gc,heap     ] GC(5285) Humongous regions: 49->49
[2025-01-08T20:22:19.799+0000][172610.165s][info][gc,metaspace] GC(5285) Metaspace: 523633K(533760K)->523633K(533760K) NonClass: 459790K(465024K)->459790K(465024K) Class: 63843K(68736K)->63843K(68736K)
[2025-01-08T20:22:19.799+0000][172610.165s][info][gc          ] GC(5285) Pause Young (Normal) (G1 Evacuation Pause) 9620M->2336M(12288M) 30.611ms
[2025-01-08T20:22:19.799+0000][172610.165s][info][gc,cpu      ] GC(5285) User=0.17s Sys=0.00s Real=0.03s
[2025-01-08T20:22:29.393+0000][172619.759s][info][gc,start    ] GC(5286) Pause Young (Concurrent Start) (G1 Evacuation Pause)
[2025-01-08T20:22:29.393+0000][172619.759s][info][gc,task     ] GC(5286) Using 6 workers of 6 for evacuation
[2025-01-08T20:22:29.428+0000][172619.794s][info][gc,phases   ] GC(5286)   Pre Evacuate Collection Set: 1.2ms
[2025-01-08T20:22:29.428+0000][172619.794s][info][gc,phases   ] GC(5286)   Merge Heap Roots: 0.5ms
[2025-01-08T20:22:29.428+0000][172619.794s][info][gc,phases   ] GC(5286)   Evacuate Collection Set: 28.7ms
[2025-01-08T20:22:29.428+0000][172619.794s][info][gc,phases   ] GC(5286)   Post Evacuate Collection Set: 3.9ms
[2025-01-08T20:22:29.428+0000][172619.794s][info][gc,phases   ] GC(5286)   Other: 0.3ms
[2025-01-08T20:22:29.428+0000][172619.794s][info][gc,heap     ] GC(5286) Eden regions: 910->0(911)
[2025-01-08T20:22:29.428+0000][172619.794s][info][gc,heap     ] GC(5286) Survivor regions: 11->10(116)
[2025-01-08T20:22:29.428+0000][172619.794s][info][gc,heap     ] GC(5286) Old regions: 233->233
[2025-01-08T20:22:29.428+0000][172619.794s][info][gc,heap     ] GC(5286) Archive regions: 2->2
[2025-01-08T20:22:29.428+0000][172619.794s][info][gc,heap     ] GC(5286) Humongous regions: 49->49
[2025-01-08T20:22:29.428+0000][172619.794s][info][gc,metaspace] GC(5286) Metaspace: 523633K(533760K)->523633K(533760K) NonClass: 459790K(465024K)->459790K(465024K) Class: 63843K(68736K)->63843K(68736K)
[2025-01-08T20:22:29.428+0000][172619.794s][info][gc          ] GC(5286) Pause Young (Concurrent Start) (G1 Evacuation Pause) 9616M->2329M(12288M) 34.632ms
[2025-01-08T20:22:29.428+0000][172619.794s][info][gc,cpu      ] GC(5286) User=0.20s Sys=0.00s Real=0.03s
[2025-01-08T20:22:29.428+0000][172619.794s][info][gc          ] GC(5287) Concurrent Mark Cycle
[2025-01-08T20:22:29.428+0000][172619.794s][info][gc,marking  ] GC(5287) Concurrent Clear Claimed Marks
[2025-01-08T20:22:29.429+0000][172619.795s][info][gc,marking  ] GC(5287) Concurrent Clear Claimed Marks 0.923ms
[2025-01-08T20:22:29.429+0000][172619.795s][info][gc,marking  ] GC(5287) Concurrent Scan Root Regions
[2025-01-08T20:22:29.450+0000][172619.816s][info][gc,marking  ] GC(5287) Concurrent Scan Root Regions 21.190ms
[2025-01-08T20:22:29.450+0000][172619.816s][info][gc,marking  ] GC(5287) Concurrent Mark
[2025-01-08T20:22:29.450+0000][172619.816s][info][gc,marking  ] GC(5287) Concurrent Mark From Roots
[2025-01-08T20:22:29.450+0000][172619.816s][info][gc,task     ] GC(5287) Using 2 workers of 2 for marking
[2025-01-08T20:22:30.446+0000][172620.812s][info][gc,marking  ] GC(5287) Concurrent Mark From Roots 995.839ms
[2025-01-08T20:22:30.446+0000][172620.812s][info][gc,marking  ] GC(5287) Concurrent Preclean
[2025-01-08T20:22:30.448+0000][172620.815s][info][gc,marking  ] GC(5287) Concurrent Preclean 2.589ms
[2025-01-08T20:22:30.449+0000][172620.815s][info][gc,start    ] GC(5287) Pause Remark
[2025-01-08T20:22:30.474+0000][172620.840s][info][gc          ] GC(5287) Pause Remark 3893M->3893M(12288M) 25.248ms
[2025-01-08T20:22:30.474+0000][172620.840s][info][gc,cpu      ] GC(5287) User=0.14s Sys=0.00s Real=0.03s
[2025-01-08T20:22:30.474+0000][172620.840s][info][gc,marking  ] GC(5287) Concurrent Mark 1023.991ms
[2025-01-08T20:22:30.474+0000][172620.840s][info][gc,marking  ] GC(5287) Concurrent Rebuild Remembered Sets
[2025-01-08T20:22:31.093+0000][172621.459s][info][gc,marking  ] GC(5287) Concurrent Rebuild Remembered Sets 618.580ms
[2025-01-08T20:22:31.093+0000][172621.459s][info][gc,start    ] GC(5287) Pause Cleanup
[2025-01-08T20:22:31.093+0000][172621.459s][info][gc          ] GC(5287) Pause Cleanup 4737M->4737M(12288M) 0.411ms
[2025-01-08T20:22:31.093+0000][172621.459s][info][gc,cpu      ] GC(5287) User=0.00s Sys=0.00s Real=0.00s
[2025-01-08T20:22:31.093+0000][172621.459s][info][gc,marking  ] GC(5287) Concurrent Cleanup for Next Mark
[2025-01-08T20:22:31.110+0000][172621.476s][info][gc,marking  ] GC(5287) Concurrent Cleanup for Next Mark 16.452ms
[2025-01-08T20:22:31.110+0000][172621.476s][info][gc          ] GC(5287) Concurrent Mark Cycle 1682.033ms
[2025-01-08T20:22:37.512+0000][172627.878s][info][gc,start    ] GC(5288) Pause Young (Prepare Mixed) (G1 Evacuation Pause)
[2025-01-08T20:22:37.512+0000][172627.878s][info][gc,task     ] GC(5288) Using 6 workers of 6 for evacuation
[2025-01-08T20:22:37.550+0000][172627.917s][info][gc,phases   ] GC(5288)   Pre Evacuate Collection Set: 0.2ms
[2025-01-08T20:22:37.550+0000][172627.917s][info][gc,phases   ] GC(5288)   Merge Heap Roots: 0.7ms
[2025-01-08T20:22:37.550+0000][172627.917s][info][gc,phases   ] GC(5288)   Evacuate Collection Set: 33.2ms
[2025-01-08T20:22:37.550+0000][172627.917s][info][gc,phases   ] GC(5288)   Post Evacuate Collection Set: 4.2ms
[2025-01-08T20:22:37.550+0000][172627.917s][info][gc,phases   ] GC(5288)   Other: 0.2ms
[2025-01-08T20:22:37.550+0000][172627.917s][info][gc,heap     ] GC(5288) Eden regions: 911->0(65)
[2025-01-08T20:22:37.550+0000][172627.917s][info][gc,heap     ] GC(5288) Survivor regions: 10->11(116)
[2025-01-08T20:22:37.550+0000][172627.917s][info][gc,heap     ] GC(5288) Old regions: 233->233
[2025-01-08T20:22:37.551+0000][172627.917s][info][gc,heap     ] GC(5288) Archive regions: 2->2
[2025-01-08T20:22:37.551+0000][172627.917s][info][gc,heap     ] GC(5288) Humongous regions: 49->49
[2025-01-08T20:22:37.551+0000][172627.917s][info][gc,metaspace] GC(5288) Metaspace: 523634K(533760K)->523634K(533760K) NonClass: 459791K(465024K)->459791K(465024K) Class: 63843K(68736K)->63843K(68736K)
[2025-01-08T20:22:37.551+0000][172627.917s][info][gc          ] GC(5288) Pause Young (Prepare Mixed) (G1 Evacuation Pause) 9617M->2337M(12288M) 38.573ms
[2025-01-08T20:22:37.551+0000][172627.917s][info][gc,cpu      ] GC(5288) User=0.23s Sys=0.00s Real=0.04s
[2025-01-08T20:22:38.128+0000][172628.494s][info][gc,start    ] GC(5289) Pause Young (Mixed) (G1 Evacuation Pause)
[2025-01-08T20:22:38.128+0000][172628.494s][info][gc,task     ] GC(5289) Using 6 workers of 6 for evacuation
[2025-01-08T20:22:38.189+0000][172628.555s][info][gc,phases   ] GC(5289)   Pre Evacuate Collection Set: 0.2ms
[2025-01-08T20:22:38.189+0000][172628.555s][info][gc,phases   ] GC(5289)   Merge Heap Roots: 0.6ms
[2025-01-08T20:22:38.189+0000][172628.555s][info][gc,phases   ] GC(5289)   Evacuate Collection Set: 58.3ms
[2025-01-08T20:22:38.189+0000][172628.555s][info][gc,phases   ] GC(5289)   Post Evacuate Collection Set: 1.8ms
[2025-01-08T20:22:38.189+0000][172628.555s][info][gc,phases   ] GC(5289)   Other: 0.2ms
[2025-01-08T20:22:38.189+0000][172628.555s][info][gc,heap     ] GC(5289) Eden regions: 65->0(916)
[2025-01-08T20:22:38.189+0000][172628.555s][info][gc,heap     ] GC(5289) Survivor regions: 11->5(10)
[2025-01-08T20:22:38.189+0000][172628.555s][info][gc,heap     ] GC(5289) Old regions: 233->234
[2025-01-08T20:22:38.189+0000][172628.555s][info][gc,heap     ] GC(5289) Archive regions: 2->2
[2025-01-08T20:22:38.189+0000][172628.555s][info][gc,heap     ] GC(5289) Humongous regions: 49->49
[2025-01-08T20:22:38.189+0000][172628.555s][info][gc,metaspace] GC(5289) Metaspace: 523634K(533760K)->523634K(533760K) NonClass: 459791K(465024K)->459791K(465024K) Class: 63843K(68736K)->63843K(68736K)
[2025-01-08T20:22:38.189+0000][172628.555s][info][gc          ] GC(5289) Pause Young (Mixed) (G1 Evacuation Pause) 2857M->2303M(12288M) 61.182ms
[2025-01-08T20:22:38.189+0000][172628.555s][info][gc,cpu      ] GC(5289) User=0.35s Sys=0.00s Real=0.06s
[2025-01-08T20:22:48.543+0000][172638.909s][info][gc,start    ] GC(5290) Pause Young (Normal) (G1 Evacuation Pause)
[2025-01-08T20:22:48.543+0000][172638.909s][info][gc,task     ] GC(5290) Using 6 workers of 6 for evacuation
[2025-01-08T20:22:48.571+0000][172638.937s][info][gc,phases   ] GC(5290)   Pre Evacuate Collection Set: 0.2ms
[2025-01-08T20:22:48.571+0000][172638.937s][info][gc,phases   ] GC(5290)   Merge Heap Roots: 0.5ms
[2025-01-08T20:22:48.571+0000][172638.937s][info][gc,phases   ] GC(5290)   Evacuate Collection Set: 24.2ms
[2025-01-08T20:22:48.571+0000][172638.937s][info][gc,phases   ] GC(5290)   Post Evacuate Collection Set: 2.5ms
[2025-01-08T20:22:48.571+0000][172638.937s][info][gc,phases   ] GC(5290)   Other: 0.2ms
[2025-01-08T20:22:48.571+0000][172638.937s][info][gc,heap     ] GC(5290) Eden regions: 916->0(916)
[2025-01-08T20:22:48.571+0000][172638.937s][info][gc,heap     ] GC(5290) Survivor regions: 5->5(116)
[2025-01-08T20:22:48.571+0000][172638.937s][info][gc,heap     ] GC(5290) Old regions: 234->234
[2025-01-08T20:22:48.571+0000][172638.937s][info][gc,heap     ] GC(5290) Archive regions: 2->2
[2025-01-08T20:22:48.571+0000][172638.937s][info][gc,heap     ] GC(5290) Humongous regions: 49->49
[2025-01-08T20:22:48.571+0000][172638.937s][info][gc,metaspace] GC(5290) Metaspace: 523635K(533760K)->523635K(533760K) NonClass: 459792K(465024K)->459792K(465024K) Class: 63843K(68736K)->63843K(68736K)
[2025-01-08T20:22:48.571+0000][172638.937s][info][gc          ] GC(5290) Pause Young (Normal) (G1 Evacuation Pause) 9631M->2306M(12288M) 27.673ms
[2025-01-08T20:22:48.571+0000][172638.937s][info][gc,cpu      ] GC(5290) User=0.16s Sys=0.00s Real=0.03s
[2025-01-08T20:22:58.607+0000][172648.973s][info][gc,start    ] GC(5291) Pause Young (Normal) (G1 Evacuation Pause)
[2025-01-08T20:22:58.607+0000][172648.973s][info][gc,task     ] GC(5291) Using 6 workers of 6 for evacuation
[2025-01-08T20:22:58.638+0000][172649.004s][info][gc,phases   ] GC(5291)   Pre Evacuate Collection Set: 0.2ms
[2025-01-08T20:22:58.638+0000][172649.004s][info][gc,phases   ] GC(5291)   Merge Heap Roots: 0.5ms
[2025-01-08T20:22:58.638+0000][172649.004s][info][gc,phases   ] GC(5291)   Evacuate Collection Set: 27.8ms
[2025-01-08T20:22:58.638+0000][172649.004s][info][gc,phases   ] GC(5291)   Post Evacuate Collection Set: 2.5ms
[2025-01-08T20:22:58.638+0000][172649.004s][info][gc,phases   ] GC(5291)   Other: 0.2ms
[2025-01-08T20:22:58.638+0000][172649.004s][info][gc,heap     ] GC(5291) Eden regions: 916->0(913)
[2025-01-08T20:22:58.638+0000][172649.004s][info][gc,heap     ] GC(5291) Survivor regions: 5->8(116)
[2025-01-08T20:22:58.638+0000][172649.004s][info][gc,heap     ] GC(5291) Old regions: 234->234
[2025-01-08T20:22:58.638+0000][172649.004s][info][gc,heap     ] GC(5291) Archive regions: 2->2
[2025-01-08T20:22:58.638+0000][172649.004s][info][gc,heap     ] GC(5291) Humongous regions: 49->49
[2025-01-08T20:22:58.638+0000][172649.004s][info][gc,metaspace] GC(5291) Metaspace: 523635K(533760K)->523635K(533760K) NonClass: 459792K(465024K)->459792K(465024K) Class: 63843K(68736K)->63843K(68736K)
[2025-01-08T20:22:58.638+0000][172649.004s][info][gc          ] GC(5291) Pause Young (Normal) (G1 Evacuation Pause) 9634M->2327M(12288M) 31.216ms
[2025-01-08T20:22:58.638+0000][172649.004s][info][gc,cpu      ] GC(5291) User=0.18s Sys=0.00s Real=0.03s
[2025-01-08T20:23:07.291+0000][172657.657s][info][gc,start    ] GC(5292) Pause Young (Concurrent Start) (G1 Evacuation Pause)
[2025-01-08T20:23:07.291+0000][172657.657s][info][gc,task     ] GC(5292) Using 6 workers of 6 for evacuation
[2025-01-08T20:23:07.328+0000][172657.694s][info][gc,phases   ] GC(5292)   Pre Evacuate Collection Set: 1.1ms
[2025-01-08T20:23:07.328+0000][172657.694s][info][gc,phases   ] GC(5292)   Merge Heap Roots: 0.5ms
[2025-01-08T20:23:07.328+0000][172657.694s][info][gc,phases   ] GC(5292)   Evacuate Collection Set: 32.1ms
[2025-01-08T20:23:07.328+0000][172657.694s][info][gc,phases   ] GC(5292)   Post Evacuate Collection Set: 2.8ms
[2025-01-08T20:23:07.328+0000][172657.694s][info][gc,phases   ] GC(5292)   Other: 0.3ms
[2025-01-08T20:23:07.328+0000][172657.694s][info][gc,heap     ] GC(5292) Eden regions: 913->0(911)
[2025-01-08T20:23:07.328+0000][172657.694s][info][gc,heap     ] GC(5292) Survivor regions: 8->10(116)
[2025-01-08T20:23:07.328+0000][172657.694s][info][gc,heap     ] GC(5292) Old regions: 234->234
[2025-01-08T20:23:07.328+0000][172657.694s][info][gc,heap     ] GC(5292) Archive regions: 2->2
[2025-01-08T20:23:07.328+0000][172657.694s][info][gc,heap     ] GC(5292) Humongous regions: 49->49
[2025-01-08T20:23:07.328+0000][172657.694s][info][gc,metaspace] GC(5292) Metaspace: 523635K(533760K)->523635K(533760K) NonClass: 459792K(465024K)->459792K(465024K) Class: 63843K(68736K)->63843K(68736K)
[2025-01-08T20:23:07.328+0000][172657.694s][info][gc          ] GC(5292) Pause Young (Concurrent Start) (G1 Evacuation Pause) 9631M->2342M(12288M) 36.804ms
[2025-01-08T20:23:07.328+0000][172657.694s][info][gc,cpu      ] GC(5292) User=0.21s Sys=0.00s Real=0.03s
[2025-01-08T20:23:07.328+0000][172657.694s][info][gc          ] GC(5293) Concurrent Mark Cycle
[2025-01-08T20:23:07.328+0000][172657.694s][info][gc,marking  ] GC(5293) Concurrent Clear Claimed Marks
[2025-01-08T20:23:07.329+0000][172657.695s][info][gc,marking  ] GC(5293) Concurrent Clear Claimed Marks 0.877ms
[2025-01-08T20:23:07.329+0000][172657.695s][info][gc,marking  ] GC(5293) Concurrent Scan Root Regions
[2025-01-08T20:23:07.353+0000][172657.719s][info][gc,marking  ] GC(5293) Concurrent Scan Root Regions 23.391ms
[2025-01-08T20:23:07.353+0000][172657.719s][info][gc,marking  ] GC(5293) Concurrent Mark
[2025-01-08T20:23:07.353+0000][172657.719s][info][gc,marking  ] GC(5293) Concurrent Mark From Roots
[2025-01-08T20:23:07.353+0000][172657.719s][info][gc,task     ] GC(5293) Using 2 workers of 2 for marking
[2025-01-08T20:23:08.092+0000][172658.458s][info][gc,marking  ] GC(5293) Concurrent Mark From Roots 739.464ms
[2025-01-08T20:23:08.092+0000][172658.458s][info][gc,marking  ] GC(5293) Concurrent Preclean
[2025-01-08T20:23:08.095+0000][172658.461s][info][gc,marking  ] GC(5293) Concurrent Preclean 2.635ms
[2025-01-08T20:23:08.095+0000][172658.461s][info][gc,start    ] GC(5293) Pause Remark
[2025-01-08T20:23:08.151+0000][172658.517s][info][gc          ] GC(5293) Pause Remark 2826M->2826M(12288M) 55.676ms
[2025-01-08T20:23:08.151+0000][172658.517s][info][gc,cpu      ] GC(5293) User=0.30s Sys=0.00s Real=0.06s
[2025-01-08T20:23:08.151+0000][172658.517s][info][gc,marking  ] GC(5293) Concurrent Mark 798.125ms
[2025-01-08T20:23:08.151+0000][172658.517s][info][gc,marking  ] GC(5293) Concurrent Rebuild Remembered Sets
[2025-01-08T20:23:08.675+0000][172659.041s][info][gc,marking  ] GC(5293) Concurrent Rebuild Remembered Sets 524.364ms
[2025-01-08T20:23:08.675+0000][172659.041s][info][gc,start    ] GC(5293) Pause Cleanup
[2025-01-08T20:23:08.676+0000][172659.042s][info][gc          ] GC(5293) Pause Cleanup 3358M->3358M(12288M) 0.407ms
[2025-01-08T20:23:08.676+0000][172659.042s][info][gc,cpu      ] GC(5293) User=0.00s Sys=0.00s Real=0.00s
[2025-01-08T20:23:08.676+0000][172659.042s][info][gc,marking  ] GC(5293) Concurrent Cleanup for Next Mark
[2025-01-08T20:23:08.692+0000][172659.058s][info][gc,marking  ] GC(5293) Concurrent Cleanup for Next Mark 16.330ms
[2025-01-08T20:23:08.692+0000][172659.058s][info][gc          ] GC(5293) Concurrent Mark Cycle 1363.903ms
[2025-01-08T20:23:13.411+0000][172663.778s][info][gc,start    ] GC(5294) Pause Young (Prepare Mixed) (G1 Evacuation Pause)
[2025-01-08T20:23:13.411+0000][172663.778s][info][gc,task     ] GC(5294) Using 6 workers of 6 for evacuation
[2025-01-08T20:23:13.450+0000][172663.817s][info][gc,phases   ] GC(5294)   Pre Evacuate Collection Set: 0.2ms
[2025-01-08T20:23:13.450+0000][172663.817s][info][gc,phases   ] GC(5294)   Merge Heap Roots: 0.7ms
[2025-01-08T20:23:13.450+0000][172663.817s][info][gc,phases   ] GC(5294)   Evacuate Collection Set: 33.9ms
[2025-01-08T20:23:13.450+0000][172663.817s][info][gc,phases   ] GC(5294)   Post Evacuate Collection Set: 4.0ms
[2025-01-08T20:23:13.450+0000][172663.817s][info][gc,phases   ] GC(5294)   Other: 0.2ms
[2025-01-08T20:23:13.451+0000][172663.817s][info][gc,heap     ] GC(5294) Eden regions: 911->0(65)
[2025-01-08T20:23:13.451+0000][172663.817s][info][gc,heap     ] GC(5294) Survivor regions: 10->11(116)
[2025-01-08T20:23:13.451+0000][172663.817s][info][gc,heap     ] GC(5294) Old regions: 234->234
[2025-01-08T20:23:13.451+0000][172663.817s][info][gc,heap     ] GC(5294) Archive regions: 2->2
[2025-01-08T20:23:13.451+0000][172663.817s][info][gc,heap     ] GC(5294) Humongous regions: 49->49
[2025-01-08T20:23:13.451+0000][172663.817s][info][gc,metaspace] GC(5294) Metaspace: 523588K(533760K)->523588K(533760K) NonClass: 459756K(465024K)->459756K(465024K) Class: 63832K(68736K)->63832K(68736K)
[2025-01-08T20:23:13.451+0000][172663.817s][info][gc          ] GC(5294) Pause Young (Prepare Mixed) (G1 Evacuation Pause) 9630M->2356M(12288M) 39.092ms
[2025-01-08T20:23:13.451+0000][172663.817s][info][gc,cpu      ] GC(5294) User=0.23s Sys=0.00s Real=0.04s
[2025-01-08T20:23:13.774+0000][172664.140s][info][gc,start    ] GC(5295) Pause Young (Mixed) (G1 Evacuation Pause)
[2025-01-08T20:23:13.774+0000][172664.140s][info][gc,task     ] GC(5295) Using 6 workers of 6 for evacuation
[2025-01-08T20:23:13.853+0000][172664.220s][info][gc,phases   ] GC(5295)   Pre Evacuate Collection Set: 0.2ms
[2025-01-08T20:23:13.854+0000][172664.220s][info][gc,phases   ] GC(5295)   Merge Heap Roots: 0.8ms
[2025-01-08T20:23:13.854+0000][172664.220s][info][gc,phases   ] GC(5295)   Evacuate Collection Set: 75.8ms
[2025-01-08T20:23:13.854+0000][172664.220s][info][gc,phases   ] GC(5295)   Post Evacuate Collection Set: 2.1ms
[2025-01-08T20:23:13.854+0000][172664.220s][info][gc,phases   ] GC(5295)   Other: 0.2ms
[2025-01-08T20:23:13.854+0000][172664.220s][info][gc,heap     ] GC(5295) Eden regions: 65->0(916)
[2025-01-08T20:23:13.854+0000][172664.220s][info][gc,heap     ] GC(5295) Survivor regions: 11->5(10)
[2025-01-08T20:23:13.854+0000][172664.220s][info][gc,heap     ] GC(5295) Old regions: 234->235
[2025-01-08T20:23:13.854+0000][172664.220s][info][gc,heap     ] GC(5295) Archive regions: 2->2
[2025-01-08T20:23:13.854+0000][172664.220s][info][gc,heap     ] GC(5295) Humongous regions: 49->49
[2025-01-08T20:23:13.854+0000][172664.220s][info][gc,metaspace] GC(5295) Metaspace: 523588K(533760K)->523588K(533760K) NonClass: 459756K(465024K)->459756K(465024K) Class: 63832K(68736K)->63832K(68736K)
[2025-01-08T20:23:13.854+0000][172664.220s][info][gc          ] GC(5295) Pause Young (Mixed) (G1 Evacuation Pause) 2876M->2309M(12288M) 79.232ms
[2025-01-08T20:23:13.854+0000][172664.220s][info][gc,cpu      ] GC(5295) User=0.42s Sys=0.00s Real=0.08s
[2025-01-08T20:23:18.296+0000][172668.662s][info][gc,start    ] GC(5296) Pause Young (Normal) (G1 Evacuation Pause)
[2025-01-08T20:23:18.296+0000][172668.662s][info][gc,task     ] GC(5296) Using 6 workers of 6 for evacuation
[2025-01-08T20:23:18.318+0000][172668.684s][info][gc,phases   ] GC(5296)   Pre Evacuate Collection Set: 0.2ms
[2025-01-08T20:23:18.318+0000][172668.684s][info][gc,phases   ] GC(5296)   Merge Heap Roots: 0.4ms
[2025-01-08T20:23:18.318+0000][172668.684s][info][gc,phases   ] GC(5296)   Evacuate Collection Set: 17.5ms
[2025-01-08T20:23:18.318+0000][172668.684s][info][gc,phases   ] GC(5296)   Post Evacuate Collection Set: 3.6ms
[2025-01-08T20:23:18.318+0000][172668.684s][info][gc,phases   ] GC(5296)   Other: 0.2ms
[2025-01-08T20:23:18.318+0000][172668.684s][info][gc,heap     ] GC(5296) Eden regions: 916->0(916)
[2025-01-08T20:23:18.318+0000][172668.684s][info][gc,heap     ] GC(5296) Survivor regions: 5->5(116)
[2025-01-08T20:23:18.318+0000][172668.684s][info][gc,heap     ] GC(5296) Old regions: 235->235
[2025-01-08T20:23:18.318+0000][172668.684s][info][gc,heap     ] GC(5296) Archive regions: 2->2
[2025-01-08T20:23:18.318+0000][172668.684s][info][gc,heap     ] GC(5296) Humongous regions: 49->49
[2025-01-08T20:23:18.318+0000][172668.684s][info][gc,metaspace] GC(5296) Metaspace: 523588K(533760K)->523588K(533760K) NonClass: 459756K(465024K)->459756K(465024K) Class: 63832K(68736K)->63832K(68736K)
[2025-01-08T20:23:18.318+0000][172668.684s][info][gc          ] GC(5296) Pause Young (Normal) (G1 Evacuation Pause) 9637M->2307M(12288M) 21.955ms
[2025-01-08T20:23:18.318+0000][172668.684s][info][gc,cpu      ] GC(5296) User=0.13s Sys=0.00s Real=0.02s
[2025-01-08T20:23:21.624+0000][172671.990s][info][gc,start    ] GC(5297) Pause Young (Normal) (G1 Evacuation Pause)
[2025-01-08T20:23:21.624+0000][172671.990s][info][gc,task     ] GC(5297) Using 6 workers of 6 for evacuation
[2025-01-08T20:23:21.645+0000][172672.011s][info][gc,phases   ] GC(5297)   Pre Evacuate Collection Set: 0.2ms
[2025-01-08T20:23:21.645+0000][172672.011s][info][gc,phases   ] GC(5297)   Merge Heap Roots: 0.4ms
[2025-01-08T20:23:21.645+0000][172672.011s][info][gc,phases   ] GC(5297)   Evacuate Collection Set: 18.0ms
[2025-01-08T20:23:21.645+0000][172672.011s][info][gc,phases   ] GC(5297)   Post Evacuate Collection Set: 2.3ms
[2025-01-08T20:23:21.645+0000][172672.012s][info][gc,phases   ] GC(5297)   Other: 0.2ms
[2025-01-08T20:23:21.645+0000][172672.012s][info][gc,heap     ] GC(5297) Eden regions: 916->0(915)
[2025-01-08T20:23:21.645+0000][172672.012s][info][gc,heap     ] GC(5297) Survivor regions: 5->6(116)
[2025-01-08T20:23:21.645+0000][172672.012s][info][gc,heap     ] GC(5297) Old regions: 235->235
[2025-01-08T20:23:21.645+0000][172672.012s][info][gc,heap     ] GC(5297) Archive regions: 2->2
[2025-01-08T20:23:21.645+0000][172672.012s][info][gc,heap     ] GC(5297) Humongous regions: 49->49
[2025-01-08T20:23:21.645+0000][172672.012s][info][gc,metaspace] GC(5297) Metaspace: 523588K(533760K)->523588K(533760K) NonClass: 459756K(465024K)->459756K(465024K) Class: 63832K(68736K)->63832K(68736K)
[2025-01-08T20:23:21.645+0000][172672.012s][info][gc          ] GC(5297) Pause Young (Normal) (G1 Evacuation Pause) 9635M->2314M(12288M) 21.224ms
[2025-01-08T20:23:21.646+0000][172672.012s][info][gc,cpu      ] GC(5297) User=0.12s Sys=0.00s Real=0.02s
[2025-01-08T20:23:26.185+0000][172676.551s][info][gc,start    ] GC(5298) Pause Young (Concurrent Start) (G1 Evacuation Pause)
[2025-01-08T20:23:26.185+0000][172676.551s][info][gc,task     ] GC(5298) Using 6 workers of 6 for evacuation
[2025-01-08T20:23:26.211+0000][172676.577s][info][gc,phases   ] GC(5298)   Pre Evacuate Collection Set: 1.2ms
[2025-01-08T20:23:26.211+0000][172676.577s][info][gc,phases   ] GC(5298)   Merge Heap Roots: 0.4ms
[2025-01-08T20:23:26.211+0000][172676.577s][info][gc,phases   ] GC(5298)   Evacuate Collection Set: 20.3ms
[2025-01-08T20:23:26.211+0000][172676.577s][info][gc,phases   ] GC(5298)   Post Evacuate Collection Set: 3.8ms
[2025-01-08T20:23:26.211+0000][172676.577s][info][gc,phases   ] GC(5298)   Other: 0.3ms
[2025-01-08T20:23:26.211+0000][172676.577s][info][gc,heap     ] GC(5298) Eden regions: 915->0(914)
[2025-01-08T20:23:26.211+0000][172676.577s][info][gc,heap     ] GC(5298) Survivor regions: 6->7(116)
[2025-01-08T20:23:26.211+0000][172676.577s][info][gc,heap     ] GC(5298) Old regions: 235->235
[2025-01-08T20:23:26.211+0000][172676.577s][info][gc,heap     ] GC(5298) Archive regions: 2->2
[2025-01-08T20:23:26.211+0000][172676.577s][info][gc,heap     ] GC(5298) Humongous regions: 49->49
[2025-01-08T20:23:26.211+0000][172676.577s][info][gc,metaspace] GC(5298) Metaspace: 523588K(533760K)->523588K(533760K) NonClass: 459756K(465024K)->459756K(465024K) Class: 63832K(68736K)->63832K(68736K)
[2025-01-08T20:23:26.211+0000][172676.577s][info][gc          ] GC(5298) Pause Young (Concurrent Start) (G1 Evacuation Pause) 9634M->2325M(12288M) 26.052ms
[2025-01-08T20:23:26.211+0000][172676.577s][info][gc,cpu      ] GC(5298) User=0.14s Sys=0.00s Real=0.03s
[2025-01-08T20:23:26.211+0000][172676.577s][info][gc          ] GC(5299) Concurrent Mark Cycle
[2025-01-08T20:23:26.211+0000][172676.577s][info][gc,marking  ] GC(5299) Concurrent Clear Claimed Marks
[2025-01-08T20:23:26.212+0000][172676.578s][info][gc,marking  ] GC(5299) Concurrent Clear Claimed Marks 0.898ms
[2025-01-08T20:23:26.212+0000][172676.578s][info][gc,marking  ] GC(5299) Concurrent Scan Root Regions
[2025-01-08T20:23:26.227+0000][172676.594s][info][gc,marking  ] GC(5299) Concurrent Scan Root Regions 15.588ms
[2025-01-08T20:23:26.228+0000][172676.594s][info][gc,marking  ] GC(5299) Concurrent Mark
[2025-01-08T20:23:26.228+0000][172676.594s][info][gc,marking  ] GC(5299) Concurrent Mark From Roots
[2025-01-08T20:23:26.228+0000][172676.594s][info][gc,task     ] GC(5299) Using 2 workers of 2 for marking
[2025-01-08T20:23:27.125+0000][172677.491s][info][gc,marking  ] GC(5299) Concurrent Mark From Roots 897.868ms
[2025-01-08T20:23:27.125+0000][172677.492s][info][gc,marking  ] GC(5299) Concurrent Preclean
[2025-01-08T20:23:27.128+0000][172677.495s][info][gc,marking  ] GC(5299) Concurrent Preclean 3.041ms
[2025-01-08T20:23:27.129+0000][172677.495s][info][gc,start    ] GC(5299) Pause Remark
[2025-01-08T20:23:27.154+0000][172677.520s][info][gc          ] GC(5299) Pause Remark 3689M->3689M(12288M) 25.385ms
[2025-01-08T20:23:27.154+0000][172677.520s][info][gc,cpu      ] GC(5299) User=0.14s Sys=0.00s Real=0.03s
[2025-01-08T20:23:27.154+0000][172677.520s][info][gc,marking  ] GC(5299) Concurrent Mark 926.655ms
[2025-01-08T20:23:27.154+0000][172677.520s][info][gc,marking  ] GC(5299) Concurrent Rebuild Remembered Sets
[2025-01-08T20:23:27.685+0000][172678.051s][info][gc,marking  ] GC(5299) Concurrent Rebuild Remembered Sets 530.540ms
[2025-01-08T20:23:27.685+0000][172678.051s][info][gc,start    ] GC(5299) Pause Cleanup
[2025-01-08T20:23:27.685+0000][172678.051s][info][gc          ] GC(5299) Pause Cleanup 4333M->4333M(12288M) 0.373ms
[2025-01-08T20:23:27.685+0000][172678.051s][info][gc,cpu      ] GC(5299) User=0.00s Sys=0.00s Real=0.00s
[2025-01-08T20:23:27.685+0000][172678.051s][info][gc,marking  ] GC(5299) Concurrent Cleanup for Next Mark
[2025-01-08T20:23:27.701+0000][172678.067s][info][gc,marking  ] GC(5299) Concurrent Cleanup for Next Mark 15.988ms
[2025-01-08T20:23:27.701+0000][172678.068s][info][gc          ] GC(5299) Concurrent Mark Cycle 1490.445ms
[2025-01-08T20:23:30.813+0000][172681.179s][info][gc,start    ] GC(5300) Pause Young (Prepare Mixed) (G1 Evacuation Pause)
[2025-01-08T20:23:30.813+0000][172681.179s][info][gc,task     ] GC(5300) Using 6 workers of 6 for evacuation
[2025-01-08T20:23:30.841+0000][172681.207s][info][gc,phases   ] GC(5300)   Pre Evacuate Collection Set: 0.2ms
[2025-01-08T20:23:30.841+0000][172681.207s][info][gc,phases   ] GC(5300)   Merge Heap Roots: 0.6ms
[2025-01-08T20:23:30.841+0000][172681.207s][info][gc,phases   ] GC(5300)   Evacuate Collection Set: 24.4ms
[2025-01-08T20:23:30.841+0000][172681.207s][info][gc,phases   ] GC(5300)   Post Evacuate Collection Set: 2.5ms
[2025-01-08T20:23:30.841+0000][172681.207s][info][gc,phases   ] GC(5300)   Other: 0.2ms
[2025-01-08T20:23:30.841+0000][172681.207s][info][gc,heap     ] GC(5300) Eden regions: 914->0(69)
[2025-01-08T20:23:30.841+0000][172681.207s][info][gc,heap     ] GC(5300) Survivor regions: 7->7(116)
[2025-01-08T20:23:30.841+0000][172681.207s][info][gc,heap     ] GC(5300) Old regions: 235->235
[2025-01-08T20:23:30.841+0000][172681.207s][info][gc,heap     ] GC(5300) Archive regions: 2->2
[2025-01-08T20:23:30.841+0000][172681.207s][info][gc,heap     ] GC(5300) Humongous regions: 49->49
[2025-01-08T20:23:30.841+0000][172681.207s][info][gc,metaspace] GC(5300) Metaspace: 523588K(533760K)->523588K(533760K) NonClass: 459756K(465024K)->459756K(465024K) Class: 63832K(68736K)->63832K(68736K)
[2025-01-08T20:23:30.841+0000][172681.207s][info][gc          ] GC(5300) Pause Young (Prepare Mixed) (G1 Evacuation Pause) 9637M->2328M(12288M) 27.994ms
[2025-01-08T20:23:30.841+0000][172681.207s][info][gc,cpu      ] GC(5300) User=0.16s Sys=0.00s Real=0.02s
[2025-01-08T20:23:31.127+0000][172681.493s][info][gc,start    ] GC(5301) Pause Young (Mixed) (G1 Evacuation Pause)
[2025-01-08T20:23:31.127+0000][172681.493s][info][gc,task     ] GC(5301) Using 6 workers of 6 for evacuation
[2025-01-08T20:23:31.184+0000][172681.550s][info][gc,phases   ] GC(5301)   Pre Evacuate Collection Set: 0.2ms
[2025-01-08T20:23:31.184+0000][172681.550s][info][gc,phases   ] GC(5301)   Merge Heap Roots: 0.7ms
[2025-01-08T20:23:31.184+0000][172681.550s][info][gc,phases   ] GC(5301)   Evacuate Collection Set: 54.5ms
[2025-01-08T20:23:31.184+0000][172681.550s][info][gc,phases   ] GC(5301)   Post Evacuate Collection Set: 1.8ms
[2025-01-08T20:23:31.184+0000][172681.550s][info][gc,phases   ] GC(5301)   Other: 0.2ms
[2025-01-08T20:23:31.184+0000][172681.550s][info][gc,heap     ] GC(5301) Eden regions: 69->0(915)
[2025-01-08T20:23:31.184+0000][172681.550s][info][gc,heap     ] GC(5301) Survivor regions: 7->6(10)
[2025-01-08T20:23:31.184+0000][172681.550s][info][gc,heap     ] GC(5301) Old regions: 235->233
[2025-01-08T20:23:31.184+0000][172681.550s][info][gc,heap     ] GC(5301) Archive regions: 2->2
[2025-01-08T20:23:31.184+0000][172681.550s][info][gc,heap     ] GC(5301) Humongous regions: 49->49
[2025-01-08T20:23:31.184+0000][172681.550s][info][gc,metaspace] GC(5301) Metaspace: 523588K(533760K)->523588K(533760K) NonClass: 459756K(465024K)->459756K(465024K) Class: 63832K(68736K)->63832K(68736K)
[2025-01-08T20:23:31.184+0000][172681.550s][info][gc          ] GC(5301) Pause Young (Mixed) (G1 Evacuation Pause) 2880M->2299M(12288M) 57.490ms
[2025-01-08T20:23:31.184+0000][172681.550s][info][gc,cpu      ] GC(5301) User=0.34s Sys=0.00s Real=0.06s
[2025-01-08T20:23:39.867+0000][172690.233s][info][gc,start    ] GC(5302) Pause Young (Normal) (G1 Evacuation Pause)
[2025-01-08T20:23:39.867+0000][172690.233s][info][gc,task     ] GC(5302) Using 6 workers of 6 for evacuation
[2025-01-08T20:23:39.894+0000][172690.260s][info][gc,phases   ] GC(5302)   Pre Evacuate Collection Set: 0.2ms
[2025-01-08T20:23:39.894+0000][172690.260s][info][gc,phases   ] GC(5302)   Merge Heap Roots: 0.4ms
[2025-01-08T20:23:39.894+0000][172690.260s][info][gc,phases   ] GC(5302)   Evacuate Collection Set: 23.5ms
[2025-01-08T20:23:39.894+0000][172690.260s][info][gc,phases   ] GC(5302)   Post Evacuate Collection Set: 2.6ms
[2025-01-08T20:23:39.894+0000][172690.260s][info][gc,phases   ] GC(5302)   Other: 0.2ms
[2025-01-08T20:23:39.894+0000][172690.260s][info][gc,heap     ] GC(5302) Eden regions: 915->0(914)
[2025-01-08T20:23:39.894+0000][172690.260s][info][gc,heap     ] GC(5302) Survivor regions: 6->7(116)
[2025-01-08T20:23:39.894+0000][172690.260s][info][gc,heap     ] GC(5302) Old regions: 233->233
[2025-01-08T20:23:39.894+0000][172690.260s][info][gc,heap     ] GC(5302) Archive regions: 2->2
[2025-01-08T20:23:39.894+0000][172690.260s][info][gc,heap     ] GC(5302) Humongous regions: 49->49
[2025-01-08T20:23:39.894+0000][172690.260s][info][gc,metaspace] GC(5302) Metaspace: 523588K(533760K)->523588K(533760K) NonClass: 459756K(465024K)->459756K(465024K) Class: 63832K(68736K)->63832K(68736K)
[2025-01-08T20:23:39.894+0000][172690.260s][info][gc          ] GC(5302) Pause Young (Normal) (G1 Evacuation Pause) 9619M->2311M(12288M) 26.995ms
[2025-01-08T20:23:39.894+0000][172690.260s][info][gc,cpu      ] GC(5302) User=0.16s Sys=0.00s Real=0.03s
[2025-01-08T20:23:48.955+0000][172699.321s][info][gc,start    ] GC(5303) Pause Young (Normal) (G1 Evacuation Pause)
[2025-01-08T20:23:48.955+0000][172699.321s][info][gc,task     ] GC(5303) Using 6 workers of 6 for evacuation
[2025-01-08T20:23:48.985+0000][172699.351s][info][gc,phases   ] GC(5303)   Pre Evacuate Collection Set: 0.2ms
[2025-01-08T20:23:48.985+0000][172699.351s][info][gc,phases   ] GC(5303)   Merge Heap Roots: 0.4ms
[2025-01-08T20:23:48.985+0000][172699.351s][info][gc,phases   ] GC(5303)   Evacuate Collection Set: 25.9ms
[2025-01-08T20:23:48.985+0000][172699.351s][info][gc,phases   ] GC(5303)   Post Evacuate Collection Set: 2.6ms
[2025-01-08T20:23:48.985+0000][172699.351s][info][gc,phases   ] GC(5303)   Other: 0.2ms
[2025-01-08T20:23:48.985+0000][172699.351s][info][gc,heap     ] GC(5303) Eden regions: 914->0(913)
[2025-01-08T20:23:48.985+0000][172699.351s][info][gc,heap     ] GC(5303) Survivor regions: 7->8(116)
[2025-01-08T20:23:48.985+0000][172699.351s][info][gc,heap     ] GC(5303) Old regions: 233->233
[2025-01-08T20:23:48.985+0000][172699.351s][info][gc,heap     ] GC(5303) Archive regions: 2->2
[2025-01-08T20:23:48.985+0000][172699.351s][info][gc,heap     ] GC(5303) Humongous regions: 49->49
[2025-01-08T20:23:48.985+0000][172699.351s][info][gc,metaspace] GC(5303) Metaspace: 523588K(533760K)->523588K(533760K) NonClass: 459756K(465024K)->459756K(465024K) Class: 63832K(68736K)->63832K(68736K)
[2025-01-08T20:23:48.985+0000][172699.351s][info][gc          ] GC(5303) Pause Young (Normal) (G1 Evacuation Pause) 9623M->2321M(12288M) 29.398ms
[2025-01-08T20:23:48.985+0000][172699.351s][info][gc,cpu      ] GC(5303) User=0.17s Sys=0.00s Real=0.03s
[2025-01-08T20:23:54.923+0000][172705.289s][info][gc,start    ] GC(5304) Pause Young (Concurrent Start) (G1 Evacuation Pause)
[2025-01-08T20:23:54.923+0000][172705.289s][info][gc,task     ] GC(5304) Using 6 workers of 6 for evacuation
[2025-01-08T20:23:54.960+0000][172705.326s][info][gc,phases   ] GC(5304)   Pre Evacuate Collection Set: 1.1ms
[2025-01-08T20:23:54.960+0000][172705.326s][info][gc,phases   ] GC(5304)   Merge Heap Roots: 0.5ms
[2025-01-08T20:23:54.960+0000][172705.326s][info][gc,phases   ] GC(5304)   Evacuate Collection Set: 31.9ms
[2025-01-08T20:23:54.960+0000][172705.326s][info][gc,phases   ] GC(5304)   Post Evacuate Collection Set: 3.0ms
[2025-01-08T20:23:54.960+0000][172705.326s][info][gc,phases   ] GC(5304)   Other: 0.3ms
[2025-01-08T20:23:54.960+0000][172705.326s][info][gc,heap     ] GC(5304) Eden regions: 913->0(911)
[2025-01-08T20:23:54.960+0000][172705.326s][info][gc,heap     ] GC(5304) Survivor regions: 8->10(116)
[2025-01-08T20:23:54.960+0000][172705.326s][info][gc,heap     ] GC(5304) Old regions: 233->233
[2025-01-08T20:23:54.960+0000][172705.326s][info][gc,heap     ] GC(5304) Archive regions: 2->2
[2025-01-08T20:23:54.960+0000][172705.326s][info][gc,heap     ] GC(5304) Humongous regions: 49->49
[2025-01-08T20:23:54.960+0000][172705.326s][info][gc,metaspace] GC(5304) Metaspace: 523588K(533760K)->523588K(533760K) NonClass: 459756K(465024K)->459756K(465024K) Class: 63832K(68736K)->63832K(68736K)
[2025-01-08T20:23:54.960+0000][172705.326s][info][gc          ] GC(5304) Pause Young (Concurrent Start) (G1 Evacuation Pause) 9625M->2331M(12288M) 36.875ms
[2025-01-08T20:23:54.960+0000][172705.326s][info][gc,cpu      ] GC(5304) User=0.19s Sys=0.01s Real=0.03s
[2025-01-08T20:23:54.960+0000][172705.326s][info][gc          ] GC(5305) Concurrent Mark Cycle
[2025-01-08T20:23:54.960+0000][172705.326s][info][gc,marking  ] GC(5305) Concurrent Clear Claimed Marks
[2025-01-08T20:23:54.961+0000][172705.327s][info][gc,marking  ] GC(5305) Concurrent Clear Claimed Marks 0.946ms
[2025-01-08T20:23:54.961+0000][172705.327s][info][gc,marking  ] GC(5305) Concurrent Scan Root Regions
[2025-01-08T20:23:54.985+0000][172705.351s][info][gc,marking  ] GC(5305) Concurrent Scan Root Regions 24.286ms
[2025-01-08T20:23:54.985+0000][172705.351s][info][gc,marking  ] GC(5305) Concurrent Mark
[2025-01-08T20:23:54.985+0000][172705.351s][info][gc,marking  ] GC(5305) Concurrent Mark From Roots
[2025-01-08T20:23:54.985+0000][172705.351s][info][gc,task     ] GC(5305) Using 2 workers of 2 for marking
[2025-01-08T20:23:55.846+0000][172706.212s][info][gc,marking  ] GC(5305) Concurrent Mark From Roots 860.193ms
[2025-01-08T20:23:55.846+0000][172706.212s][info][gc,marking  ] GC(5305) Concurrent Preclean
[2025-01-08T20:23:55.849+0000][172706.215s][info][gc,marking  ] GC(5305) Concurrent Preclean 3.298ms
[2025-01-08T20:23:55.849+0000][172706.215s][info][gc,start    ] GC(5305) Pause Remark
[2025-01-08T20:23:55.877+0000][172706.243s][info][gc          ] GC(5305) Pause Remark 3083M->3083M(12288M) 28.082ms
[2025-01-08T20:23:55.877+0000][172706.243s][info][gc,cpu      ] GC(5305) User=0.16s Sys=0.00s Real=0.03s
[2025-01-08T20:23:55.877+0000][172706.243s][info][gc,marking  ] GC(5305) Concurrent Mark 891.926ms
[2025-01-08T20:23:55.877+0000][172706.243s][info][gc,marking  ] GC(5305) Concurrent Rebuild Remembered Sets
[2025-01-08T20:23:56.361+0000][172706.727s][info][gc,marking  ] GC(5305) Concurrent Rebuild Remembered Sets 483.495ms
[2025-01-08T20:23:56.361+0000][172706.727s][info][gc,start    ] GC(5305) Pause Cleanup
[2025-01-08T20:23:56.361+0000][172706.727s][info][gc          ] GC(5305) Pause Cleanup 3439M->3439M(12288M) 0.363ms
[2025-01-08T20:23:56.361+0000][172706.727s][info][gc,cpu      ] GC(5305) User=0.00s Sys=0.00s Real=0.00s
[2025-01-08T20:23:56.361+0000][172706.728s][info][gc,marking  ] GC(5305) Concurrent Cleanup for Next Mark
[2025-01-08T20:23:56.377+0000][172706.743s][info][gc,marking  ] GC(5305) Concurrent Cleanup for Next Mark 15.403ms
[2025-01-08T20:23:56.377+0000][172706.743s][info][gc          ] GC(5305) Concurrent Mark Cycle 1416.861ms
[2025-01-08T20:24:05.700+0000][172716.066s][info][gc,start    ] GC(5306) Pause Young (Prepare Mixed) (G1 Evacuation Pause)
[2025-01-08T20:24:05.700+0000][172716.066s][info][gc,task     ] GC(5306) Using 6 workers of 6 for evacuation
[2025-01-08T20:24:05.740+0000][172716.106s][info][gc,phases   ] GC(5306)   Pre Evacuate Collection Set: 0.2ms
[2025-01-08T20:24:05.740+0000][172716.106s][info][gc,phases   ] GC(5306)   Merge Heap Roots: 0.7ms
[2025-01-08T20:24:05.740+0000][172716.106s][info][gc,phases   ] GC(5306)   Evacuate Collection Set: 34.8ms
[2025-01-08T20:24:05.740+0000][172716.106s][info][gc,phases   ] GC(5306)   Post Evacuate Collection Set: 4.1ms
[2025-01-08T20:24:05.740+0000][172716.106s][info][gc,phases   ] GC(5306)   Other: 0.2ms
[2025-01-08T20:24:05.740+0000][172716.106s][info][gc,heap     ] GC(5306) Eden regions: 911->0(64)
[2025-01-08T20:24:05.740+0000][172716.106s][info][gc,heap     ] GC(5306) Survivor regions: 10->12(116)
[2025-01-08T20:24:05.740+0000][172716.106s][info][gc,heap     ] GC(5306) Old regions: 233->233
[2025-01-08T20:24:05.740+0000][172716.106s][info][gc,heap     ] GC(5306) Archive regions: 2->2
[2025-01-08T20:24:05.740+0000][172716.106s][info][gc,heap     ] GC(5306) Humongous regions: 49->49
[2025-01-08T20:24:05.740+0000][172716.106s][info][gc,metaspace] GC(5306) Metaspace: 523588K(533760K)->523588K(533760K) NonClass: 459756K(465024K)->459756K(465024K) Class: 63832K(68736K)->63832K(68736K)
[2025-01-08T20:24:05.740+0000][172716.106s][info][gc          ] GC(5306) Pause Young (Prepare Mixed) (G1 Evacuation Pause) 9619M->2350M(12288M) 40.141ms
[2025-01-08T20:24:05.740+0000][172716.106s][info][gc,cpu      ] GC(5306) User=0.23s Sys=0.00s Real=0.04s
[2025-01-08T20:24:06.091+0000][172716.457s][info][gc,start    ] GC(5307) Pause Young (Mixed) (G1 Evacuation Pause)
[2025-01-08T20:24:06.091+0000][172716.457s][info][gc,task     ] GC(5307) Using 6 workers of 6 for evacuation
[2025-01-08T20:24:06.153+0000][172716.519s][info][gc,phases   ] GC(5307)   Pre Evacuate Collection Set: 0.2ms
[2025-01-08T20:24:06.153+0000][172716.519s][info][gc,phases   ] GC(5307)   Merge Heap Roots: 0.6ms
[2025-01-08T20:24:06.153+0000][172716.519s][info][gc,phases   ] GC(5307)   Evacuate Collection Set: 59.8ms
[2025-01-08T20:24:06.153+0000][172716.519s][info][gc,phases   ] GC(5307)   Post Evacuate Collection Set: 1.8ms
[2025-01-08T20:24:06.153+0000][172716.519s][info][gc,phases   ] GC(5307)   Other: 0.2ms
[2025-01-08T20:24:06.153+0000][172716.519s][info][gc,heap     ] GC(5307) Eden regions: 64->0(915)
[2025-01-08T20:24:06.153+0000][172716.519s][info][gc,heap     ] GC(5307) Survivor regions: 12->6(10)
[2025-01-08T20:24:06.153+0000][172716.519s][info][gc,heap     ] GC(5307) Old regions: 233->235
[2025-01-08T20:24:06.153+0000][172716.519s][info][gc,heap     ] GC(5307) Archive regions: 2->2
[2025-01-08T20:24:06.153+0000][172716.519s][info][gc,heap     ] GC(5307) Humongous regions: 49->49
[2025-01-08T20:24:06.153+0000][172716.519s][info][gc,metaspace] GC(5307) Metaspace: 523588K(533760K)->523588K(533760K) NonClass: 459756K(465024K)->459756K(465024K) Class: 63832K(68736K)->63832K(68736K)
[2025-01-08T20:24:06.153+0000][172716.519s][info][gc          ] GC(5307) Pause Young (Mixed) (G1 Evacuation Pause) 2862M->2319M(12288M) 62.608ms
[2025-01-08T20:24:06.153+0000][172716.519s][info][gc,cpu      ] GC(5307) User=0.35s Sys=0.00s Real=0.06s
[2025-01-08T20:24:16.032+0000][172726.398s][info][gc,start    ] GC(5308) Pause Young (Normal) (G1 Evacuation Pause)
[2025-01-08T20:24:16.032+0000][172726.398s][info][gc,task     ] GC(5308) Using 6 workers of 6 for evacuation
[2025-01-08T20:24:16.064+0000][172726.430s][info][gc,phases   ] GC(5308)   Pre Evacuate Collection Set: 0.2ms
[2025-01-08T20:24:16.064+0000][172726.430s][info][gc,phases   ] GC(5308)   Merge Heap Roots: 0.4ms
[2025-01-08T20:24:16.064+0000][172726.430s][info][gc,phases   ] GC(5308)   Evacuate Collection Set: 26.7ms
[2025-01-08T20:24:16.064+0000][172726.430s][info][gc,phases   ] GC(5308)   Post Evacuate Collection Set: 4.0ms
[2025-01-08T20:24:16.064+0000][172726.430s][info][gc,phases   ] GC(5308)   Other: 0.2ms
[2025-01-08T20:24:16.064+0000][172726.430s][info][gc,heap     ] GC(5308) Eden regions: 915->0(913)
[2025-01-08T20:24:16.064+0000][172726.430s][info][gc,heap     ] GC(5308) Survivor regions: 6->8(116)
[2025-01-08T20:24:16.064+0000][172726.430s][info][gc,heap     ] GC(5308) Old regions: 235->235
[2025-01-08T20:24:16.064+0000][172726.430s][info][gc,heap     ] GC(5308) Archive regions: 2->2
[2025-01-08T20:24:16.064+0000][172726.430s][info][gc,heap     ] GC(5308) Humongous regions: 49->49
[2025-01-08T20:24:16.064+0000][172726.430s][info][gc,metaspace] GC(5308) Metaspace: 523588K(533760K)->523588K(533760K) NonClass: 459756K(465024K)->459756K(465024K) Class: 63832K(68736K)->63832K(68736K)
[2025-01-08T20:24:16.064+0000][172726.430s][info][gc          ] GC(5308) Pause Young (Normal) (G1 Evacuation Pause) 9639M->2338M(12288M) 31.675ms
[2025-01-08T20:24:16.064+0000][172726.430s][info][gc,cpu      ] GC(5308) User=0.18s Sys=0.00s Real=0.03s
[2025-01-08T20:24:22.832+0000][172733.199s][info][gc,start    ] GC(5309) Pause Young (Normal) (G1 Evacuation Pause)
[2025-01-08T20:24:22.832+0000][172733.199s][info][gc,task     ] GC(5309) Using 6 workers of 6 for evacuation
[2025-01-08T20:24:22.865+0000][172733.231s][info][gc,phases   ] GC(5309)   Pre Evacuate Collection Set: 0.2ms
[2025-01-08T20:24:22.865+0000][172733.231s][info][gc,phases   ] GC(5309)   Merge Heap Roots: 0.4ms
[2025-01-08T20:24:22.865+0000][172733.231s][info][gc,phases   ] GC(5309)   Evacuate Collection Set: 26.9ms
[2025-01-08T20:24:22.865+0000][172733.231s][info][gc,phases   ] GC(5309)   Post Evacuate Collection Set: 4.4ms
[2025-01-08T20:24:22.865+0000][172733.231s][info][gc,phases   ] GC(5309)   Other: 0.2ms
[2025-01-08T20:24:22.865+0000][172733.231s][info][gc,heap     ] GC(5309) Eden regions: 913->0(912)
[2025-01-08T20:24:22.865+0000][172733.231s][info][gc,heap     ] GC(5309) Survivor regions: 8->9(116)
[2025-01-08T20:24:22.865+0000][172733.231s][info][gc,heap     ] GC(5309) Old regions: 235->235
[2025-01-08T20:24:22.865+0000][172733.231s][info][gc,heap     ] GC(5309) Archive regions: 2->2
[2025-01-08T20:24:22.865+0000][172733.231s][info][gc,heap     ] GC(5309) Humongous regions: 49->49
[2025-01-08T20:24:22.865+0000][172733.231s][info][gc,metaspace] GC(5309) Metaspace: 523588K(533760K)->523588K(533760K) NonClass: 459756K(465024K)->459756K(465024K) Class: 63832K(68736K)->63832K(68736K)
[2025-01-08T20:24:22.865+0000][172733.231s][info][gc          ] GC(5309) Pause Young (Normal) (G1 Evacuation Pause) 9642M->2348M(12288M) 32.301ms
[2025-01-08T20:24:22.865+0000][172733.231s][info][gc,cpu      ] GC(5309) User=0.19s Sys=0.00s Real=0.03s
[2025-01-08T20:24:30.970+0000][172741.336s][info][gc,start    ] GC(5310) Pause Young (Concurrent Start) (G1 Evacuation Pause)
[2025-01-08T20:24:30.970+0000][172741.336s][info][gc,task     ] GC(5310) Using 6 workers of 6 for evacuation
[2025-01-08T20:24:31.007+0000][172741.373s][info][gc,phases   ] GC(5310)   Pre Evacuate Collection Set: 1.2ms
[2025-01-08T20:24:31.007+0000][172741.373s][info][gc,phases   ] GC(5310)   Merge Heap Roots: 0.5ms
[2025-01-08T20:24:31.007+0000][172741.373s][info][gc,phases   ] GC(5310)   Evacuate Collection Set: 32.4ms
[2025-01-08T20:24:31.007+0000][172741.373s][info][gc,phases   ] GC(5310)   Post Evacuate Collection Set: 2.8ms
[2025-01-08T20:24:31.007+0000][172741.373s][info][gc,phases   ] GC(5310)   Other: 0.3ms
[2025-01-08T20:24:31.007+0000][172741.373s][info][gc,heap     ] GC(5310) Eden regions: 912->0(911)
[2025-01-08T20:24:31.007+0000][172741.373s][info][gc,heap     ] GC(5310) Survivor regions: 9->10(116)
[2025-01-08T20:24:31.007+0000][172741.373s][info][gc,heap     ] GC(5310) Old regions: 235->235
[2025-01-08T20:24:31.007+0000][172741.373s][info][gc,heap     ] GC(5310) Archive regions: 2->2
[2025-01-08T20:24:31.007+0000][172741.373s][info][gc,heap     ] GC(5310) Humongous regions: 49->49
[2025-01-08T20:24:31.007+0000][172741.373s][info][gc,metaspace] GC(5310) Metaspace: 523588K(533760K)->523588K(533760K) NonClass: 459756K(465024K)->459756K(465024K) Class: 63832K(68736K)->63832K(68736K)
[2025-01-08T20:24:31.007+0000][172741.373s][info][gc          ] GC(5310) Pause Young (Concurrent Start) (G1 Evacuation Pause) 9644M->2354M(12288M) 37.195ms
[2025-01-08T20:24:31.007+0000][172741.373s][info][gc,cpu      ] GC(5310) User=0.21s Sys=0.00s Real=0.03s
[2025-01-08T20:24:31.007+0000][172741.373s][info][gc          ] GC(5311) Concurrent Mark Cycle
[2025-01-08T20:24:31.007+0000][172741.373s][info][gc,marking  ] GC(5311) Concurrent Clear Claimed Marks
[2025-01-08T20:24:31.008+0000][172741.374s][info][gc,marking  ] GC(5311) Concurrent Clear Claimed Marks 0.985ms
[2025-01-08T20:24:31.008+0000][172741.374s][info][gc,marking  ] GC(5311) Concurrent Scan Root Regions
[2025-01-08T20:24:31.035+0000][172741.401s][info][gc,marking  ] GC(5311) Concurrent Scan Root Regions 26.668ms
[2025-01-08T20:24:31.035+0000][172741.401s][info][gc,marking  ] GC(5311) Concurrent Mark
[2025-01-08T20:24:31.035+0000][172741.401s][info][gc,marking  ] GC(5311) Concurrent Mark From Roots
[2025-01-08T20:24:31.035+0000][172741.401s][info][gc,task     ] GC(5311) Using 2 workers of 2 for marking
[2025-01-08T20:24:31.832+0000][172742.198s][info][gc,marking  ] GC(5311) Concurrent Mark From Roots 797.151ms
[2025-01-08T20:24:31.832+0000][172742.198s][info][gc,marking  ] GC(5311) Concurrent Preclean
[2025-01-08T20:24:31.834+0000][172742.200s][info][gc,marking  ] GC(5311) Concurrent Preclean 2.427ms
[2025-01-08T20:24:31.834+0000][172742.200s][info][gc,start    ] GC(5311) Pause Remark
[2025-01-08T20:24:31.860+0000][172742.226s][info][gc          ] GC(5311) Pause Remark 2982M->2982M(12288M) 25.387ms
[2025-01-08T20:24:31.860+0000][172742.226s][info][gc,cpu      ] GC(5311) User=0.14s Sys=0.00s Real=0.02s
[2025-01-08T20:24:31.860+0000][172742.226s][info][gc,marking  ] GC(5311) Concurrent Mark 825.279ms
[2025-01-08T20:24:31.860+0000][172742.226s][info][gc,marking  ] GC(5311) Concurrent Rebuild Remembered Sets
[2025-01-08T20:24:32.365+0000][172742.732s][info][gc,marking  ] GC(5311) Concurrent Rebuild Remembered Sets 505.556ms
[2025-01-08T20:24:32.366+0000][172742.732s][info][gc,start    ] GC(5311) Pause Cleanup
[2025-01-08T20:24:32.366+0000][172742.732s][info][gc          ] GC(5311) Pause Cleanup 3426M->3426M(12288M) 0.426ms
[2025-01-08T20:24:32.366+0000][172742.732s][info][gc,cpu      ] GC(5311) User=0.00s Sys=0.00s Real=0.00s
[2025-01-08T20:24:32.366+0000][172742.732s][info][gc,marking  ] GC(5311) Concurrent Cleanup for Next Mark
[2025-01-08T20:24:32.382+0000][172742.748s][info][gc,marking  ] GC(5311) Concurrent Cleanup for Next Mark 15.419ms
[2025-01-08T20:24:32.382+0000][172742.748s][info][gc          ] GC(5311) Concurrent Mark Cycle 1374.778ms
[2025-01-08T20:24:40.413+0000][172750.780s][info][gc,start    ] GC(5312) Pause Young (Prepare Mixed) (G1 Evacuation Pause)
[2025-01-08T20:24:40.414+0000][172750.780s][info][gc,task     ] GC(5312) Using 6 workers of 6 for evacuation
[2025-01-08T20:24:40.457+0000][172750.824s][info][gc,phases   ] GC(5312)   Pre Evacuate Collection Set: 0.2ms
[2025-01-08T20:24:40.457+0000][172750.824s][info][gc,phases   ] GC(5312)   Merge Heap Roots: 0.7ms
[2025-01-08T20:24:40.457+0000][172750.824s][info][gc,phases   ] GC(5312)   Evacuate Collection Set: 40.0ms
[2025-01-08T20:24:40.457+0000][172750.824s][info][gc,phases   ] GC(5312)   Post Evacuate Collection Set: 2.9ms
[2025-01-08T20:24:40.457+0000][172750.824s][info][gc,phases   ] GC(5312)   Other: 0.2ms
[2025-01-08T20:24:40.458+0000][172750.824s][info][gc,heap     ] GC(5312) Eden regions: 911->0(64)
[2025-01-08T20:24:40.458+0000][172750.824s][info][gc,heap     ] GC(5312) Survivor regions: 10->12(116)
[2025-01-08T20:24:40.458+0000][172750.824s][info][gc,heap     ] GC(5312) Old regions: 235->235
[2025-01-08T20:24:40.458+0000][172750.824s][info][gc,heap     ] GC(5312) Archive regions: 2->2
[2025-01-08T20:24:40.458+0000][172750.824s][info][gc,heap     ] GC(5312) Humongous regions: 49->49
[2025-01-08T20:24:40.458+0000][172750.824s][info][gc,metaspace] GC(5312) Metaspace: 523588K(533760K)->523588K(533760K) NonClass: 459756K(465024K)->459756K(465024K) Class: 63832K(68736K)->63832K(68736K)
[2025-01-08T20:24:40.458+0000][172750.824s][info][gc          ] GC(5312) Pause Young (Prepare Mixed) (G1 Evacuation Pause) 9642M->2364M(12288M) 44.076ms
[2025-01-08T20:24:40.458+0000][172750.824s][info][gc,cpu      ] GC(5312) User=0.26s Sys=0.00s Real=0.04s
[2025-01-08T20:24:41.941+0000][172752.307s][info][gc,start    ] GC(5313) Pause Young (Mixed) (G1 Evacuation Pause)
[2025-01-08T20:24:41.941+0000][172752.307s][info][gc,task     ] GC(5313) Using 6 workers of 6 for evacuation
[2025-01-08T20:24:41.989+0000][172752.355s][info][gc,phases   ] GC(5313)   Pre Evacuate Collection Set: 0.2ms
[2025-01-08T20:24:41.989+0000][172752.355s][info][gc,phases   ] GC(5313)   Merge Heap Roots: 0.5ms
[2025-01-08T20:24:41.989+0000][172752.355s][info][gc,phases   ] GC(5313)   Evacuate Collection Set: 46.2ms
[2025-01-08T20:24:41.989+0000][172752.355s][info][gc,phases   ] GC(5313)   Post Evacuate Collection Set: 1.7ms
[2025-01-08T20:24:41.989+0000][172752.356s][info][gc,phases   ] GC(5313)   Other: 0.2ms
[2025-01-08T20:24:41.989+0000][172752.356s][info][gc,heap     ] GC(5313) Eden regions: 64->0(915)
[2025-01-08T20:24:41.989+0000][172752.356s][info][gc,heap     ] GC(5313) Survivor regions: 12->6(10)
[2025-01-08T20:24:41.989+0000][172752.356s][info][gc,heap     ] GC(5313) Old regions: 235->235
[2025-01-08T20:24:41.989+0000][172752.356s][info][gc,heap     ] GC(5313) Archive regions: 2->2
[2025-01-08T20:24:41.989+0000][172752.356s][info][gc,heap     ] GC(5313) Humongous regions: 49->49
[2025-01-08T20:24:41.989+0000][172752.356s][info][gc,metaspace] GC(5313) Metaspace: 523588K(533760K)->523588K(533760K) NonClass: 459756K(465024K)->459756K(465024K) Class: 63832K(68736K)->63832K(68736K)
[2025-01-08T20:24:41.989+0000][172752.356s][info][gc          ] GC(5313) Pause Young (Mixed) (G1 Evacuation Pause) 2876M->2324M(12288M) 48.867ms
[2025-01-08T20:24:41.990+0000][172752.356s][info][gc,cpu      ] GC(5313) User=0.28s Sys=0.00s Real=0.06s
[2025-01-08T20:24:48.688+0000][172759.054s][info][gc,start    ] GC(5314) Pause Young (Normal) (G1 Evacuation Pause)
[2025-01-08T20:24:48.688+0000][172759.054s][info][gc,task     ] GC(5314) Using 6 workers of 6 for evacuation
[2025-01-08T20:24:48.714+0000][172759.080s][info][gc,phases   ] GC(5314)   Pre Evacuate Collection Set: 0.2ms
[2025-01-08T20:24:48.714+0000][172759.080s][info][gc,phases   ] GC(5314)   Merge Heap Roots: 0.4ms
[2025-01-08T20:24:48.714+0000][172759.080s][info][gc,phases   ] GC(5314)   Evacuate Collection Set: 22.4ms
[2025-01-08T20:24:48.714+0000][172759.080s][info][gc,phases   ] GC(5314)   Post Evacuate Collection Set: 2.5ms
[2025-01-08T20:24:48.714+0000][172759.080s][info][gc,phases   ] GC(5314)   Other: 0.2ms
[2025-01-08T20:24:48.714+0000][172759.080s][info][gc,heap     ] GC(5314) Eden regions: 915->0(915)
[2025-01-08T20:24:48.714+0000][172759.080s][info][gc,heap     ] GC(5314) Survivor regions: 6->6(116)
[2025-01-08T20:24:48.714+0000][172759.080s][info][gc,heap     ] GC(5314) Old regions: 235->235
[2025-01-08T20:24:48.714+0000][172759.080s][info][gc,heap     ] GC(5314) Archive regions: 2->2
[2025-01-08T20:24:48.714+0000][172759.080s][info][gc,heap     ] GC(5314) Humongous regions: 49->49
[2025-01-08T20:24:48.714+0000][172759.080s][info][gc,metaspace] GC(5314) Metaspace: 523588K(533760K)->523588K(533760K) NonClass: 459756K(465024K)->459756K(465024K) Class: 63832K(68736K)->63832K(68736K)
[2025-01-08T20:24:48.714+0000][172759.080s][info][gc          ] GC(5314) Pause Young (Normal) (G1 Evacuation Pause) 9644M->2324M(12288M) 25.816ms
[2025-01-08T20:24:48.714+0000][172759.080s][info][gc,cpu      ] GC(5314) User=0.15s Sys=0.00s Real=0.03s
[2025-01-08T20:24:56.964+0000][172767.330s][info][gc,start    ] GC(5315) Pause Young (Normal) (G1 Evacuation Pause)
[2025-01-08T20:24:56.964+0000][172767.330s][info][gc,task     ] GC(5315) Using 6 workers of 6 for evacuation
[2025-01-08T20:24:56.994+0000][172767.360s][info][gc,phases   ] GC(5315)   Pre Evacuate Collection Set: 0.2ms
[2025-01-08T20:24:56.994+0000][172767.360s][info][gc,phases   ] GC(5315)   Merge Heap Roots: 0.4ms
[2025-01-08T20:24:56.994+0000][172767.360s][info][gc,phases   ] GC(5315)   Evacuate Collection Set: 26.7ms
[2025-01-08T20:24:56.994+0000][172767.360s][info][gc,phases   ] GC(5315)   Post Evacuate Collection Set: 2.7ms
[2025-01-08T20:24:56.994+0000][172767.360s][info][gc,phases   ] GC(5315)   Other: 0.2ms
[2025-01-08T20:24:56.994+0000][172767.360s][info][gc,heap     ] GC(5315) Eden regions: 915->0(913)
[2025-01-08T20:24:56.994+0000][172767.360s][info][gc,heap     ] GC(5315) Survivor regions: 6->8(116)
[2025-01-08T20:24:56.994+0000][172767.360s][info][gc,heap     ] GC(5315) Old regions: 235->235
[2025-01-08T20:24:56.994+0000][172767.360s][info][gc,heap     ] GC(5315) Archive regions: 2->2
[2025-01-08T20:24:56.994+0000][172767.360s][info][gc,heap     ] GC(5315) Humongous regions: 49->49
[2025-01-08T20:24:56.994+0000][172767.360s][info][gc,metaspace] GC(5315) Metaspace: 523588K(533760K)->523588K(533760K) NonClass: 459756K(465024K)->459756K(465024K) Class: 63832K(68736K)->63832K(68736K)
[2025-01-08T20:24:56.994+0000][172767.360s][info][gc          ] GC(5315) Pause Young (Normal) (G1 Evacuation Pause) 9644M->2338M(12288M) 30.333ms
[2025-01-08T20:24:56.994+0000][172767.360s][info][gc,cpu      ] GC(5315) User=0.18s Sys=0.00s Real=0.03s
[2025-01-08T20:25:06.294+0000][172776.660s][info][gc,start    ] GC(5316) Pause Young (Concurrent Start) (G1 Evacuation Pause)
[2025-01-08T20:25:06.294+0000][172776.660s][info][gc,task     ] GC(5316) Using 6 workers of 6 for evacuation
[2025-01-08T20:25:06.331+0000][172776.697s][info][gc,phases   ] GC(5316)   Pre Evacuate Collection Set: 1.1ms
[2025-01-08T20:25:06.331+0000][172776.697s][info][gc,phases   ] GC(5316)   Merge Heap Roots: 0.5ms
[2025-01-08T20:25:06.331+0000][172776.697s][info][gc,phases   ] GC(5316)   Evacuate Collection Set: 29.9ms
[2025-01-08T20:25:06.331+0000][172776.697s][info][gc,phases   ] GC(5316)   Post Evacuate Collection Set: 5.3ms
[2025-01-08T20:25:06.331+0000][172776.697s][info][gc,phases   ] GC(5316)   Other: 0.3ms
[2025-01-08T20:25:06.331+0000][172776.697s][info][gc,heap     ] GC(5316) Eden regions: 913->0(911)
[2025-01-08T20:25:06.331+0000][172776.697s][info][gc,heap     ] GC(5316) Survivor regions: 8->10(116)
[2025-01-08T20:25:06.331+0000][172776.697s][info][gc,heap     ] GC(5316) Old regions: 235->235
[2025-01-08T20:25:06.331+0000][172776.697s][info][gc,heap     ] GC(5316) Archive regions: 2->2
[2025-01-08T20:25:06.331+0000][172776.697s][info][gc,heap     ] GC(5316) Humongous regions: 49->49
[2025-01-08T20:25:06.331+0000][172776.697s][info][gc,metaspace] GC(5316) Metaspace: 523589K(533760K)->523589K(533760K) NonClass: 459756K(465024K)->459756K(465024K) Class: 63832K(68736K)->63832K(68736K)
[2025-01-08T20:25:06.331+0000][172776.697s][info][gc          ] GC(5316) Pause Young (Concurrent Start) (G1 Evacuation Pause) 9642M->2352M(12288M) 37.086ms
[2025-01-08T20:25:06.331+0000][172776.697s][info][gc,cpu      ] GC(5316) User=0.22s Sys=0.00s Real=0.04s
[2025-01-08T20:25:06.331+0000][172776.697s][info][gc          ] GC(5317) Concurrent Mark Cycle
[2025-01-08T20:25:06.331+0000][172776.697s][info][gc,marking  ] GC(5317) Concurrent Clear Claimed Marks
[2025-01-08T20:25:06.332+0000][172776.698s][info][gc,marking  ] GC(5317) Concurrent Clear Claimed Marks 0.877ms
[2025-01-08T20:25:06.332+0000][172776.698s][info][gc,marking  ] GC(5317) Concurrent Scan Root Regions
[2025-01-08T20:25:06.361+0000][172776.727s][info][gc,marking  ] GC(5317) Concurrent Scan Root Regions 28.791ms
[2025-01-08T20:25:06.361+0000][172776.727s][info][gc,marking  ] GC(5317) Concurrent Mark
[2025-01-08T20:25:06.361+0000][172776.727s][info][gc,marking  ] GC(5317) Concurrent Mark From Roots
[2025-01-08T20:25:06.361+0000][172776.727s][info][gc,task     ] GC(5317) Using 2 workers of 2 for marking
[2025-01-08T20:25:07.210+0000][172777.576s][info][gc,marking  ] GC(5317) Concurrent Mark From Roots 849.081ms
[2025-01-08T20:25:07.210+0000][172777.576s][info][gc,marking  ] GC(5317) Concurrent Preclean
[2025-01-08T20:25:07.212+0000][172777.579s][info][gc,marking  ] GC(5317) Concurrent Preclean 2.489ms
[2025-01-08T20:25:07.213+0000][172777.579s][info][gc,start    ] GC(5317) Pause Remark
[2025-01-08T20:25:07.238+0000][172777.604s][info][gc          ] GC(5317) Pause Remark 3152M->3152M(12288M) 25.008ms
[2025-01-08T20:25:07.238+0000][172777.604s][info][gc,cpu      ] GC(5317) User=0.14s Sys=0.00s Real=0.02s
[2025-01-08T20:25:07.238+0000][172777.604s][info][gc,marking  ] GC(5317) Concurrent Mark 876.883ms
[2025-01-08T20:25:07.238+0000][172777.604s][info][gc,marking  ] GC(5317) Concurrent Rebuild Remembered Sets
[2025-01-08T20:25:07.749+0000][172778.115s][info][gc,marking  ] GC(5317) Concurrent Rebuild Remembered Sets 511.129ms
[2025-01-08T20:25:07.749+0000][172778.115s][info][gc,start    ] GC(5317) Pause Cleanup
[2025-01-08T20:25:07.749+0000][172778.116s][info][gc          ] GC(5317) Pause Cleanup 3548M->3548M(12288M) 0.420ms
[2025-01-08T20:25:07.749+0000][172778.116s][info][gc,cpu      ] GC(5317) User=0.00s Sys=0.00s Real=0.01s
[2025-01-08T20:25:07.750+0000][172778.116s][info][gc,marking  ] GC(5317) Concurrent Cleanup for Next Mark
[2025-01-08T20:25:07.765+0000][172778.131s][info][gc,marking  ] GC(5317) Concurrent Cleanup for Next Mark 15.378ms
[2025-01-08T20:25:07.765+0000][172778.131s][info][gc          ] GC(5317) Concurrent Mark Cycle 1433.888ms
[2025-01-08T20:25:14.781+0000][172785.147s][info][gc,start    ] GC(5318) Pause Young (Prepare Mixed) (G1 Evacuation Pause)
[2025-01-08T20:25:14.781+0000][172785.148s][info][gc,task     ] GC(5318) Using 6 workers of 6 for evacuation
[2025-01-08T20:25:14.817+0000][172785.183s][info][gc,phases   ] GC(5318)   Pre Evacuate Collection Set: 0.2ms
[2025-01-08T20:25:14.817+0000][172785.183s][info][gc,phases   ] GC(5318)   Merge Heap Roots: 0.7ms
[2025-01-08T20:25:14.817+0000][172785.183s][info][gc,phases   ] GC(5318)   Evacuate Collection Set: 31.8ms
[2025-01-08T20:25:14.817+0000][172785.183s][info][gc,phases   ] GC(5318)   Post Evacuate Collection Set: 2.7ms
[2025-01-08T20:25:14.817+0000][172785.183s][info][gc,phases   ] GC(5318)   Other: 0.2ms
[2025-01-08T20:25:14.817+0000][172785.183s][info][gc,heap     ] GC(5318) Eden regions: 911->0(66)
[2025-01-08T20:25:14.817+0000][172785.183s][info][gc,heap     ] GC(5318) Survivor regions: 10->10(116)
[2025-01-08T20:25:14.817+0000][172785.183s][info][gc,heap     ] GC(5318) Old regions: 235->235
[2025-01-08T20:25:14.817+0000][172785.183s][info][gc,heap     ] GC(5318) Archive regions: 2->2
[2025-01-08T20:25:14.817+0000][172785.183s][info][gc,heap     ] GC(5318) Humongous regions: 49->49
[2025-01-08T20:25:14.817+0000][172785.183s][info][gc,metaspace] GC(5318) Metaspace: 523589K(533760K)->523589K(533760K) NonClass: 459756K(465024K)->459756K(465024K) Class: 63832K(68736K)->63832K(68736K)
[2025-01-08T20:25:14.817+0000][172785.183s][info][gc          ] GC(5318) Pause Young (Prepare Mixed) (G1 Evacuation Pause) 9640M->2350M(12288M) 35.728ms
[2025-01-08T20:25:14.817+0000][172785.183s][info][gc,cpu      ] GC(5318) User=0.20s Sys=0.00s Real=0.04s
[2025-01-08T20:25:15.142+0000][172785.508s][info][gc,start    ] GC(5319) Pause Young (Mixed) (G1 Evacuation Pause)
[2025-01-08T20:25:15.142+0000][172785.508s][info][gc,task     ] GC(5319) Using 6 workers of 6 for evacuation
[2025-01-08T20:25:15.204+0000][172785.570s][info][gc,phases   ] GC(5319)   Pre Evacuate Collection Set: 0.2ms
[2025-01-08T20:25:15.204+0000][172785.570s][info][gc,phases   ] GC(5319)   Merge Heap Roots: 0.6ms
[2025-01-08T20:25:15.204+0000][172785.570s][info][gc,phases   ] GC(5319)   Evacuate Collection Set: 57.5ms
[2025-01-08T20:25:15.204+0000][172785.570s][info][gc,phases   ] GC(5319)   Post Evacuate Collection Set: 3.2ms
[2025-01-08T20:25:15.204+0000][172785.570s][info][gc,phases   ] GC(5319)   Other: 0.2ms
[2025-01-08T20:25:15.204+0000][172785.570s][info][gc,heap     ] GC(5319) Eden regions: 66->0(915)
[2025-01-08T20:25:15.204+0000][172785.570s][info][gc,heap     ] GC(5319) Survivor regions: 10->6(10)
[2025-01-08T20:25:15.204+0000][172785.570s][info][gc,heap     ] GC(5319) Old regions: 235->234
[2025-01-08T20:25:15.204+0000][172785.570s][info][gc,heap     ] GC(5319) Archive regions: 2->2
[2025-01-08T20:25:15.204+0000][172785.570s][info][gc,heap     ] GC(5319) Humongous regions: 49->49
[2025-01-08T20:25:15.204+0000][172785.570s][info][gc,metaspace] GC(5319) Metaspace: 523589K(533760K)->523589K(533760K) NonClass: 459756K(465024K)->459756K(465024K) Class: 63832K(68736K)->63832K(68736K)
[2025-01-08T20:25:15.204+0000][172785.570s][info][gc          ] GC(5319) Pause Young (Mixed) (G1 Evacuation Pause) 2878M->2315M(12288M) 61.755ms
[2025-01-08T20:25:15.204+0000][172785.570s][info][gc,cpu      ] GC(5319) User=0.36s Sys=0.00s Real=0.06s
[2025-01-08T20:25:25.002+0000][172795.368s][info][gc,start    ] GC(5320) Pause Young (Normal) (G1 Evacuation Pause)
[2025-01-08T20:25:25.002+0000][172795.368s][info][gc,task     ] GC(5320) Using 6 workers of 6 for evacuation
[2025-01-08T20:25:25.033+0000][172795.399s][info][gc,phases   ] GC(5320)   Pre Evacuate Collection Set: 0.2ms
[2025-01-08T20:25:25.033+0000][172795.399s][info][gc,phases   ] GC(5320)   Merge Heap Roots: 0.5ms
[2025-01-08T20:25:25.033+0000][172795.399s][info][gc,phases   ] GC(5320)   Evacuate Collection Set: 27.6ms
[2025-01-08T20:25:25.033+0000][172795.399s][info][gc,phases   ] GC(5320)   Post Evacuate Collection Set: 2.6ms
[2025-01-08T20:25:25.033+0000][172795.399s][info][gc,phases   ] GC(5320)   Other: 0.2ms
[2025-01-08T20:25:25.033+0000][172795.399s][info][gc,heap     ] GC(5320) Eden regions: 915->0(913)
[2025-01-08T20:25:25.033+0000][172795.399s][info][gc,heap     ] GC(5320) Survivor regions: 6->8(116)
[2025-01-08T20:25:25.033+0000][172795.399s][info][gc,heap     ] GC(5320) Old regions: 234->234
[2025-01-08T20:25:25.033+0000][172795.399s][info][gc,heap     ] GC(5320) Archive regions: 2->2
[2025-01-08T20:25:25.033+0000][172795.399s][info][gc,heap     ] GC(5320) Humongous regions: 49->49
[2025-01-08T20:25:25.033+0000][172795.399s][info][gc,metaspace] GC(5320) Metaspace: 523589K(533760K)->523589K(533760K) NonClass: 459756K(465024K)->459756K(465024K) Class: 63832K(68736K)->63832K(68736K)
[2025-01-08T20:25:25.033+0000][172795.399s][info][gc          ] GC(5320) Pause Young (Normal) (G1 Evacuation Pause) 9635M->2324M(12288M) 31.101ms
[2025-01-08T20:25:25.033+0000][172795.399s][info][gc,cpu      ] GC(5320) User=0.18s Sys=0.00s Real=0.03s
[2025-01-08T20:25:33.606+0000][172803.972s][info][gc,start    ] GC(5321) Pause Young (Normal) (G1 Evacuation Pause)
[2025-01-08T20:25:33.606+0000][172803.972s][info][gc,task     ] GC(5321) Using 6 workers of 6 for evacuation
[2025-01-08T20:25:33.636+0000][172804.002s][info][gc,phases   ] GC(5321)   Pre Evacuate Collection Set: 0.2ms
[2025-01-08T20:25:33.636+0000][172804.002s][info][gc,phases   ] GC(5321)   Merge Heap Roots: 0.5ms
[2025-01-08T20:25:33.636+0000][172804.002s][info][gc,phases   ] GC(5321)   Evacuate Collection Set: 26.7ms
[2025-01-08T20:25:33.636+0000][172804.002s][info][gc,phases   ] GC(5321)   Post Evacuate Collection Set: 2.5ms
[2025-01-08T20:25:33.636+0000][172804.002s][info][gc,phases   ] GC(5321)   Other: 0.2ms
[2025-01-08T20:25:33.636+0000][172804.002s][info][gc,heap     ] GC(5321) Eden regions: 913->0(913)
[2025-01-08T20:25:33.636+0000][172804.002s][info][gc,heap     ] GC(5321) Survivor regions: 8->8(116)
[2025-01-08T20:25:33.636+0000][172804.002s][info][gc,heap     ] GC(5321) Old regions: 234->234
[2025-01-08T20:25:33.636+0000][172804.002s][info][gc,heap     ] GC(5321) Archive regions: 2->2
[2025-01-08T20:25:33.636+0000][172804.002s][info][gc,heap     ] GC(5321) Humongous regions: 49->49
[2025-01-08T20:25:33.636+0000][172804.002s][info][gc,metaspace] GC(5321) Metaspace: 523589K(533760K)->523589K(533760K) NonClass: 459756K(465024K)->459756K(465024K) Class: 63832K(68736K)->63832K(68736K)
[2025-01-08T20:25:33.636+0000][172804.002s][info][gc          ] GC(5321) Pause Young (Normal) (G1 Evacuation Pause) 9628M->2328M(12288M) 30.135ms
[2025-01-08T20:25:33.636+0000][172804.002s][info][gc,cpu      ] GC(5321) User=0.17s Sys=0.00s Real=0.03s
[2025-01-08T20:25:40.162+0000][172810.528s][info][gc,start    ] GC(5322) Pause Young (Concurrent Start) (G1 Evacuation Pause)
[2025-01-08T20:25:40.162+0000][172810.528s][info][gc,task     ] GC(5322) Using 6 workers of 6 for evacuation
[2025-01-08T20:25:40.196+0000][172810.562s][info][gc,phases   ] GC(5322)   Pre Evacuate Collection Set: 1.1ms
[2025-01-08T20:25:40.196+0000][172810.562s][info][gc,phases   ] GC(5322)   Merge Heap Roots: 0.5ms
[2025-01-08T20:25:40.196+0000][172810.562s][info][gc,phases   ] GC(5322)   Evacuate Collection Set: 30.2ms
[2025-01-08T20:25:40.196+0000][172810.562s][info][gc,phases   ] GC(5322)   Post Evacuate Collection Set: 2.6ms
[2025-01-08T20:25:40.196+0000][172810.562s][info][gc,phases   ] GC(5322)   Other: 0.3ms
[2025-01-08T20:25:40.196+0000][172810.562s][info][gc,heap     ] GC(5322) Eden regions: 913->0(912)
[2025-01-08T20:25:40.196+0000][172810.562s][info][gc,heap     ] GC(5322) Survivor regions: 8->9(116)
[2025-01-08T20:25:40.196+0000][172810.562s][info][gc,heap     ] GC(5322) Old regions: 234->234
[2025-01-08T20:25:40.196+0000][172810.562s][info][gc,heap     ] GC(5322) Archive regions: 2->2
[2025-01-08T20:25:40.196+0000][172810.562s][info][gc,heap     ] GC(5322) Humongous regions: 49->49
[2025-01-08T20:25:40.196+0000][172810.562s][info][gc,metaspace] GC(5322) Metaspace: 523589K(533760K)->523589K(533760K) NonClass: 459756K(465024K)->459756K(465024K) Class: 63832K(68736K)->63832K(68736K)
[2025-01-08T20:25:40.196+0000][172810.562s][info][gc          ] GC(5322) Pause Young (Concurrent Start) (G1 Evacuation Pause) 9632M->2338M(12288M) 34.764ms
[2025-01-08T20:25:40.196+0000][172810.562s][info][gc,cpu      ] GC(5322) User=0.20s Sys=0.00s Real=0.03s
[2025-01-08T20:25:40.196+0000][172810.563s][info][gc          ] GC(5323) Concurrent Mark Cycle
[2025-01-08T20:25:40.196+0000][172810.563s][info][gc,marking  ] GC(5323) Concurrent Clear Claimed Marks
[2025-01-08T20:25:40.197+0000][172810.564s][info][gc,marking  ] GC(5323) Concurrent Clear Claimed Marks 0.967ms
[2025-01-08T20:25:40.197+0000][172810.564s][info][gc,marking  ] GC(5323) Concurrent Scan Root Regions
[2025-01-08T20:25:40.227+0000][172810.593s][info][gc,marking  ] GC(5323) Concurrent Scan Root Regions 29.500ms
[2025-01-08T20:25:40.227+0000][172810.593s][info][gc,marking  ] GC(5323) Concurrent Mark
[2025-01-08T20:25:40.227+0000][172810.593s][info][gc,marking  ] GC(5323) Concurrent Mark From Roots
[2025-01-08T20:25:40.227+0000][172810.593s][info][gc,task     ] GC(5323) Using 2 workers of 2 for marking
[2025-01-08T20:25:41.027+0000][172811.394s][info][gc,marking  ] GC(5323) Concurrent Mark From Roots 800.469ms
[2025-01-08T20:25:41.027+0000][172811.394s][info][gc,marking  ] GC(5323) Concurrent Preclean
[2025-01-08T20:25:41.030+0000][172811.396s][info][gc,marking  ] GC(5323) Concurrent Preclean 2.549ms
[2025-01-08T20:25:41.030+0000][172811.396s][info][gc,start    ] GC(5323) Pause Remark
[2025-01-08T20:25:41.056+0000][172811.422s][info][gc          ] GC(5323) Pause Remark 2998M->2998M(12288M) 25.680ms
[2025-01-08T20:25:41.056+0000][172811.422s][info][gc,cpu      ] GC(5323) User=0.14s Sys=0.00s Real=0.02s
[2025-01-08T20:25:41.056+0000][172811.422s][info][gc,marking  ] GC(5323) Concurrent Mark 829.024ms
[2025-01-08T20:25:41.056+0000][172811.422s][info][gc,marking  ] GC(5323) Concurrent Rebuild Remembered Sets
[2025-01-08T20:25:41.554+0000][172811.920s][info][gc,marking  ] GC(5323) Concurrent Rebuild Remembered Sets 498.029ms
[2025-01-08T20:25:41.554+0000][172811.920s][info][gc,start    ] GC(5323) Pause Cleanup
[2025-01-08T20:25:41.555+0000][172811.921s][info][gc          ] GC(5323) Pause Cleanup 3350M->3350M(12288M) 0.402ms
[2025-01-08T20:25:41.555+0000][172811.921s][info][gc,cpu      ] GC(5323) User=0.00s Sys=0.00s Real=0.00s
[2025-01-08T20:25:41.555+0000][172811.921s][info][gc,marking  ] GC(5323) Concurrent Cleanup for Next Mark
[2025-01-08T20:25:41.570+0000][172811.936s][info][gc,marking  ] GC(5323) Concurrent Cleanup for Next Mark 15.433ms
[2025-01-08T20:25:41.570+0000][172811.936s][info][gc          ] GC(5323) Concurrent Mark Cycle 1373.722ms
[2025-01-08T20:25:46.542+0000][172816.908s][info][gc,start    ] GC(5324) Pause Young (Prepare Mixed) (G1 Evacuation Pause)
[2025-01-08T20:25:46.542+0000][172816.908s][info][gc,task     ] GC(5324) Using 6 workers of 6 for evacuation
[2025-01-08T20:25:46.578+0000][172816.945s][info][gc,phases   ] GC(5324)   Pre Evacuate Collection Set: 0.2ms
[2025-01-08T20:25:46.578+0000][172816.945s][info][gc,phases   ] GC(5324)   Merge Heap Roots: 0.7ms
[2025-01-08T20:25:46.578+0000][172816.945s][info][gc,phases   ] GC(5324)   Evacuate Collection Set: 32.8ms
[2025-01-08T20:25:46.578+0000][172816.945s][info][gc,phases   ] GC(5324)   Post Evacuate Collection Set: 2.5ms
[2025-01-08T20:25:46.578+0000][172816.945s][info][gc,phases   ] GC(5324)   Other: 0.2ms
[2025-01-08T20:25:46.578+0000][172816.945s][info][gc,heap     ] GC(5324) Eden regions: 912->0(66)
[2025-01-08T20:25:46.578+0000][172816.945s][info][gc,heap     ] GC(5324) Survivor regions: 9->10(116)
[2025-01-08T20:25:46.578+0000][172816.945s][info][gc,heap     ] GC(5324) Old regions: 234->234
[2025-01-08T20:25:46.578+0000][172816.945s][info][gc,heap     ] GC(5324) Archive regions: 2->2
[2025-01-08T20:25:46.578+0000][172816.945s][info][gc,heap     ] GC(5324) Humongous regions: 49->49
[2025-01-08T20:25:46.579+0000][172816.945s][info][gc,metaspace] GC(5324) Metaspace: 523589K(533760K)->523589K(533760K) NonClass: 459756K(465024K)->459756K(465024K) Class: 63832K(68736K)->63832K(68736K)
[2025-01-08T20:25:46.579+0000][172816.945s][info][gc          ] GC(5324) Pause Young (Prepare Mixed) (G1 Evacuation Pause) 9634M->2343M(12288M) 36.534ms
[2025-01-08T20:25:46.579+0000][172816.945s][info][gc,cpu      ] GC(5324) User=0.22s Sys=0.00s Real=0.03s
[2025-01-08T20:25:46.971+0000][172817.337s][info][gc,start    ] GC(5325) Pause Young (Mixed) (G1 Evacuation Pause)
[2025-01-08T20:25:46.971+0000][172817.337s][info][gc,task     ] GC(5325) Using 6 workers of 6 for evacuation
[2025-01-08T20:25:47.045+0000][172817.411s][info][gc,phases   ] GC(5325)   Pre Evacuate Collection Set: 0.2ms
[2025-01-08T20:25:47.045+0000][172817.411s][info][gc,phases   ] GC(5325)   Merge Heap Roots: 0.8ms
[2025-01-08T20:25:47.045+0000][172817.411s][info][gc,phases   ] GC(5325)   Evacuate Collection Set: 70.0ms
[2025-01-08T20:25:47.045+0000][172817.411s][info][gc,phases   ] GC(5325)   Post Evacuate Collection Set: 2.0ms
[2025-01-08T20:25:47.045+0000][172817.411s][info][gc,phases   ] GC(5325)   Other: 0.2ms
[2025-01-08T20:25:47.045+0000][172817.411s][info][gc,heap     ] GC(5325) Eden regions: 66->0(915)
[2025-01-08T20:25:47.045+0000][172817.411s][info][gc,heap     ] GC(5325) Survivor regions: 10->6(10)
[2025-01-08T20:25:47.045+0000][172817.411s][info][gc,heap     ] GC(5325) Old regions: 234->234
[2025-01-08T20:25:47.045+0000][172817.411s][info][gc,heap     ] GC(5325) Archive regions: 2->2
[2025-01-08T20:25:47.045+0000][172817.411s][info][gc,heap     ] GC(5325) Humongous regions: 49->49
[2025-01-08T20:25:47.045+0000][172817.411s][info][gc,metaspace] GC(5325) Metaspace: 523589K(533760K)->523589K(533760K) NonClass: 459756K(465024K)->459756K(465024K) Class: 63832K(68736K)->63832K(68736K)
[2025-01-08T20:25:47.045+0000][172817.411s][info][gc          ] GC(5325) Pause Young (Mixed) (G1 Evacuation Pause) 2871M->2311M(12288M) 73.275ms
[2025-01-08T20:25:47.045+0000][172817.411s][info][gc,cpu      ] GC(5325) User=0.43s Sys=0.00s Real=0.07s
[2025-01-08T20:25:56.222+0000][172826.588s][info][gc,start    ] GC(5326) Pause Young (Normal) (G1 Evacuation Pause)
[2025-01-08T20:25:56.222+0000][172826.588s][info][gc,task     ] GC(5326) Using 6 workers of 6 for evacuation
[2025-01-08T20:25:56.252+0000][172826.618s][info][gc,phases   ] GC(5326)   Pre Evacuate Collection Set: 0.2ms
[2025-01-08T20:25:56.252+0000][172826.618s][info][gc,phases   ] GC(5326)   Merge Heap Roots: 0.5ms
[2025-01-08T20:25:56.252+0000][172826.618s][info][gc,phases   ] GC(5326)   Evacuate Collection Set: 25.1ms
[2025-01-08T20:25:56.252+0000][172826.618s][info][gc,phases   ] GC(5326)   Post Evacuate Collection Set: 3.9ms
[2025-01-08T20:25:56.252+0000][172826.618s][info][gc,phases   ] GC(5326)   Other: 0.2ms
[2025-01-08T20:25:56.252+0000][172826.618s][info][gc,heap     ] GC(5326) Eden regions: 915->0(914)
[2025-01-08T20:25:56.252+0000][172826.618s][info][gc,heap     ] GC(5326) Survivor regions: 6->7(116)
[2025-01-08T20:25:56.252+0000][172826.618s][info][gc,heap     ] GC(5326) Old regions: 234->234
[2025-01-08T20:25:56.252+0000][172826.618s][info][gc,heap     ] GC(5326) Archive regions: 2->2
[2025-01-08T20:25:56.252+0000][172826.618s][info][gc,heap     ] GC(5326) Humongous regions: 49->49
[2025-01-08T20:25:56.252+0000][172826.618s][info][gc,metaspace] GC(5326) Metaspace: 523590K(533760K)->523590K(533760K) NonClass: 459756K(465024K)->459756K(465024K) Class: 63833K(68736K)->63833K(68736K)
[2025-01-08T20:25:56.252+0000][172826.618s][info][gc          ] GC(5326) Pause Young (Normal) (G1 Evacuation Pause) 9631M->2324M(12288M) 29.980ms
[2025-01-08T20:25:56.252+0000][172826.618s][info][gc,cpu      ] GC(5326) User=0.18s Sys=0.00s Real=0.03s
[2025-01-08T20:26:04.302+0000][172834.668s][info][gc,start    ] GC(5327) Pause Young (Normal) (G1 Evacuation Pause)
[2025-01-08T20:26:04.302+0000][172834.668s][info][gc,task     ] GC(5327) Using 6 workers of 6 for evacuation
[2025-01-08T20:26:04.340+0000][172834.706s][info][gc,phases   ] GC(5327)   Pre Evacuate Collection Set: 0.2ms
[2025-01-08T20:26:04.340+0000][172834.706s][info][gc,phases   ] GC(5327)   Merge Heap Roots: 0.5ms
[2025-01-08T20:26:04.340+0000][172834.706s][info][gc,phases   ] GC(5327)   Evacuate Collection Set: 33.4ms
[2025-01-08T20:26:04.340+0000][172834.706s][info][gc,phases   ] GC(5327)   Post Evacuate Collection Set: 3.9ms
[2025-01-08T20:26:04.340+0000][172834.706s][info][gc,phases   ] GC(5327)   Other: 0.2ms
[2025-01-08T20:26:04.340+0000][172834.706s][info][gc,heap     ] GC(5327) Eden regions: 914->0(912)
[2025-01-08T20:26:04.340+0000][172834.706s][info][gc,heap     ] GC(5327) Survivor regions: 7->9(116)
[2025-01-08T20:26:04.340+0000][172834.706s][info][gc,heap     ] GC(5327) Old regions: 234->234
[2025-01-08T20:26:04.340+0000][172834.706s][info][gc,heap     ] GC(5327) Archive regions: 2->2
[2025-01-08T20:26:04.340+0000][172834.706s][info][gc,heap     ] GC(5327) Humongous regions: 49->49
[2025-01-08T20:26:04.340+0000][172834.706s][info][gc,metaspace] GC(5327) Metaspace: 523590K(533760K)->523590K(533760K) NonClass: 459756K(465024K)->459756K(465024K) Class: 63833K(68736K)->63833K(68736K)
[2025-01-08T20:26:04.340+0000][172834.706s][info][gc          ] GC(5327) Pause Young (Normal) (G1 Evacuation Pause) 9636M->2341M(12288M) 38.203ms
[2025-01-08T20:26:04.340+0000][172834.706s][info][gc,cpu      ] GC(5327) User=0.22s Sys=0.00s Real=0.03s
[2025-01-08T20:26:13.541+0000][172843.907s][info][gc,start    ] GC(5328) Pause Young (Concurrent Start) (G1 Evacuation Pause)
[2025-01-08T20:26:13.541+0000][172843.907s][info][gc,task     ] GC(5328) Using 6 workers of 6 for evacuation
[2025-01-08T20:26:13.580+0000][172843.946s][info][gc,phases   ] GC(5328)   Pre Evacuate Collection Set: 1.1ms
[2025-01-08T20:26:13.580+0000][172843.946s][info][gc,phases   ] GC(5328)   Merge Heap Roots: 0.5ms
[2025-01-08T20:26:13.580+0000][172843.946s][info][gc,phases   ] GC(5328)   Evacuate Collection Set: 33.2ms
[2025-01-08T20:26:13.580+0000][172843.946s][info][gc,phases   ] GC(5328)   Post Evacuate Collection Set: 4.0ms
[2025-01-08T20:26:13.580+0000][172843.946s][info][gc,phases   ] GC(5328)   Other: 0.3ms
[2025-01-08T20:26:13.580+0000][172843.946s][info][gc,heap     ] GC(5328) Eden regions: 912->0(911)
[2025-01-08T20:26:13.580+0000][172843.946s][info][gc,heap     ] GC(5328) Survivor regions: 9->10(116)
[2025-01-08T20:26:13.580+0000][172843.946s][info][gc,heap     ] GC(5328) Old regions: 234->234
[2025-01-08T20:26:13.580+0000][172843.946s][info][gc,heap     ] GC(5328) Archive regions: 2->2
[2025-01-08T20:26:13.580+0000][172843.946s][info][gc,heap     ] GC(5328) Humongous regions: 49->49
[2025-01-08T20:26:13.580+0000][172843.946s][info][gc,metaspace] GC(5328) Metaspace: 523590K(533760K)->523590K(533760K) NonClass: 459756K(465024K)->459756K(465024K) Class: 63833K(68736K)->63833K(68736K)
[2025-01-08T20:26:13.580+0000][172843.946s][info][gc          ] GC(5328) Pause Young (Concurrent Start) (G1 Evacuation Pause) 9637M->2347M(12288M) 39.187ms
[2025-01-08T20:26:13.580+0000][172843.946s][info][gc,cpu      ] GC(5328) User=0.22s Sys=0.00s Real=0.04s
[2025-01-08T20:26:13.580+0000][172843.946s][info][gc          ] GC(5329) Concurrent Mark Cycle
[2025-01-08T20:26:13.580+0000][172843.946s][info][gc,marking  ] GC(5329) Concurrent Clear Claimed Marks
[2025-01-08T20:26:13.581+0000][172843.947s][info][gc,marking  ] GC(5329) Concurrent Clear Claimed Marks 0.912ms
[2025-01-08T20:26:13.581+0000][172843.947s][info][gc,marking  ] GC(5329) Concurrent Scan Root Regions
[2025-01-08T20:26:13.614+0000][172843.980s][info][gc,marking  ] GC(5329) Concurrent Scan Root Regions 32.900ms
[2025-01-08T20:26:13.614+0000][172843.980s][info][gc,marking  ] GC(5329) Concurrent Mark
[2025-01-08T20:26:13.614+0000][172843.980s][info][gc,marking  ] GC(5329) Concurrent Mark From Roots
[2025-01-08T20:26:13.614+0000][172843.980s][info][gc,task     ] GC(5329) Using 2 workers of 2 for marking
[2025-01-08T20:26:14.385+0000][172844.751s][info][gc,marking  ] GC(5329) Concurrent Mark From Roots 771.058ms
[2025-01-08T20:26:14.385+0000][172844.751s][info][gc,marking  ] GC(5329) Concurrent Preclean
[2025-01-08T20:26:14.387+0000][172844.754s][info][gc,marking  ] GC(5329) Concurrent Preclean 2.581ms
[2025-01-08T20:26:14.388+0000][172844.754s][info][gc,start    ] GC(5329) Pause Remark
[2025-01-08T20:26:14.413+0000][172844.779s][info][gc          ] GC(5329) Pause Remark 2944M->2944M(12288M) 25.687ms
[2025-01-08T20:26:14.413+0000][172844.779s][info][gc,cpu      ] GC(5329) User=0.15s Sys=0.00s Real=0.03s
[2025-01-08T20:26:14.413+0000][172844.780s][info][gc,marking  ] GC(5329) Concurrent Mark 799.703ms
[2025-01-08T20:26:14.414+0000][172844.780s][info][gc,marking  ] GC(5329) Concurrent Rebuild Remembered Sets
[2025-01-08T20:26:15.043+0000][172845.409s][info][gc,marking  ] GC(5329) Concurrent Rebuild Remembered Sets 629.234ms
[2025-01-08T20:26:15.043+0000][172845.409s][info][gc,start    ] GC(5329) Pause Cleanup
[2025-01-08T20:26:15.043+0000][172845.409s][info][gc          ] GC(5329) Pause Cleanup 3431M->3431M(12288M) 0.427ms
[2025-01-08T20:26:15.043+0000][172845.409s][info][gc,cpu      ] GC(5329) User=0.00s Sys=0.00s Real=0.00s
[2025-01-08T20:26:15.043+0000][172845.410s][info][gc,marking  ] GC(5329) Concurrent Cleanup for Next Mark
[2025-01-08T20:26:15.060+0000][172845.426s][info][gc,marking  ] GC(5329) Concurrent Cleanup for Next Mark 16.348ms
[2025-01-08T20:26:15.060+0000][172845.426s][info][gc          ] GC(5329) Concurrent Mark Cycle 1479.972ms
[2025-01-08T20:26:24.408+0000][172854.774s][info][gc,start    ] GC(5330) Pause Young (Prepare Mixed) (G1 Evacuation Pause)
[2025-01-08T20:26:24.408+0000][172854.774s][info][gc,task     ] GC(5330) Using 6 workers of 6 for evacuation
[2025-01-08T20:26:24.448+0000][172854.814s][info][gc,phases   ] GC(5330)   Pre Evacuate Collection Set: 0.2ms
[2025-01-08T20:26:24.448+0000][172854.814s][info][gc,phases   ] GC(5330)   Merge Heap Roots: 0.7ms
[2025-01-08T20:26:24.448+0000][172854.814s][info][gc,phases   ] GC(5330)   Evacuate Collection Set: 36.3ms
[2025-01-08T20:26:24.448+0000][172854.814s][info][gc,phases   ] GC(5330)   Post Evacuate Collection Set: 2.8ms
[2025-01-08T20:26:24.448+0000][172854.814s][info][gc,phases   ] GC(5330)   Other: 0.2ms
[2025-01-08T20:26:24.448+0000][172854.814s][info][gc,heap     ] GC(5330) Eden regions: 911->0(65)
[2025-01-08T20:26:24.448+0000][172854.814s][info][gc,heap     ] GC(5330) Survivor regions: 10->11(116)
[2025-01-08T20:26:24.448+0000][172854.814s][info][gc,heap     ] GC(5330) Old regions: 234->234
[2025-01-08T20:26:24.448+0000][172854.814s][info][gc,heap     ] GC(5330) Archive regions: 2->2
[2025-01-08T20:26:24.448+0000][172854.814s][info][gc,heap     ] GC(5330) Humongous regions: 49->49
[2025-01-08T20:26:24.448+0000][172854.814s][info][gc,metaspace] GC(5330) Metaspace: 523590K(533760K)->523590K(533760K) NonClass: 459756K(465024K)->459756K(465024K) Class: 63833K(68736K)->63833K(68736K)
[2025-01-08T20:26:24.448+0000][172854.814s][info][gc          ] GC(5330) Pause Young (Prepare Mixed) (G1 Evacuation Pause) 9635M->2351M(12288M) 40.281ms
[2025-01-08T20:26:24.448+0000][172854.814s][info][gc,cpu      ] GC(5330) User=0.23s Sys=0.00s Real=0.04s
[2025-01-08T20:26:24.902+0000][172855.268s][info][gc,start    ] GC(5331) Pause Young (Mixed) (G1 Evacuation Pause)
[2025-01-08T20:26:24.902+0000][172855.268s][info][gc,task     ] GC(5331) Using 6 workers of 6 for evacuation
[2025-01-08T20:26:24.989+0000][172855.355s][info][gc,phases   ] GC(5331)   Pre Evacuate Collection Set: 0.2ms
[2025-01-08T20:26:24.989+0000][172855.355s][info][gc,phases   ] GC(5331)   Merge Heap Roots: 0.9ms
[2025-01-08T20:26:24.989+0000][172855.355s][info][gc,phases   ] GC(5331)   Evacuate Collection Set: 83.4ms
[2025-01-08T20:26:24.989+0000][172855.355s][info][gc,phases   ] GC(5331)   Post Evacuate Collection Set: 2.2ms
[2025-01-08T20:26:24.989+0000][172855.355s][info][gc,phases   ] GC(5331)   Other: 0.2ms
[2025-01-08T20:26:24.989+0000][172855.355s][info][gc,heap     ] GC(5331) Eden regions: 65->0(915)
[2025-01-08T20:26:24.989+0000][172855.355s][info][gc,heap     ] GC(5331) Survivor regions: 11->6(10)
[2025-01-08T20:26:24.989+0000][172855.355s][info][gc,heap     ] GC(5331) Old regions: 234->236
[2025-01-08T20:26:24.989+0000][172855.355s][info][gc,heap     ] GC(5331) Archive regions: 2->2
[2025-01-08T20:26:24.989+0000][172855.355s][info][gc,heap     ] GC(5331) Humongous regions: 49->49
[2025-01-08T20:26:24.989+0000][172855.355s][info][gc,metaspace] GC(5331) Metaspace: 523590K(533760K)->523590K(533760K) NonClass: 459756K(465024K)->459756K(465024K) Class: 63833K(68736K)->63833K(68736K)
[2025-01-08T20:26:24.989+0000][172855.355s][info][gc          ] GC(5331) Pause Young (Mixed) (G1 Evacuation Pause) 2871M->2329M(12288M) 86.910ms
[2025-01-08T20:26:24.989+0000][172855.355s][info][gc,cpu      ] GC(5331) User=0.51s Sys=0.00s Real=0.08s
[2025-01-08T20:26:36.751+0000][172867.117s][info][gc,start    ] GC(5332) Pause Young (Normal) (G1 Evacuation Pause)
[2025-01-08T20:26:36.751+0000][172867.117s][info][gc,task     ] GC(5332) Using 6 workers of 6 for evacuation
[2025-01-08T20:26:36.780+0000][172867.146s][info][gc,phases   ] GC(5332)   Pre Evacuate Collection Set: 0.2ms
[2025-01-08T20:26:36.780+0000][172867.146s][info][gc,phases   ] GC(5332)   Merge Heap Roots: 0.4ms
[2025-01-08T20:26:36.780+0000][172867.146s][info][gc,phases   ] GC(5332)   Evacuate Collection Set: 25.4ms
[2025-01-08T20:26:36.780+0000][172867.146s][info][gc,phases   ] GC(5332)   Post Evacuate Collection Set: 2.7ms
[2025-01-08T20:26:36.780+0000][172867.146s][info][gc,phases   ] GC(5332)   Other: 0.2ms
[2025-01-08T20:26:36.780+0000][172867.146s][info][gc,heap     ] GC(5332) Eden regions: 915->0(914)
[2025-01-08T20:26:36.780+0000][172867.146s][info][gc,heap     ] GC(5332) Survivor regions: 6->7(116)
[2025-01-08T20:26:36.780+0000][172867.146s][info][gc,heap     ] GC(5332) Old regions: 236->236
[2025-01-08T20:26:36.780+0000][172867.146s][info][gc,heap     ] GC(5332) Archive regions: 2->2
[2025-01-08T20:26:36.780+0000][172867.146s][info][gc,heap     ] GC(5332) Humongous regions: 49->49
[2025-01-08T20:26:36.780+0000][172867.146s][info][gc,metaspace] GC(5332) Metaspace: 523590K(533760K)->523590K(533760K) NonClass: 459757K(465024K)->459757K(465024K) Class: 63833K(68736K)->63833K(68736K)
[2025-01-08T20:26:36.780+0000][172867.146s][info][gc          ] GC(5332) Pause Young (Normal) (G1 Evacuation Pause) 9649M->2333M(12288M) 29.076ms
[2025-01-08T20:26:36.780+0000][172867.146s][info][gc,cpu      ] GC(5332) User=0.16s Sys=0.01s Real=0.02s
[2025-01-08T20:26:42.281+0000][172872.647s][info][gc,start    ] GC(5333) Pause Young (Normal) (G1 Evacuation Pause)
[2025-01-08T20:26:42.281+0000][172872.647s][info][gc,task     ] GC(5333) Using 6 workers of 6 for evacuation
[2025-01-08T20:26:42.308+0000][172872.674s][info][gc,phases   ] GC(5333)   Pre Evacuate Collection Set: 0.2ms
[2025-01-08T20:26:42.308+0000][172872.674s][info][gc,phases   ] GC(5333)   Merge Heap Roots: 0.4ms
[2025-01-08T20:26:42.308+0000][172872.674s][info][gc,phases   ] GC(5333)   Evacuate Collection Set: 23.4ms
[2025-01-08T20:26:42.308+0000][172872.674s][info][gc,phases   ] GC(5333)   Post Evacuate Collection Set: 2.7ms
[2025-01-08T20:26:42.308+0000][172872.674s][info][gc,phases   ] GC(5333)   Other: 0.2ms
[2025-01-08T20:26:42.308+0000][172872.674s][info][gc,heap     ] GC(5333) Eden regions: 914->0(914)
[2025-01-08T20:26:42.308+0000][172872.674s][info][gc,heap     ] GC(5333) Survivor regions: 7->7(116)
[2025-01-08T20:26:42.308+0000][172872.674s][info][gc,heap     ] GC(5333) Old regions: 236->236
[2025-01-08T20:26:42.308+0000][172872.674s][info][gc,heap     ] GC(5333) Archive regions: 2->2
[2025-01-08T20:26:42.308+0000][172872.674s][info][gc,heap     ] GC(5333) Humongous regions: 49->49
[2025-01-08T20:26:42.308+0000][172872.674s][info][gc,metaspace] GC(5333) Metaspace: 523590K(533760K)->523590K(533760K) NonClass: 459757K(465024K)->459757K(465024K) Class: 63833K(68736K)->63833K(68736K)
[2025-01-08T20:26:42.308+0000][172872.674s][info][gc          ] GC(5333) Pause Young (Normal) (G1 Evacuation Pause) 9645M->2336M(12288M) 27.069ms
[2025-01-08T20:26:42.308+0000][172872.674s][info][gc,cpu      ] GC(5333) User=0.16s Sys=0.00s Real=0.03s
[2025-01-08T20:26:50.615+0000][172880.981s][info][gc,start    ] GC(5334) Pause Young (Concurrent Start) (G1 Evacuation Pause)
[2025-01-08T20:26:50.615+0000][172880.981s][info][gc,task     ] GC(5334) Using 6 workers of 6 for evacuation
[2025-01-08T20:26:50.652+0000][172881.018s][info][gc,phases   ] GC(5334)   Pre Evacuate Collection Set: 1.1ms
[2025-01-08T20:26:50.652+0000][172881.018s][info][gc,phases   ] GC(5334)   Merge Heap Roots: 0.5ms
[2025-01-08T20:26:50.652+0000][172881.018s][info][gc,phases   ] GC(5334)   Evacuate Collection Set: 30.9ms
[2025-01-08T20:26:50.652+0000][172881.018s][info][gc,phases   ] GC(5334)   Post Evacuate Collection Set: 4.0ms
[2025-01-08T20:26:50.652+0000][172881.018s][info][gc,phases   ] GC(5334)   Other: 0.3ms
[2025-01-08T20:26:50.652+0000][172881.018s][info][gc,heap     ] GC(5334) Eden regions: 914->0(913)
[2025-01-08T20:26:50.652+0000][172881.018s][info][gc,heap     ] GC(5334) Survivor regions: 7->8(116)
[2025-01-08T20:26:50.652+0000][172881.018s][info][gc,heap     ] GC(5334) Old regions: 236->236
[2025-01-08T20:26:50.652+0000][172881.018s][info][gc,heap     ] GC(5334) Archive regions: 2->2
[2025-01-08T20:26:50.652+0000][172881.018s][info][gc,heap     ] GC(5334) Humongous regions: 49->49
[2025-01-08T20:26:50.652+0000][172881.018s][info][gc,metaspace] GC(5334) Metaspace: 523590K(533760K)->523590K(533760K) NonClass: 459757K(465024K)->459757K(465024K) Class: 63833K(68736K)->63833K(68736K)
[2025-01-08T20:26:50.652+0000][172881.018s][info][gc          ] GC(5334) Pause Young (Concurrent Start) (G1 Evacuation Pause) 9648M->2346M(12288M) 36.943ms
[2025-01-08T20:26:50.652+0000][172881.018s][info][gc,cpu      ] GC(5334) User=0.21s Sys=0.00s Real=0.04s
[2025-01-08T20:26:50.652+0000][172881.018s][info][gc          ] GC(5335) Concurrent Mark Cycle
[2025-01-08T20:26:50.652+0000][172881.018s][info][gc,marking  ] GC(5335) Concurrent Clear Claimed Marks
[2025-01-08T20:26:50.653+0000][172881.019s][info][gc,marking  ] GC(5335) Concurrent Clear Claimed Marks 0.978ms
[2025-01-08T20:26:50.653+0000][172881.019s][info][gc,marking  ] GC(5335) Concurrent Scan Root Regions
[2025-01-08T20:26:50.681+0000][172881.047s][info][gc,marking  ] GC(5335) Concurrent Scan Root Regions 28.333ms
[2025-01-08T20:26:50.681+0000][172881.047s][info][gc,marking  ] GC(5335) Concurrent Mark
[2025-01-08T20:26:50.681+0000][172881.048s][info][gc,marking  ] GC(5335) Concurrent Mark From Roots
[2025-01-08T20:26:50.681+0000][172881.048s][info][gc,task     ] GC(5335) Using 2 workers of 2 for marking
[2025-01-08T20:26:51.674+0000][172882.040s][info][gc,marking  ] GC(5335) Concurrent Mark From Roots 992.151ms
[2025-01-08T20:26:51.674+0000][172882.040s][info][gc,marking  ] GC(5335) Concurrent Preclean
[2025-01-08T20:26:51.677+0000][172882.043s][info][gc,marking  ] GC(5335) Concurrent Preclean 3.420ms
[2025-01-08T20:26:51.677+0000][172882.043s][info][gc,start    ] GC(5335) Pause Remark
[2025-01-08T20:26:51.703+0000][172882.069s][info][gc          ] GC(5335) Pause Remark 3490M->3490M(12288M) 25.362ms
[2025-01-08T20:26:51.703+0000][172882.069s][info][gc,cpu      ] GC(5335) User=0.15s Sys=0.00s Real=0.03s
[2025-01-08T20:26:51.703+0000][172882.069s][info][gc,marking  ] GC(5335) Concurrent Mark 1021.295ms
[2025-01-08T20:26:51.703+0000][172882.069s][info][gc,marking  ] GC(5335) Concurrent Rebuild Remembered Sets
[2025-01-08T20:26:52.368+0000][172882.734s][info][gc,marking  ] GC(5335) Concurrent Rebuild Remembered Sets 665.284ms
[2025-01-08T20:26:52.368+0000][172882.734s][info][gc,start    ] GC(5335) Pause Cleanup
[2025-01-08T20:26:52.369+0000][172882.735s][info][gc          ] GC(5335) Pause Cleanup 4278M->4278M(12288M) 0.397ms
[2025-01-08T20:26:52.369+0000][172882.735s][info][gc,cpu      ] GC(5335) User=0.00s Sys=0.00s Real=0.00s
[2025-01-08T20:26:52.369+0000][172882.735s][info][gc,marking  ] GC(5335) Concurrent Cleanup for Next Mark
[2025-01-08T20:26:52.384+0000][172882.750s][info][gc,marking  ] GC(5335) Concurrent Cleanup for Next Mark 15.462ms
[2025-01-08T20:26:52.384+0000][172882.750s][info][gc          ] GC(5335) Concurrent Mark Cycle 1732.145ms
[2025-01-08T20:26:58.439+0000][172888.805s][info][gc,start    ] GC(5336) Pause Young (Prepare Mixed) (G1 Evacuation Pause)
[2025-01-08T20:26:58.439+0000][172888.805s][info][gc,task     ] GC(5336) Using 6 workers of 6 for evacuation
[2025-01-08T20:26:58.478+0000][172888.845s][info][gc,phases   ] GC(5336)   Pre Evacuate Collection Set: 0.2ms
[2025-01-08T20:26:58.478+0000][172888.845s][info][gc,phases   ] GC(5336)   Merge Heap Roots: 0.8ms
[2025-01-08T20:26:58.478+0000][172888.845s][info][gc,phases   ] GC(5336)   Evacuate Collection Set: 34.1ms
[2025-01-08T20:26:58.478+0000][172888.845s][info][gc,phases   ] GC(5336)   Post Evacuate Collection Set: 4.1ms
[2025-01-08T20:26:58.479+0000][172888.845s][info][gc,phases   ] GC(5336)   Other: 0.2ms
[2025-01-08T20:26:58.479+0000][172888.845s][info][gc,heap     ] GC(5336) Eden regions: 913->0(68)
[2025-01-08T20:26:58.479+0000][172888.845s][info][gc,heap     ] GC(5336) Survivor regions: 8->8(116)
[2025-01-08T20:26:58.479+0000][172888.845s][info][gc,heap     ] GC(5336) Old regions: 236->236
[2025-01-08T20:26:58.479+0000][172888.845s][info][gc,heap     ] GC(5336) Archive regions: 2->2
[2025-01-08T20:26:58.479+0000][172888.845s][info][gc,heap     ] GC(5336) Humongous regions: 49->49
[2025-01-08T20:26:58.479+0000][172888.845s][info][gc,metaspace] GC(5336) Metaspace: 523590K(533760K)->523590K(533760K) NonClass: 459757K(465024K)->459757K(465024K) Class: 63833K(68736K)->63833K(68736K)
[2025-01-08T20:26:58.479+0000][172888.845s][info][gc          ] GC(5336) Pause Young (Prepare Mixed) (G1 Evacuation Pause) 9650M->2346M(12288M) 39.518ms
[2025-01-08T20:26:58.479+0000][172888.845s][info][gc,cpu      ] GC(5336) User=0.23s Sys=0.00s Real=0.04s
[2025-01-08T20:26:58.867+0000][172889.233s][info][gc,start    ] GC(5337) Pause Young (Mixed) (G1 Evacuation Pause)
[2025-01-08T20:26:58.867+0000][172889.233s][info][gc,task     ] GC(5337) Using 6 workers of 6 for evacuation
[2025-01-08T20:26:58.931+0000][172889.297s][info][gc,phases   ] GC(5337)   Pre Evacuate Collection Set: 0.2ms
[2025-01-08T20:26:58.931+0000][172889.297s][info][gc,phases   ] GC(5337)   Merge Heap Roots: 0.7ms
[2025-01-08T20:26:58.931+0000][172889.297s][info][gc,phases   ] GC(5337)   Evacuate Collection Set: 61.5ms
[2025-01-08T20:26:58.931+0000][172889.297s][info][gc,phases   ] GC(5337)   Post Evacuate Collection Set: 1.7ms
[2025-01-08T20:26:58.931+0000][172889.297s][info][gc,phases   ] GC(5337)   Other: 0.2ms
[2025-01-08T20:26:58.931+0000][172889.297s][info][gc,heap     ] GC(5337) Eden regions: 68->0(916)
[2025-01-08T20:26:58.931+0000][172889.297s][info][gc,heap     ] GC(5337) Survivor regions: 8->5(10)
[2025-01-08T20:26:58.931+0000][172889.297s][info][gc,heap     ] GC(5337) Old regions: 236->234
[2025-01-08T20:26:58.931+0000][172889.297s][info][gc,heap     ] GC(5337) Archive regions: 2->2
[2025-01-08T20:26:58.931+0000][172889.297s][info][gc,heap     ] GC(5337) Humongous regions: 49->49
[2025-01-08T20:26:58.931+0000][172889.297s][info][gc,metaspace] GC(5337) Metaspace: 523590K(533760K)->523590K(533760K) NonClass: 459757K(465024K)->459757K(465024K) Class: 63833K(68736K)->63833K(68736K)
[2025-01-08T20:26:58.931+0000][172889.297s][info][gc          ] GC(5337) Pause Young (Mixed) (G1 Evacuation Pause) 2890M->2308M(12288M) 64.246ms
[2025-01-08T20:26:58.931+0000][172889.297s][info][gc,cpu      ] GC(5337) User=0.37s Sys=0.00s Real=0.07s
[2025-01-08T20:27:05.622+0000][172895.988s][info][gc,start    ] GC(5338) Pause Young (Normal) (G1 Evacuation Pause)
[2025-01-08T20:27:05.622+0000][172895.988s][info][gc,task     ] GC(5338) Using 6 workers of 6 for evacuation
[2025-01-08T20:27:05.653+0000][172896.019s][info][gc,phases   ] GC(5338)   Pre Evacuate Collection Set: 0.2ms
[2025-01-08T20:27:05.653+0000][172896.019s][info][gc,phases   ] GC(5338)   Merge Heap Roots: 0.5ms
[2025-01-08T20:27:05.653+0000][172896.019s][info][gc,phases   ] GC(5338)   Evacuate Collection Set: 26.2ms
[2025-01-08T20:27:05.653+0000][172896.019s][info][gc,phases   ] GC(5338)   Post Evacuate Collection Set: 3.9ms
[2025-01-08T20:27:05.653+0000][172896.019s][info][gc,phases   ] GC(5338)   Other: 0.2ms
[2025-01-08T20:27:05.653+0000][172896.019s][info][gc,heap     ] GC(5338) Eden regions: 916->0(913)
[2025-01-08T20:27:05.653+0000][172896.019s][info][gc,heap     ] GC(5338) Survivor regions: 5->8(116)
[2025-01-08T20:27:05.653+0000][172896.019s][info][gc,heap     ] GC(5338) Old regions: 234->234
[2025-01-08T20:27:05.653+0000][172896.019s][info][gc,heap     ] GC(5338) Archive regions: 2->2
[2025-01-08T20:27:05.653+0000][172896.019s][info][gc,heap     ] GC(5338) Humongous regions: 49->49
[2025-01-08T20:27:05.653+0000][172896.019s][info][gc,metaspace] GC(5338) Metaspace: 523590K(533760K)->523590K(533760K) NonClass: 459757K(465024K)->459757K(465024K) Class: 63833K(68736K)->63833K(68736K)
[2025-01-08T20:27:05.653+0000][172896.019s][info][gc          ] GC(5338) Pause Young (Normal) (G1 Evacuation Pause) 9636M->2332M(12288M) 31.061ms
[2025-01-08T20:27:05.653+0000][172896.019s][info][gc,cpu      ] GC(5338) User=0.19s Sys=0.00s Real=0.03s
[2025-01-08T20:27:13.544+0000][172903.910s][info][gc,start    ] GC(5339) Pause Young (Normal) (G1 Evacuation Pause)
[2025-01-08T20:27:13.544+0000][172903.910s][info][gc,task     ] GC(5339) Using 6 workers of 6 for evacuation
[2025-01-08T20:27:13.576+0000][172903.942s][info][gc,phases   ] GC(5339)   Pre Evacuate Collection Set: 0.2ms
[2025-01-08T20:27:13.576+0000][172903.942s][info][gc,phases   ] GC(5339)   Merge Heap Roots: 0.4ms
[2025-01-08T20:27:13.576+0000][172903.942s][info][gc,phases   ] GC(5339)   Evacuate Collection Set: 28.5ms
[2025-01-08T20:27:13.576+0000][172903.942s][info][gc,phases   ] GC(5339)   Post Evacuate Collection Set: 2.6ms
[2025-01-08T20:27:13.576+0000][172903.942s][info][gc,phases   ] GC(5339)   Other: 0.2ms
[2025-01-08T20:27:13.576+0000][172903.942s][info][gc,heap     ] GC(5339) Eden regions: 913->0(912)
[2025-01-08T20:27:13.576+0000][172903.942s][info][gc,heap     ] GC(5339) Survivor regions: 8->9(116)
[2025-01-08T20:27:13.576+0000][172903.942s][info][gc,heap     ] GC(5339) Old regions: 234->234
[2025-01-08T20:27:13.576+0000][172903.942s][info][gc,heap     ] GC(5339) Archive regions: 2->2
[2025-01-08T20:27:13.576+0000][172903.942s][info][gc,heap     ] GC(5339) Humongous regions: 49->49
[2025-01-08T20:27:13.576+0000][172903.942s][info][gc,metaspace] GC(5339) Metaspace: 523590K(533760K)->523590K(533760K) NonClass: 459757K(465024K)->459757K(465024K) Class: 63833K(68736K)->63833K(68736K)
[2025-01-08T20:27:13.576+0000][172903.942s][info][gc          ] GC(5339) Pause Young (Normal) (G1 Evacuation Pause) 9636M->2339M(12288M) 32.086ms
[2025-01-08T20:27:13.576+0000][172903.942s][info][gc,cpu      ] GC(5339) User=0.18s Sys=0.01s Real=0.03s
[2025-01-08T20:27:22.127+0000][172912.493s][info][gc,start    ] GC(5340) Pause Young (Concurrent Start) (G1 Evacuation Pause)
[2025-01-08T20:27:22.127+0000][172912.493s][info][gc,task     ] GC(5340) Using 6 workers of 6 for evacuation
[2025-01-08T20:27:22.165+0000][172912.531s][info][gc,phases   ] GC(5340)   Pre Evacuate Collection Set: 1.1ms
[2025-01-08T20:27:22.165+0000][172912.531s][info][gc,phases   ] GC(5340)   Merge Heap Roots: 0.5ms
[2025-01-08T20:27:22.165+0000][172912.531s][info][gc,phases   ] GC(5340)   Evacuate Collection Set: 33.1ms
[2025-01-08T20:27:22.165+0000][172912.531s][info][gc,phases   ] GC(5340)   Post Evacuate Collection Set: 2.7ms
[2025-01-08T20:27:22.165+0000][172912.531s][info][gc,phases   ] GC(5340)   Other: 0.3ms
[2025-01-08T20:27:22.165+0000][172912.531s][info][gc,heap     ] GC(5340) Eden regions: 912->0(910)
[2025-01-08T20:27:22.165+0000][172912.531s][info][gc,heap     ] GC(5340) Survivor regions: 9->11(116)
[2025-01-08T20:27:22.165+0000][172912.531s][info][gc,heap     ] GC(5340) Old regions: 234->234
[2025-01-08T20:27:22.165+0000][172912.531s][info][gc,heap     ] GC(5340) Archive regions: 2->2
[2025-01-08T20:27:22.165+0000][172912.531s][info][gc,heap     ] GC(5340) Humongous regions: 49->49
[2025-01-08T20:27:22.165+0000][172912.531s][info][gc,metaspace] GC(5340) Metaspace: 523590K(533760K)->523590K(533760K) NonClass: 459757K(465024K)->459757K(465024K) Class: 63833K(68736K)->63833K(68736K)
[2025-01-08T20:27:22.165+0000][172912.531s][info][gc          ] GC(5340) Pause Young (Concurrent Start) (G1 Evacuation Pause) 9635M->2352M(12288M) 37.774ms
[2025-01-08T20:27:22.165+0000][172912.531s][info][gc,cpu      ] GC(5340) User=0.21s Sys=0.00s Real=0.04s
[2025-01-08T20:27:22.165+0000][172912.531s][info][gc          ] GC(5341) Concurrent Mark Cycle
[2025-01-08T20:27:22.165+0000][172912.531s][info][gc,marking  ] GC(5341) Concurrent Clear Claimed Marks
[2025-01-08T20:27:22.166+0000][172912.532s][info][gc,marking  ] GC(5341) Concurrent Clear Claimed Marks 0.932ms
[2025-01-08T20:27:22.166+0000][172912.532s][info][gc,marking  ] GC(5341) Concurrent Scan Root Regions
[2025-01-08T20:27:22.195+0000][172912.561s][info][gc,marking  ] GC(5341) Concurrent Scan Root Regions 29.152ms
[2025-01-08T20:27:22.195+0000][172912.561s][info][gc,marking  ] GC(5341) Concurrent Mark
[2025-01-08T20:27:22.195+0000][172912.561s][info][gc,marking  ] GC(5341) Concurrent Mark From Roots
[2025-01-08T20:27:22.195+0000][172912.561s][info][gc,task     ] GC(5341) Using 2 workers of 2 for marking
[2025-01-08T20:27:23.013+0000][172913.379s][info][gc,marking  ] GC(5341) Concurrent Mark From Roots 817.578ms
[2025-01-08T20:27:23.013+0000][172913.379s][info][gc,marking  ] GC(5341) Concurrent Preclean
[2025-01-08T20:27:23.015+0000][172913.381s][info][gc,marking  ] GC(5341) Concurrent Preclean 2.483ms
[2025-01-08T20:27:23.015+0000][172913.381s][info][gc,start    ] GC(5341) Pause Remark
[2025-01-08T20:27:23.041+0000][172913.407s][info][gc          ] GC(5341) Pause Remark 3148M->3148M(12288M) 25.781ms
[2025-01-08T20:27:23.041+0000][172913.407s][info][gc,cpu      ] GC(5341) User=0.15s Sys=0.00s Real=0.02s
[2025-01-08T20:27:23.041+0000][172913.407s][info][gc,marking  ] GC(5341) Concurrent Mark 846.182ms
[2025-01-08T20:27:23.041+0000][172913.407s][info][gc,marking  ] GC(5341) Concurrent Rebuild Remembered Sets
[2025-01-08T20:27:23.562+0000][172913.928s][info][gc,marking  ] GC(5341) Concurrent Rebuild Remembered Sets 520.354ms
[2025-01-08T20:27:23.562+0000][172913.928s][info][gc,start    ] GC(5341) Pause Cleanup
[2025-01-08T20:27:23.562+0000][172913.928s][info][gc          ] GC(5341) Pause Cleanup 3644M->3644M(12288M) 0.440ms
[2025-01-08T20:27:23.562+0000][172913.928s][info][gc,cpu      ] GC(5341) User=0.00s Sys=0.00s Real=0.00s
[2025-01-08T20:27:23.562+0000][172913.928s][info][gc,marking  ] GC(5341) Concurrent Cleanup for Next Mark
[2025-01-08T20:27:23.590+0000][172913.956s][info][gc,marking  ] GC(5341) Concurrent Cleanup for Next Mark 28.065ms
[2025-01-08T20:27:23.590+0000][172913.956s][info][gc          ] GC(5341) Concurrent Mark Cycle 1425.531ms
[2025-01-08T20:27:29.127+0000][172919.493s][info][gc,start    ] GC(5342) Pause Young (Prepare Mixed) (GCLocker Initiated GC)
[2025-01-08T20:27:29.127+0000][172919.493s][info][gc,task     ] GC(5342) Using 6 workers of 6 for evacuation
[2025-01-08T20:27:29.164+0000][172919.531s][info][gc,phases   ] GC(5342)   Pre Evacuate Collection Set: 0.2ms
[2025-01-08T20:27:29.164+0000][172919.531s][info][gc,phases   ] GC(5342)   Merge Heap Roots: 0.7ms
[2025-01-08T20:27:29.164+0000][172919.531s][info][gc,phases   ] GC(5342)   Evacuate Collection Set: 33.8ms
[2025-01-08T20:27:29.164+0000][172919.531s][info][gc,phases   ] GC(5342)   Post Evacuate Collection Set: 2.4ms
[2025-01-08T20:27:29.164+0000][172919.531s][info][gc,phases   ] GC(5342)   Other: 0.2ms
[2025-01-08T20:27:29.164+0000][172919.531s][info][gc,heap     ] GC(5342) Eden regions: 910->0(66)
[2025-01-08T20:27:29.164+0000][172919.531s][info][gc,heap     ] GC(5342) Survivor regions: 11->10(116)
[2025-01-08T20:27:29.165+0000][172919.531s][info][gc,heap     ] GC(5342) Old regions: 234->234
[2025-01-08T20:27:29.165+0000][172919.531s][info][gc,heap     ] GC(5342) Archive regions: 2->2
[2025-01-08T20:27:29.165+0000][172919.531s][info][gc,heap     ] GC(5342) Humongous regions: 49->49
[2025-01-08T20:27:29.165+0000][172919.531s][info][gc,metaspace] GC(5342) Metaspace: 523590K(533760K)->523590K(533760K) NonClass: 459757K(465024K)->459757K(465024K) Class: 63833K(68736K)->63833K(68736K)
[2025-01-08T20:27:29.165+0000][172919.531s][info][gc          ] GC(5342) Pause Young (Prepare Mixed) (GCLocker Initiated GC) 9632M->2349M(12288M) 37.337ms
[2025-01-08T20:27:29.165+0000][172919.531s][info][gc,cpu      ] GC(5342) User=0.22s Sys=0.00s Real=0.04s
[2025-01-08T20:27:29.970+0000][172920.336s][info][gc,start    ] GC(5343) Pause Young (Mixed) (G1 Evacuation Pause)
[2025-01-08T20:27:29.970+0000][172920.336s][info][gc,task     ] GC(5343) Using 6 workers of 6 for evacuation
[2025-01-08T20:27:30.021+0000][172920.388s][info][gc,phases   ] GC(5343)   Pre Evacuate Collection Set: 0.2ms
[2025-01-08T20:27:30.021+0000][172920.388s][info][gc,phases   ] GC(5343)   Merge Heap Roots: 0.5ms
[2025-01-08T20:27:30.021+0000][172920.388s][info][gc,phases   ] GC(5343)   Evacuate Collection Set: 48.8ms
[2025-01-08T20:27:30.021+0000][172920.388s][info][gc,phases   ] GC(5343)   Post Evacuate Collection Set: 1.8ms
[2025-01-08T20:27:30.021+0000][172920.388s][info][gc,phases   ] GC(5343)   Other: 0.2ms
[2025-01-08T20:27:30.022+0000][172920.388s][info][gc,heap     ] GC(5343) Eden regions: 66->0(913)
[2025-01-08T20:27:30.022+0000][172920.388s][info][gc,heap     ] GC(5343) Survivor regions: 10->8(10)
[2025-01-08T20:27:30.022+0000][172920.388s][info][gc,heap     ] GC(5343) Old regions: 234->232
[2025-01-08T20:27:30.022+0000][172920.388s][info][gc,heap     ] GC(5343) Archive regions: 2->2
[2025-01-08T20:27:30.022+0000][172920.388s][info][gc,heap     ] GC(5343) Humongous regions: 49->49
[2025-01-08T20:27:30.022+0000][172920.388s][info][gc,metaspace] GC(5343) Metaspace: 523590K(533760K)->523590K(533760K) NonClass: 459757K(465024K)->459757K(465024K) Class: 63833K(68736K)->63833K(68736K)
[2025-01-08T20:27:30.022+0000][172920.388s][info][gc          ] GC(5343) Pause Young (Mixed) (G1 Evacuation Pause) 2877M->2306M(12288M) 51.663ms
[2025-01-08T20:27:30.022+0000][172920.388s][info][gc,cpu      ] GC(5343) User=0.30s Sys=0.00s Real=0.05s
[2025-01-08T20:27:37.053+0000][172927.420s][info][gc,start    ] GC(5344) Pause Young (Normal) (G1 Evacuation Pause)
[2025-01-08T20:27:37.053+0000][172927.420s][info][gc,task     ] GC(5344) Using 6 workers of 6 for evacuation
[2025-01-08T20:27:37.085+0000][172927.451s][info][gc,phases   ] GC(5344)   Pre Evacuate Collection Set: 0.2ms
[2025-01-08T20:27:37.085+0000][172927.451s][info][gc,phases   ] GC(5344)   Merge Heap Roots: 0.5ms
[2025-01-08T20:27:37.085+0000][172927.451s][info][gc,phases   ] GC(5344)   Evacuate Collection Set: 28.2ms
[2025-01-08T20:27:37.085+0000][172927.451s][info][gc,phases   ] GC(5344)   Post Evacuate Collection Set: 2.4ms
[2025-01-08T20:27:37.085+0000][172927.451s][info][gc,phases   ] GC(5344)   Other: 0.2ms
[2025-01-08T20:27:37.085+0000][172927.451s][info][gc,heap     ] GC(5344) Eden regions: 913->0(912)
[2025-01-08T20:27:37.085+0000][172927.451s][info][gc,heap     ] GC(5344) Survivor regions: 8->9(116)
[2025-01-08T20:27:37.085+0000][172927.451s][info][gc,heap     ] GC(5344) Old regions: 232->232
[2025-01-08T20:27:37.085+0000][172927.451s][info][gc,heap     ] GC(5344) Archive regions: 2->2
[2025-01-08T20:27:37.085+0000][172927.451s][info][gc,heap     ] GC(5344) Humongous regions: 49->49
[2025-01-08T20:27:37.085+0000][172927.451s][info][gc,metaspace] GC(5344) Metaspace: 523590K(533760K)->523590K(533760K) NonClass: 459757K(465024K)->459757K(465024K) Class: 63833K(68736K)->63833K(68736K)
[2025-01-08T20:27:37.085+0000][172927.451s][info][gc          ] GC(5344) Pause Young (Normal) (G1 Evacuation Pause) 9610M->2314M(12288M) 31.593ms
[2025-01-08T20:27:37.085+0000][172927.451s][info][gc,cpu      ] GC(5344) User=0.18s Sys=0.00s Real=0.03s
[2025-01-08T20:27:40.778+0000][172931.144s][info][gc,start    ] GC(5345) Pause Young (Normal) (G1 Evacuation Pause)
[2025-01-08T20:27:40.778+0000][172931.144s][info][gc,task     ] GC(5345) Using 6 workers of 6 for evacuation
[2025-01-08T20:27:40.806+0000][172931.172s][info][gc,phases   ] GC(5345)   Pre Evacuate Collection Set: 0.2ms
[2025-01-08T20:27:40.806+0000][172931.172s][info][gc,phases   ] GC(5345)   Merge Heap Roots: 0.5ms
[2025-01-08T20:27:40.806+0000][172931.172s][info][gc,phases   ] GC(5345)   Evacuate Collection Set: 25.2ms
[2025-01-08T20:27:40.806+0000][172931.172s][info][gc,phases   ] GC(5345)   Post Evacuate Collection Set: 2.4ms
[2025-01-08T20:27:40.806+0000][172931.172s][info][gc,phases   ] GC(5345)   Other: 0.3ms
[2025-01-08T20:27:40.806+0000][172931.172s][info][gc,heap     ] GC(5345) Eden regions: 912->0(912)
[2025-01-08T20:27:40.806+0000][172931.172s][info][gc,heap     ] GC(5345) Survivor regions: 9->9(116)
[2025-01-08T20:27:40.806+0000][172931.172s][info][gc,heap     ] GC(5345) Old regions: 232->232
[2025-01-08T20:27:40.806+0000][172931.172s][info][gc,heap     ] GC(5345) Archive regions: 2->2
[2025-01-08T20:27:40.806+0000][172931.172s][info][gc,heap     ] GC(5345) Humongous regions: 49->49
[2025-01-08T20:27:40.806+0000][172931.172s][info][gc,metaspace] GC(5345) Metaspace: 523590K(533760K)->523590K(533760K) NonClass: 459757K(465024K)->459757K(465024K) Class: 63833K(68736K)->63833K(68736K)
[2025-01-08T20:27:40.806+0000][172931.173s][info][gc          ] GC(5345) Pause Young (Normal) (G1 Evacuation Pause) 9610M->2316M(12288M) 28.598ms
[2025-01-08T20:27:40.806+0000][172931.173s][info][gc,cpu      ] GC(5345) User=0.16s Sys=0.00s Real=0.03s
[2025-01-08T20:27:45.698+0000][172936.064s][info][gc,start    ] GC(5346) Pause Young (Concurrent Start) (G1 Evacuation Pause)
[2025-01-08T20:27:45.698+0000][172936.064s][info][gc,task     ] GC(5346) Using 6 workers of 6 for evacuation
[2025-01-08T20:27:45.732+0000][172936.098s][info][gc,phases   ] GC(5346)   Pre Evacuate Collection Set: 1.1ms
[2025-01-08T20:27:45.732+0000][172936.098s][info][gc,phases   ] GC(5346)   Merge Heap Roots: 0.5ms
[2025-01-08T20:27:45.732+0000][172936.098s][info][gc,phases   ] GC(5346)   Evacuate Collection Set: 27.9ms
[2025-01-08T20:27:45.732+0000][172936.098s][info][gc,phases   ] GC(5346)   Post Evacuate Collection Set: 3.8ms
[2025-01-08T20:27:45.732+0000][172936.098s][info][gc,phases   ] GC(5346)   Other: 0.3ms
[2025-01-08T20:27:45.732+0000][172936.098s][info][gc,heap     ] GC(5346) Eden regions: 912->0(911)
[2025-01-08T20:27:45.732+0000][172936.098s][info][gc,heap     ] GC(5346) Survivor regions: 9->10(116)
[2025-01-08T20:27:45.732+0000][172936.098s][info][gc,heap     ] GC(5346) Old regions: 232->232
[2025-01-08T20:27:45.732+0000][172936.098s][info][gc,heap     ] GC(5346) Archive regions: 2->2
[2025-01-08T20:27:45.732+0000][172936.098s][info][gc,heap     ] GC(5346) Humongous regions: 49->49
[2025-01-08T20:27:45.732+0000][172936.098s][info][gc,metaspace] GC(5346) Metaspace: 523590K(533760K)->523590K(533760K) NonClass: 459757K(465024K)->459757K(465024K) Class: 63833K(68736K)->63833K(68736K)
[2025-01-08T20:27:45.732+0000][172936.098s][info][gc          ] GC(5346) Pause Young (Concurrent Start) (G1 Evacuation Pause) 9612M->2324M(12288M) 33.603ms
[2025-01-08T20:27:45.732+0000][172936.098s][info][gc,cpu      ] GC(5346) User=0.19s Sys=0.00s Real=0.04s
[2025-01-08T20:27:45.732+0000][172936.098s][info][gc          ] GC(5347) Concurrent Mark Cycle
[2025-01-08T20:27:45.732+0000][172936.098s][info][gc,marking  ] GC(5347) Concurrent Clear Claimed Marks
[2025-01-08T20:27:45.733+0000][172936.099s][info][gc,marking  ] GC(5347) Concurrent Clear Claimed Marks 0.972ms
[2025-01-08T20:27:45.733+0000][172936.099s][info][gc,marking  ] GC(5347) Concurrent Scan Root Regions
[2025-01-08T20:27:45.757+0000][172936.123s][info][gc,marking  ] GC(5347) Concurrent Scan Root Regions 24.054ms
[2025-01-08T20:27:45.757+0000][172936.123s][info][gc,marking  ] GC(5347) Concurrent Mark
[2025-01-08T20:27:45.757+0000][172936.123s][info][gc,marking  ] GC(5347) Concurrent Mark From Roots
[2025-01-08T20:27:45.757+0000][172936.123s][info][gc,task     ] GC(5347) Using 2 workers of 2 for marking
[2025-01-08T20:27:46.748+0000][172937.114s][info][gc,marking  ] GC(5347) Concurrent Mark From Roots 991.384ms
[2025-01-08T20:27:46.748+0000][172937.114s][info][gc,marking  ] GC(5347) Concurrent Preclean
[2025-01-08T20:27:46.751+0000][172937.117s][info][gc,marking  ] GC(5347) Concurrent Preclean 2.507ms
[2025-01-08T20:27:46.751+0000][172937.117s][info][gc,start    ] GC(5347) Pause Remark
[2025-01-08T20:27:46.776+0000][172937.142s][info][gc          ] GC(5347) Pause Remark 3836M->3836M(12288M) 25.359ms
[2025-01-08T20:27:46.776+0000][172937.143s][info][gc,cpu      ] GC(5347) User=0.14s Sys=0.00s Real=0.02s
[2025-01-08T20:27:46.777+0000][172937.143s][info][gc,marking  ] GC(5347) Concurrent Mark 1019.590ms
[2025-01-08T20:27:46.777+0000][172937.143s][info][gc,marking  ] GC(5347) Concurrent Rebuild Remembered Sets
[2025-01-08T20:27:47.272+0000][172937.638s][info][gc,marking  ] GC(5347) Concurrent Rebuild Remembered Sets 495.747ms
[2025-01-08T20:27:47.272+0000][172937.639s][info][gc,start    ] GC(5347) Pause Cleanup
[2025-01-08T20:27:47.273+0000][172937.639s][info][gc          ] GC(5347) Pause Cleanup 4512M->4512M(12288M) 0.418ms
[2025-01-08T20:27:47.273+0000][172937.639s][info][gc,cpu      ] GC(5347) User=0.00s Sys=0.00s Real=0.00s
[2025-01-08T20:27:47.273+0000][172937.639s][info][gc,marking  ] GC(5347) Concurrent Cleanup for Next Mark
[2025-01-08T20:27:47.288+0000][172937.655s][info][gc,marking  ] GC(5347) Concurrent Cleanup for Next Mark 15.482ms
[2025-01-08T20:27:47.289+0000][172937.655s][info][gc          ] GC(5347) Concurrent Mark Cycle 1556.674ms
[2025-01-08T20:27:50.277+0000][172940.643s][info][gc,start    ] GC(5348) Pause Young (Prepare Mixed) (G1 Evacuation Pause)
[2025-01-08T20:27:50.277+0000][172940.643s][info][gc,task     ] GC(5348) Using 6 workers of 6 for evacuation
[2025-01-08T20:27:50.313+0000][172940.679s][info][gc,phases   ] GC(5348)   Pre Evacuate Collection Set: 0.2ms
[2025-01-08T20:27:50.313+0000][172940.679s][info][gc,phases   ] GC(5348)   Merge Heap Roots: 0.7ms
[2025-01-08T20:27:50.313+0000][172940.679s][info][gc,phases   ] GC(5348)   Evacuate Collection Set: 30.3ms
[2025-01-08T20:27:50.313+0000][172940.679s][info][gc,phases   ] GC(5348)   Post Evacuate Collection Set: 3.9ms
[2025-01-08T20:27:50.313+0000][172940.679s][info][gc,phases   ] GC(5348)   Other: 0.2ms
[2025-01-08T20:27:50.313+0000][172940.679s][info][gc,heap     ] GC(5348) Eden regions: 911->0(65)
[2025-01-08T20:27:50.313+0000][172940.679s][info][gc,heap     ] GC(5348) Survivor regions: 10->11(116)
[2025-01-08T20:27:50.313+0000][172940.679s][info][gc,heap     ] GC(5348) Old regions: 232->232
[2025-01-08T20:27:50.313+0000][172940.679s][info][gc,heap     ] GC(5348) Archive regions: 2->2
[2025-01-08T20:27:50.313+0000][172940.679s][info][gc,heap     ] GC(5348) Humongous regions: 49->49
[2025-01-08T20:27:50.313+0000][172940.679s][info][gc,metaspace] GC(5348) Metaspace: 523591K(533760K)->523591K(533760K) NonClass: 459757K(465024K)->459757K(465024K) Class: 63833K(68736K)->63833K(68736K)
[2025-01-08T20:27:50.313+0000][172940.679s][info][gc          ] GC(5348) Pause Young (Prepare Mixed) (G1 Evacuation Pause) 9612M->2330M(12288M) 35.444ms
[2025-01-08T20:27:50.313+0000][172940.679s][info][gc,cpu      ] GC(5348) User=0.21s Sys=0.00s Real=0.04s
[2025-01-08T20:27:50.608+0000][172940.974s][info][gc,start    ] GC(5349) Pause Young (Mixed) (G1 Evacuation Pause)
[2025-01-08T20:27:50.608+0000][172940.974s][info][gc,task     ] GC(5349) Using 6 workers of 6 for evacuation
[2025-01-08T20:27:50.665+0000][172941.032s][info][gc,phases   ] GC(5349)   Pre Evacuate Collection Set: 0.2ms
[2025-01-08T20:27:50.666+0000][172941.032s][info][gc,phases   ] GC(5349)   Merge Heap Roots: 0.5ms
[2025-01-08T20:27:50.666+0000][172941.032s][info][gc,phases   ] GC(5349)   Evacuate Collection Set: 55.1ms
[2025-01-08T20:27:50.666+0000][172941.032s][info][gc,phases   ] GC(5349)   Post Evacuate Collection Set: 1.8ms
[2025-01-08T20:27:50.666+0000][172941.032s][info][gc,phases   ] GC(5349)   Other: 0.2ms
[2025-01-08T20:27:50.666+0000][172941.032s][info][gc,heap     ] GC(5349) Eden regions: 65->0(916)
[2025-01-08T20:27:50.666+0000][172941.032s][info][gc,heap     ] GC(5349) Survivor regions: 11->5(10)
[2025-01-08T20:27:50.666+0000][172941.032s][info][gc,heap     ] GC(5349) Old regions: 232->232
[2025-01-08T20:27:50.666+0000][172941.032s][info][gc,heap     ] GC(5349) Archive regions: 2->2
[2025-01-08T20:27:50.666+0000][172941.032s][info][gc,heap     ] GC(5349) Humongous regions: 49->49
[2025-01-08T20:27:50.666+0000][172941.032s][info][gc,metaspace] GC(5349) Metaspace: 523591K(533760K)->523591K(533760K) NonClass: 459757K(465024K)->459757K(465024K) Class: 63833K(68736K)->63833K(68736K)
[2025-01-08T20:27:50.666+0000][172941.032s][info][gc          ] GC(5349) Pause Young (Mixed) (G1 Evacuation Pause) 2850M->2290M(12288M) 57.909ms
[2025-01-08T20:27:50.666+0000][172941.032s][info][gc,cpu      ] GC(5349) User=0.34s Sys=0.00s Real=0.06s
[2025-01-08T20:27:57.187+0000][172947.553s][info][gc,start    ] GC(5350) Pause Young (Normal) (G1 Evacuation Pause)
[2025-01-08T20:27:57.187+0000][172947.553s][info][gc,task     ] GC(5350) Using 6 workers of 6 for evacuation
[2025-01-08T20:27:57.211+0000][172947.577s][info][gc,phases   ] GC(5350)   Pre Evacuate Collection Set: 0.2ms
[2025-01-08T20:27:57.211+0000][172947.577s][info][gc,phases   ] GC(5350)   Merge Heap Roots: 0.4ms
[2025-01-08T20:27:57.211+0000][172947.577s][info][gc,phases   ] GC(5350)   Evacuate Collection Set: 20.7ms
[2025-01-08T20:27:57.211+0000][172947.577s][info][gc,phases   ] GC(5350)   Post Evacuate Collection Set: 2.5ms
[2025-01-08T20:27:57.211+0000][172947.577s][info][gc,phases   ] GC(5350)   Other: 0.2ms
[2025-01-08T20:27:57.211+0000][172947.577s][info][gc,heap     ] GC(5350) Eden regions: 916->0(914)
[2025-01-08T20:27:57.211+0000][172947.577s][info][gc,heap     ] GC(5350) Survivor regions: 5->7(116)
[2025-01-08T20:27:57.211+0000][172947.577s][info][gc,heap     ] GC(5350) Old regions: 232->232
[2025-01-08T20:27:57.211+0000][172947.577s][info][gc,heap     ] GC(5350) Archive regions: 2->2
[2025-01-08T20:27:57.211+0000][172947.577s][info][gc,heap     ] GC(5350) Humongous regions: 49->49
[2025-01-08T20:27:57.211+0000][172947.577s][info][gc,metaspace] GC(5350) Metaspace: 523608K(533760K)->523608K(533760K) NonClass: 459775K(465024K)->459775K(465024K) Class: 63833K(68736K)->63833K(68736K)
[2025-01-08T20:27:57.211+0000][172947.577s][info][gc          ] GC(5350) Pause Young (Normal) (G1 Evacuation Pause) 9618M->2300M(12288M) 24.147ms
[2025-01-08T20:27:57.211+0000][172947.577s][info][gc,cpu      ] GC(5350) User=0.14s Sys=0.00s Real=0.03s
[2025-01-08T20:28:04.478+0000][172954.844s][info][gc,start    ] GC(5351) Pause Young (Normal) (G1 Evacuation Pause)
[2025-01-08T20:28:04.478+0000][172954.844s][info][gc,task     ] GC(5351) Using 6 workers of 6 for evacuation
[2025-01-08T20:28:04.506+0000][172954.872s][info][gc,phases   ] GC(5351)   Pre Evacuate Collection Set: 0.2ms
[2025-01-08T20:28:04.506+0000][172954.872s][info][gc,phases   ] GC(5351)   Merge Heap Roots: 0.4ms
[2025-01-08T20:28:04.506+0000][172954.872s][info][gc,phases   ] GC(5351)   Evacuate Collection Set: 23.0ms
[2025-01-08T20:28:04.506+0000][172954.872s][info][gc,phases   ] GC(5351)   Post Evacuate Collection Set: 3.8ms
[2025-01-08T20:28:04.506+0000][172954.872s][info][gc,phases   ] GC(5351)   Other: 0.2ms
[2025-01-08T20:28:04.506+0000][172954.872s][info][gc,heap     ] GC(5351) Eden regions: 914->0(913)
[2025-01-08T20:28:04.506+0000][172954.872s][info][gc,heap     ] GC(5351) Survivor regions: 7->8(116)
[2025-01-08T20:28:04.506+0000][172954.872s][info][gc,heap     ] GC(5351) Old regions: 232->232
[2025-01-08T20:28:04.506+0000][172954.872s][info][gc,heap     ] GC(5351) Archive regions: 2->2
[2025-01-08T20:28:04.506+0000][172954.872s][info][gc,heap     ] GC(5351) Humongous regions: 49->49
[2025-01-08T20:28:04.506+0000][172954.872s][info][gc,metaspace] GC(5351) Metaspace: 523610K(533760K)->523610K(533760K) NonClass: 459777K(465024K)->459777K(465024K) Class: 63833K(68736K)->63833K(68736K)
[2025-01-08T20:28:04.506+0000][172954.872s][info][gc          ] GC(5351) Pause Young (Normal) (G1 Evacuation Pause) 9612M->2313M(12288M) 27.759ms
[2025-01-08T20:28:04.506+0000][172954.872s][info][gc,cpu      ] GC(5351) User=0.16s Sys=0.00s Real=0.03s
[2025-01-08T20:28:14.685+0000][172965.051s][info][gc,start    ] GC(5352) Pause Young (Concurrent Start) (G1 Evacuation Pause)
[2025-01-08T20:28:14.685+0000][172965.051s][info][gc,task     ] GC(5352) Using 6 workers of 6 for evacuation
[2025-01-08T20:28:14.719+0000][172965.085s][info][gc,phases   ] GC(5352)   Pre Evacuate Collection Set: 1.2ms
[2025-01-08T20:28:14.719+0000][172965.085s][info][gc,phases   ] GC(5352)   Merge Heap Roots: 0.5ms
[2025-01-08T20:28:14.719+0000][172965.085s][info][gc,phases   ] GC(5352)   Evacuate Collection Set: 28.7ms
[2025-01-08T20:28:14.719+0000][172965.085s][info][gc,phases   ] GC(5352)   Post Evacuate Collection Set: 2.9ms
[2025-01-08T20:28:14.719+0000][172965.085s][info][gc,phases   ] GC(5352)   Other: 0.3ms
[2025-01-08T20:28:14.719+0000][172965.085s][info][gc,heap     ] GC(5352) Eden regions: 913->0(912)
[2025-01-08T20:28:14.719+0000][172965.085s][info][gc,heap     ] GC(5352) Survivor regions: 8->9(116)
[2025-01-08T20:28:14.719+0000][172965.085s][info][gc,heap     ] GC(5352) Old regions: 232->232
[2025-01-08T20:28:14.719+0000][172965.085s][info][gc,heap     ] GC(5352) Archive regions: 2->2
[2025-01-08T20:28:14.719+0000][172965.085s][info][gc,heap     ] GC(5352) Humongous regions: 49->49
[2025-01-08T20:28:14.719+0000][172965.085s][info][gc,metaspace] GC(5352) Metaspace: 523613K(533760K)->523613K(533760K) NonClass: 459779K(465024K)->459779K(465024K) Class: 63833K(68736K)->63833K(68736K)
[2025-01-08T20:28:14.719+0000][172965.085s][info][gc          ] GC(5352) Pause Young (Concurrent Start) (G1 Evacuation Pause) 9617M->2317M(12288M) 33.694ms
[2025-01-08T20:28:14.719+0000][172965.085s][info][gc,cpu      ] GC(5352) User=0.19s Sys=0.00s Real=0.03s
[2025-01-08T20:28:14.719+0000][172965.085s][info][gc          ] GC(5353) Concurrent Mark Cycle
[2025-01-08T20:28:14.719+0000][172965.085s][info][gc,marking  ] GC(5353) Concurrent Clear Claimed Marks
[2025-01-08T20:28:14.720+0000][172965.086s][info][gc,marking  ] GC(5353) Concurrent Clear Claimed Marks 0.864ms
[2025-01-08T20:28:14.720+0000][172965.086s][info][gc,marking  ] GC(5353) Concurrent Scan Root Regions
[2025-01-08T20:28:14.743+0000][172965.109s][info][gc,marking  ] GC(5353) Concurrent Scan Root Regions 23.131ms
[2025-01-08T20:28:14.743+0000][172965.109s][info][gc,marking  ] GC(5353) Concurrent Mark
[2025-01-08T20:28:14.743+0000][172965.109s][info][gc,marking  ] GC(5353) Concurrent Mark From Roots
[2025-01-08T20:28:14.743+0000][172965.109s][info][gc,task     ] GC(5353) Using 2 workers of 2 for marking
[2025-01-08T20:28:15.678+0000][172966.044s][info][gc,marking  ] GC(5353) Concurrent Mark From Roots 934.479ms
[2025-01-08T20:28:15.678+0000][172966.044s][info][gc,marking  ] GC(5353) Concurrent Preclean
[2025-01-08T20:28:15.680+0000][172966.046s][info][gc,marking  ] GC(5353) Concurrent Preclean 2.558ms
[2025-01-08T20:28:15.680+0000][172966.046s][info][gc,start    ] GC(5353) Pause Remark
[2025-01-08T20:28:15.706+0000][172966.072s][info][gc          ] GC(5353) Pause Remark 3345M->3345M(12288M) 26.025ms
[2025-01-08T20:28:15.706+0000][172966.072s][info][gc,cpu      ] GC(5353) User=0.15s Sys=0.00s Real=0.03s
[2025-01-08T20:28:15.706+0000][172966.073s][info][gc,marking  ] GC(5353) Concurrent Mark 963.384ms
[2025-01-08T20:28:15.706+0000][172966.073s][info][gc,marking  ] GC(5353) Concurrent Rebuild Remembered Sets
[2025-01-08T20:28:16.282+0000][172966.648s][info][gc,marking  ] GC(5353) Concurrent Rebuild Remembered Sets 575.392ms
[2025-01-08T20:28:16.282+0000][172966.648s][info][gc,start    ] GC(5353) Pause Cleanup
[2025-01-08T20:28:16.282+0000][172966.649s][info][gc          ] GC(5353) Pause Cleanup 3913M->3913M(12288M) 0.434ms
[2025-01-08T20:28:16.282+0000][172966.649s][info][gc,cpu      ] GC(5353) User=0.00s Sys=0.00s Real=0.00s
[2025-01-08T20:28:16.283+0000][172966.649s][info][gc,marking  ] GC(5353) Concurrent Cleanup for Next Mark
[2025-01-08T20:28:16.298+0000][172966.664s][info][gc,marking  ] GC(5353) Concurrent Cleanup for Next Mark 15.807ms
[2025-01-08T20:28:16.298+0000][172966.664s][info][gc          ] GC(5353) Concurrent Mark Cycle 1579.457ms
[2025-01-08T20:28:20.582+0000][172970.948s][info][gc,start    ] GC(5354) Pause Young (Prepare Mixed) (G1 Evacuation Pause)
[2025-01-08T20:28:20.582+0000][172970.948s][info][gc,task     ] GC(5354) Using 6 workers of 6 for evacuation
[2025-01-08T20:28:20.616+0000][172970.982s][info][gc,phases   ] GC(5354)   Pre Evacuate Collection Set: 0.2ms
[2025-01-08T20:28:20.616+0000][172970.982s][info][gc,phases   ] GC(5354)   Merge Heap Roots: 0.7ms
[2025-01-08T20:28:20.616+0000][172970.982s][info][gc,phases   ] GC(5354)   Evacuate Collection Set: 30.0ms
[2025-01-08T20:28:20.616+0000][172970.982s][info][gc,phases   ] GC(5354)   Post Evacuate Collection Set: 2.6ms
[2025-01-08T20:28:20.616+0000][172970.982s][info][gc,phases   ] GC(5354)   Other: 0.2ms
[2025-01-08T20:28:20.616+0000][172970.982s][info][gc,heap     ] GC(5354) Eden regions: 912->0(66)
[2025-01-08T20:28:20.616+0000][172970.982s][info][gc,heap     ] GC(5354) Survivor regions: 9->10(116)
[2025-01-08T20:28:20.616+0000][172970.982s][info][gc,heap     ] GC(5354) Old regions: 232->232
[2025-01-08T20:28:20.616+0000][172970.982s][info][gc,heap     ] GC(5354) Archive regions: 2->2
[2025-01-08T20:28:20.616+0000][172970.982s][info][gc,heap     ] GC(5354) Humongous regions: 49->49
[2025-01-08T20:28:20.616+0000][172970.982s][info][gc,metaspace] GC(5354) Metaspace: 523613K(533760K)->523613K(533760K) NonClass: 459779K(465024K)->459779K(465024K) Class: 63833K(68736K)->63833K(68736K)
[2025-01-08T20:28:20.616+0000][172970.982s][info][gc          ] GC(5354) Pause Young (Prepare Mixed) (G1 Evacuation Pause) 9613M->2326M(12288M) 33.826ms
[2025-01-08T20:28:20.616+0000][172970.982s][info][gc,cpu      ] GC(5354) User=0.20s Sys=0.00s Real=0.03s
[2025-01-08T20:28:20.904+0000][172971.270s][info][gc,start    ] GC(5355) Pause Young (Mixed) (G1 Evacuation Pause)
[2025-01-08T20:28:20.904+0000][172971.270s][info][gc,task     ] GC(5355) Using 6 workers of 6 for evacuation
[2025-01-08T20:28:20.970+0000][172971.336s][info][gc,phases   ] GC(5355)   Pre Evacuate Collection Set: 0.2ms
[2025-01-08T20:28:20.970+0000][172971.336s][info][gc,phases   ] GC(5355)   Merge Heap Roots: 0.8ms
[2025-01-08T20:28:20.970+0000][172971.336s][info][gc,phases   ] GC(5355)   Evacuate Collection Set: 62.9ms
[2025-01-08T20:28:20.970+0000][172971.336s][info][gc,phases   ] GC(5355)   Post Evacuate Collection Set: 1.9ms
[2025-01-08T20:28:20.970+0000][172971.336s][info][gc,phases   ] GC(5355)   Other: 0.2ms
[2025-01-08T20:28:20.970+0000][172971.336s][info][gc,heap     ] GC(5355) Eden regions: 66->0(915)
[2025-01-08T20:28:20.970+0000][172971.336s][info][gc,heap     ] GC(5355) Survivor regions: 10->6(10)
[2025-01-08T20:28:20.970+0000][172971.336s][info][gc,heap     ] GC(5355) Old regions: 232->231
[2025-01-08T20:28:20.970+0000][172971.336s][info][gc,heap     ] GC(5355) Archive regions: 2->2
[2025-01-08T20:28:20.970+0000][172971.336s][info][gc,heap     ] GC(5355) Humongous regions: 49->49
[2025-01-08T20:28:20.970+0000][172971.336s][info][gc,metaspace] GC(5355) Metaspace: 523613K(533760K)->523613K(533760K) NonClass: 459779K(465024K)->459779K(465024K) Class: 63833K(68736K)->63833K(68736K)
[2025-01-08T20:28:20.970+0000][172971.336s][info][gc          ] GC(5355) Pause Young (Mixed) (G1 Evacuation Pause) 2854M->2289M(12288M) 66.037ms
[2025-01-08T20:28:20.970+0000][172971.336s][info][gc,cpu      ] GC(5355) User=0.39s Sys=0.00s Real=0.07s
[2025-01-08T20:28:28.204+0000][172978.570s][info][gc,start    ] GC(5356) Pause Young (Normal) (G1 Evacuation Pause)
[2025-01-08T20:28:28.204+0000][172978.570s][info][gc,task     ] GC(5356) Using 6 workers of 6 for evacuation
[2025-01-08T20:28:28.232+0000][172978.599s][info][gc,phases   ] GC(5356)   Pre Evacuate Collection Set: 0.2ms
[2025-01-08T20:28:28.232+0000][172978.599s][info][gc,phases   ] GC(5356)   Merge Heap Roots: 0.5ms
[2025-01-08T20:28:28.232+0000][172978.599s][info][gc,phases   ] GC(5356)   Evacuate Collection Set: 25.2ms
[2025-01-08T20:28:28.232+0000][172978.599s][info][gc,phases   ] GC(5356)   Post Evacuate Collection Set: 2.5ms
[2025-01-08T20:28:28.232+0000][172978.599s][info][gc,phases   ] GC(5356)   Other: 0.2ms
[2025-01-08T20:28:28.232+0000][172978.599s][info][gc,heap     ] GC(5356) Eden regions: 915->0(914)
[2025-01-08T20:28:28.232+0000][172978.599s][info][gc,heap     ] GC(5356) Survivor regions: 6->7(116)
[2025-01-08T20:28:28.232+0000][172978.599s][info][gc,heap     ] GC(5356) Old regions: 231->231
[2025-01-08T20:28:28.232+0000][172978.599s][info][gc,heap     ] GC(5356) Archive regions: 2->2
[2025-01-08T20:28:28.232+0000][172978.599s][info][gc,heap     ] GC(5356) Humongous regions: 49->49
[2025-01-08T20:28:28.232+0000][172978.599s][info][gc,metaspace] GC(5356) Metaspace: 523613K(533760K)->523613K(533760K) NonClass: 459779K(465024K)->459779K(465024K) Class: 63833K(68736K)->63833K(68736K)
[2025-01-08T20:28:28.233+0000][172978.599s][info][gc          ] GC(5356) Pause Young (Normal) (G1 Evacuation Pause) 9609M->2297M(12288M) 28.693ms
[2025-01-08T20:28:28.233+0000][172978.599s][info][gc,cpu      ] GC(5356) User=0.17s Sys=0.00s Real=0.03s
[2025-01-08T20:28:37.575+0000][172987.941s][info][gc,start    ] GC(5357) Pause Young (Normal) (G1 Evacuation Pause)
[2025-01-08T20:28:37.575+0000][172987.941s][info][gc,task     ] GC(5357) Using 6 workers of 6 for evacuation
[2025-01-08T20:28:37.610+0000][172987.976s][info][gc,phases   ] GC(5357)   Pre Evacuate Collection Set: 0.2ms
[2025-01-08T20:28:37.610+0000][172987.976s][info][gc,phases   ] GC(5357)   Merge Heap Roots: 0.5ms
[2025-01-08T20:28:37.610+0000][172987.976s][info][gc,phases   ] GC(5357)   Evacuate Collection Set: 30.7ms
[2025-01-08T20:28:37.610+0000][172987.976s][info][gc,phases   ] GC(5357)   Post Evacuate Collection Set: 3.3ms
[2025-01-08T20:28:37.610+0000][172987.976s][info][gc,phases   ] GC(5357)   Other: 0.2ms
[2025-01-08T20:28:37.610+0000][172987.976s][info][gc,heap     ] GC(5357) Eden regions: 914->0(913)
[2025-01-08T20:28:37.610+0000][172987.976s][info][gc,heap     ] GC(5357) Survivor regions: 7->8(116)
[2025-01-08T20:28:37.610+0000][172987.976s][info][gc,heap     ] GC(5357) Old regions: 231->231
[2025-01-08T20:28:37.610+0000][172987.976s][info][gc,heap     ] GC(5357) Archive regions: 2->2
[2025-01-08T20:28:37.610+0000][172987.976s][info][gc,heap     ] GC(5357) Humongous regions: 49->49
[2025-01-08T20:28:37.610+0000][172987.976s][info][gc,metaspace] GC(5357) Metaspace: 523613K(533760K)->523613K(533760K) NonClass: 459779K(465024K)->459779K(465024K) Class: 63833K(68736K)->63833K(68736K)
[2025-01-08T20:28:37.610+0000][172987.976s][info][gc          ] GC(5357) Pause Young (Normal) (G1 Evacuation Pause) 9609M->2308M(12288M) 35.014ms
[2025-01-08T20:28:37.610+0000][172987.976s][info][gc,cpu      ] GC(5357) User=0.21s Sys=0.00s Real=0.04s
[2025-01-08T20:28:44.261+0000][172994.627s][info][gc,start    ] GC(5358) Pause Young (Concurrent Start) (G1 Evacuation Pause)
[2025-01-08T20:28:44.261+0000][172994.627s][info][gc,task     ] GC(5358) Using 6 workers of 6 for evacuation
[2025-01-08T20:28:44.296+0000][172994.663s][info][gc,phases   ] GC(5358)   Pre Evacuate Collection Set: 1.2ms
[2025-01-08T20:28:44.297+0000][172994.663s][info][gc,phases   ] GC(5358)   Merge Heap Roots: 0.5ms
[2025-01-08T20:28:44.297+0000][172994.663s][info][gc,phases   ] GC(5358)   Evacuate Collection Set: 28.6ms
[2025-01-08T20:28:44.297+0000][172994.663s][info][gc,phases   ] GC(5358)   Post Evacuate Collection Set: 5.1ms
[2025-01-08T20:28:44.297+0000][172994.663s][info][gc,phases   ] GC(5358)   Other: 0.3ms
[2025-01-08T20:28:44.297+0000][172994.663s][info][gc,heap     ] GC(5358) Eden regions: 913->0(911)
[2025-01-08T20:28:44.297+0000][172994.663s][info][gc,heap     ] GC(5358) Survivor regions: 8->10(116)
[2025-01-08T20:28:44.297+0000][172994.663s][info][gc,heap     ] GC(5358) Old regions: 231->231
[2025-01-08T20:28:44.297+0000][172994.663s][info][gc,heap     ] GC(5358) Archive regions: 2->2
[2025-01-08T20:28:44.297+0000][172994.663s][info][gc,heap     ] GC(5358) Humongous regions: 49->49
[2025-01-08T20:28:44.297+0000][172994.663s][info][gc,metaspace] GC(5358) Metaspace: 523613K(533760K)->523613K(533760K) NonClass: 459779K(465024K)->459779K(465024K) Class: 63833K(68736K)->63833K(68736K)
[2025-01-08T20:28:44.297+0000][172994.663s][info][gc          ] GC(5358) Pause Young (Concurrent Start) (G1 Evacuation Pause) 9612M->2324M(12288M) 35.769ms
[2025-01-08T20:28:44.297+0000][172994.663s][info][gc,cpu      ] GC(5358) User=0.21s Sys=0.00s Real=0.04s
[2025-01-08T20:28:44.297+0000][172994.663s][info][gc          ] GC(5359) Concurrent Mark Cycle
[2025-01-08T20:28:44.297+0000][172994.663s][info][gc,marking  ] GC(5359) Concurrent Clear Claimed Marks
[2025-01-08T20:28:44.298+0000][172994.664s][info][gc,marking  ] GC(5359) Concurrent Clear Claimed Marks 0.934ms
[2025-01-08T20:28:44.298+0000][172994.664s][info][gc,marking  ] GC(5359) Concurrent Scan Root Regions
[2025-01-08T20:28:44.324+0000][172994.690s][info][gc,marking  ] GC(5359) Concurrent Scan Root Regions 26.334ms
[2025-01-08T20:28:44.324+0000][172994.690s][info][gc,marking  ] GC(5359) Concurrent Mark
[2025-01-08T20:28:44.324+0000][172994.690s][info][gc,marking  ] GC(5359) Concurrent Mark From Roots
[2025-01-08T20:28:44.324+0000][172994.690s][info][gc,task     ] GC(5359) Using 2 workers of 2 for marking
[2025-01-08T20:28:45.276+0000][172995.642s][info][gc,marking  ] GC(5359) Concurrent Mark From Roots 952.056ms
[2025-01-08T20:28:45.276+0000][172995.642s][info][gc,marking  ] GC(5359) Concurrent Preclean
[2025-01-08T20:28:45.279+0000][172995.645s][info][gc,marking  ] GC(5359) Concurrent Preclean 2.869ms
[2025-01-08T20:28:45.279+0000][172995.645s][info][gc,start    ] GC(5359) Pause Remark
[2025-01-08T20:28:45.306+0000][172995.672s][info][gc          ] GC(5359) Pause Remark 3384M->3384M(12288M) 26.736ms
[2025-01-08T20:28:45.306+0000][172995.672s][info][gc,cpu      ] GC(5359) User=0.16s Sys=0.01s Real=0.03s
[2025-01-08T20:28:45.306+0000][172995.672s][info][gc,marking  ] GC(5359) Concurrent Mark 982.077ms
[2025-01-08T20:28:45.306+0000][172995.672s][info][gc,marking  ] GC(5359) Concurrent Rebuild Remembered Sets
[2025-01-08T20:28:45.906+0000][172996.272s][info][gc,marking  ] GC(5359) Concurrent Rebuild Remembered Sets 599.507ms
[2025-01-08T20:28:45.906+0000][172996.272s][info][gc,start    ] GC(5359) Pause Cleanup
[2025-01-08T20:28:45.906+0000][172996.272s][info][gc          ] GC(5359) Pause Cleanup 4208M->4208M(12288M) 0.455ms
[2025-01-08T20:28:45.906+0000][172996.272s][info][gc,cpu      ] GC(5359) User=0.00s Sys=0.00s Real=0.00s
[2025-01-08T20:28:45.906+0000][172996.273s][info][gc,marking  ] GC(5359) Concurrent Cleanup for Next Mark
[2025-01-08T20:28:45.925+0000][172996.292s][info][gc,marking  ] GC(5359) Concurrent Cleanup for Next Mark 19.069ms
[2025-01-08T20:28:45.926+0000][172996.292s][info][gc          ] GC(5359) Concurrent Mark Cycle 1628.888ms
[2025-01-08T20:28:50.331+0000][173000.697s][info][gc,start    ] GC(5360) Pause Young (Prepare Mixed) (G1 Evacuation Pause)
[2025-01-08T20:28:50.331+0000][173000.697s][info][gc,task     ] GC(5360) Using 6 workers of 6 for evacuation
[2025-01-08T20:28:50.366+0000][173000.732s][info][gc,phases   ] GC(5360)   Pre Evacuate Collection Set: 0.2ms
[2025-01-08T20:28:50.366+0000][173000.733s][info][gc,phases   ] GC(5360)   Merge Heap Roots: 0.7ms
[2025-01-08T20:28:50.366+0000][173000.733s][info][gc,phases   ] GC(5360)   Evacuate Collection Set: 31.6ms
[2025-01-08T20:28:50.366+0000][173000.733s][info][gc,phases   ] GC(5360)   Post Evacuate Collection Set: 2.6ms
[2025-01-08T20:28:50.366+0000][173000.733s][info][gc,phases   ] GC(5360)   Other: 0.2ms
[2025-01-08T20:28:50.366+0000][173000.733s][info][gc,heap     ] GC(5360) Eden regions: 911->0(66)
[2025-01-08T20:28:50.366+0000][173000.733s][info][gc,heap     ] GC(5360) Survivor regions: 10->10(116)
[2025-01-08T20:28:50.366+0000][173000.733s][info][gc,heap     ] GC(5360) Old regions: 231->231
[2025-01-08T20:28:50.366+0000][173000.733s][info][gc,heap     ] GC(5360) Archive regions: 2->2
[2025-01-08T20:28:50.366+0000][173000.733s][info][gc,heap     ] GC(5360) Humongous regions: 49->49
[2025-01-08T20:28:50.366+0000][173000.733s][info][gc,metaspace] GC(5360) Metaspace: 523613K(533760K)->523613K(533760K) NonClass: 459779K(465024K)->459779K(465024K) Class: 63833K(68736K)->63833K(68736K)
[2025-01-08T20:28:50.366+0000][173000.733s][info][gc          ] GC(5360) Pause Young (Prepare Mixed) (G1 Evacuation Pause) 9612M->2323M(12288M) 35.447ms
[2025-01-08T20:28:50.367+0000][173000.733s][info][gc,cpu      ] GC(5360) User=0.20s Sys=0.00s Real=0.03s
[2025-01-08T20:28:50.715+0000][173001.081s][info][gc,start    ] GC(5361) Pause Young (Mixed) (G1 Evacuation Pause)
[2025-01-08T20:28:50.715+0000][173001.081s][info][gc,task     ] GC(5361) Using 6 workers of 6 for evacuation
[2025-01-08T20:28:50.783+0000][173001.149s][info][gc,phases   ] GC(5361)   Pre Evacuate Collection Set: 0.2ms
[2025-01-08T20:28:50.783+0000][173001.149s][info][gc,phases   ] GC(5361)   Merge Heap Roots: 0.7ms
[2025-01-08T20:28:50.783+0000][173001.149s][info][gc,phases   ] GC(5361)   Evacuate Collection Set: 64.7ms
[2025-01-08T20:28:50.783+0000][173001.149s][info][gc,phases   ] GC(5361)   Post Evacuate Collection Set: 1.9ms
[2025-01-08T20:28:50.783+0000][173001.149s][info][gc,phases   ] GC(5361)   Other: 0.2ms
[2025-01-08T20:28:50.783+0000][173001.149s][info][gc,heap     ] GC(5361) Eden regions: 66->0(915)
[2025-01-08T20:28:50.783+0000][173001.149s][info][gc,heap     ] GC(5361) Survivor regions: 10->6(10)
[2025-01-08T20:28:50.783+0000][173001.149s][info][gc,heap     ] GC(5361) Old regions: 231->232
[2025-01-08T20:28:50.783+0000][173001.149s][info][gc,heap     ] GC(5361) Archive regions: 2->2
[2025-01-08T20:28:50.783+0000][173001.149s][info][gc,heap     ] GC(5361) Humongous regions: 49->49
[2025-01-08T20:28:50.783+0000][173001.149s][info][gc,metaspace] GC(5361) Metaspace: 523613K(533760K)->523613K(533760K) NonClass: 459779K(465024K)->459779K(465024K) Class: 63833K(68736K)->63833K(68736K)
[2025-01-08T20:28:50.783+0000][173001.149s][info][gc          ] GC(5361) Pause Young (Mixed) (G1 Evacuation Pause) 2851M->2294M(12288M) 67.756ms
[2025-01-08T20:28:50.783+0000][173001.149s][info][gc,cpu      ] GC(5361) User=0.38s Sys=0.00s Real=0.07s
[2025-01-08T20:29:04.237+0000][173014.603s][info][gc,start    ] GC(5362) Pause Young (Normal) (G1 Evacuation Pause)
[2025-01-08T20:29:04.237+0000][173014.603s][info][gc,task     ] GC(5362) Using 6 workers of 6 for evacuation
[2025-01-08T20:29:04.269+0000][173014.635s][info][gc,phases   ] GC(5362)   Pre Evacuate Collection Set: 0.2ms
[2025-01-08T20:29:04.269+0000][173014.635s][info][gc,phases   ] GC(5362)   Merge Heap Roots: 0.5ms
[2025-01-08T20:29:04.269+0000][173014.635s][info][gc,phases   ] GC(5362)   Evacuate Collection Set: 26.8ms
[2025-01-08T20:29:04.269+0000][173014.635s][info][gc,phases   ] GC(5362)   Post Evacuate Collection Set: 4.2ms
[2025-01-08T20:29:04.269+0000][173014.635s][info][gc,phases   ] GC(5362)   Other: 0.2ms
[2025-01-08T20:29:04.269+0000][173014.635s][info][gc,heap     ] GC(5362) Eden regions: 915->0(913)
[2025-01-08T20:29:04.269+0000][173014.635s][info][gc,heap     ] GC(5362) Survivor regions: 6->8(116)
[2025-01-08T20:29:04.269+0000][173014.635s][info][gc,heap     ] GC(5362) Old regions: 232->232
[2025-01-08T20:29:04.269+0000][173014.635s][info][gc,heap     ] GC(5362) Archive regions: 2->2
[2025-01-08T20:29:04.269+0000][173014.635s][info][gc,heap     ] GC(5362) Humongous regions: 49->49
[2025-01-08T20:29:04.269+0000][173014.635s][info][gc,metaspace] GC(5362) Metaspace: 523613K(533760K)->523613K(533760K) NonClass: 459779K(465024K)->459779K(465024K) Class: 63833K(68736K)->63833K(68736K)
[2025-01-08T20:29:04.269+0000][173014.635s][info][gc          ] GC(5362) Pause Young (Normal) (G1 Evacuation Pause) 9614M->2311M(12288M) 31.998ms
[2025-01-08T20:29:04.269+0000][173014.635s][info][gc,cpu      ] GC(5362) User=0.19s Sys=0.00s Real=0.03s
[2025-01-08T20:29:12.507+0000][173022.873s][info][gc,start    ] GC(5363) Pause Young (Normal) (G1 Evacuation Pause)
[2025-01-08T20:29:12.507+0000][173022.873s][info][gc,task     ] GC(5363) Using 6 workers of 6 for evacuation
[2025-01-08T20:29:12.538+0000][173022.904s][info][gc,phases   ] GC(5363)   Pre Evacuate Collection Set: 0.2ms
[2025-01-08T20:29:12.538+0000][173022.904s][info][gc,phases   ] GC(5363)   Merge Heap Roots: 0.5ms
[2025-01-08T20:29:12.538+0000][173022.904s][info][gc,phases   ] GC(5363)   Evacuate Collection Set: 27.4ms
[2025-01-08T20:29:12.538+0000][173022.904s][info][gc,phases   ] GC(5363)   Post Evacuate Collection Set: 2.6ms
[2025-01-08T20:29:12.538+0000][173022.904s][info][gc,phases   ] GC(5363)   Other: 0.2ms
[2025-01-08T20:29:12.538+0000][173022.904s][info][gc,heap     ] GC(5363) Eden regions: 913->0(912)
[2025-01-08T20:29:12.538+0000][173022.904s][info][gc,heap     ] GC(5363) Survivor regions: 8->9(116)
[2025-01-08T20:29:12.538+0000][173022.904s][info][gc,heap     ] GC(5363) Old regions: 232->232
[2025-01-08T20:29:12.538+0000][173022.904s][info][gc,heap     ] GC(5363) Archive regions: 2->2
[2025-01-08T20:29:12.538+0000][173022.904s][info][gc,heap     ] GC(5363) Humongous regions: 49->49
[2025-01-08T20:29:12.538+0000][173022.904s][info][gc,metaspace] GC(5363) Metaspace: 523613K(533760K)->523613K(533760K) NonClass: 459779K(465024K)->459779K(465024K) Class: 63833K(68736K)->63833K(68736K)
[2025-01-08T20:29:12.538+0000][173022.904s][info][gc          ] GC(5363) Pause Young (Normal) (G1 Evacuation Pause) 9615M->2317M(12288M) 30.989ms
[2025-01-08T20:29:12.538+0000][173022.904s][info][gc,cpu      ] GC(5363) User=0.18s Sys=0.00s Real=0.03s
[2025-01-08T20:29:22.098+0000][173032.464s][info][gc,start    ] GC(5364) Pause Young (Concurrent Start) (G1 Evacuation Pause)
[2025-01-08T20:29:22.098+0000][173032.464s][info][gc,task     ] GC(5364) Using 6 workers of 6 for evacuation
[2025-01-08T20:29:22.143+0000][173032.509s][info][gc,phases   ] GC(5364)   Pre Evacuate Collection Set: 1.1ms
[2025-01-08T20:29:22.143+0000][173032.509s][info][gc,phases   ] GC(5364)   Merge Heap Roots: 0.5ms
[2025-01-08T20:29:22.143+0000][173032.509s][info][gc,phases   ] GC(5364)   Evacuate Collection Set: 40.4ms
[2025-01-08T20:29:22.143+0000][173032.509s][info][gc,phases   ] GC(5364)   Post Evacuate Collection Set: 2.6ms
[2025-01-08T20:29:22.143+0000][173032.509s][info][gc,phases   ] GC(5364)   Other: 0.4ms
[2025-01-08T20:29:22.143+0000][173032.509s][info][gc,heap     ] GC(5364) Eden regions: 912->0(909)
[2025-01-08T20:29:22.143+0000][173032.509s][info][gc,heap     ] GC(5364) Survivor regions: 9->12(116)
[2025-01-08T20:29:22.143+0000][173032.509s][info][gc,heap     ] GC(5364) Old regions: 232->232
[2025-01-08T20:29:22.143+0000][173032.509s][info][gc,heap     ] GC(5364) Archive regions: 2->2
[2025-01-08T20:29:22.143+0000][173032.509s][info][gc,heap     ] GC(5364) Humongous regions: 49->49
[2025-01-08T20:29:22.143+0000][173032.509s][info][gc,metaspace] GC(5364) Metaspace: 523613K(533760K)->523613K(533760K) NonClass: 459779K(465024K)->459779K(465024K) Class: 63833K(68736K)->63833K(68736K)
[2025-01-08T20:29:22.143+0000][173032.509s][info][gc          ] GC(5364) Pause Young (Concurrent Start) (G1 Evacuation Pause) 9613M->2345M(12288M) 45.117ms
[2025-01-08T20:29:22.143+0000][173032.509s][info][gc,cpu      ] GC(5364) User=0.26s Sys=0.00s Real=0.05s
[2025-01-08T20:29:22.143+0000][173032.509s][info][gc          ] GC(5365) Concurrent Mark Cycle
[2025-01-08T20:29:22.143+0000][173032.509s][info][gc,marking  ] GC(5365) Concurrent Clear Claimed Marks
[2025-01-08T20:29:22.144+0000][173032.510s][info][gc,marking  ] GC(5365) Concurrent Clear Claimed Marks 0.954ms
[2025-01-08T20:29:22.144+0000][173032.510s][info][gc,marking  ] GC(5365) Concurrent Scan Root Regions
[2025-01-08T20:29:22.177+0000][173032.543s][info][gc,marking  ] GC(5365) Concurrent Scan Root Regions 33.185ms
[2025-01-08T20:29:22.177+0000][173032.543s][info][gc,marking  ] GC(5365) Concurrent Mark
[2025-01-08T20:29:22.177+0000][173032.543s][info][gc,marking  ] GC(5365) Concurrent Mark From Roots
[2025-01-08T20:29:22.177+0000][173032.543s][info][gc,task     ] GC(5365) Using 2 workers of 2 for marking
[2025-01-08T20:29:22.927+0000][173033.293s][info][gc,marking  ] GC(5365) Concurrent Mark From Roots 750.101ms
[2025-01-08T20:29:22.927+0000][173033.293s][info][gc,marking  ] GC(5365) Concurrent Preclean
[2025-01-08T20:29:22.930+0000][173033.296s][info][gc,marking  ] GC(5365) Concurrent Preclean 2.535ms
[2025-01-08T20:29:22.930+0000][173033.296s][info][gc,start    ] GC(5365) Pause Remark
[2025-01-08T20:29:22.955+0000][173033.321s][info][gc          ] GC(5365) Pause Remark 2718M->2718M(12288M) 25.105ms
[2025-01-08T20:29:22.955+0000][173033.321s][info][gc,cpu      ] GC(5365) User=0.15s Sys=0.00s Real=0.02s
[2025-01-08T20:29:22.955+0000][173033.321s][info][gc,marking  ] GC(5365) Concurrent Mark 778.052ms
[2025-01-08T20:29:22.955+0000][173033.321s][info][gc,marking  ] GC(5365) Concurrent Rebuild Remembered Sets
[2025-01-08T20:29:23.485+0000][173033.851s][info][gc,marking  ] GC(5365) Concurrent Rebuild Remembered Sets 529.354ms
[2025-01-08T20:29:23.485+0000][173033.851s][info][gc,start    ] GC(5365) Pause Cleanup
[2025-01-08T20:29:23.485+0000][173033.851s][info][gc          ] GC(5365) Pause Cleanup 2813M->2813M(12288M) 0.390ms
[2025-01-08T20:29:23.485+0000][173033.851s][info][gc,cpu      ] GC(5365) User=0.00s Sys=0.00s Real=0.00s
[2025-01-08T20:29:23.485+0000][173033.851s][info][gc,marking  ] GC(5365) Concurrent Cleanup for Next Mark
[2025-01-08T20:29:23.501+0000][173033.867s][info][gc,marking  ] GC(5365) Concurrent Cleanup for Next Mark 15.874ms
[2025-01-08T20:29:23.501+0000][173033.867s][info][gc          ] GC(5365) Concurrent Mark Cycle 1358.169ms
[2025-01-08T20:29:34.141+0000][173044.507s][info][gc,start    ] GC(5366) Pause Young (Prepare Mixed) (G1 Evacuation Pause)
[2025-01-08T20:29:34.141+0000][173044.507s][info][gc,task     ] GC(5366) Using 6 workers of 6 for evacuation
[2025-01-08T20:29:34.189+0000][173044.555s][info][gc,phases   ] GC(5366)   Pre Evacuate Collection Set: 0.2ms
[2025-01-08T20:29:34.189+0000][173044.555s][info][gc,phases   ] GC(5366)   Merge Heap Roots: 0.8ms
[2025-01-08T20:29:34.189+0000][173044.555s][info][gc,phases   ] GC(5366)   Evacuate Collection Set: 44.2ms
[2025-01-08T20:29:34.189+0000][173044.555s][info][gc,phases   ] GC(5366)   Post Evacuate Collection Set: 2.8ms
[2025-01-08T20:29:34.189+0000][173044.555s][info][gc,phases   ] GC(5366)   Other: 0.2ms
[2025-01-08T20:29:34.189+0000][173044.555s][info][gc,heap     ] GC(5366) Eden regions: 909->0(62)
[2025-01-08T20:29:34.189+0000][173044.555s][info][gc,heap     ] GC(5366) Survivor regions: 12->14(116)
[2025-01-08T20:29:34.189+0000][173044.555s][info][gc,heap     ] GC(5366) Old regions: 232->232
[2025-01-08T20:29:34.189+0000][173044.555s][info][gc,heap     ] GC(5366) Archive regions: 2->2
[2025-01-08T20:29:34.189+0000][173044.555s][info][gc,heap     ] GC(5366) Humongous regions: 49->49
[2025-01-08T20:29:34.189+0000][173044.555s][info][gc,metaspace] GC(5366) Metaspace: 523614K(533760K)->523614K(533760K) NonClass: 459780K(465024K)->459780K(465024K) Class: 63833K(68736K)->63833K(68736K)
[2025-01-08T20:29:34.189+0000][173044.555s][info][gc          ] GC(5366) Pause Young (Prepare Mixed) (G1 Evacuation Pause) 9617M->2358M(12288M) 48.266ms
[2025-01-08T20:29:34.189+0000][173044.555s][info][gc,cpu      ] GC(5366) User=0.29s Sys=0.00s Real=0.05s
[2025-01-08T20:29:35.874+0000][173046.240s][info][gc,start    ] GC(5367) Pause Young (Mixed) (G1 Evacuation Pause)
[2025-01-08T20:29:35.874+0000][173046.240s][info][gc,task     ] GC(5367) Using 6 workers of 6 for evacuation
[2025-01-08T20:29:35.944+0000][173046.310s][info][gc,phases   ] GC(5367)   Pre Evacuate Collection Set: 0.2ms
[2025-01-08T20:29:35.944+0000][173046.310s][info][gc,phases   ] GC(5367)   Merge Heap Roots: 0.7ms
[2025-01-08T20:29:35.944+0000][173046.310s][info][gc,phases   ] GC(5367)   Evacuate Collection Set: 66.3ms
[2025-01-08T20:29:35.944+0000][173046.310s][info][gc,phases   ] GC(5367)   Post Evacuate Collection Set: 2.5ms
[2025-01-08T20:29:35.944+0000][173046.310s][info][gc,phases   ] GC(5367)   Other: 0.2ms
[2025-01-08T20:29:35.944+0000][173046.310s][info][gc,heap     ] GC(5367) Eden regions: 62->0(916)
[2025-01-08T20:29:35.944+0000][173046.310s][info][gc,heap     ] GC(5367) Survivor regions: 14->5(10)
[2025-01-08T20:29:35.944+0000][173046.310s][info][gc,heap     ] GC(5367) Old regions: 232->238
[2025-01-08T20:29:35.944+0000][173046.310s][info][gc,heap     ] GC(5367) Archive regions: 2->2
[2025-01-08T20:29:35.944+0000][173046.310s][info][gc,heap     ] GC(5367) Humongous regions: 49->49
[2025-01-08T20:29:35.944+0000][173046.310s][info][gc,metaspace] GC(5367) Metaspace: 523614K(533760K)->523614K(533760K) NonClass: 459780K(465024K)->459780K(465024K) Class: 63833K(68736K)->63833K(68736K)
[2025-01-08T20:29:35.944+0000][173046.310s][info][gc          ] GC(5367) Pause Young (Mixed) (G1 Evacuation Pause) 2854M->2336M(12288M) 70.040ms
[2025-01-08T20:29:35.944+0000][173046.310s][info][gc,cpu      ] GC(5367) User=0.40s Sys=0.00s Real=0.07s
[2025-01-08T20:29:42.934+0000][173053.300s][info][gc,start    ] GC(5368) Pause Young (Normal) (G1 Evacuation Pause)
[2025-01-08T20:29:42.934+0000][173053.300s][info][gc,task     ] GC(5368) Using 6 workers of 6 for evacuation
[2025-01-08T20:29:42.961+0000][173053.327s][info][gc,phases   ] GC(5368)   Pre Evacuate Collection Set: 0.2ms
[2025-01-08T20:29:42.961+0000][173053.327s][info][gc,phases   ] GC(5368)   Merge Heap Roots: 0.4ms
[2025-01-08T20:29:42.961+0000][173053.327s][info][gc,phases   ] GC(5368)   Evacuate Collection Set: 21.6ms
[2025-01-08T20:29:42.961+0000][173053.327s][info][gc,phases   ] GC(5368)   Post Evacuate Collection Set: 4.6ms
[2025-01-08T20:29:42.961+0000][173053.327s][info][gc,phases   ] GC(5368)   Other: 0.2ms
[2025-01-08T20:29:42.961+0000][173053.327s][info][gc,heap     ] GC(5368) Eden regions: 916->0(914)
[2025-01-08T20:29:42.961+0000][173053.327s][info][gc,heap     ] GC(5368) Survivor regions: 5->7(116)
[2025-01-08T20:29:42.961+0000][173053.327s][info][gc,heap     ] GC(5368) Old regions: 238->238
[2025-01-08T20:29:42.961+0000][173053.327s][info][gc,heap     ] GC(5368) Archive regions: 2->2
[2025-01-08T20:29:42.961+0000][173053.327s][info][gc,heap     ] GC(5368) Humongous regions: 49->49
[2025-01-08T20:29:42.961+0000][173053.327s][info][gc,metaspace] GC(5368) Metaspace: 523614K(533760K)->523614K(533760K) NonClass: 459780K(465024K)->459780K(465024K) Class: 63833K(68736K)->63833K(68736K)
[2025-01-08T20:29:42.961+0000][173053.327s][info][gc          ] GC(5368) Pause Young (Normal) (G1 Evacuation Pause) 9664M->2352M(12288M) 27.131ms
[2025-01-08T20:29:42.961+0000][173053.327s][info][gc,cpu      ] GC(5368) User=0.16s Sys=0.00s Real=0.02s
[2025-01-08T20:29:50.961+0000][173061.327s][info][gc,start    ] GC(5369) Pause Young (Normal) (G1 Evacuation Pause)
[2025-01-08T20:29:50.961+0000][173061.327s][info][gc,task     ] GC(5369) Using 6 workers of 6 for evacuation
[2025-01-08T20:29:50.989+0000][173061.355s][info][gc,phases   ] GC(5369)   Pre Evacuate Collection Set: 0.2ms
[2025-01-08T20:29:50.989+0000][173061.355s][info][gc,phases   ] GC(5369)   Merge Heap Roots: 0.4ms
[2025-01-08T20:29:50.989+0000][173061.355s][info][gc,phases   ] GC(5369)   Evacuate Collection Set: 23.8ms
[2025-01-08T20:29:50.989+0000][173061.355s][info][gc,phases   ] GC(5369)   Post Evacuate Collection Set: 3.2ms
[2025-01-08T20:29:50.989+0000][173061.355s][info][gc,phases   ] GC(5369)   Other: 0.2ms
[2025-01-08T20:29:50.989+0000][173061.355s][info][gc,heap     ] GC(5369) Eden regions: 914->0(914)
[2025-01-08T20:29:50.989+0000][173061.355s][info][gc,heap     ] GC(5369) Survivor regions: 7->7(116)
[2025-01-08T20:29:50.989+0000][173061.355s][info][gc,heap     ] GC(5369) Old regions: 238->238
[2025-01-08T20:29:50.989+0000][173061.355s][info][gc,heap     ] GC(5369) Archive regions: 2->2
[2025-01-08T20:29:50.989+0000][173061.355s][info][gc,heap     ] GC(5369) Humongous regions: 49->49
[2025-01-08T20:29:50.989+0000][173061.355s][info][gc,metaspace] GC(5369) Metaspace: 523614K(533760K)->523614K(533760K) NonClass: 459781K(465024K)->459781K(465024K) Class: 63833K(68736K)->63833K(68736K)
[2025-01-08T20:29:50.989+0000][173061.355s][info][gc          ] GC(5369) Pause Young (Normal) (G1 Evacuation Pause) 9664M->2353M(12288M) 27.950ms
[2025-01-08T20:29:50.989+0000][173061.355s][info][gc,cpu      ] GC(5369) User=0.17s Sys=0.00s Real=0.03s
[2025-01-08T20:29:56.054+0000][173066.420s][info][gc,start    ] GC(5370) Pause Young (Concurrent Start) (G1 Evacuation Pause)
[2025-01-08T20:29:56.054+0000][173066.420s][info][gc,task     ] GC(5370) Using 6 workers of 6 for evacuation
[2025-01-08T20:29:56.086+0000][173066.452s][info][gc,phases   ] GC(5370)   Pre Evacuate Collection Set: 1.1ms
[2025-01-08T20:29:56.086+0000][173066.452s][info][gc,phases   ] GC(5370)   Merge Heap Roots: 0.5ms
[2025-01-08T20:29:56.086+0000][173066.452s][info][gc,phases   ] GC(5370)   Evacuate Collection Set: 26.6ms
[2025-01-08T20:29:56.086+0000][173066.452s][info][gc,phases   ] GC(5370)   Post Evacuate Collection Set: 3.1ms
[2025-01-08T20:29:56.086+0000][173066.452s][info][gc,phases   ] GC(5370)   Other: 0.3ms
[2025-01-08T20:29:56.086+0000][173066.452s][info][gc,heap     ] GC(5370) Eden regions: 914->0(913)
[2025-01-08T20:29:56.086+0000][173066.452s][info][gc,heap     ] GC(5370) Survivor regions: 7->8(116)
[2025-01-08T20:29:56.086+0000][173066.452s][info][gc,heap     ] GC(5370) Old regions: 238->238
[2025-01-08T20:29:56.086+0000][173066.452s][info][gc,heap     ] GC(5370) Archive regions: 2->2
[2025-01-08T20:29:56.086+0000][173066.452s][info][gc,heap     ] GC(5370) Humongous regions: 49->49
[2025-01-08T20:29:56.086+0000][173066.452s][info][gc,metaspace] GC(5370) Metaspace: 523614K(533760K)->523614K(533760K) NonClass: 459781K(465024K)->459781K(465024K) Class: 63833K(68736K)->63833K(68736K)
[2025-01-08T20:29:56.086+0000][173066.452s][info][gc          ] GC(5370) Pause Young (Concurrent Start) (G1 Evacuation Pause) 9665M->2357M(12288M) 31.647ms
[2025-01-08T20:29:56.086+0000][173066.452s][info][gc,cpu      ] GC(5370) User=0.18s Sys=0.00s Real=0.03s
[2025-01-08T20:29:56.086+0000][173066.452s][info][gc          ] GC(5371) Concurrent Mark Cycle
[2025-01-08T20:29:56.086+0000][173066.452s][info][gc,marking  ] GC(5371) Concurrent Clear Claimed Marks
[2025-01-08T20:29:56.087+0000][173066.453s][info][gc,marking  ] GC(5371) Concurrent Clear Claimed Marks 0.923ms
[2025-01-08T20:29:56.087+0000][173066.453s][info][gc,marking  ] GC(5371) Concurrent Scan Root Regions
[2025-01-08T20:29:56.108+0000][173066.474s][info][gc,marking  ] GC(5371) Concurrent Scan Root Regions 21.035ms
[2025-01-08T20:29:56.108+0000][173066.474s][info][gc,marking  ] GC(5371) Concurrent Mark
[2025-01-08T20:29:56.108+0000][173066.474s][info][gc,marking  ] GC(5371) Concurrent Mark From Roots
[2025-01-08T20:29:56.108+0000][173066.474s][info][gc,task     ] GC(5371) Using 2 workers of 2 for marking
[2025-01-08T20:29:56.977+0000][173067.343s][info][gc,marking  ] GC(5371) Concurrent Mark From Roots 869.106ms
[2025-01-08T20:29:56.977+0000][173067.343s][info][gc,marking  ] GC(5371) Concurrent Preclean
[2025-01-08T20:29:56.981+0000][173067.347s][info][gc,marking  ] GC(5371) Concurrent Preclean 3.618ms
[2025-01-08T20:29:56.981+0000][173067.347s][info][gc,start    ] GC(5371) Pause Remark
[2025-01-08T20:29:57.006+0000][173067.372s][info][gc          ] GC(5371) Pause Remark 3213M->3213M(12288M) 25.112ms
[2025-01-08T20:29:57.006+0000][173067.372s][info][gc,cpu      ] GC(5371) User=0.14s Sys=0.01s Real=0.03s
[2025-01-08T20:29:57.006+0000][173067.372s][info][gc,marking  ] GC(5371) Concurrent Mark 898.250ms
[2025-01-08T20:29:57.006+0000][173067.372s][info][gc,marking  ] GC(5371) Concurrent Rebuild Remembered Sets
[2025-01-08T20:29:57.530+0000][173067.896s][info][gc,marking  ] GC(5371) Concurrent Rebuild Remembered Sets 523.894ms
[2025-01-08T20:29:57.530+0000][173067.896s][info][gc,start    ] GC(5371) Pause Cleanup
[2025-01-08T20:29:57.531+0000][173067.897s][info][gc          ] GC(5371) Pause Cleanup 3673M->3673M(12288M) 0.459ms
[2025-01-08T20:29:57.531+0000][173067.897s][info][gc,cpu      ] GC(5371) User=0.00s Sys=0.00s Real=0.00s
[2025-01-08T20:29:57.531+0000][173067.897s][info][gc,marking  ] GC(5371) Concurrent Cleanup for Next Mark
[2025-01-08T20:29:57.546+0000][173067.912s][info][gc,marking  ] GC(5371) Concurrent Cleanup for Next Mark 15.409ms
[2025-01-08T20:29:57.546+0000][173067.912s][info][gc          ] GC(5371) Concurrent Mark Cycle 1460.343ms
[2025-01-08T20:30:02.412+0000][173072.778s][info][gc,start    ] GC(5372) Pause Young (Prepare Mixed) (G1 Evacuation Pause)
[2025-01-08T20:30:02.412+0000][173072.778s][info][gc,task     ] GC(5372) Using 6 workers of 6 for evacuation
[2025-01-08T20:30:02.445+0000][173072.811s][info][gc,phases   ] GC(5372)   Pre Evacuate Collection Set: 0.2ms
[2025-01-08T20:30:02.445+0000][173072.811s][info][gc,phases   ] GC(5372)   Merge Heap Roots: 0.6ms
[2025-01-08T20:30:02.445+0000][173072.811s][info][gc,phases   ] GC(5372)   Evacuate Collection Set: 29.0ms
[2025-01-08T20:30:02.445+0000][173072.811s][info][gc,phases   ] GC(5372)   Post Evacuate Collection Set: 2.5ms
[2025-01-08T20:30:02.445+0000][173072.811s][info][gc,phases   ] GC(5372)   Other: 0.2ms
[2025-01-08T20:30:02.445+0000][173072.811s][info][gc,heap     ] GC(5372) Eden regions: 913->0(67)
[2025-01-08T20:30:02.445+0000][173072.811s][info][gc,heap     ] GC(5372) Survivor regions: 8->9(116)
[2025-01-08T20:30:02.445+0000][173072.811s][info][gc,heap     ] GC(5372) Old regions: 238->238
[2025-01-08T20:30:02.445+0000][173072.811s][info][gc,heap     ] GC(5372) Archive regions: 2->2
[2025-01-08T20:30:02.445+0000][173072.811s][info][gc,heap     ] GC(5372) Humongous regions: 49->49
[2025-01-08T20:30:02.445+0000][173072.811s][info][gc,metaspace] GC(5372) Metaspace: 523614K(533760K)->523614K(533760K) NonClass: 459781K(465024K)->459781K(465024K) Class: 63833K(68736K)->63833K(68736K)
[2025-01-08T20:30:02.445+0000][173072.811s][info][gc          ] GC(5372) Pause Young (Prepare Mixed) (G1 Evacuation Pause) 9661M->2369M(12288M) 32.663ms
[2025-01-08T20:30:02.445+0000][173072.811s][info][gc,cpu      ] GC(5372) User=0.19s Sys=0.00s Real=0.03s
[2025-01-08T20:30:02.952+0000][173073.318s][info][gc,start    ] GC(5373) Pause Young (Mixed) (G1 Evacuation Pause)
[2025-01-08T20:30:02.952+0000][173073.318s][info][gc,task     ] GC(5373) Using 6 workers of 6 for evacuation
[2025-01-08T20:30:02.993+0000][173073.359s][info][gc,phases   ] GC(5373)   Pre Evacuate Collection Set: 0.2ms
[2025-01-08T20:30:02.993+0000][173073.359s][info][gc,phases   ] GC(5373)   Merge Heap Roots: 0.5ms
[2025-01-08T20:30:02.993+0000][173073.359s][info][gc,phases   ] GC(5373)   Evacuate Collection Set: 39.2ms
[2025-01-08T20:30:02.993+0000][173073.359s][info][gc,phases   ] GC(5373)   Post Evacuate Collection Set: 1.7ms
[2025-01-08T20:30:02.993+0000][173073.359s][info][gc,phases   ] GC(5373)   Other: 0.2ms
[2025-01-08T20:30:02.993+0000][173073.359s][info][gc,heap     ] GC(5373) Eden regions: 67->0(914)
[2025-01-08T20:30:02.993+0000][173073.359s][info][gc,heap     ] GC(5373) Survivor regions: 9->7(10)
[2025-01-08T20:30:02.993+0000][173073.359s][info][gc,heap     ] GC(5373) Old regions: 238->234
[2025-01-08T20:30:02.993+0000][173073.359s][info][gc,heap     ] GC(5373) Archive regions: 2->2
[2025-01-08T20:30:02.993+0000][173073.359s][info][gc,heap     ] GC(5373) Humongous regions: 49->49
[2025-01-08T20:30:02.993+0000][173073.359s][info][gc,metaspace] GC(5373) Metaspace: 523614K(533760K)->523614K(533760K) NonClass: 459781K(465024K)->459781K(465024K) Class: 63833K(68736K)->63833K(68736K)
[2025-01-08T20:30:02.993+0000][173073.359s][info][gc          ] GC(5373) Pause Young (Mixed) (G1 Evacuation Pause) 2905M->2314M(12288M) 41.807ms
[2025-01-08T20:30:02.993+0000][173073.359s][info][gc,cpu      ] GC(5373) User=0.24s Sys=0.00s Real=0.04s
[2025-01-08T20:30:12.174+0000][173082.540s][info][gc,start    ] GC(5374) Pause Young (Normal) (G1 Evacuation Pause)
[2025-01-08T20:30:12.174+0000][173082.540s][info][gc,task     ] GC(5374) Using 6 workers of 6 for evacuation
[2025-01-08T20:30:12.205+0000][173082.571s][info][gc,phases   ] GC(5374)   Pre Evacuate Collection Set: 0.2ms
[2025-01-08T20:30:12.205+0000][173082.571s][info][gc,phases   ] GC(5374)   Merge Heap Roots: 0.4ms
[2025-01-08T20:30:12.205+0000][173082.571s][info][gc,phases   ] GC(5374)   Evacuate Collection Set: 27.7ms
[2025-01-08T20:30:12.205+0000][173082.571s][info][gc,phases   ] GC(5374)   Post Evacuate Collection Set: 2.5ms
[2025-01-08T20:30:12.205+0000][173082.571s][info][gc,phases   ] GC(5374)   Other: 0.2ms
[2025-01-08T20:30:12.205+0000][173082.571s][info][gc,heap     ] GC(5374) Eden regions: 914->0(913)
[2025-01-08T20:30:12.205+0000][173082.571s][info][gc,heap     ] GC(5374) Survivor regions: 7->8(116)
[2025-01-08T20:30:12.205+0000][173082.571s][info][gc,heap     ] GC(5374) Old regions: 234->234
[2025-01-08T20:30:12.205+0000][173082.571s][info][gc,heap     ] GC(5374) Archive regions: 2->2
[2025-01-08T20:30:12.205+0000][173082.571s][info][gc,heap     ] GC(5374) Humongous regions: 49->49
[2025-01-08T20:30:12.205+0000][173082.571s][info][gc,metaspace] GC(5374) Metaspace: 523614K(533760K)->523614K(533760K) NonClass: 459781K(465024K)->459781K(465024K) Class: 63833K(68736K)->63833K(68736K)
[2025-01-08T20:30:12.205+0000][173082.571s][info][gc          ] GC(5374) Pause Young (Normal) (G1 Evacuation Pause) 9626M->2328M(12288M) 31.193ms
[2025-01-08T20:30:12.205+0000][173082.571s][info][gc,cpu      ] GC(5374) User=0.18s Sys=0.00s Real=0.03s
[2025-01-08T20:30:18.059+0000][173088.425s][info][gc,start    ] GC(5375) Pause Young (Normal) (G1 Evacuation Pause)
[2025-01-08T20:30:18.059+0000][173088.425s][info][gc,task     ] GC(5375) Using 6 workers of 6 for evacuation
[2025-01-08T20:30:18.091+0000][173088.457s][info][gc,phases   ] GC(5375)   Pre Evacuate Collection Set: 0.2ms
[2025-01-08T20:30:18.091+0000][173088.457s][info][gc,phases   ] GC(5375)   Merge Heap Roots: 0.4ms
[2025-01-08T20:30:18.091+0000][173088.457s][info][gc,phases   ] GC(5375)   Evacuate Collection Set: 28.5ms
[2025-01-08T20:30:18.091+0000][173088.457s][info][gc,phases   ] GC(5375)   Post Evacuate Collection Set: 2.5ms
[2025-01-08T20:30:18.091+0000][173088.457s][info][gc,phases   ] GC(5375)   Other: 0.2ms
[2025-01-08T20:30:18.091+0000][173088.457s][info][gc,heap     ] GC(5375) Eden regions: 913->0(912)
[2025-01-08T20:30:18.091+0000][173088.457s][info][gc,heap     ] GC(5375) Survivor regions: 8->9(116)
[2025-01-08T20:30:18.091+0000][173088.457s][info][gc,heap     ] GC(5375) Old regions: 234->234
[2025-01-08T20:30:18.091+0000][173088.457s][info][gc,heap     ] GC(5375) Archive regions: 2->2
[2025-01-08T20:30:18.091+0000][173088.457s][info][gc,heap     ] GC(5375) Humongous regions: 49->49
[2025-01-08T20:30:18.091+0000][173088.457s][info][gc,metaspace] GC(5375) Metaspace: 523614K(533760K)->523614K(533760K) NonClass: 459781K(465024K)->459781K(465024K) Class: 63833K(68736K)->63833K(68736K)
[2025-01-08T20:30:18.091+0000][173088.457s][info][gc          ] GC(5375) Pause Young (Normal) (G1 Evacuation Pause) 9632M->2335M(12288M) 31.908ms
[2025-01-08T20:30:18.091+0000][173088.457s][info][gc,cpu      ] GC(5375) User=0.18s Sys=0.00s Real=0.04s
[2025-01-08T20:30:22.102+0000][173092.468s][info][gc,start    ] GC(5376) Pause Young (Concurrent Start) (G1 Evacuation Pause)
[2025-01-08T20:30:22.102+0000][173092.468s][info][gc,task     ] GC(5376) Using 6 workers of 6 for evacuation
[2025-01-08T20:30:22.138+0000][173092.504s][info][gc,phases   ] GC(5376)   Pre Evacuate Collection Set: 1.1ms
[2025-01-08T20:30:22.138+0000][173092.504s][info][gc,phases   ] GC(5376)   Merge Heap Roots: 0.4ms
[2025-01-08T20:30:22.138+0000][173092.504s][info][gc,phases   ] GC(5376)   Evacuate Collection Set: 31.7ms
[2025-01-08T20:30:22.138+0000][173092.504s][info][gc,phases   ] GC(5376)   Post Evacuate Collection Set: 2.5ms
[2025-01-08T20:30:22.138+0000][173092.504s][info][gc,phases   ] GC(5376)   Other: 0.3ms
[2025-01-08T20:30:22.138+0000][173092.504s][info][gc,heap     ] GC(5376) Eden regions: 912->0(910)
[2025-01-08T20:30:22.138+0000][173092.504s][info][gc,heap     ] GC(5376) Survivor regions: 9->11(116)
[2025-01-08T20:30:22.138+0000][173092.504s][info][gc,heap     ] GC(5376) Old regions: 234->234
[2025-01-08T20:30:22.138+0000][173092.504s][info][gc,heap     ] GC(5376) Archive regions: 2->2
[2025-01-08T20:30:22.138+0000][173092.504s][info][gc,heap     ] GC(5376) Humongous regions: 49->49
[2025-01-08T20:30:22.138+0000][173092.504s][info][gc,metaspace] GC(5376) Metaspace: 523614K(533760K)->523614K(533760K) NonClass: 459781K(465024K)->459781K(465024K) Class: 63833K(68736K)->63833K(68736K)
[2025-01-08T20:30:22.138+0000][173092.504s][info][gc          ] GC(5376) Pause Young (Concurrent Start) (G1 Evacuation Pause) 9631M->2346M(12288M) 36.101ms
[2025-01-08T20:30:22.138+0000][173092.504s][info][gc,cpu      ] GC(5376) User=0.20s Sys=0.00s Real=0.03s
[2025-01-08T20:30:22.138+0000][173092.504s][info][gc          ] GC(5377) Concurrent Mark Cycle
[2025-01-08T20:30:22.138+0000][173092.504s][info][gc,marking  ] GC(5377) Concurrent Clear Claimed Marks
[2025-01-08T20:30:22.139+0000][173092.505s][info][gc,marking  ] GC(5377) Concurrent Clear Claimed Marks 0.899ms
[2025-01-08T20:30:22.139+0000][173092.505s][info][gc,marking  ] GC(5377) Concurrent Scan Root Regions
[2025-01-08T20:30:22.170+0000][173092.537s][info][gc,marking  ] GC(5377) Concurrent Scan Root Regions 31.115ms
[2025-01-08T20:30:22.170+0000][173092.537s][info][gc,marking  ] GC(5377) Concurrent Mark
[2025-01-08T20:30:22.170+0000][173092.537s][info][gc,marking  ] GC(5377) Concurrent Mark From Roots
[2025-01-08T20:30:22.170+0000][173092.537s][info][gc,task     ] GC(5377) Using 2 workers of 2 for marking
[2025-01-08T20:30:23.136+0000][173093.503s][info][gc,marking  ] GC(5377) Concurrent Mark From Roots 965.967ms
[2025-01-08T20:30:23.136+0000][173093.503s][info][gc,marking  ] GC(5377) Concurrent Preclean
[2025-01-08T20:30:23.140+0000][173093.506s][info][gc,marking  ] GC(5377) Concurrent Preclean 3.607ms
[2025-01-08T20:30:23.140+0000][173093.506s][info][gc,start    ] GC(5377) Pause Remark
[2025-01-08T20:30:23.166+0000][173093.532s][info][gc          ] GC(5377) Pause Remark 3778M->3778M(12288M) 25.367ms
[2025-01-08T20:30:23.166+0000][173093.532s][info][gc,cpu      ] GC(5377) User=0.14s Sys=0.00s Real=0.03s
[2025-01-08T20:30:23.166+0000][173093.532s][info][gc,marking  ] GC(5377) Concurrent Mark 995.323ms
[2025-01-08T20:30:23.166+0000][173093.532s][info][gc,marking  ] GC(5377) Concurrent Rebuild Remembered Sets
[2025-01-08T20:30:23.676+0000][173094.042s][info][gc,marking  ] GC(5377) Concurrent Rebuild Remembered Sets 510.100ms
[2025-01-08T20:30:23.676+0000][173094.042s][info][gc,start    ] GC(5377) Pause Cleanup
[2025-01-08T20:30:23.677+0000][173094.043s][info][gc          ] GC(5377) Pause Cleanup 4486M->4486M(12288M) 0.454ms
[2025-01-08T20:30:23.677+0000][173094.043s][info][gc,cpu      ] GC(5377) User=0.00s Sys=0.00s Real=0.00s
[2025-01-08T20:30:23.677+0000][173094.043s][info][gc,marking  ] GC(5377) Concurrent Cleanup for Next Mark
[2025-01-08T20:30:23.705+0000][173094.071s][info][gc,marking  ] GC(5377) Concurrent Cleanup for Next Mark 27.994ms
[2025-01-08T20:30:23.705+0000][173094.071s][info][gc          ] GC(5377) Concurrent Mark Cycle 1566.389ms
[2025-01-08T20:30:26.995+0000][173097.361s][info][gc,start    ] GC(5378) Pause Young (Prepare Mixed) (G1 Evacuation Pause)
[2025-01-08T20:30:26.995+0000][173097.361s][info][gc,task     ] GC(5378) Using 6 workers of 6 for evacuation
[2025-01-08T20:30:27.031+0000][173097.397s][info][gc,phases   ] GC(5378)   Pre Evacuate Collection Set: 0.2ms
[2025-01-08T20:30:27.031+0000][173097.397s][info][gc,phases   ] GC(5378)   Merge Heap Roots: 0.7ms
[2025-01-08T20:30:27.031+0000][173097.397s][info][gc,phases   ] GC(5378)   Evacuate Collection Set: 32.4ms
[2025-01-08T20:30:27.031+0000][173097.397s][info][gc,phases   ] GC(5378)   Post Evacuate Collection Set: 2.5ms
[2025-01-08T20:30:27.031+0000][173097.397s][info][gc,phases   ] GC(5378)   Other: 0.2ms
[2025-01-08T20:30:27.031+0000][173097.397s][info][gc,heap     ] GC(5378) Eden regions: 910->0(65)
[2025-01-08T20:30:27.031+0000][173097.397s][info][gc,heap     ] GC(5378) Survivor regions: 11->11(116)
[2025-01-08T20:30:27.031+0000][173097.397s][info][gc,heap     ] GC(5378) Old regions: 234->234
[2025-01-08T20:30:27.031+0000][173097.397s][info][gc,heap     ] GC(5378) Archive regions: 2->2
[2025-01-08T20:30:27.031+0000][173097.397s][info][gc,heap     ] GC(5378) Humongous regions: 49->49
[2025-01-08T20:30:27.031+0000][173097.397s][info][gc,metaspace] GC(5378) Metaspace: 523614K(533760K)->523614K(533760K) NonClass: 459781K(465024K)->459781K(465024K) Class: 63833K(68736K)->63833K(68736K)
[2025-01-08T20:30:27.031+0000][173097.397s][info][gc          ] GC(5378) Pause Young (Prepare Mixed) (G1 Evacuation Pause) 9626M->2348M(12288M) 35.946ms
[2025-01-08T20:30:27.031+0000][173097.397s][info][gc,cpu      ] GC(5378) User=0.21s Sys=0.00s Real=0.04s
[2025-01-08T20:30:27.336+0000][173097.702s][info][gc,start    ] GC(5379) Pause Young (Mixed) (G1 Evacuation Pause)
[2025-01-08T20:30:27.336+0000][173097.702s][info][gc,task     ] GC(5379) Using 6 workers of 6 for evacuation
[2025-01-08T20:30:27.402+0000][173097.768s][info][gc,phases   ] GC(5379)   Pre Evacuate Collection Set: 0.2ms
[2025-01-08T20:30:27.402+0000][173097.768s][info][gc,phases   ] GC(5379)   Merge Heap Roots: 0.6ms
[2025-01-08T20:30:27.402+0000][173097.768s][info][gc,phases   ] GC(5379)   Evacuate Collection Set: 63.3ms
[2025-01-08T20:30:27.402+0000][173097.768s][info][gc,phases   ] GC(5379)   Post Evacuate Collection Set: 1.8ms
[2025-01-08T20:30:27.402+0000][173097.768s][info][gc,phases   ] GC(5379)   Other: 0.2ms
[2025-01-08T20:30:27.402+0000][173097.768s][info][gc,heap     ] GC(5379) Eden regions: 65->0(915)
[2025-01-08T20:30:27.402+0000][173097.768s][info][gc,heap     ] GC(5379) Survivor regions: 11->6(10)
[2025-01-08T20:30:27.402+0000][173097.768s][info][gc,heap     ] GC(5379) Old regions: 234->234
[2025-01-08T20:30:27.402+0000][173097.768s][info][gc,heap     ] GC(5379) Archive regions: 2->2
[2025-01-08T20:30:27.402+0000][173097.768s][info][gc,heap     ] GC(5379) Humongous regions: 49->49
[2025-01-08T20:30:27.402+0000][173097.768s][info][gc,metaspace] GC(5379) Metaspace: 523614K(533760K)->523614K(533760K) NonClass: 459781K(465024K)->459781K(465024K) Class: 63833K(68736K)->63833K(68736K)
[2025-01-08T20:30:27.402+0000][173097.768s][info][gc          ] GC(5379) Pause Young (Mixed) (G1 Evacuation Pause) 2868M->2307M(12288M) 66.126ms
[2025-01-08T20:30:27.402+0000][173097.768s][info][gc,cpu      ] GC(5379) User=0.39s Sys=0.01s Real=0.07s
[2025-01-08T20:30:31.612+0000][173101.978s][info][gc,start    ] GC(5380) Pause Young (Normal) (G1 Evacuation Pause)
[2025-01-08T20:30:31.612+0000][173101.978s][info][gc,task     ] GC(5380) Using 6 workers of 6 for evacuation
[2025-01-08T20:30:31.635+0000][173102.002s][info][gc,phases   ] GC(5380)   Pre Evacuate Collection Set: 0.2ms
[2025-01-08T20:30:31.636+0000][173102.002s][info][gc,phases   ] GC(5380)   Merge Heap Roots: 0.4ms
[2025-01-08T20:30:31.636+0000][173102.002s][info][gc,phases   ] GC(5380)   Evacuate Collection Set: 19.2ms
[2025-01-08T20:30:31.636+0000][173102.002s][info][gc,phases   ] GC(5380)   Post Evacuate Collection Set: 3.6ms
[2025-01-08T20:30:31.636+0000][173102.002s][info][gc,phases   ] GC(5380)   Other: 0.2ms
[2025-01-08T20:30:31.636+0000][173102.002s][info][gc,heap     ] GC(5380) Eden regions: 915->0(914)
[2025-01-08T20:30:31.636+0000][173102.002s][info][gc,heap     ] GC(5380) Survivor regions: 6->7(116)
[2025-01-08T20:30:31.636+0000][173102.002s][info][gc,heap     ] GC(5380) Old regions: 234->234
[2025-01-08T20:30:31.636+0000][173102.002s][info][gc,heap     ] GC(5380) Archive regions: 2->2
[2025-01-08T20:30:31.636+0000][173102.002s][info][gc,heap     ] GC(5380) Humongous regions: 49->49
[2025-01-08T20:30:31.636+0000][173102.002s][info][gc,metaspace] GC(5380) Metaspace: 523614K(533760K)->523614K(533760K) NonClass: 459781K(465024K)->459781K(465024K) Class: 63833K(68736K)->63833K(68736K)
[2025-01-08T20:30:31.636+0000][173102.002s][info][gc          ] GC(5380) Pause Young (Normal) (G1 Evacuation Pause) 9627M->2315M(12288M) 23.722ms
[2025-01-08T20:30:31.636+0000][173102.002s][info][gc,cpu      ] GC(5380) User=0.14s Sys=0.00s Real=0.02s
[2025-01-08T20:30:36.601+0000][173106.967s][info][gc,start    ] GC(5381) Pause Young (Normal) (G1 Evacuation Pause)
[2025-01-08T20:30:36.601+0000][173106.967s][info][gc,task     ] GC(5381) Using 6 workers of 6 for evacuation
[2025-01-08T20:30:36.626+0000][173106.992s][info][gc,phases   ] GC(5381)   Pre Evacuate Collection Set: 0.2ms
[2025-01-08T20:30:36.626+0000][173106.992s][info][gc,phases   ] GC(5381)   Merge Heap Roots: 0.4ms
[2025-01-08T20:30:36.626+0000][173106.992s][info][gc,phases   ] GC(5381)   Evacuate Collection Set: 20.6ms
[2025-01-08T20:30:36.626+0000][173106.992s][info][gc,phases   ] GC(5381)   Post Evacuate Collection Set: 3.8ms
[2025-01-08T20:30:36.626+0000][173106.992s][info][gc,phases   ] GC(5381)   Other: 0.2ms
[2025-01-08T20:30:36.626+0000][173106.992s][info][gc,heap     ] GC(5381) Eden regions: 914->0(914)
[2025-01-08T20:30:36.626+0000][173106.992s][info][gc,heap     ] GC(5381) Survivor regions: 7->7(116)
[2025-01-08T20:30:36.626+0000][173106.992s][info][gc,heap     ] GC(5381) Old regions: 234->234
[2025-01-08T20:30:36.626+0000][173106.992s][info][gc,heap     ] GC(5381) Archive regions: 2->2
[2025-01-08T20:30:36.626+0000][173106.992s][info][gc,heap     ] GC(5381) Humongous regions: 49->49
[2025-01-08T20:30:36.626+0000][173106.992s][info][gc,metaspace] GC(5381) Metaspace: 523615K(533760K)->523615K(533760K) NonClass: 459781K(465024K)->459781K(465024K) Class: 63833K(68736K)->63833K(68736K)
[2025-01-08T20:30:36.626+0000][173106.992s][info][gc          ] GC(5381) Pause Young (Normal) (G1 Evacuation Pause) 9627M->2320M(12288M) 25.234ms
[2025-01-08T20:30:36.626+0000][173106.992s][info][gc,cpu      ] GC(5381) User=0.15s Sys=0.00s Real=0.03s
[2025-01-08T20:30:43.048+0000][173113.414s][info][gc,start    ] GC(5382) Pause Young (Concurrent Start) (G1 Evacuation Pause)
[2025-01-08T20:30:43.048+0000][173113.414s][info][gc,task     ] GC(5382) Using 6 workers of 6 for evacuation
[2025-01-08T20:30:43.080+0000][173113.447s][info][gc,phases   ] GC(5382)   Pre Evacuate Collection Set: 1.2ms
[2025-01-08T20:30:43.080+0000][173113.447s][info][gc,phases   ] GC(5382)   Merge Heap Roots: 0.4ms
[2025-01-08T20:30:43.080+0000][173113.447s][info][gc,phases   ] GC(5382)   Evacuate Collection Set: 27.6ms
[2025-01-08T20:30:43.080+0000][173113.447s][info][gc,phases   ] GC(5382)   Post Evacuate Collection Set: 2.6ms
[2025-01-08T20:30:43.080+0000][173113.447s][info][gc,phases   ] GC(5382)   Other: 0.3ms
[2025-01-08T20:30:43.080+0000][173113.447s][info][gc,heap     ] GC(5382) Eden regions: 914->0(912)
[2025-01-08T20:30:43.080+0000][173113.447s][info][gc,heap     ] GC(5382) Survivor regions: 7->9(116)
[2025-01-08T20:30:43.080+0000][173113.447s][info][gc,heap     ] GC(5382) Old regions: 234->234
[2025-01-08T20:30:43.081+0000][173113.447s][info][gc,heap     ] GC(5382) Archive regions: 2->2
[2025-01-08T20:30:43.081+0000][173113.447s][info][gc,heap     ] GC(5382) Humongous regions: 49->49
[2025-01-08T20:30:43.081+0000][173113.447s][info][gc,metaspace] GC(5382) Metaspace: 523615K(533760K)->523615K(533760K) NonClass: 459781K(465024K)->459781K(465024K) Class: 63833K(68736K)->63833K(68736K)
[2025-01-08T20:30:43.081+0000][173113.447s][info][gc          ] GC(5382) Pause Young (Concurrent Start) (G1 Evacuation Pause) 9632M->2331M(12288M) 32.188ms
[2025-01-08T20:30:43.081+0000][173113.447s][info][gc,cpu      ] GC(5382) User=0.18s Sys=0.00s Real=0.03s
[2025-01-08T20:30:43.081+0000][173113.447s][info][gc          ] GC(5383) Concurrent Mark Cycle
[2025-01-08T20:30:43.081+0000][173113.447s][info][gc,marking  ] GC(5383) Concurrent Clear Claimed Marks
[2025-01-08T20:30:43.082+0000][173113.448s][info][gc,marking  ] GC(5383) Concurrent Clear Claimed Marks 0.990ms
[2025-01-08T20:30:43.082+0000][173113.448s][info][gc,marking  ] GC(5383) Concurrent Scan Root Regions
[2025-01-08T20:30:43.106+0000][173113.472s][info][gc,marking  ] GC(5383) Concurrent Scan Root Regions 24.355ms
[2025-01-08T20:30:43.106+0000][173113.472s][info][gc,marking  ] GC(5383) Concurrent Mark
[2025-01-08T20:30:43.106+0000][173113.472s][info][gc,marking  ] GC(5383) Concurrent Mark From Roots
[2025-01-08T20:30:43.106+0000][173113.472s][info][gc,task     ] GC(5383) Using 2 workers of 2 for marking
[2025-01-08T20:30:43.941+0000][173114.307s][info][gc,marking  ] GC(5383) Concurrent Mark From Roots 834.607ms
[2025-01-08T20:30:43.941+0000][173114.307s][info][gc,marking  ] GC(5383) Concurrent Preclean
[2025-01-08T20:30:43.943+0000][173114.310s][info][gc,marking  ] GC(5383) Concurrent Preclean 2.735ms
[2025-01-08T20:30:43.944+0000][173114.310s][info][gc,start    ] GC(5383) Pause Remark
[2025-01-08T20:30:43.971+0000][173114.337s][info][gc          ] GC(5383) Pause Remark 2627M->2627M(12288M) 27.703ms
[2025-01-08T20:30:43.971+0000][173114.337s][info][gc,cpu      ] GC(5383) User=0.16s Sys=0.00s Real=0.03s
[2025-01-08T20:30:43.971+0000][173114.338s][info][gc,marking  ] GC(5383) Concurrent Mark 865.359ms
[2025-01-08T20:30:43.971+0000][173114.338s][info][gc,marking  ] GC(5383) Concurrent Rebuild Remembered Sets
[2025-01-08T20:30:44.484+0000][173114.850s][info][gc,marking  ] GC(5383) Concurrent Rebuild Remembered Sets 512.616ms
[2025-01-08T20:30:44.484+0000][173114.850s][info][gc,start    ] GC(5383) Pause Cleanup
[2025-01-08T20:30:44.485+0000][173114.851s][info][gc          ] GC(5383) Pause Cleanup 2660M->2660M(12288M) 0.418ms
[2025-01-08T20:30:44.485+0000][173114.851s][info][gc,cpu      ] GC(5383) User=0.00s Sys=0.00s Real=0.00s
[2025-01-08T20:30:44.485+0000][173114.851s][info][gc,marking  ] GC(5383) Concurrent Cleanup for Next Mark
[2025-01-08T20:30:44.500+0000][173114.866s][info][gc,marking  ] GC(5383) Concurrent Cleanup for Next Mark 15.350ms
[2025-01-08T20:30:44.500+0000][173114.866s][info][gc          ] GC(5383) Concurrent Mark Cycle 1419.441ms
[2025-01-08T20:30:50.362+0000][173120.728s][info][gc,start    ] GC(5384) Pause Young (Prepare Mixed) (GCLocker Initiated GC)
[2025-01-08T20:30:50.362+0000][173120.728s][info][gc,task     ] GC(5384) Using 6 workers of 6 for evacuation
[2025-01-08T20:30:50.395+0000][173120.761s][info][gc,phases   ] GC(5384)   Pre Evacuate Collection Set: 0.2ms
[2025-01-08T20:30:50.395+0000][173120.761s][info][gc,phases   ] GC(5384)   Merge Heap Roots: 0.6ms
[2025-01-08T20:30:50.395+0000][173120.761s][info][gc,phases   ] GC(5384)   Evacuate Collection Set: 28.4ms
[2025-01-08T20:30:50.395+0000][173120.762s][info][gc,phases   ] GC(5384)   Post Evacuate Collection Set: 3.9ms
[2025-01-08T20:30:50.395+0000][173120.762s][info][gc,phases   ] GC(5384)   Other: 0.2ms
[2025-01-08T20:30:50.395+0000][173120.762s][info][gc,heap     ] GC(5384) Eden regions: 912->0(66)
[2025-01-08T20:30:50.395+0000][173120.762s][info][gc,heap     ] GC(5384) Survivor regions: 9->10(116)
[2025-01-08T20:30:50.395+0000][173120.762s][info][gc,heap     ] GC(5384) Old regions: 234->234
[2025-01-08T20:30:50.395+0000][173120.762s][info][gc,heap     ] GC(5384) Archive regions: 2->2
[2025-01-08T20:30:50.395+0000][173120.762s][info][gc,heap     ] GC(5384) Humongous regions: 49->49
[2025-01-08T20:30:50.395+0000][173120.762s][info][gc,metaspace] GC(5384) Metaspace: 523615K(533760K)->523615K(533760K) NonClass: 459781K(465024K)->459781K(465024K) Class: 63833K(68736K)->63833K(68736K)
[2025-01-08T20:30:50.395+0000][173120.762s][info][gc          ] GC(5384) Pause Young (Prepare Mixed) (GCLocker Initiated GC) 9627M->2338M(12288M) 33.418ms
[2025-01-08T20:30:50.396+0000][173120.762s][info][gc,cpu      ] GC(5384) User=0.19s Sys=0.01s Real=0.03s
[2025-01-08T20:30:50.941+0000][173121.307s][info][gc,start    ] GC(5385) Pause Young (Mixed) (G1 Evacuation Pause)
[2025-01-08T20:30:50.941+0000][173121.307s][info][gc,task     ] GC(5385) Using 6 workers of 6 for evacuation
[2025-01-08T20:30:51.019+0000][173121.385s][info][gc,phases   ] GC(5385)   Pre Evacuate Collection Set: 0.2ms
[2025-01-08T20:30:51.019+0000][173121.385s][info][gc,phases   ] GC(5385)   Merge Heap Roots: 0.7ms
[2025-01-08T20:30:51.019+0000][173121.385s][info][gc,phases   ] GC(5385)   Evacuate Collection Set: 74.3ms
[2025-01-08T20:30:51.019+0000][173121.385s][info][gc,phases   ] GC(5385)   Post Evacuate Collection Set: 2.1ms
[2025-01-08T20:30:51.019+0000][173121.385s][info][gc,phases   ] GC(5385)   Other: 0.2ms
[2025-01-08T20:30:51.019+0000][173121.385s][info][gc,heap     ] GC(5385) Eden regions: 66->0(914)
[2025-01-08T20:30:51.019+0000][173121.385s][info][gc,heap     ] GC(5385) Survivor regions: 10->7(10)
[2025-01-08T20:30:51.019+0000][173121.385s][info][gc,heap     ] GC(5385) Old regions: 234->233
[2025-01-08T20:30:51.019+0000][173121.385s][info][gc,heap     ] GC(5385) Archive regions: 2->2
[2025-01-08T20:30:51.019+0000][173121.385s][info][gc,heap     ] GC(5385) Humongous regions: 49->49
[2025-01-08T20:30:51.019+0000][173121.385s][info][gc,metaspace] GC(5385) Metaspace: 523615K(533760K)->523615K(533760K) NonClass: 459781K(465024K)->459781K(465024K) Class: 63833K(68736K)->63833K(68736K)
[2025-01-08T20:30:51.019+0000][173121.385s][info][gc          ] GC(5385) Pause Young (Mixed) (G1 Evacuation Pause) 2866M->2309M(12288M) 77.572ms
[2025-01-08T20:30:51.019+0000][173121.385s][info][gc,cpu      ] GC(5385) User=0.42s Sys=0.00s Real=0.08s
[2025-01-08T20:30:57.966+0000][173128.332s][info][gc,start    ] GC(5386) Pause Young (Normal) (G1 Evacuation Pause)
[2025-01-08T20:30:57.966+0000][173128.332s][info][gc,task     ] GC(5386) Using 6 workers of 6 for evacuation
[2025-01-08T20:30:57.993+0000][173128.359s][info][gc,phases   ] GC(5386)   Pre Evacuate Collection Set: 0.2ms
[2025-01-08T20:30:57.993+0000][173128.359s][info][gc,phases   ] GC(5386)   Merge Heap Roots: 0.4ms
[2025-01-08T20:30:57.993+0000][173128.359s][info][gc,phases   ] GC(5386)   Evacuate Collection Set: 23.7ms
[2025-01-08T20:30:57.993+0000][173128.359s][info][gc,phases   ] GC(5386)   Post Evacuate Collection Set: 2.5ms
[2025-01-08T20:30:57.993+0000][173128.359s][info][gc,phases   ] GC(5386)   Other: 0.2ms
[2025-01-08T20:30:57.993+0000][173128.359s][info][gc,heap     ] GC(5386) Eden regions: 914->0(913)
[2025-01-08T20:30:57.993+0000][173128.359s][info][gc,heap     ] GC(5386) Survivor regions: 7->8(116)
[2025-01-08T20:30:57.993+0000][173128.359s][info][gc,heap     ] GC(5386) Old regions: 233->233
[2025-01-08T20:30:57.993+0000][173128.359s][info][gc,heap     ] GC(5386) Archive regions: 2->2
[2025-01-08T20:30:57.993+0000][173128.359s][info][gc,heap     ] GC(5386) Humongous regions: 49->49
[2025-01-08T20:30:57.993+0000][173128.359s][info][gc,metaspace] GC(5386) Metaspace: 523616K(533760K)->523616K(533760K) NonClass: 459783K(465024K)->459783K(465024K) Class: 63833K(68736K)->63833K(68736K)
[2025-01-08T20:30:57.993+0000][173128.359s][info][gc          ] GC(5386) Pause Young (Normal) (G1 Evacuation Pause) 9621M->2314M(12288M) 27.141ms
[2025-01-08T20:30:57.993+0000][173128.359s][info][gc,cpu      ] GC(5386) User=0.16s Sys=0.01s Real=0.03s
[2025-01-08T20:31:06.112+0000][173136.478s][info][gc,start    ] GC(5387) Pause Young (Normal) (GCLocker Initiated GC)
[2025-01-08T20:31:06.112+0000][173136.478s][info][gc,task     ] GC(5387) Using 6 workers of 6 for evacuation
[2025-01-08T20:31:06.143+0000][173136.509s][info][gc,phases   ] GC(5387)   Pre Evacuate Collection Set: 0.2ms
[2025-01-08T20:31:06.143+0000][173136.509s][info][gc,phases   ] GC(5387)   Merge Heap Roots: 0.4ms
[2025-01-08T20:31:06.143+0000][173136.509s][info][gc,phases   ] GC(5387)   Evacuate Collection Set: 27.2ms
[2025-01-08T20:31:06.143+0000][173136.509s][info][gc,phases   ] GC(5387)   Post Evacuate Collection Set: 2.7ms
[2025-01-08T20:31:06.143+0000][173136.509s][info][gc,phases   ] GC(5387)   Other: 0.2ms
[2025-01-08T20:31:06.143+0000][173136.509s][info][gc,heap     ] GC(5387) Eden regions: 914->0(912)
[2025-01-08T20:31:06.143+0000][173136.509s][info][gc,heap     ] GC(5387) Survivor regions: 8->9(116)
[2025-01-08T20:31:06.143+0000][173136.509s][info][gc,heap     ] GC(5387) Old regions: 233->233
[2025-01-08T20:31:06.143+0000][173136.509s][info][gc,heap     ] GC(5387) Archive regions: 2->2
[2025-01-08T20:31:06.143+0000][173136.509s][info][gc,heap     ] GC(5387) Humongous regions: 49->49
[2025-01-08T20:31:06.143+0000][173136.509s][info][gc,metaspace] GC(5387) Metaspace: 523616K(533760K)->523616K(533760K) NonClass: 459783K(465024K)->459783K(465024K) Class: 63833K(68736K)->63833K(68736K)
[2025-01-08T20:31:06.143+0000][173136.509s][info][gc          ] GC(5387) Pause Young (Normal) (GCLocker Initiated GC) 9622M->2324M(12288M) 30.831ms
[2025-01-08T20:31:06.143+0000][173136.509s][info][gc,cpu      ] GC(5387) User=0.18s Sys=0.00s Real=0.03s
[2025-01-08T20:31:14.684+0000][173145.051s][info][gc,start    ] GC(5388) Pause Young (Concurrent Start) (G1 Evacuation Pause)
[2025-01-08T20:31:14.684+0000][173145.051s][info][gc,task     ] GC(5388) Using 6 workers of 6 for evacuation
[2025-01-08T20:31:14.718+0000][173145.084s][info][gc,phases   ] GC(5388)   Pre Evacuate Collection Set: 1.3ms
[2025-01-08T20:31:14.718+0000][173145.084s][info][gc,phases   ] GC(5388)   Merge Heap Roots: 0.5ms
[2025-01-08T20:31:14.718+0000][173145.084s][info][gc,phases   ] GC(5388)   Evacuate Collection Set: 28.7ms
[2025-01-08T20:31:14.718+0000][173145.084s][info][gc,phases   ] GC(5388)   Post Evacuate Collection Set: 2.6ms
[2025-01-08T20:31:14.718+0000][173145.084s][info][gc,phases   ] GC(5388)   Other: 0.3ms
[2025-01-08T20:31:14.718+0000][173145.084s][info][gc,heap     ] GC(5388) Eden regions: 912->0(912)
[2025-01-08T20:31:14.718+0000][173145.084s][info][gc,heap     ] GC(5388) Survivor regions: 9->9(116)
[2025-01-08T20:31:14.718+0000][173145.084s][info][gc,heap     ] GC(5388) Old regions: 233->233
[2025-01-08T20:31:14.718+0000][173145.084s][info][gc,heap     ] GC(5388) Archive regions: 2->2
[2025-01-08T20:31:14.718+0000][173145.084s][info][gc,heap     ] GC(5388) Humongous regions: 49->49
[2025-01-08T20:31:14.718+0000][173145.084s][info][gc,metaspace] GC(5388) Metaspace: 523616K(533760K)->523616K(533760K) NonClass: 459783K(465024K)->459783K(465024K) Class: 63833K(68736K)->63833K(68736K)
[2025-01-08T20:31:14.718+0000][173145.084s][info][gc          ] GC(5388) Pause Young (Concurrent Start) (G1 Evacuation Pause) 9620M->2329M(12288M) 33.444ms
[2025-01-08T20:31:14.718+0000][173145.084s][info][gc,cpu      ] GC(5388) User=0.18s Sys=0.00s Real=0.03s
[2025-01-08T20:31:14.718+0000][173145.084s][info][gc          ] GC(5389) Concurrent Mark Cycle
[2025-01-08T20:31:14.718+0000][173145.084s][info][gc,marking  ] GC(5389) Concurrent Clear Claimed Marks
[2025-01-08T20:31:14.719+0000][173145.085s][info][gc,marking  ] GC(5389) Concurrent Clear Claimed Marks 0.952ms
[2025-01-08T20:31:14.719+0000][173145.085s][info][gc,marking  ] GC(5389) Concurrent Scan Root Regions
[2025-01-08T20:31:14.743+0000][173145.109s][info][gc,marking  ] GC(5389) Concurrent Scan Root Regions 23.615ms
[2025-01-08T20:31:14.743+0000][173145.109s][info][gc,marking  ] GC(5389) Concurrent Mark
[2025-01-08T20:31:14.743+0000][173145.109s][info][gc,marking  ] GC(5389) Concurrent Mark From Roots
[2025-01-08T20:31:14.743+0000][173145.109s][info][gc,task     ] GC(5389) Using 2 workers of 2 for marking
[2025-01-08T20:31:15.603+0000][173145.969s][info][gc,marking  ] GC(5389) Concurrent Mark From Roots 860.238ms
[2025-01-08T20:31:15.603+0000][173145.969s][info][gc,marking  ] GC(5389) Concurrent Preclean
[2025-01-08T20:31:15.605+0000][173145.972s][info][gc,marking  ] GC(5389) Concurrent Preclean 2.597ms
[2025-01-08T20:31:15.606+0000][173145.972s][info][gc,start    ] GC(5389) Pause Remark
[2025-01-08T20:31:15.631+0000][173145.998s][info][gc          ] GC(5389) Pause Remark 3201M->3201M(12288M) 25.816ms
[2025-01-08T20:31:15.631+0000][173145.998s][info][gc,cpu      ] GC(5389) User=0.15s Sys=0.00s Real=0.03s
[2025-01-08T20:31:15.632+0000][173145.998s][info][gc,marking  ] GC(5389) Concurrent Mark 889.001ms
[2025-01-08T20:31:15.632+0000][173145.998s][info][gc,marking  ] GC(5389) Concurrent Rebuild Remembered Sets
[2025-01-08T20:31:16.259+0000][173146.625s][info][gc,marking  ] GC(5389) Concurrent Rebuild Remembered Sets 627.443ms
[2025-01-08T20:31:16.259+0000][173146.625s][info][gc,start    ] GC(5389) Pause Cleanup
[2025-01-08T20:31:16.260+0000][173146.626s][info][gc          ] GC(5389) Pause Cleanup 4041M->4041M(12288M) 0.437ms
[2025-01-08T20:31:16.260+0000][173146.626s][info][gc,cpu      ] GC(5389) User=0.00s Sys=0.00s Real=0.00s
[2025-01-08T20:31:16.260+0000][173146.626s][info][gc,marking  ] GC(5389) Concurrent Cleanup for Next Mark
[2025-01-08T20:31:16.276+0000][173146.642s][info][gc,marking  ] GC(5389) Concurrent Cleanup for Next Mark 16.514ms
[2025-01-08T20:31:16.276+0000][173146.642s][info][gc          ] GC(5389) Concurrent Mark Cycle 1558.400ms
[2025-01-08T20:31:23.996+0000][173154.362s][info][gc,start    ] GC(5390) Pause Young (Prepare Mixed) (G1 Evacuation Pause)
[2025-01-08T20:31:23.996+0000][173154.362s][info][gc,task     ] GC(5390) Using 6 workers of 6 for evacuation
[2025-01-08T20:31:24.034+0000][173154.400s][info][gc,phases   ] GC(5390)   Pre Evacuate Collection Set: 0.2ms
[2025-01-08T20:31:24.034+0000][173154.400s][info][gc,phases   ] GC(5390)   Merge Heap Roots: 0.7ms
[2025-01-08T20:31:24.034+0000][173154.400s][info][gc,phases   ] GC(5390)   Evacuate Collection Set: 33.9ms
[2025-01-08T20:31:24.034+0000][173154.400s][info][gc,phases   ] GC(5390)   Post Evacuate Collection Set: 2.7ms
[2025-01-08T20:31:24.034+0000][173154.400s][info][gc,phases   ] GC(5390)   Other: 0.2ms
[2025-01-08T20:31:24.034+0000][173154.400s][info][gc,heap     ] GC(5390) Eden regions: 912->0(65)
[2025-01-08T20:31:24.034+0000][173154.400s][info][gc,heap     ] GC(5390) Survivor regions: 9->11(116)
[2025-01-08T20:31:24.034+0000][173154.400s][info][gc,heap     ] GC(5390) Old regions: 233->233
[2025-01-08T20:31:24.034+0000][173154.400s][info][gc,heap     ] GC(5390) Archive regions: 2->2
[2025-01-08T20:31:24.034+0000][173154.400s][info][gc,heap     ] GC(5390) Humongous regions: 49->49
[2025-01-08T20:31:24.034+0000][173154.400s][info][gc,metaspace] GC(5390) Metaspace: 523616K(533760K)->523616K(533760K) NonClass: 459783K(465024K)->459783K(465024K) Class: 63833K(68736K)->63833K(68736K)
[2025-01-08T20:31:24.034+0000][173154.400s][info][gc          ] GC(5390) Pause Young (Prepare Mixed) (G1 Evacuation Pause) 9625M->2341M(12288M) 37.768ms
[2025-01-08T20:31:24.034+0000][173154.400s][info][gc,cpu      ] GC(5390) User=0.22s Sys=0.00s Real=0.04s
[2025-01-08T20:31:25.060+0000][173155.426s][info][gc,start    ] GC(5391) Pause Young (Mixed) (G1 Evacuation Pause)
[2025-01-08T20:31:25.060+0000][173155.426s][info][gc,task     ] GC(5391) Using 6 workers of 6 for evacuation
[2025-01-08T20:31:25.126+0000][173155.493s][info][gc,phases   ] GC(5391)   Pre Evacuate Collection Set: 0.2ms
[2025-01-08T20:31:25.127+0000][173155.493s][info][gc,phases   ] GC(5391)   Merge Heap Roots: 0.6ms
[2025-01-08T20:31:25.127+0000][173155.493s][info][gc,phases   ] GC(5391)   Evacuate Collection Set: 63.9ms
[2025-01-08T20:31:25.127+0000][173155.493s][info][gc,phases   ] GC(5391)   Post Evacuate Collection Set: 2.0ms
[2025-01-08T20:31:25.127+0000][173155.493s][info][gc,phases   ] GC(5391)   Other: 0.2ms
[2025-01-08T20:31:25.127+0000][173155.493s][info][gc,heap     ] GC(5391) Eden regions: 65->0(915)
[2025-01-08T20:31:25.127+0000][173155.493s][info][gc,heap     ] GC(5391) Survivor regions: 11->6(10)
[2025-01-08T20:31:25.127+0000][173155.493s][info][gc,heap     ] GC(5391) Old regions: 233->233
[2025-01-08T20:31:25.127+0000][173155.493s][info][gc,heap     ] GC(5391) Archive regions: 2->2
[2025-01-08T20:31:25.127+0000][173155.493s][info][gc,heap     ] GC(5391) Humongous regions: 49->49
[2025-01-08T20:31:25.127+0000][173155.493s][info][gc,metaspace] GC(5391) Metaspace: 523616K(533760K)->523616K(533760K) NonClass: 459783K(465024K)->459783K(465024K) Class: 63833K(68736K)->63833K(68736K)
[2025-01-08T20:31:25.127+0000][173155.493s][info][gc          ] GC(5391) Pause Young (Mixed) (G1 Evacuation Pause) 2861M->2304M(12288M) 66.943ms
[2025-01-08T20:31:25.127+0000][173155.493s][info][gc,cpu      ] GC(5391) User=0.40s Sys=0.00s Real=0.07s
[2025-01-08T20:31:30.891+0000][173161.257s][info][gc,start    ] GC(5392) Pause Young (Normal) (G1 Evacuation Pause)
[2025-01-08T20:31:30.891+0000][173161.257s][info][gc,task     ] GC(5392) Using 6 workers of 6 for evacuation
[2025-01-08T20:31:30.918+0000][173161.285s][info][gc,phases   ] GC(5392)   Pre Evacuate Collection Set: 0.2ms
[2025-01-08T20:31:30.918+0000][173161.285s][info][gc,phases   ] GC(5392)   Merge Heap Roots: 0.4ms
[2025-01-08T20:31:30.918+0000][173161.285s][info][gc,phases   ] GC(5392)   Evacuate Collection Set: 22.5ms
[2025-01-08T20:31:30.918+0000][173161.285s][info][gc,phases   ] GC(5392)   Post Evacuate Collection Set: 4.5ms
[2025-01-08T20:31:30.918+0000][173161.285s][info][gc,phases   ] GC(5392)   Other: 0.2ms
[2025-01-08T20:31:30.918+0000][173161.285s][info][gc,heap     ] GC(5392) Eden regions: 915->0(912)
[2025-01-08T20:31:30.919+0000][173161.285s][info][gc,heap     ] GC(5392) Survivor regions: 6->9(116)
[2025-01-08T20:31:30.919+0000][173161.285s][info][gc,heap     ] GC(5392) Old regions: 233->233
[2025-01-08T20:31:30.919+0000][173161.285s][info][gc,heap     ] GC(5392) Archive regions: 2->2
[2025-01-08T20:31:30.919+0000][173161.285s][info][gc,heap     ] GC(5392) Humongous regions: 49->49
[2025-01-08T20:31:30.919+0000][173161.285s][info][gc,metaspace] GC(5392) Metaspace: 523616K(533760K)->523616K(533760K) NonClass: 459783K(465024K)->459783K(465024K) Class: 63833K(68736K)->63833K(68736K)
[2025-01-08T20:31:30.919+0000][173161.285s][info][gc          ] GC(5392) Pause Young (Normal) (G1 Evacuation Pause) 9624M->2332M(12288M) 27.886ms
[2025-01-08T20:31:30.919+0000][173161.285s][info][gc,cpu      ] GC(5392) User=0.16s Sys=0.00s Real=0.02s
[2025-01-08T20:31:41.009+0000][173171.375s][info][gc,start    ] GC(5393) Pause Young (Normal) (G1 Evacuation Pause)
[2025-01-08T20:31:41.009+0000][173171.375s][info][gc,task     ] GC(5393) Using 6 workers of 6 for evacuation
[2025-01-08T20:31:41.040+0000][173171.406s][info][gc,phases   ] GC(5393)   Pre Evacuate Collection Set: 0.2ms
[2025-01-08T20:31:41.040+0000][173171.406s][info][gc,phases   ] GC(5393)   Merge Heap Roots: 0.4ms
[2025-01-08T20:31:41.040+0000][173171.406s][info][gc,phases   ] GC(5393)   Evacuate Collection Set: 25.2ms
[2025-01-08T20:31:41.040+0000][173171.406s][info][gc,phases   ] GC(5393)   Post Evacuate Collection Set: 4.7ms
[2025-01-08T20:31:41.040+0000][173171.406s][info][gc,phases   ] GC(5393)   Other: 0.2ms
[2025-01-08T20:31:41.040+0000][173171.406s][info][gc,heap     ] GC(5393) Eden regions: 912->0(913)
[2025-01-08T20:31:41.040+0000][173171.406s][info][gc,heap     ] GC(5393) Survivor regions: 9->8(116)
[2025-01-08T20:31:41.040+0000][173171.406s][info][gc,heap     ] GC(5393) Old regions: 233->233
[2025-01-08T20:31:41.040+0000][173171.406s][info][gc,heap     ] GC(5393) Archive regions: 2->2
[2025-01-08T20:31:41.040+0000][173171.406s][info][gc,heap     ] GC(5393) Humongous regions: 49->49
[2025-01-08T20:31:41.040+0000][173171.406s][info][gc,metaspace] GC(5393) Metaspace: 523617K(533760K)->523617K(533760K) NonClass: 459783K(465024K)->459783K(465024K) Class: 63833K(68736K)->63833K(68736K)
[2025-01-08T20:31:41.040+0000][173171.406s][info][gc          ] GC(5393) Pause Young (Normal) (G1 Evacuation Pause) 9628M->2323M(12288M) 30.832ms
[2025-01-08T20:31:41.040+0000][173171.406s][info][gc,cpu      ] GC(5393) User=0.18s Sys=0.00s Real=0.03s
[2025-01-08T20:31:49.180+0000][173179.546s][info][gc,start    ] GC(5394) Pause Young (Concurrent Start) (G1 Evacuation Pause)
[2025-01-08T20:31:49.180+0000][173179.546s][info][gc,task     ] GC(5394) Using 6 workers of 6 for evacuation
[2025-01-08T20:31:49.217+0000][173179.583s][info][gc,phases   ] GC(5394)   Pre Evacuate Collection Set: 1.1ms
[2025-01-08T20:31:49.217+0000][173179.583s][info][gc,phases   ] GC(5394)   Merge Heap Roots: 0.5ms
[2025-01-08T20:31:49.217+0000][173179.583s][info][gc,phases   ] GC(5394)   Evacuate Collection Set: 33.0ms
[2025-01-08T20:31:49.217+0000][173179.583s][info][gc,phases   ] GC(5394)   Post Evacuate Collection Set: 2.6ms
[2025-01-08T20:31:49.217+0000][173179.583s][info][gc,phases   ] GC(5394)   Other: 0.3ms
[2025-01-08T20:31:49.217+0000][173179.583s][info][gc,heap     ] GC(5394) Eden regions: 913->0(913)
[2025-01-08T20:31:49.217+0000][173179.583s][info][gc,heap     ] GC(5394) Survivor regions: 8->8(116)
[2025-01-08T20:31:49.217+0000][173179.583s][info][gc,heap     ] GC(5394) Old regions: 233->233
[2025-01-08T20:31:49.217+0000][173179.583s][info][gc,heap     ] GC(5394) Archive regions: 2->2
[2025-01-08T20:31:49.217+0000][173179.583s][info][gc,heap     ] GC(5394) Humongous regions: 49->49
[2025-01-08T20:31:49.217+0000][173179.583s][info][gc,metaspace] GC(5394) Metaspace: 523617K(533760K)->523617K(533760K) NonClass: 459783K(465024K)->459783K(465024K) Class: 63833K(68736K)->63833K(68736K)
[2025-01-08T20:31:49.217+0000][173179.583s][info][gc          ] GC(5394) Pause Young (Concurrent Start) (G1 Evacuation Pause) 9627M->2325M(12288M) 37.562ms
[2025-01-08T20:31:49.217+0000][173179.583s][info][gc,cpu      ] GC(5394) User=0.21s Sys=0.00s Real=0.04s
[2025-01-08T20:31:49.217+0000][173179.583s][info][gc          ] GC(5395) Concurrent Mark Cycle
[2025-01-08T20:31:49.217+0000][173179.583s][info][gc,marking  ] GC(5395) Concurrent Clear Claimed Marks
[2025-01-08T20:31:49.218+0000][173179.584s][info][gc,marking  ] GC(5395) Concurrent Clear Claimed Marks 1.050ms
[2025-01-08T20:31:49.218+0000][173179.585s][info][gc,marking  ] GC(5395) Concurrent Scan Root Regions
[2025-01-08T20:31:49.248+0000][173179.614s][info][gc,marking  ] GC(5395) Concurrent Scan Root Regions 29.170ms
[2025-01-08T20:31:49.248+0000][173179.614s][info][gc,marking  ] GC(5395) Concurrent Mark
[2025-01-08T20:31:49.248+0000][173179.614s][info][gc,marking  ] GC(5395) Concurrent Mark From Roots
[2025-01-08T20:31:49.248+0000][173179.614s][info][gc,task     ] GC(5395) Using 2 workers of 2 for marking
[2025-01-08T20:31:50.020+0000][173180.387s][info][gc,marking  ] GC(5395) Concurrent Mark From Roots 772.762ms
[2025-01-08T20:31:50.020+0000][173180.387s][info][gc,marking  ] GC(5395) Concurrent Preclean
[2025-01-08T20:31:50.024+0000][173180.390s][info][gc,marking  ] GC(5395) Concurrent Preclean 3.609ms
[2025-01-08T20:31:50.024+0000][173180.390s][info][gc,start    ] GC(5395) Pause Remark
[2025-01-08T20:31:50.050+0000][173180.416s][info][gc          ] GC(5395) Pause Remark 2921M->2921M(12288M) 25.749ms
[2025-01-08T20:31:50.050+0000][173180.416s][info][gc,cpu      ] GC(5395) User=0.15s Sys=0.00s Real=0.03s
[2025-01-08T20:31:50.050+0000][173180.416s][info][gc,marking  ] GC(5395) Concurrent Mark 802.527ms
[2025-01-08T20:31:50.050+0000][173180.416s][info][gc,marking  ] GC(5395) Concurrent Rebuild Remembered Sets
[2025-01-08T20:31:50.574+0000][173180.940s][info][gc,marking  ] GC(5395) Concurrent Rebuild Remembered Sets 524.089ms
[2025-01-08T20:31:50.574+0000][173180.941s][info][gc,start    ] GC(5395) Pause Cleanup
[2025-01-08T20:31:50.575+0000][173180.941s][info][gc          ] GC(5395) Pause Cleanup 3377M->3377M(12288M) 0.416ms
[2025-01-08T20:31:50.575+0000][173180.941s][info][gc,cpu      ] GC(5395) User=0.00s Sys=0.00s Real=0.00s
[2025-01-08T20:31:50.575+0000][173180.941s][info][gc,marking  ] GC(5395) Concurrent Cleanup for Next Mark
[2025-01-08T20:31:50.591+0000][173180.957s][info][gc,marking  ] GC(5395) Concurrent Cleanup for Next Mark 15.730ms
[2025-01-08T20:31:50.591+0000][173180.957s][info][gc          ] GC(5395) Concurrent Mark Cycle 1373.405ms
[2025-01-08T20:31:58.887+0000][173189.253s][info][gc,start    ] GC(5396) Pause Young (Prepare Mixed) (G1 Evacuation Pause)
[2025-01-08T20:31:58.887+0000][173189.253s][info][gc,task     ] GC(5396) Using 6 workers of 6 for evacuation
[2025-01-08T20:31:58.922+0000][173189.288s][info][gc,phases   ] GC(5396)   Pre Evacuate Collection Set: 0.2ms
[2025-01-08T20:31:58.922+0000][173189.288s][info][gc,phases   ] GC(5396)   Merge Heap Roots: 0.6ms
[2025-01-08T20:31:58.922+0000][173189.288s][info][gc,phases   ] GC(5396)   Evacuate Collection Set: 31.6ms
[2025-01-08T20:31:58.922+0000][173189.288s][info][gc,phases   ] GC(5396)   Post Evacuate Collection Set: 2.6ms
[2025-01-08T20:31:58.922+0000][173189.288s][info][gc,phases   ] GC(5396)   Other: 0.2ms
[2025-01-08T20:31:58.922+0000][173189.288s][info][gc,heap     ] GC(5396) Eden regions: 913->0(67)
[2025-01-08T20:31:58.922+0000][173189.288s][info][gc,heap     ] GC(5396) Survivor regions: 8->9(116)
[2025-01-08T20:31:58.922+0000][173189.288s][info][gc,heap     ] GC(5396) Old regions: 233->233
[2025-01-08T20:31:58.922+0000][173189.288s][info][gc,heap     ] GC(5396) Archive regions: 2->2
[2025-01-08T20:31:58.922+0000][173189.288s][info][gc,heap     ] GC(5396) Humongous regions: 49->49
[2025-01-08T20:31:58.922+0000][173189.288s][info][gc,metaspace] GC(5396) Metaspace: 523617K(533760K)->523617K(533760K) NonClass: 459783K(465024K)->459783K(465024K) Class: 63833K(68736K)->63833K(68736K)
[2025-01-08T20:31:58.922+0000][173189.288s][info][gc          ] GC(5396) Pause Young (Prepare Mixed) (G1 Evacuation Pause) 9629M->2331M(12288M) 35.335ms
[2025-01-08T20:31:58.922+0000][173189.288s][info][gc,cpu      ] GC(5396) User=0.21s Sys=0.00s Real=0.04s
[2025-01-08T20:31:59.607+0000][173189.973s][info][gc,start    ] GC(5397) Pause Young (Mixed) (G1 Evacuation Pause)
[2025-01-08T20:31:59.607+0000][173189.973s][info][gc,task     ] GC(5397) Using 6 workers of 6 for evacuation
[2025-01-08T20:31:59.671+0000][173190.038s][info][gc,phases   ] GC(5397)   Pre Evacuate Collection Set: 0.2ms
[2025-01-08T20:31:59.672+0000][173190.038s][info][gc,phases   ] GC(5397)   Merge Heap Roots: 0.7ms
[2025-01-08T20:31:59.672+0000][173190.038s][info][gc,phases   ] GC(5397)   Evacuate Collection Set: 61.6ms
[2025-01-08T20:31:59.672+0000][173190.038s][info][gc,phases   ] GC(5397)   Post Evacuate Collection Set: 1.7ms
[2025-01-08T20:31:59.672+0000][173190.038s][info][gc,phases   ] GC(5397)   Other: 0.2ms
[2025-01-08T20:31:59.672+0000][173190.038s][info][gc,heap     ] GC(5397) Eden regions: 67->0(915)
[2025-01-08T20:31:59.672+0000][173190.038s][info][gc,heap     ] GC(5397) Survivor regions: 9->6(10)
[2025-01-08T20:31:59.672+0000][173190.038s][info][gc,heap     ] GC(5397) Old regions: 233->232
[2025-01-08T20:31:59.672+0000][173190.038s][info][gc,heap     ] GC(5397) Archive regions: 2->2
[2025-01-08T20:31:59.672+0000][173190.038s][info][gc,heap     ] GC(5397) Humongous regions: 49->49
[2025-01-08T20:31:59.672+0000][173190.038s][info][gc,metaspace] GC(5397) Metaspace: 523617K(533760K)->523617K(533760K) NonClass: 459783K(465024K)->459783K(465024K) Class: 63833K(68736K)->63833K(68736K)
[2025-01-08T20:31:59.672+0000][173190.038s][info][gc          ] GC(5397) Pause Young (Mixed) (G1 Evacuation Pause) 2867M->2300M(12288M) 64.502ms
[2025-01-08T20:31:59.672+0000][173190.038s][info][gc,cpu      ] GC(5397) User=0.37s Sys=0.00s Real=0.07s
[2025-01-08T20:32:05.286+0000][173195.652s][info][gc,start    ] GC(5398) Pause Young (Normal) (G1 Evacuation Pause)
[2025-01-08T20:32:05.286+0000][173195.652s][info][gc,task     ] GC(5398) Using 6 workers of 6 for evacuation
[2025-01-08T20:32:05.317+0000][173195.684s][info][gc,phases   ] GC(5398)   Pre Evacuate Collection Set: 0.2ms
[2025-01-08T20:32:05.317+0000][173195.684s][info][gc,phases   ] GC(5398)   Merge Heap Roots: 0.5ms
[2025-01-08T20:32:05.317+0000][173195.684s][info][gc,phases   ] GC(5398)   Evacuate Collection Set: 28.0ms
[2025-01-08T20:32:05.317+0000][173195.684s][info][gc,phases   ] GC(5398)   Post Evacuate Collection Set: 2.6ms
[2025-01-08T20:32:05.317+0000][173195.684s][info][gc,phases   ] GC(5398)   Other: 0.2ms
[2025-01-08T20:32:05.317+0000][173195.684s][info][gc,heap     ] GC(5398) Eden regions: 915->0(914)
[2025-01-08T20:32:05.318+0000][173195.684s][info][gc,heap     ] GC(5398) Survivor regions: 6->7(116)
[2025-01-08T20:32:05.318+0000][173195.684s][info][gc,heap     ] GC(5398) Old regions: 232->232
[2025-01-08T20:32:05.318+0000][173195.684s][info][gc,heap     ] GC(5398) Archive regions: 2->2
[2025-01-08T20:32:05.318+0000][173195.684s][info][gc,heap     ] GC(5398) Humongous regions: 49->49
[2025-01-08T20:32:05.318+0000][173195.684s][info][gc,metaspace] GC(5398) Metaspace: 523617K(533760K)->523617K(533760K) NonClass: 459783K(465024K)->459783K(465024K) Class: 63833K(68736K)->63833K(68736K)
[2025-01-08T20:32:05.318+0000][173195.684s][info][gc          ] GC(5398) Pause Young (Normal) (G1 Evacuation Pause) 9620M->2306M(12288M) 31.546ms
[2025-01-08T20:32:05.318+0000][173195.684s][info][gc,cpu      ] GC(5398) User=0.19s Sys=0.00s Real=0.03s
[2025-01-08T20:32:13.003+0000][173203.369s][info][gc,start    ] GC(5399) Pause Young (Normal) (G1 Evacuation Pause)
[2025-01-08T20:32:13.003+0000][173203.369s][info][gc,task     ] GC(5399) Using 6 workers of 6 for evacuation
[2025-01-08T20:32:13.038+0000][173203.404s][info][gc,phases   ] GC(5399)   Pre Evacuate Collection Set: 0.2ms
[2025-01-08T20:32:13.038+0000][173203.404s][info][gc,phases   ] GC(5399)   Merge Heap Roots: 0.4ms
[2025-01-08T20:32:13.038+0000][173203.404s][info][gc,phases   ] GC(5399)   Evacuate Collection Set: 31.1ms
[2025-01-08T20:32:13.038+0000][173203.404s][info][gc,phases   ] GC(5399)   Post Evacuate Collection Set: 2.7ms
[2025-01-08T20:32:13.038+0000][173203.404s][info][gc,phases   ] GC(5399)   Other: 0.2ms
[2025-01-08T20:32:13.038+0000][173203.404s][info][gc,heap     ] GC(5399) Eden regions: 914->0(912)
[2025-01-08T20:32:13.038+0000][173203.404s][info][gc,heap     ] GC(5399) Survivor regions: 7->9(116)
[2025-01-08T20:32:13.038+0000][173203.404s][info][gc,heap     ] GC(5399) Old regions: 232->232
[2025-01-08T20:32:13.038+0000][173203.404s][info][gc,heap     ] GC(5399) Archive regions: 2->2
[2025-01-08T20:32:13.038+0000][173203.404s][info][gc,heap     ] GC(5399) Humongous regions: 49->49
[2025-01-08T20:32:13.038+0000][173203.404s][info][gc,metaspace] GC(5399) Metaspace: 523617K(533760K)->523617K(533760K) NonClass: 459783K(465024K)->459783K(465024K) Class: 63833K(68736K)->63833K(68736K)
[2025-01-08T20:32:13.038+0000][173203.404s][info][gc          ] GC(5399) Pause Young (Normal) (G1 Evacuation Pause) 9618M->2322M(12288M) 34.707ms
[2025-01-08T20:32:13.038+0000][173203.404s][info][gc,cpu      ] GC(5399) User=0.20s Sys=0.00s Real=0.03s
[2025-01-08T20:32:20.801+0000][173211.167s][info][gc,start    ] GC(5400) Pause Young (Concurrent Start) (G1 Evacuation Pause)
[2025-01-08T20:32:20.801+0000][173211.167s][info][gc,task     ] GC(5400) Using 6 workers of 6 for evacuation
[2025-01-08T20:32:20.840+0000][173211.206s][info][gc,phases   ] GC(5400)   Pre Evacuate Collection Set: 1.2ms
[2025-01-08T20:32:20.840+0000][173211.206s][info][gc,phases   ] GC(5400)   Merge Heap Roots: 0.4ms
[2025-01-08T20:32:20.840+0000][173211.206s][info][gc,phases   ] GC(5400)   Evacuate Collection Set: 34.0ms
[2025-01-08T20:32:20.840+0000][173211.206s][info][gc,phases   ] GC(5400)   Post Evacuate Collection Set: 2.7ms
[2025-01-08T20:32:20.840+0000][173211.206s][info][gc,phases   ] GC(5400)   Other: 0.3ms
[2025-01-08T20:32:20.840+0000][173211.206s][info][gc,heap     ] GC(5400) Eden regions: 912->0(909)
[2025-01-08T20:32:20.840+0000][173211.206s][info][gc,heap     ] GC(5400) Survivor regions: 9->12(116)
[2025-01-08T20:32:20.840+0000][173211.206s][info][gc,heap     ] GC(5400) Old regions: 232->232
[2025-01-08T20:32:20.840+0000][173211.206s][info][gc,heap     ] GC(5400) Archive regions: 2->2
[2025-01-08T20:32:20.840+0000][173211.206s][info][gc,heap     ] GC(5400) Humongous regions: 49->49
[2025-01-08T20:32:20.840+0000][173211.206s][info][gc,metaspace] GC(5400) Metaspace: 523617K(533760K)->523617K(533760K) NonClass: 459783K(465024K)->459783K(465024K) Class: 63833K(68736K)->63833K(68736K)
[2025-01-08T20:32:20.840+0000][173211.206s][info][gc          ] GC(5400) Pause Young (Concurrent Start) (G1 Evacuation Pause) 9618M->2349M(12288M) 38.765ms
[2025-01-08T20:32:20.840+0000][173211.206s][info][gc,cpu      ] GC(5400) User=0.23s Sys=0.00s Real=0.04s
[2025-01-08T20:32:20.840+0000][173211.206s][info][gc          ] GC(5401) Concurrent Mark Cycle
[2025-01-08T20:32:20.840+0000][173211.206s][info][gc,marking  ] GC(5401) Concurrent Clear Claimed Marks
[2025-01-08T20:32:20.841+0000][173211.207s][info][gc,marking  ] GC(5401) Concurrent Clear Claimed Marks 0.979ms
[2025-01-08T20:32:20.841+0000][173211.207s][info][gc,marking  ] GC(5401) Concurrent Scan Root Regions
[2025-01-08T20:32:20.871+0000][173211.237s][info][gc,marking  ] GC(5401) Concurrent Scan Root Regions 29.559ms
[2025-01-08T20:32:20.871+0000][173211.237s][info][gc,marking  ] GC(5401) Concurrent Mark
[2025-01-08T20:32:20.871+0000][173211.237s][info][gc,marking  ] GC(5401) Concurrent Mark From Roots
[2025-01-08T20:32:20.871+0000][173211.237s][info][gc,task     ] GC(5401) Using 2 workers of 2 for marking
[2025-01-08T20:32:21.877+0000][173212.243s][info][gc,marking  ] GC(5401) Concurrent Mark From Roots 1006.048ms
[2025-01-08T20:32:21.877+0000][173212.243s][info][gc,marking  ] GC(5401) Concurrent Preclean
[2025-01-08T20:32:21.879+0000][173212.245s][info][gc,marking  ] GC(5401) Concurrent Preclean 2.717ms
[2025-01-08T20:32:21.880+0000][173212.246s][info][gc,start    ] GC(5401) Pause Remark
[2025-01-08T20:32:21.905+0000][173212.272s][info][gc          ] GC(5401) Pause Remark 3653M->3653M(12288M) 25.916ms
[2025-01-08T20:32:21.906+0000][173212.272s][info][gc,cpu      ] GC(5401) User=0.15s Sys=0.00s Real=0.03s
[2025-01-08T20:32:21.906+0000][173212.272s][info][gc,marking  ] GC(5401) Concurrent Mark 1035.075ms
[2025-01-08T20:32:21.906+0000][173212.272s][info][gc,marking  ] GC(5401) Concurrent Rebuild Remembered Sets
[2025-01-08T20:32:22.509+0000][173212.875s][info][gc,marking  ] GC(5401) Concurrent Rebuild Remembered Sets 603.047ms
[2025-01-08T20:32:22.509+0000][173212.875s][info][gc,start    ] GC(5401) Pause Cleanup
[2025-01-08T20:32:22.509+0000][173212.875s][info][gc          ] GC(5401) Pause Cleanup 4257M->4257M(12288M) 0.402ms
[2025-01-08T20:32:22.509+0000][173212.875s][info][gc,cpu      ] GC(5401) User=0.00s Sys=0.00s Real=0.00s
[2025-01-08T20:32:22.509+0000][173212.875s][info][gc,marking  ] GC(5401) Concurrent Cleanup for Next Mark
[2025-01-08T20:32:22.525+0000][173212.891s][info][gc,marking  ] GC(5401) Concurrent Cleanup for Next Mark 15.319ms
[2025-01-08T20:32:22.525+0000][173212.891s][info][gc          ] GC(5401) Concurrent Mark Cycle 1684.774ms
[2025-01-08T20:32:29.266+0000][173219.632s][info][gc,start    ] GC(5402) Pause Young (Prepare Mixed) (G1 Evacuation Pause)
[2025-01-08T20:32:29.266+0000][173219.632s][info][gc,task     ] GC(5402) Using 6 workers of 6 for evacuation
[2025-01-08T20:32:29.312+0000][173219.678s][info][gc,phases   ] GC(5402)   Pre Evacuate Collection Set: 0.2ms
[2025-01-08T20:32:29.312+0000][173219.678s][info][gc,phases   ] GC(5402)   Merge Heap Roots: 0.7ms
[2025-01-08T20:32:29.312+0000][173219.678s][info][gc,phases   ] GC(5402)   Evacuate Collection Set: 37.5ms
[2025-01-08T20:32:29.312+0000][173219.678s][info][gc,phases   ] GC(5402)   Post Evacuate Collection Set: 6.7ms
[2025-01-08T20:32:29.312+0000][173219.678s][info][gc,phases   ] GC(5402)   Other: 0.2ms
[2025-01-08T20:32:29.312+0000][173219.678s][info][gc,heap     ] GC(5402) Eden regions: 909->0(64)
[2025-01-08T20:32:29.312+0000][173219.678s][info][gc,heap     ] GC(5402) Survivor regions: 12->12(116)
[2025-01-08T20:32:29.312+0000][173219.678s][info][gc,heap     ] GC(5402) Old regions: 232->232
[2025-01-08T20:32:29.312+0000][173219.678s][info][gc,heap     ] GC(5402) Archive regions: 2->2
[2025-01-08T20:32:29.312+0000][173219.678s][info][gc,heap     ] GC(5402) Humongous regions: 49->49
[2025-01-08T20:32:29.312+0000][173219.678s][info][gc,metaspace] GC(5402) Metaspace: 523617K(533760K)->523617K(533760K) NonClass: 459783K(465024K)->459783K(465024K) Class: 63833K(68736K)->63833K(68736K)
[2025-01-08T20:32:29.312+0000][173219.678s][info][gc          ] GC(5402) Pause Young (Prepare Mixed) (G1 Evacuation Pause) 9621M->2347M(12288M) 45.365ms
[2025-01-08T20:32:29.312+0000][173219.678s][info][gc,cpu      ] GC(5402) User=0.26s Sys=0.00s Real=0.05s
[2025-01-08T20:32:29.699+0000][173220.065s][info][gc,start    ] GC(5403) Pause Young (Mixed) (G1 Evacuation Pause)
[2025-01-08T20:32:29.699+0000][173220.065s][info][gc,task     ] GC(5403) Using 6 workers of 6 for evacuation
[2025-01-08T20:32:29.765+0000][173220.131s][info][gc,phases   ] GC(5403)   Pre Evacuate Collection Set: 0.2ms
[2025-01-08T20:32:29.765+0000][173220.131s][info][gc,phases   ] GC(5403)   Merge Heap Roots: 0.6ms
[2025-01-08T20:32:29.765+0000][173220.131s][info][gc,phases   ] GC(5403)   Evacuate Collection Set: 63.4ms
[2025-01-08T20:32:29.765+0000][173220.131s][info][gc,phases   ] GC(5403)   Post Evacuate Collection Set: 1.8ms
[2025-01-08T20:32:29.765+0000][173220.131s][info][gc,phases   ] GC(5403)   Other: 0.2ms
[2025-01-08T20:32:29.765+0000][173220.131s][info][gc,heap     ] GC(5403) Eden regions: 64->0(917)
[2025-01-08T20:32:29.765+0000][173220.131s][info][gc,heap     ] GC(5403) Survivor regions: 12->4(10)
[2025-01-08T20:32:29.765+0000][173220.131s][info][gc,heap     ] GC(5403) Old regions: 232->236
[2025-01-08T20:32:29.765+0000][173220.131s][info][gc,heap     ] GC(5403) Archive regions: 2->2
[2025-01-08T20:32:29.765+0000][173220.131s][info][gc,heap     ] GC(5403) Humongous regions: 49->49
[2025-01-08T20:32:29.765+0000][173220.131s][info][gc,metaspace] GC(5403) Metaspace: 523617K(533760K)->523617K(533760K) NonClass: 459783K(465024K)->459783K(465024K) Class: 63833K(68736K)->63833K(68736K)
[2025-01-08T20:32:29.765+0000][173220.131s][info][gc          ] GC(5403) Pause Young (Mixed) (G1 Evacuation Pause) 2859M->2311M(12288M) 66.230ms
[2025-01-08T20:32:29.765+0000][173220.131s][info][gc,cpu      ] GC(5403) User=0.38s Sys=0.00s Real=0.07s
[2025-01-08T20:32:33.181+0000][173223.547s][info][gc,start    ] GC(5404) Pause Young (Normal) (G1 Evacuation Pause)
[2025-01-08T20:32:33.181+0000][173223.547s][info][gc,task     ] GC(5404) Using 6 workers of 6 for evacuation
[2025-01-08T20:32:33.202+0000][173223.568s][info][gc,phases   ] GC(5404)   Pre Evacuate Collection Set: 0.2ms
[2025-01-08T20:32:33.202+0000][173223.568s][info][gc,phases   ] GC(5404)   Merge Heap Roots: 0.3ms
[2025-01-08T20:32:33.202+0000][173223.568s][info][gc,phases   ] GC(5404)   Evacuate Collection Set: 17.5ms
[2025-01-08T20:32:33.202+0000][173223.568s][info][gc,phases   ] GC(5404)   Post Evacuate Collection Set: 2.3ms
[2025-01-08T20:32:33.202+0000][173223.568s][info][gc,phases   ] GC(5404)   Other: 0.2ms
[2025-01-08T20:32:33.202+0000][173223.568s][info][gc,heap     ] GC(5404) Eden regions: 917->0(916)
[2025-01-08T20:32:33.202+0000][173223.568s][info][gc,heap     ] GC(5404) Survivor regions: 4->5(116)
[2025-01-08T20:32:33.202+0000][173223.568s][info][gc,heap     ] GC(5404) Old regions: 236->236
[2025-01-08T20:32:33.202+0000][173223.568s][info][gc,heap     ] GC(5404) Archive regions: 2->2
[2025-01-08T20:32:33.202+0000][173223.568s][info][gc,heap     ] GC(5404) Humongous regions: 49->49
[2025-01-08T20:32:33.202+0000][173223.568s][info][gc,metaspace] GC(5404) Metaspace: 523617K(533760K)->523617K(533760K) NonClass: 459783K(465024K)->459783K(465024K) Class: 63833K(68736K)->63833K(68736K)
[2025-01-08T20:32:33.202+0000][173223.568s][info][gc          ] GC(5404) Pause Young (Normal) (G1 Evacuation Pause) 9647M->2316M(12288M) 20.644ms
[2025-01-08T20:32:33.202+0000][173223.568s][info][gc,cpu      ] GC(5404) User=0.12s Sys=0.00s Real=0.03s
[2025-01-08T20:32:38.067+0000][173228.433s][info][gc,start    ] GC(5405) Pause Young (Normal) (G1 Evacuation Pause)
[2025-01-08T20:32:38.067+0000][173228.433s][info][gc,task     ] GC(5405) Using 6 workers of 6 for evacuation
[2025-01-08T20:32:38.090+0000][173228.457s][info][gc,phases   ] GC(5405)   Pre Evacuate Collection Set: 0.2ms
[2025-01-08T20:32:38.090+0000][173228.457s][info][gc,phases   ] GC(5405)   Merge Heap Roots: 0.3ms
[2025-01-08T20:32:38.090+0000][173228.457s][info][gc,phases   ] GC(5405)   Evacuate Collection Set: 18.3ms
[2025-01-08T20:32:38.090+0000][173228.457s][info][gc,phases   ] GC(5405)   Post Evacuate Collection Set: 4.1ms
[2025-01-08T20:32:38.091+0000][173228.457s][info][gc,phases   ] GC(5405)   Other: 0.2ms
[2025-01-08T20:32:38.091+0000][173228.457s][info][gc,heap     ] GC(5405) Eden regions: 916->0(916)
[2025-01-08T20:32:38.091+0000][173228.457s][info][gc,heap     ] GC(5405) Survivor regions: 5->5(116)
[2025-01-08T20:32:38.091+0000][173228.457s][info][gc,heap     ] GC(5405) Old regions: 236->236
[2025-01-08T20:32:38.091+0000][173228.457s][info][gc,heap     ] GC(5405) Archive regions: 2->2
[2025-01-08T20:32:38.091+0000][173228.457s][info][gc,heap     ] GC(5405) Humongous regions: 49->49
[2025-01-08T20:32:38.091+0000][173228.457s][info][gc,metaspace] GC(5405) Metaspace: 523617K(533760K)->523617K(533760K) NonClass: 459783K(465024K)->459783K(465024K) Class: 63833K(68736K)->63833K(68736K)
[2025-01-08T20:32:38.091+0000][173228.457s][info][gc          ] GC(5405) Pause Young (Normal) (G1 Evacuation Pause) 9644M->2322M(12288M) 23.208ms
[2025-01-08T20:32:38.091+0000][173228.457s][info][gc,cpu      ] GC(5405) User=0.14s Sys=0.00s Real=0.03s
[2025-01-08T20:32:42.866+0000][173233.232s][info][gc,start    ] GC(5406) Pause Young (Concurrent Start) (G1 Evacuation Pause)
[2025-01-08T20:32:42.866+0000][173233.232s][info][gc,task     ] GC(5406) Using 6 workers of 6 for evacuation
[2025-01-08T20:32:42.897+0000][173233.263s][info][gc,phases   ] GC(5406)   Pre Evacuate Collection Set: 1.1ms
[2025-01-08T20:32:42.897+0000][173233.263s][info][gc,phases   ] GC(5406)   Merge Heap Roots: 0.4ms
[2025-01-08T20:32:42.897+0000][173233.263s][info][gc,phases   ] GC(5406)   Evacuate Collection Set: 26.5ms
[2025-01-08T20:32:42.897+0000][173233.263s][info][gc,phases   ] GC(5406)   Post Evacuate Collection Set: 2.7ms
[2025-01-08T20:32:42.897+0000][173233.263s][info][gc,phases   ] GC(5406)   Other: 0.3ms
[2025-01-08T20:32:42.897+0000][173233.263s][info][gc,heap     ] GC(5406) Eden regions: 916->0(914)
[2025-01-08T20:32:42.897+0000][173233.263s][info][gc,heap     ] GC(5406) Survivor regions: 5->7(116)
[2025-01-08T20:32:42.897+0000][173233.263s][info][gc,heap     ] GC(5406) Old regions: 236->236
[2025-01-08T20:32:42.897+0000][173233.263s][info][gc,heap     ] GC(5406) Archive regions: 2->2
[2025-01-08T20:32:42.897+0000][173233.263s][info][gc,heap     ] GC(5406) Humongous regions: 49->49
[2025-01-08T20:32:42.897+0000][173233.263s][info][gc,metaspace] GC(5406) Metaspace: 523617K(533760K)->523617K(533760K) NonClass: 459783K(465024K)->459783K(465024K) Class: 63833K(68736K)->63833K(68736K)
[2025-01-08T20:32:42.897+0000][173233.263s][info][gc          ] GC(5406) Pause Young (Concurrent Start) (G1 Evacuation Pause) 9650M->2331M(12288M) 31.096ms
[2025-01-08T20:32:42.897+0000][173233.263s][info][gc,cpu      ] GC(5406) User=0.18s Sys=0.00s Real=0.03s
[2025-01-08T20:32:42.897+0000][173233.263s][info][gc          ] GC(5407) Concurrent Mark Cycle
[2025-01-08T20:32:42.897+0000][173233.263s][info][gc,marking  ] GC(5407) Concurrent Clear Claimed Marks
[2025-01-08T20:32:42.898+0000][173233.264s][info][gc,marking  ] GC(5407) Concurrent Clear Claimed Marks 0.993ms
[2025-01-08T20:32:42.898+0000][173233.264s][info][gc,marking  ] GC(5407) Concurrent Scan Root Regions
[2025-01-08T20:32:42.922+0000][173233.288s][info][gc,marking  ] GC(5407) Concurrent Scan Root Regions 23.582ms
[2025-01-08T20:32:42.922+0000][173233.288s][info][gc,marking  ] GC(5407) Concurrent Mark
[2025-01-08T20:32:42.922+0000][173233.288s][info][gc,marking  ] GC(5407) Concurrent Mark From Roots
[2025-01-08T20:32:42.922+0000][173233.288s][info][gc,task     ] GC(5407) Using 2 workers of 2 for marking
[2025-01-08T20:32:43.972+0000][173234.339s][info][gc,marking  ] GC(5407) Concurrent Mark From Roots 1050.822ms
[2025-01-08T20:32:43.972+0000][173234.339s][info][gc,marking  ] GC(5407) Concurrent Preclean
[2025-01-08T20:32:43.976+0000][173234.342s][info][gc,marking  ] GC(5407) Concurrent Preclean 3.731ms
[2025-01-08T20:32:43.976+0000][173234.342s][info][gc,start    ] GC(5407) Pause Remark
[2025-01-08T20:32:44.002+0000][173234.368s][info][gc          ] GC(5407) Pause Remark 3779M->3779M(12288M) 25.426ms
[2025-01-08T20:32:44.002+0000][173234.368s][info][gc,cpu      ] GC(5407) User=0.14s Sys=0.00s Real=0.03s
[2025-01-08T20:32:44.002+0000][173234.368s][info][gc,marking  ] GC(5407) Concurrent Mark 1080.320ms
[2025-01-08T20:32:44.002+0000][173234.368s][info][gc,marking  ] GC(5407) Concurrent Rebuild Remembered Sets
[2025-01-08T20:32:44.536+0000][173234.902s][info][gc,marking  ] GC(5407) Concurrent Rebuild Remembered Sets 533.635ms
[2025-01-08T20:32:44.536+0000][173234.902s][info][gc,start    ] GC(5407) Pause Cleanup
[2025-01-08T20:32:44.536+0000][173234.902s][info][gc          ] GC(5407) Pause Cleanup 4586M->4586M(12288M) 0.373ms
[2025-01-08T20:32:44.536+0000][173234.902s][info][gc,cpu      ] GC(5407) User=0.00s Sys=0.00s Real=0.00s
[2025-01-08T20:32:44.536+0000][173234.902s][info][gc,marking  ] GC(5407) Concurrent Cleanup for Next Mark
[2025-01-08T20:32:44.552+0000][173234.918s][info][gc,marking  ] GC(5407) Concurrent Cleanup for Next Mark 15.398ms
[2025-01-08T20:32:44.552+0000][173234.918s][info][gc          ] GC(5407) Concurrent Mark Cycle 1654.737ms
[2025-01-08T20:32:48.231+0000][173238.597s][info][gc,start    ] GC(5408) Pause Young (Prepare Mixed) (G1 Evacuation Pause)
[2025-01-08T20:32:48.231+0000][173238.597s][info][gc,task     ] GC(5408) Using 6 workers of 6 for evacuation
[2025-01-08T20:32:48.264+0000][173238.630s][info][gc,phases   ] GC(5408)   Pre Evacuate Collection Set: 0.2ms
[2025-01-08T20:32:48.264+0000][173238.630s][info][gc,phases   ] GC(5408)   Merge Heap Roots: 0.6ms
[2025-01-08T20:32:48.264+0000][173238.630s][info][gc,phases   ] GC(5408)   Evacuate Collection Set: 29.6ms
[2025-01-08T20:32:48.264+0000][173238.630s][info][gc,phases   ] GC(5408)   Post Evacuate Collection Set: 2.6ms
[2025-01-08T20:32:48.264+0000][173238.630s][info][gc,phases   ] GC(5408)   Other: 0.2ms
[2025-01-08T20:32:48.264+0000][173238.630s][info][gc,heap     ] GC(5408) Eden regions: 914->0(68)
[2025-01-08T20:32:48.264+0000][173238.630s][info][gc,heap     ] GC(5408) Survivor regions: 7->8(116)
[2025-01-08T20:32:48.264+0000][173238.630s][info][gc,heap     ] GC(5408) Old regions: 236->236
[2025-01-08T20:32:48.264+0000][173238.630s][info][gc,heap     ] GC(5408) Archive regions: 2->2
[2025-01-08T20:32:48.264+0000][173238.630s][info][gc,heap     ] GC(5408) Humongous regions: 49->49
[2025-01-08T20:32:48.264+0000][173238.630s][info][gc,metaspace] GC(5408) Metaspace: 523617K(533760K)->523617K(533760K) NonClass: 459783K(465024K)->459783K(465024K) Class: 63833K(68736K)->63833K(68736K)
[2025-01-08T20:32:48.264+0000][173238.630s][info][gc          ] GC(5408) Pause Young (Prepare Mixed) (G1 Evacuation Pause) 9643M->2339M(12288M) 33.304ms
[2025-01-08T20:32:48.264+0000][173238.630s][info][gc,cpu      ] GC(5408) User=0.20s Sys=0.00s Real=0.03s
[2025-01-08T20:32:48.634+0000][173239.000s][info][gc,start    ] GC(5409) Pause Young (Mixed) (G1 Evacuation Pause)
[2025-01-08T20:32:48.634+0000][173239.000s][info][gc,task     ] GC(5409) Using 6 workers of 6 for evacuation
[2025-01-08T20:32:48.693+0000][173239.059s][info][gc,phases   ] GC(5409)   Pre Evacuate Collection Set: 0.2ms
[2025-01-08T20:32:48.693+0000][173239.059s][info][gc,phases   ] GC(5409)   Merge Heap Roots: 0.6ms
[2025-01-08T20:32:48.693+0000][173239.059s][info][gc,phases   ] GC(5409)   Evacuate Collection Set: 56.2ms
[2025-01-08T20:32:48.693+0000][173239.059s][info][gc,phases   ] GC(5409)   Post Evacuate Collection Set: 1.9ms
[2025-01-08T20:32:48.693+0000][173239.059s][info][gc,phases   ] GC(5409)   Other: 0.2ms
[2025-01-08T20:32:48.693+0000][173239.059s][info][gc,heap     ] GC(5409) Eden regions: 68->0(917)
[2025-01-08T20:32:48.693+0000][173239.059s][info][gc,heap     ] GC(5409) Survivor regions: 8->4(10)
[2025-01-08T20:32:48.693+0000][173239.059s][info][gc,heap     ] GC(5409) Old regions: 236->236
[2025-01-08T20:32:48.693+0000][173239.059s][info][gc,heap     ] GC(5409) Archive regions: 2->2
[2025-01-08T20:32:48.693+0000][173239.059s][info][gc,heap     ] GC(5409) Humongous regions: 49->49
[2025-01-08T20:32:48.693+0000][173239.059s][info][gc,metaspace] GC(5409) Metaspace: 523617K(533760K)->523617K(533760K) NonClass: 459783K(465024K)->459783K(465024K) Class: 63833K(68736K)->63833K(68736K)
[2025-01-08T20:32:48.693+0000][173239.059s][info][gc          ] GC(5409) Pause Young (Mixed) (G1 Evacuation Pause) 2883M->2312M(12288M) 59.053ms
[2025-01-08T20:32:48.693+0000][173239.059s][info][gc,cpu      ] GC(5409) User=0.33s Sys=0.00s Real=0.06s
[2025-01-08T20:32:55.586+0000][173245.952s][info][gc,start    ] GC(5410) Pause Young (Normal) (G1 Evacuation Pause)
[2025-01-08T20:32:55.586+0000][173245.952s][info][gc,task     ] GC(5410) Using 6 workers of 6 for evacuation
[2025-01-08T20:32:55.607+0000][173245.974s][info][gc,phases   ] GC(5410)   Pre Evacuate Collection Set: 0.2ms
[2025-01-08T20:32:55.608+0000][173245.974s][info][gc,phases   ] GC(5410)   Merge Heap Roots: 0.4ms
[2025-01-08T20:32:55.608+0000][173245.974s][info][gc,phases   ] GC(5410)   Evacuate Collection Set: 17.9ms
[2025-01-08T20:32:55.608+0000][173245.974s][info][gc,phases   ] GC(5410)   Post Evacuate Collection Set: 2.5ms
[2025-01-08T20:32:55.608+0000][173245.974s][info][gc,phases   ] GC(5410)   Other: 0.2ms
[2025-01-08T20:32:55.608+0000][173245.974s][info][gc,heap     ] GC(5410) Eden regions: 917->0(916)
[2025-01-08T20:32:55.608+0000][173245.974s][info][gc,heap     ] GC(5410) Survivor regions: 4->5(116)
[2025-01-08T20:32:55.608+0000][173245.974s][info][gc,heap     ] GC(5410) Old regions: 236->236
[2025-01-08T20:32:55.608+0000][173245.974s][info][gc,heap     ] GC(5410) Archive regions: 2->2
[2025-01-08T20:32:55.608+0000][173245.974s][info][gc,heap     ] GC(5410) Humongous regions: 49->49
[2025-01-08T20:32:55.608+0000][173245.974s][info][gc,metaspace] GC(5410) Metaspace: 523617K(533760K)->523617K(533760K) NonClass: 459783K(465024K)->459783K(465024K) Class: 63833K(68736K)->63833K(68736K)
[2025-01-08T20:32:55.608+0000][173245.974s][info][gc          ] GC(5410) Pause Young (Normal) (G1 Evacuation Pause) 9648M->2318M(12288M) 21.313ms
[2025-01-08T20:32:55.608+0000][173245.974s][info][gc,cpu      ] GC(5410) User=0.12s Sys=0.00s Real=0.02s
[2025-01-08T20:33:04.230+0000][173254.596s][info][gc,start    ] GC(5411) Pause Young (Normal) (G1 Evacuation Pause)
[2025-01-08T20:33:04.230+0000][173254.596s][info][gc,task     ] GC(5411) Using 6 workers of 6 for evacuation
[2025-01-08T20:33:04.259+0000][173254.625s][info][gc,phases   ] GC(5411)   Pre Evacuate Collection Set: 0.2ms
[2025-01-08T20:33:04.259+0000][173254.625s][info][gc,phases   ] GC(5411)   Merge Heap Roots: 0.4ms
[2025-01-08T20:33:04.259+0000][173254.625s][info][gc,phases   ] GC(5411)   Evacuate Collection Set: 25.0ms
[2025-01-08T20:33:04.259+0000][173254.625s][info][gc,phases   ] GC(5411)   Post Evacuate Collection Set: 2.5ms
[2025-01-08T20:33:04.259+0000][173254.625s][info][gc,phases   ] GC(5411)   Other: 0.2ms
[2025-01-08T20:33:04.259+0000][173254.625s][info][gc,heap     ] GC(5411) Eden regions: 916->0(914)
[2025-01-08T20:33:04.259+0000][173254.625s][info][gc,heap     ] GC(5411) Survivor regions: 5->7(116)
[2025-01-08T20:33:04.259+0000][173254.625s][info][gc,heap     ] GC(5411) Old regions: 236->236
[2025-01-08T20:33:04.259+0000][173254.625s][info][gc,heap     ] GC(5411) Archive regions: 2->2
[2025-01-08T20:33:04.259+0000][173254.625s][info][gc,heap     ] GC(5411) Humongous regions: 49->49
[2025-01-08T20:33:04.259+0000][173254.625s][info][gc,metaspace] GC(5411) Metaspace: 523617K(533760K)->523617K(533760K) NonClass: 459783K(465024K)->459783K(465024K) Class: 63833K(68736K)->63833K(68736K)
[2025-01-08T20:33:04.259+0000][173254.625s][info][gc          ] GC(5411) Pause Young (Normal) (G1 Evacuation Pause) 9646M->2337M(12288M) 28.462ms
[2025-01-08T20:33:04.259+0000][173254.625s][info][gc,cpu      ] GC(5411) User=0.16s Sys=0.01s Real=0.02s
[2025-01-08T20:33:13.553+0000][173263.919s][info][gc,start    ] GC(5412) Pause Young (Concurrent Start) (G1 Evacuation Pause)
[2025-01-08T20:33:13.553+0000][173263.919s][info][gc,task     ] GC(5412) Using 6 workers of 6 for evacuation
[2025-01-08T20:33:13.585+0000][173263.951s][info][gc,phases   ] GC(5412)   Pre Evacuate Collection Set: 1.2ms
[2025-01-08T20:33:13.585+0000][173263.951s][info][gc,phases   ] GC(5412)   Merge Heap Roots: 0.4ms
[2025-01-08T20:33:13.585+0000][173263.951s][info][gc,phases   ] GC(5412)   Evacuate Collection Set: 27.8ms
[2025-01-08T20:33:13.585+0000][173263.951s][info][gc,phases   ] GC(5412)   Post Evacuate Collection Set: 2.9ms
[2025-01-08T20:33:13.585+0000][173263.951s][info][gc,phases   ] GC(5412)   Other: 0.3ms
[2025-01-08T20:33:13.585+0000][173263.951s][info][gc,heap     ] GC(5412) Eden regions: 914->0(912)
[2025-01-08T20:33:13.585+0000][173263.951s][info][gc,heap     ] GC(5412) Survivor regions: 7->9(116)
[2025-01-08T20:33:13.585+0000][173263.951s][info][gc,heap     ] GC(5412) Old regions: 236->236
[2025-01-08T20:33:13.585+0000][173263.951s][info][gc,heap     ] GC(5412) Archive regions: 2->2
[2025-01-08T20:33:13.585+0000][173263.951s][info][gc,heap     ] GC(5412) Humongous regions: 49->49
[2025-01-08T20:33:13.585+0000][173263.951s][info][gc,metaspace] GC(5412) Metaspace: 523617K(533760K)->523617K(533760K) NonClass: 459783K(465024K)->459783K(465024K) Class: 63833K(68736K)->63833K(68736K)
[2025-01-08T20:33:13.585+0000][173263.951s][info][gc          ] GC(5412) Pause Young (Concurrent Start) (G1 Evacuation Pause) 9649M->2346M(12288M) 32.635ms
[2025-01-08T20:33:13.585+0000][173263.951s][info][gc,cpu      ] GC(5412) User=0.19s Sys=0.00s Real=0.03s
[2025-01-08T20:33:13.585+0000][173263.951s][info][gc          ] GC(5413) Concurrent Mark Cycle
[2025-01-08T20:33:13.585+0000][173263.951s][info][gc,marking  ] GC(5413) Concurrent Clear Claimed Marks
[2025-01-08T20:33:13.586+0000][173263.952s][info][gc,marking  ] GC(5413) Concurrent Clear Claimed Marks 0.938ms
[2025-01-08T20:33:13.586+0000][173263.952s][info][gc,marking  ] GC(5413) Concurrent Scan Root Regions
[2025-01-08T20:33:13.608+0000][173263.974s][info][gc,marking  ] GC(5413) Concurrent Scan Root Regions 21.433ms
[2025-01-08T20:33:13.608+0000][173263.974s][info][gc,marking  ] GC(5413) Concurrent Mark
[2025-01-08T20:33:13.608+0000][173263.974s][info][gc,marking  ] GC(5413) Concurrent Mark From Roots
[2025-01-08T20:33:13.608+0000][173263.974s][info][gc,task     ] GC(5413) Using 2 workers of 2 for marking
[2025-01-08T20:33:14.344+0000][173264.710s][info][gc,marking  ] GC(5413) Concurrent Mark From Roots 736.677ms
[2025-01-08T20:33:14.344+0000][173264.711s][info][gc,marking  ] GC(5413) Concurrent Preclean
[2025-01-08T20:33:14.347+0000][173264.713s][info][gc,marking  ] GC(5413) Concurrent Preclean 2.675ms
[2025-01-08T20:33:14.347+0000][173264.713s][info][gc,start    ] GC(5413) Pause Remark
[2025-01-08T20:33:14.375+0000][173264.741s][info][gc          ] GC(5413) Pause Remark 2854M->2854M(12288M) 27.900ms
[2025-01-08T20:33:14.375+0000][173264.741s][info][gc,cpu      ] GC(5413) User=0.16s Sys=0.00s Real=0.03s
[2025-01-08T20:33:14.375+0000][173264.741s][info][gc,marking  ] GC(5413) Concurrent Mark 767.587ms
[2025-01-08T20:33:14.375+0000][173264.741s][info][gc,marking  ] GC(5413) Concurrent Rebuild Remembered Sets
[2025-01-08T20:33:14.915+0000][173265.281s][info][gc,marking  ] GC(5413) Concurrent Rebuild Remembered Sets 540.097ms
[2025-01-08T20:33:14.916+0000][173265.282s][info][gc,start    ] GC(5413) Pause Cleanup
[2025-01-08T20:33:14.916+0000][173265.282s][info][gc          ] GC(5413) Pause Cleanup 3366M->3366M(12288M) 0.473ms
[2025-01-08T20:33:14.916+0000][173265.282s][info][gc,cpu      ] GC(5413) User=0.00s Sys=0.00s Real=0.00s
[2025-01-08T20:33:14.916+0000][173265.282s][info][gc,marking  ] GC(5413) Concurrent Cleanup for Next Mark
[2025-01-08T20:33:14.943+0000][173265.309s][info][gc,marking  ] GC(5413) Concurrent Cleanup for Next Mark 26.904ms
[2025-01-08T20:33:14.943+0000][173265.309s][info][gc          ] GC(5413) Concurrent Mark Cycle 1357.850ms
[2025-01-08T20:33:21.603+0000][173271.969s][info][gc,start    ] GC(5414) Pause Young (Prepare Mixed) (G1 Evacuation Pause)
[2025-01-08T20:33:21.603+0000][173271.969s][info][gc,task     ] GC(5414) Using 6 workers of 6 for evacuation
[2025-01-08T20:33:21.642+0000][173272.008s][info][gc,phases   ] GC(5414)   Pre Evacuate Collection Set: 0.2ms
[2025-01-08T20:33:21.642+0000][173272.008s][info][gc,phases   ] GC(5414)   Merge Heap Roots: 0.6ms
[2025-01-08T20:33:21.642+0000][173272.008s][info][gc,phases   ] GC(5414)   Evacuate Collection Set: 32.1ms
[2025-01-08T20:33:21.642+0000][173272.008s][info][gc,phases   ] GC(5414)   Post Evacuate Collection Set: 5.3ms
[2025-01-08T20:33:21.642+0000][173272.008s][info][gc,phases   ] GC(5414)   Other: 0.3ms
[2025-01-08T20:33:21.642+0000][173272.008s][info][gc,heap     ] GC(5414) Eden regions: 912->0(65)
[2025-01-08T20:33:21.642+0000][173272.008s][info][gc,heap     ] GC(5414) Survivor regions: 9->11(116)
[2025-01-08T20:33:21.642+0000][173272.008s][info][gc,heap     ] GC(5414) Old regions: 236->236
[2025-01-08T20:33:21.642+0000][173272.008s][info][gc,heap     ] GC(5414) Archive regions: 2->2
[2025-01-08T20:33:21.642+0000][173272.008s][info][gc,heap     ] GC(5414) Humongous regions: 49->49
[2025-01-08T20:33:21.642+0000][173272.008s][info][gc,metaspace] GC(5414) Metaspace: 523617K(533760K)->523617K(533760K) NonClass: 459783K(465024K)->459783K(465024K) Class: 63833K(68736K)->63833K(68736K)
[2025-01-08T20:33:21.642+0000][173272.008s][info][gc          ] GC(5414) Pause Young (Prepare Mixed) (G1 Evacuation Pause) 9642M->2366M(12288M) 38.536ms
[2025-01-08T20:33:21.642+0000][173272.008s][info][gc,cpu      ] GC(5414) User=0.23s Sys=0.00s Real=0.04s
[2025-01-08T20:33:22.032+0000][173272.399s][info][gc,start    ] GC(5415) Pause Young (Mixed) (G1 Evacuation Pause)
[2025-01-08T20:33:22.032+0000][173272.399s][info][gc,task     ] GC(5415) Using 6 workers of 6 for evacuation
[2025-01-08T20:33:22.074+0000][173272.440s][info][gc,phases   ] GC(5415)   Pre Evacuate Collection Set: 0.2ms
[2025-01-08T20:33:22.074+0000][173272.440s][info][gc,phases   ] GC(5415)   Merge Heap Roots: 0.4ms
[2025-01-08T20:33:22.074+0000][173272.440s][info][gc,phases   ] GC(5415)   Evacuate Collection Set: 38.9ms
[2025-01-08T20:33:22.074+0000][173272.440s][info][gc,phases   ] GC(5415)   Post Evacuate Collection Set: 1.6ms
[2025-01-08T20:33:22.074+0000][173272.440s][info][gc,phases   ] GC(5415)   Other: 0.2ms
[2025-01-08T20:33:22.074+0000][173272.440s][info][gc,heap     ] GC(5415) Eden regions: 65->0(917)
[2025-01-08T20:33:22.074+0000][173272.440s][info][gc,heap     ] GC(5415) Survivor regions: 11->4(10)
[2025-01-08T20:33:22.074+0000][173272.440s][info][gc,heap     ] GC(5415) Old regions: 236->236
[2025-01-08T20:33:22.074+0000][173272.440s][info][gc,heap     ] GC(5415) Archive regions: 2->2
[2025-01-08T20:33:22.074+0000][173272.440s][info][gc,heap     ] GC(5415) Humongous regions: 49->49
[2025-01-08T20:33:22.074+0000][173272.440s][info][gc,metaspace] GC(5415) Metaspace: 523617K(533760K)->523617K(533760K) NonClass: 459783K(465024K)->459783K(465024K) Class: 63833K(68736K)->63833K(68736K)
[2025-01-08T20:33:22.074+0000][173272.440s][info][gc          ] GC(5415) Pause Young (Mixed) (G1 Evacuation Pause) 2886M->2309M(12288M) 41.305ms
[2025-01-08T20:33:22.074+0000][173272.440s][info][gc,cpu      ] GC(5415) User=0.24s Sys=0.00s Real=0.04s
[2025-01-08T20:33:29.320+0000][173279.686s][info][gc,start    ] GC(5416) Pause Young (Normal) (G1 Evacuation Pause)
[2025-01-08T20:33:29.320+0000][173279.686s][info][gc,task     ] GC(5416) Using 6 workers of 6 for evacuation
[2025-01-08T20:33:29.339+0000][173279.705s][info][gc,phases   ] GC(5416)   Pre Evacuate Collection Set: 0.2ms
[2025-01-08T20:33:29.339+0000][173279.705s][info][gc,phases   ] GC(5416)   Merge Heap Roots: 0.4ms
[2025-01-08T20:33:29.339+0000][173279.705s][info][gc,phases   ] GC(5416)   Evacuate Collection Set: 15.8ms
[2025-01-08T20:33:29.339+0000][173279.705s][info][gc,phases   ] GC(5416)   Post Evacuate Collection Set: 2.3ms
[2025-01-08T20:33:29.339+0000][173279.705s][info][gc,phases   ] GC(5416)   Other: 0.2ms
[2025-01-08T20:33:29.339+0000][173279.705s][info][gc,heap     ] GC(5416) Eden regions: 917->0(917)
[2025-01-08T20:33:29.339+0000][173279.705s][info][gc,heap     ] GC(5416) Survivor regions: 4->4(116)
[2025-01-08T20:33:29.339+0000][173279.705s][info][gc,heap     ] GC(5416) Old regions: 236->236
[2025-01-08T20:33:29.339+0000][173279.705s][info][gc,heap     ] GC(5416) Archive regions: 2->2
[2025-01-08T20:33:29.339+0000][173279.705s][info][gc,heap     ] GC(5416) Humongous regions: 49->49
[2025-01-08T20:33:29.339+0000][173279.705s][info][gc,metaspace] GC(5416) Metaspace: 523617K(533760K)->523617K(533760K) NonClass: 459783K(465024K)->459783K(465024K) Class: 63833K(68736K)->63833K(68736K)
[2025-01-08T20:33:29.339+0000][173279.705s][info][gc          ] GC(5416) Pause Young (Normal) (G1 Evacuation Pause) 9645M->2304M(12288M) 18.997ms
[2025-01-08T20:33:29.339+0000][173279.705s][info][gc,cpu      ] GC(5416) User=0.11s Sys=0.00s Real=0.02s
[2025-01-08T20:33:33.904+0000][173284.270s][info][gc,start    ] GC(5417) Pause Young (Normal) (G1 Evacuation Pause)
[2025-01-08T20:33:33.904+0000][173284.270s][info][gc,task     ] GC(5417) Using 6 workers of 6 for evacuation
[2025-01-08T20:33:33.926+0000][173284.292s][info][gc,phases   ] GC(5417)   Pre Evacuate Collection Set: 0.2ms
[2025-01-08T20:33:33.926+0000][173284.292s][info][gc,phases   ] GC(5417)   Merge Heap Roots: 0.4ms
[2025-01-08T20:33:33.926+0000][173284.292s][info][gc,phases   ] GC(5417)   Evacuate Collection Set: 17.7ms
[2025-01-08T20:33:33.926+0000][173284.292s][info][gc,phases   ] GC(5417)   Post Evacuate Collection Set: 3.8ms
[2025-01-08T20:33:33.926+0000][173284.292s][info][gc,phases   ] GC(5417)   Other: 0.2ms
[2025-01-08T20:33:33.926+0000][173284.292s][info][gc,heap     ] GC(5417) Eden regions: 917->0(915)
[2025-01-08T20:33:33.926+0000][173284.292s][info][gc,heap     ] GC(5417) Survivor regions: 4->6(116)
[2025-01-08T20:33:33.926+0000][173284.292s][info][gc,heap     ] GC(5417) Old regions: 236->236
[2025-01-08T20:33:33.926+0000][173284.292s][info][gc,heap     ] GC(5417) Archive regions: 2->2
[2025-01-08T20:33:33.926+0000][173284.292s][info][gc,heap     ] GC(5417) Humongous regions: 49->49
[2025-01-08T20:33:33.926+0000][173284.292s][info][gc,metaspace] GC(5417) Metaspace: 523617K(533760K)->523617K(533760K) NonClass: 459783K(465024K)->459783K(465024K) Class: 63833K(68736K)->63833K(68736K)
[2025-01-08T20:33:33.926+0000][173284.292s][info][gc          ] GC(5417) Pause Young (Normal) (G1 Evacuation Pause) 9640M->2325M(12288M) 22.320ms
[2025-01-08T20:33:33.926+0000][173284.292s][info][gc,cpu      ] GC(5417) User=0.13s Sys=0.00s Real=0.02s
[2025-01-08T20:33:38.672+0000][173289.038s][info][gc,start    ] GC(5418) Pause Young (Concurrent Start) (G1 Evacuation Pause)
[2025-01-08T20:33:38.672+0000][173289.038s][info][gc,task     ] GC(5418) Using 6 workers of 6 for evacuation
[2025-01-08T20:33:38.695+0000][173289.061s][info][gc,phases   ] GC(5418)   Pre Evacuate Collection Set: 1.1ms
[2025-01-08T20:33:38.695+0000][173289.061s][info][gc,phases   ] GC(5418)   Merge Heap Roots: 0.4ms
[2025-01-08T20:33:38.695+0000][173289.061s][info][gc,phases   ] GC(5418)   Evacuate Collection Set: 18.8ms
[2025-01-08T20:33:38.695+0000][173289.061s][info][gc,phases   ] GC(5418)   Post Evacuate Collection Set: 2.3ms
[2025-01-08T20:33:38.695+0000][173289.061s][info][gc,phases   ] GC(5418)   Other: 0.3ms
[2025-01-08T20:33:38.695+0000][173289.061s][info][gc,heap     ] GC(5418) Eden regions: 915->0(916)
[2025-01-08T20:33:38.695+0000][173289.061s][info][gc,heap     ] GC(5418) Survivor regions: 6->5(116)
[2025-01-08T20:33:38.695+0000][173289.061s][info][gc,heap     ] GC(5418) Old regions: 236->236
[2025-01-08T20:33:38.695+0000][173289.061s][info][gc,heap     ] GC(5418) Archive regions: 2->2
[2025-01-08T20:33:38.695+0000][173289.061s][info][gc,heap     ] GC(5418) Humongous regions: 49->49
[2025-01-08T20:33:38.695+0000][173289.061s][info][gc,metaspace] GC(5418) Metaspace: 523617K(533760K)->523617K(533760K) NonClass: 459783K(465024K)->459783K(465024K) Class: 63833K(68736K)->63833K(68736K)
[2025-01-08T20:33:38.695+0000][173289.061s][info][gc          ] GC(5418) Pause Young (Concurrent Start) (G1 Evacuation Pause) 9645M->2314M(12288M) 22.951ms
[2025-01-08T20:33:38.695+0000][173289.061s][info][gc,cpu      ] GC(5418) User=0.13s Sys=0.00s Real=0.02s
[2025-01-08T20:33:38.695+0000][173289.061s][info][gc          ] GC(5419) Concurrent Mark Cycle
[2025-01-08T20:33:38.695+0000][173289.061s][info][gc,marking  ] GC(5419) Concurrent Clear Claimed Marks
[2025-01-08T20:33:38.696+0000][173289.062s][info][gc,marking  ] GC(5419) Concurrent Clear Claimed Marks 0.931ms
[2025-01-08T20:33:38.696+0000][173289.062s][info][gc,marking  ] GC(5419) Concurrent Scan Root Regions
[2025-01-08T20:33:38.712+0000][173289.078s][info][gc,marking  ] GC(5419) Concurrent Scan Root Regions 16.336ms
[2025-01-08T20:33:38.712+0000][173289.078s][info][gc,marking  ] GC(5419) Concurrent Mark
[2025-01-08T20:33:38.712+0000][173289.078s][info][gc,marking  ] GC(5419) Concurrent Mark From Roots
[2025-01-08T20:33:38.712+0000][173289.078s][info][gc,task     ] GC(5419) Using 2 workers of 2 for marking
[2025-01-08T20:33:39.703+0000][173290.069s][info][gc,marking  ] GC(5419) Concurrent Mark From Roots 990.794ms
[2025-01-08T20:33:39.703+0000][173290.069s][info][gc,marking  ] GC(5419) Concurrent Preclean
[2025-01-08T20:33:39.707+0000][173290.073s][info][gc,marking  ] GC(5419) Concurrent Preclean 3.763ms
[2025-01-08T20:33:39.707+0000][173290.073s][info][gc,start    ] GC(5419) Pause Remark
[2025-01-08T20:33:39.732+0000][173290.098s][info][gc          ] GC(5419) Pause Remark 3750M->3750M(12288M) 25.363ms
[2025-01-08T20:33:39.732+0000][173290.099s][info][gc,cpu      ] GC(5419) User=0.15s Sys=0.00s Real=0.03s
[2025-01-08T20:33:39.733+0000][173290.099s][info][gc,marking  ] GC(5419) Concurrent Mark 1020.287ms
[2025-01-08T20:33:39.733+0000][173290.099s][info][gc,marking  ] GC(5419) Concurrent Rebuild Remembered Sets
[2025-01-08T20:33:40.433+0000][173290.799s][info][gc,marking  ] GC(5419) Concurrent Rebuild Remembered Sets 700.571ms
[2025-01-08T20:33:40.433+0000][173290.799s][info][gc,start    ] GC(5419) Pause Cleanup
[2025-01-08T20:33:40.434+0000][173290.800s][info][gc          ] GC(5419) Pause Cleanup 4853M->4853M(12288M) 0.474ms
[2025-01-08T20:33:40.434+0000][173290.800s][info][gc,cpu      ] GC(5419) User=0.00s Sys=0.00s Real=0.00s
[2025-01-08T20:33:40.434+0000][173290.800s][info][gc,marking  ] GC(5419) Concurrent Cleanup for Next Mark
[2025-01-08T20:33:40.450+0000][173290.816s][info][gc,marking  ] GC(5419) Concurrent Cleanup for Next Mark 16.439ms
[2025-01-08T20:33:40.450+0000][173290.816s][info][gc          ] GC(5419) Concurrent Mark Cycle 1755.458ms
[2025-01-08T20:33:43.331+0000][173293.697s][info][gc,start    ] GC(5420) Pause Young (Prepare Mixed) (G1 Evacuation Pause)
[2025-01-08T20:33:43.331+0000][173293.697s][info][gc,task     ] GC(5420) Using 6 workers of 6 for evacuation
[2025-01-08T20:33:43.359+0000][173293.725s][info][gc,phases   ] GC(5420)   Pre Evacuate Collection Set: 0.2ms
[2025-01-08T20:33:43.359+0000][173293.725s][info][gc,phases   ] GC(5420)   Merge Heap Roots: 0.6ms
[2025-01-08T20:33:43.359+0000][173293.725s][info][gc,phases   ] GC(5420)   Evacuate Collection Set: 24.6ms
[2025-01-08T20:33:43.359+0000][173293.725s][info][gc,phases   ] GC(5420)   Post Evacuate Collection Set: 2.5ms
[2025-01-08T20:33:43.359+0000][173293.725s][info][gc,phases   ] GC(5420)   Other: 0.2ms
[2025-01-08T20:33:43.359+0000][173293.725s][info][gc,heap     ] GC(5420) Eden regions: 916->0(69)
[2025-01-08T20:33:43.359+0000][173293.725s][info][gc,heap     ] GC(5420) Survivor regions: 5->7(116)
[2025-01-08T20:33:43.359+0000][173293.725s][info][gc,heap     ] GC(5420) Old regions: 236->236
[2025-01-08T20:33:43.359+0000][173293.725s][info][gc,heap     ] GC(5420) Archive regions: 2->2
[2025-01-08T20:33:43.359+0000][173293.725s][info][gc,heap     ] GC(5420) Humongous regions: 49->49
[2025-01-08T20:33:43.359+0000][173293.725s][info][gc,metaspace] GC(5420) Metaspace: 523617K(533760K)->523617K(533760K) NonClass: 459783K(465024K)->459783K(465024K) Class: 63833K(68736K)->63833K(68736K)
[2025-01-08T20:33:43.359+0000][173293.725s][info][gc          ] GC(5420) Pause Young (Prepare Mixed) (G1 Evacuation Pause) 9642M->2331M(12288M) 28.287ms
[2025-01-08T20:33:43.359+0000][173293.725s][info][gc,cpu      ] GC(5420) User=0.16s Sys=0.00s Real=0.02s
[2025-01-08T20:33:43.625+0000][173293.991s][info][gc,start    ] GC(5421) Pause Young (Mixed) (G1 Evacuation Pause)
[2025-01-08T20:33:43.625+0000][173293.991s][info][gc,task     ] GC(5421) Using 6 workers of 6 for evacuation
[2025-01-08T20:33:43.680+0000][173294.046s][info][gc,phases   ] GC(5421)   Pre Evacuate Collection Set: 0.2ms
[2025-01-08T20:33:43.680+0000][173294.046s][info][gc,phases   ] GC(5421)   Merge Heap Roots: 0.6ms
[2025-01-08T20:33:43.680+0000][173294.046s][info][gc,phases   ] GC(5421)   Evacuate Collection Set: 52.3ms
[2025-01-08T20:33:43.680+0000][173294.046s][info][gc,phases   ] GC(5421)   Post Evacuate Collection Set: 1.7ms
[2025-01-08T20:33:43.680+0000][173294.046s][info][gc,phases   ] GC(5421)   Other: 0.2ms
[2025-01-08T20:33:43.680+0000][173294.046s][info][gc,heap     ] GC(5421) Eden regions: 69->0(915)
[2025-01-08T20:33:43.680+0000][173294.046s][info][gc,heap     ] GC(5421) Survivor regions: 7->6(10)
[2025-01-08T20:33:43.680+0000][173294.046s][info][gc,heap     ] GC(5421) Old regions: 236->233
[2025-01-08T20:33:43.680+0000][173294.046s][info][gc,heap     ] GC(5421) Archive regions: 2->2
[2025-01-08T20:33:43.680+0000][173294.046s][info][gc,heap     ] GC(5421) Humongous regions: 49->49
[2025-01-08T20:33:43.680+0000][173294.046s][info][gc,metaspace] GC(5421) Metaspace: 523617K(533760K)->523617K(533760K) NonClass: 459783K(465024K)->459783K(465024K) Class: 63833K(68736K)->63833K(68736K)
[2025-01-08T20:33:43.680+0000][173294.046s][info][gc          ] GC(5421) Pause Young (Mixed) (G1 Evacuation Pause) 2883M->2296M(12288M) 55.019ms
[2025-01-08T20:33:43.680+0000][173294.046s][info][gc,cpu      ] GC(5421) User=0.31s Sys=0.00s Real=0.05s
[2025-01-08T20:33:49.654+0000][173300.020s][info][gc,start    ] GC(5422) Pause Young (Normal) (G1 Evacuation Pause)
[2025-01-08T20:33:49.654+0000][173300.020s][info][gc,task     ] GC(5422) Using 6 workers of 6 for evacuation
[2025-01-08T20:33:49.681+0000][173300.047s][info][gc,phases   ] GC(5422)   Pre Evacuate Collection Set: 0.2ms
[2025-01-08T20:33:49.681+0000][173300.047s][info][gc,phases   ] GC(5422)   Merge Heap Roots: 0.4ms
[2025-01-08T20:33:49.681+0000][173300.047s][info][gc,phases   ] GC(5422)   Evacuate Collection Set: 23.2ms
[2025-01-08T20:33:49.681+0000][173300.047s][info][gc,phases   ] GC(5422)   Post Evacuate Collection Set: 2.5ms
[2025-01-08T20:33:49.681+0000][173300.047s][info][gc,phases   ] GC(5422)   Other: 0.2ms
[2025-01-08T20:33:49.681+0000][173300.047s][info][gc,heap     ] GC(5422) Eden regions: 915->0(914)
[2025-01-08T20:33:49.681+0000][173300.047s][info][gc,heap     ] GC(5422) Survivor regions: 6->7(116)
[2025-01-08T20:33:49.681+0000][173300.047s][info][gc,heap     ] GC(5422) Old regions: 233->233
[2025-01-08T20:33:49.681+0000][173300.047s][info][gc,heap     ] GC(5422) Archive regions: 2->2
[2025-01-08T20:33:49.681+0000][173300.047s][info][gc,heap     ] GC(5422) Humongous regions: 49->49
[2025-01-08T20:33:49.681+0000][173300.047s][info][gc,metaspace] GC(5422) Metaspace: 523617K(533760K)->523617K(533760K) NonClass: 459783K(465024K)->459783K(465024K) Class: 63833K(68736K)->63833K(68736K)
[2025-01-08T20:33:49.681+0000][173300.047s][info][gc          ] GC(5422) Pause Young (Normal) (G1 Evacuation Pause) 9616M->2307M(12288M) 26.672ms
[2025-01-08T20:33:49.681+0000][173300.047s][info][gc,cpu      ] GC(5422) User=0.15s Sys=0.00s Real=0.02s
[2025-01-08T20:33:59.461+0000][173309.827s][info][gc,start    ] GC(5423) Pause Young (Normal) (G1 Evacuation Pause)
[2025-01-08T20:33:59.461+0000][173309.827s][info][gc,task     ] GC(5423) Using 6 workers of 6 for evacuation
[2025-01-08T20:33:59.493+0000][173309.859s][info][gc,phases   ] GC(5423)   Pre Evacuate Collection Set: 0.2ms
[2025-01-08T20:33:59.493+0000][173309.859s][info][gc,phases   ] GC(5423)   Merge Heap Roots: 0.5ms
[2025-01-08T20:33:59.493+0000][173309.859s][info][gc,phases   ] GC(5423)   Evacuate Collection Set: 28.9ms
[2025-01-08T20:33:59.493+0000][173309.859s][info][gc,phases   ] GC(5423)   Post Evacuate Collection Set: 2.5ms
[2025-01-08T20:33:59.493+0000][173309.859s][info][gc,phases   ] GC(5423)   Other: 0.2ms
[2025-01-08T20:33:59.493+0000][173309.859s][info][gc,heap     ] GC(5423) Eden regions: 914->0(912)
[2025-01-08T20:33:59.493+0000][173309.859s][info][gc,heap     ] GC(5423) Survivor regions: 7->9(116)
[2025-01-08T20:33:59.493+0000][173309.859s][info][gc,heap     ] GC(5423) Old regions: 233->233
[2025-01-08T20:33:59.493+0000][173309.859s][info][gc,heap     ] GC(5423) Archive regions: 2->2
[2025-01-08T20:33:59.493+0000][173309.859s][info][gc,heap     ] GC(5423) Humongous regions: 49->49
[2025-01-08T20:33:59.493+0000][173309.859s][info][gc,metaspace] GC(5423) Metaspace: 523617K(533760K)->523617K(533760K) NonClass: 459783K(465024K)->459783K(465024K) Class: 63833K(68736K)->63833K(68736K)
[2025-01-08T20:33:59.493+0000][173309.859s][info][gc          ] GC(5423) Pause Young (Normal) (G1 Evacuation Pause) 9619M->2322M(12288M) 32.453ms
[2025-01-08T20:33:59.493+0000][173309.859s][info][gc,cpu      ] GC(5423) User=0.19s Sys=0.00s Real=0.04s
[2025-01-08T20:34:08.759+0000][173319.126s][info][gc,start    ] GC(5424) Pause Young (Concurrent Start) (G1 Evacuation Pause)
[2025-01-08T20:34:08.760+0000][173319.126s][info][gc,task     ] GC(5424) Using 6 workers of 6 for evacuation
[2025-01-08T20:34:08.796+0000][173319.162s][info][gc,phases   ] GC(5424)   Pre Evacuate Collection Set: 1.1ms
[2025-01-08T20:34:08.796+0000][173319.162s][info][gc,phases   ] GC(5424)   Merge Heap Roots: 0.5ms
[2025-01-08T20:34:08.796+0000][173319.162s][info][gc,phases   ] GC(5424)   Evacuate Collection Set: 32.2ms
[2025-01-08T20:34:08.796+0000][173319.162s][info][gc,phases   ] GC(5424)   Post Evacuate Collection Set: 2.5ms
[2025-01-08T20:34:08.796+0000][173319.162s][info][gc,phases   ] GC(5424)   Other: 0.3ms
[2025-01-08T20:34:08.796+0000][173319.162s][info][gc,heap     ] GC(5424) Eden regions: 912->0(912)
[2025-01-08T20:34:08.796+0000][173319.162s][info][gc,heap     ] GC(5424) Survivor regions: 9->9(116)
[2025-01-08T20:34:08.796+0000][173319.162s][info][gc,heap     ] GC(5424) Old regions: 233->233
[2025-01-08T20:34:08.796+0000][173319.162s][info][gc,heap     ] GC(5424) Archive regions: 2->2
[2025-01-08T20:34:08.796+0000][173319.162s][info][gc,heap     ] GC(5424) Humongous regions: 49->49
[2025-01-08T20:34:08.796+0000][173319.162s][info][gc,metaspace] GC(5424) Metaspace: 523617K(533760K)->523617K(533760K) NonClass: 459783K(465024K)->459783K(465024K) Class: 63833K(68736K)->63833K(68736K)
[2025-01-08T20:34:08.796+0000][173319.162s][info][gc          ] GC(5424) Pause Young (Concurrent Start) (G1 Evacuation Pause) 9618M->2326M(12288M) 36.664ms
[2025-01-08T20:34:08.796+0000][173319.162s][info][gc,cpu      ] GC(5424) User=0.21s Sys=0.01s Real=0.04s
[2025-01-08T20:34:08.796+0000][173319.162s][info][gc          ] GC(5425) Concurrent Mark Cycle
[2025-01-08T20:34:08.796+0000][173319.162s][info][gc,marking  ] GC(5425) Concurrent Clear Claimed Marks
[2025-01-08T20:34:08.797+0000][173319.163s][info][gc,marking  ] GC(5425) Concurrent Clear Claimed Marks 0.955ms
[2025-01-08T20:34:08.797+0000][173319.163s][info][gc,marking  ] GC(5425) Concurrent Scan Root Regions
[2025-01-08T20:34:08.826+0000][173319.192s][info][gc,marking  ] GC(5425) Concurrent Scan Root Regions 28.626ms
[2025-01-08T20:34:08.826+0000][173319.192s][info][gc,marking  ] GC(5425) Concurrent Mark
[2025-01-08T20:34:08.826+0000][173319.192s][info][gc,marking  ] GC(5425) Concurrent Mark From Roots
[2025-01-08T20:34:08.826+0000][173319.192s][info][gc,task     ] GC(5425) Using 2 workers of 2 for marking
[2025-01-08T20:34:09.717+0000][173320.083s][info][gc,marking  ] GC(5425) Concurrent Mark From Roots 891.361ms
[2025-01-08T20:34:09.717+0000][173320.083s][info][gc,marking  ] GC(5425) Concurrent Preclean
[2025-01-08T20:34:09.721+0000][173320.087s][info][gc,marking  ] GC(5425) Concurrent Preclean 3.551ms
[2025-01-08T20:34:09.721+0000][173320.087s][info][gc,start    ] GC(5425) Pause Remark
[2025-01-08T20:34:09.747+0000][173320.113s][info][gc          ] GC(5425) Pause Remark 3014M->3014M(12288M) 25.625ms
[2025-01-08T20:34:09.747+0000][173320.113s][info][gc,cpu      ] GC(5425) User=0.14s Sys=0.00s Real=0.03s
[2025-01-08T20:34:09.747+0000][173320.113s][info][gc,marking  ] GC(5425) Concurrent Mark 920.875ms
[2025-01-08T20:34:09.747+0000][173320.113s][info][gc,marking  ] GC(5425) Concurrent Rebuild Remembered Sets
[2025-01-08T20:34:10.345+0000][173320.711s][info][gc,marking  ] GC(5425) Concurrent Rebuild Remembered Sets 598.311ms
[2025-01-08T20:34:10.345+0000][173320.711s][info][gc,start    ] GC(5425) Pause Cleanup
[2025-01-08T20:34:10.346+0000][173320.712s][info][gc          ] GC(5425) Pause Cleanup 3558M->3558M(12288M) 0.444ms
[2025-01-08T20:34:10.346+0000][173320.712s][info][gc,cpu      ] GC(5425) User=0.00s Sys=0.00s Real=0.00s
[2025-01-08T20:34:10.346+0000][173320.712s][info][gc,marking  ] GC(5425) Concurrent Cleanup for Next Mark
[2025-01-08T20:34:10.361+0000][173320.728s][info][gc,marking  ] GC(5425) Concurrent Cleanup for Next Mark 15.586ms
[2025-01-08T20:34:10.361+0000][173320.728s][info][gc          ] GC(5425) Concurrent Mark Cycle 1565.269ms
[2025-01-08T20:34:19.467+0000][173329.833s][info][gc,start    ] GC(5426) Pause Young (Prepare Mixed) (G1 Evacuation Pause)
[2025-01-08T20:34:19.467+0000][173329.833s][info][gc,task     ] GC(5426) Using 6 workers of 6 for evacuation
[2025-01-08T20:34:19.511+0000][173329.877s][info][gc,phases   ] GC(5426)   Pre Evacuate Collection Set: 0.2ms
[2025-01-08T20:34:19.511+0000][173329.877s][info][gc,phases   ] GC(5426)   Merge Heap Roots: 0.8ms
[2025-01-08T20:34:19.511+0000][173329.877s][info][gc,phases   ] GC(5426)   Evacuate Collection Set: 37.3ms
[2025-01-08T20:34:19.511+0000][173329.877s][info][gc,phases   ] GC(5426)   Post Evacuate Collection Set: 5.5ms
[2025-01-08T20:34:19.511+0000][173329.877s][info][gc,phases   ] GC(5426)   Other: 0.2ms
[2025-01-08T20:34:19.511+0000][173329.877s][info][gc,heap     ] GC(5426) Eden regions: 912->0(63)
[2025-01-08T20:34:19.511+0000][173329.877s][info][gc,heap     ] GC(5426) Survivor regions: 9->13(116)
[2025-01-08T20:34:19.511+0000][173329.877s][info][gc,heap     ] GC(5426) Old regions: 233->233
[2025-01-08T20:34:19.511+0000][173329.877s][info][gc,heap     ] GC(5426) Archive regions: 2->2
[2025-01-08T20:34:19.511+0000][173329.877s][info][gc,heap     ] GC(5426) Humongous regions: 49->49
[2025-01-08T20:34:19.511+0000][173329.877s][info][gc,metaspace] GC(5426) Metaspace: 523617K(533760K)->523617K(533760K) NonClass: 459783K(465024K)->459783K(465024K) Class: 63833K(68736K)->63833K(68736K)
[2025-01-08T20:34:19.511+0000][173329.877s][info][gc          ] GC(5426) Pause Young (Prepare Mixed) (G1 Evacuation Pause) 9622M->2355M(12288M) 44.143ms
[2025-01-08T20:34:19.511+0000][173329.877s][info][gc,cpu      ] GC(5426) User=0.26s Sys=0.00s Real=0.05s
[2025-01-08T20:34:20.211+0000][173330.577s][info][gc,start    ] GC(5427) Pause Young (Mixed) (G1 Evacuation Pause)
[2025-01-08T20:34:20.211+0000][173330.577s][info][gc,task     ] GC(5427) Using 6 workers of 6 for evacuation
[2025-01-08T20:34:20.276+0000][173330.643s][info][gc,phases   ] GC(5427)   Pre Evacuate Collection Set: 0.2ms
[2025-01-08T20:34:20.277+0000][173330.643s][info][gc,phases   ] GC(5427)   Merge Heap Roots: 0.7ms
[2025-01-08T20:34:20.277+0000][173330.643s][info][gc,phases   ] GC(5427)   Evacuate Collection Set: 62.5ms
[2025-01-08T20:34:20.277+0000][173330.643s][info][gc,phases   ] GC(5427)   Post Evacuate Collection Set: 1.7ms
[2025-01-08T20:34:20.277+0000][173330.643s][info][gc,phases   ] GC(5427)   Other: 0.2ms
[2025-01-08T20:34:20.277+0000][173330.643s][info][gc,heap     ] GC(5427) Eden regions: 63->0(916)
[2025-01-08T20:34:20.277+0000][173330.643s][info][gc,heap     ] GC(5427) Survivor regions: 13->5(10)
[2025-01-08T20:34:20.277+0000][173330.643s][info][gc,heap     ] GC(5427) Old regions: 233->235
[2025-01-08T20:34:20.277+0000][173330.643s][info][gc,heap     ] GC(5427) Archive regions: 2->2
[2025-01-08T20:34:20.277+0000][173330.643s][info][gc,heap     ] GC(5427) Humongous regions: 49->49
[2025-01-08T20:34:20.277+0000][173330.643s][info][gc,metaspace] GC(5427) Metaspace: 523617K(533760K)->523617K(533760K) NonClass: 459783K(465024K)->459783K(465024K) Class: 63833K(68736K)->63833K(68736K)
[2025-01-08T20:34:20.277+0000][173330.643s][info][gc          ] GC(5427) Pause Young (Mixed) (G1 Evacuation Pause) 2859M->2306M(12288M) 65.282ms
[2025-01-08T20:34:20.277+0000][173330.643s][info][gc,cpu      ] GC(5427) User=0.38s Sys=0.00s Real=0.06s
[2025-01-08T20:34:30.135+0000][173340.501s][info][gc,start    ] GC(5428) Pause Young (Normal) (G1 Evacuation Pause)
[2025-01-08T20:34:30.135+0000][173340.501s][info][gc,task     ] GC(5428) Using 6 workers of 6 for evacuation
[2025-01-08T20:34:30.161+0000][173340.527s][info][gc,phases   ] GC(5428)   Pre Evacuate Collection Set: 0.2ms
[2025-01-08T20:34:30.161+0000][173340.527s][info][gc,phases   ] GC(5428)   Merge Heap Roots: 0.4ms
[2025-01-08T20:34:30.161+0000][173340.527s][info][gc,phases   ] GC(5428)   Evacuate Collection Set: 20.8ms
[2025-01-08T20:34:30.161+0000][173340.527s][info][gc,phases   ] GC(5428)   Post Evacuate Collection Set: 3.9ms
[2025-01-08T20:34:30.161+0000][173340.527s][info][gc,phases   ] GC(5428)   Other: 0.2ms
[2025-01-08T20:34:30.161+0000][173340.527s][info][gc,heap     ] GC(5428) Eden regions: 916->0(915)
[2025-01-08T20:34:30.161+0000][173340.527s][info][gc,heap     ] GC(5428) Survivor regions: 5->6(116)
[2025-01-08T20:34:30.161+0000][173340.527s][info][gc,heap     ] GC(5428) Old regions: 235->235
[2025-01-08T20:34:30.161+0000][173340.527s][info][gc,heap     ] GC(5428) Archive regions: 2->2
[2025-01-08T20:34:30.161+0000][173340.527s][info][gc,heap     ] GC(5428) Humongous regions: 49->49
[2025-01-08T20:34:30.161+0000][173340.527s][info][gc,metaspace] GC(5428) Metaspace: 523617K(533760K)->523617K(533760K) NonClass: 459783K(465024K)->459783K(465024K) Class: 63833K(68736K)->63833K(68736K)
[2025-01-08T20:34:30.161+0000][173340.527s][info][gc          ] GC(5428) Pause Young (Normal) (G1 Evacuation Pause) 9634M->2315M(12288M) 25.561ms
[2025-01-08T20:34:30.161+0000][173340.527s][info][gc,cpu      ] GC(5428) User=0.15s Sys=0.00s Real=0.02s
[2025-01-08T20:34:37.606+0000][173347.972s][info][gc,start    ] GC(5429) Pause Young (Normal) (G1 Evacuation Pause)
[2025-01-08T20:34:37.606+0000][173347.972s][info][gc,task     ] GC(5429) Using 6 workers of 6 for evacuation
[2025-01-08T20:34:37.633+0000][173347.999s][info][gc,phases   ] GC(5429)   Pre Evacuate Collection Set: 0.2ms
[2025-01-08T20:34:37.633+0000][173347.999s][info][gc,phases   ] GC(5429)   Merge Heap Roots: 0.4ms
[2025-01-08T20:34:37.633+0000][173347.999s][info][gc,phases   ] GC(5429)   Evacuate Collection Set: 23.4ms
[2025-01-08T20:34:37.633+0000][173347.999s][info][gc,phases   ] GC(5429)   Post Evacuate Collection Set: 2.5ms
[2025-01-08T20:34:37.633+0000][173347.999s][info][gc,phases   ] GC(5429)   Other: 0.2ms
[2025-01-08T20:34:37.633+0000][173347.999s][info][gc,heap     ] GC(5429) Eden regions: 915->0(914)
[2025-01-08T20:34:37.633+0000][173347.999s][info][gc,heap     ] GC(5429) Survivor regions: 6->7(116)
[2025-01-08T20:34:37.633+0000][173347.999s][info][gc,heap     ] GC(5429) Old regions: 235->235
[2025-01-08T20:34:37.633+0000][173347.999s][info][gc,heap     ] GC(5429) Archive regions: 2->2
[2025-01-08T20:34:37.633+0000][173347.999s][info][gc,heap     ] GC(5429) Humongous regions: 49->49
[2025-01-08T20:34:37.633+0000][173347.999s][info][gc,metaspace] GC(5429) Metaspace: 523617K(533760K)->523617K(533760K) NonClass: 459783K(465024K)->459783K(465024K) Class: 63833K(68736K)->63833K(68736K)
[2025-01-08T20:34:37.633+0000][173347.999s][info][gc          ] GC(5429) Pause Young (Normal) (G1 Evacuation Pause) 9635M->2322M(12288M) 26.826ms
[2025-01-08T20:34:37.633+0000][173347.999s][info][gc,cpu      ] GC(5429) User=0.15s Sys=0.01s Real=0.03s
[2025-01-08T20:34:44.038+0000][173354.404s][info][gc,start    ] GC(5430) Pause Young (Concurrent Start) (G1 Evacuation Pause)
[2025-01-08T20:34:44.038+0000][173354.404s][info][gc,task     ] GC(5430) Using 6 workers of 6 for evacuation
[2025-01-08T20:34:44.068+0000][173354.434s][info][gc,phases   ] GC(5430)   Pre Evacuate Collection Set: 1.1ms
[2025-01-08T20:34:44.068+0000][173354.434s][info][gc,phases   ] GC(5430)   Merge Heap Roots: 0.4ms
[2025-01-08T20:34:44.068+0000][173354.434s][info][gc,phases   ] GC(5430)   Evacuate Collection Set: 25.4ms
[2025-01-08T20:34:44.068+0000][173354.434s][info][gc,phases   ] GC(5430)   Post Evacuate Collection Set: 2.5ms
[2025-01-08T20:34:44.068+0000][173354.434s][info][gc,phases   ] GC(5430)   Other: 0.3ms
[2025-01-08T20:34:44.068+0000][173354.434s][info][gc,heap     ] GC(5430) Eden regions: 914->0(914)
[2025-01-08T20:34:44.068+0000][173354.434s][info][gc,heap     ] GC(5430) Survivor regions: 7->7(116)
[2025-01-08T20:34:44.068+0000][173354.434s][info][gc,heap     ] GC(5430) Old regions: 235->235
[2025-01-08T20:34:44.068+0000][173354.434s][info][gc,heap     ] GC(5430) Archive regions: 2->2
[2025-01-08T20:34:44.068+0000][173354.434s][info][gc,heap     ] GC(5430) Humongous regions: 49->49
[2025-01-08T20:34:44.068+0000][173354.434s][info][gc,metaspace] GC(5430) Metaspace: 523617K(533760K)->523617K(533760K) NonClass: 459783K(465024K)->459783K(465024K) Class: 63833K(68736K)->63833K(68736K)
[2025-01-08T20:34:44.068+0000][173354.434s][info][gc          ] GC(5430) Pause Young (Concurrent Start) (G1 Evacuation Pause) 9634M->2326M(12288M) 29.867ms
[2025-01-08T20:34:44.068+0000][173354.434s][info][gc,cpu      ] GC(5430) User=0.17s Sys=0.00s Real=0.03s
[2025-01-08T20:34:44.068+0000][173354.434s][info][gc          ] GC(5431) Concurrent Mark Cycle
[2025-01-08T20:34:44.068+0000][173354.434s][info][gc,marking  ] GC(5431) Concurrent Clear Claimed Marks
[2025-01-08T20:34:44.069+0000][173354.435s][info][gc,marking  ] GC(5431) Concurrent Clear Claimed Marks 0.928ms
[2025-01-08T20:34:44.069+0000][173354.435s][info][gc,marking  ] GC(5431) Concurrent Scan Root Regions
[2025-01-08T20:34:44.086+0000][173354.452s][info][gc,marking  ] GC(5431) Concurrent Scan Root Regions 17.375ms
[2025-01-08T20:34:44.086+0000][173354.452s][info][gc,marking  ] GC(5431) Concurrent Mark
[2025-01-08T20:34:44.086+0000][173354.452s][info][gc,marking  ] GC(5431) Concurrent Mark From Roots
[2025-01-08T20:34:44.086+0000][173354.452s][info][gc,task     ] GC(5431) Using 2 workers of 2 for marking
[2025-01-08T20:34:44.863+0000][173355.229s][info][gc,marking  ] GC(5431) Concurrent Mark From Roots 776.889ms
[2025-01-08T20:34:44.863+0000][173355.229s][info][gc,marking  ] GC(5431) Concurrent Preclean
[2025-01-08T20:34:44.867+0000][173355.233s][info][gc,marking  ] GC(5431) Concurrent Preclean 3.240ms
[2025-01-08T20:34:44.867+0000][173355.233s][info][gc,start    ] GC(5431) Pause Remark
[2025-01-08T20:34:44.892+0000][173355.258s][info][gc          ] GC(5431) Pause Remark 2810M->2810M(12288M) 25.302ms
[2025-01-08T20:34:44.892+0000][173355.258s][info][gc,cpu      ] GC(5431) User=0.14s Sys=0.00s Real=0.03s
[2025-01-08T20:34:44.892+0000][173355.258s][info][gc,marking  ] GC(5431) Concurrent Mark 805.847ms
[2025-01-08T20:34:44.892+0000][173355.258s][info][gc,marking  ] GC(5431) Concurrent Rebuild Remembered Sets
[2025-01-08T20:34:45.456+0000][173355.822s][info][gc,marking  ] GC(5431) Concurrent Rebuild Remembered Sets 563.978ms
[2025-01-08T20:34:45.456+0000][173355.822s][info][gc,start    ] GC(5431) Pause Cleanup
[2025-01-08T20:34:45.457+0000][173355.823s][info][gc          ] GC(5431) Pause Cleanup 3066M->3066M(12288M) 0.383ms
[2025-01-08T20:34:45.457+0000][173355.823s][info][gc,cpu      ] GC(5431) User=0.00s Sys=0.00s Real=0.00s
[2025-01-08T20:34:45.457+0000][173355.823s][info][gc,marking  ] GC(5431) Concurrent Cleanup for Next Mark
[2025-01-08T20:34:45.485+0000][173355.851s][info][gc,marking  ] GC(5431) Concurrent Cleanup for Next Mark 27.938ms
[2025-01-08T20:34:45.485+0000][173355.851s][info][gc          ] GC(5431) Concurrent Mark Cycle 1416.806ms
[2025-01-08T20:34:58.139+0000][173368.505s][info][gc,start    ] GC(5432) Pause Young (Prepare Mixed) (G1 Evacuation Pause)
[2025-01-08T20:34:58.139+0000][173368.505s][info][gc,task     ] GC(5432) Using 6 workers of 6 for evacuation
[2025-01-08T20:34:58.178+0000][173368.544s][info][gc,phases   ] GC(5432)   Pre Evacuate Collection Set: 0.2ms
[2025-01-08T20:34:58.178+0000][173368.544s][info][gc,phases   ] GC(5432)   Merge Heap Roots: 0.7ms
[2025-01-08T20:34:58.178+0000][173368.544s][info][gc,phases   ] GC(5432)   Evacuate Collection Set: 34.4ms
[2025-01-08T20:34:58.178+0000][173368.544s][info][gc,phases   ] GC(5432)   Post Evacuate Collection Set: 3.0ms
[2025-01-08T20:34:58.178+0000][173368.544s][info][gc,phases   ] GC(5432)   Other: 0.2ms
[2025-01-08T20:34:58.178+0000][173368.544s][info][gc,heap     ] GC(5432) Eden regions: 914->0(67)
[2025-01-08T20:34:58.178+0000][173368.544s][info][gc,heap     ] GC(5432) Survivor regions: 7->9(116)
[2025-01-08T20:34:58.178+0000][173368.544s][info][gc,heap     ] GC(5432) Old regions: 235->235
[2025-01-08T20:34:58.178+0000][173368.544s][info][gc,heap     ] GC(5432) Archive regions: 2->2
[2025-01-08T20:34:58.178+0000][173368.544s][info][gc,heap     ] GC(5432) Humongous regions: 49->49
[2025-01-08T20:34:58.178+0000][173368.544s][info][gc,metaspace] GC(5432) Metaspace: 523617K(533760K)->523617K(533760K) NonClass: 459783K(465024K)->459783K(465024K) Class: 63833K(68736K)->63833K(68736K)
[2025-01-08T20:34:58.178+0000][173368.544s][info][gc          ] GC(5432) Pause Young (Prepare Mixed) (G1 Evacuation Pause) 9638M->2341M(12288M) 38.584ms
[2025-01-08T20:34:58.178+0000][173368.544s][info][gc,cpu      ] GC(5432) User=0.22s Sys=0.00s Real=0.04s
[2025-01-08T20:35:00.000+0000][173370.366s][info][gc,start    ] GC(5433) Pause Young (Mixed) (G1 Evacuation Pause)
[2025-01-08T20:35:00.000+0000][173370.366s][info][gc,task     ] GC(5433) Using 6 workers of 6 for evacuation
[2025-01-08T20:35:00.066+0000][173370.432s][info][gc,phases   ] GC(5433)   Pre Evacuate Collection Set: 0.2ms
[2025-01-08T20:35:00.066+0000][173370.432s][info][gc,phases   ] GC(5433)   Merge Heap Roots: 0.7ms
[2025-01-08T20:35:00.066+0000][173370.432s][info][gc,phases   ] GC(5433)   Evacuate Collection Set: 63.2ms
[2025-01-08T20:35:00.066+0000][173370.432s][info][gc,phases   ] GC(5433)   Post Evacuate Collection Set: 1.9ms
[2025-01-08T20:35:00.066+0000][173370.432s][info][gc,phases   ] GC(5433)   Other: 0.2ms
[2025-01-08T20:35:00.066+0000][173370.432s][info][gc,heap     ] GC(5433) Eden regions: 67->0(915)
[2025-01-08T20:35:00.066+0000][173370.432s][info][gc,heap     ] GC(5433) Survivor regions: 9->6(10)
[2025-01-08T20:35:00.066+0000][173370.432s][info][gc,heap     ] GC(5433) Old regions: 235->235
[2025-01-08T20:35:00.066+0000][173370.432s][info][gc,heap     ] GC(5433) Archive regions: 2->2
[2025-01-08T20:35:00.066+0000][173370.432s][info][gc,heap     ] GC(5433) Humongous regions: 49->49
[2025-01-08T20:35:00.066+0000][173370.432s][info][gc,metaspace] GC(5433) Metaspace: 523617K(533760K)->523617K(533760K) NonClass: 459783K(465024K)->459783K(465024K) Class: 63833K(68736K)->63833K(68736K)
[2025-01-08T20:35:00.066+0000][173370.432s][info][gc          ] GC(5433) Pause Young (Mixed) (G1 Evacuation Pause) 2877M->2316M(12288M) 66.139ms
[2025-01-08T20:35:00.066+0000][173370.432s][info][gc,cpu      ] GC(5433) User=0.38s Sys=0.00s Real=0.07s
[2025-01-08T20:35:07.341+0000][173377.707s][info][gc,start    ] GC(5434) Pause Young (Normal) (G1 Evacuation Pause)
[2025-01-08T20:35:07.341+0000][173377.707s][info][gc,task     ] GC(5434) Using 6 workers of 6 for evacuation
[2025-01-08T20:35:07.372+0000][173377.738s][info][gc,phases   ] GC(5434)   Pre Evacuate Collection Set: 0.2ms
[2025-01-08T20:35:07.372+0000][173377.738s][info][gc,phases   ] GC(5434)   Merge Heap Roots: 0.4ms
[2025-01-08T20:35:07.372+0000][173377.738s][info][gc,phases   ] GC(5434)   Evacuate Collection Set: 26.8ms
[2025-01-08T20:35:07.372+0000][173377.738s][info][gc,phases   ] GC(5434)   Post Evacuate Collection Set: 3.9ms
[2025-01-08T20:35:07.372+0000][173377.738s][info][gc,phases   ] GC(5434)   Other: 0.2ms
[2025-01-08T20:35:07.372+0000][173377.738s][info][gc,heap     ] GC(5434) Eden regions: 915->0(913)
[2025-01-08T20:35:07.372+0000][173377.738s][info][gc,heap     ] GC(5434) Survivor regions: 6->8(116)
[2025-01-08T20:35:07.372+0000][173377.738s][info][gc,heap     ] GC(5434) Old regions: 235->235
[2025-01-08T20:35:07.372+0000][173377.738s][info][gc,heap     ] GC(5434) Archive regions: 2->2
[2025-01-08T20:35:07.372+0000][173377.738s][info][gc,heap     ] GC(5434) Humongous regions: 49->49
[2025-01-08T20:35:07.372+0000][173377.738s][info][gc,metaspace] GC(5434) Metaspace: 523617K(533760K)->523617K(533760K) NonClass: 459783K(465024K)->459783K(465024K) Class: 63833K(68736K)->63833K(68736K)
[2025-01-08T20:35:07.372+0000][173377.738s][info][gc          ] GC(5434) Pause Young (Normal) (G1 Evacuation Pause) 9636M->2332M(12288M) 31.591ms
[2025-01-08T20:35:07.372+0000][173377.738s][info][gc,cpu      ] GC(5434) User=0.18s Sys=0.00s Real=0.04s
[2025-01-08T20:35:14.675+0000][173385.041s][info][gc,start    ] GC(5435) Pause Young (Normal) (G1 Evacuation Pause)
[2025-01-08T20:35:14.675+0000][173385.041s][info][gc,task     ] GC(5435) Using 6 workers of 6 for evacuation
[2025-01-08T20:35:14.706+0000][173385.072s][info][gc,phases   ] GC(5435)   Pre Evacuate Collection Set: 0.2ms
[2025-01-08T20:35:14.706+0000][173385.072s][info][gc,phases   ] GC(5435)   Merge Heap Roots: 0.5ms
[2025-01-08T20:35:14.706+0000][173385.072s][info][gc,phases   ] GC(5435)   Evacuate Collection Set: 26.0ms
[2025-01-08T20:35:14.706+0000][173385.072s][info][gc,phases   ] GC(5435)   Post Evacuate Collection Set: 4.0ms
[2025-01-08T20:35:14.706+0000][173385.072s][info][gc,phases   ] GC(5435)   Other: 0.2ms
[2025-01-08T20:35:14.706+0000][173385.072s][info][gc,heap     ] GC(5435) Eden regions: 913->0(913)
[2025-01-08T20:35:14.706+0000][173385.072s][info][gc,heap     ] GC(5435) Survivor regions: 8->8(116)
[2025-01-08T20:35:14.706+0000][173385.072s][info][gc,heap     ] GC(5435) Old regions: 235->235
[2025-01-08T20:35:14.706+0000][173385.072s][info][gc,heap     ] GC(5435) Archive regions: 2->2
[2025-01-08T20:35:14.706+0000][173385.072s][info][gc,heap     ] GC(5435) Humongous regions: 49->49
[2025-01-08T20:35:14.706+0000][173385.072s][info][gc,metaspace] GC(5435) Metaspace: 523617K(533760K)->523617K(533760K) NonClass: 459783K(465024K)->459783K(465024K) Class: 63833K(68736K)->63833K(68736K)
[2025-01-08T20:35:14.706+0000][173385.072s][info][gc          ] GC(5435) Pause Young (Normal) (G1 Evacuation Pause) 9636M->2333M(12288M) 30.937ms
[2025-01-08T20:35:14.706+0000][173385.072s][info][gc,cpu      ] GC(5435) User=0.18s Sys=0.00s Real=0.03s
[2025-01-08T20:35:24.837+0000][173395.203s][info][gc,start    ] GC(5436) Pause Young (Concurrent Start) (G1 Evacuation Pause)
[2025-01-08T20:35:24.837+0000][173395.203s][info][gc,task     ] GC(5436) Using 6 workers of 6 for evacuation
[2025-01-08T20:35:24.872+0000][173395.238s][info][gc,phases   ] GC(5436)   Pre Evacuate Collection Set: 1.2ms
[2025-01-08T20:35:24.872+0000][173395.238s][info][gc,phases   ] GC(5436)   Merge Heap Roots: 0.5ms
[2025-01-08T20:35:24.872+0000][173395.238s][info][gc,phases   ] GC(5436)   Evacuate Collection Set: 29.1ms
[2025-01-08T20:35:24.872+0000][173395.238s][info][gc,phases   ] GC(5436)   Post Evacuate Collection Set: 4.1ms
[2025-01-08T20:35:24.872+0000][173395.238s][info][gc,phases   ] GC(5436)   Other: 0.3ms
[2025-01-08T20:35:24.872+0000][173395.238s][info][gc,heap     ] GC(5436) Eden regions: 913->0(912)
[2025-01-08T20:35:24.872+0000][173395.238s][info][gc,heap     ] GC(5436) Survivor regions: 8->9(116)
[2025-01-08T20:35:24.872+0000][173395.238s][info][gc,heap     ] GC(5436) Old regions: 235->235
[2025-01-08T20:35:24.872+0000][173395.238s][info][gc,heap     ] GC(5436) Archive regions: 2->2
[2025-01-08T20:35:24.872+0000][173395.238s][info][gc,heap     ] GC(5436) Humongous regions: 49->49
[2025-01-08T20:35:24.872+0000][173395.238s][info][gc,metaspace] GC(5436) Metaspace: 523618K(533760K)->523618K(533760K) NonClass: 459783K(465024K)->459783K(465024K) Class: 63834K(68736K)->63834K(68736K)
[2025-01-08T20:35:24.872+0000][173395.238s][info][gc          ] GC(5436) Pause Young (Concurrent Start) (G1 Evacuation Pause) 9637M->2340M(12288M) 35.200ms
[2025-01-08T20:35:24.872+0000][173395.238s][info][gc,cpu      ] GC(5436) User=0.20s Sys=0.00s Real=0.04s
[2025-01-08T20:35:24.872+0000][173395.238s][info][gc          ] GC(5437) Concurrent Mark Cycle
[2025-01-08T20:35:24.872+0000][173395.238s][info][gc,marking  ] GC(5437) Concurrent Clear Claimed Marks
[2025-01-08T20:35:24.873+0000][173395.239s][info][gc,marking  ] GC(5437) Concurrent Clear Claimed Marks 0.940ms
[2025-01-08T20:35:24.873+0000][173395.239s][info][gc,marking  ] GC(5437) Concurrent Scan Root Regions
[2025-01-08T20:35:24.902+0000][173395.268s][info][gc,marking  ] GC(5437) Concurrent Scan Root Regions 28.761ms
[2025-01-08T20:35:24.902+0000][173395.268s][info][gc,marking  ] GC(5437) Concurrent Mark
[2025-01-08T20:35:24.902+0000][173395.268s][info][gc,marking  ] GC(5437) Concurrent Mark From Roots
[2025-01-08T20:35:24.902+0000][173395.268s][info][gc,task     ] GC(5437) Using 2 workers of 2 for marking
[2025-01-08T20:35:25.834+0000][173396.200s][info][gc,marking  ] GC(5437) Concurrent Mark From Roots 932.279ms
[2025-01-08T20:35:25.834+0000][173396.200s][info][gc,marking  ] GC(5437) Concurrent Preclean
[2025-01-08T20:35:25.837+0000][173396.203s][info][gc,marking  ] GC(5437) Concurrent Preclean 2.615ms
[2025-01-08T20:35:25.837+0000][173396.203s][info][gc,start    ] GC(5437) Pause Remark
[2025-01-08T20:35:25.863+0000][173396.229s][info][gc          ] GC(5437) Pause Remark 3368M->3368M(12288M) 25.875ms
[2025-01-08T20:35:25.863+0000][173396.229s][info][gc,cpu      ] GC(5437) User=0.14s Sys=0.00s Real=0.03s
[2025-01-08T20:35:25.863+0000][173396.229s][info][gc,marking  ] GC(5437) Concurrent Mark 961.098ms
[2025-01-08T20:35:25.863+0000][173396.229s][info][gc,marking  ] GC(5437) Concurrent Rebuild Remembered Sets
[2025-01-08T20:35:26.412+0000][173396.778s][info][gc,marking  ] GC(5437) Concurrent Rebuild Remembered Sets 548.510ms
[2025-01-08T20:35:26.412+0000][173396.778s][info][gc,start    ] GC(5437) Pause Cleanup
[2025-01-08T20:35:26.412+0000][173396.778s][info][gc          ] GC(5437) Pause Cleanup 3912M->3912M(12288M) 0.429ms
[2025-01-08T20:35:26.412+0000][173396.778s][info][gc,cpu      ] GC(5437) User=0.00s Sys=0.00s Real=0.00s
[2025-01-08T20:35:26.412+0000][173396.779s][info][gc,marking  ] GC(5437) Concurrent Cleanup for Next Mark
[2025-01-08T20:35:26.428+0000][173396.794s][info][gc,marking  ] GC(5437) Concurrent Cleanup for Next Mark 15.484ms
[2025-01-08T20:35:26.428+0000][173396.794s][info][gc          ] GC(5437) Concurrent Mark Cycle 1555.656ms
[2025-01-08T20:35:34.273+0000][173404.640s][info][gc,start    ] GC(5438) Pause Young (Prepare Mixed) (G1 Evacuation Pause)
[2025-01-08T20:35:34.273+0000][173404.640s][info][gc,task     ] GC(5438) Using 6 workers of 6 for evacuation
[2025-01-08T20:35:34.309+0000][173404.675s][info][gc,phases   ] GC(5438)   Pre Evacuate Collection Set: 0.2ms
[2025-01-08T20:35:34.309+0000][173404.675s][info][gc,phases   ] GC(5438)   Merge Heap Roots: 0.7ms
[2025-01-08T20:35:34.309+0000][173404.675s][info][gc,phases   ] GC(5438)   Evacuate Collection Set: 32.1ms
[2025-01-08T20:35:34.309+0000][173404.675s][info][gc,phases   ] GC(5438)   Post Evacuate Collection Set: 2.7ms
[2025-01-08T20:35:34.309+0000][173404.675s][info][gc,phases   ] GC(5438)   Other: 0.2ms
[2025-01-08T20:35:34.309+0000][173404.675s][info][gc,heap     ] GC(5438) Eden regions: 912->0(67)
[2025-01-08T20:35:34.309+0000][173404.675s][info][gc,heap     ] GC(5438) Survivor regions: 9->9(116)
[2025-01-08T20:35:34.309+0000][173404.675s][info][gc,heap     ] GC(5438) Old regions: 235->235
[2025-01-08T20:35:34.309+0000][173404.675s][info][gc,heap     ] GC(5438) Archive regions: 2->2
[2025-01-08T20:35:34.309+0000][173404.675s][info][gc,heap     ] GC(5438) Humongous regions: 49->49
[2025-01-08T20:35:34.309+0000][173404.675s][info][gc,metaspace] GC(5438) Metaspace: 523618K(533760K)->523618K(533760K) NonClass: 459783K(465024K)->459783K(465024K) Class: 63834K(68736K)->63834K(68736K)
[2025-01-08T20:35:34.309+0000][173404.676s][info][gc          ] GC(5438) Pause Young (Prepare Mixed) (G1 Evacuation Pause) 9636M->2342M(12288M) 35.993ms
[2025-01-08T20:35:34.309+0000][173404.676s][info][gc,cpu      ] GC(5438) User=0.21s Sys=0.00s Real=0.04s
[2025-01-08T20:35:35.080+0000][173405.446s][info][gc,start    ] GC(5439) Pause Young (Mixed) (G1 Evacuation Pause)
[2025-01-08T20:35:35.080+0000][173405.446s][info][gc,task     ] GC(5439) Using 6 workers of 6 for evacuation
[2025-01-08T20:35:35.155+0000][173405.521s][info][gc,phases   ] GC(5439)   Pre Evacuate Collection Set: 0.2ms
[2025-01-08T20:35:35.155+0000][173405.521s][info][gc,phases   ] GC(5439)   Merge Heap Roots: 0.7ms
[2025-01-08T20:35:35.155+0000][173405.521s][info][gc,phases   ] GC(5439)   Evacuate Collection Set: 71.9ms
[2025-01-08T20:35:35.155+0000][173405.521s][info][gc,phases   ] GC(5439)   Post Evacuate Collection Set: 2.1ms
[2025-01-08T20:35:35.155+0000][173405.521s][info][gc,phases   ] GC(5439)   Other: 0.2ms
[2025-01-08T20:35:35.155+0000][173405.521s][info][gc,heap     ] GC(5439) Eden regions: 67->0(915)
[2025-01-08T20:35:35.155+0000][173405.521s][info][gc,heap     ] GC(5439) Survivor regions: 9->6(10)
[2025-01-08T20:35:35.155+0000][173405.521s][info][gc,heap     ] GC(5439) Old regions: 235->234
[2025-01-08T20:35:35.155+0000][173405.521s][info][gc,heap     ] GC(5439) Archive regions: 2->2
[2025-01-08T20:35:35.155+0000][173405.521s][info][gc,heap     ] GC(5439) Humongous regions: 49->49
[2025-01-08T20:35:35.155+0000][173405.521s][info][gc,metaspace] GC(5439) Metaspace: 523618K(533760K)->523618K(533760K) NonClass: 459783K(465024K)->459783K(465024K) Class: 63834K(68736K)->63834K(68736K)
[2025-01-08T20:35:35.155+0000][173405.521s][info][gc          ] GC(5439) Pause Young (Mixed) (G1 Evacuation Pause) 2878M->2309M(12288M) 75.171ms
[2025-01-08T20:35:35.155+0000][173405.521s][info][gc,cpu      ] GC(5439) User=0.40s Sys=0.00s Real=0.08s
[2025-01-08T20:35:41.613+0000][173411.979s][info][gc,start    ] GC(5440) Pause Young (Normal) (G1 Evacuation Pause)
[2025-01-08T20:35:41.613+0000][173411.979s][info][gc,task     ] GC(5440) Using 6 workers of 6 for evacuation
[2025-01-08T20:35:41.639+0000][173412.005s][info][gc,phases   ] GC(5440)   Pre Evacuate Collection Set: 0.2ms
[2025-01-08T20:35:41.639+0000][173412.005s][info][gc,phases   ] GC(5440)   Merge Heap Roots: 0.5ms
[2025-01-08T20:35:41.639+0000][173412.005s][info][gc,phases   ] GC(5440)   Evacuate Collection Set: 22.8ms
[2025-01-08T20:35:41.639+0000][173412.005s][info][gc,phases   ] GC(5440)   Post Evacuate Collection Set: 2.5ms
[2025-01-08T20:35:41.639+0000][173412.005s][info][gc,phases   ] GC(5440)   Other: 0.2ms
[2025-01-08T20:35:41.639+0000][173412.005s][info][gc,heap     ] GC(5440) Eden regions: 915->0(915)
[2025-01-08T20:35:41.639+0000][173412.005s][info][gc,heap     ] GC(5440) Survivor regions: 6->6(116)
[2025-01-08T20:35:41.639+0000][173412.005s][info][gc,heap     ] GC(5440) Old regions: 234->234
[2025-01-08T20:35:41.639+0000][173412.005s][info][gc,heap     ] GC(5440) Archive regions: 2->2
[2025-01-08T20:35:41.639+0000][173412.005s][info][gc,heap     ] GC(5440) Humongous regions: 49->49
[2025-01-08T20:35:41.639+0000][173412.005s][info][gc,metaspace] GC(5440) Metaspace: 523618K(533760K)->523618K(533760K) NonClass: 459783K(465024K)->459783K(465024K) Class: 63834K(68736K)->63834K(68736K)
[2025-01-08T20:35:41.639+0000][173412.005s][info][gc          ] GC(5440) Pause Young (Normal) (G1 Evacuation Pause) 9629M->2314M(12288M) 26.300ms
[2025-01-08T20:35:41.639+0000][173412.005s][info][gc,cpu      ] GC(5440) User=0.15s Sys=0.00s Real=0.02s
[2025-01-08T20:35:51.648+0000][173422.014s][info][gc,start    ] GC(5441) Pause Young (Normal) (G1 Evacuation Pause)
[2025-01-08T20:35:51.648+0000][173422.015s][info][gc,task     ] GC(5441) Using 6 workers of 6 for evacuation
[2025-01-08T20:35:51.679+0000][173422.045s][info][gc,phases   ] GC(5441)   Pre Evacuate Collection Set: 0.2ms
[2025-01-08T20:35:51.679+0000][173422.045s][info][gc,phases   ] GC(5441)   Merge Heap Roots: 0.4ms
[2025-01-08T20:35:51.679+0000][173422.045s][info][gc,phases   ] GC(5441)   Evacuate Collection Set: 26.7ms
[2025-01-08T20:35:51.679+0000][173422.045s][info][gc,phases   ] GC(5441)   Post Evacuate Collection Set: 2.8ms
[2025-01-08T20:35:51.679+0000][173422.045s][info][gc,phases   ] GC(5441)   Other: 0.2ms
[2025-01-08T20:35:51.679+0000][173422.045s][info][gc,heap     ] GC(5441) Eden regions: 915->0(913)
[2025-01-08T20:35:51.679+0000][173422.045s][info][gc,heap     ] GC(5441) Survivor regions: 6->8(116)
[2025-01-08T20:35:51.679+0000][173422.045s][info][gc,heap     ] GC(5441) Old regions: 234->234
[2025-01-08T20:35:51.679+0000][173422.045s][info][gc,heap     ] GC(5441) Archive regions: 2->2
[2025-01-08T20:35:51.679+0000][173422.045s][info][gc,heap     ] GC(5441) Humongous regions: 49->49
[2025-01-08T20:35:51.679+0000][173422.045s][info][gc,metaspace] GC(5441) Metaspace: 523618K(533760K)->523618K(533760K) NonClass: 459784K(465024K)->459784K(465024K) Class: 63834K(68736K)->63834K(68736K)
[2025-01-08T20:35:51.679+0000][173422.045s][info][gc          ] GC(5441) Pause Young (Normal) (G1 Evacuation Pause) 9634M->2326M(12288M) 30.418ms
[2025-01-08T20:35:51.679+0000][173422.045s][info][gc,cpu      ] GC(5441) User=0.18s Sys=0.00s Real=0.03s
[2025-01-08T20:36:02.568+0000][173432.934s][info][gc,start    ] GC(5442) Pause Young (Concurrent Start) (G1 Evacuation Pause)
[2025-01-08T20:36:02.568+0000][173432.934s][info][gc,task     ] GC(5442) Using 6 workers of 6 for evacuation
[2025-01-08T20:36:02.604+0000][173432.970s][info][gc,phases   ] GC(5442)   Pre Evacuate Collection Set: 1.2ms
[2025-01-08T20:36:02.604+0000][173432.970s][info][gc,phases   ] GC(5442)   Merge Heap Roots: 0.5ms
[2025-01-08T20:36:02.604+0000][173432.970s][info][gc,phases   ] GC(5442)   Evacuate Collection Set: 30.3ms
[2025-01-08T20:36:02.604+0000][173432.970s][info][gc,phases   ] GC(5442)   Post Evacuate Collection Set: 3.9ms
[2025-01-08T20:36:02.604+0000][173432.970s][info][gc,phases   ] GC(5442)   Other: 0.3ms
[2025-01-08T20:36:02.604+0000][173432.970s][info][gc,heap     ] GC(5442) Eden regions: 913->0(911)
[2025-01-08T20:36:02.604+0000][173432.970s][info][gc,heap     ] GC(5442) Survivor regions: 8->10(116)
[2025-01-08T20:36:02.604+0000][173432.970s][info][gc,heap     ] GC(5442) Old regions: 234->234
[2025-01-08T20:36:02.604+0000][173432.970s][info][gc,heap     ] GC(5442) Archive regions: 2->2
[2025-01-08T20:36:02.604+0000][173432.970s][info][gc,heap     ] GC(5442) Humongous regions: 49->49
[2025-01-08T20:36:02.604+0000][173432.970s][info][gc,metaspace] GC(5442) Metaspace: 523618K(533760K)->523618K(533760K) NonClass: 459784K(465024K)->459784K(465024K) Class: 63834K(68736K)->63834K(68736K)
[2025-01-08T20:36:02.604+0000][173432.970s][info][gc          ] GC(5442) Pause Young (Concurrent Start) (G1 Evacuation Pause) 9630M->2342M(12288M) 36.186ms
[2025-01-08T20:36:02.604+0000][173432.970s][info][gc,cpu      ] GC(5442) User=0.21s Sys=0.00s Real=0.04s
[2025-01-08T20:36:02.604+0000][173432.970s][info][gc          ] GC(5443) Concurrent Mark Cycle
[2025-01-08T20:36:02.604+0000][173432.971s][info][gc,marking  ] GC(5443) Concurrent Clear Claimed Marks
[2025-01-08T20:36:02.605+0000][173432.971s][info][gc,marking  ] GC(5443) Concurrent Clear Claimed Marks 0.873ms
[2025-01-08T20:36:02.605+0000][173432.971s][info][gc,marking  ] GC(5443) Concurrent Scan Root Regions
[2025-01-08T20:36:02.627+0000][173432.993s][info][gc,marking  ] GC(5443) Concurrent Scan Root Regions 21.931ms
[2025-01-08T20:36:02.627+0000][173432.993s][info][gc,marking  ] GC(5443) Concurrent Mark
[2025-01-08T20:36:02.627+0000][173432.993s][info][gc,marking  ] GC(5443) Concurrent Mark From Roots
[2025-01-08T20:36:02.627+0000][173432.993s][info][gc,task     ] GC(5443) Using 2 workers of 2 for marking
[2025-01-08T20:36:03.444+0000][173433.810s][info][gc,marking  ] GC(5443) Concurrent Mark From Roots 816.612ms
[2025-01-08T20:36:03.444+0000][173433.810s][info][gc,marking  ] GC(5443) Concurrent Preclean
[2025-01-08T20:36:03.447+0000][173433.813s][info][gc,marking  ] GC(5443) Concurrent Preclean 2.590ms
[2025-01-08T20:36:03.447+0000][173433.813s][info][gc,start    ] GC(5443) Pause Remark
[2025-01-08T20:36:03.472+0000][173433.838s][info][gc          ] GC(5443) Pause Remark 2926M->2926M(12288M) 25.084ms
[2025-01-08T20:36:03.472+0000][173433.838s][info][gc,cpu      ] GC(5443) User=0.14s Sys=0.00s Real=0.03s
[2025-01-08T20:36:03.472+0000][173433.838s][info][gc,marking  ] GC(5443) Concurrent Mark 844.618ms
[2025-01-08T20:36:03.472+0000][173433.838s][info][gc,marking  ] GC(5443) Concurrent Rebuild Remembered Sets
[2025-01-08T20:36:04.001+0000][173434.367s][info][gc,marking  ] GC(5443) Concurrent Rebuild Remembered Sets 528.974ms
[2025-01-08T20:36:04.001+0000][173434.367s][info][gc,start    ] GC(5443) Pause Cleanup
[2025-01-08T20:36:04.001+0000][173434.368s][info][gc          ] GC(5443) Pause Cleanup 3118M->3118M(12288M) 0.480ms
[2025-01-08T20:36:04.002+0000][173434.368s][info][gc,cpu      ] GC(5443) User=0.00s Sys=0.00s Real=0.01s
[2025-01-08T20:36:04.002+0000][173434.368s][info][gc,marking  ] GC(5443) Concurrent Cleanup for Next Mark
[2025-01-08T20:36:04.018+0000][173434.384s][info][gc,marking  ] GC(5443) Concurrent Cleanup for Next Mark 16.224ms
[2025-01-08T20:36:04.018+0000][173434.384s][info][gc          ] GC(5443) Concurrent Mark Cycle 1413.488ms
[2025-01-08T20:36:13.546+0000][173443.912s][info][gc,start    ] GC(5444) Pause Young (Prepare Mixed) (G1 Evacuation Pause)
[2025-01-08T20:36:13.546+0000][173443.912s][info][gc,task     ] GC(5444) Using 6 workers of 6 for evacuation
[2025-01-08T20:36:13.590+0000][173443.956s][info][gc,phases   ] GC(5444)   Pre Evacuate Collection Set: 0.2ms
[2025-01-08T20:36:13.590+0000][173443.956s][info][gc,phases   ] GC(5444)   Merge Heap Roots: 0.7ms
[2025-01-08T20:36:13.590+0000][173443.956s][info][gc,phases   ] GC(5444)   Evacuate Collection Set: 38.3ms
[2025-01-08T20:36:13.590+0000][173443.956s][info][gc,phases   ] GC(5444)   Post Evacuate Collection Set: 4.2ms
[2025-01-08T20:36:13.590+0000][173443.956s][info][gc,phases   ] GC(5444)   Other: 0.2ms
[2025-01-08T20:36:13.590+0000][173443.956s][info][gc,heap     ] GC(5444) Eden regions: 911->0(64)
[2025-01-08T20:36:13.590+0000][173443.956s][info][gc,heap     ] GC(5444) Survivor regions: 10->12(116)
[2025-01-08T20:36:13.590+0000][173443.956s][info][gc,heap     ] GC(5444) Old regions: 234->234
[2025-01-08T20:36:13.590+0000][173443.956s][info][gc,heap     ] GC(5444) Archive regions: 2->2
[2025-01-08T20:36:13.590+0000][173443.956s][info][gc,heap     ] GC(5444) Humongous regions: 49->49
[2025-01-08T20:36:13.590+0000][173443.956s][info][gc,metaspace] GC(5444) Metaspace: 523618K(533760K)->523618K(533760K) NonClass: 459784K(465024K)->459784K(465024K) Class: 63834K(68736K)->63834K(68736K)
[2025-01-08T20:36:13.590+0000][173443.956s][info][gc          ] GC(5444) Pause Young (Prepare Mixed) (G1 Evacuation Pause) 9630M->2362M(12288M) 43.659ms
[2025-01-08T20:36:13.590+0000][173443.956s][info][gc,cpu      ] GC(5444) User=0.25s Sys=0.00s Real=0.05s
[2025-01-08T20:36:15.208+0000][173445.574s][info][gc,start    ] GC(5445) Pause Young (Mixed) (G1 Evacuation Pause)
[2025-01-08T20:36:15.208+0000][173445.574s][info][gc,task     ] GC(5445) Using 6 workers of 6 for evacuation
[2025-01-08T20:36:15.264+0000][173445.630s][info][gc,phases   ] GC(5445)   Pre Evacuate Collection Set: 0.2ms
[2025-01-08T20:36:15.264+0000][173445.630s][info][gc,phases   ] GC(5445)   Merge Heap Roots: 0.5ms
[2025-01-08T20:36:15.264+0000][173445.630s][info][gc,phases   ] GC(5445)   Evacuate Collection Set: 53.1ms
[2025-01-08T20:36:15.264+0000][173445.630s][info][gc,phases   ] GC(5445)   Post Evacuate Collection Set: 1.7ms
[2025-01-08T20:36:15.264+0000][173445.630s][info][gc,phases   ] GC(5445)   Other: 0.2ms
[2025-01-08T20:36:15.264+0000][173445.630s][info][gc,heap     ] GC(5445) Eden regions: 64->0(916)
[2025-01-08T20:36:15.264+0000][173445.630s][info][gc,heap     ] GC(5445) Survivor regions: 12->5(10)
[2025-01-08T20:36:15.264+0000][173445.630s][info][gc,heap     ] GC(5445) Old regions: 234->233
[2025-01-08T20:36:15.264+0000][173445.630s][info][gc,heap     ] GC(5445) Archive regions: 2->2
[2025-01-08T20:36:15.264+0000][173445.630s][info][gc,heap     ] GC(5445) Humongous regions: 49->49
[2025-01-08T20:36:15.264+0000][173445.630s][info][gc,metaspace] GC(5445) Metaspace: 523618K(533760K)->523618K(533760K) NonClass: 459784K(465024K)->459784K(465024K) Class: 63834K(68736K)->63834K(68736K)
[2025-01-08T20:36:15.264+0000][173445.630s][info][gc          ] GC(5445) Pause Young (Mixed) (G1 Evacuation Pause) 2874M->2302M(12288M) 55.816ms
[2025-01-08T20:36:15.264+0000][173445.630s][info][gc,cpu      ] GC(5445) User=0.33s Sys=0.00s Real=0.06s
[2025-01-08T20:36:24.844+0000][173455.210s][info][gc,start    ] GC(5446) Pause Young (Normal) (G1 Evacuation Pause)
[2025-01-08T20:36:24.844+0000][173455.210s][info][gc,task     ] GC(5446) Using 6 workers of 6 for evacuation
[2025-01-08T20:36:24.872+0000][173455.238s][info][gc,phases   ] GC(5446)   Pre Evacuate Collection Set: 0.2ms
[2025-01-08T20:36:24.872+0000][173455.238s][info][gc,phases   ] GC(5446)   Merge Heap Roots: 0.4ms
[2025-01-08T20:36:24.872+0000][173455.238s][info][gc,phases   ] GC(5446)   Evacuate Collection Set: 23.9ms
[2025-01-08T20:36:24.872+0000][173455.238s][info][gc,phases   ] GC(5446)   Post Evacuate Collection Set: 3.9ms
[2025-01-08T20:36:24.872+0000][173455.238s][info][gc,phases   ] GC(5446)   Other: 0.2ms
[2025-01-08T20:36:24.872+0000][173455.238s][info][gc,heap     ] GC(5446) Eden regions: 916->0(914)
[2025-01-08T20:36:24.872+0000][173455.238s][info][gc,heap     ] GC(5446) Survivor regions: 5->7(116)
[2025-01-08T20:36:24.872+0000][173455.238s][info][gc,heap     ] GC(5446) Old regions: 233->233
[2025-01-08T20:36:24.872+0000][173455.238s][info][gc,heap     ] GC(5446) Archive regions: 2->2
[2025-01-08T20:36:24.872+0000][173455.238s][info][gc,heap     ] GC(5446) Humongous regions: 49->49
[2025-01-08T20:36:24.872+0000][173455.238s][info][gc,metaspace] GC(5446) Metaspace: 523618K(533760K)->523618K(533760K) NonClass: 459784K(465024K)->459784K(465024K) Class: 63834K(68736K)->63834K(68736K)
[2025-01-08T20:36:24.872+0000][173455.238s][info][gc          ] GC(5446) Pause Young (Normal) (G1 Evacuation Pause) 9630M->2318M(12288M) 28.729ms
[2025-01-08T20:36:24.872+0000][173455.238s][info][gc,cpu      ] GC(5446) User=0.17s Sys=0.00s Real=0.03s
[2025-01-08T20:36:32.837+0000][173463.203s][info][gc,start    ] GC(5447) Pause Young (Normal) (G1 Evacuation Pause)
[2025-01-08T20:36:32.837+0000][173463.203s][info][gc,task     ] GC(5447) Using 6 workers of 6 for evacuation
[2025-01-08T20:36:32.864+0000][173463.230s][info][gc,phases   ] GC(5447)   Pre Evacuate Collection Set: 0.2ms
[2025-01-08T20:36:32.864+0000][173463.230s][info][gc,phases   ] GC(5447)   Merge Heap Roots: 0.4ms
[2025-01-08T20:36:32.864+0000][173463.230s][info][gc,phases   ] GC(5447)   Evacuate Collection Set: 23.8ms
[2025-01-08T20:36:32.864+0000][173463.230s][info][gc,phases   ] GC(5447)   Post Evacuate Collection Set: 2.5ms
[2025-01-08T20:36:32.864+0000][173463.230s][info][gc,phases   ] GC(5447)   Other: 0.2ms
[2025-01-08T20:36:32.864+0000][173463.230s][info][gc,heap     ] GC(5447) Eden regions: 914->0(913)
[2025-01-08T20:36:32.864+0000][173463.230s][info][gc,heap     ] GC(5447) Survivor regions: 7->8(116)
[2025-01-08T20:36:32.864+0000][173463.230s][info][gc,heap     ] GC(5447) Old regions: 233->233
[2025-01-08T20:36:32.864+0000][173463.230s][info][gc,heap     ] GC(5447) Archive regions: 2->2
[2025-01-08T20:36:32.864+0000][173463.230s][info][gc,heap     ] GC(5447) Humongous regions: 49->49
[2025-01-08T20:36:32.864+0000][173463.230s][info][gc,metaspace] GC(5447) Metaspace: 523618K(533760K)->523618K(533760K) NonClass: 459784K(465024K)->459784K(465024K) Class: 63834K(68736K)->63834K(68736K)
[2025-01-08T20:36:32.864+0000][173463.230s][info][gc          ] GC(5447) Pause Young (Normal) (G1 Evacuation Pause) 9630M->2319M(12288M) 27.227ms
[2025-01-08T20:36:32.864+0000][173463.230s][info][gc,cpu      ] GC(5447) User=0.16s Sys=0.00s Real=0.03s
[2025-01-08T20:36:39.778+0000][173470.144s][info][gc,start    ] GC(5448) Pause Young (Concurrent Start) (G1 Evacuation Pause)
[2025-01-08T20:36:39.778+0000][173470.144s][info][gc,task     ] GC(5448) Using 6 workers of 6 for evacuation
[2025-01-08T20:36:39.808+0000][173470.174s][info][gc,phases   ] GC(5448)   Pre Evacuate Collection Set: 1.1ms
[2025-01-08T20:36:39.808+0000][173470.174s][info][gc,phases   ] GC(5448)   Merge Heap Roots: 0.4ms
[2025-01-08T20:36:39.808+0000][173470.174s][info][gc,phases   ] GC(5448)   Evacuate Collection Set: 26.2ms
[2025-01-08T20:36:39.808+0000][173470.174s][info][gc,phases   ] GC(5448)   Post Evacuate Collection Set: 2.5ms
[2025-01-08T20:36:39.808+0000][173470.174s][info][gc,phases   ] GC(5448)   Other: 0.3ms
[2025-01-08T20:36:39.808+0000][173470.174s][info][gc,heap     ] GC(5448) Eden regions: 913->0(913)
[2025-01-08T20:36:39.808+0000][173470.174s][info][gc,heap     ] GC(5448) Survivor regions: 8->8(116)
[2025-01-08T20:36:39.808+0000][173470.174s][info][gc,heap     ] GC(5448) Old regions: 233->233
[2025-01-08T20:36:39.808+0000][173470.174s][info][gc,heap     ] GC(5448) Archive regions: 2->2
[2025-01-08T20:36:39.808+0000][173470.174s][info][gc,heap     ] GC(5448) Humongous regions: 49->49
[2025-01-08T20:36:39.808+0000][173470.174s][info][gc,metaspace] GC(5448) Metaspace: 523618K(533760K)->523618K(533760K) NonClass: 459784K(465024K)->459784K(465024K) Class: 63834K(68736K)->63834K(68736K)
[2025-01-08T20:36:39.808+0000][173470.174s][info][gc          ] GC(5448) Pause Young (Concurrent Start) (G1 Evacuation Pause) 9623M->2326M(12288M) 30.585ms
[2025-01-08T20:36:39.808+0000][173470.174s][info][gc,cpu      ] GC(5448) User=0.17s Sys=0.01s Real=0.03s
[2025-01-08T20:36:39.808+0000][173470.174s][info][gc          ] GC(5449) Concurrent Mark Cycle
[2025-01-08T20:36:39.808+0000][173470.174s][info][gc,marking  ] GC(5449) Concurrent Clear Claimed Marks
[2025-01-08T20:36:39.809+0000][173470.175s][info][gc,marking  ] GC(5449) Concurrent Clear Claimed Marks 0.888ms
[2025-01-08T20:36:39.809+0000][173470.175s][info][gc,marking  ] GC(5449) Concurrent Scan Root Regions
[2025-01-08T20:36:39.832+0000][173470.198s][info][gc,marking  ] GC(5449) Concurrent Scan Root Regions 22.275ms
[2025-01-08T20:36:39.832+0000][173470.198s][info][gc,marking  ] GC(5449) Concurrent Mark
[2025-01-08T20:36:39.832+0000][173470.198s][info][gc,marking  ] GC(5449) Concurrent Mark From Roots
[2025-01-08T20:36:39.832+0000][173470.198s][info][gc,task     ] GC(5449) Using 2 workers of 2 for marking
[2025-01-08T20:36:40.742+0000][173471.109s][info][gc,marking  ] GC(5449) Concurrent Mark From Roots 910.832ms
[2025-01-08T20:36:40.742+0000][173471.109s][info][gc,marking  ] GC(5449) Concurrent Preclean
[2025-01-08T20:36:40.745+0000][173471.111s][info][gc,marking  ] GC(5449) Concurrent Preclean 2.672ms
[2025-01-08T20:36:40.745+0000][173471.111s][info][gc,start    ] GC(5449) Pause Remark
[2025-01-08T20:36:40.771+0000][173471.137s][info][gc          ] GC(5449) Pause Remark 3170M->3170M(12288M) 25.951ms
[2025-01-08T20:36:40.771+0000][173471.137s][info][gc,cpu      ] GC(5449) User=0.15s Sys=0.00s Real=0.03s
[2025-01-08T20:36:40.771+0000][173471.137s][info][gc,marking  ] GC(5449) Concurrent Mark 939.788ms
[2025-01-08T20:36:40.771+0000][173471.137s][info][gc,marking  ] GC(5449) Concurrent Rebuild Remembered Sets
[2025-01-08T20:36:41.274+0000][173471.640s][info][gc,marking  ] GC(5449) Concurrent Rebuild Remembered Sets 502.987ms
[2025-01-08T20:36:41.275+0000][173471.641s][info][gc,start    ] GC(5449) Pause Cleanup
[2025-01-08T20:36:41.275+0000][173471.641s][info][gc          ] GC(5449) Pause Cleanup 3598M->3598M(12288M) 0.426ms
[2025-01-08T20:36:41.275+0000][173471.641s][info][gc,cpu      ] GC(5449) User=0.00s Sys=0.00s Real=0.00s
[2025-01-08T20:36:41.275+0000][173471.641s][info][gc,marking  ] GC(5449) Concurrent Cleanup for Next Mark
[2025-01-08T20:36:41.303+0000][173471.669s][info][gc,marking  ] GC(5449) Concurrent Cleanup for Next Mark 27.909ms
[2025-01-08T20:36:41.303+0000][173471.669s][info][gc          ] GC(5449) Concurrent Mark Cycle 1494.669ms
[2025-01-08T20:36:48.878+0000][173479.245s][info][gc,start    ] GC(5450) Pause Young (Prepare Mixed) (G1 Evacuation Pause)
[2025-01-08T20:36:48.879+0000][173479.245s][info][gc,task     ] GC(5450) Using 6 workers of 6 for evacuation
[2025-01-08T20:36:48.914+0000][173479.281s][info][gc,phases   ] GC(5450)   Pre Evacuate Collection Set: 0.2ms
[2025-01-08T20:36:48.915+0000][173479.281s][info][gc,phases   ] GC(5450)   Merge Heap Roots: 0.6ms
[2025-01-08T20:36:48.915+0000][173479.281s][info][gc,phases   ] GC(5450)   Evacuate Collection Set: 32.3ms
[2025-01-08T20:36:48.915+0000][173479.281s][info][gc,phases   ] GC(5450)   Post Evacuate Collection Set: 2.7ms
[2025-01-08T20:36:48.915+0000][173479.281s][info][gc,phases   ] GC(5450)   Other: 0.2ms
[2025-01-08T20:36:48.915+0000][173479.281s][info][gc,heap     ] GC(5450) Eden regions: 913->0(66)
[2025-01-08T20:36:48.915+0000][173479.281s][info][gc,heap     ] GC(5450) Survivor regions: 8->10(116)
[2025-01-08T20:36:48.915+0000][173479.281s][info][gc,heap     ] GC(5450) Old regions: 233->233
[2025-01-08T20:36:48.915+0000][173479.281s][info][gc,heap     ] GC(5450) Archive regions: 2->2
[2025-01-08T20:36:48.915+0000][173479.281s][info][gc,heap     ] GC(5450) Humongous regions: 49->49
[2025-01-08T20:36:48.915+0000][173479.281s][info][gc,metaspace] GC(5450) Metaspace: 523618K(533760K)->523618K(533760K) NonClass: 459784K(465024K)->459784K(465024K) Class: 63834K(68736K)->63834K(68736K)
[2025-01-08T20:36:48.915+0000][173479.281s][info][gc          ] GC(5450) Pause Young (Prepare Mixed) (G1 Evacuation Pause) 9630M->2338M(12288M) 36.098ms
[2025-01-08T20:36:48.915+0000][173479.281s][info][gc,cpu      ] GC(5450) User=0.21s Sys=0.00s Real=0.04s
[2025-01-08T20:36:49.230+0000][173479.596s][info][gc,start    ] GC(5451) Pause Young (Mixed) (G1 Evacuation Pause)
[2025-01-08T20:36:49.230+0000][173479.596s][info][gc,task     ] GC(5451) Using 6 workers of 6 for evacuation
[2025-01-08T20:36:49.299+0000][173479.665s][info][gc,phases   ] GC(5451)   Pre Evacuate Collection Set: 0.2ms
[2025-01-08T20:36:49.299+0000][173479.665s][info][gc,phases   ] GC(5451)   Merge Heap Roots: 0.7ms
[2025-01-08T20:36:49.299+0000][173479.665s][info][gc,phases   ] GC(5451)   Evacuate Collection Set: 65.5ms
[2025-01-08T20:36:49.299+0000][173479.665s][info][gc,phases   ] GC(5451)   Post Evacuate Collection Set: 2.1ms
[2025-01-08T20:36:49.299+0000][173479.665s][info][gc,phases   ] GC(5451)   Other: 0.2ms
[2025-01-08T20:36:49.299+0000][173479.665s][info][gc,heap     ] GC(5451) Eden regions: 66->0(915)
[2025-01-08T20:36:49.299+0000][173479.665s][info][gc,heap     ] GC(5451) Survivor regions: 10->6(10)
[2025-01-08T20:36:49.299+0000][173479.665s][info][gc,heap     ] GC(5451) Old regions: 233->233
[2025-01-08T20:36:49.299+0000][173479.665s][info][gc,heap     ] GC(5451) Archive regions: 2->2
[2025-01-08T20:36:49.299+0000][173479.665s][info][gc,heap     ] GC(5451) Humongous regions: 49->49
[2025-01-08T20:36:49.299+0000][173479.665s][info][gc,metaspace] GC(5451) Metaspace: 523618K(533760K)->523618K(533760K) NonClass: 459784K(465024K)->459784K(465024K) Class: 63834K(68736K)->63834K(68736K)
[2025-01-08T20:36:49.299+0000][173479.665s][info][gc          ] GC(5451) Pause Young (Mixed) (G1 Evacuation Pause) 2866M->2306M(12288M) 68.830ms
[2025-01-08T20:36:49.299+0000][173479.665s][info][gc,cpu      ] GC(5451) User=0.40s Sys=0.00s Real=0.06s
[2025-01-08T20:37:00.312+0000][173490.679s][info][gc,start    ] GC(5452) Pause Young (Normal) (G1 Evacuation Pause)
[2025-01-08T20:37:00.312+0000][173490.679s][info][gc,task     ] GC(5452) Using 6 workers of 6 for evacuation
[2025-01-08T20:37:00.343+0000][173490.709s][info][gc,phases   ] GC(5452)   Pre Evacuate Collection Set: 0.2ms
[2025-01-08T20:37:00.343+0000][173490.709s][info][gc,phases   ] GC(5452)   Merge Heap Roots: 0.4ms
[2025-01-08T20:37:00.343+0000][173490.709s][info][gc,phases   ] GC(5452)   Evacuate Collection Set: 24.0ms
[2025-01-08T20:37:00.343+0000][173490.709s][info][gc,phases   ] GC(5452)   Post Evacuate Collection Set: 5.4ms
[2025-01-08T20:37:00.343+0000][173490.709s][info][gc,phases   ] GC(5452)   Other: 0.2ms
[2025-01-08T20:37:00.343+0000][173490.709s][info][gc,heap     ] GC(5452) Eden regions: 915->0(913)
[2025-01-08T20:37:00.343+0000][173490.709s][info][gc,heap     ] GC(5452) Survivor regions: 6->8(116)
[2025-01-08T20:37:00.343+0000][173490.709s][info][gc,heap     ] GC(5452) Old regions: 233->233
[2025-01-08T20:37:00.343+0000][173490.709s][info][gc,heap     ] GC(5452) Archive regions: 2->2
[2025-01-08T20:37:00.343+0000][173490.709s][info][gc,heap     ] GC(5452) Humongous regions: 49->49
[2025-01-08T20:37:00.343+0000][173490.709s][info][gc,metaspace] GC(5452) Metaspace: 523618K(533760K)->523618K(533760K) NonClass: 459784K(465024K)->459784K(465024K) Class: 63834K(68736K)->63834K(68736K)
[2025-01-08T20:37:00.343+0000][173490.709s][info][gc          ] GC(5452) Pause Young (Normal) (G1 Evacuation Pause) 9626M->2322M(12288M) 30.331ms
[2025-01-08T20:37:00.343+0000][173490.709s][info][gc,cpu      ] GC(5452) User=0.18s Sys=0.00s Real=0.03s
[2025-01-08T20:37:09.175+0000][173499.541s][info][gc,start    ] GC(5453) Pause Young (Normal) (G1 Evacuation Pause)
[2025-01-08T20:37:09.175+0000][173499.541s][info][gc,task     ] GC(5453) Using 6 workers of 6 for evacuation
[2025-01-08T20:37:09.205+0000][173499.571s][info][gc,phases   ] GC(5453)   Pre Evacuate Collection Set: 0.2ms
[2025-01-08T20:37:09.205+0000][173499.571s][info][gc,phases   ] GC(5453)   Merge Heap Roots: 0.4ms
[2025-01-08T20:37:09.205+0000][173499.571s][info][gc,phases   ] GC(5453)   Evacuate Collection Set: 26.6ms
[2025-01-08T20:37:09.205+0000][173499.571s][info][gc,phases   ] GC(5453)   Post Evacuate Collection Set: 2.5ms
[2025-01-08T20:37:09.205+0000][173499.571s][info][gc,phases   ] GC(5453)   Other: 0.2ms
[2025-01-08T20:37:09.205+0000][173499.571s][info][gc,heap     ] GC(5453) Eden regions: 913->0(912)
[2025-01-08T20:37:09.205+0000][173499.571s][info][gc,heap     ] GC(5453) Survivor regions: 8->9(116)
[2025-01-08T20:37:09.205+0000][173499.571s][info][gc,heap     ] GC(5453) Old regions: 233->233
[2025-01-08T20:37:09.205+0000][173499.571s][info][gc,heap     ] GC(5453) Archive regions: 2->2
[2025-01-08T20:37:09.205+0000][173499.571s][info][gc,heap     ] GC(5453) Humongous regions: 49->49
[2025-01-08T20:37:09.205+0000][173499.571s][info][gc,metaspace] GC(5453) Metaspace: 523618K(533760K)->523618K(533760K) NonClass: 459784K(465024K)->459784K(465024K) Class: 63834K(68736K)->63834K(68736K)
[2025-01-08T20:37:09.205+0000][173499.571s][info][gc          ] GC(5453) Pause Young (Normal) (G1 Evacuation Pause) 9626M->2328M(12288M) 30.052ms
[2025-01-08T20:37:09.205+0000][173499.571s][info][gc,cpu      ] GC(5453) User=0.18s Sys=0.00s Real=0.03s
[2025-01-08T20:37:16.061+0000][173506.427s][info][gc,start    ] GC(5454) Pause Young (Concurrent Start) (G1 Evacuation Pause)
[2025-01-08T20:37:16.061+0000][173506.427s][info][gc,task     ] GC(5454) Using 6 workers of 6 for evacuation
[2025-01-08T20:37:16.101+0000][173506.467s][info][gc,phases   ] GC(5454)   Pre Evacuate Collection Set: 1.1ms
[2025-01-08T20:37:16.101+0000][173506.467s][info][gc,phases   ] GC(5454)   Merge Heap Roots: 0.4ms
[2025-01-08T20:37:16.101+0000][173506.467s][info][gc,phases   ] GC(5454)   Evacuate Collection Set: 34.0ms
[2025-01-08T20:37:16.101+0000][173506.467s][info][gc,phases   ] GC(5454)   Post Evacuate Collection Set: 4.0ms
[2025-01-08T20:37:16.101+0000][173506.467s][info][gc,phases   ] GC(5454)   Other: 0.3ms
[2025-01-08T20:37:16.101+0000][173506.467s][info][gc,heap     ] GC(5454) Eden regions: 912->0(910)
[2025-01-08T20:37:16.101+0000][173506.467s][info][gc,heap     ] GC(5454) Survivor regions: 9->11(116)
[2025-01-08T20:37:16.101+0000][173506.467s][info][gc,heap     ] GC(5454) Old regions: 233->233
[2025-01-08T20:37:16.101+0000][173506.467s][info][gc,heap     ] GC(5454) Archive regions: 2->2
[2025-01-08T20:37:16.101+0000][173506.467s][info][gc,heap     ] GC(5454) Humongous regions: 49->49
[2025-01-08T20:37:16.101+0000][173506.467s][info][gc,metaspace] GC(5454) Metaspace: 523618K(533760K)->523618K(533760K) NonClass: 459784K(465024K)->459784K(465024K) Class: 63834K(68736K)->63834K(68736K)
[2025-01-08T20:37:16.101+0000][173506.467s][info][gc          ] GC(5454) Pause Young (Concurrent Start) (G1 Evacuation Pause) 9624M->2344M(12288M) 39.976ms
[2025-01-08T20:37:16.101+0000][173506.467s][info][gc,cpu      ] GC(5454) User=0.22s Sys=0.00s Real=0.04s
[2025-01-08T20:37:16.101+0000][173506.467s][info][gc          ] GC(5455) Concurrent Mark Cycle
[2025-01-08T20:37:16.101+0000][173506.467s][info][gc,marking  ] GC(5455) Concurrent Clear Claimed Marks
[2025-01-08T20:37:16.102+0000][173506.468s][info][gc,marking  ] GC(5455) Concurrent Clear Claimed Marks 1.071ms
[2025-01-08T20:37:16.102+0000][173506.468s][info][gc,marking  ] GC(5455) Concurrent Scan Root Regions
[2025-01-08T20:37:16.139+0000][173506.505s][info][gc,marking  ] GC(5455) Concurrent Scan Root Regions 36.706ms
[2025-01-08T20:37:16.139+0000][173506.505s][info][gc,marking  ] GC(5455) Concurrent Mark
[2025-01-08T20:37:16.139+0000][173506.505s][info][gc,marking  ] GC(5455) Concurrent Mark From Roots
[2025-01-08T20:37:16.139+0000][173506.505s][info][gc,task     ] GC(5455) Using 2 workers of 2 for marking
[2025-01-08T20:37:16.981+0000][173507.347s][info][gc,marking  ] GC(5455) Concurrent Mark From Roots 842.008ms
[2025-01-08T20:37:16.981+0000][173507.347s][info][gc,marking  ] GC(5455) Concurrent Preclean
[2025-01-08T20:37:16.985+0000][173507.351s][info][gc,marking  ] GC(5455) Concurrent Preclean 3.520ms
[2025-01-08T20:37:16.986+0000][173507.352s][info][gc,start    ] GC(5455) Pause Remark
[2025-01-08T20:37:17.011+0000][173507.378s][info][gc          ] GC(5455) Pause Remark 3151M->3151M(12288M) 25.435ms
[2025-01-08T20:37:17.011+0000][173507.378s][info][gc,cpu      ] GC(5455) User=0.15s Sys=0.00s Real=0.03s
[2025-01-08T20:37:17.012+0000][173507.378s][info][gc,marking  ] GC(5455) Concurrent Mark 872.529ms
[2025-01-08T20:37:17.012+0000][173507.378s][info][gc,marking  ] GC(5455) Concurrent Rebuild Remembered Sets
[2025-01-08T20:37:17.524+0000][173507.890s][info][gc,marking  ] GC(5455) Concurrent Rebuild Remembered Sets 512.199ms
[2025-01-08T20:37:17.524+0000][173507.890s][info][gc,start    ] GC(5455) Pause Cleanup
[2025-01-08T20:37:17.524+0000][173507.890s][info][gc          ] GC(5455) Pause Cleanup 3568M->3568M(12288M) 0.426ms
[2025-01-08T20:37:17.524+0000][173507.891s][info][gc,cpu      ] GC(5455) User=0.01s Sys=0.00s Real=0.00s
[2025-01-08T20:37:17.524+0000][173507.891s][info][gc,marking  ] GC(5455) Concurrent Cleanup for Next Mark
[2025-01-08T20:37:17.540+0000][173507.906s][info][gc,marking  ] GC(5455) Concurrent Cleanup for Next Mark 15.338ms
[2025-01-08T20:37:17.540+0000][173507.906s][info][gc          ] GC(5455) Concurrent Mark Cycle 1438.679ms
[2025-01-08T20:37:25.255+0000][173515.621s][info][gc,start    ] GC(5456) Pause Young (Prepare Mixed) (G1 Evacuation Pause)
[2025-01-08T20:37:25.255+0000][173515.621s][info][gc,task     ] GC(5456) Using 6 workers of 6 for evacuation
[2025-01-08T20:37:25.293+0000][173515.659s][info][gc,phases   ] GC(5456)   Pre Evacuate Collection Set: 0.2ms
[2025-01-08T20:37:25.293+0000][173515.659s][info][gc,phases   ] GC(5456)   Merge Heap Roots: 0.6ms
[2025-01-08T20:37:25.293+0000][173515.659s][info][gc,phases   ] GC(5456)   Evacuate Collection Set: 34.5ms
[2025-01-08T20:37:25.293+0000][173515.659s][info][gc,phases   ] GC(5456)   Post Evacuate Collection Set: 2.7ms
[2025-01-08T20:37:25.293+0000][173515.659s][info][gc,phases   ] GC(5456)   Other: 0.2ms
[2025-01-08T20:37:25.293+0000][173515.659s][info][gc,heap     ] GC(5456) Eden regions: 910->0(65)
[2025-01-08T20:37:25.293+0000][173515.659s][info][gc,heap     ] GC(5456) Survivor regions: 11->11(116)
[2025-01-08T20:37:25.293+0000][173515.659s][info][gc,heap     ] GC(5456) Old regions: 233->233
[2025-01-08T20:37:25.293+0000][173515.659s][info][gc,heap     ] GC(5456) Archive regions: 2->2
[2025-01-08T20:37:25.293+0000][173515.659s][info][gc,heap     ] GC(5456) Humongous regions: 49->49
[2025-01-08T20:37:25.293+0000][173515.659s][info][gc,metaspace] GC(5456) Metaspace: 523618K(533760K)->523618K(533760K) NonClass: 459784K(465024K)->459784K(465024K) Class: 63834K(68736K)->63834K(68736K)
[2025-01-08T20:37:25.293+0000][173515.659s][info][gc          ] GC(5456) Pause Young (Prepare Mixed) (G1 Evacuation Pause) 9624M->2346M(12288M) 38.368ms
[2025-01-08T20:37:25.293+0000][173515.659s][info][gc,cpu      ] GC(5456) User=0.22s Sys=0.00s Real=0.04s
[2025-01-08T20:37:25.804+0000][173516.170s][info][gc,start    ] GC(5457) Pause Young (Mixed) (G1 Evacuation Pause)
[2025-01-08T20:37:25.804+0000][173516.170s][info][gc,task     ] GC(5457) Using 6 workers of 6 for evacuation
[2025-01-08T20:37:25.868+0000][173516.234s][info][gc,phases   ] GC(5457)   Pre Evacuate Collection Set: 0.2ms
[2025-01-08T20:37:25.868+0000][173516.234s][info][gc,phases   ] GC(5457)   Merge Heap Roots: 0.7ms
[2025-01-08T20:37:25.868+0000][173516.234s][info][gc,phases   ] GC(5457)   Evacuate Collection Set: 61.4ms
[2025-01-08T20:37:25.868+0000][173516.234s][info][gc,phases   ] GC(5457)   Post Evacuate Collection Set: 1.6ms
[2025-01-08T20:37:25.868+0000][173516.234s][info][gc,phases   ] GC(5457)   Other: 0.2ms
[2025-01-08T20:37:25.868+0000][173516.234s][info][gc,heap     ] GC(5457) Eden regions: 65->0(916)
[2025-01-08T20:37:25.868+0000][173516.234s][info][gc,heap     ] GC(5457) Survivor regions: 11->5(10)
[2025-01-08T20:37:25.868+0000][173516.234s][info][gc,heap     ] GC(5457) Old regions: 233->234
[2025-01-08T20:37:25.868+0000][173516.234s][info][gc,heap     ] GC(5457) Archive regions: 2->2
[2025-01-08T20:37:25.868+0000][173516.234s][info][gc,heap     ] GC(5457) Humongous regions: 49->49
[2025-01-08T20:37:25.868+0000][173516.234s][info][gc,metaspace] GC(5457) Metaspace: 523618K(533760K)->523618K(533760K) NonClass: 459784K(465024K)->459784K(465024K) Class: 63834K(68736K)->63834K(68736K)
[2025-01-08T20:37:25.868+0000][173516.234s][info][gc          ] GC(5457) Pause Young (Mixed) (G1 Evacuation Pause) 2866M->2307M(12288M) 64.265ms
[2025-01-08T20:37:25.868+0000][173516.234s][info][gc,cpu      ] GC(5457) User=0.38s Sys=0.00s Real=0.06s
[2025-01-08T20:37:31.216+0000][173521.582s][info][gc,start    ] GC(5458) Pause Young (Normal) (G1 Evacuation Pause)
[2025-01-08T20:37:31.216+0000][173521.582s][info][gc,task     ] GC(5458) Using 6 workers of 6 for evacuation
[2025-01-08T20:37:31.241+0000][173521.607s][info][gc,phases   ] GC(5458)   Pre Evacuate Collection Set: 0.2ms
[2025-01-08T20:37:31.241+0000][173521.607s][info][gc,phases   ] GC(5458)   Merge Heap Roots: 0.4ms
[2025-01-08T20:37:31.241+0000][173521.607s][info][gc,phases   ] GC(5458)   Evacuate Collection Set: 21.1ms
[2025-01-08T20:37:31.241+0000][173521.607s][info][gc,phases   ] GC(5458)   Post Evacuate Collection Set: 2.5ms
[2025-01-08T20:37:31.241+0000][173521.607s][info][gc,phases   ] GC(5458)   Other: 0.2ms
[2025-01-08T20:37:31.241+0000][173521.607s][info][gc,heap     ] GC(5458) Eden regions: 916->0(915)
[2025-01-08T20:37:31.241+0000][173521.607s][info][gc,heap     ] GC(5458) Survivor regions: 5->6(116)
[2025-01-08T20:37:31.241+0000][173521.607s][info][gc,heap     ] GC(5458) Old regions: 234->234
[2025-01-08T20:37:31.241+0000][173521.607s][info][gc,heap     ] GC(5458) Archive regions: 2->2
[2025-01-08T20:37:31.241+0000][173521.607s][info][gc,heap     ] GC(5458) Humongous regions: 49->49
[2025-01-08T20:37:31.241+0000][173521.607s][info][gc,metaspace] GC(5458) Metaspace: 523618K(533760K)->523618K(533760K) NonClass: 459784K(465024K)->459784K(465024K) Class: 63834K(68736K)->63834K(68736K)
[2025-01-08T20:37:31.241+0000][173521.607s][info][gc          ] GC(5458) Pause Young (Normal) (G1 Evacuation Pause) 9635M->2311M(12288M) 24.464ms
[2025-01-08T20:37:31.241+0000][173521.607s][info][gc,cpu      ] GC(5458) User=0.14s Sys=0.00s Real=0.02s
[2025-01-08T20:37:37.508+0000][173527.874s][info][gc,start    ] GC(5459) Pause Young (Normal) (G1 Evacuation Pause)
[2025-01-08T20:37:37.508+0000][173527.874s][info][gc,task     ] GC(5459) Using 6 workers of 6 for evacuation
[2025-01-08T20:37:37.531+0000][173527.897s][info][gc,phases   ] GC(5459)   Pre Evacuate Collection Set: 0.2ms
[2025-01-08T20:37:37.531+0000][173527.897s][info][gc,phases   ] GC(5459)   Merge Heap Roots: 0.4ms
[2025-01-08T20:37:37.531+0000][173527.897s][info][gc,phases   ] GC(5459)   Evacuate Collection Set: 19.9ms
[2025-01-08T20:37:37.531+0000][173527.897s][info][gc,phases   ] GC(5459)   Post Evacuate Collection Set: 2.4ms
[2025-01-08T20:37:37.531+0000][173527.897s][info][gc,phases   ] GC(5459)   Other: 0.2ms
[2025-01-08T20:37:37.531+0000][173527.897s][info][gc,heap     ] GC(5459) Eden regions: 915->0(915)
[2025-01-08T20:37:37.531+0000][173527.897s][info][gc,heap     ] GC(5459) Survivor regions: 6->6(116)
[2025-01-08T20:37:37.531+0000][173527.897s][info][gc,heap     ] GC(5459) Old regions: 234->234
[2025-01-08T20:37:37.531+0000][173527.897s][info][gc,heap     ] GC(5459) Archive regions: 2->2
[2025-01-08T20:37:37.531+0000][173527.897s][info][gc,heap     ] GC(5459) Humongous regions: 49->49
[2025-01-08T20:37:37.531+0000][173527.897s][info][gc,metaspace] GC(5459) Metaspace: 523618K(533760K)->523618K(533760K) NonClass: 459784K(465024K)->459784K(465024K) Class: 63834K(68736K)->63834K(68736K)
[2025-01-08T20:37:37.531+0000][173527.898s][info][gc          ] GC(5459) Pause Young (Normal) (G1 Evacuation Pause) 9631M->2315M(12288M) 23.233ms
[2025-01-08T20:37:37.531+0000][173527.898s][info][gc,cpu      ] GC(5459) User=0.13s Sys=0.01s Real=0.03s
[2025-01-08T20:37:43.520+0000][173533.886s][info][gc,start    ] GC(5460) Pause Young (Concurrent Start) (G1 Evacuation Pause)
[2025-01-08T20:37:43.520+0000][173533.886s][info][gc,task     ] GC(5460) Using 6 workers of 6 for evacuation
[2025-01-08T20:37:43.548+0000][173533.914s][info][gc,phases   ] GC(5460)   Pre Evacuate Collection Set: 1.2ms
[2025-01-08T20:37:43.548+0000][173533.914s][info][gc,phases   ] GC(5460)   Merge Heap Roots: 0.4ms
[2025-01-08T20:37:43.548+0000][173533.914s][info][gc,phases   ] GC(5460)   Evacuate Collection Set: 23.5ms
[2025-01-08T20:37:43.548+0000][173533.914s][info][gc,phases   ] GC(5460)   Post Evacuate Collection Set: 2.4ms
[2025-01-08T20:37:43.548+0000][173533.914s][info][gc,phases   ] GC(5460)   Other: 0.3ms
[2025-01-08T20:37:43.548+0000][173533.914s][info][gc,heap     ] GC(5460) Eden regions: 915->0(914)
[2025-01-08T20:37:43.548+0000][173533.914s][info][gc,heap     ] GC(5460) Survivor regions: 6->7(116)
[2025-01-08T20:37:43.548+0000][173533.914s][info][gc,heap     ] GC(5460) Old regions: 234->234
[2025-01-08T20:37:43.548+0000][173533.914s][info][gc,heap     ] GC(5460) Archive regions: 2->2
[2025-01-08T20:37:43.548+0000][173533.914s][info][gc,heap     ] GC(5460) Humongous regions: 49->49
[2025-01-08T20:37:43.548+0000][173533.914s][info][gc,metaspace] GC(5460) Metaspace: 523618K(533760K)->523618K(533760K) NonClass: 459784K(465024K)->459784K(465024K) Class: 63834K(68736K)->63834K(68736K)
[2025-01-08T20:37:43.548+0000][173533.914s][info][gc          ] GC(5460) Pause Young (Concurrent Start) (G1 Evacuation Pause) 9635M->2319M(12288M) 27.928ms
[2025-01-08T20:37:43.548+0000][173533.914s][info][gc,cpu      ] GC(5460) User=0.15s Sys=0.01s Real=0.03s
[2025-01-08T20:37:43.548+0000][173533.914s][info][gc          ] GC(5461) Concurrent Mark Cycle
[2025-01-08T20:37:43.548+0000][173533.914s][info][gc,marking  ] GC(5461) Concurrent Clear Claimed Marks
[2025-01-08T20:37:43.549+0000][173533.915s][info][gc,marking  ] GC(5461) Concurrent Clear Claimed Marks 0.938ms
[2025-01-08T20:37:43.549+0000][173533.915s][info][gc,marking  ] GC(5461) Concurrent Scan Root Regions
[2025-01-08T20:37:43.570+0000][173533.936s][info][gc,marking  ] GC(5461) Concurrent Scan Root Regions 21.211ms
[2025-01-08T20:37:43.570+0000][173533.936s][info][gc,marking  ] GC(5461) Concurrent Mark
[2025-01-08T20:37:43.570+0000][173533.937s][info][gc,marking  ] GC(5461) Concurrent Mark From Roots
[2025-01-08T20:37:43.570+0000][173533.937s][info][gc,task     ] GC(5461) Using 2 workers of 2 for marking
[2025-01-08T20:37:44.438+0000][173534.804s][info][gc,marking  ] GC(5461) Concurrent Mark From Roots 867.286ms
[2025-01-08T20:37:44.438+0000][173534.804s][info][gc,marking  ] GC(5461) Concurrent Preclean
[2025-01-08T20:37:44.441+0000][173534.807s][info][gc,marking  ] GC(5461) Concurrent Preclean 2.912ms
[2025-01-08T20:37:44.441+0000][173534.807s][info][gc,start    ] GC(5461) Pause Remark
[2025-01-08T20:37:44.469+0000][173534.835s][info][gc          ] GC(5461) Pause Remark 3599M->3599M(12288M) 28.095ms
[2025-01-08T20:37:44.469+0000][173534.835s][info][gc,cpu      ] GC(5461) User=0.16s Sys=0.01s Real=0.03s
[2025-01-08T20:37:44.469+0000][173534.835s][info][gc,marking  ] GC(5461) Concurrent Mark 898.777ms
[2025-01-08T20:37:44.469+0000][173534.835s][info][gc,marking  ] GC(5461) Concurrent Rebuild Remembered Sets
[2025-01-08T20:37:45.137+0000][173535.503s][info][gc,marking  ] GC(5461) Concurrent Rebuild Remembered Sets 667.884ms
[2025-01-08T20:37:45.137+0000][173535.503s][info][gc,start    ] GC(5461) Pause Cleanup
[2025-01-08T20:37:45.138+0000][173535.504s][info][gc          ] GC(5461) Pause Cleanup 4651M->4651M(12288M) 0.487ms
[2025-01-08T20:37:45.138+0000][173535.504s][info][gc,cpu      ] GC(5461) User=0.01s Sys=0.00s Real=0.00s
[2025-01-08T20:37:45.138+0000][173535.504s][info][gc,marking  ] GC(5461) Concurrent Cleanup for Next Mark
[2025-01-08T20:37:45.156+0000][173535.522s][info][gc,marking  ] GC(5461) Concurrent Cleanup for Next Mark 17.844ms
[2025-01-08T20:37:45.156+0000][173535.522s][info][gc          ] GC(5461) Concurrent Mark Cycle 1607.668ms
[2025-01-08T20:37:47.840+0000][173538.206s][info][gc,start    ] GC(5462) Pause Young (Prepare Mixed) (G1 Evacuation Pause)
[2025-01-08T20:37:47.840+0000][173538.206s][info][gc,task     ] GC(5462) Using 6 workers of 6 for evacuation
[2025-01-08T20:37:47.871+0000][173538.237s][info][gc,phases   ] GC(5462)   Pre Evacuate Collection Set: 0.2ms
[2025-01-08T20:37:47.871+0000][173538.237s][info][gc,phases   ] GC(5462)   Merge Heap Roots: 0.6ms
[2025-01-08T20:37:47.871+0000][173538.237s][info][gc,phases   ] GC(5462)   Evacuate Collection Set: 27.2ms
[2025-01-08T20:37:47.871+0000][173538.237s][info][gc,phases   ] GC(5462)   Post Evacuate Collection Set: 2.6ms
[2025-01-08T20:37:47.871+0000][173538.237s][info][gc,phases   ] GC(5462)   Other: 0.2ms
[2025-01-08T20:37:47.871+0000][173538.237s][info][gc,heap     ] GC(5462) Eden regions: 914->0(68)
[2025-01-08T20:37:47.871+0000][173538.237s][info][gc,heap     ] GC(5462) Survivor regions: 7->8(116)
[2025-01-08T20:37:47.871+0000][173538.237s][info][gc,heap     ] GC(5462) Old regions: 234->234
[2025-01-08T20:37:47.871+0000][173538.237s][info][gc,heap     ] GC(5462) Archive regions: 2->2
[2025-01-08T20:37:47.871+0000][173538.237s][info][gc,heap     ] GC(5462) Humongous regions: 49->49
[2025-01-08T20:37:47.871+0000][173538.237s][info][gc,metaspace] GC(5462) Metaspace: 523618K(533760K)->523618K(533760K) NonClass: 459784K(465024K)->459784K(465024K) Class: 63834K(68736K)->63834K(68736K)
[2025-01-08T20:37:47.871+0000][173538.237s][info][gc          ] GC(5462) Pause Young (Prepare Mixed) (G1 Evacuation Pause) 9631M->2329M(12288M) 30.935ms
[2025-01-08T20:37:47.871+0000][173538.237s][info][gc,cpu      ] GC(5462) User=0.18s Sys=0.00s Real=0.04s
[2025-01-08T20:37:48.309+0000][173538.675s][info][gc,start    ] GC(5463) Pause Young (Mixed) (G1 Evacuation Pause)
[2025-01-08T20:37:48.309+0000][173538.675s][info][gc,task     ] GC(5463) Using 6 workers of 6 for evacuation
[2025-01-08T20:37:48.379+0000][173538.745s][info][gc,phases   ] GC(5463)   Pre Evacuate Collection Set: 0.2ms
[2025-01-08T20:37:48.379+0000][173538.745s][info][gc,phases   ] GC(5463)   Merge Heap Roots: 0.7ms
[2025-01-08T20:37:48.379+0000][173538.745s][info][gc,phases   ] GC(5463)   Evacuate Collection Set: 66.8ms
[2025-01-08T20:37:48.379+0000][173538.745s][info][gc,phases   ] GC(5463)   Post Evacuate Collection Set: 2.4ms
[2025-01-08T20:37:48.379+0000][173538.745s][info][gc,phases   ] GC(5463)   Other: 0.2ms
[2025-01-08T20:37:48.379+0000][173538.745s][info][gc,heap     ] GC(5463) Eden regions: 68->0(915)
[2025-01-08T20:37:48.379+0000][173538.745s][info][gc,heap     ] GC(5463) Survivor regions: 8->6(10)
[2025-01-08T20:37:48.379+0000][173538.745s][info][gc,heap     ] GC(5463) Old regions: 234->232
[2025-01-08T20:37:48.379+0000][173538.745s][info][gc,heap     ] GC(5463) Archive regions: 2->2
[2025-01-08T20:37:48.379+0000][173538.745s][info][gc,heap     ] GC(5463) Humongous regions: 49->49
[2025-01-08T20:37:48.379+0000][173538.745s][info][gc,metaspace] GC(5463) Metaspace: 523618K(533760K)->523618K(533760K) NonClass: 459784K(465024K)->459784K(465024K) Class: 63834K(68736K)->63834K(68736K)
[2025-01-08T20:37:48.379+0000][173538.745s][info][gc          ] GC(5463) Pause Young (Mixed) (G1 Evacuation Pause) 2873M->2296M(12288M) 70.325ms
[2025-01-08T20:37:48.379+0000][173538.745s][info][gc,cpu      ] GC(5463) User=0.38s Sys=0.00s Real=0.07s
[2025-01-08T20:37:56.752+0000][173547.118s][info][gc,start    ] GC(5464) Pause Young (Normal) (G1 Evacuation Pause)
[2025-01-08T20:37:56.752+0000][173547.118s][info][gc,task     ] GC(5464) Using 6 workers of 6 for evacuation
[2025-01-08T20:37:56.781+0000][173547.147s][info][gc,phases   ] GC(5464)   Pre Evacuate Collection Set: 0.2ms
[2025-01-08T20:37:56.781+0000][173547.147s][info][gc,phases   ] GC(5464)   Merge Heap Roots: 0.4ms
[2025-01-08T20:37:56.781+0000][173547.147s][info][gc,phases   ] GC(5464)   Evacuate Collection Set: 24.0ms
[2025-01-08T20:37:56.781+0000][173547.147s][info][gc,phases   ] GC(5464)   Post Evacuate Collection Set: 3.9ms
[2025-01-08T20:37:56.781+0000][173547.147s][info][gc,phases   ] GC(5464)   Other: 0.2ms
[2025-01-08T20:37:56.781+0000][173547.147s][info][gc,heap     ] GC(5464) Eden regions: 915->0(912)
[2025-01-08T20:37:56.781+0000][173547.147s][info][gc,heap     ] GC(5464) Survivor regions: 6->9(116)
[2025-01-08T20:37:56.781+0000][173547.147s][info][gc,heap     ] GC(5464) Old regions: 232->232
[2025-01-08T20:37:56.781+0000][173547.147s][info][gc,heap     ] GC(5464) Archive regions: 2->2
[2025-01-08T20:37:56.781+0000][173547.147s][info][gc,heap     ] GC(5464) Humongous regions: 49->49
[2025-01-08T20:37:56.781+0000][173547.147s][info][gc,metaspace] GC(5464) Metaspace: 523618K(533760K)->523618K(533760K) NonClass: 459784K(465024K)->459784K(465024K) Class: 63834K(68736K)->63834K(68736K)
[2025-01-08T20:37:56.781+0000][173547.147s][info][gc          ] GC(5464) Pause Young (Normal) (G1 Evacuation Pause) 9616M->2322M(12288M) 28.859ms
[2025-01-08T20:37:56.781+0000][173547.147s][info][gc,cpu      ] GC(5464) User=0.17s Sys=0.00s Real=0.02s
[2025-01-08T20:38:04.783+0000][173555.149s][info][gc,start    ] GC(5465) Pause Young (Normal) (G1 Evacuation Pause)
[2025-01-08T20:38:04.783+0000][173555.149s][info][gc,task     ] GC(5465) Using 6 workers of 6 for evacuation
[2025-01-08T20:38:04.815+0000][173555.181s][info][gc,phases   ] GC(5465)   Pre Evacuate Collection Set: 0.2ms
[2025-01-08T20:38:04.815+0000][173555.181s][info][gc,phases   ] GC(5465)   Merge Heap Roots: 0.4ms
[2025-01-08T20:38:04.815+0000][173555.181s][info][gc,phases   ] GC(5465)   Evacuate Collection Set: 26.7ms
[2025-01-08T20:38:04.815+0000][173555.181s][info][gc,phases   ] GC(5465)   Post Evacuate Collection Set: 3.9ms
[2025-01-08T20:38:04.815+0000][173555.181s][info][gc,phases   ] GC(5465)   Other: 0.2ms
[2025-01-08T20:38:04.815+0000][173555.181s][info][gc,heap     ] GC(5465) Eden regions: 912->0(913)
[2025-01-08T20:38:04.815+0000][173555.181s][info][gc,heap     ] GC(5465) Survivor regions: 9->8(116)
[2025-01-08T20:38:04.815+0000][173555.181s][info][gc,heap     ] GC(5465) Old regions: 232->232
[2025-01-08T20:38:04.815+0000][173555.181s][info][gc,heap     ] GC(5465) Archive regions: 2->2
[2025-01-08T20:38:04.815+0000][173555.181s][info][gc,heap     ] GC(5465) Humongous regions: 49->49
[2025-01-08T20:38:04.815+0000][173555.181s][info][gc,metaspace] GC(5465) Metaspace: 523618K(533760K)->523618K(533760K) NonClass: 459784K(465024K)->459784K(465024K) Class: 63834K(68736K)->63834K(68736K)
[2025-01-08T20:38:04.815+0000][173555.181s][info][gc          ] GC(5465) Pause Young (Normal) (G1 Evacuation Pause) 9618M->2318M(12288M) 31.559ms
[2025-01-08T20:38:04.815+0000][173555.181s][info][gc,cpu      ] GC(5465) User=0.18s Sys=0.00s Real=0.03s
[2025-01-08T20:38:09.585+0000][173559.951s][info][gc,start    ] GC(5466) Pause Young (Concurrent Start) (G1 Evacuation Pause)
[2025-01-08T20:38:09.585+0000][173559.951s][info][gc,task     ] GC(5466) Using 6 workers of 6 for evacuation
[2025-01-08T20:38:09.619+0000][173559.985s][info][gc,phases   ] GC(5466)   Pre Evacuate Collection Set: 1.2ms
[2025-01-08T20:38:09.619+0000][173559.985s][info][gc,phases   ] GC(5466)   Merge Heap Roots: 0.5ms
[2025-01-08T20:38:09.619+0000][173559.985s][info][gc,phases   ] GC(5466)   Evacuate Collection Set: 28.0ms
[2025-01-08T20:38:09.619+0000][173559.985s][info][gc,phases   ] GC(5466)   Post Evacuate Collection Set: 3.8ms
[2025-01-08T20:38:09.619+0000][173559.985s][info][gc,phases   ] GC(5466)   Other: 0.3ms
[2025-01-08T20:38:09.619+0000][173559.985s][info][gc,heap     ] GC(5466) Eden regions: 913->0(912)
[2025-01-08T20:38:09.619+0000][173559.985s][info][gc,heap     ] GC(5466) Survivor regions: 8->9(116)
[2025-01-08T20:38:09.619+0000][173559.985s][info][gc,heap     ] GC(5466) Old regions: 232->232
[2025-01-08T20:38:09.619+0000][173559.985s][info][gc,heap     ] GC(5466) Archive regions: 2->2
[2025-01-08T20:38:09.619+0000][173559.985s][info][gc,heap     ] GC(5466) Humongous regions: 49->49
[2025-01-08T20:38:09.619+0000][173559.985s][info][gc,metaspace] GC(5466) Metaspace: 523618K(533760K)->523618K(533760K) NonClass: 459784K(465024K)->459784K(465024K) Class: 63834K(68736K)->63834K(68736K)
[2025-01-08T20:38:09.619+0000][173559.985s][info][gc          ] GC(5466) Pause Young (Concurrent Start) (G1 Evacuation Pause) 9622M->2324M(12288M) 33.870ms
[2025-01-08T20:38:09.619+0000][173559.985s][info][gc,cpu      ] GC(5466) User=0.19s Sys=0.00s Real=0.03s
[2025-01-08T20:38:09.619+0000][173559.985s][info][gc          ] GC(5467) Concurrent Mark Cycle
[2025-01-08T20:38:09.619+0000][173559.985s][info][gc,marking  ] GC(5467) Concurrent Clear Claimed Marks
[2025-01-08T20:38:09.620+0000][173559.986s][info][gc,marking  ] GC(5467) Concurrent Clear Claimed Marks 0.961ms
[2025-01-08T20:38:09.620+0000][173559.986s][info][gc,marking  ] GC(5467) Concurrent Scan Root Regions
[2025-01-08T20:38:09.648+0000][173560.014s][info][gc,marking  ] GC(5467) Concurrent Scan Root Regions 28.467ms
[2025-01-08T20:38:09.648+0000][173560.014s][info][gc,marking  ] GC(5467) Concurrent Mark
[2025-01-08T20:38:09.648+0000][173560.014s][info][gc,marking  ] GC(5467) Concurrent Mark From Roots
[2025-01-08T20:38:09.648+0000][173560.014s][info][gc,task     ] GC(5467) Using 2 workers of 2 for marking
[2025-01-08T20:38:10.895+0000][173561.261s][info][gc,marking  ] GC(5467) Concurrent Mark From Roots 1246.406ms
[2025-01-08T20:38:10.895+0000][173561.261s][info][gc,marking  ] GC(5467) Concurrent Preclean
[2025-01-08T20:38:10.898+0000][173561.264s][info][gc,marking  ] GC(5467) Concurrent Preclean 2.695ms
[2025-01-08T20:38:10.898+0000][173561.264s][info][gc,start    ] GC(5467) Pause Remark
[2025-01-08T20:38:10.924+0000][173561.290s][info][gc          ] GC(5467) Pause Remark 4360M->4360M(12288M) 26.159ms
[2025-01-08T20:38:10.924+0000][173561.290s][info][gc,cpu      ] GC(5467) User=0.15s Sys=0.00s Real=0.03s
[2025-01-08T20:38:10.924+0000][173561.290s][info][gc,marking  ] GC(5467) Concurrent Mark 1275.649ms
[2025-01-08T20:38:10.924+0000][173561.290s][info][gc,marking  ] GC(5467) Concurrent Rebuild Remembered Sets
[2025-01-08T20:38:11.462+0000][173561.828s][info][gc,marking  ] GC(5467) Concurrent Rebuild Remembered Sets 537.814ms
[2025-01-08T20:38:11.462+0000][173561.828s][info][gc,start    ] GC(5467) Pause Cleanup
[2025-01-08T20:38:11.462+0000][173561.829s][info][gc          ] GC(5467) Pause Cleanup 5016M->5016M(12288M) 0.420ms
[2025-01-08T20:38:11.462+0000][173561.829s][info][gc,cpu      ] GC(5467) User=0.00s Sys=0.00s Real=0.00s
[2025-01-08T20:38:11.463+0000][173561.829s][info][gc,marking  ] GC(5467) Concurrent Cleanup for Next Mark
[2025-01-08T20:38:11.478+0000][173561.844s][info][gc,marking  ] GC(5467) Concurrent Cleanup for Next Mark 15.516ms
[2025-01-08T20:38:11.478+0000][173561.844s][info][gc          ] GC(5467) Concurrent Mark Cycle 1859.246ms
[2025-01-08T20:38:14.887+0000][173565.253s][info][gc,start    ] GC(5468) Pause Young (Prepare Mixed) (G1 Evacuation Pause)
[2025-01-08T20:38:14.887+0000][173565.253s][info][gc,task     ] GC(5468) Using 6 workers of 6 for evacuation
[2025-01-08T20:38:14.922+0000][173565.288s][info][gc,phases   ] GC(5468)   Pre Evacuate Collection Set: 0.2ms
[2025-01-08T20:38:14.922+0000][173565.288s][info][gc,phases   ] GC(5468)   Merge Heap Roots: 0.7ms
[2025-01-08T20:38:14.922+0000][173565.288s][info][gc,phases   ] GC(5468)   Evacuate Collection Set: 31.6ms
[2025-01-08T20:38:14.922+0000][173565.288s][info][gc,phases   ] GC(5468)   Post Evacuate Collection Set: 2.7ms
[2025-01-08T20:38:14.922+0000][173565.288s][info][gc,phases   ] GC(5468)   Other: 0.2ms
[2025-01-08T20:38:14.922+0000][173565.288s][info][gc,heap     ] GC(5468) Eden regions: 912->0(66)
[2025-01-08T20:38:14.922+0000][173565.288s][info][gc,heap     ] GC(5468) Survivor regions: 9->10(116)
[2025-01-08T20:38:14.922+0000][173565.288s][info][gc,heap     ] GC(5468) Old regions: 232->232
[2025-01-08T20:38:14.922+0000][173565.288s][info][gc,heap     ] GC(5468) Archive regions: 2->2
[2025-01-08T20:38:14.922+0000][173565.288s][info][gc,heap     ] GC(5468) Humongous regions: 49->49
[2025-01-08T20:38:14.922+0000][173565.288s][info][gc,metaspace] GC(5468) Metaspace: 523618K(533760K)->523618K(533760K) NonClass: 459784K(465024K)->459784K(465024K) Class: 63834K(68736K)->63834K(68736K)
[2025-01-08T20:38:14.922+0000][173565.288s][info][gc          ] GC(5468) Pause Young (Prepare Mixed) (G1 Evacuation Pause) 9620M->2330M(12288M) 35.601ms
[2025-01-08T20:38:14.922+0000][173565.288s][info][gc,cpu      ] GC(5468) User=0.21s Sys=0.00s Real=0.04s
[2025-01-08T20:38:15.213+0000][173565.579s][info][gc,start    ] GC(5469) Pause Young (Mixed) (G1 Evacuation Pause)
[2025-01-08T20:38:15.213+0000][173565.580s][info][gc,task     ] GC(5469) Using 6 workers of 6 for evacuation
[2025-01-08T20:38:15.277+0000][173565.643s][info][gc,phases   ] GC(5469)   Pre Evacuate Collection Set: 0.2ms
[2025-01-08T20:38:15.277+0000][173565.643s][info][gc,phases   ] GC(5469)   Merge Heap Roots: 0.7ms
[2025-01-08T20:38:15.277+0000][173565.643s][info][gc,phases   ] GC(5469)   Evacuate Collection Set: 60.6ms
[2025-01-08T20:38:15.277+0000][173565.643s][info][gc,phases   ] GC(5469)   Post Evacuate Collection Set: 1.7ms
[2025-01-08T20:38:15.277+0000][173565.643s][info][gc,phases   ] GC(5469)   Other: 0.2ms
[2025-01-08T20:38:15.277+0000][173565.643s][info][gc,heap     ] GC(5469) Eden regions: 66->0(915)
[2025-01-08T20:38:15.277+0000][173565.643s][info][gc,heap     ] GC(5469) Survivor regions: 10->6(10)
[2025-01-08T20:38:15.277+0000][173565.643s][info][gc,heap     ] GC(5469) Old regions: 232->232
[2025-01-08T20:38:15.277+0000][173565.643s][info][gc,heap     ] GC(5469) Archive regions: 2->2
[2025-01-08T20:38:15.277+0000][173565.643s][info][gc,heap     ] GC(5469) Humongous regions: 49->49
[2025-01-08T20:38:15.277+0000][173565.643s][info][gc,metaspace] GC(5469) Metaspace: 523618K(533760K)->523618K(533760K) NonClass: 459784K(465024K)->459784K(465024K) Class: 63834K(68736K)->63834K(68736K)
[2025-01-08T20:38:15.277+0000][173565.643s][info][gc          ] GC(5469) Pause Young (Mixed) (G1 Evacuation Pause) 2858M->2301M(12288M) 63.442ms
[2025-01-08T20:38:15.277+0000][173565.643s][info][gc,cpu      ] GC(5469) User=0.36s Sys=0.00s Real=0.06s
[2025-01-08T20:38:20.368+0000][173570.734s][info][gc,start    ] GC(5470) Pause Young (Normal) (G1 Evacuation Pause)
[2025-01-08T20:38:20.368+0000][173570.734s][info][gc,task     ] GC(5470) Using 6 workers of 6 for evacuation
[2025-01-08T20:38:20.394+0000][173570.760s][info][gc,phases   ] GC(5470)   Pre Evacuate Collection Set: 0.2ms
[2025-01-08T20:38:20.394+0000][173570.760s][info][gc,phases   ] GC(5470)   Merge Heap Roots: 0.4ms
[2025-01-08T20:38:20.394+0000][173570.760s][info][gc,phases   ] GC(5470)   Evacuate Collection Set: 22.3ms
[2025-01-08T20:38:20.394+0000][173570.760s][info][gc,phases   ] GC(5470)   Post Evacuate Collection Set: 2.4ms
[2025-01-08T20:38:20.394+0000][173570.760s][info][gc,phases   ] GC(5470)   Other: 0.2ms
[2025-01-08T20:38:20.394+0000][173570.760s][info][gc,heap     ] GC(5470) Eden regions: 915->0(914)
[2025-01-08T20:38:20.394+0000][173570.760s][info][gc,heap     ] GC(5470) Survivor regions: 6->7(116)
[2025-01-08T20:38:20.394+0000][173570.760s][info][gc,heap     ] GC(5470) Old regions: 232->232
[2025-01-08T20:38:20.394+0000][173570.760s][info][gc,heap     ] GC(5470) Archive regions: 2->2
[2025-01-08T20:38:20.394+0000][173570.760s][info][gc,heap     ] GC(5470) Humongous regions: 49->49
[2025-01-08T20:38:20.394+0000][173570.760s][info][gc,metaspace] GC(5470) Metaspace: 523619K(533760K)->523619K(533760K) NonClass: 459785K(465024K)->459785K(465024K) Class: 63834K(68736K)->63834K(68736K)
[2025-01-08T20:38:20.394+0000][173570.760s][info][gc          ] GC(5470) Pause Young (Normal) (G1 Evacuation Pause) 9621M->2303M(12288M) 25.669ms
[2025-01-08T20:38:20.394+0000][173570.760s][info][gc,cpu      ] GC(5470) User=0.15s Sys=0.01s Real=0.03s
[2025-01-08T20:38:27.781+0000][173578.147s][info][gc,start    ] GC(5471) Pause Young (Normal) (G1 Evacuation Pause)
[2025-01-08T20:38:27.781+0000][173578.147s][info][gc,task     ] GC(5471) Using 6 workers of 6 for evacuation
[2025-01-08T20:38:27.810+0000][173578.176s][info][gc,phases   ] GC(5471)   Pre Evacuate Collection Set: 0.2ms
[2025-01-08T20:38:27.810+0000][173578.176s][info][gc,phases   ] GC(5471)   Merge Heap Roots: 0.4ms
[2025-01-08T20:38:27.810+0000][173578.176s][info][gc,phases   ] GC(5471)   Evacuate Collection Set: 25.6ms
[2025-01-08T20:38:27.810+0000][173578.176s][info][gc,phases   ] GC(5471)   Post Evacuate Collection Set: 2.5ms
[2025-01-08T20:38:27.810+0000][173578.176s][info][gc,phases   ] GC(5471)   Other: 0.2ms
[2025-01-08T20:38:27.810+0000][173578.176s][info][gc,heap     ] GC(5471) Eden regions: 914->0(913)
[2025-01-08T20:38:27.810+0000][173578.176s][info][gc,heap     ] GC(5471) Survivor regions: 7->8(116)
[2025-01-08T20:38:27.810+0000][173578.176s][info][gc,heap     ] GC(5471) Old regions: 232->232
[2025-01-08T20:38:27.810+0000][173578.176s][info][gc,heap     ] GC(5471) Archive regions: 2->2
[2025-01-08T20:38:27.810+0000][173578.176s][info][gc,heap     ] GC(5471) Humongous regions: 49->49
[2025-01-08T20:38:27.810+0000][173578.176s][info][gc,metaspace] GC(5471) Metaspace: 523619K(533760K)->523619K(533760K) NonClass: 459785K(465024K)->459785K(465024K) Class: 63834K(68736K)->63834K(68736K)
[2025-01-08T20:38:27.810+0000][173578.176s][info][gc          ] GC(5471) Pause Young (Normal) (G1 Evacuation Pause) 9615M->2316M(12288M) 29.012ms
[2025-01-08T20:38:27.810+0000][173578.176s][info][gc,cpu      ] GC(5471) User=0.17s Sys=0.01s Real=0.04s
[2025-01-08T20:38:36.851+0000][173587.217s][info][gc,start    ] GC(5472) Pause Young (Concurrent Start) (G1 Evacuation Pause)
[2025-01-08T20:38:36.851+0000][173587.217s][info][gc,task     ] GC(5472) Using 6 workers of 6 for evacuation
[2025-01-08T20:38:36.885+0000][173587.251s][info][gc,phases   ] GC(5472)   Pre Evacuate Collection Set: 1.1ms
[2025-01-08T20:38:36.885+0000][173587.251s][info][gc,phases   ] GC(5472)   Merge Heap Roots: 0.4ms
[2025-01-08T20:38:36.885+0000][173587.251s][info][gc,phases   ] GC(5472)   Evacuate Collection Set: 30.1ms
[2025-01-08T20:38:36.885+0000][173587.251s][info][gc,phases   ] GC(5472)   Post Evacuate Collection Set: 2.7ms
[2025-01-08T20:38:36.885+0000][173587.251s][info][gc,phases   ] GC(5472)   Other: 0.3ms
[2025-01-08T20:38:36.885+0000][173587.251s][info][gc,heap     ] GC(5472) Eden regions: 913->0(912)
[2025-01-08T20:38:36.885+0000][173587.251s][info][gc,heap     ] GC(5472) Survivor regions: 8->9(116)
[2025-01-08T20:38:36.885+0000][173587.251s][info][gc,heap     ] GC(5472) Old regions: 232->232
[2025-01-08T20:38:36.885+0000][173587.251s][info][gc,heap     ] GC(5472) Archive regions: 2->2
[2025-01-08T20:38:36.885+0000][173587.251s][info][gc,heap     ] GC(5472) Humongous regions: 49->49
[2025-01-08T20:38:36.885+0000][173587.251s][info][gc,metaspace] GC(5472) Metaspace: 523619K(533760K)->523619K(533760K) NonClass: 459785K(465024K)->459785K(465024K) Class: 63834K(68736K)->63834K(68736K)
[2025-01-08T20:38:36.885+0000][173587.252s][info][gc          ] GC(5472) Pause Young (Concurrent Start) (G1 Evacuation Pause) 9620M->2326M(12288M) 34.701ms
[2025-01-08T20:38:36.885+0000][173587.252s][info][gc,cpu      ] GC(5472) User=0.20s Sys=0.00s Real=0.03s
[2025-01-08T20:38:36.886+0000][173587.252s][info][gc          ] GC(5473) Concurrent Mark Cycle
[2025-01-08T20:38:36.886+0000][173587.252s][info][gc,marking  ] GC(5473) Concurrent Clear Claimed Marks
[2025-01-08T20:38:36.886+0000][173587.253s][info][gc,marking  ] GC(5473) Concurrent Clear Claimed Marks 0.937ms
[2025-01-08T20:38:36.887+0000][173587.253s][info][gc,marking  ] GC(5473) Concurrent Scan Root Regions
[2025-01-08T20:38:36.914+0000][173587.280s][info][gc,marking  ] GC(5473) Concurrent Scan Root Regions 27.108ms
[2025-01-08T20:38:36.914+0000][173587.280s][info][gc,marking  ] GC(5473) Concurrent Mark
[2025-01-08T20:38:36.914+0000][173587.280s][info][gc,marking  ] GC(5473) Concurrent Mark From Roots
[2025-01-08T20:38:36.914+0000][173587.280s][info][gc,task     ] GC(5473) Using 2 workers of 2 for marking
[2025-01-08T20:38:37.771+0000][173588.137s][info][gc,marking  ] GC(5473) Concurrent Mark From Roots 857.290ms
[2025-01-08T20:38:37.771+0000][173588.137s][info][gc,marking  ] GC(5473) Concurrent Preclean
[2025-01-08T20:38:37.774+0000][173588.140s][info][gc,marking  ] GC(5473) Concurrent Preclean 2.573ms
[2025-01-08T20:38:37.774+0000][173588.140s][info][gc,start    ] GC(5473) Pause Remark
[2025-01-08T20:38:37.799+0000][173588.165s][info][gc          ] GC(5473) Pause Remark 3124M->3124M(12288M) 25.668ms
[2025-01-08T20:38:37.799+0000][173588.166s][info][gc,cpu      ] GC(5473) User=0.15s Sys=0.00s Real=0.02s
[2025-01-08T20:38:37.800+0000][173588.166s][info][gc,marking  ] GC(5473) Concurrent Mark 885.875ms
[2025-01-08T20:38:37.800+0000][173588.166s][info][gc,marking  ] GC(5473) Concurrent Rebuild Remembered Sets
[2025-01-08T20:38:38.302+0000][173588.668s][info][gc,marking  ] GC(5473) Concurrent Rebuild Remembered Sets 502.207ms
[2025-01-08T20:38:38.302+0000][173588.668s][info][gc,start    ] GC(5473) Pause Cleanup
[2025-01-08T20:38:38.302+0000][173588.668s][info][gc          ] GC(5473) Pause Cleanup 3521M->3521M(12288M) 0.369ms
[2025-01-08T20:38:38.302+0000][173588.668s][info][gc,cpu      ] GC(5473) User=0.00s Sys=0.00s Real=0.00s
[2025-01-08T20:38:38.302+0000][173588.668s][info][gc,marking  ] GC(5473) Concurrent Cleanup for Next Mark
[2025-01-08T20:38:38.318+0000][173588.684s][info][gc,marking  ] GC(5473) Concurrent Cleanup for Next Mark 15.352ms
[2025-01-08T20:38:38.318+0000][173588.684s][info][gc          ] GC(5473) Concurrent Mark Cycle 1432.220ms
[2025-01-08T20:38:46.633+0000][173596.999s][info][gc,start    ] GC(5474) Pause Young (Prepare Mixed) (G1 Evacuation Pause)
[2025-01-08T20:38:46.633+0000][173596.999s][info][gc,task     ] GC(5474) Using 6 workers of 6 for evacuation
[2025-01-08T20:38:46.671+0000][173597.037s][info][gc,phases   ] GC(5474)   Pre Evacuate Collection Set: 0.2ms
[2025-01-08T20:38:46.671+0000][173597.037s][info][gc,phases   ] GC(5474)   Merge Heap Roots: 0.7ms
[2025-01-08T20:38:46.671+0000][173597.037s][info][gc,phases   ] GC(5474)   Evacuate Collection Set: 34.3ms
[2025-01-08T20:38:46.671+0000][173597.037s][info][gc,phases   ] GC(5474)   Post Evacuate Collection Set: 2.8ms
[2025-01-08T20:38:46.671+0000][173597.037s][info][gc,phases   ] GC(5474)   Other: 0.2ms
[2025-01-08T20:38:46.671+0000][173597.037s][info][gc,heap     ] GC(5474) Eden regions: 912->0(65)
[2025-01-08T20:38:46.671+0000][173597.037s][info][gc,heap     ] GC(5474) Survivor regions: 9->11(116)
[2025-01-08T20:38:46.671+0000][173597.037s][info][gc,heap     ] GC(5474) Old regions: 232->232
[2025-01-08T20:38:46.671+0000][173597.037s][info][gc,heap     ] GC(5474) Archive regions: 2->2
[2025-01-08T20:38:46.671+0000][173597.037s][info][gc,heap     ] GC(5474) Humongous regions: 49->49
[2025-01-08T20:38:46.671+0000][173597.037s][info][gc,metaspace] GC(5474) Metaspace: 523619K(533760K)->523619K(533760K) NonClass: 459785K(465024K)->459785K(465024K) Class: 63834K(68736K)->63834K(68736K)
[2025-01-08T20:38:46.671+0000][173597.037s][info][gc          ] GC(5474) Pause Young (Prepare Mixed) (G1 Evacuation Pause) 9622M->2340M(12288M) 38.250ms
[2025-01-08T20:38:46.671+0000][173597.037s][info][gc,cpu      ] GC(5474) User=0.22s Sys=0.00s Real=0.04s
[2025-01-08T20:38:47.090+0000][173597.456s][info][gc,start    ] GC(5475) Pause Young (Mixed) (G1 Evacuation Pause)
[2025-01-08T20:38:47.090+0000][173597.456s][info][gc,task     ] GC(5475) Using 6 workers of 6 for evacuation
[2025-01-08T20:38:47.156+0000][173597.522s][info][gc,phases   ] GC(5475)   Pre Evacuate Collection Set: 0.2ms
[2025-01-08T20:38:47.156+0000][173597.522s][info][gc,phases   ] GC(5475)   Merge Heap Roots: 0.7ms
[2025-01-08T20:38:47.156+0000][173597.522s][info][gc,phases   ] GC(5475)   Evacuate Collection Set: 61.7ms
[2025-01-08T20:38:47.156+0000][173597.522s][info][gc,phases   ] GC(5475)   Post Evacuate Collection Set: 3.1ms
[2025-01-08T20:38:47.156+0000][173597.522s][info][gc,phases   ] GC(5475)   Other: 0.2ms
[2025-01-08T20:38:47.156+0000][173597.522s][info][gc,heap     ] GC(5475) Eden regions: 65->0(912)
[2025-01-08T20:38:47.156+0000][173597.522s][info][gc,heap     ] GC(5475) Survivor regions: 11->9(10)
[2025-01-08T20:38:47.156+0000][173597.522s][info][gc,heap     ] GC(5475) Old regions: 232->234
[2025-01-08T20:38:47.156+0000][173597.522s][info][gc,heap     ] GC(5475) Archive regions: 2->2
[2025-01-08T20:38:47.156+0000][173597.522s][info][gc,heap     ] GC(5475) Humongous regions: 49->49
[2025-01-08T20:38:47.156+0000][173597.522s][info][gc,metaspace] GC(5475) Metaspace: 523619K(533760K)->523619K(533760K) NonClass: 459785K(465024K)->459785K(465024K) Class: 63834K(68736K)->63834K(68736K)
[2025-01-08T20:38:47.156+0000][173597.522s][info][gc          ] GC(5475) Pause Young (Mixed) (G1 Evacuation Pause) 2860M->2342M(12288M) 65.928ms
[2025-01-08T20:38:47.156+0000][173597.522s][info][gc,cpu      ] GC(5475) User=0.39s Sys=0.00s Real=0.06s
[2025-01-08T20:38:52.426+0000][173602.792s][info][gc,start    ] GC(5476) Pause Young (Normal) (G1 Evacuation Pause)
[2025-01-08T20:38:52.426+0000][173602.792s][info][gc,task     ] GC(5476) Using 6 workers of 6 for evacuation
[2025-01-08T20:38:52.451+0000][173602.817s][info][gc,phases   ] GC(5476)   Pre Evacuate Collection Set: 0.2ms
[2025-01-08T20:38:52.451+0000][173602.817s][info][gc,phases   ] GC(5476)   Merge Heap Roots: 0.4ms
[2025-01-08T20:38:52.451+0000][173602.817s][info][gc,phases   ] GC(5476)   Evacuate Collection Set: 20.9ms
[2025-01-08T20:38:52.451+0000][173602.817s][info][gc,phases   ] GC(5476)   Post Evacuate Collection Set: 3.8ms
[2025-01-08T20:38:52.451+0000][173602.817s][info][gc,phases   ] GC(5476)   Other: 0.2ms
[2025-01-08T20:38:52.451+0000][173602.817s][info][gc,heap     ] GC(5476) Eden regions: 912->0(914)
[2025-01-08T20:38:52.451+0000][173602.817s][info][gc,heap     ] GC(5476) Survivor regions: 9->7(116)
[2025-01-08T20:38:52.451+0000][173602.817s][info][gc,heap     ] GC(5476) Old regions: 234->234
[2025-01-08T20:38:52.451+0000][173602.817s][info][gc,heap     ] GC(5476) Archive regions: 2->2
[2025-01-08T20:38:52.451+0000][173602.817s][info][gc,heap     ] GC(5476) Humongous regions: 49->49
[2025-01-08T20:38:52.451+0000][173602.817s][info][gc,metaspace] GC(5476) Metaspace: 523619K(533760K)->523619K(533760K) NonClass: 459785K(465024K)->459785K(465024K) Class: 63834K(68736K)->63834K(68736K)
[2025-01-08T20:38:52.451+0000][173602.817s][info][gc          ] GC(5476) Pause Young (Normal) (G1 Evacuation Pause) 9638M->2326M(12288M) 25.619ms
[2025-01-08T20:38:52.451+0000][173602.818s][info][gc,cpu      ] GC(5476) User=0.15s Sys=0.00s Real=0.03s
[2025-01-08T20:39:00.471+0000][173610.837s][info][gc,start    ] GC(5477) Pause Young (Normal) (G1 Evacuation Pause)
[2025-01-08T20:39:00.471+0000][173610.837s][info][gc,task     ] GC(5477) Using 6 workers of 6 for evacuation
[2025-01-08T20:39:00.497+0000][173610.863s][info][gc,phases   ] GC(5477)   Pre Evacuate Collection Set: 0.2ms
[2025-01-08T20:39:00.497+0000][173610.863s][info][gc,phases   ] GC(5477)   Merge Heap Roots: 0.4ms
[2025-01-08T20:39:00.497+0000][173610.863s][info][gc,phases   ] GC(5477)   Evacuate Collection Set: 23.0ms
[2025-01-08T20:39:00.497+0000][173610.863s][info][gc,phases   ] GC(5477)   Post Evacuate Collection Set: 2.5ms
[2025-01-08T20:39:00.497+0000][173610.863s][info][gc,phases   ] GC(5477)   Other: 0.2ms
[2025-01-08T20:39:00.497+0000][173610.863s][info][gc,heap     ] GC(5477) Eden regions: 914->0(913)
[2025-01-08T20:39:00.497+0000][173610.863s][info][gc,heap     ] GC(5477) Survivor regions: 7->8(116)
[2025-01-08T20:39:00.497+0000][173610.863s][info][gc,heap     ] GC(5477) Old regions: 234->234
[2025-01-08T20:39:00.497+0000][173610.863s][info][gc,heap     ] GC(5477) Archive regions: 2->2
[2025-01-08T20:39:00.497+0000][173610.863s][info][gc,heap     ] GC(5477) Humongous regions: 49->49
[2025-01-08T20:39:00.497+0000][173610.863s][info][gc,metaspace] GC(5477) Metaspace: 523619K(533760K)->523619K(533760K) NonClass: 459785K(465024K)->459785K(465024K) Class: 63834K(68736K)->63834K(68736K)
[2025-01-08T20:39:00.497+0000][173610.863s][info][gc          ] GC(5477) Pause Young (Normal) (G1 Evacuation Pause) 9638M->2330M(12288M) 26.423ms
[2025-01-08T20:39:00.497+0000][173610.863s][info][gc,cpu      ] GC(5477) User=0.15s Sys=0.00s Real=0.02s
[2025-01-08T20:39:10.225+0000][173620.591s][info][gc,start    ] GC(5478) Pause Young (Concurrent Start) (G1 Evacuation Pause)
[2025-01-08T20:39:10.225+0000][173620.591s][info][gc,task     ] GC(5478) Using 6 workers of 6 for evacuation
[2025-01-08T20:39:10.260+0000][173620.626s][info][gc,phases   ] GC(5478)   Pre Evacuate Collection Set: 1.2ms
[2025-01-08T20:39:10.260+0000][173620.626s][info][gc,phases   ] GC(5478)   Merge Heap Roots: 0.5ms
[2025-01-08T20:39:10.260+0000][173620.626s][info][gc,phases   ] GC(5478)   Evacuate Collection Set: 29.1ms
[2025-01-08T20:39:10.260+0000][173620.626s][info][gc,phases   ] GC(5478)   Post Evacuate Collection Set: 4.1ms
[2025-01-08T20:39:10.260+0000][173620.626s][info][gc,phases   ] GC(5478)   Other: 0.3ms
[2025-01-08T20:39:10.260+0000][173620.626s][info][gc,heap     ] GC(5478) Eden regions: 913->0(911)
[2025-01-08T20:39:10.260+0000][173620.626s][info][gc,heap     ] GC(5478) Survivor regions: 8->10(116)
[2025-01-08T20:39:10.260+0000][173620.626s][info][gc,heap     ] GC(5478) Old regions: 234->234
[2025-01-08T20:39:10.260+0000][173620.626s][info][gc,heap     ] GC(5478) Archive regions: 2->2
[2025-01-08T20:39:10.260+0000][173620.626s][info][gc,heap     ] GC(5478) Humongous regions: 49->49
[2025-01-08T20:39:10.260+0000][173620.626s][info][gc,metaspace] GC(5478) Metaspace: 523619K(533760K)->523619K(533760K) NonClass: 459785K(465024K)->459785K(465024K) Class: 63834K(68736K)->63834K(68736K)
[2025-01-08T20:39:10.260+0000][173620.626s][info][gc          ] GC(5478) Pause Young (Concurrent Start) (G1 Evacuation Pause) 9634M->2350M(12288M) 35.211ms
[2025-01-08T20:39:10.260+0000][173620.626s][info][gc,cpu      ] GC(5478) User=0.20s Sys=0.00s Real=0.03s
[2025-01-08T20:39:10.260+0000][173620.626s][info][gc          ] GC(5479) Concurrent Mark Cycle
[2025-01-08T20:39:10.260+0000][173620.626s][info][gc,marking  ] GC(5479) Concurrent Clear Claimed Marks
[2025-01-08T20:39:10.261+0000][173620.627s][info][gc,marking  ] GC(5479) Concurrent Clear Claimed Marks 0.842ms
[2025-01-08T20:39:10.261+0000][173620.627s][info][gc,marking  ] GC(5479) Concurrent Scan Root Regions
[2025-01-08T20:39:10.283+0000][173620.649s][info][gc,marking  ] GC(5479) Concurrent Scan Root Regions 21.930ms
[2025-01-08T20:39:10.283+0000][173620.649s][info][gc,marking  ] GC(5479) Concurrent Mark
[2025-01-08T20:39:10.283+0000][173620.649s][info][gc,marking  ] GC(5479) Concurrent Mark From Roots
[2025-01-08T20:39:10.283+0000][173620.649s][info][gc,task     ] GC(5479) Using 2 workers of 2 for marking
[2025-01-08T20:39:11.020+0000][173621.386s][info][gc,marking  ] GC(5479) Concurrent Mark From Roots 737.234ms
[2025-01-08T20:39:11.020+0000][173621.386s][info][gc,marking  ] GC(5479) Concurrent Preclean
[2025-01-08T20:39:11.023+0000][173621.389s][info][gc,marking  ] GC(5479) Concurrent Preclean 2.627ms
[2025-01-08T20:39:11.023+0000][173621.389s][info][gc,start    ] GC(5479) Pause Remark
[2025-01-08T20:39:11.048+0000][173621.414s][info][gc          ] GC(5479) Pause Remark 2866M->2866M(12288M) 25.633ms
[2025-01-08T20:39:11.048+0000][173621.414s][info][gc,cpu      ] GC(5479) User=0.15s Sys=0.00s Real=0.02s
[2025-01-08T20:39:11.048+0000][173621.415s][info][gc,marking  ] GC(5479) Concurrent Mark 765.825ms
[2025-01-08T20:39:11.048+0000][173621.415s][info][gc,marking  ] GC(5479) Concurrent Rebuild Remembered Sets
[2025-01-08T20:39:11.556+0000][173621.922s][info][gc,marking  ] GC(5479) Concurrent Rebuild Remembered Sets 507.538ms
[2025-01-08T20:39:11.556+0000][173621.922s][info][gc,start    ] GC(5479) Pause Cleanup
[2025-01-08T20:39:11.557+0000][173621.923s][info][gc          ] GC(5479) Pause Cleanup 3318M->3318M(12288M) 0.483ms
[2025-01-08T20:39:11.557+0000][173621.923s][info][gc,cpu      ] GC(5479) User=0.00s Sys=0.00s Real=0.00s
[2025-01-08T20:39:11.557+0000][173621.923s][info][gc,marking  ] GC(5479) Concurrent Cleanup for Next Mark
[2025-01-08T20:39:11.573+0000][173621.939s][info][gc,marking  ] GC(5479) Concurrent Cleanup for Next Mark 15.935ms
[2025-01-08T20:39:11.573+0000][173621.939s][info][gc          ] GC(5479) Concurrent Mark Cycle 1312.958ms
[2025-01-08T20:39:19.313+0000][173629.679s][info][gc,start    ] GC(5480) Pause Young (Prepare Mixed) (G1 Evacuation Pause)
[2025-01-08T20:39:19.313+0000][173629.679s][info][gc,task     ] GC(5480) Using 6 workers of 6 for evacuation
[2025-01-08T20:39:19.349+0000][173629.715s][info][gc,phases   ] GC(5480)   Pre Evacuate Collection Set: 0.3ms
[2025-01-08T20:39:19.349+0000][173629.715s][info][gc,phases   ] GC(5480)   Merge Heap Roots: 0.7ms
[2025-01-08T20:39:19.349+0000][173629.715s][info][gc,phases   ] GC(5480)   Evacuate Collection Set: 32.1ms
[2025-01-08T20:39:19.349+0000][173629.715s][info][gc,phases   ] GC(5480)   Post Evacuate Collection Set: 2.6ms
[2025-01-08T20:39:19.349+0000][173629.715s][info][gc,phases   ] GC(5480)   Other: 0.2ms
[2025-01-08T20:39:19.349+0000][173629.715s][info][gc,heap     ] GC(5480) Eden regions: 911->0(65)
[2025-01-08T20:39:19.349+0000][173629.715s][info][gc,heap     ] GC(5480) Survivor regions: 10->11(116)
[2025-01-08T20:39:19.349+0000][173629.715s][info][gc,heap     ] GC(5480) Old regions: 234->234
[2025-01-08T20:39:19.349+0000][173629.715s][info][gc,heap     ] GC(5480) Archive regions: 2->2
[2025-01-08T20:39:19.349+0000][173629.715s][info][gc,heap     ] GC(5480) Humongous regions: 49->49
[2025-01-08T20:39:19.349+0000][173629.715s][info][gc,metaspace] GC(5480) Metaspace: 523620K(533760K)->523620K(533760K) NonClass: 459785K(465024K)->459785K(465024K) Class: 63834K(68736K)->63834K(68736K)
[2025-01-08T20:39:19.349+0000][173629.715s][info][gc          ] GC(5480) Pause Young (Prepare Mixed) (G1 Evacuation Pause) 9638M->2355M(12288M) 36.043ms
[2025-01-08T20:39:19.349+0000][173629.715s][info][gc,cpu      ] GC(5480) User=0.21s Sys=0.00s Real=0.03s
[2025-01-08T20:39:20.069+0000][173630.435s][info][gc,start    ] GC(5481) Pause Young (Mixed) (G1 Evacuation Pause)
[2025-01-08T20:39:20.069+0000][173630.435s][info][gc,task     ] GC(5481) Using 6 workers of 6 for evacuation
[2025-01-08T20:39:20.120+0000][173630.486s][info][gc,phases   ] GC(5481)   Pre Evacuate Collection Set: 0.2ms
[2025-01-08T20:39:20.120+0000][173630.486s][info][gc,phases   ] GC(5481)   Merge Heap Roots: 0.5ms
[2025-01-08T20:39:20.120+0000][173630.486s][info][gc,phases   ] GC(5481)   Evacuate Collection Set: 48.3ms
[2025-01-08T20:39:20.120+0000][173630.486s][info][gc,phases   ] GC(5481)   Post Evacuate Collection Set: 1.5ms
[2025-01-08T20:39:20.120+0000][173630.486s][info][gc,phases   ] GC(5481)   Other: 0.2ms
[2025-01-08T20:39:20.120+0000][173630.486s][info][gc,heap     ] GC(5481) Eden regions: 65->0(915)
[2025-01-08T20:39:20.120+0000][173630.486s][info][gc,heap     ] GC(5481) Survivor regions: 11->6(10)
[2025-01-08T20:39:20.120+0000][173630.486s][info][gc,heap     ] GC(5481) Old regions: 234->234
[2025-01-08T20:39:20.120+0000][173630.486s][info][gc,heap     ] GC(5481) Archive regions: 2->2
[2025-01-08T20:39:20.120+0000][173630.486s][info][gc,heap     ] GC(5481) Humongous regions: 49->49
[2025-01-08T20:39:20.120+0000][173630.486s][info][gc,metaspace] GC(5481) Metaspace: 523620K(533760K)->523620K(533760K) NonClass: 459785K(465024K)->459785K(465024K) Class: 63834K(68736K)->63834K(68736K)
[2025-01-08T20:39:20.120+0000][173630.486s][info][gc          ] GC(5481) Pause Young (Mixed) (G1 Evacuation Pause) 2875M->2308M(12288M) 50.821ms
[2025-01-08T20:39:20.120+0000][173630.486s][info][gc,cpu      ] GC(5481) User=0.30s Sys=0.00s Real=0.05s
[2025-01-08T20:39:29.522+0000][173639.888s][info][gc,start    ] GC(5482) Pause Young (Normal) (G1 Evacuation Pause)
[2025-01-08T20:39:29.522+0000][173639.888s][info][gc,task     ] GC(5482) Using 6 workers of 6 for evacuation
[2025-01-08T20:39:29.549+0000][173639.915s][info][gc,phases   ] GC(5482)   Pre Evacuate Collection Set: 0.2ms
[2025-01-08T20:39:29.549+0000][173639.915s][info][gc,phases   ] GC(5482)   Merge Heap Roots: 0.4ms
[2025-01-08T20:39:29.549+0000][173639.915s][info][gc,phases   ] GC(5482)   Evacuate Collection Set: 23.5ms
[2025-01-08T20:39:29.549+0000][173639.915s][info][gc,phases   ] GC(5482)   Post Evacuate Collection Set: 2.5ms
[2025-01-08T20:39:29.549+0000][173639.915s][info][gc,phases   ] GC(5482)   Other: 0.2ms
[2025-01-08T20:39:29.549+0000][173639.915s][info][gc,heap     ] GC(5482) Eden regions: 915->0(914)
[2025-01-08T20:39:29.549+0000][173639.915s][info][gc,heap     ] GC(5482) Survivor regions: 6->7(116)
[2025-01-08T20:39:29.549+0000][173639.915s][info][gc,heap     ] GC(5482) Old regions: 234->234
[2025-01-08T20:39:29.549+0000][173639.915s][info][gc,heap     ] GC(5482) Archive regions: 2->2
[2025-01-08T20:39:29.549+0000][173639.915s][info][gc,heap     ] GC(5482) Humongous regions: 49->49
[2025-01-08T20:39:29.549+0000][173639.915s][info][gc,metaspace] GC(5482) Metaspace: 523620K(533760K)->523620K(533760K) NonClass: 459785K(465024K)->459785K(465024K) Class: 63834K(68736K)->63834K(68736K)
[2025-01-08T20:39:29.549+0000][173639.915s][info][gc          ] GC(5482) Pause Young (Normal) (G1 Evacuation Pause) 9628M->2320M(12288M) 26.923ms
[2025-01-08T20:39:29.549+0000][173639.915s][info][gc,cpu      ] GC(5482) User=0.16s Sys=0.00s Real=0.02s
[2025-01-08T20:39:36.785+0000][173647.151s][info][gc,start    ] GC(5483) Pause Young (Normal) (G1 Evacuation Pause)
[2025-01-08T20:39:36.785+0000][173647.151s][info][gc,task     ] GC(5483) Using 6 workers of 6 for evacuation
[2025-01-08T20:39:36.814+0000][173647.180s][info][gc,phases   ] GC(5483)   Pre Evacuate Collection Set: 0.2ms
[2025-01-08T20:39:36.814+0000][173647.180s][info][gc,phases   ] GC(5483)   Merge Heap Roots: 0.4ms
[2025-01-08T20:39:36.814+0000][173647.180s][info][gc,phases   ] GC(5483)   Evacuate Collection Set: 26.0ms
[2025-01-08T20:39:36.814+0000][173647.180s][info][gc,phases   ] GC(5483)   Post Evacuate Collection Set: 2.5ms
[2025-01-08T20:39:36.814+0000][173647.180s][info][gc,phases   ] GC(5483)   Other: 0.2ms
[2025-01-08T20:39:36.814+0000][173647.180s][info][gc,heap     ] GC(5483) Eden regions: 914->0(913)
[2025-01-08T20:39:36.814+0000][173647.180s][info][gc,heap     ] GC(5483) Survivor regions: 7->8(116)
[2025-01-08T20:39:36.814+0000][173647.180s][info][gc,heap     ] GC(5483) Old regions: 234->234
[2025-01-08T20:39:36.814+0000][173647.180s][info][gc,heap     ] GC(5483) Archive regions: 2->2
[2025-01-08T20:39:36.814+0000][173647.180s][info][gc,heap     ] GC(5483) Humongous regions: 49->49
[2025-01-08T20:39:36.814+0000][173647.180s][info][gc,metaspace] GC(5483) Metaspace: 523620K(533760K)->523620K(533760K) NonClass: 459785K(465024K)->459785K(465024K) Class: 63834K(68736K)->63834K(68736K)
[2025-01-08T20:39:36.814+0000][173647.180s][info][gc          ] GC(5483) Pause Young (Normal) (G1 Evacuation Pause) 9632M->2329M(12288M) 29.320ms
[2025-01-08T20:39:36.814+0000][173647.180s][info][gc,cpu      ] GC(5483) User=0.17s Sys=0.00s Real=0.03s
[2025-01-08T20:39:43.050+0000][173653.416s][info][gc,start    ] GC(5484) Pause Young (Concurrent Start) (G1 Evacuation Pause)
[2025-01-08T20:39:43.050+0000][173653.416s][info][gc,task     ] GC(5484) Using 6 workers of 6 for evacuation
[2025-01-08T20:39:43.088+0000][173653.454s][info][gc,phases   ] GC(5484)   Pre Evacuate Collection Set: 1.2ms
[2025-01-08T20:39:43.088+0000][173653.454s][info][gc,phases   ] GC(5484)   Merge Heap Roots: 0.5ms
[2025-01-08T20:39:43.088+0000][173653.454s][info][gc,phases   ] GC(5484)   Evacuate Collection Set: 31.2ms
[2025-01-08T20:39:43.088+0000][173653.454s][info][gc,phases   ] GC(5484)   Post Evacuate Collection Set: 5.2ms
[2025-01-08T20:39:43.088+0000][173653.454s][info][gc,phases   ] GC(5484)   Other: 0.3ms
[2025-01-08T20:39:43.088+0000][173653.454s][info][gc,heap     ] GC(5484) Eden regions: 913->0(910)
[2025-01-08T20:39:43.088+0000][173653.454s][info][gc,heap     ] GC(5484) Survivor regions: 8->11(116)
[2025-01-08T20:39:43.088+0000][173653.454s][info][gc,heap     ] GC(5484) Old regions: 234->234
[2025-01-08T20:39:43.088+0000][173653.454s][info][gc,heap     ] GC(5484) Archive regions: 2->2
[2025-01-08T20:39:43.088+0000][173653.454s][info][gc,heap     ] GC(5484) Humongous regions: 49->49
[2025-01-08T20:39:43.088+0000][173653.454s][info][gc,metaspace] GC(5484) Metaspace: 523620K(533760K)->523620K(533760K) NonClass: 459785K(465024K)->459785K(465024K) Class: 63834K(68736K)->63834K(68736K)
[2025-01-08T20:39:43.088+0000][173653.455s][info][gc          ] GC(5484) Pause Young (Concurrent Start) (G1 Evacuation Pause) 9633M->2354M(12288M) 38.479ms
[2025-01-08T20:39:43.088+0000][173653.455s][info][gc,cpu      ] GC(5484) User=0.22s Sys=0.00s Real=0.03s
[2025-01-08T20:39:43.088+0000][173653.455s][info][gc          ] GC(5485) Concurrent Mark Cycle
[2025-01-08T20:39:43.089+0000][173653.455s][info][gc,marking  ] GC(5485) Concurrent Clear Claimed Marks
[2025-01-08T20:39:43.089+0000][173653.456s][info][gc,marking  ] GC(5485) Concurrent Clear Claimed Marks 0.962ms
[2025-01-08T20:39:43.090+0000][173653.456s][info][gc,marking  ] GC(5485) Concurrent Scan Root Regions
[2025-01-08T20:39:43.120+0000][173653.486s][info][gc,marking  ] GC(5485) Concurrent Scan Root Regions 30.798ms
[2025-01-08T20:39:43.120+0000][173653.486s][info][gc,marking  ] GC(5485) Concurrent Mark
[2025-01-08T20:39:43.120+0000][173653.486s][info][gc,marking  ] GC(5485) Concurrent Mark From Roots
[2025-01-08T20:39:43.120+0000][173653.486s][info][gc,task     ] GC(5485) Using 2 workers of 2 for marking
[2025-01-08T20:39:43.884+0000][173654.250s][info][gc,marking  ] GC(5485) Concurrent Mark From Roots 763.565ms
[2025-01-08T20:39:43.884+0000][173654.250s][info][gc,marking  ] GC(5485) Concurrent Preclean
[2025-01-08T20:39:43.887+0000][173654.253s][info][gc,marking  ] GC(5485) Concurrent Preclean 2.657ms
[2025-01-08T20:39:43.887+0000][173654.253s][info][gc,start    ] GC(5485) Pause Remark
[2025-01-08T20:39:43.912+0000][173654.278s][info][gc          ] GC(5485) Pause Remark 3030M->3030M(12288M) 25.478ms
[2025-01-08T20:39:43.912+0000][173654.278s][info][gc,cpu      ] GC(5485) User=0.14s Sys=0.00s Real=0.03s
[2025-01-08T20:39:43.912+0000][173654.278s][info][gc,marking  ] GC(5485) Concurrent Mark 791.995ms
[2025-01-08T20:39:43.912+0000][173654.278s][info][gc,marking  ] GC(5485) Concurrent Rebuild Remembered Sets
[2025-01-08T20:39:44.429+0000][173654.795s][info][gc,marking  ] GC(5485) Concurrent Rebuild Remembered Sets 516.223ms
[2025-01-08T20:39:44.429+0000][173654.795s][info][gc,start    ] GC(5485) Pause Cleanup
[2025-01-08T20:39:44.429+0000][173654.795s][info][gc          ] GC(5485) Pause Cleanup 3486M->3486M(12288M) 0.422ms
[2025-01-08T20:39:44.429+0000][173654.795s][info][gc,cpu      ] GC(5485) User=0.00s Sys=0.00s Real=0.00s
[2025-01-08T20:39:44.429+0000][173654.795s][info][gc,marking  ] GC(5485) Concurrent Cleanup for Next Mark
[2025-01-08T20:39:44.445+0000][173654.811s][info][gc,marking  ] GC(5485) Concurrent Cleanup for Next Mark 15.351ms
[2025-01-08T20:39:44.445+0000][173654.811s][info][gc          ] GC(5485) Concurrent Mark Cycle 1356.153ms
[2025-01-08T20:39:48.856+0000][173659.222s][info][gc,start    ] GC(5486) Pause Young (Prepare Mixed) (G1 Evacuation Pause)
[2025-01-08T20:39:48.856+0000][173659.222s][info][gc,task     ] GC(5486) Using 6 workers of 6 for evacuation
[2025-01-08T20:39:48.891+0000][173659.257s][info][gc,phases   ] GC(5486)   Pre Evacuate Collection Set: 0.2ms
[2025-01-08T20:39:48.891+0000][173659.257s][info][gc,phases   ] GC(5486)   Merge Heap Roots: 0.7ms
[2025-01-08T20:39:48.891+0000][173659.257s][info][gc,phases   ] GC(5486)   Evacuate Collection Set: 31.4ms
[2025-01-08T20:39:48.891+0000][173659.257s][info][gc,phases   ] GC(5486)   Post Evacuate Collection Set: 2.5ms
[2025-01-08T20:39:48.891+0000][173659.257s][info][gc,phases   ] GC(5486)   Other: 0.2ms
[2025-01-08T20:39:48.891+0000][173659.257s][info][gc,heap     ] GC(5486) Eden regions: 910->0(67)
[2025-01-08T20:39:48.891+0000][173659.257s][info][gc,heap     ] GC(5486) Survivor regions: 11->9(116)
[2025-01-08T20:39:48.891+0000][173659.257s][info][gc,heap     ] GC(5486) Old regions: 234->234
[2025-01-08T20:39:48.891+0000][173659.257s][info][gc,heap     ] GC(5486) Archive regions: 2->2
[2025-01-08T20:39:48.891+0000][173659.257s][info][gc,heap     ] GC(5486) Humongous regions: 49->49
[2025-01-08T20:39:48.891+0000][173659.257s][info][gc,metaspace] GC(5486) Metaspace: 523620K(533760K)->523620K(533760K) NonClass: 459785K(465024K)->459785K(465024K) Class: 63834K(68736K)->63834K(68736K)
[2025-01-08T20:39:48.891+0000][173659.257s][info][gc          ] GC(5486) Pause Young (Prepare Mixed) (G1 Evacuation Pause) 9634M->2338M(12288M) 35.051ms
[2025-01-08T20:39:48.891+0000][173659.257s][info][gc,cpu      ] GC(5486) User=0.21s Sys=0.00s Real=0.04s
[2025-01-08T20:39:49.199+0000][173659.565s][info][gc,start    ] GC(5487) Pause Young (Mixed) (G1 Evacuation Pause)
[2025-01-08T20:39:49.199+0000][173659.565s][info][gc,task     ] GC(5487) Using 6 workers of 6 for evacuation
[2025-01-08T20:39:49.254+0000][173659.620s][info][gc,phases   ] GC(5487)   Pre Evacuate Collection Set: 0.2ms
[2025-01-08T20:39:49.254+0000][173659.620s][info][gc,phases   ] GC(5487)   Merge Heap Roots: 0.5ms
[2025-01-08T20:39:49.254+0000][173659.620s][info][gc,phases   ] GC(5487)   Evacuate Collection Set: 52.7ms
[2025-01-08T20:39:49.254+0000][173659.620s][info][gc,phases   ] GC(5487)   Post Evacuate Collection Set: 1.7ms
[2025-01-08T20:39:49.254+0000][173659.620s][info][gc,phases   ] GC(5487)   Other: 0.2ms
[2025-01-08T20:39:49.254+0000][173659.620s][info][gc,heap     ] GC(5487) Eden regions: 67->0(915)
[2025-01-08T20:39:49.254+0000][173659.620s][info][gc,heap     ] GC(5487) Survivor regions: 9->6(10)
[2025-01-08T20:39:49.254+0000][173659.620s][info][gc,heap     ] GC(5487) Old regions: 234->234
[2025-01-08T20:39:49.254+0000][173659.620s][info][gc,heap     ] GC(5487) Archive regions: 2->2
[2025-01-08T20:39:49.254+0000][173659.620s][info][gc,heap     ] GC(5487) Humongous regions: 49->49
[2025-01-08T20:39:49.254+0000][173659.620s][info][gc,metaspace] GC(5487) Metaspace: 523620K(533760K)->523620K(533760K) NonClass: 459785K(465024K)->459785K(465024K) Class: 63834K(68736K)->63834K(68736K)
[2025-01-08T20:39:49.254+0000][173659.620s][info][gc          ] GC(5487) Pause Young (Mixed) (G1 Evacuation Pause) 2874M->2311M(12288M) 55.384ms
[2025-01-08T20:39:49.254+0000][173659.620s][info][gc,cpu      ] GC(5487) User=0.32s Sys=0.00s Real=0.06s
[2025-01-08T20:39:53.906+0000][173664.272s][info][gc,start    ] GC(5488) Pause Young (Normal) (G1 Evacuation Pause)
[2025-01-08T20:39:53.906+0000][173664.272s][info][gc,task     ] GC(5488) Using 6 workers of 6 for evacuation
[2025-01-08T20:39:53.932+0000][173664.298s][info][gc,phases   ] GC(5488)   Pre Evacuate Collection Set: 0.2ms
[2025-01-08T20:39:53.932+0000][173664.298s][info][gc,phases   ] GC(5488)   Merge Heap Roots: 0.4ms
[2025-01-08T20:39:53.932+0000][173664.298s][info][gc,phases   ] GC(5488)   Evacuate Collection Set: 22.6ms
[2025-01-08T20:39:53.932+0000][173664.298s][info][gc,phases   ] GC(5488)   Post Evacuate Collection Set: 2.3ms
[2025-01-08T20:39:53.932+0000][173664.298s][info][gc,phases   ] GC(5488)   Other: 0.2ms
[2025-01-08T20:39:53.932+0000][173664.298s][info][gc,heap     ] GC(5488) Eden regions: 915->0(914)
[2025-01-08T20:39:53.932+0000][173664.298s][info][gc,heap     ] GC(5488) Survivor regions: 6->7(116)
[2025-01-08T20:39:53.932+0000][173664.298s][info][gc,heap     ] GC(5488) Old regions: 234->234
[2025-01-08T20:39:53.932+0000][173664.298s][info][gc,heap     ] GC(5488) Archive regions: 2->2
[2025-01-08T20:39:53.932+0000][173664.298s][info][gc,heap     ] GC(5488) Humongous regions: 49->49
[2025-01-08T20:39:53.932+0000][173664.298s][info][gc,metaspace] GC(5488) Metaspace: 523620K(533760K)->523620K(533760K) NonClass: 459785K(465024K)->459785K(465024K) Class: 63834K(68736K)->63834K(68736K)
[2025-01-08T20:39:53.932+0000][173664.298s][info][gc          ] GC(5488) Pause Young (Normal) (G1 Evacuation Pause) 9631M->2321M(12288M) 25.820ms
[2025-01-08T20:39:53.932+0000][173664.298s][info][gc,cpu      ] GC(5488) User=0.15s Sys=0.00s Real=0.03s
[2025-01-08T20:39:58.028+0000][173668.394s][info][gc,start    ] GC(5489) Pause Young (Normal) (G1 Evacuation Pause)
[2025-01-08T20:39:58.028+0000][173668.394s][info][gc,task     ] GC(5489) Using 6 workers of 6 for evacuation
[2025-01-08T20:39:58.055+0000][173668.421s][info][gc,phases   ] GC(5489)   Pre Evacuate Collection Set: 0.2ms
[2025-01-08T20:39:58.055+0000][173668.421s][info][gc,phases   ] GC(5489)   Merge Heap Roots: 0.4ms
[2025-01-08T20:39:58.055+0000][173668.421s][info][gc,phases   ] GC(5489)   Evacuate Collection Set: 22.4ms
[2025-01-08T20:39:58.055+0000][173668.421s][info][gc,phases   ] GC(5489)   Post Evacuate Collection Set: 3.8ms
[2025-01-08T20:39:58.055+0000][173668.421s][info][gc,phases   ] GC(5489)   Other: 0.2ms
[2025-01-08T20:39:58.055+0000][173668.421s][info][gc,heap     ] GC(5489) Eden regions: 914->0(913)
[2025-01-08T20:39:58.055+0000][173668.421s][info][gc,heap     ] GC(5489) Survivor regions: 7->8(116)
[2025-01-08T20:39:58.055+0000][173668.421s][info][gc,heap     ] GC(5489) Old regions: 234->234
[2025-01-08T20:39:58.055+0000][173668.421s][info][gc,heap     ] GC(5489) Archive regions: 2->2
[2025-01-08T20:39:58.055+0000][173668.421s][info][gc,heap     ] GC(5489) Humongous regions: 49->49
[2025-01-08T20:39:58.055+0000][173668.421s][info][gc,metaspace] GC(5489) Metaspace: 523620K(533760K)->523620K(533760K) NonClass: 459785K(465024K)->459785K(465024K) Class: 63834K(68736K)->63834K(68736K)
[2025-01-08T20:39:58.055+0000][173668.421s][info][gc          ] GC(5489) Pause Young (Normal) (G1 Evacuation Pause) 9633M->2328M(12288M) 27.037ms
[2025-01-08T20:39:58.055+0000][173668.422s][info][gc,cpu      ] GC(5489) User=0.16s Sys=0.00s Real=0.03s
[2025-01-08T20:40:01.547+0000][173671.913s][info][gc,start    ] GC(5490) Pause Young (Concurrent Start) (G1 Evacuation Pause)
[2025-01-08T20:40:01.547+0000][173671.913s][info][gc,task     ] GC(5490) Using 6 workers of 6 for evacuation
[2025-01-08T20:40:01.580+0000][173671.946s][info][gc,phases   ] GC(5490)   Pre Evacuate Collection Set: 1.1ms
[2025-01-08T20:40:01.580+0000][173671.946s][info][gc,phases   ] GC(5490)   Merge Heap Roots: 0.5ms
[2025-01-08T20:40:01.580+0000][173671.946s][info][gc,phases   ] GC(5490)   Evacuate Collection Set: 28.2ms
[2025-01-08T20:40:01.580+0000][173671.946s][info][gc,phases   ] GC(5490)   Post Evacuate Collection Set: 2.4ms
[2025-01-08T20:40:01.580+0000][173671.946s][info][gc,phases   ] GC(5490)   Other: 0.3ms
[2025-01-08T20:40:01.580+0000][173671.946s][info][gc,heap     ] GC(5490) Eden regions: 913->0(912)
[2025-01-08T20:40:01.580+0000][173671.946s][info][gc,heap     ] GC(5490) Survivor regions: 8->9(116)
[2025-01-08T20:40:01.580+0000][173671.946s][info][gc,heap     ] GC(5490) Old regions: 234->234
[2025-01-08T20:40:01.580+0000][173671.946s][info][gc,heap     ] GC(5490) Archive regions: 2->2
[2025-01-08T20:40:01.580+0000][173671.946s][info][gc,heap     ] GC(5490) Humongous regions: 49->49
[2025-01-08T20:40:01.580+0000][173671.946s][info][gc,metaspace] GC(5490) Metaspace: 523620K(533760K)->523620K(533760K) NonClass: 459785K(465024K)->459785K(465024K) Class: 63834K(68736K)->63834K(68736K)
[2025-01-08T20:40:01.580+0000][173671.946s][info][gc          ] GC(5490) Pause Young (Concurrent Start) (G1 Evacuation Pause) 9632M->2336M(12288M) 32.641ms
[2025-01-08T20:40:01.580+0000][173671.946s][info][gc,cpu      ] GC(5490) User=0.18s Sys=0.00s Real=0.03s
[2025-01-08T20:40:01.580+0000][173671.946s][info][gc          ] GC(5491) Concurrent Mark Cycle
[2025-01-08T20:40:01.580+0000][173671.946s][info][gc,marking  ] GC(5491) Concurrent Clear Claimed Marks
[2025-01-08T20:40:01.581+0000][173671.947s][info][gc,marking  ] GC(5491) Concurrent Clear Claimed Marks 0.950ms
[2025-01-08T20:40:01.581+0000][173671.947s][info][gc,marking  ] GC(5491) Concurrent Scan Root Regions
[2025-01-08T20:40:01.612+0000][173671.978s][info][gc,marking  ] GC(5491) Concurrent Scan Root Regions 31.049ms
[2025-01-08T20:40:01.612+0000][173671.978s][info][gc,marking  ] GC(5491) Concurrent Mark
[2025-01-08T20:40:01.612+0000][173671.978s][info][gc,marking  ] GC(5491) Concurrent Mark From Roots
[2025-01-08T20:40:01.612+0000][173671.978s][info][gc,task     ] GC(5491) Using 2 workers of 2 for marking
[2025-01-08T20:40:02.569+0000][173672.935s][info][gc,marking  ] GC(5491) Concurrent Mark From Roots 956.425ms
[2025-01-08T20:40:02.569+0000][173672.935s][info][gc,marking  ] GC(5491) Concurrent Preclean
[2025-01-08T20:40:02.572+0000][173672.938s][info][gc,marking  ] GC(5491) Concurrent Preclean 3.638ms
[2025-01-08T20:40:02.572+0000][173672.939s][info][gc,start    ] GC(5491) Pause Remark
[2025-01-08T20:40:02.598+0000][173672.964s][info][gc          ] GC(5491) Pause Remark 3996M->3996M(12288M) 25.453ms
[2025-01-08T20:40:02.598+0000][173672.964s][info][gc,cpu      ] GC(5491) User=0.15s Sys=0.00s Real=0.02s
[2025-01-08T20:40:02.598+0000][173672.964s][info][gc,marking  ] GC(5491) Concurrent Mark 985.867ms
[2025-01-08T20:40:02.598+0000][173672.964s][info][gc,marking  ] GC(5491) Concurrent Rebuild Remembered Sets
[2025-01-08T20:40:03.165+0000][173673.531s][info][gc,marking  ] GC(5491) Concurrent Rebuild Remembered Sets 566.759ms
[2025-01-08T20:40:03.165+0000][173673.531s][info][gc,start    ] GC(5491) Pause Cleanup
[2025-01-08T20:40:03.165+0000][173673.531s][info][gc          ] GC(5491) Pause Cleanup 4752M->4752M(12288M) 0.426ms
[2025-01-08T20:40:03.165+0000][173673.532s][info][gc,cpu      ] GC(5491) User=0.00s Sys=0.00s Real=0.00s
[2025-01-08T20:40:03.166+0000][173673.532s][info][gc,marking  ] GC(5491) Concurrent Cleanup for Next Mark
[2025-01-08T20:40:03.181+0000][173673.547s][info][gc,marking  ] GC(5491) Concurrent Cleanup for Next Mark 15.475ms
[2025-01-08T20:40:03.181+0000][173673.547s][info][gc          ] GC(5491) Concurrent Mark Cycle 1600.966ms
[2025-01-08T20:40:05.675+0000][173676.041s][info][gc,start    ] GC(5492) Pause Young (Prepare Mixed) (G1 Evacuation Pause)
[2025-01-08T20:40:05.675+0000][173676.041s][info][gc,task     ] GC(5492) Using 6 workers of 6 for evacuation
[2025-01-08T20:40:05.705+0000][173676.071s][info][gc,phases   ] GC(5492)   Pre Evacuate Collection Set: 0.2ms
[2025-01-08T20:40:05.705+0000][173676.071s][info][gc,phases   ] GC(5492)   Merge Heap Roots: 0.6ms
[2025-01-08T20:40:05.705+0000][173676.071s][info][gc,phases   ] GC(5492)   Evacuate Collection Set: 27.0ms
[2025-01-08T20:40:05.705+0000][173676.071s][info][gc,phases   ] GC(5492)   Post Evacuate Collection Set: 2.4ms
[2025-01-08T20:40:05.705+0000][173676.071s][info][gc,phases   ] GC(5492)   Other: 0.2ms
[2025-01-08T20:40:05.705+0000][173676.071s][info][gc,heap     ] GC(5492) Eden regions: 912->0(67)
[2025-01-08T20:40:05.705+0000][173676.071s][info][gc,heap     ] GC(5492) Survivor regions: 9->9(116)
[2025-01-08T20:40:05.705+0000][173676.071s][info][gc,heap     ] GC(5492) Old regions: 234->234
[2025-01-08T20:40:05.705+0000][173676.071s][info][gc,heap     ] GC(5492) Archive regions: 2->2
[2025-01-08T20:40:05.705+0000][173676.071s][info][gc,heap     ] GC(5492) Humongous regions: 49->49
[2025-01-08T20:40:05.705+0000][173676.071s][info][gc,metaspace] GC(5492) Metaspace: 523621K(533760K)->523621K(533760K) NonClass: 459786K(465024K)->459786K(465024K) Class: 63834K(68736K)->63834K(68736K)
[2025-01-08T20:40:05.705+0000][173676.071s][info][gc          ] GC(5492) Pause Young (Prepare Mixed) (G1 Evacuation Pause) 9632M->2333M(12288M) 30.559ms
[2025-01-08T20:40:05.705+0000][173676.071s][info][gc,cpu      ] GC(5492) User=0.18s Sys=0.00s Real=0.03s
[2025-01-08T20:40:05.992+0000][173676.358s][info][gc,start    ] GC(5493) Pause Young (Mixed) (G1 Evacuation Pause)
[2025-01-08T20:40:05.992+0000][173676.358s][info][gc,task     ] GC(5493) Using 6 workers of 6 for evacuation
[2025-01-08T20:40:06.066+0000][173676.432s][info][gc,phases   ] GC(5493)   Pre Evacuate Collection Set: 0.2ms
[2025-01-08T20:40:06.066+0000][173676.432s][info][gc,phases   ] GC(5493)   Merge Heap Roots: 0.8ms
[2025-01-08T20:40:06.066+0000][173676.432s][info][gc,phases   ] GC(5493)   Evacuate Collection Set: 71.1ms
[2025-01-08T20:40:06.066+0000][173676.432s][info][gc,phases   ] GC(5493)   Post Evacuate Collection Set: 2.0ms
[2025-01-08T20:40:06.066+0000][173676.432s][info][gc,phases   ] GC(5493)   Other: 0.2ms
[2025-01-08T20:40:06.066+0000][173676.432s][info][gc,heap     ] GC(5493) Eden regions: 67->0(915)
[2025-01-08T20:40:06.066+0000][173676.432s][info][gc,heap     ] GC(5493) Survivor regions: 9->6(10)
[2025-01-08T20:40:06.066+0000][173676.432s][info][gc,heap     ] GC(5493) Old regions: 234->232
[2025-01-08T20:40:06.066+0000][173676.432s][info][gc,heap     ] GC(5493) Archive regions: 2->2
[2025-01-08T20:40:06.066+0000][173676.432s][info][gc,heap     ] GC(5493) Humongous regions: 49->49
[2025-01-08T20:40:06.066+0000][173676.432s][info][gc,metaspace] GC(5493) Metaspace: 523621K(533760K)->523621K(533760K) NonClass: 459786K(465024K)->459786K(465024K) Class: 63834K(68736K)->63834K(68736K)
[2025-01-08T20:40:06.066+0000][173676.432s][info][gc          ] GC(5493) Pause Young (Mixed) (G1 Evacuation Pause) 2869M->2296M(12288M) 74.371ms
[2025-01-08T20:40:06.066+0000][173676.432s][info][gc,cpu      ] GC(5493) User=0.40s Sys=0.01s Real=0.07s
[2025-01-08T20:40:11.457+0000][173681.823s][info][gc,start    ] GC(5494) Pause Young (Normal) (G1 Evacuation Pause)
[2025-01-08T20:40:11.457+0000][173681.823s][info][gc,task     ] GC(5494) Using 6 workers of 6 for evacuation
[2025-01-08T20:40:11.484+0000][173681.850s][info][gc,phases   ] GC(5494)   Pre Evacuate Collection Set: 0.2ms
[2025-01-08T20:40:11.484+0000][173681.850s][info][gc,phases   ] GC(5494)   Merge Heap Roots: 0.5ms
[2025-01-08T20:40:11.484+0000][173681.850s][info][gc,phases   ] GC(5494)   Evacuate Collection Set: 23.7ms
[2025-01-08T20:40:11.484+0000][173681.850s][info][gc,phases   ] GC(5494)   Post Evacuate Collection Set: 2.4ms
[2025-01-08T20:40:11.484+0000][173681.851s][info][gc,phases   ] GC(5494)   Other: 0.2ms
[2025-01-08T20:40:11.484+0000][173681.851s][info][gc,heap     ] GC(5494) Eden regions: 915->0(914)
[2025-01-08T20:40:11.484+0000][173681.851s][info][gc,heap     ] GC(5494) Survivor regions: 6->7(116)
[2025-01-08T20:40:11.484+0000][173681.851s][info][gc,heap     ] GC(5494) Old regions: 232->232
[2025-01-08T20:40:11.484+0000][173681.851s][info][gc,heap     ] GC(5494) Archive regions: 2->2
[2025-01-08T20:40:11.484+0000][173681.851s][info][gc,heap     ] GC(5494) Humongous regions: 49->49
[2025-01-08T20:40:11.484+0000][173681.851s][info][gc,metaspace] GC(5494) Metaspace: 523621K(533760K)->523621K(533760K) NonClass: 459787K(465024K)->459787K(465024K) Class: 63834K(68736K)->63834K(68736K)
[2025-01-08T20:40:11.484+0000][173681.851s][info][gc          ] GC(5494) Pause Young (Normal) (G1 Evacuation Pause) 9616M->2300M(12288M) 27.157ms
[2025-01-08T20:40:11.485+0000][173681.851s][info][gc,cpu      ] GC(5494) User=0.16s Sys=0.00s Real=0.03s
[2025-01-08T20:40:19.880+0000][173690.246s][info][gc,start    ] GC(5495) Pause Young (Normal) (G1 Evacuation Pause)
[2025-01-08T20:40:19.880+0000][173690.246s][info][gc,task     ] GC(5495) Using 6 workers of 6 for evacuation
[2025-01-08T20:40:19.910+0000][173690.276s][info][gc,phases   ] GC(5495)   Pre Evacuate Collection Set: 0.2ms
[2025-01-08T20:40:19.910+0000][173690.276s][info][gc,phases   ] GC(5495)   Merge Heap Roots: 0.4ms
[2025-01-08T20:40:19.910+0000][173690.276s][info][gc,phases   ] GC(5495)   Evacuate Collection Set: 26.3ms
[2025-01-08T20:40:19.910+0000][173690.276s][info][gc,phases   ] GC(5495)   Post Evacuate Collection Set: 2.6ms
[2025-01-08T20:40:19.910+0000][173690.276s][info][gc,phases   ] GC(5495)   Other: 0.2ms
[2025-01-08T20:40:19.910+0000][173690.276s][info][gc,heap     ] GC(5495) Eden regions: 914->0(913)
[2025-01-08T20:40:19.910+0000][173690.276s][info][gc,heap     ] GC(5495) Survivor regions: 7->8(116)
[2025-01-08T20:40:19.910+0000][173690.276s][info][gc,heap     ] GC(5495) Old regions: 232->232
[2025-01-08T20:40:19.910+0000][173690.276s][info][gc,heap     ] GC(5495) Archive regions: 2->2
[2025-01-08T20:40:19.910+0000][173690.276s][info][gc,heap     ] GC(5495) Humongous regions: 49->49
[2025-01-08T20:40:19.910+0000][173690.276s][info][gc,metaspace] GC(5495) Metaspace: 523621K(533760K)->523621K(533760K) NonClass: 459787K(465024K)->459787K(465024K) Class: 63834K(68736K)->63834K(68736K)
[2025-01-08T20:40:19.910+0000][173690.276s][info][gc          ] GC(5495) Pause Young (Normal) (G1 Evacuation Pause) 9612M->2308M(12288M) 29.898ms
[2025-01-08T20:40:19.910+0000][173690.276s][info][gc,cpu      ] GC(5495) User=0.17s Sys=0.00s Real=0.04s
[2025-01-08T20:40:27.063+0000][173697.429s][info][gc,start    ] GC(5496) Pause Young (Concurrent Start) (G1 Evacuation Pause)
[2025-01-08T20:40:27.063+0000][173697.430s][info][gc,task     ] GC(5496) Using 6 workers of 6 for evacuation
[2025-01-08T20:40:27.097+0000][173697.463s][info][gc,phases   ] GC(5496)   Pre Evacuate Collection Set: 1.1ms
[2025-01-08T20:40:27.097+0000][173697.463s][info][gc,phases   ] GC(5496)   Merge Heap Roots: 0.5ms
[2025-01-08T20:40:27.097+0000][173697.463s][info][gc,phases   ] GC(5496)   Evacuate Collection Set: 29.0ms
[2025-01-08T20:40:27.097+0000][173697.463s][info][gc,phases   ] GC(5496)   Post Evacuate Collection Set: 2.5ms
[2025-01-08T20:40:27.097+0000][173697.463s][info][gc,phases   ] GC(5496)   Other: 0.3ms
[2025-01-08T20:40:27.097+0000][173697.463s][info][gc,heap     ] GC(5496) Eden regions: 913->0(912)
[2025-01-08T20:40:27.097+0000][173697.463s][info][gc,heap     ] GC(5496) Survivor regions: 8->9(116)
[2025-01-08T20:40:27.097+0000][173697.463s][info][gc,heap     ] GC(5496) Old regions: 232->232
[2025-01-08T20:40:27.097+0000][173697.463s][info][gc,heap     ] GC(5496) Archive regions: 2->2
[2025-01-08T20:40:27.097+0000][173697.463s][info][gc,heap     ] GC(5496) Humongous regions: 49->49
[2025-01-08T20:40:27.097+0000][173697.463s][info][gc,metaspace] GC(5496) Metaspace: 523621K(533760K)->523621K(533760K) NonClass: 459787K(465024K)->459787K(465024K) Class: 63834K(68736K)->63834K(68736K)
[2025-01-08T20:40:27.097+0000][173697.463s][info][gc          ] GC(5496) Pause Young (Concurrent Start) (G1 Evacuation Pause) 9612M->2316M(12288M) 33.387ms
[2025-01-08T20:40:27.097+0000][173697.463s][info][gc,cpu      ] GC(5496) User=0.19s Sys=0.00s Real=0.03s
[2025-01-08T20:40:27.097+0000][173697.463s][info][gc          ] GC(5497) Concurrent Mark Cycle
[2025-01-08T20:40:27.097+0000][173697.463s][info][gc,marking  ] GC(5497) Concurrent Clear Claimed Marks
[2025-01-08T20:40:27.098+0000][173697.464s][info][gc,marking  ] GC(5497) Concurrent Clear Claimed Marks 0.907ms
[2025-01-08T20:40:27.098+0000][173697.464s][info][gc,marking  ] GC(5497) Concurrent Scan Root Regions
[2025-01-08T20:40:27.125+0000][173697.491s][info][gc,marking  ] GC(5497) Concurrent Scan Root Regions 27.406ms
[2025-01-08T20:40:27.125+0000][173697.491s][info][gc,marking  ] GC(5497) Concurrent Mark
[2025-01-08T20:40:27.125+0000][173697.491s][info][gc,marking  ] GC(5497) Concurrent Mark From Roots
[2025-01-08T20:40:27.125+0000][173697.491s][info][gc,task     ] GC(5497) Using 2 workers of 2 for marking
[2025-01-08T20:40:28.011+0000][173698.377s][info][gc,marking  ] GC(5497) Concurrent Mark From Roots 885.735ms
[2025-01-08T20:40:28.011+0000][173698.377s][info][gc,marking  ] GC(5497) Concurrent Preclean
[2025-01-08T20:40:28.015+0000][173698.381s][info][gc,marking  ] GC(5497) Concurrent Preclean 3.714ms
[2025-01-08T20:40:28.015+0000][173698.381s][info][gc,start    ] GC(5497) Pause Remark
[2025-01-08T20:40:28.043+0000][173698.409s][info][gc          ] GC(5497) Pause Remark 3632M->3632M(12288M) 27.657ms
[2025-01-08T20:40:28.043+0000][173698.409s][info][gc,cpu      ] GC(5497) User=0.15s Sys=0.00s Real=0.03s
[2025-01-08T20:40:28.043+0000][173698.409s][info][gc,marking  ] GC(5497) Concurrent Mark 917.461ms
[2025-01-08T20:40:28.043+0000][173698.409s][info][gc,marking  ] GC(5497) Concurrent Rebuild Remembered Sets
[2025-01-08T20:40:28.602+0000][173698.968s][info][gc,marking  ] GC(5497) Concurrent Rebuild Remembered Sets 559.168ms
[2025-01-08T20:40:28.602+0000][173698.968s][info][gc,start    ] GC(5497) Pause Cleanup
[2025-01-08T20:40:28.602+0000][173698.969s][info][gc          ] GC(5497) Pause Cleanup 4420M->4420M(12288M) 0.401ms
[2025-01-08T20:40:28.602+0000][173698.969s][info][gc,cpu      ] GC(5497) User=0.00s Sys=0.00s Real=0.00s
[2025-01-08T20:40:28.603+0000][173698.969s][info][gc,marking  ] GC(5497) Concurrent Cleanup for Next Mark
[2025-01-08T20:40:28.619+0000][173698.985s][info][gc,marking  ] GC(5497) Concurrent Cleanup for Next Mark 16.040ms
[2025-01-08T20:40:28.619+0000][173698.985s][info][gc          ] GC(5497) Concurrent Mark Cycle 1521.776ms
[2025-01-08T20:40:34.187+0000][173704.553s][info][gc,start    ] GC(5498) Pause Young (Prepare Mixed) (G1 Evacuation Pause)
[2025-01-08T20:40:34.187+0000][173704.553s][info][gc,task     ] GC(5498) Using 6 workers of 6 for evacuation
[2025-01-08T20:40:34.226+0000][173704.592s][info][gc,phases   ] GC(5498)   Pre Evacuate Collection Set: 0.2ms
[2025-01-08T20:40:34.226+0000][173704.592s][info][gc,phases   ] GC(5498)   Merge Heap Roots: 0.7ms
[2025-01-08T20:40:34.226+0000][173704.592s][info][gc,phases   ] GC(5498)   Evacuate Collection Set: 35.2ms
[2025-01-08T20:40:34.226+0000][173704.592s][info][gc,phases   ] GC(5498)   Post Evacuate Collection Set: 2.7ms
[2025-01-08T20:40:34.226+0000][173704.592s][info][gc,phases   ] GC(5498)   Other: 0.2ms
[2025-01-08T20:40:34.226+0000][173704.592s][info][gc,heap     ] GC(5498) Eden regions: 912->0(65)
[2025-01-08T20:40:34.226+0000][173704.592s][info][gc,heap     ] GC(5498) Survivor regions: 9->11(116)
[2025-01-08T20:40:34.226+0000][173704.592s][info][gc,heap     ] GC(5498) Old regions: 232->232
[2025-01-08T20:40:34.226+0000][173704.592s][info][gc,heap     ] GC(5498) Archive regions: 2->2
[2025-01-08T20:40:34.226+0000][173704.592s][info][gc,heap     ] GC(5498) Humongous regions: 49->49
[2025-01-08T20:40:34.226+0000][173704.592s][info][gc,metaspace] GC(5498) Metaspace: 523621K(533760K)->523621K(533760K) NonClass: 459787K(465024K)->459787K(465024K) Class: 63834K(68736K)->63834K(68736K)
[2025-01-08T20:40:34.226+0000][173704.593s][info][gc          ] GC(5498) Pause Young (Prepare Mixed) (G1 Evacuation Pause) 9612M->2331M(12288M) 39.058ms
[2025-01-08T20:40:34.226+0000][173704.593s][info][gc,cpu      ] GC(5498) User=0.23s Sys=0.00s Real=0.04s
[2025-01-08T20:40:35.886+0000][173706.252s][info][gc,start    ] GC(5499) Pause Young (Mixed) (G1 Evacuation Pause)
[2025-01-08T20:40:35.886+0000][173706.252s][info][gc,task     ] GC(5499) Using 6 workers of 6 for evacuation
[2025-01-08T20:40:35.960+0000][173706.326s][info][gc,phases   ] GC(5499)   Pre Evacuate Collection Set: 0.2ms
[2025-01-08T20:40:35.960+0000][173706.326s][info][gc,phases   ] GC(5499)   Merge Heap Roots: 0.7ms
[2025-01-08T20:40:35.960+0000][173706.326s][info][gc,phases   ] GC(5499)   Evacuate Collection Set: 71.0ms
[2025-01-08T20:40:35.960+0000][173706.326s][info][gc,phases   ] GC(5499)   Post Evacuate Collection Set: 2.2ms
[2025-01-08T20:40:35.960+0000][173706.326s][info][gc,phases   ] GC(5499)   Other: 0.2ms
[2025-01-08T20:40:35.960+0000][173706.326s][info][gc,heap     ] GC(5499) Eden regions: 65->0(917)
[2025-01-08T20:40:35.960+0000][173706.326s][info][gc,heap     ] GC(5499) Survivor regions: 11->4(10)
[2025-01-08T20:40:35.960+0000][173706.326s][info][gc,heap     ] GC(5499) Old regions: 232->234
[2025-01-08T20:40:35.960+0000][173706.326s][info][gc,heap     ] GC(5499) Archive regions: 2->2
[2025-01-08T20:40:35.960+0000][173706.326s][info][gc,heap     ] GC(5499) Humongous regions: 49->49
[2025-01-08T20:40:35.960+0000][173706.326s][info][gc,metaspace] GC(5499) Metaspace: 523621K(533760K)->523621K(533760K) NonClass: 459787K(465024K)->459787K(465024K) Class: 63834K(68736K)->63834K(68736K)
[2025-01-08T20:40:35.960+0000][173706.326s][info][gc          ] GC(5499) Pause Young (Mixed) (G1 Evacuation Pause) 2851M->2297M(12288M) 74.332ms
[2025-01-08T20:40:35.960+0000][173706.326s][info][gc,cpu      ] GC(5499) User=0.42s Sys=0.00s Real=0.07s
[2025-01-08T20:40:43.584+0000][173713.950s][info][gc,start    ] GC(5500) Pause Young (Normal) (G1 Evacuation Pause)
[2025-01-08T20:40:43.584+0000][173713.950s][info][gc,task     ] GC(5500) Using 6 workers of 6 for evacuation
[2025-01-08T20:40:43.610+0000][173713.976s][info][gc,phases   ] GC(5500)   Pre Evacuate Collection Set: 0.2ms
[2025-01-08T20:40:43.610+0000][173713.976s][info][gc,phases   ] GC(5500)   Merge Heap Roots: 0.4ms
[2025-01-08T20:40:43.610+0000][173713.976s][info][gc,phases   ] GC(5500)   Evacuate Collection Set: 20.6ms
[2025-01-08T20:40:43.610+0000][173713.976s][info][gc,phases   ] GC(5500)   Post Evacuate Collection Set: 5.1ms
[2025-01-08T20:40:43.610+0000][173713.976s][info][gc,phases   ] GC(5500)   Other: 0.2ms
[2025-01-08T20:40:43.610+0000][173713.976s][info][gc,heap     ] GC(5500) Eden regions: 917->0(915)
[2025-01-08T20:40:43.610+0000][173713.976s][info][gc,heap     ] GC(5500) Survivor regions: 4->6(116)
[2025-01-08T20:40:43.610+0000][173713.976s][info][gc,heap     ] GC(5500) Old regions: 234->234
[2025-01-08T20:40:43.610+0000][173713.976s][info][gc,heap     ] GC(5500) Archive regions: 2->2
[2025-01-08T20:40:43.610+0000][173713.976s][info][gc,heap     ] GC(5500) Humongous regions: 49->49
[2025-01-08T20:40:43.610+0000][173713.976s][info][gc,metaspace] GC(5500) Metaspace: 523621K(533760K)->523621K(533760K) NonClass: 459787K(465024K)->459787K(465024K) Class: 63834K(68736K)->63834K(68736K)
[2025-01-08T20:40:43.610+0000][173713.976s][info][gc          ] GC(5500) Pause Young (Normal) (G1 Evacuation Pause) 9633M->2313M(12288M) 26.702ms
[2025-01-08T20:40:43.610+0000][173713.976s][info][gc,cpu      ] GC(5500) User=0.15s Sys=0.00s Real=0.03s
[2025-01-08T20:40:48.881+0000][173719.247s][info][gc,start    ] GC(5501) Pause Young (Normal) (G1 Evacuation Pause)
[2025-01-08T20:40:48.881+0000][173719.247s][info][gc,task     ] GC(5501) Using 6 workers of 6 for evacuation
[2025-01-08T20:40:48.906+0000][173719.272s][info][gc,phases   ] GC(5501)   Pre Evacuate Collection Set: 0.2ms
[2025-01-08T20:40:48.906+0000][173719.272s][info][gc,phases   ] GC(5501)   Merge Heap Roots: 0.4ms
[2025-01-08T20:40:48.906+0000][173719.272s][info][gc,phases   ] GC(5501)   Evacuate Collection Set: 21.7ms
[2025-01-08T20:40:48.906+0000][173719.272s][info][gc,phases   ] GC(5501)   Post Evacuate Collection Set: 2.3ms
[2025-01-08T20:40:48.906+0000][173719.272s][info][gc,phases   ] GC(5501)   Other: 0.2ms
[2025-01-08T20:40:48.906+0000][173719.272s][info][gc,heap     ] GC(5501) Eden regions: 915->0(916)
[2025-01-08T20:40:48.906+0000][173719.272s][info][gc,heap     ] GC(5501) Survivor regions: 6->5(116)
[2025-01-08T20:40:48.906+0000][173719.272s][info][gc,heap     ] GC(5501) Old regions: 234->234
[2025-01-08T20:40:48.906+0000][173719.272s][info][gc,heap     ] GC(5501) Archive regions: 2->2
[2025-01-08T20:40:48.906+0000][173719.272s][info][gc,heap     ] GC(5501) Humongous regions: 49->49
[2025-01-08T20:40:48.906+0000][173719.272s][info][gc,metaspace] GC(5501) Metaspace: 523621K(533760K)->523621K(533760K) NonClass: 459787K(465024K)->459787K(465024K) Class: 63834K(68736K)->63834K(68736K)
[2025-01-08T20:40:48.906+0000][173719.272s][info][gc          ] GC(5501) Pause Young (Normal) (G1 Evacuation Pause) 9633M->2304M(12288M) 24.899ms
[2025-01-08T20:40:48.906+0000][173719.272s][info][gc,cpu      ] GC(5501) User=0.14s Sys=0.00s Real=0.03s
[2025-01-08T20:40:58.138+0000][173728.504s][info][gc,start    ] GC(5502) Pause Young (Concurrent Start) (G1 Evacuation Pause)
[2025-01-08T20:40:58.138+0000][173728.504s][info][gc,task     ] GC(5502) Using 6 workers of 6 for evacuation
[2025-01-08T20:40:58.174+0000][173728.541s][info][gc,phases   ] GC(5502)   Pre Evacuate Collection Set: 1.1ms
[2025-01-08T20:40:58.175+0000][173728.541s][info][gc,phases   ] GC(5502)   Merge Heap Roots: 0.4ms
[2025-01-08T20:40:58.175+0000][173728.541s][info][gc,phases   ] GC(5502)   Evacuate Collection Set: 30.7ms
[2025-01-08T20:40:58.175+0000][173728.541s][info][gc,phases   ] GC(5502)   Post Evacuate Collection Set: 4.0ms
[2025-01-08T20:40:58.175+0000][173728.541s][info][gc,phases   ] GC(5502)   Other: 0.3ms
[2025-01-08T20:40:58.175+0000][173728.541s][info][gc,heap     ] GC(5502) Eden regions: 916->0(912)
[2025-01-08T20:40:58.175+0000][173728.541s][info][gc,heap     ] GC(5502) Survivor regions: 5->9(116)
[2025-01-08T20:40:58.175+0000][173728.541s][info][gc,heap     ] GC(5502) Old regions: 234->234
[2025-01-08T20:40:58.175+0000][173728.541s][info][gc,heap     ] GC(5502) Archive regions: 2->2
[2025-01-08T20:40:58.175+0000][173728.541s][info][gc,heap     ] GC(5502) Humongous regions: 49->49
[2025-01-08T20:40:58.175+0000][173728.541s][info][gc,metaspace] GC(5502) Metaspace: 523621K(533760K)->523621K(533760K) NonClass: 459787K(465024K)->459787K(465024K) Class: 63834K(68736K)->63834K(68736K)
[2025-01-08T20:40:58.175+0000][173728.541s][info][gc          ] GC(5502) Pause Young (Concurrent Start) (G1 Evacuation Pause) 9632M->2333M(12288M) 36.688ms
[2025-01-08T20:40:58.175+0000][173728.541s][info][gc,cpu      ] GC(5502) User=0.21s Sys=0.00s Real=0.04s
[2025-01-08T20:40:58.175+0000][173728.541s][info][gc          ] GC(5503) Concurrent Mark Cycle
[2025-01-08T20:40:58.175+0000][173728.541s][info][gc,marking  ] GC(5503) Concurrent Clear Claimed Marks
[2025-01-08T20:40:58.176+0000][173728.542s][info][gc,marking  ] GC(5503) Concurrent Clear Claimed Marks 0.924ms
[2025-01-08T20:40:58.176+0000][173728.542s][info][gc,marking  ] GC(5503) Concurrent Scan Root Regions
[2025-01-08T20:40:58.202+0000][173728.568s][info][gc,marking  ] GC(5503) Concurrent Scan Root Regions 26.302ms
[2025-01-08T20:40:58.202+0000][173728.568s][info][gc,marking  ] GC(5503) Concurrent Mark
[2025-01-08T20:40:58.202+0000][173728.568s][info][gc,marking  ] GC(5503) Concurrent Mark From Roots
[2025-01-08T20:40:58.202+0000][173728.568s][info][gc,task     ] GC(5503) Using 2 workers of 2 for marking
[2025-01-08T20:40:59.000+0000][173729.366s][info][gc,marking  ] GC(5503) Concurrent Mark From Roots 797.640ms
[2025-01-08T20:40:59.000+0000][173729.366s][info][gc,marking  ] GC(5503) Concurrent Preclean
[2025-01-08T20:40:59.002+0000][173729.368s][info][gc,marking  ] GC(5503) Concurrent Preclean 2.694ms
[2025-01-08T20:40:59.002+0000][173729.369s][info][gc,start    ] GC(5503) Pause Remark
[2025-01-08T20:40:59.028+0000][173729.394s][info][gc          ] GC(5503) Pause Remark 2579M->2579M(12288M) 25.428ms
[2025-01-08T20:40:59.028+0000][173729.394s][info][gc,cpu      ] GC(5503) User=0.15s Sys=0.00s Real=0.02s
[2025-01-08T20:40:59.028+0000][173729.394s][info][gc,marking  ] GC(5503) Concurrent Mark 826.075ms
[2025-01-08T20:40:59.028+0000][173729.394s][info][gc,marking  ] GC(5503) Concurrent Rebuild Remembered Sets
[2025-01-08T20:40:59.528+0000][173729.895s][info][gc,marking  ] GC(5503) Concurrent Rebuild Remembered Sets 500.402ms
[2025-01-08T20:40:59.529+0000][173729.895s][info][gc,start    ] GC(5503) Pause Cleanup
[2025-01-08T20:40:59.529+0000][173729.895s][info][gc          ] GC(5503) Pause Cleanup 2645M->2645M(12288M) 0.394ms
[2025-01-08T20:40:59.529+0000][173729.895s][info][gc,cpu      ] GC(5503) User=0.00s Sys=0.00s Real=0.00s
[2025-01-08T20:40:59.529+0000][173729.895s][info][gc,marking  ] GC(5503) Concurrent Cleanup for Next Mark
[2025-01-08T20:40:59.545+0000][173729.911s][info][gc,marking  ] GC(5503) Concurrent Cleanup for Next Mark 15.477ms
[2025-01-08T20:40:59.545+0000][173729.911s][info][gc          ] GC(5503) Concurrent Mark Cycle 1369.951ms
[2025-01-08T20:41:06.476+0000][173736.842s][info][gc,start    ] GC(5504) Pause Young (Prepare Mixed) (G1 Evacuation Pause)
[2025-01-08T20:41:06.476+0000][173736.842s][info][gc,task     ] GC(5504) Using 6 workers of 6 for evacuation
[2025-01-08T20:41:06.516+0000][173736.882s][info][gc,phases   ] GC(5504)   Pre Evacuate Collection Set: 0.2ms
[2025-01-08T20:41:06.516+0000][173736.882s][info][gc,phases   ] GC(5504)   Merge Heap Roots: 0.7ms
[2025-01-08T20:41:06.516+0000][173736.882s][info][gc,phases   ] GC(5504)   Evacuate Collection Set: 35.8ms
[2025-01-08T20:41:06.516+0000][173736.882s][info][gc,phases   ] GC(5504)   Post Evacuate Collection Set: 2.8ms
[2025-01-08T20:41:06.516+0000][173736.882s][info][gc,phases   ] GC(5504)   Other: 0.2ms
[2025-01-08T20:41:06.516+0000][173736.882s][info][gc,heap     ] GC(5504) Eden regions: 912->0(68)
[2025-01-08T20:41:06.516+0000][173736.882s][info][gc,heap     ] GC(5504) Survivor regions: 9->8(116)
[2025-01-08T20:41:06.516+0000][173736.882s][info][gc,heap     ] GC(5504) Old regions: 234->234
[2025-01-08T20:41:06.516+0000][173736.882s][info][gc,heap     ] GC(5504) Archive regions: 2->2
[2025-01-08T20:41:06.516+0000][173736.882s][info][gc,heap     ] GC(5504) Humongous regions: 49->49
[2025-01-08T20:41:06.516+0000][173736.882s][info][gc,metaspace] GC(5504) Metaspace: 523621K(533760K)->523621K(533760K) NonClass: 459787K(465024K)->459787K(465024K) Class: 63834K(68736K)->63834K(68736K)
[2025-01-08T20:41:06.516+0000][173736.882s][info][gc          ] GC(5504) Pause Young (Prepare Mixed) (G1 Evacuation Pause) 9629M->2329M(12288M) 39.791ms
[2025-01-08T20:41:06.516+0000][173736.882s][info][gc,cpu      ] GC(5504) User=0.24s Sys=0.00s Real=0.04s
[2025-01-08T20:41:06.900+0000][173737.266s][info][gc,start    ] GC(5505) Pause Young (Mixed) (G1 Evacuation Pause)
[2025-01-08T20:41:06.900+0000][173737.266s][info][gc,task     ] GC(5505) Using 6 workers of 6 for evacuation
[2025-01-08T20:41:06.978+0000][173737.344s][info][gc,phases   ] GC(5505)   Pre Evacuate Collection Set: 0.2ms
[2025-01-08T20:41:06.978+0000][173737.344s][info][gc,phases   ] GC(5505)   Merge Heap Roots: 0.9ms
[2025-01-08T20:41:06.978+0000][173737.344s][info][gc,phases   ] GC(5505)   Evacuate Collection Set: 74.6ms
[2025-01-08T20:41:06.978+0000][173737.344s][info][gc,phases   ] GC(5505)   Post Evacuate Collection Set: 2.2ms
[2025-01-08T20:41:06.978+0000][173737.344s][info][gc,phases   ] GC(5505)   Other: 0.2ms
[2025-01-08T20:41:06.978+0000][173737.344s][info][gc,heap     ] GC(5505) Eden regions: 68->0(914)
[2025-01-08T20:41:06.978+0000][173737.344s][info][gc,heap     ] GC(5505) Survivor regions: 8->7(10)
[2025-01-08T20:41:06.978+0000][173737.344s][info][gc,heap     ] GC(5505) Old regions: 234->233
[2025-01-08T20:41:06.978+0000][173737.344s][info][gc,heap     ] GC(5505) Archive regions: 2->2
[2025-01-08T20:41:06.978+0000][173737.344s][info][gc,heap     ] GC(5505) Humongous regions: 49->49
[2025-01-08T20:41:06.978+0000][173737.344s][info][gc,metaspace] GC(5505) Metaspace: 523621K(533760K)->523621K(533760K) NonClass: 459787K(465024K)->459787K(465024K) Class: 63834K(68736K)->63834K(68736K)
[2025-01-08T20:41:06.978+0000][173737.344s][info][gc          ] GC(5505) Pause Young (Mixed) (G1 Evacuation Pause) 2873M->2307M(12288M) 78.100ms
[2025-01-08T20:41:06.978+0000][173737.344s][info][gc,cpu      ] GC(5505) User=0.44s Sys=0.00s Real=0.08s
[2025-01-08T20:41:13.213+0000][173743.579s][info][gc,start    ] GC(5506) Pause Young (Normal) (G1 Evacuation Pause)
[2025-01-08T20:41:13.213+0000][173743.579s][info][gc,task     ] GC(5506) Using 6 workers of 6 for evacuation
[2025-01-08T20:41:13.242+0000][173743.608s][info][gc,phases   ] GC(5506)   Pre Evacuate Collection Set: 0.2ms
[2025-01-08T20:41:13.242+0000][173743.608s][info][gc,phases   ] GC(5506)   Merge Heap Roots: 0.5ms
[2025-01-08T20:41:13.242+0000][173743.608s][info][gc,phases   ] GC(5506)   Evacuate Collection Set: 25.7ms
[2025-01-08T20:41:13.242+0000][173743.608s][info][gc,phases   ] GC(5506)   Post Evacuate Collection Set: 2.6ms
[2025-01-08T20:41:13.242+0000][173743.608s][info][gc,phases   ] GC(5506)   Other: 0.2ms
[2025-01-08T20:41:13.242+0000][173743.608s][info][gc,heap     ] GC(5506) Eden regions: 914->0(914)
[2025-01-08T20:41:13.242+0000][173743.608s][info][gc,heap     ] GC(5506) Survivor regions: 7->7(116)
[2025-01-08T20:41:13.242+0000][173743.608s][info][gc,heap     ] GC(5506) Old regions: 233->233
[2025-01-08T20:41:13.242+0000][173743.608s][info][gc,heap     ] GC(5506) Archive regions: 2->2
[2025-01-08T20:41:13.242+0000][173743.608s][info][gc,heap     ] GC(5506) Humongous regions: 49->49
[2025-01-08T20:41:13.242+0000][173743.608s][info][gc,metaspace] GC(5506) Metaspace: 523621K(533760K)->523621K(533760K) NonClass: 459787K(465024K)->459787K(465024K) Class: 63834K(68736K)->63834K(68736K)
[2025-01-08T20:41:13.242+0000][173743.608s][info][gc          ] GC(5506) Pause Young (Normal) (G1 Evacuation Pause) 9619M->2311M(12288M) 29.179ms
[2025-01-08T20:41:13.242+0000][173743.608s][info][gc,cpu      ] GC(5506) User=0.16s Sys=0.00s Real=0.03s
[2025-01-08T20:41:19.346+0000][173749.712s][info][gc,start    ] GC(5507) Pause Young (Normal) (G1 Evacuation Pause)
[2025-01-08T20:41:19.346+0000][173749.712s][info][gc,task     ] GC(5507) Using 6 workers of 6 for evacuation
[2025-01-08T20:41:19.381+0000][173749.747s][info][gc,phases   ] GC(5507)   Pre Evacuate Collection Set: 0.2ms
[2025-01-08T20:41:19.381+0000][173749.747s][info][gc,phases   ] GC(5507)   Merge Heap Roots: 0.4ms
[2025-01-08T20:41:19.381+0000][173749.747s][info][gc,phases   ] GC(5507)   Evacuate Collection Set: 31.4ms
[2025-01-08T20:41:19.381+0000][173749.747s][info][gc,phases   ] GC(5507)   Post Evacuate Collection Set: 2.7ms
[2025-01-08T20:41:19.381+0000][173749.747s][info][gc,phases   ] GC(5507)   Other: 0.2ms
[2025-01-08T20:41:19.381+0000][173749.747s][info][gc,heap     ] GC(5507) Eden regions: 914->0(912)
[2025-01-08T20:41:19.381+0000][173749.747s][info][gc,heap     ] GC(5507) Survivor regions: 7->9(116)
[2025-01-08T20:41:19.381+0000][173749.747s][info][gc,heap     ] GC(5507) Old regions: 233->233
[2025-01-08T20:41:19.381+0000][173749.747s][info][gc,heap     ] GC(5507) Archive regions: 2->2
[2025-01-08T20:41:19.381+0000][173749.747s][info][gc,heap     ] GC(5507) Humongous regions: 49->49
[2025-01-08T20:41:19.381+0000][173749.747s][info][gc,metaspace] GC(5507) Metaspace: 523621K(533760K)->523621K(533760K) NonClass: 459787K(465024K)->459787K(465024K) Class: 63834K(68736K)->63834K(68736K)
[2025-01-08T20:41:19.381+0000][173749.747s][info][gc          ] GC(5507) Pause Young (Normal) (G1 Evacuation Pause) 9623M->2322M(12288M) 35.028ms
[2025-01-08T20:41:19.381+0000][173749.747s][info][gc,cpu      ] GC(5507) User=0.20s Sys=0.00s Real=0.03s
[2025-01-08T20:41:29.025+0000][173759.391s][info][gc,start    ] GC(5508) Pause Young (Concurrent Start) (G1 Evacuation Pause)
[2025-01-08T20:41:29.025+0000][173759.391s][info][gc,task     ] GC(5508) Using 6 workers of 6 for evacuation
[2025-01-08T20:41:29.062+0000][173759.428s][info][gc,phases   ] GC(5508)   Pre Evacuate Collection Set: 1.1ms
[2025-01-08T20:41:29.062+0000][173759.428s][info][gc,phases   ] GC(5508)   Merge Heap Roots: 0.5ms
[2025-01-08T20:41:29.062+0000][173759.428s][info][gc,phases   ] GC(5508)   Evacuate Collection Set: 33.2ms
[2025-01-08T20:41:29.062+0000][173759.428s][info][gc,phases   ] GC(5508)   Post Evacuate Collection Set: 2.7ms
[2025-01-08T20:41:29.062+0000][173759.428s][info][gc,phases   ] GC(5508)   Other: 0.3ms
[2025-01-08T20:41:29.062+0000][173759.428s][info][gc,heap     ] GC(5508) Eden regions: 912->0(913)
[2025-01-08T20:41:29.062+0000][173759.428s][info][gc,heap     ] GC(5508) Survivor regions: 9->8(116)
[2025-01-08T20:41:29.062+0000][173759.428s][info][gc,heap     ] GC(5508) Old regions: 233->233
[2025-01-08T20:41:29.062+0000][173759.428s][info][gc,heap     ] GC(5508) Archive regions: 2->2
[2025-01-08T20:41:29.062+0000][173759.428s][info][gc,heap     ] GC(5508) Humongous regions: 49->49
[2025-01-08T20:41:29.062+0000][173759.428s][info][gc,metaspace] GC(5508) Metaspace: 523621K(533760K)->523621K(533760K) NonClass: 459787K(465024K)->459787K(465024K) Class: 63834K(68736K)->63834K(68736K)
[2025-01-08T20:41:29.062+0000][173759.429s][info][gc          ] GC(5508) Pause Young (Concurrent Start) (G1 Evacuation Pause) 9618M->2316M(12288M) 37.846ms
[2025-01-08T20:41:29.062+0000][173759.429s][info][gc,cpu      ] GC(5508) User=0.22s Sys=0.00s Real=0.04s
[2025-01-08T20:41:29.062+0000][173759.429s][info][gc          ] GC(5509) Concurrent Mark Cycle
[2025-01-08T20:41:29.063+0000][173759.429s][info][gc,marking  ] GC(5509) Concurrent Clear Claimed Marks
[2025-01-08T20:41:29.063+0000][173759.429s][info][gc,marking  ] GC(5509) Concurrent Clear Claimed Marks 0.870ms
[2025-01-08T20:41:29.063+0000][173759.429s][info][gc,marking  ] GC(5509) Concurrent Scan Root Regions
[2025-01-08T20:41:29.084+0000][173759.450s][info][gc,marking  ] GC(5509) Concurrent Scan Root Regions 20.404ms
[2025-01-08T20:41:29.084+0000][173759.450s][info][gc,marking  ] GC(5509) Concurrent Mark
[2025-01-08T20:41:29.084+0000][173759.450s][info][gc,marking  ] GC(5509) Concurrent Mark From Roots
[2025-01-08T20:41:29.084+0000][173759.450s][info][gc,task     ] GC(5509) Using 2 workers of 2 for marking
[2025-01-08T20:41:29.879+0000][173760.245s][info][gc,marking  ] GC(5509) Concurrent Mark From Roots 795.006ms
[2025-01-08T20:41:29.879+0000][173760.245s][info][gc,marking  ] GC(5509) Concurrent Preclean
[2025-01-08T20:41:29.882+0000][173760.248s][info][gc,marking  ] GC(5509) Concurrent Preclean 2.700ms
[2025-01-08T20:41:29.882+0000][173760.248s][info][gc,start    ] GC(5509) Pause Remark
[2025-01-08T20:41:29.910+0000][173760.276s][info][gc          ] GC(5509) Pause Remark 3100M->3100M(12288M) 27.885ms
[2025-01-08T20:41:29.910+0000][173760.276s][info][gc,cpu      ] GC(5509) User=0.16s Sys=0.00s Real=0.03s
[2025-01-08T20:41:29.910+0000][173760.276s][info][gc,marking  ] GC(5509) Concurrent Mark 825.978ms
[2025-01-08T20:41:29.910+0000][173760.276s][info][gc,marking  ] GC(5509) Concurrent Rebuild Remembered Sets
[2025-01-08T20:41:30.491+0000][173760.857s][info][gc,marking  ] GC(5509) Concurrent Rebuild Remembered Sets 581.249ms
[2025-01-08T20:41:30.491+0000][173760.857s][info][gc,start    ] GC(5509) Pause Cleanup
[2025-01-08T20:41:30.492+0000][173760.858s][info][gc          ] GC(5509) Pause Cleanup 3561M->3561M(12288M) 0.375ms
[2025-01-08T20:41:30.492+0000][173760.858s][info][gc,cpu      ] GC(5509) User=0.00s Sys=0.00s Real=0.00s
[2025-01-08T20:41:30.492+0000][173760.858s][info][gc,marking  ] GC(5509) Concurrent Cleanup for Next Mark
[2025-01-08T20:41:30.507+0000][173760.873s][info][gc,marking  ] GC(5509) Concurrent Cleanup for Next Mark 15.505ms
[2025-01-08T20:41:30.507+0000][173760.873s][info][gc          ] GC(5509) Concurrent Mark Cycle 1444.743ms
[2025-01-08T20:41:36.583+0000][173766.949s][info][gc,start    ] GC(5510) Pause Young (Prepare Mixed) (G1 Evacuation Pause)
[2025-01-08T20:41:36.583+0000][173766.949s][info][gc,task     ] GC(5510) Using 6 workers of 6 for evacuation
[2025-01-08T20:41:36.621+0000][173766.987s][info][gc,phases   ] GC(5510)   Pre Evacuate Collection Set: 0.2ms
[2025-01-08T20:41:36.621+0000][173766.987s][info][gc,phases   ] GC(5510)   Merge Heap Roots: 0.7ms
[2025-01-08T20:41:36.621+0000][173766.987s][info][gc,phases   ] GC(5510)   Evacuate Collection Set: 32.9ms
[2025-01-08T20:41:36.621+0000][173766.987s][info][gc,phases   ] GC(5510)   Post Evacuate Collection Set: 3.9ms
[2025-01-08T20:41:36.621+0000][173766.987s][info][gc,phases   ] GC(5510)   Other: 0.2ms
[2025-01-08T20:41:36.621+0000][173766.987s][info][gc,heap     ] GC(5510) Eden regions: 913->0(66)
[2025-01-08T20:41:36.621+0000][173766.987s][info][gc,heap     ] GC(5510) Survivor regions: 8->10(116)
[2025-01-08T20:41:36.621+0000][173766.987s][info][gc,heap     ] GC(5510) Old regions: 233->233
[2025-01-08T20:41:36.621+0000][173766.987s][info][gc,heap     ] GC(5510) Archive regions: 2->2
[2025-01-08T20:41:36.621+0000][173766.987s][info][gc,heap     ] GC(5510) Humongous regions: 49->49
[2025-01-08T20:41:36.621+0000][173766.987s][info][gc,metaspace] GC(5510) Metaspace: 523621K(533760K)->523621K(533760K) NonClass: 459787K(465024K)->459787K(465024K) Class: 63834K(68736K)->63834K(68736K)
[2025-01-08T20:41:36.621+0000][173766.987s][info][gc          ] GC(5510) Pause Young (Prepare Mixed) (G1 Evacuation Pause) 9620M->2337M(12288M) 37.980ms
[2025-01-08T20:41:36.621+0000][173766.987s][info][gc,cpu      ] GC(5510) User=0.23s Sys=0.00s Real=0.03s
[2025-01-08T20:41:36.887+0000][173767.253s][info][gc,start    ] GC(5511) Pause Young (Mixed) (G1 Evacuation Pause)
[2025-01-08T20:41:36.887+0000][173767.253s][info][gc,task     ] GC(5511) Using 6 workers of 6 for evacuation
[2025-01-08T20:41:36.954+0000][173767.320s][info][gc,phases   ] GC(5511)   Pre Evacuate Collection Set: 0.2ms
[2025-01-08T20:41:36.954+0000][173767.320s][info][gc,phases   ] GC(5511)   Merge Heap Roots: 0.8ms
[2025-01-08T20:41:36.954+0000][173767.320s][info][gc,phases   ] GC(5511)   Evacuate Collection Set: 64.1ms
[2025-01-08T20:41:36.954+0000][173767.320s][info][gc,phases   ] GC(5511)   Post Evacuate Collection Set: 2.4ms
[2025-01-08T20:41:36.954+0000][173767.320s][info][gc,phases   ] GC(5511)   Other: 0.2ms
[2025-01-08T20:41:36.954+0000][173767.320s][info][gc,heap     ] GC(5511) Eden regions: 66->0(913)
[2025-01-08T20:41:36.954+0000][173767.320s][info][gc,heap     ] GC(5511) Survivor regions: 10->8(10)
[2025-01-08T20:41:36.954+0000][173767.320s][info][gc,heap     ] GC(5511) Old regions: 233->234
[2025-01-08T20:41:36.954+0000][173767.320s][info][gc,heap     ] GC(5511) Archive regions: 2->2
[2025-01-08T20:41:36.954+0000][173767.320s][info][gc,heap     ] GC(5511) Humongous regions: 49->49
[2025-01-08T20:41:36.954+0000][173767.320s][info][gc,metaspace] GC(5511) Metaspace: 523621K(533760K)->523621K(533760K) NonClass: 459787K(465024K)->459787K(465024K) Class: 63834K(68736K)->63834K(68736K)
[2025-01-08T20:41:36.954+0000][173767.321s][info][gc          ] GC(5511) Pause Young (Mixed) (G1 Evacuation Pause) 2865M->2326M(12288M) 67.669ms
[2025-01-08T20:41:36.954+0000][173767.321s][info][gc,cpu      ] GC(5511) User=0.40s Sys=0.00s Real=0.07s
[2025-01-08T20:41:42.846+0000][173773.212s][info][gc,start    ] GC(5512) Pause Young (Normal) (G1 Evacuation Pause)
[2025-01-08T20:41:42.846+0000][173773.212s][info][gc,task     ] GC(5512) Using 6 workers of 6 for evacuation
[2025-01-08T20:41:42.873+0000][173773.239s][info][gc,phases   ] GC(5512)   Pre Evacuate Collection Set: 0.2ms
[2025-01-08T20:41:42.873+0000][173773.239s][info][gc,phases   ] GC(5512)   Merge Heap Roots: 0.4ms
[2025-01-08T20:41:42.873+0000][173773.239s][info][gc,phases   ] GC(5512)   Evacuate Collection Set: 23.1ms
[2025-01-08T20:41:42.873+0000][173773.239s][info][gc,phases   ] GC(5512)   Post Evacuate Collection Set: 3.1ms
[2025-01-08T20:41:42.873+0000][173773.239s][info][gc,phases   ] GC(5512)   Other: 0.2ms
[2025-01-08T20:41:42.873+0000][173773.239s][info][gc,heap     ] GC(5512) Eden regions: 913->0(914)
[2025-01-08T20:41:42.873+0000][173773.239s][info][gc,heap     ] GC(5512) Survivor regions: 8->7(116)
[2025-01-08T20:41:42.873+0000][173773.239s][info][gc,heap     ] GC(5512) Old regions: 234->234
[2025-01-08T20:41:42.873+0000][173773.239s][info][gc,heap     ] GC(5512) Archive regions: 2->2
[2025-01-08T20:41:42.873+0000][173773.239s][info][gc,heap     ] GC(5512) Humongous regions: 49->49
[2025-01-08T20:41:42.873+0000][173773.239s][info][gc,metaspace] GC(5512) Metaspace: 523621K(533760K)->523621K(533760K) NonClass: 459787K(465024K)->459787K(465024K) Class: 63834K(68736K)->63834K(68736K)
[2025-01-08T20:41:42.873+0000][173773.239s][info][gc          ] GC(5512) Pause Young (Normal) (G1 Evacuation Pause) 9630M->2318M(12288M) 27.155ms
[2025-01-08T20:41:42.873+0000][173773.239s][info][gc,cpu      ] GC(5512) User=0.16s Sys=0.00s Real=0.03s
[2025-01-08T20:41:50.239+0000][173780.605s][info][gc,start    ] GC(5513) Pause Young (Normal) (G1 Evacuation Pause)
[2025-01-08T20:41:50.239+0000][173780.605s][info][gc,task     ] GC(5513) Using 6 workers of 6 for evacuation
[2025-01-08T20:41:50.267+0000][173780.633s][info][gc,phases   ] GC(5513)   Pre Evacuate Collection Set: 0.2ms
[2025-01-08T20:41:50.267+0000][173780.633s][info][gc,phases   ] GC(5513)   Merge Heap Roots: 0.4ms
[2025-01-08T20:41:50.267+0000][173780.633s][info][gc,phases   ] GC(5513)   Evacuate Collection Set: 23.4ms
[2025-01-08T20:41:50.267+0000][173780.633s][info][gc,phases   ] GC(5513)   Post Evacuate Collection Set: 3.9ms
[2025-01-08T20:41:50.267+0000][173780.633s][info][gc,phases   ] GC(5513)   Other: 0.2ms
[2025-01-08T20:41:50.267+0000][173780.633s][info][gc,heap     ] GC(5513) Eden regions: 914->0(913)
[2025-01-08T20:41:50.267+0000][173780.633s][info][gc,heap     ] GC(5513) Survivor regions: 7->8(116)
[2025-01-08T20:41:50.267+0000][173780.633s][info][gc,heap     ] GC(5513) Old regions: 234->234
[2025-01-08T20:41:50.267+0000][173780.633s][info][gc,heap     ] GC(5513) Archive regions: 2->2
[2025-01-08T20:41:50.267+0000][173780.633s][info][gc,heap     ] GC(5513) Humongous regions: 49->49
[2025-01-08T20:41:50.267+0000][173780.633s][info][gc,metaspace] GC(5513) Metaspace: 523621K(533760K)->523621K(533760K) NonClass: 459787K(465024K)->459787K(465024K) Class: 63834K(68736K)->63834K(68736K)
[2025-01-08T20:41:50.267+0000][173780.633s][info][gc          ] GC(5513) Pause Young (Normal) (G1 Evacuation Pause) 9630M->2323M(12288M) 28.146ms
[2025-01-08T20:41:50.267+0000][173780.633s][info][gc,cpu      ] GC(5513) User=0.17s Sys=0.00s Real=0.03s
[2025-01-08T20:41:55.162+0000][173785.528s][info][gc,start    ] GC(5514) Pause Young (Concurrent Start) (G1 Evacuation Pause)
[2025-01-08T20:41:55.162+0000][173785.528s][info][gc,task     ] GC(5514) Using 6 workers of 6 for evacuation
[2025-01-08T20:41:55.193+0000][173785.560s][info][gc,phases   ] GC(5514)   Pre Evacuate Collection Set: 1.1ms
[2025-01-08T20:41:55.193+0000][173785.560s][info][gc,phases   ] GC(5514)   Merge Heap Roots: 0.4ms
[2025-01-08T20:41:55.193+0000][173785.560s][info][gc,phases   ] GC(5514)   Evacuate Collection Set: 27.6ms
[2025-01-08T20:41:55.193+0000][173785.560s][info][gc,phases   ] GC(5514)   Post Evacuate Collection Set: 2.4ms
[2025-01-08T20:41:55.193+0000][173785.560s][info][gc,phases   ] GC(5514)   Other: 0.3ms
[2025-01-08T20:41:55.193+0000][173785.560s][info][gc,heap     ] GC(5514) Eden regions: 913->0(913)
[2025-01-08T20:41:55.193+0000][173785.560s][info][gc,heap     ] GC(5514) Survivor regions: 8->8(116)
[2025-01-08T20:41:55.193+0000][173785.560s][info][gc,heap     ] GC(5514) Old regions: 234->234
[2025-01-08T20:41:55.193+0000][173785.560s][info][gc,heap     ] GC(5514) Archive regions: 2->2
[2025-01-08T20:41:55.193+0000][173785.560s][info][gc,heap     ] GC(5514) Humongous regions: 49->49
[2025-01-08T20:41:55.194+0000][173785.560s][info][gc,metaspace] GC(5514) Metaspace: 523621K(533760K)->523621K(533760K) NonClass: 459787K(465024K)->459787K(465024K) Class: 63834K(68736K)->63834K(68736K)
[2025-01-08T20:41:55.194+0000][173785.560s][info][gc          ] GC(5514) Pause Young (Concurrent Start) (G1 Evacuation Pause) 9627M->2329M(12288M) 31.889ms
[2025-01-08T20:41:55.194+0000][173785.560s][info][gc,cpu      ] GC(5514) User=0.17s Sys=0.00s Real=0.03s
[2025-01-08T20:41:55.194+0000][173785.560s][info][gc          ] GC(5515) Concurrent Mark Cycle
[2025-01-08T20:41:55.194+0000][173785.560s][info][gc,marking  ] GC(5515) Concurrent Clear Claimed Marks
[2025-01-08T20:41:55.194+0000][173785.561s][info][gc,marking  ] GC(5515) Concurrent Clear Claimed Marks 0.880ms
[2025-01-08T20:41:55.195+0000][173785.561s][info][gc,marking  ] GC(5515) Concurrent Scan Root Regions
[2025-01-08T20:41:55.217+0000][173785.583s][info][gc,marking  ] GC(5515) Concurrent Scan Root Regions 22.868ms
[2025-01-08T20:41:55.217+0000][173785.584s][info][gc,marking  ] GC(5515) Concurrent Mark
[2025-01-08T20:41:55.217+0000][173785.584s][info][gc,marking  ] GC(5515) Concurrent Mark From Roots
[2025-01-08T20:41:55.217+0000][173785.584s][info][gc,task     ] GC(5515) Using 2 workers of 2 for marking
[2025-01-08T20:41:56.159+0000][173786.525s][info][gc,marking  ] GC(5515) Concurrent Mark From Roots 941.577ms
[2025-01-08T20:41:56.159+0000][173786.525s][info][gc,marking  ] GC(5515) Concurrent Preclean
[2025-01-08T20:41:56.163+0000][173786.529s][info][gc,marking  ] GC(5515) Concurrent Preclean 3.575ms
[2025-01-08T20:41:56.163+0000][173786.529s][info][gc,start    ] GC(5515) Pause Remark
[2025-01-08T20:41:56.218+0000][173786.584s][info][gc          ] GC(5515) Pause Remark 3541M->3541M(12288M) 55.303ms
[2025-01-08T20:41:56.218+0000][173786.584s][info][gc,cpu      ] GC(5515) User=0.30s Sys=0.00s Real=0.05s
[2025-01-08T20:41:56.218+0000][173786.585s][info][gc,marking  ] GC(5515) Concurrent Mark 1001.062ms
[2025-01-08T20:41:56.219+0000][173786.585s][info][gc,marking  ] GC(5515) Concurrent Rebuild Remembered Sets
[2025-01-08T20:41:56.772+0000][173787.138s][info][gc,marking  ] GC(5515) Concurrent Rebuild Remembered Sets 553.717ms
[2025-01-08T20:41:56.772+0000][173787.138s][info][gc,start    ] GC(5515) Pause Cleanup
[2025-01-08T20:41:56.773+0000][173787.139s][info][gc          ] GC(5515) Pause Cleanup 4262M->4262M(12288M) 0.374ms
[2025-01-08T20:41:56.773+0000][173787.139s][info][gc,cpu      ] GC(5515) User=0.00s Sys=0.00s Real=0.00s
[2025-01-08T20:41:56.773+0000][173787.139s][info][gc,marking  ] GC(5515) Concurrent Cleanup for Next Mark
[2025-01-08T20:41:56.789+0000][173787.156s][info][gc,marking  ] GC(5515) Concurrent Cleanup for Next Mark 16.660ms
[2025-01-08T20:41:56.790+0000][173787.156s][info][gc          ] GC(5515) Concurrent Mark Cycle 1595.947ms
[2025-01-08T20:42:00.386+0000][173790.752s][info][gc,start    ] GC(5516) Pause Young (Prepare Mixed) (G1 Evacuation Pause)
[2025-01-08T20:42:00.386+0000][173790.752s][info][gc,task     ] GC(5516) Using 6 workers of 6 for evacuation
[2025-01-08T20:42:00.418+0000][173790.784s][info][gc,phases   ] GC(5516)   Pre Evacuate Collection Set: 0.2ms
[2025-01-08T20:42:00.418+0000][173790.784s][info][gc,phases   ] GC(5516)   Merge Heap Roots: 0.7ms
[2025-01-08T20:42:00.418+0000][173790.784s][info][gc,phases   ] GC(5516)   Evacuate Collection Set: 28.2ms
[2025-01-08T20:42:00.418+0000][173790.784s][info][gc,phases   ] GC(5516)   Post Evacuate Collection Set: 2.4ms
[2025-01-08T20:42:00.418+0000][173790.784s][info][gc,phases   ] GC(5516)   Other: 0.2ms
[2025-01-08T20:42:00.418+0000][173790.784s][info][gc,heap     ] GC(5516) Eden regions: 913->0(68)
[2025-01-08T20:42:00.418+0000][173790.784s][info][gc,heap     ] GC(5516) Survivor regions: 8->8(116)
[2025-01-08T20:42:00.418+0000][173790.784s][info][gc,heap     ] GC(5516) Old regions: 234->234
[2025-01-08T20:42:00.418+0000][173790.784s][info][gc,heap     ] GC(5516) Archive regions: 2->2
[2025-01-08T20:42:00.418+0000][173790.784s][info][gc,heap     ] GC(5516) Humongous regions: 49->49
[2025-01-08T20:42:00.418+0000][173790.784s][info][gc,metaspace] GC(5516) Metaspace: 523600K(533760K)->523600K(533760K) NonClass: 459770K(465024K)->459770K(465024K) Class: 63829K(68736K)->63829K(68736K)
[2025-01-08T20:42:00.418+0000][173790.784s][info][gc          ] GC(5516) Pause Young (Prepare Mixed) (G1 Evacuation Pause) 9633M->2329M(12288M) 31.774ms
[2025-01-08T20:42:00.418+0000][173790.784s][info][gc,cpu      ] GC(5516) User=0.19s Sys=0.00s Real=0.03s
[2025-01-08T20:42:00.877+0000][173791.243s][info][gc,start    ] GC(5517) Pause Young (Mixed) (G1 Evacuation Pause)
[2025-01-08T20:42:00.877+0000][173791.244s][info][gc,task     ] GC(5517) Using 6 workers of 6 for evacuation
[2025-01-08T20:42:00.937+0000][173791.303s][info][gc,phases   ] GC(5517)   Pre Evacuate Collection Set: 0.2ms
[2025-01-08T20:42:00.937+0000][173791.303s][info][gc,phases   ] GC(5517)   Merge Heap Roots: 0.6ms
[2025-01-08T20:42:00.937+0000][173791.303s][info][gc,phases   ] GC(5517)   Evacuate Collection Set: 56.6ms
[2025-01-08T20:42:00.937+0000][173791.303s][info][gc,phases   ] GC(5517)   Post Evacuate Collection Set: 1.7ms
[2025-01-08T20:42:00.937+0000][173791.303s][info][gc,phases   ] GC(5517)   Other: 0.2ms
[2025-01-08T20:42:00.937+0000][173791.303s][info][gc,heap     ] GC(5517) Eden regions: 68->0(915)
[2025-01-08T20:42:00.937+0000][173791.303s][info][gc,heap     ] GC(5517) Survivor regions: 8->6(10)
[2025-01-08T20:42:00.937+0000][173791.303s][info][gc,heap     ] GC(5517) Old regions: 234->233
[2025-01-08T20:42:00.937+0000][173791.303s][info][gc,heap     ] GC(5517) Archive regions: 2->2
[2025-01-08T20:42:00.937+0000][173791.303s][info][gc,heap     ] GC(5517) Humongous regions: 49->49
[2025-01-08T20:42:00.937+0000][173791.303s][info][gc,metaspace] GC(5517) Metaspace: 523600K(533760K)->523600K(533760K) NonClass: 459770K(465024K)->459770K(465024K) Class: 63829K(68736K)->63829K(68736K)
[2025-01-08T20:42:00.937+0000][173791.303s][info][gc          ] GC(5517) Pause Young (Mixed) (G1 Evacuation Pause) 2873M->2307M(12288M) 59.429ms
[2025-01-08T20:42:00.937+0000][173791.303s][info][gc,cpu      ] GC(5517) User=0.34s Sys=0.00s Real=0.06s
[2025-01-08T20:42:07.476+0000][173797.842s][info][gc,start    ] GC(5518) Pause Young (Normal) (G1 Evacuation Pause)
[2025-01-08T20:42:07.476+0000][173797.842s][info][gc,task     ] GC(5518) Using 6 workers of 6 for evacuation
[2025-01-08T20:42:07.503+0000][173797.869s][info][gc,phases   ] GC(5518)   Pre Evacuate Collection Set: 0.2ms
[2025-01-08T20:42:07.503+0000][173797.869s][info][gc,phases   ] GC(5518)   Merge Heap Roots: 0.5ms
[2025-01-08T20:42:07.503+0000][173797.869s][info][gc,phases   ] GC(5518)   Evacuate Collection Set: 23.8ms
[2025-01-08T20:42:07.503+0000][173797.869s][info][gc,phases   ] GC(5518)   Post Evacuate Collection Set: 2.4ms
[2025-01-08T20:42:07.503+0000][173797.869s][info][gc,phases   ] GC(5518)   Other: 0.2ms
[2025-01-08T20:42:07.503+0000][173797.869s][info][gc,heap     ] GC(5518) Eden regions: 915->0(914)
[2025-01-08T20:42:07.503+0000][173797.869s][info][gc,heap     ] GC(5518) Survivor regions: 6->7(116)
[2025-01-08T20:42:07.503+0000][173797.869s][info][gc,heap     ] GC(5518) Old regions: 233->233
[2025-01-08T20:42:07.503+0000][173797.869s][info][gc,heap     ] GC(5518) Archive regions: 2->2
[2025-01-08T20:42:07.503+0000][173797.869s][info][gc,heap     ] GC(5518) Humongous regions: 49->49
[2025-01-08T20:42:07.503+0000][173797.869s][info][gc,metaspace] GC(5518) Metaspace: 523600K(533760K)->523600K(533760K) NonClass: 459770K(465024K)->459770K(465024K) Class: 63829K(68736K)->63829K(68736K)
[2025-01-08T20:42:07.503+0000][173797.869s][info][gc          ] GC(5518) Pause Young (Normal) (G1 Evacuation Pause) 9627M->2312M(12288M) 27.259ms
[2025-01-08T20:42:07.503+0000][173797.869s][info][gc,cpu      ] GC(5518) User=0.16s Sys=0.00s Real=0.03s
[2025-01-08T20:42:14.057+0000][173804.423s][info][gc,start    ] GC(5519) Pause Young (Normal) (G1 Evacuation Pause)
[2025-01-08T20:42:14.057+0000][173804.423s][info][gc,task     ] GC(5519) Using 6 workers of 6 for evacuation
[2025-01-08T20:42:14.084+0000][173804.450s][info][gc,phases   ] GC(5519)   Pre Evacuate Collection Set: 0.2ms
[2025-01-08T20:42:14.084+0000][173804.451s][info][gc,phases   ] GC(5519)   Merge Heap Roots: 0.4ms
[2025-01-08T20:42:14.084+0000][173804.451s][info][gc,phases   ] GC(5519)   Evacuate Collection Set: 24.5ms
[2025-01-08T20:42:14.084+0000][173804.451s][info][gc,phases   ] GC(5519)   Post Evacuate Collection Set: 2.5ms
[2025-01-08T20:42:14.084+0000][173804.451s][info][gc,phases   ] GC(5519)   Other: 0.2ms
[2025-01-08T20:42:14.084+0000][173804.451s][info][gc,heap     ] GC(5519) Eden regions: 914->0(913)
[2025-01-08T20:42:14.084+0000][173804.451s][info][gc,heap     ] GC(5519) Survivor regions: 7->8(116)
[2025-01-08T20:42:14.084+0000][173804.451s][info][gc,heap     ] GC(5519) Old regions: 233->233
[2025-01-08T20:42:14.084+0000][173804.451s][info][gc,heap     ] GC(5519) Archive regions: 2->2
[2025-01-08T20:42:14.084+0000][173804.451s][info][gc,heap     ] GC(5519) Humongous regions: 49->49
[2025-01-08T20:42:14.084+0000][173804.451s][info][gc,metaspace] GC(5519) Metaspace: 523600K(533760K)->523600K(533760K) NonClass: 459770K(465024K)->459770K(465024K) Class: 63829K(68736K)->63829K(68736K)
[2025-01-08T20:42:14.084+0000][173804.451s][info][gc          ] GC(5519) Pause Young (Normal) (G1 Evacuation Pause) 9624M->2317M(12288M) 27.927ms
[2025-01-08T20:42:14.085+0000][173804.451s][info][gc,cpu      ] GC(5519) User=0.16s Sys=0.00s Real=0.03s
[2025-01-08T20:42:20.637+0000][173811.003s][info][gc,start    ] GC(5520) Pause Young (Concurrent Start) (G1 Evacuation Pause)
[2025-01-08T20:42:20.637+0000][173811.003s][info][gc,task     ] GC(5520) Using 6 workers of 6 for evacuation
[2025-01-08T20:42:20.670+0000][173811.036s][info][gc,phases   ] GC(5520)   Pre Evacuate Collection Set: 1.2ms
[2025-01-08T20:42:20.670+0000][173811.036s][info][gc,phases   ] GC(5520)   Merge Heap Roots: 0.5ms
[2025-01-08T20:42:20.670+0000][173811.036s][info][gc,phases   ] GC(5520)   Evacuate Collection Set: 28.6ms
[2025-01-08T20:42:20.670+0000][173811.036s][info][gc,phases   ] GC(5520)   Post Evacuate Collection Set: 2.5ms
[2025-01-08T20:42:20.670+0000][173811.036s][info][gc,phases   ] GC(5520)   Other: 0.3ms
[2025-01-08T20:42:20.670+0000][173811.036s][info][gc,heap     ] GC(5520) Eden regions: 913->0(912)
[2025-01-08T20:42:20.670+0000][173811.036s][info][gc,heap     ] GC(5520) Survivor regions: 8->9(116)
[2025-01-08T20:42:20.670+0000][173811.036s][info][gc,heap     ] GC(5520) Old regions: 233->233
[2025-01-08T20:42:20.670+0000][173811.036s][info][gc,heap     ] GC(5520) Archive regions: 2->2
[2025-01-08T20:42:20.670+0000][173811.036s][info][gc,heap     ] GC(5520) Humongous regions: 49->49
[2025-01-08T20:42:20.670+0000][173811.036s][info][gc,metaspace] GC(5520) Metaspace: 523600K(533760K)->523600K(533760K) NonClass: 459770K(465024K)->459770K(465024K) Class: 63829K(68736K)->63829K(68736K)
[2025-01-08T20:42:20.670+0000][173811.036s][info][gc          ] GC(5520) Pause Young (Concurrent Start) (G1 Evacuation Pause) 9621M->2327M(12288M) 33.224ms
[2025-01-08T20:42:20.670+0000][173811.036s][info][gc,cpu      ] GC(5520) User=0.19s Sys=0.00s Real=0.04s
[2025-01-08T20:42:20.670+0000][173811.036s][info][gc          ] GC(5521) Concurrent Mark Cycle
[2025-01-08T20:42:20.670+0000][173811.036s][info][gc,marking  ] GC(5521) Concurrent Clear Claimed Marks
[2025-01-08T20:42:20.671+0000][173811.037s][info][gc,marking  ] GC(5521) Concurrent Clear Claimed Marks 0.964ms
[2025-01-08T20:42:20.671+0000][173811.037s][info][gc,marking  ] GC(5521) Concurrent Scan Root Regions
[2025-01-08T20:42:20.697+0000][173811.063s][info][gc,marking  ] GC(5521) Concurrent Scan Root Regions 25.977ms
[2025-01-08T20:42:20.697+0000][173811.063s][info][gc,marking  ] GC(5521) Concurrent Mark
[2025-01-08T20:42:20.697+0000][173811.063s][info][gc,marking  ] GC(5521) Concurrent Mark From Roots
[2025-01-08T20:42:20.697+0000][173811.063s][info][gc,task     ] GC(5521) Using 2 workers of 2 for marking
[2025-01-08T20:42:21.509+0000][173811.875s][info][gc,marking  ] GC(5521) Concurrent Mark From Roots 812.304ms
[2025-01-08T20:42:21.509+0000][173811.875s][info][gc,marking  ] GC(5521) Concurrent Preclean
[2025-01-08T20:42:21.512+0000][173811.878s][info][gc,marking  ] GC(5521) Concurrent Preclean 2.532ms
[2025-01-08T20:42:21.512+0000][173811.878s][info][gc,start    ] GC(5521) Pause Remark
[2025-01-08T20:42:21.538+0000][173811.904s][info][gc          ] GC(5521) Pause Remark 3095M->3095M(12288M) 25.879ms
[2025-01-08T20:42:21.538+0000][173811.904s][info][gc,cpu      ] GC(5521) User=0.14s Sys=0.00s Real=0.02s
[2025-01-08T20:42:21.538+0000][173811.904s][info][gc,marking  ] GC(5521) Concurrent Mark 841.087ms
[2025-01-08T20:42:21.538+0000][173811.904s][info][gc,marking  ] GC(5521) Concurrent Rebuild Remembered Sets
[2025-01-08T20:42:22.114+0000][173812.480s][info][gc,marking  ] GC(5521) Concurrent Rebuild Remembered Sets 576.363ms
[2025-01-08T20:42:22.115+0000][173812.481s][info][gc,start    ] GC(5521) Pause Cleanup
[2025-01-08T20:42:22.115+0000][173812.481s][info][gc          ] GC(5521) Pause Cleanup 3767M->3767M(12288M) 0.444ms
[2025-01-08T20:42:22.115+0000][173812.481s][info][gc,cpu      ] GC(5521) User=0.00s Sys=0.00s Real=0.00s
[2025-01-08T20:42:22.115+0000][173812.481s][info][gc,marking  ] GC(5521) Concurrent Cleanup for Next Mark
[2025-01-08T20:42:22.132+0000][173812.498s][info][gc,marking  ] GC(5521) Concurrent Cleanup for Next Mark 16.634ms
[2025-01-08T20:42:22.132+0000][173812.498s][info][gc          ] GC(5521) Concurrent Mark Cycle 1461.992ms
[2025-01-08T20:42:26.481+0000][173816.847s][info][gc,start    ] GC(5522) Pause Young (Prepare Mixed) (G1 Evacuation Pause)
[2025-01-08T20:42:26.481+0000][173816.847s][info][gc,task     ] GC(5522) Using 6 workers of 6 for evacuation
[2025-01-08T20:42:26.514+0000][173816.881s][info][gc,phases   ] GC(5522)   Pre Evacuate Collection Set: 0.2ms
[2025-01-08T20:42:26.514+0000][173816.881s][info][gc,phases   ] GC(5522)   Merge Heap Roots: 0.7ms
[2025-01-08T20:42:26.514+0000][173816.881s][info][gc,phases   ] GC(5522)   Evacuate Collection Set: 30.0ms
[2025-01-08T20:42:26.514+0000][173816.881s][info][gc,phases   ] GC(5522)   Post Evacuate Collection Set: 2.7ms
[2025-01-08T20:42:26.514+0000][173816.881s][info][gc,phases   ] GC(5522)   Other: 0.2ms
[2025-01-08T20:42:26.514+0000][173816.881s][info][gc,heap     ] GC(5522) Eden regions: 912->0(66)
[2025-01-08T20:42:26.514+0000][173816.881s][info][gc,heap     ] GC(5522) Survivor regions: 9->10(116)
[2025-01-08T20:42:26.514+0000][173816.881s][info][gc,heap     ] GC(5522) Old regions: 233->233
[2025-01-08T20:42:26.514+0000][173816.881s][info][gc,heap     ] GC(5522) Archive regions: 2->2
[2025-01-08T20:42:26.514+0000][173816.881s][info][gc,heap     ] GC(5522) Humongous regions: 49->49
[2025-01-08T20:42:26.515+0000][173816.881s][info][gc,metaspace] GC(5522) Metaspace: 523600K(533760K)->523600K(533760K) NonClass: 459770K(465024K)->459770K(465024K) Class: 63829K(68736K)->63829K(68736K)
[2025-01-08T20:42:26.515+0000][173816.881s][info][gc          ] GC(5522) Pause Young (Prepare Mixed) (G1 Evacuation Pause) 9623M->2334M(12288M) 33.971ms
[2025-01-08T20:42:26.515+0000][173816.881s][info][gc,cpu      ] GC(5522) User=0.20s Sys=0.00s Real=0.04s
[2025-01-08T20:42:27.000+0000][173817.367s][info][gc,start    ] GC(5523) Pause Young (Mixed) (G1 Evacuation Pause)
[2025-01-08T20:42:27.000+0000][173817.367s][info][gc,task     ] GC(5523) Using 6 workers of 6 for evacuation
[2025-01-08T20:42:27.042+0000][173817.408s][info][gc,phases   ] GC(5523)   Pre Evacuate Collection Set: 0.2ms
[2025-01-08T20:42:27.042+0000][173817.408s][info][gc,phases   ] GC(5523)   Merge Heap Roots: 0.4ms
[2025-01-08T20:42:27.042+0000][173817.408s][info][gc,phases   ] GC(5523)   Evacuate Collection Set: 39.1ms
[2025-01-08T20:42:27.042+0000][173817.408s][info][gc,phases   ] GC(5523)   Post Evacuate Collection Set: 1.6ms
[2025-01-08T20:42:27.042+0000][173817.408s][info][gc,phases   ] GC(5523)   Other: 0.2ms
[2025-01-08T20:42:27.042+0000][173817.408s][info][gc,heap     ] GC(5523) Eden regions: 66->0(916)
[2025-01-08T20:42:27.042+0000][173817.408s][info][gc,heap     ] GC(5523) Survivor regions: 10->5(10)
[2025-01-08T20:42:27.042+0000][173817.408s][info][gc,heap     ] GC(5523) Old regions: 233->231
[2025-01-08T20:42:27.042+0000][173817.408s][info][gc,heap     ] GC(5523) Archive regions: 2->2
[2025-01-08T20:42:27.042+0000][173817.408s][info][gc,heap     ] GC(5523) Humongous regions: 49->49
[2025-01-08T20:42:27.042+0000][173817.408s][info][gc,metaspace] GC(5523) Metaspace: 523600K(533760K)->523600K(533760K) NonClass: 459770K(465024K)->459770K(465024K) Class: 63829K(68736K)->63829K(68736K)
[2025-01-08T20:42:27.042+0000][173817.408s][info][gc          ] GC(5523) Pause Young (Mixed) (G1 Evacuation Pause) 2862M->2283M(12288M) 41.542ms
[2025-01-08T20:42:27.042+0000][173817.408s][info][gc,cpu      ] GC(5523) User=0.24s Sys=0.00s Real=0.05s
[2025-01-08T20:42:37.433+0000][173827.799s][info][gc,start    ] GC(5524) Pause Young (Normal) (G1 Evacuation Pause)
[2025-01-08T20:42:37.433+0000][173827.799s][info][gc,task     ] GC(5524) Using 6 workers of 6 for evacuation
[2025-01-08T20:42:37.462+0000][173827.828s][info][gc,phases   ] GC(5524)   Pre Evacuate Collection Set: 0.2ms
[2025-01-08T20:42:37.462+0000][173827.828s][info][gc,phases   ] GC(5524)   Merge Heap Roots: 0.5ms
[2025-01-08T20:42:37.462+0000][173827.828s][info][gc,phases   ] GC(5524)   Evacuate Collection Set: 22.7ms
[2025-01-08T20:42:37.462+0000][173827.828s][info][gc,phases   ] GC(5524)   Post Evacuate Collection Set: 5.3ms
[2025-01-08T20:42:37.462+0000][173827.828s][info][gc,phases   ] GC(5524)   Other: 0.2ms
[2025-01-08T20:42:37.462+0000][173827.828s][info][gc,heap     ] GC(5524) Eden regions: 916->0(913)
[2025-01-08T20:42:37.462+0000][173827.828s][info][gc,heap     ] GC(5524) Survivor regions: 5->8(116)
[2025-01-08T20:42:37.462+0000][173827.828s][info][gc,heap     ] GC(5524) Old regions: 231->231
[2025-01-08T20:42:37.462+0000][173827.828s][info][gc,heap     ] GC(5524) Archive regions: 2->2
[2025-01-08T20:42:37.462+0000][173827.828s][info][gc,heap     ] GC(5524) Humongous regions: 49->49
[2025-01-08T20:42:37.462+0000][173827.828s][info][gc,metaspace] GC(5524) Metaspace: 523600K(533760K)->523600K(533760K) NonClass: 459770K(465024K)->459770K(465024K) Class: 63829K(68736K)->63829K(68736K)
[2025-01-08T20:42:37.462+0000][173827.828s][info][gc          ] GC(5524) Pause Young (Normal) (G1 Evacuation Pause) 9611M->2306M(12288M) 28.996ms
[2025-01-08T20:42:37.462+0000][173827.828s][info][gc,cpu      ] GC(5524) User=0.17s Sys=0.00s Real=0.03s
[2025-01-08T20:42:46.356+0000][173836.723s][info][gc,start    ] GC(5525) Pause Young (Normal) (G1 Evacuation Pause)
[2025-01-08T20:42:46.357+0000][173836.723s][info][gc,task     ] GC(5525) Using 6 workers of 6 for evacuation
[2025-01-08T20:42:46.390+0000][173836.756s][info][gc,phases   ] GC(5525)   Pre Evacuate Collection Set: 0.2ms
[2025-01-08T20:42:46.390+0000][173836.756s][info][gc,phases   ] GC(5525)   Merge Heap Roots: 0.4ms
[2025-01-08T20:42:46.390+0000][173836.756s][info][gc,phases   ] GC(5525)   Evacuate Collection Set: 28.6ms
[2025-01-08T20:42:46.390+0000][173836.756s][info][gc,phases   ] GC(5525)   Post Evacuate Collection Set: 4.0ms
[2025-01-08T20:42:46.390+0000][173836.756s][info][gc,phases   ] GC(5525)   Other: 0.2ms
[2025-01-08T20:42:46.390+0000][173836.756s][info][gc,heap     ] GC(5525) Eden regions: 913->0(911)
[2025-01-08T20:42:46.390+0000][173836.756s][info][gc,heap     ] GC(5525) Survivor regions: 8->10(116)
[2025-01-08T20:42:46.390+0000][173836.756s][info][gc,heap     ] GC(5525) Old regions: 231->231
[2025-01-08T20:42:46.390+0000][173836.756s][info][gc,heap     ] GC(5525) Archive regions: 2->2
[2025-01-08T20:42:46.390+0000][173836.756s][info][gc,heap     ] GC(5525) Humongous regions: 49->49
[2025-01-08T20:42:46.390+0000][173836.756s][info][gc,metaspace] GC(5525) Metaspace: 523600K(533760K)->523600K(533760K) NonClass: 459770K(465024K)->459770K(465024K) Class: 63829K(68736K)->63829K(68736K)
[2025-01-08T20:42:46.390+0000][173836.756s][info][gc          ] GC(5525) Pause Young (Normal) (G1 Evacuation Pause) 9610M->2320M(12288M) 33.581ms
[2025-01-08T20:42:46.390+0000][173836.756s][info][gc,cpu      ] GC(5525) User=0.19s Sys=0.00s Real=0.04s
[2025-01-08T20:42:52.124+0000][173842.490s][info][gc,start    ] GC(5526) Pause Young (Concurrent Start) (G1 Evacuation Pause)
[2025-01-08T20:42:52.124+0000][173842.490s][info][gc,task     ] GC(5526) Using 6 workers of 6 for evacuation
[2025-01-08T20:42:52.155+0000][173842.521s][info][gc,phases   ] GC(5526)   Pre Evacuate Collection Set: 1.1ms
[2025-01-08T20:42:52.155+0000][173842.521s][info][gc,phases   ] GC(5526)   Merge Heap Roots: 0.5ms
[2025-01-08T20:42:52.155+0000][173842.521s][info][gc,phases   ] GC(5526)   Evacuate Collection Set: 26.8ms
[2025-01-08T20:42:52.155+0000][173842.521s][info][gc,phases   ] GC(5526)   Post Evacuate Collection Set: 2.4ms
[2025-01-08T20:42:52.155+0000][173842.521s][info][gc,phases   ] GC(5526)   Other: 0.3ms
[2025-01-08T20:42:52.155+0000][173842.521s][info][gc,heap     ] GC(5526) Eden regions: 911->0(912)
[2025-01-08T20:42:52.155+0000][173842.521s][info][gc,heap     ] GC(5526) Survivor regions: 10->9(116)
[2025-01-08T20:42:52.155+0000][173842.521s][info][gc,heap     ] GC(5526) Old regions: 231->231
[2025-01-08T20:42:52.155+0000][173842.521s][info][gc,heap     ] GC(5526) Archive regions: 2->2
[2025-01-08T20:42:52.155+0000][173842.521s][info][gc,heap     ] GC(5526) Humongous regions: 49->49
[2025-01-08T20:42:52.155+0000][173842.521s][info][gc,metaspace] GC(5526) Metaspace: 523600K(533760K)->523600K(533760K) NonClass: 459770K(465024K)->459770K(465024K) Class: 63829K(68736K)->63829K(68736K)
[2025-01-08T20:42:52.155+0000][173842.521s][info][gc          ] GC(5526) Pause Young (Concurrent Start) (G1 Evacuation Pause) 9608M->2315M(12288M) 31.193ms
[2025-01-08T20:42:52.155+0000][173842.521s][info][gc,cpu      ] GC(5526) User=0.18s Sys=0.00s Real=0.03s
[2025-01-08T20:42:52.155+0000][173842.521s][info][gc          ] GC(5527) Concurrent Mark Cycle
[2025-01-08T20:42:52.155+0000][173842.521s][info][gc,marking  ] GC(5527) Concurrent Clear Claimed Marks
[2025-01-08T20:42:52.156+0000][173842.522s][info][gc,marking  ] GC(5527) Concurrent Clear Claimed Marks 0.965ms
[2025-01-08T20:42:52.156+0000][173842.522s][info][gc,marking  ] GC(5527) Concurrent Scan Root Regions
[2025-01-08T20:42:52.184+0000][173842.550s][info][gc,marking  ] GC(5527) Concurrent Scan Root Regions 28.076ms
[2025-01-08T20:42:52.184+0000][173842.550s][info][gc,marking  ] GC(5527) Concurrent Mark
[2025-01-08T20:42:52.184+0000][173842.550s][info][gc,marking  ] GC(5527) Concurrent Mark From Roots
[2025-01-08T20:42:52.184+0000][173842.550s][info][gc,task     ] GC(5527) Using 2 workers of 2 for marking
[2025-01-08T20:42:53.008+0000][173843.375s][info][gc,marking  ] GC(5527) Concurrent Mark From Roots 824.237ms
[2025-01-08T20:42:53.009+0000][173843.375s][info][gc,marking  ] GC(5527) Concurrent Preclean
[2025-01-08T20:42:53.012+0000][173843.379s][info][gc,marking  ] GC(5527) Concurrent Preclean 3.926ms
[2025-01-08T20:42:53.013+0000][173843.379s][info][gc,start    ] GC(5527) Pause Remark
[2025-01-08T20:42:53.038+0000][173843.404s][info][gc          ] GC(5527) Pause Remark 3539M->3539M(12288M) 25.377ms
[2025-01-08T20:42:53.038+0000][173843.404s][info][gc,cpu      ] GC(5527) User=0.15s Sys=0.00s Real=0.02s
[2025-01-08T20:42:53.038+0000][173843.404s][info][gc,marking  ] GC(5527) Concurrent Mark 853.909ms
[2025-01-08T20:42:53.038+0000][173843.404s][info][gc,marking  ] GC(5527) Concurrent Rebuild Remembered Sets
[2025-01-08T20:42:53.632+0000][173843.998s][info][gc,marking  ] GC(5527) Concurrent Rebuild Remembered Sets 593.507ms
[2025-01-08T20:42:53.632+0000][173843.998s][info][gc,start    ] GC(5527) Pause Cleanup
[2025-01-08T20:42:53.632+0000][173843.998s][info][gc          ] GC(5527) Pause Cleanup 4312M->4312M(12288M) 0.405ms
[2025-01-08T20:42:53.632+0000][173843.998s][info][gc,cpu      ] GC(5527) User=0.00s Sys=0.00s Real=0.00s
[2025-01-08T20:42:53.632+0000][173843.998s][info][gc,marking  ] GC(5527) Concurrent Cleanup for Next Mark
[2025-01-08T20:42:53.661+0000][173844.027s][info][gc,marking  ] GC(5527) Concurrent Cleanup for Next Mark 28.497ms
[2025-01-08T20:42:53.661+0000][173844.027s][info][gc          ] GC(5527) Concurrent Mark Cycle 1505.824ms
[2025-01-08T20:42:59.410+0000][173849.776s][info][gc,start    ] GC(5528) Pause Young (Prepare Mixed) (G1 Evacuation Pause)
[2025-01-08T20:42:59.410+0000][173849.776s][info][gc,task     ] GC(5528) Using 6 workers of 6 for evacuation
[2025-01-08T20:42:59.443+0000][173849.809s][info][gc,phases   ] GC(5528)   Pre Evacuate Collection Set: 0.2ms
[2025-01-08T20:42:59.443+0000][173849.809s][info][gc,phases   ] GC(5528)   Merge Heap Roots: 0.7ms
[2025-01-08T20:42:59.443+0000][173849.809s][info][gc,phases   ] GC(5528)   Evacuate Collection Set: 29.3ms
[2025-01-08T20:42:59.443+0000][173849.809s][info][gc,phases   ] GC(5528)   Post Evacuate Collection Set: 2.5ms
[2025-01-08T20:42:59.443+0000][173849.809s][info][gc,phases   ] GC(5528)   Other: 0.2ms
[2025-01-08T20:42:59.443+0000][173849.809s][info][gc,heap     ] GC(5528) Eden regions: 912->0(68)
[2025-01-08T20:42:59.443+0000][173849.809s][info][gc,heap     ] GC(5528) Survivor regions: 9->8(116)
[2025-01-08T20:42:59.443+0000][173849.809s][info][gc,heap     ] GC(5528) Old regions: 231->231
[2025-01-08T20:42:59.443+0000][173849.809s][info][gc,heap     ] GC(5528) Archive regions: 2->2
[2025-01-08T20:42:59.443+0000][173849.809s][info][gc,heap     ] GC(5528) Humongous regions: 49->49
[2025-01-08T20:42:59.443+0000][173849.809s][info][gc,metaspace] GC(5528) Metaspace: 523600K(533760K)->523600K(533760K) NonClass: 459770K(465024K)->459770K(465024K) Class: 63829K(68736K)->63829K(68736K)
[2025-01-08T20:42:59.443+0000][173849.809s][info][gc          ] GC(5528) Pause Young (Prepare Mixed) (G1 Evacuation Pause) 9611M->2308M(12288M) 33.071ms
[2025-01-08T20:42:59.443+0000][173849.809s][info][gc,cpu      ] GC(5528) User=0.20s Sys=0.00s Real=0.03s
[2025-01-08T20:42:59.906+0000][173850.272s][info][gc,start    ] GC(5529) Pause Young (Mixed) (G1 Evacuation Pause)
[2025-01-08T20:42:59.906+0000][173850.272s][info][gc,task     ] GC(5529) Using 6 workers of 6 for evacuation
[2025-01-08T20:42:59.960+0000][173850.326s][info][gc,phases   ] GC(5529)   Pre Evacuate Collection Set: 0.2ms
[2025-01-08T20:42:59.960+0000][173850.326s][info][gc,phases   ] GC(5529)   Merge Heap Roots: 0.6ms
[2025-01-08T20:42:59.960+0000][173850.326s][info][gc,phases   ] GC(5529)   Evacuate Collection Set: 52.0ms
[2025-01-08T20:42:59.960+0000][173850.326s][info][gc,phases   ] GC(5529)   Post Evacuate Collection Set: 1.7ms
[2025-01-08T20:42:59.960+0000][173850.326s][info][gc,phases   ] GC(5529)   Other: 0.2ms
[2025-01-08T20:42:59.960+0000][173850.326s][info][gc,heap     ] GC(5529) Eden regions: 68->0(913)
[2025-01-08T20:42:59.960+0000][173850.326s][info][gc,heap     ] GC(5529) Survivor regions: 8->8(10)
[2025-01-08T20:42:59.960+0000][173850.326s][info][gc,heap     ] GC(5529) Old regions: 231->230
[2025-01-08T20:42:59.960+0000][173850.326s][info][gc,heap     ] GC(5529) Archive regions: 2->2
[2025-01-08T20:42:59.960+0000][173850.326s][info][gc,heap     ] GC(5529) Humongous regions: 49->49
[2025-01-08T20:42:59.960+0000][173850.326s][info][gc,metaspace] GC(5529) Metaspace: 523600K(533760K)->523600K(533760K) NonClass: 459770K(465024K)->459770K(465024K) Class: 63829K(68736K)->63829K(68736K)
[2025-01-08T20:42:59.960+0000][173850.326s][info][gc          ] GC(5529) Pause Young (Mixed) (G1 Evacuation Pause) 2852M->2291M(12288M) 54.798ms
[2025-01-08T20:42:59.960+0000][173850.327s][info][gc,cpu      ] GC(5529) User=0.31s Sys=0.00s Real=0.05s
[2025-01-08T20:43:08.744+0000][173859.110s][info][gc,start    ] GC(5530) Pause Young (Normal) (GCLocker Initiated GC)
[2025-01-08T20:43:08.744+0000][173859.110s][info][gc,task     ] GC(5530) Using 6 workers of 6 for evacuation
[2025-01-08T20:43:08.773+0000][173859.139s][info][gc,phases   ] GC(5530)   Pre Evacuate Collection Set: 0.2ms
[2025-01-08T20:43:08.773+0000][173859.139s][info][gc,phases   ] GC(5530)   Merge Heap Roots: 0.5ms
[2025-01-08T20:43:08.773+0000][173859.139s][info][gc,phases   ] GC(5530)   Evacuate Collection Set: 25.8ms
[2025-01-08T20:43:08.773+0000][173859.139s][info][gc,phases   ] GC(5530)   Post Evacuate Collection Set: 2.5ms
[2025-01-08T20:43:08.773+0000][173859.139s][info][gc,phases   ] GC(5530)   Other: 0.2ms
[2025-01-08T20:43:08.773+0000][173859.139s][info][gc,heap     ] GC(5530) Eden regions: 913->0(914)
[2025-01-08T20:43:08.773+0000][173859.139s][info][gc,heap     ] GC(5530) Survivor regions: 8->7(116)
[2025-01-08T20:43:08.773+0000][173859.139s][info][gc,heap     ] GC(5530) Old regions: 230->230
[2025-01-08T20:43:08.773+0000][173859.139s][info][gc,heap     ] GC(5530) Archive regions: 2->2
[2025-01-08T20:43:08.773+0000][173859.139s][info][gc,heap     ] GC(5530) Humongous regions: 49->49
[2025-01-08T20:43:08.773+0000][173859.139s][info][gc,metaspace] GC(5530) Metaspace: 523600K(533760K)->523600K(533760K) NonClass: 459770K(465024K)->459770K(465024K) Class: 63829K(68736K)->63829K(68736K)
[2025-01-08T20:43:08.773+0000][173859.139s][info][gc          ] GC(5530) Pause Young (Normal) (GCLocker Initiated GC) 9595M->2287M(12288M) 29.358ms
[2025-01-08T20:43:08.773+0000][173859.139s][info][gc,cpu      ] GC(5530) User=0.17s Sys=0.00s Real=0.03s
[2025-01-08T20:43:18.356+0000][173868.723s][info][gc,start    ] GC(5531) Pause Young (Normal) (G1 Evacuation Pause)
[2025-01-08T20:43:18.356+0000][173868.723s][info][gc,task     ] GC(5531) Using 6 workers of 6 for evacuation
[2025-01-08T20:43:18.389+0000][173868.755s][info][gc,phases   ] GC(5531)   Pre Evacuate Collection Set: 0.2ms
[2025-01-08T20:43:18.389+0000][173868.755s][info][gc,phases   ] GC(5531)   Merge Heap Roots: 0.5ms
[2025-01-08T20:43:18.389+0000][173868.755s][info][gc,phases   ] GC(5531)   Evacuate Collection Set: 28.9ms
[2025-01-08T20:43:18.389+0000][173868.755s][info][gc,phases   ] GC(5531)   Post Evacuate Collection Set: 2.6ms
[2025-01-08T20:43:18.389+0000][173868.755s][info][gc,phases   ] GC(5531)   Other: 0.2ms
[2025-01-08T20:43:18.389+0000][173868.755s][info][gc,heap     ] GC(5531) Eden regions: 914->0(912)
[2025-01-08T20:43:18.389+0000][173868.755s][info][gc,heap     ] GC(5531) Survivor regions: 7->9(116)
[2025-01-08T20:43:18.389+0000][173868.755s][info][gc,heap     ] GC(5531) Old regions: 230->230
[2025-01-08T20:43:18.389+0000][173868.755s][info][gc,heap     ] GC(5531) Archive regions: 2->2
[2025-01-08T20:43:18.389+0000][173868.755s][info][gc,heap     ] GC(5531) Humongous regions: 49->49
[2025-01-08T20:43:18.389+0000][173868.755s][info][gc,metaspace] GC(5531) Metaspace: 523600K(533760K)->523600K(533760K) NonClass: 459770K(465024K)->459770K(465024K) Class: 63829K(68736K)->63829K(68736K)
[2025-01-08T20:43:18.389+0000][173868.755s][info][gc          ] GC(5531) Pause Young (Normal) (G1 Evacuation Pause) 9599M->2300M(12288M) 32.445ms
[2025-01-08T20:43:18.389+0000][173868.755s][info][gc,cpu      ] GC(5531) User=0.19s Sys=0.00s Real=0.03s
[2025-01-08T20:43:27.096+0000][173877.462s][info][gc,start    ] GC(5532) Pause Young (Concurrent Start) (G1 Evacuation Pause)
[2025-01-08T20:43:27.096+0000][173877.463s][info][gc,task     ] GC(5532) Using 6 workers of 6 for evacuation
[2025-01-08T20:43:27.135+0000][173877.501s][info][gc,phases   ] GC(5532)   Pre Evacuate Collection Set: 1.1ms
[2025-01-08T20:43:27.135+0000][173877.501s][info][gc,phases   ] GC(5532)   Merge Heap Roots: 0.5ms
[2025-01-08T20:43:27.135+0000][173877.501s][info][gc,phases   ] GC(5532)   Evacuate Collection Set: 31.7ms
[2025-01-08T20:43:27.135+0000][173877.501s][info][gc,phases   ] GC(5532)   Post Evacuate Collection Set: 5.2ms
[2025-01-08T20:43:27.135+0000][173877.501s][info][gc,phases   ] GC(5532)   Other: 0.3ms
[2025-01-08T20:43:27.135+0000][173877.501s][info][gc,heap     ] GC(5532) Eden regions: 912->0(909)
[2025-01-08T20:43:27.135+0000][173877.501s][info][gc,heap     ] GC(5532) Survivor regions: 9->12(116)
[2025-01-08T20:43:27.135+0000][173877.501s][info][gc,heap     ] GC(5532) Old regions: 230->230
[2025-01-08T20:43:27.135+0000][173877.501s][info][gc,heap     ] GC(5532) Archive regions: 2->2
[2025-01-08T20:43:27.135+0000][173877.501s][info][gc,heap     ] GC(5532) Humongous regions: 49->49
[2025-01-08T20:43:27.135+0000][173877.501s][info][gc,metaspace] GC(5532) Metaspace: 523600K(533760K)->523600K(533760K) NonClass: 459770K(465024K)->459770K(465024K) Class: 63829K(68736K)->63829K(68736K)
[2025-01-08T20:43:27.135+0000][173877.501s][info][gc          ] GC(5532) Pause Young (Concurrent Start) (G1 Evacuation Pause) 9596M->2321M(12288M) 38.916ms
[2025-01-08T20:43:27.135+0000][173877.501s][info][gc,cpu      ] GC(5532) User=0.22s Sys=0.00s Real=0.04s
[2025-01-08T20:43:27.135+0000][173877.501s][info][gc          ] GC(5533) Concurrent Mark Cycle
[2025-01-08T20:43:27.135+0000][173877.501s][info][gc,marking  ] GC(5533) Concurrent Clear Claimed Marks
[2025-01-08T20:43:27.136+0000][173877.502s][info][gc,marking  ] GC(5533) Concurrent Clear Claimed Marks 0.939ms
[2025-01-08T20:43:27.136+0000][173877.502s][info][gc,marking  ] GC(5533) Concurrent Scan Root Regions
[2025-01-08T20:43:27.167+0000][173877.533s][info][gc,marking  ] GC(5533) Concurrent Scan Root Regions 30.923ms
[2025-01-08T20:43:27.167+0000][173877.533s][info][gc,marking  ] GC(5533) Concurrent Mark
[2025-01-08T20:43:27.167+0000][173877.533s][info][gc,marking  ] GC(5533) Concurrent Mark From Roots
[2025-01-08T20:43:27.167+0000][173877.533s][info][gc,task     ] GC(5533) Using 2 workers of 2 for marking
[2025-01-08T20:43:28.007+0000][173878.374s][info][gc,marking  ] GC(5533) Concurrent Mark From Roots 840.149ms
[2025-01-08T20:43:28.008+0000][173878.374s][info][gc,marking  ] GC(5533) Concurrent Preclean
[2025-01-08T20:43:28.010+0000][173878.376s][info][gc,marking  ] GC(5533) Concurrent Preclean 2.606ms
[2025-01-08T20:43:28.010+0000][173878.376s][info][gc,start    ] GC(5533) Pause Remark
[2025-01-08T20:43:28.036+0000][173878.402s][info][gc          ] GC(5533) Pause Remark 3177M->3177M(12288M) 25.380ms
[2025-01-08T20:43:28.036+0000][173878.402s][info][gc,cpu      ] GC(5533) User=0.14s Sys=0.00s Real=0.02s
[2025-01-08T20:43:28.036+0000][173878.402s][info][gc,marking  ] GC(5533) Concurrent Mark 868.476ms
[2025-01-08T20:43:28.036+0000][173878.402s][info][gc,marking  ] GC(5533) Concurrent Rebuild Remembered Sets
[2025-01-08T20:43:28.586+0000][173878.952s][info][gc,marking  ] GC(5533) Concurrent Rebuild Remembered Sets 550.072ms
[2025-01-08T20:43:28.586+0000][173878.952s][info][gc,start    ] GC(5533) Pause Cleanup
[2025-01-08T20:43:28.586+0000][173878.952s][info][gc          ] GC(5533) Pause Cleanup 3753M->3753M(12288M) 0.384ms
[2025-01-08T20:43:28.586+0000][173878.953s][info][gc,cpu      ] GC(5533) User=0.00s Sys=0.00s Real=0.00s
[2025-01-08T20:43:28.586+0000][173878.953s][info][gc,marking  ] GC(5533) Concurrent Cleanup for Next Mark
[2025-01-08T20:43:28.602+0000][173878.968s][info][gc,marking  ] GC(5533) Concurrent Cleanup for Next Mark 15.526ms
[2025-01-08T20:43:28.602+0000][173878.968s][info][gc          ] GC(5533) Concurrent Mark Cycle 1466.705ms
[2025-01-08T20:43:36.508+0000][173886.874s][info][gc,start    ] GC(5534) Pause Young (Prepare Mixed) (G1 Evacuation Pause)
[2025-01-08T20:43:36.508+0000][173886.874s][info][gc,task     ] GC(5534) Using 6 workers of 6 for evacuation
[2025-01-08T20:43:36.547+0000][173886.913s][info][gc,phases   ] GC(5534)   Pre Evacuate Collection Set: 0.2ms
[2025-01-08T20:43:36.547+0000][173886.913s][info][gc,phases   ] GC(5534)   Merge Heap Roots: 0.8ms
[2025-01-08T20:43:36.547+0000][173886.913s][info][gc,phases   ] GC(5534)   Evacuate Collection Set: 35.3ms
[2025-01-08T20:43:36.547+0000][173886.913s][info][gc,phases   ] GC(5534)   Post Evacuate Collection Set: 2.8ms
[2025-01-08T20:43:36.547+0000][173886.913s][info][gc,phases   ] GC(5534)   Other: 0.2ms
[2025-01-08T20:43:36.547+0000][173886.913s][info][gc,heap     ] GC(5534) Eden regions: 909->0(64)
[2025-01-08T20:43:36.547+0000][173886.913s][info][gc,heap     ] GC(5534) Survivor regions: 12->12(116)
[2025-01-08T20:43:36.547+0000][173886.913s][info][gc,heap     ] GC(5534) Old regions: 230->230
[2025-01-08T20:43:36.547+0000][173886.913s][info][gc,heap     ] GC(5534) Archive regions: 2->2
[2025-01-08T20:43:36.547+0000][173886.913s][info][gc,heap     ] GC(5534) Humongous regions: 49->49
[2025-01-08T20:43:36.547+0000][173886.913s][info][gc,metaspace] GC(5534) Metaspace: 523600K(533760K)->523600K(533760K) NonClass: 459770K(465024K)->459770K(465024K) Class: 63829K(68736K)->63829K(68736K)
[2025-01-08T20:43:36.547+0000][173886.913s][info][gc          ] GC(5534) Pause Young (Prepare Mixed) (G1 Evacuation Pause) 9593M->2322M(12288M) 39.352ms
[2025-01-08T20:43:36.547+0000][173886.913s][info][gc,cpu      ] GC(5534) User=0.23s Sys=0.00s Real=0.04s
[2025-01-08T20:43:36.998+0000][173887.364s][info][gc,start    ] GC(5535) Pause Young (Mixed) (G1 Evacuation Pause)
[2025-01-08T20:43:36.998+0000][173887.364s][info][gc,task     ] GC(5535) Using 6 workers of 6 for evacuation
[2025-01-08T20:43:37.073+0000][173887.439s][info][gc,phases   ] GC(5535)   Pre Evacuate Collection Set: 0.2ms
[2025-01-08T20:43:37.073+0000][173887.439s][info][gc,phases   ] GC(5535)   Merge Heap Roots: 0.8ms
[2025-01-08T20:43:37.073+0000][173887.439s][info][gc,phases   ] GC(5535)   Evacuate Collection Set: 71.6ms
[2025-01-08T20:43:37.073+0000][173887.439s][info][gc,phases   ] GC(5535)   Post Evacuate Collection Set: 2.0ms
[2025-01-08T20:43:37.073+0000][173887.439s][info][gc,phases   ] GC(5535)   Other: 0.2ms
[2025-01-08T20:43:37.073+0000][173887.439s][info][gc,heap     ] GC(5535) Eden regions: 64->0(915)
[2025-01-08T20:43:37.073+0000][173887.439s][info][gc,heap     ] GC(5535) Survivor regions: 12->6(10)
[2025-01-08T20:43:37.073+0000][173887.439s][info][gc,heap     ] GC(5535) Old regions: 230->231
[2025-01-08T20:43:37.073+0000][173887.439s][info][gc,heap     ] GC(5535) Archive regions: 2->2
[2025-01-08T20:43:37.073+0000][173887.439s][info][gc,heap     ] GC(5535) Humongous regions: 49->49
[2025-01-08T20:43:37.073+0000][173887.439s][info][gc,metaspace] GC(5535) Metaspace: 523600K(533760K)->523600K(533760K) NonClass: 459770K(465024K)->459770K(465024K) Class: 63829K(68736K)->63829K(68736K)
[2025-01-08T20:43:37.073+0000][173887.439s][info][gc          ] GC(5535) Pause Young (Mixed) (G1 Evacuation Pause) 2834M->2286M(12288M) 74.843ms
[2025-01-08T20:43:37.073+0000][173887.439s][info][gc,cpu      ] GC(5535) User=0.41s Sys=0.00s Real=0.08s
[2025-01-08T20:43:44.820+0000][173895.186s][info][gc,start    ] GC(5536) Pause Young (Normal) (G1 Evacuation Pause)
[2025-01-08T20:43:44.820+0000][173895.186s][info][gc,task     ] GC(5536) Using 6 workers of 6 for evacuation
[2025-01-08T20:43:44.849+0000][173895.215s][info][gc,phases   ] GC(5536)   Pre Evacuate Collection Set: 0.2ms
[2025-01-08T20:43:44.849+0000][173895.215s][info][gc,phases   ] GC(5536)   Merge Heap Roots: 0.5ms
[2025-01-08T20:43:44.849+0000][173895.215s][info][gc,phases   ] GC(5536)   Evacuate Collection Set: 24.3ms
[2025-01-08T20:43:44.849+0000][173895.215s][info][gc,phases   ] GC(5536)   Post Evacuate Collection Set: 3.9ms
[2025-01-08T20:43:44.849+0000][173895.215s][info][gc,phases   ] GC(5536)   Other: 0.2ms
[2025-01-08T20:43:44.849+0000][173895.215s][info][gc,heap     ] GC(5536) Eden regions: 915->0(914)
[2025-01-08T20:43:44.849+0000][173895.215s][info][gc,heap     ] GC(5536) Survivor regions: 6->7(116)
[2025-01-08T20:43:44.849+0000][173895.215s][info][gc,heap     ] GC(5536) Old regions: 231->231
[2025-01-08T20:43:44.849+0000][173895.215s][info][gc,heap     ] GC(5536) Archive regions: 2->2
[2025-01-08T20:43:44.849+0000][173895.215s][info][gc,heap     ] GC(5536) Humongous regions: 49->49
[2025-01-08T20:43:44.849+0000][173895.215s][info][gc,metaspace] GC(5536) Metaspace: 523600K(533760K)->523600K(533760K) NonClass: 459770K(465024K)->459770K(465024K) Class: 63829K(68736K)->63829K(68736K)
[2025-01-08T20:43:44.849+0000][173895.215s][info][gc          ] GC(5536) Pause Young (Normal) (G1 Evacuation Pause) 9606M->2291M(12288M) 29.150ms
[2025-01-08T20:43:44.849+0000][173895.215s][info][gc,cpu      ] GC(5536) User=0.17s Sys=0.00s Real=0.03s
[2025-01-08T20:43:54.393+0000][173904.759s][info][gc,start    ] GC(5537) Pause Young (Normal) (G1 Evacuation Pause)
[2025-01-08T20:43:54.393+0000][173904.760s][info][gc,task     ] GC(5537) Using 6 workers of 6 for evacuation
[2025-01-08T20:43:54.423+0000][173904.789s][info][gc,phases   ] GC(5537)   Pre Evacuate Collection Set: 0.2ms
[2025-01-08T20:43:54.423+0000][173904.789s][info][gc,phases   ] GC(5537)   Merge Heap Roots: 0.4ms
[2025-01-08T20:43:54.423+0000][173904.789s][info][gc,phases   ] GC(5537)   Evacuate Collection Set: 26.6ms
[2025-01-08T20:43:54.423+0000][173904.790s][info][gc,phases   ] GC(5537)   Post Evacuate Collection Set: 2.5ms
[2025-01-08T20:43:54.423+0000][173904.790s][info][gc,phases   ] GC(5537)   Other: 0.3ms
[2025-01-08T20:43:54.423+0000][173904.790s][info][gc,heap     ] GC(5537) Eden regions: 914->0(913)
[2025-01-08T20:43:54.423+0000][173904.790s][info][gc,heap     ] GC(5537) Survivor regions: 7->8(116)
[2025-01-08T20:43:54.423+0000][173904.790s][info][gc,heap     ] GC(5537) Old regions: 231->231
[2025-01-08T20:43:54.423+0000][173904.790s][info][gc,heap     ] GC(5537) Archive regions: 2->2
[2025-01-08T20:43:54.423+0000][173904.790s][info][gc,heap     ] GC(5537) Humongous regions: 49->49
[2025-01-08T20:43:54.423+0000][173904.790s][info][gc,metaspace] GC(5537) Metaspace: 523600K(533760K)->523600K(533760K) NonClass: 459770K(465024K)->459770K(465024K) Class: 63829K(68736K)->63829K(68736K)
[2025-01-08T20:43:54.423+0000][173904.790s][info][gc          ] GC(5537) Pause Young (Normal) (G1 Evacuation Pause) 9603M->2296M(12288M) 30.086ms
[2025-01-08T20:43:54.424+0000][173904.790s][info][gc,cpu      ] GC(5537) User=0.17s Sys=0.00s Real=0.03s
[2025-01-08T20:43:59.025+0000][173909.391s][info][gc,start    ] GC(5538) Pause Young (Concurrent Start) (G1 Evacuation Pause)
[2025-01-08T20:43:59.025+0000][173909.391s][info][gc,task     ] GC(5538) Using 6 workers of 6 for evacuation
[2025-01-08T20:43:59.055+0000][173909.421s][info][gc,phases   ] GC(5538)   Pre Evacuate Collection Set: 1.2ms
[2025-01-08T20:43:59.055+0000][173909.421s][info][gc,phases   ] GC(5538)   Merge Heap Roots: 0.5ms
[2025-01-08T20:43:59.055+0000][173909.421s][info][gc,phases   ] GC(5538)   Evacuate Collection Set: 26.1ms
[2025-01-08T20:43:59.055+0000][173909.421s][info][gc,phases   ] GC(5538)   Post Evacuate Collection Set: 2.3ms
[2025-01-08T20:43:59.055+0000][173909.421s][info][gc,phases   ] GC(5538)   Other: 0.3ms
[2025-01-08T20:43:59.055+0000][173909.421s][info][gc,heap     ] GC(5538) Eden regions: 913->0(914)
[2025-01-08T20:43:59.055+0000][173909.421s][info][gc,heap     ] GC(5538) Survivor regions: 8->7(116)
[2025-01-08T20:43:59.055+0000][173909.421s][info][gc,heap     ] GC(5538) Old regions: 231->231
[2025-01-08T20:43:59.055+0000][173909.421s][info][gc,heap     ] GC(5538) Archive regions: 2->2
[2025-01-08T20:43:59.055+0000][173909.421s][info][gc,heap     ] GC(5538) Humongous regions: 49->49
[2025-01-08T20:43:59.055+0000][173909.421s][info][gc,metaspace] GC(5538) Metaspace: 523600K(533760K)->523600K(533760K) NonClass: 459770K(465024K)->459770K(465024K) Class: 63829K(68736K)->63829K(68736K)
[2025-01-08T20:43:59.055+0000][173909.421s][info][gc          ] GC(5538) Pause Young (Concurrent Start) (G1 Evacuation Pause) 9600M->2290M(12288M) 30.309ms
[2025-01-08T20:43:59.055+0000][173909.421s][info][gc,cpu      ] GC(5538) User=0.18s Sys=0.00s Real=0.03s
[2025-01-08T20:43:59.055+0000][173909.421s][info][gc          ] GC(5539) Concurrent Mark Cycle
[2025-01-08T20:43:59.055+0000][173909.421s][info][gc,marking  ] GC(5539) Concurrent Clear Claimed Marks
[2025-01-08T20:43:59.056+0000][173909.422s][info][gc,marking  ] GC(5539) Concurrent Clear Claimed Marks 0.885ms
[2025-01-08T20:43:59.056+0000][173909.422s][info][gc,marking  ] GC(5539) Concurrent Scan Root Regions
[2025-01-08T20:43:59.080+0000][173909.446s][info][gc,marking  ] GC(5539) Concurrent Scan Root Regions 24.287ms
[2025-01-08T20:43:59.080+0000][173909.446s][info][gc,marking  ] GC(5539) Concurrent Mark
[2025-01-08T20:43:59.080+0000][173909.446s][info][gc,marking  ] GC(5539) Concurrent Mark From Roots
[2025-01-08T20:43:59.080+0000][173909.446s][info][gc,task     ] GC(5539) Using 2 workers of 2 for marking
[2025-01-08T20:44:00.015+0000][173910.381s][info][gc,marking  ] GC(5539) Concurrent Mark From Roots 934.285ms
[2025-01-08T20:44:00.015+0000][173910.381s][info][gc,marking  ] GC(5539) Concurrent Preclean
[2025-01-08T20:44:00.018+0000][173910.384s][info][gc,marking  ] GC(5539) Concurrent Preclean 3.499ms
[2025-01-08T20:44:00.018+0000][173910.384s][info][gc,start    ] GC(5539) Pause Remark
[2025-01-08T20:44:00.043+0000][173910.409s][info][gc          ] GC(5539) Pause Remark 3747M->3747M(12288M) 25.075ms
[2025-01-08T20:44:00.043+0000][173910.410s][info][gc,cpu      ] GC(5539) User=0.14s Sys=0.00s Real=0.03s
[2025-01-08T20:44:00.044+0000][173910.410s][info][gc,marking  ] GC(5539) Concurrent Mark 963.299ms
[2025-01-08T20:44:00.044+0000][173910.410s][info][gc,marking  ] GC(5539) Concurrent Rebuild Remembered Sets
[2025-01-08T20:44:00.705+0000][173911.071s][info][gc,marking  ] GC(5539) Concurrent Rebuild Remembered Sets 661.002ms
[2025-01-08T20:44:00.705+0000][173911.071s][info][gc,start    ] GC(5539) Pause Cleanup
[2025-01-08T20:44:00.705+0000][173911.071s][info][gc          ] GC(5539) Pause Cleanup 4698M->4698M(12288M) 0.393ms
[2025-01-08T20:44:00.705+0000][173911.071s][info][gc,cpu      ] GC(5539) User=0.00s Sys=0.00s Real=0.00s
[2025-01-08T20:44:00.705+0000][173911.071s][info][gc,marking  ] GC(5539) Concurrent Cleanup for Next Mark
[2025-01-08T20:44:00.722+0000][173911.088s][info][gc,marking  ] GC(5539) Concurrent Cleanup for Next Mark 16.367ms
[2025-01-08T20:44:00.722+0000][173911.088s][info][gc          ] GC(5539) Concurrent Mark Cycle 1666.748ms
[2025-01-08T20:44:06.920+0000][173917.286s][info][gc,start    ] GC(5540) Pause Young (Prepare Mixed) (G1 Evacuation Pause)
[2025-01-08T20:44:06.920+0000][173917.286s][info][gc,task     ] GC(5540) Using 6 workers of 6 for evacuation
[2025-01-08T20:44:06.956+0000][173917.322s][info][gc,phases   ] GC(5540)   Pre Evacuate Collection Set: 0.2ms
[2025-01-08T20:44:06.956+0000][173917.322s][info][gc,phases   ] GC(5540)   Merge Heap Roots: 0.7ms
[2025-01-08T20:44:06.956+0000][173917.322s][info][gc,phases   ] GC(5540)   Evacuate Collection Set: 31.6ms
[2025-01-08T20:44:06.956+0000][173917.322s][info][gc,phases   ] GC(5540)   Post Evacuate Collection Set: 2.7ms
[2025-01-08T20:44:06.956+0000][173917.322s][info][gc,phases   ] GC(5540)   Other: 0.2ms
[2025-01-08T20:44:06.956+0000][173917.322s][info][gc,heap     ] GC(5540) Eden regions: 914->0(67)
[2025-01-08T20:44:06.956+0000][173917.322s][info][gc,heap     ] GC(5540) Survivor regions: 7->9(116)
[2025-01-08T20:44:06.956+0000][173917.322s][info][gc,heap     ] GC(5540) Old regions: 231->231
[2025-01-08T20:44:06.956+0000][173917.322s][info][gc,heap     ] GC(5540) Archive regions: 2->2
[2025-01-08T20:44:06.956+0000][173917.322s][info][gc,heap     ] GC(5540) Humongous regions: 49->49
[2025-01-08T20:44:06.956+0000][173917.322s][info][gc,metaspace] GC(5540) Metaspace: 523600K(533760K)->523600K(533760K) NonClass: 459770K(465024K)->459770K(465024K) Class: 63829K(68736K)->63829K(68736K)
[2025-01-08T20:44:06.956+0000][173917.322s][info][gc          ] GC(5540) Pause Young (Prepare Mixed) (G1 Evacuation Pause) 9602M->2309M(12288M) 35.478ms
[2025-01-08T20:44:06.956+0000][173917.322s][info][gc,cpu      ] GC(5540) User=0.21s Sys=0.00s Real=0.04s
[2025-01-08T20:44:07.298+0000][173917.665s][info][gc,start    ] GC(5541) Pause Young (Mixed) (G1 Evacuation Pause)
[2025-01-08T20:44:07.298+0000][173917.665s][info][gc,task     ] GC(5541) Using 6 workers of 6 for evacuation
[2025-01-08T20:44:07.361+0000][173917.727s][info][gc,phases   ] GC(5541)   Pre Evacuate Collection Set: 0.2ms
[2025-01-08T20:44:07.361+0000][173917.727s][info][gc,phases   ] GC(5541)   Merge Heap Roots: 0.7ms
[2025-01-08T20:44:07.361+0000][173917.727s][info][gc,phases   ] GC(5541)   Evacuate Collection Set: 59.9ms
[2025-01-08T20:44:07.361+0000][173917.727s][info][gc,phases   ] GC(5541)   Post Evacuate Collection Set: 1.9ms
[2025-01-08T20:44:07.361+0000][173917.727s][info][gc,phases   ] GC(5541)   Other: 0.2ms
[2025-01-08T20:44:07.361+0000][173917.727s][info][gc,heap     ] GC(5541) Eden regions: 67->0(915)
[2025-01-08T20:44:07.361+0000][173917.727s][info][gc,heap     ] GC(5541) Survivor regions: 9->6(10)
[2025-01-08T20:44:07.361+0000][173917.727s][info][gc,heap     ] GC(5541) Old regions: 231->230
[2025-01-08T20:44:07.361+0000][173917.727s][info][gc,heap     ] GC(5541) Archive regions: 2->2
[2025-01-08T20:44:07.361+0000][173917.727s][info][gc,heap     ] GC(5541) Humongous regions: 49->49
[2025-01-08T20:44:07.361+0000][173917.727s][info][gc,metaspace] GC(5541) Metaspace: 523600K(533760K)->523600K(533760K) NonClass: 459770K(465024K)->459770K(465024K) Class: 63829K(68736K)->63829K(68736K)
[2025-01-08T20:44:07.361+0000][173917.727s][info][gc          ] GC(5541) Pause Young (Mixed) (G1 Evacuation Pause) 2845M->2279M(12288M) 62.836ms
[2025-01-08T20:44:07.361+0000][173917.727s][info][gc,cpu      ] GC(5541) User=0.35s Sys=0.00s Real=0.06s
[2025-01-08T20:44:18.018+0000][173928.384s][info][gc,start    ] GC(5542) Pause Young (Normal) (G1 Evacuation Pause)
[2025-01-08T20:44:18.018+0000][173928.384s][info][gc,task     ] GC(5542) Using 6 workers of 6 for evacuation
[2025-01-08T20:44:18.053+0000][173928.419s][info][gc,phases   ] GC(5542)   Pre Evacuate Collection Set: 0.2ms
[2025-01-08T20:44:18.053+0000][173928.419s][info][gc,phases   ] GC(5542)   Merge Heap Roots: 0.5ms
[2025-01-08T20:44:18.053+0000][173928.419s][info][gc,phases   ] GC(5542)   Evacuate Collection Set: 29.7ms
[2025-01-08T20:44:18.053+0000][173928.419s][info][gc,phases   ] GC(5542)   Post Evacuate Collection Set: 4.0ms
[2025-01-08T20:44:18.053+0000][173928.419s][info][gc,phases   ] GC(5542)   Other: 0.2ms
[2025-01-08T20:44:18.053+0000][173928.419s][info][gc,heap     ] GC(5542) Eden regions: 915->0(910)
[2025-01-08T20:44:18.053+0000][173928.419s][info][gc,heap     ] GC(5542) Survivor regions: 6->11(116)
[2025-01-08T20:44:18.053+0000][173928.419s][info][gc,heap     ] GC(5542) Old regions: 230->230
[2025-01-08T20:44:18.053+0000][173928.419s][info][gc,heap     ] GC(5542) Archive regions: 2->2
[2025-01-08T20:44:18.053+0000][173928.419s][info][gc,heap     ] GC(5542) Humongous regions: 49->49
[2025-01-08T20:44:18.053+0000][173928.419s][info][gc,metaspace] GC(5542) Metaspace: 523600K(533760K)->523600K(533760K) NonClass: 459770K(465024K)->459770K(465024K) Class: 63829K(68736K)->63829K(68736K)
[2025-01-08T20:44:18.053+0000][173928.419s][info][gc          ] GC(5542) Pause Young (Normal) (G1 Evacuation Pause) 9599M->2315M(12288M) 34.761ms
[2025-01-08T20:44:18.053+0000][173928.419s][info][gc,cpu      ] GC(5542) User=0.20s Sys=0.00s Real=0.04s
[2025-01-08T20:44:28.121+0000][173938.487s][info][gc,start    ] GC(5543) Pause Young (Normal) (G1 Evacuation Pause)
[2025-01-08T20:44:28.121+0000][173938.487s][info][gc,task     ] GC(5543) Using 6 workers of 6 for evacuation
[2025-01-08T20:44:28.160+0000][173938.526s][info][gc,phases   ] GC(5543)   Pre Evacuate Collection Set: 0.2ms
[2025-01-08T20:44:28.160+0000][173938.526s][info][gc,phases   ] GC(5543)   Merge Heap Roots: 0.5ms
[2025-01-08T20:44:28.160+0000][173938.526s][info][gc,phases   ] GC(5543)   Evacuate Collection Set: 34.2ms
[2025-01-08T20:44:28.160+0000][173938.526s][info][gc,phases   ] GC(5543)   Post Evacuate Collection Set: 3.9ms
[2025-01-08T20:44:28.160+0000][173938.526s][info][gc,phases   ] GC(5543)   Other: 0.2ms
[2025-01-08T20:44:28.160+0000][173938.526s][info][gc,heap     ] GC(5543) Eden regions: 910->0(910)
[2025-01-08T20:44:28.160+0000][173938.526s][info][gc,heap     ] GC(5543) Survivor regions: 11->11(116)
[2025-01-08T20:44:28.160+0000][173938.526s][info][gc,heap     ] GC(5543) Old regions: 230->230
[2025-01-08T20:44:28.160+0000][173938.526s][info][gc,heap     ] GC(5543) Archive regions: 2->2
[2025-01-08T20:44:28.160+0000][173938.526s][info][gc,heap     ] GC(5543) Humongous regions: 49->49
[2025-01-08T20:44:28.160+0000][173938.526s][info][gc,metaspace] GC(5543) Metaspace: 523600K(533760K)->523600K(533760K) NonClass: 459770K(465024K)->459770K(465024K) Class: 63829K(68736K)->63829K(68736K)
[2025-01-08T20:44:28.160+0000][173938.526s][info][gc          ] GC(5543) Pause Young (Normal) (G1 Evacuation Pause) 9595M->2317M(12288M) 39.138ms
[2025-01-08T20:44:28.160+0000][173938.526s][info][gc,cpu      ] GC(5543) User=0.23s Sys=0.00s Real=0.04s
[2025-01-08T20:44:38.786+0000][173949.152s][info][gc,start    ] GC(5544) Pause Young (Concurrent Start) (G1 Evacuation Pause)
[2025-01-08T20:44:38.786+0000][173949.152s][info][gc,task     ] GC(5544) Using 6 workers of 6 for evacuation
[2025-01-08T20:44:38.825+0000][173949.191s][info][gc,phases   ] GC(5544)   Pre Evacuate Collection Set: 1.1ms
[2025-01-08T20:44:38.825+0000][173949.191s][info][gc,phases   ] GC(5544)   Merge Heap Roots: 0.5ms
[2025-01-08T20:44:38.825+0000][173949.191s][info][gc,phases   ] GC(5544)   Evacuate Collection Set: 33.1ms
[2025-01-08T20:44:38.825+0000][173949.191s][info][gc,phases   ] GC(5544)   Post Evacuate Collection Set: 4.1ms
[2025-01-08T20:44:38.825+0000][173949.191s][info][gc,phases   ] GC(5544)   Other: 0.3ms
[2025-01-08T20:44:38.825+0000][173949.191s][info][gc,heap     ] GC(5544) Eden regions: 910->0(911)
[2025-01-08T20:44:38.825+0000][173949.191s][info][gc,heap     ] GC(5544) Survivor regions: 11->10(116)
[2025-01-08T20:44:38.825+0000][173949.191s][info][gc,heap     ] GC(5544) Old regions: 230->230
[2025-01-08T20:44:38.825+0000][173949.191s][info][gc,heap     ] GC(5544) Archive regions: 2->2
[2025-01-08T20:44:38.825+0000][173949.191s][info][gc,heap     ] GC(5544) Humongous regions: 49->49
[2025-01-08T20:44:38.825+0000][173949.191s][info][gc,metaspace] GC(5544) Metaspace: 523600K(533760K)->523600K(533760K) NonClass: 459770K(465024K)->459770K(465024K) Class: 63829K(68736K)->63829K(68736K)
[2025-01-08T20:44:38.825+0000][173949.191s][info][gc          ] GC(5544) Pause Young (Concurrent Start) (G1 Evacuation Pause) 9597M->2312M(12288M) 39.083ms
[2025-01-08T20:44:38.825+0000][173949.191s][info][gc,cpu      ] GC(5544) User=0.22s Sys=0.00s Real=0.04s
[2025-01-08T20:44:38.825+0000][173949.191s][info][gc          ] GC(5545) Concurrent Mark Cycle
[2025-01-08T20:44:38.825+0000][173949.191s][info][gc,marking  ] GC(5545) Concurrent Clear Claimed Marks
[2025-01-08T20:44:38.826+0000][173949.192s][info][gc,marking  ] GC(5545) Concurrent Clear Claimed Marks 0.984ms
[2025-01-08T20:44:38.826+0000][173949.192s][info][gc,marking  ] GC(5545) Concurrent Scan Root Regions
[2025-01-08T20:44:38.855+0000][173949.221s][info][gc,marking  ] GC(5545) Concurrent Scan Root Regions 28.677ms
[2025-01-08T20:44:38.855+0000][173949.221s][info][gc,marking  ] GC(5545) Concurrent Mark
[2025-01-08T20:44:38.855+0000][173949.221s][info][gc,marking  ] GC(5545) Concurrent Mark From Roots
[2025-01-08T20:44:38.855+0000][173949.221s][info][gc,task     ] GC(5545) Using 2 workers of 2 for marking
[2025-01-08T20:44:39.691+0000][173950.057s][info][gc,marking  ] GC(5545) Concurrent Mark From Roots 836.276ms
[2025-01-08T20:44:39.691+0000][173950.057s][info][gc,marking  ] GC(5545) Concurrent Preclean
[2025-01-08T20:44:39.694+0000][173950.061s][info][gc,marking  ] GC(5545) Concurrent Preclean 3.326ms
[2025-01-08T20:44:39.695+0000][173950.061s][info][gc,start    ] GC(5545) Pause Remark
[2025-01-08T20:44:39.720+0000][173950.086s][info][gc          ] GC(5545) Pause Remark 2648M->2648M(12288M) 25.242ms
[2025-01-08T20:44:39.720+0000][173950.086s][info][gc,cpu      ] GC(5545) User=0.14s Sys=0.00s Real=0.02s
[2025-01-08T20:44:39.720+0000][173950.086s][info][gc,marking  ] GC(5545) Concurrent Mark 865.182ms
[2025-01-08T20:44:39.720+0000][173950.086s][info][gc,marking  ] GC(5545) Concurrent Rebuild Remembered Sets
[2025-01-08T20:44:40.316+0000][173950.682s][info][gc,marking  ] GC(5545) Concurrent Rebuild Remembered Sets 595.998ms
[2025-01-08T20:44:40.316+0000][173950.682s][info][gc,start    ] GC(5545) Pause Cleanup
[2025-01-08T20:44:40.317+0000][173950.683s][info][gc          ] GC(5545) Pause Cleanup 3256M->3256M(12288M) 0.382ms
[2025-01-08T20:44:40.317+0000][173950.683s][info][gc,cpu      ] GC(5545) User=0.00s Sys=0.00s Real=0.00s
[2025-01-08T20:44:40.317+0000][173950.683s][info][gc,marking  ] GC(5545) Concurrent Cleanup for Next Mark
[2025-01-08T20:44:40.333+0000][173950.699s][info][gc,marking  ] GC(5545) Concurrent Cleanup for Next Mark 16.406ms
[2025-01-08T20:44:40.333+0000][173950.699s][info][gc          ] GC(5545) Concurrent Mark Cycle 1508.036ms
[2025-01-08T20:44:47.930+0000][173958.296s][info][gc,start    ] GC(5546) Pause Young (Prepare Mixed) (G1 Evacuation Pause)
[2025-01-08T20:44:47.930+0000][173958.296s][info][gc,task     ] GC(5546) Using 6 workers of 6 for evacuation
[2025-01-08T20:44:47.973+0000][173958.339s][info][gc,phases   ] GC(5546)   Pre Evacuate Collection Set: 0.2ms
[2025-01-08T20:44:47.973+0000][173958.339s][info][gc,phases   ] GC(5546)   Merge Heap Roots: 0.7ms
[2025-01-08T20:44:47.973+0000][173958.339s][info][gc,phases   ] GC(5546)   Evacuate Collection Set: 38.7ms
[2025-01-08T20:44:47.973+0000][173958.339s][info][gc,phases   ] GC(5546)   Post Evacuate Collection Set: 2.7ms
[2025-01-08T20:44:47.973+0000][173958.339s][info][gc,phases   ] GC(5546)   Other: 0.2ms
[2025-01-08T20:44:47.973+0000][173958.339s][info][gc,heap     ] GC(5546) Eden regions: 911->0(64)
[2025-01-08T20:44:47.973+0000][173958.339s][info][gc,heap     ] GC(5546) Survivor regions: 10->12(116)
[2025-01-08T20:44:47.973+0000][173958.339s][info][gc,heap     ] GC(5546) Old regions: 230->230
[2025-01-08T20:44:47.973+0000][173958.339s][info][gc,heap     ] GC(5546) Archive regions: 2->2
[2025-01-08T20:44:47.973+0000][173958.339s][info][gc,heap     ] GC(5546) Humongous regions: 49->49
[2025-01-08T20:44:47.973+0000][173958.339s][info][gc,metaspace] GC(5546) Metaspace: 523600K(533760K)->523600K(533760K) NonClass: 459770K(465024K)->459770K(465024K) Class: 63829K(68736K)->63829K(68736K)
[2025-01-08T20:44:47.973+0000][173958.339s][info][gc          ] GC(5546) Pause Young (Prepare Mixed) (G1 Evacuation Pause) 9600M->2325M(12288M) 42.615ms
[2025-01-08T20:44:47.973+0000][173958.339s][info][gc,cpu      ] GC(5546) User=0.25s Sys=0.00s Real=0.04s
[2025-01-08T20:44:48.452+0000][173958.818s][info][gc,start    ] GC(5547) Pause Young (Mixed) (G1 Evacuation Pause)
[2025-01-08T20:44:48.452+0000][173958.818s][info][gc,task     ] GC(5547) Using 6 workers of 6 for evacuation
[2025-01-08T20:44:48.530+0000][173958.896s][info][gc,phases   ] GC(5547)   Pre Evacuate Collection Set: 0.2ms
[2025-01-08T20:44:48.530+0000][173958.896s][info][gc,phases   ] GC(5547)   Merge Heap Roots: 0.7ms
[2025-01-08T20:44:48.530+0000][173958.896s][info][gc,phases   ] GC(5547)   Evacuate Collection Set: 74.7ms
[2025-01-08T20:44:48.530+0000][173958.896s][info][gc,phases   ] GC(5547)   Post Evacuate Collection Set: 2.2ms
[2025-01-08T20:44:48.530+0000][173958.896s][info][gc,phases   ] GC(5547)   Other: 0.2ms
[2025-01-08T20:44:48.530+0000][173958.896s][info][gc,heap     ] GC(5547) Eden regions: 64->0(915)
[2025-01-08T20:44:48.530+0000][173958.896s][info][gc,heap     ] GC(5547) Survivor regions: 12->6(10)
[2025-01-08T20:44:48.530+0000][173958.896s][info][gc,heap     ] GC(5547) Old regions: 230->233
[2025-01-08T20:44:48.530+0000][173958.896s][info][gc,heap     ] GC(5547) Archive regions: 2->2
[2025-01-08T20:44:48.530+0000][173958.896s][info][gc,heap     ] GC(5547) Humongous regions: 49->49
[2025-01-08T20:44:48.530+0000][173958.896s][info][gc,metaspace] GC(5547) Metaspace: 523600K(533760K)->523600K(533760K) NonClass: 459770K(465024K)->459770K(465024K) Class: 63829K(68736K)->63829K(68736K)
[2025-01-08T20:44:48.530+0000][173958.896s][info][gc          ] GC(5547) Pause Young (Mixed) (G1 Evacuation Pause) 2837M->2300M(12288M) 78.013ms
[2025-01-08T20:44:48.530+0000][173958.896s][info][gc,cpu      ] GC(5547) User=0.42s Sys=0.00s Real=0.08s
[2025-01-08T20:44:57.968+0000][173968.334s][info][gc,start    ] GC(5548) Pause Young (Normal) (G1 Evacuation Pause)
[2025-01-08T20:44:57.968+0000][173968.334s][info][gc,task     ] GC(5548) Using 6 workers of 6 for evacuation
[2025-01-08T20:44:57.997+0000][173968.364s][info][gc,phases   ] GC(5548)   Pre Evacuate Collection Set: 0.2ms
[2025-01-08T20:44:57.998+0000][173968.364s][info][gc,phases   ] GC(5548)   Merge Heap Roots: 0.5ms
[2025-01-08T20:44:57.998+0000][173968.364s][info][gc,phases   ] GC(5548)   Evacuate Collection Set: 26.2ms
[2025-01-08T20:44:57.998+0000][173968.364s][info][gc,phases   ] GC(5548)   Post Evacuate Collection Set: 2.6ms
[2025-01-08T20:44:57.998+0000][173968.364s][info][gc,phases   ] GC(5548)   Other: 0.2ms
[2025-01-08T20:44:57.998+0000][173968.364s][info][gc,heap     ] GC(5548) Eden regions: 915->0(914)
[2025-01-08T20:44:57.998+0000][173968.364s][info][gc,heap     ] GC(5548) Survivor regions: 6->7(116)
[2025-01-08T20:44:57.998+0000][173968.364s][info][gc,heap     ] GC(5548) Old regions: 233->233
[2025-01-08T20:44:57.998+0000][173968.364s][info][gc,heap     ] GC(5548) Archive regions: 2->2
[2025-01-08T20:44:57.998+0000][173968.364s][info][gc,heap     ] GC(5548) Humongous regions: 49->49
[2025-01-08T20:44:57.998+0000][173968.364s][info][gc,metaspace] GC(5548) Metaspace: 523600K(533760K)->523600K(533760K) NonClass: 459770K(465024K)->459770K(465024K) Class: 63829K(68736K)->63829K(68736K)
[2025-01-08T20:44:57.998+0000][173968.364s][info][gc          ] GC(5548) Pause Young (Normal) (G1 Evacuation Pause) 9620M->2312M(12288M) 29.795ms
[2025-01-08T20:44:57.998+0000][173968.364s][info][gc,cpu      ] GC(5548) User=0.17s Sys=0.00s Real=0.03s
[2025-01-08T20:45:07.519+0000][173977.885s][info][gc,start    ] GC(5549) Pause Young (Normal) (G1 Evacuation Pause)
[2025-01-08T20:45:07.519+0000][173977.885s][info][gc,task     ] GC(5549) Using 6 workers of 6 for evacuation
[2025-01-08T20:45:07.552+0000][173977.918s][info][gc,phases   ] GC(5549)   Pre Evacuate Collection Set: 0.2ms
[2025-01-08T20:45:07.552+0000][173977.918s][info][gc,phases   ] GC(5549)   Merge Heap Roots: 0.4ms
[2025-01-08T20:45:07.552+0000][173977.918s][info][gc,phases   ] GC(5549)   Evacuate Collection Set: 28.9ms
[2025-01-08T20:45:07.552+0000][173977.918s][info][gc,phases   ] GC(5549)   Post Evacuate Collection Set: 2.7ms
[2025-01-08T20:45:07.552+0000][173977.918s][info][gc,phases   ] GC(5549)   Other: 0.2ms
[2025-01-08T20:45:07.552+0000][173977.918s][info][gc,heap     ] GC(5549) Eden regions: 914->0(912)
[2025-01-08T20:45:07.552+0000][173977.918s][info][gc,heap     ] GC(5549) Survivor regions: 7->9(116)
[2025-01-08T20:45:07.552+0000][173977.918s][info][gc,heap     ] GC(5549) Old regions: 233->233
[2025-01-08T20:45:07.552+0000][173977.918s][info][gc,heap     ] GC(5549) Archive regions: 2->2
[2025-01-08T20:45:07.552+0000][173977.918s][info][gc,heap     ] GC(5549) Humongous regions: 49->49
[2025-01-08T20:45:07.552+0000][173977.918s][info][gc,metaspace] GC(5549) Metaspace: 523600K(533760K)->523600K(533760K) NonClass: 459770K(465024K)->459770K(465024K) Class: 63829K(68736K)->63829K(68736K)
[2025-01-08T20:45:07.552+0000][173977.918s][info][gc          ] GC(5549) Pause Young (Normal) (G1 Evacuation Pause) 9624M->2323M(12288M) 32.521ms
[2025-01-08T20:45:07.552+0000][173977.918s][info][gc,cpu      ] GC(5549) User=0.19s Sys=0.00s Real=0.04s
[2025-01-08T20:45:12.523+0000][173982.889s][info][gc,start    ] GC(5550) Pause Young (Concurrent Start) (G1 Evacuation Pause)
[2025-01-08T20:45:12.523+0000][173982.889s][info][gc,task     ] GC(5550) Using 6 workers of 6 for evacuation
[2025-01-08T20:45:12.556+0000][173982.922s][info][gc,phases   ] GC(5550)   Pre Evacuate Collection Set: 1.1ms
[2025-01-08T20:45:12.556+0000][173982.922s][info][gc,phases   ] GC(5550)   Merge Heap Roots: 0.5ms
[2025-01-08T20:45:12.556+0000][173982.922s][info][gc,phases   ] GC(5550)   Evacuate Collection Set: 28.7ms
[2025-01-08T20:45:12.556+0000][173982.922s][info][gc,phases   ] GC(5550)   Post Evacuate Collection Set: 2.5ms
[2025-01-08T20:45:12.556+0000][173982.922s][info][gc,phases   ] GC(5550)   Other: 0.3ms
[2025-01-08T20:45:12.556+0000][173982.922s][info][gc,heap     ] GC(5550) Eden regions: 912->0(912)
[2025-01-08T20:45:12.556+0000][173982.922s][info][gc,heap     ] GC(5550) Survivor regions: 9->9(116)
[2025-01-08T20:45:12.556+0000][173982.922s][info][gc,heap     ] GC(5550) Old regions: 233->233
[2025-01-08T20:45:12.556+0000][173982.922s][info][gc,heap     ] GC(5550) Archive regions: 2->2
[2025-01-08T20:45:12.556+0000][173982.922s][info][gc,heap     ] GC(5550) Humongous regions: 49->49
[2025-01-08T20:45:12.556+0000][173982.922s][info][gc,metaspace] GC(5550) Metaspace: 523600K(533760K)->523600K(533760K) NonClass: 459770K(465024K)->459770K(465024K) Class: 63829K(68736K)->63829K(68736K)
[2025-01-08T20:45:12.556+0000][173982.922s][info][gc          ] GC(5550) Pause Young (Concurrent Start) (G1 Evacuation Pause) 9619M->2327M(12288M) 33.124ms
[2025-01-08T20:45:12.556+0000][173982.922s][info][gc,cpu      ] GC(5550) User=0.18s Sys=0.01s Real=0.03s
[2025-01-08T20:45:12.556+0000][173982.922s][info][gc          ] GC(5551) Concurrent Mark Cycle
[2025-01-08T20:45:12.556+0000][173982.922s][info][gc,marking  ] GC(5551) Concurrent Clear Claimed Marks
[2025-01-08T20:45:12.557+0000][173982.923s][info][gc,marking  ] GC(5551) Concurrent Clear Claimed Marks 0.918ms
[2025-01-08T20:45:12.557+0000][173982.923s][info][gc,marking  ] GC(5551) Concurrent Scan Root Regions
[2025-01-08T20:45:12.578+0000][173982.944s][info][gc,marking  ] GC(5551) Concurrent Scan Root Regions 21.034ms
[2025-01-08T20:45:12.578+0000][173982.944s][info][gc,marking  ] GC(5551) Concurrent Mark
[2025-01-08T20:45:12.578+0000][173982.944s][info][gc,marking  ] GC(5551) Concurrent Mark From Roots
[2025-01-08T20:45:12.578+0000][173982.944s][info][gc,task     ] GC(5551) Using 2 workers of 2 for marking
[2025-01-08T20:45:13.622+0000][173983.988s][info][gc,marking  ] GC(5551) Concurrent Mark From Roots 1044.012ms
[2025-01-08T20:45:13.622+0000][173983.988s][info][gc,marking  ] GC(5551) Concurrent Preclean
[2025-01-08T20:45:13.625+0000][173983.991s][info][gc,marking  ] GC(5551) Concurrent Preclean 2.492ms
[2025-01-08T20:45:13.625+0000][173983.991s][info][gc,start    ] GC(5551) Pause Remark
[2025-01-08T20:45:13.650+0000][173984.016s][info][gc          ] GC(5551) Pause Remark 3675M->3675M(12288M) 25.402ms
[2025-01-08T20:45:13.650+0000][173984.016s][info][gc,cpu      ] GC(5551) User=0.14s Sys=0.01s Real=0.03s
[2025-01-08T20:45:13.650+0000][173984.016s][info][gc,marking  ] GC(5551) Concurrent Mark 1072.244ms
[2025-01-08T20:45:13.650+0000][173984.016s][info][gc,marking  ] GC(5551) Concurrent Rebuild Remembered Sets
[2025-01-08T20:45:14.158+0000][173984.524s][info][gc,marking  ] GC(5551) Concurrent Rebuild Remembered Sets 507.693ms
[2025-01-08T20:45:14.158+0000][173984.524s][info][gc,start    ] GC(5551) Pause Cleanup
[2025-01-08T20:45:14.159+0000][173984.525s][info][gc          ] GC(5551) Pause Cleanup 4067M->4067M(12288M) 0.452ms
[2025-01-08T20:45:14.159+0000][173984.525s][info][gc,cpu      ] GC(5551) User=0.00s Sys=0.00s Real=0.00s
[2025-01-08T20:45:14.159+0000][173984.525s][info][gc,marking  ] GC(5551) Concurrent Cleanup for Next Mark
[2025-01-08T20:45:14.174+0000][173984.540s][info][gc,marking  ] GC(5551) Concurrent Cleanup for Next Mark 15.474ms
[2025-01-08T20:45:14.174+0000][173984.540s][info][gc          ] GC(5551) Concurrent Mark Cycle 1618.222ms
[2025-01-08T20:45:19.692+0000][173990.058s][info][gc,start    ] GC(5552) Pause Young (Prepare Mixed) (G1 Evacuation Pause)
[2025-01-08T20:45:19.692+0000][173990.058s][info][gc,task     ] GC(5552) Using 6 workers of 6 for evacuation
[2025-01-08T20:45:19.731+0000][173990.097s][info][gc,phases   ] GC(5552)   Pre Evacuate Collection Set: 0.2ms
[2025-01-08T20:45:19.731+0000][173990.097s][info][gc,phases   ] GC(5552)   Merge Heap Roots: 0.7ms
[2025-01-08T20:45:19.731+0000][173990.097s][info][gc,phases   ] GC(5552)   Evacuate Collection Set: 33.1ms
[2025-01-08T20:45:19.731+0000][173990.097s][info][gc,phases   ] GC(5552)   Post Evacuate Collection Set: 5.3ms
[2025-01-08T20:45:19.731+0000][173990.097s][info][gc,phases   ] GC(5552)   Other: 0.2ms
[2025-01-08T20:45:19.731+0000][173990.097s][info][gc,heap     ] GC(5552) Eden regions: 912->0(65)
[2025-01-08T20:45:19.731+0000][173990.097s][info][gc,heap     ] GC(5552) Survivor regions: 9->11(116)
[2025-01-08T20:45:19.731+0000][173990.097s][info][gc,heap     ] GC(5552) Old regions: 233->233
[2025-01-08T20:45:19.731+0000][173990.097s][info][gc,heap     ] GC(5552) Archive regions: 2->2
[2025-01-08T20:45:19.731+0000][173990.097s][info][gc,heap     ] GC(5552) Humongous regions: 49->49
[2025-01-08T20:45:19.731+0000][173990.097s][info][gc,metaspace] GC(5552) Metaspace: 523600K(533760K)->523600K(533760K) NonClass: 459770K(465024K)->459770K(465024K) Class: 63829K(68736K)->63829K(68736K)
[2025-01-08T20:45:19.731+0000][173990.097s][info][gc          ] GC(5552) Pause Young (Prepare Mixed) (G1 Evacuation Pause) 9623M->2346M(12288M) 39.667ms
[2025-01-08T20:45:19.731+0000][173990.097s][info][gc,cpu      ] GC(5552) User=0.23s Sys=0.00s Real=0.04s
[2025-01-08T20:45:20.411+0000][173990.777s][info][gc,start    ] GC(5553) Pause Young (Mixed) (G1 Evacuation Pause)
[2025-01-08T20:45:20.411+0000][173990.777s][info][gc,task     ] GC(5553) Using 6 workers of 6 for evacuation
[2025-01-08T20:45:20.460+0000][173990.826s][info][gc,phases   ] GC(5553)   Pre Evacuate Collection Set: 0.2ms
[2025-01-08T20:45:20.460+0000][173990.826s][info][gc,phases   ] GC(5553)   Merge Heap Roots: 0.5ms
[2025-01-08T20:45:20.460+0000][173990.826s][info][gc,phases   ] GC(5553)   Evacuate Collection Set: 46.7ms
[2025-01-08T20:45:20.460+0000][173990.826s][info][gc,phases   ] GC(5553)   Post Evacuate Collection Set: 1.8ms
[2025-01-08T20:45:20.460+0000][173990.826s][info][gc,phases   ] GC(5553)   Other: 0.2ms
[2025-01-08T20:45:20.460+0000][173990.826s][info][gc,heap     ] GC(5553) Eden regions: 65->0(917)
[2025-01-08T20:45:20.460+0000][173990.826s][info][gc,heap     ] GC(5553) Survivor regions: 11->4(10)
[2025-01-08T20:45:20.460+0000][173990.826s][info][gc,heap     ] GC(5553) Old regions: 233->233
[2025-01-08T20:45:20.460+0000][173990.826s][info][gc,heap     ] GC(5553) Archive regions: 2->2
[2025-01-08T20:45:20.460+0000][173990.826s][info][gc,heap     ] GC(5553) Humongous regions: 49->49
[2025-01-08T20:45:20.460+0000][173990.826s][info][gc,metaspace] GC(5553) Metaspace: 523600K(533760K)->523600K(533760K) NonClass: 459770K(465024K)->459770K(465024K) Class: 63829K(68736K)->63829K(68736K)
[2025-01-08T20:45:20.460+0000][173990.826s][info][gc          ] GC(5553) Pause Young (Mixed) (G1 Evacuation Pause) 2866M->2293M(12288M) 49.440ms
[2025-01-08T20:45:20.460+0000][173990.826s][info][gc,cpu      ] GC(5553) User=0.28s Sys=0.00s Real=0.04s
[2025-01-08T20:45:29.135+0000][173999.501s][info][gc,start    ] GC(5554) Pause Young (Normal) (G1 Evacuation Pause)
[2025-01-08T20:45:29.135+0000][173999.501s][info][gc,task     ] GC(5554) Using 6 workers of 6 for evacuation
[2025-01-08T20:45:29.160+0000][173999.526s][info][gc,phases   ] GC(5554)   Pre Evacuate Collection Set: 0.2ms
[2025-01-08T20:45:29.160+0000][173999.526s][info][gc,phases   ] GC(5554)   Merge Heap Roots: 0.4ms
[2025-01-08T20:45:29.160+0000][173999.526s][info][gc,phases   ] GC(5554)   Evacuate Collection Set: 21.2ms
[2025-01-08T20:45:29.160+0000][173999.526s][info][gc,phases   ] GC(5554)   Post Evacuate Collection Set: 3.7ms
[2025-01-08T20:45:29.160+0000][173999.526s][info][gc,phases   ] GC(5554)   Other: 0.2ms
[2025-01-08T20:45:29.160+0000][173999.526s][info][gc,heap     ] GC(5554) Eden regions: 917->0(916)
[2025-01-08T20:45:29.160+0000][173999.526s][info][gc,heap     ] GC(5554) Survivor regions: 4->5(116)
[2025-01-08T20:45:29.160+0000][173999.526s][info][gc,heap     ] GC(5554) Old regions: 233->233
[2025-01-08T20:45:29.160+0000][173999.526s][info][gc,heap     ] GC(5554) Archive regions: 2->2
[2025-01-08T20:45:29.160+0000][173999.526s][info][gc,heap     ] GC(5554) Humongous regions: 49->49
[2025-01-08T20:45:29.160+0000][173999.526s][info][gc,metaspace] GC(5554) Metaspace: 523600K(533760K)->523600K(533760K) NonClass: 459770K(465024K)->459770K(465024K) Class: 63829K(68736K)->63829K(68736K)
[2025-01-08T20:45:29.160+0000][173999.526s][info][gc          ] GC(5554) Pause Young (Normal) (G1 Evacuation Pause) 9629M->2295M(12288M) 25.815ms
[2025-01-08T20:45:29.160+0000][173999.527s][info][gc,cpu      ] GC(5554) User=0.15s Sys=0.00s Real=0.02s
[2025-01-08T20:45:37.307+0000][174007.673s][info][gc,start    ] GC(5555) Pause Young (Normal) (G1 Evacuation Pause)
[2025-01-08T20:45:37.307+0000][174007.673s][info][gc,task     ] GC(5555) Using 6 workers of 6 for evacuation
[2025-01-08T20:45:37.334+0000][174007.700s][info][gc,phases   ] GC(5555)   Pre Evacuate Collection Set: 0.2ms
[2025-01-08T20:45:37.334+0000][174007.700s][info][gc,phases   ] GC(5555)   Merge Heap Roots: 0.4ms
[2025-01-08T20:45:37.334+0000][174007.700s][info][gc,phases   ] GC(5555)   Evacuate Collection Set: 23.8ms
[2025-01-08T20:45:37.334+0000][174007.700s][info][gc,phases   ] GC(5555)   Post Evacuate Collection Set: 2.5ms
[2025-01-08T20:45:37.334+0000][174007.700s][info][gc,phases   ] GC(5555)   Other: 0.2ms
[2025-01-08T20:45:37.334+0000][174007.700s][info][gc,heap     ] GC(5555) Eden regions: 916->0(914)
[2025-01-08T20:45:37.334+0000][174007.700s][info][gc,heap     ] GC(5555) Survivor regions: 5->7(116)
[2025-01-08T20:45:37.334+0000][174007.700s][info][gc,heap     ] GC(5555) Old regions: 233->233
[2025-01-08T20:45:37.334+0000][174007.700s][info][gc,heap     ] GC(5555) Archive regions: 2->2
[2025-01-08T20:45:37.334+0000][174007.700s][info][gc,heap     ] GC(5555) Humongous regions: 49->49
[2025-01-08T20:45:37.334+0000][174007.700s][info][gc,metaspace] GC(5555) Metaspace: 523600K(533760K)->523600K(533760K) NonClass: 459770K(465024K)->459770K(465024K) Class: 63829K(68736K)->63829K(68736K)
[2025-01-08T20:45:37.334+0000][174007.700s][info][gc          ] GC(5555) Pause Young (Normal) (G1 Evacuation Pause) 9623M->2311M(12288M) 27.179ms
[2025-01-08T20:45:37.334+0000][174007.700s][info][gc,cpu      ] GC(5555) User=0.15s Sys=0.00s Real=0.03s
[2025-01-08T20:45:45.905+0000][174016.271s][info][gc,start    ] GC(5556) Pause Young (Concurrent Start) (G1 Evacuation Pause)
[2025-01-08T20:45:45.905+0000][174016.271s][info][gc,task     ] GC(5556) Using 6 workers of 6 for evacuation
[2025-01-08T20:45:45.937+0000][174016.303s][info][gc,phases   ] GC(5556)   Pre Evacuate Collection Set: 1.1ms
[2025-01-08T20:45:45.937+0000][174016.303s][info][gc,phases   ] GC(5556)   Merge Heap Roots: 0.5ms
[2025-01-08T20:45:45.937+0000][174016.303s][info][gc,phases   ] GC(5556)   Evacuate Collection Set: 27.5ms
[2025-01-08T20:45:45.937+0000][174016.303s][info][gc,phases   ] GC(5556)   Post Evacuate Collection Set: 2.6ms
[2025-01-08T20:45:45.937+0000][174016.303s][info][gc,phases   ] GC(5556)   Other: 0.3ms
[2025-01-08T20:45:45.937+0000][174016.303s][info][gc,heap     ] GC(5556) Eden regions: 914->0(913)
[2025-01-08T20:45:45.937+0000][174016.303s][info][gc,heap     ] GC(5556) Survivor regions: 7->8(116)
[2025-01-08T20:45:45.937+0000][174016.303s][info][gc,heap     ] GC(5556) Old regions: 233->233
[2025-01-08T20:45:45.937+0000][174016.303s][info][gc,heap     ] GC(5556) Archive regions: 2->2
[2025-01-08T20:45:45.937+0000][174016.303s][info][gc,heap     ] GC(5556) Humongous regions: 49->49
[2025-01-08T20:45:45.937+0000][174016.303s][info][gc,metaspace] GC(5556) Metaspace: 523600K(533760K)->523600K(533760K) NonClass: 459770K(465024K)->459770K(465024K) Class: 63829K(68736K)->63829K(68736K)
[2025-01-08T20:45:45.937+0000][174016.303s][info][gc          ] GC(5556) Pause Young (Concurrent Start) (G1 Evacuation Pause) 9623M->2322M(12288M) 31.979ms
[2025-01-08T20:45:45.937+0000][174016.303s][info][gc,cpu      ] GC(5556) User=0.18s Sys=0.00s Real=0.03s
[2025-01-08T20:45:45.937+0000][174016.303s][info][gc          ] GC(5557) Concurrent Mark Cycle
[2025-01-08T20:45:45.937+0000][174016.303s][info][gc,marking  ] GC(5557) Concurrent Clear Claimed Marks
[2025-01-08T20:45:45.938+0000][174016.304s][info][gc,marking  ] GC(5557) Concurrent Clear Claimed Marks 0.925ms
[2025-01-08T20:45:45.938+0000][174016.304s][info][gc,marking  ] GC(5557) Concurrent Scan Root Regions
[2025-01-08T20:45:45.963+0000][174016.329s][info][gc,marking  ] GC(5557) Concurrent Scan Root Regions 25.167ms
[2025-01-08T20:45:45.963+0000][174016.329s][info][gc,marking  ] GC(5557) Concurrent Mark
[2025-01-08T20:45:45.963+0000][174016.329s][info][gc,marking  ] GC(5557) Concurrent Mark From Roots
[2025-01-08T20:45:45.963+0000][174016.329s][info][gc,task     ] GC(5557) Using 2 workers of 2 for marking
[2025-01-08T20:45:46.864+0000][174017.230s][info][gc,marking  ] GC(5557) Concurrent Mark From Roots 901.096ms
[2025-01-08T20:45:46.864+0000][174017.230s][info][gc,marking  ] GC(5557) Concurrent Preclean
[2025-01-08T20:45:46.867+0000][174017.233s][info][gc,marking  ] GC(5557) Concurrent Preclean 2.504ms
[2025-01-08T20:45:46.867+0000][174017.233s][info][gc,start    ] GC(5557) Pause Remark
[2025-01-08T20:45:46.892+0000][174017.258s][info][gc          ] GC(5557) Pause Remark 3270M->3270M(12288M) 25.629ms
[2025-01-08T20:45:46.892+0000][174017.258s][info][gc,cpu      ] GC(5557) User=0.14s Sys=0.00s Real=0.03s
[2025-01-08T20:45:46.893+0000][174017.259s][info][gc,marking  ] GC(5557) Concurrent Mark 929.584ms
[2025-01-08T20:45:46.893+0000][174017.259s][info][gc,marking  ] GC(5557) Concurrent Rebuild Remembered Sets
[2025-01-08T20:45:47.410+0000][174017.776s][info][gc,marking  ] GC(5557) Concurrent Rebuild Remembered Sets 517.590ms
[2025-01-08T20:45:47.410+0000][174017.776s][info][gc,start    ] GC(5557) Pause Cleanup
[2025-01-08T20:45:47.411+0000][174017.777s][info][gc          ] GC(5557) Pause Cleanup 3686M->3686M(12288M) 0.396ms
[2025-01-08T20:45:47.411+0000][174017.777s][info][gc,cpu      ] GC(5557) User=0.00s Sys=0.00s Real=0.00s
[2025-01-08T20:45:47.411+0000][174017.777s][info][gc,marking  ] GC(5557) Concurrent Cleanup for Next Mark
[2025-01-08T20:45:47.426+0000][174017.792s][info][gc,marking  ] GC(5557) Concurrent Cleanup for Next Mark 15.433ms
[2025-01-08T20:45:47.426+0000][174017.792s][info][gc          ] GC(5557) Concurrent Mark Cycle 1489.505ms
[2025-01-08T20:45:53.802+0000][174024.168s][info][gc,start    ] GC(5558) Pause Young (Prepare Mixed) (G1 Evacuation Pause)
[2025-01-08T20:45:53.802+0000][174024.168s][info][gc,task     ] GC(5558) Using 6 workers of 6 for evacuation
[2025-01-08T20:45:53.836+0000][174024.202s][info][gc,phases   ] GC(5558)   Pre Evacuate Collection Set: 0.2ms
[2025-01-08T20:45:53.836+0000][174024.202s][info][gc,phases   ] GC(5558)   Merge Heap Roots: 0.7ms
[2025-01-08T20:45:53.836+0000][174024.202s][info][gc,phases   ] GC(5558)   Evacuate Collection Set: 30.7ms
[2025-01-08T20:45:53.836+0000][174024.202s][info][gc,phases   ] GC(5558)   Post Evacuate Collection Set: 2.7ms
[2025-01-08T20:45:53.836+0000][174024.202s][info][gc,phases   ] GC(5558)   Other: 0.2ms
[2025-01-08T20:45:53.836+0000][174024.202s][info][gc,heap     ] GC(5558) Eden regions: 913->0(67)
[2025-01-08T20:45:53.836+0000][174024.202s][info][gc,heap     ] GC(5558) Survivor regions: 8->9(116)
[2025-01-08T20:45:53.836+0000][174024.202s][info][gc,heap     ] GC(5558) Old regions: 233->233
[2025-01-08T20:45:53.836+0000][174024.202s][info][gc,heap     ] GC(5558) Archive regions: 2->2
[2025-01-08T20:45:53.836+0000][174024.202s][info][gc,heap     ] GC(5558) Humongous regions: 49->49
[2025-01-08T20:45:53.836+0000][174024.202s][info][gc,metaspace] GC(5558) Metaspace: 523600K(533760K)->523600K(533760K) NonClass: 459770K(465024K)->459770K(465024K) Class: 63829K(68736K)->63829K(68736K)
[2025-01-08T20:45:53.836+0000][174024.202s][info][gc          ] GC(5558) Pause Young (Prepare Mixed) (G1 Evacuation Pause) 9626M->2328M(12288M) 34.578ms
[2025-01-08T20:45:53.836+0000][174024.202s][info][gc,cpu      ] GC(5558) User=0.21s Sys=0.00s Real=0.03s
[2025-01-08T20:45:54.739+0000][174025.105s][info][gc,start    ] GC(5559) Pause Young (Mixed) (G1 Evacuation Pause)
[2025-01-08T20:45:54.739+0000][174025.105s][info][gc,task     ] GC(5559) Using 6 workers of 6 for evacuation
[2025-01-08T20:45:54.799+0000][174025.165s][info][gc,phases   ] GC(5559)   Pre Evacuate Collection Set: 0.2ms
[2025-01-08T20:45:54.799+0000][174025.165s][info][gc,phases   ] GC(5559)   Merge Heap Roots: 0.7ms
[2025-01-08T20:45:54.799+0000][174025.165s][info][gc,phases   ] GC(5559)   Evacuate Collection Set: 57.1ms
[2025-01-08T20:45:54.799+0000][174025.165s][info][gc,phases   ] GC(5559)   Post Evacuate Collection Set: 1.9ms
[2025-01-08T20:45:54.799+0000][174025.165s][info][gc,phases   ] GC(5559)   Other: 0.2ms
[2025-01-08T20:45:54.799+0000][174025.165s][info][gc,heap     ] GC(5559) Eden regions: 67->0(915)
[2025-01-08T20:45:54.799+0000][174025.165s][info][gc,heap     ] GC(5559) Survivor regions: 9->6(10)
[2025-01-08T20:45:54.799+0000][174025.165s][info][gc,heap     ] GC(5559) Old regions: 233->232
[2025-01-08T20:45:54.799+0000][174025.165s][info][gc,heap     ] GC(5559) Archive regions: 2->2
[2025-01-08T20:45:54.799+0000][174025.165s][info][gc,heap     ] GC(5559) Humongous regions: 49->49
[2025-01-08T20:45:54.799+0000][174025.165s][info][gc,metaspace] GC(5559) Metaspace: 523600K(533760K)->523600K(533760K) NonClass: 459770K(465024K)->459770K(465024K) Class: 63829K(68736K)->63829K(68736K)
[2025-01-08T20:45:54.799+0000][174025.165s][info][gc          ] GC(5559) Pause Young (Mixed) (G1 Evacuation Pause) 2864M->2295M(12288M) 60.066ms
[2025-01-08T20:45:54.799+0000][174025.165s][info][gc,cpu      ] GC(5559) User=0.35s Sys=0.00s Real=0.06s
[2025-01-08T20:46:02.903+0000][174033.270s][info][gc,start    ] GC(5560) Pause Young (Normal) (G1 Evacuation Pause)
[2025-01-08T20:46:02.903+0000][174033.270s][info][gc,task     ] GC(5560) Using 6 workers of 6 for evacuation
[2025-01-08T20:46:02.935+0000][174033.302s][info][gc,phases   ] GC(5560)   Pre Evacuate Collection Set: 0.2ms
[2025-01-08T20:46:02.935+0000][174033.302s][info][gc,phases   ] GC(5560)   Merge Heap Roots: 0.5ms
[2025-01-08T20:46:02.935+0000][174033.302s][info][gc,phases   ] GC(5560)   Evacuate Collection Set: 28.5ms
[2025-01-08T20:46:02.935+0000][174033.302s][info][gc,phases   ] GC(5560)   Post Evacuate Collection Set: 2.6ms
[2025-01-08T20:46:02.935+0000][174033.302s][info][gc,phases   ] GC(5560)   Other: 0.2ms
[2025-01-08T20:46:02.935+0000][174033.302s][info][gc,heap     ] GC(5560) Eden regions: 915->0(913)
[2025-01-08T20:46:02.935+0000][174033.302s][info][gc,heap     ] GC(5560) Survivor regions: 6->8(116)
[2025-01-08T20:46:02.935+0000][174033.302s][info][gc,heap     ] GC(5560) Old regions: 232->232
[2025-01-08T20:46:02.935+0000][174033.302s][info][gc,heap     ] GC(5560) Archive regions: 2->2
[2025-01-08T20:46:02.935+0000][174033.302s][info][gc,heap     ] GC(5560) Humongous regions: 49->49
[2025-01-08T20:46:02.935+0000][174033.302s][info][gc,metaspace] GC(5560) Metaspace: 523600K(533760K)->523600K(533760K) NonClass: 459770K(465024K)->459770K(465024K) Class: 63829K(68736K)->63829K(68736K)
[2025-01-08T20:46:02.936+0000][174033.302s][info][gc          ] GC(5560) Pause Young (Normal) (G1 Evacuation Pause) 9615M->2309M(12288M) 32.048ms
[2025-01-08T20:46:02.936+0000][174033.302s][info][gc,cpu      ] GC(5560) User=0.19s Sys=0.00s Real=0.03s
[2025-01-08T20:46:08.935+0000][174039.301s][info][gc,start    ] GC(5561) Pause Young (Normal) (G1 Evacuation Pause)
[2025-01-08T20:46:08.935+0000][174039.301s][info][gc,task     ] GC(5561) Using 6 workers of 6 for evacuation
[2025-01-08T20:46:08.969+0000][174039.335s][info][gc,phases   ] GC(5561)   Pre Evacuate Collection Set: 0.2ms
[2025-01-08T20:46:08.969+0000][174039.335s][info][gc,phases   ] GC(5561)   Merge Heap Roots: 0.4ms
[2025-01-08T20:46:08.969+0000][174039.335s][info][gc,phases   ] GC(5561)   Evacuate Collection Set: 28.3ms
[2025-01-08T20:46:08.969+0000][174039.335s][info][gc,phases   ] GC(5561)   Post Evacuate Collection Set: 5.1ms
[2025-01-08T20:46:08.969+0000][174039.335s][info][gc,phases   ] GC(5561)   Other: 0.2ms
[2025-01-08T20:46:08.969+0000][174039.335s][info][gc,heap     ] GC(5561) Eden regions: 913->0(911)
[2025-01-08T20:46:08.969+0000][174039.335s][info][gc,heap     ] GC(5561) Survivor regions: 8->10(116)
[2025-01-08T20:46:08.969+0000][174039.335s][info][gc,heap     ] GC(5561) Old regions: 232->232
[2025-01-08T20:46:08.969+0000][174039.335s][info][gc,heap     ] GC(5561) Archive regions: 2->2
[2025-01-08T20:46:08.969+0000][174039.335s][info][gc,heap     ] GC(5561) Humongous regions: 49->49
[2025-01-08T20:46:08.969+0000][174039.335s][info][gc,metaspace] GC(5561) Metaspace: 523600K(533760K)->523600K(533760K) NonClass: 459770K(465024K)->459770K(465024K) Class: 63829K(68736K)->63829K(68736K)
[2025-01-08T20:46:08.969+0000][174039.335s][info][gc          ] GC(5561) Pause Young (Normal) (G1 Evacuation Pause) 9613M->2329M(12288M) 34.329ms
[2025-01-08T20:46:08.969+0000][174039.335s][info][gc,cpu      ] GC(5561) User=0.20s Sys=0.00s Real=0.03s
[2025-01-08T20:46:17.389+0000][174047.755s][info][gc,start    ] GC(5562) Pause Young (Concurrent Start) (G1 Evacuation Pause)
[2025-01-08T20:46:17.389+0000][174047.755s][info][gc,task     ] GC(5562) Using 6 workers of 6 for evacuation
[2025-01-08T20:46:17.423+0000][174047.790s][info][gc,phases   ] GC(5562)   Pre Evacuate Collection Set: 1.2ms
[2025-01-08T20:46:17.423+0000][174047.790s][info][gc,phases   ] GC(5562)   Merge Heap Roots: 0.5ms
[2025-01-08T20:46:17.423+0000][174047.790s][info][gc,phases   ] GC(5562)   Evacuate Collection Set: 30.1ms
[2025-01-08T20:46:17.423+0000][174047.790s][info][gc,phases   ] GC(5562)   Post Evacuate Collection Set: 2.5ms
[2025-01-08T20:46:17.423+0000][174047.790s][info][gc,phases   ] GC(5562)   Other: 0.3ms
[2025-01-08T20:46:17.423+0000][174047.790s][info][gc,heap     ] GC(5562) Eden regions: 911->0(911)
[2025-01-08T20:46:17.423+0000][174047.790s][info][gc,heap     ] GC(5562) Survivor regions: 10->10(116)
[2025-01-08T20:46:17.423+0000][174047.790s][info][gc,heap     ] GC(5562) Old regions: 232->232
[2025-01-08T20:46:17.423+0000][174047.790s][info][gc,heap     ] GC(5562) Archive regions: 2->2
[2025-01-08T20:46:17.423+0000][174047.790s][info][gc,heap     ] GC(5562) Humongous regions: 49->49
[2025-01-08T20:46:17.424+0000][174047.790s][info][gc,metaspace] GC(5562) Metaspace: 523600K(533760K)->523600K(533760K) NonClass: 459770K(465024K)->459770K(465024K) Class: 63829K(68736K)->63829K(68736K)
[2025-01-08T20:46:17.424+0000][174047.790s][info][gc          ] GC(5562) Pause Young (Concurrent Start) (G1 Evacuation Pause) 9617M->2323M(12288M) 34.634ms
[2025-01-08T20:46:17.424+0000][174047.790s][info][gc,cpu      ] GC(5562) User=0.19s Sys=0.01s Real=0.04s
[2025-01-08T20:46:17.424+0000][174047.790s][info][gc          ] GC(5563) Concurrent Mark Cycle
[2025-01-08T20:46:17.424+0000][174047.790s][info][gc,marking  ] GC(5563) Concurrent Clear Claimed Marks
[2025-01-08T20:46:17.425+0000][174047.791s][info][gc,marking  ] GC(5563) Concurrent Clear Claimed Marks 0.873ms
[2025-01-08T20:46:17.425+0000][174047.791s][info][gc,marking  ] GC(5563) Concurrent Scan Root Regions
[2025-01-08T20:46:17.445+0000][174047.811s][info][gc,marking  ] GC(5563) Concurrent Scan Root Regions 20.864ms
[2025-01-08T20:46:17.445+0000][174047.812s][info][gc,marking  ] GC(5563) Concurrent Mark
[2025-01-08T20:46:17.445+0000][174047.812s][info][gc,marking  ] GC(5563) Concurrent Mark From Roots
[2025-01-08T20:46:17.445+0000][174047.812s][info][gc,task     ] GC(5563) Using 2 workers of 2 for marking
[2025-01-08T20:46:18.378+0000][174048.744s][info][gc,marking  ] GC(5563) Concurrent Mark From Roots 932.975ms
[2025-01-08T20:46:18.378+0000][174048.745s][info][gc,marking  ] GC(5563) Concurrent Preclean
[2025-01-08T20:46:18.381+0000][174048.747s][info][gc,marking  ] GC(5563) Concurrent Preclean 2.624ms
[2025-01-08T20:46:18.381+0000][174048.747s][info][gc,start    ] GC(5563) Pause Remark
[2025-01-08T20:46:18.407+0000][174048.773s][info][gc          ] GC(5563) Pause Remark 3439M->3439M(12288M) 25.447ms
[2025-01-08T20:46:18.407+0000][174048.773s][info][gc,cpu      ] GC(5563) User=0.15s Sys=0.00s Real=0.03s
[2025-01-08T20:46:18.407+0000][174048.773s][info][gc,marking  ] GC(5563) Concurrent Mark 961.391ms
[2025-01-08T20:46:18.407+0000][174048.773s][info][gc,marking  ] GC(5563) Concurrent Rebuild Remembered Sets
[2025-01-08T20:46:18.992+0000][174049.358s][info][gc,marking  ] GC(5563) Concurrent Rebuild Remembered Sets 585.104ms
[2025-01-08T20:46:18.992+0000][174049.358s][info][gc,start    ] GC(5563) Pause Cleanup
[2025-01-08T20:46:18.993+0000][174049.359s][info][gc          ] GC(5563) Pause Cleanup 4119M->4119M(12288M) 0.457ms
[2025-01-08T20:46:18.993+0000][174049.359s][info][gc,cpu      ] GC(5563) User=0.00s Sys=0.00s Real=0.00s
[2025-01-08T20:46:18.993+0000][174049.359s][info][gc,marking  ] GC(5563) Concurrent Cleanup for Next Mark
[2025-01-08T20:46:19.009+0000][174049.375s][info][gc,marking  ] GC(5563) Concurrent Cleanup for Next Mark 15.886ms
[2025-01-08T20:46:19.009+0000][174049.375s][info][gc          ] GC(5563) Concurrent Mark Cycle 1585.012ms
[2025-01-08T20:46:25.257+0000][174055.623s][info][gc,start    ] GC(5564) Pause Young (Prepare Mixed) (G1 Evacuation Pause)
[2025-01-08T20:46:25.257+0000][174055.623s][info][gc,task     ] GC(5564) Using 6 workers of 6 for evacuation
[2025-01-08T20:46:25.296+0000][174055.662s][info][gc,phases   ] GC(5564)   Pre Evacuate Collection Set: 0.2ms
[2025-01-08T20:46:25.296+0000][174055.662s][info][gc,phases   ] GC(5564)   Merge Heap Roots: 0.7ms
[2025-01-08T20:46:25.296+0000][174055.662s][info][gc,phases   ] GC(5564)   Evacuate Collection Set: 33.9ms
[2025-01-08T20:46:25.296+0000][174055.662s][info][gc,phases   ] GC(5564)   Post Evacuate Collection Set: 4.0ms
[2025-01-08T20:46:25.296+0000][174055.662s][info][gc,phases   ] GC(5564)   Other: 0.2ms
[2025-01-08T20:46:25.296+0000][174055.662s][info][gc,heap     ] GC(5564) Eden regions: 911->0(65)
[2025-01-08T20:46:25.296+0000][174055.662s][info][gc,heap     ] GC(5564) Survivor regions: 10->11(116)
[2025-01-08T20:46:25.296+0000][174055.662s][info][gc,heap     ] GC(5564) Old regions: 232->232
[2025-01-08T20:46:25.296+0000][174055.662s][info][gc,heap     ] GC(5564) Archive regions: 2->2
[2025-01-08T20:46:25.296+0000][174055.662s][info][gc,heap     ] GC(5564) Humongous regions: 49->49
[2025-01-08T20:46:25.296+0000][174055.662s][info][gc,metaspace] GC(5564) Metaspace: 523600K(533760K)->523600K(533760K) NonClass: 459770K(465024K)->459770K(465024K) Class: 63829K(68736K)->63829K(68736K)
[2025-01-08T20:46:25.296+0000][174055.662s][info][gc          ] GC(5564) Pause Young (Prepare Mixed) (G1 Evacuation Pause) 9611M->2336M(12288M) 39.127ms
[2025-01-08T20:46:25.296+0000][174055.662s][info][gc,cpu      ] GC(5564) User=0.23s Sys=0.00s Real=0.04s
[2025-01-08T20:46:26.121+0000][174056.487s][info][gc,start    ] GC(5565) Pause Young (Mixed) (G1 Evacuation Pause)
[2025-01-08T20:46:26.121+0000][174056.487s][info][gc,task     ] GC(5565) Using 6 workers of 6 for evacuation
[2025-01-08T20:46:26.184+0000][174056.550s][info][gc,phases   ] GC(5565)   Pre Evacuate Collection Set: 0.2ms
[2025-01-08T20:46:26.184+0000][174056.550s][info][gc,phases   ] GC(5565)   Merge Heap Roots: 0.6ms
[2025-01-08T20:46:26.184+0000][174056.550s][info][gc,phases   ] GC(5565)   Evacuate Collection Set: 60.2ms
[2025-01-08T20:46:26.184+0000][174056.550s][info][gc,phases   ] GC(5565)   Post Evacuate Collection Set: 1.7ms
[2025-01-08T20:46:26.184+0000][174056.550s][info][gc,phases   ] GC(5565)   Other: 0.2ms
[2025-01-08T20:46:26.184+0000][174056.550s][info][gc,heap     ] GC(5565) Eden regions: 65->0(916)
[2025-01-08T20:46:26.184+0000][174056.550s][info][gc,heap     ] GC(5565) Survivor regions: 11->5(10)
[2025-01-08T20:46:26.184+0000][174056.550s][info][gc,heap     ] GC(5565) Old regions: 232->233
[2025-01-08T20:46:26.184+0000][174056.550s][info][gc,heap     ] GC(5565) Archive regions: 2->2
[2025-01-08T20:46:26.184+0000][174056.550s][info][gc,heap     ] GC(5565) Humongous regions: 49->49
[2025-01-08T20:46:26.184+0000][174056.550s][info][gc,metaspace] GC(5565) Metaspace: 523600K(533760K)->523600K(533760K) NonClass: 459770K(465024K)->459770K(465024K) Class: 63829K(68736K)->63829K(68736K)
[2025-01-08T20:46:26.184+0000][174056.550s][info][gc          ] GC(5565) Pause Young (Mixed) (G1 Evacuation Pause) 2856M->2292M(12288M) 62.981ms
[2025-01-08T20:46:26.184+0000][174056.550s][info][gc,cpu      ] GC(5565) User=0.37s Sys=0.00s Real=0.07s
[2025-01-08T20:46:33.111+0000][174063.477s][info][gc,start    ] GC(5566) Pause Young (Normal) (G1 Evacuation Pause)
[2025-01-08T20:46:33.111+0000][174063.477s][info][gc,task     ] GC(5566) Using 6 workers of 6 for evacuation
[2025-01-08T20:46:33.134+0000][174063.500s][info][gc,phases   ] GC(5566)   Pre Evacuate Collection Set: 0.2ms
[2025-01-08T20:46:33.134+0000][174063.500s][info][gc,phases   ] GC(5566)   Merge Heap Roots: 0.4ms
[2025-01-08T20:46:33.134+0000][174063.500s][info][gc,phases   ] GC(5566)   Evacuate Collection Set: 20.3ms
[2025-01-08T20:46:33.134+0000][174063.500s][info][gc,phases   ] GC(5566)   Post Evacuate Collection Set: 2.5ms
[2025-01-08T20:46:33.134+0000][174063.501s][info][gc,phases   ] GC(5566)   Other: 0.2ms
[2025-01-08T20:46:33.134+0000][174063.501s][info][gc,heap     ] GC(5566) Eden regions: 916->0(916)
[2025-01-08T20:46:33.134+0000][174063.501s][info][gc,heap     ] GC(5566) Survivor regions: 5->5(116)
[2025-01-08T20:46:33.134+0000][174063.501s][info][gc,heap     ] GC(5566) Old regions: 233->233
[2025-01-08T20:46:33.134+0000][174063.501s][info][gc,heap     ] GC(5566) Archive regions: 2->2
[2025-01-08T20:46:33.134+0000][174063.501s][info][gc,heap     ] GC(5566) Humongous regions: 49->49
[2025-01-08T20:46:33.134+0000][174063.501s][info][gc,metaspace] GC(5566) Metaspace: 523600K(533760K)->523600K(533760K) NonClass: 459770K(465024K)->459770K(465024K) Class: 63829K(68736K)->63829K(68736K)
[2025-01-08T20:46:33.134+0000][174063.501s][info][gc          ] GC(5566) Pause Young (Normal) (G1 Evacuation Pause) 9620M->2298M(12288M) 23.710ms
[2025-01-08T20:46:33.135+0000][174063.501s][info][gc,cpu      ] GC(5566) User=0.14s Sys=0.00s Real=0.02s
[2025-01-08T20:47:19.385+0000][174109.751s][info][gc,start    ] GC(5567) Pause Young (Normal) (G1 Evacuation Pause)
[2025-01-08T20:47:19.385+0000][174109.751s][info][gc,task     ] GC(5567) Using 6 workers of 6 for evacuation
[2025-01-08T20:47:19.410+0000][174109.776s][info][gc,phases   ] GC(5567)   Pre Evacuate Collection Set: 0.2ms
[2025-01-08T20:47:19.410+0000][174109.776s][info][gc,phases   ] GC(5567)   Merge Heap Roots: 0.5ms
[2025-01-08T20:47:19.410+0000][174109.776s][info][gc,phases   ] GC(5567)   Evacuate Collection Set: 21.6ms
[2025-01-08T20:47:19.410+0000][174109.776s][info][gc,phases   ] GC(5567)   Post Evacuate Collection Set: 2.5ms
[2025-01-08T20:47:19.410+0000][174109.776s][info][gc,phases   ] GC(5567)   Other: 0.2ms
[2025-01-08T20:47:19.410+0000][174109.776s][info][gc,heap     ] GC(5567) Eden regions: 916->0(916)
[2025-01-08T20:47:19.410+0000][174109.776s][info][gc,heap     ] GC(5567) Survivor regions: 5->5(116)
[2025-01-08T20:47:19.410+0000][174109.776s][info][gc,heap     ] GC(5567) Old regions: 233->233
[2025-01-08T20:47:19.410+0000][174109.776s][info][gc,heap     ] GC(5567) Archive regions: 2->2
[2025-01-08T20:47:19.410+0000][174109.776s][info][gc,heap     ] GC(5567) Humongous regions: 49->49
[2025-01-08T20:47:19.410+0000][174109.776s][info][gc,metaspace] GC(5567) Metaspace: 523600K(533760K)->523600K(533760K) NonClass: 459770K(465024K)->459770K(465024K) Class: 63829K(68736K)->63829K(68736K)
[2025-01-08T20:47:19.410+0000][174109.776s][info][gc          ] GC(5567) Pause Young (Normal) (G1 Evacuation Pause) 9626M->2295M(12288M) 25.049ms
[2025-01-08T20:47:19.410+0000][174109.776s][info][gc,cpu      ] GC(5567) User=0.14s Sys=0.00s Real=0.03s
[2025-01-08T21:16:00.037+0000][175830.403s][info][gc,start    ] GC(5568) Pause Young (Concurrent Start) (G1 Evacuation Pause)
[2025-01-08T21:16:00.037+0000][175830.403s][info][gc,task     ] GC(5568) Using 6 workers of 6 for evacuation
[2025-01-08T21:16:00.075+0000][175830.441s][info][gc,phases   ] GC(5568)   Pre Evacuate Collection Set: 1.2ms
[2025-01-08T21:16:00.075+0000][175830.441s][info][gc,phases   ] GC(5568)   Merge Heap Roots: 0.5ms
[2025-01-08T21:16:00.075+0000][175830.441s][info][gc,phases   ] GC(5568)   Evacuate Collection Set: 33.3ms
[2025-01-08T21:16:00.075+0000][175830.441s][info][gc,phases   ] GC(5568)   Post Evacuate Collection Set: 2.8ms
[2025-01-08T21:16:00.075+0000][175830.441s][info][gc,phases   ] GC(5568)   Other: 0.3ms
[2025-01-08T21:16:00.075+0000][175830.441s][info][gc,heap     ] GC(5568) Eden regions: 916->0(913)
[2025-01-08T21:16:00.075+0000][175830.441s][info][gc,heap     ] GC(5568) Survivor regions: 5->8(116)
[2025-01-08T21:16:00.075+0000][175830.441s][info][gc,heap     ] GC(5568) Old regions: 233->233
[2025-01-08T21:16:00.075+0000][175830.441s][info][gc,heap     ] GC(5568) Archive regions: 2->2
[2025-01-08T21:16:00.075+0000][175830.441s][info][gc,heap     ] GC(5568) Humongous regions: 49->49
[2025-01-08T21:16:00.075+0000][175830.441s][info][gc,metaspace] GC(5568) Metaspace: 523620K(533760K)->523620K(533760K) NonClass: 459788K(465024K)->459788K(465024K) Class: 63831K(68736K)->63831K(68736K)
[2025-01-08T21:16:00.075+0000][175830.441s][info][gc          ] GC(5568) Pause Young (Concurrent Start) (G1 Evacuation Pause) 9623M->2318M(12288M) 38.188ms
[2025-01-08T21:16:00.075+0000][175830.441s][info][gc,cpu      ] GC(5568) User=0.22s Sys=0.00s Real=0.04s
[2025-01-08T21:16:00.075+0000][175830.441s][info][gc          ] GC(5569) Concurrent Mark Cycle
[2025-01-08T21:16:00.075+0000][175830.441s][info][gc,marking  ] GC(5569) Concurrent Clear Claimed Marks
[2025-01-08T21:16:00.076+0000][175830.442s][info][gc,marking  ] GC(5569) Concurrent Clear Claimed Marks 0.971ms
[2025-01-08T21:16:00.076+0000][175830.442s][info][gc,marking  ] GC(5569) Concurrent Scan Root Regions
[2025-01-08T21:16:00.111+0000][175830.477s][info][gc,marking  ] GC(5569) Concurrent Scan Root Regions 34.485ms
[2025-01-08T21:16:00.111+0000][175830.477s][info][gc,marking  ] GC(5569) Concurrent Mark
[2025-01-08T21:16:00.111+0000][175830.477s][info][gc,marking  ] GC(5569) Concurrent Mark From Roots
[2025-01-08T21:16:00.111+0000][175830.477s][info][gc,task     ] GC(5569) Using 2 workers of 2 for marking
[2025-01-08T21:16:00.812+0000][175831.178s][info][gc,marking  ] GC(5569) Concurrent Mark From Roots 701.163ms
[2025-01-08T21:16:00.812+0000][175831.178s][info][gc,marking  ] GC(5569) Concurrent Preclean
[2025-01-08T21:16:00.814+0000][175831.181s][info][gc,marking  ] GC(5569) Concurrent Preclean 2.533ms
[2025-01-08T21:16:00.815+0000][175831.181s][info][gc,start    ] GC(5569) Pause Remark
[2025-01-08T21:16:00.871+0000][175831.237s][info][gc          ] GC(5569) Pause Remark 2364M->2364M(12288M) 56.190ms
[2025-01-08T21:16:00.871+0000][175831.237s][info][gc,cpu      ] GC(5569) User=0.31s Sys=0.00s Real=0.06s
[2025-01-08T21:16:00.871+0000][175831.237s][info][gc,marking  ] GC(5569) Concurrent Mark 760.242ms
[2025-01-08T21:16:00.871+0000][175831.237s][info][gc,marking  ] GC(5569) Concurrent Rebuild Remembered Sets
[2025-01-08T21:16:01.349+0000][175831.715s][info][gc,marking  ] GC(5569) Concurrent Rebuild Remembered Sets 478.270ms
[2025-01-08T21:16:01.349+0000][175831.715s][info][gc,start    ] GC(5569) Pause Cleanup
[2025-01-08T21:16:01.350+0000][175831.716s][info][gc          ] GC(5569) Pause Cleanup 2364M->2364M(12288M) 0.484ms
[2025-01-08T21:16:01.350+0000][175831.716s][info][gc,cpu      ] GC(5569) User=0.00s Sys=0.00s Real=0.01s
[2025-01-08T21:16:01.350+0000][175831.716s][info][gc,marking  ] GC(5569) Concurrent Cleanup for Next Mark
[2025-01-08T21:16:01.365+0000][175831.731s][info][gc,marking  ] GC(5569) Concurrent Cleanup for Next Mark 15.297ms
[2025-01-08T21:16:01.365+0000][175831.731s][info][gc          ] GC(5569) Concurrent Mark Cycle 1290.141ms
[2025-01-08T22:07:46.493+0000][178936.859s][info][gc,start    ] GC(5570) Pause Young (Prepare Mixed) (G1 Evacuation Pause)
[2025-01-08T22:07:46.493+0000][178936.859s][info][gc,task     ] GC(5570) Using 6 workers of 6 for evacuation
[2025-01-08T22:07:46.546+0000][178936.912s][info][gc,phases   ] GC(5570)   Pre Evacuate Collection Set: 0.2ms
[2025-01-08T22:07:46.546+0000][178936.912s][info][gc,phases   ] GC(5570)   Merge Heap Roots: 0.8ms
[2025-01-08T22:07:46.546+0000][178936.912s][info][gc,phases   ] GC(5570)   Evacuate Collection Set: 46.8ms
[2025-01-08T22:07:46.546+0000][178936.912s][info][gc,phases   ] GC(5570)   Post Evacuate Collection Set: 4.7ms
[2025-01-08T22:07:46.546+0000][178936.912s][info][gc,phases   ] GC(5570)   Other: 0.2ms
[2025-01-08T22:07:46.546+0000][178936.912s][info][gc,heap     ] GC(5570) Eden regions: 913->0(63)
[2025-01-08T22:07:46.546+0000][178936.912s][info][gc,heap     ] GC(5570) Survivor regions: 8->13(116)
[2025-01-08T22:07:46.546+0000][178936.912s][info][gc,heap     ] GC(5570) Old regions: 233->233
[2025-01-08T22:07:46.546+0000][178936.912s][info][gc,heap     ] GC(5570) Archive regions: 2->2
[2025-01-08T22:07:46.546+0000][178936.912s][info][gc,heap     ] GC(5570) Humongous regions: 49->49
[2025-01-08T22:07:46.546+0000][178936.912s][info][gc,metaspace] GC(5570) Metaspace: 523763K(533760K)->523763K(533760K) NonClass: 459924K(465024K)->459924K(465024K) Class: 63839K(68736K)->63839K(68736K)
[2025-01-08T22:07:46.546+0000][178936.912s][info][gc          ] GC(5570) Pause Young (Prepare Mixed) (G1 Evacuation Pause) 9622M->2357M(12288M) 52.767ms
[2025-01-08T22:07:46.546+0000][178936.912s][info][gc,cpu      ] GC(5570) User=0.31s Sys=0.00s Real=0.05s
[2025-01-08T22:13:42.781+0000][179293.147s][info][gc,start    ] GC(5571) Pause Young (Mixed) (G1 Evacuation Pause)
[2025-01-08T22:13:42.781+0000][179293.147s][info][gc,task     ] GC(5571) Using 6 workers of 6 for evacuation
[2025-01-08T22:13:42.864+0000][179293.230s][info][gc,phases   ] GC(5571)   Pre Evacuate Collection Set: 0.2ms
[2025-01-08T22:13:42.864+0000][179293.230s][info][gc,phases   ] GC(5571)   Merge Heap Roots: 0.9ms
[2025-01-08T22:13:42.864+0000][179293.230s][info][gc,phases   ] GC(5571)   Evacuate Collection Set: 80.0ms
[2025-01-08T22:13:42.864+0000][179293.230s][info][gc,phases   ] GC(5571)   Post Evacuate Collection Set: 2.0ms
[2025-01-08T22:13:42.864+0000][179293.230s][info][gc,phases   ] GC(5571)   Other: 0.2ms
[2025-01-08T22:13:42.864+0000][179293.230s][info][gc,heap     ] GC(5571) Eden regions: 63->0(919)
[2025-01-08T22:13:42.864+0000][179293.230s][info][gc,heap     ] GC(5571) Survivor regions: 13->2(10)
[2025-01-08T22:13:42.864+0000][179293.230s][info][gc,heap     ] GC(5571) Old regions: 233->236
[2025-01-08T22:13:42.864+0000][179293.230s][info][gc,heap     ] GC(5571) Archive regions: 2->2
[2025-01-08T22:13:42.864+0000][179293.230s][info][gc,heap     ] GC(5571) Humongous regions: 49->49
[2025-01-08T22:13:42.864+0000][179293.230s][info][gc,metaspace] GC(5571) Metaspace: 523763K(533760K)->523763K(533760K) NonClass: 459924K(465024K)->459924K(465024K) Class: 63839K(68736K)->63839K(68736K)
[2025-01-08T22:13:42.864+0000][179293.230s][info][gc          ] GC(5571) Pause Young (Mixed) (G1 Evacuation Pause) 2861M->2294M(12288M) 83.335ms
[2025-01-08T22:13:42.864+0000][179293.230s][info][gc,cpu      ] GC(5571) User=0.48s Sys=0.00s Real=0.09s
[2025-01-08T22:28:57.660+0000][180208.026s][info][gc,start    ] GC(5572) Pause Young (Normal) (G1 Evacuation Pause)
[2025-01-08T22:28:57.660+0000][180208.026s][info][gc,task     ] GC(5572) Using 6 workers of 6 for evacuation
[2025-01-08T22:28:57.706+0000][180208.072s][info][gc,phases   ] GC(5572)   Pre Evacuate Collection Set: 0.2ms
[2025-01-08T22:28:57.706+0000][180208.072s][info][gc,phases   ] GC(5572)   Merge Heap Roots: 0.5ms
[2025-01-08T22:28:57.706+0000][180208.072s][info][gc,phases   ] GC(5572)   Evacuate Collection Set: 42.8ms
[2025-01-08T22:28:57.706+0000][180208.072s][info][gc,phases   ] GC(5572)   Post Evacuate Collection Set: 2.8ms
[2025-01-08T22:28:57.706+0000][180208.072s][info][gc,phases   ] GC(5572)   Other: 0.2ms
[2025-01-08T22:28:57.706+0000][180208.072s][info][gc,heap     ] GC(5572) Eden regions: 919->0(895)
[2025-01-08T22:28:57.706+0000][180208.072s][info][gc,heap     ] GC(5572) Survivor regions: 2->11(116)
[2025-01-08T22:28:57.706+0000][180208.072s][info][gc,heap     ] GC(5572) Old regions: 236->236
[2025-01-08T22:28:57.706+0000][180208.072s][info][gc,heap     ] GC(5572) Archive regions: 2->2
[2025-01-08T22:28:57.706+0000][180208.072s][info][gc,heap     ] GC(5572) Humongous regions: 61->61
[2025-01-08T22:28:57.706+0000][180208.072s][info][gc,metaspace] GC(5572) Metaspace: 524053K(533760K)->524053K(533760K) NonClass: 460182K(465024K)->460182K(465024K) Class: 63871K(68736K)->63871K(68736K)
[2025-01-08T22:28:57.706+0000][180208.072s][info][gc          ] GC(5572) Pause Young (Normal) (G1 Evacuation Pause) 9742M->2457M(12288M) 46.590ms
[2025-01-08T22:28:57.706+0000][180208.072s][info][gc,cpu      ] GC(5572) User=0.27s Sys=0.00s Real=0.05s
[2025-01-08T22:30:27.458+0000][180297.825s][info][gc,start    ] GC(5573) Pause Young (Normal) (G1 Evacuation Pause)
[2025-01-08T22:30:27.458+0000][180297.825s][info][gc,task     ] GC(5573) Using 6 workers of 6 for evacuation
[2025-01-08T22:30:27.522+0000][180297.888s][info][gc,phases   ] GC(5573)   Pre Evacuate Collection Set: 0.2ms
[2025-01-08T22:30:27.522+0000][180297.888s][info][gc,phases   ] GC(5573)   Merge Heap Roots: 0.6ms
[2025-01-08T22:30:27.522+0000][180297.888s][info][gc,phases   ] GC(5573)   Evacuate Collection Set: 58.5ms
[2025-01-08T22:30:27.522+0000][180297.888s][info][gc,phases   ] GC(5573)   Post Evacuate Collection Set: 3.8ms
[2025-01-08T22:30:27.522+0000][180297.888s][info][gc,phases   ] GC(5573)   Other: 0.2ms
[2025-01-08T22:30:27.522+0000][180297.888s][info][gc,heap     ] GC(5573) Eden regions: 895->0(893)
[2025-01-08T22:30:27.522+0000][180297.888s][info][gc,heap     ] GC(5573) Survivor regions: 11->14(114)
[2025-01-08T22:30:27.522+0000][180297.888s][info][gc,heap     ] GC(5573) Old regions: 236->236
[2025-01-08T22:30:27.522+0000][180297.888s][info][gc,heap     ] GC(5573) Archive regions: 2->2
[2025-01-08T22:30:27.522+0000][180297.888s][info][gc,heap     ] GC(5573) Humongous regions: 61->61
[2025-01-08T22:30:27.522+0000][180297.888s][info][gc,metaspace] GC(5573) Metaspace: 524053K(533760K)->524053K(533760K) NonClass: 460182K(465024K)->460182K(465024K) Class: 63871K(68736K)->63871K(68736K)
[2025-01-08T22:30:27.522+0000][180297.888s][info][gc          ] GC(5573) Pause Young (Normal) (G1 Evacuation Pause) 9617M->2485M(12288M) 63.385ms
[2025-01-08T22:30:27.522+0000][180297.888s][info][gc,cpu      ] GC(5573) User=0.37s Sys=0.00s Real=0.07s
[2025-01-08T22:30:54.983+0000][180325.349s][info][gc,start    ] GC(5574) Pause Young (Concurrent Start) (G1 Humongous Allocation)
[2025-01-08T22:30:54.983+0000][180325.349s][info][gc,task     ] GC(5574) Using 6 workers of 6 for evacuation
[2025-01-08T22:30:55.045+0000][180325.411s][info][gc,phases   ] GC(5574)   Pre Evacuate Collection Set: 1.1ms
[2025-01-08T22:30:55.045+0000][180325.411s][info][gc,phases   ] GC(5574)   Merge Heap Roots: 0.5ms
[2025-01-08T22:30:55.045+0000][180325.411s][info][gc,phases   ] GC(5574)   Evacuate Collection Set: 57.4ms
[2025-01-08T22:30:55.045+0000][180325.411s][info][gc,phases   ] GC(5574)   Post Evacuate Collection Set: 2.7ms
[2025-01-08T22:30:55.045+0000][180325.411s][info][gc,phases   ] GC(5574)   Other: 0.3ms
[2025-01-08T22:30:55.045+0000][180325.411s][info][gc,heap     ] GC(5574) Eden regions: 318->0(891)
[2025-01-08T22:30:55.045+0000][180325.411s][info][gc,heap     ] GC(5574) Survivor regions: 14->17(114)
[2025-01-08T22:30:55.045+0000][180325.411s][info][gc,heap     ] GC(5574) Old regions: 236->236
[2025-01-08T22:30:55.045+0000][180325.411s][info][gc,heap     ] GC(5574) Archive regions: 2->2
[2025-01-08T22:30:55.045+0000][180325.411s][info][gc,heap     ] GC(5574) Humongous regions: 61->61
[2025-01-08T22:30:55.045+0000][180325.411s][info][gc,metaspace] GC(5574) Metaspace: 524057K(533760K)->524057K(533760K) NonClass: 460185K(465024K)->460185K(465024K) Class: 63871K(68736K)->63871K(68736K)
[2025-01-08T22:30:55.045+0000][180325.411s][info][gc          ] GC(5574) Pause Young (Concurrent Start) (G1 Humongous Allocation) 5023M->2509M(12288M) 62.045ms
[2025-01-08T22:30:55.045+0000][180325.411s][info][gc,cpu      ] GC(5574) User=0.36s Sys=0.00s Real=0.06s
[2025-01-08T22:30:55.045+0000][180325.411s][info][gc          ] GC(5575) Concurrent Mark Cycle
[2025-01-08T22:30:55.045+0000][180325.411s][info][gc,marking  ] GC(5575) Concurrent Clear Claimed Marks
[2025-01-08T22:30:55.046+0000][180325.412s][info][gc,marking  ] GC(5575) Concurrent Clear Claimed Marks 0.997ms
[2025-01-08T22:30:55.046+0000][180325.412s][info][gc,marking  ] GC(5575) Concurrent Scan Root Regions
[2025-01-08T22:30:55.093+0000][180325.459s][info][gc,marking  ] GC(5575) Concurrent Scan Root Regions 47.202ms
[2025-01-08T22:30:55.093+0000][180325.459s][info][gc,marking  ] GC(5575) Concurrent Mark
[2025-01-08T22:30:55.093+0000][180325.459s][info][gc,marking  ] GC(5575) Concurrent Mark From Roots
[2025-01-08T22:30:55.093+0000][180325.459s][info][gc,task     ] GC(5575) Using 2 workers of 2 for marking
[2025-01-08T22:30:55.776+0000][180326.142s][info][gc,marking  ] GC(5575) Concurrent Mark From Roots 682.664ms
[2025-01-08T22:30:55.776+0000][180326.142s][info][gc,marking  ] GC(5575) Concurrent Preclean
[2025-01-08T22:30:55.778+0000][180326.145s][info][gc,marking  ] GC(5575) Concurrent Preclean 2.478ms
[2025-01-08T22:30:55.779+0000][180326.145s][info][gc,start    ] GC(5575) Pause Remark
[2025-01-08T22:30:55.834+0000][180326.200s][info][gc          ] GC(5575) Pause Remark 2789M->2693M(12288M) 55.331ms
[2025-01-08T22:30:55.834+0000][180326.200s][info][gc,cpu      ] GC(5575) User=0.29s Sys=0.00s Real=0.06s
[2025-01-08T22:30:55.834+0000][180326.200s][info][gc,marking  ] GC(5575) Concurrent Mark 740.838ms
[2025-01-08T22:30:55.834+0000][180326.200s][info][gc,marking  ] GC(5575) Concurrent Rebuild Remembered Sets
[2025-01-08T22:30:56.313+0000][180326.679s][info][gc,marking  ] GC(5575) Concurrent Rebuild Remembered Sets 478.606ms
[2025-01-08T22:30:56.313+0000][180326.679s][info][gc,start    ] GC(5575) Pause Cleanup
[2025-01-08T22:30:56.313+0000][180326.679s][info][gc          ] GC(5575) Pause Cleanup 2861M->2861M(12288M) 0.470ms
[2025-01-08T22:30:56.313+0000][180326.679s][info][gc,cpu      ] GC(5575) User=0.00s Sys=0.00s Real=0.00s
[2025-01-08T22:30:56.313+0000][180326.680s][info][gc,marking  ] GC(5575) Concurrent Cleanup for Next Mark
[2025-01-08T22:30:56.329+0000][180326.695s][info][gc,marking  ] GC(5575) Concurrent Cleanup for Next Mark 15.425ms
[2025-01-08T22:30:56.329+0000][180326.695s][info][gc          ] GC(5575) Concurrent Mark Cycle 1283.956ms
[2025-01-08T22:31:15.133+0000][180345.499s][info][gc,start    ] GC(5576) Pause Young (Prepare Mixed) (G1 Evacuation Pause)
[2025-01-08T22:31:15.133+0000][180345.499s][info][gc,task     ] GC(5576) Using 6 workers of 6 for evacuation
[2025-01-08T22:31:15.202+0000][180345.568s][info][gc,phases   ] GC(5576)   Pre Evacuate Collection Set: 0.2ms
[2025-01-08T22:31:15.202+0000][180345.568s][info][gc,phases   ] GC(5576)   Merge Heap Roots: 0.9ms
[2025-01-08T22:31:15.202+0000][180345.568s][info][gc,phases   ] GC(5576)   Evacuate Collection Set: 64.6ms
[2025-01-08T22:31:15.202+0000][180345.568s][info][gc,phases   ] GC(5576)   Post Evacuate Collection Set: 3.0ms
[2025-01-08T22:31:15.202+0000][180345.568s][info][gc,phases   ] GC(5576)   Other: 0.2ms
[2025-01-08T22:31:15.202+0000][180345.568s][info][gc,heap     ] GC(5576) Eden regions: 891->0(56)
[2025-01-08T22:31:15.202+0000][180345.568s][info][gc,heap     ] GC(5576) Survivor regions: 17->20(114)
[2025-01-08T22:31:15.202+0000][180345.568s][info][gc,heap     ] GC(5576) Old regions: 235->235
[2025-01-08T22:31:15.202+0000][180345.568s][info][gc,heap     ] GC(5576) Archive regions: 2->2
[2025-01-08T22:31:15.202+0000][180345.568s][info][gc,heap     ] GC(5576) Humongous regions: 65->65
[2025-01-08T22:31:15.202+0000][180345.568s][info][gc,metaspace] GC(5576) Metaspace: 523976K(533760K)->523976K(533760K) NonClass: 460122K(465024K)->460122K(465024K) Class: 63854K(68736K)->63854K(68736K)
[2025-01-08T22:31:15.202+0000][180345.568s][info][gc          ] GC(5576) Pause Young (Prepare Mixed) (G1 Evacuation Pause) 9669M->2562M(12288M) 68.939ms
[2025-01-08T22:31:15.202+0000][180345.568s][info][gc,cpu      ] GC(5576) User=0.41s Sys=0.00s Real=0.07s
[2025-01-08T22:31:16.384+0000][180346.750s][info][gc,start    ] GC(5577) Pause Young (Mixed) (G1 Evacuation Pause)
[2025-01-08T22:31:16.384+0000][180346.750s][info][gc,task     ] GC(5577) Using 6 workers of 6 for evacuation
[2025-01-08T22:31:16.480+0000][180346.846s][info][gc,phases   ] GC(5577)   Pre Evacuate Collection Set: 0.2ms
[2025-01-08T22:31:16.480+0000][180346.846s][info][gc,phases   ] GC(5577)   Merge Heap Roots: 0.8ms
[2025-01-08T22:31:16.480+0000][180346.846s][info][gc,phases   ] GC(5577)   Evacuate Collection Set: 93.2ms
[2025-01-08T22:31:16.480+0000][180346.846s][info][gc,phases   ] GC(5577)   Post Evacuate Collection Set: 1.9ms
[2025-01-08T22:31:16.480+0000][180346.846s][info][gc,phases   ] GC(5577)   Other: 0.2ms
[2025-01-08T22:31:16.480+0000][180346.846s][info][gc,heap     ] GC(5577) Eden regions: 56->0(886)
[2025-01-08T22:31:16.480+0000][180346.846s][info][gc,heap     ] GC(5577) Survivor regions: 20->6(10)
[2025-01-08T22:31:16.480+0000][180346.846s][info][gc,heap     ] GC(5577) Old regions: 235->241
[2025-01-08T22:31:16.480+0000][180346.846s][info][gc,heap     ] GC(5577) Archive regions: 2->2
[2025-01-08T22:31:16.480+0000][180346.846s][info][gc,heap     ] GC(5577) Humongous regions: 73->73
[2025-01-08T22:31:16.480+0000][180346.846s][info][gc,metaspace] GC(5577) Metaspace: 523976K(533760K)->523976K(533760K) NonClass: 460122K(465024K)->460122K(465024K) Class: 63854K(68736K)->63854K(68736K)
[2025-01-08T22:31:16.480+0000][180346.846s][info][gc          ] GC(5577) Pause Young (Mixed) (G1 Evacuation Pause) 3074M->2559M(12288M) 96.448ms
[2025-01-08T22:31:16.480+0000][180346.846s][info][gc,cpu      ] GC(5577) User=0.57s Sys=0.00s Real=0.09s
[2025-01-08T22:31:42.939+0000][180373.305s][info][gc,start    ] GC(5578) Pause Young (Normal) (G1 Evacuation Pause)
[2025-01-08T22:31:42.939+0000][180373.305s][info][gc,task     ] GC(5578) Using 6 workers of 6 for evacuation
[2025-01-08T22:31:42.968+0000][180373.334s][info][gc,phases   ] GC(5578)   Pre Evacuate Collection Set: 0.2ms
[2025-01-08T22:31:42.968+0000][180373.334s][info][gc,phases   ] GC(5578)   Merge Heap Roots: 0.4ms
[2025-01-08T22:31:42.968+0000][180373.334s][info][gc,phases   ] GC(5578)   Evacuate Collection Set: 25.8ms
[2025-01-08T22:31:42.968+0000][180373.334s][info][gc,phases   ] GC(5578)   Post Evacuate Collection Set: 2.7ms
[2025-01-08T22:31:42.968+0000][180373.334s][info][gc,phases   ] GC(5578)   Other: 0.2ms
[2025-01-08T22:31:42.968+0000][180373.334s][info][gc,heap     ] GC(5578) Eden regions: 886->0(886)
[2025-01-08T22:31:42.968+0000][180373.334s][info][gc,heap     ] GC(5578) Survivor regions: 6->7(112)
[2025-01-08T22:31:42.968+0000][180373.334s][info][gc,heap     ] GC(5578) Old regions: 241->241
[2025-01-08T22:31:42.968+0000][180373.334s][info][gc,heap     ] GC(5578) Archive regions: 2->2
[2025-01-08T22:31:42.968+0000][180373.334s][info][gc,heap     ] GC(5578) Humongous regions: 73->73
[2025-01-08T22:31:42.968+0000][180373.334s][info][gc,metaspace] GC(5578) Metaspace: 523988K(533824K)->523988K(533824K) NonClass: 460134K(465088K)->460134K(465088K) Class: 63854K(68736K)->63854K(68736K)
[2025-01-08T22:31:42.968+0000][180373.334s][info][gc          ] GC(5578) Pause Young (Normal) (G1 Evacuation Pause) 9647M->2570M(12288M) 29.422ms
[2025-01-08T22:31:42.968+0000][180373.334s][info][gc,cpu      ] GC(5578) User=0.17s Sys=0.00s Real=0.03s
[2025-01-08T22:31:58.022+0000][180388.388s][info][gc,start    ] GC(5579) Pause Young (Concurrent Start) (G1 Humongous Allocation)
[2025-01-08T22:31:58.022+0000][180388.388s][info][gc,task     ] GC(5579) Using 6 workers of 6 for evacuation
[2025-01-08T22:31:58.054+0000][180388.420s][info][gc,phases   ] GC(5579)   Pre Evacuate Collection Set: 1.1ms
[2025-01-08T22:31:58.054+0000][180388.420s][info][gc,phases   ] GC(5579)   Merge Heap Roots: 0.4ms
[2025-01-08T22:31:58.054+0000][180388.420s][info][gc,phases   ] GC(5579)   Evacuate Collection Set: 27.9ms
[2025-01-08T22:31:58.054+0000][180388.420s][info][gc,phases   ] GC(5579)   Post Evacuate Collection Set: 2.2ms
[2025-01-08T22:31:58.054+0000][180388.420s][info][gc,phases   ] GC(5579)   Other: 0.3ms
[2025-01-08T22:31:58.054+0000][180388.420s][info][gc,heap     ] GC(5579) Eden regions: 463->0(884)
[2025-01-08T22:31:58.054+0000][180388.420s][info][gc,heap     ] GC(5579) Survivor regions: 7->9(112)
[2025-01-08T22:31:58.054+0000][180388.420s][info][gc,heap     ] GC(5579) Old regions: 241->241
[2025-01-08T22:31:58.054+0000][180388.420s][info][gc,heap     ] GC(5579) Archive regions: 2->2
[2025-01-08T22:31:58.054+0000][180388.420s][info][gc,heap     ] GC(5579) Humongous regions: 73->73
[2025-01-08T22:31:58.054+0000][180388.420s][info][gc,metaspace] GC(5579) Metaspace: 523993K(533824K)->523993K(533824K) NonClass: 460138K(465088K)->460138K(465088K) Class: 63854K(68736K)->63854K(68736K)
[2025-01-08T22:31:58.054+0000][180388.420s][info][gc          ] GC(5579) Pause Young (Concurrent Start) (G1 Humongous Allocation) 6269M->2583M(12288M) 31.954ms
[2025-01-08T22:31:58.054+0000][180388.420s][info][gc,cpu      ] GC(5579) User=0.18s Sys=0.00s Real=0.03s
[2025-01-08T22:31:58.054+0000][180388.420s][info][gc          ] GC(5580) Concurrent Mark Cycle
[2025-01-08T22:31:58.054+0000][180388.420s][info][gc,marking  ] GC(5580) Concurrent Clear Claimed Marks
[2025-01-08T22:31:58.055+0000][180388.421s][info][gc,marking  ] GC(5580) Concurrent Clear Claimed Marks 1.094ms
[2025-01-08T22:31:58.055+0000][180388.421s][info][gc,marking  ] GC(5580) Concurrent Scan Root Regions
[2025-01-08T22:31:58.076+0000][180388.442s][info][gc,marking  ] GC(5580) Concurrent Scan Root Regions 21.003ms
[2025-01-08T22:31:58.076+0000][180388.442s][info][gc,marking  ] GC(5580) Concurrent Mark
[2025-01-08T22:31:58.076+0000][180388.442s][info][gc,marking  ] GC(5580) Concurrent Mark From Roots
[2025-01-08T22:31:58.076+0000][180388.442s][info][gc,task     ] GC(5580) Using 2 workers of 2 for marking
[2025-01-08T22:31:58.807+0000][180389.173s][info][gc,marking  ] GC(5580) Concurrent Mark From Roots 731.094ms
[2025-01-08T22:31:58.807+0000][180389.173s][info][gc,marking  ] GC(5580) Concurrent Preclean
[2025-01-08T22:31:58.810+0000][180389.176s][info][gc,marking  ] GC(5580) Concurrent Preclean 2.435ms
[2025-01-08T22:31:58.810+0000][180389.176s][info][gc,start    ] GC(5580) Pause Remark
[2025-01-08T22:31:58.836+0000][180389.202s][info][gc          ] GC(5580) Pause Remark 2842M->2650M(12288M) 25.915ms
[2025-01-08T22:31:58.836+0000][180389.202s][info][gc,cpu      ] GC(5580) User=0.15s Sys=0.00s Real=0.02s
[2025-01-08T22:31:58.836+0000][180389.202s][info][gc,marking  ] GC(5580) Concurrent Mark 759.755ms
[2025-01-08T22:31:58.836+0000][180389.202s][info][gc,marking  ] GC(5580) Concurrent Rebuild Remembered Sets
[2025-01-08T22:31:59.315+0000][180389.681s][info][gc,marking  ] GC(5580) Concurrent Rebuild Remembered Sets 479.593ms
[2025-01-08T22:31:59.315+0000][180389.682s][info][gc,start    ] GC(5580) Pause Cleanup
[2025-01-08T22:31:59.316+0000][180389.682s][info][gc          ] GC(5580) Pause Cleanup 2659M->2659M(12288M) 0.472ms
[2025-01-08T22:31:59.316+0000][180389.682s][info][gc,cpu      ] GC(5580) User=0.00s Sys=0.00s Real=0.00s
[2025-01-08T22:31:59.316+0000][180389.682s][info][gc,marking  ] GC(5580) Concurrent Cleanup for Next Mark
[2025-01-08T22:31:59.331+0000][180389.698s][info][gc,marking  ] GC(5580) Concurrent Cleanup for Next Mark 15.374ms
[2025-01-08T22:31:59.331+0000][180389.698s][info][gc          ] GC(5580) Concurrent Mark Cycle 1277.696ms
[2025-01-08T22:32:11.537+0000][180401.903s][info][gc,start    ] GC(5581) Pause Young (Prepare Mixed) (G1 Evacuation Pause)
[2025-01-08T22:32:11.537+0000][180401.903s][info][gc,task     ] GC(5581) Using 6 workers of 6 for evacuation
[2025-01-08T22:32:11.575+0000][180401.942s][info][gc,phases   ] GC(5581)   Pre Evacuate Collection Set: 0.2ms
[2025-01-08T22:32:11.575+0000][180401.942s][info][gc,phases   ] GC(5581)   Merge Heap Roots: 0.6ms
[2025-01-08T22:32:11.575+0000][180401.942s][info][gc,phases   ] GC(5581)   Evacuate Collection Set: 34.6ms
[2025-01-08T22:32:11.575+0000][180401.942s][info][gc,phases   ] GC(5581)   Post Evacuate Collection Set: 2.9ms
[2025-01-08T22:32:11.575+0000][180401.942s][info][gc,phases   ] GC(5581)   Other: 0.2ms
[2025-01-08T22:32:11.575+0000][180401.942s][info][gc,heap     ] GC(5581) Eden regions: 884->0(66)
[2025-01-08T22:32:11.575+0000][180401.942s][info][gc,heap     ] GC(5581) Survivor regions: 9->10(112)
[2025-01-08T22:32:11.575+0000][180401.942s][info][gc,heap     ] GC(5581) Old regions: 241->241
[2025-01-08T22:32:11.575+0000][180401.942s][info][gc,heap     ] GC(5581) Archive regions: 2->2
[2025-01-08T22:32:11.575+0000][180401.942s][info][gc,heap     ] GC(5581) Humongous regions: 53->53
[2025-01-08T22:32:11.575+0000][180401.942s][info][gc,metaspace] GC(5581) Metaspace: 523996K(533824K)->523996K(533824K) NonClass: 460141K(465088K)->460141K(465088K) Class: 63855K(68736K)->63855K(68736K)
[2025-01-08T22:32:11.576+0000][180401.942s][info][gc          ] GC(5581) Pause Young (Prepare Mixed) (G1 Evacuation Pause) 9495M->2435M(12288M) 38.575ms
[2025-01-08T22:32:11.576+0000][180401.942s][info][gc,cpu      ] GC(5581) User=0.22s Sys=0.01s Real=0.04s
[2025-01-08T22:32:14.595+0000][180404.961s][info][gc,start    ] GC(5582) Pause Young (Mixed) (G1 Evacuation Pause)
[2025-01-08T22:32:14.595+0000][180404.961s][info][gc,task     ] GC(5582) Using 6 workers of 6 for evacuation
[2025-01-08T22:32:14.666+0000][180405.032s][info][gc,phases   ] GC(5582)   Pre Evacuate Collection Set: 0.2ms
[2025-01-08T22:32:14.666+0000][180405.032s][info][gc,phases   ] GC(5582)   Merge Heap Roots: 0.7ms
[2025-01-08T22:32:14.666+0000][180405.032s][info][gc,phases   ] GC(5582)   Evacuate Collection Set: 67.8ms
[2025-01-08T22:32:14.666+0000][180405.032s][info][gc,phases   ] GC(5582)   Post Evacuate Collection Set: 2.3ms
[2025-01-08T22:32:14.666+0000][180405.032s][info][gc,phases   ] GC(5582)   Other: 0.2ms
[2025-01-08T22:32:14.666+0000][180405.032s][info][gc,heap     ] GC(5582) Eden regions: 66->0(911)
[2025-01-08T22:32:14.666+0000][180405.032s][info][gc,heap     ] GC(5582) Survivor regions: 10->6(10)
[2025-01-08T22:32:14.666+0000][180405.032s][info][gc,heap     ] GC(5582) Old regions: 241->237
[2025-01-08T22:32:14.666+0000][180405.032s][info][gc,heap     ] GC(5582) Archive regions: 2->2
[2025-01-08T22:32:14.666+0000][180405.032s][info][gc,heap     ] GC(5582) Humongous regions: 53->53
[2025-01-08T22:32:14.666+0000][180405.032s][info][gc,metaspace] GC(5582) Metaspace: 523996K(533824K)->523996K(533824K) NonClass: 460141K(465088K)->460141K(465088K) Class: 63855K(68736K)->63855K(68736K)
[2025-01-08T22:32:14.666+0000][180405.032s][info][gc          ] GC(5582) Pause Young (Mixed) (G1 Evacuation Pause) 2963M->2372M(12288M) 71.264ms
[2025-01-08T22:32:14.666+0000][180405.032s][info][gc,cpu      ] GC(5582) User=0.41s Sys=0.00s Real=0.07s
[2025-01-08T22:32:22.835+0000][180413.202s][info][gc,start    ] GC(5583) Pause Young (Normal) (G1 Evacuation Pause)
[2025-01-08T22:32:22.836+0000][180413.202s][info][gc,task     ] GC(5583) Using 6 workers of 6 for evacuation
[2025-01-08T22:32:22.861+0000][180413.228s][info][gc,phases   ] GC(5583)   Pre Evacuate Collection Set: 0.2ms
[2025-01-08T22:32:22.861+0000][180413.228s][info][gc,phases   ] GC(5583)   Merge Heap Roots: 0.3ms
[2025-01-08T22:32:22.861+0000][180413.228s][info][gc,phases   ] GC(5583)   Evacuate Collection Set: 22.7ms
[2025-01-08T22:32:22.862+0000][180413.228s][info][gc,phases   ] GC(5583)   Post Evacuate Collection Set: 2.5ms
[2025-01-08T22:32:22.862+0000][180413.228s][info][gc,phases   ] GC(5583)   Other: 0.2ms
[2025-01-08T22:32:22.862+0000][180413.228s][info][gc,heap     ] GC(5583) Eden regions: 911->0(913)
[2025-01-08T22:32:22.862+0000][180413.228s][info][gc,heap     ] GC(5583) Survivor regions: 6->6(115)
[2025-01-08T22:32:22.862+0000][180413.228s][info][gc,heap     ] GC(5583) Old regions: 237->237
[2025-01-08T22:32:22.862+0000][180413.228s][info][gc,heap     ] GC(5583) Archive regions: 2->2
[2025-01-08T22:32:22.862+0000][180413.228s][info][gc,heap     ] GC(5583) Humongous regions: 53->53
[2025-01-08T22:32:22.862+0000][180413.228s][info][gc,metaspace] GC(5583) Metaspace: 523996K(533824K)->523996K(533824K) NonClass: 460141K(465088K)->460141K(465088K) Class: 63855K(68736K)->63855K(68736K)
[2025-01-08T22:32:22.862+0000][180413.228s][info][gc          ] GC(5583) Pause Young (Normal) (G1 Evacuation Pause) 9660M->2368M(12288M) 26.084ms
[2025-01-08T22:32:22.862+0000][180413.228s][info][gc,cpu      ] GC(5583) User=0.15s Sys=0.00s Real=0.03s
[2025-01-08T22:32:35.057+0000][180425.423s][info][gc,start    ] GC(5584) Pause Young (Normal) (G1 Evacuation Pause)
[2025-01-08T22:32:35.057+0000][180425.423s][info][gc,task     ] GC(5584) Using 6 workers of 6 for evacuation
[2025-01-08T22:32:35.081+0000][180425.447s][info][gc,phases   ] GC(5584)   Pre Evacuate Collection Set: 0.2ms
[2025-01-08T22:32:35.081+0000][180425.447s][info][gc,phases   ] GC(5584)   Merge Heap Roots: 0.3ms
[2025-01-08T22:32:35.081+0000][180425.447s][info][gc,phases   ] GC(5584)   Evacuate Collection Set: 20.3ms
[2025-01-08T22:32:35.081+0000][180425.447s][info][gc,phases   ] GC(5584)   Post Evacuate Collection Set: 2.6ms
[2025-01-08T22:32:35.081+0000][180425.447s][info][gc,phases   ] GC(5584)   Other: 0.2ms
[2025-01-08T22:32:35.081+0000][180425.447s][info][gc,heap     ] GC(5584) Eden regions: 913->0(913)
[2025-01-08T22:32:35.081+0000][180425.447s][info][gc,heap     ] GC(5584) Survivor regions: 6->7(115)
[2025-01-08T22:32:35.081+0000][180425.447s][info][gc,heap     ] GC(5584) Old regions: 237->237
[2025-01-08T22:32:35.081+0000][180425.447s][info][gc,heap     ] GC(5584) Archive regions: 2->2
[2025-01-08T22:32:35.081+0000][180425.447s][info][gc,heap     ] GC(5584) Humongous regions: 53->53
[2025-01-08T22:32:35.081+0000][180425.447s][info][gc,metaspace] GC(5584) Metaspace: 523996K(533824K)->523996K(533824K) NonClass: 460141K(465088K)->460141K(465088K) Class: 63855K(68736K)->63855K(68736K)
[2025-01-08T22:32:35.081+0000][180425.447s][info][gc          ] GC(5584) Pause Young (Normal) (G1 Evacuation Pause) 9672M->2377M(12288M) 23.812ms
[2025-01-08T22:32:35.081+0000][180425.447s][info][gc,cpu      ] GC(5584) User=0.13s Sys=0.00s Real=0.02s
[2025-01-08T22:32:55.827+0000][180446.193s][info][gc,start    ] GC(5585) Pause Young (Concurrent Start) (G1 Evacuation Pause)
[2025-01-08T22:32:55.827+0000][180446.193s][info][gc,task     ] GC(5585) Using 6 workers of 6 for evacuation
[2025-01-08T22:32:55.862+0000][180446.228s][info][gc,phases   ] GC(5585)   Pre Evacuate Collection Set: 1.2ms
[2025-01-08T22:32:55.862+0000][180446.228s][info][gc,phases   ] GC(5585)   Merge Heap Roots: 0.4ms
[2025-01-08T22:32:55.862+0000][180446.228s][info][gc,phases   ] GC(5585)   Evacuate Collection Set: 28.7ms
[2025-01-08T22:32:55.862+0000][180446.228s][info][gc,phases   ] GC(5585)   Post Evacuate Collection Set: 4.0ms
[2025-01-08T22:32:55.862+0000][180446.228s][info][gc,phases   ] GC(5585)   Other: 0.3ms
[2025-01-08T22:32:55.862+0000][180446.228s][info][gc,heap     ] GC(5585) Eden regions: 913->0(909)
[2025-01-08T22:32:55.862+0000][180446.228s][info][gc,heap     ] GC(5585) Survivor regions: 7->10(115)
[2025-01-08T22:32:55.862+0000][180446.228s][info][gc,heap     ] GC(5585) Old regions: 237->237
[2025-01-08T22:32:55.862+0000][180446.228s][info][gc,heap     ] GC(5585) Archive regions: 2->2
[2025-01-08T22:32:55.862+0000][180446.228s][info][gc,heap     ] GC(5585) Humongous regions: 53->53
[2025-01-08T22:32:55.862+0000][180446.228s][info][gc,metaspace] GC(5585) Metaspace: 523996K(533824K)->523996K(533824K) NonClass: 460141K(465088K)->460141K(465088K) Class: 63855K(68736K)->63855K(68736K)
[2025-01-08T22:32:55.862+0000][180446.228s][info][gc          ] GC(5585) Pause Young (Concurrent Start) (G1 Evacuation Pause) 9681M->2400M(12288M) 34.718ms
[2025-01-08T22:32:55.862+0000][180446.228s][info][gc,cpu      ] GC(5585) User=0.20s Sys=0.00s Real=0.04s
[2025-01-08T22:32:55.862+0000][180446.228s][info][gc          ] GC(5586) Concurrent Mark Cycle
[2025-01-08T22:32:55.862+0000][180446.228s][info][gc,marking  ] GC(5586) Concurrent Clear Claimed Marks
[2025-01-08T22:32:55.863+0000][180446.229s][info][gc,marking  ] GC(5586) Concurrent Clear Claimed Marks 0.943ms
[2025-01-08T22:32:55.863+0000][180446.229s][info][gc,marking  ] GC(5586) Concurrent Scan Root Regions
[2025-01-08T22:32:55.880+0000][180446.246s][info][gc,marking  ] GC(5586) Concurrent Scan Root Regions 17.549ms
[2025-01-08T22:32:55.880+0000][180446.246s][info][gc,marking  ] GC(5586) Concurrent Mark
[2025-01-08T22:32:55.880+0000][180446.246s][info][gc,marking  ] GC(5586) Concurrent Mark From Roots
[2025-01-08T22:32:55.880+0000][180446.246s][info][gc,task     ] GC(5586) Using 2 workers of 2 for marking
[2025-01-08T22:32:56.648+0000][180447.014s][info][gc,marking  ] GC(5586) Concurrent Mark From Roots 767.216ms
[2025-01-08T22:32:56.648+0000][180447.014s][info][gc,marking  ] GC(5586) Concurrent Preclean
[2025-01-08T22:32:56.650+0000][180447.016s][info][gc,marking  ] GC(5586) Concurrent Preclean 2.630ms
[2025-01-08T22:32:56.650+0000][180447.016s][info][gc,start    ] GC(5586) Pause Remark
[2025-01-08T22:32:56.676+0000][180447.042s][info][gc          ] GC(5586) Pause Remark 3004M->2972M(12288M) 25.991ms
[2025-01-08T22:32:56.676+0000][180447.042s][info][gc,cpu      ] GC(5586) User=0.15s Sys=0.00s Real=0.02s
[2025-01-08T22:32:56.676+0000][180447.043s][info][gc,marking  ] GC(5586) Concurrent Mark 796.189ms
[2025-01-08T22:32:56.676+0000][180447.043s][info][gc,marking  ] GC(5586) Concurrent Rebuild Remembered Sets
[2025-01-08T22:32:57.179+0000][180447.545s][info][gc,marking  ] GC(5586) Concurrent Rebuild Remembered Sets 502.802ms
[2025-01-08T22:32:57.179+0000][180447.546s][info][gc,start    ] GC(5586) Pause Cleanup
[2025-01-08T22:32:57.180+0000][180447.546s][info][gc          ] GC(5586) Pause Cleanup 3328M->3328M(12288M) 0.409ms
[2025-01-08T22:32:57.180+0000][180447.546s][info][gc,cpu      ] GC(5586) User=0.00s Sys=0.00s Real=0.00s
[2025-01-08T22:32:57.180+0000][180447.546s][info][gc,marking  ] GC(5586) Concurrent Cleanup for Next Mark
[2025-01-08T22:32:57.195+0000][180447.562s][info][gc,marking  ] GC(5586) Concurrent Cleanup for Next Mark 15.486ms
[2025-01-08T22:32:57.195+0000][180447.562s][info][gc          ] GC(5586) Concurrent Mark Cycle 1333.741ms
[2025-01-08T22:33:08.481+0000][180458.847s][info][gc,start    ] GC(5587) Pause Young (Prepare Mixed) (G1 Evacuation Pause)
[2025-01-08T22:33:08.481+0000][180458.847s][info][gc,task     ] GC(5587) Using 6 workers of 6 for evacuation
[2025-01-08T22:33:08.517+0000][180458.883s][info][gc,phases   ] GC(5587)   Pre Evacuate Collection Set: 0.2ms
[2025-01-08T22:33:08.517+0000][180458.883s][info][gc,phases   ] GC(5587)   Merge Heap Roots: 0.6ms
[2025-01-08T22:33:08.517+0000][180458.883s][info][gc,phases   ] GC(5587)   Evacuate Collection Set: 32.5ms
[2025-01-08T22:33:08.517+0000][180458.883s][info][gc,phases   ] GC(5587)   Post Evacuate Collection Set: 2.9ms
[2025-01-08T22:33:08.517+0000][180458.883s][info][gc,phases   ] GC(5587)   Other: 0.2ms
[2025-01-08T22:33:08.517+0000][180458.883s][info][gc,heap     ] GC(5587) Eden regions: 909->0(65)
[2025-01-08T22:33:08.517+0000][180458.883s][info][gc,heap     ] GC(5587) Survivor regions: 10->11(115)
[2025-01-08T22:33:08.517+0000][180458.883s][info][gc,heap     ] GC(5587) Old regions: 237->237
[2025-01-08T22:33:08.517+0000][180458.883s][info][gc,heap     ] GC(5587) Archive regions: 2->2
[2025-01-08T22:33:08.517+0000][180458.883s][info][gc,heap     ] GC(5587) Humongous regions: 49->49
[2025-01-08T22:33:08.517+0000][180458.883s][info][gc,metaspace] GC(5587) Metaspace: 523997K(533824K)->523997K(533824K) NonClass: 460142K(465088K)->460142K(465088K) Class: 63855K(68736K)->63855K(68736K)
[2025-01-08T22:33:08.517+0000][180458.883s][info][gc          ] GC(5587) Pause Young (Prepare Mixed) (G1 Evacuation Pause) 9640M->2379M(12288M) 36.494ms
[2025-01-08T22:33:08.517+0000][180458.883s][info][gc,cpu      ] GC(5587) User=0.21s Sys=0.00s Real=0.04s
[2025-01-08T22:33:10.376+0000][180460.743s][info][gc,start    ] GC(5588) Pause Young (Mixed) (G1 Evacuation Pause)
[2025-01-08T22:33:10.377+0000][180460.743s][info][gc,task     ] GC(5588) Using 6 workers of 6 for evacuation
[2025-01-08T22:33:10.440+0000][180460.806s][info][gc,phases   ] GC(5588)   Pre Evacuate Collection Set: 0.2ms
[2025-01-08T22:33:10.440+0000][180460.807s][info][gc,phases   ] GC(5588)   Merge Heap Roots: 0.5ms
[2025-01-08T22:33:10.440+0000][180460.807s][info][gc,phases   ] GC(5588)   Evacuate Collection Set: 61.1ms
[2025-01-08T22:33:10.440+0000][180460.807s][info][gc,phases   ] GC(5588)   Post Evacuate Collection Set: 1.9ms
[2025-01-08T22:33:10.440+0000][180460.807s][info][gc,phases   ] GC(5588)   Other: 0.2ms
[2025-01-08T22:33:10.440+0000][180460.807s][info][gc,heap     ] GC(5588) Eden regions: 65->0(916)
[2025-01-08T22:33:10.440+0000][180460.807s][info][gc,heap     ] GC(5588) Survivor regions: 11->4(10)
[2025-01-08T22:33:10.440+0000][180460.807s][info][gc,heap     ] GC(5588) Old regions: 237->239
[2025-01-08T22:33:10.440+0000][180460.807s][info][gc,heap     ] GC(5588) Archive regions: 2->2
[2025-01-08T22:33:10.440+0000][180460.807s][info][gc,heap     ] GC(5588) Humongous regions: 49->49
[2025-01-08T22:33:10.440+0000][180460.807s][info][gc,metaspace] GC(5588) Metaspace: 523997K(533824K)->523997K(533824K) NonClass: 460142K(465088K)->460142K(465088K) Class: 63855K(68736K)->63855K(68736K)
[2025-01-08T22:33:10.441+0000][180460.807s][info][gc          ] GC(5588) Pause Young (Mixed) (G1 Evacuation Pause) 2899M->2332M(12288M) 64.021ms
[2025-01-08T22:33:10.441+0000][180460.807s][info][gc,cpu      ] GC(5588) User=0.37s Sys=0.00s Real=0.06s
[2025-01-08T22:33:22.395+0000][180472.761s][info][gc,start    ] GC(5589) Pause Young (Normal) (G1 Evacuation Pause)
[2025-01-08T22:33:22.395+0000][180472.761s][info][gc,task     ] GC(5589) Using 6 workers of 6 for evacuation
[2025-01-08T22:33:22.416+0000][180472.782s][info][gc,phases   ] GC(5589)   Pre Evacuate Collection Set: 0.2ms
[2025-01-08T22:33:22.416+0000][180472.782s][info][gc,phases   ] GC(5589)   Merge Heap Roots: 0.3ms
[2025-01-08T22:33:22.416+0000][180472.782s][info][gc,phases   ] GC(5589)   Evacuate Collection Set: 17.1ms
[2025-01-08T22:33:22.416+0000][180472.782s][info][gc,phases   ] GC(5589)   Post Evacuate Collection Set: 2.7ms
[2025-01-08T22:33:22.416+0000][180472.782s][info][gc,phases   ] GC(5589)   Other: 0.2ms
[2025-01-08T22:33:22.416+0000][180472.782s][info][gc,heap     ] GC(5589) Eden regions: 916->0(916)
[2025-01-08T22:33:22.416+0000][180472.782s][info][gc,heap     ] GC(5589) Survivor regions: 4->5(115)
[2025-01-08T22:33:22.416+0000][180472.782s][info][gc,heap     ] GC(5589) Old regions: 239->239
[2025-01-08T22:33:22.416+0000][180472.782s][info][gc,heap     ] GC(5589) Archive regions: 2->2
[2025-01-08T22:33:22.416+0000][180472.782s][info][gc,heap     ] GC(5589) Humongous regions: 49->49
[2025-01-08T22:33:22.416+0000][180472.782s][info][gc,metaspace] GC(5589) Metaspace: 523997K(533824K)->523997K(533824K) NonClass: 460142K(465088K)->460142K(465088K) Class: 63855K(68736K)->63855K(68736K)
[2025-01-08T22:33:22.416+0000][180472.782s][info][gc          ] GC(5589) Pause Young (Normal) (G1 Evacuation Pause) 9660M->2343M(12288M) 20.692ms
[2025-01-08T22:33:22.416+0000][180472.782s][info][gc,cpu      ] GC(5589) User=0.11s Sys=0.01s Real=0.02s
[2025-01-08T22:33:33.467+0000][180483.833s][info][gc,start    ] GC(5590) Pause Young (Normal) (G1 Evacuation Pause)
[2025-01-08T22:33:33.467+0000][180483.833s][info][gc,task     ] GC(5590) Using 6 workers of 6 for evacuation
[2025-01-08T22:33:33.491+0000][180483.857s][info][gc,phases   ] GC(5590)   Pre Evacuate Collection Set: 0.2ms
[2025-01-08T22:33:33.491+0000][180483.857s][info][gc,phases   ] GC(5590)   Merge Heap Roots: 0.4ms
[2025-01-08T22:33:33.491+0000][180483.857s][info][gc,phases   ] GC(5590)   Evacuate Collection Set: 20.8ms
[2025-01-08T22:33:33.491+0000][180483.857s][info][gc,phases   ] GC(5590)   Post Evacuate Collection Set: 2.6ms
[2025-01-08T22:33:33.491+0000][180483.857s][info][gc,phases   ] GC(5590)   Other: 0.2ms
[2025-01-08T22:33:33.491+0000][180483.857s][info][gc,heap     ] GC(5590) Eden regions: 916->0(914)
[2025-01-08T22:33:33.491+0000][180483.857s][info][gc,heap     ] GC(5590) Survivor regions: 5->7(116)
[2025-01-08T22:33:33.491+0000][180483.857s][info][gc,heap     ] GC(5590) Old regions: 239->239
[2025-01-08T22:33:33.491+0000][180483.857s][info][gc,heap     ] GC(5590) Archive regions: 2->2
[2025-01-08T22:33:33.491+0000][180483.857s][info][gc,heap     ] GC(5590) Humongous regions: 49->49
[2025-01-08T22:33:33.491+0000][180483.857s][info][gc,metaspace] GC(5590) Metaspace: 523997K(533824K)->523997K(533824K) NonClass: 460142K(465088K)->460142K(465088K) Class: 63855K(68736K)->63855K(68736K)
[2025-01-08T22:33:33.491+0000][180483.857s][info][gc          ] GC(5590) Pause Young (Normal) (G1 Evacuation Pause) 9671M->2352M(12288M) 24.274ms
[2025-01-08T22:33:33.491+0000][180483.857s][info][gc,cpu      ] GC(5590) User=0.14s Sys=0.00s Real=0.03s
[2025-01-08T22:33:44.818+0000][180495.184s][info][gc,start    ] GC(5591) Pause Young (Concurrent Start) (G1 Evacuation Pause)
[2025-01-08T22:33:44.818+0000][180495.184s][info][gc,task     ] GC(5591) Using 6 workers of 6 for evacuation
[2025-01-08T22:33:44.848+0000][180495.214s][info][gc,phases   ] GC(5591)   Pre Evacuate Collection Set: 1.2ms
[2025-01-08T22:33:44.848+0000][180495.214s][info][gc,phases   ] GC(5591)   Merge Heap Roots: 0.4ms
[2025-01-08T22:33:44.848+0000][180495.214s][info][gc,phases   ] GC(5591)   Evacuate Collection Set: 26.0ms
[2025-01-08T22:33:44.848+0000][180495.214s][info][gc,phases   ] GC(5591)   Post Evacuate Collection Set: 2.8ms
[2025-01-08T22:33:44.848+0000][180495.214s][info][gc,phases   ] GC(5591)   Other: 0.3ms
[2025-01-08T22:33:44.848+0000][180495.214s][info][gc,heap     ] GC(5591) Eden regions: 914->0(913)
[2025-01-08T22:33:44.848+0000][180495.214s][info][gc,heap     ] GC(5591) Survivor regions: 7->8(116)
[2025-01-08T22:33:44.848+0000][180495.214s][info][gc,heap     ] GC(5591) Old regions: 239->239
[2025-01-08T22:33:44.848+0000][180495.214s][info][gc,heap     ] GC(5591) Archive regions: 2->2
[2025-01-08T22:33:44.848+0000][180495.214s][info][gc,heap     ] GC(5591) Humongous regions: 49->49
[2025-01-08T22:33:44.848+0000][180495.214s][info][gc,metaspace] GC(5591) Metaspace: 524001K(533824K)->524001K(533824K) NonClass: 460145K(465088K)->460145K(465088K) Class: 63855K(68736K)->63855K(68736K)
[2025-01-08T22:33:44.848+0000][180495.214s][info][gc          ] GC(5591) Pause Young (Concurrent Start) (G1 Evacuation Pause) 9664M->2365M(12288M) 30.679ms
[2025-01-08T22:33:44.848+0000][180495.214s][info][gc,cpu      ] GC(5591) User=0.20s Sys=0.00s Real=0.03s
[2025-01-08T22:33:44.848+0000][180495.214s][info][gc          ] GC(5592) Concurrent Mark Cycle
[2025-01-08T22:33:44.848+0000][180495.214s][info][gc,marking  ] GC(5592) Concurrent Clear Claimed Marks
[2025-01-08T22:33:44.849+0000][180495.215s][info][gc,marking  ] GC(5592) Concurrent Clear Claimed Marks 0.976ms
[2025-01-08T22:33:44.849+0000][180495.215s][info][gc,marking  ] GC(5592) Concurrent Scan Root Regions
[2025-01-08T22:33:44.866+0000][180495.233s][info][gc,marking  ] GC(5592) Concurrent Scan Root Regions 17.192ms
[2025-01-08T22:33:44.867+0000][180495.233s][info][gc,marking  ] GC(5592) Concurrent Mark
[2025-01-08T22:33:44.867+0000][180495.233s][info][gc,marking  ] GC(5592) Concurrent Mark From Roots
[2025-01-08T22:33:44.867+0000][180495.233s][info][gc,task     ] GC(5592) Using 2 workers of 2 for marking
[2025-01-08T22:33:45.739+0000][180496.106s][info][gc,marking  ] GC(5592) Concurrent Mark From Roots 872.874ms
[2025-01-08T22:33:45.739+0000][180496.106s][info][gc,marking  ] GC(5592) Concurrent Preclean
[2025-01-08T22:33:45.743+0000][180496.109s][info][gc,marking  ] GC(5592) Concurrent Preclean 3.174ms
[2025-01-08T22:33:45.743+0000][180496.109s][info][gc,start    ] GC(5592) Pause Remark
[2025-01-08T22:33:45.770+0000][180496.136s][info][gc          ] GC(5592) Pause Remark 2713M->2713M(12288M) 26.904ms
[2025-01-08T22:33:45.770+0000][180496.136s][info][gc,cpu      ] GC(5592) User=0.15s Sys=0.01s Real=0.03s
[2025-01-08T22:33:45.770+0000][180496.136s][info][gc,marking  ] GC(5592) Concurrent Mark 903.341ms
[2025-01-08T22:33:45.770+0000][180496.136s][info][gc,marking  ] GC(5592) Concurrent Rebuild Remembered Sets
[2025-01-08T22:33:46.278+0000][180496.644s][info][gc,marking  ] GC(5592) Concurrent Rebuild Remembered Sets 507.706ms
[2025-01-08T22:33:46.278+0000][180496.644s][info][gc,start    ] GC(5592) Pause Cleanup
[2025-01-08T22:33:46.278+0000][180496.644s][info][gc          ] GC(5592) Pause Cleanup 2825M->2825M(12288M) 0.436ms
[2025-01-08T22:33:46.278+0000][180496.644s][info][gc,cpu      ] GC(5592) User=0.00s Sys=0.00s Real=0.00s
[2025-01-08T22:33:46.278+0000][180496.644s][info][gc,marking  ] GC(5592) Concurrent Cleanup for Next Mark
[2025-01-08T22:33:46.294+0000][180496.660s][info][gc,marking  ] GC(5592) Concurrent Cleanup for Next Mark 15.468ms
[2025-01-08T22:33:46.294+0000][180496.660s][info][gc          ] GC(5592) Concurrent Mark Cycle 1445.548ms
[2025-01-08T22:33:56.243+0000][180506.609s][info][gc,start    ] GC(5593) Pause Young (Prepare Mixed) (G1 Evacuation Pause)
[2025-01-08T22:33:56.243+0000][180506.609s][info][gc,task     ] GC(5593) Using 6 workers of 6 for evacuation
[2025-01-08T22:33:56.277+0000][180506.643s][info][gc,phases   ] GC(5593)   Pre Evacuate Collection Set: 0.2ms
[2025-01-08T22:33:56.277+0000][180506.643s][info][gc,phases   ] GC(5593)   Merge Heap Roots: 0.5ms
[2025-01-08T22:33:56.277+0000][180506.643s][info][gc,phases   ] GC(5593)   Evacuate Collection Set: 29.9ms
[2025-01-08T22:33:56.277+0000][180506.643s][info][gc,phases   ] GC(5593)   Post Evacuate Collection Set: 2.8ms
[2025-01-08T22:33:56.277+0000][180506.643s][info][gc,phases   ] GC(5593)   Other: 0.2ms
[2025-01-08T22:33:56.277+0000][180506.643s][info][gc,heap     ] GC(5593) Eden regions: 913->0(67)
[2025-01-08T22:33:56.277+0000][180506.643s][info][gc,heap     ] GC(5593) Survivor regions: 8->9(116)
[2025-01-08T22:33:56.277+0000][180506.643s][info][gc,heap     ] GC(5593) Old regions: 239->239
[2025-01-08T22:33:56.277+0000][180506.643s][info][gc,heap     ] GC(5593) Archive regions: 2->2
[2025-01-08T22:33:56.277+0000][180506.643s][info][gc,heap     ] GC(5593) Humongous regions: 49->49
[2025-01-08T22:33:56.277+0000][180506.643s][info][gc,metaspace] GC(5593) Metaspace: 524001K(533824K)->524001K(533824K) NonClass: 460145K(465088K)->460145K(465088K) Class: 63855K(68736K)->63855K(68736K)
[2025-01-08T22:33:56.277+0000][180506.643s][info][gc          ] GC(5593) Pause Young (Prepare Mixed) (G1 Evacuation Pause) 9669M->2375M(12288M) 33.745ms
[2025-01-08T22:33:56.277+0000][180506.643s][info][gc,cpu      ] GC(5593) User=0.19s Sys=0.00s Real=0.03s
[2025-01-08T22:33:56.769+0000][180507.135s][info][gc,start    ] GC(5594) Pause Young (Mixed) (G1 Evacuation Pause)
[2025-01-08T22:33:56.769+0000][180507.135s][info][gc,task     ] GC(5594) Using 6 workers of 6 for evacuation
[2025-01-08T22:33:56.834+0000][180507.200s][info][gc,phases   ] GC(5594)   Pre Evacuate Collection Set: 0.2ms
[2025-01-08T22:33:56.834+0000][180507.200s][info][gc,phases   ] GC(5594)   Merge Heap Roots: 0.6ms
[2025-01-08T22:33:56.834+0000][180507.200s][info][gc,phases   ] GC(5594)   Evacuate Collection Set: 62.2ms
[2025-01-08T22:33:56.834+0000][180507.200s][info][gc,phases   ] GC(5594)   Post Evacuate Collection Set: 2.0ms
[2025-01-08T22:33:56.834+0000][180507.200s][info][gc,phases   ] GC(5594)   Other: 0.2ms
[2025-01-08T22:33:56.834+0000][180507.200s][info][gc,heap     ] GC(5594) Eden regions: 67->0(916)
[2025-01-08T22:33:56.834+0000][180507.200s][info][gc,heap     ] GC(5594) Survivor regions: 9->5(10)
[2025-01-08T22:33:56.834+0000][180507.200s][info][gc,heap     ] GC(5594) Old regions: 239->237
[2025-01-08T22:33:56.834+0000][180507.200s][info][gc,heap     ] GC(5594) Archive regions: 2->2
[2025-01-08T22:33:56.834+0000][180507.200s][info][gc,heap     ] GC(5594) Humongous regions: 49->49
[2025-01-08T22:33:56.834+0000][180507.200s][info][gc,metaspace] GC(5594) Metaspace: 524001K(533824K)->524001K(533824K) NonClass: 460145K(465088K)->460145K(465088K) Class: 63855K(68736K)->63855K(68736K)
[2025-01-08T22:33:56.834+0000][180507.200s][info][gc          ] GC(5594) Pause Young (Mixed) (G1 Evacuation Pause) 2911M->2333M(12288M) 65.224ms
[2025-01-08T22:33:56.834+0000][180507.200s][info][gc,cpu      ] GC(5594) User=0.36s Sys=0.00s Real=0.07s
[2025-01-08T22:34:09.791+0000][180520.157s][info][gc,start    ] GC(5595) Pause Young (Normal) (G1 Evacuation Pause)
[2025-01-08T22:34:09.791+0000][180520.157s][info][gc,task     ] GC(5595) Using 6 workers of 6 for evacuation
[2025-01-08T22:34:09.824+0000][180520.190s][info][gc,phases   ] GC(5595)   Pre Evacuate Collection Set: 0.2ms
[2025-01-08T22:34:09.824+0000][180520.190s][info][gc,phases   ] GC(5595)   Merge Heap Roots: 0.4ms
[2025-01-08T22:34:09.824+0000][180520.190s][info][gc,phases   ] GC(5595)   Evacuate Collection Set: 29.0ms
[2025-01-08T22:34:09.824+0000][180520.190s][info][gc,phases   ] GC(5595)   Post Evacuate Collection Set: 2.7ms
[2025-01-08T22:34:09.824+0000][180520.190s][info][gc,phases   ] GC(5595)   Other: 0.2ms
[2025-01-08T22:34:09.824+0000][180520.190s][info][gc,heap     ] GC(5595) Eden regions: 916->0(912)
[2025-01-08T22:34:09.824+0000][180520.190s][info][gc,heap     ] GC(5595) Survivor regions: 5->9(116)
[2025-01-08T22:34:09.824+0000][180520.190s][info][gc,heap     ] GC(5595) Old regions: 237->237
[2025-01-08T22:34:09.824+0000][180520.190s][info][gc,heap     ] GC(5595) Archive regions: 2->2
[2025-01-08T22:34:09.824+0000][180520.190s][info][gc,heap     ] GC(5595) Humongous regions: 49->49
[2025-01-08T22:34:09.824+0000][180520.190s][info][gc,metaspace] GC(5595) Metaspace: 524012K(533824K)->524012K(533824K) NonClass: 460156K(465088K)->460156K(465088K) Class: 63855K(68736K)->63855K(68736K)
[2025-01-08T22:34:09.824+0000][180520.190s][info][gc          ] GC(5595) Pause Young (Normal) (G1 Evacuation Pause) 9661M->2358M(12288M) 32.674ms
[2025-01-08T22:34:09.824+0000][180520.190s][info][gc,cpu      ] GC(5595) User=0.19s Sys=0.00s Real=0.03s
[2025-01-08T22:34:16.552+0000][180526.918s][info][gc,start    ] GC(5596) Pause Young (Normal) (G1 Evacuation Pause)
[2025-01-08T22:34:16.552+0000][180526.918s][info][gc,task     ] GC(5596) Using 6 workers of 6 for evacuation
[2025-01-08T22:34:16.580+0000][180526.946s][info][gc,phases   ] GC(5596)   Pre Evacuate Collection Set: 0.2ms
[2025-01-08T22:34:16.580+0000][180526.946s][info][gc,phases   ] GC(5596)   Merge Heap Roots: 0.4ms
[2025-01-08T22:34:16.580+0000][180526.946s][info][gc,phases   ] GC(5596)   Evacuate Collection Set: 23.8ms
[2025-01-08T22:34:16.580+0000][180526.946s][info][gc,phases   ] GC(5596)   Post Evacuate Collection Set: 3.9ms
[2025-01-08T22:34:16.580+0000][180526.946s][info][gc,phases   ] GC(5596)   Other: 0.2ms
[2025-01-08T22:34:16.580+0000][180526.946s][info][gc,heap     ] GC(5596) Eden regions: 912->0(912)
[2025-01-08T22:34:16.580+0000][180526.946s][info][gc,heap     ] GC(5596) Survivor regions: 9->9(116)
[2025-01-08T22:34:16.580+0000][180526.946s][info][gc,heap     ] GC(5596) Old regions: 237->237
[2025-01-08T22:34:16.580+0000][180526.946s][info][gc,heap     ] GC(5596) Archive regions: 2->2
[2025-01-08T22:34:16.580+0000][180526.946s][info][gc,heap     ] GC(5596) Humongous regions: 49->49
[2025-01-08T22:34:16.580+0000][180526.946s][info][gc,metaspace] GC(5596) Metaspace: 524019K(533824K)->524019K(533824K) NonClass: 460163K(465088K)->460163K(465088K) Class: 63855K(68736K)->63855K(68736K)
[2025-01-08T22:34:16.580+0000][180526.946s][info][gc          ] GC(5596) Pause Young (Normal) (G1 Evacuation Pause) 9654M->2360M(12288M) 28.565ms
[2025-01-08T22:34:16.580+0000][180526.946s][info][gc,cpu      ] GC(5596) User=0.17s Sys=0.00s Real=0.02s
[2025-01-08T22:34:22.721+0000][180533.087s][info][gc,start    ] GC(5597) Pause Young (Concurrent Start) (G1 Evacuation Pause)
[2025-01-08T22:34:22.721+0000][180533.087s][info][gc,task     ] GC(5597) Using 6 workers of 6 for evacuation
[2025-01-08T22:34:22.755+0000][180533.121s][info][gc,phases   ] GC(5597)   Pre Evacuate Collection Set: 1.2ms
[2025-01-08T22:34:22.755+0000][180533.121s][info][gc,phases   ] GC(5597)   Merge Heap Roots: 0.4ms
[2025-01-08T22:34:22.755+0000][180533.121s][info][gc,phases   ] GC(5597)   Evacuate Collection Set: 29.5ms
[2025-01-08T22:34:22.755+0000][180533.121s][info][gc,phases   ] GC(5597)   Post Evacuate Collection Set: 2.8ms
[2025-01-08T22:34:22.755+0000][180533.121s][info][gc,phases   ] GC(5597)   Other: 0.3ms
[2025-01-08T22:34:22.755+0000][180533.121s][info][gc,heap     ] GC(5597) Eden regions: 912->0(912)
[2025-01-08T22:34:22.755+0000][180533.121s][info][gc,heap     ] GC(5597) Survivor regions: 9->9(116)
[2025-01-08T22:34:22.755+0000][180533.121s][info][gc,heap     ] GC(5597) Old regions: 237->237
[2025-01-08T22:34:22.755+0000][180533.121s][info][gc,heap     ] GC(5597) Archive regions: 2->2
[2025-01-08T22:34:22.755+0000][180533.121s][info][gc,heap     ] GC(5597) Humongous regions: 49->49
[2025-01-08T22:34:22.755+0000][180533.121s][info][gc,metaspace] GC(5597) Metaspace: 524019K(533824K)->524019K(533824K) NonClass: 460163K(465088K)->460163K(465088K) Class: 63855K(68736K)->63855K(68736K)
[2025-01-08T22:34:22.755+0000][180533.121s][info][gc          ] GC(5597) Pause Young (Concurrent Start) (G1 Evacuation Pause) 9656M->2361M(12288M) 34.327ms
[2025-01-08T22:34:22.755+0000][180533.121s][info][gc,cpu      ] GC(5597) User=0.19s Sys=0.00s Real=0.04s
[2025-01-08T22:34:22.755+0000][180533.121s][info][gc          ] GC(5598) Concurrent Mark Cycle
[2025-01-08T22:34:22.755+0000][180533.121s][info][gc,marking  ] GC(5598) Concurrent Clear Claimed Marks
[2025-01-08T22:34:22.756+0000][180533.122s][info][gc,marking  ] GC(5598) Concurrent Clear Claimed Marks 0.962ms
[2025-01-08T22:34:22.756+0000][180533.122s][info][gc,marking  ] GC(5598) Concurrent Scan Root Regions
[2025-01-08T22:34:22.774+0000][180533.141s][info][gc,marking  ] GC(5598) Concurrent Scan Root Regions 18.348ms
[2025-01-08T22:34:22.774+0000][180533.141s][info][gc,marking  ] GC(5598) Concurrent Mark
[2025-01-08T22:34:22.774+0000][180533.141s][info][gc,marking  ] GC(5598) Concurrent Mark From Roots
[2025-01-08T22:34:22.774+0000][180533.141s][info][gc,task     ] GC(5598) Using 2 workers of 2 for marking
[2025-01-08T22:34:23.539+0000][180533.905s][info][gc,marking  ] GC(5598) Concurrent Mark From Roots 764.652ms
[2025-01-08T22:34:23.539+0000][180533.905s][info][gc,marking  ] GC(5598) Concurrent Preclean
[2025-01-08T22:34:23.542+0000][180533.908s][info][gc,marking  ] GC(5598) Concurrent Preclean 2.659ms
[2025-01-08T22:34:23.542+0000][180533.908s][info][gc,start    ] GC(5598) Pause Remark
[2025-01-08T22:34:23.571+0000][180533.937s][info][gc          ] GC(5598) Pause Remark 2825M->2825M(12288M) 29.015ms
[2025-01-08T22:34:23.571+0000][180533.937s][info][gc,cpu      ] GC(5598) User=0.17s Sys=0.00s Real=0.03s
[2025-01-08T22:34:23.571+0000][180533.937s][info][gc,marking  ] GC(5598) Concurrent Mark 796.718ms
[2025-01-08T22:34:23.571+0000][180533.937s][info][gc,marking  ] GC(5598) Concurrent Rebuild Remembered Sets
[2025-01-08T22:34:24.151+0000][180534.517s][info][gc,marking  ] GC(5598) Concurrent Rebuild Remembered Sets 579.313ms
[2025-01-08T22:34:24.151+0000][180534.517s][info][gc,start    ] GC(5598) Pause Cleanup
[2025-01-08T22:34:24.151+0000][180534.517s][info][gc          ] GC(5598) Pause Cleanup 3197M->3197M(12288M) 0.489ms
[2025-01-08T22:34:24.151+0000][180534.517s][info][gc,cpu      ] GC(5598) User=0.00s Sys=0.00s Real=0.00s
[2025-01-08T22:34:24.151+0000][180534.517s][info][gc,marking  ] GC(5598) Concurrent Cleanup for Next Mark
[2025-01-08T22:34:24.167+0000][180534.533s][info][gc,marking  ] GC(5598) Concurrent Cleanup for Next Mark 16.005ms
[2025-01-08T22:34:24.167+0000][180534.533s][info][gc          ] GC(5598) Concurrent Mark Cycle 1412.194ms
[2025-01-08T22:34:35.872+0000][180546.238s][info][gc,start    ] GC(5599) Pause Young (Prepare Mixed) (G1 Evacuation Pause)
[2025-01-08T22:34:35.872+0000][180546.238s][info][gc,task     ] GC(5599) Using 6 workers of 6 for evacuation
[2025-01-08T22:34:35.919+0000][180546.285s][info][gc,phases   ] GC(5599)   Pre Evacuate Collection Set: 0.2ms
[2025-01-08T22:34:35.919+0000][180546.286s][info][gc,phases   ] GC(5599)   Merge Heap Roots: 0.6ms
[2025-01-08T22:34:35.919+0000][180546.286s][info][gc,phases   ] GC(5599)   Evacuate Collection Set: 41.0ms
[2025-01-08T22:34:35.919+0000][180546.286s][info][gc,phases   ] GC(5599)   Post Evacuate Collection Set: 5.7ms
[2025-01-08T22:34:35.919+0000][180546.286s][info][gc,phases   ] GC(5599)   Other: 0.2ms
[2025-01-08T22:34:35.919+0000][180546.286s][info][gc,heap     ] GC(5599) Eden regions: 912->0(62)
[2025-01-08T22:34:35.919+0000][180546.286s][info][gc,heap     ] GC(5599) Survivor regions: 9->14(116)
[2025-01-08T22:34:35.919+0000][180546.286s][info][gc,heap     ] GC(5599) Old regions: 237->237
[2025-01-08T22:34:35.919+0000][180546.286s][info][gc,heap     ] GC(5599) Archive regions: 2->2
[2025-01-08T22:34:35.919+0000][180546.286s][info][gc,heap     ] GC(5599) Humongous regions: 49->49
[2025-01-08T22:34:35.919+0000][180546.286s][info][gc,metaspace] GC(5599) Metaspace: 524020K(533824K)->524020K(533824K) NonClass: 460165K(465088K)->460165K(465088K) Class: 63855K(68736K)->63855K(68736K)
[2025-01-08T22:34:35.919+0000][180546.286s][info][gc          ] GC(5599) Pause Young (Prepare Mixed) (G1 Evacuation Pause) 9657M->2403M(12288M) 47.739ms
[2025-01-08T22:34:35.920+0000][180546.286s][info][gc,cpu      ] GC(5599) User=0.28s Sys=0.00s Real=0.04s
[2025-01-08T22:34:36.376+0000][180546.742s][info][gc,start    ] GC(5600) Pause Young (Mixed) (G1 Evacuation Pause)
[2025-01-08T22:34:36.376+0000][180546.742s][info][gc,task     ] GC(5600) Using 6 workers of 6 for evacuation
[2025-01-08T22:34:36.420+0000][180546.786s][info][gc,phases   ] GC(5600)   Pre Evacuate Collection Set: 0.2ms
[2025-01-08T22:34:36.420+0000][180546.786s][info][gc,phases   ] GC(5600)   Merge Heap Roots: 0.4ms
[2025-01-08T22:34:36.420+0000][180546.786s][info][gc,phases   ] GC(5600)   Evacuate Collection Set: 41.9ms
[2025-01-08T22:34:36.420+0000][180546.786s][info][gc,phases   ] GC(5600)   Post Evacuate Collection Set: 1.3ms
[2025-01-08T22:34:36.420+0000][180546.786s][info][gc,phases   ] GC(5600)   Other: 0.2ms
[2025-01-08T22:34:36.420+0000][180546.786s][info][gc,heap     ] GC(5600) Eden regions: 62->0(916)
[2025-01-08T22:34:36.420+0000][180546.786s][info][gc,heap     ] GC(5600) Survivor regions: 14->2(10)
[2025-01-08T22:34:36.420+0000][180546.786s][info][gc,heap     ] GC(5600) Old regions: 237->241
[2025-01-08T22:34:36.420+0000][180546.786s][info][gc,heap     ] GC(5600) Archive regions: 2->2
[2025-01-08T22:34:36.420+0000][180546.786s][info][gc,heap     ] GC(5600) Humongous regions: 49->49
[2025-01-08T22:34:36.420+0000][180546.786s][info][gc,metaspace] GC(5600) Metaspace: 524020K(533824K)->524020K(533824K) NonClass: 460165K(465088K)->460165K(465088K) Class: 63855K(68736K)->63855K(68736K)
[2025-01-08T22:34:36.420+0000][180546.786s][info][gc          ] GC(5600) Pause Young (Mixed) (G1 Evacuation Pause) 2899M->2334M(12288M) 44.009ms
[2025-01-08T22:34:36.420+0000][180546.786s][info][gc,cpu      ] GC(5600) User=0.26s Sys=0.00s Real=0.04s
[2025-01-08T22:34:43.263+0000][180553.629s][info][gc,start    ] GC(5601) Pause Young (Normal) (G1 Evacuation Pause)
[2025-01-08T22:34:43.263+0000][180553.629s][info][gc,task     ] GC(5601) Using 6 workers of 6 for evacuation
[2025-01-08T22:34:43.278+0000][180553.644s][info][gc,phases   ] GC(5601)   Pre Evacuate Collection Set: 0.2ms
[2025-01-08T22:34:43.278+0000][180553.644s][info][gc,phases   ] GC(5601)   Merge Heap Roots: 0.3ms
[2025-01-08T22:34:43.278+0000][180553.644s][info][gc,phases   ] GC(5601)   Evacuate Collection Set: 11.1ms
[2025-01-08T22:34:43.278+0000][180553.644s][info][gc,phases   ] GC(5601)   Post Evacuate Collection Set: 2.4ms
[2025-01-08T22:34:43.278+0000][180553.644s][info][gc,phases   ] GC(5601)   Other: 0.2ms
[2025-01-08T22:34:43.278+0000][180553.644s][info][gc,heap     ] GC(5601) Eden regions: 916->0(916)
[2025-01-08T22:34:43.278+0000][180553.644s][info][gc,heap     ] GC(5601) Survivor regions: 2->3(115)
[2025-01-08T22:34:43.278+0000][180553.644s][info][gc,heap     ] GC(5601) Old regions: 241->241
[2025-01-08T22:34:43.278+0000][180553.644s][info][gc,heap     ] GC(5601) Archive regions: 2->2
[2025-01-08T22:34:43.278+0000][180553.644s][info][gc,heap     ] GC(5601) Humongous regions: 49->49
[2025-01-08T22:34:43.278+0000][180553.644s][info][gc,metaspace] GC(5601) Metaspace: 524023K(533824K)->524023K(533824K) NonClass: 460167K(465088K)->460167K(465088K) Class: 63855K(68736K)->63855K(68736K)
[2025-01-08T22:34:43.278+0000][180553.644s][info][gc          ] GC(5601) Pause Young (Normal) (G1 Evacuation Pause) 9662M->2341M(12288M) 14.371ms
[2025-01-08T22:34:43.278+0000][180553.644s][info][gc,cpu      ] GC(5601) User=0.08s Sys=0.00s Real=0.01s
[2025-01-08T22:34:50.549+0000][180560.915s][info][gc,start    ] GC(5602) Pause Young (Normal) (G1 Evacuation Pause)
[2025-01-08T22:34:50.549+0000][180560.915s][info][gc,task     ] GC(5602) Using 6 workers of 6 for evacuation
[2025-01-08T22:34:50.568+0000][180560.935s][info][gc,phases   ] GC(5602)   Pre Evacuate Collection Set: 0.2ms
[2025-01-08T22:34:50.568+0000][180560.935s][info][gc,phases   ] GC(5602)   Merge Heap Roots: 0.4ms
[2025-01-08T22:34:50.569+0000][180560.935s][info][gc,phases   ] GC(5602)   Evacuate Collection Set: 16.2ms
[2025-01-08T22:34:50.569+0000][180560.935s][info][gc,phases   ] GC(5602)   Post Evacuate Collection Set: 2.4ms
[2025-01-08T22:34:50.569+0000][180560.935s][info][gc,phases   ] GC(5602)   Other: 0.2ms
[2025-01-08T22:34:50.569+0000][180560.935s][info][gc,heap     ] GC(5602) Eden regions: 916->0(916)
[2025-01-08T22:34:50.569+0000][180560.935s][info][gc,heap     ] GC(5602) Survivor regions: 3->4(115)
[2025-01-08T22:34:50.569+0000][180560.935s][info][gc,heap     ] GC(5602) Old regions: 241->241
[2025-01-08T22:34:50.569+0000][180560.935s][info][gc,heap     ] GC(5602) Archive regions: 2->2
[2025-01-08T22:34:50.569+0000][180560.935s][info][gc,heap     ] GC(5602) Humongous regions: 49->49
[2025-01-08T22:34:50.569+0000][180560.935s][info][gc,metaspace] GC(5602) Metaspace: 524023K(533824K)->524023K(533824K) NonClass: 460167K(465088K)->460167K(465088K) Class: 63855K(68736K)->63855K(68736K)
[2025-01-08T22:34:50.569+0000][180560.935s][info][gc          ] GC(5602) Pause Young (Normal) (G1 Evacuation Pause) 9669M->2350M(12288M) 19.508ms
[2025-01-08T22:34:50.569+0000][180560.935s][info][gc,cpu      ] GC(5602) User=0.12s Sys=0.01s Real=0.02s
[2025-01-08T22:35:00.532+0000][180570.898s][info][gc,start    ] GC(5603) Pause Young (Concurrent Start) (G1 Evacuation Pause)
[2025-01-08T22:35:00.532+0000][180570.898s][info][gc,task     ] GC(5603) Using 6 workers of 6 for evacuation
[2025-01-08T22:35:00.558+0000][180570.924s][info][gc,phases   ] GC(5603)   Pre Evacuate Collection Set: 1.2ms
[2025-01-08T22:35:00.558+0000][180570.924s][info][gc,phases   ] GC(5603)   Merge Heap Roots: 0.4ms
[2025-01-08T22:35:00.558+0000][180570.924s][info][gc,phases   ] GC(5603)   Evacuate Collection Set: 22.0ms
[2025-01-08T22:35:00.558+0000][180570.924s][info][gc,phases   ] GC(5603)   Post Evacuate Collection Set: 2.7ms
[2025-01-08T22:35:00.558+0000][180570.924s][info][gc,phases   ] GC(5603)   Other: 0.3ms
[2025-01-08T22:35:00.558+0000][180570.924s][info][gc,heap     ] GC(5603) Eden regions: 916->0(914)
[2025-01-08T22:35:00.558+0000][180570.924s][info][gc,heap     ] GC(5603) Survivor regions: 4->6(115)
[2025-01-08T22:35:00.558+0000][180570.924s][info][gc,heap     ] GC(5603) Old regions: 241->241
[2025-01-08T22:35:00.558+0000][180570.924s][info][gc,heap     ] GC(5603) Archive regions: 2->2
[2025-01-08T22:35:00.558+0000][180570.924s][info][gc,heap     ] GC(5603) Humongous regions: 49->49
[2025-01-08T22:35:00.558+0000][180570.924s][info][gc,metaspace] GC(5603) Metaspace: 524023K(533824K)->524023K(533824K) NonClass: 460167K(465088K)->460167K(465088K) Class: 63855K(68736K)->63855K(68736K)
[2025-01-08T22:35:00.558+0000][180570.924s][info][gc          ] GC(5603) Pause Young (Concurrent Start) (G1 Evacuation Pause) 9678M->2365M(12288M) 26.656ms
[2025-01-08T22:35:00.558+0000][180570.924s][info][gc,cpu      ] GC(5603) User=0.15s Sys=0.00s Real=0.02s
[2025-01-08T22:35:00.558+0000][180570.924s][info][gc          ] GC(5604) Concurrent Mark Cycle
[2025-01-08T22:35:00.558+0000][180570.924s][info][gc,marking  ] GC(5604) Concurrent Clear Claimed Marks
[2025-01-08T22:35:00.559+0000][180570.925s][info][gc,marking  ] GC(5604) Concurrent Clear Claimed Marks 1.062ms
[2025-01-08T22:35:00.559+0000][180570.925s][info][gc,marking  ] GC(5604) Concurrent Scan Root Regions
[2025-01-08T22:35:00.578+0000][180570.944s][info][gc,marking  ] GC(5604) Concurrent Scan Root Regions 18.607ms
[2025-01-08T22:35:00.578+0000][180570.944s][info][gc,marking  ] GC(5604) Concurrent Mark
[2025-01-08T22:35:00.578+0000][180570.944s][info][gc,marking  ] GC(5604) Concurrent Mark From Roots
[2025-01-08T22:35:00.578+0000][180570.944s][info][gc,task     ] GC(5604) Using 2 workers of 2 for marking
[2025-01-08T22:35:01.476+0000][180571.842s][info][gc,marking  ] GC(5604) Concurrent Mark From Roots 897.502ms
[2025-01-08T22:35:01.476+0000][180571.842s][info][gc,marking  ] GC(5604) Concurrent Preclean
[2025-01-08T22:35:01.478+0000][180571.844s][info][gc,marking  ] GC(5604) Concurrent Preclean 2.650ms
[2025-01-08T22:35:01.478+0000][180571.844s][info][gc,start    ] GC(5604) Pause Remark
[2025-01-08T22:35:01.505+0000][180571.871s][info][gc          ] GC(5604) Pause Remark 3149M->3149M(12288M) 26.641ms
[2025-01-08T22:35:01.505+0000][180571.871s][info][gc,cpu      ] GC(5604) User=0.15s Sys=0.00s Real=0.03s
[2025-01-08T22:35:01.505+0000][180571.871s][info][gc,marking  ] GC(5604) Concurrent Mark 927.168ms
[2025-01-08T22:35:01.505+0000][180571.871s][info][gc,marking  ] GC(5604) Concurrent Rebuild Remembered Sets
[2025-01-08T22:35:02.012+0000][180572.378s][info][gc,marking  ] GC(5604) Concurrent Rebuild Remembered Sets 506.418ms
[2025-01-08T22:35:02.012+0000][180572.378s][info][gc,start    ] GC(5604) Pause Cleanup
[2025-01-08T22:35:02.012+0000][180572.378s][info][gc          ] GC(5604) Pause Cleanup 3521M->3521M(12288M) 0.471ms
[2025-01-08T22:35:02.012+0000][180572.378s][info][gc,cpu      ] GC(5604) User=0.00s Sys=0.00s Real=0.00s
[2025-01-08T22:35:02.012+0000][180572.378s][info][gc,marking  ] GC(5604) Concurrent Cleanup for Next Mark
[2025-01-08T22:35:02.028+0000][180572.394s][info][gc,marking  ] GC(5604) Concurrent Cleanup for Next Mark 15.899ms
[2025-01-08T22:35:02.028+0000][180572.394s][info][gc          ] GC(5604) Concurrent Mark Cycle 1470.029ms
[2025-01-08T22:35:08.551+0000][180578.917s][info][gc,start    ] GC(5605) Pause Young (Prepare Mixed) (G1 Evacuation Pause)
[2025-01-08T22:35:08.551+0000][180578.917s][info][gc,task     ] GC(5605) Using 6 workers of 6 for evacuation
[2025-01-08T22:35:08.579+0000][180578.945s][info][gc,phases   ] GC(5605)   Pre Evacuate Collection Set: 0.2ms
[2025-01-08T22:35:08.579+0000][180578.945s][info][gc,phases   ] GC(5605)   Merge Heap Roots: 0.5ms
[2025-01-08T22:35:08.579+0000][180578.945s][info][gc,phases   ] GC(5605)   Evacuate Collection Set: 24.4ms
[2025-01-08T22:35:08.579+0000][180578.945s][info][gc,phases   ] GC(5605)   Post Evacuate Collection Set: 2.7ms
[2025-01-08T22:35:08.579+0000][180578.945s][info][gc,phases   ] GC(5605)   Other: 0.2ms
[2025-01-08T22:35:08.579+0000][180578.945s][info][gc,heap     ] GC(5605) Eden regions: 914->0(69)
[2025-01-08T22:35:08.579+0000][180578.945s][info][gc,heap     ] GC(5605) Survivor regions: 6->7(115)
[2025-01-08T22:35:08.579+0000][180578.945s][info][gc,heap     ] GC(5605) Old regions: 241->241
[2025-01-08T22:35:08.579+0000][180578.945s][info][gc,heap     ] GC(5605) Archive regions: 2->2
[2025-01-08T22:35:08.579+0000][180578.945s][info][gc,heap     ] GC(5605) Humongous regions: 49->49
[2025-01-08T22:35:08.579+0000][180578.945s][info][gc,metaspace] GC(5605) Metaspace: 524023K(533824K)->524023K(533824K) NonClass: 460167K(465088K)->460167K(465088K) Class: 63855K(68736K)->63855K(68736K)
[2025-01-08T22:35:08.579+0000][180578.945s][info][gc          ] GC(5605) Pause Young (Prepare Mixed) (G1 Evacuation Pause) 9677M->2373M(12288M) 28.129ms
[2025-01-08T22:35:08.579+0000][180578.945s][info][gc,cpu      ] GC(5605) User=0.17s Sys=0.00s Real=0.02s
[2025-01-08T22:35:09.706+0000][180580.072s][info][gc,start    ] GC(5606) Pause Young (Mixed) (G1 Evacuation Pause)
[2025-01-08T22:35:09.706+0000][180580.072s][info][gc,task     ] GC(5606) Using 6 workers of 6 for evacuation
[2025-01-08T22:35:09.766+0000][180580.132s][info][gc,phases   ] GC(5606)   Pre Evacuate Collection Set: 0.2ms
[2025-01-08T22:35:09.766+0000][180580.132s][info][gc,phases   ] GC(5606)   Merge Heap Roots: 0.6ms
[2025-01-08T22:35:09.766+0000][180580.132s][info][gc,phases   ] GC(5606)   Evacuate Collection Set: 57.5ms
[2025-01-08T22:35:09.766+0000][180580.132s][info][gc,phases   ] GC(5606)   Post Evacuate Collection Set: 2.0ms
[2025-01-08T22:35:09.766+0000][180580.132s][info][gc,phases   ] GC(5606)   Other: 0.2ms
[2025-01-08T22:35:09.766+0000][180580.132s][info][gc,heap     ] GC(5606) Eden regions: 69->0(914)
[2025-01-08T22:35:09.766+0000][180580.132s][info][gc,heap     ] GC(5606) Survivor regions: 7->7(10)
[2025-01-08T22:35:09.766+0000][180580.132s][info][gc,heap     ] GC(5606) Old regions: 241->236
[2025-01-08T22:35:09.766+0000][180580.132s][info][gc,heap     ] GC(5606) Archive regions: 2->2
[2025-01-08T22:35:09.766+0000][180580.132s][info][gc,heap     ] GC(5606) Humongous regions: 49->49
[2025-01-08T22:35:09.766+0000][180580.132s][info][gc,metaspace] GC(5606) Metaspace: 524023K(533824K)->524023K(533824K) NonClass: 460167K(465088K)->460167K(465088K) Class: 63855K(68736K)->63855K(68736K)
[2025-01-08T22:35:09.766+0000][180580.132s][info][gc          ] GC(5606) Pause Young (Mixed) (G1 Evacuation Pause) 2925M->2330M(12288M) 60.569ms
[2025-01-08T22:35:09.766+0000][180580.132s][info][gc,cpu      ] GC(5606) User=0.35s Sys=0.00s Real=0.06s
[2025-01-08T22:35:21.835+0000][180592.201s][info][gc,start    ] GC(5607) Pause Young (Normal) (G1 Evacuation Pause)
[2025-01-08T22:35:21.835+0000][180592.201s][info][gc,task     ] GC(5607) Using 6 workers of 6 for evacuation
[2025-01-08T22:35:21.868+0000][180592.234s][info][gc,phases   ] GC(5607)   Pre Evacuate Collection Set: 0.2ms
[2025-01-08T22:35:21.868+0000][180592.234s][info][gc,phases   ] GC(5607)   Merge Heap Roots: 0.4ms
[2025-01-08T22:35:21.868+0000][180592.234s][info][gc,phases   ] GC(5607)   Evacuate Collection Set: 28.6ms
[2025-01-08T22:35:21.868+0000][180592.234s][info][gc,phases   ] GC(5607)   Post Evacuate Collection Set: 2.9ms
[2025-01-08T22:35:21.868+0000][180592.234s][info][gc,phases   ] GC(5607)   Other: 0.2ms
[2025-01-08T22:35:21.868+0000][180592.234s][info][gc,heap     ] GC(5607) Eden regions: 914->0(913)
[2025-01-08T22:35:21.868+0000][180592.234s][info][gc,heap     ] GC(5607) Survivor regions: 7->8(116)
[2025-01-08T22:35:21.868+0000][180592.234s][info][gc,heap     ] GC(5607) Old regions: 236->236
[2025-01-08T22:35:21.868+0000][180592.234s][info][gc,heap     ] GC(5607) Archive regions: 2->2
[2025-01-08T22:35:21.868+0000][180592.234s][info][gc,heap     ] GC(5607) Humongous regions: 49->49
[2025-01-08T22:35:21.868+0000][180592.234s][info][gc,metaspace] GC(5607) Metaspace: 524023K(533824K)->524023K(533824K) NonClass: 460167K(465088K)->460167K(465088K) Class: 63855K(68736K)->63855K(68736K)
[2025-01-08T22:35:21.868+0000][180592.234s][info][gc          ] GC(5607) Pause Young (Normal) (G1 Evacuation Pause) 9642M->2342M(12288M) 32.440ms
[2025-01-08T22:35:21.868+0000][180592.234s][info][gc,cpu      ] GC(5607) User=0.19s Sys=0.00s Real=0.03s
[2025-01-08T22:35:25.140+0000][180595.507s][info][gc,start    ] GC(5608) Pause Young (Normal) (G1 Evacuation Pause)
[2025-01-08T22:35:25.140+0000][180595.507s][info][gc,task     ] GC(5608) Using 6 workers of 6 for evacuation
[2025-01-08T22:35:25.172+0000][180595.538s][info][gc,phases   ] GC(5608)   Pre Evacuate Collection Set: 0.2ms
[2025-01-08T22:35:25.172+0000][180595.538s][info][gc,phases   ] GC(5608)   Merge Heap Roots: 0.4ms
[2025-01-08T22:35:25.172+0000][180595.538s][info][gc,phases   ] GC(5608)   Evacuate Collection Set: 26.0ms
[2025-01-08T22:35:25.172+0000][180595.538s][info][gc,phases   ] GC(5608)   Post Evacuate Collection Set: 5.0ms
[2025-01-08T22:35:25.172+0000][180595.538s][info][gc,phases   ] GC(5608)   Other: 0.2ms
[2025-01-08T22:35:25.172+0000][180595.538s][info][gc,heap     ] GC(5608) Eden regions: 913->0(911)
[2025-01-08T22:35:25.172+0000][180595.538s][info][gc,heap     ] GC(5608) Survivor regions: 8->10(116)
[2025-01-08T22:35:25.172+0000][180595.538s][info][gc,heap     ] GC(5608) Old regions: 236->236
[2025-01-08T22:35:25.172+0000][180595.538s][info][gc,heap     ] GC(5608) Archive regions: 2->2
[2025-01-08T22:35:25.172+0000][180595.538s][info][gc,heap     ] GC(5608) Humongous regions: 49->49
[2025-01-08T22:35:25.172+0000][180595.538s][info][gc,metaspace] GC(5608) Metaspace: 524023K(533824K)->524023K(533824K) NonClass: 460167K(465088K)->460167K(465088K) Class: 63855K(68736K)->63855K(68736K)
[2025-01-08T22:35:25.172+0000][180595.538s][info][gc          ] GC(5608) Pause Young (Normal) (G1 Evacuation Pause) 9646M->2354M(12288M) 31.946ms
[2025-01-08T22:35:25.172+0000][180595.539s][info][gc,cpu      ] GC(5608) User=0.19s Sys=0.00s Real=0.04s
[2025-01-08T22:35:33.296+0000][180603.662s][info][gc,start    ] GC(5609) Pause Young (Concurrent Start) (G1 Evacuation Pause)
[2025-01-08T22:35:33.296+0000][180603.662s][info][gc,task     ] GC(5609) Using 6 workers of 6 for evacuation
[2025-01-08T22:35:33.328+0000][180603.694s][info][gc,phases   ] GC(5609)   Pre Evacuate Collection Set: 1.2ms
[2025-01-08T22:35:33.328+0000][180603.694s][info][gc,phases   ] GC(5609)   Merge Heap Roots: 0.4ms
[2025-01-08T22:35:33.328+0000][180603.694s][info][gc,phases   ] GC(5609)   Evacuate Collection Set: 27.8ms
[2025-01-08T22:35:33.328+0000][180603.694s][info][gc,phases   ] GC(5609)   Post Evacuate Collection Set: 2.7ms
[2025-01-08T22:35:33.328+0000][180603.694s][info][gc,phases   ] GC(5609)   Other: 0.3ms
[2025-01-08T22:35:33.328+0000][180603.694s][info][gc,heap     ] GC(5609) Eden regions: 911->0(912)
[2025-01-08T22:35:33.328+0000][180603.694s][info][gc,heap     ] GC(5609) Survivor regions: 10->9(116)
[2025-01-08T22:35:33.328+0000][180603.694s][info][gc,heap     ] GC(5609) Old regions: 236->236
[2025-01-08T22:35:33.328+0000][180603.694s][info][gc,heap     ] GC(5609) Archive regions: 2->2
[2025-01-08T22:35:33.328+0000][180603.694s][info][gc,heap     ] GC(5609) Humongous regions: 49->49
[2025-01-08T22:35:33.328+0000][180603.694s][info][gc,metaspace] GC(5609) Metaspace: 524023K(533824K)->524023K(533824K) NonClass: 460168K(465088K)->460168K(465088K) Class: 63855K(68736K)->63855K(68736K)
[2025-01-08T22:35:33.328+0000][180603.694s][info][gc          ] GC(5609) Pause Young (Concurrent Start) (G1 Evacuation Pause) 9642M->2351M(12288M) 32.446ms
[2025-01-08T22:35:33.328+0000][180603.694s][info][gc,cpu      ] GC(5609) User=0.19s Sys=0.00s Real=0.03s
[2025-01-08T22:35:33.328+0000][180603.694s][info][gc          ] GC(5610) Concurrent Mark Cycle
[2025-01-08T22:35:33.328+0000][180603.694s][info][gc,marking  ] GC(5610) Concurrent Clear Claimed Marks
[2025-01-08T22:35:33.329+0000][180603.695s][info][gc,marking  ] GC(5610) Concurrent Clear Claimed Marks 0.898ms
[2025-01-08T22:35:33.329+0000][180603.695s][info][gc,marking  ] GC(5610) Concurrent Scan Root Regions
[2025-01-08T22:35:33.353+0000][180603.719s][info][gc,marking  ] GC(5610) Concurrent Scan Root Regions 23.761ms
[2025-01-08T22:35:33.353+0000][180603.719s][info][gc,marking  ] GC(5610) Concurrent Mark
[2025-01-08T22:35:33.353+0000][180603.719s][info][gc,marking  ] GC(5610) Concurrent Mark From Roots
[2025-01-08T22:35:33.353+0000][180603.719s][info][gc,task     ] GC(5610) Using 2 workers of 2 for marking
[2025-01-08T22:35:34.257+0000][180604.623s][info][gc,marking  ] GC(5610) Concurrent Mark From Roots 903.799ms
[2025-01-08T22:35:34.257+0000][180604.623s][info][gc,marking  ] GC(5610) Concurrent Preclean
[2025-01-08T22:35:34.259+0000][180604.626s][info][gc,marking  ] GC(5610) Concurrent Preclean 2.638ms
[2025-01-08T22:35:34.260+0000][180604.626s][info][gc,start    ] GC(5610) Pause Remark
[2025-01-08T22:35:34.286+0000][180604.652s][info][gc          ] GC(5610) Pause Remark 3339M->3339M(12288M) 26.680ms
[2025-01-08T22:35:34.286+0000][180604.653s][info][gc,cpu      ] GC(5610) User=0.15s Sys=0.00s Real=0.03s
[2025-01-08T22:35:34.287+0000][180604.653s][info][gc,marking  ] GC(5610) Concurrent Mark 933.517ms
[2025-01-08T22:35:34.287+0000][180604.653s][info][gc,marking  ] GC(5610) Concurrent Rebuild Remembered Sets
[2025-01-08T22:35:34.779+0000][180605.145s][info][gc,marking  ] GC(5610) Concurrent Rebuild Remembered Sets 492.328ms
[2025-01-08T22:35:34.779+0000][180605.145s][info][gc,start    ] GC(5610) Pause Cleanup
[2025-01-08T22:35:34.779+0000][180605.146s][info][gc          ] GC(5610) Pause Cleanup 3823M->3823M(12288M) 0.445ms
[2025-01-08T22:35:34.780+0000][180605.146s][info][gc,cpu      ] GC(5610) User=0.00s Sys=0.00s Real=0.00s
[2025-01-08T22:35:34.780+0000][180605.146s][info][gc,marking  ] GC(5610) Concurrent Cleanup for Next Mark
[2025-01-08T22:35:34.795+0000][180605.161s][info][gc,marking  ] GC(5610) Concurrent Cleanup for Next Mark 15.439ms
[2025-01-08T22:35:34.795+0000][180605.161s][info][gc          ] GC(5610) Concurrent Mark Cycle 1466.808ms
[2025-01-08T22:35:41.010+0000][180611.376s][info][gc,start    ] GC(5611) Pause Young (Prepare Mixed) (G1 Evacuation Pause)
[2025-01-08T22:35:41.010+0000][180611.376s][info][gc,task     ] GC(5611) Using 6 workers of 6 for evacuation
[2025-01-08T22:35:41.047+0000][180611.413s][info][gc,phases   ] GC(5611)   Pre Evacuate Collection Set: 0.2ms
[2025-01-08T22:35:41.047+0000][180611.413s][info][gc,phases   ] GC(5611)   Merge Heap Roots: 0.6ms
[2025-01-08T22:35:41.047+0000][180611.413s][info][gc,phases   ] GC(5611)   Evacuate Collection Set: 32.1ms
[2025-01-08T22:35:41.047+0000][180611.413s][info][gc,phases   ] GC(5611)   Post Evacuate Collection Set: 4.0ms
[2025-01-08T22:35:41.047+0000][180611.413s][info][gc,phases   ] GC(5611)   Other: 0.2ms
[2025-01-08T22:35:41.047+0000][180611.413s][info][gc,heap     ] GC(5611) Eden regions: 912->0(65)
[2025-01-08T22:35:41.047+0000][180611.413s][info][gc,heap     ] GC(5611) Survivor regions: 9->11(116)
[2025-01-08T22:35:41.047+0000][180611.413s][info][gc,heap     ] GC(5611) Old regions: 236->236
[2025-01-08T22:35:41.047+0000][180611.413s][info][gc,heap     ] GC(5611) Archive regions: 2->2
[2025-01-08T22:35:41.047+0000][180611.413s][info][gc,heap     ] GC(5611) Humongous regions: 49->49
[2025-01-08T22:35:41.047+0000][180611.413s][info][gc,metaspace] GC(5611) Metaspace: 524023K(533824K)->524023K(533824K) NonClass: 460168K(465088K)->460168K(465088K) Class: 63855K(68736K)->63855K(68736K)
[2025-01-08T22:35:41.047+0000][180611.413s][info][gc          ] GC(5611) Pause Young (Prepare Mixed) (G1 Evacuation Pause) 9647M->2363M(12288M) 37.282ms
[2025-01-08T22:35:41.047+0000][180611.413s][info][gc,cpu      ] GC(5611) User=0.22s Sys=0.00s Real=0.03s
[2025-01-08T22:35:41.544+0000][180611.910s][info][gc,start    ] GC(5612) Pause Young (Mixed) (G1 Evacuation Pause)
[2025-01-08T22:35:41.544+0000][180611.910s][info][gc,task     ] GC(5612) Using 6 workers of 6 for evacuation
[2025-01-08T22:35:41.622+0000][180611.988s][info][gc,phases   ] GC(5612)   Pre Evacuate Collection Set: 0.2ms
[2025-01-08T22:35:41.622+0000][180611.988s][info][gc,phases   ] GC(5612)   Merge Heap Roots: 0.6ms
[2025-01-08T22:35:41.622+0000][180611.988s][info][gc,phases   ] GC(5612)   Evacuate Collection Set: 74.8ms
[2025-01-08T22:35:41.622+0000][180611.988s][info][gc,phases   ] GC(5612)   Post Evacuate Collection Set: 2.2ms
[2025-01-08T22:35:41.622+0000][180611.988s][info][gc,phases   ] GC(5612)   Other: 0.2ms
[2025-01-08T22:35:41.622+0000][180611.988s][info][gc,heap     ] GC(5612) Eden regions: 65->0(915)
[2025-01-08T22:35:41.622+0000][180611.988s][info][gc,heap     ] GC(5612) Survivor regions: 11->6(10)
[2025-01-08T22:35:41.622+0000][180611.988s][info][gc,heap     ] GC(5612) Old regions: 236->235
[2025-01-08T22:35:41.622+0000][180611.988s][info][gc,heap     ] GC(5612) Archive regions: 2->2
[2025-01-08T22:35:41.622+0000][180611.988s][info][gc,heap     ] GC(5612) Humongous regions: 49->49
[2025-01-08T22:35:41.622+0000][180611.988s][info][gc,metaspace] GC(5612) Metaspace: 524023K(533824K)->524023K(533824K) NonClass: 460168K(465088K)->460168K(465088K) Class: 63855K(68736K)->63855K(68736K)
[2025-01-08T22:35:41.622+0000][180611.988s][info][gc          ] GC(5612) Pause Young (Mixed) (G1 Evacuation Pause) 2883M->2320M(12288M) 78.135ms
[2025-01-08T22:35:41.622+0000][180611.988s][info][gc,cpu      ] GC(5612) User=0.42s Sys=0.00s Real=0.08s
[2025-01-08T22:35:48.271+0000][180618.637s][info][gc,start    ] GC(5613) Pause Young (Normal) (G1 Evacuation Pause)
[2025-01-08T22:35:48.271+0000][180618.637s][info][gc,task     ] GC(5613) Using 6 workers of 6 for evacuation
[2025-01-08T22:35:48.295+0000][180618.662s][info][gc,phases   ] GC(5613)   Pre Evacuate Collection Set: 0.2ms
[2025-01-08T22:35:48.295+0000][180618.662s][info][gc,phases   ] GC(5613)   Merge Heap Roots: 0.4ms
[2025-01-08T22:35:48.295+0000][180618.662s][info][gc,phases   ] GC(5613)   Evacuate Collection Set: 20.8ms
[2025-01-08T22:35:48.295+0000][180618.662s][info][gc,phases   ] GC(5613)   Post Evacuate Collection Set: 2.6ms
[2025-01-08T22:35:48.295+0000][180618.662s][info][gc,phases   ] GC(5613)   Other: 0.2ms
[2025-01-08T22:35:48.295+0000][180618.662s][info][gc,heap     ] GC(5613) Eden regions: 915->0(915)
[2025-01-08T22:35:48.295+0000][180618.662s][info][gc,heap     ] GC(5613) Survivor regions: 6->6(116)
[2025-01-08T22:35:48.295+0000][180618.662s][info][gc,heap     ] GC(5613) Old regions: 235->235
[2025-01-08T22:35:48.295+0000][180618.662s][info][gc,heap     ] GC(5613) Archive regions: 2->2
[2025-01-08T22:35:48.295+0000][180618.662s][info][gc,heap     ] GC(5613) Humongous regions: 49->49
[2025-01-08T22:35:48.295+0000][180618.662s][info][gc,metaspace] GC(5613) Metaspace: 524023K(533824K)->524023K(533824K) NonClass: 460168K(465088K)->460168K(465088K) Class: 63855K(68736K)->63855K(68736K)
[2025-01-08T22:35:48.296+0000][180618.662s][info][gc          ] GC(5613) Pause Young (Normal) (G1 Evacuation Pause) 9640M->2319M(12288M) 24.345ms
[2025-01-08T22:35:48.296+0000][180618.662s][info][gc,cpu      ] GC(5613) User=0.13s Sys=0.01s Real=0.02s
[2025-01-08T22:35:52.653+0000][180623.019s][info][gc,start    ] GC(5614) Pause Young (Normal) (G1 Evacuation Pause)
[2025-01-08T22:35:52.653+0000][180623.019s][info][gc,task     ] GC(5614) Using 6 workers of 6 for evacuation
[2025-01-08T22:35:52.677+0000][180623.044s][info][gc,phases   ] GC(5614)   Pre Evacuate Collection Set: 0.2ms
[2025-01-08T22:35:52.678+0000][180623.044s][info][gc,phases   ] GC(5614)   Merge Heap Roots: 0.4ms
[2025-01-08T22:35:52.678+0000][180623.044s][info][gc,phases   ] GC(5614)   Evacuate Collection Set: 21.0ms
[2025-01-08T22:35:52.678+0000][180623.044s][info][gc,phases   ] GC(5614)   Post Evacuate Collection Set: 2.4ms
[2025-01-08T22:35:52.678+0000][180623.044s][info][gc,phases   ] GC(5614)   Other: 0.3ms
[2025-01-08T22:35:52.678+0000][180623.044s][info][gc,heap     ] GC(5614) Eden regions: 915->0(914)
[2025-01-08T22:35:52.678+0000][180623.044s][info][gc,heap     ] GC(5614) Survivor regions: 6->7(116)
[2025-01-08T22:35:52.678+0000][180623.044s][info][gc,heap     ] GC(5614) Old regions: 235->235
[2025-01-08T22:35:52.678+0000][180623.044s][info][gc,heap     ] GC(5614) Archive regions: 2->2
[2025-01-08T22:35:52.678+0000][180623.044s][info][gc,heap     ] GC(5614) Humongous regions: 49->49
[2025-01-08T22:35:52.678+0000][180623.044s][info][gc,metaspace] GC(5614) Metaspace: 524023K(533824K)->524023K(533824K) NonClass: 460168K(465088K)->460168K(465088K) Class: 63855K(68736K)->63855K(68736K)
[2025-01-08T22:35:52.678+0000][180623.044s][info][gc          ] GC(5614) Pause Young (Normal) (G1 Evacuation Pause) 9639M->2324M(12288M) 24.392ms
[2025-01-08T22:35:52.678+0000][180623.044s][info][gc,cpu      ] GC(5614) User=0.14s Sys=0.00s Real=0.02s
[2025-01-08T22:36:03.483+0000][180633.849s][info][gc,start    ] GC(5615) Pause Young (Concurrent Start) (G1 Evacuation Pause)
[2025-01-08T22:36:03.483+0000][180633.849s][info][gc,task     ] GC(5615) Using 6 workers of 6 for evacuation
[2025-01-08T22:36:03.517+0000][180633.883s][info][gc,phases   ] GC(5615)   Pre Evacuate Collection Set: 1.1ms
[2025-01-08T22:36:03.517+0000][180633.883s][info][gc,phases   ] GC(5615)   Merge Heap Roots: 0.4ms
[2025-01-08T22:36:03.517+0000][180633.883s][info][gc,phases   ] GC(5615)   Evacuate Collection Set: 29.3ms
[2025-01-08T22:36:03.517+0000][180633.883s][info][gc,phases   ] GC(5615)   Post Evacuate Collection Set: 2.7ms
[2025-01-08T22:36:03.517+0000][180633.883s][info][gc,phases   ] GC(5615)   Other: 0.3ms
[2025-01-08T22:36:03.517+0000][180633.883s][info][gc,heap     ] GC(5615) Eden regions: 914->0(913)
[2025-01-08T22:36:03.517+0000][180633.883s][info][gc,heap     ] GC(5615) Survivor regions: 7->8(116)
[2025-01-08T22:36:03.517+0000][180633.883s][info][gc,heap     ] GC(5615) Old regions: 235->235
[2025-01-08T22:36:03.517+0000][180633.883s][info][gc,heap     ] GC(5615) Archive regions: 2->2
[2025-01-08T22:36:03.517+0000][180633.883s][info][gc,heap     ] GC(5615) Humongous regions: 49->49
[2025-01-08T22:36:03.517+0000][180633.883s][info][gc,metaspace] GC(5615) Metaspace: 524023K(533824K)->524023K(533824K) NonClass: 460168K(465088K)->460168K(465088K) Class: 63855K(68736K)->63855K(68736K)
[2025-01-08T22:36:03.517+0000][180633.883s][info][gc          ] GC(5615) Pause Young (Concurrent Start) (G1 Evacuation Pause) 9636M->2339M(12288M) 34.013ms
[2025-01-08T22:36:03.517+0000][180633.883s][info][gc,cpu      ] GC(5615) User=0.19s Sys=0.00s Real=0.03s
[2025-01-08T22:36:03.517+0000][180633.883s][info][gc          ] GC(5616) Concurrent Mark Cycle
[2025-01-08T22:36:03.517+0000][180633.883s][info][gc,marking  ] GC(5616) Concurrent Clear Claimed Marks
[2025-01-08T22:36:03.518+0000][180633.884s][info][gc,marking  ] GC(5616) Concurrent Clear Claimed Marks 1.030ms
[2025-01-08T22:36:03.518+0000][180633.884s][info][gc,marking  ] GC(5616) Concurrent Scan Root Regions
[2025-01-08T22:36:03.545+0000][180633.911s][info][gc,marking  ] GC(5616) Concurrent Scan Root Regions 26.330ms
[2025-01-08T22:36:03.545+0000][180633.911s][info][gc,marking  ] GC(5616) Concurrent Mark
[2025-01-08T22:36:03.545+0000][180633.911s][info][gc,marking  ] GC(5616) Concurrent Mark From Roots
[2025-01-08T22:36:03.545+0000][180633.911s][info][gc,task     ] GC(5616) Using 2 workers of 2 for marking
[2025-01-08T22:36:04.459+0000][180634.825s][info][gc,marking  ] GC(5616) Concurrent Mark From Roots 914.574ms
[2025-01-08T22:36:04.459+0000][180634.825s][info][gc,marking  ] GC(5616) Concurrent Preclean
[2025-01-08T22:36:04.462+0000][180634.828s][info][gc,marking  ] GC(5616) Concurrent Preclean 2.821ms
[2025-01-08T22:36:04.462+0000][180634.828s][info][gc,start    ] GC(5616) Pause Remark
[2025-01-08T22:36:04.489+0000][180634.855s][info][gc          ] GC(5616) Pause Remark 3151M->3151M(12288M) 26.397ms
[2025-01-08T22:36:04.489+0000][180634.855s][info][gc,cpu      ] GC(5616) User=0.15s Sys=0.00s Real=0.02s
[2025-01-08T22:36:04.489+0000][180634.855s][info][gc,marking  ] GC(5616) Concurrent Mark 944.177ms
[2025-01-08T22:36:04.489+0000][180634.855s][info][gc,marking  ] GC(5616) Concurrent Rebuild Remembered Sets
[2025-01-08T22:36:05.026+0000][180635.392s][info][gc,marking  ] GC(5616) Concurrent Rebuild Remembered Sets 536.759ms
[2025-01-08T22:36:05.026+0000][180635.392s][info][gc,start    ] GC(5616) Pause Cleanup
[2025-01-08T22:36:05.026+0000][180635.392s][info][gc          ] GC(5616) Pause Cleanup 3591M->3591M(12288M) 0.445ms
[2025-01-08T22:36:05.026+0000][180635.392s][info][gc,cpu      ] GC(5616) User=0.01s Sys=0.00s Real=0.00s
[2025-01-08T22:36:05.026+0000][180635.393s][info][gc,marking  ] GC(5616) Concurrent Cleanup for Next Mark
[2025-01-08T22:36:05.042+0000][180635.408s][info][gc,marking  ] GC(5616) Concurrent Cleanup for Next Mark 15.945ms
[2025-01-08T22:36:05.042+0000][180635.408s][info][gc          ] GC(5616) Concurrent Mark Cycle 1525.120ms
[2025-01-08T22:36:11.659+0000][180642.025s][info][gc,start    ] GC(5617) Pause Young (Prepare Mixed) (G1 Evacuation Pause)
[2025-01-08T22:36:11.659+0000][180642.025s][info][gc,task     ] GC(5617) Using 6 workers of 6 for evacuation
[2025-01-08T22:36:11.698+0000][180642.065s][info][gc,phases   ] GC(5617)   Pre Evacuate Collection Set: 0.2ms
[2025-01-08T22:36:11.698+0000][180642.065s][info][gc,phases   ] GC(5617)   Merge Heap Roots: 0.6ms
[2025-01-08T22:36:11.698+0000][180642.065s][info][gc,phases   ] GC(5617)   Evacuate Collection Set: 35.9ms
[2025-01-08T22:36:11.699+0000][180642.065s][info][gc,phases   ] GC(5617)   Post Evacuate Collection Set: 2.8ms
[2025-01-08T22:36:11.699+0000][180642.065s][info][gc,phases   ] GC(5617)   Other: 0.2ms
[2025-01-08T22:36:11.699+0000][180642.065s][info][gc,heap     ] GC(5617) Eden regions: 913->0(66)
[2025-01-08T22:36:11.699+0000][180642.065s][info][gc,heap     ] GC(5617) Survivor regions: 8->10(116)
[2025-01-08T22:36:11.699+0000][180642.065s][info][gc,heap     ] GC(5617) Old regions: 235->235
[2025-01-08T22:36:11.699+0000][180642.065s][info][gc,heap     ] GC(5617) Archive regions: 2->2
[2025-01-08T22:36:11.699+0000][180642.065s][info][gc,heap     ] GC(5617) Humongous regions: 49->49
[2025-01-08T22:36:11.699+0000][180642.065s][info][gc,metaspace] GC(5617) Metaspace: 524025K(533824K)->524025K(533824K) NonClass: 460169K(465088K)->460169K(465088K) Class: 63856K(68736K)->63856K(68736K)
[2025-01-08T22:36:11.699+0000][180642.065s][info][gc          ] GC(5617) Pause Young (Prepare Mixed) (G1 Evacuation Pause) 9643M->2355M(12288M) 39.851ms
[2025-01-08T22:36:11.699+0000][180642.065s][info][gc,cpu      ] GC(5617) User=0.23s Sys=0.00s Real=0.04s
[2025-01-08T22:36:12.802+0000][180643.168s][info][gc,start    ] GC(5618) Pause Young (Mixed) (G1 Evacuation Pause)
[2025-01-08T22:36:12.802+0000][180643.169s][info][gc,task     ] GC(5618) Using 6 workers of 6 for evacuation
[2025-01-08T22:36:12.872+0000][180643.238s][info][gc,phases   ] GC(5618)   Pre Evacuate Collection Set: 0.2ms
[2025-01-08T22:36:12.872+0000][180643.238s][info][gc,phases   ] GC(5618)   Merge Heap Roots: 0.7ms
[2025-01-08T22:36:12.872+0000][180643.238s][info][gc,phases   ] GC(5618)   Evacuate Collection Set: 66.5ms
[2025-01-08T22:36:12.872+0000][180643.238s][info][gc,phases   ] GC(5618)   Post Evacuate Collection Set: 2.0ms
[2025-01-08T22:36:12.872+0000][180643.238s][info][gc,phases   ] GC(5618)   Other: 0.2ms
[2025-01-08T22:36:12.872+0000][180643.238s][info][gc,heap     ] GC(5618) Eden regions: 66->0(916)
[2025-01-08T22:36:12.872+0000][180643.238s][info][gc,heap     ] GC(5618) Survivor regions: 10->5(10)
[2025-01-08T22:36:12.872+0000][180643.238s][info][gc,heap     ] GC(5618) Old regions: 235->236
[2025-01-08T22:36:12.872+0000][180643.238s][info][gc,heap     ] GC(5618) Archive regions: 2->2
[2025-01-08T22:36:12.872+0000][180643.238s][info][gc,heap     ] GC(5618) Humongous regions: 49->49
[2025-01-08T22:36:12.872+0000][180643.238s][info][gc,metaspace] GC(5618) Metaspace: 524025K(533824K)->524025K(533824K) NonClass: 460169K(465088K)->460169K(465088K) Class: 63856K(68736K)->63856K(68736K)
[2025-01-08T22:36:12.872+0000][180643.238s][info][gc          ] GC(5618) Pause Young (Mixed) (G1 Evacuation Pause) 2883M->2323M(12288M) 69.663ms
[2025-01-08T22:36:12.872+0000][180643.238s][info][gc,cpu      ] GC(5618) User=0.41s Sys=0.00s Real=0.07s
[2025-01-08T22:36:19.933+0000][180650.299s][info][gc,start    ] GC(5619) Pause Young (Normal) (G1 Evacuation Pause)
[2025-01-08T22:36:19.933+0000][180650.299s][info][gc,task     ] GC(5619) Using 6 workers of 6 for evacuation
[2025-01-08T22:36:19.960+0000][180650.327s][info][gc,phases   ] GC(5619)   Pre Evacuate Collection Set: 0.2ms
[2025-01-08T22:36:19.961+0000][180650.327s][info][gc,phases   ] GC(5619)   Merge Heap Roots: 0.4ms
[2025-01-08T22:36:19.961+0000][180650.327s][info][gc,phases   ] GC(5619)   Evacuate Collection Set: 22.8ms
[2025-01-08T22:36:19.961+0000][180650.327s][info][gc,phases   ] GC(5619)   Post Evacuate Collection Set: 4.1ms
[2025-01-08T22:36:19.961+0000][180650.327s][info][gc,phases   ] GC(5619)   Other: 0.2ms
[2025-01-08T22:36:19.961+0000][180650.327s][info][gc,heap     ] GC(5619) Eden regions: 916->0(915)
[2025-01-08T22:36:19.961+0000][180650.327s][info][gc,heap     ] GC(5619) Survivor regions: 5->6(116)
[2025-01-08T22:36:19.961+0000][180650.327s][info][gc,heap     ] GC(5619) Old regions: 236->236
[2025-01-08T22:36:19.961+0000][180650.327s][info][gc,heap     ] GC(5619) Archive regions: 2->2
[2025-01-08T22:36:19.961+0000][180650.327s][info][gc,heap     ] GC(5619) Humongous regions: 49->49
[2025-01-08T22:36:19.961+0000][180650.327s][info][gc,metaspace] GC(5619) Metaspace: 524025K(533824K)->524025K(533824K) NonClass: 460169K(465088K)->460169K(465088K) Class: 63856K(68736K)->63856K(68736K)
[2025-01-08T22:36:19.961+0000][180650.327s][info][gc          ] GC(5619) Pause Young (Normal) (G1 Evacuation Pause) 9651M->2332M(12288M) 27.757ms
[2025-01-08T22:36:19.961+0000][180650.327s][info][gc,cpu      ] GC(5619) User=0.16s Sys=0.00s Real=0.02s
[2025-01-08T22:36:27.691+0000][180658.057s][info][gc,start    ] GC(5620) Pause Young (Normal) (G1 Evacuation Pause)
[2025-01-08T22:36:27.691+0000][180658.057s][info][gc,task     ] GC(5620) Using 6 workers of 6 for evacuation
[2025-01-08T22:36:27.721+0000][180658.088s][info][gc,phases   ] GC(5620)   Pre Evacuate Collection Set: 0.2ms
[2025-01-08T22:36:27.722+0000][180658.088s][info][gc,phases   ] GC(5620)   Merge Heap Roots: 0.4ms
[2025-01-08T22:36:27.722+0000][180658.088s][info][gc,phases   ] GC(5620)   Evacuate Collection Set: 25.4ms
[2025-01-08T22:36:27.722+0000][180658.088s][info][gc,phases   ] GC(5620)   Post Evacuate Collection Set: 4.1ms
[2025-01-08T22:36:27.722+0000][180658.088s][info][gc,phases   ] GC(5620)   Other: 0.3ms
[2025-01-08T22:36:27.722+0000][180658.088s][info][gc,heap     ] GC(5620) Eden regions: 915->0(913)
[2025-01-08T22:36:27.722+0000][180658.088s][info][gc,heap     ] GC(5620) Survivor regions: 6->8(116)
[2025-01-08T22:36:27.722+0000][180658.088s][info][gc,heap     ] GC(5620) Old regions: 236->236
[2025-01-08T22:36:27.722+0000][180658.088s][info][gc,heap     ] GC(5620) Archive regions: 2->2
[2025-01-08T22:36:27.722+0000][180658.088s][info][gc,heap     ] GC(5620) Humongous regions: 49->49
[2025-01-08T22:36:27.722+0000][180658.088s][info][gc,metaspace] GC(5620) Metaspace: 524025K(533824K)->524025K(533824K) NonClass: 460169K(465088K)->460169K(465088K) Class: 63856K(68736K)->63856K(68736K)
[2025-01-08T22:36:27.722+0000][180658.088s][info][gc          ] GC(5620) Pause Young (Normal) (G1 Evacuation Pause) 9652M->2348M(12288M) 30.403ms
[2025-01-08T22:36:27.722+0000][180658.088s][info][gc,cpu      ] GC(5620) User=0.17s Sys=0.00s Real=0.03s
[2025-01-08T22:36:33.410+0000][180663.776s][info][gc,start    ] GC(5621) Pause Young (Concurrent Start) (G1 Evacuation Pause)
[2025-01-08T22:36:33.410+0000][180663.776s][info][gc,task     ] GC(5621) Using 6 workers of 6 for evacuation
[2025-01-08T22:36:33.439+0000][180663.805s][info][gc,phases   ] GC(5621)   Pre Evacuate Collection Set: 1.1ms
[2025-01-08T22:36:33.439+0000][180663.805s][info][gc,phases   ] GC(5621)   Merge Heap Roots: 0.4ms
[2025-01-08T22:36:33.439+0000][180663.805s][info][gc,phases   ] GC(5621)   Evacuate Collection Set: 24.9ms
[2025-01-08T22:36:33.439+0000][180663.805s][info][gc,phases   ] GC(5621)   Post Evacuate Collection Set: 2.4ms
[2025-01-08T22:36:33.439+0000][180663.805s][info][gc,phases   ] GC(5621)   Other: 0.3ms
[2025-01-08T22:36:33.439+0000][180663.805s][info][gc,heap     ] GC(5621) Eden regions: 913->0(913)
[2025-01-08T22:36:33.439+0000][180663.805s][info][gc,heap     ] GC(5621) Survivor regions: 8->8(116)
[2025-01-08T22:36:33.439+0000][180663.805s][info][gc,heap     ] GC(5621) Old regions: 236->236
[2025-01-08T22:36:33.439+0000][180663.805s][info][gc,heap     ] GC(5621) Archive regions: 2->2
[2025-01-08T22:36:33.439+0000][180663.805s][info][gc,heap     ] GC(5621) Humongous regions: 49->49
[2025-01-08T22:36:33.439+0000][180663.805s][info][gc,metaspace] GC(5621) Metaspace: 524025K(533824K)->524025K(533824K) NonClass: 460169K(465088K)->460169K(465088K) Class: 63856K(68736K)->63856K(68736K)
[2025-01-08T22:36:33.439+0000][180663.805s][info][gc          ] GC(5621) Pause Young (Concurrent Start) (G1 Evacuation Pause) 9652M->2346M(12288M) 29.191ms
[2025-01-08T22:36:33.439+0000][180663.805s][info][gc,cpu      ] GC(5621) User=0.16s Sys=0.00s Real=0.02s
[2025-01-08T22:36:33.439+0000][180663.805s][info][gc          ] GC(5622) Concurrent Mark Cycle
[2025-01-08T22:36:33.439+0000][180663.805s][info][gc,marking  ] GC(5622) Concurrent Clear Claimed Marks
[2025-01-08T22:36:33.440+0000][180663.806s][info][gc,marking  ] GC(5622) Concurrent Clear Claimed Marks 0.944ms
[2025-01-08T22:36:33.440+0000][180663.806s][info][gc,marking  ] GC(5622) Concurrent Scan Root Regions
[2025-01-08T22:36:33.462+0000][180663.828s][info][gc,marking  ] GC(5622) Concurrent Scan Root Regions 21.960ms
[2025-01-08T22:36:33.462+0000][180663.828s][info][gc,marking  ] GC(5622) Concurrent Mark
[2025-01-08T22:36:33.462+0000][180663.828s][info][gc,marking  ] GC(5622) Concurrent Mark From Roots
[2025-01-08T22:36:33.462+0000][180663.828s][info][gc,task     ] GC(5622) Using 2 workers of 2 for marking
[2025-01-08T22:36:34.657+0000][180665.023s][info][gc,marking  ] GC(5622) Concurrent Mark From Roots 1194.995ms
[2025-01-08T22:36:34.657+0000][180665.023s][info][gc,marking  ] GC(5622) Concurrent Preclean
[2025-01-08T22:36:34.661+0000][180665.028s][info][gc,marking  ] GC(5622) Concurrent Preclean 4.075ms
[2025-01-08T22:36:34.662+0000][180665.028s][info][gc,start    ] GC(5622) Pause Remark
[2025-01-08T22:36:34.690+0000][180665.056s][info][gc          ] GC(5622) Pause Remark 4128M->4128M(12288M) 28.488ms
[2025-01-08T22:36:34.690+0000][180665.056s][info][gc,cpu      ] GC(5622) User=0.16s Sys=0.00s Real=0.03s
[2025-01-08T22:36:34.690+0000][180665.057s][info][gc,marking  ] GC(5622) Concurrent Mark 1228.124ms
[2025-01-08T22:36:34.690+0000][180665.057s][info][gc,marking  ] GC(5622) Concurrent Rebuild Remembered Sets
[2025-01-08T22:36:35.237+0000][180665.603s][info][gc,marking  ] GC(5622) Concurrent Rebuild Remembered Sets 546.724ms
[2025-01-08T22:36:35.237+0000][180665.603s][info][gc,start    ] GC(5622) Pause Cleanup
[2025-01-08T22:36:35.238+0000][180665.604s][info][gc          ] GC(5622) Pause Cleanup 4838M->4838M(12288M) 0.438ms
[2025-01-08T22:36:35.238+0000][180665.604s][info][gc,cpu      ] GC(5622) User=0.00s Sys=0.00s Real=0.00s
[2025-01-08T22:36:35.238+0000][180665.604s][info][gc,marking  ] GC(5622) Concurrent Cleanup for Next Mark
[2025-01-08T22:36:35.254+0000][180665.620s][info][gc,marking  ] GC(5622) Concurrent Cleanup for Next Mark 15.826ms
[2025-01-08T22:36:35.254+0000][180665.620s][info][gc          ] GC(5622) Concurrent Mark Cycle 1814.449ms
[2025-01-08T22:36:38.601+0000][180668.967s][info][gc,start    ] GC(5623) Pause Young (Prepare Mixed) (G1 Evacuation Pause)
[2025-01-08T22:36:38.601+0000][180668.967s][info][gc,task     ] GC(5623) Using 6 workers of 6 for evacuation
[2025-01-08T22:36:38.636+0000][180669.002s][info][gc,phases   ] GC(5623)   Pre Evacuate Collection Set: 0.2ms
[2025-01-08T22:36:38.636+0000][180669.002s][info][gc,phases   ] GC(5623)   Merge Heap Roots: 0.6ms
[2025-01-08T22:36:38.636+0000][180669.002s][info][gc,phases   ] GC(5623)   Evacuate Collection Set: 29.7ms
[2025-01-08T22:36:38.636+0000][180669.002s][info][gc,phases   ] GC(5623)   Post Evacuate Collection Set: 3.9ms
[2025-01-08T22:36:38.636+0000][180669.002s][info][gc,phases   ] GC(5623)   Other: 0.2ms
[2025-01-08T22:36:38.636+0000][180669.002s][info][gc,heap     ] GC(5623) Eden regions: 913->0(66)
[2025-01-08T22:36:38.636+0000][180669.002s][info][gc,heap     ] GC(5623) Survivor regions: 8->10(116)
[2025-01-08T22:36:38.636+0000][180669.002s][info][gc,heap     ] GC(5623) Old regions: 236->236
[2025-01-08T22:36:38.636+0000][180669.002s][info][gc,heap     ] GC(5623) Archive regions: 2->2
[2025-01-08T22:36:38.636+0000][180669.002s][info][gc,heap     ] GC(5623) Humongous regions: 49->49
[2025-01-08T22:36:38.636+0000][180669.002s][info][gc,metaspace] GC(5623) Metaspace: 524025K(533824K)->524025K(533824K) NonClass: 460169K(465088K)->460169K(465088K) Class: 63856K(68736K)->63856K(68736K)
[2025-01-08T22:36:38.636+0000][180669.002s][info][gc          ] GC(5623) Pause Young (Prepare Mixed) (G1 Evacuation Pause) 9650M->2360M(12288M) 34.713ms
[2025-01-08T22:36:38.636+0000][180669.002s][info][gc,cpu      ] GC(5623) User=0.20s Sys=0.01s Real=0.04s
[2025-01-08T22:36:39.649+0000][180670.015s][info][gc,start    ] GC(5624) Pause Young (Mixed) (G1 Evacuation Pause)
[2025-01-08T22:36:39.649+0000][180670.015s][info][gc,task     ] GC(5624) Using 6 workers of 6 for evacuation
[2025-01-08T22:36:39.710+0000][180670.076s][info][gc,phases   ] GC(5624)   Pre Evacuate Collection Set: 0.2ms
[2025-01-08T22:36:39.710+0000][180670.076s][info][gc,phases   ] GC(5624)   Merge Heap Roots: 0.6ms
[2025-01-08T22:36:39.710+0000][180670.076s][info][gc,phases   ] GC(5624)   Evacuate Collection Set: 58.2ms
[2025-01-08T22:36:39.710+0000][180670.076s][info][gc,phases   ] GC(5624)   Post Evacuate Collection Set: 2.0ms
[2025-01-08T22:36:39.710+0000][180670.076s][info][gc,phases   ] GC(5624)   Other: 0.2ms
[2025-01-08T22:36:39.710+0000][180670.076s][info][gc,heap     ] GC(5624) Eden regions: 66->0(916)
[2025-01-08T22:36:39.710+0000][180670.076s][info][gc,heap     ] GC(5624) Survivor regions: 10->5(10)
[2025-01-08T22:36:39.710+0000][180670.076s][info][gc,heap     ] GC(5624) Old regions: 236->237
[2025-01-08T22:36:39.710+0000][180670.076s][info][gc,heap     ] GC(5624) Archive regions: 2->2
[2025-01-08T22:36:39.710+0000][180670.076s][info][gc,heap     ] GC(5624) Humongous regions: 49->49
[2025-01-08T22:36:39.710+0000][180670.076s][info][gc,metaspace] GC(5624) Metaspace: 524025K(533824K)->524025K(533824K) NonClass: 460169K(465088K)->460169K(465088K) Class: 63856K(68736K)->63856K(68736K)
[2025-01-08T22:36:39.710+0000][180670.076s][info][gc          ] GC(5624) Pause Young (Mixed) (G1 Evacuation Pause) 2888M->2330M(12288M) 61.126ms
[2025-01-08T22:36:39.710+0000][180670.076s][info][gc,cpu      ] GC(5624) User=0.36s Sys=0.00s Real=0.07s
[2025-01-08T22:36:49.063+0000][180679.429s][info][gc,start    ] GC(5625) Pause Young (Normal) (G1 Evacuation Pause)
[2025-01-08T22:36:49.063+0000][180679.429s][info][gc,task     ] GC(5625) Using 6 workers of 6 for evacuation
[2025-01-08T22:36:49.089+0000][180679.455s][info][gc,phases   ] GC(5625)   Pre Evacuate Collection Set: 0.2ms
[2025-01-08T22:36:49.089+0000][180679.455s][info][gc,phases   ] GC(5625)   Merge Heap Roots: 0.4ms
[2025-01-08T22:36:49.089+0000][180679.455s][info][gc,phases   ] GC(5625)   Evacuate Collection Set: 22.5ms
[2025-01-08T22:36:49.089+0000][180679.455s][info][gc,phases   ] GC(5625)   Post Evacuate Collection Set: 2.6ms
[2025-01-08T22:36:49.089+0000][180679.455s][info][gc,phases   ] GC(5625)   Other: 0.2ms
[2025-01-08T22:36:49.089+0000][180679.455s][info][gc,heap     ] GC(5625) Eden regions: 916->0(915)
[2025-01-08T22:36:49.089+0000][180679.455s][info][gc,heap     ] GC(5625) Survivor regions: 5->6(116)
[2025-01-08T22:36:49.089+0000][180679.455s][info][gc,heap     ] GC(5625) Old regions: 237->237
[2025-01-08T22:36:49.089+0000][180679.455s][info][gc,heap     ] GC(5625) Archive regions: 2->2
[2025-01-08T22:36:49.089+0000][180679.455s][info][gc,heap     ] GC(5625) Humongous regions: 49->49
[2025-01-08T22:36:49.089+0000][180679.455s][info][gc,metaspace] GC(5625) Metaspace: 524025K(533824K)->524025K(533824K) NonClass: 460169K(465088K)->460169K(465088K) Class: 63856K(68736K)->63856K(68736K)
[2025-01-08T22:36:49.089+0000][180679.455s][info][gc          ] GC(5625) Pause Young (Normal) (G1 Evacuation Pause) 9658M->2336M(12288M) 25.934ms
[2025-01-08T22:36:49.089+0000][180679.455s][info][gc,cpu      ] GC(5625) User=0.15s Sys=0.00s Real=0.02s
[2025-01-08T22:36:55.126+0000][180685.492s][info][gc,start    ] GC(5626) Pause Young (Normal) (G1 Evacuation Pause)
[2025-01-08T22:36:55.126+0000][180685.492s][info][gc,task     ] GC(5626) Using 6 workers of 6 for evacuation
[2025-01-08T22:36:55.150+0000][180685.516s][info][gc,phases   ] GC(5626)   Pre Evacuate Collection Set: 0.2ms
[2025-01-08T22:36:55.150+0000][180685.517s][info][gc,phases   ] GC(5626)   Merge Heap Roots: 0.4ms
[2025-01-08T22:36:55.150+0000][180685.517s][info][gc,phases   ] GC(5626)   Evacuate Collection Set: 20.9ms
[2025-01-08T22:36:55.150+0000][180685.517s][info][gc,phases   ] GC(5626)   Post Evacuate Collection Set: 2.7ms
[2025-01-08T22:36:55.150+0000][180685.517s][info][gc,phases   ] GC(5626)   Other: 0.2ms
[2025-01-08T22:36:55.150+0000][180685.517s][info][gc,heap     ] GC(5626) Eden regions: 915->0(914)
[2025-01-08T22:36:55.150+0000][180685.517s][info][gc,heap     ] GC(5626) Survivor regions: 6->7(116)
[2025-01-08T22:36:55.150+0000][180685.517s][info][gc,heap     ] GC(5626) Old regions: 237->237
[2025-01-08T22:36:55.150+0000][180685.517s][info][gc,heap     ] GC(5626) Archive regions: 2->2
[2025-01-08T22:36:55.150+0000][180685.517s][info][gc,heap     ] GC(5626) Humongous regions: 49->49
[2025-01-08T22:36:55.150+0000][180685.517s][info][gc,metaspace] GC(5626) Metaspace: 524025K(533824K)->524025K(533824K) NonClass: 460169K(465088K)->460169K(465088K) Class: 63856K(68736K)->63856K(68736K)
[2025-01-08T22:36:55.150+0000][180685.517s][info][gc          ] GC(5626) Pause Young (Normal) (G1 Evacuation Pause) 9656M->2342M(12288M) 24.498ms
[2025-01-08T22:36:55.151+0000][180685.517s][info][gc,cpu      ] GC(5626) User=0.14s Sys=0.00s Real=0.03s
[2025-01-08T22:37:00.115+0000][180690.481s][info][gc,start    ] GC(5627) Pause Young (Concurrent Start) (G1 Evacuation Pause)
[2025-01-08T22:37:00.115+0000][180690.481s][info][gc,task     ] GC(5627) Using 6 workers of 6 for evacuation
[2025-01-08T22:37:00.144+0000][180690.510s][info][gc,phases   ] GC(5627)   Pre Evacuate Collection Set: 1.2ms
[2025-01-08T22:37:00.144+0000][180690.511s][info][gc,phases   ] GC(5627)   Merge Heap Roots: 0.4ms
[2025-01-08T22:37:00.144+0000][180690.511s][info][gc,phases   ] GC(5627)   Evacuate Collection Set: 24.9ms
[2025-01-08T22:37:00.144+0000][180690.511s][info][gc,phases   ] GC(5627)   Post Evacuate Collection Set: 2.4ms
[2025-01-08T22:37:00.144+0000][180690.511s][info][gc,phases   ] GC(5627)   Other: 0.3ms
[2025-01-08T22:37:00.144+0000][180690.511s][info][gc,heap     ] GC(5627) Eden regions: 914->0(914)
[2025-01-08T22:37:00.144+0000][180690.511s][info][gc,heap     ] GC(5627) Survivor regions: 7->7(116)
[2025-01-08T22:37:00.144+0000][180690.511s][info][gc,heap     ] GC(5627) Old regions: 237->237
[2025-01-08T22:37:00.144+0000][180690.511s][info][gc,heap     ] GC(5627) Archive regions: 2->2
[2025-01-08T22:37:00.144+0000][180690.511s][info][gc,heap     ] GC(5627) Humongous regions: 49->49
[2025-01-08T22:37:00.144+0000][180690.511s][info][gc,metaspace] GC(5627) Metaspace: 524025K(533824K)->524025K(533824K) NonClass: 460169K(465088K)->460169K(465088K) Class: 63856K(68736K)->63856K(68736K)
[2025-01-08T22:37:00.145+0000][180690.511s][info][gc          ] GC(5627) Pause Young (Concurrent Start) (G1 Evacuation Pause) 9654M->2341M(12288M) 29.418ms
[2025-01-08T22:37:00.145+0000][180690.511s][info][gc,cpu      ] GC(5627) User=0.16s Sys=0.00s Real=0.03s
[2025-01-08T22:37:00.145+0000][180690.511s][info][gc          ] GC(5628) Concurrent Mark Cycle
[2025-01-08T22:37:00.145+0000][180690.511s][info][gc,marking  ] GC(5628) Concurrent Clear Claimed Marks
[2025-01-08T22:37:00.146+0000][180690.512s][info][gc,marking  ] GC(5628) Concurrent Clear Claimed Marks 1.009ms
[2025-01-08T22:37:00.146+0000][180690.512s][info][gc,marking  ] GC(5628) Concurrent Scan Root Regions
[2025-01-08T22:37:00.169+0000][180690.535s][info][gc,marking  ] GC(5628) Concurrent Scan Root Regions 23.654ms
[2025-01-08T22:37:00.169+0000][180690.535s][info][gc,marking  ] GC(5628) Concurrent Mark
[2025-01-08T22:37:00.169+0000][180690.535s][info][gc,marking  ] GC(5628) Concurrent Mark From Roots
[2025-01-08T22:37:00.169+0000][180690.535s][info][gc,task     ] GC(5628) Using 2 workers of 2 for marking
[2025-01-08T22:37:01.299+0000][180691.665s][info][gc,marking  ] GC(5628) Concurrent Mark From Roots 1129.877ms
[2025-01-08T22:37:01.299+0000][180691.665s][info][gc,marking  ] GC(5628) Concurrent Preclean
[2025-01-08T22:37:01.303+0000][180691.669s][info][gc,marking  ] GC(5628) Concurrent Preclean 3.805ms
[2025-01-08T22:37:01.303+0000][180691.669s][info][gc,start    ] GC(5628) Pause Remark
[2025-01-08T22:37:01.330+0000][180691.696s][info][gc          ] GC(5628) Pause Remark 4029M->4029M(12288M) 26.305ms
[2025-01-08T22:37:01.330+0000][180691.696s][info][gc,cpu      ] GC(5628) User=0.15s Sys=0.00s Real=0.03s
[2025-01-08T22:37:01.330+0000][180691.696s][info][gc,marking  ] GC(5628) Concurrent Mark 1160.383ms
[2025-01-08T22:37:01.330+0000][180691.696s][info][gc,marking  ] GC(5628) Concurrent Rebuild Remembered Sets
[2025-01-08T22:37:01.934+0000][180692.300s][info][gc,marking  ] GC(5628) Concurrent Rebuild Remembered Sets 604.403ms
[2025-01-08T22:37:01.934+0000][180692.300s][info][gc,start    ] GC(5628) Pause Cleanup
[2025-01-08T22:37:01.935+0000][180692.301s][info][gc          ] GC(5628) Pause Cleanup 4721M->4721M(12288M) 0.509ms
[2025-01-08T22:37:01.935+0000][180692.301s][info][gc,cpu      ] GC(5628) User=0.00s Sys=0.00s Real=0.00s
[2025-01-08T22:37:01.935+0000][180692.301s][info][gc,marking  ] GC(5628) Concurrent Cleanup for Next Mark
[2025-01-08T22:37:01.964+0000][180692.330s][info][gc,marking  ] GC(5628) Concurrent Cleanup for Next Mark 28.604ms
[2025-01-08T22:37:01.964+0000][180692.330s][info][gc          ] GC(5628) Concurrent Mark Cycle 1819.060ms
[2025-01-08T22:37:04.889+0000][180695.255s][info][gc,start    ] GC(5629) Pause Young (Prepare Mixed) (G1 Evacuation Pause)
[2025-01-08T22:37:04.889+0000][180695.255s][info][gc,task     ] GC(5629) Using 6 workers of 6 for evacuation
[2025-01-08T22:37:04.920+0000][180695.286s][info][gc,phases   ] GC(5629)   Pre Evacuate Collection Set: 0.2ms
[2025-01-08T22:37:04.920+0000][180695.286s][info][gc,phases   ] GC(5629)   Merge Heap Roots: 0.6ms
[2025-01-08T22:37:04.920+0000][180695.286s][info][gc,phases   ] GC(5629)   Evacuate Collection Set: 27.1ms
[2025-01-08T22:37:04.920+0000][180695.286s][info][gc,phases   ] GC(5629)   Post Evacuate Collection Set: 2.5ms
[2025-01-08T22:37:04.920+0000][180695.286s][info][gc,phases   ] GC(5629)   Other: 0.2ms
[2025-01-08T22:37:04.920+0000][180695.286s][info][gc,heap     ] GC(5629) Eden regions: 914->0(67)
[2025-01-08T22:37:04.920+0000][180695.286s][info][gc,heap     ] GC(5629) Survivor regions: 7->9(116)
[2025-01-08T22:37:04.920+0000][180695.286s][info][gc,heap     ] GC(5629) Old regions: 237->237
[2025-01-08T22:37:04.920+0000][180695.286s][info][gc,heap     ] GC(5629) Archive regions: 2->2
[2025-01-08T22:37:04.920+0000][180695.286s][info][gc,heap     ] GC(5629) Humongous regions: 49->49
[2025-01-08T22:37:04.920+0000][180695.286s][info][gc,metaspace] GC(5629) Metaspace: 524032K(533824K)->524032K(533824K) NonClass: 460175K(465088K)->460175K(465088K) Class: 63856K(68736K)->63856K(68736K)
[2025-01-08T22:37:04.920+0000][180695.286s][info][gc          ] GC(5629) Pause Young (Prepare Mixed) (G1 Evacuation Pause) 9653M->2360M(12288M) 30.828ms
[2025-01-08T22:37:04.920+0000][180695.286s][info][gc,cpu      ] GC(5629) User=0.18s Sys=0.00s Real=0.03s
[2025-01-08T22:37:05.230+0000][180695.596s][info][gc,start    ] GC(5630) Pause Young (Mixed) (G1 Evacuation Pause)
[2025-01-08T22:37:05.230+0000][180695.596s][info][gc,task     ] GC(5630) Using 6 workers of 6 for evacuation
[2025-01-08T22:37:05.267+0000][180695.633s][info][gc,phases   ] GC(5630)   Pre Evacuate Collection Set: 0.2ms
[2025-01-08T22:37:05.267+0000][180695.633s][info][gc,phases   ] GC(5630)   Merge Heap Roots: 0.4ms
[2025-01-08T22:37:05.267+0000][180695.633s][info][gc,phases   ] GC(5630)   Evacuate Collection Set: 34.0ms
[2025-01-08T22:37:05.267+0000][180695.633s][info][gc,phases   ] GC(5630)   Post Evacuate Collection Set: 1.6ms
[2025-01-08T22:37:05.267+0000][180695.633s][info][gc,phases   ] GC(5630)   Other: 0.2ms
[2025-01-08T22:37:05.267+0000][180695.633s][info][gc,heap     ] GC(5630) Eden regions: 67->0(915)
[2025-01-08T22:37:05.267+0000][180695.633s][info][gc,heap     ] GC(5630) Survivor regions: 9->6(10)
[2025-01-08T22:37:05.267+0000][180695.633s][info][gc,heap     ] GC(5630) Old regions: 237->233
[2025-01-08T22:37:05.267+0000][180695.633s][info][gc,heap     ] GC(5630) Archive regions: 2->2
[2025-01-08T22:37:05.267+0000][180695.633s][info][gc,heap     ] GC(5630) Humongous regions: 49->49
[2025-01-08T22:37:05.267+0000][180695.633s][info][gc,metaspace] GC(5630) Metaspace: 524032K(533824K)->524032K(533824K) NonClass: 460175K(465088K)->460175K(465088K) Class: 63856K(68736K)->63856K(68736K)
[2025-01-08T22:37:05.267+0000][180695.633s][info][gc          ] GC(5630) Pause Young (Mixed) (G1 Evacuation Pause) 2896M->2298M(12288M) 36.449ms
[2025-01-08T22:37:05.267+0000][180695.633s][info][gc,cpu      ] GC(5630) User=0.21s Sys=0.00s Real=0.03s
[2025-01-08T22:37:10.743+0000][180701.109s][info][gc,start    ] GC(5631) Pause Young (Normal) (G1 Evacuation Pause)
[2025-01-08T22:37:10.743+0000][180701.109s][info][gc,task     ] GC(5631) Using 6 workers of 6 for evacuation
[2025-01-08T22:37:10.767+0000][180701.133s][info][gc,phases   ] GC(5631)   Pre Evacuate Collection Set: 0.2ms
[2025-01-08T22:37:10.767+0000][180701.133s][info][gc,phases   ] GC(5631)   Merge Heap Roots: 0.4ms
[2025-01-08T22:37:10.767+0000][180701.133s][info][gc,phases   ] GC(5631)   Evacuate Collection Set: 20.2ms
[2025-01-08T22:37:10.767+0000][180701.133s][info][gc,phases   ] GC(5631)   Post Evacuate Collection Set: 2.5ms
[2025-01-08T22:37:10.767+0000][180701.133s][info][gc,phases   ] GC(5631)   Other: 0.2ms
[2025-01-08T22:37:10.767+0000][180701.133s][info][gc,heap     ] GC(5631) Eden regions: 915->0(915)
[2025-01-08T22:37:10.767+0000][180701.133s][info][gc,heap     ] GC(5631) Survivor regions: 6->6(116)
[2025-01-08T22:37:10.767+0000][180701.133s][info][gc,heap     ] GC(5631) Old regions: 233->233
[2025-01-08T22:37:10.767+0000][180701.133s][info][gc,heap     ] GC(5631) Archive regions: 2->2
[2025-01-08T22:37:10.767+0000][180701.133s][info][gc,heap     ] GC(5631) Humongous regions: 49->49
[2025-01-08T22:37:10.767+0000][180701.133s][info][gc,metaspace] GC(5631) Metaspace: 524032K(533824K)->524032K(533824K) NonClass: 460175K(465088K)->460175K(465088K) Class: 63856K(68736K)->63856K(68736K)
[2025-01-08T22:37:10.767+0000][180701.133s][info][gc          ] GC(5631) Pause Young (Normal) (G1 Evacuation Pause) 9618M->2303M(12288M) 23.673ms
[2025-01-08T22:37:10.767+0000][180701.133s][info][gc,cpu      ] GC(5631) User=0.13s Sys=0.00s Real=0.02s
[2025-01-08T22:37:15.483+0000][180705.849s][info][gc,start    ] GC(5632) Pause Young (Normal) (G1 Evacuation Pause)
[2025-01-08T22:37:15.483+0000][180705.849s][info][gc,task     ] GC(5632) Using 6 workers of 6 for evacuation
[2025-01-08T22:37:15.513+0000][180705.879s][info][gc,phases   ] GC(5632)   Pre Evacuate Collection Set: 0.2ms
[2025-01-08T22:37:15.513+0000][180705.879s][info][gc,phases   ] GC(5632)   Merge Heap Roots: 0.4ms
[2025-01-08T22:37:15.513+0000][180705.879s][info][gc,phases   ] GC(5632)   Evacuate Collection Set: 23.4ms
[2025-01-08T22:37:15.513+0000][180705.879s][info][gc,phases   ] GC(5632)   Post Evacuate Collection Set: 5.7ms
[2025-01-08T22:37:15.513+0000][180705.879s][info][gc,phases   ] GC(5632)   Other: 0.2ms
[2025-01-08T22:37:15.513+0000][180705.879s][info][gc,heap     ] GC(5632) Eden regions: 915->0(912)
[2025-01-08T22:37:15.513+0000][180705.879s][info][gc,heap     ] GC(5632) Survivor regions: 6->9(116)
[2025-01-08T22:37:15.513+0000][180705.879s][info][gc,heap     ] GC(5632) Old regions: 233->233
[2025-01-08T22:37:15.513+0000][180705.879s][info][gc,heap     ] GC(5632) Archive regions: 2->2
[2025-01-08T22:37:15.513+0000][180705.879s][info][gc,heap     ] GC(5632) Humongous regions: 49->49
[2025-01-08T22:37:15.513+0000][180705.879s][info][gc,metaspace] GC(5632) Metaspace: 524032K(533824K)->524032K(533824K) NonClass: 460175K(465088K)->460175K(465088K) Class: 63856K(68736K)->63856K(68736K)
[2025-01-08T22:37:15.513+0000][180705.879s][info][gc          ] GC(5632) Pause Young (Normal) (G1 Evacuation Pause) 9623M->2321M(12288M) 29.922ms
[2025-01-08T22:37:15.513+0000][180705.879s][info][gc,cpu      ] GC(5632) User=0.18s Sys=0.00s Real=0.03s
[2025-01-08T22:37:24.076+0000][180714.442s][info][gc,start    ] GC(5633) Pause Young (Concurrent Start) (G1 Evacuation Pause)
[2025-01-08T22:37:24.076+0000][180714.442s][info][gc,task     ] GC(5633) Using 6 workers of 6 for evacuation
[2025-01-08T22:37:24.111+0000][180714.477s][info][gc,phases   ] GC(5633)   Pre Evacuate Collection Set: 1.2ms
[2025-01-08T22:37:24.111+0000][180714.477s][info][gc,phases   ] GC(5633)   Merge Heap Roots: 0.4ms
[2025-01-08T22:37:24.111+0000][180714.477s][info][gc,phases   ] GC(5633)   Evacuate Collection Set: 30.1ms
[2025-01-08T22:37:24.111+0000][180714.477s][info][gc,phases   ] GC(5633)   Post Evacuate Collection Set: 3.1ms
[2025-01-08T22:37:24.111+0000][180714.477s][info][gc,phases   ] GC(5633)   Other: 0.3ms
[2025-01-08T22:37:24.111+0000][180714.477s][info][gc,heap     ] GC(5633) Eden regions: 912->0(912)
[2025-01-08T22:37:24.111+0000][180714.477s][info][gc,heap     ] GC(5633) Survivor regions: 9->9(116)
[2025-01-08T22:37:24.111+0000][180714.477s][info][gc,heap     ] GC(5633) Old regions: 233->233
[2025-01-08T22:37:24.111+0000][180714.477s][info][gc,heap     ] GC(5633) Archive regions: 2->2
[2025-01-08T22:37:24.111+0000][180714.477s][info][gc,heap     ] GC(5633) Humongous regions: 49->49
[2025-01-08T22:37:24.111+0000][180714.477s][info][gc,metaspace] GC(5633) Metaspace: 524032K(533824K)->524032K(533824K) NonClass: 460175K(465088K)->460175K(465088K) Class: 63856K(68736K)->63856K(68736K)
[2025-01-08T22:37:24.111+0000][180714.477s][info][gc          ] GC(5633) Pause Young (Concurrent Start) (G1 Evacuation Pause) 9617M->2322M(12288M) 35.227ms
[2025-01-08T22:37:24.111+0000][180714.477s][info][gc,cpu      ] GC(5633) User=0.20s Sys=0.00s Real=0.04s
[2025-01-08T22:37:24.111+0000][180714.477s][info][gc          ] GC(5634) Concurrent Mark Cycle
[2025-01-08T22:37:24.111+0000][180714.478s][info][gc,marking  ] GC(5634) Concurrent Clear Claimed Marks
[2025-01-08T22:37:24.112+0000][180714.478s][info][gc,marking  ] GC(5634) Concurrent Clear Claimed Marks 0.962ms
[2025-01-08T22:37:24.112+0000][180714.478s][info][gc,marking  ] GC(5634) Concurrent Scan Root Regions
[2025-01-08T22:37:24.137+0000][180714.503s][info][gc,marking  ] GC(5634) Concurrent Scan Root Regions 24.850ms
[2025-01-08T22:37:24.137+0000][180714.503s][info][gc,marking  ] GC(5634) Concurrent Mark
[2025-01-08T22:37:24.137+0000][180714.503s][info][gc,marking  ] GC(5634) Concurrent Mark From Roots
[2025-01-08T22:37:24.137+0000][180714.503s][info][gc,task     ] GC(5634) Using 2 workers of 2 for marking
[2025-01-08T22:37:25.177+0000][180715.543s][info][gc,marking  ] GC(5634) Concurrent Mark From Roots 1039.860ms
[2025-01-08T22:37:25.177+0000][180715.543s][info][gc,marking  ] GC(5634) Concurrent Preclean
[2025-01-08T22:37:25.180+0000][180715.546s][info][gc,marking  ] GC(5634) Concurrent Preclean 2.811ms
[2025-01-08T22:37:25.180+0000][180715.546s][info][gc,start    ] GC(5634) Pause Remark
[2025-01-08T22:37:25.206+0000][180715.572s][info][gc          ] GC(5634) Pause Remark 3442M->3442M(12288M) 26.052ms
[2025-01-08T22:37:25.206+0000][180715.572s][info][gc,cpu      ] GC(5634) User=0.15s Sys=0.00s Real=0.03s
[2025-01-08T22:37:25.206+0000][180715.572s][info][gc,marking  ] GC(5634) Concurrent Mark 1069.092ms
[2025-01-08T22:37:25.206+0000][180715.572s][info][gc,marking  ] GC(5634) Concurrent Rebuild Remembered Sets
[2025-01-08T22:37:25.723+0000][180716.090s][info][gc,marking  ] GC(5634) Concurrent Rebuild Remembered Sets 517.057ms
[2025-01-08T22:37:25.724+0000][180716.090s][info][gc,start    ] GC(5634) Pause Cleanup
[2025-01-08T22:37:25.724+0000][180716.090s][info][gc          ] GC(5634) Pause Cleanup 3718M->3718M(12288M) 0.454ms
[2025-01-08T22:37:25.724+0000][180716.090s][info][gc,cpu      ] GC(5634) User=0.00s Sys=0.00s Real=0.00s
[2025-01-08T22:37:25.724+0000][180716.090s][info][gc,marking  ] GC(5634) Concurrent Cleanup for Next Mark
[2025-01-08T22:37:25.740+0000][180716.106s][info][gc,marking  ] GC(5634) Concurrent Cleanup for Next Mark 15.403ms
[2025-01-08T22:37:25.740+0000][180716.106s][info][gc          ] GC(5634) Concurrent Mark Cycle 1628.211ms
[2025-01-08T22:37:33.962+0000][180724.328s][info][gc,start    ] GC(5635) Pause Young (Prepare Mixed) (G1 Evacuation Pause)
[2025-01-08T22:37:33.962+0000][180724.328s][info][gc,task     ] GC(5635) Using 6 workers of 6 for evacuation
[2025-01-08T22:37:34.000+0000][180724.366s][info][gc,phases   ] GC(5635)   Pre Evacuate Collection Set: 0.2ms
[2025-01-08T22:37:34.000+0000][180724.366s][info][gc,phases   ] GC(5635)   Merge Heap Roots: 0.7ms
[2025-01-08T22:37:34.000+0000][180724.366s][info][gc,phases   ] GC(5635)   Evacuate Collection Set: 32.3ms
[2025-01-08T22:37:34.000+0000][180724.366s][info][gc,phases   ] GC(5635)   Post Evacuate Collection Set: 4.1ms
[2025-01-08T22:37:34.000+0000][180724.366s][info][gc,phases   ] GC(5635)   Other: 0.2ms
[2025-01-08T22:37:34.000+0000][180724.366s][info][gc,heap     ] GC(5635) Eden regions: 912->0(65)
[2025-01-08T22:37:34.000+0000][180724.366s][info][gc,heap     ] GC(5635) Survivor regions: 9->11(116)
[2025-01-08T22:37:34.000+0000][180724.366s][info][gc,heap     ] GC(5635) Old regions: 233->233
[2025-01-08T22:37:34.000+0000][180724.366s][info][gc,heap     ] GC(5635) Archive regions: 2->2
[2025-01-08T22:37:34.000+0000][180724.366s][info][gc,heap     ] GC(5635) Humongous regions: 49->49
[2025-01-08T22:37:34.000+0000][180724.366s][info][gc,metaspace] GC(5635) Metaspace: 524032K(533824K)->524032K(533824K) NonClass: 460175K(465088K)->460175K(465088K) Class: 63856K(68736K)->63856K(68736K)
[2025-01-08T22:37:34.000+0000][180724.366s][info][gc          ] GC(5635) Pause Young (Prepare Mixed) (G1 Evacuation Pause) 9618M->2340M(12288M) 37.572ms
[2025-01-08T22:37:34.000+0000][180724.366s][info][gc,cpu      ] GC(5635) User=0.22s Sys=0.00s Real=0.03s
[2025-01-08T22:37:34.875+0000][180725.241s][info][gc,start    ] GC(5636) Pause Young (Mixed) (G1 Evacuation Pause)
[2025-01-08T22:37:34.875+0000][180725.241s][info][gc,task     ] GC(5636) Using 6 workers of 6 for evacuation
[2025-01-08T22:37:34.934+0000][180725.300s][info][gc,phases   ] GC(5636)   Pre Evacuate Collection Set: 0.2ms
[2025-01-08T22:37:34.934+0000][180725.300s][info][gc,phases   ] GC(5636)   Merge Heap Roots: 0.6ms
[2025-01-08T22:37:34.934+0000][180725.300s][info][gc,phases   ] GC(5636)   Evacuate Collection Set: 56.3ms
[2025-01-08T22:37:34.934+0000][180725.300s][info][gc,phases   ] GC(5636)   Post Evacuate Collection Set: 1.8ms
[2025-01-08T22:37:34.934+0000][180725.300s][info][gc,phases   ] GC(5636)   Other: 0.2ms
[2025-01-08T22:37:34.934+0000][180725.300s][info][gc,heap     ] GC(5636) Eden regions: 65->0(915)
[2025-01-08T22:37:34.934+0000][180725.300s][info][gc,heap     ] GC(5636) Survivor regions: 11->6(10)
[2025-01-08T22:37:34.934+0000][180725.300s][info][gc,heap     ] GC(5636) Old regions: 233->232
[2025-01-08T22:37:34.934+0000][180725.300s][info][gc,heap     ] GC(5636) Archive regions: 2->2
[2025-01-08T22:37:34.934+0000][180725.300s][info][gc,heap     ] GC(5636) Humongous regions: 49->49
[2025-01-08T22:37:34.934+0000][180725.300s][info][gc,metaspace] GC(5636) Metaspace: 524032K(533824K)->524032K(533824K) NonClass: 460175K(465088K)->460175K(465088K) Class: 63856K(68736K)->63856K(68736K)
[2025-01-08T22:37:34.934+0000][180725.300s][info][gc          ] GC(5636) Pause Young (Mixed) (G1 Evacuation Pause) 2860M->2295M(12288M) 59.163ms
[2025-01-08T22:37:34.934+0000][180725.300s][info][gc,cpu      ] GC(5636) User=0.34s Sys=0.01s Real=0.06s
[2025-01-08T22:37:44.389+0000][180734.755s][info][gc,start    ] GC(5637) Pause Young (Normal) (G1 Evacuation Pause)
[2025-01-08T22:37:44.389+0000][180734.755s][info][gc,task     ] GC(5637) Using 6 workers of 6 for evacuation
[2025-01-08T22:37:44.415+0000][180734.781s][info][gc,phases   ] GC(5637)   Pre Evacuate Collection Set: 0.2ms
[2025-01-08T22:37:44.415+0000][180734.781s][info][gc,phases   ] GC(5637)   Merge Heap Roots: 0.5ms
[2025-01-08T22:37:44.415+0000][180734.781s][info][gc,phases   ] GC(5637)   Evacuate Collection Set: 22.7ms
[2025-01-08T22:37:44.415+0000][180734.781s][info][gc,phases   ] GC(5637)   Post Evacuate Collection Set: 2.6ms
[2025-01-08T22:37:44.415+0000][180734.781s][info][gc,phases   ] GC(5637)   Other: 0.2ms
[2025-01-08T22:37:44.415+0000][180734.781s][info][gc,heap     ] GC(5637) Eden regions: 915->0(914)
[2025-01-08T22:37:44.415+0000][180734.781s][info][gc,heap     ] GC(5637) Survivor regions: 6->7(116)
[2025-01-08T22:37:44.415+0000][180734.781s][info][gc,heap     ] GC(5637) Old regions: 232->232
[2025-01-08T22:37:44.415+0000][180734.781s][info][gc,heap     ] GC(5637) Archive regions: 2->2
[2025-01-08T22:37:44.415+0000][180734.781s][info][gc,heap     ] GC(5637) Humongous regions: 49->49
[2025-01-08T22:37:44.415+0000][180734.781s][info][gc,metaspace] GC(5637) Metaspace: 524032K(533824K)->524032K(533824K) NonClass: 460175K(465088K)->460175K(465088K) Class: 63856K(68736K)->63856K(68736K)
[2025-01-08T22:37:44.415+0000][180734.781s][info][gc          ] GC(5637) Pause Young (Normal) (G1 Evacuation Pause) 9615M->2305M(12288M) 26.249ms
[2025-01-08T22:37:44.415+0000][180734.781s][info][gc,cpu      ] GC(5637) User=0.15s Sys=0.00s Real=0.03s
[2025-01-08T22:37:52.027+0000][180742.393s][info][gc,start    ] GC(5638) Pause Young (Normal) (G1 Evacuation Pause)
[2025-01-08T22:37:52.027+0000][180742.393s][info][gc,task     ] GC(5638) Using 6 workers of 6 for evacuation
[2025-01-08T22:37:52.058+0000][180742.424s][info][gc,phases   ] GC(5638)   Pre Evacuate Collection Set: 0.2ms
[2025-01-08T22:37:52.058+0000][180742.424s][info][gc,phases   ] GC(5638)   Merge Heap Roots: 0.4ms
[2025-01-08T22:37:52.058+0000][180742.424s][info][gc,phases   ] GC(5638)   Evacuate Collection Set: 27.1ms
[2025-01-08T22:37:52.058+0000][180742.424s][info][gc,phases   ] GC(5638)   Post Evacuate Collection Set: 2.8ms
[2025-01-08T22:37:52.058+0000][180742.424s][info][gc,phases   ] GC(5638)   Other: 0.2ms
[2025-01-08T22:37:52.058+0000][180742.424s][info][gc,heap     ] GC(5638) Eden regions: 914->0(912)
[2025-01-08T22:37:52.058+0000][180742.424s][info][gc,heap     ] GC(5638) Survivor regions: 7->9(116)
[2025-01-08T22:37:52.058+0000][180742.424s][info][gc,heap     ] GC(5638) Old regions: 232->232
[2025-01-08T22:37:52.058+0000][180742.424s][info][gc,heap     ] GC(5638) Archive regions: 2->2
[2025-01-08T22:37:52.058+0000][180742.424s][info][gc,heap     ] GC(5638) Humongous regions: 49->49
[2025-01-08T22:37:52.058+0000][180742.424s][info][gc,metaspace] GC(5638) Metaspace: 524032K(533824K)->524032K(533824K) NonClass: 460175K(465088K)->460175K(465088K) Class: 63856K(68736K)->63856K(68736K)
[2025-01-08T22:37:52.058+0000][180742.424s][info][gc          ] GC(5638) Pause Young (Normal) (G1 Evacuation Pause) 9617M->2318M(12288M) 30.830ms
[2025-01-08T22:37:52.058+0000][180742.424s][info][gc,cpu      ] GC(5638) User=0.18s Sys=0.00s Real=0.03s
[2025-01-08T22:38:04.595+0000][180754.961s][info][gc,start    ] GC(5639) Pause Young (Concurrent Start) (G1 Evacuation Pause)
[2025-01-08T22:38:04.595+0000][180754.961s][info][gc,task     ] GC(5639) Using 6 workers of 6 for evacuation
[2025-01-08T22:38:04.636+0000][180755.002s][info][gc,phases   ] GC(5639)   Pre Evacuate Collection Set: 1.2ms
[2025-01-08T22:38:04.636+0000][180755.002s][info][gc,phases   ] GC(5639)   Merge Heap Roots: 0.5ms
[2025-01-08T22:38:04.636+0000][180755.002s][info][gc,phases   ] GC(5639)   Evacuate Collection Set: 35.7ms
[2025-01-08T22:38:04.636+0000][180755.002s][info][gc,phases   ] GC(5639)   Post Evacuate Collection Set: 3.1ms
[2025-01-08T22:38:04.636+0000][180755.002s][info][gc,phases   ] GC(5639)   Other: 0.3ms
[2025-01-08T22:38:04.636+0000][180755.002s][info][gc,heap     ] GC(5639) Eden regions: 912->0(910)
[2025-01-08T22:38:04.636+0000][180755.002s][info][gc,heap     ] GC(5639) Survivor regions: 9->11(116)
[2025-01-08T22:38:04.636+0000][180755.002s][info][gc,heap     ] GC(5639) Old regions: 232->232
[2025-01-08T22:38:04.636+0000][180755.002s][info][gc,heap     ] GC(5639) Archive regions: 2->2
[2025-01-08T22:38:04.636+0000][180755.002s][info][gc,heap     ] GC(5639) Humongous regions: 49->49
[2025-01-08T22:38:04.636+0000][180755.002s][info][gc,metaspace] GC(5639) Metaspace: 524032K(533824K)->524032K(533824K) NonClass: 460175K(465088K)->460175K(465088K) Class: 63856K(68736K)->63856K(68736K)
[2025-01-08T22:38:04.636+0000][180755.002s][info][gc          ] GC(5639) Pause Young (Concurrent Start) (G1 Evacuation Pause) 9614M->2334M(12288M) 40.894ms
[2025-01-08T22:38:04.636+0000][180755.002s][info][gc,cpu      ] GC(5639) User=0.23s Sys=0.00s Real=0.04s
[2025-01-08T22:38:04.636+0000][180755.002s][info][gc          ] GC(5640) Concurrent Mark Cycle
[2025-01-08T22:38:04.636+0000][180755.002s][info][gc,marking  ] GC(5640) Concurrent Clear Claimed Marks
[2025-01-08T22:38:04.637+0000][180755.003s][info][gc,marking  ] GC(5640) Concurrent Clear Claimed Marks 0.967ms
[2025-01-08T22:38:04.637+0000][180755.003s][info][gc,marking  ] GC(5640) Concurrent Scan Root Regions
[2025-01-08T22:38:04.659+0000][180755.025s][info][gc,marking  ] GC(5640) Concurrent Scan Root Regions 22.363ms
[2025-01-08T22:38:04.659+0000][180755.026s][info][gc,marking  ] GC(5640) Concurrent Mark
[2025-01-08T22:38:04.659+0000][180755.026s][info][gc,marking  ] GC(5640) Concurrent Mark From Roots
[2025-01-08T22:38:04.659+0000][180755.026s][info][gc,task     ] GC(5640) Using 2 workers of 2 for marking
[2025-01-08T22:38:05.406+0000][180755.772s][info][gc,marking  ] GC(5640) Concurrent Mark From Roots 746.167ms
[2025-01-08T22:38:05.406+0000][180755.772s][info][gc,marking  ] GC(5640) Concurrent Preclean
[2025-01-08T22:38:05.408+0000][180755.774s][info][gc,marking  ] GC(5640) Concurrent Preclean 2.758ms
[2025-01-08T22:38:05.409+0000][180755.775s][info][gc,start    ] GC(5640) Pause Remark
[2025-01-08T22:38:05.469+0000][180755.835s][info][gc          ] GC(5640) Pause Remark 2946M->2946M(12288M) 60.258ms
[2025-01-08T22:38:05.469+0000][180755.835s][info][gc,cpu      ] GC(5640) User=0.32s Sys=0.00s Real=0.06s
[2025-01-08T22:38:05.469+0000][180755.835s][info][gc,marking  ] GC(5640) Concurrent Mark 809.573ms
[2025-01-08T22:38:05.469+0000][180755.835s][info][gc,marking  ] GC(5640) Concurrent Rebuild Remembered Sets
[2025-01-08T22:38:06.065+0000][180756.431s][info][gc,marking  ] GC(5640) Concurrent Rebuild Remembered Sets 595.698ms
[2025-01-08T22:38:06.065+0000][180756.431s][info][gc,start    ] GC(5640) Pause Cleanup
[2025-01-08T22:38:06.065+0000][180756.431s][info][gc          ] GC(5640) Pause Cleanup 3622M->3622M(12288M) 0.472ms
[2025-01-08T22:38:06.065+0000][180756.431s][info][gc,cpu      ] GC(5640) User=0.00s Sys=0.00s Real=0.00s
[2025-01-08T22:38:06.065+0000][180756.432s][info][gc,marking  ] GC(5640) Concurrent Cleanup for Next Mark
[2025-01-08T22:38:06.081+0000][180756.447s][info][gc,marking  ] GC(5640) Concurrent Cleanup for Next Mark 15.500ms
[2025-01-08T22:38:06.081+0000][180756.447s][info][gc          ] GC(5640) Concurrent Mark Cycle 1444.990ms
[2025-01-08T22:38:12.490+0000][180762.856s][info][gc,start    ] GC(5641) Pause Young (Prepare Mixed) (G1 Evacuation Pause)
[2025-01-08T22:38:12.490+0000][180762.857s][info][gc,task     ] GC(5641) Using 6 workers of 6 for evacuation
[2025-01-08T22:38:12.537+0000][180762.903s][info][gc,phases   ] GC(5641)   Pre Evacuate Collection Set: 0.2ms
[2025-01-08T22:38:12.537+0000][180762.903s][info][gc,phases   ] GC(5641)   Merge Heap Roots: 0.7ms
[2025-01-08T22:38:12.537+0000][180762.903s][info][gc,phases   ] GC(5641)   Evacuate Collection Set: 39.3ms
[2025-01-08T22:38:12.537+0000][180762.903s][info][gc,phases   ] GC(5641)   Post Evacuate Collection Set: 5.9ms
[2025-01-08T22:38:12.537+0000][180762.903s][info][gc,phases   ] GC(5641)   Other: 0.2ms
[2025-01-08T22:38:12.537+0000][180762.903s][info][gc,heap     ] GC(5641) Eden regions: 910->0(63)
[2025-01-08T22:38:12.537+0000][180762.903s][info][gc,heap     ] GC(5641) Survivor regions: 11->13(116)
[2025-01-08T22:38:12.537+0000][180762.903s][info][gc,heap     ] GC(5641) Old regions: 232->232
[2025-01-08T22:38:12.537+0000][180762.903s][info][gc,heap     ] GC(5641) Archive regions: 2->2
[2025-01-08T22:38:12.537+0000][180762.903s][info][gc,heap     ] GC(5641) Humongous regions: 49->49
[2025-01-08T22:38:12.537+0000][180762.903s][info][gc,metaspace] GC(5641) Metaspace: 523996K(533824K)->523996K(533824K) NonClass: 460148K(465088K)->460148K(465088K) Class: 63848K(68736K)->63848K(68736K)
[2025-01-08T22:38:12.537+0000][180762.903s][info][gc          ] GC(5641) Pause Young (Prepare Mixed) (G1 Evacuation Pause) 9614M->2356M(12288M) 46.432ms
[2025-01-08T22:38:12.537+0000][180762.903s][info][gc,cpu      ] GC(5641) User=0.28s Sys=0.00s Real=0.04s
[2025-01-08T22:38:12.900+0000][180763.266s][info][gc,start    ] GC(5642) Pause Young (Mixed) (G1 Evacuation Pause)
[2025-01-08T22:38:12.900+0000][180763.266s][info][gc,task     ] GC(5642) Using 6 workers of 6 for evacuation
[2025-01-08T22:38:12.963+0000][180763.329s][info][gc,phases   ] GC(5642)   Pre Evacuate Collection Set: 0.2ms
[2025-01-08T22:38:12.963+0000][180763.329s][info][gc,phases   ] GC(5642)   Merge Heap Roots: 0.6ms
[2025-01-08T22:38:12.963+0000][180763.329s][info][gc,phases   ] GC(5642)   Evacuate Collection Set: 60.3ms
[2025-01-08T22:38:12.963+0000][180763.329s][info][gc,phases   ] GC(5642)   Post Evacuate Collection Set: 1.8ms
[2025-01-08T22:38:12.963+0000][180763.329s][info][gc,phases   ] GC(5642)   Other: 0.2ms
[2025-01-08T22:38:12.963+0000][180763.329s][info][gc,heap     ] GC(5642) Eden regions: 63->0(917)
[2025-01-08T22:38:12.963+0000][180763.329s][info][gc,heap     ] GC(5642) Survivor regions: 13->4(10)
[2025-01-08T22:38:12.963+0000][180763.329s][info][gc,heap     ] GC(5642) Old regions: 232->235
[2025-01-08T22:38:12.963+0000][180763.329s][info][gc,heap     ] GC(5642) Archive regions: 2->2
[2025-01-08T22:38:12.963+0000][180763.329s][info][gc,heap     ] GC(5642) Humongous regions: 49->49
[2025-01-08T22:38:12.963+0000][180763.329s][info][gc,metaspace] GC(5642) Metaspace: 523996K(533824K)->523996K(533824K) NonClass: 460148K(465088K)->460148K(465088K) Class: 63848K(68736K)->63848K(68736K)
[2025-01-08T22:38:12.963+0000][180763.329s][info][gc          ] GC(5642) Pause Young (Mixed) (G1 Evacuation Pause) 2860M->2300M(12288M) 63.090ms
[2025-01-08T22:38:12.963+0000][180763.329s][info][gc,cpu      ] GC(5642) User=0.36s Sys=0.01s Real=0.07s
[2025-01-08T22:38:21.024+0000][180771.390s][info][gc,start    ] GC(5643) Pause Young (Normal) (G1 Evacuation Pause)
[2025-01-08T22:38:21.024+0000][180771.390s][info][gc,task     ] GC(5643) Using 6 workers of 6 for evacuation
[2025-01-08T22:38:21.049+0000][180771.415s][info][gc,phases   ] GC(5643)   Pre Evacuate Collection Set: 0.2ms
[2025-01-08T22:38:21.049+0000][180771.415s][info][gc,phases   ] GC(5643)   Merge Heap Roots: 0.4ms
[2025-01-08T22:38:21.049+0000][180771.415s][info][gc,phases   ] GC(5643)   Evacuate Collection Set: 20.8ms
[2025-01-08T22:38:21.049+0000][180771.415s][info][gc,phases   ] GC(5643)   Post Evacuate Collection Set: 2.8ms
[2025-01-08T22:38:21.049+0000][180771.415s][info][gc,phases   ] GC(5643)   Other: 0.2ms
[2025-01-08T22:38:21.049+0000][180771.415s][info][gc,heap     ] GC(5643) Eden regions: 917->0(916)
[2025-01-08T22:38:21.049+0000][180771.415s][info][gc,heap     ] GC(5643) Survivor regions: 4->5(116)
[2025-01-08T22:38:21.049+0000][180771.415s][info][gc,heap     ] GC(5643) Old regions: 235->235
[2025-01-08T22:38:21.049+0000][180771.415s][info][gc,heap     ] GC(5643) Archive regions: 2->2
[2025-01-08T22:38:21.049+0000][180771.415s][info][gc,heap     ] GC(5643) Humongous regions: 49->49
[2025-01-08T22:38:21.049+0000][180771.415s][info][gc,metaspace] GC(5643) Metaspace: 523996K(533824K)->523996K(533824K) NonClass: 460148K(465088K)->460148K(465088K) Class: 63848K(68736K)->63848K(68736K)
[2025-01-08T22:38:21.049+0000][180771.415s][info][gc          ] GC(5643) Pause Young (Normal) (G1 Evacuation Pause) 9636M->2311M(12288M) 24.581ms
[2025-01-08T22:38:21.049+0000][180771.415s][info][gc,cpu      ] GC(5643) User=0.14s Sys=0.00s Real=0.02s
[2025-01-08T22:38:33.586+0000][180783.952s][info][gc,start    ] GC(5644) Pause Young (Normal) (G1 Evacuation Pause)
[2025-01-08T22:38:33.586+0000][180783.952s][info][gc,task     ] GC(5644) Using 6 workers of 6 for evacuation
[2025-01-08T22:38:33.618+0000][180783.984s][info][gc,phases   ] GC(5644)   Pre Evacuate Collection Set: 0.2ms
[2025-01-08T22:38:33.618+0000][180783.984s][info][gc,phases   ] GC(5644)   Merge Heap Roots: 0.4ms
[2025-01-08T22:38:33.618+0000][180783.984s][info][gc,phases   ] GC(5644)   Evacuate Collection Set: 26.5ms
[2025-01-08T22:38:33.618+0000][180783.984s][info][gc,phases   ] GC(5644)   Post Evacuate Collection Set: 4.2ms
[2025-01-08T22:38:33.618+0000][180783.984s][info][gc,phases   ] GC(5644)   Other: 0.2ms
[2025-01-08T22:38:33.618+0000][180783.984s][info][gc,heap     ] GC(5644) Eden regions: 916->0(913)
[2025-01-08T22:38:33.618+0000][180783.984s][info][gc,heap     ] GC(5644) Survivor regions: 5->8(116)
[2025-01-08T22:38:33.618+0000][180783.984s][info][gc,heap     ] GC(5644) Old regions: 235->235
[2025-01-08T22:38:33.618+0000][180783.984s][info][gc,heap     ] GC(5644) Archive regions: 2->2
[2025-01-08T22:38:33.618+0000][180783.984s][info][gc,heap     ] GC(5644) Humongous regions: 49->49
[2025-01-08T22:38:33.618+0000][180783.984s][info][gc,metaspace] GC(5644) Metaspace: 523996K(533824K)->523996K(533824K) NonClass: 460148K(465088K)->460148K(465088K) Class: 63848K(68736K)->63848K(68736K)
[2025-01-08T22:38:33.618+0000][180783.984s][info][gc          ] GC(5644) Pause Young (Normal) (G1 Evacuation Pause) 9639M->2335M(12288M) 31.614ms
[2025-01-08T22:38:33.618+0000][180783.984s][info][gc,cpu      ] GC(5644) User=0.18s Sys=0.01s Real=0.03s
[2025-01-08T22:38:41.368+0000][180791.734s][info][gc,start    ] GC(5645) Pause Young (Concurrent Start) (G1 Evacuation Pause)
[2025-01-08T22:38:41.368+0000][180791.734s][info][gc,task     ] GC(5645) Using 6 workers of 6 for evacuation
[2025-01-08T22:38:41.398+0000][180791.764s][info][gc,phases   ] GC(5645)   Pre Evacuate Collection Set: 1.2ms
[2025-01-08T22:38:41.398+0000][180791.764s][info][gc,phases   ] GC(5645)   Merge Heap Roots: 0.4ms
[2025-01-08T22:38:41.398+0000][180791.764s][info][gc,phases   ] GC(5645)   Evacuate Collection Set: 26.3ms
[2025-01-08T22:38:41.398+0000][180791.764s][info][gc,phases   ] GC(5645)   Post Evacuate Collection Set: 2.6ms
[2025-01-08T22:38:41.398+0000][180791.764s][info][gc,phases   ] GC(5645)   Other: 0.3ms
[2025-01-08T22:38:41.398+0000][180791.764s][info][gc,heap     ] GC(5645) Eden regions: 913->0(913)
[2025-01-08T22:38:41.398+0000][180791.764s][info][gc,heap     ] GC(5645) Survivor regions: 8->8(116)
[2025-01-08T22:38:41.398+0000][180791.764s][info][gc,heap     ] GC(5645) Old regions: 235->235
[2025-01-08T22:38:41.398+0000][180791.764s][info][gc,heap     ] GC(5645) Archive regions: 2->2
[2025-01-08T22:38:41.398+0000][180791.764s][info][gc,heap     ] GC(5645) Humongous regions: 49->49
[2025-01-08T22:38:41.398+0000][180791.764s][info][gc,metaspace] GC(5645) Metaspace: 523996K(533824K)->523996K(533824K) NonClass: 460148K(465088K)->460148K(465088K) Class: 63848K(68736K)->63848K(68736K)
[2025-01-08T22:38:41.398+0000][180791.765s][info][gc          ] GC(5645) Pause Young (Concurrent Start) (G1 Evacuation Pause) 9639M->2333M(12288M) 30.851ms
[2025-01-08T22:38:41.398+0000][180791.765s][info][gc,cpu      ] GC(5645) User=0.18s Sys=0.00s Real=0.03s
[2025-01-08T22:38:41.398+0000][180791.765s][info][gc          ] GC(5646) Concurrent Mark Cycle
[2025-01-08T22:38:41.399+0000][180791.765s][info][gc,marking  ] GC(5646) Concurrent Clear Claimed Marks
[2025-01-08T22:38:41.399+0000][180791.766s][info][gc,marking  ] GC(5646) Concurrent Clear Claimed Marks 0.925ms
[2025-01-08T22:38:41.399+0000][180791.766s][info][gc,marking  ] GC(5646) Concurrent Scan Root Regions
[2025-01-08T22:38:41.425+0000][180791.791s][info][gc,marking  ] GC(5646) Concurrent Scan Root Regions 25.361ms
[2025-01-08T22:38:41.425+0000][180791.791s][info][gc,marking  ] GC(5646) Concurrent Mark
[2025-01-08T22:38:41.425+0000][180791.791s][info][gc,marking  ] GC(5646) Concurrent Mark From Roots
[2025-01-08T22:38:41.425+0000][180791.791s][info][gc,task     ] GC(5646) Using 2 workers of 2 for marking
[2025-01-08T22:38:42.296+0000][180792.662s][info][gc,marking  ] GC(5646) Concurrent Mark From Roots 870.752ms
[2025-01-08T22:38:42.296+0000][180792.662s][info][gc,marking  ] GC(5646) Concurrent Preclean
[2025-01-08T22:38:42.298+0000][180792.665s][info][gc,marking  ] GC(5646) Concurrent Preclean 2.829ms
[2025-01-08T22:38:42.299+0000][180792.665s][info][gc,start    ] GC(5646) Pause Remark
[2025-01-08T22:38:42.325+0000][180792.691s][info][gc          ] GC(5646) Pause Remark 3557M->3557M(12288M) 26.028ms
[2025-01-08T22:38:42.325+0000][180792.691s][info][gc,cpu      ] GC(5646) User=0.15s Sys=0.00s Real=0.03s
[2025-01-08T22:38:42.325+0000][180792.691s][info][gc,marking  ] GC(5646) Concurrent Mark 900.019ms
[2025-01-08T22:38:42.325+0000][180792.691s][info][gc,marking  ] GC(5646) Concurrent Rebuild Remembered Sets
[2025-01-08T22:38:42.989+0000][180793.355s][info][gc,marking  ] GC(5646) Concurrent Rebuild Remembered Sets 664.402ms
[2025-01-08T22:38:42.990+0000][180793.356s][info][gc,start    ] GC(5646) Pause Cleanup
[2025-01-08T22:38:42.990+0000][180793.356s][info][gc          ] GC(5646) Pause Cleanup 4525M->4525M(12288M) 0.443ms
[2025-01-08T22:38:42.990+0000][180793.356s][info][gc,cpu      ] GC(5646) User=0.00s Sys=0.00s Real=0.00s
[2025-01-08T22:38:42.990+0000][180793.356s][info][gc,marking  ] GC(5646) Concurrent Cleanup for Next Mark
[2025-01-08T22:38:43.007+0000][180793.373s][info][gc,marking  ] GC(5646) Concurrent Cleanup for Next Mark 16.679ms
[2025-01-08T22:38:43.007+0000][180793.373s][info][gc          ] GC(5646) Concurrent Mark Cycle 1608.382ms
[2025-01-08T22:38:46.055+0000][180796.421s][info][gc,start    ] GC(5647) Pause Young (Prepare Mixed) (G1 Evacuation Pause)
[2025-01-08T22:38:46.055+0000][180796.421s][info][gc,task     ] GC(5647) Using 6 workers of 6 for evacuation
[2025-01-08T22:38:46.091+0000][180796.457s][info][gc,phases   ] GC(5647)   Pre Evacuate Collection Set: 0.2ms
[2025-01-08T22:38:46.091+0000][180796.457s][info][gc,phases   ] GC(5647)   Merge Heap Roots: 0.6ms
[2025-01-08T22:38:46.091+0000][180796.457s][info][gc,phases   ] GC(5647)   Evacuate Collection Set: 32.9ms
[2025-01-08T22:38:46.091+0000][180796.457s][info][gc,phases   ] GC(5647)   Post Evacuate Collection Set: 2.6ms
[2025-01-08T22:38:46.091+0000][180796.457s][info][gc,phases   ] GC(5647)   Other: 0.2ms
[2025-01-08T22:38:46.091+0000][180796.457s][info][gc,heap     ] GC(5647) Eden regions: 913->0(66)
[2025-01-08T22:38:46.091+0000][180796.457s][info][gc,heap     ] GC(5647) Survivor regions: 8->10(116)
[2025-01-08T22:38:46.091+0000][180796.457s][info][gc,heap     ] GC(5647) Old regions: 235->235
[2025-01-08T22:38:46.091+0000][180796.457s][info][gc,heap     ] GC(5647) Archive regions: 2->2
[2025-01-08T22:38:46.091+0000][180796.457s][info][gc,heap     ] GC(5647) Humongous regions: 49->49
[2025-01-08T22:38:46.091+0000][180796.457s][info][gc,metaspace] GC(5647) Metaspace: 523996K(533824K)->523996K(533824K) NonClass: 460148K(465088K)->460148K(465088K) Class: 63848K(68736K)->63848K(68736K)
[2025-01-08T22:38:46.091+0000][180796.457s][info][gc          ] GC(5647) Pause Young (Prepare Mixed) (G1 Evacuation Pause) 9637M->2347M(12288M) 36.701ms
[2025-01-08T22:38:46.091+0000][180796.457s][info][gc,cpu      ] GC(5647) User=0.22s Sys=0.00s Real=0.04s
[2025-01-08T22:38:46.650+0000][180797.016s][info][gc,start    ] GC(5648) Pause Young (Mixed) (G1 Evacuation Pause)
[2025-01-08T22:38:46.650+0000][180797.016s][info][gc,task     ] GC(5648) Using 6 workers of 6 for evacuation
[2025-01-08T22:38:46.724+0000][180797.090s][info][gc,phases   ] GC(5648)   Pre Evacuate Collection Set: 0.2ms
[2025-01-08T22:38:46.724+0000][180797.090s][info][gc,phases   ] GC(5648)   Merge Heap Roots: 0.8ms
[2025-01-08T22:38:46.724+0000][180797.090s][info][gc,phases   ] GC(5648)   Evacuate Collection Set: 71.1ms
[2025-01-08T22:38:46.724+0000][180797.090s][info][gc,phases   ] GC(5648)   Post Evacuate Collection Set: 2.0ms
[2025-01-08T22:38:46.724+0000][180797.091s][info][gc,phases   ] GC(5648)   Other: 0.2ms
[2025-01-08T22:38:46.724+0000][180797.091s][info][gc,heap     ] GC(5648) Eden regions: 66->0(917)
[2025-01-08T22:38:46.724+0000][180797.091s][info][gc,heap     ] GC(5648) Survivor regions: 10->4(10)
[2025-01-08T22:38:46.724+0000][180797.091s][info][gc,heap     ] GC(5648) Old regions: 235->234
[2025-01-08T22:38:46.724+0000][180797.091s][info][gc,heap     ] GC(5648) Archive regions: 2->2
[2025-01-08T22:38:46.724+0000][180797.091s][info][gc,heap     ] GC(5648) Humongous regions: 49->49
[2025-01-08T22:38:46.724+0000][180797.091s][info][gc,metaspace] GC(5648) Metaspace: 523996K(533824K)->523996K(533824K) NonClass: 460148K(465088K)->460148K(465088K) Class: 63848K(68736K)->63848K(68736K)
[2025-01-08T22:38:46.724+0000][180797.091s][info][gc          ] GC(5648) Pause Young (Mixed) (G1 Evacuation Pause) 2875M->2299M(12288M) 74.375ms
[2025-01-08T22:38:46.725+0000][180797.091s][info][gc,cpu      ] GC(5648) User=0.44s Sys=0.00s Real=0.07s
[2025-01-08T22:38:54.715+0000][180805.081s][info][gc,start    ] GC(5649) Pause Young (Normal) (G1 Evacuation Pause)
[2025-01-08T22:38:54.715+0000][180805.081s][info][gc,task     ] GC(5649) Using 6 workers of 6 for evacuation
[2025-01-08T22:38:54.740+0000][180805.106s][info][gc,phases   ] GC(5649)   Pre Evacuate Collection Set: 0.2ms
[2025-01-08T22:38:54.740+0000][180805.106s][info][gc,phases   ] GC(5649)   Merge Heap Roots: 0.4ms
[2025-01-08T22:38:54.740+0000][180805.106s][info][gc,phases   ] GC(5649)   Evacuate Collection Set: 22.2ms
[2025-01-08T22:38:54.740+0000][180805.106s][info][gc,phases   ] GC(5649)   Post Evacuate Collection Set: 2.6ms
[2025-01-08T22:38:54.740+0000][180805.106s][info][gc,phases   ] GC(5649)   Other: 0.2ms
[2025-01-08T22:38:54.740+0000][180805.106s][info][gc,heap     ] GC(5649) Eden regions: 917->0(915)
[2025-01-08T22:38:54.740+0000][180805.106s][info][gc,heap     ] GC(5649) Survivor regions: 4->6(116)
[2025-01-08T22:38:54.740+0000][180805.106s][info][gc,heap     ] GC(5649) Old regions: 234->234
[2025-01-08T22:38:54.740+0000][180805.106s][info][gc,heap     ] GC(5649) Archive regions: 2->2
[2025-01-08T22:38:54.740+0000][180805.106s][info][gc,heap     ] GC(5649) Humongous regions: 49->49
[2025-01-08T22:38:54.740+0000][180805.106s][info][gc,metaspace] GC(5649) Metaspace: 523996K(533824K)->523996K(533824K) NonClass: 460148K(465088K)->460148K(465088K) Class: 63848K(68736K)->63848K(68736K)
[2025-01-08T22:38:54.740+0000][180805.106s][info][gc          ] GC(5649) Pause Young (Normal) (G1 Evacuation Pause) 9635M->2310M(12288M) 25.614ms
[2025-01-08T22:38:54.740+0000][180805.106s][info][gc,cpu      ] GC(5649) User=0.15s Sys=0.01s Real=0.02s
[2025-01-08T22:39:04.532+0000][180814.898s][info][gc,start    ] GC(5650) Pause Young (Normal) (G1 Evacuation Pause)
[2025-01-08T22:39:04.532+0000][180814.898s][info][gc,task     ] GC(5650) Using 6 workers of 6 for evacuation
[2025-01-08T22:39:04.563+0000][180814.929s][info][gc,phases   ] GC(5650)   Pre Evacuate Collection Set: 0.2ms
[2025-01-08T22:39:04.563+0000][180814.929s][info][gc,phases   ] GC(5650)   Merge Heap Roots: 0.4ms
[2025-01-08T22:39:04.563+0000][180814.929s][info][gc,phases   ] GC(5650)   Evacuate Collection Set: 26.4ms
[2025-01-08T22:39:04.563+0000][180814.929s][info][gc,phases   ] GC(5650)   Post Evacuate Collection Set: 3.3ms
[2025-01-08T22:39:04.563+0000][180814.929s][info][gc,phases   ] GC(5650)   Other: 0.2ms
[2025-01-08T22:39:04.563+0000][180814.929s][info][gc,heap     ] GC(5650) Eden regions: 915->0(912)
[2025-01-08T22:39:04.563+0000][180814.929s][info][gc,heap     ] GC(5650) Survivor regions: 6->9(116)
[2025-01-08T22:39:04.563+0000][180814.929s][info][gc,heap     ] GC(5650) Old regions: 234->234
[2025-01-08T22:39:04.563+0000][180814.929s][info][gc,heap     ] GC(5650) Archive regions: 2->2
[2025-01-08T22:39:04.563+0000][180814.929s][info][gc,heap     ] GC(5650) Humongous regions: 49->49
[2025-01-08T22:39:04.563+0000][180814.929s][info][gc,metaspace] GC(5650) Metaspace: 523996K(533824K)->523996K(533824K) NonClass: 460148K(465088K)->460148K(465088K) Class: 63848K(68736K)->63848K(68736K)
[2025-01-08T22:39:04.563+0000][180814.929s][info][gc          ] GC(5650) Pause Young (Normal) (G1 Evacuation Pause) 9630M->2339M(12288M) 30.534ms
[2025-01-08T22:39:04.563+0000][180814.929s][info][gc,cpu      ] GC(5650) User=0.18s Sys=0.00s Real=0.03s
[2025-01-08T22:39:12.603+0000][180822.969s][info][gc,start    ] GC(5651) Pause Young (Concurrent Start) (G1 Evacuation Pause)
[2025-01-08T22:39:12.603+0000][180822.969s][info][gc,task     ] GC(5651) Using 6 workers of 6 for evacuation
[2025-01-08T22:39:12.642+0000][180823.009s][info][gc,phases   ] GC(5651)   Pre Evacuate Collection Set: 1.1ms
[2025-01-08T22:39:12.642+0000][180823.009s][info][gc,phases   ] GC(5651)   Merge Heap Roots: 0.5ms
[2025-01-08T22:39:12.642+0000][180823.009s][info][gc,phases   ] GC(5651)   Evacuate Collection Set: 33.0ms
[2025-01-08T22:39:12.642+0000][180823.009s][info][gc,phases   ] GC(5651)   Post Evacuate Collection Set: 4.7ms
[2025-01-08T22:39:12.642+0000][180823.009s][info][gc,phases   ] GC(5651)   Other: 0.3ms
[2025-01-08T22:39:12.643+0000][180823.009s][info][gc,heap     ] GC(5651) Eden regions: 912->0(911)
[2025-01-08T22:39:12.643+0000][180823.009s][info][gc,heap     ] GC(5651) Survivor regions: 9->10(116)
[2025-01-08T22:39:12.643+0000][180823.009s][info][gc,heap     ] GC(5651) Old regions: 234->234
[2025-01-08T22:39:12.643+0000][180823.009s][info][gc,heap     ] GC(5651) Archive regions: 2->2
[2025-01-08T22:39:12.643+0000][180823.009s][info][gc,heap     ] GC(5651) Humongous regions: 49->49
[2025-01-08T22:39:12.643+0000][180823.009s][info][gc,metaspace] GC(5651) Metaspace: 523996K(533824K)->523996K(533824K) NonClass: 460148K(465088K)->460148K(465088K) Class: 63848K(68736K)->63848K(68736K)
[2025-01-08T22:39:12.643+0000][180823.009s][info][gc          ] GC(5651) Pause Young (Concurrent Start) (G1 Evacuation Pause) 9635M->2341M(12288M) 39.678ms
[2025-01-08T22:39:12.643+0000][180823.009s][info][gc,cpu      ] GC(5651) User=0.22s Sys=0.00s Real=0.04s
[2025-01-08T22:39:12.643+0000][180823.009s][info][gc          ] GC(5652) Concurrent Mark Cycle
[2025-01-08T22:39:12.643+0000][180823.009s][info][gc,marking  ] GC(5652) Concurrent Clear Claimed Marks
[2025-01-08T22:39:12.644+0000][180823.010s][info][gc,marking  ] GC(5652) Concurrent Clear Claimed Marks 1.008ms
[2025-01-08T22:39:12.644+0000][180823.010s][info][gc,marking  ] GC(5652) Concurrent Scan Root Regions
[2025-01-08T22:39:12.676+0000][180823.042s][info][gc,marking  ] GC(5652) Concurrent Scan Root Regions 32.366ms
[2025-01-08T22:39:12.676+0000][180823.042s][info][gc,marking  ] GC(5652) Concurrent Mark
[2025-01-08T22:39:12.676+0000][180823.042s][info][gc,marking  ] GC(5652) Concurrent Mark From Roots
[2025-01-08T22:39:12.676+0000][180823.042s][info][gc,task     ] GC(5652) Using 2 workers of 2 for marking
[2025-01-08T22:39:13.576+0000][180823.942s][info][gc,marking  ] GC(5652) Concurrent Mark From Roots 899.945ms
[2025-01-08T22:39:13.576+0000][180823.942s][info][gc,marking  ] GC(5652) Concurrent Preclean
[2025-01-08T22:39:13.579+0000][180823.945s][info][gc,marking  ] GC(5652) Concurrent Preclean 2.628ms
[2025-01-08T22:39:13.579+0000][180823.945s][info][gc,start    ] GC(5652) Pause Remark
[2025-01-08T22:39:13.605+0000][180823.971s][info][gc          ] GC(5652) Pause Remark 3589M->3589M(12288M) 25.813ms
[2025-01-08T22:39:13.605+0000][180823.971s][info][gc,cpu      ] GC(5652) User=0.15s Sys=0.00s Real=0.03s
[2025-01-08T22:39:13.605+0000][180823.971s][info][gc,marking  ] GC(5652) Concurrent Mark 928.739ms
[2025-01-08T22:39:13.605+0000][180823.971s][info][gc,marking  ] GC(5652) Concurrent Rebuild Remembered Sets
[2025-01-08T22:39:14.149+0000][180824.515s][info][gc,marking  ] GC(5652) Concurrent Rebuild Remembered Sets 544.516ms
[2025-01-08T22:39:14.150+0000][180824.516s][info][gc,start    ] GC(5652) Pause Cleanup
[2025-01-08T22:39:14.150+0000][180824.516s][info][gc          ] GC(5652) Pause Cleanup 4393M->4393M(12288M) 0.429ms
[2025-01-08T22:39:14.150+0000][180824.516s][info][gc,cpu      ] GC(5652) User=0.00s Sys=0.00s Real=0.00s
[2025-01-08T22:39:14.150+0000][180824.516s][info][gc,marking  ] GC(5652) Concurrent Cleanup for Next Mark
[2025-01-08T22:39:14.166+0000][180824.532s][info][gc,marking  ] GC(5652) Concurrent Cleanup for Next Mark 15.856ms
[2025-01-08T22:39:14.166+0000][180824.532s][info][gc          ] GC(5652) Concurrent Mark Cycle 1523.334ms
[2025-01-08T22:39:18.118+0000][180828.484s][info][gc,start    ] GC(5653) Pause Young (Prepare Mixed) (G1 Evacuation Pause)
[2025-01-08T22:39:18.118+0000][180828.484s][info][gc,task     ] GC(5653) Using 6 workers of 6 for evacuation
[2025-01-08T22:39:18.155+0000][180828.521s][info][gc,phases   ] GC(5653)   Pre Evacuate Collection Set: 0.2ms
[2025-01-08T22:39:18.155+0000][180828.521s][info][gc,phases   ] GC(5653)   Merge Heap Roots: 0.7ms
[2025-01-08T22:39:18.155+0000][180828.521s][info][gc,phases   ] GC(5653)   Evacuate Collection Set: 33.7ms
[2025-01-08T22:39:18.155+0000][180828.521s][info][gc,phases   ] GC(5653)   Post Evacuate Collection Set: 2.7ms
[2025-01-08T22:39:18.155+0000][180828.521s][info][gc,phases   ] GC(5653)   Other: 0.2ms
[2025-01-08T22:39:18.155+0000][180828.521s][info][gc,heap     ] GC(5653) Eden regions: 911->0(67)
[2025-01-08T22:39:18.155+0000][180828.521s][info][gc,heap     ] GC(5653) Survivor regions: 10->9(116)
[2025-01-08T22:39:18.155+0000][180828.521s][info][gc,heap     ] GC(5653) Old regions: 234->234
[2025-01-08T22:39:18.155+0000][180828.521s][info][gc,heap     ] GC(5653) Archive regions: 2->2
[2025-01-08T22:39:18.155+0000][180828.521s][info][gc,heap     ] GC(5653) Humongous regions: 49->49
[2025-01-08T22:39:18.155+0000][180828.521s][info][gc,metaspace] GC(5653) Metaspace: 523996K(533824K)->523996K(533824K) NonClass: 460148K(465088K)->460148K(465088K) Class: 63848K(68736K)->63848K(68736K)
[2025-01-08T22:39:18.155+0000][180828.521s][info][gc          ] GC(5653) Pause Young (Prepare Mixed) (G1 Evacuation Pause) 9629M->2334M(12288M) 37.519ms
[2025-01-08T22:39:18.155+0000][180828.521s][info][gc,cpu      ] GC(5653) User=0.22s Sys=0.00s Real=0.04s
[2025-01-08T22:39:18.589+0000][180828.955s][info][gc,start    ] GC(5654) Pause Young (Mixed) (G1 Evacuation Pause)
[2025-01-08T22:39:18.589+0000][180828.955s][info][gc,task     ] GC(5654) Using 6 workers of 6 for evacuation
[2025-01-08T22:39:18.649+0000][180829.015s][info][gc,phases   ] GC(5654)   Pre Evacuate Collection Set: 0.2ms
[2025-01-08T22:39:18.649+0000][180829.015s][info][gc,phases   ] GC(5654)   Merge Heap Roots: 0.6ms
[2025-01-08T22:39:18.649+0000][180829.015s][info][gc,phases   ] GC(5654)   Evacuate Collection Set: 57.7ms
[2025-01-08T22:39:18.649+0000][180829.015s][info][gc,phases   ] GC(5654)   Post Evacuate Collection Set: 1.9ms
[2025-01-08T22:39:18.649+0000][180829.015s][info][gc,phases   ] GC(5654)   Other: 0.2ms
[2025-01-08T22:39:18.649+0000][180829.015s][info][gc,heap     ] GC(5654) Eden regions: 67->0(915)
[2025-01-08T22:39:18.649+0000][180829.015s][info][gc,heap     ] GC(5654) Survivor regions: 9->6(10)
[2025-01-08T22:39:18.649+0000][180829.015s][info][gc,heap     ] GC(5654) Old regions: 234->233
[2025-01-08T22:39:18.649+0000][180829.015s][info][gc,heap     ] GC(5654) Archive regions: 2->2
[2025-01-08T22:39:18.649+0000][180829.015s][info][gc,heap     ] GC(5654) Humongous regions: 49->49
[2025-01-08T22:39:18.649+0000][180829.015s][info][gc,metaspace] GC(5654) Metaspace: 523996K(533824K)->523996K(533824K) NonClass: 460148K(465088K)->460148K(465088K) Class: 63848K(68736K)->63848K(68736K)
[2025-01-08T22:39:18.649+0000][180829.015s][info][gc          ] GC(5654) Pause Young (Mixed) (G1 Evacuation Pause) 2870M->2302M(12288M) 60.606ms
[2025-01-08T22:39:18.649+0000][180829.015s][info][gc,cpu      ] GC(5654) User=0.35s Sys=0.00s Real=0.06s
[2025-01-08T22:39:25.198+0000][180835.564s][info][gc,start    ] GC(5655) Pause Young (Normal) (G1 Evacuation Pause)
[2025-01-08T22:39:25.198+0000][180835.564s][info][gc,task     ] GC(5655) Using 6 workers of 6 for evacuation
[2025-01-08T22:39:25.228+0000][180835.594s][info][gc,phases   ] GC(5655)   Pre Evacuate Collection Set: 0.2ms
[2025-01-08T22:39:25.228+0000][180835.594s][info][gc,phases   ] GC(5655)   Merge Heap Roots: 0.5ms
[2025-01-08T22:39:25.228+0000][180835.594s][info][gc,phases   ] GC(5655)   Evacuate Collection Set: 25.4ms
[2025-01-08T22:39:25.228+0000][180835.594s][info][gc,phases   ] GC(5655)   Post Evacuate Collection Set: 3.9ms
[2025-01-08T22:39:25.228+0000][180835.594s][info][gc,phases   ] GC(5655)   Other: 0.2ms
[2025-01-08T22:39:25.228+0000][180835.594s][info][gc,heap     ] GC(5655) Eden regions: 915->0(913)
[2025-01-08T22:39:25.228+0000][180835.594s][info][gc,heap     ] GC(5655) Survivor regions: 6->8(116)
[2025-01-08T22:39:25.228+0000][180835.594s][info][gc,heap     ] GC(5655) Old regions: 233->233
[2025-01-08T22:39:25.228+0000][180835.594s][info][gc,heap     ] GC(5655) Archive regions: 2->2
[2025-01-08T22:39:25.228+0000][180835.594s][info][gc,heap     ] GC(5655) Humongous regions: 49->49
[2025-01-08T22:39:25.228+0000][180835.594s][info][gc,metaspace] GC(5655) Metaspace: 523997K(533824K)->523997K(533824K) NonClass: 460149K(465088K)->460149K(465088K) Class: 63848K(68736K)->63848K(68736K)
[2025-01-08T22:39:25.228+0000][180835.594s][info][gc          ] GC(5655) Pause Young (Normal) (G1 Evacuation Pause) 9622M->2313M(12288M) 30.243ms
[2025-01-08T22:39:25.228+0000][180835.594s][info][gc,cpu      ] GC(5655) User=0.18s Sys=0.00s Real=0.03s
[2025-01-08T22:39:35.113+0000][180845.479s][info][gc,start    ] GC(5656) Pause Young (Normal) (G1 Evacuation Pause)
[2025-01-08T22:39:35.113+0000][180845.480s][info][gc,task     ] GC(5656) Using 6 workers of 6 for evacuation
[2025-01-08T22:39:35.145+0000][180845.511s][info][gc,phases   ] GC(5656)   Pre Evacuate Collection Set: 0.2ms
[2025-01-08T22:39:35.145+0000][180845.511s][info][gc,phases   ] GC(5656)   Merge Heap Roots: 0.4ms
[2025-01-08T22:39:35.145+0000][180845.511s][info][gc,phases   ] GC(5656)   Evacuate Collection Set: 27.9ms
[2025-01-08T22:39:35.145+0000][180845.511s][info][gc,phases   ] GC(5656)   Post Evacuate Collection Set: 2.7ms
[2025-01-08T22:39:35.145+0000][180845.511s][info][gc,phases   ] GC(5656)   Other: 0.3ms
[2025-01-08T22:39:35.145+0000][180845.511s][info][gc,heap     ] GC(5656) Eden regions: 913->0(913)
[2025-01-08T22:39:35.145+0000][180845.511s][info][gc,heap     ] GC(5656) Survivor regions: 8->8(116)
[2025-01-08T22:39:35.145+0000][180845.511s][info][gc,heap     ] GC(5656) Old regions: 233->233
[2025-01-08T22:39:35.145+0000][180845.511s][info][gc,heap     ] GC(5656) Archive regions: 2->2
[2025-01-08T22:39:35.145+0000][180845.511s][info][gc,heap     ] GC(5656) Humongous regions: 49->49
[2025-01-08T22:39:35.145+0000][180845.511s][info][gc,metaspace] GC(5656) Metaspace: 523997K(533824K)->523997K(533824K) NonClass: 460149K(465088K)->460149K(465088K) Class: 63848K(68736K)->63848K(68736K)
[2025-01-08T22:39:35.145+0000][180845.511s][info][gc          ] GC(5656) Pause Young (Normal) (G1 Evacuation Pause) 9617M->2317M(12288M) 31.558ms
[2025-01-08T22:39:35.145+0000][180845.511s][info][gc,cpu      ] GC(5656) User=0.18s Sys=0.01s Real=0.03s
[2025-01-08T22:39:45.550+0000][180855.916s][info][gc,start    ] GC(5657) Pause Young (Concurrent Start) (G1 Evacuation Pause)
[2025-01-08T22:39:45.550+0000][180855.916s][info][gc,task     ] GC(5657) Using 6 workers of 6 for evacuation
[2025-01-08T22:39:45.587+0000][180855.953s][info][gc,phases   ] GC(5657)   Pre Evacuate Collection Set: 1.1ms
[2025-01-08T22:39:45.587+0000][180855.953s][info][gc,phases   ] GC(5657)   Merge Heap Roots: 0.5ms
[2025-01-08T22:39:45.587+0000][180855.953s][info][gc,phases   ] GC(5657)   Evacuate Collection Set: 32.0ms
[2025-01-08T22:39:45.587+0000][180855.953s][info][gc,phases   ] GC(5657)   Post Evacuate Collection Set: 2.7ms
[2025-01-08T22:39:45.587+0000][180855.953s][info][gc,phases   ] GC(5657)   Other: 0.3ms
[2025-01-08T22:39:45.587+0000][180855.953s][info][gc,heap     ] GC(5657) Eden regions: 913->0(912)
[2025-01-08T22:39:45.587+0000][180855.953s][info][gc,heap     ] GC(5657) Survivor regions: 8->9(116)
[2025-01-08T22:39:45.587+0000][180855.953s][info][gc,heap     ] GC(5657) Old regions: 233->233
[2025-01-08T22:39:45.587+0000][180855.953s][info][gc,heap     ] GC(5657) Archive regions: 2->2
[2025-01-08T22:39:45.587+0000][180855.953s][info][gc,heap     ] GC(5657) Humongous regions: 49->49
[2025-01-08T22:39:45.587+0000][180855.953s][info][gc,metaspace] GC(5657) Metaspace: 523997K(533824K)->523997K(533824K) NonClass: 460149K(465088K)->460149K(465088K) Class: 63848K(68736K)->63848K(68736K)
[2025-01-08T22:39:45.587+0000][180855.953s][info][gc          ] GC(5657) Pause Young (Concurrent Start) (G1 Evacuation Pause) 9621M->2328M(12288M) 36.646ms
[2025-01-08T22:39:45.587+0000][180855.953s][info][gc,cpu      ] GC(5657) User=0.21s Sys=0.00s Real=0.03s
[2025-01-08T22:39:45.587+0000][180855.953s][info][gc          ] GC(5658) Concurrent Mark Cycle
[2025-01-08T22:39:45.587+0000][180855.953s][info][gc,marking  ] GC(5658) Concurrent Clear Claimed Marks
[2025-01-08T22:39:45.588+0000][180855.954s][info][gc,marking  ] GC(5658) Concurrent Clear Claimed Marks 0.976ms
[2025-01-08T22:39:45.588+0000][180855.954s][info][gc,marking  ] GC(5658) Concurrent Scan Root Regions
[2025-01-08T22:39:45.620+0000][180855.986s][info][gc,marking  ] GC(5658) Concurrent Scan Root Regions 31.585ms
[2025-01-08T22:39:45.620+0000][180855.986s][info][gc,marking  ] GC(5658) Concurrent Mark
[2025-01-08T22:39:45.620+0000][180855.986s][info][gc,marking  ] GC(5658) Concurrent Mark From Roots
[2025-01-08T22:39:45.620+0000][180855.986s][info][gc,task     ] GC(5658) Using 2 workers of 2 for marking
[2025-01-08T22:39:46.473+0000][180856.839s][info][gc,marking  ] GC(5658) Concurrent Mark From Roots 853.334ms
[2025-01-08T22:39:46.473+0000][180856.839s][info][gc,marking  ] GC(5658) Concurrent Preclean
[2025-01-08T22:39:46.476+0000][180856.842s][info][gc,marking  ] GC(5658) Concurrent Preclean 2.737ms
[2025-01-08T22:39:46.476+0000][180856.842s][info][gc,start    ] GC(5658) Pause Remark
[2025-01-08T22:39:46.503+0000][180856.869s][info][gc          ] GC(5658) Pause Remark 3240M->3240M(12288M) 26.667ms
[2025-01-08T22:39:46.503+0000][180856.869s][info][gc,cpu      ] GC(5658) User=0.15s Sys=0.00s Real=0.03s
[2025-01-08T22:39:46.503+0000][180856.869s][info][gc,marking  ] GC(5658) Concurrent Mark 883.075ms
[2025-01-08T22:39:46.503+0000][180856.869s][info][gc,marking  ] GC(5658) Concurrent Rebuild Remembered Sets
[2025-01-08T22:39:47.002+0000][180857.368s][info][gc,marking  ] GC(5658) Concurrent Rebuild Remembered Sets 499.636ms
[2025-01-08T22:39:47.002+0000][180857.369s][info][gc,start    ] GC(5658) Pause Cleanup
[2025-01-08T22:39:47.003+0000][180857.369s][info][gc          ] GC(5658) Pause Cleanup 3776M->3776M(12288M) 0.365ms
[2025-01-08T22:39:47.003+0000][180857.369s][info][gc,cpu      ] GC(5658) User=0.00s Sys=0.00s Real=0.00s
[2025-01-08T22:39:47.003+0000][180857.369s][info][gc,marking  ] GC(5658) Concurrent Cleanup for Next Mark
[2025-01-08T22:39:47.018+0000][180857.384s][info][gc,marking  ] GC(5658) Concurrent Cleanup for Next Mark 15.405ms
[2025-01-08T22:39:47.018+0000][180857.384s][info][gc          ] GC(5658) Concurrent Mark Cycle 1431.395ms
[2025-01-08T22:39:53.613+0000][180863.979s][info][gc,start    ] GC(5659) Pause Young (Prepare Mixed) (G1 Evacuation Pause)
[2025-01-08T22:39:53.613+0000][180863.979s][info][gc,task     ] GC(5659) Using 6 workers of 6 for evacuation
[2025-01-08T22:39:53.651+0000][180864.017s][info][gc,phases   ] GC(5659)   Pre Evacuate Collection Set: 0.2ms
[2025-01-08T22:39:53.651+0000][180864.018s][info][gc,phases   ] GC(5659)   Merge Heap Roots: 0.7ms
[2025-01-08T22:39:53.651+0000][180864.018s][info][gc,phases   ] GC(5659)   Evacuate Collection Set: 34.9ms
[2025-01-08T22:39:53.651+0000][180864.018s][info][gc,phases   ] GC(5659)   Post Evacuate Collection Set: 2.7ms
[2025-01-08T22:39:53.651+0000][180864.018s][info][gc,phases   ] GC(5659)   Other: 0.2ms
[2025-01-08T22:39:53.651+0000][180864.018s][info][gc,heap     ] GC(5659) Eden regions: 912->0(66)
[2025-01-08T22:39:53.651+0000][180864.018s][info][gc,heap     ] GC(5659) Survivor regions: 9->10(116)
[2025-01-08T22:39:53.651+0000][180864.018s][info][gc,heap     ] GC(5659) Old regions: 233->233
[2025-01-08T22:39:53.651+0000][180864.018s][info][gc,heap     ] GC(5659) Archive regions: 2->2
[2025-01-08T22:39:53.651+0000][180864.018s][info][gc,heap     ] GC(5659) Humongous regions: 49->49
[2025-01-08T22:39:53.651+0000][180864.018s][info][gc,metaspace] GC(5659) Metaspace: 523997K(533824K)->523997K(533824K) NonClass: 460149K(465088K)->460149K(465088K) Class: 63848K(68736K)->63848K(68736K)
[2025-01-08T22:39:53.652+0000][180864.018s][info][gc          ] GC(5659) Pause Young (Prepare Mixed) (G1 Evacuation Pause) 9624M->2336M(12288M) 38.775ms
[2025-01-08T22:39:53.652+0000][180864.018s][info][gc,cpu      ] GC(5659) User=0.22s Sys=0.00s Real=0.04s
[2025-01-08T22:39:54.217+0000][180864.583s][info][gc,start    ] GC(5660) Pause Young (Mixed) (G1 Evacuation Pause)
[2025-01-08T22:39:54.217+0000][180864.583s][info][gc,task     ] GC(5660) Using 6 workers of 6 for evacuation
[2025-01-08T22:39:54.299+0000][180864.666s][info][gc,phases   ] GC(5660)   Pre Evacuate Collection Set: 0.2ms
[2025-01-08T22:39:54.299+0000][180864.666s][info][gc,phases   ] GC(5660)   Merge Heap Roots: 0.9ms
[2025-01-08T22:39:54.299+0000][180864.666s][info][gc,phases   ] GC(5660)   Evacuate Collection Set: 79.2ms
[2025-01-08T22:39:54.299+0000][180864.666s][info][gc,phases   ] GC(5660)   Post Evacuate Collection Set: 2.5ms
[2025-01-08T22:39:54.299+0000][180864.666s][info][gc,phases   ] GC(5660)   Other: 0.2ms
[2025-01-08T22:39:54.299+0000][180864.666s][info][gc,heap     ] GC(5660) Eden regions: 66->0(915)
[2025-01-08T22:39:54.299+0000][180864.666s][info][gc,heap     ] GC(5660) Survivor regions: 10->6(10)
[2025-01-08T22:39:54.300+0000][180864.666s][info][gc,heap     ] GC(5660) Old regions: 233->233
[2025-01-08T22:39:54.300+0000][180864.666s][info][gc,heap     ] GC(5660) Archive regions: 2->2
[2025-01-08T22:39:54.300+0000][180864.666s][info][gc,heap     ] GC(5660) Humongous regions: 49->49
[2025-01-08T22:39:54.300+0000][180864.666s][info][gc,metaspace] GC(5660) Metaspace: 523997K(533824K)->523997K(533824K) NonClass: 460149K(465088K)->460149K(465088K) Class: 63848K(68736K)->63848K(68736K)
[2025-01-08T22:39:54.300+0000][180864.666s][info][gc          ] GC(5660) Pause Young (Mixed) (G1 Evacuation Pause) 2864M->2307M(12288M) 83.006ms
[2025-01-08T22:39:54.300+0000][180864.666s][info][gc,cpu      ] GC(5660) User=0.47s Sys=0.00s Real=0.08s
[2025-01-08T22:40:00.263+0000][180870.629s][info][gc,start    ] GC(5661) Pause Young (Normal) (G1 Evacuation Pause)
[2025-01-08T22:40:00.263+0000][180870.629s][info][gc,task     ] GC(5661) Using 6 workers of 6 for evacuation
[2025-01-08T22:40:00.295+0000][180870.661s][info][gc,phases   ] GC(5661)   Pre Evacuate Collection Set: 0.2ms
[2025-01-08T22:40:00.295+0000][180870.661s][info][gc,phases   ] GC(5661)   Merge Heap Roots: 0.5ms
[2025-01-08T22:40:00.295+0000][180870.661s][info][gc,phases   ] GC(5661)   Evacuate Collection Set: 26.0ms
[2025-01-08T22:40:00.295+0000][180870.661s][info][gc,phases   ] GC(5661)   Post Evacuate Collection Set: 5.1ms
[2025-01-08T22:40:00.295+0000][180870.661s][info][gc,phases   ] GC(5661)   Other: 0.2ms
[2025-01-08T22:40:00.295+0000][180870.661s][info][gc,heap     ] GC(5661) Eden regions: 915->0(914)
[2025-01-08T22:40:00.295+0000][180870.661s][info][gc,heap     ] GC(5661) Survivor regions: 6->7(116)
[2025-01-08T22:40:00.295+0000][180870.661s][info][gc,heap     ] GC(5661) Old regions: 233->233
[2025-01-08T22:40:00.295+0000][180870.661s][info][gc,heap     ] GC(5661) Archive regions: 2->2
[2025-01-08T22:40:00.295+0000][180870.661s][info][gc,heap     ] GC(5661) Humongous regions: 49->49
[2025-01-08T22:40:00.295+0000][180870.661s][info][gc,metaspace] GC(5661) Metaspace: 523998K(533824K)->523998K(533824K) NonClass: 460150K(465088K)->460150K(465088K) Class: 63848K(68736K)->63848K(68736K)
[2025-01-08T22:40:00.295+0000][180870.661s][info][gc          ] GC(5661) Pause Young (Normal) (G1 Evacuation Pause) 9627M->2313M(12288M) 32.068ms
[2025-01-08T22:40:00.295+0000][180870.661s][info][gc,cpu      ] GC(5661) User=0.19s Sys=0.00s Real=0.03s
[2025-01-08T22:40:11.781+0000][180882.147s][info][gc,start    ] GC(5662) Pause Young (Normal) (G1 Evacuation Pause)
[2025-01-08T22:40:11.781+0000][180882.147s][info][gc,task     ] GC(5662) Using 6 workers of 6 for evacuation
[2025-01-08T22:40:11.820+0000][180882.186s][info][gc,phases   ] GC(5662)   Pre Evacuate Collection Set: 0.2ms
[2025-01-08T22:40:11.820+0000][180882.186s][info][gc,phases   ] GC(5662)   Merge Heap Roots: 0.5ms
[2025-01-08T22:40:11.820+0000][180882.186s][info][gc,phases   ] GC(5662)   Evacuate Collection Set: 34.8ms
[2025-01-08T22:40:11.820+0000][180882.186s][info][gc,phases   ] GC(5662)   Post Evacuate Collection Set: 2.8ms
[2025-01-08T22:40:11.820+0000][180882.186s][info][gc,phases   ] GC(5662)   Other: 0.2ms
[2025-01-08T22:40:11.820+0000][180882.186s][info][gc,heap     ] GC(5662) Eden regions: 914->0(911)
[2025-01-08T22:40:11.820+0000][180882.186s][info][gc,heap     ] GC(5662) Survivor regions: 7->10(116)
[2025-01-08T22:40:11.820+0000][180882.186s][info][gc,heap     ] GC(5662) Old regions: 233->233
[2025-01-08T22:40:11.820+0000][180882.186s][info][gc,heap     ] GC(5662) Archive regions: 2->2
[2025-01-08T22:40:11.820+0000][180882.186s][info][gc,heap     ] GC(5662) Humongous regions: 49->49
[2025-01-08T22:40:11.820+0000][180882.186s][info][gc,metaspace] GC(5662) Metaspace: 523998K(533824K)->523998K(533824K) NonClass: 460150K(465088K)->460150K(465088K) Class: 63848K(68736K)->63848K(68736K)
[2025-01-08T22:40:11.820+0000][180882.186s][info][gc          ] GC(5662) Pause Young (Normal) (G1 Evacuation Pause) 9625M->2333M(12288M) 38.600ms
[2025-01-08T22:40:11.820+0000][180882.186s][info][gc,cpu      ] GC(5662) User=0.22s Sys=0.00s Real=0.04s
[2025-01-08T22:40:19.541+0000][180889.907s][info][gc,start    ] GC(5663) Pause Young (Concurrent Start) (G1 Evacuation Pause)
[2025-01-08T22:40:19.541+0000][180889.907s][info][gc,task     ] GC(5663) Using 6 workers of 6 for evacuation
[2025-01-08T22:40:19.580+0000][180889.946s][info][gc,phases   ] GC(5663)   Pre Evacuate Collection Set: 1.2ms
[2025-01-08T22:40:19.580+0000][180889.946s][info][gc,phases   ] GC(5663)   Merge Heap Roots: 0.5ms
[2025-01-08T22:40:19.580+0000][180889.946s][info][gc,phases   ] GC(5663)   Evacuate Collection Set: 33.3ms
[2025-01-08T22:40:19.580+0000][180889.946s][info][gc,phases   ] GC(5663)   Post Evacuate Collection Set: 4.1ms
[2025-01-08T22:40:19.580+0000][180889.946s][info][gc,phases   ] GC(5663)   Other: 0.3ms
[2025-01-08T22:40:19.580+0000][180889.946s][info][gc,heap     ] GC(5663) Eden regions: 911->0(910)
[2025-01-08T22:40:19.580+0000][180889.946s][info][gc,heap     ] GC(5663) Survivor regions: 10->11(116)
[2025-01-08T22:40:19.580+0000][180889.946s][info][gc,heap     ] GC(5663) Old regions: 233->233
[2025-01-08T22:40:19.580+0000][180889.946s][info][gc,heap     ] GC(5663) Archive regions: 2->2
[2025-01-08T22:40:19.580+0000][180889.946s][info][gc,heap     ] GC(5663) Humongous regions: 49->49
[2025-01-08T22:40:19.580+0000][180889.946s][info][gc,metaspace] GC(5663) Metaspace: 523998K(533824K)->523998K(533824K) NonClass: 460150K(465088K)->460150K(465088K) Class: 63848K(68736K)->63848K(68736K)
[2025-01-08T22:40:19.580+0000][180889.946s][info][gc          ] GC(5663) Pause Young (Concurrent Start) (G1 Evacuation Pause) 9621M->2341M(12288M) 39.459ms
[2025-01-08T22:40:19.580+0000][180889.946s][info][gc,cpu      ] GC(5663) User=0.22s Sys=0.00s Real=0.04s
[2025-01-08T22:40:19.580+0000][180889.946s][info][gc          ] GC(5664) Concurrent Mark Cycle
[2025-01-08T22:40:19.580+0000][180889.946s][info][gc,marking  ] GC(5664) Concurrent Clear Claimed Marks
[2025-01-08T22:40:19.581+0000][180889.947s][info][gc,marking  ] GC(5664) Concurrent Clear Claimed Marks 0.959ms
[2025-01-08T22:40:19.581+0000][180889.947s][info][gc,marking  ] GC(5664) Concurrent Scan Root Regions
[2025-01-08T22:40:19.612+0000][180889.978s][info][gc,marking  ] GC(5664) Concurrent Scan Root Regions 30.420ms
[2025-01-08T22:40:19.612+0000][180889.978s][info][gc,marking  ] GC(5664) Concurrent Mark
[2025-01-08T22:40:19.612+0000][180889.978s][info][gc,marking  ] GC(5664) Concurrent Mark From Roots
[2025-01-08T22:40:19.612+0000][180889.978s][info][gc,task     ] GC(5664) Using 2 workers of 2 for marking
[2025-01-08T22:40:20.398+0000][180890.765s][info][gc,marking  ] GC(5664) Concurrent Mark From Roots 786.928ms
[2025-01-08T22:40:20.399+0000][180890.765s][info][gc,marking  ] GC(5664) Concurrent Preclean
[2025-01-08T22:40:20.401+0000][180890.767s][info][gc,marking  ] GC(5664) Concurrent Preclean 2.596ms
[2025-01-08T22:40:20.401+0000][180890.767s][info][gc,start    ] GC(5664) Pause Remark
[2025-01-08T22:40:20.427+0000][180890.793s][info][gc          ] GC(5664) Pause Remark 3101M->3101M(12288M) 25.892ms
[2025-01-08T22:40:20.427+0000][180890.793s][info][gc,cpu      ] GC(5664) User=0.15s Sys=0.00s Real=0.03s
[2025-01-08T22:40:20.427+0000][180890.793s][info][gc,marking  ] GC(5664) Concurrent Mark 815.771ms
[2025-01-08T22:40:20.427+0000][180890.793s][info][gc,marking  ] GC(5664) Concurrent Rebuild Remembered Sets
[2025-01-08T22:40:21.067+0000][180891.433s][info][gc,marking  ] GC(5664) Concurrent Rebuild Remembered Sets 639.635ms
[2025-01-08T22:40:21.067+0000][180891.433s][info][gc,start    ] GC(5664) Pause Cleanup
[2025-01-08T22:40:21.068+0000][180891.434s][info][gc          ] GC(5664) Pause Cleanup 3893M->3893M(12288M) 0.489ms
[2025-01-08T22:40:21.068+0000][180891.434s][info][gc,cpu      ] GC(5664) User=0.00s Sys=0.00s Real=0.00s
[2025-01-08T22:40:21.068+0000][180891.434s][info][gc,marking  ] GC(5664) Concurrent Cleanup for Next Mark
[2025-01-08T22:40:21.084+0000][180891.450s][info][gc,marking  ] GC(5664) Concurrent Cleanup for Next Mark 15.878ms
[2025-01-08T22:40:21.084+0000][180891.450s][info][gc          ] GC(5664) Concurrent Mark Cycle 1503.596ms
[2025-01-08T22:40:26.905+0000][180897.271s][info][gc,start    ] GC(5665) Pause Young (Prepare Mixed) (G1 Evacuation Pause)
[2025-01-08T22:40:26.905+0000][180897.271s][info][gc,task     ] GC(5665) Using 6 workers of 6 for evacuation
[2025-01-08T22:40:26.944+0000][180897.310s][info][gc,phases   ] GC(5665)   Pre Evacuate Collection Set: 0.2ms
[2025-01-08T22:40:26.944+0000][180897.310s][info][gc,phases   ] GC(5665)   Merge Heap Roots: 0.7ms
[2025-01-08T22:40:26.944+0000][180897.310s][info][gc,phases   ] GC(5665)   Evacuate Collection Set: 35.6ms
[2025-01-08T22:40:26.944+0000][180897.310s][info][gc,phases   ] GC(5665)   Post Evacuate Collection Set: 2.8ms
[2025-01-08T22:40:26.944+0000][180897.310s][info][gc,phases   ] GC(5665)   Other: 0.2ms
[2025-01-08T22:40:26.944+0000][180897.310s][info][gc,heap     ] GC(5665) Eden regions: 910->0(65)
[2025-01-08T22:40:26.944+0000][180897.310s][info][gc,heap     ] GC(5665) Survivor regions: 11->11(116)
[2025-01-08T22:40:26.944+0000][180897.310s][info][gc,heap     ] GC(5665) Old regions: 233->233
[2025-01-08T22:40:26.944+0000][180897.310s][info][gc,heap     ] GC(5665) Archive regions: 2->2
[2025-01-08T22:40:26.944+0000][180897.310s][info][gc,heap     ] GC(5665) Humongous regions: 49->49
[2025-01-08T22:40:26.944+0000][180897.310s][info][gc,metaspace] GC(5665) Metaspace: 523998K(533824K)->523998K(533824K) NonClass: 460150K(465088K)->460150K(465088K) Class: 63848K(68736K)->63848K(68736K)
[2025-01-08T22:40:26.944+0000][180897.310s][info][gc          ] GC(5665) Pause Young (Prepare Mixed) (G1 Evacuation Pause) 9621M->2346M(12288M) 39.646ms
[2025-01-08T22:40:26.944+0000][180897.310s][info][gc,cpu      ] GC(5665) User=0.22s Sys=0.00s Real=0.04s
[2025-01-08T22:40:27.714+0000][180898.080s][info][gc,start    ] GC(5666) Pause Young (Mixed) (G1 Evacuation Pause)
[2025-01-08T22:40:27.714+0000][180898.080s][info][gc,task     ] GC(5666) Using 6 workers of 6 for evacuation
[2025-01-08T22:40:27.764+0000][180898.130s][info][gc,phases   ] GC(5666)   Pre Evacuate Collection Set: 0.2ms
[2025-01-08T22:40:27.764+0000][180898.130s][info][gc,phases   ] GC(5666)   Merge Heap Roots: 0.5ms
[2025-01-08T22:40:27.764+0000][180898.130s][info][gc,phases   ] GC(5666)   Evacuate Collection Set: 47.6ms
[2025-01-08T22:40:27.764+0000][180898.130s][info][gc,phases   ] GC(5666)   Post Evacuate Collection Set: 1.6ms
[2025-01-08T22:40:27.764+0000][180898.130s][info][gc,phases   ] GC(5666)   Other: 0.2ms
[2025-01-08T22:40:27.764+0000][180898.130s][info][gc,heap     ] GC(5666) Eden regions: 65->0(915)
[2025-01-08T22:40:27.764+0000][180898.130s][info][gc,heap     ] GC(5666) Survivor regions: 11->6(10)
[2025-01-08T22:40:27.764+0000][180898.130s][info][gc,heap     ] GC(5666) Old regions: 233->233
[2025-01-08T22:40:27.764+0000][180898.130s][info][gc,heap     ] GC(5666) Archive regions: 2->2
[2025-01-08T22:40:27.764+0000][180898.130s][info][gc,heap     ] GC(5666) Humongous regions: 49->49
[2025-01-08T22:40:27.764+0000][180898.130s][info][gc,metaspace] GC(5666) Metaspace: 523998K(533824K)->523998K(533824K) NonClass: 460150K(465088K)->460150K(465088K) Class: 63848K(68736K)->63848K(68736K)
[2025-01-08T22:40:27.764+0000][180898.130s][info][gc          ] GC(5666) Pause Young (Mixed) (G1 Evacuation Pause) 2866M->2304M(12288M) 50.142ms
[2025-01-08T22:40:27.764+0000][180898.130s][info][gc,cpu      ] GC(5666) User=0.30s Sys=0.00s Real=0.05s
[2025-01-08T22:40:35.870+0000][180906.236s][info][gc,start    ] GC(5667) Pause Young (Normal) (G1 Evacuation Pause)
[2025-01-08T22:40:35.870+0000][180906.236s][info][gc,task     ] GC(5667) Using 6 workers of 6 for evacuation
[2025-01-08T22:40:35.897+0000][180906.263s][info][gc,phases   ] GC(5667)   Pre Evacuate Collection Set: 0.2ms
[2025-01-08T22:40:35.897+0000][180906.263s][info][gc,phases   ] GC(5667)   Merge Heap Roots: 0.4ms
[2025-01-08T22:40:35.897+0000][180906.263s][info][gc,phases   ] GC(5667)   Evacuate Collection Set: 23.3ms
[2025-01-08T22:40:35.897+0000][180906.263s][info][gc,phases   ] GC(5667)   Post Evacuate Collection Set: 2.5ms
[2025-01-08T22:40:35.897+0000][180906.263s][info][gc,phases   ] GC(5667)   Other: 0.2ms
[2025-01-08T22:40:35.897+0000][180906.263s][info][gc,heap     ] GC(5667) Eden regions: 915->0(915)
[2025-01-08T22:40:35.897+0000][180906.263s][info][gc,heap     ] GC(5667) Survivor regions: 6->6(116)
[2025-01-08T22:40:35.897+0000][180906.263s][info][gc,heap     ] GC(5667) Old regions: 233->233
[2025-01-08T22:40:35.897+0000][180906.263s][info][gc,heap     ] GC(5667) Archive regions: 2->2
[2025-01-08T22:40:35.897+0000][180906.263s][info][gc,heap     ] GC(5667) Humongous regions: 49->49
[2025-01-08T22:40:35.897+0000][180906.263s][info][gc,metaspace] GC(5667) Metaspace: 523998K(533824K)->523998K(533824K) NonClass: 460150K(465088K)->460150K(465088K) Class: 63848K(68736K)->63848K(68736K)
[2025-01-08T22:40:35.897+0000][180906.263s][info][gc          ] GC(5667) Pause Young (Normal) (G1 Evacuation Pause) 9624M->2307M(12288M) 26.672ms
[2025-01-08T22:40:35.897+0000][180906.263s][info][gc,cpu      ] GC(5667) User=0.15s Sys=0.00s Real=0.02s
[2025-01-08T22:40:40.273+0000][180910.639s][info][gc,start    ] GC(5668) Pause Young (Normal) (G1 Evacuation Pause)
[2025-01-08T22:40:40.273+0000][180910.639s][info][gc,task     ] GC(5668) Using 6 workers of 6 for evacuation
[2025-01-08T22:40:40.297+0000][180910.663s][info][gc,phases   ] GC(5668)   Pre Evacuate Collection Set: 0.2ms
[2025-01-08T22:40:40.297+0000][180910.663s][info][gc,phases   ] GC(5668)   Merge Heap Roots: 0.4ms
[2025-01-08T22:40:40.297+0000][180910.663s][info][gc,phases   ] GC(5668)   Evacuate Collection Set: 21.5ms
[2025-01-08T22:40:40.297+0000][180910.663s][info][gc,phases   ] GC(5668)   Post Evacuate Collection Set: 2.4ms
[2025-01-08T22:40:40.297+0000][180910.663s][info][gc,phases   ] GC(5668)   Other: 0.2ms
[2025-01-08T22:40:40.297+0000][180910.663s][info][gc,heap     ] GC(5668) Eden regions: 915->0(915)
[2025-01-08T22:40:40.297+0000][180910.663s][info][gc,heap     ] GC(5668) Survivor regions: 6->6(116)
[2025-01-08T22:40:40.297+0000][180910.663s][info][gc,heap     ] GC(5668) Old regions: 233->233
[2025-01-08T22:40:40.297+0000][180910.663s][info][gc,heap     ] GC(5668) Archive regions: 2->2
[2025-01-08T22:40:40.297+0000][180910.663s][info][gc,heap     ] GC(5668) Humongous regions: 49->49
[2025-01-08T22:40:40.297+0000][180910.663s][info][gc,metaspace] GC(5668) Metaspace: 523998K(533824K)->523998K(533824K) NonClass: 460150K(465088K)->460150K(465088K) Class: 63848K(68736K)->63848K(68736K)
[2025-01-08T22:40:40.297+0000][180910.663s][info][gc          ] GC(5668) Pause Young (Normal) (G1 Evacuation Pause) 9627M->2310M(12288M) 24.778ms
[2025-01-08T22:40:40.297+0000][180910.663s][info][gc,cpu      ] GC(5668) User=0.14s Sys=0.00s Real=0.02s
[2025-01-08T22:40:48.564+0000][180918.930s][info][gc,start    ] GC(5669) Pause Young (Concurrent Start) (G1 Evacuation Pause)
[2025-01-08T22:40:48.564+0000][180918.930s][info][gc,task     ] GC(5669) Using 6 workers of 6 for evacuation
[2025-01-08T22:40:48.595+0000][180918.961s][info][gc,phases   ] GC(5669)   Pre Evacuate Collection Set: 1.2ms
[2025-01-08T22:40:48.595+0000][180918.961s][info][gc,phases   ] GC(5669)   Merge Heap Roots: 0.4ms
[2025-01-08T22:40:48.595+0000][180918.961s][info][gc,phases   ] GC(5669)   Evacuate Collection Set: 26.6ms
[2025-01-08T22:40:48.595+0000][180918.961s][info][gc,phases   ] GC(5669)   Post Evacuate Collection Set: 2.5ms
[2025-01-08T22:40:48.595+0000][180918.961s][info][gc,phases   ] GC(5669)   Other: 0.3ms
[2025-01-08T22:40:48.595+0000][180918.961s][info][gc,heap     ] GC(5669) Eden regions: 915->0(913)
[2025-01-08T22:40:48.595+0000][180918.961s][info][gc,heap     ] GC(5669) Survivor regions: 6->8(116)
[2025-01-08T22:40:48.595+0000][180918.961s][info][gc,heap     ] GC(5669) Old regions: 233->233
[2025-01-08T22:40:48.595+0000][180918.961s][info][gc,heap     ] GC(5669) Archive regions: 2->2
[2025-01-08T22:40:48.595+0000][180918.961s][info][gc,heap     ] GC(5669) Humongous regions: 49->49
[2025-01-08T22:40:48.595+0000][180918.961s][info][gc,metaspace] GC(5669) Metaspace: 523998K(533824K)->523998K(533824K) NonClass: 460150K(465088K)->460150K(465088K) Class: 63848K(68736K)->63848K(68736K)
[2025-01-08T22:40:48.595+0000][180918.961s][info][gc          ] GC(5669) Pause Young (Concurrent Start) (G1 Evacuation Pause) 9630M->2321M(12288M) 31.073ms
[2025-01-08T22:40:48.595+0000][180918.961s][info][gc,cpu      ] GC(5669) User=0.18s Sys=0.00s Real=0.03s
[2025-01-08T22:40:48.595+0000][180918.961s][info][gc          ] GC(5670) Concurrent Mark Cycle
[2025-01-08T22:40:48.595+0000][180918.961s][info][gc,marking  ] GC(5670) Concurrent Clear Claimed Marks
[2025-01-08T22:40:48.596+0000][180918.962s][info][gc,marking  ] GC(5670) Concurrent Clear Claimed Marks 0.911ms
[2025-01-08T22:40:48.596+0000][180918.962s][info][gc,marking  ] GC(5670) Concurrent Scan Root Regions
[2025-01-08T22:40:48.624+0000][180918.990s][info][gc,marking  ] GC(5670) Concurrent Scan Root Regions 27.365ms
[2025-01-08T22:40:48.624+0000][180918.990s][info][gc,marking  ] GC(5670) Concurrent Mark
[2025-01-08T22:40:48.624+0000][180918.990s][info][gc,marking  ] GC(5670) Concurrent Mark From Roots
[2025-01-08T22:40:48.624+0000][180918.990s][info][gc,task     ] GC(5670) Using 2 workers of 2 for marking
[2025-01-08T22:40:49.580+0000][180919.946s][info][gc,marking  ] GC(5670) Concurrent Mark From Roots 956.019ms
[2025-01-08T22:40:49.580+0000][180919.946s][info][gc,marking  ] GC(5670) Concurrent Preclean
[2025-01-08T22:40:49.582+0000][180919.949s][info][gc,marking  ] GC(5670) Concurrent Preclean 2.692ms
[2025-01-08T22:40:49.583+0000][180919.949s][info][gc,start    ] GC(5670) Pause Remark
[2025-01-08T22:40:49.608+0000][180919.975s][info][gc          ] GC(5670) Pause Remark 3809M->3809M(12288M) 25.924ms
[2025-01-08T22:40:49.609+0000][180919.975s][info][gc,cpu      ] GC(5670) User=0.14s Sys=0.01s Real=0.02s
[2025-01-08T22:40:49.609+0000][180919.975s][info][gc,marking  ] GC(5670) Concurrent Mark 984.990ms
[2025-01-08T22:40:49.609+0000][180919.975s][info][gc,marking  ] GC(5670) Concurrent Rebuild Remembered Sets
[2025-01-08T22:40:50.152+0000][180920.518s][info][gc,marking  ] GC(5670) Concurrent Rebuild Remembered Sets 543.253ms
[2025-01-08T22:40:50.152+0000][180920.518s][info][gc,start    ] GC(5670) Pause Cleanup
[2025-01-08T22:40:50.152+0000][180920.519s][info][gc          ] GC(5670) Pause Cleanup 4549M->4549M(12288M) 0.415ms
[2025-01-08T22:40:50.153+0000][180920.519s][info][gc,cpu      ] GC(5670) User=0.00s Sys=0.00s Real=0.00s
[2025-01-08T22:40:50.153+0000][180920.519s][info][gc,marking  ] GC(5670) Concurrent Cleanup for Next Mark
[2025-01-08T22:40:50.168+0000][180920.534s][info][gc,marking  ] GC(5670) Concurrent Cleanup for Next Mark 15.505ms
[2025-01-08T22:40:50.168+0000][180920.534s][info][gc          ] GC(5670) Concurrent Mark Cycle 1572.853ms
[2025-01-08T22:40:52.876+0000][180923.242s][info][gc,start    ] GC(5671) Pause Young (Prepare Mixed) (G1 Evacuation Pause)
[2025-01-08T22:40:52.876+0000][180923.242s][info][gc,task     ] GC(5671) Using 6 workers of 6 for evacuation
[2025-01-08T22:40:52.907+0000][180923.273s][info][gc,phases   ] GC(5671)   Pre Evacuate Collection Set: 0.2ms
[2025-01-08T22:40:52.907+0000][180923.273s][info][gc,phases   ] GC(5671)   Merge Heap Roots: 0.7ms
[2025-01-08T22:40:52.907+0000][180923.273s][info][gc,phases   ] GC(5671)   Evacuate Collection Set: 27.7ms
[2025-01-08T22:40:52.907+0000][180923.273s][info][gc,phases   ] GC(5671)   Post Evacuate Collection Set: 2.5ms
[2025-01-08T22:40:52.907+0000][180923.273s][info][gc,phases   ] GC(5671)   Other: 0.2ms
[2025-01-08T22:40:52.907+0000][180923.273s][info][gc,heap     ] GC(5671) Eden regions: 913->0(68)
[2025-01-08T22:40:52.907+0000][180923.273s][info][gc,heap     ] GC(5671) Survivor regions: 8->8(116)
[2025-01-08T22:40:52.907+0000][180923.273s][info][gc,heap     ] GC(5671) Old regions: 233->233
[2025-01-08T22:40:52.907+0000][180923.273s][info][gc,heap     ] GC(5671) Archive regions: 2->2
[2025-01-08T22:40:52.907+0000][180923.273s][info][gc,heap     ] GC(5671) Humongous regions: 49->49
[2025-01-08T22:40:52.907+0000][180923.273s][info][gc,metaspace] GC(5671) Metaspace: 523998K(533824K)->523998K(533824K) NonClass: 460150K(465088K)->460150K(465088K) Class: 63848K(68736K)->63848K(68736K)
[2025-01-08T22:40:52.907+0000][180923.273s][info][gc          ] GC(5671) Pause Young (Prepare Mixed) (G1 Evacuation Pause) 9625M->2325M(12288M) 31.312ms
[2025-01-08T22:40:52.907+0000][180923.274s][info][gc,cpu      ] GC(5671) User=0.18s Sys=0.00s Real=0.03s
[2025-01-08T22:40:53.166+0000][180923.532s][info][gc,start    ] GC(5672) Pause Young (Mixed) (G1 Evacuation Pause)
[2025-01-08T22:40:53.166+0000][180923.532s][info][gc,task     ] GC(5672) Using 6 workers of 6 for evacuation
[2025-01-08T22:40:53.220+0000][180923.586s][info][gc,phases   ] GC(5672)   Pre Evacuate Collection Set: 0.2ms
[2025-01-08T22:40:53.220+0000][180923.586s][info][gc,phases   ] GC(5672)   Merge Heap Roots: 0.6ms
[2025-01-08T22:40:53.220+0000][180923.586s][info][gc,phases   ] GC(5672)   Evacuate Collection Set: 51.0ms
[2025-01-08T22:40:53.220+0000][180923.586s][info][gc,phases   ] GC(5672)   Post Evacuate Collection Set: 1.7ms
[2025-01-08T22:40:53.220+0000][180923.586s][info][gc,phases   ] GC(5672)   Other: 0.2ms
[2025-01-08T22:40:53.220+0000][180923.586s][info][gc,heap     ] GC(5672) Eden regions: 68->0(916)
[2025-01-08T22:40:53.220+0000][180923.586s][info][gc,heap     ] GC(5672) Survivor regions: 8->5(10)
[2025-01-08T22:40:53.220+0000][180923.586s][info][gc,heap     ] GC(5672) Old regions: 233->231
[2025-01-08T22:40:53.220+0000][180923.586s][info][gc,heap     ] GC(5672) Archive regions: 2->2
[2025-01-08T22:40:53.220+0000][180923.586s][info][gc,heap     ] GC(5672) Humongous regions: 49->49
[2025-01-08T22:40:53.220+0000][180923.586s][info][gc,metaspace] GC(5672) Metaspace: 523998K(533824K)->523998K(533824K) NonClass: 460150K(465088K)->460150K(465088K) Class: 63848K(68736K)->63848K(68736K)
[2025-01-08T22:40:53.220+0000][180923.586s][info][gc          ] GC(5672) Pause Young (Mixed) (G1 Evacuation Pause) 2869M->2282M(12288M) 53.659ms
[2025-01-08T22:40:53.220+0000][180923.586s][info][gc,cpu      ] GC(5672) User=0.32s Sys=0.00s Real=0.05s
[2025-01-08T22:41:00.547+0000][180930.913s][info][gc,start    ] GC(5673) Pause Young (Normal) (G1 Evacuation Pause)
[2025-01-08T22:41:00.547+0000][180930.913s][info][gc,task     ] GC(5673) Using 6 workers of 6 for evacuation
[2025-01-08T22:41:00.578+0000][180930.945s][info][gc,phases   ] GC(5673)   Pre Evacuate Collection Set: 0.2ms
[2025-01-08T22:41:00.578+0000][180930.945s][info][gc,phases   ] GC(5673)   Merge Heap Roots: 0.4ms
[2025-01-08T22:41:00.578+0000][180930.945s][info][gc,phases   ] GC(5673)   Evacuate Collection Set: 24.9ms
[2025-01-08T22:41:00.578+0000][180930.945s][info][gc,phases   ] GC(5673)   Post Evacuate Collection Set: 5.3ms
[2025-01-08T22:41:00.578+0000][180930.945s][info][gc,phases   ] GC(5673)   Other: 0.2ms
[2025-01-08T22:41:00.578+0000][180930.945s][info][gc,heap     ] GC(5673) Eden regions: 916->0(912)
[2025-01-08T22:41:00.578+0000][180930.945s][info][gc,heap     ] GC(5673) Survivor regions: 5->9(116)
[2025-01-08T22:41:00.579+0000][180930.945s][info][gc,heap     ] GC(5673) Old regions: 231->231
[2025-01-08T22:41:00.579+0000][180930.945s][info][gc,heap     ] GC(5673) Archive regions: 2->2
[2025-01-08T22:41:00.579+0000][180930.945s][info][gc,heap     ] GC(5673) Humongous regions: 49->49
[2025-01-08T22:41:00.579+0000][180930.945s][info][gc,metaspace] GC(5673) Metaspace: 523998K(533824K)->523998K(533824K) NonClass: 460150K(465088K)->460150K(465088K) Class: 63848K(68736K)->63848K(68736K)
[2025-01-08T22:41:00.579+0000][180930.945s][info][gc          ] GC(5673) Pause Young (Normal) (G1 Evacuation Pause) 9610M->2307M(12288M) 31.200ms
[2025-01-08T22:41:00.579+0000][180930.945s][info][gc,cpu      ] GC(5673) User=0.18s Sys=0.00s Real=0.03s
[2025-01-08T22:41:08.276+0000][180938.642s][info][gc,start    ] GC(5674) Pause Young (Normal) (G1 Evacuation Pause)
[2025-01-08T22:41:08.276+0000][180938.642s][info][gc,task     ] GC(5674) Using 6 workers of 6 for evacuation
[2025-01-08T22:41:08.303+0000][180938.669s][info][gc,phases   ] GC(5674)   Pre Evacuate Collection Set: 0.2ms
[2025-01-08T22:41:08.303+0000][180938.669s][info][gc,phases   ] GC(5674)   Merge Heap Roots: 0.4ms
[2025-01-08T22:41:08.303+0000][180938.669s][info][gc,phases   ] GC(5674)   Evacuate Collection Set: 23.9ms
[2025-01-08T22:41:08.303+0000][180938.669s][info][gc,phases   ] GC(5674)   Post Evacuate Collection Set: 2.5ms
[2025-01-08T22:41:08.303+0000][180938.669s][info][gc,phases   ] GC(5674)   Other: 0.2ms
[2025-01-08T22:41:08.303+0000][180938.669s][info][gc,heap     ] GC(5674) Eden regions: 912->0(913)
[2025-01-08T22:41:08.303+0000][180938.669s][info][gc,heap     ] GC(5674) Survivor regions: 9->8(116)
[2025-01-08T22:41:08.303+0000][180938.669s][info][gc,heap     ] GC(5674) Old regions: 231->231
[2025-01-08T22:41:08.303+0000][180938.669s][info][gc,heap     ] GC(5674) Archive regions: 2->2
[2025-01-08T22:41:08.303+0000][180938.669s][info][gc,heap     ] GC(5674) Humongous regions: 49->49
[2025-01-08T22:41:08.303+0000][180938.669s][info][gc,metaspace] GC(5674) Metaspace: 523998K(533824K)->523998K(533824K) NonClass: 460150K(465088K)->460150K(465088K) Class: 63848K(68736K)->63848K(68736K)
[2025-01-08T22:41:08.303+0000][180938.669s][info][gc          ] GC(5674) Pause Young (Normal) (G1 Evacuation Pause) 9603M->2306M(12288M) 27.309ms
[2025-01-08T22:41:08.303+0000][180938.669s][info][gc,cpu      ] GC(5674) User=0.16s Sys=0.00s Real=0.03s
[2025-01-08T22:41:13.452+0000][180943.818s][info][gc,start    ] GC(5675) Pause Young (Concurrent Start) (G1 Evacuation Pause)
[2025-01-08T22:41:13.452+0000][180943.818s][info][gc,task     ] GC(5675) Using 6 workers of 6 for evacuation
[2025-01-08T22:41:13.484+0000][180943.850s][info][gc,phases   ] GC(5675)   Pre Evacuate Collection Set: 1.1ms
[2025-01-08T22:41:13.484+0000][180943.850s][info][gc,phases   ] GC(5675)   Merge Heap Roots: 0.5ms
[2025-01-08T22:41:13.484+0000][180943.850s][info][gc,phases   ] GC(5675)   Evacuate Collection Set: 26.9ms
[2025-01-08T22:41:13.484+0000][180943.850s][info][gc,phases   ] GC(5675)   Post Evacuate Collection Set: 3.8ms
[2025-01-08T22:41:13.484+0000][180943.850s][info][gc,phases   ] GC(5675)   Other: 0.3ms
[2025-01-08T22:41:13.484+0000][180943.850s][info][gc,heap     ] GC(5675) Eden regions: 913->0(911)
[2025-01-08T22:41:13.484+0000][180943.850s][info][gc,heap     ] GC(5675) Survivor regions: 8->10(116)
[2025-01-08T22:41:13.484+0000][180943.850s][info][gc,heap     ] GC(5675) Old regions: 231->231
[2025-01-08T22:41:13.484+0000][180943.850s][info][gc,heap     ] GC(5675) Archive regions: 2->2
[2025-01-08T22:41:13.484+0000][180943.850s][info][gc,heap     ] GC(5675) Humongous regions: 49->49
[2025-01-08T22:41:13.484+0000][180943.850s][info][gc,metaspace] GC(5675) Metaspace: 523998K(533824K)->523998K(533824K) NonClass: 460150K(465088K)->460150K(465088K) Class: 63848K(68736K)->63848K(68736K)
[2025-01-08T22:41:13.484+0000][180943.850s][info][gc          ] GC(5675) Pause Young (Concurrent Start) (G1 Evacuation Pause) 9610M->2314M(12288M) 32.677ms
[2025-01-08T22:41:13.484+0000][180943.850s][info][gc,cpu      ] GC(5675) User=0.19s Sys=0.00s Real=0.03s
[2025-01-08T22:41:13.484+0000][180943.850s][info][gc          ] GC(5676) Concurrent Mark Cycle
[2025-01-08T22:41:13.484+0000][180943.851s][info][gc,marking  ] GC(5676) Concurrent Clear Claimed Marks
[2025-01-08T22:41:13.485+0000][180943.851s][info][gc,marking  ] GC(5676) Concurrent Clear Claimed Marks 0.855ms
[2025-01-08T22:41:13.485+0000][180943.851s][info][gc,marking  ] GC(5676) Concurrent Scan Root Regions
[2025-01-08T22:41:13.505+0000][180943.871s][info][gc,marking  ] GC(5676) Concurrent Scan Root Regions 19.461ms
[2025-01-08T22:41:13.505+0000][180943.871s][info][gc,marking  ] GC(5676) Concurrent Mark
[2025-01-08T22:41:13.505+0000][180943.871s][info][gc,marking  ] GC(5676) Concurrent Mark From Roots
[2025-01-08T22:41:13.505+0000][180943.871s][info][gc,task     ] GC(5676) Using 2 workers of 2 for marking
[2025-01-08T22:41:14.289+0000][180944.655s][info][gc,marking  ] GC(5676) Concurrent Mark From Roots 784.098ms
[2025-01-08T22:41:14.289+0000][180944.655s][info][gc,marking  ] GC(5676) Concurrent Preclean
[2025-01-08T22:41:14.292+0000][180944.658s][info][gc,marking  ] GC(5676) Concurrent Preclean 2.670ms
[2025-01-08T22:41:14.292+0000][180944.658s][info][gc,start    ] GC(5676) Pause Remark
[2025-01-08T22:41:14.317+0000][180944.683s][info][gc          ] GC(5676) Pause Remark 3066M->3066M(12288M) 25.386ms
[2025-01-08T22:41:14.317+0000][180944.683s][info][gc,cpu      ] GC(5676) User=0.14s Sys=0.00s Real=0.02s
[2025-01-08T22:41:14.317+0000][180944.683s][info][gc,marking  ] GC(5676) Concurrent Mark 812.480ms
[2025-01-08T22:41:14.317+0000][180944.683s][info][gc,marking  ] GC(5676) Concurrent Rebuild Remembered Sets
[2025-01-08T22:41:14.887+0000][180945.253s][info][gc,marking  ] GC(5676) Concurrent Rebuild Remembered Sets 569.264ms
[2025-01-08T22:41:14.887+0000][180945.253s][info][gc,start    ] GC(5676) Pause Cleanup
[2025-01-08T22:41:14.887+0000][180945.253s][info][gc          ] GC(5676) Pause Cleanup 3622M->3622M(12288M) 0.407ms
[2025-01-08T22:41:14.887+0000][180945.253s][info][gc,cpu      ] GC(5676) User=0.00s Sys=0.00s Real=0.00s
[2025-01-08T22:41:14.887+0000][180945.253s][info][gc,marking  ] GC(5676) Concurrent Cleanup for Next Mark
[2025-01-08T22:41:14.903+0000][180945.269s][info][gc,marking  ] GC(5676) Concurrent Cleanup for Next Mark 15.371ms
[2025-01-08T22:41:14.903+0000][180945.269s][info][gc          ] GC(5676) Concurrent Mark Cycle 1418.230ms
[2025-01-08T22:41:22.440+0000][180952.806s][info][gc,start    ] GC(5677) Pause Young (Prepare Mixed) (G1 Evacuation Pause)
[2025-01-08T22:41:22.440+0000][180952.806s][info][gc,task     ] GC(5677) Using 6 workers of 6 for evacuation
[2025-01-08T22:41:22.476+0000][180952.842s][info][gc,phases   ] GC(5677)   Pre Evacuate Collection Set: 0.2ms
[2025-01-08T22:41:22.476+0000][180952.842s][info][gc,phases   ] GC(5677)   Merge Heap Roots: 0.7ms
[2025-01-08T22:41:22.476+0000][180952.842s][info][gc,phases   ] GC(5677)   Evacuate Collection Set: 32.8ms
[2025-01-08T22:41:22.476+0000][180952.842s][info][gc,phases   ] GC(5677)   Post Evacuate Collection Set: 2.7ms
[2025-01-08T22:41:22.476+0000][180952.842s][info][gc,phases   ] GC(5677)   Other: 0.2ms
[2025-01-08T22:41:22.476+0000][180952.842s][info][gc,heap     ] GC(5677) Eden regions: 911->0(65)
[2025-01-08T22:41:22.476+0000][180952.842s][info][gc,heap     ] GC(5677) Survivor regions: 10->11(116)
[2025-01-08T22:41:22.476+0000][180952.842s][info][gc,heap     ] GC(5677) Old regions: 231->231
[2025-01-08T22:41:22.476+0000][180952.842s][info][gc,heap     ] GC(5677) Archive regions: 2->2
[2025-01-08T22:41:22.476+0000][180952.842s][info][gc,heap     ] GC(5677) Humongous regions: 49->49
[2025-01-08T22:41:22.476+0000][180952.842s][info][gc,metaspace] GC(5677) Metaspace: 523999K(533824K)->523999K(533824K) NonClass: 460151K(465088K)->460151K(465088K) Class: 63848K(68736K)->63848K(68736K)
[2025-01-08T22:41:22.476+0000][180952.843s][info][gc          ] GC(5677) Pause Young (Prepare Mixed) (G1 Evacuation Pause) 9602M->2327M(12288M) 36.793ms
[2025-01-08T22:41:22.476+0000][180952.843s][info][gc,cpu      ] GC(5677) User=0.21s Sys=0.00s Real=0.04s
[2025-01-08T22:41:22.987+0000][180953.353s][info][gc,start    ] GC(5678) Pause Young (Mixed) (G1 Evacuation Pause)
[2025-01-08T22:41:22.987+0000][180953.354s][info][gc,task     ] GC(5678) Using 6 workers of 6 for evacuation
[2025-01-08T22:41:23.043+0000][180953.409s][info][gc,phases   ] GC(5678)   Pre Evacuate Collection Set: 0.2ms
[2025-01-08T22:41:23.043+0000][180953.409s][info][gc,phases   ] GC(5678)   Merge Heap Roots: 0.5ms
[2025-01-08T22:41:23.043+0000][180953.409s][info][gc,phases   ] GC(5678)   Evacuate Collection Set: 53.1ms
[2025-01-08T22:41:23.043+0000][180953.409s][info][gc,phases   ] GC(5678)   Post Evacuate Collection Set: 1.7ms
[2025-01-08T22:41:23.043+0000][180953.409s][info][gc,phases   ] GC(5678)   Other: 0.2ms
[2025-01-08T22:41:23.043+0000][180953.409s][info][gc,heap     ] GC(5678) Eden regions: 65->0(915)
[2025-01-08T22:41:23.043+0000][180953.409s][info][gc,heap     ] GC(5678) Survivor regions: 11->6(10)
[2025-01-08T22:41:23.043+0000][180953.409s][info][gc,heap     ] GC(5678) Old regions: 231->232
[2025-01-08T22:41:23.043+0000][180953.409s][info][gc,heap     ] GC(5678) Archive regions: 2->2
[2025-01-08T22:41:23.043+0000][180953.409s][info][gc,heap     ] GC(5678) Humongous regions: 49->49
[2025-01-08T22:41:23.043+0000][180953.409s][info][gc,metaspace] GC(5678) Metaspace: 523999K(533824K)->523999K(533824K) NonClass: 460151K(465088K)->460151K(465088K) Class: 63848K(68736K)->63848K(68736K)
[2025-01-08T22:41:23.043+0000][180953.409s][info][gc          ] GC(5678) Pause Young (Mixed) (G1 Evacuation Pause) 2847M->2295M(12288M) 55.794ms
[2025-01-08T22:41:23.043+0000][180953.409s][info][gc,cpu      ] GC(5678) User=0.33s Sys=0.00s Real=0.06s
[2025-01-08T22:41:31.040+0000][180961.406s][info][gc,start    ] GC(5679) Pause Young (Normal) (G1 Evacuation Pause)
[2025-01-08T22:41:31.040+0000][180961.406s][info][gc,task     ] GC(5679) Using 6 workers of 6 for evacuation
[2025-01-08T22:41:31.069+0000][180961.435s][info][gc,phases   ] GC(5679)   Pre Evacuate Collection Set: 0.2ms
[2025-01-08T22:41:31.069+0000][180961.435s][info][gc,phases   ] GC(5679)   Merge Heap Roots: 0.4ms
[2025-01-08T22:41:31.069+0000][180961.435s][info][gc,phases   ] GC(5679)   Evacuate Collection Set: 25.6ms
[2025-01-08T22:41:31.069+0000][180961.435s][info][gc,phases   ] GC(5679)   Post Evacuate Collection Set: 2.8ms
[2025-01-08T22:41:31.069+0000][180961.435s][info][gc,phases   ] GC(5679)   Other: 0.2ms
[2025-01-08T22:41:31.069+0000][180961.436s][info][gc,heap     ] GC(5679) Eden regions: 915->0(913)
[2025-01-08T22:41:31.069+0000][180961.436s][info][gc,heap     ] GC(5679) Survivor regions: 6->8(116)
[2025-01-08T22:41:31.069+0000][180961.436s][info][gc,heap     ] GC(5679) Old regions: 232->232
[2025-01-08T22:41:31.069+0000][180961.436s][info][gc,heap     ] GC(5679) Archive regions: 2->2
[2025-01-08T22:41:31.069+0000][180961.436s][info][gc,heap     ] GC(5679) Humongous regions: 49->49
[2025-01-08T22:41:31.069+0000][180961.436s][info][gc,metaspace] GC(5679) Metaspace: 523999K(533824K)->523999K(533824K) NonClass: 460151K(465088K)->460151K(465088K) Class: 63848K(68736K)->63848K(68736K)
[2025-01-08T22:41:31.069+0000][180961.436s][info][gc          ] GC(5679) Pause Young (Normal) (G1 Evacuation Pause) 9615M->2311M(12288M) 29.373ms
[2025-01-08T22:41:31.070+0000][180961.436s][info][gc,cpu      ] GC(5679) User=0.17s Sys=0.00s Real=0.04s
[2025-01-08T22:41:41.061+0000][180971.427s][info][gc,start    ] GC(5680) Pause Young (Normal) (G1 Evacuation Pause)
[2025-01-08T22:41:41.061+0000][180971.427s][info][gc,task     ] GC(5680) Using 6 workers of 6 for evacuation
[2025-01-08T22:41:41.090+0000][180971.456s][info][gc,phases   ] GC(5680)   Pre Evacuate Collection Set: 0.2ms
[2025-01-08T22:41:41.090+0000][180971.456s][info][gc,phases   ] GC(5680)   Merge Heap Roots: 0.4ms
[2025-01-08T22:41:41.090+0000][180971.456s][info][gc,phases   ] GC(5680)   Evacuate Collection Set: 26.1ms
[2025-01-08T22:41:41.090+0000][180971.456s][info][gc,phases   ] GC(5680)   Post Evacuate Collection Set: 2.6ms
[2025-01-08T22:41:41.090+0000][180971.456s][info][gc,phases   ] GC(5680)   Other: 0.2ms
[2025-01-08T22:41:41.090+0000][180971.456s][info][gc,heap     ] GC(5680) Eden regions: 913->0(913)
[2025-01-08T22:41:41.090+0000][180971.456s][info][gc,heap     ] GC(5680) Survivor regions: 8->8(116)
[2025-01-08T22:41:41.090+0000][180971.456s][info][gc,heap     ] GC(5680) Old regions: 232->232
[2025-01-08T22:41:41.090+0000][180971.456s][info][gc,heap     ] GC(5680) Archive regions: 2->2
[2025-01-08T22:41:41.090+0000][180971.456s][info][gc,heap     ] GC(5680) Humongous regions: 49->49
[2025-01-08T22:41:41.090+0000][180971.456s][info][gc,metaspace] GC(5680) Metaspace: 523999K(533824K)->523999K(533824K) NonClass: 460151K(465088K)->460151K(465088K) Class: 63848K(68736K)->63848K(68736K)
[2025-01-08T22:41:41.090+0000][180971.456s][info][gc          ] GC(5680) Pause Young (Normal) (G1 Evacuation Pause) 9615M->2315M(12288M) 29.651ms
[2025-01-08T22:41:41.090+0000][180971.456s][info][gc,cpu      ] GC(5680) User=0.17s Sys=0.00s Real=0.04s
[2025-01-08T22:41:50.499+0000][180980.865s][info][gc,start    ] GC(5681) Pause Young (Concurrent Start) (G1 Evacuation Pause)
[2025-01-08T22:41:50.499+0000][180980.865s][info][gc,task     ] GC(5681) Using 6 workers of 6 for evacuation
[2025-01-08T22:41:50.539+0000][180980.905s][info][gc,phases   ] GC(5681)   Pre Evacuate Collection Set: 1.1ms
[2025-01-08T22:41:50.539+0000][180980.905s][info][gc,phases   ] GC(5681)   Merge Heap Roots: 0.5ms
[2025-01-08T22:41:50.539+0000][180980.905s][info][gc,phases   ] GC(5681)   Evacuate Collection Set: 32.7ms
[2025-01-08T22:41:50.539+0000][180980.905s][info][gc,phases   ] GC(5681)   Post Evacuate Collection Set: 5.3ms
[2025-01-08T22:41:50.539+0000][180980.905s][info][gc,phases   ] GC(5681)   Other: 0.3ms
[2025-01-08T22:41:50.539+0000][180980.905s][info][gc,heap     ] GC(5681) Eden regions: 913->0(909)
[2025-01-08T22:41:50.539+0000][180980.905s][info][gc,heap     ] GC(5681) Survivor regions: 8->12(116)
[2025-01-08T22:41:50.539+0000][180980.905s][info][gc,heap     ] GC(5681) Old regions: 232->232
[2025-01-08T22:41:50.539+0000][180980.905s][info][gc,heap     ] GC(5681) Archive regions: 2->2
[2025-01-08T22:41:50.539+0000][180980.905s][info][gc,heap     ] GC(5681) Humongous regions: 49->49
[2025-01-08T22:41:50.539+0000][180980.905s][info][gc,metaspace] GC(5681) Metaspace: 523999K(533824K)->523999K(533824K) NonClass: 460151K(465088K)->460151K(465088K) Class: 63848K(68736K)->63848K(68736K)
[2025-01-08T22:41:50.539+0000][180980.905s][info][gc          ] GC(5681) Pause Young (Concurrent Start) (G1 Evacuation Pause) 9619M->2344M(12288M) 39.973ms
[2025-01-08T22:41:50.539+0000][180980.905s][info][gc,cpu      ] GC(5681) User=0.22s Sys=0.00s Real=0.04s
[2025-01-08T22:41:50.539+0000][180980.905s][info][gc          ] GC(5682) Concurrent Mark Cycle
[2025-01-08T22:41:50.539+0000][180980.905s][info][gc,marking  ] GC(5682) Concurrent Clear Claimed Marks
[2025-01-08T22:41:50.540+0000][180980.906s][info][gc,marking  ] GC(5682) Concurrent Clear Claimed Marks 0.971ms
[2025-01-08T22:41:50.540+0000][180980.906s][info][gc,marking  ] GC(5682) Concurrent Scan Root Regions
[2025-01-08T22:41:50.569+0000][180980.935s][info][gc,marking  ] GC(5682) Concurrent Scan Root Regions 28.947ms
[2025-01-08T22:41:50.569+0000][180980.935s][info][gc,marking  ] GC(5682) Concurrent Mark
[2025-01-08T22:41:50.569+0000][180980.935s][info][gc,marking  ] GC(5682) Concurrent Mark From Roots
[2025-01-08T22:41:50.569+0000][180980.935s][info][gc,task     ] GC(5682) Using 2 workers of 2 for marking
[2025-01-08T22:41:51.412+0000][180981.779s][info][gc,marking  ] GC(5682) Concurrent Mark From Roots 843.340ms
[2025-01-08T22:41:51.412+0000][180981.779s][info][gc,marking  ] GC(5682) Concurrent Preclean
[2025-01-08T22:41:51.416+0000][180981.782s][info][gc,marking  ] GC(5682) Concurrent Preclean 3.163ms
[2025-01-08T22:41:51.416+0000][180981.782s][info][gc,start    ] GC(5682) Pause Remark
[2025-01-08T22:41:51.442+0000][180981.808s][info][gc          ] GC(5682) Pause Remark 2768M->2768M(12288M) 25.805ms
[2025-01-08T22:41:51.442+0000][180981.808s][info][gc,cpu      ] GC(5682) User=0.14s Sys=0.01s Real=0.03s
[2025-01-08T22:41:51.442+0000][180981.808s][info][gc,marking  ] GC(5682) Concurrent Mark 872.671ms
[2025-01-08T22:41:51.442+0000][180981.808s][info][gc,marking  ] GC(5682) Concurrent Rebuild Remembered Sets
[2025-01-08T22:41:52.043+0000][180982.409s][info][gc,marking  ] GC(5682) Concurrent Rebuild Remembered Sets 600.933ms
[2025-01-08T22:41:52.043+0000][180982.409s][info][gc,start    ] GC(5682) Pause Cleanup
[2025-01-08T22:41:52.043+0000][180982.409s][info][gc          ] GC(5682) Pause Cleanup 3280M->3280M(12288M) 0.425ms
[2025-01-08T22:41:52.043+0000][180982.409s][info][gc,cpu      ] GC(5682) User=0.00s Sys=0.00s Real=0.00s
[2025-01-08T22:41:52.043+0000][180982.409s][info][gc,marking  ] GC(5682) Concurrent Cleanup for Next Mark
[2025-01-08T22:41:52.059+0000][180982.425s][info][gc,marking  ] GC(5682) Concurrent Cleanup for Next Mark 16.001ms
[2025-01-08T22:41:52.059+0000][180982.426s][info][gc          ] GC(5682) Concurrent Mark Cycle 1520.381ms
[2025-01-08T22:41:59.327+0000][180989.693s][info][gc,start    ] GC(5683) Pause Young (Prepare Mixed) (G1 Evacuation Pause)
[2025-01-08T22:41:59.327+0000][180989.693s][info][gc,task     ] GC(5683) Using 6 workers of 6 for evacuation
[2025-01-08T22:41:59.368+0000][180989.734s][info][gc,phases   ] GC(5683)   Pre Evacuate Collection Set: 0.2ms
[2025-01-08T22:41:59.368+0000][180989.734s][info][gc,phases   ] GC(5683)   Merge Heap Roots: 0.7ms
[2025-01-08T22:41:59.368+0000][180989.734s][info][gc,phases   ] GC(5683)   Evacuate Collection Set: 36.7ms
[2025-01-08T22:41:59.368+0000][180989.734s][info][gc,phases   ] GC(5683)   Post Evacuate Collection Set: 2.8ms
[2025-01-08T22:41:59.368+0000][180989.734s][info][gc,phases   ] GC(5683)   Other: 0.2ms
[2025-01-08T22:41:59.368+0000][180989.734s][info][gc,heap     ] GC(5683) Eden regions: 909->0(64)
[2025-01-08T22:41:59.368+0000][180989.734s][info][gc,heap     ] GC(5683) Survivor regions: 12->12(116)
[2025-01-08T22:41:59.368+0000][180989.734s][info][gc,heap     ] GC(5683) Old regions: 232->232
[2025-01-08T22:41:59.368+0000][180989.734s][info][gc,heap     ] GC(5683) Archive regions: 2->2
[2025-01-08T22:41:59.368+0000][180989.734s][info][gc,heap     ] GC(5683) Humongous regions: 49->49
[2025-01-08T22:41:59.368+0000][180989.734s][info][gc,metaspace] GC(5683) Metaspace: 523999K(533824K)->523999K(533824K) NonClass: 460151K(465088K)->460151K(465088K) Class: 63848K(68736K)->63848K(68736K)
[2025-01-08T22:41:59.368+0000][180989.734s][info][gc          ] GC(5683) Pause Young (Prepare Mixed) (G1 Evacuation Pause) 9616M->2348M(12288M) 40.707ms
[2025-01-08T22:41:59.368+0000][180989.734s][info][gc,cpu      ] GC(5683) User=0.23s Sys=0.00s Real=0.04s
[2025-01-08T22:41:59.631+0000][180989.998s][info][gc,start    ] GC(5684) Pause Young (Mixed) (G1 Evacuation Pause)
[2025-01-08T22:41:59.632+0000][180989.998s][info][gc,task     ] GC(5684) Using 6 workers of 6 for evacuation
[2025-01-08T22:41:59.708+0000][180990.074s][info][gc,phases   ] GC(5684)   Pre Evacuate Collection Set: 0.2ms
[2025-01-08T22:41:59.708+0000][180990.074s][info][gc,phases   ] GC(5684)   Merge Heap Roots: 0.8ms
[2025-01-08T22:41:59.708+0000][180990.074s][info][gc,phases   ] GC(5684)   Evacuate Collection Set: 73.8ms
[2025-01-08T22:41:59.708+0000][180990.074s][info][gc,phases   ] GC(5684)   Post Evacuate Collection Set: 1.8ms
[2025-01-08T22:41:59.708+0000][180990.074s][info][gc,phases   ] GC(5684)   Other: 0.2ms
[2025-01-08T22:41:59.708+0000][180990.074s][info][gc,heap     ] GC(5684) Eden regions: 64->0(917)
[2025-01-08T22:41:59.708+0000][180990.074s][info][gc,heap     ] GC(5684) Survivor regions: 12->4(10)
[2025-01-08T22:41:59.708+0000][180990.074s][info][gc,heap     ] GC(5684) Old regions: 232->237
[2025-01-08T22:41:59.708+0000][180990.074s][info][gc,heap     ] GC(5684) Archive regions: 2->2
[2025-01-08T22:41:59.708+0000][180990.074s][info][gc,heap     ] GC(5684) Humongous regions: 49->49
[2025-01-08T22:41:59.708+0000][180990.074s][info][gc,metaspace] GC(5684) Metaspace: 523999K(533824K)->523999K(533824K) NonClass: 460151K(465088K)->460151K(465088K) Class: 63848K(68736K)->63848K(68736K)
[2025-01-08T22:41:59.708+0000][180990.074s][info][gc          ] GC(5684) Pause Young (Mixed) (G1 Evacuation Pause) 2860M->2317M(12288M) 76.858ms
[2025-01-08T22:41:59.708+0000][180990.074s][info][gc,cpu      ] GC(5684) User=0.45s Sys=0.00s Real=0.07s
[2025-01-08T22:42:04.957+0000][180995.323s][info][gc,start    ] GC(5685) Pause Young (Normal) (G1 Evacuation Pause)
[2025-01-08T22:42:04.957+0000][180995.323s][info][gc,task     ] GC(5685) Using 6 workers of 6 for evacuation
[2025-01-08T22:42:04.980+0000][180995.346s][info][gc,phases   ] GC(5685)   Pre Evacuate Collection Set: 0.2ms
[2025-01-08T22:42:04.980+0000][180995.347s][info][gc,phases   ] GC(5685)   Merge Heap Roots: 0.4ms
[2025-01-08T22:42:04.980+0000][180995.347s][info][gc,phases   ] GC(5685)   Evacuate Collection Set: 18.5ms
[2025-01-08T22:42:04.980+0000][180995.347s][info][gc,phases   ] GC(5685)   Post Evacuate Collection Set: 3.8ms
[2025-01-08T22:42:04.980+0000][180995.347s][info][gc,phases   ] GC(5685)   Other: 0.3ms
[2025-01-08T22:42:04.980+0000][180995.347s][info][gc,heap     ] GC(5685) Eden regions: 917->0(915)
[2025-01-08T22:42:04.980+0000][180995.347s][info][gc,heap     ] GC(5685) Survivor regions: 4->6(116)
[2025-01-08T22:42:04.980+0000][180995.347s][info][gc,heap     ] GC(5685) Old regions: 237->237
[2025-01-08T22:42:04.980+0000][180995.347s][info][gc,heap     ] GC(5685) Archive regions: 2->2
[2025-01-08T22:42:04.980+0000][180995.347s][info][gc,heap     ] GC(5685) Humongous regions: 49->49
[2025-01-08T22:42:04.980+0000][180995.347s][info][gc,metaspace] GC(5685) Metaspace: 523999K(533824K)->523999K(533824K) NonClass: 460151K(465088K)->460151K(465088K) Class: 63848K(68736K)->63848K(68736K)
[2025-01-08T22:42:04.981+0000][180995.347s][info][gc          ] GC(5685) Pause Young (Normal) (G1 Evacuation Pause) 9653M->2332M(12288M) 23.254ms
[2025-01-08T22:42:04.981+0000][180995.347s][info][gc,cpu      ] GC(5685) User=0.13s Sys=0.00s Real=0.02s
[2025-01-08T22:42:15.936+0000][181006.303s][info][gc,start    ] GC(5686) Pause Young (Normal) (G1 Evacuation Pause)
[2025-01-08T22:42:15.936+0000][181006.303s][info][gc,task     ] GC(5686) Using 6 workers of 6 for evacuation
[2025-01-08T22:42:15.964+0000][181006.330s][info][gc,phases   ] GC(5686)   Pre Evacuate Collection Set: 0.2ms
[2025-01-08T22:42:15.964+0000][181006.330s][info][gc,phases   ] GC(5686)   Merge Heap Roots: 0.4ms
[2025-01-08T22:42:15.964+0000][181006.330s][info][gc,phases   ] GC(5686)   Evacuate Collection Set: 24.0ms
[2025-01-08T22:42:15.964+0000][181006.330s][info][gc,phases   ] GC(5686)   Post Evacuate Collection Set: 2.8ms
[2025-01-08T22:42:15.964+0000][181006.330s][info][gc,phases   ] GC(5686)   Other: 0.2ms
[2025-01-08T22:42:15.964+0000][181006.330s][info][gc,heap     ] GC(5686) Eden regions: 915->0(914)
[2025-01-08T22:42:15.964+0000][181006.330s][info][gc,heap     ] GC(5686) Survivor regions: 6->7(116)
[2025-01-08T22:42:15.964+0000][181006.330s][info][gc,heap     ] GC(5686) Old regions: 237->237
[2025-01-08T22:42:15.964+0000][181006.330s][info][gc,heap     ] GC(5686) Archive regions: 2->2
[2025-01-08T22:42:15.964+0000][181006.330s][info][gc,heap     ] GC(5686) Humongous regions: 49->49
[2025-01-08T22:42:15.964+0000][181006.330s][info][gc,metaspace] GC(5686) Metaspace: 523999K(533824K)->523999K(533824K) NonClass: 460151K(465088K)->460151K(465088K) Class: 63848K(68736K)->63848K(68736K)
[2025-01-08T22:42:15.964+0000][181006.330s][info][gc          ] GC(5686) Pause Young (Normal) (G1 Evacuation Pause) 9652M->2346M(12288M) 27.663ms
[2025-01-08T22:42:15.964+0000][181006.330s][info][gc,cpu      ] GC(5686) User=0.17s Sys=0.00s Real=0.03s
[2025-01-08T22:42:26.261+0000][181016.627s][info][gc,start    ] GC(5687) Pause Young (Concurrent Start) (G1 Evacuation Pause)
[2025-01-08T22:42:26.261+0000][181016.627s][info][gc,task     ] GC(5687) Using 6 workers of 6 for evacuation
[2025-01-08T22:42:26.293+0000][181016.659s][info][gc,phases   ] GC(5687)   Pre Evacuate Collection Set: 1.2ms
[2025-01-08T22:42:26.293+0000][181016.659s][info][gc,phases   ] GC(5687)   Merge Heap Roots: 0.5ms
[2025-01-08T22:42:26.293+0000][181016.659s][info][gc,phases   ] GC(5687)   Evacuate Collection Set: 27.7ms
[2025-01-08T22:42:26.293+0000][181016.659s][info][gc,phases   ] GC(5687)   Post Evacuate Collection Set: 2.7ms
[2025-01-08T22:42:26.293+0000][181016.659s][info][gc,phases   ] GC(5687)   Other: 0.3ms
[2025-01-08T22:42:26.293+0000][181016.659s][info][gc,heap     ] GC(5687) Eden regions: 914->0(912)
[2025-01-08T22:42:26.293+0000][181016.659s][info][gc,heap     ] GC(5687) Survivor regions: 7->9(116)
[2025-01-08T22:42:26.293+0000][181016.659s][info][gc,heap     ] GC(5687) Old regions: 237->237
[2025-01-08T22:42:26.293+0000][181016.659s][info][gc,heap     ] GC(5687) Archive regions: 2->2
[2025-01-08T22:42:26.293+0000][181016.659s][info][gc,heap     ] GC(5687) Humongous regions: 49->49
[2025-01-08T22:42:26.293+0000][181016.659s][info][gc,metaspace] GC(5687) Metaspace: 523999K(533824K)->523999K(533824K) NonClass: 460151K(465088K)->460151K(465088K) Class: 63848K(68736K)->63848K(68736K)
[2025-01-08T22:42:26.293+0000][181016.659s][info][gc          ] GC(5687) Pause Young (Concurrent Start) (G1 Evacuation Pause) 9658M->2359M(12288M) 32.435ms
[2025-01-08T22:42:26.293+0000][181016.659s][info][gc,cpu      ] GC(5687) User=0.18s Sys=0.00s Real=0.04s
[2025-01-08T22:42:26.293+0000][181016.659s][info][gc          ] GC(5688) Concurrent Mark Cycle
[2025-01-08T22:42:26.293+0000][181016.659s][info][gc,marking  ] GC(5688) Concurrent Clear Claimed Marks
[2025-01-08T22:42:26.294+0000][181016.660s][info][gc,marking  ] GC(5688) Concurrent Clear Claimed Marks 0.992ms
[2025-01-08T22:42:26.294+0000][181016.660s][info][gc,marking  ] GC(5688) Concurrent Scan Root Regions
[2025-01-08T22:42:26.317+0000][181016.683s][info][gc,marking  ] GC(5688) Concurrent Scan Root Regions 22.820ms
[2025-01-08T22:42:26.317+0000][181016.683s][info][gc,marking  ] GC(5688) Concurrent Mark
[2025-01-08T22:42:26.317+0000][181016.683s][info][gc,marking  ] GC(5688) Concurrent Mark From Roots
[2025-01-08T22:42:26.317+0000][181016.683s][info][gc,task     ] GC(5688) Using 2 workers of 2 for marking
[2025-01-08T22:42:27.205+0000][181017.571s][info][gc,marking  ] GC(5688) Concurrent Mark From Roots 888.036ms
[2025-01-08T22:42:27.205+0000][181017.571s][info][gc,marking  ] GC(5688) Concurrent Preclean
[2025-01-08T22:42:27.209+0000][181017.575s][info][gc,marking  ] GC(5688) Concurrent Preclean 3.773ms
[2025-01-08T22:42:27.209+0000][181017.575s][info][gc,start    ] GC(5688) Pause Remark
[2025-01-08T22:42:27.235+0000][181017.601s][info][gc          ] GC(5688) Pause Remark 3375M->3375M(12288M) 26.005ms
[2025-01-08T22:42:27.235+0000][181017.601s][info][gc,cpu      ] GC(5688) User=0.15s Sys=0.00s Real=0.03s
[2025-01-08T22:42:27.235+0000][181017.601s][info][gc,marking  ] GC(5688) Concurrent Mark 918.175ms
[2025-01-08T22:42:27.235+0000][181017.601s][info][gc,marking  ] GC(5688) Concurrent Rebuild Remembered Sets
[2025-01-08T22:42:27.847+0000][181018.213s][info][gc,marking  ] GC(5688) Concurrent Rebuild Remembered Sets 611.955ms
[2025-01-08T22:42:27.847+0000][181018.213s][info][gc,start    ] GC(5688) Pause Cleanup
[2025-01-08T22:42:27.848+0000][181018.214s][info][gc          ] GC(5688) Pause Cleanup 4123M->4123M(12288M) 0.423ms
[2025-01-08T22:42:27.848+0000][181018.214s][info][gc,cpu      ] GC(5688) User=0.00s Sys=0.00s Real=0.00s
[2025-01-08T22:42:27.848+0000][181018.214s][info][gc,marking  ] GC(5688) Concurrent Cleanup for Next Mark
[2025-01-08T22:42:27.864+0000][181018.230s][info][gc,marking  ] GC(5688) Concurrent Cleanup for Next Mark 15.937ms
[2025-01-08T22:42:27.864+0000][181018.230s][info][gc          ] GC(5688) Concurrent Mark Cycle 1570.717ms
[2025-01-08T22:42:33.917+0000][181024.283s][info][gc,start    ] GC(5689) Pause Young (Prepare Mixed) (G1 Evacuation Pause)
[2025-01-08T22:42:33.917+0000][181024.283s][info][gc,task     ] GC(5689) Using 6 workers of 6 for evacuation
[2025-01-08T22:42:33.952+0000][181024.318s][info][gc,phases   ] GC(5689)   Pre Evacuate Collection Set: 0.2ms
[2025-01-08T22:42:33.952+0000][181024.318s][info][gc,phases   ] GC(5689)   Merge Heap Roots: 0.7ms
[2025-01-08T22:42:33.952+0000][181024.318s][info][gc,phases   ] GC(5689)   Evacuate Collection Set: 31.4ms
[2025-01-08T22:42:33.952+0000][181024.318s][info][gc,phases   ] GC(5689)   Post Evacuate Collection Set: 2.7ms
[2025-01-08T22:42:33.952+0000][181024.318s][info][gc,phases   ] GC(5689)   Other: 0.2ms
[2025-01-08T22:42:33.952+0000][181024.318s][info][gc,heap     ] GC(5689) Eden regions: 912->0(66)
[2025-01-08T22:42:33.952+0000][181024.318s][info][gc,heap     ] GC(5689) Survivor regions: 9->10(116)
[2025-01-08T22:42:33.952+0000][181024.318s][info][gc,heap     ] GC(5689) Old regions: 237->237
[2025-01-08T22:42:33.952+0000][181024.318s][info][gc,heap     ] GC(5689) Archive regions: 2->2
[2025-01-08T22:42:33.952+0000][181024.318s][info][gc,heap     ] GC(5689) Humongous regions: 49->49
[2025-01-08T22:42:33.952+0000][181024.318s][info][gc,metaspace] GC(5689) Metaspace: 523999K(533824K)->523999K(533824K) NonClass: 460151K(465088K)->460151K(465088K) Class: 63848K(68736K)->63848K(68736K)
[2025-01-08T22:42:33.952+0000][181024.318s][info][gc          ] GC(5689) Pause Young (Prepare Mixed) (G1 Evacuation Pause) 9655M->2370M(12288M) 35.301ms
[2025-01-08T22:42:33.952+0000][181024.318s][info][gc,cpu      ] GC(5689) User=0.19s Sys=0.02s Real=0.04s
[2025-01-08T22:42:34.299+0000][181024.665s][info][gc,start    ] GC(5690) Pause Young (Mixed) (G1 Evacuation Pause)
[2025-01-08T22:42:34.299+0000][181024.665s][info][gc,task     ] GC(5690) Using 6 workers of 6 for evacuation
[2025-01-08T22:42:34.358+0000][181024.724s][info][gc,phases   ] GC(5690)   Pre Evacuate Collection Set: 0.2ms
[2025-01-08T22:42:34.358+0000][181024.724s][info][gc,phases   ] GC(5690)   Merge Heap Roots: 0.7ms
[2025-01-08T22:42:34.358+0000][181024.724s][info][gc,phases   ] GC(5690)   Evacuate Collection Set: 56.5ms
[2025-01-08T22:42:34.358+0000][181024.724s][info][gc,phases   ] GC(5690)   Post Evacuate Collection Set: 1.7ms
[2025-01-08T22:42:34.358+0000][181024.724s][info][gc,phases   ] GC(5690)   Other: 0.2ms
[2025-01-08T22:42:34.358+0000][181024.724s][info][gc,heap     ] GC(5690) Eden regions: 66->0(915)
[2025-01-08T22:42:34.358+0000][181024.724s][info][gc,heap     ] GC(5690) Survivor regions: 10->6(10)
[2025-01-08T22:42:34.358+0000][181024.724s][info][gc,heap     ] GC(5690) Old regions: 237->236
[2025-01-08T22:42:34.358+0000][181024.724s][info][gc,heap     ] GC(5690) Archive regions: 2->2
[2025-01-08T22:42:34.358+0000][181024.724s][info][gc,heap     ] GC(5690) Humongous regions: 49->49
[2025-01-08T22:42:34.358+0000][181024.724s][info][gc,metaspace] GC(5690) Metaspace: 523999K(533824K)->523999K(533824K) NonClass: 460151K(465088K)->460151K(465088K) Class: 63848K(68736K)->63848K(68736K)
[2025-01-08T22:42:34.358+0000][181024.725s][info][gc          ] GC(5690) Pause Young (Mixed) (G1 Evacuation Pause) 2898M->2328M(12288M) 59.404ms
[2025-01-08T22:42:34.358+0000][181024.725s][info][gc,cpu      ] GC(5690) User=0.34s Sys=0.00s Real=0.06s
[2025-01-08T22:42:39.967+0000][181030.333s][info][gc,start    ] GC(5691) Pause Young (Normal) (G1 Evacuation Pause)
[2025-01-08T22:42:39.967+0000][181030.333s][info][gc,task     ] GC(5691) Using 6 workers of 6 for evacuation
[2025-01-08T22:42:39.991+0000][181030.357s][info][gc,phases   ] GC(5691)   Pre Evacuate Collection Set: 0.2ms
[2025-01-08T22:42:39.991+0000][181030.357s][info][gc,phases   ] GC(5691)   Merge Heap Roots: 0.4ms
[2025-01-08T22:42:39.991+0000][181030.357s][info][gc,phases   ] GC(5691)   Evacuate Collection Set: 20.8ms
[2025-01-08T22:42:39.991+0000][181030.357s][info][gc,phases   ] GC(5691)   Post Evacuate Collection Set: 2.5ms
[2025-01-08T22:42:39.991+0000][181030.357s][info][gc,phases   ] GC(5691)   Other: 0.2ms
[2025-01-08T22:42:39.991+0000][181030.357s][info][gc,heap     ] GC(5691) Eden regions: 915->0(915)
[2025-01-08T22:42:39.991+0000][181030.357s][info][gc,heap     ] GC(5691) Survivor regions: 6->6(116)
[2025-01-08T22:42:39.991+0000][181030.357s][info][gc,heap     ] GC(5691) Old regions: 236->236
[2025-01-08T22:42:39.991+0000][181030.357s][info][gc,heap     ] GC(5691) Archive regions: 2->2
[2025-01-08T22:42:39.991+0000][181030.357s][info][gc,heap     ] GC(5691) Humongous regions: 49->49
[2025-01-08T22:42:39.991+0000][181030.357s][info][gc,metaspace] GC(5691) Metaspace: 523999K(533824K)->523999K(533824K) NonClass: 460151K(465088K)->460151K(465088K) Class: 63848K(68736K)->63848K(68736K)
[2025-01-08T22:42:39.991+0000][181030.357s][info][gc          ] GC(5691) Pause Young (Normal) (G1 Evacuation Pause) 9648M->2333M(12288M) 24.267ms
[2025-01-08T22:42:39.991+0000][181030.357s][info][gc,cpu      ] GC(5691) User=0.14s Sys=0.00s Real=0.03s
[2025-01-08T22:42:47.666+0000][181038.032s][info][gc,start    ] GC(5692) Pause Young (Normal) (G1 Evacuation Pause)
[2025-01-08T22:42:47.666+0000][181038.032s][info][gc,task     ] GC(5692) Using 6 workers of 6 for evacuation
[2025-01-08T22:42:47.695+0000][181038.061s][info][gc,phases   ] GC(5692)   Pre Evacuate Collection Set: 0.2ms
[2025-01-08T22:42:47.695+0000][181038.061s][info][gc,phases   ] GC(5692)   Merge Heap Roots: 0.4ms
[2025-01-08T22:42:47.695+0000][181038.061s][info][gc,phases   ] GC(5692)   Evacuate Collection Set: 23.2ms
[2025-01-08T22:42:47.695+0000][181038.061s][info][gc,phases   ] GC(5692)   Post Evacuate Collection Set: 5.2ms
[2025-01-08T22:42:47.695+0000][181038.061s][info][gc,phases   ] GC(5692)   Other: 0.2ms
[2025-01-08T22:42:47.695+0000][181038.061s][info][gc,heap     ] GC(5692) Eden regions: 915->0(912)
[2025-01-08T22:42:47.695+0000][181038.061s][info][gc,heap     ] GC(5692) Survivor regions: 6->9(116)
[2025-01-08T22:42:47.695+0000][181038.061s][info][gc,heap     ] GC(5692) Old regions: 236->236
[2025-01-08T22:42:47.695+0000][181038.061s][info][gc,heap     ] GC(5692) Archive regions: 2->2
[2025-01-08T22:42:47.695+0000][181038.061s][info][gc,heap     ] GC(5692) Humongous regions: 49->49
[2025-01-08T22:42:47.695+0000][181038.061s][info][gc,metaspace] GC(5692) Metaspace: 523999K(533824K)->523999K(533824K) NonClass: 460151K(465088K)->460151K(465088K) Class: 63848K(68736K)->63848K(68736K)
[2025-01-08T22:42:47.695+0000][181038.061s][info][gc          ] GC(5692) Pause Young (Normal) (G1 Evacuation Pause) 9653M->2351M(12288M) 29.216ms
[2025-01-08T22:42:47.695+0000][181038.062s][info][gc,cpu      ] GC(5692) User=0.17s Sys=0.00s Real=0.03s
[2025-01-08T22:42:58.295+0000][181048.661s][info][gc,start    ] GC(5693) Pause Young (Concurrent Start) (G1 Evacuation Pause)
[2025-01-08T22:42:58.295+0000][181048.661s][info][gc,task     ] GC(5693) Using 6 workers of 6 for evacuation
[2025-01-08T22:42:58.327+0000][181048.693s][info][gc,phases   ] GC(5693)   Pre Evacuate Collection Set: 1.1ms
[2025-01-08T22:42:58.327+0000][181048.693s][info][gc,phases   ] GC(5693)   Merge Heap Roots: 0.5ms
[2025-01-08T22:42:58.327+0000][181048.693s][info][gc,phases   ] GC(5693)   Evacuate Collection Set: 27.2ms
[2025-01-08T22:42:58.327+0000][181048.693s][info][gc,phases   ] GC(5693)   Post Evacuate Collection Set: 2.6ms
[2025-01-08T22:42:58.327+0000][181048.693s][info][gc,phases   ] GC(5693)   Other: 0.3ms
[2025-01-08T22:42:58.327+0000][181048.693s][info][gc,heap     ] GC(5693) Eden regions: 912->0(912)
[2025-01-08T22:42:58.327+0000][181048.693s][info][gc,heap     ] GC(5693) Survivor regions: 9->9(116)
[2025-01-08T22:42:58.327+0000][181048.693s][info][gc,heap     ] GC(5693) Old regions: 236->236
[2025-01-08T22:42:58.327+0000][181048.693s][info][gc,heap     ] GC(5693) Archive regions: 2->2
[2025-01-08T22:42:58.327+0000][181048.693s][info][gc,heap     ] GC(5693) Humongous regions: 49->49
[2025-01-08T22:42:58.327+0000][181048.693s][info][gc,metaspace] GC(5693) Metaspace: 523999K(533824K)->523999K(533824K) NonClass: 460151K(465088K)->460151K(465088K) Class: 63848K(68736K)->63848K(68736K)
[2025-01-08T22:42:58.327+0000][181048.693s][info][gc          ] GC(5693) Pause Young (Concurrent Start) (G1 Evacuation Pause) 9647M->2353M(12288M) 31.836ms
[2025-01-08T22:42:58.327+0000][181048.693s][info][gc,cpu      ] GC(5693) User=0.18s Sys=0.00s Real=0.03s
[2025-01-08T22:42:58.327+0000][181048.693s][info][gc          ] GC(5694) Concurrent Mark Cycle
[2025-01-08T22:42:58.327+0000][181048.693s][info][gc,marking  ] GC(5694) Concurrent Clear Claimed Marks
[2025-01-08T22:42:58.328+0000][181048.694s][info][gc,marking  ] GC(5694) Concurrent Clear Claimed Marks 0.858ms
[2025-01-08T22:42:58.328+0000][181048.694s][info][gc,marking  ] GC(5694) Concurrent Scan Root Regions
[2025-01-08T22:42:58.347+0000][181048.713s][info][gc,marking  ] GC(5694) Concurrent Scan Root Regions 19.124ms
[2025-01-08T22:42:58.347+0000][181048.713s][info][gc,marking  ] GC(5694) Concurrent Mark
[2025-01-08T22:42:58.347+0000][181048.713s][info][gc,marking  ] GC(5694) Concurrent Mark From Roots
[2025-01-08T22:42:58.347+0000][181048.713s][info][gc,task     ] GC(5694) Using 2 workers of 2 for marking
[2025-01-08T22:42:59.138+0000][181049.504s][info][gc,marking  ] GC(5694) Concurrent Mark From Roots 790.666ms
[2025-01-08T22:42:59.138+0000][181049.504s][info][gc,marking  ] GC(5694) Concurrent Preclean
[2025-01-08T22:42:59.140+0000][181049.507s][info][gc,marking  ] GC(5694) Concurrent Preclean 2.667ms
[2025-01-08T22:42:59.141+0000][181049.507s][info][gc,start    ] GC(5694) Pause Remark
[2025-01-08T22:42:59.166+0000][181049.532s][info][gc          ] GC(5694) Pause Remark 3013M->3013M(12288M) 25.737ms
[2025-01-08T22:42:59.166+0000][181049.532s][info][gc,cpu      ] GC(5694) User=0.15s Sys=0.00s Real=0.03s
[2025-01-08T22:42:59.166+0000][181049.533s][info][gc,marking  ] GC(5694) Concurrent Mark 819.397ms
[2025-01-08T22:42:59.167+0000][181049.533s][info][gc,marking  ] GC(5694) Concurrent Rebuild Remembered Sets
[2025-01-08T22:42:59.760+0000][181050.126s][info][gc,marking  ] GC(5694) Concurrent Rebuild Remembered Sets 593.236ms
[2025-01-08T22:42:59.760+0000][181050.126s][info][gc,start    ] GC(5694) Pause Cleanup
[2025-01-08T22:42:59.760+0000][181050.127s][info][gc          ] GC(5694) Pause Cleanup 3753M->3753M(12288M) 0.488ms
[2025-01-08T22:42:59.760+0000][181050.127s][info][gc,cpu      ] GC(5694) User=0.00s Sys=0.00s Real=0.00s
[2025-01-08T22:42:59.761+0000][181050.127s][info][gc,marking  ] GC(5694) Concurrent Cleanup for Next Mark
[2025-01-08T22:42:59.777+0000][181050.143s][info][gc,marking  ] GC(5694) Concurrent Cleanup for Next Mark 16.694ms
[2025-01-08T22:42:59.777+0000][181050.143s][info][gc          ] GC(5694) Concurrent Mark Cycle 1450.264ms
[2025-01-08T22:43:05.990+0000][181056.356s][info][gc,start    ] GC(5695) Pause Young (Prepare Mixed) (G1 Evacuation Pause)
[2025-01-08T22:43:05.990+0000][181056.356s][info][gc,task     ] GC(5695) Using 6 workers of 6 for evacuation
[2025-01-08T22:43:06.028+0000][181056.394s][info][gc,phases   ] GC(5695)   Pre Evacuate Collection Set: 0.2ms
[2025-01-08T22:43:06.028+0000][181056.394s][info][gc,phases   ] GC(5695)   Merge Heap Roots: 0.7ms
[2025-01-08T22:43:06.028+0000][181056.394s][info][gc,phases   ] GC(5695)   Evacuate Collection Set: 32.7ms
[2025-01-08T22:43:06.028+0000][181056.394s][info][gc,phases   ] GC(5695)   Post Evacuate Collection Set: 4.1ms
[2025-01-08T22:43:06.028+0000][181056.394s][info][gc,phases   ] GC(5695)   Other: 0.2ms
[2025-01-08T22:43:06.028+0000][181056.394s][info][gc,heap     ] GC(5695) Eden regions: 912->0(65)
[2025-01-08T22:43:06.028+0000][181056.394s][info][gc,heap     ] GC(5695) Survivor regions: 9->11(116)
[2025-01-08T22:43:06.028+0000][181056.394s][info][gc,heap     ] GC(5695) Old regions: 236->236
[2025-01-08T22:43:06.028+0000][181056.394s][info][gc,heap     ] GC(5695) Archive regions: 2->2
[2025-01-08T22:43:06.028+0000][181056.394s][info][gc,heap     ] GC(5695) Humongous regions: 49->49
[2025-01-08T22:43:06.028+0000][181056.394s][info][gc,metaspace] GC(5695) Metaspace: 524001K(533824K)->524001K(533824K) NonClass: 460152K(465088K)->460152K(465088K) Class: 63848K(68736K)->63848K(68736K)
[2025-01-08T22:43:06.028+0000][181056.394s][info][gc          ] GC(5695) Pause Young (Prepare Mixed) (G1 Evacuation Pause) 9649M->2374M(12288M) 37.997ms
[2025-01-08T22:43:06.028+0000][181056.394s][info][gc,cpu      ] GC(5695) User=0.22s Sys=0.01s Real=0.03s
[2025-01-08T22:43:06.560+0000][181056.926s][info][gc,start    ] GC(5696) Pause Young (Mixed) (G1 Evacuation Pause)
[2025-01-08T22:43:06.560+0000][181056.926s][info][gc,task     ] GC(5696) Using 6 workers of 6 for evacuation
[2025-01-08T22:43:06.604+0000][181056.971s][info][gc,phases   ] GC(5696)   Pre Evacuate Collection Set: 0.2ms
[2025-01-08T22:43:06.604+0000][181056.971s][info][gc,phases   ] GC(5696)   Merge Heap Roots: 0.5ms
[2025-01-08T22:43:06.604+0000][181056.971s][info][gc,phases   ] GC(5696)   Evacuate Collection Set: 41.9ms
[2025-01-08T22:43:06.604+0000][181056.971s][info][gc,phases   ] GC(5696)   Post Evacuate Collection Set: 1.6ms
[2025-01-08T22:43:06.604+0000][181056.971s][info][gc,phases   ] GC(5696)   Other: 0.2ms
[2025-01-08T22:43:06.604+0000][181056.971s][info][gc,heap     ] GC(5696) Eden regions: 65->0(916)
[2025-01-08T22:43:06.604+0000][181056.971s][info][gc,heap     ] GC(5696) Survivor regions: 11->5(10)
[2025-01-08T22:43:06.604+0000][181056.971s][info][gc,heap     ] GC(5696) Old regions: 236->236
[2025-01-08T22:43:06.604+0000][181056.971s][info][gc,heap     ] GC(5696) Archive regions: 2->2
[2025-01-08T22:43:06.605+0000][181056.971s][info][gc,heap     ] GC(5696) Humongous regions: 49->49
[2025-01-08T22:43:06.605+0000][181056.971s][info][gc,metaspace] GC(5696) Metaspace: 524001K(533824K)->524001K(533824K) NonClass: 460152K(465088K)->460152K(465088K) Class: 63848K(68736K)->63848K(68736K)
[2025-01-08T22:43:06.605+0000][181056.971s][info][gc          ] GC(5696) Pause Young (Mixed) (G1 Evacuation Pause) 2894M->2320M(12288M) 44.420ms
[2025-01-08T22:43:06.605+0000][181056.971s][info][gc,cpu      ] GC(5696) User=0.26s Sys=0.00s Real=0.05s
[2025-01-08T22:43:16.223+0000][181066.589s][info][gc,start    ] GC(5697) Pause Young (Normal) (G1 Evacuation Pause)
[2025-01-08T22:43:16.223+0000][181066.589s][info][gc,task     ] GC(5697) Using 6 workers of 6 for evacuation
[2025-01-08T22:43:16.250+0000][181066.616s][info][gc,phases   ] GC(5697)   Pre Evacuate Collection Set: 0.2ms
[2025-01-08T22:43:16.250+0000][181066.616s][info][gc,phases   ] GC(5697)   Merge Heap Roots: 0.4ms
[2025-01-08T22:43:16.250+0000][181066.616s][info][gc,phases   ] GC(5697)   Evacuate Collection Set: 23.8ms
[2025-01-08T22:43:16.250+0000][181066.616s][info][gc,phases   ] GC(5697)   Post Evacuate Collection Set: 2.8ms
[2025-01-08T22:43:16.250+0000][181066.616s][info][gc,phases   ] GC(5697)   Other: 0.2ms
[2025-01-08T22:43:16.250+0000][181066.616s][info][gc,heap     ] GC(5697) Eden regions: 916->0(915)
[2025-01-08T22:43:16.250+0000][181066.616s][info][gc,heap     ] GC(5697) Survivor regions: 5->6(116)
[2025-01-08T22:43:16.250+0000][181066.616s][info][gc,heap     ] GC(5697) Old regions: 236->236
[2025-01-08T22:43:16.250+0000][181066.616s][info][gc,heap     ] GC(5697) Archive regions: 2->2
[2025-01-08T22:43:16.250+0000][181066.616s][info][gc,heap     ] GC(5697) Humongous regions: 49->49
[2025-01-08T22:43:16.250+0000][181066.616s][info][gc,metaspace] GC(5697) Metaspace: 524001K(533824K)->524001K(533824K) NonClass: 460153K(465088K)->460153K(465088K) Class: 63848K(68736K)->63848K(68736K)
[2025-01-08T22:43:16.250+0000][181066.616s][info][gc          ] GC(5697) Pause Young (Normal) (G1 Evacuation Pause) 9648M->2326M(12288M) 27.514ms
[2025-01-08T22:43:16.250+0000][181066.616s][info][gc,cpu      ] GC(5697) User=0.16s Sys=0.00s Real=0.03s
[2025-01-08T22:43:27.063+0000][181077.429s][info][gc,start    ] GC(5698) Pause Young (Normal) (G1 Evacuation Pause)
[2025-01-08T22:43:27.063+0000][181077.429s][info][gc,task     ] GC(5698) Using 6 workers of 6 for evacuation
[2025-01-08T22:43:27.092+0000][181077.458s][info][gc,phases   ] GC(5698)   Pre Evacuate Collection Set: 0.2ms
[2025-01-08T22:43:27.092+0000][181077.458s][info][gc,phases   ] GC(5698)   Merge Heap Roots: 0.4ms
[2025-01-08T22:43:27.092+0000][181077.458s][info][gc,phases   ] GC(5698)   Evacuate Collection Set: 25.5ms
[2025-01-08T22:43:27.092+0000][181077.458s][info][gc,phases   ] GC(5698)   Post Evacuate Collection Set: 2.6ms
[2025-01-08T22:43:27.092+0000][181077.458s][info][gc,phases   ] GC(5698)   Other: 0.2ms
[2025-01-08T22:43:27.092+0000][181077.458s][info][gc,heap     ] GC(5698) Eden regions: 915->0(913)
[2025-01-08T22:43:27.092+0000][181077.458s][info][gc,heap     ] GC(5698) Survivor regions: 6->8(116)
[2025-01-08T22:43:27.092+0000][181077.458s][info][gc,heap     ] GC(5698) Old regions: 236->236
[2025-01-08T22:43:27.092+0000][181077.458s][info][gc,heap     ] GC(5698) Archive regions: 2->2
[2025-01-08T22:43:27.092+0000][181077.458s][info][gc,heap     ] GC(5698) Humongous regions: 49->49
[2025-01-08T22:43:27.092+0000][181077.458s][info][gc,metaspace] GC(5698) Metaspace: 524001K(533824K)->524001K(533824K) NonClass: 460153K(465088K)->460153K(465088K) Class: 63848K(68736K)->63848K(68736K)
[2025-01-08T22:43:27.092+0000][181077.458s][info][gc          ] GC(5698) Pause Young (Normal) (G1 Evacuation Pause) 9646M->2342M(12288M) 28.996ms
[2025-01-08T22:43:27.092+0000][181077.458s][info][gc,cpu      ] GC(5698) User=0.17s Sys=0.00s Real=0.03s
[2025-01-08T22:43:34.549+0000][181084.915s][info][gc,start    ] GC(5699) Pause Young (Concurrent Start) (G1 Evacuation Pause)
[2025-01-08T22:43:34.549+0000][181084.916s][info][gc,task     ] GC(5699) Using 6 workers of 6 for evacuation
[2025-01-08T22:43:34.581+0000][181084.948s][info][gc,phases   ] GC(5699)   Pre Evacuate Collection Set: 1.2ms
[2025-01-08T22:43:34.582+0000][181084.948s][info][gc,phases   ] GC(5699)   Merge Heap Roots: 0.5ms
[2025-01-08T22:43:34.582+0000][181084.948s][info][gc,phases   ] GC(5699)   Evacuate Collection Set: 27.7ms
[2025-01-08T22:43:34.582+0000][181084.948s][info][gc,phases   ] GC(5699)   Post Evacuate Collection Set: 2.4ms
[2025-01-08T22:43:34.582+0000][181084.948s][info][gc,phases   ] GC(5699)   Other: 0.3ms
[2025-01-08T22:43:34.582+0000][181084.948s][info][gc,heap     ] GC(5699) Eden regions: 913->0(912)
[2025-01-08T22:43:34.582+0000][181084.948s][info][gc,heap     ] GC(5699) Survivor regions: 8->9(116)
[2025-01-08T22:43:34.582+0000][181084.948s][info][gc,heap     ] GC(5699) Old regions: 236->236
[2025-01-08T22:43:34.582+0000][181084.948s][info][gc,heap     ] GC(5699) Archive regions: 2->2
[2025-01-08T22:43:34.582+0000][181084.948s][info][gc,heap     ] GC(5699) Humongous regions: 49->49
[2025-01-08T22:43:34.582+0000][181084.948s][info][gc,metaspace] GC(5699) Metaspace: 524001K(533824K)->524001K(533824K) NonClass: 460153K(465088K)->460153K(465088K) Class: 63848K(68736K)->63848K(68736K)
[2025-01-08T22:43:34.582+0000][181084.948s][info][gc          ] GC(5699) Pause Young (Concurrent Start) (G1 Evacuation Pause) 9646M->2351M(12288M) 32.205ms
[2025-01-08T22:43:34.582+0000][181084.948s][info][gc,cpu      ] GC(5699) User=0.18s Sys=0.00s Real=0.04s
[2025-01-08T22:43:34.582+0000][181084.948s][info][gc          ] GC(5700) Concurrent Mark Cycle
[2025-01-08T22:43:34.582+0000][181084.948s][info][gc,marking  ] GC(5700) Concurrent Clear Claimed Marks
[2025-01-08T22:43:34.583+0000][181084.949s][info][gc,marking  ] GC(5700) Concurrent Clear Claimed Marks 0.911ms
[2025-01-08T22:43:34.583+0000][181084.949s][info][gc,marking  ] GC(5700) Concurrent Scan Root Regions
[2025-01-08T22:43:34.606+0000][181084.972s][info][gc,marking  ] GC(5700) Concurrent Scan Root Regions 23.627ms
[2025-01-08T22:43:34.606+0000][181084.972s][info][gc,marking  ] GC(5700) Concurrent Mark
[2025-01-08T22:43:34.606+0000][181084.972s][info][gc,marking  ] GC(5700) Concurrent Mark From Roots
[2025-01-08T22:43:34.606+0000][181084.972s][info][gc,task     ] GC(5700) Using 2 workers of 2 for marking
[2025-01-08T22:43:35.506+0000][181085.872s][info][gc,marking  ] GC(5700) Concurrent Mark From Roots 899.735ms
[2025-01-08T22:43:35.506+0000][181085.872s][info][gc,marking  ] GC(5700) Concurrent Preclean
[2025-01-08T22:43:35.509+0000][181085.875s][info][gc,marking  ] GC(5700) Concurrent Preclean 2.935ms
[2025-01-08T22:43:35.509+0000][181085.875s][info][gc,start    ] GC(5700) Pause Remark
[2025-01-08T22:43:35.535+0000][181085.901s][info][gc          ] GC(5700) Pause Remark 3715M->3715M(12288M) 25.713ms
[2025-01-08T22:43:35.535+0000][181085.901s][info][gc,cpu      ] GC(5700) User=0.14s Sys=0.00s Real=0.03s
[2025-01-08T22:43:35.535+0000][181085.901s][info][gc,marking  ] GC(5700) Concurrent Mark 928.748ms
[2025-01-08T22:43:35.535+0000][181085.901s][info][gc,marking  ] GC(5700) Concurrent Rebuild Remembered Sets
[2025-01-08T22:43:36.227+0000][181086.593s][info][gc,marking  ] GC(5700) Concurrent Rebuild Remembered Sets 692.098ms
[2025-01-08T22:43:36.227+0000][181086.593s][info][gc,start    ] GC(5700) Pause Cleanup
[2025-01-08T22:43:36.228+0000][181086.594s][info][gc          ] GC(5700) Pause Cleanup 4763M->4763M(12288M) 0.430ms
[2025-01-08T22:43:36.228+0000][181086.594s][info][gc,cpu      ] GC(5700) User=0.00s Sys=0.00s Real=0.00s
[2025-01-08T22:43:36.228+0000][181086.594s][info][gc,marking  ] GC(5700) Concurrent Cleanup for Next Mark
[2025-01-08T22:43:36.255+0000][181086.621s][info][gc,marking  ] GC(5700) Concurrent Cleanup for Next Mark 26.903ms
[2025-01-08T22:43:36.255+0000][181086.621s][info][gc          ] GC(5700) Concurrent Mark Cycle 1673.091ms
[2025-01-08T22:43:39.351+0000][181089.717s][info][gc,start    ] GC(5701) Pause Young (Prepare Mixed) (G1 Evacuation Pause)
[2025-01-08T22:43:39.351+0000][181089.717s][info][gc,task     ] GC(5701) Using 6 workers of 6 for evacuation
[2025-01-08T22:43:39.385+0000][181089.751s][info][gc,phases   ] GC(5701)   Pre Evacuate Collection Set: 0.2ms
[2025-01-08T22:43:39.385+0000][181089.751s][info][gc,phases   ] GC(5701)   Merge Heap Roots: 0.7ms
[2025-01-08T22:43:39.385+0000][181089.751s][info][gc,phases   ] GC(5701)   Evacuate Collection Set: 30.4ms
[2025-01-08T22:43:39.385+0000][181089.751s][info][gc,phases   ] GC(5701)   Post Evacuate Collection Set: 2.5ms
[2025-01-08T22:43:39.385+0000][181089.751s][info][gc,phases   ] GC(5701)   Other: 0.2ms
[2025-01-08T22:43:39.385+0000][181089.751s][info][gc,heap     ] GC(5701) Eden regions: 912->0(67)
[2025-01-08T22:43:39.385+0000][181089.751s][info][gc,heap     ] GC(5701) Survivor regions: 9->9(116)
[2025-01-08T22:43:39.385+0000][181089.751s][info][gc,heap     ] GC(5701) Old regions: 236->236
[2025-01-08T22:43:39.385+0000][181089.751s][info][gc,heap     ] GC(5701) Archive regions: 2->2
[2025-01-08T22:43:39.385+0000][181089.751s][info][gc,heap     ] GC(5701) Humongous regions: 49->49
[2025-01-08T22:43:39.385+0000][181089.751s][info][gc,metaspace] GC(5701) Metaspace: 524001K(533824K)->524001K(533824K) NonClass: 460153K(465088K)->460153K(465088K) Class: 63848K(68736K)->63848K(68736K)
[2025-01-08T22:43:39.385+0000][181089.751s][info][gc          ] GC(5701) Pause Young (Prepare Mixed) (G1 Evacuation Pause) 9647M->2357M(12288M) 34.031ms
[2025-01-08T22:43:39.385+0000][181089.751s][info][gc,cpu      ] GC(5701) User=0.20s Sys=0.00s Real=0.03s
[2025-01-08T22:43:39.684+0000][181090.050s][info][gc,start    ] GC(5702) Pause Young (Mixed) (G1 Evacuation Pause)
[2025-01-08T22:43:39.684+0000][181090.050s][info][gc,task     ] GC(5702) Using 6 workers of 6 for evacuation
[2025-01-08T22:43:39.746+0000][181090.112s][info][gc,phases   ] GC(5702)   Pre Evacuate Collection Set: 0.2ms
[2025-01-08T22:43:39.746+0000][181090.112s][info][gc,phases   ] GC(5702)   Merge Heap Roots: 0.6ms
[2025-01-08T22:43:39.746+0000][181090.112s][info][gc,phases   ] GC(5702)   Evacuate Collection Set: 59.5ms
[2025-01-08T22:43:39.746+0000][181090.112s][info][gc,phases   ] GC(5702)   Post Evacuate Collection Set: 1.8ms
[2025-01-08T22:43:39.746+0000][181090.112s][info][gc,phases   ] GC(5702)   Other: 0.2ms
[2025-01-08T22:43:39.746+0000][181090.112s][info][gc,heap     ] GC(5702) Eden regions: 67->0(916)
[2025-01-08T22:43:39.746+0000][181090.112s][info][gc,heap     ] GC(5702) Survivor regions: 9->5(10)
[2025-01-08T22:43:39.746+0000][181090.112s][info][gc,heap     ] GC(5702) Old regions: 236->236
[2025-01-08T22:43:39.746+0000][181090.112s][info][gc,heap     ] GC(5702) Archive regions: 2->2
[2025-01-08T22:43:39.746+0000][181090.112s][info][gc,heap     ] GC(5702) Humongous regions: 49->49
[2025-01-08T22:43:39.746+0000][181090.112s][info][gc,metaspace] GC(5702) Metaspace: 524001K(533824K)->524001K(533824K) NonClass: 460153K(465088K)->460153K(465088K) Class: 63848K(68736K)->63848K(68736K)
[2025-01-08T22:43:39.746+0000][181090.113s][info][gc          ] GC(5702) Pause Young (Mixed) (G1 Evacuation Pause) 2893M->2323M(12288M) 62.316ms
[2025-01-08T22:43:39.746+0000][181090.113s][info][gc,cpu      ] GC(5702) User=0.35s Sys=0.00s Real=0.06s
[2025-01-08T22:43:47.620+0000][181097.986s][info][gc,start    ] GC(5703) Pause Young (Normal) (G1 Evacuation Pause)
[2025-01-08T22:43:47.620+0000][181097.986s][info][gc,task     ] GC(5703) Using 6 workers of 6 for evacuation
[2025-01-08T22:43:47.647+0000][181098.013s][info][gc,phases   ] GC(5703)   Pre Evacuate Collection Set: 0.2ms
[2025-01-08T22:43:47.647+0000][181098.013s][info][gc,phases   ] GC(5703)   Merge Heap Roots: 0.4ms
[2025-01-08T22:43:47.647+0000][181098.013s][info][gc,phases   ] GC(5703)   Evacuate Collection Set: 21.2ms
[2025-01-08T22:43:47.647+0000][181098.013s][info][gc,phases   ] GC(5703)   Post Evacuate Collection Set: 5.3ms
[2025-01-08T22:43:47.647+0000][181098.013s][info][gc,phases   ] GC(5703)   Other: 0.2ms
[2025-01-08T22:43:47.647+0000][181098.013s][info][gc,heap     ] GC(5703) Eden regions: 916->0(914)
[2025-01-08T22:43:47.647+0000][181098.013s][info][gc,heap     ] GC(5703) Survivor regions: 5->7(116)
[2025-01-08T22:43:47.647+0000][181098.013s][info][gc,heap     ] GC(5703) Old regions: 236->236
[2025-01-08T22:43:47.647+0000][181098.013s][info][gc,heap     ] GC(5703) Archive regions: 2->2
[2025-01-08T22:43:47.647+0000][181098.013s][info][gc,heap     ] GC(5703) Humongous regions: 49->49
[2025-01-08T22:43:47.647+0000][181098.013s][info][gc,metaspace] GC(5703) Metaspace: 524001K(533824K)->524001K(533824K) NonClass: 460153K(465088K)->460153K(465088K) Class: 63848K(68736K)->63848K(68736K)
[2025-01-08T22:43:47.647+0000][181098.013s][info][gc          ] GC(5703) Pause Young (Normal) (G1 Evacuation Pause) 9651M->2338M(12288M) 27.388ms
[2025-01-08T22:43:47.647+0000][181098.013s][info][gc,cpu      ] GC(5703) User=0.16s Sys=0.01s Real=0.03s
[2025-01-08T22:43:57.407+0000][181107.773s][info][gc,start    ] GC(5704) Pause Young (Normal) (G1 Evacuation Pause)
[2025-01-08T22:43:57.407+0000][181107.773s][info][gc,task     ] GC(5704) Using 6 workers of 6 for evacuation
[2025-01-08T22:43:57.433+0000][181107.799s][info][gc,phases   ] GC(5704)   Pre Evacuate Collection Set: 0.2ms
[2025-01-08T22:43:57.433+0000][181107.799s][info][gc,phases   ] GC(5704)   Merge Heap Roots: 0.4ms
[2025-01-08T22:43:57.433+0000][181107.799s][info][gc,phases   ] GC(5704)   Evacuate Collection Set: 21.8ms
[2025-01-08T22:43:57.433+0000][181107.799s][info][gc,phases   ] GC(5704)   Post Evacuate Collection Set: 4.0ms
[2025-01-08T22:43:57.433+0000][181107.799s][info][gc,phases   ] GC(5704)   Other: 0.2ms
[2025-01-08T22:43:57.433+0000][181107.799s][info][gc,heap     ] GC(5704) Eden regions: 914->0(914)
[2025-01-08T22:43:57.433+0000][181107.799s][info][gc,heap     ] GC(5704) Survivor regions: 7->7(116)
[2025-01-08T22:43:57.433+0000][181107.799s][info][gc,heap     ] GC(5704) Old regions: 236->236
[2025-01-08T22:43:57.433+0000][181107.799s][info][gc,heap     ] GC(5704) Archive regions: 2->2
[2025-01-08T22:43:57.433+0000][181107.799s][info][gc,heap     ] GC(5704) Humongous regions: 49->49
[2025-01-08T22:43:57.433+0000][181107.799s][info][gc,metaspace] GC(5704) Metaspace: 524001K(533824K)->524001K(533824K) NonClass: 460153K(465088K)->460153K(465088K) Class: 63848K(68736K)->63848K(68736K)
[2025-01-08T22:43:57.433+0000][181107.799s][info][gc          ] GC(5704) Pause Young (Normal) (G1 Evacuation Pause) 9650M->2339M(12288M) 26.688ms
[2025-01-08T22:43:57.433+0000][181107.799s][info][gc,cpu      ] GC(5704) User=0.16s Sys=0.00s Real=0.03s
[2025-01-08T22:44:07.501+0000][181117.868s][info][gc,start    ] GC(5705) Pause Young (Concurrent Start) (G1 Evacuation Pause)
[2025-01-08T22:44:07.502+0000][181117.868s][info][gc,task     ] GC(5705) Using 6 workers of 6 for evacuation
[2025-01-08T22:44:07.534+0000][181117.900s][info][gc,phases   ] GC(5705)   Pre Evacuate Collection Set: 1.2ms
[2025-01-08T22:44:07.534+0000][181117.900s][info][gc,phases   ] GC(5705)   Merge Heap Roots: 0.5ms
[2025-01-08T22:44:07.534+0000][181117.900s][info][gc,phases   ] GC(5705)   Evacuate Collection Set: 27.7ms
[2025-01-08T22:44:07.534+0000][181117.900s][info][gc,phases   ] GC(5705)   Post Evacuate Collection Set: 2.6ms
[2025-01-08T22:44:07.534+0000][181117.900s][info][gc,phases   ] GC(5705)   Other: 0.3ms
[2025-01-08T22:44:07.534+0000][181117.900s][info][gc,heap     ] GC(5705) Eden regions: 914->0(913)
[2025-01-08T22:44:07.534+0000][181117.900s][info][gc,heap     ] GC(5705) Survivor regions: 7->8(116)
[2025-01-08T22:44:07.534+0000][181117.900s][info][gc,heap     ] GC(5705) Old regions: 236->236
[2025-01-08T22:44:07.534+0000][181117.900s][info][gc,heap     ] GC(5705) Archive regions: 2->2
[2025-01-08T22:44:07.534+0000][181117.900s][info][gc,heap     ] GC(5705) Humongous regions: 49->49
[2025-01-08T22:44:07.534+0000][181117.900s][info][gc,metaspace] GC(5705) Metaspace: 524001K(533824K)->524001K(533824K) NonClass: 460153K(465088K)->460153K(465088K) Class: 63848K(68736K)->63848K(68736K)
[2025-01-08T22:44:07.534+0000][181117.900s][info][gc          ] GC(5705) Pause Young (Concurrent Start) (G1 Evacuation Pause) 9651M->2342M(12288M) 32.319ms
[2025-01-08T22:44:07.534+0000][181117.900s][info][gc,cpu      ] GC(5705) User=0.18s Sys=0.00s Real=0.03s
[2025-01-08T22:44:07.534+0000][181117.900s][info][gc          ] GC(5706) Concurrent Mark Cycle
[2025-01-08T22:44:07.534+0000][181117.900s][info][gc,marking  ] GC(5706) Concurrent Clear Claimed Marks
[2025-01-08T22:44:07.535+0000][181117.901s][info][gc,marking  ] GC(5706) Concurrent Clear Claimed Marks 0.943ms
[2025-01-08T22:44:07.535+0000][181117.901s][info][gc,marking  ] GC(5706) Concurrent Scan Root Regions
[2025-01-08T22:44:07.553+0000][181117.920s][info][gc,marking  ] GC(5706) Concurrent Scan Root Regions 18.602ms
[2025-01-08T22:44:07.554+0000][181117.920s][info][gc,marking  ] GC(5706) Concurrent Mark
[2025-01-08T22:44:07.554+0000][181117.920s][info][gc,marking  ] GC(5706) Concurrent Mark From Roots
[2025-01-08T22:44:07.554+0000][181117.920s][info][gc,task     ] GC(5706) Using 2 workers of 2 for marking
[2025-01-08T22:44:08.444+0000][181118.810s][info][gc,marking  ] GC(5706) Concurrent Mark From Roots 890.221ms
[2025-01-08T22:44:08.444+0000][181118.810s][info][gc,marking  ] GC(5706) Concurrent Preclean
[2025-01-08T22:44:08.447+0000][181118.813s][info][gc,marking  ] GC(5706) Concurrent Preclean 2.895ms
[2025-01-08T22:44:08.447+0000][181118.813s][info][gc,start    ] GC(5706) Pause Remark
[2025-01-08T22:44:08.472+0000][181118.839s][info][gc          ] GC(5706) Pause Remark 3310M->3310M(12288M) 25.615ms
[2025-01-08T22:44:08.472+0000][181118.839s][info][gc,cpu      ] GC(5706) User=0.14s Sys=0.00s Real=0.03s
[2025-01-08T22:44:08.473+0000][181118.839s][info][gc,marking  ] GC(5706) Concurrent Mark 919.088ms
[2025-01-08T22:44:08.473+0000][181118.839s][info][gc,marking  ] GC(5706) Concurrent Rebuild Remembered Sets
[2025-01-08T22:44:09.142+0000][181119.508s][info][gc,marking  ] GC(5706) Concurrent Rebuild Remembered Sets 669.271ms
[2025-01-08T22:44:09.142+0000][181119.508s][info][gc,start    ] GC(5706) Pause Cleanup
[2025-01-08T22:44:09.143+0000][181119.509s][info][gc          ] GC(5706) Pause Cleanup 4074M->4074M(12288M) 0.476ms
[2025-01-08T22:44:09.143+0000][181119.509s][info][gc,cpu      ] GC(5706) User=0.00s Sys=0.00s Real=0.00s
[2025-01-08T22:44:09.143+0000][181119.509s][info][gc,marking  ] GC(5706) Concurrent Cleanup for Next Mark
[2025-01-08T22:44:09.159+0000][181119.525s][info][gc,marking  ] GC(5706) Concurrent Cleanup for Next Mark 16.036ms
[2025-01-08T22:44:09.159+0000][181119.525s][info][gc          ] GC(5706) Concurrent Mark Cycle 1624.819ms
[2025-01-08T22:44:16.785+0000][181127.151s][info][gc,start    ] GC(5707) Pause Young (Prepare Mixed) (G1 Evacuation Pause)
[2025-01-08T22:44:16.785+0000][181127.151s][info][gc,task     ] GC(5707) Using 6 workers of 6 for evacuation
[2025-01-08T22:44:16.821+0000][181127.187s][info][gc,phases   ] GC(5707)   Pre Evacuate Collection Set: 0.2ms
[2025-01-08T22:44:16.821+0000][181127.187s][info][gc,phases   ] GC(5707)   Merge Heap Roots: 0.7ms
[2025-01-08T22:44:16.821+0000][181127.187s][info][gc,phases   ] GC(5707)   Evacuate Collection Set: 32.3ms
[2025-01-08T22:44:16.821+0000][181127.187s][info][gc,phases   ] GC(5707)   Post Evacuate Collection Set: 2.8ms
[2025-01-08T22:44:16.821+0000][181127.187s][info][gc,phases   ] GC(5707)   Other: 0.2ms
[2025-01-08T22:44:16.821+0000][181127.187s][info][gc,heap     ] GC(5707) Eden regions: 913->0(67)
[2025-01-08T22:44:16.821+0000][181127.187s][info][gc,heap     ] GC(5707) Survivor regions: 8->9(116)
[2025-01-08T22:44:16.821+0000][181127.187s][info][gc,heap     ] GC(5707) Old regions: 236->236
[2025-01-08T22:44:16.821+0000][181127.187s][info][gc,heap     ] GC(5707) Archive regions: 2->2
[2025-01-08T22:44:16.821+0000][181127.187s][info][gc,heap     ] GC(5707) Humongous regions: 49->49
[2025-01-08T22:44:16.821+0000][181127.187s][info][gc,metaspace] GC(5707) Metaspace: 524001K(533824K)->524001K(533824K) NonClass: 460153K(465088K)->460153K(465088K) Class: 63848K(68736K)->63848K(68736K)
[2025-01-08T22:44:16.821+0000][181127.187s][info][gc          ] GC(5707) Pause Young (Prepare Mixed) (G1 Evacuation Pause) 9646M->2353M(12288M) 36.367ms
[2025-01-08T22:44:16.821+0000][181127.187s][info][gc,cpu      ] GC(5707) User=0.22s Sys=0.00s Real=0.03s
[2025-01-08T22:44:17.442+0000][181127.808s][info][gc,start    ] GC(5708) Pause Young (Mixed) (G1 Evacuation Pause)
[2025-01-08T22:44:17.442+0000][181127.808s][info][gc,task     ] GC(5708) Using 6 workers of 6 for evacuation
[2025-01-08T22:44:17.510+0000][181127.876s][info][gc,phases   ] GC(5708)   Pre Evacuate Collection Set: 0.2ms
[2025-01-08T22:44:17.510+0000][181127.876s][info][gc,phases   ] GC(5708)   Merge Heap Roots: 0.7ms
[2025-01-08T22:44:17.510+0000][181127.876s][info][gc,phases   ] GC(5708)   Evacuate Collection Set: 64.8ms
[2025-01-08T22:44:17.510+0000][181127.876s][info][gc,phases   ] GC(5708)   Post Evacuate Collection Set: 2.0ms
[2025-01-08T22:44:17.510+0000][181127.876s][info][gc,phases   ] GC(5708)   Other: 0.2ms
[2025-01-08T22:44:17.510+0000][181127.876s][info][gc,heap     ] GC(5708) Eden regions: 67->0(915)
[2025-01-08T22:44:17.510+0000][181127.876s][info][gc,heap     ] GC(5708) Survivor regions: 9->6(10)
[2025-01-08T22:44:17.510+0000][181127.876s][info][gc,heap     ] GC(5708) Old regions: 236->234
[2025-01-08T22:44:17.510+0000][181127.876s][info][gc,heap     ] GC(5708) Archive regions: 2->2
[2025-01-08T22:44:17.510+0000][181127.876s][info][gc,heap     ] GC(5708) Humongous regions: 49->49
[2025-01-08T22:44:17.510+0000][181127.876s][info][gc,metaspace] GC(5708) Metaspace: 524001K(533824K)->524001K(533824K) NonClass: 460153K(465088K)->460153K(465088K) Class: 63848K(68736K)->63848K(68736K)
[2025-01-08T22:44:17.510+0000][181127.876s][info][gc          ] GC(5708) Pause Young (Mixed) (G1 Evacuation Pause) 2889M->2309M(12288M) 67.929ms
[2025-01-08T22:44:17.510+0000][181127.876s][info][gc,cpu      ] GC(5708) User=0.39s Sys=0.00s Real=0.07s
[2025-01-08T22:44:24.944+0000][181135.310s][info][gc,start    ] GC(5709) Pause Young (Normal) (G1 Evacuation Pause)
[2025-01-08T22:44:24.944+0000][181135.310s][info][gc,task     ] GC(5709) Using 6 workers of 6 for evacuation
[2025-01-08T22:44:24.972+0000][181135.338s][info][gc,phases   ] GC(5709)   Pre Evacuate Collection Set: 0.3ms
[2025-01-08T22:44:24.972+0000][181135.338s][info][gc,phases   ] GC(5709)   Merge Heap Roots: 0.5ms
[2025-01-08T22:44:24.972+0000][181135.338s][info][gc,phases   ] GC(5709)   Evacuate Collection Set: 24.6ms
[2025-01-08T22:44:24.972+0000][181135.338s][info][gc,phases   ] GC(5709)   Post Evacuate Collection Set: 2.6ms
[2025-01-08T22:44:24.972+0000][181135.338s][info][gc,phases   ] GC(5709)   Other: 0.2ms
[2025-01-08T22:44:24.972+0000][181135.338s][info][gc,heap     ] GC(5709) Eden regions: 915->0(915)
[2025-01-08T22:44:24.972+0000][181135.338s][info][gc,heap     ] GC(5709) Survivor regions: 6->6(116)
[2025-01-08T22:44:24.972+0000][181135.338s][info][gc,heap     ] GC(5709) Old regions: 234->234
[2025-01-08T22:44:24.972+0000][181135.338s][info][gc,heap     ] GC(5709) Archive regions: 2->2
[2025-01-08T22:44:24.972+0000][181135.338s][info][gc,heap     ] GC(5709) Humongous regions: 49->49
[2025-01-08T22:44:24.972+0000][181135.338s][info][gc,metaspace] GC(5709) Metaspace: 524001K(533824K)->524001K(533824K) NonClass: 460153K(465088K)->460153K(465088K) Class: 63848K(68736K)->63848K(68736K)
[2025-01-08T22:44:24.972+0000][181135.338s][info][gc          ] GC(5709) Pause Young (Normal) (G1 Evacuation Pause) 9629M->2314M(12288M) 28.412ms
[2025-01-08T22:44:24.972+0000][181135.338s][info][gc,cpu      ] GC(5709) User=0.16s Sys=0.00s Real=0.03s
[2025-01-08T22:44:34.118+0000][181144.484s][info][gc,start    ] GC(5710) Pause Young (Normal) (G1 Evacuation Pause)
[2025-01-08T22:44:34.118+0000][181144.484s][info][gc,task     ] GC(5710) Using 6 workers of 6 for evacuation
[2025-01-08T22:44:34.147+0000][181144.514s][info][gc,phases   ] GC(5710)   Pre Evacuate Collection Set: 0.2ms
[2025-01-08T22:44:34.148+0000][181144.514s][info][gc,phases   ] GC(5710)   Merge Heap Roots: 0.5ms
[2025-01-08T22:44:34.148+0000][181144.514s][info][gc,phases   ] GC(5710)   Evacuate Collection Set: 26.4ms
[2025-01-08T22:44:34.148+0000][181144.514s][info][gc,phases   ] GC(5710)   Post Evacuate Collection Set: 2.6ms
[2025-01-08T22:44:34.148+0000][181144.514s][info][gc,phases   ] GC(5710)   Other: 0.2ms
[2025-01-08T22:44:34.148+0000][181144.514s][info][gc,heap     ] GC(5710) Eden regions: 915->0(914)
[2025-01-08T22:44:34.148+0000][181144.514s][info][gc,heap     ] GC(5710) Survivor regions: 6->7(116)
[2025-01-08T22:44:34.148+0000][181144.514s][info][gc,heap     ] GC(5710) Old regions: 234->234
[2025-01-08T22:44:34.148+0000][181144.514s][info][gc,heap     ] GC(5710) Archive regions: 2->2
[2025-01-08T22:44:34.148+0000][181144.514s][info][gc,heap     ] GC(5710) Humongous regions: 49->49
[2025-01-08T22:44:34.148+0000][181144.514s][info][gc,metaspace] GC(5710) Metaspace: 524001K(533824K)->524001K(533824K) NonClass: 460153K(465088K)->460153K(465088K) Class: 63848K(68736K)->63848K(68736K)
[2025-01-08T22:44:34.148+0000][181144.514s][info][gc          ] GC(5710) Pause Young (Normal) (G1 Evacuation Pause) 9634M->2323M(12288M) 29.928ms
[2025-01-08T22:44:34.148+0000][181144.514s][info][gc,cpu      ] GC(5710) User=0.18s Sys=0.00s Real=0.03s
[2025-01-08T22:44:43.739+0000][181154.105s][info][gc,start    ] GC(5711) Pause Young (Concurrent Start) (G1 Evacuation Pause)
[2025-01-08T22:44:43.739+0000][181154.105s][info][gc,task     ] GC(5711) Using 6 workers of 6 for evacuation
[2025-01-08T22:44:43.777+0000][181154.143s][info][gc,phases   ] GC(5711)   Pre Evacuate Collection Set: 1.1ms
[2025-01-08T22:44:43.777+0000][181154.143s][info][gc,phases   ] GC(5711)   Merge Heap Roots: 0.5ms
[2025-01-08T22:44:43.777+0000][181154.143s][info][gc,phases   ] GC(5711)   Evacuate Collection Set: 31.1ms
[2025-01-08T22:44:43.777+0000][181154.143s][info][gc,phases   ] GC(5711)   Post Evacuate Collection Set: 5.2ms
[2025-01-08T22:44:43.777+0000][181154.143s][info][gc,phases   ] GC(5711)   Other: 0.3ms
[2025-01-08T22:44:43.777+0000][181154.143s][info][gc,heap     ] GC(5711) Eden regions: 914->0(911)
[2025-01-08T22:44:43.777+0000][181154.143s][info][gc,heap     ] GC(5711) Survivor regions: 7->10(116)
[2025-01-08T22:44:43.777+0000][181154.143s][info][gc,heap     ] GC(5711) Old regions: 234->234
[2025-01-08T22:44:43.777+0000][181154.143s][info][gc,heap     ] GC(5711) Archive regions: 2->2
[2025-01-08T22:44:43.777+0000][181154.143s][info][gc,heap     ] GC(5711) Humongous regions: 49->49
[2025-01-08T22:44:43.777+0000][181154.143s][info][gc,metaspace] GC(5711) Metaspace: 524001K(533824K)->524001K(533824K) NonClass: 460153K(465088K)->460153K(465088K) Class: 63848K(68736K)->63848K(68736K)
[2025-01-08T22:44:43.777+0000][181154.143s][info][gc          ] GC(5711) Pause Young (Concurrent Start) (G1 Evacuation Pause) 9635M->2344M(12288M) 38.292ms
[2025-01-08T22:44:43.777+0000][181154.143s][info][gc,cpu      ] GC(5711) User=0.22s Sys=0.00s Real=0.04s
[2025-01-08T22:44:43.777+0000][181154.143s][info][gc          ] GC(5712) Concurrent Mark Cycle
[2025-01-08T22:44:43.777+0000][181154.143s][info][gc,marking  ] GC(5712) Concurrent Clear Claimed Marks
[2025-01-08T22:44:43.778+0000][181154.144s][info][gc,marking  ] GC(5712) Concurrent Clear Claimed Marks 0.940ms
[2025-01-08T22:44:43.778+0000][181154.144s][info][gc,marking  ] GC(5712) Concurrent Scan Root Regions
[2025-01-08T22:44:43.802+0000][181154.168s][info][gc,marking  ] GC(5712) Concurrent Scan Root Regions 23.985ms
[2025-01-08T22:44:43.802+0000][181154.168s][info][gc,marking  ] GC(5712) Concurrent Mark
[2025-01-08T22:44:43.802+0000][181154.168s][info][gc,marking  ] GC(5712) Concurrent Mark From Roots
[2025-01-08T22:44:43.802+0000][181154.168s][info][gc,task     ] GC(5712) Using 2 workers of 2 for marking
[2025-01-08T22:44:44.649+0000][181155.015s][info][gc,marking  ] GC(5712) Concurrent Mark From Roots 847.243ms
[2025-01-08T22:44:44.649+0000][181155.015s][info][gc,marking  ] GC(5712) Concurrent Preclean
[2025-01-08T22:44:44.653+0000][181155.019s][info][gc,marking  ] GC(5712) Concurrent Preclean 3.954ms
[2025-01-08T22:44:44.653+0000][181155.020s][info][gc,start    ] GC(5712) Pause Remark
[2025-01-08T22:44:44.680+0000][181155.046s][info][gc          ] GC(5712) Pause Remark 3148M->3148M(12288M) 26.804ms
[2025-01-08T22:44:44.680+0000][181155.046s][info][gc,cpu      ] GC(5712) User=0.15s Sys=0.01s Real=0.02s
[2025-01-08T22:44:44.680+0000][181155.046s][info][gc,marking  ] GC(5712) Concurrent Mark 878.455ms
[2025-01-08T22:44:44.680+0000][181155.047s][info][gc,marking  ] GC(5712) Concurrent Rebuild Remembered Sets
[2025-01-08T22:44:45.387+0000][181155.753s][info][gc,marking  ] GC(5712) Concurrent Rebuild Remembered Sets 706.481ms
[2025-01-08T22:44:45.387+0000][181155.753s][info][gc,start    ] GC(5712) Pause Cleanup
[2025-01-08T22:44:45.387+0000][181155.754s][info][gc          ] GC(5712) Pause Cleanup 3948M->3948M(12288M) 0.433ms
[2025-01-08T22:44:45.388+0000][181155.754s][info][gc,cpu      ] GC(5712) User=0.00s Sys=0.00s Real=0.00s
[2025-01-08T22:44:45.388+0000][181155.754s][info][gc,marking  ] GC(5712) Concurrent Cleanup for Next Mark
[2025-01-08T22:44:45.404+0000][181155.770s][info][gc,marking  ] GC(5712) Concurrent Cleanup for Next Mark 16.272ms
[2025-01-08T22:44:45.404+0000][181155.770s][info][gc          ] GC(5712) Concurrent Mark Cycle 1627.007ms
[2025-01-08T22:44:50.794+0000][181161.160s][info][gc,start    ] GC(5713) Pause Young (Prepare Mixed) (G1 Evacuation Pause)
[2025-01-08T22:44:50.794+0000][181161.160s][info][gc,task     ] GC(5713) Using 6 workers of 6 for evacuation
[2025-01-08T22:44:50.836+0000][181161.203s][info][gc,phases   ] GC(5713)   Pre Evacuate Collection Set: 0.2ms
[2025-01-08T22:44:50.836+0000][181161.203s][info][gc,phases   ] GC(5713)   Merge Heap Roots: 0.7ms
[2025-01-08T22:44:50.836+0000][181161.203s][info][gc,phases   ] GC(5713)   Evacuate Collection Set: 37.6ms
[2025-01-08T22:44:50.836+0000][181161.203s][info][gc,phases   ] GC(5713)   Post Evacuate Collection Set: 4.1ms
[2025-01-08T22:44:50.836+0000][181161.203s][info][gc,phases   ] GC(5713)   Other: 0.2ms
[2025-01-08T22:44:50.836+0000][181161.203s][info][gc,heap     ] GC(5713) Eden regions: 911->0(64)
[2025-01-08T22:44:50.836+0000][181161.203s][info][gc,heap     ] GC(5713) Survivor regions: 10->12(116)
[2025-01-08T22:44:50.836+0000][181161.203s][info][gc,heap     ] GC(5713) Old regions: 234->234
[2025-01-08T22:44:50.836+0000][181161.203s][info][gc,heap     ] GC(5713) Archive regions: 2->2
[2025-01-08T22:44:50.836+0000][181161.203s][info][gc,heap     ] GC(5713) Humongous regions: 49->49
[2025-01-08T22:44:50.837+0000][181161.203s][info][gc,metaspace] GC(5713) Metaspace: 524001K(533824K)->524001K(533824K) NonClass: 460153K(465088K)->460153K(465088K) Class: 63848K(68736K)->63848K(68736K)
[2025-01-08T22:44:50.837+0000][181161.203s][info][gc          ] GC(5713) Pause Young (Prepare Mixed) (G1 Evacuation Pause) 9632M->2359M(12288M) 42.964ms
[2025-01-08T22:44:50.837+0000][181161.203s][info][gc,cpu      ] GC(5713) User=0.25s Sys=0.00s Real=0.04s
[2025-01-08T22:44:51.214+0000][181161.580s][info][gc,start    ] GC(5714) Pause Young (Mixed) (G1 Evacuation Pause)
[2025-01-08T22:44:51.214+0000][181161.580s][info][gc,task     ] GC(5714) Using 6 workers of 6 for evacuation
[2025-01-08T22:44:51.290+0000][181161.656s][info][gc,phases   ] GC(5714)   Pre Evacuate Collection Set: 0.2ms
[2025-01-08T22:44:51.290+0000][181161.656s][info][gc,phases   ] GC(5714)   Merge Heap Roots: 0.7ms
[2025-01-08T22:44:51.290+0000][181161.656s][info][gc,phases   ] GC(5714)   Evacuate Collection Set: 72.9ms
[2025-01-08T22:44:51.290+0000][181161.656s][info][gc,phases   ] GC(5714)   Post Evacuate Collection Set: 2.0ms
[2025-01-08T22:44:51.290+0000][181161.656s][info][gc,phases   ] GC(5714)   Other: 0.2ms
[2025-01-08T22:44:51.290+0000][181161.656s][info][gc,heap     ] GC(5714) Eden regions: 64->0(916)
[2025-01-08T22:44:51.290+0000][181161.656s][info][gc,heap     ] GC(5714) Survivor regions: 12->5(10)
[2025-01-08T22:44:51.290+0000][181161.656s][info][gc,heap     ] GC(5714) Old regions: 234->236
[2025-01-08T22:44:51.290+0000][181161.656s][info][gc,heap     ] GC(5714) Archive regions: 2->2
[2025-01-08T22:44:51.290+0000][181161.656s][info][gc,heap     ] GC(5714) Humongous regions: 49->49
[2025-01-08T22:44:51.290+0000][181161.656s][info][gc,metaspace] GC(5714) Metaspace: 524001K(533824K)->524001K(533824K) NonClass: 460153K(465088K)->460153K(465088K) Class: 63848K(68736K)->63848K(68736K)
[2025-01-08T22:44:51.290+0000][181161.656s][info][gc          ] GC(5714) Pause Young (Mixed) (G1 Evacuation Pause) 2871M->2319M(12288M) 76.140ms
[2025-01-08T22:44:51.290+0000][181161.656s][info][gc,cpu      ] GC(5714) User=0.43s Sys=0.00s Real=0.08s
[2025-01-08T22:45:00.645+0000][181171.012s][info][gc,start    ] GC(5715) Pause Young (Normal) (G1 Evacuation Pause)
[2025-01-08T22:45:00.646+0000][181171.012s][info][gc,task     ] GC(5715) Using 6 workers of 6 for evacuation
[2025-01-08T22:45:00.672+0000][181171.038s][info][gc,phases   ] GC(5715)   Pre Evacuate Collection Set: 0.2ms
[2025-01-08T22:45:00.672+0000][181171.038s][info][gc,phases   ] GC(5715)   Merge Heap Roots: 0.4ms
[2025-01-08T22:45:00.672+0000][181171.038s][info][gc,phases   ] GC(5715)   Evacuate Collection Set: 23.5ms
[2025-01-08T22:45:00.672+0000][181171.038s][info][gc,phases   ] GC(5715)   Post Evacuate Collection Set: 2.6ms
[2025-01-08T22:45:00.672+0000][181171.039s][info][gc,phases   ] GC(5715)   Other: 0.2ms
[2025-01-08T22:45:00.672+0000][181171.039s][info][gc,heap     ] GC(5715) Eden regions: 916->0(915)
[2025-01-08T22:45:00.672+0000][181171.039s][info][gc,heap     ] GC(5715) Survivor regions: 5->6(116)
[2025-01-08T22:45:00.672+0000][181171.039s][info][gc,heap     ] GC(5715) Old regions: 236->236
[2025-01-08T22:45:00.672+0000][181171.039s][info][gc,heap     ] GC(5715) Archive regions: 2->2
[2025-01-08T22:45:00.672+0000][181171.039s][info][gc,heap     ] GC(5715) Humongous regions: 49->49
[2025-01-08T22:45:00.672+0000][181171.039s][info][gc,metaspace] GC(5715) Metaspace: 524001K(533824K)->524001K(533824K) NonClass: 460153K(465088K)->460153K(465088K) Class: 63848K(68736K)->63848K(68736K)
[2025-01-08T22:45:00.672+0000][181171.039s][info][gc          ] GC(5715) Pause Young (Normal) (G1 Evacuation Pause) 9647M->2329M(12288M) 27.005ms
[2025-01-08T22:45:00.673+0000][181171.039s][info][gc,cpu      ] GC(5715) User=0.16s Sys=0.01s Real=0.03s
[2025-01-08T22:45:06.630+0000][181176.996s][info][gc,start    ] GC(5716) Pause Young (Normal) (G1 Evacuation Pause)
[2025-01-08T22:45:06.630+0000][181176.996s][info][gc,task     ] GC(5716) Using 6 workers of 6 for evacuation
[2025-01-08T22:45:06.661+0000][181177.027s][info][gc,phases   ] GC(5716)   Pre Evacuate Collection Set: 0.2ms
[2025-01-08T22:45:06.661+0000][181177.027s][info][gc,phases   ] GC(5716)   Merge Heap Roots: 0.4ms
[2025-01-08T22:45:06.661+0000][181177.027s][info][gc,phases   ] GC(5716)   Evacuate Collection Set: 27.3ms
[2025-01-08T22:45:06.661+0000][181177.027s][info][gc,phases   ] GC(5716)   Post Evacuate Collection Set: 2.7ms
[2025-01-08T22:45:06.661+0000][181177.027s][info][gc,phases   ] GC(5716)   Other: 0.2ms
[2025-01-08T22:45:06.661+0000][181177.027s][info][gc,heap     ] GC(5716) Eden regions: 915->0(914)
[2025-01-08T22:45:06.661+0000][181177.027s][info][gc,heap     ] GC(5716) Survivor regions: 6->7(116)
[2025-01-08T22:45:06.661+0000][181177.027s][info][gc,heap     ] GC(5716) Old regions: 236->236
[2025-01-08T22:45:06.661+0000][181177.027s][info][gc,heap     ] GC(5716) Archive regions: 2->2
[2025-01-08T22:45:06.661+0000][181177.027s][info][gc,heap     ] GC(5716) Humongous regions: 49->49
[2025-01-08T22:45:06.661+0000][181177.027s][info][gc,metaspace] GC(5716) Metaspace: 524001K(533824K)->524001K(533824K) NonClass: 460153K(465088K)->460153K(465088K) Class: 63848K(68736K)->63848K(68736K)
[2025-01-08T22:45:06.661+0000][181177.027s][info][gc          ] GC(5716) Pause Young (Normal) (G1 Evacuation Pause) 9649M->2337M(12288M) 30.886ms
[2025-01-08T22:45:06.661+0000][181177.027s][info][gc,cpu      ] GC(5716) User=0.18s Sys=0.00s Real=0.02s
[2025-01-08T22:45:14.187+0000][181184.553s][info][gc,start    ] GC(5717) Pause Young (Concurrent Start) (G1 Evacuation Pause)
[2025-01-08T22:45:14.187+0000][181184.553s][info][gc,task     ] GC(5717) Using 6 workers of 6 for evacuation
[2025-01-08T22:45:14.218+0000][181184.584s][info][gc,phases   ] GC(5717)   Pre Evacuate Collection Set: 1.1ms
[2025-01-08T22:45:14.218+0000][181184.584s][info][gc,phases   ] GC(5717)   Merge Heap Roots: 0.4ms
[2025-01-08T22:45:14.218+0000][181184.584s][info][gc,phases   ] GC(5717)   Evacuate Collection Set: 27.0ms
[2025-01-08T22:45:14.218+0000][181184.584s][info][gc,phases   ] GC(5717)   Post Evacuate Collection Set: 2.5ms
[2025-01-08T22:45:14.218+0000][181184.584s][info][gc,phases   ] GC(5717)   Other: 0.3ms
[2025-01-08T22:45:14.218+0000][181184.584s][info][gc,heap     ] GC(5717) Eden regions: 914->0(913)
[2025-01-08T22:45:14.218+0000][181184.584s][info][gc,heap     ] GC(5717) Survivor regions: 7->8(116)
[2025-01-08T22:45:14.218+0000][181184.584s][info][gc,heap     ] GC(5717) Old regions: 236->236
[2025-01-08T22:45:14.218+0000][181184.584s][info][gc,heap     ] GC(5717) Archive regions: 2->2
[2025-01-08T22:45:14.218+0000][181184.584s][info][gc,heap     ] GC(5717) Humongous regions: 49->49
[2025-01-08T22:45:14.218+0000][181184.584s][info][gc,metaspace] GC(5717) Metaspace: 524001K(533824K)->524001K(533824K) NonClass: 460153K(465088K)->460153K(465088K) Class: 63848K(68736K)->63848K(68736K)
[2025-01-08T22:45:14.218+0000][181184.584s][info][gc          ] GC(5717) Pause Young (Concurrent Start) (G1 Evacuation Pause) 9649M->2342M(12288M) 31.389ms
[2025-01-08T22:45:14.218+0000][181184.584s][info][gc,cpu      ] GC(5717) User=0.18s Sys=0.00s Real=0.03s
[2025-01-08T22:45:14.218+0000][181184.584s][info][gc          ] GC(5718) Concurrent Mark Cycle
[2025-01-08T22:45:14.218+0000][181184.584s][info][gc,marking  ] GC(5718) Concurrent Clear Claimed Marks
[2025-01-08T22:45:14.219+0000][181184.585s][info][gc,marking  ] GC(5718) Concurrent Clear Claimed Marks 0.837ms
[2025-01-08T22:45:14.219+0000][181184.585s][info][gc,marking  ] GC(5718) Concurrent Scan Root Regions
[2025-01-08T22:45:14.238+0000][181184.604s][info][gc,marking  ] GC(5718) Concurrent Scan Root Regions 18.875ms
[2025-01-08T22:45:14.238+0000][181184.604s][info][gc,marking  ] GC(5718) Concurrent Mark
[2025-01-08T22:45:14.238+0000][181184.604s][info][gc,marking  ] GC(5718) Concurrent Mark From Roots
[2025-01-08T22:45:14.238+0000][181184.604s][info][gc,task     ] GC(5718) Using 2 workers of 2 for marking
[2025-01-08T22:45:15.076+0000][181185.442s][info][gc,marking  ] GC(5718) Concurrent Mark From Roots 838.284ms
[2025-01-08T22:45:15.076+0000][181185.442s][info][gc,marking  ] GC(5718) Concurrent Preclean
[2025-01-08T22:45:15.079+0000][181185.445s][info][gc,marking  ] GC(5718) Concurrent Preclean 2.786ms
[2025-01-08T22:45:15.079+0000][181185.445s][info][gc,start    ] GC(5718) Pause Remark
[2025-01-08T22:45:15.105+0000][181185.471s][info][gc          ] GC(5718) Pause Remark 3002M->3002M(12288M) 25.561ms
[2025-01-08T22:45:15.105+0000][181185.471s][info][gc,cpu      ] GC(5718) User=0.14s Sys=0.01s Real=0.03s
[2025-01-08T22:45:15.105+0000][181185.471s][info][gc,marking  ] GC(5718) Concurrent Mark 866.948ms
[2025-01-08T22:45:15.105+0000][181185.471s][info][gc,marking  ] GC(5718) Concurrent Rebuild Remembered Sets
[2025-01-08T22:45:15.674+0000][181186.040s][info][gc,marking  ] GC(5718) Concurrent Rebuild Remembered Sets 569.114ms
[2025-01-08T22:45:15.674+0000][181186.040s][info][gc,start    ] GC(5718) Pause Cleanup
[2025-01-08T22:45:15.675+0000][181186.041s][info][gc          ] GC(5718) Pause Cleanup 3526M->3526M(12288M) 0.436ms
[2025-01-08T22:45:15.675+0000][181186.041s][info][gc,cpu      ] GC(5718) User=0.00s Sys=0.00s Real=0.00s
[2025-01-08T22:45:15.675+0000][181186.041s][info][gc,marking  ] GC(5718) Concurrent Cleanup for Next Mark
[2025-01-08T22:45:15.691+0000][181186.057s][info][gc,marking  ] GC(5718) Concurrent Cleanup for Next Mark 16.337ms
[2025-01-08T22:45:15.691+0000][181186.057s][info][gc          ] GC(5718) Concurrent Mark Cycle 1473.080ms
[2025-01-08T22:45:22.114+0000][181192.480s][info][gc,start    ] GC(5719) Pause Young (Prepare Mixed) (G1 Evacuation Pause)
[2025-01-08T22:45:22.114+0000][181192.480s][info][gc,task     ] GC(5719) Using 6 workers of 6 for evacuation
[2025-01-08T22:45:22.148+0000][181192.515s][info][gc,phases   ] GC(5719)   Pre Evacuate Collection Set: 0.2ms
[2025-01-08T22:45:22.149+0000][181192.515s][info][gc,phases   ] GC(5719)   Merge Heap Roots: 0.7ms
[2025-01-08T22:45:22.149+0000][181192.515s][info][gc,phases   ] GC(5719)   Evacuate Collection Set: 31.3ms
[2025-01-08T22:45:22.149+0000][181192.515s][info][gc,phases   ] GC(5719)   Post Evacuate Collection Set: 2.6ms
[2025-01-08T22:45:22.149+0000][181192.515s][info][gc,phases   ] GC(5719)   Other: 0.2ms
[2025-01-08T22:45:22.149+0000][181192.515s][info][gc,heap     ] GC(5719) Eden regions: 913->0(67)
[2025-01-08T22:45:22.149+0000][181192.515s][info][gc,heap     ] GC(5719) Survivor regions: 8->9(116)
[2025-01-08T22:45:22.149+0000][181192.515s][info][gc,heap     ] GC(5719) Old regions: 236->236
[2025-01-08T22:45:22.149+0000][181192.515s][info][gc,heap     ] GC(5719) Archive regions: 2->2
[2025-01-08T22:45:22.149+0000][181192.515s][info][gc,heap     ] GC(5719) Humongous regions: 49->49
[2025-01-08T22:45:22.149+0000][181192.515s][info][gc,metaspace] GC(5719) Metaspace: 524001K(533824K)->524001K(533824K) NonClass: 460153K(465088K)->460153K(465088K) Class: 63848K(68736K)->63848K(68736K)
[2025-01-08T22:45:22.149+0000][181192.515s][info][gc          ] GC(5719) Pause Young (Prepare Mixed) (G1 Evacuation Pause) 9646M->2352M(12288M) 35.038ms
[2025-01-08T22:45:22.149+0000][181192.515s][info][gc,cpu      ] GC(5719) User=0.21s Sys=0.00s Real=0.03s
[2025-01-08T22:45:22.798+0000][181193.164s][info][gc,start    ] GC(5720) Pause Young (Mixed) (G1 Evacuation Pause)
[2025-01-08T22:45:22.798+0000][181193.164s][info][gc,task     ] GC(5720) Using 6 workers of 6 for evacuation
[2025-01-08T22:45:22.863+0000][181193.229s][info][gc,phases   ] GC(5720)   Pre Evacuate Collection Set: 0.2ms
[2025-01-08T22:45:22.863+0000][181193.229s][info][gc,phases   ] GC(5720)   Merge Heap Roots: 0.7ms
[2025-01-08T22:45:22.863+0000][181193.229s][info][gc,phases   ] GC(5720)   Evacuate Collection Set: 62.0ms
[2025-01-08T22:45:22.863+0000][181193.229s][info][gc,phases   ] GC(5720)   Post Evacuate Collection Set: 1.8ms
[2025-01-08T22:45:22.863+0000][181193.229s][info][gc,phases   ] GC(5720)   Other: 0.2ms
[2025-01-08T22:45:22.863+0000][181193.229s][info][gc,heap     ] GC(5720) Eden regions: 67->0(915)
[2025-01-08T22:45:22.863+0000][181193.229s][info][gc,heap     ] GC(5720) Survivor regions: 9->6(10)
[2025-01-08T22:45:22.863+0000][181193.229s][info][gc,heap     ] GC(5720) Old regions: 236->235
[2025-01-08T22:45:22.863+0000][181193.229s][info][gc,heap     ] GC(5720) Archive regions: 2->2
[2025-01-08T22:45:22.863+0000][181193.229s][info][gc,heap     ] GC(5720) Humongous regions: 49->49
[2025-01-08T22:45:22.863+0000][181193.229s][info][gc,metaspace] GC(5720) Metaspace: 524001K(533824K)->524001K(533824K) NonClass: 460153K(465088K)->460153K(465088K) Class: 63848K(68736K)->63848K(68736K)
[2025-01-08T22:45:22.863+0000][181193.229s][info][gc          ] GC(5720) Pause Young (Mixed) (G1 Evacuation Pause) 2888M->2314M(12288M) 64.968ms
[2025-01-08T22:45:22.863+0000][181193.229s][info][gc,cpu      ] GC(5720) User=0.38s Sys=0.00s Real=0.07s
[2025-01-08T22:45:30.314+0000][181200.680s][info][gc,start    ] GC(5721) Pause Young (Normal) (G1 Evacuation Pause)
[2025-01-08T22:45:30.314+0000][181200.680s][info][gc,task     ] GC(5721) Using 6 workers of 6 for evacuation
[2025-01-08T22:45:30.348+0000][181200.714s][info][gc,phases   ] GC(5721)   Pre Evacuate Collection Set: 0.2ms
[2025-01-08T22:45:30.348+0000][181200.714s][info][gc,phases   ] GC(5721)   Merge Heap Roots: 0.5ms
[2025-01-08T22:45:30.348+0000][181200.714s][info][gc,phases   ] GC(5721)   Evacuate Collection Set: 27.0ms
[2025-01-08T22:45:30.348+0000][181200.714s][info][gc,phases   ] GC(5721)   Post Evacuate Collection Set: 5.8ms
[2025-01-08T22:45:30.348+0000][181200.714s][info][gc,phases   ] GC(5721)   Other: 0.2ms
[2025-01-08T22:45:30.348+0000][181200.714s][info][gc,heap     ] GC(5721) Eden regions: 915->0(914)
[2025-01-08T22:45:30.348+0000][181200.714s][info][gc,heap     ] GC(5721) Survivor regions: 6->7(116)
[2025-01-08T22:45:30.348+0000][181200.714s][info][gc,heap     ] GC(5721) Old regions: 235->235
[2025-01-08T22:45:30.348+0000][181200.714s][info][gc,heap     ] GC(5721) Archive regions: 2->2
[2025-01-08T22:45:30.348+0000][181200.714s][info][gc,heap     ] GC(5721) Humongous regions: 49->49
[2025-01-08T22:45:30.348+0000][181200.714s][info][gc,metaspace] GC(5721) Metaspace: 524001K(533824K)->524001K(533824K) NonClass: 460153K(465088K)->460153K(465088K) Class: 63848K(68736K)->63848K(68736K)
[2025-01-08T22:45:30.348+0000][181200.714s][info][gc          ] GC(5721) Pause Young (Normal) (G1 Evacuation Pause) 9634M->2327M(12288M) 33.671ms
[2025-01-08T22:45:30.348+0000][181200.714s][info][gc,cpu      ] GC(5721) User=0.20s Sys=0.00s Real=0.03s
[2025-01-08T22:45:37.346+0000][181207.712s][info][gc,start    ] GC(5722) Pause Young (Normal) (G1 Evacuation Pause)
[2025-01-08T22:45:37.346+0000][181207.712s][info][gc,task     ] GC(5722) Using 6 workers of 6 for evacuation
[2025-01-08T22:45:37.375+0000][181207.741s][info][gc,phases   ] GC(5722)   Pre Evacuate Collection Set: 0.2ms
[2025-01-08T22:45:37.375+0000][181207.741s][info][gc,phases   ] GC(5722)   Merge Heap Roots: 0.5ms
[2025-01-08T22:45:37.375+0000][181207.741s][info][gc,phases   ] GC(5722)   Evacuate Collection Set: 25.5ms
[2025-01-08T22:45:37.375+0000][181207.741s][info][gc,phases   ] GC(5722)   Post Evacuate Collection Set: 2.5ms
[2025-01-08T22:45:37.375+0000][181207.741s][info][gc,phases   ] GC(5722)   Other: 0.2ms
[2025-01-08T22:45:37.375+0000][181207.741s][info][gc,heap     ] GC(5722) Eden regions: 914->0(913)
[2025-01-08T22:45:37.375+0000][181207.741s][info][gc,heap     ] GC(5722) Survivor regions: 7->8(116)
[2025-01-08T22:45:37.375+0000][181207.741s][info][gc,heap     ] GC(5722) Old regions: 235->235
[2025-01-08T22:45:37.375+0000][181207.741s][info][gc,heap     ] GC(5722) Archive regions: 2->2
[2025-01-08T22:45:37.375+0000][181207.741s][info][gc,heap     ] GC(5722) Humongous regions: 49->49
[2025-01-08T22:45:37.375+0000][181207.741s][info][gc,metaspace] GC(5722) Metaspace: 524001K(533824K)->524001K(533824K) NonClass: 460153K(465088K)->460153K(465088K) Class: 63848K(68736K)->63848K(68736K)
[2025-01-08T22:45:37.375+0000][181207.741s][info][gc          ] GC(5722) Pause Young (Normal) (G1 Evacuation Pause) 9639M->2329M(12288M) 28.942ms
[2025-01-08T22:45:37.375+0000][181207.741s][info][gc,cpu      ] GC(5722) User=0.17s Sys=0.00s Real=0.03s
[2025-01-08T22:45:45.725+0000][181216.092s][info][gc,start    ] GC(5723) Pause Young (Concurrent Start) (G1 Evacuation Pause)
[2025-01-08T22:45:45.726+0000][181216.092s][info][gc,task     ] GC(5723) Using 6 workers of 6 for evacuation
[2025-01-08T22:45:45.760+0000][181216.126s][info][gc,phases   ] GC(5723)   Pre Evacuate Collection Set: 1.1ms
[2025-01-08T22:45:45.760+0000][181216.126s][info][gc,phases   ] GC(5723)   Merge Heap Roots: 0.5ms
[2025-01-08T22:45:45.760+0000][181216.126s][info][gc,phases   ] GC(5723)   Evacuate Collection Set: 28.6ms
[2025-01-08T22:45:45.760+0000][181216.126s][info][gc,phases   ] GC(5723)   Post Evacuate Collection Set: 3.9ms
[2025-01-08T22:45:45.760+0000][181216.126s][info][gc,phases   ] GC(5723)   Other: 0.3ms
[2025-01-08T22:45:45.760+0000][181216.126s][info][gc,heap     ] GC(5723) Eden regions: 913->0(912)
[2025-01-08T22:45:45.760+0000][181216.126s][info][gc,heap     ] GC(5723) Survivor regions: 8->9(116)
[2025-01-08T22:45:45.760+0000][181216.126s][info][gc,heap     ] GC(5723) Old regions: 235->235
[2025-01-08T22:45:45.760+0000][181216.126s][info][gc,heap     ] GC(5723) Archive regions: 2->2
[2025-01-08T22:45:45.760+0000][181216.126s][info][gc,heap     ] GC(5723) Humongous regions: 49->49
[2025-01-08T22:45:45.760+0000][181216.126s][info][gc,metaspace] GC(5723) Metaspace: 524001K(533824K)->524001K(533824K) NonClass: 460153K(465088K)->460153K(465088K) Class: 63848K(68736K)->63848K(68736K)
[2025-01-08T22:45:45.760+0000][181216.126s][info][gc          ] GC(5723) Pause Young (Concurrent Start) (G1 Evacuation Pause) 9633M->2339M(12288M) 34.399ms
[2025-01-08T22:45:45.760+0000][181216.126s][info][gc,cpu      ] GC(5723) User=0.20s Sys=0.00s Real=0.03s
[2025-01-08T22:45:45.760+0000][181216.126s][info][gc          ] GC(5724) Concurrent Mark Cycle
[2025-01-08T22:45:45.760+0000][181216.126s][info][gc,marking  ] GC(5724) Concurrent Clear Claimed Marks
[2025-01-08T22:45:45.761+0000][181216.127s][info][gc,marking  ] GC(5724) Concurrent Clear Claimed Marks 0.900ms
[2025-01-08T22:45:45.761+0000][181216.127s][info][gc,marking  ] GC(5724) Concurrent Scan Root Regions
[2025-01-08T22:45:45.782+0000][181216.148s][info][gc,marking  ] GC(5724) Concurrent Scan Root Regions 20.981ms
[2025-01-08T22:45:45.782+0000][181216.148s][info][gc,marking  ] GC(5724) Concurrent Mark
[2025-01-08T22:45:45.782+0000][181216.148s][info][gc,marking  ] GC(5724) Concurrent Mark From Roots
[2025-01-08T22:45:45.782+0000][181216.148s][info][gc,task     ] GC(5724) Using 2 workers of 2 for marking
[2025-01-08T22:45:46.591+0000][181216.957s][info][gc,marking  ] GC(5724) Concurrent Mark From Roots 808.722ms
[2025-01-08T22:45:46.591+0000][181216.957s][info][gc,marking  ] GC(5724) Concurrent Preclean
[2025-01-08T22:45:46.593+0000][181216.959s][info][gc,marking  ] GC(5724) Concurrent Preclean 2.678ms
[2025-01-08T22:45:46.593+0000][181216.960s][info][gc,start    ] GC(5724) Pause Remark
[2025-01-08T22:45:46.619+0000][181216.985s][info][gc          ] GC(5724) Pause Remark 2955M->2955M(12288M) 25.694ms
[2025-01-08T22:45:46.619+0000][181216.985s][info][gc,cpu      ] GC(5724) User=0.15s Sys=0.00s Real=0.02s
[2025-01-08T22:45:46.619+0000][181216.985s][info][gc,marking  ] GC(5724) Concurrent Mark 837.429ms
[2025-01-08T22:45:46.619+0000][181216.985s][info][gc,marking  ] GC(5724) Concurrent Rebuild Remembered Sets
[2025-01-08T22:45:47.144+0000][181217.510s][info][gc,marking  ] GC(5724) Concurrent Rebuild Remembered Sets 524.731ms
[2025-01-08T22:45:47.144+0000][181217.510s][info][gc,start    ] GC(5724) Pause Cleanup
[2025-01-08T22:45:47.145+0000][181217.511s][info][gc          ] GC(5724) Pause Cleanup 3375M->3375M(12288M) 0.396ms
[2025-01-08T22:45:47.145+0000][181217.511s][info][gc,cpu      ] GC(5724) User=0.00s Sys=0.00s Real=0.00s
[2025-01-08T22:45:47.145+0000][181217.511s][info][gc,marking  ] GC(5724) Concurrent Cleanup for Next Mark
[2025-01-08T22:45:47.160+0000][181217.526s][info][gc,marking  ] GC(5724) Concurrent Cleanup for Next Mark 15.342ms
[2025-01-08T22:45:47.160+0000][181217.526s][info][gc          ] GC(5724) Concurrent Mark Cycle 1400.169ms
[2025-01-08T22:45:56.354+0000][181226.720s][info][gc,start    ] GC(5725) Pause Young (Prepare Mixed) (G1 Evacuation Pause)
[2025-01-08T22:45:56.354+0000][181226.720s][info][gc,task     ] GC(5725) Using 6 workers of 6 for evacuation
[2025-01-08T22:45:56.391+0000][181226.758s][info][gc,phases   ] GC(5725)   Pre Evacuate Collection Set: 0.2ms
[2025-01-08T22:45:56.391+0000][181226.758s][info][gc,phases   ] GC(5725)   Merge Heap Roots: 0.7ms
[2025-01-08T22:45:56.391+0000][181226.758s][info][gc,phases   ] GC(5725)   Evacuate Collection Set: 33.3ms
[2025-01-08T22:45:56.391+0000][181226.758s][info][gc,phases   ] GC(5725)   Post Evacuate Collection Set: 2.8ms
[2025-01-08T22:45:56.391+0000][181226.758s][info][gc,phases   ] GC(5725)   Other: 0.2ms
[2025-01-08T22:45:56.391+0000][181226.758s][info][gc,heap     ] GC(5725) Eden regions: 912->0(66)
[2025-01-08T22:45:56.391+0000][181226.758s][info][gc,heap     ] GC(5725) Survivor regions: 9->10(116)
[2025-01-08T22:45:56.391+0000][181226.758s][info][gc,heap     ] GC(5725) Old regions: 235->235
[2025-01-08T22:45:56.392+0000][181226.758s][info][gc,heap     ] GC(5725) Archive regions: 2->2
[2025-01-08T22:45:56.392+0000][181226.758s][info][gc,heap     ] GC(5725) Humongous regions: 49->49
[2025-01-08T22:45:56.392+0000][181226.758s][info][gc,metaspace] GC(5725) Metaspace: 524001K(533824K)->524001K(533824K) NonClass: 460153K(465088K)->460153K(465088K) Class: 63848K(68736K)->63848K(68736K)
[2025-01-08T22:45:56.392+0000][181226.758s][info][gc          ] GC(5725) Pause Young (Prepare Mixed) (G1 Evacuation Pause) 9635M->2346M(12288M) 37.281ms
[2025-01-08T22:45:56.392+0000][181226.758s][info][gc,cpu      ] GC(5725) User=0.21s Sys=0.00s Real=0.04s
[2025-01-08T22:45:56.877+0000][181227.243s][info][gc,start    ] GC(5726) Pause Young (Mixed) (G1 Evacuation Pause)
[2025-01-08T22:45:56.877+0000][181227.243s][info][gc,task     ] GC(5726) Using 6 workers of 6 for evacuation
[2025-01-08T22:45:56.955+0000][181227.321s][info][gc,phases   ] GC(5726)   Pre Evacuate Collection Set: 0.2ms
[2025-01-08T22:45:56.955+0000][181227.321s][info][gc,phases   ] GC(5726)   Merge Heap Roots: 0.8ms
[2025-01-08T22:45:56.955+0000][181227.321s][info][gc,phases   ] GC(5726)   Evacuate Collection Set: 74.2ms
[2025-01-08T22:45:56.955+0000][181227.321s][info][gc,phases   ] GC(5726)   Post Evacuate Collection Set: 2.3ms
[2025-01-08T22:45:56.955+0000][181227.321s][info][gc,phases   ] GC(5726)   Other: 0.2ms
[2025-01-08T22:45:56.955+0000][181227.321s][info][gc,heap     ] GC(5726) Eden regions: 66->0(916)
[2025-01-08T22:45:56.955+0000][181227.321s][info][gc,heap     ] GC(5726) Survivor regions: 10->5(10)
[2025-01-08T22:45:56.955+0000][181227.321s][info][gc,heap     ] GC(5726) Old regions: 235->235
[2025-01-08T22:45:56.955+0000][181227.321s][info][gc,heap     ] GC(5726) Archive regions: 2->2
[2025-01-08T22:45:56.955+0000][181227.321s][info][gc,heap     ] GC(5726) Humongous regions: 49->49
[2025-01-08T22:45:56.955+0000][181227.321s][info][gc,metaspace] GC(5726) Metaspace: 524001K(533824K)->524001K(533824K) NonClass: 460153K(465088K)->460153K(465088K) Class: 63848K(68736K)->63848K(68736K)
[2025-01-08T22:45:56.955+0000][181227.321s][info][gc          ] GC(5726) Pause Young (Mixed) (G1 Evacuation Pause) 2874M->2313M(12288M) 77.793ms
[2025-01-08T22:45:56.955+0000][181227.321s][info][gc,cpu      ] GC(5726) User=0.44s Sys=0.00s Real=0.08s
[2025-01-08T22:46:05.659+0000][181236.025s][info][gc,start    ] GC(5727) Pause Young (Normal) (G1 Evacuation Pause)
[2025-01-08T22:46:05.659+0000][181236.025s][info][gc,task     ] GC(5727) Using 6 workers of 6 for evacuation
[2025-01-08T22:46:05.689+0000][181236.055s][info][gc,phases   ] GC(5727)   Pre Evacuate Collection Set: 0.2ms
[2025-01-08T22:46:05.689+0000][181236.055s][info][gc,phases   ] GC(5727)   Merge Heap Roots: 0.5ms
[2025-01-08T22:46:05.689+0000][181236.055s][info][gc,phases   ] GC(5727)   Evacuate Collection Set: 25.8ms
[2025-01-08T22:46:05.689+0000][181236.055s][info][gc,phases   ] GC(5727)   Post Evacuate Collection Set: 2.8ms
[2025-01-08T22:46:05.689+0000][181236.055s][info][gc,phases   ] GC(5727)   Other: 0.2ms
[2025-01-08T22:46:05.689+0000][181236.055s][info][gc,heap     ] GC(5727) Eden regions: 916->0(914)
[2025-01-08T22:46:05.689+0000][181236.055s][info][gc,heap     ] GC(5727) Survivor regions: 5->7(116)
[2025-01-08T22:46:05.689+0000][181236.055s][info][gc,heap     ] GC(5727) Old regions: 235->235
[2025-01-08T22:46:05.689+0000][181236.055s][info][gc,heap     ] GC(5727) Archive regions: 2->2
[2025-01-08T22:46:05.689+0000][181236.055s][info][gc,heap     ] GC(5727) Humongous regions: 49->49
[2025-01-08T22:46:05.689+0000][181236.055s][info][gc,metaspace] GC(5727) Metaspace: 524001K(533824K)->524001K(533824K) NonClass: 460153K(465088K)->460153K(465088K) Class: 63848K(68736K)->63848K(68736K)
[2025-01-08T22:46:05.689+0000][181236.055s][info][gc          ] GC(5727) Pause Young (Normal) (G1 Evacuation Pause) 9641M->2327M(12288M) 29.636ms
[2025-01-08T22:46:05.689+0000][181236.055s][info][gc,cpu      ] GC(5727) User=0.17s Sys=0.00s Real=0.03s
[2025-01-08T22:46:14.671+0000][181245.037s][info][gc,start    ] GC(5728) Pause Young (Normal) (G1 Evacuation Pause)
[2025-01-08T22:46:14.671+0000][181245.037s][info][gc,task     ] GC(5728) Using 6 workers of 6 for evacuation
[2025-01-08T22:46:14.704+0000][181245.070s][info][gc,phases   ] GC(5728)   Pre Evacuate Collection Set: 0.2ms
[2025-01-08T22:46:14.704+0000][181245.070s][info][gc,phases   ] GC(5728)   Merge Heap Roots: 0.5ms
[2025-01-08T22:46:14.704+0000][181245.070s][info][gc,phases   ] GC(5728)   Evacuate Collection Set: 29.5ms
[2025-01-08T22:46:14.704+0000][181245.070s][info][gc,phases   ] GC(5728)   Post Evacuate Collection Set: 2.7ms
[2025-01-08T22:46:14.704+0000][181245.071s][info][gc,phases   ] GC(5728)   Other: 0.2ms
[2025-01-08T22:46:14.704+0000][181245.071s][info][gc,heap     ] GC(5728) Eden regions: 914->0(913)
[2025-01-08T22:46:14.704+0000][181245.071s][info][gc,heap     ] GC(5728) Survivor regions: 7->8(116)
[2025-01-08T22:46:14.704+0000][181245.071s][info][gc,heap     ] GC(5728) Old regions: 235->235
[2025-01-08T22:46:14.704+0000][181245.071s][info][gc,heap     ] GC(5728) Archive regions: 2->2
[2025-01-08T22:46:14.704+0000][181245.071s][info][gc,heap     ] GC(5728) Humongous regions: 49->49
[2025-01-08T22:46:14.704+0000][181245.071s][info][gc,metaspace] GC(5728) Metaspace: 524001K(533824K)->524001K(533824K) NonClass: 460153K(465088K)->460153K(465088K) Class: 63848K(68736K)->63848K(68736K)
[2025-01-08T22:46:14.704+0000][181245.071s][info][gc          ] GC(5728) Pause Young (Normal) (G1 Evacuation Pause) 9639M->2338M(12288M) 33.168ms
[2025-01-08T22:46:14.705+0000][181245.071s][info][gc,cpu      ] GC(5728) User=0.19s Sys=0.00s Real=0.03s
[2025-01-08T22:46:23.581+0000][181253.947s][info][gc,start    ] GC(5729) Pause Young (Concurrent Start) (G1 Evacuation Pause)
[2025-01-08T22:46:23.581+0000][181253.947s][info][gc,task     ] GC(5729) Using 6 workers of 6 for evacuation
[2025-01-08T22:46:23.616+0000][181253.982s][info][gc,phases   ] GC(5729)   Pre Evacuate Collection Set: 1.1ms
[2025-01-08T22:46:23.616+0000][181253.982s][info][gc,phases   ] GC(5729)   Merge Heap Roots: 0.5ms
[2025-01-08T22:46:23.616+0000][181253.982s][info][gc,phases   ] GC(5729)   Evacuate Collection Set: 30.4ms
[2025-01-08T22:46:23.616+0000][181253.982s][info][gc,phases   ] GC(5729)   Post Evacuate Collection Set: 2.6ms
[2025-01-08T22:46:23.616+0000][181253.982s][info][gc,phases   ] GC(5729)   Other: 0.3ms
[2025-01-08T22:46:23.616+0000][181253.982s][info][gc,heap     ] GC(5729) Eden regions: 913->0(912)
[2025-01-08T22:46:23.616+0000][181253.982s][info][gc,heap     ] GC(5729) Survivor regions: 8->9(116)
[2025-01-08T22:46:23.616+0000][181253.982s][info][gc,heap     ] GC(5729) Old regions: 235->235
[2025-01-08T22:46:23.616+0000][181253.982s][info][gc,heap     ] GC(5729) Archive regions: 2->2
[2025-01-08T22:46:23.616+0000][181253.982s][info][gc,heap     ] GC(5729) Humongous regions: 49->49
[2025-01-08T22:46:23.616+0000][181253.982s][info][gc,metaspace] GC(5729) Metaspace: 524001K(533824K)->524001K(533824K) NonClass: 460153K(465088K)->460153K(465088K) Class: 63848K(68736K)->63848K(68736K)
[2025-01-08T22:46:23.616+0000][181253.982s][info][gc          ] GC(5729) Pause Young (Concurrent Start) (G1 Evacuation Pause) 9642M->2346M(12288M) 34.953ms
[2025-01-08T22:46:23.616+0000][181253.982s][info][gc,cpu      ] GC(5729) User=0.20s Sys=0.00s Real=0.04s
[2025-01-08T22:46:23.616+0000][181253.982s][info][gc          ] GC(5730) Concurrent Mark Cycle
[2025-01-08T22:46:23.616+0000][181253.982s][info][gc,marking  ] GC(5730) Concurrent Clear Claimed Marks
[2025-01-08T22:46:23.617+0000][181253.983s][info][gc,marking  ] GC(5730) Concurrent Clear Claimed Marks 1.008ms
[2025-01-08T22:46:23.617+0000][181253.983s][info][gc,marking  ] GC(5730) Concurrent Scan Root Regions
[2025-01-08T22:46:23.644+0000][181254.010s][info][gc,marking  ] GC(5730) Concurrent Scan Root Regions 26.930ms
[2025-01-08T22:46:23.644+0000][181254.010s][info][gc,marking  ] GC(5730) Concurrent Mark
[2025-01-08T22:46:23.644+0000][181254.010s][info][gc,marking  ] GC(5730) Concurrent Mark From Roots
[2025-01-08T22:46:23.644+0000][181254.010s][info][gc,task     ] GC(5730) Using 2 workers of 2 for marking
[2025-01-08T22:46:24.479+0000][181254.845s][info][gc,marking  ] GC(5730) Concurrent Mark From Roots 834.555ms
[2025-01-08T22:46:24.479+0000][181254.845s][info][gc,marking  ] GC(5730) Concurrent Preclean
[2025-01-08T22:46:24.482+0000][181254.848s][info][gc,marking  ] GC(5730) Concurrent Preclean 3.363ms
[2025-01-08T22:46:24.482+0000][181254.849s][info][gc,start    ] GC(5730) Pause Remark
[2025-01-08T22:46:24.509+0000][181254.875s][info][gc          ] GC(5730) Pause Remark 3558M->3558M(12288M) 26.214ms
[2025-01-08T22:46:24.509+0000][181254.875s][info][gc,cpu      ] GC(5730) User=0.15s Sys=0.00s Real=0.02s
[2025-01-08T22:46:24.509+0000][181254.875s][info][gc,marking  ] GC(5730) Concurrent Mark 864.494ms
[2025-01-08T22:46:24.509+0000][181254.875s][info][gc,marking  ] GC(5730) Concurrent Rebuild Remembered Sets
[2025-01-08T22:46:25.243+0000][181255.609s][info][gc,marking  ] GC(5730) Concurrent Rebuild Remembered Sets 733.976ms
[2025-01-08T22:46:25.243+0000][181255.609s][info][gc,start    ] GC(5730) Pause Cleanup
[2025-01-08T22:46:25.244+0000][181255.610s][info][gc          ] GC(5730) Pause Cleanup 4770M->4770M(12288M) 0.493ms
[2025-01-08T22:46:25.244+0000][181255.610s][info][gc,cpu      ] GC(5730) User=0.00s Sys=0.00s Real=0.00s
[2025-01-08T22:46:25.244+0000][181255.610s][info][gc,marking  ] GC(5730) Concurrent Cleanup for Next Mark
[2025-01-08T22:46:25.267+0000][181255.634s][info][gc,marking  ] GC(5730) Concurrent Cleanup for Next Mark 23.801ms
[2025-01-08T22:46:25.268+0000][181255.634s][info][gc          ] GC(5730) Concurrent Mark Cycle 1651.202ms
[2025-01-08T22:46:28.454+0000][181258.820s][info][gc,start    ] GC(5731) Pause Young (Prepare Mixed) (G1 Evacuation Pause)
[2025-01-08T22:46:28.454+0000][181258.820s][info][gc,task     ] GC(5731) Using 6 workers of 6 for evacuation
[2025-01-08T22:46:28.492+0000][181258.858s][info][gc,phases   ] GC(5731)   Pre Evacuate Collection Set: 0.2ms
[2025-01-08T22:46:28.492+0000][181258.858s][info][gc,phases   ] GC(5731)   Merge Heap Roots: 0.7ms
[2025-01-08T22:46:28.492+0000][181258.858s][info][gc,phases   ] GC(5731)   Evacuate Collection Set: 31.8ms
[2025-01-08T22:46:28.492+0000][181258.858s][info][gc,phases   ] GC(5731)   Post Evacuate Collection Set: 5.3ms
[2025-01-08T22:46:28.492+0000][181258.858s][info][gc,phases   ] GC(5731)   Other: 0.2ms
[2025-01-08T22:46:28.492+0000][181258.858s][info][gc,heap     ] GC(5731) Eden regions: 912->0(65)
[2025-01-08T22:46:28.492+0000][181258.858s][info][gc,heap     ] GC(5731) Survivor regions: 9->11(116)
[2025-01-08T22:46:28.492+0000][181258.858s][info][gc,heap     ] GC(5731) Old regions: 235->235
[2025-01-08T22:46:28.492+0000][181258.858s][info][gc,heap     ] GC(5731) Archive regions: 2->2
[2025-01-08T22:46:28.492+0000][181258.858s][info][gc,heap     ] GC(5731) Humongous regions: 49->49
[2025-01-08T22:46:28.492+0000][181258.858s][info][gc,metaspace] GC(5731) Metaspace: 524001K(533824K)->524001K(533824K) NonClass: 460153K(465088K)->460153K(465088K) Class: 63848K(68736K)->63848K(68736K)
[2025-01-08T22:46:28.492+0000][181258.858s][info][gc          ] GC(5731) Pause Young (Prepare Mixed) (G1 Evacuation Pause) 9642M->2362M(12288M) 38.379ms
[2025-01-08T22:46:28.492+0000][181258.858s][info][gc,cpu      ] GC(5731) User=0.23s Sys=0.00s Real=0.04s
[2025-01-08T22:46:28.993+0000][181259.359s][info][gc,start    ] GC(5732) Pause Young (Mixed) (G1 Evacuation Pause)
[2025-01-08T22:46:28.993+0000][181259.359s][info][gc,task     ] GC(5732) Using 6 workers of 6 for evacuation
[2025-01-08T22:46:29.034+0000][181259.400s][info][gc,phases   ] GC(5732)   Pre Evacuate Collection Set: 0.2ms
[2025-01-08T22:46:29.034+0000][181259.400s][info][gc,phases   ] GC(5732)   Merge Heap Roots: 0.4ms
[2025-01-08T22:46:29.034+0000][181259.400s][info][gc,phases   ] GC(5732)   Evacuate Collection Set: 38.6ms
[2025-01-08T22:46:29.034+0000][181259.400s][info][gc,phases   ] GC(5732)   Post Evacuate Collection Set: 1.6ms
[2025-01-08T22:46:29.034+0000][181259.400s][info][gc,phases   ] GC(5732)   Other: 0.2ms
[2025-01-08T22:46:29.034+0000][181259.400s][info][gc,heap     ] GC(5732) Eden regions: 65->0(916)
[2025-01-08T22:46:29.034+0000][181259.400s][info][gc,heap     ] GC(5732) Survivor regions: 11->5(10)
[2025-01-08T22:46:29.034+0000][181259.400s][info][gc,heap     ] GC(5732) Old regions: 235->233
[2025-01-08T22:46:29.034+0000][181259.400s][info][gc,heap     ] GC(5732) Archive regions: 2->2
[2025-01-08T22:46:29.034+0000][181259.400s][info][gc,heap     ] GC(5732) Humongous regions: 49->49
[2025-01-08T22:46:29.034+0000][181259.400s][info][gc,metaspace] GC(5732) Metaspace: 524001K(533824K)->524001K(533824K) NonClass: 460153K(465088K)->460153K(465088K) Class: 63848K(68736K)->63848K(68736K)
[2025-01-08T22:46:29.034+0000][181259.400s][info][gc          ] GC(5732) Pause Young (Mixed) (G1 Evacuation Pause) 2882M->2291M(12288M) 41.060ms
[2025-01-08T22:46:29.034+0000][181259.400s][info][gc,cpu      ] GC(5732) User=0.24s Sys=0.00s Real=0.04s
[2025-01-08T22:46:36.856+0000][181267.222s][info][gc,start    ] GC(5733) Pause Young (Normal) (G1 Evacuation Pause)
[2025-01-08T22:46:36.856+0000][181267.222s][info][gc,task     ] GC(5733) Using 6 workers of 6 for evacuation
[2025-01-08T22:46:36.881+0000][181267.247s][info][gc,phases   ] GC(5733)   Pre Evacuate Collection Set: 0.2ms
[2025-01-08T22:46:36.881+0000][181267.247s][info][gc,phases   ] GC(5733)   Merge Heap Roots: 0.4ms
[2025-01-08T22:46:36.881+0000][181267.247s][info][gc,phases   ] GC(5733)   Evacuate Collection Set: 21.2ms
[2025-01-08T22:46:36.881+0000][181267.247s][info][gc,phases   ] GC(5733)   Post Evacuate Collection Set: 2.6ms
[2025-01-08T22:46:36.881+0000][181267.247s][info][gc,phases   ] GC(5733)   Other: 0.2ms
[2025-01-08T22:46:36.881+0000][181267.247s][info][gc,heap     ] GC(5733) Eden regions: 916->0(915)
[2025-01-08T22:46:36.881+0000][181267.247s][info][gc,heap     ] GC(5733) Survivor regions: 5->6(116)
[2025-01-08T22:46:36.881+0000][181267.247s][info][gc,heap     ] GC(5733) Old regions: 233->233
[2025-01-08T22:46:36.881+0000][181267.247s][info][gc,heap     ] GC(5733) Archive regions: 2->2
[2025-01-08T22:46:36.881+0000][181267.247s][info][gc,heap     ] GC(5733) Humongous regions: 49->49
[2025-01-08T22:46:36.881+0000][181267.247s][info][gc,metaspace] GC(5733) Metaspace: 524001K(533824K)->524001K(533824K) NonClass: 460153K(465088K)->460153K(465088K) Class: 63848K(68736K)->63848K(68736K)
[2025-01-08T22:46:36.881+0000][181267.247s][info][gc          ] GC(5733) Pause Young (Normal) (G1 Evacuation Pause) 9619M->2301M(12288M) 24.707ms
[2025-01-08T22:46:36.881+0000][181267.247s][info][gc,cpu      ] GC(5733) User=0.15s Sys=0.00s Real=0.02s
[2025-01-08T22:46:44.550+0000][181274.916s][info][gc,start    ] GC(5734) Pause Young (Normal) (G1 Evacuation Pause)
[2025-01-08T22:46:44.550+0000][181274.916s][info][gc,task     ] GC(5734) Using 6 workers of 6 for evacuation
[2025-01-08T22:46:44.576+0000][181274.942s][info][gc,phases   ] GC(5734)   Pre Evacuate Collection Set: 0.2ms
[2025-01-08T22:46:44.576+0000][181274.942s][info][gc,phases   ] GC(5734)   Merge Heap Roots: 0.4ms
[2025-01-08T22:46:44.576+0000][181274.942s][info][gc,phases   ] GC(5734)   Evacuate Collection Set: 20.8ms
[2025-01-08T22:46:44.576+0000][181274.942s][info][gc,phases   ] GC(5734)   Post Evacuate Collection Set: 3.9ms
[2025-01-08T22:46:44.576+0000][181274.942s][info][gc,phases   ] GC(5734)   Other: 0.2ms
[2025-01-08T22:46:44.576+0000][181274.942s][info][gc,heap     ] GC(5734) Eden regions: 915->0(914)
[2025-01-08T22:46:44.576+0000][181274.942s][info][gc,heap     ] GC(5734) Survivor regions: 6->7(116)
[2025-01-08T22:46:44.576+0000][181274.942s][info][gc,heap     ] GC(5734) Old regions: 233->233
[2025-01-08T22:46:44.576+0000][181274.942s][info][gc,heap     ] GC(5734) Archive regions: 2->2
[2025-01-08T22:46:44.576+0000][181274.942s][info][gc,heap     ] GC(5734) Humongous regions: 49->49
[2025-01-08T22:46:44.576+0000][181274.942s][info][gc,metaspace] GC(5734) Metaspace: 524001K(533824K)->524001K(533824K) NonClass: 460153K(465088K)->460153K(465088K) Class: 63848K(68736K)->63848K(68736K)
[2025-01-08T22:46:44.576+0000][181274.942s][info][gc          ] GC(5734) Pause Young (Normal) (G1 Evacuation Pause) 9621M->2307M(12288M) 25.615ms
[2025-01-08T22:46:44.576+0000][181274.942s][info][gc,cpu      ] GC(5734) User=0.15s Sys=0.00s Real=0.02s
[2025-01-08T22:46:53.666+0000][181284.032s][info][gc,start    ] GC(5735) Pause Young (Concurrent Start) (G1 Evacuation Pause)
[2025-01-08T22:46:53.666+0000][181284.032s][info][gc,task     ] GC(5735) Using 6 workers of 6 for evacuation
[2025-01-08T22:46:53.695+0000][181284.061s][info][gc,phases   ] GC(5735)   Pre Evacuate Collection Set: 1.1ms
[2025-01-08T22:46:53.695+0000][181284.061s][info][gc,phases   ] GC(5735)   Merge Heap Roots: 0.4ms
[2025-01-08T22:46:53.695+0000][181284.061s][info][gc,phases   ] GC(5735)   Evacuate Collection Set: 25.0ms
[2025-01-08T22:46:53.695+0000][181284.061s][info][gc,phases   ] GC(5735)   Post Evacuate Collection Set: 2.6ms
[2025-01-08T22:46:53.695+0000][181284.061s][info][gc,phases   ] GC(5735)   Other: 0.3ms
[2025-01-08T22:46:53.695+0000][181284.061s][info][gc,heap     ] GC(5735) Eden regions: 914->0(913)
[2025-01-08T22:46:53.695+0000][181284.061s][info][gc,heap     ] GC(5735) Survivor regions: 7->8(116)
[2025-01-08T22:46:53.695+0000][181284.061s][info][gc,heap     ] GC(5735) Old regions: 233->233
[2025-01-08T22:46:53.695+0000][181284.061s][info][gc,heap     ] GC(5735) Archive regions: 2->2
[2025-01-08T22:46:53.695+0000][181284.061s][info][gc,heap     ] GC(5735) Humongous regions: 49->49
[2025-01-08T22:46:53.695+0000][181284.061s][info][gc,metaspace] GC(5735) Metaspace: 524001K(533824K)->524001K(533824K) NonClass: 460153K(465088K)->460153K(465088K) Class: 63848K(68736K)->63848K(68736K)
[2025-01-08T22:46:53.695+0000][181284.061s][info][gc          ] GC(5735) Pause Young (Concurrent Start) (G1 Evacuation Pause) 9619M->2315M(12288M) 29.482ms
[2025-01-08T22:46:53.695+0000][181284.061s][info][gc,cpu      ] GC(5735) User=0.17s Sys=0.00s Real=0.03s
[2025-01-08T22:46:53.695+0000][181284.061s][info][gc          ] GC(5736) Concurrent Mark Cycle
[2025-01-08T22:46:53.695+0000][181284.061s][info][gc,marking  ] GC(5736) Concurrent Clear Claimed Marks
[2025-01-08T22:46:53.696+0000][181284.062s][info][gc,marking  ] GC(5736) Concurrent Clear Claimed Marks 0.946ms
[2025-01-08T22:46:53.696+0000][181284.062s][info][gc,marking  ] GC(5736) Concurrent Scan Root Regions
[2025-01-08T22:46:53.721+0000][181284.087s][info][gc,marking  ] GC(5736) Concurrent Scan Root Regions 24.994ms
[2025-01-08T22:46:53.721+0000][181284.087s][info][gc,marking  ] GC(5736) Concurrent Mark
[2025-01-08T22:46:53.721+0000][181284.087s][info][gc,marking  ] GC(5736) Concurrent Mark From Roots
[2025-01-08T22:46:53.721+0000][181284.087s][info][gc,task     ] GC(5736) Using 2 workers of 2 for marking
[2025-01-08T22:46:54.567+0000][181284.933s][info][gc,marking  ] GC(5736) Concurrent Mark From Roots 846.104ms
[2025-01-08T22:46:54.567+0000][181284.933s][info][gc,marking  ] GC(5736) Concurrent Preclean
[2025-01-08T22:46:54.570+0000][181284.936s][info][gc,marking  ] GC(5736) Concurrent Preclean 2.853ms
[2025-01-08T22:46:54.570+0000][181284.936s][info][gc,start    ] GC(5736) Pause Remark
[2025-01-08T22:46:54.596+0000][181284.962s][info][gc          ] GC(5736) Pause Remark 3139M->3139M(12288M) 25.620ms
[2025-01-08T22:46:54.596+0000][181284.962s][info][gc,cpu      ] GC(5736) User=0.15s Sys=0.00s Real=0.02s
[2025-01-08T22:46:54.596+0000][181284.962s][info][gc,marking  ] GC(5736) Concurrent Mark 874.967ms
[2025-01-08T22:46:54.596+0000][181284.962s][info][gc,marking  ] GC(5736) Concurrent Rebuild Remembered Sets
[2025-01-08T22:46:55.192+0000][181285.558s][info][gc,marking  ] GC(5736) Concurrent Rebuild Remembered Sets 596.111ms
[2025-01-08T22:46:55.192+0000][181285.559s][info][gc,start    ] GC(5736) Pause Cleanup
[2025-01-08T22:46:55.193+0000][181285.559s][info][gc          ] GC(5736) Pause Cleanup 3535M->3535M(12288M) 0.456ms
[2025-01-08T22:46:55.193+0000][181285.559s][info][gc,cpu      ] GC(5736) User=0.00s Sys=0.00s Real=0.00s
[2025-01-08T22:46:55.193+0000][181285.559s][info][gc,marking  ] GC(5736) Concurrent Cleanup for Next Mark
[2025-01-08T22:46:55.209+0000][181285.575s][info][gc,marking  ] GC(5736) Concurrent Cleanup for Next Mark 16.188ms
[2025-01-08T22:46:55.209+0000][181285.575s][info][gc          ] GC(5736) Concurrent Mark Cycle 1514.068ms
[2025-01-08T22:47:02.632+0000][181292.998s][info][gc,start    ] GC(5737) Pause Young (Prepare Mixed) (G1 Evacuation Pause)
[2025-01-08T22:47:02.632+0000][181292.998s][info][gc,task     ] GC(5737) Using 6 workers of 6 for evacuation
[2025-01-08T22:47:02.670+0000][181293.036s][info][gc,phases   ] GC(5737)   Pre Evacuate Collection Set: 0.2ms
[2025-01-08T22:47:02.670+0000][181293.036s][info][gc,phases   ] GC(5737)   Merge Heap Roots: 0.7ms
[2025-01-08T22:47:02.670+0000][181293.036s][info][gc,phases   ] GC(5737)   Evacuate Collection Set: 33.3ms
[2025-01-08T22:47:02.670+0000][181293.036s][info][gc,phases   ] GC(5737)   Post Evacuate Collection Set: 3.2ms
[2025-01-08T22:47:02.670+0000][181293.036s][info][gc,phases   ] GC(5737)   Other: 0.2ms
[2025-01-08T22:47:02.670+0000][181293.036s][info][gc,heap     ] GC(5737) Eden regions: 913->0(66)
[2025-01-08T22:47:02.670+0000][181293.036s][info][gc,heap     ] GC(5737) Survivor regions: 8->10(116)
[2025-01-08T22:47:02.670+0000][181293.036s][info][gc,heap     ] GC(5737) Old regions: 233->233
[2025-01-08T22:47:02.670+0000][181293.036s][info][gc,heap     ] GC(5737) Archive regions: 2->2
[2025-01-08T22:47:02.670+0000][181293.036s][info][gc,heap     ] GC(5737) Humongous regions: 49->49
[2025-01-08T22:47:02.670+0000][181293.036s][info][gc,metaspace] GC(5737) Metaspace: 524001K(533824K)->524001K(533824K) NonClass: 460153K(465088K)->460153K(465088K) Class: 63848K(68736K)->63848K(68736K)
[2025-01-08T22:47:02.670+0000][181293.036s][info][gc          ] GC(5737) Pause Young (Prepare Mixed) (G1 Evacuation Pause) 9619M->2330M(12288M) 37.645ms
[2025-01-08T22:47:02.670+0000][181293.036s][info][gc,cpu      ] GC(5737) User=0.22s Sys=0.00s Real=0.04s
[2025-01-08T22:47:03.767+0000][181294.134s][info][gc,start    ] GC(5738) Pause Young (Mixed) (G1 Evacuation Pause)
[2025-01-08T22:47:03.768+0000][181294.134s][info][gc,task     ] GC(5738) Using 6 workers of 6 for evacuation
[2025-01-08T22:47:03.830+0000][181294.196s][info][gc,phases   ] GC(5738)   Pre Evacuate Collection Set: 0.2ms
[2025-01-08T22:47:03.830+0000][181294.196s][info][gc,phases   ] GC(5738)   Merge Heap Roots: 0.6ms
[2025-01-08T22:47:03.830+0000][181294.196s][info][gc,phases   ] GC(5738)   Evacuate Collection Set: 59.7ms
[2025-01-08T22:47:03.830+0000][181294.196s][info][gc,phases   ] GC(5738)   Post Evacuate Collection Set: 2.0ms
[2025-01-08T22:47:03.830+0000][181294.196s][info][gc,phases   ] GC(5738)   Other: 0.2ms
[2025-01-08T22:47:03.830+0000][181294.196s][info][gc,heap     ] GC(5738) Eden regions: 66->0(916)
[2025-01-08T22:47:03.830+0000][181294.196s][info][gc,heap     ] GC(5738) Survivor regions: 10->5(10)
[2025-01-08T22:47:03.830+0000][181294.196s][info][gc,heap     ] GC(5738) Old regions: 233->232
[2025-01-08T22:47:03.830+0000][181294.196s][info][gc,heap     ] GC(5738) Archive regions: 2->2
[2025-01-08T22:47:03.830+0000][181294.196s][info][gc,heap     ] GC(5738) Humongous regions: 49->49
[2025-01-08T22:47:03.830+0000][181294.196s][info][gc,metaspace] GC(5738) Metaspace: 524001K(533824K)->524001K(533824K) NonClass: 460153K(465088K)->460153K(465088K) Class: 63848K(68736K)->63848K(68736K)
[2025-01-08T22:47:03.830+0000][181294.196s][info][gc          ] GC(5738) Pause Young (Mixed) (G1 Evacuation Pause) 2858M->2287M(12288M) 62.734ms
[2025-01-08T22:47:03.830+0000][181294.196s][info][gc,cpu      ] GC(5738) User=0.37s Sys=0.00s Real=0.07s
[2025-01-08T22:47:11.041+0000][181301.407s][info][gc,start    ] GC(5739) Pause Young (Normal) (G1 Evacuation Pause)
[2025-01-08T22:47:11.041+0000][181301.407s][info][gc,task     ] GC(5739) Using 6 workers of 6 for evacuation
[2025-01-08T22:47:11.065+0000][181301.431s][info][gc,phases   ] GC(5739)   Pre Evacuate Collection Set: 0.2ms
[2025-01-08T22:47:11.065+0000][181301.431s][info][gc,phases   ] GC(5739)   Merge Heap Roots: 0.4ms
[2025-01-08T22:47:11.065+0000][181301.431s][info][gc,phases   ] GC(5739)   Evacuate Collection Set: 20.8ms
[2025-01-08T22:47:11.065+0000][181301.431s][info][gc,phases   ] GC(5739)   Post Evacuate Collection Set: 2.5ms
[2025-01-08T22:47:11.065+0000][181301.431s][info][gc,phases   ] GC(5739)   Other: 0.2ms
[2025-01-08T22:47:11.065+0000][181301.431s][info][gc,heap     ] GC(5739) Eden regions: 916->0(915)
[2025-01-08T22:47:11.065+0000][181301.431s][info][gc,heap     ] GC(5739) Survivor regions: 5->6(116)
[2025-01-08T22:47:11.065+0000][181301.431s][info][gc,heap     ] GC(5739) Old regions: 232->232
[2025-01-08T22:47:11.065+0000][181301.431s][info][gc,heap     ] GC(5739) Archive regions: 2->2
[2025-01-08T22:47:11.065+0000][181301.431s][info][gc,heap     ] GC(5739) Humongous regions: 49->49
[2025-01-08T22:47:11.065+0000][181301.431s][info][gc,metaspace] GC(5739) Metaspace: 524001K(533824K)->524001K(533824K) NonClass: 460153K(465088K)->460153K(465088K) Class: 63848K(68736K)->63848K(68736K)
[2025-01-08T22:47:11.065+0000][181301.431s][info][gc          ] GC(5739) Pause Young (Normal) (G1 Evacuation Pause) 9615M->2294M(12288M) 24.199ms
[2025-01-08T22:47:11.065+0000][181301.431s][info][gc,cpu      ] GC(5739) User=0.14s Sys=0.00s Real=0.03s
[2025-01-08T22:47:18.251+0000][181308.617s][info][gc,start    ] GC(5740) Pause Young (Normal) (G1 Evacuation Pause)
[2025-01-08T22:47:18.251+0000][181308.617s][info][gc,task     ] GC(5740) Using 6 workers of 6 for evacuation
[2025-01-08T22:47:18.278+0000][181308.644s][info][gc,phases   ] GC(5740)   Pre Evacuate Collection Set: 0.2ms
[2025-01-08T22:47:18.278+0000][181308.644s][info][gc,phases   ] GC(5740)   Merge Heap Roots: 0.4ms
[2025-01-08T22:47:18.278+0000][181308.644s][info][gc,phases   ] GC(5740)   Evacuate Collection Set: 23.8ms
[2025-01-08T22:47:18.278+0000][181308.644s][info][gc,phases   ] GC(5740)   Post Evacuate Collection Set: 2.6ms
[2025-01-08T22:47:18.278+0000][181308.644s][info][gc,phases   ] GC(5740)   Other: 0.2ms
[2025-01-08T22:47:18.278+0000][181308.644s][info][gc,heap     ] GC(5740) Eden regions: 915->0(913)
[2025-01-08T22:47:18.278+0000][181308.644s][info][gc,heap     ] GC(5740) Survivor regions: 6->8(116)
[2025-01-08T22:47:18.278+0000][181308.644s][info][gc,heap     ] GC(5740) Old regions: 232->232
[2025-01-08T22:47:18.278+0000][181308.644s][info][gc,heap     ] GC(5740) Archive regions: 2->2
[2025-01-08T22:47:18.278+0000][181308.645s][info][gc,heap     ] GC(5740) Humongous regions: 49->49
[2025-01-08T22:47:18.278+0000][181308.645s][info][gc,metaspace] GC(5740) Metaspace: 524001K(533824K)->524001K(533824K) NonClass: 460153K(465088K)->460153K(465088K) Class: 63848K(68736K)->63848K(68736K)
[2025-01-08T22:47:18.278+0000][181308.645s][info][gc          ] GC(5740) Pause Young (Normal) (G1 Evacuation Pause) 9614M->2306M(12288M) 27.265ms
[2025-01-08T22:47:18.278+0000][181308.645s][info][gc,cpu      ] GC(5740) User=0.16s Sys=0.00s Real=0.02s
[2025-01-08T22:47:22.892+0000][181313.258s][info][gc,start    ] GC(5741) Pause Young (Concurrent Start) (G1 Evacuation Pause)
[2025-01-08T22:47:22.892+0000][181313.258s][info][gc,task     ] GC(5741) Using 6 workers of 6 for evacuation
[2025-01-08T22:47:22.923+0000][181313.289s][info][gc,phases   ] GC(5741)   Pre Evacuate Collection Set: 1.1ms
[2025-01-08T22:47:22.923+0000][181313.289s][info][gc,phases   ] GC(5741)   Merge Heap Roots: 0.5ms
[2025-01-08T22:47:22.923+0000][181313.289s][info][gc,phases   ] GC(5741)   Evacuate Collection Set: 24.6ms
[2025-01-08T22:47:22.923+0000][181313.289s][info][gc,phases   ] GC(5741)   Post Evacuate Collection Set: 5.1ms
[2025-01-08T22:47:22.923+0000][181313.289s][info][gc,phases   ] GC(5741)   Other: 0.3ms
[2025-01-08T22:47:22.923+0000][181313.289s][info][gc,heap     ] GC(5741) Eden regions: 913->0(911)
[2025-01-08T22:47:22.923+0000][181313.289s][info][gc,heap     ] GC(5741) Survivor regions: 8->10(116)
[2025-01-08T22:47:22.923+0000][181313.290s][info][gc,heap     ] GC(5741) Old regions: 232->232
[2025-01-08T22:47:22.923+0000][181313.290s][info][gc,heap     ] GC(5741) Archive regions: 2->2
[2025-01-08T22:47:22.923+0000][181313.290s][info][gc,heap     ] GC(5741) Humongous regions: 49->49
[2025-01-08T22:47:22.923+0000][181313.290s][info][gc,metaspace] GC(5741) Metaspace: 524001K(533824K)->524001K(533824K) NonClass: 460153K(465088K)->460153K(465088K) Class: 63848K(68736K)->63848K(68736K)
[2025-01-08T22:47:22.923+0000][181313.290s][info][gc          ] GC(5741) Pause Young (Concurrent Start) (G1 Evacuation Pause) 9610M->2323M(12288M) 31.592ms
[2025-01-08T22:47:22.923+0000][181313.290s][info][gc,cpu      ] GC(5741) User=0.18s Sys=0.00s Real=0.03s
[2025-01-08T22:47:22.924+0000][181313.290s][info][gc          ] GC(5742) Concurrent Mark Cycle
[2025-01-08T22:47:22.924+0000][181313.290s][info][gc,marking  ] GC(5742) Concurrent Clear Claimed Marks
[2025-01-08T22:47:22.924+0000][181313.291s][info][gc,marking  ] GC(5742) Concurrent Clear Claimed Marks 0.892ms
[2025-01-08T22:47:22.924+0000][181313.291s][info][gc,marking  ] GC(5742) Concurrent Scan Root Regions
[2025-01-08T22:47:22.948+0000][181313.315s][info][gc,marking  ] GC(5742) Concurrent Scan Root Regions 23.986ms
[2025-01-08T22:47:22.948+0000][181313.315s][info][gc,marking  ] GC(5742) Concurrent Mark
[2025-01-08T22:47:22.948+0000][181313.315s][info][gc,marking  ] GC(5742) Concurrent Mark From Roots
[2025-01-08T22:47:22.948+0000][181313.315s][info][gc,task     ] GC(5742) Using 2 workers of 2 for marking
[2025-01-08T22:47:23.849+0000][181314.215s][info][gc,marking  ] GC(5742) Concurrent Mark From Roots 900.716ms
[2025-01-08T22:47:23.849+0000][181314.215s][info][gc,marking  ] GC(5742) Concurrent Preclean
[2025-01-08T22:47:23.853+0000][181314.219s][info][gc,marking  ] GC(5742) Concurrent Preclean 3.550ms
[2025-01-08T22:47:23.853+0000][181314.219s][info][gc,start    ] GC(5742) Pause Remark
[2025-01-08T22:47:23.878+0000][181314.244s][info][gc          ] GC(5742) Pause Remark 3723M->3723M(12288M) 25.385ms
[2025-01-08T22:47:23.878+0000][181314.244s][info][gc,cpu      ] GC(5742) User=0.13s Sys=0.01s Real=0.02s
[2025-01-08T22:47:23.879+0000][181314.245s][info][gc,marking  ] GC(5742) Concurrent Mark 930.091ms
[2025-01-08T22:47:23.879+0000][181314.245s][info][gc,marking  ] GC(5742) Concurrent Rebuild Remembered Sets
[2025-01-08T22:47:24.402+0000][181314.768s][info][gc,marking  ] GC(5742) Concurrent Rebuild Remembered Sets 523.693ms
[2025-01-08T22:47:24.402+0000][181314.769s][info][gc,start    ] GC(5742) Pause Cleanup
[2025-01-08T22:47:24.403+0000][181314.769s][info][gc          ] GC(5742) Pause Cleanup 4311M->4311M(12288M) 0.446ms
[2025-01-08T22:47:24.403+0000][181314.769s][info][gc,cpu      ] GC(5742) User=0.00s Sys=0.00s Real=0.00s
[2025-01-08T22:47:24.403+0000][181314.769s][info][gc,marking  ] GC(5742) Concurrent Cleanup for Next Mark
[2025-01-08T22:47:24.419+0000][181314.785s][info][gc,marking  ] GC(5742) Concurrent Cleanup for Next Mark 16.232ms
[2025-01-08T22:47:24.419+0000][181314.785s][info][gc          ] GC(5742) Concurrent Mark Cycle 1495.762ms
[2025-01-08T22:47:30.829+0000][181321.195s][info][gc,start    ] GC(5743) Pause Young (Prepare Mixed) (G1 Evacuation Pause)
[2025-01-08T22:47:30.829+0000][181321.196s][info][gc,task     ] GC(5743) Using 6 workers of 6 for evacuation
[2025-01-08T22:47:30.863+0000][181321.229s][info][gc,phases   ] GC(5743)   Pre Evacuate Collection Set: 0.2ms
[2025-01-08T22:47:30.863+0000][181321.229s][info][gc,phases   ] GC(5743)   Merge Heap Roots: 0.7ms
[2025-01-08T22:47:30.863+0000][181321.229s][info][gc,phases   ] GC(5743)   Evacuate Collection Set: 30.1ms
[2025-01-08T22:47:30.863+0000][181321.229s][info][gc,phases   ] GC(5743)   Post Evacuate Collection Set: 2.7ms
[2025-01-08T22:47:30.863+0000][181321.229s][info][gc,phases   ] GC(5743)   Other: 0.2ms
[2025-01-08T22:47:30.863+0000][181321.229s][info][gc,heap     ] GC(5743) Eden regions: 911->0(66)
[2025-01-08T22:47:30.863+0000][181321.229s][info][gc,heap     ] GC(5743) Survivor regions: 10->10(116)
[2025-01-08T22:47:30.863+0000][181321.229s][info][gc,heap     ] GC(5743) Old regions: 232->232
[2025-01-08T22:47:30.863+0000][181321.229s][info][gc,heap     ] GC(5743) Archive regions: 2->2
[2025-01-08T22:47:30.863+0000][181321.229s][info][gc,heap     ] GC(5743) Humongous regions: 49->49
[2025-01-08T22:47:30.863+0000][181321.229s][info][gc,metaspace] GC(5743) Metaspace: 524001K(533824K)->524001K(533824K) NonClass: 460153K(465088K)->460153K(465088K) Class: 63848K(68736K)->63848K(68736K)
[2025-01-08T22:47:30.863+0000][181321.229s][info][gc          ] GC(5743) Pause Young (Prepare Mixed) (G1 Evacuation Pause) 9611M->2324M(12288M) 34.004ms
[2025-01-08T22:47:30.863+0000][181321.230s][info][gc,cpu      ] GC(5743) User=0.19s Sys=0.00s Real=0.04s
[2025-01-08T22:47:31.522+0000][181321.888s][info][gc,start    ] GC(5744) Pause Young (Mixed) (G1 Evacuation Pause)
[2025-01-08T22:47:31.522+0000][181321.888s][info][gc,task     ] GC(5744) Using 6 workers of 6 for evacuation
[2025-01-08T22:47:31.586+0000][181321.952s][info][gc,phases   ] GC(5744)   Pre Evacuate Collection Set: 0.2ms
[2025-01-08T22:47:31.586+0000][181321.952s][info][gc,phases   ] GC(5744)   Merge Heap Roots: 0.7ms
[2025-01-08T22:47:31.586+0000][181321.952s][info][gc,phases   ] GC(5744)   Evacuate Collection Set: 60.6ms
[2025-01-08T22:47:31.586+0000][181321.952s][info][gc,phases   ] GC(5744)   Post Evacuate Collection Set: 1.8ms
[2025-01-08T22:47:31.586+0000][181321.952s][info][gc,phases   ] GC(5744)   Other: 0.2ms
[2025-01-08T22:47:31.586+0000][181321.952s][info][gc,heap     ] GC(5744) Eden regions: 66->0(916)
[2025-01-08T22:47:31.586+0000][181321.952s][info][gc,heap     ] GC(5744) Survivor regions: 10->5(10)
[2025-01-08T22:47:31.586+0000][181321.952s][info][gc,heap     ] GC(5744) Old regions: 232->232
[2025-01-08T22:47:31.586+0000][181321.952s][info][gc,heap     ] GC(5744) Archive regions: 2->2
[2025-01-08T22:47:31.586+0000][181321.952s][info][gc,heap     ] GC(5744) Humongous regions: 49->49
[2025-01-08T22:47:31.586+0000][181321.952s][info][gc,metaspace] GC(5744) Metaspace: 524001K(533824K)->524001K(533824K) NonClass: 460153K(465088K)->460153K(465088K) Class: 63848K(68736K)->63848K(68736K)
[2025-01-08T22:47:31.586+0000][181321.952s][info][gc          ] GC(5744) Pause Young (Mixed) (G1 Evacuation Pause) 2852M->2285M(12288M) 63.521ms
[2025-01-08T22:47:31.586+0000][181321.952s][info][gc,cpu      ] GC(5744) User=0.37s Sys=0.00s Real=0.06s
[2025-01-08T22:47:39.251+0000][181329.617s][info][gc,start    ] GC(5745) Pause Young (Normal) (G1 Evacuation Pause)
[2025-01-08T22:47:39.251+0000][181329.617s][info][gc,task     ] GC(5745) Using 6 workers of 6 for evacuation
[2025-01-08T22:47:39.275+0000][181329.641s][info][gc,phases   ] GC(5745)   Pre Evacuate Collection Set: 0.2ms
[2025-01-08T22:47:39.275+0000][181329.641s][info][gc,phases   ] GC(5745)   Merge Heap Roots: 0.4ms
[2025-01-08T22:47:39.275+0000][181329.641s][info][gc,phases   ] GC(5745)   Evacuate Collection Set: 19.7ms
[2025-01-08T22:47:39.275+0000][181329.641s][info][gc,phases   ] GC(5745)   Post Evacuate Collection Set: 3.8ms
[2025-01-08T22:47:39.275+0000][181329.641s][info][gc,phases   ] GC(5745)   Other: 0.2ms
[2025-01-08T22:47:39.275+0000][181329.641s][info][gc,heap     ] GC(5745) Eden regions: 916->0(915)
[2025-01-08T22:47:39.275+0000][181329.641s][info][gc,heap     ] GC(5745) Survivor regions: 5->6(116)
[2025-01-08T22:47:39.275+0000][181329.641s][info][gc,heap     ] GC(5745) Old regions: 232->232
[2025-01-08T22:47:39.275+0000][181329.641s][info][gc,heap     ] GC(5745) Archive regions: 2->2
[2025-01-08T22:47:39.275+0000][181329.641s][info][gc,heap     ] GC(5745) Humongous regions: 49->49
[2025-01-08T22:47:39.275+0000][181329.641s][info][gc,metaspace] GC(5745) Metaspace: 524001K(533824K)->524001K(533824K) NonClass: 460153K(465088K)->460153K(465088K) Class: 63848K(68736K)->63848K(68736K)
[2025-01-08T22:47:39.275+0000][181329.641s][info][gc          ] GC(5745) Pause Young (Normal) (G1 Evacuation Pause) 9613M->2299M(12288M) 24.487ms
[2025-01-08T22:47:39.275+0000][181329.641s][info][gc,cpu      ] GC(5745) User=0.14s Sys=0.00s Real=0.02s
[2025-01-08T22:47:50.599+0000][181340.965s][info][gc,start    ] GC(5746) Pause Young (Normal) (G1 Evacuation Pause)
[2025-01-08T22:47:50.599+0000][181340.965s][info][gc,task     ] GC(5746) Using 6 workers of 6 for evacuation
[2025-01-08T22:47:50.627+0000][181340.993s][info][gc,phases   ] GC(5746)   Pre Evacuate Collection Set: 0.2ms
[2025-01-08T22:47:50.627+0000][181340.993s][info][gc,phases   ] GC(5746)   Merge Heap Roots: 0.4ms
[2025-01-08T22:47:50.627+0000][181340.993s][info][gc,phases   ] GC(5746)   Evacuate Collection Set: 24.9ms
[2025-01-08T22:47:50.627+0000][181340.993s][info][gc,phases   ] GC(5746)   Post Evacuate Collection Set: 2.8ms
[2025-01-08T22:47:50.627+0000][181340.993s][info][gc,phases   ] GC(5746)   Other: 0.2ms
[2025-01-08T22:47:50.627+0000][181340.993s][info][gc,heap     ] GC(5746) Eden regions: 915->0(913)
[2025-01-08T22:47:50.627+0000][181340.993s][info][gc,heap     ] GC(5746) Survivor regions: 6->8(116)
[2025-01-08T22:47:50.627+0000][181340.993s][info][gc,heap     ] GC(5746) Old regions: 232->232
[2025-01-08T22:47:50.627+0000][181340.993s][info][gc,heap     ] GC(5746) Archive regions: 2->2
[2025-01-08T22:47:50.627+0000][181340.993s][info][gc,heap     ] GC(5746) Humongous regions: 49->49
[2025-01-08T22:47:50.627+0000][181340.993s][info][gc,metaspace] GC(5746) Metaspace: 524001K(533824K)->524001K(533824K) NonClass: 460153K(465088K)->460153K(465088K) Class: 63848K(68736K)->63848K(68736K)
[2025-01-08T22:47:50.627+0000][181340.993s][info][gc          ] GC(5746) Pause Young (Normal) (G1 Evacuation Pause) 9619M->2310M(12288M) 28.569ms
[2025-01-08T22:47:50.627+0000][181340.994s][info][gc,cpu      ] GC(5746) User=0.17s Sys=0.00s Real=0.03s
[2025-01-08T22:47:57.264+0000][181347.630s][info][gc,start    ] GC(5747) Pause Young (Concurrent Start) (G1 Evacuation Pause)
[2025-01-08T22:47:57.264+0000][181347.630s][info][gc,task     ] GC(5747) Using 6 workers of 6 for evacuation
[2025-01-08T22:47:57.294+0000][181347.660s][info][gc,phases   ] GC(5747)   Pre Evacuate Collection Set: 1.2ms
[2025-01-08T22:47:57.294+0000][181347.660s][info][gc,phases   ] GC(5747)   Merge Heap Roots: 0.4ms
[2025-01-08T22:47:57.294+0000][181347.660s][info][gc,phases   ] GC(5747)   Evacuate Collection Set: 25.5ms
[2025-01-08T22:47:57.294+0000][181347.660s][info][gc,phases   ] GC(5747)   Post Evacuate Collection Set: 2.6ms
[2025-01-08T22:47:57.294+0000][181347.660s][info][gc,phases   ] GC(5747)   Other: 0.3ms
[2025-01-08T22:47:57.294+0000][181347.660s][info][gc,heap     ] GC(5747) Eden regions: 913->0(912)
[2025-01-08T22:47:57.294+0000][181347.661s][info][gc,heap     ] GC(5747) Survivor regions: 8->9(116)
[2025-01-08T22:47:57.294+0000][181347.661s][info][gc,heap     ] GC(5747) Old regions: 232->232
[2025-01-08T22:47:57.294+0000][181347.661s][info][gc,heap     ] GC(5747) Archive regions: 2->2
[2025-01-08T22:47:57.294+0000][181347.661s][info][gc,heap     ] GC(5747) Humongous regions: 49->49
[2025-01-08T22:47:57.294+0000][181347.661s][info][gc,metaspace] GC(5747) Metaspace: 524001K(533824K)->524001K(533824K) NonClass: 460153K(465088K)->460153K(465088K) Class: 63848K(68736K)->63848K(68736K)
[2025-01-08T22:47:57.294+0000][181347.661s][info][gc          ] GC(5747) Pause Young (Concurrent Start) (G1 Evacuation Pause) 9614M->2318M(12288M) 30.109ms
[2025-01-08T22:47:57.295+0000][181347.661s][info][gc,cpu      ] GC(5747) User=0.17s Sys=0.00s Real=0.03s
[2025-01-08T22:47:57.295+0000][181347.661s][info][gc          ] GC(5748) Concurrent Mark Cycle
[2025-01-08T22:47:57.295+0000][181347.661s][info][gc,marking  ] GC(5748) Concurrent Clear Claimed Marks
[2025-01-08T22:47:57.295+0000][181347.662s][info][gc,marking  ] GC(5748) Concurrent Clear Claimed Marks 0.864ms
[2025-01-08T22:47:57.295+0000][181347.662s][info][gc,marking  ] GC(5748) Concurrent Scan Root Regions
[2025-01-08T22:47:57.313+0000][181347.679s][info][gc,marking  ] GC(5748) Concurrent Scan Root Regions 17.482ms
[2025-01-08T22:47:57.313+0000][181347.679s][info][gc,marking  ] GC(5748) Concurrent Mark
[2025-01-08T22:47:57.313+0000][181347.679s][info][gc,marking  ] GC(5748) Concurrent Mark From Roots
[2025-01-08T22:47:57.313+0000][181347.679s][info][gc,task     ] GC(5748) Using 2 workers of 2 for marking
[2025-01-08T22:47:58.152+0000][181348.518s][info][gc,marking  ] GC(5748) Concurrent Mark From Roots 838.770ms
[2025-01-08T22:47:58.152+0000][181348.518s][info][gc,marking  ] GC(5748) Concurrent Preclean
[2025-01-08T22:47:58.154+0000][181348.520s][info][gc,marking  ] GC(5748) Concurrent Preclean 2.616ms
[2025-01-08T22:47:58.154+0000][181348.521s][info][gc,start    ] GC(5748) Pause Remark
[2025-01-08T22:47:58.182+0000][181348.548s][info][gc          ] GC(5748) Pause Remark 3054M->3054M(12288M) 27.673ms
[2025-01-08T22:47:58.182+0000][181348.548s][info][gc,cpu      ] GC(5748) User=0.16s Sys=0.00s Real=0.03s
[2025-01-08T22:47:58.182+0000][181348.548s][info][gc,marking  ] GC(5748) Concurrent Mark 869.360ms
[2025-01-08T22:47:58.182+0000][181348.548s][info][gc,marking  ] GC(5748) Concurrent Rebuild Remembered Sets
[2025-01-08T22:47:58.670+0000][181349.036s][info][gc,marking  ] GC(5748) Concurrent Rebuild Remembered Sets 487.352ms
[2025-01-08T22:47:58.670+0000][181349.036s][info][gc,start    ] GC(5748) Pause Cleanup
[2025-01-08T22:47:58.670+0000][181349.036s][info][gc          ] GC(5748) Pause Cleanup 3057M->3057M(12288M) 0.397ms
[2025-01-08T22:47:58.670+0000][181349.036s][info][gc,cpu      ] GC(5748) User=0.00s Sys=0.00s Real=0.00s
[2025-01-08T22:47:58.670+0000][181349.036s][info][gc,marking  ] GC(5748) Concurrent Cleanup for Next Mark
[2025-01-08T22:47:58.686+0000][181349.052s][info][gc,marking  ] GC(5748) Concurrent Cleanup for Next Mark 15.364ms
[2025-01-08T22:47:58.686+0000][181349.052s][info][gc          ] GC(5748) Concurrent Mark Cycle 1391.184ms
[2025-01-08T22:48:10.450+0000][181360.816s][info][gc,start    ] GC(5749) Pause Young (Prepare Mixed) (G1 Evacuation Pause)
[2025-01-08T22:48:10.450+0000][181360.817s][info][gc,task     ] GC(5749) Using 6 workers of 6 for evacuation
[2025-01-08T22:48:10.488+0000][181360.855s][info][gc,phases   ] GC(5749)   Pre Evacuate Collection Set: 0.2ms
[2025-01-08T22:48:10.489+0000][181360.855s][info][gc,phases   ] GC(5749)   Merge Heap Roots: 0.7ms
[2025-01-08T22:48:10.489+0000][181360.855s][info][gc,phases   ] GC(5749)   Evacuate Collection Set: 34.4ms
[2025-01-08T22:48:10.489+0000][181360.855s][info][gc,phases   ] GC(5749)   Post Evacuate Collection Set: 2.6ms
[2025-01-08T22:48:10.489+0000][181360.855s][info][gc,phases   ] GC(5749)   Other: 0.2ms
[2025-01-08T22:48:10.489+0000][181360.855s][info][gc,heap     ] GC(5749) Eden regions: 912->0(66)
[2025-01-08T22:48:10.489+0000][181360.855s][info][gc,heap     ] GC(5749) Survivor regions: 9->10(116)
[2025-01-08T22:48:10.489+0000][181360.855s][info][gc,heap     ] GC(5749) Old regions: 232->232
[2025-01-08T22:48:10.489+0000][181360.855s][info][gc,heap     ] GC(5749) Archive regions: 2->2
[2025-01-08T22:48:10.489+0000][181360.855s][info][gc,heap     ] GC(5749) Humongous regions: 49->49
[2025-01-08T22:48:10.489+0000][181360.855s][info][gc,metaspace] GC(5749) Metaspace: 524001K(533824K)->524001K(533824K) NonClass: 460153K(465088K)->460153K(465088K) Class: 63848K(68736K)->63848K(68736K)
[2025-01-08T22:48:10.489+0000][181360.855s][info][gc          ] GC(5749) Pause Young (Prepare Mixed) (G1 Evacuation Pause) 9614M->2327M(12288M) 38.234ms
[2025-01-08T22:48:10.489+0000][181360.855s][info][gc,cpu      ] GC(5749) User=0.22s Sys=0.00s Real=0.03s
[2025-01-08T22:48:11.099+0000][181361.465s][info][gc,start    ] GC(5750) Pause Young (Mixed) (G1 Evacuation Pause)
[2025-01-08T22:48:11.099+0000][181361.465s][info][gc,task     ] GC(5750) Using 6 workers of 6 for evacuation
[2025-01-08T22:48:11.161+0000][181361.527s][info][gc,phases   ] GC(5750)   Pre Evacuate Collection Set: 0.2ms
[2025-01-08T22:48:11.161+0000][181361.527s][info][gc,phases   ] GC(5750)   Merge Heap Roots: 0.6ms
[2025-01-08T22:48:11.161+0000][181361.527s][info][gc,phases   ] GC(5750)   Evacuate Collection Set: 59.3ms
[2025-01-08T22:48:11.161+0000][181361.527s][info][gc,phases   ] GC(5750)   Post Evacuate Collection Set: 1.8ms
[2025-01-08T22:48:11.161+0000][181361.527s][info][gc,phases   ] GC(5750)   Other: 0.2ms
[2025-01-08T22:48:11.161+0000][181361.527s][info][gc,heap     ] GC(5750) Eden regions: 66->0(915)
[2025-01-08T22:48:11.161+0000][181361.527s][info][gc,heap     ] GC(5750) Survivor regions: 10->6(10)
[2025-01-08T22:48:11.161+0000][181361.527s][info][gc,heap     ] GC(5750) Old regions: 232->233
[2025-01-08T22:48:11.161+0000][181361.527s][info][gc,heap     ] GC(5750) Archive regions: 2->2
[2025-01-08T22:48:11.161+0000][181361.527s][info][gc,heap     ] GC(5750) Humongous regions: 49->49
[2025-01-08T22:48:11.161+0000][181361.527s][info][gc,metaspace] GC(5750) Metaspace: 524001K(533824K)->524001K(533824K) NonClass: 460153K(465088K)->460153K(465088K) Class: 63848K(68736K)->63848K(68736K)
[2025-01-08T22:48:11.161+0000][181361.527s][info][gc          ] GC(5750) Pause Young (Mixed) (G1 Evacuation Pause) 2855M->2301M(12288M) 62.148ms
[2025-01-08T22:48:11.161+0000][181361.527s][info][gc,cpu      ] GC(5750) User=0.36s Sys=0.00s Real=0.06s
[2025-01-08T22:48:22.981+0000][181373.347s][info][gc,start    ] GC(5751) Pause Young (Normal) (G1 Evacuation Pause)
[2025-01-08T22:48:22.981+0000][181373.347s][info][gc,task     ] GC(5751) Using 6 workers of 6 for evacuation
[2025-01-08T22:48:23.017+0000][181373.383s][info][gc,phases   ] GC(5751)   Pre Evacuate Collection Set: 0.2ms
[2025-01-08T22:48:23.017+0000][181373.383s][info][gc,phases   ] GC(5751)   Merge Heap Roots: 0.5ms
[2025-01-08T22:48:23.017+0000][181373.383s][info][gc,phases   ] GC(5751)   Evacuate Collection Set: 30.0ms
[2025-01-08T22:48:23.017+0000][181373.383s][info][gc,phases   ] GC(5751)   Post Evacuate Collection Set: 5.4ms
[2025-01-08T22:48:23.017+0000][181373.383s][info][gc,phases   ] GC(5751)   Other: 0.2ms
[2025-01-08T22:48:23.017+0000][181373.383s][info][gc,heap     ] GC(5751) Eden regions: 915->0(912)
[2025-01-08T22:48:23.017+0000][181373.383s][info][gc,heap     ] GC(5751) Survivor regions: 6->9(116)
[2025-01-08T22:48:23.017+0000][181373.383s][info][gc,heap     ] GC(5751) Old regions: 233->233
[2025-01-08T22:48:23.017+0000][181373.383s][info][gc,heap     ] GC(5751) Archive regions: 2->2
[2025-01-08T22:48:23.017+0000][181373.383s][info][gc,heap     ] GC(5751) Humongous regions: 49->49
[2025-01-08T22:48:23.017+0000][181373.383s][info][gc,metaspace] GC(5751) Metaspace: 524001K(533824K)->524001K(533824K) NonClass: 460153K(465088K)->460153K(465088K) Class: 63848K(68736K)->63848K(68736K)
[2025-01-08T22:48:23.017+0000][181373.383s][info][gc          ] GC(5751) Pause Young (Normal) (G1 Evacuation Pause) 9621M->2328M(12288M) 36.420ms
[2025-01-08T22:48:23.017+0000][181373.383s][info][gc,cpu      ] GC(5751) User=0.22s Sys=0.00s Real=0.04s
[2025-01-08T22:48:31.741+0000][181382.107s][info][gc,start    ] GC(5752) Pause Young (Normal) (G1 Evacuation Pause)
[2025-01-08T22:48:31.741+0000][181382.107s][info][gc,task     ] GC(5752) Using 6 workers of 6 for evacuation
[2025-01-08T22:48:31.776+0000][181382.142s][info][gc,phases   ] GC(5752)   Pre Evacuate Collection Set: 0.2ms
[2025-01-08T22:48:31.776+0000][181382.142s][info][gc,phases   ] GC(5752)   Merge Heap Roots: 0.5ms
[2025-01-08T22:48:31.776+0000][181382.142s][info][gc,phases   ] GC(5752)   Evacuate Collection Set: 30.6ms
[2025-01-08T22:48:31.776+0000][181382.142s][info][gc,phases   ] GC(5752)   Post Evacuate Collection Set: 4.0ms
[2025-01-08T22:48:31.776+0000][181382.142s][info][gc,phases   ] GC(5752)   Other: 0.2ms
[2025-01-08T22:48:31.776+0000][181382.142s][info][gc,heap     ] GC(5752) Eden regions: 912->0(911)
[2025-01-08T22:48:31.776+0000][181382.142s][info][gc,heap     ] GC(5752) Survivor regions: 9->10(116)
[2025-01-08T22:48:31.776+0000][181382.142s][info][gc,heap     ] GC(5752) Old regions: 233->233
[2025-01-08T22:48:31.776+0000][181382.142s][info][gc,heap     ] GC(5752) Archive regions: 2->2
[2025-01-08T22:48:31.776+0000][181382.142s][info][gc,heap     ] GC(5752) Humongous regions: 49->49
[2025-01-08T22:48:31.776+0000][181382.142s][info][gc,metaspace] GC(5752) Metaspace: 524001K(533824K)->524001K(533824K) NonClass: 460153K(465088K)->460153K(465088K) Class: 63848K(68736K)->63848K(68736K)
[2025-01-08T22:48:31.776+0000][181382.142s][info][gc          ] GC(5752) Pause Young (Normal) (G1 Evacuation Pause) 9624M->2335M(12288M) 35.547ms
[2025-01-08T22:48:31.776+0000][181382.142s][info][gc,cpu      ] GC(5752) User=0.21s Sys=0.00s Real=0.04s
[2025-01-08T22:48:37.847+0000][181388.213s][info][gc,start    ] GC(5753) Pause Young (Concurrent Start) (G1 Evacuation Pause)
[2025-01-08T22:48:37.847+0000][181388.213s][info][gc,task     ] GC(5753) Using 6 workers of 6 for evacuation
[2025-01-08T22:48:37.884+0000][181388.250s][info][gc,phases   ] GC(5753)   Pre Evacuate Collection Set: 1.1ms
[2025-01-08T22:48:37.884+0000][181388.250s][info][gc,phases   ] GC(5753)   Merge Heap Roots: 0.5ms
[2025-01-08T22:48:37.884+0000][181388.250s][info][gc,phases   ] GC(5753)   Evacuate Collection Set: 33.3ms
[2025-01-08T22:48:37.884+0000][181388.250s][info][gc,phases   ] GC(5753)   Post Evacuate Collection Set: 2.6ms
[2025-01-08T22:48:37.884+0000][181388.250s][info][gc,phases   ] GC(5753)   Other: 0.3ms
[2025-01-08T22:48:37.884+0000][181388.250s][info][gc,heap     ] GC(5753) Eden regions: 911->0(911)
[2025-01-08T22:48:37.884+0000][181388.250s][info][gc,heap     ] GC(5753) Survivor regions: 10->10(116)
[2025-01-08T22:48:37.884+0000][181388.250s][info][gc,heap     ] GC(5753) Old regions: 233->233
[2025-01-08T22:48:37.884+0000][181388.250s][info][gc,heap     ] GC(5753) Archive regions: 2->2
[2025-01-08T22:48:37.884+0000][181388.250s][info][gc,heap     ] GC(5753) Humongous regions: 49->49
[2025-01-08T22:48:37.884+0000][181388.250s][info][gc,metaspace] GC(5753) Metaspace: 524001K(533824K)->524001K(533824K) NonClass: 460153K(465088K)->460153K(465088K) Class: 63848K(68736K)->63848K(68736K)
[2025-01-08T22:48:37.884+0000][181388.250s][info][gc          ] GC(5753) Pause Young (Concurrent Start) (G1 Evacuation Pause) 9623M->2336M(12288M) 37.826ms
[2025-01-08T22:48:37.884+0000][181388.251s][info][gc,cpu      ] GC(5753) User=0.22s Sys=0.00s Real=0.04s
[2025-01-08T22:48:37.884+0000][181388.251s][info][gc          ] GC(5754) Concurrent Mark Cycle
[2025-01-08T22:48:37.884+0000][181388.251s][info][gc,marking  ] GC(5754) Concurrent Clear Claimed Marks
[2025-01-08T22:48:37.885+0000][181388.252s][info][gc,marking  ] GC(5754) Concurrent Clear Claimed Marks 1.004ms
[2025-01-08T22:48:37.886+0000][181388.252s][info][gc,marking  ] GC(5754) Concurrent Scan Root Regions
[2025-01-08T22:48:37.918+0000][181388.284s][info][gc,marking  ] GC(5754) Concurrent Scan Root Regions 32.861ms
[2025-01-08T22:48:37.918+0000][181388.285s][info][gc,marking  ] GC(5754) Concurrent Mark
[2025-01-08T22:48:37.918+0000][181388.285s][info][gc,marking  ] GC(5754) Concurrent Mark From Roots
[2025-01-08T22:48:37.918+0000][181388.285s][info][gc,task     ] GC(5754) Using 2 workers of 2 for marking
[2025-01-08T22:48:38.759+0000][181389.125s][info][gc,marking  ] GC(5754) Concurrent Mark From Roots 840.313ms
[2025-01-08T22:48:38.759+0000][181389.125s][info][gc,marking  ] GC(5754) Concurrent Preclean
[2025-01-08T22:48:38.762+0000][181389.128s][info][gc,marking  ] GC(5754) Concurrent Preclean 3.504ms
[2025-01-08T22:48:38.762+0000][181389.129s][info][gc,start    ] GC(5754) Pause Remark
[2025-01-08T22:48:38.788+0000][181389.154s][info][gc          ] GC(5754) Pause Remark 2872M->2872M(12288M) 25.740ms
[2025-01-08T22:48:38.788+0000][181389.154s][info][gc,cpu      ] GC(5754) User=0.15s Sys=0.00s Real=0.02s
[2025-01-08T22:48:38.788+0000][181389.154s][info][gc,marking  ] GC(5754) Concurrent Mark 869.976ms
[2025-01-08T22:48:38.788+0000][181389.155s][info][gc,marking  ] GC(5754) Concurrent Rebuild Remembered Sets
[2025-01-08T22:48:39.322+0000][181389.689s][info][gc,marking  ] GC(5754) Concurrent Rebuild Remembered Sets 534.089ms
[2025-01-08T22:48:39.323+0000][181389.689s][info][gc,start    ] GC(5754) Pause Cleanup
[2025-01-08T22:48:39.323+0000][181389.689s][info][gc          ] GC(5754) Pause Cleanup 3008M->3008M(12288M) 0.366ms
[2025-01-08T22:48:39.323+0000][181389.689s][info][gc,cpu      ] GC(5754) User=0.00s Sys=0.00s Real=0.00s
[2025-01-08T22:48:39.323+0000][181389.689s][info][gc,marking  ] GC(5754) Concurrent Cleanup for Next Mark
[2025-01-08T22:48:39.338+0000][181389.705s][info][gc,marking  ] GC(5754) Concurrent Cleanup for Next Mark 15.356ms
[2025-01-08T22:48:39.338+0000][181389.705s][info][gc          ] GC(5754) Concurrent Mark Cycle 1454.023ms
[2025-01-08T22:48:48.559+0000][181398.925s][info][gc,start    ] GC(5755) Pause Young (Prepare Mixed) (G1 Evacuation Pause)
[2025-01-08T22:48:48.559+0000][181398.925s][info][gc,task     ] GC(5755) Using 6 workers of 6 for evacuation
[2025-01-08T22:48:48.602+0000][181398.968s][info][gc,phases   ] GC(5755)   Pre Evacuate Collection Set: 0.2ms
[2025-01-08T22:48:48.602+0000][181398.968s][info][gc,phases   ] GC(5755)   Merge Heap Roots: 0.7ms
[2025-01-08T22:48:48.602+0000][181398.968s][info][gc,phases   ] GC(5755)   Evacuate Collection Set: 39.2ms
[2025-01-08T22:48:48.602+0000][181398.968s][info][gc,phases   ] GC(5755)   Post Evacuate Collection Set: 2.7ms
[2025-01-08T22:48:48.602+0000][181398.968s][info][gc,phases   ] GC(5755)   Other: 0.2ms
[2025-01-08T22:48:48.602+0000][181398.968s][info][gc,heap     ] GC(5755) Eden regions: 911->0(64)
[2025-01-08T22:48:48.602+0000][181398.968s][info][gc,heap     ] GC(5755) Survivor regions: 10->12(116)
[2025-01-08T22:48:48.602+0000][181398.968s][info][gc,heap     ] GC(5755) Old regions: 233->233
[2025-01-08T22:48:48.602+0000][181398.968s][info][gc,heap     ] GC(5755) Archive regions: 2->2
[2025-01-08T22:48:48.602+0000][181398.968s][info][gc,heap     ] GC(5755) Humongous regions: 49->49
[2025-01-08T22:48:48.602+0000][181398.968s][info][gc,metaspace] GC(5755) Metaspace: 524001K(533824K)->524001K(533824K) NonClass: 460153K(465088K)->460153K(465088K) Class: 63848K(68736K)->63848K(68736K)
[2025-01-08T22:48:48.602+0000][181398.968s][info][gc          ] GC(5755) Pause Young (Prepare Mixed) (G1 Evacuation Pause) 9624M->2353M(12288M) 43.175ms
[2025-01-08T22:48:48.602+0000][181398.968s][info][gc,cpu      ] GC(5755) User=0.25s Sys=0.00s Real=0.05s
[2025-01-08T22:48:49.004+0000][181399.370s][info][gc,start    ] GC(5756) Pause Young (Mixed) (G1 Evacuation Pause)
[2025-01-08T22:48:49.004+0000][181399.370s][info][gc,task     ] GC(5756) Using 6 workers of 6 for evacuation
[2025-01-08T22:48:49.081+0000][181399.447s][info][gc,phases   ] GC(5756)   Pre Evacuate Collection Set: 0.2ms
[2025-01-08T22:48:49.081+0000][181399.447s][info][gc,phases   ] GC(5756)   Merge Heap Roots: 0.8ms
[2025-01-08T22:48:49.081+0000][181399.447s][info][gc,phases   ] GC(5756)   Evacuate Collection Set: 74.0ms
[2025-01-08T22:48:49.081+0000][181399.447s][info][gc,phases   ] GC(5756)   Post Evacuate Collection Set: 2.1ms
[2025-01-08T22:48:49.081+0000][181399.447s][info][gc,phases   ] GC(5756)   Other: 0.2ms
[2025-01-08T22:48:49.081+0000][181399.447s][info][gc,heap     ] GC(5756) Eden regions: 64->0(915)
[2025-01-08T22:48:49.081+0000][181399.447s][info][gc,heap     ] GC(5756) Survivor regions: 12->6(10)
[2025-01-08T22:48:49.081+0000][181399.447s][info][gc,heap     ] GC(5756) Old regions: 233->236
[2025-01-08T22:48:49.081+0000][181399.447s][info][gc,heap     ] GC(5756) Archive regions: 2->2
[2025-01-08T22:48:49.081+0000][181399.447s][info][gc,heap     ] GC(5756) Humongous regions: 49->49
[2025-01-08T22:48:49.081+0000][181399.447s][info][gc,metaspace] GC(5756) Metaspace: 524001K(533824K)->524001K(533824K) NonClass: 460153K(465088K)->460153K(465088K) Class: 63848K(68736K)->63848K(68736K)
[2025-01-08T22:48:49.081+0000][181399.447s][info][gc          ] GC(5756) Pause Young (Mixed) (G1 Evacuation Pause) 2865M->2322M(12288M) 77.410ms
[2025-01-08T22:48:49.081+0000][181399.447s][info][gc,cpu      ] GC(5756) User=0.44s Sys=0.00s Real=0.07s
[2025-01-08T22:48:59.426+0000][181409.792s][info][gc,start    ] GC(5757) Pause Young (Normal) (G1 Evacuation Pause)
[2025-01-08T22:48:59.426+0000][181409.792s][info][gc,task     ] GC(5757) Using 6 workers of 6 for evacuation
[2025-01-08T22:48:59.454+0000][181409.820s][info][gc,phases   ] GC(5757)   Pre Evacuate Collection Set: 0.2ms
[2025-01-08T22:48:59.454+0000][181409.820s][info][gc,phases   ] GC(5757)   Merge Heap Roots: 0.5ms
[2025-01-08T22:48:59.454+0000][181409.820s][info][gc,phases   ] GC(5757)   Evacuate Collection Set: 24.8ms
[2025-01-08T22:48:59.454+0000][181409.820s][info][gc,phases   ] GC(5757)   Post Evacuate Collection Set: 2.6ms
[2025-01-08T22:48:59.454+0000][181409.820s][info][gc,phases   ] GC(5757)   Other: 0.2ms
[2025-01-08T22:48:59.454+0000][181409.820s][info][gc,heap     ] GC(5757) Eden regions: 915->0(914)
[2025-01-08T22:48:59.454+0000][181409.820s][info][gc,heap     ] GC(5757) Survivor regions: 6->7(116)
[2025-01-08T22:48:59.454+0000][181409.821s][info][gc,heap     ] GC(5757) Old regions: 236->236
[2025-01-08T22:48:59.454+0000][181409.821s][info][gc,heap     ] GC(5757) Archive regions: 2->2
[2025-01-08T22:48:59.454+0000][181409.821s][info][gc,heap     ] GC(5757) Humongous regions: 49->49
[2025-01-08T22:48:59.454+0000][181409.821s][info][gc,metaspace] GC(5757) Metaspace: 524001K(533824K)->524001K(533824K) NonClass: 460153K(465088K)->460153K(465088K) Class: 63848K(68736K)->63848K(68736K)
[2025-01-08T22:48:59.454+0000][181409.821s][info][gc          ] GC(5757) Pause Young (Normal) (G1 Evacuation Pause) 9642M->2333M(12288M) 28.355ms
[2025-01-08T22:48:59.454+0000][181409.821s][info][gc,cpu      ] GC(5757) User=0.17s Sys=0.00s Real=0.03s
[2025-01-08T22:49:04.084+0000][181414.450s][info][gc,start    ] GC(5758) Pause Young (Normal) (G1 Evacuation Pause)
[2025-01-08T22:49:04.084+0000][181414.450s][info][gc,task     ] GC(5758) Using 6 workers of 6 for evacuation
[2025-01-08T22:49:04.111+0000][181414.478s][info][gc,phases   ] GC(5758)   Pre Evacuate Collection Set: 0.2ms
[2025-01-08T22:49:04.112+0000][181414.478s][info][gc,phases   ] GC(5758)   Merge Heap Roots: 0.4ms
[2025-01-08T22:49:04.112+0000][181414.478s][info][gc,phases   ] GC(5758)   Evacuate Collection Set: 24.6ms
[2025-01-08T22:49:04.112+0000][181414.478s][info][gc,phases   ] GC(5758)   Post Evacuate Collection Set: 2.5ms
[2025-01-08T22:49:04.112+0000][181414.478s][info][gc,phases   ] GC(5758)   Other: 0.2ms
[2025-01-08T22:49:04.112+0000][181414.478s][info][gc,heap     ] GC(5758) Eden regions: 914->0(914)
[2025-01-08T22:49:04.112+0000][181414.478s][info][gc,heap     ] GC(5758) Survivor regions: 7->7(116)
[2025-01-08T22:49:04.112+0000][181414.478s][info][gc,heap     ] GC(5758) Old regions: 236->236
[2025-01-08T22:49:04.112+0000][181414.478s][info][gc,heap     ] GC(5758) Archive regions: 2->2
[2025-01-08T22:49:04.112+0000][181414.478s][info][gc,heap     ] GC(5758) Humongous regions: 49->49
[2025-01-08T22:49:04.112+0000][181414.478s][info][gc,metaspace] GC(5758) Metaspace: 524001K(533824K)->524001K(533824K) NonClass: 460153K(465088K)->460153K(465088K) Class: 63848K(68736K)->63848K(68736K)
[2025-01-08T22:49:04.112+0000][181414.478s][info][gc          ] GC(5758) Pause Young (Normal) (G1 Evacuation Pause) 9645M->2335M(12288M) 28.007ms
[2025-01-08T22:49:04.112+0000][181414.478s][info][gc,cpu      ] GC(5758) User=0.15s Sys=0.01s Real=0.03s
[2025-01-08T22:49:10.534+0000][181420.900s][info][gc,start    ] GC(5759) Pause Young (Concurrent Start) (G1 Evacuation Pause)
[2025-01-08T22:49:10.534+0000][181420.900s][info][gc,task     ] GC(5759) Using 6 workers of 6 for evacuation
[2025-01-08T22:49:10.566+0000][181420.932s][info][gc,phases   ] GC(5759)   Pre Evacuate Collection Set: 1.1ms
[2025-01-08T22:49:10.566+0000][181420.932s][info][gc,phases   ] GC(5759)   Merge Heap Roots: 0.5ms
[2025-01-08T22:49:10.566+0000][181420.932s][info][gc,phases   ] GC(5759)   Evacuate Collection Set: 28.2ms
[2025-01-08T22:49:10.566+0000][181420.932s][info][gc,phases   ] GC(5759)   Post Evacuate Collection Set: 2.3ms
[2025-01-08T22:49:10.566+0000][181420.932s][info][gc,phases   ] GC(5759)   Other: 0.3ms
[2025-01-08T22:49:10.566+0000][181420.932s][info][gc,heap     ] GC(5759) Eden regions: 914->0(914)
[2025-01-08T22:49:10.566+0000][181420.932s][info][gc,heap     ] GC(5759) Survivor regions: 7->7(116)
[2025-01-08T22:49:10.566+0000][181420.932s][info][gc,heap     ] GC(5759) Old regions: 236->236
[2025-01-08T22:49:10.566+0000][181420.932s][info][gc,heap     ] GC(5759) Archive regions: 2->2
[2025-01-08T22:49:10.566+0000][181420.932s][info][gc,heap     ] GC(5759) Humongous regions: 49->49
[2025-01-08T22:49:10.566+0000][181420.932s][info][gc,metaspace] GC(5759) Metaspace: 524001K(533824K)->524001K(533824K) NonClass: 460153K(465088K)->460153K(465088K) Class: 63848K(68736K)->63848K(68736K)
[2025-01-08T22:49:10.566+0000][181420.932s][info][gc          ] GC(5759) Pause Young (Concurrent Start) (G1 Evacuation Pause) 9647M->2335M(12288M) 32.513ms
[2025-01-08T22:49:10.566+0000][181420.933s][info][gc,cpu      ] GC(5759) User=0.19s Sys=0.00s Real=0.03s
[2025-01-08T22:49:10.566+0000][181420.933s][info][gc          ] GC(5760) Concurrent Mark Cycle
[2025-01-08T22:49:10.566+0000][181420.933s][info][gc,marking  ] GC(5760) Concurrent Clear Claimed Marks
[2025-01-08T22:49:10.567+0000][181420.934s][info][gc,marking  ] GC(5760) Concurrent Clear Claimed Marks 0.914ms
[2025-01-08T22:49:10.567+0000][181420.934s][info][gc,marking  ] GC(5760) Concurrent Scan Root Regions
[2025-01-08T22:49:10.594+0000][181420.960s][info][gc,marking  ] GC(5760) Concurrent Scan Root Regions 26.583ms
[2025-01-08T22:49:10.594+0000][181420.960s][info][gc,marking  ] GC(5760) Concurrent Mark
[2025-01-08T22:49:10.594+0000][181420.960s][info][gc,marking  ] GC(5760) Concurrent Mark From Roots
[2025-01-08T22:49:10.594+0000][181420.960s][info][gc,task     ] GC(5760) Using 2 workers of 2 for marking
[2025-01-08T22:49:11.428+0000][181421.795s][info][gc,marking  ] GC(5760) Concurrent Mark From Roots 834.387ms
[2025-01-08T22:49:11.428+0000][181421.795s][info][gc,marking  ] GC(5760) Concurrent Preclean
[2025-01-08T22:49:11.431+0000][181421.797s][info][gc,marking  ] GC(5760) Concurrent Preclean 2.482ms
[2025-01-08T22:49:11.431+0000][181421.797s][info][gc,start    ] GC(5760) Pause Remark
[2025-01-08T22:49:11.457+0000][181421.823s][info][gc          ] GC(5760) Pause Remark 3255M->3255M(12288M) 25.672ms
[2025-01-08T22:49:11.457+0000][181421.823s][info][gc,cpu      ] GC(5760) User=0.15s Sys=0.00s Real=0.02s
[2025-01-08T22:49:11.457+0000][181421.823s][info][gc,marking  ] GC(5760) Concurrent Mark 862.885ms
[2025-01-08T22:49:11.457+0000][181421.823s][info][gc,marking  ] GC(5760) Concurrent Rebuild Remembered Sets
[2025-01-08T22:49:12.015+0000][181422.381s][info][gc,marking  ] GC(5760) Concurrent Rebuild Remembered Sets 558.237ms
[2025-01-08T22:49:12.015+0000][181422.381s][info][gc,start    ] GC(5760) Pause Cleanup
[2025-01-08T22:49:12.016+0000][181422.382s][info][gc          ] GC(5760) Pause Cleanup 3563M->3563M(12288M) 0.431ms
[2025-01-08T22:49:12.016+0000][181422.382s][info][gc,cpu      ] GC(5760) User=0.00s Sys=0.00s Real=0.00s
[2025-01-08T22:49:12.016+0000][181422.382s][info][gc,marking  ] GC(5760) Concurrent Cleanup for Next Mark
[2025-01-08T22:49:12.031+0000][181422.397s][info][gc,marking  ] GC(5760) Concurrent Cleanup for Next Mark 15.483ms
[2025-01-08T22:49:12.031+0000][181422.398s][info][gc          ] GC(5760) Concurrent Mark Cycle 1464.929ms
[2025-01-08T22:49:17.859+0000][181428.226s][info][gc,start    ] GC(5761) Pause Young (Prepare Mixed) (G1 Evacuation Pause)
[2025-01-08T22:49:17.859+0000][181428.226s][info][gc,task     ] GC(5761) Using 6 workers of 6 for evacuation
[2025-01-08T22:49:17.900+0000][181428.267s][info][gc,phases   ] GC(5761)   Pre Evacuate Collection Set: 0.2ms
[2025-01-08T22:49:17.901+0000][181428.267s][info][gc,phases   ] GC(5761)   Merge Heap Roots: 0.7ms
[2025-01-08T22:49:17.901+0000][181428.267s][info][gc,phases   ] GC(5761)   Evacuate Collection Set: 34.7ms
[2025-01-08T22:49:17.901+0000][181428.267s][info][gc,phases   ] GC(5761)   Post Evacuate Collection Set: 5.3ms
[2025-01-08T22:49:17.901+0000][181428.267s][info][gc,phases   ] GC(5761)   Other: 0.2ms
[2025-01-08T22:49:17.901+0000][181428.267s][info][gc,heap     ] GC(5761) Eden regions: 914->0(64)
[2025-01-08T22:49:17.901+0000][181428.267s][info][gc,heap     ] GC(5761) Survivor regions: 7->12(116)
[2025-01-08T22:49:17.901+0000][181428.267s][info][gc,heap     ] GC(5761) Old regions: 236->236
[2025-01-08T22:49:17.901+0000][181428.267s][info][gc,heap     ] GC(5761) Archive regions: 2->2
[2025-01-08T22:49:17.901+0000][181428.267s][info][gc,heap     ] GC(5761) Humongous regions: 49->49
[2025-01-08T22:49:17.901+0000][181428.267s][info][gc,metaspace] GC(5761) Metaspace: 524001K(533824K)->524001K(533824K) NonClass: 460153K(465088K)->460153K(465088K) Class: 63848K(68736K)->63848K(68736K)
[2025-01-08T22:49:17.901+0000][181428.267s][info][gc          ] GC(5761) Pause Young (Prepare Mixed) (G1 Evacuation Pause) 9647M->2370M(12288M) 41.162ms
[2025-01-08T22:49:17.901+0000][181428.267s][info][gc,cpu      ] GC(5761) User=0.24s Sys=0.00s Real=0.04s
[2025-01-08T22:49:18.240+0000][181428.606s][info][gc,start    ] GC(5762) Pause Young (Mixed) (G1 Evacuation Pause)
[2025-01-08T22:49:18.240+0000][181428.606s][info][gc,task     ] GC(5762) Using 6 workers of 6 for evacuation
[2025-01-08T22:49:18.282+0000][181428.649s][info][gc,phases   ] GC(5762)   Pre Evacuate Collection Set: 0.2ms
[2025-01-08T22:49:18.282+0000][181428.649s][info][gc,phases   ] GC(5762)   Merge Heap Roots: 0.4ms
[2025-01-08T22:49:18.282+0000][181428.649s][info][gc,phases   ] GC(5762)   Evacuate Collection Set: 40.6ms
[2025-01-08T22:49:18.282+0000][181428.649s][info][gc,phases   ] GC(5762)   Post Evacuate Collection Set: 1.5ms
[2025-01-08T22:49:18.282+0000][181428.649s][info][gc,phases   ] GC(5762)   Other: 0.2ms
[2025-01-08T22:49:18.283+0000][181428.649s][info][gc,heap     ] GC(5762) Eden regions: 64->0(917)
[2025-01-08T22:49:18.283+0000][181428.649s][info][gc,heap     ] GC(5762) Survivor regions: 12->4(10)
[2025-01-08T22:49:18.283+0000][181428.649s][info][gc,heap     ] GC(5762) Old regions: 236->236
[2025-01-08T22:49:18.283+0000][181428.649s][info][gc,heap     ] GC(5762) Archive regions: 2->2
[2025-01-08T22:49:18.283+0000][181428.649s][info][gc,heap     ] GC(5762) Humongous regions: 49->49
[2025-01-08T22:49:18.283+0000][181428.649s][info][gc,metaspace] GC(5762) Metaspace: 524001K(533824K)->524001K(533824K) NonClass: 460153K(465088K)->460153K(465088K) Class: 63848K(68736K)->63848K(68736K)
[2025-01-08T22:49:18.283+0000][181428.649s][info][gc          ] GC(5762) Pause Young (Mixed) (G1 Evacuation Pause) 2882M->2308M(12288M) 42.984ms
[2025-01-08T22:49:18.283+0000][181428.649s][info][gc,cpu      ] GC(5762) User=0.25s Sys=0.00s Real=0.05s
[2025-01-08T22:49:24.894+0000][181435.260s][info][gc,start    ] GC(5763) Pause Young (Normal) (G1 Evacuation Pause)
[2025-01-08T22:49:24.894+0000][181435.260s][info][gc,task     ] GC(5763) Using 6 workers of 6 for evacuation
[2025-01-08T22:49:24.918+0000][181435.284s][info][gc,phases   ] GC(5763)   Pre Evacuate Collection Set: 0.2ms
[2025-01-08T22:49:24.918+0000][181435.284s][info][gc,phases   ] GC(5763)   Merge Heap Roots: 0.4ms
[2025-01-08T22:49:24.918+0000][181435.284s][info][gc,phases   ] GC(5763)   Evacuate Collection Set: 20.4ms
[2025-01-08T22:49:24.918+0000][181435.284s][info][gc,phases   ] GC(5763)   Post Evacuate Collection Set: 2.5ms
[2025-01-08T22:49:24.918+0000][181435.284s][info][gc,phases   ] GC(5763)   Other: 0.2ms
[2025-01-08T22:49:24.918+0000][181435.284s][info][gc,heap     ] GC(5763) Eden regions: 917->0(916)
[2025-01-08T22:49:24.918+0000][181435.284s][info][gc,heap     ] GC(5763) Survivor regions: 4->5(116)
[2025-01-08T22:49:24.918+0000][181435.284s][info][gc,heap     ] GC(5763) Old regions: 236->236
[2025-01-08T22:49:24.918+0000][181435.284s][info][gc,heap     ] GC(5763) Archive regions: 2->2
[2025-01-08T22:49:24.918+0000][181435.284s][info][gc,heap     ] GC(5763) Humongous regions: 49->49
[2025-01-08T22:49:24.918+0000][181435.284s][info][gc,metaspace] GC(5763) Metaspace: 524001K(533824K)->524001K(533824K) NonClass: 460153K(465088K)->460153K(465088K) Class: 63848K(68736K)->63848K(68736K)
[2025-01-08T22:49:24.918+0000][181435.284s][info][gc          ] GC(5763) Pause Young (Normal) (G1 Evacuation Pause) 9644M->2316M(12288M) 23.725ms
[2025-01-08T22:49:24.918+0000][181435.284s][info][gc,cpu      ] GC(5763) User=0.14s Sys=0.00s Real=0.02s
[2025-01-08T22:49:34.989+0000][181445.355s][info][gc,start    ] GC(5764) Pause Young (Normal) (G1 Evacuation Pause)
[2025-01-08T22:49:34.989+0000][181445.355s][info][gc,task     ] GC(5764) Using 6 workers of 6 for evacuation
[2025-01-08T22:49:35.017+0000][181445.383s][info][gc,phases   ] GC(5764)   Pre Evacuate Collection Set: 0.2ms
[2025-01-08T22:49:35.017+0000][181445.383s][info][gc,phases   ] GC(5764)   Merge Heap Roots: 0.4ms
[2025-01-08T22:49:35.017+0000][181445.383s][info][gc,phases   ] GC(5764)   Evacuate Collection Set: 23.1ms
[2025-01-08T22:49:35.017+0000][181445.383s][info][gc,phases   ] GC(5764)   Post Evacuate Collection Set: 4.0ms
[2025-01-08T22:49:35.017+0000][181445.383s][info][gc,phases   ] GC(5764)   Other: 0.2ms
[2025-01-08T22:49:35.017+0000][181445.383s][info][gc,heap     ] GC(5764) Eden regions: 916->0(914)
[2025-01-08T22:49:35.017+0000][181445.383s][info][gc,heap     ] GC(5764) Survivor regions: 5->7(116)
[2025-01-08T22:49:35.017+0000][181445.383s][info][gc,heap     ] GC(5764) Old regions: 236->236
[2025-01-08T22:49:35.017+0000][181445.383s][info][gc,heap     ] GC(5764) Archive regions: 2->2
[2025-01-08T22:49:35.017+0000][181445.383s][info][gc,heap     ] GC(5764) Humongous regions: 49->49
[2025-01-08T22:49:35.017+0000][181445.383s][info][gc,metaspace] GC(5764) Metaspace: 524001K(533824K)->524001K(533824K) NonClass: 460153K(465088K)->460153K(465088K) Class: 63848K(68736K)->63848K(68736K)
[2025-01-08T22:49:35.017+0000][181445.383s][info][gc          ] GC(5764) Pause Young (Normal) (G1 Evacuation Pause) 9644M->2329M(12288M) 28.083ms
[2025-01-08T22:49:35.017+0000][181445.383s][info][gc,cpu      ] GC(5764) User=0.16s Sys=0.00s Real=0.03s
[2025-01-08T22:49:42.391+0000][181452.757s][info][gc,start    ] GC(5765) Pause Young (Concurrent Start) (G1 Evacuation Pause)
[2025-01-08T22:49:42.391+0000][181452.757s][info][gc,task     ] GC(5765) Using 6 workers of 6 for evacuation
[2025-01-08T22:49:42.422+0000][181452.789s][info][gc,phases   ] GC(5765)   Pre Evacuate Collection Set: 1.1ms
[2025-01-08T22:49:42.422+0000][181452.789s][info][gc,phases   ] GC(5765)   Merge Heap Roots: 0.5ms
[2025-01-08T22:49:42.422+0000][181452.789s][info][gc,phases   ] GC(5765)   Evacuate Collection Set: 26.8ms
[2025-01-08T22:49:42.422+0000][181452.789s][info][gc,phases   ] GC(5765)   Post Evacuate Collection Set: 2.7ms
[2025-01-08T22:49:42.422+0000][181452.789s][info][gc,phases   ] GC(5765)   Other: 0.3ms
[2025-01-08T22:49:42.422+0000][181452.789s][info][gc,heap     ] GC(5765) Eden regions: 914->0(914)
[2025-01-08T22:49:42.422+0000][181452.789s][info][gc,heap     ] GC(5765) Survivor regions: 7->7(116)
[2025-01-08T22:49:42.423+0000][181452.789s][info][gc,heap     ] GC(5765) Old regions: 236->236
[2025-01-08T22:49:42.423+0000][181452.789s][info][gc,heap     ] GC(5765) Archive regions: 2->2
[2025-01-08T22:49:42.423+0000][181452.789s][info][gc,heap     ] GC(5765) Humongous regions: 49->49
[2025-01-08T22:49:42.423+0000][181452.789s][info][gc,metaspace] GC(5765) Metaspace: 524001K(533824K)->524001K(533824K) NonClass: 460153K(465088K)->460153K(465088K) Class: 63848K(68736K)->63848K(68736K)
[2025-01-08T22:49:42.423+0000][181452.789s][info][gc          ] GC(5765) Pause Young (Concurrent Start) (G1 Evacuation Pause) 9641M->2334M(12288M) 31.441ms
[2025-01-08T22:49:42.423+0000][181452.789s][info][gc,cpu      ] GC(5765) User=0.18s Sys=0.00s Real=0.03s
[2025-01-08T22:49:42.423+0000][181452.789s][info][gc          ] GC(5766) Concurrent Mark Cycle
[2025-01-08T22:49:42.423+0000][181452.789s][info][gc,marking  ] GC(5766) Concurrent Clear Claimed Marks
[2025-01-08T22:49:42.424+0000][181452.790s][info][gc,marking  ] GC(5766) Concurrent Clear Claimed Marks 0.916ms
[2025-01-08T22:49:42.424+0000][181452.790s][info][gc,marking  ] GC(5766) Concurrent Scan Root Regions
[2025-01-08T22:49:42.448+0000][181452.814s][info][gc,marking  ] GC(5766) Concurrent Scan Root Regions 24.430ms
[2025-01-08T22:49:42.448+0000][181452.814s][info][gc,marking  ] GC(5766) Concurrent Mark
[2025-01-08T22:49:42.448+0000][181452.814s][info][gc,marking  ] GC(5766) Concurrent Mark From Roots
[2025-01-08T22:49:42.448+0000][181452.814s][info][gc,task     ] GC(5766) Using 2 workers of 2 for marking
[2025-01-08T22:49:43.463+0000][181453.829s][info][gc,marking  ] GC(5766) Concurrent Mark From Roots 1015.171ms
[2025-01-08T22:49:43.463+0000][181453.829s][info][gc,marking  ] GC(5766) Concurrent Preclean
[2025-01-08T22:49:43.466+0000][181453.832s][info][gc,marking  ] GC(5766) Concurrent Preclean 2.759ms
[2025-01-08T22:49:43.466+0000][181453.832s][info][gc,start    ] GC(5766) Pause Remark
[2025-01-08T22:49:43.492+0000][181453.858s][info][gc          ] GC(5766) Pause Remark 3530M->3530M(12288M) 25.492ms
[2025-01-08T22:49:43.492+0000][181453.858s][info][gc,cpu      ] GC(5766) User=0.14s Sys=0.00s Real=0.03s
[2025-01-08T22:49:43.492+0000][181453.858s][info][gc,marking  ] GC(5766) Concurrent Mark 1043.765ms
[2025-01-08T22:49:43.492+0000][181453.858s][info][gc,marking  ] GC(5766) Concurrent Rebuild Remembered Sets
[2025-01-08T22:49:44.014+0000][181454.380s][info][gc,marking  ] GC(5766) Concurrent Rebuild Remembered Sets 522.443ms
[2025-01-08T22:49:44.014+0000][181454.381s][info][gc,start    ] GC(5766) Pause Cleanup
[2025-01-08T22:49:44.015+0000][181454.381s][info][gc          ] GC(5766) Pause Cleanup 3654M->3654M(12288M) 0.426ms
[2025-01-08T22:49:44.015+0000][181454.381s][info][gc,cpu      ] GC(5766) User=0.00s Sys=0.00s Real=0.00s
[2025-01-08T22:49:44.015+0000][181454.381s][info][gc,marking  ] GC(5766) Concurrent Cleanup for Next Mark
[2025-01-08T22:49:44.031+0000][181454.397s][info][gc,marking  ] GC(5766) Concurrent Cleanup for Next Mark 15.915ms
[2025-01-08T22:49:44.031+0000][181454.397s][info][gc          ] GC(5766) Concurrent Mark Cycle 1608.289ms
[2025-01-08T22:49:50.745+0000][181461.111s][info][gc,start    ] GC(5767) Pause Young (Prepare Mixed) (G1 Evacuation Pause)
[2025-01-08T22:49:50.745+0000][181461.111s][info][gc,task     ] GC(5767) Using 6 workers of 6 for evacuation
[2025-01-08T22:49:50.784+0000][181461.150s][info][gc,phases   ] GC(5767)   Pre Evacuate Collection Set: 0.2ms
[2025-01-08T22:49:50.784+0000][181461.150s][info][gc,phases   ] GC(5767)   Merge Heap Roots: 0.8ms
[2025-01-08T22:49:50.784+0000][181461.150s][info][gc,phases   ] GC(5767)   Evacuate Collection Set: 35.0ms
[2025-01-08T22:49:50.784+0000][181461.150s][info][gc,phases   ] GC(5767)   Post Evacuate Collection Set: 3.0ms
[2025-01-08T22:49:50.784+0000][181461.150s][info][gc,phases   ] GC(5767)   Other: 0.2ms
[2025-01-08T22:49:50.784+0000][181461.150s][info][gc,heap     ] GC(5767) Eden regions: 914->0(67)
[2025-01-08T22:49:50.784+0000][181461.150s][info][gc,heap     ] GC(5767) Survivor regions: 7->9(116)
[2025-01-08T22:49:50.784+0000][181461.150s][info][gc,heap     ] GC(5767) Old regions: 236->236
[2025-01-08T22:49:50.784+0000][181461.150s][info][gc,heap     ] GC(5767) Archive regions: 2->2
[2025-01-08T22:49:50.784+0000][181461.150s][info][gc,heap     ] GC(5767) Humongous regions: 49->49
[2025-01-08T22:49:50.784+0000][181461.150s][info][gc,metaspace] GC(5767) Metaspace: 524002K(533824K)->524002K(533824K) NonClass: 460154K(465088K)->460154K(465088K) Class: 63848K(68736K)->63848K(68736K)
[2025-01-08T22:49:50.784+0000][181461.150s][info][gc          ] GC(5767) Pause Young (Prepare Mixed) (G1 Evacuation Pause) 9646M->2346M(12288M) 39.291ms
[2025-01-08T22:49:50.784+0000][181461.151s][info][gc,cpu      ] GC(5767) User=0.23s Sys=0.00s Real=0.04s
[2025-01-08T22:49:51.216+0000][181461.582s][info][gc,start    ] GC(5768) Pause Young (Mixed) (G1 Evacuation Pause)
[2025-01-08T22:49:51.216+0000][181461.582s][info][gc,task     ] GC(5768) Using 6 workers of 6 for evacuation
[2025-01-08T22:49:51.280+0000][181461.646s][info][gc,phases   ] GC(5768)   Pre Evacuate Collection Set: 0.2ms
[2025-01-08T22:49:51.280+0000][181461.646s][info][gc,phases   ] GC(5768)   Merge Heap Roots: 0.6ms
[2025-01-08T22:49:51.280+0000][181461.646s][info][gc,phases   ] GC(5768)   Evacuate Collection Set: 61.5ms
[2025-01-08T22:49:51.280+0000][181461.646s][info][gc,phases   ] GC(5768)   Post Evacuate Collection Set: 1.9ms
[2025-01-08T22:49:51.280+0000][181461.646s][info][gc,phases   ] GC(5768)   Other: 0.2ms
[2025-01-08T22:49:51.280+0000][181461.646s][info][gc,heap     ] GC(5768) Eden regions: 67->0(916)
[2025-01-08T22:49:51.280+0000][181461.646s][info][gc,heap     ] GC(5768) Survivor regions: 9->5(10)
[2025-01-08T22:49:51.280+0000][181461.646s][info][gc,heap     ] GC(5768) Old regions: 236->234
[2025-01-08T22:49:51.280+0000][181461.646s][info][gc,heap     ] GC(5768) Archive regions: 2->2
[2025-01-08T22:49:51.280+0000][181461.646s][info][gc,heap     ] GC(5768) Humongous regions: 49->49
[2025-01-08T22:49:51.280+0000][181461.646s][info][gc,metaspace] GC(5768) Metaspace: 524002K(533824K)->524002K(533824K) NonClass: 460154K(465088K)->460154K(465088K) Class: 63848K(68736K)->63848K(68736K)
[2025-01-08T22:49:51.280+0000][181461.646s][info][gc          ] GC(5768) Pause Young (Mixed) (G1 Evacuation Pause) 2882M->2309M(12288M) 64.530ms
[2025-01-08T22:49:51.280+0000][181461.646s][info][gc,cpu      ] GC(5768) User=0.36s Sys=0.00s Real=0.06s
[2025-01-08T22:50:01.121+0000][181471.487s][info][gc,start    ] GC(5769) Pause Young (Normal) (G1 Evacuation Pause)
[2025-01-08T22:50:01.121+0000][181471.487s][info][gc,task     ] GC(5769) Using 6 workers of 6 for evacuation
[2025-01-08T22:50:01.156+0000][181471.522s][info][gc,phases   ] GC(5769)   Pre Evacuate Collection Set: 0.2ms
[2025-01-08T22:50:01.156+0000][181471.522s][info][gc,phases   ] GC(5769)   Merge Heap Roots: 0.5ms
[2025-01-08T22:50:01.156+0000][181471.522s][info][gc,phases   ] GC(5769)   Evacuate Collection Set: 31.7ms
[2025-01-08T22:50:01.156+0000][181471.522s][info][gc,phases   ] GC(5769)   Post Evacuate Collection Set: 2.9ms
[2025-01-08T22:50:01.156+0000][181471.522s][info][gc,phases   ] GC(5769)   Other: 0.2ms
[2025-01-08T22:50:01.156+0000][181471.522s][info][gc,heap     ] GC(5769) Eden regions: 916->0(914)
[2025-01-08T22:50:01.156+0000][181471.522s][info][gc,heap     ] GC(5769) Survivor regions: 5->7(116)
[2025-01-08T22:50:01.156+0000][181471.522s][info][gc,heap     ] GC(5769) Old regions: 234->234
[2025-01-08T22:50:01.156+0000][181471.522s][info][gc,heap     ] GC(5769) Archive regions: 2->2
[2025-01-08T22:50:01.156+0000][181471.522s][info][gc,heap     ] GC(5769) Humongous regions: 49->49
[2025-01-08T22:50:01.156+0000][181471.522s][info][gc,metaspace] GC(5769) Metaspace: 524002K(533824K)->524002K(533824K) NonClass: 460154K(465088K)->460154K(465088K) Class: 63848K(68736K)->63848K(68736K)
[2025-01-08T22:50:01.156+0000][181471.522s][info][gc          ] GC(5769) Pause Young (Normal) (G1 Evacuation Pause) 9637M->2325M(12288M) 35.602ms
[2025-01-08T22:50:01.156+0000][181471.522s][info][gc,cpu      ] GC(5769) User=0.21s Sys=0.00s Real=0.04s
[2025-01-08T22:50:09.951+0000][181480.317s][info][gc,start    ] GC(5770) Pause Young (Normal) (G1 Evacuation Pause)
[2025-01-08T22:50:09.951+0000][181480.317s][info][gc,task     ] GC(5770) Using 6 workers of 6 for evacuation
[2025-01-08T22:50:09.993+0000][181480.359s][info][gc,phases   ] GC(5770)   Pre Evacuate Collection Set: 0.2ms
[2025-01-08T22:50:09.993+0000][181480.359s][info][gc,phases   ] GC(5770)   Merge Heap Roots: 0.5ms
[2025-01-08T22:50:09.993+0000][181480.359s][info][gc,phases   ] GC(5770)   Evacuate Collection Set: 35.3ms
[2025-01-08T22:50:09.993+0000][181480.359s][info][gc,phases   ] GC(5770)   Post Evacuate Collection Set: 5.9ms
[2025-01-08T22:50:09.993+0000][181480.359s][info][gc,phases   ] GC(5770)   Other: 0.2ms
[2025-01-08T22:50:09.993+0000][181480.359s][info][gc,heap     ] GC(5770) Eden regions: 914->0(911)
[2025-01-08T22:50:09.993+0000][181480.359s][info][gc,heap     ] GC(5770) Survivor regions: 7->10(116)
[2025-01-08T22:50:09.993+0000][181480.359s][info][gc,heap     ] GC(5770) Old regions: 234->234
[2025-01-08T22:50:09.993+0000][181480.359s][info][gc,heap     ] GC(5770) Archive regions: 2->2
[2025-01-08T22:50:09.993+0000][181480.359s][info][gc,heap     ] GC(5770) Humongous regions: 49->49
[2025-01-08T22:50:09.993+0000][181480.359s][info][gc,metaspace] GC(5770) Metaspace: 524002K(533824K)->524002K(533824K) NonClass: 460154K(465088K)->460154K(465088K) Class: 63848K(68736K)->63848K(68736K)
[2025-01-08T22:50:09.993+0000][181480.359s][info][gc          ] GC(5770) Pause Young (Normal) (G1 Evacuation Pause) 9637M->2349M(12288M) 42.226ms
[2025-01-08T22:50:09.993+0000][181480.359s][info][gc,cpu      ] GC(5770) User=0.25s Sys=0.00s Real=0.04s
[2025-01-08T22:50:17.864+0000][181488.230s][info][gc,start    ] GC(5771) Pause Young (Concurrent Start) (G1 Evacuation Pause)
[2025-01-08T22:50:17.864+0000][181488.230s][info][gc,task     ] GC(5771) Using 6 workers of 6 for evacuation
[2025-01-08T22:50:17.902+0000][181488.268s][info][gc,phases   ] GC(5771)   Pre Evacuate Collection Set: 1.1ms
[2025-01-08T22:50:17.902+0000][181488.268s][info][gc,phases   ] GC(5771)   Merge Heap Roots: 0.5ms
[2025-01-08T22:50:17.902+0000][181488.268s][info][gc,phases   ] GC(5771)   Evacuate Collection Set: 33.9ms
[2025-01-08T22:50:17.902+0000][181488.268s][info][gc,phases   ] GC(5771)   Post Evacuate Collection Set: 2.7ms
[2025-01-08T22:50:17.902+0000][181488.268s][info][gc,phases   ] GC(5771)   Other: 0.3ms
[2025-01-08T22:50:17.902+0000][181488.268s][info][gc,heap     ] GC(5771) Eden regions: 911->0(911)
[2025-01-08T22:50:17.902+0000][181488.268s][info][gc,heap     ] GC(5771) Survivor regions: 10->10(116)
[2025-01-08T22:50:17.902+0000][181488.268s][info][gc,heap     ] GC(5771) Old regions: 234->234
[2025-01-08T22:50:17.902+0000][181488.268s][info][gc,heap     ] GC(5771) Archive regions: 2->2
[2025-01-08T22:50:17.902+0000][181488.268s][info][gc,heap     ] GC(5771) Humongous regions: 49->49
[2025-01-08T22:50:17.902+0000][181488.268s][info][gc,metaspace] GC(5771) Metaspace: 524002K(533824K)->524002K(533824K) NonClass: 460154K(465088K)->460154K(465088K) Class: 63848K(68736K)->63848K(68736K)
[2025-01-08T22:50:17.902+0000][181488.268s][info][gc          ] GC(5771) Pause Young (Concurrent Start) (G1 Evacuation Pause) 9637M->2349M(12288M) 38.493ms
[2025-01-08T22:50:17.902+0000][181488.268s][info][gc,cpu      ] GC(5771) User=0.22s Sys=0.00s Real=0.04s
[2025-01-08T22:50:17.902+0000][181488.268s][info][gc          ] GC(5772) Concurrent Mark Cycle
[2025-01-08T22:50:17.902+0000][181488.268s][info][gc,marking  ] GC(5772) Concurrent Clear Claimed Marks
[2025-01-08T22:50:17.903+0000][181488.269s][info][gc,marking  ] GC(5772) Concurrent Clear Claimed Marks 0.937ms
[2025-01-08T22:50:17.903+0000][181488.269s][info][gc,marking  ] GC(5772) Concurrent Scan Root Regions
[2025-01-08T22:50:17.935+0000][181488.301s][info][gc,marking  ] GC(5772) Concurrent Scan Root Regions 32.121ms
[2025-01-08T22:50:17.935+0000][181488.301s][info][gc,marking  ] GC(5772) Concurrent Mark
[2025-01-08T22:50:17.935+0000][181488.301s][info][gc,marking  ] GC(5772) Concurrent Mark From Roots
[2025-01-08T22:50:17.935+0000][181488.301s][info][gc,task     ] GC(5772) Using 2 workers of 2 for marking
[2025-01-08T22:50:18.797+0000][181489.163s][info][gc,marking  ] GC(5772) Concurrent Mark From Roots 861.883ms
[2025-01-08T22:50:18.797+0000][181489.163s][info][gc,marking  ] GC(5772) Concurrent Preclean
[2025-01-08T22:50:18.801+0000][181489.167s][info][gc,marking  ] GC(5772) Concurrent Preclean 3.532ms
[2025-01-08T22:50:18.801+0000][181489.167s][info][gc,start    ] GC(5772) Pause Remark
[2025-01-08T22:50:18.826+0000][181489.192s][info][gc          ] GC(5772) Pause Remark 3261M->3261M(12288M) 25.378ms
[2025-01-08T22:50:18.826+0000][181489.192s][info][gc,cpu      ] GC(5772) User=0.14s Sys=0.00s Real=0.03s
[2025-01-08T22:50:18.826+0000][181489.193s][info][gc,marking  ] GC(5772) Concurrent Mark 891.151ms
[2025-01-08T22:50:18.826+0000][181489.193s][info][gc,marking  ] GC(5772) Concurrent Rebuild Remembered Sets
[2025-01-08T22:50:19.393+0000][181489.759s][info][gc,marking  ] GC(5772) Concurrent Rebuild Remembered Sets 566.382ms
[2025-01-08T22:50:19.393+0000][181489.759s][info][gc,start    ] GC(5772) Pause Cleanup
[2025-01-08T22:50:19.393+0000][181489.760s][info][gc          ] GC(5772) Pause Cleanup 3853M->3853M(12288M) 0.476ms
[2025-01-08T22:50:19.394+0000][181489.760s][info][gc,cpu      ] GC(5772) User=0.00s Sys=0.00s Real=0.00s
[2025-01-08T22:50:19.394+0000][181489.760s][info][gc,marking  ] GC(5772) Concurrent Cleanup for Next Mark
[2025-01-08T22:50:19.409+0000][181489.775s][info][gc,marking  ] GC(5772) Concurrent Cleanup for Next Mark 15.418ms
[2025-01-08T22:50:19.409+0000][181489.775s][info][gc          ] GC(5772) Concurrent Mark Cycle 1506.920ms
[2025-01-08T22:50:24.715+0000][181495.081s][info][gc,start    ] GC(5773) Pause Young (Prepare Mixed) (G1 Evacuation Pause)
[2025-01-08T22:50:24.715+0000][181495.081s][info][gc,task     ] GC(5773) Using 6 workers of 6 for evacuation
[2025-01-08T22:50:24.755+0000][181495.121s][info][gc,phases   ] GC(5773)   Pre Evacuate Collection Set: 0.2ms
[2025-01-08T22:50:24.755+0000][181495.121s][info][gc,phases   ] GC(5773)   Merge Heap Roots: 0.7ms
[2025-01-08T22:50:24.755+0000][181495.121s][info][gc,phases   ] GC(5773)   Evacuate Collection Set: 34.5ms
[2025-01-08T22:50:24.755+0000][181495.121s][info][gc,phases   ] GC(5773)   Post Evacuate Collection Set: 4.0ms
[2025-01-08T22:50:24.755+0000][181495.121s][info][gc,phases   ] GC(5773)   Other: 0.2ms
[2025-01-08T22:50:24.755+0000][181495.121s][info][gc,heap     ] GC(5773) Eden regions: 911->0(65)
[2025-01-08T22:50:24.755+0000][181495.121s][info][gc,heap     ] GC(5773) Survivor regions: 10->11(116)
[2025-01-08T22:50:24.755+0000][181495.121s][info][gc,heap     ] GC(5773) Old regions: 234->234
[2025-01-08T22:50:24.755+0000][181495.121s][info][gc,heap     ] GC(5773) Archive regions: 2->2
[2025-01-08T22:50:24.755+0000][181495.121s][info][gc,heap     ] GC(5773) Humongous regions: 49->49
[2025-01-08T22:50:24.755+0000][181495.121s][info][gc,metaspace] GC(5773) Metaspace: 524002K(533824K)->524002K(533824K) NonClass: 460154K(465088K)->460154K(465088K) Class: 63848K(68736K)->63848K(68736K)
[2025-01-08T22:50:24.755+0000][181495.121s][info][gc          ] GC(5773) Pause Young (Prepare Mixed) (G1 Evacuation Pause) 9637M->2357M(12288M) 39.649ms
[2025-01-08T22:50:24.755+0000][181495.121s][info][gc,cpu      ] GC(5773) User=0.23s Sys=0.01s Real=0.04s
[2025-01-08T22:50:25.189+0000][181495.555s][info][gc,start    ] GC(5774) Pause Young (Mixed) (G1 Evacuation Pause)
[2025-01-08T22:50:25.189+0000][181495.555s][info][gc,task     ] GC(5774) Using 6 workers of 6 for evacuation
[2025-01-08T22:50:25.258+0000][181495.624s][info][gc,phases   ] GC(5774)   Pre Evacuate Collection Set: 0.2ms
[2025-01-08T22:50:25.258+0000][181495.624s][info][gc,phases   ] GC(5774)   Merge Heap Roots: 0.7ms
[2025-01-08T22:50:25.258+0000][181495.624s][info][gc,phases   ] GC(5774)   Evacuate Collection Set: 66.4ms
[2025-01-08T22:50:25.258+0000][181495.624s][info][gc,phases   ] GC(5774)   Post Evacuate Collection Set: 1.8ms
[2025-01-08T22:50:25.258+0000][181495.624s][info][gc,phases   ] GC(5774)   Other: 0.2ms
[2025-01-08T22:50:25.258+0000][181495.624s][info][gc,heap     ] GC(5774) Eden regions: 65->0(916)
[2025-01-08T22:50:25.258+0000][181495.624s][info][gc,heap     ] GC(5774) Survivor regions: 11->5(10)
[2025-01-08T22:50:25.258+0000][181495.624s][info][gc,heap     ] GC(5774) Old regions: 234->234
[2025-01-08T22:50:25.258+0000][181495.624s][info][gc,heap     ] GC(5774) Archive regions: 2->2
[2025-01-08T22:50:25.258+0000][181495.624s][info][gc,heap     ] GC(5774) Humongous regions: 49->49
[2025-01-08T22:50:25.258+0000][181495.624s][info][gc,metaspace] GC(5774) Metaspace: 524002K(533824K)->524002K(533824K) NonClass: 460154K(465088K)->460154K(465088K) Class: 63848K(68736K)->63848K(68736K)
[2025-01-08T22:50:25.258+0000][181495.624s][info][gc          ] GC(5774) Pause Young (Mixed) (G1 Evacuation Pause) 2877M->2304M(12288M) 69.341ms
[2025-01-08T22:50:25.258+0000][181495.624s][info][gc,cpu      ] GC(5774) User=0.41s Sys=0.00s Real=0.07s
[2025-01-08T22:50:33.811+0000][181504.177s][info][gc,start    ] GC(5775) Pause Young (Normal) (G1 Evacuation Pause)
[2025-01-08T22:50:33.811+0000][181504.177s][info][gc,task     ] GC(5775) Using 6 workers of 6 for evacuation
[2025-01-08T22:50:33.839+0000][181504.205s][info][gc,phases   ] GC(5775)   Pre Evacuate Collection Set: 0.2ms
[2025-01-08T22:50:33.839+0000][181504.205s][info][gc,phases   ] GC(5775)   Merge Heap Roots: 0.4ms
[2025-01-08T22:50:33.839+0000][181504.205s][info][gc,phases   ] GC(5775)   Evacuate Collection Set: 24.6ms
[2025-01-08T22:50:33.839+0000][181504.205s][info][gc,phases   ] GC(5775)   Post Evacuate Collection Set: 2.5ms
[2025-01-08T22:50:33.839+0000][181504.205s][info][gc,phases   ] GC(5775)   Other: 0.2ms
[2025-01-08T22:50:33.839+0000][181504.205s][info][gc,heap     ] GC(5775) Eden regions: 916->0(914)
[2025-01-08T22:50:33.839+0000][181504.205s][info][gc,heap     ] GC(5775) Survivor regions: 5->7(116)
[2025-01-08T22:50:33.839+0000][181504.205s][info][gc,heap     ] GC(5775) Old regions: 234->234
[2025-01-08T22:50:33.839+0000][181504.205s][info][gc,heap     ] GC(5775) Archive regions: 2->2
[2025-01-08T22:50:33.839+0000][181504.205s][info][gc,heap     ] GC(5775) Humongous regions: 49->49
[2025-01-08T22:50:33.839+0000][181504.205s][info][gc,metaspace] GC(5775) Metaspace: 524002K(533824K)->524002K(533824K) NonClass: 460154K(465088K)->460154K(465088K) Class: 63848K(68736K)->63848K(68736K)
[2025-01-08T22:50:33.839+0000][181504.205s][info][gc          ] GC(5775) Pause Young (Normal) (G1 Evacuation Pause) 9632M->2318M(12288M) 28.096ms
[2025-01-08T22:50:33.839+0000][181504.206s][info][gc,cpu      ] GC(5775) User=0.15s Sys=0.01s Real=0.02s
[2025-01-08T22:50:42.013+0000][181512.379s][info][gc,start    ] GC(5776) Pause Young (Normal) (G1 Evacuation Pause)
[2025-01-08T22:50:42.013+0000][181512.379s][info][gc,task     ] GC(5776) Using 6 workers of 6 for evacuation
[2025-01-08T22:50:42.041+0000][181512.407s][info][gc,phases   ] GC(5776)   Pre Evacuate Collection Set: 0.2ms
[2025-01-08T22:50:42.041+0000][181512.407s][info][gc,phases   ] GC(5776)   Merge Heap Roots: 0.4ms
[2025-01-08T22:50:42.041+0000][181512.407s][info][gc,phases   ] GC(5776)   Evacuate Collection Set: 24.3ms
[2025-01-08T22:50:42.041+0000][181512.407s][info][gc,phases   ] GC(5776)   Post Evacuate Collection Set: 2.5ms
[2025-01-08T22:50:42.041+0000][181512.407s][info][gc,phases   ] GC(5776)   Other: 0.2ms
[2025-01-08T22:50:42.041+0000][181512.407s][info][gc,heap     ] GC(5776) Eden regions: 914->0(914)
[2025-01-08T22:50:42.041+0000][181512.407s][info][gc,heap     ] GC(5776) Survivor regions: 7->7(116)
[2025-01-08T22:50:42.041+0000][181512.407s][info][gc,heap     ] GC(5776) Old regions: 234->234
[2025-01-08T22:50:42.041+0000][181512.407s][info][gc,heap     ] GC(5776) Archive regions: 2->2
[2025-01-08T22:50:42.041+0000][181512.407s][info][gc,heap     ] GC(5776) Humongous regions: 49->49
[2025-01-08T22:50:42.041+0000][181512.407s][info][gc,metaspace] GC(5776) Metaspace: 524002K(533824K)->524002K(533824K) NonClass: 460154K(465088K)->460154K(465088K) Class: 63848K(68736K)->63848K(68736K)
[2025-01-08T22:50:42.041+0000][181512.407s][info][gc          ] GC(5776) Pause Young (Normal) (G1 Evacuation Pause) 9630M->2323M(12288M) 27.725ms
[2025-01-08T22:50:42.041+0000][181512.407s][info][gc,cpu      ] GC(5776) User=0.16s Sys=0.00s Real=0.02s
[2025-01-08T22:50:47.927+0000][181518.294s][info][gc,start    ] GC(5777) Pause Young (Concurrent Start) (G1 Evacuation Pause)
[2025-01-08T22:50:47.928+0000][181518.294s][info][gc,task     ] GC(5777) Using 6 workers of 6 for evacuation
[2025-01-08T22:50:47.958+0000][181518.324s][info][gc,phases   ] GC(5777)   Pre Evacuate Collection Set: 1.1ms
[2025-01-08T22:50:47.958+0000][181518.324s][info][gc,phases   ] GC(5777)   Merge Heap Roots: 0.5ms
[2025-01-08T22:50:47.958+0000][181518.324s][info][gc,phases   ] GC(5777)   Evacuate Collection Set: 26.2ms
[2025-01-08T22:50:47.958+0000][181518.324s][info][gc,phases   ] GC(5777)   Post Evacuate Collection Set: 2.5ms
[2025-01-08T22:50:47.958+0000][181518.324s][info][gc,phases   ] GC(5777)   Other: 0.3ms
[2025-01-08T22:50:47.958+0000][181518.324s][info][gc,heap     ] GC(5777) Eden regions: 914->0(913)
[2025-01-08T22:50:47.958+0000][181518.324s][info][gc,heap     ] GC(5777) Survivor regions: 7->8(116)
[2025-01-08T22:50:47.958+0000][181518.324s][info][gc,heap     ] GC(5777) Old regions: 234->234
[2025-01-08T22:50:47.958+0000][181518.324s][info][gc,heap     ] GC(5777) Archive regions: 2->2
[2025-01-08T22:50:47.958+0000][181518.324s][info][gc,heap     ] GC(5777) Humongous regions: 49->49
[2025-01-08T22:50:47.958+0000][181518.324s][info][gc,metaspace] GC(5777) Metaspace: 524002K(533824K)->524002K(533824K) NonClass: 460154K(465088K)->460154K(465088K) Class: 63848K(68736K)->63848K(68736K)
[2025-01-08T22:50:47.958+0000][181518.324s][info][gc          ] GC(5777) Pause Young (Concurrent Start) (G1 Evacuation Pause) 9635M->2326M(12288M) 30.592ms
[2025-01-08T22:50:47.958+0000][181518.324s][info][gc,cpu      ] GC(5777) User=0.18s Sys=0.00s Real=0.03s
[2025-01-08T22:50:47.958+0000][181518.324s][info][gc          ] GC(5778) Concurrent Mark Cycle
[2025-01-08T22:50:47.958+0000][181518.324s][info][gc,marking  ] GC(5778) Concurrent Clear Claimed Marks
[2025-01-08T22:50:47.959+0000][181518.325s][info][gc,marking  ] GC(5778) Concurrent Clear Claimed Marks 0.864ms
[2025-01-08T22:50:47.959+0000][181518.325s][info][gc,marking  ] GC(5778) Concurrent Scan Root Regions
[2025-01-08T22:50:47.980+0000][181518.346s][info][gc,marking  ] GC(5778) Concurrent Scan Root Regions 20.527ms
[2025-01-08T22:50:47.980+0000][181518.346s][info][gc,marking  ] GC(5778) Concurrent Mark
[2025-01-08T22:50:47.980+0000][181518.346s][info][gc,marking  ] GC(5778) Concurrent Mark From Roots
[2025-01-08T22:50:47.980+0000][181518.346s][info][gc,task     ] GC(5778) Using 2 workers of 2 for marking
[2025-01-08T22:50:48.894+0000][181519.260s][info][gc,marking  ] GC(5778) Concurrent Mark From Roots 914.508ms
[2025-01-08T22:50:48.894+0000][181519.260s][info][gc,marking  ] GC(5778) Concurrent Preclean
[2025-01-08T22:50:48.897+0000][181519.263s][info][gc,marking  ] GC(5778) Concurrent Preclean 2.593ms
[2025-01-08T22:50:48.897+0000][181519.263s][info][gc,start    ] GC(5778) Pause Remark
[2025-01-08T22:50:48.922+0000][181519.288s][info][gc          ] GC(5778) Pause Remark 3214M->3214M(12288M) 25.422ms
[2025-01-08T22:50:48.922+0000][181519.288s][info][gc,cpu      ] GC(5778) User=0.15s Sys=0.00s Real=0.03s
[2025-01-08T22:50:48.922+0000][181519.289s][info][gc,marking  ] GC(5778) Concurrent Mark 942.877ms
[2025-01-08T22:50:48.923+0000][181519.289s][info][gc,marking  ] GC(5778) Concurrent Rebuild Remembered Sets
[2025-01-08T22:50:49.520+0000][181519.886s][info][gc,marking  ] GC(5778) Concurrent Rebuild Remembered Sets 597.291ms
[2025-01-08T22:50:49.520+0000][181519.886s][info][gc,start    ] GC(5778) Pause Cleanup
[2025-01-08T22:50:49.520+0000][181519.886s][info][gc          ] GC(5778) Pause Cleanup 3934M->3934M(12288M) 0.392ms
[2025-01-08T22:50:49.520+0000][181519.886s][info][gc,cpu      ] GC(5778) User=0.00s Sys=0.00s Real=0.00s
[2025-01-08T22:50:49.520+0000][181519.887s][info][gc,marking  ] GC(5778) Concurrent Cleanup for Next Mark
[2025-01-08T22:50:49.536+0000][181519.902s][info][gc,marking  ] GC(5778) Concurrent Cleanup for Next Mark 15.304ms
[2025-01-08T22:50:49.536+0000][181519.902s][info][gc          ] GC(5778) Concurrent Mark Cycle 1577.602ms
[2025-01-08T22:50:55.960+0000][181526.326s][info][gc,start    ] GC(5779) Pause Young (Prepare Mixed) (G1 Evacuation Pause)
[2025-01-08T22:50:55.960+0000][181526.326s][info][gc,task     ] GC(5779) Using 6 workers of 6 for evacuation
[2025-01-08T22:50:55.996+0000][181526.362s][info][gc,phases   ] GC(5779)   Pre Evacuate Collection Set: 0.2ms
[2025-01-08T22:50:55.996+0000][181526.362s][info][gc,phases   ] GC(5779)   Merge Heap Roots: 0.7ms
[2025-01-08T22:50:55.996+0000][181526.362s][info][gc,phases   ] GC(5779)   Evacuate Collection Set: 32.0ms
[2025-01-08T22:50:55.996+0000][181526.362s][info][gc,phases   ] GC(5779)   Post Evacuate Collection Set: 2.8ms
[2025-01-08T22:50:55.996+0000][181526.362s][info][gc,phases   ] GC(5779)   Other: 0.2ms
[2025-01-08T22:50:55.996+0000][181526.362s][info][gc,heap     ] GC(5779) Eden regions: 913->0(67)
[2025-01-08T22:50:55.996+0000][181526.362s][info][gc,heap     ] GC(5779) Survivor regions: 8->9(116)
[2025-01-08T22:50:55.996+0000][181526.362s][info][gc,heap     ] GC(5779) Old regions: 234->234
[2025-01-08T22:50:55.996+0000][181526.362s][info][gc,heap     ] GC(5779) Archive regions: 2->2
[2025-01-08T22:50:55.996+0000][181526.362s][info][gc,heap     ] GC(5779) Humongous regions: 49->49
[2025-01-08T22:50:55.996+0000][181526.362s][info][gc,metaspace] GC(5779) Metaspace: 524002K(533824K)->524002K(533824K) NonClass: 460154K(465088K)->460154K(465088K) Class: 63848K(68736K)->63848K(68736K)
[2025-01-08T22:50:55.996+0000][181526.362s][info][gc          ] GC(5779) Pause Young (Prepare Mixed) (G1 Evacuation Pause) 9630M->2338M(12288M) 35.956ms
[2025-01-08T22:50:55.996+0000][181526.362s][info][gc,cpu      ] GC(5779) User=0.20s Sys=0.01s Real=0.04s
[2025-01-08T22:50:56.482+0000][181526.848s][info][gc,start    ] GC(5780) Pause Young (Mixed) (G1 Evacuation Pause)
[2025-01-08T22:50:56.482+0000][181526.848s][info][gc,task     ] GC(5780) Using 6 workers of 6 for evacuation
[2025-01-08T22:50:56.555+0000][181526.921s][info][gc,phases   ] GC(5780)   Pre Evacuate Collection Set: 0.2ms
[2025-01-08T22:50:56.555+0000][181526.921s][info][gc,phases   ] GC(5780)   Merge Heap Roots: 0.8ms
[2025-01-08T22:50:56.555+0000][181526.921s][info][gc,phases   ] GC(5780)   Evacuate Collection Set: 69.8ms
[2025-01-08T22:50:56.555+0000][181526.921s][info][gc,phases   ] GC(5780)   Post Evacuate Collection Set: 2.0ms
[2025-01-08T22:50:56.555+0000][181526.921s][info][gc,phases   ] GC(5780)   Other: 0.2ms
[2025-01-08T22:50:56.555+0000][181526.921s][info][gc,heap     ] GC(5780) Eden regions: 67->0(915)
[2025-01-08T22:50:56.555+0000][181526.921s][info][gc,heap     ] GC(5780) Survivor regions: 9->6(10)
[2025-01-08T22:50:56.555+0000][181526.921s][info][gc,heap     ] GC(5780) Old regions: 234->233
[2025-01-08T22:50:56.555+0000][181526.921s][info][gc,heap     ] GC(5780) Archive regions: 2->2
[2025-01-08T22:50:56.555+0000][181526.921s][info][gc,heap     ] GC(5780) Humongous regions: 49->49
[2025-01-08T22:50:56.555+0000][181526.921s][info][gc,metaspace] GC(5780) Metaspace: 524002K(533824K)->524002K(533824K) NonClass: 460154K(465088K)->460154K(465088K) Class: 63848K(68736K)->63848K(68736K)
[2025-01-08T22:50:56.555+0000][181526.921s][info][gc          ] GC(5780) Pause Young (Mixed) (G1 Evacuation Pause) 2874M->2306M(12288M) 73.039ms
[2025-01-08T22:50:56.555+0000][181526.921s][info][gc,cpu      ] GC(5780) User=0.43s Sys=0.00s Real=0.07s
[2025-01-08T22:51:04.497+0000][181534.863s][info][gc,start    ] GC(5781) Pause Young (Normal) (G1 Evacuation Pause)
[2025-01-08T22:51:04.497+0000][181534.863s][info][gc,task     ] GC(5781) Using 6 workers of 6 for evacuation
[2025-01-08T22:51:04.527+0000][181534.893s][info][gc,phases   ] GC(5781)   Pre Evacuate Collection Set: 0.3ms
[2025-01-08T22:51:04.527+0000][181534.893s][info][gc,phases   ] GC(5781)   Merge Heap Roots: 0.5ms
[2025-01-08T22:51:04.527+0000][181534.893s][info][gc,phases   ] GC(5781)   Evacuate Collection Set: 23.4ms
[2025-01-08T22:51:04.527+0000][181534.893s][info][gc,phases   ] GC(5781)   Post Evacuate Collection Set: 5.2ms
[2025-01-08T22:51:04.527+0000][181534.893s][info][gc,phases   ] GC(5781)   Other: 0.2ms
[2025-01-08T22:51:04.527+0000][181534.893s][info][gc,heap     ] GC(5781) Eden regions: 915->0(914)
[2025-01-08T22:51:04.527+0000][181534.893s][info][gc,heap     ] GC(5781) Survivor regions: 6->7(116)
[2025-01-08T22:51:04.527+0000][181534.893s][info][gc,heap     ] GC(5781) Old regions: 233->233
[2025-01-08T22:51:04.527+0000][181534.893s][info][gc,heap     ] GC(5781) Archive regions: 2->2
[2025-01-08T22:51:04.527+0000][181534.893s][info][gc,heap     ] GC(5781) Humongous regions: 49->49
[2025-01-08T22:51:04.527+0000][181534.893s][info][gc,metaspace] GC(5781) Metaspace: 524002K(533824K)->524002K(533824K) NonClass: 460154K(465088K)->460154K(465088K) Class: 63848K(68736K)->63848K(68736K)
[2025-01-08T22:51:04.527+0000][181534.893s][info][gc          ] GC(5781) Pause Young (Normal) (G1 Evacuation Pause) 9626M->2318M(12288M) 29.565ms
[2025-01-08T22:51:04.527+0000][181534.893s][info][gc,cpu      ] GC(5781) User=0.16s Sys=0.01s Real=0.03s
[2025-01-08T22:51:16.133+0000][181546.499s][info][gc,start    ] GC(5782) Pause Young (Normal) (G1 Evacuation Pause)
[2025-01-08T22:51:16.133+0000][181546.499s][info][gc,task     ] GC(5782) Using 6 workers of 6 for evacuation
[2025-01-08T22:51:16.168+0000][181546.535s][info][gc,phases   ] GC(5782)   Pre Evacuate Collection Set: 0.2ms
[2025-01-08T22:51:16.169+0000][181546.535s][info][gc,phases   ] GC(5782)   Merge Heap Roots: 0.5ms
[2025-01-08T22:51:16.169+0000][181546.535s][info][gc,phases   ] GC(5782)   Evacuate Collection Set: 30.6ms
[2025-01-08T22:51:16.169+0000][181546.535s][info][gc,phases   ] GC(5782)   Post Evacuate Collection Set: 4.0ms
[2025-01-08T22:51:16.169+0000][181546.535s][info][gc,phases   ] GC(5782)   Other: 0.2ms
[2025-01-08T22:51:16.169+0000][181546.535s][info][gc,heap     ] GC(5782) Eden regions: 914->0(912)
[2025-01-08T22:51:16.169+0000][181546.535s][info][gc,heap     ] GC(5782) Survivor regions: 7->9(116)
[2025-01-08T22:51:16.169+0000][181546.535s][info][gc,heap     ] GC(5782) Old regions: 233->233
[2025-01-08T22:51:16.169+0000][181546.535s][info][gc,heap     ] GC(5782) Archive regions: 2->2
[2025-01-08T22:51:16.169+0000][181546.535s][info][gc,heap     ] GC(5782) Humongous regions: 49->49
[2025-01-08T22:51:16.169+0000][181546.535s][info][gc,metaspace] GC(5782) Metaspace: 524002K(533824K)->524002K(533824K) NonClass: 460154K(465088K)->460154K(465088K) Class: 63848K(68736K)->63848K(68736K)
[2025-01-08T22:51:16.169+0000][181546.535s][info][gc          ] GC(5782) Pause Young (Normal) (G1 Evacuation Pause) 9630M->2334M(12288M) 35.632ms
[2025-01-08T22:51:16.169+0000][181546.535s][info][gc,cpu      ] GC(5782) User=0.20s Sys=0.00s Real=0.03s
[2025-01-08T22:51:24.356+0000][181554.723s][info][gc,start    ] GC(5783) Pause Young (Concurrent Start) (G1 Evacuation Pause)
[2025-01-08T22:51:24.356+0000][181554.723s][info][gc,task     ] GC(5783) Using 6 workers of 6 for evacuation
[2025-01-08T22:51:24.393+0000][181554.759s][info][gc,phases   ] GC(5783)   Pre Evacuate Collection Set: 1.2ms
[2025-01-08T22:51:24.393+0000][181554.759s][info][gc,phases   ] GC(5783)   Merge Heap Roots: 0.5ms
[2025-01-08T22:51:24.393+0000][181554.759s][info][gc,phases   ] GC(5783)   Evacuate Collection Set: 32.3ms
[2025-01-08T22:51:24.393+0000][181554.759s][info][gc,phases   ] GC(5783)   Post Evacuate Collection Set: 2.6ms
[2025-01-08T22:51:24.393+0000][181554.759s][info][gc,phases   ] GC(5783)   Other: 0.3ms
[2025-01-08T22:51:24.393+0000][181554.759s][info][gc,heap     ] GC(5783) Eden regions: 912->0(912)
[2025-01-08T22:51:24.393+0000][181554.759s][info][gc,heap     ] GC(5783) Survivor regions: 9->9(116)
[2025-01-08T22:51:24.393+0000][181554.759s][info][gc,heap     ] GC(5783) Old regions: 233->233
[2025-01-08T22:51:24.393+0000][181554.759s][info][gc,heap     ] GC(5783) Archive regions: 2->2
[2025-01-08T22:51:24.393+0000][181554.759s][info][gc,heap     ] GC(5783) Humongous regions: 49->49
[2025-01-08T22:51:24.393+0000][181554.759s][info][gc,metaspace] GC(5783) Metaspace: 524002K(533824K)->524002K(533824K) NonClass: 460154K(465088K)->460154K(465088K) Class: 63848K(68736K)->63848K(68736K)
[2025-01-08T22:51:24.393+0000][181554.759s][info][gc          ] GC(5783) Pause Young (Concurrent Start) (G1 Evacuation Pause) 9630M->2334M(12288M) 36.929ms
[2025-01-08T22:51:24.393+0000][181554.760s][info][gc,cpu      ] GC(5783) User=0.21s Sys=0.00s Real=0.04s
[2025-01-08T22:51:24.394+0000][181554.760s][info][gc          ] GC(5784) Concurrent Mark Cycle
[2025-01-08T22:51:24.394+0000][181554.760s][info][gc,marking  ] GC(5784) Concurrent Clear Claimed Marks
[2025-01-08T22:51:24.395+0000][181554.761s][info][gc,marking  ] GC(5784) Concurrent Clear Claimed Marks 1.035ms
[2025-01-08T22:51:24.395+0000][181554.761s][info][gc,marking  ] GC(5784) Concurrent Scan Root Regions
[2025-01-08T22:51:24.417+0000][181554.784s][info][gc,marking  ] GC(5784) Concurrent Scan Root Regions 22.874ms
[2025-01-08T22:51:24.417+0000][181554.784s][info][gc,marking  ] GC(5784) Concurrent Mark
[2025-01-08T22:51:24.418+0000][181554.784s][info][gc,marking  ] GC(5784) Concurrent Mark From Roots
[2025-01-08T22:51:24.418+0000][181554.784s][info][gc,task     ] GC(5784) Using 2 workers of 2 for marking
[2025-01-08T22:51:25.408+0000][181555.774s][info][gc,marking  ] GC(5784) Concurrent Mark From Roots 990.582ms
[2025-01-08T22:51:25.408+0000][181555.774s][info][gc,marking  ] GC(5784) Concurrent Preclean
[2025-01-08T22:51:25.412+0000][181555.778s][info][gc,marking  ] GC(5784) Concurrent Preclean 3.635ms
[2025-01-08T22:51:25.412+0000][181555.778s][info][gc,start    ] GC(5784) Pause Remark
[2025-01-08T22:51:25.438+0000][181555.804s][info][gc          ] GC(5784) Pause Remark 3330M->3330M(12288M) 26.328ms
[2025-01-08T22:51:25.438+0000][181555.804s][info][gc,cpu      ] GC(5784) User=0.15s Sys=0.00s Real=0.02s
[2025-01-08T22:51:25.438+0000][181555.805s][info][gc,marking  ] GC(5784) Concurrent Mark 1020.902ms
[2025-01-08T22:51:25.438+0000][181555.805s][info][gc,marking  ] GC(5784) Concurrent Rebuild Remembered Sets
[2025-01-08T22:51:25.968+0000][181556.334s][info][gc,marking  ] GC(5784) Concurrent Rebuild Remembered Sets 529.224ms
[2025-01-08T22:51:25.968+0000][181556.334s][info][gc,start    ] GC(5784) Pause Cleanup
[2025-01-08T22:51:25.968+0000][181556.334s][info][gc          ] GC(5784) Pause Cleanup 3779M->3779M(12288M) 0.418ms
[2025-01-08T22:51:25.968+0000][181556.334s][info][gc,cpu      ] GC(5784) User=0.00s Sys=0.00s Real=0.00s
[2025-01-08T22:51:25.968+0000][181556.334s][info][gc,marking  ] GC(5784) Concurrent Cleanup for Next Mark
[2025-01-08T22:51:25.984+0000][181556.350s][info][gc,marking  ] GC(5784) Concurrent Cleanup for Next Mark 15.872ms
[2025-01-08T22:51:25.984+0000][181556.350s][info][gc          ] GC(5784) Concurrent Mark Cycle 1590.719ms
[2025-01-08T22:51:30.958+0000][181561.324s][info][gc,start    ] GC(5785) Pause Young (Prepare Mixed) (G1 Evacuation Pause)
[2025-01-08T22:51:30.958+0000][181561.324s][info][gc,task     ] GC(5785) Using 6 workers of 6 for evacuation
[2025-01-08T22:51:31.000+0000][181561.366s][info][gc,phases   ] GC(5785)   Pre Evacuate Collection Set: 0.2ms
[2025-01-08T22:51:31.000+0000][181561.366s][info][gc,phases   ] GC(5785)   Merge Heap Roots: 0.7ms
[2025-01-08T22:51:31.000+0000][181561.366s][info][gc,phases   ] GC(5785)   Evacuate Collection Set: 37.4ms
[2025-01-08T22:51:31.000+0000][181561.366s][info][gc,phases   ] GC(5785)   Post Evacuate Collection Set: 2.8ms
[2025-01-08T22:51:31.000+0000][181561.366s][info][gc,phases   ] GC(5785)   Other: 0.2ms
[2025-01-08T22:51:31.000+0000][181561.366s][info][gc,heap     ] GC(5785) Eden regions: 912->0(65)
[2025-01-08T22:51:31.000+0000][181561.366s][info][gc,heap     ] GC(5785) Survivor regions: 9->11(116)
[2025-01-08T22:51:31.000+0000][181561.366s][info][gc,heap     ] GC(5785) Old regions: 233->233
[2025-01-08T22:51:31.000+0000][181561.366s][info][gc,heap     ] GC(5785) Archive regions: 2->2
[2025-01-08T22:51:31.000+0000][181561.366s][info][gc,heap     ] GC(5785) Humongous regions: 49->49
[2025-01-08T22:51:31.000+0000][181561.366s][info][gc,metaspace] GC(5785) Metaspace: 524002K(533824K)->524002K(533824K) NonClass: 460154K(465088K)->460154K(465088K) Class: 63848K(68736K)->63848K(68736K)
[2025-01-08T22:51:31.000+0000][181561.366s][info][gc          ] GC(5785) Pause Young (Prepare Mixed) (G1 Evacuation Pause) 9630M->2348M(12288M) 41.422ms
[2025-01-08T22:51:31.000+0000][181561.366s][info][gc,cpu      ] GC(5785) User=0.24s Sys=0.01s Real=0.04s
[2025-01-08T22:51:31.309+0000][181561.675s][info][gc,start    ] GC(5786) Pause Young (Mixed) (G1 Evacuation Pause)
[2025-01-08T22:51:31.309+0000][181561.675s][info][gc,task     ] GC(5786) Using 6 workers of 6 for evacuation
[2025-01-08T22:51:31.381+0000][181561.748s][info][gc,phases   ] GC(5786)   Pre Evacuate Collection Set: 0.2ms
[2025-01-08T22:51:31.382+0000][181561.748s][info][gc,phases   ] GC(5786)   Merge Heap Roots: 0.7ms
[2025-01-08T22:51:31.382+0000][181561.748s][info][gc,phases   ] GC(5786)   Evacuate Collection Set: 69.6ms
[2025-01-08T22:51:31.382+0000][181561.748s][info][gc,phases   ] GC(5786)   Post Evacuate Collection Set: 1.8ms
[2025-01-08T22:51:31.382+0000][181561.748s][info][gc,phases   ] GC(5786)   Other: 0.2ms
[2025-01-08T22:51:31.382+0000][181561.748s][info][gc,heap     ] GC(5786) Eden regions: 65->0(915)
[2025-01-08T22:51:31.382+0000][181561.748s][info][gc,heap     ] GC(5786) Survivor regions: 11->6(10)
[2025-01-08T22:51:31.382+0000][181561.748s][info][gc,heap     ] GC(5786) Old regions: 233->235
[2025-01-08T22:51:31.382+0000][181561.748s][info][gc,heap     ] GC(5786) Archive regions: 2->2
[2025-01-08T22:51:31.382+0000][181561.748s][info][gc,heap     ] GC(5786) Humongous regions: 49->49
[2025-01-08T22:51:31.382+0000][181561.748s][info][gc,metaspace] GC(5786) Metaspace: 524002K(533824K)->524002K(533824K) NonClass: 460154K(465088K)->460154K(465088K) Class: 63848K(68736K)->63848K(68736K)
[2025-01-08T22:51:31.382+0000][181561.748s][info][gc          ] GC(5786) Pause Young (Mixed) (G1 Evacuation Pause) 2868M->2314M(12288M) 72.627ms
[2025-01-08T22:51:31.382+0000][181561.748s][info][gc,cpu      ] GC(5786) User=0.42s Sys=0.00s Real=0.08s
[2025-01-08T22:51:40.037+0000][181570.403s][info][gc,start    ] GC(5787) Pause Young (Normal) (G1 Evacuation Pause)
[2025-01-08T22:51:40.037+0000][181570.403s][info][gc,task     ] GC(5787) Using 6 workers of 6 for evacuation
[2025-01-08T22:51:40.066+0000][181570.432s][info][gc,phases   ] GC(5787)   Pre Evacuate Collection Set: 0.2ms
[2025-01-08T22:51:40.066+0000][181570.432s][info][gc,phases   ] GC(5787)   Merge Heap Roots: 0.5ms
[2025-01-08T22:51:40.066+0000][181570.432s][info][gc,phases   ] GC(5787)   Evacuate Collection Set: 25.6ms
[2025-01-08T22:51:40.066+0000][181570.432s][info][gc,phases   ] GC(5787)   Post Evacuate Collection Set: 2.5ms
[2025-01-08T22:51:40.066+0000][181570.432s][info][gc,phases   ] GC(5787)   Other: 0.2ms
[2025-01-08T22:51:40.066+0000][181570.432s][info][gc,heap     ] GC(5787) Eden regions: 915->0(914)
[2025-01-08T22:51:40.066+0000][181570.432s][info][gc,heap     ] GC(5787) Survivor regions: 6->7(116)
[2025-01-08T22:51:40.066+0000][181570.432s][info][gc,heap     ] GC(5787) Old regions: 235->235
[2025-01-08T22:51:40.066+0000][181570.432s][info][gc,heap     ] GC(5787) Archive regions: 2->2
[2025-01-08T22:51:40.066+0000][181570.432s][info][gc,heap     ] GC(5787) Humongous regions: 49->49
[2025-01-08T22:51:40.066+0000][181570.432s][info][gc,metaspace] GC(5787) Metaspace: 524002K(533824K)->524002K(533824K) NonClass: 460154K(465088K)->460154K(465088K) Class: 63848K(68736K)->63848K(68736K)
[2025-01-08T22:51:40.066+0000][181570.432s][info][gc          ] GC(5787) Pause Young (Normal) (G1 Evacuation Pause) 9634M->2322M(12288M) 29.058ms
[2025-01-08T22:51:40.066+0000][181570.432s][info][gc,cpu      ] GC(5787) User=0.17s Sys=0.00s Real=0.03s
[2025-01-08T22:51:45.639+0000][181576.005s][info][gc,start    ] GC(5788) Pause Young (Normal) (G1 Evacuation Pause)
[2025-01-08T22:51:45.639+0000][181576.005s][info][gc,task     ] GC(5788) Using 6 workers of 6 for evacuation
[2025-01-08T22:51:45.670+0000][181576.036s][info][gc,phases   ] GC(5788)   Pre Evacuate Collection Set: 0.2ms
[2025-01-08T22:51:45.670+0000][181576.036s][info][gc,phases   ] GC(5788)   Merge Heap Roots: 0.4ms
[2025-01-08T22:51:45.670+0000][181576.036s][info][gc,phases   ] GC(5788)   Evacuate Collection Set: 26.5ms
[2025-01-08T22:51:45.670+0000][181576.036s][info][gc,phases   ] GC(5788)   Post Evacuate Collection Set: 3.1ms
[2025-01-08T22:51:45.670+0000][181576.036s][info][gc,phases   ] GC(5788)   Other: 0.2ms
[2025-01-08T22:51:45.670+0000][181576.036s][info][gc,heap     ] GC(5788) Eden regions: 914->0(914)
[2025-01-08T22:51:45.670+0000][181576.036s][info][gc,heap     ] GC(5788) Survivor regions: 7->7(116)
[2025-01-08T22:51:45.670+0000][181576.036s][info][gc,heap     ] GC(5788) Old regions: 235->235
[2025-01-08T22:51:45.670+0000][181576.036s][info][gc,heap     ] GC(5788) Archive regions: 2->2
[2025-01-08T22:51:45.670+0000][181576.036s][info][gc,heap     ] GC(5788) Humongous regions: 49->49
[2025-01-08T22:51:45.670+0000][181576.036s][info][gc,metaspace] GC(5788) Metaspace: 524002K(533824K)->524002K(533824K) NonClass: 460154K(465088K)->460154K(465088K) Class: 63848K(68736K)->63848K(68736K)
[2025-01-08T22:51:45.670+0000][181576.036s][info][gc          ] GC(5788) Pause Young (Normal) (G1 Evacuation Pause) 9634M->2327M(12288M) 30.541ms
[2025-01-08T22:51:45.670+0000][181576.036s][info][gc,cpu      ] GC(5788) User=0.17s Sys=0.00s Real=0.04s
[2025-01-08T22:51:54.683+0000][181585.049s][info][gc,start    ] GC(5789) Pause Young (Concurrent Start) (G1 Evacuation Pause)
[2025-01-08T22:51:54.683+0000][181585.049s][info][gc,task     ] GC(5789) Using 6 workers of 6 for evacuation
[2025-01-08T22:51:54.724+0000][181585.090s][info][gc,phases   ] GC(5789)   Pre Evacuate Collection Set: 1.1ms
[2025-01-08T22:51:54.724+0000][181585.090s][info][gc,phases   ] GC(5789)   Merge Heap Roots: 0.5ms
[2025-01-08T22:51:54.724+0000][181585.090s][info][gc,phases   ] GC(5789)   Evacuate Collection Set: 36.4ms
[2025-01-08T22:51:54.724+0000][181585.090s][info][gc,phases   ] GC(5789)   Post Evacuate Collection Set: 2.6ms
[2025-01-08T22:51:54.724+0000][181585.090s][info][gc,phases   ] GC(5789)   Other: 0.3ms
[2025-01-08T22:51:54.724+0000][181585.090s][info][gc,heap     ] GC(5789) Eden regions: 914->0(913)
[2025-01-08T22:51:54.724+0000][181585.090s][info][gc,heap     ] GC(5789) Survivor regions: 7->8(116)
[2025-01-08T22:51:54.724+0000][181585.090s][info][gc,heap     ] GC(5789) Old regions: 235->235
[2025-01-08T22:51:54.724+0000][181585.090s][info][gc,heap     ] GC(5789) Archive regions: 2->2
[2025-01-08T22:51:54.724+0000][181585.090s][info][gc,heap     ] GC(5789) Humongous regions: 49->49
[2025-01-08T22:51:54.724+0000][181585.090s][info][gc,metaspace] GC(5789) Metaspace: 524002K(533824K)->524002K(533824K) NonClass: 460154K(465088K)->460154K(465088K) Class: 63848K(68736K)->63848K(68736K)
[2025-01-08T22:51:54.724+0000][181585.090s][info][gc          ] GC(5789) Pause Young (Concurrent Start) (G1 Evacuation Pause) 9639M->2334M(12288M) 40.995ms
[2025-01-08T22:51:54.724+0000][181585.090s][info][gc,cpu      ] GC(5789) User=0.20s Sys=0.00s Real=0.04s
[2025-01-08T22:51:54.724+0000][181585.090s][info][gc          ] GC(5790) Concurrent Mark Cycle
[2025-01-08T22:51:54.724+0000][181585.090s][info][gc,marking  ] GC(5790) Concurrent Clear Claimed Marks
[2025-01-08T22:51:54.725+0000][181585.091s][info][gc,marking  ] GC(5790) Concurrent Clear Claimed Marks 0.908ms
[2025-01-08T22:51:54.725+0000][181585.091s][info][gc,marking  ] GC(5790) Concurrent Scan Root Regions
[2025-01-08T22:51:54.750+0000][181585.116s][info][gc,marking  ] GC(5790) Concurrent Scan Root Regions 24.800ms
[2025-01-08T22:51:54.750+0000][181585.116s][info][gc,marking  ] GC(5790) Concurrent Mark
[2025-01-08T22:51:54.750+0000][181585.116s][info][gc,marking  ] GC(5790) Concurrent Mark From Roots
[2025-01-08T22:51:54.750+0000][181585.116s][info][gc,task     ] GC(5790) Using 2 workers of 2 for marking
[2025-01-08T22:51:55.698+0000][181586.064s][info][gc,marking  ] GC(5790) Concurrent Mark From Roots 948.066ms
[2025-01-08T22:51:55.698+0000][181586.064s][info][gc,marking  ] GC(5790) Concurrent Preclean
[2025-01-08T22:51:55.701+0000][181586.068s][info][gc,marking  ] GC(5790) Concurrent Preclean 3.547ms
[2025-01-08T22:51:55.702+0000][181586.068s][info][gc,start    ] GC(5790) Pause Remark
[2025-01-08T22:51:55.730+0000][181586.096s][info][gc          ] GC(5790) Pause Remark 3426M->3426M(12288M) 28.499ms
[2025-01-08T22:51:55.730+0000][181586.096s][info][gc,cpu      ] GC(5790) User=0.15s Sys=0.01s Real=0.03s
[2025-01-08T22:51:55.730+0000][181586.096s][info][gc,marking  ] GC(5790) Concurrent Mark 980.507ms
[2025-01-08T22:51:55.730+0000][181586.096s][info][gc,marking  ] GC(5790) Concurrent Rebuild Remembered Sets
[2025-01-08T22:51:56.352+0000][181586.718s][info][gc,marking  ] GC(5790) Concurrent Rebuild Remembered Sets 621.834ms
[2025-01-08T22:51:56.352+0000][181586.718s][info][gc,start    ] GC(5790) Pause Cleanup
[2025-01-08T22:51:56.353+0000][181586.719s][info][gc          ] GC(5790) Pause Cleanup 4230M->4230M(12288M) 0.395ms
[2025-01-08T22:51:56.353+0000][181586.719s][info][gc,cpu      ] GC(5790) User=0.00s Sys=0.00s Real=0.00s
[2025-01-08T22:51:56.353+0000][181586.719s][info][gc,marking  ] GC(5790) Concurrent Cleanup for Next Mark
[2025-01-08T22:51:56.368+0000][181586.734s][info][gc,marking  ] GC(5790) Concurrent Cleanup for Next Mark 15.432ms
[2025-01-08T22:51:56.368+0000][181586.734s][info][gc          ] GC(5790) Concurrent Mark Cycle 1644.243ms
[2025-01-08T22:52:03.971+0000][181594.337s][info][gc,start    ] GC(5791) Pause Young (Prepare Mixed) (G1 Evacuation Pause)
[2025-01-08T22:52:03.971+0000][181594.337s][info][gc,task     ] GC(5791) Using 6 workers of 6 for evacuation
[2025-01-08T22:52:04.012+0000][181594.378s][info][gc,phases   ] GC(5791)   Pre Evacuate Collection Set: 0.2ms
[2025-01-08T22:52:04.012+0000][181594.378s][info][gc,phases   ] GC(5791)   Merge Heap Roots: 0.7ms
[2025-01-08T22:52:04.012+0000][181594.378s][info][gc,phases   ] GC(5791)   Evacuate Collection Set: 35.2ms
[2025-01-08T22:52:04.012+0000][181594.378s][info][gc,phases   ] GC(5791)   Post Evacuate Collection Set: 5.5ms
[2025-01-08T22:52:04.012+0000][181594.378s][info][gc,phases   ] GC(5791)   Other: 0.2ms
[2025-01-08T22:52:04.012+0000][181594.378s][info][gc,heap     ] GC(5791) Eden regions: 913->0(65)
[2025-01-08T22:52:04.012+0000][181594.378s][info][gc,heap     ] GC(5791) Survivor regions: 8->11(116)
[2025-01-08T22:52:04.012+0000][181594.378s][info][gc,heap     ] GC(5791) Old regions: 235->235
[2025-01-08T22:52:04.012+0000][181594.378s][info][gc,heap     ] GC(5791) Archive regions: 2->2
[2025-01-08T22:52:04.012+0000][181594.378s][info][gc,heap     ] GC(5791) Humongous regions: 49->49
[2025-01-08T22:52:04.012+0000][181594.378s][info][gc,metaspace] GC(5791) Metaspace: 524003K(533824K)->524003K(533824K) NonClass: 460154K(465088K)->460154K(465088K) Class: 63848K(68736K)->63848K(68736K)
[2025-01-08T22:52:04.012+0000][181594.379s][info][gc          ] GC(5791) Pause Young (Prepare Mixed) (G1 Evacuation Pause) 9638M->2355M(12288M) 41.796ms
[2025-01-08T22:52:04.012+0000][181594.379s][info][gc,cpu      ] GC(5791) User=0.24s Sys=0.00s Real=0.04s
[2025-01-08T22:52:04.451+0000][181594.817s][info][gc,start    ] GC(5792) Pause Young (Mixed) (G1 Evacuation Pause)
[2025-01-08T22:52:04.451+0000][181594.817s][info][gc,task     ] GC(5792) Using 6 workers of 6 for evacuation
[2025-01-08T22:52:04.520+0000][181594.886s][info][gc,phases   ] GC(5792)   Pre Evacuate Collection Set: 0.2ms
[2025-01-08T22:52:04.520+0000][181594.886s][info][gc,phases   ] GC(5792)   Merge Heap Roots: 0.7ms
[2025-01-08T22:52:04.520+0000][181594.886s][info][gc,phases   ] GC(5792)   Evacuate Collection Set: 67.0ms
[2025-01-08T22:52:04.520+0000][181594.886s][info][gc,phases   ] GC(5792)   Post Evacuate Collection Set: 1.7ms
[2025-01-08T22:52:04.520+0000][181594.886s][info][gc,phases   ] GC(5792)   Other: 0.2ms
[2025-01-08T22:52:04.520+0000][181594.886s][info][gc,heap     ] GC(5792) Eden regions: 65->0(916)
[2025-01-08T22:52:04.520+0000][181594.886s][info][gc,heap     ] GC(5792) Survivor regions: 11->5(10)
[2025-01-08T22:52:04.520+0000][181594.886s][info][gc,heap     ] GC(5792) Old regions: 235->236
[2025-01-08T22:52:04.520+0000][181594.886s][info][gc,heap     ] GC(5792) Archive regions: 2->2
[2025-01-08T22:52:04.520+0000][181594.886s][info][gc,heap     ] GC(5792) Humongous regions: 49->49
[2025-01-08T22:52:04.520+0000][181594.886s][info][gc,metaspace] GC(5792) Metaspace: 524003K(533824K)->524003K(533824K) NonClass: 460154K(465088K)->460154K(465088K) Class: 63848K(68736K)->63848K(68736K)
[2025-01-08T22:52:04.520+0000][181594.887s][info][gc          ] GC(5792) Pause Young (Mixed) (G1 Evacuation Pause) 2875M->2317M(12288M) 69.895ms
[2025-01-08T22:52:04.520+0000][181594.887s][info][gc,cpu      ] GC(5792) User=0.39s Sys=0.00s Real=0.06s
[2025-01-08T22:52:12.827+0000][181603.193s][info][gc,start    ] GC(5793) Pause Young (Normal) (G1 Evacuation Pause)
[2025-01-08T22:52:12.827+0000][181603.193s][info][gc,task     ] GC(5793) Using 6 workers of 6 for evacuation
[2025-01-08T22:52:12.853+0000][181603.219s][info][gc,phases   ] GC(5793)   Pre Evacuate Collection Set: 0.2ms
[2025-01-08T22:52:12.853+0000][181603.219s][info][gc,phases   ] GC(5793)   Merge Heap Roots: 0.4ms
[2025-01-08T22:52:12.853+0000][181603.219s][info][gc,phases   ] GC(5793)   Evacuate Collection Set: 21.8ms
[2025-01-08T22:52:12.853+0000][181603.219s][info][gc,phases   ] GC(5793)   Post Evacuate Collection Set: 4.0ms
[2025-01-08T22:52:12.853+0000][181603.219s][info][gc,phases   ] GC(5793)   Other: 0.2ms
[2025-01-08T22:52:12.853+0000][181603.219s][info][gc,heap     ] GC(5793) Eden regions: 916->0(915)
[2025-01-08T22:52:12.853+0000][181603.219s][info][gc,heap     ] GC(5793) Survivor regions: 5->6(116)
[2025-01-08T22:52:12.853+0000][181603.219s][info][gc,heap     ] GC(5793) Old regions: 236->236
[2025-01-08T22:52:12.853+0000][181603.219s][info][gc,heap     ] GC(5793) Archive regions: 2->2
[2025-01-08T22:52:12.853+0000][181603.219s][info][gc,heap     ] GC(5793) Humongous regions: 49->49
[2025-01-08T22:52:12.853+0000][181603.219s][info][gc,metaspace] GC(5793) Metaspace: 524003K(533824K)->524003K(533824K) NonClass: 460154K(465088K)->460154K(465088K) Class: 63848K(68736K)->63848K(68736K)
[2025-01-08T22:52:12.853+0000][181603.219s][info][gc          ] GC(5793) Pause Young (Normal) (G1 Evacuation Pause) 9645M->2329M(12288M) 26.618ms
[2025-01-08T22:52:12.853+0000][181603.219s][info][gc,cpu      ] GC(5793) User=0.15s Sys=0.00s Real=0.03s
[2025-01-08T22:52:23.024+0000][181613.390s][info][gc,start    ] GC(5794) Pause Young (Normal) (G1 Evacuation Pause)
[2025-01-08T22:52:23.024+0000][181613.390s][info][gc,task     ] GC(5794) Using 6 workers of 6 for evacuation
[2025-01-08T22:52:23.053+0000][181613.419s][info][gc,phases   ] GC(5794)   Pre Evacuate Collection Set: 0.2ms
[2025-01-08T22:52:23.053+0000][181613.419s][info][gc,phases   ] GC(5794)   Merge Heap Roots: 0.4ms
[2025-01-08T22:52:23.053+0000][181613.419s][info][gc,phases   ] GC(5794)   Evacuate Collection Set: 25.1ms
[2025-01-08T22:52:23.053+0000][181613.419s][info][gc,phases   ] GC(5794)   Post Evacuate Collection Set: 2.7ms
[2025-01-08T22:52:23.053+0000][181613.419s][info][gc,phases   ] GC(5794)   Other: 0.2ms
[2025-01-08T22:52:23.053+0000][181613.419s][info][gc,heap     ] GC(5794) Eden regions: 915->0(914)
[2025-01-08T22:52:23.053+0000][181613.419s][info][gc,heap     ] GC(5794) Survivor regions: 6->7(116)
[2025-01-08T22:52:23.053+0000][181613.419s][info][gc,heap     ] GC(5794) Old regions: 236->236
[2025-01-08T22:52:23.053+0000][181613.419s][info][gc,heap     ] GC(5794) Archive regions: 2->2
[2025-01-08T22:52:23.053+0000][181613.419s][info][gc,heap     ] GC(5794) Humongous regions: 49->49
[2025-01-08T22:52:23.053+0000][181613.419s][info][gc,metaspace] GC(5794) Metaspace: 524003K(533824K)->524003K(533824K) NonClass: 460154K(465088K)->460154K(465088K) Class: 63848K(68736K)->63848K(68736K)
[2025-01-08T22:52:23.053+0000][181613.419s][info][gc          ] GC(5794) Pause Young (Normal) (G1 Evacuation Pause) 9649M->2336M(12288M) 28.743ms
[2025-01-08T22:52:23.053+0000][181613.419s][info][gc,cpu      ] GC(5794) User=0.17s Sys=0.00s Real=0.03s
[2025-01-08T22:52:31.948+0000][181622.314s][info][gc,start    ] GC(5795) Pause Young (Concurrent Start) (G1 Evacuation Pause)
[2025-01-08T22:52:31.948+0000][181622.314s][info][gc,task     ] GC(5795) Using 6 workers of 6 for evacuation
[2025-01-08T22:52:31.981+0000][181622.347s][info][gc,phases   ] GC(5795)   Pre Evacuate Collection Set: 1.1ms
[2025-01-08T22:52:31.981+0000][181622.347s][info][gc,phases   ] GC(5795)   Merge Heap Roots: 0.5ms
[2025-01-08T22:52:31.981+0000][181622.347s][info][gc,phases   ] GC(5795)   Evacuate Collection Set: 29.0ms
[2025-01-08T22:52:31.981+0000][181622.347s][info][gc,phases   ] GC(5795)   Post Evacuate Collection Set: 2.6ms
[2025-01-08T22:52:31.981+0000][181622.347s][info][gc,phases   ] GC(5795)   Other: 0.3ms
[2025-01-08T22:52:31.981+0000][181622.347s][info][gc,heap     ] GC(5795) Eden regions: 914->0(913)
[2025-01-08T22:52:31.981+0000][181622.347s][info][gc,heap     ] GC(5795) Survivor regions: 7->8(116)
[2025-01-08T22:52:31.981+0000][181622.347s][info][gc,heap     ] GC(5795) Old regions: 236->236
[2025-01-08T22:52:31.981+0000][181622.347s][info][gc,heap     ] GC(5795) Archive regions: 2->2
[2025-01-08T22:52:31.981+0000][181622.347s][info][gc,heap     ] GC(5795) Humongous regions: 49->49
[2025-01-08T22:52:31.981+0000][181622.347s][info][gc,metaspace] GC(5795) Metaspace: 524003K(533824K)->524003K(533824K) NonClass: 460154K(465088K)->460154K(465088K) Class: 63848K(68736K)->63848K(68736K)
[2025-01-08T22:52:31.981+0000][181622.347s][info][gc          ] GC(5795) Pause Young (Concurrent Start) (G1 Evacuation Pause) 9648M->2346M(12288M) 33.517ms
[2025-01-08T22:52:31.981+0000][181622.347s][info][gc,cpu      ] GC(5795) User=0.19s Sys=0.00s Real=0.03s
[2025-01-08T22:52:31.981+0000][181622.347s][info][gc          ] GC(5796) Concurrent Mark Cycle
[2025-01-08T22:52:31.981+0000][181622.347s][info][gc,marking  ] GC(5796) Concurrent Clear Claimed Marks
[2025-01-08T22:52:31.982+0000][181622.348s][info][gc,marking  ] GC(5796) Concurrent Clear Claimed Marks 1.007ms
[2025-01-08T22:52:31.982+0000][181622.348s][info][gc,marking  ] GC(5796) Concurrent Scan Root Regions
[2025-01-08T22:52:32.007+0000][181622.373s][info][gc,marking  ] GC(5796) Concurrent Scan Root Regions 24.700ms
[2025-01-08T22:52:32.007+0000][181622.373s][info][gc,marking  ] GC(5796) Concurrent Mark
[2025-01-08T22:52:32.007+0000][181622.373s][info][gc,marking  ] GC(5796) Concurrent Mark From Roots
[2025-01-08T22:52:32.007+0000][181622.373s][info][gc,task     ] GC(5796) Using 2 workers of 2 for marking
[2025-01-08T22:52:32.940+0000][181623.306s][info][gc,marking  ] GC(5796) Concurrent Mark From Roots 933.116ms
[2025-01-08T22:52:32.940+0000][181623.306s][info][gc,marking  ] GC(5796) Concurrent Preclean
[2025-01-08T22:52:32.944+0000][181623.310s][info][gc,marking  ] GC(5796) Concurrent Preclean 3.536ms
[2025-01-08T22:52:32.944+0000][181623.310s][info][gc,start    ] GC(5796) Pause Remark
[2025-01-08T22:52:32.970+0000][181623.336s][info][gc          ] GC(5796) Pause Remark 3410M->3410M(12288M) 25.786ms
[2025-01-08T22:52:32.970+0000][181623.336s][info][gc,cpu      ] GC(5796) User=0.15s Sys=0.00s Real=0.03s
[2025-01-08T22:52:32.970+0000][181623.336s][info][gc,marking  ] GC(5796) Concurrent Mark 962.783ms
[2025-01-08T22:52:32.970+0000][181623.336s][info][gc,marking  ] GC(5796) Concurrent Rebuild Remembered Sets
[2025-01-08T22:52:33.490+0000][181623.856s][info][gc,marking  ] GC(5796) Concurrent Rebuild Remembered Sets 519.926ms
[2025-01-08T22:52:33.490+0000][181623.856s][info][gc,start    ] GC(5796) Pause Cleanup
[2025-01-08T22:52:33.490+0000][181623.856s][info][gc          ] GC(5796) Pause Cleanup 3870M->3870M(12288M) 0.468ms
[2025-01-08T22:52:33.490+0000][181623.856s][info][gc,cpu      ] GC(5796) User=0.00s Sys=0.00s Real=0.00s
[2025-01-08T22:52:33.490+0000][181623.856s][info][gc,marking  ] GC(5796) Concurrent Cleanup for Next Mark
[2025-01-08T22:52:33.506+0000][181623.872s][info][gc,marking  ] GC(5796) Concurrent Cleanup for Next Mark 15.514ms
[2025-01-08T22:52:33.506+0000][181623.872s][info][gc          ] GC(5796) Concurrent Mark Cycle 1524.859ms
[2025-01-08T22:52:38.700+0000][181629.066s][info][gc,start    ] GC(5797) Pause Young (Prepare Mixed) (G1 Evacuation Pause)
[2025-01-08T22:52:38.700+0000][181629.066s][info][gc,task     ] GC(5797) Using 6 workers of 6 for evacuation
[2025-01-08T22:52:38.738+0000][181629.104s][info][gc,phases   ] GC(5797)   Pre Evacuate Collection Set: 0.2ms
[2025-01-08T22:52:38.738+0000][181629.104s][info][gc,phases   ] GC(5797)   Merge Heap Roots: 0.8ms
[2025-01-08T22:52:38.738+0000][181629.104s][info][gc,phases   ] GC(5797)   Evacuate Collection Set: 34.0ms
[2025-01-08T22:52:38.738+0000][181629.104s][info][gc,phases   ] GC(5797)   Post Evacuate Collection Set: 2.9ms
[2025-01-08T22:52:38.738+0000][181629.104s][info][gc,phases   ] GC(5797)   Other: 0.2ms
[2025-01-08T22:52:38.738+0000][181629.104s][info][gc,heap     ] GC(5797) Eden regions: 913->0(66)
[2025-01-08T22:52:38.738+0000][181629.104s][info][gc,heap     ] GC(5797) Survivor regions: 8->10(116)
[2025-01-08T22:52:38.738+0000][181629.104s][info][gc,heap     ] GC(5797) Old regions: 236->236
[2025-01-08T22:52:38.738+0000][181629.104s][info][gc,heap     ] GC(5797) Archive regions: 2->2
[2025-01-08T22:52:38.738+0000][181629.104s][info][gc,heap     ] GC(5797) Humongous regions: 49->49
[2025-01-08T22:52:38.738+0000][181629.104s][info][gc,metaspace] GC(5797) Metaspace: 524003K(533824K)->524003K(533824K) NonClass: 460154K(465088K)->460154K(465088K) Class: 63848K(68736K)->63848K(68736K)
[2025-01-08T22:52:38.738+0000][181629.104s][info][gc          ] GC(5797) Pause Young (Prepare Mixed) (G1 Evacuation Pause) 9650M->2358M(12288M) 38.085ms
[2025-01-08T22:52:38.738+0000][181629.104s][info][gc,cpu      ] GC(5797) User=0.22s Sys=0.00s Real=0.04s
[2025-01-08T22:52:39.351+0000][181629.717s][info][gc,start    ] GC(5798) Pause Young (Mixed) (G1 Evacuation Pause)
[2025-01-08T22:52:39.351+0000][181629.717s][info][gc,task     ] GC(5798) Using 6 workers of 6 for evacuation
[2025-01-08T22:52:39.396+0000][181629.762s][info][gc,phases   ] GC(5798)   Pre Evacuate Collection Set: 0.2ms
[2025-01-08T22:52:39.396+0000][181629.762s][info][gc,phases   ] GC(5798)   Merge Heap Roots: 0.5ms
[2025-01-08T22:52:39.396+0000][181629.762s][info][gc,phases   ] GC(5798)   Evacuate Collection Set: 42.0ms
[2025-01-08T22:52:39.396+0000][181629.762s][info][gc,phases   ] GC(5798)   Post Evacuate Collection Set: 1.7ms
[2025-01-08T22:52:39.396+0000][181629.762s][info][gc,phases   ] GC(5798)   Other: 0.2ms
[2025-01-08T22:52:39.396+0000][181629.762s][info][gc,heap     ] GC(5798) Eden regions: 66->0(916)
[2025-01-08T22:52:39.396+0000][181629.762s][info][gc,heap     ] GC(5798) Survivor regions: 10->5(10)
[2025-01-08T22:52:39.396+0000][181629.762s][info][gc,heap     ] GC(5798) Old regions: 236->233
[2025-01-08T22:52:39.396+0000][181629.762s][info][gc,heap     ] GC(5798) Archive regions: 2->2
[2025-01-08T22:52:39.396+0000][181629.762s][info][gc,heap     ] GC(5798) Humongous regions: 49->49
[2025-01-08T22:52:39.396+0000][181629.762s][info][gc,metaspace] GC(5798) Metaspace: 524003K(533824K)->524003K(533824K) NonClass: 460154K(465088K)->460154K(465088K) Class: 63848K(68736K)->63848K(68736K)
[2025-01-08T22:52:39.396+0000][181629.762s][info][gc          ] GC(5798) Pause Young (Mixed) (G1 Evacuation Pause) 2886M->2295M(12288M) 44.719ms
[2025-01-08T22:52:39.396+0000][181629.762s][info][gc,cpu      ] GC(5798) User=0.26s Sys=0.00s Real=0.04s
[2025-01-08T22:52:48.964+0000][181639.330s][info][gc,start    ] GC(5799) Pause Young (Normal) (G1 Evacuation Pause)
[2025-01-08T22:52:48.964+0000][181639.330s][info][gc,task     ] GC(5799) Using 6 workers of 6 for evacuation
[2025-01-08T22:52:48.994+0000][181639.360s][info][gc,phases   ] GC(5799)   Pre Evacuate Collection Set: 0.2ms
[2025-01-08T22:52:48.994+0000][181639.360s][info][gc,phases   ] GC(5799)   Merge Heap Roots: 0.5ms
[2025-01-08T22:52:48.994+0000][181639.360s][info][gc,phases   ] GC(5799)   Evacuate Collection Set: 27.0ms
[2025-01-08T22:52:48.994+0000][181639.360s][info][gc,phases   ] GC(5799)   Post Evacuate Collection Set: 2.8ms
[2025-01-08T22:52:48.994+0000][181639.360s][info][gc,phases   ] GC(5799)   Other: 0.2ms
[2025-01-08T22:52:48.994+0000][181639.360s][info][gc,heap     ] GC(5799) Eden regions: 916->0(914)
[2025-01-08T22:52:48.994+0000][181639.360s][info][gc,heap     ] GC(5799) Survivor regions: 5->7(116)
[2025-01-08T22:52:48.994+0000][181639.360s][info][gc,heap     ] GC(5799) Old regions: 233->233
[2025-01-08T22:52:48.994+0000][181639.360s][info][gc,heap     ] GC(5799) Archive regions: 2->2
[2025-01-08T22:52:48.994+0000][181639.360s][info][gc,heap     ] GC(5799) Humongous regions: 49->49
[2025-01-08T22:52:48.994+0000][181639.360s][info][gc,metaspace] GC(5799) Metaspace: 524003K(533824K)->524003K(533824K) NonClass: 460154K(465088K)->460154K(465088K) Class: 63848K(68736K)->63848K(68736K)
[2025-01-08T22:52:48.994+0000][181639.360s][info][gc          ] GC(5799) Pause Young (Normal) (G1 Evacuation Pause) 9623M->2309M(12288M) 30.836ms
[2025-01-08T22:52:48.994+0000][181639.360s][info][gc,cpu      ] GC(5799) User=0.18s Sys=0.00s Real=0.03s
[2025-01-08T22:52:58.825+0000][181649.191s][info][gc,start    ] GC(5800) Pause Young (Normal) (G1 Evacuation Pause)
[2025-01-08T22:52:58.825+0000][181649.191s][info][gc,task     ] GC(5800) Using 6 workers of 6 for evacuation
[2025-01-08T22:52:58.856+0000][181649.223s][info][gc,phases   ] GC(5800)   Pre Evacuate Collection Set: 0.2ms
[2025-01-08T22:52:58.857+0000][181649.223s][info][gc,phases   ] GC(5800)   Merge Heap Roots: 0.5ms
[2025-01-08T22:52:58.857+0000][181649.223s][info][gc,phases   ] GC(5800)   Evacuate Collection Set: 25.4ms
[2025-01-08T22:52:58.857+0000][181649.223s][info][gc,phases   ] GC(5800)   Post Evacuate Collection Set: 5.2ms
[2025-01-08T22:52:58.857+0000][181649.223s][info][gc,phases   ] GC(5800)   Other: 0.2ms
[2025-01-08T22:52:58.857+0000][181649.223s][info][gc,heap     ] GC(5800) Eden regions: 914->0(912)
[2025-01-08T22:52:58.857+0000][181649.223s][info][gc,heap     ] GC(5800) Survivor regions: 7->9(116)
[2025-01-08T22:52:58.857+0000][181649.223s][info][gc,heap     ] GC(5800) Old regions: 233->233
[2025-01-08T22:52:58.857+0000][181649.223s][info][gc,heap     ] GC(5800) Archive regions: 2->2
[2025-01-08T22:52:58.857+0000][181649.223s][info][gc,heap     ] GC(5800) Humongous regions: 49->49
[2025-01-08T22:52:58.857+0000][181649.223s][info][gc,metaspace] GC(5800) Metaspace: 524003K(533824K)->524003K(533824K) NonClass: 460154K(465088K)->460154K(465088K) Class: 63848K(68736K)->63848K(68736K)
[2025-01-08T22:52:58.857+0000][181649.223s][info][gc          ] GC(5800) Pause Young (Normal) (G1 Evacuation Pause) 9621M->2330M(12288M) 31.578ms
[2025-01-08T22:52:58.857+0000][181649.223s][info][gc,cpu      ] GC(5800) User=0.19s Sys=0.00s Real=0.03s
[2025-01-08T22:53:06.459+0000][181656.825s][info][gc,start    ] GC(5801) Pause Young (Concurrent Start) (G1 Evacuation Pause)
[2025-01-08T22:53:06.459+0000][181656.825s][info][gc,task     ] GC(5801) Using 6 workers of 6 for evacuation
[2025-01-08T22:53:06.494+0000][181656.861s][info][gc,phases   ] GC(5801)   Pre Evacuate Collection Set: 1.1ms
[2025-01-08T22:53:06.494+0000][181656.861s][info][gc,phases   ] GC(5801)   Merge Heap Roots: 0.5ms
[2025-01-08T22:53:06.494+0000][181656.861s][info][gc,phases   ] GC(5801)   Evacuate Collection Set: 29.4ms
[2025-01-08T22:53:06.494+0000][181656.861s][info][gc,phases   ] GC(5801)   Post Evacuate Collection Set: 4.1ms
[2025-01-08T22:53:06.494+0000][181656.861s][info][gc,phases   ] GC(5801)   Other: 0.3ms
[2025-01-08T22:53:06.494+0000][181656.861s][info][gc,heap     ] GC(5801) Eden regions: 912->0(911)
[2025-01-08T22:53:06.494+0000][181656.861s][info][gc,heap     ] GC(5801) Survivor regions: 9->10(116)
[2025-01-08T22:53:06.494+0000][181656.861s][info][gc,heap     ] GC(5801) Old regions: 233->233
[2025-01-08T22:53:06.494+0000][181656.861s][info][gc,heap     ] GC(5801) Archive regions: 2->2
[2025-01-08T22:53:06.494+0000][181656.861s][info][gc,heap     ] GC(5801) Humongous regions: 49->49
[2025-01-08T22:53:06.494+0000][181656.861s][info][gc,metaspace] GC(5801) Metaspace: 524003K(533824K)->524003K(533824K) NonClass: 460155K(465088K)->460155K(465088K) Class: 63848K(68736K)->63848K(68736K)
[2025-01-08T22:53:06.495+0000][181656.861s][info][gc          ] GC(5801) Pause Young (Concurrent Start) (G1 Evacuation Pause) 9626M->2338M(12288M) 35.371ms
[2025-01-08T22:53:06.495+0000][181656.861s][info][gc,cpu      ] GC(5801) User=0.20s Sys=0.00s Real=0.04s
[2025-01-08T22:53:06.495+0000][181656.861s][info][gc          ] GC(5802) Concurrent Mark Cycle
[2025-01-08T22:53:06.495+0000][181656.861s][info][gc,marking  ] GC(5802) Concurrent Clear Claimed Marks
[2025-01-08T22:53:06.496+0000][181656.862s][info][gc,marking  ] GC(5802) Concurrent Clear Claimed Marks 0.902ms
[2025-01-08T22:53:06.496+0000][181656.862s][info][gc,marking  ] GC(5802) Concurrent Scan Root Regions
[2025-01-08T22:53:06.521+0000][181656.887s][info][gc,marking  ] GC(5802) Concurrent Scan Root Regions 25.682ms
[2025-01-08T22:53:06.521+0000][181656.887s][info][gc,marking  ] GC(5802) Concurrent Mark
[2025-01-08T22:53:06.521+0000][181656.887s][info][gc,marking  ] GC(5802) Concurrent Mark From Roots
[2025-01-08T22:53:06.521+0000][181656.887s][info][gc,task     ] GC(5802) Using 2 workers of 2 for marking
[2025-01-08T22:53:07.313+0000][181657.679s][info][gc,marking  ] GC(5802) Concurrent Mark From Roots 791.534ms
[2025-01-08T22:53:07.313+0000][181657.679s][info][gc,marking  ] GC(5802) Concurrent Preclean
[2025-01-08T22:53:07.315+0000][181657.681s][info][gc,marking  ] GC(5802) Concurrent Preclean 2.487ms
[2025-01-08T22:53:07.315+0000][181657.682s][info][gc,start    ] GC(5802) Pause Remark
[2025-01-08T22:53:07.341+0000][181657.707s][info][gc          ] GC(5802) Pause Remark 2858M->2858M(12288M) 25.749ms
[2025-01-08T22:53:07.341+0000][181657.707s][info][gc,cpu      ] GC(5802) User=0.14s Sys=0.00s Real=0.02s
[2025-01-08T22:53:07.341+0000][181657.707s][info][gc,marking  ] GC(5802) Concurrent Mark 820.071ms
[2025-01-08T22:53:07.341+0000][181657.707s][info][gc,marking  ] GC(5802) Concurrent Rebuild Remembered Sets
[2025-01-08T22:53:07.862+0000][181658.228s][info][gc,marking  ] GC(5802) Concurrent Rebuild Remembered Sets 520.432ms
[2025-01-08T22:53:07.862+0000][181658.228s][info][gc,start    ] GC(5802) Pause Cleanup
[2025-01-08T22:53:07.862+0000][181658.228s][info][gc          ] GC(5802) Pause Cleanup 3198M->3198M(12288M) 0.481ms
[2025-01-08T22:53:07.862+0000][181658.229s][info][gc,cpu      ] GC(5802) User=0.00s Sys=0.00s Real=0.00s
[2025-01-08T22:53:07.862+0000][181658.229s][info][gc,marking  ] GC(5802) Concurrent Cleanup for Next Mark
[2025-01-08T22:53:07.879+0000][181658.245s][info][gc,marking  ] GC(5802) Concurrent Cleanup for Next Mark 16.349ms
[2025-01-08T22:53:07.879+0000][181658.245s][info][gc          ] GC(5802) Concurrent Mark Cycle 1384.315ms
[2025-01-08T22:53:14.397+0000][181664.763s][info][gc,start    ] GC(5803) Pause Young (Prepare Mixed) (G1 Evacuation Pause)
[2025-01-08T22:53:14.397+0000][181664.763s][info][gc,task     ] GC(5803) Using 6 workers of 6 for evacuation
[2025-01-08T22:53:14.435+0000][181664.801s][info][gc,phases   ] GC(5803)   Pre Evacuate Collection Set: 0.2ms
[2025-01-08T22:53:14.435+0000][181664.801s][info][gc,phases   ] GC(5803)   Merge Heap Roots: 0.7ms
[2025-01-08T22:53:14.435+0000][181664.801s][info][gc,phases   ] GC(5803)   Evacuate Collection Set: 34.0ms
[2025-01-08T22:53:14.435+0000][181664.801s][info][gc,phases   ] GC(5803)   Post Evacuate Collection Set: 2.8ms
[2025-01-08T22:53:14.435+0000][181664.801s][info][gc,phases   ] GC(5803)   Other: 0.2ms
[2025-01-08T22:53:14.435+0000][181664.801s][info][gc,heap     ] GC(5803) Eden regions: 911->0(65)
[2025-01-08T22:53:14.435+0000][181664.801s][info][gc,heap     ] GC(5803) Survivor regions: 10->11(116)
[2025-01-08T22:53:14.435+0000][181664.801s][info][gc,heap     ] GC(5803) Old regions: 233->233
[2025-01-08T22:53:14.435+0000][181664.801s][info][gc,heap     ] GC(5803) Archive regions: 2->2
[2025-01-08T22:53:14.435+0000][181664.801s][info][gc,heap     ] GC(5803) Humongous regions: 49->49
[2025-01-08T22:53:14.435+0000][181664.801s][info][gc,metaspace] GC(5803) Metaspace: 524003K(533824K)->524003K(533824K) NonClass: 460155K(465088K)->460155K(465088K) Class: 63848K(68736K)->63848K(68736K)
[2025-01-08T22:53:14.435+0000][181664.801s][info][gc          ] GC(5803) Pause Young (Prepare Mixed) (G1 Evacuation Pause) 9626M->2343M(12288M) 37.999ms
[2025-01-08T22:53:14.435+0000][181664.801s][info][gc,cpu      ] GC(5803) User=0.22s Sys=0.01s Real=0.04s
[2025-01-08T22:53:14.825+0000][181665.191s][info][gc,start    ] GC(5804) Pause Young (Mixed) (G1 Evacuation Pause)
[2025-01-08T22:53:14.825+0000][181665.191s][info][gc,task     ] GC(5804) Using 6 workers of 6 for evacuation
[2025-01-08T22:53:14.887+0000][181665.253s][info][gc,phases   ] GC(5804)   Pre Evacuate Collection Set: 0.2ms
[2025-01-08T22:53:14.887+0000][181665.253s][info][gc,phases   ] GC(5804)   Merge Heap Roots: 0.6ms
[2025-01-08T22:53:14.887+0000][181665.253s][info][gc,phases   ] GC(5804)   Evacuate Collection Set: 59.3ms
[2025-01-08T22:53:14.887+0000][181665.253s][info][gc,phases   ] GC(5804)   Post Evacuate Collection Set: 1.8ms
[2025-01-08T22:53:14.887+0000][181665.253s][info][gc,phases   ] GC(5804)   Other: 0.2ms
[2025-01-08T22:53:14.887+0000][181665.253s][info][gc,heap     ] GC(5804) Eden regions: 65->0(916)
[2025-01-08T22:53:14.887+0000][181665.253s][info][gc,heap     ] GC(5804) Survivor regions: 11->5(10)
[2025-01-08T22:53:14.887+0000][181665.253s][info][gc,heap     ] GC(5804) Old regions: 233->232
[2025-01-08T22:53:14.887+0000][181665.253s][info][gc,heap     ] GC(5804) Archive regions: 2->2
[2025-01-08T22:53:14.887+0000][181665.253s][info][gc,heap     ] GC(5804) Humongous regions: 49->49
[2025-01-08T22:53:14.887+0000][181665.253s][info][gc,metaspace] GC(5804) Metaspace: 524003K(533824K)->524003K(533824K) NonClass: 460155K(465088K)->460155K(465088K) Class: 63848K(68736K)->63848K(68736K)
[2025-01-08T22:53:14.887+0000][181665.253s][info][gc          ] GC(5804) Pause Young (Mixed) (G1 Evacuation Pause) 2863M->2291M(12288M) 62.196ms
[2025-01-08T22:53:14.887+0000][181665.253s][info][gc,cpu      ] GC(5804) User=0.36s Sys=0.00s Real=0.06s
[2025-01-08T22:53:23.414+0000][181673.780s][info][gc,start    ] GC(5805) Pause Young (Normal) (G1 Evacuation Pause)
[2025-01-08T22:53:23.414+0000][181673.780s][info][gc,task     ] GC(5805) Using 6 workers of 6 for evacuation
[2025-01-08T22:53:23.440+0000][181673.806s][info][gc,phases   ] GC(5805)   Pre Evacuate Collection Set: 0.2ms
[2025-01-08T22:53:23.440+0000][181673.806s][info][gc,phases   ] GC(5805)   Merge Heap Roots: 0.4ms
[2025-01-08T22:53:23.440+0000][181673.806s][info][gc,phases   ] GC(5805)   Evacuate Collection Set: 22.3ms
[2025-01-08T22:53:23.440+0000][181673.806s][info][gc,phases   ] GC(5805)   Post Evacuate Collection Set: 2.5ms
[2025-01-08T22:53:23.440+0000][181673.806s][info][gc,phases   ] GC(5805)   Other: 0.2ms
[2025-01-08T22:53:23.440+0000][181673.806s][info][gc,heap     ] GC(5805) Eden regions: 916->0(915)
[2025-01-08T22:53:23.440+0000][181673.806s][info][gc,heap     ] GC(5805) Survivor regions: 5->6(116)
[2025-01-08T22:53:23.440+0000][181673.806s][info][gc,heap     ] GC(5805) Old regions: 232->232
[2025-01-08T22:53:23.440+0000][181673.806s][info][gc,heap     ] GC(5805) Archive regions: 2->2
[2025-01-08T22:53:23.440+0000][181673.806s][info][gc,heap     ] GC(5805) Humongous regions: 49->49
[2025-01-08T22:53:23.440+0000][181673.806s][info][gc,metaspace] GC(5805) Metaspace: 524003K(533824K)->524003K(533824K) NonClass: 460155K(465088K)->460155K(465088K) Class: 63848K(68736K)->63848K(68736K)
[2025-01-08T22:53:23.440+0000][181673.806s][info][gc          ] GC(5805) Pause Young (Normal) (G1 Evacuation Pause) 9619M->2298M(12288M) 25.773ms
[2025-01-08T22:53:23.440+0000][181673.806s][info][gc,cpu      ] GC(5805) User=0.15s Sys=0.00s Real=0.02s
[2025-01-08T22:53:33.612+0000][181683.978s][info][gc,start    ] GC(5806) Pause Young (Normal) (G1 Evacuation Pause)
[2025-01-08T22:53:33.612+0000][181683.978s][info][gc,task     ] GC(5806) Using 6 workers of 6 for evacuation
[2025-01-08T22:53:33.641+0000][181684.007s][info][gc,phases   ] GC(5806)   Pre Evacuate Collection Set: 0.2ms
[2025-01-08T22:53:33.641+0000][181684.008s][info][gc,phases   ] GC(5806)   Merge Heap Roots: 0.4ms
[2025-01-08T22:53:33.641+0000][181684.008s][info][gc,phases   ] GC(5806)   Evacuate Collection Set: 26.2ms
[2025-01-08T22:53:33.641+0000][181684.008s][info][gc,phases   ] GC(5806)   Post Evacuate Collection Set: 2.5ms
[2025-01-08T22:53:33.641+0000][181684.008s][info][gc,phases   ] GC(5806)   Other: 0.2ms
[2025-01-08T22:53:33.641+0000][181684.008s][info][gc,heap     ] GC(5806) Eden regions: 915->0(913)
[2025-01-08T22:53:33.641+0000][181684.008s][info][gc,heap     ] GC(5806) Survivor regions: 6->8(116)
[2025-01-08T22:53:33.641+0000][181684.008s][info][gc,heap     ] GC(5806) Old regions: 232->232
[2025-01-08T22:53:33.641+0000][181684.008s][info][gc,heap     ] GC(5806) Archive regions: 2->2
[2025-01-08T22:53:33.642+0000][181684.008s][info][gc,heap     ] GC(5806) Humongous regions: 49->49
[2025-01-08T22:53:33.642+0000][181684.008s][info][gc,metaspace] GC(5806) Metaspace: 524003K(533824K)->524003K(533824K) NonClass: 460155K(465088K)->460155K(465088K) Class: 63848K(68736K)->63848K(68736K)
[2025-01-08T22:53:33.642+0000][181684.008s][info][gc          ] GC(5806) Pause Young (Normal) (G1 Evacuation Pause) 9618M->2309M(12288M) 29.675ms
[2025-01-08T22:53:33.642+0000][181684.008s][info][gc,cpu      ] GC(5806) User=0.17s Sys=0.00s Real=0.03s
[2025-01-08T22:53:40.191+0000][181690.557s][info][gc,start    ] GC(5807) Pause Young (Concurrent Start) (G1 Evacuation Pause)
[2025-01-08T22:53:40.191+0000][181690.557s][info][gc,task     ] GC(5807) Using 6 workers of 6 for evacuation
[2025-01-08T22:53:40.228+0000][181690.594s][info][gc,phases   ] GC(5807)   Pre Evacuate Collection Set: 1.1ms
[2025-01-08T22:53:40.228+0000][181690.594s][info][gc,phases   ] GC(5807)   Merge Heap Roots: 0.5ms
[2025-01-08T22:53:40.228+0000][181690.594s][info][gc,phases   ] GC(5807)   Evacuate Collection Set: 32.2ms
[2025-01-08T22:53:40.228+0000][181690.594s][info][gc,phases   ] GC(5807)   Post Evacuate Collection Set: 2.8ms
[2025-01-08T22:53:40.228+0000][181690.594s][info][gc,phases   ] GC(5807)   Other: 0.3ms
[2025-01-08T22:53:40.228+0000][181690.594s][info][gc,heap     ] GC(5807) Eden regions: 913->0(912)
[2025-01-08T22:53:40.228+0000][181690.594s][info][gc,heap     ] GC(5807) Survivor regions: 8->9(116)
[2025-01-08T22:53:40.228+0000][181690.594s][info][gc,heap     ] GC(5807) Old regions: 232->232
[2025-01-08T22:53:40.228+0000][181690.594s][info][gc,heap     ] GC(5807) Archive regions: 2->2
[2025-01-08T22:53:40.228+0000][181690.594s][info][gc,heap     ] GC(5807) Humongous regions: 49->49
[2025-01-08T22:53:40.228+0000][181690.594s][info][gc,metaspace] GC(5807) Metaspace: 524003K(533824K)->524003K(533824K) NonClass: 460155K(465088K)->460155K(465088K) Class: 63848K(68736K)->63848K(68736K)
[2025-01-08T22:53:40.228+0000][181690.594s][info][gc          ] GC(5807) Pause Young (Concurrent Start) (G1 Evacuation Pause) 9613M->2317M(12288M) 36.938ms
[2025-01-08T22:53:40.228+0000][181690.594s][info][gc,cpu      ] GC(5807) User=0.21s Sys=0.00s Real=0.03s
[2025-01-08T22:53:40.228+0000][181690.594s][info][gc          ] GC(5808) Concurrent Mark Cycle
[2025-01-08T22:53:40.228+0000][181690.594s][info][gc,marking  ] GC(5808) Concurrent Clear Claimed Marks
[2025-01-08T22:53:40.229+0000][181690.595s][info][gc,marking  ] GC(5808) Concurrent Clear Claimed Marks 0.875ms
[2025-01-08T22:53:40.229+0000][181690.595s][info][gc,marking  ] GC(5808) Concurrent Scan Root Regions
[2025-01-08T22:53:40.254+0000][181690.620s][info][gc,marking  ] GC(5808) Concurrent Scan Root Regions 25.320ms
[2025-01-08T22:53:40.254+0000][181690.620s][info][gc,marking  ] GC(5808) Concurrent Mark
[2025-01-08T22:53:40.254+0000][181690.620s][info][gc,marking  ] GC(5808) Concurrent Mark From Roots
[2025-01-08T22:53:40.254+0000][181690.620s][info][gc,task     ] GC(5808) Using 2 workers of 2 for marking
[2025-01-08T22:53:41.097+0000][181691.463s][info][gc,marking  ] GC(5808) Concurrent Mark From Roots 842.718ms
[2025-01-08T22:53:41.097+0000][181691.463s][info][gc,marking  ] GC(5808) Concurrent Preclean
[2025-01-08T22:53:41.099+0000][181691.466s][info][gc,marking  ] GC(5808) Concurrent Preclean 2.610ms
[2025-01-08T22:53:41.100+0000][181691.466s][info][gc,start    ] GC(5808) Pause Remark
[2025-01-08T22:53:41.128+0000][181691.494s][info][gc          ] GC(5808) Pause Remark 3141M->3141M(12288M) 27.969ms
[2025-01-08T22:53:41.128+0000][181691.494s][info][gc,cpu      ] GC(5808) User=0.16s Sys=0.00s Real=0.03s
[2025-01-08T22:53:41.128+0000][181691.494s][info][gc,marking  ] GC(5808) Concurrent Mark 873.609ms
[2025-01-08T22:53:41.128+0000][181691.494s][info][gc,marking  ] GC(5808) Concurrent Rebuild Remembered Sets
[2025-01-08T22:53:41.654+0000][181692.020s][info][gc,marking  ] GC(5808) Concurrent Rebuild Remembered Sets 526.040ms
[2025-01-08T22:53:41.654+0000][181692.020s][info][gc,start    ] GC(5808) Pause Cleanup
[2025-01-08T22:53:41.654+0000][181692.020s][info][gc          ] GC(5808) Pause Cleanup 3609M->3609M(12288M) 0.445ms
[2025-01-08T22:53:41.654+0000][181692.021s][info][gc,cpu      ] GC(5808) User=0.00s Sys=0.00s Real=0.00s
[2025-01-08T22:53:41.654+0000][181692.021s][info][gc,marking  ] GC(5808) Concurrent Cleanup for Next Mark
[2025-01-08T22:53:41.670+0000][181692.036s][info][gc,marking  ] GC(5808) Concurrent Cleanup for Next Mark 15.404ms
[2025-01-08T22:53:41.670+0000][181692.036s][info][gc          ] GC(5808) Concurrent Mark Cycle 1442.104ms
[2025-01-08T22:53:47.748+0000][181698.114s][info][gc,start    ] GC(5809) Pause Young (Prepare Mixed) (G1 Evacuation Pause)
[2025-01-08T22:53:47.748+0000][181698.114s][info][gc,task     ] GC(5809) Using 6 workers of 6 for evacuation
[2025-01-08T22:53:47.789+0000][181698.155s][info][gc,phases   ] GC(5809)   Pre Evacuate Collection Set: 0.2ms
[2025-01-08T22:53:47.789+0000][181698.155s][info][gc,phases   ] GC(5809)   Merge Heap Roots: 0.7ms
[2025-01-08T22:53:47.789+0000][181698.155s][info][gc,phases   ] GC(5809)   Evacuate Collection Set: 34.3ms
[2025-01-08T22:53:47.789+0000][181698.155s][info][gc,phases   ] GC(5809)   Post Evacuate Collection Set: 5.4ms
[2025-01-08T22:53:47.789+0000][181698.155s][info][gc,phases   ] GC(5809)   Other: 0.2ms
[2025-01-08T22:53:47.789+0000][181698.155s][info][gc,heap     ] GC(5809) Eden regions: 912->0(64)
[2025-01-08T22:53:47.789+0000][181698.155s][info][gc,heap     ] GC(5809) Survivor regions: 9->12(116)
[2025-01-08T22:53:47.789+0000][181698.155s][info][gc,heap     ] GC(5809) Old regions: 232->232
[2025-01-08T22:53:47.789+0000][181698.155s][info][gc,heap     ] GC(5809) Archive regions: 2->2
[2025-01-08T22:53:47.789+0000][181698.155s][info][gc,heap     ] GC(5809) Humongous regions: 49->49
[2025-01-08T22:53:47.789+0000][181698.155s][info][gc,metaspace] GC(5809) Metaspace: 524003K(533824K)->524003K(533824K) NonClass: 460155K(465088K)->460155K(465088K) Class: 63848K(68736K)->63848K(68736K)
[2025-01-08T22:53:47.789+0000][181698.155s][info][gc          ] GC(5809) Pause Young (Prepare Mixed) (G1 Evacuation Pause) 9613M->2343M(12288M) 40.866ms
[2025-01-08T22:53:47.789+0000][181698.155s][info][gc,cpu      ] GC(5809) User=0.24s Sys=0.00s Real=0.04s
[2025-01-08T22:53:48.576+0000][181698.942s][info][gc,start    ] GC(5810) Pause Young (Mixed) (G1 Evacuation Pause)
[2025-01-08T22:53:48.576+0000][181698.942s][info][gc,task     ] GC(5810) Using 6 workers of 6 for evacuation
[2025-01-08T22:53:48.645+0000][181699.011s][info][gc,phases   ] GC(5810)   Pre Evacuate Collection Set: 0.2ms
[2025-01-08T22:53:48.645+0000][181699.011s][info][gc,phases   ] GC(5810)   Merge Heap Roots: 0.8ms
[2025-01-08T22:53:48.645+0000][181699.011s][info][gc,phases   ] GC(5810)   Evacuate Collection Set: 65.4ms
[2025-01-08T22:53:48.645+0000][181699.011s][info][gc,phases   ] GC(5810)   Post Evacuate Collection Set: 1.7ms
[2025-01-08T22:53:48.645+0000][181699.011s][info][gc,phases   ] GC(5810)   Other: 0.2ms
[2025-01-08T22:53:48.645+0000][181699.011s][info][gc,heap     ] GC(5810) Eden regions: 64->0(917)
[2025-01-08T22:53:48.645+0000][181699.011s][info][gc,heap     ] GC(5810) Survivor regions: 12->4(10)
[2025-01-08T22:53:48.645+0000][181699.011s][info][gc,heap     ] GC(5810) Old regions: 232->233
[2025-01-08T22:53:48.645+0000][181699.011s][info][gc,heap     ] GC(5810) Archive regions: 2->2
[2025-01-08T22:53:48.645+0000][181699.011s][info][gc,heap     ] GC(5810) Humongous regions: 49->49
[2025-01-08T22:53:48.645+0000][181699.011s][info][gc,metaspace] GC(5810) Metaspace: 524003K(533824K)->524003K(533824K) NonClass: 460155K(465088K)->460155K(465088K) Class: 63848K(68736K)->63848K(68736K)
[2025-01-08T22:53:48.645+0000][181699.011s][info][gc          ] GC(5810) Pause Young (Mixed) (G1 Evacuation Pause) 2855M->2289M(12288M) 68.437ms
[2025-01-08T22:53:48.645+0000][181699.011s][info][gc,cpu      ] GC(5810) User=0.40s Sys=0.00s Real=0.07s
[2025-01-08T22:53:56.543+0000][181706.910s][info][gc,start    ] GC(5811) Pause Young (Normal) (G1 Evacuation Pause)
[2025-01-08T22:53:56.543+0000][181706.910s][info][gc,task     ] GC(5811) Using 6 workers of 6 for evacuation
[2025-01-08T22:53:56.565+0000][181706.931s][info][gc,phases   ] GC(5811)   Pre Evacuate Collection Set: 0.2ms
[2025-01-08T22:53:56.565+0000][181706.931s][info][gc,phases   ] GC(5811)   Merge Heap Roots: 0.4ms
[2025-01-08T22:53:56.565+0000][181706.931s][info][gc,phases   ] GC(5811)   Evacuate Collection Set: 18.4ms
[2025-01-08T22:53:56.565+0000][181706.931s][info][gc,phases   ] GC(5811)   Post Evacuate Collection Set: 2.5ms
[2025-01-08T22:53:56.565+0000][181706.931s][info][gc,phases   ] GC(5811)   Other: 0.2ms
[2025-01-08T22:53:56.565+0000][181706.931s][info][gc,heap     ] GC(5811) Eden regions: 917->0(916)
[2025-01-08T22:53:56.565+0000][181706.931s][info][gc,heap     ] GC(5811) Survivor regions: 4->5(116)
[2025-01-08T22:53:56.565+0000][181706.931s][info][gc,heap     ] GC(5811) Old regions: 233->233
[2025-01-08T22:53:56.565+0000][181706.931s][info][gc,heap     ] GC(5811) Archive regions: 2->2
[2025-01-08T22:53:56.565+0000][181706.931s][info][gc,heap     ] GC(5811) Humongous regions: 49->49
[2025-01-08T22:53:56.565+0000][181706.931s][info][gc,metaspace] GC(5811) Metaspace: 524003K(533824K)->524003K(533824K) NonClass: 460155K(465088K)->460155K(465088K) Class: 63848K(68736K)->63848K(68736K)
[2025-01-08T22:53:56.565+0000][181706.931s][info][gc          ] GC(5811) Pause Young (Normal) (G1 Evacuation Pause) 9625M->2294M(12288M) 21.792ms
[2025-01-08T22:53:56.565+0000][181706.931s][info][gc,cpu      ] GC(5811) User=0.13s Sys=0.00s Real=0.02s
[2025-01-08T22:54:07.106+0000][181717.473s][info][gc,start    ] GC(5812) Pause Young (Normal) (G1 Evacuation Pause)
[2025-01-08T22:54:07.106+0000][181717.473s][info][gc,task     ] GC(5812) Using 6 workers of 6 for evacuation
[2025-01-08T22:54:07.133+0000][181717.499s][info][gc,phases   ] GC(5812)   Pre Evacuate Collection Set: 0.2ms
[2025-01-08T22:54:07.133+0000][181717.499s][info][gc,phases   ] GC(5812)   Merge Heap Roots: 0.4ms
[2025-01-08T22:54:07.133+0000][181717.499s][info][gc,phases   ] GC(5812)   Evacuate Collection Set: 22.1ms
[2025-01-08T22:54:07.133+0000][181717.499s][info][gc,phases   ] GC(5812)   Post Evacuate Collection Set: 4.0ms
[2025-01-08T22:54:07.133+0000][181717.499s][info][gc,phases   ] GC(5812)   Other: 0.2ms
[2025-01-08T22:54:07.133+0000][181717.499s][info][gc,heap     ] GC(5812) Eden regions: 916->0(914)
[2025-01-08T22:54:07.133+0000][181717.499s][info][gc,heap     ] GC(5812) Survivor regions: 5->7(116)
[2025-01-08T22:54:07.133+0000][181717.499s][info][gc,heap     ] GC(5812) Old regions: 233->233
[2025-01-08T22:54:07.133+0000][181717.499s][info][gc,heap     ] GC(5812) Archive regions: 2->2
[2025-01-08T22:54:07.133+0000][181717.499s][info][gc,heap     ] GC(5812) Humongous regions: 49->49
[2025-01-08T22:54:07.133+0000][181717.499s][info][gc,metaspace] GC(5812) Metaspace: 524003K(533824K)->524003K(533824K) NonClass: 460155K(465088K)->460155K(465088K) Class: 63848K(68736K)->63848K(68736K)
[2025-01-08T22:54:07.133+0000][181717.500s][info][gc          ] GC(5812) Pause Young (Normal) (G1 Evacuation Pause) 9622M->2309M(12288M) 27.001ms
[2025-01-08T22:54:07.133+0000][181717.500s][info][gc,cpu      ] GC(5812) User=0.16s Sys=0.00s Real=0.03s
[2025-01-08T22:54:18.595+0000][181728.961s][info][gc,start    ] GC(5813) Pause Young (Concurrent Start) (G1 Evacuation Pause)
[2025-01-08T22:54:18.595+0000][181728.961s][info][gc,task     ] GC(5813) Using 6 workers of 6 for evacuation
[2025-01-08T22:54:18.627+0000][181728.994s][info][gc,phases   ] GC(5813)   Pre Evacuate Collection Set: 1.1ms
[2025-01-08T22:54:18.627+0000][181728.994s][info][gc,phases   ] GC(5813)   Merge Heap Roots: 0.4ms
[2025-01-08T22:54:18.627+0000][181728.994s][info][gc,phases   ] GC(5813)   Evacuate Collection Set: 27.6ms
[2025-01-08T22:54:18.627+0000][181728.994s][info][gc,phases   ] GC(5813)   Post Evacuate Collection Set: 2.7ms
[2025-01-08T22:54:18.627+0000][181728.994s][info][gc,phases   ] GC(5813)   Other: 0.3ms
[2025-01-08T22:54:18.627+0000][181728.994s][info][gc,heap     ] GC(5813) Eden regions: 914->0(913)
[2025-01-08T22:54:18.627+0000][181728.994s][info][gc,heap     ] GC(5813) Survivor regions: 7->8(116)
[2025-01-08T22:54:18.627+0000][181728.994s][info][gc,heap     ] GC(5813) Old regions: 233->233
[2025-01-08T22:54:18.627+0000][181728.994s][info][gc,heap     ] GC(5813) Archive regions: 2->2
[2025-01-08T22:54:18.627+0000][181728.994s][info][gc,heap     ] GC(5813) Humongous regions: 49->49
[2025-01-08T22:54:18.627+0000][181728.994s][info][gc,metaspace] GC(5813) Metaspace: 524003K(533824K)->524003K(533824K) NonClass: 460155K(465088K)->460155K(465088K) Class: 63848K(68736K)->63848K(68736K)
[2025-01-08T22:54:18.628+0000][181728.994s][info][gc          ] GC(5813) Pause Young (Concurrent Start) (G1 Evacuation Pause) 9621M->2317M(12288M) 32.178ms
[2025-01-08T22:54:18.628+0000][181728.994s][info][gc,cpu      ] GC(5813) User=0.18s Sys=0.00s Real=0.03s
[2025-01-08T22:54:18.628+0000][181728.994s][info][gc          ] GC(5814) Concurrent Mark Cycle
[2025-01-08T22:54:18.628+0000][181728.994s][info][gc,marking  ] GC(5814) Concurrent Clear Claimed Marks
[2025-01-08T22:54:18.628+0000][181728.995s][info][gc,marking  ] GC(5814) Concurrent Clear Claimed Marks 0.855ms
[2025-01-08T22:54:18.628+0000][181728.995s][info][gc,marking  ] GC(5814) Concurrent Scan Root Regions
[2025-01-08T22:54:18.650+0000][181729.016s][info][gc,marking  ] GC(5814) Concurrent Scan Root Regions 21.307ms
[2025-01-08T22:54:18.650+0000][181729.016s][info][gc,marking  ] GC(5814) Concurrent Mark
[2025-01-08T22:54:18.650+0000][181729.016s][info][gc,marking  ] GC(5814) Concurrent Mark From Roots
[2025-01-08T22:54:18.650+0000][181729.016s][info][gc,task     ] GC(5814) Using 2 workers of 2 for marking
[2025-01-08T22:54:19.557+0000][181729.923s][info][gc,marking  ] GC(5814) Concurrent Mark From Roots 907.536ms
[2025-01-08T22:54:19.557+0000][181729.924s][info][gc,marking  ] GC(5814) Concurrent Preclean
[2025-01-08T22:54:19.560+0000][181729.926s][info][gc,marking  ] GC(5814) Concurrent Preclean 2.519ms
[2025-01-08T22:54:19.560+0000][181729.926s][info][gc,start    ] GC(5814) Pause Remark
[2025-01-08T22:54:19.586+0000][181729.952s][info][gc          ] GC(5814) Pause Remark 3162M->3162M(12288M) 25.617ms
[2025-01-08T22:54:19.586+0000][181729.952s][info][gc,cpu      ] GC(5814) User=0.14s Sys=0.00s Real=0.03s
[2025-01-08T22:54:19.586+0000][181729.952s][info][gc,marking  ] GC(5814) Concurrent Mark 936.028ms
[2025-01-08T22:54:19.586+0000][181729.952s][info][gc,marking  ] GC(5814) Concurrent Rebuild Remembered Sets
[2025-01-08T22:54:20.142+0000][181730.508s][info][gc,marking  ] GC(5814) Concurrent Rebuild Remembered Sets 556.524ms
[2025-01-08T22:54:20.143+0000][181730.509s][info][gc,start    ] GC(5814) Pause Cleanup
[2025-01-08T22:54:20.143+0000][181730.509s][info][gc          ] GC(5814) Pause Cleanup 3601M->3601M(12288M) 0.433ms
[2025-01-08T22:54:20.143+0000][181730.509s][info][gc,cpu      ] GC(5814) User=0.00s Sys=0.00s Real=0.00s
[2025-01-08T22:54:20.143+0000][181730.509s][info][gc,marking  ] GC(5814) Concurrent Cleanup for Next Mark
[2025-01-08T22:54:20.159+0000][181730.525s][info][gc,marking  ] GC(5814) Concurrent Cleanup for Next Mark 15.602ms
[2025-01-08T22:54:20.159+0000][181730.525s][info][gc          ] GC(5814) Concurrent Mark Cycle 1531.162ms
[2025-01-08T22:54:26.542+0000][181736.909s][info][gc,start    ] GC(5815) Pause Young (Prepare Mixed) (G1 Evacuation Pause)
[2025-01-08T22:54:26.543+0000][181736.909s][info][gc,task     ] GC(5815) Using 6 workers of 6 for evacuation
[2025-01-08T22:54:26.577+0000][181736.943s][info][gc,phases   ] GC(5815)   Pre Evacuate Collection Set: 0.2ms
[2025-01-08T22:54:26.577+0000][181736.943s][info][gc,phases   ] GC(5815)   Merge Heap Roots: 0.7ms
[2025-01-08T22:54:26.577+0000][181736.943s][info][gc,phases   ] GC(5815)   Evacuate Collection Set: 30.9ms
[2025-01-08T22:54:26.577+0000][181736.943s][info][gc,phases   ] GC(5815)   Post Evacuate Collection Set: 2.6ms
[2025-01-08T22:54:26.577+0000][181736.943s][info][gc,phases   ] GC(5815)   Other: 0.2ms
[2025-01-08T22:54:26.577+0000][181736.943s][info][gc,heap     ] GC(5815) Eden regions: 913->0(67)
[2025-01-08T22:54:26.577+0000][181736.943s][info][gc,heap     ] GC(5815) Survivor regions: 8->9(116)
[2025-01-08T22:54:26.577+0000][181736.943s][info][gc,heap     ] GC(5815) Old regions: 233->233
[2025-01-08T22:54:26.577+0000][181736.943s][info][gc,heap     ] GC(5815) Archive regions: 2->2
[2025-01-08T22:54:26.577+0000][181736.943s][info][gc,heap     ] GC(5815) Humongous regions: 49->49
[2025-01-08T22:54:26.577+0000][181736.943s][info][gc,metaspace] GC(5815) Metaspace: 524003K(533824K)->524003K(533824K) NonClass: 460155K(465088K)->460155K(465088K) Class: 63848K(68736K)->63848K(68736K)
[2025-01-08T22:54:26.577+0000][181736.943s][info][gc          ] GC(5815) Pause Young (Prepare Mixed) (G1 Evacuation Pause) 9621M->2326M(12288M) 34.684ms
[2025-01-08T22:54:26.577+0000][181736.943s][info][gc,cpu      ] GC(5815) User=0.20s Sys=0.00s Real=0.03s
[2025-01-08T22:54:26.987+0000][181737.353s][info][gc,start    ] GC(5816) Pause Young (Mixed) (G1 Evacuation Pause)
[2025-01-08T22:54:26.987+0000][181737.353s][info][gc,task     ] GC(5816) Using 6 workers of 6 for evacuation
[2025-01-08T22:54:27.056+0000][181737.422s][info][gc,phases   ] GC(5816)   Pre Evacuate Collection Set: 0.2ms
[2025-01-08T22:54:27.056+0000][181737.422s][info][gc,phases   ] GC(5816)   Merge Heap Roots: 0.7ms
[2025-01-08T22:54:27.056+0000][181737.422s][info][gc,phases   ] GC(5816)   Evacuate Collection Set: 66.3ms
[2025-01-08T22:54:27.056+0000][181737.422s][info][gc,phases   ] GC(5816)   Post Evacuate Collection Set: 1.8ms
[2025-01-08T22:54:27.056+0000][181737.422s][info][gc,phases   ] GC(5816)   Other: 0.2ms
[2025-01-08T22:54:27.056+0000][181737.422s][info][gc,heap     ] GC(5816) Eden regions: 67->0(915)
[2025-01-08T22:54:27.056+0000][181737.422s][info][gc,heap     ] GC(5816) Survivor regions: 9->6(10)
[2025-01-08T22:54:27.056+0000][181737.422s][info][gc,heap     ] GC(5816) Old regions: 233->232
[2025-01-08T22:54:27.056+0000][181737.422s][info][gc,heap     ] GC(5816) Archive regions: 2->2
[2025-01-08T22:54:27.056+0000][181737.422s][info][gc,heap     ] GC(5816) Humongous regions: 49->49
[2025-01-08T22:54:27.056+0000][181737.422s][info][gc,metaspace] GC(5816) Metaspace: 524003K(533824K)->524003K(533824K) NonClass: 460155K(465088K)->460155K(465088K) Class: 63848K(68736K)->63848K(68736K)
[2025-01-08T22:54:27.056+0000][181737.422s][info][gc          ] GC(5816) Pause Young (Mixed) (G1 Evacuation Pause) 2862M->2295M(12288M) 69.203ms
[2025-01-08T22:54:27.056+0000][181737.422s][info][gc,cpu      ] GC(5816) User=0.40s Sys=0.00s Real=0.07s
[2025-01-08T22:54:34.887+0000][181745.254s][info][gc,start    ] GC(5817) Pause Young (Normal) (G1 Evacuation Pause)
[2025-01-08T22:54:34.887+0000][181745.254s][info][gc,task     ] GC(5817) Using 6 workers of 6 for evacuation
[2025-01-08T22:54:34.914+0000][181745.280s][info][gc,phases   ] GC(5817)   Pre Evacuate Collection Set: 0.2ms
[2025-01-08T22:54:34.914+0000][181745.280s][info][gc,phases   ] GC(5817)   Merge Heap Roots: 0.5ms
[2025-01-08T22:54:34.914+0000][181745.280s][info][gc,phases   ] GC(5817)   Evacuate Collection Set: 23.0ms
[2025-01-08T22:54:34.914+0000][181745.280s][info][gc,phases   ] GC(5817)   Post Evacuate Collection Set: 2.5ms
[2025-01-08T22:54:34.914+0000][181745.280s][info][gc,phases   ] GC(5817)   Other: 0.2ms
[2025-01-08T22:54:34.914+0000][181745.280s][info][gc,heap     ] GC(5817) Eden regions: 915->0(915)
[2025-01-08T22:54:34.914+0000][181745.280s][info][gc,heap     ] GC(5817) Survivor regions: 6->6(116)
[2025-01-08T22:54:34.914+0000][181745.280s][info][gc,heap     ] GC(5817) Old regions: 232->232
[2025-01-08T22:54:34.914+0000][181745.280s][info][gc,heap     ] GC(5817) Archive regions: 2->2
[2025-01-08T22:54:34.914+0000][181745.280s][info][gc,heap     ] GC(5817) Humongous regions: 49->49
[2025-01-08T22:54:34.914+0000][181745.280s][info][gc,metaspace] GC(5817) Metaspace: 524003K(533824K)->524003K(533824K) NonClass: 460155K(465088K)->460155K(465088K) Class: 63848K(68736K)->63848K(68736K)
[2025-01-08T22:54:34.914+0000][181745.280s][info][gc          ] GC(5817) Pause Young (Normal) (G1 Evacuation Pause) 9615M->2298M(12288M) 26.395ms
[2025-01-08T22:54:34.914+0000][181745.280s][info][gc,cpu      ] GC(5817) User=0.15s Sys=0.00s Real=0.03s
[2025-01-08T22:54:43.059+0000][181753.425s][info][gc,start    ] GC(5818) Pause Young (Normal) (G1 Evacuation Pause)
[2025-01-08T22:54:43.059+0000][181753.425s][info][gc,task     ] GC(5818) Using 6 workers of 6 for evacuation
[2025-01-08T22:54:43.092+0000][181753.459s][info][gc,phases   ] GC(5818)   Pre Evacuate Collection Set: 0.2ms
[2025-01-08T22:54:43.093+0000][181753.459s][info][gc,phases   ] GC(5818)   Merge Heap Roots: 0.4ms
[2025-01-08T22:54:43.093+0000][181753.459s][info][gc,phases   ] GC(5818)   Evacuate Collection Set: 27.4ms
[2025-01-08T22:54:43.093+0000][181753.459s][info][gc,phases   ] GC(5818)   Post Evacuate Collection Set: 5.3ms
[2025-01-08T22:54:43.093+0000][181753.459s][info][gc,phases   ] GC(5818)   Other: 0.2ms
[2025-01-08T22:54:43.093+0000][181753.459s][info][gc,heap     ] GC(5818) Eden regions: 915->0(912)
[2025-01-08T22:54:43.093+0000][181753.459s][info][gc,heap     ] GC(5818) Survivor regions: 6->9(116)
[2025-01-08T22:54:43.093+0000][181753.459s][info][gc,heap     ] GC(5818) Old regions: 232->232
[2025-01-08T22:54:43.093+0000][181753.459s][info][gc,heap     ] GC(5818) Archive regions: 2->2
[2025-01-08T22:54:43.093+0000][181753.459s][info][gc,heap     ] GC(5818) Humongous regions: 49->49
[2025-01-08T22:54:43.093+0000][181753.459s][info][gc,metaspace] GC(5818) Metaspace: 524003K(533824K)->524003K(533824K) NonClass: 460155K(465088K)->460155K(465088K) Class: 63848K(68736K)->63848K(68736K)
[2025-01-08T22:54:43.093+0000][181753.459s][info][gc          ] GC(5818) Pause Young (Normal) (G1 Evacuation Pause) 9618M->2321M(12288M) 33.538ms
[2025-01-08T22:54:43.093+0000][181753.459s][info][gc,cpu      ] GC(5818) User=0.20s Sys=0.00s Real=0.04s
[2025-01-08T22:54:52.995+0000][181763.361s][info][gc,start    ] GC(5819) Pause Young (Concurrent Start) (G1 Evacuation Pause)
[2025-01-08T22:54:52.995+0000][181763.361s][info][gc,task     ] GC(5819) Using 6 workers of 6 for evacuation
[2025-01-08T22:54:53.029+0000][181763.395s][info][gc,phases   ] GC(5819)   Pre Evacuate Collection Set: 1.1ms
[2025-01-08T22:54:53.029+0000][181763.395s][info][gc,phases   ] GC(5819)   Merge Heap Roots: 0.5ms
[2025-01-08T22:54:53.029+0000][181763.395s][info][gc,phases   ] GC(5819)   Evacuate Collection Set: 29.9ms
[2025-01-08T22:54:53.029+0000][181763.395s][info][gc,phases   ] GC(5819)   Post Evacuate Collection Set: 2.6ms
[2025-01-08T22:54:53.029+0000][181763.395s][info][gc,phases   ] GC(5819)   Other: 0.3ms
[2025-01-08T22:54:53.029+0000][181763.395s][info][gc,heap     ] GC(5819) Eden regions: 912->0(913)
[2025-01-08T22:54:53.029+0000][181763.395s][info][gc,heap     ] GC(5819) Survivor regions: 9->8(116)
[2025-01-08T22:54:53.029+0000][181763.395s][info][gc,heap     ] GC(5819) Old regions: 232->232
[2025-01-08T22:54:53.029+0000][181763.395s][info][gc,heap     ] GC(5819) Archive regions: 2->2
[2025-01-08T22:54:53.029+0000][181763.395s][info][gc,heap     ] GC(5819) Humongous regions: 49->49
[2025-01-08T22:54:53.029+0000][181763.395s][info][gc,metaspace] GC(5819) Metaspace: 524003K(533824K)->524003K(533824K) NonClass: 460155K(465088K)->460155K(465088K) Class: 63848K(68736K)->63848K(68736K)
[2025-01-08T22:54:53.029+0000][181763.395s][info][gc          ] GC(5819) Pause Young (Concurrent Start) (G1 Evacuation Pause) 9617M->2315M(12288M) 34.444ms
[2025-01-08T22:54:53.029+0000][181763.395s][info][gc,cpu      ] GC(5819) User=0.20s Sys=0.00s Real=0.03s
[2025-01-08T22:54:53.029+0000][181763.395s][info][gc          ] GC(5820) Concurrent Mark Cycle
[2025-01-08T22:54:53.029+0000][181763.395s][info][gc,marking  ] GC(5820) Concurrent Clear Claimed Marks
[2025-01-08T22:54:53.030+0000][181763.396s][info][gc,marking  ] GC(5820) Concurrent Clear Claimed Marks 0.904ms
[2025-01-08T22:54:53.030+0000][181763.396s][info][gc,marking  ] GC(5820) Concurrent Scan Root Regions
[2025-01-08T22:54:53.057+0000][181763.424s][info][gc,marking  ] GC(5820) Concurrent Scan Root Regions 27.357ms
[2025-01-08T22:54:53.057+0000][181763.424s][info][gc,marking  ] GC(5820) Concurrent Mark
[2025-01-08T22:54:53.057+0000][181763.424s][info][gc,marking  ] GC(5820) Concurrent Mark From Roots
[2025-01-08T22:54:53.057+0000][181763.424s][info][gc,task     ] GC(5820) Using 2 workers of 2 for marking
[2025-01-08T22:54:53.892+0000][181764.258s][info][gc,marking  ] GC(5820) Concurrent Mark From Roots 834.441ms
[2025-01-08T22:54:53.892+0000][181764.258s][info][gc,marking  ] GC(5820) Concurrent Preclean
[2025-01-08T22:54:53.895+0000][181764.261s][info][gc,marking  ] GC(5820) Concurrent Preclean 3.349ms
[2025-01-08T22:54:53.895+0000][181764.262s][info][gc,start    ] GC(5820) Pause Remark
[2025-01-08T22:54:53.921+0000][181764.287s][info][gc          ] GC(5820) Pause Remark 2763M->2763M(12288M) 25.309ms
[2025-01-08T22:54:53.921+0000][181764.287s][info][gc,cpu      ] GC(5820) User=0.14s Sys=0.00s Real=0.02s
[2025-01-08T22:54:53.921+0000][181764.287s][info][gc,marking  ] GC(5820) Concurrent Mark 863.444ms
[2025-01-08T22:54:53.921+0000][181764.287s][info][gc,marking  ] GC(5820) Concurrent Rebuild Remembered Sets
[2025-01-08T22:54:54.453+0000][181764.819s][info][gc,marking  ] GC(5820) Concurrent Rebuild Remembered Sets 532.274ms
[2025-01-08T22:54:54.453+0000][181764.819s][info][gc,start    ] GC(5820) Pause Cleanup
[2025-01-08T22:54:54.454+0000][181764.820s][info][gc          ] GC(5820) Pause Cleanup 3187M->3187M(12288M) 0.437ms
[2025-01-08T22:54:54.454+0000][181764.820s][info][gc,cpu      ] GC(5820) User=0.00s Sys=0.00s Real=0.00s
[2025-01-08T22:54:54.454+0000][181764.820s][info][gc,marking  ] GC(5820) Concurrent Cleanup for Next Mark
[2025-01-08T22:54:54.470+0000][181764.836s][info][gc,marking  ] GC(5820) Concurrent Cleanup for Next Mark 15.600ms
[2025-01-08T22:54:54.470+0000][181764.836s][info][gc          ] GC(5820) Concurrent Mark Cycle 1440.409ms
[2025-01-08T22:55:04.968+0000][181775.334s][info][gc,start    ] GC(5821) Pause Young (Prepare Mixed) (G1 Evacuation Pause)
[2025-01-08T22:55:04.968+0000][181775.334s][info][gc,task     ] GC(5821) Using 6 workers of 6 for evacuation
[2025-01-08T22:55:05.010+0000][181775.376s][info][gc,phases   ] GC(5821)   Pre Evacuate Collection Set: 0.2ms
[2025-01-08T22:55:05.010+0000][181775.376s][info][gc,phases   ] GC(5821)   Merge Heap Roots: 0.7ms
[2025-01-08T22:55:05.010+0000][181775.376s][info][gc,phases   ] GC(5821)   Evacuate Collection Set: 37.2ms
[2025-01-08T22:55:05.010+0000][181775.376s][info][gc,phases   ] GC(5821)   Post Evacuate Collection Set: 4.2ms
[2025-01-08T22:55:05.010+0000][181775.376s][info][gc,phases   ] GC(5821)   Other: 0.2ms
[2025-01-08T22:55:05.010+0000][181775.376s][info][gc,heap     ] GC(5821) Eden regions: 913->0(66)
[2025-01-08T22:55:05.010+0000][181775.376s][info][gc,heap     ] GC(5821) Survivor regions: 8->10(116)
[2025-01-08T22:55:05.010+0000][181775.376s][info][gc,heap     ] GC(5821) Old regions: 232->232
[2025-01-08T22:55:05.010+0000][181775.376s][info][gc,heap     ] GC(5821) Archive regions: 2->2
[2025-01-08T22:55:05.010+0000][181775.376s][info][gc,heap     ] GC(5821) Humongous regions: 49->49
[2025-01-08T22:55:05.010+0000][181775.376s][info][gc,metaspace] GC(5821) Metaspace: 524003K(533824K)->524003K(533824K) NonClass: 460155K(465088K)->460155K(465088K) Class: 63848K(68736K)->63848K(68736K)
[2025-01-08T22:55:05.010+0000][181775.376s][info][gc          ] GC(5821) Pause Young (Prepare Mixed) (G1 Evacuation Pause) 9619M->2331M(12288M) 42.617ms
[2025-01-08T22:55:05.010+0000][181775.376s][info][gc,cpu      ] GC(5821) User=0.25s Sys=0.00s Real=0.05s
[2025-01-08T22:55:05.534+0000][181775.900s][info][gc,start    ] GC(5822) Pause Young (Mixed) (G1 Evacuation Pause)
[2025-01-08T22:55:05.534+0000][181775.900s][info][gc,task     ] GC(5822) Using 6 workers of 6 for evacuation
[2025-01-08T22:55:05.604+0000][181775.970s][info][gc,phases   ] GC(5822)   Pre Evacuate Collection Set: 0.2ms
[2025-01-08T22:55:05.604+0000][181775.970s][info][gc,phases   ] GC(5822)   Merge Heap Roots: 0.8ms
[2025-01-08T22:55:05.604+0000][181775.970s][info][gc,phases   ] GC(5822)   Evacuate Collection Set: 66.6ms
[2025-01-08T22:55:05.604+0000][181775.970s][info][gc,phases   ] GC(5822)   Post Evacuate Collection Set: 1.9ms
[2025-01-08T22:55:05.604+0000][181775.970s][info][gc,phases   ] GC(5822)   Other: 0.2ms
[2025-01-08T22:55:05.604+0000][181775.970s][info][gc,heap     ] GC(5822) Eden regions: 66->0(916)
[2025-01-08T22:55:05.604+0000][181775.970s][info][gc,heap     ] GC(5822) Survivor regions: 10->5(10)
[2025-01-08T22:55:05.604+0000][181775.970s][info][gc,heap     ] GC(5822) Old regions: 232->234
[2025-01-08T22:55:05.604+0000][181775.970s][info][gc,heap     ] GC(5822) Archive regions: 2->2
[2025-01-08T22:55:05.604+0000][181775.970s][info][gc,heap     ] GC(5822) Humongous regions: 49->49
[2025-01-08T22:55:05.604+0000][181775.970s][info][gc,metaspace] GC(5822) Metaspace: 524003K(533824K)->524003K(533824K) NonClass: 460155K(465088K)->460155K(465088K) Class: 63848K(68736K)->63848K(68736K)
[2025-01-08T22:55:05.604+0000][181775.970s][info][gc          ] GC(5822) Pause Young (Mixed) (G1 Evacuation Pause) 2859M->2297M(12288M) 69.675ms
[2025-01-08T22:55:05.604+0000][181775.970s][info][gc,cpu      ] GC(5822) User=0.41s Sys=0.00s Real=0.07s
[2025-01-08T22:55:14.028+0000][181784.394s][info][gc,start    ] GC(5823) Pause Young (Normal) (G1 Evacuation Pause)
[2025-01-08T22:55:14.028+0000][181784.394s][info][gc,task     ] GC(5823) Using 6 workers of 6 for evacuation
[2025-01-08T22:55:14.053+0000][181784.419s][info][gc,phases   ] GC(5823)   Pre Evacuate Collection Set: 0.2ms
[2025-01-08T22:55:14.053+0000][181784.419s][info][gc,phases   ] GC(5823)   Merge Heap Roots: 0.4ms
[2025-01-08T22:55:14.053+0000][181784.419s][info][gc,phases   ] GC(5823)   Evacuate Collection Set: 21.5ms
[2025-01-08T22:55:14.053+0000][181784.419s][info][gc,phases   ] GC(5823)   Post Evacuate Collection Set: 2.5ms
[2025-01-08T22:55:14.053+0000][181784.419s][info][gc,phases   ] GC(5823)   Other: 0.2ms
[2025-01-08T22:55:14.053+0000][181784.419s][info][gc,heap     ] GC(5823) Eden regions: 916->0(915)
[2025-01-08T22:55:14.053+0000][181784.419s][info][gc,heap     ] GC(5823) Survivor regions: 5->6(116)
[2025-01-08T22:55:14.053+0000][181784.419s][info][gc,heap     ] GC(5823) Old regions: 234->234
[2025-01-08T22:55:14.053+0000][181784.419s][info][gc,heap     ] GC(5823) Archive regions: 2->2
[2025-01-08T22:55:14.053+0000][181784.419s][info][gc,heap     ] GC(5823) Humongous regions: 49->49
[2025-01-08T22:55:14.053+0000][181784.419s][info][gc,metaspace] GC(5823) Metaspace: 524003K(533824K)->524003K(533824K) NonClass: 460155K(465088K)->460155K(465088K) Class: 63848K(68736K)->63848K(68736K)
[2025-01-08T22:55:14.053+0000][181784.419s][info][gc          ] GC(5823) Pause Young (Normal) (G1 Evacuation Pause) 9625M->2304M(12288M) 24.968ms
[2025-01-08T22:55:14.053+0000][181784.419s][info][gc,cpu      ] GC(5823) User=0.15s Sys=0.00s Real=0.03s
[2025-01-08T22:55:23.572+0000][181793.938s][info][gc,start    ] GC(5824) Pause Young (Normal) (G1 Evacuation Pause)
[2025-01-08T22:55:23.572+0000][181793.938s][info][gc,task     ] GC(5824) Using 6 workers of 6 for evacuation
[2025-01-08T22:55:23.602+0000][181793.968s][info][gc,phases   ] GC(5824)   Pre Evacuate Collection Set: 0.2ms
[2025-01-08T22:55:23.602+0000][181793.968s][info][gc,phases   ] GC(5824)   Merge Heap Roots: 0.4ms
[2025-01-08T22:55:23.602+0000][181793.968s][info][gc,phases   ] GC(5824)   Evacuate Collection Set: 26.3ms
[2025-01-08T22:55:23.602+0000][181793.968s][info][gc,phases   ] GC(5824)   Post Evacuate Collection Set: 2.6ms
[2025-01-08T22:55:23.602+0000][181793.968s][info][gc,phases   ] GC(5824)   Other: 0.2ms
[2025-01-08T22:55:23.602+0000][181793.968s][info][gc,heap     ] GC(5824) Eden regions: 915->0(913)
[2025-01-08T22:55:23.602+0000][181793.968s][info][gc,heap     ] GC(5824) Survivor regions: 6->8(116)
[2025-01-08T22:55:23.602+0000][181793.968s][info][gc,heap     ] GC(5824) Old regions: 234->234
[2025-01-08T22:55:23.602+0000][181793.968s][info][gc,heap     ] GC(5824) Archive regions: 2->2
[2025-01-08T22:55:23.602+0000][181793.968s][info][gc,heap     ] GC(5824) Humongous regions: 49->49
[2025-01-08T22:55:23.602+0000][181793.968s][info][gc,metaspace] GC(5824) Metaspace: 524003K(533824K)->524003K(533824K) NonClass: 460155K(465088K)->460155K(465088K) Class: 63848K(68736K)->63848K(68736K)
[2025-01-08T22:55:23.602+0000][181793.968s][info][gc          ] GC(5824) Pause Young (Normal) (G1 Evacuation Pause) 9624M->2320M(12288M) 29.840ms
[2025-01-08T22:55:23.602+0000][181793.968s][info][gc,cpu      ] GC(5824) User=0.17s Sys=0.00s Real=0.03s
[2025-01-08T22:55:31.650+0000][181802.016s][info][gc,start    ] GC(5825) Pause Young (Concurrent Start) (G1 Evacuation Pause)
[2025-01-08T22:55:31.650+0000][181802.016s][info][gc,task     ] GC(5825) Using 6 workers of 6 for evacuation
[2025-01-08T22:55:31.681+0000][181802.048s][info][gc,phases   ] GC(5825)   Pre Evacuate Collection Set: 1.1ms
[2025-01-08T22:55:31.682+0000][181802.048s][info][gc,phases   ] GC(5825)   Merge Heap Roots: 0.4ms
[2025-01-08T22:55:31.682+0000][181802.048s][info][gc,phases   ] GC(5825)   Evacuate Collection Set: 27.1ms
[2025-01-08T22:55:31.682+0000][181802.048s][info][gc,phases   ] GC(5825)   Post Evacuate Collection Set: 2.6ms
[2025-01-08T22:55:31.682+0000][181802.048s][info][gc,phases   ] GC(5825)   Other: 0.3ms
[2025-01-08T22:55:31.682+0000][181802.048s][info][gc,heap     ] GC(5825) Eden regions: 913->0(913)
[2025-01-08T22:55:31.682+0000][181802.048s][info][gc,heap     ] GC(5825) Survivor regions: 8->8(116)
[2025-01-08T22:55:31.682+0000][181802.048s][info][gc,heap     ] GC(5825) Old regions: 234->234
[2025-01-08T22:55:31.682+0000][181802.048s][info][gc,heap     ] GC(5825) Archive regions: 2->2
[2025-01-08T22:55:31.682+0000][181802.048s][info][gc,heap     ] GC(5825) Humongous regions: 49->49
[2025-01-08T22:55:31.682+0000][181802.048s][info][gc,metaspace] GC(5825) Metaspace: 524003K(533824K)->524003K(533824K) NonClass: 460155K(465088K)->460155K(465088K) Class: 63848K(68736K)->63848K(68736K)
[2025-01-08T22:55:31.682+0000][181802.048s][info][gc          ] GC(5825) Pause Young (Concurrent Start) (G1 Evacuation Pause) 9624M->2322M(12288M) 31.656ms
[2025-01-08T22:55:31.682+0000][181802.048s][info][gc,cpu      ] GC(5825) User=0.18s Sys=0.00s Real=0.03s
[2025-01-08T22:55:31.682+0000][181802.048s][info][gc          ] GC(5826) Concurrent Mark Cycle
[2025-01-08T22:55:31.682+0000][181802.048s][info][gc,marking  ] GC(5826) Concurrent Clear Claimed Marks
[2025-01-08T22:55:31.683+0000][181802.049s][info][gc,marking  ] GC(5826) Concurrent Clear Claimed Marks 0.898ms
[2025-01-08T22:55:31.683+0000][181802.049s][info][gc,marking  ] GC(5826) Concurrent Scan Root Regions
[2025-01-08T22:55:31.705+0000][181802.071s][info][gc,marking  ] GC(5826) Concurrent Scan Root Regions 22.603ms
[2025-01-08T22:55:31.705+0000][181802.071s][info][gc,marking  ] GC(5826) Concurrent Mark
[2025-01-08T22:55:31.705+0000][181802.071s][info][gc,marking  ] GC(5826) Concurrent Mark From Roots
[2025-01-08T22:55:31.705+0000][181802.071s][info][gc,task     ] GC(5826) Using 2 workers of 2 for marking
[2025-01-08T22:55:32.618+0000][181802.984s][info][gc,marking  ] GC(5826) Concurrent Mark From Roots 912.259ms
[2025-01-08T22:55:32.618+0000][181802.984s][info][gc,marking  ] GC(5826) Concurrent Preclean
[2025-01-08T22:55:32.621+0000][181802.988s][info][gc,marking  ] GC(5826) Concurrent Preclean 3.879ms
[2025-01-08T22:55:32.622+0000][181802.988s][info][gc,start    ] GC(5826) Pause Remark
[2025-01-08T22:55:32.648+0000][181803.014s][info][gc          ] GC(5826) Pause Remark 3202M->3202M(12288M) 26.074ms
[2025-01-08T22:55:32.648+0000][181803.014s][info][gc,cpu      ] GC(5826) User=0.14s Sys=0.01s Real=0.02s
[2025-01-08T22:55:32.648+0000][181803.014s][info][gc,marking  ] GC(5826) Concurrent Mark 942.588ms
[2025-01-08T22:55:32.648+0000][181803.014s][info][gc,marking  ] GC(5826) Concurrent Rebuild Remembered Sets
[2025-01-08T22:55:33.311+0000][181803.677s][info][gc,marking  ] GC(5826) Concurrent Rebuild Remembered Sets 663.402ms
[2025-01-08T22:55:33.311+0000][181803.677s][info][gc,start    ] GC(5826) Pause Cleanup
[2025-01-08T22:55:33.312+0000][181803.678s][info][gc          ] GC(5826) Pause Cleanup 3990M->3990M(12288M) 0.473ms
[2025-01-08T22:55:33.312+0000][181803.678s][info][gc,cpu      ] GC(5826) User=0.00s Sys=0.00s Real=0.00s
[2025-01-08T22:55:33.312+0000][181803.678s][info][gc,marking  ] GC(5826) Concurrent Cleanup for Next Mark
[2025-01-08T22:55:33.328+0000][181803.694s][info][gc,marking  ] GC(5826) Concurrent Cleanup for Next Mark 15.929ms
[2025-01-08T22:55:33.328+0000][181803.694s][info][gc          ] GC(5826) Concurrent Mark Cycle 1646.295ms
[2025-01-08T22:55:39.058+0000][181809.425s][info][gc,start    ] GC(5827) Pause Young (Prepare Mixed) (G1 Evacuation Pause)
[2025-01-08T22:55:39.059+0000][181809.425s][info][gc,task     ] GC(5827) Using 6 workers of 6 for evacuation
[2025-01-08T22:55:39.095+0000][181809.461s][info][gc,phases   ] GC(5827)   Pre Evacuate Collection Set: 0.2ms
[2025-01-08T22:55:39.095+0000][181809.461s][info][gc,phases   ] GC(5827)   Merge Heap Roots: 0.7ms
[2025-01-08T22:55:39.095+0000][181809.461s][info][gc,phases   ] GC(5827)   Evacuate Collection Set: 30.3ms
[2025-01-08T22:55:39.095+0000][181809.461s][info][gc,phases   ] GC(5827)   Post Evacuate Collection Set: 5.2ms
