[2025-01-07T18:40:58.695+0000][80129.061s][info][gc,phases   ] GC(2384)   Post Evacuate Collection Set: 4.0ms
[2025-01-07T18:40:58.695+0000][80129.061s][info][gc,phases   ] GC(2384)   Other: 0.2ms
[2025-01-07T18:40:58.695+0000][80129.061s][info][gc,heap     ] GC(2384) Eden regions: 908->0(905)
[2025-01-07T18:40:58.695+0000][80129.061s][info][gc,heap     ] GC(2384) Survivor regions: 6->8(115)
[2025-01-07T18:40:58.695+0000][80129.061s][info][gc,heap     ] GC(2384) Old regions: 249->249
[2025-01-07T18:40:58.695+0000][80129.061s][info][gc,heap     ] GC(2384) Archive regions: 2->2
[2025-01-07T18:40:58.695+0000][80129.061s][info][gc,heap     ] GC(2384) Humongous regions: 49->49
[2025-01-07T18:40:58.695+0000][80129.061s][info][gc,metaspace] GC(2384) Metaspace: 498120K(506304K)->498120K(506304K) NonClass: 437590K(441792K)->437590K(441792K) Class: 60530K(64512K)->60530K(64512K)
[2025-01-07T18:40:58.695+0000][80129.061s][info][gc          ] GC(2384) Pause Young (Normal) (G1 Evacuation Pause) 9699M->2454M(12288M) 30.998ms
[2025-01-07T18:40:58.695+0000][80129.061s][info][gc,cpu      ] GC(2384) User=0.18s Sys=0.00s Real=0.03s
[2025-01-07T18:41:06.394+0000][80136.760s][info][gc,start    ] GC(2385) Pause Young (Concurrent Start) (G1 Evacuation Pause)
[2025-01-07T18:41:06.394+0000][80136.760s][info][gc,task     ] GC(2385) Using 6 workers of 6 for evacuation
[2025-01-07T18:41:06.427+0000][80136.793s][info][gc,phases   ] GC(2385)   Pre Evacuate Collection Set: 1.0ms
[2025-01-07T18:41:06.427+0000][80136.793s][info][gc,phases   ] GC(2385)   Merge Heap Roots: 0.4ms
[2025-01-07T18:41:06.427+0000][80136.793s][info][gc,phases   ] GC(2385)   Evacuate Collection Set: 28.4ms
[2025-01-07T18:41:06.427+0000][80136.793s][info][gc,phases   ] GC(2385)   Post Evacuate Collection Set: 2.5ms
[2025-01-07T18:41:06.427+0000][80136.793s][info][gc,phases   ] GC(2385)   Other: 0.3ms
[2025-01-07T18:41:06.427+0000][80136.793s][info][gc,heap     ] GC(2385) Eden regions: 905->0(904)
[2025-01-07T18:41:06.427+0000][80136.793s][info][gc,heap     ] GC(2385) Survivor regions: 8->9(115)
[2025-01-07T18:41:06.427+0000][80136.793s][info][gc,heap     ] GC(2385) Old regions: 249->249
[2025-01-07T18:41:06.427+0000][80136.793s][info][gc,heap     ] GC(2385) Archive regions: 2->2
[2025-01-07T18:41:06.427+0000][80136.793s][info][gc,heap     ] GC(2385) Humongous regions: 49->49
[2025-01-07T18:41:06.427+0000][80136.793s][info][gc,metaspace] GC(2385) Metaspace: 498120K(506304K)->498120K(506304K) NonClass: 437590K(441792K)->437590K(441792K) Class: 60530K(64512K)->60530K(64512K)
[2025-01-07T18:41:06.427+0000][80136.793s][info][gc          ] GC(2385) Pause Young (Concurrent Start) (G1 Evacuation Pause) 9694M->2461M(12288M) 32.648ms
[2025-01-07T18:41:06.427+0000][80136.793s][info][gc,cpu      ] GC(2385) User=0.18s Sys=0.00s Real=0.03s
[2025-01-07T18:41:06.427+0000][80136.793s][info][gc          ] GC(2386) Concurrent Mark Cycle
[2025-01-07T18:41:06.427+0000][80136.793s][info][gc,marking  ] GC(2386) Concurrent Clear Claimed Marks
[2025-01-07T18:41:06.428+0000][80136.794s][info][gc,marking  ] GC(2386) Concurrent Clear Claimed Marks 0.789ms
[2025-01-07T18:41:06.428+0000][80136.794s][info][gc,marking  ] GC(2386) Concurrent Scan Root Regions
[2025-01-07T18:41:06.451+0000][80136.817s][info][gc,marking  ] GC(2386) Concurrent Scan Root Regions 22.975ms
[2025-01-07T18:41:06.451+0000][80136.817s][info][gc,marking  ] GC(2386) Concurrent Mark
[2025-01-07T18:41:06.451+0000][80136.817s][info][gc,marking  ] GC(2386) Concurrent Mark From Roots
[2025-01-07T18:41:06.451+0000][80136.817s][info][gc,task     ] GC(2386) Using 2 workers of 2 for marking
[2025-01-07T18:41:07.178+0000][80137.544s][info][gc,marking  ] GC(2386) Concurrent Mark From Roots 727.042ms
[2025-01-07T18:41:07.178+0000][80137.544s][info][gc,marking  ] GC(2386) Concurrent Preclean
[2025-01-07T18:41:07.179+0000][80137.546s][info][gc,marking  ] GC(2386) Concurrent Preclean 1.833ms
[2025-01-07T18:41:07.180+0000][80137.546s][info][gc,start    ] GC(2386) Pause Remark
[2025-01-07T18:41:07.204+0000][80137.571s][info][gc          ] GC(2386) Pause Remark 3013M->3013M(12288M) 24.798ms
[2025-01-07T18:41:07.204+0000][80137.571s][info][gc,cpu      ] GC(2386) User=0.14s Sys=0.00s Real=0.03s
[2025-01-07T18:41:07.205+0000][80137.571s][info][gc,marking  ] GC(2386) Concurrent Mark 754.003ms
[2025-01-07T18:41:07.205+0000][80137.571s][info][gc,marking  ] GC(2386) Concurrent Rebuild Remembered Sets
[2025-01-07T18:41:07.665+0000][80138.031s][info][gc,marking  ] GC(2386) Concurrent Rebuild Remembered Sets 460.208ms
[2025-01-07T18:41:07.665+0000][80138.031s][info][gc,start    ] GC(2386) Pause Cleanup
[2025-01-07T18:41:07.665+0000][80138.032s][info][gc          ] GC(2386) Pause Cleanup 3166M->3166M(12288M) 0.504ms
[2025-01-07T18:41:07.666+0000][80138.032s][info][gc,cpu      ] GC(2386) User=0.00s Sys=0.00s Real=0.00s
[2025-01-07T18:41:07.666+0000][80138.032s][info][gc,marking  ] GC(2386) Concurrent Cleanup for Next Mark
[2025-01-07T18:41:07.682+0000][80138.048s][info][gc,marking  ] GC(2386) Concurrent Cleanup for Next Mark 16.262ms
[2025-01-07T18:41:07.682+0000][80138.048s][info][gc          ] GC(2386) Concurrent Mark Cycle 1255.173ms
[2025-01-07T18:41:13.775+0000][80144.141s][info][gc,start    ] GC(2387) Pause Young (Prepare Mixed) (G1 Evacuation Pause)
[2025-01-07T18:41:13.775+0000][80144.141s][info][gc,task     ] GC(2387) Using 6 workers of 6 for evacuation
[2025-01-07T18:41:13.809+0000][80144.176s][info][gc,phases   ] GC(2387)   Pre Evacuate Collection Set: 0.2ms
[2025-01-07T18:41:13.809+0000][80144.176s][info][gc,phases   ] GC(2387)   Merge Heap Roots: 0.6ms
[2025-01-07T18:41:13.809+0000][80144.176s][info][gc,phases   ] GC(2387)   Evacuate Collection Set: 31.4ms
[2025-01-07T18:41:13.810+0000][80144.176s][info][gc,phases   ] GC(2387)   Post Evacuate Collection Set: 2.5ms
[2025-01-07T18:41:13.810+0000][80144.176s][info][gc,phases   ] GC(2387)   Other: 0.2ms
[2025-01-07T18:41:13.810+0000][80144.176s][info][gc,heap     ] GC(2387) Eden regions: 904->0(65)
[2025-01-07T18:41:13.810+0000][80144.176s][info][gc,heap     ] GC(2387) Survivor regions: 9->11(115)
[2025-01-07T18:41:13.810+0000][80144.176s][info][gc,heap     ] GC(2387) Old regions: 249->249
[2025-01-07T18:41:13.810+0000][80144.176s][info][gc,heap     ] GC(2387) Archive regions: 2->2
[2025-01-07T18:41:13.810+0000][80144.176s][info][gc,heap     ] GC(2387) Humongous regions: 49->49
[2025-01-07T18:41:13.810+0000][80144.176s][info][gc,metaspace] GC(2387) Metaspace: 498120K(506304K)->498120K(506304K) NonClass: 437590K(441792K)->437590K(441792K) Class: 60530K(64512K)->60530K(64512K)
[2025-01-07T18:41:13.810+0000][80144.176s][info][gc          ] GC(2387) Pause Young (Prepare Mixed) (G1 Evacuation Pause) 9693M->2472M(12288M) 35.037ms
[2025-01-07T18:41:13.810+0000][80144.176s][info][gc,cpu      ] GC(2387) User=0.21s Sys=0.00s Real=0.04s
[2025-01-07T18:41:14.409+0000][80144.775s][info][gc,start    ] GC(2388) Pause Young (Mixed) (G1 Evacuation Pause)
[2025-01-07T18:41:14.409+0000][80144.775s][info][gc,task     ] GC(2388) Using 6 workers of 6 for evacuation
[2025-01-07T18:41:14.467+0000][80144.833s][info][gc,phases   ] GC(2388)   Pre Evacuate Collection Set: 0.2ms
[2025-01-07T18:41:14.467+0000][80144.833s][info][gc,phases   ] GC(2388)   Merge Heap Roots: 0.7ms
[2025-01-07T18:41:14.467+0000][80144.833s][info][gc,phases   ] GC(2388)   Evacuate Collection Set: 55.5ms
[2025-01-07T18:41:14.467+0000][80144.833s][info][gc,phases   ] GC(2388)   Post Evacuate Collection Set: 1.8ms
[2025-01-07T18:41:14.467+0000][80144.833s][info][gc,phases   ] GC(2388)   Other: 0.2ms
[2025-01-07T18:41:14.467+0000][80144.833s][info][gc,heap     ] GC(2388) Eden regions: 65->0(908)
[2025-01-07T18:41:14.467+0000][80144.833s][info][gc,heap     ] GC(2388) Survivor regions: 11->5(10)
[2025-01-07T18:41:14.467+0000][80144.833s][info][gc,heap     ] GC(2388) Old regions: 249->250
[2025-01-07T18:41:14.467+0000][80144.833s][info][gc,heap     ] GC(2388) Archive regions: 2->2
[2025-01-07T18:41:14.467+0000][80144.833s][info][gc,heap     ] GC(2388) Humongous regions: 49->49
[2025-01-07T18:41:14.467+0000][80144.833s][info][gc,metaspace] GC(2388) Metaspace: 498120K(506304K)->498120K(506304K) NonClass: 437590K(441792K)->437590K(441792K) Class: 60530K(64512K)->60530K(64512K)
[2025-01-07T18:41:14.467+0000][80144.833s][info][gc          ] GC(2388) Pause Young (Mixed) (G1 Evacuation Pause) 2992M->2433M(12288M) 58.384ms
[2025-01-07T18:41:14.467+0000][80144.833s][info][gc,cpu      ] GC(2388) User=0.33s Sys=0.00s Real=0.06s
[2025-01-07T18:41:19.640+0000][80150.007s][info][gc,start    ] GC(2389) Pause Young (Normal) (G1 Evacuation Pause)
[2025-01-07T18:41:19.640+0000][80150.007s][info][gc,task     ] GC(2389) Using 6 workers of 6 for evacuation
[2025-01-07T18:41:19.666+0000][80150.032s][info][gc,phases   ] GC(2389)   Pre Evacuate Collection Set: 0.2ms
[2025-01-07T18:41:19.666+0000][80150.032s][info][gc,phases   ] GC(2389)   Merge Heap Roots: 0.4ms
[2025-01-07T18:41:19.666+0000][80150.032s][info][gc,phases   ] GC(2389)   Evacuate Collection Set: 22.2ms
[2025-01-07T18:41:19.666+0000][80150.032s][info][gc,phases   ] GC(2389)   Post Evacuate Collection Set: 2.4ms
[2025-01-07T18:41:19.666+0000][80150.032s][info][gc,phases   ] GC(2389)   Other: 0.2ms
[2025-01-07T18:41:19.666+0000][80150.032s][info][gc,heap     ] GC(2389) Eden regions: 908->0(907)
[2025-01-07T18:41:19.666+0000][80150.032s][info][gc,heap     ] GC(2389) Survivor regions: 5->6(115)
[2025-01-07T18:41:19.666+0000][80150.032s][info][gc,heap     ] GC(2389) Old regions: 250->250
[2025-01-07T18:41:19.666+0000][80150.032s][info][gc,heap     ] GC(2389) Archive regions: 2->2
[2025-01-07T18:41:19.666+0000][80150.032s][info][gc,heap     ] GC(2389) Humongous regions: 49->49
[2025-01-07T18:41:19.666+0000][80150.032s][info][gc,metaspace] GC(2389) Metaspace: 498121K(506304K)->498121K(506304K) NonClass: 437590K(441792K)->437590K(441792K) Class: 60531K(64512K)->60531K(64512K)
[2025-01-07T18:41:19.666+0000][80150.032s][info][gc          ] GC(2389) Pause Young (Normal) (G1 Evacuation Pause) 9697M->2435M(12288M) 25.483ms
[2025-01-07T18:41:19.666+0000][80150.032s][info][gc,cpu      ] GC(2389) User=0.15s Sys=0.00s Real=0.03s
[2025-01-07T18:41:28.033+0000][80158.400s][info][gc,start    ] GC(2390) Pause Young (Normal) (G1 Evacuation Pause)
[2025-01-07T18:41:28.033+0000][80158.400s][info][gc,task     ] GC(2390) Using 6 workers of 6 for evacuation
[2025-01-07T18:41:28.060+0000][80158.426s][info][gc,phases   ] GC(2390)   Pre Evacuate Collection Set: 0.2ms
[2025-01-07T18:41:28.060+0000][80158.426s][info][gc,phases   ] GC(2390)   Merge Heap Roots: 0.4ms
[2025-01-07T18:41:28.060+0000][80158.426s][info][gc,phases   ] GC(2390)   Evacuate Collection Set: 23.1ms
[2025-01-07T18:41:28.060+0000][80158.426s][info][gc,phases   ] GC(2390)   Post Evacuate Collection Set: 2.5ms
[2025-01-07T18:41:28.060+0000][80158.426s][info][gc,phases   ] GC(2390)   Other: 0.2ms
[2025-01-07T18:41:28.060+0000][80158.426s][info][gc,heap     ] GC(2390) Eden regions: 907->0(908)
[2025-01-07T18:41:28.060+0000][80158.426s][info][gc,heap     ] GC(2390) Survivor regions: 6->7(115)
[2025-01-07T18:41:28.060+0000][80158.426s][info][gc,heap     ] GC(2390) Old regions: 250->250
[2025-01-07T18:41:28.060+0000][80158.426s][info][gc,heap     ] GC(2390) Archive regions: 2->2
[2025-01-07T18:41:28.060+0000][80158.426s][info][gc,heap     ] GC(2390) Humongous regions: 49->49
[2025-01-07T18:41:28.060+0000][80158.426s][info][gc,metaspace] GC(2390) Metaspace: 498121K(506304K)->498121K(506304K) NonClass: 437590K(441792K)->437590K(441792K) Class: 60531K(64512K)->60531K(64512K)
[2025-01-07T18:41:28.060+0000][80158.426s][info][gc          ] GC(2390) Pause Young (Normal) (G1 Evacuation Pause) 9691M->2449M(12288M) 26.487ms
[2025-01-07T18:41:28.060+0000][80158.426s][info][gc,cpu      ] GC(2390) User=0.16s Sys=0.00s Real=0.02s
[2025-01-07T18:41:37.549+0000][80167.915s][info][gc,start    ] GC(2391) Pause Young (Concurrent Start) (G1 Evacuation Pause)
[2025-01-07T18:41:37.549+0000][80167.915s][info][gc,task     ] GC(2391) Using 6 workers of 6 for evacuation
[2025-01-07T18:41:37.583+0000][80167.949s][info][gc,phases   ] GC(2391)   Pre Evacuate Collection Set: 1.0ms
[2025-01-07T18:41:37.583+0000][80167.949s][info][gc,phases   ] GC(2391)   Merge Heap Roots: 0.4ms
[2025-01-07T18:41:37.583+0000][80167.949s][info][gc,phases   ] GC(2391)   Evacuate Collection Set: 27.2ms
[2025-01-07T18:41:37.583+0000][80167.949s][info][gc,phases   ] GC(2391)   Post Evacuate Collection Set: 5.2ms
[2025-01-07T18:41:37.583+0000][80167.949s][info][gc,phases   ] GC(2391)   Other: 0.3ms
[2025-01-07T18:41:37.583+0000][80167.949s][info][gc,heap     ] GC(2391) Eden regions: 908->0(903)
[2025-01-07T18:41:37.583+0000][80167.949s][info][gc,heap     ] GC(2391) Survivor regions: 7->10(115)
[2025-01-07T18:41:37.583+0000][80167.949s][info][gc,heap     ] GC(2391) Old regions: 250->250
[2025-01-07T18:41:37.583+0000][80167.949s][info][gc,heap     ] GC(2391) Archive regions: 2->2
[2025-01-07T18:41:37.583+0000][80167.949s][info][gc,heap     ] GC(2391) Humongous regions: 49->49
[2025-01-07T18:41:37.583+0000][80167.949s][info][gc,metaspace] GC(2391) Metaspace: 498121K(506304K)->498121K(506304K) NonClass: 437590K(441792K)->437590K(441792K) Class: 60531K(64512K)->60531K(64512K)
[2025-01-07T18:41:37.583+0000][80167.949s][info][gc          ] GC(2391) Pause Young (Concurrent Start) (G1 Evacuation Pause) 9713M->2471M(12288M) 34.134ms
[2025-01-07T18:41:37.583+0000][80167.949s][info][gc,cpu      ] GC(2391) User=0.20s Sys=0.00s Real=0.04s
[2025-01-07T18:41:37.583+0000][80167.949s][info][gc          ] GC(2392) Concurrent Mark Cycle
[2025-01-07T18:41:37.583+0000][80167.949s][info][gc,marking  ] GC(2392) Concurrent Clear Claimed Marks
[2025-01-07T18:41:37.584+0000][80167.950s][info][gc,marking  ] GC(2392) Concurrent Clear Claimed Marks 0.724ms
[2025-01-07T18:41:37.584+0000][80167.950s][info][gc,marking  ] GC(2392) Concurrent Scan Root Regions
[2025-01-07T18:41:37.608+0000][80167.974s][info][gc,marking  ] GC(2392) Concurrent Scan Root Regions 23.837ms
[2025-01-07T18:41:37.608+0000][80167.974s][info][gc,marking  ] GC(2392) Concurrent Mark
[2025-01-07T18:41:37.608+0000][80167.974s][info][gc,marking  ] GC(2392) Concurrent Mark From Roots
[2025-01-07T18:41:37.608+0000][80167.974s][info][gc,task     ] GC(2392) Using 2 workers of 2 for marking
[2025-01-07T18:41:38.404+0000][80168.770s][info][gc,marking  ] GC(2392) Concurrent Mark From Roots 795.765ms
[2025-01-07T18:41:38.404+0000][80168.770s][info][gc,marking  ] GC(2392) Concurrent Preclean
[2025-01-07T18:41:38.405+0000][80168.772s][info][gc,marking  ] GC(2392) Concurrent Preclean 1.854ms
[2025-01-07T18:41:38.406+0000][80168.772s][info][gc,start    ] GC(2392) Pause Remark
[2025-01-07T18:41:38.430+0000][80168.796s][info][gc          ] GC(2392) Pause Remark 3311M->3311M(12288M) 24.682ms
[2025-01-07T18:41:38.430+0000][80168.796s][info][gc,cpu      ] GC(2392) User=0.15s Sys=0.00s Real=0.03s
[2025-01-07T18:41:38.430+0000][80168.797s][info][gc,marking  ] GC(2392) Concurrent Mark 822.619ms
[2025-01-07T18:41:38.430+0000][80168.797s][info][gc,marking  ] GC(2392) Concurrent Rebuild Remembered Sets
[2025-01-07T18:41:38.918+0000][80169.284s][info][gc,marking  ] GC(2392) Concurrent Rebuild Remembered Sets 487.388ms
[2025-01-07T18:41:38.918+0000][80169.284s][info][gc,start    ] GC(2392) Pause Cleanup
[2025-01-07T18:41:38.918+0000][80169.284s][info][gc          ] GC(2392) Pause Cleanup 3799M->3799M(12288M) 0.400ms
[2025-01-07T18:41:38.918+0000][80169.285s][info][gc,cpu      ] GC(2392) User=0.00s Sys=0.00s Real=0.00s
[2025-01-07T18:41:38.919+0000][80169.285s][info][gc,marking  ] GC(2392) Concurrent Cleanup for Next Mark
[2025-01-07T18:41:38.935+0000][80169.301s][info][gc,marking  ] GC(2392) Concurrent Cleanup for Next Mark 16.079ms
[2025-01-07T18:41:38.935+0000][80169.301s][info][gc          ] GC(2392) Concurrent Mark Cycle 1351.465ms
[2025-01-07T18:41:45.100+0000][80175.466s][info][gc,start    ] GC(2393) Pause Young (Prepare Mixed) (G1 Evacuation Pause)
[2025-01-07T18:41:45.100+0000][80175.466s][info][gc,task     ] GC(2393) Using 6 workers of 6 for evacuation
[2025-01-07T18:41:45.132+0000][80175.498s][info][gc,phases   ] GC(2393)   Pre Evacuate Collection Set: 0.2ms
[2025-01-07T18:41:45.132+0000][80175.498s][info][gc,phases   ] GC(2393)   Merge Heap Roots: 0.7ms
[2025-01-07T18:41:45.132+0000][80175.498s][info][gc,phases   ] GC(2393)   Evacuate Collection Set: 28.9ms
[2025-01-07T18:41:45.132+0000][80175.498s][info][gc,phases   ] GC(2393)   Post Evacuate Collection Set: 2.5ms
[2025-01-07T18:41:45.132+0000][80175.498s][info][gc,phases   ] GC(2393)   Other: 0.2ms
[2025-01-07T18:41:45.132+0000][80175.498s][info][gc,heap     ] GC(2393) Eden regions: 903->0(66)
[2025-01-07T18:41:45.132+0000][80175.498s][info][gc,heap     ] GC(2393) Survivor regions: 10->10(115)
[2025-01-07T18:41:45.132+0000][80175.498s][info][gc,heap     ] GC(2393) Old regions: 250->250
[2025-01-07T18:41:45.132+0000][80175.498s][info][gc,heap     ] GC(2393) Archive regions: 2->2
[2025-01-07T18:41:45.132+0000][80175.498s][info][gc,heap     ] GC(2393) Humongous regions: 49->49
[2025-01-07T18:41:45.132+0000][80175.498s][info][gc,metaspace] GC(2393) Metaspace: 498121K(506304K)->498121K(506304K) NonClass: 437590K(441792K)->437590K(441792K) Class: 60531K(64512K)->60531K(64512K)
[2025-01-07T18:41:45.132+0000][80175.498s][info][gc          ] GC(2393) Pause Young (Prepare Mixed) (G1 Evacuation Pause) 9695M->2467M(12288M) 32.504ms
[2025-01-07T18:41:45.132+0000][80175.498s][info][gc,cpu      ] GC(2393) User=0.19s Sys=0.00s Real=0.04s
[2025-01-07T18:41:45.673+0000][80176.039s][info][gc,start    ] GC(2394) Pause Young (Mixed) (G1 Evacuation Pause)
[2025-01-07T18:41:45.673+0000][80176.039s][info][gc,task     ] GC(2394) Using 6 workers of 6 for evacuation
[2025-01-07T18:41:45.729+0000][80176.095s][info][gc,phases   ] GC(2394)   Pre Evacuate Collection Set: 0.2ms
[2025-01-07T18:41:45.729+0000][80176.095s][info][gc,phases   ] GC(2394)   Merge Heap Roots: 0.7ms
[2025-01-07T18:41:45.729+0000][80176.095s][info][gc,phases   ] GC(2394)   Evacuate Collection Set: 53.4ms
[2025-01-07T18:41:45.729+0000][80176.095s][info][gc,phases   ] GC(2394)   Post Evacuate Collection Set: 1.7ms
[2025-01-07T18:41:45.729+0000][80176.095s][info][gc,phases   ] GC(2394)   Other: 0.2ms
[2025-01-07T18:41:45.729+0000][80176.095s][info][gc,heap     ] GC(2394) Eden regions: 66->0(909)
[2025-01-07T18:41:45.729+0000][80176.095s][info][gc,heap     ] GC(2394) Survivor regions: 10->5(10)
[2025-01-07T18:41:45.729+0000][80176.095s][info][gc,heap     ] GC(2394) Old regions: 250->249
[2025-01-07T18:41:45.729+0000][80176.095s][info][gc,heap     ] GC(2394) Archive regions: 2->2
[2025-01-07T18:41:45.729+0000][80176.095s][info][gc,heap     ] GC(2394) Humongous regions: 49->49
[2025-01-07T18:41:45.729+0000][80176.095s][info][gc,metaspace] GC(2394) Metaspace: 498121K(506304K)->498121K(506304K) NonClass: 437590K(441792K)->437590K(441792K) Class: 60531K(64512K)->60531K(64512K)
[2025-01-07T18:41:45.729+0000][80176.095s][info][gc          ] GC(2394) Pause Young (Mixed) (G1 Evacuation Pause) 2995M->2428M(12288M) 56.261ms
[2025-01-07T18:41:45.729+0000][80176.095s][info][gc,cpu      ] GC(2394) User=0.33s Sys=0.00s Real=0.05s
[2025-01-07T18:41:52.473+0000][80182.839s][info][gc,start    ] GC(2395) Pause Young (Normal) (G1 Evacuation Pause)
[2025-01-07T18:41:52.473+0000][80182.839s][info][gc,task     ] GC(2395) Using 6 workers of 6 for evacuation
[2025-01-07T18:41:52.497+0000][80182.863s][info][gc,phases   ] GC(2395)   Pre Evacuate Collection Set: 0.2ms
[2025-01-07T18:41:52.497+0000][80182.863s][info][gc,phases   ] GC(2395)   Merge Heap Roots: 0.4ms
[2025-01-07T18:41:52.497+0000][80182.863s][info][gc,phases   ] GC(2395)   Evacuate Collection Set: 20.2ms
[2025-01-07T18:41:52.497+0000][80182.863s][info][gc,phases   ] GC(2395)   Post Evacuate Collection Set: 3.7ms
[2025-01-07T18:41:52.497+0000][80182.863s][info][gc,phases   ] GC(2395)   Other: 0.2ms
[2025-01-07T18:41:52.497+0000][80182.863s][info][gc,heap     ] GC(2395) Eden regions: 909->0(907)
[2025-01-07T18:41:52.497+0000][80182.863s][info][gc,heap     ] GC(2395) Survivor regions: 5->7(115)
[2025-01-07T18:41:52.497+0000][80182.863s][info][gc,heap     ] GC(2395) Old regions: 249->249
[2025-01-07T18:41:52.497+0000][80182.863s][info][gc,heap     ] GC(2395) Archive regions: 2->2
[2025-01-07T18:41:52.497+0000][80182.863s][info][gc,heap     ] GC(2395) Humongous regions: 49->49
[2025-01-07T18:41:52.497+0000][80182.864s][info][gc,metaspace] GC(2395) Metaspace: 498121K(506304K)->498121K(506304K) NonClass: 437590K(441792K)->437590K(441792K) Class: 60531K(64512K)->60531K(64512K)
[2025-01-07T18:41:52.497+0000][80182.864s][info][gc          ] GC(2395) Pause Young (Normal) (G1 Evacuation Pause) 9700M->2441M(12288M) 24.760ms
[2025-01-07T18:41:52.497+0000][80182.864s][info][gc,cpu      ] GC(2395) User=0.14s Sys=0.01s Real=0.02s
[2025-01-07T18:41:56.909+0000][80187.275s][info][gc,start    ] GC(2396) Pause Young (Normal) (G1 Evacuation Pause)
[2025-01-07T18:41:56.909+0000][80187.275s][info][gc,task     ] GC(2396) Using 6 workers of 6 for evacuation
[2025-01-07T18:41:56.935+0000][80187.301s][info][gc,phases   ] GC(2396)   Pre Evacuate Collection Set: 0.2ms
[2025-01-07T18:41:56.935+0000][80187.301s][info][gc,phases   ] GC(2396)   Merge Heap Roots: 0.4ms
[2025-01-07T18:41:56.935+0000][80187.301s][info][gc,phases   ] GC(2396)   Evacuate Collection Set: 22.6ms
[2025-01-07T18:41:56.935+0000][80187.301s][info][gc,phases   ] GC(2396)   Post Evacuate Collection Set: 2.4ms
[2025-01-07T18:41:56.935+0000][80187.301s][info][gc,phases   ] GC(2396)   Other: 0.2ms
[2025-01-07T18:41:56.935+0000][80187.301s][info][gc,heap     ] GC(2396) Eden regions: 907->0(907)
[2025-01-07T18:41:56.935+0000][80187.301s][info][gc,heap     ] GC(2396) Survivor regions: 7->8(115)
[2025-01-07T18:41:56.935+0000][80187.301s][info][gc,heap     ] GC(2396) Old regions: 249->249
[2025-01-07T18:41:56.935+0000][80187.301s][info][gc,heap     ] GC(2396) Archive regions: 2->2
[2025-01-07T18:41:56.935+0000][80187.301s][info][gc,heap     ] GC(2396) Humongous regions: 49->49
[2025-01-07T18:41:56.935+0000][80187.301s][info][gc,metaspace] GC(2396) Metaspace: 498121K(506304K)->498121K(506304K) NonClass: 437590K(441792K)->437590K(441792K) Class: 60531K(64512K)->60531K(64512K)
[2025-01-07T18:41:56.935+0000][80187.301s][info][gc          ] GC(2396) Pause Young (Normal) (G1 Evacuation Pause) 9697M->2448M(12288M) 25.837ms
[2025-01-07T18:41:56.935+0000][80187.301s][info][gc,cpu      ] GC(2396) User=0.15s Sys=0.00s Real=0.03s
[2025-01-07T18:42:02.012+0000][80192.379s][info][gc,start    ] GC(2397) Pause Young (Concurrent Start) (G1 Evacuation Pause)
[2025-01-07T18:42:02.012+0000][80192.379s][info][gc,task     ] GC(2397) Using 6 workers of 6 for evacuation
[2025-01-07T18:42:02.041+0000][80192.407s][info][gc,phases   ] GC(2397)   Pre Evacuate Collection Set: 1.0ms
[2025-01-07T18:42:02.041+0000][80192.407s][info][gc,phases   ] GC(2397)   Merge Heap Roots: 0.4ms
[2025-01-07T18:42:02.041+0000][80192.407s][info][gc,phases   ] GC(2397)   Evacuate Collection Set: 24.2ms
[2025-01-07T18:42:02.041+0000][80192.407s][info][gc,phases   ] GC(2397)   Post Evacuate Collection Set: 2.3ms
[2025-01-07T18:42:02.041+0000][80192.407s][info][gc,phases   ] GC(2397)   Other: 0.3ms
[2025-01-07T18:42:02.041+0000][80192.407s][info][gc,heap     ] GC(2397) Eden regions: 907->0(906)
[2025-01-07T18:42:02.041+0000][80192.407s][info][gc,heap     ] GC(2397) Survivor regions: 8->9(115)
[2025-01-07T18:42:02.041+0000][80192.407s][info][gc,heap     ] GC(2397) Old regions: 249->249
[2025-01-07T18:42:02.041+0000][80192.407s][info][gc,heap     ] GC(2397) Archive regions: 2->2
[2025-01-07T18:42:02.041+0000][80192.407s][info][gc,heap     ] GC(2397) Humongous regions: 49->49
[2025-01-07T18:42:02.041+0000][80192.407s][info][gc,metaspace] GC(2397) Metaspace: 498121K(506304K)->498121K(506304K) NonClass: 437590K(441792K)->437590K(441792K) Class: 60531K(64512K)->60531K(64512K)
[2025-01-07T18:42:02.041+0000][80192.407s][info][gc          ] GC(2397) Pause Young (Concurrent Start) (G1 Evacuation Pause) 9704M->2455M(12288M) 28.254ms
[2025-01-07T18:42:02.041+0000][80192.407s][info][gc,cpu      ] GC(2397) User=0.16s Sys=0.00s Real=0.02s
[2025-01-07T18:42:02.041+0000][80192.407s][info][gc          ] GC(2398) Concurrent Mark Cycle
[2025-01-07T18:42:02.041+0000][80192.407s][info][gc,marking  ] GC(2398) Concurrent Clear Claimed Marks
[2025-01-07T18:42:02.042+0000][80192.408s][info][gc,marking  ] GC(2398) Concurrent Clear Claimed Marks 0.804ms
[2025-01-07T18:42:02.042+0000][80192.408s][info][gc,marking  ] GC(2398) Concurrent Scan Root Regions
[2025-01-07T18:42:02.059+0000][80192.425s][info][gc,marking  ] GC(2398) Concurrent Scan Root Regions 17.695ms
[2025-01-07T18:42:02.059+0000][80192.425s][info][gc,marking  ] GC(2398) Concurrent Mark
[2025-01-07T18:42:02.059+0000][80192.425s][info][gc,marking  ] GC(2398) Concurrent Mark From Roots
[2025-01-07T18:42:02.059+0000][80192.425s][info][gc,task     ] GC(2398) Using 2 workers of 2 for marking
[2025-01-07T18:42:02.977+0000][80193.343s][info][gc,marking  ] GC(2398) Concurrent Mark From Roots 917.247ms
[2025-01-07T18:42:02.977+0000][80193.343s][info][gc,marking  ] GC(2398) Concurrent Preclean
[2025-01-07T18:42:02.979+0000][80193.345s][info][gc,marking  ] GC(2398) Concurrent Preclean 1.869ms
[2025-01-07T18:42:02.979+0000][80193.345s][info][gc,start    ] GC(2398) Pause Remark
[2025-01-07T18:42:03.003+0000][80193.369s][info][gc          ] GC(2398) Pause Remark 3903M->3903M(12288M) 24.354ms
[2025-01-07T18:42:03.003+0000][80193.369s][info][gc,cpu      ] GC(2398) User=0.14s Sys=0.00s Real=0.03s
[2025-01-07T18:42:03.003+0000][80193.369s][info][gc,marking  ] GC(2398) Concurrent Mark 943.868ms
[2025-01-07T18:42:03.003+0000][80193.369s][info][gc,marking  ] GC(2398) Concurrent Rebuild Remembered Sets
[2025-01-07T18:42:03.517+0000][80193.883s][info][gc,marking  ] GC(2398) Concurrent Rebuild Remembered Sets 513.223ms
[2025-01-07T18:42:03.517+0000][80193.883s][info][gc,start    ] GC(2398) Pause Cleanup
[2025-01-07T18:42:03.517+0000][80193.883s][info][gc          ] GC(2398) Pause Cleanup 4659M->4659M(12288M) 0.482ms
[2025-01-07T18:42:03.517+0000][80193.883s][info][gc,cpu      ] GC(2398) User=0.00s Sys=0.00s Real=0.00s
[2025-01-07T18:42:03.517+0000][80193.883s][info][gc,marking  ] GC(2398) Concurrent Cleanup for Next Mark
[2025-01-07T18:42:03.533+0000][80193.899s][info][gc,marking  ] GC(2398) Concurrent Cleanup for Next Mark 15.749ms
[2025-01-07T18:42:03.533+0000][80193.899s][info][gc          ] GC(2398) Concurrent Mark Cycle 1492.247ms
[2025-01-07T18:42:08.587+0000][80198.953s][info][gc,start    ] GC(2399) Pause Young (Prepare Mixed) (G1 Evacuation Pause)
[2025-01-07T18:42:08.587+0000][80198.953s][info][gc,task     ] GC(2399) Using 6 workers of 6 for evacuation
[2025-01-07T18:42:08.619+0000][80198.985s][info][gc,phases   ] GC(2399)   Pre Evacuate Collection Set: 0.2ms
[2025-01-07T18:42:08.619+0000][80198.985s][info][gc,phases   ] GC(2399)   Merge Heap Roots: 0.6ms
[2025-01-07T18:42:08.619+0000][80198.985s][info][gc,phases   ] GC(2399)   Evacuate Collection Set: 28.6ms
[2025-01-07T18:42:08.619+0000][80198.985s][info][gc,phases   ] GC(2399)   Post Evacuate Collection Set: 2.5ms
[2025-01-07T18:42:08.619+0000][80198.985s][info][gc,phases   ] GC(2399)   Other: 0.2ms
[2025-01-07T18:42:08.619+0000][80198.985s][info][gc,heap     ] GC(2399) Eden regions: 906->0(67)
[2025-01-07T18:42:08.619+0000][80198.985s][info][gc,heap     ] GC(2399) Survivor regions: 9->9(115)
[2025-01-07T18:42:08.619+0000][80198.985s][info][gc,heap     ] GC(2399) Old regions: 249->249
[2025-01-07T18:42:08.619+0000][80198.985s][info][gc,heap     ] GC(2399) Archive regions: 2->2
[2025-01-07T18:42:08.619+0000][80198.985s][info][gc,heap     ] GC(2399) Humongous regions: 49->49
[2025-01-07T18:42:08.619+0000][80198.986s][info][gc,metaspace] GC(2399) Metaspace: 498121K(506304K)->498121K(506304K) NonClass: 437590K(441792K)->437590K(441792K) Class: 60531K(64512K)->60531K(64512K)
[2025-01-07T18:42:08.619+0000][80198.986s][info][gc          ] GC(2399) Pause Young (Prepare Mixed) (G1 Evacuation Pause) 9703M->2461M(12288M) 32.185ms
[2025-01-07T18:42:08.619+0000][80198.986s][info][gc,cpu      ] GC(2399) User=0.19s Sys=0.00s Real=0.03s
[2025-01-07T18:42:10.579+0000][80200.945s][info][gc,start    ] GC(2400) Pause Young (Mixed) (G1 Evacuation Pause)
[2025-01-07T18:42:10.579+0000][80200.945s][info][gc,task     ] GC(2400) Using 6 workers of 6 for evacuation
[2025-01-07T18:42:10.621+0000][80200.987s][info][gc,phases   ] GC(2400)   Pre Evacuate Collection Set: 0.2ms
[2025-01-07T18:42:10.621+0000][80200.987s][info][gc,phases   ] GC(2400)   Merge Heap Roots: 0.4ms
[2025-01-07T18:42:10.621+0000][80200.987s][info][gc,phases   ] GC(2400)   Evacuate Collection Set: 39.3ms
[2025-01-07T18:42:10.621+0000][80200.987s][info][gc,phases   ] GC(2400)   Post Evacuate Collection Set: 1.8ms
[2025-01-07T18:42:10.621+0000][80200.987s][info][gc,phases   ] GC(2400)   Other: 0.2ms
[2025-01-07T18:42:10.621+0000][80200.987s][info][gc,heap     ] GC(2400) Eden regions: 67->0(911)
[2025-01-07T18:42:10.621+0000][80200.987s][info][gc,heap     ] GC(2400) Survivor regions: 9->6(10)
[2025-01-07T18:42:10.621+0000][80200.987s][info][gc,heap     ] GC(2400) Old regions: 249->246
[2025-01-07T18:42:10.621+0000][80200.987s][info][gc,heap     ] GC(2400) Archive regions: 2->2
[2025-01-07T18:42:10.621+0000][80200.987s][info][gc,heap     ] GC(2400) Humongous regions: 49->49
[2025-01-07T18:42:10.621+0000][80200.987s][info][gc,metaspace] GC(2400) Metaspace: 498121K(506304K)->498121K(506304K) NonClass: 437590K(441792K)->437590K(441792K) Class: 60531K(64512K)->60531K(64512K)
[2025-01-07T18:42:10.621+0000][80200.987s][info][gc          ] GC(2400) Pause Young (Mixed) (G1 Evacuation Pause) 2997M->2411M(12288M) 41.961ms
[2025-01-07T18:42:10.621+0000][80200.987s][info][gc,cpu      ] GC(2400) User=0.24s Sys=0.00s Real=0.04s
[2025-01-07T18:42:19.819+0000][80210.185s][info][gc,start    ] GC(2401) Pause Young (Normal) (G1 Evacuation Pause)
[2025-01-07T18:42:19.819+0000][80210.185s][info][gc,task     ] GC(2401) Using 6 workers of 6 for evacuation
[2025-01-07T18:42:19.845+0000][80210.211s][info][gc,phases   ] GC(2401)   Pre Evacuate Collection Set: 0.2ms
[2025-01-07T18:42:19.845+0000][80210.211s][info][gc,phases   ] GC(2401)   Merge Heap Roots: 0.4ms
[2025-01-07T18:42:19.845+0000][80210.211s][info][gc,phases   ] GC(2401)   Evacuate Collection Set: 22.8ms
[2025-01-07T18:42:19.845+0000][80210.211s][info][gc,phases   ] GC(2401)   Post Evacuate Collection Set: 2.5ms
[2025-01-07T18:42:19.845+0000][80210.211s][info][gc,phases   ] GC(2401)   Other: 0.2ms
[2025-01-07T18:42:19.845+0000][80210.211s][info][gc,heap     ] GC(2401) Eden regions: 911->0(909)
[2025-01-07T18:42:19.845+0000][80210.211s][info][gc,heap     ] GC(2401) Survivor regions: 6->8(115)
[2025-01-07T18:42:19.845+0000][80210.211s][info][gc,heap     ] GC(2401) Old regions: 246->246
[2025-01-07T18:42:19.845+0000][80210.211s][info][gc,heap     ] GC(2401) Archive regions: 2->2
[2025-01-07T18:42:19.845+0000][80210.211s][info][gc,heap     ] GC(2401) Humongous regions: 49->49
[2025-01-07T18:42:19.845+0000][80210.211s][info][gc,metaspace] GC(2401) Metaspace: 498121K(506304K)->498121K(506304K) NonClass: 437590K(441792K)->437590K(441792K) Class: 60531K(64512K)->60531K(64512K)
[2025-01-07T18:42:19.845+0000][80210.211s][info][gc          ] GC(2401) Pause Young (Normal) (G1 Evacuation Pause) 9699M->2422M(12288M) 26.189ms
[2025-01-07T18:42:19.845+0000][80210.211s][info][gc,cpu      ] GC(2401) User=0.15s Sys=0.00s Real=0.03s
[2025-01-07T18:42:25.883+0000][80216.249s][info][gc,start    ] GC(2402) Pause Young (Normal) (G1 Evacuation Pause)
[2025-01-07T18:42:25.883+0000][80216.249s][info][gc,task     ] GC(2402) Using 6 workers of 6 for evacuation
[2025-01-07T18:42:25.913+0000][80216.279s][info][gc,phases   ] GC(2402)   Pre Evacuate Collection Set: 0.2ms
[2025-01-07T18:42:25.913+0000][80216.279s][info][gc,phases   ] GC(2402)   Merge Heap Roots: 0.4ms
[2025-01-07T18:42:25.913+0000][80216.279s][info][gc,phases   ] GC(2402)   Evacuate Collection Set: 26.8ms
[2025-01-07T18:42:25.913+0000][80216.279s][info][gc,phases   ] GC(2402)   Post Evacuate Collection Set: 2.6ms
[2025-01-07T18:42:25.913+0000][80216.279s][info][gc,phases   ] GC(2402)   Other: 0.2ms
[2025-01-07T18:42:25.913+0000][80216.279s][info][gc,heap     ] GC(2402) Eden regions: 909->0(910)
[2025-01-07T18:42:25.913+0000][80216.279s][info][gc,heap     ] GC(2402) Survivor regions: 8->9(115)
[2025-01-07T18:42:25.913+0000][80216.279s][info][gc,heap     ] GC(2402) Old regions: 246->246
[2025-01-07T18:42:25.913+0000][80216.279s][info][gc,heap     ] GC(2402) Archive regions: 2->2
[2025-01-07T18:42:25.913+0000][80216.279s][info][gc,heap     ] GC(2402) Humongous regions: 49->49
[2025-01-07T18:42:25.913+0000][80216.279s][info][gc,metaspace] GC(2402) Metaspace: 498121K(506304K)->498121K(506304K) NonClass: 437590K(441792K)->437590K(441792K) Class: 60531K(64512K)->60531K(64512K)
[2025-01-07T18:42:25.913+0000][80216.279s][info][gc          ] GC(2402) Pause Young (Normal) (G1 Evacuation Pause) 9694M->2432M(12288M) 30.326ms
[2025-01-07T18:42:25.913+0000][80216.279s][info][gc,cpu      ] GC(2402) User=0.18s Sys=0.00s Real=0.03s
[2025-01-07T18:42:35.626+0000][80225.992s][info][gc,start    ] GC(2403) Pause Young (Concurrent Start) (G1 Evacuation Pause)
[2025-01-07T18:42:35.626+0000][80225.992s][info][gc,task     ] GC(2403) Using 6 workers of 6 for evacuation
[2025-01-07T18:42:35.664+0000][80226.030s][info][gc,phases   ] GC(2403)   Pre Evacuate Collection Set: 1.0ms
[2025-01-07T18:42:35.664+0000][80226.030s][info][gc,phases   ] GC(2403)   Merge Heap Roots: 0.5ms
[2025-01-07T18:42:35.664+0000][80226.030s][info][gc,phases   ] GC(2403)   Evacuate Collection Set: 30.9ms
[2025-01-07T18:42:35.664+0000][80226.030s][info][gc,phases   ] GC(2403)   Post Evacuate Collection Set: 5.3ms
[2025-01-07T18:42:35.664+0000][80226.030s][info][gc,phases   ] GC(2403)   Other: 0.3ms
[2025-01-07T18:42:35.664+0000][80226.030s][info][gc,heap     ] GC(2403) Eden regions: 910->0(904)
[2025-01-07T18:42:35.664+0000][80226.030s][info][gc,heap     ] GC(2403) Survivor regions: 9->12(115)
[2025-01-07T18:42:35.664+0000][80226.030s][info][gc,heap     ] GC(2403) Old regions: 246->246
[2025-01-07T18:42:35.664+0000][80226.030s][info][gc,heap     ] GC(2403) Archive regions: 2->2
[2025-01-07T18:42:35.664+0000][80226.030s][info][gc,heap     ] GC(2403) Humongous regions: 49->49
[2025-01-07T18:42:35.664+0000][80226.030s][info][gc,metaspace] GC(2403) Metaspace: 498125K(506304K)->498125K(506304K) NonClass: 437594K(441792K)->437594K(441792K) Class: 60531K(64512K)->60531K(64512K)
[2025-01-07T18:42:35.664+0000][80226.030s][info][gc          ] GC(2403) Pause Young (Concurrent Start) (G1 Evacuation Pause) 9712M->2456M(12288M) 38.061ms
[2025-01-07T18:42:35.664+0000][80226.030s][info][gc,cpu      ] GC(2403) User=0.22s Sys=0.00s Real=0.04s
[2025-01-07T18:42:35.664+0000][80226.030s][info][gc          ] GC(2404) Concurrent Mark Cycle
[2025-01-07T18:42:35.664+0000][80226.030s][info][gc,marking  ] GC(2404) Concurrent Clear Claimed Marks
[2025-01-07T18:42:35.665+0000][80226.031s][info][gc,marking  ] GC(2404) Concurrent Clear Claimed Marks 0.838ms
[2025-01-07T18:42:35.665+0000][80226.031s][info][gc,marking  ] GC(2404) Concurrent Scan Root Regions
[2025-01-07T18:42:35.695+0000][80226.061s][info][gc,marking  ] GC(2404) Concurrent Scan Root Regions 30.498ms
[2025-01-07T18:42:35.695+0000][80226.061s][info][gc,marking  ] GC(2404) Concurrent Mark
[2025-01-07T18:42:35.695+0000][80226.061s][info][gc,marking  ] GC(2404) Concurrent Mark From Roots
[2025-01-07T18:42:35.695+0000][80226.061s][info][gc,task     ] GC(2404) Using 2 workers of 2 for marking
[2025-01-07T18:42:36.668+0000][80227.034s][info][gc,marking  ] GC(2404) Concurrent Mark From Roots 972.386ms
[2025-01-07T18:42:36.668+0000][80227.034s][info][gc,marking  ] GC(2404) Concurrent Preclean
[2025-01-07T18:42:36.670+0000][80227.036s][info][gc,marking  ] GC(2404) Concurrent Preclean 1.736ms
[2025-01-07T18:42:36.670+0000][80227.036s][info][gc,start    ] GC(2404) Pause Remark
[2025-01-07T18:42:36.695+0000][80227.061s][info][gc          ] GC(2404) Pause Remark 3600M->3600M(12288M) 25.647ms
[2025-01-07T18:42:36.695+0000][80227.061s][info][gc,cpu      ] GC(2404) User=0.15s Sys=0.00s Real=0.02s
[2025-01-07T18:42:36.695+0000][80227.062s][info][gc,marking  ] GC(2404) Concurrent Mark 1000.104ms
[2025-01-07T18:42:36.695+0000][80227.062s][info][gc,marking  ] GC(2404) Concurrent Rebuild Remembered Sets
[2025-01-07T18:42:37.174+0000][80227.540s][info][gc,marking  ] GC(2404) Concurrent Rebuild Remembered Sets 478.450ms
[2025-01-07T18:42:37.174+0000][80227.540s][info][gc,start    ] GC(2404) Pause Cleanup
[2025-01-07T18:42:37.175+0000][80227.541s][info][gc          ] GC(2404) Pause Cleanup 3944M->3944M(12288M) 0.457ms
[2025-01-07T18:42:37.175+0000][80227.541s][info][gc,cpu      ] GC(2404) User=0.00s Sys=0.00s Real=0.00s
[2025-01-07T18:42:37.175+0000][80227.541s][info][gc,marking  ] GC(2404) Concurrent Cleanup for Next Mark
[2025-01-07T18:42:37.190+0000][80227.556s][info][gc,marking  ] GC(2404) Concurrent Cleanup for Next Mark 15.311ms
[2025-01-07T18:42:37.190+0000][80227.556s][info][gc          ] GC(2404) Concurrent Mark Cycle 1526.073ms
[2025-01-07T18:42:42.839+0000][80233.205s][info][gc,start    ] GC(2405) Pause Young (Prepare Mixed) (G1 Evacuation Pause)
[2025-01-07T18:42:42.839+0000][80233.205s][info][gc,task     ] GC(2405) Using 6 workers of 6 for evacuation
[2025-01-07T18:42:42.879+0000][80233.245s][info][gc,phases   ] GC(2405)   Pre Evacuate Collection Set: 0.2ms
[2025-01-07T18:42:42.879+0000][80233.245s][info][gc,phases   ] GC(2405)   Merge Heap Roots: 0.8ms
[2025-01-07T18:42:42.879+0000][80233.245s][info][gc,phases   ] GC(2405)   Evacuate Collection Set: 34.9ms
[2025-01-07T18:42:42.879+0000][80233.245s][info][gc,phases   ] GC(2405)   Post Evacuate Collection Set: 4.3ms
[2025-01-07T18:42:42.879+0000][80233.245s][info][gc,phases   ] GC(2405)   Other: 0.2ms
[2025-01-07T18:42:42.879+0000][80233.245s][info][gc,heap     ] GC(2405) Eden regions: 904->0(63)
[2025-01-07T18:42:42.879+0000][80233.245s][info][gc,heap     ] GC(2405) Survivor regions: 12->13(115)
[2025-01-07T18:42:42.879+0000][80233.245s][info][gc,heap     ] GC(2405) Old regions: 246->246
[2025-01-07T18:42:42.879+0000][80233.245s][info][gc,heap     ] GC(2405) Archive regions: 2->2
[2025-01-07T18:42:42.879+0000][80233.245s][info][gc,heap     ] GC(2405) Humongous regions: 49->49
[2025-01-07T18:42:42.879+0000][80233.245s][info][gc,metaspace] GC(2405) Metaspace: 498125K(506304K)->498125K(506304K) NonClass: 437594K(441792K)->437594K(441792K) Class: 60531K(64512K)->60531K(64512K)
[2025-01-07T18:42:42.879+0000][80233.245s][info][gc          ] GC(2405) Pause Young (Prepare Mixed) (G1 Evacuation Pause) 9688M->2461M(12288M) 40.447ms
[2025-01-07T18:42:42.879+0000][80233.245s][info][gc,cpu      ] GC(2405) User=0.23s Sys=0.00s Real=0.04s
[2025-01-07T18:42:43.473+0000][80233.839s][info][gc,start    ] GC(2406) Pause Young (Mixed) (G1 Evacuation Pause)
[2025-01-07T18:42:43.473+0000][80233.839s][info][gc,task     ] GC(2406) Using 6 workers of 6 for evacuation
[2025-01-07T18:42:43.535+0000][80233.901s][info][gc,phases   ] GC(2406)   Pre Evacuate Collection Set: 0.2ms
[2025-01-07T18:42:43.535+0000][80233.901s][info][gc,phases   ] GC(2406)   Merge Heap Roots: 0.6ms
[2025-01-07T18:42:43.535+0000][80233.901s][info][gc,phases   ] GC(2406)   Evacuate Collection Set: 58.9ms
[2025-01-07T18:42:43.535+0000][80233.901s][info][gc,phases   ] GC(2406)   Post Evacuate Collection Set: 1.9ms
[2025-01-07T18:42:43.535+0000][80233.901s][info][gc,phases   ] GC(2406)   Other: 0.2ms
[2025-01-07T18:42:43.535+0000][80233.901s][info][gc,heap     ] GC(2406) Eden regions: 63->0(910)
[2025-01-07T18:42:43.535+0000][80233.901s][info][gc,heap     ] GC(2406) Survivor regions: 13->4(10)
[2025-01-07T18:42:43.535+0000][80233.901s][info][gc,heap     ] GC(2406) Old regions: 246->248
[2025-01-07T18:42:43.535+0000][80233.901s][info][gc,heap     ] GC(2406) Archive regions: 2->2
[2025-01-07T18:42:43.535+0000][80233.901s][info][gc,heap     ] GC(2406) Humongous regions: 49->49
[2025-01-07T18:42:43.535+0000][80233.901s][info][gc,metaspace] GC(2406) Metaspace: 498126K(506304K)->498126K(506304K) NonClass: 437594K(441792K)->437594K(441792K) Class: 60531K(64512K)->60531K(64512K)
[2025-01-07T18:42:43.535+0000][80233.901s][info][gc          ] GC(2406) Pause Young (Mixed) (G1 Evacuation Pause) 2965M->2414M(12288M) 61.841ms
[2025-01-07T18:42:43.535+0000][80233.901s][info][gc,cpu      ] GC(2406) User=0.37s Sys=0.00s Real=0.06s
[2025-01-07T18:42:48.819+0000][80239.185s][info][gc,start    ] GC(2407) Pause Young (Normal) (G1 Evacuation Pause)
[2025-01-07T18:42:48.819+0000][80239.186s][info][gc,task     ] GC(2407) Using 6 workers of 6 for evacuation
[2025-01-07T18:42:48.837+0000][80239.204s][info][gc,phases   ] GC(2407)   Pre Evacuate Collection Set: 0.2ms
[2025-01-07T18:42:48.837+0000][80239.204s][info][gc,phases   ] GC(2407)   Merge Heap Roots: 0.3ms
[2025-01-07T18:42:48.838+0000][80239.204s][info][gc,phases   ] GC(2407)   Evacuate Collection Set: 15.0ms
[2025-01-07T18:42:48.838+0000][80239.204s][info][gc,phases   ] GC(2407)   Post Evacuate Collection Set: 2.3ms
[2025-01-07T18:42:48.838+0000][80239.204s][info][gc,phases   ] GC(2407)   Other: 0.2ms
[2025-01-07T18:42:48.838+0000][80239.204s][info][gc,heap     ] GC(2407) Eden regions: 910->0(911)
[2025-01-07T18:42:48.838+0000][80239.204s][info][gc,heap     ] GC(2407) Survivor regions: 4->5(115)
[2025-01-07T18:42:48.838+0000][80239.204s][info][gc,heap     ] GC(2407) Old regions: 248->248
[2025-01-07T18:42:48.838+0000][80239.204s][info][gc,heap     ] GC(2407) Archive regions: 2->2
[2025-01-07T18:42:48.838+0000][80239.204s][info][gc,heap     ] GC(2407) Humongous regions: 49->49
[2025-01-07T18:42:48.838+0000][80239.204s][info][gc,metaspace] GC(2407) Metaspace: 498126K(506304K)->498126K(506304K) NonClass: 437594K(441792K)->437594K(441792K) Class: 60531K(64512K)->60531K(64512K)
[2025-01-07T18:42:48.838+0000][80239.204s][info][gc          ] GC(2407) Pause Young (Normal) (G1 Evacuation Pause) 9694M->2414M(12288M) 18.185ms
[2025-01-07T18:42:48.838+0000][80239.204s][info][gc,cpu      ] GC(2407) User=0.11s Sys=0.00s Real=0.02s
[2025-01-07T18:42:59.670+0000][80250.037s][info][gc,start    ] GC(2408) Pause Young (Normal) (G1 Evacuation Pause)
[2025-01-07T18:42:59.670+0000][80250.037s][info][gc,task     ] GC(2408) Using 6 workers of 6 for evacuation
[2025-01-07T18:42:59.698+0000][80250.064s][info][gc,phases   ] GC(2408)   Pre Evacuate Collection Set: 0.2ms
[2025-01-07T18:42:59.698+0000][80250.064s][info][gc,phases   ] GC(2408)   Merge Heap Roots: 0.4ms
[2025-01-07T18:42:59.698+0000][80250.064s][info][gc,phases   ] GC(2408)   Evacuate Collection Set: 23.5ms
[2025-01-07T18:42:59.698+0000][80250.064s][info][gc,phases   ] GC(2408)   Post Evacuate Collection Set: 2.9ms
[2025-01-07T18:42:59.698+0000][80250.064s][info][gc,phases   ] GC(2408)   Other: 0.2ms
[2025-01-07T18:42:59.698+0000][80250.064s][info][gc,heap     ] GC(2408) Eden regions: 911->0(910)
[2025-01-07T18:42:59.698+0000][80250.064s][info][gc,heap     ] GC(2408) Survivor regions: 5->6(115)
[2025-01-07T18:42:59.698+0000][80250.064s][info][gc,heap     ] GC(2408) Old regions: 248->248
[2025-01-07T18:42:59.698+0000][80250.064s][info][gc,heap     ] GC(2408) Archive regions: 2->2
[2025-01-07T18:42:59.698+0000][80250.064s][info][gc,heap     ] GC(2408) Humongous regions: 49->49
[2025-01-07T18:42:59.698+0000][80250.064s][info][gc,metaspace] GC(2408) Metaspace: 498126K(506304K)->498126K(506304K) NonClass: 437594K(441792K)->437594K(441792K) Class: 60531K(64512K)->60531K(64512K)
[2025-01-07T18:42:59.698+0000][80250.064s][info][gc          ] GC(2408) Pause Young (Normal) (G1 Evacuation Pause) 9702M->2427M(12288M) 27.395ms
[2025-01-07T18:42:59.698+0000][80250.064s][info][gc,cpu      ] GC(2408) User=0.16s Sys=0.00s Real=0.02s
[2025-01-07T18:43:06.051+0000][80256.417s][info][gc,start    ] GC(2409) Pause Young (Concurrent Start) (G1 Evacuation Pause)
[2025-01-07T18:43:06.051+0000][80256.417s][info][gc,task     ] GC(2409) Using 6 workers of 6 for evacuation
[2025-01-07T18:43:06.079+0000][80256.445s][info][gc,phases   ] GC(2409)   Pre Evacuate Collection Set: 1.0ms
[2025-01-07T18:43:06.079+0000][80256.445s][info][gc,phases   ] GC(2409)   Merge Heap Roots: 0.4ms
[2025-01-07T18:43:06.079+0000][80256.445s][info][gc,phases   ] GC(2409)   Evacuate Collection Set: 23.8ms
[2025-01-07T18:43:06.079+0000][80256.445s][info][gc,phases   ] GC(2409)   Post Evacuate Collection Set: 2.5ms
[2025-01-07T18:43:06.079+0000][80256.445s][info][gc,phases   ] GC(2409)   Other: 0.3ms
[2025-01-07T18:43:06.079+0000][80256.445s][info][gc,heap     ] GC(2409) Eden regions: 910->0(910)
[2025-01-07T18:43:06.079+0000][80256.445s][info][gc,heap     ] GC(2409) Survivor regions: 6->7(115)
[2025-01-07T18:43:06.079+0000][80256.445s][info][gc,heap     ] GC(2409) Old regions: 248->248
[2025-01-07T18:43:06.079+0000][80256.445s][info][gc,heap     ] GC(2409) Archive regions: 2->2
[2025-01-07T18:43:06.079+0000][80256.445s][info][gc,heap     ] GC(2409) Humongous regions: 49->49
[2025-01-07T18:43:06.079+0000][80256.445s][info][gc,metaspace] GC(2409) Metaspace: 498126K(506304K)->498126K(506304K) NonClass: 437594K(441792K)->437594K(441792K) Class: 60531K(64512K)->60531K(64512K)
[2025-01-07T18:43:06.079+0000][80256.445s][info][gc          ] GC(2409) Pause Young (Concurrent Start) (G1 Evacuation Pause) 9707M->2436M(12288M) 28.033ms
[2025-01-07T18:43:06.079+0000][80256.445s][info][gc,cpu      ] GC(2409) User=0.16s Sys=0.00s Real=0.02s
[2025-01-07T18:43:06.079+0000][80256.445s][info][gc          ] GC(2410) Concurrent Mark Cycle
[2025-01-07T18:43:06.079+0000][80256.445s][info][gc,marking  ] GC(2410) Concurrent Clear Claimed Marks
[2025-01-07T18:43:06.080+0000][80256.446s][info][gc,marking  ] GC(2410) Concurrent Clear Claimed Marks 0.813ms
[2025-01-07T18:43:06.080+0000][80256.446s][info][gc,marking  ] GC(2410) Concurrent Scan Root Regions
[2025-01-07T18:43:06.097+0000][80256.463s][info][gc,marking  ] GC(2410) Concurrent Scan Root Regions 17.254ms
[2025-01-07T18:43:06.097+0000][80256.463s][info][gc,marking  ] GC(2410) Concurrent Mark
[2025-01-07T18:43:06.097+0000][80256.463s][info][gc,marking  ] GC(2410) Concurrent Mark From Roots
[2025-01-07T18:43:06.097+0000][80256.463s][info][gc,task     ] GC(2410) Using 2 workers of 2 for marking
[2025-01-07T18:43:06.915+0000][80257.281s][info][gc,marking  ] GC(2410) Concurrent Mark From Roots 817.899ms
[2025-01-07T18:43:06.915+0000][80257.281s][info][gc,marking  ] GC(2410) Concurrent Preclean
[2025-01-07T18:43:06.917+0000][80257.284s][info][gc,marking  ] GC(2410) Concurrent Preclean 2.425ms
[2025-01-07T18:43:06.918+0000][80257.284s][info][gc,start    ] GC(2410) Pause Remark
[2025-01-07T18:43:06.943+0000][80257.309s][info][gc          ] GC(2410) Pause Remark 3596M->3596M(12288M) 25.094ms
[2025-01-07T18:43:06.943+0000][80257.309s][info][gc,cpu      ] GC(2410) User=0.14s Sys=0.00s Real=0.03s
[2025-01-07T18:43:06.943+0000][80257.309s][info][gc,marking  ] GC(2410) Concurrent Mark 845.779ms
[2025-01-07T18:43:06.943+0000][80257.309s][info][gc,marking  ] GC(2410) Concurrent Rebuild Remembered Sets
[2025-01-07T18:43:07.427+0000][80257.794s][info][gc,marking  ] GC(2410) Concurrent Rebuild Remembered Sets 484.474ms
[2025-01-07T18:43:07.428+0000][80257.794s][info][gc,start    ] GC(2410) Pause Cleanup
[2025-01-07T18:43:07.428+0000][80257.794s][info][gc          ] GC(2410) Pause Cleanup 4212M->4212M(12288M) 0.480ms
[2025-01-07T18:43:07.428+0000][80257.794s][info][gc,cpu      ] GC(2410) User=0.00s Sys=0.00s Real=0.00s
[2025-01-07T18:43:07.428+0000][80257.794s][info][gc,marking  ] GC(2410) Concurrent Cleanup for Next Mark
[2025-01-07T18:43:07.444+0000][80257.810s][info][gc,marking  ] GC(2410) Concurrent Cleanup for Next Mark 16.064ms
[2025-01-07T18:43:07.444+0000][80257.810s][info][gc          ] GC(2410) Concurrent Mark Cycle 1365.277ms
[2025-01-07T18:43:12.314+0000][80262.680s][info][gc,start    ] GC(2411) Pause Young (Prepare Mixed) (G1 Evacuation Pause)
[2025-01-07T18:43:12.314+0000][80262.680s][info][gc,task     ] GC(2411) Using 6 workers of 6 for evacuation
[2025-01-07T18:43:12.343+0000][80262.710s][info][gc,phases   ] GC(2411)   Pre Evacuate Collection Set: 0.2ms
[2025-01-07T18:43:12.343+0000][80262.710s][info][gc,phases   ] GC(2411)   Merge Heap Roots: 0.6ms
[2025-01-07T18:43:12.343+0000][80262.710s][info][gc,phases   ] GC(2411)   Evacuate Collection Set: 25.9ms
[2025-01-07T18:43:12.343+0000][80262.710s][info][gc,phases   ] GC(2411)   Post Evacuate Collection Set: 2.6ms
[2025-01-07T18:43:12.344+0000][80262.710s][info][gc,phases   ] GC(2411)   Other: 0.2ms
[2025-01-07T18:43:12.344+0000][80262.710s][info][gc,heap     ] GC(2411) Eden regions: 910->0(68)
[2025-01-07T18:43:12.344+0000][80262.710s][info][gc,heap     ] GC(2411) Survivor regions: 7->8(115)
[2025-01-07T18:43:12.344+0000][80262.710s][info][gc,heap     ] GC(2411) Old regions: 248->248
[2025-01-07T18:43:12.344+0000][80262.710s][info][gc,heap     ] GC(2411) Archive regions: 2->2
[2025-01-07T18:43:12.344+0000][80262.710s][info][gc,heap     ] GC(2411) Humongous regions: 49->49
[2025-01-07T18:43:12.344+0000][80262.710s][info][gc,metaspace] GC(2411) Metaspace: 498126K(506304K)->498126K(506304K) NonClass: 437594K(441792K)->437594K(441792K) Class: 60531K(64512K)->60531K(64512K)
[2025-01-07T18:43:12.344+0000][80262.710s][info][gc          ] GC(2411) Pause Young (Prepare Mixed) (G1 Evacuation Pause) 9716M->2442M(12288M) 29.588ms
[2025-01-07T18:43:12.344+0000][80262.710s][info][gc,cpu      ] GC(2411) User=0.17s Sys=0.00s Real=0.03s
[2025-01-07T18:43:13.831+0000][80264.197s][info][gc,start    ] GC(2412) Pause Young (Mixed) (G1 Evacuation Pause)
[2025-01-07T18:43:13.831+0000][80264.197s][info][gc,task     ] GC(2412) Using 6 workers of 6 for evacuation
[2025-01-07T18:43:13.889+0000][80264.255s][info][gc,phases   ] GC(2412)   Pre Evacuate Collection Set: 0.2ms
[2025-01-07T18:43:13.889+0000][80264.255s][info][gc,phases   ] GC(2412)   Merge Heap Roots: 0.6ms
[2025-01-07T18:43:13.889+0000][80264.255s][info][gc,phases   ] GC(2412)   Evacuate Collection Set: 55.0ms
[2025-01-07T18:43:13.889+0000][80264.255s][info][gc,phases   ] GC(2412)   Post Evacuate Collection Set: 1.9ms
[2025-01-07T18:43:13.889+0000][80264.255s][info][gc,phases   ] GC(2412)   Other: 0.2ms
[2025-01-07T18:43:13.889+0000][80264.255s][info][gc,heap     ] GC(2412) Eden regions: 68->0(914)
[2025-01-07T18:43:13.889+0000][80264.255s][info][gc,heap     ] GC(2412) Survivor regions: 8->6(10)
[2025-01-07T18:43:13.889+0000][80264.255s][info][gc,heap     ] GC(2412) Old regions: 248->245
[2025-01-07T18:43:13.889+0000][80264.255s][info][gc,heap     ] GC(2412) Archive regions: 2->2
[2025-01-07T18:43:13.889+0000][80264.255s][info][gc,heap     ] GC(2412) Humongous regions: 49->49
[2025-01-07T18:43:13.889+0000][80264.255s][info][gc,metaspace] GC(2412) Metaspace: 498126K(506304K)->498126K(506304K) NonClass: 437594K(441792K)->437594K(441792K) Class: 60531K(64512K)->60531K(64512K)
[2025-01-07T18:43:13.889+0000][80264.255s][info][gc          ] GC(2412) Pause Young (Mixed) (G1 Evacuation Pause) 2986M->2399M(12288M) 58.022ms
[2025-01-07T18:43:13.889+0000][80264.255s][info][gc,cpu      ] GC(2412) User=0.34s Sys=0.00s Real=0.05s
[2025-01-07T18:43:23.344+0000][80273.710s][info][gc,start    ] GC(2413) Pause Young (Normal) (G1 Evacuation Pause)
[2025-01-07T18:43:23.344+0000][80273.710s][info][gc,task     ] GC(2413) Using 6 workers of 6 for evacuation
[2025-01-07T18:43:23.374+0000][80273.741s][info][gc,phases   ] GC(2413)   Pre Evacuate Collection Set: 0.2ms
[2025-01-07T18:43:23.374+0000][80273.741s][info][gc,phases   ] GC(2413)   Merge Heap Roots: 0.5ms
[2025-01-07T18:43:23.374+0000][80273.741s][info][gc,phases   ] GC(2413)   Evacuate Collection Set: 24.8ms
[2025-01-07T18:43:23.374+0000][80273.741s][info][gc,phases   ] GC(2413)   Post Evacuate Collection Set: 5.3ms
[2025-01-07T18:43:23.374+0000][80273.741s][info][gc,phases   ] GC(2413)   Other: 0.2ms
[2025-01-07T18:43:23.374+0000][80273.741s][info][gc,heap     ] GC(2413) Eden regions: 914->0(909)
[2025-01-07T18:43:23.374+0000][80273.741s][info][gc,heap     ] GC(2413) Survivor regions: 6->9(115)
[2025-01-07T18:43:23.374+0000][80273.741s][info][gc,heap     ] GC(2413) Old regions: 245->245
[2025-01-07T18:43:23.374+0000][80273.741s][info][gc,heap     ] GC(2413) Archive regions: 2->2
[2025-01-07T18:43:23.374+0000][80273.741s][info][gc,heap     ] GC(2413) Humongous regions: 49->49
[2025-01-07T18:43:23.374+0000][80273.741s][info][gc,metaspace] GC(2413) Metaspace: 498126K(506304K)->498126K(506304K) NonClass: 437594K(441792K)->437594K(441792K) Class: 60531K(64512K)->60531K(64512K)
[2025-01-07T18:43:23.375+0000][80273.741s][info][gc          ] GC(2413) Pause Young (Normal) (G1 Evacuation Pause) 9711M->2417M(12288M) 30.999ms
[2025-01-07T18:43:23.375+0000][80273.741s][info][gc,cpu      ] GC(2413) User=0.18s Sys=0.00s Real=0.03s
[2025-01-07T18:43:29.270+0000][80279.636s][info][gc,start    ] GC(2414) Pause Young (Normal) (G1 Evacuation Pause)
[2025-01-07T18:43:29.270+0000][80279.636s][info][gc,task     ] GC(2414) Using 6 workers of 6 for evacuation
[2025-01-07T18:43:29.298+0000][80279.664s][info][gc,phases   ] GC(2414)   Pre Evacuate Collection Set: 0.2ms
[2025-01-07T18:43:29.298+0000][80279.664s][info][gc,phases   ] GC(2414)   Merge Heap Roots: 0.4ms
[2025-01-07T18:43:29.298+0000][80279.664s][info][gc,phases   ] GC(2414)   Evacuate Collection Set: 24.8ms
[2025-01-07T18:43:29.298+0000][80279.664s][info][gc,phases   ] GC(2414)   Post Evacuate Collection Set: 2.6ms
[2025-01-07T18:43:29.298+0000][80279.664s][info][gc,phases   ] GC(2414)   Other: 0.3ms
[2025-01-07T18:43:29.298+0000][80279.665s][info][gc,heap     ] GC(2414) Eden regions: 909->0(913)
[2025-01-07T18:43:29.298+0000][80279.665s][info][gc,heap     ] GC(2414) Survivor regions: 9->7(115)
[2025-01-07T18:43:29.298+0000][80279.665s][info][gc,heap     ] GC(2414) Old regions: 245->245
[2025-01-07T18:43:29.298+0000][80279.665s][info][gc,heap     ] GC(2414) Archive regions: 2->2
[2025-01-07T18:43:29.298+0000][80279.665s][info][gc,heap     ] GC(2414) Humongous regions: 49->49
[2025-01-07T18:43:29.298+0000][80279.665s][info][gc,metaspace] GC(2414) Metaspace: 498126K(506304K)->498126K(506304K) NonClass: 437594K(441792K)->437594K(441792K) Class: 60531K(64512K)->60531K(64512K)
[2025-01-07T18:43:29.298+0000][80279.665s][info][gc          ] GC(2414) Pause Young (Normal) (G1 Evacuation Pause) 9689M->2401M(12288M) 28.434ms
[2025-01-07T18:43:29.299+0000][80279.665s][info][gc,cpu      ] GC(2414) User=0.16s Sys=0.00s Real=0.02s
[2025-01-07T18:43:34.320+0000][80284.687s][info][gc,start    ] GC(2415) Pause Young (Concurrent Start) (G1 Evacuation Pause)
[2025-01-07T18:43:34.320+0000][80284.687s][info][gc,task     ] GC(2415) Using 6 workers of 6 for evacuation
[2025-01-07T18:43:34.351+0000][80284.718s][info][gc,phases   ] GC(2415)   Pre Evacuate Collection Set: 1.0ms
[2025-01-07T18:43:34.351+0000][80284.718s][info][gc,phases   ] GC(2415)   Merge Heap Roots: 0.5ms
[2025-01-07T18:43:34.351+0000][80284.718s][info][gc,phases   ] GC(2415)   Evacuate Collection Set: 26.8ms
[2025-01-07T18:43:34.351+0000][80284.718s][info][gc,phases   ] GC(2415)   Post Evacuate Collection Set: 2.4ms
[2025-01-07T18:43:34.352+0000][80284.718s][info][gc,phases   ] GC(2415)   Other: 0.3ms
[2025-01-07T18:43:34.352+0000][80284.718s][info][gc,heap     ] GC(2415) Eden regions: 913->0(913)
[2025-01-07T18:43:34.352+0000][80284.718s][info][gc,heap     ] GC(2415) Survivor regions: 7->8(115)
[2025-01-07T18:43:34.352+0000][80284.718s][info][gc,heap     ] GC(2415) Old regions: 245->245
[2025-01-07T18:43:34.352+0000][80284.718s][info][gc,heap     ] GC(2415) Archive regions: 2->2
[2025-01-07T18:43:34.352+0000][80284.718s][info][gc,heap     ] GC(2415) Humongous regions: 49->49
[2025-01-07T18:43:34.352+0000][80284.718s][info][gc,metaspace] GC(2415) Metaspace: 498126K(506304K)->498126K(506304K) NonClass: 437594K(441792K)->437594K(441792K) Class: 60531K(64512K)->60531K(64512K)
[2025-01-07T18:43:34.352+0000][80284.718s][info][gc          ] GC(2415) Pause Young (Concurrent Start) (G1 Evacuation Pause) 9705M->2415M(12288M) 31.134ms
[2025-01-07T18:43:34.352+0000][80284.718s][info][gc,cpu      ] GC(2415) User=0.18s Sys=0.00s Real=0.04s
[2025-01-07T18:43:34.352+0000][80284.718s][info][gc          ] GC(2416) Concurrent Mark Cycle
[2025-01-07T18:43:34.352+0000][80284.718s][info][gc,marking  ] GC(2416) Concurrent Clear Claimed Marks
[2025-01-07T18:43:34.352+0000][80284.719s][info][gc,marking  ] GC(2416) Concurrent Clear Claimed Marks 0.810ms
[2025-01-07T18:43:34.352+0000][80284.719s][info][gc,marking  ] GC(2416) Concurrent Scan Root Regions
[2025-01-07T18:43:34.373+0000][80284.739s][info][gc,marking  ] GC(2416) Concurrent Scan Root Regions 20.569ms
[2025-01-07T18:43:34.373+0000][80284.739s][info][gc,marking  ] GC(2416) Concurrent Mark
[2025-01-07T18:43:34.373+0000][80284.739s][info][gc,marking  ] GC(2416) Concurrent Mark From Roots
[2025-01-07T18:43:34.373+0000][80284.739s][info][gc,task     ] GC(2416) Using 2 workers of 2 for marking
[2025-01-07T18:43:35.322+0000][80285.688s][info][gc,marking  ] GC(2416) Concurrent Mark From Roots 948.732ms
[2025-01-07T18:43:35.322+0000][80285.688s][info][gc,marking  ] GC(2416) Concurrent Preclean
[2025-01-07T18:43:35.324+0000][80285.690s][info][gc,marking  ] GC(2416) Concurrent Preclean 1.771ms
[2025-01-07T18:43:35.324+0000][80285.690s][info][gc,start    ] GC(2416) Pause Remark
[2025-01-07T18:43:35.350+0000][80285.716s][info][gc          ] GC(2416) Pause Remark 3615M->3615M(12288M) 26.262ms
[2025-01-07T18:43:35.350+0000][80285.716s][info][gc,cpu      ] GC(2416) User=0.15s Sys=0.00s Real=0.03s
[2025-01-07T18:43:35.351+0000][80285.717s][info][gc,marking  ] GC(2416) Concurrent Mark 977.626ms
[2025-01-07T18:43:35.351+0000][80285.717s][info][gc,marking  ] GC(2416) Concurrent Rebuild Remembered Sets
[2025-01-07T18:43:36.041+0000][80286.407s][info][gc,marking  ] GC(2416) Concurrent Rebuild Remembered Sets 690.126ms
[2025-01-07T18:43:36.041+0000][80286.408s][info][gc,start    ] GC(2416) Pause Cleanup
[2025-01-07T18:43:36.042+0000][80286.408s][info][gc          ] GC(2416) Pause Cleanup 4519M->4519M(12288M) 0.464ms
[2025-01-07T18:43:36.042+0000][80286.408s][info][gc,cpu      ] GC(2416) User=0.00s Sys=0.00s Real=0.00s
[2025-01-07T18:43:36.042+0000][80286.408s][info][gc,marking  ] GC(2416) Concurrent Cleanup for Next Mark
[2025-01-07T18:43:36.062+0000][80286.428s][info][gc,marking  ] GC(2416) Concurrent Cleanup for Next Mark 19.778ms
[2025-01-07T18:43:36.062+0000][80286.428s][info][gc          ] GC(2416) Concurrent Mark Cycle 1710.250ms
[2025-01-07T18:43:39.121+0000][80289.488s][info][gc,start    ] GC(2417) Pause Young (Prepare Mixed) (G1 Evacuation Pause)
[2025-01-07T18:43:39.121+0000][80289.488s][info][gc,task     ] GC(2417) Using 6 workers of 6 for evacuation
[2025-01-07T18:43:39.157+0000][80289.523s][info][gc,phases   ] GC(2417)   Pre Evacuate Collection Set: 0.2ms
[2025-01-07T18:43:39.157+0000][80289.523s][info][gc,phases   ] GC(2417)   Merge Heap Roots: 0.7ms
[2025-01-07T18:43:39.157+0000][80289.523s][info][gc,phases   ] GC(2417)   Evacuate Collection Set: 30.3ms
[2025-01-07T18:43:39.157+0000][80289.523s][info][gc,phases   ] GC(2417)   Post Evacuate Collection Set: 4.0ms
[2025-01-07T18:43:39.157+0000][80289.523s][info][gc,phases   ] GC(2417)   Other: 0.2ms
[2025-01-07T18:43:39.157+0000][80289.523s][info][gc,heap     ] GC(2417) Eden regions: 913->0(66)
[2025-01-07T18:43:39.157+0000][80289.523s][info][gc,heap     ] GC(2417) Survivor regions: 8->10(116)
[2025-01-07T18:43:39.157+0000][80289.523s][info][gc,heap     ] GC(2417) Old regions: 245->245
[2025-01-07T18:43:39.157+0000][80289.523s][info][gc,heap     ] GC(2417) Archive regions: 2->2
[2025-01-07T18:43:39.157+0000][80289.523s][info][gc,heap     ] GC(2417) Humongous regions: 49->49
[2025-01-07T18:43:39.157+0000][80289.523s][info][gc,metaspace] GC(2417) Metaspace: 498126K(506304K)->498126K(506304K) NonClass: 437594K(441792K)->437594K(441792K) Class: 60531K(64512K)->60531K(64512K)
[2025-01-07T18:43:39.157+0000][80289.523s][info][gc          ] GC(2417) Pause Young (Prepare Mixed) (G1 Evacuation Pause) 9719M->2429M(12288M) 35.567ms
[2025-01-07T18:43:39.157+0000][80289.523s][info][gc,cpu      ] GC(2417) User=0.20s Sys=0.00s Real=0.03s
[2025-01-07T18:43:39.453+0000][80289.819s][info][gc,start    ] GC(2418) Pause Young (Mixed) (G1 Evacuation Pause)
[2025-01-07T18:43:39.453+0000][80289.819s][info][gc,task     ] GC(2418) Using 6 workers of 6 for evacuation
[2025-01-07T18:43:39.516+0000][80289.882s][info][gc,phases   ] GC(2418)   Pre Evacuate Collection Set: 0.2ms
[2025-01-07T18:43:39.516+0000][80289.882s][info][gc,phases   ] GC(2418)   Merge Heap Roots: 0.7ms
[2025-01-07T18:43:39.516+0000][80289.882s][info][gc,phases   ] GC(2418)   Evacuate Collection Set: 59.8ms
[2025-01-07T18:43:39.516+0000][80289.882s][info][gc,phases   ] GC(2418)   Post Evacuate Collection Set: 1.8ms
[2025-01-07T18:43:39.516+0000][80289.882s][info][gc,phases   ] GC(2418)   Other: 0.2ms
[2025-01-07T18:43:39.516+0000][80289.882s][info][gc,heap     ] GC(2418) Eden regions: 66->0(915)
[2025-01-07T18:43:39.516+0000][80289.882s][info][gc,heap     ] GC(2418) Survivor regions: 10->5(10)
[2025-01-07T18:43:39.516+0000][80289.882s][info][gc,heap     ] GC(2418) Old regions: 245->245
[2025-01-07T18:43:39.516+0000][80289.882s][info][gc,heap     ] GC(2418) Archive regions: 2->2
[2025-01-07T18:43:39.516+0000][80289.882s][info][gc,heap     ] GC(2418) Humongous regions: 49->49
[2025-01-07T18:43:39.516+0000][80289.882s][info][gc,metaspace] GC(2418) Metaspace: 498126K(506304K)->498126K(506304K) NonClass: 437594K(441792K)->437594K(441792K) Class: 60531K(64512K)->60531K(64512K)
[2025-01-07T18:43:39.516+0000][80289.882s][info][gc          ] GC(2418) Pause Young (Mixed) (G1 Evacuation Pause) 2957M->2385M(12288M) 62.767ms
[2025-01-07T18:43:39.516+0000][80289.882s][info][gc,cpu      ] GC(2418) User=0.37s Sys=0.00s Real=0.06s
[2025-01-07T18:43:45.433+0000][80295.799s][info][gc,start    ] GC(2419) Pause Young (Normal) (G1 Evacuation Pause)
[2025-01-07T18:43:45.433+0000][80295.799s][info][gc,task     ] GC(2419) Using 6 workers of 6 for evacuation
[2025-01-07T18:43:45.456+0000][80295.822s][info][gc,phases   ] GC(2419)   Pre Evacuate Collection Set: 0.2ms
[2025-01-07T18:43:45.456+0000][80295.822s][info][gc,phases   ] GC(2419)   Merge Heap Roots: 0.4ms
[2025-01-07T18:43:45.456+0000][80295.822s][info][gc,phases   ] GC(2419)   Evacuate Collection Set: 20.0ms
[2025-01-07T18:43:45.456+0000][80295.822s][info][gc,phases   ] GC(2419)   Post Evacuate Collection Set: 2.4ms
[2025-01-07T18:43:45.456+0000][80295.822s][info][gc,phases   ] GC(2419)   Other: 0.2ms
[2025-01-07T18:43:45.456+0000][80295.822s][info][gc,heap     ] GC(2419) Eden regions: 915->0(916)
[2025-01-07T18:43:45.456+0000][80295.822s][info][gc,heap     ] GC(2419) Survivor regions: 5->5(115)
[2025-01-07T18:43:45.456+0000][80295.822s][info][gc,heap     ] GC(2419) Old regions: 245->245
[2025-01-07T18:43:45.456+0000][80295.822s][info][gc,heap     ] GC(2419) Archive regions: 2->2
[2025-01-07T18:43:45.456+0000][80295.822s][info][gc,heap     ] GC(2419) Humongous regions: 49->49
[2025-01-07T18:43:45.456+0000][80295.822s][info][gc,metaspace] GC(2419) Metaspace: 498127K(506304K)->498127K(506304K) NonClass: 437595K(441792K)->437595K(441792K) Class: 60531K(64512K)->60531K(64512K)
[2025-01-07T18:43:45.456+0000][80295.822s][info][gc          ] GC(2419) Pause Young (Normal) (G1 Evacuation Pause) 9705M->2391M(12288M) 23.320ms
[2025-01-07T18:43:45.456+0000][80295.822s][info][gc,cpu      ] GC(2419) User=0.14s Sys=0.00s Real=0.02s
[2025-01-07T18:43:54.399+0000][80304.765s][info][gc,start    ] GC(2420) Pause Young (Normal) (G1 Evacuation Pause)
[2025-01-07T18:43:54.399+0000][80304.765s][info][gc,task     ] GC(2420) Using 6 workers of 6 for evacuation
[2025-01-07T18:43:54.427+0000][80304.793s][info][gc,phases   ] GC(2420)   Pre Evacuate Collection Set: 0.2ms
[2025-01-07T18:43:54.427+0000][80304.793s][info][gc,phases   ] GC(2420)   Merge Heap Roots: 0.4ms
[2025-01-07T18:43:54.427+0000][80304.793s][info][gc,phases   ] GC(2420)   Evacuate Collection Set: 23.7ms
[2025-01-07T18:43:54.427+0000][80304.793s][info][gc,phases   ] GC(2420)   Post Evacuate Collection Set: 2.6ms
[2025-01-07T18:43:54.427+0000][80304.793s][info][gc,phases   ] GC(2420)   Other: 0.3ms
[2025-01-07T18:43:54.427+0000][80304.793s][info][gc,heap     ] GC(2420) Eden regions: 916->0(914)
[2025-01-07T18:43:54.427+0000][80304.793s][info][gc,heap     ] GC(2420) Survivor regions: 5->7(116)
[2025-01-07T18:43:54.427+0000][80304.793s][info][gc,heap     ] GC(2420) Old regions: 245->245
[2025-01-07T18:43:54.427+0000][80304.793s][info][gc,heap     ] GC(2420) Archive regions: 2->2
[2025-01-07T18:43:54.427+0000][80304.793s][info][gc,heap     ] GC(2420) Humongous regions: 49->49
[2025-01-07T18:43:54.427+0000][80304.793s][info][gc,metaspace] GC(2420) Metaspace: 498127K(506304K)->498127K(506304K) NonClass: 437595K(441792K)->437595K(441792K) Class: 60531K(64512K)->60531K(64512K)
[2025-01-07T18:43:54.427+0000][80304.793s][info][gc          ] GC(2420) Pause Young (Normal) (G1 Evacuation Pause) 9719M->2405M(12288M) 27.267ms
[2025-01-07T18:43:54.427+0000][80304.793s][info][gc,cpu      ] GC(2420) User=0.16s Sys=0.00s Real=0.03s
[2025-01-07T18:44:01.979+0000][80312.345s][info][gc,start    ] GC(2421) Pause Young (Concurrent Start) (G1 Evacuation Pause)
[2025-01-07T18:44:01.979+0000][80312.345s][info][gc,task     ] GC(2421) Using 6 workers of 6 for evacuation
[2025-01-07T18:44:02.009+0000][80312.375s][info][gc,phases   ] GC(2421)   Pre Evacuate Collection Set: 1.0ms
[2025-01-07T18:44:02.009+0000][80312.375s][info][gc,phases   ] GC(2421)   Merge Heap Roots: 0.4ms
[2025-01-07T18:44:02.009+0000][80312.375s][info][gc,phases   ] GC(2421)   Evacuate Collection Set: 25.9ms
[2025-01-07T18:44:02.009+0000][80312.375s][info][gc,phases   ] GC(2421)   Post Evacuate Collection Set: 2.5ms
[2025-01-07T18:44:02.009+0000][80312.375s][info][gc,phases   ] GC(2421)   Other: 0.3ms
[2025-01-07T18:44:02.009+0000][80312.375s][info][gc,heap     ] GC(2421) Eden regions: 914->0(912)
[2025-01-07T18:44:02.009+0000][80312.375s][info][gc,heap     ] GC(2421) Survivor regions: 7->8(116)
[2025-01-07T18:44:02.009+0000][80312.375s][info][gc,heap     ] GC(2421) Old regions: 245->245
[2025-01-07T18:44:02.009+0000][80312.375s][info][gc,heap     ] GC(2421) Archive regions: 2->2
[2025-01-07T18:44:02.009+0000][80312.375s][info][gc,heap     ] GC(2421) Humongous regions: 49->49
[2025-01-07T18:44:02.009+0000][80312.375s][info][gc,metaspace] GC(2421) Metaspace: 498129K(506304K)->498129K(506304K) NonClass: 437597K(441792K)->437597K(441792K) Class: 60531K(64512K)->60531K(64512K)
[2025-01-07T18:44:02.009+0000][80312.375s][info][gc          ] GC(2421) Pause Young (Concurrent Start) (G1 Evacuation Pause) 9717M->2411M(12288M) 30.183ms
[2025-01-07T18:44:02.009+0000][80312.375s][info][gc,cpu      ] GC(2421) User=0.17s Sys=0.00s Real=0.03s
[2025-01-07T18:44:02.009+0000][80312.375s][info][gc          ] GC(2422) Concurrent Mark Cycle
[2025-01-07T18:44:02.009+0000][80312.375s][info][gc,marking  ] GC(2422) Concurrent Clear Claimed Marks
[2025-01-07T18:44:02.010+0000][80312.376s][info][gc,marking  ] GC(2422) Concurrent Clear Claimed Marks 0.810ms
[2025-01-07T18:44:02.010+0000][80312.376s][info][gc,marking  ] GC(2422) Concurrent Scan Root Regions
[2025-01-07T18:44:02.031+0000][80312.397s][info][gc,marking  ] GC(2422) Concurrent Scan Root Regions 21.085ms
[2025-01-07T18:44:02.031+0000][80312.397s][info][gc,marking  ] GC(2422) Concurrent Mark
[2025-01-07T18:44:02.031+0000][80312.397s][info][gc,marking  ] GC(2422) Concurrent Mark From Roots
[2025-01-07T18:44:02.031+0000][80312.397s][info][gc,task     ] GC(2422) Using 2 workers of 2 for marking
[2025-01-07T18:44:02.893+0000][80313.259s][info][gc,marking  ] GC(2422) Concurrent Mark From Roots 861.588ms
[2025-01-07T18:44:02.893+0000][80313.259s][info][gc,marking  ] GC(2422) Concurrent Preclean
[2025-01-07T18:44:02.895+0000][80313.261s][info][gc,marking  ] GC(2422) Concurrent Preclean 1.994ms
[2025-01-07T18:44:02.895+0000][80313.261s][info][gc,start    ] GC(2422) Pause Remark
[2025-01-07T18:44:02.920+0000][80313.286s][info][gc          ] GC(2422) Pause Remark 3267M->3267M(12288M) 25.068ms
[2025-01-07T18:44:02.920+0000][80313.286s][info][gc,cpu      ] GC(2422) User=0.14s Sys=0.00s Real=0.02s
[2025-01-07T18:44:02.920+0000][80313.286s][info][gc,marking  ] GC(2422) Concurrent Mark 889.048ms
[2025-01-07T18:44:02.920+0000][80313.286s][info][gc,marking  ] GC(2422) Concurrent Rebuild Remembered Sets
[2025-01-07T18:44:03.524+0000][80313.890s][info][gc,marking  ] GC(2422) Concurrent Rebuild Remembered Sets 604.191ms
[2025-01-07T18:44:03.524+0000][80313.891s][info][gc,start    ] GC(2422) Pause Cleanup
[2025-01-07T18:44:03.525+0000][80313.891s][info][gc          ] GC(2422) Pause Cleanup 3871M->3871M(12288M) 0.426ms
[2025-01-07T18:44:03.525+0000][80313.891s][info][gc,cpu      ] GC(2422) User=0.00s Sys=0.00s Real=0.00s
[2025-01-07T18:44:03.525+0000][80313.891s][info][gc,marking  ] GC(2422) Concurrent Cleanup for Next Mark
[2025-01-07T18:44:03.541+0000][80313.907s][info][gc,marking  ] GC(2422) Concurrent Cleanup for Next Mark 15.578ms
[2025-01-07T18:44:03.541+0000][80313.907s][info][gc          ] GC(2422) Concurrent Mark Cycle 1531.594ms
[2025-01-07T18:44:10.066+0000][80320.433s][info][gc,start    ] GC(2423) Pause Young (Prepare Mixed) (GCLocker Initiated GC)
[2025-01-07T18:44:10.066+0000][80320.433s][info][gc,task     ] GC(2423) Using 6 workers of 6 for evacuation
[2025-01-07T18:44:10.100+0000][80320.466s][info][gc,phases   ] GC(2423)   Pre Evacuate Collection Set: 0.2ms
[2025-01-07T18:44:10.100+0000][80320.466s][info][gc,phases   ] GC(2423)   Merge Heap Roots: 0.7ms
[2025-01-07T18:44:10.100+0000][80320.466s][info][gc,phases   ] GC(2423)   Evacuate Collection Set: 30.0ms
[2025-01-07T18:44:10.100+0000][80320.466s][info][gc,phases   ] GC(2423)   Post Evacuate Collection Set: 2.6ms
[2025-01-07T18:44:10.100+0000][80320.466s][info][gc,phases   ] GC(2423)   Other: 0.2ms
[2025-01-07T18:44:10.100+0000][80320.466s][info][gc,heap     ] GC(2423) Eden regions: 912->0(66)
[2025-01-07T18:44:10.100+0000][80320.466s][info][gc,heap     ] GC(2423) Survivor regions: 8->10(115)
[2025-01-07T18:44:10.100+0000][80320.466s][info][gc,heap     ] GC(2423) Old regions: 245->245
[2025-01-07T18:44:10.100+0000][80320.466s][info][gc,heap     ] GC(2423) Archive regions: 2->2
[2025-01-07T18:44:10.100+0000][80320.466s][info][gc,heap     ] GC(2423) Humongous regions: 49->49
[2025-01-07T18:44:10.100+0000][80320.466s][info][gc,metaspace] GC(2423) Metaspace: 498129K(506304K)->498129K(506304K) NonClass: 437597K(441792K)->437597K(441792K) Class: 60531K(64512K)->60531K(64512K)
[2025-01-07T18:44:10.100+0000][80320.466s][info][gc          ] GC(2423) Pause Young (Prepare Mixed) (GCLocker Initiated GC) 9707M->2425M(12288M) 33.830ms
[2025-01-07T18:44:10.100+0000][80320.466s][info][gc,cpu      ] GC(2423) User=0.20s Sys=0.00s Real=0.03s
[2025-01-07T18:44:11.639+0000][80322.005s][info][gc,start    ] GC(2424) Pause Young (Mixed) (G1 Evacuation Pause)
[2025-01-07T18:44:11.639+0000][80322.005s][info][gc,task     ] GC(2424) Using 6 workers of 6 for evacuation
[2025-01-07T18:44:11.705+0000][80322.071s][info][gc,phases   ] GC(2424)   Pre Evacuate Collection Set: 0.2ms
[2025-01-07T18:44:11.705+0000][80322.071s][info][gc,phases   ] GC(2424)   Merge Heap Roots: 0.7ms
[2025-01-07T18:44:11.705+0000][80322.071s][info][gc,phases   ] GC(2424)   Evacuate Collection Set: 62.9ms
[2025-01-07T18:44:11.705+0000][80322.071s][info][gc,phases   ] GC(2424)   Post Evacuate Collection Set: 2.2ms
[2025-01-07T18:44:11.705+0000][80322.071s][info][gc,phases   ] GC(2424)   Other: 0.2ms
[2025-01-07T18:44:11.705+0000][80322.071s][info][gc,heap     ] GC(2424) Eden regions: 66->0(915)
[2025-01-07T18:44:11.705+0000][80322.071s][info][gc,heap     ] GC(2424) Survivor regions: 10->5(10)
[2025-01-07T18:44:11.705+0000][80322.071s][info][gc,heap     ] GC(2424) Old regions: 245->245
[2025-01-07T18:44:11.705+0000][80322.071s][info][gc,heap     ] GC(2424) Archive regions: 2->2
[2025-01-07T18:44:11.705+0000][80322.071s][info][gc,heap     ] GC(2424) Humongous regions: 49->49
[2025-01-07T18:44:11.705+0000][80322.071s][info][gc,metaspace] GC(2424) Metaspace: 498129K(506304K)->498129K(506304K) NonClass: 437597K(441792K)->437597K(441792K) Class: 60531K(64512K)->60531K(64512K)
[2025-01-07T18:44:11.705+0000][80322.071s][info][gc          ] GC(2424) Pause Young (Mixed) (G1 Evacuation Pause) 2953M->2390M(12288M) 66.241ms
[2025-01-07T18:44:11.705+0000][80322.071s][info][gc,cpu      ] GC(2424) User=0.37s Sys=0.00s Real=0.07s
[2025-01-07T18:44:18.988+0000][80329.354s][info][gc,start    ] GC(2425) Pause Young (Normal) (G1 Evacuation Pause)
[2025-01-07T18:44:18.988+0000][80329.354s][info][gc,task     ] GC(2425) Using 6 workers of 6 for evacuation
[2025-01-07T18:44:19.013+0000][80329.379s][info][gc,phases   ] GC(2425)   Pre Evacuate Collection Set: 0.2ms
[2025-01-07T18:44:19.013+0000][80329.379s][info][gc,phases   ] GC(2425)   Merge Heap Roots: 0.4ms
[2025-01-07T18:44:19.013+0000][80329.379s][info][gc,phases   ] GC(2425)   Evacuate Collection Set: 19.5ms
[2025-01-07T18:44:19.013+0000][80329.379s][info][gc,phases   ] GC(2425)   Post Evacuate Collection Set: 5.1ms
[2025-01-07T18:44:19.013+0000][80329.379s][info][gc,phases   ] GC(2425)   Other: 0.2ms
[2025-01-07T18:44:19.013+0000][80329.379s][info][gc,heap     ] GC(2425) Eden regions: 915->0(913)
[2025-01-07T18:44:19.013+0000][80329.379s][info][gc,heap     ] GC(2425) Survivor regions: 5->7(115)
[2025-01-07T18:44:19.013+0000][80329.379s][info][gc,heap     ] GC(2425) Old regions: 245->245
[2025-01-07T18:44:19.013+0000][80329.379s][info][gc,heap     ] GC(2425) Archive regions: 2->2
[2025-01-07T18:44:19.013+0000][80329.379s][info][gc,heap     ] GC(2425) Humongous regions: 49->49
[2025-01-07T18:44:19.013+0000][80329.379s][info][gc,metaspace] GC(2425) Metaspace: 498129K(506304K)->498129K(506304K) NonClass: 437597K(441792K)->437597K(441792K) Class: 60531K(64512K)->60531K(64512K)
[2025-01-07T18:44:19.013+0000][80329.379s][info][gc          ] GC(2425) Pause Young (Normal) (G1 Evacuation Pause) 9710M->2407M(12288M) 25.559ms
[2025-01-07T18:44:19.013+0000][80329.379s][info][gc,cpu      ] GC(2425) User=0.15s Sys=0.00s Real=0.03s
[2025-01-07T18:44:26.527+0000][80336.894s][info][gc,start    ] GC(2426) Pause Young (Normal) (G1 Evacuation Pause)
[2025-01-07T18:44:26.528+0000][80336.894s][info][gc,task     ] GC(2426) Using 6 workers of 6 for evacuation
[2025-01-07T18:44:26.555+0000][80336.921s][info][gc,phases   ] GC(2426)   Pre Evacuate Collection Set: 0.2ms
[2025-01-07T18:44:26.555+0000][80336.921s][info][gc,phases   ] GC(2426)   Merge Heap Roots: 0.4ms
[2025-01-07T18:44:26.555+0000][80336.921s][info][gc,phases   ] GC(2426)   Evacuate Collection Set: 23.8ms
[2025-01-07T18:44:26.555+0000][80336.921s][info][gc,phases   ] GC(2426)   Post Evacuate Collection Set: 2.8ms
[2025-01-07T18:44:26.555+0000][80336.921s][info][gc,phases   ] GC(2426)   Other: 0.2ms
[2025-01-07T18:44:26.555+0000][80336.921s][info][gc,heap     ] GC(2426) Eden regions: 913->0(913)
[2025-01-07T18:44:26.555+0000][80336.921s][info][gc,heap     ] GC(2426) Survivor regions: 7->7(115)
[2025-01-07T18:44:26.555+0000][80336.921s][info][gc,heap     ] GC(2426) Old regions: 245->245
[2025-01-07T18:44:26.555+0000][80336.921s][info][gc,heap     ] GC(2426) Archive regions: 2->2
[2025-01-07T18:44:26.555+0000][80336.921s][info][gc,heap     ] GC(2426) Humongous regions: 49->49
[2025-01-07T18:44:26.555+0000][80336.921s][info][gc,metaspace] GC(2426) Metaspace: 498129K(506304K)->498129K(506304K) NonClass: 437597K(441792K)->437597K(441792K) Class: 60531K(64512K)->60531K(64512K)
[2025-01-07T18:44:26.555+0000][80336.921s][info][gc          ] GC(2426) Pause Young (Normal) (G1 Evacuation Pause) 9711M->2409M(12288M) 27.545ms
[2025-01-07T18:44:26.555+0000][80336.921s][info][gc,cpu      ] GC(2426) User=0.16s Sys=0.00s Real=0.03s
[2025-01-07T18:44:34.451+0000][80344.817s][info][gc,start    ] GC(2427) Pause Young (Concurrent Start) (G1 Evacuation Pause)
[2025-01-07T18:44:34.451+0000][80344.817s][info][gc,task     ] GC(2427) Using 6 workers of 6 for evacuation
[2025-01-07T18:44:34.482+0000][80344.848s][info][gc,phases   ] GC(2427)   Pre Evacuate Collection Set: 1.0ms
[2025-01-07T18:44:34.482+0000][80344.848s][info][gc,phases   ] GC(2427)   Merge Heap Roots: 0.4ms
[2025-01-07T18:44:34.482+0000][80344.848s][info][gc,phases   ] GC(2427)   Evacuate Collection Set: 25.3ms
[2025-01-07T18:44:34.482+0000][80344.848s][info][gc,phases   ] GC(2427)   Post Evacuate Collection Set: 4.0ms
[2025-01-07T18:44:34.482+0000][80344.848s][info][gc,phases   ] GC(2427)   Other: 0.3ms
[2025-01-07T18:44:34.482+0000][80344.848s][info][gc,heap     ] GC(2427) Eden regions: 913->0(909)
[2025-01-07T18:44:34.482+0000][80344.848s][info][gc,heap     ] GC(2427) Survivor regions: 7->10(115)
[2025-01-07T18:44:34.482+0000][80344.848s][info][gc,heap     ] GC(2427) Old regions: 245->245
[2025-01-07T18:44:34.482+0000][80344.848s][info][gc,heap     ] GC(2427) Archive regions: 2->2
[2025-01-07T18:44:34.482+0000][80344.848s][info][gc,heap     ] GC(2427) Humongous regions: 49->49
[2025-01-07T18:44:34.482+0000][80344.848s][info][gc,metaspace] GC(2427) Metaspace: 498129K(506304K)->498129K(506304K) NonClass: 437597K(441792K)->437597K(441792K) Class: 60531K(64512K)->60531K(64512K)
[2025-01-07T18:44:34.482+0000][80344.848s][info][gc          ] GC(2427) Pause Young (Concurrent Start) (G1 Evacuation Pause) 9713M->2427M(12288M) 31.099ms
[2025-01-07T18:44:34.482+0000][80344.848s][info][gc,cpu      ] GC(2427) User=0.15s Sys=0.02s Real=0.03s
[2025-01-07T18:44:34.482+0000][80344.848s][info][gc          ] GC(2428) Concurrent Mark Cycle
[2025-01-07T18:44:34.482+0000][80344.848s][info][gc,marking  ] GC(2428) Concurrent Clear Claimed Marks
[2025-01-07T18:44:34.483+0000][80344.849s][info][gc,marking  ] GC(2428) Concurrent Clear Claimed Marks 0.793ms
[2025-01-07T18:44:34.483+0000][80344.849s][info][gc,marking  ] GC(2428) Concurrent Scan Root Regions
[2025-01-07T18:44:34.505+0000][80344.871s][info][gc,marking  ] GC(2428) Concurrent Scan Root Regions 22.738ms
[2025-01-07T18:44:34.505+0000][80344.871s][info][gc,marking  ] GC(2428) Concurrent Mark
[2025-01-07T18:44:34.505+0000][80344.871s][info][gc,marking  ] GC(2428) Concurrent Mark From Roots
[2025-01-07T18:44:34.505+0000][80344.871s][info][gc,task     ] GC(2428) Using 2 workers of 2 for marking
[2025-01-07T18:44:35.420+0000][80345.786s][info][gc,marking  ] GC(2428) Concurrent Mark From Roots 914.886ms
[2025-01-07T18:44:35.420+0000][80345.786s][info][gc,marking  ] GC(2428) Concurrent Preclean
[2025-01-07T18:44:35.422+0000][80345.788s][info][gc,marking  ] GC(2428) Concurrent Preclean 1.716ms
[2025-01-07T18:44:35.422+0000][80345.788s][info][gc,start    ] GC(2428) Pause Remark
[2025-01-07T18:44:35.449+0000][80345.815s][info][gc          ] GC(2428) Pause Remark 3431M->3431M(12288M) 26.965ms
[2025-01-07T18:44:35.449+0000][80345.815s][info][gc,cpu      ] GC(2428) User=0.15s Sys=0.01s Real=0.02s
[2025-01-07T18:44:35.449+0000][80345.815s][info][gc,marking  ] GC(2428) Concurrent Mark 943.907ms
[2025-01-07T18:44:35.449+0000][80345.815s][info][gc,marking  ] GC(2428) Concurrent Rebuild Remembered Sets
[2025-01-07T18:44:36.008+0000][80346.374s][info][gc,marking  ] GC(2428) Concurrent Rebuild Remembered Sets 558.319ms
[2025-01-07T18:44:36.008+0000][80346.374s][info][gc,start    ] GC(2428) Pause Cleanup
[2025-01-07T18:44:36.008+0000][80346.374s][info][gc          ] GC(2428) Pause Cleanup 4059M->4059M(12288M) 0.418ms
[2025-01-07T18:44:36.008+0000][80346.374s][info][gc,cpu      ] GC(2428) User=0.01s Sys=0.00s Real=0.00s
[2025-01-07T18:44:36.008+0000][80346.374s][info][gc,marking  ] GC(2428) Concurrent Cleanup for Next Mark
[2025-01-07T18:44:36.024+0000][80346.390s][info][gc,marking  ] GC(2428) Concurrent Cleanup for Next Mark 15.486ms
[2025-01-07T18:44:36.024+0000][80346.390s][info][gc          ] GC(2428) Concurrent Mark Cycle 1542.072ms
[2025-01-07T18:44:42.617+0000][80352.983s][info][gc,start    ] GC(2429) Pause Young (Prepare Mixed) (G1 Evacuation Pause)
[2025-01-07T18:44:42.617+0000][80352.983s][info][gc,task     ] GC(2429) Using 6 workers of 6 for evacuation
[2025-01-07T18:44:42.650+0000][80353.017s][info][gc,phases   ] GC(2429)   Pre Evacuate Collection Set: 0.2ms
[2025-01-07T18:44:42.651+0000][80353.017s][info][gc,phases   ] GC(2429)   Merge Heap Roots: 0.7ms
[2025-01-07T18:44:42.651+0000][80353.017s][info][gc,phases   ] GC(2429)   Evacuate Collection Set: 29.3ms
[2025-01-07T18:44:42.651+0000][80353.017s][info][gc,phases   ] GC(2429)   Post Evacuate Collection Set: 2.7ms
[2025-01-07T18:44:42.651+0000][80353.017s][info][gc,phases   ] GC(2429)   Other: 0.2ms
[2025-01-07T18:44:42.651+0000][80353.017s][info][gc,heap     ] GC(2429) Eden regions: 909->0(66)
[2025-01-07T18:44:42.651+0000][80353.017s][info][gc,heap     ] GC(2429) Survivor regions: 10->10(115)
[2025-01-07T18:44:42.651+0000][80353.017s][info][gc,heap     ] GC(2429) Old regions: 245->245
[2025-01-07T18:44:42.651+0000][80353.017s][info][gc,heap     ] GC(2429) Archive regions: 2->2
[2025-01-07T18:44:42.651+0000][80353.017s][info][gc,heap     ] GC(2429) Humongous regions: 49->49
[2025-01-07T18:44:42.651+0000][80353.017s][info][gc,metaspace] GC(2429) Metaspace: 498129K(506304K)->498129K(506304K) NonClass: 437597K(441792K)->437597K(441792K) Class: 60531K(64512K)->60531K(64512K)
[2025-01-07T18:44:42.651+0000][80353.017s][info][gc          ] GC(2429) Pause Young (Prepare Mixed) (G1 Evacuation Pause) 9699M->2432M(12288M) 33.265ms
[2025-01-07T18:44:42.651+0000][80353.017s][info][gc,cpu      ] GC(2429) User=0.20s Sys=0.00s Real=0.04s
[2025-01-07T18:44:43.112+0000][80353.478s][info][gc,start    ] GC(2430) Pause Young (Mixed) (G1 Evacuation Pause)
[2025-01-07T18:44:43.112+0000][80353.478s][info][gc,task     ] GC(2430) Using 6 workers of 6 for evacuation
[2025-01-07T18:44:43.172+0000][80353.538s][info][gc,phases   ] GC(2430)   Pre Evacuate Collection Set: 0.2ms
[2025-01-07T18:44:43.172+0000][80353.538s][info][gc,phases   ] GC(2430)   Merge Heap Roots: 0.6ms
[2025-01-07T18:44:43.172+0000][80353.538s][info][gc,phases   ] GC(2430)   Evacuate Collection Set: 56.9ms
[2025-01-07T18:44:43.172+0000][80353.538s][info][gc,phases   ] GC(2430)   Post Evacuate Collection Set: 2.0ms
[2025-01-07T18:44:43.172+0000][80353.538s][info][gc,phases   ] GC(2430)   Other: 0.2ms
[2025-01-07T18:44:43.172+0000][80353.538s][info][gc,heap     ] GC(2430) Eden regions: 66->0(912)
[2025-01-07T18:44:43.172+0000][80353.538s][info][gc,heap     ] GC(2430) Survivor regions: 10->5(10)
[2025-01-07T18:44:43.172+0000][80353.538s][info][gc,heap     ] GC(2430) Old regions: 245->246
[2025-01-07T18:44:43.172+0000][80353.538s][info][gc,heap     ] GC(2430) Archive regions: 2->2
[2025-01-07T18:44:43.172+0000][80353.538s][info][gc,heap     ] GC(2430) Humongous regions: 49->49
[2025-01-07T18:44:43.172+0000][80353.538s][info][gc,metaspace] GC(2430) Metaspace: 498129K(506304K)->498129K(506304K) NonClass: 437597K(441792K)->437597K(441792K) Class: 60531K(64512K)->60531K(64512K)
[2025-01-07T18:44:43.172+0000][80353.538s][info][gc          ] GC(2430) Pause Young (Mixed) (G1 Evacuation Pause) 2960M->2402M(12288M) 59.939ms
[2025-01-07T18:44:43.172+0000][80353.538s][info][gc,cpu      ] GC(2430) User=0.33s Sys=0.00s Real=0.06s
[2025-01-07T18:44:50.643+0000][80361.009s][info][gc,start    ] GC(2431) Pause Young (Normal) (G1 Evacuation Pause)
[2025-01-07T18:44:50.643+0000][80361.009s][info][gc,task     ] GC(2431) Using 6 workers of 6 for evacuation
[2025-01-07T18:44:50.669+0000][80361.035s][info][gc,phases   ] GC(2431)   Pre Evacuate Collection Set: 0.2ms
[2025-01-07T18:44:50.669+0000][80361.035s][info][gc,phases   ] GC(2431)   Merge Heap Roots: 0.4ms
[2025-01-07T18:44:50.669+0000][80361.035s][info][gc,phases   ] GC(2431)   Evacuate Collection Set: 23.0ms
[2025-01-07T18:44:50.669+0000][80361.035s][info][gc,phases   ] GC(2431)   Post Evacuate Collection Set: 2.4ms
[2025-01-07T18:44:50.669+0000][80361.035s][info][gc,phases   ] GC(2431)   Other: 0.2ms
[2025-01-07T18:44:50.669+0000][80361.035s][info][gc,heap     ] GC(2431) Eden regions: 912->0(910)
[2025-01-07T18:44:50.669+0000][80361.035s][info][gc,heap     ] GC(2431) Survivor regions: 5->7(115)
[2025-01-07T18:44:50.669+0000][80361.035s][info][gc,heap     ] GC(2431) Old regions: 246->246
[2025-01-07T18:44:50.669+0000][80361.035s][info][gc,heap     ] GC(2431) Archive regions: 2->2
[2025-01-07T18:44:50.669+0000][80361.035s][info][gc,heap     ] GC(2431) Humongous regions: 49->49
[2025-01-07T18:44:50.669+0000][80361.035s][info][gc,metaspace] GC(2431) Metaspace: 498129K(506304K)->498129K(506304K) NonClass: 437597K(441792K)->437597K(441792K) Class: 60531K(64512K)->60531K(64512K)
[2025-01-07T18:44:50.669+0000][80361.035s][info][gc          ] GC(2431) Pause Young (Normal) (G1 Evacuation Pause) 9698M->2415M(12288M) 26.401ms
[2025-01-07T18:44:50.669+0000][80361.035s][info][gc,cpu      ] GC(2431) User=0.15s Sys=0.00s Real=0.02s
[2025-01-07T18:44:55.727+0000][80366.093s][info][gc,start    ] GC(2432) Pause Young (Normal) (G1 Evacuation Pause)
[2025-01-07T18:44:55.727+0000][80366.093s][info][gc,task     ] GC(2432) Using 6 workers of 6 for evacuation
[2025-01-07T18:44:55.755+0000][80366.121s][info][gc,phases   ] GC(2432)   Pre Evacuate Collection Set: 0.2ms
[2025-01-07T18:44:55.755+0000][80366.121s][info][gc,phases   ] GC(2432)   Merge Heap Roots: 0.4ms
[2025-01-07T18:44:55.755+0000][80366.121s][info][gc,phases   ] GC(2432)   Evacuate Collection Set: 25.1ms
[2025-01-07T18:44:55.755+0000][80366.121s][info][gc,phases   ] GC(2432)   Post Evacuate Collection Set: 2.5ms
[2025-01-07T18:44:55.755+0000][80366.121s][info][gc,phases   ] GC(2432)   Other: 0.2ms
[2025-01-07T18:44:55.755+0000][80366.121s][info][gc,heap     ] GC(2432) Eden regions: 910->0(910)
[2025-01-07T18:44:55.755+0000][80366.121s][info][gc,heap     ] GC(2432) Survivor regions: 7->8(115)
[2025-01-07T18:44:55.755+0000][80366.121s][info][gc,heap     ] GC(2432) Old regions: 246->246
[2025-01-07T18:44:55.755+0000][80366.121s][info][gc,heap     ] GC(2432) Archive regions: 2->2
[2025-01-07T18:44:55.755+0000][80366.121s][info][gc,heap     ] GC(2432) Humongous regions: 49->49
[2025-01-07T18:44:55.755+0000][80366.121s][info][gc,metaspace] GC(2432) Metaspace: 498129K(506304K)->498129K(506304K) NonClass: 437597K(441792K)->437597K(441792K) Class: 60531K(64512K)->60531K(64512K)
[2025-01-07T18:44:55.755+0000][80366.121s][info][gc          ] GC(2432) Pause Young (Normal) (G1 Evacuation Pause) 9695M->2426M(12288M) 28.495ms
[2025-01-07T18:44:55.755+0000][80366.122s][info][gc,cpu      ] GC(2432) User=0.16s Sys=0.00s Real=0.03s
[2025-01-07T18:45:02.664+0000][80373.030s][info][gc,start    ] GC(2433) Pause Young (Concurrent Start) (G1 Evacuation Pause)
[2025-01-07T18:45:02.664+0000][80373.030s][info][gc,task     ] GC(2433) Using 6 workers of 6 for evacuation
[2025-01-07T18:45:02.696+0000][80373.062s][info][gc,phases   ] GC(2433)   Pre Evacuate Collection Set: 1.0ms
[2025-01-07T18:45:02.696+0000][80373.062s][info][gc,phases   ] GC(2433)   Merge Heap Roots: 0.5ms
[2025-01-07T18:45:02.696+0000][80373.062s][info][gc,phases   ] GC(2433)   Evacuate Collection Set: 27.8ms
[2025-01-07T18:45:02.696+0000][80373.062s][info][gc,phases   ] GC(2433)   Post Evacuate Collection Set: 2.6ms
[2025-01-07T18:45:02.696+0000][80373.062s][info][gc,phases   ] GC(2433)   Other: 0.3ms
[2025-01-07T18:45:02.696+0000][80373.062s][info][gc,heap     ] GC(2433) Eden regions: 910->0(908)
[2025-01-07T18:45:02.696+0000][80373.062s][info][gc,heap     ] GC(2433) Survivor regions: 8->10(115)
[2025-01-07T18:45:02.696+0000][80373.062s][info][gc,heap     ] GC(2433) Old regions: 246->246
[2025-01-07T18:45:02.696+0000][80373.062s][info][gc,heap     ] GC(2433) Archive regions: 2->2
[2025-01-07T18:45:02.696+0000][80373.062s][info][gc,heap     ] GC(2433) Humongous regions: 49->49
[2025-01-07T18:45:02.696+0000][80373.062s][info][gc,metaspace] GC(2433) Metaspace: 498129K(506304K)->498129K(506304K) NonClass: 437597K(441792K)->437597K(441792K) Class: 60531K(64512K)->60531K(64512K)
[2025-01-07T18:45:02.696+0000][80373.062s][info][gc          ] GC(2433) Pause Young (Concurrent Start) (G1 Evacuation Pause) 9706M->2436M(12288M) 32.158ms
[2025-01-07T18:45:02.696+0000][80373.062s][info][gc,cpu      ] GC(2433) User=0.18s Sys=0.00s Real=0.03s
[2025-01-07T18:45:02.696+0000][80373.062s][info][gc          ] GC(2434) Concurrent Mark Cycle
[2025-01-07T18:45:02.696+0000][80373.062s][info][gc,marking  ] GC(2434) Concurrent Clear Claimed Marks
[2025-01-07T18:45:02.697+0000][80373.063s][info][gc,marking  ] GC(2434) Concurrent Clear Claimed Marks 0.811ms
[2025-01-07T18:45:02.697+0000][80373.063s][info][gc,marking  ] GC(2434) Concurrent Scan Root Regions
[2025-01-07T18:45:02.726+0000][80373.092s][info][gc,marking  ] GC(2434) Concurrent Scan Root Regions 29.469ms
[2025-01-07T18:45:02.726+0000][80373.092s][info][gc,marking  ] GC(2434) Concurrent Mark
[2025-01-07T18:45:02.726+0000][80373.092s][info][gc,marking  ] GC(2434) Concurrent Mark From Roots
[2025-01-07T18:45:02.726+0000][80373.092s][info][gc,task     ] GC(2434) Using 2 workers of 2 for marking
[2025-01-07T18:45:03.627+0000][80373.993s][info][gc,marking  ] GC(2434) Concurrent Mark From Roots 900.364ms
[2025-01-07T18:45:03.627+0000][80373.993s][info][gc,marking  ] GC(2434) Concurrent Preclean
[2025-01-07T18:45:03.628+0000][80373.994s][info][gc,marking  ] GC(2434) Concurrent Preclean 1.668ms
[2025-01-07T18:45:03.628+0000][80373.995s][info][gc,start    ] GC(2434) Pause Remark
[2025-01-07T18:45:03.654+0000][80374.020s][info][gc          ] GC(2434) Pause Remark 3508M->3508M(12288M) 25.687ms
[2025-01-07T18:45:03.654+0000][80374.020s][info][gc,cpu      ] GC(2434) User=0.15s Sys=0.00s Real=0.03s
[2025-01-07T18:45:03.654+0000][80374.020s][info][gc,marking  ] GC(2434) Concurrent Mark 928.052ms
[2025-01-07T18:45:03.654+0000][80374.020s][info][gc,marking  ] GC(2434) Concurrent Rebuild Remembered Sets
[2025-01-07T18:45:04.139+0000][80374.505s][info][gc,marking  ] GC(2434) Concurrent Rebuild Remembered Sets 484.790ms
[2025-01-07T18:45:04.139+0000][80374.505s][info][gc,start    ] GC(2434) Pause Cleanup
[2025-01-07T18:45:04.140+0000][80374.506s][info][gc          ] GC(2434) Pause Cleanup 3840M->3840M(12288M) 0.427ms
[2025-01-07T18:45:04.140+0000][80374.506s][info][gc,cpu      ] GC(2434) User=0.00s Sys=0.00s Real=0.00s
[2025-01-07T18:45:04.140+0000][80374.506s][info][gc,marking  ] GC(2434) Concurrent Cleanup for Next Mark
[2025-01-07T18:45:04.155+0000][80374.521s][info][gc,marking  ] GC(2434) Concurrent Cleanup for Next Mark 15.470ms
[2025-01-07T18:45:04.155+0000][80374.521s][info][gc          ] GC(2434) Concurrent Mark Cycle 1459.410ms
[2025-01-07T18:45:11.373+0000][80381.739s][info][gc,start    ] GC(2435) Pause Young (Prepare Mixed) (G1 Evacuation Pause)
[2025-01-07T18:45:11.373+0000][80381.739s][info][gc,task     ] GC(2435) Using 6 workers of 6 for evacuation
[2025-01-07T18:45:11.408+0000][80381.774s][info][gc,phases   ] GC(2435)   Pre Evacuate Collection Set: 0.2ms
[2025-01-07T18:45:11.408+0000][80381.774s][info][gc,phases   ] GC(2435)   Merge Heap Roots: 0.7ms
[2025-01-07T18:45:11.408+0000][80381.774s][info][gc,phases   ] GC(2435)   Evacuate Collection Set: 31.0ms
[2025-01-07T18:45:11.408+0000][80381.774s][info][gc,phases   ] GC(2435)   Post Evacuate Collection Set: 2.8ms
[2025-01-07T18:45:11.408+0000][80381.774s][info][gc,phases   ] GC(2435)   Other: 0.2ms
[2025-01-07T18:45:11.408+0000][80381.774s][info][gc,heap     ] GC(2435) Eden regions: 908->0(65)
[2025-01-07T18:45:11.408+0000][80381.774s][info][gc,heap     ] GC(2435) Survivor regions: 10->11(115)
[2025-01-07T18:45:11.408+0000][80381.774s][info][gc,heap     ] GC(2435) Old regions: 246->246
[2025-01-07T18:45:11.408+0000][80381.774s][info][gc,heap     ] GC(2435) Archive regions: 2->2
[2025-01-07T18:45:11.408+0000][80381.774s][info][gc,heap     ] GC(2435) Humongous regions: 49->49
[2025-01-07T18:45:11.408+0000][80381.774s][info][gc,metaspace] GC(2435) Metaspace: 498129K(506304K)->498129K(506304K) NonClass: 437597K(441792K)->437597K(441792K) Class: 60531K(64512K)->60531K(64512K)
[2025-01-07T18:45:11.408+0000][80381.774s][info][gc          ] GC(2435) Pause Young (Prepare Mixed) (G1 Evacuation Pause) 9700M->2446M(12288M) 34.945ms
[2025-01-07T18:45:11.408+0000][80381.774s][info][gc,cpu      ] GC(2435) User=0.21s Sys=0.00s Real=0.03s
[2025-01-07T18:45:11.810+0000][80382.177s][info][gc,start    ] GC(2436) Pause Young (Mixed) (G1 Evacuation Pause)
[2025-01-07T18:45:11.811+0000][80382.177s][info][gc,task     ] GC(2436) Using 6 workers of 6 for evacuation
[2025-01-07T18:45:11.853+0000][80382.219s][info][gc,phases   ] GC(2436)   Pre Evacuate Collection Set: 0.2ms
[2025-01-07T18:45:11.853+0000][80382.219s][info][gc,phases   ] GC(2436)   Merge Heap Roots: 0.4ms
[2025-01-07T18:45:11.853+0000][80382.219s][info][gc,phases   ] GC(2436)   Evacuate Collection Set: 40.1ms
[2025-01-07T18:45:11.853+0000][80382.219s][info][gc,phases   ] GC(2436)   Post Evacuate Collection Set: 1.6ms
[2025-01-07T18:45:11.853+0000][80382.219s][info][gc,phases   ] GC(2436)   Other: 0.2ms
[2025-01-07T18:45:11.853+0000][80382.219s][info][gc,heap     ] GC(2436) Eden regions: 65->0(913)
[2025-01-07T18:45:11.853+0000][80382.219s][info][gc,heap     ] GC(2436) Survivor regions: 11->5(10)
[2025-01-07T18:45:11.853+0000][80382.219s][info][gc,heap     ] GC(2436) Old regions: 246->246
[2025-01-07T18:45:11.853+0000][80382.219s][info][gc,heap     ] GC(2436) Archive regions: 2->2
[2025-01-07T18:45:11.853+0000][80382.219s][info][gc,heap     ] GC(2436) Humongous regions: 49->49
[2025-01-07T18:45:11.853+0000][80382.219s][info][gc,metaspace] GC(2436) Metaspace: 498129K(506304K)->498129K(506304K) NonClass: 437598K(441792K)->437598K(441792K) Class: 60531K(64512K)->60531K(64512K)
[2025-01-07T18:45:11.853+0000][80382.219s][info][gc          ] GC(2436) Pause Young (Mixed) (G1 Evacuation Pause) 2966M->2400M(12288M) 42.577ms
[2025-01-07T18:45:11.853+0000][80382.219s][info][gc,cpu      ] GC(2436) User=0.25s Sys=0.00s Real=0.04s
[2025-01-07T18:45:18.710+0000][80389.076s][info][gc,start    ] GC(2437) Pause Young (Normal) (G1 Evacuation Pause)
[2025-01-07T18:45:18.710+0000][80389.076s][info][gc,task     ] GC(2437) Using 6 workers of 6 for evacuation
[2025-01-07T18:45:18.736+0000][80389.102s][info][gc,phases   ] GC(2437)   Pre Evacuate Collection Set: 0.2ms
[2025-01-07T18:45:18.736+0000][80389.102s][info][gc,phases   ] GC(2437)   Merge Heap Roots: 0.4ms
[2025-01-07T18:45:18.736+0000][80389.102s][info][gc,phases   ] GC(2437)   Evacuate Collection Set: 20.1ms
[2025-01-07T18:45:18.736+0000][80389.102s][info][gc,phases   ] GC(2437)   Post Evacuate Collection Set: 5.1ms
[2025-01-07T18:45:18.736+0000][80389.102s][info][gc,phases   ] GC(2437)   Other: 0.2ms
[2025-01-07T18:45:18.736+0000][80389.102s][info][gc,heap     ] GC(2437) Eden regions: 913->0(911)
[2025-01-07T18:45:18.736+0000][80389.102s][info][gc,heap     ] GC(2437) Survivor regions: 5->7(115)
[2025-01-07T18:45:18.736+0000][80389.102s][info][gc,heap     ] GC(2437) Old regions: 246->246
[2025-01-07T18:45:18.736+0000][80389.102s][info][gc,heap     ] GC(2437) Archive regions: 2->2
[2025-01-07T18:45:18.736+0000][80389.102s][info][gc,heap     ] GC(2437) Humongous regions: 49->49
[2025-01-07T18:45:18.736+0000][80389.102s][info][gc,metaspace] GC(2437) Metaspace: 498129K(506304K)->498129K(506304K) NonClass: 437598K(441792K)->437598K(441792K) Class: 60531K(64512K)->60531K(64512K)
[2025-01-07T18:45:18.736+0000][80389.102s][info][gc          ] GC(2437) Pause Young (Normal) (G1 Evacuation Pause) 9704M->2416M(12288M) 26.100ms
[2025-01-07T18:45:18.736+0000][80389.102s][info][gc,cpu      ] GC(2437) User=0.15s Sys=0.00s Real=0.02s
[2025-01-07T18:45:28.475+0000][80398.842s][info][gc,start    ] GC(2438) Pause Young (Normal) (G1 Evacuation Pause)
[2025-01-07T18:45:28.475+0000][80398.842s][info][gc,task     ] GC(2438) Using 6 workers of 6 for evacuation
[2025-01-07T18:45:28.506+0000][80398.872s][info][gc,phases   ] GC(2438)   Pre Evacuate Collection Set: 0.2ms
[2025-01-07T18:45:28.506+0000][80398.872s][info][gc,phases   ] GC(2438)   Merge Heap Roots: 0.4ms
[2025-01-07T18:45:28.506+0000][80398.872s][info][gc,phases   ] GC(2438)   Evacuate Collection Set: 26.1ms
[2025-01-07T18:45:28.506+0000][80398.872s][info][gc,phases   ] GC(2438)   Post Evacuate Collection Set: 4.0ms
[2025-01-07T18:45:28.506+0000][80398.872s][info][gc,phases   ] GC(2438)   Other: 0.2ms
[2025-01-07T18:45:28.506+0000][80398.872s][info][gc,heap     ] GC(2438) Eden regions: 911->0(907)
[2025-01-07T18:45:28.506+0000][80398.872s][info][gc,heap     ] GC(2438) Survivor regions: 7->9(115)
[2025-01-07T18:45:28.506+0000][80398.872s][info][gc,heap     ] GC(2438) Old regions: 246->246
[2025-01-07T18:45:28.506+0000][80398.872s][info][gc,heap     ] GC(2438) Archive regions: 2->2
[2025-01-07T18:45:28.506+0000][80398.873s][info][gc,heap     ] GC(2438) Humongous regions: 49->49
[2025-01-07T18:45:28.506+0000][80398.873s][info][gc,metaspace] GC(2438) Metaspace: 498129K(506304K)->498129K(506304K) NonClass: 437598K(441792K)->437598K(441792K) Class: 60531K(64512K)->60531K(64512K)
[2025-01-07T18:45:28.506+0000][80398.873s][info][gc          ] GC(2438) Pause Young (Normal) (G1 Evacuation Pause) 9704M->2431M(12288M) 31.009ms
[2025-01-07T18:45:28.506+0000][80398.873s][info][gc,cpu      ] GC(2438) User=0.19s Sys=0.00s Real=0.03s
[2025-01-07T18:45:34.543+0000][80404.909s][info][gc,start    ] GC(2439) Pause Young (Concurrent Start) (G1 Evacuation Pause)
[2025-01-07T18:45:34.543+0000][80404.909s][info][gc,task     ] GC(2439) Using 6 workers of 6 for evacuation
[2025-01-07T18:45:34.574+0000][80404.941s][info][gc,phases   ] GC(2439)   Pre Evacuate Collection Set: 1.0ms
[2025-01-07T18:45:34.575+0000][80404.941s][info][gc,phases   ] GC(2439)   Merge Heap Roots: 0.5ms
[2025-01-07T18:45:34.575+0000][80404.941s][info][gc,phases   ] GC(2439)   Evacuate Collection Set: 27.6ms
[2025-01-07T18:45:34.575+0000][80404.941s][info][gc,phases   ] GC(2439)   Post Evacuate Collection Set: 2.6ms
[2025-01-07T18:45:34.575+0000][80404.941s][info][gc,phases   ] GC(2439)   Other: 0.3ms
[2025-01-07T18:45:34.575+0000][80404.941s][info][gc,heap     ] GC(2439) Eden regions: 907->0(907)
[2025-01-07T18:45:34.575+0000][80404.941s][info][gc,heap     ] GC(2439) Survivor regions: 9->10(115)
[2025-01-07T18:45:34.575+0000][80404.941s][info][gc,heap     ] GC(2439) Old regions: 246->246
[2025-01-07T18:45:34.575+0000][80404.941s][info][gc,heap     ] GC(2439) Archive regions: 2->2
[2025-01-07T18:45:34.575+0000][80404.941s][info][gc,heap     ] GC(2439) Humongous regions: 49->49
[2025-01-07T18:45:34.575+0000][80404.941s][info][gc,metaspace] GC(2439) Metaspace: 498129K(506304K)->498129K(506304K) NonClass: 437598K(441792K)->437598K(441792K) Class: 60531K(64512K)->60531K(64512K)
[2025-01-07T18:45:34.575+0000][80404.941s][info][gc          ] GC(2439) Pause Young (Concurrent Start) (G1 Evacuation Pause) 9687M->2434M(12288M) 31.984ms
[2025-01-07T18:45:34.575+0000][80404.941s][info][gc,cpu      ] GC(2439) User=0.19s Sys=0.00s Real=0.03s
[2025-01-07T18:45:34.575+0000][80404.941s][info][gc          ] GC(2440) Concurrent Mark Cycle
[2025-01-07T18:45:34.575+0000][80404.941s][info][gc,marking  ] GC(2440) Concurrent Clear Claimed Marks
[2025-01-07T18:45:34.576+0000][80404.942s][info][gc,marking  ] GC(2440) Concurrent Clear Claimed Marks 0.815ms
[2025-01-07T18:45:34.576+0000][80404.942s][info][gc,marking  ] GC(2440) Concurrent Scan Root Regions
[2025-01-07T18:45:34.599+0000][80404.965s][info][gc,marking  ] GC(2440) Concurrent Scan Root Regions 23.325ms
[2025-01-07T18:45:34.599+0000][80404.965s][info][gc,marking  ] GC(2440) Concurrent Mark
[2025-01-07T18:45:34.599+0000][80404.965s][info][gc,marking  ] GC(2440) Concurrent Mark From Roots
[2025-01-07T18:45:34.599+0000][80404.965s][info][gc,task     ] GC(2440) Using 2 workers of 2 for marking
[2025-01-07T18:45:35.491+0000][80405.857s][info][gc,marking  ] GC(2440) Concurrent Mark From Roots 892.299ms
[2025-01-07T18:45:35.491+0000][80405.857s][info][gc,marking  ] GC(2440) Concurrent Preclean
[2025-01-07T18:45:35.493+0000][80405.859s][info][gc,marking  ] GC(2440) Concurrent Preclean 1.933ms
[2025-01-07T18:45:35.493+0000][80405.860s][info][gc,start    ] GC(2440) Pause Remark
[2025-01-07T18:45:35.521+0000][80405.887s][info][gc          ] GC(2440) Pause Remark 3354M->3354M(12288M) 27.651ms
[2025-01-07T18:45:35.521+0000][80405.887s][info][gc,cpu      ] GC(2440) User=0.16s Sys=0.00s Real=0.02s
[2025-01-07T18:45:35.521+0000][80405.887s][info][gc,marking  ] GC(2440) Concurrent Mark 922.328ms
[2025-01-07T18:45:35.521+0000][80405.887s][info][gc,marking  ] GC(2440) Concurrent Rebuild Remembered Sets
[2025-01-07T18:45:36.063+0000][80406.429s][info][gc,marking  ] GC(2440) Concurrent Rebuild Remembered Sets 541.547ms
[2025-01-07T18:45:36.063+0000][80406.429s][info][gc,start    ] GC(2440) Pause Cleanup
[2025-01-07T18:45:36.063+0000][80406.429s][info][gc          ] GC(2440) Pause Cleanup 3818M->3818M(12288M) 0.436ms
[2025-01-07T18:45:36.063+0000][80406.430s][info][gc,cpu      ] GC(2440) User=0.00s Sys=0.00s Real=0.00s
[2025-01-07T18:45:36.063+0000][80406.430s][info][gc,marking  ] GC(2440) Concurrent Cleanup for Next Mark
[2025-01-07T18:45:36.079+0000][80406.445s][info][gc,marking  ] GC(2440) Concurrent Cleanup for Next Mark 15.476ms
[2025-01-07T18:45:36.079+0000][80406.445s][info][gc          ] GC(2440) Concurrent Mark Cycle 1504.331ms
[2025-01-07T18:45:43.490+0000][80413.857s][info][gc,start    ] GC(2441) Pause Young (Prepare Mixed) (G1 Evacuation Pause)
[2025-01-07T18:45:43.491+0000][80413.857s][info][gc,task     ] GC(2441) Using 6 workers of 6 for evacuation
[2025-01-07T18:45:43.526+0000][80413.892s][info][gc,phases   ] GC(2441)   Pre Evacuate Collection Set: 0.2ms
[2025-01-07T18:45:43.526+0000][80413.892s][info][gc,phases   ] GC(2441)   Merge Heap Roots: 0.7ms
[2025-01-07T18:45:43.526+0000][80413.892s][info][gc,phases   ] GC(2441)   Evacuate Collection Set: 31.9ms
[2025-01-07T18:45:43.526+0000][80413.892s][info][gc,phases   ] GC(2441)   Post Evacuate Collection Set: 2.8ms
[2025-01-07T18:45:43.526+0000][80413.892s][info][gc,phases   ] GC(2441)   Other: 0.2ms
[2025-01-07T18:45:43.526+0000][80413.892s][info][gc,heap     ] GC(2441) Eden regions: 907->0(65)
[2025-01-07T18:45:43.526+0000][80413.892s][info][gc,heap     ] GC(2441) Survivor regions: 10->11(115)
[2025-01-07T18:45:43.526+0000][80413.892s][info][gc,heap     ] GC(2441) Old regions: 246->246
[2025-01-07T18:45:43.526+0000][80413.892s][info][gc,heap     ] GC(2441) Archive regions: 2->2
[2025-01-07T18:45:43.526+0000][80413.892s][info][gc,heap     ] GC(2441) Humongous regions: 49->49
[2025-01-07T18:45:43.526+0000][80413.892s][info][gc,metaspace] GC(2441) Metaspace: 498129K(506304K)->498129K(506304K) NonClass: 437598K(441792K)->437598K(441792K) Class: 60531K(64512K)->60531K(64512K)
[2025-01-07T18:45:43.526+0000][80413.892s][info][gc          ] GC(2441) Pause Young (Prepare Mixed) (G1 Evacuation Pause) 9690M->2446M(12288M) 35.855ms
[2025-01-07T18:45:43.526+0000][80413.892s][info][gc,cpu      ] GC(2441) User=0.21s Sys=0.00s Real=0.03s
[2025-01-07T18:45:44.819+0000][80415.185s][info][gc,start    ] GC(2442) Pause Young (Mixed) (G1 Evacuation Pause)
[2025-01-07T18:45:44.819+0000][80415.185s][info][gc,task     ] GC(2442) Using 6 workers of 6 for evacuation
[2025-01-07T18:45:44.873+0000][80415.239s][info][gc,phases   ] GC(2442)   Pre Evacuate Collection Set: 0.2ms
[2025-01-07T18:45:44.873+0000][80415.239s][info][gc,phases   ] GC(2442)   Merge Heap Roots: 0.6ms
[2025-01-07T18:45:44.873+0000][80415.239s][info][gc,phases   ] GC(2442)   Evacuate Collection Set: 51.0ms
[2025-01-07T18:45:44.873+0000][80415.239s][info][gc,phases   ] GC(2442)   Post Evacuate Collection Set: 1.8ms
[2025-01-07T18:45:44.873+0000][80415.239s][info][gc,phases   ] GC(2442)   Other: 0.2ms
[2025-01-07T18:45:44.873+0000][80415.239s][info][gc,heap     ] GC(2442) Eden regions: 65->0(908)
[2025-01-07T18:45:44.873+0000][80415.239s][info][gc,heap     ] GC(2442) Survivor regions: 11->7(10)
[2025-01-07T18:45:44.873+0000][80415.239s][info][gc,heap     ] GC(2442) Old regions: 246->247
[2025-01-07T18:45:44.873+0000][80415.239s][info][gc,heap     ] GC(2442) Archive regions: 2->2
[2025-01-07T18:45:44.873+0000][80415.239s][info][gc,heap     ] GC(2442) Humongous regions: 49->49
[2025-01-07T18:45:44.873+0000][80415.239s][info][gc,metaspace] GC(2442) Metaspace: 498129K(506304K)->498129K(506304K) NonClass: 437598K(441792K)->437598K(441792K) Class: 60531K(64512K)->60531K(64512K)
[2025-01-07T18:45:44.873+0000][80415.239s][info][gc          ] GC(2442) Pause Young (Mixed) (G1 Evacuation Pause) 2966M->2421M(12288M) 53.810ms
[2025-01-07T18:45:44.873+0000][80415.239s][info][gc,cpu      ] GC(2442) User=0.32s Sys=0.00s Real=0.06s
[2025-01-07T18:45:55.389+0000][80425.756s][info][gc,start    ] GC(2443) Pause Young (Normal) (G1 Evacuation Pause)
[2025-01-07T18:45:55.390+0000][80425.756s][info][gc,task     ] GC(2443) Using 6 workers of 6 for evacuation
[2025-01-07T18:45:55.419+0000][80425.785s][info][gc,phases   ] GC(2443)   Pre Evacuate Collection Set: 0.2ms
[2025-01-07T18:45:55.419+0000][80425.785s][info][gc,phases   ] GC(2443)   Merge Heap Roots: 0.4ms
[2025-01-07T18:45:55.419+0000][80425.785s][info][gc,phases   ] GC(2443)   Evacuate Collection Set: 25.9ms
[2025-01-07T18:45:55.419+0000][80425.785s][info][gc,phases   ] GC(2443)   Post Evacuate Collection Set: 2.6ms
[2025-01-07T18:45:55.419+0000][80425.785s][info][gc,phases   ] GC(2443)   Other: 0.3ms
[2025-01-07T18:45:55.419+0000][80425.785s][info][gc,heap     ] GC(2443) Eden regions: 908->0(907)
[2025-01-07T18:45:55.419+0000][80425.785s][info][gc,heap     ] GC(2443) Survivor regions: 7->8(115)
[2025-01-07T18:45:55.419+0000][80425.785s][info][gc,heap     ] GC(2443) Old regions: 247->247
[2025-01-07T18:45:55.419+0000][80425.785s][info][gc,heap     ] GC(2443) Archive regions: 2->2
[2025-01-07T18:45:55.419+0000][80425.785s][info][gc,heap     ] GC(2443) Humongous regions: 49->49
[2025-01-07T18:45:55.419+0000][80425.785s][info][gc,metaspace] GC(2443) Metaspace: 498129K(506304K)->498129K(506304K) NonClass: 437598K(441792K)->437598K(441792K) Class: 60531K(64512K)->60531K(64512K)
[2025-01-07T18:45:55.419+0000][80425.785s][info][gc          ] GC(2443) Pause Young (Normal) (G1 Evacuation Pause) 9685M->2427M(12288M) 29.563ms
[2025-01-07T18:45:55.419+0000][80425.785s][info][gc,cpu      ] GC(2443) User=0.17s Sys=0.00s Real=0.02s
[2025-01-07T18:46:00.102+0000][80430.468s][info][gc,start    ] GC(2444) Pause Young (Normal) (G1 Evacuation Pause)
[2025-01-07T18:46:00.102+0000][80430.469s][info][gc,task     ] GC(2444) Using 6 workers of 6 for evacuation
[2025-01-07T18:46:00.131+0000][80430.497s][info][gc,phases   ] GC(2444)   Pre Evacuate Collection Set: 0.2ms
[2025-01-07T18:46:00.131+0000][80430.498s][info][gc,phases   ] GC(2444)   Merge Heap Roots: 0.4ms
[2025-01-07T18:46:00.131+0000][80430.498s][info][gc,phases   ] GC(2444)   Evacuate Collection Set: 25.8ms
[2025-01-07T18:46:00.131+0000][80430.498s][info][gc,phases   ] GC(2444)   Post Evacuate Collection Set: 2.4ms
[2025-01-07T18:46:00.131+0000][80430.498s][info][gc,phases   ] GC(2444)   Other: 0.2ms
[2025-01-07T18:46:00.131+0000][80430.498s][info][gc,heap     ] GC(2444) Eden regions: 907->0(906)
[2025-01-07T18:46:00.131+0000][80430.498s][info][gc,heap     ] GC(2444) Survivor regions: 8->9(115)
[2025-01-07T18:46:00.131+0000][80430.498s][info][gc,heap     ] GC(2444) Old regions: 247->247
[2025-01-07T18:46:00.131+0000][80430.498s][info][gc,heap     ] GC(2444) Archive regions: 2->2
[2025-01-07T18:46:00.131+0000][80430.498s][info][gc,heap     ] GC(2444) Humongous regions: 49->49
[2025-01-07T18:46:00.131+0000][80430.498s][info][gc,metaspace] GC(2444) Metaspace: 498129K(506304K)->498129K(506304K) NonClass: 437598K(441792K)->437598K(441792K) Class: 60531K(64512K)->60531K(64512K)
[2025-01-07T18:46:00.131+0000][80430.498s][info][gc          ] GC(2444) Pause Young (Normal) (G1 Evacuation Pause) 9683M->2435M(12288M) 29.111ms
[2025-01-07T18:46:00.132+0000][80430.498s][info][gc,cpu      ] GC(2444) User=0.17s Sys=0.01s Real=0.03s
[2025-01-07T18:46:06.019+0000][80436.385s][info][gc,start    ] GC(2445) Pause Young (Concurrent Start) (G1 Evacuation Pause)
[2025-01-07T18:46:06.019+0000][80436.385s][info][gc,task     ] GC(2445) Using 6 workers of 6 for evacuation
[2025-01-07T18:46:06.053+0000][80436.419s][info][gc,phases   ] GC(2445)   Pre Evacuate Collection Set: 1.0ms
[2025-01-07T18:46:06.053+0000][80436.419s][info][gc,phases   ] GC(2445)   Merge Heap Roots: 0.5ms
[2025-01-07T18:46:06.053+0000][80436.419s][info][gc,phases   ] GC(2445)   Evacuate Collection Set: 29.5ms
[2025-01-07T18:46:06.053+0000][80436.419s][info][gc,phases   ] GC(2445)   Post Evacuate Collection Set: 2.5ms
[2025-01-07T18:46:06.053+0000][80436.419s][info][gc,phases   ] GC(2445)   Other: 0.3ms
[2025-01-07T18:46:06.053+0000][80436.419s][info][gc,heap     ] GC(2445) Eden regions: 906->0(908)
[2025-01-07T18:46:06.053+0000][80436.419s][info][gc,heap     ] GC(2445) Survivor regions: 9->9(115)
[2025-01-07T18:46:06.053+0000][80436.419s][info][gc,heap     ] GC(2445) Old regions: 247->247
[2025-01-07T18:46:06.053+0000][80436.419s][info][gc,heap     ] GC(2445) Archive regions: 2->2
[2025-01-07T18:46:06.053+0000][80436.419s][info][gc,heap     ] GC(2445) Humongous regions: 49->49
[2025-01-07T18:46:06.053+0000][80436.419s][info][gc,metaspace] GC(2445) Metaspace: 498129K(506304K)->498129K(506304K) NonClass: 437598K(441792K)->437598K(441792K) Class: 60531K(64512K)->60531K(64512K)
[2025-01-07T18:46:06.053+0000][80436.419s][info][gc          ] GC(2445) Pause Young (Concurrent Start) (G1 Evacuation Pause) 9683M->2440M(12288M) 33.783ms
[2025-01-07T18:46:06.053+0000][80436.419s][info][gc,cpu      ] GC(2445) User=0.19s Sys=0.00s Real=0.04s
[2025-01-07T18:46:06.053+0000][80436.419s][info][gc          ] GC(2446) Concurrent Mark Cycle
[2025-01-07T18:46:06.053+0000][80436.419s][info][gc,marking  ] GC(2446) Concurrent Clear Claimed Marks
[2025-01-07T18:46:06.054+0000][80436.420s][info][gc,marking  ] GC(2446) Concurrent Clear Claimed Marks 0.861ms
[2025-01-07T18:46:06.054+0000][80436.420s][info][gc,marking  ] GC(2446) Concurrent Scan Root Regions
[2025-01-07T18:46:06.081+0000][80436.447s][info][gc,marking  ] GC(2446) Concurrent Scan Root Regions 26.905ms
[2025-01-07T18:46:06.081+0000][80436.447s][info][gc,marking  ] GC(2446) Concurrent Mark
[2025-01-07T18:46:06.081+0000][80436.447s][info][gc,marking  ] GC(2446) Concurrent Mark From Roots
[2025-01-07T18:46:06.081+0000][80436.447s][info][gc,task     ] GC(2446) Using 2 workers of 2 for marking
[2025-01-07T18:46:06.947+0000][80437.313s][info][gc,marking  ] GC(2446) Concurrent Mark From Roots 865.508ms
[2025-01-07T18:46:06.947+0000][80437.313s][info][gc,marking  ] GC(2446) Concurrent Preclean
[2025-01-07T18:46:06.948+0000][80437.315s][info][gc,marking  ] GC(2446) Concurrent Preclean 1.835ms
[2025-01-07T18:46:06.949+0000][80437.315s][info][gc,start    ] GC(2446) Pause Remark
[2025-01-07T18:46:06.974+0000][80437.340s][info][gc          ] GC(2446) Pause Remark 3796M->3796M(12288M) 25.128ms
[2025-01-07T18:46:06.974+0000][80437.340s][info][gc,cpu      ] GC(2446) User=0.14s Sys=0.00s Real=0.03s
[2025-01-07T18:46:06.974+0000][80437.340s][info][gc,marking  ] GC(2446) Concurrent Mark 892.812ms
[2025-01-07T18:46:06.974+0000][80437.340s][info][gc,marking  ] GC(2446) Concurrent Rebuild Remembered Sets
[2025-01-07T18:46:07.483+0000][80437.849s][info][gc,marking  ] GC(2446) Concurrent Rebuild Remembered Sets 509.053ms
[2025-01-07T18:46:07.483+0000][80437.849s][info][gc,start    ] GC(2446) Pause Cleanup
[2025-01-07T18:46:07.484+0000][80437.850s][info][gc          ] GC(2446) Pause Cleanup 4368M->4368M(12288M) 0.557ms
[2025-01-07T18:46:07.484+0000][80437.850s][info][gc,cpu      ] GC(2446) User=0.01s Sys=0.00s Real=0.00s
[2025-01-07T18:46:07.485+0000][80437.852s][info][gc,marking  ] GC(2446) Concurrent Cleanup for Next Mark
[2025-01-07T18:46:07.502+0000][80437.868s][info][gc,marking  ] GC(2446) Concurrent Cleanup for Next Mark 16.594ms
[2025-01-07T18:46:07.502+0000][80437.868s][info][gc          ] GC(2446) Concurrent Mark Cycle 1448.889ms
[2025-01-07T18:46:11.029+0000][80441.395s][info][gc,start    ] GC(2447) Pause Young (Prepare Mixed) (G1 Evacuation Pause)
[2025-01-07T18:46:11.029+0000][80441.395s][info][gc,task     ] GC(2447) Using 6 workers of 6 for evacuation
[2025-01-07T18:46:11.070+0000][80441.436s][info][gc,phases   ] GC(2447)   Pre Evacuate Collection Set: 0.2ms
[2025-01-07T18:46:11.070+0000][80441.436s][info][gc,phases   ] GC(2447)   Merge Heap Roots: 0.7ms
[2025-01-07T18:46:11.070+0000][80441.436s][info][gc,phases   ] GC(2447)   Evacuate Collection Set: 34.4ms
[2025-01-07T18:46:11.070+0000][80441.436s][info][gc,phases   ] GC(2447)   Post Evacuate Collection Set: 5.7ms
[2025-01-07T18:46:11.070+0000][80441.436s][info][gc,phases   ] GC(2447)   Other: 0.2ms
[2025-01-07T18:46:11.070+0000][80441.436s][info][gc,heap     ] GC(2447) Eden regions: 908->0(64)
[2025-01-07T18:46:11.070+0000][80441.436s][info][gc,heap     ] GC(2447) Survivor regions: 9->12(115)
[2025-01-07T18:46:11.070+0000][80441.436s][info][gc,heap     ] GC(2447) Old regions: 247->247
[2025-01-07T18:46:11.070+0000][80441.436s][info][gc,heap     ] GC(2447) Archive regions: 2->2
[2025-01-07T18:46:11.070+0000][80441.436s][info][gc,heap     ] GC(2447) Humongous regions: 49->49
[2025-01-07T18:46:11.070+0000][80441.436s][info][gc,metaspace] GC(2447) Metaspace: 498129K(506304K)->498129K(506304K) NonClass: 437598K(441792K)->437598K(441792K) Class: 60531K(64512K)->60531K(64512K)
[2025-01-07T18:46:11.070+0000][80441.436s][info][gc          ] GC(2447) Pause Young (Prepare Mixed) (G1 Evacuation Pause) 9704M->2460M(12288M) 41.315ms
[2025-01-07T18:46:11.070+0000][80441.437s][info][gc,cpu      ] GC(2447) User=0.25s Sys=0.00s Real=0.05s
[2025-01-07T18:46:11.437+0000][80441.803s][info][gc,start    ] GC(2448) Pause Young (Mixed) (G1 Evacuation Pause)
[2025-01-07T18:46:11.437+0000][80441.803s][info][gc,task     ] GC(2448) Using 6 workers of 6 for evacuation
[2025-01-07T18:46:11.502+0000][80441.868s][info][gc,phases   ] GC(2448)   Pre Evacuate Collection Set: 0.2ms
[2025-01-07T18:46:11.502+0000][80441.868s][info][gc,phases   ] GC(2448)   Merge Heap Roots: 0.7ms
[2025-01-07T18:46:11.502+0000][80441.868s][info][gc,phases   ] GC(2448)   Evacuate Collection Set: 62.3ms
[2025-01-07T18:46:11.502+0000][80441.868s][info][gc,phases   ] GC(2448)   Post Evacuate Collection Set: 1.7ms
[2025-01-07T18:46:11.502+0000][80441.868s][info][gc,phases   ] GC(2448)   Other: 0.2ms
[2025-01-07T18:46:11.502+0000][80441.868s][info][gc,heap     ] GC(2448) Eden regions: 64->0(910)
[2025-01-07T18:46:11.502+0000][80441.868s][info][gc,heap     ] GC(2448) Survivor regions: 12->5(10)
[2025-01-07T18:46:11.502+0000][80441.868s][info][gc,heap     ] GC(2448) Old regions: 247->248
[2025-01-07T18:46:11.502+0000][80441.868s][info][gc,heap     ] GC(2448) Archive regions: 2->2
[2025-01-07T18:46:11.502+0000][80441.868s][info][gc,heap     ] GC(2448) Humongous regions: 49->49
[2025-01-07T18:46:11.502+0000][80441.868s][info][gc,metaspace] GC(2448) Metaspace: 498129K(506304K)->498129K(506304K) NonClass: 437598K(441792K)->437598K(441792K) Class: 60531K(64512K)->60531K(64512K)
[2025-01-07T18:46:11.502+0000][80441.868s][info][gc          ] GC(2448) Pause Young (Mixed) (G1 Evacuation Pause) 2972M->2409M(12288M) 65.142ms
[2025-01-07T18:46:11.502+0000][80441.868s][info][gc,cpu      ] GC(2448) User=0.38s Sys=0.00s Real=0.07s
[2025-01-07T18:46:17.899+0000][80448.265s][info][gc,start    ] GC(2449) Pause Young (Normal) (G1 Evacuation Pause)
[2025-01-07T18:46:17.899+0000][80448.265s][info][gc,task     ] GC(2449) Using 6 workers of 6 for evacuation
[2025-01-07T18:46:17.921+0000][80448.287s][info][gc,phases   ] GC(2449)   Pre Evacuate Collection Set: 0.2ms
[2025-01-07T18:46:17.921+0000][80448.287s][info][gc,phases   ] GC(2449)   Merge Heap Roots: 0.4ms
[2025-01-07T18:46:17.921+0000][80448.287s][info][gc,phases   ] GC(2449)   Evacuate Collection Set: 18.7ms
[2025-01-07T18:46:17.921+0000][80448.287s][info][gc,phases   ] GC(2449)   Post Evacuate Collection Set: 2.5ms
[2025-01-07T18:46:17.921+0000][80448.287s][info][gc,phases   ] GC(2449)   Other: 0.2ms
[2025-01-07T18:46:17.921+0000][80448.287s][info][gc,heap     ] GC(2449) Eden regions: 910->0(912)
[2025-01-07T18:46:17.921+0000][80448.287s][info][gc,heap     ] GC(2449) Survivor regions: 5->5(115)
[2025-01-07T18:46:17.921+0000][80448.287s][info][gc,heap     ] GC(2449) Old regions: 248->248
[2025-01-07T18:46:17.921+0000][80448.287s][info][gc,heap     ] GC(2449) Archive regions: 2->2
[2025-01-07T18:46:17.921+0000][80448.287s][info][gc,heap     ] GC(2449) Humongous regions: 49->49
[2025-01-07T18:46:17.921+0000][80448.287s][info][gc,metaspace] GC(2449) Metaspace: 498129K(506304K)->498129K(506304K) NonClass: 437598K(441792K)->437598K(441792K) Class: 60531K(64512K)->60531K(64512K)
[2025-01-07T18:46:17.921+0000][80448.287s][info][gc          ] GC(2449) Pause Young (Normal) (G1 Evacuation Pause) 9689M->2415M(12288M) 21.970ms
[2025-01-07T18:46:17.921+0000][80448.287s][info][gc,cpu      ] GC(2449) User=0.13s Sys=0.00s Real=0.02s
[2025-01-07T18:46:22.894+0000][80453.260s][info][gc,start    ] GC(2450) Pause Young (Normal) (G1 Evacuation Pause)
[2025-01-07T18:46:22.894+0000][80453.260s][info][gc,task     ] GC(2450) Using 6 workers of 6 for evacuation
[2025-01-07T18:46:22.917+0000][80453.283s][info][gc,phases   ] GC(2450)   Pre Evacuate Collection Set: 0.2ms
[2025-01-07T18:46:22.917+0000][80453.283s][info][gc,phases   ] GC(2450)   Merge Heap Roots: 0.4ms
[2025-01-07T18:46:22.917+0000][80453.283s][info][gc,phases   ] GC(2450)   Evacuate Collection Set: 18.5ms
[2025-01-07T18:46:22.917+0000][80453.283s][info][gc,phases   ] GC(2450)   Post Evacuate Collection Set: 3.7ms
[2025-01-07T18:46:22.917+0000][80453.283s][info][gc,phases   ] GC(2450)   Other: 0.2ms
[2025-01-07T18:46:22.917+0000][80453.283s][info][gc,heap     ] GC(2450) Eden regions: 912->0(909)
[2025-01-07T18:46:22.917+0000][80453.283s][info][gc,heap     ] GC(2450) Survivor regions: 5->7(115)
[2025-01-07T18:46:22.917+0000][80453.283s][info][gc,heap     ] GC(2450) Old regions: 248->248
[2025-01-07T18:46:22.917+0000][80453.283s][info][gc,heap     ] GC(2450) Archive regions: 2->2
[2025-01-07T18:46:22.917+0000][80453.283s][info][gc,heap     ] GC(2450) Humongous regions: 49->49
[2025-01-07T18:46:22.917+0000][80453.283s][info][gc,metaspace] GC(2450) Metaspace: 498129K(506304K)->498129K(506304K) NonClass: 437598K(441792K)->437598K(441792K) Class: 60531K(64512K)->60531K(64512K)
[2025-01-07T18:46:22.917+0000][80453.283s][info][gc          ] GC(2450) Pause Young (Normal) (G1 Evacuation Pause) 9711M->2427M(12288M) 23.088ms
[2025-01-07T18:46:22.917+0000][80453.283s][info][gc,cpu      ] GC(2450) User=0.14s Sys=0.00s Real=0.02s
[2025-01-07T18:46:29.211+0000][80459.577s][info][gc,start    ] GC(2451) Pause Young (Concurrent Start) (G1 Evacuation Pause)
[2025-01-07T18:46:29.211+0000][80459.577s][info][gc,task     ] GC(2451) Using 6 workers of 6 for evacuation
[2025-01-07T18:46:29.239+0000][80459.605s][info][gc,phases   ] GC(2451)   Pre Evacuate Collection Set: 1.0ms
[2025-01-07T18:46:29.239+0000][80459.605s][info][gc,phases   ] GC(2451)   Merge Heap Roots: 0.4ms
[2025-01-07T18:46:29.239+0000][80459.605s][info][gc,phases   ] GC(2451)   Evacuate Collection Set: 24.3ms
[2025-01-07T18:46:29.239+0000][80459.605s][info][gc,phases   ] GC(2451)   Post Evacuate Collection Set: 2.5ms
[2025-01-07T18:46:29.239+0000][80459.605s][info][gc,phases   ] GC(2451)   Other: 0.3ms
[2025-01-07T18:46:29.239+0000][80459.605s][info][gc,heap     ] GC(2451) Eden regions: 909->0(910)
[2025-01-07T18:46:29.239+0000][80459.605s][info][gc,heap     ] GC(2451) Survivor regions: 7->7(115)
[2025-01-07T18:46:29.239+0000][80459.605s][info][gc,heap     ] GC(2451) Old regions: 248->248
[2025-01-07T18:46:29.239+0000][80459.605s][info][gc,heap     ] GC(2451) Archive regions: 2->2
[2025-01-07T18:46:29.239+0000][80459.605s][info][gc,heap     ] GC(2451) Humongous regions: 49->49
[2025-01-07T18:46:29.239+0000][80459.605s][info][gc,metaspace] GC(2451) Metaspace: 498129K(506304K)->498129K(506304K) NonClass: 437598K(441792K)->437598K(441792K) Class: 60531K(64512K)->60531K(64512K)
[2025-01-07T18:46:29.239+0000][80459.605s][info][gc          ] GC(2451) Pause Young (Concurrent Start) (G1 Evacuation Pause) 9699M->2431M(12288M) 28.602ms
[2025-01-07T18:46:29.239+0000][80459.605s][info][gc,cpu      ] GC(2451) User=0.16s Sys=0.00s Real=0.02s
[2025-01-07T18:46:29.239+0000][80459.605s][info][gc          ] GC(2452) Concurrent Mark Cycle
[2025-01-07T18:46:29.239+0000][80459.605s][info][gc,marking  ] GC(2452) Concurrent Clear Claimed Marks
[2025-01-07T18:46:29.240+0000][80459.606s][info][gc,marking  ] GC(2452) Concurrent Clear Claimed Marks 0.789ms
[2025-01-07T18:46:29.240+0000][80459.606s][info][gc,marking  ] GC(2452) Concurrent Scan Root Regions
[2025-01-07T18:46:29.258+0000][80459.625s][info][gc,marking  ] GC(2452) Concurrent Scan Root Regions 18.244ms
[2025-01-07T18:46:29.258+0000][80459.625s][info][gc,marking  ] GC(2452) Concurrent Mark
[2025-01-07T18:46:29.258+0000][80459.625s][info][gc,marking  ] GC(2452) Concurrent Mark From Roots
[2025-01-07T18:46:29.258+0000][80459.625s][info][gc,task     ] GC(2452) Using 2 workers of 2 for marking
[2025-01-07T18:46:30.197+0000][80460.563s][info][gc,marking  ] GC(2452) Concurrent Mark From Roots 938.787ms
[2025-01-07T18:46:30.197+0000][80460.563s][info][gc,marking  ] GC(2452) Concurrent Preclean
[2025-01-07T18:46:30.199+0000][80460.565s][info][gc,marking  ] GC(2452) Concurrent Preclean 1.720ms
[2025-01-07T18:46:30.199+0000][80460.565s][info][gc,start    ] GC(2452) Pause Remark
[2025-01-07T18:46:30.224+0000][80460.590s][info][gc          ] GC(2452) Pause Remark 3571M->3571M(12288M) 24.841ms
[2025-01-07T18:46:30.224+0000][80460.590s][info][gc,cpu      ] GC(2452) User=0.14s Sys=0.00s Real=0.03s
[2025-01-07T18:46:30.224+0000][80460.590s][info][gc,marking  ] GC(2452) Concurrent Mark 965.746ms
[2025-01-07T18:46:30.224+0000][80460.590s][info][gc,marking  ] GC(2452) Concurrent Rebuild Remembered Sets
[2025-01-07T18:46:30.753+0000][80461.119s][info][gc,marking  ] GC(2452) Concurrent Rebuild Remembered Sets 528.419ms
[2025-01-07T18:46:30.753+0000][80461.119s][info][gc,start    ] GC(2452) Pause Cleanup
[2025-01-07T18:46:30.753+0000][80461.119s][info][gc          ] GC(2452) Pause Cleanup 3939M->3939M(12288M) 0.437ms
[2025-01-07T18:46:30.753+0000][80461.119s][info][gc,cpu      ] GC(2452) User=0.00s Sys=0.00s Real=0.00s
[2025-01-07T18:46:30.753+0000][80461.119s][info][gc,marking  ] GC(2452) Concurrent Cleanup for Next Mark
[2025-01-07T18:46:30.769+0000][80461.135s][info][gc,marking  ] GC(2452) Concurrent Cleanup for Next Mark 15.454ms
[2025-01-07T18:46:30.769+0000][80461.135s][info][gc          ] GC(2452) Concurrent Mark Cycle 1529.518ms
[2025-01-07T18:46:38.210+0000][80468.576s][info][gc,start    ] GC(2453) Pause Young (Prepare Mixed) (G1 Evacuation Pause)
[2025-01-07T18:46:38.210+0000][80468.577s][info][gc,task     ] GC(2453) Using 6 workers of 6 for evacuation
[2025-01-07T18:46:38.241+0000][80468.607s][info][gc,phases   ] GC(2453)   Pre Evacuate Collection Set: 0.2ms
[2025-01-07T18:46:38.241+0000][80468.607s][info][gc,phases   ] GC(2453)   Merge Heap Roots: 0.7ms
[2025-01-07T18:46:38.241+0000][80468.607s][info][gc,phases   ] GC(2453)   Evacuate Collection Set: 26.7ms
[2025-01-07T18:46:38.241+0000][80468.607s][info][gc,phases   ] GC(2453)   Post Evacuate Collection Set: 2.6ms
[2025-01-07T18:46:38.241+0000][80468.607s][info][gc,phases   ] GC(2453)   Other: 0.2ms
[2025-01-07T18:46:38.241+0000][80468.607s][info][gc,heap     ] GC(2453) Eden regions: 910->0(68)
[2025-01-07T18:46:38.241+0000][80468.607s][info][gc,heap     ] GC(2453) Survivor regions: 7->8(115)
[2025-01-07T18:46:38.241+0000][80468.607s][info][gc,heap     ] GC(2453) Old regions: 248->248
[2025-01-07T18:46:38.241+0000][80468.607s][info][gc,heap     ] GC(2453) Archive regions: 2->2
[2025-01-07T18:46:38.241+0000][80468.607s][info][gc,heap     ] GC(2453) Humongous regions: 49->49
[2025-01-07T18:46:38.241+0000][80468.607s][info][gc,metaspace] GC(2453) Metaspace: 498129K(506304K)->498129K(506304K) NonClass: 437598K(441792K)->437598K(441792K) Class: 60531K(64512K)->60531K(64512K)
[2025-01-07T18:46:38.241+0000][80468.607s][info][gc          ] GC(2453) Pause Young (Prepare Mixed) (G1 Evacuation Pause) 9711M->2439M(12288M) 30.453ms
[2025-01-07T18:46:38.241+0000][80468.607s][info][gc,cpu      ] GC(2453) User=0.18s Sys=0.00s Real=0.02s
[2025-01-07T18:46:38.752+0000][80469.118s][info][gc,start    ] GC(2454) Pause Young (Mixed) (G1 Evacuation Pause)
[2025-01-07T18:46:38.752+0000][80469.118s][info][gc,task     ] GC(2454) Using 6 workers of 6 for evacuation
[2025-01-07T18:46:38.808+0000][80469.174s][info][gc,phases   ] GC(2454)   Pre Evacuate Collection Set: 0.2ms
[2025-01-07T18:46:38.808+0000][80469.174s][info][gc,phases   ] GC(2454)   Merge Heap Roots: 0.7ms
[2025-01-07T18:46:38.808+0000][80469.174s][info][gc,phases   ] GC(2454)   Evacuate Collection Set: 53.7ms
[2025-01-07T18:46:38.808+0000][80469.174s][info][gc,phases   ] GC(2454)   Post Evacuate Collection Set: 1.7ms
[2025-01-07T18:46:38.808+0000][80469.174s][info][gc,phases   ] GC(2454)   Other: 0.2ms
[2025-01-07T18:46:38.808+0000][80469.174s][info][gc,heap     ] GC(2454) Eden regions: 68->0(911)
[2025-01-07T18:46:38.808+0000][80469.174s][info][gc,heap     ] GC(2454) Survivor regions: 8->6(10)
[2025-01-07T18:46:38.808+0000][80469.174s][info][gc,heap     ] GC(2454) Old regions: 248->247
[2025-01-07T18:46:38.808+0000][80469.174s][info][gc,heap     ] GC(2454) Archive regions: 2->2
[2025-01-07T18:46:38.808+0000][80469.174s][info][gc,heap     ] GC(2454) Humongous regions: 49->49
[2025-01-07T18:46:38.808+0000][80469.174s][info][gc,metaspace] GC(2454) Metaspace: 498129K(506304K)->498129K(506304K) NonClass: 437598K(441792K)->437598K(441792K) Class: 60531K(64512K)->60531K(64512K)
[2025-01-07T18:46:38.808+0000][80469.174s][info][gc          ] GC(2454) Pause Young (Mixed) (G1 Evacuation Pause) 2983M->2414M(12288M) 56.551ms
[2025-01-07T18:46:38.808+0000][80469.174s][info][gc,cpu      ] GC(2454) User=0.33s Sys=0.00s Real=0.05s
[2025-01-07T18:46:48.535+0000][80478.901s][info][gc,start    ] GC(2455) Pause Young (Normal) (G1 Evacuation Pause)
[2025-01-07T18:46:48.535+0000][80478.901s][info][gc,task     ] GC(2455) Using 6 workers of 6 for evacuation
[2025-01-07T18:46:48.562+0000][80478.928s][info][gc,phases   ] GC(2455)   Pre Evacuate Collection Set: 0.2ms
[2025-01-07T18:46:48.562+0000][80478.928s][info][gc,phases   ] GC(2455)   Merge Heap Roots: 0.5ms
[2025-01-07T18:46:48.562+0000][80478.928s][info][gc,phases   ] GC(2455)   Evacuate Collection Set: 23.9ms
[2025-01-07T18:46:48.562+0000][80478.928s][info][gc,phases   ] GC(2455)   Post Evacuate Collection Set: 2.6ms
[2025-01-07T18:46:48.562+0000][80478.928s][info][gc,phases   ] GC(2455)   Other: 0.2ms
[2025-01-07T18:46:48.562+0000][80478.929s][info][gc,heap     ] GC(2455) Eden regions: 911->0(910)
[2025-01-07T18:46:48.562+0000][80478.929s][info][gc,heap     ] GC(2455) Survivor regions: 6->7(115)
[2025-01-07T18:46:48.562+0000][80478.929s][info][gc,heap     ] GC(2455) Old regions: 247->247
[2025-01-07T18:46:48.562+0000][80478.929s][info][gc,heap     ] GC(2455) Archive regions: 2->2
[2025-01-07T18:46:48.562+0000][80478.929s][info][gc,heap     ] GC(2455) Humongous regions: 49->49
[2025-01-07T18:46:48.562+0000][80478.929s][info][gc,metaspace] GC(2455) Metaspace: 498129K(506304K)->498129K(506304K) NonClass: 437598K(441792K)->437598K(441792K) Class: 60531K(64512K)->60531K(64512K)
[2025-01-07T18:46:48.562+0000][80478.929s][info][gc          ] GC(2455) Pause Young (Normal) (G1 Evacuation Pause) 9702M->2422M(12288M) 27.391ms
[2025-01-07T18:46:48.562+0000][80478.929s][info][gc,cpu      ] GC(2455) User=0.16s Sys=0.00s Real=0.03s
[2025-01-07T18:46:57.151+0000][80487.517s][info][gc,start    ] GC(2456) Pause Young (Normal) (G1 Evacuation Pause)
[2025-01-07T18:46:57.151+0000][80487.517s][info][gc,task     ] GC(2456) Using 6 workers of 6 for evacuation
[2025-01-07T18:46:57.183+0000][80487.549s][info][gc,phases   ] GC(2456)   Pre Evacuate Collection Set: 0.2ms
[2025-01-07T18:46:57.183+0000][80487.549s][info][gc,phases   ] GC(2456)   Merge Heap Roots: 0.5ms
[2025-01-07T18:46:57.183+0000][80487.549s][info][gc,phases   ] GC(2456)   Evacuate Collection Set: 28.5ms
[2025-01-07T18:46:57.183+0000][80487.549s][info][gc,phases   ] GC(2456)   Post Evacuate Collection Set: 2.9ms
[2025-01-07T18:46:57.183+0000][80487.549s][info][gc,phases   ] GC(2456)   Other: 0.2ms
[2025-01-07T18:46:57.183+0000][80487.549s][info][gc,heap     ] GC(2456) Eden regions: 910->0(908)
[2025-01-07T18:46:57.183+0000][80487.549s][info][gc,heap     ] GC(2456) Survivor regions: 7->9(115)
[2025-01-07T18:46:57.183+0000][80487.549s][info][gc,heap     ] GC(2456) Old regions: 247->247
[2025-01-07T18:46:57.183+0000][80487.549s][info][gc,heap     ] GC(2456) Archive regions: 2->2
[2025-01-07T18:46:57.183+0000][80487.549s][info][gc,heap     ] GC(2456) Humongous regions: 49->49
[2025-01-07T18:46:57.183+0000][80487.549s][info][gc,metaspace] GC(2456) Metaspace: 498129K(506304K)->498129K(506304K) NonClass: 437598K(441792K)->437598K(441792K) Class: 60531K(64512K)->60531K(64512K)
[2025-01-07T18:46:57.183+0000][80487.549s][info][gc          ] GC(2456) Pause Young (Normal) (G1 Evacuation Pause) 9702M->2432M(12288M) 32.352ms
[2025-01-07T18:46:57.183+0000][80487.549s][info][gc,cpu      ] GC(2456) User=0.18s Sys=0.00s Real=0.03s
[2025-01-07T18:47:04.332+0000][80494.698s][info][gc,start    ] GC(2457) Pause Young (Concurrent Start) (G1 Evacuation Pause)
[2025-01-07T18:47:04.332+0000][80494.698s][info][gc,task     ] GC(2457) Using 6 workers of 6 for evacuation
[2025-01-07T18:47:04.367+0000][80494.733s][info][gc,phases   ] GC(2457)   Pre Evacuate Collection Set: 1.0ms
[2025-01-07T18:47:04.367+0000][80494.733s][info][gc,phases   ] GC(2457)   Merge Heap Roots: 0.5ms
[2025-01-07T18:47:04.367+0000][80494.733s][info][gc,phases   ] GC(2457)   Evacuate Collection Set: 28.1ms
[2025-01-07T18:47:04.367+0000][80494.733s][info][gc,phases   ] GC(2457)   Post Evacuate Collection Set: 5.1ms
[2025-01-07T18:47:04.367+0000][80494.733s][info][gc,phases   ] GC(2457)   Other: 0.3ms
[2025-01-07T18:47:04.367+0000][80494.733s][info][gc,heap     ] GC(2457) Eden regions: 908->0(905)
[2025-01-07T18:47:04.367+0000][80494.733s][info][gc,heap     ] GC(2457) Survivor regions: 9->11(115)
[2025-01-07T18:47:04.367+0000][80494.733s][info][gc,heap     ] GC(2457) Old regions: 247->247
[2025-01-07T18:47:04.367+0000][80494.733s][info][gc,heap     ] GC(2457) Archive regions: 2->2
[2025-01-07T18:47:04.367+0000][80494.733s][info][gc,heap     ] GC(2457) Humongous regions: 49->49
[2025-01-07T18:47:04.367+0000][80494.733s][info][gc,metaspace] GC(2457) Metaspace: 498130K(506304K)->498130K(506304K) NonClass: 437598K(441792K)->437598K(441792K) Class: 60531K(64512K)->60531K(64512K)
[2025-01-07T18:47:04.367+0000][80494.733s][info][gc          ] GC(2457) Pause Young (Concurrent Start) (G1 Evacuation Pause) 9696M->2455M(12288M) 35.127ms
[2025-01-07T18:47:04.367+0000][80494.733s][info][gc,cpu      ] GC(2457) User=0.20s Sys=0.01s Real=0.03s
[2025-01-07T18:47:04.367+0000][80494.733s][info][gc          ] GC(2458) Concurrent Mark Cycle
[2025-01-07T18:47:04.367+0000][80494.733s][info][gc,marking  ] GC(2458) Concurrent Clear Claimed Marks
[2025-01-07T18:47:04.368+0000][80494.734s][info][gc,marking  ] GC(2458) Concurrent Clear Claimed Marks 0.777ms
[2025-01-07T18:47:04.368+0000][80494.734s][info][gc,marking  ] GC(2458) Concurrent Scan Root Regions
[2025-01-07T18:47:04.390+0000][80494.756s][info][gc,marking  ] GC(2458) Concurrent Scan Root Regions 21.925ms
[2025-01-07T18:47:04.390+0000][80494.756s][info][gc,marking  ] GC(2458) Concurrent Mark
[2025-01-07T18:47:04.390+0000][80494.756s][info][gc,marking  ] GC(2458) Concurrent Mark From Roots
[2025-01-07T18:47:04.390+0000][80494.756s][info][gc,task     ] GC(2458) Using 2 workers of 2 for marking
[2025-01-07T18:47:05.264+0000][80495.630s][info][gc,marking  ] GC(2458) Concurrent Mark From Roots 873.451ms
[2025-01-07T18:47:05.264+0000][80495.630s][info][gc,marking  ] GC(2458) Concurrent Preclean
[2025-01-07T18:47:05.265+0000][80495.631s][info][gc,marking  ] GC(2458) Concurrent Preclean 1.762ms
[2025-01-07T18:47:05.266+0000][80495.632s][info][gc,start    ] GC(2458) Pause Remark
[2025-01-07T18:47:05.291+0000][80495.657s][info][gc          ] GC(2458) Pause Remark 3602M->3602M(12288M) 25.184ms
[2025-01-07T18:47:05.291+0000][80495.657s][info][gc,cpu      ] GC(2458) User=0.15s Sys=0.00s Real=0.03s
[2025-01-07T18:47:05.291+0000][80495.657s][info][gc,marking  ] GC(2458) Concurrent Mark 900.807ms
[2025-01-07T18:47:05.291+0000][80495.657s][info][gc,marking  ] GC(2458) Concurrent Rebuild Remembered Sets
[2025-01-07T18:47:05.850+0000][80496.217s][info][gc,marking  ] GC(2458) Concurrent Rebuild Remembered Sets 559.464ms
[2025-01-07T18:47:05.851+0000][80496.217s][info][gc,start    ] GC(2458) Pause Cleanup
[2025-01-07T18:47:05.851+0000][80496.217s][info][gc          ] GC(2458) Pause Cleanup 4395M->4395M(12288M) 0.417ms
[2025-01-07T18:47:05.851+0000][80496.217s][info][gc,cpu      ] GC(2458) User=0.00s Sys=0.00s Real=0.00s
[2025-01-07T18:47:05.851+0000][80496.217s][info][gc,marking  ] GC(2458) Concurrent Cleanup for Next Mark
[2025-01-07T18:47:05.874+0000][80496.240s][info][gc,marking  ] GC(2458) Concurrent Cleanup for Next Mark 23.272ms
[2025-01-07T18:47:05.874+0000][80496.241s][info][gc          ] GC(2458) Concurrent Mark Cycle 1507.087ms
[2025-01-07T18:47:09.030+0000][80499.396s][info][gc,start    ] GC(2459) Pause Young (Prepare Mixed) (G1 Evacuation Pause)
[2025-01-07T18:47:09.030+0000][80499.396s][info][gc,task     ] GC(2459) Using 6 workers of 6 for evacuation
[2025-01-07T18:47:09.068+0000][80499.434s][info][gc,phases   ] GC(2459)   Pre Evacuate Collection Set: 0.3ms
[2025-01-07T18:47:09.068+0000][80499.434s][info][gc,phases   ] GC(2459)   Merge Heap Roots: 0.8ms
[2025-01-07T18:47:09.068+0000][80499.434s][info][gc,phases   ] GC(2459)   Evacuate Collection Set: 33.6ms
[2025-01-07T18:47:09.068+0000][80499.434s][info][gc,phases   ] GC(2459)   Post Evacuate Collection Set: 2.5ms
[2025-01-07T18:47:09.068+0000][80499.434s][info][gc,phases   ] GC(2459)   Other: 0.3ms
[2025-01-07T18:47:09.068+0000][80499.434s][info][gc,heap     ] GC(2459) Eden regions: 905->0(65)
[2025-01-07T18:47:09.068+0000][80499.434s][info][gc,heap     ] GC(2459) Survivor regions: 11->11(115)
[2025-01-07T18:47:09.068+0000][80499.434s][info][gc,heap     ] GC(2459) Old regions: 247->247
[2025-01-07T18:47:09.068+0000][80499.434s][info][gc,heap     ] GC(2459) Archive regions: 2->2
[2025-01-07T18:47:09.068+0000][80499.434s][info][gc,heap     ] GC(2459) Humongous regions: 49->49
[2025-01-07T18:47:09.068+0000][80499.434s][info][gc,metaspace] GC(2459) Metaspace: 498130K(506304K)->498130K(506304K) NonClass: 437598K(441792K)->437598K(441792K) Class: 60531K(64512K)->60531K(64512K)
[2025-01-07T18:47:09.068+0000][80499.434s][info][gc          ] GC(2459) Pause Young (Prepare Mixed) (G1 Evacuation Pause) 9695M->2449M(12288M) 37.517ms
[2025-01-07T18:47:09.068+0000][80499.434s][info][gc,cpu      ] GC(2459) User=0.22s Sys=0.01s Real=0.03s
[2025-01-07T18:47:09.366+0000][80499.732s][info][gc,start    ] GC(2460) Pause Young (Mixed) (G1 Evacuation Pause)
[2025-01-07T18:47:09.366+0000][80499.732s][info][gc,task     ] GC(2460) Using 6 workers of 6 for evacuation
[2025-01-07T18:47:09.419+0000][80499.785s][info][gc,phases   ] GC(2460)   Pre Evacuate Collection Set: 0.2ms
[2025-01-07T18:47:09.419+0000][80499.785s][info][gc,phases   ] GC(2460)   Merge Heap Roots: 0.6ms
[2025-01-07T18:47:09.419+0000][80499.785s][info][gc,phases   ] GC(2460)   Evacuate Collection Set: 50.5ms
[2025-01-07T18:47:09.419+0000][80499.785s][info][gc,phases   ] GC(2460)   Post Evacuate Collection Set: 1.5ms
[2025-01-07T18:47:09.419+0000][80499.785s][info][gc,phases   ] GC(2460)   Other: 0.2ms
[2025-01-07T18:47:09.419+0000][80499.785s][info][gc,heap     ] GC(2460) Eden regions: 65->0(913)
[2025-01-07T18:47:09.419+0000][80499.785s][info][gc,heap     ] GC(2460) Survivor regions: 11->5(10)
[2025-01-07T18:47:09.419+0000][80499.785s][info][gc,heap     ] GC(2460) Old regions: 247->247
[2025-01-07T18:47:09.419+0000][80499.785s][info][gc,heap     ] GC(2460) Archive regions: 2->2
[2025-01-07T18:47:09.419+0000][80499.785s][info][gc,heap     ] GC(2460) Humongous regions: 49->49
[2025-01-07T18:47:09.419+0000][80499.785s][info][gc,metaspace] GC(2460) Metaspace: 498130K(506304K)->498130K(506304K) NonClass: 437598K(441792K)->437598K(441792K) Class: 60531K(64512K)->60531K(64512K)
[2025-01-07T18:47:09.419+0000][80499.785s][info][gc          ] GC(2460) Pause Young (Mixed) (G1 Evacuation Pause) 2969M->2409M(12288M) 53.044ms
[2025-01-07T18:47:09.419+0000][80499.785s][info][gc,cpu      ] GC(2460) User=0.31s Sys=0.00s Real=0.05s
[2025-01-07T18:47:15.502+0000][80505.868s][info][gc,start    ] GC(2461) Pause Young (Normal) (G1 Evacuation Pause)
[2025-01-07T18:47:15.502+0000][80505.868s][info][gc,task     ] GC(2461) Using 6 workers of 6 for evacuation
[2025-01-07T18:47:15.528+0000][80505.894s][info][gc,phases   ] GC(2461)   Pre Evacuate Collection Set: 0.2ms
[2025-01-07T18:47:15.528+0000][80505.894s][info][gc,phases   ] GC(2461)   Merge Heap Roots: 0.4ms
[2025-01-07T18:47:15.528+0000][80505.894s][info][gc,phases   ] GC(2461)   Evacuate Collection Set: 22.8ms
[2025-01-07T18:47:15.528+0000][80505.894s][info][gc,phases   ] GC(2461)   Post Evacuate Collection Set: 2.5ms
[2025-01-07T18:47:15.528+0000][80505.894s][info][gc,phases   ] GC(2461)   Other: 0.2ms
[2025-01-07T18:47:15.528+0000][80505.894s][info][gc,heap     ] GC(2461) Eden regions: 913->0(911)
[2025-01-07T18:47:15.528+0000][80505.894s][info][gc,heap     ] GC(2461) Survivor regions: 5->7(115)
[2025-01-07T18:47:15.528+0000][80505.894s][info][gc,heap     ] GC(2461) Old regions: 247->247
[2025-01-07T18:47:15.528+0000][80505.894s][info][gc,heap     ] GC(2461) Archive regions: 2->2
[2025-01-07T18:47:15.528+0000][80505.894s][info][gc,heap     ] GC(2461) Humongous regions: 49->49
[2025-01-07T18:47:15.528+0000][80505.894s][info][gc,metaspace] GC(2461) Metaspace: 498130K(506304K)->498130K(506304K) NonClass: 437598K(441792K)->437598K(441792K) Class: 60531K(64512K)->60531K(64512K)
[2025-01-07T18:47:15.528+0000][80505.894s][info][gc          ] GC(2461) Pause Young (Normal) (G1 Evacuation Pause) 9713M->2421M(12288M) 26.212ms
[2025-01-07T18:47:15.528+0000][80505.894s][info][gc,cpu      ] GC(2461) User=0.15s Sys=0.00s Real=0.02s
[2025-01-07T18:47:21.979+0000][80512.345s][info][gc,start    ] GC(2462) Pause Young (Normal) (G1 Evacuation Pause)
[2025-01-07T18:47:21.979+0000][80512.345s][info][gc,task     ] GC(2462) Using 6 workers of 6 for evacuation
[2025-01-07T18:47:22.010+0000][80512.376s][info][gc,phases   ] GC(2462)   Pre Evacuate Collection Set: 0.2ms
[2025-01-07T18:47:22.010+0000][80512.377s][info][gc,phases   ] GC(2462)   Merge Heap Roots: 0.4ms
[2025-01-07T18:47:22.010+0000][80512.377s][info][gc,phases   ] GC(2462)   Evacuate Collection Set: 27.0ms
[2025-01-07T18:47:22.010+0000][80512.377s][info][gc,phases   ] GC(2462)   Post Evacuate Collection Set: 3.8ms
[2025-01-07T18:47:22.010+0000][80512.377s][info][gc,phases   ] GC(2462)   Other: 0.2ms
[2025-01-07T18:47:22.010+0000][80512.377s][info][gc,heap     ] GC(2462) Eden regions: 911->0(907)
[2025-01-07T18:47:22.010+0000][80512.377s][info][gc,heap     ] GC(2462) Survivor regions: 7->9(115)
[2025-01-07T18:47:22.010+0000][80512.377s][info][gc,heap     ] GC(2462) Old regions: 247->247
[2025-01-07T18:47:22.010+0000][80512.377s][info][gc,heap     ] GC(2462) Archive regions: 2->2
[2025-01-07T18:47:22.010+0000][80512.377s][info][gc,heap     ] GC(2462) Humongous regions: 49->49
[2025-01-07T18:47:22.010+0000][80512.377s][info][gc,metaspace] GC(2462) Metaspace: 498130K(506304K)->498130K(506304K) NonClass: 437598K(441792K)->437598K(441792K) Class: 60531K(64512K)->60531K(64512K)
[2025-01-07T18:47:22.011+0000][80512.377s][info][gc          ] GC(2462) Pause Young (Normal) (G1 Evacuation Pause) 9709M->2443M(12288M) 31.683ms
[2025-01-07T18:47:22.011+0000][80512.377s][info][gc,cpu      ] GC(2462) User=0.19s Sys=0.00s Real=0.04s
[2025-01-07T18:47:29.881+0000][80520.247s][info][gc,start    ] GC(2463) Pause Young (Concurrent Start) (G1 Evacuation Pause)
[2025-01-07T18:47:29.881+0000][80520.247s][info][gc,task     ] GC(2463) Using 6 workers of 6 for evacuation
[2025-01-07T18:47:29.917+0000][80520.283s][info][gc,phases   ] GC(2463)   Pre Evacuate Collection Set: 1.0ms
[2025-01-07T18:47:29.917+0000][80520.283s][info][gc,phases   ] GC(2463)   Merge Heap Roots: 0.5ms
[2025-01-07T18:47:29.917+0000][80520.283s][info][gc,phases   ] GC(2463)   Evacuate Collection Set: 32.0ms
[2025-01-07T18:47:29.917+0000][80520.283s][info][gc,phases   ] GC(2463)   Post Evacuate Collection Set: 2.6ms
[2025-01-07T18:47:29.917+0000][80520.283s][info][gc,phases   ] GC(2463)   Other: 0.3ms
[2025-01-07T18:47:29.917+0000][80520.283s][info][gc,heap     ] GC(2463) Eden regions: 907->0(906)
[2025-01-07T18:47:29.917+0000][80520.283s][info][gc,heap     ] GC(2463) Survivor regions: 9->10(115)
[2025-01-07T18:47:29.917+0000][80520.283s][info][gc,heap     ] GC(2463) Old regions: 247->247
[2025-01-07T18:47:29.917+0000][80520.283s][info][gc,heap     ] GC(2463) Archive regions: 2->2
[2025-01-07T18:47:29.917+0000][80520.283s][info][gc,heap     ] GC(2463) Humongous regions: 49->49
[2025-01-07T18:47:29.917+0000][80520.283s][info][gc,metaspace] GC(2463) Metaspace: 498130K(506304K)->498130K(506304K) NonClass: 437598K(441792K)->437598K(441792K) Class: 60531K(64512K)->60531K(64512K)
[2025-01-07T18:47:29.917+0000][80520.284s][info][gc          ] GC(2463) Pause Young (Concurrent Start) (G1 Evacuation Pause) 9699M->2451M(12288M) 36.442ms
[2025-01-07T18:47:29.918+0000][80520.284s][info][gc,cpu      ] GC(2463) User=0.21s Sys=0.00s Real=0.04s
[2025-01-07T18:47:29.918+0000][80520.284s][info][gc          ] GC(2464) Concurrent Mark Cycle
[2025-01-07T18:47:29.918+0000][80520.284s][info][gc,marking  ] GC(2464) Concurrent Clear Claimed Marks
[2025-01-07T18:47:29.918+0000][80520.285s][info][gc,marking  ] GC(2464) Concurrent Clear Claimed Marks 0.841ms
[2025-01-07T18:47:29.918+0000][80520.285s][info][gc,marking  ] GC(2464) Concurrent Scan Root Regions
[2025-01-07T18:47:29.948+0000][80520.315s][info][gc,marking  ] GC(2464) Concurrent Scan Root Regions 29.995ms
[2025-01-07T18:47:29.948+0000][80520.315s][info][gc,marking  ] GC(2464) Concurrent Mark
[2025-01-07T18:47:29.948+0000][80520.315s][info][gc,marking  ] GC(2464) Concurrent Mark From Roots
[2025-01-07T18:47:29.948+0000][80520.315s][info][gc,task     ] GC(2464) Using 2 workers of 2 for marking
[2025-01-07T18:47:30.768+0000][80521.134s][info][gc,marking  ] GC(2464) Concurrent Mark From Roots 819.786ms
[2025-01-07T18:47:30.768+0000][80521.134s][info][gc,marking  ] GC(2464) Concurrent Preclean
[2025-01-07T18:47:30.770+0000][80521.136s][info][gc,marking  ] GC(2464) Concurrent Preclean 1.830ms
[2025-01-07T18:47:30.770+0000][80521.136s][info][gc,start    ] GC(2464) Pause Remark
[2025-01-07T18:47:30.796+0000][80521.162s][info][gc          ] GC(2464) Pause Remark 3303M->3303M(12288M) 25.868ms
[2025-01-07T18:47:30.796+0000][80521.162s][info][gc,cpu      ] GC(2464) User=0.15s Sys=0.00s Real=0.02s
[2025-01-07T18:47:30.796+0000][80521.162s][info][gc,marking  ] GC(2464) Concurrent Mark 847.852ms
[2025-01-07T18:47:30.796+0000][80521.162s][info][gc,marking  ] GC(2464) Concurrent Rebuild Remembered Sets
[2025-01-07T18:47:31.273+0000][80521.639s][info][gc,marking  ] GC(2464) Concurrent Rebuild Remembered Sets 476.210ms
[2025-01-07T18:47:31.273+0000][80521.639s][info][gc,start    ] GC(2464) Pause Cleanup
[2025-01-07T18:47:31.273+0000][80521.639s][info][gc          ] GC(2464) Pause Cleanup 3675M->3675M(12288M) 0.388ms
[2025-01-07T18:47:31.273+0000][80521.639s][info][gc,cpu      ] GC(2464) User=0.00s Sys=0.00s Real=0.00s
[2025-01-07T18:47:31.273+0000][80521.639s][info][gc,marking  ] GC(2464) Concurrent Cleanup for Next Mark
[2025-01-07T18:47:31.289+0000][80521.655s][info][gc,marking  ] GC(2464) Concurrent Cleanup for Next Mark 15.415ms
[2025-01-07T18:47:31.289+0000][80521.655s][info][gc          ] GC(2464) Concurrent Mark Cycle 1371.149ms
[2025-01-07T18:47:37.516+0000][80527.882s][info][gc,start    ] GC(2465) Pause Young (Prepare Mixed) (G1 Evacuation Pause)
[2025-01-07T18:47:37.516+0000][80527.882s][info][gc,task     ] GC(2465) Using 6 workers of 6 for evacuation
[2025-01-07T18:47:37.552+0000][80527.918s][info][gc,phases   ] GC(2465)   Pre Evacuate Collection Set: 0.2ms
[2025-01-07T18:47:37.552+0000][80527.918s][info][gc,phases   ] GC(2465)   Merge Heap Roots: 0.7ms
[2025-01-07T18:47:37.552+0000][80527.918s][info][gc,phases   ] GC(2465)   Evacuate Collection Set: 32.0ms
[2025-01-07T18:47:37.552+0000][80527.918s][info][gc,phases   ] GC(2465)   Post Evacuate Collection Set: 2.6ms
[2025-01-07T18:47:37.552+0000][80527.918s][info][gc,phases   ] GC(2465)   Other: 0.2ms
[2025-01-07T18:47:37.552+0000][80527.918s][info][gc,heap     ] GC(2465) Eden regions: 906->0(65)
[2025-01-07T18:47:37.552+0000][80527.918s][info][gc,heap     ] GC(2465) Survivor regions: 10->11(115)
[2025-01-07T18:47:37.552+0000][80527.918s][info][gc,heap     ] GC(2465) Old regions: 247->247
[2025-01-07T18:47:37.552+0000][80527.918s][info][gc,heap     ] GC(2465) Archive regions: 2->2
[2025-01-07T18:47:37.552+0000][80527.918s][info][gc,heap     ] GC(2465) Humongous regions: 49->49
[2025-01-07T18:47:37.552+0000][80527.918s][info][gc,metaspace] GC(2465) Metaspace: 498130K(506304K)->498130K(506304K) NonClass: 437598K(441792K)->437598K(441792K) Class: 60531K(64512K)->60531K(64512K)
[2025-01-07T18:47:37.552+0000][80527.918s][info][gc          ] GC(2465) Pause Young (Prepare Mixed) (G1 Evacuation Pause) 9699M->2454M(12288M) 35.770ms
[2025-01-07T18:47:37.552+0000][80527.918s][info][gc,cpu      ] GC(2465) User=0.20s Sys=0.00s Real=0.04s
[2025-01-07T18:47:37.907+0000][80528.273s][info][gc,start    ] GC(2466) Pause Young (Mixed) (G1 Evacuation Pause)
[2025-01-07T18:47:37.907+0000][80528.273s][info][gc,task     ] GC(2466) Using 6 workers of 6 for evacuation
[2025-01-07T18:47:37.976+0000][80528.343s][info][gc,phases   ] GC(2466)   Pre Evacuate Collection Set: 0.2ms
[2025-01-07T18:47:37.977+0000][80528.343s][info][gc,phases   ] GC(2466)   Merge Heap Roots: 0.8ms
[2025-01-07T18:47:37.977+0000][80528.343s][info][gc,phases   ] GC(2466)   Evacuate Collection Set: 66.4ms
[2025-01-07T18:47:37.977+0000][80528.343s][info][gc,phases   ] GC(2466)   Post Evacuate Collection Set: 2.1ms
[2025-01-07T18:47:37.977+0000][80528.343s][info][gc,phases   ] GC(2466)   Other: 0.2ms
[2025-01-07T18:47:37.977+0000][80528.343s][info][gc,heap     ] GC(2466) Eden regions: 65->0(911)
[2025-01-07T18:47:37.977+0000][80528.343s][info][gc,heap     ] GC(2466) Survivor regions: 11->5(10)
[2025-01-07T18:47:37.977+0000][80528.343s][info][gc,heap     ] GC(2466) Old regions: 247->249
[2025-01-07T18:47:37.977+0000][80528.343s][info][gc,heap     ] GC(2466) Archive regions: 2->2
[2025-01-07T18:47:37.977+0000][80528.343s][info][gc,heap     ] GC(2466) Humongous regions: 49->49
[2025-01-07T18:47:37.977+0000][80528.343s][info][gc,metaspace] GC(2466) Metaspace: 498130K(506304K)->498130K(506304K) NonClass: 437598K(441792K)->437598K(441792K) Class: 60531K(64512K)->60531K(64512K)
[2025-01-07T18:47:37.977+0000][80528.343s][info][gc          ] GC(2466) Pause Young (Mixed) (G1 Evacuation Pause) 2974M->2423M(12288M) 69.716ms
[2025-01-07T18:47:37.977+0000][80528.343s][info][gc,cpu      ] GC(2466) User=0.41s Sys=0.00s Real=0.07s
[2025-01-07T18:47:47.223+0000][80537.589s][info][gc,start    ] GC(2467) Pause Young (Normal) (G1 Evacuation Pause)
[2025-01-07T18:47:47.223+0000][80537.589s][info][gc,task     ] GC(2467) Using 6 workers of 6 for evacuation
[2025-01-07T18:47:47.248+0000][80537.614s][info][gc,phases   ] GC(2467)   Pre Evacuate Collection Set: 0.2ms
[2025-01-07T18:47:47.248+0000][80537.614s][info][gc,phases   ] GC(2467)   Merge Heap Roots: 0.4ms
[2025-01-07T18:47:47.248+0000][80537.614s][info][gc,phases   ] GC(2467)   Evacuate Collection Set: 21.3ms
[2025-01-07T18:47:47.248+0000][80537.614s][info][gc,phases   ] GC(2467)   Post Evacuate Collection Set: 2.5ms
[2025-01-07T18:47:47.248+0000][80537.614s][info][gc,phases   ] GC(2467)   Other: 0.2ms
[2025-01-07T18:47:47.248+0000][80537.614s][info][gc,heap     ] GC(2467) Eden regions: 911->0(909)
[2025-01-07T18:47:47.248+0000][80537.614s][info][gc,heap     ] GC(2467) Survivor regions: 5->6(115)
[2025-01-07T18:47:47.248+0000][80537.614s][info][gc,heap     ] GC(2467) Old regions: 249->249
[2025-01-07T18:47:47.248+0000][80537.614s][info][gc,heap     ] GC(2467) Archive regions: 2->2
[2025-01-07T18:47:47.248+0000][80537.614s][info][gc,heap     ] GC(2467) Humongous regions: 49->49
[2025-01-07T18:47:47.248+0000][80537.614s][info][gc,metaspace] GC(2467) Metaspace: 498132K(506304K)->498132K(506304K) NonClass: 437599K(441792K)->437599K(441792K) Class: 60532K(64512K)->60532K(64512K)
[2025-01-07T18:47:47.248+0000][80537.614s][info][gc          ] GC(2467) Pause Young (Normal) (G1 Evacuation Pause) 9711M->2430M(12288M) 24.735ms
[2025-01-07T18:47:47.248+0000][80537.614s][info][gc,cpu      ] GC(2467) User=0.14s Sys=0.00s Real=0.02s
[2025-01-07T18:47:55.910+0000][80546.276s][info][gc,start    ] GC(2468) Pause Young (Normal) (G1 Evacuation Pause)
[2025-01-07T18:47:55.910+0000][80546.276s][info][gc,task     ] GC(2468) Using 6 workers of 6 for evacuation
[2025-01-07T18:47:55.938+0000][80546.304s][info][gc,phases   ] GC(2468)   Pre Evacuate Collection Set: 0.2ms
[2025-01-07T18:47:55.938+0000][80546.304s][info][gc,phases   ] GC(2468)   Merge Heap Roots: 0.4ms
[2025-01-07T18:47:55.938+0000][80546.304s][info][gc,phases   ] GC(2468)   Evacuate Collection Set: 23.9ms
[2025-01-07T18:47:55.938+0000][80546.304s][info][gc,phases   ] GC(2468)   Post Evacuate Collection Set: 2.5ms
[2025-01-07T18:47:55.938+0000][80546.304s][info][gc,phases   ] GC(2468)   Other: 0.3ms
[2025-01-07T18:47:55.938+0000][80546.304s][info][gc,heap     ] GC(2468) Eden regions: 909->0(907)
[2025-01-07T18:47:55.938+0000][80546.304s][info][gc,heap     ] GC(2468) Survivor regions: 6->8(115)
[2025-01-07T18:47:55.938+0000][80546.304s][info][gc,heap     ] GC(2468) Old regions: 249->249
[2025-01-07T18:47:55.938+0000][80546.304s][info][gc,heap     ] GC(2468) Archive regions: 2->2
[2025-01-07T18:47:55.938+0000][80546.304s][info][gc,heap     ] GC(2468) Humongous regions: 49->49
[2025-01-07T18:47:55.938+0000][80546.304s][info][gc,metaspace] GC(2468) Metaspace: 498132K(506304K)->498132K(506304K) NonClass: 437599K(441792K)->437599K(441792K) Class: 60532K(64512K)->60532K(64512K)
[2025-01-07T18:47:55.938+0000][80546.304s][info][gc          ] GC(2468) Pause Young (Normal) (G1 Evacuation Pause) 9702M->2445M(12288M) 27.411ms
[2025-01-07T18:47:55.938+0000][80546.304s][info][gc,cpu      ] GC(2468) User=0.16s Sys=0.01s Real=0.02s
[2025-01-07T18:48:04.804+0000][80555.171s][info][gc,start    ] GC(2469) Pause Young (Concurrent Start) (G1 Evacuation Pause)
[2025-01-07T18:48:04.804+0000][80555.171s][info][gc,task     ] GC(2469) Using 6 workers of 6 for evacuation
[2025-01-07T18:48:04.841+0000][80555.207s][info][gc,phases   ] GC(2469)   Pre Evacuate Collection Set: 1.0ms
[2025-01-07T18:48:04.841+0000][80555.207s][info][gc,phases   ] GC(2469)   Merge Heap Roots: 0.5ms
[2025-01-07T18:48:04.841+0000][80555.207s][info][gc,phases   ] GC(2469)   Evacuate Collection Set: 29.8ms
[2025-01-07T18:48:04.841+0000][80555.207s][info][gc,phases   ] GC(2469)   Post Evacuate Collection Set: 5.2ms
[2025-01-07T18:48:04.841+0000][80555.207s][info][gc,phases   ] GC(2469)   Other: 0.3ms
[2025-01-07T18:48:04.841+0000][80555.207s][info][gc,heap     ] GC(2469) Eden regions: 907->0(902)
[2025-01-07T18:48:04.841+0000][80555.207s][info][gc,heap     ] GC(2469) Survivor regions: 8->11(115)
[2025-01-07T18:48:04.841+0000][80555.207s][info][gc,heap     ] GC(2469) Old regions: 249->249
[2025-01-07T18:48:04.841+0000][80555.207s][info][gc,heap     ] GC(2469) Archive regions: 2->2
[2025-01-07T18:48:04.841+0000][80555.207s][info][gc,heap     ] GC(2469) Humongous regions: 49->49
[2025-01-07T18:48:04.841+0000][80555.207s][info][gc,metaspace] GC(2469) Metaspace: 498132K(506304K)->498132K(506304K) NonClass: 437599K(441792K)->437599K(441792K) Class: 60532K(64512K)->60532K(64512K)
[2025-01-07T18:48:04.841+0000][80555.207s][info][gc          ] GC(2469) Pause Young (Concurrent Start) (G1 Evacuation Pause) 9701M->2471M(12288M) 36.776ms
[2025-01-07T18:48:04.841+0000][80555.207s][info][gc,cpu      ] GC(2469) User=0.21s Sys=0.00s Real=0.03s
[2025-01-07T18:48:04.841+0000][80555.207s][info][gc          ] GC(2470) Concurrent Mark Cycle
[2025-01-07T18:48:04.841+0000][80555.207s][info][gc,marking  ] GC(2470) Concurrent Clear Claimed Marks
[2025-01-07T18:48:04.842+0000][80555.208s][info][gc,marking  ] GC(2470) Concurrent Clear Claimed Marks 0.808ms
[2025-01-07T18:48:04.842+0000][80555.208s][info][gc,marking  ] GC(2470) Concurrent Scan Root Regions
[2025-01-07T18:48:04.867+0000][80555.233s][info][gc,marking  ] GC(2470) Concurrent Scan Root Regions 24.425ms
[2025-01-07T18:48:04.867+0000][80555.233s][info][gc,marking  ] GC(2470) Concurrent Mark
[2025-01-07T18:48:04.867+0000][80555.233s][info][gc,marking  ] GC(2470) Concurrent Mark From Roots
[2025-01-07T18:48:04.867+0000][80555.233s][info][gc,task     ] GC(2470) Using 2 workers of 2 for marking
[2025-01-07T18:48:05.637+0000][80556.003s][info][gc,marking  ] GC(2470) Concurrent Mark From Roots 770.598ms
[2025-01-07T18:48:05.637+0000][80556.003s][info][gc,marking  ] GC(2470) Concurrent Preclean
[2025-01-07T18:48:05.639+0000][80556.005s][info][gc,marking  ] GC(2470) Concurrent Preclean 1.746ms
[2025-01-07T18:48:05.639+0000][80556.005s][info][gc,start    ] GC(2470) Pause Remark
[2025-01-07T18:48:05.664+0000][80556.030s][info][gc          ] GC(2470) Pause Remark 3139M->3139M(12288M) 24.896ms
[2025-01-07T18:48:05.664+0000][80556.030s][info][gc,cpu      ] GC(2470) User=0.14s Sys=0.00s Real=0.03s
[2025-01-07T18:48:05.664+0000][80556.030s][info][gc,marking  ] GC(2470) Concurrent Mark 797.578ms
[2025-01-07T18:48:05.664+0000][80556.030s][info][gc,marking  ] GC(2470) Concurrent Rebuild Remembered Sets
[2025-01-07T18:48:06.217+0000][80556.583s][info][gc,marking  ] GC(2470) Concurrent Rebuild Remembered Sets 552.261ms
[2025-01-07T18:48:06.217+0000][80556.583s][info][gc,start    ] GC(2470) Pause Cleanup
[2025-01-07T18:48:06.217+0000][80556.583s][info][gc          ] GC(2470) Pause Cleanup 3751M->3751M(12288M) 0.458ms
[2025-01-07T18:48:06.217+0000][80556.583s][info][gc,cpu      ] GC(2470) User=0.00s Sys=0.00s Real=0.00s
[2025-01-07T18:48:06.217+0000][80556.583s][info][gc,marking  ] GC(2470) Concurrent Cleanup for Next Mark
[2025-01-07T18:48:06.233+0000][80556.599s][info][gc,marking  ] GC(2470) Concurrent Cleanup for Next Mark 16.021ms
[2025-01-07T18:48:06.233+0000][80556.599s][info][gc          ] GC(2470) Concurrent Mark Cycle 1391.961ms
[2025-01-07T18:48:12.089+0000][80562.455s][info][gc,start    ] GC(2471) Pause Young (Prepare Mixed) (G1 Evacuation Pause)
[2025-01-07T18:48:12.089+0000][80562.455s][info][gc,task     ] GC(2471) Using 6 workers of 6 for evacuation
[2025-01-07T18:48:12.124+0000][80562.490s][info][gc,phases   ] GC(2471)   Pre Evacuate Collection Set: 0.2ms
[2025-01-07T18:48:12.124+0000][80562.490s][info][gc,phases   ] GC(2471)   Merge Heap Roots: 0.7ms
[2025-01-07T18:48:12.124+0000][80562.490s][info][gc,phases   ] GC(2471)   Evacuate Collection Set: 32.0ms
[2025-01-07T18:48:12.124+0000][80562.490s][info][gc,phases   ] GC(2471)   Post Evacuate Collection Set: 2.6ms
[2025-01-07T18:48:12.124+0000][80562.490s][info][gc,phases   ] GC(2471)   Other: 0.2ms
[2025-01-07T18:48:12.124+0000][80562.490s][info][gc,heap     ] GC(2471) Eden regions: 902->0(65)
[2025-01-07T18:48:12.124+0000][80562.490s][info][gc,heap     ] GC(2471) Survivor regions: 11->11(115)
[2025-01-07T18:48:12.124+0000][80562.490s][info][gc,heap     ] GC(2471) Old regions: 249->249
[2025-01-07T18:48:12.124+0000][80562.490s][info][gc,heap     ] GC(2471) Archive regions: 2->2
[2025-01-07T18:48:12.124+0000][80562.490s][info][gc,heap     ] GC(2471) Humongous regions: 49->49
[2025-01-07T18:48:12.124+0000][80562.490s][info][gc,metaspace] GC(2471) Metaspace: 498132K(506304K)->498132K(506304K) NonClass: 437599K(441792K)->437599K(441792K) Class: 60532K(64512K)->60532K(64512K)
[2025-01-07T18:48:12.124+0000][80562.490s][info][gc          ] GC(2471) Pause Young (Prepare Mixed) (G1 Evacuation Pause) 9687M->2473M(12288M) 35.755ms
[2025-01-07T18:48:12.124+0000][80562.490s][info][gc,cpu      ] GC(2471) User=0.21s Sys=0.00s Real=0.04s
[2025-01-07T18:48:12.656+0000][80563.022s][info][gc,start    ] GC(2472) Pause Young (Mixed) (G1 Evacuation Pause)
[2025-01-07T18:48:12.656+0000][80563.022s][info][gc,task     ] GC(2472) Using 6 workers of 6 for evacuation
[2025-01-07T18:48:12.699+0000][80563.065s][info][gc,phases   ] GC(2472)   Pre Evacuate Collection Set: 0.2ms
[2025-01-07T18:48:12.699+0000][80563.065s][info][gc,phases   ] GC(2472)   Merge Heap Roots: 0.4ms
[2025-01-07T18:48:12.699+0000][80563.065s][info][gc,phases   ] GC(2472)   Evacuate Collection Set: 40.6ms
[2025-01-07T18:48:12.699+0000][80563.065s][info][gc,phases   ] GC(2472)   Post Evacuate Collection Set: 1.7ms
[2025-01-07T18:48:12.699+0000][80563.065s][info][gc,phases   ] GC(2472)   Other: 0.2ms
[2025-01-07T18:48:12.699+0000][80563.065s][info][gc,heap     ] GC(2472) Eden regions: 65->0(905)
[2025-01-07T18:48:12.699+0000][80563.065s][info][gc,heap     ] GC(2472) Survivor regions: 11->8(10)
[2025-01-07T18:48:12.699+0000][80563.065s][info][gc,heap     ] GC(2472) Old regions: 249->247
[2025-01-07T18:48:12.699+0000][80563.065s][info][gc,heap     ] GC(2472) Archive regions: 2->2
[2025-01-07T18:48:12.699+0000][80563.065s][info][gc,heap     ] GC(2472) Humongous regions: 49->49
[2025-01-07T18:48:12.699+0000][80563.065s][info][gc,metaspace] GC(2472) Metaspace: 498132K(506304K)->498132K(506304K) NonClass: 437599K(441792K)->437599K(441792K) Class: 60532K(64512K)->60532K(64512K)
[2025-01-07T18:48:12.699+0000][80563.065s][info][gc          ] GC(2472) Pause Young (Mixed) (G1 Evacuation Pause) 2993M->2435M(12288M) 43.186ms
[2025-01-07T18:48:12.699+0000][80563.066s][info][gc,cpu      ] GC(2472) User=0.25s Sys=0.00s Real=0.04s
[2025-01-07T18:48:17.543+0000][80567.909s][info][gc,start    ] GC(2473) Pause Young (Normal) (G1 Evacuation Pause)
[2025-01-07T18:48:17.543+0000][80567.909s][info][gc,task     ] GC(2473) Using 6 workers of 6 for evacuation
[2025-01-07T18:48:17.566+0000][80567.932s][info][gc,phases   ] GC(2473)   Pre Evacuate Collection Set: 0.2ms
[2025-01-07T18:48:17.566+0000][80567.932s][info][gc,phases   ] GC(2473)   Merge Heap Roots: 0.4ms
[2025-01-07T18:48:17.566+0000][80567.932s][info][gc,phases   ] GC(2473)   Evacuate Collection Set: 18.8ms
[2025-01-07T18:48:17.566+0000][80567.932s][info][gc,phases   ] GC(2473)   Post Evacuate Collection Set: 3.7ms
[2025-01-07T18:48:17.566+0000][80567.932s][info][gc,phases   ] GC(2473)   Other: 0.2ms
[2025-01-07T18:48:17.566+0000][80567.932s][info][gc,heap     ] GC(2473) Eden regions: 905->0(908)
[2025-01-07T18:48:17.566+0000][80567.932s][info][gc,heap     ] GC(2473) Survivor regions: 8->7(115)
[2025-01-07T18:48:17.566+0000][80567.932s][info][gc,heap     ] GC(2473) Old regions: 247->247
[2025-01-07T18:48:17.566+0000][80567.932s][info][gc,heap     ] GC(2473) Archive regions: 2->2
[2025-01-07T18:48:17.566+0000][80567.932s][info][gc,heap     ] GC(2473) Humongous regions: 49->49
[2025-01-07T18:48:17.566+0000][80567.932s][info][gc,metaspace] GC(2473) Metaspace: 498132K(506304K)->498132K(506304K) NonClass: 437599K(441792K)->437599K(441792K) Class: 60532K(64512K)->60532K(64512K)
[2025-01-07T18:48:17.566+0000][80567.932s][info][gc          ] GC(2473) Pause Young (Normal) (G1 Evacuation Pause) 9675M->2427M(12288M) 23.352ms
[2025-01-07T18:48:17.566+0000][80567.932s][info][gc,cpu      ] GC(2473) User=0.13s Sys=0.00s Real=0.02s
[2025-01-07T18:48:25.893+0000][80576.259s][info][gc,start    ] GC(2474) Pause Young (Normal) (G1 Evacuation Pause)
[2025-01-07T18:48:25.893+0000][80576.259s][info][gc,task     ] GC(2474) Using 6 workers of 6 for evacuation
[2025-01-07T18:48:25.920+0000][80576.286s][info][gc,phases   ] GC(2474)   Pre Evacuate Collection Set: 0.2ms
[2025-01-07T18:48:25.920+0000][80576.286s][info][gc,phases   ] GC(2474)   Merge Heap Roots: 0.4ms
[2025-01-07T18:48:25.920+0000][80576.286s][info][gc,phases   ] GC(2474)   Evacuate Collection Set: 23.6ms
[2025-01-07T18:48:25.920+0000][80576.286s][info][gc,phases   ] GC(2474)   Post Evacuate Collection Set: 2.5ms
[2025-01-07T18:48:25.920+0000][80576.286s][info][gc,phases   ] GC(2474)   Other: 0.2ms
[2025-01-07T18:48:25.920+0000][80576.286s][info][gc,heap     ] GC(2474) Eden regions: 908->0(907)
[2025-01-07T18:48:25.920+0000][80576.286s][info][gc,heap     ] GC(2474) Survivor regions: 7->8(115)
[2025-01-07T18:48:25.920+0000][80576.286s][info][gc,heap     ] GC(2474) Old regions: 247->247
[2025-01-07T18:48:25.920+0000][80576.286s][info][gc,heap     ] GC(2474) Archive regions: 2->2
[2025-01-07T18:48:25.920+0000][80576.286s][info][gc,heap     ] GC(2474) Humongous regions: 49->49
[2025-01-07T18:48:25.920+0000][80576.286s][info][gc,metaspace] GC(2474) Metaspace: 498132K(506304K)->498132K(506304K) NonClass: 437599K(441792K)->437599K(441792K) Class: 60532K(64512K)->60532K(64512K)
[2025-01-07T18:48:25.920+0000][80576.286s][info][gc          ] GC(2474) Pause Young (Normal) (G1 Evacuation Pause) 9691M->2434M(12288M) 27.058ms
[2025-01-07T18:48:25.920+0000][80576.286s][info][gc,cpu      ] GC(2474) User=0.15s Sys=0.01s Real=0.02s
[2025-01-07T18:48:32.672+0000][80583.038s][info][gc,start    ] GC(2475) Pause Young (Concurrent Start) (G1 Evacuation Pause)
[2025-01-07T18:48:32.672+0000][80583.038s][info][gc,task     ] GC(2475) Using 6 workers of 6 for evacuation
[2025-01-07T18:48:32.703+0000][80583.069s][info][gc,phases   ] GC(2475)   Pre Evacuate Collection Set: 1.0ms
[2025-01-07T18:48:32.703+0000][80583.069s][info][gc,phases   ] GC(2475)   Merge Heap Roots: 0.5ms
[2025-01-07T18:48:32.703+0000][80583.069s][info][gc,phases   ] GC(2475)   Evacuate Collection Set: 26.2ms
[2025-01-07T18:48:32.703+0000][80583.069s][info][gc,phases   ] GC(2475)   Post Evacuate Collection Set: 2.6ms
[2025-01-07T18:48:32.703+0000][80583.069s][info][gc,phases   ] GC(2475)   Other: 0.3ms
[2025-01-07T18:48:32.703+0000][80583.069s][info][gc,heap     ] GC(2475) Eden regions: 907->0(907)
[2025-01-07T18:48:32.703+0000][80583.069s][info][gc,heap     ] GC(2475) Survivor regions: 8->8(115)
[2025-01-07T18:48:32.703+0000][80583.069s][info][gc,heap     ] GC(2475) Old regions: 247->247
[2025-01-07T18:48:32.703+0000][80583.069s][info][gc,heap     ] GC(2475) Archive regions: 2->2
[2025-01-07T18:48:32.703+0000][80583.069s][info][gc,heap     ] GC(2475) Humongous regions: 49->49
[2025-01-07T18:48:32.703+0000][80583.069s][info][gc,metaspace] GC(2475) Metaspace: 498132K(506304K)->498132K(506304K) NonClass: 437599K(441792K)->437599K(441792K) Class: 60532K(64512K)->60532K(64512K)
[2025-01-07T18:48:32.703+0000][80583.069s][info][gc          ] GC(2475) Pause Young (Concurrent Start) (G1 Evacuation Pause) 9690M->2435M(12288M) 30.625ms
[2025-01-07T18:48:32.703+0000][80583.069s][info][gc,cpu      ] GC(2475) User=0.17s Sys=0.00s Real=0.03s
[2025-01-07T18:48:32.703+0000][80583.069s][info][gc          ] GC(2476) Concurrent Mark Cycle
[2025-01-07T18:48:32.703+0000][80583.069s][info][gc,marking  ] GC(2476) Concurrent Clear Claimed Marks
[2025-01-07T18:48:32.704+0000][80583.070s][info][gc,marking  ] GC(2476) Concurrent Clear Claimed Marks 0.795ms
[2025-01-07T18:48:32.704+0000][80583.070s][info][gc,marking  ] GC(2476) Concurrent Scan Root Regions
[2025-01-07T18:48:32.726+0000][80583.093s][info][gc,marking  ] GC(2476) Concurrent Scan Root Regions 22.699ms
[2025-01-07T18:48:32.726+0000][80583.093s][info][gc,marking  ] GC(2476) Concurrent Mark
[2025-01-07T18:48:32.726+0000][80583.093s][info][gc,marking  ] GC(2476) Concurrent Mark From Roots
[2025-01-07T18:48:32.726+0000][80583.093s][info][gc,task     ] GC(2476) Using 2 workers of 2 for marking
[2025-01-07T18:48:33.652+0000][80584.018s][info][gc,marking  ] GC(2476) Concurrent Mark From Roots 925.592ms
[2025-01-07T18:48:33.652+0000][80584.018s][info][gc,marking  ] GC(2476) Concurrent Preclean
[2025-01-07T18:48:33.654+0000][80584.020s][info][gc,marking  ] GC(2476) Concurrent Preclean 1.763ms
[2025-01-07T18:48:33.654+0000][80584.020s][info][gc,start    ] GC(2476) Pause Remark
[2025-01-07T18:48:33.679+0000][80584.046s][info][gc          ] GC(2476) Pause Remark 3471M->3471M(12288M) 25.444ms
[2025-01-07T18:48:33.679+0000][80584.046s][info][gc,cpu      ] GC(2476) User=0.14s Sys=0.00s Real=0.02s
[2025-01-07T18:48:33.680+0000][80584.046s][info][gc,marking  ] GC(2476) Concurrent Mark 953.145ms
[2025-01-07T18:48:33.680+0000][80584.046s][info][gc,marking  ] GC(2476) Concurrent Rebuild Remembered Sets
[2025-01-07T18:48:34.178+0000][80584.544s][info][gc,marking  ] GC(2476) Concurrent Rebuild Remembered Sets 498.359ms
[2025-01-07T18:48:34.178+0000][80584.544s][info][gc,start    ] GC(2476) Pause Cleanup
[2025-01-07T18:48:34.179+0000][80584.545s][info][gc          ] GC(2476) Pause Cleanup 3963M->3963M(12288M) 0.483ms
[2025-01-07T18:48:34.179+0000][80584.545s][info][gc,cpu      ] GC(2476) User=0.00s Sys=0.00s Real=0.00s
[2025-01-07T18:48:34.179+0000][80584.545s][info][gc,marking  ] GC(2476) Concurrent Cleanup for Next Mark
[2025-01-07T18:48:34.194+0000][80584.560s][info][gc,marking  ] GC(2476) Concurrent Cleanup for Next Mark 15.482ms
[2025-01-07T18:48:34.194+0000][80584.560s][info][gc          ] GC(2476) Concurrent Mark Cycle 1491.398ms
[2025-01-07T18:48:40.083+0000][80590.449s][info][gc,start    ] GC(2477) Pause Young (Prepare Mixed) (G1 Evacuation Pause)
[2025-01-07T18:48:40.083+0000][80590.449s][info][gc,task     ] GC(2477) Using 6 workers of 6 for evacuation
[2025-01-07T18:48:40.116+0000][80590.482s][info][gc,phases   ] GC(2477)   Pre Evacuate Collection Set: 0.2ms
[2025-01-07T18:48:40.116+0000][80590.482s][info][gc,phases   ] GC(2477)   Merge Heap Roots: 0.7ms
[2025-01-07T18:48:40.116+0000][80590.482s][info][gc,phases   ] GC(2477)   Evacuate Collection Set: 29.2ms
[2025-01-07T18:48:40.116+0000][80590.482s][info][gc,phases   ] GC(2477)   Post Evacuate Collection Set: 2.7ms
[2025-01-07T18:48:40.116+0000][80590.482s][info][gc,phases   ] GC(2477)   Other: 0.2ms
[2025-01-07T18:48:40.116+0000][80590.482s][info][gc,heap     ] GC(2477) Eden regions: 907->0(66)
[2025-01-07T18:48:40.116+0000][80590.482s][info][gc,heap     ] GC(2477) Survivor regions: 8->10(115)
[2025-01-07T18:48:40.116+0000][80590.482s][info][gc,heap     ] GC(2477) Old regions: 247->247
[2025-01-07T18:48:40.116+0000][80590.482s][info][gc,heap     ] GC(2477) Archive regions: 2->2
[2025-01-07T18:48:40.116+0000][80590.482s][info][gc,heap     ] GC(2477) Humongous regions: 49->49
[2025-01-07T18:48:40.116+0000][80590.482s][info][gc,metaspace] GC(2477) Metaspace: 498132K(506304K)->498132K(506304K) NonClass: 437599K(441792K)->437599K(441792K) Class: 60532K(64512K)->60532K(64512K)
[2025-01-07T18:48:40.116+0000][80590.482s][info][gc          ] GC(2477) Pause Young (Prepare Mixed) (G1 Evacuation Pause) 9691M->2451M(12288M) 32.994ms
[2025-01-07T18:48:40.116+0000][80590.482s][info][gc,cpu      ] GC(2477) User=0.19s Sys=0.00s Real=0.03s
[2025-01-07T18:48:41.200+0000][80591.566s][info][gc,start    ] GC(2478) Pause Young (Mixed) (G1 Evacuation Pause)
[2025-01-07T18:48:41.200+0000][80591.566s][info][gc,task     ] GC(2478) Using 6 workers of 6 for evacuation
[2025-01-07T18:48:41.242+0000][80591.608s][info][gc,phases   ] GC(2478)   Pre Evacuate Collection Set: 0.2ms
[2025-01-07T18:48:41.242+0000][80591.608s][info][gc,phases   ] GC(2478)   Merge Heap Roots: 0.4ms
[2025-01-07T18:48:41.242+0000][80591.608s][info][gc,phases   ] GC(2478)   Evacuate Collection Set: 39.0ms
[2025-01-07T18:48:41.242+0000][80591.608s][info][gc,phases   ] GC(2478)   Post Evacuate Collection Set: 1.7ms
[2025-01-07T18:48:41.242+0000][80591.608s][info][gc,phases   ] GC(2478)   Other: 0.2ms
[2025-01-07T18:48:41.242+0000][80591.608s][info][gc,heap     ] GC(2478) Eden regions: 66->0(910)
[2025-01-07T18:48:41.242+0000][80591.608s][info][gc,heap     ] GC(2478) Survivor regions: 10->6(10)
[2025-01-07T18:48:41.242+0000][80591.608s][info][gc,heap     ] GC(2478) Old regions: 247->247
[2025-01-07T18:48:41.242+0000][80591.608s][info][gc,heap     ] GC(2478) Archive regions: 2->2
[2025-01-07T18:48:41.242+0000][80591.608s][info][gc,heap     ] GC(2478) Humongous regions: 49->49
[2025-01-07T18:48:41.242+0000][80591.608s][info][gc,metaspace] GC(2478) Metaspace: 498132K(506304K)->498132K(506304K) NonClass: 437599K(441792K)->437599K(441792K) Class: 60532K(64512K)->60532K(64512K)
[2025-01-07T18:48:41.242+0000][80591.608s][info][gc          ] GC(2478) Pause Young (Mixed) (G1 Evacuation Pause) 2979M->2412M(12288M) 41.572ms
[2025-01-07T18:48:41.242+0000][80591.608s][info][gc,cpu      ] GC(2478) User=0.25s Sys=0.00s Real=0.05s
[2025-01-07T18:48:50.888+0000][80601.254s][info][gc,start    ] GC(2479) Pause Young (Normal) (G1 Evacuation Pause)
[2025-01-07T18:48:50.888+0000][80601.254s][info][gc,task     ] GC(2479) Using 6 workers of 6 for evacuation
[2025-01-07T18:48:50.916+0000][80601.282s][info][gc,phases   ] GC(2479)   Pre Evacuate Collection Set: 0.2ms
[2025-01-07T18:48:50.916+0000][80601.282s][info][gc,phases   ] GC(2479)   Merge Heap Roots: 0.4ms
[2025-01-07T18:48:50.916+0000][80601.282s][info][gc,phases   ] GC(2479)   Evacuate Collection Set: 24.7ms
[2025-01-07T18:48:50.916+0000][80601.282s][info][gc,phases   ] GC(2479)   Post Evacuate Collection Set: 2.6ms
[2025-01-07T18:48:50.916+0000][80601.282s][info][gc,phases   ] GC(2479)   Other: 0.2ms
[2025-01-07T18:48:50.916+0000][80601.282s][info][gc,heap     ] GC(2479) Eden regions: 910->0(908)
[2025-01-07T18:48:50.916+0000][80601.282s][info][gc,heap     ] GC(2479) Survivor regions: 6->7(115)
[2025-01-07T18:48:50.916+0000][80601.282s][info][gc,heap     ] GC(2479) Old regions: 247->247
[2025-01-07T18:48:50.916+0000][80601.282s][info][gc,heap     ] GC(2479) Archive regions: 2->2
[2025-01-07T18:48:50.916+0000][80601.282s][info][gc,heap     ] GC(2479) Humongous regions: 49->49
[2025-01-07T18:48:50.916+0000][80601.282s][info][gc,metaspace] GC(2479) Metaspace: 498132K(506304K)->498132K(506304K) NonClass: 437599K(441792K)->437599K(441792K) Class: 60532K(64512K)->60532K(64512K)
[2025-01-07T18:48:50.916+0000][80601.282s][info][gc          ] GC(2479) Pause Young (Normal) (G1 Evacuation Pause) 9692M->2426M(12288M) 28.306ms
[2025-01-07T18:48:50.916+0000][80601.282s][info][gc,cpu      ] GC(2479) User=0.14s Sys=0.02s Real=0.03s
[2025-01-07T18:48:58.321+0000][80608.687s][info][gc,start    ] GC(2480) Pause Young (Normal) (G1 Evacuation Pause)
[2025-01-07T18:48:58.321+0000][80608.687s][info][gc,task     ] GC(2480) Using 6 workers of 6 for evacuation
[2025-01-07T18:48:58.352+0000][80608.718s][info][gc,phases   ] GC(2480)   Pre Evacuate Collection Set: 0.2ms
[2025-01-07T18:48:58.352+0000][80608.718s][info][gc,phases   ] GC(2480)   Merge Heap Roots: 0.5ms
[2025-01-07T18:48:58.352+0000][80608.718s][info][gc,phases   ] GC(2480)   Evacuate Collection Set: 25.4ms
[2025-01-07T18:48:58.352+0000][80608.718s][info][gc,phases   ] GC(2480)   Post Evacuate Collection Set: 5.1ms
[2025-01-07T18:48:58.352+0000][80608.718s][info][gc,phases   ] GC(2480)   Other: 0.2ms
[2025-01-07T18:48:58.352+0000][80608.718s][info][gc,heap     ] GC(2480) Eden regions: 908->0(906)
[2025-01-07T18:48:58.352+0000][80608.718s][info][gc,heap     ] GC(2480) Survivor regions: 7->10(115)
[2025-01-07T18:48:58.352+0000][80608.718s][info][gc,heap     ] GC(2480) Old regions: 247->247
[2025-01-07T18:48:58.352+0000][80608.718s][info][gc,heap     ] GC(2480) Archive regions: 2->2
[2025-01-07T18:48:58.352+0000][80608.718s][info][gc,heap     ] GC(2480) Humongous regions: 49->49
[2025-01-07T18:48:58.352+0000][80608.718s][info][gc,metaspace] GC(2480) Metaspace: 498133K(506304K)->498133K(506304K) NonClass: 437600K(441792K)->437600K(441792K) Class: 60533K(64512K)->60533K(64512K)
[2025-01-07T18:48:58.352+0000][80608.718s][info][gc          ] GC(2480) Pause Young (Normal) (G1 Evacuation Pause) 9690M->2444M(12288M) 31.431ms
[2025-01-07T18:48:58.352+0000][80608.718s][info][gc,cpu      ] GC(2480) User=0.18s Sys=0.00s Real=0.04s
[2025-01-07T18:49:05.578+0000][80615.944s][info][gc,start    ] GC(2481) Pause Young (Concurrent Start) (G1 Evacuation Pause)
[2025-01-07T18:49:05.578+0000][80615.944s][info][gc,task     ] GC(2481) Using 6 workers of 6 for evacuation
[2025-01-07T18:49:05.618+0000][80615.984s][info][gc,phases   ] GC(2481)   Pre Evacuate Collection Set: 0.9ms
[2025-01-07T18:49:05.618+0000][80615.984s][info][gc,phases   ] GC(2481)   Merge Heap Roots: 0.5ms
[2025-01-07T18:49:05.618+0000][80615.984s][info][gc,phases   ] GC(2481)   Evacuate Collection Set: 35.6ms
[2025-01-07T18:49:05.618+0000][80615.984s][info][gc,phases   ] GC(2481)   Post Evacuate Collection Set: 2.7ms
[2025-01-07T18:49:05.618+0000][80615.984s][info][gc,phases   ] GC(2481)   Other: 0.3ms
[2025-01-07T18:49:05.618+0000][80615.984s][info][gc,heap     ] GC(2481) Eden regions: 906->0(904)
[2025-01-07T18:49:05.618+0000][80615.984s][info][gc,heap     ] GC(2481) Survivor regions: 10->11(115)
[2025-01-07T18:49:05.618+0000][80615.984s][info][gc,heap     ] GC(2481) Old regions: 247->247
[2025-01-07T18:49:05.618+0000][80615.984s][info][gc,heap     ] GC(2481) Archive regions: 2->2
[2025-01-07T18:49:05.618+0000][80615.984s][info][gc,heap     ] GC(2481) Humongous regions: 49->49
[2025-01-07T18:49:05.618+0000][80615.984s][info][gc,metaspace] GC(2481) Metaspace: 498133K(506304K)->498133K(506304K) NonClass: 437600K(441792K)->437600K(441792K) Class: 60533K(64512K)->60533K(64512K)
[2025-01-07T18:49:05.618+0000][80615.984s][info][gc          ] GC(2481) Pause Young (Concurrent Start) (G1 Evacuation Pause) 9692M->2452M(12288M) 40.161ms
[2025-01-07T18:49:05.618+0000][80615.984s][info][gc,cpu      ] GC(2481) User=0.23s Sys=0.00s Real=0.04s
[2025-01-07T18:49:05.618+0000][80615.984s][info][gc          ] GC(2482) Concurrent Mark Cycle
[2025-01-07T18:49:05.618+0000][80615.984s][info][gc,marking  ] GC(2482) Concurrent Clear Claimed Marks
[2025-01-07T18:49:05.619+0000][80615.985s][info][gc,marking  ] GC(2482) Concurrent Clear Claimed Marks 0.801ms
[2025-01-07T18:49:05.619+0000][80615.985s][info][gc,marking  ] GC(2482) Concurrent Scan Root Regions
[2025-01-07T18:49:05.649+0000][80616.015s][info][gc,marking  ] GC(2482) Concurrent Scan Root Regions 29.649ms
[2025-01-07T18:49:05.649+0000][80616.015s][info][gc,marking  ] GC(2482) Concurrent Mark
[2025-01-07T18:49:05.649+0000][80616.015s][info][gc,marking  ] GC(2482) Concurrent Mark From Roots
[2025-01-07T18:49:05.649+0000][80616.015s][info][gc,task     ] GC(2482) Using 2 workers of 2 for marking
[2025-01-07T18:49:06.487+0000][80616.853s][info][gc,marking  ] GC(2482) Concurrent Mark From Roots 837.867ms
[2025-01-07T18:49:06.487+0000][80616.853s][info][gc,marking  ] GC(2482) Concurrent Preclean
[2025-01-07T18:49:06.488+0000][80616.854s][info][gc,marking  ] GC(2482) Concurrent Preclean 1.678ms
[2025-01-07T18:49:06.488+0000][80616.855s][info][gc,start    ] GC(2482) Pause Remark
[2025-01-07T18:49:06.514+0000][80616.880s][info][gc          ] GC(2482) Pause Remark 3276M->3276M(12288M) 25.347ms
[2025-01-07T18:49:06.514+0000][80616.880s][info][gc,cpu      ] GC(2482) User=0.14s Sys=0.00s Real=0.03s
[2025-01-07T18:49:06.514+0000][80616.880s][info][gc,marking  ] GC(2482) Concurrent Mark 865.301ms
[2025-01-07T18:49:06.514+0000][80616.880s][info][gc,marking  ] GC(2482) Concurrent Rebuild Remembered Sets
[2025-01-07T18:49:06.991+0000][80617.357s][info][gc,marking  ] GC(2482) Concurrent Rebuild Remembered Sets 477.190ms
[2025-01-07T18:49:06.991+0000][80617.357s][info][gc,start    ] GC(2482) Pause Cleanup
[2025-01-07T18:49:06.992+0000][80617.358s][info][gc          ] GC(2482) Pause Cleanup 3732M->3732M(12288M) 0.440ms
[2025-01-07T18:49:06.992+0000][80617.358s][info][gc,cpu      ] GC(2482) User=0.00s Sys=0.00s Real=0.00s
[2025-01-07T18:49:06.992+0000][80617.358s][info][gc,marking  ] GC(2482) Concurrent Cleanup for Next Mark
[2025-01-07T18:49:07.008+0000][80617.374s][info][gc,marking  ] GC(2482) Concurrent Cleanup for Next Mark 16.073ms
[2025-01-07T18:49:07.008+0000][80617.374s][info][gc          ] GC(2482) Concurrent Mark Cycle 1389.844ms
[2025-01-07T18:49:14.805+0000][80625.171s][info][gc,start    ] GC(2483) Pause Young (Prepare Mixed) (G1 Evacuation Pause)
[2025-01-07T18:49:14.805+0000][80625.171s][info][gc,task     ] GC(2483) Using 6 workers of 6 for evacuation
[2025-01-07T18:49:14.846+0000][80625.212s][info][gc,phases   ] GC(2483)   Pre Evacuate Collection Set: 0.2ms
[2025-01-07T18:49:14.846+0000][80625.212s][info][gc,phases   ] GC(2483)   Merge Heap Roots: 0.7ms
[2025-01-07T18:49:14.846+0000][80625.212s][info][gc,phases   ] GC(2483)   Evacuate Collection Set: 35.8ms
[2025-01-07T18:49:14.846+0000][80625.212s][info][gc,phases   ] GC(2483)   Post Evacuate Collection Set: 4.0ms
[2025-01-07T18:49:14.846+0000][80625.212s][info][gc,phases   ] GC(2483)   Other: 0.2ms
[2025-01-07T18:49:14.846+0000][80625.212s][info][gc,heap     ] GC(2483) Eden regions: 904->0(63)
[2025-01-07T18:49:14.846+0000][80625.212s][info][gc,heap     ] GC(2483) Survivor regions: 11->13(115)
[2025-01-07T18:49:14.846+0000][80625.212s][info][gc,heap     ] GC(2483) Old regions: 247->247
[2025-01-07T18:49:14.846+0000][80625.212s][info][gc,heap     ] GC(2483) Archive regions: 2->2
[2025-01-07T18:49:14.846+0000][80625.212s][info][gc,heap     ] GC(2483) Humongous regions: 49->49
[2025-01-07T18:49:14.846+0000][80625.212s][info][gc,metaspace] GC(2483) Metaspace: 498133K(506304K)->498133K(506304K) NonClass: 437600K(441792K)->437600K(441792K) Class: 60533K(64512K)->60533K(64512K)
[2025-01-07T18:49:14.846+0000][80625.212s][info][gc          ] GC(2483) Pause Young (Prepare Mixed) (G1 Evacuation Pause) 9684M->2471M(12288M) 41.049ms
[2025-01-07T18:49:14.846+0000][80625.212s][info][gc,cpu      ] GC(2483) User=0.24s Sys=0.00s Real=0.04s
[2025-01-07T18:49:16.599+0000][80626.965s][info][gc,start    ] GC(2484) Pause Young (Mixed) (G1 Evacuation Pause)
[2025-01-07T18:49:16.599+0000][80626.965s][info][gc,task     ] GC(2484) Using 6 workers of 6 for evacuation
[2025-01-07T18:49:16.668+0000][80627.034s][info][gc,phases   ] GC(2484)   Pre Evacuate Collection Set: 0.2ms
[2025-01-07T18:49:16.668+0000][80627.034s][info][gc,phases   ] GC(2484)   Merge Heap Roots: 0.7ms
[2025-01-07T18:49:16.668+0000][80627.034s][info][gc,phases   ] GC(2484)   Evacuate Collection Set: 66.3ms
[2025-01-07T18:49:16.668+0000][80627.034s][info][gc,phases   ] GC(2484)   Post Evacuate Collection Set: 1.9ms
[2025-01-07T18:49:16.668+0000][80627.034s][info][gc,phases   ] GC(2484)   Other: 0.2ms
[2025-01-07T18:49:16.668+0000][80627.034s][info][gc,heap     ] GC(2484) Eden regions: 63->0(908)
[2025-01-07T18:49:16.668+0000][80627.034s][info][gc,heap     ] GC(2484) Survivor regions: 13->4(10)
[2025-01-07T18:49:16.668+0000][80627.034s][info][gc,heap     ] GC(2484) Old regions: 247->249
[2025-01-07T18:49:16.668+0000][80627.034s][info][gc,heap     ] GC(2484) Archive regions: 2->2
[2025-01-07T18:49:16.668+0000][80627.034s][info][gc,heap     ] GC(2484) Humongous regions: 49->49
[2025-01-07T18:49:16.668+0000][80627.034s][info][gc,metaspace] GC(2484) Metaspace: 498133K(506304K)->498133K(506304K) NonClass: 437600K(441792K)->437600K(441792K) Class: 60533K(64512K)->60533K(64512K)
[2025-01-07T18:49:16.668+0000][80627.035s][info][gc          ] GC(2484) Pause Young (Mixed) (G1 Evacuation Pause) 2975M->2417M(12288M) 69.289ms
[2025-01-07T18:49:16.668+0000][80627.035s][info][gc,cpu      ] GC(2484) User=0.39s Sys=0.00s Real=0.07s
[2025-01-07T18:49:27.986+0000][80638.352s][info][gc,start    ] GC(2485) Pause Young (Normal) (G1 Evacuation Pause)
[2025-01-07T18:49:27.986+0000][80638.352s][info][gc,task     ] GC(2485) Using 6 workers of 6 for evacuation
[2025-01-07T18:49:28.010+0000][80638.377s][info][gc,phases   ] GC(2485)   Pre Evacuate Collection Set: 0.2ms
[2025-01-07T18:49:28.010+0000][80638.377s][info][gc,phases   ] GC(2485)   Merge Heap Roots: 0.4ms
[2025-01-07T18:49:28.010+0000][80638.377s][info][gc,phases   ] GC(2485)   Evacuate Collection Set: 20.8ms
[2025-01-07T18:49:28.010+0000][80638.377s][info][gc,phases   ] GC(2485)   Post Evacuate Collection Set: 2.7ms
[2025-01-07T18:49:28.010+0000][80638.377s][info][gc,phases   ] GC(2485)   Other: 0.2ms
[2025-01-07T18:49:28.010+0000][80638.377s][info][gc,heap     ] GC(2485) Eden regions: 908->0(907)
[2025-01-07T18:49:28.010+0000][80638.377s][info][gc,heap     ] GC(2485) Survivor regions: 4->6(114)
[2025-01-07T18:49:28.010+0000][80638.377s][info][gc,heap     ] GC(2485) Old regions: 249->249
[2025-01-07T18:49:28.010+0000][80638.377s][info][gc,heap     ] GC(2485) Archive regions: 2->2
[2025-01-07T18:49:28.010+0000][80638.377s][info][gc,heap     ] GC(2485) Humongous regions: 49->49
[2025-01-07T18:49:28.011+0000][80638.377s][info][gc,metaspace] GC(2485) Metaspace: 498133K(506304K)->498133K(506304K) NonClass: 437600K(441792K)->437600K(441792K) Class: 60533K(64512K)->60533K(64512K)
[2025-01-07T18:49:28.011+0000][80638.377s][info][gc          ] GC(2485) Pause Young (Normal) (G1 Evacuation Pause) 9681M->2426M(12288M) 24.450ms
[2025-01-07T18:49:28.011+0000][80638.377s][info][gc,cpu      ] GC(2485) User=0.14s Sys=0.00s Real=0.03s
[2025-01-07T18:49:37.803+0000][80648.169s][info][gc,start    ] GC(2486) Pause Young (Normal) (G1 Evacuation Pause)
[2025-01-07T18:49:37.803+0000][80648.169s][info][gc,task     ] GC(2486) Using 6 workers of 6 for evacuation
[2025-01-07T18:49:37.832+0000][80648.198s][info][gc,phases   ] GC(2486)   Pre Evacuate Collection Set: 0.2ms
[2025-01-07T18:49:37.832+0000][80648.198s][info][gc,phases   ] GC(2486)   Merge Heap Roots: 0.4ms
[2025-01-07T18:49:37.832+0000][80648.198s][info][gc,phases   ] GC(2486)   Evacuate Collection Set: 25.4ms
[2025-01-07T18:49:37.832+0000][80648.198s][info][gc,phases   ] GC(2486)   Post Evacuate Collection Set: 2.6ms
[2025-01-07T18:49:37.832+0000][80648.198s][info][gc,phases   ] GC(2486)   Other: 0.2ms
[2025-01-07T18:49:37.832+0000][80648.198s][info][gc,heap     ] GC(2486) Eden regions: 907->0(905)
[2025-01-07T18:49:37.832+0000][80648.198s][info][gc,heap     ] GC(2486) Survivor regions: 6->7(115)
[2025-01-07T18:49:37.832+0000][80648.198s][info][gc,heap     ] GC(2486) Old regions: 249->249
[2025-01-07T18:49:37.832+0000][80648.198s][info][gc,heap     ] GC(2486) Archive regions: 2->2
[2025-01-07T18:49:37.832+0000][80648.198s][info][gc,heap     ] GC(2486) Humongous regions: 49->49
[2025-01-07T18:49:37.832+0000][80648.198s][info][gc,metaspace] GC(2486) Metaspace: 498135K(506304K)->498135K(506304K) NonClass: 437601K(441792K)->437601K(441792K) Class: 60533K(64512K)->60533K(64512K)
[2025-01-07T18:49:37.832+0000][80648.198s][info][gc          ] GC(2486) Pause Young (Normal) (G1 Evacuation Pause) 9682M->2441M(12288M) 28.875ms
[2025-01-07T18:49:37.832+0000][80648.198s][info][gc,cpu      ] GC(2486) User=0.17s Sys=0.00s Real=0.03s
[2025-01-07T18:49:46.531+0000][80656.897s][info][gc,start    ] GC(2487) Pause Young (Concurrent Start) (G1 Evacuation Pause)
[2025-01-07T18:49:46.531+0000][80656.897s][info][gc,task     ] GC(2487) Using 6 workers of 6 for evacuation
[2025-01-07T18:49:46.563+0000][80656.929s][info][gc,phases   ] GC(2487)   Pre Evacuate Collection Set: 1.0ms
[2025-01-07T18:49:46.563+0000][80656.929s][info][gc,phases   ] GC(2487)   Merge Heap Roots: 0.4ms
[2025-01-07T18:49:46.563+0000][80656.929s][info][gc,phases   ] GC(2487)   Evacuate Collection Set: 28.1ms
[2025-01-07T18:49:46.563+0000][80656.929s][info][gc,phases   ] GC(2487)   Post Evacuate Collection Set: 2.6ms
[2025-01-07T18:49:46.563+0000][80656.929s][info][gc,phases   ] GC(2487)   Other: 0.3ms
[2025-01-07T18:49:46.563+0000][80656.929s][info][gc,heap     ] GC(2487) Eden regions: 905->0(905)
[2025-01-07T18:49:46.563+0000][80656.929s][info][gc,heap     ] GC(2487) Survivor regions: 7->8(114)
[2025-01-07T18:49:46.563+0000][80656.929s][info][gc,heap     ] GC(2487) Old regions: 249->249
[2025-01-07T18:49:46.563+0000][80656.929s][info][gc,heap     ] GC(2487) Archive regions: 2->2
[2025-01-07T18:49:46.563+0000][80656.929s][info][gc,heap     ] GC(2487) Humongous regions: 49->49
[2025-01-07T18:49:46.563+0000][80656.929s][info][gc,metaspace] GC(2487) Metaspace: 498135K(506304K)->498135K(506304K) NonClass: 437601K(441792K)->437601K(441792K) Class: 60533K(64512K)->60533K(64512K)
[2025-01-07T18:49:46.563+0000][80656.929s][info][gc          ] GC(2487) Pause Young (Concurrent Start) (G1 Evacuation Pause) 9681M->2449M(12288M) 32.507ms
[2025-01-07T18:49:46.563+0000][80656.929s][info][gc,cpu      ] GC(2487) User=0.18s Sys=0.00s Real=0.03s
[2025-01-07T18:49:46.563+0000][80656.929s][info][gc          ] GC(2488) Concurrent Mark Cycle
[2025-01-07T18:49:46.563+0000][80656.929s][info][gc,marking  ] GC(2488) Concurrent Clear Claimed Marks
[2025-01-07T18:49:46.564+0000][80656.930s][info][gc,marking  ] GC(2488) Concurrent Clear Claimed Marks 0.858ms
[2025-01-07T18:49:46.564+0000][80656.930s][info][gc,marking  ] GC(2488) Concurrent Scan Root Regions
[2025-01-07T18:49:46.592+0000][80656.958s][info][gc,marking  ] GC(2488) Concurrent Scan Root Regions 27.816ms
[2025-01-07T18:49:46.592+0000][80656.958s][info][gc,marking  ] GC(2488) Concurrent Mark
[2025-01-07T18:49:46.592+0000][80656.958s][info][gc,marking  ] GC(2488) Concurrent Mark From Roots
[2025-01-07T18:49:46.592+0000][80656.958s][info][gc,task     ] GC(2488) Using 2 workers of 2 for marking
[2025-01-07T18:49:47.566+0000][80657.933s][info][gc,marking  ] GC(2488) Concurrent Mark From Roots 974.260ms
[2025-01-07T18:49:47.566+0000][80657.933s][info][gc,marking  ] GC(2488) Concurrent Preclean
[2025-01-07T18:49:47.569+0000][80657.935s][info][gc,marking  ] GC(2488) Concurrent Preclean 2.452ms
[2025-01-07T18:49:47.569+0000][80657.935s][info][gc,start    ] GC(2488) Pause Remark
[2025-01-07T18:49:47.595+0000][80657.961s][info][gc          ] GC(2488) Pause Remark 3297M->3297M(12288M) 25.622ms
[2025-01-07T18:49:47.595+0000][80657.961s][info][gc,cpu      ] GC(2488) User=0.15s Sys=0.01s Real=0.03s
[2025-01-07T18:49:47.595+0000][80657.961s][info][gc,marking  ] GC(2488) Concurrent Mark 1002.723ms
[2025-01-07T18:49:47.595+0000][80657.961s][info][gc,marking  ] GC(2488) Concurrent Rebuild Remembered Sets
[2025-01-07T18:49:48.185+0000][80658.551s][info][gc,marking  ] GC(2488) Concurrent Rebuild Remembered Sets 590.101ms
[2025-01-07T18:49:48.185+0000][80658.551s][info][gc,start    ] GC(2488) Pause Cleanup
[2025-01-07T18:49:48.186+0000][80658.552s][info][gc          ] GC(2488) Pause Cleanup 3936M->3936M(12288M) 0.490ms
[2025-01-07T18:49:48.186+0000][80658.552s][info][gc,cpu      ] GC(2488) User=0.00s Sys=0.00s Real=0.00s
[2025-01-07T18:49:48.186+0000][80658.552s][info][gc,marking  ] GC(2488) Concurrent Cleanup for Next Mark
[2025-01-07T18:49:48.201+0000][80658.567s][info][gc,marking  ] GC(2488) Concurrent Cleanup for Next Mark 15.556ms
[2025-01-07T18:49:48.201+0000][80658.567s][info][gc          ] GC(2488) Concurrent Mark Cycle 1637.933ms
[2025-01-07T18:49:55.600+0000][80665.967s][info][gc,start    ] GC(2489) Pause Young (Prepare Mixed) (G1 Evacuation Pause)
[2025-01-07T18:49:55.600+0000][80665.967s][info][gc,task     ] GC(2489) Using 6 workers of 6 for evacuation
[2025-01-07T18:49:55.639+0000][80666.005s][info][gc,phases   ] GC(2489)   Pre Evacuate Collection Set: 0.2ms
[2025-01-07T18:49:55.639+0000][80666.005s][info][gc,phases   ] GC(2489)   Merge Heap Roots: 0.7ms
[2025-01-07T18:49:55.639+0000][80666.005s][info][gc,phases   ] GC(2489)   Evacuate Collection Set: 31.9ms
[2025-01-07T18:49:55.639+0000][80666.005s][info][gc,phases   ] GC(2489)   Post Evacuate Collection Set: 5.5ms
[2025-01-07T18:49:55.639+0000][80666.005s][info][gc,phases   ] GC(2489)   Other: 0.2ms
[2025-01-07T18:49:55.639+0000][80666.005s][info][gc,heap     ] GC(2489) Eden regions: 905->0(65)
[2025-01-07T18:49:55.639+0000][80666.005s][info][gc,heap     ] GC(2489) Survivor regions: 8->11(115)
[2025-01-07T18:49:55.639+0000][80666.005s][info][gc,heap     ] GC(2489) Old regions: 249->249
[2025-01-07T18:49:55.639+0000][80666.005s][info][gc,heap     ] GC(2489) Archive regions: 2->2
[2025-01-07T18:49:55.639+0000][80666.005s][info][gc,heap     ] GC(2489) Humongous regions: 49->49
[2025-01-07T18:49:55.639+0000][80666.005s][info][gc,metaspace] GC(2489) Metaspace: 498135K(506304K)->498135K(506304K) NonClass: 437601K(441792K)->437601K(441792K) Class: 60533K(64512K)->60533K(64512K)
[2025-01-07T18:49:55.639+0000][80666.005s][info][gc          ] GC(2489) Pause Young (Prepare Mixed) (G1 Evacuation Pause) 9689M->2473M(12288M) 38.652ms
[2025-01-07T18:49:55.639+0000][80666.005s][info][gc,cpu      ] GC(2489) User=0.23s Sys=0.00s Real=0.04s
[2025-01-07T18:49:56.122+0000][80666.488s][info][gc,start    ] GC(2490) Pause Young (Mixed) (G1 Evacuation Pause)
[2025-01-07T18:49:56.122+0000][80666.488s][info][gc,task     ] GC(2490) Using 6 workers of 6 for evacuation
[2025-01-07T18:49:56.182+0000][80666.548s][info][gc,phases   ] GC(2490)   Pre Evacuate Collection Set: 0.2ms
[2025-01-07T18:49:56.182+0000][80666.548s][info][gc,phases   ] GC(2490)   Merge Heap Roots: 0.6ms
[2025-01-07T18:49:56.182+0000][80666.548s][info][gc,phases   ] GC(2490)   Evacuate Collection Set: 57.5ms
[2025-01-07T18:49:56.182+0000][80666.548s][info][gc,phases   ] GC(2490)   Post Evacuate Collection Set: 1.7ms
[2025-01-07T18:49:56.182+0000][80666.548s][info][gc,phases   ] GC(2490)   Other: 0.2ms
[2025-01-07T18:49:56.182+0000][80666.548s][info][gc,heap     ] GC(2490) Eden regions: 65->0(906)
[2025-01-07T18:49:56.182+0000][80666.548s][info][gc,heap     ] GC(2490) Survivor regions: 11->5(10)
[2025-01-07T18:49:56.182+0000][80666.548s][info][gc,heap     ] GC(2490) Old regions: 249->250
[2025-01-07T18:49:56.182+0000][80666.548s][info][gc,heap     ] GC(2490) Archive regions: 2->2
[2025-01-07T18:49:56.182+0000][80666.548s][info][gc,heap     ] GC(2490) Humongous regions: 49->49
[2025-01-07T18:49:56.182+0000][80666.548s][info][gc,metaspace] GC(2490) Metaspace: 498135K(506304K)->498135K(506304K) NonClass: 437601K(441792K)->437601K(441792K) Class: 60533K(64512K)->60533K(64512K)
[2025-01-07T18:49:56.182+0000][80666.548s][info][gc          ] GC(2490) Pause Young (Mixed) (G1 Evacuation Pause) 2993M->2429M(12288M) 60.288ms
[2025-01-07T18:49:56.182+0000][80666.548s][info][gc,cpu      ] GC(2490) User=0.34s Sys=0.00s Real=0.06s
[2025-01-07T18:50:04.383+0000][80674.750s][info][gc,start    ] GC(2491) Pause Young (Normal) (G1 Evacuation Pause)
[2025-01-07T18:50:04.383+0000][80674.750s][info][gc,task     ] GC(2491) Using 6 workers of 6 for evacuation
[2025-01-07T18:50:04.410+0000][80674.776s][info][gc,phases   ] GC(2491)   Pre Evacuate Collection Set: 0.2ms
[2025-01-07T18:50:04.410+0000][80674.776s][info][gc,phases   ] GC(2491)   Merge Heap Roots: 0.4ms
[2025-01-07T18:50:04.410+0000][80674.776s][info][gc,phases   ] GC(2491)   Evacuate Collection Set: 21.5ms
[2025-01-07T18:50:04.410+0000][80674.776s][info][gc,phases   ] GC(2491)   Post Evacuate Collection Set: 3.8ms
[2025-01-07T18:50:04.410+0000][80674.776s][info][gc,phases   ] GC(2491)   Other: 0.2ms
[2025-01-07T18:50:04.410+0000][80674.776s][info][gc,heap     ] GC(2491) Eden regions: 906->0(905)
[2025-01-07T18:50:04.410+0000][80674.776s][info][gc,heap     ] GC(2491) Survivor regions: 5->6(114)
[2025-01-07T18:50:04.410+0000][80674.776s][info][gc,heap     ] GC(2491) Old regions: 250->250
[2025-01-07T18:50:04.410+0000][80674.776s][info][gc,heap     ] GC(2491) Archive regions: 2->2
[2025-01-07T18:50:04.410+0000][80674.776s][info][gc,heap     ] GC(2491) Humongous regions: 49->49
[2025-01-07T18:50:04.410+0000][80674.776s][info][gc,metaspace] GC(2491) Metaspace: 498136K(506304K)->498136K(506304K) NonClass: 437602K(441792K)->437602K(441792K) Class: 60533K(64512K)->60533K(64512K)
[2025-01-07T18:50:04.410+0000][80674.776s][info][gc          ] GC(2491) Pause Young (Normal) (G1 Evacuation Pause) 9677M->2440M(12288M) 26.250ms
[2025-01-07T18:50:04.410+0000][80674.776s][info][gc,cpu      ] GC(2491) User=0.15s Sys=0.01s Real=0.03s
[2025-01-07T18:50:15.924+0000][80686.290s][info][gc,start    ] GC(2492) Pause Young (Normal) (G1 Evacuation Pause)
[2025-01-07T18:50:15.924+0000][80686.290s][info][gc,task     ] GC(2492) Using 6 workers of 6 for evacuation
[2025-01-07T18:50:15.954+0000][80686.320s][info][gc,phases   ] GC(2492)   Pre Evacuate Collection Set: 0.2ms
[2025-01-07T18:50:15.954+0000][80686.320s][info][gc,phases   ] GC(2492)   Merge Heap Roots: 0.4ms
[2025-01-07T18:50:15.954+0000][80686.320s][info][gc,phases   ] GC(2492)   Evacuate Collection Set: 26.6ms
[2025-01-07T18:50:15.954+0000][80686.320s][info][gc,phases   ] GC(2492)   Post Evacuate Collection Set: 2.7ms
[2025-01-07T18:50:15.954+0000][80686.320s][info][gc,phases   ] GC(2492)   Other: 0.2ms
[2025-01-07T18:50:15.954+0000][80686.320s][info][gc,heap     ] GC(2492) Eden regions: 905->0(902)
[2025-01-07T18:50:15.954+0000][80686.320s][info][gc,heap     ] GC(2492) Survivor regions: 6->8(114)
[2025-01-07T18:50:15.954+0000][80686.320s][info][gc,heap     ] GC(2492) Old regions: 250->250
[2025-01-07T18:50:15.954+0000][80686.320s][info][gc,heap     ] GC(2492) Archive regions: 2->2
[2025-01-07T18:50:15.954+0000][80686.320s][info][gc,heap     ] GC(2492) Humongous regions: 49->49
[2025-01-07T18:50:15.954+0000][80686.320s][info][gc,metaspace] GC(2492) Metaspace: 498136K(506304K)->498136K(506304K) NonClass: 437602K(441792K)->437602K(441792K) Class: 60533K(64512K)->60533K(64512K)
[2025-01-07T18:50:15.954+0000][80686.321s][info][gc          ] GC(2492) Pause Young (Normal) (G1 Evacuation Pause) 9680M->2454M(12288M) 30.244ms
[2025-01-07T18:50:15.954+0000][80686.321s][info][gc,cpu      ] GC(2492) User=0.18s Sys=0.00s Real=0.03s
[2025-01-07T18:50:21.024+0000][80691.390s][info][gc,start    ] GC(2493) Pause Young (Concurrent Start) (G1 Evacuation Pause)
[2025-01-07T18:50:21.024+0000][80691.390s][info][gc,task     ] GC(2493) Using 6 workers of 6 for evacuation
[2025-01-07T18:50:21.058+0000][80691.424s][info][gc,phases   ] GC(2493)   Pre Evacuate Collection Set: 1.0ms
[2025-01-07T18:50:21.058+0000][80691.424s][info][gc,phases   ] GC(2493)   Merge Heap Roots: 0.4ms
[2025-01-07T18:50:21.058+0000][80691.424s][info][gc,phases   ] GC(2493)   Evacuate Collection Set: 29.1ms
[2025-01-07T18:50:21.058+0000][80691.424s][info][gc,phases   ] GC(2493)   Post Evacuate Collection Set: 2.4ms
[2025-01-07T18:50:21.058+0000][80691.424s][info][gc,phases   ] GC(2493)   Other: 0.3ms
[2025-01-07T18:50:21.058+0000][80691.424s][info][gc,heap     ] GC(2493) Eden regions: 902->0(902)
[2025-01-07T18:50:21.058+0000][80691.424s][info][gc,heap     ] GC(2493) Survivor regions: 8->9(114)
[2025-01-07T18:50:21.058+0000][80691.424s][info][gc,heap     ] GC(2493) Old regions: 250->250
[2025-01-07T18:50:21.058+0000][80691.424s][info][gc,heap     ] GC(2493) Archive regions: 2->2
[2025-01-07T18:50:21.058+0000][80691.424s][info][gc,heap     ] GC(2493) Humongous regions: 49->49
[2025-01-07T18:50:21.058+0000][80691.424s][info][gc,metaspace] GC(2493) Metaspace: 498136K(506304K)->498136K(506304K) NonClass: 437602K(441792K)->437602K(441792K) Class: 60533K(64512K)->60533K(64512K)
[2025-01-07T18:50:21.058+0000][80691.424s][info][gc          ] GC(2493) Pause Young (Concurrent Start) (G1 Evacuation Pause) 9670M->2463M(12288M) 33.351ms
[2025-01-07T18:50:21.058+0000][80691.424s][info][gc,cpu      ] GC(2493) User=0.18s Sys=0.01s Real=0.03s
[2025-01-07T18:50:21.058+0000][80691.424s][info][gc          ] GC(2494) Concurrent Mark Cycle
[2025-01-07T18:50:21.058+0000][80691.424s][info][gc,marking  ] GC(2494) Concurrent Clear Claimed Marks
[2025-01-07T18:50:21.059+0000][80691.425s][info][gc,marking  ] GC(2494) Concurrent Clear Claimed Marks 0.813ms
[2025-01-07T18:50:21.059+0000][80691.425s][info][gc,marking  ] GC(2494) Concurrent Scan Root Regions
[2025-01-07T18:50:21.093+0000][80691.459s][info][gc,marking  ] GC(2494) Concurrent Scan Root Regions 34.323ms
[2025-01-07T18:50:21.093+0000][80691.459s][info][gc,marking  ] GC(2494) Concurrent Mark
[2025-01-07T18:50:21.093+0000][80691.459s][info][gc,marking  ] GC(2494) Concurrent Mark From Roots
[2025-01-07T18:50:21.093+0000][80691.459s][info][gc,task     ] GC(2494) Using 2 workers of 2 for marking
[2025-01-07T18:50:21.936+0000][80692.302s][info][gc,marking  ] GC(2494) Concurrent Mark From Roots 842.648ms
[2025-01-07T18:50:21.936+0000][80692.302s][info][gc,marking  ] GC(2494) Concurrent Preclean
[2025-01-07T18:50:21.938+0000][80692.304s][info][gc,marking  ] GC(2494) Concurrent Preclean 1.934ms
[2025-01-07T18:50:21.938+0000][80692.304s][info][gc,start    ] GC(2494) Pause Remark
[2025-01-07T18:50:21.963+0000][80692.330s][info][gc          ] GC(2494) Pause Remark 3647M->3647M(12288M) 25.624ms
[2025-01-07T18:50:21.964+0000][80692.330s][info][gc,cpu      ] GC(2494) User=0.15s Sys=0.00s Real=0.03s
[2025-01-07T18:50:21.964+0000][80692.330s][info][gc,marking  ] GC(2494) Concurrent Mark 870.622ms
[2025-01-07T18:50:21.964+0000][80692.330s][info][gc,marking  ] GC(2494) Concurrent Rebuild Remembered Sets
[2025-01-07T18:50:22.556+0000][80692.922s][info][gc,marking  ] GC(2494) Concurrent Rebuild Remembered Sets 592.385ms
[2025-01-07T18:50:22.556+0000][80692.922s][info][gc,start    ] GC(2494) Pause Cleanup
[2025-01-07T18:50:22.557+0000][80692.923s][info][gc          ] GC(2494) Pause Cleanup 4655M->4655M(12288M) 0.421ms
[2025-01-07T18:50:22.557+0000][80692.923s][info][gc,cpu      ] GC(2494) User=0.00s Sys=0.00s Real=0.00s
[2025-01-07T18:50:22.557+0000][80692.923s][info][gc,marking  ] GC(2494) Concurrent Cleanup for Next Mark
[2025-01-07T18:50:22.574+0000][80692.940s][info][gc,marking  ] GC(2494) Concurrent Cleanup for Next Mark 17.238ms
[2025-01-07T18:50:22.574+0000][80692.940s][info][gc          ] GC(2494) Concurrent Mark Cycle 1516.266ms
[2025-01-07T18:50:26.414+0000][80696.780s][info][gc,start    ] GC(2495) Pause Young (Prepare Mixed) (G1 Evacuation Pause)
[2025-01-07T18:50:26.414+0000][80696.780s][info][gc,task     ] GC(2495) Using 6 workers of 6 for evacuation
[2025-01-07T18:50:26.444+0000][80696.811s][info][gc,phases   ] GC(2495)   Pre Evacuate Collection Set: 0.2ms
[2025-01-07T18:50:26.444+0000][80696.811s][info][gc,phases   ] GC(2495)   Merge Heap Roots: 0.7ms
[2025-01-07T18:50:26.445+0000][80696.811s][info][gc,phases   ] GC(2495)   Evacuate Collection Set: 27.1ms
[2025-01-07T18:50:26.445+0000][80696.811s][info][gc,phases   ] GC(2495)   Post Evacuate Collection Set: 2.4ms
[2025-01-07T18:50:26.445+0000][80696.811s][info][gc,phases   ] GC(2495)   Other: 0.2ms
[2025-01-07T18:50:26.445+0000][80696.811s][info][gc,heap     ] GC(2495) Eden regions: 902->0(67)
[2025-01-07T18:50:26.445+0000][80696.811s][info][gc,heap     ] GC(2495) Survivor regions: 9->9(114)
[2025-01-07T18:50:26.445+0000][80696.811s][info][gc,heap     ] GC(2495) Old regions: 250->250
[2025-01-07T18:50:26.445+0000][80696.811s][info][gc,heap     ] GC(2495) Archive regions: 2->2
[2025-01-07T18:50:26.445+0000][80696.811s][info][gc,heap     ] GC(2495) Humongous regions: 49->49
[2025-01-07T18:50:26.445+0000][80696.811s][info][gc,metaspace] GC(2495) Metaspace: 498136K(506304K)->498136K(506304K) NonClass: 437602K(441792K)->437602K(441792K) Class: 60533K(64512K)->60533K(64512K)
[2025-01-07T18:50:26.445+0000][80696.811s][info][gc          ] GC(2495) Pause Young (Prepare Mixed) (G1 Evacuation Pause) 9679M->2462M(12288M) 30.709ms
[2025-01-07T18:50:26.445+0000][80696.811s][info][gc,cpu      ] GC(2495) User=0.18s Sys=0.01s Real=0.03s
[2025-01-07T18:50:26.756+0000][80697.122s][info][gc,start    ] GC(2496) Pause Young (Mixed) (G1 Evacuation Pause)
[2025-01-07T18:50:26.756+0000][80697.122s][info][gc,task     ] GC(2496) Using 6 workers of 6 for evacuation
[2025-01-07T18:50:26.831+0000][80697.197s][info][gc,phases   ] GC(2496)   Pre Evacuate Collection Set: 0.2ms
[2025-01-07T18:50:26.831+0000][80697.197s][info][gc,phases   ] GC(2496)   Merge Heap Roots: 1.0ms
[2025-01-07T18:50:26.831+0000][80697.197s][info][gc,phases   ] GC(2496)   Evacuate Collection Set: 71.8ms
[2025-01-07T18:50:26.831+0000][80697.197s][info][gc,phases   ] GC(2496)   Post Evacuate Collection Set: 2.1ms
[2025-01-07T18:50:26.831+0000][80697.197s][info][gc,phases   ] GC(2496)   Other: 0.2ms
[2025-01-07T18:50:26.831+0000][80697.197s][info][gc,heap     ] GC(2496) Eden regions: 67->0(909)
[2025-01-07T18:50:26.831+0000][80697.197s][info][gc,heap     ] GC(2496) Survivor regions: 9->6(10)
[2025-01-07T18:50:26.831+0000][80697.197s][info][gc,heap     ] GC(2496) Old regions: 250->248
[2025-01-07T18:50:26.831+0000][80697.197s][info][gc,heap     ] GC(2496) Archive regions: 2->2
[2025-01-07T18:50:26.831+0000][80697.197s][info][gc,heap     ] GC(2496) Humongous regions: 49->49
[2025-01-07T18:50:26.831+0000][80697.197s][info][gc,metaspace] GC(2496) Metaspace: 498136K(506304K)->498136K(506304K) NonClass: 437602K(441792K)->437602K(441792K) Class: 60533K(64512K)->60533K(64512K)
[2025-01-07T18:50:26.831+0000][80697.197s][info][gc          ] GC(2496) Pause Young (Mixed) (G1 Evacuation Pause) 2998M->2429M(12288M) 75.254ms
[2025-01-07T18:50:26.831+0000][80697.197s][info][gc,cpu      ] GC(2496) User=0.45s Sys=0.00s Real=0.08s
[2025-01-07T18:50:32.035+0000][80702.401s][info][gc,start    ] GC(2497) Pause Young (Normal) (G1 Evacuation Pause)
[2025-01-07T18:50:32.035+0000][80702.401s][info][gc,task     ] GC(2497) Using 6 workers of 6 for evacuation
[2025-01-07T18:50:32.060+0000][80702.426s][info][gc,phases   ] GC(2497)   Pre Evacuate Collection Set: 0.2ms
[2025-01-07T18:50:32.060+0000][80702.427s][info][gc,phases   ] GC(2497)   Merge Heap Roots: 0.4ms
[2025-01-07T18:50:32.060+0000][80702.427s][info][gc,phases   ] GC(2497)   Evacuate Collection Set: 22.4ms
[2025-01-07T18:50:32.060+0000][80702.427s][info][gc,phases   ] GC(2497)   Post Evacuate Collection Set: 2.4ms
[2025-01-07T18:50:32.060+0000][80702.427s][info][gc,phases   ] GC(2497)   Other: 0.2ms
[2025-01-07T18:50:32.060+0000][80702.427s][info][gc,heap     ] GC(2497) Eden regions: 909->0(908)
[2025-01-07T18:50:32.060+0000][80702.427s][info][gc,heap     ] GC(2497) Survivor regions: 6->7(115)
[2025-01-07T18:50:32.060+0000][80702.427s][info][gc,heap     ] GC(2497) Old regions: 248->248
[2025-01-07T18:50:32.060+0000][80702.427s][info][gc,heap     ] GC(2497) Archive regions: 2->2
[2025-01-07T18:50:32.060+0000][80702.427s][info][gc,heap     ] GC(2497) Humongous regions: 49->49
[2025-01-07T18:50:32.060+0000][80702.427s][info][gc,metaspace] GC(2497) Metaspace: 498136K(506304K)->498136K(506304K) NonClass: 437602K(441792K)->437602K(441792K) Class: 60533K(64512K)->60533K(64512K)
[2025-01-07T18:50:32.061+0000][80702.427s][info][gc          ] GC(2497) Pause Young (Normal) (G1 Evacuation Pause) 9701M->2437M(12288M) 25.745ms
[2025-01-07T18:50:32.061+0000][80702.427s][info][gc,cpu      ] GC(2497) User=0.15s Sys=0.00s Real=0.02s
[2025-01-07T18:50:36.469+0000][80706.836s][info][gc,start    ] GC(2498) Pause Young (Normal) (G1 Evacuation Pause)
[2025-01-07T18:50:36.469+0000][80706.836s][info][gc,task     ] GC(2498) Using 6 workers of 6 for evacuation
[2025-01-07T18:50:36.493+0000][80706.859s][info][gc,phases   ] GC(2498)   Pre Evacuate Collection Set: 0.2ms
[2025-01-07T18:50:36.493+0000][80706.859s][info][gc,phases   ] GC(2498)   Merge Heap Roots: 0.4ms
[2025-01-07T18:50:36.493+0000][80706.859s][info][gc,phases   ] GC(2498)   Evacuate Collection Set: 20.5ms
[2025-01-07T18:50:36.493+0000][80706.859s][info][gc,phases   ] GC(2498)   Post Evacuate Collection Set: 2.3ms
[2025-01-07T18:50:36.493+0000][80706.859s][info][gc,phases   ] GC(2498)   Other: 0.2ms
[2025-01-07T18:50:36.493+0000][80706.859s][info][gc,heap     ] GC(2498) Eden regions: 908->0(910)
[2025-01-07T18:50:36.493+0000][80706.859s][info][gc,heap     ] GC(2498) Survivor regions: 7->7(115)
[2025-01-07T18:50:36.493+0000][80706.859s][info][gc,heap     ] GC(2498) Old regions: 248->248
[2025-01-07T18:50:36.493+0000][80706.859s][info][gc,heap     ] GC(2498) Archive regions: 2->2
[2025-01-07T18:50:36.493+0000][80706.859s][info][gc,heap     ] GC(2498) Humongous regions: 49->49
[2025-01-07T18:50:36.493+0000][80706.859s][info][gc,metaspace] GC(2498) Metaspace: 498136K(506304K)->498136K(506304K) NonClass: 437602K(441792K)->437602K(441792K) Class: 60533K(64512K)->60533K(64512K)
[2025-01-07T18:50:36.493+0000][80706.859s][info][gc          ] GC(2498) Pause Young (Normal) (G1 Evacuation Pause) 9701M->2438M(12288M) 23.697ms
[2025-01-07T18:50:36.493+0000][80706.859s][info][gc,cpu      ] GC(2498) User=0.14s Sys=0.00s Real=0.03s
[2025-01-07T18:50:40.550+0000][80710.916s][info][gc,start    ] GC(2499) Pause Young (Concurrent Start) (G1 Evacuation Pause)
[2025-01-07T18:50:40.550+0000][80710.916s][info][gc,task     ] GC(2499) Using 6 workers of 6 for evacuation
[2025-01-07T18:50:40.578+0000][80710.944s][info][gc,phases   ] GC(2499)   Pre Evacuate Collection Set: 1.0ms
[2025-01-07T18:50:40.578+0000][80710.944s][info][gc,phases   ] GC(2499)   Merge Heap Roots: 0.4ms
[2025-01-07T18:50:40.578+0000][80710.944s][info][gc,phases   ] GC(2499)   Evacuate Collection Set: 24.2ms
[2025-01-07T18:50:40.578+0000][80710.944s][info][gc,phases   ] GC(2499)   Post Evacuate Collection Set: 2.4ms
[2025-01-07T18:50:40.578+0000][80710.944s][info][gc,phases   ] GC(2499)   Other: 0.3ms
[2025-01-07T18:50:40.578+0000][80710.944s][info][gc,heap     ] GC(2499) Eden regions: 910->0(909)
[2025-01-07T18:50:40.578+0000][80710.944s][info][gc,heap     ] GC(2499) Survivor regions: 7->8(115)
[2025-01-07T18:50:40.578+0000][80710.944s][info][gc,heap     ] GC(2499) Old regions: 248->248
[2025-01-07T18:50:40.578+0000][80710.944s][info][gc,heap     ] GC(2499) Archive regions: 2->2
[2025-01-07T18:50:40.578+0000][80710.944s][info][gc,heap     ] GC(2499) Humongous regions: 49->49
[2025-01-07T18:50:40.578+0000][80710.944s][info][gc,metaspace] GC(2499) Metaspace: 498136K(506304K)->498136K(506304K) NonClass: 437602K(441792K)->437602K(441792K) Class: 60533K(64512K)->60533K(64512K)
[2025-01-07T18:50:40.578+0000][80710.944s][info][gc          ] GC(2499) Pause Young (Concurrent Start) (G1 Evacuation Pause) 9718M->2445M(12288M) 28.357ms
[2025-01-07T18:50:40.578+0000][80710.944s][info][gc,cpu      ] GC(2499) User=0.16s Sys=0.00s Real=0.02s
[2025-01-07T18:50:40.578+0000][80710.944s][info][gc          ] GC(2500) Concurrent Mark Cycle
[2025-01-07T18:50:40.578+0000][80710.944s][info][gc,marking  ] GC(2500) Concurrent Clear Claimed Marks
[2025-01-07T18:50:40.579+0000][80710.945s][info][gc,marking  ] GC(2500) Concurrent Clear Claimed Marks 0.788ms
[2025-01-07T18:50:40.579+0000][80710.945s][info][gc,marking  ] GC(2500) Concurrent Scan Root Regions
[2025-01-07T18:50:40.597+0000][80710.963s][info][gc,marking  ] GC(2500) Concurrent Scan Root Regions 17.795ms
[2025-01-07T18:50:40.597+0000][80710.963s][info][gc,marking  ] GC(2500) Concurrent Mark
[2025-01-07T18:50:40.597+0000][80710.963s][info][gc,marking  ] GC(2500) Concurrent Mark From Roots
[2025-01-07T18:50:40.597+0000][80710.963s][info][gc,task     ] GC(2500) Using 2 workers of 2 for marking
[2025-01-07T18:50:41.461+0000][80711.827s][info][gc,marking  ] GC(2500) Concurrent Mark From Roots 864.499ms
[2025-01-07T18:50:41.461+0000][80711.827s][info][gc,marking  ] GC(2500) Concurrent Preclean
[2025-01-07T18:50:41.463+0000][80711.829s][info][gc,marking  ] GC(2500) Concurrent Preclean 1.768ms
[2025-01-07T18:50:41.463+0000][80711.829s][info][gc,start    ] GC(2500) Pause Remark
[2025-01-07T18:50:41.488+0000][80711.854s][info][gc          ] GC(2500) Pause Remark 3540M->3540M(12288M) 25.008ms
[2025-01-07T18:50:41.488+0000][80711.854s][info][gc,cpu      ] GC(2500) User=0.14s Sys=0.00s Real=0.02s
[2025-01-07T18:50:41.488+0000][80711.855s][info][gc,marking  ] GC(2500) Concurrent Mark 891.753ms
[2025-01-07T18:50:41.488+0000][80711.855s][info][gc,marking  ] GC(2500) Concurrent Rebuild Remembered Sets
[2025-01-07T18:50:42.050+0000][80712.416s][info][gc,marking  ] GC(2500) Concurrent Rebuild Remembered Sets 561.327ms
[2025-01-07T18:50:42.050+0000][80712.416s][info][gc,start    ] GC(2500) Pause Cleanup
[2025-01-07T18:50:42.050+0000][80712.416s][info][gc          ] GC(2500) Pause Cleanup 4208M->4208M(12288M) 0.407ms
[2025-01-07T18:50:42.050+0000][80712.416s][info][gc,cpu      ] GC(2500) User=0.00s Sys=0.00s Real=0.00s
[2025-01-07T18:50:42.050+0000][80712.417s][info][gc,marking  ] GC(2500) Concurrent Cleanup for Next Mark
[2025-01-07T18:50:42.067+0000][80712.433s][info][gc,marking  ] GC(2500) Concurrent Cleanup for Next Mark 16.437ms
[2025-01-07T18:50:42.067+0000][80712.433s][info][gc          ] GC(2500) Concurrent Mark Cycle 1488.959ms
[2025-01-07T18:50:47.452+0000][80717.818s][info][gc,start    ] GC(2501) Pause Young (Prepare Mixed) (G1 Evacuation Pause)
[2025-01-07T18:50:47.452+0000][80717.818s][info][gc,task     ] GC(2501) Using 6 workers of 6 for evacuation
[2025-01-07T18:50:47.485+0000][80717.851s][info][gc,phases   ] GC(2501)   Pre Evacuate Collection Set: 0.2ms
[2025-01-07T18:50:47.485+0000][80717.851s][info][gc,phases   ] GC(2501)   Merge Heap Roots: 0.7ms
[2025-01-07T18:50:47.485+0000][80717.851s][info][gc,phases   ] GC(2501)   Evacuate Collection Set: 26.5ms
[2025-01-07T18:50:47.485+0000][80717.851s][info][gc,phases   ] GC(2501)   Post Evacuate Collection Set: 5.3ms
[2025-01-07T18:50:47.485+0000][80717.851s][info][gc,phases   ] GC(2501)   Other: 0.2ms
[2025-01-07T18:50:47.485+0000][80717.851s][info][gc,heap     ] GC(2501) Eden regions: 909->0(66)
[2025-01-07T18:50:47.485+0000][80717.851s][info][gc,heap     ] GC(2501) Survivor regions: 8->10(115)
[2025-01-07T18:50:47.485+0000][80717.851s][info][gc,heap     ] GC(2501) Old regions: 248->248
[2025-01-07T18:50:47.485+0000][80717.851s][info][gc,heap     ] GC(2501) Archive regions: 2->2
[2025-01-07T18:50:47.485+0000][80717.851s][info][gc,heap     ] GC(2501) Humongous regions: 49->49
[2025-01-07T18:50:47.485+0000][80717.851s][info][gc,metaspace] GC(2501) Metaspace: 498150K(506304K)->498150K(506304K) NonClass: 437616K(441792K)->437616K(441792K) Class: 60534K(64512K)->60534K(64512K)
[2025-01-07T18:50:47.485+0000][80717.851s][info][gc          ] GC(2501) Pause Young (Prepare Mixed) (G1 Evacuation Pause) 9717M->2462M(12288M) 32.919ms
[2025-01-07T18:50:47.485+0000][80717.851s][info][gc,cpu      ] GC(2501) User=0.19s Sys=0.00s Real=0.03s
[2025-01-07T18:50:47.994+0000][80718.360s][info][gc,start    ] GC(2502) Pause Young (Mixed) (GCLocker Initiated GC)
[2025-01-07T18:50:47.994+0000][80718.360s][info][gc,task     ] GC(2502) Using 6 workers of 6 for evacuation
[2025-01-07T18:50:48.046+0000][80718.412s][info][gc,phases   ] GC(2502)   Pre Evacuate Collection Set: 0.2ms
[2025-01-07T18:50:48.046+0000][80718.412s][info][gc,phases   ] GC(2502)   Merge Heap Roots: 0.6ms
[2025-01-07T18:50:48.046+0000][80718.412s][info][gc,phases   ] GC(2502)   Evacuate Collection Set: 49.6ms
[2025-01-07T18:50:48.046+0000][80718.412s][info][gc,phases   ] GC(2502)   Post Evacuate Collection Set: 1.9ms
[2025-01-07T18:50:48.046+0000][80718.412s][info][gc,phases   ] GC(2502)   Other: 0.2ms
[2025-01-07T18:50:48.046+0000][80718.412s][info][gc,heap     ] GC(2502) Eden regions: 67->0(911)
[2025-01-07T18:50:48.046+0000][80718.412s][info][gc,heap     ] GC(2502) Survivor regions: 10->6(10)
[2025-01-07T18:50:48.046+0000][80718.412s][info][gc,heap     ] GC(2502) Old regions: 248->248
[2025-01-07T18:50:48.046+0000][80718.412s][info][gc,heap     ] GC(2502) Archive regions: 2->2
[2025-01-07T18:50:48.046+0000][80718.412s][info][gc,heap     ] GC(2502) Humongous regions: 49->49
[2025-01-07T18:50:48.046+0000][80718.412s][info][gc,metaspace] GC(2502) Metaspace: 498150K(506304K)->498150K(506304K) NonClass: 437616K(441792K)->437616K(441792K) Class: 60534K(64512K)->60534K(64512K)
[2025-01-07T18:50:48.046+0000][80718.412s][info][gc          ] GC(2502) Pause Young (Mixed) (GCLocker Initiated GC) 2990M->2424M(12288M) 52.423ms
[2025-01-07T18:50:48.046+0000][80718.412s][info][gc,cpu      ] GC(2502) User=0.31s Sys=0.01s Real=0.05s
[2025-01-07T18:50:55.772+0000][80726.138s][info][gc,start    ] GC(2503) Pause Young (Normal) (G1 Evacuation Pause)
[2025-01-07T18:50:55.772+0000][80726.138s][info][gc,task     ] GC(2503) Using 6 workers of 6 for evacuation
[2025-01-07T18:50:55.796+0000][80726.162s][info][gc,phases   ] GC(2503)   Pre Evacuate Collection Set: 0.2ms
[2025-01-07T18:50:55.796+0000][80726.162s][info][gc,phases   ] GC(2503)   Merge Heap Roots: 0.4ms
[2025-01-07T18:50:55.796+0000][80726.162s][info][gc,phases   ] GC(2503)   Evacuate Collection Set: 21.3ms
[2025-01-07T18:50:55.796+0000][80726.162s][info][gc,phases   ] GC(2503)   Post Evacuate Collection Set: 2.3ms
[2025-01-07T18:50:55.796+0000][80726.162s][info][gc,phases   ] GC(2503)   Other: 0.2ms
[2025-01-07T18:50:55.796+0000][80726.162s][info][gc,heap     ] GC(2503) Eden regions: 911->0(909)
[2025-01-07T18:50:55.796+0000][80726.162s][info][gc,heap     ] GC(2503) Survivor regions: 6->7(115)
[2025-01-07T18:50:55.796+0000][80726.162s][info][gc,heap     ] GC(2503) Old regions: 248->248
[2025-01-07T18:50:55.796+0000][80726.162s][info][gc,heap     ] GC(2503) Archive regions: 2->2
[2025-01-07T18:50:55.796+0000][80726.162s][info][gc,heap     ] GC(2503) Humongous regions: 49->49
[2025-01-07T18:50:55.796+0000][80726.162s][info][gc,metaspace] GC(2503) Metaspace: 498151K(506304K)->498151K(506304K) NonClass: 437617K(441792K)->437617K(441792K) Class: 60534K(64512K)->60534K(64512K)
[2025-01-07T18:50:55.796+0000][80726.162s][info][gc          ] GC(2503) Pause Young (Normal) (G1 Evacuation Pause) 9712M->2431M(12288M) 24.527ms
[2025-01-07T18:50:55.796+0000][80726.162s][info][gc,cpu      ] GC(2503) User=0.14s Sys=0.00s Real=0.02s
[2025-01-07T18:51:01.646+0000][80732.012s][info][gc,start    ] GC(2504) Pause Young (Normal) (G1 Evacuation Pause)
[2025-01-07T18:51:01.646+0000][80732.012s][info][gc,task     ] GC(2504) Using 6 workers of 6 for evacuation
[2025-01-07T18:51:01.671+0000][80732.037s][info][gc,phases   ] GC(2504)   Pre Evacuate Collection Set: 0.2ms
[2025-01-07T18:51:01.671+0000][80732.037s][info][gc,phases   ] GC(2504)   Merge Heap Roots: 0.4ms
[2025-01-07T18:51:01.671+0000][80732.037s][info][gc,phases   ] GC(2504)   Evacuate Collection Set: 21.0ms
[2025-01-07T18:51:01.671+0000][80732.037s][info][gc,phases   ] GC(2504)   Post Evacuate Collection Set: 3.8ms
[2025-01-07T18:51:01.671+0000][80732.037s][info][gc,phases   ] GC(2504)   Other: 0.2ms
[2025-01-07T18:51:01.671+0000][80732.037s][info][gc,heap     ] GC(2504) Eden regions: 909->0(908)
[2025-01-07T18:51:01.671+0000][80732.037s][info][gc,heap     ] GC(2504) Survivor regions: 7->7(115)
[2025-01-07T18:51:01.671+0000][80732.037s][info][gc,heap     ] GC(2504) Old regions: 248->248
[2025-01-07T18:51:01.671+0000][80732.037s][info][gc,heap     ] GC(2504) Archive regions: 2->2
[2025-01-07T18:51:01.671+0000][80732.037s][info][gc,heap     ] GC(2504) Humongous regions: 49->49
[2025-01-07T18:51:01.671+0000][80732.037s][info][gc,metaspace] GC(2504) Metaspace: 498151K(506304K)->498151K(506304K) NonClass: 437617K(441792K)->437617K(441792K) Class: 60534K(64512K)->60534K(64512K)
[2025-01-07T18:51:01.671+0000][80732.037s][info][gc          ] GC(2504) Pause Young (Normal) (G1 Evacuation Pause) 9703M->2437M(12288M) 25.655ms
[2025-01-07T18:51:01.671+0000][80732.037s][info][gc,cpu      ] GC(2504) User=0.15s Sys=0.00s Real=0.03s
[2025-01-07T18:51:10.235+0000][80740.601s][info][gc,start    ] GC(2505) Pause Young (Concurrent Start) (G1 Evacuation Pause)
[2025-01-07T18:51:10.235+0000][80740.601s][info][gc,task     ] GC(2505) Using 6 workers of 6 for evacuation
[2025-01-07T18:51:10.265+0000][80740.631s][info][gc,phases   ] GC(2505)   Pre Evacuate Collection Set: 1.0ms
[2025-01-07T18:51:10.265+0000][80740.631s][info][gc,phases   ] GC(2505)   Merge Heap Roots: 0.5ms
[2025-01-07T18:51:10.265+0000][80740.631s][info][gc,phases   ] GC(2505)   Evacuate Collection Set: 25.5ms
[2025-01-07T18:51:10.265+0000][80740.631s][info][gc,phases   ] GC(2505)   Post Evacuate Collection Set: 2.6ms
[2025-01-07T18:51:10.265+0000][80740.631s][info][gc,phases   ] GC(2505)   Other: 0.3ms
[2025-01-07T18:51:10.265+0000][80740.631s][info][gc,heap     ] GC(2505) Eden regions: 908->0(907)
[2025-01-07T18:51:10.265+0000][80740.631s][info][gc,heap     ] GC(2505) Survivor regions: 7->8(115)
[2025-01-07T18:51:10.265+0000][80740.631s][info][gc,heap     ] GC(2505) Old regions: 248->248
[2025-01-07T18:51:10.265+0000][80740.631s][info][gc,heap     ] GC(2505) Archive regions: 2->2
[2025-01-07T18:51:10.265+0000][80740.631s][info][gc,heap     ] GC(2505) Humongous regions: 49->49
[2025-01-07T18:51:10.265+0000][80740.631s][info][gc,metaspace] GC(2505) Metaspace: 498151K(506304K)->498151K(506304K) NonClass: 437617K(441792K)->437617K(441792K) Class: 60534K(64512K)->60534K(64512K)
[2025-01-07T18:51:10.265+0000][80740.631s][info][gc          ] GC(2505) Pause Young (Concurrent Start) (G1 Evacuation Pause) 9701M->2445M(12288M) 29.893ms
[2025-01-07T18:51:10.265+0000][80740.631s][info][gc,cpu      ] GC(2505) User=0.17s Sys=0.00s Real=0.03s
[2025-01-07T18:51:10.265+0000][80740.631s][info][gc          ] GC(2506) Concurrent Mark Cycle
[2025-01-07T18:51:10.265+0000][80740.631s][info][gc,marking  ] GC(2506) Concurrent Clear Claimed Marks
[2025-01-07T18:51:10.266+0000][80740.632s][info][gc,marking  ] GC(2506) Concurrent Clear Claimed Marks 0.855ms
[2025-01-07T18:51:10.266+0000][80740.632s][info][gc,marking  ] GC(2506) Concurrent Scan Root Regions
[2025-01-07T18:51:10.288+0000][80740.654s][info][gc,marking  ] GC(2506) Concurrent Scan Root Regions 21.821ms
[2025-01-07T18:51:10.288+0000][80740.654s][info][gc,marking  ] GC(2506) Concurrent Mark
[2025-01-07T18:51:10.288+0000][80740.654s][info][gc,marking  ] GC(2506) Concurrent Mark From Roots
[2025-01-07T18:51:10.288+0000][80740.654s][info][gc,task     ] GC(2506) Using 2 workers of 2 for marking
[2025-01-07T18:51:11.213+0000][80741.580s][info][gc,marking  ] GC(2506) Concurrent Mark From Roots 925.673ms
[2025-01-07T18:51:11.213+0000][80741.580s][info][gc,marking  ] GC(2506) Concurrent Preclean
[2025-01-07T18:51:11.215+0000][80741.581s][info][gc,marking  ] GC(2506) Concurrent Preclean 1.750ms
[2025-01-07T18:51:11.215+0000][80741.581s][info][gc,start    ] GC(2506) Pause Remark
[2025-01-07T18:51:11.240+0000][80741.606s][info][gc          ] GC(2506) Pause Remark 3521M->3521M(12288M) 25.028ms
[2025-01-07T18:51:11.240+0000][80741.607s][info][gc,cpu      ] GC(2506) User=0.15s Sys=0.00s Real=0.02s
[2025-01-07T18:51:11.241+0000][80741.607s][info][gc,marking  ] GC(2506) Concurrent Mark 952.836ms
[2025-01-07T18:51:11.241+0000][80741.607s][info][gc,marking  ] GC(2506) Concurrent Rebuild Remembered Sets
[2025-01-07T18:51:11.750+0000][80742.116s][info][gc,marking  ] GC(2506) Concurrent Rebuild Remembered Sets 509.302ms
[2025-01-07T18:51:11.750+0000][80742.116s][info][gc,start    ] GC(2506) Pause Cleanup
[2025-01-07T18:51:11.750+0000][80742.117s][info][gc          ] GC(2506) Pause Cleanup 4013M->4013M(12288M) 0.465ms
[2025-01-07T18:51:11.751+0000][80742.117s][info][gc,cpu      ] GC(2506) User=0.00s Sys=0.00s Real=0.00s
[2025-01-07T18:51:11.751+0000][80742.117s][info][gc,marking  ] GC(2506) Concurrent Cleanup for Next Mark
[2025-01-07T18:51:11.767+0000][80742.133s][info][gc,marking  ] GC(2506) Concurrent Cleanup for Next Mark 16.436ms
[2025-01-07T18:51:11.767+0000][80742.133s][info][gc          ] GC(2506) Concurrent Mark Cycle 1502.139ms
[2025-01-07T18:51:18.807+0000][80749.173s][info][gc,start    ] GC(2507) Pause Young (Prepare Mixed) (G1 Evacuation Pause)
[2025-01-07T18:51:18.807+0000][80749.173s][info][gc,task     ] GC(2507) Using 6 workers of 6 for evacuation
[2025-01-07T18:51:18.839+0000][80749.205s][info][gc,phases   ] GC(2507)   Pre Evacuate Collection Set: 0.2ms
[2025-01-07T18:51:18.839+0000][80749.205s][info][gc,phases   ] GC(2507)   Merge Heap Roots: 0.7ms
[2025-01-07T18:51:18.839+0000][80749.205s][info][gc,phases   ] GC(2507)   Evacuate Collection Set: 28.6ms
[2025-01-07T18:51:18.839+0000][80749.205s][info][gc,phases   ] GC(2507)   Post Evacuate Collection Set: 2.7ms
[2025-01-07T18:51:18.839+0000][80749.205s][info][gc,phases   ] GC(2507)   Other: 0.2ms
[2025-01-07T18:51:18.839+0000][80749.205s][info][gc,heap     ] GC(2507) Eden regions: 907->0(66)
[2025-01-07T18:51:18.839+0000][80749.205s][info][gc,heap     ] GC(2507) Survivor regions: 8->10(115)
[2025-01-07T18:51:18.839+0000][80749.205s][info][gc,heap     ] GC(2507) Old regions: 248->248
[2025-01-07T18:51:18.839+0000][80749.205s][info][gc,heap     ] GC(2507) Archive regions: 2->2
[2025-01-07T18:51:18.839+0000][80749.205s][info][gc,heap     ] GC(2507) Humongous regions: 49->49
[2025-01-07T18:51:18.839+0000][80749.205s][info][gc,metaspace] GC(2507) Metaspace: 498151K(506304K)->498151K(506304K) NonClass: 437617K(441792K)->437617K(441792K) Class: 60534K(64512K)->60534K(64512K)
[2025-01-07T18:51:18.839+0000][80749.205s][info][gc          ] GC(2507) Pause Young (Prepare Mixed) (G1 Evacuation Pause) 9701M->2459M(12288M) 32.423ms
[2025-01-07T18:51:18.839+0000][80749.205s][info][gc,cpu      ] GC(2507) User=0.19s Sys=0.00s Real=0.03s
[2025-01-07T18:51:19.806+0000][80750.173s][info][gc,start    ] GC(2508) Pause Young (Mixed) (G1 Evacuation Pause)
[2025-01-07T18:51:19.806+0000][80750.173s][info][gc,task     ] GC(2508) Using 6 workers of 6 for evacuation
[2025-01-07T18:51:19.854+0000][80750.220s][info][gc,phases   ] GC(2508)   Pre Evacuate Collection Set: 0.2ms
[2025-01-07T18:51:19.854+0000][80750.220s][info][gc,phases   ] GC(2508)   Merge Heap Roots: 0.5ms
[2025-01-07T18:51:19.854+0000][80750.220s][info][gc,phases   ] GC(2508)   Evacuate Collection Set: 44.5ms
[2025-01-07T18:51:19.854+0000][80750.220s][info][gc,phases   ] GC(2508)   Post Evacuate Collection Set: 1.8ms
[2025-01-07T18:51:19.854+0000][80750.220s][info][gc,phases   ] GC(2508)   Other: 0.2ms
[2025-01-07T18:51:19.854+0000][80750.220s][info][gc,heap     ] GC(2508) Eden regions: 66->0(912)
[2025-01-07T18:51:19.854+0000][80750.220s][info][gc,heap     ] GC(2508) Survivor regions: 10->6(10)
[2025-01-07T18:51:19.854+0000][80750.220s][info][gc,heap     ] GC(2508) Old regions: 248->245
[2025-01-07T18:51:19.854+0000][80750.220s][info][gc,heap     ] GC(2508) Archive regions: 2->2
[2025-01-07T18:51:19.854+0000][80750.220s][info][gc,heap     ] GC(2508) Humongous regions: 49->49
[2025-01-07T18:51:19.854+0000][80750.220s][info][gc,metaspace] GC(2508) Metaspace: 498151K(506304K)->498151K(506304K) NonClass: 437617K(441792K)->437617K(441792K) Class: 60534K(64512K)->60534K(64512K)
[2025-01-07T18:51:19.854+0000][80750.220s][info][gc          ] GC(2508) Pause Young (Mixed) (G1 Evacuation Pause) 2987M->2404M(12288M) 47.285ms
[2025-01-07T18:51:19.854+0000][80750.220s][info][gc,cpu      ] GC(2508) User=0.26s Sys=0.00s Real=0.05s
[2025-01-07T18:51:27.131+0000][80757.497s][info][gc,start    ] GC(2509) Pause Young (Normal) (G1 Evacuation Pause)
[2025-01-07T18:51:27.131+0000][80757.498s][info][gc,task     ] GC(2509) Using 6 workers of 6 for evacuation
[2025-01-07T18:51:27.157+0000][80757.523s][info][gc,phases   ] GC(2509)   Pre Evacuate Collection Set: 0.2ms
[2025-01-07T18:51:27.157+0000][80757.523s][info][gc,phases   ] GC(2509)   Merge Heap Roots: 0.4ms
[2025-01-07T18:51:27.157+0000][80757.523s][info][gc,phases   ] GC(2509)   Evacuate Collection Set: 22.4ms
[2025-01-07T18:51:27.157+0000][80757.523s][info][gc,phases   ] GC(2509)   Post Evacuate Collection Set: 2.5ms
[2025-01-07T18:51:27.157+0000][80757.523s][info][gc,phases   ] GC(2509)   Other: 0.2ms
[2025-01-07T18:51:27.157+0000][80757.523s][info][gc,heap     ] GC(2509) Eden regions: 912->0(912)
[2025-01-07T18:51:27.157+0000][80757.523s][info][gc,heap     ] GC(2509) Survivor regions: 6->7(115)
[2025-01-07T18:51:27.157+0000][80757.523s][info][gc,heap     ] GC(2509) Old regions: 245->245
[2025-01-07T18:51:27.157+0000][80757.523s][info][gc,heap     ] GC(2509) Archive regions: 2->2
[2025-01-07T18:51:27.157+0000][80757.523s][info][gc,heap     ] GC(2509) Humongous regions: 49->49
[2025-01-07T18:51:27.157+0000][80757.523s][info][gc,metaspace] GC(2509) Metaspace: 498151K(506304K)->498151K(506304K) NonClass: 437617K(441792K)->437617K(441792K) Class: 60534K(64512K)->60534K(64512K)
[2025-01-07T18:51:27.157+0000][80757.523s][info][gc          ] GC(2509) Pause Young (Normal) (G1 Evacuation Pause) 9700M->2411M(12288M) 25.784ms
[2025-01-07T18:51:27.157+0000][80757.523s][info][gc,cpu      ] GC(2509) User=0.15s Sys=0.00s Real=0.02s
[2025-01-07T18:51:35.113+0000][80765.479s][info][gc,start    ] GC(2510) Pause Young (Normal) (G1 Evacuation Pause)
[2025-01-07T18:51:35.113+0000][80765.479s][info][gc,task     ] GC(2510) Using 6 workers of 6 for evacuation
[2025-01-07T18:51:35.140+0000][80765.507s][info][gc,phases   ] GC(2510)   Pre Evacuate Collection Set: 0.2ms
[2025-01-07T18:51:35.140+0000][80765.507s][info][gc,phases   ] GC(2510)   Merge Heap Roots: 0.4ms
[2025-01-07T18:51:35.141+0000][80765.507s][info][gc,phases   ] GC(2510)   Evacuate Collection Set: 24.2ms
[2025-01-07T18:51:35.141+0000][80765.507s][info][gc,phases   ] GC(2510)   Post Evacuate Collection Set: 2.8ms
[2025-01-07T18:51:35.141+0000][80765.507s][info][gc,phases   ] GC(2510)   Other: 0.2ms
[2025-01-07T18:51:35.141+0000][80765.507s][info][gc,heap     ] GC(2510) Eden regions: 912->0(909)
[2025-01-07T18:51:35.141+0000][80765.507s][info][gc,heap     ] GC(2510) Survivor regions: 7->9(115)
[2025-01-07T18:51:35.141+0000][80765.507s][info][gc,heap     ] GC(2510) Old regions: 245->245
[2025-01-07T18:51:35.141+0000][80765.507s][info][gc,heap     ] GC(2510) Archive regions: 2->2
[2025-01-07T18:51:35.141+0000][80765.507s][info][gc,heap     ] GC(2510) Humongous regions: 49->49
[2025-01-07T18:51:35.141+0000][80765.507s][info][gc,metaspace] GC(2510) Metaspace: 498151K(506304K)->498151K(506304K) NonClass: 437617K(441792K)->437617K(441792K) Class: 60534K(64512K)->60534K(64512K)
[2025-01-07T18:51:35.141+0000][80765.507s][info][gc          ] GC(2510) Pause Young (Normal) (G1 Evacuation Pause) 9707M->2422M(12288M) 27.994ms
[2025-01-07T18:51:35.141+0000][80765.507s][info][gc,cpu      ] GC(2510) User=0.16s Sys=0.00s Real=0.02s
[2025-01-07T18:51:44.220+0000][80774.586s][info][gc,start    ] GC(2511) Pause Young (Concurrent Start) (G1 Evacuation Pause)
[2025-01-07T18:51:44.220+0000][80774.586s][info][gc,task     ] GC(2511) Using 6 workers of 6 for evacuation
[2025-01-07T18:51:44.253+0000][80774.620s][info][gc,phases   ] GC(2511)   Pre Evacuate Collection Set: 1.0ms
[2025-01-07T18:51:44.253+0000][80774.620s][info][gc,phases   ] GC(2511)   Merge Heap Roots: 0.5ms
[2025-01-07T18:51:44.253+0000][80774.620s][info][gc,phases   ] GC(2511)   Evacuate Collection Set: 26.6ms
[2025-01-07T18:51:44.253+0000][80774.620s][info][gc,phases   ] GC(2511)   Post Evacuate Collection Set: 5.1ms
[2025-01-07T18:51:44.253+0000][80774.620s][info][gc,phases   ] GC(2511)   Other: 0.3ms
[2025-01-07T18:51:44.254+0000][80774.620s][info][gc,heap     ] GC(2511) Eden regions: 909->0(906)
[2025-01-07T18:51:44.254+0000][80774.620s][info][gc,heap     ] GC(2511) Survivor regions: 9->11(115)
[2025-01-07T18:51:44.254+0000][80774.620s][info][gc,heap     ] GC(2511) Old regions: 245->245
[2025-01-07T18:51:44.254+0000][80774.620s][info][gc,heap     ] GC(2511) Archive regions: 2->2
[2025-01-07T18:51:44.254+0000][80774.620s][info][gc,heap     ] GC(2511) Humongous regions: 49->49
[2025-01-07T18:51:44.254+0000][80774.620s][info][gc,metaspace] GC(2511) Metaspace: 498151K(506304K)->498151K(506304K) NonClass: 437617K(441792K)->437617K(441792K) Class: 60534K(64512K)->60534K(64512K)
[2025-01-07T18:51:44.254+0000][80774.620s][info][gc          ] GC(2511) Pause Young (Concurrent Start) (G1 Evacuation Pause) 9694M->2441M(12288M) 33.570ms
[2025-01-07T18:51:44.254+0000][80774.620s][info][gc,cpu      ] GC(2511) User=0.19s Sys=0.00s Real=0.04s
[2025-01-07T18:51:44.254+0000][80774.620s][info][gc          ] GC(2512) Concurrent Mark Cycle
[2025-01-07T18:51:44.254+0000][80774.620s][info][gc,marking  ] GC(2512) Concurrent Clear Claimed Marks
[2025-01-07T18:51:44.254+0000][80774.621s][info][gc,marking  ] GC(2512) Concurrent Clear Claimed Marks 0.806ms
[2025-01-07T18:51:44.254+0000][80774.621s][info][gc,marking  ] GC(2512) Concurrent Scan Root Regions
[2025-01-07T18:51:44.275+0000][80774.641s][info][gc,marking  ] GC(2512) Concurrent Scan Root Regions 20.664ms
[2025-01-07T18:51:44.275+0000][80774.641s][info][gc,marking  ] GC(2512) Concurrent Mark
[2025-01-07T18:51:44.275+0000][80774.641s][info][gc,marking  ] GC(2512) Concurrent Mark From Roots
[2025-01-07T18:51:44.275+0000][80774.641s][info][gc,task     ] GC(2512) Using 2 workers of 2 for marking
[2025-01-07T18:51:45.094+0000][80775.460s][info][gc,marking  ] GC(2512) Concurrent Mark From Roots 818.439ms
[2025-01-07T18:51:45.094+0000][80775.460s][info][gc,marking  ] GC(2512) Concurrent Preclean
[2025-01-07T18:51:45.096+0000][80775.462s][info][gc,marking  ] GC(2512) Concurrent Preclean 2.342ms
[2025-01-07T18:51:45.096+0000][80775.462s][info][gc,start    ] GC(2512) Pause Remark
[2025-01-07T18:51:45.122+0000][80775.488s][info][gc          ] GC(2512) Pause Remark 3057M->3057M(12288M) 25.323ms
[2025-01-07T18:51:45.122+0000][80775.488s][info][gc,cpu      ] GC(2512) User=0.14s Sys=0.00s Real=0.03s
[2025-01-07T18:51:45.122+0000][80775.488s][info][gc,marking  ] GC(2512) Concurrent Mark 846.512ms
[2025-01-07T18:51:45.122+0000][80775.488s][info][gc,marking  ] GC(2512) Concurrent Rebuild Remembered Sets
[2025-01-07T18:51:45.617+0000][80775.983s][info][gc,marking  ] GC(2512) Concurrent Rebuild Remembered Sets 495.364ms
[2025-01-07T18:51:45.617+0000][80775.983s][info][gc,start    ] GC(2512) Pause Cleanup
[2025-01-07T18:51:45.618+0000][80775.984s][info][gc          ] GC(2512) Pause Cleanup 3393M->3393M(12288M) 0.451ms
[2025-01-07T18:51:45.618+0000][80775.984s][info][gc,cpu      ] GC(2512) User=0.00s Sys=0.00s Real=0.00s
[2025-01-07T18:51:45.618+0000][80775.984s][info][gc,marking  ] GC(2512) Concurrent Cleanup for Next Mark
[2025-01-07T18:51:45.633+0000][80775.999s][info][gc,marking  ] GC(2512) Concurrent Cleanup for Next Mark 15.305ms
[2025-01-07T18:51:45.633+0000][80775.999s][info][gc          ] GC(2512) Concurrent Mark Cycle 1379.501ms
[2025-01-07T18:51:52.691+0000][80783.057s][info][gc,start    ] GC(2513) Pause Young (Prepare Mixed) (G1 Evacuation Pause)
[2025-01-07T18:51:52.691+0000][80783.057s][info][gc,task     ] GC(2513) Using 6 workers of 6 for evacuation
[2025-01-07T18:51:52.726+0000][80783.092s][info][gc,phases   ] GC(2513)   Pre Evacuate Collection Set: 0.2ms
[2025-01-07T18:51:52.726+0000][80783.092s][info][gc,phases   ] GC(2513)   Merge Heap Roots: 0.7ms
[2025-01-07T18:51:52.726+0000][80783.092s][info][gc,phases   ] GC(2513)   Evacuate Collection Set: 30.9ms
[2025-01-07T18:51:52.726+0000][80783.092s][info][gc,phases   ] GC(2513)   Post Evacuate Collection Set: 2.6ms
[2025-01-07T18:51:52.726+0000][80783.092s][info][gc,phases   ] GC(2513)   Other: 0.2ms
[2025-01-07T18:51:52.726+0000][80783.092s][info][gc,heap     ] GC(2513) Eden regions: 906->0(63)
[2025-01-07T18:51:52.726+0000][80783.092s][info][gc,heap     ] GC(2513) Survivor regions: 11->13(115)
[2025-01-07T18:51:52.726+0000][80783.092s][info][gc,heap     ] GC(2513) Old regions: 245->245
[2025-01-07T18:51:52.726+0000][80783.092s][info][gc,heap     ] GC(2513) Archive regions: 2->2
[2025-01-07T18:51:52.726+0000][80783.092s][info][gc,heap     ] GC(2513) Humongous regions: 49->49
[2025-01-07T18:51:52.726+0000][80783.092s][info][gc,metaspace] GC(2513) Metaspace: 498151K(506304K)->498151K(506304K) NonClass: 437617K(441792K)->437617K(441792K) Class: 60534K(64512K)->60534K(64512K)
[2025-01-07T18:51:52.726+0000][80783.092s][info][gc          ] GC(2513) Pause Young (Prepare Mixed) (G1 Evacuation Pause) 9689M->2458M(12288M) 34.566ms
[2025-01-07T18:51:52.726+0000][80783.092s][info][gc,cpu      ] GC(2513) User=0.20s Sys=0.00s Real=0.03s
[2025-01-07T18:51:53.062+0000][80783.428s][info][gc,start    ] GC(2514) Pause Young (Mixed) (G1 Evacuation Pause)
[2025-01-07T18:51:53.062+0000][80783.428s][info][gc,task     ] GC(2514) Using 6 workers of 6 for evacuation
[2025-01-07T18:51:53.110+0000][80783.476s][info][gc,phases   ] GC(2514)   Pre Evacuate Collection Set: 0.2ms
[2025-01-07T18:51:53.110+0000][80783.476s][info][gc,phases   ] GC(2514)   Merge Heap Roots: 0.5ms
[2025-01-07T18:51:53.110+0000][80783.476s][info][gc,phases   ] GC(2514)   Evacuate Collection Set: 44.8ms
[2025-01-07T18:51:53.110+0000][80783.476s][info][gc,phases   ] GC(2514)   Post Evacuate Collection Set: 2.9ms
[2025-01-07T18:51:53.110+0000][80783.476s][info][gc,phases   ] GC(2514)   Other: 0.2ms
[2025-01-07T18:51:53.110+0000][80783.476s][info][gc,heap     ] GC(2514) Eden regions: 63->0(911)
[2025-01-07T18:51:53.110+0000][80783.477s][info][gc,heap     ] GC(2514) Survivor regions: 13->4(10)
[2025-01-07T18:51:53.110+0000][80783.477s][info][gc,heap     ] GC(2514) Old regions: 245->246
[2025-01-07T18:51:53.110+0000][80783.477s][info][gc,heap     ] GC(2514) Archive regions: 2->2
[2025-01-07T18:51:53.110+0000][80783.477s][info][gc,heap     ] GC(2514) Humongous regions: 49->49
[2025-01-07T18:51:53.110+0000][80783.477s][info][gc,metaspace] GC(2514) Metaspace: 498151K(506304K)->498151K(506304K) NonClass: 437617K(441792K)->437617K(441792K) Class: 60534K(64512K)->60534K(64512K)
[2025-01-07T18:51:53.110+0000][80783.477s][info][gc          ] GC(2514) Pause Young (Mixed) (G1 Evacuation Pause) 2962M->2395M(12288M) 48.739ms
[2025-01-07T18:51:53.110+0000][80783.477s][info][gc,cpu      ] GC(2514) User=0.28s Sys=0.00s Real=0.05s
[2025-01-07T18:52:01.772+0000][80792.138s][info][gc,start    ] GC(2515) Pause Young (Normal) (G1 Evacuation Pause)
[2025-01-07T18:52:01.772+0000][80792.138s][info][gc,task     ] GC(2515) Using 6 workers of 6 for evacuation
[2025-01-07T18:52:01.795+0000][80792.161s][info][gc,phases   ] GC(2515)   Pre Evacuate Collection Set: 0.2ms
[2025-01-07T18:52:01.795+0000][80792.161s][info][gc,phases   ] GC(2515)   Merge Heap Roots: 0.4ms
[2025-01-07T18:52:01.795+0000][80792.161s][info][gc,phases   ] GC(2515)   Evacuate Collection Set: 19.7ms
[2025-01-07T18:52:01.795+0000][80792.161s][info][gc,phases   ] GC(2515)   Post Evacuate Collection Set: 2.5ms
[2025-01-07T18:52:01.795+0000][80792.161s][info][gc,phases   ] GC(2515)   Other: 0.2ms
[2025-01-07T18:52:01.795+0000][80792.161s][info][gc,heap     ] GC(2515) Eden regions: 911->0(910)
[2025-01-07T18:52:01.795+0000][80792.161s][info][gc,heap     ] GC(2515) Survivor regions: 4->5(115)
[2025-01-07T18:52:01.795+0000][80792.161s][info][gc,heap     ] GC(2515) Old regions: 246->246
[2025-01-07T18:52:01.795+0000][80792.161s][info][gc,heap     ] GC(2515) Archive regions: 2->2
[2025-01-07T18:52:01.795+0000][80792.161s][info][gc,heap     ] GC(2515) Humongous regions: 49->49
[2025-01-07T18:52:01.795+0000][80792.161s][info][gc,metaspace] GC(2515) Metaspace: 498151K(506304K)->498151K(506304K) NonClass: 437617K(441792K)->437617K(441792K) Class: 60534K(64512K)->60534K(64512K)
[2025-01-07T18:52:01.795+0000][80792.161s][info][gc          ] GC(2515) Pause Young (Normal) (G1 Evacuation Pause) 9683M->2404M(12288M) 23.108ms
[2025-01-07T18:52:01.795+0000][80792.161s][info][gc,cpu      ] GC(2515) User=0.13s Sys=0.00s Real=0.02s
[2025-01-07T18:52:06.718+0000][80797.084s][info][gc,start    ] GC(2516) Pause Young (Normal) (G1 Evacuation Pause)
[2025-01-07T18:52:06.718+0000][80797.084s][info][gc,task     ] GC(2516) Using 6 workers of 6 for evacuation
[2025-01-07T18:52:06.740+0000][80797.106s][info][gc,phases   ] GC(2516)   Pre Evacuate Collection Set: 0.2ms
[2025-01-07T18:52:06.740+0000][80797.106s][info][gc,phases   ] GC(2516)   Merge Heap Roots: 0.4ms
[2025-01-07T18:52:06.740+0000][80797.106s][info][gc,phases   ] GC(2516)   Evacuate Collection Set: 18.8ms
[2025-01-07T18:52:06.740+0000][80797.106s][info][gc,phases   ] GC(2516)   Post Evacuate Collection Set: 2.3ms
[2025-01-07T18:52:06.740+0000][80797.106s][info][gc,phases   ] GC(2516)   Other: 0.2ms
[2025-01-07T18:52:06.740+0000][80797.106s][info][gc,heap     ] GC(2516) Eden regions: 910->0(912)
[2025-01-07T18:52:06.740+0000][80797.106s][info][gc,heap     ] GC(2516) Survivor regions: 5->5(115)
[2025-01-07T18:52:06.740+0000][80797.106s][info][gc,heap     ] GC(2516) Old regions: 246->246
[2025-01-07T18:52:06.740+0000][80797.106s][info][gc,heap     ] GC(2516) Archive regions: 2->2
[2025-01-07T18:52:06.740+0000][80797.106s][info][gc,heap     ] GC(2516) Humongous regions: 49->49
[2025-01-07T18:52:06.740+0000][80797.106s][info][gc,metaspace] GC(2516) Metaspace: 498151K(506304K)->498151K(506304K) NonClass: 437617K(441792K)->437617K(441792K) Class: 60534K(64512K)->60534K(64512K)
[2025-01-07T18:52:06.740+0000][80797.106s][info][gc          ] GC(2516) Pause Young (Normal) (G1 Evacuation Pause) 9684M->2406M(12288M) 21.980ms
[2025-01-07T18:52:06.740+0000][80797.106s][info][gc,cpu      ] GC(2516) User=0.13s Sys=0.00s Real=0.02s
[2025-01-07T18:52:14.454+0000][80804.820s][info][gc,start    ] GC(2517) Pause Young (Concurrent Start) (G1 Evacuation Pause)
[2025-01-07T18:52:14.454+0000][80804.820s][info][gc,task     ] GC(2517) Using 6 workers of 6 for evacuation
[2025-01-07T18:52:14.484+0000][80804.850s][info][gc,phases   ] GC(2517)   Pre Evacuate Collection Set: 1.0ms
[2025-01-07T18:52:14.484+0000][80804.850s][info][gc,phases   ] GC(2517)   Merge Heap Roots: 0.4ms
[2025-01-07T18:52:14.484+0000][80804.850s][info][gc,phases   ] GC(2517)   Evacuate Collection Set: 26.2ms
[2025-01-07T18:52:14.484+0000][80804.850s][info][gc,phases   ] GC(2517)   Post Evacuate Collection Set: 2.5ms
[2025-01-07T18:52:14.484+0000][80804.850s][info][gc,phases   ] GC(2517)   Other: 0.3ms
[2025-01-07T18:52:14.484+0000][80804.850s][info][gc,heap     ] GC(2517) Eden regions: 912->0(910)
[2025-01-07T18:52:14.484+0000][80804.850s][info][gc,heap     ] GC(2517) Survivor regions: 5->7(115)
[2025-01-07T18:52:14.484+0000][80804.850s][info][gc,heap     ] GC(2517) Old regions: 246->246
[2025-01-07T18:52:14.484+0000][80804.850s][info][gc,heap     ] GC(2517) Archive regions: 2->2
[2025-01-07T18:52:14.484+0000][80804.850s][info][gc,heap     ] GC(2517) Humongous regions: 49->49
[2025-01-07T18:52:14.484+0000][80804.850s][info][gc,metaspace] GC(2517) Metaspace: 498151K(506304K)->498151K(506304K) NonClass: 437617K(441792K)->437617K(441792K) Class: 60534K(64512K)->60534K(64512K)
[2025-01-07T18:52:14.484+0000][80804.851s][info][gc          ] GC(2517) Pause Young (Concurrent Start) (G1 Evacuation Pause) 9702M->2418M(12288M) 30.448ms
[2025-01-07T18:52:14.484+0000][80804.851s][info][gc,cpu      ] GC(2517) User=0.17s Sys=0.00s Real=0.03s
[2025-01-07T18:52:14.484+0000][80804.851s][info][gc          ] GC(2518) Concurrent Mark Cycle
[2025-01-07T18:52:14.485+0000][80804.851s][info][gc,marking  ] GC(2518) Concurrent Clear Claimed Marks
[2025-01-07T18:52:14.485+0000][80804.851s][info][gc,marking  ] GC(2518) Concurrent Clear Claimed Marks 0.793ms
[2025-01-07T18:52:14.485+0000][80804.851s][info][gc,marking  ] GC(2518) Concurrent Scan Root Regions
[2025-01-07T18:52:14.505+0000][80804.871s][info][gc,marking  ] GC(2518) Concurrent Scan Root Regions 19.878ms
[2025-01-07T18:52:14.505+0000][80804.871s][info][gc,marking  ] GC(2518) Concurrent Mark
[2025-01-07T18:52:14.505+0000][80804.871s][info][gc,marking  ] GC(2518) Concurrent Mark From Roots
[2025-01-07T18:52:14.505+0000][80804.871s][info][gc,task     ] GC(2518) Using 2 workers of 2 for marking
[2025-01-07T18:52:15.350+0000][80805.717s][info][gc,marking  ] GC(2518) Concurrent Mark From Roots 845.227ms
[2025-01-07T18:52:15.351+0000][80805.717s][info][gc,marking  ] GC(2518) Concurrent Preclean
[2025-01-07T18:52:15.352+0000][80805.718s][info][gc,marking  ] GC(2518) Concurrent Preclean 1.725ms
[2025-01-07T18:52:15.352+0000][80805.718s][info][gc,start    ] GC(2518) Pause Remark
[2025-01-07T18:52:15.378+0000][80805.744s][info][gc          ] GC(2518) Pause Remark 3290M->3290M(12288M) 25.842ms
[2025-01-07T18:52:15.378+0000][80805.744s][info][gc,cpu      ] GC(2518) User=0.15s Sys=0.00s Real=0.02s
[2025-01-07T18:52:15.378+0000][80805.744s][info][gc,marking  ] GC(2518) Concurrent Mark 873.142ms
[2025-01-07T18:52:15.378+0000][80805.744s][info][gc,marking  ] GC(2518) Concurrent Rebuild Remembered Sets
[2025-01-07T18:52:15.843+0000][80806.209s][info][gc,marking  ] GC(2518) Concurrent Rebuild Remembered Sets 464.937ms
[2025-01-07T18:52:15.843+0000][80806.210s][info][gc,start    ] GC(2518) Pause Cleanup
[2025-01-07T18:52:15.844+0000][80806.210s][info][gc          ] GC(2518) Pause Cleanup 3398M->3398M(12288M) 0.415ms
[2025-01-07T18:52:15.844+0000][80806.210s][info][gc,cpu      ] GC(2518) User=0.00s Sys=0.00s Real=0.00s
[2025-01-07T18:52:15.844+0000][80806.210s][info][gc,marking  ] GC(2518) Concurrent Cleanup for Next Mark
[2025-01-07T18:52:15.859+0000][80806.225s][info][gc,marking  ] GC(2518) Concurrent Cleanup for Next Mark 15.380ms
[2025-01-07T18:52:15.859+0000][80806.225s][info][gc          ] GC(2518) Concurrent Mark Cycle 1374.888ms
[2025-01-07T18:52:20.751+0000][80811.117s][info][gc,start    ] GC(2519) Pause Young (Prepare Mixed) (G1 Evacuation Pause)
[2025-01-07T18:52:20.751+0000][80811.117s][info][gc,task     ] GC(2519) Using 6 workers of 6 for evacuation
[2025-01-07T18:52:20.782+0000][80811.148s][info][gc,phases   ] GC(2519)   Pre Evacuate Collection Set: 0.2ms
[2025-01-07T18:52:20.782+0000][80811.148s][info][gc,phases   ] GC(2519)   Merge Heap Roots: 0.6ms
[2025-01-07T18:52:20.782+0000][80811.148s][info][gc,phases   ] GC(2519)   Evacuate Collection Set: 27.9ms
[2025-01-07T18:52:20.782+0000][80811.148s][info][gc,phases   ] GC(2519)   Post Evacuate Collection Set: 2.5ms
[2025-01-07T18:52:20.782+0000][80811.148s][info][gc,phases   ] GC(2519)   Other: 0.2ms
[2025-01-07T18:52:20.782+0000][80811.148s][info][gc,heap     ] GC(2519) Eden regions: 910->0(68)
[2025-01-07T18:52:20.782+0000][80811.148s][info][gc,heap     ] GC(2519) Survivor regions: 7->8(115)
[2025-01-07T18:52:20.782+0000][80811.148s][info][gc,heap     ] GC(2519) Old regions: 246->246
[2025-01-07T18:52:20.782+0000][80811.148s][info][gc,heap     ] GC(2519) Archive regions: 2->2
[2025-01-07T18:52:20.782+0000][80811.148s][info][gc,heap     ] GC(2519) Humongous regions: 49->49
[2025-01-07T18:52:20.782+0000][80811.149s][info][gc,metaspace] GC(2519) Metaspace: 498151K(506304K)->498151K(506304K) NonClass: 437617K(441792K)->437617K(441792K) Class: 60534K(64512K)->60534K(64512K)
[2025-01-07T18:52:20.782+0000][80811.149s][info][gc          ] GC(2519) Pause Young (Prepare Mixed) (G1 Evacuation Pause) 9698M->2423M(12288M) 31.643ms
[2025-01-07T18:52:20.782+0000][80811.149s][info][gc,cpu      ] GC(2519) User=0.19s Sys=0.00s Real=0.03s
[2025-01-07T18:52:21.150+0000][80811.516s][info][gc,start    ] GC(2520) Pause Young (Mixed) (G1 Evacuation Pause)
[2025-01-07T18:52:21.150+0000][80811.516s][info][gc,task     ] GC(2520) Using 6 workers of 6 for evacuation
[2025-01-07T18:52:21.195+0000][80811.562s][info][gc,phases   ] GC(2520)   Pre Evacuate Collection Set: 0.2ms
[2025-01-07T18:52:21.195+0000][80811.562s][info][gc,phases   ] GC(2520)   Merge Heap Roots: 0.5ms
[2025-01-07T18:52:21.195+0000][80811.562s][info][gc,phases   ] GC(2520)   Evacuate Collection Set: 43.1ms
[2025-01-07T18:52:21.195+0000][80811.562s][info][gc,phases   ] GC(2520)   Post Evacuate Collection Set: 1.7ms
[2025-01-07T18:52:21.195+0000][80811.562s][info][gc,phases   ] GC(2520)   Other: 0.2ms
[2025-01-07T18:52:21.195+0000][80811.562s][info][gc,heap     ] GC(2520) Eden regions: 68->0(915)
[2025-01-07T18:52:21.195+0000][80811.562s][info][gc,heap     ] GC(2520) Survivor regions: 8->5(10)
[2025-01-07T18:52:21.195+0000][80811.562s][info][gc,heap     ] GC(2520) Old regions: 246->244
[2025-01-07T18:52:21.195+0000][80811.562s][info][gc,heap     ] GC(2520) Archive regions: 2->2
[2025-01-07T18:52:21.195+0000][80811.562s][info][gc,heap     ] GC(2520) Humongous regions: 49->49
[2025-01-07T18:52:21.195+0000][80811.562s][info][gc,metaspace] GC(2520) Metaspace: 498151K(506304K)->498151K(506304K) NonClass: 437617K(441792K)->437617K(441792K) Class: 60534K(64512K)->60534K(64512K)
[2025-01-07T18:52:21.196+0000][80811.562s][info][gc          ] GC(2520) Pause Young (Mixed) (G1 Evacuation Pause) 2967M->2382M(12288M) 45.787ms
[2025-01-07T18:52:21.196+0000][80811.562s][info][gc,cpu      ] GC(2520) User=0.27s Sys=0.00s Real=0.04s
[2025-01-07T18:52:29.596+0000][80819.962s][info][gc,start    ] GC(2521) Pause Young (Normal) (G1 Evacuation Pause)
[2025-01-07T18:52:29.596+0000][80819.962s][info][gc,task     ] GC(2521) Using 6 workers of 6 for evacuation
[2025-01-07T18:52:29.624+0000][80819.990s][info][gc,phases   ] GC(2521)   Pre Evacuate Collection Set: 0.2ms
[2025-01-07T18:52:29.624+0000][80819.990s][info][gc,phases   ] GC(2521)   Merge Heap Roots: 0.4ms
[2025-01-07T18:52:29.624+0000][80819.990s][info][gc,phases   ] GC(2521)   Evacuate Collection Set: 24.3ms
[2025-01-07T18:52:29.624+0000][80819.990s][info][gc,phases   ] GC(2521)   Post Evacuate Collection Set: 2.5ms
[2025-01-07T18:52:29.624+0000][80819.990s][info][gc,phases   ] GC(2521)   Other: 0.2ms
[2025-01-07T18:52:29.624+0000][80819.990s][info][gc,heap     ] GC(2521) Eden regions: 915->0(913)
[2025-01-07T18:52:29.624+0000][80819.990s][info][gc,heap     ] GC(2521) Survivor regions: 5->7(115)
[2025-01-07T18:52:29.624+0000][80819.990s][info][gc,heap     ] GC(2521) Old regions: 244->244
[2025-01-07T18:52:29.624+0000][80819.990s][info][gc,heap     ] GC(2521) Archive regions: 2->2
[2025-01-07T18:52:29.624+0000][80819.990s][info][gc,heap     ] GC(2521) Humongous regions: 49->49
[2025-01-07T18:52:29.624+0000][80819.990s][info][gc,metaspace] GC(2521) Metaspace: 498151K(506304K)->498151K(506304K) NonClass: 437617K(441792K)->437617K(441792K) Class: 60534K(64512K)->60534K(64512K)
[2025-01-07T18:52:29.624+0000][80819.990s][info][gc          ] GC(2521) Pause Young (Normal) (G1 Evacuation Pause) 9702M->2392M(12288M) 27.755ms
[2025-01-07T18:52:29.624+0000][80819.990s][info][gc,cpu      ] GC(2521) User=0.16s Sys=0.00s Real=0.03s
[2025-01-07T18:52:36.876+0000][80827.242s][info][gc,start    ] GC(2522) Pause Young (Normal) (G1 Evacuation Pause)
[2025-01-07T18:52:36.876+0000][80827.242s][info][gc,task     ] GC(2522) Using 6 workers of 6 for evacuation
[2025-01-07T18:52:36.908+0000][80827.274s][info][gc,phases   ] GC(2522)   Pre Evacuate Collection Set: 0.2ms
[2025-01-07T18:52:36.908+0000][80827.274s][info][gc,phases   ] GC(2522)   Merge Heap Roots: 0.5ms
[2025-01-07T18:52:36.908+0000][80827.274s][info][gc,phases   ] GC(2522)   Evacuate Collection Set: 26.4ms
[2025-01-07T18:52:36.908+0000][80827.274s][info][gc,phases   ] GC(2522)   Post Evacuate Collection Set: 5.3ms
[2025-01-07T18:52:36.908+0000][80827.274s][info][gc,phases   ] GC(2522)   Other: 0.2ms
[2025-01-07T18:52:36.908+0000][80827.274s][info][gc,heap     ] GC(2522) Eden regions: 913->0(911)
[2025-01-07T18:52:36.908+0000][80827.274s][info][gc,heap     ] GC(2522) Survivor regions: 7->9(115)
[2025-01-07T18:52:36.908+0000][80827.274s][info][gc,heap     ] GC(2522) Old regions: 244->244
[2025-01-07T18:52:36.908+0000][80827.274s][info][gc,heap     ] GC(2522) Archive regions: 2->2
[2025-01-07T18:52:36.908+0000][80827.274s][info][gc,heap     ] GC(2522) Humongous regions: 49->49
[2025-01-07T18:52:36.908+0000][80827.274s][info][gc,metaspace] GC(2522) Metaspace: 498151K(506304K)->498151K(506304K) NonClass: 437617K(441792K)->437617K(441792K) Class: 60534K(64512K)->60534K(64512K)
[2025-01-07T18:52:36.908+0000][80827.274s][info][gc          ] GC(2522) Pause Young (Normal) (G1 Evacuation Pause) 9696M->2413M(12288M) 32.645ms
[2025-01-07T18:52:36.908+0000][80827.274s][info][gc,cpu      ] GC(2522) User=0.19s Sys=0.00s Real=0.03s
[2025-01-07T18:52:46.267+0000][80836.633s][info][gc,start    ] GC(2523) Pause Young (Concurrent Start) (G1 Evacuation Pause)
[2025-01-07T18:52:46.267+0000][80836.633s][info][gc,task     ] GC(2523) Using 6 workers of 6 for evacuation
[2025-01-07T18:52:46.302+0000][80836.668s][info][gc,phases   ] GC(2523)   Pre Evacuate Collection Set: 1.0ms
[2025-01-07T18:52:46.302+0000][80836.668s][info][gc,phases   ] GC(2523)   Merge Heap Roots: 0.5ms
[2025-01-07T18:52:46.302+0000][80836.668s][info][gc,phases   ] GC(2523)   Evacuate Collection Set: 30.6ms
[2025-01-07T18:52:46.302+0000][80836.668s][info][gc,phases   ] GC(2523)   Post Evacuate Collection Set: 2.7ms
[2025-01-07T18:52:46.302+0000][80836.668s][info][gc,phases   ] GC(2523)   Other: 0.3ms
[2025-01-07T18:52:46.302+0000][80836.668s][info][gc,heap     ] GC(2523) Eden regions: 911->0(910)
[2025-01-07T18:52:46.302+0000][80836.668s][info][gc,heap     ] GC(2523) Survivor regions: 9->10(115)
[2025-01-07T18:52:46.302+0000][80836.668s][info][gc,heap     ] GC(2523) Old regions: 244->244
[2025-01-07T18:52:46.302+0000][80836.668s][info][gc,heap     ] GC(2523) Archive regions: 2->2
[2025-01-07T18:52:46.302+0000][80836.668s][info][gc,heap     ] GC(2523) Humongous regions: 49->49
[2025-01-07T18:52:46.302+0000][80836.668s][info][gc,metaspace] GC(2523) Metaspace: 498151K(506304K)->498151K(506304K) NonClass: 437617K(441792K)->437617K(441792K) Class: 60534K(64512K)->60534K(64512K)
[2025-01-07T18:52:46.302+0000][80836.668s][info][gc          ] GC(2523) Pause Young (Concurrent Start) (G1 Evacuation Pause) 9701M->2417M(12288M) 35.183ms
[2025-01-07T18:52:46.302+0000][80836.668s][info][gc,cpu      ] GC(2523) User=0.20s Sys=0.00s Real=0.04s
[2025-01-07T18:52:46.302+0000][80836.668s][info][gc          ] GC(2524) Concurrent Mark Cycle
[2025-01-07T18:52:46.302+0000][80836.668s][info][gc,marking  ] GC(2524) Concurrent Clear Claimed Marks
[2025-01-07T18:52:46.303+0000][80836.669s][info][gc,marking  ] GC(2524) Concurrent Clear Claimed Marks 0.819ms
[2025-01-07T18:52:46.303+0000][80836.669s][info][gc,marking  ] GC(2524) Concurrent Scan Root Regions
[2025-01-07T18:52:46.324+0000][80836.690s][info][gc,marking  ] GC(2524) Concurrent Scan Root Regions 20.571ms
[2025-01-07T18:52:46.324+0000][80836.690s][info][gc,marking  ] GC(2524) Concurrent Mark
[2025-01-07T18:52:46.324+0000][80836.690s][info][gc,marking  ] GC(2524) Concurrent Mark From Roots
[2025-01-07T18:52:46.324+0000][80836.690s][info][gc,task     ] GC(2524) Using 2 workers of 2 for marking
[2025-01-07T18:52:47.192+0000][80837.558s][info][gc,marking  ] GC(2524) Concurrent Mark From Roots 867.898ms
[2025-01-07T18:52:47.192+0000][80837.558s][info][gc,marking  ] GC(2524) Concurrent Preclean
[2025-01-07T18:52:47.194+0000][80837.560s][info][gc,marking  ] GC(2524) Concurrent Preclean 2.409ms
[2025-01-07T18:52:47.194+0000][80837.560s][info][gc,start    ] GC(2524) Pause Remark
[2025-01-07T18:52:47.219+0000][80837.585s][info][gc          ] GC(2524) Pause Remark 3417M->3417M(12288M) 25.162ms
[2025-01-07T18:52:47.219+0000][80837.585s][info][gc,cpu      ] GC(2524) User=0.14s Sys=0.00s Real=0.02s
[2025-01-07T18:52:47.220+0000][80837.586s][info][gc,marking  ] GC(2524) Concurrent Mark 895.915ms
[2025-01-07T18:52:47.220+0000][80837.586s][info][gc,marking  ] GC(2524) Concurrent Rebuild Remembered Sets
[2025-01-07T18:52:47.792+0000][80838.158s][info][gc,marking  ] GC(2524) Concurrent Rebuild Remembered Sets 572.735ms
[2025-01-07T18:52:47.792+0000][80838.159s][info][gc,start    ] GC(2524) Pause Cleanup
[2025-01-07T18:52:47.793+0000][80838.159s][info][gc          ] GC(2524) Pause Cleanup 4065M->4065M(12288M) 0.439ms
[2025-01-07T18:52:47.793+0000][80838.159s][info][gc,cpu      ] GC(2524) User=0.00s Sys=0.00s Real=0.00s
[2025-01-07T18:52:47.793+0000][80838.159s][info][gc,marking  ] GC(2524) Concurrent Cleanup for Next Mark
[2025-01-07T18:52:47.809+0000][80838.176s][info][gc,marking  ] GC(2524) Concurrent Cleanup for Next Mark 16.394ms
[2025-01-07T18:52:47.809+0000][80838.176s][info][gc          ] GC(2524) Concurrent Mark Cycle 1507.345ms
[2025-01-07T18:52:54.082+0000][80844.448s][info][gc,start    ] GC(2525) Pause Young (Prepare Mixed) (G1 Evacuation Pause)
[2025-01-07T18:52:54.082+0000][80844.448s][info][gc,task     ] GC(2525) Using 6 workers of 6 for evacuation
[2025-01-07T18:52:54.121+0000][80844.488s][info][gc,phases   ] GC(2525)   Pre Evacuate Collection Set: 0.2ms
[2025-01-07T18:52:54.121+0000][80844.488s][info][gc,phases   ] GC(2525)   Merge Heap Roots: 0.8ms
[2025-01-07T18:52:54.121+0000][80844.488s][info][gc,phases   ] GC(2525)   Evacuate Collection Set: 33.9ms
[2025-01-07T18:52:54.121+0000][80844.488s][info][gc,phases   ] GC(2525)   Post Evacuate Collection Set: 4.0ms
[2025-01-07T18:52:54.121+0000][80844.488s][info][gc,phases   ] GC(2525)   Other: 0.3ms
[2025-01-07T18:52:54.122+0000][80844.488s][info][gc,heap     ] GC(2525) Eden regions: 910->0(64)
[2025-01-07T18:52:54.122+0000][80844.488s][info][gc,heap     ] GC(2525) Survivor regions: 10->12(115)
[2025-01-07T18:52:54.122+0000][80844.488s][info][gc,heap     ] GC(2525) Old regions: 244->244
[2025-01-07T18:52:54.122+0000][80844.488s][info][gc,heap     ] GC(2525) Archive regions: 2->2
[2025-01-07T18:52:54.122+0000][80844.488s][info][gc,heap     ] GC(2525) Humongous regions: 49->49
[2025-01-07T18:52:54.122+0000][80844.488s][info][gc,metaspace] GC(2525) Metaspace: 498151K(506304K)->498151K(506304K) NonClass: 437617K(441792K)->437617K(441792K) Class: 60534K(64512K)->60534K(64512K)
[2025-01-07T18:52:54.122+0000][80844.488s][info][gc          ] GC(2525) Pause Young (Prepare Mixed) (G1 Evacuation Pause) 9697M->2433M(12288M) 39.191ms
[2025-01-07T18:52:54.122+0000][80844.488s][info][gc,cpu      ] GC(2525) User=0.23s Sys=0.00s Real=0.04s
[2025-01-07T18:52:55.788+0000][80846.154s][info][gc,start    ] GC(2526) Pause Young (Mixed) (G1 Evacuation Pause)
[2025-01-07T18:52:55.788+0000][80846.154s][info][gc,task     ] GC(2526) Using 6 workers of 6 for evacuation
[2025-01-07T18:52:55.854+0000][80846.220s][info][gc,phases   ] GC(2526)   Pre Evacuate Collection Set: 0.2ms
[2025-01-07T18:52:55.854+0000][80846.220s][info][gc,phases   ] GC(2526)   Merge Heap Roots: 0.7ms
[2025-01-07T18:52:55.854+0000][80846.220s][info][gc,phases   ] GC(2526)   Evacuate Collection Set: 63.0ms
[2025-01-07T18:52:55.854+0000][80846.220s][info][gc,phases   ] GC(2526)   Post Evacuate Collection Set: 1.5ms
[2025-01-07T18:52:55.854+0000][80846.220s][info][gc,phases   ] GC(2526)   Other: 0.2ms
[2025-01-07T18:52:55.854+0000][80846.220s][info][gc,heap     ] GC(2526) Eden regions: 64->0(912)
[2025-01-07T18:52:55.854+0000][80846.220s][info][gc,heap     ] GC(2526) Survivor regions: 12->5(10)
[2025-01-07T18:52:55.854+0000][80846.220s][info][gc,heap     ] GC(2526) Old regions: 244->245
[2025-01-07T18:52:55.854+0000][80846.220s][info][gc,heap     ] GC(2526) Archive regions: 2->2
[2025-01-07T18:52:55.854+0000][80846.220s][info][gc,heap     ] GC(2526) Humongous regions: 49->49
[2025-01-07T18:52:55.854+0000][80846.220s][info][gc,metaspace] GC(2526) Metaspace: 498151K(506304K)->498151K(506304K) NonClass: 437617K(441792K)->437617K(441792K) Class: 60534K(64512K)->60534K(64512K)
[2025-01-07T18:52:55.854+0000][80846.220s][info][gc          ] GC(2526) Pause Young (Mixed) (G1 Evacuation Pause) 2945M->2392M(12288M) 65.745ms
[2025-01-07T18:52:55.854+0000][80846.220s][info][gc,cpu      ] GC(2526) User=0.38s Sys=0.00s Real=0.07s
[2025-01-07T18:53:04.251+0000][80854.617s][info][gc,start    ] GC(2527) Pause Young (Normal) (G1 Evacuation Pause)
[2025-01-07T18:53:04.251+0000][80854.617s][info][gc,task     ] GC(2527) Using 6 workers of 6 for evacuation
[2025-01-07T18:53:04.275+0000][80854.641s][info][gc,phases   ] GC(2527)   Pre Evacuate Collection Set: 0.2ms
[2025-01-07T18:53:04.275+0000][80854.641s][info][gc,phases   ] GC(2527)   Merge Heap Roots: 0.4ms
[2025-01-07T18:53:04.275+0000][80854.641s][info][gc,phases   ] GC(2527)   Evacuate Collection Set: 20.5ms
[2025-01-07T18:53:04.275+0000][80854.641s][info][gc,phases   ] GC(2527)   Post Evacuate Collection Set: 2.6ms
[2025-01-07T18:53:04.275+0000][80854.641s][info][gc,phases   ] GC(2527)   Other: 0.2ms
[2025-01-07T18:53:04.275+0000][80854.641s][info][gc,heap     ] GC(2527) Eden regions: 912->0(911)
[2025-01-07T18:53:04.275+0000][80854.641s][info][gc,heap     ] GC(2527) Survivor regions: 5->6(115)
[2025-01-07T18:53:04.275+0000][80854.641s][info][gc,heap     ] GC(2527) Old regions: 245->245
[2025-01-07T18:53:04.275+0000][80854.641s][info][gc,heap     ] GC(2527) Archive regions: 2->2
[2025-01-07T18:53:04.275+0000][80854.641s][info][gc,heap     ] GC(2527) Humongous regions: 49->49
[2025-01-07T18:53:04.275+0000][80854.641s][info][gc,metaspace] GC(2527) Metaspace: 498151K(506304K)->498151K(506304K) NonClass: 437617K(441792K)->437617K(441792K) Class: 60534K(64512K)->60534K(64512K)
[2025-01-07T18:53:04.275+0000][80854.641s][info][gc          ] GC(2527) Pause Young (Normal) (G1 Evacuation Pause) 9688M->2399M(12288M) 24.025ms
[2025-01-07T18:53:04.275+0000][80854.641s][info][gc,cpu      ] GC(2527) User=0.14s Sys=0.00s Real=0.02s
[2025-01-07T18:53:11.871+0000][80862.237s][info][gc,start    ] GC(2528) Pause Young (Normal) (G1 Evacuation Pause)
[2025-01-07T18:53:11.871+0000][80862.237s][info][gc,task     ] GC(2528) Using 6 workers of 6 for evacuation
[2025-01-07T18:53:11.904+0000][80862.270s][info][gc,phases   ] GC(2528)   Pre Evacuate Collection Set: 0.2ms
[2025-01-07T18:53:11.904+0000][80862.270s][info][gc,phases   ] GC(2528)   Merge Heap Roots: 0.4ms
[2025-01-07T18:53:11.904+0000][80862.270s][info][gc,phases   ] GC(2528)   Evacuate Collection Set: 29.1ms
[2025-01-07T18:53:11.904+0000][80862.270s][info][gc,phases   ] GC(2528)   Post Evacuate Collection Set: 2.7ms
[2025-01-07T18:53:11.904+0000][80862.270s][info][gc,phases   ] GC(2528)   Other: 0.2ms
[2025-01-07T18:53:11.904+0000][80862.270s][info][gc,heap     ] GC(2528) Eden regions: 911->0(909)
[2025-01-07T18:53:11.904+0000][80862.270s][info][gc,heap     ] GC(2528) Survivor regions: 6->8(115)
[2025-01-07T18:53:11.904+0000][80862.270s][info][gc,heap     ] GC(2528) Old regions: 245->245
[2025-01-07T18:53:11.904+0000][80862.270s][info][gc,heap     ] GC(2528) Archive regions: 2->2
[2025-01-07T18:53:11.904+0000][80862.270s][info][gc,heap     ] GC(2528) Humongous regions: 49->49
[2025-01-07T18:53:11.904+0000][80862.270s][info][gc,metaspace] GC(2528) Metaspace: 498151K(506304K)->498151K(506304K) NonClass: 437617K(441792K)->437617K(441792K) Class: 60534K(64512K)->60534K(64512K)
[2025-01-07T18:53:11.904+0000][80862.270s][info][gc          ] GC(2528) Pause Young (Normal) (G1 Evacuation Pause) 9687M->2415M(12288M) 32.797ms
[2025-01-07T18:53:11.904+0000][80862.270s][info][gc,cpu      ] GC(2528) User=0.19s Sys=0.00s Real=0.03s
[2025-01-07T18:53:16.817+0000][80867.183s][info][gc,start    ] GC(2529) Pause Young (Concurrent Start) (G1 Evacuation Pause)
[2025-01-07T18:53:16.817+0000][80867.183s][info][gc,task     ] GC(2529) Using 6 workers of 6 for evacuation
[2025-01-07T18:53:16.849+0000][80867.215s][info][gc,phases   ] GC(2529)   Pre Evacuate Collection Set: 1.0ms
[2025-01-07T18:53:16.849+0000][80867.215s][info][gc,phases   ] GC(2529)   Merge Heap Roots: 0.5ms
[2025-01-07T18:53:16.849+0000][80867.215s][info][gc,phases   ] GC(2529)   Evacuate Collection Set: 28.0ms
[2025-01-07T18:53:16.849+0000][80867.215s][info][gc,phases   ] GC(2529)   Post Evacuate Collection Set: 2.5ms
[2025-01-07T18:53:16.849+0000][80867.215s][info][gc,phases   ] GC(2529)   Other: 0.3ms
[2025-01-07T18:53:16.849+0000][80867.215s][info][gc,heap     ] GC(2529) Eden regions: 909->0(909)
[2025-01-07T18:53:16.849+0000][80867.215s][info][gc,heap     ] GC(2529) Survivor regions: 8->9(115)
[2025-01-07T18:53:16.849+0000][80867.215s][info][gc,heap     ] GC(2529) Old regions: 245->245
[2025-01-07T18:53:16.849+0000][80867.215s][info][gc,heap     ] GC(2529) Archive regions: 2->2
[2025-01-07T18:53:16.849+0000][80867.215s][info][gc,heap     ] GC(2529) Humongous regions: 49->49
[2025-01-07T18:53:16.849+0000][80867.215s][info][gc,metaspace] GC(2529) Metaspace: 498151K(506304K)->498151K(506304K) NonClass: 437617K(441792K)->437617K(441792K) Class: 60534K(64512K)->60534K(64512K)
[2025-01-07T18:53:16.849+0000][80867.215s][info][gc          ] GC(2529) Pause Young (Concurrent Start) (G1 Evacuation Pause) 9687M->2421M(12288M) 32.406ms
[2025-01-07T18:53:16.849+0000][80867.215s][info][gc,cpu      ] GC(2529) User=0.19s Sys=0.00s Real=0.03s
[2025-01-07T18:53:16.849+0000][80867.215s][info][gc          ] GC(2530) Concurrent Mark Cycle
[2025-01-07T18:53:16.849+0000][80867.215s][info][gc,marking  ] GC(2530) Concurrent Clear Claimed Marks
[2025-01-07T18:53:16.850+0000][80867.216s][info][gc,marking  ] GC(2530) Concurrent Clear Claimed Marks 0.894ms
[2025-01-07T18:53:16.850+0000][80867.216s][info][gc,marking  ] GC(2530) Concurrent Scan Root Regions
[2025-01-07T18:53:16.877+0000][80867.243s][info][gc,marking  ] GC(2530) Concurrent Scan Root Regions 26.349ms
[2025-01-07T18:53:16.877+0000][80867.243s][info][gc,marking  ] GC(2530) Concurrent Mark
[2025-01-07T18:53:16.877+0000][80867.243s][info][gc,marking  ] GC(2530) Concurrent Mark From Roots
[2025-01-07T18:53:16.877+0000][80867.243s][info][gc,task     ] GC(2530) Using 2 workers of 2 for marking
[2025-01-07T18:53:17.951+0000][80868.317s][info][gc,marking  ] GC(2530) Concurrent Mark From Roots 1074.183ms
[2025-01-07T18:53:17.951+0000][80868.317s][info][gc,marking  ] GC(2530) Concurrent Preclean
[2025-01-07T18:53:17.954+0000][80868.320s][info][gc,marking  ] GC(2530) Concurrent Preclean 2.606ms
[2025-01-07T18:53:17.954+0000][80868.320s][info][gc,start    ] GC(2530) Pause Remark
[2025-01-07T18:53:17.979+0000][80868.345s][info][gc          ] GC(2530) Pause Remark 4095M->4095M(12288M) 25.437ms
[2025-01-07T18:53:17.979+0000][80868.345s][info][gc,cpu      ] GC(2530) User=0.15s Sys=0.00s Real=0.02s
[2025-01-07T18:53:17.979+0000][80868.346s][info][gc,marking  ] GC(2530) Concurrent Mark 1102.778ms
[2025-01-07T18:53:17.979+0000][80868.346s][info][gc,marking  ] GC(2530) Concurrent Rebuild Remembered Sets
[2025-01-07T18:53:18.705+0000][80869.071s][info][gc,marking  ] GC(2530) Concurrent Rebuild Remembered Sets 725.043ms
[2025-01-07T18:53:18.705+0000][80869.071s][info][gc,start    ] GC(2530) Pause Cleanup
[2025-01-07T18:53:18.705+0000][80869.071s][info][gc          ] GC(2530) Pause Cleanup 5245M->5245M(12288M) 0.435ms
[2025-01-07T18:53:18.705+0000][80869.071s][info][gc,cpu      ] GC(2530) User=0.00s Sys=0.00s Real=0.00s
[2025-01-07T18:53:18.705+0000][80869.071s][info][gc,marking  ] GC(2530) Concurrent Cleanup for Next Mark
[2025-01-07T18:53:18.733+0000][80869.099s][info][gc,marking  ] GC(2530) Concurrent Cleanup for Next Mark 27.958ms
[2025-01-07T18:53:18.733+0000][80869.099s][info][gc          ] GC(2530) Concurrent Mark Cycle 1883.877ms
[2025-01-07T18:53:22.365+0000][80872.731s][info][gc,start    ] GC(2531) Pause Young (Prepare Mixed) (G1 Evacuation Pause)
[2025-01-07T18:53:22.365+0000][80872.731s][info][gc,task     ] GC(2531) Using 6 workers of 6 for evacuation
[2025-01-07T18:53:22.398+0000][80872.764s][info][gc,phases   ] GC(2531)   Pre Evacuate Collection Set: 0.2ms
[2025-01-07T18:53:22.398+0000][80872.764s][info][gc,phases   ] GC(2531)   Merge Heap Roots: 0.8ms
[2025-01-07T18:53:22.398+0000][80872.764s][info][gc,phases   ] GC(2531)   Evacuate Collection Set: 28.9ms
[2025-01-07T18:53:22.398+0000][80872.764s][info][gc,phases   ] GC(2531)   Post Evacuate Collection Set: 2.6ms
[2025-01-07T18:53:22.398+0000][80872.764s][info][gc,phases   ] GC(2531)   Other: 0.2ms
[2025-01-07T18:53:22.398+0000][80872.764s][info][gc,heap     ] GC(2531) Eden regions: 909->0(67)
[2025-01-07T18:53:22.398+0000][80872.764s][info][gc,heap     ] GC(2531) Survivor regions: 9->9(115)
[2025-01-07T18:53:22.398+0000][80872.764s][info][gc,heap     ] GC(2531) Old regions: 245->245
[2025-01-07T18:53:22.398+0000][80872.764s][info][gc,heap     ] GC(2531) Archive regions: 2->2
[2025-01-07T18:53:22.398+0000][80872.764s][info][gc,heap     ] GC(2531) Humongous regions: 49->49
[2025-01-07T18:53:22.398+0000][80872.764s][info][gc,metaspace] GC(2531) Metaspace: 498151K(506304K)->498151K(506304K) NonClass: 437617K(441792K)->437617K(441792K) Class: 60534K(64512K)->60534K(64512K)
[2025-01-07T18:53:22.398+0000][80872.764s][info][gc          ] GC(2531) Pause Young (Prepare Mixed) (G1 Evacuation Pause) 9693M->2425M(12288M) 32.784ms
[2025-01-07T18:53:22.398+0000][80872.764s][info][gc,cpu      ] GC(2531) User=0.19s Sys=0.00s Real=0.03s
[2025-01-07T18:53:22.766+0000][80873.132s][info][gc,start    ] GC(2532) Pause Young (Mixed) (G1 Evacuation Pause)
[2025-01-07T18:53:22.766+0000][80873.132s][info][gc,task     ] GC(2532) Using 6 workers of 6 for evacuation
[2025-01-07T18:53:22.832+0000][80873.198s][info][gc,phases   ] GC(2532)   Pre Evacuate Collection Set: 0.2ms
[2025-01-07T18:53:22.832+0000][80873.198s][info][gc,phases   ] GC(2532)   Merge Heap Roots: 0.8ms
[2025-01-07T18:53:22.832+0000][80873.198s][info][gc,phases   ] GC(2532)   Evacuate Collection Set: 63.4ms
[2025-01-07T18:53:22.832+0000][80873.198s][info][gc,phases   ] GC(2532)   Post Evacuate Collection Set: 2.0ms
[2025-01-07T18:53:22.832+0000][80873.198s][info][gc,phases   ] GC(2532)   Other: 0.2ms
[2025-01-07T18:53:22.832+0000][80873.198s][info][gc,heap     ] GC(2532) Eden regions: 67->0(914)
[2025-01-07T18:53:22.832+0000][80873.198s][info][gc,heap     ] GC(2532) Survivor regions: 9->6(10)
[2025-01-07T18:53:22.832+0000][80873.198s][info][gc,heap     ] GC(2532) Old regions: 245->244
[2025-01-07T18:53:22.832+0000][80873.198s][info][gc,heap     ] GC(2532) Archive regions: 2->2
[2025-01-07T18:53:22.832+0000][80873.198s][info][gc,heap     ] GC(2532) Humongous regions: 49->49
[2025-01-07T18:53:22.832+0000][80873.198s][info][gc,metaspace] GC(2532) Metaspace: 498151K(506304K)->498151K(506304K) NonClass: 437617K(441792K)->437617K(441792K) Class: 60534K(64512K)->60534K(64512K)
[2025-01-07T18:53:22.832+0000][80873.198s][info][gc          ] GC(2532) Pause Young (Mixed) (G1 Evacuation Pause) 2961M->2391M(12288M) 66.645ms
[2025-01-07T18:53:22.832+0000][80873.199s][info][gc,cpu      ] GC(2532) User=0.38s Sys=0.00s Real=0.07s
[2025-01-07T18:53:31.537+0000][80881.903s][info][gc,start    ] GC(2533) Pause Young (Normal) (G1 Evacuation Pause)
[2025-01-07T18:53:31.537+0000][80881.903s][info][gc,task     ] GC(2533) Using 6 workers of 6 for evacuation
[2025-01-07T18:53:31.571+0000][80881.937s][info][gc,phases   ] GC(2533)   Pre Evacuate Collection Set: 0.3ms
[2025-01-07T18:53:31.571+0000][80881.937s][info][gc,phases   ] GC(2533)   Merge Heap Roots: 0.5ms
[2025-01-07T18:53:31.571+0000][80881.937s][info][gc,phases   ] GC(2533)   Evacuate Collection Set: 27.6ms
[2025-01-07T18:53:31.571+0000][80881.937s][info][gc,phases   ] GC(2533)   Post Evacuate Collection Set: 5.8ms
[2025-01-07T18:53:31.571+0000][80881.937s][info][gc,phases   ] GC(2533)   Other: 0.3ms
[2025-01-07T18:53:31.571+0000][80881.937s][info][gc,heap     ] GC(2533) Eden regions: 914->0(910)
[2025-01-07T18:53:31.571+0000][80881.937s][info][gc,heap     ] GC(2533) Survivor regions: 6->8(115)
[2025-01-07T18:53:31.571+0000][80881.937s][info][gc,heap     ] GC(2533) Old regions: 244->244
[2025-01-07T18:53:31.571+0000][80881.937s][info][gc,heap     ] GC(2533) Archive regions: 2->2
[2025-01-07T18:53:31.571+0000][80881.937s][info][gc,heap     ] GC(2533) Humongous regions: 49->49
[2025-01-07T18:53:31.571+0000][80881.937s][info][gc,metaspace] GC(2533) Metaspace: 498151K(506304K)->498151K(506304K) NonClass: 437617K(441792K)->437617K(441792K) Class: 60534K(64512K)->60534K(64512K)
[2025-01-07T18:53:31.571+0000][80881.937s][info][gc          ] GC(2533) Pause Young (Normal) (G1 Evacuation Pause) 9703M->2411M(12288M) 34.476ms
[2025-01-07T18:53:31.571+0000][80881.938s][info][gc,cpu      ] GC(2533) User=0.20s Sys=0.01s Real=0.04s
[2025-01-07T18:53:40.812+0000][80891.178s][info][gc,start    ] GC(2534) Pause Young (Normal) (G1 Evacuation Pause)
[2025-01-07T18:53:40.812+0000][80891.178s][info][gc,task     ] GC(2534) Using 6 workers of 6 for evacuation
[2025-01-07T18:53:40.848+0000][80891.214s][info][gc,phases   ] GC(2534)   Pre Evacuate Collection Set: 0.2ms
[2025-01-07T18:53:40.848+0000][80891.214s][info][gc,phases   ] GC(2534)   Merge Heap Roots: 0.5ms
[2025-01-07T18:53:40.848+0000][80891.214s][info][gc,phases   ] GC(2534)   Evacuate Collection Set: 31.9ms
[2025-01-07T18:53:40.848+0000][80891.214s][info][gc,phases   ] GC(2534)   Post Evacuate Collection Set: 2.9ms
[2025-01-07T18:53:40.848+0000][80891.214s][info][gc,phases   ] GC(2534)   Other: 0.2ms
[2025-01-07T18:53:40.848+0000][80891.214s][info][gc,heap     ] GC(2534) Eden regions: 910->0(909)
[2025-01-07T18:53:40.848+0000][80891.214s][info][gc,heap     ] GC(2534) Survivor regions: 8->9(115)
[2025-01-07T18:53:40.848+0000][80891.214s][info][gc,heap     ] GC(2534) Old regions: 244->244
[2025-01-07T18:53:40.848+0000][80891.214s][info][gc,heap     ] GC(2534) Archive regions: 2->2
[2025-01-07T18:53:40.848+0000][80891.214s][info][gc,heap     ] GC(2534) Humongous regions: 49->49
[2025-01-07T18:53:40.848+0000][80891.214s][info][gc,metaspace] GC(2534) Metaspace: 498151K(506304K)->498151K(506304K) NonClass: 437617K(441792K)->437617K(441792K) Class: 60534K(64512K)->60534K(64512K)
[2025-01-07T18:53:40.848+0000][80891.214s][info][gc          ] GC(2534) Pause Young (Normal) (G1 Evacuation Pause) 9691M->2414M(12288M) 35.765ms
[2025-01-07T18:53:40.848+0000][80891.214s][info][gc,cpu      ] GC(2534) User=0.20s Sys=0.00s Real=0.03s
[2025-01-07T18:53:49.905+0000][80900.271s][info][gc,start    ] GC(2535) Pause Young (Concurrent Start) (G1 Evacuation Pause)
[2025-01-07T18:53:49.905+0000][80900.271s][info][gc,task     ] GC(2535) Using 6 workers of 6 for evacuation
[2025-01-07T18:53:49.947+0000][80900.313s][info][gc,phases   ] GC(2535)   Pre Evacuate Collection Set: 1.0ms
[2025-01-07T18:53:49.947+0000][80900.313s][info][gc,phases   ] GC(2535)   Merge Heap Roots: 0.5ms
[2025-01-07T18:53:49.947+0000][80900.313s][info][gc,phases   ] GC(2535)   Evacuate Collection Set: 35.9ms
[2025-01-07T18:53:49.947+0000][80900.313s][info][gc,phases   ] GC(2535)   Post Evacuate Collection Set: 4.4ms
[2025-01-07T18:53:49.947+0000][80900.313s][info][gc,phases   ] GC(2535)   Other: 0.3ms
[2025-01-07T18:53:49.947+0000][80900.313s][info][gc,heap     ] GC(2535) Eden regions: 909->0(906)
[2025-01-07T18:53:49.947+0000][80900.313s][info][gc,heap     ] GC(2535) Survivor regions: 9->11(115)
[2025-01-07T18:53:49.947+0000][80900.313s][info][gc,heap     ] GC(2535) Old regions: 244->244
[2025-01-07T18:53:49.947+0000][80900.313s][info][gc,heap     ] GC(2535) Archive regions: 2->2
[2025-01-07T18:53:49.947+0000][80900.313s][info][gc,heap     ] GC(2535) Humongous regions: 49->49
[2025-01-07T18:53:49.947+0000][80900.313s][info][gc,metaspace] GC(2535) Metaspace: 498151K(506304K)->498151K(506304K) NonClass: 437617K(441792K)->437617K(441792K) Class: 60534K(64512K)->60534K(64512K)
[2025-01-07T18:53:49.947+0000][80900.313s][info][gc          ] GC(2535) Pause Young (Concurrent Start) (G1 Evacuation Pause) 9686M->2435M(12288M) 42.249ms
[2025-01-07T18:53:49.947+0000][80900.313s][info][gc,cpu      ] GC(2535) User=0.24s Sys=0.00s Real=0.04s
[2025-01-07T18:53:49.947+0000][80900.313s][info][gc          ] GC(2536) Concurrent Mark Cycle
[2025-01-07T18:53:49.947+0000][80900.313s][info][gc,marking  ] GC(2536) Concurrent Clear Claimed Marks
[2025-01-07T18:53:49.948+0000][80900.314s][info][gc,marking  ] GC(2536) Concurrent Clear Claimed Marks 0.807ms
[2025-01-07T18:53:49.948+0000][80900.314s][info][gc,marking  ] GC(2536) Concurrent Scan Root Regions
[2025-01-07T18:53:49.978+0000][80900.344s][info][gc,marking  ] GC(2536) Concurrent Scan Root Regions 29.659ms
[2025-01-07T18:53:49.978+0000][80900.344s][info][gc,marking  ] GC(2536) Concurrent Mark
[2025-01-07T18:53:49.978+0000][80900.344s][info][gc,marking  ] GC(2536) Concurrent Mark From Roots
[2025-01-07T18:53:49.978+0000][80900.344s][info][gc,task     ] GC(2536) Using 2 workers of 2 for marking
[2025-01-07T18:53:50.847+0000][80901.213s][info][gc,marking  ] GC(2536) Concurrent Mark From Roots 869.123ms
[2025-01-07T18:53:50.847+0000][80901.213s][info][gc,marking  ] GC(2536) Concurrent Preclean
[2025-01-07T18:53:50.850+0000][80901.216s][info][gc,marking  ] GC(2536) Concurrent Preclean 2.703ms
[2025-01-07T18:53:50.850+0000][80901.216s][info][gc,start    ] GC(2536) Pause Remark
[2025-01-07T18:53:50.876+0000][80901.242s][info][gc          ] GC(2536) Pause Remark 3387M->3387M(12288M) 25.712ms
[2025-01-07T18:53:50.876+0000][80901.242s][info][gc,cpu      ] GC(2536) User=0.15s Sys=0.00s Real=0.02s
[2025-01-07T18:53:50.876+0000][80901.242s][info][gc,marking  ] GC(2536) Concurrent Mark 898.007ms
[2025-01-07T18:53:50.876+0000][80901.242s][info][gc,marking  ] GC(2536) Concurrent Rebuild Remembered Sets
[2025-01-07T18:53:51.479+0000][80901.845s][info][gc,marking  ] GC(2536) Concurrent Rebuild Remembered Sets 602.827ms
[2025-01-07T18:53:51.479+0000][80901.845s][info][gc,start    ] GC(2536) Pause Cleanup
[2025-01-07T18:53:51.479+0000][80901.845s][info][gc          ] GC(2536) Pause Cleanup 4067M->4067M(12288M) 0.493ms
[2025-01-07T18:53:51.479+0000][80901.845s][info][gc,cpu      ] GC(2536) User=0.00s Sys=0.00s Real=0.00s
[2025-01-07T18:53:51.479+0000][80901.845s][info][gc,marking  ] GC(2536) Concurrent Cleanup for Next Mark
[2025-01-07T18:53:51.495+0000][80901.861s][info][gc,marking  ] GC(2536) Concurrent Cleanup for Next Mark 15.384ms
[2025-01-07T18:53:51.495+0000][80901.861s][info][gc          ] GC(2536) Concurrent Mark Cycle 1547.579ms
[2025-01-07T18:53:57.090+0000][80907.456s][info][gc,start    ] GC(2537) Pause Young (Prepare Mixed) (G1 Evacuation Pause)
[2025-01-07T18:53:57.090+0000][80907.456s][info][gc,task     ] GC(2537) Using 6 workers of 6 for evacuation
[2025-01-07T18:53:57.129+0000][80907.495s][info][gc,phases   ] GC(2537)   Pre Evacuate Collection Set: 0.2ms
[2025-01-07T18:53:57.129+0000][80907.495s][info][gc,phases   ] GC(2537)   Merge Heap Roots: 0.8ms
[2025-01-07T18:53:57.129+0000][80907.495s][info][gc,phases   ] GC(2537)   Evacuate Collection Set: 34.8ms
[2025-01-07T18:53:57.129+0000][80907.495s][info][gc,phases   ] GC(2537)   Post Evacuate Collection Set: 2.6ms
[2025-01-07T18:53:57.129+0000][80907.495s][info][gc,phases   ] GC(2537)   Other: 0.2ms
[2025-01-07T18:53:57.129+0000][80907.495s][info][gc,heap     ] GC(2537) Eden regions: 906->0(63)
[2025-01-07T18:53:57.129+0000][80907.495s][info][gc,heap     ] GC(2537) Survivor regions: 11->13(115)
[2025-01-07T18:53:57.129+0000][80907.495s][info][gc,heap     ] GC(2537) Old regions: 244->244
[2025-01-07T18:53:57.129+0000][80907.495s][info][gc,heap     ] GC(2537) Archive regions: 2->2
[2025-01-07T18:53:57.129+0000][80907.495s][info][gc,heap     ] GC(2537) Humongous regions: 49->49
[2025-01-07T18:53:57.129+0000][80907.495s][info][gc,metaspace] GC(2537) Metaspace: 498151K(506304K)->498151K(506304K) NonClass: 437617K(441792K)->437617K(441792K) Class: 60534K(64512K)->60534K(64512K)
[2025-01-07T18:53:57.129+0000][80907.495s][info][gc          ] GC(2537) Pause Young (Prepare Mixed) (G1 Evacuation Pause) 9683M->2446M(12288M) 38.707ms
[2025-01-07T18:53:57.129+0000][80907.495s][info][gc,cpu      ] GC(2537) User=0.22s Sys=0.00s Real=0.03s
[2025-01-07T18:53:57.752+0000][80908.118s][info][gc,start    ] GC(2538) Pause Young (Mixed) (G1 Evacuation Pause)
[2025-01-07T18:53:57.752+0000][80908.118s][info][gc,task     ] GC(2538) Using 6 workers of 6 for evacuation
[2025-01-07T18:53:57.799+0000][80908.165s][info][gc,phases   ] GC(2538)   Pre Evacuate Collection Set: 0.2ms
[2025-01-07T18:53:57.799+0000][80908.166s][info][gc,phases   ] GC(2538)   Merge Heap Roots: 0.5ms
[2025-01-07T18:53:57.799+0000][80908.166s][info][gc,phases   ] GC(2538)   Evacuate Collection Set: 45.2ms
[2025-01-07T18:53:57.799+0000][80908.166s][info][gc,phases   ] GC(2538)   Post Evacuate Collection Set: 1.5ms
[2025-01-07T18:53:57.799+0000][80908.166s][info][gc,phases   ] GC(2538)   Other: 0.2ms
[2025-01-07T18:53:57.799+0000][80908.166s][info][gc,heap     ] GC(2538) Eden regions: 63->0(913)
[2025-01-07T18:53:57.799+0000][80908.166s][info][gc,heap     ] GC(2538) Survivor regions: 13->4(10)
[2025-01-07T18:53:57.799+0000][80908.166s][info][gc,heap     ] GC(2538) Old regions: 244->246
[2025-01-07T18:53:57.799+0000][80908.166s][info][gc,heap     ] GC(2538) Archive regions: 2->2
[2025-01-07T18:53:57.799+0000][80908.166s][info][gc,heap     ] GC(2538) Humongous regions: 49->49
[2025-01-07T18:53:57.799+0000][80908.166s][info][gc,metaspace] GC(2538) Metaspace: 498151K(506304K)->498151K(506304K) NonClass: 437617K(441792K)->437617K(441792K) Class: 60534K(64512K)->60534K(64512K)
[2025-01-07T18:53:57.799+0000][80908.166s][info][gc          ] GC(2538) Pause Young (Mixed) (G1 Evacuation Pause) 2950M->2389M(12288M) 47.637ms
[2025-01-07T18:53:57.800+0000][80908.166s][info][gc,cpu      ] GC(2538) User=0.28s Sys=0.00s Real=0.04s
[2025-01-07T18:54:03.772+0000][80914.138s][info][gc,start    ] GC(2539) Pause Young (Normal) (G1 Evacuation Pause)
[2025-01-07T18:54:03.772+0000][80914.138s][info][gc,task     ] GC(2539) Using 6 workers of 6 for evacuation
[2025-01-07T18:54:03.793+0000][80914.160s][info][gc,phases   ] GC(2539)   Pre Evacuate Collection Set: 0.2ms
[2025-01-07T18:54:03.793+0000][80914.160s][info][gc,phases   ] GC(2539)   Merge Heap Roots: 0.4ms
[2025-01-07T18:54:03.793+0000][80914.160s][info][gc,phases   ] GC(2539)   Evacuate Collection Set: 18.3ms
[2025-01-07T18:54:03.793+0000][80914.160s][info][gc,phases   ] GC(2539)   Post Evacuate Collection Set: 2.4ms
[2025-01-07T18:54:03.793+0000][80914.160s][info][gc,phases   ] GC(2539)   Other: 0.2ms
[2025-01-07T18:54:03.794+0000][80914.160s][info][gc,heap     ] GC(2539) Eden regions: 913->0(911)
[2025-01-07T18:54:03.794+0000][80914.160s][info][gc,heap     ] GC(2539) Survivor regions: 4->6(115)
[2025-01-07T18:54:03.794+0000][80914.160s][info][gc,heap     ] GC(2539) Old regions: 246->246
[2025-01-07T18:54:03.794+0000][80914.160s][info][gc,heap     ] GC(2539) Archive regions: 2->2
[2025-01-07T18:54:03.794+0000][80914.160s][info][gc,heap     ] GC(2539) Humongous regions: 49->49
[2025-01-07T18:54:03.794+0000][80914.160s][info][gc,metaspace] GC(2539) Metaspace: 498151K(506304K)->498151K(506304K) NonClass: 437617K(441792K)->437617K(441792K) Class: 60534K(64512K)->60534K(64512K)
[2025-01-07T18:54:03.794+0000][80914.160s][info][gc          ] GC(2539) Pause Young (Normal) (G1 Evacuation Pause) 9693M->2403M(12288M) 21.635ms
[2025-01-07T18:54:03.794+0000][80914.160s][info][gc,cpu      ] GC(2539) User=0.13s Sys=0.00s Real=0.02s
[2025-01-07T18:54:09.888+0000][80920.254s][info][gc,start    ] GC(2540) Pause Young (Normal) (G1 Evacuation Pause)
[2025-01-07T18:54:09.888+0000][80920.254s][info][gc,task     ] GC(2540) Using 6 workers of 6 for evacuation
[2025-01-07T18:54:09.910+0000][80920.276s][info][gc,phases   ] GC(2540)   Pre Evacuate Collection Set: 0.2ms
[2025-01-07T18:54:09.910+0000][80920.276s][info][gc,phases   ] GC(2540)   Merge Heap Roots: 0.4ms
[2025-01-07T18:54:09.910+0000][80920.276s][info][gc,phases   ] GC(2540)   Evacuate Collection Set: 18.7ms
[2025-01-07T18:54:09.910+0000][80920.276s][info][gc,phases   ] GC(2540)   Post Evacuate Collection Set: 2.3ms
[2025-01-07T18:54:09.910+0000][80920.276s][info][gc,phases   ] GC(2540)   Other: 0.2ms
[2025-01-07T18:54:09.910+0000][80920.276s][info][gc,heap     ] GC(2540) Eden regions: 911->0(914)
[2025-01-07T18:54:09.910+0000][80920.276s][info][gc,heap     ] GC(2540) Survivor regions: 6->5(115)
[2025-01-07T18:54:09.910+0000][80920.276s][info][gc,heap     ] GC(2540) Old regions: 246->246
[2025-01-07T18:54:09.910+0000][80920.276s][info][gc,heap     ] GC(2540) Archive regions: 2->2
[2025-01-07T18:54:09.910+0000][80920.276s][info][gc,heap     ] GC(2540) Humongous regions: 49->49
[2025-01-07T18:54:09.910+0000][80920.276s][info][gc,metaspace] GC(2540) Metaspace: 498152K(506304K)->498152K(506304K) NonClass: 437617K(441792K)->437617K(441792K) Class: 60534K(64512K)->60534K(64512K)
[2025-01-07T18:54:09.910+0000][80920.276s][info][gc          ] GC(2540) Pause Young (Normal) (G1 Evacuation Pause) 9691M->2402M(12288M) 21.843ms
[2025-01-07T18:54:09.910+0000][80920.276s][info][gc,cpu      ] GC(2540) User=0.13s Sys=0.00s Real=0.03s
[2025-01-07T18:54:16.983+0000][80927.349s][info][gc,start    ] GC(2541) Pause Young (Concurrent Start) (G1 Evacuation Pause)
[2025-01-07T18:54:16.983+0000][80927.349s][info][gc,task     ] GC(2541) Using 6 workers of 6 for evacuation
[2025-01-07T18:54:17.011+0000][80927.377s][info][gc,phases   ] GC(2541)   Pre Evacuate Collection Set: 1.0ms
[2025-01-07T18:54:17.011+0000][80927.377s][info][gc,phases   ] GC(2541)   Merge Heap Roots: 0.4ms
[2025-01-07T18:54:17.011+0000][80927.377s][info][gc,phases   ] GC(2541)   Evacuate Collection Set: 23.4ms
[2025-01-07T18:54:17.011+0000][80927.377s][info][gc,phases   ] GC(2541)   Post Evacuate Collection Set: 2.6ms
[2025-01-07T18:54:17.011+0000][80927.377s][info][gc,phases   ] GC(2541)   Other: 0.3ms
[2025-01-07T18:54:17.011+0000][80927.377s][info][gc,heap     ] GC(2541) Eden regions: 914->0(910)
[2025-01-07T18:54:17.011+0000][80927.377s][info][gc,heap     ] GC(2541) Survivor regions: 5->8(115)
[2025-01-07T18:54:17.011+0000][80927.377s][info][gc,heap     ] GC(2541) Old regions: 246->246
[2025-01-07T18:54:17.011+0000][80927.377s][info][gc,heap     ] GC(2541) Archive regions: 2->2
[2025-01-07T18:54:17.011+0000][80927.377s][info][gc,heap     ] GC(2541) Humongous regions: 49->49
[2025-01-07T18:54:17.011+0000][80927.377s][info][gc,metaspace] GC(2541) Metaspace: 498152K(506304K)->498152K(506304K) NonClass: 437617K(441792K)->437617K(441792K) Class: 60534K(64512K)->60534K(64512K)
[2025-01-07T18:54:17.011+0000][80927.377s][info][gc          ] GC(2541) Pause Young (Concurrent Start) (G1 Evacuation Pause) 9714M->2426M(12288M) 27.762ms
[2025-01-07T18:54:17.011+0000][80927.377s][info][gc,cpu      ] GC(2541) User=0.16s Sys=0.00s Real=0.03s
[2025-01-07T18:54:17.011+0000][80927.377s][info][gc          ] GC(2542) Concurrent Mark Cycle
[2025-01-07T18:54:17.011+0000][80927.377s][info][gc,marking  ] GC(2542) Concurrent Clear Claimed Marks
[2025-01-07T18:54:17.012+0000][80927.378s][info][gc,marking  ] GC(2542) Concurrent Clear Claimed Marks 0.762ms
[2025-01-07T18:54:17.012+0000][80927.378s][info][gc,marking  ] GC(2542) Concurrent Scan Root Regions
[2025-01-07T18:54:17.028+0000][80927.394s][info][gc,marking  ] GC(2542) Concurrent Scan Root Regions 16.381ms
[2025-01-07T18:54:17.028+0000][80927.394s][info][gc,marking  ] GC(2542) Concurrent Mark
[2025-01-07T18:54:17.028+0000][80927.394s][info][gc,marking  ] GC(2542) Concurrent Mark From Roots
[2025-01-07T18:54:17.028+0000][80927.394s][info][gc,task     ] GC(2542) Using 2 workers of 2 for marking
[2025-01-07T18:54:17.893+0000][80928.259s][info][gc,marking  ] GC(2542) Concurrent Mark From Roots 864.852ms
[2025-01-07T18:54:17.893+0000][80928.259s][info][gc,marking  ] GC(2542) Concurrent Preclean
[2025-01-07T18:54:17.896+0000][80928.262s][info][gc,marking  ] GC(2542) Concurrent Preclean 2.722ms
[2025-01-07T18:54:17.896+0000][80928.262s][info][gc,start    ] GC(2542) Pause Remark
[2025-01-07T18:54:17.921+0000][80928.287s][info][gc          ] GC(2542) Pause Remark 3327M->3327M(12288M) 24.941ms
[2025-01-07T18:54:17.921+0000][80928.287s][info][gc,cpu      ] GC(2542) User=0.15s Sys=0.00s Real=0.02s
[2025-01-07T18:54:17.921+0000][80928.287s][info][gc,marking  ] GC(2542) Concurrent Mark 892.989ms
[2025-01-07T18:54:17.921+0000][80928.287s][info][gc,marking  ] GC(2542) Concurrent Rebuild Remembered Sets
[2025-01-07T18:54:18.448+0000][80928.814s][info][gc,marking  ] GC(2542) Concurrent Rebuild Remembered Sets 526.717ms
[2025-01-07T18:54:18.448+0000][80928.814s][info][gc,start    ] GC(2542) Pause Cleanup
[2025-01-07T18:54:18.448+0000][80928.814s][info][gc          ] GC(2542) Pause Cleanup 3818M->3818M(12288M) 0.458ms
[2025-01-07T18:54:18.448+0000][80928.814s][info][gc,cpu      ] GC(2542) User=0.00s Sys=0.00s Real=0.00s
[2025-01-07T18:54:18.448+0000][80928.815s][info][gc,marking  ] GC(2542) Concurrent Cleanup for Next Mark
[2025-01-07T18:54:18.464+0000][80928.830s][info][gc,marking  ] GC(2542) Concurrent Cleanup for Next Mark 15.310ms
[2025-01-07T18:54:18.464+0000][80928.830s][info][gc          ] GC(2542) Concurrent Mark Cycle 1453.008ms
[2025-01-07T18:54:24.939+0000][80935.305s][info][gc,start    ] GC(2543) Pause Young (Prepare Mixed) (G1 Evacuation Pause)
[2025-01-07T18:54:24.939+0000][80935.305s][info][gc,task     ] GC(2543) Using 6 workers of 6 for evacuation
[2025-01-07T18:54:24.974+0000][80935.340s][info][gc,phases   ] GC(2543)   Pre Evacuate Collection Set: 0.2ms
[2025-01-07T18:54:24.974+0000][80935.340s][info][gc,phases   ] GC(2543)   Merge Heap Roots: 0.6ms
[2025-01-07T18:54:24.974+0000][80935.340s][info][gc,phases   ] GC(2543)   Evacuate Collection Set: 28.5ms
[2025-01-07T18:54:24.974+0000][80935.340s][info][gc,phases   ] GC(2543)   Post Evacuate Collection Set: 5.4ms
[2025-01-07T18:54:24.974+0000][80935.340s][info][gc,phases   ] GC(2543)   Other: 0.2ms
[2025-01-07T18:54:24.974+0000][80935.340s][info][gc,heap     ] GC(2543) Eden regions: 910->0(65)
[2025-01-07T18:54:24.974+0000][80935.340s][info][gc,heap     ] GC(2543) Survivor regions: 8->11(115)
[2025-01-07T18:54:24.974+0000][80935.340s][info][gc,heap     ] GC(2543) Old regions: 246->246
[2025-01-07T18:54:24.974+0000][80935.340s][info][gc,heap     ] GC(2543) Archive regions: 2->2
[2025-01-07T18:54:24.974+0000][80935.340s][info][gc,heap     ] GC(2543) Humongous regions: 49->49
[2025-01-07T18:54:24.974+0000][80935.340s][info][gc,metaspace] GC(2543) Metaspace: 498152K(506304K)->498152K(506304K) NonClass: 437617K(441792K)->437617K(441792K) Class: 60534K(64512K)->60534K(64512K)
[2025-01-07T18:54:24.974+0000][80935.340s][info][gc          ] GC(2543) Pause Young (Prepare Mixed) (G1 Evacuation Pause) 9706M->2450M(12288M) 35.018ms
[2025-01-07T18:54:24.974+0000][80935.340s][info][gc,cpu      ] GC(2543) User=0.20s Sys=0.00s Real=0.04s
[2025-01-07T18:54:25.852+0000][80936.218s][info][gc,start    ] GC(2544) Pause Young (Mixed) (G1 Evacuation Pause)
[2025-01-07T18:54:25.852+0000][80936.218s][info][gc,task     ] GC(2544) Using 6 workers of 6 for evacuation
[2025-01-07T18:54:25.904+0000][80936.270s][info][gc,phases   ] GC(2544)   Pre Evacuate Collection Set: 0.2ms
[2025-01-07T18:54:25.904+0000][80936.270s][info][gc,phases   ] GC(2544)   Merge Heap Roots: 0.6ms
[2025-01-07T18:54:25.904+0000][80936.270s][info][gc,phases   ] GC(2544)   Evacuate Collection Set: 49.0ms
[2025-01-07T18:54:25.904+0000][80936.270s][info][gc,phases   ] GC(2544)   Post Evacuate Collection Set: 1.8ms
[2025-01-07T18:54:25.904+0000][80936.270s][info][gc,phases   ] GC(2544)   Other: 0.2ms
[2025-01-07T18:54:25.904+0000][80936.270s][info][gc,heap     ] GC(2544) Eden regions: 65->0(912)
[2025-01-07T18:54:25.904+0000][80936.270s][info][gc,heap     ] GC(2544) Survivor regions: 11->4(10)
[2025-01-07T18:54:25.904+0000][80936.270s][info][gc,heap     ] GC(2544) Old regions: 246->246
[2025-01-07T18:54:25.904+0000][80936.270s][info][gc,heap     ] GC(2544) Archive regions: 2->2
[2025-01-07T18:54:25.904+0000][80936.270s][info][gc,heap     ] GC(2544) Humongous regions: 49->49
[2025-01-07T18:54:25.904+0000][80936.270s][info][gc,metaspace] GC(2544) Metaspace: 498152K(506304K)->498152K(506304K) NonClass: 437617K(441792K)->437617K(441792K) Class: 60534K(64512K)->60534K(64512K)
[2025-01-07T18:54:25.904+0000][80936.270s][info][gc          ] GC(2544) Pause Young (Mixed) (G1 Evacuation Pause) 2970M->2392M(12288M) 51.829ms
[2025-01-07T18:54:25.904+0000][80936.270s][info][gc,cpu      ] GC(2544) User=0.30s Sys=0.00s Real=0.05s
[2025-01-07T18:54:33.112+0000][80943.479s][info][gc,start    ] GC(2545) Pause Young (Normal) (G1 Evacuation Pause)
[2025-01-07T18:54:33.112+0000][80943.479s][info][gc,task     ] GC(2545) Using 6 workers of 6 for evacuation
[2025-01-07T18:54:33.135+0000][80943.501s][info][gc,phases   ] GC(2545)   Pre Evacuate Collection Set: 0.2ms
[2025-01-07T18:54:33.135+0000][80943.501s][info][gc,phases   ] GC(2545)   Merge Heap Roots: 0.4ms
[2025-01-07T18:54:33.135+0000][80943.501s][info][gc,phases   ] GC(2545)   Evacuate Collection Set: 19.6ms
[2025-01-07T18:54:33.135+0000][80943.501s][info][gc,phases   ] GC(2545)   Post Evacuate Collection Set: 2.6ms
[2025-01-07T18:54:33.135+0000][80943.501s][info][gc,phases   ] GC(2545)   Other: 0.2ms
[2025-01-07T18:54:33.135+0000][80943.501s][info][gc,heap     ] GC(2545) Eden regions: 912->0(910)
[2025-01-07T18:54:33.135+0000][80943.501s][info][gc,heap     ] GC(2545) Survivor regions: 4->6(115)
[2025-01-07T18:54:33.135+0000][80943.501s][info][gc,heap     ] GC(2545) Old regions: 246->246
[2025-01-07T18:54:33.135+0000][80943.501s][info][gc,heap     ] GC(2545) Archive regions: 2->2
[2025-01-07T18:54:33.135+0000][80943.501s][info][gc,heap     ] GC(2545) Humongous regions: 49->49
[2025-01-07T18:54:33.135+0000][80943.501s][info][gc,metaspace] GC(2545) Metaspace: 498152K(506304K)->498152K(506304K) NonClass: 437617K(441792K)->437617K(441792K) Class: 60534K(64512K)->60534K(64512K)
[2025-01-07T18:54:33.135+0000][80943.501s][info][gc          ] GC(2545) Pause Young (Normal) (G1 Evacuation Pause) 9688M->2408M(12288M) 22.983ms
[2025-01-07T18:54:33.135+0000][80943.502s][info][gc,cpu      ] GC(2545) User=0.14s Sys=0.00s Real=0.02s
[2025-01-07T18:54:43.572+0000][80953.938s][info][gc,start    ] GC(2546) Pause Young (Normal) (G1 Evacuation Pause)
[2025-01-07T18:54:43.572+0000][80953.938s][info][gc,task     ] GC(2546) Using 6 workers of 6 for evacuation
[2025-01-07T18:54:43.598+0000][80953.964s][info][gc,phases   ] GC(2546)   Pre Evacuate Collection Set: 0.2ms
[2025-01-07T18:54:43.598+0000][80953.964s][info][gc,phases   ] GC(2546)   Merge Heap Roots: 0.4ms
[2025-01-07T18:54:43.598+0000][80953.964s][info][gc,phases   ] GC(2546)   Evacuate Collection Set: 21.4ms
[2025-01-07T18:54:43.598+0000][80953.964s][info][gc,phases   ] GC(2546)   Post Evacuate Collection Set: 4.0ms
[2025-01-07T18:54:43.598+0000][80953.964s][info][gc,phases   ] GC(2546)   Other: 0.2ms
[2025-01-07T18:54:43.598+0000][80953.964s][info][gc,heap     ] GC(2546) Eden regions: 910->0(907)
[2025-01-07T18:54:43.598+0000][80953.964s][info][gc,heap     ] GC(2546) Survivor regions: 6->8(115)
[2025-01-07T18:54:43.598+0000][80953.964s][info][gc,heap     ] GC(2546) Old regions: 246->246
[2025-01-07T18:54:43.598+0000][80953.964s][info][gc,heap     ] GC(2546) Archive regions: 2->2
[2025-01-07T18:54:43.598+0000][80953.964s][info][gc,heap     ] GC(2546) Humongous regions: 49->49
[2025-01-07T18:54:43.598+0000][80953.964s][info][gc,metaspace] GC(2546) Metaspace: 498152K(506304K)->498152K(506304K) NonClass: 437617K(441792K)->437617K(441792K) Class: 60534K(64512K)->60534K(64512K)
[2025-01-07T18:54:43.598+0000][80953.964s][info][gc          ] GC(2546) Pause Young (Normal) (G1 Evacuation Pause) 9688M->2423M(12288M) 26.199ms
[2025-01-07T18:54:43.598+0000][80953.964s][info][gc,cpu      ] GC(2546) User=0.15s Sys=0.00s Real=0.02s
[2025-01-07T18:54:53.625+0000][80963.991s][info][gc,start    ] GC(2547) Pause Young (Concurrent Start) (G1 Evacuation Pause)
[2025-01-07T18:54:53.625+0000][80963.991s][info][gc,task     ] GC(2547) Using 6 workers of 6 for evacuation
[2025-01-07T18:54:53.657+0000][80964.023s][info][gc,phases   ] GC(2547)   Pre Evacuate Collection Set: 1.0ms
[2025-01-07T18:54:53.657+0000][80964.023s][info][gc,phases   ] GC(2547)   Merge Heap Roots: 0.5ms
[2025-01-07T18:54:53.657+0000][80964.023s][info][gc,phases   ] GC(2547)   Evacuate Collection Set: 28.2ms
[2025-01-07T18:54:53.657+0000][80964.023s][info][gc,phases   ] GC(2547)   Post Evacuate Collection Set: 2.6ms
[2025-01-07T18:54:53.657+0000][80964.023s][info][gc,phases   ] GC(2547)   Other: 0.3ms
[2025-01-07T18:54:53.657+0000][80964.023s][info][gc,heap     ] GC(2547) Eden regions: 907->0(905)
[2025-01-07T18:54:53.657+0000][80964.023s][info][gc,heap     ] GC(2547) Survivor regions: 8->10(115)
[2025-01-07T18:54:53.657+0000][80964.023s][info][gc,heap     ] GC(2547) Old regions: 246->246
[2025-01-07T18:54:53.657+0000][80964.023s][info][gc,heap     ] GC(2547) Archive regions: 2->2
[2025-01-07T18:54:53.657+0000][80964.023s][info][gc,heap     ] GC(2547) Humongous regions: 49->49
[2025-01-07T18:54:53.657+0000][80964.023s][info][gc,metaspace] GC(2547) Metaspace: 498152K(506304K)->498152K(506304K) NonClass: 437617K(441792K)->437617K(441792K) Class: 60534K(64512K)->60534K(64512K)
[2025-01-07T18:54:53.657+0000][80964.024s][info][gc          ] GC(2547) Pause Young (Concurrent Start) (G1 Evacuation Pause) 9679M->2435M(12288M) 32.594ms
[2025-01-07T18:54:53.657+0000][80964.024s][info][gc,cpu      ] GC(2547) User=0.18s Sys=0.00s Real=0.03s
[2025-01-07T18:54:53.658+0000][80964.024s][info][gc          ] GC(2548) Concurrent Mark Cycle
[2025-01-07T18:54:53.658+0000][80964.024s][info][gc,marking  ] GC(2548) Concurrent Clear Claimed Marks
[2025-01-07T18:54:53.658+0000][80964.024s][info][gc,marking  ] GC(2548) Concurrent Clear Claimed Marks 0.830ms
[2025-01-07T18:54:53.658+0000][80964.024s][info][gc,marking  ] GC(2548) Concurrent Scan Root Regions
[2025-01-07T18:54:53.683+0000][80964.049s][info][gc,marking  ] GC(2548) Concurrent Scan Root Regions 24.633ms
[2025-01-07T18:54:53.683+0000][80964.049s][info][gc,marking  ] GC(2548) Concurrent Mark
[2025-01-07T18:54:53.683+0000][80964.049s][info][gc,marking  ] GC(2548) Concurrent Mark From Roots
[2025-01-07T18:54:53.683+0000][80964.049s][info][gc,task     ] GC(2548) Using 2 workers of 2 for marking
[2025-01-07T18:54:54.597+0000][80964.963s][info][gc,marking  ] GC(2548) Concurrent Mark From Roots 914.144ms
[2025-01-07T18:54:54.597+0000][80964.963s][info][gc,marking  ] GC(2548) Concurrent Preclean
[2025-01-07T18:54:54.599+0000][80964.965s][info][gc,marking  ] GC(2548) Concurrent Preclean 1.946ms
[2025-01-07T18:54:54.599+0000][80964.965s][info][gc,start    ] GC(2548) Pause Remark
[2025-01-07T18:54:54.625+0000][80964.991s][info][gc          ] GC(2548) Pause Remark 3192M->3192M(12288M) 25.200ms
[2025-01-07T18:54:54.625+0000][80964.991s][info][gc,cpu      ] GC(2548) User=0.14s Sys=0.00s Real=0.03s
[2025-01-07T18:54:54.625+0000][80964.991s][info][gc,marking  ] GC(2548) Concurrent Mark 941.627ms
[2025-01-07T18:54:54.625+0000][80964.991s][info][gc,marking  ] GC(2548) Concurrent Rebuild Remembered Sets
[2025-01-07T18:54:55.101+0000][80965.467s][info][gc,marking  ] GC(2548) Concurrent Rebuild Remembered Sets 476.429ms
[2025-01-07T18:54:55.101+0000][80965.467s][info][gc,start    ] GC(2548) Pause Cleanup
[2025-01-07T18:54:55.102+0000][80965.468s][info][gc          ] GC(2548) Pause Cleanup 3259M->3259M(12288M) 0.504ms
[2025-01-07T18:54:55.102+0000][80965.468s][info][gc,cpu      ] GC(2548) User=0.00s Sys=0.00s Real=0.01s
[2025-01-07T18:54:55.102+0000][80965.468s][info][gc,marking  ] GC(2548) Concurrent Cleanup for Next Mark
[2025-01-07T18:54:55.117+0000][80965.483s][info][gc,marking  ] GC(2548) Concurrent Cleanup for Next Mark 15.425ms
[2025-01-07T18:54:55.117+0000][80965.483s][info][gc          ] GC(2548) Concurrent Mark Cycle 1459.874ms
[2025-01-07T18:55:02.974+0000][80973.341s][info][gc,start    ] GC(2549) Pause Young (Prepare Mixed) (G1 Evacuation Pause)
[2025-01-07T18:55:02.974+0000][80973.341s][info][gc,task     ] GC(2549) Using 6 workers of 6 for evacuation
[2025-01-07T18:55:03.009+0000][80973.375s][info][gc,phases   ] GC(2549)   Pre Evacuate Collection Set: 0.2ms
[2025-01-07T18:55:03.009+0000][80973.375s][info][gc,phases   ] GC(2549)   Merge Heap Roots: 0.7ms
[2025-01-07T18:55:03.009+0000][80973.375s][info][gc,phases   ] GC(2549)   Evacuate Collection Set: 30.4ms
[2025-01-07T18:55:03.009+0000][80973.375s][info][gc,phases   ] GC(2549)   Post Evacuate Collection Set: 2.7ms
[2025-01-07T18:55:03.009+0000][80973.375s][info][gc,phases   ] GC(2549)   Other: 0.2ms
[2025-01-07T18:55:03.009+0000][80973.375s][info][gc,heap     ] GC(2549) Eden regions: 905->0(66)
[2025-01-07T18:55:03.009+0000][80973.375s][info][gc,heap     ] GC(2549) Survivor regions: 10->10(115)
[2025-01-07T18:55:03.009+0000][80973.375s][info][gc,heap     ] GC(2549) Old regions: 246->246
[2025-01-07T18:55:03.009+0000][80973.375s][info][gc,heap     ] GC(2549) Archive regions: 2->2
[2025-01-07T18:55:03.009+0000][80973.375s][info][gc,heap     ] GC(2549) Humongous regions: 49->49
[2025-01-07T18:55:03.009+0000][80973.375s][info][gc,metaspace] GC(2549) Metaspace: 498152K(506304K)->498152K(506304K) NonClass: 437617K(441792K)->437617K(441792K) Class: 60534K(64512K)->60534K(64512K)
[2025-01-07T18:55:03.009+0000][80973.375s][info][gc          ] GC(2549) Pause Young (Prepare Mixed) (G1 Evacuation Pause) 9675M->2441M(12288M) 34.264ms
[2025-01-07T18:55:03.009+0000][80973.375s][info][gc,cpu      ] GC(2549) User=0.20s Sys=0.00s Real=0.03s
[2025-01-07T18:55:03.360+0000][80973.726s][info][gc,start    ] GC(2550) Pause Young (Mixed) (G1 Evacuation Pause)
[2025-01-07T18:55:03.360+0000][80973.726s][info][gc,task     ] GC(2550) Using 6 workers of 6 for evacuation
[2025-01-07T18:55:03.414+0000][80973.780s][info][gc,phases   ] GC(2550)   Pre Evacuate Collection Set: 0.2ms
[2025-01-07T18:55:03.414+0000][80973.780s][info][gc,phases   ] GC(2550)   Merge Heap Roots: 0.6ms
[2025-01-07T18:55:03.414+0000][80973.780s][info][gc,phases   ] GC(2550)   Evacuate Collection Set: 51.4ms
[2025-01-07T18:55:03.414+0000][80973.780s][info][gc,phases   ] GC(2550)   Post Evacuate Collection Set: 1.7ms
[2025-01-07T18:55:03.414+0000][80973.780s][info][gc,phases   ] GC(2550)   Other: 0.2ms
[2025-01-07T18:55:03.414+0000][80973.780s][info][gc,heap     ] GC(2550) Eden regions: 66->0(911)
[2025-01-07T18:55:03.414+0000][80973.780s][info][gc,heap     ] GC(2550) Survivor regions: 10->5(10)
[2025-01-07T18:55:03.414+0000][80973.780s][info][gc,heap     ] GC(2550) Old regions: 246->246
[2025-01-07T18:55:03.414+0000][80973.780s][info][gc,heap     ] GC(2550) Archive regions: 2->2
[2025-01-07T18:55:03.414+0000][80973.780s][info][gc,heap     ] GC(2550) Humongous regions: 49->49
[2025-01-07T18:55:03.414+0000][80973.780s][info][gc,metaspace] GC(2550) Metaspace: 498152K(506304K)->498152K(506304K) NonClass: 437617K(441792K)->437617K(441792K) Class: 60534K(64512K)->60534K(64512K)
[2025-01-07T18:55:03.414+0000][80973.780s][info][gc          ] GC(2550) Pause Young (Mixed) (G1 Evacuation Pause) 2969M->2401M(12288M) 54.114ms
[2025-01-07T18:55:03.414+0000][80973.780s][info][gc,cpu      ] GC(2550) User=0.31s Sys=0.00s Real=0.06s
[2025-01-07T18:55:08.909+0000][80979.276s][info][gc,start    ] GC(2551) Pause Young (Normal) (G1 Evacuation Pause)
[2025-01-07T18:55:08.910+0000][80979.276s][info][gc,task     ] GC(2551) Using 6 workers of 6 for evacuation
[2025-01-07T18:55:08.934+0000][80979.300s][info][gc,phases   ] GC(2551)   Pre Evacuate Collection Set: 0.2ms
[2025-01-07T18:55:08.934+0000][80979.300s][info][gc,phases   ] GC(2551)   Merge Heap Roots: 0.4ms
[2025-01-07T18:55:08.934+0000][80979.300s][info][gc,phases   ] GC(2551)   Evacuate Collection Set: 21.5ms
[2025-01-07T18:55:08.934+0000][80979.300s][info][gc,phases   ] GC(2551)   Post Evacuate Collection Set: 2.5ms
[2025-01-07T18:55:08.934+0000][80979.300s][info][gc,phases   ] GC(2551)   Other: 0.2ms
[2025-01-07T18:55:08.934+0000][80979.300s][info][gc,heap     ] GC(2551) Eden regions: 911->0(912)
[2025-01-07T18:55:08.934+0000][80979.301s][info][gc,heap     ] GC(2551) Survivor regions: 5->6(115)
[2025-01-07T18:55:08.934+0000][80979.301s][info][gc,heap     ] GC(2551) Old regions: 246->246
[2025-01-07T18:55:08.934+0000][80979.301s][info][gc,heap     ] GC(2551) Archive regions: 2->2
[2025-01-07T18:55:08.934+0000][80979.301s][info][gc,heap     ] GC(2551) Humongous regions: 49->49
[2025-01-07T18:55:08.934+0000][80979.301s][info][gc,metaspace] GC(2551) Metaspace: 498152K(506304K)->498152K(506304K) NonClass: 437617K(441792K)->437617K(441792K) Class: 60534K(64512K)->60534K(64512K)
[2025-01-07T18:55:08.934+0000][80979.301s][info][gc          ] GC(2551) Pause Young (Normal) (G1 Evacuation Pause) 9689M->2410M(12288M) 24.943ms
[2025-01-07T18:55:08.934+0000][80979.301s][info][gc,cpu      ] GC(2551) User=0.15s Sys=0.00s Real=0.02s
[2025-01-07T18:55:17.582+0000][80987.948s][info][gc,start    ] GC(2552) Pause Young (Normal) (G1 Evacuation Pause)
[2025-01-07T18:55:17.582+0000][80987.948s][info][gc,task     ] GC(2552) Using 6 workers of 6 for evacuation
[2025-01-07T18:55:17.614+0000][80987.980s][info][gc,phases   ] GC(2552)   Pre Evacuate Collection Set: 0.2ms
[2025-01-07T18:55:17.614+0000][80987.980s][info][gc,phases   ] GC(2552)   Merge Heap Roots: 0.4ms
[2025-01-07T18:55:17.614+0000][80987.980s][info][gc,phases   ] GC(2552)   Evacuate Collection Set: 28.3ms
[2025-01-07T18:55:17.614+0000][80987.980s][info][gc,phases   ] GC(2552)   Post Evacuate Collection Set: 2.6ms
[2025-01-07T18:55:17.614+0000][80987.980s][info][gc,phases   ] GC(2552)   Other: 0.2ms
[2025-01-07T18:55:17.614+0000][80987.980s][info][gc,heap     ] GC(2552) Eden regions: 912->0(909)
[2025-01-07T18:55:17.614+0000][80987.980s][info][gc,heap     ] GC(2552) Survivor regions: 6->8(115)
[2025-01-07T18:55:17.614+0000][80987.980s][info][gc,heap     ] GC(2552) Old regions: 246->246
[2025-01-07T18:55:17.614+0000][80987.980s][info][gc,heap     ] GC(2552) Archive regions: 2->2
[2025-01-07T18:55:17.614+0000][80987.980s][info][gc,heap     ] GC(2552) Humongous regions: 49->49
[2025-01-07T18:55:17.614+0000][80987.980s][info][gc,metaspace] GC(2552) Metaspace: 498152K(506304K)->498152K(506304K) NonClass: 437617K(441792K)->437617K(441792K) Class: 60534K(64512K)->60534K(64512K)
[2025-01-07T18:55:17.614+0000][80987.980s][info][gc          ] GC(2552) Pause Young (Normal) (G1 Evacuation Pause) 9706M->2427M(12288M) 31.821ms
[2025-01-07T18:55:17.614+0000][80987.980s][info][gc,cpu      ] GC(2552) User=0.18s Sys=0.01s Real=0.03s
[2025-01-07T18:55:28.606+0000][80998.973s][info][gc,start    ] GC(2553) Pause Young (Concurrent Start) (G1 Evacuation Pause)
[2025-01-07T18:55:28.606+0000][80998.973s][info][gc,task     ] GC(2553) Using 6 workers of 6 for evacuation
[2025-01-07T18:55:28.646+0000][80999.012s][info][gc,phases   ] GC(2553)   Pre Evacuate Collection Set: 1.0ms
[2025-01-07T18:55:28.646+0000][80999.012s][info][gc,phases   ] GC(2553)   Merge Heap Roots: 0.5ms
[2025-01-07T18:55:28.646+0000][80999.012s][info][gc,phases   ] GC(2553)   Evacuate Collection Set: 32.2ms
[2025-01-07T18:55:28.646+0000][80999.012s][info][gc,phases   ] GC(2553)   Post Evacuate Collection Set: 5.2ms
[2025-01-07T18:55:28.646+0000][80999.012s][info][gc,phases   ] GC(2553)   Other: 0.3ms
[2025-01-07T18:55:28.646+0000][80999.012s][info][gc,heap     ] GC(2553) Eden regions: 909->0(904)
[2025-01-07T18:55:28.646+0000][80999.012s][info][gc,heap     ] GC(2553) Survivor regions: 8->11(115)
[2025-01-07T18:55:28.646+0000][80999.012s][info][gc,heap     ] GC(2553) Old regions: 246->246
[2025-01-07T18:55:28.646+0000][80999.012s][info][gc,heap     ] GC(2553) Archive regions: 2->2
[2025-01-07T18:55:28.646+0000][80999.012s][info][gc,heap     ] GC(2553) Humongous regions: 49->49
[2025-01-07T18:55:28.646+0000][80999.012s][info][gc,metaspace] GC(2553) Metaspace: 498152K(506304K)->498152K(506304K) NonClass: 437617K(441792K)->437617K(441792K) Class: 60534K(64512K)->60534K(64512K)
[2025-01-07T18:55:28.646+0000][80999.012s][info][gc          ] GC(2553) Pause Young (Concurrent Start) (G1 Evacuation Pause) 9699M->2452M(12288M) 39.214ms
[2025-01-07T18:55:28.646+0000][80999.012s][info][gc,cpu      ] GC(2553) User=0.22s Sys=0.01s Real=0.04s
[2025-01-07T18:55:28.646+0000][80999.012s][info][gc          ] GC(2554) Concurrent Mark Cycle
[2025-01-07T18:55:28.646+0000][80999.012s][info][gc,marking  ] GC(2554) Concurrent Clear Claimed Marks
[2025-01-07T18:55:28.647+0000][80999.013s][info][gc,marking  ] GC(2554) Concurrent Clear Claimed Marks 0.810ms
[2025-01-07T18:55:28.647+0000][80999.013s][info][gc,marking  ] GC(2554) Concurrent Scan Root Regions
[2025-01-07T18:55:28.672+0000][80999.038s][info][gc,marking  ] GC(2554) Concurrent Scan Root Regions 25.174ms
[2025-01-07T18:55:28.672+0000][80999.038s][info][gc,marking  ] GC(2554) Concurrent Mark
[2025-01-07T18:55:28.672+0000][80999.038s][info][gc,marking  ] GC(2554) Concurrent Mark From Roots
[2025-01-07T18:55:28.672+0000][80999.038s][info][gc,task     ] GC(2554) Using 2 workers of 2 for marking
[2025-01-07T18:55:29.491+0000][80999.857s][info][gc,marking  ] GC(2554) Concurrent Mark From Roots 818.866ms
[2025-01-07T18:55:29.491+0000][80999.857s][info][gc,marking  ] GC(2554) Concurrent Preclean
[2025-01-07T18:55:29.493+0000][80999.859s][info][gc,marking  ] GC(2554) Concurrent Preclean 1.969ms
[2025-01-07T18:55:29.493+0000][80999.859s][info][gc,start    ] GC(2554) Pause Remark
[2025-01-07T18:55:29.519+0000][80999.885s][info][gc          ] GC(2554) Pause Remark 2740M->2740M(12288M) 25.776ms
[2025-01-07T18:55:29.519+0000][80999.885s][info][gc,cpu      ] GC(2554) User=0.14s Sys=0.01s Real=0.02s
[2025-01-07T18:55:29.519+0000][80999.885s][info][gc,marking  ] GC(2554) Concurrent Mark 847.000ms
[2025-01-07T18:55:29.519+0000][80999.885s][info][gc,marking  ] GC(2554) Concurrent Rebuild Remembered Sets
[2025-01-07T18:55:30.058+0000][81000.424s][info][gc,marking  ] GC(2554) Concurrent Rebuild Remembered Sets 539.026ms
[2025-01-07T18:55:30.058+0000][81000.424s][info][gc,start    ] GC(2554) Pause Cleanup
[2025-01-07T18:55:30.058+0000][81000.425s][info][gc          ] GC(2554) Pause Cleanup 3096M->3096M(12288M) 0.461ms
[2025-01-07T18:55:30.058+0000][81000.425s][info][gc,cpu      ] GC(2554) User=0.00s Sys=0.00s Real=0.00s
[2025-01-07T18:55:30.059+0000][81000.425s][info][gc,marking  ] GC(2554) Concurrent Cleanup for Next Mark
[2025-01-07T18:55:30.074+0000][81000.440s][info][gc,marking  ] GC(2554) Concurrent Cleanup for Next Mark 15.583ms
[2025-01-07T18:55:30.074+0000][81000.440s][info][gc          ] GC(2554) Concurrent Mark Cycle 1428.486ms
[2025-01-07T18:55:36.082+0000][81006.448s][info][gc,start    ] GC(2555) Pause Young (Prepare Mixed) (G1 Evacuation Pause)
[2025-01-07T18:55:36.082+0000][81006.448s][info][gc,task     ] GC(2555) Using 6 workers of 6 for evacuation
[2025-01-07T18:55:36.122+0000][81006.488s][info][gc,phases   ] GC(2555)   Pre Evacuate Collection Set: 0.2ms
[2025-01-07T18:55:36.122+0000][81006.488s][info][gc,phases   ] GC(2555)   Merge Heap Roots: 0.7ms
[2025-01-07T18:55:36.122+0000][81006.488s][info][gc,phases   ] GC(2555)   Evacuate Collection Set: 35.0ms
[2025-01-07T18:55:36.122+0000][81006.488s][info][gc,phases   ] GC(2555)   Post Evacuate Collection Set: 4.0ms
[2025-01-07T18:55:36.122+0000][81006.488s][info][gc,phases   ] GC(2555)   Other: 0.2ms
[2025-01-07T18:55:36.122+0000][81006.488s][info][gc,heap     ] GC(2555) Eden regions: 904->0(65)
[2025-01-07T18:55:36.122+0000][81006.488s][info][gc,heap     ] GC(2555) Survivor regions: 11->11(115)
[2025-01-07T18:55:36.122+0000][81006.488s][info][gc,heap     ] GC(2555) Old regions: 246->246
[2025-01-07T18:55:36.122+0000][81006.488s][info][gc,heap     ] GC(2555) Archive regions: 2->2
[2025-01-07T18:55:36.122+0000][81006.488s][info][gc,heap     ] GC(2555) Humongous regions: 49->49
[2025-01-07T18:55:36.122+0000][81006.488s][info][gc,metaspace] GC(2555) Metaspace: 498152K(506304K)->498152K(506304K) NonClass: 437617K(441792K)->437617K(441792K) Class: 60534K(64512K)->60534K(64512K)
[2025-01-07T18:55:36.122+0000][81006.488s][info][gc          ] GC(2555) Pause Young (Prepare Mixed) (G1 Evacuation Pause) 9684M->2452M(12288M) 40.192ms
[2025-01-07T18:55:36.122+0000][81006.488s][info][gc,cpu      ] GC(2555) User=0.24s Sys=0.00s Real=0.04s
[2025-01-07T18:55:36.535+0000][81006.901s][info][gc,start    ] GC(2556) Pause Young (Mixed) (G1 Evacuation Pause)
[2025-01-07T18:55:36.535+0000][81006.901s][info][gc,task     ] GC(2556) Using 6 workers of 6 for evacuation
[2025-01-07T18:55:36.601+0000][81006.967s][info][gc,phases   ] GC(2556)   Pre Evacuate Collection Set: 0.2ms
[2025-01-07T18:55:36.601+0000][81006.967s][info][gc,phases   ] GC(2556)   Merge Heap Roots: 0.7ms
[2025-01-07T18:55:36.601+0000][81006.967s][info][gc,phases   ] GC(2556)   Evacuate Collection Set: 63.2ms
[2025-01-07T18:55:36.601+0000][81006.967s][info][gc,phases   ] GC(2556)   Post Evacuate Collection Set: 1.7ms
[2025-01-07T18:55:36.601+0000][81006.967s][info][gc,phases   ] GC(2556)   Other: 0.2ms
[2025-01-07T18:55:36.601+0000][81006.967s][info][gc,heap     ] GC(2556) Eden regions: 65->0(909)
[2025-01-07T18:55:36.601+0000][81006.967s][info][gc,heap     ] GC(2556) Survivor regions: 11->4(10)
[2025-01-07T18:55:36.601+0000][81006.967s][info][gc,heap     ] GC(2556) Old regions: 246->248
[2025-01-07T18:55:36.601+0000][81006.967s][info][gc,heap     ] GC(2556) Archive regions: 2->2
[2025-01-07T18:55:36.601+0000][81006.967s][info][gc,heap     ] GC(2556) Humongous regions: 49->49
[2025-01-07T18:55:36.601+0000][81006.967s][info][gc,metaspace] GC(2556) Metaspace: 498152K(506304K)->498152K(506304K) NonClass: 437617K(441792K)->437617K(441792K) Class: 60534K(64512K)->60534K(64512K)
[2025-01-07T18:55:36.601+0000][81006.967s][info][gc          ] GC(2556) Pause Young (Mixed) (G1 Evacuation Pause) 2972M->2411M(12288M) 66.051ms
[2025-01-07T18:55:36.601+0000][81006.967s][info][gc,cpu      ] GC(2556) User=0.38s Sys=0.01s Real=0.06s
[2025-01-07T18:55:46.852+0000][81017.218s][info][gc,start    ] GC(2557) Pause Young (Normal) (G1 Evacuation Pause)
[2025-01-07T18:55:46.852+0000][81017.218s][info][gc,task     ] GC(2557) Using 6 workers of 6 for evacuation
[2025-01-07T18:55:46.876+0000][81017.242s][info][gc,phases   ] GC(2557)   Pre Evacuate Collection Set: 0.2ms
[2025-01-07T18:55:46.876+0000][81017.242s][info][gc,phases   ] GC(2557)   Merge Heap Roots: 0.4ms
[2025-01-07T18:55:46.876+0000][81017.242s][info][gc,phases   ] GC(2557)   Evacuate Collection Set: 21.2ms
[2025-01-07T18:55:46.876+0000][81017.242s][info][gc,phases   ] GC(2557)   Post Evacuate Collection Set: 2.5ms
[2025-01-07T18:55:46.876+0000][81017.242s][info][gc,phases   ] GC(2557)   Other: 0.2ms
[2025-01-07T18:55:46.876+0000][81017.242s][info][gc,heap     ] GC(2557) Eden regions: 909->0(907)
[2025-01-07T18:55:46.876+0000][81017.242s][info][gc,heap     ] GC(2557) Survivor regions: 4->6(115)
[2025-01-07T18:55:46.876+0000][81017.242s][info][gc,heap     ] GC(2557) Old regions: 248->248
[2025-01-07T18:55:46.876+0000][81017.242s][info][gc,heap     ] GC(2557) Archive regions: 2->2
[2025-01-07T18:55:46.876+0000][81017.242s][info][gc,heap     ] GC(2557) Humongous regions: 49->49
[2025-01-07T18:55:46.876+0000][81017.242s][info][gc,metaspace] GC(2557) Metaspace: 498152K(506304K)->498152K(506304K) NonClass: 437617K(441792K)->437617K(441792K) Class: 60534K(64512K)->60534K(64512K)
[2025-01-07T18:55:46.876+0000][81017.242s][info][gc          ] GC(2557) Pause Young (Normal) (G1 Evacuation Pause) 9683M->2420M(12288M) 24.578ms
[2025-01-07T18:55:46.876+0000][81017.242s][info][gc,cpu      ] GC(2557) User=0.15s Sys=0.00s Real=0.02s
[2025-01-07T18:55:55.763+0000][81026.129s][info][gc,start    ] GC(2558) Pause Young (Normal) (G1 Evacuation Pause)
[2025-01-07T18:55:55.763+0000][81026.129s][info][gc,task     ] GC(2558) Using 6 workers of 6 for evacuation
[2025-01-07T18:55:55.790+0000][81026.156s][info][gc,phases   ] GC(2558)   Pre Evacuate Collection Set: 0.2ms
[2025-01-07T18:55:55.790+0000][81026.156s][info][gc,phases   ] GC(2558)   Merge Heap Roots: 0.4ms
[2025-01-07T18:55:55.790+0000][81026.156s][info][gc,phases   ] GC(2558)   Evacuate Collection Set: 23.9ms
[2025-01-07T18:55:55.790+0000][81026.156s][info][gc,phases   ] GC(2558)   Post Evacuate Collection Set: 2.5ms
[2025-01-07T18:55:55.790+0000][81026.156s][info][gc,phases   ] GC(2558)   Other: 0.2ms
[2025-01-07T18:55:55.790+0000][81026.156s][info][gc,heap     ] GC(2558) Eden regions: 907->0(906)
[2025-01-07T18:55:55.790+0000][81026.156s][info][gc,heap     ] GC(2558) Survivor regions: 6->7(115)
[2025-01-07T18:55:55.790+0000][81026.156s][info][gc,heap     ] GC(2558) Old regions: 248->248
[2025-01-07T18:55:55.790+0000][81026.156s][info][gc,heap     ] GC(2558) Archive regions: 2->2
[2025-01-07T18:55:55.790+0000][81026.156s][info][gc,heap     ] GC(2558) Humongous regions: 49->49
[2025-01-07T18:55:55.790+0000][81026.156s][info][gc,metaspace] GC(2558) Metaspace: 498152K(506304K)->498152K(506304K) NonClass: 437617K(441792K)->437617K(441792K) Class: 60534K(64512K)->60534K(64512K)
[2025-01-07T18:55:55.790+0000][81026.156s][info][gc          ] GC(2558) Pause Young (Normal) (G1 Evacuation Pause) 9676M->2431M(12288M) 27.407ms
[2025-01-07T18:55:55.790+0000][81026.156s][info][gc,cpu      ] GC(2558) User=0.16s Sys=0.00s Real=0.03s
[2025-01-07T18:56:00.871+0000][81031.237s][info][gc,start    ] GC(2559) Pause Young (Concurrent Start) (G1 Evacuation Pause)
[2025-01-07T18:56:00.871+0000][81031.238s][info][gc,task     ] GC(2559) Using 6 workers of 6 for evacuation
[2025-01-07T18:56:00.900+0000][81031.266s][info][gc,phases   ] GC(2559)   Pre Evacuate Collection Set: 1.0ms
[2025-01-07T18:56:00.900+0000][81031.266s][info][gc,phases   ] GC(2559)   Merge Heap Roots: 0.4ms
[2025-01-07T18:56:00.900+0000][81031.266s][info][gc,phases   ] GC(2559)   Evacuate Collection Set: 24.7ms
[2025-01-07T18:56:00.900+0000][81031.266s][info][gc,phases   ] GC(2559)   Post Evacuate Collection Set: 2.3ms
[2025-01-07T18:56:00.900+0000][81031.266s][info][gc,phases   ] GC(2559)   Other: 0.3ms
[2025-01-07T18:56:00.900+0000][81031.266s][info][gc,heap     ] GC(2559) Eden regions: 906->0(906)
[2025-01-07T18:56:00.900+0000][81031.266s][info][gc,heap     ] GC(2559) Survivor regions: 7->8(115)
[2025-01-07T18:56:00.900+0000][81031.266s][info][gc,heap     ] GC(2559) Old regions: 248->248
[2025-01-07T18:56:00.900+0000][81031.266s][info][gc,heap     ] GC(2559) Archive regions: 2->2
[2025-01-07T18:56:00.900+0000][81031.266s][info][gc,heap     ] GC(2559) Humongous regions: 49->49
[2025-01-07T18:56:00.900+0000][81031.266s][info][gc,metaspace] GC(2559) Metaspace: 498152K(506304K)->498152K(506304K) NonClass: 437617K(441792K)->437617K(441792K) Class: 60534K(64512K)->60534K(64512K)
[2025-01-07T18:56:00.900+0000][81031.266s][info][gc          ] GC(2559) Pause Young (Concurrent Start) (G1 Evacuation Pause) 9679M->2438M(12288M) 28.865ms
[2025-01-07T18:56:00.900+0000][81031.266s][info][gc,cpu      ] GC(2559) User=0.17s Sys=0.00s Real=0.02s
[2025-01-07T18:56:00.900+0000][81031.266s][info][gc          ] GC(2560) Concurrent Mark Cycle
[2025-01-07T18:56:00.900+0000][81031.266s][info][gc,marking  ] GC(2560) Concurrent Clear Claimed Marks
[2025-01-07T18:56:00.901+0000][81031.267s][info][gc,marking  ] GC(2560) Concurrent Clear Claimed Marks 0.797ms
[2025-01-07T18:56:00.901+0000][81031.267s][info][gc,marking  ] GC(2560) Concurrent Scan Root Regions
[2025-01-07T18:56:00.923+0000][81031.289s][info][gc,marking  ] GC(2560) Concurrent Scan Root Regions 21.381ms
[2025-01-07T18:56:00.923+0000][81031.289s][info][gc,marking  ] GC(2560) Concurrent Mark
[2025-01-07T18:56:00.923+0000][81031.289s][info][gc,marking  ] GC(2560) Concurrent Mark From Roots
[2025-01-07T18:56:00.923+0000][81031.289s][info][gc,task     ] GC(2560) Using 2 workers of 2 for marking
[2025-01-07T18:56:01.810+0000][81032.176s][info][gc,marking  ] GC(2560) Concurrent Mark From Roots 887.324ms
[2025-01-07T18:56:01.810+0000][81032.176s][info][gc,marking  ] GC(2560) Concurrent Preclean
[2025-01-07T18:56:01.812+0000][81032.179s][info][gc,marking  ] GC(2560) Concurrent Preclean 2.512ms
[2025-01-07T18:56:01.813+0000][81032.179s][info][gc,start    ] GC(2560) Pause Remark
[2025-01-07T18:56:01.838+0000][81032.204s][info][gc          ] GC(2560) Pause Remark 3758M->3758M(12288M) 25.302ms
[2025-01-07T18:56:01.838+0000][81032.204s][info][gc,cpu      ] GC(2560) User=0.15s Sys=0.00s Real=0.02s
[2025-01-07T18:56:01.838+0000][81032.204s][info][gc,marking  ] GC(2560) Concurrent Mark 915.524ms
[2025-01-07T18:56:01.838+0000][81032.204s][info][gc,marking  ] GC(2560) Concurrent Rebuild Remembered Sets
[2025-01-07T18:56:02.517+0000][81032.883s][info][gc,marking  ] GC(2560) Concurrent Rebuild Remembered Sets 679.253ms
[2025-01-07T18:56:02.518+0000][81032.884s][info][gc,start    ] GC(2560) Pause Cleanup
[2025-01-07T18:56:02.518+0000][81032.884s][info][gc          ] GC(2560) Pause Cleanup 5062M->5062M(12288M) 0.431ms
[2025-01-07T18:56:02.518+0000][81032.884s][info][gc,cpu      ] GC(2560) User=0.00s Sys=0.00s Real=0.00s
[2025-01-07T18:56:02.518+0000][81032.884s][info][gc,marking  ] GC(2560) Concurrent Cleanup for Next Mark
[2025-01-07T18:56:02.547+0000][81032.913s][info][gc,marking  ] GC(2560) Concurrent Cleanup for Next Mark 28.569ms
[2025-01-07T18:56:02.547+0000][81032.913s][info][gc          ] GC(2560) Concurrent Mark Cycle 1646.357ms
[2025-01-07T18:56:04.717+0000][81035.083s][info][gc,start    ] GC(2561) Pause Young (Prepare Mixed) (G1 Evacuation Pause)
[2025-01-07T18:56:04.717+0000][81035.083s][info][gc,task     ] GC(2561) Using 6 workers of 6 for evacuation
[2025-01-07T18:56:04.747+0000][81035.113s][info][gc,phases   ] GC(2561)   Pre Evacuate Collection Set: 0.2ms
[2025-01-07T18:56:04.747+0000][81035.113s][info][gc,phases   ] GC(2561)   Merge Heap Roots: 0.6ms
[2025-01-07T18:56:04.747+0000][81035.113s][info][gc,phases   ] GC(2561)   Evacuate Collection Set: 26.4ms
[2025-01-07T18:56:04.747+0000][81035.113s][info][gc,phases   ] GC(2561)   Post Evacuate Collection Set: 2.5ms
[2025-01-07T18:56:04.747+0000][81035.113s][info][gc,phases   ] GC(2561)   Other: 0.2ms
[2025-01-07T18:56:04.747+0000][81035.113s][info][gc,heap     ] GC(2561) Eden regions: 906->0(67)
[2025-01-07T18:56:04.747+0000][81035.113s][info][gc,heap     ] GC(2561) Survivor regions: 8->9(115)
[2025-01-07T18:56:04.747+0000][81035.113s][info][gc,heap     ] GC(2561) Old regions: 248->248
[2025-01-07T18:56:04.747+0000][81035.113s][info][gc,heap     ] GC(2561) Archive regions: 2->2
[2025-01-07T18:56:04.747+0000][81035.113s][info][gc,heap     ] GC(2561) Humongous regions: 49->49
[2025-01-07T18:56:04.747+0000][81035.113s][info][gc,metaspace] GC(2561) Metaspace: 498152K(506304K)->498152K(506304K) NonClass: 437617K(441792K)->437617K(441792K) Class: 60534K(64512K)->60534K(64512K)
[2025-01-07T18:56:04.747+0000][81035.113s][info][gc          ] GC(2561) Pause Young (Prepare Mixed) (G1 Evacuation Pause) 9686M->2445M(12288M) 29.978ms
[2025-01-07T18:56:04.747+0000][81035.113s][info][gc,cpu      ] GC(2561) User=0.17s Sys=0.01s Real=0.03s
[2025-01-07T18:56:04.961+0000][81035.327s][info][gc,start    ] GC(2562) Pause Young (Mixed) (G1 Evacuation Pause)
[2025-01-07T18:56:04.961+0000][81035.327s][info][gc,task     ] GC(2562) Using 6 workers of 6 for evacuation
[2025-01-07T18:56:05.018+0000][81035.384s][info][gc,phases   ] GC(2562)   Pre Evacuate Collection Set: 0.2ms
[2025-01-07T18:56:05.018+0000][81035.384s][info][gc,phases   ] GC(2562)   Merge Heap Roots: 0.6ms
[2025-01-07T18:56:05.018+0000][81035.384s][info][gc,phases   ] GC(2562)   Evacuate Collection Set: 54.0ms
[2025-01-07T18:56:05.018+0000][81035.384s][info][gc,phases   ] GC(2562)   Post Evacuate Collection Set: 1.6ms
[2025-01-07T18:56:05.018+0000][81035.384s][info][gc,phases   ] GC(2562)   Other: 0.2ms
[2025-01-07T18:56:05.018+0000][81035.384s][info][gc,heap     ] GC(2562) Eden regions: 67->0(912)
[2025-01-07T18:56:05.018+0000][81035.384s][info][gc,heap     ] GC(2562) Survivor regions: 9->6(10)
[2025-01-07T18:56:05.018+0000][81035.384s][info][gc,heap     ] GC(2562) Old regions: 248->246
[2025-01-07T18:56:05.018+0000][81035.384s][info][gc,heap     ] GC(2562) Archive regions: 2->2
[2025-01-07T18:56:05.018+0000][81035.384s][info][gc,heap     ] GC(2562) Humongous regions: 49->49
[2025-01-07T18:56:05.018+0000][81035.384s][info][gc,metaspace] GC(2562) Metaspace: 498152K(506304K)->498152K(506304K) NonClass: 437617K(441792K)->437617K(441792K) Class: 60534K(64512K)->60534K(64512K)
[2025-01-07T18:56:05.018+0000][81035.384s][info][gc          ] GC(2562) Pause Young (Mixed) (G1 Evacuation Pause) 2981M->2405M(12288M) 56.699ms
[2025-01-07T18:56:05.018+0000][81035.384s][info][gc,cpu      ] GC(2562) User=0.33s Sys=0.00s Real=0.06s
[2025-01-07T18:56:14.290+0000][81044.656s][info][gc,start    ] GC(2563) Pause Young (Normal) (G1 Evacuation Pause)
[2025-01-07T18:56:14.290+0000][81044.656s][info][gc,task     ] GC(2563) Using 6 workers of 6 for evacuation
[2025-01-07T18:56:14.321+0000][81044.687s][info][gc,phases   ] GC(2563)   Pre Evacuate Collection Set: 0.2ms
[2025-01-07T18:56:14.321+0000][81044.687s][info][gc,phases   ] GC(2563)   Merge Heap Roots: 0.4ms
[2025-01-07T18:56:14.321+0000][81044.687s][info][gc,phases   ] GC(2563)   Evacuate Collection Set: 24.5ms
[2025-01-07T18:56:14.321+0000][81044.687s][info][gc,phases   ] GC(2563)   Post Evacuate Collection Set: 5.3ms
[2025-01-07T18:56:14.321+0000][81044.687s][info][gc,phases   ] GC(2563)   Other: 0.2ms
[2025-01-07T18:56:14.321+0000][81044.687s][info][gc,heap     ] GC(2563) Eden regions: 912->0(909)
[2025-01-07T18:56:14.321+0000][81044.687s][info][gc,heap     ] GC(2563) Survivor regions: 6->8(115)
[2025-01-07T18:56:14.321+0000][81044.687s][info][gc,heap     ] GC(2563) Old regions: 246->246
[2025-01-07T18:56:14.321+0000][81044.687s][info][gc,heap     ] GC(2563) Archive regions: 2->2
[2025-01-07T18:56:14.321+0000][81044.687s][info][gc,heap     ] GC(2563) Humongous regions: 49->49
[2025-01-07T18:56:14.321+0000][81044.687s][info][gc,metaspace] GC(2563) Metaspace: 498152K(506304K)->498152K(506304K) NonClass: 437618K(441792K)->437618K(441792K) Class: 60534K(64512K)->60534K(64512K)
[2025-01-07T18:56:14.321+0000][81044.687s][info][gc          ] GC(2563) Pause Young (Normal) (G1 Evacuation Pause) 9701M->2422M(12288M) 30.727ms
[2025-01-07T18:56:14.321+0000][81044.687s][info][gc,cpu      ] GC(2563) User=0.18s Sys=0.00s Real=0.02s
[2025-01-07T18:56:21.728+0000][81052.094s][info][gc,start    ] GC(2564) Pause Young (Normal) (G1 Evacuation Pause)
[2025-01-07T18:56:21.728+0000][81052.094s][info][gc,task     ] GC(2564) Using 6 workers of 6 for evacuation
[2025-01-07T18:56:21.757+0000][81052.123s][info][gc,phases   ] GC(2564)   Pre Evacuate Collection Set: 0.2ms
[2025-01-07T18:56:21.757+0000][81052.123s][info][gc,phases   ] GC(2564)   Merge Heap Roots: 0.4ms
[2025-01-07T18:56:21.757+0000][81052.123s][info][gc,phases   ] GC(2564)   Evacuate Collection Set: 26.0ms
[2025-01-07T18:56:21.757+0000][81052.123s][info][gc,phases   ] GC(2564)   Post Evacuate Collection Set: 2.6ms
[2025-01-07T18:56:21.757+0000][81052.123s][info][gc,phases   ] GC(2564)   Other: 0.2ms
[2025-01-07T18:56:21.757+0000][81052.123s][info][gc,heap     ] GC(2564) Eden regions: 909->0(909)
[2025-01-07T18:56:21.757+0000][81052.123s][info][gc,heap     ] GC(2564) Survivor regions: 8->8(115)
[2025-01-07T18:56:21.757+0000][81052.123s][info][gc,heap     ] GC(2564) Old regions: 246->246
[2025-01-07T18:56:21.757+0000][81052.123s][info][gc,heap     ] GC(2564) Archive regions: 2->2
[2025-01-07T18:56:21.757+0000][81052.123s][info][gc,heap     ] GC(2564) Humongous regions: 49->49
[2025-01-07T18:56:21.757+0000][81052.123s][info][gc,metaspace] GC(2564) Metaspace: 498152K(506304K)->498152K(506304K) NonClass: 437618K(441792K)->437618K(441792K) Class: 60534K(64512K)->60534K(64512K)
[2025-01-07T18:56:21.757+0000][81052.123s][info][gc          ] GC(2564) Pause Young (Normal) (G1 Evacuation Pause) 9694M->2423M(12288M) 29.458ms
[2025-01-07T18:56:21.757+0000][81052.123s][info][gc,cpu      ] GC(2564) User=0.17s Sys=0.00s Real=0.03s
[2025-01-07T18:56:31.490+0000][81061.856s][info][gc,start    ] GC(2565) Pause Young (Concurrent Start) (G1 Evacuation Pause)
[2025-01-07T18:56:31.490+0000][81061.856s][info][gc,task     ] GC(2565) Using 6 workers of 6 for evacuation
[2025-01-07T18:56:31.524+0000][81061.891s][info][gc,phases   ] GC(2565)   Pre Evacuate Collection Set: 1.0ms
[2025-01-07T18:56:31.524+0000][81061.891s][info][gc,phases   ] GC(2565)   Merge Heap Roots: 0.5ms
[2025-01-07T18:56:31.524+0000][81061.891s][info][gc,phases   ] GC(2565)   Evacuate Collection Set: 29.1ms
[2025-01-07T18:56:31.524+0000][81061.891s][info][gc,phases   ] GC(2565)   Post Evacuate Collection Set: 4.0ms
[2025-01-07T18:56:31.524+0000][81061.891s][info][gc,phases   ] GC(2565)   Other: 0.3ms
[2025-01-07T18:56:31.524+0000][81061.891s][info][gc,heap     ] GC(2565) Eden regions: 909->0(906)
[2025-01-07T18:56:31.524+0000][81061.891s][info][gc,heap     ] GC(2565) Survivor regions: 8->10(115)
[2025-01-07T18:56:31.524+0000][81061.891s][info][gc,heap     ] GC(2565) Old regions: 246->246
[2025-01-07T18:56:31.524+0000][81061.891s][info][gc,heap     ] GC(2565) Archive regions: 2->2
[2025-01-07T18:56:31.525+0000][81061.891s][info][gc,heap     ] GC(2565) Humongous regions: 49->49
[2025-01-07T18:56:31.525+0000][81061.891s][info][gc,metaspace] GC(2565) Metaspace: 498153K(506304K)->498153K(506304K) NonClass: 437618K(441792K)->437618K(441792K) Class: 60534K(64512K)->60534K(64512K)
[2025-01-07T18:56:31.525+0000][81061.891s][info][gc          ] GC(2565) Pause Young (Concurrent Start) (G1 Evacuation Pause) 9695M->2437M(12288M) 34.945ms
[2025-01-07T18:56:31.525+0000][81061.891s][info][gc,cpu      ] GC(2565) User=0.20s Sys=0.00s Real=0.03s
[2025-01-07T18:56:31.525+0000][81061.891s][info][gc          ] GC(2566) Concurrent Mark Cycle
[2025-01-07T18:56:31.525+0000][81061.891s][info][gc,marking  ] GC(2566) Concurrent Clear Claimed Marks
[2025-01-07T18:56:31.525+0000][81061.892s][info][gc,marking  ] GC(2566) Concurrent Clear Claimed Marks 0.829ms
[2025-01-07T18:56:31.525+0000][81061.892s][info][gc,marking  ] GC(2566) Concurrent Scan Root Regions
[2025-01-07T18:56:31.547+0000][81061.913s][info][gc,marking  ] GC(2566) Concurrent Scan Root Regions 21.881ms
[2025-01-07T18:56:31.547+0000][81061.914s][info][gc,marking  ] GC(2566) Concurrent Mark
[2025-01-07T18:56:31.547+0000][81061.914s][info][gc,marking  ] GC(2566) Concurrent Mark From Roots
[2025-01-07T18:56:31.547+0000][81061.914s][info][gc,task     ] GC(2566) Using 2 workers of 2 for marking
[2025-01-07T18:56:32.372+0000][81062.738s][info][gc,marking  ] GC(2566) Concurrent Mark From Roots 824.323ms
[2025-01-07T18:56:32.372+0000][81062.738s][info][gc,marking  ] GC(2566) Concurrent Preclean
[2025-01-07T18:56:32.374+0000][81062.740s][info][gc,marking  ] GC(2566) Concurrent Preclean 2.061ms
[2025-01-07T18:56:32.374+0000][81062.740s][info][gc,start    ] GC(2566) Pause Remark
[2025-01-07T18:56:32.400+0000][81062.766s][info][gc          ] GC(2566) Pause Remark 3277M->3277M(12288M) 25.551ms
[2025-01-07T18:56:32.400+0000][81062.766s][info][gc,cpu      ] GC(2566) User=0.14s Sys=0.00s Real=0.02s
[2025-01-07T18:56:32.400+0000][81062.766s][info][gc,marking  ] GC(2566) Concurrent Mark 852.265ms
[2025-01-07T18:56:32.400+0000][81062.766s][info][gc,marking  ] GC(2566) Concurrent Rebuild Remembered Sets
[2025-01-07T18:56:32.961+0000][81063.327s][info][gc,marking  ] GC(2566) Concurrent Rebuild Remembered Sets 561.017ms
[2025-01-07T18:56:32.961+0000][81063.327s][info][gc,start    ] GC(2566) Pause Cleanup
[2025-01-07T18:56:32.961+0000][81063.327s][info][gc          ] GC(2566) Pause Cleanup 3865M->3865M(12288M) 0.420ms
[2025-01-07T18:56:32.961+0000][81063.327s][info][gc,cpu      ] GC(2566) User=0.00s Sys=0.00s Real=0.00s
[2025-01-07T18:56:32.961+0000][81063.327s][info][gc,marking  ] GC(2566) Concurrent Cleanup for Next Mark
[2025-01-07T18:56:32.977+0000][81063.343s][info][gc,marking  ] GC(2566) Concurrent Cleanup for Next Mark 15.397ms
[2025-01-07T18:56:32.977+0000][81063.343s][info][gc          ] GC(2566) Concurrent Mark Cycle 1452.231ms
[2025-01-07T18:56:40.732+0000][81071.098s][info][gc,start    ] GC(2567) Pause Young (Prepare Mixed) (G1 Evacuation Pause)
[2025-01-07T18:56:40.732+0000][81071.098s][info][gc,task     ] GC(2567) Using 6 workers of 6 for evacuation
[2025-01-07T18:56:40.771+0000][81071.137s][info][gc,phases   ] GC(2567)   Pre Evacuate Collection Set: 0.2ms
[2025-01-07T18:56:40.771+0000][81071.137s][info][gc,phases   ] GC(2567)   Merge Heap Roots: 0.7ms
[2025-01-07T18:56:40.771+0000][81071.137s][info][gc,phases   ] GC(2567)   Evacuate Collection Set: 35.1ms
[2025-01-07T18:56:40.771+0000][81071.137s][info][gc,phases   ] GC(2567)   Post Evacuate Collection Set: 2.8ms
[2025-01-07T18:56:40.771+0000][81071.137s][info][gc,phases   ] GC(2567)   Other: 0.2ms
[2025-01-07T18:56:40.771+0000][81071.137s][info][gc,heap     ] GC(2567) Eden regions: 906->0(65)
[2025-01-07T18:56:40.771+0000][81071.137s][info][gc,heap     ] GC(2567) Survivor regions: 10->11(115)
[2025-01-07T18:56:40.771+0000][81071.137s][info][gc,heap     ] GC(2567) Old regions: 246->246
[2025-01-07T18:56:40.771+0000][81071.137s][info][gc,heap     ] GC(2567) Archive regions: 2->2
[2025-01-07T18:56:40.771+0000][81071.137s][info][gc,heap     ] GC(2567) Humongous regions: 49->49
[2025-01-07T18:56:40.771+0000][81071.137s][info][gc,metaspace] GC(2567) Metaspace: 498160K(506304K)->498160K(506304K) NonClass: 437624K(441792K)->437624K(441792K) Class: 60536K(64512K)->60536K(64512K)
[2025-01-07T18:56:40.771+0000][81071.137s][info][gc          ] GC(2567) Pause Young (Prepare Mixed) (G1 Evacuation Pause) 9685M->2447M(12288M) 39.096ms
[2025-01-07T18:56:40.771+0000][81071.137s][info][gc,cpu      ] GC(2567) User=0.23s Sys=0.00s Real=0.04s
[2025-01-07T18:56:41.290+0000][81071.656s][info][gc,start    ] GC(2568) Pause Young (Mixed) (G1 Evacuation Pause)
[2025-01-07T18:56:41.290+0000][81071.656s][info][gc,task     ] GC(2568) Using 6 workers of 6 for evacuation
[2025-01-07T18:56:41.352+0000][81071.718s][info][gc,phases   ] GC(2568)   Pre Evacuate Collection Set: 0.2ms
[2025-01-07T18:56:41.352+0000][81071.718s][info][gc,phases   ] GC(2568)   Merge Heap Roots: 0.6ms
[2025-01-07T18:56:41.352+0000][81071.718s][info][gc,phases   ] GC(2568)   Evacuate Collection Set: 58.7ms
[2025-01-07T18:56:41.352+0000][81071.718s][info][gc,phases   ] GC(2568)   Post Evacuate Collection Set: 1.7ms
[2025-01-07T18:56:41.352+0000][81071.718s][info][gc,phases   ] GC(2568)   Other: 0.2ms
[2025-01-07T18:56:41.352+0000][81071.718s][info][gc,heap     ] GC(2568) Eden regions: 65->0(909)
[2025-01-07T18:56:41.352+0000][81071.718s][info][gc,heap     ] GC(2568) Survivor regions: 11->6(10)
[2025-01-07T18:56:41.352+0000][81071.718s][info][gc,heap     ] GC(2568) Old regions: 246->247
[2025-01-07T18:56:41.352+0000][81071.718s][info][gc,heap     ] GC(2568) Archive regions: 2->2
[2025-01-07T18:56:41.352+0000][81071.718s][info][gc,heap     ] GC(2568) Humongous regions: 49->49
[2025-01-07T18:56:41.352+0000][81071.718s][info][gc,metaspace] GC(2568) Metaspace: 498160K(506304K)->498160K(506304K) NonClass: 437624K(441792K)->437624K(441792K) Class: 60536K(64512K)->60536K(64512K)
[2025-01-07T18:56:41.352+0000][81071.718s][info][gc          ] GC(2568) Pause Young (Mixed) (G1 Evacuation Pause) 2967M->2415M(12288M) 61.445ms
[2025-01-07T18:56:41.352+0000][81071.718s][info][gc,cpu      ] GC(2568) User=0.36s Sys=0.00s Real=0.06s
[2025-01-07T18:56:50.544+0000][81080.910s][info][gc,start    ] GC(2569) Pause Young (Normal) (G1 Evacuation Pause)
[2025-01-07T18:56:50.544+0000][81080.910s][info][gc,task     ] GC(2569) Using 6 workers of 6 for evacuation
[2025-01-07T18:56:50.571+0000][81080.937s][info][gc,phases   ] GC(2569)   Pre Evacuate Collection Set: 0.2ms
[2025-01-07T18:56:50.571+0000][81080.937s][info][gc,phases   ] GC(2569)   Merge Heap Roots: 0.4ms
[2025-01-07T18:56:50.571+0000][81080.937s][info][gc,phases   ] GC(2569)   Evacuate Collection Set: 24.2ms
[2025-01-07T18:56:50.571+0000][81080.937s][info][gc,phases   ] GC(2569)   Post Evacuate Collection Set: 2.6ms
[2025-01-07T18:56:50.571+0000][81080.937s][info][gc,phases   ] GC(2569)   Other: 0.2ms
[2025-01-07T18:56:50.571+0000][81080.937s][info][gc,heap     ] GC(2569) Eden regions: 909->0(908)
[2025-01-07T18:56:50.571+0000][81080.937s][info][gc,heap     ] GC(2569) Survivor regions: 6->7(115)
[2025-01-07T18:56:50.571+0000][81080.937s][info][gc,heap     ] GC(2569) Old regions: 247->247
[2025-01-07T18:56:50.571+0000][81080.937s][info][gc,heap     ] GC(2569) Archive regions: 2->2
[2025-01-07T18:56:50.571+0000][81080.937s][info][gc,heap     ] GC(2569) Humongous regions: 49->49
[2025-01-07T18:56:50.571+0000][81080.937s][info][gc,metaspace] GC(2569) Metaspace: 498162K(506304K)->498162K(506304K) NonClass: 437625K(441792K)->437625K(441792K) Class: 60536K(64512K)->60536K(64512K)
[2025-01-07T18:56:50.571+0000][81080.937s][info][gc          ] GC(2569) Pause Young (Normal) (G1 Evacuation Pause) 9687M->2427M(12288M) 27.743ms
[2025-01-07T18:56:50.571+0000][81080.938s][info][gc,cpu      ] GC(2569) User=0.16s Sys=0.00s Real=0.03s
[2025-01-07T18:56:58.255+0000][81088.621s][info][gc,start    ] GC(2570) Pause Young (Normal) (G1 Evacuation Pause)
[2025-01-07T18:56:58.255+0000][81088.621s][info][gc,task     ] GC(2570) Using 6 workers of 6 for evacuation
[2025-01-07T18:56:58.284+0000][81088.650s][info][gc,phases   ] GC(2570)   Pre Evacuate Collection Set: 0.2ms
[2025-01-07T18:56:58.284+0000][81088.650s][info][gc,phases   ] GC(2570)   Merge Heap Roots: 0.4ms
[2025-01-07T18:56:58.284+0000][81088.650s][info][gc,phases   ] GC(2570)   Evacuate Collection Set: 25.1ms
[2025-01-07T18:56:58.284+0000][81088.650s][info][gc,phases   ] GC(2570)   Post Evacuate Collection Set: 2.6ms
[2025-01-07T18:56:58.284+0000][81088.650s][info][gc,phases   ] GC(2570)   Other: 0.3ms
[2025-01-07T18:56:58.284+0000][81088.650s][info][gc,heap     ] GC(2570) Eden regions: 908->0(908)
[2025-01-07T18:56:58.284+0000][81088.650s][info][gc,heap     ] GC(2570) Survivor regions: 7->9(115)
[2025-01-07T18:56:58.284+0000][81088.650s][info][gc,heap     ] GC(2570) Old regions: 247->247
[2025-01-07T18:56:58.284+0000][81088.650s][info][gc,heap     ] GC(2570) Archive regions: 2->2
[2025-01-07T18:56:58.284+0000][81088.650s][info][gc,heap     ] GC(2570) Humongous regions: 49->49
[2025-01-07T18:56:58.284+0000][81088.650s][info][gc,metaspace] GC(2570) Metaspace: 498162K(506304K)->498162K(506304K) NonClass: 437625K(441792K)->437625K(441792K) Class: 60536K(64512K)->60536K(64512K)
[2025-01-07T18:56:58.284+0000][81088.650s][info][gc          ] GC(2570) Pause Young (Normal) (G1 Evacuation Pause) 9691M->2439M(12288M) 28.657ms
[2025-01-07T18:56:58.284+0000][81088.650s][info][gc,cpu      ] GC(2570) User=0.16s Sys=0.00s Real=0.03s
[2025-01-07T18:57:03.341+0000][81093.707s][info][gc,start    ] GC(2571) Pause Young (Concurrent Start) (G1 Evacuation Pause)
[2025-01-07T18:57:03.341+0000][81093.707s][info][gc,task     ] GC(2571) Using 6 workers of 6 for evacuation
[2025-01-07T18:57:03.372+0000][81093.738s][info][gc,phases   ] GC(2571)   Pre Evacuate Collection Set: 1.0ms
[2025-01-07T18:57:03.372+0000][81093.738s][info][gc,phases   ] GC(2571)   Merge Heap Roots: 0.4ms
[2025-01-07T18:57:03.372+0000][81093.738s][info][gc,phases   ] GC(2571)   Evacuate Collection Set: 26.9ms
[2025-01-07T18:57:03.372+0000][81093.738s][info][gc,phases   ] GC(2571)   Post Evacuate Collection Set: 2.4ms
[2025-01-07T18:57:03.372+0000][81093.738s][info][gc,phases   ] GC(2571)   Other: 0.3ms
[2025-01-07T18:57:03.372+0000][81093.738s][info][gc,heap     ] GC(2571) Eden regions: 908->0(908)
[2025-01-07T18:57:03.372+0000][81093.738s][info][gc,heap     ] GC(2571) Survivor regions: 9->9(115)
[2025-01-07T18:57:03.372+0000][81093.738s][info][gc,heap     ] GC(2571) Old regions: 247->247
[2025-01-07T18:57:03.372+0000][81093.738s][info][gc,heap     ] GC(2571) Archive regions: 2->2
[2025-01-07T18:57:03.372+0000][81093.738s][info][gc,heap     ] GC(2571) Humongous regions: 49->49
[2025-01-07T18:57:03.372+0000][81093.738s][info][gc,metaspace] GC(2571) Metaspace: 498162K(506304K)->498162K(506304K) NonClass: 437625K(441792K)->437625K(441792K) Class: 60536K(64512K)->60536K(64512K)
[2025-01-07T18:57:03.372+0000][81093.738s][info][gc          ] GC(2571) Pause Young (Concurrent Start) (G1 Evacuation Pause) 9703M->2445M(12288M) 31.121ms
[2025-01-07T18:57:03.372+0000][81093.738s][info][gc,cpu      ] GC(2571) User=0.17s Sys=0.00s Real=0.04s
[2025-01-07T18:57:03.372+0000][81093.738s][info][gc          ] GC(2572) Concurrent Mark Cycle
[2025-01-07T18:57:03.372+0000][81093.738s][info][gc,marking  ] GC(2572) Concurrent Clear Claimed Marks
[2025-01-07T18:57:03.373+0000][81093.739s][info][gc,marking  ] GC(2572) Concurrent Clear Claimed Marks 0.794ms
[2025-01-07T18:57:03.373+0000][81093.739s][info][gc,marking  ] GC(2572) Concurrent Scan Root Regions
[2025-01-07T18:57:03.397+0000][81093.763s][info][gc,marking  ] GC(2572) Concurrent Scan Root Regions 24.317ms
[2025-01-07T18:57:03.397+0000][81093.763s][info][gc,marking  ] GC(2572) Concurrent Mark
[2025-01-07T18:57:03.397+0000][81093.763s][info][gc,marking  ] GC(2572) Concurrent Mark From Roots
[2025-01-07T18:57:03.397+0000][81093.763s][info][gc,task     ] GC(2572) Using 2 workers of 2 for marking
[2025-01-07T18:57:04.276+0000][81094.642s][info][gc,marking  ] GC(2572) Concurrent Mark From Roots 879.090ms
[2025-01-07T18:57:04.276+0000][81094.642s][info][gc,marking  ] GC(2572) Concurrent Preclean
[2025-01-07T18:57:04.278+0000][81094.644s][info][gc,marking  ] GC(2572) Concurrent Preclean 1.888ms
[2025-01-07T18:57:04.278+0000][81094.644s][info][gc,start    ] GC(2572) Pause Remark
[2025-01-07T18:57:04.303+0000][81094.669s][info][gc          ] GC(2572) Pause Remark 3901M->3901M(12288M) 25.307ms
[2025-01-07T18:57:04.303+0000][81094.670s][info][gc,cpu      ] GC(2572) User=0.15s Sys=0.00s Real=0.03s
[2025-01-07T18:57:04.304+0000][81094.670s][info][gc,marking  ] GC(2572) Concurrent Mark 906.619ms
[2025-01-07T18:57:04.304+0000][81094.670s][info][gc,marking  ] GC(2572) Concurrent Rebuild Remembered Sets
[2025-01-07T18:57:04.842+0000][81095.208s][info][gc,marking  ] GC(2572) Concurrent Rebuild Remembered Sets 538.695ms
[2025-01-07T18:57:04.843+0000][81095.209s][info][gc,start    ] GC(2572) Pause Cleanup
[2025-01-07T18:57:04.843+0000][81095.209s][info][gc          ] GC(2572) Pause Cleanup 4529M->4529M(12288M) 0.518ms
[2025-01-07T18:57:04.843+0000][81095.209s][info][gc,cpu      ] GC(2572) User=0.01s Sys=0.00s Real=0.00s
[2025-01-07T18:57:04.843+0000][81095.209s][info][gc,marking  ] GC(2572) Concurrent Cleanup for Next Mark
[2025-01-07T18:57:04.871+0000][81095.238s][info][gc,marking  ] GC(2572) Concurrent Cleanup for Next Mark 28.274ms
[2025-01-07T18:57:04.871+0000][81095.238s][info][gc          ] GC(2572) Concurrent Mark Cycle 1499.765ms
[2025-01-07T18:57:08.387+0000][81098.753s][info][gc,start    ] GC(2573) Pause Young (Prepare Mixed) (G1 Evacuation Pause)
[2025-01-07T18:57:08.387+0000][81098.753s][info][gc,task     ] GC(2573) Using 6 workers of 6 for evacuation
[2025-01-07T18:57:08.420+0000][81098.786s][info][gc,phases   ] GC(2573)   Pre Evacuate Collection Set: 0.2ms
[2025-01-07T18:57:08.420+0000][81098.786s][info][gc,phases   ] GC(2573)   Merge Heap Roots: 0.7ms
[2025-01-07T18:57:08.420+0000][81098.786s][info][gc,phases   ] GC(2573)   Evacuate Collection Set: 29.2ms
[2025-01-07T18:57:08.420+0000][81098.786s][info][gc,phases   ] GC(2573)   Post Evacuate Collection Set: 2.4ms
[2025-01-07T18:57:08.420+0000][81098.786s][info][gc,phases   ] GC(2573)   Other: 0.2ms
[2025-01-07T18:57:08.420+0000][81098.786s][info][gc,heap     ] GC(2573) Eden regions: 908->0(66)
[2025-01-07T18:57:08.420+0000][81098.786s][info][gc,heap     ] GC(2573) Survivor regions: 9->10(115)
[2025-01-07T18:57:08.420+0000][81098.786s][info][gc,heap     ] GC(2573) Old regions: 247->247
[2025-01-07T18:57:08.420+0000][81098.786s][info][gc,heap     ] GC(2573) Archive regions: 2->2
[2025-01-07T18:57:08.420+0000][81098.786s][info][gc,heap     ] GC(2573) Humongous regions: 49->49
[2025-01-07T18:57:08.420+0000][81098.786s][info][gc,metaspace] GC(2573) Metaspace: 498163K(506304K)->498163K(506304K) NonClass: 437627K(441792K)->437627K(441792K) Class: 60536K(64512K)->60536K(64512K)
[2025-01-07T18:57:08.420+0000][81098.786s][info][gc          ] GC(2573) Pause Young (Prepare Mixed) (G1 Evacuation Pause) 9709M->2451M(12288M) 32.760ms
[2025-01-07T18:57:08.420+0000][81098.786s][info][gc,cpu      ] GC(2573) User=0.19s Sys=0.00s Real=0.03s
[2025-01-07T18:57:08.648+0000][81099.014s][info][gc,start    ] GC(2574) Pause Young (Mixed) (G1 Evacuation Pause)
[2025-01-07T18:57:08.648+0000][81099.014s][info][gc,task     ] GC(2574) Using 6 workers of 6 for evacuation
[2025-01-07T18:57:08.691+0000][81099.057s][info][gc,phases   ] GC(2574)   Pre Evacuate Collection Set: 0.2ms
[2025-01-07T18:57:08.691+0000][81099.058s][info][gc,phases   ] GC(2574)   Merge Heap Roots: 0.4ms
[2025-01-07T18:57:08.691+0000][81099.058s][info][gc,phases   ] GC(2574)   Evacuate Collection Set: 40.2ms
[2025-01-07T18:57:08.691+0000][81099.058s][info][gc,phases   ] GC(2574)   Post Evacuate Collection Set: 2.4ms
[2025-01-07T18:57:08.691+0000][81099.058s][info][gc,phases   ] GC(2574)   Other: 0.2ms
[2025-01-07T18:57:08.691+0000][81099.058s][info][gc,heap     ] GC(2574) Eden regions: 66->0(910)
[2025-01-07T18:57:08.691+0000][81099.058s][info][gc,heap     ] GC(2574) Survivor regions: 10->8(10)
[2025-01-07T18:57:08.691+0000][81099.058s][info][gc,heap     ] GC(2574) Old regions: 247->245
[2025-01-07T18:57:08.691+0000][81099.058s][info][gc,heap     ] GC(2574) Archive regions: 2->2
[2025-01-07T18:57:08.691+0000][81099.058s][info][gc,heap     ] GC(2574) Humongous regions: 49->49
[2025-01-07T18:57:08.691+0000][81099.058s][info][gc,metaspace] GC(2574) Metaspace: 498163K(506304K)->498163K(506304K) NonClass: 437627K(441792K)->437627K(441792K) Class: 60536K(64512K)->60536K(64512K)
[2025-01-07T18:57:08.691+0000][81099.058s][info][gc          ] GC(2574) Pause Young (Mixed) (G1 Evacuation Pause) 2979M->2415M(12288M) 43.554ms
[2025-01-07T18:57:08.692+0000][81099.058s][info][gc,cpu      ] GC(2574) User=0.25s Sys=0.00s Real=0.05s
[2025-01-07T18:57:15.879+0000][81106.245s][info][gc,start    ] GC(2575) Pause Young (Normal) (G1 Evacuation Pause)
[2025-01-07T18:57:15.879+0000][81106.245s][info][gc,task     ] GC(2575) Using 6 workers of 6 for evacuation
[2025-01-07T18:57:15.906+0000][81106.272s][info][gc,phases   ] GC(2575)   Pre Evacuate Collection Set: 0.2ms
[2025-01-07T18:57:15.906+0000][81106.272s][info][gc,phases   ] GC(2575)   Merge Heap Roots: 0.4ms
[2025-01-07T18:57:15.906+0000][81106.272s][info][gc,phases   ] GC(2575)   Evacuate Collection Set: 21.6ms
[2025-01-07T18:57:15.906+0000][81106.272s][info][gc,phases   ] GC(2575)   Post Evacuate Collection Set: 4.5ms
[2025-01-07T18:57:15.906+0000][81106.272s][info][gc,phases   ] GC(2575)   Other: 0.2ms
[2025-01-07T18:57:15.906+0000][81106.272s][info][gc,heap     ] GC(2575) Eden regions: 910->0(909)
[2025-01-07T18:57:15.906+0000][81106.272s][info][gc,heap     ] GC(2575) Survivor regions: 8->8(115)
[2025-01-07T18:57:15.906+0000][81106.272s][info][gc,heap     ] GC(2575) Old regions: 245->245
[2025-01-07T18:57:15.906+0000][81106.272s][info][gc,heap     ] GC(2575) Archive regions: 2->2
[2025-01-07T18:57:15.906+0000][81106.272s][info][gc,heap     ] GC(2575) Humongous regions: 49->49
[2025-01-07T18:57:15.906+0000][81106.272s][info][gc,metaspace] GC(2575) Metaspace: 498165K(506304K)->498165K(506304K) NonClass: 437628K(441792K)->437628K(441792K) Class: 60536K(64512K)->60536K(64512K)
[2025-01-07T18:57:15.906+0000][81106.272s][info][gc          ] GC(2575) Pause Young (Normal) (G1 Evacuation Pause) 9695M->2411M(12288M) 27.115ms
[2025-01-07T18:57:15.906+0000][81106.273s][info][gc,cpu      ] GC(2575) User=0.16s Sys=0.00s Real=0.03s
[2025-01-07T18:57:23.843+0000][81114.209s][info][gc,start    ] GC(2576) Pause Young (Normal) (G1 Evacuation Pause)
[2025-01-07T18:57:23.843+0000][81114.209s][info][gc,task     ] GC(2576) Using 6 workers of 6 for evacuation
[2025-01-07T18:57:23.877+0000][81114.243s][info][gc,phases   ] GC(2576)   Pre Evacuate Collection Set: 0.2ms
[2025-01-07T18:57:23.877+0000][81114.243s][info][gc,phases   ] GC(2576)   Merge Heap Roots: 0.4ms
[2025-01-07T18:57:23.877+0000][81114.243s][info][gc,phases   ] GC(2576)   Evacuate Collection Set: 29.3ms
[2025-01-07T18:57:23.877+0000][81114.243s][info][gc,phases   ] GC(2576)   Post Evacuate Collection Set: 4.3ms
[2025-01-07T18:57:23.877+0000][81114.243s][info][gc,phases   ] GC(2576)   Other: 0.2ms
[2025-01-07T18:57:23.877+0000][81114.243s][info][gc,heap     ] GC(2576) Eden regions: 909->0(907)
[2025-01-07T18:57:23.877+0000][81114.243s][info][gc,heap     ] GC(2576) Survivor regions: 8->9(115)
[2025-01-07T18:57:23.877+0000][81114.243s][info][gc,heap     ] GC(2576) Old regions: 245->245
[2025-01-07T18:57:23.877+0000][81114.243s][info][gc,heap     ] GC(2576) Archive regions: 2->2
[2025-01-07T18:57:23.877+0000][81114.243s][info][gc,heap     ] GC(2576) Humongous regions: 49->49
[2025-01-07T18:57:23.877+0000][81114.243s][info][gc,metaspace] GC(2576) Metaspace: 498165K(506304K)->498165K(506304K) NonClass: 437628K(441792K)->437628K(441792K) Class: 60536K(64512K)->60536K(64512K)
[2025-01-07T18:57:23.877+0000][81114.243s][info][gc          ] GC(2576) Pause Young (Normal) (G1 Evacuation Pause) 9683M->2423M(12288M) 34.550ms
[2025-01-07T18:57:23.877+0000][81114.243s][info][gc,cpu      ] GC(2576) User=0.20s Sys=0.00s Real=0.03s
[2025-01-07T18:57:31.690+0000][81122.056s][info][gc,start    ] GC(2577) Pause Young (Concurrent Start) (G1 Evacuation Pause)
[2025-01-07T18:57:31.690+0000][81122.056s][info][gc,task     ] GC(2577) Using 6 workers of 6 for evacuation
[2025-01-07T18:57:31.723+0000][81122.089s][info][gc,phases   ] GC(2577)   Pre Evacuate Collection Set: 1.0ms
[2025-01-07T18:57:31.723+0000][81122.090s][info][gc,phases   ] GC(2577)   Merge Heap Roots: 0.5ms
[2025-01-07T18:57:31.723+0000][81122.090s][info][gc,phases   ] GC(2577)   Evacuate Collection Set: 28.8ms
[2025-01-07T18:57:31.723+0000][81122.090s][info][gc,phases   ] GC(2577)   Post Evacuate Collection Set: 2.6ms
[2025-01-07T18:57:31.723+0000][81122.090s][info][gc,phases   ] GC(2577)   Other: 0.3ms
[2025-01-07T18:57:31.723+0000][81122.090s][info][gc,heap     ] GC(2577) Eden regions: 907->0(906)
[2025-01-07T18:57:31.723+0000][81122.090s][info][gc,heap     ] GC(2577) Survivor regions: 9->10(115)
[2025-01-07T18:57:31.723+0000][81122.090s][info][gc,heap     ] GC(2577) Old regions: 245->245
[2025-01-07T18:57:31.723+0000][81122.090s][info][gc,heap     ] GC(2577) Archive regions: 2->2
[2025-01-07T18:57:31.723+0000][81122.090s][info][gc,heap     ] GC(2577) Humongous regions: 49->49
[2025-01-07T18:57:31.723+0000][81122.090s][info][gc,metaspace] GC(2577) Metaspace: 498170K(506304K)->498170K(506304K) NonClass: 437634K(441792K)->437634K(441792K) Class: 60536K(64512K)->60536K(64512K)
[2025-01-07T18:57:31.723+0000][81122.090s][info][gc          ] GC(2577) Pause Young (Concurrent Start) (G1 Evacuation Pause) 9679M->2431M(12288M) 33.145ms
[2025-01-07T18:57:31.724+0000][81122.090s][info][gc,cpu      ] GC(2577) User=0.19s Sys=0.00s Real=0.03s
[2025-01-07T18:57:31.724+0000][81122.090s][info][gc          ] GC(2578) Concurrent Mark Cycle
[2025-01-07T18:57:31.724+0000][81122.090s][info][gc,marking  ] GC(2578) Concurrent Clear Claimed Marks
[2025-01-07T18:57:31.724+0000][81122.090s][info][gc,marking  ] GC(2578) Concurrent Clear Claimed Marks 0.788ms
[2025-01-07T18:57:31.724+0000][81122.090s][info][gc,marking  ] GC(2578) Concurrent Scan Root Regions
[2025-01-07T18:57:31.752+0000][81122.118s][info][gc,marking  ] GC(2578) Concurrent Scan Root Regions 27.132ms
[2025-01-07T18:57:31.752+0000][81122.118s][info][gc,marking  ] GC(2578) Concurrent Mark
[2025-01-07T18:57:31.752+0000][81122.118s][info][gc,marking  ] GC(2578) Concurrent Mark From Roots
[2025-01-07T18:57:31.752+0000][81122.118s][info][gc,task     ] GC(2578) Using 2 workers of 2 for marking
[2025-01-07T18:57:32.599+0000][81122.965s][info][gc,marking  ] GC(2578) Concurrent Mark From Roots 847.660ms
[2025-01-07T18:57:32.599+0000][81122.965s][info][gc,marking  ] GC(2578) Concurrent Preclean
[2025-01-07T18:57:32.602+0000][81122.968s][info][gc,marking  ] GC(2578) Concurrent Preclean 2.804ms
[2025-01-07T18:57:32.602+0000][81122.968s][info][gc,start    ] GC(2578) Pause Remark
[2025-01-07T18:57:32.630+0000][81122.996s][info][gc          ] GC(2578) Pause Remark 3215M->3215M(12288M) 27.654ms
[2025-01-07T18:57:32.630+0000][81122.996s][info][gc,cpu      ] GC(2578) User=0.16s Sys=0.00s Real=0.03s
[2025-01-07T18:57:32.630+0000][81122.996s][info][gc,marking  ] GC(2578) Concurrent Mark 878.552ms
[2025-01-07T18:57:32.630+0000][81122.996s][info][gc,marking  ] GC(2578) Concurrent Rebuild Remembered Sets
[2025-01-07T18:57:33.179+0000][81123.545s][info][gc,marking  ] GC(2578) Concurrent Rebuild Remembered Sets 548.803ms
[2025-01-07T18:57:33.179+0000][81123.545s][info][gc,start    ] GC(2578) Pause Cleanup
[2025-01-07T18:57:33.180+0000][81123.546s][info][gc          ] GC(2578) Pause Cleanup 3847M->3847M(12288M) 0.457ms
[2025-01-07T18:57:33.180+0000][81123.546s][info][gc,cpu      ] GC(2578) User=0.00s Sys=0.00s Real=0.00s
[2025-01-07T18:57:33.180+0000][81123.546s][info][gc,marking  ] GC(2578) Concurrent Cleanup for Next Mark
[2025-01-07T18:57:33.195+0000][81123.561s][info][gc,marking  ] GC(2578) Concurrent Cleanup for Next Mark 15.404ms
[2025-01-07T18:57:33.195+0000][81123.561s][info][gc          ] GC(2578) Concurrent Mark Cycle 1471.565ms
[2025-01-07T18:57:41.879+0000][81132.245s][info][gc,start    ] GC(2579) Pause Young (Prepare Mixed) (G1 Evacuation Pause)
[2025-01-07T18:57:41.879+0000][81132.245s][info][gc,task     ] GC(2579) Using 6 workers of 6 for evacuation
[2025-01-07T18:57:41.916+0000][81132.282s][info][gc,phases   ] GC(2579)   Pre Evacuate Collection Set: 0.2ms
[2025-01-07T18:57:41.916+0000][81132.282s][info][gc,phases   ] GC(2579)   Merge Heap Roots: 0.7ms
[2025-01-07T18:57:41.916+0000][81132.282s][info][gc,phases   ] GC(2579)   Evacuate Collection Set: 32.8ms
[2025-01-07T18:57:41.916+0000][81132.282s][info][gc,phases   ] GC(2579)   Post Evacuate Collection Set: 2.7ms
[2025-01-07T18:57:41.916+0000][81132.282s][info][gc,phases   ] GC(2579)   Other: 0.2ms
[2025-01-07T18:57:41.916+0000][81132.282s][info][gc,heap     ] GC(2579) Eden regions: 906->0(65)
[2025-01-07T18:57:41.916+0000][81132.282s][info][gc,heap     ] GC(2579) Survivor regions: 10->11(115)
[2025-01-07T18:57:41.916+0000][81132.282s][info][gc,heap     ] GC(2579) Old regions: 245->245
[2025-01-07T18:57:41.916+0000][81132.282s][info][gc,heap     ] GC(2579) Archive regions: 2->2
[2025-01-07T18:57:41.916+0000][81132.282s][info][gc,heap     ] GC(2579) Humongous regions: 49->49
[2025-01-07T18:57:41.916+0000][81132.282s][info][gc,metaspace] GC(2579) Metaspace: 498170K(506304K)->498170K(506304K) NonClass: 437634K(441792K)->437634K(441792K) Class: 60536K(64512K)->60536K(64512K)
[2025-01-07T18:57:41.916+0000][81132.282s][info][gc          ] GC(2579) Pause Young (Prepare Mixed) (G1 Evacuation Pause) 9679M->2439M(12288M) 36.715ms
[2025-01-07T18:57:41.916+0000][81132.282s][info][gc,cpu      ] GC(2579) User=0.22s Sys=0.00s Real=0.04s
[2025-01-07T18:57:42.670+0000][81133.036s][info][gc,start    ] GC(2580) Pause Young (Mixed) (G1 Evacuation Pause)
[2025-01-07T18:57:42.670+0000][81133.036s][info][gc,task     ] GC(2580) Using 6 workers of 6 for evacuation
[2025-01-07T18:57:42.735+0000][81133.101s][info][gc,phases   ] GC(2580)   Pre Evacuate Collection Set: 0.2ms
[2025-01-07T18:57:42.735+0000][81133.101s][info][gc,phases   ] GC(2580)   Merge Heap Roots: 0.7ms
[2025-01-07T18:57:42.735+0000][81133.101s][info][gc,phases   ] GC(2580)   Evacuate Collection Set: 62.1ms
[2025-01-07T18:57:42.735+0000][81133.101s][info][gc,phases   ] GC(2580)   Post Evacuate Collection Set: 1.8ms
[2025-01-07T18:57:42.735+0000][81133.101s][info][gc,phases   ] GC(2580)   Other: 0.2ms
[2025-01-07T18:57:42.735+0000][81133.101s][info][gc,heap     ] GC(2580) Eden regions: 65->0(913)
[2025-01-07T18:57:42.735+0000][81133.101s][info][gc,heap     ] GC(2580) Survivor regions: 11->5(10)
[2025-01-07T18:57:42.735+0000][81133.101s][info][gc,heap     ] GC(2580) Old regions: 245->244
[2025-01-07T18:57:42.735+0000][81133.101s][info][gc,heap     ] GC(2580) Archive regions: 2->2
[2025-01-07T18:57:42.735+0000][81133.101s][info][gc,heap     ] GC(2580) Humongous regions: 49->49
[2025-01-07T18:57:42.735+0000][81133.101s][info][gc,metaspace] GC(2580) Metaspace: 498170K(506304K)->498170K(506304K) NonClass: 437634K(441792K)->437634K(441792K) Class: 60536K(64512K)->60536K(64512K)
[2025-01-07T18:57:42.735+0000][81133.101s][info][gc          ] GC(2580) Pause Young (Mixed) (G1 Evacuation Pause) 2959M->2387M(12288M) 65.108ms
[2025-01-07T18:57:42.735+0000][81133.101s][info][gc,cpu      ] GC(2580) User=0.37s Sys=0.00s Real=0.06s
[2025-01-07T18:57:54.263+0000][81144.629s][info][gc,start    ] GC(2581) Pause Young (Normal) (G1 Evacuation Pause)
[2025-01-07T18:57:54.263+0000][81144.629s][info][gc,task     ] GC(2581) Using 6 workers of 6 for evacuation
[2025-01-07T18:57:54.291+0000][81144.657s][info][gc,phases   ] GC(2581)   Pre Evacuate Collection Set: 0.2ms
[2025-01-07T18:57:54.291+0000][81144.657s][info][gc,phases   ] GC(2581)   Merge Heap Roots: 0.4ms
[2025-01-07T18:57:54.291+0000][81144.657s][info][gc,phases   ] GC(2581)   Evacuate Collection Set: 24.1ms
[2025-01-07T18:57:54.291+0000][81144.657s][info][gc,phases   ] GC(2581)   Post Evacuate Collection Set: 2.6ms
[2025-01-07T18:57:54.291+0000][81144.657s][info][gc,phases   ] GC(2581)   Other: 0.2ms
[2025-01-07T18:57:54.291+0000][81144.657s][info][gc,heap     ] GC(2581) Eden regions: 913->0(911)
[2025-01-07T18:57:54.291+0000][81144.657s][info][gc,heap     ] GC(2581) Survivor regions: 5->7(115)
[2025-01-07T18:57:54.291+0000][81144.657s][info][gc,heap     ] GC(2581) Old regions: 244->244
[2025-01-07T18:57:54.291+0000][81144.657s][info][gc,heap     ] GC(2581) Archive regions: 2->2
[2025-01-07T18:57:54.291+0000][81144.657s][info][gc,heap     ] GC(2581) Humongous regions: 49->49
[2025-01-07T18:57:54.291+0000][81144.657s][info][gc,metaspace] GC(2581) Metaspace: 498170K(506304K)->498170K(506304K) NonClass: 437634K(441792K)->437634K(441792K) Class: 60536K(64512K)->60536K(64512K)
[2025-01-07T18:57:54.291+0000][81144.657s][info][gc          ] GC(2581) Pause Young (Normal) (G1 Evacuation Pause) 9691M->2402M(12288M) 27.680ms
[2025-01-07T18:57:54.291+0000][81144.657s][info][gc,cpu      ] GC(2581) User=0.17s Sys=0.00s Real=0.03s
[2025-01-07T18:58:03.474+0000][81153.841s][info][gc,start    ] GC(2582) Pause Young (Normal) (G1 Evacuation Pause)
[2025-01-07T18:58:03.475+0000][81153.841s][info][gc,task     ] GC(2582) Using 6 workers of 6 for evacuation
[2025-01-07T18:58:03.504+0000][81153.870s][info][gc,phases   ] GC(2582)   Pre Evacuate Collection Set: 0.2ms
[2025-01-07T18:58:03.504+0000][81153.871s][info][gc,phases   ] GC(2582)   Merge Heap Roots: 0.5ms
[2025-01-07T18:58:03.504+0000][81153.871s][info][gc,phases   ] GC(2582)   Evacuate Collection Set: 26.4ms
[2025-01-07T18:58:03.504+0000][81153.871s][info][gc,phases   ] GC(2582)   Post Evacuate Collection Set: 2.7ms
[2025-01-07T18:58:03.504+0000][81153.871s][info][gc,phases   ] GC(2582)   Other: 0.2ms
[2025-01-07T18:58:03.504+0000][81153.871s][info][gc,heap     ] GC(2582) Eden regions: 911->0(910)
[2025-01-07T18:58:03.504+0000][81153.871s][info][gc,heap     ] GC(2582) Survivor regions: 7->8(115)
[2025-01-07T18:58:03.504+0000][81153.871s][info][gc,heap     ] GC(2582) Old regions: 244->244
[2025-01-07T18:58:03.504+0000][81153.871s][info][gc,heap     ] GC(2582) Archive regions: 2->2
[2025-01-07T18:58:03.504+0000][81153.871s][info][gc,heap     ] GC(2582) Humongous regions: 49->49
[2025-01-07T18:58:03.504+0000][81153.871s][info][gc,metaspace] GC(2582) Metaspace: 498170K(506304K)->498170K(506304K) NonClass: 437634K(441792K)->437634K(441792K) Class: 60536K(64512K)->60536K(64512K)
[2025-01-07T18:58:03.504+0000][81153.871s][info][gc          ] GC(2582) Pause Young (Normal) (G1 Evacuation Pause) 9690M->2409M(12288M) 30.014ms
[2025-01-07T18:58:03.505+0000][81153.871s][info][gc,cpu      ] GC(2582) User=0.17s Sys=0.00s Real=0.03s
[2025-01-07T18:58:11.840+0000][81162.206s][info][gc,start    ] GC(2583) Pause Young (Concurrent Start) (G1 Evacuation Pause)
[2025-01-07T18:58:11.840+0000][81162.206s][info][gc,task     ] GC(2583) Using 6 workers of 6 for evacuation
[2025-01-07T18:58:11.878+0000][81162.244s][info][gc,phases   ] GC(2583)   Pre Evacuate Collection Set: 1.0ms
[2025-01-07T18:58:11.878+0000][81162.245s][info][gc,phases   ] GC(2583)   Merge Heap Roots: 0.5ms
[2025-01-07T18:58:11.878+0000][81162.245s][info][gc,phases   ] GC(2583)   Evacuate Collection Set: 31.2ms
[2025-01-07T18:58:11.878+0000][81162.245s][info][gc,phases   ] GC(2583)   Post Evacuate Collection Set: 5.5ms
[2025-01-07T18:58:11.878+0000][81162.245s][info][gc,phases   ] GC(2583)   Other: 0.3ms
[2025-01-07T18:58:11.878+0000][81162.245s][info][gc,heap     ] GC(2583) Eden regions: 910->0(906)
[2025-01-07T18:58:11.878+0000][81162.245s][info][gc,heap     ] GC(2583) Survivor regions: 8->11(115)
[2025-01-07T18:58:11.878+0000][81162.245s][info][gc,heap     ] GC(2583) Old regions: 244->244
[2025-01-07T18:58:11.878+0000][81162.245s][info][gc,heap     ] GC(2583) Archive regions: 2->2
[2025-01-07T18:58:11.878+0000][81162.245s][info][gc,heap     ] GC(2583) Humongous regions: 49->49
[2025-01-07T18:58:11.878+0000][81162.245s][info][gc,metaspace] GC(2583) Metaspace: 498170K(506304K)->498170K(506304K) NonClass: 437634K(441792K)->437634K(441792K) Class: 60536K(64512K)->60536K(64512K)
[2025-01-07T18:58:11.879+0000][81162.245s][info][gc          ] GC(2583) Pause Young (Concurrent Start) (G1 Evacuation Pause) 9689M->2434M(12288M) 38.503ms
[2025-01-07T18:58:11.879+0000][81162.245s][info][gc,cpu      ] GC(2583) User=0.22s Sys=0.01s Real=0.04s
[2025-01-07T18:58:11.879+0000][81162.245s][info][gc          ] GC(2584) Concurrent Mark Cycle
[2025-01-07T18:58:11.879+0000][81162.245s][info][gc,marking  ] GC(2584) Concurrent Clear Claimed Marks
[2025-01-07T18:58:11.879+0000][81162.246s][info][gc,marking  ] GC(2584) Concurrent Clear Claimed Marks 0.792ms
[2025-01-07T18:58:11.879+0000][81162.246s][info][gc,marking  ] GC(2584) Concurrent Scan Root Regions
[2025-01-07T18:58:11.911+0000][81162.277s][info][gc,marking  ] GC(2584) Concurrent Scan Root Regions 31.837ms
[2025-01-07T18:58:11.911+0000][81162.277s][info][gc,marking  ] GC(2584) Concurrent Mark
[2025-01-07T18:58:11.911+0000][81162.277s][info][gc,marking  ] GC(2584) Concurrent Mark From Roots
[2025-01-07T18:58:11.911+0000][81162.277s][info][gc,task     ] GC(2584) Using 2 workers of 2 for marking
[2025-01-07T18:58:12.724+0000][81163.090s][info][gc,marking  ] GC(2584) Concurrent Mark From Roots 812.619ms
[2025-01-07T18:58:12.724+0000][81163.090s][info][gc,marking  ] GC(2584) Concurrent Preclean
[2025-01-07T18:58:12.726+0000][81163.092s][info][gc,marking  ] GC(2584) Concurrent Preclean 1.898ms
[2025-01-07T18:58:12.726+0000][81163.092s][info][gc,start    ] GC(2584) Pause Remark
[2025-01-07T18:58:12.751+0000][81163.118s][info][gc          ] GC(2584) Pause Remark 2792M->2792M(12288M) 25.461ms
[2025-01-07T18:58:12.752+0000][81163.118s][info][gc,cpu      ] GC(2584) User=0.14s Sys=0.00s Real=0.03s
[2025-01-07T18:58:12.752+0000][81163.118s][info][gc,marking  ] GC(2584) Concurrent Mark 840.348ms
[2025-01-07T18:58:12.752+0000][81163.118s][info][gc,marking  ] GC(2584) Concurrent Rebuild Remembered Sets
[2025-01-07T18:58:13.226+0000][81163.592s][info][gc,marking  ] GC(2584) Concurrent Rebuild Remembered Sets 474.275ms
[2025-01-07T18:58:13.226+0000][81163.592s][info][gc,start    ] GC(2584) Pause Cleanup
[2025-01-07T18:58:13.227+0000][81163.593s][info][gc          ] GC(2584) Pause Cleanup 2910M->2910M(12288M) 0.455ms
[2025-01-07T18:58:13.227+0000][81163.593s][info][gc,cpu      ] GC(2584) User=0.00s Sys=0.00s Real=0.00s
[2025-01-07T18:58:13.227+0000][81163.593s][info][gc,marking  ] GC(2584) Concurrent Cleanup for Next Mark
[2025-01-07T18:58:13.242+0000][81163.608s][info][gc,marking  ] GC(2584) Concurrent Cleanup for Next Mark 15.441ms
[2025-01-07T18:58:13.242+0000][81163.608s][info][gc          ] GC(2584) Concurrent Mark Cycle 1363.541ms
[2025-01-07T18:58:23.637+0000][81174.003s][info][gc,start    ] GC(2585) Pause Young (Prepare Mixed) (G1 Evacuation Pause)
[2025-01-07T18:58:23.637+0000][81174.003s][info][gc,task     ] GC(2585) Using 6 workers of 6 for evacuation
[2025-01-07T18:58:23.678+0000][81174.044s][info][gc,phases   ] GC(2585)   Pre Evacuate Collection Set: 0.2ms
[2025-01-07T18:58:23.678+0000][81174.044s][info][gc,phases   ] GC(2585)   Merge Heap Roots: 0.7ms
[2025-01-07T18:58:23.678+0000][81174.044s][info][gc,phases   ] GC(2585)   Evacuate Collection Set: 35.7ms
[2025-01-07T18:58:23.678+0000][81174.044s][info][gc,phases   ] GC(2585)   Post Evacuate Collection Set: 4.2ms
[2025-01-07T18:58:23.678+0000][81174.044s][info][gc,phases   ] GC(2585)   Other: 0.2ms
[2025-01-07T18:58:23.678+0000][81174.044s][info][gc,heap     ] GC(2585) Eden regions: 906->0(64)
[2025-01-07T18:58:23.678+0000][81174.044s][info][gc,heap     ] GC(2585) Survivor regions: 11->12(115)
[2025-01-07T18:58:23.678+0000][81174.044s][info][gc,heap     ] GC(2585) Old regions: 244->244
[2025-01-07T18:58:23.678+0000][81174.044s][info][gc,heap     ] GC(2585) Archive regions: 2->2
[2025-01-07T18:58:23.678+0000][81174.044s][info][gc,heap     ] GC(2585) Humongous regions: 49->49
[2025-01-07T18:58:23.678+0000][81174.044s][info][gc,metaspace] GC(2585) Metaspace: 498170K(506304K)->498170K(506304K) NonClass: 437634K(441792K)->437634K(441792K) Class: 60536K(64512K)->60536K(64512K)
[2025-01-07T18:58:23.678+0000][81174.044s][info][gc          ] GC(2585) Pause Young (Prepare Mixed) (G1 Evacuation Pause) 9682M->2442M(12288M) 41.163ms
[2025-01-07T18:58:23.678+0000][81174.044s][info][gc,cpu      ] GC(2585) User=0.24s Sys=0.01s Real=0.04s
[2025-01-07T18:58:24.110+0000][81174.476s][info][gc,start    ] GC(2586) Pause Young (Mixed) (G1 Evacuation Pause)
[2025-01-07T18:58:24.110+0000][81174.476s][info][gc,task     ] GC(2586) Using 6 workers of 6 for evacuation
[2025-01-07T18:58:24.169+0000][81174.535s][info][gc,phases   ] GC(2586)   Pre Evacuate Collection Set: 0.2ms
[2025-01-07T18:58:24.169+0000][81174.535s][info][gc,phases   ] GC(2586)   Merge Heap Roots: 0.6ms
[2025-01-07T18:58:24.169+0000][81174.535s][info][gc,phases   ] GC(2586)   Evacuate Collection Set: 56.5ms
[2025-01-07T18:58:24.169+0000][81174.535s][info][gc,phases   ] GC(2586)   Post Evacuate Collection Set: 1.8ms
[2025-01-07T18:58:24.169+0000][81174.535s][info][gc,phases   ] GC(2586)   Other: 0.2ms
[2025-01-07T18:58:24.169+0000][81174.535s][info][gc,heap     ] GC(2586) Eden regions: 64->0(911)
[2025-01-07T18:58:24.169+0000][81174.535s][info][gc,heap     ] GC(2586) Survivor regions: 12->4(10)
[2025-01-07T18:58:24.169+0000][81174.535s][info][gc,heap     ] GC(2586) Old regions: 244->245
[2025-01-07T18:58:24.169+0000][81174.535s][info][gc,heap     ] GC(2586) Archive regions: 2->2
[2025-01-07T18:58:24.169+0000][81174.535s][info][gc,heap     ] GC(2586) Humongous regions: 49->49
[2025-01-07T18:58:24.169+0000][81174.535s][info][gc,metaspace] GC(2586) Metaspace: 498170K(506304K)->498170K(506304K) NonClass: 437634K(441792K)->437634K(441792K) Class: 60536K(64512K)->60536K(64512K)
[2025-01-07T18:58:24.169+0000][81174.535s][info][gc          ] GC(2586) Pause Young (Mixed) (G1 Evacuation Pause) 2954M->2386M(12288M) 59.373ms
[2025-01-07T18:58:24.169+0000][81174.535s][info][gc,cpu      ] GC(2586) User=0.34s Sys=0.00s Real=0.05s
[2025-01-07T18:58:35.530+0000][81185.896s][info][gc,start    ] GC(2587) Pause Young (Normal) (G1 Evacuation Pause)
[2025-01-07T18:58:35.530+0000][81185.896s][info][gc,task     ] GC(2587) Using 6 workers of 6 for evacuation
[2025-01-07T18:58:35.552+0000][81185.918s][info][gc,phases   ] GC(2587)   Pre Evacuate Collection Set: 0.2ms
[2025-01-07T18:58:35.552+0000][81185.918s][info][gc,phases   ] GC(2587)   Merge Heap Roots: 0.4ms
[2025-01-07T18:58:35.552+0000][81185.918s][info][gc,phases   ] GC(2587)   Evacuate Collection Set: 19.1ms
[2025-01-07T18:58:35.552+0000][81185.918s][info][gc,phases   ] GC(2587)   Post Evacuate Collection Set: 2.5ms
[2025-01-07T18:58:35.552+0000][81185.918s][info][gc,phases   ] GC(2587)   Other: 0.2ms
[2025-01-07T18:58:35.552+0000][81185.918s][info][gc,heap     ] GC(2587) Eden regions: 911->0(911)
[2025-01-07T18:58:35.552+0000][81185.918s][info][gc,heap     ] GC(2587) Survivor regions: 4->5(115)
[2025-01-07T18:58:35.552+0000][81185.918s][info][gc,heap     ] GC(2587) Old regions: 245->245
[2025-01-07T18:58:35.552+0000][81185.918s][info][gc,heap     ] GC(2587) Archive regions: 2->2
[2025-01-07T18:58:35.552+0000][81185.918s][info][gc,heap     ] GC(2587) Humongous regions: 49->49
[2025-01-07T18:58:35.552+0000][81185.918s][info][gc,metaspace] GC(2587) Metaspace: 498170K(506304K)->498170K(506304K) NonClass: 437634K(441792K)->437634K(441792K) Class: 60536K(64512K)->60536K(64512K)
[2025-01-07T18:58:35.552+0000][81185.918s][info][gc          ] GC(2587) Pause Young (Normal) (G1 Evacuation Pause) 9674M->2394M(12288M) 22.424ms
[2025-01-07T18:58:35.552+0000][81185.918s][info][gc,cpu      ] GC(2587) User=0.13s Sys=0.00s Real=0.02s
[2025-01-07T18:58:42.915+0000][81193.281s][info][gc,start    ] GC(2588) Pause Young (Normal) (G1 Evacuation Pause)
[2025-01-07T18:58:42.915+0000][81193.281s][info][gc,task     ] GC(2588) Using 6 workers of 6 for evacuation
[2025-01-07T18:58:42.939+0000][81193.305s][info][gc,phases   ] GC(2588)   Pre Evacuate Collection Set: 0.2ms
[2025-01-07T18:58:42.939+0000][81193.305s][info][gc,phases   ] GC(2588)   Merge Heap Roots: 0.4ms
[2025-01-07T18:58:42.939+0000][81193.305s][info][gc,phases   ] GC(2588)   Evacuate Collection Set: 20.8ms
[2025-01-07T18:58:42.939+0000][81193.305s][info][gc,phases   ] GC(2588)   Post Evacuate Collection Set: 2.5ms
[2025-01-07T18:58:42.939+0000][81193.305s][info][gc,phases   ] GC(2588)   Other: 0.2ms
[2025-01-07T18:58:42.939+0000][81193.305s][info][gc,heap     ] GC(2588) Eden regions: 911->0(911)
[2025-01-07T18:58:42.939+0000][81193.305s][info][gc,heap     ] GC(2588) Survivor regions: 5->6(115)
[2025-01-07T18:58:42.939+0000][81193.305s][info][gc,heap     ] GC(2588) Old regions: 245->245
[2025-01-07T18:58:42.939+0000][81193.305s][info][gc,heap     ] GC(2588) Archive regions: 2->2
[2025-01-07T18:58:42.939+0000][81193.305s][info][gc,heap     ] GC(2588) Humongous regions: 49->49
[2025-01-07T18:58:42.939+0000][81193.305s][info][gc,metaspace] GC(2588) Metaspace: 498170K(506304K)->498170K(506304K) NonClass: 437634K(441792K)->437634K(441792K) Class: 60536K(64512K)->60536K(64512K)
[2025-01-07T18:58:42.939+0000][81193.305s][info][gc          ] GC(2588) Pause Young (Normal) (G1 Evacuation Pause) 9682M->2398M(12288M) 24.177ms
[2025-01-07T18:58:42.939+0000][81193.305s][info][gc,cpu      ] GC(2588) User=0.14s Sys=0.00s Real=0.02s
[2025-01-07T18:58:50.541+0000][81200.907s][info][gc,start    ] GC(2589) Pause Young (Concurrent Start) (G1 Evacuation Pause)
[2025-01-07T18:58:50.541+0000][81200.907s][info][gc,task     ] GC(2589) Using 6 workers of 6 for evacuation
[2025-01-07T18:58:50.570+0000][81200.936s][info][gc,phases   ] GC(2589)   Pre Evacuate Collection Set: 1.0ms
[2025-01-07T18:58:50.570+0000][81200.936s][info][gc,phases   ] GC(2589)   Merge Heap Roots: 0.4ms
[2025-01-07T18:58:50.570+0000][81200.936s][info][gc,phases   ] GC(2589)   Evacuate Collection Set: 24.5ms
[2025-01-07T18:58:50.570+0000][81200.936s][info][gc,phases   ] GC(2589)   Post Evacuate Collection Set: 2.5ms
[2025-01-07T18:58:50.570+0000][81200.936s][info][gc,phases   ] GC(2589)   Other: 0.3ms
[2025-01-07T18:58:50.570+0000][81200.936s][info][gc,heap     ] GC(2589) Eden regions: 911->0(911)
[2025-01-07T18:58:50.570+0000][81200.936s][info][gc,heap     ] GC(2589) Survivor regions: 6->7(115)
[2025-01-07T18:58:50.570+0000][81200.936s][info][gc,heap     ] GC(2589) Old regions: 245->245
[2025-01-07T18:58:50.570+0000][81200.936s][info][gc,heap     ] GC(2589) Archive regions: 2->2
[2025-01-07T18:58:50.570+0000][81200.936s][info][gc,heap     ] GC(2589) Humongous regions: 49->49
[2025-01-07T18:58:50.570+0000][81200.936s][info][gc,metaspace] GC(2589) Metaspace: 498170K(506304K)->498170K(506304K) NonClass: 437634K(441792K)->437634K(441792K) Class: 60536K(64512K)->60536K(64512K)
[2025-01-07T18:58:50.570+0000][81200.936s][info][gc          ] GC(2589) Pause Young (Concurrent Start) (G1 Evacuation Pause) 9686M->2407M(12288M) 28.862ms
[2025-01-07T18:58:50.570+0000][81200.936s][info][gc,cpu      ] GC(2589) User=0.17s Sys=0.00s Real=0.04s
[2025-01-07T18:58:50.570+0000][81200.936s][info][gc          ] GC(2590) Concurrent Mark Cycle
[2025-01-07T18:58:50.570+0000][81200.936s][info][gc,marking  ] GC(2590) Concurrent Clear Claimed Marks
[2025-01-07T18:58:50.571+0000][81200.937s][info][gc,marking  ] GC(2590) Concurrent Clear Claimed Marks 0.831ms
[2025-01-07T18:58:50.571+0000][81200.937s][info][gc,marking  ] GC(2590) Concurrent Scan Root Regions
[2025-01-07T18:58:50.592+0000][81200.958s][info][gc,marking  ] GC(2590) Concurrent Scan Root Regions 21.232ms
[2025-01-07T18:58:50.592+0000][81200.958s][info][gc,marking  ] GC(2590) Concurrent Mark
[2025-01-07T18:58:50.592+0000][81200.958s][info][gc,marking  ] GC(2590) Concurrent Mark From Roots
[2025-01-07T18:58:50.592+0000][81200.958s][info][gc,task     ] GC(2590) Using 2 workers of 2 for marking
[2025-01-07T18:58:51.403+0000][81201.769s][info][gc,marking  ] GC(2590) Concurrent Mark From Roots 810.390ms
[2025-01-07T18:58:51.403+0000][81201.769s][info][gc,marking  ] GC(2590) Concurrent Preclean
[2025-01-07T18:58:51.405+0000][81201.771s][info][gc,marking  ] GC(2590) Concurrent Preclean 2.569ms
[2025-01-07T18:58:51.405+0000][81201.771s][info][gc,start    ] GC(2590) Pause Remark
[2025-01-07T18:58:51.431+0000][81201.797s][info][gc          ] GC(2590) Pause Remark 3215M->3215M(12288M) 25.486ms
[2025-01-07T18:58:51.431+0000][81201.797s][info][gc,cpu      ] GC(2590) User=0.14s Sys=0.00s Real=0.03s
[2025-01-07T18:58:51.431+0000][81201.797s][info][gc,marking  ] GC(2590) Concurrent Mark 838.794ms
[2025-01-07T18:58:51.431+0000][81201.797s][info][gc,marking  ] GC(2590) Concurrent Rebuild Remembered Sets
[2025-01-07T18:58:51.893+0000][81202.259s][info][gc,marking  ] GC(2590) Concurrent Rebuild Remembered Sets 462.300ms
[2025-01-07T18:58:51.893+0000][81202.260s][info][gc,start    ] GC(2590) Pause Cleanup
[2025-01-07T18:58:51.894+0000][81202.260s][info][gc          ] GC(2590) Pause Cleanup 3531M->3531M(12288M) 0.451ms
[2025-01-07T18:58:51.894+0000][81202.260s][info][gc,cpu      ] GC(2590) User=0.00s Sys=0.00s Real=0.00s
[2025-01-07T18:58:51.894+0000][81202.260s][info][gc,marking  ] GC(2590) Concurrent Cleanup for Next Mark
[2025-01-07T18:58:51.909+0000][81202.275s][info][gc,marking  ] GC(2590) Concurrent Cleanup for Next Mark 15.295ms
[2025-01-07T18:58:51.909+0000][81202.275s][info][gc          ] GC(2590) Concurrent Mark Cycle 1339.311ms
[2025-01-07T18:58:57.994+0000][81208.360s][info][gc,start    ] GC(2591) Pause Young (Prepare Mixed) (G1 Evacuation Pause)
[2025-01-07T18:58:57.994+0000][81208.360s][info][gc,task     ] GC(2591) Using 6 workers of 6 for evacuation
[2025-01-07T18:58:58.024+0000][81208.390s][info][gc,phases   ] GC(2591)   Pre Evacuate Collection Set: 0.2ms
[2025-01-07T18:58:58.024+0000][81208.390s][info][gc,phases   ] GC(2591)   Merge Heap Roots: 0.6ms
[2025-01-07T18:58:58.024+0000][81208.390s][info][gc,phases   ] GC(2591)   Evacuate Collection Set: 27.0ms
[2025-01-07T18:58:58.024+0000][81208.390s][info][gc,phases   ] GC(2591)   Post Evacuate Collection Set: 2.6ms
[2025-01-07T18:58:58.024+0000][81208.390s][info][gc,phases   ] GC(2591)   Other: 0.2ms
[2025-01-07T18:58:58.024+0000][81208.390s][info][gc,heap     ] GC(2591) Eden regions: 911->0(68)
[2025-01-07T18:58:58.024+0000][81208.390s][info][gc,heap     ] GC(2591) Survivor regions: 7->8(115)
[2025-01-07T18:58:58.024+0000][81208.390s][info][gc,heap     ] GC(2591) Old regions: 245->245
[2025-01-07T18:58:58.024+0000][81208.390s][info][gc,heap     ] GC(2591) Archive regions: 2->2
[2025-01-07T18:58:58.024+0000][81208.390s][info][gc,heap     ] GC(2591) Humongous regions: 49->49
[2025-01-07T18:58:58.024+0000][81208.390s][info][gc,metaspace] GC(2591) Metaspace: 498170K(506304K)->498170K(506304K) NonClass: 437634K(441792K)->437634K(441792K) Class: 60536K(64512K)->60536K(64512K)
[2025-01-07T18:58:58.024+0000][81208.390s][info][gc          ] GC(2591) Pause Young (Prepare Mixed) (G1 Evacuation Pause) 9695M->2417M(12288M) 30.653ms
[2025-01-07T18:58:58.024+0000][81208.390s][info][gc,cpu      ] GC(2591) User=0.16s Sys=0.02s Real=0.03s
[2025-01-07T18:58:58.581+0000][81208.947s][info][gc,start    ] GC(2592) Pause Young (Mixed) (G1 Evacuation Pause)
[2025-01-07T18:58:58.581+0000][81208.947s][info][gc,task     ] GC(2592) Using 6 workers of 6 for evacuation
[2025-01-07T18:58:58.641+0000][81209.007s][info][gc,phases   ] GC(2592)   Pre Evacuate Collection Set: 0.2ms
[2025-01-07T18:58:58.641+0000][81209.007s][info][gc,phases   ] GC(2592)   Merge Heap Roots: 0.7ms
[2025-01-07T18:58:58.641+0000][81209.007s][info][gc,phases   ] GC(2592)   Evacuate Collection Set: 57.2ms
[2025-01-07T18:58:58.641+0000][81209.007s][info][gc,phases   ] GC(2592)   Post Evacuate Collection Set: 1.7ms
[2025-01-07T18:58:58.641+0000][81209.007s][info][gc,phases   ] GC(2592)   Other: 0.2ms
[2025-01-07T18:58:58.641+0000][81209.007s][info][gc,heap     ] GC(2592) Eden regions: 68->0(912)
[2025-01-07T18:58:58.641+0000][81209.007s][info][gc,heap     ] GC(2592) Survivor regions: 8->8(10)
[2025-01-07T18:58:58.641+0000][81209.007s][info][gc,heap     ] GC(2592) Old regions: 245->242
[2025-01-07T18:58:58.641+0000][81209.007s][info][gc,heap     ] GC(2592) Archive regions: 2->2
[2025-01-07T18:58:58.641+0000][81209.007s][info][gc,heap     ] GC(2592) Humongous regions: 49->49
[2025-01-07T18:58:58.641+0000][81209.007s][info][gc,metaspace] GC(2592) Metaspace: 498170K(506304K)->498170K(506304K) NonClass: 437634K(441792K)->437634K(441792K) Class: 60536K(64512K)->60536K(64512K)
[2025-01-07T18:58:58.641+0000][81209.007s][info][gc          ] GC(2592) Pause Young (Mixed) (G1 Evacuation Pause) 2961M->2396M(12288M) 60.019ms
[2025-01-07T18:58:58.641+0000][81209.007s][info][gc,cpu      ] GC(2592) User=0.36s Sys=0.00s Real=0.06s
[2025-01-07T18:59:07.103+0000][81217.469s][info][gc,start    ] GC(2593) Pause Young (Normal) (G1 Evacuation Pause)
[2025-01-07T18:59:07.103+0000][81217.469s][info][gc,task     ] GC(2593) Using 6 workers of 6 for evacuation
[2025-01-07T18:59:07.136+0000][81217.502s][info][gc,phases   ] GC(2593)   Pre Evacuate Collection Set: 0.2ms
[2025-01-07T18:59:07.136+0000][81217.502s][info][gc,phases   ] GC(2593)   Merge Heap Roots: 0.5ms
[2025-01-07T18:59:07.136+0000][81217.502s][info][gc,phases   ] GC(2593)   Evacuate Collection Set: 26.7ms
[2025-01-07T18:59:07.136+0000][81217.502s][info][gc,phases   ] GC(2593)   Post Evacuate Collection Set: 5.1ms
[2025-01-07T18:59:07.136+0000][81217.502s][info][gc,phases   ] GC(2593)   Other: 0.2ms
[2025-01-07T18:59:07.136+0000][81217.502s][info][gc,heap     ] GC(2593) Eden regions: 912->0(911)
[2025-01-07T18:59:07.136+0000][81217.502s][info][gc,heap     ] GC(2593) Survivor regions: 8->8(115)
[2025-01-07T18:59:07.136+0000][81217.502s][info][gc,heap     ] GC(2593) Old regions: 242->242
[2025-01-07T18:59:07.136+0000][81217.502s][info][gc,heap     ] GC(2593) Archive regions: 2->2
[2025-01-07T18:59:07.136+0000][81217.502s][info][gc,heap     ] GC(2593) Humongous regions: 49->49
[2025-01-07T18:59:07.136+0000][81217.502s][info][gc,metaspace] GC(2593) Metaspace: 498170K(506304K)->498170K(506304K) NonClass: 437634K(441792K)->437634K(441792K) Class: 60536K(64512K)->60536K(64512K)
[2025-01-07T18:59:07.136+0000][81217.502s][info][gc          ] GC(2593) Pause Young (Normal) (G1 Evacuation Pause) 9692M->2395M(12288M) 32.828ms
[2025-01-07T18:59:07.136+0000][81217.502s][info][gc,cpu      ] GC(2593) User=0.19s Sys=0.00s Real=0.03s
[2025-01-07T18:59:15.513+0000][81225.879s][info][gc,start    ] GC(2594) Pause Young (Normal) (G1 Evacuation Pause)
[2025-01-07T18:59:15.513+0000][81225.879s][info][gc,task     ] GC(2594) Using 6 workers of 6 for evacuation
[2025-01-07T18:59:15.544+0000][81225.910s][info][gc,phases   ] GC(2594)   Pre Evacuate Collection Set: 0.2ms
[2025-01-07T18:59:15.544+0000][81225.910s][info][gc,phases   ] GC(2594)   Merge Heap Roots: 0.5ms
[2025-01-07T18:59:15.544+0000][81225.910s][info][gc,phases   ] GC(2594)   Evacuate Collection Set: 26.2ms
[2025-01-07T18:59:15.544+0000][81225.910s][info][gc,phases   ] GC(2594)   Post Evacuate Collection Set: 4.0ms
[2025-01-07T18:59:15.544+0000][81225.910s][info][gc,phases   ] GC(2594)   Other: 0.2ms
[2025-01-07T18:59:15.544+0000][81225.910s][info][gc,heap     ] GC(2594) Eden regions: 911->0(910)
[2025-01-07T18:59:15.544+0000][81225.910s][info][gc,heap     ] GC(2594) Survivor regions: 8->9(115)
[2025-01-07T18:59:15.544+0000][81225.910s][info][gc,heap     ] GC(2594) Old regions: 242->242
[2025-01-07T18:59:15.544+0000][81225.910s][info][gc,heap     ] GC(2594) Archive regions: 2->2
[2025-01-07T18:59:15.544+0000][81225.910s][info][gc,heap     ] GC(2594) Humongous regions: 49->49
[2025-01-07T18:59:15.544+0000][81225.910s][info][gc,metaspace] GC(2594) Metaspace: 498170K(506304K)->498170K(506304K) NonClass: 437634K(441792K)->437634K(441792K) Class: 60536K(64512K)->60536K(64512K)
[2025-01-07T18:59:15.544+0000][81225.910s][info][gc          ] GC(2594) Pause Young (Normal) (G1 Evacuation Pause) 9683M->2401M(12288M) 31.102ms
[2025-01-07T18:59:15.544+0000][81225.910s][info][gc,cpu      ] GC(2594) User=0.18s Sys=0.00s Real=0.03s
[2025-01-07T18:59:23.091+0000][81233.457s][info][gc,start    ] GC(2595) Pause Young (Concurrent Start) (G1 Evacuation Pause)
[2025-01-07T18:59:23.091+0000][81233.457s][info][gc,task     ] GC(2595) Using 6 workers of 6 for evacuation
[2025-01-07T18:59:23.124+0000][81233.490s][info][gc,phases   ] GC(2595)   Pre Evacuate Collection Set: 1.0ms
[2025-01-07T18:59:23.124+0000][81233.490s][info][gc,phases   ] GC(2595)   Merge Heap Roots: 0.5ms
[2025-01-07T18:59:23.124+0000][81233.490s][info][gc,phases   ] GC(2595)   Evacuate Collection Set: 28.7ms
[2025-01-07T18:59:23.124+0000][81233.490s][info][gc,phases   ] GC(2595)   Post Evacuate Collection Set: 2.6ms
[2025-01-07T18:59:23.124+0000][81233.490s][info][gc,phases   ] GC(2595)   Other: 0.3ms
[2025-01-07T18:59:23.124+0000][81233.490s][info][gc,heap     ] GC(2595) Eden regions: 910->0(909)
[2025-01-07T18:59:23.124+0000][81233.490s][info][gc,heap     ] GC(2595) Survivor regions: 9->10(115)
[2025-01-07T18:59:23.124+0000][81233.490s][info][gc,heap     ] GC(2595) Old regions: 242->242
[2025-01-07T18:59:23.124+0000][81233.490s][info][gc,heap     ] GC(2595) Archive regions: 2->2
[2025-01-07T18:59:23.124+0000][81233.490s][info][gc,heap     ] GC(2595) Humongous regions: 49->49
[2025-01-07T18:59:23.124+0000][81233.490s][info][gc,metaspace] GC(2595) Metaspace: 498170K(506304K)->498170K(506304K) NonClass: 437634K(441792K)->437634K(441792K) Class: 60536K(64512K)->60536K(64512K)
[2025-01-07T18:59:23.124+0000][81233.490s][info][gc          ] GC(2595) Pause Young (Concurrent Start) (G1 Evacuation Pause) 9681M->2409M(12288M) 33.042ms
[2025-01-07T18:59:23.124+0000][81233.490s][info][gc,cpu      ] GC(2595) User=0.18s Sys=0.00s Real=0.03s
[2025-01-07T18:59:23.124+0000][81233.490s][info][gc          ] GC(2596) Concurrent Mark Cycle
[2025-01-07T18:59:23.124+0000][81233.490s][info][gc,marking  ] GC(2596) Concurrent Clear Claimed Marks
[2025-01-07T18:59:23.125+0000][81233.491s][info][gc,marking  ] GC(2596) Concurrent Clear Claimed Marks 0.737ms
[2025-01-07T18:59:23.125+0000][81233.491s][info][gc,marking  ] GC(2596) Concurrent Scan Root Regions
[2025-01-07T18:59:23.145+0000][81233.511s][info][gc,marking  ] GC(2596) Concurrent Scan Root Regions 19.819ms
[2025-01-07T18:59:23.145+0000][81233.511s][info][gc,marking  ] GC(2596) Concurrent Mark
[2025-01-07T18:59:23.145+0000][81233.511s][info][gc,marking  ] GC(2596) Concurrent Mark From Roots
[2025-01-07T18:59:23.145+0000][81233.511s][info][gc,task     ] GC(2596) Using 2 workers of 2 for marking
[2025-01-07T18:59:24.107+0000][81234.473s][info][gc,marking  ] GC(2596) Concurrent Mark From Roots 961.956ms
[2025-01-07T18:59:24.107+0000][81234.473s][info][gc,marking  ] GC(2596) Concurrent Preclean
[2025-01-07T18:59:24.109+0000][81234.475s][info][gc,marking  ] GC(2596) Concurrent Preclean 2.537ms
[2025-01-07T18:59:24.110+0000][81234.476s][info][gc,start    ] GC(2596) Pause Remark
[2025-01-07T18:59:24.135+0000][81234.501s][info][gc          ] GC(2596) Pause Remark 3537M->3537M(12288M) 25.169ms
[2025-01-07T18:59:24.135+0000][81234.501s][info][gc,cpu      ] GC(2596) User=0.15s Sys=0.00s Real=0.02s
[2025-01-07T18:59:24.135+0000][81234.501s][info][gc,marking  ] GC(2596) Concurrent Mark 990.065ms
[2025-01-07T18:59:24.135+0000][81234.501s][info][gc,marking  ] GC(2596) Concurrent Rebuild Remembered Sets
[2025-01-07T18:59:24.632+0000][81234.998s][info][gc,marking  ] GC(2596) Concurrent Rebuild Remembered Sets 496.998ms
[2025-01-07T18:59:24.632+0000][81234.998s][info][gc,start    ] GC(2596) Pause Cleanup
[2025-01-07T18:59:24.632+0000][81234.999s][info][gc          ] GC(2596) Pause Cleanup 4181M->4181M(12288M) 0.429ms
[2025-01-07T18:59:24.633+0000][81234.999s][info][gc,cpu      ] GC(2596) User=0.00s Sys=0.00s Real=0.00s
[2025-01-07T18:59:24.633+0000][81234.999s][info][gc,marking  ] GC(2596) Concurrent Cleanup for Next Mark
[2025-01-07T18:59:24.648+0000][81235.015s][info][gc,marking  ] GC(2596) Concurrent Cleanup for Next Mark 15.875ms
[2025-01-07T18:59:24.649+0000][81235.015s][info][gc          ] GC(2596) Concurrent Mark Cycle 1524.340ms
[2025-01-07T18:59:28.013+0000][81238.379s][info][gc,start    ] GC(2597) Pause Young (Prepare Mixed) (G1 Evacuation Pause)
[2025-01-07T18:59:28.013+0000][81238.379s][info][gc,task     ] GC(2597) Using 6 workers of 6 for evacuation
[2025-01-07T18:59:28.046+0000][81238.412s][info][gc,phases   ] GC(2597)   Pre Evacuate Collection Set: 0.2ms
[2025-01-07T18:59:28.046+0000][81238.412s][info][gc,phases   ] GC(2597)   Merge Heap Roots: 0.7ms
[2025-01-07T18:59:28.046+0000][81238.412s][info][gc,phases   ] GC(2597)   Evacuate Collection Set: 29.3ms
[2025-01-07T18:59:28.046+0000][81238.412s][info][gc,phases   ] GC(2597)   Post Evacuate Collection Set: 2.4ms
[2025-01-07T18:59:28.046+0000][81238.412s][info][gc,phases   ] GC(2597)   Other: 0.2ms
[2025-01-07T18:59:28.046+0000][81238.412s][info][gc,heap     ] GC(2597) Eden regions: 909->0(66)
[2025-01-07T18:59:28.046+0000][81238.412s][info][gc,heap     ] GC(2597) Survivor regions: 10->10(115)
[2025-01-07T18:59:28.046+0000][81238.412s][info][gc,heap     ] GC(2597) Old regions: 242->242
[2025-01-07T18:59:28.046+0000][81238.412s][info][gc,heap     ] GC(2597) Archive regions: 2->2
[2025-01-07T18:59:28.046+0000][81238.412s][info][gc,heap     ] GC(2597) Humongous regions: 49->49
[2025-01-07T18:59:28.046+0000][81238.412s][info][gc,metaspace] GC(2597) Metaspace: 498170K(506304K)->498170K(506304K) NonClass: 437634K(441792K)->437634K(441792K) Class: 60536K(64512K)->60536K(64512K)
[2025-01-07T18:59:28.046+0000][81238.412s][info][gc          ] GC(2597) Pause Young (Prepare Mixed) (G1 Evacuation Pause) 9681M->2412M(12288M) 32.952ms
[2025-01-07T18:59:28.046+0000][81238.412s][info][gc,cpu      ] GC(2597) User=0.20s Sys=0.00s Real=0.03s
[2025-01-07T18:59:28.744+0000][81239.110s][info][gc,start    ] GC(2598) Pause Young (Mixed) (G1 Evacuation Pause)
[2025-01-07T18:59:28.744+0000][81239.110s][info][gc,task     ] GC(2598) Using 6 workers of 6 for evacuation
[2025-01-07T18:59:28.806+0000][81239.172s][info][gc,phases   ] GC(2598)   Pre Evacuate Collection Set: 0.2ms
[2025-01-07T18:59:28.806+0000][81239.172s][info][gc,phases   ] GC(2598)   Merge Heap Roots: 0.7ms
[2025-01-07T18:59:28.806+0000][81239.172s][info][gc,phases   ] GC(2598)   Evacuate Collection Set: 58.8ms
[2025-01-07T18:59:28.806+0000][81239.172s][info][gc,phases   ] GC(2598)   Post Evacuate Collection Set: 1.9ms
[2025-01-07T18:59:28.806+0000][81239.172s][info][gc,phases   ] GC(2598)   Other: 0.2ms
[2025-01-07T18:59:28.806+0000][81239.172s][info][gc,heap     ] GC(2598) Eden regions: 66->0(914)
[2025-01-07T18:59:28.806+0000][81239.172s][info][gc,heap     ] GC(2598) Survivor regions: 10->7(10)
[2025-01-07T18:59:28.806+0000][81239.172s][info][gc,heap     ] GC(2598) Old regions: 242->242
[2025-01-07T18:59:28.806+0000][81239.172s][info][gc,heap     ] GC(2598) Archive regions: 2->2
[2025-01-07T18:59:28.806+0000][81239.172s][info][gc,heap     ] GC(2598) Humongous regions: 49->49
[2025-01-07T18:59:28.806+0000][81239.172s][info][gc,metaspace] GC(2598) Metaspace: 498170K(506304K)->498170K(506304K) NonClass: 437634K(441792K)->437634K(441792K) Class: 60536K(64512K)->60536K(64512K)
[2025-01-07T18:59:28.806+0000][81239.172s][info][gc          ] GC(2598) Pause Young (Mixed) (G1 Evacuation Pause) 2940M->2384M(12288M) 61.800ms
[2025-01-07T18:59:28.806+0000][81239.172s][info][gc,cpu      ] GC(2598) User=0.36s Sys=0.00s Real=0.06s
[2025-01-07T18:59:39.946+0000][81250.312s][info][gc,start    ] GC(2599) Pause Young (Normal) (G1 Evacuation Pause)
[2025-01-07T18:59:39.946+0000][81250.312s][info][gc,task     ] GC(2599) Using 6 workers of 6 for evacuation
[2025-01-07T18:59:39.974+0000][81250.340s][info][gc,phases   ] GC(2599)   Pre Evacuate Collection Set: 0.2ms
[2025-01-07T18:59:39.974+0000][81250.340s][info][gc,phases   ] GC(2599)   Merge Heap Roots: 0.5ms
[2025-01-07T18:59:39.974+0000][81250.340s][info][gc,phases   ] GC(2599)   Evacuate Collection Set: 24.4ms
[2025-01-07T18:59:39.974+0000][81250.340s][info][gc,phases   ] GC(2599)   Post Evacuate Collection Set: 2.7ms
[2025-01-07T18:59:39.974+0000][81250.340s][info][gc,phases   ] GC(2599)   Other: 0.2ms
[2025-01-07T18:59:39.974+0000][81250.340s][info][gc,heap     ] GC(2599) Eden regions: 914->0(913)
[2025-01-07T18:59:39.974+0000][81250.340s][info][gc,heap     ] GC(2599) Survivor regions: 7->8(116)
[2025-01-07T18:59:39.974+0000][81250.340s][info][gc,heap     ] GC(2599) Old regions: 242->242
[2025-01-07T18:59:39.974+0000][81250.340s][info][gc,heap     ] GC(2599) Archive regions: 2->2
[2025-01-07T18:59:39.974+0000][81250.340s][info][gc,heap     ] GC(2599) Humongous regions: 49->49
[2025-01-07T18:59:39.974+0000][81250.340s][info][gc,metaspace] GC(2599) Metaspace: 498170K(506304K)->498170K(506304K) NonClass: 437634K(441792K)->437634K(441792K) Class: 60536K(64512K)->60536K(64512K)
[2025-01-07T18:59:39.974+0000][81250.340s][info][gc          ] GC(2599) Pause Young (Normal) (G1 Evacuation Pause) 9696M->2392M(12288M) 28.038ms
[2025-01-07T18:59:39.974+0000][81250.340s][info][gc,cpu      ] GC(2599) User=0.16s Sys=0.00s Real=0.03s
[2025-01-07T18:59:50.918+0000][81261.285s][info][gc,start    ] GC(2600) Pause Young (Normal) (G1 Evacuation Pause)
[2025-01-07T18:59:50.919+0000][81261.285s][info][gc,task     ] GC(2600) Using 6 workers of 6 for evacuation
[2025-01-07T18:59:50.950+0000][81261.316s][info][gc,phases   ] GC(2600)   Pre Evacuate Collection Set: 0.2ms
[2025-01-07T18:59:50.950+0000][81261.316s][info][gc,phases   ] GC(2600)   Merge Heap Roots: 0.4ms
[2025-01-07T18:59:50.950+0000][81261.316s][info][gc,phases   ] GC(2600)   Evacuate Collection Set: 28.0ms
[2025-01-07T18:59:50.950+0000][81261.316s][info][gc,phases   ] GC(2600)   Post Evacuate Collection Set: 2.6ms
[2025-01-07T18:59:50.950+0000][81261.316s][info][gc,phases   ] GC(2600)   Other: 0.2ms
[2025-01-07T18:59:50.950+0000][81261.316s][info][gc,heap     ] GC(2600) Eden regions: 913->0(910)
[2025-01-07T18:59:50.950+0000][81261.316s][info][gc,heap     ] GC(2600) Survivor regions: 8->10(116)
[2025-01-07T18:59:50.950+0000][81261.316s][info][gc,heap     ] GC(2600) Old regions: 242->242
[2025-01-07T18:59:50.950+0000][81261.316s][info][gc,heap     ] GC(2600) Archive regions: 2->2
[2025-01-07T18:59:50.950+0000][81261.316s][info][gc,heap     ] GC(2600) Humongous regions: 49->49
[2025-01-07T18:59:50.950+0000][81261.316s][info][gc,metaspace] GC(2600) Metaspace: 498170K(506304K)->498170K(506304K) NonClass: 437634K(441792K)->437634K(441792K) Class: 60536K(64512K)->60536K(64512K)
[2025-01-07T18:59:50.950+0000][81261.316s][info][gc          ] GC(2600) Pause Young (Normal) (G1 Evacuation Pause) 9696M->2412M(12288M) 31.596ms
[2025-01-07T18:59:50.950+0000][81261.316s][info][gc,cpu      ] GC(2600) User=0.19s Sys=0.00s Real=0.04s
[2025-01-07T18:59:58.536+0000][81268.902s][info][gc,start    ] GC(2601) Pause Young (Concurrent Start) (G1 Evacuation Pause)
[2025-01-07T18:59:58.536+0000][81268.902s][info][gc,task     ] GC(2601) Using 6 workers of 6 for evacuation
[2025-01-07T18:59:58.574+0000][81268.940s][info][gc,phases   ] GC(2601)   Pre Evacuate Collection Set: 1.0ms
[2025-01-07T18:59:58.574+0000][81268.940s][info][gc,phases   ] GC(2601)   Merge Heap Roots: 0.5ms
[2025-01-07T18:59:58.574+0000][81268.940s][info][gc,phases   ] GC(2601)   Evacuate Collection Set: 30.6ms
[2025-01-07T18:59:58.574+0000][81268.940s][info][gc,phases   ] GC(2601)   Post Evacuate Collection Set: 5.2ms
[2025-01-07T18:59:58.574+0000][81268.940s][info][gc,phases   ] GC(2601)   Other: 0.3ms
[2025-01-07T18:59:58.574+0000][81268.940s][info][gc,heap     ] GC(2601) Eden regions: 910->0(907)
[2025-01-07T18:59:58.574+0000][81268.940s][info][gc,heap     ] GC(2601) Survivor regions: 10->13(115)
[2025-01-07T18:59:58.574+0000][81268.940s][info][gc,heap     ] GC(2601) Old regions: 242->242
[2025-01-07T18:59:58.574+0000][81268.940s][info][gc,heap     ] GC(2601) Archive regions: 2->2
[2025-01-07T18:59:58.574+0000][81268.940s][info][gc,heap     ] GC(2601) Humongous regions: 49->49
[2025-01-07T18:59:58.574+0000][81268.940s][info][gc,metaspace] GC(2601) Metaspace: 498170K(506304K)->498170K(506304K) NonClass: 437634K(441792K)->437634K(441792K) Class: 60536K(64512K)->60536K(64512K)
[2025-01-07T18:59:58.574+0000][81268.940s][info][gc          ] GC(2601) Pause Young (Concurrent Start) (G1 Evacuation Pause) 9692M->2431M(12288M) 37.741ms
[2025-01-07T18:59:58.574+0000][81268.940s][info][gc,cpu      ] GC(2601) User=0.21s Sys=0.00s Real=0.04s
[2025-01-07T18:59:58.574+0000][81268.940s][info][gc          ] GC(2602) Concurrent Mark Cycle
[2025-01-07T18:59:58.574+0000][81268.940s][info][gc,marking  ] GC(2602) Concurrent Clear Claimed Marks
[2025-01-07T18:59:58.575+0000][81268.941s][info][gc,marking  ] GC(2602) Concurrent Clear Claimed Marks 0.844ms
[2025-01-07T18:59:58.575+0000][81268.941s][info][gc,marking  ] GC(2602) Concurrent Scan Root Regions
[2025-01-07T18:59:58.603+0000][81268.969s][info][gc,marking  ] GC(2602) Concurrent Scan Root Regions 28.057ms
[2025-01-07T18:59:58.603+0000][81268.969s][info][gc,marking  ] GC(2602) Concurrent Mark
[2025-01-07T18:59:58.603+0000][81268.969s][info][gc,marking  ] GC(2602) Concurrent Mark From Roots
[2025-01-07T18:59:58.603+0000][81268.969s][info][gc,task     ] GC(2602) Using 2 workers of 2 for marking
[2025-01-07T18:59:59.505+0000][81269.871s][info][gc,marking  ] GC(2602) Concurrent Mark From Roots 902.253ms
[2025-01-07T18:59:59.505+0000][81269.872s][info][gc,marking  ] GC(2602) Concurrent Preclean
[2025-01-07T18:59:59.507+0000][81269.873s][info][gc,marking  ] GC(2602) Concurrent Preclean 1.910ms
[2025-01-07T18:59:59.507+0000][81269.874s][info][gc,start    ] GC(2602) Pause Remark
[2025-01-07T18:59:59.533+0000][81269.899s][info][gc          ] GC(2602) Pause Remark 3367M->3367M(12288M) 25.168ms
[2025-01-07T18:59:59.533+0000][81269.899s][info][gc,cpu      ] GC(2602) User=0.15s Sys=0.00s Real=0.03s
[2025-01-07T18:59:59.533+0000][81269.899s][info][gc,marking  ] GC(2602) Concurrent Mark 929.672ms
[2025-01-07T18:59:59.533+0000][81269.899s][info][gc,marking  ] GC(2602) Concurrent Rebuild Remembered Sets
[2025-01-07T19:00:00.198+0000][81270.564s][info][gc,marking  ] GC(2602) Concurrent Rebuild Remembered Sets 664.776ms
[2025-01-07T19:00:00.198+0000][81270.564s][info][gc,start    ] GC(2602) Pause Cleanup
[2025-01-07T19:00:00.198+0000][81270.564s][info][gc          ] GC(2602) Pause Cleanup 4121M->4121M(12288M) 0.505ms
[2025-01-07T19:00:00.198+0000][81270.564s][info][gc,cpu      ] GC(2602) User=0.00s Sys=0.00s Real=0.00s
[2025-01-07T19:00:00.198+0000][81270.564s][info][gc,marking  ] GC(2602) Concurrent Cleanup for Next Mark
[2025-01-07T19:00:00.215+0000][81270.581s][info][gc,marking  ] GC(2602) Concurrent Cleanup for Next Mark 16.294ms
[2025-01-07T19:00:00.215+0000][81270.581s][info][gc          ] GC(2602) Concurrent Mark Cycle 1640.571ms
[2025-01-07T19:00:05.368+0000][81275.734s][info][gc,start    ] GC(2603) Pause Young (Prepare Mixed) (G1 Evacuation Pause)
[2025-01-07T19:00:05.368+0000][81275.734s][info][gc,task     ] GC(2603) Using 6 workers of 6 for evacuation
[2025-01-07T19:00:05.409+0000][81275.776s][info][gc,phases   ] GC(2603)   Pre Evacuate Collection Set: 0.2ms
[2025-01-07T19:00:05.409+0000][81275.776s][info][gc,phases   ] GC(2603)   Merge Heap Roots: 0.7ms
[2025-01-07T19:00:05.409+0000][81275.776s][info][gc,phases   ] GC(2603)   Evacuate Collection Set: 38.0ms
[2025-01-07T19:00:05.410+0000][81275.776s][info][gc,phases   ] GC(2603)   Post Evacuate Collection Set: 2.6ms
[2025-01-07T19:00:05.410+0000][81275.776s][info][gc,phases   ] GC(2603)   Other: 0.2ms
[2025-01-07T19:00:05.410+0000][81275.776s][info][gc,heap     ] GC(2603) Eden regions: 907->0(62)
[2025-01-07T19:00:05.410+0000][81275.776s][info][gc,heap     ] GC(2603) Survivor regions: 13->14(115)
[2025-01-07T19:00:05.410+0000][81275.776s][info][gc,heap     ] GC(2603) Old regions: 242->242
[2025-01-07T19:00:05.410+0000][81275.776s][info][gc,heap     ] GC(2603) Archive regions: 2->2
[2025-01-07T19:00:05.410+0000][81275.776s][info][gc,heap     ] GC(2603) Humongous regions: 49->49
[2025-01-07T19:00:05.410+0000][81275.776s][info][gc,metaspace] GC(2603) Metaspace: 498175K(506368K)->498175K(506368K) NonClass: 437639K(441856K)->437639K(441856K) Class: 60536K(64512K)->60536K(64512K)
[2025-01-07T19:00:05.410+0000][81275.776s][info][gc          ] GC(2603) Pause Young (Prepare Mixed) (G1 Evacuation Pause) 9687M->2440M(12288M) 41.853ms
[2025-01-07T19:00:05.410+0000][81275.776s][info][gc,cpu      ] GC(2603) User=0.25s Sys=0.00s Real=0.05s
[2025-01-07T19:00:05.717+0000][81276.084s][info][gc,start    ] GC(2604) Pause Young (Mixed) (G1 Evacuation Pause)
[2025-01-07T19:00:05.717+0000][81276.084s][info][gc,task     ] GC(2604) Using 6 workers of 6 for evacuation
[2025-01-07T19:00:05.767+0000][81276.133s][info][gc,phases   ] GC(2604)   Pre Evacuate Collection Set: 0.2ms
[2025-01-07T19:00:05.767+0000][81276.133s][info][gc,phases   ] GC(2604)   Merge Heap Roots: 0.5ms
[2025-01-07T19:00:05.767+0000][81276.133s][info][gc,phases   ] GC(2604)   Evacuate Collection Set: 46.8ms
[2025-01-07T19:00:05.767+0000][81276.133s][info][gc,phases   ] GC(2604)   Post Evacuate Collection Set: 1.7ms
[2025-01-07T19:00:05.767+0000][81276.133s][info][gc,phases   ] GC(2604)   Other: 0.2ms
[2025-01-07T19:00:05.767+0000][81276.133s][info][gc,heap     ] GC(2604) Eden regions: 62->0(913)
[2025-01-07T19:00:05.767+0000][81276.133s][info][gc,heap     ] GC(2604) Survivor regions: 14->5(10)
[2025-01-07T19:00:05.767+0000][81276.133s][info][gc,heap     ] GC(2604) Old regions: 242->244
[2025-01-07T19:00:05.767+0000][81276.133s][info][gc,heap     ] GC(2604) Archive regions: 2->2
[2025-01-07T19:00:05.767+0000][81276.133s][info][gc,heap     ] GC(2604) Humongous regions: 49->49
[2025-01-07T19:00:05.767+0000][81276.133s][info][gc,metaspace] GC(2604) Metaspace: 498175K(506368K)->498175K(506368K) NonClass: 437639K(441856K)->437639K(441856K) Class: 60536K(64512K)->60536K(64512K)
[2025-01-07T19:00:05.767+0000][81276.133s][info][gc          ] GC(2604) Pause Young (Mixed) (G1 Evacuation Pause) 2936M->2382M(12288M) 49.366ms
[2025-01-07T19:00:05.767+0000][81276.133s][info][gc,cpu      ] GC(2604) User=0.28s Sys=0.01s Real=0.05s
[2025-01-07T19:00:14.087+0000][81284.453s][info][gc,start    ] GC(2605) Pause Young (Normal) (G1 Evacuation Pause)
[2025-01-07T19:00:14.087+0000][81284.453s][info][gc,task     ] GC(2605) Using 6 workers of 6 for evacuation
[2025-01-07T19:00:14.113+0000][81284.479s][info][gc,phases   ] GC(2605)   Pre Evacuate Collection Set: 0.2ms
[2025-01-07T19:00:14.113+0000][81284.479s][info][gc,phases   ] GC(2605)   Merge Heap Roots: 0.4ms
[2025-01-07T19:00:14.113+0000][81284.479s][info][gc,phases   ] GC(2605)   Evacuate Collection Set: 21.1ms
[2025-01-07T19:00:14.113+0000][81284.479s][info][gc,phases   ] GC(2605)   Post Evacuate Collection Set: 4.0ms
[2025-01-07T19:00:14.113+0000][81284.479s][info][gc,phases   ] GC(2605)   Other: 0.2ms
[2025-01-07T19:00:14.113+0000][81284.479s][info][gc,heap     ] GC(2605) Eden regions: 913->0(910)
[2025-01-07T19:00:14.113+0000][81284.479s][info][gc,heap     ] GC(2605) Survivor regions: 5->7(115)
[2025-01-07T19:00:14.113+0000][81284.479s][info][gc,heap     ] GC(2605) Old regions: 244->244
[2025-01-07T19:00:14.113+0000][81284.479s][info][gc,heap     ] GC(2605) Archive regions: 2->2
[2025-01-07T19:00:14.113+0000][81284.479s][info][gc,heap     ] GC(2605) Humongous regions: 49->49
[2025-01-07T19:00:14.113+0000][81284.479s][info][gc,metaspace] GC(2605) Metaspace: 498187K(506368K)->498187K(506368K) NonClass: 437647K(441856K)->437647K(441856K) Class: 60539K(64512K)->60539K(64512K)
[2025-01-07T19:00:14.113+0000][81284.479s][info][gc          ] GC(2605) Pause Young (Normal) (G1 Evacuation Pause) 9686M->2396M(12288M) 25.907ms
[2025-01-07T19:00:14.113+0000][81284.479s][info][gc,cpu      ] GC(2605) User=0.15s Sys=0.00s Real=0.03s
[2025-01-07T19:00:22.505+0000][81292.871s][info][gc,start    ] GC(2606) Pause Young (Normal) (G1 Evacuation Pause)
[2025-01-07T19:00:22.505+0000][81292.871s][info][gc,task     ] GC(2606) Using 6 workers of 6 for evacuation
[2025-01-07T19:00:22.532+0000][81292.898s][info][gc,phases   ] GC(2606)   Pre Evacuate Collection Set: 0.2ms
[2025-01-07T19:00:22.532+0000][81292.898s][info][gc,phases   ] GC(2606)   Merge Heap Roots: 0.4ms
[2025-01-07T19:00:22.532+0000][81292.898s][info][gc,phases   ] GC(2606)   Evacuate Collection Set: 24.0ms
[2025-01-07T19:00:22.532+0000][81292.898s][info][gc,phases   ] GC(2606)   Post Evacuate Collection Set: 2.5ms
[2025-01-07T19:00:22.532+0000][81292.898s][info][gc,phases   ] GC(2606)   Other: 0.2ms
[2025-01-07T19:00:22.532+0000][81292.898s][info][gc,heap     ] GC(2606) Eden regions: 910->0(910)
[2025-01-07T19:00:22.532+0000][81292.898s][info][gc,heap     ] GC(2606) Survivor regions: 7->8(115)
[2025-01-07T19:00:22.532+0000][81292.898s][info][gc,heap     ] GC(2606) Old regions: 244->244
[2025-01-07T19:00:22.532+0000][81292.898s][info][gc,heap     ] GC(2606) Archive regions: 2->2
[2025-01-07T19:00:22.532+0000][81292.898s][info][gc,heap     ] GC(2606) Humongous regions: 49->49
[2025-01-07T19:00:22.532+0000][81292.898s][info][gc,metaspace] GC(2606) Metaspace: 498187K(506368K)->498187K(506368K) NonClass: 437647K(441856K)->437647K(441856K) Class: 60539K(64512K)->60539K(64512K)
[2025-01-07T19:00:22.532+0000][81292.898s][info][gc          ] GC(2606) Pause Young (Normal) (G1 Evacuation Pause) 9676M->2406M(12288M) 27.446ms
[2025-01-07T19:00:22.532+0000][81292.898s][info][gc,cpu      ] GC(2606) User=0.16s Sys=0.00s Real=0.03s
[2025-01-07T19:00:30.992+0000][81301.358s][info][gc,start    ] GC(2607) Pause Young (Concurrent Start) (G1 Evacuation Pause)
[2025-01-07T19:00:30.992+0000][81301.358s][info][gc,task     ] GC(2607) Using 6 workers of 6 for evacuation
[2025-01-07T19:00:31.024+0000][81301.390s][info][gc,phases   ] GC(2607)   Pre Evacuate Collection Set: 1.0ms
[2025-01-07T19:00:31.024+0000][81301.390s][info][gc,phases   ] GC(2607)   Merge Heap Roots: 0.4ms
[2025-01-07T19:00:31.024+0000][81301.390s][info][gc,phases   ] GC(2607)   Evacuate Collection Set: 27.4ms
[2025-01-07T19:00:31.024+0000][81301.390s][info][gc,phases   ] GC(2607)   Post Evacuate Collection Set: 2.5ms
[2025-01-07T19:00:31.024+0000][81301.390s][info][gc,phases   ] GC(2607)   Other: 0.3ms
[2025-01-07T19:00:31.024+0000][81301.390s][info][gc,heap     ] GC(2607) Eden regions: 910->0(908)
[2025-01-07T19:00:31.024+0000][81301.390s][info][gc,heap     ] GC(2607) Survivor regions: 8->10(115)
[2025-01-07T19:00:31.024+0000][81301.390s][info][gc,heap     ] GC(2607) Old regions: 244->244
[2025-01-07T19:00:31.024+0000][81301.390s][info][gc,heap     ] GC(2607) Archive regions: 2->2
[2025-01-07T19:00:31.024+0000][81301.390s][info][gc,heap     ] GC(2607) Humongous regions: 49->49
[2025-01-07T19:00:31.024+0000][81301.390s][info][gc,metaspace] GC(2607) Metaspace: 498187K(506368K)->498187K(506368K) NonClass: 437647K(441856K)->437647K(441856K) Class: 60539K(64512K)->60539K(64512K)
[2025-01-07T19:00:31.024+0000][81301.390s][info][gc          ] GC(2607) Pause Young (Concurrent Start) (G1 Evacuation Pause) 9686M->2417M(12288M) 31.673ms
[2025-01-07T19:00:31.024+0000][81301.390s][info][gc,cpu      ] GC(2607) User=0.18s Sys=0.00s Real=0.03s
[2025-01-07T19:00:31.024+0000][81301.390s][info][gc          ] GC(2608) Concurrent Mark Cycle
[2025-01-07T19:00:31.024+0000][81301.390s][info][gc,marking  ] GC(2608) Concurrent Clear Claimed Marks
[2025-01-07T19:00:31.025+0000][81301.391s][info][gc,marking  ] GC(2608) Concurrent Clear Claimed Marks 0.755ms
[2025-01-07T19:00:31.025+0000][81301.391s][info][gc,marking  ] GC(2608) Concurrent Scan Root Regions
[2025-01-07T19:00:31.045+0000][81301.411s][info][gc,marking  ] GC(2608) Concurrent Scan Root Regions 20.289ms
[2025-01-07T19:00:31.045+0000][81301.411s][info][gc,marking  ] GC(2608) Concurrent Mark
[2025-01-07T19:00:31.045+0000][81301.411s][info][gc,marking  ] GC(2608) Concurrent Mark From Roots
[2025-01-07T19:00:31.045+0000][81301.411s][info][gc,task     ] GC(2608) Using 2 workers of 2 for marking
[2025-01-07T19:00:31.838+0000][81302.204s][info][gc,marking  ] GC(2608) Concurrent Mark From Roots 792.795ms
[2025-01-07T19:00:31.838+0000][81302.204s][info][gc,marking  ] GC(2608) Concurrent Preclean
[2025-01-07T19:00:31.840+0000][81302.206s][info][gc,marking  ] GC(2608) Concurrent Preclean 1.974ms
[2025-01-07T19:00:31.840+0000][81302.206s][info][gc,start    ] GC(2608) Pause Remark
[2025-01-07T19:00:31.865+0000][81302.231s][info][gc          ] GC(2608) Pause Remark 3169M->3169M(12288M) 24.948ms
[2025-01-07T19:00:31.865+0000][81302.231s][info][gc,cpu      ] GC(2608) User=0.15s Sys=0.00s Real=0.03s
[2025-01-07T19:00:31.865+0000][81302.231s][info][gc,marking  ] GC(2608) Concurrent Mark 820.041ms
[2025-01-07T19:00:31.865+0000][81302.231s][info][gc,marking  ] GC(2608) Concurrent Rebuild Remembered Sets
[2025-01-07T19:00:32.351+0000][81302.717s][info][gc,marking  ] GC(2608) Concurrent Rebuild Remembered Sets 486.017ms
[2025-01-07T19:00:32.351+0000][81302.717s][info][gc,start    ] GC(2608) Pause Cleanup
[2025-01-07T19:00:32.352+0000][81302.718s][info][gc          ] GC(2608) Pause Cleanup 3585M->3585M(12288M) 0.458ms
[2025-01-07T19:00:32.352+0000][81302.718s][info][gc,cpu      ] GC(2608) User=0.00s Sys=0.00s Real=0.00s
[2025-01-07T19:00:32.352+0000][81302.718s][info][gc,marking  ] GC(2608) Concurrent Cleanup for Next Mark
[2025-01-07T19:00:32.367+0000][81302.733s][info][gc,marking  ] GC(2608) Concurrent Cleanup for Next Mark 15.424ms
[2025-01-07T19:00:32.367+0000][81302.733s][info][gc          ] GC(2608) Concurrent Mark Cycle 1343.371ms
[2025-01-07T19:00:38.356+0000][81308.722s][info][gc,start    ] GC(2609) Pause Young (Prepare Mixed) (G1 Evacuation Pause)
[2025-01-07T19:00:38.356+0000][81308.722s][info][gc,task     ] GC(2609) Using 6 workers of 6 for evacuation
[2025-01-07T19:00:38.391+0000][81308.757s][info][gc,phases   ] GC(2609)   Pre Evacuate Collection Set: 0.2ms
[2025-01-07T19:00:38.391+0000][81308.757s][info][gc,phases   ] GC(2609)   Merge Heap Roots: 0.6ms
[2025-01-07T19:00:38.391+0000][81308.757s][info][gc,phases   ] GC(2609)   Evacuate Collection Set: 30.7ms
[2025-01-07T19:00:38.391+0000][81308.757s][info][gc,phases   ] GC(2609)   Post Evacuate Collection Set: 2.7ms
[2025-01-07T19:00:38.391+0000][81308.757s][info][gc,phases   ] GC(2609)   Other: 0.2ms
[2025-01-07T19:00:38.391+0000][81308.757s][info][gc,heap     ] GC(2609) Eden regions: 908->0(65)
[2025-01-07T19:00:38.391+0000][81308.757s][info][gc,heap     ] GC(2609) Survivor regions: 10->11(115)
[2025-01-07T19:00:38.391+0000][81308.757s][info][gc,heap     ] GC(2609) Old regions: 244->244
[2025-01-07T19:00:38.391+0000][81308.757s][info][gc,heap     ] GC(2609) Archive regions: 2->2
[2025-01-07T19:00:38.391+0000][81308.757s][info][gc,heap     ] GC(2609) Humongous regions: 49->49
[2025-01-07T19:00:38.391+0000][81308.757s][info][gc,metaspace] GC(2609) Metaspace: 498187K(506368K)->498187K(506368K) NonClass: 437647K(441856K)->437647K(441856K) Class: 60539K(64512K)->60539K(64512K)
[2025-01-07T19:00:38.391+0000][81308.757s][info][gc          ] GC(2609) Pause Young (Prepare Mixed) (G1 Evacuation Pause) 9681M->2428M(12288M) 34.546ms
[2025-01-07T19:00:38.391+0000][81308.757s][info][gc,cpu      ] GC(2609) User=0.20s Sys=0.00s Real=0.04s
[2025-01-07T19:00:38.801+0000][81309.167s][info][gc,start    ] GC(2610) Pause Young (Mixed) (G1 Evacuation Pause)
[2025-01-07T19:00:38.801+0000][81309.167s][info][gc,task     ] GC(2610) Using 6 workers of 6 for evacuation
[2025-01-07T19:00:38.862+0000][81309.228s][info][gc,phases   ] GC(2610)   Pre Evacuate Collection Set: 0.2ms
[2025-01-07T19:00:38.862+0000][81309.228s][info][gc,phases   ] GC(2610)   Merge Heap Roots: 0.7ms
[2025-01-07T19:00:38.862+0000][81309.228s][info][gc,phases   ] GC(2610)   Evacuate Collection Set: 58.7ms
[2025-01-07T19:00:38.862+0000][81309.228s][info][gc,phases   ] GC(2610)   Post Evacuate Collection Set: 1.8ms
[2025-01-07T19:00:38.862+0000][81309.228s][info][gc,phases   ] GC(2610)   Other: 0.2ms
[2025-01-07T19:00:38.862+0000][81309.228s][info][gc,heap     ] GC(2610) Eden regions: 65->0(915)
[2025-01-07T19:00:38.862+0000][81309.228s][info][gc,heap     ] GC(2610) Survivor regions: 11->5(10)
[2025-01-07T19:00:38.862+0000][81309.228s][info][gc,heap     ] GC(2610) Old regions: 244->243
[2025-01-07T19:00:38.862+0000][81309.228s][info][gc,heap     ] GC(2610) Archive regions: 2->2
[2025-01-07T19:00:38.862+0000][81309.228s][info][gc,heap     ] GC(2610) Humongous regions: 49->49
[2025-01-07T19:00:38.862+0000][81309.228s][info][gc,metaspace] GC(2610) Metaspace: 498187K(506368K)->498187K(506368K) NonClass: 437647K(441856K)->437647K(441856K) Class: 60539K(64512K)->60539K(64512K)
[2025-01-07T19:00:38.862+0000][81309.228s][info][gc          ] GC(2610) Pause Young (Mixed) (G1 Evacuation Pause) 2948M->2381M(12288M) 61.699ms
[2025-01-07T19:00:38.862+0000][81309.229s][info][gc,cpu      ] GC(2610) User=0.36s Sys=0.00s Real=0.07s
[2025-01-07T19:00:48.512+0000][81318.878s][info][gc,start    ] GC(2611) Pause Young (Normal) (G1 Evacuation Pause)
[2025-01-07T19:00:48.512+0000][81318.878s][info][gc,task     ] GC(2611) Using 6 workers of 6 for evacuation
[2025-01-07T19:00:48.538+0000][81318.904s][info][gc,phases   ] GC(2611)   Pre Evacuate Collection Set: 0.2ms
[2025-01-07T19:00:48.538+0000][81318.904s][info][gc,phases   ] GC(2611)   Merge Heap Roots: 0.4ms
[2025-01-07T19:00:48.538+0000][81318.904s][info][gc,phases   ] GC(2611)   Evacuate Collection Set: 22.7ms
[2025-01-07T19:00:48.538+0000][81318.904s][info][gc,phases   ] GC(2611)   Post Evacuate Collection Set: 2.5ms
[2025-01-07T19:00:48.538+0000][81318.904s][info][gc,phases   ] GC(2611)   Other: 0.2ms
[2025-01-07T19:00:48.538+0000][81318.904s][info][gc,heap     ] GC(2611) Eden regions: 915->0(913)
[2025-01-07T19:00:48.538+0000][81318.904s][info][gc,heap     ] GC(2611) Survivor regions: 5->7(115)
[2025-01-07T19:00:48.538+0000][81318.904s][info][gc,heap     ] GC(2611) Old regions: 243->243
[2025-01-07T19:00:48.538+0000][81318.904s][info][gc,heap     ] GC(2611) Archive regions: 2->2
[2025-01-07T19:00:48.538+0000][81318.904s][info][gc,heap     ] GC(2611) Humongous regions: 49->49
[2025-01-07T19:00:48.538+0000][81318.904s][info][gc,metaspace] GC(2611) Metaspace: 498187K(506368K)->498187K(506368K) NonClass: 437647K(441856K)->437647K(441856K) Class: 60539K(64512K)->60539K(64512K)
[2025-01-07T19:00:48.538+0000][81318.904s][info][gc          ] GC(2611) Pause Young (Normal) (G1 Evacuation Pause) 9701M->2397M(12288M) 26.125ms
[2025-01-07T19:00:48.538+0000][81318.904s][info][gc,cpu      ] GC(2611) User=0.15s Sys=0.00s Real=0.02s
[2025-01-07T19:00:56.316+0000][81326.682s][info][gc,start    ] GC(2612) Pause Young (Normal) (G1 Evacuation Pause)
[2025-01-07T19:00:56.316+0000][81326.682s][info][gc,task     ] GC(2612) Using 6 workers of 6 for evacuation
[2025-01-07T19:00:56.347+0000][81326.713s][info][gc,phases   ] GC(2612)   Pre Evacuate Collection Set: 0.2ms
[2025-01-07T19:00:56.347+0000][81326.713s][info][gc,phases   ] GC(2612)   Merge Heap Roots: 0.4ms
[2025-01-07T19:00:56.347+0000][81326.713s][info][gc,phases   ] GC(2612)   Evacuate Collection Set: 24.8ms
[2025-01-07T19:00:56.347+0000][81326.713s][info][gc,phases   ] GC(2612)   Post Evacuate Collection Set: 5.2ms
[2025-01-07T19:00:56.347+0000][81326.713s][info][gc,phases   ] GC(2612)   Other: 0.2ms
[2025-01-07T19:00:56.347+0000][81326.713s][info][gc,heap     ] GC(2612) Eden regions: 913->0(909)
[2025-01-07T19:00:56.347+0000][81326.713s][info][gc,heap     ] GC(2612) Survivor regions: 7->10(115)
[2025-01-07T19:00:56.347+0000][81326.713s][info][gc,heap     ] GC(2612) Old regions: 243->243
[2025-01-07T19:00:56.347+0000][81326.713s][info][gc,heap     ] GC(2612) Archive regions: 2->2
[2025-01-07T19:00:56.347+0000][81326.713s][info][gc,heap     ] GC(2612) Humongous regions: 49->49
[2025-01-07T19:00:56.347+0000][81326.713s][info][gc,metaspace] GC(2612) Metaspace: 498206K(506368K)->498206K(506368K) NonClass: 437666K(441856K)->437666K(441856K) Class: 60539K(64512K)->60539K(64512K)
[2025-01-07T19:00:56.347+0000][81326.713s][info][gc          ] GC(2612) Pause Young (Normal) (G1 Evacuation Pause) 9701M->2416M(12288M) 30.886ms
[2025-01-07T19:00:56.347+0000][81326.713s][info][gc,cpu      ] GC(2612) User=0.18s Sys=0.00s Real=0.03s
[2025-01-07T19:01:02.679+0000][81333.046s][info][gc,start    ] GC(2613) Pause Young (Concurrent Start) (G1 Evacuation Pause)
[2025-01-07T19:01:02.679+0000][81333.046s][info][gc,task     ] GC(2613) Using 6 workers of 6 for evacuation
[2025-01-07T19:01:02.713+0000][81333.079s][info][gc,phases   ] GC(2613)   Pre Evacuate Collection Set: 1.0ms
[2025-01-07T19:01:02.713+0000][81333.079s][info][gc,phases   ] GC(2613)   Merge Heap Roots: 0.5ms
[2025-01-07T19:01:02.713+0000][81333.079s][info][gc,phases   ] GC(2613)   Evacuate Collection Set: 29.2ms
[2025-01-07T19:01:02.713+0000][81333.079s][info][gc,phases   ] GC(2613)   Post Evacuate Collection Set: 2.4ms
[2025-01-07T19:01:02.713+0000][81333.079s][info][gc,phases   ] GC(2613)   Other: 0.3ms
[2025-01-07T19:01:02.713+0000][81333.079s][info][gc,heap     ] GC(2613) Eden regions: 909->0(909)
[2025-01-07T19:01:02.713+0000][81333.079s][info][gc,heap     ] GC(2613) Survivor regions: 10->10(115)
[2025-01-07T19:01:02.713+0000][81333.079s][info][gc,heap     ] GC(2613) Old regions: 243->243
[2025-01-07T19:01:02.713+0000][81333.079s][info][gc,heap     ] GC(2613) Archive regions: 2->2
[2025-01-07T19:01:02.713+0000][81333.079s][info][gc,heap     ] GC(2613) Humongous regions: 49->49
[2025-01-07T19:01:02.713+0000][81333.079s][info][gc,metaspace] GC(2613) Metaspace: 498206K(506368K)->498206K(506368K) NonClass: 437666K(441856K)->437666K(441856K) Class: 60539K(64512K)->60539K(64512K)
[2025-01-07T19:01:02.713+0000][81333.079s][info][gc          ] GC(2613) Pause Young (Concurrent Start) (G1 Evacuation Pause) 9688M->2419M(12288M) 33.471ms
[2025-01-07T19:01:02.713+0000][81333.079s][info][gc,cpu      ] GC(2613) User=0.19s Sys=0.00s Real=0.04s
[2025-01-07T19:01:02.713+0000][81333.079s][info][gc          ] GC(2614) Concurrent Mark Cycle
[2025-01-07T19:01:02.713+0000][81333.079s][info][gc,marking  ] GC(2614) Concurrent Clear Claimed Marks
[2025-01-07T19:01:02.714+0000][81333.080s][info][gc,marking  ] GC(2614) Concurrent Clear Claimed Marks 0.852ms
[2025-01-07T19:01:02.714+0000][81333.080s][info][gc,marking  ] GC(2614) Concurrent Scan Root Regions
[2025-01-07T19:01:02.743+0000][81333.109s][info][gc,marking  ] GC(2614) Concurrent Scan Root Regions 29.116ms
[2025-01-07T19:01:02.743+0000][81333.109s][info][gc,marking  ] GC(2614) Concurrent Mark
[2025-01-07T19:01:02.743+0000][81333.109s][info][gc,marking  ] GC(2614) Concurrent Mark From Roots
[2025-01-07T19:01:02.743+0000][81333.109s][info][gc,task     ] GC(2614) Using 2 workers of 2 for marking
[2025-01-07T19:01:03.771+0000][81334.137s][info][gc,marking  ] GC(2614) Concurrent Mark From Roots 1028.129ms
[2025-01-07T19:01:03.771+0000][81334.137s][info][gc,marking  ] GC(2614) Concurrent Preclean
[2025-01-07T19:01:03.773+0000][81334.139s][info][gc,marking  ] GC(2614) Concurrent Preclean 1.867ms
[2025-01-07T19:01:03.773+0000][81334.139s][info][gc,start    ] GC(2614) Pause Remark
[2025-01-07T19:01:03.798+0000][81334.165s][info][gc          ] GC(2614) Pause Remark 3798M->3798M(12288M) 25.296ms
[2025-01-07T19:01:03.799+0000][81334.165s][info][gc,cpu      ] GC(2614) User=0.14s Sys=0.00s Real=0.02s
[2025-01-07T19:01:03.799+0000][81334.165s][info][gc,marking  ] GC(2614) Concurrent Mark 1055.630ms
[2025-01-07T19:01:03.799+0000][81334.165s][info][gc,marking  ] GC(2614) Concurrent Rebuild Remembered Sets
[2025-01-07T19:01:04.378+0000][81334.744s][info][gc,marking  ] GC(2614) Concurrent Rebuild Remembered Sets 578.838ms
[2025-01-07T19:01:04.378+0000][81334.744s][info][gc,start    ] GC(2614) Pause Cleanup
[2025-01-07T19:01:04.378+0000][81334.744s][info][gc          ] GC(2614) Pause Cleanup 4635M->4635M(12288M) 0.438ms
[2025-01-07T19:01:04.378+0000][81334.744s][info][gc,cpu      ] GC(2614) User=0.00s Sys=0.00s Real=0.00s
[2025-01-07T19:01:04.378+0000][81334.744s][info][gc,marking  ] GC(2614) Concurrent Cleanup for Next Mark
[2025-01-07T19:01:04.394+0000][81334.761s][info][gc,marking  ] GC(2614) Concurrent Cleanup for Next Mark 16.234ms
[2025-01-07T19:01:04.394+0000][81334.761s][info][gc          ] GC(2614) Concurrent Mark Cycle 1681.527ms
[2025-01-07T19:01:06.813+0000][81337.180s][info][gc,start    ] GC(2615) Pause Young (Prepare Mixed) (G1 Evacuation Pause)
[2025-01-07T19:01:06.813+0000][81337.180s][info][gc,task     ] GC(2615) Using 6 workers of 6 for evacuation
[2025-01-07T19:01:06.848+0000][81337.214s][info][gc,phases   ] GC(2615)   Pre Evacuate Collection Set: 0.2ms
[2025-01-07T19:01:06.848+0000][81337.214s][info][gc,phases   ] GC(2615)   Merge Heap Roots: 0.7ms
[2025-01-07T19:01:06.848+0000][81337.214s][info][gc,phases   ] GC(2615)   Evacuate Collection Set: 29.5ms
[2025-01-07T19:01:06.848+0000][81337.214s][info][gc,phases   ] GC(2615)   Post Evacuate Collection Set: 3.8ms
[2025-01-07T19:01:06.848+0000][81337.214s][info][gc,phases   ] GC(2615)   Other: 0.2ms
[2025-01-07T19:01:06.848+0000][81337.214s][info][gc,heap     ] GC(2615) Eden regions: 909->0(65)
[2025-01-07T19:01:06.848+0000][81337.214s][info][gc,heap     ] GC(2615) Survivor regions: 10->11(115)
[2025-01-07T19:01:06.848+0000][81337.214s][info][gc,heap     ] GC(2615) Old regions: 243->243
[2025-01-07T19:01:06.848+0000][81337.214s][info][gc,heap     ] GC(2615) Archive regions: 2->2
[2025-01-07T19:01:06.848+0000][81337.214s][info][gc,heap     ] GC(2615) Humongous regions: 49->49
[2025-01-07T19:01:06.848+0000][81337.214s][info][gc,metaspace] GC(2615) Metaspace: 498206K(506368K)->498206K(506368K) NonClass: 437666K(441856K)->437666K(441856K) Class: 60539K(64512K)->60539K(64512K)
[2025-01-07T19:01:06.848+0000][81337.214s][info][gc          ] GC(2615) Pause Young (Prepare Mixed) (G1 Evacuation Pause) 9691M->2429M(12288M) 34.527ms
[2025-01-07T19:01:06.848+0000][81337.214s][info][gc,cpu      ] GC(2615) User=0.19s Sys=0.00s Real=0.03s
[2025-01-07T19:01:07.099+0000][81337.465s][info][gc,start    ] GC(2616) Pause Young (Mixed) (G1 Evacuation Pause)
[2025-01-07T19:01:07.099+0000][81337.465s][info][gc,task     ] GC(2616) Using 6 workers of 6 for evacuation
[2025-01-07T19:01:07.160+0000][81337.526s][info][gc,phases   ] GC(2616)   Pre Evacuate Collection Set: 0.2ms
[2025-01-07T19:01:07.160+0000][81337.526s][info][gc,phases   ] GC(2616)   Merge Heap Roots: 0.6ms
[2025-01-07T19:01:07.160+0000][81337.526s][info][gc,phases   ] GC(2616)   Evacuate Collection Set: 58.2ms
[2025-01-07T19:01:07.160+0000][81337.526s][info][gc,phases   ] GC(2616)   Post Evacuate Collection Set: 1.7ms
[2025-01-07T19:01:07.160+0000][81337.526s][info][gc,phases   ] GC(2616)   Other: 0.2ms
[2025-01-07T19:01:07.160+0000][81337.526s][info][gc,heap     ] GC(2616) Eden regions: 65->0(915)
[2025-01-07T19:01:07.160+0000][81337.526s][info][gc,heap     ] GC(2616) Survivor regions: 11->5(10)
[2025-01-07T19:01:07.160+0000][81337.526s][info][gc,heap     ] GC(2616) Old regions: 243->244
[2025-01-07T19:01:07.160+0000][81337.526s][info][gc,heap     ] GC(2616) Archive regions: 2->2
[2025-01-07T19:01:07.160+0000][81337.526s][info][gc,heap     ] GC(2616) Humongous regions: 49->49
[2025-01-07T19:01:07.160+0000][81337.526s][info][gc,metaspace] GC(2616) Metaspace: 498206K(506368K)->498206K(506368K) NonClass: 437666K(441856K)->437666K(441856K) Class: 60539K(64512K)->60539K(64512K)
[2025-01-07T19:01:07.160+0000][81337.526s][info][gc          ] GC(2616) Pause Young (Mixed) (G1 Evacuation Pause) 2949M->2382M(12288M) 60.949ms
[2025-01-07T19:01:07.160+0000][81337.526s][info][gc,cpu      ] GC(2616) User=0.35s Sys=0.00s Real=0.06s
[2025-01-07T19:01:10.920+0000][81341.286s][info][gc,start    ] GC(2617) Pause Young (Normal) (G1 Evacuation Pause)
[2025-01-07T19:01:10.920+0000][81341.286s][info][gc,task     ] GC(2617) Using 6 workers of 6 for evacuation
[2025-01-07T19:01:10.943+0000][81341.309s][info][gc,phases   ] GC(2617)   Pre Evacuate Collection Set: 0.3ms
[2025-01-07T19:01:10.943+0000][81341.309s][info][gc,phases   ] GC(2617)   Merge Heap Roots: 0.4ms
[2025-01-07T19:01:10.943+0000][81341.309s][info][gc,phases   ] GC(2617)   Evacuate Collection Set: 19.6ms
[2025-01-07T19:01:10.943+0000][81341.309s][info][gc,phases   ] GC(2617)   Post Evacuate Collection Set: 2.4ms
[2025-01-07T19:01:10.943+0000][81341.309s][info][gc,phases   ] GC(2617)   Other: 0.2ms
[2025-01-07T19:01:10.943+0000][81341.309s][info][gc,heap     ] GC(2617) Eden regions: 915->0(914)
[2025-01-07T19:01:10.943+0000][81341.309s][info][gc,heap     ] GC(2617) Survivor regions: 5->6(115)
[2025-01-07T19:01:10.943+0000][81341.309s][info][gc,heap     ] GC(2617) Old regions: 244->244
[2025-01-07T19:01:10.943+0000][81341.309s][info][gc,heap     ] GC(2617) Archive regions: 2->2
[2025-01-07T19:01:10.943+0000][81341.309s][info][gc,heap     ] GC(2617) Humongous regions: 49->49
[2025-01-07T19:01:10.943+0000][81341.309s][info][gc,metaspace] GC(2617) Metaspace: 498206K(506368K)->498206K(506368K) NonClass: 437666K(441856K)->437666K(441856K) Class: 60539K(64512K)->60539K(64512K)
[2025-01-07T19:01:10.943+0000][81341.309s][info][gc          ] GC(2617) Pause Young (Normal) (G1 Evacuation Pause) 9702M->2389M(12288M) 22.953ms
[2025-01-07T19:01:10.943+0000][81341.309s][info][gc,cpu      ] GC(2617) User=0.13s Sys=0.00s Real=0.03s
[2025-01-07T19:01:20.744+0000][81351.110s][info][gc,start    ] GC(2618) Pause Young (Normal) (G1 Evacuation Pause)
[2025-01-07T19:01:20.744+0000][81351.110s][info][gc,task     ] GC(2618) Using 6 workers of 6 for evacuation
[2025-01-07T19:01:20.771+0000][81351.137s][info][gc,phases   ] GC(2618)   Pre Evacuate Collection Set: 0.2ms
[2025-01-07T19:01:20.771+0000][81351.137s][info][gc,phases   ] GC(2618)   Merge Heap Roots: 0.4ms
[2025-01-07T19:01:20.771+0000][81351.137s][info][gc,phases   ] GC(2618)   Evacuate Collection Set: 23.9ms
[2025-01-07T19:01:20.771+0000][81351.137s][info][gc,phases   ] GC(2618)   Post Evacuate Collection Set: 2.9ms
[2025-01-07T19:01:20.771+0000][81351.137s][info][gc,phases   ] GC(2618)   Other: 0.2ms
[2025-01-07T19:01:20.771+0000][81351.137s][info][gc,heap     ] GC(2618) Eden regions: 914->0(912)
[2025-01-07T19:01:20.771+0000][81351.137s][info][gc,heap     ] GC(2618) Survivor regions: 6->7(115)
[2025-01-07T19:01:20.771+0000][81351.137s][info][gc,heap     ] GC(2618) Old regions: 244->244
[2025-01-07T19:01:20.771+0000][81351.137s][info][gc,heap     ] GC(2618) Archive regions: 2->2
[2025-01-07T19:01:20.771+0000][81351.137s][info][gc,heap     ] GC(2618) Humongous regions: 49->49
[2025-01-07T19:01:20.771+0000][81351.137s][info][gc,metaspace] GC(2618) Metaspace: 498206K(506368K)->498206K(506368K) NonClass: 437666K(441856K)->437666K(441856K) Class: 60539K(64512K)->60539K(64512K)
[2025-01-07T19:01:20.771+0000][81351.137s][info][gc          ] GC(2618) Pause Young (Normal) (G1 Evacuation Pause) 9701M->2402M(12288M) 27.665ms
[2025-01-07T19:01:20.771+0000][81351.137s][info][gc,cpu      ] GC(2618) User=0.16s Sys=0.00s Real=0.03s
[2025-01-07T19:01:30.053+0000][81360.419s][info][gc,start    ] GC(2619) Pause Young (Concurrent Start) (G1 Evacuation Pause)
[2025-01-07T19:01:30.053+0000][81360.419s][info][gc,task     ] GC(2619) Using 6 workers of 6 for evacuation
[2025-01-07T19:01:30.084+0000][81360.450s][info][gc,phases   ] GC(2619)   Pre Evacuate Collection Set: 1.0ms
[2025-01-07T19:01:30.084+0000][81360.450s][info][gc,phases   ] GC(2619)   Merge Heap Roots: 0.4ms
[2025-01-07T19:01:30.084+0000][81360.450s][info][gc,phases   ] GC(2619)   Evacuate Collection Set: 26.3ms
[2025-01-07T19:01:30.084+0000][81360.450s][info][gc,phases   ] GC(2619)   Post Evacuate Collection Set: 2.7ms
[2025-01-07T19:01:30.084+0000][81360.450s][info][gc,phases   ] GC(2619)   Other: 0.3ms
[2025-01-07T19:01:30.084+0000][81360.450s][info][gc,heap     ] GC(2619) Eden regions: 912->0(911)
[2025-01-07T19:01:30.084+0000][81360.450s][info][gc,heap     ] GC(2619) Survivor regions: 7->8(115)
[2025-01-07T19:01:30.084+0000][81360.450s][info][gc,heap     ] GC(2619) Old regions: 244->244
[2025-01-07T19:01:30.084+0000][81360.450s][info][gc,heap     ] GC(2619) Archive regions: 2->2
[2025-01-07T19:01:30.084+0000][81360.450s][info][gc,heap     ] GC(2619) Humongous regions: 49->49
[2025-01-07T19:01:30.084+0000][81360.450s][info][gc,metaspace] GC(2619) Metaspace: 498206K(506368K)->498206K(506368K) NonClass: 437666K(441856K)->437666K(441856K) Class: 60539K(64512K)->60539K(64512K)
[2025-01-07T19:01:30.084+0000][81360.450s][info][gc          ] GC(2619) Pause Young (Concurrent Start) (G1 Evacuation Pause) 9698M->2411M(12288M) 30.767ms
[2025-01-07T19:01:30.084+0000][81360.450s][info][gc,cpu      ] GC(2619) User=0.18s Sys=0.00s Real=0.03s
[2025-01-07T19:01:30.084+0000][81360.450s][info][gc          ] GC(2620) Concurrent Mark Cycle
[2025-01-07T19:01:30.084+0000][81360.450s][info][gc,marking  ] GC(2620) Concurrent Clear Claimed Marks
[2025-01-07T19:01:30.085+0000][81360.451s][info][gc,marking  ] GC(2620) Concurrent Clear Claimed Marks 0.809ms
[2025-01-07T19:01:30.085+0000][81360.451s][info][gc,marking  ] GC(2620) Concurrent Scan Root Regions
[2025-01-07T19:01:30.103+0000][81360.469s][info][gc,marking  ] GC(2620) Concurrent Scan Root Regions 18.414ms
[2025-01-07T19:01:30.103+0000][81360.469s][info][gc,marking  ] GC(2620) Concurrent Mark
[2025-01-07T19:01:30.103+0000][81360.469s][info][gc,marking  ] GC(2620) Concurrent Mark From Roots
[2025-01-07T19:01:30.103+0000][81360.469s][info][gc,task     ] GC(2620) Using 2 workers of 2 for marking
[2025-01-07T19:01:30.865+0000][81361.231s][info][gc,marking  ] GC(2620) Concurrent Mark From Roots 761.675ms
[2025-01-07T19:01:30.865+0000][81361.231s][info][gc,marking  ] GC(2620) Concurrent Preclean
[2025-01-07T19:01:30.867+0000][81361.233s][info][gc,marking  ] GC(2620) Concurrent Preclean 1.995ms
[2025-01-07T19:01:30.867+0000][81361.233s][info][gc,start    ] GC(2620) Pause Remark
[2025-01-07T19:01:30.893+0000][81361.259s][info][gc          ] GC(2620) Pause Remark 3007M->3007M(12288M) 25.593ms
[2025-01-07T19:01:30.893+0000][81361.259s][info][gc,cpu      ] GC(2620) User=0.15s Sys=0.00s Real=0.03s
[2025-01-07T19:01:30.893+0000][81361.259s][info][gc,marking  ] GC(2620) Concurrent Mark 789.630ms
[2025-01-07T19:01:30.893+0000][81361.259s][info][gc,marking  ] GC(2620) Concurrent Rebuild Remembered Sets
[2025-01-07T19:01:31.367+0000][81361.733s][info][gc,marking  ] GC(2620) Concurrent Rebuild Remembered Sets 474.018ms
[2025-01-07T19:01:31.367+0000][81361.733s][info][gc,start    ] GC(2620) Pause Cleanup
[2025-01-07T19:01:31.368+0000][81361.734s][info][gc          ] GC(2620) Pause Cleanup 3411M->3411M(12288M) 0.441ms
[2025-01-07T19:01:31.368+0000][81361.734s][info][gc,cpu      ] GC(2620) User=0.00s Sys=0.00s Real=0.00s
[2025-01-07T19:01:31.368+0000][81361.734s][info][gc,marking  ] GC(2620) Concurrent Cleanup for Next Mark
[2025-01-07T19:01:31.383+0000][81361.749s][info][gc,marking  ] GC(2620) Concurrent Cleanup for Next Mark 15.334ms
[2025-01-07T19:01:31.383+0000][81361.749s][info][gc          ] GC(2620) Concurrent Mark Cycle 1299.058ms
[2025-01-07T19:01:39.915+0000][81370.281s][info][gc,start    ] GC(2621) Pause Young (Prepare Mixed) (G1 Evacuation Pause)
[2025-01-07T19:01:39.915+0000][81370.281s][info][gc,task     ] GC(2621) Using 6 workers of 6 for evacuation
[2025-01-07T19:01:39.949+0000][81370.315s][info][gc,phases   ] GC(2621)   Pre Evacuate Collection Set: 0.2ms
[2025-01-07T19:01:39.949+0000][81370.315s][info][gc,phases   ] GC(2621)   Merge Heap Roots: 0.7ms
[2025-01-07T19:01:39.949+0000][81370.315s][info][gc,phases   ] GC(2621)   Evacuate Collection Set: 30.2ms
[2025-01-07T19:01:39.949+0000][81370.315s][info][gc,phases   ] GC(2621)   Post Evacuate Collection Set: 2.6ms
[2025-01-07T19:01:39.949+0000][81370.315s][info][gc,phases   ] GC(2621)   Other: 0.2ms
[2025-01-07T19:01:39.949+0000][81370.315s][info][gc,heap     ] GC(2621) Eden regions: 911->0(66)
[2025-01-07T19:01:39.949+0000][81370.315s][info][gc,heap     ] GC(2621) Survivor regions: 8->10(115)
[2025-01-07T19:01:39.949+0000][81370.315s][info][gc,heap     ] GC(2621) Old regions: 244->244
[2025-01-07T19:01:39.949+0000][81370.315s][info][gc,heap     ] GC(2621) Archive regions: 2->2
[2025-01-07T19:01:39.949+0000][81370.315s][info][gc,heap     ] GC(2621) Humongous regions: 49->49
[2025-01-07T19:01:39.949+0000][81370.315s][info][gc,metaspace] GC(2621) Metaspace: 498206K(506368K)->498206K(506368K) NonClass: 437666K(441856K)->437666K(441856K) Class: 60539K(64512K)->60539K(64512K)
[2025-01-07T19:01:39.949+0000][81370.315s][info][gc          ] GC(2621) Pause Young (Prepare Mixed) (G1 Evacuation Pause) 9699M->2425M(12288M) 33.913ms
[2025-01-07T19:01:39.949+0000][81370.315s][info][gc,cpu      ] GC(2621) User=0.20s Sys=0.00s Real=0.03s
[2025-01-07T19:01:40.491+0000][81370.857s][info][gc,start    ] GC(2622) Pause Young (Mixed) (G1 Evacuation Pause)
[2025-01-07T19:01:40.491+0000][81370.857s][info][gc,task     ] GC(2622) Using 6 workers of 6 for evacuation
[2025-01-07T19:01:40.561+0000][81370.927s][info][gc,phases   ] GC(2622)   Pre Evacuate Collection Set: 0.2ms
[2025-01-07T19:01:40.561+0000][81370.927s][info][gc,phases   ] GC(2622)   Merge Heap Roots: 0.9ms
[2025-01-07T19:01:40.561+0000][81370.927s][info][gc,phases   ] GC(2622)   Evacuate Collection Set: 67.3ms
[2025-01-07T19:01:40.561+0000][81370.928s][info][gc,phases   ] GC(2622)   Post Evacuate Collection Set: 1.8ms
[2025-01-07T19:01:40.561+0000][81370.928s][info][gc,phases   ] GC(2622)   Other: 0.2ms
[2025-01-07T19:01:40.561+0000][81370.928s][info][gc,heap     ] GC(2622) Eden regions: 66->0(914)
[2025-01-07T19:01:40.561+0000][81370.928s][info][gc,heap     ] GC(2622) Survivor regions: 10->6(10)
[2025-01-07T19:01:40.561+0000][81370.928s][info][gc,heap     ] GC(2622) Old regions: 244->244
[2025-01-07T19:01:40.561+0000][81370.928s][info][gc,heap     ] GC(2622) Archive regions: 2->2
[2025-01-07T19:01:40.561+0000][81370.928s][info][gc,heap     ] GC(2622) Humongous regions: 49->49
[2025-01-07T19:01:40.561+0000][81370.928s][info][gc,metaspace] GC(2622) Metaspace: 498206K(506368K)->498206K(506368K) NonClass: 437666K(441856K)->437666K(441856K) Class: 60539K(64512K)->60539K(64512K)
[2025-01-07T19:01:40.562+0000][81370.928s][info][gc          ] GC(2622) Pause Young (Mixed) (G1 Evacuation Pause) 2953M->2388M(12288M) 70.547ms
[2025-01-07T19:01:40.562+0000][81370.928s][info][gc,cpu      ] GC(2622) User=0.41s Sys=0.00s Real=0.07s
[2025-01-07T19:01:47.594+0000][81377.960s][info][gc,start    ] GC(2623) Pause Young (Normal) (G1 Evacuation Pause)
[2025-01-07T19:01:47.594+0000][81377.960s][info][gc,task     ] GC(2623) Using 6 workers of 6 for evacuation
[2025-01-07T19:01:47.621+0000][81377.987s][info][gc,phases   ] GC(2623)   Pre Evacuate Collection Set: 0.2ms
[2025-01-07T19:01:47.621+0000][81377.987s][info][gc,phases   ] GC(2623)   Merge Heap Roots: 0.4ms
[2025-01-07T19:01:47.621+0000][81377.987s][info][gc,phases   ] GC(2623)   Evacuate Collection Set: 20.9ms
[2025-01-07T19:01:47.621+0000][81377.987s][info][gc,phases   ] GC(2623)   Post Evacuate Collection Set: 5.2ms
[2025-01-07T19:01:47.621+0000][81377.987s][info][gc,phases   ] GC(2623)   Other: 0.2ms
[2025-01-07T19:01:47.621+0000][81377.987s][info][gc,heap     ] GC(2623) Eden regions: 914->0(912)
[2025-01-07T19:01:47.621+0000][81377.987s][info][gc,heap     ] GC(2623) Survivor regions: 6->8(115)
[2025-01-07T19:01:47.621+0000][81377.987s][info][gc,heap     ] GC(2623) Old regions: 244->244
[2025-01-07T19:01:47.621+0000][81377.987s][info][gc,heap     ] GC(2623) Archive regions: 2->2
[2025-01-07T19:01:47.621+0000][81377.987s][info][gc,heap     ] GC(2623) Humongous regions: 49->49
[2025-01-07T19:01:47.621+0000][81377.987s][info][gc,metaspace] GC(2623) Metaspace: 498206K(506368K)->498206K(506368K) NonClass: 437666K(441856K)->437666K(441856K) Class: 60539K(64512K)->60539K(64512K)
[2025-01-07T19:01:47.621+0000][81377.987s][info][gc          ] GC(2623) Pause Young (Normal) (G1 Evacuation Pause) 9700M->2404M(12288M) 26.993ms
[2025-01-07T19:01:47.621+0000][81377.987s][info][gc,cpu      ] GC(2623) User=0.16s Sys=0.00s Real=0.02s
[2025-01-07T19:01:56.066+0000][81386.433s][info][gc,start    ] GC(2624) Pause Young (Normal) (G1 Evacuation Pause)
[2025-01-07T19:01:56.066+0000][81386.433s][info][gc,task     ] GC(2624) Using 6 workers of 6 for evacuation
[2025-01-07T19:01:56.093+0000][81386.459s][info][gc,phases   ] GC(2624)   Pre Evacuate Collection Set: 0.2ms
[2025-01-07T19:01:56.093+0000][81386.459s][info][gc,phases   ] GC(2624)   Merge Heap Roots: 0.4ms
[2025-01-07T19:01:56.093+0000][81386.459s][info][gc,phases   ] GC(2624)   Evacuate Collection Set: 23.2ms
[2025-01-07T19:01:56.093+0000][81386.459s][info][gc,phases   ] GC(2624)   Post Evacuate Collection Set: 2.5ms
[2025-01-07T19:01:56.093+0000][81386.459s][info][gc,phases   ] GC(2624)   Other: 0.2ms
[2025-01-07T19:01:56.093+0000][81386.459s][info][gc,heap     ] GC(2624) Eden regions: 912->0(912)
[2025-01-07T19:01:56.093+0000][81386.459s][info][gc,heap     ] GC(2624) Survivor regions: 8->8(115)
[2025-01-07T19:01:56.093+0000][81386.459s][info][gc,heap     ] GC(2624) Old regions: 244->244
[2025-01-07T19:01:56.093+0000][81386.459s][info][gc,heap     ] GC(2624) Archive regions: 2->2
[2025-01-07T19:01:56.093+0000][81386.459s][info][gc,heap     ] GC(2624) Humongous regions: 49->49
[2025-01-07T19:01:56.093+0000][81386.459s][info][gc,metaspace] GC(2624) Metaspace: 498206K(506368K)->498206K(506368K) NonClass: 437667K(441856K)->437667K(441856K) Class: 60539K(64512K)->60539K(64512K)
[2025-01-07T19:01:56.093+0000][81386.459s][info][gc          ] GC(2624) Pause Young (Normal) (G1 Evacuation Pause) 9700M->2407M(12288M) 26.586ms
[2025-01-07T19:01:56.093+0000][81386.459s][info][gc,cpu      ] GC(2624) User=0.16s Sys=0.00s Real=0.03s
[2025-01-07T19:02:04.738+0000][81395.105s][info][gc,start    ] GC(2625) Pause Young (Concurrent Start) (G1 Evacuation Pause)
[2025-01-07T19:02:04.738+0000][81395.105s][info][gc,task     ] GC(2625) Using 6 workers of 6 for evacuation
[2025-01-07T19:02:04.772+0000][81395.138s][info][gc,phases   ] GC(2625)   Pre Evacuate Collection Set: 1.0ms
[2025-01-07T19:02:04.772+0000][81395.138s][info][gc,phases   ] GC(2625)   Merge Heap Roots: 0.4ms
[2025-01-07T19:02:04.772+0000][81395.138s][info][gc,phases   ] GC(2625)   Evacuate Collection Set: 27.5ms
[2025-01-07T19:02:04.772+0000][81395.138s][info][gc,phases   ] GC(2625)   Post Evacuate Collection Set: 3.9ms
[2025-01-07T19:02:04.772+0000][81395.138s][info][gc,phases   ] GC(2625)   Other: 0.3ms
[2025-01-07T19:02:04.772+0000][81395.138s][info][gc,heap     ] GC(2625) Eden regions: 912->0(909)
[2025-01-07T19:02:04.772+0000][81395.138s][info][gc,heap     ] GC(2625) Survivor regions: 8->10(115)
[2025-01-07T19:02:04.772+0000][81395.138s][info][gc,heap     ] GC(2625) Old regions: 244->244
[2025-01-07T19:02:04.772+0000][81395.138s][info][gc,heap     ] GC(2625) Archive regions: 2->2
[2025-01-07T19:02:04.772+0000][81395.138s][info][gc,heap     ] GC(2625) Humongous regions: 49->49
[2025-01-07T19:02:04.772+0000][81395.138s][info][gc,metaspace] GC(2625) Metaspace: 498209K(506368K)->498209K(506368K) NonClass: 437669K(441856K)->437669K(441856K) Class: 60539K(64512K)->60539K(64512K)
[2025-01-07T19:02:04.772+0000][81395.138s][info][gc          ] GC(2625) Pause Young (Concurrent Start) (G1 Evacuation Pause) 9703M->2426M(12288M) 33.239ms
[2025-01-07T19:02:04.772+0000][81395.138s][info][gc,cpu      ] GC(2625) User=0.19s Sys=0.00s Real=0.04s
[2025-01-07T19:02:04.772+0000][81395.138s][info][gc          ] GC(2626) Concurrent Mark Cycle
[2025-01-07T19:02:04.772+0000][81395.138s][info][gc,marking  ] GC(2626) Concurrent Clear Claimed Marks
[2025-01-07T19:02:04.773+0000][81395.139s][info][gc,marking  ] GC(2626) Concurrent Clear Claimed Marks 0.761ms
[2025-01-07T19:02:04.773+0000][81395.139s][info][gc,marking  ] GC(2626) Concurrent Scan Root Regions
[2025-01-07T19:02:04.800+0000][81395.166s][info][gc,marking  ] GC(2626) Concurrent Scan Root Regions 27.236ms
[2025-01-07T19:02:04.800+0000][81395.166s][info][gc,marking  ] GC(2626) Concurrent Mark
[2025-01-07T19:02:04.800+0000][81395.166s][info][gc,marking  ] GC(2626) Concurrent Mark From Roots
[2025-01-07T19:02:04.800+0000][81395.166s][info][gc,task     ] GC(2626) Using 2 workers of 2 for marking
[2025-01-07T19:02:05.580+0000][81395.946s][info][gc,marking  ] GC(2626) Concurrent Mark From Roots 779.864ms
[2025-01-07T19:02:05.580+0000][81395.946s][info][gc,marking  ] GC(2626) Concurrent Preclean
[2025-01-07T19:02:05.582+0000][81395.948s][info][gc,marking  ] GC(2626) Concurrent Preclean 1.977ms
[2025-01-07T19:02:05.582+0000][81395.948s][info][gc,start    ] GC(2626) Pause Remark
[2025-01-07T19:02:05.607+0000][81395.973s][info][gc          ] GC(2626) Pause Remark 3250M->3250M(12288M) 25.176ms
[2025-01-07T19:02:05.607+0000][81395.973s][info][gc,cpu      ] GC(2626) User=0.15s Sys=0.00s Real=0.02s
[2025-01-07T19:02:05.607+0000][81395.973s][info][gc,marking  ] GC(2626) Concurrent Mark 807.346ms
[2025-01-07T19:02:05.607+0000][81395.973s][info][gc,marking  ] GC(2626) Concurrent Rebuild Remembered Sets
[2025-01-07T19:02:06.202+0000][81396.568s][info][gc,marking  ] GC(2626) Concurrent Rebuild Remembered Sets 594.680ms
[2025-01-07T19:02:06.202+0000][81396.568s][info][gc,start    ] GC(2626) Pause Cleanup
[2025-01-07T19:02:06.202+0000][81396.569s][info][gc          ] GC(2626) Pause Cleanup 3918M->3918M(12288M) 0.455ms
[2025-01-07T19:02:06.203+0000][81396.569s][info][gc,cpu      ] GC(2626) User=0.00s Sys=0.00s Real=0.00s
[2025-01-07T19:02:06.203+0000][81396.569s][info][gc,marking  ] GC(2626) Concurrent Cleanup for Next Mark
[2025-01-07T19:02:06.218+0000][81396.584s][info][gc,marking  ] GC(2626) Concurrent Cleanup for Next Mark 15.407ms
[2025-01-07T19:02:06.218+0000][81396.584s][info][gc          ] GC(2626) Concurrent Mark Cycle 1446.315ms
[2025-01-07T19:02:16.186+0000][81406.552s][info][gc,start    ] GC(2627) Pause Young (Prepare Mixed) (G1 Evacuation Pause)
[2025-01-07T19:02:16.186+0000][81406.552s][info][gc,task     ] GC(2627) Using 6 workers of 6 for evacuation
[2025-01-07T19:02:16.222+0000][81406.588s][info][gc,phases   ] GC(2627)   Pre Evacuate Collection Set: 0.2ms
[2025-01-07T19:02:16.222+0000][81406.588s][info][gc,phases   ] GC(2627)   Merge Heap Roots: 0.7ms
[2025-01-07T19:02:16.222+0000][81406.588s][info][gc,phases   ] GC(2627)   Evacuate Collection Set: 32.9ms
[2025-01-07T19:02:16.222+0000][81406.589s][info][gc,phases   ] GC(2627)   Post Evacuate Collection Set: 2.9ms
[2025-01-07T19:02:16.222+0000][81406.589s][info][gc,phases   ] GC(2627)   Other: 0.2ms
[2025-01-07T19:02:16.222+0000][81406.589s][info][gc,heap     ] GC(2627) Eden regions: 909->0(64)
[2025-01-07T19:02:16.222+0000][81406.589s][info][gc,heap     ] GC(2627) Survivor regions: 10->12(115)
[2025-01-07T19:02:16.222+0000][81406.589s][info][gc,heap     ] GC(2627) Old regions: 244->244
[2025-01-07T19:02:16.222+0000][81406.589s][info][gc,heap     ] GC(2627) Archive regions: 2->2
[2025-01-07T19:02:16.222+0000][81406.589s][info][gc,heap     ] GC(2627) Humongous regions: 49->49
[2025-01-07T19:02:16.222+0000][81406.589s][info][gc,metaspace] GC(2627) Metaspace: 498209K(506368K)->498209K(506368K) NonClass: 437669K(441856K)->437669K(441856K) Class: 60539K(64512K)->60539K(64512K)
[2025-01-07T19:02:16.222+0000][81406.589s][info][gc          ] GC(2627) Pause Young (Prepare Mixed) (G1 Evacuation Pause) 9698M->2436M(12288M) 36.918ms
[2025-01-07T19:02:16.223+0000][81406.589s][info][gc,cpu      ] GC(2627) User=0.22s Sys=0.00s Real=0.04s
[2025-01-07T19:02:16.674+0000][81407.040s][info][gc,start    ] GC(2628) Pause Young (Mixed) (G1 Evacuation Pause)
[2025-01-07T19:02:16.674+0000][81407.040s][info][gc,task     ] GC(2628) Using 6 workers of 6 for evacuation
[2025-01-07T19:02:16.734+0000][81407.100s][info][gc,phases   ] GC(2628)   Pre Evacuate Collection Set: 0.2ms
[2025-01-07T19:02:16.734+0000][81407.100s][info][gc,phases   ] GC(2628)   Merge Heap Roots: 0.7ms
[2025-01-07T19:02:16.734+0000][81407.100s][info][gc,phases   ] GC(2628)   Evacuate Collection Set: 57.2ms
[2025-01-07T19:02:16.734+0000][81407.100s][info][gc,phases   ] GC(2628)   Post Evacuate Collection Set: 1.7ms
[2025-01-07T19:02:16.734+0000][81407.100s][info][gc,phases   ] GC(2628)   Other: 0.2ms
[2025-01-07T19:02:16.734+0000][81407.100s][info][gc,heap     ] GC(2628) Eden regions: 64->0(912)
[2025-01-07T19:02:16.734+0000][81407.100s][info][gc,heap     ] GC(2628) Survivor regions: 12->6(10)
[2025-01-07T19:02:16.734+0000][81407.100s][info][gc,heap     ] GC(2628) Old regions: 244->244
[2025-01-07T19:02:16.734+0000][81407.100s][info][gc,heap     ] GC(2628) Archive regions: 2->2
[2025-01-07T19:02:16.734+0000][81407.100s][info][gc,heap     ] GC(2628) Humongous regions: 49->49
[2025-01-07T19:02:16.734+0000][81407.100s][info][gc,metaspace] GC(2628) Metaspace: 498209K(506368K)->498209K(506368K) NonClass: 437669K(441856K)->437669K(441856K) Class: 60539K(64512K)->60539K(64512K)
[2025-01-07T19:02:16.734+0000][81407.100s][info][gc          ] GC(2628) Pause Young (Mixed) (G1 Evacuation Pause) 2948M->2395M(12288M) 60.084ms
[2025-01-07T19:02:16.734+0000][81407.100s][info][gc,cpu      ] GC(2628) User=0.34s Sys=0.01s Real=0.06s
[2025-01-07T19:02:28.131+0000][81418.498s][info][gc,start    ] GC(2629) Pause Young (Normal) (G1 Evacuation Pause)
[2025-01-07T19:02:28.132+0000][81418.498s][info][gc,task     ] GC(2629) Using 6 workers of 6 for evacuation
[2025-01-07T19:02:28.161+0000][81418.527s][info][gc,phases   ] GC(2629)   Pre Evacuate Collection Set: 0.2ms
[2025-01-07T19:02:28.161+0000][81418.527s][info][gc,phases   ] GC(2629)   Merge Heap Roots: 0.5ms
[2025-01-07T19:02:28.161+0000][81418.527s][info][gc,phases   ] GC(2629)   Evacuate Collection Set: 25.9ms
[2025-01-07T19:02:28.161+0000][81418.527s][info][gc,phases   ] GC(2629)   Post Evacuate Collection Set: 2.6ms
[2025-01-07T19:02:28.161+0000][81418.527s][info][gc,phases   ] GC(2629)   Other: 0.2ms
[2025-01-07T19:02:28.161+0000][81418.527s][info][gc,heap     ] GC(2629) Eden regions: 912->0(910)
[2025-01-07T19:02:28.161+0000][81418.527s][info][gc,heap     ] GC(2629) Survivor regions: 6->8(115)
[2025-01-07T19:02:28.161+0000][81418.527s][info][gc,heap     ] GC(2629) Old regions: 244->244
[2025-01-07T19:02:28.161+0000][81418.527s][info][gc,heap     ] GC(2629) Archive regions: 2->2
[2025-01-07T19:02:28.161+0000][81418.527s][info][gc,heap     ] GC(2629) Humongous regions: 49->49
[2025-01-07T19:02:28.161+0000][81418.527s][info][gc,metaspace] GC(2629) Metaspace: 498209K(506368K)->498209K(506368K) NonClass: 437669K(441856K)->437669K(441856K) Class: 60539K(64512K)->60539K(64512K)
[2025-01-07T19:02:28.161+0000][81418.527s][info][gc          ] GC(2629) Pause Young (Normal) (G1 Evacuation Pause) 9691M->2408M(12288M) 29.476ms
[2025-01-07T19:02:28.161+0000][81418.527s][info][gc,cpu      ] GC(2629) User=0.17s Sys=0.00s Real=0.02s
[2025-01-07T19:02:37.076+0000][81427.442s][info][gc,start    ] GC(2630) Pause Young (Normal) (G1 Evacuation Pause)
[2025-01-07T19:02:37.076+0000][81427.442s][info][gc,task     ] GC(2630) Using 6 workers of 6 for evacuation
[2025-01-07T19:02:37.108+0000][81427.474s][info][gc,phases   ] GC(2630)   Pre Evacuate Collection Set: 0.2ms
[2025-01-07T19:02:37.108+0000][81427.474s][info][gc,phases   ] GC(2630)   Merge Heap Roots: 0.4ms
[2025-01-07T19:02:37.108+0000][81427.474s][info][gc,phases   ] GC(2630)   Evacuate Collection Set: 27.9ms
[2025-01-07T19:02:37.108+0000][81427.474s][info][gc,phases   ] GC(2630)   Post Evacuate Collection Set: 2.5ms
[2025-01-07T19:02:37.108+0000][81427.474s][info][gc,phases   ] GC(2630)   Other: 0.2ms
[2025-01-07T19:02:37.108+0000][81427.474s][info][gc,heap     ] GC(2630) Eden regions: 910->0(908)
[2025-01-07T19:02:37.108+0000][81427.474s][info][gc,heap     ] GC(2630) Survivor regions: 8->10(115)
[2025-01-07T19:02:37.108+0000][81427.474s][info][gc,heap     ] GC(2630) Old regions: 244->244
[2025-01-07T19:02:37.108+0000][81427.474s][info][gc,heap     ] GC(2630) Archive regions: 2->2
[2025-01-07T19:02:37.108+0000][81427.474s][info][gc,heap     ] GC(2630) Humongous regions: 49->49
[2025-01-07T19:02:37.108+0000][81427.474s][info][gc,metaspace] GC(2630) Metaspace: 498209K(506368K)->498209K(506368K) NonClass: 437669K(441856K)->437669K(441856K) Class: 60539K(64512K)->60539K(64512K)
[2025-01-07T19:02:37.108+0000][81427.474s][info][gc          ] GC(2630) Pause Young (Normal) (G1 Evacuation Pause) 9688M->2421M(12288M) 31.321ms
[2025-01-07T19:02:37.108+0000][81427.474s][info][gc,cpu      ] GC(2630) User=0.17s Sys=0.02s Real=0.03s
[2025-01-07T19:02:46.739+0000][81437.106s][info][gc,start    ] GC(2631) Pause Young (Concurrent Start) (G1 Evacuation Pause)
[2025-01-07T19:02:46.739+0000][81437.106s][info][gc,task     ] GC(2631) Using 6 workers of 6 for evacuation
[2025-01-07T19:02:46.786+0000][81437.152s][info][gc,phases   ] GC(2631)   Pre Evacuate Collection Set: 1.0ms
[2025-01-07T19:02:46.786+0000][81437.152s][info][gc,phases   ] GC(2631)   Merge Heap Roots: 0.5ms
[2025-01-07T19:02:46.786+0000][81437.152s][info][gc,phases   ] GC(2631)   Evacuate Collection Set: 38.7ms
[2025-01-07T19:02:46.786+0000][81437.152s][info][gc,phases   ] GC(2631)   Post Evacuate Collection Set: 5.9ms
[2025-01-07T19:02:46.786+0000][81437.152s][info][gc,phases   ] GC(2631)   Other: 0.3ms
[2025-01-07T19:02:46.786+0000][81437.152s][info][gc,heap     ] GC(2631) Eden regions: 908->0(903)
[2025-01-07T19:02:46.786+0000][81437.152s][info][gc,heap     ] GC(2631) Survivor regions: 10->13(115)
[2025-01-07T19:02:46.786+0000][81437.152s][info][gc,heap     ] GC(2631) Old regions: 244->244
[2025-01-07T19:02:46.786+0000][81437.152s][info][gc,heap     ] GC(2631) Archive regions: 2->2
[2025-01-07T19:02:46.786+0000][81437.152s][info][gc,heap     ] GC(2631) Humongous regions: 49->49
[2025-01-07T19:02:46.786+0000][81437.152s][info][gc,metaspace] GC(2631) Metaspace: 498209K(506368K)->498209K(506368K) NonClass: 437669K(441856K)->437669K(441856K) Class: 60539K(64512K)->60539K(64512K)
[2025-01-07T19:02:46.786+0000][81437.152s][info][gc          ] GC(2631) Pause Young (Concurrent Start) (G1 Evacuation Pause) 9685M->2448M(12288M) 46.427ms
[2025-01-07T19:02:46.786+0000][81437.152s][info][gc,cpu      ] GC(2631) User=0.26s Sys=0.00s Real=0.05s
[2025-01-07T19:02:46.786+0000][81437.152s][info][gc          ] GC(2632) Concurrent Mark Cycle
[2025-01-07T19:02:46.786+0000][81437.152s][info][gc,marking  ] GC(2632) Concurrent Clear Claimed Marks
[2025-01-07T19:02:46.787+0000][81437.153s][info][gc,marking  ] GC(2632) Concurrent Clear Claimed Marks 0.798ms
[2025-01-07T19:02:46.787+0000][81437.153s][info][gc,marking  ] GC(2632) Concurrent Scan Root Regions
[2025-01-07T19:02:46.823+0000][81437.189s][info][gc,marking  ] GC(2632) Concurrent Scan Root Regions 36.204ms
[2025-01-07T19:02:46.823+0000][81437.189s][info][gc,marking  ] GC(2632) Concurrent Mark
[2025-01-07T19:02:46.823+0000][81437.189s][info][gc,marking  ] GC(2632) Concurrent Mark From Roots
[2025-01-07T19:02:46.823+0000][81437.189s][info][gc,task     ] GC(2632) Using 2 workers of 2 for marking
[2025-01-07T19:02:47.645+0000][81438.011s][info][gc,marking  ] GC(2632) Concurrent Mark From Roots 821.468ms
[2025-01-07T19:02:47.645+0000][81438.011s][info][gc,marking  ] GC(2632) Concurrent Preclean
[2025-01-07T19:02:47.646+0000][81438.012s][info][gc,marking  ] GC(2632) Concurrent Preclean 1.817ms
[2025-01-07T19:02:47.647+0000][81438.013s][info][gc,start    ] GC(2632) Pause Remark
[2025-01-07T19:02:47.672+0000][81438.038s][info][gc          ] GC(2632) Pause Remark 3364M->3364M(12288M) 25.660ms
[2025-01-07T19:02:47.672+0000][81438.038s][info][gc,cpu      ] GC(2632) User=0.15s Sys=0.00s Real=0.03s
[2025-01-07T19:02:47.672+0000][81438.038s][info][gc,marking  ] GC(2632) Concurrent Mark 849.303ms
[2025-01-07T19:02:47.672+0000][81438.038s][info][gc,marking  ] GC(2632) Concurrent Rebuild Remembered Sets
[2025-01-07T19:02:48.246+0000][81438.612s][info][gc,marking  ] GC(2632) Concurrent Rebuild Remembered Sets 573.531ms
[2025-01-07T19:02:48.246+0000][81438.612s][info][gc,start    ] GC(2632) Pause Cleanup
[2025-01-07T19:02:48.247+0000][81438.613s][info][gc          ] GC(2632) Pause Cleanup 4044M->4044M(12288M) 0.517ms
[2025-01-07T19:02:48.247+0000][81438.613s][info][gc,cpu      ] GC(2632) User=0.00s Sys=0.00s Real=0.00s
[2025-01-07T19:02:48.247+0000][81438.613s][info][gc,marking  ] GC(2632) Concurrent Cleanup for Next Mark
[2025-01-07T19:02:48.263+0000][81438.629s][info][gc,marking  ] GC(2632) Concurrent Cleanup for Next Mark 15.993ms
[2025-01-07T19:02:48.263+0000][81438.629s][info][gc          ] GC(2632) Concurrent Mark Cycle 1476.798ms
[2025-01-07T19:02:55.102+0000][81445.468s][info][gc,start    ] GC(2633) Pause Young (Prepare Mixed) (G1 Evacuation Pause)
[2025-01-07T19:02:55.102+0000][81445.468s][info][gc,task     ] GC(2633) Using 6 workers of 6 for evacuation
[2025-01-07T19:02:55.143+0000][81445.509s][info][gc,phases   ] GC(2633)   Pre Evacuate Collection Set: 0.2ms
[2025-01-07T19:02:55.143+0000][81445.509s][info][gc,phases   ] GC(2633)   Merge Heap Roots: 0.7ms
[2025-01-07T19:02:55.143+0000][81445.509s][info][gc,phases   ] GC(2633)   Evacuate Collection Set: 35.5ms
[2025-01-07T19:02:55.143+0000][81445.509s][info][gc,phases   ] GC(2633)   Post Evacuate Collection Set: 4.2ms
[2025-01-07T19:02:55.143+0000][81445.509s][info][gc,phases   ] GC(2633)   Other: 0.3ms
[2025-01-07T19:02:55.143+0000][81445.509s][info][gc,heap     ] GC(2633) Eden regions: 903->0(63)
[2025-01-07T19:02:55.143+0000][81445.509s][info][gc,heap     ] GC(2633) Survivor regions: 13->13(115)
[2025-01-07T19:02:55.143+0000][81445.509s][info][gc,heap     ] GC(2633) Old regions: 244->244
[2025-01-07T19:02:55.143+0000][81445.509s][info][gc,heap     ] GC(2633) Archive regions: 2->2
[2025-01-07T19:02:55.143+0000][81445.509s][info][gc,heap     ] GC(2633) Humongous regions: 49->49
[2025-01-07T19:02:55.143+0000][81445.509s][info][gc,metaspace] GC(2633) Metaspace: 498217K(506368K)->498217K(506368K) NonClass: 437678K(441856K)->437678K(441856K) Class: 60539K(64512K)->60539K(64512K)
[2025-01-07T19:02:55.143+0000][81445.509s][info][gc          ] GC(2633) Pause Young (Prepare Mixed) (G1 Evacuation Pause) 9672M->2451M(12288M) 41.018ms
[2025-01-07T19:02:55.143+0000][81445.509s][info][gc,cpu      ] GC(2633) User=0.24s Sys=0.00s Real=0.04s
[2025-01-07T19:02:55.706+0000][81446.072s][info][gc,start    ] GC(2634) Pause Young (Mixed) (G1 Evacuation Pause)
[2025-01-07T19:02:55.706+0000][81446.072s][info][gc,task     ] GC(2634) Using 6 workers of 6 for evacuation
[2025-01-07T19:02:55.755+0000][81446.121s][info][gc,phases   ] GC(2634)   Pre Evacuate Collection Set: 0.2ms
[2025-01-07T19:02:55.755+0000][81446.121s][info][gc,phases   ] GC(2634)   Merge Heap Roots: 0.5ms
[2025-01-07T19:02:55.755+0000][81446.121s][info][gc,phases   ] GC(2634)   Evacuate Collection Set: 45.8ms
[2025-01-07T19:02:55.755+0000][81446.121s][info][gc,phases   ] GC(2634)   Post Evacuate Collection Set: 1.7ms
[2025-01-07T19:02:55.755+0000][81446.121s][info][gc,phases   ] GC(2634)   Other: 0.2ms
[2025-01-07T19:02:55.755+0000][81446.121s][info][gc,heap     ] GC(2634) Eden regions: 63->0(910)
[2025-01-07T19:02:55.755+0000][81446.121s][info][gc,heap     ] GC(2634) Survivor regions: 13->5(10)
[2025-01-07T19:02:55.755+0000][81446.121s][info][gc,heap     ] GC(2634) Old regions: 244->245
[2025-01-07T19:02:55.755+0000][81446.121s][info][gc,heap     ] GC(2634) Archive regions: 2->2
[2025-01-07T19:02:55.755+0000][81446.121s][info][gc,heap     ] GC(2634) Humongous regions: 49->49
[2025-01-07T19:02:55.755+0000][81446.121s][info][gc,metaspace] GC(2634) Metaspace: 498217K(506368K)->498217K(506368K) NonClass: 437678K(441856K)->437678K(441856K) Class: 60539K(64512K)->60539K(64512K)
[2025-01-07T19:02:55.755+0000][81446.121s][info][gc          ] GC(2634) Pause Young (Mixed) (G1 Evacuation Pause) 2955M->2390M(12288M) 48.430ms
[2025-01-07T19:02:55.755+0000][81446.121s][info][gc,cpu      ] GC(2634) User=0.28s Sys=0.01s Real=0.05s
[2025-01-07T19:03:05.388+0000][81455.754s][info][gc,start    ] GC(2635) Pause Young (Normal) (G1 Evacuation Pause)
[2025-01-07T19:03:05.388+0000][81455.754s][info][gc,task     ] GC(2635) Using 6 workers of 6 for evacuation
[2025-01-07T19:03:05.409+0000][81455.775s][info][gc,phases   ] GC(2635)   Pre Evacuate Collection Set: 0.2ms
[2025-01-07T19:03:05.409+0000][81455.776s][info][gc,phases   ] GC(2635)   Merge Heap Roots: 0.4ms
[2025-01-07T19:03:05.409+0000][81455.776s][info][gc,phases   ] GC(2635)   Evacuate Collection Set: 18.6ms
[2025-01-07T19:03:05.409+0000][81455.776s][info][gc,phases   ] GC(2635)   Post Evacuate Collection Set: 2.5ms
[2025-01-07T19:03:05.409+0000][81455.776s][info][gc,phases   ] GC(2635)   Other: 0.2ms
[2025-01-07T19:03:05.409+0000][81455.776s][info][gc,heap     ] GC(2635) Eden regions: 910->0(911)
[2025-01-07T19:03:05.409+0000][81455.776s][info][gc,heap     ] GC(2635) Survivor regions: 5->5(115)
[2025-01-07T19:03:05.409+0000][81455.776s][info][gc,heap     ] GC(2635) Old regions: 245->245
[2025-01-07T19:03:05.409+0000][81455.776s][info][gc,heap     ] GC(2635) Archive regions: 2->2
[2025-01-07T19:03:05.409+0000][81455.776s][info][gc,heap     ] GC(2635) Humongous regions: 49->49
[2025-01-07T19:03:05.409+0000][81455.776s][info][gc,metaspace] GC(2635) Metaspace: 498217K(506368K)->498217K(506368K) NonClass: 437678K(441856K)->437678K(441856K) Class: 60539K(64512K)->60539K(64512K)
[2025-01-07T19:03:05.410+0000][81455.776s][info][gc          ] GC(2635) Pause Young (Normal) (G1 Evacuation Pause) 9670M->2395M(12288M) 21.975ms
[2025-01-07T19:03:05.410+0000][81455.776s][info][gc,cpu      ] GC(2635) User=0.12s Sys=0.00s Real=0.03s
[2025-01-07T19:03:10.784+0000][81461.150s][info][gc,start    ] GC(2636) Pause Young (Normal) (G1 Evacuation Pause)
[2025-01-07T19:03:10.784+0000][81461.150s][info][gc,task     ] GC(2636) Using 6 workers of 6 for evacuation
[2025-01-07T19:03:10.807+0000][81461.173s][info][gc,phases   ] GC(2636)   Pre Evacuate Collection Set: 0.2ms
[2025-01-07T19:03:10.807+0000][81461.173s][info][gc,phases   ] GC(2636)   Merge Heap Roots: 0.4ms
[2025-01-07T19:03:10.807+0000][81461.173s][info][gc,phases   ] GC(2636)   Evacuate Collection Set: 19.4ms
[2025-01-07T19:03:10.807+0000][81461.173s][info][gc,phases   ] GC(2636)   Post Evacuate Collection Set: 2.4ms
[2025-01-07T19:03:10.807+0000][81461.173s][info][gc,phases   ] GC(2636)   Other: 0.2ms
[2025-01-07T19:03:10.807+0000][81461.173s][info][gc,heap     ] GC(2636) Eden regions: 911->0(911)
[2025-01-07T19:03:10.807+0000][81461.173s][info][gc,heap     ] GC(2636) Survivor regions: 5->6(115)
[2025-01-07T19:03:10.807+0000][81461.173s][info][gc,heap     ] GC(2636) Old regions: 245->245
[2025-01-07T19:03:10.807+0000][81461.173s][info][gc,heap     ] GC(2636) Archive regions: 2->2
[2025-01-07T19:03:10.807+0000][81461.173s][info][gc,heap     ] GC(2636) Humongous regions: 49->49
[2025-01-07T19:03:10.807+0000][81461.173s][info][gc,metaspace] GC(2636) Metaspace: 498220K(506368K)->498220K(506368K) NonClass: 437680K(441856K)->437680K(441856K) Class: 60539K(64512K)->60539K(64512K)
[2025-01-07T19:03:10.807+0000][81461.173s][info][gc          ] GC(2636) Pause Young (Normal) (G1 Evacuation Pause) 9683M->2402M(12288M) 22.699ms
[2025-01-07T19:03:10.807+0000][81461.173s][info][gc,cpu      ] GC(2636) User=0.13s Sys=0.01s Real=0.02s
[2025-01-07T19:03:22.831+0000][81473.197s][info][gc,start    ] GC(2637) Pause Young (Concurrent Start) (G1 Evacuation Pause)
[2025-01-07T19:03:22.831+0000][81473.197s][info][gc,task     ] GC(2637) Using 6 workers of 6 for evacuation
[2025-01-07T19:03:22.863+0000][81473.229s][info][gc,phases   ] GC(2637)   Pre Evacuate Collection Set: 0.9ms
[2025-01-07T19:03:22.863+0000][81473.229s][info][gc,phases   ] GC(2637)   Merge Heap Roots: 0.4ms
[2025-01-07T19:03:22.863+0000][81473.229s][info][gc,phases   ] GC(2637)   Evacuate Collection Set: 27.1ms
[2025-01-07T19:03:22.863+0000][81473.229s][info][gc,phases   ] GC(2637)   Post Evacuate Collection Set: 2.8ms
[2025-01-07T19:03:22.863+0000][81473.229s][info][gc,phases   ] GC(2637)   Other: 0.3ms
[2025-01-07T19:03:22.863+0000][81473.229s][info][gc,heap     ] GC(2637) Eden regions: 911->0(908)
[2025-01-07T19:03:22.863+0000][81473.229s][info][gc,heap     ] GC(2637) Survivor regions: 6->8(115)
[2025-01-07T19:03:22.863+0000][81473.229s][info][gc,heap     ] GC(2637) Old regions: 245->245
[2025-01-07T19:03:22.863+0000][81473.229s][info][gc,heap     ] GC(2637) Archive regions: 2->2
[2025-01-07T19:03:22.863+0000][81473.229s][info][gc,heap     ] GC(2637) Humongous regions: 49->49
[2025-01-07T19:03:22.863+0000][81473.229s][info][gc,metaspace] GC(2637) Metaspace: 498221K(506368K)->498221K(506368K) NonClass: 437682K(441856K)->437682K(441856K) Class: 60539K(64512K)->60539K(64512K)
[2025-01-07T19:03:22.863+0000][81473.229s][info][gc          ] GC(2637) Pause Young (Concurrent Start) (G1 Evacuation Pause) 9690M->2419M(12288M) 31.623ms
[2025-01-07T19:03:22.863+0000][81473.229s][info][gc,cpu      ] GC(2637) User=0.18s Sys=0.00s Real=0.03s
[2025-01-07T19:03:22.863+0000][81473.229s][info][gc          ] GC(2638) Concurrent Mark Cycle
[2025-01-07T19:03:22.863+0000][81473.229s][info][gc,marking  ] GC(2638) Concurrent Clear Claimed Marks
[2025-01-07T19:03:22.864+0000][81473.230s][info][gc,marking  ] GC(2638) Concurrent Clear Claimed Marks 0.805ms
[2025-01-07T19:03:22.864+0000][81473.230s][info][gc,marking  ] GC(2638) Concurrent Scan Root Regions
[2025-01-07T19:03:22.882+0000][81473.248s][info][gc,marking  ] GC(2638) Concurrent Scan Root Regions 18.109ms
[2025-01-07T19:03:22.882+0000][81473.248s][info][gc,marking  ] GC(2638) Concurrent Mark
[2025-01-07T19:03:22.882+0000][81473.248s][info][gc,marking  ] GC(2638) Concurrent Mark From Roots
[2025-01-07T19:03:22.882+0000][81473.248s][info][gc,task     ] GC(2638) Using 2 workers of 2 for marking
[2025-01-07T19:03:23.660+0000][81474.026s][info][gc,marking  ] GC(2638) Concurrent Mark From Roots 778.245ms
[2025-01-07T19:03:23.660+0000][81474.026s][info][gc,marking  ] GC(2638) Concurrent Preclean
[2025-01-07T19:03:23.663+0000][81474.029s][info][gc,marking  ] GC(2638) Concurrent Preclean 2.594ms
[2025-01-07T19:03:23.663+0000][81474.029s][info][gc,start    ] GC(2638) Pause Remark
[2025-01-07T19:03:23.689+0000][81474.055s][info][gc          ] GC(2638) Pause Remark 3087M->3087M(12288M) 25.900ms
[2025-01-07T19:03:23.689+0000][81474.055s][info][gc,cpu      ] GC(2638) User=0.15s Sys=0.00s Real=0.02s
[2025-01-07T19:03:23.690+0000][81474.056s][info][gc,marking  ] GC(2638) Concurrent Mark 807.843ms
[2025-01-07T19:03:23.690+0000][81474.056s][info][gc,marking  ] GC(2638) Concurrent Rebuild Remembered Sets
[2025-01-07T19:03:24.241+0000][81474.607s][info][gc,marking  ] GC(2638) Concurrent Rebuild Remembered Sets 550.892ms
[2025-01-07T19:03:24.241+0000][81474.607s][info][gc,start    ] GC(2638) Pause Cleanup
[2025-01-07T19:03:24.241+0000][81474.607s][info][gc          ] GC(2638) Pause Cleanup 3707M->3707M(12288M) 0.478ms
[2025-01-07T19:03:24.241+0000][81474.607s][info][gc,cpu      ] GC(2638) User=0.00s Sys=0.00s Real=0.00s
[2025-01-07T19:03:24.241+0000][81474.607s][info][gc,marking  ] GC(2638) Concurrent Cleanup for Next Mark
[2025-01-07T19:03:24.257+0000][81474.623s][info][gc,marking  ] GC(2638) Concurrent Cleanup for Next Mark 15.361ms
[2025-01-07T19:03:24.257+0000][81474.623s][info][gc          ] GC(2638) Concurrent Mark Cycle 1393.906ms
[2025-01-07T19:03:31.422+0000][81481.788s][info][gc,start    ] GC(2639) Pause Young (Prepare Mixed) (G1 Evacuation Pause)
[2025-01-07T19:03:31.422+0000][81481.788s][info][gc,task     ] GC(2639) Using 6 workers of 6 for evacuation
[2025-01-07T19:03:31.455+0000][81481.821s][info][gc,phases   ] GC(2639)   Pre Evacuate Collection Set: 0.2ms
[2025-01-07T19:03:31.455+0000][81481.821s][info][gc,phases   ] GC(2639)   Merge Heap Roots: 0.6ms
[2025-01-07T19:03:31.455+0000][81481.821s][info][gc,phases   ] GC(2639)   Evacuate Collection Set: 29.0ms
[2025-01-07T19:03:31.455+0000][81481.821s][info][gc,phases   ] GC(2639)   Post Evacuate Collection Set: 2.6ms
[2025-01-07T19:03:31.455+0000][81481.821s][info][gc,phases   ] GC(2639)   Other: 0.2ms
[2025-01-07T19:03:31.455+0000][81481.821s][info][gc,heap     ] GC(2639) Eden regions: 908->0(66)
[2025-01-07T19:03:31.455+0000][81481.821s][info][gc,heap     ] GC(2639) Survivor regions: 8->10(115)
[2025-01-07T19:03:31.455+0000][81481.821s][info][gc,heap     ] GC(2639) Old regions: 245->245
[2025-01-07T19:03:31.455+0000][81481.821s][info][gc,heap     ] GC(2639) Archive regions: 2->2
[2025-01-07T19:03:31.455+0000][81481.821s][info][gc,heap     ] GC(2639) Humongous regions: 49->49
[2025-01-07T19:03:31.455+0000][81481.821s][info][gc,metaspace] GC(2639) Metaspace: 498221K(506368K)->498221K(506368K) NonClass: 437682K(441856K)->437682K(441856K) Class: 60539K(64512K)->60539K(64512K)
[2025-01-07T19:03:31.455+0000][81481.821s][info][gc          ] GC(2639) Pause Young (Prepare Mixed) (G1 Evacuation Pause) 9683M->2430M(12288M) 32.714ms
[2025-01-07T19:03:31.455+0000][81481.821s][info][gc,cpu      ] GC(2639) User=0.18s Sys=0.00s Real=0.03s
[2025-01-07T19:03:31.824+0000][81482.190s][info][gc,start    ] GC(2640) Pause Young (Mixed) (G1 Evacuation Pause)
[2025-01-07T19:03:31.824+0000][81482.190s][info][gc,task     ] GC(2640) Using 6 workers of 6 for evacuation
[2025-01-07T19:03:31.876+0000][81482.242s][info][gc,phases   ] GC(2640)   Pre Evacuate Collection Set: 0.2ms
[2025-01-07T19:03:31.876+0000][81482.242s][info][gc,phases   ] GC(2640)   Merge Heap Roots: 0.5ms
[2025-01-07T19:03:31.876+0000][81482.242s][info][gc,phases   ] GC(2640)   Evacuate Collection Set: 49.4ms
[2025-01-07T19:03:31.876+0000][81482.242s][info][gc,phases   ] GC(2640)   Post Evacuate Collection Set: 1.8ms
[2025-01-07T19:03:31.876+0000][81482.242s][info][gc,phases   ] GC(2640)   Other: 0.2ms
[2025-01-07T19:03:31.876+0000][81482.242s][info][gc,heap     ] GC(2640) Eden regions: 66->0(913)
[2025-01-07T19:03:31.876+0000][81482.242s][info][gc,heap     ] GC(2640) Survivor regions: 10->4(10)
[2025-01-07T19:03:31.876+0000][81482.242s][info][gc,heap     ] GC(2640) Old regions: 245->245
[2025-01-07T19:03:31.876+0000][81482.242s][info][gc,heap     ] GC(2640) Archive regions: 2->2
[2025-01-07T19:03:31.876+0000][81482.242s][info][gc,heap     ] GC(2640) Humongous regions: 49->49
[2025-01-07T19:03:31.876+0000][81482.242s][info][gc,metaspace] GC(2640) Metaspace: 498221K(506368K)->498221K(506368K) NonClass: 437682K(441856K)->437682K(441856K) Class: 60539K(64512K)->60539K(64512K)
[2025-01-07T19:03:31.876+0000][81482.242s][info][gc          ] GC(2640) Pause Young (Mixed) (G1 Evacuation Pause) 2958M->2389M(12288M) 52.101ms
[2025-01-07T19:03:31.876+0000][81482.242s][info][gc,cpu      ] GC(2640) User=0.30s Sys=0.00s Real=0.05s
[2025-01-07T19:03:38.631+0000][81488.997s][info][gc,start    ] GC(2641) Pause Young (Normal) (G1 Evacuation Pause)
[2025-01-07T19:03:38.631+0000][81488.997s][info][gc,task     ] GC(2641) Using 6 workers of 6 for evacuation
[2025-01-07T19:03:38.652+0000][81489.018s][info][gc,phases   ] GC(2641)   Pre Evacuate Collection Set: 0.2ms
[2025-01-07T19:03:38.652+0000][81489.018s][info][gc,phases   ] GC(2641)   Merge Heap Roots: 0.3ms
[2025-01-07T19:03:38.652+0000][81489.018s][info][gc,phases   ] GC(2641)   Evacuate Collection Set: 15.5ms
[2025-01-07T19:03:38.652+0000][81489.018s][info][gc,phases   ] GC(2641)   Post Evacuate Collection Set: 5.0ms
[2025-01-07T19:03:38.652+0000][81489.018s][info][gc,phases   ] GC(2641)   Other: 0.2ms
[2025-01-07T19:03:38.652+0000][81489.018s][info][gc,heap     ] GC(2641) Eden regions: 913->0(911)
[2025-01-07T19:03:38.652+0000][81489.018s][info][gc,heap     ] GC(2641) Survivor regions: 4->6(115)
[2025-01-07T19:03:38.652+0000][81489.018s][info][gc,heap     ] GC(2641) Old regions: 245->245
[2025-01-07T19:03:38.652+0000][81489.018s][info][gc,heap     ] GC(2641) Archive regions: 2->2
[2025-01-07T19:03:38.652+0000][81489.018s][info][gc,heap     ] GC(2641) Humongous regions: 49->49
[2025-01-07T19:03:38.652+0000][81489.018s][info][gc,metaspace] GC(2641) Metaspace: 498221K(506368K)->498221K(506368K) NonClass: 437682K(441856K)->437682K(441856K) Class: 60539K(64512K)->60539K(64512K)
[2025-01-07T19:03:38.652+0000][81489.019s][info][gc          ] GC(2641) Pause Young (Normal) (G1 Evacuation Pause) 9693M->2404M(12288M) 21.308ms
[2025-01-07T19:03:38.652+0000][81489.019s][info][gc,cpu      ] GC(2641) User=0.13s Sys=0.00s Real=0.02s
[2025-01-07T19:03:43.996+0000][81494.362s][info][gc,start    ] GC(2642) Pause Young (Normal) (G1 Evacuation Pause)
[2025-01-07T19:03:43.996+0000][81494.362s][info][gc,task     ] GC(2642) Using 6 workers of 6 for evacuation
[2025-01-07T19:03:44.019+0000][81494.385s][info][gc,phases   ] GC(2642)   Pre Evacuate Collection Set: 0.2ms
[2025-01-07T19:03:44.019+0000][81494.385s][info][gc,phases   ] GC(2642)   Merge Heap Roots: 0.4ms
[2025-01-07T19:03:44.019+0000][81494.385s][info][gc,phases   ] GC(2642)   Evacuate Collection Set: 19.8ms
[2025-01-07T19:03:44.019+0000][81494.385s][info][gc,phases   ] GC(2642)   Post Evacuate Collection Set: 2.4ms
[2025-01-07T19:03:44.019+0000][81494.385s][info][gc,phases   ] GC(2642)   Other: 0.2ms
[2025-01-07T19:03:44.019+0000][81494.385s][info][gc,heap     ] GC(2642) Eden regions: 911->0(910)
[2025-01-07T19:03:44.019+0000][81494.385s][info][gc,heap     ] GC(2642) Survivor regions: 6->7(115)
[2025-01-07T19:03:44.019+0000][81494.385s][info][gc,heap     ] GC(2642) Old regions: 245->245
[2025-01-07T19:03:44.019+0000][81494.385s][info][gc,heap     ] GC(2642) Archive regions: 2->2
[2025-01-07T19:03:44.019+0000][81494.385s][info][gc,heap     ] GC(2642) Humongous regions: 49->49
[2025-01-07T19:03:44.019+0000][81494.385s][info][gc,metaspace] GC(2642) Metaspace: 498221K(506368K)->498221K(506368K) NonClass: 437682K(441856K)->437682K(441856K) Class: 60539K(64512K)->60539K(64512K)
[2025-01-07T19:03:44.019+0000][81494.385s][info][gc          ] GC(2642) Pause Young (Normal) (G1 Evacuation Pause) 9692M->2409M(12288M) 23.044ms
[2025-01-07T19:03:44.019+0000][81494.385s][info][gc,cpu      ] GC(2642) User=0.14s Sys=0.00s Real=0.02s
[2025-01-07T19:03:56.893+0000][81507.259s][info][gc,start    ] GC(2643) Pause Young (Concurrent Start) (G1 Evacuation Pause)
[2025-01-07T19:03:56.893+0000][81507.259s][info][gc,task     ] GC(2643) Using 6 workers of 6 for evacuation
[2025-01-07T19:03:56.927+0000][81507.293s][info][gc,phases   ] GC(2643)   Pre Evacuate Collection Set: 1.0ms
[2025-01-07T19:03:56.927+0000][81507.293s][info][gc,phases   ] GC(2643)   Merge Heap Roots: 0.4ms
[2025-01-07T19:03:56.927+0000][81507.293s][info][gc,phases   ] GC(2643)   Evacuate Collection Set: 27.7ms
[2025-01-07T19:03:56.927+0000][81507.293s][info][gc,phases   ] GC(2643)   Post Evacuate Collection Set: 4.0ms
[2025-01-07T19:03:56.927+0000][81507.293s][info][gc,phases   ] GC(2643)   Other: 0.4ms
[2025-01-07T19:03:56.927+0000][81507.293s][info][gc,heap     ] GC(2643) Eden regions: 910->0(907)
[2025-01-07T19:03:56.927+0000][81507.293s][info][gc,heap     ] GC(2643) Survivor regions: 7->9(115)
[2025-01-07T19:03:56.927+0000][81507.293s][info][gc,heap     ] GC(2643) Old regions: 245->245
[2025-01-07T19:03:56.927+0000][81507.293s][info][gc,heap     ] GC(2643) Archive regions: 2->2
[2025-01-07T19:03:56.927+0000][81507.293s][info][gc,heap     ] GC(2643) Humongous regions: 49->49
[2025-01-07T19:03:56.927+0000][81507.293s][info][gc,metaspace] GC(2643) Metaspace: 498221K(506368K)->498221K(506368K) NonClass: 437682K(441856K)->437682K(441856K) Class: 60539K(64512K)->60539K(64512K)
[2025-01-07T19:03:56.927+0000][81507.293s][info][gc          ] GC(2643) Pause Young (Concurrent Start) (G1 Evacuation Pause) 9689M->2428M(12288M) 33.467ms
[2025-01-07T19:03:56.927+0000][81507.293s][info][gc,cpu      ] GC(2643) User=0.19s Sys=0.00s Real=0.03s
[2025-01-07T19:03:56.927+0000][81507.293s][info][gc          ] GC(2644) Concurrent Mark Cycle
[2025-01-07T19:03:56.927+0000][81507.293s][info][gc,marking  ] GC(2644) Concurrent Clear Claimed Marks
[2025-01-07T19:03:56.928+0000][81507.294s][info][gc,marking  ] GC(2644) Concurrent Clear Claimed Marks 0.754ms
[2025-01-07T19:03:56.928+0000][81507.294s][info][gc,marking  ] GC(2644) Concurrent Scan Root Regions
[2025-01-07T19:03:56.951+0000][81507.317s][info][gc,marking  ] GC(2644) Concurrent Scan Root Regions 23.631ms
[2025-01-07T19:03:56.951+0000][81507.317s][info][gc,marking  ] GC(2644) Concurrent Mark
[2025-01-07T19:03:56.951+0000][81507.317s][info][gc,marking  ] GC(2644) Concurrent Mark From Roots
[2025-01-07T19:03:56.951+0000][81507.317s][info][gc,task     ] GC(2644) Using 2 workers of 2 for marking
[2025-01-07T19:03:57.727+0000][81508.093s][info][gc,marking  ] GC(2644) Concurrent Mark From Roots 775.868ms
[2025-01-07T19:03:57.727+0000][81508.093s][info][gc,marking  ] GC(2644) Concurrent Preclean
[2025-01-07T19:03:57.729+0000][81508.095s][info][gc,marking  ] GC(2644) Concurrent Preclean 1.724ms
[2025-01-07T19:03:57.729+0000][81508.095s][info][gc,start    ] GC(2644) Pause Remark
[2025-01-07T19:03:57.754+0000][81508.120s][info][gc          ] GC(2644) Pause Remark 2637M->2637M(12288M) 25.091ms
[2025-01-07T19:03:57.754+0000][81508.120s][info][gc,cpu      ] GC(2644) User=0.14s Sys=0.00s Real=0.03s
[2025-01-07T19:03:57.754+0000][81508.120s][info][gc,marking  ] GC(2644) Concurrent Mark 803.019ms
[2025-01-07T19:03:57.754+0000][81508.120s][info][gc,marking  ] GC(2644) Concurrent Rebuild Remembered Sets
[2025-01-07T19:03:58.224+0000][81508.590s][info][gc,marking  ] GC(2644) Concurrent Rebuild Remembered Sets 469.306ms
[2025-01-07T19:03:58.224+0000][81508.590s][info][gc,start    ] GC(2644) Pause Cleanup
[2025-01-07T19:03:58.224+0000][81508.590s][info][gc          ] GC(2644) Pause Cleanup 2741M->2741M(12288M) 0.443ms
[2025-01-07T19:03:58.224+0000][81508.590s][info][gc,cpu      ] GC(2644) User=0.00s Sys=0.00s Real=0.00s
[2025-01-07T19:03:58.224+0000][81508.590s][info][gc,marking  ] GC(2644) Concurrent Cleanup for Next Mark
[2025-01-07T19:03:58.240+0000][81508.606s][info][gc,marking  ] GC(2644) Concurrent Cleanup for Next Mark 15.407ms
[2025-01-07T19:03:58.240+0000][81508.606s][info][gc          ] GC(2644) Concurrent Mark Cycle 1312.955ms
[2025-01-07T19:04:08.087+0000][81518.453s][info][gc,start    ] GC(2645) Pause Young (Prepare Mixed) (G1 Evacuation Pause)
[2025-01-07T19:04:08.087+0000][81518.453s][info][gc,task     ] GC(2645) Using 6 workers of 6 for evacuation
[2025-01-07T19:04:08.122+0000][81518.488s][info][gc,phases   ] GC(2645)   Pre Evacuate Collection Set: 0.2ms
[2025-01-07T19:04:08.122+0000][81518.488s][info][gc,phases   ] GC(2645)   Merge Heap Roots: 0.6ms
[2025-01-07T19:04:08.122+0000][81518.488s][info][gc,phases   ] GC(2645)   Evacuate Collection Set: 31.3ms
[2025-01-07T19:04:08.122+0000][81518.488s][info][gc,phases   ] GC(2645)   Post Evacuate Collection Set: 2.7ms
[2025-01-07T19:04:08.122+0000][81518.488s][info][gc,phases   ] GC(2645)   Other: 0.2ms
[2025-01-07T19:04:08.122+0000][81518.488s][info][gc,heap     ] GC(2645) Eden regions: 907->0(66)
[2025-01-07T19:04:08.122+0000][81518.488s][info][gc,heap     ] GC(2645) Survivor regions: 9->10(115)
[2025-01-07T19:04:08.122+0000][81518.488s][info][gc,heap     ] GC(2645) Old regions: 245->245
[2025-01-07T19:04:08.122+0000][81518.488s][info][gc,heap     ] GC(2645) Archive regions: 2->2
[2025-01-07T19:04:08.122+0000][81518.488s][info][gc,heap     ] GC(2645) Humongous regions: 49->49
[2025-01-07T19:04:08.122+0000][81518.488s][info][gc,metaspace] GC(2645) Metaspace: 498221K(506368K)->498221K(506368K) NonClass: 437682K(441856K)->437682K(441856K) Class: 60539K(64512K)->60539K(64512K)
[2025-01-07T19:04:08.122+0000][81518.488s][info][gc          ] GC(2645) Pause Young (Prepare Mixed) (G1 Evacuation Pause) 9684M->2434M(12288M) 35.231ms
[2025-01-07T19:04:08.122+0000][81518.488s][info][gc,cpu      ] GC(2645) User=0.21s Sys=0.00s Real=0.04s
[2025-01-07T19:04:08.682+0000][81519.048s][info][gc,start    ] GC(2646) Pause Young (Mixed) (G1 Evacuation Pause)
[2025-01-07T19:04:08.682+0000][81519.048s][info][gc,task     ] GC(2646) Using 6 workers of 6 for evacuation
[2025-01-07T19:04:08.746+0000][81519.112s][info][gc,phases   ] GC(2646)   Pre Evacuate Collection Set: 0.2ms
[2025-01-07T19:04:08.746+0000][81519.112s][info][gc,phases   ] GC(2646)   Merge Heap Roots: 0.7ms
[2025-01-07T19:04:08.746+0000][81519.112s][info][gc,phases   ] GC(2646)   Evacuate Collection Set: 61.2ms
[2025-01-07T19:04:08.746+0000][81519.112s][info][gc,phases   ] GC(2646)   Post Evacuate Collection Set: 2.0ms
[2025-01-07T19:04:08.746+0000][81519.112s][info][gc,phases   ] GC(2646)   Other: 0.2ms
[2025-01-07T19:04:08.746+0000][81519.112s][info][gc,heap     ] GC(2646) Eden regions: 66->0(910)
[2025-01-07T19:04:08.746+0000][81519.112s][info][gc,heap     ] GC(2646) Survivor regions: 10->5(10)
[2025-01-07T19:04:08.746+0000][81519.112s][info][gc,heap     ] GC(2646) Old regions: 245->246
[2025-01-07T19:04:08.746+0000][81519.112s][info][gc,heap     ] GC(2646) Archive regions: 2->2
[2025-01-07T19:04:08.746+0000][81519.112s][info][gc,heap     ] GC(2646) Humongous regions: 49->49
[2025-01-07T19:04:08.746+0000][81519.112s][info][gc,metaspace] GC(2646) Metaspace: 498221K(506368K)->498221K(506368K) NonClass: 437682K(441856K)->437682K(441856K) Class: 60539K(64512K)->60539K(64512K)
[2025-01-07T19:04:08.746+0000][81519.112s][info][gc          ] GC(2646) Pause Young (Mixed) (G1 Evacuation Pause) 2962M->2395M(12288M) 64.367ms
[2025-01-07T19:04:08.746+0000][81519.112s][info][gc,cpu      ] GC(2646) User=0.38s Sys=0.01s Real=0.06s
[2025-01-07T19:04:18.027+0000][81528.393s][info][gc,start    ] GC(2647) Pause Young (Normal) (G1 Evacuation Pause)
[2025-01-07T19:04:18.027+0000][81528.393s][info][gc,task     ] GC(2647) Using 6 workers of 6 for evacuation
[2025-01-07T19:04:18.052+0000][81528.418s][info][gc,phases   ] GC(2647)   Pre Evacuate Collection Set: 0.2ms
[2025-01-07T19:04:18.052+0000][81528.418s][info][gc,phases   ] GC(2647)   Merge Heap Roots: 0.4ms
[2025-01-07T19:04:18.052+0000][81528.418s][info][gc,phases   ] GC(2647)   Evacuate Collection Set: 21.4ms
[2025-01-07T19:04:18.052+0000][81528.418s][info][gc,phases   ] GC(2647)   Post Evacuate Collection Set: 2.6ms
[2025-01-07T19:04:18.052+0000][81528.418s][info][gc,phases   ] GC(2647)   Other: 0.2ms
[2025-01-07T19:04:18.052+0000][81528.418s][info][gc,heap     ] GC(2647) Eden regions: 910->0(909)
[2025-01-07T19:04:18.052+0000][81528.418s][info][gc,heap     ] GC(2647) Survivor regions: 5->6(115)
[2025-01-07T19:04:18.052+0000][81528.418s][info][gc,heap     ] GC(2647) Old regions: 246->246
[2025-01-07T19:04:18.052+0000][81528.418s][info][gc,heap     ] GC(2647) Archive regions: 2->2
[2025-01-07T19:04:18.052+0000][81528.418s][info][gc,heap     ] GC(2647) Humongous regions: 49->49
[2025-01-07T19:04:18.052+0000][81528.418s][info][gc,metaspace] GC(2647) Metaspace: 498225K(506368K)->498225K(506368K) NonClass: 437685K(441856K)->437685K(441856K) Class: 60539K(64512K)->60539K(64512K)
[2025-01-07T19:04:18.052+0000][81528.418s][info][gc          ] GC(2647) Pause Young (Normal) (G1 Evacuation Pause) 9675M->2404M(12288M) 24.894ms
[2025-01-07T19:04:18.052+0000][81528.418s][info][gc,cpu      ] GC(2647) User=0.14s Sys=0.00s Real=0.03s
[2025-01-07T19:04:26.764+0000][81537.130s][info][gc,start    ] GC(2648) Pause Young (Normal) (G1 Evacuation Pause)
[2025-01-07T19:04:26.764+0000][81537.130s][info][gc,task     ] GC(2648) Using 6 workers of 6 for evacuation
[2025-01-07T19:04:26.790+0000][81537.156s][info][gc,phases   ] GC(2648)   Pre Evacuate Collection Set: 0.2ms
[2025-01-07T19:04:26.790+0000][81537.156s][info][gc,phases   ] GC(2648)   Merge Heap Roots: 0.4ms
[2025-01-07T19:04:26.790+0000][81537.156s][info][gc,phases   ] GC(2648)   Evacuate Collection Set: 23.1ms
[2025-01-07T19:04:26.790+0000][81537.156s][info][gc,phases   ] GC(2648)   Post Evacuate Collection Set: 2.5ms
[2025-01-07T19:04:26.790+0000][81537.156s][info][gc,phases   ] GC(2648)   Other: 0.2ms
[2025-01-07T19:04:26.790+0000][81537.156s][info][gc,heap     ] GC(2648) Eden regions: 909->0(909)
[2025-01-07T19:04:26.790+0000][81537.156s][info][gc,heap     ] GC(2648) Survivor regions: 6->7(115)
[2025-01-07T19:04:26.790+0000][81537.156s][info][gc,heap     ] GC(2648) Old regions: 246->246
[2025-01-07T19:04:26.790+0000][81537.156s][info][gc,heap     ] GC(2648) Archive regions: 2->2
[2025-01-07T19:04:26.790+0000][81537.156s][info][gc,heap     ] GC(2648) Humongous regions: 49->49
[2025-01-07T19:04:26.790+0000][81537.156s][info][gc,metaspace] GC(2648) Metaspace: 498225K(506368K)->498225K(506368K) NonClass: 437685K(441856K)->437685K(441856K) Class: 60539K(64512K)->60539K(64512K)
[2025-01-07T19:04:26.790+0000][81537.156s][info][gc          ] GC(2648) Pause Young (Normal) (G1 Evacuation Pause) 9676M->2414M(12288M) 26.474ms
[2025-01-07T19:04:26.790+0000][81537.156s][info][gc,cpu      ] GC(2648) User=0.15s Sys=0.00s Real=0.03s
[2025-01-07T19:04:34.368+0000][81544.735s][info][gc,start    ] GC(2649) Pause Young (Concurrent Start) (G1 Evacuation Pause)
[2025-01-07T19:04:34.368+0000][81544.735s][info][gc,task     ] GC(2649) Using 6 workers of 6 for evacuation
[2025-01-07T19:04:34.400+0000][81544.767s][info][gc,phases   ] GC(2649)   Pre Evacuate Collection Set: 1.0ms
[2025-01-07T19:04:34.400+0000][81544.767s][info][gc,phases   ] GC(2649)   Merge Heap Roots: 0.4ms
[2025-01-07T19:04:34.400+0000][81544.767s][info][gc,phases   ] GC(2649)   Evacuate Collection Set: 25.2ms
[2025-01-07T19:04:34.400+0000][81544.767s][info][gc,phases   ] GC(2649)   Post Evacuate Collection Set: 5.1ms
[2025-01-07T19:04:34.400+0000][81544.767s][info][gc,phases   ] GC(2649)   Other: 0.3ms
[2025-01-07T19:04:34.401+0000][81544.767s][info][gc,heap     ] GC(2649) Eden regions: 909->0(907)
[2025-01-07T19:04:34.401+0000][81544.767s][info][gc,heap     ] GC(2649) Survivor regions: 7->9(115)
[2025-01-07T19:04:34.401+0000][81544.767s][info][gc,heap     ] GC(2649) Old regions: 246->246
[2025-01-07T19:04:34.401+0000][81544.767s][info][gc,heap     ] GC(2649) Archive regions: 2->2
[2025-01-07T19:04:34.401+0000][81544.767s][info][gc,heap     ] GC(2649) Humongous regions: 49->49
[2025-01-07T19:04:34.401+0000][81544.767s][info][gc,metaspace] GC(2649) Metaspace: 498225K(506368K)->498225K(506368K) NonClass: 437685K(441856K)->437685K(441856K) Class: 60539K(64512K)->60539K(64512K)
[2025-01-07T19:04:34.401+0000][81544.767s][info][gc          ] GC(2649) Pause Young (Concurrent Start) (G1 Evacuation Pause) 9686M->2430M(12288M) 32.104ms
[2025-01-07T19:04:34.401+0000][81544.767s][info][gc,cpu      ] GC(2649) User=0.19s Sys=0.00s Real=0.03s
[2025-01-07T19:04:34.401+0000][81544.767s][info][gc          ] GC(2650) Concurrent Mark Cycle
[2025-01-07T19:04:34.401+0000][81544.767s][info][gc,marking  ] GC(2650) Concurrent Clear Claimed Marks
[2025-01-07T19:04:34.401+0000][81544.768s][info][gc,marking  ] GC(2650) Concurrent Clear Claimed Marks 0.788ms
[2025-01-07T19:04:34.401+0000][81544.768s][info][gc,marking  ] GC(2650) Concurrent Scan Root Regions
[2025-01-07T19:04:34.422+0000][81544.788s][info][gc,marking  ] GC(2650) Concurrent Scan Root Regions 20.489ms
[2025-01-07T19:04:34.422+0000][81544.788s][info][gc,marking  ] GC(2650) Concurrent Mark
[2025-01-07T19:04:34.422+0000][81544.788s][info][gc,marking  ] GC(2650) Concurrent Mark From Roots
[2025-01-07T19:04:34.422+0000][81544.788s][info][gc,task     ] GC(2650) Using 2 workers of 2 for marking
[2025-01-07T19:04:35.203+0000][81545.569s][info][gc,marking  ] GC(2650) Concurrent Mark From Roots 780.981ms
[2025-01-07T19:04:35.203+0000][81545.569s][info][gc,marking  ] GC(2650) Concurrent Preclean
[2025-01-07T19:04:35.205+0000][81545.571s][info][gc,marking  ] GC(2650) Concurrent Preclean 1.752ms
[2025-01-07T19:04:35.205+0000][81545.571s][info][gc,start    ] GC(2650) Pause Remark
[2025-01-07T19:04:35.230+0000][81545.596s][info][gc          ] GC(2650) Pause Remark 3074M->3074M(12288M) 25.442ms
[2025-01-07T19:04:35.230+0000][81545.597s][info][gc,cpu      ] GC(2650) User=0.15s Sys=0.00s Real=0.03s
[2025-01-07T19:04:35.231+0000][81545.597s][info][gc,marking  ] GC(2650) Concurrent Mark 808.494ms
[2025-01-07T19:04:35.231+0000][81545.597s][info][gc,marking  ] GC(2650) Concurrent Rebuild Remembered Sets
[2025-01-07T19:04:35.716+0000][81546.082s][info][gc,marking  ] GC(2650) Concurrent Rebuild Remembered Sets 485.633ms
[2025-01-07T19:04:35.716+0000][81546.082s][info][gc,start    ] GC(2650) Pause Cleanup
[2025-01-07T19:04:35.717+0000][81546.083s][info][gc          ] GC(2650) Pause Cleanup 3210M->3210M(12288M) 0.429ms
[2025-01-07T19:04:35.717+0000][81546.083s][info][gc,cpu      ] GC(2650) User=0.00s Sys=0.00s Real=0.00s
[2025-01-07T19:04:35.717+0000][81546.083s][info][gc,marking  ] GC(2650) Concurrent Cleanup for Next Mark
[2025-01-07T19:04:35.733+0000][81546.099s][info][gc,marking  ] GC(2650) Concurrent Cleanup for Next Mark 15.704ms
[2025-01-07T19:04:35.733+0000][81546.099s][info][gc          ] GC(2650) Concurrent Mark Cycle 1331.942ms
[2025-01-07T19:04:42.641+0000][81553.007s][info][gc,start    ] GC(2651) Pause Young (Prepare Mixed) (G1 Evacuation Pause)
[2025-01-07T19:04:42.641+0000][81553.007s][info][gc,task     ] GC(2651) Using 6 workers of 6 for evacuation
[2025-01-07T19:04:42.673+0000][81553.039s][info][gc,phases   ] GC(2651)   Pre Evacuate Collection Set: 0.2ms
[2025-01-07T19:04:42.673+0000][81553.039s][info][gc,phases   ] GC(2651)   Merge Heap Roots: 0.6ms
[2025-01-07T19:04:42.673+0000][81553.039s][info][gc,phases   ] GC(2651)   Evacuate Collection Set: 27.9ms
[2025-01-07T19:04:42.673+0000][81553.039s][info][gc,phases   ] GC(2651)   Post Evacuate Collection Set: 2.7ms
[2025-01-07T19:04:42.673+0000][81553.039s][info][gc,phases   ] GC(2651)   Other: 0.2ms
[2025-01-07T19:04:42.673+0000][81553.039s][info][gc,heap     ] GC(2651) Eden regions: 907->0(67)
[2025-01-07T19:04:42.673+0000][81553.039s][info][gc,heap     ] GC(2651) Survivor regions: 9->9(115)
[2025-01-07T19:04:42.673+0000][81553.039s][info][gc,heap     ] GC(2651) Old regions: 246->246
[2025-01-07T19:04:42.673+0000][81553.039s][info][gc,heap     ] GC(2651) Archive regions: 2->2
[2025-01-07T19:04:42.673+0000][81553.039s][info][gc,heap     ] GC(2651) Humongous regions: 49->49
[2025-01-07T19:04:42.673+0000][81553.039s][info][gc,metaspace] GC(2651) Metaspace: 498225K(506368K)->498225K(506368K) NonClass: 437685K(441856K)->437685K(441856K) Class: 60539K(64512K)->60539K(64512K)
[2025-01-07T19:04:42.673+0000][81553.039s][info][gc          ] GC(2651) Pause Young (Prepare Mixed) (G1 Evacuation Pause) 9686M->2430M(12288M) 31.744ms
[2025-01-07T19:04:42.673+0000][81553.039s][info][gc,cpu      ] GC(2651) User=0.18s Sys=0.00s Real=0.04s
[2025-01-07T19:04:43.202+0000][81553.568s][info][gc,start    ] GC(2652) Pause Young (Mixed) (G1 Evacuation Pause)
[2025-01-07T19:04:43.202+0000][81553.568s][info][gc,task     ] GC(2652) Using 6 workers of 6 for evacuation
[2025-01-07T19:04:43.254+0000][81553.620s][info][gc,phases   ] GC(2652)   Pre Evacuate Collection Set: 0.2ms
[2025-01-07T19:04:43.254+0000][81553.620s][info][gc,phases   ] GC(2652)   Merge Heap Roots: 0.6ms
[2025-01-07T19:04:43.254+0000][81553.620s][info][gc,phases   ] GC(2652)   Evacuate Collection Set: 49.7ms
[2025-01-07T19:04:43.254+0000][81553.620s][info][gc,phases   ] GC(2652)   Post Evacuate Collection Set: 1.6ms
[2025-01-07T19:04:43.254+0000][81553.620s][info][gc,phases   ] GC(2652)   Other: 0.2ms
[2025-01-07T19:04:43.254+0000][81553.620s][info][gc,heap     ] GC(2652) Eden regions: 67->0(911)
[2025-01-07T19:04:43.254+0000][81553.620s][info][gc,heap     ] GC(2652) Survivor regions: 9->6(10)
[2025-01-07T19:04:43.254+0000][81553.620s][info][gc,heap     ] GC(2652) Old regions: 246->245
[2025-01-07T19:04:43.254+0000][81553.620s][info][gc,heap     ] GC(2652) Archive regions: 2->2
[2025-01-07T19:04:43.254+0000][81553.620s][info][gc,heap     ] GC(2652) Humongous regions: 49->49
[2025-01-07T19:04:43.254+0000][81553.620s][info][gc,metaspace] GC(2652) Metaspace: 498225K(506368K)->498225K(506368K) NonClass: 437685K(441856K)->437685K(441856K) Class: 60539K(64512K)->60539K(64512K)
[2025-01-07T19:04:43.254+0000][81553.620s][info][gc          ] GC(2652) Pause Young (Mixed) (G1 Evacuation Pause) 2966M->2396M(12288M) 52.312ms
[2025-01-07T19:04:43.254+0000][81553.620s][info][gc,cpu      ] GC(2652) User=0.31s Sys=0.00s Real=0.05s
[2025-01-07T19:04:51.649+0000][81562.015s][info][gc,start    ] GC(2653) Pause Young (Normal) (G1 Evacuation Pause)
[2025-01-07T19:04:51.649+0000][81562.015s][info][gc,task     ] GC(2653) Using 6 workers of 6 for evacuation
[2025-01-07T19:04:51.677+0000][81562.043s][info][gc,phases   ] GC(2653)   Pre Evacuate Collection Set: 0.2ms
[2025-01-07T19:04:51.677+0000][81562.043s][info][gc,phases   ] GC(2653)   Merge Heap Roots: 0.5ms
[2025-01-07T19:04:51.677+0000][81562.043s][info][gc,phases   ] GC(2653)   Evacuate Collection Set: 23.3ms
[2025-01-07T19:04:51.677+0000][81562.043s][info][gc,phases   ] GC(2653)   Post Evacuate Collection Set: 3.9ms
[2025-01-07T19:04:51.677+0000][81562.043s][info][gc,phases   ] GC(2653)   Other: 0.2ms
[2025-01-07T19:04:51.677+0000][81562.043s][info][gc,heap     ] GC(2653) Eden regions: 911->0(909)
[2025-01-07T19:04:51.677+0000][81562.043s][info][gc,heap     ] GC(2653) Survivor regions: 6->8(115)
[2025-01-07T19:04:51.677+0000][81562.043s][info][gc,heap     ] GC(2653) Old regions: 245->245
[2025-01-07T19:04:51.677+0000][81562.043s][info][gc,heap     ] GC(2653) Archive regions: 2->2
[2025-01-07T19:04:51.677+0000][81562.043s][info][gc,heap     ] GC(2653) Humongous regions: 49->49
[2025-01-07T19:04:51.677+0000][81562.043s][info][gc,metaspace] GC(2653) Metaspace: 498225K(506368K)->498225K(506368K) NonClass: 437685K(441856K)->437685K(441856K) Class: 60539K(64512K)->60539K(64512K)
[2025-01-07T19:04:51.677+0000][81562.043s][info][gc          ] GC(2653) Pause Young (Normal) (G1 Evacuation Pause) 9684M->2411M(12288M) 28.202ms
[2025-01-07T19:04:51.677+0000][81562.043s][info][gc,cpu      ] GC(2653) User=0.16s Sys=0.01s Real=0.03s
[2025-01-07T19:05:01.974+0000][81572.340s][info][gc,start    ] GC(2654) Pause Young (Normal) (G1 Evacuation Pause)
[2025-01-07T19:05:01.974+0000][81572.340s][info][gc,task     ] GC(2654) Using 6 workers of 6 for evacuation
[2025-01-07T19:05:02.004+0000][81572.370s][info][gc,phases   ] GC(2654)   Pre Evacuate Collection Set: 0.2ms
[2025-01-07T19:05:02.004+0000][81572.370s][info][gc,phases   ] GC(2654)   Merge Heap Roots: 0.4ms
[2025-01-07T19:05:02.004+0000][81572.370s][info][gc,phases   ] GC(2654)   Evacuate Collection Set: 26.4ms
[2025-01-07T19:05:02.004+0000][81572.370s][info][gc,phases   ] GC(2654)   Post Evacuate Collection Set: 2.6ms
[2025-01-07T19:05:02.004+0000][81572.370s][info][gc,phases   ] GC(2654)   Other: 0.2ms
[2025-01-07T19:05:02.004+0000][81572.370s][info][gc,heap     ] GC(2654) Eden regions: 909->0(908)
[2025-01-07T19:05:02.004+0000][81572.370s][info][gc,heap     ] GC(2654) Survivor regions: 8->9(115)
[2025-01-07T19:05:02.004+0000][81572.370s][info][gc,heap     ] GC(2654) Old regions: 245->245
[2025-01-07T19:05:02.004+0000][81572.370s][info][gc,heap     ] GC(2654) Archive regions: 2->2
[2025-01-07T19:05:02.004+0000][81572.370s][info][gc,heap     ] GC(2654) Humongous regions: 49->49
[2025-01-07T19:05:02.004+0000][81572.370s][info][gc,metaspace] GC(2654) Metaspace: 498225K(506368K)->498225K(506368K) NonClass: 437685K(441856K)->437685K(441856K) Class: 60539K(64512K)->60539K(64512K)
[2025-01-07T19:05:02.004+0000][81572.370s][info][gc          ] GC(2654) Pause Young (Normal) (G1 Evacuation Pause) 9683M->2420M(12288M) 29.947ms
[2025-01-07T19:05:02.004+0000][81572.370s][info][gc,cpu      ] GC(2654) User=0.17s Sys=0.00s Real=0.03s
[2025-01-07T19:05:10.820+0000][81581.186s][info][gc,start    ] GC(2655) Pause Young (Concurrent Start) (G1 Evacuation Pause)
[2025-01-07T19:05:10.820+0000][81581.186s][info][gc,task     ] GC(2655) Using 6 workers of 6 for evacuation
[2025-01-07T19:05:10.855+0000][81581.221s][info][gc,phases   ] GC(2655)   Pre Evacuate Collection Set: 1.0ms
[2025-01-07T19:05:10.855+0000][81581.222s][info][gc,phases   ] GC(2655)   Merge Heap Roots: 0.4ms
[2025-01-07T19:05:10.855+0000][81581.222s][info][gc,phases   ] GC(2655)   Evacuate Collection Set: 30.6ms
[2025-01-07T19:05:10.855+0000][81581.222s][info][gc,phases   ] GC(2655)   Post Evacuate Collection Set: 2.7ms
[2025-01-07T19:05:10.855+0000][81581.222s][info][gc,phases   ] GC(2655)   Other: 0.3ms
[2025-01-07T19:05:10.855+0000][81581.222s][info][gc,heap     ] GC(2655) Eden regions: 908->0(907)
[2025-01-07T19:05:10.855+0000][81581.222s][info][gc,heap     ] GC(2655) Survivor regions: 9->10(115)
[2025-01-07T19:05:10.855+0000][81581.222s][info][gc,heap     ] GC(2655) Old regions: 245->245
[2025-01-07T19:05:10.855+0000][81581.222s][info][gc,heap     ] GC(2655) Archive regions: 2->2
[2025-01-07T19:05:10.855+0000][81581.222s][info][gc,heap     ] GC(2655) Humongous regions: 49->49
[2025-01-07T19:05:10.855+0000][81581.222s][info][gc,metaspace] GC(2655) Metaspace: 498225K(506368K)->498225K(506368K) NonClass: 437685K(441856K)->437685K(441856K) Class: 60539K(64512K)->60539K(64512K)
[2025-01-07T19:05:10.855+0000][81581.222s][info][gc          ] GC(2655) Pause Young (Concurrent Start) (G1 Evacuation Pause) 9684M->2432M(12288M) 35.139ms
[2025-01-07T19:05:10.856+0000][81581.222s][info][gc,cpu      ] GC(2655) User=0.20s Sys=0.00s Real=0.04s
[2025-01-07T19:05:10.856+0000][81581.222s][info][gc          ] GC(2656) Concurrent Mark Cycle
[2025-01-07T19:05:10.856+0000][81581.222s][info][gc,marking  ] GC(2656) Concurrent Clear Claimed Marks
[2025-01-07T19:05:10.856+0000][81581.223s][info][gc,marking  ] GC(2656) Concurrent Clear Claimed Marks 0.844ms
[2025-01-07T19:05:10.856+0000][81581.223s][info][gc,marking  ] GC(2656) Concurrent Scan Root Regions
[2025-01-07T19:05:10.885+0000][81581.251s][info][gc,marking  ] GC(2656) Concurrent Scan Root Regions 28.917ms
[2025-01-07T19:05:10.885+0000][81581.251s][info][gc,marking  ] GC(2656) Concurrent Mark
[2025-01-07T19:05:10.885+0000][81581.252s][info][gc,marking  ] GC(2656) Concurrent Mark From Roots
[2025-01-07T19:05:10.885+0000][81581.252s][info][gc,task     ] GC(2656) Using 2 workers of 2 for marking
[2025-01-07T19:05:11.722+0000][81582.088s][info][gc,marking  ] GC(2656) Concurrent Mark From Roots 836.636ms
[2025-01-07T19:05:11.722+0000][81582.088s][info][gc,marking  ] GC(2656) Concurrent Preclean
[2025-01-07T19:05:11.724+0000][81582.090s][info][gc,marking  ] GC(2656) Concurrent Preclean 1.800ms
[2025-01-07T19:05:11.724+0000][81582.090s][info][gc,start    ] GC(2656) Pause Remark
[2025-01-07T19:05:11.749+0000][81582.115s][info][gc          ] GC(2656) Pause Remark 3564M->3564M(12288M) 25.131ms
[2025-01-07T19:05:11.749+0000][81582.115s][info][gc,cpu      ] GC(2656) User=0.14s Sys=0.00s Real=0.02s
[2025-01-07T19:05:11.749+0000][81582.115s][info][gc,marking  ] GC(2656) Concurrent Mark 863.953ms
[2025-01-07T19:05:11.749+0000][81582.115s][info][gc,marking  ] GC(2656) Concurrent Rebuild Remembered Sets
[2025-01-07T19:05:12.291+0000][81582.658s][info][gc,marking  ] GC(2656) Concurrent Rebuild Remembered Sets 542.040ms
[2025-01-07T19:05:12.292+0000][81582.658s][info][gc,start    ] GC(2656) Pause Cleanup
[2025-01-07T19:05:12.292+0000][81582.658s][info][gc          ] GC(2656) Pause Cleanup 4156M->4156M(12288M) 0.446ms
[2025-01-07T19:05:12.292+0000][81582.658s][info][gc,cpu      ] GC(2656) User=0.00s Sys=0.00s Real=0.00s
[2025-01-07T19:05:12.292+0000][81582.658s][info][gc,marking  ] GC(2656) Concurrent Cleanup for Next Mark
[2025-01-07T19:05:12.320+0000][81582.686s][info][gc,marking  ] GC(2656) Concurrent Cleanup for Next Mark 28.282ms
[2025-01-07T19:05:12.320+0000][81582.687s][info][gc          ] GC(2656) Concurrent Mark Cycle 1464.886ms
[2025-01-07T19:05:18.460+0000][81588.826s][info][gc,start    ] GC(2657) Pause Young (Prepare Mixed) (G1 Evacuation Pause)
[2025-01-07T19:05:18.460+0000][81588.826s][info][gc,task     ] GC(2657) Using 6 workers of 6 for evacuation
[2025-01-07T19:05:18.495+0000][81588.861s][info][gc,phases   ] GC(2657)   Pre Evacuate Collection Set: 0.2ms
[2025-01-07T19:05:18.495+0000][81588.861s][info][gc,phases   ] GC(2657)   Merge Heap Roots: 0.7ms
[2025-01-07T19:05:18.495+0000][81588.861s][info][gc,phases   ] GC(2657)   Evacuate Collection Set: 31.0ms
[2025-01-07T19:05:18.495+0000][81588.861s][info][gc,phases   ] GC(2657)   Post Evacuate Collection Set: 2.7ms
[2025-01-07T19:05:18.495+0000][81588.861s][info][gc,phases   ] GC(2657)   Other: 0.2ms
[2025-01-07T19:05:18.495+0000][81588.861s][info][gc,heap     ] GC(2657) Eden regions: 907->0(65)
[2025-01-07T19:05:18.495+0000][81588.861s][info][gc,heap     ] GC(2657) Survivor regions: 10->11(115)
[2025-01-07T19:05:18.495+0000][81588.861s][info][gc,heap     ] GC(2657) Old regions: 245->245
[2025-01-07T19:05:18.495+0000][81588.861s][info][gc,heap     ] GC(2657) Archive regions: 2->2
[2025-01-07T19:05:18.495+0000][81588.861s][info][gc,heap     ] GC(2657) Humongous regions: 49->49
[2025-01-07T19:05:18.495+0000][81588.861s][info][gc,metaspace] GC(2657) Metaspace: 498225K(506368K)->498225K(506368K) NonClass: 437685K(441856K)->437685K(441856K) Class: 60539K(64512K)->60539K(64512K)
[2025-01-07T19:05:18.495+0000][81588.861s][info][gc          ] GC(2657) Pause Young (Prepare Mixed) (G1 Evacuation Pause) 9688M->2436M(12288M) 34.892ms
[2025-01-07T19:05:18.495+0000][81588.861s][info][gc,cpu      ] GC(2657) User=0.21s Sys=0.00s Real=0.04s
[2025-01-07T19:05:19.093+0000][81589.459s][info][gc,start    ] GC(2658) Pause Young (Mixed) (G1 Evacuation Pause)
[2025-01-07T19:05:19.093+0000][81589.459s][info][gc,task     ] GC(2658) Using 6 workers of 6 for evacuation
[2025-01-07T19:05:19.163+0000][81589.530s][info][gc,phases   ] GC(2658)   Pre Evacuate Collection Set: 0.2ms
[2025-01-07T19:05:19.163+0000][81589.530s][info][gc,phases   ] GC(2658)   Merge Heap Roots: 0.9ms
[2025-01-07T19:05:19.164+0000][81589.530s][info][gc,phases   ] GC(2658)   Evacuate Collection Set: 67.1ms
[2025-01-07T19:05:19.164+0000][81589.530s][info][gc,phases   ] GC(2658)   Post Evacuate Collection Set: 1.9ms
[2025-01-07T19:05:19.164+0000][81589.530s][info][gc,phases   ] GC(2658)   Other: 0.2ms
[2025-01-07T19:05:19.164+0000][81589.530s][info][gc,heap     ] GC(2658) Eden regions: 65->0(914)
[2025-01-07T19:05:19.164+0000][81589.530s][info][gc,heap     ] GC(2658) Survivor regions: 11->6(10)
[2025-01-07T19:05:19.164+0000][81589.530s][info][gc,heap     ] GC(2658) Old regions: 245->244
[2025-01-07T19:05:19.164+0000][81589.530s][info][gc,heap     ] GC(2658) Archive regions: 2->2
[2025-01-07T19:05:19.164+0000][81589.530s][info][gc,heap     ] GC(2658) Humongous regions: 49->49
[2025-01-07T19:05:19.164+0000][81589.530s][info][gc,metaspace] GC(2658) Metaspace: 498225K(506368K)->498225K(506368K) NonClass: 437685K(441856K)->437685K(441856K) Class: 60539K(64512K)->60539K(64512K)
[2025-01-07T19:05:19.164+0000][81589.530s][info][gc          ] GC(2658) Pause Young (Mixed) (G1 Evacuation Pause) 2956M->2395M(12288M) 70.344ms
[2025-01-07T19:05:19.164+0000][81589.530s][info][gc,cpu      ] GC(2658) User=0.41s Sys=0.00s Real=0.07s
[2025-01-07T19:05:28.117+0000][81598.483s][info][gc,start    ] GC(2659) Pause Young (Normal) (G1 Evacuation Pause)
[2025-01-07T19:05:28.117+0000][81598.483s][info][gc,task     ] GC(2659) Using 6 workers of 6 for evacuation
[2025-01-07T19:05:28.146+0000][81598.513s][info][gc,phases   ] GC(2659)   Pre Evacuate Collection Set: 0.2ms
[2025-01-07T19:05:28.146+0000][81598.513s][info][gc,phases   ] GC(2659)   Merge Heap Roots: 0.5ms
[2025-01-07T19:05:28.146+0000][81598.513s][info][gc,phases   ] GC(2659)   Evacuate Collection Set: 23.6ms
[2025-01-07T19:05:28.146+0000][81598.513s][info][gc,phases   ] GC(2659)   Post Evacuate Collection Set: 5.3ms
[2025-01-07T19:05:28.146+0000][81598.513s][info][gc,phases   ] GC(2659)   Other: 0.2ms
[2025-01-07T19:05:28.146+0000][81598.513s][info][gc,heap     ] GC(2659) Eden regions: 914->0(911)
[2025-01-07T19:05:28.146+0000][81598.513s][info][gc,heap     ] GC(2659) Survivor regions: 6->8(115)
[2025-01-07T19:05:28.146+0000][81598.513s][info][gc,heap     ] GC(2659) Old regions: 244->244
[2025-01-07T19:05:28.146+0000][81598.513s][info][gc,heap     ] GC(2659) Archive regions: 2->2
[2025-01-07T19:05:28.146+0000][81598.513s][info][gc,heap     ] GC(2659) Humongous regions: 49->49
[2025-01-07T19:05:28.146+0000][81598.513s][info][gc,metaspace] GC(2659) Metaspace: 498225K(506368K)->498225K(506368K) NonClass: 437685K(441856K)->437685K(441856K) Class: 60539K(64512K)->60539K(64512K)
[2025-01-07T19:05:28.147+0000][81598.513s][info][gc          ] GC(2659) Pause Young (Normal) (G1 Evacuation Pause) 9707M->2412M(12288M) 29.890ms
[2025-01-07T19:05:28.147+0000][81598.513s][info][gc,cpu      ] GC(2659) User=0.18s Sys=0.00s Real=0.03s
[2025-01-07T19:05:36.819+0000][81607.185s][info][gc,start    ] GC(2660) Pause Young (Normal) (G1 Evacuation Pause)
[2025-01-07T19:05:36.819+0000][81607.185s][info][gc,task     ] GC(2660) Using 6 workers of 6 for evacuation
[2025-01-07T19:05:36.846+0000][81607.213s][info][gc,phases   ] GC(2660)   Pre Evacuate Collection Set: 0.2ms
[2025-01-07T19:05:36.846+0000][81607.213s][info][gc,phases   ] GC(2660)   Merge Heap Roots: 0.4ms
[2025-01-07T19:05:36.846+0000][81607.213s][info][gc,phases   ] GC(2660)   Evacuate Collection Set: 24.6ms
[2025-01-07T19:05:36.846+0000][81607.213s][info][gc,phases   ] GC(2660)   Post Evacuate Collection Set: 2.5ms
[2025-01-07T19:05:36.847+0000][81607.213s][info][gc,phases   ] GC(2660)   Other: 0.2ms
[2025-01-07T19:05:36.847+0000][81607.213s][info][gc,heap     ] GC(2660) Eden regions: 911->0(911)
[2025-01-07T19:05:36.847+0000][81607.213s][info][gc,heap     ] GC(2660) Survivor regions: 8->8(115)
[2025-01-07T19:05:36.847+0000][81607.213s][info][gc,heap     ] GC(2660) Old regions: 244->244
[2025-01-07T19:05:36.847+0000][81607.213s][info][gc,heap     ] GC(2660) Archive regions: 2->2
[2025-01-07T19:05:36.847+0000][81607.213s][info][gc,heap     ] GC(2660) Humongous regions: 49->49
[2025-01-07T19:05:36.847+0000][81607.213s][info][gc,metaspace] GC(2660) Metaspace: 498225K(506368K)->498225K(506368K) NonClass: 437685K(441856K)->437685K(441856K) Class: 60539K(64512K)->60539K(64512K)
[2025-01-07T19:05:36.847+0000][81607.213s][info][gc          ] GC(2660) Pause Young (Normal) (G1 Evacuation Pause) 9700M->2411M(12288M) 27.987ms
[2025-01-07T19:05:36.847+0000][81607.213s][info][gc,cpu      ] GC(2660) User=0.16s Sys=0.00s Real=0.03s
[2025-01-07T19:05:46.689+0000][81617.055s][info][gc,start    ] GC(2661) Pause Young (Concurrent Start) (G1 Evacuation Pause)
[2025-01-07T19:05:46.689+0000][81617.055s][info][gc,task     ] GC(2661) Using 6 workers of 6 for evacuation
[2025-01-07T19:05:46.723+0000][81617.090s][info][gc,phases   ] GC(2661)   Pre Evacuate Collection Set: 1.0ms
[2025-01-07T19:05:46.724+0000][81617.090s][info][gc,phases   ] GC(2661)   Merge Heap Roots: 0.5ms
[2025-01-07T19:05:46.724+0000][81617.090s][info][gc,phases   ] GC(2661)   Evacuate Collection Set: 29.0ms
[2025-01-07T19:05:46.724+0000][81617.090s][info][gc,phases   ] GC(2661)   Post Evacuate Collection Set: 4.0ms
[2025-01-07T19:05:46.724+0000][81617.090s][info][gc,phases   ] GC(2661)   Other: 0.3ms
[2025-01-07T19:05:46.724+0000][81617.090s][info][gc,heap     ] GC(2661) Eden regions: 911->0(909)
[2025-01-07T19:05:46.724+0000][81617.090s][info][gc,heap     ] GC(2661) Survivor regions: 8->10(115)
[2025-01-07T19:05:46.724+0000][81617.090s][info][gc,heap     ] GC(2661) Old regions: 244->244
[2025-01-07T19:05:46.724+0000][81617.090s][info][gc,heap     ] GC(2661) Archive regions: 2->2
[2025-01-07T19:05:46.724+0000][81617.090s][info][gc,heap     ] GC(2661) Humongous regions: 49->49
[2025-01-07T19:05:46.724+0000][81617.090s][info][gc,metaspace] GC(2661) Metaspace: 498225K(506368K)->498225K(506368K) NonClass: 437685K(441856K)->437685K(441856K) Class: 60539K(64512K)->60539K(64512K)
[2025-01-07T19:05:46.724+0000][81617.090s][info][gc          ] GC(2661) Pause Young (Concurrent Start) (G1 Evacuation Pause) 9699M->2426M(12288M) 34.772ms
[2025-01-07T19:05:46.724+0000][81617.090s][info][gc,cpu      ] GC(2661) User=0.20s Sys=0.00s Real=0.04s
[2025-01-07T19:05:46.724+0000][81617.090s][info][gc          ] GC(2662) Concurrent Mark Cycle
[2025-01-07T19:05:46.724+0000][81617.090s][info][gc,marking  ] GC(2662) Concurrent Clear Claimed Marks
[2025-01-07T19:05:46.724+0000][81617.091s][info][gc,marking  ] GC(2662) Concurrent Clear Claimed Marks 0.782ms
[2025-01-07T19:05:46.724+0000][81617.091s][info][gc,marking  ] GC(2662) Concurrent Scan Root Regions
[2025-01-07T19:05:46.753+0000][81617.119s][info][gc,marking  ] GC(2662) Concurrent Scan Root Regions 28.685ms
[2025-01-07T19:05:46.753+0000][81617.119s][info][gc,marking  ] GC(2662) Concurrent Mark
[2025-01-07T19:05:46.753+0000][81617.119s][info][gc,marking  ] GC(2662) Concurrent Mark From Roots
[2025-01-07T19:05:46.753+0000][81617.119s][info][gc,task     ] GC(2662) Using 2 workers of 2 for marking
[2025-01-07T19:05:47.526+0000][81617.892s][info][gc,marking  ] GC(2662) Concurrent Mark From Roots 772.493ms
[2025-01-07T19:05:47.526+0000][81617.892s][info][gc,marking  ] GC(2662) Concurrent Preclean
[2025-01-07T19:05:47.528+0000][81617.894s][info][gc,marking  ] GC(2662) Concurrent Preclean 1.759ms
[2025-01-07T19:05:47.528+0000][81617.894s][info][gc,start    ] GC(2662) Pause Remark
[2025-01-07T19:05:47.553+0000][81617.919s][info][gc          ] GC(2662) Pause Remark 3142M->3142M(12288M) 25.075ms
[2025-01-07T19:05:47.553+0000][81617.919s][info][gc,cpu      ] GC(2662) User=0.14s Sys=0.00s Real=0.03s
[2025-01-07T19:05:47.553+0000][81617.919s][info][gc,marking  ] GC(2662) Concurrent Mark 799.640ms
[2025-01-07T19:05:47.553+0000][81617.919s][info][gc,marking  ] GC(2662) Concurrent Rebuild Remembered Sets
[2025-01-07T19:05:48.162+0000][81618.528s][info][gc,marking  ] GC(2662) Concurrent Rebuild Remembered Sets 609.035ms
[2025-01-07T19:05:48.162+0000][81618.528s][info][gc,start    ] GC(2662) Pause Cleanup
[2025-01-07T19:05:48.163+0000][81618.529s][info][gc          ] GC(2662) Pause Cleanup 3882M->3882M(12288M) 0.503ms
[2025-01-07T19:05:48.163+0000][81618.529s][info][gc,cpu      ] GC(2662) User=0.00s Sys=0.00s Real=0.00s
[2025-01-07T19:05:48.163+0000][81618.529s][info][gc,marking  ] GC(2662) Concurrent Cleanup for Next Mark
[2025-01-07T19:05:48.178+0000][81618.544s][info][gc,marking  ] GC(2662) Concurrent Cleanup for Next Mark 15.496ms
[2025-01-07T19:05:48.178+0000][81618.544s][info][gc          ] GC(2662) Concurrent Mark Cycle 1454.586ms
[2025-01-07T19:05:52.691+0000][81623.057s][info][gc,start    ] GC(2663) Pause Young (Prepare Mixed) (G1 Evacuation Pause)
[2025-01-07T19:05:52.691+0000][81623.057s][info][gc,task     ] GC(2663) Using 6 workers of 6 for evacuation
[2025-01-07T19:05:52.726+0000][81623.092s][info][gc,phases   ] GC(2663)   Pre Evacuate Collection Set: 0.2ms
[2025-01-07T19:05:52.726+0000][81623.092s][info][gc,phases   ] GC(2663)   Merge Heap Roots: 0.7ms
[2025-01-07T19:05:52.726+0000][81623.092s][info][gc,phases   ] GC(2663)   Evacuate Collection Set: 30.9ms
[2025-01-07T19:05:52.726+0000][81623.092s][info][gc,phases   ] GC(2663)   Post Evacuate Collection Set: 2.5ms
[2025-01-07T19:05:52.726+0000][81623.092s][info][gc,phases   ] GC(2663)   Other: 0.2ms
[2025-01-07T19:05:52.726+0000][81623.092s][info][gc,heap     ] GC(2663) Eden regions: 909->0(65)
[2025-01-07T19:05:52.726+0000][81623.092s][info][gc,heap     ] GC(2663) Survivor regions: 10->11(115)
[2025-01-07T19:05:52.726+0000][81623.092s][info][gc,heap     ] GC(2663) Old regions: 244->244
[2025-01-07T19:05:52.726+0000][81623.092s][info][gc,heap     ] GC(2663) Archive regions: 2->2
[2025-01-07T19:05:52.726+0000][81623.092s][info][gc,heap     ] GC(2663) Humongous regions: 49->49
[2025-01-07T19:05:52.726+0000][81623.092s][info][gc,metaspace] GC(2663) Metaspace: 498225K(506368K)->498225K(506368K) NonClass: 437685K(441856K)->437685K(441856K) Class: 60539K(64512K)->60539K(64512K)
[2025-01-07T19:05:52.726+0000][81623.092s][info][gc          ] GC(2663) Pause Young (Prepare Mixed) (G1 Evacuation Pause) 9698M->2432M(12288M) 34.598ms
[2025-01-07T19:05:52.726+0000][81623.092s][info][gc,cpu      ] GC(2663) User=0.20s Sys=0.00s Real=0.03s
[2025-01-07T19:05:53.061+0000][81623.427s][info][gc,start    ] GC(2664) Pause Young (Mixed) (G1 Evacuation Pause)
[2025-01-07T19:05:53.061+0000][81623.427s][info][gc,task     ] GC(2664) Using 6 workers of 6 for evacuation
[2025-01-07T19:05:53.105+0000][81623.471s][info][gc,phases   ] GC(2664)   Pre Evacuate Collection Set: 0.2ms
[2025-01-07T19:05:53.105+0000][81623.471s][info][gc,phases   ] GC(2664)   Merge Heap Roots: 0.4ms
[2025-01-07T19:05:53.105+0000][81623.471s][info][gc,phases   ] GC(2664)   Evacuate Collection Set: 41.2ms
[2025-01-07T19:05:53.105+0000][81623.471s][info][gc,phases   ] GC(2664)   Post Evacuate Collection Set: 1.7ms
[2025-01-07T19:05:53.105+0000][81623.471s][info][gc,phases   ] GC(2664)   Other: 0.2ms
[2025-01-07T19:05:53.105+0000][81623.471s][info][gc,heap     ] GC(2664) Eden regions: 65->0(916)
[2025-01-07T19:05:53.105+0000][81623.471s][info][gc,heap     ] GC(2664) Survivor regions: 11->5(10)
[2025-01-07T19:05:53.105+0000][81623.471s][info][gc,heap     ] GC(2664) Old regions: 244->241
[2025-01-07T19:05:53.105+0000][81623.471s][info][gc,heap     ] GC(2664) Archive regions: 2->2
[2025-01-07T19:05:53.105+0000][81623.471s][info][gc,heap     ] GC(2664) Humongous regions: 49->49
[2025-01-07T19:05:53.105+0000][81623.471s][info][gc,metaspace] GC(2664) Metaspace: 498225K(506368K)->498225K(506368K) NonClass: 437685K(441856K)->437685K(441856K) Class: 60539K(64512K)->60539K(64512K)
[2025-01-07T19:05:53.105+0000][81623.471s][info][gc          ] GC(2664) Pause Young (Mixed) (G1 Evacuation Pause) 2952M->2366M(12288M) 43.802ms
[2025-01-07T19:05:53.105+0000][81623.471s][info][gc,cpu      ] GC(2664) User=0.26s Sys=0.00s Real=0.05s
[2025-01-07T19:06:03.368+0000][81633.735s][info][gc,start    ] GC(2665) Pause Young (Normal) (G1 Evacuation Pause)
[2025-01-07T19:06:03.369+0000][81633.735s][info][gc,task     ] GC(2665) Using 6 workers of 6 for evacuation
[2025-01-07T19:06:03.393+0000][81633.759s][info][gc,phases   ] GC(2665)   Pre Evacuate Collection Set: 0.2ms
[2025-01-07T19:06:03.393+0000][81633.759s][info][gc,phases   ] GC(2665)   Merge Heap Roots: 0.4ms
[2025-01-07T19:06:03.393+0000][81633.759s][info][gc,phases   ] GC(2665)   Evacuate Collection Set: 20.9ms
[2025-01-07T19:06:03.393+0000][81633.759s][info][gc,phases   ] GC(2665)   Post Evacuate Collection Set: 2.7ms
[2025-01-07T19:06:03.393+0000][81633.759s][info][gc,phases   ] GC(2665)   Other: 0.2ms
[2025-01-07T19:06:03.393+0000][81633.759s][info][gc,heap     ] GC(2665) Eden regions: 916->0(914)
[2025-01-07T19:06:03.393+0000][81633.759s][info][gc,heap     ] GC(2665) Survivor regions: 5->7(116)
[2025-01-07T19:06:03.393+0000][81633.759s][info][gc,heap     ] GC(2665) Old regions: 241->241
[2025-01-07T19:06:03.393+0000][81633.759s][info][gc,heap     ] GC(2665) Archive regions: 2->2
[2025-01-07T19:06:03.393+0000][81633.759s][info][gc,heap     ] GC(2665) Humongous regions: 49->49
[2025-01-07T19:06:03.393+0000][81633.759s][info][gc,metaspace] GC(2665) Metaspace: 498225K(506368K)->498225K(506368K) NonClass: 437685K(441856K)->437685K(441856K) Class: 60539K(64512K)->60539K(64512K)
[2025-01-07T19:06:03.393+0000][81633.759s][info][gc          ] GC(2665) Pause Young (Normal) (G1 Evacuation Pause) 9694M->2375M(12288M) 24.474ms
[2025-01-07T19:06:03.393+0000][81633.759s][info][gc,cpu      ] GC(2665) User=0.15s Sys=0.00s Real=0.03s
[2025-01-07T19:06:14.652+0000][81645.018s][info][gc,start    ] GC(2666) Pause Young (Normal) (G1 Evacuation Pause)
[2025-01-07T19:06:14.652+0000][81645.018s][info][gc,task     ] GC(2666) Using 6 workers of 6 for evacuation
[2025-01-07T19:06:14.683+0000][81645.049s][info][gc,phases   ] GC(2666)   Pre Evacuate Collection Set: 0.2ms
[2025-01-07T19:06:14.683+0000][81645.049s][info][gc,phases   ] GC(2666)   Merge Heap Roots: 0.4ms
[2025-01-07T19:06:14.683+0000][81645.049s][info][gc,phases   ] GC(2666)   Evacuate Collection Set: 27.2ms
[2025-01-07T19:06:14.683+0000][81645.049s][info][gc,phases   ] GC(2666)   Post Evacuate Collection Set: 3.1ms
[2025-01-07T19:06:14.683+0000][81645.049s][info][gc,phases   ] GC(2666)   Other: 0.3ms
[2025-01-07T19:06:14.683+0000][81645.049s][info][gc,heap     ] GC(2666) Eden regions: 914->0(913)
[2025-01-07T19:06:14.683+0000][81645.049s][info][gc,heap     ] GC(2666) Survivor regions: 7->8(116)
[2025-01-07T19:06:14.683+0000][81645.049s][info][gc,heap     ] GC(2666) Old regions: 241->241
[2025-01-07T19:06:14.683+0000][81645.049s][info][gc,heap     ] GC(2666) Archive regions: 2->2
[2025-01-07T19:06:14.683+0000][81645.049s][info][gc,heap     ] GC(2666) Humongous regions: 49->49
[2025-01-07T19:06:14.683+0000][81645.049s][info][gc,metaspace] GC(2666) Metaspace: 498225K(506368K)->498225K(506368K) NonClass: 437685K(441856K)->437685K(441856K) Class: 60539K(64512K)->60539K(64512K)
[2025-01-07T19:06:14.683+0000][81645.049s][info][gc          ] GC(2666) Pause Young (Normal) (G1 Evacuation Pause) 9687M->2388M(12288M) 31.350ms
[2025-01-07T19:06:14.683+0000][81645.049s][info][gc,cpu      ] GC(2666) User=0.18s Sys=0.00s Real=0.03s
[2025-01-07T19:06:23.701+0000][81654.067s][info][gc,start    ] GC(2667) Pause Young (Concurrent Start) (G1 Evacuation Pause)
[2025-01-07T19:06:23.701+0000][81654.067s][info][gc,task     ] GC(2667) Using 6 workers of 6 for evacuation
[2025-01-07T19:06:23.736+0000][81654.102s][info][gc,phases   ] GC(2667)   Pre Evacuate Collection Set: 1.0ms
[2025-01-07T19:06:23.736+0000][81654.102s][info][gc,phases   ] GC(2667)   Merge Heap Roots: 0.4ms
[2025-01-07T19:06:23.736+0000][81654.102s][info][gc,phases   ] GC(2667)   Evacuate Collection Set: 28.3ms
[2025-01-07T19:06:23.736+0000][81654.102s][info][gc,phases   ] GC(2667)   Post Evacuate Collection Set: 5.3ms
[2025-01-07T19:06:23.736+0000][81654.102s][info][gc,phases   ] GC(2667)   Other: 0.3ms
[2025-01-07T19:06:23.736+0000][81654.102s][info][gc,heap     ] GC(2667) Eden regions: 913->0(909)
[2025-01-07T19:06:23.736+0000][81654.102s][info][gc,heap     ] GC(2667) Survivor regions: 8->11(116)
[2025-01-07T19:06:23.736+0000][81654.102s][info][gc,heap     ] GC(2667) Old regions: 241->241
[2025-01-07T19:06:23.736+0000][81654.102s][info][gc,heap     ] GC(2667) Archive regions: 2->2
[2025-01-07T19:06:23.736+0000][81654.102s][info][gc,heap     ] GC(2667) Humongous regions: 49->49
[2025-01-07T19:06:23.736+0000][81654.102s][info][gc,metaspace] GC(2667) Metaspace: 498225K(506368K)->498225K(506368K) NonClass: 437685K(441856K)->437685K(441856K) Class: 60539K(64512K)->60539K(64512K)
[2025-01-07T19:06:23.736+0000][81654.102s][info][gc          ] GC(2667) Pause Young (Concurrent Start) (G1 Evacuation Pause) 9692M->2409M(12288M) 35.390ms
[2025-01-07T19:06:23.736+0000][81654.102s][info][gc,cpu      ] GC(2667) User=0.21s Sys=0.00s Real=0.04s
[2025-01-07T19:06:23.736+0000][81654.102s][info][gc          ] GC(2668) Concurrent Mark Cycle
[2025-01-07T19:06:23.736+0000][81654.102s][info][gc,marking  ] GC(2668) Concurrent Clear Claimed Marks
[2025-01-07T19:06:23.737+0000][81654.103s][info][gc,marking  ] GC(2668) Concurrent Clear Claimed Marks 0.846ms
[2025-01-07T19:06:23.737+0000][81654.103s][info][gc,marking  ] GC(2668) Concurrent Scan Root Regions
[2025-01-07T19:06:23.767+0000][81654.133s][info][gc,marking  ] GC(2668) Concurrent Scan Root Regions 29.677ms
[2025-01-07T19:06:23.767+0000][81654.133s][info][gc,marking  ] GC(2668) Concurrent Mark
[2025-01-07T19:06:23.767+0000][81654.133s][info][gc,marking  ] GC(2668) Concurrent Mark From Roots
[2025-01-07T19:06:23.767+0000][81654.133s][info][gc,task     ] GC(2668) Using 2 workers of 2 for marking
[2025-01-07T19:06:24.603+0000][81654.969s][info][gc,marking  ] GC(2668) Concurrent Mark From Roots 836.107ms
[2025-01-07T19:06:24.603+0000][81654.969s][info][gc,marking  ] GC(2668) Concurrent Preclean
[2025-01-07T19:06:24.605+0000][81654.971s][info][gc,marking  ] GC(2668) Concurrent Preclean 1.858ms
[2025-01-07T19:06:24.605+0000][81654.971s][info][gc,start    ] GC(2668) Pause Remark
[2025-01-07T19:06:24.631+0000][81654.997s][info][gc          ] GC(2668) Pause Remark 3205M->3205M(12288M) 25.674ms
[2025-01-07T19:06:24.631+0000][81654.997s][info][gc,cpu      ] GC(2668) User=0.15s Sys=0.00s Real=0.03s
[2025-01-07T19:06:24.631+0000][81654.997s][info][gc,marking  ] GC(2668) Concurrent Mark 863.994ms
[2025-01-07T19:06:24.631+0000][81654.997s][info][gc,marking  ] GC(2668) Concurrent Rebuild Remembered Sets
[2025-01-07T19:06:25.102+0000][81655.468s][info][gc,marking  ] GC(2668) Concurrent Rebuild Remembered Sets 470.614ms
[2025-01-07T19:06:25.102+0000][81655.468s][info][gc,start    ] GC(2668) Pause Cleanup
[2025-01-07T19:06:25.102+0000][81655.468s][info][gc          ] GC(2668) Pause Cleanup 3341M->3341M(12288M) 0.510ms
[2025-01-07T19:06:25.102+0000][81655.468s][info][gc,cpu      ] GC(2668) User=0.00s Sys=0.00s Real=0.00s
[2025-01-07T19:06:25.102+0000][81655.468s][info][gc,marking  ] GC(2668) Concurrent Cleanup for Next Mark
[2025-01-07T19:06:25.118+0000][81655.484s][info][gc,marking  ] GC(2668) Concurrent Cleanup for Next Mark 15.427ms
[2025-01-07T19:06:25.118+0000][81655.484s][info][gc          ] GC(2668) Concurrent Mark Cycle 1381.487ms
[2025-01-07T19:06:32.109+0000][81662.475s][info][gc,start    ] GC(2669) Pause Young (Prepare Mixed) (G1 Evacuation Pause)
[2025-01-07T19:06:32.109+0000][81662.475s][info][gc,task     ] GC(2669) Using 6 workers of 6 for evacuation
[2025-01-07T19:06:32.143+0000][81662.509s][info][gc,phases   ] GC(2669)   Pre Evacuate Collection Set: 0.2ms
[2025-01-07T19:06:32.143+0000][81662.510s][info][gc,phases   ] GC(2669)   Merge Heap Roots: 0.7ms
[2025-01-07T19:06:32.143+0000][81662.510s][info][gc,phases   ] GC(2669)   Evacuate Collection Set: 30.8ms
[2025-01-07T19:06:32.143+0000][81662.510s][info][gc,phases   ] GC(2669)   Post Evacuate Collection Set: 2.6ms
[2025-01-07T19:06:32.143+0000][81662.510s][info][gc,phases   ] GC(2669)   Other: 0.2ms
[2025-01-07T19:06:32.143+0000][81662.510s][info][gc,heap     ] GC(2669) Eden regions: 909->0(65)
[2025-01-07T19:06:32.143+0000][81662.510s][info][gc,heap     ] GC(2669) Survivor regions: 11->11(115)
[2025-01-07T19:06:32.143+0000][81662.510s][info][gc,heap     ] GC(2669) Old regions: 241->241
[2025-01-07T19:06:32.143+0000][81662.510s][info][gc,heap     ] GC(2669) Archive regions: 2->2
[2025-01-07T19:06:32.143+0000][81662.510s][info][gc,heap     ] GC(2669) Humongous regions: 49->49
[2025-01-07T19:06:32.143+0000][81662.510s][info][gc,metaspace] GC(2669) Metaspace: 498225K(506368K)->498225K(506368K) NonClass: 437685K(441856K)->437685K(441856K) Class: 60539K(64512K)->60539K(64512K)
[2025-01-07T19:06:32.144+0000][81662.510s][info][gc          ] GC(2669) Pause Young (Prepare Mixed) (G1 Evacuation Pause) 9681M->2414M(12288M) 34.482ms
[2025-01-07T19:06:32.144+0000][81662.510s][info][gc,cpu      ] GC(2669) User=0.20s Sys=0.00s Real=0.04s
[2025-01-07T19:06:32.495+0000][81662.861s][info][gc,start    ] GC(2670) Pause Young (Mixed) (G1 Evacuation Pause)
[2025-01-07T19:06:32.495+0000][81662.861s][info][gc,task     ] GC(2670) Using 6 workers of 6 for evacuation
[2025-01-07T19:06:32.552+0000][81662.918s][info][gc,phases   ] GC(2670)   Pre Evacuate Collection Set: 0.2ms
[2025-01-07T19:06:32.552+0000][81662.918s][info][gc,phases   ] GC(2670)   Merge Heap Roots: 0.6ms
[2025-01-07T19:06:32.552+0000][81662.918s][info][gc,phases   ] GC(2670)   Evacuate Collection Set: 54.1ms
[2025-01-07T19:06:32.552+0000][81662.918s][info][gc,phases   ] GC(2670)   Post Evacuate Collection Set: 1.7ms
[2025-01-07T19:06:32.552+0000][81662.918s][info][gc,phases   ] GC(2670)   Other: 0.2ms
[2025-01-07T19:06:32.552+0000][81662.918s][info][gc,heap     ] GC(2670) Eden regions: 65->0(914)
[2025-01-07T19:06:32.552+0000][81662.918s][info][gc,heap     ] GC(2670) Survivor regions: 11->6(10)
[2025-01-07T19:06:32.552+0000][81662.918s][info][gc,heap     ] GC(2670) Old regions: 241->241
[2025-01-07T19:06:32.552+0000][81662.918s][info][gc,heap     ] GC(2670) Archive regions: 2->2
[2025-01-07T19:06:32.552+0000][81662.918s][info][gc,heap     ] GC(2670) Humongous regions: 49->49
[2025-01-07T19:06:32.552+0000][81662.918s][info][gc,metaspace] GC(2670) Metaspace: 498225K(506368K)->498225K(506368K) NonClass: 437685K(441856K)->437685K(441856K) Class: 60539K(64512K)->60539K(64512K)
[2025-01-07T19:06:32.552+0000][81662.918s][info][gc          ] GC(2670) Pause Young (Mixed) (G1 Evacuation Pause) 2934M->2363M(12288M) 56.847ms
[2025-01-07T19:06:32.552+0000][81662.918s][info][gc,cpu      ] GC(2670) User=0.32s Sys=0.00s Real=0.06s
[2025-01-07T19:06:36.741+0000][81667.107s][info][gc,start    ] GC(2671) Pause Young (Normal) (G1 Evacuation Pause)
[2025-01-07T19:06:36.741+0000][81667.107s][info][gc,task     ] GC(2671) Using 6 workers of 6 for evacuation
[2025-01-07T19:06:36.764+0000][81667.131s][info][gc,phases   ] GC(2671)   Pre Evacuate Collection Set: 0.2ms
[2025-01-07T19:06:36.764+0000][81667.131s][info][gc,phases   ] GC(2671)   Merge Heap Roots: 0.4ms
[2025-01-07T19:06:36.764+0000][81667.131s][info][gc,phases   ] GC(2671)   Evacuate Collection Set: 18.6ms
[2025-01-07T19:06:36.764+0000][81667.131s][info][gc,phases   ] GC(2671)   Post Evacuate Collection Set: 3.7ms
[2025-01-07T19:06:36.764+0000][81667.131s][info][gc,phases   ] GC(2671)   Other: 0.2ms
[2025-01-07T19:06:36.764+0000][81667.131s][info][gc,heap     ] GC(2671) Eden regions: 914->0(914)
[2025-01-07T19:06:36.764+0000][81667.131s][info][gc,heap     ] GC(2671) Survivor regions: 6->7(115)
[2025-01-07T19:06:36.764+0000][81667.131s][info][gc,heap     ] GC(2671) Old regions: 241->241
[2025-01-07T19:06:36.764+0000][81667.131s][info][gc,heap     ] GC(2671) Archive regions: 2->2
[2025-01-07T19:06:36.764+0000][81667.131s][info][gc,heap     ] GC(2671) Humongous regions: 49->49
[2025-01-07T19:06:36.765+0000][81667.131s][info][gc,metaspace] GC(2671) Metaspace: 498225K(506368K)->498225K(506368K) NonClass: 437685K(441856K)->437685K(441856K) Class: 60539K(64512K)->60539K(64512K)
[2025-01-07T19:06:36.765+0000][81667.131s][info][gc          ] GC(2671) Pause Young (Normal) (G1 Evacuation Pause) 9675M->2373M(12288M) 23.281ms
[2025-01-07T19:06:36.765+0000][81667.131s][info][gc,cpu      ] GC(2671) User=0.14s Sys=0.00s Real=0.03s
[2025-01-07T19:06:45.900+0000][81676.266s][info][gc,start    ] GC(2672) Pause Young (Normal) (G1 Evacuation Pause)
[2025-01-07T19:06:45.900+0000][81676.266s][info][gc,task     ] GC(2672) Using 6 workers of 6 for evacuation
[2025-01-07T19:06:45.926+0000][81676.293s][info][gc,phases   ] GC(2672)   Pre Evacuate Collection Set: 0.2ms
[2025-01-07T19:06:45.927+0000][81676.293s][info][gc,phases   ] GC(2672)   Merge Heap Roots: 0.4ms
[2025-01-07T19:06:45.927+0000][81676.293s][info][gc,phases   ] GC(2672)   Evacuate Collection Set: 22.9ms
[2025-01-07T19:06:45.927+0000][81676.293s][info][gc,phases   ] GC(2672)   Post Evacuate Collection Set: 2.6ms
[2025-01-07T19:06:45.927+0000][81676.293s][info][gc,phases   ] GC(2672)   Other: 0.2ms
[2025-01-07T19:06:45.927+0000][81676.293s][info][gc,heap     ] GC(2672) Eden regions: 914->0(913)
[2025-01-07T19:06:45.927+0000][81676.293s][info][gc,heap     ] GC(2672) Survivor regions: 7->8(116)
[2025-01-07T19:06:45.927+0000][81676.293s][info][gc,heap     ] GC(2672) Old regions: 241->241
[2025-01-07T19:06:45.927+0000][81676.293s][info][gc,heap     ] GC(2672) Archive regions: 2->2
[2025-01-07T19:06:45.927+0000][81676.293s][info][gc,heap     ] GC(2672) Humongous regions: 49->49
[2025-01-07T19:06:45.927+0000][81676.293s][info][gc,metaspace] GC(2672) Metaspace: 498225K(506368K)->498225K(506368K) NonClass: 437685K(441856K)->437685K(441856K) Class: 60539K(64512K)->60539K(64512K)
[2025-01-07T19:06:45.927+0000][81676.293s][info][gc          ] GC(2672) Pause Young (Normal) (G1 Evacuation Pause) 9685M->2381M(12288M) 26.421ms
[2025-01-07T19:06:45.927+0000][81676.293s][info][gc,cpu      ] GC(2672) User=0.16s Sys=0.00s Real=0.03s
[2025-01-07T19:06:55.543+0000][81685.909s][info][gc,start    ] GC(2673) Pause Young (Concurrent Start) (G1 Evacuation Pause)
[2025-01-07T19:06:55.543+0000][81685.909s][info][gc,task     ] GC(2673) Using 6 workers of 6 for evacuation
[2025-01-07T19:06:55.574+0000][81685.940s][info][gc,phases   ] GC(2673)   Pre Evacuate Collection Set: 0.9ms
[2025-01-07T19:06:55.574+0000][81685.940s][info][gc,phases   ] GC(2673)   Merge Heap Roots: 0.4ms
[2025-01-07T19:06:55.574+0000][81685.940s][info][gc,phases   ] GC(2673)   Evacuate Collection Set: 26.6ms
[2025-01-07T19:06:55.574+0000][81685.940s][info][gc,phases   ] GC(2673)   Post Evacuate Collection Set: 2.5ms
[2025-01-07T19:06:55.574+0000][81685.940s][info][gc,phases   ] GC(2673)   Other: 0.3ms
[2025-01-07T19:06:55.574+0000][81685.940s][info][gc,heap     ] GC(2673) Eden regions: 913->0(912)
[2025-01-07T19:06:55.574+0000][81685.940s][info][gc,heap     ] GC(2673) Survivor regions: 8->9(116)
[2025-01-07T19:06:55.574+0000][81685.940s][info][gc,heap     ] GC(2673) Old regions: 241->241
[2025-01-07T19:06:55.574+0000][81685.940s][info][gc,heap     ] GC(2673) Archive regions: 2->2
[2025-01-07T19:06:55.574+0000][81685.940s][info][gc,heap     ] GC(2673) Humongous regions: 49->49
[2025-01-07T19:06:55.574+0000][81685.940s][info][gc,metaspace] GC(2673) Metaspace: 498225K(506368K)->498225K(506368K) NonClass: 437685K(441856K)->437685K(441856K) Class: 60539K(64512K)->60539K(64512K)
[2025-01-07T19:06:55.574+0000][81685.940s][info][gc          ] GC(2673) Pause Young (Concurrent Start) (G1 Evacuation Pause) 9685M->2388M(12288M) 30.792ms
[2025-01-07T19:06:55.574+0000][81685.940s][info][gc,cpu      ] GC(2673) User=0.18s Sys=0.00s Real=0.03s
[2025-01-07T19:06:55.574+0000][81685.940s][info][gc          ] GC(2674) Concurrent Mark Cycle
[2025-01-07T19:06:55.574+0000][81685.940s][info][gc,marking  ] GC(2674) Concurrent Clear Claimed Marks
[2025-01-07T19:06:55.575+0000][81685.941s][info][gc,marking  ] GC(2674) Concurrent Clear Claimed Marks 0.780ms
[2025-01-07T19:06:55.575+0000][81685.941s][info][gc,marking  ] GC(2674) Concurrent Scan Root Regions
[2025-01-07T19:06:55.598+0000][81685.964s][info][gc,marking  ] GC(2674) Concurrent Scan Root Regions 23.660ms
[2025-01-07T19:06:55.598+0000][81685.965s][info][gc,marking  ] GC(2674) Concurrent Mark
[2025-01-07T19:06:55.598+0000][81685.965s][info][gc,marking  ] GC(2674) Concurrent Mark From Roots
[2025-01-07T19:06:55.598+0000][81685.965s][info][gc,task     ] GC(2674) Using 2 workers of 2 for marking
[2025-01-07T19:06:56.417+0000][81686.783s][info][gc,marking  ] GC(2674) Concurrent Mark From Roots 818.626ms
[2025-01-07T19:06:56.417+0000][81686.783s][info][gc,marking  ] GC(2674) Concurrent Preclean
[2025-01-07T19:06:56.420+0000][81686.786s][info][gc,marking  ] GC(2674) Concurrent Preclean 2.606ms
[2025-01-07T19:06:56.420+0000][81686.786s][info][gc,start    ] GC(2674) Pause Remark
[2025-01-07T19:06:56.446+0000][81686.812s][info][gc          ] GC(2674) Pause Remark 3160M->3160M(12288M) 25.846ms
[2025-01-07T19:06:56.446+0000][81686.812s][info][gc,cpu      ] GC(2674) User=0.14s Sys=0.01s Real=0.03s
[2025-01-07T19:06:56.446+0000][81686.812s][info][gc,marking  ] GC(2674) Concurrent Mark 847.466ms
[2025-01-07T19:06:56.446+0000][81686.812s][info][gc,marking  ] GC(2674) Concurrent Rebuild Remembered Sets
[2025-01-07T19:06:56.981+0000][81687.348s][info][gc,marking  ] GC(2674) Concurrent Rebuild Remembered Sets 535.578ms
[2025-01-07T19:06:56.982+0000][81687.348s][info][gc,start    ] GC(2674) Pause Cleanup
[2025-01-07T19:06:56.982+0000][81687.348s][info][gc          ] GC(2674) Pause Cleanup 3724M->3724M(12288M) 0.498ms
[2025-01-07T19:06:56.982+0000][81687.348s][info][gc,cpu      ] GC(2674) User=0.00s Sys=0.00s Real=0.00s
[2025-01-07T19:06:56.982+0000][81687.348s][info][gc,marking  ] GC(2674) Concurrent Cleanup for Next Mark
[2025-01-07T19:06:56.998+0000][81687.364s][info][gc,marking  ] GC(2674) Concurrent Cleanup for Next Mark 15.762ms
[2025-01-07T19:06:56.998+0000][81687.364s][info][gc          ] GC(2674) Concurrent Mark Cycle 1424.155ms
[2025-01-07T19:07:06.037+0000][81696.403s][info][gc,start    ] GC(2675) Pause Young (Prepare Mixed) (G1 Evacuation Pause)
[2025-01-07T19:07:06.037+0000][81696.403s][info][gc,task     ] GC(2675) Using 6 workers of 6 for evacuation
[2025-01-07T19:07:06.073+0000][81696.440s][info][gc,phases   ] GC(2675)   Pre Evacuate Collection Set: 0.2ms
[2025-01-07T19:07:06.073+0000][81696.440s][info][gc,phases   ] GC(2675)   Merge Heap Roots: 0.7ms
[2025-01-07T19:07:06.073+0000][81696.440s][info][gc,phases   ] GC(2675)   Evacuate Collection Set: 32.5ms
[2025-01-07T19:07:06.073+0000][81696.440s][info][gc,phases   ] GC(2675)   Post Evacuate Collection Set: 2.7ms
[2025-01-07T19:07:06.073+0000][81696.440s][info][gc,phases   ] GC(2675)   Other: 0.2ms
[2025-01-07T19:07:06.074+0000][81696.440s][info][gc,heap     ] GC(2675) Eden regions: 912->0(65)
[2025-01-07T19:07:06.074+0000][81696.440s][info][gc,heap     ] GC(2675) Survivor regions: 9->11(116)
[2025-01-07T19:07:06.074+0000][81696.440s][info][gc,heap     ] GC(2675) Old regions: 241->241
[2025-01-07T19:07:06.074+0000][81696.440s][info][gc,heap     ] GC(2675) Archive regions: 2->2
[2025-01-07T19:07:06.074+0000][81696.440s][info][gc,heap     ] GC(2675) Humongous regions: 49->49
[2025-01-07T19:07:06.074+0000][81696.440s][info][gc,metaspace] GC(2675) Metaspace: 498225K(506368K)->498225K(506368K) NonClass: 437685K(441856K)->437685K(441856K) Class: 60539K(64512K)->60539K(64512K)
[2025-01-07T19:07:06.074+0000][81696.440s][info][gc          ] GC(2675) Pause Young (Prepare Mixed) (G1 Evacuation Pause) 9684M->2407M(12288M) 36.450ms
[2025-01-07T19:07:06.074+0000][81696.440s][info][gc,cpu      ] GC(2675) User=0.22s Sys=0.00s Real=0.04s
[2025-01-07T19:07:07.970+0000][81698.336s][info][gc,start    ] GC(2676) Pause Young (Mixed) (G1 Evacuation Pause)
[2025-01-07T19:07:07.970+0000][81698.336s][info][gc,task     ] GC(2676) Using 6 workers of 6 for evacuation
[2025-01-07T19:07:08.028+0000][81698.394s][info][gc,phases   ] GC(2676)   Pre Evacuate Collection Set: 0.2ms
[2025-01-07T19:07:08.028+0000][81698.394s][info][gc,phases   ] GC(2676)   Merge Heap Roots: 0.6ms
[2025-01-07T19:07:08.028+0000][81698.394s][info][gc,phases   ] GC(2676)   Evacuate Collection Set: 55.1ms
[2025-01-07T19:07:08.028+0000][81698.394s][info][gc,phases   ] GC(2676)   Post Evacuate Collection Set: 1.8ms
[2025-01-07T19:07:08.028+0000][81698.394s][info][gc,phases   ] GC(2676)   Other: 0.2ms
[2025-01-07T19:07:08.028+0000][81698.394s][info][gc,heap     ] GC(2676) Eden regions: 65->0(916)
[2025-01-07T19:07:08.028+0000][81698.394s][info][gc,heap     ] GC(2676) Survivor regions: 11->5(10)
[2025-01-07T19:07:08.028+0000][81698.394s][info][gc,heap     ] GC(2676) Old regions: 241->240
[2025-01-07T19:07:08.028+0000][81698.394s][info][gc,heap     ] GC(2676) Archive regions: 2->2
[2025-01-07T19:07:08.028+0000][81698.394s][info][gc,heap     ] GC(2676) Humongous regions: 49->49
[2025-01-07T19:07:08.028+0000][81698.394s][info][gc,metaspace] GC(2676) Metaspace: 498225K(506368K)->498225K(506368K) NonClass: 437685K(441856K)->437685K(441856K) Class: 60539K(64512K)->60539K(64512K)
[2025-01-07T19:07:08.028+0000][81698.394s][info][gc          ] GC(2676) Pause Young (Mixed) (G1 Evacuation Pause) 2927M->2358M(12288M) 57.952ms
[2025-01-07T19:07:08.028+0000][81698.394s][info][gc,cpu      ] GC(2676) User=0.34s Sys=0.00s Real=0.05s
[2025-01-07T19:07:15.683+0000][81706.049s][info][gc,start    ] GC(2677) Pause Young (Normal) (G1 Evacuation Pause)
[2025-01-07T19:07:15.683+0000][81706.049s][info][gc,task     ] GC(2677) Using 6 workers of 6 for evacuation
[2025-01-07T19:07:15.711+0000][81706.077s][info][gc,phases   ] GC(2677)   Pre Evacuate Collection Set: 0.2ms
[2025-01-07T19:07:15.711+0000][81706.077s][info][gc,phases   ] GC(2677)   Merge Heap Roots: 0.4ms
[2025-01-07T19:07:15.711+0000][81706.077s][info][gc,phases   ] GC(2677)   Evacuate Collection Set: 22.3ms
[2025-01-07T19:07:15.711+0000][81706.077s][info][gc,phases   ] GC(2677)   Post Evacuate Collection Set: 5.2ms
[2025-01-07T19:07:15.711+0000][81706.077s][info][gc,phases   ] GC(2677)   Other: 0.2ms
[2025-01-07T19:07:15.711+0000][81706.077s][info][gc,heap     ] GC(2677) Eden regions: 916->0(913)
[2025-01-07T19:07:15.711+0000][81706.077s][info][gc,heap     ] GC(2677) Survivor regions: 5->8(116)
[2025-01-07T19:07:15.711+0000][81706.077s][info][gc,heap     ] GC(2677) Old regions: 240->240
[2025-01-07T19:07:15.711+0000][81706.077s][info][gc,heap     ] GC(2677) Archive regions: 2->2
[2025-01-07T19:07:15.711+0000][81706.077s][info][gc,heap     ] GC(2677) Humongous regions: 49->49
[2025-01-07T19:07:15.711+0000][81706.077s][info][gc,metaspace] GC(2677) Metaspace: 498225K(506368K)->498225K(506368K) NonClass: 437685K(441856K)->437685K(441856K) Class: 60539K(64512K)->60539K(64512K)
[2025-01-07T19:07:15.711+0000][81706.077s][info][gc          ] GC(2677) Pause Young (Normal) (G1 Evacuation Pause) 9686M->2376M(12288M) 28.484ms
[2025-01-07T19:07:15.711+0000][81706.077s][info][gc,cpu      ] GC(2677) User=0.17s Sys=0.00s Real=0.03s
[2025-01-07T19:07:22.233+0000][81712.600s][info][gc,start    ] GC(2678) Pause Young (Normal) (G1 Evacuation Pause)
[2025-01-07T19:07:22.233+0000][81712.600s][info][gc,task     ] GC(2678) Using 6 workers of 6 for evacuation
[2025-01-07T19:07:22.260+0000][81712.626s][info][gc,phases   ] GC(2678)   Pre Evacuate Collection Set: 0.2ms
[2025-01-07T19:07:22.260+0000][81712.626s][info][gc,phases   ] GC(2678)   Merge Heap Roots: 0.4ms
[2025-01-07T19:07:22.260+0000][81712.626s][info][gc,phases   ] GC(2678)   Evacuate Collection Set: 23.1ms
[2025-01-07T19:07:22.260+0000][81712.626s][info][gc,phases   ] GC(2678)   Post Evacuate Collection Set: 2.8ms
[2025-01-07T19:07:22.260+0000][81712.626s][info][gc,phases   ] GC(2678)   Other: 0.2ms
[2025-01-07T19:07:22.260+0000][81712.626s][info][gc,heap     ] GC(2678) Eden regions: 913->0(914)
[2025-01-07T19:07:22.260+0000][81712.626s][info][gc,heap     ] GC(2678) Survivor regions: 8->7(116)
[2025-01-07T19:07:22.260+0000][81712.626s][info][gc,heap     ] GC(2678) Old regions: 240->240
[2025-01-07T19:07:22.260+0000][81712.626s][info][gc,heap     ] GC(2678) Archive regions: 2->2
[2025-01-07T19:07:22.260+0000][81712.626s][info][gc,heap     ] GC(2678) Humongous regions: 49->49
[2025-01-07T19:07:22.260+0000][81712.626s][info][gc,metaspace] GC(2678) Metaspace: 498225K(506368K)->498225K(506368K) NonClass: 437685K(441856K)->437685K(441856K) Class: 60539K(64512K)->60539K(64512K)
[2025-01-07T19:07:22.260+0000][81712.626s][info][gc          ] GC(2678) Pause Young (Normal) (G1 Evacuation Pause) 9680M->2372M(12288M) 26.806ms
[2025-01-07T19:07:22.260+0000][81712.626s][info][gc,cpu      ] GC(2678) User=0.16s Sys=0.00s Real=0.02s
[2025-01-07T19:07:30.647+0000][81721.013s][info][gc,start    ] GC(2679) Pause Young (Concurrent Start) (G1 Evacuation Pause)
[2025-01-07T19:07:30.647+0000][81721.013s][info][gc,task     ] GC(2679) Using 6 workers of 6 for evacuation
[2025-01-07T19:07:30.683+0000][81721.049s][info][gc,phases   ] GC(2679)   Pre Evacuate Collection Set: 1.0ms
[2025-01-07T19:07:30.683+0000][81721.049s][info][gc,phases   ] GC(2679)   Merge Heap Roots: 0.4ms
[2025-01-07T19:07:30.683+0000][81721.049s][info][gc,phases   ] GC(2679)   Evacuate Collection Set: 30.2ms
[2025-01-07T19:07:30.683+0000][81721.049s][info][gc,phases   ] GC(2679)   Post Evacuate Collection Set: 4.0ms
[2025-01-07T19:07:30.683+0000][81721.049s][info][gc,phases   ] GC(2679)   Other: 0.3ms
[2025-01-07T19:07:30.683+0000][81721.049s][info][gc,heap     ] GC(2679) Eden regions: 914->0(912)
[2025-01-07T19:07:30.683+0000][81721.049s][info][gc,heap     ] GC(2679) Survivor regions: 7->9(116)
[2025-01-07T19:07:30.683+0000][81721.049s][info][gc,heap     ] GC(2679) Old regions: 240->240
[2025-01-07T19:07:30.683+0000][81721.049s][info][gc,heap     ] GC(2679) Archive regions: 2->2
[2025-01-07T19:07:30.683+0000][81721.049s][info][gc,heap     ] GC(2679) Humongous regions: 49->49
[2025-01-07T19:07:30.683+0000][81721.049s][info][gc,metaspace] GC(2679) Metaspace: 498225K(506368K)->498225K(506368K) NonClass: 437685K(441856K)->437685K(441856K) Class: 60539K(64512K)->60539K(64512K)
[2025-01-07T19:07:30.683+0000][81721.049s][info][gc          ] GC(2679) Pause Young (Concurrent Start) (G1 Evacuation Pause) 9684M->2388M(12288M) 36.023ms
[2025-01-07T19:07:30.683+0000][81721.049s][info][gc,cpu      ] GC(2679) User=0.21s Sys=0.00s Real=0.04s
[2025-01-07T19:07:30.683+0000][81721.050s][info][gc          ] GC(2680) Concurrent Mark Cycle
[2025-01-07T19:07:30.683+0000][81721.050s][info][gc,marking  ] GC(2680) Concurrent Clear Claimed Marks
[2025-01-07T19:07:30.684+0000][81721.050s][info][gc,marking  ] GC(2680) Concurrent Clear Claimed Marks 0.800ms
[2025-01-07T19:07:30.684+0000][81721.050s][info][gc,marking  ] GC(2680) Concurrent Scan Root Regions
[2025-01-07T19:07:30.706+0000][81721.072s][info][gc,marking  ] GC(2680) Concurrent Scan Root Regions 21.330ms
[2025-01-07T19:07:30.706+0000][81721.072s][info][gc,marking  ] GC(2680) Concurrent Mark
[2025-01-07T19:07:30.706+0000][81721.072s][info][gc,marking  ] GC(2680) Concurrent Mark From Roots
[2025-01-07T19:07:30.706+0000][81721.072s][info][gc,task     ] GC(2680) Using 2 workers of 2 for marking
[2025-01-07T19:07:31.490+0000][81721.856s][info][gc,marking  ] GC(2680) Concurrent Mark From Roots 784.738ms
[2025-01-07T19:07:31.490+0000][81721.857s][info][gc,marking  ] GC(2680) Concurrent Preclean
[2025-01-07T19:07:31.492+0000][81721.859s][info][gc,marking  ] GC(2680) Concurrent Preclean 2.003ms
[2025-01-07T19:07:31.493+0000][81721.859s][info][gc,start    ] GC(2680) Pause Remark
[2025-01-07T19:07:31.519+0000][81721.885s][info][gc          ] GC(2680) Pause Remark 3044M->3044M(12288M) 26.270ms
[2025-01-07T19:07:31.519+0000][81721.885s][info][gc,cpu      ] GC(2680) User=0.15s Sys=0.00s Real=0.02s
[2025-01-07T19:07:31.519+0000][81721.885s][info][gc,marking  ] GC(2680) Concurrent Mark 813.339ms
[2025-01-07T19:07:31.519+0000][81721.885s][info][gc,marking  ] GC(2680) Concurrent Rebuild Remembered Sets
[2025-01-07T19:07:32.054+0000][81722.420s][info][gc,marking  ] GC(2680) Concurrent Rebuild Remembered Sets 534.910ms
[2025-01-07T19:07:32.054+0000][81722.420s][info][gc,start    ] GC(2680) Pause Cleanup
[2025-01-07T19:07:32.055+0000][81722.421s][info][gc          ] GC(2680) Pause Cleanup 3616M->3616M(12288M) 0.464ms
[2025-01-07T19:07:32.055+0000][81722.421s][info][gc,cpu      ] GC(2680) User=0.00s Sys=0.00s Real=0.00s
[2025-01-07T19:07:32.055+0000][81722.421s][info][gc,marking  ] GC(2680) Concurrent Cleanup for Next Mark
[2025-01-07T19:07:32.070+0000][81722.437s][info][gc,marking  ] GC(2680) Concurrent Cleanup for Next Mark 15.800ms
[2025-01-07T19:07:32.071+0000][81722.437s][info][gc          ] GC(2680) Concurrent Mark Cycle 1387.113ms
[2025-01-07T19:07:38.942+0000][81729.308s][info][gc,start    ] GC(2681) Pause Young (Prepare Mixed) (G1 Evacuation Pause)
[2025-01-07T19:07:38.942+0000][81729.309s][info][gc,task     ] GC(2681) Using 6 workers of 6 for evacuation
[2025-01-07T19:07:38.982+0000][81729.348s][info][gc,phases   ] GC(2681)   Pre Evacuate Collection Set: 0.2ms
[2025-01-07T19:07:38.982+0000][81729.348s][info][gc,phases   ] GC(2681)   Merge Heap Roots: 0.7ms
[2025-01-07T19:07:38.982+0000][81729.348s][info][gc,phases   ] GC(2681)   Evacuate Collection Set: 35.5ms
[2025-01-07T19:07:38.982+0000][81729.348s][info][gc,phases   ] GC(2681)   Post Evacuate Collection Set: 2.7ms
[2025-01-07T19:07:38.982+0000][81729.348s][info][gc,phases   ] GC(2681)   Other: 0.2ms
[2025-01-07T19:07:38.982+0000][81729.348s][info][gc,heap     ] GC(2681) Eden regions: 912->0(66)
[2025-01-07T19:07:38.982+0000][81729.348s][info][gc,heap     ] GC(2681) Survivor regions: 9->10(116)
[2025-01-07T19:07:38.982+0000][81729.348s][info][gc,heap     ] GC(2681) Old regions: 240->240
[2025-01-07T19:07:38.982+0000][81729.348s][info][gc,heap     ] GC(2681) Archive regions: 2->2
[2025-01-07T19:07:38.982+0000][81729.348s][info][gc,heap     ] GC(2681) Humongous regions: 49->49
[2025-01-07T19:07:38.982+0000][81729.348s][info][gc,metaspace] GC(2681) Metaspace: 498225K(506368K)->498225K(506368K) NonClass: 437685K(441856K)->437685K(441856K) Class: 60539K(64512K)->60539K(64512K)
[2025-01-07T19:07:38.982+0000][81729.348s][info][gc          ] GC(2681) Pause Young (Prepare Mixed) (G1 Evacuation Pause) 9684M->2396M(12288M) 39.385ms
[2025-01-07T19:07:38.982+0000][81729.348s][info][gc,cpu      ] GC(2681) User=0.23s Sys=0.00s Real=0.04s
[2025-01-07T19:07:39.610+0000][81729.977s][info][gc,start    ] GC(2682) Pause Young (Mixed) (G1 Evacuation Pause)
[2025-01-07T19:07:39.610+0000][81729.977s][info][gc,task     ] GC(2682) Using 6 workers of 6 for evacuation
[2025-01-07T19:07:39.673+0000][81730.039s][info][gc,phases   ] GC(2682)   Pre Evacuate Collection Set: 0.2ms
[2025-01-07T19:07:39.673+0000][81730.040s][info][gc,phases   ] GC(2682)   Merge Heap Roots: 0.7ms
[2025-01-07T19:07:39.673+0000][81730.040s][info][gc,phases   ] GC(2682)   Evacuate Collection Set: 60.2ms
[2025-01-07T19:07:39.673+0000][81730.040s][info][gc,phases   ] GC(2682)   Post Evacuate Collection Set: 1.7ms
[2025-01-07T19:07:39.673+0000][81730.040s][info][gc,phases   ] GC(2682)   Other: 0.2ms
[2025-01-07T19:07:39.673+0000][81730.040s][info][gc,heap     ] GC(2682) Eden regions: 66->0(915)
[2025-01-07T19:07:39.673+0000][81730.040s][info][gc,heap     ] GC(2682) Survivor regions: 10->6(10)
[2025-01-07T19:07:39.673+0000][81730.040s][info][gc,heap     ] GC(2682) Old regions: 240->240
[2025-01-07T19:07:39.673+0000][81730.040s][info][gc,heap     ] GC(2682) Archive regions: 2->2
[2025-01-07T19:07:39.673+0000][81730.040s][info][gc,heap     ] GC(2682) Humongous regions: 49->49
[2025-01-07T19:07:39.673+0000][81730.040s][info][gc,metaspace] GC(2682) Metaspace: 498225K(506368K)->498225K(506368K) NonClass: 437685K(441856K)->437685K(441856K) Class: 60539K(64512K)->60539K(64512K)
[2025-01-07T19:07:39.674+0000][81730.040s][info][gc          ] GC(2682) Pause Young (Mixed) (G1 Evacuation Pause) 2924M->2360M(12288M) 63.087ms
[2025-01-07T19:07:39.674+0000][81730.040s][info][gc,cpu      ] GC(2682) User=0.37s Sys=0.00s Real=0.06s
[2025-01-07T19:07:44.460+0000][81734.826s][info][gc,start    ] GC(2683) Pause Young (Normal) (G1 Evacuation Pause)
[2025-01-07T19:07:44.460+0000][81734.826s][info][gc,task     ] GC(2683) Using 6 workers of 6 for evacuation
[2025-01-07T19:07:44.486+0000][81734.852s][info][gc,phases   ] GC(2683)   Pre Evacuate Collection Set: 0.2ms
[2025-01-07T19:07:44.486+0000][81734.852s][info][gc,phases   ] GC(2683)   Merge Heap Roots: 0.4ms
[2025-01-07T19:07:44.486+0000][81734.852s][info][gc,phases   ] GC(2683)   Evacuate Collection Set: 22.9ms
[2025-01-07T19:07:44.486+0000][81734.852s][info][gc,phases   ] GC(2683)   Post Evacuate Collection Set: 2.4ms
[2025-01-07T19:07:44.486+0000][81734.852s][info][gc,phases   ] GC(2683)   Other: 0.2ms
[2025-01-07T19:07:44.486+0000][81734.852s][info][gc,heap     ] GC(2683) Eden regions: 915->0(915)
[2025-01-07T19:07:44.486+0000][81734.852s][info][gc,heap     ] GC(2683) Survivor regions: 6->6(116)
[2025-01-07T19:07:44.486+0000][81734.852s][info][gc,heap     ] GC(2683) Old regions: 240->240
[2025-01-07T19:07:44.486+0000][81734.852s][info][gc,heap     ] GC(2683) Archive regions: 2->2
[2025-01-07T19:07:44.486+0000][81734.852s][info][gc,heap     ] GC(2683) Humongous regions: 49->49
[2025-01-07T19:07:44.486+0000][81734.852s][info][gc,metaspace] GC(2683) Metaspace: 498225K(506368K)->498225K(506368K) NonClass: 437685K(441856K)->437685K(441856K) Class: 60539K(64512K)->60539K(64512K)
[2025-01-07T19:07:44.486+0000][81734.852s][info][gc          ] GC(2683) Pause Young (Normal) (G1 Evacuation Pause) 9680M->2363M(12288M) 26.320ms
[2025-01-07T19:07:44.486+0000][81734.852s][info][gc,cpu      ] GC(2683) User=0.15s Sys=0.00s Real=0.03s
[2025-01-07T19:07:48.882+0000][81739.248s][info][gc,start    ] GC(2684) Pause Young (Normal) (G1 Evacuation Pause)
[2025-01-07T19:07:48.882+0000][81739.249s][info][gc,task     ] GC(2684) Using 6 workers of 6 for evacuation
[2025-01-07T19:07:48.909+0000][81739.275s][info][gc,phases   ] GC(2684)   Pre Evacuate Collection Set: 0.2ms
[2025-01-07T19:07:48.909+0000][81739.275s][info][gc,phases   ] GC(2684)   Merge Heap Roots: 0.4ms
[2025-01-07T19:07:48.909+0000][81739.275s][info][gc,phases   ] GC(2684)   Evacuate Collection Set: 23.5ms
[2025-01-07T19:07:48.909+0000][81739.275s][info][gc,phases   ] GC(2684)   Post Evacuate Collection Set: 2.4ms
[2025-01-07T19:07:48.909+0000][81739.275s][info][gc,phases   ] GC(2684)   Other: 0.2ms
[2025-01-07T19:07:48.909+0000][81739.275s][info][gc,heap     ] GC(2684) Eden regions: 915->0(914)
[2025-01-07T19:07:48.909+0000][81739.275s][info][gc,heap     ] GC(2684) Survivor regions: 6->7(116)
[2025-01-07T19:07:48.909+0000][81739.275s][info][gc,heap     ] GC(2684) Old regions: 240->240
[2025-01-07T19:07:48.909+0000][81739.275s][info][gc,heap     ] GC(2684) Archive regions: 2->2
[2025-01-07T19:07:48.909+0000][81739.275s][info][gc,heap     ] GC(2684) Humongous regions: 49->49
[2025-01-07T19:07:48.909+0000][81739.275s][info][gc,metaspace] GC(2684) Metaspace: 498225K(506368K)->498225K(506368K) NonClass: 437685K(441856K)->437685K(441856K) Class: 60539K(64512K)->60539K(64512K)
[2025-01-07T19:07:48.909+0000][81739.275s][info][gc          ] GC(2684) Pause Young (Normal) (G1 Evacuation Pause) 9683M->2371M(12288M) 26.854ms
[2025-01-07T19:07:48.909+0000][81739.275s][info][gc,cpu      ] GC(2684) User=0.16s Sys=0.00s Real=0.02s
[2025-01-07T19:07:59.254+0000][81749.620s][info][gc,start    ] GC(2685) Pause Young (Concurrent Start) (G1 Evacuation Pause)
[2025-01-07T19:07:59.254+0000][81749.620s][info][gc,task     ] GC(2685) Using 6 workers of 6 for evacuation
[2025-01-07T19:07:59.290+0000][81749.656s][info][gc,phases   ] GC(2685)   Pre Evacuate Collection Set: 1.0ms
[2025-01-07T19:07:59.290+0000][81749.656s][info][gc,phases   ] GC(2685)   Merge Heap Roots: 0.5ms
[2025-01-07T19:07:59.290+0000][81749.656s][info][gc,phases   ] GC(2685)   Evacuate Collection Set: 31.9ms
[2025-01-07T19:07:59.290+0000][81749.656s][info][gc,phases   ] GC(2685)   Post Evacuate Collection Set: 3.0ms
[2025-01-07T19:07:59.290+0000][81749.656s][info][gc,phases   ] GC(2685)   Other: 0.4ms
[2025-01-07T19:07:59.290+0000][81749.656s][info][gc,heap     ] GC(2685) Eden regions: 914->0(912)
[2025-01-07T19:07:59.290+0000][81749.656s][info][gc,heap     ] GC(2685) Survivor regions: 7->9(116)
[2025-01-07T19:07:59.290+0000][81749.656s][info][gc,heap     ] GC(2685) Old regions: 240->240
[2025-01-07T19:07:59.290+0000][81749.656s][info][gc,heap     ] GC(2685) Archive regions: 2->2
[2025-01-07T19:07:59.290+0000][81749.656s][info][gc,heap     ] GC(2685) Humongous regions: 49->49
[2025-01-07T19:07:59.290+0000][81749.656s][info][gc,metaspace] GC(2685) Metaspace: 498225K(506368K)->498225K(506368K) NonClass: 437685K(441856K)->437685K(441856K) Class: 60539K(64512K)->60539K(64512K)
[2025-01-07T19:07:59.290+0000][81749.656s][info][gc          ] GC(2685) Pause Young (Concurrent Start) (G1 Evacuation Pause) 9683M->2381M(12288M) 36.806ms
[2025-01-07T19:07:59.290+0000][81749.657s][info][gc,cpu      ] GC(2685) User=0.21s Sys=0.00s Real=0.04s
[2025-01-07T19:07:59.290+0000][81749.657s][info][gc          ] GC(2686) Concurrent Mark Cycle
[2025-01-07T19:07:59.290+0000][81749.657s][info][gc,marking  ] GC(2686) Concurrent Clear Claimed Marks
[2025-01-07T19:07:59.291+0000][81749.657s][info][gc,marking  ] GC(2686) Concurrent Clear Claimed Marks 0.828ms
[2025-01-07T19:07:59.291+0000][81749.657s][info][gc,marking  ] GC(2686) Concurrent Scan Root Regions
[2025-01-07T19:07:59.319+0000][81749.685s][info][gc,marking  ] GC(2686) Concurrent Scan Root Regions 27.977ms
[2025-01-07T19:07:59.319+0000][81749.685s][info][gc,marking  ] GC(2686) Concurrent Mark
[2025-01-07T19:07:59.319+0000][81749.685s][info][gc,marking  ] GC(2686) Concurrent Mark From Roots
[2025-01-07T19:07:59.319+0000][81749.685s][info][gc,task     ] GC(2686) Using 2 workers of 2 for marking
[2025-01-07T19:08:00.300+0000][81750.666s][info][gc,marking  ] GC(2686) Concurrent Mark From Roots 980.528ms
[2025-01-07T19:08:00.300+0000][81750.666s][info][gc,marking  ] GC(2686) Concurrent Preclean
[2025-01-07T19:08:00.302+0000][81750.668s][info][gc,marking  ] GC(2686) Concurrent Preclean 2.147ms
[2025-01-07T19:08:00.302+0000][81750.668s][info][gc,start    ] GC(2686) Pause Remark
[2025-01-07T19:08:00.328+0000][81750.694s][info][gc          ] GC(2686) Pause Remark 3549M->3549M(12288M) 26.054ms
[2025-01-07T19:08:00.328+0000][81750.694s][info][gc,cpu      ] GC(2686) User=0.15s Sys=0.00s Real=0.02s
[2025-01-07T19:08:00.328+0000][81750.695s][info][gc,marking  ] GC(2686) Concurrent Mark 1009.124ms
[2025-01-07T19:08:00.328+0000][81750.695s][info][gc,marking  ] GC(2686) Concurrent Rebuild Remembered Sets
[2025-01-07T19:08:00.828+0000][81751.194s][info][gc,marking  ] GC(2686) Concurrent Rebuild Remembered Sets 499.201ms
[2025-01-07T19:08:00.828+0000][81751.194s][info][gc,start    ] GC(2686) Pause Cleanup
[2025-01-07T19:08:00.828+0000][81751.194s][info][gc          ] GC(2686) Pause Cleanup 3985M->3985M(12288M) 0.431ms
[2025-01-07T19:08:00.828+0000][81751.194s][info][gc,cpu      ] GC(2686) User=0.00s Sys=0.00s Real=0.00s
[2025-01-07T19:08:00.828+0000][81751.195s][info][gc,marking  ] GC(2686) Concurrent Cleanup for Next Mark
[2025-01-07T19:08:00.844+0000][81751.210s][info][gc,marking  ] GC(2686) Concurrent Cleanup for Next Mark 15.674ms
[2025-01-07T19:08:00.844+0000][81751.210s][info][gc          ] GC(2686) Concurrent Mark Cycle 1553.724ms
[2025-01-07T19:08:07.606+0000][81757.972s][info][gc,start    ] GC(2687) Pause Young (Prepare Mixed) (G1 Evacuation Pause)
[2025-01-07T19:08:07.606+0000][81757.972s][info][gc,task     ] GC(2687) Using 6 workers of 6 for evacuation
[2025-01-07T19:08:07.642+0000][81758.008s][info][gc,phases   ] GC(2687)   Pre Evacuate Collection Set: 0.2ms
[2025-01-07T19:08:07.642+0000][81758.008s][info][gc,phases   ] GC(2687)   Merge Heap Roots: 0.8ms
[2025-01-07T19:08:07.642+0000][81758.008s][info][gc,phases   ] GC(2687)   Evacuate Collection Set: 32.0ms
[2025-01-07T19:08:07.642+0000][81758.008s][info][gc,phases   ] GC(2687)   Post Evacuate Collection Set: 2.7ms
[2025-01-07T19:08:07.642+0000][81758.008s][info][gc,phases   ] GC(2687)   Other: 0.3ms
[2025-01-07T19:08:07.642+0000][81758.008s][info][gc,heap     ] GC(2687) Eden regions: 912->0(66)
[2025-01-07T19:08:07.642+0000][81758.008s][info][gc,heap     ] GC(2687) Survivor regions: 9->10(116)
[2025-01-07T19:08:07.642+0000][81758.008s][info][gc,heap     ] GC(2687) Old regions: 240->240
[2025-01-07T19:08:07.642+0000][81758.008s][info][gc,heap     ] GC(2687) Archive regions: 2->2
[2025-01-07T19:08:07.642+0000][81758.008s][info][gc,heap     ] GC(2687) Humongous regions: 49->49
[2025-01-07T19:08:07.642+0000][81758.008s][info][gc,metaspace] GC(2687) Metaspace: 498225K(506368K)->498225K(506368K) NonClass: 437685K(441856K)->437685K(441856K) Class: 60539K(64512K)->60539K(64512K)
[2025-01-07T19:08:07.642+0000][81758.008s][info][gc          ] GC(2687) Pause Young (Prepare Mixed) (G1 Evacuation Pause) 9677M->2396M(12288M) 36.002ms
[2025-01-07T19:08:07.642+0000][81758.008s][info][gc,cpu      ] GC(2687) User=0.20s Sys=0.01s Real=0.04s
[2025-01-07T19:08:07.934+0000][81758.300s][info][gc,start    ] GC(2688) Pause Young (Mixed) (G1 Evacuation Pause)
[2025-01-07T19:08:07.934+0000][81758.300s][info][gc,task     ] GC(2688) Using 6 workers of 6 for evacuation
[2025-01-07T19:08:08.000+0000][81758.366s][info][gc,phases   ] GC(2688)   Pre Evacuate Collection Set: 0.2ms
[2025-01-07T19:08:08.000+0000][81758.366s][info][gc,phases   ] GC(2688)   Merge Heap Roots: 0.8ms
[2025-01-07T19:08:08.000+0000][81758.366s][info][gc,phases   ] GC(2688)   Evacuate Collection Set: 63.3ms
[2025-01-07T19:08:08.000+0000][81758.366s][info][gc,phases   ] GC(2688)   Post Evacuate Collection Set: 2.0ms
[2025-01-07T19:08:08.000+0000][81758.366s][info][gc,phases   ] GC(2688)   Other: 0.2ms
[2025-01-07T19:08:08.000+0000][81758.366s][info][gc,heap     ] GC(2688) Eden regions: 66->0(915)
[2025-01-07T19:08:08.000+0000][81758.366s][info][gc,heap     ] GC(2688) Survivor regions: 10->6(10)
[2025-01-07T19:08:08.000+0000][81758.366s][info][gc,heap     ] GC(2688) Old regions: 240->240
[2025-01-07T19:08:08.000+0000][81758.366s][info][gc,heap     ] GC(2688) Archive regions: 2->2
[2025-01-07T19:08:08.000+0000][81758.366s][info][gc,heap     ] GC(2688) Humongous regions: 49->49
[2025-01-07T19:08:08.000+0000][81758.366s][info][gc,metaspace] GC(2688) Metaspace: 498225K(506368K)->498225K(506368K) NonClass: 437685K(441856K)->437685K(441856K) Class: 60539K(64512K)->60539K(64512K)
[2025-01-07T19:08:08.000+0000][81758.366s][info][gc          ] GC(2688) Pause Young (Mixed) (G1 Evacuation Pause) 2924M->2357M(12288M) 66.485ms
[2025-01-07T19:08:08.000+0000][81758.366s][info][gc,cpu      ] GC(2688) User=0.38s Sys=0.00s Real=0.06s
[2025-01-07T19:08:17.483+0000][81767.849s][info][gc,start    ] GC(2689) Pause Young (Normal) (G1 Evacuation Pause)
[2025-01-07T19:08:17.483+0000][81767.849s][info][gc,task     ] GC(2689) Using 6 workers of 6 for evacuation
[2025-01-07T19:08:17.513+0000][81767.879s][info][gc,phases   ] GC(2689)   Pre Evacuate Collection Set: 0.2ms
[2025-01-07T19:08:17.513+0000][81767.879s][info][gc,phases   ] GC(2689)   Merge Heap Roots: 0.4ms
[2025-01-07T19:08:17.513+0000][81767.879s][info][gc,phases   ] GC(2689)   Evacuate Collection Set: 23.8ms
[2025-01-07T19:08:17.513+0000][81767.879s][info][gc,phases   ] GC(2689)   Post Evacuate Collection Set: 5.2ms
[2025-01-07T19:08:17.513+0000][81767.879s][info][gc,phases   ] GC(2689)   Other: 0.2ms
[2025-01-07T19:08:17.513+0000][81767.879s][info][gc,heap     ] GC(2689) Eden regions: 915->0(912)
[2025-01-07T19:08:17.513+0000][81767.879s][info][gc,heap     ] GC(2689) Survivor regions: 6->9(116)
[2025-01-07T19:08:17.513+0000][81767.879s][info][gc,heap     ] GC(2689) Old regions: 240->240
[2025-01-07T19:08:17.513+0000][81767.879s][info][gc,heap     ] GC(2689) Archive regions: 2->2
[2025-01-07T19:08:17.513+0000][81767.879s][info][gc,heap     ] GC(2689) Humongous regions: 49->49
[2025-01-07T19:08:17.513+0000][81767.879s][info][gc,metaspace] GC(2689) Metaspace: 498225K(506368K)->498225K(506368K) NonClass: 437685K(441856K)->437685K(441856K) Class: 60539K(64512K)->60539K(64512K)
[2025-01-07T19:08:17.513+0000][81767.879s][info][gc          ] GC(2689) Pause Young (Normal) (G1 Evacuation Pause) 9677M->2380M(12288M) 29.933ms
[2025-01-07T19:08:17.513+0000][81767.879s][info][gc,cpu      ] GC(2689) User=0.17s Sys=0.00s Real=0.03s
[2025-01-07T19:08:25.482+0000][81775.848s][info][gc,start    ] GC(2690) Pause Young (Normal) (G1 Evacuation Pause)
[2025-01-07T19:08:25.482+0000][81775.848s][info][gc,task     ] GC(2690) Using 6 workers of 6 for evacuation
[2025-01-07T19:08:25.513+0000][81775.879s][info][gc,phases   ] GC(2690)   Pre Evacuate Collection Set: 0.2ms
[2025-01-07T19:08:25.513+0000][81775.879s][info][gc,phases   ] GC(2690)   Merge Heap Roots: 0.4ms
[2025-01-07T19:08:25.513+0000][81775.879s][info][gc,phases   ] GC(2690)   Evacuate Collection Set: 26.0ms
[2025-01-07T19:08:25.513+0000][81775.879s][info][gc,phases   ] GC(2690)   Post Evacuate Collection Set: 3.9ms
[2025-01-07T19:08:25.513+0000][81775.879s][info][gc,phases   ] GC(2690)   Other: 0.2ms
[2025-01-07T19:08:25.513+0000][81775.879s][info][gc,heap     ] GC(2690) Eden regions: 912->0(912)
[2025-01-07T19:08:25.513+0000][81775.879s][info][gc,heap     ] GC(2690) Survivor regions: 9->9(116)
[2025-01-07T19:08:25.513+0000][81775.879s][info][gc,heap     ] GC(2690) Old regions: 240->240
[2025-01-07T19:08:25.513+0000][81775.879s][info][gc,heap     ] GC(2690) Archive regions: 2->2
[2025-01-07T19:08:25.513+0000][81775.879s][info][gc,heap     ] GC(2690) Humongous regions: 49->49
[2025-01-07T19:08:25.513+0000][81775.879s][info][gc,metaspace] GC(2690) Metaspace: 498225K(506368K)->498225K(506368K) NonClass: 437685K(441856K)->437685K(441856K) Class: 60539K(64512K)->60539K(64512K)
[2025-01-07T19:08:25.513+0000][81775.879s][info][gc          ] GC(2690) Pause Young (Normal) (G1 Evacuation Pause) 9676M->2387M(12288M) 30.876ms
[2025-01-07T19:08:25.513+0000][81775.879s][info][gc,cpu      ] GC(2690) User=0.18s Sys=0.00s Real=0.03s
[2025-01-07T19:08:30.937+0000][81781.303s][info][gc,start    ] GC(2691) Pause Young (Concurrent Start) (G1 Evacuation Pause)
[2025-01-07T19:08:30.937+0000][81781.303s][info][gc,task     ] GC(2691) Using 6 workers of 6 for evacuation
[2025-01-07T19:08:30.969+0000][81781.335s][info][gc,phases   ] GC(2691)   Pre Evacuate Collection Set: 1.0ms
[2025-01-07T19:08:30.969+0000][81781.336s][info][gc,phases   ] GC(2691)   Merge Heap Roots: 0.5ms
[2025-01-07T19:08:30.969+0000][81781.336s][info][gc,phases   ] GC(2691)   Evacuate Collection Set: 28.3ms
[2025-01-07T19:08:30.969+0000][81781.336s][info][gc,phases   ] GC(2691)   Post Evacuate Collection Set: 2.5ms
[2025-01-07T19:08:30.969+0000][81781.336s][info][gc,phases   ] GC(2691)   Other: 0.3ms
[2025-01-07T19:08:30.969+0000][81781.336s][info][gc,heap     ] GC(2691) Eden regions: 912->0(912)
[2025-01-07T19:08:30.969+0000][81781.336s][info][gc,heap     ] GC(2691) Survivor regions: 9->9(116)
[2025-01-07T19:08:30.970+0000][81781.336s][info][gc,heap     ] GC(2691) Old regions: 240->240
[2025-01-07T19:08:30.970+0000][81781.336s][info][gc,heap     ] GC(2691) Archive regions: 2->2
[2025-01-07T19:08:30.970+0000][81781.336s][info][gc,heap     ] GC(2691) Humongous regions: 49->49
[2025-01-07T19:08:30.970+0000][81781.336s][info][gc,metaspace] GC(2691) Metaspace: 498225K(506368K)->498225K(506368K) NonClass: 437685K(441856K)->437685K(441856K) Class: 60539K(64512K)->60539K(64512K)
[2025-01-07T19:08:30.970+0000][81781.336s][info][gc          ] GC(2691) Pause Young (Concurrent Start) (G1 Evacuation Pause) 9683M->2387M(12288M) 32.693ms
[2025-01-07T19:08:30.970+0000][81781.336s][info][gc,cpu      ] GC(2691) User=0.18s Sys=0.00s Real=0.04s
[2025-01-07T19:08:30.970+0000][81781.336s][info][gc          ] GC(2692) Concurrent Mark Cycle
[2025-01-07T19:08:30.970+0000][81781.336s][info][gc,marking  ] GC(2692) Concurrent Clear Claimed Marks
[2025-01-07T19:08:30.970+0000][81781.337s][info][gc,marking  ] GC(2692) Concurrent Clear Claimed Marks 0.831ms
[2025-01-07T19:08:30.971+0000][81781.337s][info][gc,marking  ] GC(2692) Concurrent Scan Root Regions
[2025-01-07T19:08:30.991+0000][81781.357s][info][gc,marking  ] GC(2692) Concurrent Scan Root Regions 20.812ms
[2025-01-07T19:08:30.991+0000][81781.357s][info][gc,marking  ] GC(2692) Concurrent Mark
[2025-01-07T19:08:30.991+0000][81781.357s][info][gc,marking  ] GC(2692) Concurrent Mark From Roots
[2025-01-07T19:08:30.991+0000][81781.357s][info][gc,task     ] GC(2692) Using 2 workers of 2 for marking
[2025-01-07T19:08:31.936+0000][81782.302s][info][gc,marking  ] GC(2692) Concurrent Mark From Roots 944.965ms
[2025-01-07T19:08:31.936+0000][81782.302s][info][gc,marking  ] GC(2692) Concurrent Preclean
[2025-01-07T19:08:31.939+0000][81782.305s][info][gc,marking  ] GC(2692) Concurrent Preclean 2.456ms
[2025-01-07T19:08:31.939+0000][81782.305s][info][gc,start    ] GC(2692) Pause Remark
[2025-01-07T19:08:31.965+0000][81782.331s][info][gc          ] GC(2692) Pause Remark 3883M->3883M(12288M) 26.138ms
[2025-01-07T19:08:31.965+0000][81782.331s][info][gc,cpu      ] GC(2692) User=0.15s Sys=0.00s Real=0.03s
[2025-01-07T19:08:31.965+0000][81782.331s][info][gc,marking  ] GC(2692) Concurrent Mark 973.961ms
[2025-01-07T19:08:31.965+0000][81782.331s][info][gc,marking  ] GC(2692) Concurrent Rebuild Remembered Sets
[2025-01-07T19:08:32.524+0000][81782.890s][info][gc,marking  ] GC(2692) Concurrent Rebuild Remembered Sets 558.196ms
[2025-01-07T19:08:32.524+0000][81782.890s][info][gc,start    ] GC(2692) Pause Cleanup
[2025-01-07T19:08:32.524+0000][81782.890s][info][gc          ] GC(2692) Pause Cleanup 4531M->4531M(12288M) 0.421ms
[2025-01-07T19:08:32.524+0000][81782.890s][info][gc,cpu      ] GC(2692) User=0.00s Sys=0.00s Real=0.00s
[2025-01-07T19:08:32.524+0000][81782.890s][info][gc,marking  ] GC(2692) Concurrent Cleanup for Next Mark
[2025-01-07T19:08:32.540+0000][81782.907s][info][gc,marking  ] GC(2692) Concurrent Cleanup for Next Mark 16.122ms
[2025-01-07T19:08:32.540+0000][81782.907s][info][gc          ] GC(2692) Concurrent Mark Cycle 1570.870ms
[2025-01-07T19:08:36.618+0000][81786.984s][info][gc,start    ] GC(2693) Pause Young (Prepare Mixed) (G1 Evacuation Pause)
[2025-01-07T19:08:36.618+0000][81786.984s][info][gc,task     ] GC(2693) Using 6 workers of 6 for evacuation
[2025-01-07T19:08:36.656+0000][81787.022s][info][gc,phases   ] GC(2693)   Pre Evacuate Collection Set: 0.2ms
[2025-01-07T19:08:36.656+0000][81787.022s][info][gc,phases   ] GC(2693)   Merge Heap Roots: 0.7ms
[2025-01-07T19:08:36.656+0000][81787.022s][info][gc,phases   ] GC(2693)   Evacuate Collection Set: 34.3ms
[2025-01-07T19:08:36.656+0000][81787.022s][info][gc,phases   ] GC(2693)   Post Evacuate Collection Set: 2.8ms
[2025-01-07T19:08:36.656+0000][81787.022s][info][gc,phases   ] GC(2693)   Other: 0.2ms
[2025-01-07T19:08:36.656+0000][81787.022s][info][gc,heap     ] GC(2693) Eden regions: 912->0(66)
[2025-01-07T19:08:36.656+0000][81787.022s][info][gc,heap     ] GC(2693) Survivor regions: 9->10(116)
[2025-01-07T19:08:36.656+0000][81787.022s][info][gc,heap     ] GC(2693) Old regions: 240->240
[2025-01-07T19:08:36.656+0000][81787.022s][info][gc,heap     ] GC(2693) Archive regions: 2->2
[2025-01-07T19:08:36.656+0000][81787.022s][info][gc,heap     ] GC(2693) Humongous regions: 49->49
[2025-01-07T19:08:36.656+0000][81787.022s][info][gc,metaspace] GC(2693) Metaspace: 498225K(506368K)->498225K(506368K) NonClass: 437685K(441856K)->437685K(441856K) Class: 60539K(64512K)->60539K(64512K)
[2025-01-07T19:08:36.656+0000][81787.022s][info][gc          ] GC(2693) Pause Young (Prepare Mixed) (G1 Evacuation Pause) 9683M->2395M(12288M) 38.319ms
[2025-01-07T19:08:36.656+0000][81787.022s][info][gc,cpu      ] GC(2693) User=0.22s Sys=0.00s Real=0.04s
[2025-01-07T19:08:37.008+0000][81787.374s][info][gc,start    ] GC(2694) Pause Young (Mixed) (G1 Evacuation Pause)
[2025-01-07T19:08:37.008+0000][81787.374s][info][gc,task     ] GC(2694) Using 6 workers of 6 for evacuation
[2025-01-07T19:08:37.070+0000][81787.436s][info][gc,phases   ] GC(2694)   Pre Evacuate Collection Set: 0.2ms
[2025-01-07T19:08:37.070+0000][81787.436s][info][gc,phases   ] GC(2694)   Merge Heap Roots: 0.7ms
[2025-01-07T19:08:37.070+0000][81787.436s][info][gc,phases   ] GC(2694)   Evacuate Collection Set: 59.5ms
[2025-01-07T19:08:37.070+0000][81787.436s][info][gc,phases   ] GC(2694)   Post Evacuate Collection Set: 1.7ms
[2025-01-07T19:08:37.070+0000][81787.436s][info][gc,phases   ] GC(2694)   Other: 0.2ms
[2025-01-07T19:08:37.070+0000][81787.436s][info][gc,heap     ] GC(2694) Eden regions: 66->0(915)
[2025-01-07T19:08:37.070+0000][81787.436s][info][gc,heap     ] GC(2694) Survivor regions: 10->6(10)
[2025-01-07T19:08:37.070+0000][81787.436s][info][gc,heap     ] GC(2694) Old regions: 240->241
[2025-01-07T19:08:37.070+0000][81787.436s][info][gc,heap     ] GC(2694) Archive regions: 2->2
[2025-01-07T19:08:37.070+0000][81787.436s][info][gc,heap     ] GC(2694) Humongous regions: 49->49
[2025-01-07T19:08:37.070+0000][81787.436s][info][gc,metaspace] GC(2694) Metaspace: 498225K(506368K)->498225K(506368K) NonClass: 437685K(441856K)->437685K(441856K) Class: 60539K(64512K)->60539K(64512K)
[2025-01-07T19:08:37.070+0000][81787.436s][info][gc          ] GC(2694) Pause Young (Mixed) (G1 Evacuation Pause) 2923M->2370M(12288M) 62.431ms
[2025-01-07T19:08:37.070+0000][81787.436s][info][gc,cpu      ] GC(2694) User=0.36s Sys=0.00s Real=0.07s
[2025-01-07T19:08:41.489+0000][81791.855s][info][gc,start    ] GC(2695) Pause Young (Normal) (G1 Evacuation Pause)
[2025-01-07T19:08:41.489+0000][81791.855s][info][gc,task     ] GC(2695) Using 6 workers of 6 for evacuation
[2025-01-07T19:08:41.513+0000][81791.879s][info][gc,phases   ] GC(2695)   Pre Evacuate Collection Set: 0.2ms
[2025-01-07T19:08:41.513+0000][81791.880s][info][gc,phases   ] GC(2695)   Merge Heap Roots: 0.4ms
[2025-01-07T19:08:41.513+0000][81791.880s][info][gc,phases   ] GC(2695)   Evacuate Collection Set: 20.8ms
[2025-01-07T19:08:41.513+0000][81791.880s][info][gc,phases   ] GC(2695)   Post Evacuate Collection Set: 2.4ms
[2025-01-07T19:08:41.513+0000][81791.880s][info][gc,phases   ] GC(2695)   Other: 0.3ms
[2025-01-07T19:08:41.513+0000][81791.880s][info][gc,heap     ] GC(2695) Eden regions: 915->0(915)
[2025-01-07T19:08:41.513+0000][81791.880s][info][gc,heap     ] GC(2695) Survivor regions: 6->6(116)
[2025-01-07T19:08:41.513+0000][81791.880s][info][gc,heap     ] GC(2695) Old regions: 241->241
[2025-01-07T19:08:41.513+0000][81791.880s][info][gc,heap     ] GC(2695) Archive regions: 2->2
[2025-01-07T19:08:41.513+0000][81791.880s][info][gc,heap     ] GC(2695) Humongous regions: 49->49
[2025-01-07T19:08:41.513+0000][81791.880s][info][gc,metaspace] GC(2695) Metaspace: 498225K(506368K)->498225K(506368K) NonClass: 437685K(441856K)->437685K(441856K) Class: 60539K(64512K)->60539K(64512K)
[2025-01-07T19:08:41.514+0000][81791.880s][info][gc          ] GC(2695) Pause Young (Normal) (G1 Evacuation Pause) 9690M->2367M(12288M) 24.263ms
[2025-01-07T19:08:41.514+0000][81791.880s][info][gc,cpu      ] GC(2695) User=0.14s Sys=0.00s Real=0.03s
[2025-01-07T19:08:46.461+0000][81796.827s][info][gc,start    ] GC(2696) Pause Young (Normal) (G1 Evacuation Pause)
[2025-01-07T19:08:46.461+0000][81796.827s][info][gc,task     ] GC(2696) Using 6 workers of 6 for evacuation
[2025-01-07T19:08:46.486+0000][81796.852s][info][gc,phases   ] GC(2696)   Pre Evacuate Collection Set: 0.2ms
[2025-01-07T19:08:46.486+0000][81796.852s][info][gc,phases   ] GC(2696)   Merge Heap Roots: 0.4ms
[2025-01-07T19:08:46.486+0000][81796.852s][info][gc,phases   ] GC(2696)   Evacuate Collection Set: 21.7ms
[2025-01-07T19:08:46.486+0000][81796.852s][info][gc,phases   ] GC(2696)   Post Evacuate Collection Set: 2.4ms
[2025-01-07T19:08:46.486+0000][81796.852s][info][gc,phases   ] GC(2696)   Other: 0.2ms
[2025-01-07T19:08:46.486+0000][81796.852s][info][gc,heap     ] GC(2696) Eden regions: 915->0(914)
[2025-01-07T19:08:46.486+0000][81796.852s][info][gc,heap     ] GC(2696) Survivor regions: 6->7(116)
[2025-01-07T19:08:46.486+0000][81796.852s][info][gc,heap     ] GC(2696) Old regions: 241->241
[2025-01-07T19:08:46.486+0000][81796.852s][info][gc,heap     ] GC(2696) Archive regions: 2->2
[2025-01-07T19:08:46.486+0000][81796.852s][info][gc,heap     ] GC(2696) Humongous regions: 49->49
[2025-01-07T19:08:46.486+0000][81796.852s][info][gc,metaspace] GC(2696) Metaspace: 498225K(506368K)->498225K(506368K) NonClass: 437685K(441856K)->437685K(441856K) Class: 60539K(64512K)->60539K(64512K)
[2025-01-07T19:08:46.486+0000][81796.852s][info][gc          ] GC(2696) Pause Young (Normal) (G1 Evacuation Pause) 9687M->2373M(12288M) 25.029ms
[2025-01-07T19:08:46.486+0000][81796.852s][info][gc,cpu      ] GC(2696) User=0.15s Sys=0.00s Real=0.03s
[2025-01-07T19:08:57.715+0000][81808.081s][info][gc,start    ] GC(2697) Pause Young (Concurrent Start) (G1 Evacuation Pause)
[2025-01-07T19:08:57.715+0000][81808.081s][info][gc,task     ] GC(2697) Using 6 workers of 6 for evacuation
[2025-01-07T19:08:57.750+0000][81808.116s][info][gc,phases   ] GC(2697)   Pre Evacuate Collection Set: 1.0ms
[2025-01-07T19:08:57.750+0000][81808.116s][info][gc,phases   ] GC(2697)   Merge Heap Roots: 0.5ms
[2025-01-07T19:08:57.750+0000][81808.116s][info][gc,phases   ] GC(2697)   Evacuate Collection Set: 30.7ms
[2025-01-07T19:08:57.750+0000][81808.116s][info][gc,phases   ] GC(2697)   Post Evacuate Collection Set: 2.8ms
[2025-01-07T19:08:57.750+0000][81808.116s][info][gc,phases   ] GC(2697)   Other: 0.4ms
[2025-01-07T19:08:57.750+0000][81808.116s][info][gc,heap     ] GC(2697) Eden regions: 914->0(912)
[2025-01-07T19:08:57.750+0000][81808.116s][info][gc,heap     ] GC(2697) Survivor regions: 7->9(116)
[2025-01-07T19:08:57.750+0000][81808.116s][info][gc,heap     ] GC(2697) Old regions: 241->241
[2025-01-07T19:08:57.750+0000][81808.116s][info][gc,heap     ] GC(2697) Archive regions: 2->2
[2025-01-07T19:08:57.750+0000][81808.116s][info][gc,heap     ] GC(2697) Humongous regions: 49->49
[2025-01-07T19:08:57.750+0000][81808.116s][info][gc,metaspace] GC(2697) Metaspace: 498225K(506368K)->498225K(506368K) NonClass: 437685K(441856K)->437685K(441856K) Class: 60539K(64512K)->60539K(64512K)
[2025-01-07T19:08:57.750+0000][81808.116s][info][gc          ] GC(2697) Pause Young (Concurrent Start) (G1 Evacuation Pause) 9685M->2392M(12288M) 35.351ms
[2025-01-07T19:08:57.750+0000][81808.117s][info][gc,cpu      ] GC(2697) User=0.20s Sys=0.00s Real=0.04s
[2025-01-07T19:08:57.750+0000][81808.117s][info][gc          ] GC(2698) Concurrent Mark Cycle
[2025-01-07T19:08:57.750+0000][81808.117s][info][gc,marking  ] GC(2698) Concurrent Clear Claimed Marks
[2025-01-07T19:08:57.751+0000][81808.117s][info][gc,marking  ] GC(2698) Concurrent Clear Claimed Marks 0.859ms
[2025-01-07T19:08:57.751+0000][81808.117s][info][gc,marking  ] GC(2698) Concurrent Scan Root Regions
[2025-01-07T19:08:57.778+0000][81808.144s][info][gc,marking  ] GC(2698) Concurrent Scan Root Regions 26.784ms
[2025-01-07T19:08:57.778+0000][81808.144s][info][gc,marking  ] GC(2698) Concurrent Mark
[2025-01-07T19:08:57.778+0000][81808.144s][info][gc,marking  ] GC(2698) Concurrent Mark From Roots
[2025-01-07T19:08:57.778+0000][81808.144s][info][gc,task     ] GC(2698) Using 2 workers of 2 for marking
[2025-01-07T19:08:58.572+0000][81808.938s][info][gc,marking  ] GC(2698) Concurrent Mark From Roots 793.703ms
[2025-01-07T19:08:58.572+0000][81808.938s][info][gc,marking  ] GC(2698) Concurrent Preclean
[2025-01-07T19:08:58.575+0000][81808.941s][info][gc,marking  ] GC(2698) Concurrent Preclean 2.650ms
[2025-01-07T19:08:58.575+0000][81808.941s][info][gc,start    ] GC(2698) Pause Remark
[2025-01-07T19:08:58.603+0000][81808.969s][info][gc          ] GC(2698) Pause Remark 2991M->2991M(12288M) 27.729ms
[2025-01-07T19:08:58.603+0000][81808.969s][info][gc,cpu      ] GC(2698) User=0.16s Sys=0.00s Real=0.03s
[2025-01-07T19:08:58.603+0000][81808.969s][info][gc,marking  ] GC(2698) Concurrent Mark 824.516ms
[2025-01-07T19:08:58.603+0000][81808.969s][info][gc,marking  ] GC(2698) Concurrent Rebuild Remembered Sets
[2025-01-07T19:08:59.142+0000][81809.508s][info][gc,marking  ] GC(2698) Concurrent Rebuild Remembered Sets 539.610ms
[2025-01-07T19:08:59.143+0000][81809.509s][info][gc,start    ] GC(2698) Pause Cleanup
[2025-01-07T19:08:59.143+0000][81809.509s][info][gc          ] GC(2698) Pause Cleanup 3395M->3395M(12288M) 0.484ms
[2025-01-07T19:08:59.143+0000][81809.509s][info][gc,cpu      ] GC(2698) User=0.00s Sys=0.00s Real=0.00s
[2025-01-07T19:08:59.143+0000][81809.509s][info][gc,marking  ] GC(2698) Concurrent Cleanup for Next Mark
[2025-01-07T19:08:59.159+0000][81809.525s][info][gc,marking  ] GC(2698) Concurrent Cleanup for Next Mark 15.513ms
[2025-01-07T19:08:59.159+0000][81809.525s][info][gc          ] GC(2698) Concurrent Mark Cycle 1408.188ms
[2025-01-07T19:09:07.047+0000][81817.413s][info][gc,start    ] GC(2699) Pause Young (Prepare Mixed) (G1 Evacuation Pause)
[2025-01-07T19:09:07.047+0000][81817.413s][info][gc,task     ] GC(2699) Using 6 workers of 6 for evacuation
[2025-01-07T19:09:07.086+0000][81817.452s][info][gc,phases   ] GC(2699)   Pre Evacuate Collection Set: 0.2ms
[2025-01-07T19:09:07.086+0000][81817.452s][info][gc,phases   ] GC(2699)   Merge Heap Roots: 0.7ms
[2025-01-07T19:09:07.086+0000][81817.452s][info][gc,phases   ] GC(2699)   Evacuate Collection Set: 32.6ms
[2025-01-07T19:09:07.086+0000][81817.452s][info][gc,phases   ] GC(2699)   Post Evacuate Collection Set: 5.4ms
[2025-01-07T19:09:07.086+0000][81817.452s][info][gc,phases   ] GC(2699)   Other: 0.2ms
[2025-01-07T19:09:07.086+0000][81817.452s][info][gc,heap     ] GC(2699) Eden regions: 912->0(63)
[2025-01-07T19:09:07.086+0000][81817.452s][info][gc,heap     ] GC(2699) Survivor regions: 9->13(116)
[2025-01-07T19:09:07.086+0000][81817.452s][info][gc,heap     ] GC(2699) Old regions: 241->241
[2025-01-07T19:09:07.086+0000][81817.452s][info][gc,heap     ] GC(2699) Archive regions: 2->2
[2025-01-07T19:09:07.086+0000][81817.452s][info][gc,heap     ] GC(2699) Humongous regions: 49->49
[2025-01-07T19:09:07.086+0000][81817.452s][info][gc,metaspace] GC(2699) Metaspace: 498225K(506368K)->498225K(506368K) NonClass: 437685K(441856K)->437685K(441856K) Class: 60539K(64512K)->60539K(64512K)
[2025-01-07T19:09:07.086+0000][81817.452s][info][gc          ] GC(2699) Pause Young (Prepare Mixed) (G1 Evacuation Pause) 9688M->2420M(12288M) 39.236ms
[2025-01-07T19:09:07.086+0000][81817.452s][info][gc,cpu      ] GC(2699) User=0.23s Sys=0.00s Real=0.04s
[2025-01-07T19:09:07.586+0000][81817.952s][info][gc,start    ] GC(2700) Pause Young (Mixed) (G1 Evacuation Pause)
[2025-01-07T19:09:07.586+0000][81817.952s][info][gc,task     ] GC(2700) Using 6 workers of 6 for evacuation
[2025-01-07T19:09:07.633+0000][81817.999s][info][gc,phases   ] GC(2700)   Pre Evacuate Collection Set: 0.2ms
[2025-01-07T19:09:07.633+0000][81817.999s][info][gc,phases   ] GC(2700)   Merge Heap Roots: 0.4ms
[2025-01-07T19:09:07.633+0000][81817.999s][info][gc,phases   ] GC(2700)   Evacuate Collection Set: 44.2ms
[2025-01-07T19:09:07.633+0000][81817.999s][info][gc,phases   ] GC(2700)   Post Evacuate Collection Set: 1.6ms
[2025-01-07T19:09:07.633+0000][81817.999s][info][gc,phases   ] GC(2700)   Other: 0.2ms
[2025-01-07T19:09:07.633+0000][81817.999s][info][gc,heap     ] GC(2700) Eden regions: 63->0(916)
[2025-01-07T19:09:07.633+0000][81817.999s][info][gc,heap     ] GC(2700) Survivor regions: 13->5(10)
[2025-01-07T19:09:07.633+0000][81817.999s][info][gc,heap     ] GC(2700) Old regions: 241->241
[2025-01-07T19:09:07.633+0000][81817.999s][info][gc,heap     ] GC(2700) Archive regions: 2->2
[2025-01-07T19:09:07.633+0000][81817.999s][info][gc,heap     ] GC(2700) Humongous regions: 49->49
[2025-01-07T19:09:07.633+0000][81817.999s][info][gc,metaspace] GC(2700) Metaspace: 498225K(506368K)->498225K(506368K) NonClass: 437685K(441856K)->437685K(441856K) Class: 60539K(64512K)->60539K(64512K)
[2025-01-07T19:09:07.633+0000][81817.999s][info][gc          ] GC(2700) Pause Young (Mixed) (G1 Evacuation Pause) 2924M->2361M(12288M) 46.749ms
[2025-01-07T19:09:07.633+0000][81817.999s][info][gc,cpu      ] GC(2700) User=0.27s Sys=0.00s Real=0.05s
[2025-01-07T19:09:16.827+0000][81827.193s][info][gc,start    ] GC(2701) Pause Young (Normal) (G1 Evacuation Pause)
[2025-01-07T19:09:16.827+0000][81827.193s][info][gc,task     ] GC(2701) Using 6 workers of 6 for evacuation
[2025-01-07T19:09:16.851+0000][81827.217s][info][gc,phases   ] GC(2701)   Pre Evacuate Collection Set: 0.2ms
[2025-01-07T19:09:16.851+0000][81827.217s][info][gc,phases   ] GC(2701)   Merge Heap Roots: 0.4ms
[2025-01-07T19:09:16.851+0000][81827.217s][info][gc,phases   ] GC(2701)   Evacuate Collection Set: 20.0ms
[2025-01-07T19:09:16.851+0000][81827.217s][info][gc,phases   ] GC(2701)   Post Evacuate Collection Set: 2.6ms
[2025-01-07T19:09:16.851+0000][81827.217s][info][gc,phases   ] GC(2701)   Other: 0.2ms
[2025-01-07T19:09:16.851+0000][81827.217s][info][gc,heap     ] GC(2701) Eden regions: 916->0(915)
[2025-01-07T19:09:16.851+0000][81827.217s][info][gc,heap     ] GC(2701) Survivor regions: 5->6(116)
[2025-01-07T19:09:16.851+0000][81827.217s][info][gc,heap     ] GC(2701) Old regions: 241->241
[2025-01-07T19:09:16.851+0000][81827.217s][info][gc,heap     ] GC(2701) Archive regions: 2->2
[2025-01-07T19:09:16.851+0000][81827.217s][info][gc,heap     ] GC(2701) Humongous regions: 49->49
[2025-01-07T19:09:16.851+0000][81827.217s][info][gc,metaspace] GC(2701) Metaspace: 498225K(506368K)->498225K(506368K) NonClass: 437685K(441856K)->437685K(441856K) Class: 60539K(64512K)->60539K(64512K)
[2025-01-07T19:09:16.851+0000][81827.217s][info][gc          ] GC(2701) Pause Young (Normal) (G1 Evacuation Pause) 9689M->2371M(12288M) 23.459ms
[2025-01-07T19:09:16.851+0000][81827.217s][info][gc,cpu      ] GC(2701) User=0.13s Sys=0.00s Real=0.03s
[2025-01-07T19:09:23.479+0000][81833.845s][info][gc,start    ] GC(2702) Pause Young (Normal) (G1 Evacuation Pause)
[2025-01-07T19:09:23.479+0000][81833.845s][info][gc,task     ] GC(2702) Using 6 workers of 6 for evacuation
[2025-01-07T19:09:23.505+0000][81833.871s][info][gc,phases   ] GC(2702)   Pre Evacuate Collection Set: 0.2ms
[2025-01-07T19:09:23.505+0000][81833.871s][info][gc,phases   ] GC(2702)   Merge Heap Roots: 0.4ms
[2025-01-07T19:09:23.505+0000][81833.871s][info][gc,phases   ] GC(2702)   Evacuate Collection Set: 21.4ms
[2025-01-07T19:09:23.505+0000][81833.871s][info][gc,phases   ] GC(2702)   Post Evacuate Collection Set: 3.7ms
[2025-01-07T19:09:23.505+0000][81833.871s][info][gc,phases   ] GC(2702)   Other: 0.2ms
[2025-01-07T19:09:23.505+0000][81833.871s][info][gc,heap     ] GC(2702) Eden regions: 915->0(912)
[2025-01-07T19:09:23.505+0000][81833.871s][info][gc,heap     ] GC(2702) Survivor regions: 6->8(116)
[2025-01-07T19:09:23.505+0000][81833.871s][info][gc,heap     ] GC(2702) Old regions: 241->241
[2025-01-07T19:09:23.505+0000][81833.871s][info][gc,heap     ] GC(2702) Archive regions: 2->2
[2025-01-07T19:09:23.505+0000][81833.871s][info][gc,heap     ] GC(2702) Humongous regions: 49->49
[2025-01-07T19:09:23.505+0000][81833.871s][info][gc,metaspace] GC(2702) Metaspace: 498225K(506368K)->498225K(506368K) NonClass: 437685K(441856K)->437685K(441856K) Class: 60539K(64512K)->60539K(64512K)
[2025-01-07T19:09:23.505+0000][81833.871s][info][gc          ] GC(2702) Pause Young (Normal) (G1 Evacuation Pause) 9691M->2386M(12288M) 26.018ms
[2025-01-07T19:09:23.505+0000][81833.871s][info][gc,cpu      ] GC(2702) User=0.15s Sys=0.00s Real=0.03s
[2025-01-07T19:09:32.626+0000][81842.992s][info][gc,start    ] GC(2703) Pause Young (Concurrent Start) (G1 Evacuation Pause)
[2025-01-07T19:09:32.626+0000][81842.992s][info][gc,task     ] GC(2703) Using 6 workers of 6 for evacuation
[2025-01-07T19:09:32.660+0000][81843.026s][info][gc,phases   ] GC(2703)   Pre Evacuate Collection Set: 1.0ms
[2025-01-07T19:09:32.660+0000][81843.026s][info][gc,phases   ] GC(2703)   Merge Heap Roots: 0.4ms
[2025-01-07T19:09:32.660+0000][81843.026s][info][gc,phases   ] GC(2703)   Evacuate Collection Set: 29.8ms
[2025-01-07T19:09:32.660+0000][81843.026s][info][gc,phases   ] GC(2703)   Post Evacuate Collection Set: 2.9ms
[2025-01-07T19:09:32.660+0000][81843.026s][info][gc,phases   ] GC(2703)   Other: 0.3ms
[2025-01-07T19:09:32.660+0000][81843.026s][info][gc,heap     ] GC(2703) Eden regions: 912->0(910)
[2025-01-07T19:09:32.660+0000][81843.026s][info][gc,heap     ] GC(2703) Survivor regions: 8->10(115)
[2025-01-07T19:09:32.660+0000][81843.026s][info][gc,heap     ] GC(2703) Old regions: 241->241
[2025-01-07T19:09:32.660+0000][81843.026s][info][gc,heap     ] GC(2703) Archive regions: 2->2
[2025-01-07T19:09:32.660+0000][81843.026s][info][gc,heap     ] GC(2703) Humongous regions: 49->49
[2025-01-07T19:09:32.660+0000][81843.026s][info][gc,metaspace] GC(2703) Metaspace: 498225K(506368K)->498225K(506368K) NonClass: 437685K(441856K)->437685K(441856K) Class: 60539K(64512K)->60539K(64512K)
[2025-01-07T19:09:32.660+0000][81843.026s][info][gc          ] GC(2703) Pause Young (Concurrent Start) (G1 Evacuation Pause) 9682M->2402M(12288M) 34.471ms
[2025-01-07T19:09:32.660+0000][81843.026s][info][gc,cpu      ] GC(2703) User=0.20s Sys=0.00s Real=0.03s
[2025-01-07T19:09:32.660+0000][81843.026s][info][gc          ] GC(2704) Concurrent Mark Cycle
[2025-01-07T19:09:32.660+0000][81843.027s][info][gc,marking  ] GC(2704) Concurrent Clear Claimed Marks
[2025-01-07T19:09:32.661+0000][81843.027s][info][gc,marking  ] GC(2704) Concurrent Clear Claimed Marks 0.818ms
[2025-01-07T19:09:32.661+0000][81843.027s][info][gc,marking  ] GC(2704) Concurrent Scan Root Regions
[2025-01-07T19:09:32.689+0000][81843.055s][info][gc,marking  ] GC(2704) Concurrent Scan Root Regions 27.831ms
[2025-01-07T19:09:32.689+0000][81843.055s][info][gc,marking  ] GC(2704) Concurrent Mark
[2025-01-07T19:09:32.689+0000][81843.055s][info][gc,marking  ] GC(2704) Concurrent Mark From Roots
[2025-01-07T19:09:32.689+0000][81843.055s][info][gc,task     ] GC(2704) Using 2 workers of 2 for marking
[2025-01-07T19:09:33.562+0000][81843.928s][info][gc,marking  ] GC(2704) Concurrent Mark From Roots 872.969ms
[2025-01-07T19:09:33.562+0000][81843.928s][info][gc,marking  ] GC(2704) Concurrent Preclean
[2025-01-07T19:09:33.564+0000][81843.930s][info][gc,marking  ] GC(2704) Concurrent Preclean 2.074ms
[2025-01-07T19:09:33.564+0000][81843.930s][info][gc,start    ] GC(2704) Pause Remark
[2025-01-07T19:09:33.590+0000][81843.956s][info][gc          ] GC(2704) Pause Remark 3233M->3233M(12288M) 25.857ms
[2025-01-07T19:09:33.590+0000][81843.956s][info][gc,cpu      ] GC(2704) User=0.15s Sys=0.00s Real=0.03s
[2025-01-07T19:09:33.590+0000][81843.956s][info][gc,marking  ] GC(2704) Concurrent Mark 901.267ms
[2025-01-07T19:09:33.590+0000][81843.957s][info][gc,marking  ] GC(2704) Concurrent Rebuild Remembered Sets
[2025-01-07T19:09:34.081+0000][81844.447s][info][gc,marking  ] GC(2704) Concurrent Rebuild Remembered Sets 490.412ms
[2025-01-07T19:09:34.081+0000][81844.447s][info][gc,start    ] GC(2704) Pause Cleanup
[2025-01-07T19:09:34.081+0000][81844.448s][info][gc          ] GC(2704) Pause Cleanup 3350M->3350M(12288M) 0.510ms
[2025-01-07T19:09:34.082+0000][81844.448s][info][gc,cpu      ] GC(2704) User=0.00s Sys=0.00s Real=0.01s
[2025-01-07T19:09:34.082+0000][81844.448s][info][gc,marking  ] GC(2704) Concurrent Cleanup for Next Mark
[2025-01-07T19:09:34.097+0000][81844.463s][info][gc,marking  ] GC(2704) Concurrent Cleanup for Next Mark 15.420ms
[2025-01-07T19:09:34.097+0000][81844.463s][info][gc          ] GC(2704) Concurrent Mark Cycle 1436.686ms
[2025-01-07T19:29:10.125+0000][83020.491s][info][gc,start    ] GC(2705) Pause Young (Prepare Mixed) (G1 Evacuation Pause)
[2025-01-07T19:29:10.125+0000][83020.491s][info][gc,task     ] GC(2705) Using 6 workers of 6 for evacuation
[2025-01-07T19:29:10.158+0000][83020.524s][info][gc,phases   ] GC(2705)   Pre Evacuate Collection Set: 0.3ms
[2025-01-07T19:29:10.158+0000][83020.524s][info][gc,phases   ] GC(2705)   Merge Heap Roots: 0.7ms
[2025-01-07T19:29:10.158+0000][83020.524s][info][gc,phases   ] GC(2705)   Evacuate Collection Set: 28.6ms
[2025-01-07T19:29:10.158+0000][83020.524s][info][gc,phases   ] GC(2705)   Post Evacuate Collection Set: 2.9ms
[2025-01-07T19:29:10.158+0000][83020.524s][info][gc,phases   ] GC(2705)   Other: 0.2ms
[2025-01-07T19:29:10.158+0000][83020.524s][info][gc,heap     ] GC(2705) Eden regions: 910->0(66)
[2025-01-07T19:29:10.158+0000][83020.524s][info][gc,heap     ] GC(2705) Survivor regions: 10->10(115)
[2025-01-07T19:29:10.158+0000][83020.524s][info][gc,heap     ] GC(2705) Old regions: 241->241
[2025-01-07T19:29:10.158+0000][83020.524s][info][gc,heap     ] GC(2705) Archive regions: 2->2
[2025-01-07T19:29:10.158+0000][83020.524s][info][gc,heap     ] GC(2705) Humongous regions: 49->49
[2025-01-07T19:29:10.158+0000][83020.524s][info][gc,metaspace] GC(2705) Metaspace: 498291K(506496K)->498291K(506496K) NonClass: 437751K(441984K)->437751K(441984K) Class: 60540K(64512K)->60540K(64512K)
[2025-01-07T19:29:10.158+0000][83020.524s][info][gc          ] GC(2705) Pause Young (Prepare Mixed) (G1 Evacuation Pause) 9682M->2397M(12288M) 32.756ms
[2025-01-07T19:29:10.158+0000][83020.524s][info][gc,cpu      ] GC(2705) User=0.19s Sys=0.00s Real=0.03s
[2025-01-07T19:33:58.307+0000][83308.673s][info][gc,start    ] GC(2706) Pause Young (Mixed) (GCLocker Initiated GC)
[2025-01-07T19:33:58.307+0000][83308.673s][info][gc,task     ] GC(2706) Using 6 workers of 6 for evacuation
[2025-01-07T19:33:58.357+0000][83308.724s][info][gc,phases   ] GC(2706)   Pre Evacuate Collection Set: 0.2ms
[2025-01-07T19:33:58.357+0000][83308.724s][info][gc,phases   ] GC(2706)   Merge Heap Roots: 0.6ms
[2025-01-07T19:33:58.357+0000][83308.724s][info][gc,phases   ] GC(2706)   Evacuate Collection Set: 47.9ms
[2025-01-07T19:33:58.357+0000][83308.724s][info][gc,phases   ] GC(2706)   Post Evacuate Collection Set: 1.8ms
[2025-01-07T19:33:58.357+0000][83308.724s][info][gc,phases   ] GC(2706)   Other: 0.2ms
[2025-01-07T19:33:58.358+0000][83308.724s][info][gc,heap     ] GC(2706) Eden regions: 66->0(912)
[2025-01-07T19:33:58.358+0000][83308.724s][info][gc,heap     ] GC(2706) Survivor regions: 10->8(10)
[2025-01-07T19:33:58.358+0000][83308.724s][info][gc,heap     ] GC(2706) Old regions: 241->240
[2025-01-07T19:33:58.358+0000][83308.724s][info][gc,heap     ] GC(2706) Archive regions: 2->2
[2025-01-07T19:33:58.358+0000][83308.724s][info][gc,heap     ] GC(2706) Humongous regions: 49->49
[2025-01-07T19:33:58.358+0000][83308.724s][info][gc,metaspace] GC(2706) Metaspace: 498296K(506496K)->498296K(506496K) NonClass: 437755K(441984K)->437755K(441984K) Class: 60541K(64512K)->60541K(64512K)
[2025-01-07T19:33:58.358+0000][83308.724s][info][gc          ] GC(2706) Pause Young (Mixed) (GCLocker Initiated GC) 2925M->2377M(12288M) 50.751ms
[2025-01-07T19:33:58.358+0000][83308.724s][info][gc,cpu      ] GC(2706) User=0.29s Sys=0.00s Real=0.05s
[2025-01-07T19:35:33.346+0000][83403.712s][info][gc,start    ] GC(2707) Pause Young (Normal) (G1 Evacuation Pause)
[2025-01-07T19:35:33.346+0000][83403.713s][info][gc,task     ] GC(2707) Using 6 workers of 6 for evacuation
[2025-01-07T19:35:33.396+0000][83403.763s][info][gc,phases   ] GC(2707)   Pre Evacuate Collection Set: 0.2ms
[2025-01-07T19:35:33.397+0000][83403.763s][info][gc,phases   ] GC(2707)   Merge Heap Roots: 0.6ms
[2025-01-07T19:35:33.397+0000][83403.763s][info][gc,phases   ] GC(2707)   Evacuate Collection Set: 45.9ms
[2025-01-07T19:35:33.397+0000][83403.763s][info][gc,phases   ] GC(2707)   Post Evacuate Collection Set: 3.2ms
[2025-01-07T19:35:33.397+0000][83403.763s][info][gc,phases   ] GC(2707)   Other: 0.2ms
[2025-01-07T19:35:33.397+0000][83403.763s][info][gc,heap     ] GC(2707) Eden regions: 912->0(906)
[2025-01-07T19:35:33.397+0000][83403.763s][info][gc,heap     ] GC(2707) Survivor regions: 8->12(115)
[2025-01-07T19:35:33.397+0000][83403.763s][info][gc,heap     ] GC(2707) Old regions: 240->240
[2025-01-07T19:35:33.397+0000][83403.763s][info][gc,heap     ] GC(2707) Archive regions: 2->2
[2025-01-07T19:35:33.397+0000][83403.763s][info][gc,heap     ] GC(2707) Humongous regions: 49->49
[2025-01-07T19:35:33.397+0000][83403.763s][info][gc,metaspace] GC(2707) Metaspace: 498430K(506624K)->498430K(506624K) NonClass: 437879K(442048K)->437879K(442048K) Class: 60550K(64576K)->60550K(64576K)
[2025-01-07T19:35:33.397+0000][83403.763s][info][gc          ] GC(2707) Pause Young (Normal) (G1 Evacuation Pause) 9673M->2408M(12288M) 50.204ms
[2025-01-07T19:35:33.397+0000][83403.763s][info][gc,cpu      ] GC(2707) User=0.30s Sys=0.00s Real=0.05s
[2025-01-07T19:36:12.155+0000][83442.521s][info][gc,start    ] GC(2708) Pause Young (Concurrent Start) (G1 Humongous Allocation)
[2025-01-07T19:36:12.155+0000][83442.521s][info][gc,task     ] GC(2708) Using 6 workers of 6 for evacuation
[2025-01-07T19:36:12.223+0000][83442.589s][info][gc,phases   ] GC(2708)   Pre Evacuate Collection Set: 1.0ms
[2025-01-07T19:36:12.223+0000][83442.589s][info][gc,phases   ] GC(2708)   Merge Heap Roots: 0.6ms
[2025-01-07T19:36:12.223+0000][83442.589s][info][gc,phases   ] GC(2708)   Evacuate Collection Set: 63.6ms
[2025-01-07T19:36:12.223+0000][83442.589s][info][gc,phases   ] GC(2708)   Post Evacuate Collection Set: 3.1ms
[2025-01-07T19:36:12.223+0000][83442.589s][info][gc,phases   ] GC(2708)   Other: 0.3ms
[2025-01-07T19:36:12.223+0000][83442.589s][info][gc,heap     ] GC(2708) Eden regions: 697->0(896)
[2025-01-07T19:36:12.223+0000][83442.589s][info][gc,heap     ] GC(2708) Survivor regions: 12->19(115)
[2025-01-07T19:36:12.223+0000][83442.589s][info][gc,heap     ] GC(2708) Old regions: 240->240
[2025-01-07T19:36:12.223+0000][83442.589s][info][gc,heap     ] GC(2708) Archive regions: 2->2
[2025-01-07T19:36:12.223+0000][83442.589s][info][gc,heap     ] GC(2708) Humongous regions: 49->49
[2025-01-07T19:36:12.223+0000][83442.589s][info][gc,metaspace] GC(2708) Metaspace: 498493K(506688K)->498493K(506688K) NonClass: 437935K(442112K)->437935K(442112K) Class: 60558K(64576K)->60558K(64576K)
[2025-01-07T19:36:12.223+0000][83442.589s][info][gc          ] GC(2708) Pause Young (Concurrent Start) (G1 Humongous Allocation) 7983M->2461M(12288M) 68.555ms
[2025-01-07T19:36:12.223+0000][83442.589s][info][gc,cpu      ] GC(2708) User=0.40s Sys=0.00s Real=0.07s
[2025-01-07T19:36:12.223+0000][83442.589s][info][gc          ] GC(2709) Concurrent Mark Cycle
[2025-01-07T19:36:12.223+0000][83442.589s][info][gc,marking  ] GC(2709) Concurrent Clear Claimed Marks
[2025-01-07T19:36:12.224+0000][83442.590s][info][gc,marking  ] GC(2709) Concurrent Clear Claimed Marks 0.809ms
[2025-01-07T19:36:12.224+0000][83442.590s][info][gc,marking  ] GC(2709) Concurrent Scan Root Regions
[2025-01-07T19:36:12.286+0000][83442.652s][info][gc,marking  ] GC(2709) Concurrent Scan Root Regions 62.000ms
[2025-01-07T19:36:12.286+0000][83442.652s][info][gc,marking  ] GC(2709) Concurrent Mark
[2025-01-07T19:36:12.286+0000][83442.652s][info][gc,marking  ] GC(2709) Concurrent Mark From Roots
[2025-01-07T19:36:12.286+0000][83442.652s][info][gc,task     ] GC(2709) Using 2 workers of 2 for marking
[2025-01-07T19:36:13.000+0000][83443.366s][info][gc,marking  ] GC(2709) Concurrent Mark From Roots 713.479ms
[2025-01-07T19:36:13.000+0000][83443.366s][info][gc,marking  ] GC(2709) Concurrent Preclean
[2025-01-07T19:36:13.002+0000][83443.368s][info][gc,marking  ] GC(2709) Concurrent Preclean 1.813ms
[2025-01-07T19:36:13.002+0000][83443.368s][info][gc,start    ] GC(2709) Pause Remark
[2025-01-07T19:36:13.027+0000][83443.393s][info][gc          ] GC(2709) Pause Remark 2849M->2849M(12288M) 25.110ms
[2025-01-07T19:36:13.027+0000][83443.393s][info][gc,cpu      ] GC(2709) User=0.14s Sys=0.00s Real=0.02s
[2025-01-07T19:36:13.027+0000][83443.393s][info][gc,marking  ] GC(2709) Concurrent Mark 740.718ms
[2025-01-07T19:36:13.027+0000][83443.393s][info][gc,marking  ] GC(2709) Concurrent Rebuild Remembered Sets
[2025-01-07T19:36:13.472+0000][83443.838s][info][gc,marking  ] GC(2709) Concurrent Rebuild Remembered Sets 444.967ms
[2025-01-07T19:36:13.472+0000][83443.838s][info][gc,start    ] GC(2709) Pause Cleanup
[2025-01-07T19:36:13.472+0000][83443.839s][info][gc          ] GC(2709) Pause Cleanup 3109M->3109M(12288M) 0.473ms
[2025-01-07T19:36:13.473+0000][83443.839s][info][gc,cpu      ] GC(2709) User=0.00s Sys=0.00s Real=0.00s
[2025-01-07T19:36:13.473+0000][83443.839s][info][gc,marking  ] GC(2709) Concurrent Cleanup for Next Mark
[2025-01-07T19:36:13.501+0000][83443.867s][info][gc,marking  ] GC(2709) Concurrent Cleanup for Next Mark 28.201ms
[2025-01-07T19:36:13.501+0000][83443.867s][info][gc          ] GC(2709) Concurrent Mark Cycle 1277.530ms
[2025-01-07T19:36:28.309+0000][83458.675s][info][gc,start    ] GC(2710) Pause Young (Prepare Mixed) (G1 Evacuation Pause)
[2025-01-07T19:36:28.309+0000][83458.675s][info][gc,task     ] GC(2710) Using 6 workers of 6 for evacuation
[2025-01-07T19:36:28.382+0000][83458.748s][info][gc,phases   ] GC(2710)   Pre Evacuate Collection Set: 0.2ms
[2025-01-07T19:36:28.382+0000][83458.748s][info][gc,phases   ] GC(2710)   Merge Heap Roots: 1.0ms
[2025-01-07T19:36:28.382+0000][83458.748s][info][gc,phases   ] GC(2710)   Evacuate Collection Set: 69.2ms
[2025-01-07T19:36:28.382+0000][83458.748s][info][gc,phases   ] GC(2710)   Post Evacuate Collection Set: 2.9ms
[2025-01-07T19:36:28.382+0000][83458.748s][info][gc,phases   ] GC(2710)   Other: 0.2ms
[2025-01-07T19:36:28.382+0000][83458.748s][info][gc,heap     ] GC(2710) Eden regions: 896->0(54)
[2025-01-07T19:36:28.382+0000][83458.748s][info][gc,heap     ] GC(2710) Survivor regions: 19->22(115)
[2025-01-07T19:36:28.382+0000][83458.748s][info][gc,heap     ] GC(2710) Old regions: 240->240
[2025-01-07T19:36:28.382+0000][83458.748s][info][gc,heap     ] GC(2710) Archive regions: 2->2
[2025-01-07T19:36:28.382+0000][83458.748s][info][gc,heap     ] GC(2710) Humongous regions: 61->61
[2025-01-07T19:36:28.382+0000][83458.748s][info][gc,metaspace] GC(2710) Metaspace: 498555K(506752K)->498555K(506752K) NonClass: 437988K(442176K)->437988K(442176K) Class: 60566K(64576K)->60566K(64576K)
[2025-01-07T19:36:28.382+0000][83458.748s][info][gc          ] GC(2710) Pause Young (Prepare Mixed) (G1 Evacuation Pause) 9725M->2586M(12288M) 73.487ms
[2025-01-07T19:36:28.382+0000][83458.748s][info][gc,cpu      ] GC(2710) User=0.43s Sys=0.00s Real=0.08s
[2025-01-07T19:36:28.939+0000][83459.305s][info][gc,start    ] GC(2711) Pause Young (Mixed) (G1 Evacuation Pause)
[2025-01-07T19:36:28.939+0000][83459.305s][info][gc,task     ] GC(2711) Using 6 workers of 6 for evacuation
[2025-01-07T19:36:29.046+0000][83459.412s][info][gc,phases   ] GC(2711)   Pre Evacuate Collection Set: 0.2ms
[2025-01-07T19:36:29.046+0000][83459.412s][info][gc,phases   ] GC(2711)   Merge Heap Roots: 1.0ms
[2025-01-07T19:36:29.046+0000][83459.412s][info][gc,phases   ] GC(2711)   Evacuate Collection Set: 104.2ms
[2025-01-07T19:36:29.046+0000][83459.412s][info][gc,phases   ] GC(2711)   Post Evacuate Collection Set: 2.2ms
[2025-01-07T19:36:29.046+0000][83459.412s][info][gc,phases   ] GC(2711)   Other: 0.2ms
[2025-01-07T19:36:29.046+0000][83459.412s][info][gc,heap     ] GC(2711) Eden regions: 54->0(889)
[2025-01-07T19:36:29.046+0000][83459.412s][info][gc,heap     ] GC(2711) Survivor regions: 22->3(10)
[2025-01-07T19:36:29.046+0000][83459.413s][info][gc,heap     ] GC(2711) Old regions: 240->251
[2025-01-07T19:36:29.046+0000][83459.413s][info][gc,heap     ] GC(2711) Archive regions: 2->2
[2025-01-07T19:36:29.046+0000][83459.413s][info][gc,heap     ] GC(2711) Humongous regions: 61->61
[2025-01-07T19:36:29.046+0000][83459.413s][info][gc,metaspace] GC(2711) Metaspace: 498555K(506752K)->498555K(506752K) NonClass: 437988K(442176K)->437988K(442176K) Class: 60566K(64576K)->60566K(64576K)
[2025-01-07T19:36:29.046+0000][83459.413s][info][gc          ] GC(2711) Pause Young (Mixed) (G1 Evacuation Pause) 3018M->2522M(12288M) 107.802ms
[2025-01-07T19:36:29.046+0000][83459.413s][info][gc,cpu      ] GC(2711) User=0.63s Sys=0.00s Real=0.11s
[2025-01-07T19:36:56.514+0000][83486.880s][info][gc,start    ] GC(2712) Pause Young (Normal) (G1 Evacuation Pause)
[2025-01-07T19:36:56.514+0000][83486.880s][info][gc,task     ] GC(2712) Using 6 workers of 6 for evacuation
[2025-01-07T19:36:56.534+0000][83486.900s][info][gc,phases   ] GC(2712)   Pre Evacuate Collection Set: 0.2ms
[2025-01-07T19:36:56.534+0000][83486.901s][info][gc,phases   ] GC(2712)   Merge Heap Roots: 0.3ms
[2025-01-07T19:36:56.534+0000][83486.901s][info][gc,phases   ] GC(2712)   Evacuate Collection Set: 17.1ms
[2025-01-07T19:36:56.534+0000][83486.901s][info][gc,phases   ] GC(2712)   Post Evacuate Collection Set: 2.7ms
[2025-01-07T19:36:56.534+0000][83486.901s][info][gc,phases   ] GC(2712)   Other: 0.2ms
[2025-01-07T19:36:56.534+0000][83486.901s][info][gc,heap     ] GC(2712) Eden regions: 889->0(884)
[2025-01-07T19:36:56.534+0000][83486.901s][info][gc,heap     ] GC(2712) Survivor regions: 3->5(112)
[2025-01-07T19:36:56.534+0000][83486.901s][info][gc,heap     ] GC(2712) Old regions: 251->251
[2025-01-07T19:36:56.534+0000][83486.901s][info][gc,heap     ] GC(2712) Archive regions: 2->2
[2025-01-07T19:36:56.534+0000][83486.901s][info][gc,heap     ] GC(2712) Humongous regions: 65->65
[2025-01-07T19:36:56.534+0000][83486.901s][info][gc,metaspace] GC(2712) Metaspace: 498570K(506816K)->498570K(506816K) NonClass: 438003K(442240K)->438003K(442240K) Class: 60567K(64576K)->60567K(64576K)
[2025-01-07T19:36:56.535+0000][83486.901s][info][gc          ] GC(2712) Pause Young (Normal) (G1 Evacuation Pause) 9666M->2567M(12288M) 20.645ms
[2025-01-07T19:36:56.535+0000][83486.901s][info][gc,cpu      ] GC(2712) User=0.11s Sys=0.00s Real=0.02s
[2025-01-07T19:37:20.191+0000][83510.558s][info][gc,start    ] GC(2713) Pause Young (Normal) (G1 Evacuation Pause)
[2025-01-07T19:37:20.192+0000][83510.558s][info][gc,task     ] GC(2713) Using 6 workers of 6 for evacuation
[2025-01-07T19:37:20.216+0000][83510.583s][info][gc,phases   ] GC(2713)   Pre Evacuate Collection Set: 0.2ms
[2025-01-07T19:37:20.216+0000][83510.583s][info][gc,phases   ] GC(2713)   Merge Heap Roots: 0.4ms
[2025-01-07T19:37:20.217+0000][83510.583s][info][gc,phases   ] GC(2713)   Evacuate Collection Set: 21.8ms
[2025-01-07T19:37:20.217+0000][83510.583s][info][gc,phases   ] GC(2713)   Post Evacuate Collection Set: 2.4ms
[2025-01-07T19:37:20.217+0000][83510.583s][info][gc,phases   ] GC(2713)   Other: 0.2ms
[2025-01-07T19:37:20.217+0000][83510.583s][info][gc,heap     ] GC(2713) Eden regions: 884->0(887)
[2025-01-07T19:37:20.217+0000][83510.583s][info][gc,heap     ] GC(2713) Survivor regions: 5->5(112)
[2025-01-07T19:37:20.217+0000][83510.583s][info][gc,heap     ] GC(2713) Old regions: 251->251
[2025-01-07T19:37:20.217+0000][83510.583s][info][gc,heap     ] GC(2713) Archive regions: 2->2
[2025-01-07T19:37:20.217+0000][83510.583s][info][gc,heap     ] GC(2713) Humongous regions: 65->65
[2025-01-07T19:37:20.217+0000][83510.583s][info][gc,metaspace] GC(2713) Metaspace: 498579K(506816K)->498579K(506816K) NonClass: 438011K(442240K)->438011K(442240K) Class: 60567K(64576K)->60567K(64576K)
[2025-01-07T19:37:20.217+0000][83510.583s][info][gc          ] GC(2713) Pause Young (Normal) (G1 Evacuation Pause) 9639M->2566M(12288M) 25.106ms
[2025-01-07T19:37:20.217+0000][83510.583s][info][gc,cpu      ] GC(2713) User=0.14s Sys=0.00s Real=0.02s
[2025-01-07T19:37:32.402+0000][83522.768s][info][gc,start    ] GC(2714) Pause Young (Concurrent Start) (G1 Evacuation Pause)
[2025-01-07T19:37:32.402+0000][83522.768s][info][gc,task     ] GC(2714) Using 6 workers of 6 for evacuation
[2025-01-07T19:37:32.436+0000][83522.802s][info][gc,phases   ] GC(2714)   Pre Evacuate Collection Set: 1.0ms
[2025-01-07T19:37:32.436+0000][83522.802s][info][gc,phases   ] GC(2714)   Merge Heap Roots: 0.4ms
[2025-01-07T19:37:32.436+0000][83522.802s][info][gc,phases   ] GC(2714)   Evacuate Collection Set: 29.6ms
[2025-01-07T19:37:32.436+0000][83522.802s][info][gc,phases   ] GC(2714)   Post Evacuate Collection Set: 2.9ms
[2025-01-07T19:37:32.436+0000][83522.802s][info][gc,phases   ] GC(2714)   Other: 0.3ms
[2025-01-07T19:37:32.436+0000][83522.802s][info][gc,heap     ] GC(2714) Eden regions: 887->0(885)
[2025-01-07T19:37:32.436+0000][83522.802s][info][gc,heap     ] GC(2714) Survivor regions: 5->8(112)
[2025-01-07T19:37:32.436+0000][83522.802s][info][gc,heap     ] GC(2714) Old regions: 251->251
[2025-01-07T19:37:32.436+0000][83522.802s][info][gc,heap     ] GC(2714) Archive regions: 2->2
[2025-01-07T19:37:32.436+0000][83522.802s][info][gc,heap     ] GC(2714) Humongous regions: 65->65
[2025-01-07T19:37:32.436+0000][83522.802s][info][gc,metaspace] GC(2714) Metaspace: 498582K(506880K)->498582K(506880K) NonClass: 438014K(442304K)->438014K(442304K) Class: 60567K(64576K)->60567K(64576K)
[2025-01-07T19:37:32.436+0000][83522.802s][info][gc          ] GC(2714) Pause Young (Concurrent Start) (G1 Evacuation Pause) 9662M->2591M(12288M) 34.157ms
[2025-01-07T19:37:32.436+0000][83522.802s][info][gc,cpu      ] GC(2714) User=0.19s Sys=0.00s Real=0.03s
[2025-01-07T19:37:32.436+0000][83522.802s][info][gc          ] GC(2715) Concurrent Mark Cycle
[2025-01-07T19:37:32.436+0000][83522.802s][info][gc,marking  ] GC(2715) Concurrent Clear Claimed Marks
[2025-01-07T19:37:32.437+0000][83522.803s][info][gc,marking  ] GC(2715) Concurrent Clear Claimed Marks 0.805ms
[2025-01-07T19:37:32.437+0000][83522.803s][info][gc,marking  ] GC(2715) Concurrent Scan Root Regions
[2025-01-07T19:37:32.458+0000][83522.824s][info][gc,marking  ] GC(2715) Concurrent Scan Root Regions 21.219ms
[2025-01-07T19:37:32.458+0000][83522.824s][info][gc,marking  ] GC(2715) Concurrent Mark
[2025-01-07T19:37:32.458+0000][83522.824s][info][gc,marking  ] GC(2715) Concurrent Mark From Roots
[2025-01-07T19:37:32.458+0000][83522.824s][info][gc,task     ] GC(2715) Using 2 workers of 2 for marking
[2025-01-07T19:37:33.204+0000][83523.570s][info][gc,marking  ] GC(2715) Concurrent Mark From Roots 746.025ms
[2025-01-07T19:37:33.204+0000][83523.570s][info][gc,marking  ] GC(2715) Concurrent Preclean
[2025-01-07T19:37:33.206+0000][83523.572s][info][gc,marking  ] GC(2715) Concurrent Preclean 1.907ms
[2025-01-07T19:37:33.206+0000][83523.572s][info][gc,start    ] GC(2715) Pause Remark
[2025-01-07T19:37:33.234+0000][83523.600s][info][gc          ] GC(2715) Pause Remark 3303M->3175M(12288M) 28.325ms
[2025-01-07T19:37:33.234+0000][83523.601s][info][gc,cpu      ] GC(2715) User=0.16s Sys=0.00s Real=0.03s
[2025-01-07T19:37:33.235+0000][83523.601s][info][gc,marking  ] GC(2715) Concurrent Mark 776.594ms
[2025-01-07T19:37:33.235+0000][83523.601s][info][gc,marking  ] GC(2715) Concurrent Rebuild Remembered Sets
[2025-01-07T19:37:33.692+0000][83524.058s][info][gc,marking  ] GC(2715) Concurrent Rebuild Remembered Sets 456.997ms
[2025-01-07T19:37:33.692+0000][83524.058s][info][gc,start    ] GC(2715) Pause Cleanup
[2025-01-07T19:37:33.692+0000][83524.058s][info][gc          ] GC(2715) Pause Cleanup 3551M->3551M(12288M) 0.459ms
[2025-01-07T19:37:33.692+0000][83524.058s][info][gc,cpu      ] GC(2715) User=0.00s Sys=0.00s Real=0.00s
[2025-01-07T19:37:33.692+0000][83524.058s][info][gc,marking  ] GC(2715) Concurrent Cleanup for Next Mark
[2025-01-07T19:37:33.708+0000][83524.075s][info][gc,marking  ] GC(2715) Concurrent Cleanup for Next Mark 16.146ms
[2025-01-07T19:37:33.708+0000][83524.075s][info][gc          ] GC(2715) Concurrent Mark Cycle 1272.606ms
[2025-01-07T19:37:40.980+0000][83531.346s][info][gc,start    ] GC(2716) Pause Young (Prepare Mixed) (G1 Evacuation Pause)
[2025-01-07T19:37:40.980+0000][83531.346s][info][gc,task     ] GC(2716) Using 6 workers of 6 for evacuation
[2025-01-07T19:37:41.009+0000][83531.375s][info][gc,phases   ] GC(2716)   Pre Evacuate Collection Set: 0.2ms
[2025-01-07T19:37:41.009+0000][83531.375s][info][gc,phases   ] GC(2716)   Merge Heap Roots: 0.5ms
[2025-01-07T19:37:41.009+0000][83531.375s][info][gc,phases   ] GC(2716)   Evacuate Collection Set: 25.1ms
[2025-01-07T19:37:41.009+0000][83531.375s][info][gc,phases   ] GC(2716)   Post Evacuate Collection Set: 2.4ms
[2025-01-07T19:37:41.009+0000][83531.375s][info][gc,phases   ] GC(2716)   Other: 0.2ms
[2025-01-07T19:37:41.009+0000][83531.375s][info][gc,heap     ] GC(2716) Eden regions: 885->0(68)
[2025-01-07T19:37:41.009+0000][83531.375s][info][gc,heap     ] GC(2716) Survivor regions: 8->8(112)
[2025-01-07T19:37:41.009+0000][83531.375s][info][gc,heap     ] GC(2716) Old regions: 251->251
[2025-01-07T19:37:41.009+0000][83531.375s][info][gc,heap     ] GC(2716) Archive regions: 2->2
[2025-01-07T19:37:41.009+0000][83531.375s][info][gc,heap     ] GC(2716) Humongous regions: 49->49
[2025-01-07T19:37:41.009+0000][83531.375s][info][gc,metaspace] GC(2716) Metaspace: 498582K(506880K)->498582K(506880K) NonClass: 438014K(442304K)->438014K(442304K) Class: 60567K(64576K)->60567K(64576K)
[2025-01-07T19:37:41.009+0000][83531.375s][info][gc          ] GC(2716) Pause Young (Prepare Mixed) (G1 Evacuation Pause) 9543M->2463M(12288M) 28.531ms
[2025-01-07T19:37:41.009+0000][83531.375s][info][gc,cpu      ] GC(2716) User=0.17s Sys=0.00s Real=0.03s
[2025-01-07T19:37:41.646+0000][83532.013s][info][gc,start    ] GC(2717) Pause Young (Mixed) (G1 Evacuation Pause)
[2025-01-07T19:37:41.647+0000][83532.013s][info][gc,task     ] GC(2717) Using 6 workers of 6 for evacuation
[2025-01-07T19:37:41.712+0000][83532.078s][info][gc,phases   ] GC(2717)   Pre Evacuate Collection Set: 0.2ms
[2025-01-07T19:37:41.712+0000][83532.078s][info][gc,phases   ] GC(2717)   Merge Heap Roots: 0.8ms
[2025-01-07T19:37:41.712+0000][83532.078s][info][gc,phases   ] GC(2717)   Evacuate Collection Set: 62.3ms
[2025-01-07T19:37:41.712+0000][83532.078s][info][gc,phases   ] GC(2717)   Post Evacuate Collection Set: 1.8ms
[2025-01-07T19:37:41.712+0000][83532.078s][info][gc,phases   ] GC(2717)   Other: 0.2ms
[2025-01-07T19:37:41.712+0000][83532.078s][info][gc,heap     ] GC(2717) Eden regions: 68->0(910)
[2025-01-07T19:37:41.712+0000][83532.078s][info][gc,heap     ] GC(2717) Survivor regions: 8->6(10)
[2025-01-07T19:37:41.712+0000][83532.078s][info][gc,heap     ] GC(2717) Old regions: 251->245
[2025-01-07T19:37:41.712+0000][83532.078s][info][gc,heap     ] GC(2717) Archive regions: 2->2
[2025-01-07T19:37:41.712+0000][83532.078s][info][gc,heap     ] GC(2717) Humongous regions: 49->49
[2025-01-07T19:37:41.712+0000][83532.078s][info][gc,metaspace] GC(2717) Metaspace: 498582K(506880K)->498582K(506880K) NonClass: 438014K(442304K)->438014K(442304K) Class: 60567K(64576K)->60567K(64576K)
[2025-01-07T19:37:41.712+0000][83532.078s][info][gc          ] GC(2717) Pause Young (Mixed) (G1 Evacuation Pause) 3007M->2397M(12288M) 65.295ms
[2025-01-07T19:37:41.712+0000][83532.078s][info][gc,cpu      ] GC(2717) User=0.38s Sys=0.01s Real=0.07s
[2025-01-07T19:38:02.562+0000][83552.928s][info][gc,start    ] GC(2718) Pause Young (Normal) (G1 Evacuation Pause)
[2025-01-07T19:38:02.562+0000][83552.928s][info][gc,task     ] GC(2718) Using 6 workers of 6 for evacuation
[2025-01-07T19:38:02.597+0000][83552.963s][info][gc,phases   ] GC(2718)   Pre Evacuate Collection Set: 0.2ms
[2025-01-07T19:38:02.597+0000][83552.963s][info][gc,phases   ] GC(2718)   Merge Heap Roots: 0.4ms
[2025-01-07T19:38:02.597+0000][83552.963s][info][gc,phases   ] GC(2718)   Evacuate Collection Set: 30.8ms
[2025-01-07T19:38:02.597+0000][83552.963s][info][gc,phases   ] GC(2718)   Post Evacuate Collection Set: 2.8ms
[2025-01-07T19:38:02.597+0000][83552.963s][info][gc,phases   ] GC(2718)   Other: 0.2ms
[2025-01-07T19:38:02.597+0000][83552.963s][info][gc,heap     ] GC(2718) Eden regions: 910->0(908)
[2025-01-07T19:38:02.597+0000][83552.963s][info][gc,heap     ] GC(2718) Survivor regions: 6->8(115)
[2025-01-07T19:38:02.597+0000][83552.963s][info][gc,heap     ] GC(2718) Old regions: 245->245
[2025-01-07T19:38:02.597+0000][83552.963s][info][gc,heap     ] GC(2718) Archive regions: 2->2
[2025-01-07T19:38:02.597+0000][83552.963s][info][gc,heap     ] GC(2718) Humongous regions: 49->49
[2025-01-07T19:38:02.597+0000][83552.963s][info][gc,metaspace] GC(2718) Metaspace: 498587K(506880K)->498587K(506880K) NonClass: 438019K(442304K)->438019K(442304K) Class: 60567K(64576K)->60567K(64576K)
[2025-01-07T19:38:02.597+0000][83552.963s][info][gc          ] GC(2718) Pause Young (Normal) (G1 Evacuation Pause) 9677M->2419M(12288M) 34.515ms
[2025-01-07T19:38:02.597+0000][83552.963s][info][gc,cpu      ] GC(2718) User=0.20s Sys=0.00s Real=0.03s
[2025-01-07T19:38:15.478+0000][83565.844s][info][gc,start    ] GC(2719) Pause Young (Normal) (G1 Evacuation Pause)
[2025-01-07T19:38:15.478+0000][83565.844s][info][gc,task     ] GC(2719) Using 6 workers of 6 for evacuation
[2025-01-07T19:38:15.510+0000][83565.876s][info][gc,phases   ] GC(2719)   Pre Evacuate Collection Set: 0.2ms
[2025-01-07T19:38:15.510+0000][83565.876s][info][gc,phases   ] GC(2719)   Merge Heap Roots: 0.4ms
[2025-01-07T19:38:15.510+0000][83565.876s][info][gc,phases   ] GC(2719)   Evacuate Collection Set: 27.4ms
[2025-01-07T19:38:15.510+0000][83565.877s][info][gc,phases   ] GC(2719)   Post Evacuate Collection Set: 3.9ms
[2025-01-07T19:38:15.510+0000][83565.877s][info][gc,phases   ] GC(2719)   Other: 0.2ms
[2025-01-07T19:38:15.510+0000][83565.877s][info][gc,heap     ] GC(2719) Eden regions: 908->0(907)
[2025-01-07T19:38:15.510+0000][83565.877s][info][gc,heap     ] GC(2719) Survivor regions: 8->9(115)
[2025-01-07T19:38:15.510+0000][83565.877s][info][gc,heap     ] GC(2719) Old regions: 245->245
[2025-01-07T19:38:15.510+0000][83565.877s][info][gc,heap     ] GC(2719) Archive regions: 2->2
[2025-01-07T19:38:15.510+0000][83565.877s][info][gc,heap     ] GC(2719) Humongous regions: 49->49
[2025-01-07T19:38:15.510+0000][83565.877s][info][gc,metaspace] GC(2719) Metaspace: 498587K(506880K)->498587K(506880K) NonClass: 438019K(442304K)->438019K(442304K) Class: 60567K(64576K)->60567K(64576K)
[2025-01-07T19:38:15.510+0000][83565.877s][info][gc          ] GC(2719) Pause Young (Normal) (G1 Evacuation Pause) 9683M->2427M(12288M) 32.198ms
[2025-01-07T19:38:15.511+0000][83565.877s][info][gc,cpu      ] GC(2719) User=0.19s Sys=0.00s Real=0.04s
[2025-01-07T19:38:30.546+0000][83580.912s][info][gc,start    ] GC(2720) Pause Young (Concurrent Start) (G1 Evacuation Pause)
[2025-01-07T19:38:30.546+0000][83580.912s][info][gc,task     ] GC(2720) Using 6 workers of 6 for evacuation
[2025-01-07T19:38:30.581+0000][83580.947s][info][gc,phases   ] GC(2720)   Pre Evacuate Collection Set: 1.0ms
[2025-01-07T19:38:30.581+0000][83580.947s][info][gc,phases   ] GC(2720)   Merge Heap Roots: 0.4ms
[2025-01-07T19:38:30.581+0000][83580.947s][info][gc,phases   ] GC(2720)   Evacuate Collection Set: 30.5ms
[2025-01-07T19:38:30.581+0000][83580.947s][info][gc,phases   ] GC(2720)   Post Evacuate Collection Set: 2.5ms
[2025-01-07T19:38:30.581+0000][83580.947s][info][gc,phases   ] GC(2720)   Other: 0.3ms
[2025-01-07T19:38:30.581+0000][83580.947s][info][gc,heap     ] GC(2720) Eden regions: 907->0(909)
[2025-01-07T19:38:30.581+0000][83580.947s][info][gc,heap     ] GC(2720) Survivor regions: 9->9(115)
[2025-01-07T19:38:30.581+0000][83580.947s][info][gc,heap     ] GC(2720) Old regions: 245->245
[2025-01-07T19:38:30.581+0000][83580.947s][info][gc,heap     ] GC(2720) Archive regions: 2->2
[2025-01-07T19:38:30.581+0000][83580.947s][info][gc,heap     ] GC(2720) Humongous regions: 49->49
[2025-01-07T19:38:30.581+0000][83580.947s][info][gc,metaspace] GC(2720) Metaspace: 498587K(506880K)->498587K(506880K) NonClass: 438019K(442304K)->438019K(442304K) Class: 60567K(64576K)->60567K(64576K)
[2025-01-07T19:38:30.581+0000][83580.947s][info][gc          ] GC(2720) Pause Young (Concurrent Start) (G1 Evacuation Pause) 9683M->2425M(12288M) 34.855ms
[2025-01-07T19:38:30.581+0000][83580.947s][info][gc,cpu      ] GC(2720) User=0.20s Sys=0.00s Real=0.03s
[2025-01-07T19:38:30.581+0000][83580.947s][info][gc          ] GC(2721) Concurrent Mark Cycle
[2025-01-07T19:38:30.581+0000][83580.947s][info][gc,marking  ] GC(2721) Concurrent Clear Claimed Marks
[2025-01-07T19:38:30.582+0000][83580.948s][info][gc,marking  ] GC(2721) Concurrent Clear Claimed Marks 0.834ms
[2025-01-07T19:38:30.582+0000][83580.948s][info][gc,marking  ] GC(2721) Concurrent Scan Root Regions
[2025-01-07T19:38:30.604+0000][83580.970s][info][gc,marking  ] GC(2721) Concurrent Scan Root Regions 22.086ms
[2025-01-07T19:38:30.604+0000][83580.970s][info][gc,marking  ] GC(2721) Concurrent Mark
[2025-01-07T19:38:30.604+0000][83580.970s][info][gc,marking  ] GC(2721) Concurrent Mark From Roots
[2025-01-07T19:38:30.604+0000][83580.970s][info][gc,task     ] GC(2721) Using 2 workers of 2 for marking
[2025-01-07T19:38:31.322+0000][83581.688s][info][gc,marking  ] GC(2721) Concurrent Mark From Roots 717.543ms
[2025-01-07T19:38:31.322+0000][83581.688s][info][gc,marking  ] GC(2721) Concurrent Preclean
[2025-01-07T19:38:31.324+0000][83581.690s][info][gc,marking  ] GC(2721) Concurrent Preclean 2.627ms
[2025-01-07T19:38:31.324+0000][83581.690s][info][gc,start    ] GC(2721) Pause Remark
[2025-01-07T19:38:31.350+0000][83581.716s][info][gc          ] GC(2721) Pause Remark 2973M->2973M(12288M) 25.327ms
[2025-01-07T19:38:31.350+0000][83581.716s][info][gc,cpu      ] GC(2721) User=0.14s Sys=0.00s Real=0.03s
[2025-01-07T19:38:31.350+0000][83581.716s][info][gc,marking  ] GC(2721) Concurrent Mark 745.952ms
[2025-01-07T19:38:31.350+0000][83581.716s][info][gc,marking  ] GC(2721) Concurrent Rebuild Remembered Sets
[2025-01-07T19:38:31.906+0000][83582.272s][info][gc,marking  ] GC(2721) Concurrent Rebuild Remembered Sets 556.022ms
[2025-01-07T19:38:31.906+0000][83582.272s][info][gc,start    ] GC(2721) Pause Cleanup
[2025-01-07T19:38:31.907+0000][83582.273s][info][gc          ] GC(2721) Pause Cleanup 3505M->3505M(12288M) 0.463ms
[2025-01-07T19:38:31.907+0000][83582.273s][info][gc,cpu      ] GC(2721) User=0.00s Sys=0.00s Real=0.00s
[2025-01-07T19:38:31.907+0000][83582.273s][info][gc,marking  ] GC(2721) Concurrent Cleanup for Next Mark
[2025-01-07T19:38:31.922+0000][83582.288s][info][gc,marking  ] GC(2721) Concurrent Cleanup for Next Mark 15.357ms
[2025-01-07T19:38:31.922+0000][83582.288s][info][gc          ] GC(2721) Concurrent Mark Cycle 1341.099ms
[2025-01-07T19:38:39.966+0000][83590.332s][info][gc,start    ] GC(2722) Pause Young (Prepare Mixed) (G1 Evacuation Pause)
[2025-01-07T19:38:39.966+0000][83590.332s][info][gc,task     ] GC(2722) Using 6 workers of 6 for evacuation
[2025-01-07T19:38:40.002+0000][83590.368s][info][gc,phases   ] GC(2722)   Pre Evacuate Collection Set: 0.2ms
[2025-01-07T19:38:40.002+0000][83590.368s][info][gc,phases   ] GC(2722)   Merge Heap Roots: 0.5ms
[2025-01-07T19:38:40.002+0000][83590.368s][info][gc,phases   ] GC(2722)   Evacuate Collection Set: 32.6ms
[2025-01-07T19:38:40.002+0000][83590.368s][info][gc,phases   ] GC(2722)   Post Evacuate Collection Set: 2.7ms
[2025-01-07T19:38:40.002+0000][83590.368s][info][gc,phases   ] GC(2722)   Other: 0.2ms
[2025-01-07T19:38:40.002+0000][83590.368s][info][gc,heap     ] GC(2722) Eden regions: 909->0(64)
[2025-01-07T19:38:40.002+0000][83590.368s][info][gc,heap     ] GC(2722) Survivor regions: 9->12(115)
[2025-01-07T19:38:40.002+0000][83590.368s][info][gc,heap     ] GC(2722) Old regions: 245->245
[2025-01-07T19:38:40.002+0000][83590.368s][info][gc,heap     ] GC(2722) Archive regions: 2->2
[2025-01-07T19:38:40.002+0000][83590.368s][info][gc,heap     ] GC(2722) Humongous regions: 49->49
[2025-01-07T19:38:40.002+0000][83590.368s][info][gc,metaspace] GC(2722) Metaspace: 498588K(506880K)->498588K(506880K) NonClass: 438020K(442304K)->438020K(442304K) Class: 60567K(64576K)->60567K(64576K)
[2025-01-07T19:38:40.002+0000][83590.368s][info][gc          ] GC(2722) Pause Young (Prepare Mixed) (G1 Evacuation Pause) 9697M->2444M(12288M) 36.373ms
[2025-01-07T19:38:40.002+0000][83590.368s][info][gc,cpu      ] GC(2722) User=0.22s Sys=0.00s Real=0.04s
[2025-01-07T19:38:40.857+0000][83591.223s][info][gc,start    ] GC(2723) Pause Young (Mixed) (G1 Evacuation Pause)
[2025-01-07T19:38:40.857+0000][83591.223s][info][gc,task     ] GC(2723) Using 6 workers of 6 for evacuation
[2025-01-07T19:38:40.923+0000][83591.289s][info][gc,phases   ] GC(2723)   Pre Evacuate Collection Set: 0.2ms
[2025-01-07T19:38:40.923+0000][83591.289s][info][gc,phases   ] GC(2723)   Merge Heap Roots: 0.6ms
[2025-01-07T19:38:40.923+0000][83591.289s][info][gc,phases   ] GC(2723)   Evacuate Collection Set: 63.1ms
[2025-01-07T19:38:40.923+0000][83591.289s][info][gc,phases   ] GC(2723)   Post Evacuate Collection Set: 1.8ms
[2025-01-07T19:38:40.923+0000][83591.289s][info][gc,phases   ] GC(2723)   Other: 0.2ms
[2025-01-07T19:38:40.923+0000][83591.289s][info][gc,heap     ] GC(2723) Eden regions: 64->0(911)
[2025-01-07T19:38:40.923+0000][83591.289s][info][gc,heap     ] GC(2723) Survivor regions: 12->5(10)
[2025-01-07T19:38:40.923+0000][83591.289s][info][gc,heap     ] GC(2723) Old regions: 245->246
[2025-01-07T19:38:40.923+0000][83591.289s][info][gc,heap     ] GC(2723) Archive regions: 2->2
[2025-01-07T19:38:40.923+0000][83591.289s][info][gc,heap     ] GC(2723) Humongous regions: 49->49
[2025-01-07T19:38:40.923+0000][83591.289s][info][gc,metaspace] GC(2723) Metaspace: 498588K(506880K)->498588K(506880K) NonClass: 438020K(442304K)->438020K(442304K) Class: 60567K(64576K)->60567K(64576K)
[2025-01-07T19:38:40.923+0000][83591.289s][info][gc          ] GC(2723) Pause Young (Mixed) (G1 Evacuation Pause) 2956M->2399M(12288M) 65.960ms
[2025-01-07T19:38:40.923+0000][83591.289s][info][gc,cpu      ] GC(2723) User=0.38s Sys=0.01s Real=0.07s
[2025-01-07T19:38:54.579+0000][83604.945s][info][gc,start    ] GC(2724) Pause Young (Normal) (G1 Evacuation Pause)
[2025-01-07T19:38:54.579+0000][83604.945s][info][gc,task     ] GC(2724) Using 6 workers of 6 for evacuation
[2025-01-07T19:38:54.606+0000][83604.972s][info][gc,phases   ] GC(2724)   Pre Evacuate Collection Set: 0.2ms
[2025-01-07T19:38:54.606+0000][83604.972s][info][gc,phases   ] GC(2724)   Merge Heap Roots: 0.4ms
[2025-01-07T19:38:54.606+0000][83604.972s][info][gc,phases   ] GC(2724)   Evacuate Collection Set: 23.4ms
[2025-01-07T19:38:54.606+0000][83604.972s][info][gc,phases   ] GC(2724)   Post Evacuate Collection Set: 2.8ms
[2025-01-07T19:38:54.606+0000][83604.972s][info][gc,phases   ] GC(2724)   Other: 0.2ms
[2025-01-07T19:38:54.606+0000][83604.972s][info][gc,heap     ] GC(2724) Eden regions: 911->0(909)
[2025-01-07T19:38:54.606+0000][83604.972s][info][gc,heap     ] GC(2724) Survivor regions: 5->7(115)
[2025-01-07T19:38:54.606+0000][83604.972s][info][gc,heap     ] GC(2724) Old regions: 246->246
[2025-01-07T19:38:54.606+0000][83604.972s][info][gc,heap     ] GC(2724) Archive regions: 2->2
[2025-01-07T19:38:54.606+0000][83604.972s][info][gc,heap     ] GC(2724) Humongous regions: 49->49
[2025-01-07T19:38:54.606+0000][83604.972s][info][gc,metaspace] GC(2724) Metaspace: 498593K(506880K)->498593K(506880K) NonClass: 438025K(442304K)->438025K(442304K) Class: 60567K(64576K)->60567K(64576K)
[2025-01-07T19:38:54.606+0000][83604.972s][info][gc          ] GC(2724) Pause Young (Normal) (G1 Evacuation Pause) 9687M->2413M(12288M) 27.068ms
[2025-01-07T19:38:54.606+0000][83604.972s][info][gc,cpu      ] GC(2724) User=0.15s Sys=0.00s Real=0.03s
[2025-01-07T19:38:59.052+0000][83609.418s][info][gc,start    ] GC(2725) Pause Young (Concurrent Start) (G1 Humongous Allocation)
[2025-01-07T19:38:59.052+0000][83609.418s][info][gc,task     ] GC(2725) Using 6 workers of 6 for evacuation
[2025-01-07T19:38:59.075+0000][83609.441s][info][gc,phases   ] GC(2725)   Pre Evacuate Collection Set: 1.0ms
[2025-01-07T19:38:59.075+0000][83609.441s][info][gc,phases   ] GC(2725)   Merge Heap Roots: 0.3ms
[2025-01-07T19:38:59.075+0000][83609.441s][info][gc,phases   ] GC(2725)   Evacuate Collection Set: 19.5ms
[2025-01-07T19:38:59.075+0000][83609.441s][info][gc,phases   ] GC(2725)   Post Evacuate Collection Set: 2.0ms
[2025-01-07T19:38:59.075+0000][83609.441s][info][gc,phases   ] GC(2725)   Other: 0.3ms
[2025-01-07T19:38:59.075+0000][83609.441s][info][gc,heap     ] GC(2725) Eden regions: 351->0(907)
[2025-01-07T19:38:59.075+0000][83609.441s][info][gc,heap     ] GC(2725) Survivor regions: 7->8(115)
[2025-01-07T19:38:59.075+0000][83609.441s][info][gc,heap     ] GC(2725) Old regions: 246->246
[2025-01-07T19:38:59.075+0000][83609.441s][info][gc,heap     ] GC(2725) Archive regions: 2->2
[2025-01-07T19:38:59.075+0000][83609.441s][info][gc,heap     ] GC(2725) Humongous regions: 49->49
[2025-01-07T19:38:59.075+0000][83609.441s][info][gc,metaspace] GC(2725) Metaspace: 498593K(506880K)->498593K(506880K) NonClass: 438025K(442304K)->438025K(442304K) Class: 60567K(64576K)->60567K(64576K)
[2025-01-07T19:38:59.075+0000][83609.441s][info][gc          ] GC(2725) Pause Young (Concurrent Start) (G1 Humongous Allocation) 5219M->2420M(12288M) 23.100ms
[2025-01-07T19:38:59.075+0000][83609.441s][info][gc,cpu      ] GC(2725) User=0.13s Sys=0.00s Real=0.02s
[2025-01-07T19:38:59.075+0000][83609.441s][info][gc          ] GC(2726) Concurrent Mark Cycle
[2025-01-07T19:38:59.075+0000][83609.441s][info][gc,marking  ] GC(2726) Concurrent Clear Claimed Marks
[2025-01-07T19:38:59.076+0000][83609.442s][info][gc,marking  ] GC(2726) Concurrent Clear Claimed Marks 0.794ms
[2025-01-07T19:38:59.076+0000][83609.442s][info][gc,marking  ] GC(2726) Concurrent Scan Root Regions
[2025-01-07T19:38:59.089+0000][83609.455s][info][gc,marking  ] GC(2726) Concurrent Scan Root Regions 13.206ms
[2025-01-07T19:38:59.089+0000][83609.455s][info][gc,marking  ] GC(2726) Concurrent Mark
[2025-01-07T19:38:59.089+0000][83609.455s][info][gc,marking  ] GC(2726) Concurrent Mark From Roots
[2025-01-07T19:38:59.089+0000][83609.455s][info][gc,task     ] GC(2726) Using 2 workers of 2 for marking
[2025-01-07T19:38:59.994+0000][83610.360s][info][gc,marking  ] GC(2726) Concurrent Mark From Roots 905.010ms
[2025-01-07T19:38:59.994+0000][83610.360s][info][gc,marking  ] GC(2726) Concurrent Preclean
[2025-01-07T19:38:59.996+0000][83610.362s][info][gc,marking  ] GC(2726) Concurrent Preclean 2.049ms
[2025-01-07T19:38:59.996+0000][83610.362s][info][gc,start    ] GC(2726) Pause Remark
[2025-01-07T19:39:00.021+0000][83610.387s][info][gc          ] GC(2726) Pause Remark 3025M->3025M(12288M) 25.106ms
[2025-01-07T19:39:00.021+0000][83610.387s][info][gc,cpu      ] GC(2726) User=0.14s Sys=0.00s Real=0.02s
[2025-01-07T19:39:00.021+0000][83610.387s][info][gc,marking  ] GC(2726) Concurrent Mark 932.492ms
[2025-01-07T19:39:00.021+0000][83610.387s][info][gc,marking  ] GC(2726) Concurrent Rebuild Remembered Sets
[2025-01-07T19:39:00.533+0000][83610.899s][info][gc,marking  ] GC(2726) Concurrent Rebuild Remembered Sets 511.996ms
[2025-01-07T19:39:00.533+0000][83610.900s][info][gc,start    ] GC(2726) Pause Cleanup
[2025-01-07T19:39:00.534+0000][83610.900s][info][gc          ] GC(2726) Pause Cleanup 3224M->3224M(12288M) 0.468ms
[2025-01-07T19:39:00.534+0000][83610.900s][info][gc,cpu      ] GC(2726) User=0.00s Sys=0.00s Real=0.00s
[2025-01-07T19:39:00.534+0000][83610.900s][info][gc,marking  ] GC(2726) Concurrent Cleanup for Next Mark
[2025-01-07T19:39:00.549+0000][83610.915s][info][gc,marking  ] GC(2726) Concurrent Cleanup for Next Mark 15.404ms
[2025-01-07T19:39:00.549+0000][83610.916s][info][gc          ] GC(2726) Concurrent Mark Cycle 1474.781ms
[2025-01-07T19:39:08.166+0000][83618.532s][info][gc,start    ] GC(2727) Pause Young (Prepare Mixed) (G1 Evacuation Pause)
[2025-01-07T19:39:08.166+0000][83618.532s][info][gc,task     ] GC(2727) Using 6 workers of 6 for evacuation
[2025-01-07T19:39:08.195+0000][83618.561s][info][gc,phases   ] GC(2727)   Pre Evacuate Collection Set: 0.2ms
[2025-01-07T19:39:08.195+0000][83618.561s][info][gc,phases   ] GC(2727)   Merge Heap Roots: 0.5ms
[2025-01-07T19:39:08.195+0000][83618.561s][info][gc,phases   ] GC(2727)   Evacuate Collection Set: 25.4ms
[2025-01-07T19:39:08.195+0000][83618.561s][info][gc,phases   ] GC(2727)   Post Evacuate Collection Set: 2.6ms
[2025-01-07T19:39:08.195+0000][83618.561s][info][gc,phases   ] GC(2727)   Other: 0.2ms
[2025-01-07T19:39:08.195+0000][83618.561s][info][gc,heap     ] GC(2727) Eden regions: 907->0(67)
[2025-01-07T19:39:08.195+0000][83618.561s][info][gc,heap     ] GC(2727) Survivor regions: 8->9(115)
[2025-01-07T19:39:08.195+0000][83618.561s][info][gc,heap     ] GC(2727) Old regions: 246->246
[2025-01-07T19:39:08.195+0000][83618.561s][info][gc,heap     ] GC(2727) Archive regions: 2->2
[2025-01-07T19:39:08.195+0000][83618.561s][info][gc,heap     ] GC(2727) Humongous regions: 53->53
[2025-01-07T19:39:08.195+0000][83618.561s][info][gc,metaspace] GC(2727) Metaspace: 498593K(506880K)->498593K(506880K) NonClass: 438025K(442304K)->438025K(442304K) Class: 60567K(64576K)->60567K(64576K)
[2025-01-07T19:39:08.195+0000][83618.561s][info][gc          ] GC(2727) Pause Young (Prepare Mixed) (G1 Evacuation Pause) 9708M->2462M(12288M) 29.018ms
[2025-01-07T19:39:08.195+0000][83618.561s][info][gc,cpu      ] GC(2727) User=0.17s Sys=0.00s Real=0.03s
[2025-01-07T19:39:08.475+0000][83618.841s][info][gc,start    ] GC(2728) Pause Young (Mixed) (G1 Evacuation Pause)
[2025-01-07T19:39:08.475+0000][83618.842s][info][gc,task     ] GC(2728) Using 6 workers of 6 for evacuation
[2025-01-07T19:39:08.532+0000][83618.898s][info][gc,phases   ] GC(2728)   Pre Evacuate Collection Set: 0.2ms
[2025-01-07T19:39:08.532+0000][83618.898s][info][gc,phases   ] GC(2728)   Merge Heap Roots: 0.5ms
[2025-01-07T19:39:08.532+0000][83618.898s][info][gc,phases   ] GC(2728)   Evacuate Collection Set: 54.2ms
[2025-01-07T19:39:08.532+0000][83618.898s][info][gc,phases   ] GC(2728)   Post Evacuate Collection Set: 1.8ms
[2025-01-07T19:39:08.532+0000][83618.898s][info][gc,phases   ] GC(2728)   Other: 0.2ms
[2025-01-07T19:39:08.532+0000][83618.898s][info][gc,heap     ] GC(2728) Eden regions: 67->0(907)
[2025-01-07T19:39:08.532+0000][83618.898s][info][gc,heap     ] GC(2728) Survivor regions: 9->5(10)
[2025-01-07T19:39:08.532+0000][83618.898s][info][gc,heap     ] GC(2728) Old regions: 246->245
[2025-01-07T19:39:08.532+0000][83618.898s][info][gc,heap     ] GC(2728) Archive regions: 2->2
[2025-01-07T19:39:08.532+0000][83618.898s][info][gc,heap     ] GC(2728) Humongous regions: 53->53
[2025-01-07T19:39:08.532+0000][83618.898s][info][gc,metaspace] GC(2728) Metaspace: 498593K(506880K)->498593K(506880K) NonClass: 438025K(442304K)->438025K(442304K) Class: 60567K(64576K)->60567K(64576K)
[2025-01-07T19:39:08.532+0000][83618.898s][info][gc          ] GC(2728) Pause Young (Mixed) (G1 Evacuation Pause) 2998M->2426M(12288M) 56.844ms
[2025-01-07T19:39:08.532+0000][83618.898s][info][gc,cpu      ] GC(2728) User=0.34s Sys=0.00s Real=0.06s
[2025-01-07T19:39:20.125+0000][83630.491s][info][gc,start    ] GC(2729) Pause Young (Normal) (G1 Evacuation Pause)
[2025-01-07T19:39:20.125+0000][83630.491s][info][gc,task     ] GC(2729) Using 6 workers of 6 for evacuation
[2025-01-07T19:39:20.149+0000][83630.515s][info][gc,phases   ] GC(2729)   Pre Evacuate Collection Set: 0.2ms
[2025-01-07T19:39:20.149+0000][83630.515s][info][gc,phases   ] GC(2729)   Merge Heap Roots: 0.4ms
[2025-01-07T19:39:20.149+0000][83630.515s][info][gc,phases   ] GC(2729)   Evacuate Collection Set: 20.6ms
[2025-01-07T19:39:20.149+0000][83630.515s][info][gc,phases   ] GC(2729)   Post Evacuate Collection Set: 2.5ms
[2025-01-07T19:39:20.149+0000][83630.515s][info][gc,phases   ] GC(2729)   Other: 0.2ms
[2025-01-07T19:39:20.149+0000][83630.515s][info][gc,heap     ] GC(2729) Eden regions: 907->0(906)
[2025-01-07T19:39:20.149+0000][83630.515s][info][gc,heap     ] GC(2729) Survivor regions: 5->6(114)
[2025-01-07T19:39:20.149+0000][83630.515s][info][gc,heap     ] GC(2729) Old regions: 245->245
[2025-01-07T19:39:20.149+0000][83630.515s][info][gc,heap     ] GC(2729) Archive regions: 2->2
[2025-01-07T19:39:20.149+0000][83630.515s][info][gc,heap     ] GC(2729) Humongous regions: 53->53
[2025-01-07T19:39:20.149+0000][83630.515s][info][gc,metaspace] GC(2729) Metaspace: 498593K(506880K)->498593K(506880K) NonClass: 438025K(442304K)->438025K(442304K) Class: 60567K(64576K)->60567K(64576K)
[2025-01-07T19:39:20.149+0000][83630.515s][info][gc          ] GC(2729) Pause Young (Normal) (G1 Evacuation Pause) 9682M->2430M(12288M) 24.019ms
[2025-01-07T19:39:20.149+0000][83630.515s][info][gc,cpu      ] GC(2729) User=0.13s Sys=0.01s Real=0.02s
[2025-01-07T19:39:31.586+0000][83641.952s][info][gc,start    ] GC(2730) Pause Young (Normal) (G1 Evacuation Pause)
[2025-01-07T19:39:31.586+0000][83641.952s][info][gc,task     ] GC(2730) Using 6 workers of 6 for evacuation
[2025-01-07T19:39:31.613+0000][83641.979s][info][gc,phases   ] GC(2730)   Pre Evacuate Collection Set: 0.2ms
[2025-01-07T19:39:31.613+0000][83641.979s][info][gc,phases   ] GC(2730)   Merge Heap Roots: 0.4ms
[2025-01-07T19:39:31.613+0000][83641.979s][info][gc,phases   ] GC(2730)   Evacuate Collection Set: 22.2ms
[2025-01-07T19:39:31.613+0000][83641.979s][info][gc,phases   ] GC(2730)   Post Evacuate Collection Set: 3.9ms
[2025-01-07T19:39:31.613+0000][83641.979s][info][gc,phases   ] GC(2730)   Other: 0.2ms
[2025-01-07T19:39:31.613+0000][83641.979s][info][gc,heap     ] GC(2730) Eden regions: 906->0(904)
[2025-01-07T19:39:31.613+0000][83641.979s][info][gc,heap     ] GC(2730) Survivor regions: 6->8(114)
[2025-01-07T19:39:31.613+0000][83641.979s][info][gc,heap     ] GC(2730) Old regions: 245->245
[2025-01-07T19:39:31.613+0000][83641.979s][info][gc,heap     ] GC(2730) Archive regions: 2->2
[2025-01-07T19:39:31.613+0000][83641.979s][info][gc,heap     ] GC(2730) Humongous regions: 53->53
[2025-01-07T19:39:31.613+0000][83641.979s][info][gc,metaspace] GC(2730) Metaspace: 498593K(506880K)->498593K(506880K) NonClass: 438025K(442304K)->438025K(442304K) Class: 60567K(64576K)->60567K(64576K)
[2025-01-07T19:39:31.613+0000][83641.979s][info][gc          ] GC(2730) Pause Young (Normal) (G1 Evacuation Pause) 9678M->2450M(12288M) 26.933ms
[2025-01-07T19:39:31.613+0000][83641.979s][info][gc,cpu      ] GC(2730) User=0.16s Sys=0.00s Real=0.03s
[2025-01-07T19:39:32.304+0000][83642.670s][info][gc,start    ] GC(2731) Pause Young (Concurrent Start) (G1 Humongous Allocation)
[2025-01-07T19:39:32.304+0000][83642.670s][info][gc,task     ] GC(2731) Using 6 workers of 6 for evacuation
[2025-01-07T19:39:32.329+0000][83642.695s][info][gc,phases   ] GC(2731)   Pre Evacuate Collection Set: 0.9ms
[2025-01-07T19:39:32.329+0000][83642.695s][info][gc,phases   ] GC(2731)   Merge Heap Roots: 0.2ms
[2025-01-07T19:39:32.329+0000][83642.695s][info][gc,phases   ] GC(2731)   Evacuate Collection Set: 22.0ms
[2025-01-07T19:39:32.329+0000][83642.695s][info][gc,phases   ] GC(2731)   Post Evacuate Collection Set: 1.5ms
[2025-01-07T19:39:32.329+0000][83642.695s][info][gc,phases   ] GC(2731)   Other: 0.3ms
[2025-01-07T19:39:32.329+0000][83642.695s][info][gc,heap     ] GC(2731) Eden regions: 62->0(905)
[2025-01-07T19:39:32.329+0000][83642.695s][info][gc,heap     ] GC(2731) Survivor regions: 8->9(114)
[2025-01-07T19:39:32.329+0000][83642.695s][info][gc,heap     ] GC(2731) Old regions: 245->245
[2025-01-07T19:39:32.329+0000][83642.695s][info][gc,heap     ] GC(2731) Archive regions: 2->2
[2025-01-07T19:39:32.329+0000][83642.695s][info][gc,heap     ] GC(2731) Humongous regions: 53->53
[2025-01-07T19:39:32.329+0000][83642.695s][info][gc,metaspace] GC(2731) Metaspace: 498594K(506880K)->498594K(506880K) NonClass: 438026K(442304K)->438026K(442304K) Class: 60567K(64576K)->60567K(64576K)
[2025-01-07T19:39:32.329+0000][83642.695s][info][gc          ] GC(2731) Pause Young (Concurrent Start) (G1 Humongous Allocation) 2942M->2454M(12288M) 24.994ms
[2025-01-07T19:39:32.329+0000][83642.695s][info][gc,cpu      ] GC(2731) User=0.14s Sys=0.00s Real=0.02s
[2025-01-07T19:39:32.329+0000][83642.695s][info][gc          ] GC(2732) Concurrent Mark Cycle
[2025-01-07T19:39:32.329+0000][83642.695s][info][gc,marking  ] GC(2732) Concurrent Clear Claimed Marks
[2025-01-07T19:39:32.330+0000][83642.696s][info][gc,marking  ] GC(2732) Concurrent Clear Claimed Marks 0.844ms
[2025-01-07T19:39:32.330+0000][83642.696s][info][gc,marking  ] GC(2732) Concurrent Scan Root Regions
[2025-01-07T19:39:32.350+0000][83642.716s][info][gc,marking  ] GC(2732) Concurrent Scan Root Regions 19.934ms
[2025-01-07T19:39:32.350+0000][83642.716s][info][gc,marking  ] GC(2732) Concurrent Mark
[2025-01-07T19:39:32.350+0000][83642.716s][info][gc,marking  ] GC(2732) Concurrent Mark From Roots
[2025-01-07T19:39:32.350+0000][83642.716s][info][gc,task     ] GC(2732) Using 2 workers of 2 for marking
[2025-01-07T19:39:33.218+0000][83643.584s][info][gc,marking  ] GC(2732) Concurrent Mark From Roots 868.498ms
[2025-01-07T19:39:33.218+0000][83643.584s][info][gc,marking  ] GC(2732) Concurrent Preclean
[2025-01-07T19:39:33.220+0000][83643.586s][info][gc,marking  ] GC(2732) Concurrent Preclean 1.940ms
[2025-01-07T19:39:33.220+0000][83643.586s][info][gc,start    ] GC(2732) Pause Remark
[2025-01-07T19:39:33.245+0000][83643.612s][info][gc          ] GC(2732) Pause Remark 3031M->2999M(12288M) 25.079ms
[2025-01-07T19:39:33.246+0000][83643.612s][info][gc,cpu      ] GC(2732) User=0.14s Sys=0.00s Real=0.03s
[2025-01-07T19:39:33.246+0000][83643.612s][info][gc,marking  ] GC(2732) Concurrent Mark 895.848ms
[2025-01-07T19:39:33.246+0000][83643.612s][info][gc,marking  ] GC(2732) Concurrent Rebuild Remembered Sets
[2025-01-07T19:39:33.691+0000][83644.057s][info][gc,marking  ] GC(2732) Concurrent Rebuild Remembered Sets 445.245ms
[2025-01-07T19:39:33.691+0000][83644.057s][info][gc,start    ] GC(2732) Pause Cleanup
[2025-01-07T19:39:33.691+0000][83644.058s][info][gc          ] GC(2732) Pause Cleanup 3058M->3058M(12288M) 0.409ms
[2025-01-07T19:39:33.691+0000][83644.058s][info][gc,cpu      ] GC(2732) User=0.00s Sys=0.00s Real=0.00s
[2025-01-07T19:39:33.692+0000][83644.058s][info][gc,marking  ] GC(2732) Concurrent Cleanup for Next Mark
[2025-01-07T19:39:33.707+0000][83644.073s][info][gc,marking  ] GC(2732) Concurrent Cleanup for Next Mark 15.360ms
[2025-01-07T19:39:33.707+0000][83644.073s][info][gc          ] GC(2732) Concurrent Mark Cycle 1378.006ms
[2025-01-07T19:39:38.815+0000][83649.181s][info][gc,start    ] GC(2733) Pause Young (Prepare Mixed) (G1 Evacuation Pause)
[2025-01-07T19:39:38.815+0000][83649.181s][info][gc,task     ] GC(2733) Using 6 workers of 6 for evacuation
[2025-01-07T19:39:38.849+0000][83649.215s][info][gc,phases   ] GC(2733)   Pre Evacuate Collection Set: 0.2ms
[2025-01-07T19:39:38.849+0000][83649.215s][info][gc,phases   ] GC(2733)   Merge Heap Roots: 0.5ms
[2025-01-07T19:39:38.849+0000][83649.215s][info][gc,phases   ] GC(2733)   Evacuate Collection Set: 29.9ms
[2025-01-07T19:39:38.849+0000][83649.215s][info][gc,phases   ] GC(2733)   Post Evacuate Collection Set: 2.8ms
[2025-01-07T19:39:38.849+0000][83649.215s][info][gc,phases   ] GC(2733)   Other: 0.2ms
[2025-01-07T19:39:38.849+0000][83649.215s][info][gc,heap     ] GC(2733) Eden regions: 905->0(67)
[2025-01-07T19:39:38.849+0000][83649.215s][info][gc,heap     ] GC(2733) Survivor regions: 9->9(115)
[2025-01-07T19:39:38.849+0000][83649.215s][info][gc,heap     ] GC(2733) Old regions: 245->245
[2025-01-07T19:39:38.849+0000][83649.215s][info][gc,heap     ] GC(2733) Archive regions: 2->2
[2025-01-07T19:39:38.849+0000][83649.215s][info][gc,heap     ] GC(2733) Humongous regions: 53->53
[2025-01-07T19:39:38.849+0000][83649.215s][info][gc,metaspace] GC(2733) Metaspace: 498594K(506880K)->498594K(506880K) NonClass: 438026K(442304K)->438026K(442304K) Class: 60567K(64576K)->60567K(64576K)
[2025-01-07T19:39:38.849+0000][83649.215s][info][gc          ] GC(2733) Pause Young (Prepare Mixed) (G1 Evacuation Pause) 9694M->2459M(12288M) 33.704ms
[2025-01-07T19:39:38.849+0000][83649.215s][info][gc,cpu      ] GC(2733) User=0.20s Sys=0.00s Real=0.03s
[2025-01-07T19:39:39.212+0000][83649.578s][info][gc,start    ] GC(2734) Pause Young (Mixed) (G1 Evacuation Pause)
[2025-01-07T19:39:39.212+0000][83649.578s][info][gc,task     ] GC(2734) Using 6 workers of 6 for evacuation
[2025-01-07T19:39:39.276+0000][83649.642s][info][gc,phases   ] GC(2734)   Pre Evacuate Collection Set: 0.2ms
[2025-01-07T19:39:39.276+0000][83649.642s][info][gc,phases   ] GC(2734)   Merge Heap Roots: 0.6ms
[2025-01-07T19:39:39.276+0000][83649.642s][info][gc,phases   ] GC(2734)   Evacuate Collection Set: 61.5ms
[2025-01-07T19:39:39.276+0000][83649.642s][info][gc,phases   ] GC(2734)   Post Evacuate Collection Set: 2.1ms
[2025-01-07T19:39:39.276+0000][83649.642s][info][gc,phases   ] GC(2734)   Other: 0.2ms
[2025-01-07T19:39:39.276+0000][83649.642s][info][gc,heap     ] GC(2734) Eden regions: 67->0(912)
[2025-01-07T19:39:39.276+0000][83649.642s][info][gc,heap     ] GC(2734) Survivor regions: 9->5(10)
[2025-01-07T19:39:39.276+0000][83649.642s][info][gc,heap     ] GC(2734) Old regions: 245->244
[2025-01-07T19:39:39.276+0000][83649.642s][info][gc,heap     ] GC(2734) Archive regions: 2->2
[2025-01-07T19:39:39.276+0000][83649.642s][info][gc,heap     ] GC(2734) Humongous regions: 53->53
[2025-01-07T19:39:39.276+0000][83649.642s][info][gc,metaspace] GC(2734) Metaspace: 498594K(506880K)->498594K(506880K) NonClass: 438026K(442304K)->438026K(442304K) Class: 60567K(64576K)->60567K(64576K)
[2025-01-07T19:39:39.276+0000][83649.642s][info][gc          ] GC(2734) Pause Young (Mixed) (G1 Evacuation Pause) 2995M->2421M(12288M) 64.524ms
[2025-01-07T19:39:39.276+0000][83649.642s][info][gc,cpu      ] GC(2734) User=0.38s Sys=0.00s Real=0.06s
[2025-01-07T19:39:52.687+0000][83663.053s][info][gc,start    ] GC(2735) Pause Young (Normal) (G1 Evacuation Pause)
[2025-01-07T19:39:52.687+0000][83663.053s][info][gc,task     ] GC(2735) Using 6 workers of 6 for evacuation
[2025-01-07T19:39:52.716+0000][83663.082s][info][gc,phases   ] GC(2735)   Pre Evacuate Collection Set: 0.2ms
[2025-01-07T19:39:52.716+0000][83663.082s][info][gc,phases   ] GC(2735)   Merge Heap Roots: 0.4ms
[2025-01-07T19:39:52.716+0000][83663.082s][info][gc,phases   ] GC(2735)   Evacuate Collection Set: 23.5ms
[2025-01-07T19:39:52.716+0000][83663.082s][info][gc,phases   ] GC(2735)   Post Evacuate Collection Set: 4.6ms
[2025-01-07T19:39:52.716+0000][83663.082s][info][gc,phases   ] GC(2735)   Other: 0.2ms
[2025-01-07T19:39:52.716+0000][83663.082s][info][gc,heap     ] GC(2735) Eden regions: 912->0(907)
[2025-01-07T19:39:52.716+0000][83663.082s][info][gc,heap     ] GC(2735) Survivor regions: 5->8(115)
[2025-01-07T19:39:52.716+0000][83663.082s][info][gc,heap     ] GC(2735) Old regions: 244->244
[2025-01-07T19:39:52.716+0000][83663.082s][info][gc,heap     ] GC(2735) Archive regions: 2->2
[2025-01-07T19:39:52.716+0000][83663.082s][info][gc,heap     ] GC(2735) Humongous regions: 53->53
[2025-01-07T19:39:52.716+0000][83663.082s][info][gc,metaspace] GC(2735) Metaspace: 498596K(506880K)->498596K(506880K) NonClass: 438029K(442304K)->438029K(442304K) Class: 60567K(64576K)->60567K(64576K)
[2025-01-07T19:39:52.716+0000][83663.082s][info][gc          ] GC(2735) Pause Young (Normal) (G1 Evacuation Pause) 9717M->2442M(12288M) 28.919ms
[2025-01-07T19:39:52.716+0000][83663.082s][info][gc,cpu      ] GC(2735) User=0.17s Sys=0.00s Real=0.03s
[2025-01-07T19:39:59.039+0000][83669.405s][info][gc,start    ] GC(2736) Pause Young (Normal) (G1 Evacuation Pause)
[2025-01-07T19:39:59.039+0000][83669.405s][info][gc,task     ] GC(2736) Using 6 workers of 6 for evacuation
[2025-01-07T19:39:59.064+0000][83669.430s][info][gc,phases   ] GC(2736)   Pre Evacuate Collection Set: 0.2ms
[2025-01-07T19:39:59.064+0000][83669.430s][info][gc,phases   ] GC(2736)   Merge Heap Roots: 0.4ms
[2025-01-07T19:39:59.064+0000][83669.430s][info][gc,phases   ] GC(2736)   Evacuate Collection Set: 20.7ms
[2025-01-07T19:39:59.064+0000][83669.430s][info][gc,phases   ] GC(2736)   Post Evacuate Collection Set: 3.8ms
[2025-01-07T19:39:59.064+0000][83669.430s][info][gc,phases   ] GC(2736)   Other: 0.2ms
[2025-01-07T19:39:59.064+0000][83669.430s][info][gc,heap     ] GC(2736) Eden regions: 907->0(908)
[2025-01-07T19:39:59.064+0000][83669.430s][info][gc,heap     ] GC(2736) Survivor regions: 8->8(115)
[2025-01-07T19:39:59.064+0000][83669.430s][info][gc,heap     ] GC(2736) Old regions: 244->244
[2025-01-07T19:39:59.064+0000][83669.430s][info][gc,heap     ] GC(2736) Archive regions: 2->2
[2025-01-07T19:39:59.064+0000][83669.430s][info][gc,heap     ] GC(2736) Humongous regions: 53->53
[2025-01-07T19:39:59.064+0000][83669.430s][info][gc,metaspace] GC(2736) Metaspace: 498596K(506880K)->498596K(506880K) NonClass: 438029K(442304K)->438029K(442304K) Class: 60567K(64576K)->60567K(64576K)
[2025-01-07T19:39:59.064+0000][83669.430s][info][gc          ] GC(2736) Pause Young (Normal) (G1 Evacuation Pause) 9698M->2444M(12288M) 25.453ms
[2025-01-07T19:39:59.064+0000][83669.430s][info][gc,cpu      ] GC(2736) User=0.15s Sys=0.00s Real=0.03s
[2025-01-07T19:40:04.567+0000][83674.933s][info][gc,start    ] GC(2737) Pause Young (Concurrent Start) (G1 Evacuation Pause)
[2025-01-07T19:40:04.567+0000][83674.933s][info][gc,task     ] GC(2737) Using 6 workers of 6 for evacuation
[2025-01-07T19:40:04.597+0000][83674.963s][info][gc,phases   ] GC(2737)   Pre Evacuate Collection Set: 1.0ms
[2025-01-07T19:40:04.597+0000][83674.963s][info][gc,phases   ] GC(2737)   Merge Heap Roots: 0.4ms
[2025-01-07T19:40:04.597+0000][83674.963s][info][gc,phases   ] GC(2737)   Evacuate Collection Set: 25.8ms
[2025-01-07T19:40:04.597+0000][83674.963s][info][gc,phases   ] GC(2737)   Post Evacuate Collection Set: 2.4ms
[2025-01-07T19:40:04.597+0000][83674.963s][info][gc,phases   ] GC(2737)   Other: 0.3ms
[2025-01-07T19:40:04.597+0000][83674.963s][info][gc,heap     ] GC(2737) Eden regions: 908->0(906)
[2025-01-07T19:40:04.597+0000][83674.963s][info][gc,heap     ] GC(2737) Survivor regions: 8->10(115)
[2025-01-07T19:40:04.597+0000][83674.963s][info][gc,heap     ] GC(2737) Old regions: 244->244
[2025-01-07T19:40:04.597+0000][83674.963s][info][gc,heap     ] GC(2737) Archive regions: 2->2
[2025-01-07T19:40:04.597+0000][83674.963s][info][gc,heap     ] GC(2737) Humongous regions: 53->53
[2025-01-07T19:40:04.597+0000][83674.963s][info][gc,metaspace] GC(2737) Metaspace: 498599K(506880K)->498599K(506880K) NonClass: 438031K(442304K)->438031K(442304K) Class: 60567K(64576K)->60567K(64576K)
[2025-01-07T19:40:04.597+0000][83674.963s][info][gc          ] GC(2737) Pause Young (Concurrent Start) (G1 Evacuation Pause) 9708M->2457M(12288M) 29.881ms
[2025-01-07T19:40:04.597+0000][83674.963s][info][gc,cpu      ] GC(2737) User=0.17s Sys=0.00s Real=0.03s
[2025-01-07T19:40:04.597+0000][83674.963s][info][gc          ] GC(2738) Concurrent Mark Cycle
[2025-01-07T19:40:04.597+0000][83674.963s][info][gc,marking  ] GC(2738) Concurrent Clear Claimed Marks
[2025-01-07T19:40:04.598+0000][83674.964s][info][gc,marking  ] GC(2738) Concurrent Clear Claimed Marks 0.823ms
[2025-01-07T19:40:04.598+0000][83674.964s][info][gc,marking  ] GC(2738) Concurrent Scan Root Regions
[2025-01-07T19:40:04.622+0000][83674.988s][info][gc,marking  ] GC(2738) Concurrent Scan Root Regions 23.962ms
[2025-01-07T19:40:04.622+0000][83674.988s][info][gc,marking  ] GC(2738) Concurrent Mark
[2025-01-07T19:40:04.622+0000][83674.988s][info][gc,marking  ] GC(2738) Concurrent Mark From Roots
[2025-01-07T19:40:04.622+0000][83674.988s][info][gc,task     ] GC(2738) Using 2 workers of 2 for marking
[2025-01-07T19:40:05.466+0000][83675.832s][info][gc,marking  ] GC(2738) Concurrent Mark From Roots 843.964ms
[2025-01-07T19:40:05.466+0000][83675.832s][info][gc,marking  ] GC(2738) Concurrent Preclean
[2025-01-07T19:40:05.468+0000][83675.834s][info][gc,marking  ] GC(2738) Concurrent Preclean 2.310ms
[2025-01-07T19:40:05.468+0000][83675.834s][info][gc,start    ] GC(2738) Pause Remark
[2025-01-07T19:40:05.494+0000][83675.860s][info][gc          ] GC(2738) Pause Remark 3345M->3313M(12288M) 25.545ms
[2025-01-07T19:40:05.494+0000][83675.860s][info][gc,cpu      ] GC(2738) User=0.14s Sys=0.00s Real=0.03s
[2025-01-07T19:40:05.494+0000][83675.860s][info][gc,marking  ] GC(2738) Concurrent Mark 872.212ms
[2025-01-07T19:40:05.494+0000][83675.860s][info][gc,marking  ] GC(2738) Concurrent Rebuild Remembered Sets
[2025-01-07T19:40:06.091+0000][83676.458s][info][gc,marking  ] GC(2738) Concurrent Rebuild Remembered Sets 597.314ms
[2025-01-07T19:40:06.092+0000][83676.458s][info][gc,start    ] GC(2738) Pause Cleanup
[2025-01-07T19:40:06.092+0000][83676.458s][info][gc          ] GC(2738) Pause Cleanup 3909M->3909M(12288M) 0.402ms
[2025-01-07T19:40:06.092+0000][83676.458s][info][gc,cpu      ] GC(2738) User=0.01s Sys=0.00s Real=0.00s
[2025-01-07T19:40:06.092+0000][83676.458s][info][gc,marking  ] GC(2738) Concurrent Cleanup for Next Mark
[2025-01-07T19:40:06.107+0000][83676.474s][info][gc,marking  ] GC(2738) Concurrent Cleanup for Next Mark 15.395ms
[2025-01-07T19:40:06.107+0000][83676.474s][info][gc          ] GC(2738) Concurrent Mark Cycle 1510.492ms
[2025-01-07T19:40:14.088+0000][83684.454s][info][gc,start    ] GC(2739) Pause Young (Prepare Mixed) (G1 Evacuation Pause)
[2025-01-07T19:40:14.088+0000][83684.454s][info][gc,task     ] GC(2739) Using 6 workers of 6 for evacuation
[2025-01-07T19:40:14.120+0000][83684.486s][info][gc,phases   ] GC(2739)   Pre Evacuate Collection Set: 0.2ms
[2025-01-07T19:40:14.120+0000][83684.486s][info][gc,phases   ] GC(2739)   Merge Heap Roots: 0.5ms
[2025-01-07T19:40:14.120+0000][83684.486s][info][gc,phases   ] GC(2739)   Evacuate Collection Set: 28.2ms
[2025-01-07T19:40:14.120+0000][83684.486s][info][gc,phases   ] GC(2739)   Post Evacuate Collection Set: 2.7ms
[2025-01-07T19:40:14.120+0000][83684.486s][info][gc,phases   ] GC(2739)   Other: 0.2ms
[2025-01-07T19:40:14.120+0000][83684.486s][info][gc,heap     ] GC(2739) Eden regions: 906->0(66)
[2025-01-07T19:40:14.120+0000][83684.486s][info][gc,heap     ] GC(2739) Survivor regions: 10->10(115)
[2025-01-07T19:40:14.120+0000][83684.486s][info][gc,heap     ] GC(2739) Old regions: 244->244
[2025-01-07T19:40:14.120+0000][83684.486s][info][gc,heap     ] GC(2739) Archive regions: 2->2
[2025-01-07T19:40:14.120+0000][83684.486s][info][gc,heap     ] GC(2739) Humongous regions: 49->49
[2025-01-07T19:40:14.120+0000][83684.486s][info][gc,metaspace] GC(2739) Metaspace: 498599K(506880K)->498599K(506880K) NonClass: 438031K(442304K)->438031K(442304K) Class: 60567K(64576K)->60567K(64576K)
[2025-01-07T19:40:14.120+0000][83684.486s][info][gc          ] GC(2739) Pause Young (Prepare Mixed) (G1 Evacuation Pause) 9673M->2429M(12288M) 31.877ms
[2025-01-07T19:40:14.120+0000][83684.486s][info][gc,cpu      ] GC(2739) User=0.19s Sys=0.00s Real=0.03s
[2025-01-07T19:40:14.610+0000][83684.976s][info][gc,start    ] GC(2740) Pause Young (Mixed) (G1 Evacuation Pause)
[2025-01-07T19:40:14.610+0000][83684.976s][info][gc,task     ] GC(2740) Using 6 workers of 6 for evacuation
[2025-01-07T19:40:14.672+0000][83685.038s][info][gc,phases   ] GC(2740)   Pre Evacuate Collection Set: 0.2ms
[2025-01-07T19:40:14.672+0000][83685.038s][info][gc,phases   ] GC(2740)   Merge Heap Roots: 0.5ms
[2025-01-07T19:40:14.672+0000][83685.038s][info][gc,phases   ] GC(2740)   Evacuate Collection Set: 59.2ms
[2025-01-07T19:40:14.672+0000][83685.038s][info][gc,phases   ] GC(2740)   Post Evacuate Collection Set: 2.2ms
[2025-01-07T19:40:14.672+0000][83685.038s][info][gc,phases   ] GC(2740)   Other: 0.2ms
[2025-01-07T19:40:14.672+0000][83685.038s][info][gc,heap     ] GC(2740) Eden regions: 66->0(913)
[2025-01-07T19:40:14.672+0000][83685.038s][info][gc,heap     ] GC(2740) Survivor regions: 10->6(10)
[2025-01-07T19:40:14.672+0000][83685.038s][info][gc,heap     ] GC(2740) Old regions: 244->245
[2025-01-07T19:40:14.672+0000][83685.038s][info][gc,heap     ] GC(2740) Archive regions: 2->2
[2025-01-07T19:40:14.672+0000][83685.038s][info][gc,heap     ] GC(2740) Humongous regions: 49->49
[2025-01-07T19:40:14.672+0000][83685.038s][info][gc,metaspace] GC(2740) Metaspace: 498599K(506880K)->498599K(506880K) NonClass: 438031K(442304K)->438031K(442304K) Class: 60567K(64576K)->60567K(64576K)
[2025-01-07T19:40:14.672+0000][83685.038s][info][gc          ] GC(2740) Pause Young (Mixed) (G1 Evacuation Pause) 2957M->2400M(12288M) 62.315ms
[2025-01-07T19:40:14.672+0000][83685.038s][info][gc,cpu      ] GC(2740) User=0.36s Sys=0.00s Real=0.06s
[2025-01-07T19:40:21.486+0000][83691.852s][info][gc,start    ] GC(2741) Pause Young (Normal) (G1 Evacuation Pause)
[2025-01-07T19:40:21.486+0000][83691.852s][info][gc,task     ] GC(2741) Using 6 workers of 6 for evacuation
[2025-01-07T19:40:21.508+0000][83691.875s][info][gc,phases   ] GC(2741)   Pre Evacuate Collection Set: 0.2ms
[2025-01-07T19:40:21.509+0000][83691.875s][info][gc,phases   ] GC(2741)   Merge Heap Roots: 0.4ms
[2025-01-07T19:40:21.509+0000][83691.875s][info][gc,phases   ] GC(2741)   Evacuate Collection Set: 19.4ms
[2025-01-07T19:40:21.509+0000][83691.875s][info][gc,phases   ] GC(2741)   Post Evacuate Collection Set: 2.4ms
[2025-01-07T19:40:21.509+0000][83691.875s][info][gc,phases   ] GC(2741)   Other: 0.2ms
[2025-01-07T19:40:21.509+0000][83691.875s][info][gc,heap     ] GC(2741) Eden regions: 913->0(912)
[2025-01-07T19:40:21.509+0000][83691.875s][info][gc,heap     ] GC(2741) Survivor regions: 6->7(115)
[2025-01-07T19:40:21.509+0000][83691.875s][info][gc,heap     ] GC(2741) Old regions: 245->245
[2025-01-07T19:40:21.509+0000][83691.875s][info][gc,heap     ] GC(2741) Archive regions: 2->2
[2025-01-07T19:40:21.509+0000][83691.875s][info][gc,heap     ] GC(2741) Humongous regions: 49->49
[2025-01-07T19:40:21.509+0000][83691.875s][info][gc,metaspace] GC(2741) Metaspace: 498599K(506880K)->498599K(506880K) NonClass: 438031K(442304K)->438031K(442304K) Class: 60567K(64576K)->60567K(64576K)
[2025-01-07T19:40:21.509+0000][83691.875s][info][gc          ] GC(2741) Pause Young (Normal) (G1 Evacuation Pause) 9704M->2403M(12288M) 22.627ms
[2025-01-07T19:40:21.509+0000][83691.875s][info][gc,cpu      ] GC(2741) User=0.13s Sys=0.00s Real=0.02s
[2025-01-07T19:40:32.244+0000][83702.610s][info][gc,start    ] GC(2742) Pause Young (Normal) (G1 Evacuation Pause)
[2025-01-07T19:40:32.244+0000][83702.610s][info][gc,task     ] GC(2742) Using 6 workers of 6 for evacuation
[2025-01-07T19:40:32.271+0000][83702.637s][info][gc,phases   ] GC(2742)   Pre Evacuate Collection Set: 0.2ms
[2025-01-07T19:40:32.271+0000][83702.637s][info][gc,phases   ] GC(2742)   Merge Heap Roots: 0.4ms
[2025-01-07T19:40:32.271+0000][83702.637s][info][gc,phases   ] GC(2742)   Evacuate Collection Set: 24.0ms
[2025-01-07T19:40:32.271+0000][83702.637s][info][gc,phases   ] GC(2742)   Post Evacuate Collection Set: 2.6ms
[2025-01-07T19:40:32.271+0000][83702.637s][info][gc,phases   ] GC(2742)   Other: 0.2ms
[2025-01-07T19:40:32.271+0000][83702.637s][info][gc,heap     ] GC(2742) Eden regions: 912->0(911)
[2025-01-07T19:40:32.271+0000][83702.637s][info][gc,heap     ] GC(2742) Survivor regions: 7->8(115)
[2025-01-07T19:40:32.271+0000][83702.637s][info][gc,heap     ] GC(2742) Old regions: 245->245
[2025-01-07T19:40:32.271+0000][83702.637s][info][gc,heap     ] GC(2742) Archive regions: 2->2
[2025-01-07T19:40:32.271+0000][83702.637s][info][gc,heap     ] GC(2742) Humongous regions: 49->49
[2025-01-07T19:40:32.271+0000][83702.637s][info][gc,metaspace] GC(2742) Metaspace: 498609K(506880K)->498609K(506880K) NonClass: 438042K(442304K)->438042K(442304K) Class: 60567K(64576K)->60567K(64576K)
[2025-01-07T19:40:32.271+0000][83702.637s][info][gc          ] GC(2742) Pause Young (Normal) (G1 Evacuation Pause) 9699M->2416M(12288M) 27.414ms
[2025-01-07T19:40:32.271+0000][83702.637s][info][gc,cpu      ] GC(2742) User=0.16s Sys=0.00s Real=0.03s
[2025-01-07T19:40:39.164+0000][83709.530s][info][gc,start    ] GC(2743) Pause Young (Concurrent Start) (G1 Evacuation Pause)
[2025-01-07T19:40:39.164+0000][83709.530s][info][gc,task     ] GC(2743) Using 6 workers of 6 for evacuation
[2025-01-07T19:40:39.193+0000][83709.559s][info][gc,phases   ] GC(2743)   Pre Evacuate Collection Set: 1.0ms
[2025-01-07T19:40:39.193+0000][83709.559s][info][gc,phases   ] GC(2743)   Merge Heap Roots: 0.4ms
[2025-01-07T19:40:39.193+0000][83709.559s][info][gc,phases   ] GC(2743)   Evacuate Collection Set: 25.0ms
[2025-01-07T19:40:39.193+0000][83709.559s][info][gc,phases   ] GC(2743)   Post Evacuate Collection Set: 2.5ms
[2025-01-07T19:40:39.193+0000][83709.559s][info][gc,phases   ] GC(2743)   Other: 0.3ms
[2025-01-07T19:40:39.193+0000][83709.559s][info][gc,heap     ] GC(2743) Eden regions: 911->0(910)
[2025-01-07T19:40:39.193+0000][83709.559s][info][gc,heap     ] GC(2743) Survivor regions: 8->10(115)
[2025-01-07T19:40:39.193+0000][83709.559s][info][gc,heap     ] GC(2743) Old regions: 245->245
[2025-01-07T19:40:39.193+0000][83709.559s][info][gc,heap     ] GC(2743) Archive regions: 2->2
[2025-01-07T19:40:39.193+0000][83709.559s][info][gc,heap     ] GC(2743) Humongous regions: 49->49
[2025-01-07T19:40:39.193+0000][83709.559s][info][gc,metaspace] GC(2743) Metaspace: 498609K(506880K)->498609K(506880K) NonClass: 438042K(442304K)->438042K(442304K) Class: 60567K(64576K)->60567K(64576K)
[2025-01-07T19:40:39.193+0000][83709.560s][info][gc          ] GC(2743) Pause Young (Concurrent Start) (G1 Evacuation Pause) 9704M->2426M(12288M) 29.280ms
[2025-01-07T19:40:39.193+0000][83709.560s][info][gc,cpu      ] GC(2743) User=0.17s Sys=0.00s Real=0.03s
[2025-01-07T19:40:39.194+0000][83709.560s][info][gc          ] GC(2744) Concurrent Mark Cycle
[2025-01-07T19:40:39.194+0000][83709.560s][info][gc,marking  ] GC(2744) Concurrent Clear Claimed Marks
[2025-01-07T19:40:39.194+0000][83709.560s][info][gc,marking  ] GC(2744) Concurrent Clear Claimed Marks 0.788ms
[2025-01-07T19:40:39.194+0000][83709.560s][info][gc,marking  ] GC(2744) Concurrent Scan Root Regions
[2025-01-07T19:40:39.218+0000][83709.584s][info][gc,marking  ] GC(2744) Concurrent Scan Root Regions 23.216ms
[2025-01-07T19:40:39.218+0000][83709.584s][info][gc,marking  ] GC(2744) Concurrent Mark
[2025-01-07T19:40:39.218+0000][83709.584s][info][gc,marking  ] GC(2744) Concurrent Mark From Roots
[2025-01-07T19:40:39.218+0000][83709.584s][info][gc,task     ] GC(2744) Using 2 workers of 2 for marking
[2025-01-07T19:40:40.423+0000][83710.789s][info][gc,marking  ] GC(2744) Concurrent Mark From Roots 1205.730ms
[2025-01-07T19:40:40.423+0000][83710.789s][info][gc,marking  ] GC(2744) Concurrent Preclean
[2025-01-07T19:40:40.426+0000][83710.792s][info][gc,marking  ] GC(2744) Concurrent Preclean 2.446ms
[2025-01-07T19:40:40.426+0000][83710.792s][info][gc,start    ] GC(2744) Pause Remark
[2025-01-07T19:40:40.451+0000][83710.817s][info][gc          ] GC(2744) Pause Remark 4754M->4754M(12288M) 25.176ms
[2025-01-07T19:40:40.451+0000][83710.817s][info][gc,cpu      ] GC(2744) User=0.15s Sys=0.00s Real=0.03s
[2025-01-07T19:40:40.451+0000][83710.817s][info][gc,marking  ] GC(2744) Concurrent Mark 1233.708ms
[2025-01-07T19:40:40.451+0000][83710.817s][info][gc,marking  ] GC(2744) Concurrent Rebuild Remembered Sets
[2025-01-07T19:40:41.082+0000][83711.448s][info][gc,marking  ] GC(2744) Concurrent Rebuild Remembered Sets 630.989ms
[2025-01-07T19:40:41.082+0000][83711.449s][info][gc,start    ] GC(2744) Pause Cleanup
[2025-01-07T19:40:41.083+0000][83711.449s][info][gc          ] GC(2744) Pause Cleanup 5814M->5814M(12288M) 0.424ms
[2025-01-07T19:40:41.083+0000][83711.449s][info][gc,cpu      ] GC(2744) User=0.00s Sys=0.00s Real=0.00s
[2025-01-07T19:40:41.083+0000][83711.449s][info][gc,marking  ] GC(2744) Concurrent Cleanup for Next Mark
[2025-01-07T19:40:41.099+0000][83711.465s][info][gc,marking  ] GC(2744) Concurrent Cleanup for Next Mark 15.518ms
[2025-01-07T19:40:41.099+0000][83711.465s][info][gc          ] GC(2744) Concurrent Mark Cycle 1905.059ms
[2025-01-07T19:40:44.307+0000][83714.673s][info][gc,start    ] GC(2745) Pause Young (Prepare Mixed) (G1 Evacuation Pause)
[2025-01-07T19:40:44.307+0000][83714.673s][info][gc,task     ] GC(2745) Using 6 workers of 6 for evacuation
[2025-01-07T19:40:44.340+0000][83714.707s][info][gc,phases   ] GC(2745)   Pre Evacuate Collection Set: 0.2ms
[2025-01-07T19:40:44.340+0000][83714.707s][info][gc,phases   ] GC(2745)   Merge Heap Roots: 0.6ms
[2025-01-07T19:40:44.340+0000][83714.707s][info][gc,phases   ] GC(2745)   Evacuate Collection Set: 27.2ms
[2025-01-07T19:40:44.340+0000][83714.707s][info][gc,phases   ] GC(2745)   Post Evacuate Collection Set: 5.3ms
[2025-01-07T19:40:44.340+0000][83714.707s][info][gc,phases   ] GC(2745)   Other: 0.2ms
[2025-01-07T19:40:44.340+0000][83714.707s][info][gc,heap     ] GC(2745) Eden regions: 910->0(64)
[2025-01-07T19:40:44.340+0000][83714.707s][info][gc,heap     ] GC(2745) Survivor regions: 10->12(115)
[2025-01-07T19:40:44.340+0000][83714.707s][info][gc,heap     ] GC(2745) Old regions: 245->245
[2025-01-07T19:40:44.341+0000][83714.707s][info][gc,heap     ] GC(2745) Archive regions: 2->2
[2025-01-07T19:40:44.341+0000][83714.707s][info][gc,heap     ] GC(2745) Humongous regions: 49->49
[2025-01-07T19:40:44.341+0000][83714.707s][info][gc,metaspace] GC(2745) Metaspace: 498609K(506880K)->498609K(506880K) NonClass: 438042K(442304K)->438042K(442304K) Class: 60567K(64576K)->60567K(64576K)
[2025-01-07T19:40:44.341+0000][83714.707s][info][gc          ] GC(2745) Pause Young (Prepare Mixed) (G1 Evacuation Pause) 9706M->2444M(12288M) 33.576ms
[2025-01-07T19:40:44.341+0000][83714.707s][info][gc,cpu      ] GC(2745) User=0.20s Sys=0.00s Real=0.03s
[2025-01-07T19:40:44.717+0000][83715.083s][info][gc,start    ] GC(2746) Pause Young (Mixed) (G1 Evacuation Pause)
[2025-01-07T19:40:44.717+0000][83715.084s][info][gc,task     ] GC(2746) Using 6 workers of 6 for evacuation
[2025-01-07T19:40:44.780+0000][83715.146s][info][gc,phases   ] GC(2746)   Pre Evacuate Collection Set: 0.2ms
[2025-01-07T19:40:44.780+0000][83715.146s][info][gc,phases   ] GC(2746)   Merge Heap Roots: 0.5ms
[2025-01-07T19:40:44.780+0000][83715.146s][info][gc,phases   ] GC(2746)   Evacuate Collection Set: 59.4ms
[2025-01-07T19:40:44.780+0000][83715.146s][info][gc,phases   ] GC(2746)   Post Evacuate Collection Set: 2.0ms
[2025-01-07T19:40:44.780+0000][83715.146s][info][gc,phases   ] GC(2746)   Other: 0.2ms
[2025-01-07T19:40:44.780+0000][83715.146s][info][gc,heap     ] GC(2746) Eden regions: 64->0(912)
[2025-01-07T19:40:44.780+0000][83715.146s][info][gc,heap     ] GC(2746) Survivor regions: 12->5(10)
[2025-01-07T19:40:44.780+0000][83715.146s][info][gc,heap     ] GC(2746) Old regions: 245->247
[2025-01-07T19:40:44.780+0000][83715.146s][info][gc,heap     ] GC(2746) Archive regions: 2->2
[2025-01-07T19:40:44.780+0000][83715.146s][info][gc,heap     ] GC(2746) Humongous regions: 49->49
[2025-01-07T19:40:44.780+0000][83715.146s][info][gc,metaspace] GC(2746) Metaspace: 498609K(506880K)->498609K(506880K) NonClass: 438042K(442304K)->438042K(442304K) Class: 60567K(64576K)->60567K(64576K)
[2025-01-07T19:40:44.780+0000][83715.146s][info][gc          ] GC(2746) Pause Young (Mixed) (G1 Evacuation Pause) 2956M->2408M(12288M) 62.423ms
[2025-01-07T19:40:44.780+0000][83715.146s][info][gc,cpu      ] GC(2746) User=0.33s Sys=0.00s Real=0.06s
[2025-01-07T19:40:53.618+0000][83723.984s][info][gc,start    ] GC(2747) Pause Young (Normal) (G1 Evacuation Pause)
[2025-01-07T19:40:53.618+0000][83723.984s][info][gc,task     ] GC(2747) Using 6 workers of 6 for evacuation
[2025-01-07T19:40:53.641+0000][83724.007s][info][gc,phases   ] GC(2747)   Pre Evacuate Collection Set: 0.2ms
[2025-01-07T19:40:53.641+0000][83724.007s][info][gc,phases   ] GC(2747)   Merge Heap Roots: 0.4ms
[2025-01-07T19:40:53.641+0000][83724.007s][info][gc,phases   ] GC(2747)   Evacuate Collection Set: 19.1ms
[2025-01-07T19:40:53.641+0000][83724.007s][info][gc,phases   ] GC(2747)   Post Evacuate Collection Set: 2.4ms
[2025-01-07T19:40:53.641+0000][83724.007s][info][gc,phases   ] GC(2747)   Other: 0.2ms
[2025-01-07T19:40:53.641+0000][83724.007s][info][gc,heap     ] GC(2747) Eden regions: 912->0(911)
[2025-01-07T19:40:53.641+0000][83724.007s][info][gc,heap     ] GC(2747) Survivor regions: 5->6(115)
[2025-01-07T19:40:53.641+0000][83724.007s][info][gc,heap     ] GC(2747) Old regions: 247->247
[2025-01-07T19:40:53.641+0000][83724.007s][info][gc,heap     ] GC(2747) Archive regions: 2->2
[2025-01-07T19:40:53.641+0000][83724.007s][info][gc,heap     ] GC(2747) Humongous regions: 49->49
[2025-01-07T19:40:53.641+0000][83724.007s][info][gc,metaspace] GC(2747) Metaspace: 498610K(506880K)->498610K(506880K) NonClass: 438042K(442304K)->438042K(442304K) Class: 60567K(64576K)->60567K(64576K)
[2025-01-07T19:40:53.641+0000][83724.007s][info][gc          ] GC(2747) Pause Young (Normal) (G1 Evacuation Pause) 9704M->2412M(12288M) 22.315ms
[2025-01-07T19:40:53.641+0000][83724.007s][info][gc,cpu      ] GC(2747) User=0.13s Sys=0.00s Real=0.02s
[2025-01-07T19:41:01.339+0000][83731.705s][info][gc,start    ] GC(2748) Pause Young (Normal) (G1 Evacuation Pause)
[2025-01-07T19:41:01.339+0000][83731.705s][info][gc,task     ] GC(2748) Using 6 workers of 6 for evacuation
[2025-01-07T19:41:01.367+0000][83731.733s][info][gc,phases   ] GC(2748)   Pre Evacuate Collection Set: 0.2ms
[2025-01-07T19:41:01.367+0000][83731.733s][info][gc,phases   ] GC(2748)   Merge Heap Roots: 0.4ms
[2025-01-07T19:41:01.367+0000][83731.733s][info][gc,phases   ] GC(2748)   Evacuate Collection Set: 23.0ms
[2025-01-07T19:41:01.367+0000][83731.733s][info][gc,phases   ] GC(2748)   Post Evacuate Collection Set: 3.8ms
[2025-01-07T19:41:01.367+0000][83731.733s][info][gc,phases   ] GC(2748)   Other: 0.2ms
[2025-01-07T19:41:01.367+0000][83731.733s][info][gc,heap     ] GC(2748) Eden regions: 911->0(907)
[2025-01-07T19:41:01.367+0000][83731.733s][info][gc,heap     ] GC(2748) Survivor regions: 6->8(115)
[2025-01-07T19:41:01.367+0000][83731.733s][info][gc,heap     ] GC(2748) Old regions: 247->247
[2025-01-07T19:41:01.367+0000][83731.733s][info][gc,heap     ] GC(2748) Archive regions: 2->2
[2025-01-07T19:41:01.367+0000][83731.733s][info][gc,heap     ] GC(2748) Humongous regions: 49->49
[2025-01-07T19:41:01.367+0000][83731.733s][info][gc,metaspace] GC(2748) Metaspace: 498611K(506880K)->498611K(506880K) NonClass: 438043K(442304K)->438043K(442304K) Class: 60567K(64576K)->60567K(64576K)
[2025-01-07T19:41:01.367+0000][83731.733s][info][gc          ] GC(2748) Pause Young (Normal) (G1 Evacuation Pause) 9700M->2432M(12288M) 27.668ms
[2025-01-07T19:41:01.367+0000][83731.733s][info][gc,cpu      ] GC(2748) User=0.16s Sys=0.00s Real=0.03s
[2025-01-07T19:41:10.134+0000][83740.500s][info][gc,start    ] GC(2749) Pause Young (Concurrent Start) (G1 Evacuation Pause)
[2025-01-07T19:41:10.134+0000][83740.501s][info][gc,task     ] GC(2749) Using 6 workers of 6 for evacuation
[2025-01-07T19:41:10.165+0000][83740.531s][info][gc,phases   ] GC(2749)   Pre Evacuate Collection Set: 1.0ms
[2025-01-07T19:41:10.165+0000][83740.531s][info][gc,phases   ] GC(2749)   Merge Heap Roots: 0.4ms
[2025-01-07T19:41:10.165+0000][83740.531s][info][gc,phases   ] GC(2749)   Evacuate Collection Set: 26.5ms
[2025-01-07T19:41:10.165+0000][83740.531s][info][gc,phases   ] GC(2749)   Post Evacuate Collection Set: 2.6ms
[2025-01-07T19:41:10.165+0000][83740.531s][info][gc,phases   ] GC(2749)   Other: 0.3ms
[2025-01-07T19:41:10.165+0000][83740.531s][info][gc,heap     ] GC(2749) Eden regions: 907->0(909)
[2025-01-07T19:41:10.165+0000][83740.531s][info][gc,heap     ] GC(2749) Survivor regions: 8->8(115)
[2025-01-07T19:41:10.165+0000][83740.531s][info][gc,heap     ] GC(2749) Old regions: 247->247
[2025-01-07T19:41:10.165+0000][83740.531s][info][gc,heap     ] GC(2749) Archive regions: 2->2
[2025-01-07T19:41:10.165+0000][83740.531s][info][gc,heap     ] GC(2749) Humongous regions: 49->49
[2025-01-07T19:41:10.165+0000][83740.531s][info][gc,metaspace] GC(2749) Metaspace: 498611K(506880K)->498611K(506880K) NonClass: 438043K(442304K)->438043K(442304K) Class: 60567K(64576K)->60567K(64576K)
[2025-01-07T19:41:10.165+0000][83740.531s][info][gc          ] GC(2749) Pause Young (Concurrent Start) (G1 Evacuation Pause) 9688M->2432M(12288M) 30.928ms
[2025-01-07T19:41:10.165+0000][83740.531s][info][gc,cpu      ] GC(2749) User=0.18s Sys=0.00s Real=0.03s
[2025-01-07T19:41:10.165+0000][83740.531s][info][gc          ] GC(2750) Concurrent Mark Cycle
[2025-01-07T19:41:10.165+0000][83740.532s][info][gc,marking  ] GC(2750) Concurrent Clear Claimed Marks
[2025-01-07T19:41:10.166+0000][83740.532s][info][gc,marking  ] GC(2750) Concurrent Clear Claimed Marks 0.853ms
[2025-01-07T19:41:10.166+0000][83740.532s][info][gc,marking  ] GC(2750) Concurrent Scan Root Regions
[2025-01-07T19:41:10.187+0000][83740.553s][info][gc,marking  ] GC(2750) Concurrent Scan Root Regions 20.819ms
[2025-01-07T19:41:10.187+0000][83740.553s][info][gc,marking  ] GC(2750) Concurrent Mark
[2025-01-07T19:41:10.187+0000][83740.553s][info][gc,marking  ] GC(2750) Concurrent Mark From Roots
[2025-01-07T19:41:10.187+0000][83740.553s][info][gc,task     ] GC(2750) Using 2 workers of 2 for marking
[2025-01-07T19:41:10.994+0000][83741.360s][info][gc,marking  ] GC(2750) Concurrent Mark From Roots 806.542ms
[2025-01-07T19:41:10.994+0000][83741.360s][info][gc,marking  ] GC(2750) Concurrent Preclean
[2025-01-07T19:41:10.995+0000][83741.362s][info][gc,marking  ] GC(2750) Concurrent Preclean 1.742ms
[2025-01-07T19:41:10.996+0000][83741.362s][info][gc,start    ] GC(2750) Pause Remark
[2025-01-07T19:41:11.021+0000][83741.387s][info][gc          ] GC(2750) Pause Remark 3292M->3292M(12288M) 25.426ms
[2025-01-07T19:41:11.021+0000][83741.387s][info][gc,cpu      ] GC(2750) User=0.15s Sys=0.00s Real=0.02s
[2025-01-07T19:41:11.021+0000][83741.387s][info][gc,marking  ] GC(2750) Concurrent Mark 834.052ms
[2025-01-07T19:41:11.021+0000][83741.387s][info][gc,marking  ] GC(2750) Concurrent Rebuild Remembered Sets
[2025-01-07T19:41:11.533+0000][83741.899s][info][gc,marking  ] GC(2750) Concurrent Rebuild Remembered Sets 511.500ms
[2025-01-07T19:41:11.533+0000][83741.899s][info][gc,start    ] GC(2750) Pause Cleanup
[2025-01-07T19:41:11.533+0000][83741.899s][info][gc          ] GC(2750) Pause Cleanup 3972M->3972M(12288M) 0.489ms
[2025-01-07T19:41:11.533+0000][83741.899s][info][gc,cpu      ] GC(2750) User=0.00s Sys=0.00s Real=0.00s
[2025-01-07T19:41:11.533+0000][83741.900s][info][gc,marking  ] GC(2750) Concurrent Cleanup for Next Mark
[2025-01-07T19:41:11.550+0000][83741.916s][info][gc,marking  ] GC(2750) Concurrent Cleanup for Next Mark 16.286ms
[2025-01-07T19:41:11.550+0000][83741.916s][info][gc          ] GC(2750) Concurrent Mark Cycle 1384.436ms
[2025-01-07T19:41:17.655+0000][83748.021s][info][gc,start    ] GC(2751) Pause Young (Prepare Mixed) (GCLocker Initiated GC)
[2025-01-07T19:41:17.655+0000][83748.021s][info][gc,task     ] GC(2751) Using 6 workers of 6 for evacuation
[2025-01-07T19:41:17.688+0000][83748.054s][info][gc,phases   ] GC(2751)   Pre Evacuate Collection Set: 0.2ms
[2025-01-07T19:41:17.688+0000][83748.054s][info][gc,phases   ] GC(2751)   Merge Heap Roots: 0.6ms
[2025-01-07T19:41:17.688+0000][83748.054s][info][gc,phases   ] GC(2751)   Evacuate Collection Set: 29.6ms
[2025-01-07T19:41:17.688+0000][83748.054s][info][gc,phases   ] GC(2751)   Post Evacuate Collection Set: 3.0ms
[2025-01-07T19:41:17.688+0000][83748.054s][info][gc,phases   ] GC(2751)   Other: 0.2ms
[2025-01-07T19:41:17.688+0000][83748.054s][info][gc,heap     ] GC(2751) Eden regions: 910->0(66)
[2025-01-07T19:41:17.688+0000][83748.054s][info][gc,heap     ] GC(2751) Survivor regions: 8->10(115)
[2025-01-07T19:41:17.688+0000][83748.054s][info][gc,heap     ] GC(2751) Old regions: 247->247
[2025-01-07T19:41:17.688+0000][83748.054s][info][gc,heap     ] GC(2751) Archive regions: 2->2
[2025-01-07T19:41:17.688+0000][83748.054s][info][gc,heap     ] GC(2751) Humongous regions: 49->49
[2025-01-07T19:41:17.688+0000][83748.054s][info][gc,metaspace] GC(2751) Metaspace: 498612K(506880K)->498612K(506880K) NonClass: 438044K(442304K)->438044K(442304K) Class: 60567K(64576K)->60567K(64576K)
[2025-01-07T19:41:17.688+0000][83748.054s][info][gc          ] GC(2751) Pause Young (Prepare Mixed) (GCLocker Initiated GC) 9708M->2448M(12288M) 33.657ms
[2025-01-07T19:41:17.688+0000][83748.054s][info][gc,cpu      ] GC(2751) User=0.20s Sys=0.00s Real=0.03s
[2025-01-07T19:41:18.327+0000][83748.693s][info][gc,start    ] GC(2752) Pause Young (Mixed) (G1 Evacuation Pause)
[2025-01-07T19:41:18.327+0000][83748.693s][info][gc,task     ] GC(2752) Using 6 workers of 6 for evacuation
[2025-01-07T19:41:18.370+0000][83748.736s][info][gc,phases   ] GC(2752)   Pre Evacuate Collection Set: 0.2ms
[2025-01-07T19:41:18.370+0000][83748.736s][info][gc,phases   ] GC(2752)   Merge Heap Roots: 0.4ms
[2025-01-07T19:41:18.370+0000][83748.736s][info][gc,phases   ] GC(2752)   Evacuate Collection Set: 41.0ms
[2025-01-07T19:41:18.370+0000][83748.736s][info][gc,phases   ] GC(2752)   Post Evacuate Collection Set: 1.7ms
[2025-01-07T19:41:18.370+0000][83748.736s][info][gc,phases   ] GC(2752)   Other: 0.2ms
[2025-01-07T19:41:18.370+0000][83748.736s][info][gc,heap     ] GC(2752) Eden regions: 66->0(914)
[2025-01-07T19:41:18.370+0000][83748.736s][info][gc,heap     ] GC(2752) Survivor regions: 10->6(10)
[2025-01-07T19:41:18.370+0000][83748.736s][info][gc,heap     ] GC(2752) Old regions: 247->244
[2025-01-07T19:41:18.370+0000][83748.736s][info][gc,heap     ] GC(2752) Archive regions: 2->2
[2025-01-07T19:41:18.370+0000][83748.736s][info][gc,heap     ] GC(2752) Humongous regions: 49->49
[2025-01-07T19:41:18.370+0000][83748.736s][info][gc,metaspace] GC(2752) Metaspace: 498612K(506880K)->498612K(506880K) NonClass: 438044K(442304K)->438044K(442304K) Class: 60567K(64576K)->60567K(64576K)
[2025-01-07T19:41:18.370+0000][83748.736s][info][gc          ] GC(2752) Pause Young (Mixed) (G1 Evacuation Pause) 2976M->2385M(12288M) 43.441ms
[2025-01-07T19:41:18.370+0000][83748.736s][info][gc,cpu      ] GC(2752) User=0.25s Sys=0.00s Real=0.05s
[2025-01-07T19:41:25.729+0000][83756.095s][info][gc,start    ] GC(2753) Pause Young (Normal) (G1 Evacuation Pause)
[2025-01-07T19:41:25.729+0000][83756.095s][info][gc,task     ] GC(2753) Using 6 workers of 6 for evacuation
[2025-01-07T19:41:25.754+0000][83756.120s][info][gc,phases   ] GC(2753)   Pre Evacuate Collection Set: 0.2ms
[2025-01-07T19:41:25.754+0000][83756.120s][info][gc,phases   ] GC(2753)   Merge Heap Roots: 0.4ms
[2025-01-07T19:41:25.754+0000][83756.120s][info][gc,phases   ] GC(2753)   Evacuate Collection Set: 21.5ms
[2025-01-07T19:41:25.754+0000][83756.120s][info][gc,phases   ] GC(2753)   Post Evacuate Collection Set: 2.6ms
[2025-01-07T19:41:25.754+0000][83756.120s][info][gc,phases   ] GC(2753)   Other: 0.2ms
[2025-01-07T19:41:25.754+0000][83756.120s][info][gc,heap     ] GC(2753) Eden regions: 914->0(914)
[2025-01-07T19:41:25.754+0000][83756.120s][info][gc,heap     ] GC(2753) Survivor regions: 6->6(115)
[2025-01-07T19:41:25.754+0000][83756.120s][info][gc,heap     ] GC(2753) Old regions: 244->244
[2025-01-07T19:41:25.754+0000][83756.120s][info][gc,heap     ] GC(2753) Archive regions: 2->2
[2025-01-07T19:41:25.754+0000][83756.120s][info][gc,heap     ] GC(2753) Humongous regions: 49->49
[2025-01-07T19:41:25.754+0000][83756.120s][info][gc,metaspace] GC(2753) Metaspace: 498615K(506880K)->498615K(506880K) NonClass: 438047K(442304K)->438047K(442304K) Class: 60567K(64576K)->60567K(64576K)
[2025-01-07T19:41:25.754+0000][83756.120s][info][gc          ] GC(2753) Pause Young (Normal) (G1 Evacuation Pause) 9697M->2387M(12288M) 25.032ms
[2025-01-07T19:41:25.754+0000][83756.120s][info][gc,cpu      ] GC(2753) User=0.13s Sys=0.00s Real=0.03s
[2025-01-07T19:41:36.491+0000][83766.857s][info][gc,start    ] GC(2754) Pause Young (Normal) (G1 Evacuation Pause)
[2025-01-07T19:41:36.491+0000][83766.857s][info][gc,task     ] GC(2754) Using 6 workers of 6 for evacuation
[2025-01-07T19:41:36.521+0000][83766.887s][info][gc,phases   ] GC(2754)   Pre Evacuate Collection Set: 0.2ms
[2025-01-07T19:41:36.521+0000][83766.887s][info][gc,phases   ] GC(2754)   Merge Heap Roots: 0.4ms
[2025-01-07T19:41:36.521+0000][83766.887s][info][gc,phases   ] GC(2754)   Evacuate Collection Set: 25.5ms
[2025-01-07T19:41:36.521+0000][83766.887s][info][gc,phases   ] GC(2754)   Post Evacuate Collection Set: 3.8ms
[2025-01-07T19:41:36.521+0000][83766.887s][info][gc,phases   ] GC(2754)   Other: 0.2ms
[2025-01-07T19:41:36.521+0000][83766.887s][info][gc,heap     ] GC(2754) Eden regions: 914->0(911)
[2025-01-07T19:41:36.521+0000][83766.887s][info][gc,heap     ] GC(2754) Survivor regions: 6->8(115)
[2025-01-07T19:41:36.521+0000][83766.887s][info][gc,heap     ] GC(2754) Old regions: 244->244
[2025-01-07T19:41:36.521+0000][83766.887s][info][gc,heap     ] GC(2754) Archive regions: 2->2
[2025-01-07T19:41:36.521+0000][83766.887s][info][gc,heap     ] GC(2754) Humongous regions: 49->49
[2025-01-07T19:41:36.521+0000][83766.887s][info][gc,metaspace] GC(2754) Metaspace: 498615K(506880K)->498615K(506880K) NonClass: 438047K(442304K)->438047K(442304K) Class: 60567K(64576K)->60567K(64576K)
[2025-01-07T19:41:36.521+0000][83766.888s][info][gc          ] GC(2754) Pause Young (Normal) (G1 Evacuation Pause) 9699M->2407M(12288M) 30.194ms
[2025-01-07T19:41:36.521+0000][83766.888s][info][gc,cpu      ] GC(2754) User=0.18s Sys=0.00s Real=0.03s
[2025-01-07T19:41:44.159+0000][83774.525s][info][gc,start    ] GC(2755) Pause Young (Concurrent Start) (G1 Evacuation Pause)
[2025-01-07T19:41:44.159+0000][83774.525s][info][gc,task     ] GC(2755) Using 6 workers of 6 for evacuation
[2025-01-07T19:41:44.193+0000][83774.559s][info][gc,phases   ] GC(2755)   Pre Evacuate Collection Set: 0.9ms
[2025-01-07T19:41:44.193+0000][83774.559s][info][gc,phases   ] GC(2755)   Merge Heap Roots: 0.4ms
[2025-01-07T19:41:44.193+0000][83774.559s][info][gc,phases   ] GC(2755)   Evacuate Collection Set: 28.4ms
[2025-01-07T19:41:44.193+0000][83774.559s][info][gc,phases   ] GC(2755)   Post Evacuate Collection Set: 4.0ms
[2025-01-07T19:41:44.193+0000][83774.559s][info][gc,phases   ] GC(2755)   Other: 0.3ms
[2025-01-07T19:41:44.193+0000][83774.559s][info][gc,heap     ] GC(2755) Eden regions: 911->0(908)
[2025-01-07T19:41:44.193+0000][83774.559s][info][gc,heap     ] GC(2755) Survivor regions: 8->10(115)
[2025-01-07T19:41:44.193+0000][83774.559s][info][gc,heap     ] GC(2755) Old regions: 244->244
[2025-01-07T19:41:44.193+0000][83774.559s][info][gc,heap     ] GC(2755) Archive regions: 2->2
[2025-01-07T19:41:44.193+0000][83774.559s][info][gc,heap     ] GC(2755) Humongous regions: 49->49
[2025-01-07T19:41:44.193+0000][83774.559s][info][gc,metaspace] GC(2755) Metaspace: 498615K(506880K)->498615K(506880K) NonClass: 438047K(442304K)->438047K(442304K) Class: 60567K(64576K)->60567K(64576K)
[2025-01-07T19:41:44.193+0000][83774.559s][info][gc          ] GC(2755) Pause Young (Concurrent Start) (G1 Evacuation Pause) 9695M->2419M(12288M) 34.149ms
[2025-01-07T19:41:44.193+0000][83774.559s][info][gc,cpu      ] GC(2755) User=0.19s Sys=0.00s Real=0.04s
[2025-01-07T19:41:44.193+0000][83774.559s][info][gc          ] GC(2756) Concurrent Mark Cycle
[2025-01-07T19:41:44.193+0000][83774.559s][info][gc,marking  ] GC(2756) Concurrent Clear Claimed Marks
[2025-01-07T19:41:44.194+0000][83774.560s][info][gc,marking  ] GC(2756) Concurrent Clear Claimed Marks 0.783ms
[2025-01-07T19:41:44.194+0000][83774.560s][info][gc,marking  ] GC(2756) Concurrent Scan Root Regions
[2025-01-07T19:41:44.221+0000][83774.587s][info][gc,marking  ] GC(2756) Concurrent Scan Root Regions 26.944ms
[2025-01-07T19:41:44.221+0000][83774.587s][info][gc,marking  ] GC(2756) Concurrent Mark
[2025-01-07T19:41:44.221+0000][83774.587s][info][gc,marking  ] GC(2756) Concurrent Mark From Roots
[2025-01-07T19:41:44.221+0000][83774.587s][info][gc,task     ] GC(2756) Using 2 workers of 2 for marking
[2025-01-07T19:41:45.191+0000][83775.557s][info][gc,marking  ] GC(2756) Concurrent Mark From Roots 970.206ms
[2025-01-07T19:41:45.191+0000][83775.557s][info][gc,marking  ] GC(2756) Concurrent Preclean
[2025-01-07T19:41:45.194+0000][83775.560s][info][gc,marking  ] GC(2756) Concurrent Preclean 2.520ms
[2025-01-07T19:41:45.194+0000][83775.560s][info][gc,start    ] GC(2756) Pause Remark
[2025-01-07T19:41:45.219+0000][83775.586s][info][gc          ] GC(2756) Pause Remark 3935M->3935M(12288M) 25.410ms
[2025-01-07T19:41:45.220+0000][83775.586s][info][gc,cpu      ] GC(2756) User=0.15s Sys=0.00s Real=0.02s
[2025-01-07T19:41:45.220+0000][83775.586s][info][gc,marking  ] GC(2756) Concurrent Mark 998.485ms
[2025-01-07T19:41:45.220+0000][83775.586s][info][gc,marking  ] GC(2756) Concurrent Rebuild Remembered Sets
[2025-01-07T19:41:45.723+0000][83776.089s][info][gc,marking  ] GC(2756) Concurrent Rebuild Remembered Sets 503.299ms
[2025-01-07T19:41:45.723+0000][83776.089s][info][gc,start    ] GC(2756) Pause Cleanup
[2025-01-07T19:41:45.724+0000][83776.090s][info][gc          ] GC(2756) Pause Cleanup 4559M->4559M(12288M) 0.478ms
[2025-01-07T19:41:45.724+0000][83776.090s][info][gc,cpu      ] GC(2756) User=0.00s Sys=0.00s Real=0.00s
[2025-01-07T19:41:45.724+0000][83776.090s][info][gc,marking  ] GC(2756) Concurrent Cleanup for Next Mark
[2025-01-07T19:41:45.752+0000][83776.118s][info][gc,marking  ] GC(2756) Concurrent Cleanup for Next Mark 28.063ms
[2025-01-07T19:41:45.752+0000][83776.118s][info][gc          ] GC(2756) Concurrent Mark Cycle 1558.452ms
[2025-01-07T19:41:53.124+0000][83783.490s][info][gc,start    ] GC(2757) Pause Young (Prepare Mixed) (G1 Evacuation Pause)
[2025-01-07T19:41:53.124+0000][83783.490s][info][gc,task     ] GC(2757) Using 6 workers of 6 for evacuation
[2025-01-07T19:41:53.163+0000][83783.530s][info][gc,phases   ] GC(2757)   Pre Evacuate Collection Set: 0.2ms
[2025-01-07T19:41:53.164+0000][83783.530s][info][gc,phases   ] GC(2757)   Merge Heap Roots: 0.6ms
[2025-01-07T19:41:53.164+0000][83783.530s][info][gc,phases   ] GC(2757)   Evacuate Collection Set: 34.1ms
[2025-01-07T19:41:53.164+0000][83783.530s][info][gc,phases   ] GC(2757)   Post Evacuate Collection Set: 4.2ms
[2025-01-07T19:41:53.164+0000][83783.530s][info][gc,phases   ] GC(2757)   Other: 0.2ms
[2025-01-07T19:41:53.164+0000][83783.530s][info][gc,heap     ] GC(2757) Eden regions: 908->0(64)
[2025-01-07T19:41:53.164+0000][83783.530s][info][gc,heap     ] GC(2757) Survivor regions: 10->12(115)
[2025-01-07T19:41:53.164+0000][83783.530s][info][gc,heap     ] GC(2757) Old regions: 244->244
[2025-01-07T19:41:53.164+0000][83783.530s][info][gc,heap     ] GC(2757) Archive regions: 2->2
[2025-01-07T19:41:53.164+0000][83783.530s][info][gc,heap     ] GC(2757) Humongous regions: 53->53
[2025-01-07T19:41:53.164+0000][83783.530s][info][gc,metaspace] GC(2757) Metaspace: 498616K(506880K)->498616K(506880K) NonClass: 438048K(442304K)->438048K(442304K) Class: 60567K(64576K)->60567K(64576K)
[2025-01-07T19:41:53.164+0000][83783.530s][info][gc          ] GC(2757) Pause Young (Prepare Mixed) (G1 Evacuation Pause) 9715M->2470M(12288M) 39.474ms
[2025-01-07T19:41:53.164+0000][83783.530s][info][gc,cpu      ] GC(2757) User=0.23s Sys=0.00s Real=0.04s
[2025-01-07T19:41:53.621+0000][83783.987s][info][gc,start    ] GC(2758) Pause Young (Mixed) (G1 Evacuation Pause)
[2025-01-07T19:41:53.621+0000][83783.987s][info][gc,task     ] GC(2758) Using 6 workers of 6 for evacuation
[2025-01-07T19:41:53.667+0000][83784.033s][info][gc,phases   ] GC(2758)   Pre Evacuate Collection Set: 0.2ms
[2025-01-07T19:41:53.667+0000][83784.033s][info][gc,phases   ] GC(2758)   Merge Heap Roots: 0.4ms
[2025-01-07T19:41:53.667+0000][83784.033s][info][gc,phases   ] GC(2758)   Evacuate Collection Set: 43.8ms
[2025-01-07T19:41:53.667+0000][83784.033s][info][gc,phases   ] GC(2758)   Post Evacuate Collection Set: 1.6ms
[2025-01-07T19:41:53.667+0000][83784.033s][info][gc,phases   ] GC(2758)   Other: 0.2ms
[2025-01-07T19:41:53.667+0000][83784.033s][info][gc,heap     ] GC(2758) Eden regions: 64->0(907)
[2025-01-07T19:41:53.667+0000][83784.033s][info][gc,heap     ] GC(2758) Survivor regions: 12->5(10)
[2025-01-07T19:41:53.667+0000][83784.033s][info][gc,heap     ] GC(2758) Old regions: 244->245
[2025-01-07T19:41:53.667+0000][83784.033s][info][gc,heap     ] GC(2758) Archive regions: 2->2
[2025-01-07T19:41:53.667+0000][83784.033s][info][gc,heap     ] GC(2758) Humongous regions: 53->53
[2025-01-07T19:41:53.667+0000][83784.033s][info][gc,metaspace] GC(2758) Metaspace: 498616K(506880K)->498616K(506880K) NonClass: 438048K(442304K)->438048K(442304K) Class: 60567K(64576K)->60567K(64576K)
[2025-01-07T19:41:53.667+0000][83784.033s][info][gc          ] GC(2758) Pause Young (Mixed) (G1 Evacuation Pause) 2982M->2421M(12288M) 46.262ms
[2025-01-07T19:41:53.667+0000][83784.033s][info][gc,cpu      ] GC(2758) User=0.27s Sys=0.00s Real=0.05s
[2025-01-07T19:42:03.456+0000][83793.822s][info][gc,start    ] GC(2759) Pause Young (Normal) (G1 Evacuation Pause)
[2025-01-07T19:42:03.456+0000][83793.822s][info][gc,task     ] GC(2759) Using 6 workers of 6 for evacuation
[2025-01-07T19:42:03.479+0000][83793.846s][info][gc,phases   ] GC(2759)   Pre Evacuate Collection Set: 0.2ms
[2025-01-07T19:42:03.479+0000][83793.846s][info][gc,phases   ] GC(2759)   Merge Heap Roots: 0.4ms
[2025-01-07T19:42:03.479+0000][83793.846s][info][gc,phases   ] GC(2759)   Evacuate Collection Set: 19.9ms
[2025-01-07T19:42:03.479+0000][83793.846s][info][gc,phases   ] GC(2759)   Post Evacuate Collection Set: 2.5ms
[2025-01-07T19:42:03.479+0000][83793.846s][info][gc,phases   ] GC(2759)   Other: 0.2ms
[2025-01-07T19:42:03.479+0000][83793.846s][info][gc,heap     ] GC(2759) Eden regions: 907->0(907)
[2025-01-07T19:42:03.479+0000][83793.846s][info][gc,heap     ] GC(2759) Survivor regions: 5->6(114)
[2025-01-07T19:42:03.479+0000][83793.846s][info][gc,heap     ] GC(2759) Old regions: 245->245
[2025-01-07T19:42:03.480+0000][83793.846s][info][gc,heap     ] GC(2759) Archive regions: 2->2
[2025-01-07T19:42:03.480+0000][83793.846s][info][gc,heap     ] GC(2759) Humongous regions: 53->53
[2025-01-07T19:42:03.480+0000][83793.846s][info][gc,metaspace] GC(2759) Metaspace: 498616K(506880K)->498616K(506880K) NonClass: 438048K(442304K)->438048K(442304K) Class: 60567K(64576K)->60567K(64576K)
[2025-01-07T19:42:03.480+0000][83793.846s][info][gc          ] GC(2759) Pause Young (Normal) (G1 Evacuation Pause) 9677M->2430M(12288M) 23.385ms
[2025-01-07T19:42:03.480+0000][83793.846s][info][gc,cpu      ] GC(2759) User=0.14s Sys=0.00s Real=0.02s
[2025-01-07T19:42:13.507+0000][83803.873s][info][gc,start    ] GC(2760) Pause Young (Normal) (G1 Evacuation Pause)
[2025-01-07T19:42:13.507+0000][83803.873s][info][gc,task     ] GC(2760) Using 6 workers of 6 for evacuation
[2025-01-07T19:42:13.536+0000][83803.902s][info][gc,phases   ] GC(2760)   Pre Evacuate Collection Set: 0.2ms
[2025-01-07T19:42:13.536+0000][83803.902s][info][gc,phases   ] GC(2760)   Merge Heap Roots: 0.4ms
[2025-01-07T19:42:13.536+0000][83803.902s][info][gc,phases   ] GC(2760)   Evacuate Collection Set: 25.7ms
[2025-01-07T19:42:13.536+0000][83803.902s][info][gc,phases   ] GC(2760)   Post Evacuate Collection Set: 2.6ms
[2025-01-07T19:42:13.536+0000][83803.902s][info][gc,phases   ] GC(2760)   Other: 0.2ms
[2025-01-07T19:42:13.536+0000][83803.902s][info][gc,heap     ] GC(2760) Eden regions: 907->0(904)
[2025-01-07T19:42:13.536+0000][83803.902s][info][gc,heap     ] GC(2760) Survivor regions: 6->8(115)
[2025-01-07T19:42:13.536+0000][83803.902s][info][gc,heap     ] GC(2760) Old regions: 245->245
[2025-01-07T19:42:13.536+0000][83803.902s][info][gc,heap     ] GC(2760) Archive regions: 2->2
[2025-01-07T19:42:13.536+0000][83803.902s][info][gc,heap     ] GC(2760) Humongous regions: 53->53
[2025-01-07T19:42:13.536+0000][83803.902s][info][gc,metaspace] GC(2760) Metaspace: 498619K(506880K)->498619K(506880K) NonClass: 438052K(442304K)->438052K(442304K) Class: 60567K(64576K)->60567K(64576K)
[2025-01-07T19:42:13.536+0000][83803.902s][info][gc          ] GC(2760) Pause Young (Normal) (G1 Evacuation Pause) 9686M->2449M(12288M) 29.235ms
[2025-01-07T19:42:13.536+0000][83803.902s][info][gc,cpu      ] GC(2760) User=0.17s Sys=0.00s Real=0.03s
[2025-01-07T19:42:20.382+0000][83810.748s][info][gc,start    ] GC(2761) Pause Young (Concurrent Start) (G1 Evacuation Pause)
[2025-01-07T19:42:20.382+0000][83810.748s][info][gc,task     ] GC(2761) Using 6 workers of 6 for evacuation
[2025-01-07T19:42:20.413+0000][83810.779s][info][gc,phases   ] GC(2761)   Pre Evacuate Collection Set: 1.0ms
[2025-01-07T19:42:20.413+0000][83810.779s][info][gc,phases   ] GC(2761)   Merge Heap Roots: 0.5ms
[2025-01-07T19:42:20.413+0000][83810.779s][info][gc,phases   ] GC(2761)   Evacuate Collection Set: 26.5ms
[2025-01-07T19:42:20.413+0000][83810.779s][info][gc,phases   ] GC(2761)   Post Evacuate Collection Set: 2.5ms
[2025-01-07T19:42:20.413+0000][83810.779s][info][gc,phases   ] GC(2761)   Other: 0.3ms
[2025-01-07T19:42:20.413+0000][83810.779s][info][gc,heap     ] GC(2761) Eden regions: 904->0(904)
[2025-01-07T19:42:20.413+0000][83810.779s][info][gc,heap     ] GC(2761) Survivor regions: 8->9(114)
[2025-01-07T19:42:20.413+0000][83810.779s][info][gc,heap     ] GC(2761) Old regions: 245->245
[2025-01-07T19:42:20.413+0000][83810.779s][info][gc,heap     ] GC(2761) Archive regions: 2->2
[2025-01-07T19:42:20.413+0000][83810.779s][info][gc,heap     ] GC(2761) Humongous regions: 53->53
[2025-01-07T19:42:20.413+0000][83810.779s][info][gc,metaspace] GC(2761) Metaspace: 498619K(506880K)->498619K(506880K) NonClass: 438052K(442304K)->438052K(442304K) Class: 60567K(64576K)->60567K(64576K)
[2025-01-07T19:42:20.413+0000][83810.779s][info][gc          ] GC(2761) Pause Young (Concurrent Start) (G1 Evacuation Pause) 9681M->2454M(12288M) 30.783ms
[2025-01-07T19:42:20.413+0000][83810.779s][info][gc,cpu      ] GC(2761) User=0.18s Sys=0.00s Real=0.03s
[2025-01-07T19:42:20.413+0000][83810.779s][info][gc          ] GC(2762) Concurrent Mark Cycle
[2025-01-07T19:42:20.413+0000][83810.779s][info][gc,marking  ] GC(2762) Concurrent Clear Claimed Marks
[2025-01-07T19:42:20.414+0000][83810.780s][info][gc,marking  ] GC(2762) Concurrent Clear Claimed Marks 0.811ms
[2025-01-07T19:42:20.414+0000][83810.780s][info][gc,marking  ] GC(2762) Concurrent Scan Root Regions
[2025-01-07T19:42:20.439+0000][83810.805s][info][gc,marking  ] GC(2762) Concurrent Scan Root Regions 24.928ms
[2025-01-07T19:42:20.439+0000][83810.805s][info][gc,marking  ] GC(2762) Concurrent Mark
[2025-01-07T19:42:20.439+0000][83810.805s][info][gc,marking  ] GC(2762) Concurrent Mark From Roots
[2025-01-07T19:42:20.439+0000][83810.805s][info][gc,task     ] GC(2762) Using 2 workers of 2 for marking
[2025-01-07T19:42:21.284+0000][83811.650s][info][gc,marking  ] GC(2762) Concurrent Mark From Roots 844.718ms
[2025-01-07T19:42:21.284+0000][83811.650s][info][gc,marking  ] GC(2762) Concurrent Preclean
[2025-01-07T19:42:21.286+0000][83811.652s][info][gc,marking  ] GC(2762) Concurrent Preclean 2.487ms
[2025-01-07T19:42:21.286+0000][83811.653s][info][gc,start    ] GC(2762) Pause Remark
[2025-01-07T19:42:21.312+0000][83811.678s][info][gc          ] GC(2762) Pause Remark 3438M->3406M(12288M) 25.630ms
[2025-01-07T19:42:21.312+0000][83811.678s][info][gc,cpu      ] GC(2762) User=0.14s Sys=0.00s Real=0.03s
[2025-01-07T19:42:21.312+0000][83811.678s][info][gc,marking  ] GC(2762) Concurrent Mark 873.190ms
[2025-01-07T19:42:21.312+0000][83811.678s][info][gc,marking  ] GC(2762) Concurrent Rebuild Remembered Sets
[2025-01-07T19:42:21.784+0000][83812.150s][info][gc,marking  ] GC(2762) Concurrent Rebuild Remembered Sets 471.988ms
[2025-01-07T19:42:21.784+0000][83812.150s][info][gc,start    ] GC(2762) Pause Cleanup
[2025-01-07T19:42:21.785+0000][83812.151s][info][gc          ] GC(2762) Pause Cleanup 3770M->3770M(12288M) 0.441ms
[2025-01-07T19:42:21.785+0000][83812.151s][info][gc,cpu      ] GC(2762) User=0.00s Sys=0.00s Real=0.00s
[2025-01-07T19:42:21.785+0000][83812.151s][info][gc,marking  ] GC(2762) Concurrent Cleanup for Next Mark
[2025-01-07T19:42:21.801+0000][83812.167s][info][gc,marking  ] GC(2762) Concurrent Cleanup for Next Mark 16.085ms
[2025-01-07T19:42:21.801+0000][83812.167s][info][gc          ] GC(2762) Concurrent Mark Cycle 1387.867ms
[2025-01-07T19:42:28.536+0000][83818.902s][info][gc,start    ] GC(2763) Pause Young (Prepare Mixed) (G1 Evacuation Pause)
[2025-01-07T19:42:28.536+0000][83818.902s][info][gc,task     ] GC(2763) Using 6 workers of 6 for evacuation
[2025-01-07T19:42:28.569+0000][83818.935s][info][gc,phases   ] GC(2763)   Pre Evacuate Collection Set: 0.2ms
[2025-01-07T19:42:28.569+0000][83818.935s][info][gc,phases   ] GC(2763)   Merge Heap Roots: 0.6ms
[2025-01-07T19:42:28.569+0000][83818.935s][info][gc,phases   ] GC(2763)   Evacuate Collection Set: 30.1ms
[2025-01-07T19:42:28.569+0000][83818.935s][info][gc,phases   ] GC(2763)   Post Evacuate Collection Set: 2.5ms
[2025-01-07T19:42:28.569+0000][83818.935s][info][gc,phases   ] GC(2763)   Other: 0.2ms
[2025-01-07T19:42:28.569+0000][83818.935s][info][gc,heap     ] GC(2763) Eden regions: 904->0(65)
[2025-01-07T19:42:28.569+0000][83818.935s][info][gc,heap     ] GC(2763) Survivor regions: 9->11(115)
[2025-01-07T19:42:28.569+0000][83818.935s][info][gc,heap     ] GC(2763) Old regions: 245->245
[2025-01-07T19:42:28.569+0000][83818.935s][info][gc,heap     ] GC(2763) Archive regions: 2->2
[2025-01-07T19:42:28.569+0000][83818.935s][info][gc,heap     ] GC(2763) Humongous regions: 49->49
[2025-01-07T19:42:28.569+0000][83818.935s][info][gc,metaspace] GC(2763) Metaspace: 498621K(506880K)->498621K(506880K) NonClass: 438053K(442304K)->438053K(442304K) Class: 60567K(64576K)->60567K(64576K)
[2025-01-07T19:42:28.569+0000][83818.935s][info][gc          ] GC(2763) Pause Young (Prepare Mixed) (G1 Evacuation Pause) 9654M->2436M(12288M) 33.676ms
[2025-01-07T19:42:28.569+0000][83818.935s][info][gc,cpu      ] GC(2763) User=0.20s Sys=0.00s Real=0.03s
[2025-01-07T19:42:28.933+0000][83819.299s][info][gc,start    ] GC(2764) Pause Young (Mixed) (G1 Evacuation Pause)
[2025-01-07T19:42:28.933+0000][83819.299s][info][gc,task     ] GC(2764) Using 6 workers of 6 for evacuation
[2025-01-07T19:42:28.991+0000][83819.357s][info][gc,phases   ] GC(2764)   Pre Evacuate Collection Set: 0.2ms
[2025-01-07T19:42:28.991+0000][83819.357s][info][gc,phases   ] GC(2764)   Merge Heap Roots: 0.6ms
[2025-01-07T19:42:28.991+0000][83819.357s][info][gc,phases   ] GC(2764)   Evacuate Collection Set: 55.8ms
[2025-01-07T19:42:28.991+0000][83819.357s][info][gc,phases   ] GC(2764)   Post Evacuate Collection Set: 1.8ms
[2025-01-07T19:42:28.991+0000][83819.357s][info][gc,phases   ] GC(2764)   Other: 0.2ms
[2025-01-07T19:42:28.991+0000][83819.357s][info][gc,heap     ] GC(2764) Eden regions: 65->0(913)
[2025-01-07T19:42:28.991+0000][83819.358s][info][gc,heap     ] GC(2764) Survivor regions: 11->5(10)
[2025-01-07T19:42:28.991+0000][83819.358s][info][gc,heap     ] GC(2764) Old regions: 245->245
[2025-01-07T19:42:28.991+0000][83819.358s][info][gc,heap     ] GC(2764) Archive regions: 2->2
[2025-01-07T19:42:28.991+0000][83819.358s][info][gc,heap     ] GC(2764) Humongous regions: 49->49
[2025-01-07T19:42:28.991+0000][83819.358s][info][gc,metaspace] GC(2764) Metaspace: 498621K(506880K)->498621K(506880K) NonClass: 438053K(442304K)->438053K(442304K) Class: 60567K(64576K)->60567K(64576K)
[2025-01-07T19:42:28.991+0000][83819.358s][info][gc          ] GC(2764) Pause Young (Mixed) (G1 Evacuation Pause) 2956M->2395M(12288M) 58.643ms
[2025-01-07T19:42:28.991+0000][83819.358s][info][gc,cpu      ] GC(2764) User=0.34s Sys=0.00s Real=0.06s
[2025-01-07T19:42:34.523+0000][83824.889s][info][gc,start    ] GC(2765) Pause Young (Normal) (G1 Evacuation Pause)
[2025-01-07T19:42:34.523+0000][83824.889s][info][gc,task     ] GC(2765) Using 6 workers of 6 for evacuation
[2025-01-07T19:42:34.548+0000][83824.914s][info][gc,phases   ] GC(2765)   Pre Evacuate Collection Set: 0.2ms
[2025-01-07T19:42:34.548+0000][83824.914s][info][gc,phases   ] GC(2765)   Merge Heap Roots: 0.4ms
[2025-01-07T19:42:34.548+0000][83824.914s][info][gc,phases   ] GC(2765)   Evacuate Collection Set: 18.9ms
[2025-01-07T19:42:34.548+0000][83824.914s][info][gc,phases   ] GC(2765)   Post Evacuate Collection Set: 5.1ms
[2025-01-07T19:42:34.548+0000][83824.914s][info][gc,phases   ] GC(2765)   Other: 0.2ms
[2025-01-07T19:42:34.548+0000][83824.914s][info][gc,heap     ] GC(2765) Eden regions: 913->0(910)
[2025-01-07T19:42:34.548+0000][83824.914s][info][gc,heap     ] GC(2765) Survivor regions: 5->7(115)
[2025-01-07T19:42:34.548+0000][83824.914s][info][gc,heap     ] GC(2765) Old regions: 245->245
[2025-01-07T19:42:34.548+0000][83824.914s][info][gc,heap     ] GC(2765) Archive regions: 2->2
[2025-01-07T19:42:34.548+0000][83824.914s][info][gc,heap     ] GC(2765) Humongous regions: 49->49
[2025-01-07T19:42:34.548+0000][83824.914s][info][gc,metaspace] GC(2765) Metaspace: 498621K(506880K)->498621K(506880K) NonClass: 438053K(442304K)->438053K(442304K) Class: 60567K(64576K)->60567K(64576K)
[2025-01-07T19:42:34.548+0000][83824.914s][info][gc          ] GC(2765) Pause Young (Normal) (G1 Evacuation Pause) 9699M->2411M(12288M) 24.924ms
[2025-01-07T19:42:34.548+0000][83824.914s][info][gc,cpu      ] GC(2765) User=0.15s Sys=0.00s Real=0.02s
[2025-01-07T19:42:42.110+0000][83832.476s][info][gc,start    ] GC(2766) Pause Young (Normal) (G1 Evacuation Pause)
[2025-01-07T19:42:42.110+0000][83832.476s][info][gc,task     ] GC(2766) Using 6 workers of 6 for evacuation
[2025-01-07T19:42:42.134+0000][83832.500s][info][gc,phases   ] GC(2766)   Pre Evacuate Collection Set: 0.2ms
[2025-01-07T19:42:42.134+0000][83832.500s][info][gc,phases   ] GC(2766)   Merge Heap Roots: 0.4ms
[2025-01-07T19:42:42.134+0000][83832.500s][info][gc,phases   ] GC(2766)   Evacuate Collection Set: 21.1ms
[2025-01-07T19:42:42.134+0000][83832.500s][info][gc,phases   ] GC(2766)   Post Evacuate Collection Set: 2.5ms
[2025-01-07T19:42:42.134+0000][83832.500s][info][gc,phases   ] GC(2766)   Other: 0.2ms
[2025-01-07T19:42:42.134+0000][83832.500s][info][gc,heap     ] GC(2766) Eden regions: 910->0(911)
[2025-01-07T19:42:42.134+0000][83832.500s][info][gc,heap     ] GC(2766) Survivor regions: 7->7(115)
[2025-01-07T19:42:42.134+0000][83832.500s][info][gc,heap     ] GC(2766) Old regions: 245->245
[2025-01-07T19:42:42.134+0000][83832.500s][info][gc,heap     ] GC(2766) Archive regions: 2->2
[2025-01-07T19:42:42.134+0000][83832.500s][info][gc,heap     ] GC(2766) Humongous regions: 49->49
[2025-01-07T19:42:42.134+0000][83832.500s][info][gc,metaspace] GC(2766) Metaspace: 498621K(506880K)->498621K(506880K) NonClass: 438053K(442304K)->438053K(442304K) Class: 60567K(64576K)->60567K(64576K)
[2025-01-07T19:42:42.134+0000][83832.500s][info][gc          ] GC(2766) Pause Young (Normal) (G1 Evacuation Pause) 9691M->2409M(12288M) 24.500ms
[2025-01-07T19:42:42.134+0000][83832.500s][info][gc,cpu      ] GC(2766) User=0.14s Sys=0.00s Real=0.02s
[2025-01-07T19:42:48.960+0000][83839.326s][info][gc,start    ] GC(2767) Pause Young (Concurrent Start) (G1 Evacuation Pause)
[2025-01-07T19:42:48.960+0000][83839.326s][info][gc,task     ] GC(2767) Using 6 workers of 6 for evacuation
[2025-01-07T19:42:48.989+0000][83839.355s][info][gc,phases   ] GC(2767)   Pre Evacuate Collection Set: 1.0ms
[2025-01-07T19:42:48.989+0000][83839.355s][info][gc,phases   ] GC(2767)   Merge Heap Roots: 0.4ms
[2025-01-07T19:42:48.989+0000][83839.355s][info][gc,phases   ] GC(2767)   Evacuate Collection Set: 24.4ms
[2025-01-07T19:42:48.989+0000][83839.355s][info][gc,phases   ] GC(2767)   Post Evacuate Collection Set: 3.8ms
[2025-01-07T19:42:48.989+0000][83839.355s][info][gc,phases   ] GC(2767)   Other: 0.3ms
[2025-01-07T19:42:48.989+0000][83839.355s][info][gc,heap     ] GC(2767) Eden regions: 911->0(910)
[2025-01-07T19:42:48.989+0000][83839.355s][info][gc,heap     ] GC(2767) Survivor regions: 7->9(115)
[2025-01-07T19:42:48.989+0000][83839.355s][info][gc,heap     ] GC(2767) Old regions: 245->245
[2025-01-07T19:42:48.989+0000][83839.355s][info][gc,heap     ] GC(2767) Archive regions: 2->2
[2025-01-07T19:42:48.989+0000][83839.355s][info][gc,heap     ] GC(2767) Humongous regions: 49->49
[2025-01-07T19:42:48.989+0000][83839.355s][info][gc,metaspace] GC(2767) Metaspace: 498621K(506880K)->498621K(506880K) NonClass: 438053K(442304K)->438053K(442304K) Class: 60567K(64576K)->60567K(64576K)
[2025-01-07T19:42:48.989+0000][83839.355s][info][gc          ] GC(2767) Pause Young (Concurrent Start) (G1 Evacuation Pause) 9697M->2425M(12288M) 29.872ms
[2025-01-07T19:42:48.989+0000][83839.356s][info][gc,cpu      ] GC(2767) User=0.17s Sys=0.00s Real=0.04s
[2025-01-07T19:42:48.989+0000][83839.356s][info][gc          ] GC(2768) Concurrent Mark Cycle
[2025-01-07T19:42:48.990+0000][83839.356s][info][gc,marking  ] GC(2768) Concurrent Clear Claimed Marks
[2025-01-07T19:42:48.990+0000][83839.356s][info][gc,marking  ] GC(2768) Concurrent Clear Claimed Marks 0.853ms
[2025-01-07T19:42:48.990+0000][83839.356s][info][gc,marking  ] GC(2768) Concurrent Scan Root Regions
[2025-01-07T19:42:49.010+0000][83839.376s][info][gc,marking  ] GC(2768) Concurrent Scan Root Regions 19.280ms
[2025-01-07T19:42:49.010+0000][83839.376s][info][gc,marking  ] GC(2768) Concurrent Mark
[2025-01-07T19:42:49.010+0000][83839.376s][info][gc,marking  ] GC(2768) Concurrent Mark From Roots
[2025-01-07T19:42:49.010+0000][83839.376s][info][gc,task     ] GC(2768) Using 2 workers of 2 for marking
[2025-01-07T19:42:49.983+0000][83840.349s][info][gc,marking  ] GC(2768) Concurrent Mark From Roots 972.831ms
[2025-01-07T19:42:49.983+0000][83840.349s][info][gc,marking  ] GC(2768) Concurrent Preclean
[2025-01-07T19:42:49.984+0000][83840.351s][info][gc,marking  ] GC(2768) Concurrent Preclean 1.826ms
[2025-01-07T19:42:49.985+0000][83840.351s][info][gc,start    ] GC(2768) Pause Remark
[2025-01-07T19:42:50.010+0000][83840.376s][info][gc          ] GC(2768) Pause Remark 3521M->3521M(12288M) 24.953ms
[2025-01-07T19:42:50.010+0000][83840.376s][info][gc,cpu      ] GC(2768) User=0.15s Sys=0.00s Real=0.03s
[2025-01-07T19:42:50.010+0000][83840.376s][info][gc,marking  ] GC(2768) Concurrent Mark 1000.002ms
[2025-01-07T19:42:50.010+0000][83840.376s][info][gc,marking  ] GC(2768) Concurrent Rebuild Remembered Sets
[2025-01-07T19:42:50.555+0000][83840.921s][info][gc,marking  ] GC(2768) Concurrent Rebuild Remembered Sets 545.137ms
[2025-01-07T19:42:50.555+0000][83840.921s][info][gc,start    ] GC(2768) Pause Cleanup
[2025-01-07T19:42:50.555+0000][83840.922s][info][gc          ] GC(2768) Pause Cleanup 4105M->4105M(12288M) 0.433ms
[2025-01-07T19:42:50.555+0000][83840.922s][info][gc,cpu      ] GC(2768) User=0.00s Sys=0.00s Real=0.00s
[2025-01-07T19:42:50.556+0000][83840.922s][info][gc,marking  ] GC(2768) Concurrent Cleanup for Next Mark
[2025-01-07T19:42:50.572+0000][83840.938s][info][gc,marking  ] GC(2768) Concurrent Cleanup for Next Mark 16.621ms
[2025-01-07T19:42:50.572+0000][83840.938s][info][gc          ] GC(2768) Concurrent Mark Cycle 1582.750ms
[2025-01-07T19:42:55.719+0000][83846.085s][info][gc,start    ] GC(2769) Pause Young (Prepare Mixed) (G1 Evacuation Pause)
[2025-01-07T19:42:55.719+0000][83846.085s][info][gc,task     ] GC(2769) Using 6 workers of 6 for evacuation
[2025-01-07T19:42:55.751+0000][83846.117s][info][gc,phases   ] GC(2769)   Pre Evacuate Collection Set: 0.2ms
[2025-01-07T19:42:55.751+0000][83846.117s][info][gc,phases   ] GC(2769)   Merge Heap Roots: 0.7ms
[2025-01-07T19:42:55.751+0000][83846.117s][info][gc,phases   ] GC(2769)   Evacuate Collection Set: 28.4ms
[2025-01-07T19:42:55.751+0000][83846.117s][info][gc,phases   ] GC(2769)   Post Evacuate Collection Set: 2.8ms
[2025-01-07T19:42:55.751+0000][83846.117s][info][gc,phases   ] GC(2769)   Other: 0.2ms
[2025-01-07T19:42:55.751+0000][83846.117s][info][gc,heap     ] GC(2769) Eden regions: 910->0(66)
[2025-01-07T19:42:55.751+0000][83846.117s][info][gc,heap     ] GC(2769) Survivor regions: 9->10(115)
[2025-01-07T19:42:55.751+0000][83846.117s][info][gc,heap     ] GC(2769) Old regions: 245->245
[2025-01-07T19:42:55.751+0000][83846.117s][info][gc,heap     ] GC(2769) Archive regions: 2->2
[2025-01-07T19:42:55.751+0000][83846.117s][info][gc,heap     ] GC(2769) Humongous regions: 49->49
[2025-01-07T19:42:55.751+0000][83846.117s][info][gc,metaspace] GC(2769) Metaspace: 498637K(506880K)->498637K(506880K) NonClass: 438069K(442304K)->438069K(442304K) Class: 60567K(64576K)->60567K(64576K)
[2025-01-07T19:42:55.751+0000][83846.117s][info][gc          ] GC(2769) Pause Young (Prepare Mixed) (G1 Evacuation Pause) 9705M->2431M(12288M) 32.361ms
[2025-01-07T19:42:55.751+0000][83846.117s][info][gc,cpu      ] GC(2769) User=0.19s Sys=0.00s Real=0.04s
[2025-01-07T19:42:56.520+0000][83846.886s][info][gc,start    ] GC(2770) Pause Young (Mixed) (G1 Evacuation Pause)
[2025-01-07T19:42:56.520+0000][83846.886s][info][gc,task     ] GC(2770) Using 6 workers of 6 for evacuation
[2025-01-07T19:42:56.582+0000][83846.948s][info][gc,phases   ] GC(2770)   Pre Evacuate Collection Set: 0.2ms
[2025-01-07T19:42:56.582+0000][83846.948s][info][gc,phases   ] GC(2770)   Merge Heap Roots: 0.6ms
[2025-01-07T19:42:56.582+0000][83846.948s][info][gc,phases   ] GC(2770)   Evacuate Collection Set: 58.6ms
[2025-01-07T19:42:56.582+0000][83846.948s][info][gc,phases   ] GC(2770)   Post Evacuate Collection Set: 2.1ms
[2025-01-07T19:42:56.582+0000][83846.948s][info][gc,phases   ] GC(2770)   Other: 0.2ms
[2025-01-07T19:42:56.582+0000][83846.948s][info][gc,heap     ] GC(2770) Eden regions: 66->0(914)
[2025-01-07T19:42:56.582+0000][83846.948s][info][gc,heap     ] GC(2770) Survivor regions: 10->5(10)
[2025-01-07T19:42:56.582+0000][83846.948s][info][gc,heap     ] GC(2770) Old regions: 245->245
[2025-01-07T19:42:56.582+0000][83846.948s][info][gc,heap     ] GC(2770) Archive regions: 2->2
[2025-01-07T19:42:56.582+0000][83846.948s][info][gc,heap     ] GC(2770) Humongous regions: 49->49
[2025-01-07T19:42:56.582+0000][83846.948s][info][gc,metaspace] GC(2770) Metaspace: 498637K(506880K)->498637K(506880K) NonClass: 438069K(442304K)->438069K(442304K) Class: 60567K(64576K)->60567K(64576K)
[2025-01-07T19:42:56.582+0000][83846.948s][info][gc          ] GC(2770) Pause Young (Mixed) (G1 Evacuation Pause) 2959M->2394M(12288M) 61.729ms
[2025-01-07T19:42:56.582+0000][83846.948s][info][gc,cpu      ] GC(2770) User=0.36s Sys=0.00s Real=0.07s
[2025-01-07T19:43:06.101+0000][83856.468s][info][gc,start    ] GC(2771) Pause Young (Normal) (G1 Evacuation Pause)
[2025-01-07T19:43:06.102+0000][83856.468s][info][gc,task     ] GC(2771) Using 6 workers of 6 for evacuation
[2025-01-07T19:43:06.126+0000][83856.492s][info][gc,phases   ] GC(2771)   Pre Evacuate Collection Set: 0.2ms
[2025-01-07T19:43:06.126+0000][83856.492s][info][gc,phases   ] GC(2771)   Merge Heap Roots: 0.4ms
[2025-01-07T19:43:06.126+0000][83856.492s][info][gc,phases   ] GC(2771)   Evacuate Collection Set: 21.0ms
[2025-01-07T19:43:06.126+0000][83856.492s][info][gc,phases   ] GC(2771)   Post Evacuate Collection Set: 2.6ms
[2025-01-07T19:43:06.126+0000][83856.492s][info][gc,phases   ] GC(2771)   Other: 0.2ms
[2025-01-07T19:43:06.126+0000][83856.492s][info][gc,heap     ] GC(2771) Eden regions: 914->0(912)
[2025-01-07T19:43:06.126+0000][83856.492s][info][gc,heap     ] GC(2771) Survivor regions: 5->6(115)
[2025-01-07T19:43:06.126+0000][83856.492s][info][gc,heap     ] GC(2771) Old regions: 245->245
[2025-01-07T19:43:06.126+0000][83856.492s][info][gc,heap     ] GC(2771) Archive regions: 2->2
[2025-01-07T19:43:06.126+0000][83856.492s][info][gc,heap     ] GC(2771) Humongous regions: 49->49
[2025-01-07T19:43:06.126+0000][83856.492s][info][gc,metaspace] GC(2771) Metaspace: 498637K(506880K)->498637K(506880K) NonClass: 438069K(442304K)->438069K(442304K) Class: 60567K(64576K)->60567K(64576K)
[2025-01-07T19:43:06.126+0000][83856.492s][info][gc          ] GC(2771) Pause Young (Normal) (G1 Evacuation Pause) 9706M->2401M(12288M) 24.505ms
[2025-01-07T19:43:06.126+0000][83856.492s][info][gc,cpu      ] GC(2771) User=0.14s Sys=0.01s Real=0.02s
[2025-01-07T19:43:14.691+0000][83865.057s][info][gc,start    ] GC(2772) Pause Young (Normal) (G1 Evacuation Pause)
[2025-01-07T19:43:14.691+0000][83865.057s][info][gc,task     ] GC(2772) Using 6 workers of 6 for evacuation
[2025-01-07T19:43:14.718+0000][83865.085s][info][gc,phases   ] GC(2772)   Pre Evacuate Collection Set: 0.2ms
[2025-01-07T19:43:14.718+0000][83865.085s][info][gc,phases   ] GC(2772)   Merge Heap Roots: 0.4ms
[2025-01-07T19:43:14.719+0000][83865.085s][info][gc,phases   ] GC(2772)   Evacuate Collection Set: 23.8ms
[2025-01-07T19:43:14.719+0000][83865.085s][info][gc,phases   ] GC(2772)   Post Evacuate Collection Set: 2.6ms
[2025-01-07T19:43:14.719+0000][83865.085s][info][gc,phases   ] GC(2772)   Other: 0.2ms
[2025-01-07T19:43:14.719+0000][83865.085s][info][gc,heap     ] GC(2772) Eden regions: 912->0(910)
[2025-01-07T19:43:14.719+0000][83865.085s][info][gc,heap     ] GC(2772) Survivor regions: 6->8(115)
[2025-01-07T19:43:14.719+0000][83865.085s][info][gc,heap     ] GC(2772) Old regions: 245->245
[2025-01-07T19:43:14.719+0000][83865.085s][info][gc,heap     ] GC(2772) Archive regions: 2->2
[2025-01-07T19:43:14.719+0000][83865.085s][info][gc,heap     ] GC(2772) Humongous regions: 49->49
[2025-01-07T19:43:14.719+0000][83865.085s][info][gc,metaspace] GC(2772) Metaspace: 498637K(506880K)->498637K(506880K) NonClass: 438069K(442304K)->438069K(442304K) Class: 60567K(64576K)->60567K(64576K)
[2025-01-07T19:43:14.719+0000][83865.085s][info][gc          ] GC(2772) Pause Young (Normal) (G1 Evacuation Pause) 9697M->2418M(12288M) 27.219ms
[2025-01-07T19:43:14.719+0000][83865.085s][info][gc,cpu      ] GC(2772) User=0.16s Sys=0.00s Real=0.02s
[2025-01-07T19:43:22.333+0000][83872.699s][info][gc,start    ] GC(2773) Pause Young (Concurrent Start) (G1 Evacuation Pause)
[2025-01-07T19:43:22.333+0000][83872.699s][info][gc,task     ] GC(2773) Using 6 workers of 6 for evacuation
[2025-01-07T19:43:22.364+0000][83872.730s][info][gc,phases   ] GC(2773)   Pre Evacuate Collection Set: 1.0ms
[2025-01-07T19:43:22.364+0000][83872.730s][info][gc,phases   ] GC(2773)   Merge Heap Roots: 0.4ms
[2025-01-07T19:43:22.364+0000][83872.730s][info][gc,phases   ] GC(2773)   Evacuate Collection Set: 26.6ms
[2025-01-07T19:43:22.364+0000][83872.730s][info][gc,phases   ] GC(2773)   Post Evacuate Collection Set: 2.6ms
[2025-01-07T19:43:22.364+0000][83872.730s][info][gc,phases   ] GC(2773)   Other: 0.3ms
[2025-01-07T19:43:22.364+0000][83872.730s][info][gc,heap     ] GC(2773) Eden regions: 910->0(909)
[2025-01-07T19:43:22.364+0000][83872.730s][info][gc,heap     ] GC(2773) Survivor regions: 8->9(115)
[2025-01-07T19:43:22.364+0000][83872.730s][info][gc,heap     ] GC(2773) Old regions: 245->245
[2025-01-07T19:43:22.364+0000][83872.730s][info][gc,heap     ] GC(2773) Archive regions: 2->2
[2025-01-07T19:43:22.364+0000][83872.730s][info][gc,heap     ] GC(2773) Humongous regions: 49->49
[2025-01-07T19:43:22.364+0000][83872.730s][info][gc,metaspace] GC(2773) Metaspace: 498637K(506880K)->498637K(506880K) NonClass: 438069K(442304K)->438069K(442304K) Class: 60567K(64576K)->60567K(64576K)
[2025-01-07T19:43:22.364+0000][83872.730s][info][gc          ] GC(2773) Pause Young (Concurrent Start) (G1 Evacuation Pause) 9698M->2426M(12288M) 30.998ms
[2025-01-07T19:43:22.364+0000][83872.730s][info][gc,cpu      ] GC(2773) User=0.17s Sys=0.00s Real=0.03s
[2025-01-07T19:43:22.364+0000][83872.730s][info][gc          ] GC(2774) Concurrent Mark Cycle
[2025-01-07T19:43:22.364+0000][83872.730s][info][gc,marking  ] GC(2774) Concurrent Clear Claimed Marks
[2025-01-07T19:43:22.365+0000][83872.731s][info][gc,marking  ] GC(2774) Concurrent Clear Claimed Marks 0.812ms
[2025-01-07T19:43:22.365+0000][83872.731s][info][gc,marking  ] GC(2774) Concurrent Scan Root Regions
[2025-01-07T19:43:22.385+0000][83872.751s][info][gc,marking  ] GC(2774) Concurrent Scan Root Regions 20.246ms
[2025-01-07T19:43:22.385+0000][83872.751s][info][gc,marking  ] GC(2774) Concurrent Mark
[2025-01-07T19:43:22.385+0000][83872.751s][info][gc,marking  ] GC(2774) Concurrent Mark From Roots
[2025-01-07T19:43:22.385+0000][83872.751s][info][gc,task     ] GC(2774) Using 2 workers of 2 for marking
[2025-01-07T19:43:23.204+0000][83873.570s][info][gc,marking  ] GC(2774) Concurrent Mark From Roots 818.531ms
[2025-01-07T19:43:23.204+0000][83873.570s][info][gc,marking  ] GC(2774) Concurrent Preclean
[2025-01-07T19:43:23.205+0000][83873.571s][info][gc,marking  ] GC(2774) Concurrent Preclean 1.728ms
[2025-01-07T19:43:23.206+0000][83873.572s][info][gc,start    ] GC(2774) Pause Remark
[2025-01-07T19:43:23.231+0000][83873.597s][info][gc          ] GC(2774) Pause Remark 2970M->2970M(12288M) 25.283ms
[2025-01-07T19:43:23.231+0000][83873.597s][info][gc,cpu      ] GC(2774) User=0.14s Sys=0.00s Real=0.03s
[2025-01-07T19:43:23.231+0000][83873.597s][info][gc,marking  ] GC(2774) Concurrent Mark 845.890ms
[2025-01-07T19:43:23.231+0000][83873.597s][info][gc,marking  ] GC(2774) Concurrent Rebuild Remembered Sets
[2025-01-07T19:43:23.804+0000][83874.170s][info][gc,marking  ] GC(2774) Concurrent Rebuild Remembered Sets 573.165ms
[2025-01-07T19:43:23.804+0000][83874.170s][info][gc,start    ] GC(2774) Pause Cleanup
[2025-01-07T19:43:23.805+0000][83874.171s][info][gc          ] GC(2774) Pause Cleanup 3378M->3378M(12288M) 0.439ms
[2025-01-07T19:43:23.805+0000][83874.171s][info][gc,cpu      ] GC(2774) User=0.00s Sys=0.00s Real=0.00s
[2025-01-07T19:43:23.805+0000][83874.171s][info][gc,marking  ] GC(2774) Concurrent Cleanup for Next Mark
[2025-01-07T19:43:23.821+0000][83874.187s][info][gc,marking  ] GC(2774) Concurrent Cleanup for Next Mark 16.169ms
[2025-01-07T19:43:23.821+0000][83874.187s][info][gc          ] GC(2774) Concurrent Mark Cycle 1457.169ms
[2025-01-07T19:43:33.177+0000][83883.543s][info][gc,start    ] GC(2775) Pause Young (Prepare Mixed) (G1 Evacuation Pause)
[2025-01-07T19:43:33.177+0000][83883.543s][info][gc,task     ] GC(2775) Using 6 workers of 6 for evacuation
[2025-01-07T19:43:33.216+0000][83883.582s][info][gc,phases   ] GC(2775)   Pre Evacuate Collection Set: 0.2ms
[2025-01-07T19:43:33.216+0000][83883.582s][info][gc,phases   ] GC(2775)   Merge Heap Roots: 0.7ms
[2025-01-07T19:43:33.216+0000][83883.582s][info][gc,phases   ] GC(2775)   Evacuate Collection Set: 32.6ms
[2025-01-07T19:43:33.216+0000][83883.582s][info][gc,phases   ] GC(2775)   Post Evacuate Collection Set: 5.5ms
[2025-01-07T19:43:33.216+0000][83883.582s][info][gc,phases   ] GC(2775)   Other: 0.2ms
[2025-01-07T19:43:33.216+0000][83883.582s][info][gc,heap     ] GC(2775) Eden regions: 909->0(63)
[2025-01-07T19:43:33.216+0000][83883.582s][info][gc,heap     ] GC(2775) Survivor regions: 9->13(115)
[2025-01-07T19:43:33.216+0000][83883.582s][info][gc,heap     ] GC(2775) Old regions: 245->245
[2025-01-07T19:43:33.216+0000][83883.582s][info][gc,heap     ] GC(2775) Archive regions: 2->2
[2025-01-07T19:43:33.216+0000][83883.582s][info][gc,heap     ] GC(2775) Humongous regions: 49->49
[2025-01-07T19:43:33.216+0000][83883.582s][info][gc,metaspace] GC(2775) Metaspace: 498637K(506880K)->498637K(506880K) NonClass: 438069K(442304K)->438069K(442304K) Class: 60567K(64576K)->60567K(64576K)
[2025-01-07T19:43:33.216+0000][83883.582s][info][gc          ] GC(2775) Pause Young (Prepare Mixed) (G1 Evacuation Pause) 9698M->2455M(12288M) 39.228ms
[2025-01-07T19:43:33.216+0000][83883.582s][info][gc,cpu      ] GC(2775) User=0.23s Sys=0.00s Real=0.04s
[2025-01-07T19:43:33.809+0000][83884.175s][info][gc,start    ] GC(2776) Pause Young (Mixed) (G1 Evacuation Pause)
[2025-01-07T19:43:33.809+0000][83884.175s][info][gc,task     ] GC(2776) Using 6 workers of 6 for evacuation
[2025-01-07T19:43:33.873+0000][83884.239s][info][gc,phases   ] GC(2776)   Pre Evacuate Collection Set: 0.2ms
[2025-01-07T19:43:33.873+0000][83884.239s][info][gc,phases   ] GC(2776)   Merge Heap Roots: 0.7ms
[2025-01-07T19:43:33.873+0000][83884.239s][info][gc,phases   ] GC(2776)   Evacuate Collection Set: 61.3ms
[2025-01-07T19:43:33.873+0000][83884.239s][info][gc,phases   ] GC(2776)   Post Evacuate Collection Set: 1.7ms
[2025-01-07T19:43:33.873+0000][83884.239s][info][gc,phases   ] GC(2776)   Other: 0.2ms
[2025-01-07T19:43:33.873+0000][83884.239s][info][gc,heap     ] GC(2776) Eden regions: 63->0(909)
[2025-01-07T19:43:33.873+0000][83884.239s][info][gc,heap     ] GC(2776) Survivor regions: 13->4(10)
[2025-01-07T19:43:33.873+0000][83884.239s][info][gc,heap     ] GC(2776) Old regions: 245->248
[2025-01-07T19:43:33.873+0000][83884.239s][info][gc,heap     ] GC(2776) Archive regions: 2->2
[2025-01-07T19:43:33.873+0000][83884.239s][info][gc,heap     ] GC(2776) Humongous regions: 49->49
[2025-01-07T19:43:33.873+0000][83884.239s][info][gc,metaspace] GC(2776) Metaspace: 498637K(506880K)->498637K(506880K) NonClass: 438069K(442304K)->438069K(442304K) Class: 60567K(64576K)->60567K(64576K)
[2025-01-07T19:43:33.873+0000][83884.239s][info][gc          ] GC(2776) Pause Young (Mixed) (G1 Evacuation Pause) 2959M->2410M(12288M) 64.062ms
[2025-01-07T19:43:33.873+0000][83884.239s][info][gc,cpu      ] GC(2776) User=0.37s Sys=0.00s Real=0.07s
[2025-01-07T19:43:43.263+0000][83893.629s][info][gc,start    ] GC(2777) Pause Young (Normal) (G1 Evacuation Pause)
[2025-01-07T19:43:43.263+0000][83893.629s][info][gc,task     ] GC(2777) Using 6 workers of 6 for evacuation
[2025-01-07T19:43:43.287+0000][83893.653s][info][gc,phases   ] GC(2777)   Pre Evacuate Collection Set: 0.2ms
[2025-01-07T19:43:43.287+0000][83893.654s][info][gc,phases   ] GC(2777)   Merge Heap Roots: 0.4ms
[2025-01-07T19:43:43.287+0000][83893.654s][info][gc,phases   ] GC(2777)   Evacuate Collection Set: 20.2ms
[2025-01-07T19:43:43.287+0000][83893.654s][info][gc,phases   ] GC(2777)   Post Evacuate Collection Set: 3.9ms
[2025-01-07T19:43:43.287+0000][83893.654s][info][gc,phases   ] GC(2777)   Other: 0.2ms
[2025-01-07T19:43:43.287+0000][83893.654s][info][gc,heap     ] GC(2777) Eden regions: 909->0(906)
[2025-01-07T19:43:43.287+0000][83893.654s][info][gc,heap     ] GC(2777) Survivor regions: 4->7(115)
[2025-01-07T19:43:43.287+0000][83893.654s][info][gc,heap     ] GC(2777) Old regions: 248->248
[2025-01-07T19:43:43.287+0000][83893.654s][info][gc,heap     ] GC(2777) Archive regions: 2->2
[2025-01-07T19:43:43.287+0000][83893.654s][info][gc,heap     ] GC(2777) Humongous regions: 49->49
[2025-01-07T19:43:43.287+0000][83893.654s][info][gc,metaspace] GC(2777) Metaspace: 498637K(506880K)->498637K(506880K) NonClass: 438069K(442304K)->438069K(442304K) Class: 60567K(64576K)->60567K(64576K)
[2025-01-07T19:43:43.288+0000][83893.654s][info][gc          ] GC(2777) Pause Young (Normal) (G1 Evacuation Pause) 9682M->2429M(12288M) 24.944ms
[2025-01-07T19:43:43.288+0000][83893.654s][info][gc,cpu      ] GC(2777) User=0.14s Sys=0.00s Real=0.02s
[2025-01-07T19:43:49.272+0000][83899.638s][info][gc,start    ] GC(2778) Pause Young (Normal) (G1 Evacuation Pause)
[2025-01-07T19:43:49.272+0000][83899.638s][info][gc,task     ] GC(2778) Using 6 workers of 6 for evacuation
[2025-01-07T19:43:49.296+0000][83899.662s][info][gc,phases   ] GC(2778)   Pre Evacuate Collection Set: 0.2ms
[2025-01-07T19:43:49.296+0000][83899.662s][info][gc,phases   ] GC(2778)   Merge Heap Roots: 0.4ms
[2025-01-07T19:43:49.296+0000][83899.662s][info][gc,phases   ] GC(2778)   Evacuate Collection Set: 20.8ms
[2025-01-07T19:43:49.296+0000][83899.662s][info][gc,phases   ] GC(2778)   Post Evacuate Collection Set: 2.7ms
[2025-01-07T19:43:49.296+0000][83899.662s][info][gc,phases   ] GC(2778)   Other: 0.2ms
[2025-01-07T19:43:49.296+0000][83899.662s][info][gc,heap     ] GC(2778) Eden regions: 906->0(908)
[2025-01-07T19:43:49.296+0000][83899.662s][info][gc,heap     ] GC(2778) Survivor regions: 7->7(115)
[2025-01-07T19:43:49.296+0000][83899.662s][info][gc,heap     ] GC(2778) Old regions: 248->248
[2025-01-07T19:43:49.296+0000][83899.662s][info][gc,heap     ] GC(2778) Archive regions: 2->2
[2025-01-07T19:43:49.296+0000][83899.662s][info][gc,heap     ] GC(2778) Humongous regions: 49->49
[2025-01-07T19:43:49.296+0000][83899.662s][info][gc,metaspace] GC(2778) Metaspace: 498637K(506880K)->498637K(506880K) NonClass: 438069K(442304K)->438069K(442304K) Class: 60567K(64576K)->60567K(64576K)
[2025-01-07T19:43:49.296+0000][83899.662s][info][gc          ] GC(2778) Pause Young (Normal) (G1 Evacuation Pause) 9677M->2432M(12288M) 24.394ms
[2025-01-07T19:43:49.296+0000][83899.662s][info][gc,cpu      ] GC(2778) User=0.14s Sys=0.00s Real=0.02s
[2025-01-07T19:44:01.654+0000][83912.020s][info][gc,start    ] GC(2779) Pause Young (Concurrent Start) (G1 Evacuation Pause)
[2025-01-07T19:44:01.654+0000][83912.021s][info][gc,task     ] GC(2779) Using 6 workers of 6 for evacuation
[2025-01-07T19:44:01.686+0000][83912.052s][info][gc,phases   ] GC(2779)   Pre Evacuate Collection Set: 1.0ms
[2025-01-07T19:44:01.686+0000][83912.052s][info][gc,phases   ] GC(2779)   Merge Heap Roots: 0.5ms
[2025-01-07T19:44:01.686+0000][83912.052s][info][gc,phases   ] GC(2779)   Evacuate Collection Set: 27.2ms
[2025-01-07T19:44:01.686+0000][83912.052s][info][gc,phases   ] GC(2779)   Post Evacuate Collection Set: 2.8ms
[2025-01-07T19:44:01.686+0000][83912.052s][info][gc,phases   ] GC(2779)   Other: 0.3ms
[2025-01-07T19:44:01.686+0000][83912.052s][info][gc,heap     ] GC(2779) Eden regions: 908->0(906)
[2025-01-07T19:44:01.686+0000][83912.052s][info][gc,heap     ] GC(2779) Survivor regions: 7->9(115)
[2025-01-07T19:44:01.686+0000][83912.052s][info][gc,heap     ] GC(2779) Old regions: 248->248
[2025-01-07T19:44:01.686+0000][83912.052s][info][gc,heap     ] GC(2779) Archive regions: 2->2
[2025-01-07T19:44:01.686+0000][83912.052s][info][gc,heap     ] GC(2779) Humongous regions: 49->49
[2025-01-07T19:44:01.686+0000][83912.052s][info][gc,metaspace] GC(2779) Metaspace: 498637K(506880K)->498637K(506880K) NonClass: 438069K(442304K)->438069K(442304K) Class: 60567K(64576K)->60567K(64576K)
[2025-01-07T19:44:01.686+0000][83912.052s][info][gc          ] GC(2779) Pause Young (Concurrent Start) (G1 Evacuation Pause) 9696M->2444M(12288M) 31.800ms
[2025-01-07T19:44:01.686+0000][83912.052s][info][gc,cpu      ] GC(2779) User=0.18s Sys=0.00s Real=0.03s
[2025-01-07T19:44:01.686+0000][83912.052s][info][gc          ] GC(2780) Concurrent Mark Cycle
[2025-01-07T19:44:01.686+0000][83912.052s][info][gc,marking  ] GC(2780) Concurrent Clear Claimed Marks
[2025-01-07T19:44:01.687+0000][83912.053s][info][gc,marking  ] GC(2780) Concurrent Clear Claimed Marks 0.810ms
[2025-01-07T19:44:01.687+0000][83912.053s][info][gc,marking  ] GC(2780) Concurrent Scan Root Regions
[2025-01-07T19:44:01.714+0000][83912.080s][info][gc,marking  ] GC(2780) Concurrent Scan Root Regions 26.576ms
[2025-01-07T19:44:01.714+0000][83912.080s][info][gc,marking  ] GC(2780) Concurrent Mark
[2025-01-07T19:44:01.714+0000][83912.080s][info][gc,marking  ] GC(2780) Concurrent Mark From Roots
[2025-01-07T19:44:01.714+0000][83912.080s][info][gc,task     ] GC(2780) Using 2 workers of 2 for marking
[2025-01-07T19:44:02.507+0000][83912.873s][info][gc,marking  ] GC(2780) Concurrent Mark From Roots 793.603ms
[2025-01-07T19:44:02.507+0000][83912.873s][info][gc,marking  ] GC(2780) Concurrent Preclean
[2025-01-07T19:44:02.509+0000][83912.875s][info][gc,marking  ] GC(2780) Concurrent Preclean 1.927ms
[2025-01-07T19:44:02.509+0000][83912.876s][info][gc,start    ] GC(2780) Pause Remark
[2025-01-07T19:44:02.535+0000][83912.901s][info][gc          ] GC(2780) Pause Remark 3228M->3228M(12288M) 25.134ms
[2025-01-07T19:44:02.535+0000][83912.901s][info][gc,cpu      ] GC(2780) User=0.14s Sys=0.00s Real=0.03s
[2025-01-07T19:44:02.535+0000][83912.901s][info][gc,marking  ] GC(2780) Concurrent Mark 820.986ms
[2025-01-07T19:44:02.535+0000][83912.901s][info][gc,marking  ] GC(2780) Concurrent Rebuild Remembered Sets
[2025-01-07T19:44:03.154+0000][83913.521s][info][gc,marking  ] GC(2780) Concurrent Rebuild Remembered Sets 619.740ms
[2025-01-07T19:44:03.155+0000][83913.521s][info][gc,start    ] GC(2780) Pause Cleanup
[2025-01-07T19:44:03.155+0000][83913.521s][info][gc          ] GC(2780) Pause Cleanup 4020M->4020M(12288M) 0.467ms
[2025-01-07T19:44:03.155+0000][83913.521s][info][gc,cpu      ] GC(2780) User=0.00s Sys=0.00s Real=0.00s
[2025-01-07T19:44:03.155+0000][83913.521s][info][gc,marking  ] GC(2780) Concurrent Cleanup for Next Mark
[2025-01-07T19:44:03.171+0000][83913.537s][info][gc,marking  ] GC(2780) Concurrent Cleanup for Next Mark 15.807ms
[2025-01-07T19:44:03.171+0000][83913.537s][info][gc          ] GC(2780) Concurrent Mark Cycle 1484.780ms
[2025-01-07T19:44:10.323+0000][83920.689s][info][gc,start    ] GC(2781) Pause Young (Prepare Mixed) (G1 Evacuation Pause)
[2025-01-07T19:44:10.323+0000][83920.689s][info][gc,task     ] GC(2781) Using 6 workers of 6 for evacuation
[2025-01-07T19:44:10.358+0000][83920.724s][info][gc,phases   ] GC(2781)   Pre Evacuate Collection Set: 0.2ms
[2025-01-07T19:44:10.358+0000][83920.724s][info][gc,phases   ] GC(2781)   Merge Heap Roots: 0.7ms
[2025-01-07T19:44:10.358+0000][83920.724s][info][gc,phases   ] GC(2781)   Evacuate Collection Set: 30.5ms
[2025-01-07T19:44:10.358+0000][83920.724s][info][gc,phases   ] GC(2781)   Post Evacuate Collection Set: 2.7ms
[2025-01-07T19:44:10.358+0000][83920.724s][info][gc,phases   ] GC(2781)   Other: 0.2ms
[2025-01-07T19:44:10.358+0000][83920.724s][info][gc,heap     ] GC(2781) Eden regions: 906->0(67)
[2025-01-07T19:44:10.358+0000][83920.724s][info][gc,heap     ] GC(2781) Survivor regions: 9->9(115)
[2025-01-07T19:44:10.358+0000][83920.724s][info][gc,heap     ] GC(2781) Old regions: 248->248
[2025-01-07T19:44:10.358+0000][83920.724s][info][gc,heap     ] GC(2781) Archive regions: 2->2
[2025-01-07T19:44:10.358+0000][83920.724s][info][gc,heap     ] GC(2781) Humongous regions: 49->49
[2025-01-07T19:44:10.358+0000][83920.724s][info][gc,metaspace] GC(2781) Metaspace: 498637K(506880K)->498637K(506880K) NonClass: 438069K(442304K)->438069K(442304K) Class: 60567K(64576K)->60567K(64576K)
[2025-01-07T19:44:10.358+0000][83920.724s][info][gc          ] GC(2781) Pause Young (Prepare Mixed) (G1 Evacuation Pause) 9692M->2446M(12288M) 34.366ms
[2025-01-07T19:44:10.358+0000][83920.724s][info][gc,cpu      ] GC(2781) User=0.20s Sys=0.01s Real=0.03s
[2025-01-07T19:44:10.760+0000][83921.126s][info][gc,start    ] GC(2782) Pause Young (Mixed) (G1 Evacuation Pause)
[2025-01-07T19:44:10.760+0000][83921.126s][info][gc,task     ] GC(2782) Using 6 workers of 6 for evacuation
[2025-01-07T19:44:10.805+0000][83921.171s][info][gc,phases   ] GC(2782)   Pre Evacuate Collection Set: 0.2ms
[2025-01-07T19:44:10.805+0000][83921.171s][info][gc,phases   ] GC(2782)   Merge Heap Roots: 0.4ms
[2025-01-07T19:44:10.805+0000][83921.171s][info][gc,phases   ] GC(2782)   Evacuate Collection Set: 42.5ms
[2025-01-07T19:44:10.805+0000][83921.171s][info][gc,phases   ] GC(2782)   Post Evacuate Collection Set: 1.8ms
[2025-01-07T19:44:10.805+0000][83921.171s][info][gc,phases   ] GC(2782)   Other: 0.2ms
[2025-01-07T19:44:10.805+0000][83921.171s][info][gc,heap     ] GC(2782) Eden regions: 67->0(912)
[2025-01-07T19:44:10.805+0000][83921.171s][info][gc,heap     ] GC(2782) Survivor regions: 9->7(10)
[2025-01-07T19:44:10.805+0000][83921.171s][info][gc,heap     ] GC(2782) Old regions: 248->244
[2025-01-07T19:44:10.805+0000][83921.171s][info][gc,heap     ] GC(2782) Archive regions: 2->2
[2025-01-07T19:44:10.805+0000][83921.171s][info][gc,heap     ] GC(2782) Humongous regions: 49->49
[2025-01-07T19:44:10.805+0000][83921.171s][info][gc,metaspace] GC(2782) Metaspace: 498637K(506880K)->498637K(506880K) NonClass: 438069K(442304K)->438069K(442304K) Class: 60567K(64576K)->60567K(64576K)
[2025-01-07T19:44:10.805+0000][83921.171s][info][gc          ] GC(2782) Pause Young (Mixed) (G1 Evacuation Pause) 2982M->2398M(12288M) 45.210ms
[2025-01-07T19:44:10.805+0000][83921.171s][info][gc,cpu      ] GC(2782) User=0.27s Sys=0.00s Real=0.05s
[2025-01-07T19:44:20.299+0000][83930.665s][info][gc,start    ] GC(2783) Pause Young (Normal) (G1 Evacuation Pause)
[2025-01-07T19:44:20.299+0000][83930.665s][info][gc,task     ] GC(2783) Using 6 workers of 6 for evacuation
[2025-01-07T19:44:20.329+0000][83930.695s][info][gc,phases   ] GC(2783)   Pre Evacuate Collection Set: 0.2ms
[2025-01-07T19:44:20.329+0000][83930.695s][info][gc,phases   ] GC(2783)   Merge Heap Roots: 0.5ms
[2025-01-07T19:44:20.329+0000][83930.695s][info][gc,phases   ] GC(2783)   Evacuate Collection Set: 24.6ms
[2025-01-07T19:44:20.329+0000][83930.695s][info][gc,phases   ] GC(2783)   Post Evacuate Collection Set: 3.9ms
[2025-01-07T19:44:20.329+0000][83930.695s][info][gc,phases   ] GC(2783)   Other: 0.2ms
[2025-01-07T19:44:20.329+0000][83930.695s][info][gc,heap     ] GC(2783) Eden regions: 912->0(911)
[2025-01-07T19:44:20.329+0000][83930.695s][info][gc,heap     ] GC(2783) Survivor regions: 7->8(115)
[2025-01-07T19:44:20.329+0000][83930.695s][info][gc,heap     ] GC(2783) Old regions: 244->244
[2025-01-07T19:44:20.329+0000][83930.695s][info][gc,heap     ] GC(2783) Archive regions: 2->2
[2025-01-07T19:44:20.329+0000][83930.695s][info][gc,heap     ] GC(2783) Humongous regions: 49->49
[2025-01-07T19:44:20.329+0000][83930.695s][info][gc,metaspace] GC(2783) Metaspace: 498637K(506880K)->498637K(506880K) NonClass: 438069K(442304K)->438069K(442304K) Class: 60567K(64576K)->60567K(64576K)
[2025-01-07T19:44:20.329+0000][83930.695s][info][gc          ] GC(2783) Pause Young (Normal) (G1 Evacuation Pause) 9694M->2407M(12288M) 29.418ms
[2025-01-07T19:44:20.329+0000][83930.695s][info][gc,cpu      ] GC(2783) User=0.17s Sys=0.00s Real=0.03s
[2025-01-07T19:44:30.022+0000][83940.389s][info][gc,start    ] GC(2784) Pause Young (Normal) (G1 Evacuation Pause)
[2025-01-07T19:44:30.022+0000][83940.389s][info][gc,task     ] GC(2784) Using 6 workers of 6 for evacuation
[2025-01-07T19:44:30.055+0000][83940.421s][info][gc,phases   ] GC(2784)   Pre Evacuate Collection Set: 0.2ms
[2025-01-07T19:44:30.055+0000][83940.421s][info][gc,phases   ] GC(2784)   Merge Heap Roots: 0.5ms
[2025-01-07T19:44:30.055+0000][83940.421s][info][gc,phases   ] GC(2784)   Evacuate Collection Set: 27.5ms
[2025-01-07T19:44:30.055+0000][83940.421s][info][gc,phases   ] GC(2784)   Post Evacuate Collection Set: 4.0ms
[2025-01-07T19:44:30.055+0000][83940.421s][info][gc,phases   ] GC(2784)   Other: 0.2ms
[2025-01-07T19:44:30.055+0000][83940.421s][info][gc,heap     ] GC(2784) Eden regions: 911->0(910)
[2025-01-07T19:44:30.055+0000][83940.421s][info][gc,heap     ] GC(2784) Survivor regions: 8->9(115)
[2025-01-07T19:44:30.055+0000][83940.421s][info][gc,heap     ] GC(2784) Old regions: 244->244
[2025-01-07T19:44:30.055+0000][83940.421s][info][gc,heap     ] GC(2784) Archive regions: 2->2
[2025-01-07T19:44:30.055+0000][83940.421s][info][gc,heap     ] GC(2784) Humongous regions: 49->49
[2025-01-07T19:44:30.055+0000][83940.421s][info][gc,metaspace] GC(2784) Metaspace: 498637K(506880K)->498637K(506880K) NonClass: 438069K(442304K)->438069K(442304K) Class: 60567K(64576K)->60567K(64576K)
[2025-01-07T19:44:30.055+0000][83940.421s][info][gc          ] GC(2784) Pause Young (Normal) (G1 Evacuation Pause) 9695M->2415M(12288M) 32.408ms
[2025-01-07T19:44:30.055+0000][83940.421s][info][gc,cpu      ] GC(2784) User=0.19s Sys=0.00s Real=0.03s
[2025-01-07T19:44:38.831+0000][83949.197s][info][gc,start    ] GC(2785) Pause Young (Concurrent Start) (G1 Evacuation Pause)
[2025-01-07T19:44:38.831+0000][83949.197s][info][gc,task     ] GC(2785) Using 6 workers of 6 for evacuation
[2025-01-07T19:44:38.868+0000][83949.234s][info][gc,phases   ] GC(2785)   Pre Evacuate Collection Set: 1.0ms
[2025-01-07T19:44:38.868+0000][83949.234s][info][gc,phases   ] GC(2785)   Merge Heap Roots: 0.5ms
[2025-01-07T19:44:38.868+0000][83949.234s][info][gc,phases   ] GC(2785)   Evacuate Collection Set: 31.4ms
[2025-01-07T19:44:38.868+0000][83949.234s][info][gc,phases   ] GC(2785)   Post Evacuate Collection Set: 3.9ms
[2025-01-07T19:44:38.868+0000][83949.234s][info][gc,phases   ] GC(2785)   Other: 0.3ms
[2025-01-07T19:44:38.868+0000][83949.234s][info][gc,heap     ] GC(2785) Eden regions: 910->0(909)
[2025-01-07T19:44:38.868+0000][83949.234s][info][gc,heap     ] GC(2785) Survivor regions: 9->10(115)
[2025-01-07T19:44:38.868+0000][83949.234s][info][gc,heap     ] GC(2785) Old regions: 244->244
[2025-01-07T19:44:38.868+0000][83949.234s][info][gc,heap     ] GC(2785) Archive regions: 2->2
[2025-01-07T19:44:38.868+0000][83949.234s][info][gc,heap     ] GC(2785) Humongous regions: 49->49
[2025-01-07T19:44:38.868+0000][83949.234s][info][gc,metaspace] GC(2785) Metaspace: 498637K(506880K)->498637K(506880K) NonClass: 438069K(442304K)->438069K(442304K) Class: 60567K(64576K)->60567K(64576K)
[2025-01-07T19:44:38.868+0000][83949.234s][info][gc          ] GC(2785) Pause Young (Concurrent Start) (G1 Evacuation Pause) 9695M->2426M(12288M) 37.106ms
[2025-01-07T19:44:38.868+0000][83949.234s][info][gc,cpu      ] GC(2785) User=0.22s Sys=0.00s Real=0.03s
[2025-01-07T19:44:38.868+0000][83949.234s][info][gc          ] GC(2786) Concurrent Mark Cycle
[2025-01-07T19:44:38.868+0000][83949.234s][info][gc,marking  ] GC(2786) Concurrent Clear Claimed Marks
[2025-01-07T19:44:38.869+0000][83949.235s][info][gc,marking  ] GC(2786) Concurrent Clear Claimed Marks 0.790ms
[2025-01-07T19:44:38.869+0000][83949.235s][info][gc,marking  ] GC(2786) Concurrent Scan Root Regions
[2025-01-07T19:44:38.902+0000][83949.268s][info][gc,marking  ] GC(2786) Concurrent Scan Root Regions 32.561ms
[2025-01-07T19:44:38.902+0000][83949.268s][info][gc,marking  ] GC(2786) Concurrent Mark
[2025-01-07T19:44:38.902+0000][83949.268s][info][gc,marking  ] GC(2786) Concurrent Mark From Roots
[2025-01-07T19:44:38.902+0000][83949.268s][info][gc,task     ] GC(2786) Using 2 workers of 2 for marking
[2025-01-07T19:44:39.794+0000][83950.160s][info][gc,marking  ] GC(2786) Concurrent Mark From Roots 892.752ms
[2025-01-07T19:44:39.794+0000][83950.160s][info][gc,marking  ] GC(2786) Concurrent Preclean
[2025-01-07T19:44:39.796+0000][83950.162s][info][gc,marking  ] GC(2786) Concurrent Preclean 1.771ms
[2025-01-07T19:44:39.796+0000][83950.162s][info][gc,start    ] GC(2786) Pause Remark
[2025-01-07T19:44:39.822+0000][83950.188s][info][gc          ] GC(2786) Pause Remark 3614M->3614M(12288M) 25.346ms
[2025-01-07T19:44:39.822+0000][83950.188s][info][gc,cpu      ] GC(2786) User=0.14s Sys=0.00s Real=0.03s
[2025-01-07T19:44:39.822+0000][83950.188s][info][gc,marking  ] GC(2786) Concurrent Mark 920.245ms
[2025-01-07T19:44:39.822+0000][83950.188s][info][gc,marking  ] GC(2786) Concurrent Rebuild Remembered Sets
[2025-01-07T19:44:40.340+0000][83950.706s][info][gc,marking  ] GC(2786) Concurrent Rebuild Remembered Sets 518.029ms
[2025-01-07T19:44:40.340+0000][83950.706s][info][gc,start    ] GC(2786) Pause Cleanup
[2025-01-07T19:44:40.340+0000][83950.707s][info][gc          ] GC(2786) Pause Cleanup 4098M->4098M(12288M) 0.451ms
[2025-01-07T19:44:40.341+0000][83950.707s][info][gc,cpu      ] GC(2786) User=0.00s Sys=0.00s Real=0.00s
[2025-01-07T19:44:40.341+0000][83950.707s][info][gc,marking  ] GC(2786) Concurrent Cleanup for Next Mark
[2025-01-07T19:44:40.357+0000][83950.723s][info][gc,marking  ] GC(2786) Concurrent Cleanup for Next Mark 16.271ms
[2025-01-07T19:44:40.357+0000][83950.723s][info][gc          ] GC(2786) Concurrent Mark Cycle 1488.797ms
[2025-01-07T19:44:46.780+0000][83957.146s][info][gc,start    ] GC(2787) Pause Young (Prepare Mixed) (G1 Evacuation Pause)
[2025-01-07T19:44:46.780+0000][83957.146s][info][gc,task     ] GC(2787) Using 6 workers of 6 for evacuation
[2025-01-07T19:44:46.819+0000][83957.185s][info][gc,phases   ] GC(2787)   Pre Evacuate Collection Set: 0.2ms
[2025-01-07T19:44:46.819+0000][83957.185s][info][gc,phases   ] GC(2787)   Merge Heap Roots: 0.7ms
[2025-01-07T19:44:46.819+0000][83957.185s][info][gc,phases   ] GC(2787)   Evacuate Collection Set: 35.7ms
[2025-01-07T19:44:46.819+0000][83957.185s][info][gc,phases   ] GC(2787)   Post Evacuate Collection Set: 2.8ms
[2025-01-07T19:44:46.819+0000][83957.185s][info][gc,phases   ] GC(2787)   Other: 0.2ms
[2025-01-07T19:44:46.819+0000][83957.186s][info][gc,heap     ] GC(2787) Eden regions: 909->0(65)
[2025-01-07T19:44:46.819+0000][83957.186s][info][gc,heap     ] GC(2787) Survivor regions: 10->11(115)
[2025-01-07T19:44:46.819+0000][83957.186s][info][gc,heap     ] GC(2787) Old regions: 244->244
[2025-01-07T19:44:46.819+0000][83957.186s][info][gc,heap     ] GC(2787) Archive regions: 2->2
[2025-01-07T19:44:46.819+0000][83957.186s][info][gc,heap     ] GC(2787) Humongous regions: 49->49
[2025-01-07T19:44:46.819+0000][83957.186s][info][gc,metaspace] GC(2787) Metaspace: 498637K(506880K)->498637K(506880K) NonClass: 438069K(442304K)->438069K(442304K) Class: 60567K(64576K)->60567K(64576K)
[2025-01-07T19:44:46.819+0000][83957.186s][info][gc          ] GC(2787) Pause Young (Prepare Mixed) (G1 Evacuation Pause) 9698M->2436M(12288M) 39.697ms
[2025-01-07T19:44:46.819+0000][83957.186s][info][gc,cpu      ] GC(2787) User=0.23s Sys=0.00s Real=0.04s
[2025-01-07T19:44:47.202+0000][83957.568s][info][gc,start    ] GC(2788) Pause Young (Mixed) (G1 Evacuation Pause)
[2025-01-07T19:44:47.202+0000][83957.568s][info][gc,task     ] GC(2788) Using 6 workers of 6 for evacuation
[2025-01-07T19:44:47.258+0000][83957.625s][info][gc,phases   ] GC(2788)   Pre Evacuate Collection Set: 0.2ms
[2025-01-07T19:44:47.258+0000][83957.625s][info][gc,phases   ] GC(2788)   Merge Heap Roots: 0.6ms
[2025-01-07T19:44:47.258+0000][83957.625s][info][gc,phases   ] GC(2788)   Evacuate Collection Set: 53.6ms
[2025-01-07T19:44:47.258+0000][83957.625s][info][gc,phases   ] GC(2788)   Post Evacuate Collection Set: 1.8ms
[2025-01-07T19:44:47.258+0000][83957.625s][info][gc,phases   ] GC(2788)   Other: 0.2ms
[2025-01-07T19:44:47.258+0000][83957.625s][info][gc,heap     ] GC(2788) Eden regions: 65->0(914)
[2025-01-07T19:44:47.258+0000][83957.625s][info][gc,heap     ] GC(2788) Survivor regions: 11->5(10)
[2025-01-07T19:44:47.258+0000][83957.625s][info][gc,heap     ] GC(2788) Old regions: 244->244
[2025-01-07T19:44:47.258+0000][83957.625s][info][gc,heap     ] GC(2788) Archive regions: 2->2
[2025-01-07T19:44:47.258+0000][83957.625s][info][gc,heap     ] GC(2788) Humongous regions: 49->49
[2025-01-07T19:44:47.258+0000][83957.625s][info][gc,metaspace] GC(2788) Metaspace: 498637K(506880K)->498637K(506880K) NonClass: 438069K(442304K)->438069K(442304K) Class: 60567K(64576K)->60567K(64576K)
[2025-01-07T19:44:47.259+0000][83957.625s][info][gc          ] GC(2788) Pause Young (Mixed) (G1 Evacuation Pause) 2956M->2388M(12288M) 56.335ms
[2025-01-07T19:44:47.259+0000][83957.625s][info][gc,cpu      ] GC(2788) User=0.32s Sys=0.00s Real=0.05s
[2025-01-07T19:44:54.632+0000][83964.998s][info][gc,start    ] GC(2789) Pause Young (Normal) (G1 Evacuation Pause)
[2025-01-07T19:44:54.632+0000][83964.998s][info][gc,task     ] GC(2789) Using 6 workers of 6 for evacuation
[2025-01-07T19:44:54.656+0000][83965.022s][info][gc,phases   ] GC(2789)   Pre Evacuate Collection Set: 0.2ms
[2025-01-07T19:44:54.656+0000][83965.022s][info][gc,phases   ] GC(2789)   Merge Heap Roots: 0.4ms
[2025-01-07T19:44:54.656+0000][83965.022s][info][gc,phases   ] GC(2789)   Evacuate Collection Set: 21.3ms
[2025-01-07T19:44:54.656+0000][83965.022s][info][gc,phases   ] GC(2789)   Post Evacuate Collection Set: 2.5ms
[2025-01-07T19:44:54.656+0000][83965.023s][info][gc,phases   ] GC(2789)   Other: 0.2ms
[2025-01-07T19:44:54.656+0000][83965.023s][info][gc,heap     ] GC(2789) Eden regions: 914->0(913)
[2025-01-07T19:44:54.656+0000][83965.023s][info][gc,heap     ] GC(2789) Survivor regions: 5->6(115)
[2025-01-07T19:44:54.656+0000][83965.023s][info][gc,heap     ] GC(2789) Old regions: 244->244
[2025-01-07T19:44:54.656+0000][83965.023s][info][gc,heap     ] GC(2789) Archive regions: 2->2
[2025-01-07T19:44:54.656+0000][83965.023s][info][gc,heap     ] GC(2789) Humongous regions: 49->49
[2025-01-07T19:44:54.656+0000][83965.023s][info][gc,metaspace] GC(2789) Metaspace: 498637K(506880K)->498637K(506880K) NonClass: 438069K(442304K)->438069K(442304K) Class: 60567K(64576K)->60567K(64576K)
[2025-01-07T19:44:54.656+0000][83965.023s][info][gc          ] GC(2789) Pause Young (Normal) (G1 Evacuation Pause) 9700M->2390M(12288M) 24.683ms
[2025-01-07T19:44:54.657+0000][83965.023s][info][gc,cpu      ] GC(2789) User=0.15s Sys=0.00s Real=0.02s
[2025-01-07T19:45:04.351+0000][83974.717s][info][gc,start    ] GC(2790) Pause Young (Normal) (G1 Evacuation Pause)
[2025-01-07T19:45:04.351+0000][83974.717s][info][gc,task     ] GC(2790) Using 6 workers of 6 for evacuation
[2025-01-07T19:45:04.379+0000][83974.745s][info][gc,phases   ] GC(2790)   Pre Evacuate Collection Set: 0.2ms
[2025-01-07T19:45:04.379+0000][83974.745s][info][gc,phases   ] GC(2790)   Merge Heap Roots: 0.4ms
[2025-01-07T19:45:04.379+0000][83974.745s][info][gc,phases   ] GC(2790)   Evacuate Collection Set: 24.6ms
[2025-01-07T19:45:04.379+0000][83974.745s][info][gc,phases   ] GC(2790)   Post Evacuate Collection Set: 2.6ms
[2025-01-07T19:45:04.379+0000][83974.745s][info][gc,phases   ] GC(2790)   Other: 0.2ms
[2025-01-07T19:45:04.379+0000][83974.745s][info][gc,heap     ] GC(2790) Eden regions: 913->0(912)
[2025-01-07T19:45:04.379+0000][83974.745s][info][gc,heap     ] GC(2790) Survivor regions: 6->7(115)
[2025-01-07T19:45:04.379+0000][83974.745s][info][gc,heap     ] GC(2790) Old regions: 244->244
[2025-01-07T19:45:04.379+0000][83974.745s][info][gc,heap     ] GC(2790) Archive regions: 2->2
[2025-01-07T19:45:04.379+0000][83974.745s][info][gc,heap     ] GC(2790) Humongous regions: 49->49
[2025-01-07T19:45:04.379+0000][83974.745s][info][gc,metaspace] GC(2790) Metaspace: 498641K(506880K)->498641K(506880K) NonClass: 438074K(442304K)->438074K(442304K) Class: 60567K(64576K)->60567K(64576K)
[2025-01-07T19:45:04.379+0000][83974.745s][info][gc          ] GC(2790) Pause Young (Normal) (G1 Evacuation Pause) 9694M->2404M(12288M) 28.055ms
[2025-01-07T19:45:04.379+0000][83974.745s][info][gc,cpu      ] GC(2790) User=0.16s Sys=0.00s Real=0.02s
[2025-01-07T19:45:11.832+0000][83982.198s][info][gc,start    ] GC(2791) Pause Young (Concurrent Start) (G1 Evacuation Pause)
[2025-01-07T19:45:11.832+0000][83982.198s][info][gc,task     ] GC(2791) Using 6 workers of 6 for evacuation
[2025-01-07T19:45:11.864+0000][83982.230s][info][gc,phases   ] GC(2791)   Pre Evacuate Collection Set: 1.0ms
[2025-01-07T19:45:11.864+0000][83982.230s][info][gc,phases   ] GC(2791)   Merge Heap Roots: 0.4ms
[2025-01-07T19:45:11.864+0000][83982.230s][info][gc,phases   ] GC(2791)   Evacuate Collection Set: 27.6ms
[2025-01-07T19:45:11.864+0000][83982.230s][info][gc,phases   ] GC(2791)   Post Evacuate Collection Set: 2.6ms
[2025-01-07T19:45:11.864+0000][83982.230s][info][gc,phases   ] GC(2791)   Other: 0.3ms
[2025-01-07T19:45:11.864+0000][83982.230s][info][gc,heap     ] GC(2791) Eden regions: 912->0(911)
[2025-01-07T19:45:11.864+0000][83982.230s][info][gc,heap     ] GC(2791) Survivor regions: 7->8(115)
[2025-01-07T19:45:11.864+0000][83982.230s][info][gc,heap     ] GC(2791) Old regions: 244->244
[2025-01-07T19:45:11.864+0000][83982.230s][info][gc,heap     ] GC(2791) Archive regions: 2->2
[2025-01-07T19:45:11.864+0000][83982.230s][info][gc,heap     ] GC(2791) Humongous regions: 49->49
[2025-01-07T19:45:11.864+0000][83982.230s][info][gc,metaspace] GC(2791) Metaspace: 498641K(506880K)->498641K(506880K) NonClass: 438074K(442304K)->438074K(442304K) Class: 60567K(64576K)->60567K(64576K)
[2025-01-07T19:45:11.864+0000][83982.231s][info][gc          ] GC(2791) Pause Young (Concurrent Start) (G1 Evacuation Pause) 9700M->2413M(12288M) 32.060ms
[2025-01-07T19:45:11.864+0000][83982.231s][info][gc,cpu      ] GC(2791) User=0.18s Sys=0.00s Real=0.03s
[2025-01-07T19:45:11.864+0000][83982.231s][info][gc          ] GC(2792) Concurrent Mark Cycle
[2025-01-07T19:45:11.865+0000][83982.231s][info][gc,marking  ] GC(2792) Concurrent Clear Claimed Marks
[2025-01-07T19:45:11.865+0000][83982.231s][info][gc,marking  ] GC(2792) Concurrent Clear Claimed Marks 0.818ms
[2025-01-07T19:45:11.865+0000][83982.231s][info][gc,marking  ] GC(2792) Concurrent Scan Root Regions
[2025-01-07T19:45:11.886+0000][83982.252s][info][gc,marking  ] GC(2792) Concurrent Scan Root Regions 20.618ms
[2025-01-07T19:45:11.886+0000][83982.252s][info][gc,marking  ] GC(2792) Concurrent Mark
[2025-01-07T19:45:11.886+0000][83982.252s][info][gc,marking  ] GC(2792) Concurrent Mark From Roots
[2025-01-07T19:45:11.886+0000][83982.252s][info][gc,task     ] GC(2792) Using 2 workers of 2 for marking
[2025-01-07T19:45:12.650+0000][83983.016s][info][gc,marking  ] GC(2792) Concurrent Mark From Roots 764.240ms
[2025-01-07T19:45:12.650+0000][83983.016s][info][gc,marking  ] GC(2792) Concurrent Preclean
[2025-01-07T19:45:12.652+0000][83983.018s][info][gc,marking  ] GC(2792) Concurrent Preclean 1.883ms
[2025-01-07T19:45:12.652+0000][83983.018s][info][gc,start    ] GC(2792) Pause Remark
[2025-01-07T19:45:12.678+0000][83983.044s][info][gc          ] GC(2792) Pause Remark 3029M->3029M(12288M) 25.786ms
[2025-01-07T19:45:12.678+0000][83983.044s][info][gc,cpu      ] GC(2792) User=0.15s Sys=0.00s Real=0.02s
[2025-01-07T19:45:12.678+0000][83983.044s][info][gc,marking  ] GC(2792) Concurrent Mark 792.264ms
[2025-01-07T19:45:12.678+0000][83983.044s][info][gc,marking  ] GC(2792) Concurrent Rebuild Remembered Sets
[2025-01-07T19:45:13.163+0000][83983.529s][info][gc,marking  ] GC(2792) Concurrent Rebuild Remembered Sets 484.669ms
[2025-01-07T19:45:13.163+0000][83983.529s][info][gc,start    ] GC(2792) Pause Cleanup
[2025-01-07T19:45:13.164+0000][83983.530s][info][gc          ] GC(2792) Pause Cleanup 3317M->3317M(12288M) 0.467ms
[2025-01-07T19:45:13.164+0000][83983.530s][info][gc,cpu      ] GC(2792) User=0.00s Sys=0.00s Real=0.00s
[2025-01-07T19:45:13.164+0000][83983.530s][info][gc,marking  ] GC(2792) Concurrent Cleanup for Next Mark
[2025-01-07T19:45:13.179+0000][83983.545s][info][gc,marking  ] GC(2792) Concurrent Cleanup for Next Mark 15.577ms
[2025-01-07T19:45:13.179+0000][83983.545s][info][gc          ] GC(2792) Concurrent Mark Cycle 1314.827ms
[2025-01-07T19:45:19.100+0000][83989.466s][info][gc,start    ] GC(2793) Pause Young (Prepare Mixed) (G1 Evacuation Pause)
[2025-01-07T19:45:19.100+0000][83989.466s][info][gc,task     ] GC(2793) Using 6 workers of 6 for evacuation
[2025-01-07T19:45:19.134+0000][83989.500s][info][gc,phases   ] GC(2793)   Pre Evacuate Collection Set: 0.2ms
[2025-01-07T19:45:19.134+0000][83989.500s][info][gc,phases   ] GC(2793)   Merge Heap Roots: 0.6ms
[2025-01-07T19:45:19.134+0000][83989.500s][info][gc,phases   ] GC(2793)   Evacuate Collection Set: 29.2ms
[2025-01-07T19:45:19.134+0000][83989.500s][info][gc,phases   ] GC(2793)   Post Evacuate Collection Set: 3.8ms
[2025-01-07T19:45:19.134+0000][83989.500s][info][gc,phases   ] GC(2793)   Other: 0.2ms
[2025-01-07T19:45:19.134+0000][83989.500s][info][gc,heap     ] GC(2793) Eden regions: 911->0(66)
[2025-01-07T19:45:19.134+0000][83989.500s][info][gc,heap     ] GC(2793) Survivor regions: 8->10(115)
[2025-01-07T19:45:19.134+0000][83989.500s][info][gc,heap     ] GC(2793) Old regions: 244->244
[2025-01-07T19:45:19.134+0000][83989.500s][info][gc,heap     ] GC(2793) Archive regions: 2->2
[2025-01-07T19:45:19.134+0000][83989.500s][info][gc,heap     ] GC(2793) Humongous regions: 49->49
[2025-01-07T19:45:19.134+0000][83989.500s][info][gc,metaspace] GC(2793) Metaspace: 498641K(506880K)->498641K(506880K) NonClass: 438074K(442304K)->438074K(442304K) Class: 60567K(64576K)->60567K(64576K)
[2025-01-07T19:45:19.134+0000][83989.500s][info][gc          ] GC(2793) Pause Young (Prepare Mixed) (G1 Evacuation Pause) 9701M->2426M(12288M) 34.179ms
[2025-01-07T19:45:19.134+0000][83989.500s][info][gc,cpu      ] GC(2793) User=0.20s Sys=0.00s Real=0.04s
[2025-01-07T19:45:19.376+0000][83989.742s][info][gc,start    ] GC(2794) Pause Young (Mixed) (G1 Evacuation Pause)
[2025-01-07T19:45:19.376+0000][83989.742s][info][gc,task     ] GC(2794) Using 6 workers of 6 for evacuation
[2025-01-07T19:45:19.441+0000][83989.807s][info][gc,phases   ] GC(2794)   Pre Evacuate Collection Set: 0.2ms
[2025-01-07T19:45:19.441+0000][83989.807s][info][gc,phases   ] GC(2794)   Merge Heap Roots: 0.6ms
[2025-01-07T19:45:19.441+0000][83989.807s][info][gc,phases   ] GC(2794)   Evacuate Collection Set: 62.8ms
[2025-01-07T19:45:19.441+0000][83989.807s][info][gc,phases   ] GC(2794)   Post Evacuate Collection Set: 2.0ms
[2025-01-07T19:45:19.441+0000][83989.807s][info][gc,phases   ] GC(2794)   Other: 0.2ms
[2025-01-07T19:45:19.441+0000][83989.807s][info][gc,heap     ] GC(2794) Eden regions: 66->0(909)
[2025-01-07T19:45:19.441+0000][83989.807s][info][gc,heap     ] GC(2794) Survivor regions: 10->8(10)
[2025-01-07T19:45:19.441+0000][83989.807s][info][gc,heap     ] GC(2794) Old regions: 244->244
[2025-01-07T19:45:19.441+0000][83989.808s][info][gc,heap     ] GC(2794) Archive regions: 2->2
[2025-01-07T19:45:19.441+0000][83989.808s][info][gc,heap     ] GC(2794) Humongous regions: 49->49
[2025-01-07T19:45:19.441+0000][83989.808s][info][gc,metaspace] GC(2794) Metaspace: 498641K(506880K)->498641K(506880K) NonClass: 438074K(442304K)->438074K(442304K) Class: 60567K(64576K)->60567K(64576K)
[2025-01-07T19:45:19.441+0000][83989.808s][info][gc          ] GC(2794) Pause Young (Mixed) (G1 Evacuation Pause) 2954M->2402M(12288M) 65.905ms
[2025-01-07T19:45:19.442+0000][83989.808s][info][gc,cpu      ] GC(2794) User=0.37s Sys=0.00s Real=0.07s
[2025-01-07T19:45:25.281+0000][83995.647s][info][gc,start    ] GC(2795) Pause Young (Normal) (G1 Evacuation Pause)
[2025-01-07T19:45:25.281+0000][83995.647s][info][gc,task     ] GC(2795) Using 6 workers of 6 for evacuation
[2025-01-07T19:45:25.304+0000][83995.671s][info][gc,phases   ] GC(2795)   Pre Evacuate Collection Set: 0.2ms
[2025-01-07T19:45:25.304+0000][83995.671s][info][gc,phases   ] GC(2795)   Merge Heap Roots: 0.4ms
[2025-01-07T19:45:25.304+0000][83995.671s][info][gc,phases   ] GC(2795)   Evacuate Collection Set: 19.3ms
[2025-01-07T19:45:25.304+0000][83995.671s][info][gc,phases   ] GC(2795)   Post Evacuate Collection Set: 3.8ms
[2025-01-07T19:45:25.304+0000][83995.671s][info][gc,phases   ] GC(2795)   Other: 0.2ms
[2025-01-07T19:45:25.304+0000][83995.671s][info][gc,heap     ] GC(2795) Eden regions: 909->0(912)
[2025-01-07T19:45:25.304+0000][83995.671s][info][gc,heap     ] GC(2795) Survivor regions: 8->6(115)
[2025-01-07T19:45:25.304+0000][83995.671s][info][gc,heap     ] GC(2795) Old regions: 244->244
[2025-01-07T19:45:25.304+0000][83995.671s][info][gc,heap     ] GC(2795) Archive regions: 2->2
[2025-01-07T19:45:25.304+0000][83995.671s][info][gc,heap     ] GC(2795) Humongous regions: 49->49
[2025-01-07T19:45:25.304+0000][83995.671s][info][gc,metaspace] GC(2795) Metaspace: 498641K(506880K)->498641K(506880K) NonClass: 438074K(442304K)->438074K(442304K) Class: 60567K(64576K)->60567K(64576K)
[2025-01-07T19:45:25.305+0000][83995.671s][info][gc          ] GC(2795) Pause Young (Normal) (G1 Evacuation Pause) 9674M->2392M(12288M) 23.928ms
[2025-01-07T19:45:25.305+0000][83995.671s][info][gc,cpu      ] GC(2795) User=0.14s Sys=0.00s Real=0.03s
[2025-01-07T19:45:31.453+0000][84001.819s][info][gc,start    ] GC(2796) Pause Young (Normal) (G1 Evacuation Pause)
[2025-01-07T19:45:31.453+0000][84001.819s][info][gc,task     ] GC(2796) Using 6 workers of 6 for evacuation
[2025-01-07T19:45:31.479+0000][84001.845s][info][gc,phases   ] GC(2796)   Pre Evacuate Collection Set: 0.2ms
[2025-01-07T19:45:31.479+0000][84001.845s][info][gc,phases   ] GC(2796)   Merge Heap Roots: 0.4ms
[2025-01-07T19:45:31.479+0000][84001.845s][info][gc,phases   ] GC(2796)   Evacuate Collection Set: 21.7ms
[2025-01-07T19:45:31.479+0000][84001.845s][info][gc,phases   ] GC(2796)   Post Evacuate Collection Set: 3.7ms
[2025-01-07T19:45:31.479+0000][84001.845s][info][gc,phases   ] GC(2796)   Other: 0.2ms
[2025-01-07T19:45:31.479+0000][84001.845s][info][gc,heap     ] GC(2796) Eden regions: 912->0(910)
[2025-01-07T19:45:31.479+0000][84001.845s][info][gc,heap     ] GC(2796) Survivor regions: 6->7(115)
[2025-01-07T19:45:31.479+0000][84001.845s][info][gc,heap     ] GC(2796) Old regions: 244->244
[2025-01-07T19:45:31.479+0000][84001.845s][info][gc,heap     ] GC(2796) Archive regions: 2->2
[2025-01-07T19:45:31.479+0000][84001.845s][info][gc,heap     ] GC(2796) Humongous regions: 49->49
[2025-01-07T19:45:31.479+0000][84001.845s][info][gc,metaspace] GC(2796) Metaspace: 498641K(506880K)->498641K(506880K) NonClass: 438074K(442304K)->438074K(442304K) Class: 60567K(64576K)->60567K(64576K)
[2025-01-07T19:45:31.479+0000][84001.845s][info][gc          ] GC(2796) Pause Young (Normal) (G1 Evacuation Pause) 9688M->2400M(12288M) 26.320ms
[2025-01-07T19:45:31.479+0000][84001.845s][info][gc,cpu      ] GC(2796) User=0.16s Sys=0.00s Real=0.02s
[2025-01-07T19:45:39.384+0000][84009.750s][info][gc,start    ] GC(2797) Pause Young (Concurrent Start) (G1 Evacuation Pause)
[2025-01-07T19:45:39.384+0000][84009.750s][info][gc,task     ] GC(2797) Using 6 workers of 6 for evacuation
[2025-01-07T19:45:39.412+0000][84009.778s][info][gc,phases   ] GC(2797)   Pre Evacuate Collection Set: 1.0ms
[2025-01-07T19:45:39.412+0000][84009.778s][info][gc,phases   ] GC(2797)   Merge Heap Roots: 0.5ms
[2025-01-07T19:45:39.412+0000][84009.778s][info][gc,phases   ] GC(2797)   Evacuate Collection Set: 23.6ms
[2025-01-07T19:45:39.412+0000][84009.778s][info][gc,phases   ] GC(2797)   Post Evacuate Collection Set: 2.5ms
[2025-01-07T19:45:39.412+0000][84009.778s][info][gc,phases   ] GC(2797)   Other: 0.3ms
[2025-01-07T19:45:39.412+0000][84009.778s][info][gc,heap     ] GC(2797) Eden regions: 910->0(911)
[2025-01-07T19:45:39.412+0000][84009.778s][info][gc,heap     ] GC(2797) Survivor regions: 7->8(115)
[2025-01-07T19:45:39.412+0000][84009.778s][info][gc,heap     ] GC(2797) Old regions: 244->244
[2025-01-07T19:45:39.412+0000][84009.778s][info][gc,heap     ] GC(2797) Archive regions: 2->2
[2025-01-07T19:45:39.412+0000][84009.778s][info][gc,heap     ] GC(2797) Humongous regions: 49->49
[2025-01-07T19:45:39.412+0000][84009.778s][info][gc,metaspace] GC(2797) Metaspace: 498641K(506880K)->498641K(506880K) NonClass: 438074K(442304K)->438074K(442304K) Class: 60567K(64576K)->60567K(64576K)
[2025-01-07T19:45:39.412+0000][84009.778s][info][gc          ] GC(2797) Pause Young (Concurrent Start) (G1 Evacuation Pause) 9680M->2402M(12288M) 27.953ms
[2025-01-07T19:45:39.412+0000][84009.778s][info][gc,cpu      ] GC(2797) User=0.15s Sys=0.01s Real=0.03s
[2025-01-07T19:45:39.412+0000][84009.778s][info][gc          ] GC(2798) Concurrent Mark Cycle
[2025-01-07T19:45:39.412+0000][84009.778s][info][gc,marking  ] GC(2798) Concurrent Clear Claimed Marks
[2025-01-07T19:45:39.413+0000][84009.779s][info][gc,marking  ] GC(2798) Concurrent Clear Claimed Marks 0.790ms
[2025-01-07T19:45:39.413+0000][84009.779s][info][gc,marking  ] GC(2798) Concurrent Scan Root Regions
[2025-01-07T19:45:39.430+0000][84009.796s][info][gc,marking  ] GC(2798) Concurrent Scan Root Regions 16.699ms
[2025-01-07T19:45:39.430+0000][84009.796s][info][gc,marking  ] GC(2798) Concurrent Mark
[2025-01-07T19:45:39.430+0000][84009.796s][info][gc,marking  ] GC(2798) Concurrent Mark From Roots
[2025-01-07T19:45:39.430+0000][84009.796s][info][gc,task     ] GC(2798) Using 2 workers of 2 for marking
[2025-01-07T19:45:40.333+0000][84010.699s][info][gc,marking  ] GC(2798) Concurrent Mark From Roots 903.062ms
[2025-01-07T19:45:40.333+0000][84010.699s][info][gc,marking  ] GC(2798) Concurrent Preclean
[2025-01-07T19:45:40.335+0000][84010.701s][info][gc,marking  ] GC(2798) Concurrent Preclean 1.815ms
[2025-01-07T19:45:40.335+0000][84010.701s][info][gc,start    ] GC(2798) Pause Remark
[2025-01-07T19:45:40.360+0000][84010.726s][info][gc          ] GC(2798) Pause Remark 3338M->3338M(12288M) 25.490ms
[2025-01-07T19:45:40.360+0000][84010.726s][info][gc,cpu      ] GC(2798) User=0.14s Sys=0.00s Real=0.02s
[2025-01-07T19:45:40.360+0000][84010.726s][info][gc,marking  ] GC(2798) Concurrent Mark 930.706ms
[2025-01-07T19:45:40.360+0000][84010.726s][info][gc,marking  ] GC(2798) Concurrent Rebuild Remembered Sets
[2025-01-07T19:45:40.908+0000][84011.274s][info][gc,marking  ] GC(2798) Concurrent Rebuild Remembered Sets 547.656ms
[2025-01-07T19:45:40.908+0000][84011.274s][info][gc,start    ] GC(2798) Pause Cleanup
[2025-01-07T19:45:40.909+0000][84011.275s][info][gc          ] GC(2798) Pause Cleanup 3834M->3834M(12288M) 0.421ms
[2025-01-07T19:45:40.909+0000][84011.275s][info][gc,cpu      ] GC(2798) User=0.00s Sys=0.00s Real=0.00s
[2025-01-07T19:45:40.909+0000][84011.275s][info][gc,marking  ] GC(2798) Concurrent Cleanup for Next Mark
[2025-01-07T19:45:40.924+0000][84011.290s][info][gc,marking  ] GC(2798) Concurrent Cleanup for Next Mark 15.394ms
[2025-01-07T19:45:40.924+0000][84011.290s][info][gc          ] GC(2798) Concurrent Mark Cycle 1512.039ms
[2025-01-07T19:45:47.901+0000][84018.267s][info][gc,start    ] GC(2799) Pause Young (Prepare Mixed) (G1 Evacuation Pause)
[2025-01-07T19:45:47.901+0000][84018.267s][info][gc,task     ] GC(2799) Using 6 workers of 6 for evacuation
[2025-01-07T19:45:47.935+0000][84018.301s][info][gc,phases   ] GC(2799)   Pre Evacuate Collection Set: 0.2ms
[2025-01-07T19:45:47.935+0000][84018.301s][info][gc,phases   ] GC(2799)   Merge Heap Roots: 0.7ms
[2025-01-07T19:45:47.935+0000][84018.301s][info][gc,phases   ] GC(2799)   Evacuate Collection Set: 30.2ms
[2025-01-07T19:45:47.935+0000][84018.301s][info][gc,phases   ] GC(2799)   Post Evacuate Collection Set: 2.7ms
[2025-01-07T19:45:47.935+0000][84018.301s][info][gc,phases   ] GC(2799)   Other: 0.2ms
[2025-01-07T19:45:47.935+0000][84018.301s][info][gc,heap     ] GC(2799) Eden regions: 911->0(66)
[2025-01-07T19:45:47.935+0000][84018.301s][info][gc,heap     ] GC(2799) Survivor regions: 8->10(115)
[2025-01-07T19:45:47.935+0000][84018.301s][info][gc,heap     ] GC(2799) Old regions: 244->244
[2025-01-07T19:45:47.935+0000][84018.301s][info][gc,heap     ] GC(2799) Archive regions: 2->2
[2025-01-07T19:45:47.935+0000][84018.301s][info][gc,heap     ] GC(2799) Humongous regions: 49->49
[2025-01-07T19:45:47.935+0000][84018.301s][info][gc,metaspace] GC(2799) Metaspace: 498643K(506880K)->498643K(506880K) NonClass: 438075K(442304K)->438075K(442304K) Class: 60567K(64576K)->60567K(64576K)
[2025-01-07T19:45:47.935+0000][84018.301s][info][gc          ] GC(2799) Pause Young (Prepare Mixed) (G1 Evacuation Pause) 9690M->2419M(12288M) 34.052ms
[2025-01-07T19:45:47.935+0000][84018.301s][info][gc,cpu      ] GC(2799) User=0.20s Sys=0.00s Real=0.04s
[2025-01-07T19:45:48.404+0000][84018.770s][info][gc,start    ] GC(2800) Pause Young (Mixed) (G1 Evacuation Pause)
[2025-01-07T19:45:48.404+0000][84018.770s][info][gc,task     ] GC(2800) Using 6 workers of 6 for evacuation
[2025-01-07T19:45:48.461+0000][84018.827s][info][gc,phases   ] GC(2800)   Pre Evacuate Collection Set: 0.2ms
[2025-01-07T19:45:48.461+0000][84018.827s][info][gc,phases   ] GC(2800)   Merge Heap Roots: 0.6ms
[2025-01-07T19:45:48.461+0000][84018.827s][info][gc,phases   ] GC(2800)   Evacuate Collection Set: 53.9ms
[2025-01-07T19:45:48.461+0000][84018.827s][info][gc,phases   ] GC(2800)   Post Evacuate Collection Set: 1.9ms
[2025-01-07T19:45:48.461+0000][84018.827s][info][gc,phases   ] GC(2800)   Other: 0.2ms
[2025-01-07T19:45:48.461+0000][84018.827s][info][gc,heap     ] GC(2800) Eden regions: 66->0(915)
[2025-01-07T19:45:48.461+0000][84018.827s][info][gc,heap     ] GC(2800) Survivor regions: 10->5(10)
[2025-01-07T19:45:48.461+0000][84018.827s][info][gc,heap     ] GC(2800) Old regions: 244->243
[2025-01-07T19:45:48.461+0000][84018.827s][info][gc,heap     ] GC(2800) Archive regions: 2->2
[2025-01-07T19:45:48.461+0000][84018.827s][info][gc,heap     ] GC(2800) Humongous regions: 49->49
[2025-01-07T19:45:48.461+0000][84018.827s][info][gc,metaspace] GC(2800) Metaspace: 498643K(506880K)->498643K(506880K) NonClass: 438075K(442304K)->438075K(442304K) Class: 60567K(64576K)->60567K(64576K)
[2025-01-07T19:45:48.461+0000][84018.827s][info][gc          ] GC(2800) Pause Young (Mixed) (G1 Evacuation Pause) 2947M->2378M(12288M) 56.826ms
[2025-01-07T19:45:48.461+0000][84018.827s][info][gc,cpu      ] GC(2800) User=0.32s Sys=0.00s Real=0.05s
[2025-01-07T19:45:53.414+0000][84023.780s][info][gc,start    ] GC(2801) Pause Young (Normal) (G1 Evacuation Pause)
[2025-01-07T19:45:53.414+0000][84023.780s][info][gc,task     ] GC(2801) Using 6 workers of 6 for evacuation
[2025-01-07T19:45:53.440+0000][84023.806s][info][gc,phases   ] GC(2801)   Pre Evacuate Collection Set: 0.2ms
[2025-01-07T19:45:53.440+0000][84023.806s][info][gc,phases   ] GC(2801)   Merge Heap Roots: 0.4ms
[2025-01-07T19:45:53.440+0000][84023.806s][info][gc,phases   ] GC(2801)   Evacuate Collection Set: 22.7ms
[2025-01-07T19:45:53.440+0000][84023.806s][info][gc,phases   ] GC(2801)   Post Evacuate Collection Set: 2.5ms
[2025-01-07T19:45:53.440+0000][84023.806s][info][gc,phases   ] GC(2801)   Other: 0.2ms
[2025-01-07T19:45:53.440+0000][84023.806s][info][gc,heap     ] GC(2801) Eden regions: 915->0(912)
[2025-01-07T19:45:53.440+0000][84023.806s][info][gc,heap     ] GC(2801) Survivor regions: 5->7(115)
[2025-01-07T19:45:53.440+0000][84023.806s][info][gc,heap     ] GC(2801) Old regions: 243->243
[2025-01-07T19:45:53.440+0000][84023.806s][info][gc,heap     ] GC(2801) Archive regions: 2->2
[2025-01-07T19:45:53.440+0000][84023.806s][info][gc,heap     ] GC(2801) Humongous regions: 49->49
[2025-01-07T19:45:53.440+0000][84023.806s][info][gc,metaspace] GC(2801) Metaspace: 498643K(506880K)->498643K(506880K) NonClass: 438075K(442304K)->438075K(442304K) Class: 60567K(64576K)->60567K(64576K)
[2025-01-07T19:45:53.440+0000][84023.806s][info][gc          ] GC(2801) Pause Young (Normal) (G1 Evacuation Pause) 9698M->2393M(12288M) 26.093ms
[2025-01-07T19:45:53.440+0000][84023.806s][info][gc,cpu      ] GC(2801) User=0.15s Sys=0.00s Real=0.02s
[2025-01-07T19:46:02.471+0000][84032.837s][info][gc,start    ] GC(2802) Pause Young (Normal) (G1 Evacuation Pause)
[2025-01-07T19:46:02.471+0000][84032.837s][info][gc,task     ] GC(2802) Using 6 workers of 6 for evacuation
[2025-01-07T19:46:02.500+0000][84032.866s][info][gc,phases   ] GC(2802)   Pre Evacuate Collection Set: 0.2ms
[2025-01-07T19:46:02.500+0000][84032.866s][info][gc,phases   ] GC(2802)   Merge Heap Roots: 0.4ms
[2025-01-07T19:46:02.500+0000][84032.866s][info][gc,phases   ] GC(2802)   Evacuate Collection Set: 26.2ms
[2025-01-07T19:46:02.500+0000][84032.866s][info][gc,phases   ] GC(2802)   Post Evacuate Collection Set: 2.6ms
[2025-01-07T19:46:02.500+0000][84032.866s][info][gc,phases   ] GC(2802)   Other: 0.2ms
[2025-01-07T19:46:02.500+0000][84032.866s][info][gc,heap     ] GC(2802) Eden regions: 912->0(909)
[2025-01-07T19:46:02.500+0000][84032.866s][info][gc,heap     ] GC(2802) Survivor regions: 7->9(115)
[2025-01-07T19:46:02.500+0000][84032.866s][info][gc,heap     ] GC(2802) Old regions: 243->243
[2025-01-07T19:46:02.500+0000][84032.866s][info][gc,heap     ] GC(2802) Archive regions: 2->2
[2025-01-07T19:46:02.500+0000][84032.866s][info][gc,heap     ] GC(2802) Humongous regions: 49->49
[2025-01-07T19:46:02.500+0000][84032.866s][info][gc,metaspace] GC(2802) Metaspace: 498643K(506880K)->498643K(506880K) NonClass: 438075K(442304K)->438075K(442304K) Class: 60567K(64576K)->60567K(64576K)
[2025-01-07T19:46:02.500+0000][84032.867s][info][gc          ] GC(2802) Pause Young (Normal) (G1 Evacuation Pause) 9689M->2409M(12288M) 29.726ms
[2025-01-07T19:46:02.500+0000][84032.867s][info][gc,cpu      ] GC(2802) User=0.17s Sys=0.00s Real=0.02s
[2025-01-07T19:46:11.855+0000][84042.222s][info][gc,start    ] GC(2803) Pause Young (Concurrent Start) (G1 Evacuation Pause)
[2025-01-07T19:46:11.856+0000][84042.222s][info][gc,task     ] GC(2803) Using 6 workers of 6 for evacuation
[2025-01-07T19:46:11.891+0000][84042.257s][info][gc,phases   ] GC(2803)   Pre Evacuate Collection Set: 1.0ms
[2025-01-07T19:46:11.891+0000][84042.257s][info][gc,phases   ] GC(2803)   Merge Heap Roots: 0.5ms
[2025-01-07T19:46:11.891+0000][84042.257s][info][gc,phases   ] GC(2803)   Evacuate Collection Set: 29.4ms
[2025-01-07T19:46:11.891+0000][84042.257s][info][gc,phases   ] GC(2803)   Post Evacuate Collection Set: 3.9ms
[2025-01-07T19:46:11.891+0000][84042.257s][info][gc,phases   ] GC(2803)   Other: 0.3ms
[2025-01-07T19:46:11.891+0000][84042.257s][info][gc,heap     ] GC(2803) Eden regions: 909->0(906)
[2025-01-07T19:46:11.891+0000][84042.257s][info][gc,heap     ] GC(2803) Survivor regions: 9->11(115)
[2025-01-07T19:46:11.891+0000][84042.257s][info][gc,heap     ] GC(2803) Old regions: 243->243
[2025-01-07T19:46:11.891+0000][84042.257s][info][gc,heap     ] GC(2803) Archive regions: 2->2
[2025-01-07T19:46:11.891+0000][84042.257s][info][gc,heap     ] GC(2803) Humongous regions: 49->49
[2025-01-07T19:46:11.891+0000][84042.257s][info][gc,metaspace] GC(2803) Metaspace: 498643K(506880K)->498643K(506880K) NonClass: 438075K(442304K)->438075K(442304K) Class: 60567K(64576K)->60567K(64576K)
[2025-01-07T19:46:11.891+0000][84042.257s][info][gc          ] GC(2803) Pause Young (Concurrent Start) (G1 Evacuation Pause) 9681M->2426M(12288M) 35.144ms
[2025-01-07T19:46:11.891+0000][84042.257s][info][gc,cpu      ] GC(2803) User=0.20s Sys=0.00s Real=0.04s
[2025-01-07T19:46:11.891+0000][84042.257s][info][gc          ] GC(2804) Concurrent Mark Cycle
[2025-01-07T19:46:11.891+0000][84042.257s][info][gc,marking  ] GC(2804) Concurrent Clear Claimed Marks
[2025-01-07T19:46:11.892+0000][84042.258s][info][gc,marking  ] GC(2804) Concurrent Clear Claimed Marks 0.774ms
[2025-01-07T19:46:11.892+0000][84042.258s][info][gc,marking  ] GC(2804) Concurrent Scan Root Regions
[2025-01-07T19:46:11.914+0000][84042.281s][info][gc,marking  ] GC(2804) Concurrent Scan Root Regions 22.972ms
[2025-01-07T19:46:11.915+0000][84042.281s][info][gc,marking  ] GC(2804) Concurrent Mark
[2025-01-07T19:46:11.915+0000][84042.281s][info][gc,marking  ] GC(2804) Concurrent Mark From Roots
[2025-01-07T19:46:11.915+0000][84042.281s][info][gc,task     ] GC(2804) Using 2 workers of 2 for marking
[2025-01-07T19:46:12.679+0000][84043.045s][info][gc,marking  ] GC(2804) Concurrent Mark From Roots 764.408ms
[2025-01-07T19:46:12.679+0000][84043.045s][info][gc,marking  ] GC(2804) Concurrent Preclean
[2025-01-07T19:46:12.682+0000][84043.048s][info][gc,marking  ] GC(2804) Concurrent Preclean 2.599ms
[2025-01-07T19:46:12.682+0000][84043.048s][info][gc,start    ] GC(2804) Pause Remark
[2025-01-07T19:46:12.736+0000][84043.103s][info][gc          ] GC(2804) Pause Remark 2550M->2550M(12288M) 54.680ms
[2025-01-07T19:46:12.736+0000][84043.103s][info][gc,cpu      ] GC(2804) User=0.29s Sys=0.01s Real=0.05s
[2025-01-07T19:46:12.737+0000][84043.103s][info][gc,marking  ] GC(2804) Concurrent Mark 822.166ms
[2025-01-07T19:46:12.737+0000][84043.103s][info][gc,marking  ] GC(2804) Concurrent Rebuild Remembered Sets
[2025-01-07T19:46:13.216+0000][84043.582s][info][gc,marking  ] GC(2804) Concurrent Rebuild Remembered Sets 479.531ms
[2025-01-07T19:46:13.216+0000][84043.582s][info][gc,start    ] GC(2804) Pause Cleanup
[2025-01-07T19:46:13.217+0000][84043.583s][info][gc          ] GC(2804) Pause Cleanup 2626M->2626M(12288M) 0.400ms
[2025-01-07T19:46:13.217+0000][84043.583s][info][gc,cpu      ] GC(2804) User=0.00s Sys=0.00s Real=0.00s
[2025-01-07T19:46:13.217+0000][84043.583s][info][gc,marking  ] GC(2804) Concurrent Cleanup for Next Mark
[2025-01-07T19:46:13.232+0000][84043.598s][info][gc,marking  ] GC(2804) Concurrent Cleanup for Next Mark 15.324ms
[2025-01-07T19:46:13.232+0000][84043.598s][info][gc          ] GC(2804) Concurrent Mark Cycle 1341.531ms
[2025-01-07T19:46:21.982+0000][84052.348s][info][gc,start    ] GC(2805) Pause Young (Prepare Mixed) (G1 Evacuation Pause)
[2025-01-07T19:46:21.982+0000][84052.348s][info][gc,task     ] GC(2805) Using 6 workers of 6 for evacuation
[2025-01-07T19:46:22.020+0000][84052.386s][info][gc,phases   ] GC(2805)   Pre Evacuate Collection Set: 0.2ms
[2025-01-07T19:46:22.020+0000][84052.386s][info][gc,phases   ] GC(2805)   Merge Heap Roots: 0.7ms
[2025-01-07T19:46:22.020+0000][84052.386s][info][gc,phases   ] GC(2805)   Evacuate Collection Set: 32.4ms
[2025-01-07T19:46:22.020+0000][84052.386s][info][gc,phases   ] GC(2805)   Post Evacuate Collection Set: 4.1ms
[2025-01-07T19:46:22.020+0000][84052.386s][info][gc,phases   ] GC(2805)   Other: 0.2ms
[2025-01-07T19:46:22.020+0000][84052.386s][info][gc,heap     ] GC(2805) Eden regions: 906->0(64)
[2025-01-07T19:46:22.020+0000][84052.386s][info][gc,heap     ] GC(2805) Survivor regions: 11->12(115)
[2025-01-07T19:46:22.020+0000][84052.386s][info][gc,heap     ] GC(2805) Old regions: 243->243
[2025-01-07T19:46:22.020+0000][84052.386s][info][gc,heap     ] GC(2805) Archive regions: 2->2
[2025-01-07T19:46:22.020+0000][84052.386s][info][gc,heap     ] GC(2805) Humongous regions: 49->49
[2025-01-07T19:46:22.020+0000][84052.386s][info][gc,metaspace] GC(2805) Metaspace: 498638K(506880K)->498638K(506880K) NonClass: 438071K(442304K)->438071K(442304K) Class: 60566K(64576K)->60566K(64576K)
[2025-01-07T19:46:22.020+0000][84052.386s][info][gc          ] GC(2805) Pause Young (Prepare Mixed) (G1 Evacuation Pause) 9674M->2435M(12288M) 37.593ms
[2025-01-07T19:46:22.020+0000][84052.386s][info][gc,cpu      ] GC(2805) User=0.22s Sys=0.00s Real=0.03s
[2025-01-07T19:46:22.326+0000][84052.692s][info][gc,start    ] GC(2806) Pause Young (Mixed) (G1 Evacuation Pause)
[2025-01-07T19:46:22.326+0000][84052.692s][info][gc,task     ] GC(2806) Using 6 workers of 6 for evacuation
[2025-01-07T19:46:22.392+0000][84052.758s][info][gc,phases   ] GC(2806)   Pre Evacuate Collection Set: 0.2ms
[2025-01-07T19:46:22.392+0000][84052.758s][info][gc,phases   ] GC(2806)   Merge Heap Roots: 0.7ms
[2025-01-07T19:46:22.392+0000][84052.758s][info][gc,phases   ] GC(2806)   Evacuate Collection Set: 63.7ms
[2025-01-07T19:46:22.392+0000][84052.758s][info][gc,phases   ] GC(2806)   Post Evacuate Collection Set: 1.7ms
[2025-01-07T19:46:22.392+0000][84052.758s][info][gc,phases   ] GC(2806)   Other: 0.2ms
[2025-01-07T19:46:22.392+0000][84052.758s][info][gc,heap     ] GC(2806) Eden regions: 64->0(908)
[2025-01-07T19:46:22.392+0000][84052.758s][info][gc,heap     ] GC(2806) Survivor regions: 12->6(10)
[2025-01-07T19:46:22.392+0000][84052.758s][info][gc,heap     ] GC(2806) Old regions: 243->246
[2025-01-07T19:46:22.392+0000][84052.758s][info][gc,heap     ] GC(2806) Archive regions: 2->2
[2025-01-07T19:46:22.392+0000][84052.758s][info][gc,heap     ] GC(2806) Humongous regions: 49->49
[2025-01-07T19:46:22.392+0000][84052.758s][info][gc,metaspace] GC(2806) Metaspace: 498638K(506880K)->498638K(506880K) NonClass: 438071K(442304K)->438071K(442304K) Class: 60566K(64576K)->60566K(64576K)
[2025-01-07T19:46:22.392+0000][84052.759s][info][gc          ] GC(2806) Pause Young (Mixed) (G1 Evacuation Pause) 2947M->2406M(12288M) 66.507ms
[2025-01-07T19:46:22.392+0000][84052.759s][info][gc,cpu      ] GC(2806) User=0.39s Sys=0.00s Real=0.07s
[2025-01-07T19:46:29.923+0000][84060.290s][info][gc,start    ] GC(2807) Pause Young (Normal) (G1 Evacuation Pause)
[2025-01-07T19:46:29.923+0000][84060.290s][info][gc,task     ] GC(2807) Using 6 workers of 6 for evacuation
[2025-01-07T19:46:29.948+0000][84060.314s][info][gc,phases   ] GC(2807)   Pre Evacuate Collection Set: 0.2ms
[2025-01-07T19:46:29.948+0000][84060.314s][info][gc,phases   ] GC(2807)   Merge Heap Roots: 0.4ms
[2025-01-07T19:46:29.948+0000][84060.314s][info][gc,phases   ] GC(2807)   Evacuate Collection Set: 19.9ms
[2025-01-07T19:46:29.948+0000][84060.314s][info][gc,phases   ] GC(2807)   Post Evacuate Collection Set: 3.9ms
[2025-01-07T19:46:29.948+0000][84060.314s][info][gc,phases   ] GC(2807)   Other: 0.2ms
[2025-01-07T19:46:29.948+0000][84060.314s][info][gc,heap     ] GC(2807) Eden regions: 908->0(907)
[2025-01-07T19:46:29.948+0000][84060.314s][info][gc,heap     ] GC(2807) Survivor regions: 6->7(115)
[2025-01-07T19:46:29.948+0000][84060.314s][info][gc,heap     ] GC(2807) Old regions: 246->246
[2025-01-07T19:46:29.948+0000][84060.314s][info][gc,heap     ] GC(2807) Archive regions: 2->2
[2025-01-07T19:46:29.948+0000][84060.314s][info][gc,heap     ] GC(2807) Humongous regions: 49->49
[2025-01-07T19:46:29.948+0000][84060.314s][info][gc,metaspace] GC(2807) Metaspace: 498638K(506880K)->498638K(506880K) NonClass: 438071K(442304K)->438071K(442304K) Class: 60566K(64576K)->60566K(64576K)
[2025-01-07T19:46:29.948+0000][84060.314s][info][gc          ] GC(2807) Pause Young (Normal) (G1 Evacuation Pause) 9670M->2419M(12288M) 24.746ms
[2025-01-07T19:46:29.948+0000][84060.314s][info][gc,cpu      ] GC(2807) User=0.14s Sys=0.00s Real=0.02s
[2025-01-07T19:46:37.980+0000][84068.346s][info][gc,start    ] GC(2808) Pause Young (Normal) (G1 Evacuation Pause)
[2025-01-07T19:46:37.980+0000][84068.346s][info][gc,task     ] GC(2808) Using 6 workers of 6 for evacuation
[2025-01-07T19:46:38.002+0000][84068.368s][info][gc,phases   ] GC(2808)   Pre Evacuate Collection Set: 0.2ms
[2025-01-07T19:46:38.002+0000][84068.368s][info][gc,phases   ] GC(2808)   Merge Heap Roots: 0.4ms
[2025-01-07T19:46:38.002+0000][84068.368s][info][gc,phases   ] GC(2808)   Evacuate Collection Set: 19.1ms
[2025-01-07T19:46:38.002+0000][84068.368s][info][gc,phases   ] GC(2808)   Post Evacuate Collection Set: 2.5ms
[2025-01-07T19:46:38.002+0000][84068.368s][info][gc,phases   ] GC(2808)   Other: 0.2ms
[2025-01-07T19:46:38.002+0000][84068.368s][info][gc,heap     ] GC(2808) Eden regions: 907->0(908)
[2025-01-07T19:46:38.002+0000][84068.368s][info][gc,heap     ] GC(2808) Survivor regions: 7->7(115)
[2025-01-07T19:46:38.002+0000][84068.368s][info][gc,heap     ] GC(2808) Old regions: 246->246
[2025-01-07T19:46:38.002+0000][84068.368s][info][gc,heap     ] GC(2808) Archive regions: 2->2
[2025-01-07T19:46:38.002+0000][84068.368s][info][gc,heap     ] GC(2808) Humongous regions: 49->49
[2025-01-07T19:46:38.002+0000][84068.368s][info][gc,metaspace] GC(2808) Metaspace: 498638K(506880K)->498638K(506880K) NonClass: 438071K(442304K)->438071K(442304K) Class: 60566K(64576K)->60566K(64576K)
[2025-01-07T19:46:38.002+0000][84068.368s][info][gc          ] GC(2808) Pause Young (Normal) (G1 Evacuation Pause) 9675M->2419M(12288M) 22.461ms
[2025-01-07T19:46:38.002+0000][84068.368s][info][gc,cpu      ] GC(2808) User=0.12s Sys=0.01s Real=0.03s
[2025-01-07T19:46:46.805+0000][84077.171s][info][gc,start    ] GC(2809) Pause Young (Concurrent Start) (G1 Evacuation Pause)
[2025-01-07T19:46:46.805+0000][84077.171s][info][gc,task     ] GC(2809) Using 6 workers of 6 for evacuation
[2025-01-07T19:46:46.836+0000][84077.202s][info][gc,phases   ] GC(2809)   Pre Evacuate Collection Set: 1.0ms
[2025-01-07T19:46:46.836+0000][84077.202s][info][gc,phases   ] GC(2809)   Merge Heap Roots: 0.5ms
[2025-01-07T19:46:46.836+0000][84077.202s][info][gc,phases   ] GC(2809)   Evacuate Collection Set: 26.8ms
[2025-01-07T19:46:46.836+0000][84077.202s][info][gc,phases   ] GC(2809)   Post Evacuate Collection Set: 2.5ms
[2025-01-07T19:46:46.836+0000][84077.202s][info][gc,phases   ] GC(2809)   Other: 0.3ms
[2025-01-07T19:46:46.836+0000][84077.202s][info][gc,heap     ] GC(2809) Eden regions: 908->0(906)
[2025-01-07T19:46:46.836+0000][84077.202s][info][gc,heap     ] GC(2809) Survivor regions: 7->9(115)
[2025-01-07T19:46:46.836+0000][84077.202s][info][gc,heap     ] GC(2809) Old regions: 246->246
[2025-01-07T19:46:46.836+0000][84077.202s][info][gc,heap     ] GC(2809) Archive regions: 2->2
[2025-01-07T19:46:46.836+0000][84077.202s][info][gc,heap     ] GC(2809) Humongous regions: 49->49
[2025-01-07T19:46:46.836+0000][84077.202s][info][gc,metaspace] GC(2809) Metaspace: 498638K(506880K)->498638K(506880K) NonClass: 438071K(442304K)->438071K(442304K) Class: 60566K(64576K)->60566K(64576K)
[2025-01-07T19:46:46.836+0000][84077.202s][info][gc          ] GC(2809) Pause Young (Concurrent Start) (G1 Evacuation Pause) 9683M->2431M(12288M) 31.210ms
[2025-01-07T19:46:46.836+0000][84077.202s][info][gc,cpu      ] GC(2809) User=0.18s Sys=0.00s Real=0.03s
[2025-01-07T19:46:46.836+0000][84077.202s][info][gc          ] GC(2810) Concurrent Mark Cycle
[2025-01-07T19:46:46.836+0000][84077.202s][info][gc,marking  ] GC(2810) Concurrent Clear Claimed Marks
[2025-01-07T19:46:46.837+0000][84077.203s][info][gc,marking  ] GC(2810) Concurrent Clear Claimed Marks 0.779ms
[2025-01-07T19:46:46.837+0000][84077.203s][info][gc,marking  ] GC(2810) Concurrent Scan Root Regions
[2025-01-07T19:46:46.853+0000][84077.219s][info][gc,marking  ] GC(2810) Concurrent Scan Root Regions 15.657ms
[2025-01-07T19:46:46.853+0000][84077.219s][info][gc,marking  ] GC(2810) Concurrent Mark
[2025-01-07T19:46:46.853+0000][84077.219s][info][gc,marking  ] GC(2810) Concurrent Mark From Roots
[2025-01-07T19:46:46.853+0000][84077.219s][info][gc,task     ] GC(2810) Using 2 workers of 2 for marking
[2025-01-07T19:46:47.761+0000][84078.127s][info][gc,marking  ] GC(2810) Concurrent Mark From Roots 908.521ms
[2025-01-07T19:46:47.761+0000][84078.127s][info][gc,marking  ] GC(2810) Concurrent Preclean
[2025-01-07T19:46:47.764+0000][84078.130s][info][gc,marking  ] GC(2810) Concurrent Preclean 2.582ms
[2025-01-07T19:46:47.764+0000][84078.130s][info][gc,start    ] GC(2810) Pause Remark
[2025-01-07T19:46:47.790+0000][84078.156s][info][gc          ] GC(2810) Pause Remark 3399M->3399M(12288M) 25.870ms
[2025-01-07T19:46:47.790+0000][84078.156s][info][gc,cpu      ] GC(2810) User=0.15s Sys=0.00s Real=0.03s
[2025-01-07T19:46:47.790+0000][84078.156s][info][gc,marking  ] GC(2810) Concurrent Mark 937.557ms
[2025-01-07T19:46:47.790+0000][84078.156s][info][gc,marking  ] GC(2810) Concurrent Rebuild Remembered Sets
[2025-01-07T19:46:48.336+0000][84078.702s][info][gc,marking  ] GC(2810) Concurrent Rebuild Remembered Sets 545.650ms
[2025-01-07T19:46:48.336+0000][84078.702s][info][gc,start    ] GC(2810) Pause Cleanup
[2025-01-07T19:46:48.336+0000][84078.703s][info][gc          ] GC(2810) Pause Cleanup 3927M->3927M(12288M) 0.486ms
[2025-01-07T19:46:48.337+0000][84078.703s][info][gc,cpu      ] GC(2810) User=0.00s Sys=0.00s Real=0.00s
[2025-01-07T19:46:48.337+0000][84078.703s][info][gc,marking  ] GC(2810) Concurrent Cleanup for Next Mark
[2025-01-07T19:46:48.352+0000][84078.718s][info][gc,marking  ] GC(2810) Concurrent Cleanup for Next Mark 15.423ms
[2025-01-07T19:46:48.352+0000][84078.718s][info][gc          ] GC(2810) Concurrent Mark Cycle 1515.977ms
[2025-01-07T19:46:52.826+0000][84083.192s][info][gc,start    ] GC(2811) Pause Young (Prepare Mixed) (GCLocker Initiated GC)
[2025-01-07T19:46:52.826+0000][84083.192s][info][gc,task     ] GC(2811) Using 6 workers of 6 for evacuation
[2025-01-07T19:46:52.858+0000][84083.224s][info][gc,phases   ] GC(2811)   Pre Evacuate Collection Set: 0.2ms
[2025-01-07T19:46:52.858+0000][84083.224s][info][gc,phases   ] GC(2811)   Merge Heap Roots: 0.6ms
[2025-01-07T19:46:52.858+0000][84083.224s][info][gc,phases   ] GC(2811)   Evacuate Collection Set: 28.3ms
[2025-01-07T19:46:52.858+0000][84083.224s][info][gc,phases   ] GC(2811)   Post Evacuate Collection Set: 2.5ms
[2025-01-07T19:46:52.858+0000][84083.224s][info][gc,phases   ] GC(2811)   Other: 0.2ms
[2025-01-07T19:46:52.858+0000][84083.224s][info][gc,heap     ] GC(2811) Eden regions: 907->0(66)
[2025-01-07T19:46:52.858+0000][84083.224s][info][gc,heap     ] GC(2811) Survivor regions: 9->10(115)
[2025-01-07T19:46:52.858+0000][84083.224s][info][gc,heap     ] GC(2811) Old regions: 246->246
[2025-01-07T19:46:52.858+0000][84083.224s][info][gc,heap     ] GC(2811) Archive regions: 2->2
[2025-01-07T19:46:52.858+0000][84083.224s][info][gc,heap     ] GC(2811) Humongous regions: 49->49
[2025-01-07T19:46:52.858+0000][84083.224s][info][gc,metaspace] GC(2811) Metaspace: 498641K(506880K)->498641K(506880K) NonClass: 438074K(442304K)->438074K(442304K) Class: 60566K(64576K)->60566K(64576K)
[2025-01-07T19:46:52.858+0000][84083.224s][info][gc          ] GC(2811) Pause Young (Prepare Mixed) (GCLocker Initiated GC) 9683M->2443M(12288M) 31.968ms
[2025-01-07T19:46:52.858+0000][84083.224s][info][gc,cpu      ] GC(2811) User=0.18s Sys=0.00s Real=0.03s
[2025-01-07T19:46:53.209+0000][84083.575s][info][gc,start    ] GC(2812) Pause Young (Mixed) (GCLocker Initiated GC)
[2025-01-07T19:46:53.209+0000][84083.575s][info][gc,task     ] GC(2812) Using 6 workers of 6 for evacuation
[2025-01-07T19:46:53.254+0000][84083.620s][info][gc,phases   ] GC(2812)   Pre Evacuate Collection Set: 0.2ms
[2025-01-07T19:46:53.254+0000][84083.620s][info][gc,phases   ] GC(2812)   Merge Heap Roots: 0.5ms
[2025-01-07T19:46:53.254+0000][84083.620s][info][gc,phases   ] GC(2812)   Evacuate Collection Set: 43.1ms
[2025-01-07T19:46:53.254+0000][84083.620s][info][gc,phases   ] GC(2812)   Post Evacuate Collection Set: 1.5ms
[2025-01-07T19:46:53.254+0000][84083.620s][info][gc,phases   ] GC(2812)   Other: 0.2ms
[2025-01-07T19:46:53.254+0000][84083.620s][info][gc,heap     ] GC(2812) Eden regions: 66->0(913)
[2025-01-07T19:46:53.254+0000][84083.620s][info][gc,heap     ] GC(2812) Survivor regions: 10->5(10)
[2025-01-07T19:46:53.254+0000][84083.620s][info][gc,heap     ] GC(2812) Old regions: 246->244
[2025-01-07T19:46:53.254+0000][84083.620s][info][gc,heap     ] GC(2812) Archive regions: 2->2
[2025-01-07T19:46:53.254+0000][84083.620s][info][gc,heap     ] GC(2812) Humongous regions: 49->49
[2025-01-07T19:46:53.254+0000][84083.620s][info][gc,metaspace] GC(2812) Metaspace: 498641K(506880K)->498641K(506880K) NonClass: 438074K(442304K)->438074K(442304K) Class: 60566K(64576K)->60566K(64576K)
[2025-01-07T19:46:53.254+0000][84083.620s][info][gc          ] GC(2812) Pause Young (Mixed) (GCLocker Initiated GC) 2971M->2384M(12288M) 45.494ms
[2025-01-07T19:46:53.254+0000][84083.621s][info][gc,cpu      ] GC(2812) User=0.26s Sys=0.00s Real=0.05s
[2025-01-07T19:46:58.559+0000][84088.925s][info][gc,start    ] GC(2813) Pause Young (Normal) (G1 Evacuation Pause)
[2025-01-07T19:46:58.559+0000][84088.925s][info][gc,task     ] GC(2813) Using 6 workers of 6 for evacuation
[2025-01-07T19:46:58.582+0000][84088.948s][info][gc,phases   ] GC(2813)   Pre Evacuate Collection Set: 0.2ms
[2025-01-07T19:46:58.582+0000][84088.948s][info][gc,phases   ] GC(2813)   Merge Heap Roots: 0.4ms
[2025-01-07T19:46:58.582+0000][84088.948s][info][gc,phases   ] GC(2813)   Evacuate Collection Set: 20.1ms
[2025-01-07T19:46:58.582+0000][84088.948s][info][gc,phases   ] GC(2813)   Post Evacuate Collection Set: 2.4ms
[2025-01-07T19:46:58.582+0000][84088.948s][info][gc,phases   ] GC(2813)   Other: 0.2ms
[2025-01-07T19:46:58.582+0000][84088.948s][info][gc,heap     ] GC(2813) Eden regions: 913->0(914)
[2025-01-07T19:46:58.582+0000][84088.948s][info][gc,heap     ] GC(2813) Survivor regions: 5->6(115)
[2025-01-07T19:46:58.582+0000][84088.948s][info][gc,heap     ] GC(2813) Old regions: 244->244
[2025-01-07T19:46:58.582+0000][84088.948s][info][gc,heap     ] GC(2813) Archive regions: 2->2
[2025-01-07T19:46:58.582+0000][84088.948s][info][gc,heap     ] GC(2813) Humongous regions: 49->49
[2025-01-07T19:46:58.582+0000][84088.948s][info][gc,metaspace] GC(2813) Metaspace: 498641K(506880K)->498641K(506880K) NonClass: 438074K(442304K)->438074K(442304K) Class: 60566K(64576K)->60566K(64576K)
[2025-01-07T19:46:58.582+0000][84088.948s][info][gc          ] GC(2813) Pause Young (Normal) (G1 Evacuation Pause) 9688M->2393M(12288M) 23.458ms
[2025-01-07T19:46:58.582+0000][84088.948s][info][gc,cpu      ] GC(2813) User=0.14s Sys=0.00s Real=0.03s
[2025-01-07T19:47:06.020+0000][84096.386s][info][gc,start    ] GC(2814) Pause Young (Normal) (G1 Evacuation Pause)
[2025-01-07T19:47:06.020+0000][84096.386s][info][gc,task     ] GC(2814) Using 6 workers of 6 for evacuation
[2025-01-07T19:47:06.050+0000][84096.416s][info][gc,phases   ] GC(2814)   Pre Evacuate Collection Set: 0.2ms
[2025-01-07T19:47:06.050+0000][84096.416s][info][gc,phases   ] GC(2814)   Merge Heap Roots: 0.4ms
[2025-01-07T19:47:06.050+0000][84096.416s][info][gc,phases   ] GC(2814)   Evacuate Collection Set: 25.2ms
[2025-01-07T19:47:06.050+0000][84096.417s][info][gc,phases   ] GC(2814)   Post Evacuate Collection Set: 4.0ms
[2025-01-07T19:47:06.050+0000][84096.417s][info][gc,phases   ] GC(2814)   Other: 0.2ms
[2025-01-07T19:47:06.050+0000][84096.417s][info][gc,heap     ] GC(2814) Eden regions: 914->0(911)
[2025-01-07T19:47:06.050+0000][84096.417s][info][gc,heap     ] GC(2814) Survivor regions: 6->8(115)
[2025-01-07T19:47:06.050+0000][84096.417s][info][gc,heap     ] GC(2814) Old regions: 244->244
[2025-01-07T19:47:06.050+0000][84096.417s][info][gc,heap     ] GC(2814) Archive regions: 2->2
[2025-01-07T19:47:06.050+0000][84096.417s][info][gc,heap     ] GC(2814) Humongous regions: 49->49
[2025-01-07T19:47:06.050+0000][84096.417s][info][gc,metaspace] GC(2814) Metaspace: 498641K(506880K)->498641K(506880K) NonClass: 438074K(442304K)->438074K(442304K) Class: 60566K(64576K)->60566K(64576K)
[2025-01-07T19:47:06.050+0000][84096.417s][info][gc          ] GC(2814) Pause Young (Normal) (G1 Evacuation Pause) 9705M->2409M(12288M) 30.179ms
[2025-01-07T19:47:06.051+0000][84096.417s][info][gc,cpu      ] GC(2814) User=0.18s Sys=0.00s Real=0.04s
[2025-01-07T19:47:10.321+0000][84100.687s][info][gc,start    ] GC(2815) Pause Young (Concurrent Start) (G1 Evacuation Pause)
[2025-01-07T19:47:10.321+0000][84100.688s][info][gc,task     ] GC(2815) Using 6 workers of 6 for evacuation
[2025-01-07T19:47:10.353+0000][84100.719s][info][gc,phases   ] GC(2815)   Pre Evacuate Collection Set: 1.0ms
[2025-01-07T19:47:10.353+0000][84100.719s][info][gc,phases   ] GC(2815)   Merge Heap Roots: 0.4ms
[2025-01-07T19:47:10.353+0000][84100.719s][info][gc,phases   ] GC(2815)   Evacuate Collection Set: 25.8ms
[2025-01-07T19:47:10.353+0000][84100.719s][info][gc,phases   ] GC(2815)   Post Evacuate Collection Set: 3.7ms
[2025-01-07T19:47:10.353+0000][84100.719s][info][gc,phases   ] GC(2815)   Other: 0.3ms
[2025-01-07T19:47:10.353+0000][84100.719s][info][gc,heap     ] GC(2815) Eden regions: 911->0(911)
[2025-01-07T19:47:10.353+0000][84100.719s][info][gc,heap     ] GC(2815) Survivor regions: 8->9(115)
[2025-01-07T19:47:10.353+0000][84100.719s][info][gc,heap     ] GC(2815) Old regions: 244->244
[2025-01-07T19:47:10.353+0000][84100.719s][info][gc,heap     ] GC(2815) Archive regions: 2->2
[2025-01-07T19:47:10.353+0000][84100.719s][info][gc,heap     ] GC(2815) Humongous regions: 49->49
[2025-01-07T19:47:10.353+0000][84100.719s][info][gc,metaspace] GC(2815) Metaspace: 498641K(506880K)->498641K(506880K) NonClass: 438074K(442304K)->438074K(442304K) Class: 60566K(64576K)->60566K(64576K)
[2025-01-07T19:47:10.353+0000][84100.719s][info][gc          ] GC(2815) Pause Young (Concurrent Start) (G1 Evacuation Pause) 9697M->2413M(12288M) 31.244ms
[2025-01-07T19:47:10.353+0000][84100.719s][info][gc,cpu      ] GC(2815) User=0.18s Sys=0.01s Real=0.04s
[2025-01-07T19:47:10.353+0000][84100.719s][info][gc          ] GC(2816) Concurrent Mark Cycle
[2025-01-07T19:47:10.353+0000][84100.719s][info][gc,marking  ] GC(2816) Concurrent Clear Claimed Marks
[2025-01-07T19:47:10.354+0000][84100.720s][info][gc,marking  ] GC(2816) Concurrent Clear Claimed Marks 0.812ms
[2025-01-07T19:47:10.354+0000][84100.720s][info][gc,marking  ] GC(2816) Concurrent Scan Root Regions
[2025-01-07T19:47:10.379+0000][84100.745s][info][gc,marking  ] GC(2816) Concurrent Scan Root Regions 25.720ms
[2025-01-07T19:47:10.379+0000][84100.745s][info][gc,marking  ] GC(2816) Concurrent Mark
[2025-01-07T19:47:10.379+0000][84100.745s][info][gc,marking  ] GC(2816) Concurrent Mark From Roots
[2025-01-07T19:47:10.379+0000][84100.745s][info][gc,task     ] GC(2816) Using 2 workers of 2 for marking
[2025-01-07T19:47:11.255+0000][84101.621s][info][gc,marking  ] GC(2816) Concurrent Mark From Roots 875.611ms
[2025-01-07T19:47:11.255+0000][84101.621s][info][gc,marking  ] GC(2816) Concurrent Preclean
[2025-01-07T19:47:11.257+0000][84101.623s][info][gc,marking  ] GC(2816) Concurrent Preclean 2.244ms
[2025-01-07T19:47:11.257+0000][84101.623s][info][gc,start    ] GC(2816) Pause Remark
[2025-01-07T19:47:11.283+0000][84101.649s][info][gc          ] GC(2816) Pause Remark 3605M->3605M(12288M) 25.898ms
[2025-01-07T19:47:11.283+0000][84101.649s][info][gc,cpu      ] GC(2816) User=0.15s Sys=0.00s Real=0.03s
[2025-01-07T19:47:11.284+0000][84101.650s][info][gc,marking  ] GC(2816) Concurrent Mark 904.461ms
[2025-01-07T19:47:11.284+0000][84101.650s][info][gc,marking  ] GC(2816) Concurrent Rebuild Remembered Sets
[2025-01-07T19:47:11.871+0000][84102.237s][info][gc,marking  ] GC(2816) Concurrent Rebuild Remembered Sets 587.280ms
[2025-01-07T19:47:11.871+0000][84102.237s][info][gc,start    ] GC(2816) Pause Cleanup
[2025-01-07T19:47:11.872+0000][84102.238s][info][gc          ] GC(2816) Pause Cleanup 4309M->4309M(12288M) 0.471ms
[2025-01-07T19:47:11.872+0000][84102.238s][info][gc,cpu      ] GC(2816) User=0.00s Sys=0.00s Real=0.00s
[2025-01-07T19:47:11.872+0000][84102.238s][info][gc,marking  ] GC(2816) Concurrent Cleanup for Next Mark
[2025-01-07T19:47:11.887+0000][84102.254s][info][gc,marking  ] GC(2816) Concurrent Cleanup for Next Mark 15.602ms
[2025-01-07T19:47:11.887+0000][84102.254s][info][gc          ] GC(2816) Concurrent Mark Cycle 1534.746ms
[2025-01-07T19:47:17.726+0000][84108.092s][info][gc,start    ] GC(2817) Pause Young (Prepare Mixed) (G1 Evacuation Pause)
[2025-01-07T19:47:17.726+0000][84108.092s][info][gc,task     ] GC(2817) Using 6 workers of 6 for evacuation
[2025-01-07T19:47:17.761+0000][84108.127s][info][gc,phases   ] GC(2817)   Pre Evacuate Collection Set: 0.2ms
[2025-01-07T19:47:17.761+0000][84108.127s][info][gc,phases   ] GC(2817)   Merge Heap Roots: 0.7ms
[2025-01-07T19:47:17.761+0000][84108.127s][info][gc,phases   ] GC(2817)   Evacuate Collection Set: 30.6ms
[2025-01-07T19:47:17.761+0000][84108.127s][info][gc,phases   ] GC(2817)   Post Evacuate Collection Set: 2.6ms
[2025-01-07T19:47:17.761+0000][84108.127s][info][gc,phases   ] GC(2817)   Other: 0.2ms
[2025-01-07T19:47:17.761+0000][84108.127s][info][gc,heap     ] GC(2817) Eden regions: 911->0(66)
[2025-01-07T19:47:17.761+0000][84108.127s][info][gc,heap     ] GC(2817) Survivor regions: 9->10(115)
[2025-01-07T19:47:17.761+0000][84108.127s][info][gc,heap     ] GC(2817) Old regions: 244->244
[2025-01-07T19:47:17.761+0000][84108.127s][info][gc,heap     ] GC(2817) Archive regions: 2->2
[2025-01-07T19:47:17.761+0000][84108.127s][info][gc,heap     ] GC(2817) Humongous regions: 49->49
[2025-01-07T19:47:17.761+0000][84108.127s][info][gc,metaspace] GC(2817) Metaspace: 498641K(506880K)->498641K(506880K) NonClass: 438074K(442304K)->438074K(442304K) Class: 60566K(64576K)->60566K(64576K)
[2025-01-07T19:47:17.761+0000][84108.127s][info][gc          ] GC(2817) Pause Young (Prepare Mixed) (G1 Evacuation Pause) 9701M->2419M(12288M) 34.417ms
[2025-01-07T19:47:17.761+0000][84108.127s][info][gc,cpu      ] GC(2817) User=0.21s Sys=0.00s Real=0.03s
[2025-01-07T19:47:19.216+0000][84109.583s][info][gc,start    ] GC(2818) Pause Young (Mixed) (G1 Evacuation Pause)
[2025-01-07T19:47:19.217+0000][84109.583s][info][gc,task     ] GC(2818) Using 6 workers of 6 for evacuation
[2025-01-07T19:47:19.278+0000][84109.644s][info][gc,phases   ] GC(2818)   Pre Evacuate Collection Set: 0.2ms
[2025-01-07T19:47:19.278+0000][84109.644s][info][gc,phases   ] GC(2818)   Merge Heap Roots: 0.7ms
[2025-01-07T19:47:19.278+0000][84109.644s][info][gc,phases   ] GC(2818)   Evacuate Collection Set: 58.5ms
[2025-01-07T19:47:19.278+0000][84109.644s][info][gc,phases   ] GC(2818)   Post Evacuate Collection Set: 1.8ms
[2025-01-07T19:47:19.278+0000][84109.644s][info][gc,phases   ] GC(2818)   Other: 0.2ms
[2025-01-07T19:47:19.278+0000][84109.644s][info][gc,heap     ] GC(2818) Eden regions: 66->0(914)
[2025-01-07T19:47:19.278+0000][84109.644s][info][gc,heap     ] GC(2818) Survivor regions: 10->7(10)
[2025-01-07T19:47:19.278+0000][84109.644s][info][gc,heap     ] GC(2818) Old regions: 244->242
[2025-01-07T19:47:19.278+0000][84109.644s][info][gc,heap     ] GC(2818) Archive regions: 2->2
[2025-01-07T19:47:19.278+0000][84109.644s][info][gc,heap     ] GC(2818) Humongous regions: 49->49
[2025-01-07T19:47:19.278+0000][84109.644s][info][gc,metaspace] GC(2818) Metaspace: 498641K(506880K)->498641K(506880K) NonClass: 438074K(442304K)->438074K(442304K) Class: 60566K(64576K)->60566K(64576K)
[2025-01-07T19:47:19.278+0000][84109.644s][info][gc          ] GC(2818) Pause Young (Mixed) (G1 Evacuation Pause) 2947M->2379M(12288M) 61.378ms
[2025-01-07T19:47:19.278+0000][84109.644s][info][gc,cpu      ] GC(2818) User=0.35s Sys=0.01s Real=0.06s
[2025-01-07T19:47:26.249+0000][84116.615s][info][gc,start    ] GC(2819) Pause Young (Normal) (G1 Evacuation Pause)
[2025-01-07T19:47:26.249+0000][84116.615s][info][gc,task     ] GC(2819) Using 6 workers of 6 for evacuation
[2025-01-07T19:47:26.278+0000][84116.644s][info][gc,phases   ] GC(2819)   Pre Evacuate Collection Set: 0.2ms
[2025-01-07T19:47:26.278+0000][84116.644s][info][gc,phases   ] GC(2819)   Merge Heap Roots: 0.5ms
[2025-01-07T19:47:26.278+0000][84116.644s][info][gc,phases   ] GC(2819)   Evacuate Collection Set: 23.8ms
[2025-01-07T19:47:26.278+0000][84116.644s][info][gc,phases   ] GC(2819)   Post Evacuate Collection Set: 3.9ms
[2025-01-07T19:47:26.278+0000][84116.644s][info][gc,phases   ] GC(2819)   Other: 0.2ms
[2025-01-07T19:47:26.278+0000][84116.644s][info][gc,heap     ] GC(2819) Eden regions: 914->0(913)
[2025-01-07T19:47:26.278+0000][84116.644s][info][gc,heap     ] GC(2819) Survivor regions: 7->8(116)
[2025-01-07T19:47:26.278+0000][84116.644s][info][gc,heap     ] GC(2819) Old regions: 242->242
[2025-01-07T19:47:26.278+0000][84116.644s][info][gc,heap     ] GC(2819) Archive regions: 2->2
[2025-01-07T19:47:26.278+0000][84116.644s][info][gc,heap     ] GC(2819) Humongous regions: 49->49
[2025-01-07T19:47:26.278+0000][84116.644s][info][gc,metaspace] GC(2819) Metaspace: 498641K(506880K)->498641K(506880K) NonClass: 438074K(442304K)->438074K(442304K) Class: 60566K(64576K)->60566K(64576K)
[2025-01-07T19:47:26.278+0000][84116.644s][info][gc          ] GC(2819) Pause Young (Normal) (G1 Evacuation Pause) 9691M->2389M(12288M) 28.722ms
[2025-01-07T19:47:26.278+0000][84116.644s][info][gc,cpu      ] GC(2819) User=0.17s Sys=0.00s Real=0.03s
[2025-01-07T19:47:31.627+0000][84121.993s][info][gc,start    ] GC(2820) Pause Young (Normal) (G1 Evacuation Pause)
[2025-01-07T19:47:31.627+0000][84121.993s][info][gc,task     ] GC(2820) Using 6 workers of 6 for evacuation
[2025-01-07T19:47:31.657+0000][84122.023s][info][gc,phases   ] GC(2820)   Pre Evacuate Collection Set: 0.2ms
[2025-01-07T19:47:31.657+0000][84122.023s][info][gc,phases   ] GC(2820)   Merge Heap Roots: 0.4ms
[2025-01-07T19:47:31.657+0000][84122.023s][info][gc,phases   ] GC(2820)   Evacuate Collection Set: 26.8ms
[2025-01-07T19:47:31.657+0000][84122.023s][info][gc,phases   ] GC(2820)   Post Evacuate Collection Set: 2.7ms
[2025-01-07T19:47:31.657+0000][84122.023s][info][gc,phases   ] GC(2820)   Other: 0.2ms
[2025-01-07T19:47:31.657+0000][84122.023s][info][gc,heap     ] GC(2820) Eden regions: 913->0(913)
[2025-01-07T19:47:31.657+0000][84122.023s][info][gc,heap     ] GC(2820) Survivor regions: 8->8(116)
[2025-01-07T19:47:31.657+0000][84122.023s][info][gc,heap     ] GC(2820) Old regions: 242->242
[2025-01-07T19:47:31.657+0000][84122.023s][info][gc,heap     ] GC(2820) Archive regions: 2->2
[2025-01-07T19:47:31.657+0000][84122.023s][info][gc,heap     ] GC(2820) Humongous regions: 49->49
[2025-01-07T19:47:31.657+0000][84122.023s][info][gc,metaspace] GC(2820) Metaspace: 498641K(506880K)->498641K(506880K) NonClass: 438074K(442304K)->438074K(442304K) Class: 60566K(64576K)->60566K(64576K)
[2025-01-07T19:47:31.657+0000][84122.023s][info][gc          ] GC(2820) Pause Young (Normal) (G1 Evacuation Pause) 9693M->2386M(12288M) 30.464ms
[2025-01-07T19:47:31.657+0000][84122.023s][info][gc,cpu      ] GC(2820) User=0.18s Sys=0.00s Real=0.03s
[2025-01-07T19:47:37.062+0000][84127.428s][info][gc,start    ] GC(2821) Pause Young (Concurrent Start) (G1 Evacuation Pause)
[2025-01-07T19:47:37.062+0000][84127.428s][info][gc,task     ] GC(2821) Using 6 workers of 6 for evacuation
[2025-01-07T19:47:37.092+0000][84127.458s][info][gc,phases   ] GC(2821)   Pre Evacuate Collection Set: 1.0ms
[2025-01-07T19:47:37.092+0000][84127.458s][info][gc,phases   ] GC(2821)   Merge Heap Roots: 0.5ms
[2025-01-07T19:47:37.092+0000][84127.458s][info][gc,phases   ] GC(2821)   Evacuate Collection Set: 25.8ms
[2025-01-07T19:47:37.092+0000][84127.458s][info][gc,phases   ] GC(2821)   Post Evacuate Collection Set: 2.4ms
[2025-01-07T19:47:37.092+0000][84127.458s][info][gc,phases   ] GC(2821)   Other: 0.3ms
[2025-01-07T19:47:37.092+0000][84127.458s][info][gc,heap     ] GC(2821) Eden regions: 913->0(912)
[2025-01-07T19:47:37.092+0000][84127.458s][info][gc,heap     ] GC(2821) Survivor regions: 8->9(116)
[2025-01-07T19:47:37.092+0000][84127.458s][info][gc,heap     ] GC(2821) Old regions: 242->242
[2025-01-07T19:47:37.092+0000][84127.458s][info][gc,heap     ] GC(2821) Archive regions: 2->2
[2025-01-07T19:47:37.092+0000][84127.458s][info][gc,heap     ] GC(2821) Humongous regions: 49->49
[2025-01-07T19:47:37.092+0000][84127.458s][info][gc,metaspace] GC(2821) Metaspace: 498641K(506880K)->498641K(506880K) NonClass: 438074K(442304K)->438074K(442304K) Class: 60566K(64576K)->60566K(64576K)
[2025-01-07T19:47:37.092+0000][84127.458s][info][gc          ] GC(2821) Pause Young (Concurrent Start) (G1 Evacuation Pause) 9690M->2394M(12288M) 30.079ms
[2025-01-07T19:47:37.092+0000][84127.458s][info][gc,cpu      ] GC(2821) User=0.18s Sys=0.00s Real=0.03s
[2025-01-07T19:47:37.092+0000][84127.458s][info][gc          ] GC(2822) Concurrent Mark Cycle
[2025-01-07T19:47:37.092+0000][84127.459s][info][gc,marking  ] GC(2822) Concurrent Clear Claimed Marks
[2025-01-07T19:47:37.093+0000][84127.459s][info][gc,marking  ] GC(2822) Concurrent Clear Claimed Marks 0.782ms
[2025-01-07T19:47:37.093+0000][84127.459s][info][gc,marking  ] GC(2822) Concurrent Scan Root Regions
[2025-01-07T19:47:37.115+0000][84127.481s][info][gc,marking  ] GC(2822) Concurrent Scan Root Regions 21.885ms
[2025-01-07T19:47:37.115+0000][84127.481s][info][gc,marking  ] GC(2822) Concurrent Mark
[2025-01-07T19:47:37.115+0000][84127.481s][info][gc,marking  ] GC(2822) Concurrent Mark From Roots
[2025-01-07T19:47:37.115+0000][84127.481s][info][gc,task     ] GC(2822) Using 2 workers of 2 for marking
[2025-01-07T19:47:38.081+0000][84128.447s][info][gc,marking  ] GC(2822) Concurrent Mark From Roots 965.722ms
[2025-01-07T19:47:38.081+0000][84128.447s][info][gc,marking  ] GC(2822) Concurrent Preclean
[2025-01-07T19:47:38.083+0000][84128.449s][info][gc,marking  ] GC(2822) Concurrent Preclean 1.836ms
[2025-01-07T19:47:38.083+0000][84128.449s][info][gc,start    ] GC(2822) Pause Remark
[2025-01-07T19:47:38.109+0000][84128.475s][info][gc          ] GC(2822) Pause Remark 3510M->3510M(12288M) 25.806ms
[2025-01-07T19:47:38.109+0000][84128.475s][info][gc,cpu      ] GC(2822) User=0.15s Sys=0.00s Real=0.02s
[2025-01-07T19:47:38.109+0000][84128.475s][info][gc,marking  ] GC(2822) Concurrent Mark 993.715ms
[2025-01-07T19:47:38.109+0000][84128.475s][info][gc,marking  ] GC(2822) Concurrent Rebuild Remembered Sets
[2025-01-07T19:47:38.675+0000][84129.041s][info][gc,marking  ] GC(2822) Concurrent Rebuild Remembered Sets 566.377ms
[2025-01-07T19:47:38.675+0000][84129.041s][info][gc,start    ] GC(2822) Pause Cleanup
[2025-01-07T19:47:38.676+0000][84129.042s][info][gc          ] GC(2822) Pause Cleanup 4214M->4214M(12288M) 0.444ms
[2025-01-07T19:47:38.676+0000][84129.042s][info][gc,cpu      ] GC(2822) User=0.00s Sys=0.00s Real=0.00s
[2025-01-07T19:47:38.676+0000][84129.042s][info][gc,marking  ] GC(2822) Concurrent Cleanup for Next Mark
[2025-01-07T19:47:38.692+0000][84129.058s][info][gc,marking  ] GC(2822) Concurrent Cleanup for Next Mark 15.990ms
[2025-01-07T19:47:38.692+0000][84129.058s][info][gc          ] GC(2822) Concurrent Mark Cycle 1599.598ms
[2025-01-07T19:47:45.365+0000][84135.731s][info][gc,start    ] GC(2823) Pause Young (Prepare Mixed) (G1 Evacuation Pause)
[2025-01-07T19:47:45.365+0000][84135.731s][info][gc,task     ] GC(2823) Using 6 workers of 6 for evacuation
[2025-01-07T19:47:45.400+0000][84135.766s][info][gc,phases   ] GC(2823)   Pre Evacuate Collection Set: 0.2ms
[2025-01-07T19:47:45.400+0000][84135.766s][info][gc,phases   ] GC(2823)   Merge Heap Roots: 0.7ms
[2025-01-07T19:47:45.400+0000][84135.766s][info][gc,phases   ] GC(2823)   Evacuate Collection Set: 31.4ms
[2025-01-07T19:47:45.400+0000][84135.766s][info][gc,phases   ] GC(2823)   Post Evacuate Collection Set: 2.8ms
[2025-01-07T19:47:45.400+0000][84135.766s][info][gc,phases   ] GC(2823)   Other: 0.2ms
[2025-01-07T19:47:45.400+0000][84135.766s][info][gc,heap     ] GC(2823) Eden regions: 912->0(66)
[2025-01-07T19:47:45.400+0000][84135.766s][info][gc,heap     ] GC(2823) Survivor regions: 9->10(116)
[2025-01-07T19:47:45.400+0000][84135.766s][info][gc,heap     ] GC(2823) Old regions: 242->242
[2025-01-07T19:47:45.400+0000][84135.766s][info][gc,heap     ] GC(2823) Archive regions: 2->2
[2025-01-07T19:47:45.400+0000][84135.766s][info][gc,heap     ] GC(2823) Humongous regions: 49->49
[2025-01-07T19:47:45.400+0000][84135.766s][info][gc,metaspace] GC(2823) Metaspace: 498643K(506880K)->498643K(506880K) NonClass: 438076K(442304K)->438076K(442304K) Class: 60566K(64576K)->60566K(64576K)
[2025-01-07T19:47:45.400+0000][84135.766s][info][gc          ] GC(2823) Pause Young (Prepare Mixed) (G1 Evacuation Pause) 9690M->2408M(12288M) 35.451ms
[2025-01-07T19:47:45.400+0000][84135.766s][info][gc,cpu      ] GC(2823) User=0.20s Sys=0.00s Real=0.03s
[2025-01-07T19:47:45.897+0000][84136.263s][info][gc,start    ] GC(2824) Pause Young (Mixed) (G1 Evacuation Pause)
[2025-01-07T19:47:45.897+0000][84136.263s][info][gc,task     ] GC(2824) Using 6 workers of 6 for evacuation
[2025-01-07T19:47:45.960+0000][84136.326s][info][gc,phases   ] GC(2824)   Pre Evacuate Collection Set: 0.2ms
[2025-01-07T19:47:45.960+0000][84136.326s][info][gc,phases   ] GC(2824)   Merge Heap Roots: 0.6ms
[2025-01-07T19:47:45.960+0000][84136.326s][info][gc,phases   ] GC(2824)   Evacuate Collection Set: 59.8ms
[2025-01-07T19:47:45.960+0000][84136.326s][info][gc,phases   ] GC(2824)   Post Evacuate Collection Set: 2.1ms
[2025-01-07T19:47:45.960+0000][84136.326s][info][gc,phases   ] GC(2824)   Other: 0.2ms
[2025-01-07T19:47:45.960+0000][84136.326s][info][gc,heap     ] GC(2824) Eden regions: 66->0(915)
[2025-01-07T19:47:45.960+0000][84136.326s][info][gc,heap     ] GC(2824) Survivor regions: 10->6(10)
[2025-01-07T19:47:45.960+0000][84136.326s][info][gc,heap     ] GC(2824) Old regions: 242->242
[2025-01-07T19:47:45.960+0000][84136.326s][info][gc,heap     ] GC(2824) Archive regions: 2->2
[2025-01-07T19:47:45.960+0000][84136.326s][info][gc,heap     ] GC(2824) Humongous regions: 49->49
[2025-01-07T19:47:45.960+0000][84136.326s][info][gc,metaspace] GC(2824) Metaspace: 498643K(506880K)->498643K(506880K) NonClass: 438076K(442304K)->438076K(442304K) Class: 60566K(64576K)->60566K(64576K)
[2025-01-07T19:47:45.960+0000][84136.326s][info][gc          ] GC(2824) Pause Young (Mixed) (G1 Evacuation Pause) 2936M->2370M(12288M) 62.959ms
[2025-01-07T19:47:45.960+0000][84136.326s][info][gc,cpu      ] GC(2824) User=0.34s Sys=0.00s Real=0.06s
[2025-01-07T19:47:51.961+0000][84142.327s][info][gc,start    ] GC(2825) Pause Young (Normal) (GCLocker Initiated GC)
[2025-01-07T19:47:51.961+0000][84142.327s][info][gc,task     ] GC(2825) Using 6 workers of 6 for evacuation
[2025-01-07T19:47:51.985+0000][84142.351s][info][gc,phases   ] GC(2825)   Pre Evacuate Collection Set: 0.2ms
[2025-01-07T19:47:51.985+0000][84142.351s][info][gc,phases   ] GC(2825)   Merge Heap Roots: 0.5ms
[2025-01-07T19:47:51.985+0000][84142.351s][info][gc,phases   ] GC(2825)   Evacuate Collection Set: 20.3ms
[2025-01-07T19:47:51.985+0000][84142.351s][info][gc,phases   ] GC(2825)   Post Evacuate Collection Set: 2.4ms
[2025-01-07T19:47:51.985+0000][84142.351s][info][gc,phases   ] GC(2825)   Other: 0.2ms
[2025-01-07T19:47:51.985+0000][84142.351s][info][gc,heap     ] GC(2825) Eden regions: 915->0(915)
[2025-01-07T19:47:51.985+0000][84142.351s][info][gc,heap     ] GC(2825) Survivor regions: 6->6(116)
[2025-01-07T19:47:51.985+0000][84142.351s][info][gc,heap     ] GC(2825) Old regions: 242->242
[2025-01-07T19:47:51.985+0000][84142.351s][info][gc,heap     ] GC(2825) Archive regions: 2->2
[2025-01-07T19:47:51.985+0000][84142.351s][info][gc,heap     ] GC(2825) Humongous regions: 49->49
[2025-01-07T19:47:51.985+0000][84142.351s][info][gc,metaspace] GC(2825) Metaspace: 498643K(506880K)->498643K(506880K) NonClass: 438076K(442304K)->438076K(442304K) Class: 60566K(64576K)->60566K(64576K)
[2025-01-07T19:47:51.985+0000][84142.351s][info][gc          ] GC(2825) Pause Young (Normal) (GCLocker Initiated GC) 9690M->2376M(12288M) 23.631ms
[2025-01-07T19:47:51.985+0000][84142.351s][info][gc,cpu      ] GC(2825) User=0.14s Sys=0.00s Real=0.03s
[2025-01-07T19:47:59.684+0000][84150.050s][info][gc,start    ] GC(2826) Pause Young (Normal) (G1 Evacuation Pause)
[2025-01-07T19:47:59.684+0000][84150.050s][info][gc,task     ] GC(2826) Using 6 workers of 6 for evacuation
[2025-01-07T19:47:59.711+0000][84150.077s][info][gc,phases   ] GC(2826)   Pre Evacuate Collection Set: 0.2ms
[2025-01-07T19:47:59.711+0000][84150.077s][info][gc,phases   ] GC(2826)   Merge Heap Roots: 0.4ms
[2025-01-07T19:47:59.711+0000][84150.077s][info][gc,phases   ] GC(2826)   Evacuate Collection Set: 23.1ms
[2025-01-07T19:47:59.711+0000][84150.077s][info][gc,phases   ] GC(2826)   Post Evacuate Collection Set: 3.9ms
[2025-01-07T19:47:59.711+0000][84150.078s][info][gc,phases   ] GC(2826)   Other: 0.2ms
[2025-01-07T19:47:59.711+0000][84150.078s][info][gc,heap     ] GC(2826) Eden regions: 915->0(913)
[2025-01-07T19:47:59.711+0000][84150.078s][info][gc,heap     ] GC(2826) Survivor regions: 6->8(116)
[2025-01-07T19:47:59.711+0000][84150.078s][info][gc,heap     ] GC(2826) Old regions: 242->242
[2025-01-07T19:47:59.711+0000][84150.078s][info][gc,heap     ] GC(2826) Archive regions: 2->2
[2025-01-07T19:47:59.711+0000][84150.078s][info][gc,heap     ] GC(2826) Humongous regions: 49->49
[2025-01-07T19:47:59.711+0000][84150.078s][info][gc,metaspace] GC(2826) Metaspace: 498643K(506880K)->498643K(506880K) NonClass: 438076K(442304K)->438076K(442304K) Class: 60566K(64576K)->60566K(64576K)
[2025-01-07T19:47:59.711+0000][84150.078s][info][gc          ] GC(2826) Pause Young (Normal) (G1 Evacuation Pause) 9696M->2392M(12288M) 27.892ms
[2025-01-07T19:47:59.711+0000][84150.078s][info][gc,cpu      ] GC(2826) User=0.16s Sys=0.00s Real=0.03s
[2025-01-07T19:48:10.521+0000][84160.887s][info][gc,start    ] GC(2827) Pause Young (Concurrent Start) (G1 Evacuation Pause)
[2025-01-07T19:48:10.521+0000][84160.887s][info][gc,task     ] GC(2827) Using 6 workers of 6 for evacuation
[2025-01-07T19:48:10.555+0000][84160.921s][info][gc,phases   ] GC(2827)   Pre Evacuate Collection Set: 1.0ms
[2025-01-07T19:48:10.555+0000][84160.921s][info][gc,phases   ] GC(2827)   Merge Heap Roots: 0.5ms
[2025-01-07T19:48:10.555+0000][84160.921s][info][gc,phases   ] GC(2827)   Evacuate Collection Set: 27.8ms
[2025-01-07T19:48:10.555+0000][84160.921s][info][gc,phases   ] GC(2827)   Post Evacuate Collection Set: 4.0ms
[2025-01-07T19:48:10.555+0000][84160.921s][info][gc,phases   ] GC(2827)   Other: 0.3ms
[2025-01-07T19:48:10.555+0000][84160.921s][info][gc,heap     ] GC(2827) Eden regions: 913->0(911)
[2025-01-07T19:48:10.555+0000][84160.921s][info][gc,heap     ] GC(2827) Survivor regions: 8->10(116)
[2025-01-07T19:48:10.555+0000][84160.921s][info][gc,heap     ] GC(2827) Old regions: 242->242
[2025-01-07T19:48:10.555+0000][84160.921s][info][gc,heap     ] GC(2827) Archive regions: 2->2
[2025-01-07T19:48:10.555+0000][84160.921s][info][gc,heap     ] GC(2827) Humongous regions: 49->49
[2025-01-07T19:48:10.555+0000][84160.921s][info][gc,metaspace] GC(2827) Metaspace: 498643K(506880K)->498643K(506880K) NonClass: 438076K(442304K)->438076K(442304K) Class: 60566K(64576K)->60566K(64576K)
[2025-01-07T19:48:10.555+0000][84160.921s][info][gc          ] GC(2827) Pause Young (Concurrent Start) (G1 Evacuation Pause) 9696M->2401M(12288M) 33.714ms
[2025-01-07T19:48:10.555+0000][84160.921s][info][gc,cpu      ] GC(2827) User=0.19s Sys=0.00s Real=0.04s
[2025-01-07T19:48:10.555+0000][84160.921s][info][gc          ] GC(2828) Concurrent Mark Cycle
[2025-01-07T19:48:10.555+0000][84160.921s][info][gc,marking  ] GC(2828) Concurrent Clear Claimed Marks
[2025-01-07T19:48:10.556+0000][84160.922s][info][gc,marking  ] GC(2828) Concurrent Clear Claimed Marks 0.817ms
[2025-01-07T19:48:10.556+0000][84160.922s][info][gc,marking  ] GC(2828) Concurrent Scan Root Regions
[2025-01-07T19:48:10.583+0000][84160.949s][info][gc,marking  ] GC(2828) Concurrent Scan Root Regions 26.808ms
[2025-01-07T19:48:10.583+0000][84160.949s][info][gc,marking  ] GC(2828) Concurrent Mark
[2025-01-07T19:48:10.583+0000][84160.949s][info][gc,marking  ] GC(2828) Concurrent Mark From Roots
[2025-01-07T19:48:10.583+0000][84160.949s][info][gc,task     ] GC(2828) Using 2 workers of 2 for marking
[2025-01-07T19:48:11.368+0000][84161.734s][info][gc,marking  ] GC(2828) Concurrent Mark From Roots 785.080ms
[2025-01-07T19:48:11.368+0000][84161.734s][info][gc,marking  ] GC(2828) Concurrent Preclean
[2025-01-07T19:48:11.370+0000][84161.736s][info][gc,marking  ] GC(2828) Concurrent Preclean 2.114ms
[2025-01-07T19:48:11.370+0000][84161.736s][info][gc,start    ] GC(2828) Pause Remark
[2025-01-07T19:48:11.400+0000][84161.766s][info][gc          ] GC(2828) Pause Remark 3098M->3098M(12288M) 29.572ms
[2025-01-07T19:48:11.400+0000][84161.766s][info][gc,cpu      ] GC(2828) User=0.16s Sys=0.00s Real=0.02s
[2025-01-07T19:48:11.400+0000][84161.766s][info][gc,marking  ] GC(2828) Concurrent Mark 817.238ms
[2025-01-07T19:48:11.400+0000][84161.766s][info][gc,marking  ] GC(2828) Concurrent Rebuild Remembered Sets
[2025-01-07T19:48:12.041+0000][84162.407s][info][gc,marking  ] GC(2828) Concurrent Rebuild Remembered Sets 640.658ms
[2025-01-07T19:48:12.041+0000][84162.407s][info][gc,start    ] GC(2828) Pause Cleanup
[2025-01-07T19:48:12.041+0000][84162.407s][info][gc          ] GC(2828) Pause Cleanup 3897M->3897M(12288M) 0.462ms
[2025-01-07T19:48:12.041+0000][84162.407s][info][gc,cpu      ] GC(2828) User=0.00s Sys=0.00s Real=0.00s
[2025-01-07T19:48:12.041+0000][84162.407s][info][gc,marking  ] GC(2828) Concurrent Cleanup for Next Mark
[2025-01-07T19:48:12.069+0000][84162.436s][info][gc,marking  ] GC(2828) Concurrent Cleanup for Next Mark 28.113ms
[2025-01-07T19:48:12.069+0000][84162.436s][info][gc          ] GC(2828) Concurrent Mark Cycle 1514.521ms
[2025-01-07T19:48:19.608+0000][84169.974s][info][gc,start    ] GC(2829) Pause Young (Prepare Mixed) (G1 Evacuation Pause)
[2025-01-07T19:48:19.608+0000][84169.974s][info][gc,task     ] GC(2829) Using 6 workers of 6 for evacuation
[2025-01-07T19:48:19.645+0000][84170.011s][info][gc,phases   ] GC(2829)   Pre Evacuate Collection Set: 0.2ms
[2025-01-07T19:48:19.645+0000][84170.011s][info][gc,phases   ] GC(2829)   Merge Heap Roots: 0.7ms
[2025-01-07T19:48:19.645+0000][84170.011s][info][gc,phases   ] GC(2829)   Evacuate Collection Set: 32.5ms
[2025-01-07T19:48:19.645+0000][84170.011s][info][gc,phases   ] GC(2829)   Post Evacuate Collection Set: 4.1ms
[2025-01-07T19:48:19.645+0000][84170.011s][info][gc,phases   ] GC(2829)   Other: 0.2ms
[2025-01-07T19:48:19.645+0000][84170.011s][info][gc,heap     ] GC(2829) Eden regions: 911->0(64)
[2025-01-07T19:48:19.645+0000][84170.011s][info][gc,heap     ] GC(2829) Survivor regions: 10->12(116)
[2025-01-07T19:48:19.645+0000][84170.011s][info][gc,heap     ] GC(2829) Old regions: 242->242
[2025-01-07T19:48:19.645+0000][84170.011s][info][gc,heap     ] GC(2829) Archive regions: 2->2
[2025-01-07T19:48:19.645+0000][84170.011s][info][gc,heap     ] GC(2829) Humongous regions: 49->49
[2025-01-07T19:48:19.645+0000][84170.011s][info][gc,metaspace] GC(2829) Metaspace: 498643K(506880K)->498643K(506880K) NonClass: 438076K(442304K)->438076K(442304K) Class: 60566K(64576K)->60566K(64576K)
[2025-01-07T19:48:19.645+0000][84170.011s][info][gc          ] GC(2829) Pause Young (Prepare Mixed) (G1 Evacuation Pause) 9689M->2418M(12288M) 37.718ms
[2025-01-07T19:48:19.645+0000][84170.011s][info][gc,cpu      ] GC(2829) User=0.22s Sys=0.00s Real=0.04s
[2025-01-07T19:48:20.157+0000][84170.523s][info][gc,start    ] GC(2830) Pause Young (Mixed) (G1 Evacuation Pause)
[2025-01-07T19:48:20.157+0000][84170.523s][info][gc,task     ] GC(2830) Using 6 workers of 6 for evacuation
[2025-01-07T19:48:20.220+0000][84170.586s][info][gc,phases   ] GC(2830)   Pre Evacuate Collection Set: 0.2ms
[2025-01-07T19:48:20.220+0000][84170.586s][info][gc,phases   ] GC(2830)   Merge Heap Roots: 0.7ms
[2025-01-07T19:48:20.220+0000][84170.586s][info][gc,phases   ] GC(2830)   Evacuate Collection Set: 60.8ms
[2025-01-07T19:48:20.220+0000][84170.586s][info][gc,phases   ] GC(2830)   Post Evacuate Collection Set: 1.5ms
[2025-01-07T19:48:20.220+0000][84170.586s][info][gc,phases   ] GC(2830)   Other: 0.2ms
[2025-01-07T19:48:20.220+0000][84170.586s][info][gc,heap     ] GC(2830) Eden regions: 64->0(918)
[2025-01-07T19:48:20.220+0000][84170.586s][info][gc,heap     ] GC(2830) Survivor regions: 12->3(10)
[2025-01-07T19:48:20.220+0000][84170.586s][info][gc,heap     ] GC(2830) Old regions: 242->244
[2025-01-07T19:48:20.220+0000][84170.586s][info][gc,heap     ] GC(2830) Archive regions: 2->2
[2025-01-07T19:48:20.220+0000][84170.586s][info][gc,heap     ] GC(2830) Humongous regions: 49->49
[2025-01-07T19:48:20.220+0000][84170.586s][info][gc,metaspace] GC(2830) Metaspace: 498643K(506880K)->498643K(506880K) NonClass: 438076K(442304K)->438076K(442304K) Class: 60566K(64576K)->60566K(64576K)
[2025-01-07T19:48:20.220+0000][84170.586s][info][gc          ] GC(2830) Pause Young (Mixed) (G1 Evacuation Pause) 2930M->2374M(12288M) 63.426ms
[2025-01-07T19:48:20.220+0000][84170.586s][info][gc,cpu      ] GC(2830) User=0.36s Sys=0.00s Real=0.06s
[2025-01-07T19:48:28.068+0000][84178.434s][info][gc,start    ] GC(2831) Pause Young (Normal) (G1 Evacuation Pause)
[2025-01-07T19:48:28.068+0000][84178.434s][info][gc,task     ] GC(2831) Using 6 workers of 6 for evacuation
[2025-01-07T19:48:28.090+0000][84178.456s][info][gc,phases   ] GC(2831)   Pre Evacuate Collection Set: 0.2ms
[2025-01-07T19:48:28.090+0000][84178.456s][info][gc,phases   ] GC(2831)   Merge Heap Roots: 0.4ms
[2025-01-07T19:48:28.090+0000][84178.456s][info][gc,phases   ] GC(2831)   Evacuate Collection Set: 18.3ms
[2025-01-07T19:48:28.090+0000][84178.456s][info][gc,phases   ] GC(2831)   Post Evacuate Collection Set: 2.5ms
[2025-01-07T19:48:28.090+0000][84178.456s][info][gc,phases   ] GC(2831)   Other: 0.2ms
[2025-01-07T19:48:28.090+0000][84178.456s][info][gc,heap     ] GC(2831) Eden regions: 918->0(915)
[2025-01-07T19:48:28.090+0000][84178.456s][info][gc,heap     ] GC(2831) Survivor regions: 3->5(116)
[2025-01-07T19:48:28.090+0000][84178.456s][info][gc,heap     ] GC(2831) Old regions: 244->244
[2025-01-07T19:48:28.090+0000][84178.456s][info][gc,heap     ] GC(2831) Archive regions: 2->2
[2025-01-07T19:48:28.090+0000][84178.456s][info][gc,heap     ] GC(2831) Humongous regions: 49->49
[2025-01-07T19:48:28.090+0000][84178.456s][info][gc,metaspace] GC(2831) Metaspace: 498643K(506880K)->498643K(506880K) NonClass: 438076K(442304K)->438076K(442304K) Class: 60566K(64576K)->60566K(64576K)
[2025-01-07T19:48:28.090+0000][84178.456s][info][gc          ] GC(2831) Pause Young (Normal) (G1 Evacuation Pause) 9718M->2388M(12288M) 21.729ms
[2025-01-07T19:48:28.090+0000][84178.456s][info][gc,cpu      ] GC(2831) User=0.12s Sys=0.00s Real=0.03s
[2025-01-07T19:48:35.128+0000][84185.494s][info][gc,start    ] GC(2832) Pause Young (Normal) (G1 Evacuation Pause)
[2025-01-07T19:48:35.128+0000][84185.494s][info][gc,task     ] GC(2832) Using 6 workers of 6 for evacuation
[2025-01-07T19:48:35.152+0000][84185.519s][info][gc,phases   ] GC(2832)   Pre Evacuate Collection Set: 0.2ms
[2025-01-07T19:48:35.153+0000][84185.519s][info][gc,phases   ] GC(2832)   Merge Heap Roots: 0.4ms
[2025-01-07T19:48:35.153+0000][84185.519s][info][gc,phases   ] GC(2832)   Evacuate Collection Set: 21.7ms
[2025-01-07T19:48:35.153+0000][84185.519s][info][gc,phases   ] GC(2832)   Post Evacuate Collection Set: 2.5ms
[2025-01-07T19:48:35.153+0000][84185.519s][info][gc,phases   ] GC(2832)   Other: 0.2ms
[2025-01-07T19:48:35.153+0000][84185.519s][info][gc,heap     ] GC(2832) Eden regions: 915->0(914)
[2025-01-07T19:48:35.153+0000][84185.519s][info][gc,heap     ] GC(2832) Survivor regions: 5->6(115)
[2025-01-07T19:48:35.153+0000][84185.519s][info][gc,heap     ] GC(2832) Old regions: 244->244
[2025-01-07T19:48:35.153+0000][84185.519s][info][gc,heap     ] GC(2832) Archive regions: 2->2
[2025-01-07T19:48:35.153+0000][84185.519s][info][gc,heap     ] GC(2832) Humongous regions: 49->49
[2025-01-07T19:48:35.153+0000][84185.519s][info][gc,metaspace] GC(2832) Metaspace: 498643K(506880K)->498643K(506880K) NonClass: 438076K(442304K)->438076K(442304K) Class: 60566K(64576K)->60566K(64576K)
[2025-01-07T19:48:35.153+0000][84185.519s][info][gc          ] GC(2832) Pause Young (Normal) (G1 Evacuation Pause) 9708M->2398M(12288M) 25.018ms
[2025-01-07T19:48:35.153+0000][84185.519s][info][gc,cpu      ] GC(2832) User=0.15s Sys=0.00s Real=0.03s
[2025-01-07T19:48:42.797+0000][84193.163s][info][gc,start    ] GC(2833) Pause Young (Concurrent Start) (G1 Evacuation Pause)
[2025-01-07T19:48:42.797+0000][84193.163s][info][gc,task     ] GC(2833) Using 6 workers of 6 for evacuation
[2025-01-07T19:48:42.826+0000][84193.192s][info][gc,phases   ] GC(2833)   Pre Evacuate Collection Set: 1.0ms
[2025-01-07T19:48:42.826+0000][84193.192s][info][gc,phases   ] GC(2833)   Merge Heap Roots: 0.5ms
[2025-01-07T19:48:42.826+0000][84193.192s][info][gc,phases   ] GC(2833)   Evacuate Collection Set: 24.7ms
[2025-01-07T19:48:42.826+0000][84193.192s][info][gc,phases   ] GC(2833)   Post Evacuate Collection Set: 2.6ms
[2025-01-07T19:48:42.826+0000][84193.192s][info][gc,phases   ] GC(2833)   Other: 0.3ms
[2025-01-07T19:48:42.826+0000][84193.192s][info][gc,heap     ] GC(2833) Eden regions: 914->0(912)
[2025-01-07T19:48:42.826+0000][84193.192s][info][gc,heap     ] GC(2833) Survivor regions: 6->8(115)
[2025-01-07T19:48:42.826+0000][84193.192s][info][gc,heap     ] GC(2833) Old regions: 244->244
[2025-01-07T19:48:42.826+0000][84193.192s][info][gc,heap     ] GC(2833) Archive regions: 2->2
[2025-01-07T19:48:42.826+0000][84193.192s][info][gc,heap     ] GC(2833) Humongous regions: 49->49
[2025-01-07T19:48:42.826+0000][84193.192s][info][gc,metaspace] GC(2833) Metaspace: 498643K(506880K)->498643K(506880K) NonClass: 438076K(442304K)->438076K(442304K) Class: 60566K(64576K)->60566K(64576K)
[2025-01-07T19:48:42.826+0000][84193.192s][info][gc          ] GC(2833) Pause Young (Concurrent Start) (G1 Evacuation Pause) 9710M->2409M(12288M) 29.092ms
[2025-01-07T19:48:42.826+0000][84193.192s][info][gc,cpu      ] GC(2833) User=0.16s Sys=0.00s Real=0.03s
[2025-01-07T19:48:42.826+0000][84193.192s][info][gc          ] GC(2834) Concurrent Mark Cycle
[2025-01-07T19:48:42.826+0000][84193.192s][info][gc,marking  ] GC(2834) Concurrent Clear Claimed Marks
[2025-01-07T19:48:42.827+0000][84193.193s][info][gc,marking  ] GC(2834) Concurrent Clear Claimed Marks 0.788ms
[2025-01-07T19:48:42.827+0000][84193.193s][info][gc,marking  ] GC(2834) Concurrent Scan Root Regions
[2025-01-07T19:48:42.844+0000][84193.210s][info][gc,marking  ] GC(2834) Concurrent Scan Root Regions 17.441ms
[2025-01-07T19:48:42.844+0000][84193.210s][info][gc,marking  ] GC(2834) Concurrent Mark
[2025-01-07T19:48:42.844+0000][84193.210s][info][gc,marking  ] GC(2834) Concurrent Mark From Roots
[2025-01-07T19:48:42.844+0000][84193.210s][info][gc,task     ] GC(2834) Using 2 workers of 2 for marking
[2025-01-07T19:48:43.669+0000][84194.035s][info][gc,marking  ] GC(2834) Concurrent Mark From Roots 824.751ms
[2025-01-07T19:48:43.669+0000][84194.035s][info][gc,marking  ] GC(2834) Concurrent Preclean
[2025-01-07T19:48:43.671+0000][84194.037s][info][gc,marking  ] GC(2834) Concurrent Preclean 1.873ms
[2025-01-07T19:48:43.671+0000][84194.037s][info][gc,start    ] GC(2834) Pause Remark
[2025-01-07T19:48:43.696+0000][84194.062s][info][gc          ] GC(2834) Pause Remark 3241M->3241M(12288M) 25.031ms
[2025-01-07T19:48:43.696+0000][84194.062s][info][gc,cpu      ] GC(2834) User=0.15s Sys=0.01s Real=0.02s
[2025-01-07T19:48:43.696+0000][84194.062s][info][gc,marking  ] GC(2834) Concurrent Mark 851.987ms
[2025-01-07T19:48:43.696+0000][84194.062s][info][gc,marking  ] GC(2834) Concurrent Rebuild Remembered Sets
[2025-01-07T19:48:44.204+0000][84194.570s][info][gc,marking  ] GC(2834) Concurrent Rebuild Remembered Sets 507.441ms
[2025-01-07T19:48:44.204+0000][84194.570s][info][gc,start    ] GC(2834) Pause Cleanup
[2025-01-07T19:48:44.204+0000][84194.570s][info][gc          ] GC(2834) Pause Cleanup 3734M->3734M(12288M) 0.387ms
[2025-01-07T19:48:44.204+0000][84194.570s][info][gc,cpu      ] GC(2834) User=0.00s Sys=0.00s Real=0.00s
[2025-01-07T19:48:44.204+0000][84194.570s][info][gc,marking  ] GC(2834) Concurrent Cleanup for Next Mark
[2025-01-07T19:48:44.220+0000][84194.586s][info][gc,marking  ] GC(2834) Concurrent Cleanup for Next Mark 15.996ms
[2025-01-07T19:48:44.220+0000][84194.586s][info][gc          ] GC(2834) Concurrent Mark Cycle 1394.421ms
[2025-01-07T19:48:52.081+0000][84202.447s][info][gc,start    ] GC(2835) Pause Young (Prepare Mixed) (G1 Evacuation Pause)
[2025-01-07T19:48:52.081+0000][84202.447s][info][gc,task     ] GC(2835) Using 6 workers of 6 for evacuation
[2025-01-07T19:48:52.115+0000][84202.481s][info][gc,phases   ] GC(2835)   Pre Evacuate Collection Set: 0.2ms
[2025-01-07T19:48:52.115+0000][84202.481s][info][gc,phases   ] GC(2835)   Merge Heap Roots: 0.7ms
[2025-01-07T19:48:52.115+0000][84202.481s][info][gc,phases   ] GC(2835)   Evacuate Collection Set: 29.9ms
[2025-01-07T19:48:52.115+0000][84202.481s][info][gc,phases   ] GC(2835)   Post Evacuate Collection Set: 2.7ms
[2025-01-07T19:48:52.115+0000][84202.481s][info][gc,phases   ] GC(2835)   Other: 0.2ms
[2025-01-07T19:48:52.115+0000][84202.481s][info][gc,heap     ] GC(2835) Eden regions: 912->0(66)
[2025-01-07T19:48:52.115+0000][84202.481s][info][gc,heap     ] GC(2835) Survivor regions: 8->10(115)
[2025-01-07T19:48:52.115+0000][84202.481s][info][gc,heap     ] GC(2835) Old regions: 244->244
[2025-01-07T19:48:52.115+0000][84202.481s][info][gc,heap     ] GC(2835) Archive regions: 2->2
[2025-01-07T19:48:52.115+0000][84202.481s][info][gc,heap     ] GC(2835) Humongous regions: 49->49
[2025-01-07T19:48:52.115+0000][84202.481s][info][gc,metaspace] GC(2835) Metaspace: 498643K(506880K)->498643K(506880K) NonClass: 438076K(442304K)->438076K(442304K) Class: 60566K(64576K)->60566K(64576K)
[2025-01-07T19:48:52.115+0000][84202.481s][info][gc          ] GC(2835) Pause Young (Prepare Mixed) (G1 Evacuation Pause) 9705M->2424M(12288M) 33.806ms
[2025-01-07T19:48:52.115+0000][84202.481s][info][gc,cpu      ] GC(2835) User=0.19s Sys=0.01s Real=0.04s
[2025-01-07T19:48:52.580+0000][84202.947s][info][gc,start    ] GC(2836) Pause Young (Mixed) (G1 Evacuation Pause)
[2025-01-07T19:48:52.580+0000][84202.947s][info][gc,task     ] GC(2836) Using 6 workers of 6 for evacuation
[2025-01-07T19:48:52.652+0000][84203.018s][info][gc,phases   ] GC(2836)   Pre Evacuate Collection Set: 0.2ms
[2025-01-07T19:48:52.652+0000][84203.018s][info][gc,phases   ] GC(2836)   Merge Heap Roots: 0.8ms
[2025-01-07T19:48:52.652+0000][84203.018s][info][gc,phases   ] GC(2836)   Evacuate Collection Set: 68.1ms
[2025-01-07T19:48:52.652+0000][84203.018s][info][gc,phases   ] GC(2836)   Post Evacuate Collection Set: 2.5ms
[2025-01-07T19:48:52.652+0000][84203.018s][info][gc,phases   ] GC(2836)   Other: 0.2ms
[2025-01-07T19:48:52.652+0000][84203.018s][info][gc,heap     ] GC(2836) Eden regions: 66->0(914)
[2025-01-07T19:48:52.652+0000][84203.018s][info][gc,heap     ] GC(2836) Survivor regions: 10->6(10)
[2025-01-07T19:48:52.652+0000][84203.018s][info][gc,heap     ] GC(2836) Old regions: 244->243
[2025-01-07T19:48:52.652+0000][84203.018s][info][gc,heap     ] GC(2836) Archive regions: 2->2
[2025-01-07T19:48:52.652+0000][84203.018s][info][gc,heap     ] GC(2836) Humongous regions: 49->49
[2025-01-07T19:48:52.652+0000][84203.018s][info][gc,metaspace] GC(2836) Metaspace: 498643K(506880K)->498643K(506880K) NonClass: 438076K(442304K)->438076K(442304K) Class: 60566K(64576K)->60566K(64576K)
[2025-01-07T19:48:52.652+0000][84203.018s][info][gc          ] GC(2836) Pause Young (Mixed) (G1 Evacuation Pause) 2952M->2386M(12288M) 71.808ms
[2025-01-07T19:48:52.652+0000][84203.018s][info][gc,cpu      ] GC(2836) User=0.41s Sys=0.01s Real=0.08s
[2025-01-07T19:49:04.377+0000][84214.743s][info][gc,start    ] GC(2837) Pause Young (Normal) (G1 Evacuation Pause)
[2025-01-07T19:49:04.377+0000][84214.743s][info][gc,task     ] GC(2837) Using 6 workers of 6 for evacuation
[2025-01-07T19:49:04.410+0000][84214.776s][info][gc,phases   ] GC(2837)   Pre Evacuate Collection Set: 0.2ms
[2025-01-07T19:49:04.410+0000][84214.776s][info][gc,phases   ] GC(2837)   Merge Heap Roots: 0.5ms
[2025-01-07T19:49:04.410+0000][84214.776s][info][gc,phases   ] GC(2837)   Evacuate Collection Set: 26.7ms
[2025-01-07T19:49:04.410+0000][84214.776s][info][gc,phases   ] GC(2837)   Post Evacuate Collection Set: 5.4ms
[2025-01-07T19:49:04.410+0000][84214.776s][info][gc,phases   ] GC(2837)   Other: 0.2ms
[2025-01-07T19:49:04.410+0000][84214.776s][info][gc,heap     ] GC(2837) Eden regions: 914->0(909)
[2025-01-07T19:49:04.410+0000][84214.776s][info][gc,heap     ] GC(2837) Survivor regions: 6->9(115)
[2025-01-07T19:49:04.410+0000][84214.776s][info][gc,heap     ] GC(2837) Old regions: 243->243
[2025-01-07T19:49:04.410+0000][84214.776s][info][gc,heap     ] GC(2837) Archive regions: 2->2
[2025-01-07T19:49:04.410+0000][84214.776s][info][gc,heap     ] GC(2837) Humongous regions: 49->49
[2025-01-07T19:49:04.410+0000][84214.776s][info][gc,metaspace] GC(2837) Metaspace: 498643K(506880K)->498643K(506880K) NonClass: 438076K(442304K)->438076K(442304K) Class: 60566K(64576K)->60566K(64576K)
[2025-01-07T19:49:04.410+0000][84214.776s][info][gc          ] GC(2837) Pause Young (Normal) (G1 Evacuation Pause) 9698M->2414M(12288M) 33.065ms
[2025-01-07T19:49:04.410+0000][84214.776s][info][gc,cpu      ] GC(2837) User=0.19s Sys=0.00s Real=0.04s
[2025-01-07T19:49:11.667+0000][84222.033s][info][gc,start    ] GC(2838) Pause Young (Normal) (G1 Evacuation Pause)
[2025-01-07T19:49:11.667+0000][84222.033s][info][gc,task     ] GC(2838) Using 6 workers of 6 for evacuation
[2025-01-07T19:49:11.700+0000][84222.066s][info][gc,phases   ] GC(2838)   Pre Evacuate Collection Set: 0.2ms
[2025-01-07T19:49:11.700+0000][84222.066s][info][gc,phases   ] GC(2838)   Merge Heap Roots: 0.5ms
[2025-01-07T19:49:11.700+0000][84222.066s][info][gc,phases   ] GC(2838)   Evacuate Collection Set: 28.1ms
[2025-01-07T19:49:11.700+0000][84222.066s][info][gc,phases   ] GC(2838)   Post Evacuate Collection Set: 4.3ms
[2025-01-07T19:49:11.700+0000][84222.066s][info][gc,phases   ] GC(2838)   Other: 0.2ms
[2025-01-07T19:49:11.700+0000][84222.066s][info][gc,heap     ] GC(2838) Eden regions: 909->0(909)
[2025-01-07T19:49:11.700+0000][84222.066s][info][gc,heap     ] GC(2838) Survivor regions: 9->9(115)
[2025-01-07T19:49:11.700+0000][84222.066s][info][gc,heap     ] GC(2838) Old regions: 243->243
[2025-01-07T19:49:11.700+0000][84222.066s][info][gc,heap     ] GC(2838) Archive regions: 2->2
[2025-01-07T19:49:11.700+0000][84222.066s][info][gc,heap     ] GC(2838) Humongous regions: 49->49
[2025-01-07T19:49:11.700+0000][84222.066s][info][gc,metaspace] GC(2838) Metaspace: 498643K(506880K)->498643K(506880K) NonClass: 438076K(442304K)->438076K(442304K) Class: 60566K(64576K)->60566K(64576K)
[2025-01-07T19:49:11.700+0000][84222.066s][info][gc          ] GC(2838) Pause Young (Normal) (G1 Evacuation Pause) 9686M->2412M(12288M) 33.365ms
[2025-01-07T19:49:11.700+0000][84222.066s][info][gc,cpu      ] GC(2838) User=0.19s Sys=0.01s Real=0.03s
[2025-01-07T19:49:17.125+0000][84227.491s][info][gc,start    ] GC(2839) Pause Young (Concurrent Start) (G1 Evacuation Pause)
[2025-01-07T19:49:17.125+0000][84227.491s][info][gc,task     ] GC(2839) Using 6 workers of 6 for evacuation
[2025-01-07T19:49:17.156+0000][84227.522s][info][gc,phases   ] GC(2839)   Pre Evacuate Collection Set: 1.0ms
[2025-01-07T19:49:17.156+0000][84227.522s][info][gc,phases   ] GC(2839)   Merge Heap Roots: 0.5ms
[2025-01-07T19:49:17.156+0000][84227.522s][info][gc,phases   ] GC(2839)   Evacuate Collection Set: 26.4ms
[2025-01-07T19:49:17.156+0000][84227.522s][info][gc,phases   ] GC(2839)   Post Evacuate Collection Set: 2.5ms
[2025-01-07T19:49:17.156+0000][84227.522s][info][gc,phases   ] GC(2839)   Other: 0.3ms
[2025-01-07T19:49:17.156+0000][84227.522s][info][gc,heap     ] GC(2839) Eden regions: 909->0(912)
[2025-01-07T19:49:17.156+0000][84227.522s][info][gc,heap     ] GC(2839) Survivor regions: 9->9(115)
[2025-01-07T19:49:17.156+0000][84227.522s][info][gc,heap     ] GC(2839) Old regions: 243->243
[2025-01-07T19:49:17.156+0000][84227.522s][info][gc,heap     ] GC(2839) Archive regions: 2->2
[2025-01-07T19:49:17.156+0000][84227.522s][info][gc,heap     ] GC(2839) Humongous regions: 49->49
[2025-01-07T19:49:17.156+0000][84227.522s][info][gc,metaspace] GC(2839) Metaspace: 498643K(506880K)->498643K(506880K) NonClass: 438076K(442304K)->438076K(442304K) Class: 60566K(64576K)->60566K(64576K)
[2025-01-07T19:49:17.156+0000][84227.522s][info][gc          ] GC(2839) Pause Young (Concurrent Start) (G1 Evacuation Pause) 9684M->2414M(12288M) 30.774ms
[2025-01-07T19:49:17.156+0000][84227.522s][info][gc,cpu      ] GC(2839) User=0.17s Sys=0.00s Real=0.03s
[2025-01-07T19:49:17.156+0000][84227.522s][info][gc          ] GC(2840) Concurrent Mark Cycle
[2025-01-07T19:49:17.156+0000][84227.522s][info][gc,marking  ] GC(2840) Concurrent Clear Claimed Marks
[2025-01-07T19:49:17.157+0000][84227.523s][info][gc,marking  ] GC(2840) Concurrent Clear Claimed Marks 0.793ms
[2025-01-07T19:49:17.157+0000][84227.523s][info][gc,marking  ] GC(2840) Concurrent Scan Root Regions
[2025-01-07T19:49:17.177+0000][84227.543s][info][gc,marking  ] GC(2840) Concurrent Scan Root Regions 19.992ms
[2025-01-07T19:49:17.177+0000][84227.543s][info][gc,marking  ] GC(2840) Concurrent Mark
[2025-01-07T19:49:17.177+0000][84227.543s][info][gc,marking  ] GC(2840) Concurrent Mark From Roots
[2025-01-07T19:49:17.177+0000][84227.543s][info][gc,task     ] GC(2840) Using 2 workers of 2 for marking
[2025-01-07T19:49:18.272+0000][84228.638s][info][gc,marking  ] GC(2840) Concurrent Mark From Roots 1095.244ms
[2025-01-07T19:49:18.272+0000][84228.638s][info][gc,marking  ] GC(2840) Concurrent Preclean
[2025-01-07T19:49:18.275+0000][84228.641s][info][gc,marking  ] GC(2840) Concurrent Preclean 2.630ms
[2025-01-07T19:49:18.275+0000][84228.641s][info][gc,start    ] GC(2840) Pause Remark
[2025-01-07T19:49:18.300+0000][84228.666s][info][gc          ] GC(2840) Pause Remark 4074M->4074M(12288M) 25.151ms
[2025-01-07T19:49:18.300+0000][84228.666s][info][gc,cpu      ] GC(2840) User=0.15s Sys=0.00s Real=0.02s
[2025-01-07T19:49:18.301+0000][84228.667s][info][gc,marking  ] GC(2840) Concurrent Mark 1123.432ms
[2025-01-07T19:49:18.301+0000][84228.667s][info][gc,marking  ] GC(2840) Concurrent Rebuild Remembered Sets
[2025-01-07T19:49:18.808+0000][84229.174s][info][gc,marking  ] GC(2840) Concurrent Rebuild Remembered Sets 507.152ms
[2025-01-07T19:49:18.808+0000][84229.174s][info][gc,start    ] GC(2840) Pause Cleanup
[2025-01-07T19:49:18.808+0000][84229.174s][info][gc          ] GC(2840) Pause Cleanup 4526M->4526M(12288M) 0.407ms
[2025-01-07T19:49:18.808+0000][84229.174s][info][gc,cpu      ] GC(2840) User=0.00s Sys=0.00s Real=0.00s
[2025-01-07T19:49:18.808+0000][84229.174s][info][gc,marking  ] GC(2840) Concurrent Cleanup for Next Mark
[2025-01-07T19:49:18.824+0000][84229.190s][info][gc,marking  ] GC(2840) Concurrent Cleanup for Next Mark 15.928ms
[2025-01-07T19:49:18.824+0000][84229.190s][info][gc          ] GC(2840) Concurrent Mark Cycle 1668.132ms
[2025-01-07T19:49:24.569+0000][84234.935s][info][gc,start    ] GC(2841) Pause Young (Prepare Mixed) (G1 Evacuation Pause)
[2025-01-07T19:49:24.569+0000][84234.935s][info][gc,task     ] GC(2841) Using 6 workers of 6 for evacuation
[2025-01-07T19:49:24.607+0000][84234.973s][info][gc,phases   ] GC(2841)   Pre Evacuate Collection Set: 0.2ms
[2025-01-07T19:49:24.607+0000][84234.973s][info][gc,phases   ] GC(2841)   Merge Heap Roots: 0.8ms
[2025-01-07T19:49:24.607+0000][84234.973s][info][gc,phases   ] GC(2841)   Evacuate Collection Set: 33.9ms
[2025-01-07T19:49:24.607+0000][84234.973s][info][gc,phases   ] GC(2841)   Post Evacuate Collection Set: 2.9ms
[2025-01-07T19:49:24.607+0000][84234.973s][info][gc,phases   ] GC(2841)   Other: 0.2ms
[2025-01-07T19:49:24.607+0000][84234.973s][info][gc,heap     ] GC(2841) Eden regions: 912->0(65)
[2025-01-07T19:49:24.607+0000][84234.973s][info][gc,heap     ] GC(2841) Survivor regions: 9->11(116)
[2025-01-07T19:49:24.607+0000][84234.973s][info][gc,heap     ] GC(2841) Old regions: 243->243
[2025-01-07T19:49:24.607+0000][84234.973s][info][gc,heap     ] GC(2841) Archive regions: 2->2
[2025-01-07T19:49:24.607+0000][84234.973s][info][gc,heap     ] GC(2841) Humongous regions: 49->49
[2025-01-07T19:49:24.607+0000][84234.973s][info][gc,metaspace] GC(2841) Metaspace: 498643K(506880K)->498643K(506880K) NonClass: 438076K(442304K)->438076K(442304K) Class: 60566K(64576K)->60566K(64576K)
[2025-01-07T19:49:24.607+0000][84234.973s][info][gc          ] GC(2841) Pause Young (Prepare Mixed) (G1 Evacuation Pause) 9710M->2424M(12288M) 37.990ms
[2025-01-07T19:49:24.607+0000][84234.973s][info][gc,cpu      ] GC(2841) User=0.23s Sys=0.00s Real=0.04s
[2025-01-07T19:49:25.040+0000][84235.406s][info][gc,start    ] GC(2842) Pause Young (Mixed) (G1 Evacuation Pause)
[2025-01-07T19:49:25.040+0000][84235.406s][info][gc,task     ] GC(2842) Using 6 workers of 6 for evacuation
[2025-01-07T19:49:25.097+0000][84235.463s][info][gc,phases   ] GC(2842)   Pre Evacuate Collection Set: 0.2ms
[2025-01-07T19:49:25.097+0000][84235.463s][info][gc,phases   ] GC(2842)   Merge Heap Roots: 0.6ms
[2025-01-07T19:49:25.097+0000][84235.463s][info][gc,phases   ] GC(2842)   Evacuate Collection Set: 54.6ms
[2025-01-07T19:49:25.097+0000][84235.463s][info][gc,phases   ] GC(2842)   Post Evacuate Collection Set: 1.7ms
[2025-01-07T19:49:25.097+0000][84235.463s][info][gc,phases   ] GC(2842)   Other: 0.2ms
[2025-01-07T19:49:25.097+0000][84235.463s][info][gc,heap     ] GC(2842) Eden regions: 65->0(913)
[2025-01-07T19:49:25.097+0000][84235.463s][info][gc,heap     ] GC(2842) Survivor regions: 11->6(10)
[2025-01-07T19:49:25.097+0000][84235.463s][info][gc,heap     ] GC(2842) Old regions: 243->245
[2025-01-07T19:49:25.097+0000][84235.463s][info][gc,heap     ] GC(2842) Archive regions: 2->2
[2025-01-07T19:49:25.097+0000][84235.463s][info][gc,heap     ] GC(2842) Humongous regions: 49->49
[2025-01-07T19:49:25.097+0000][84235.463s][info][gc,metaspace] GC(2842) Metaspace: 498643K(506880K)->498643K(506880K) NonClass: 438076K(442304K)->438076K(442304K) Class: 60566K(64576K)->60566K(64576K)
[2025-01-07T19:49:25.097+0000][84235.463s][info][gc          ] GC(2842) Pause Young (Mixed) (G1 Evacuation Pause) 2944M->2394M(12288M) 57.351ms
[2025-01-07T19:49:25.097+0000][84235.463s][info][gc,cpu      ] GC(2842) User=0.33s Sys=0.00s Real=0.06s
[2025-01-07T19:49:30.725+0000][84241.091s][info][gc,start    ] GC(2843) Pause Young (Normal) (G1 Evacuation Pause)
[2025-01-07T19:49:30.725+0000][84241.091s][info][gc,task     ] GC(2843) Using 6 workers of 6 for evacuation
[2025-01-07T19:49:30.748+0000][84241.114s][info][gc,phases   ] GC(2843)   Pre Evacuate Collection Set: 0.2ms
[2025-01-07T19:49:30.748+0000][84241.114s][info][gc,phases   ] GC(2843)   Merge Heap Roots: 0.5ms
[2025-01-07T19:49:30.748+0000][84241.114s][info][gc,phases   ] GC(2843)   Evacuate Collection Set: 19.5ms
[2025-01-07T19:49:30.748+0000][84241.114s][info][gc,phases   ] GC(2843)   Post Evacuate Collection Set: 2.3ms
[2025-01-07T19:49:30.748+0000][84241.114s][info][gc,phases   ] GC(2843)   Other: 0.2ms
[2025-01-07T19:49:30.748+0000][84241.114s][info][gc,heap     ] GC(2843) Eden regions: 913->0(915)
[2025-01-07T19:49:30.748+0000][84241.114s][info][gc,heap     ] GC(2843) Survivor regions: 6->5(115)
[2025-01-07T19:49:30.748+0000][84241.114s][info][gc,heap     ] GC(2843) Old regions: 245->245
[2025-01-07T19:49:30.748+0000][84241.114s][info][gc,heap     ] GC(2843) Archive regions: 2->2
[2025-01-07T19:49:30.748+0000][84241.114s][info][gc,heap     ] GC(2843) Humongous regions: 49->49
[2025-01-07T19:49:30.748+0000][84241.114s][info][gc,metaspace] GC(2843) Metaspace: 498643K(506880K)->498643K(506880K) NonClass: 438076K(442304K)->438076K(442304K) Class: 60566K(64576K)->60566K(64576K)
[2025-01-07T19:49:30.748+0000][84241.114s][info][gc          ] GC(2843) Pause Young (Normal) (G1 Evacuation Pause) 9698M->2391M(12288M) 22.756ms
[2025-01-07T19:49:30.748+0000][84241.114s][info][gc,cpu      ] GC(2843) User=0.13s Sys=0.00s Real=0.02s
[2025-01-07T19:49:40.432+0000][84250.798s][info][gc,start    ] GC(2844) Pause Young (Normal) (G1 Evacuation Pause)
[2025-01-07T19:49:40.432+0000][84250.798s][info][gc,task     ] GC(2844) Using 6 workers of 6 for evacuation
[2025-01-07T19:49:40.458+0000][84250.824s][info][gc,phases   ] GC(2844)   Pre Evacuate Collection Set: 0.2ms
[2025-01-07T19:49:40.458+0000][84250.824s][info][gc,phases   ] GC(2844)   Merge Heap Roots: 0.4ms
[2025-01-07T19:49:40.458+0000][84250.824s][info][gc,phases   ] GC(2844)   Evacuate Collection Set: 22.7ms
[2025-01-07T19:49:40.458+0000][84250.824s][info][gc,phases   ] GC(2844)   Post Evacuate Collection Set: 2.6ms
[2025-01-07T19:49:40.458+0000][84250.825s][info][gc,phases   ] GC(2844)   Other: 0.2ms
[2025-01-07T19:49:40.458+0000][84250.825s][info][gc,heap     ] GC(2844) Eden regions: 915->0(915)
[2025-01-07T19:49:40.458+0000][84250.825s][info][gc,heap     ] GC(2844) Survivor regions: 5->6(115)
[2025-01-07T19:49:40.458+0000][84250.825s][info][gc,heap     ] GC(2844) Old regions: 245->245
[2025-01-07T19:49:40.458+0000][84250.825s][info][gc,heap     ] GC(2844) Archive regions: 2->2
[2025-01-07T19:49:40.458+0000][84250.825s][info][gc,heap     ] GC(2844) Humongous regions: 49->49
[2025-01-07T19:49:40.458+0000][84250.825s][info][gc,metaspace] GC(2844) Metaspace: 498643K(506880K)->498643K(506880K) NonClass: 438076K(442304K)->438076K(442304K) Class: 60566K(64576K)->60566K(64576K)
[2025-01-07T19:49:40.458+0000][84250.825s][info][gc          ] GC(2844) Pause Young (Normal) (G1 Evacuation Pause) 9711M->2400M(12288M) 26.185ms
[2025-01-07T19:49:40.459+0000][84250.825s][info][gc,cpu      ] GC(2844) User=0.15s Sys=0.00s Real=0.02s
[2025-01-07T19:49:49.103+0000][84259.469s][info][gc,start    ] GC(2845) Pause Young (Concurrent Start) (G1 Evacuation Pause)
[2025-01-07T19:49:49.103+0000][84259.469s][info][gc,task     ] GC(2845) Using 6 workers of 6 for evacuation
[2025-01-07T19:49:49.136+0000][84259.503s][info][gc,phases   ] GC(2845)   Pre Evacuate Collection Set: 1.0ms
[2025-01-07T19:49:49.137+0000][84259.503s][info][gc,phases   ] GC(2845)   Merge Heap Roots: 0.5ms
[2025-01-07T19:49:49.137+0000][84259.503s][info][gc,phases   ] GC(2845)   Evacuate Collection Set: 29.1ms
[2025-01-07T19:49:49.137+0000][84259.503s][info][gc,phases   ] GC(2845)   Post Evacuate Collection Set: 2.7ms
[2025-01-07T19:49:49.137+0000][84259.503s][info][gc,phases   ] GC(2845)   Other: 0.3ms
[2025-01-07T19:49:49.137+0000][84259.503s][info][gc,heap     ] GC(2845) Eden regions: 915->0(912)
[2025-01-07T19:49:49.137+0000][84259.503s][info][gc,heap     ] GC(2845) Survivor regions: 6->9(116)
[2025-01-07T19:49:49.137+0000][84259.503s][info][gc,heap     ] GC(2845) Old regions: 245->245
[2025-01-07T19:49:49.137+0000][84259.503s][info][gc,heap     ] GC(2845) Archive regions: 2->2
[2025-01-07T19:49:49.137+0000][84259.503s][info][gc,heap     ] GC(2845) Humongous regions: 49->49
[2025-01-07T19:49:49.137+0000][84259.503s][info][gc,metaspace] GC(2845) Metaspace: 498643K(506880K)->498643K(506880K) NonClass: 438076K(442304K)->438076K(442304K) Class: 60566K(64576K)->60566K(64576K)
[2025-01-07T19:49:49.137+0000][84259.503s][info][gc          ] GC(2845) Pause Young (Concurrent Start) (G1 Evacuation Pause) 9720M->2419M(12288M) 33.623ms
[2025-01-07T19:49:49.137+0000][84259.503s][info][gc,cpu      ] GC(2845) User=0.20s Sys=0.00s Real=0.03s
[2025-01-07T19:49:49.137+0000][84259.503s][info][gc          ] GC(2846) Concurrent Mark Cycle
[2025-01-07T19:49:49.137+0000][84259.503s][info][gc,marking  ] GC(2846) Concurrent Clear Claimed Marks
[2025-01-07T19:49:49.137+0000][84259.504s][info][gc,marking  ] GC(2846) Concurrent Clear Claimed Marks 0.773ms
[2025-01-07T19:49:49.137+0000][84259.504s][info][gc,marking  ] GC(2846) Concurrent Scan Root Regions
[2025-01-07T19:49:49.159+0000][84259.525s][info][gc,marking  ] GC(2846) Concurrent Scan Root Regions 21.536ms
[2025-01-07T19:49:49.159+0000][84259.525s][info][gc,marking  ] GC(2846) Concurrent Mark
[2025-01-07T19:49:49.159+0000][84259.525s][info][gc,marking  ] GC(2846) Concurrent Mark From Roots
[2025-01-07T19:49:49.159+0000][84259.525s][info][gc,task     ] GC(2846) Using 2 workers of 2 for marking
[2025-01-07T19:49:50.024+0000][84260.390s][info][gc,marking  ] GC(2846) Concurrent Mark From Roots 865.038ms
[2025-01-07T19:49:50.024+0000][84260.390s][info][gc,marking  ] GC(2846) Concurrent Preclean
[2025-01-07T19:49:50.026+0000][84260.392s][info][gc,marking  ] GC(2846) Concurrent Preclean 1.825ms
[2025-01-07T19:49:50.026+0000][84260.392s][info][gc,start    ] GC(2846) Pause Remark
[2025-01-07T19:49:50.052+0000][84260.418s][info][gc          ] GC(2846) Pause Remark 3287M->3287M(12288M) 25.558ms
[2025-01-07T19:49:50.052+0000][84260.418s][info][gc,cpu      ] GC(2846) User=0.15s Sys=0.00s Real=0.03s
[2025-01-07T19:49:50.052+0000][84260.418s][info][gc,marking  ] GC(2846) Concurrent Mark 892.775ms
[2025-01-07T19:49:50.052+0000][84260.418s][info][gc,marking  ] GC(2846) Concurrent Rebuild Remembered Sets
[2025-01-07T19:49:50.582+0000][84260.948s][info][gc,marking  ] GC(2846) Concurrent Rebuild Remembered Sets 530.220ms
[2025-01-07T19:49:50.582+0000][84260.948s][info][gc,start    ] GC(2846) Pause Cleanup
[2025-01-07T19:49:50.583+0000][84260.949s][info][gc          ] GC(2846) Pause Cleanup 3827M->3827M(12288M) 0.504ms
[2025-01-07T19:49:50.583+0000][84260.949s][info][gc,cpu      ] GC(2846) User=0.00s Sys=0.00s Real=0.00s
[2025-01-07T19:49:50.583+0000][84260.949s][info][gc,marking  ] GC(2846) Concurrent Cleanup for Next Mark
[2025-01-07T19:49:50.608+0000][84260.974s][info][gc,marking  ] GC(2846) Concurrent Cleanup for Next Mark 25.428ms
[2025-01-07T19:49:50.608+0000][84260.974s][info][gc          ] GC(2846) Concurrent Mark Cycle 1471.713ms
[2025-01-07T19:49:59.661+0000][84270.027s][info][gc,start    ] GC(2847) Pause Young (Prepare Mixed) (G1 Evacuation Pause)
[2025-01-07T19:49:59.661+0000][84270.027s][info][gc,task     ] GC(2847) Using 6 workers of 6 for evacuation
[2025-01-07T19:49:59.702+0000][84270.068s][info][gc,phases   ] GC(2847)   Pre Evacuate Collection Set: 0.2ms
[2025-01-07T19:49:59.702+0000][84270.068s][info][gc,phases   ] GC(2847)   Merge Heap Roots: 0.7ms
[2025-01-07T19:49:59.702+0000][84270.068s][info][gc,phases   ] GC(2847)   Evacuate Collection Set: 33.9ms
[2025-01-07T19:49:59.702+0000][84270.068s][info][gc,phases   ] GC(2847)   Post Evacuate Collection Set: 5.6ms
[2025-01-07T19:49:59.702+0000][84270.068s][info][gc,phases   ] GC(2847)   Other: 0.2ms
[2025-01-07T19:49:59.702+0000][84270.068s][info][gc,heap     ] GC(2847) Eden regions: 912->0(64)
[2025-01-07T19:49:59.702+0000][84270.068s][info][gc,heap     ] GC(2847) Survivor regions: 9->12(116)
[2025-01-07T19:49:59.702+0000][84270.068s][info][gc,heap     ] GC(2847) Old regions: 245->245
[2025-01-07T19:49:59.702+0000][84270.068s][info][gc,heap     ] GC(2847) Archive regions: 2->2
[2025-01-07T19:49:59.702+0000][84270.068s][info][gc,heap     ] GC(2847) Humongous regions: 49->49
[2025-01-07T19:49:59.702+0000][84270.068s][info][gc,metaspace] GC(2847) Metaspace: 498643K(506880K)->498643K(506880K) NonClass: 438077K(442304K)->438077K(442304K) Class: 60566K(64576K)->60566K(64576K)
[2025-01-07T19:49:59.702+0000][84270.068s][info][gc          ] GC(2847) Pause Young (Prepare Mixed) (G1 Evacuation Pause) 9715M->2443M(12288M) 40.614ms
[2025-01-07T19:49:59.702+0000][84270.068s][info][gc,cpu      ] GC(2847) User=0.24s Sys=0.00s Real=0.05s
[2025-01-07T19:50:00.124+0000][84270.491s][info][gc,start    ] GC(2848) Pause Young (Mixed) (G1 Evacuation Pause)
[2025-01-07T19:50:00.124+0000][84270.491s][info][gc,task     ] GC(2848) Using 6 workers of 6 for evacuation
[2025-01-07T19:50:00.178+0000][84270.544s][info][gc,phases   ] GC(2848)   Pre Evacuate Collection Set: 0.2ms
[2025-01-07T19:50:00.178+0000][84270.544s][info][gc,phases   ] GC(2848)   Merge Heap Roots: 0.5ms
[2025-01-07T19:50:00.178+0000][84270.544s][info][gc,phases   ] GC(2848)   Evacuate Collection Set: 51.3ms
[2025-01-07T19:50:00.178+0000][84270.544s][info][gc,phases   ] GC(2848)   Post Evacuate Collection Set: 1.6ms
[2025-01-07T19:50:00.178+0000][84270.544s][info][gc,phases   ] GC(2848)   Other: 0.2ms
[2025-01-07T19:50:00.178+0000][84270.544s][info][gc,heap     ] GC(2848) Eden regions: 64->0(916)
[2025-01-07T19:50:00.178+0000][84270.544s][info][gc,heap     ] GC(2848) Survivor regions: 12->4(10)
[2025-01-07T19:50:00.178+0000][84270.544s][info][gc,heap     ] GC(2848) Old regions: 245->244
[2025-01-07T19:50:00.178+0000][84270.544s][info][gc,heap     ] GC(2848) Archive regions: 2->2
[2025-01-07T19:50:00.178+0000][84270.544s][info][gc,heap     ] GC(2848) Humongous regions: 49->49
[2025-01-07T19:50:00.178+0000][84270.544s][info][gc,metaspace] GC(2848) Metaspace: 498643K(506880K)->498643K(506880K) NonClass: 438077K(442304K)->438077K(442304K) Class: 60566K(64576K)->60566K(64576K)
[2025-01-07T19:50:00.178+0000][84270.544s][info][gc          ] GC(2848) Pause Young (Mixed) (G1 Evacuation Pause) 2955M->2378M(12288M) 53.934ms
[2025-01-07T19:50:00.178+0000][84270.545s][info][gc,cpu      ] GC(2848) User=0.31s Sys=0.01s Real=0.05s
[2025-01-07T19:50:07.230+0000][84277.597s][info][gc,start    ] GC(2849) Pause Young (Normal) (G1 Evacuation Pause)
[2025-01-07T19:50:07.230+0000][84277.597s][info][gc,task     ] GC(2849) Using 6 workers of 6 for evacuation
[2025-01-07T19:50:07.260+0000][84277.626s][info][gc,phases   ] GC(2849)   Pre Evacuate Collection Set: 0.2ms
[2025-01-07T19:50:07.260+0000][84277.626s][info][gc,phases   ] GC(2849)   Merge Heap Roots: 0.4ms
[2025-01-07T19:50:07.260+0000][84277.626s][info][gc,phases   ] GC(2849)   Evacuate Collection Set: 24.4ms
[2025-01-07T19:50:07.260+0000][84277.626s][info][gc,phases   ] GC(2849)   Post Evacuate Collection Set: 4.2ms
[2025-01-07T19:50:07.260+0000][84277.626s][info][gc,phases   ] GC(2849)   Other: 0.2ms
[2025-01-07T19:50:07.260+0000][84277.626s][info][gc,heap     ] GC(2849) Eden regions: 916->0(913)
[2025-01-07T19:50:07.260+0000][84277.626s][info][gc,heap     ] GC(2849) Survivor regions: 4->6(115)
[2025-01-07T19:50:07.260+0000][84277.626s][info][gc,heap     ] GC(2849) Old regions: 244->244
[2025-01-07T19:50:07.260+0000][84277.626s][info][gc,heap     ] GC(2849) Archive regions: 2->2
[2025-01-07T19:50:07.260+0000][84277.626s][info][gc,heap     ] GC(2849) Humongous regions: 49->49
[2025-01-07T19:50:07.260+0000][84277.626s][info][gc,metaspace] GC(2849) Metaspace: 498643K(506880K)->498643K(506880K) NonClass: 438077K(442304K)->438077K(442304K) Class: 60566K(64576K)->60566K(64576K)
[2025-01-07T19:50:07.260+0000][84277.626s][info][gc          ] GC(2849) Pause Young (Normal) (G1 Evacuation Pause) 9706M->2390M(12288M) 29.448ms
[2025-01-07T19:50:07.260+0000][84277.626s][info][gc,cpu      ] GC(2849) User=0.17s Sys=0.00s Real=0.02s
[2025-01-07T19:50:12.370+0000][84282.736s][info][gc,start    ] GC(2850) Pause Young (Normal) (G1 Evacuation Pause)
[2025-01-07T19:50:12.370+0000][84282.736s][info][gc,task     ] GC(2850) Using 6 workers of 6 for evacuation
[2025-01-07T19:50:12.396+0000][84282.762s][info][gc,phases   ] GC(2850)   Pre Evacuate Collection Set: 0.2ms
[2025-01-07T19:50:12.396+0000][84282.762s][info][gc,phases   ] GC(2850)   Merge Heap Roots: 0.4ms
[2025-01-07T19:50:12.396+0000][84282.762s][info][gc,phases   ] GC(2850)   Evacuate Collection Set: 22.6ms
[2025-01-07T19:50:12.396+0000][84282.762s][info][gc,phases   ] GC(2850)   Post Evacuate Collection Set: 2.5ms
[2025-01-07T19:50:12.396+0000][84282.762s][info][gc,phases   ] GC(2850)   Other: 0.2ms
[2025-01-07T19:50:12.396+0000][84282.762s][info][gc,heap     ] GC(2850) Eden regions: 913->0(914)
[2025-01-07T19:50:12.396+0000][84282.762s][info][gc,heap     ] GC(2850) Survivor regions: 6->6(115)
[2025-01-07T19:50:12.396+0000][84282.762s][info][gc,heap     ] GC(2850) Old regions: 244->244
[2025-01-07T19:50:12.396+0000][84282.762s][info][gc,heap     ] GC(2850) Archive regions: 2->2
[2025-01-07T19:50:12.396+0000][84282.762s][info][gc,heap     ] GC(2850) Humongous regions: 49->49
[2025-01-07T19:50:12.396+0000][84282.762s][info][gc,metaspace] GC(2850) Metaspace: 498643K(506880K)->498643K(506880K) NonClass: 438077K(442304K)->438077K(442304K) Class: 60566K(64576K)->60566K(64576K)
[2025-01-07T19:50:12.396+0000][84282.762s][info][gc          ] GC(2850) Pause Young (Normal) (G1 Evacuation Pause) 9694M->2392M(12288M) 25.973ms
[2025-01-07T19:50:12.396+0000][84282.762s][info][gc,cpu      ] GC(2850) User=0.14s Sys=0.01s Real=0.02s
[2025-01-07T19:50:23.997+0000][84294.364s][info][gc,start    ] GC(2851) Pause Young (Concurrent Start) (G1 Evacuation Pause)
[2025-01-07T19:50:23.997+0000][84294.364s][info][gc,task     ] GC(2851) Using 6 workers of 6 for evacuation
[2025-01-07T19:50:24.031+0000][84294.397s][info][gc,phases   ] GC(2851)   Pre Evacuate Collection Set: 1.0ms
[2025-01-07T19:50:24.031+0000][84294.397s][info][gc,phases   ] GC(2851)   Merge Heap Roots: 0.5ms
[2025-01-07T19:50:24.031+0000][84294.397s][info][gc,phases   ] GC(2851)   Evacuate Collection Set: 29.0ms
[2025-01-07T19:50:24.031+0000][84294.397s][info][gc,phases   ] GC(2851)   Post Evacuate Collection Set: 2.8ms
[2025-01-07T19:50:24.031+0000][84294.397s][info][gc,phases   ] GC(2851)   Other: 0.3ms
[2025-01-07T19:50:24.031+0000][84294.397s][info][gc,heap     ] GC(2851) Eden regions: 914->0(912)
[2025-01-07T19:50:24.031+0000][84294.397s][info][gc,heap     ] GC(2851) Survivor regions: 6->8(115)
[2025-01-07T19:50:24.031+0000][84294.397s][info][gc,heap     ] GC(2851) Old regions: 244->244
[2025-01-07T19:50:24.031+0000][84294.397s][info][gc,heap     ] GC(2851) Archive regions: 2->2
[2025-01-07T19:50:24.031+0000][84294.397s][info][gc,heap     ] GC(2851) Humongous regions: 49->49
[2025-01-07T19:50:24.031+0000][84294.397s][info][gc,metaspace] GC(2851) Metaspace: 498643K(506880K)->498643K(506880K) NonClass: 438077K(442304K)->438077K(442304K) Class: 60566K(64576K)->60566K(64576K)
[2025-01-07T19:50:24.031+0000][84294.397s][info][gc          ] GC(2851) Pause Young (Concurrent Start) (G1 Evacuation Pause) 9704M->2405M(12288M) 33.616ms
[2025-01-07T19:50:24.031+0000][84294.397s][info][gc,cpu      ] GC(2851) User=0.19s Sys=0.01s Real=0.04s
[2025-01-07T19:50:24.031+0000][84294.397s][info][gc          ] GC(2852) Concurrent Mark Cycle
[2025-01-07T19:50:24.031+0000][84294.397s][info][gc,marking  ] GC(2852) Concurrent Clear Claimed Marks
[2025-01-07T19:50:24.032+0000][84294.398s][info][gc,marking  ] GC(2852) Concurrent Clear Claimed Marks 0.768ms
[2025-01-07T19:50:24.032+0000][84294.398s][info][gc,marking  ] GC(2852) Concurrent Scan Root Regions
[2025-01-07T19:50:24.051+0000][84294.417s][info][gc,marking  ] GC(2852) Concurrent Scan Root Regions 18.900ms
[2025-01-07T19:50:24.051+0000][84294.417s][info][gc,marking  ] GC(2852) Concurrent Mark
[2025-01-07T19:50:24.051+0000][84294.417s][info][gc,marking  ] GC(2852) Concurrent Mark From Roots
[2025-01-07T19:50:24.051+0000][84294.417s][info][gc,task     ] GC(2852) Using 2 workers of 2 for marking
[2025-01-07T19:50:24.817+0000][84295.183s][info][gc,marking  ] GC(2852) Concurrent Mark From Roots 766.228ms
[2025-01-07T19:50:24.817+0000][84295.183s][info][gc,marking  ] GC(2852) Concurrent Preclean
[2025-01-07T19:50:24.820+0000][84295.186s][info][gc,marking  ] GC(2852) Concurrent Preclean 2.622ms
[2025-01-07T19:50:24.820+0000][84295.186s][info][gc,start    ] GC(2852) Pause Remark
[2025-01-07T19:50:24.846+0000][84295.212s][info][gc          ] GC(2852) Pause Remark 2981M->2981M(12288M) 25.955ms
[2025-01-07T19:50:24.846+0000][84295.212s][info][gc,cpu      ] GC(2852) User=0.15s Sys=0.00s Real=0.03s
[2025-01-07T19:50:24.846+0000][84295.212s][info][gc,marking  ] GC(2852) Concurrent Mark 795.161ms
[2025-01-07T19:50:24.846+0000][84295.212s][info][gc,marking  ] GC(2852) Concurrent Rebuild Remembered Sets
[2025-01-07T19:50:25.318+0000][84295.684s][info][gc,marking  ] GC(2852) Concurrent Rebuild Remembered Sets 471.448ms
[2025-01-07T19:50:25.318+0000][84295.684s][info][gc,start    ] GC(2852) Pause Cleanup
[2025-01-07T19:50:25.318+0000][84295.684s][info][gc          ] GC(2852) Pause Cleanup 3078M->3078M(12288M) 0.508ms
[2025-01-07T19:50:25.318+0000][84295.684s][info][gc,cpu      ] GC(2852) User=0.00s Sys=0.00s Real=0.00s
[2025-01-07T19:50:25.318+0000][84295.684s][info][gc,marking  ] GC(2852) Concurrent Cleanup for Next Mark
[2025-01-07T19:50:25.334+0000][84295.700s][info][gc,marking  ] GC(2852) Concurrent Cleanup for Next Mark 16.078ms
[2025-01-07T19:50:25.334+0000][84295.701s][info][gc          ] GC(2852) Concurrent Mark Cycle 1303.275ms
[2025-01-07T19:50:32.954+0000][84303.320s][info][gc,start    ] GC(2853) Pause Young (Prepare Mixed) (G1 Evacuation Pause)
[2025-01-07T19:50:32.954+0000][84303.320s][info][gc,task     ] GC(2853) Using 6 workers of 6 for evacuation
[2025-01-07T19:50:32.989+0000][84303.355s][info][gc,phases   ] GC(2853)   Pre Evacuate Collection Set: 0.2ms
[2025-01-07T19:50:32.989+0000][84303.355s][info][gc,phases   ] GC(2853)   Merge Heap Roots: 0.7ms
[2025-01-07T19:50:32.989+0000][84303.355s][info][gc,phases   ] GC(2853)   Evacuate Collection Set: 31.1ms
[2025-01-07T19:50:32.989+0000][84303.355s][info][gc,phases   ] GC(2853)   Post Evacuate Collection Set: 2.6ms
[2025-01-07T19:50:32.989+0000][84303.355s][info][gc,phases   ] GC(2853)   Other: 0.2ms
[2025-01-07T19:50:32.989+0000][84303.355s][info][gc,heap     ] GC(2853) Eden regions: 912->0(67)
[2025-01-07T19:50:32.989+0000][84303.355s][info][gc,heap     ] GC(2853) Survivor regions: 8->9(115)
[2025-01-07T19:50:32.989+0000][84303.355s][info][gc,heap     ] GC(2853) Old regions: 244->244
[2025-01-07T19:50:32.989+0000][84303.355s][info][gc,heap     ] GC(2853) Archive regions: 2->2
[2025-01-07T19:50:32.989+0000][84303.355s][info][gc,heap     ] GC(2853) Humongous regions: 49->49
[2025-01-07T19:50:32.989+0000][84303.355s][info][gc,metaspace] GC(2853) Metaspace: 498643K(506880K)->498643K(506880K) NonClass: 438077K(442304K)->438077K(442304K) Class: 60566K(64576K)->60566K(64576K)
[2025-01-07T19:50:32.989+0000][84303.355s][info][gc          ] GC(2853) Pause Young (Prepare Mixed) (G1 Evacuation Pause) 9701M->2414M(12288M) 34.843ms
[2025-01-07T19:50:32.989+0000][84303.355s][info][gc,cpu      ] GC(2853) User=0.20s Sys=0.00s Real=0.03s
[2025-01-07T19:50:33.704+0000][84304.070s][info][gc,start    ] GC(2854) Pause Young (Mixed) (G1 Evacuation Pause)
[2025-01-07T19:50:33.704+0000][84304.070s][info][gc,task     ] GC(2854) Using 6 workers of 6 for evacuation
[2025-01-07T19:50:33.768+0000][84304.134s][info][gc,phases   ] GC(2854)   Pre Evacuate Collection Set: 0.2ms
[2025-01-07T19:50:33.768+0000][84304.134s][info][gc,phases   ] GC(2854)   Merge Heap Roots: 0.7ms
[2025-01-07T19:50:33.768+0000][84304.134s][info][gc,phases   ] GC(2854)   Evacuate Collection Set: 61.0ms
[2025-01-07T19:50:33.768+0000][84304.134s][info][gc,phases   ] GC(2854)   Post Evacuate Collection Set: 1.7ms
[2025-01-07T19:50:33.768+0000][84304.134s][info][gc,phases   ] GC(2854)   Other: 0.2ms
[2025-01-07T19:50:33.768+0000][84304.134s][info][gc,heap     ] GC(2854) Eden regions: 67->0(915)
[2025-01-07T19:50:33.768+0000][84304.134s][info][gc,heap     ] GC(2854) Survivor regions: 9->6(10)
[2025-01-07T19:50:33.768+0000][84304.134s][info][gc,heap     ] GC(2854) Old regions: 244->241
[2025-01-07T19:50:33.768+0000][84304.134s][info][gc,heap     ] GC(2854) Archive regions: 2->2
[2025-01-07T19:50:33.768+0000][84304.134s][info][gc,heap     ] GC(2854) Humongous regions: 49->49
[2025-01-07T19:50:33.768+0000][84304.134s][info][gc,metaspace] GC(2854) Metaspace: 498643K(506880K)->498643K(506880K) NonClass: 438077K(442304K)->438077K(442304K) Class: 60566K(64576K)->60566K(64576K)
[2025-01-07T19:50:33.768+0000][84304.134s][info][gc          ] GC(2854) Pause Young (Mixed) (G1 Evacuation Pause) 2950M->2370M(12288M) 63.819ms
[2025-01-07T19:50:33.768+0000][84304.134s][info][gc,cpu      ] GC(2854) User=0.37s Sys=0.00s Real=0.06s
[2025-01-07T19:50:44.933+0000][84315.299s][info][gc,start    ] GC(2855) Pause Young (Normal) (G1 Evacuation Pause)
[2025-01-07T19:50:44.933+0000][84315.299s][info][gc,task     ] GC(2855) Using 6 workers of 6 for evacuation
[2025-01-07T19:50:44.965+0000][84315.331s][info][gc,phases   ] GC(2855)   Pre Evacuate Collection Set: 0.3ms
[2025-01-07T19:50:44.965+0000][84315.331s][info][gc,phases   ] GC(2855)   Merge Heap Roots: 0.5ms
[2025-01-07T19:50:44.965+0000][84315.331s][info][gc,phases   ] GC(2855)   Evacuate Collection Set: 27.0ms
[2025-01-07T19:50:44.965+0000][84315.331s][info][gc,phases   ] GC(2855)   Post Evacuate Collection Set: 4.1ms
[2025-01-07T19:50:44.965+0000][84315.331s][info][gc,phases   ] GC(2855)   Other: 0.2ms
[2025-01-07T19:50:44.965+0000][84315.331s][info][gc,heap     ] GC(2855) Eden regions: 915->0(913)
[2025-01-07T19:50:44.965+0000][84315.331s][info][gc,heap     ] GC(2855) Survivor regions: 6->8(116)
[2025-01-07T19:50:44.965+0000][84315.331s][info][gc,heap     ] GC(2855) Old regions: 241->241
[2025-01-07T19:50:44.965+0000][84315.331s][info][gc,heap     ] GC(2855) Archive regions: 2->2
[2025-01-07T19:50:44.965+0000][84315.331s][info][gc,heap     ] GC(2855) Humongous regions: 49->49
[2025-01-07T19:50:44.965+0000][84315.331s][info][gc,metaspace] GC(2855) Metaspace: 498643K(506880K)->498643K(506880K) NonClass: 438077K(442304K)->438077K(442304K) Class: 60566K(64576K)->60566K(64576K)
[2025-01-07T19:50:44.965+0000][84315.331s][info][gc          ] GC(2855) Pause Young (Normal) (G1 Evacuation Pause) 9690M->2386M(12288M) 32.186ms
[2025-01-07T19:50:44.965+0000][84315.332s][info][gc,cpu      ] GC(2855) User=0.18s Sys=0.01s Real=0.03s
[2025-01-07T19:50:51.239+0000][84321.605s][info][gc,start    ] GC(2856) Pause Young (Normal) (G1 Evacuation Pause)
[2025-01-07T19:50:51.239+0000][84321.605s][info][gc,task     ] GC(2856) Using 6 workers of 6 for evacuation
[2025-01-07T19:50:51.270+0000][84321.636s][info][gc,phases   ] GC(2856)   Pre Evacuate Collection Set: 0.2ms
[2025-01-07T19:50:51.270+0000][84321.636s][info][gc,phases   ] GC(2856)   Merge Heap Roots: 0.5ms
[2025-01-07T19:50:51.270+0000][84321.636s][info][gc,phases   ] GC(2856)   Evacuate Collection Set: 26.5ms
[2025-01-07T19:50:51.270+0000][84321.636s][info][gc,phases   ] GC(2856)   Post Evacuate Collection Set: 3.7ms
[2025-01-07T19:50:51.270+0000][84321.636s][info][gc,phases   ] GC(2856)   Other: 0.2ms
[2025-01-07T19:50:51.270+0000][84321.636s][info][gc,heap     ] GC(2856) Eden regions: 913->0(911)
[2025-01-07T19:50:51.270+0000][84321.636s][info][gc,heap     ] GC(2856) Survivor regions: 8->10(116)
[2025-01-07T19:50:51.270+0000][84321.636s][info][gc,heap     ] GC(2856) Old regions: 241->241
[2025-01-07T19:50:51.270+0000][84321.636s][info][gc,heap     ] GC(2856) Archive regions: 2->2
[2025-01-07T19:50:51.270+0000][84321.636s][info][gc,heap     ] GC(2856) Humongous regions: 49->49
[2025-01-07T19:50:51.270+0000][84321.636s][info][gc,metaspace] GC(2856) Metaspace: 498643K(506880K)->498643K(506880K) NonClass: 438077K(442304K)->438077K(442304K) Class: 60566K(64576K)->60566K(64576K)
[2025-01-07T19:50:51.270+0000][84321.636s][info][gc          ] GC(2856) Pause Young (Normal) (G1 Evacuation Pause) 9690M->2397M(12288M) 31.131ms
[2025-01-07T19:50:51.270+0000][84321.636s][info][gc,cpu      ] GC(2856) User=0.18s Sys=0.00s Real=0.04s
[2025-01-07T19:50:55.825+0000][84326.191s][info][gc,start    ] GC(2857) Pause Young (Concurrent Start) (G1 Evacuation Pause)
[2025-01-07T19:50:55.825+0000][84326.191s][info][gc,task     ] GC(2857) Using 6 workers of 6 for evacuation
[2025-01-07T19:50:55.858+0000][84326.224s][info][gc,phases   ] GC(2857)   Pre Evacuate Collection Set: 1.0ms
[2025-01-07T19:50:55.858+0000][84326.224s][info][gc,phases   ] GC(2857)   Merge Heap Roots: 0.5ms
[2025-01-07T19:50:55.858+0000][84326.224s][info][gc,phases   ] GC(2857)   Evacuate Collection Set: 28.4ms
[2025-01-07T19:50:55.858+0000][84326.224s][info][gc,phases   ] GC(2857)   Post Evacuate Collection Set: 2.5ms
[2025-01-07T19:50:55.858+0000][84326.224s][info][gc,phases   ] GC(2857)   Other: 0.3ms
[2025-01-07T19:50:55.858+0000][84326.224s][info][gc,heap     ] GC(2857) Eden regions: 911->0(911)
[2025-01-07T19:50:55.858+0000][84326.224s][info][gc,heap     ] GC(2857) Survivor regions: 10->10(116)
[2025-01-07T19:50:55.858+0000][84326.224s][info][gc,heap     ] GC(2857) Old regions: 241->241
[2025-01-07T19:50:55.858+0000][84326.224s][info][gc,heap     ] GC(2857) Archive regions: 2->2
[2025-01-07T19:50:55.858+0000][84326.224s][info][gc,heap     ] GC(2857) Humongous regions: 49->49
[2025-01-07T19:50:55.858+0000][84326.224s][info][gc,metaspace] GC(2857) Metaspace: 498643K(506880K)->498643K(506880K) NonClass: 438077K(442304K)->438077K(442304K) Class: 60566K(64576K)->60566K(64576K)
[2025-01-07T19:50:55.858+0000][84326.224s][info][gc          ] GC(2857) Pause Young (Concurrent Start) (G1 Evacuation Pause) 9685M->2396M(12288M) 32.726ms
[2025-01-07T19:50:55.858+0000][84326.224s][info][gc,cpu      ] GC(2857) User=0.19s Sys=0.00s Real=0.03s
[2025-01-07T19:50:55.858+0000][84326.224s][info][gc          ] GC(2858) Concurrent Mark Cycle
[2025-01-07T19:50:55.858+0000][84326.224s][info][gc,marking  ] GC(2858) Concurrent Clear Claimed Marks
[2025-01-07T19:50:55.859+0000][84326.225s][info][gc,marking  ] GC(2858) Concurrent Clear Claimed Marks 0.756ms
[2025-01-07T19:50:55.859+0000][84326.225s][info][gc,marking  ] GC(2858) Concurrent Scan Root Regions
[2025-01-07T19:50:55.882+0000][84326.248s][info][gc,marking  ] GC(2858) Concurrent Scan Root Regions 23.677ms
[2025-01-07T19:50:55.882+0000][84326.248s][info][gc,marking  ] GC(2858) Concurrent Mark
[2025-01-07T19:50:55.882+0000][84326.248s][info][gc,marking  ] GC(2858) Concurrent Mark From Roots
[2025-01-07T19:50:55.882+0000][84326.248s][info][gc,task     ] GC(2858) Using 2 workers of 2 for marking
[2025-01-07T19:50:56.829+0000][84327.196s][info][gc,marking  ] GC(2858) Concurrent Mark From Roots 947.106ms
[2025-01-07T19:50:56.830+0000][84327.196s][info][gc,marking  ] GC(2858) Concurrent Preclean
[2025-01-07T19:50:56.831+0000][84327.198s][info][gc,marking  ] GC(2858) Concurrent Preclean 1.899ms
[2025-01-07T19:50:56.832+0000][84327.198s][info][gc,start    ] GC(2858) Pause Remark
[2025-01-07T19:50:56.857+0000][84327.223s][info][gc          ] GC(2858) Pause Remark 3596M->3596M(12288M) 25.210ms
[2025-01-07T19:50:56.857+0000][84327.223s][info][gc,cpu      ] GC(2858) User=0.15s Sys=0.00s Real=0.02s
[2025-01-07T19:50:56.857+0000][84327.223s][info][gc,marking  ] GC(2858) Concurrent Mark 974.552ms
[2025-01-07T19:50:56.857+0000][84327.223s][info][gc,marking  ] GC(2858) Concurrent Rebuild Remembered Sets
[2025-01-07T19:50:57.357+0000][84327.723s][info][gc,marking  ] GC(2858) Concurrent Rebuild Remembered Sets 500.130ms
[2025-01-07T19:50:57.357+0000][84327.723s][info][gc,start    ] GC(2858) Pause Cleanup
[2025-01-07T19:50:57.358+0000][84327.724s][info][gc          ] GC(2858) Pause Cleanup 3960M->3960M(12288M) 0.432ms
[2025-01-07T19:50:57.358+0000][84327.724s][info][gc,cpu      ] GC(2858) User=0.00s Sys=0.00s Real=0.00s
[2025-01-07T19:50:57.358+0000][84327.724s][info][gc,marking  ] GC(2858) Concurrent Cleanup for Next Mark
[2025-01-07T19:50:57.373+0000][84327.739s][info][gc,marking  ] GC(2858) Concurrent Cleanup for Next Mark 15.363ms
[2025-01-07T19:50:57.373+0000][84327.739s][info][gc          ] GC(2858) Concurrent Mark Cycle 1515.283ms
[2025-01-07T19:51:04.941+0000][84335.307s][info][gc,start    ] GC(2859) Pause Young (Prepare Mixed) (G1 Evacuation Pause)
[2025-01-07T19:51:04.941+0000][84335.307s][info][gc,task     ] GC(2859) Using 6 workers of 6 for evacuation
[2025-01-07T19:51:04.980+0000][84335.346s][info][gc,phases   ] GC(2859)   Pre Evacuate Collection Set: 0.2ms
[2025-01-07T19:51:04.980+0000][84335.346s][info][gc,phases   ] GC(2859)   Merge Heap Roots: 0.7ms
[2025-01-07T19:51:04.980+0000][84335.346s][info][gc,phases   ] GC(2859)   Evacuate Collection Set: 33.6ms
[2025-01-07T19:51:04.980+0000][84335.346s][info][gc,phases   ] GC(2859)   Post Evacuate Collection Set: 4.2ms
[2025-01-07T19:51:04.980+0000][84335.346s][info][gc,phases   ] GC(2859)   Other: 0.2ms
[2025-01-07T19:51:04.980+0000][84335.346s][info][gc,heap     ] GC(2859) Eden regions: 911->0(64)
[2025-01-07T19:51:04.980+0000][84335.346s][info][gc,heap     ] GC(2859) Survivor regions: 10->12(116)
[2025-01-07T19:51:04.980+0000][84335.346s][info][gc,heap     ] GC(2859) Old regions: 241->241
[2025-01-07T19:51:04.980+0000][84335.346s][info][gc,heap     ] GC(2859) Archive regions: 2->2
[2025-01-07T19:51:04.980+0000][84335.346s][info][gc,heap     ] GC(2859) Humongous regions: 49->49
[2025-01-07T19:51:04.980+0000][84335.346s][info][gc,metaspace] GC(2859) Metaspace: 498643K(506880K)->498643K(506880K) NonClass: 438077K(442304K)->438077K(442304K) Class: 60566K(64576K)->60566K(64576K)
[2025-01-07T19:51:04.980+0000][84335.346s][info][gc          ] GC(2859) Pause Young (Prepare Mixed) (G1 Evacuation Pause) 9684M->2412M(12288M) 39.082ms
[2025-01-07T19:51:04.980+0000][84335.346s][info][gc,cpu      ] GC(2859) User=0.22s Sys=0.00s Real=0.04s
[2025-01-07T19:51:05.516+0000][84335.882s][info][gc,start    ] GC(2860) Pause Young (Mixed) (G1 Evacuation Pause)
[2025-01-07T19:51:05.516+0000][84335.882s][info][gc,task     ] GC(2860) Using 6 workers of 6 for evacuation
[2025-01-07T19:51:05.577+0000][84335.943s][info][gc,phases   ] GC(2860)   Pre Evacuate Collection Set: 0.2ms
[2025-01-07T19:51:05.577+0000][84335.943s][info][gc,phases   ] GC(2860)   Merge Heap Roots: 0.6ms
[2025-01-07T19:51:05.577+0000][84335.943s][info][gc,phases   ] GC(2860)   Evacuate Collection Set: 58.3ms
[2025-01-07T19:51:05.577+0000][84335.943s][info][gc,phases   ] GC(2860)   Post Evacuate Collection Set: 1.7ms
[2025-01-07T19:51:05.577+0000][84335.943s][info][gc,phases   ] GC(2860)   Other: 0.2ms
[2025-01-07T19:51:05.577+0000][84335.943s][info][gc,heap     ] GC(2860) Eden regions: 64->0(914)
[2025-01-07T19:51:05.577+0000][84335.943s][info][gc,heap     ] GC(2860) Survivor regions: 12->6(10)
[2025-01-07T19:51:05.577+0000][84335.943s][info][gc,heap     ] GC(2860) Old regions: 241->242
[2025-01-07T19:51:05.577+0000][84335.943s][info][gc,heap     ] GC(2860) Archive regions: 2->2
[2025-01-07T19:51:05.577+0000][84335.943s][info][gc,heap     ] GC(2860) Humongous regions: 49->49
[2025-01-07T19:51:05.577+0000][84335.943s][info][gc,metaspace] GC(2860) Metaspace: 498643K(506880K)->498643K(506880K) NonClass: 438077K(442304K)->438077K(442304K) Class: 60566K(64576K)->60566K(64576K)
[2025-01-07T19:51:05.577+0000][84335.943s][info][gc          ] GC(2860) Pause Young (Mixed) (G1 Evacuation Pause) 2924M->2373M(12288M) 61.091ms
[2025-01-07T19:51:05.577+0000][84335.944s][info][gc,cpu      ] GC(2860) User=0.36s Sys=0.00s Real=0.06s
[2025-01-07T19:51:17.371+0000][84347.738s][info][gc,start    ] GC(2861) Pause Young (Normal) (G1 Evacuation Pause)
[2025-01-07T19:51:17.372+0000][84347.738s][info][gc,task     ] GC(2861) Using 6 workers of 6 for evacuation
[2025-01-07T19:51:17.399+0000][84347.765s][info][gc,phases   ] GC(2861)   Pre Evacuate Collection Set: 0.2ms
[2025-01-07T19:51:17.399+0000][84347.765s][info][gc,phases   ] GC(2861)   Merge Heap Roots: 0.4ms
[2025-01-07T19:51:17.399+0000][84347.765s][info][gc,phases   ] GC(2861)   Evacuate Collection Set: 23.6ms
[2025-01-07T19:51:17.399+0000][84347.765s][info][gc,phases   ] GC(2861)   Post Evacuate Collection Set: 2.8ms
[2025-01-07T19:51:17.399+0000][84347.765s][info][gc,phases   ] GC(2861)   Other: 0.2ms
[2025-01-07T19:51:17.399+0000][84347.765s][info][gc,heap     ] GC(2861) Eden regions: 914->0(913)
[2025-01-07T19:51:17.399+0000][84347.765s][info][gc,heap     ] GC(2861) Survivor regions: 6->7(115)
[2025-01-07T19:51:17.399+0000][84347.765s][info][gc,heap     ] GC(2861) Old regions: 242->242
[2025-01-07T19:51:17.399+0000][84347.765s][info][gc,heap     ] GC(2861) Archive regions: 2->2
[2025-01-07T19:51:17.399+0000][84347.765s][info][gc,heap     ] GC(2861) Humongous regions: 49->49
[2025-01-07T19:51:17.399+0000][84347.765s][info][gc,metaspace] GC(2861) Metaspace: 498643K(506880K)->498643K(506880K) NonClass: 438077K(442304K)->438077K(442304K) Class: 60566K(64576K)->60566K(64576K)
[2025-01-07T19:51:17.399+0000][84347.765s][info][gc          ] GC(2861) Pause Young (Normal) (G1 Evacuation Pause) 9685M->2383M(12288M) 27.208ms
[2025-01-07T19:51:17.399+0000][84347.765s][info][gc,cpu      ] GC(2861) User=0.16s Sys=0.00s Real=0.02s
[2025-01-07T19:51:25.429+0000][84355.795s][info][gc,start    ] GC(2862) Pause Young (Normal) (G1 Evacuation Pause)
[2025-01-07T19:51:25.429+0000][84355.796s][info][gc,task     ] GC(2862) Using 6 workers of 6 for evacuation
[2025-01-07T19:51:25.457+0000][84355.823s][info][gc,phases   ] GC(2862)   Pre Evacuate Collection Set: 0.2ms
[2025-01-07T19:51:25.457+0000][84355.823s][info][gc,phases   ] GC(2862)   Merge Heap Roots: 0.4ms
[2025-01-07T19:51:25.457+0000][84355.823s][info][gc,phases   ] GC(2862)   Evacuate Collection Set: 24.4ms
[2025-01-07T19:51:25.457+0000][84355.823s][info][gc,phases   ] GC(2862)   Post Evacuate Collection Set: 2.5ms
[2025-01-07T19:51:25.457+0000][84355.823s][info][gc,phases   ] GC(2862)   Other: 0.2ms
[2025-01-07T19:51:25.457+0000][84355.823s][info][gc,heap     ] GC(2862) Eden regions: 913->0(912)
[2025-01-07T19:51:25.457+0000][84355.823s][info][gc,heap     ] GC(2862) Survivor regions: 7->8(115)
[2025-01-07T19:51:25.457+0000][84355.823s][info][gc,heap     ] GC(2862) Old regions: 242->242
[2025-01-07T19:51:25.457+0000][84355.823s][info][gc,heap     ] GC(2862) Archive regions: 2->2
[2025-01-07T19:51:25.457+0000][84355.823s][info][gc,heap     ] GC(2862) Humongous regions: 49->49
[2025-01-07T19:51:25.457+0000][84355.823s][info][gc,metaspace] GC(2862) Metaspace: 498643K(506880K)->498643K(506880K) NonClass: 438077K(442304K)->438077K(442304K) Class: 60566K(64576K)->60566K(64576K)
[2025-01-07T19:51:25.457+0000][84355.823s][info][gc          ] GC(2862) Pause Young (Normal) (G1 Evacuation Pause) 9687M->2391M(12288M) 27.925ms
[2025-01-07T19:51:25.457+0000][84355.823s][info][gc,cpu      ] GC(2862) User=0.16s Sys=0.00s Real=0.03s
[2025-01-07T19:51:32.827+0000][84363.194s][info][gc,start    ] GC(2863) Pause Young (Concurrent Start) (G1 Evacuation Pause)
[2025-01-07T19:51:32.827+0000][84363.194s][info][gc,task     ] GC(2863) Using 6 workers of 6 for evacuation
[2025-01-07T19:51:32.857+0000][84363.223s][info][gc,phases   ] GC(2863)   Pre Evacuate Collection Set: 0.9ms
[2025-01-07T19:51:32.857+0000][84363.223s][info][gc,phases   ] GC(2863)   Merge Heap Roots: 0.4ms
[2025-01-07T19:51:32.857+0000][84363.223s][info][gc,phases   ] GC(2863)   Evacuate Collection Set: 25.0ms
[2025-01-07T19:51:32.857+0000][84363.223s][info][gc,phases   ] GC(2863)   Post Evacuate Collection Set: 2.5ms
[2025-01-07T19:51:32.857+0000][84363.223s][info][gc,phases   ] GC(2863)   Other: 0.3ms
[2025-01-07T19:51:32.857+0000][84363.223s][info][gc,heap     ] GC(2863) Eden regions: 912->0(911)
[2025-01-07T19:51:32.857+0000][84363.223s][info][gc,heap     ] GC(2863) Survivor regions: 8->9(115)
[2025-01-07T19:51:32.857+0000][84363.223s][info][gc,heap     ] GC(2863) Old regions: 242->242
[2025-01-07T19:51:32.857+0000][84363.223s][info][gc,heap     ] GC(2863) Archive regions: 2->2
[2025-01-07T19:51:32.857+0000][84363.223s][info][gc,heap     ] GC(2863) Humongous regions: 49->49
[2025-01-07T19:51:32.857+0000][84363.223s][info][gc,metaspace] GC(2863) Metaspace: 498643K(506880K)->498643K(506880K) NonClass: 438077K(442304K)->438077K(442304K) Class: 60566K(64576K)->60566K(64576K)
[2025-01-07T19:51:32.857+0000][84363.223s][info][gc          ] GC(2863) Pause Young (Concurrent Start) (G1 Evacuation Pause) 9687M->2396M(12288M) 29.306ms
[2025-01-07T19:51:32.857+0000][84363.223s][info][gc,cpu      ] GC(2863) User=0.16s Sys=0.00s Real=0.03s
[2025-01-07T19:51:32.857+0000][84363.223s][info][gc          ] GC(2864) Concurrent Mark Cycle
[2025-01-07T19:51:32.857+0000][84363.223s][info][gc,marking  ] GC(2864) Concurrent Clear Claimed Marks
[2025-01-07T19:51:32.858+0000][84363.224s][info][gc,marking  ] GC(2864) Concurrent Clear Claimed Marks 0.818ms
[2025-01-07T19:51:32.858+0000][84363.224s][info][gc,marking  ] GC(2864) Concurrent Scan Root Regions
[2025-01-07T19:51:32.878+0000][84363.244s][info][gc,marking  ] GC(2864) Concurrent Scan Root Regions 20.596ms
[2025-01-07T19:51:32.878+0000][84363.244s][info][gc,marking  ] GC(2864) Concurrent Mark
[2025-01-07T19:51:32.878+0000][84363.244s][info][gc,marking  ] GC(2864) Concurrent Mark From Roots
[2025-01-07T19:51:32.878+0000][84363.244s][info][gc,task     ] GC(2864) Using 2 workers of 2 for marking
[2025-01-07T19:51:33.707+0000][84364.073s][info][gc,marking  ] GC(2864) Concurrent Mark From Roots 828.301ms
[2025-01-07T19:51:33.707+0000][84364.073s][info][gc,marking  ] GC(2864) Concurrent Preclean
[2025-01-07T19:51:33.709+0000][84364.075s][info][gc,marking  ] GC(2864) Concurrent Preclean 1.855ms
[2025-01-07T19:51:33.709+0000][84364.075s][info][gc,start    ] GC(2864) Pause Remark
[2025-01-07T19:51:33.734+0000][84364.100s][info][gc          ] GC(2864) Pause Remark 3444M->3444M(12288M) 25.168ms
[2025-01-07T19:51:33.734+0000][84364.100s][info][gc,cpu      ] GC(2864) User=0.15s Sys=0.00s Real=0.03s
[2025-01-07T19:51:33.734+0000][84364.100s][info][gc,marking  ] GC(2864) Concurrent Mark 855.671ms
[2025-01-07T19:51:33.734+0000][84364.100s][info][gc,marking  ] GC(2864) Concurrent Rebuild Remembered Sets
[2025-01-07T19:51:34.215+0000][84364.581s][info][gc,marking  ] GC(2864) Concurrent Rebuild Remembered Sets 480.737ms
[2025-01-07T19:51:34.215+0000][84364.581s][info][gc,start    ] GC(2864) Pause Cleanup
[2025-01-07T19:51:34.215+0000][84364.581s][info][gc          ] GC(2864) Pause Cleanup 4028M->4028M(12288M) 0.405ms
[2025-01-07T19:51:34.215+0000][84364.581s][info][gc,cpu      ] GC(2864) User=0.00s Sys=0.00s Real=0.00s
[2025-01-07T19:51:34.215+0000][84364.582s][info][gc,marking  ] GC(2864) Concurrent Cleanup for Next Mark
[2025-01-07T19:51:34.231+0000][84364.597s][info][gc,marking  ] GC(2864) Concurrent Cleanup for Next Mark 15.678ms
[2025-01-07T19:51:34.231+0000][84364.597s][info][gc          ] GC(2864) Concurrent Mark Cycle 1374.366ms
[2025-01-07T19:51:38.494+0000][84368.860s][info][gc,start    ] GC(2865) Pause Young (Prepare Mixed) (G1 Evacuation Pause)
[2025-01-07T19:51:38.494+0000][84368.860s][info][gc,task     ] GC(2865) Using 6 workers of 6 for evacuation
[2025-01-07T19:51:38.525+0000][84368.891s][info][gc,phases   ] GC(2865)   Pre Evacuate Collection Set: 0.2ms
[2025-01-07T19:51:38.525+0000][84368.891s][info][gc,phases   ] GC(2865)   Merge Heap Roots: 0.6ms
[2025-01-07T19:51:38.525+0000][84368.891s][info][gc,phases   ] GC(2865)   Evacuate Collection Set: 28.1ms
[2025-01-07T19:51:38.525+0000][84368.891s][info][gc,phases   ] GC(2865)   Post Evacuate Collection Set: 2.5ms
[2025-01-07T19:51:38.525+0000][84368.891s][info][gc,phases   ] GC(2865)   Other: 0.2ms
[2025-01-07T19:51:38.525+0000][84368.892s][info][gc,heap     ] GC(2865) Eden regions: 911->0(66)
[2025-01-07T19:51:38.525+0000][84368.892s][info][gc,heap     ] GC(2865) Survivor regions: 9->10(115)
[2025-01-07T19:51:38.525+0000][84368.892s][info][gc,heap     ] GC(2865) Old regions: 242->242
[2025-01-07T19:51:38.525+0000][84368.892s][info][gc,heap     ] GC(2865) Archive regions: 2->2
[2025-01-07T19:51:38.525+0000][84368.892s][info][gc,heap     ] GC(2865) Humongous regions: 49->49
[2025-01-07T19:51:38.525+0000][84368.892s][info][gc,metaspace] GC(2865) Metaspace: 498643K(506880K)->498643K(506880K) NonClass: 438077K(442304K)->438077K(442304K) Class: 60566K(64576K)->60566K(64576K)
[2025-01-07T19:51:38.525+0000][84368.892s][info][gc          ] GC(2865) Pause Young (Prepare Mixed) (G1 Evacuation Pause) 9684M->2404M(12288M) 31.705ms
[2025-01-07T19:51:38.526+0000][84368.892s][info][gc,cpu      ] GC(2865) User=0.18s Sys=0.00s Real=0.03s
[2025-01-07T19:51:38.961+0000][84369.328s][info][gc,start    ] GC(2866) Pause Young (Mixed) (G1 Evacuation Pause)
[2025-01-07T19:51:38.961+0000][84369.328s][info][gc,task     ] GC(2866) Using 6 workers of 6 for evacuation
[2025-01-07T19:51:39.010+0000][84369.377s][info][gc,phases   ] GC(2866)   Pre Evacuate Collection Set: 0.2ms
[2025-01-07T19:51:39.011+0000][84369.377s][info][gc,phases   ] GC(2866)   Merge Heap Roots: 0.5ms
[2025-01-07T19:51:39.011+0000][84369.377s][info][gc,phases   ] GC(2866)   Evacuate Collection Set: 46.5ms
[2025-01-07T19:51:39.011+0000][84369.377s][info][gc,phases   ] GC(2866)   Post Evacuate Collection Set: 1.7ms
[2025-01-07T19:51:39.011+0000][84369.377s][info][gc,phases   ] GC(2866)   Other: 0.2ms
[2025-01-07T19:51:39.011+0000][84369.377s][info][gc,heap     ] GC(2866) Eden regions: 66->0(916)
[2025-01-07T19:51:39.011+0000][84369.377s][info][gc,heap     ] GC(2866) Survivor regions: 10->5(10)
[2025-01-07T19:51:39.011+0000][84369.377s][info][gc,heap     ] GC(2866) Old regions: 242->242
[2025-01-07T19:51:39.011+0000][84369.377s][info][gc,heap     ] GC(2866) Archive regions: 2->2
[2025-01-07T19:51:39.011+0000][84369.377s][info][gc,heap     ] GC(2866) Humongous regions: 49->49
[2025-01-07T19:51:39.011+0000][84369.377s][info][gc,metaspace] GC(2866) Metaspace: 498643K(506880K)->498643K(506880K) NonClass: 438077K(442304K)->438077K(442304K) Class: 60566K(64576K)->60566K(64576K)
[2025-01-07T19:51:39.011+0000][84369.377s][info][gc          ] GC(2866) Pause Young (Mixed) (G1 Evacuation Pause) 2932M->2366M(12288M) 49.135ms
[2025-01-07T19:51:39.011+0000][84369.377s][info][gc,cpu      ] GC(2866) User=0.27s Sys=0.00s Real=0.05s
[2025-01-07T19:51:49.280+0000][84379.646s][info][gc,start    ] GC(2867) Pause Young (Normal) (G1 Evacuation Pause)
[2025-01-07T19:51:49.280+0000][84379.646s][info][gc,task     ] GC(2867) Using 6 workers of 6 for evacuation
[2025-01-07T19:51:49.309+0000][84379.675s][info][gc,phases   ] GC(2867)   Pre Evacuate Collection Set: 0.2ms
[2025-01-07T19:51:49.310+0000][84379.676s][info][gc,phases   ] GC(2867)   Merge Heap Roots: 0.4ms
[2025-01-07T19:51:49.310+0000][84379.676s][info][gc,phases   ] GC(2867)   Evacuate Collection Set: 22.8ms
[2025-01-07T19:51:49.310+0000][84379.676s][info][gc,phases   ] GC(2867)   Post Evacuate Collection Set: 5.9ms
[2025-01-07T19:51:49.310+0000][84379.676s][info][gc,phases   ] GC(2867)   Other: 0.2ms
[2025-01-07T19:51:49.310+0000][84379.676s][info][gc,heap     ] GC(2867) Eden regions: 916->0(913)
[2025-01-07T19:51:49.310+0000][84379.676s][info][gc,heap     ] GC(2867) Survivor regions: 5->8(116)
[2025-01-07T19:51:49.310+0000][84379.676s][info][gc,heap     ] GC(2867) Old regions: 242->242
[2025-01-07T19:51:49.310+0000][84379.676s][info][gc,heap     ] GC(2867) Archive regions: 2->2
[2025-01-07T19:51:49.310+0000][84379.676s][info][gc,heap     ] GC(2867) Humongous regions: 49->49
[2025-01-07T19:51:49.310+0000][84379.676s][info][gc,metaspace] GC(2867) Metaspace: 498643K(506880K)->498643K(506880K) NonClass: 438077K(442304K)->438077K(442304K) Class: 60566K(64576K)->60566K(64576K)
[2025-01-07T19:51:49.310+0000][84379.676s][info][gc          ] GC(2867) Pause Young (Normal) (G1 Evacuation Pause) 9694M->2386M(12288M) 29.836ms
[2025-01-07T19:51:49.310+0000][84379.676s][info][gc,cpu      ] GC(2867) User=0.17s Sys=0.01s Real=0.04s
[2025-01-07T19:51:57.271+0000][84387.637s][info][gc,start    ] GC(2868) Pause Young (Normal) (G1 Evacuation Pause)
[2025-01-07T19:51:57.271+0000][84387.637s][info][gc,task     ] GC(2868) Using 6 workers of 6 for evacuation
[2025-01-07T19:51:57.300+0000][84387.666s][info][gc,phases   ] GC(2868)   Pre Evacuate Collection Set: 0.2ms
[2025-01-07T19:51:57.300+0000][84387.666s][info][gc,phases   ] GC(2868)   Merge Heap Roots: 0.4ms
[2025-01-07T19:51:57.300+0000][84387.666s][info][gc,phases   ] GC(2868)   Evacuate Collection Set: 23.9ms
[2025-01-07T19:51:57.300+0000][84387.666s][info][gc,phases   ] GC(2868)   Post Evacuate Collection Set: 3.8ms
[2025-01-07T19:51:57.300+0000][84387.666s][info][gc,phases   ] GC(2868)   Other: 0.2ms
[2025-01-07T19:51:57.300+0000][84387.666s][info][gc,heap     ] GC(2868) Eden regions: 913->0(911)
[2025-01-07T19:51:57.300+0000][84387.666s][info][gc,heap     ] GC(2868) Survivor regions: 8->9(116)
[2025-01-07T19:51:57.300+0000][84387.666s][info][gc,heap     ] GC(2868) Old regions: 242->242
[2025-01-07T19:51:57.300+0000][84387.666s][info][gc,heap     ] GC(2868) Archive regions: 2->2
[2025-01-07T19:51:57.300+0000][84387.666s][info][gc,heap     ] GC(2868) Humongous regions: 49->49
[2025-01-07T19:51:57.300+0000][84387.666s][info][gc,metaspace] GC(2868) Metaspace: 498643K(506880K)->498643K(506880K) NonClass: 438077K(442304K)->438077K(442304K) Class: 60566K(64576K)->60566K(64576K)
[2025-01-07T19:51:57.300+0000][84387.666s][info][gc          ] GC(2868) Pause Young (Normal) (G1 Evacuation Pause) 9690M->2395M(12288M) 28.649ms
[2025-01-07T19:51:57.300+0000][84387.666s][info][gc,cpu      ] GC(2868) User=0.17s Sys=0.00s Real=0.02s
[2025-01-07T19:52:07.553+0000][84397.919s][info][gc,start    ] GC(2869) Pause Young (Concurrent Start) (G1 Evacuation Pause)
[2025-01-07T19:52:07.553+0000][84397.919s][info][gc,task     ] GC(2869) Using 6 workers of 6 for evacuation
[2025-01-07T19:52:07.589+0000][84397.955s][info][gc,phases   ] GC(2869)   Pre Evacuate Collection Set: 1.0ms
[2025-01-07T19:52:07.589+0000][84397.955s][info][gc,phases   ] GC(2869)   Merge Heap Roots: 0.5ms
[2025-01-07T19:52:07.589+0000][84397.955s][info][gc,phases   ] GC(2869)   Evacuate Collection Set: 32.0ms
[2025-01-07T19:52:07.589+0000][84397.955s][info][gc,phases   ] GC(2869)   Post Evacuate Collection Set: 2.7ms
[2025-01-07T19:52:07.589+0000][84397.955s][info][gc,phases   ] GC(2869)   Other: 0.3ms
[2025-01-07T19:52:07.589+0000][84397.955s][info][gc,heap     ] GC(2869) Eden regions: 911->0(910)
[2025-01-07T19:52:07.589+0000][84397.955s][info][gc,heap     ] GC(2869) Survivor regions: 9->10(115)
[2025-01-07T19:52:07.589+0000][84397.955s][info][gc,heap     ] GC(2869) Old regions: 242->242
[2025-01-07T19:52:07.589+0000][84397.955s][info][gc,heap     ] GC(2869) Archive regions: 2->2
[2025-01-07T19:52:07.589+0000][84397.955s][info][gc,heap     ] GC(2869) Humongous regions: 49->49
[2025-01-07T19:52:07.589+0000][84397.955s][info][gc,metaspace] GC(2869) Metaspace: 498643K(506880K)->498643K(506880K) NonClass: 438077K(442304K)->438077K(442304K) Class: 60566K(64576K)->60566K(64576K)
[2025-01-07T19:52:07.589+0000][84397.955s][info][gc          ] GC(2869) Pause Young (Concurrent Start) (G1 Evacuation Pause) 9683M->2405M(12288M) 36.600ms
[2025-01-07T19:52:07.589+0000][84397.956s][info][gc,cpu      ] GC(2869) User=0.21s Sys=0.00s Real=0.03s
[2025-01-07T19:52:07.589+0000][84397.956s][info][gc          ] GC(2870) Concurrent Mark Cycle
[2025-01-07T19:52:07.589+0000][84397.956s][info][gc,marking  ] GC(2870) Concurrent Clear Claimed Marks
[2025-01-07T19:52:07.590+0000][84397.956s][info][gc,marking  ] GC(2870) Concurrent Clear Claimed Marks 0.825ms
[2025-01-07T19:52:07.590+0000][84397.956s][info][gc,marking  ] GC(2870) Concurrent Scan Root Regions
[2025-01-07T19:52:07.617+0000][84397.983s][info][gc,marking  ] GC(2870) Concurrent Scan Root Regions 26.237ms
[2025-01-07T19:52:07.617+0000][84397.983s][info][gc,marking  ] GC(2870) Concurrent Mark
[2025-01-07T19:52:07.617+0000][84397.983s][info][gc,marking  ] GC(2870) Concurrent Mark From Roots
[2025-01-07T19:52:07.617+0000][84397.983s][info][gc,task     ] GC(2870) Using 2 workers of 2 for marking
[2025-01-07T19:52:08.515+0000][84398.881s][info][gc,marking  ] GC(2870) Concurrent Mark From Roots 898.677ms
[2025-01-07T19:52:08.515+0000][84398.881s][info][gc,marking  ] GC(2870) Concurrent Preclean
[2025-01-07T19:52:08.517+0000][84398.883s][info][gc,marking  ] GC(2870) Concurrent Preclean 1.914ms
[2025-01-07T19:52:08.517+0000][84398.883s][info][gc,start    ] GC(2870) Pause Remark
[2025-01-07T19:52:08.543+0000][84398.909s][info][gc          ] GC(2870) Pause Remark 3349M->3349M(12288M) 25.225ms
[2025-01-07T19:52:08.543+0000][84398.909s][info][gc,cpu      ] GC(2870) User=0.14s Sys=0.00s Real=0.03s
[2025-01-07T19:52:08.543+0000][84398.909s][info][gc,marking  ] GC(2870) Concurrent Mark 926.182ms
[2025-01-07T19:52:08.543+0000][84398.909s][info][gc,marking  ] GC(2870) Concurrent Rebuild Remembered Sets
[2025-01-07T19:52:09.085+0000][84399.451s][info][gc,marking  ] GC(2870) Concurrent Rebuild Remembered Sets 542.114ms
[2025-01-07T19:52:09.085+0000][84399.451s][info][gc,start    ] GC(2870) Pause Cleanup
[2025-01-07T19:52:09.085+0000][84399.452s][info][gc          ] GC(2870) Pause Cleanup 3893M->3893M(12288M) 0.430ms
[2025-01-07T19:52:09.086+0000][84399.452s][info][gc,cpu      ] GC(2870) User=0.00s Sys=0.00s Real=0.00s
[2025-01-07T19:52:09.086+0000][84399.452s][info][gc,marking  ] GC(2870) Concurrent Cleanup for Next Mark
[2025-01-07T19:52:09.102+0000][84399.468s][info][gc,marking  ] GC(2870) Concurrent Cleanup for Next Mark 15.927ms
[2025-01-07T19:52:09.102+0000][84399.468s][info][gc          ] GC(2870) Concurrent Mark Cycle 1512.105ms
[2025-01-07T19:52:16.616+0000][84406.982s][info][gc,start    ] GC(2871) Pause Young (Prepare Mixed) (GCLocker Initiated GC)
[2025-01-07T19:52:16.616+0000][84406.982s][info][gc,task     ] GC(2871) Using 6 workers of 6 for evacuation
[2025-01-07T19:52:16.652+0000][84407.018s][info][gc,phases   ] GC(2871)   Pre Evacuate Collection Set: 0.2ms
[2025-01-07T19:52:16.652+0000][84407.019s][info][gc,phases   ] GC(2871)   Merge Heap Roots: 0.7ms
[2025-01-07T19:52:16.652+0000][84407.019s][info][gc,phases   ] GC(2871)   Evacuate Collection Set: 32.6ms
[2025-01-07T19:52:16.652+0000][84407.019s][info][gc,phases   ] GC(2871)   Post Evacuate Collection Set: 2.7ms
[2025-01-07T19:52:16.652+0000][84407.019s][info][gc,phases   ] GC(2871)   Other: 0.2ms
[2025-01-07T19:52:16.652+0000][84407.019s][info][gc,heap     ] GC(2871) Eden regions: 911->0(65)
[2025-01-07T19:52:16.652+0000][84407.019s][info][gc,heap     ] GC(2871) Survivor regions: 10->11(115)
[2025-01-07T19:52:16.652+0000][84407.019s][info][gc,heap     ] GC(2871) Old regions: 242->242
[2025-01-07T19:52:16.652+0000][84407.019s][info][gc,heap     ] GC(2871) Archive regions: 2->2
[2025-01-07T19:52:16.652+0000][84407.019s][info][gc,heap     ] GC(2871) Humongous regions: 49->49
[2025-01-07T19:52:16.652+0000][84407.019s][info][gc,metaspace] GC(2871) Metaspace: 498643K(506880K)->498643K(506880K) NonClass: 438077K(442304K)->438077K(442304K) Class: 60566K(64576K)->60566K(64576K)
[2025-01-07T19:52:16.653+0000][84407.019s][info][gc          ] GC(2871) Pause Young (Prepare Mixed) (GCLocker Initiated GC) 9689M->2415M(12288M) 36.495ms
[2025-01-07T19:52:16.653+0000][84407.019s][info][gc,cpu      ] GC(2871) User=0.21s Sys=0.00s Real=0.04s
[2025-01-07T19:52:17.266+0000][84407.633s][info][gc,start    ] GC(2872) Pause Young (Mixed) (G1 Evacuation Pause)
[2025-01-07T19:52:17.267+0000][84407.633s][info][gc,task     ] GC(2872) Using 6 workers of 6 for evacuation
[2025-01-07T19:52:17.336+0000][84407.702s][info][gc,phases   ] GC(2872)   Pre Evacuate Collection Set: 0.2ms
[2025-01-07T19:52:17.336+0000][84407.702s][info][gc,phases   ] GC(2872)   Merge Heap Roots: 0.9ms
[2025-01-07T19:52:17.336+0000][84407.702s][info][gc,phases   ] GC(2872)   Evacuate Collection Set: 66.6ms
[2025-01-07T19:52:17.336+0000][84407.702s][info][gc,phases   ] GC(2872)   Post Evacuate Collection Set: 2.1ms
[2025-01-07T19:52:17.336+0000][84407.702s][info][gc,phases   ] GC(2872)   Other: 0.2ms
[2025-01-07T19:52:17.336+0000][84407.703s][info][gc,heap     ] GC(2872) Eden regions: 65->0(914)
[2025-01-07T19:52:17.336+0000][84407.703s][info][gc,heap     ] GC(2872) Survivor regions: 11->5(10)
[2025-01-07T19:52:17.336+0000][84407.703s][info][gc,heap     ] GC(2872) Old regions: 242->243
[2025-01-07T19:52:17.336+0000][84407.703s][info][gc,heap     ] GC(2872) Archive regions: 2->2
[2025-01-07T19:52:17.336+0000][84407.703s][info][gc,heap     ] GC(2872) Humongous regions: 49->49
[2025-01-07T19:52:17.336+0000][84407.703s][info][gc,metaspace] GC(2872) Metaspace: 498643K(506880K)->498643K(506880K) NonClass: 438077K(442304K)->438077K(442304K) Class: 60566K(64576K)->60566K(64576K)
[2025-01-07T19:52:17.336+0000][84407.703s][info][gc          ] GC(2872) Pause Young (Mixed) (G1 Evacuation Pause) 2935M->2375M(12288M) 69.953ms
[2025-01-07T19:52:17.336+0000][84407.703s][info][gc,cpu      ] GC(2872) User=0.41s Sys=0.00s Real=0.07s
[2025-01-07T19:52:25.736+0000][84416.102s][info][gc,start    ] GC(2873) Pause Young (Normal) (G1 Evacuation Pause)
[2025-01-07T19:52:25.736+0000][84416.102s][info][gc,task     ] GC(2873) Using 6 workers of 6 for evacuation
[2025-01-07T19:52:25.763+0000][84416.129s][info][gc,phases   ] GC(2873)   Pre Evacuate Collection Set: 0.2ms
[2025-01-07T19:52:25.763+0000][84416.129s][info][gc,phases   ] GC(2873)   Merge Heap Roots: 0.4ms
[2025-01-07T19:52:25.763+0000][84416.129s][info][gc,phases   ] GC(2873)   Evacuate Collection Set: 23.7ms
[2025-01-07T19:52:25.763+0000][84416.129s][info][gc,phases   ] GC(2873)   Post Evacuate Collection Set: 2.6ms
[2025-01-07T19:52:25.763+0000][84416.129s][info][gc,phases   ] GC(2873)   Other: 0.2ms
[2025-01-07T19:52:25.763+0000][84416.129s][info][gc,heap     ] GC(2873) Eden regions: 914->0(913)
[2025-01-07T19:52:25.763+0000][84416.129s][info][gc,heap     ] GC(2873) Survivor regions: 5->6(115)
[2025-01-07T19:52:25.763+0000][84416.129s][info][gc,heap     ] GC(2873) Old regions: 243->243
[2025-01-07T19:52:25.763+0000][84416.129s][info][gc,heap     ] GC(2873) Archive regions: 2->2
[2025-01-07T19:52:25.763+0000][84416.129s][info][gc,heap     ] GC(2873) Humongous regions: 49->49
[2025-01-07T19:52:25.763+0000][84416.129s][info][gc,metaspace] GC(2873) Metaspace: 498643K(506880K)->498643K(506880K) NonClass: 438077K(442304K)->438077K(442304K) Class: 60566K(64576K)->60566K(64576K)
[2025-01-07T19:52:25.763+0000][84416.129s][info][gc          ] GC(2873) Pause Young (Normal) (G1 Evacuation Pause) 9687M->2383M(12288M) 27.247ms
[2025-01-07T19:52:25.763+0000][84416.129s][info][gc,cpu      ] GC(2873) User=0.16s Sys=0.00s Real=0.03s
[2025-01-07T19:52:33.956+0000][84424.322s][info][gc,start    ] GC(2874) Pause Young (Normal) (G1 Evacuation Pause)
[2025-01-07T19:52:33.956+0000][84424.322s][info][gc,task     ] GC(2874) Using 6 workers of 6 for evacuation
[2025-01-07T19:52:33.983+0000][84424.349s][info][gc,phases   ] GC(2874)   Pre Evacuate Collection Set: 0.2ms
[2025-01-07T19:52:33.983+0000][84424.349s][info][gc,phases   ] GC(2874)   Merge Heap Roots: 0.5ms
[2025-01-07T19:52:33.983+0000][84424.349s][info][gc,phases   ] GC(2874)   Evacuate Collection Set: 23.1ms
[2025-01-07T19:52:33.983+0000][84424.349s][info][gc,phases   ] GC(2874)   Post Evacuate Collection Set: 2.5ms
[2025-01-07T19:52:33.983+0000][84424.349s][info][gc,phases   ] GC(2874)   Other: 0.2ms
[2025-01-07T19:52:33.983+0000][84424.349s][info][gc,heap     ] GC(2874) Eden regions: 913->0(913)
[2025-01-07T19:52:33.983+0000][84424.349s][info][gc,heap     ] GC(2874) Survivor regions: 6->7(115)
[2025-01-07T19:52:33.983+0000][84424.349s][info][gc,heap     ] GC(2874) Old regions: 243->243
[2025-01-07T19:52:33.983+0000][84424.349s][info][gc,heap     ] GC(2874) Archive regions: 2->2
[2025-01-07T19:52:33.983+0000][84424.349s][info][gc,heap     ] GC(2874) Humongous regions: 49->49
[2025-01-07T19:52:33.983+0000][84424.349s][info][gc,metaspace] GC(2874) Metaspace: 498643K(506880K)->498643K(506880K) NonClass: 438077K(442304K)->438077K(442304K) Class: 60566K(64576K)->60566K(64576K)
[2025-01-07T19:52:33.983+0000][84424.349s][info][gc          ] GC(2874) Pause Young (Normal) (G1 Evacuation Pause) 9687M->2391M(12288M) 26.568ms
[2025-01-07T19:52:33.983+0000][84424.349s][info][gc,cpu      ] GC(2874) User=0.15s Sys=0.00s Real=0.03s
[2025-01-07T19:52:40.758+0000][84431.125s][info][gc,start    ] GC(2875) Pause Young (Concurrent Start) (G1 Evacuation Pause)
[2025-01-07T19:52:40.758+0000][84431.125s][info][gc,task     ] GC(2875) Using 6 workers of 6 for evacuation
[2025-01-07T19:52:40.793+0000][84431.159s][info][gc,phases   ] GC(2875)   Pre Evacuate Collection Set: 1.0ms
[2025-01-07T19:52:40.793+0000][84431.159s][info][gc,phases   ] GC(2875)   Merge Heap Roots: 0.4ms
[2025-01-07T19:52:40.793+0000][84431.159s][info][gc,phases   ] GC(2875)   Evacuate Collection Set: 27.2ms
[2025-01-07T19:52:40.793+0000][84431.159s][info][gc,phases   ] GC(2875)   Post Evacuate Collection Set: 5.2ms
[2025-01-07T19:52:40.793+0000][84431.159s][info][gc,phases   ] GC(2875)   Other: 0.3ms
[2025-01-07T19:52:40.793+0000][84431.159s][info][gc,heap     ] GC(2875) Eden regions: 913->0(908)
[2025-01-07T19:52:40.793+0000][84431.159s][info][gc,heap     ] GC(2875) Survivor regions: 7->10(115)
[2025-01-07T19:52:40.793+0000][84431.159s][info][gc,heap     ] GC(2875) Old regions: 243->243
[2025-01-07T19:52:40.793+0000][84431.159s][info][gc,heap     ] GC(2875) Archive regions: 2->2
[2025-01-07T19:52:40.793+0000][84431.159s][info][gc,heap     ] GC(2875) Humongous regions: 49->49
[2025-01-07T19:52:40.793+0000][84431.159s][info][gc,metaspace] GC(2875) Metaspace: 498643K(506880K)->498643K(506880K) NonClass: 438077K(442304K)->438077K(442304K) Class: 60566K(64576K)->60566K(64576K)
[2025-01-07T19:52:40.793+0000][84431.159s][info][gc          ] GC(2875) Pause Young (Concurrent Start) (G1 Evacuation Pause) 9695M->2412M(12288M) 34.280ms
[2025-01-07T19:52:40.793+0000][84431.159s][info][gc,cpu      ] GC(2875) User=0.19s Sys=0.00s Real=0.04s
[2025-01-07T19:52:40.793+0000][84431.159s][info][gc          ] GC(2876) Concurrent Mark Cycle
[2025-01-07T19:52:40.793+0000][84431.159s][info][gc,marking  ] GC(2876) Concurrent Clear Claimed Marks
[2025-01-07T19:52:40.794+0000][84431.160s][info][gc,marking  ] GC(2876) Concurrent Clear Claimed Marks 0.906ms
[2025-01-07T19:52:40.794+0000][84431.160s][info][gc,marking  ] GC(2876) Concurrent Scan Root Regions
[2025-01-07T19:52:40.818+0000][84431.184s][info][gc,marking  ] GC(2876) Concurrent Scan Root Regions 23.960ms
[2025-01-07T19:52:40.818+0000][84431.184s][info][gc,marking  ] GC(2876) Concurrent Mark
[2025-01-07T19:52:40.818+0000][84431.184s][info][gc,marking  ] GC(2876) Concurrent Mark From Roots
[2025-01-07T19:52:40.818+0000][84431.184s][info][gc,task     ] GC(2876) Using 2 workers of 2 for marking
[2025-01-07T19:52:41.671+0000][84432.038s][info][gc,marking  ] GC(2876) Concurrent Mark From Roots 853.667ms
[2025-01-07T19:52:41.671+0000][84432.038s][info][gc,marking  ] GC(2876) Concurrent Preclean
[2025-01-07T19:52:41.673+0000][84432.039s][info][gc,marking  ] GC(2876) Concurrent Preclean 1.902ms
[2025-01-07T19:52:41.674+0000][84432.040s][info][gc,start    ] GC(2876) Pause Remark
[2025-01-07T19:52:41.699+0000][84432.065s][info][gc          ] GC(2876) Pause Remark 2904M->2904M(12288M) 25.484ms
[2025-01-07T19:52:41.699+0000][84432.065s][info][gc,cpu      ] GC(2876) User=0.14s Sys=0.00s Real=0.02s
[2025-01-07T19:52:41.699+0000][84432.065s][info][gc,marking  ] GC(2876) Concurrent Mark 881.444ms
[2025-01-07T19:52:41.699+0000][84432.065s][info][gc,marking  ] GC(2876) Concurrent Rebuild Remembered Sets
[2025-01-07T19:52:42.177+0000][84432.543s][info][gc,marking  ] GC(2876) Concurrent Rebuild Remembered Sets 477.408ms
[2025-01-07T19:52:42.177+0000][84432.543s][info][gc,start    ] GC(2876) Pause Cleanup
[2025-01-07T19:52:42.177+0000][84432.543s][info][gc          ] GC(2876) Pause Cleanup 3080M->3080M(12288M) 0.398ms
[2025-01-07T19:52:42.177+0000][84432.543s][info][gc,cpu      ] GC(2876) User=0.00s Sys=0.00s Real=0.00s
[2025-01-07T19:52:42.177+0000][84432.543s][info][gc,marking  ] GC(2876) Concurrent Cleanup for Next Mark
[2025-01-07T19:52:42.193+0000][84432.559s][info][gc,marking  ] GC(2876) Concurrent Cleanup for Next Mark 15.367ms
[2025-01-07T19:52:42.193+0000][84432.559s][info][gc          ] GC(2876) Concurrent Mark Cycle 1399.894ms
[2025-01-07T19:52:53.827+0000][84444.193s][info][gc,start    ] GC(2877) Pause Young (Prepare Mixed) (G1 Evacuation Pause)
[2025-01-07T19:52:53.827+0000][84444.193s][info][gc,task     ] GC(2877) Using 6 workers of 6 for evacuation
[2025-01-07T19:52:53.870+0000][84444.236s][info][gc,phases   ] GC(2877)   Pre Evacuate Collection Set: 0.2ms
[2025-01-07T19:52:53.870+0000][84444.236s][info][gc,phases   ] GC(2877)   Merge Heap Roots: 0.7ms
[2025-01-07T19:52:53.870+0000][84444.236s][info][gc,phases   ] GC(2877)   Evacuate Collection Set: 37.4ms
[2025-01-07T19:52:53.870+0000][84444.236s][info][gc,phases   ] GC(2877)   Post Evacuate Collection Set: 4.6ms
[2025-01-07T19:52:53.870+0000][84444.236s][info][gc,phases   ] GC(2877)   Other: 0.2ms
[2025-01-07T19:52:53.870+0000][84444.236s][info][gc,heap     ] GC(2877) Eden regions: 908->0(64)
[2025-01-07T19:52:53.870+0000][84444.236s][info][gc,heap     ] GC(2877) Survivor regions: 10->12(115)
[2025-01-07T19:52:53.870+0000][84444.236s][info][gc,heap     ] GC(2877) Old regions: 243->243
[2025-01-07T19:52:53.870+0000][84444.236s][info][gc,heap     ] GC(2877) Archive regions: 2->2
[2025-01-07T19:52:53.870+0000][84444.236s][info][gc,heap     ] GC(2877) Humongous regions: 49->49
[2025-01-07T19:52:53.870+0000][84444.236s][info][gc,metaspace] GC(2877) Metaspace: 498643K(506880K)->498643K(506880K) NonClass: 438077K(442304K)->438077K(442304K) Class: 60566K(64576K)->60566K(64576K)
[2025-01-07T19:52:53.870+0000][84444.236s][info][gc          ] GC(2877) Pause Young (Prepare Mixed) (G1 Evacuation Pause) 9676M->2425M(12288M) 43.291ms
[2025-01-07T19:52:53.870+0000][84444.236s][info][gc,cpu      ] GC(2877) User=0.25s Sys=0.00s Real=0.05s
[2025-01-07T19:52:54.634+0000][84445.000s][info][gc,start    ] GC(2878) Pause Young (Mixed) (G1 Evacuation Pause)
[2025-01-07T19:52:54.634+0000][84445.000s][info][gc,task     ] GC(2878) Using 6 workers of 6 for evacuation
[2025-01-07T19:52:54.695+0000][84445.061s][info][gc,phases   ] GC(2878)   Pre Evacuate Collection Set: 0.2ms
[2025-01-07T19:52:54.695+0000][84445.061s][info][gc,phases   ] GC(2878)   Merge Heap Roots: 0.7ms
[2025-01-07T19:52:54.695+0000][84445.061s][info][gc,phases   ] GC(2878)   Evacuate Collection Set: 58.8ms
[2025-01-07T19:52:54.695+0000][84445.061s][info][gc,phases   ] GC(2878)   Post Evacuate Collection Set: 1.7ms
[2025-01-07T19:52:54.695+0000][84445.061s][info][gc,phases   ] GC(2878)   Other: 0.2ms
[2025-01-07T19:52:54.695+0000][84445.061s][info][gc,heap     ] GC(2878) Eden regions: 64->0(912)
[2025-01-07T19:52:54.695+0000][84445.061s][info][gc,heap     ] GC(2878) Survivor regions: 12->5(10)
[2025-01-07T19:52:54.695+0000][84445.061s][info][gc,heap     ] GC(2878) Old regions: 243->244
[2025-01-07T19:52:54.695+0000][84445.061s][info][gc,heap     ] GC(2878) Archive regions: 2->2
[2025-01-07T19:52:54.695+0000][84445.061s][info][gc,heap     ] GC(2878) Humongous regions: 49->49
[2025-01-07T19:52:54.695+0000][84445.061s][info][gc,metaspace] GC(2878) Metaspace: 498643K(506880K)->498643K(506880K) NonClass: 438077K(442304K)->438077K(442304K) Class: 60566K(64576K)->60566K(64576K)
[2025-01-07T19:52:54.695+0000][84445.061s][info][gc          ] GC(2878) Pause Young (Mixed) (G1 Evacuation Pause) 2937M->2385M(12288M) 61.632ms
[2025-01-07T19:52:54.695+0000][84445.061s][info][gc,cpu      ] GC(2878) User=0.35s Sys=0.00s Real=0.06s
[2025-01-07T19:53:03.380+0000][84453.746s][info][gc,start    ] GC(2879) Pause Young (Normal) (G1 Evacuation Pause)
[2025-01-07T19:53:03.380+0000][84453.746s][info][gc,task     ] GC(2879) Using 6 workers of 6 for evacuation
[2025-01-07T19:53:03.406+0000][84453.772s][info][gc,phases   ] GC(2879)   Pre Evacuate Collection Set: 0.2ms
[2025-01-07T19:53:03.406+0000][84453.772s][info][gc,phases   ] GC(2879)   Merge Heap Roots: 0.4ms
[2025-01-07T19:53:03.406+0000][84453.772s][info][gc,phases   ] GC(2879)   Evacuate Collection Set: 22.8ms
[2025-01-07T19:53:03.406+0000][84453.772s][info][gc,phases   ] GC(2879)   Post Evacuate Collection Set: 2.7ms
[2025-01-07T19:53:03.406+0000][84453.772s][info][gc,phases   ] GC(2879)   Other: 0.2ms
[2025-01-07T19:53:03.406+0000][84453.772s][info][gc,heap     ] GC(2879) Eden regions: 912->0(911)
[2025-01-07T19:53:03.406+0000][84453.772s][info][gc,heap     ] GC(2879) Survivor regions: 5->6(115)
[2025-01-07T19:53:03.406+0000][84453.772s][info][gc,heap     ] GC(2879) Old regions: 244->244
[2025-01-07T19:53:03.406+0000][84453.772s][info][gc,heap     ] GC(2879) Archive regions: 2->2
[2025-01-07T19:53:03.406+0000][84453.772s][info][gc,heap     ] GC(2879) Humongous regions: 49->49
[2025-01-07T19:53:03.406+0000][84453.772s][info][gc,metaspace] GC(2879) Metaspace: 498643K(506880K)->498643K(506880K) NonClass: 438077K(442304K)->438077K(442304K) Class: 60566K(64576K)->60566K(64576K)
[2025-01-07T19:53:03.406+0000][84453.772s][info][gc          ] GC(2879) Pause Young (Normal) (G1 Evacuation Pause) 9681M->2396M(12288M) 26.384ms
[2025-01-07T19:53:03.406+0000][84453.773s][info][gc,cpu      ] GC(2879) User=0.15s Sys=0.00s Real=0.03s
[2025-01-07T19:53:09.929+0000][84460.295s][info][gc,start    ] GC(2880) Pause Young (Normal) (G1 Evacuation Pause)
[2025-01-07T19:53:09.929+0000][84460.295s][info][gc,task     ] GC(2880) Using 6 workers of 6 for evacuation
[2025-01-07T19:53:09.952+0000][84460.318s][info][gc,phases   ] GC(2880)   Pre Evacuate Collection Set: 0.2ms
[2025-01-07T19:53:09.952+0000][84460.318s][info][gc,phases   ] GC(2880)   Merge Heap Roots: 0.4ms
[2025-01-07T19:53:09.952+0000][84460.318s][info][gc,phases   ] GC(2880)   Evacuate Collection Set: 20.0ms
[2025-01-07T19:53:09.952+0000][84460.318s][info][gc,phases   ] GC(2880)   Post Evacuate Collection Set: 2.4ms
[2025-01-07T19:53:09.952+0000][84460.318s][info][gc,phases   ] GC(2880)   Other: 0.2ms
[2025-01-07T19:53:09.952+0000][84460.318s][info][gc,heap     ] GC(2880) Eden regions: 911->0(912)
[2025-01-07T19:53:09.952+0000][84460.318s][info][gc,heap     ] GC(2880) Survivor regions: 6->7(115)
[2025-01-07T19:53:09.952+0000][84460.318s][info][gc,heap     ] GC(2880) Old regions: 244->244
[2025-01-07T19:53:09.952+0000][84460.318s][info][gc,heap     ] GC(2880) Archive regions: 2->2
[2025-01-07T19:53:09.952+0000][84460.318s][info][gc,heap     ] GC(2880) Humongous regions: 49->49
[2025-01-07T19:53:09.952+0000][84460.318s][info][gc,metaspace] GC(2880) Metaspace: 498643K(506880K)->498643K(506880K) NonClass: 438077K(442304K)->438077K(442304K) Class: 60566K(64576K)->60566K(64576K)
[2025-01-07T19:53:09.952+0000][84460.319s][info][gc          ] GC(2880) Pause Young (Normal) (G1 Evacuation Pause) 9684M->2402M(12288M) 23.350ms
[2025-01-07T19:53:09.952+0000][84460.319s][info][gc,cpu      ] GC(2880) User=0.13s Sys=0.00s Real=0.03s
[2025-01-07T19:53:20.655+0000][84471.021s][info][gc,start    ] GC(2881) Pause Young (Concurrent Start) (G1 Evacuation Pause)
[2025-01-07T19:53:20.655+0000][84471.021s][info][gc,task     ] GC(2881) Using 6 workers of 6 for evacuation
[2025-01-07T19:53:20.687+0000][84471.053s][info][gc,phases   ] GC(2881)   Pre Evacuate Collection Set: 1.0ms
[2025-01-07T19:53:20.687+0000][84471.053s][info][gc,phases   ] GC(2881)   Merge Heap Roots: 0.4ms
[2025-01-07T19:53:20.687+0000][84471.053s][info][gc,phases   ] GC(2881)   Evacuate Collection Set: 27.5ms
[2025-01-07T19:53:20.687+0000][84471.054s][info][gc,phases   ] GC(2881)   Post Evacuate Collection Set: 2.8ms
[2025-01-07T19:53:20.687+0000][84471.054s][info][gc,phases   ] GC(2881)   Other: 0.4ms
[2025-01-07T19:53:20.687+0000][84471.054s][info][gc,heap     ] GC(2881) Eden regions: 912->0(910)
[2025-01-07T19:53:20.687+0000][84471.054s][info][gc,heap     ] GC(2881) Survivor regions: 7->9(115)
[2025-01-07T19:53:20.687+0000][84471.054s][info][gc,heap     ] GC(2881) Old regions: 244->244
[2025-01-07T19:53:20.687+0000][84471.054s][info][gc,heap     ] GC(2881) Archive regions: 2->2
[2025-01-07T19:53:20.687+0000][84471.054s][info][gc,heap     ] GC(2881) Humongous regions: 49->49
[2025-01-07T19:53:20.687+0000][84471.054s][info][gc,metaspace] GC(2881) Metaspace: 498644K(506880K)->498644K(506880K) NonClass: 438077K(442304K)->438077K(442304K) Class: 60566K(64576K)->60566K(64576K)
[2025-01-07T19:53:20.687+0000][84471.054s][info][gc          ] GC(2881) Pause Young (Concurrent Start) (G1 Evacuation Pause) 9698M->2418M(12288M) 32.162ms
[2025-01-07T19:53:20.688+0000][84471.054s][info][gc,cpu      ] GC(2881) User=0.19s Sys=0.00s Real=0.03s
[2025-01-07T19:53:20.688+0000][84471.054s][info][gc          ] GC(2882) Concurrent Mark Cycle
[2025-01-07T19:53:20.688+0000][84471.054s][info][gc,marking  ] GC(2882) Concurrent Clear Claimed Marks
[2025-01-07T19:53:20.688+0000][84471.054s][info][gc,marking  ] GC(2882) Concurrent Clear Claimed Marks 0.822ms
[2025-01-07T19:53:20.688+0000][84471.055s][info][gc,marking  ] GC(2882) Concurrent Scan Root Regions
[2025-01-07T19:53:20.713+0000][84471.080s][info][gc,marking  ] GC(2882) Concurrent Scan Root Regions 24.997ms
[2025-01-07T19:53:20.713+0000][84471.080s][info][gc,marking  ] GC(2882) Concurrent Mark
[2025-01-07T19:53:20.713+0000][84471.080s][info][gc,marking  ] GC(2882) Concurrent Mark From Roots
[2025-01-07T19:53:20.713+0000][84471.080s][info][gc,task     ] GC(2882) Using 2 workers of 2 for marking
[2025-01-07T19:53:21.564+0000][84471.930s][info][gc,marking  ] GC(2882) Concurrent Mark From Roots 850.666ms
[2025-01-07T19:53:21.564+0000][84471.930s][info][gc,marking  ] GC(2882) Concurrent Preclean
[2025-01-07T19:53:21.567+0000][84471.933s][info][gc,marking  ] GC(2882) Concurrent Preclean 2.567ms
[2025-01-07T19:53:21.567+0000][84471.933s][info][gc,start    ] GC(2882) Pause Remark
[2025-01-07T19:53:21.593+0000][84471.959s][info][gc          ] GC(2882) Pause Remark 3562M->3562M(12288M) 25.767ms
[2025-01-07T19:53:21.593+0000][84471.959s][info][gc,cpu      ] GC(2882) User=0.14s Sys=0.00s Real=0.03s
[2025-01-07T19:53:21.593+0000][84471.959s][info][gc,marking  ] GC(2882) Concurrent Mark 879.400ms
[2025-01-07T19:53:21.593+0000][84471.959s][info][gc,marking  ] GC(2882) Concurrent Rebuild Remembered Sets
[2025-01-07T19:53:22.096+0000][84472.462s][info][gc,marking  ] GC(2882) Concurrent Rebuild Remembered Sets 502.956ms
[2025-01-07T19:53:22.096+0000][84472.462s][info][gc,start    ] GC(2882) Pause Cleanup
[2025-01-07T19:53:22.097+0000][84472.463s][info][gc          ] GC(2882) Pause Cleanup 4242M->4242M(12288M) 0.498ms
[2025-01-07T19:53:22.097+0000][84472.463s][info][gc,cpu      ] GC(2882) User=0.00s Sys=0.00s Real=0.00s
[2025-01-07T19:53:22.097+0000][84472.463s][info][gc,marking  ] GC(2882) Concurrent Cleanup for Next Mark
[2025-01-07T19:53:22.112+0000][84472.478s][info][gc,marking  ] GC(2882) Concurrent Cleanup for Next Mark 15.575ms
[2025-01-07T19:53:22.112+0000][84472.478s][info][gc          ] GC(2882) Concurrent Mark Cycle 1424.699ms
[2025-01-07T19:53:25.485+0000][84475.852s][info][gc,start    ] GC(2883) Pause Young (Prepare Mixed) (G1 Evacuation Pause)
[2025-01-07T19:53:25.485+0000][84475.852s][info][gc,task     ] GC(2883) Using 6 workers of 6 for evacuation
[2025-01-07T19:53:25.515+0000][84475.882s][info][gc,phases   ] GC(2883)   Pre Evacuate Collection Set: 0.2ms
[2025-01-07T19:53:25.516+0000][84475.882s][info][gc,phases   ] GC(2883)   Merge Heap Roots: 0.6ms
[2025-01-07T19:53:25.516+0000][84475.882s][info][gc,phases   ] GC(2883)   Evacuate Collection Set: 26.7ms
[2025-01-07T19:53:25.516+0000][84475.882s][info][gc,phases   ] GC(2883)   Post Evacuate Collection Set: 2.4ms
[2025-01-07T19:53:25.516+0000][84475.882s][info][gc,phases   ] GC(2883)   Other: 0.2ms
[2025-01-07T19:53:25.516+0000][84475.882s][info][gc,heap     ] GC(2883) Eden regions: 910->0(67)
[2025-01-07T19:53:25.516+0000][84475.882s][info][gc,heap     ] GC(2883) Survivor regions: 9->9(115)
[2025-01-07T19:53:25.516+0000][84475.882s][info][gc,heap     ] GC(2883) Old regions: 244->244
[2025-01-07T19:53:25.516+0000][84475.882s][info][gc,heap     ] GC(2883) Archive regions: 2->2
[2025-01-07T19:53:25.516+0000][84475.882s][info][gc,heap     ] GC(2883) Humongous regions: 49->49
[2025-01-07T19:53:25.516+0000][84475.882s][info][gc,metaspace] GC(2883) Metaspace: 498644K(506880K)->498644K(506880K) NonClass: 438077K(442304K)->438077K(442304K) Class: 60566K(64576K)->60566K(64576K)
[2025-01-07T19:53:25.516+0000][84475.882s][info][gc          ] GC(2883) Pause Young (Prepare Mixed) (G1 Evacuation Pause) 9698M->2422M(12288M) 30.177ms
[2025-01-07T19:53:25.516+0000][84475.882s][info][gc,cpu      ] GC(2883) User=0.17s Sys=0.01s Real=0.03s
[2025-01-07T19:53:26.312+0000][84476.678s][info][gc,start    ] GC(2884) Pause Young (Mixed) (G1 Evacuation Pause)
[2025-01-07T19:53:26.312+0000][84476.678s][info][gc,task     ] GC(2884) Using 6 workers of 6 for evacuation
[2025-01-07T19:53:26.357+0000][84476.723s][info][gc,phases   ] GC(2884)   Pre Evacuate Collection Set: 0.2ms
[2025-01-07T19:53:26.357+0000][84476.723s][info][gc,phases   ] GC(2884)   Merge Heap Roots: 0.5ms
[2025-01-07T19:53:26.357+0000][84476.723s][info][gc,phases   ] GC(2884)   Evacuate Collection Set: 42.5ms
[2025-01-07T19:53:26.357+0000][84476.723s][info][gc,phases   ] GC(2884)   Post Evacuate Collection Set: 1.7ms
[2025-01-07T19:53:26.357+0000][84476.723s][info][gc,phases   ] GC(2884)   Other: 0.2ms
[2025-01-07T19:53:26.357+0000][84476.723s][info][gc,heap     ] GC(2884) Eden regions: 67->0(915)
[2025-01-07T19:53:26.357+0000][84476.723s][info][gc,heap     ] GC(2884) Survivor regions: 9->6(10)
[2025-01-07T19:53:26.357+0000][84476.723s][info][gc,heap     ] GC(2884) Old regions: 244->242
[2025-01-07T19:53:26.357+0000][84476.723s][info][gc,heap     ] GC(2884) Archive regions: 2->2
[2025-01-07T19:53:26.357+0000][84476.723s][info][gc,heap     ] GC(2884) Humongous regions: 49->49
[2025-01-07T19:53:26.357+0000][84476.723s][info][gc,metaspace] GC(2884) Metaspace: 498644K(506880K)->498644K(506880K) NonClass: 438077K(442304K)->438077K(442304K) Class: 60566K(64576K)->60566K(64576K)
[2025-01-07T19:53:26.357+0000][84476.723s][info][gc          ] GC(2884) Pause Young (Mixed) (G1 Evacuation Pause) 2958M->2369M(12288M) 45.150ms
[2025-01-07T19:53:26.357+0000][84476.723s][info][gc,cpu      ] GC(2884) User=0.26s Sys=0.00s Real=0.04s
[2025-01-07T19:53:35.935+0000][84486.301s][info][gc,start    ] GC(2885) Pause Young (Normal) (G1 Evacuation Pause)
[2025-01-07T19:53:35.935+0000][84486.301s][info][gc,task     ] GC(2885) Using 6 workers of 6 for evacuation
[2025-01-07T19:53:35.965+0000][84486.331s][info][gc,phases   ] GC(2885)   Pre Evacuate Collection Set: 0.2ms
[2025-01-07T19:53:35.965+0000][84486.331s][info][gc,phases   ] GC(2885)   Merge Heap Roots: 0.4ms
[2025-01-07T19:53:35.965+0000][84486.331s][info][gc,phases   ] GC(2885)   Evacuate Collection Set: 23.9ms
[2025-01-07T19:53:35.965+0000][84486.331s][info][gc,phases   ] GC(2885)   Post Evacuate Collection Set: 5.4ms
[2025-01-07T19:53:35.965+0000][84486.331s][info][gc,phases   ] GC(2885)   Other: 0.2ms
[2025-01-07T19:53:35.965+0000][84486.331s][info][gc,heap     ] GC(2885) Eden regions: 915->0(913)
[2025-01-07T19:53:35.965+0000][84486.331s][info][gc,heap     ] GC(2885) Survivor regions: 6->8(116)
[2025-01-07T19:53:35.965+0000][84486.331s][info][gc,heap     ] GC(2885) Old regions: 242->242
[2025-01-07T19:53:35.965+0000][84486.331s][info][gc,heap     ] GC(2885) Archive regions: 2->2
[2025-01-07T19:53:35.965+0000][84486.331s][info][gc,heap     ] GC(2885) Humongous regions: 49->49
[2025-01-07T19:53:35.965+0000][84486.331s][info][gc,metaspace] GC(2885) Metaspace: 498644K(506880K)->498644K(506880K) NonClass: 438077K(442304K)->438077K(442304K) Class: 60566K(64576K)->60566K(64576K)
[2025-01-07T19:53:35.965+0000][84486.331s][info][gc          ] GC(2885) Pause Young (Normal) (G1 Evacuation Pause) 9689M->2391M(12288M) 30.253ms
[2025-01-07T19:53:35.965+0000][84486.332s][info][gc,cpu      ] GC(2885) User=0.17s Sys=0.00s Real=0.03s
[2025-01-07T19:53:44.809+0000][84495.175s][info][gc,start    ] GC(2886) Pause Young (Normal) (G1 Evacuation Pause)
[2025-01-07T19:53:44.809+0000][84495.175s][info][gc,task     ] GC(2886) Using 6 workers of 6 for evacuation
[2025-01-07T19:53:44.843+0000][84495.209s][info][gc,phases   ] GC(2886)   Pre Evacuate Collection Set: 0.2ms
[2025-01-07T19:53:44.843+0000][84495.209s][info][gc,phases   ] GC(2886)   Merge Heap Roots: 0.5ms
[2025-01-07T19:53:44.843+0000][84495.209s][info][gc,phases   ] GC(2886)   Evacuate Collection Set: 30.3ms
[2025-01-07T19:53:44.843+0000][84495.209s][info][gc,phases   ] GC(2886)   Post Evacuate Collection Set: 2.9ms
[2025-01-07T19:53:44.843+0000][84495.209s][info][gc,phases   ] GC(2886)   Other: 0.2ms
[2025-01-07T19:53:44.843+0000][84495.209s][info][gc,heap     ] GC(2886) Eden regions: 913->0(912)
[2025-01-07T19:53:44.843+0000][84495.209s][info][gc,heap     ] GC(2886) Survivor regions: 8->9(116)
[2025-01-07T19:53:44.843+0000][84495.209s][info][gc,heap     ] GC(2886) Old regions: 242->242
[2025-01-07T19:53:44.843+0000][84495.209s][info][gc,heap     ] GC(2886) Archive regions: 2->2
[2025-01-07T19:53:44.843+0000][84495.209s][info][gc,heap     ] GC(2886) Humongous regions: 49->49
[2025-01-07T19:53:44.843+0000][84495.209s][info][gc,metaspace] GC(2886) Metaspace: 498644K(506880K)->498644K(506880K) NonClass: 438077K(442304K)->438077K(442304K) Class: 60566K(64576K)->60566K(64576K)
[2025-01-07T19:53:44.843+0000][84495.209s][info][gc          ] GC(2886) Pause Young (Normal) (G1 Evacuation Pause) 9695M->2398M(12288M) 34.185ms
[2025-01-07T19:53:44.843+0000][84495.209s][info][gc,cpu      ] GC(2886) User=0.20s Sys=0.00s Real=0.04s
[2025-01-07T19:53:53.022+0000][84503.388s][info][gc,start    ] GC(2887) Pause Young (Concurrent Start) (G1 Evacuation Pause)
[2025-01-07T19:53:53.022+0000][84503.388s][info][gc,task     ] GC(2887) Using 6 workers of 6 for evacuation
[2025-01-07T19:53:53.061+0000][84503.427s][info][gc,phases   ] GC(2887)   Pre Evacuate Collection Set: 1.0ms
[2025-01-07T19:53:53.061+0000][84503.427s][info][gc,phases   ] GC(2887)   Merge Heap Roots: 0.5ms
[2025-01-07T19:53:53.061+0000][84503.427s][info][gc,phases   ] GC(2887)   Evacuate Collection Set: 33.4ms
[2025-01-07T19:53:53.061+0000][84503.427s][info][gc,phases   ] GC(2887)   Post Evacuate Collection Set: 3.9ms
[2025-01-07T19:53:53.061+0000][84503.427s][info][gc,phases   ] GC(2887)   Other: 0.4ms
[2025-01-07T19:53:53.061+0000][84503.427s][info][gc,heap     ] GC(2887) Eden regions: 912->0(909)
[2025-01-07T19:53:53.061+0000][84503.427s][info][gc,heap     ] GC(2887) Survivor regions: 9->11(116)
[2025-01-07T19:53:53.061+0000][84503.427s][info][gc,heap     ] GC(2887) Old regions: 242->242
[2025-01-07T19:53:53.061+0000][84503.427s][info][gc,heap     ] GC(2887) Archive regions: 2->2
[2025-01-07T19:53:53.061+0000][84503.427s][info][gc,heap     ] GC(2887) Humongous regions: 49->49
[2025-01-07T19:53:53.061+0000][84503.427s][info][gc,metaspace] GC(2887) Metaspace: 498644K(506880K)->498644K(506880K) NonClass: 438077K(442304K)->438077K(442304K) Class: 60566K(64576K)->60566K(64576K)
[2025-01-07T19:53:53.061+0000][84503.427s][info][gc          ] GC(2887) Pause Young (Concurrent Start) (G1 Evacuation Pause) 9694M->2413M(12288M) 39.201ms
[2025-01-07T19:53:53.061+0000][84503.427s][info][gc,cpu      ] GC(2887) User=0.21s Sys=0.01s Real=0.03s
[2025-01-07T19:53:53.061+0000][84503.427s][info][gc          ] GC(2888) Concurrent Mark Cycle
[2025-01-07T19:53:53.061+0000][84503.427s][info][gc,marking  ] GC(2888) Concurrent Clear Claimed Marks
[2025-01-07T19:53:53.062+0000][84503.428s][info][gc,marking  ] GC(2888) Concurrent Clear Claimed Marks 0.815ms
[2025-01-07T19:53:53.062+0000][84503.428s][info][gc,marking  ] GC(2888) Concurrent Scan Root Regions
[2025-01-07T19:53:53.092+0000][84503.458s][info][gc,marking  ] GC(2888) Concurrent Scan Root Regions 29.546ms
[2025-01-07T19:53:53.092+0000][84503.458s][info][gc,marking  ] GC(2888) Concurrent Mark
[2025-01-07T19:53:53.092+0000][84503.458s][info][gc,marking  ] GC(2888) Concurrent Mark From Roots
[2025-01-07T19:53:53.092+0000][84503.458s][info][gc,task     ] GC(2888) Using 2 workers of 2 for marking
[2025-01-07T19:53:54.086+0000][84504.452s][info][gc,marking  ] GC(2888) Concurrent Mark From Roots 994.391ms
[2025-01-07T19:53:54.086+0000][84504.452s][info][gc,marking  ] GC(2888) Concurrent Preclean
[2025-01-07T19:53:54.088+0000][84504.454s][info][gc,marking  ] GC(2888) Concurrent Preclean 1.862ms
[2025-01-07T19:53:54.088+0000][84504.454s][info][gc,start    ] GC(2888) Pause Remark
[2025-01-07T19:53:54.114+0000][84504.480s][info][gc          ] GC(2888) Pause Remark 3553M->3553M(12288M) 25.551ms
[2025-01-07T19:53:54.114+0000][84504.480s][info][gc,cpu      ] GC(2888) User=0.14s Sys=0.00s Real=0.03s
[2025-01-07T19:53:54.114+0000][84504.480s][info][gc,marking  ] GC(2888) Concurrent Mark 1022.170ms
[2025-01-07T19:53:54.114+0000][84504.480s][info][gc,marking  ] GC(2888) Concurrent Rebuild Remembered Sets
[2025-01-07T19:53:54.602+0000][84504.968s][info][gc,marking  ] GC(2888) Concurrent Rebuild Remembered Sets 488.177ms
[2025-01-07T19:53:54.602+0000][84504.968s][info][gc,start    ] GC(2888) Pause Cleanup
[2025-01-07T19:53:54.603+0000][84504.969s][info][gc          ] GC(2888) Pause Cleanup 3921M->3921M(12288M) 0.463ms
[2025-01-07T19:53:54.603+0000][84504.969s][info][gc,cpu      ] GC(2888) User=0.00s Sys=0.00s Real=0.00s
[2025-01-07T19:53:54.603+0000][84504.969s][info][gc,marking  ] GC(2888) Concurrent Cleanup for Next Mark
[2025-01-07T19:53:54.619+0000][84504.985s][info][gc,marking  ] GC(2888) Concurrent Cleanup for Next Mark 15.814ms
[2025-01-07T19:53:54.619+0000][84504.985s][info][gc          ] GC(2888) Concurrent Mark Cycle 1557.487ms
[2025-01-07T19:54:05.069+0000][84515.435s][info][gc,start    ] GC(2889) Pause Young (Prepare Mixed) (G1 Evacuation Pause)
[2025-01-07T19:54:05.069+0000][84515.435s][info][gc,task     ] GC(2889) Using 6 workers of 6 for evacuation
[2025-01-07T19:54:05.110+0000][84515.476s][info][gc,phases   ] GC(2889)   Pre Evacuate Collection Set: 0.2ms
[2025-01-07T19:54:05.110+0000][84515.476s][info][gc,phases   ] GC(2889)   Merge Heap Roots: 0.7ms
[2025-01-07T19:54:05.110+0000][84515.476s][info][gc,phases   ] GC(2889)   Evacuate Collection Set: 37.0ms
[2025-01-07T19:54:05.110+0000][84515.476s][info][gc,phases   ] GC(2889)   Post Evacuate Collection Set: 2.9ms
[2025-01-07T19:54:05.110+0000][84515.476s][info][gc,phases   ] GC(2889)   Other: 0.2ms
[2025-01-07T19:54:05.110+0000][84515.476s][info][gc,heap     ] GC(2889) Eden regions: 909->0(64)
[2025-01-07T19:54:05.110+0000][84515.476s][info][gc,heap     ] GC(2889) Survivor regions: 11->12(115)
[2025-01-07T19:54:05.110+0000][84515.476s][info][gc,heap     ] GC(2889) Old regions: 242->242
[2025-01-07T19:54:05.110+0000][84515.476s][info][gc,heap     ] GC(2889) Archive regions: 2->2
[2025-01-07T19:54:05.110+0000][84515.476s][info][gc,heap     ] GC(2889) Humongous regions: 49->49
[2025-01-07T19:54:05.110+0000][84515.476s][info][gc,metaspace] GC(2889) Metaspace: 498644K(506880K)->498644K(506880K) NonClass: 438077K(442304K)->438077K(442304K) Class: 60566K(64576K)->60566K(64576K)
[2025-01-07T19:54:05.110+0000][84515.476s][info][gc          ] GC(2889) Pause Young (Prepare Mixed) (G1 Evacuation Pause) 9685M->2423M(12288M) 41.135ms
[2025-01-07T19:54:05.110+0000][84515.476s][info][gc,cpu      ] GC(2889) User=0.24s Sys=0.00s Real=0.05s
[2025-01-07T19:54:05.530+0000][84515.896s][info][gc,start    ] GC(2890) Pause Young (Mixed) (G1 Evacuation Pause)
[2025-01-07T19:54:05.530+0000][84515.896s][info][gc,task     ] GC(2890) Using 6 workers of 6 for evacuation
[2025-01-07T19:54:05.590+0000][84515.956s][info][gc,phases   ] GC(2890)   Pre Evacuate Collection Set: 0.2ms
[2025-01-07T19:54:05.590+0000][84515.956s][info][gc,phases   ] GC(2890)   Merge Heap Roots: 0.6ms
[2025-01-07T19:54:05.590+0000][84515.956s][info][gc,phases   ] GC(2890)   Evacuate Collection Set: 57.1ms
[2025-01-07T19:54:05.590+0000][84515.956s][info][gc,phases   ] GC(2890)   Post Evacuate Collection Set: 1.6ms
[2025-01-07T19:54:05.590+0000][84515.956s][info][gc,phases   ] GC(2890)   Other: 0.2ms
[2025-01-07T19:54:05.590+0000][84515.956s][info][gc,heap     ] GC(2890) Eden regions: 64->0(911)
[2025-01-07T19:54:05.590+0000][84515.956s][info][gc,heap     ] GC(2890) Survivor regions: 12->6(10)
[2025-01-07T19:54:05.590+0000][84515.956s][info][gc,heap     ] GC(2890) Old regions: 242->244
[2025-01-07T19:54:05.590+0000][84515.956s][info][gc,heap     ] GC(2890) Archive regions: 2->2
[2025-01-07T19:54:05.590+0000][84515.956s][info][gc,heap     ] GC(2890) Humongous regions: 49->49
[2025-01-07T19:54:05.590+0000][84515.956s][info][gc,metaspace] GC(2890) Metaspace: 498644K(506880K)->498644K(506880K) NonClass: 438077K(442304K)->438077K(442304K) Class: 60566K(64576K)->60566K(64576K)
[2025-01-07T19:54:05.590+0000][84515.956s][info][gc          ] GC(2890) Pause Young (Mixed) (G1 Evacuation Pause) 2935M->2387M(12288M) 59.683ms
[2025-01-07T19:54:05.590+0000][84515.956s][info][gc,cpu      ] GC(2890) User=0.34s Sys=0.00s Real=0.06s
[2025-01-07T19:54:10.698+0000][84521.064s][info][gc,start    ] GC(2891) Pause Young (Normal) (G1 Evacuation Pause)
[2025-01-07T19:54:10.698+0000][84521.064s][info][gc,task     ] GC(2891) Using 6 workers of 6 for evacuation
[2025-01-07T19:54:10.719+0000][84521.086s][info][gc,phases   ] GC(2891)   Pre Evacuate Collection Set: 0.2ms
[2025-01-07T19:54:10.720+0000][84521.086s][info][gc,phases   ] GC(2891)   Merge Heap Roots: 0.4ms
[2025-01-07T19:54:10.720+0000][84521.086s][info][gc,phases   ] GC(2891)   Evacuate Collection Set: 18.3ms
[2025-01-07T19:54:10.720+0000][84521.086s][info][gc,phases   ] GC(2891)   Post Evacuate Collection Set: 2.4ms
[2025-01-07T19:54:10.720+0000][84521.086s][info][gc,phases   ] GC(2891)   Other: 0.2ms
[2025-01-07T19:54:10.720+0000][84521.086s][info][gc,heap     ] GC(2891) Eden regions: 911->0(912)
[2025-01-07T19:54:10.720+0000][84521.086s][info][gc,heap     ] GC(2891) Survivor regions: 6->6(115)
[2025-01-07T19:54:10.720+0000][84521.086s][info][gc,heap     ] GC(2891) Old regions: 244->244
[2025-01-07T19:54:10.720+0000][84521.086s][info][gc,heap     ] GC(2891) Archive regions: 2->2
[2025-01-07T19:54:10.720+0000][84521.086s][info][gc,heap     ] GC(2891) Humongous regions: 49->49
[2025-01-07T19:54:10.720+0000][84521.086s][info][gc,metaspace] GC(2891) Metaspace: 498644K(506880K)->498644K(506880K) NonClass: 438077K(442304K)->438077K(442304K) Class: 60566K(64576K)->60566K(64576K)
[2025-01-07T19:54:10.720+0000][84521.086s][info][gc          ] GC(2891) Pause Young (Normal) (G1 Evacuation Pause) 9675M->2388M(12288M) 21.564ms
[2025-01-07T19:54:10.720+0000][84521.086s][info][gc,cpu      ] GC(2891) User=0.12s Sys=0.01s Real=0.02s
[2025-01-07T19:54:16.680+0000][84527.046s][info][gc,start    ] GC(2892) Pause Young (Normal) (G1 Evacuation Pause)
[2025-01-07T19:54:16.680+0000][84527.046s][info][gc,task     ] GC(2892) Using 6 workers of 6 for evacuation
[2025-01-07T19:54:16.709+0000][84527.075s][info][gc,phases   ] GC(2892)   Pre Evacuate Collection Set: 0.2ms
[2025-01-07T19:54:16.709+0000][84527.075s][info][gc,phases   ] GC(2892)   Merge Heap Roots: 0.4ms
[2025-01-07T19:54:16.709+0000][84527.075s][info][gc,phases   ] GC(2892)   Evacuate Collection Set: 25.4ms
[2025-01-07T19:54:16.709+0000][84527.075s][info][gc,phases   ] GC(2892)   Post Evacuate Collection Set: 2.6ms
[2025-01-07T19:54:16.709+0000][84527.075s][info][gc,phases   ] GC(2892)   Other: 0.2ms
[2025-01-07T19:54:16.709+0000][84527.075s][info][gc,heap     ] GC(2892) Eden regions: 912->0(911)
[2025-01-07T19:54:16.709+0000][84527.075s][info][gc,heap     ] GC(2892) Survivor regions: 6->8(115)
[2025-01-07T19:54:16.709+0000][84527.075s][info][gc,heap     ] GC(2892) Old regions: 244->244
[2025-01-07T19:54:16.709+0000][84527.075s][info][gc,heap     ] GC(2892) Archive regions: 2->2
[2025-01-07T19:54:16.709+0000][84527.075s][info][gc,heap     ] GC(2892) Humongous regions: 49->49
[2025-01-07T19:54:16.709+0000][84527.075s][info][gc,metaspace] GC(2892) Metaspace: 498644K(506880K)->498644K(506880K) NonClass: 438077K(442304K)->438077K(442304K) Class: 60566K(64576K)->60566K(64576K)
[2025-01-07T19:54:16.709+0000][84527.075s][info][gc          ] GC(2892) Pause Young (Normal) (G1 Evacuation Pause) 9684M->2402M(12288M) 28.904ms
[2025-01-07T19:54:16.709+0000][84527.075s][info][gc,cpu      ] GC(2892) User=0.17s Sys=0.00s Real=0.03s
[2025-01-07T19:54:23.212+0000][84533.578s][info][gc,start    ] GC(2893) Pause Young (Concurrent Start) (G1 Evacuation Pause)
[2025-01-07T19:54:23.212+0000][84533.578s][info][gc,task     ] GC(2893) Using 6 workers of 6 for evacuation
[2025-01-07T19:54:23.241+0000][84533.607s][info][gc,phases   ] GC(2893)   Pre Evacuate Collection Set: 1.0ms
[2025-01-07T19:54:23.241+0000][84533.607s][info][gc,phases   ] GC(2893)   Merge Heap Roots: 0.4ms
[2025-01-07T19:54:23.241+0000][84533.607s][info][gc,phases   ] GC(2893)   Evacuate Collection Set: 24.7ms
[2025-01-07T19:54:23.241+0000][84533.607s][info][gc,phases   ] GC(2893)   Post Evacuate Collection Set: 2.5ms
[2025-01-07T19:54:23.241+0000][84533.607s][info][gc,phases   ] GC(2893)   Other: 0.3ms
[2025-01-07T19:54:23.241+0000][84533.607s][info][gc,heap     ] GC(2893) Eden regions: 911->0(911)
[2025-01-07T19:54:23.241+0000][84533.607s][info][gc,heap     ] GC(2893) Survivor regions: 8->8(115)
[2025-01-07T19:54:23.241+0000][84533.607s][info][gc,heap     ] GC(2893) Old regions: 244->244
[2025-01-07T19:54:23.241+0000][84533.607s][info][gc,heap     ] GC(2893) Archive regions: 2->2
[2025-01-07T19:54:23.241+0000][84533.607s][info][gc,heap     ] GC(2893) Humongous regions: 49->49
[2025-01-07T19:54:23.241+0000][84533.607s][info][gc,metaspace] GC(2893) Metaspace: 498644K(506880K)->498644K(506880K) NonClass: 438077K(442304K)->438077K(442304K) Class: 60566K(64576K)->60566K(64576K)
[2025-01-07T19:54:23.241+0000][84533.607s][info][gc          ] GC(2893) Pause Young (Concurrent Start) (G1 Evacuation Pause) 9690M->2408M(12288M) 28.941ms
[2025-01-07T19:54:23.241+0000][84533.607s][info][gc,cpu      ] GC(2893) User=0.17s Sys=0.00s Real=0.02s
[2025-01-07T19:54:23.241+0000][84533.607s][info][gc          ] GC(2894) Concurrent Mark Cycle
[2025-01-07T19:54:23.241+0000][84533.607s][info][gc,marking  ] GC(2894) Concurrent Clear Claimed Marks
[2025-01-07T19:54:23.242+0000][84533.608s][info][gc,marking  ] GC(2894) Concurrent Clear Claimed Marks 0.786ms
[2025-01-07T19:54:23.242+0000][84533.608s][info][gc,marking  ] GC(2894) Concurrent Scan Root Regions
[2025-01-07T19:54:23.260+0000][84533.626s][info][gc,marking  ] GC(2894) Concurrent Scan Root Regions 17.932ms
[2025-01-07T19:54:23.260+0000][84533.626s][info][gc,marking  ] GC(2894) Concurrent Mark
[2025-01-07T19:54:23.260+0000][84533.626s][info][gc,marking  ] GC(2894) Concurrent Mark From Roots
[2025-01-07T19:54:23.260+0000][84533.626s][info][gc,task     ] GC(2894) Using 2 workers of 2 for marking
[2025-01-07T19:54:24.204+0000][84534.570s][info][gc,marking  ] GC(2894) Concurrent Mark From Roots 944.171ms
[2025-01-07T19:54:24.204+0000][84534.570s][info][gc,marking  ] GC(2894) Concurrent Preclean
[2025-01-07T19:54:24.206+0000][84534.572s][info][gc,marking  ] GC(2894) Concurrent Preclean 1.880ms
[2025-01-07T19:54:24.206+0000][84534.572s][info][gc,start    ] GC(2894) Pause Remark
[2025-01-07T19:54:24.232+0000][84534.598s][info][gc          ] GC(2894) Pause Remark 3452M->3452M(12288M) 25.623ms
[2025-01-07T19:54:24.232+0000][84534.598s][info][gc,cpu      ] GC(2894) User=0.14s Sys=0.00s Real=0.03s
[2025-01-07T19:54:24.232+0000][84534.598s][info][gc,marking  ] GC(2894) Concurrent Mark 972.025ms
[2025-01-07T19:54:24.232+0000][84534.598s][info][gc,marking  ] GC(2894) Concurrent Rebuild Remembered Sets
[2025-01-07T19:54:24.713+0000][84535.079s][info][gc,marking  ] GC(2894) Concurrent Rebuild Remembered Sets 480.834ms
[2025-01-07T19:54:24.713+0000][84535.079s][info][gc,start    ] GC(2894) Pause Cleanup
[2025-01-07T19:54:24.713+0000][84535.080s][info][gc          ] GC(2894) Pause Cleanup 3528M->3528M(12288M) 0.479ms
[2025-01-07T19:54:24.713+0000][84535.080s][info][gc,cpu      ] GC(2894) User=0.00s Sys=0.00s Real=0.00s
[2025-01-07T19:54:24.714+0000][84535.080s][info][gc,marking  ] GC(2894) Concurrent Cleanup for Next Mark
[2025-01-07T19:54:24.729+0000][84535.095s][info][gc,marking  ] GC(2894) Concurrent Cleanup for Next Mark 15.569ms
[2025-01-07T19:54:24.729+0000][84535.095s][info][gc          ] GC(2894) Concurrent Mark Cycle 1488.034ms
[2025-01-07T19:54:31.190+0000][84541.556s][info][gc,start    ] GC(2895) Pause Young (Prepare Mixed) (G1 Evacuation Pause)
[2025-01-07T19:54:31.190+0000][84541.556s][info][gc,task     ] GC(2895) Using 6 workers of 6 for evacuation
[2025-01-07T19:54:31.225+0000][84541.591s][info][gc,phases   ] GC(2895)   Pre Evacuate Collection Set: 0.2ms
[2025-01-07T19:54:31.225+0000][84541.591s][info][gc,phases   ] GC(2895)   Merge Heap Roots: 0.7ms
[2025-01-07T19:54:31.225+0000][84541.591s][info][gc,phases   ] GC(2895)   Evacuate Collection Set: 29.2ms
[2025-01-07T19:54:31.225+0000][84541.591s][info][gc,phases   ] GC(2895)   Post Evacuate Collection Set: 5.3ms
[2025-01-07T19:54:31.225+0000][84541.591s][info][gc,phases   ] GC(2895)   Other: 0.2ms
[2025-01-07T19:54:31.225+0000][84541.591s][info][gc,heap     ] GC(2895) Eden regions: 911->0(65)
[2025-01-07T19:54:31.225+0000][84541.591s][info][gc,heap     ] GC(2895) Survivor regions: 8->11(115)
[2025-01-07T19:54:31.225+0000][84541.591s][info][gc,heap     ] GC(2895) Old regions: 244->244
[2025-01-07T19:54:31.225+0000][84541.591s][info][gc,heap     ] GC(2895) Archive regions: 2->2
[2025-01-07T19:54:31.225+0000][84541.591s][info][gc,heap     ] GC(2895) Humongous regions: 49->49
[2025-01-07T19:54:31.225+0000][84541.591s][info][gc,metaspace] GC(2895) Metaspace: 498644K(506880K)->498644K(506880K) NonClass: 438077K(442304K)->438077K(442304K) Class: 60566K(64576K)->60566K(64576K)
[2025-01-07T19:54:31.225+0000][84541.592s][info][gc          ] GC(2895) Pause Young (Prepare Mixed) (G1 Evacuation Pause) 9696M->2430M(12288M) 35.675ms
[2025-01-07T19:54:31.225+0000][84541.592s][info][gc,cpu      ] GC(2895) User=0.21s Sys=0.00s Real=0.03s
[2025-01-07T19:54:31.617+0000][84541.984s][info][gc,start    ] GC(2896) Pause Young (Mixed) (G1 Evacuation Pause)
[2025-01-07T19:54:31.618+0000][84541.984s][info][gc,task     ] GC(2896) Using 6 workers of 6 for evacuation
[2025-01-07T19:54:31.682+0000][84542.048s][info][gc,phases   ] GC(2896)   Pre Evacuate Collection Set: 0.2ms
[2025-01-07T19:54:31.682+0000][84542.048s][info][gc,phases   ] GC(2896)   Merge Heap Roots: 0.7ms
[2025-01-07T19:54:31.682+0000][84542.048s][info][gc,phases   ] GC(2896)   Evacuate Collection Set: 61.7ms
[2025-01-07T19:54:31.682+0000][84542.048s][info][gc,phases   ] GC(2896)   Post Evacuate Collection Set: 1.7ms
[2025-01-07T19:54:31.682+0000][84542.048s][info][gc,phases   ] GC(2896)   Other: 0.2ms
[2025-01-07T19:54:31.682+0000][84542.048s][info][gc,heap     ] GC(2896) Eden regions: 65->0(913)
[2025-01-07T19:54:31.682+0000][84542.048s][info][gc,heap     ] GC(2896) Survivor regions: 11->5(10)
[2025-01-07T19:54:31.682+0000][84542.048s][info][gc,heap     ] GC(2896) Old regions: 244->244
[2025-01-07T19:54:31.682+0000][84542.048s][info][gc,heap     ] GC(2896) Archive regions: 2->2
[2025-01-07T19:54:31.682+0000][84542.048s][info][gc,heap     ] GC(2896) Humongous regions: 49->49
[2025-01-07T19:54:31.682+0000][84542.048s][info][gc,metaspace] GC(2896) Metaspace: 498644K(506880K)->498644K(506880K) NonClass: 438077K(442304K)->438077K(442304K) Class: 60566K(64576K)->60566K(64576K)
[2025-01-07T19:54:31.682+0000][84542.048s][info][gc          ] GC(2896) Pause Young (Mixed) (G1 Evacuation Pause) 2950M->2387M(12288M) 64.541ms
[2025-01-07T19:54:31.682+0000][84542.048s][info][gc,cpu      ] GC(2896) User=0.37s Sys=0.00s Real=0.07s
[2025-01-07T19:54:41.034+0000][84551.401s][info][gc,start    ] GC(2897) Pause Young (Normal) (G1 Evacuation Pause)
[2025-01-07T19:54:41.034+0000][84551.401s][info][gc,task     ] GC(2897) Using 6 workers of 6 for evacuation
[2025-01-07T19:54:41.062+0000][84551.428s][info][gc,phases   ] GC(2897)   Pre Evacuate Collection Set: 0.2ms
[2025-01-07T19:54:41.062+0000][84551.428s][info][gc,phases   ] GC(2897)   Merge Heap Roots: 0.4ms
[2025-01-07T19:54:41.062+0000][84551.428s][info][gc,phases   ] GC(2897)   Evacuate Collection Set: 22.7ms
[2025-01-07T19:54:41.062+0000][84551.428s][info][gc,phases   ] GC(2897)   Post Evacuate Collection Set: 4.3ms
[2025-01-07T19:54:41.062+0000][84551.428s][info][gc,phases   ] GC(2897)   Other: 0.2ms
[2025-01-07T19:54:41.062+0000][84551.428s][info][gc,heap     ] GC(2897) Eden regions: 913->0(911)
[2025-01-07T19:54:41.062+0000][84551.428s][info][gc,heap     ] GC(2897) Survivor regions: 5->6(115)
[2025-01-07T19:54:41.062+0000][84551.428s][info][gc,heap     ] GC(2897) Old regions: 244->244
[2025-01-07T19:54:41.062+0000][84551.428s][info][gc,heap     ] GC(2897) Archive regions: 2->2
[2025-01-07T19:54:41.062+0000][84551.428s][info][gc,heap     ] GC(2897) Humongous regions: 49->49
[2025-01-07T19:54:41.062+0000][84551.428s][info][gc,metaspace] GC(2897) Metaspace: 498645K(506880K)->498645K(506880K) NonClass: 438078K(442304K)->438078K(442304K) Class: 60566K(64576K)->60566K(64576K)
[2025-01-07T19:54:41.062+0000][84551.428s][info][gc          ] GC(2897) Pause Young (Normal) (G1 Evacuation Pause) 9691M->2396M(12288M) 27.863ms
[2025-01-07T19:54:41.062+0000][84551.428s][info][gc,cpu      ] GC(2897) User=0.16s Sys=0.00s Real=0.03s
[2025-01-07T19:54:46.700+0000][84557.066s][info][gc,start    ] GC(2898) Pause Young (Normal) (G1 Evacuation Pause)
[2025-01-07T19:54:46.700+0000][84557.066s][info][gc,task     ] GC(2898) Using 6 workers of 6 for evacuation
[2025-01-07T19:54:46.725+0000][84557.091s][info][gc,phases   ] GC(2898)   Pre Evacuate Collection Set: 0.2ms
[2025-01-07T19:54:46.725+0000][84557.091s][info][gc,phases   ] GC(2898)   Merge Heap Roots: 0.4ms
[2025-01-07T19:54:46.725+0000][84557.091s][info][gc,phases   ] GC(2898)   Evacuate Collection Set: 22.4ms
[2025-01-07T19:54:46.725+0000][84557.091s][info][gc,phases   ] GC(2898)   Post Evacuate Collection Set: 2.4ms
[2025-01-07T19:54:46.725+0000][84557.091s][info][gc,phases   ] GC(2898)   Other: 0.2ms
[2025-01-07T19:54:46.725+0000][84557.091s][info][gc,heap     ] GC(2898) Eden regions: 911->0(912)
[2025-01-07T19:54:46.725+0000][84557.091s][info][gc,heap     ] GC(2898) Survivor regions: 6->7(115)
[2025-01-07T19:54:46.725+0000][84557.091s][info][gc,heap     ] GC(2898) Old regions: 244->244
[2025-01-07T19:54:46.725+0000][84557.091s][info][gc,heap     ] GC(2898) Archive regions: 2->2
[2025-01-07T19:54:46.725+0000][84557.091s][info][gc,heap     ] GC(2898) Humongous regions: 49->49
[2025-01-07T19:54:46.725+0000][84557.091s][info][gc,metaspace] GC(2898) Metaspace: 498645K(506880K)->498645K(506880K) NonClass: 438078K(442304K)->438078K(442304K) Class: 60566K(64576K)->60566K(64576K)
[2025-01-07T19:54:46.725+0000][84557.091s][info][gc          ] GC(2898) Pause Young (Normal) (G1 Evacuation Pause) 9684M->2404M(12288M) 25.695ms
[2025-01-07T19:54:46.725+0000][84557.091s][info][gc,cpu      ] GC(2898) User=0.15s Sys=0.00s Real=0.03s
[2025-01-07T19:54:53.909+0000][84564.275s][info][gc,start    ] GC(2899) Pause Young (Concurrent Start) (G1 Evacuation Pause)
[2025-01-07T19:54:53.909+0000][84564.275s][info][gc,task     ] GC(2899) Using 6 workers of 6 for evacuation
[2025-01-07T19:54:53.939+0000][84564.305s][info][gc,phases   ] GC(2899)   Pre Evacuate Collection Set: 1.0ms
[2025-01-07T19:54:53.939+0000][84564.305s][info][gc,phases   ] GC(2899)   Merge Heap Roots: 0.4ms
[2025-01-07T19:54:53.939+0000][84564.305s][info][gc,phases   ] GC(2899)   Evacuate Collection Set: 25.6ms
[2025-01-07T19:54:53.939+0000][84564.305s][info][gc,phases   ] GC(2899)   Post Evacuate Collection Set: 2.6ms
[2025-01-07T19:54:53.939+0000][84564.305s][info][gc,phases   ] GC(2899)   Other: 0.3ms
[2025-01-07T19:54:53.939+0000][84564.305s][info][gc,heap     ] GC(2899) Eden regions: 912->0(911)
[2025-01-07T19:54:53.939+0000][84564.305s][info][gc,heap     ] GC(2899) Survivor regions: 7->8(115)
[2025-01-07T19:54:53.939+0000][84564.305s][info][gc,heap     ] GC(2899) Old regions: 244->244
[2025-01-07T19:54:53.939+0000][84564.305s][info][gc,heap     ] GC(2899) Archive regions: 2->2
[2025-01-07T19:54:53.939+0000][84564.305s][info][gc,heap     ] GC(2899) Humongous regions: 49->49
[2025-01-07T19:54:53.939+0000][84564.305s][info][gc,metaspace] GC(2899) Metaspace: 498645K(506880K)->498645K(506880K) NonClass: 438078K(442304K)->438078K(442304K) Class: 60566K(64576K)->60566K(64576K)
[2025-01-07T19:54:53.939+0000][84564.305s][info][gc          ] GC(2899) Pause Young (Concurrent Start) (G1 Evacuation Pause) 9700M->2414M(12288M) 29.965ms
[2025-01-07T19:54:53.939+0000][84564.305s][info][gc,cpu      ] GC(2899) User=0.17s Sys=0.00s Real=0.03s
[2025-01-07T19:54:53.939+0000][84564.305s][info][gc          ] GC(2900) Concurrent Mark Cycle
[2025-01-07T19:54:53.939+0000][84564.305s][info][gc,marking  ] GC(2900) Concurrent Clear Claimed Marks
[2025-01-07T19:54:53.940+0000][84564.306s][info][gc,marking  ] GC(2900) Concurrent Clear Claimed Marks 0.784ms
[2025-01-07T19:54:53.940+0000][84564.306s][info][gc,marking  ] GC(2900) Concurrent Scan Root Regions
[2025-01-07T19:54:53.961+0000][84564.327s][info][gc,marking  ] GC(2900) Concurrent Scan Root Regions 20.632ms
[2025-01-07T19:54:53.961+0000][84564.327s][info][gc,marking  ] GC(2900) Concurrent Mark
[2025-01-07T19:54:53.961+0000][84564.327s][info][gc,marking  ] GC(2900) Concurrent Mark From Roots
[2025-01-07T19:54:53.961+0000][84564.327s][info][gc,task     ] GC(2900) Using 2 workers of 2 for marking
[2025-01-07T19:54:54.826+0000][84565.192s][info][gc,marking  ] GC(2900) Concurrent Mark From Roots 864.758ms
[2025-01-07T19:54:54.826+0000][84565.192s][info][gc,marking  ] GC(2900) Concurrent Preclean
[2025-01-07T19:54:54.828+0000][84565.194s][info][gc,marking  ] GC(2900) Concurrent Preclean 1.924ms
[2025-01-07T19:54:54.828+0000][84565.194s][info][gc,start    ] GC(2900) Pause Remark
[2025-01-07T19:54:54.854+0000][84565.220s][info][gc          ] GC(2900) Pause Remark 3674M->3674M(12288M) 26.083ms
[2025-01-07T19:54:54.854+0000][84565.220s][info][gc,cpu      ] GC(2900) User=0.16s Sys=0.00s Real=0.03s
[2025-01-07T19:54:54.854+0000][84565.220s][info][gc,marking  ] GC(2900) Concurrent Mark 893.165ms
[2025-01-07T19:54:54.854+0000][84565.220s][info][gc,marking  ] GC(2900) Concurrent Rebuild Remembered Sets
[2025-01-07T19:54:55.475+0000][84565.841s][info][gc,marking  ] GC(2900) Concurrent Rebuild Remembered Sets 620.852ms
[2025-01-07T19:54:55.475+0000][84565.841s][info][gc,start    ] GC(2900) Pause Cleanup
[2025-01-07T19:54:55.476+0000][84565.842s][info][gc          ] GC(2900) Pause Cleanup 4722M->4722M(12288M) 0.471ms
[2025-01-07T19:54:55.476+0000][84565.842s][info][gc,cpu      ] GC(2900) User=0.00s Sys=0.00s Real=0.00s
[2025-01-07T19:54:55.476+0000][84565.842s][info][gc,marking  ] GC(2900) Concurrent Cleanup for Next Mark
[2025-01-07T19:54:55.495+0000][84565.862s][info][gc,marking  ] GC(2900) Concurrent Cleanup for Next Mark 19.512ms
[2025-01-07T19:54:55.495+0000][84565.862s][info][gc          ] GC(2900) Concurrent Mark Cycle 1556.123ms
[2025-01-07T19:54:57.639+0000][84568.005s][info][gc,start    ] GC(2901) Pause Young (Prepare Mixed) (G1 Evacuation Pause)
[2025-01-07T19:54:57.639+0000][84568.005s][info][gc,task     ] GC(2901) Using 6 workers of 6 for evacuation
[2025-01-07T19:54:57.669+0000][84568.035s][info][gc,phases   ] GC(2901)   Pre Evacuate Collection Set: 0.2ms
[2025-01-07T19:54:57.669+0000][84568.035s][info][gc,phases   ] GC(2901)   Merge Heap Roots: 0.6ms
[2025-01-07T19:54:57.669+0000][84568.035s][info][gc,phases   ] GC(2901)   Evacuate Collection Set: 26.5ms
[2025-01-07T19:54:57.669+0000][84568.035s][info][gc,phases   ] GC(2901)   Post Evacuate Collection Set: 2.4ms
[2025-01-07T19:54:57.669+0000][84568.035s][info][gc,phases   ] GC(2901)   Other: 0.2ms
[2025-01-07T19:54:57.669+0000][84568.035s][info][gc,heap     ] GC(2901) Eden regions: 911->0(67)
[2025-01-07T19:54:57.669+0000][84568.035s][info][gc,heap     ] GC(2901) Survivor regions: 8->9(115)
[2025-01-07T19:54:57.669+0000][84568.035s][info][gc,heap     ] GC(2901) Old regions: 244->244
[2025-01-07T19:54:57.669+0000][84568.035s][info][gc,heap     ] GC(2901) Archive regions: 2->2
[2025-01-07T19:54:57.669+0000][84568.035s][info][gc,heap     ] GC(2901) Humongous regions: 49->49
[2025-01-07T19:54:57.669+0000][84568.035s][info][gc,metaspace] GC(2901) Metaspace: 498645K(506880K)->498645K(506880K) NonClass: 438078K(442304K)->438078K(442304K) Class: 60566K(64576K)->60566K(64576K)
[2025-01-07T19:54:57.669+0000][84568.035s][info][gc          ] GC(2901) Pause Young (Prepare Mixed) (G1 Evacuation Pause) 9702M->2420M(12288M) 30.014ms
[2025-01-07T19:54:57.669+0000][84568.035s][info][gc,cpu      ] GC(2901) User=0.17s Sys=0.00s Real=0.03s
[2025-01-07T19:54:57.901+0000][84568.267s][info][gc,start    ] GC(2902) Pause Young (Mixed) (G1 Evacuation Pause)
[2025-01-07T19:54:57.901+0000][84568.267s][info][gc,task     ] GC(2902) Using 6 workers of 6 for evacuation
[2025-01-07T19:54:57.957+0000][84568.323s][info][gc,phases   ] GC(2902)   Pre Evacuate Collection Set: 0.2ms
[2025-01-07T19:54:57.957+0000][84568.323s][info][gc,phases   ] GC(2902)   Merge Heap Roots: 0.6ms
[2025-01-07T19:54:57.957+0000][84568.323s][info][gc,phases   ] GC(2902)   Evacuate Collection Set: 53.0ms
[2025-01-07T19:54:57.957+0000][84568.323s][info][gc,phases   ] GC(2902)   Post Evacuate Collection Set: 1.6ms
[2025-01-07T19:54:57.957+0000][84568.323s][info][gc,phases   ] GC(2902)   Other: 0.2ms
[2025-01-07T19:54:57.957+0000][84568.323s][info][gc,heap     ] GC(2902) Eden regions: 67->0(916)
[2025-01-07T19:54:57.957+0000][84568.323s][info][gc,heap     ] GC(2902) Survivor regions: 9->5(10)
[2025-01-07T19:54:57.957+0000][84568.323s][info][gc,heap     ] GC(2902) Old regions: 244->244
[2025-01-07T19:54:57.957+0000][84568.323s][info][gc,heap     ] GC(2902) Archive regions: 2->2
[2025-01-07T19:54:57.957+0000][84568.323s][info][gc,heap     ] GC(2902) Humongous regions: 49->49
[2025-01-07T19:54:57.957+0000][84568.323s][info][gc,metaspace] GC(2902) Metaspace: 498645K(506880K)->498645K(506880K) NonClass: 438078K(442304K)->438078K(442304K) Class: 60566K(64576K)->60566K(64576K)
[2025-01-07T19:54:57.957+0000][84568.323s][info][gc          ] GC(2902) Pause Young (Mixed) (G1 Evacuation Pause) 2956M->2387M(12288M) 55.643ms
[2025-01-07T19:54:57.957+0000][84568.323s][info][gc,cpu      ] GC(2902) User=0.33s Sys=0.00s Real=0.06s
[2025-01-07T19:55:02.740+0000][84573.106s][info][gc,start    ] GC(2903) Pause Young (Normal) (G1 Evacuation Pause)
[2025-01-07T19:55:02.740+0000][84573.106s][info][gc,task     ] GC(2903) Using 6 workers of 6 for evacuation
[2025-01-07T19:55:02.761+0000][84573.127s][info][gc,phases   ] GC(2903)   Pre Evacuate Collection Set: 0.2ms
[2025-01-07T19:55:02.761+0000][84573.127s][info][gc,phases   ] GC(2903)   Merge Heap Roots: 0.4ms
[2025-01-07T19:55:02.761+0000][84573.127s][info][gc,phases   ] GC(2903)   Evacuate Collection Set: 18.2ms
[2025-01-07T19:55:02.761+0000][84573.127s][info][gc,phases   ] GC(2903)   Post Evacuate Collection Set: 2.5ms
[2025-01-07T19:55:02.761+0000][84573.127s][info][gc,phases   ] GC(2903)   Other: 0.2ms
[2025-01-07T19:55:02.761+0000][84573.127s][info][gc,heap     ] GC(2903) Eden regions: 916->0(915)
[2025-01-07T19:55:02.761+0000][84573.127s][info][gc,heap     ] GC(2903) Survivor regions: 5->6(116)
[2025-01-07T19:55:02.761+0000][84573.127s][info][gc,heap     ] GC(2903) Old regions: 244->244
[2025-01-07T19:55:02.761+0000][84573.127s][info][gc,heap     ] GC(2903) Archive regions: 2->2
[2025-01-07T19:55:02.761+0000][84573.127s][info][gc,heap     ] GC(2903) Humongous regions: 49->49
[2025-01-07T19:55:02.761+0000][84573.127s][info][gc,metaspace] GC(2903) Metaspace: 498645K(506880K)->498645K(506880K) NonClass: 438078K(442304K)->438078K(442304K) Class: 60566K(64576K)->60566K(64576K)
[2025-01-07T19:55:02.761+0000][84573.127s][info][gc          ] GC(2903) Pause Young (Normal) (G1 Evacuation Pause) 9715M->2391M(12288M) 21.524ms
[2025-01-07T19:55:02.761+0000][84573.127s][info][gc,cpu      ] GC(2903) User=0.12s Sys=0.00s Real=0.02s
[2025-01-07T19:55:10.664+0000][84581.030s][info][gc,start    ] GC(2904) Pause Young (Normal) (G1 Evacuation Pause)
[2025-01-07T19:55:10.664+0000][84581.030s][info][gc,task     ] GC(2904) Using 6 workers of 6 for evacuation
[2025-01-07T19:55:10.689+0000][84581.055s][info][gc,phases   ] GC(2904)   Pre Evacuate Collection Set: 0.2ms
[2025-01-07T19:55:10.689+0000][84581.055s][info][gc,phases   ] GC(2904)   Merge Heap Roots: 0.4ms
[2025-01-07T19:55:10.689+0000][84581.055s][info][gc,phases   ] GC(2904)   Evacuate Collection Set: 21.9ms
[2025-01-07T19:55:10.689+0000][84581.055s][info][gc,phases   ] GC(2904)   Post Evacuate Collection Set: 2.6ms
[2025-01-07T19:55:10.689+0000][84581.055s][info][gc,phases   ] GC(2904)   Other: 0.2ms
[2025-01-07T19:55:10.689+0000][84581.055s][info][gc,heap     ] GC(2904) Eden regions: 915->0(913)
[2025-01-07T19:55:10.689+0000][84581.055s][info][gc,heap     ] GC(2904) Survivor regions: 6->7(116)
[2025-01-07T19:55:10.689+0000][84581.056s][info][gc,heap     ] GC(2904) Old regions: 244->244
[2025-01-07T19:55:10.689+0000][84581.056s][info][gc,heap     ] GC(2904) Archive regions: 2->2
[2025-01-07T19:55:10.689+0000][84581.056s][info][gc,heap     ] GC(2904) Humongous regions: 49->49
[2025-01-07T19:55:10.689+0000][84581.056s][info][gc,metaspace] GC(2904) Metaspace: 498645K(506880K)->498645K(506880K) NonClass: 438078K(442304K)->438078K(442304K) Class: 60566K(64576K)->60566K(64576K)
[2025-01-07T19:55:10.689+0000][84581.056s][info][gc          ] GC(2904) Pause Young (Normal) (G1 Evacuation Pause) 9711M->2405M(12288M) 25.464ms
[2025-01-07T19:55:10.690+0000][84581.056s][info][gc,cpu      ] GC(2904) User=0.15s Sys=0.00s Real=0.03s
[2025-01-07T19:55:18.779+0000][84589.145s][info][gc,start    ] GC(2905) Pause Young (Concurrent Start) (G1 Evacuation Pause)
[2025-01-07T19:55:18.779+0000][84589.145s][info][gc,task     ] GC(2905) Using 6 workers of 6 for evacuation
[2025-01-07T19:55:18.810+0000][84589.176s][info][gc,phases   ] GC(2905)   Pre Evacuate Collection Set: 1.0ms
[2025-01-07T19:55:18.810+0000][84589.176s][info][gc,phases   ] GC(2905)   Merge Heap Roots: 0.5ms
[2025-01-07T19:55:18.810+0000][84589.176s][info][gc,phases   ] GC(2905)   Evacuate Collection Set: 26.9ms
[2025-01-07T19:55:18.810+0000][84589.176s][info][gc,phases   ] GC(2905)   Post Evacuate Collection Set: 2.6ms
[2025-01-07T19:55:18.810+0000][84589.176s][info][gc,phases   ] GC(2905)   Other: 0.3ms
[2025-01-07T19:55:18.810+0000][84589.176s][info][gc,heap     ] GC(2905) Eden regions: 913->0(911)
[2025-01-07T19:55:18.810+0000][84589.176s][info][gc,heap     ] GC(2905) Survivor regions: 7->10(115)
[2025-01-07T19:55:18.810+0000][84589.176s][info][gc,heap     ] GC(2905) Old regions: 244->244
[2025-01-07T19:55:18.810+0000][84589.176s][info][gc,heap     ] GC(2905) Archive regions: 2->2
[2025-01-07T19:55:18.810+0000][84589.176s][info][gc,heap     ] GC(2905) Humongous regions: 49->49
[2025-01-07T19:55:18.810+0000][84589.176s][info][gc,metaspace] GC(2905) Metaspace: 498645K(506880K)->498645K(506880K) NonClass: 438078K(442304K)->438078K(442304K) Class: 60566K(64576K)->60566K(64576K)
[2025-01-07T19:55:18.810+0000][84589.176s][info][gc          ] GC(2905) Pause Young (Concurrent Start) (G1 Evacuation Pause) 9709M->2422M(12288M) 31.253ms
[2025-01-07T19:55:18.810+0000][84589.176s][info][gc,cpu      ] GC(2905) User=0.18s Sys=0.00s Real=0.04s
[2025-01-07T19:55:18.810+0000][84589.176s][info][gc          ] GC(2906) Concurrent Mark Cycle
[2025-01-07T19:55:18.810+0000][84589.176s][info][gc,marking  ] GC(2906) Concurrent Clear Claimed Marks
[2025-01-07T19:55:18.811+0000][84589.177s][info][gc,marking  ] GC(2906) Concurrent Clear Claimed Marks 0.809ms
[2025-01-07T19:55:18.811+0000][84589.177s][info][gc,marking  ] GC(2906) Concurrent Scan Root Regions
[2025-01-07T19:55:18.829+0000][84589.195s][info][gc,marking  ] GC(2906) Concurrent Scan Root Regions 17.714ms
[2025-01-07T19:55:18.829+0000][84589.195s][info][gc,marking  ] GC(2906) Concurrent Mark
[2025-01-07T19:55:18.829+0000][84589.195s][info][gc,marking  ] GC(2906) Concurrent Mark From Roots
[2025-01-07T19:55:18.829+0000][84589.195s][info][gc,task     ] GC(2906) Using 2 workers of 2 for marking
[2025-01-07T19:55:19.726+0000][84590.092s][info][gc,marking  ] GC(2906) Concurrent Mark From Roots 897.531ms
[2025-01-07T19:55:19.726+0000][84590.092s][info][gc,marking  ] GC(2906) Concurrent Preclean
[2025-01-07T19:55:19.729+0000][84590.095s][info][gc,marking  ] GC(2906) Concurrent Preclean 2.462ms
[2025-01-07T19:55:19.729+0000][84590.095s][info][gc,start    ] GC(2906) Pause Remark
[2025-01-07T19:55:19.754+0000][84590.120s][info][gc          ] GC(2906) Pause Remark 3318M->3318M(12288M) 25.604ms
[2025-01-07T19:55:19.754+0000][84590.121s][info][gc,cpu      ] GC(2906) User=0.14s Sys=0.01s Real=0.03s
[2025-01-07T19:55:19.755+0000][84590.121s][info][gc,marking  ] GC(2906) Concurrent Mark 925.945ms
[2025-01-07T19:55:19.755+0000][84590.121s][info][gc,marking  ] GC(2906) Concurrent Rebuild Remembered Sets
[2025-01-07T19:55:20.258+0000][84590.624s][info][gc,marking  ] GC(2906) Concurrent Rebuild Remembered Sets 503.182ms
[2025-01-07T19:55:20.258+0000][84590.624s][info][gc,start    ] GC(2906) Pause Cleanup
[2025-01-07T19:55:20.258+0000][84590.624s][info][gc          ] GC(2906) Pause Cleanup 3750M->3750M(12288M) 0.439ms
[2025-01-07T19:55:20.258+0000][84590.624s][info][gc,cpu      ] GC(2906) User=0.00s Sys=0.00s Real=0.00s
[2025-01-07T19:55:20.258+0000][84590.624s][info][gc,marking  ] GC(2906) Concurrent Cleanup for Next Mark
[2025-01-07T19:55:20.274+0000][84590.640s][info][gc,marking  ] GC(2906) Concurrent Cleanup for Next Mark 15.621ms
[2025-01-07T19:55:20.274+0000][84590.640s][info][gc          ] GC(2906) Concurrent Mark Cycle 1464.111ms
[2025-01-07T19:55:27.814+0000][84598.180s][info][gc,start    ] GC(2907) Pause Young (Prepare Mixed) (G1 Evacuation Pause)
[2025-01-07T19:55:27.814+0000][84598.180s][info][gc,task     ] GC(2907) Using 6 workers of 6 for evacuation
[2025-01-07T19:55:27.849+0000][84598.215s][info][gc,phases   ] GC(2907)   Pre Evacuate Collection Set: 0.2ms
[2025-01-07T19:55:27.849+0000][84598.215s][info][gc,phases   ] GC(2907)   Merge Heap Roots: 0.7ms
[2025-01-07T19:55:27.849+0000][84598.215s][info][gc,phases   ] GC(2907)   Evacuate Collection Set: 28.7ms
[2025-01-07T19:55:27.849+0000][84598.215s][info][gc,phases   ] GC(2907)   Post Evacuate Collection Set: 5.2ms
[2025-01-07T19:55:27.849+0000][84598.215s][info][gc,phases   ] GC(2907)   Other: 0.2ms
[2025-01-07T19:55:27.849+0000][84598.215s][info][gc,heap     ] GC(2907) Eden regions: 911->0(64)
[2025-01-07T19:55:27.849+0000][84598.215s][info][gc,heap     ] GC(2907) Survivor regions: 10->12(116)
[2025-01-07T19:55:27.849+0000][84598.215s][info][gc,heap     ] GC(2907) Old regions: 244->244
[2025-01-07T19:55:27.849+0000][84598.215s][info][gc,heap     ] GC(2907) Archive regions: 2->2
[2025-01-07T19:55:27.849+0000][84598.215s][info][gc,heap     ] GC(2907) Humongous regions: 49->49
[2025-01-07T19:55:27.849+0000][84598.215s][info][gc,metaspace] GC(2907) Metaspace: 498645K(506880K)->498645K(506880K) NonClass: 438078K(442304K)->438078K(442304K) Class: 60566K(64576K)->60566K(64576K)
[2025-01-07T19:55:27.849+0000][84598.215s][info][gc          ] GC(2907) Pause Young (Prepare Mixed) (G1 Evacuation Pause) 9710M->2441M(12288M) 35.097ms
[2025-01-07T19:55:27.849+0000][84598.215s][info][gc,cpu      ] GC(2907) User=0.20s Sys=0.00s Real=0.03s
[2025-01-07T19:55:28.371+0000][84598.738s][info][gc,start    ] GC(2908) Pause Young (Mixed) (G1 Evacuation Pause)
[2025-01-07T19:55:28.371+0000][84598.738s][info][gc,task     ] GC(2908) Using 6 workers of 6 for evacuation
[2025-01-07T19:55:28.440+0000][84598.806s][info][gc,phases   ] GC(2908)   Pre Evacuate Collection Set: 0.2ms
[2025-01-07T19:55:28.440+0000][84598.806s][info][gc,phases   ] GC(2908)   Merge Heap Roots: 0.7ms
[2025-01-07T19:55:28.440+0000][84598.806s][info][gc,phases   ] GC(2908)   Evacuate Collection Set: 65.7ms
[2025-01-07T19:55:28.440+0000][84598.806s][info][gc,phases   ] GC(2908)   Post Evacuate Collection Set: 2.0ms
[2025-01-07T19:55:28.440+0000][84598.806s][info][gc,phases   ] GC(2908)   Other: 0.2ms
[2025-01-07T19:55:28.440+0000][84598.806s][info][gc,heap     ] GC(2908) Eden regions: 64->0(910)
[2025-01-07T19:55:28.440+0000][84598.806s][info][gc,heap     ] GC(2908) Survivor regions: 12->5(10)
[2025-01-07T19:55:28.440+0000][84598.806s][info][gc,heap     ] GC(2908) Old regions: 244->247
[2025-01-07T19:55:28.440+0000][84598.806s][info][gc,heap     ] GC(2908) Archive regions: 2->2
[2025-01-07T19:55:28.440+0000][84598.806s][info][gc,heap     ] GC(2908) Humongous regions: 49->49
[2025-01-07T19:55:28.440+0000][84598.806s][info][gc,metaspace] GC(2908) Metaspace: 498645K(506880K)->498645K(506880K) NonClass: 438078K(442304K)->438078K(442304K) Class: 60566K(64576K)->60566K(64576K)
[2025-01-07T19:55:28.440+0000][84598.806s][info][gc          ] GC(2908) Pause Young (Mixed) (G1 Evacuation Pause) 2953M->2407M(12288M) 68.888ms
[2025-01-07T19:55:28.440+0000][84598.806s][info][gc,cpu      ] GC(2908) User=0.40s Sys=0.00s Real=0.06s
[2025-01-07T19:55:34.804+0000][84605.170s][info][gc,start    ] GC(2909) Pause Young (Normal) (G1 Evacuation Pause)
[2025-01-07T19:55:34.804+0000][84605.170s][info][gc,task     ] GC(2909) Using 6 workers of 6 for evacuation
[2025-01-07T19:55:34.827+0000][84605.193s][info][gc,phases   ] GC(2909)   Pre Evacuate Collection Set: 0.2ms
[2025-01-07T19:55:34.827+0000][84605.193s][info][gc,phases   ] GC(2909)   Merge Heap Roots: 0.4ms
[2025-01-07T19:55:34.827+0000][84605.193s][info][gc,phases   ] GC(2909)   Evacuate Collection Set: 19.4ms
[2025-01-07T19:55:34.827+0000][84605.193s][info][gc,phases   ] GC(2909)   Post Evacuate Collection Set: 2.5ms
[2025-01-07T19:55:34.827+0000][84605.193s][info][gc,phases   ] GC(2909)   Other: 0.2ms
[2025-01-07T19:55:34.827+0000][84605.193s][info][gc,heap     ] GC(2909) Eden regions: 910->0(909)
[2025-01-07T19:55:34.827+0000][84605.193s][info][gc,heap     ] GC(2909) Survivor regions: 5->6(115)
[2025-01-07T19:55:34.827+0000][84605.193s][info][gc,heap     ] GC(2909) Old regions: 247->247
[2025-01-07T19:55:34.827+0000][84605.193s][info][gc,heap     ] GC(2909) Archive regions: 2->2
[2025-01-07T19:55:34.827+0000][84605.193s][info][gc,heap     ] GC(2909) Humongous regions: 49->49
[2025-01-07T19:55:34.827+0000][84605.193s][info][gc,metaspace] GC(2909) Metaspace: 498645K(506880K)->498645K(506880K) NonClass: 438078K(442304K)->438078K(442304K) Class: 60566K(64576K)->60566K(64576K)
[2025-01-07T19:55:34.827+0000][84605.193s][info][gc          ] GC(2909) Pause Young (Normal) (G1 Evacuation Pause) 9687M->2412M(12288M) 22.796ms
[2025-01-07T19:55:34.827+0000][84605.193s][info][gc,cpu      ] GC(2909) User=0.14s Sys=0.00s Real=0.02s
[2025-01-07T19:55:41.144+0000][84611.510s][info][gc,start    ] GC(2910) Pause Young (Normal) (G1 Evacuation Pause)
[2025-01-07T19:55:41.144+0000][84611.510s][info][gc,task     ] GC(2910) Using 6 workers of 6 for evacuation
[2025-01-07T19:55:41.167+0000][84611.533s][info][gc,phases   ] GC(2910)   Pre Evacuate Collection Set: 0.2ms
[2025-01-07T19:55:41.167+0000][84611.533s][info][gc,phases   ] GC(2910)   Merge Heap Roots: 0.4ms
[2025-01-07T19:55:41.167+0000][84611.533s][info][gc,phases   ] GC(2910)   Evacuate Collection Set: 18.3ms
[2025-01-07T19:55:41.167+0000][84611.533s][info][gc,phases   ] GC(2910)   Post Evacuate Collection Set: 3.8ms
[2025-01-07T19:55:41.167+0000][84611.533s][info][gc,phases   ] GC(2910)   Other: 0.2ms
[2025-01-07T19:55:41.167+0000][84611.533s][info][gc,heap     ] GC(2910) Eden regions: 909->0(908)
[2025-01-07T19:55:41.167+0000][84611.533s][info][gc,heap     ] GC(2910) Survivor regions: 6->7(115)
[2025-01-07T19:55:41.167+0000][84611.533s][info][gc,heap     ] GC(2910) Old regions: 247->247
[2025-01-07T19:55:41.167+0000][84611.533s][info][gc,heap     ] GC(2910) Archive regions: 2->2
[2025-01-07T19:55:41.167+0000][84611.533s][info][gc,heap     ] GC(2910) Humongous regions: 49->49
[2025-01-07T19:55:41.167+0000][84611.533s][info][gc,metaspace] GC(2910) Metaspace: 498645K(506880K)->498645K(506880K) NonClass: 438078K(442304K)->438078K(442304K) Class: 60566K(64576K)->60566K(64576K)
[2025-01-07T19:55:41.167+0000][84611.533s][info][gc          ] GC(2910) Pause Young (Normal) (G1 Evacuation Pause) 9684M->2421M(12288M) 22.994ms
[2025-01-07T19:55:41.167+0000][84611.533s][info][gc,cpu      ] GC(2910) User=0.14s Sys=0.00s Real=0.02s
[2025-01-07T19:55:51.376+0000][84621.742s][info][gc,start    ] GC(2911) Pause Young (Concurrent Start) (G1 Evacuation Pause)
[2025-01-07T19:55:51.376+0000][84621.742s][info][gc,task     ] GC(2911) Using 6 workers of 6 for evacuation
[2025-01-07T19:55:51.405+0000][84621.771s][info][gc,phases   ] GC(2911)   Pre Evacuate Collection Set: 0.9ms
[2025-01-07T19:55:51.405+0000][84621.771s][info][gc,phases   ] GC(2911)   Merge Heap Roots: 0.4ms
[2025-01-07T19:55:51.405+0000][84621.771s][info][gc,phases   ] GC(2911)   Evacuate Collection Set: 24.7ms
[2025-01-07T19:55:51.405+0000][84621.771s][info][gc,phases   ] GC(2911)   Post Evacuate Collection Set: 2.6ms
[2025-01-07T19:55:51.405+0000][84621.771s][info][gc,phases   ] GC(2911)   Other: 0.3ms
[2025-01-07T19:55:51.405+0000][84621.771s][info][gc,heap     ] GC(2911) Eden regions: 908->0(906)
[2025-01-07T19:55:51.405+0000][84621.771s][info][gc,heap     ] GC(2911) Survivor regions: 7->9(115)
[2025-01-07T19:55:51.405+0000][84621.771s][info][gc,heap     ] GC(2911) Old regions: 247->247
[2025-01-07T19:55:51.405+0000][84621.771s][info][gc,heap     ] GC(2911) Archive regions: 2->2
[2025-01-07T19:55:51.405+0000][84621.771s][info][gc,heap     ] GC(2911) Humongous regions: 49->49
[2025-01-07T19:55:51.405+0000][84621.771s][info][gc,metaspace] GC(2911) Metaspace: 498645K(506880K)->498645K(506880K) NonClass: 438078K(442304K)->438078K(442304K) Class: 60566K(64576K)->60566K(64576K)
[2025-01-07T19:55:51.405+0000][84621.771s][info][gc          ] GC(2911) Pause Young (Concurrent Start) (G1 Evacuation Pause) 9685M->2432M(12288M) 29.113ms
[2025-01-07T19:55:51.405+0000][84621.771s][info][gc,cpu      ] GC(2911) User=0.17s Sys=0.00s Real=0.03s
[2025-01-07T19:55:51.405+0000][84621.771s][info][gc          ] GC(2912) Concurrent Mark Cycle
[2025-01-07T19:55:51.405+0000][84621.771s][info][gc,marking  ] GC(2912) Concurrent Clear Claimed Marks
[2025-01-07T19:55:51.406+0000][84621.772s][info][gc,marking  ] GC(2912) Concurrent Clear Claimed Marks 0.774ms
[2025-01-07T19:55:51.406+0000][84621.772s][info][gc,marking  ] GC(2912) Concurrent Scan Root Regions
[2025-01-07T19:55:51.425+0000][84621.791s][info][gc,marking  ] GC(2912) Concurrent Scan Root Regions 18.770ms
[2025-01-07T19:55:51.425+0000][84621.791s][info][gc,marking  ] GC(2912) Concurrent Mark
[2025-01-07T19:55:51.425+0000][84621.791s][info][gc,marking  ] GC(2912) Concurrent Mark From Roots
[2025-01-07T19:55:51.425+0000][84621.791s][info][gc,task     ] GC(2912) Using 2 workers of 2 for marking
[2025-01-07T19:55:52.204+0000][84622.570s][info][gc,marking  ] GC(2912) Concurrent Mark From Roots 779.302ms
[2025-01-07T19:55:52.204+0000][84622.570s][info][gc,marking  ] GC(2912) Concurrent Preclean
[2025-01-07T19:55:52.206+0000][84622.572s][info][gc,marking  ] GC(2912) Concurrent Preclean 2.013ms
[2025-01-07T19:55:52.206+0000][84622.573s][info][gc,start    ] GC(2912) Pause Remark
[2025-01-07T19:55:52.233+0000][84622.599s][info][gc          ] GC(2912) Pause Remark 2648M->2648M(12288M) 26.337ms
[2025-01-07T19:55:52.233+0000][84622.599s][info][gc,cpu      ] GC(2912) User=0.15s Sys=0.00s Real=0.03s
[2025-01-07T19:55:52.233+0000][84622.599s][info][gc,marking  ] GC(2912) Concurrent Mark 807.997ms
[2025-01-07T19:55:52.233+0000][84622.599s][info][gc,marking  ] GC(2912) Concurrent Rebuild Remembered Sets
[2025-01-07T19:55:52.773+0000][84623.139s][info][gc,marking  ] GC(2912) Concurrent Rebuild Remembered Sets 540.106ms
[2025-01-07T19:55:52.773+0000][84623.139s][info][gc,start    ] GC(2912) Pause Cleanup
[2025-01-07T19:55:52.774+0000][84623.140s][info][gc          ] GC(2912) Pause Cleanup 2888M->2888M(12288M) 0.555ms
[2025-01-07T19:55:52.774+0000][84623.140s][info][gc,cpu      ] GC(2912) User=0.00s Sys=0.00s Real=0.00s
[2025-01-07T19:55:52.774+0000][84623.140s][info][gc,marking  ] GC(2912) Concurrent Cleanup for Next Mark
[2025-01-07T19:55:52.789+0000][84623.155s][info][gc,marking  ] GC(2912) Concurrent Cleanup for Next Mark 15.429ms
[2025-01-07T19:55:52.789+0000][84623.155s][info][gc          ] GC(2912) Concurrent Mark Cycle 1384.043ms
[2025-01-07T19:55:59.987+0000][84630.354s][info][gc,start    ] GC(2913) Pause Young (Prepare Mixed) (G1 Evacuation Pause)
[2025-01-07T19:55:59.988+0000][84630.354s][info][gc,task     ] GC(2913) Using 6 workers of 6 for evacuation
[2025-01-07T19:56:00.022+0000][84630.388s][info][gc,phases   ] GC(2913)   Pre Evacuate Collection Set: 0.2ms
[2025-01-07T19:56:00.022+0000][84630.388s][info][gc,phases   ] GC(2913)   Merge Heap Roots: 0.7ms
[2025-01-07T19:56:00.022+0000][84630.388s][info][gc,phases   ] GC(2913)   Evacuate Collection Set: 31.1ms
[2025-01-07T19:56:00.022+0000][84630.388s][info][gc,phases   ] GC(2913)   Post Evacuate Collection Set: 2.6ms
[2025-01-07T19:56:00.022+0000][84630.388s][info][gc,phases   ] GC(2913)   Other: 0.2ms
[2025-01-07T19:56:00.022+0000][84630.388s][info][gc,heap     ] GC(2913) Eden regions: 906->0(66)
[2025-01-07T19:56:00.022+0000][84630.388s][info][gc,heap     ] GC(2913) Survivor regions: 9->10(115)
[2025-01-07T19:56:00.022+0000][84630.388s][info][gc,heap     ] GC(2913) Old regions: 247->247
[2025-01-07T19:56:00.022+0000][84630.388s][info][gc,heap     ] GC(2913) Archive regions: 2->2
[2025-01-07T19:56:00.022+0000][84630.388s][info][gc,heap     ] GC(2913) Humongous regions: 49->49
[2025-01-07T19:56:00.022+0000][84630.388s][info][gc,metaspace] GC(2913) Metaspace: 498645K(506880K)->498645K(506880K) NonClass: 438078K(442304K)->438078K(442304K) Class: 60566K(64576K)->60566K(64576K)
[2025-01-07T19:56:00.022+0000][84630.388s][info][gc          ] GC(2913) Pause Young (Prepare Mixed) (G1 Evacuation Pause) 9680M->2443M(12288M) 34.850ms
[2025-01-07T19:56:00.022+0000][84630.388s][info][gc,cpu      ] GC(2913) User=0.21s Sys=0.00s Real=0.04s
[2025-01-07T19:56:00.578+0000][84630.944s][info][gc,start    ] GC(2914) Pause Young (Mixed) (G1 Evacuation Pause)
[2025-01-07T19:56:00.578+0000][84630.944s][info][gc,task     ] GC(2914) Using 6 workers of 6 for evacuation
[2025-01-07T19:56:00.624+0000][84630.990s][info][gc,phases   ] GC(2914)   Pre Evacuate Collection Set: 0.2ms
[2025-01-07T19:56:00.624+0000][84630.990s][info][gc,phases   ] GC(2914)   Merge Heap Roots: 0.5ms
[2025-01-07T19:56:00.624+0000][84630.990s][info][gc,phases   ] GC(2914)   Evacuate Collection Set: 43.4ms
[2025-01-07T19:56:00.624+0000][84630.990s][info][gc,phases   ] GC(2914)   Post Evacuate Collection Set: 1.4ms
[2025-01-07T19:56:00.624+0000][84630.990s][info][gc,phases   ] GC(2914)   Other: 0.2ms
[2025-01-07T19:56:00.624+0000][84630.990s][info][gc,heap     ] GC(2914) Eden regions: 66->0(916)
[2025-01-07T19:56:00.624+0000][84630.990s][info][gc,heap     ] GC(2914) Survivor regions: 10->5(10)
[2025-01-07T19:56:00.624+0000][84630.990s][info][gc,heap     ] GC(2914) Old regions: 247->243
[2025-01-07T19:56:00.624+0000][84630.990s][info][gc,heap     ] GC(2914) Archive regions: 2->2
[2025-01-07T19:56:00.624+0000][84630.990s][info][gc,heap     ] GC(2914) Humongous regions: 49->49
[2025-01-07T19:56:00.624+0000][84630.990s][info][gc,metaspace] GC(2914) Metaspace: 498645K(506880K)->498645K(506880K) NonClass: 438078K(442304K)->438078K(442304K) Class: 60566K(64576K)->60566K(64576K)
[2025-01-07T19:56:00.624+0000][84630.990s][info][gc          ] GC(2914) Pause Young (Mixed) (G1 Evacuation Pause) 2971M->2371M(12288M) 45.764ms
[2025-01-07T19:56:00.624+0000][84630.990s][info][gc,cpu      ] GC(2914) User=0.27s Sys=0.00s Real=0.05s
[2025-01-07T19:56:08.268+0000][84638.634s][info][gc,start    ] GC(2915) Pause Young (Normal) (G1 Evacuation Pause)
[2025-01-07T19:56:08.268+0000][84638.634s][info][gc,task     ] GC(2915) Using 6 workers of 6 for evacuation
[2025-01-07T19:56:08.295+0000][84638.661s][info][gc,phases   ] GC(2915)   Pre Evacuate Collection Set: 0.2ms
[2025-01-07T19:56:08.295+0000][84638.661s][info][gc,phases   ] GC(2915)   Merge Heap Roots: 0.4ms
[2025-01-07T19:56:08.295+0000][84638.661s][info][gc,phases   ] GC(2915)   Evacuate Collection Set: 23.1ms
[2025-01-07T19:56:08.295+0000][84638.661s][info][gc,phases   ] GC(2915)   Post Evacuate Collection Set: 2.5ms
[2025-01-07T19:56:08.295+0000][84638.661s][info][gc,phases   ] GC(2915)   Other: 0.2ms
[2025-01-07T19:56:08.295+0000][84638.661s][info][gc,heap     ] GC(2915) Eden regions: 916->0(914)
[2025-01-07T19:56:08.295+0000][84638.661s][info][gc,heap     ] GC(2915) Survivor regions: 5->7(116)
[2025-01-07T19:56:08.295+0000][84638.661s][info][gc,heap     ] GC(2915) Old regions: 243->243
[2025-01-07T19:56:08.295+0000][84638.661s][info][gc,heap     ] GC(2915) Archive regions: 2->2
[2025-01-07T19:56:08.295+0000][84638.661s][info][gc,heap     ] GC(2915) Humongous regions: 49->49
[2025-01-07T19:56:08.295+0000][84638.661s][info][gc,metaspace] GC(2915) Metaspace: 498645K(506880K)->498645K(506880K) NonClass: 438078K(442304K)->438078K(442304K) Class: 60566K(64576K)->60566K(64576K)
[2025-01-07T19:56:08.295+0000][84638.661s][info][gc          ] GC(2915) Pause Young (Normal) (G1 Evacuation Pause) 9699M->2389M(12288M) 26.577ms
[2025-01-07T19:56:08.295+0000][84638.661s][info][gc,cpu      ] GC(2915) User=0.16s Sys=0.00s Real=0.03s
[2025-01-07T19:56:17.182+0000][84647.548s][info][gc,start    ] GC(2916) Pause Young (Normal) (G1 Evacuation Pause)
[2025-01-07T19:56:17.182+0000][84647.548s][info][gc,task     ] GC(2916) Using 6 workers of 6 for evacuation
[2025-01-07T19:56:17.215+0000][84647.581s][info][gc,phases   ] GC(2916)   Pre Evacuate Collection Set: 0.2ms
[2025-01-07T19:56:17.215+0000][84647.581s][info][gc,phases   ] GC(2916)   Merge Heap Roots: 0.4ms
[2025-01-07T19:56:17.215+0000][84647.581s][info][gc,phases   ] GC(2916)   Evacuate Collection Set: 27.9ms
[2025-01-07T19:56:17.215+0000][84647.581s][info][gc,phases   ] GC(2916)   Post Evacuate Collection Set: 4.4ms
[2025-01-07T19:56:17.215+0000][84647.581s][info][gc,phases   ] GC(2916)   Other: 0.2ms
[2025-01-07T19:56:17.215+0000][84647.581s][info][gc,heap     ] GC(2916) Eden regions: 914->0(911)
[2025-01-07T19:56:17.215+0000][84647.581s][info][gc,heap     ] GC(2916) Survivor regions: 7->9(116)
[2025-01-07T19:56:17.215+0000][84647.581s][info][gc,heap     ] GC(2916) Old regions: 243->243
[2025-01-07T19:56:17.215+0000][84647.581s][info][gc,heap     ] GC(2916) Archive regions: 2->2
[2025-01-07T19:56:17.215+0000][84647.581s][info][gc,heap     ] GC(2916) Humongous regions: 49->49
[2025-01-07T19:56:17.215+0000][84647.581s][info][gc,metaspace] GC(2916) Metaspace: 498645K(506880K)->498645K(506880K) NonClass: 438078K(442304K)->438078K(442304K) Class: 60566K(64576K)->60566K(64576K)
[2025-01-07T19:56:17.215+0000][84647.581s][info][gc          ] GC(2916) Pause Young (Normal) (G1 Evacuation Pause) 9701M->2402M(12288M) 33.214ms
[2025-01-07T19:56:17.215+0000][84647.581s][info][gc,cpu      ] GC(2916) User=0.20s Sys=0.00s Real=0.03s
[2025-01-07T19:56:26.901+0000][84657.267s][info][gc,start    ] GC(2917) Pause Young (Concurrent Start) (G1 Evacuation Pause)
[2025-01-07T19:56:26.901+0000][84657.267s][info][gc,task     ] GC(2917) Using 6 workers of 6 for evacuation
[2025-01-07T19:56:26.939+0000][84657.305s][info][gc,phases   ] GC(2917)   Pre Evacuate Collection Set: 1.0ms
[2025-01-07T19:56:26.939+0000][84657.305s][info][gc,phases   ] GC(2917)   Merge Heap Roots: 0.5ms
[2025-01-07T19:56:26.939+0000][84657.305s][info][gc,phases   ] GC(2917)   Evacuate Collection Set: 32.6ms
[2025-01-07T19:56:26.939+0000][84657.305s][info][gc,phases   ] GC(2917)   Post Evacuate Collection Set: 4.1ms
[2025-01-07T19:56:26.939+0000][84657.305s][info][gc,phases   ] GC(2917)   Other: 0.3ms
[2025-01-07T19:56:26.939+0000][84657.305s][info][gc,heap     ] GC(2917) Eden regions: 911->0(910)
[2025-01-07T19:56:26.939+0000][84657.305s][info][gc,heap     ] GC(2917) Survivor regions: 9->10(115)
[2025-01-07T19:56:26.939+0000][84657.305s][info][gc,heap     ] GC(2917) Old regions: 243->243
[2025-01-07T19:56:26.939+0000][84657.305s][info][gc,heap     ] GC(2917) Archive regions: 2->2
[2025-01-07T19:56:26.939+0000][84657.305s][info][gc,heap     ] GC(2917) Humongous regions: 49->49
[2025-01-07T19:56:26.939+0000][84657.305s][info][gc,metaspace] GC(2917) Metaspace: 498645K(506880K)->498645K(506880K) NonClass: 438078K(442304K)->438078K(442304K) Class: 60566K(64576K)->60566K(64576K)
[2025-01-07T19:56:26.939+0000][84657.305s][info][gc          ] GC(2917) Pause Young (Concurrent Start) (G1 Evacuation Pause) 9690M->2412M(12288M) 38.523ms
[2025-01-07T19:56:26.939+0000][84657.305s][info][gc,cpu      ] GC(2917) User=0.22s Sys=0.00s Real=0.04s
[2025-01-07T19:56:26.939+0000][84657.305s][info][gc          ] GC(2918) Concurrent Mark Cycle
[2025-01-07T19:56:26.939+0000][84657.305s][info][gc,marking  ] GC(2918) Concurrent Clear Claimed Marks
[2025-01-07T19:56:26.940+0000][84657.306s][info][gc,marking  ] GC(2918) Concurrent Clear Claimed Marks 0.790ms
[2025-01-07T19:56:26.940+0000][84657.306s][info][gc,marking  ] GC(2918) Concurrent Scan Root Regions
[2025-01-07T19:56:26.967+0000][84657.333s][info][gc,marking  ] GC(2918) Concurrent Scan Root Regions 26.951ms
[2025-01-07T19:56:26.967+0000][84657.333s][info][gc,marking  ] GC(2918) Concurrent Mark
[2025-01-07T19:56:26.967+0000][84657.333s][info][gc,marking  ] GC(2918) Concurrent Mark From Roots
[2025-01-07T19:56:26.967+0000][84657.333s][info][gc,task     ] GC(2918) Using 2 workers of 2 for marking
[2025-01-07T19:56:27.801+0000][84658.167s][info][gc,marking  ] GC(2918) Concurrent Mark From Roots 833.656ms
[2025-01-07T19:56:27.801+0000][84658.167s][info][gc,marking  ] GC(2918) Concurrent Preclean
[2025-01-07T19:56:27.803+0000][84658.169s][info][gc,marking  ] GC(2918) Concurrent Preclean 1.722ms
[2025-01-07T19:56:27.803+0000][84658.169s][info][gc,start    ] GC(2918) Pause Remark
[2025-01-07T19:56:27.829+0000][84658.195s][info][gc          ] GC(2918) Pause Remark 3560M->3560M(12288M) 26.012ms
[2025-01-07T19:56:27.829+0000][84658.195s][info][gc,cpu      ] GC(2918) User=0.15s Sys=0.00s Real=0.02s
[2025-01-07T19:56:27.829+0000][84658.195s][info][gc,marking  ] GC(2918) Concurrent Mark 861.730ms
[2025-01-07T19:56:27.829+0000][84658.195s][info][gc,marking  ] GC(2918) Concurrent Rebuild Remembered Sets
[2025-01-07T19:56:28.331+0000][84658.697s][info][gc,marking  ] GC(2918) Concurrent Rebuild Remembered Sets 501.857ms
[2025-01-07T19:56:28.331+0000][84658.697s][info][gc,start    ] GC(2918) Pause Cleanup
[2025-01-07T19:56:28.331+0000][84658.698s][info][gc          ] GC(2918) Pause Cleanup 3988M->3988M(12288M) 0.444ms
[2025-01-07T19:56:28.331+0000][84658.698s][info][gc,cpu      ] GC(2918) User=0.00s Sys=0.00s Real=0.00s
[2025-01-07T19:56:28.332+0000][84658.698s][info][gc,marking  ] GC(2918) Concurrent Cleanup for Next Mark
[2025-01-07T19:56:28.348+0000][84658.714s][info][gc,marking  ] GC(2918) Concurrent Cleanup for Next Mark 16.312ms
[2025-01-07T19:56:28.348+0000][84658.714s][info][gc          ] GC(2918) Concurrent Mark Cycle 1408.565ms
[2025-01-07T19:56:35.895+0000][84666.261s][info][gc,start    ] GC(2919) Pause Young (Prepare Mixed) (G1 Evacuation Pause)
[2025-01-07T19:56:35.895+0000][84666.261s][info][gc,task     ] GC(2919) Using 6 workers of 6 for evacuation
[2025-01-07T19:56:35.938+0000][84666.304s][info][gc,phases   ] GC(2919)   Pre Evacuate Collection Set: 0.2ms
[2025-01-07T19:56:35.938+0000][84666.304s][info][gc,phases   ] GC(2919)   Merge Heap Roots: 0.7ms
[2025-01-07T19:56:35.938+0000][84666.304s][info][gc,phases   ] GC(2919)   Evacuate Collection Set: 37.1ms
[2025-01-07T19:56:35.938+0000][84666.304s][info][gc,phases   ] GC(2919)   Post Evacuate Collection Set: 4.1ms
[2025-01-07T19:56:35.938+0000][84666.304s][info][gc,phases   ] GC(2919)   Other: 0.2ms
[2025-01-07T19:56:35.938+0000][84666.304s][info][gc,heap     ] GC(2919) Eden regions: 910->0(63)
[2025-01-07T19:56:35.938+0000][84666.304s][info][gc,heap     ] GC(2919) Survivor regions: 10->13(115)
[2025-01-07T19:56:35.938+0000][84666.304s][info][gc,heap     ] GC(2919) Old regions: 243->243
[2025-01-07T19:56:35.938+0000][84666.304s][info][gc,heap     ] GC(2919) Archive regions: 2->2
[2025-01-07T19:56:35.938+0000][84666.304s][info][gc,heap     ] GC(2919) Humongous regions: 49->49
[2025-01-07T19:56:35.938+0000][84666.304s][info][gc,metaspace] GC(2919) Metaspace: 498645K(506880K)->498645K(506880K) NonClass: 438079K(442304K)->438079K(442304K) Class: 60566K(64576K)->60566K(64576K)
[2025-01-07T19:56:35.938+0000][84666.304s][info][gc          ] GC(2919) Pause Young (Prepare Mixed) (G1 Evacuation Pause) 9692M->2435M(12288M) 42.457ms
[2025-01-07T19:56:35.938+0000][84666.304s][info][gc,cpu      ] GC(2919) User=0.25s Sys=0.00s Real=0.04s
[2025-01-07T19:56:36.406+0000][84666.772s][info][gc,start    ] GC(2920) Pause Young (Mixed) (G1 Evacuation Pause)
[2025-01-07T19:56:36.406+0000][84666.772s][info][gc,task     ] GC(2920) Using 6 workers of 6 for evacuation
[2025-01-07T19:56:36.474+0000][84666.840s][info][gc,phases   ] GC(2920)   Pre Evacuate Collection Set: 0.2ms
[2025-01-07T19:56:36.474+0000][84666.840s][info][gc,phases   ] GC(2920)   Merge Heap Roots: 0.8ms
[2025-01-07T19:56:36.474+0000][84666.840s][info][gc,phases   ] GC(2920)   Evacuate Collection Set: 65.5ms
[2025-01-07T19:56:36.474+0000][84666.840s][info][gc,phases   ] GC(2920)   Post Evacuate Collection Set: 1.7ms
[2025-01-07T19:56:36.474+0000][84666.840s][info][gc,phases   ] GC(2920)   Other: 0.2ms
[2025-01-07T19:56:36.474+0000][84666.840s][info][gc,heap     ] GC(2920) Eden regions: 63->0(914)
[2025-01-07T19:56:36.474+0000][84666.840s][info][gc,heap     ] GC(2920) Survivor regions: 13->4(10)
[2025-01-07T19:56:36.474+0000][84666.840s][info][gc,heap     ] GC(2920) Old regions: 243->243
[2025-01-07T19:56:36.474+0000][84666.840s][info][gc,heap     ] GC(2920) Archive regions: 2->2
[2025-01-07T19:56:36.474+0000][84666.840s][info][gc,heap     ] GC(2920) Humongous regions: 49->49
[2025-01-07T19:56:36.474+0000][84666.840s][info][gc,metaspace] GC(2920) Metaspace: 498645K(506880K)->498645K(506880K) NonClass: 438079K(442304K)->438079K(442304K) Class: 60566K(64576K)->60566K(64576K)
[2025-01-07T19:56:36.474+0000][84666.840s][info][gc          ] GC(2920) Pause Young (Mixed) (G1 Evacuation Pause) 2939M->2374M(12288M) 68.476ms
[2025-01-07T19:56:36.474+0000][84666.840s][info][gc,cpu      ] GC(2920) User=0.41s Sys=0.00s Real=0.07s
[2025-01-07T19:56:47.724+0000][84678.090s][info][gc,start    ] GC(2921) Pause Young (Normal) (G1 Evacuation Pause)
[2025-01-07T19:56:47.724+0000][84678.090s][info][gc,task     ] GC(2921) Using 6 workers of 6 for evacuation
[2025-01-07T19:56:47.751+0000][84678.117s][info][gc,phases   ] GC(2921)   Pre Evacuate Collection Set: 0.2ms
[2025-01-07T19:56:47.751+0000][84678.117s][info][gc,phases   ] GC(2921)   Merge Heap Roots: 0.4ms
[2025-01-07T19:56:47.751+0000][84678.117s][info][gc,phases   ] GC(2921)   Evacuate Collection Set: 23.6ms
[2025-01-07T19:56:47.751+0000][84678.117s][info][gc,phases   ] GC(2921)   Post Evacuate Collection Set: 2.7ms
[2025-01-07T19:56:47.751+0000][84678.117s][info][gc,phases   ] GC(2921)   Other: 0.2ms
[2025-01-07T19:56:47.751+0000][84678.117s][info][gc,heap     ] GC(2921) Eden regions: 914->0(912)
[2025-01-07T19:56:47.751+0000][84678.117s][info][gc,heap     ] GC(2921) Survivor regions: 4->6(115)
[2025-01-07T19:56:47.751+0000][84678.117s][info][gc,heap     ] GC(2921) Old regions: 243->243
[2025-01-07T19:56:47.751+0000][84678.117s][info][gc,heap     ] GC(2921) Archive regions: 2->2
[2025-01-07T19:56:47.751+0000][84678.117s][info][gc,heap     ] GC(2921) Humongous regions: 49->49
[2025-01-07T19:56:47.751+0000][84678.117s][info][gc,metaspace] GC(2921) Metaspace: 498645K(506880K)->498645K(506880K) NonClass: 438079K(442304K)->438079K(442304K) Class: 60566K(64576K)->60566K(64576K)
[2025-01-07T19:56:47.751+0000][84678.117s][info][gc          ] GC(2921) Pause Young (Normal) (G1 Evacuation Pause) 9686M->2390M(12288M) 27.164ms
[2025-01-07T19:56:47.751+0000][84678.117s][info][gc,cpu      ] GC(2921) User=0.15s Sys=0.00s Real=0.03s
[2025-01-07T19:56:57.128+0000][84687.494s][info][gc,start    ] GC(2922) Pause Young (Normal) (G1 Evacuation Pause)
[2025-01-07T19:56:57.128+0000][84687.494s][info][gc,task     ] GC(2922) Using 6 workers of 6 for evacuation
[2025-01-07T19:56:57.158+0000][84687.524s][info][gc,phases   ] GC(2922)   Pre Evacuate Collection Set: 0.2ms
[2025-01-07T19:56:57.158+0000][84687.524s][info][gc,phases   ] GC(2922)   Merge Heap Roots: 0.4ms
[2025-01-07T19:56:57.158+0000][84687.524s][info][gc,phases   ] GC(2922)   Evacuate Collection Set: 26.6ms
[2025-01-07T19:56:57.158+0000][84687.524s][info][gc,phases   ] GC(2922)   Post Evacuate Collection Set: 2.7ms
[2025-01-07T19:56:57.158+0000][84687.524s][info][gc,phases   ] GC(2922)   Other: 0.2ms
[2025-01-07T19:56:57.158+0000][84687.524s][info][gc,heap     ] GC(2922) Eden regions: 912->0(910)
[2025-01-07T19:56:57.158+0000][84687.524s][info][gc,heap     ] GC(2922) Survivor regions: 6->8(115)
[2025-01-07T19:56:57.158+0000][84687.524s][info][gc,heap     ] GC(2922) Old regions: 243->243
[2025-01-07T19:56:57.158+0000][84687.524s][info][gc,heap     ] GC(2922) Archive regions: 2->2
[2025-01-07T19:56:57.158+0000][84687.524s][info][gc,heap     ] GC(2922) Humongous regions: 49->49
[2025-01-07T19:56:57.158+0000][84687.524s][info][gc,metaspace] GC(2922) Metaspace: 498645K(506880K)->498645K(506880K) NonClass: 438079K(442304K)->438079K(442304K) Class: 60566K(64576K)->60566K(64576K)
[2025-01-07T19:56:57.158+0000][84687.524s][info][gc          ] GC(2922) Pause Young (Normal) (G1 Evacuation Pause) 9686M->2404M(12288M) 30.290ms
[2025-01-07T19:56:57.158+0000][84687.524s][info][gc,cpu      ] GC(2922) User=0.17s Sys=0.00s Real=0.03s
[2025-01-07T19:57:03.268+0000][84693.634s][info][gc,start    ] GC(2923) Pause Young (Concurrent Start) (G1 Evacuation Pause)
[2025-01-07T19:57:03.268+0000][84693.634s][info][gc,task     ] GC(2923) Using 6 workers of 6 for evacuation
[2025-01-07T19:57:03.300+0000][84693.666s][info][gc,phases   ] GC(2923)   Pre Evacuate Collection Set: 1.0ms
[2025-01-07T19:57:03.300+0000][84693.666s][info][gc,phases   ] GC(2923)   Merge Heap Roots: 0.5ms
[2025-01-07T19:57:03.300+0000][84693.666s][info][gc,phases   ] GC(2923)   Evacuate Collection Set: 27.8ms
[2025-01-07T19:57:03.300+0000][84693.666s][info][gc,phases   ] GC(2923)   Post Evacuate Collection Set: 2.4ms
[2025-01-07T19:57:03.300+0000][84693.666s][info][gc,phases   ] GC(2923)   Other: 0.3ms
[2025-01-07T19:57:03.300+0000][84693.666s][info][gc,heap     ] GC(2923) Eden regions: 910->0(910)
[2025-01-07T19:57:03.300+0000][84693.666s][info][gc,heap     ] GC(2923) Survivor regions: 8->9(115)
[2025-01-07T19:57:03.300+0000][84693.666s][info][gc,heap     ] GC(2923) Old regions: 243->243
[2025-01-07T19:57:03.300+0000][84693.666s][info][gc,heap     ] GC(2923) Archive regions: 2->2
[2025-01-07T19:57:03.300+0000][84693.666s][info][gc,heap     ] GC(2923) Humongous regions: 49->49
[2025-01-07T19:57:03.300+0000][84693.666s][info][gc,metaspace] GC(2923) Metaspace: 498645K(506880K)->498645K(506880K) NonClass: 438079K(442304K)->438079K(442304K) Class: 60566K(64576K)->60566K(64576K)
[2025-01-07T19:57:03.300+0000][84693.666s][info][gc          ] GC(2923) Pause Young (Concurrent Start) (G1 Evacuation Pause) 9684M->2410M(12288M) 32.071ms
[2025-01-07T19:57:03.300+0000][84693.666s][info][gc,cpu      ] GC(2923) User=0.19s Sys=0.00s Real=0.03s
[2025-01-07T19:57:03.300+0000][84693.666s][info][gc          ] GC(2924) Concurrent Mark Cycle
[2025-01-07T19:57:03.300+0000][84693.666s][info][gc,marking  ] GC(2924) Concurrent Clear Claimed Marks
[2025-01-07T19:57:03.301+0000][84693.667s][info][gc,marking  ] GC(2924) Concurrent Clear Claimed Marks 0.798ms
[2025-01-07T19:57:03.301+0000][84693.667s][info][gc,marking  ] GC(2924) Concurrent Scan Root Regions
[2025-01-07T19:57:03.321+0000][84693.687s][info][gc,marking  ] GC(2924) Concurrent Scan Root Regions 19.344ms
[2025-01-07T19:57:03.321+0000][84693.687s][info][gc,marking  ] GC(2924) Concurrent Mark
[2025-01-07T19:57:03.321+0000][84693.687s][info][gc,marking  ] GC(2924) Concurrent Mark From Roots
[2025-01-07T19:57:03.321+0000][84693.687s][info][gc,task     ] GC(2924) Using 2 workers of 2 for marking
[2025-01-07T19:57:04.096+0000][84694.462s][info][gc,marking  ] GC(2924) Concurrent Mark From Roots 775.501ms
[2025-01-07T19:57:04.096+0000][84694.462s][info][gc,marking  ] GC(2924) Concurrent Preclean
[2025-01-07T19:57:04.098+0000][84694.464s][info][gc,marking  ] GC(2924) Concurrent Preclean 1.662ms
[2025-01-07T19:57:04.098+0000][84694.464s][info][gc,start    ] GC(2924) Pause Remark
[2025-01-07T19:57:04.124+0000][84694.490s][info][gc          ] GC(2924) Pause Remark 3150M->3150M(12288M) 25.781ms
[2025-01-07T19:57:04.124+0000][84694.490s][info][gc,cpu      ] GC(2924) User=0.14s Sys=0.00s Real=0.03s
[2025-01-07T19:57:04.124+0000][84694.490s][info][gc,marking  ] GC(2924) Concurrent Mark 803.297ms
[2025-01-07T19:57:04.124+0000][84694.490s][info][gc,marking  ] GC(2924) Concurrent Rebuild Remembered Sets
[2025-01-07T19:57:04.657+0000][84695.023s][info][gc,marking  ] GC(2924) Concurrent Rebuild Remembered Sets 533.199ms
[2025-01-07T19:57:04.657+0000][84695.023s][info][gc,start    ] GC(2924) Pause Cleanup
[2025-01-07T19:57:04.658+0000][84695.024s][info][gc          ] GC(2924) Pause Cleanup 3758M->3758M(12288M) 0.473ms
[2025-01-07T19:57:04.658+0000][84695.024s][info][gc,cpu      ] GC(2924) User=0.00s Sys=0.00s Real=0.00s
[2025-01-07T19:57:04.658+0000][84695.024s][info][gc,marking  ] GC(2924) Concurrent Cleanup for Next Mark
[2025-01-07T19:57:04.674+0000][84695.041s][info][gc,marking  ] GC(2924) Concurrent Cleanup for Next Mark 16.653ms
[2025-01-07T19:57:04.675+0000][84695.041s][info][gc          ] GC(2924) Concurrent Mark Cycle 1374.190ms
[2025-01-07T19:57:09.350+0000][84699.716s][info][gc,start    ] GC(2925) Pause Young (Prepare Mixed) (G1 Evacuation Pause)
[2025-01-07T19:57:09.350+0000][84699.716s][info][gc,task     ] GC(2925) Using 6 workers of 6 for evacuation
[2025-01-07T19:57:09.384+0000][84699.750s][info][gc,phases   ] GC(2925)   Pre Evacuate Collection Set: 0.2ms
[2025-01-07T19:57:09.384+0000][84699.750s][info][gc,phases   ] GC(2925)   Merge Heap Roots: 0.7ms
[2025-01-07T19:57:09.384+0000][84699.750s][info][gc,phases   ] GC(2925)   Evacuate Collection Set: 29.8ms
[2025-01-07T19:57:09.384+0000][84699.750s][info][gc,phases   ] GC(2925)   Post Evacuate Collection Set: 2.5ms
[2025-01-07T19:57:09.384+0000][84699.750s][info][gc,phases   ] GC(2925)   Other: 0.2ms
[2025-01-07T19:57:09.384+0000][84699.750s][info][gc,heap     ] GC(2925) Eden regions: 910->0(66)
[2025-01-07T19:57:09.384+0000][84699.750s][info][gc,heap     ] GC(2925) Survivor regions: 9->10(115)
[2025-01-07T19:57:09.384+0000][84699.750s][info][gc,heap     ] GC(2925) Old regions: 243->243
[2025-01-07T19:57:09.384+0000][84699.750s][info][gc,heap     ] GC(2925) Archive regions: 2->2
[2025-01-07T19:57:09.384+0000][84699.750s][info][gc,heap     ] GC(2925) Humongous regions: 49->49
[2025-01-07T19:57:09.384+0000][84699.750s][info][gc,metaspace] GC(2925) Metaspace: 498645K(506880K)->498645K(506880K) NonClass: 438079K(442304K)->438079K(442304K) Class: 60566K(64576K)->60566K(64576K)
[2025-01-07T19:57:09.384+0000][84699.750s][info][gc          ] GC(2925) Pause Young (Prepare Mixed) (G1 Evacuation Pause) 9690M->2420M(12288M) 33.438ms
[2025-01-07T19:57:09.384+0000][84699.750s][info][gc,cpu      ] GC(2925) User=0.19s Sys=0.00s Real=0.03s
[2025-01-07T19:57:09.829+0000][84700.195s][info][gc,start    ] GC(2926) Pause Young (Mixed) (G1 Evacuation Pause)
[2025-01-07T19:57:09.829+0000][84700.195s][info][gc,task     ] GC(2926) Using 6 workers of 6 for evacuation
[2025-01-07T19:57:09.890+0000][84700.256s][info][gc,phases   ] GC(2926)   Pre Evacuate Collection Set: 0.2ms
[2025-01-07T19:57:09.890+0000][84700.256s][info][gc,phases   ] GC(2926)   Merge Heap Roots: 0.6ms
[2025-01-07T19:57:09.890+0000][84700.256s][info][gc,phases   ] GC(2926)   Evacuate Collection Set: 58.8ms
[2025-01-07T19:57:09.890+0000][84700.256s][info][gc,phases   ] GC(2926)   Post Evacuate Collection Set: 1.8ms
[2025-01-07T19:57:09.890+0000][84700.256s][info][gc,phases   ] GC(2926)   Other: 0.2ms
[2025-01-07T19:57:09.890+0000][84700.256s][info][gc,heap     ] GC(2926) Eden regions: 66->0(915)
[2025-01-07T19:57:09.890+0000][84700.256s][info][gc,heap     ] GC(2926) Survivor regions: 10->5(10)
[2025-01-07T19:57:09.890+0000][84700.256s][info][gc,heap     ] GC(2926) Old regions: 243->244
[2025-01-07T19:57:09.890+0000][84700.256s][info][gc,heap     ] GC(2926) Archive regions: 2->2
[2025-01-07T19:57:09.890+0000][84700.256s][info][gc,heap     ] GC(2926) Humongous regions: 49->49
[2025-01-07T19:57:09.890+0000][84700.256s][info][gc,metaspace] GC(2926) Metaspace: 498645K(506880K)->498645K(506880K) NonClass: 438079K(442304K)->438079K(442304K) Class: 60566K(64576K)->60566K(64576K)
[2025-01-07T19:57:09.890+0000][84700.257s][info][gc          ] GC(2926) Pause Young (Mixed) (G1 Evacuation Pause) 2948M->2383M(12288M) 61.692ms
[2025-01-07T19:57:09.890+0000][84700.257s][info][gc,cpu      ] GC(2926) User=0.36s Sys=0.00s Real=0.07s
[2025-01-07T19:57:14.940+0000][84705.307s][info][gc,start    ] GC(2927) Pause Young (Normal) (G1 Evacuation Pause)
[2025-01-07T19:57:14.941+0000][84705.307s][info][gc,task     ] GC(2927) Using 6 workers of 6 for evacuation
[2025-01-07T19:57:14.964+0000][84705.330s][info][gc,phases   ] GC(2927)   Pre Evacuate Collection Set: 0.2ms
[2025-01-07T19:57:14.964+0000][84705.330s][info][gc,phases   ] GC(2927)   Merge Heap Roots: 0.4ms
[2025-01-07T19:57:14.964+0000][84705.330s][info][gc,phases   ] GC(2927)   Evacuate Collection Set: 18.9ms
[2025-01-07T19:57:14.964+0000][84705.330s][info][gc,phases   ] GC(2927)   Post Evacuate Collection Set: 3.8ms
[2025-01-07T19:57:14.964+0000][84705.330s][info][gc,phases   ] GC(2927)   Other: 0.2ms
[2025-01-07T19:57:14.964+0000][84705.330s][info][gc,heap     ] GC(2927) Eden regions: 915->0(913)
[2025-01-07T19:57:14.964+0000][84705.330s][info][gc,heap     ] GC(2927) Survivor regions: 5->6(115)
[2025-01-07T19:57:14.964+0000][84705.330s][info][gc,heap     ] GC(2927) Old regions: 244->244
[2025-01-07T19:57:14.964+0000][84705.330s][info][gc,heap     ] GC(2927) Archive regions: 2->2
[2025-01-07T19:57:14.964+0000][84705.330s][info][gc,heap     ] GC(2927) Humongous regions: 49->49
[2025-01-07T19:57:14.964+0000][84705.330s][info][gc,metaspace] GC(2927) Metaspace: 498645K(506880K)->498645K(506880K) NonClass: 438079K(442304K)->438079K(442304K) Class: 60566K(64576K)->60566K(64576K)
[2025-01-07T19:57:14.964+0000][84705.330s][info][gc          ] GC(2927) Pause Young (Normal) (G1 Evacuation Pause) 9703M->2392M(12288M) 23.625ms
[2025-01-07T19:57:14.964+0000][84705.330s][info][gc,cpu      ] GC(2927) User=0.14s Sys=0.00s Real=0.03s
[2025-01-07T19:57:23.470+0000][84713.836s][info][gc,start    ] GC(2928) Pause Young (Normal) (G1 Evacuation Pause)
[2025-01-07T19:57:23.470+0000][84713.836s][info][gc,task     ] GC(2928) Using 6 workers of 6 for evacuation
[2025-01-07T19:57:23.498+0000][84713.864s][info][gc,phases   ] GC(2928)   Pre Evacuate Collection Set: 0.2ms
[2025-01-07T19:57:23.498+0000][84713.864s][info][gc,phases   ] GC(2928)   Merge Heap Roots: 0.4ms
[2025-01-07T19:57:23.498+0000][84713.864s][info][gc,phases   ] GC(2928)   Evacuate Collection Set: 23.4ms
[2025-01-07T19:57:23.498+0000][84713.864s][info][gc,phases   ] GC(2928)   Post Evacuate Collection Set: 3.9ms
[2025-01-07T19:57:23.498+0000][84713.864s][info][gc,phases   ] GC(2928)   Other: 0.2ms
[2025-01-07T19:57:23.498+0000][84713.864s][info][gc,heap     ] GC(2928) Eden regions: 913->0(911)
[2025-01-07T19:57:23.498+0000][84713.864s][info][gc,heap     ] GC(2928) Survivor regions: 6->8(115)
[2025-01-07T19:57:23.498+0000][84713.864s][info][gc,heap     ] GC(2928) Old regions: 244->244
[2025-01-07T19:57:23.498+0000][84713.864s][info][gc,heap     ] GC(2928) Archive regions: 2->2
[2025-01-07T19:57:23.498+0000][84713.864s][info][gc,heap     ] GC(2928) Humongous regions: 49->49
[2025-01-07T19:57:23.498+0000][84713.864s][info][gc,metaspace] GC(2928) Metaspace: 498645K(506880K)->498645K(506880K) NonClass: 438079K(442304K)->438079K(442304K) Class: 60566K(64576K)->60566K(64576K)
[2025-01-07T19:57:23.498+0000][84713.864s][info][gc          ] GC(2928) Pause Young (Normal) (G1 Evacuation Pause) 9696M->2405M(12288M) 28.230ms
[2025-01-07T19:57:23.498+0000][84713.864s][info][gc,cpu      ] GC(2928) User=0.17s Sys=0.00s Real=0.02s
[2025-01-07T19:57:28.442+0000][84718.808s][info][gc,start    ] GC(2929) Pause Young (Concurrent Start) (G1 Evacuation Pause)
[2025-01-07T19:57:28.442+0000][84718.808s][info][gc,task     ] GC(2929) Using 6 workers of 6 for evacuation
[2025-01-07T19:57:28.473+0000][84718.839s][info][gc,phases   ] GC(2929)   Pre Evacuate Collection Set: 1.0ms
[2025-01-07T19:57:28.473+0000][84718.839s][info][gc,phases   ] GC(2929)   Merge Heap Roots: 0.4ms
[2025-01-07T19:57:28.473+0000][84718.839s][info][gc,phases   ] GC(2929)   Evacuate Collection Set: 25.8ms
[2025-01-07T19:57:28.473+0000][84718.839s][info][gc,phases   ] GC(2929)   Post Evacuate Collection Set: 3.8ms
[2025-01-07T19:57:28.473+0000][84718.839s][info][gc,phases   ] GC(2929)   Other: 0.3ms
[2025-01-07T19:57:28.473+0000][84718.839s][info][gc,heap     ] GC(2929) Eden regions: 911->0(911)
[2025-01-07T19:57:28.473+0000][84718.839s][info][gc,heap     ] GC(2929) Survivor regions: 8->9(115)
[2025-01-07T19:57:28.473+0000][84718.839s][info][gc,heap     ] GC(2929) Old regions: 244->244
[2025-01-07T19:57:28.473+0000][84718.839s][info][gc,heap     ] GC(2929) Archive regions: 2->2
[2025-01-07T19:57:28.473+0000][84718.839s][info][gc,heap     ] GC(2929) Humongous regions: 49->49
[2025-01-07T19:57:28.473+0000][84718.839s][info][gc,metaspace] GC(2929) Metaspace: 498645K(506880K)->498645K(506880K) NonClass: 438079K(442304K)->438079K(442304K) Class: 60566K(64576K)->60566K(64576K)
[2025-01-07T19:57:28.473+0000][84718.839s][info][gc          ] GC(2929) Pause Young (Concurrent Start) (G1 Evacuation Pause) 9693M->2417M(12288M) 31.317ms
[2025-01-07T19:57:28.473+0000][84718.839s][info][gc,cpu      ] GC(2929) User=0.17s Sys=0.01s Real=0.03s
[2025-01-07T19:57:28.473+0000][84718.839s][info][gc          ] GC(2930) Concurrent Mark Cycle
[2025-01-07T19:57:28.473+0000][84718.839s][info][gc,marking  ] GC(2930) Concurrent Clear Claimed Marks
[2025-01-07T19:57:28.474+0000][84718.840s][info][gc,marking  ] GC(2930) Concurrent Clear Claimed Marks 0.835ms
[2025-01-07T19:57:28.474+0000][84718.840s][info][gc,marking  ] GC(2930) Concurrent Scan Root Regions
[2025-01-07T19:57:28.495+0000][84718.861s][info][gc,marking  ] GC(2930) Concurrent Scan Root Regions 21.256ms
[2025-01-07T19:57:28.495+0000][84718.861s][info][gc,marking  ] GC(2930) Concurrent Mark
[2025-01-07T19:57:28.495+0000][84718.861s][info][gc,marking  ] GC(2930) Concurrent Mark From Roots
[2025-01-07T19:57:28.495+0000][84718.861s][info][gc,task     ] GC(2930) Using 2 workers of 2 for marking
[2025-01-07T19:57:29.399+0000][84719.765s][info][gc,marking  ] GC(2930) Concurrent Mark From Roots 903.997ms
[2025-01-07T19:57:29.399+0000][84719.765s][info][gc,marking  ] GC(2930) Concurrent Preclean
[2025-01-07T19:57:29.401+0000][84719.767s][info][gc,marking  ] GC(2930) Concurrent Preclean 1.719ms
[2025-01-07T19:57:29.401+0000][84719.767s][info][gc,start    ] GC(2930) Pause Remark
[2025-01-07T19:57:29.427+0000][84719.793s][info][gc          ] GC(2930) Pause Remark 3573M->3573M(12288M) 25.501ms
[2025-01-07T19:57:29.427+0000][84719.793s][info][gc,cpu      ] GC(2930) User=0.15s Sys=0.00s Real=0.03s
[2025-01-07T19:57:29.427+0000][84719.793s][info][gc,marking  ] GC(2930) Concurrent Mark 931.581ms
[2025-01-07T19:57:29.427+0000][84719.793s][info][gc,marking  ] GC(2930) Concurrent Rebuild Remembered Sets
[2025-01-07T19:57:30.073+0000][84720.439s][info][gc,marking  ] GC(2930) Concurrent Rebuild Remembered Sets 646.393ms
[2025-01-07T19:57:30.073+0000][84720.440s][info][gc,start    ] GC(2930) Pause Cleanup
[2025-01-07T19:57:30.074+0000][84720.440s][info][gc          ] GC(2930) Pause Cleanup 4297M->4297M(12288M) 0.430ms
[2025-01-07T19:57:30.074+0000][84720.440s][info][gc,cpu      ] GC(2930) User=0.01s Sys=0.00s Real=0.00s
[2025-01-07T19:57:30.074+0000][84720.440s][info][gc,marking  ] GC(2930) Concurrent Cleanup for Next Mark
[2025-01-07T19:57:30.090+0000][84720.456s][info][gc,marking  ] GC(2930) Concurrent Cleanup for Next Mark 15.917ms
[2025-01-07T19:57:30.090+0000][84720.456s][info][gc          ] GC(2930) Concurrent Mark Cycle 1616.867ms
[2025-01-07T19:57:35.828+0000][84726.194s][info][gc,start    ] GC(2931) Pause Young (Prepare Mixed) (G1 Evacuation Pause)
[2025-01-07T19:57:35.828+0000][84726.194s][info][gc,task     ] GC(2931) Using 6 workers of 6 for evacuation
[2025-01-07T19:57:35.863+0000][84726.229s][info][gc,phases   ] GC(2931)   Pre Evacuate Collection Set: 0.2ms
[2025-01-07T19:57:35.863+0000][84726.229s][info][gc,phases   ] GC(2931)   Merge Heap Roots: 0.7ms
[2025-01-07T19:57:35.863+0000][84726.229s][info][gc,phases   ] GC(2931)   Evacuate Collection Set: 31.4ms
[2025-01-07T19:57:35.863+0000][84726.229s][info][gc,phases   ] GC(2931)   Post Evacuate Collection Set: 2.8ms
[2025-01-07T19:57:35.863+0000][84726.229s][info][gc,phases   ] GC(2931)   Other: 0.2ms
[2025-01-07T19:57:35.863+0000][84726.229s][info][gc,heap     ] GC(2931) Eden regions: 911->0(66)
[2025-01-07T19:57:35.863+0000][84726.229s][info][gc,heap     ] GC(2931) Survivor regions: 9->10(115)
[2025-01-07T19:57:35.863+0000][84726.229s][info][gc,heap     ] GC(2931) Old regions: 244->244
[2025-01-07T19:57:35.863+0000][84726.229s][info][gc,heap     ] GC(2931) Archive regions: 2->2
[2025-01-07T19:57:35.863+0000][84726.229s][info][gc,heap     ] GC(2931) Humongous regions: 49->49
[2025-01-07T19:57:35.863+0000][84726.229s][info][gc,metaspace] GC(2931) Metaspace: 498645K(506880K)->498645K(506880K) NonClass: 438079K(442304K)->438079K(442304K) Class: 60566K(64576K)->60566K(64576K)
[2025-01-07T19:57:35.863+0000][84726.229s][info][gc          ] GC(2931) Pause Young (Prepare Mixed) (G1 Evacuation Pause) 9705M->2423M(12288M) 35.376ms
[2025-01-07T19:57:35.863+0000][84726.229s][info][gc,cpu      ] GC(2931) User=0.21s Sys=0.00s Real=0.04s
[2025-01-07T19:57:36.457+0000][84726.823s][info][gc,start    ] GC(2932) Pause Young (Mixed) (G1 Evacuation Pause)
[2025-01-07T19:57:36.457+0000][84726.823s][info][gc,task     ] GC(2932) Using 6 workers of 6 for evacuation
[2025-01-07T19:57:36.517+0000][84726.883s][info][gc,phases   ] GC(2932)   Pre Evacuate Collection Set: 0.2ms
[2025-01-07T19:57:36.517+0000][84726.883s][info][gc,phases   ] GC(2932)   Merge Heap Roots: 0.7ms
[2025-01-07T19:57:36.517+0000][84726.883s][info][gc,phases   ] GC(2932)   Evacuate Collection Set: 58.0ms
[2025-01-07T19:57:36.517+0000][84726.883s][info][gc,phases   ] GC(2932)   Post Evacuate Collection Set: 1.7ms
[2025-01-07T19:57:36.517+0000][84726.883s][info][gc,phases   ] GC(2932)   Other: 0.2ms
[2025-01-07T19:57:36.517+0000][84726.883s][info][gc,heap     ] GC(2932) Eden regions: 66->0(914)
[2025-01-07T19:57:36.517+0000][84726.884s][info][gc,heap     ] GC(2932) Survivor regions: 10->5(10)
[2025-01-07T19:57:36.517+0000][84726.884s][info][gc,heap     ] GC(2932) Old regions: 244->244
[2025-01-07T19:57:36.517+0000][84726.884s][info][gc,heap     ] GC(2932) Archive regions: 2->2
[2025-01-07T19:57:36.517+0000][84726.884s][info][gc,heap     ] GC(2932) Humongous regions: 49->49
[2025-01-07T19:57:36.517+0000][84726.884s][info][gc,metaspace] GC(2932) Metaspace: 498645K(506880K)->498645K(506880K) NonClass: 438079K(442304K)->438079K(442304K) Class: 60566K(64576K)->60566K(64576K)
[2025-01-07T19:57:36.517+0000][84726.884s][info][gc          ] GC(2932) Pause Young (Mixed) (G1 Evacuation Pause) 2951M->2382M(12288M) 60.927ms
[2025-01-07T19:57:36.518+0000][84726.884s][info][gc,cpu      ] GC(2932) User=0.35s Sys=0.00s Real=0.06s
[2025-01-07T19:57:48.363+0000][84738.730s][info][gc,start    ] GC(2933) Pause Young (Normal) (G1 Evacuation Pause)
[2025-01-07T19:57:48.363+0000][84738.730s][info][gc,task     ] GC(2933) Using 6 workers of 6 for evacuation
[2025-01-07T19:57:48.389+0000][84738.755s][info][gc,phases   ] GC(2933)   Pre Evacuate Collection Set: 0.2ms
[2025-01-07T19:57:48.389+0000][84738.755s][info][gc,phases   ] GC(2933)   Merge Heap Roots: 0.4ms
[2025-01-07T19:57:48.389+0000][84738.755s][info][gc,phases   ] GC(2933)   Evacuate Collection Set: 22.1ms
[2025-01-07T19:57:48.389+0000][84738.755s][info][gc,phases   ] GC(2933)   Post Evacuate Collection Set: 2.6ms
[2025-01-07T19:57:48.389+0000][84738.755s][info][gc,phases   ] GC(2933)   Other: 0.2ms
[2025-01-07T19:57:48.389+0000][84738.755s][info][gc,heap     ] GC(2933) Eden regions: 914->0(913)
[2025-01-07T19:57:48.389+0000][84738.755s][info][gc,heap     ] GC(2933) Survivor regions: 5->6(115)
[2025-01-07T19:57:48.389+0000][84738.755s][info][gc,heap     ] GC(2933) Old regions: 244->244
[2025-01-07T19:57:48.389+0000][84738.755s][info][gc,heap     ] GC(2933) Archive regions: 2->2
[2025-01-07T19:57:48.389+0000][84738.755s][info][gc,heap     ] GC(2933) Humongous regions: 49->49
[2025-01-07T19:57:48.389+0000][84738.755s][info][gc,metaspace] GC(2933) Metaspace: 498645K(506880K)->498645K(506880K) NonClass: 438079K(442304K)->438079K(442304K) Class: 60566K(64576K)->60566K(64576K)
[2025-01-07T19:57:48.389+0000][84738.755s][info][gc          ] GC(2933) Pause Young (Normal) (G1 Evacuation Pause) 9694M->2394M(12288M) 25.627ms
[2025-01-07T19:57:48.389+0000][84738.755s][info][gc,cpu      ] GC(2933) User=0.15s Sys=0.00s Real=0.02s
[2025-01-07T19:57:56.439+0000][84746.805s][info][gc,start    ] GC(2934) Pause Young (Normal) (G1 Evacuation Pause)
[2025-01-07T19:57:56.439+0000][84746.805s][info][gc,task     ] GC(2934) Using 6 workers of 6 for evacuation
[2025-01-07T19:57:56.466+0000][84746.832s][info][gc,phases   ] GC(2934)   Pre Evacuate Collection Set: 0.2ms
[2025-01-07T19:57:56.466+0000][84746.832s][info][gc,phases   ] GC(2934)   Merge Heap Roots: 0.4ms
[2025-01-07T19:57:56.466+0000][84746.832s][info][gc,phases   ] GC(2934)   Evacuate Collection Set: 24.3ms
[2025-01-07T19:57:56.466+0000][84746.832s][info][gc,phases   ] GC(2934)   Post Evacuate Collection Set: 2.6ms
[2025-01-07T19:57:56.466+0000][84746.832s][info][gc,phases   ] GC(2934)   Other: 0.2ms
[2025-01-07T19:57:56.466+0000][84746.832s][info][gc,heap     ] GC(2934) Eden regions: 913->0(910)
[2025-01-07T19:57:56.466+0000][84746.832s][info][gc,heap     ] GC(2934) Survivor regions: 6->8(115)
[2025-01-07T19:57:56.466+0000][84746.832s][info][gc,heap     ] GC(2934) Old regions: 244->244
[2025-01-07T19:57:56.466+0000][84746.832s][info][gc,heap     ] GC(2934) Archive regions: 2->2
[2025-01-07T19:57:56.466+0000][84746.832s][info][gc,heap     ] GC(2934) Humongous regions: 49->49
[2025-01-07T19:57:56.466+0000][84746.832s][info][gc,metaspace] GC(2934) Metaspace: 498645K(506880K)->498645K(506880K) NonClass: 438079K(442304K)->438079K(442304K) Class: 60566K(64576K)->60566K(64576K)
[2025-01-07T19:57:56.466+0000][84746.832s][info][gc          ] GC(2934) Pause Young (Normal) (G1 Evacuation Pause) 9698M->2410M(12288M) 27.792ms
[2025-01-07T19:57:56.466+0000][84746.833s][info][gc,cpu      ] GC(2934) User=0.16s Sys=0.00s Real=0.03s
[2025-01-07T19:57:59.968+0000][84750.334s][info][gc,start    ] GC(2935) Pause Young (Concurrent Start) (G1 Evacuation Pause)
[2025-01-07T19:57:59.968+0000][84750.334s][info][gc,task     ] GC(2935) Using 6 workers of 6 for evacuation
[2025-01-07T19:58:00.000+0000][84750.366s][info][gc,phases   ] GC(2935)   Pre Evacuate Collection Set: 1.0ms
[2025-01-07T19:58:00.000+0000][84750.366s][info][gc,phases   ] GC(2935)   Merge Heap Roots: 0.5ms
[2025-01-07T19:58:00.000+0000][84750.366s][info][gc,phases   ] GC(2935)   Evacuate Collection Set: 27.7ms
[2025-01-07T19:58:00.000+0000][84750.366s][info][gc,phases   ] GC(2935)   Post Evacuate Collection Set: 2.6ms
[2025-01-07T19:58:00.000+0000][84750.366s][info][gc,phases   ] GC(2935)   Other: 0.3ms
[2025-01-07T19:58:00.000+0000][84750.366s][info][gc,heap     ] GC(2935) Eden regions: 910->0(913)
[2025-01-07T19:58:00.000+0000][84750.366s][info][gc,heap     ] GC(2935) Survivor regions: 8->8(115)
[2025-01-07T19:58:00.000+0000][84750.366s][info][gc,heap     ] GC(2935) Old regions: 244->244
[2025-01-07T19:58:00.000+0000][84750.366s][info][gc,heap     ] GC(2935) Archive regions: 2->2
[2025-01-07T19:58:00.000+0000][84750.366s][info][gc,heap     ] GC(2935) Humongous regions: 49->49
[2025-01-07T19:58:00.000+0000][84750.366s][info][gc,metaspace] GC(2935) Metaspace: 498645K(506880K)->498645K(506880K) NonClass: 438079K(442304K)->438079K(442304K) Class: 60566K(64576K)->60566K(64576K)
[2025-01-07T19:58:00.000+0000][84750.366s][info][gc          ] GC(2935) Pause Young (Concurrent Start) (G1 Evacuation Pause) 9690M->2409M(12288M) 32.144ms
[2025-01-07T19:58:00.000+0000][84750.366s][info][gc,cpu      ] GC(2935) User=0.18s Sys=0.00s Real=0.03s
[2025-01-07T19:58:00.000+0000][84750.366s][info][gc          ] GC(2936) Concurrent Mark Cycle
[2025-01-07T19:58:00.000+0000][84750.366s][info][gc,marking  ] GC(2936) Concurrent Clear Claimed Marks
[2025-01-07T19:58:00.001+0000][84750.367s][info][gc,marking  ] GC(2936) Concurrent Clear Claimed Marks 0.886ms
[2025-01-07T19:58:00.001+0000][84750.367s][info][gc,marking  ] GC(2936) Concurrent Scan Root Regions
[2025-01-07T19:58:00.026+0000][84750.393s][info][gc,marking  ] GC(2936) Concurrent Scan Root Regions 25.763ms
[2025-01-07T19:58:00.026+0000][84750.393s][info][gc,marking  ] GC(2936) Concurrent Mark
[2025-01-07T19:58:00.026+0000][84750.393s][info][gc,marking  ] GC(2936) Concurrent Mark From Roots
[2025-01-07T19:58:00.026+0000][84750.393s][info][gc,task     ] GC(2936) Using 2 workers of 2 for marking
[2025-01-07T19:58:01.023+0000][84751.389s][info][gc,marking  ] GC(2936) Concurrent Mark From Roots 996.708ms
[2025-01-07T19:58:01.023+0000][84751.389s][info][gc,marking  ] GC(2936) Concurrent Preclean
[2025-01-07T19:58:01.025+0000][84751.391s][info][gc,marking  ] GC(2936) Concurrent Preclean 1.699ms
[2025-01-07T19:58:01.025+0000][84751.391s][info][gc,start    ] GC(2936) Pause Remark
[2025-01-07T19:58:01.080+0000][84751.446s][info][gc          ] GC(2936) Pause Remark 4053M->4053M(12288M) 54.836ms
[2025-01-07T19:58:01.080+0000][84751.446s][info][gc,cpu      ] GC(2936) User=0.30s Sys=0.00s Real=0.05s
[2025-01-07T19:58:01.080+0000][84751.446s][info][gc,marking  ] GC(2936) Concurrent Mark 1053.601ms
[2025-01-07T19:58:01.080+0000][84751.446s][info][gc,marking  ] GC(2936) Concurrent Rebuild Remembered Sets
[2025-01-07T19:58:01.640+0000][84752.006s][info][gc,marking  ] GC(2936) Concurrent Rebuild Remembered Sets 560.175ms
[2025-01-07T19:58:01.640+0000][84752.006s][info][gc,start    ] GC(2936) Pause Cleanup
[2025-01-07T19:58:01.641+0000][84752.007s][info][gc          ] GC(2936) Pause Cleanup 4677M->4677M(12288M) 0.418ms
[2025-01-07T19:58:01.641+0000][84752.007s][info][gc,cpu      ] GC(2936) User=0.00s Sys=0.00s Real=0.00s
[2025-01-07T19:58:01.641+0000][84752.007s][info][gc,marking  ] GC(2936) Concurrent Cleanup for Next Mark
[2025-01-07T19:58:01.657+0000][84752.023s][info][gc,marking  ] GC(2936) Concurrent Cleanup for Next Mark 15.878ms
[2025-01-07T19:58:01.657+0000][84752.023s][info][gc          ] GC(2936) Concurrent Mark Cycle 1657.126ms
[2025-01-07T19:58:05.660+0000][84756.026s][info][gc,start    ] GC(2937) Pause Young (Prepare Mixed) (G1 Evacuation Pause)
[2025-01-07T19:58:05.660+0000][84756.026s][info][gc,task     ] GC(2937) Using 6 workers of 6 for evacuation
[2025-01-07T19:58:05.695+0000][84756.061s][info][gc,phases   ] GC(2937)   Pre Evacuate Collection Set: 0.2ms
[2025-01-07T19:58:05.695+0000][84756.061s][info][gc,phases   ] GC(2937)   Merge Heap Roots: 0.6ms
[2025-01-07T19:58:05.695+0000][84756.061s][info][gc,phases   ] GC(2937)   Evacuate Collection Set: 30.4ms
[2025-01-07T19:58:05.695+0000][84756.061s][info][gc,phases   ] GC(2937)   Post Evacuate Collection Set: 3.4ms
[2025-01-07T19:58:05.695+0000][84756.061s][info][gc,phases   ] GC(2937)   Other: 0.2ms
[2025-01-07T19:58:05.695+0000][84756.061s][info][gc,heap     ] GC(2937) Eden regions: 913->0(64)
[2025-01-07T19:58:05.695+0000][84756.061s][info][gc,heap     ] GC(2937) Survivor regions: 8->12(116)
[2025-01-07T19:58:05.695+0000][84756.061s][info][gc,heap     ] GC(2937) Old regions: 244->244
[2025-01-07T19:58:05.695+0000][84756.061s][info][gc,heap     ] GC(2937) Archive regions: 2->2
[2025-01-07T19:58:05.695+0000][84756.061s][info][gc,heap     ] GC(2937) Humongous regions: 49->49
[2025-01-07T19:58:05.695+0000][84756.061s][info][gc,metaspace] GC(2937) Metaspace: 498642K(506880K)->498642K(506880K) NonClass: 438076K(442304K)->438076K(442304K) Class: 60566K(64576K)->60566K(64576K)
[2025-01-07T19:58:05.695+0000][84756.061s][info][gc          ] GC(2937) Pause Young (Prepare Mixed) (G1 Evacuation Pause) 9713M->2442M(12288M) 34.976ms
[2025-01-07T19:58:05.695+0000][84756.061s][info][gc,cpu      ] GC(2937) User=0.20s Sys=0.00s Real=0.04s
[2025-01-07T19:58:05.977+0000][84756.344s][info][gc,start    ] GC(2938) Pause Young (Mixed) (G1 Evacuation Pause)
[2025-01-07T19:58:05.978+0000][84756.344s][info][gc,task     ] GC(2938) Using 6 workers of 6 for evacuation
[2025-01-07T19:58:06.042+0000][84756.408s][info][gc,phases   ] GC(2938)   Pre Evacuate Collection Set: 0.2ms
[2025-01-07T19:58:06.042+0000][84756.408s][info][gc,phases   ] GC(2938)   Merge Heap Roots: 0.7ms
[2025-01-07T19:58:06.042+0000][84756.408s][info][gc,phases   ] GC(2938)   Evacuate Collection Set: 62.0ms
[2025-01-07T19:58:06.042+0000][84756.408s][info][gc,phases   ] GC(2938)   Post Evacuate Collection Set: 1.6ms
[2025-01-07T19:58:06.042+0000][84756.408s][info][gc,phases   ] GC(2938)   Other: 0.2ms
[2025-01-07T19:58:06.042+0000][84756.408s][info][gc,heap     ] GC(2938) Eden regions: 64->0(911)
[2025-01-07T19:58:06.042+0000][84756.408s][info][gc,heap     ] GC(2938) Survivor regions: 12->2(10)
[2025-01-07T19:58:06.042+0000][84756.408s][info][gc,heap     ] GC(2938) Old regions: 244->249
[2025-01-07T19:58:06.042+0000][84756.408s][info][gc,heap     ] GC(2938) Archive regions: 2->2
[2025-01-07T19:58:06.042+0000][84756.408s][info][gc,heap     ] GC(2938) Humongous regions: 49->49
[2025-01-07T19:58:06.042+0000][84756.408s][info][gc,metaspace] GC(2938) Metaspace: 498642K(506880K)->498642K(506880K) NonClass: 438076K(442304K)->438076K(442304K) Class: 60566K(64576K)->60566K(64576K)
[2025-01-07T19:58:06.042+0000][84756.408s][info][gc          ] GC(2938) Pause Young (Mixed) (G1 Evacuation Pause) 2954M->2400M(12288M) 64.710ms
[2025-01-07T19:58:06.042+0000][84756.408s][info][gc,cpu      ] GC(2938) User=0.38s Sys=0.00s Real=0.07s
[2025-01-07T19:58:10.933+0000][84761.299s][info][gc,start    ] GC(2939) Pause Young (Normal) (G1 Evacuation Pause)
[2025-01-07T19:58:10.933+0000][84761.299s][info][gc,task     ] GC(2939) Using 6 workers of 6 for evacuation
[2025-01-07T19:58:10.948+0000][84761.314s][info][gc,phases   ] GC(2939)   Pre Evacuate Collection Set: 0.2ms
[2025-01-07T19:58:10.948+0000][84761.314s][info][gc,phases   ] GC(2939)   Merge Heap Roots: 0.3ms
[2025-01-07T19:58:10.948+0000][84761.314s][info][gc,phases   ] GC(2939)   Evacuate Collection Set: 10.6ms
[2025-01-07T19:58:10.948+0000][84761.314s][info][gc,phases   ] GC(2939)   Post Evacuate Collection Set: 3.7ms
[2025-01-07T19:58:10.948+0000][84761.314s][info][gc,phases   ] GC(2939)   Other: 0.2ms
[2025-01-07T19:58:10.948+0000][84761.314s][info][gc,heap     ] GC(2939) Eden regions: 911->0(909)
[2025-01-07T19:58:10.948+0000][84761.314s][info][gc,heap     ] GC(2939) Survivor regions: 2->4(115)
[2025-01-07T19:58:10.948+0000][84761.314s][info][gc,heap     ] GC(2939) Old regions: 249->249
[2025-01-07T19:58:10.948+0000][84761.314s][info][gc,heap     ] GC(2939) Archive regions: 2->2
[2025-01-07T19:58:10.948+0000][84761.314s][info][gc,heap     ] GC(2939) Humongous regions: 49->49
[2025-01-07T19:58:10.948+0000][84761.314s][info][gc,metaspace] GC(2939) Metaspace: 498642K(506880K)->498642K(506880K) NonClass: 438076K(442304K)->438076K(442304K) Class: 60566K(64576K)->60566K(64576K)
[2025-01-07T19:58:10.948+0000][84761.314s][info][gc          ] GC(2939) Pause Young (Normal) (G1 Evacuation Pause) 9688M->2412M(12288M) 15.021ms
[2025-01-07T19:58:10.948+0000][84761.314s][info][gc,cpu      ] GC(2939) User=0.08s Sys=0.01s Real=0.01s
[2025-01-07T19:58:21.121+0000][84771.487s][info][gc,start    ] GC(2940) Pause Young (Normal) (G1 Evacuation Pause)
[2025-01-07T19:58:21.121+0000][84771.487s][info][gc,task     ] GC(2940) Using 6 workers of 6 for evacuation
[2025-01-07T19:58:21.142+0000][84771.508s][info][gc,phases   ] GC(2940)   Pre Evacuate Collection Set: 0.2ms
[2025-01-07T19:58:21.142+0000][84771.508s][info][gc,phases   ] GC(2940)   Merge Heap Roots: 0.4ms
[2025-01-07T19:58:21.142+0000][84771.508s][info][gc,phases   ] GC(2940)   Evacuate Collection Set: 15.9ms
[2025-01-07T19:58:21.142+0000][84771.508s][info][gc,phases   ] GC(2940)   Post Evacuate Collection Set: 3.9ms
[2025-01-07T19:58:21.142+0000][84771.508s][info][gc,phases   ] GC(2940)   Other: 0.3ms
[2025-01-07T19:58:21.142+0000][84771.508s][info][gc,heap     ] GC(2940) Eden regions: 909->0(907)
[2025-01-07T19:58:21.142+0000][84771.508s][info][gc,heap     ] GC(2940) Survivor regions: 4->6(115)
[2025-01-07T19:58:21.142+0000][84771.508s][info][gc,heap     ] GC(2940) Old regions: 249->249
[2025-01-07T19:58:21.142+0000][84771.508s][info][gc,heap     ] GC(2940) Archive regions: 2->2
[2025-01-07T19:58:21.142+0000][84771.508s][info][gc,heap     ] GC(2940) Humongous regions: 49->49
[2025-01-07T19:58:21.142+0000][84771.508s][info][gc,metaspace] GC(2940) Metaspace: 498642K(506880K)->498642K(506880K) NonClass: 438076K(442304K)->438076K(442304K) Class: 60566K(64576K)->60566K(64576K)
[2025-01-07T19:58:21.142+0000][84771.508s][info][gc          ] GC(2940) Pause Young (Normal) (G1 Evacuation Pause) 9684M->2425M(12288M) 20.662ms
[2025-01-07T19:58:21.142+0000][84771.508s][info][gc,cpu      ] GC(2940) User=0.12s Sys=0.00s Real=0.03s
[2025-01-07T19:58:31.487+0000][84781.853s][info][gc,start    ] GC(2941) Pause Young (Concurrent Start) (G1 Evacuation Pause)
[2025-01-07T19:58:31.487+0000][84781.853s][info][gc,task     ] GC(2941) Using 6 workers of 6 for evacuation
[2025-01-07T19:58:31.517+0000][84781.883s][info][gc,phases   ] GC(2941)   Pre Evacuate Collection Set: 1.0ms
[2025-01-07T19:58:31.517+0000][84781.883s][info][gc,phases   ] GC(2941)   Merge Heap Roots: 0.4ms
[2025-01-07T19:58:31.517+0000][84781.883s][info][gc,phases   ] GC(2941)   Evacuate Collection Set: 24.9ms
[2025-01-07T19:58:31.517+0000][84781.883s][info][gc,phases   ] GC(2941)   Post Evacuate Collection Set: 2.8ms
[2025-01-07T19:58:31.517+0000][84781.883s][info][gc,phases   ] GC(2941)   Other: 0.3ms
[2025-01-07T19:58:31.517+0000][84781.883s][info][gc,heap     ] GC(2941) Eden regions: 907->0(906)
[2025-01-07T19:58:31.517+0000][84781.883s][info][gc,heap     ] GC(2941) Survivor regions: 6->7(115)
[2025-01-07T19:58:31.517+0000][84781.883s][info][gc,heap     ] GC(2941) Old regions: 249->249
[2025-01-07T19:58:31.517+0000][84781.883s][info][gc,heap     ] GC(2941) Archive regions: 2->2
[2025-01-07T19:58:31.517+0000][84781.883s][info][gc,heap     ] GC(2941) Humongous regions: 49->49
[2025-01-07T19:58:31.517+0000][84781.883s][info][gc,metaspace] GC(2941) Metaspace: 498642K(506880K)->498642K(506880K) NonClass: 438076K(442304K)->438076K(442304K) Class: 60566K(64576K)->60566K(64576K)
[2025-01-07T19:58:31.517+0000][84781.883s][info][gc          ] GC(2941) Pause Young (Concurrent Start) (G1 Evacuation Pause) 9681M->2438M(12288M) 29.449ms
[2025-01-07T19:58:31.517+0000][84781.883s][info][gc,cpu      ] GC(2941) User=0.17s Sys=0.00s Real=0.03s
[2025-01-07T19:58:31.517+0000][84781.883s][info][gc          ] GC(2942) Concurrent Mark Cycle
[2025-01-07T19:58:31.517+0000][84781.883s][info][gc,marking  ] GC(2942) Concurrent Clear Claimed Marks
[2025-01-07T19:58:31.518+0000][84781.884s][info][gc,marking  ] GC(2942) Concurrent Clear Claimed Marks 0.844ms
[2025-01-07T19:58:31.518+0000][84781.884s][info][gc,marking  ] GC(2942) Concurrent Scan Root Regions
[2025-01-07T19:58:31.540+0000][84781.906s][info][gc,marking  ] GC(2942) Concurrent Scan Root Regions 21.988ms
[2025-01-07T19:58:31.540+0000][84781.906s][info][gc,marking  ] GC(2942) Concurrent Mark
[2025-01-07T19:58:31.540+0000][84781.906s][info][gc,marking  ] GC(2942) Concurrent Mark From Roots
[2025-01-07T19:58:31.540+0000][84781.906s][info][gc,task     ] GC(2942) Using 2 workers of 2 for marking
[2025-01-07T19:58:32.446+0000][84782.812s][info][gc,marking  ] GC(2942) Concurrent Mark From Roots 906.644ms
[2025-01-07T19:58:32.446+0000][84782.812s][info][gc,marking  ] GC(2942) Concurrent Preclean
[2025-01-07T19:58:32.448+0000][84782.814s][info][gc,marking  ] GC(2942) Concurrent Preclean 1.651ms
[2025-01-07T19:58:32.448+0000][84782.814s][info][gc,start    ] GC(2942) Pause Remark
[2025-01-07T19:58:32.474+0000][84782.840s][info][gc          ] GC(2942) Pause Remark 3350M->3350M(12288M) 26.041ms
[2025-01-07T19:58:32.474+0000][84782.840s][info][gc,cpu      ] GC(2942) User=0.15s Sys=0.00s Real=0.03s
[2025-01-07T19:58:32.474+0000][84782.840s][info][gc,marking  ] GC(2942) Concurrent Mark 934.689ms
[2025-01-07T19:58:32.474+0000][84782.840s][info][gc,marking  ] GC(2942) Concurrent Rebuild Remembered Sets
[2025-01-07T19:58:33.016+0000][84783.382s][info][gc,marking  ] GC(2942) Concurrent Rebuild Remembered Sets 541.944ms
[2025-01-07T19:58:33.016+0000][84783.383s][info][gc,start    ] GC(2942) Pause Cleanup
[2025-01-07T19:58:33.017+0000][84783.383s][info][gc          ] GC(2942) Pause Cleanup 3962M->3962M(12288M) 0.412ms
[2025-01-07T19:58:33.017+0000][84783.383s][info][gc,cpu      ] GC(2942) User=0.00s Sys=0.00s Real=0.00s
[2025-01-07T19:58:33.017+0000][84783.383s][info][gc,marking  ] GC(2942) Concurrent Cleanup for Next Mark
[2025-01-07T19:58:33.033+0000][84783.399s][info][gc,marking  ] GC(2942) Concurrent Cleanup for Next Mark 15.563ms
[2025-01-07T19:58:33.033+0000][84783.399s][info][gc          ] GC(2942) Concurrent Mark Cycle 1515.857ms
[2025-01-07T19:58:40.230+0000][84790.596s][info][gc,start    ] GC(2943) Pause Young (Prepare Mixed) (G1 Evacuation Pause)
[2025-01-07T19:58:40.230+0000][84790.596s][info][gc,task     ] GC(2943) Using 6 workers of 6 for evacuation
[2025-01-07T19:58:40.260+0000][84790.626s][info][gc,phases   ] GC(2943)   Pre Evacuate Collection Set: 0.2ms
[2025-01-07T19:58:40.260+0000][84790.626s][info][gc,phases   ] GC(2943)   Merge Heap Roots: 0.6ms
[2025-01-07T19:58:40.260+0000][84790.626s][info][gc,phases   ] GC(2943)   Evacuate Collection Set: 26.3ms
[2025-01-07T19:58:40.260+0000][84790.626s][info][gc,phases   ] GC(2943)   Post Evacuate Collection Set: 2.7ms
[2025-01-07T19:58:40.260+0000][84790.626s][info][gc,phases   ] GC(2943)   Other: 0.2ms
[2025-01-07T19:58:40.260+0000][84790.626s][info][gc,heap     ] GC(2943) Eden regions: 906->0(68)
[2025-01-07T19:58:40.260+0000][84790.626s][info][gc,heap     ] GC(2943) Survivor regions: 7->8(115)
[2025-01-07T19:58:40.260+0000][84790.626s][info][gc,heap     ] GC(2943) Old regions: 249->249
[2025-01-07T19:58:40.260+0000][84790.626s][info][gc,heap     ] GC(2943) Archive regions: 2->2
[2025-01-07T19:58:40.260+0000][84790.626s][info][gc,heap     ] GC(2943) Humongous regions: 49->49
[2025-01-07T19:58:40.260+0000][84790.626s][info][gc,metaspace] GC(2943) Metaspace: 498642K(506880K)->498642K(506880K) NonClass: 438076K(442304K)->438076K(442304K) Class: 60566K(64576K)->60566K(64576K)
[2025-01-07T19:58:40.260+0000][84790.626s][info][gc          ] GC(2943) Pause Young (Prepare Mixed) (G1 Evacuation Pause) 9686M->2448M(12288M) 30.082ms
[2025-01-07T19:58:40.260+0000][84790.626s][info][gc,cpu      ] GC(2943) User=0.18s Sys=0.00s Real=0.02s
[2025-01-07T19:58:40.644+0000][84791.010s][info][gc,start    ] GC(2944) Pause Young (Mixed) (G1 Evacuation Pause)
[2025-01-07T19:58:40.644+0000][84791.010s][info][gc,task     ] GC(2944) Using 6 workers of 6 for evacuation
[2025-01-07T19:58:40.708+0000][84791.074s][info][gc,phases   ] GC(2944)   Pre Evacuate Collection Set: 0.2ms
[2025-01-07T19:58:40.708+0000][84791.074s][info][gc,phases   ] GC(2944)   Merge Heap Roots: 0.7ms
[2025-01-07T19:58:40.708+0000][84791.074s][info][gc,phases   ] GC(2944)   Evacuate Collection Set: 61.4ms
[2025-01-07T19:58:40.708+0000][84791.074s][info][gc,phases   ] GC(2944)   Post Evacuate Collection Set: 1.8ms
[2025-01-07T19:58:40.708+0000][84791.074s][info][gc,phases   ] GC(2944)   Other: 0.2ms
[2025-01-07T19:58:40.708+0000][84791.074s][info][gc,heap     ] GC(2944) Eden regions: 68->0(909)
[2025-01-07T19:58:40.708+0000][84791.074s][info][gc,heap     ] GC(2944) Survivor regions: 8->6(10)
[2025-01-07T19:58:40.708+0000][84791.074s][info][gc,heap     ] GC(2944) Old regions: 249->247
[2025-01-07T19:58:40.708+0000][84791.074s][info][gc,heap     ] GC(2944) Archive regions: 2->2
[2025-01-07T19:58:40.708+0000][84791.074s][info][gc,heap     ] GC(2944) Humongous regions: 49->49
[2025-01-07T19:58:40.708+0000][84791.074s][info][gc,metaspace] GC(2944) Metaspace: 498642K(506880K)->498642K(506880K) NonClass: 438076K(442304K)->438076K(442304K) Class: 60566K(64576K)->60566K(64576K)
[2025-01-07T19:58:40.708+0000][84791.074s][info][gc          ] GC(2944) Pause Young (Mixed) (G1 Evacuation Pause) 2992M->2413M(12288M) 64.335ms
[2025-01-07T19:58:40.708+0000][84791.074s][info][gc,cpu      ] GC(2944) User=0.38s Sys=0.00s Real=0.06s
[2025-01-07T19:58:47.349+0000][84797.715s][info][gc,start    ] GC(2945) Pause Young (Normal) (G1 Evacuation Pause)
[2025-01-07T19:58:47.349+0000][84797.715s][info][gc,task     ] GC(2945) Using 6 workers of 6 for evacuation
[2025-01-07T19:58:47.378+0000][84797.744s][info][gc,phases   ] GC(2945)   Pre Evacuate Collection Set: 0.2ms
[2025-01-07T19:58:47.378+0000][84797.744s][info][gc,phases   ] GC(2945)   Merge Heap Roots: 0.5ms
[2025-01-07T19:58:47.378+0000][84797.744s][info][gc,phases   ] GC(2945)   Evacuate Collection Set: 25.2ms
[2025-01-07T19:58:47.378+0000][84797.744s][info][gc,phases   ] GC(2945)   Post Evacuate Collection Set: 2.8ms
[2025-01-07T19:58:47.378+0000][84797.744s][info][gc,phases   ] GC(2945)   Other: 0.2ms
[2025-01-07T19:58:47.378+0000][84797.744s][info][gc,heap     ] GC(2945) Eden regions: 909->0(909)
[2025-01-07T19:58:47.378+0000][84797.744s][info][gc,heap     ] GC(2945) Survivor regions: 6->7(115)
[2025-01-07T19:58:47.378+0000][84797.744s][info][gc,heap     ] GC(2945) Old regions: 247->247
[2025-01-07T19:58:47.378+0000][84797.744s][info][gc,heap     ] GC(2945) Archive regions: 2->2
[2025-01-07T19:58:47.378+0000][84797.744s][info][gc,heap     ] GC(2945) Humongous regions: 49->49
[2025-01-07T19:58:47.378+0000][84797.744s][info][gc,metaspace] GC(2945) Metaspace: 498642K(506880K)->498642K(506880K) NonClass: 438076K(442304K)->438076K(442304K) Class: 60566K(64576K)->60566K(64576K)
[2025-01-07T19:58:47.378+0000][84797.744s][info][gc          ] GC(2945) Pause Young (Normal) (G1 Evacuation Pause) 9685M->2423M(12288M) 28.943ms
[2025-01-07T19:58:47.378+0000][84797.744s][info][gc,cpu      ] GC(2945) User=0.17s Sys=0.00s Real=0.03s
[2025-01-07T19:58:54.137+0000][84804.503s][info][gc,start    ] GC(2946) Pause Young (Normal) (G1 Evacuation Pause)
[2025-01-07T19:58:54.137+0000][84804.503s][info][gc,task     ] GC(2946) Using 6 workers of 6 for evacuation
[2025-01-07T19:58:54.168+0000][84804.534s][info][gc,phases   ] GC(2946)   Pre Evacuate Collection Set: 0.2ms
[2025-01-07T19:58:54.168+0000][84804.534s][info][gc,phases   ] GC(2946)   Merge Heap Roots: 0.4ms
[2025-01-07T19:58:54.168+0000][84804.534s][info][gc,phases   ] GC(2946)   Evacuate Collection Set: 28.0ms
[2025-01-07T19:58:54.168+0000][84804.534s][info][gc,phases   ] GC(2946)   Post Evacuate Collection Set: 2.7ms
[2025-01-07T19:58:54.168+0000][84804.534s][info][gc,phases   ] GC(2946)   Other: 0.2ms
[2025-01-07T19:58:54.168+0000][84804.534s][info][gc,heap     ] GC(2946) Eden regions: 909->0(909)
[2025-01-07T19:58:54.168+0000][84804.534s][info][gc,heap     ] GC(2946) Survivor regions: 7->8(115)
[2025-01-07T19:58:54.168+0000][84804.534s][info][gc,heap     ] GC(2946) Old regions: 247->247
[2025-01-07T19:58:54.168+0000][84804.534s][info][gc,heap     ] GC(2946) Archive regions: 2->2
[2025-01-07T19:58:54.168+0000][84804.534s][info][gc,heap     ] GC(2946) Humongous regions: 49->49
[2025-01-07T19:58:54.168+0000][84804.534s][info][gc,metaspace] GC(2946) Metaspace: 498642K(506880K)->498642K(506880K) NonClass: 438076K(442304K)->438076K(442304K) Class: 60566K(64576K)->60566K(64576K)
[2025-01-07T19:58:54.168+0000][84804.534s][info][gc          ] GC(2946) Pause Young (Normal) (G1 Evacuation Pause) 9695M->2432M(12288M) 31.627ms
[2025-01-07T19:58:54.168+0000][84804.534s][info][gc,cpu      ] GC(2946) User=0.18s Sys=0.00s Real=0.03s
[2025-01-07T19:59:02.994+0000][84813.360s][info][gc,start    ] GC(2947) Pause Young (Concurrent Start) (G1 Evacuation Pause)
[2025-01-07T19:59:02.994+0000][84813.360s][info][gc,task     ] GC(2947) Using 6 workers of 6 for evacuation
[2025-01-07T19:59:03.029+0000][84813.395s][info][gc,phases   ] GC(2947)   Pre Evacuate Collection Set: 1.0ms
[2025-01-07T19:59:03.029+0000][84813.395s][info][gc,phases   ] GC(2947)   Merge Heap Roots: 0.5ms
[2025-01-07T19:59:03.029+0000][84813.395s][info][gc,phases   ] GC(2947)   Evacuate Collection Set: 28.9ms
[2025-01-07T19:59:03.029+0000][84813.395s][info][gc,phases   ] GC(2947)   Post Evacuate Collection Set: 3.9ms
[2025-01-07T19:59:03.029+0000][84813.395s][info][gc,phases   ] GC(2947)   Other: 0.3ms
[2025-01-07T19:59:03.029+0000][84813.395s][info][gc,heap     ] GC(2947) Eden regions: 909->0(906)
[2025-01-07T19:59:03.029+0000][84813.395s][info][gc,heap     ] GC(2947) Survivor regions: 8->10(115)
[2025-01-07T19:59:03.029+0000][84813.395s][info][gc,heap     ] GC(2947) Old regions: 247->247
[2025-01-07T19:59:03.029+0000][84813.395s][info][gc,heap     ] GC(2947) Archive regions: 2->2
[2025-01-07T19:59:03.029+0000][84813.395s][info][gc,heap     ] GC(2947) Humongous regions: 49->49
[2025-01-07T19:59:03.029+0000][84813.395s][info][gc,metaspace] GC(2947) Metaspace: 498642K(506880K)->498642K(506880K) NonClass: 438076K(442304K)->438076K(442304K) Class: 60566K(64576K)->60566K(64576K)
[2025-01-07T19:59:03.029+0000][84813.395s][info][gc          ] GC(2947) Pause Young (Concurrent Start) (G1 Evacuation Pause) 9704M->2446M(12288M) 34.742ms
[2025-01-07T19:59:03.029+0000][84813.395s][info][gc,cpu      ] GC(2947) User=0.20s Sys=0.00s Real=0.03s
[2025-01-07T19:59:03.029+0000][84813.395s][info][gc          ] GC(2948) Concurrent Mark Cycle
[2025-01-07T19:59:03.029+0000][84813.395s][info][gc,marking  ] GC(2948) Concurrent Clear Claimed Marks
[2025-01-07T19:59:03.030+0000][84813.396s][info][gc,marking  ] GC(2948) Concurrent Clear Claimed Marks 0.785ms
[2025-01-07T19:59:03.030+0000][84813.396s][info][gc,marking  ] GC(2948) Concurrent Scan Root Regions
[2025-01-07T19:59:03.051+0000][84813.417s][info][gc,marking  ] GC(2948) Concurrent Scan Root Regions 21.663ms
[2025-01-07T19:59:03.051+0000][84813.417s][info][gc,marking  ] GC(2948) Concurrent Mark
[2025-01-07T19:59:03.051+0000][84813.417s][info][gc,marking  ] GC(2948) Concurrent Mark From Roots
[2025-01-07T19:59:03.051+0000][84813.417s][info][gc,task     ] GC(2948) Using 2 workers of 2 for marking
[2025-01-07T19:59:03.816+0000][84814.182s][info][gc,marking  ] GC(2948) Concurrent Mark From Roots 764.296ms
[2025-01-07T19:59:03.816+0000][84814.182s][info][gc,marking  ] GC(2948) Concurrent Preclean
[2025-01-07T19:59:03.817+0000][84814.184s][info][gc,marking  ] GC(2948) Concurrent Preclean 1.881ms
[2025-01-07T19:59:03.818+0000][84814.184s][info][gc,start    ] GC(2948) Pause Remark
[2025-01-07T19:59:03.843+0000][84814.209s][info][gc          ] GC(2948) Pause Remark 3070M->3070M(12288M) 25.147ms
[2025-01-07T19:59:03.843+0000][84814.209s][info][gc,cpu      ] GC(2948) User=0.15s Sys=0.00s Real=0.03s
[2025-01-07T19:59:03.843+0000][84814.209s][info][gc,marking  ] GC(2948) Concurrent Mark 791.644ms
[2025-01-07T19:59:03.843+0000][84814.209s][info][gc,marking  ] GC(2948) Concurrent Rebuild Remembered Sets
[2025-01-07T19:59:04.334+0000][84814.700s][info][gc,marking  ] GC(2948) Concurrent Rebuild Remembered Sets 491.097ms
[2025-01-07T19:59:04.334+0000][84814.700s][info][gc,start    ] GC(2948) Pause Cleanup
[2025-01-07T19:59:04.335+0000][84814.701s][info][gc          ] GC(2948) Pause Cleanup 3514M->3514M(12288M) 0.497ms
[2025-01-07T19:59:04.335+0000][84814.701s][info][gc,cpu      ] GC(2948) User=0.00s Sys=0.00s Real=0.00s
[2025-01-07T19:59:04.335+0000][84814.701s][info][gc,marking  ] GC(2948) Concurrent Cleanup for Next Mark
[2025-01-07T19:59:04.351+0000][84814.717s][info][gc,marking  ] GC(2948) Concurrent Cleanup for Next Mark 16.020ms
[2025-01-07T19:59:04.351+0000][84814.717s][info][gc          ] GC(2948) Concurrent Mark Cycle 1322.069ms
[2025-01-07T19:59:09.118+0000][84819.484s][info][gc,start    ] GC(2949) Pause Young (Prepare Mixed) (G1 Evacuation Pause)
[2025-01-07T19:59:09.118+0000][84819.484s][info][gc,task     ] GC(2949) Using 6 workers of 6 for evacuation
[2025-01-07T19:59:09.153+0000][84819.519s][info][gc,phases   ] GC(2949)   Pre Evacuate Collection Set: 0.2ms
[2025-01-07T19:59:09.153+0000][84819.519s][info][gc,phases   ] GC(2949)   Merge Heap Roots: 0.7ms
[2025-01-07T19:59:09.153+0000][84819.519s][info][gc,phases   ] GC(2949)   Evacuate Collection Set: 29.9ms
[2025-01-07T19:59:09.153+0000][84819.519s][info][gc,phases   ] GC(2949)   Post Evacuate Collection Set: 3.8ms
[2025-01-07T19:59:09.153+0000][84819.519s][info][gc,phases   ] GC(2949)   Other: 0.2ms
[2025-01-07T19:59:09.153+0000][84819.519s][info][gc,heap     ] GC(2949) Eden regions: 906->0(66)
[2025-01-07T19:59:09.153+0000][84819.519s][info][gc,heap     ] GC(2949) Survivor regions: 10->10(115)
[2025-01-07T19:59:09.153+0000][84819.519s][info][gc,heap     ] GC(2949) Old regions: 247->247
[2025-01-07T19:59:09.153+0000][84819.519s][info][gc,heap     ] GC(2949) Archive regions: 2->2
[2025-01-07T19:59:09.153+0000][84819.519s][info][gc,heap     ] GC(2949) Humongous regions: 49->49
[2025-01-07T19:59:09.153+0000][84819.519s][info][gc,metaspace] GC(2949) Metaspace: 498643K(506880K)->498643K(506880K) NonClass: 438077K(442304K)->438077K(442304K) Class: 60566K(64576K)->60566K(64576K)
[2025-01-07T19:59:09.153+0000][84819.519s][info][gc          ] GC(2949) Pause Young (Prepare Mixed) (G1 Evacuation Pause) 9694M->2451M(12288M) 34.856ms
[2025-01-07T19:59:09.153+0000][84819.519s][info][gc,cpu      ] GC(2949) User=0.20s Sys=0.00s Real=0.04s
[2025-01-07T19:59:09.785+0000][84820.151s][info][gc,start    ] GC(2950) Pause Young (Mixed) (G1 Evacuation Pause)
[2025-01-07T19:59:09.785+0000][84820.151s][info][gc,task     ] GC(2950) Using 6 workers of 6 for evacuation
[2025-01-07T19:59:09.831+0000][84820.197s][info][gc,phases   ] GC(2950)   Pre Evacuate Collection Set: 0.2ms
[2025-01-07T19:59:09.831+0000][84820.197s][info][gc,phases   ] GC(2950)   Merge Heap Roots: 0.5ms
[2025-01-07T19:59:09.831+0000][84820.197s][info][gc,phases   ] GC(2950)   Evacuate Collection Set: 43.6ms
[2025-01-07T19:59:09.831+0000][84820.197s][info][gc,phases   ] GC(2950)   Post Evacuate Collection Set: 1.6ms
[2025-01-07T19:59:09.831+0000][84820.197s][info][gc,phases   ] GC(2950)   Other: 0.2ms
[2025-01-07T19:59:09.831+0000][84820.197s][info][gc,heap     ] GC(2950) Eden regions: 66->0(916)
[2025-01-07T19:59:09.831+0000][84820.197s][info][gc,heap     ] GC(2950) Survivor regions: 10->5(10)
[2025-01-07T19:59:09.831+0000][84820.197s][info][gc,heap     ] GC(2950) Old regions: 247->244
[2025-01-07T19:59:09.831+0000][84820.197s][info][gc,heap     ] GC(2950) Archive regions: 2->2
[2025-01-07T19:59:09.831+0000][84820.197s][info][gc,heap     ] GC(2950) Humongous regions: 49->49
[2025-01-07T19:59:09.831+0000][84820.197s][info][gc,metaspace] GC(2950) Metaspace: 498643K(506880K)->498643K(506880K) NonClass: 438077K(442304K)->438077K(442304K) Class: 60566K(64576K)->60566K(64576K)
[2025-01-07T19:59:09.831+0000][84820.197s][info][gc          ] GC(2950) Pause Young (Mixed) (G1 Evacuation Pause) 2979M->2383M(12288M) 46.133ms
[2025-01-07T19:59:09.831+0000][84820.198s][info][gc,cpu      ] GC(2950) User=0.27s Sys=0.01s Real=0.05s
[2025-01-07T19:59:17.607+0000][84827.973s][info][gc,start    ] GC(2951) Pause Young (Normal) (G1 Evacuation Pause)
[2025-01-07T19:59:17.607+0000][84827.973s][info][gc,task     ] GC(2951) Using 6 workers of 6 for evacuation
[2025-01-07T19:59:17.635+0000][84828.001s][info][gc,phases   ] GC(2951)   Pre Evacuate Collection Set: 0.2ms
[2025-01-07T19:59:17.635+0000][84828.001s][info][gc,phases   ] GC(2951)   Merge Heap Roots: 0.5ms
[2025-01-07T19:59:17.635+0000][84828.001s][info][gc,phases   ] GC(2951)   Evacuate Collection Set: 23.7ms
[2025-01-07T19:59:17.635+0000][84828.001s][info][gc,phases   ] GC(2951)   Post Evacuate Collection Set: 3.9ms
[2025-01-07T19:59:17.635+0000][84828.001s][info][gc,phases   ] GC(2951)   Other: 0.2ms
[2025-01-07T19:59:17.635+0000][84828.001s][info][gc,heap     ] GC(2951) Eden regions: 916->0(913)
[2025-01-07T19:59:17.635+0000][84828.001s][info][gc,heap     ] GC(2951) Survivor regions: 5->7(116)
[2025-01-07T19:59:17.635+0000][84828.001s][info][gc,heap     ] GC(2951) Old regions: 244->244
[2025-01-07T19:59:17.635+0000][84828.001s][info][gc,heap     ] GC(2951) Archive regions: 2->2
[2025-01-07T19:59:17.635+0000][84828.001s][info][gc,heap     ] GC(2951) Humongous regions: 49->49
[2025-01-07T19:59:17.635+0000][84828.001s][info][gc,metaspace] GC(2951) Metaspace: 498645K(506880K)->498645K(506880K) NonClass: 438079K(442304K)->438079K(442304K) Class: 60566K(64576K)->60566K(64576K)
[2025-01-07T19:59:17.635+0000][84828.002s][info][gc          ] GC(2951) Pause Young (Normal) (G1 Evacuation Pause) 9711M->2398M(12288M) 28.550ms
[2025-01-07T19:59:17.635+0000][84828.002s][info][gc,cpu      ] GC(2951) User=0.16s Sys=0.00s Real=0.03s
[2025-01-07T19:59:29.443+0000][84839.809s][info][gc,start    ] GC(2952) Pause Young (Normal) (G1 Evacuation Pause)
[2025-01-07T19:59:29.443+0000][84839.809s][info][gc,task     ] GC(2952) Using 6 workers of 6 for evacuation
[2025-01-07T19:59:29.476+0000][84839.842s][info][gc,phases   ] GC(2952)   Pre Evacuate Collection Set: 0.2ms
[2025-01-07T19:59:29.476+0000][84839.842s][info][gc,phases   ] GC(2952)   Merge Heap Roots: 0.4ms
[2025-01-07T19:59:29.476+0000][84839.842s][info][gc,phases   ] GC(2952)   Evacuate Collection Set: 29.2ms
[2025-01-07T19:59:29.476+0000][84839.842s][info][gc,phases   ] GC(2952)   Post Evacuate Collection Set: 2.8ms
[2025-01-07T19:59:29.476+0000][84839.842s][info][gc,phases   ] GC(2952)   Other: 0.2ms
[2025-01-07T19:59:29.476+0000][84839.842s][info][gc,heap     ] GC(2952) Eden regions: 913->0(910)
[2025-01-07T19:59:29.476+0000][84839.842s][info][gc,heap     ] GC(2952) Survivor regions: 7->9(115)
[2025-01-07T19:59:29.476+0000][84839.842s][info][gc,heap     ] GC(2952) Old regions: 244->244
[2025-01-07T19:59:29.476+0000][84839.842s][info][gc,heap     ] GC(2952) Archive regions: 2->2
[2025-01-07T19:59:29.476+0000][84839.842s][info][gc,heap     ] GC(2952) Humongous regions: 49->49
[2025-01-07T19:59:29.476+0000][84839.842s][info][gc,metaspace] GC(2952) Metaspace: 498661K(506880K)->498661K(506880K) NonClass: 438094K(442304K)->438094K(442304K) Class: 60566K(64576K)->60566K(64576K)
[2025-01-07T19:59:29.476+0000][84839.842s][info][gc          ] GC(2952) Pause Young (Normal) (G1 Evacuation Pause) 9702M->2408M(12288M) 32.897ms
[2025-01-07T19:59:29.476+0000][84839.842s][info][gc,cpu      ] GC(2952) User=0.20s Sys=0.00s Real=0.03s
[2025-01-07T19:59:37.491+0000][84847.857s][info][gc,start    ] GC(2953) Pause Young (Concurrent Start) (G1 Evacuation Pause)
[2025-01-07T19:59:37.491+0000][84847.857s][info][gc,task     ] GC(2953) Using 6 workers of 6 for evacuation
[2025-01-07T19:59:37.527+0000][84847.893s][info][gc,phases   ] GC(2953)   Pre Evacuate Collection Set: 1.0ms
[2025-01-07T19:59:37.527+0000][84847.893s][info][gc,phases   ] GC(2953)   Merge Heap Roots: 0.5ms
[2025-01-07T19:59:37.527+0000][84847.893s][info][gc,phases   ] GC(2953)   Evacuate Collection Set: 31.2ms
[2025-01-07T19:59:37.527+0000][84847.893s][info][gc,phases   ] GC(2953)   Post Evacuate Collection Set: 2.6ms
[2025-01-07T19:59:37.527+0000][84847.893s][info][gc,phases   ] GC(2953)   Other: 0.3ms
[2025-01-07T19:59:37.527+0000][84847.893s][info][gc,heap     ] GC(2953) Eden regions: 910->0(910)
[2025-01-07T19:59:37.527+0000][84847.893s][info][gc,heap     ] GC(2953) Survivor regions: 9->9(115)
[2025-01-07T19:59:37.527+0000][84847.893s][info][gc,heap     ] GC(2953) Old regions: 244->244
[2025-01-07T19:59:37.527+0000][84847.893s][info][gc,heap     ] GC(2953) Archive regions: 2->2
[2025-01-07T19:59:37.527+0000][84847.893s][info][gc,heap     ] GC(2953) Humongous regions: 49->49
[2025-01-07T19:59:37.527+0000][84847.893s][info][gc,metaspace] GC(2953) Metaspace: 498661K(506880K)->498661K(506880K) NonClass: 438094K(442304K)->438094K(442304K) Class: 60566K(64576K)->60566K(64576K)
[2025-01-07T19:59:37.527+0000][84847.893s][info][gc          ] GC(2953) Pause Young (Concurrent Start) (G1 Evacuation Pause) 9688M->2415M(12288M) 35.626ms
[2025-01-07T19:59:37.527+0000][84847.893s][info][gc,cpu      ] GC(2953) User=0.19s Sys=0.00s Real=0.03s
[2025-01-07T19:59:37.527+0000][84847.893s][info][gc          ] GC(2954) Concurrent Mark Cycle
[2025-01-07T19:59:37.527+0000][84847.893s][info][gc,marking  ] GC(2954) Concurrent Clear Claimed Marks
[2025-01-07T19:59:37.528+0000][84847.894s][info][gc,marking  ] GC(2954) Concurrent Clear Claimed Marks 0.803ms
[2025-01-07T19:59:37.528+0000][84847.894s][info][gc,marking  ] GC(2954) Concurrent Scan Root Regions
[2025-01-07T19:59:37.558+0000][84847.924s][info][gc,marking  ] GC(2954) Concurrent Scan Root Regions 30.483ms
[2025-01-07T19:59:37.558+0000][84847.924s][info][gc,marking  ] GC(2954) Concurrent Mark
[2025-01-07T19:59:37.558+0000][84847.924s][info][gc,marking  ] GC(2954) Concurrent Mark From Roots
[2025-01-07T19:59:37.558+0000][84847.924s][info][gc,task     ] GC(2954) Using 2 workers of 2 for marking
[2025-01-07T19:59:38.416+0000][84848.782s][info][gc,marking  ] GC(2954) Concurrent Mark From Roots 857.901ms
[2025-01-07T19:59:38.416+0000][84848.782s][info][gc,marking  ] GC(2954) Concurrent Preclean
[2025-01-07T19:59:38.418+0000][84848.784s][info][gc,marking  ] GC(2954) Concurrent Preclean 1.878ms
[2025-01-07T19:59:38.418+0000][84848.784s][info][gc,start    ] GC(2954) Pause Remark
[2025-01-07T19:59:38.444+0000][84848.810s][info][gc          ] GC(2954) Pause Remark 3580M->3580M(12288M) 25.514ms
[2025-01-07T19:59:38.444+0000][84848.810s][info][gc,cpu      ] GC(2954) User=0.14s Sys=0.00s Real=0.03s
[2025-01-07T19:59:38.445+0000][84848.812s][info][gc,marking  ] GC(2954) Concurrent Mark 887.375ms
[2025-01-07T19:59:38.445+0000][84848.812s][info][gc,marking  ] GC(2954) Concurrent Rebuild Remembered Sets
[2025-01-07T19:59:39.055+0000][84849.421s][info][gc,marking  ] GC(2954) Concurrent Rebuild Remembered Sets 609.032ms
[2025-01-07T19:59:39.055+0000][84849.421s][info][gc,start    ] GC(2954) Pause Cleanup
[2025-01-07T19:59:39.055+0000][84849.421s][info][gc          ] GC(2954) Pause Cleanup 4291M->4291M(12288M) 0.460ms
[2025-01-07T19:59:39.055+0000][84849.421s][info][gc,cpu      ] GC(2954) User=0.00s Sys=0.00s Real=0.00s
[2025-01-07T19:59:39.055+0000][84849.421s][info][gc,marking  ] GC(2954) Concurrent Cleanup for Next Mark
[2025-01-07T19:59:39.071+0000][84849.437s][info][gc,marking  ] GC(2954) Concurrent Cleanup for Next Mark 15.830ms
[2025-01-07T19:59:39.071+0000][84849.437s][info][gc          ] GC(2954) Concurrent Mark Cycle 1544.378ms
[2025-01-07T19:59:46.810+0000][84857.176s][info][gc,start    ] GC(2955) Pause Young (Prepare Mixed) (G1 Evacuation Pause)
[2025-01-07T19:59:46.810+0000][84857.176s][info][gc,task     ] GC(2955) Using 6 workers of 6 for evacuation
[2025-01-07T19:59:46.849+0000][84857.215s][info][gc,phases   ] GC(2955)   Pre Evacuate Collection Set: 0.2ms
[2025-01-07T19:59:46.849+0000][84857.215s][info][gc,phases   ] GC(2955)   Merge Heap Roots: 0.8ms
[2025-01-07T19:59:46.849+0000][84857.215s][info][gc,phases   ] GC(2955)   Evacuate Collection Set: 35.6ms
[2025-01-07T19:59:46.849+0000][84857.215s][info][gc,phases   ] GC(2955)   Post Evacuate Collection Set: 2.8ms
[2025-01-07T19:59:46.849+0000][84857.215s][info][gc,phases   ] GC(2955)   Other: 0.2ms
[2025-01-07T19:59:46.849+0000][84857.216s][info][gc,heap     ] GC(2955) Eden regions: 910->0(65)
[2025-01-07T19:59:46.849+0000][84857.216s][info][gc,heap     ] GC(2955) Survivor regions: 9->11(115)
[2025-01-07T19:59:46.849+0000][84857.216s][info][gc,heap     ] GC(2955) Old regions: 244->244
[2025-01-07T19:59:46.849+0000][84857.216s][info][gc,heap     ] GC(2955) Archive regions: 2->2
[2025-01-07T19:59:46.849+0000][84857.216s][info][gc,heap     ] GC(2955) Humongous regions: 49->49
[2025-01-07T19:59:46.849+0000][84857.216s][info][gc,metaspace] GC(2955) Metaspace: 498661K(506880K)->498661K(506880K) NonClass: 438094K(442304K)->438094K(442304K) Class: 60566K(64576K)->60566K(64576K)
[2025-01-07T19:59:46.849+0000][84857.216s][info][gc          ] GC(2955) Pause Young (Prepare Mixed) (G1 Evacuation Pause) 9695M->2427M(12288M) 39.660ms
[2025-01-07T19:59:46.850+0000][84857.216s][info][gc,cpu      ] GC(2955) User=0.23s Sys=0.00s Real=0.04s
[2025-01-07T19:59:47.469+0000][84857.836s][info][gc,start    ] GC(2956) Pause Young (Mixed) (G1 Evacuation Pause)
[2025-01-07T19:59:47.469+0000][84857.836s][info][gc,task     ] GC(2956) Using 6 workers of 6 for evacuation
[2025-01-07T19:59:47.523+0000][84857.889s][info][gc,phases   ] GC(2956)   Pre Evacuate Collection Set: 0.2ms
[2025-01-07T19:59:47.523+0000][84857.889s][info][gc,phases   ] GC(2956)   Merge Heap Roots: 0.6ms
[2025-01-07T19:59:47.523+0000][84857.889s][info][gc,phases   ] GC(2956)   Evacuate Collection Set: 50.9ms
[2025-01-07T19:59:47.523+0000][84857.889s][info][gc,phases   ] GC(2956)   Post Evacuate Collection Set: 1.7ms
[2025-01-07T19:59:47.523+0000][84857.889s][info][gc,phases   ] GC(2956)   Other: 0.2ms
[2025-01-07T19:59:47.523+0000][84857.889s][info][gc,heap     ] GC(2956) Eden regions: 65->0(915)
[2025-01-07T19:59:47.523+0000][84857.889s][info][gc,heap     ] GC(2956) Survivor regions: 11->5(10)
[2025-01-07T19:59:47.523+0000][84857.889s][info][gc,heap     ] GC(2956) Old regions: 244->243
[2025-01-07T19:59:47.523+0000][84857.889s][info][gc,heap     ] GC(2956) Archive regions: 2->2
[2025-01-07T19:59:47.523+0000][84857.889s][info][gc,heap     ] GC(2956) Humongous regions: 49->49
[2025-01-07T19:59:47.523+0000][84857.889s][info][gc,metaspace] GC(2956) Metaspace: 498661K(506880K)->498661K(506880K) NonClass: 438094K(442304K)->438094K(442304K) Class: 60566K(64576K)->60566K(64576K)
[2025-01-07T19:59:47.523+0000][84857.889s][info][gc          ] GC(2956) Pause Young (Mixed) (G1 Evacuation Pause) 2947M->2379M(12288M) 53.687ms
[2025-01-07T19:59:47.523+0000][84857.889s][info][gc,cpu      ] GC(2956) User=0.31s Sys=0.00s Real=0.06s
[2025-01-07T19:59:54.885+0000][84865.251s][info][gc,start    ] GC(2957) Pause Young (Normal) (G1 Evacuation Pause)
[2025-01-07T19:59:54.885+0000][84865.251s][info][gc,task     ] GC(2957) Using 6 workers of 6 for evacuation
[2025-01-07T19:59:54.910+0000][84865.276s][info][gc,phases   ] GC(2957)   Pre Evacuate Collection Set: 0.2ms
[2025-01-07T19:59:54.910+0000][84865.276s][info][gc,phases   ] GC(2957)   Merge Heap Roots: 0.4ms
[2025-01-07T19:59:54.910+0000][84865.276s][info][gc,phases   ] GC(2957)   Evacuate Collection Set: 21.9ms
[2025-01-07T19:59:54.910+0000][84865.276s][info][gc,phases   ] GC(2957)   Post Evacuate Collection Set: 2.5ms
[2025-01-07T19:59:54.910+0000][84865.276s][info][gc,phases   ] GC(2957)   Other: 0.2ms
[2025-01-07T19:59:54.910+0000][84865.276s][info][gc,heap     ] GC(2957) Eden regions: 915->0(916)
[2025-01-07T19:59:54.910+0000][84865.276s][info][gc,heap     ] GC(2957) Survivor regions: 5->5(115)
[2025-01-07T19:59:54.910+0000][84865.276s][info][gc,heap     ] GC(2957) Old regions: 243->243
[2025-01-07T19:59:54.910+0000][84865.276s][info][gc,heap     ] GC(2957) Archive regions: 2->2
[2025-01-07T19:59:54.910+0000][84865.276s][info][gc,heap     ] GC(2957) Humongous regions: 49->49
[2025-01-07T19:59:54.910+0000][84865.276s][info][gc,metaspace] GC(2957) Metaspace: 498661K(506880K)->498661K(506880K) NonClass: 438094K(442304K)->438094K(442304K) Class: 60566K(64576K)->60566K(64576K)
[2025-01-07T19:59:54.910+0000][84865.276s][info][gc          ] GC(2957) Pause Young (Normal) (G1 Evacuation Pause) 9699M->2380M(12288M) 25.380ms
[2025-01-07T19:59:54.910+0000][84865.276s][info][gc,cpu      ] GC(2957) User=0.14s Sys=0.00s Real=0.03s
[2025-01-07T20:00:01.436+0000][84871.802s][info][gc,start    ] GC(2958) Pause Young (Normal) (G1 Evacuation Pause)
[2025-01-07T20:00:01.436+0000][84871.802s][info][gc,task     ] GC(2958) Using 6 workers of 6 for evacuation
[2025-01-07T20:00:01.466+0000][84871.833s][info][gc,phases   ] GC(2958)   Pre Evacuate Collection Set: 0.2ms
[2025-01-07T20:00:01.467+0000][84871.833s][info][gc,phases   ] GC(2958)   Merge Heap Roots: 0.4ms
[2025-01-07T20:00:01.467+0000][84871.833s][info][gc,phases   ] GC(2958)   Evacuate Collection Set: 24.5ms
[2025-01-07T20:00:01.467+0000][84871.833s][info][gc,phases   ] GC(2958)   Post Evacuate Collection Set: 5.4ms
[2025-01-07T20:00:01.467+0000][84871.833s][info][gc,phases   ] GC(2958)   Other: 0.2ms
[2025-01-07T20:00:01.467+0000][84871.833s][info][gc,heap     ] GC(2958) Eden regions: 916->0(911)
[2025-01-07T20:00:01.467+0000][84871.833s][info][gc,heap     ] GC(2958) Survivor regions: 5->8(116)
[2025-01-07T20:00:01.467+0000][84871.833s][info][gc,heap     ] GC(2958) Old regions: 243->243
[2025-01-07T20:00:01.467+0000][84871.833s][info][gc,heap     ] GC(2958) Archive regions: 2->2
[2025-01-07T20:00:01.467+0000][84871.833s][info][gc,heap     ] GC(2958) Humongous regions: 49->49
[2025-01-07T20:00:01.467+0000][84871.833s][info][gc,metaspace] GC(2958) Metaspace: 498661K(506880K)->498661K(506880K) NonClass: 438095K(442304K)->438095K(442304K) Class: 60566K(64576K)->60566K(64576K)
[2025-01-07T20:00:01.467+0000][84871.833s][info][gc          ] GC(2958) Pause Young (Normal) (G1 Evacuation Pause) 9708M->2399M(12288M) 30.841ms
[2025-01-07T20:00:01.467+0000][84871.833s][info][gc,cpu      ] GC(2958) User=0.18s Sys=0.00s Real=0.03s
[2025-01-07T20:00:09.242+0000][84879.609s][info][gc,start    ] GC(2959) Pause Young (Concurrent Start) (G1 Evacuation Pause)
[2025-01-07T20:00:09.242+0000][84879.609s][info][gc,task     ] GC(2959) Using 6 workers of 6 for evacuation
[2025-01-07T20:00:09.273+0000][84879.639s][info][gc,phases   ] GC(2959)   Pre Evacuate Collection Set: 1.0ms
[2025-01-07T20:00:09.273+0000][84879.639s][info][gc,phases   ] GC(2959)   Merge Heap Roots: 0.4ms
[2025-01-07T20:00:09.273+0000][84879.639s][info][gc,phases   ] GC(2959)   Evacuate Collection Set: 26.6ms
[2025-01-07T20:00:09.273+0000][84879.639s][info][gc,phases   ] GC(2959)   Post Evacuate Collection Set: 2.4ms
[2025-01-07T20:00:09.273+0000][84879.639s][info][gc,phases   ] GC(2959)   Other: 0.3ms
[2025-01-07T20:00:09.273+0000][84879.639s][info][gc,heap     ] GC(2959) Eden regions: 911->0(913)
[2025-01-07T20:00:09.273+0000][84879.639s][info][gc,heap     ] GC(2959) Survivor regions: 8->8(115)
[2025-01-07T20:00:09.273+0000][84879.639s][info][gc,heap     ] GC(2959) Old regions: 243->243
[2025-01-07T20:00:09.273+0000][84879.639s][info][gc,heap     ] GC(2959) Archive regions: 2->2
[2025-01-07T20:00:09.273+0000][84879.639s][info][gc,heap     ] GC(2959) Humongous regions: 49->49
[2025-01-07T20:00:09.273+0000][84879.639s][info][gc,metaspace] GC(2959) Metaspace: 498661K(506880K)->498661K(506880K) NonClass: 438095K(442304K)->438095K(442304K) Class: 60566K(64576K)->60566K(64576K)
[2025-01-07T20:00:09.273+0000][84879.639s][info][gc          ] GC(2959) Pause Young (Concurrent Start) (G1 Evacuation Pause) 9687M->2399M(12288M) 30.762ms
[2025-01-07T20:00:09.273+0000][84879.639s][info][gc,cpu      ] GC(2959) User=0.18s Sys=0.00s Real=0.03s
[2025-01-07T20:00:09.273+0000][84879.639s][info][gc          ] GC(2960) Concurrent Mark Cycle
[2025-01-07T20:00:09.273+0000][84879.639s][info][gc,marking  ] GC(2960) Concurrent Clear Claimed Marks
[2025-01-07T20:00:09.274+0000][84879.640s][info][gc,marking  ] GC(2960) Concurrent Clear Claimed Marks 0.820ms
[2025-01-07T20:00:09.274+0000][84879.640s][info][gc,marking  ] GC(2960) Concurrent Scan Root Regions
[2025-01-07T20:00:09.295+0000][84879.661s][info][gc,marking  ] GC(2960) Concurrent Scan Root Regions 20.979ms
[2025-01-07T20:00:09.295+0000][84879.661s][info][gc,marking  ] GC(2960) Concurrent Mark
[2025-01-07T20:00:09.295+0000][84879.661s][info][gc,marking  ] GC(2960) Concurrent Mark From Roots
[2025-01-07T20:00:09.295+0000][84879.661s][info][gc,task     ] GC(2960) Using 2 workers of 2 for marking
[2025-01-07T20:00:10.102+0000][84880.468s][info][gc,marking  ] GC(2960) Concurrent Mark From Roots 806.700ms
[2025-01-07T20:00:10.102+0000][84880.468s][info][gc,marking  ] GC(2960) Concurrent Preclean
[2025-01-07T20:00:10.104+0000][84880.470s][info][gc,marking  ] GC(2960) Concurrent Preclean 1.798ms
[2025-01-07T20:00:10.104+0000][84880.470s][info][gc,start    ] GC(2960) Pause Remark
[2025-01-07T20:00:10.130+0000][84880.496s][info][gc          ] GC(2960) Pause Remark 3111M->3111M(12288M) 26.023ms
[2025-01-07T20:00:10.130+0000][84880.496s][info][gc,cpu      ] GC(2960) User=0.14s Sys=0.00s Real=0.03s
[2025-01-07T20:00:10.130+0000][84880.496s][info][gc,marking  ] GC(2960) Concurrent Mark 834.876ms
[2025-01-07T20:00:10.130+0000][84880.496s][info][gc,marking  ] GC(2960) Concurrent Rebuild Remembered Sets
[2025-01-07T20:00:10.741+0000][84881.107s][info][gc,marking  ] GC(2960) Concurrent Rebuild Remembered Sets 611.121ms
[2025-01-07T20:00:10.741+0000][84881.107s][info][gc,start    ] GC(2960) Pause Cleanup
[2025-01-07T20:00:10.742+0000][84881.108s][info][gc          ] GC(2960) Pause Cleanup 3927M->3927M(12288M) 0.488ms
[2025-01-07T20:00:10.742+0000][84881.108s][info][gc,cpu      ] GC(2960) User=0.00s Sys=0.00s Real=0.01s
[2025-01-07T20:00:10.742+0000][84881.108s][info][gc,marking  ] GC(2960) Concurrent Cleanup for Next Mark
[2025-01-07T20:00:10.758+0000][84881.125s][info][gc,marking  ] GC(2960) Concurrent Cleanup for Next Mark 16.457ms
[2025-01-07T20:00:10.759+0000][84881.125s][info][gc          ] GC(2960) Concurrent Mark Cycle 1485.253ms
[2025-01-07T20:00:14.385+0000][84884.751s][info][gc,start    ] GC(2961) Pause Young (Prepare Mixed) (G1 Evacuation Pause)
[2025-01-07T20:00:14.385+0000][84884.752s][info][gc,task     ] GC(2961) Using 6 workers of 6 for evacuation
[2025-01-07T20:00:14.419+0000][84884.785s][info][gc,phases   ] GC(2961)   Pre Evacuate Collection Set: 0.2ms
[2025-01-07T20:00:14.419+0000][84884.785s][info][gc,phases   ] GC(2961)   Merge Heap Roots: 0.7ms
[2025-01-07T20:00:14.419+0000][84884.785s][info][gc,phases   ] GC(2961)   Evacuate Collection Set: 28.7ms
[2025-01-07T20:00:14.419+0000][84884.785s][info][gc,phases   ] GC(2961)   Post Evacuate Collection Set: 3.9ms
[2025-01-07T20:00:14.419+0000][84884.785s][info][gc,phases   ] GC(2961)   Other: 0.2ms
[2025-01-07T20:00:14.419+0000][84884.785s][info][gc,heap     ] GC(2961) Eden regions: 913->0(66)
[2025-01-07T20:00:14.419+0000][84884.785s][info][gc,heap     ] GC(2961) Survivor regions: 8->10(116)
[2025-01-07T20:00:14.419+0000][84884.785s][info][gc,heap     ] GC(2961) Old regions: 243->243
[2025-01-07T20:00:14.419+0000][84884.785s][info][gc,heap     ] GC(2961) Archive regions: 2->2
[2025-01-07T20:00:14.419+0000][84884.785s][info][gc,heap     ] GC(2961) Humongous regions: 49->49
[2025-01-07T20:00:14.419+0000][84884.785s][info][gc,metaspace] GC(2961) Metaspace: 498661K(506880K)->498661K(506880K) NonClass: 438095K(442304K)->438095K(442304K) Class: 60566K(64576K)->60566K(64576K)
[2025-01-07T20:00:14.419+0000][84884.785s][info][gc          ] GC(2961) Pause Young (Prepare Mixed) (G1 Evacuation Pause) 9703M->2415M(12288M) 33.742ms
[2025-01-07T20:00:14.419+0000][84884.785s][info][gc,cpu      ] GC(2961) User=0.20s Sys=0.00s Real=0.03s
[2025-01-07T20:00:14.709+0000][84885.075s][info][gc,start    ] GC(2962) Pause Young (Mixed) (G1 Evacuation Pause)
[2025-01-07T20:00:14.709+0000][84885.075s][info][gc,task     ] GC(2962) Using 6 workers of 6 for evacuation
[2025-01-07T20:00:14.776+0000][84885.142s][info][gc,phases   ] GC(2962)   Pre Evacuate Collection Set: 0.2ms
[2025-01-07T20:00:14.776+0000][84885.142s][info][gc,phases   ] GC(2962)   Merge Heap Roots: 0.7ms
[2025-01-07T20:00:14.776+0000][84885.142s][info][gc,phases   ] GC(2962)   Evacuate Collection Set: 63.9ms
[2025-01-07T20:00:14.776+0000][84885.142s][info][gc,phases   ] GC(2962)   Post Evacuate Collection Set: 1.7ms
[2025-01-07T20:00:14.776+0000][84885.142s][info][gc,phases   ] GC(2962)   Other: 0.2ms
[2025-01-07T20:00:14.776+0000][84885.142s][info][gc,heap     ] GC(2962) Eden regions: 66->0(916)
[2025-01-07T20:00:14.776+0000][84885.142s][info][gc,heap     ] GC(2962) Survivor regions: 10->5(10)
[2025-01-07T20:00:14.776+0000][84885.142s][info][gc,heap     ] GC(2962) Old regions: 243->242
[2025-01-07T20:00:14.776+0000][84885.142s][info][gc,heap     ] GC(2962) Archive regions: 2->2
[2025-01-07T20:00:14.776+0000][84885.142s][info][gc,heap     ] GC(2962) Humongous regions: 49->49
[2025-01-07T20:00:14.776+0000][84885.142s][info][gc,metaspace] GC(2962) Metaspace: 498661K(506880K)->498661K(506880K) NonClass: 438095K(442304K)->438095K(442304K) Class: 60566K(64576K)->60566K(64576K)
[2025-01-07T20:00:14.776+0000][84885.142s][info][gc          ] GC(2962) Pause Young (Mixed) (G1 Evacuation Pause) 2943M->2362M(12288M) 66.798ms
[2025-01-07T20:00:14.776+0000][84885.142s][info][gc,cpu      ] GC(2962) User=0.39s Sys=0.00s Real=0.07s
[2025-01-07T20:00:20.638+0000][84891.004s][info][gc,start    ] GC(2963) Pause Young (Normal) (G1 Evacuation Pause)
[2025-01-07T20:00:20.638+0000][84891.005s][info][gc,task     ] GC(2963) Using 6 workers of 6 for evacuation
[2025-01-07T20:00:20.663+0000][84891.029s][info][gc,phases   ] GC(2963)   Pre Evacuate Collection Set: 0.2ms
[2025-01-07T20:00:20.663+0000][84891.029s][info][gc,phases   ] GC(2963)   Merge Heap Roots: 0.4ms
[2025-01-07T20:00:20.663+0000][84891.029s][info][gc,phases   ] GC(2963)   Evacuate Collection Set: 21.5ms
[2025-01-07T20:00:20.663+0000][84891.029s][info][gc,phases   ] GC(2963)   Post Evacuate Collection Set: 2.5ms
[2025-01-07T20:00:20.663+0000][84891.029s][info][gc,phases   ] GC(2963)   Other: 0.2ms
[2025-01-07T20:00:20.663+0000][84891.029s][info][gc,heap     ] GC(2963) Eden regions: 916->0(915)
[2025-01-07T20:00:20.663+0000][84891.029s][info][gc,heap     ] GC(2963) Survivor regions: 5->6(116)
[2025-01-07T20:00:20.663+0000][84891.029s][info][gc,heap     ] GC(2963) Old regions: 242->242
[2025-01-07T20:00:20.663+0000][84891.029s][info][gc,heap     ] GC(2963) Archive regions: 2->2
[2025-01-07T20:00:20.663+0000][84891.029s][info][gc,heap     ] GC(2963) Humongous regions: 49->49
[2025-01-07T20:00:20.663+0000][84891.029s][info][gc,metaspace] GC(2963) Metaspace: 498661K(506880K)->498661K(506880K) NonClass: 438095K(442304K)->438095K(442304K) Class: 60566K(64576K)->60566K(64576K)
[2025-01-07T20:00:20.663+0000][84891.029s][info][gc          ] GC(2963) Pause Young (Normal) (G1 Evacuation Pause) 9690M->2373M(12288M) 24.869ms
[2025-01-07T20:00:20.663+0000][84891.029s][info][gc,cpu      ] GC(2963) User=0.14s Sys=0.00s Real=0.03s
[2025-01-07T20:00:25.336+0000][84895.702s][info][gc,start    ] GC(2964) Pause Young (Normal) (G1 Evacuation Pause)
[2025-01-07T20:00:25.336+0000][84895.702s][info][gc,task     ] GC(2964) Using 6 workers of 6 for evacuation
[2025-01-07T20:00:25.360+0000][84895.726s][info][gc,phases   ] GC(2964)   Pre Evacuate Collection Set: 0.2ms
[2025-01-07T20:00:25.360+0000][84895.726s][info][gc,phases   ] GC(2964)   Merge Heap Roots: 0.4ms
[2025-01-07T20:00:25.360+0000][84895.726s][info][gc,phases   ] GC(2964)   Evacuate Collection Set: 20.8ms
[2025-01-07T20:00:25.360+0000][84895.726s][info][gc,phases   ] GC(2964)   Post Evacuate Collection Set: 2.5ms
[2025-01-07T20:00:25.360+0000][84895.726s][info][gc,phases   ] GC(2964)   Other: 0.2ms
[2025-01-07T20:00:25.360+0000][84895.726s][info][gc,heap     ] GC(2964) Eden regions: 915->0(915)
[2025-01-07T20:00:25.360+0000][84895.726s][info][gc,heap     ] GC(2964) Survivor regions: 6->6(116)
[2025-01-07T20:00:25.360+0000][84895.726s][info][gc,heap     ] GC(2964) Old regions: 242->242
[2025-01-07T20:00:25.360+0000][84895.726s][info][gc,heap     ] GC(2964) Archive regions: 2->2
[2025-01-07T20:00:25.360+0000][84895.726s][info][gc,heap     ] GC(2964) Humongous regions: 49->49
[2025-01-07T20:00:25.360+0000][84895.726s][info][gc,metaspace] GC(2964) Metaspace: 498661K(506880K)->498661K(506880K) NonClass: 438095K(442304K)->438095K(442304K) Class: 60566K(64576K)->60566K(64576K)
[2025-01-07T20:00:25.360+0000][84895.726s][info][gc          ] GC(2964) Pause Young (Normal) (G1 Evacuation Pause) 9693M->2376M(12288M) 24.178ms
[2025-01-07T20:00:25.360+0000][84895.726s][info][gc,cpu      ] GC(2964) User=0.12s Sys=0.02s Real=0.02s
[2025-01-07T20:00:34.665+0000][84905.031s][info][gc,start    ] GC(2965) Pause Young (Concurrent Start) (G1 Evacuation Pause)
[2025-01-07T20:00:34.665+0000][84905.031s][info][gc,task     ] GC(2965) Using 6 workers of 6 for evacuation
[2025-01-07T20:00:34.700+0000][84905.066s][info][gc,phases   ] GC(2965)   Pre Evacuate Collection Set: 1.1ms
[2025-01-07T20:00:34.700+0000][84905.066s][info][gc,phases   ] GC(2965)   Merge Heap Roots: 0.5ms
[2025-01-07T20:00:34.700+0000][84905.066s][info][gc,phases   ] GC(2965)   Evacuate Collection Set: 30.3ms
[2025-01-07T20:00:34.700+0000][84905.066s][info][gc,phases   ] GC(2965)   Post Evacuate Collection Set: 3.1ms
[2025-01-07T20:00:34.700+0000][84905.066s][info][gc,phases   ] GC(2965)   Other: 0.3ms
[2025-01-07T20:00:34.700+0000][84905.066s][info][gc,heap     ] GC(2965) Eden regions: 915->0(913)
[2025-01-07T20:00:34.700+0000][84905.066s][info][gc,heap     ] GC(2965) Survivor regions: 6->8(116)
[2025-01-07T20:00:34.700+0000][84905.066s][info][gc,heap     ] GC(2965) Old regions: 242->242
[2025-01-07T20:00:34.700+0000][84905.066s][info][gc,heap     ] GC(2965) Archive regions: 2->2
[2025-01-07T20:00:34.700+0000][84905.066s][info][gc,heap     ] GC(2965) Humongous regions: 49->49
[2025-01-07T20:00:34.700+0000][84905.066s][info][gc,metaspace] GC(2965) Metaspace: 498664K(506880K)->498664K(506880K) NonClass: 438098K(442304K)->438098K(442304K) Class: 60566K(64576K)->60566K(64576K)
[2025-01-07T20:00:34.700+0000][84905.066s][info][gc          ] GC(2965) Pause Young (Concurrent Start) (G1 Evacuation Pause) 9696M->2392M(12288M) 35.323ms
[2025-01-07T20:00:34.700+0000][84905.066s][info][gc,cpu      ] GC(2965) User=0.19s Sys=0.00s Real=0.03s
[2025-01-07T20:00:34.700+0000][84905.066s][info][gc          ] GC(2966) Concurrent Mark Cycle
[2025-01-07T20:00:34.700+0000][84905.066s][info][gc,marking  ] GC(2966) Concurrent Clear Claimed Marks
[2025-01-07T20:00:34.701+0000][84905.067s][info][gc,marking  ] GC(2966) Concurrent Clear Claimed Marks 0.816ms
[2025-01-07T20:00:34.701+0000][84905.067s][info][gc,marking  ] GC(2966) Concurrent Scan Root Regions
[2025-01-07T20:00:34.729+0000][84905.095s][info][gc,marking  ] GC(2966) Concurrent Scan Root Regions 28.119ms
[2025-01-07T20:00:34.729+0000][84905.095s][info][gc,marking  ] GC(2966) Concurrent Mark
[2025-01-07T20:00:34.729+0000][84905.095s][info][gc,marking  ] GC(2966) Concurrent Mark From Roots
[2025-01-07T20:00:34.729+0000][84905.095s][info][gc,task     ] GC(2966) Using 2 workers of 2 for marking
[2025-01-07T20:00:35.520+0000][84905.886s][info][gc,marking  ] GC(2966) Concurrent Mark From Roots 790.508ms
[2025-01-07T20:00:35.520+0000][84905.886s][info][gc,marking  ] GC(2966) Concurrent Preclean
[2025-01-07T20:00:35.522+0000][84905.888s][info][gc,marking  ] GC(2966) Concurrent Preclean 1.744ms
[2025-01-07T20:00:35.522+0000][84905.888s][info][gc,start    ] GC(2966) Pause Remark
[2025-01-07T20:00:35.547+0000][84905.913s][info][gc          ] GC(2966) Pause Remark 2925M->2925M(12288M) 25.307ms
[2025-01-07T20:00:35.547+0000][84905.913s][info][gc,cpu      ] GC(2966) User=0.15s Sys=0.00s Real=0.02s
[2025-01-07T20:00:35.547+0000][84905.913s][info][gc,marking  ] GC(2966) Concurrent Mark 817.901ms
[2025-01-07T20:00:35.547+0000][84905.913s][info][gc,marking  ] GC(2966) Concurrent Rebuild Remembered Sets
[2025-01-07T20:00:36.061+0000][84906.428s][info][gc,marking  ] GC(2966) Concurrent Rebuild Remembered Sets 514.224ms
[2025-01-07T20:00:36.062+0000][84906.428s][info][gc,start    ] GC(2966) Pause Cleanup
[2025-01-07T20:00:36.062+0000][84906.428s][info][gc          ] GC(2966) Pause Cleanup 3156M->3156M(12288M) 0.401ms
[2025-01-07T20:00:36.062+0000][84906.428s][info][gc,cpu      ] GC(2966) User=0.00s Sys=0.00s Real=0.00s
[2025-01-07T20:00:36.062+0000][84906.428s][info][gc,marking  ] GC(2966) Concurrent Cleanup for Next Mark
[2025-01-07T20:00:36.090+0000][84906.456s][info][gc,marking  ] GC(2966) Concurrent Cleanup for Next Mark 27.768ms
[2025-01-07T20:00:36.090+0000][84906.456s][info][gc          ] GC(2966) Concurrent Mark Cycle 1389.621ms
[2025-01-07T20:00:42.965+0000][84913.331s][info][gc,start    ] GC(2967) Pause Young (Prepare Mixed) (G1 Evacuation Pause)
[2025-01-07T20:00:42.965+0000][84913.331s][info][gc,task     ] GC(2967) Using 6 workers of 6 for evacuation
[2025-01-07T20:00:42.997+0000][84913.363s][info][gc,phases   ] GC(2967)   Pre Evacuate Collection Set: 0.2ms
[2025-01-07T20:00:42.997+0000][84913.363s][info][gc,phases   ] GC(2967)   Merge Heap Roots: 0.7ms
[2025-01-07T20:00:42.997+0000][84913.363s][info][gc,phases   ] GC(2967)   Evacuate Collection Set: 28.4ms
[2025-01-07T20:00:42.997+0000][84913.363s][info][gc,phases   ] GC(2967)   Post Evacuate Collection Set: 2.6ms
[2025-01-07T20:00:42.997+0000][84913.363s][info][gc,phases   ] GC(2967)   Other: 0.2ms
[2025-01-07T20:00:42.997+0000][84913.363s][info][gc,heap     ] GC(2967) Eden regions: 913->0(67)
[2025-01-07T20:00:42.997+0000][84913.363s][info][gc,heap     ] GC(2967) Survivor regions: 8->9(116)
[2025-01-07T20:00:42.997+0000][84913.363s][info][gc,heap     ] GC(2967) Old regions: 242->242
[2025-01-07T20:00:42.997+0000][84913.363s][info][gc,heap     ] GC(2967) Archive regions: 2->2
[2025-01-07T20:00:42.997+0000][84913.363s][info][gc,heap     ] GC(2967) Humongous regions: 49->49
[2025-01-07T20:00:42.997+0000][84913.363s][info][gc,metaspace] GC(2967) Metaspace: 498664K(506880K)->498664K(506880K) NonClass: 438098K(442304K)->438098K(442304K) Class: 60566K(64576K)->60566K(64576K)
[2025-01-07T20:00:42.997+0000][84913.363s][info][gc          ] GC(2967) Pause Young (Prepare Mixed) (G1 Evacuation Pause) 9696M->2400M(12288M) 32.219ms
[2025-01-07T20:00:42.997+0000][84913.363s][info][gc,cpu      ] GC(2967) User=0.19s Sys=0.00s Real=0.03s
[2025-01-07T20:00:43.358+0000][84913.724s][info][gc,start    ] GC(2968) Pause Young (Mixed) (G1 Evacuation Pause)
[2025-01-07T20:00:43.358+0000][84913.724s][info][gc,task     ] GC(2968) Using 6 workers of 6 for evacuation
[2025-01-07T20:00:43.415+0000][84913.782s][info][gc,phases   ] GC(2968)   Pre Evacuate Collection Set: 0.2ms
[2025-01-07T20:00:43.415+0000][84913.782s][info][gc,phases   ] GC(2968)   Merge Heap Roots: 0.7ms
[2025-01-07T20:00:43.415+0000][84913.782s][info][gc,phases   ] GC(2968)   Evacuate Collection Set: 55.0ms
[2025-01-07T20:00:43.415+0000][84913.782s][info][gc,phases   ] GC(2968)   Post Evacuate Collection Set: 1.7ms
[2025-01-07T20:00:43.415+0000][84913.782s][info][gc,phases   ] GC(2968)   Other: 0.2ms
[2025-01-07T20:00:43.415+0000][84913.782s][info][gc,heap     ] GC(2968) Eden regions: 67->0(916)
[2025-01-07T20:00:43.415+0000][84913.782s][info][gc,heap     ] GC(2968) Survivor regions: 9->5(10)
[2025-01-07T20:00:43.415+0000][84913.782s][info][gc,heap     ] GC(2968) Old regions: 242->241
[2025-01-07T20:00:43.415+0000][84913.782s][info][gc,heap     ] GC(2968) Archive regions: 2->2
[2025-01-07T20:00:43.415+0000][84913.782s][info][gc,heap     ] GC(2968) Humongous regions: 49->49
[2025-01-07T20:00:43.415+0000][84913.782s][info][gc,metaspace] GC(2968) Metaspace: 498664K(506880K)->498664K(506880K) NonClass: 438098K(442304K)->438098K(442304K) Class: 60566K(64576K)->60566K(64576K)
[2025-01-07T20:00:43.416+0000][84913.782s][info][gc          ] GC(2968) Pause Young (Mixed) (G1 Evacuation Pause) 2936M->2361M(12288M) 57.825ms
[2025-01-07T20:00:43.416+0000][84913.782s][info][gc,cpu      ] GC(2968) User=0.34s Sys=0.00s Real=0.06s
[2025-01-07T20:00:50.420+0000][84920.786s][info][gc,start    ] GC(2969) Pause Young (Normal) (G1 Evacuation Pause)
[2025-01-07T20:00:50.420+0000][84920.786s][info][gc,task     ] GC(2969) Using 6 workers of 6 for evacuation
[2025-01-07T20:00:50.445+0000][84920.811s][info][gc,phases   ] GC(2969)   Pre Evacuate Collection Set: 0.2ms
[2025-01-07T20:00:50.445+0000][84920.811s][info][gc,phases   ] GC(2969)   Merge Heap Roots: 0.4ms
[2025-01-07T20:00:50.445+0000][84920.811s][info][gc,phases   ] GC(2969)   Evacuate Collection Set: 21.7ms
[2025-01-07T20:00:50.445+0000][84920.811s][info][gc,phases   ] GC(2969)   Post Evacuate Collection Set: 2.5ms
[2025-01-07T20:00:50.445+0000][84920.811s][info][gc,phases   ] GC(2969)   Other: 0.2ms
[2025-01-07T20:00:50.445+0000][84920.811s][info][gc,heap     ] GC(2969) Eden regions: 916->0(915)
[2025-01-07T20:00:50.445+0000][84920.811s][info][gc,heap     ] GC(2969) Survivor regions: 5->6(116)
[2025-01-07T20:00:50.445+0000][84920.811s][info][gc,heap     ] GC(2969) Old regions: 241->241
[2025-01-07T20:00:50.445+0000][84920.811s][info][gc,heap     ] GC(2969) Archive regions: 2->2
[2025-01-07T20:00:50.445+0000][84920.811s][info][gc,heap     ] GC(2969) Humongous regions: 49->49
[2025-01-07T20:00:50.445+0000][84920.811s][info][gc,metaspace] GC(2969) Metaspace: 498664K(506880K)->498664K(506880K) NonClass: 438098K(442304K)->438098K(442304K) Class: 60566K(64576K)->60566K(64576K)
[2025-01-07T20:00:50.445+0000][84920.811s][info][gc          ] GC(2969) Pause Young (Normal) (G1 Evacuation Pause) 9689M->2369M(12288M) 25.104ms
[2025-01-07T20:00:50.445+0000][84920.811s][info][gc,cpu      ] GC(2969) User=0.15s Sys=0.00s Real=0.03s
[2025-01-07T20:00:59.702+0000][84930.068s][info][gc,start    ] GC(2970) Pause Young (Normal) (G1 Evacuation Pause)
[2025-01-07T20:00:59.702+0000][84930.068s][info][gc,task     ] GC(2970) Using 6 workers of 6 for evacuation
[2025-01-07T20:00:59.735+0000][84930.102s][info][gc,phases   ] GC(2970)   Pre Evacuate Collection Set: 0.2ms
[2025-01-07T20:00:59.736+0000][84930.102s][info][gc,phases   ] GC(2970)   Merge Heap Roots: 0.4ms
[2025-01-07T20:00:59.736+0000][84930.102s][info][gc,phases   ] GC(2970)   Evacuate Collection Set: 27.5ms
[2025-01-07T20:00:59.736+0000][84930.102s][info][gc,phases   ] GC(2970)   Post Evacuate Collection Set: 5.3ms
[2025-01-07T20:00:59.736+0000][84930.102s][info][gc,phases   ] GC(2970)   Other: 0.2ms
[2025-01-07T20:00:59.736+0000][84930.102s][info][gc,heap     ] GC(2970) Eden regions: 915->0(911)
[2025-01-07T20:00:59.736+0000][84930.102s][info][gc,heap     ] GC(2970) Survivor regions: 6->10(116)
[2025-01-07T20:00:59.736+0000][84930.102s][info][gc,heap     ] GC(2970) Old regions: 241->241
[2025-01-07T20:00:59.736+0000][84930.102s][info][gc,heap     ] GC(2970) Archive regions: 2->2
[2025-01-07T20:00:59.736+0000][84930.102s][info][gc,heap     ] GC(2970) Humongous regions: 49->49
[2025-01-07T20:00:59.736+0000][84930.102s][info][gc,metaspace] GC(2970) Metaspace: 498666K(506944K)->498666K(506944K) NonClass: 438099K(442368K)->438099K(442368K) Class: 60566K(64576K)->60566K(64576K)
[2025-01-07T20:00:59.736+0000][84930.102s][info][gc          ] GC(2970) Pause Young (Normal) (G1 Evacuation Pause) 9689M->2399M(12288M) 33.765ms
[2025-01-07T20:00:59.736+0000][84930.102s][info][gc,cpu      ] GC(2970) User=0.19s Sys=0.00s Real=0.03s
[2025-01-07T20:01:09.346+0000][84939.713s][info][gc,start    ] GC(2971) Pause Young (Concurrent Start) (G1 Evacuation Pause)
[2025-01-07T20:01:09.347+0000][84939.713s][info][gc,task     ] GC(2971) Using 6 workers of 6 for evacuation
[2025-01-07T20:01:09.381+0000][84939.747s][info][gc,phases   ] GC(2971)   Pre Evacuate Collection Set: 1.0ms
[2025-01-07T20:01:09.381+0000][84939.747s][info][gc,phases   ] GC(2971)   Merge Heap Roots: 0.5ms
[2025-01-07T20:01:09.381+0000][84939.747s][info][gc,phases   ] GC(2971)   Evacuate Collection Set: 28.2ms
[2025-01-07T20:01:09.381+0000][84939.747s][info][gc,phases   ] GC(2971)   Post Evacuate Collection Set: 4.1ms
[2025-01-07T20:01:09.381+0000][84939.747s][info][gc,phases   ] GC(2971)   Other: 0.3ms
[2025-01-07T20:01:09.381+0000][84939.747s][info][gc,heap     ] GC(2971) Eden regions: 911->0(910)
[2025-01-07T20:01:09.381+0000][84939.747s][info][gc,heap     ] GC(2971) Survivor regions: 10->10(116)
[2025-01-07T20:01:09.381+0000][84939.747s][info][gc,heap     ] GC(2971) Old regions: 241->241
[2025-01-07T20:01:09.381+0000][84939.747s][info][gc,heap     ] GC(2971) Archive regions: 2->2
[2025-01-07T20:01:09.381+0000][84939.747s][info][gc,heap     ] GC(2971) Humongous regions: 49->49
[2025-01-07T20:01:09.381+0000][84939.747s][info][gc,metaspace] GC(2971) Metaspace: 498666K(506944K)->498666K(506944K) NonClass: 438099K(442368K)->438099K(442368K) Class: 60566K(64576K)->60566K(64576K)
[2025-01-07T20:01:09.381+0000][84939.747s][info][gc          ] GC(2971) Pause Young (Concurrent Start) (G1 Evacuation Pause) 9687M->2401M(12288M) 34.166ms
[2025-01-07T20:01:09.381+0000][84939.747s][info][gc,cpu      ] GC(2971) User=0.20s Sys=0.00s Real=0.03s
[2025-01-07T20:01:09.381+0000][84939.747s][info][gc          ] GC(2972) Concurrent Mark Cycle
[2025-01-07T20:01:09.381+0000][84939.747s][info][gc,marking  ] GC(2972) Concurrent Clear Claimed Marks
[2025-01-07T20:01:09.382+0000][84939.748s][info][gc,marking  ] GC(2972) Concurrent Clear Claimed Marks 0.839ms
[2025-01-07T20:01:09.382+0000][84939.748s][info][gc,marking  ] GC(2972) Concurrent Scan Root Regions
[2025-01-07T20:01:09.402+0000][84939.768s][info][gc,marking  ] GC(2972) Concurrent Scan Root Regions 20.214ms
[2025-01-07T20:01:09.402+0000][84939.768s][info][gc,marking  ] GC(2972) Concurrent Mark
[2025-01-07T20:01:09.402+0000][84939.768s][info][gc,marking  ] GC(2972) Concurrent Mark From Roots
[2025-01-07T20:01:09.402+0000][84939.768s][info][gc,task     ] GC(2972) Using 2 workers of 2 for marking
[2025-01-07T20:01:10.243+0000][84940.609s][info][gc,marking  ] GC(2972) Concurrent Mark From Roots 840.931ms
[2025-01-07T20:01:10.243+0000][84940.609s][info][gc,marking  ] GC(2972) Concurrent Preclean
[2025-01-07T20:01:10.245+0000][84940.611s][info][gc,marking  ] GC(2972) Concurrent Preclean 2.369ms
[2025-01-07T20:01:10.245+0000][84940.611s][info][gc,start    ] GC(2972) Pause Remark
[2025-01-07T20:01:10.271+0000][84940.637s][info][gc          ] GC(2972) Pause Remark 3609M->3609M(12288M) 25.514ms
[2025-01-07T20:01:10.271+0000][84940.637s][info][gc,cpu      ] GC(2972) User=0.15s Sys=0.00s Real=0.03s
[2025-01-07T20:01:10.271+0000][84940.637s][info][gc,marking  ] GC(2972) Concurrent Mark 869.183ms
[2025-01-07T20:01:10.271+0000][84940.637s][info][gc,marking  ] GC(2972) Concurrent Rebuild Remembered Sets
[2025-01-07T20:01:10.920+0000][84941.286s][info][gc,marking  ] GC(2972) Concurrent Rebuild Remembered Sets 648.775ms
[2025-01-07T20:01:10.920+0000][84941.286s][info][gc,start    ] GC(2972) Pause Cleanup
[2025-01-07T20:01:10.921+0000][84941.287s][info][gc          ] GC(2972) Pause Cleanup 4569M->4569M(12288M) 0.410ms
[2025-01-07T20:01:10.921+0000][84941.287s][info][gc,cpu      ] GC(2972) User=0.00s Sys=0.00s Real=0.00s
[2025-01-07T20:01:10.921+0000][84941.287s][info][gc,marking  ] GC(2972) Concurrent Cleanup for Next Mark
[2025-01-07T20:01:10.949+0000][84941.315s][info][gc,marking  ] GC(2972) Concurrent Cleanup for Next Mark 28.136ms
[2025-01-07T20:01:10.949+0000][84941.315s][info][gc          ] GC(2972) Concurrent Mark Cycle 1568.077ms
[2025-01-07T20:01:16.491+0000][84946.857s][info][gc,start    ] GC(2973) Pause Young (Prepare Mixed) (G1 Evacuation Pause)
[2025-01-07T20:01:16.491+0000][84946.857s][info][gc,task     ] GC(2973) Using 6 workers of 6 for evacuation
[2025-01-07T20:01:16.527+0000][84946.893s][info][gc,phases   ] GC(2973)   Pre Evacuate Collection Set: 0.2ms
[2025-01-07T20:01:16.527+0000][84946.893s][info][gc,phases   ] GC(2973)   Merge Heap Roots: 0.7ms
[2025-01-07T20:01:16.527+0000][84946.893s][info][gc,phases   ] GC(2973)   Evacuate Collection Set: 32.5ms
[2025-01-07T20:01:16.527+0000][84946.893s][info][gc,phases   ] GC(2973)   Post Evacuate Collection Set: 2.7ms
[2025-01-07T20:01:16.527+0000][84946.893s][info][gc,phases   ] GC(2973)   Other: 0.2ms
[2025-01-07T20:01:16.527+0000][84946.893s][info][gc,heap     ] GC(2973) Eden regions: 910->0(64)
[2025-01-07T20:01:16.527+0000][84946.893s][info][gc,heap     ] GC(2973) Survivor regions: 10->12(115)
[2025-01-07T20:01:16.527+0000][84946.893s][info][gc,heap     ] GC(2973) Old regions: 241->241
[2025-01-07T20:01:16.527+0000][84946.893s][info][gc,heap     ] GC(2973) Archive regions: 2->2
[2025-01-07T20:01:16.527+0000][84946.893s][info][gc,heap     ] GC(2973) Humongous regions: 49->49
[2025-01-07T20:01:16.527+0000][84946.893s][info][gc,metaspace] GC(2973) Metaspace: 498666K(506944K)->498666K(506944K) NonClass: 438099K(442368K)->438099K(442368K) Class: 60566K(64576K)->60566K(64576K)
[2025-01-07T20:01:16.527+0000][84946.893s][info][gc          ] GC(2973) Pause Young (Prepare Mixed) (G1 Evacuation Pause) 9681M->2412M(12288M) 36.446ms
[2025-01-07T20:01:16.527+0000][84946.894s][info][gc,cpu      ] GC(2973) User=0.21s Sys=0.00s Real=0.03s
[2025-01-07T20:01:16.964+0000][84947.330s][info][gc,start    ] GC(2974) Pause Young (Mixed) (G1 Evacuation Pause)
[2025-01-07T20:01:16.964+0000][84947.330s][info][gc,task     ] GC(2974) Using 6 workers of 6 for evacuation
[2025-01-07T20:01:17.032+0000][84947.398s][info][gc,phases   ] GC(2974)   Pre Evacuate Collection Set: 0.2ms
[2025-01-07T20:01:17.032+0000][84947.398s][info][gc,phases   ] GC(2974)   Merge Heap Roots: 0.7ms
[2025-01-07T20:01:17.032+0000][84947.398s][info][gc,phases   ] GC(2974)   Evacuate Collection Set: 65.1ms
[2025-01-07T20:01:17.032+0000][84947.398s][info][gc,phases   ] GC(2974)   Post Evacuate Collection Set: 1.8ms
[2025-01-07T20:01:17.032+0000][84947.398s][info][gc,phases   ] GC(2974)   Other: 0.2ms
[2025-01-07T20:01:17.032+0000][84947.398s][info][gc,heap     ] GC(2974) Eden regions: 64->0(913)
[2025-01-07T20:01:17.032+0000][84947.398s][info][gc,heap     ] GC(2974) Survivor regions: 12->6(10)
[2025-01-07T20:01:17.032+0000][84947.398s][info][gc,heap     ] GC(2974) Old regions: 241->242
[2025-01-07T20:01:17.032+0000][84947.398s][info][gc,heap     ] GC(2974) Archive regions: 2->2
[2025-01-07T20:01:17.032+0000][84947.398s][info][gc,heap     ] GC(2974) Humongous regions: 49->49
[2025-01-07T20:01:17.032+0000][84947.398s][info][gc,metaspace] GC(2974) Metaspace: 498666K(506944K)->498666K(506944K) NonClass: 438099K(442368K)->438099K(442368K) Class: 60566K(64576K)->60566K(64576K)
[2025-01-07T20:01:17.032+0000][84947.398s][info][gc          ] GC(2974) Pause Young (Mixed) (G1 Evacuation Pause) 2924M->2376M(12288M) 68.084ms
[2025-01-07T20:01:17.032+0000][84947.398s][info][gc,cpu      ] GC(2974) User=0.37s Sys=0.00s Real=0.07s
[2025-01-07T20:01:22.320+0000][84952.686s][info][gc,start    ] GC(2975) Pause Young (Normal) (G1 Evacuation Pause)
[2025-01-07T20:01:22.320+0000][84952.686s][info][gc,task     ] GC(2975) Using 6 workers of 6 for evacuation
[2025-01-07T20:01:22.343+0000][84952.709s][info][gc,phases   ] GC(2975)   Pre Evacuate Collection Set: 0.2ms
[2025-01-07T20:01:22.343+0000][84952.709s][info][gc,phases   ] GC(2975)   Merge Heap Roots: 0.4ms
[2025-01-07T20:01:22.343+0000][84952.709s][info][gc,phases   ] GC(2975)   Evacuate Collection Set: 19.3ms
[2025-01-07T20:01:22.343+0000][84952.709s][info][gc,phases   ] GC(2975)   Post Evacuate Collection Set: 2.6ms
[2025-01-07T20:01:22.343+0000][84952.709s][info][gc,phases   ] GC(2975)   Other: 0.2ms
[2025-01-07T20:01:22.343+0000][84952.709s][info][gc,heap     ] GC(2975) Eden regions: 913->0(914)
[2025-01-07T20:01:22.343+0000][84952.709s][info][gc,heap     ] GC(2975) Survivor regions: 6->6(115)
[2025-01-07T20:01:22.343+0000][84952.709s][info][gc,heap     ] GC(2975) Old regions: 242->242
[2025-01-07T20:01:22.343+0000][84952.709s][info][gc,heap     ] GC(2975) Archive regions: 2->2
[2025-01-07T20:01:22.343+0000][84952.709s][info][gc,heap     ] GC(2975) Humongous regions: 49->49
[2025-01-07T20:01:22.343+0000][84952.709s][info][gc,metaspace] GC(2975) Metaspace: 498666K(506944K)->498666K(506944K) NonClass: 438099K(442368K)->438099K(442368K) Class: 60566K(64576K)->60566K(64576K)
[2025-01-07T20:01:22.343+0000][84952.709s][info][gc          ] GC(2975) Pause Young (Normal) (G1 Evacuation Pause) 9680M->2380M(12288M) 22.792ms
[2025-01-07T20:01:22.343+0000][84952.709s][info][gc,cpu      ] GC(2975) User=0.14s Sys=0.00s Real=0.03s
[2025-01-07T20:01:29.346+0000][84959.712s][info][gc,start    ] GC(2976) Pause Young (Normal) (G1 Evacuation Pause)
[2025-01-07T20:01:29.346+0000][84959.712s][info][gc,task     ] GC(2976) Using 6 workers of 6 for evacuation
[2025-01-07T20:01:29.373+0000][84959.739s][info][gc,phases   ] GC(2976)   Pre Evacuate Collection Set: 0.2ms
[2025-01-07T20:01:29.373+0000][84959.739s][info][gc,phases   ] GC(2976)   Merge Heap Roots: 0.4ms
[2025-01-07T20:01:29.373+0000][84959.739s][info][gc,phases   ] GC(2976)   Evacuate Collection Set: 23.8ms
[2025-01-07T20:01:29.373+0000][84959.739s][info][gc,phases   ] GC(2976)   Post Evacuate Collection Set: 2.5ms
[2025-01-07T20:01:29.373+0000][84959.739s][info][gc,phases   ] GC(2976)   Other: 0.2ms
[2025-01-07T20:01:29.373+0000][84959.739s][info][gc,heap     ] GC(2976) Eden regions: 914->0(913)
[2025-01-07T20:01:29.373+0000][84959.739s][info][gc,heap     ] GC(2976) Survivor regions: 6->8(115)
[2025-01-07T20:01:29.373+0000][84959.739s][info][gc,heap     ] GC(2976) Old regions: 242->242
[2025-01-07T20:01:29.373+0000][84959.739s][info][gc,heap     ] GC(2976) Archive regions: 2->2
[2025-01-07T20:01:29.373+0000][84959.739s][info][gc,heap     ] GC(2976) Humongous regions: 49->49
[2025-01-07T20:01:29.373+0000][84959.739s][info][gc,metaspace] GC(2976) Metaspace: 498666K(506944K)->498666K(506944K) NonClass: 438099K(442368K)->438099K(442368K) Class: 60566K(64576K)->60566K(64576K)
[2025-01-07T20:01:29.373+0000][84959.739s][info][gc          ] GC(2976) Pause Young (Normal) (G1 Evacuation Pause) 9692M->2396M(12288M) 27.190ms
[2025-01-07T20:01:29.373+0000][84959.739s][info][gc,cpu      ] GC(2976) User=0.16s Sys=0.01s Real=0.03s
[2025-01-07T20:01:38.875+0000][84969.241s][info][gc,start    ] GC(2977) Pause Young (Concurrent Start) (G1 Evacuation Pause)
[2025-01-07T20:01:38.875+0000][84969.241s][info][gc,task     ] GC(2977) Using 6 workers of 6 for evacuation
[2025-01-07T20:01:38.909+0000][84969.275s][info][gc,phases   ] GC(2977)   Pre Evacuate Collection Set: 1.0ms
[2025-01-07T20:01:38.909+0000][84969.275s][info][gc,phases   ] GC(2977)   Merge Heap Roots: 0.5ms
[2025-01-07T20:01:38.909+0000][84969.275s][info][gc,phases   ] GC(2977)   Evacuate Collection Set: 29.6ms
[2025-01-07T20:01:38.909+0000][84969.275s][info][gc,phases   ] GC(2977)   Post Evacuate Collection Set: 2.7ms
[2025-01-07T20:01:38.909+0000][84969.275s][info][gc,phases   ] GC(2977)   Other: 0.3ms
[2025-01-07T20:01:38.909+0000][84969.275s][info][gc,heap     ] GC(2977) Eden regions: 913->0(910)
[2025-01-07T20:01:38.909+0000][84969.275s][info][gc,heap     ] GC(2977) Survivor regions: 8->10(116)
[2025-01-07T20:01:38.909+0000][84969.275s][info][gc,heap     ] GC(2977) Old regions: 242->242
[2025-01-07T20:01:38.909+0000][84969.275s][info][gc,heap     ] GC(2977) Archive regions: 2->2
[2025-01-07T20:01:38.909+0000][84969.275s][info][gc,heap     ] GC(2977) Humongous regions: 49->49
[2025-01-07T20:01:38.909+0000][84969.275s][info][gc,metaspace] GC(2977) Metaspace: 498666K(506944K)->498666K(506944K) NonClass: 438099K(442368K)->438099K(442368K) Class: 60566K(64576K)->60566K(64576K)
[2025-01-07T20:01:38.909+0000][84969.275s][info][gc          ] GC(2977) Pause Young (Concurrent Start) (G1 Evacuation Pause) 9700M->2410M(12288M) 34.168ms
[2025-01-07T20:01:38.909+0000][84969.275s][info][gc,cpu      ] GC(2977) User=0.19s Sys=0.00s Real=0.03s
[2025-01-07T20:01:38.909+0000][84969.275s][info][gc          ] GC(2978) Concurrent Mark Cycle
[2025-01-07T20:01:38.909+0000][84969.275s][info][gc,marking  ] GC(2978) Concurrent Clear Claimed Marks
[2025-01-07T20:01:38.910+0000][84969.276s][info][gc,marking  ] GC(2978) Concurrent Clear Claimed Marks 0.828ms
[2025-01-07T20:01:38.910+0000][84969.276s][info][gc,marking  ] GC(2978) Concurrent Scan Root Regions
[2025-01-07T20:01:38.931+0000][84969.297s][info][gc,marking  ] GC(2978) Concurrent Scan Root Regions 21.114ms
[2025-01-07T20:01:38.931+0000][84969.297s][info][gc,marking  ] GC(2978) Concurrent Mark
[2025-01-07T20:01:38.931+0000][84969.297s][info][gc,marking  ] GC(2978) Concurrent Mark From Roots
[2025-01-07T20:01:38.931+0000][84969.297s][info][gc,task     ] GC(2978) Using 2 workers of 2 for marking
[2025-01-07T20:01:39.759+0000][84970.125s][info][gc,marking  ] GC(2978) Concurrent Mark From Roots 827.482ms
[2025-01-07T20:01:39.759+0000][84970.125s][info][gc,marking  ] GC(2978) Concurrent Preclean
[2025-01-07T20:01:39.760+0000][84970.126s][info][gc,marking  ] GC(2978) Concurrent Preclean 1.632ms
[2025-01-07T20:01:39.760+0000][84970.126s][info][gc,start    ] GC(2978) Pause Remark
[2025-01-07T20:01:39.786+0000][84970.152s][info][gc          ] GC(2978) Pause Remark 3002M->3002M(12288M) 25.944ms
[2025-01-07T20:01:39.786+0000][84970.152s][info][gc,cpu      ] GC(2978) User=0.15s Sys=0.00s Real=0.03s
[2025-01-07T20:01:39.786+0000][84970.153s][info][gc,marking  ] GC(2978) Concurrent Mark 855.395ms
[2025-01-07T20:01:39.786+0000][84970.153s][info][gc,marking  ] GC(2978) Concurrent Rebuild Remembered Sets
[2025-01-07T20:01:40.264+0000][84970.630s][info][gc,marking  ] GC(2978) Concurrent Rebuild Remembered Sets 477.830ms
[2025-01-07T20:01:40.264+0000][84970.631s][info][gc,start    ] GC(2978) Pause Cleanup
[2025-01-07T20:01:40.265+0000][84970.631s][info][gc          ] GC(2978) Pause Cleanup 3342M->3342M(12288M) 0.379ms
[2025-01-07T20:01:40.265+0000][84970.631s][info][gc,cpu      ] GC(2978) User=0.00s Sys=0.00s Real=0.00s
[2025-01-07T20:01:40.265+0000][84970.631s][info][gc,marking  ] GC(2978) Concurrent Cleanup for Next Mark
[2025-01-07T20:01:40.280+0000][84970.646s][info][gc,marking  ] GC(2978) Concurrent Cleanup for Next Mark 15.433ms
[2025-01-07T20:01:40.280+0000][84970.647s][info][gc          ] GC(2978) Concurrent Mark Cycle 1371.381ms
[2025-01-07T20:01:49.420+0000][84979.786s][info][gc,start    ] GC(2979) Pause Young (Prepare Mixed) (G1 Evacuation Pause)
[2025-01-07T20:01:49.420+0000][84979.786s][info][gc,task     ] GC(2979) Using 6 workers of 6 for evacuation
[2025-01-07T20:01:49.456+0000][84979.822s][info][gc,phases   ] GC(2979)   Pre Evacuate Collection Set: 0.2ms
[2025-01-07T20:01:49.456+0000][84979.822s][info][gc,phases   ] GC(2979)   Merge Heap Roots: 0.7ms
[2025-01-07T20:01:49.456+0000][84979.822s][info][gc,phases   ] GC(2979)   Evacuate Collection Set: 31.0ms
[2025-01-07T20:01:49.456+0000][84979.822s][info][gc,phases   ] GC(2979)   Post Evacuate Collection Set: 4.1ms
[2025-01-07T20:01:49.456+0000][84979.822s][info][gc,phases   ] GC(2979)   Other: 0.2ms
[2025-01-07T20:01:49.456+0000][84979.822s][info][gc,heap     ] GC(2979) Eden regions: 910->0(64)
[2025-01-07T20:01:49.456+0000][84979.822s][info][gc,heap     ] GC(2979) Survivor regions: 10->12(115)
[2025-01-07T20:01:49.456+0000][84979.822s][info][gc,heap     ] GC(2979) Old regions: 242->242
[2025-01-07T20:01:49.456+0000][84979.822s][info][gc,heap     ] GC(2979) Archive regions: 2->2
[2025-01-07T20:01:49.456+0000][84979.822s][info][gc,heap     ] GC(2979) Humongous regions: 49->49
[2025-01-07T20:01:49.456+0000][84979.822s][info][gc,metaspace] GC(2979) Metaspace: 498666K(506944K)->498666K(506944K) NonClass: 438100K(442368K)->438100K(442368K) Class: 60566K(64576K)->60566K(64576K)
[2025-01-07T20:01:49.456+0000][84979.822s][info][gc          ] GC(2979) Pause Young (Prepare Mixed) (G1 Evacuation Pause) 9690M->2423M(12288M) 36.268ms
[2025-01-07T20:01:49.456+0000][84979.822s][info][gc,cpu      ] GC(2979) User=0.21s Sys=0.00s Real=0.04s
[2025-01-07T20:01:50.432+0000][84980.798s][info][gc,start    ] GC(2980) Pause Young (Mixed) (G1 Evacuation Pause)
[2025-01-07T20:01:50.432+0000][84980.798s][info][gc,task     ] GC(2980) Using 6 workers of 6 for evacuation
[2025-01-07T20:01:50.499+0000][84980.865s][info][gc,phases   ] GC(2980)   Pre Evacuate Collection Set: 0.2ms
[2025-01-07T20:01:50.499+0000][84980.865s][info][gc,phases   ] GC(2980)   Merge Heap Roots: 0.9ms
[2025-01-07T20:01:50.499+0000][84980.865s][info][gc,phases   ] GC(2980)   Evacuate Collection Set: 63.5ms
[2025-01-07T20:01:50.499+0000][84980.865s][info][gc,phases   ] GC(2980)   Post Evacuate Collection Set: 2.2ms
[2025-01-07T20:01:50.499+0000][84980.865s][info][gc,phases   ] GC(2980)   Other: 0.2ms
[2025-01-07T20:01:50.499+0000][84980.865s][info][gc,heap     ] GC(2980) Eden regions: 64->0(909)
[2025-01-07T20:01:50.499+0000][84980.865s][info][gc,heap     ] GC(2980) Survivor regions: 12->6(10)
[2025-01-07T20:01:50.499+0000][84980.865s][info][gc,heap     ] GC(2980) Old regions: 242->245
[2025-01-07T20:01:50.499+0000][84980.865s][info][gc,heap     ] GC(2980) Archive regions: 2->2
[2025-01-07T20:01:50.499+0000][84980.865s][info][gc,heap     ] GC(2980) Humongous regions: 49->49
[2025-01-07T20:01:50.499+0000][84980.865s][info][gc,metaspace] GC(2980) Metaspace: 498666K(506944K)->498666K(506944K) NonClass: 438100K(442368K)->438100K(442368K) Class: 60566K(64576K)->60566K(64576K)
[2025-01-07T20:01:50.499+0000][84980.865s][info][gc          ] GC(2980) Pause Young (Mixed) (G1 Evacuation Pause) 2935M->2401M(12288M) 67.039ms
[2025-01-07T20:01:50.499+0000][84980.865s][info][gc,cpu      ] GC(2980) User=0.38s Sys=0.00s Real=0.06s
[2025-01-07T20:01:59.194+0000][84989.560s][info][gc,start    ] GC(2981) Pause Young (Normal) (G1 Evacuation Pause)
[2025-01-07T20:01:59.194+0000][84989.560s][info][gc,task     ] GC(2981) Using 6 workers of 6 for evacuation
[2025-01-07T20:01:59.217+0000][84989.583s][info][gc,phases   ] GC(2981)   Pre Evacuate Collection Set: 0.2ms
[2025-01-07T20:01:59.217+0000][84989.583s][info][gc,phases   ] GC(2981)   Merge Heap Roots: 0.4ms
[2025-01-07T20:01:59.217+0000][84989.583s][info][gc,phases   ] GC(2981)   Evacuate Collection Set: 18.5ms
[2025-01-07T20:01:59.217+0000][84989.583s][info][gc,phases   ] GC(2981)   Post Evacuate Collection Set: 3.9ms
[2025-01-07T20:01:59.217+0000][84989.584s][info][gc,phases   ] GC(2981)   Other: 0.2ms
[2025-01-07T20:01:59.217+0000][84989.584s][info][gc,heap     ] GC(2981) Eden regions: 909->0(910)
[2025-01-07T20:01:59.217+0000][84989.584s][info][gc,heap     ] GC(2981) Survivor regions: 6->6(115)
[2025-01-07T20:01:59.217+0000][84989.584s][info][gc,heap     ] GC(2981) Old regions: 245->245
[2025-01-07T20:01:59.217+0000][84989.584s][info][gc,heap     ] GC(2981) Archive regions: 2->2
[2025-01-07T20:01:59.217+0000][84989.584s][info][gc,heap     ] GC(2981) Humongous regions: 49->49
[2025-01-07T20:01:59.217+0000][84989.584s][info][gc,metaspace] GC(2981) Metaspace: 498666K(506944K)->498666K(506944K) NonClass: 438100K(442368K)->438100K(442368K) Class: 60566K(64576K)->60566K(64576K)
[2025-01-07T20:01:59.218+0000][84989.584s][info][gc          ] GC(2981) Pause Young (Normal) (G1 Evacuation Pause) 9673M->2401M(12288M) 23.377ms
[2025-01-07T20:01:59.218+0000][84989.584s][info][gc,cpu      ] GC(2981) User=0.14s Sys=0.00s Real=0.02s
[2025-01-07T20:02:06.561+0000][84996.927s][info][gc,start    ] GC(2982) Pause Young (Normal) (G1 Evacuation Pause)
[2025-01-07T20:02:06.561+0000][84996.927s][info][gc,task     ] GC(2982) Using 6 workers of 6 for evacuation
[2025-01-07T20:02:06.588+0000][84996.954s][info][gc,phases   ] GC(2982)   Pre Evacuate Collection Set: 0.2ms
[2025-01-07T20:02:06.588+0000][84996.954s][info][gc,phases   ] GC(2982)   Merge Heap Roots: 0.4ms
[2025-01-07T20:02:06.588+0000][84996.954s][info][gc,phases   ] GC(2982)   Evacuate Collection Set: 22.8ms
[2025-01-07T20:02:06.588+0000][84996.954s][info][gc,phases   ] GC(2982)   Post Evacuate Collection Set: 3.9ms
[2025-01-07T20:02:06.588+0000][84996.954s][info][gc,phases   ] GC(2982)   Other: 0.2ms
[2025-01-07T20:02:06.588+0000][84996.954s][info][gc,heap     ] GC(2982) Eden regions: 910->0(908)
[2025-01-07T20:02:06.588+0000][84996.954s][info][gc,heap     ] GC(2982) Survivor regions: 6->8(115)
[2025-01-07T20:02:06.588+0000][84996.954s][info][gc,heap     ] GC(2982) Old regions: 245->245
[2025-01-07T20:02:06.588+0000][84996.954s][info][gc,heap     ] GC(2982) Archive regions: 2->2
[2025-01-07T20:02:06.588+0000][84996.954s][info][gc,heap     ] GC(2982) Humongous regions: 49->49
[2025-01-07T20:02:06.588+0000][84996.954s][info][gc,metaspace] GC(2982) Metaspace: 498666K(506944K)->498666K(506944K) NonClass: 438100K(442368K)->438100K(442368K) Class: 60566K(64576K)->60566K(64576K)
[2025-01-07T20:02:06.588+0000][84996.954s][info][gc          ] GC(2982) Pause Young (Normal) (G1 Evacuation Pause) 9681M->2414M(12288M) 27.589ms
[2025-01-07T20:02:06.588+0000][84996.954s][info][gc,cpu      ] GC(2982) User=0.17s Sys=0.00s Real=0.03s
[2025-01-07T20:02:11.787+0000][85002.153s][info][gc,start    ] GC(2983) Pause Young (Concurrent Start) (G1 Evacuation Pause)
[2025-01-07T20:02:11.787+0000][85002.153s][info][gc,task     ] GC(2983) Using 6 workers of 6 for evacuation
[2025-01-07T20:02:11.816+0000][85002.182s][info][gc,phases   ] GC(2983)   Pre Evacuate Collection Set: 1.0ms
[2025-01-07T20:02:11.816+0000][85002.182s][info][gc,phases   ] GC(2983)   Merge Heap Roots: 0.4ms
[2025-01-07T20:02:11.816+0000][85002.182s][info][gc,phases   ] GC(2983)   Evacuate Collection Set: 24.3ms
[2025-01-07T20:02:11.816+0000][85002.182s][info][gc,phases   ] GC(2983)   Post Evacuate Collection Set: 2.6ms
[2025-01-07T20:02:11.816+0000][85002.182s][info][gc,phases   ] GC(2983)   Other: 0.3ms
[2025-01-07T20:02:11.816+0000][85002.182s][info][gc,heap     ] GC(2983) Eden regions: 908->0(909)
[2025-01-07T20:02:11.816+0000][85002.182s][info][gc,heap     ] GC(2983) Survivor regions: 8->8(115)
[2025-01-07T20:02:11.816+0000][85002.182s][info][gc,heap     ] GC(2983) Old regions: 245->245
[2025-01-07T20:02:11.816+0000][85002.182s][info][gc,heap     ] GC(2983) Archive regions: 2->2
[2025-01-07T20:02:11.816+0000][85002.182s][info][gc,heap     ] GC(2983) Humongous regions: 49->49
[2025-01-07T20:02:11.816+0000][85002.182s][info][gc,metaspace] GC(2983) Metaspace: 498666K(506944K)->498666K(506944K) NonClass: 438100K(442368K)->438100K(442368K) Class: 60566K(64576K)->60566K(64576K)
[2025-01-07T20:02:11.816+0000][85002.182s][info][gc          ] GC(2983) Pause Young (Concurrent Start) (G1 Evacuation Pause) 9678M->2413M(12288M) 28.722ms
[2025-01-07T20:02:11.816+0000][85002.182s][info][gc,cpu      ] GC(2983) User=0.16s Sys=0.00s Real=0.03s
[2025-01-07T20:02:11.816+0000][85002.182s][info][gc          ] GC(2984) Concurrent Mark Cycle
[2025-01-07T20:02:11.816+0000][85002.182s][info][gc,marking  ] GC(2984) Concurrent Clear Claimed Marks
[2025-01-07T20:02:11.817+0000][85002.183s][info][gc,marking  ] GC(2984) Concurrent Clear Claimed Marks 0.788ms
[2025-01-07T20:02:11.817+0000][85002.183s][info][gc,marking  ] GC(2984) Concurrent Scan Root Regions
[2025-01-07T20:02:11.837+0000][85002.203s][info][gc,marking  ] GC(2984) Concurrent Scan Root Regions 19.793ms
[2025-01-07T20:02:11.837+0000][85002.203s][info][gc,marking  ] GC(2984) Concurrent Mark
[2025-01-07T20:02:11.837+0000][85002.203s][info][gc,marking  ] GC(2984) Concurrent Mark From Roots
[2025-01-07T20:02:11.837+0000][85002.203s][info][gc,task     ] GC(2984) Using 2 workers of 2 for marking
[2025-01-07T20:02:12.672+0000][85003.038s][info][gc,marking  ] GC(2984) Concurrent Mark From Roots 834.793ms
[2025-01-07T20:02:12.672+0000][85003.038s][info][gc,marking  ] GC(2984) Concurrent Preclean
[2025-01-07T20:02:12.674+0000][85003.040s][info][gc,marking  ] GC(2984) Concurrent Preclean 1.915ms
[2025-01-07T20:02:12.674+0000][85003.040s][info][gc,start    ] GC(2984) Pause Remark
[2025-01-07T20:02:12.729+0000][85003.095s][info][gc          ] GC(2984) Pause Remark 3401M->3401M(12288M) 55.604ms
[2025-01-07T20:02:12.729+0000][85003.095s][info][gc,cpu      ] GC(2984) User=0.30s Sys=0.00s Real=0.05s
[2025-01-07T20:02:12.730+0000][85003.096s][info][gc,marking  ] GC(2984) Concurrent Mark 892.762ms
[2025-01-07T20:02:12.730+0000][85003.096s][info][gc,marking  ] GC(2984) Concurrent Rebuild Remembered Sets
[2025-01-07T20:02:13.202+0000][85003.568s][info][gc,marking  ] GC(2984) Concurrent Rebuild Remembered Sets 472.503ms
[2025-01-07T20:02:13.202+0000][85003.568s][info][gc,start    ] GC(2984) Pause Cleanup
[2025-01-07T20:02:13.203+0000][85003.569s][info][gc          ] GC(2984) Pause Cleanup 3797M->3797M(12288M) 0.450ms
[2025-01-07T20:02:13.203+0000][85003.569s][info][gc,cpu      ] GC(2984) User=0.00s Sys=0.00s Real=0.00s
[2025-01-07T20:02:13.203+0000][85003.569s][info][gc,marking  ] GC(2984) Concurrent Cleanup for Next Mark
[2025-01-07T20:02:13.218+0000][85003.584s][info][gc,marking  ] GC(2984) Concurrent Cleanup for Next Mark 15.379ms
[2025-01-07T20:02:13.218+0000][85003.584s][info][gc          ] GC(2984) Concurrent Mark Cycle 1402.082ms
[2025-01-07T20:02:17.712+0000][85008.079s][info][gc,start    ] GC(2985) Pause Young (Prepare Mixed) (G1 Evacuation Pause)
[2025-01-07T20:02:17.713+0000][85008.079s][info][gc,task     ] GC(2985) Using 6 workers of 6 for evacuation
[2025-01-07T20:02:17.744+0000][85008.110s][info][gc,phases   ] GC(2985)   Pre Evacuate Collection Set: 0.2ms
[2025-01-07T20:02:17.744+0000][85008.110s][info][gc,phases   ] GC(2985)   Merge Heap Roots: 0.6ms
[2025-01-07T20:02:17.744+0000][85008.110s][info][gc,phases   ] GC(2985)   Evacuate Collection Set: 28.2ms
[2025-01-07T20:02:17.744+0000][85008.110s][info][gc,phases   ] GC(2985)   Post Evacuate Collection Set: 2.5ms
[2025-01-07T20:02:17.744+0000][85008.110s][info][gc,phases   ] GC(2985)   Other: 0.2ms
[2025-01-07T20:02:17.744+0000][85008.110s][info][gc,heap     ] GC(2985) Eden regions: 909->0(67)
[2025-01-07T20:02:17.744+0000][85008.110s][info][gc,heap     ] GC(2985) Survivor regions: 8->9(115)
[2025-01-07T20:02:17.744+0000][85008.110s][info][gc,heap     ] GC(2985) Old regions: 245->245
[2025-01-07T20:02:17.744+0000][85008.110s][info][gc,heap     ] GC(2985) Archive regions: 2->2
[2025-01-07T20:02:17.744+0000][85008.110s][info][gc,heap     ] GC(2985) Humongous regions: 49->49
[2025-01-07T20:02:17.744+0000][85008.110s][info][gc,metaspace] GC(2985) Metaspace: 498662K(506944K)->498662K(506944K) NonClass: 438096K(442368K)->438096K(442368K) Class: 60565K(64576K)->60565K(64576K)
[2025-01-07T20:02:17.744+0000][85008.110s][info][gc          ] GC(2985) Pause Young (Prepare Mixed) (G1 Evacuation Pause) 9685M->2419M(12288M) 31.839ms
[2025-01-07T20:02:17.744+0000][85008.110s][info][gc,cpu      ] GC(2985) User=0.19s Sys=0.00s Real=0.03s
[2025-01-07T20:02:18.108+0000][85008.474s][info][gc,start    ] GC(2986) Pause Young (Mixed) (G1 Evacuation Pause)
[2025-01-07T20:02:18.108+0000][85008.474s][info][gc,task     ] GC(2986) Using 6 workers of 6 for evacuation
[2025-01-07T20:02:18.149+0000][85008.515s][info][gc,phases   ] GC(2986)   Pre Evacuate Collection Set: 0.2ms
[2025-01-07T20:02:18.149+0000][85008.515s][info][gc,phases   ] GC(2986)   Merge Heap Roots: 0.4ms
[2025-01-07T20:02:18.149+0000][85008.515s][info][gc,phases   ] GC(2986)   Evacuate Collection Set: 38.4ms
[2025-01-07T20:02:18.149+0000][85008.515s][info][gc,phases   ] GC(2986)   Post Evacuate Collection Set: 1.5ms
[2025-01-07T20:02:18.149+0000][85008.515s][info][gc,phases   ] GC(2986)   Other: 0.2ms
[2025-01-07T20:02:18.149+0000][85008.515s][info][gc,heap     ] GC(2986) Eden regions: 67->0(915)
[2025-01-07T20:02:18.149+0000][85008.515s][info][gc,heap     ] GC(2986) Survivor regions: 9->6(10)
[2025-01-07T20:02:18.149+0000][85008.515s][info][gc,heap     ] GC(2986) Old regions: 245->242
[2025-01-07T20:02:18.149+0000][85008.515s][info][gc,heap     ] GC(2986) Archive regions: 2->2
[2025-01-07T20:02:18.149+0000][85008.515s][info][gc,heap     ] GC(2986) Humongous regions: 49->49
[2025-01-07T20:02:18.149+0000][85008.515s][info][gc,metaspace] GC(2986) Metaspace: 498662K(506944K)->498662K(506944K) NonClass: 438096K(442368K)->438096K(442368K) Class: 60565K(64576K)->60565K(64576K)
[2025-01-07T20:02:18.149+0000][85008.515s][info][gc          ] GC(2986) Pause Young (Mixed) (G1 Evacuation Pause) 2955M->2374M(12288M) 40.861ms
[2025-01-07T20:02:18.149+0000][85008.515s][info][gc,cpu      ] GC(2986) User=0.23s Sys=0.00s Real=0.04s
[2025-01-07T20:02:23.648+0000][85014.014s][info][gc,start    ] GC(2987) Pause Young (Normal) (G1 Evacuation Pause)
[2025-01-07T20:02:23.648+0000][85014.014s][info][gc,task     ] GC(2987) Using 6 workers of 6 for evacuation
[2025-01-07T20:02:23.675+0000][85014.041s][info][gc,phases   ] GC(2987)   Pre Evacuate Collection Set: 0.2ms
[2025-01-07T20:02:23.675+0000][85014.041s][info][gc,phases   ] GC(2987)   Merge Heap Roots: 0.4ms
[2025-01-07T20:02:23.675+0000][85014.041s][info][gc,phases   ] GC(2987)   Evacuate Collection Set: 23.7ms
[2025-01-07T20:02:23.675+0000][85014.041s][info][gc,phases   ] GC(2987)   Post Evacuate Collection Set: 2.5ms
[2025-01-07T20:02:23.675+0000][85014.041s][info][gc,phases   ] GC(2987)   Other: 0.2ms
[2025-01-07T20:02:23.675+0000][85014.041s][info][gc,heap     ] GC(2987) Eden regions: 915->0(914)
[2025-01-07T20:02:23.675+0000][85014.041s][info][gc,heap     ] GC(2987) Survivor regions: 6->7(116)
[2025-01-07T20:02:23.675+0000][85014.041s][info][gc,heap     ] GC(2987) Old regions: 242->242
[2025-01-07T20:02:23.675+0000][85014.041s][info][gc,heap     ] GC(2987) Archive regions: 2->2
[2025-01-07T20:02:23.675+0000][85014.041s][info][gc,heap     ] GC(2987) Humongous regions: 49->49
[2025-01-07T20:02:23.675+0000][85014.041s][info][gc,metaspace] GC(2987) Metaspace: 498662K(506944K)->498662K(506944K) NonClass: 438096K(442368K)->438096K(442368K) Class: 60565K(64576K)->60565K(64576K)
[2025-01-07T20:02:23.675+0000][85014.041s][info][gc          ] GC(2987) Pause Young (Normal) (G1 Evacuation Pause) 9694M->2383M(12288M) 27.087ms
[2025-01-07T20:02:23.675+0000][85014.041s][info][gc,cpu      ] GC(2987) User=0.16s Sys=0.00s Real=0.03s
[2025-01-07T20:02:30.569+0000][85020.935s][info][gc,start    ] GC(2988) Pause Young (Normal) (G1 Evacuation Pause)
[2025-01-07T20:02:30.569+0000][85020.935s][info][gc,task     ] GC(2988) Using 6 workers of 6 for evacuation
[2025-01-07T20:02:30.598+0000][85020.964s][info][gc,phases   ] GC(2988)   Pre Evacuate Collection Set: 0.2ms
[2025-01-07T20:02:30.598+0000][85020.964s][info][gc,phases   ] GC(2988)   Merge Heap Roots: 0.5ms
[2025-01-07T20:02:30.598+0000][85020.964s][info][gc,phases   ] GC(2988)   Evacuate Collection Set: 25.7ms
[2025-01-07T20:02:30.598+0000][85020.964s][info][gc,phases   ] GC(2988)   Post Evacuate Collection Set: 2.4ms
[2025-01-07T20:02:30.598+0000][85020.964s][info][gc,phases   ] GC(2988)   Other: 0.2ms
[2025-01-07T20:02:30.598+0000][85020.964s][info][gc,heap     ] GC(2988) Eden regions: 914->0(914)
[2025-01-07T20:02:30.598+0000][85020.964s][info][gc,heap     ] GC(2988) Survivor regions: 7->7(116)
[2025-01-07T20:02:30.598+0000][85020.964s][info][gc,heap     ] GC(2988) Old regions: 242->242
[2025-01-07T20:02:30.598+0000][85020.964s][info][gc,heap     ] GC(2988) Archive regions: 2->2
[2025-01-07T20:02:30.598+0000][85020.964s][info][gc,heap     ] GC(2988) Humongous regions: 49->49
[2025-01-07T20:02:30.598+0000][85020.964s][info][gc,metaspace] GC(2988) Metaspace: 498662K(506944K)->498662K(506944K) NonClass: 438096K(442368K)->438096K(442368K) Class: 60565K(64576K)->60565K(64576K)
[2025-01-07T20:02:30.598+0000][85020.964s][info][gc          ] GC(2988) Pause Young (Normal) (G1 Evacuation Pause) 9695M->2388M(12288M) 29.113ms
[2025-01-07T20:02:30.598+0000][85020.964s][info][gc,cpu      ] GC(2988) User=0.17s Sys=0.00s Real=0.03s
[2025-01-07T20:02:38.044+0000][85028.410s][info][gc,start    ] GC(2989) Pause Young (Concurrent Start) (G1 Evacuation Pause)
[2025-01-07T20:02:38.044+0000][85028.410s][info][gc,task     ] GC(2989) Using 6 workers of 6 for evacuation
[2025-01-07T20:02:38.077+0000][85028.443s][info][gc,phases   ] GC(2989)   Pre Evacuate Collection Set: 1.0ms
[2025-01-07T20:02:38.077+0000][85028.443s][info][gc,phases   ] GC(2989)   Merge Heap Roots: 0.5ms
[2025-01-07T20:02:38.077+0000][85028.443s][info][gc,phases   ] GC(2989)   Evacuate Collection Set: 28.6ms
[2025-01-07T20:02:38.077+0000][85028.443s][info][gc,phases   ] GC(2989)   Post Evacuate Collection Set: 2.5ms
[2025-01-07T20:02:38.077+0000][85028.443s][info][gc,phases   ] GC(2989)   Other: 0.3ms
[2025-01-07T20:02:38.077+0000][85028.443s][info][gc,heap     ] GC(2989) Eden regions: 914->0(912)
[2025-01-07T20:02:38.077+0000][85028.443s][info][gc,heap     ] GC(2989) Survivor regions: 7->9(116)
[2025-01-07T20:02:38.077+0000][85028.443s][info][gc,heap     ] GC(2989) Old regions: 242->242
[2025-01-07T20:02:38.077+0000][85028.443s][info][gc,heap     ] GC(2989) Archive regions: 2->2
[2025-01-07T20:02:38.077+0000][85028.443s][info][gc,heap     ] GC(2989) Humongous regions: 49->49
[2025-01-07T20:02:38.077+0000][85028.443s][info][gc,metaspace] GC(2989) Metaspace: 498662K(506944K)->498662K(506944K) NonClass: 438096K(442368K)->438096K(442368K) Class: 60565K(64576K)->60565K(64576K)
[2025-01-07T20:02:38.077+0000][85028.443s][info][gc          ] GC(2989) Pause Young (Concurrent Start) (G1 Evacuation Pause) 9700M->2400M(12288M) 32.992ms
[2025-01-07T20:02:38.077+0000][85028.443s][info][gc,cpu      ] GC(2989) User=0.19s Sys=0.00s Real=0.03s
[2025-01-07T20:02:38.077+0000][85028.443s][info][gc          ] GC(2990) Concurrent Mark Cycle
[2025-01-07T20:02:38.077+0000][85028.443s][info][gc,marking  ] GC(2990) Concurrent Clear Claimed Marks
[2025-01-07T20:02:38.078+0000][85028.444s][info][gc,marking  ] GC(2990) Concurrent Clear Claimed Marks 0.810ms
[2025-01-07T20:02:38.078+0000][85028.444s][info][gc,marking  ] GC(2990) Concurrent Scan Root Regions
[2025-01-07T20:02:38.098+0000][85028.465s][info][gc,marking  ] GC(2990) Concurrent Scan Root Regions 20.563ms
[2025-01-07T20:02:38.098+0000][85028.465s][info][gc,marking  ] GC(2990) Concurrent Mark
[2025-01-07T20:02:38.098+0000][85028.465s][info][gc,marking  ] GC(2990) Concurrent Mark From Roots
[2025-01-07T20:02:38.098+0000][85028.465s][info][gc,task     ] GC(2990) Using 2 workers of 2 for marking
[2025-01-07T20:02:38.970+0000][85029.336s][info][gc,marking  ] GC(2990) Concurrent Mark From Roots 871.922ms
[2025-01-07T20:02:38.970+0000][85029.337s][info][gc,marking  ] GC(2990) Concurrent Preclean
[2025-01-07T20:02:38.973+0000][85029.339s][info][gc,marking  ] GC(2990) Concurrent Preclean 2.273ms
[2025-01-07T20:02:38.973+0000][85029.339s][info][gc,start    ] GC(2990) Pause Remark
[2025-01-07T20:02:38.999+0000][85029.365s][info][gc          ] GC(2990) Pause Remark 3396M->3396M(12288M) 25.785ms
[2025-01-07T20:02:38.999+0000][85029.365s][info][gc,cpu      ] GC(2990) User=0.15s Sys=0.00s Real=0.02s
[2025-01-07T20:02:38.999+0000][85029.365s][info][gc,marking  ] GC(2990) Concurrent Mark 900.353ms
[2025-01-07T20:02:38.999+0000][85029.365s][info][gc,marking  ] GC(2990) Concurrent Rebuild Remembered Sets
[2025-01-07T20:02:39.469+0000][85029.835s][info][gc,marking  ] GC(2990) Concurrent Rebuild Remembered Sets 470.514ms
[2025-01-07T20:02:39.469+0000][85029.836s][info][gc,start    ] GC(2990) Pause Cleanup
[2025-01-07T20:02:39.470+0000][85029.836s][info][gc          ] GC(2990) Pause Cleanup 3760M->3760M(12288M) 0.433ms
[2025-01-07T20:02:39.470+0000][85029.836s][info][gc,cpu      ] GC(2990) User=0.00s Sys=0.00s Real=0.00s
[2025-01-07T20:02:39.470+0000][85029.836s][info][gc,marking  ] GC(2990) Concurrent Cleanup for Next Mark
[2025-01-07T20:02:39.486+0000][85029.852s][info][gc,marking  ] GC(2990) Concurrent Cleanup for Next Mark 15.515ms
[2025-01-07T20:02:39.486+0000][85029.852s][info][gc          ] GC(2990) Concurrent Mark Cycle 1408.609ms
[2025-01-07T20:02:45.641+0000][85036.007s][info][gc,start    ] GC(2991) Pause Young (Prepare Mixed) (G1 Evacuation Pause)
[2025-01-07T20:02:45.641+0000][85036.007s][info][gc,task     ] GC(2991) Using 6 workers of 6 for evacuation
[2025-01-07T20:02:45.679+0000][85036.045s][info][gc,phases   ] GC(2991)   Pre Evacuate Collection Set: 0.2ms
[2025-01-07T20:02:45.679+0000][85036.045s][info][gc,phases   ] GC(2991)   Merge Heap Roots: 0.7ms
[2025-01-07T20:02:45.679+0000][85036.045s][info][gc,phases   ] GC(2991)   Evacuate Collection Set: 31.6ms
[2025-01-07T20:02:45.679+0000][85036.045s][info][gc,phases   ] GC(2991)   Post Evacuate Collection Set: 5.4ms
[2025-01-07T20:02:45.679+0000][85036.045s][info][gc,phases   ] GC(2991)   Other: 0.2ms
[2025-01-07T20:02:45.679+0000][85036.045s][info][gc,heap     ] GC(2991) Eden regions: 912->0(65)
[2025-01-07T20:02:45.679+0000][85036.045s][info][gc,heap     ] GC(2991) Survivor regions: 9->11(116)
[2025-01-07T20:02:45.679+0000][85036.045s][info][gc,heap     ] GC(2991) Old regions: 242->242
[2025-01-07T20:02:45.679+0000][85036.045s][info][gc,heap     ] GC(2991) Archive regions: 2->2
[2025-01-07T20:02:45.679+0000][85036.045s][info][gc,heap     ] GC(2991) Humongous regions: 49->49
[2025-01-07T20:02:45.679+0000][85036.045s][info][gc,metaspace] GC(2991) Metaspace: 498662K(506944K)->498662K(506944K) NonClass: 438096K(442368K)->438096K(442368K) Class: 60565K(64576K)->60565K(64576K)
[2025-01-07T20:02:45.679+0000][85036.045s][info][gc          ] GC(2991) Pause Young (Prepare Mixed) (G1 Evacuation Pause) 9696M->2418M(12288M) 38.158ms
[2025-01-07T20:02:45.679+0000][85036.045s][info][gc,cpu      ] GC(2991) User=0.22s Sys=0.01s Real=0.04s
[2025-01-07T20:02:46.029+0000][85036.395s][info][gc,start    ] GC(2992) Pause Young (Mixed) (G1 Evacuation Pause)
[2025-01-07T20:02:46.029+0000][85036.395s][info][gc,task     ] GC(2992) Using 6 workers of 6 for evacuation
[2025-01-07T20:02:46.091+0000][85036.457s][info][gc,phases   ] GC(2992)   Pre Evacuate Collection Set: 0.2ms
[2025-01-07T20:02:46.091+0000][85036.457s][info][gc,phases   ] GC(2992)   Merge Heap Roots: 0.7ms
[2025-01-07T20:02:46.091+0000][85036.457s][info][gc,phases   ] GC(2992)   Evacuate Collection Set: 58.5ms
[2025-01-07T20:02:46.091+0000][85036.457s][info][gc,phases   ] GC(2992)   Post Evacuate Collection Set: 1.9ms
[2025-01-07T20:02:46.091+0000][85036.457s][info][gc,phases   ] GC(2992)   Other: 0.2ms
[2025-01-07T20:02:46.091+0000][85036.457s][info][gc,heap     ] GC(2992) Eden regions: 65->0(917)
[2025-01-07T20:02:46.091+0000][85036.457s][info][gc,heap     ] GC(2992) Survivor regions: 11->4(10)
[2025-01-07T20:02:46.091+0000][85036.457s][info][gc,heap     ] GC(2992) Old regions: 242->243
[2025-01-07T20:02:46.091+0000][85036.457s][info][gc,heap     ] GC(2992) Archive regions: 2->2
[2025-01-07T20:02:46.091+0000][85036.457s][info][gc,heap     ] GC(2992) Humongous regions: 49->49
[2025-01-07T20:02:46.091+0000][85036.457s][info][gc,metaspace] GC(2992) Metaspace: 498662K(506944K)->498662K(506944K) NonClass: 438096K(442368K)->438096K(442368K) Class: 60565K(64576K)->60565K(64576K)
[2025-01-07T20:02:46.091+0000][85036.457s][info][gc          ] GC(2992) Pause Young (Mixed) (G1 Evacuation Pause) 2938M->2368M(12288M) 61.448ms
[2025-01-07T20:02:46.091+0000][85036.457s][info][gc,cpu      ] GC(2992) User=0.35s Sys=0.00s Real=0.07s
[2025-01-07T20:02:52.621+0000][85042.987s][info][gc,start    ] GC(2993) Pause Young (Normal) (G1 Evacuation Pause)
[2025-01-07T20:02:52.621+0000][85042.987s][info][gc,task     ] GC(2993) Using 6 workers of 6 for evacuation
[2025-01-07T20:02:52.640+0000][85043.007s][info][gc,phases   ] GC(2993)   Pre Evacuate Collection Set: 0.2ms
[2025-01-07T20:02:52.640+0000][85043.007s][info][gc,phases   ] GC(2993)   Merge Heap Roots: 0.4ms
[2025-01-07T20:02:52.640+0000][85043.007s][info][gc,phases   ] GC(2993)   Evacuate Collection Set: 16.0ms
[2025-01-07T20:02:52.640+0000][85043.007s][info][gc,phases   ] GC(2993)   Post Evacuate Collection Set: 2.5ms
[2025-01-07T20:02:52.640+0000][85043.007s][info][gc,phases   ] GC(2993)   Other: 0.2ms
[2025-01-07T20:02:52.640+0000][85043.007s][info][gc,heap     ] GC(2993) Eden regions: 917->0(916)
[2025-01-07T20:02:52.640+0000][85043.007s][info][gc,heap     ] GC(2993) Survivor regions: 4->5(116)
[2025-01-07T20:02:52.640+0000][85043.007s][info][gc,heap     ] GC(2993) Old regions: 243->243
[2025-01-07T20:02:52.640+0000][85043.007s][info][gc,heap     ] GC(2993) Archive regions: 2->2
[2025-01-07T20:02:52.640+0000][85043.007s][info][gc,heap     ] GC(2993) Humongous regions: 49->49
[2025-01-07T20:02:52.640+0000][85043.007s][info][gc,metaspace] GC(2993) Metaspace: 498662K(506944K)->498662K(506944K) NonClass: 438096K(442368K)->438096K(442368K) Class: 60565K(64576K)->60565K(64576K)
[2025-01-07T20:02:52.641+0000][85043.007s][info][gc          ] GC(2993) Pause Young (Normal) (G1 Evacuation Pause) 9704M->2376M(12288M) 19.370ms
[2025-01-07T20:02:52.641+0000][85043.007s][info][gc,cpu      ] GC(2993) User=0.11s Sys=0.00s Real=0.02s
[2025-01-07T20:03:01.866+0000][85052.233s][info][gc,start    ] GC(2994) Pause Young (Normal) (G1 Evacuation Pause)
[2025-01-07T20:03:01.866+0000][85052.233s][info][gc,task     ] GC(2994) Using 6 workers of 6 for evacuation
[2025-01-07T20:03:01.894+0000][85052.260s][info][gc,phases   ] GC(2994)   Pre Evacuate Collection Set: 0.2ms
[2025-01-07T20:03:01.894+0000][85052.260s][info][gc,phases   ] GC(2994)   Merge Heap Roots: 0.4ms
[2025-01-07T20:03:01.894+0000][85052.260s][info][gc,phases   ] GC(2994)   Evacuate Collection Set: 22.2ms
[2025-01-07T20:03:01.894+0000][85052.260s][info][gc,phases   ] GC(2994)   Post Evacuate Collection Set: 4.4ms
[2025-01-07T20:03:01.894+0000][85052.260s][info][gc,phases   ] GC(2994)   Other: 0.2ms
[2025-01-07T20:03:01.894+0000][85052.260s][info][gc,heap     ] GC(2994) Eden regions: 916->0(913)
[2025-01-07T20:03:01.894+0000][85052.260s][info][gc,heap     ] GC(2994) Survivor regions: 5->7(116)
[2025-01-07T20:03:01.894+0000][85052.260s][info][gc,heap     ] GC(2994) Old regions: 243->243
[2025-01-07T20:03:01.894+0000][85052.260s][info][gc,heap     ] GC(2994) Archive regions: 2->2
[2025-01-07T20:03:01.894+0000][85052.260s][info][gc,heap     ] GC(2994) Humongous regions: 49->49
[2025-01-07T20:03:01.894+0000][85052.260s][info][gc,metaspace] GC(2994) Metaspace: 498662K(506944K)->498662K(506944K) NonClass: 438096K(442368K)->438096K(442368K) Class: 60565K(64576K)->60565K(64576K)
[2025-01-07T20:03:01.894+0000][85052.260s][info][gc          ] GC(2994) Pause Young (Normal) (G1 Evacuation Pause) 9704M->2392M(12288M) 27.498ms
[2025-01-07T20:03:01.894+0000][85052.260s][info][gc,cpu      ] GC(2994) User=0.16s Sys=0.00s Real=0.03s
[2025-01-07T20:03:11.153+0000][85061.520s][info][gc,start    ] GC(2995) Pause Young (Concurrent Start) (G1 Evacuation Pause)
[2025-01-07T20:03:11.153+0000][85061.520s][info][gc,task     ] GC(2995) Using 6 workers of 6 for evacuation
[2025-01-07T20:03:11.181+0000][85061.547s][info][gc,phases   ] GC(2995)   Pre Evacuate Collection Set: 1.0ms
[2025-01-07T20:03:11.181+0000][85061.547s][info][gc,phases   ] GC(2995)   Merge Heap Roots: 0.4ms
[2025-01-07T20:03:11.181+0000][85061.547s][info][gc,phases   ] GC(2995)   Evacuate Collection Set: 22.9ms
[2025-01-07T20:03:11.181+0000][85061.547s][info][gc,phases   ] GC(2995)   Post Evacuate Collection Set: 2.6ms
[2025-01-07T20:03:11.181+0000][85061.547s][info][gc,phases   ] GC(2995)   Other: 0.3ms
[2025-01-07T20:03:11.181+0000][85061.547s][info][gc,heap     ] GC(2995) Eden regions: 913->0(913)
[2025-01-07T20:03:11.181+0000][85061.547s][info][gc,heap     ] GC(2995) Survivor regions: 7->7(115)
[2025-01-07T20:03:11.181+0000][85061.547s][info][gc,heap     ] GC(2995) Old regions: 243->243
[2025-01-07T20:03:11.181+0000][85061.547s][info][gc,heap     ] GC(2995) Archive regions: 2->2
[2025-01-07T20:03:11.181+0000][85061.547s][info][gc,heap     ] GC(2995) Humongous regions: 49->49
[2025-01-07T20:03:11.181+0000][85061.547s][info][gc,metaspace] GC(2995) Metaspace: 498662K(506944K)->498662K(506944K) NonClass: 438096K(442368K)->438096K(442368K) Class: 60565K(64576K)->60565K(64576K)
[2025-01-07T20:03:11.181+0000][85061.547s][info][gc          ] GC(2995) Pause Young (Concurrent Start) (G1 Evacuation Pause) 9696M->2395M(12288M) 27.395ms
[2025-01-07T20:03:11.181+0000][85061.547s][info][gc,cpu      ] GC(2995) User=0.15s Sys=0.00s Real=0.02s
[2025-01-07T20:03:11.181+0000][85061.547s][info][gc          ] GC(2996) Concurrent Mark Cycle
[2025-01-07T20:03:11.181+0000][85061.547s][info][gc,marking  ] GC(2996) Concurrent Clear Claimed Marks
[2025-01-07T20:03:11.182+0000][85061.548s][info][gc,marking  ] GC(2996) Concurrent Clear Claimed Marks 0.850ms
[2025-01-07T20:03:11.182+0000][85061.548s][info][gc,marking  ] GC(2996) Concurrent Scan Root Regions
[2025-01-07T20:03:11.201+0000][85061.567s][info][gc,marking  ] GC(2996) Concurrent Scan Root Regions 19.326ms
[2025-01-07T20:03:11.201+0000][85061.567s][info][gc,marking  ] GC(2996) Concurrent Mark
[2025-01-07T20:03:11.201+0000][85061.567s][info][gc,marking  ] GC(2996) Concurrent Mark From Roots
[2025-01-07T20:03:11.201+0000][85061.567s][info][gc,task     ] GC(2996) Using 2 workers of 2 for marking
[2025-01-07T20:03:12.138+0000][85062.504s][info][gc,marking  ] GC(2996) Concurrent Mark From Roots 936.394ms
[2025-01-07T20:03:12.138+0000][85062.504s][info][gc,marking  ] GC(2996) Concurrent Preclean
[2025-01-07T20:03:12.139+0000][85062.506s][info][gc,marking  ] GC(2996) Concurrent Preclean 1.830ms
[2025-01-07T20:03:12.140+0000][85062.506s][info][gc,start    ] GC(2996) Pause Remark
[2025-01-07T20:03:12.165+0000][85062.531s][info][gc          ] GC(2996) Pause Remark 3455M->3455M(12288M) 25.747ms
[2025-01-07T20:03:12.165+0000][85062.531s][info][gc,cpu      ] GC(2996) User=0.15s Sys=0.00s Real=0.03s
[2025-01-07T20:03:12.165+0000][85062.532s][info][gc,marking  ] GC(2996) Concurrent Mark 964.344ms
[2025-01-07T20:03:12.165+0000][85062.532s][info][gc,marking  ] GC(2996) Concurrent Rebuild Remembered Sets
[2025-01-07T20:03:12.665+0000][85063.032s][info][gc,marking  ] GC(2996) Concurrent Rebuild Remembered Sets 499.977ms
[2025-01-07T20:03:12.666+0000][85063.032s][info][gc,start    ] GC(2996) Pause Cleanup
[2025-01-07T20:03:12.666+0000][85063.032s][info][gc          ] GC(2996) Pause Cleanup 3843M->3843M(12288M) 0.428ms
[2025-01-07T20:03:12.666+0000][85063.032s][info][gc,cpu      ] GC(2996) User=0.00s Sys=0.00s Real=0.00s
[2025-01-07T20:03:12.666+0000][85063.032s][info][gc,marking  ] GC(2996) Concurrent Cleanup for Next Mark
[2025-01-07T20:03:12.694+0000][85063.060s][info][gc,marking  ] GC(2996) Concurrent Cleanup for Next Mark 27.942ms
[2025-01-07T20:03:12.694+0000][85063.060s][info][gc          ] GC(2996) Concurrent Mark Cycle 1513.274ms
[2025-01-07T20:03:20.192+0000][85070.558s][info][gc,start    ] GC(2997) Pause Young (Prepare Mixed) (G1 Evacuation Pause)
[2025-01-07T20:03:20.192+0000][85070.558s][info][gc,task     ] GC(2997) Using 6 workers of 6 for evacuation
[2025-01-07T20:03:20.223+0000][85070.589s][info][gc,phases   ] GC(2997)   Pre Evacuate Collection Set: 0.2ms
[2025-01-07T20:03:20.223+0000][85070.589s][info][gc,phases   ] GC(2997)   Merge Heap Roots: 0.7ms
[2025-01-07T20:03:20.223+0000][85070.589s][info][gc,phases   ] GC(2997)   Evacuate Collection Set: 27.7ms
[2025-01-07T20:03:20.223+0000][85070.589s][info][gc,phases   ] GC(2997)   Post Evacuate Collection Set: 2.6ms
[2025-01-07T20:03:20.223+0000][85070.589s][info][gc,phases   ] GC(2997)   Other: 0.2ms
[2025-01-07T20:03:20.223+0000][85070.589s][info][gc,heap     ] GC(2997) Eden regions: 913->0(67)
[2025-01-07T20:03:20.223+0000][85070.589s][info][gc,heap     ] GC(2997) Survivor regions: 7->9(115)
[2025-01-07T20:03:20.223+0000][85070.589s][info][gc,heap     ] GC(2997) Old regions: 243->243
[2025-01-07T20:03:20.223+0000][85070.589s][info][gc,heap     ] GC(2997) Archive regions: 2->2
[2025-01-07T20:03:20.223+0000][85070.589s][info][gc,heap     ] GC(2997) Humongous regions: 49->49
[2025-01-07T20:03:20.223+0000][85070.589s][info][gc,metaspace] GC(2997) Metaspace: 498662K(506944K)->498662K(506944K) NonClass: 438096K(442368K)->438096K(442368K) Class: 60565K(64576K)->60565K(64576K)
[2025-01-07T20:03:20.223+0000][85070.589s][info][gc          ] GC(2997) Pause Young (Prepare Mixed) (G1 Evacuation Pause) 9699M->2409M(12288M) 31.510ms
[2025-01-07T20:03:20.223+0000][85070.589s][info][gc,cpu      ] GC(2997) User=0.18s Sys=0.00s Real=0.03s
[2025-01-07T20:03:20.632+0000][85070.998s][info][gc,start    ] GC(2998) Pause Young (Mixed) (GCLocker Initiated GC)
[2025-01-07T20:03:20.632+0000][85070.998s][info][gc,task     ] GC(2998) Using 6 workers of 6 for evacuation
[2025-01-07T20:03:20.688+0000][85071.054s][info][gc,phases   ] GC(2998)   Pre Evacuate Collection Set: 0.2ms
[2025-01-07T20:03:20.688+0000][85071.054s][info][gc,phases   ] GC(2998)   Merge Heap Roots: 0.6ms
[2025-01-07T20:03:20.688+0000][85071.054s][info][gc,phases   ] GC(2998)   Evacuate Collection Set: 53.5ms
[2025-01-07T20:03:20.688+0000][85071.054s][info][gc,phases   ] GC(2998)   Post Evacuate Collection Set: 1.7ms
[2025-01-07T20:03:20.688+0000][85071.054s][info][gc,phases   ] GC(2998)   Other: 0.2ms
[2025-01-07T20:03:20.688+0000][85071.054s][info][gc,heap     ] GC(2998) Eden regions: 68->0(916)
[2025-01-07T20:03:20.688+0000][85071.054s][info][gc,heap     ] GC(2998) Survivor regions: 9->5(10)
[2025-01-07T20:03:20.688+0000][85071.054s][info][gc,heap     ] GC(2998) Old regions: 243->242
[2025-01-07T20:03:20.688+0000][85071.054s][info][gc,heap     ] GC(2998) Archive regions: 2->2
[2025-01-07T20:03:20.688+0000][85071.054s][info][gc,heap     ] GC(2998) Humongous regions: 49->49
[2025-01-07T20:03:20.688+0000][85071.054s][info][gc,metaspace] GC(2998) Metaspace: 498662K(506944K)->498662K(506944K) NonClass: 438096K(442368K)->438096K(442368K) Class: 60565K(64576K)->60565K(64576K)
[2025-01-07T20:03:20.688+0000][85071.054s][info][gc          ] GC(2998) Pause Young (Mixed) (GCLocker Initiated GC) 2945M->2370M(12288M) 56.252ms
[2025-01-07T20:03:20.688+0000][85071.055s][info][gc,cpu      ] GC(2998) User=0.32s Sys=0.00s Real=0.05s
[2025-01-07T20:03:26.860+0000][85077.226s][info][gc,start    ] GC(2999) Pause Young (Normal) (G1 Evacuation Pause)
[2025-01-07T20:03:26.860+0000][85077.226s][info][gc,task     ] GC(2999) Using 6 workers of 6 for evacuation
[2025-01-07T20:03:26.884+0000][85077.250s][info][gc,phases   ] GC(2999)   Pre Evacuate Collection Set: 0.2ms
[2025-01-07T20:03:26.884+0000][85077.251s][info][gc,phases   ] GC(2999)   Merge Heap Roots: 0.4ms
[2025-01-07T20:03:26.884+0000][85077.251s][info][gc,phases   ] GC(2999)   Evacuate Collection Set: 21.2ms
[2025-01-07T20:03:26.884+0000][85077.251s][info][gc,phases   ] GC(2999)   Post Evacuate Collection Set: 2.5ms
[2025-01-07T20:03:26.884+0000][85077.251s][info][gc,phases   ] GC(2999)   Other: 0.2ms
[2025-01-07T20:03:26.884+0000][85077.251s][info][gc,heap     ] GC(2999) Eden regions: 916->0(914)
[2025-01-07T20:03:26.884+0000][85077.251s][info][gc,heap     ] GC(2999) Survivor regions: 5->7(116)
[2025-01-07T20:03:26.884+0000][85077.251s][info][gc,heap     ] GC(2999) Old regions: 242->242
[2025-01-07T20:03:26.884+0000][85077.251s][info][gc,heap     ] GC(2999) Archive regions: 2->2
[2025-01-07T20:03:26.884+0000][85077.251s][info][gc,heap     ] GC(2999) Humongous regions: 49->49
[2025-01-07T20:03:26.884+0000][85077.251s][info][gc,metaspace] GC(2999) Metaspace: 498662K(506944K)->498662K(506944K) NonClass: 438096K(442368K)->438096K(442368K) Class: 60565K(64576K)->60565K(64576K)
[2025-01-07T20:03:26.884+0000][85077.251s][info][gc          ] GC(2999) Pause Young (Normal) (G1 Evacuation Pause) 9698M->2379M(12288M) 24.500ms
[2025-01-07T20:03:26.885+0000][85077.251s][info][gc,cpu      ] GC(2999) User=0.15s Sys=0.00s Real=0.03s
[2025-01-07T20:03:32.318+0000][85082.685s][info][gc,start    ] GC(3000) Pause Young (Normal) (G1 Evacuation Pause)
[2025-01-07T20:03:32.319+0000][85082.685s][info][gc,task     ] GC(3000) Using 6 workers of 6 for evacuation
[2025-01-07T20:03:32.343+0000][85082.709s][info][gc,phases   ] GC(3000)   Pre Evacuate Collection Set: 0.2ms
[2025-01-07T20:03:32.343+0000][85082.709s][info][gc,phases   ] GC(3000)   Merge Heap Roots: 0.4ms
[2025-01-07T20:03:32.343+0000][85082.709s][info][gc,phases   ] GC(3000)   Evacuate Collection Set: 21.3ms
[2025-01-07T20:03:32.343+0000][85082.709s][info][gc,phases   ] GC(3000)   Post Evacuate Collection Set: 2.3ms
[2025-01-07T20:03:32.343+0000][85082.709s][info][gc,phases   ] GC(3000)   Other: 0.2ms
[2025-01-07T20:03:32.343+0000][85082.709s][info][gc,heap     ] GC(3000) Eden regions: 914->0(913)
[2025-01-07T20:03:32.343+0000][85082.709s][info][gc,heap     ] GC(3000) Survivor regions: 7->8(116)
[2025-01-07T20:03:32.343+0000][85082.709s][info][gc,heap     ] GC(3000) Old regions: 242->242
[2025-01-07T20:03:32.343+0000][85082.709s][info][gc,heap     ] GC(3000) Archive regions: 2->2
[2025-01-07T20:03:32.343+0000][85082.709s][info][gc,heap     ] GC(3000) Humongous regions: 49->49
[2025-01-07T20:03:32.343+0000][85082.709s][info][gc,metaspace] GC(3000) Metaspace: 498662K(506944K)->498662K(506944K) NonClass: 438096K(442368K)->438096K(442368K) Class: 60565K(64576K)->60565K(64576K)
[2025-01-07T20:03:32.343+0000][85082.709s][info][gc          ] GC(3000) Pause Young (Normal) (G1 Evacuation Pause) 9691M->2386M(12288M) 24.581ms
[2025-01-07T20:03:32.343+0000][85082.709s][info][gc,cpu      ] GC(3000) User=0.14s Sys=0.00s Real=0.03s
[2025-01-07T20:03:36.580+0000][85086.946s][info][gc,start    ] GC(3001) Pause Young (Concurrent Start) (G1 Evacuation Pause)
[2025-01-07T20:03:36.580+0000][85086.946s][info][gc,task     ] GC(3001) Using 6 workers of 6 for evacuation
[2025-01-07T20:03:36.609+0000][85086.975s][info][gc,phases   ] GC(3001)   Pre Evacuate Collection Set: 1.0ms
[2025-01-07T20:03:36.609+0000][85086.975s][info][gc,phases   ] GC(3001)   Merge Heap Roots: 0.5ms
[2025-01-07T20:03:36.609+0000][85086.975s][info][gc,phases   ] GC(3001)   Evacuate Collection Set: 23.1ms
[2025-01-07T20:03:36.609+0000][85086.975s][info][gc,phases   ] GC(3001)   Post Evacuate Collection Set: 3.8ms
[2025-01-07T20:03:36.609+0000][85086.975s][info][gc,phases   ] GC(3001)   Other: 0.3ms
[2025-01-07T20:03:36.609+0000][85086.975s][info][gc,heap     ] GC(3001) Eden regions: 913->0(912)
[2025-01-07T20:03:36.609+0000][85086.975s][info][gc,heap     ] GC(3001) Survivor regions: 8->9(116)
[2025-01-07T20:03:36.609+0000][85086.975s][info][gc,heap     ] GC(3001) Old regions: 242->242
[2025-01-07T20:03:36.609+0000][85086.975s][info][gc,heap     ] GC(3001) Archive regions: 2->2
[2025-01-07T20:03:36.609+0000][85086.975s][info][gc,heap     ] GC(3001) Humongous regions: 49->49
[2025-01-07T20:03:36.609+0000][85086.975s][info][gc,metaspace] GC(3001) Metaspace: 498662K(506944K)->498662K(506944K) NonClass: 438096K(442368K)->438096K(442368K) Class: 60565K(64576K)->60565K(64576K)
[2025-01-07T20:03:36.609+0000][85086.975s][info][gc          ] GC(3001) Pause Young (Concurrent Start) (G1 Evacuation Pause) 9690M->2397M(12288M) 28.739ms
[2025-01-07T20:03:36.609+0000][85086.975s][info][gc,cpu      ] GC(3001) User=0.16s Sys=0.00s Real=0.03s
[2025-01-07T20:03:36.609+0000][85086.975s][info][gc          ] GC(3002) Concurrent Mark Cycle
[2025-01-07T20:03:36.609+0000][85086.975s][info][gc,marking  ] GC(3002) Concurrent Clear Claimed Marks
[2025-01-07T20:03:36.610+0000][85086.976s][info][gc,marking  ] GC(3002) Concurrent Clear Claimed Marks 0.847ms
[2025-01-07T20:03:36.610+0000][85086.976s][info][gc,marking  ] GC(3002) Concurrent Scan Root Regions
[2025-01-07T20:03:36.632+0000][85086.998s][info][gc,marking  ] GC(3002) Concurrent Scan Root Regions 22.714ms
[2025-01-07T20:03:36.632+0000][85086.998s][info][gc,marking  ] GC(3002) Concurrent Mark
[2025-01-07T20:03:36.632+0000][85086.998s][info][gc,marking  ] GC(3002) Concurrent Mark From Roots
[2025-01-07T20:03:36.632+0000][85086.998s][info][gc,task     ] GC(3002) Using 2 workers of 2 for marking
[2025-01-07T20:03:37.688+0000][85088.054s][info][gc,marking  ] GC(3002) Concurrent Mark From Roots 1055.226ms
[2025-01-07T20:03:37.688+0000][85088.054s][info][gc,marking  ] GC(3002) Concurrent Preclean
[2025-01-07T20:03:37.690+0000][85088.056s][info][gc,marking  ] GC(3002) Concurrent Preclean 2.308ms
[2025-01-07T20:03:37.690+0000][85088.056s][info][gc,start    ] GC(3002) Pause Remark
[2025-01-07T20:03:37.715+0000][85088.082s][info][gc          ] GC(3002) Pause Remark 4129M->4129M(12288M) 25.388ms
[2025-01-07T20:03:37.716+0000][85088.082s][info][gc,cpu      ] GC(3002) User=0.15s Sys=0.00s Real=0.02s
[2025-01-07T20:03:37.716+0000][85088.082s][info][gc,marking  ] GC(3002) Concurrent Mark 1083.290ms
[2025-01-07T20:03:37.716+0000][85088.082s][info][gc,marking  ] GC(3002) Concurrent Rebuild Remembered Sets
[2025-01-07T20:03:38.303+0000][85088.669s][info][gc,marking  ] GC(3002) Concurrent Rebuild Remembered Sets 587.080ms
[2025-01-07T20:03:38.303+0000][85088.669s][info][gc,start    ] GC(3002) Pause Cleanup
[2025-01-07T20:03:38.303+0000][85088.669s][info][gc          ] GC(3002) Pause Cleanup 5000M->5000M(12288M) 0.413ms
[2025-01-07T20:03:38.303+0000][85088.669s][info][gc,cpu      ] GC(3002) User=0.00s Sys=0.00s Real=0.00s
[2025-01-07T20:03:38.303+0000][85088.670s][info][gc,marking  ] GC(3002) Concurrent Cleanup for Next Mark
[2025-01-07T20:03:38.320+0000][85088.686s][info][gc,marking  ] GC(3002) Concurrent Cleanup for Next Mark 16.672ms
[2025-01-07T20:03:38.320+0000][85088.686s][info][gc          ] GC(3002) Concurrent Mark Cycle 1711.450ms
[2025-01-07T20:03:41.256+0000][85091.622s][info][gc,start    ] GC(3003) Pause Young (Prepare Mixed) (G1 Evacuation Pause)
[2025-01-07T20:03:41.256+0000][85091.622s][info][gc,task     ] GC(3003) Using 6 workers of 6 for evacuation
[2025-01-07T20:03:41.285+0000][85091.651s][info][gc,phases   ] GC(3003)   Pre Evacuate Collection Set: 0.2ms
[2025-01-07T20:03:41.285+0000][85091.651s][info][gc,phases   ] GC(3003)   Merge Heap Roots: 0.6ms
[2025-01-07T20:03:41.285+0000][85091.651s][info][gc,phases   ] GC(3003)   Evacuate Collection Set: 24.4ms
[2025-01-07T20:03:41.285+0000][85091.651s][info][gc,phases   ] GC(3003)   Post Evacuate Collection Set: 3.8ms
[2025-01-07T20:03:41.285+0000][85091.651s][info][gc,phases   ] GC(3003)   Other: 0.2ms
[2025-01-07T20:03:41.285+0000][85091.651s][info][gc,heap     ] GC(3003) Eden regions: 912->0(68)
[2025-01-07T20:03:41.285+0000][85091.651s][info][gc,heap     ] GC(3003) Survivor regions: 9->8(116)
[2025-01-07T20:03:41.285+0000][85091.651s][info][gc,heap     ] GC(3003) Old regions: 242->242
[2025-01-07T20:03:41.285+0000][85091.651s][info][gc,heap     ] GC(3003) Archive regions: 2->2
[2025-01-07T20:03:41.285+0000][85091.651s][info][gc,heap     ] GC(3003) Humongous regions: 49->49
[2025-01-07T20:03:41.285+0000][85091.651s][info][gc,metaspace] GC(3003) Metaspace: 498662K(506944K)->498662K(506944K) NonClass: 438096K(442368K)->438096K(442368K) Class: 60565K(64576K)->60565K(64576K)
[2025-01-07T20:03:41.285+0000][85091.651s][info][gc          ] GC(3003) Pause Young (Prepare Mixed) (G1 Evacuation Pause) 9693M->2393M(12288M) 29.369ms
[2025-01-07T20:03:41.285+0000][85091.651s][info][gc,cpu      ] GC(3003) User=0.17s Sys=0.00s Real=0.03s
[2025-01-07T20:03:41.610+0000][85091.976s][info][gc,start    ] GC(3004) Pause Young (Mixed) (G1 Evacuation Pause)
[2025-01-07T20:03:41.610+0000][85091.976s][info][gc,task     ] GC(3004) Using 6 workers of 6 for evacuation
[2025-01-07T20:03:41.670+0000][85092.036s][info][gc,phases   ] GC(3004)   Pre Evacuate Collection Set: 0.2ms
[2025-01-07T20:03:41.670+0000][85092.036s][info][gc,phases   ] GC(3004)   Merge Heap Roots: 0.6ms
[2025-01-07T20:03:41.670+0000][85092.036s][info][gc,phases   ] GC(3004)   Evacuate Collection Set: 56.7ms
[2025-01-07T20:03:41.670+0000][85092.036s][info][gc,phases   ] GC(3004)   Post Evacuate Collection Set: 2.0ms
[2025-01-07T20:03:41.670+0000][85092.036s][info][gc,phases   ] GC(3004)   Other: 0.2ms
[2025-01-07T20:03:41.670+0000][85092.036s][info][gc,heap     ] GC(3004) Eden regions: 68->0(915)
[2025-01-07T20:03:41.670+0000][85092.036s][info][gc,heap     ] GC(3004) Survivor regions: 8->6(10)
[2025-01-07T20:03:41.670+0000][85092.036s][info][gc,heap     ] GC(3004) Old regions: 242->241
[2025-01-07T20:03:41.670+0000][85092.036s][info][gc,heap     ] GC(3004) Archive regions: 2->2
[2025-01-07T20:03:41.670+0000][85092.036s][info][gc,heap     ] GC(3004) Humongous regions: 49->49
[2025-01-07T20:03:41.670+0000][85092.036s][info][gc,metaspace] GC(3004) Metaspace: 498662K(506944K)->498662K(506944K) NonClass: 438096K(442368K)->438096K(442368K) Class: 60565K(64576K)->60565K(64576K)
[2025-01-07T20:03:41.670+0000][85092.036s][info][gc          ] GC(3004) Pause Young (Mixed) (G1 Evacuation Pause) 2937M->2368M(12288M) 59.772ms
[2025-01-07T20:03:41.670+0000][85092.036s][info][gc,cpu      ] GC(3004) User=0.32s Sys=0.00s Real=0.06s
[2025-01-07T20:03:51.231+0000][85101.597s][info][gc,start    ] GC(3005) Pause Young (Normal) (G1 Evacuation Pause)
[2025-01-07T20:03:51.231+0000][85101.597s][info][gc,task     ] GC(3005) Using 6 workers of 6 for evacuation
[2025-01-07T20:03:51.261+0000][85101.627s][info][gc,phases   ] GC(3005)   Pre Evacuate Collection Set: 0.2ms
[2025-01-07T20:03:51.261+0000][85101.627s][info][gc,phases   ] GC(3005)   Merge Heap Roots: 0.5ms
[2025-01-07T20:03:51.261+0000][85101.627s][info][gc,phases   ] GC(3005)   Evacuate Collection Set: 25.0ms
[2025-01-07T20:03:51.261+0000][85101.627s][info][gc,phases   ] GC(3005)   Post Evacuate Collection Set: 4.0ms
[2025-01-07T20:03:51.261+0000][85101.627s][info][gc,phases   ] GC(3005)   Other: 0.2ms
[2025-01-07T20:03:51.261+0000][85101.627s][info][gc,heap     ] GC(3005) Eden regions: 915->0(913)
[2025-01-07T20:03:51.261+0000][85101.627s][info][gc,heap     ] GC(3005) Survivor regions: 6->8(116)
[2025-01-07T20:03:51.261+0000][85101.627s][info][gc,heap     ] GC(3005) Old regions: 241->241
[2025-01-07T20:03:51.261+0000][85101.627s][info][gc,heap     ] GC(3005) Archive regions: 2->2
[2025-01-07T20:03:51.261+0000][85101.627s][info][gc,heap     ] GC(3005) Humongous regions: 49->49
[2025-01-07T20:03:51.261+0000][85101.627s][info][gc,metaspace] GC(3005) Metaspace: 498662K(506944K)->498662K(506944K) NonClass: 438096K(442368K)->438096K(442368K) Class: 60565K(64576K)->60565K(64576K)
[2025-01-07T20:03:51.261+0000][85101.627s][info][gc          ] GC(3005) Pause Young (Normal) (G1 Evacuation Pause) 9688M->2387M(12288M) 29.950ms
[2025-01-07T20:03:51.261+0000][85101.627s][info][gc,cpu      ] GC(3005) User=0.17s Sys=0.00s Real=0.02s
[2025-01-07T20:04:00.135+0000][85110.501s][info][gc,start    ] GC(3006) Pause Young (Normal) (G1 Evacuation Pause)
[2025-01-07T20:04:00.135+0000][85110.501s][info][gc,task     ] GC(3006) Using 6 workers of 6 for evacuation
[2025-01-07T20:04:00.166+0000][85110.532s][info][gc,phases   ] GC(3006)   Pre Evacuate Collection Set: 0.2ms
[2025-01-07T20:04:00.166+0000][85110.532s][info][gc,phases   ] GC(3006)   Merge Heap Roots: 0.5ms
[2025-01-07T20:04:00.166+0000][85110.532s][info][gc,phases   ] GC(3006)   Evacuate Collection Set: 27.9ms
[2025-01-07T20:04:00.166+0000][85110.532s][info][gc,phases   ] GC(3006)   Post Evacuate Collection Set: 2.6ms
[2025-01-07T20:04:00.166+0000][85110.532s][info][gc,phases   ] GC(3006)   Other: 0.2ms
[2025-01-07T20:04:00.166+0000][85110.532s][info][gc,heap     ] GC(3006) Eden regions: 913->0(912)
[2025-01-07T20:04:00.166+0000][85110.532s][info][gc,heap     ] GC(3006) Survivor regions: 8->9(116)
[2025-01-07T20:04:00.166+0000][85110.532s][info][gc,heap     ] GC(3006) Old regions: 241->241
[2025-01-07T20:04:00.166+0000][85110.532s][info][gc,heap     ] GC(3006) Archive regions: 2->2
[2025-01-07T20:04:00.166+0000][85110.532s][info][gc,heap     ] GC(3006) Humongous regions: 49->49
[2025-01-07T20:04:00.166+0000][85110.532s][info][gc,metaspace] GC(3006) Metaspace: 498662K(506944K)->498662K(506944K) NonClass: 438096K(442368K)->438096K(442368K) Class: 60565K(64576K)->60565K(64576K)
[2025-01-07T20:04:00.166+0000][85110.532s][info][gc          ] GC(3006) Pause Young (Normal) (G1 Evacuation Pause) 9691M->2394M(12288M) 31.453ms
[2025-01-07T20:04:00.166+0000][85110.533s][info][gc,cpu      ] GC(3006) User=0.18s Sys=0.00s Real=0.03s
[2025-01-07T20:04:07.637+0000][85118.003s][info][gc,start    ] GC(3007) Pause Young (Concurrent Start) (G1 Evacuation Pause)
[2025-01-07T20:04:07.637+0000][85118.003s][info][gc,task     ] GC(3007) Using 6 workers of 6 for evacuation
[2025-01-07T20:04:07.672+0000][85118.038s][info][gc,phases   ] GC(3007)   Pre Evacuate Collection Set: 1.0ms
[2025-01-07T20:04:07.672+0000][85118.038s][info][gc,phases   ] GC(3007)   Merge Heap Roots: 0.5ms
[2025-01-07T20:04:07.672+0000][85118.038s][info][gc,phases   ] GC(3007)   Evacuate Collection Set: 30.5ms
[2025-01-07T20:04:07.672+0000][85118.038s][info][gc,phases   ] GC(3007)   Post Evacuate Collection Set: 2.5ms
[2025-01-07T20:04:07.672+0000][85118.038s][info][gc,phases   ] GC(3007)   Other: 0.3ms
[2025-01-07T20:04:07.672+0000][85118.038s][info][gc,heap     ] GC(3007) Eden regions: 912->0(911)
[2025-01-07T20:04:07.672+0000][85118.038s][info][gc,heap     ] GC(3007) Survivor regions: 9->10(116)
[2025-01-07T20:04:07.672+0000][85118.038s][info][gc,heap     ] GC(3007) Old regions: 241->241
[2025-01-07T20:04:07.672+0000][85118.038s][info][gc,heap     ] GC(3007) Archive regions: 2->2
[2025-01-07T20:04:07.672+0000][85118.038s][info][gc,heap     ] GC(3007) Humongous regions: 49->49
[2025-01-07T20:04:07.672+0000][85118.038s][info][gc,metaspace] GC(3007) Metaspace: 498662K(506944K)->498662K(506944K) NonClass: 438096K(442368K)->438096K(442368K) Class: 60565K(64576K)->60565K(64576K)
[2025-01-07T20:04:07.672+0000][85118.038s][info][gc          ] GC(3007) Pause Young (Concurrent Start) (G1 Evacuation Pause) 9690M->2403M(12288M) 34.835ms
[2025-01-07T20:04:07.672+0000][85118.038s][info][gc,cpu      ] GC(3007) User=0.19s Sys=0.01s Real=0.04s
[2025-01-07T20:04:07.672+0000][85118.038s][info][gc          ] GC(3008) Concurrent Mark Cycle
[2025-01-07T20:04:07.672+0000][85118.038s][info][gc,marking  ] GC(3008) Concurrent Clear Claimed Marks
[2025-01-07T20:04:07.673+0000][85118.039s][info][gc,marking  ] GC(3008) Concurrent Clear Claimed Marks 0.816ms
[2025-01-07T20:04:07.673+0000][85118.039s][info][gc,marking  ] GC(3008) Concurrent Scan Root Regions
[2025-01-07T20:04:07.694+0000][85118.060s][info][gc,marking  ] GC(3008) Concurrent Scan Root Regions 21.191ms
[2025-01-07T20:04:07.694+0000][85118.060s][info][gc,marking  ] GC(3008) Concurrent Mark
[2025-01-07T20:04:07.694+0000][85118.060s][info][gc,marking  ] GC(3008) Concurrent Mark From Roots
[2025-01-07T20:04:07.694+0000][85118.060s][info][gc,task     ] GC(3008) Using 2 workers of 2 for marking
[2025-01-07T20:04:08.468+0000][85118.834s][info][gc,marking  ] GC(3008) Concurrent Mark From Roots 774.228ms
[2025-01-07T20:04:08.468+0000][85118.835s][info][gc,marking  ] GC(3008) Concurrent Preclean
[2025-01-07T20:04:08.471+0000][85118.837s][info][gc,marking  ] GC(3008) Concurrent Preclean 2.397ms
[2025-01-07T20:04:08.471+0000][85118.837s][info][gc,start    ] GC(3008) Pause Remark
[2025-01-07T20:04:08.496+0000][85118.862s][info][gc          ] GC(3008) Pause Remark 3095M->3095M(12288M) 25.368ms
[2025-01-07T20:04:08.496+0000][85118.862s][info][gc,cpu      ] GC(3008) User=0.15s Sys=0.00s Real=0.02s
[2025-01-07T20:04:08.497+0000][85118.863s][info][gc,marking  ] GC(3008) Concurrent Mark 802.467ms
[2025-01-07T20:04:08.497+0000][85118.863s][info][gc,marking  ] GC(3008) Concurrent Rebuild Remembered Sets
[2025-01-07T20:04:09.139+0000][85119.505s][info][gc,marking  ] GC(3008) Concurrent Rebuild Remembered Sets 642.018ms
[2025-01-07T20:04:09.139+0000][85119.505s][info][gc,start    ] GC(3008) Pause Cleanup
[2025-01-07T20:04:09.139+0000][85119.505s][info][gc          ] GC(3008) Pause Cleanup 4047M->4047M(12288M) 0.389ms
[2025-01-07T20:04:09.139+0000][85119.505s][info][gc,cpu      ] GC(3008) User=0.00s Sys=0.00s Real=0.00s
[2025-01-07T20:04:09.139+0000][85119.505s][info][gc,marking  ] GC(3008) Concurrent Cleanup for Next Mark
[2025-01-07T20:04:09.156+0000][85119.522s][info][gc,marking  ] GC(3008) Concurrent Cleanup for Next Mark 16.521ms
[2025-01-07T20:04:09.156+0000][85119.522s][info][gc          ] GC(3008) Concurrent Mark Cycle 1483.799ms
[2025-01-07T20:04:14.711+0000][85125.077s][info][gc,start    ] GC(3009) Pause Young (Prepare Mixed) (G1 Evacuation Pause)
[2025-01-07T20:04:14.711+0000][85125.077s][info][gc,task     ] GC(3009) Using 6 workers of 6 for evacuation
[2025-01-07T20:04:14.749+0000][85125.115s][info][gc,phases   ] GC(3009)   Pre Evacuate Collection Set: 0.2ms
[2025-01-07T20:04:14.749+0000][85125.115s][info][gc,phases   ] GC(3009)   Merge Heap Roots: 0.7ms
[2025-01-07T20:04:14.749+0000][85125.115s][info][gc,phases   ] GC(3009)   Evacuate Collection Set: 34.5ms
[2025-01-07T20:04:14.749+0000][85125.115s][info][gc,phases   ] GC(3009)   Post Evacuate Collection Set: 2.7ms
[2025-01-07T20:04:14.749+0000][85125.115s][info][gc,phases   ] GC(3009)   Other: 0.2ms
[2025-01-07T20:04:14.749+0000][85125.115s][info][gc,heap     ] GC(3009) Eden regions: 911->0(64)
[2025-01-07T20:04:14.749+0000][85125.115s][info][gc,heap     ] GC(3009) Survivor regions: 10->12(116)
[2025-01-07T20:04:14.749+0000][85125.115s][info][gc,heap     ] GC(3009) Old regions: 241->241
[2025-01-07T20:04:14.749+0000][85125.115s][info][gc,heap     ] GC(3009) Archive regions: 2->2
[2025-01-07T20:04:14.749+0000][85125.115s][info][gc,heap     ] GC(3009) Humongous regions: 49->49
[2025-01-07T20:04:14.749+0000][85125.115s][info][gc,metaspace] GC(3009) Metaspace: 498662K(506944K)->498662K(506944K) NonClass: 438096K(442368K)->438096K(442368K) Class: 60565K(64576K)->60565K(64576K)
[2025-01-07T20:04:14.749+0000][85125.115s][info][gc          ] GC(3009) Pause Young (Prepare Mixed) (G1 Evacuation Pause) 9691M->2415M(12288M) 38.358ms
[2025-01-07T20:04:14.749+0000][85125.115s][info][gc,cpu      ] GC(3009) User=0.22s Sys=0.01s Real=0.03s
[2025-01-07T20:04:15.337+0000][85125.703s][info][gc,start    ] GC(3010) Pause Young (Mixed) (G1 Evacuation Pause)
[2025-01-07T20:04:15.337+0000][85125.703s][info][gc,task     ] GC(3010) Using 6 workers of 6 for evacuation
[2025-01-07T20:04:15.406+0000][85125.772s][info][gc,phases   ] GC(3010)   Pre Evacuate Collection Set: 0.2ms
[2025-01-07T20:04:15.406+0000][85125.772s][info][gc,phases   ] GC(3010)   Merge Heap Roots: 0.8ms
[2025-01-07T20:04:15.406+0000][85125.772s][info][gc,phases   ] GC(3010)   Evacuate Collection Set: 65.9ms
[2025-01-07T20:04:15.406+0000][85125.772s][info][gc,phases   ] GC(3010)   Post Evacuate Collection Set: 1.8ms
[2025-01-07T20:04:15.406+0000][85125.772s][info][gc,phases   ] GC(3010)   Other: 0.2ms
[2025-01-07T20:04:15.406+0000][85125.772s][info][gc,heap     ] GC(3010) Eden regions: 64->0(916)
[2025-01-07T20:04:15.406+0000][85125.772s][info][gc,heap     ] GC(3010) Survivor regions: 12->5(10)
[2025-01-07T20:04:15.406+0000][85125.772s][info][gc,heap     ] GC(3010) Old regions: 241->244
[2025-01-07T20:04:15.406+0000][85125.772s][info][gc,heap     ] GC(3010) Archive regions: 2->2
[2025-01-07T20:04:15.406+0000][85125.772s][info][gc,heap     ] GC(3010) Humongous regions: 49->49
[2025-01-07T20:04:15.406+0000][85125.772s][info][gc,metaspace] GC(3010) Metaspace: 498662K(506944K)->498662K(506944K) NonClass: 438096K(442368K)->438096K(442368K) Class: 60565K(64576K)->60565K(64576K)
[2025-01-07T20:04:15.406+0000][85125.772s][info][gc          ] GC(3010) Pause Young (Mixed) (G1 Evacuation Pause) 2927M->2382M(12288M) 68.885ms
[2025-01-07T20:04:15.406+0000][85125.772s][info][gc,cpu      ] GC(3010) User=0.40s Sys=0.00s Real=0.07s
[2025-01-07T20:04:24.572+0000][85134.939s][info][gc,start    ] GC(3011) Pause Young (Normal) (G1 Evacuation Pause)
[2025-01-07T20:04:24.572+0000][85134.939s][info][gc,task     ] GC(3011) Using 6 workers of 6 for evacuation
[2025-01-07T20:04:24.600+0000][85134.966s][info][gc,phases   ] GC(3011)   Pre Evacuate Collection Set: 0.2ms
[2025-01-07T20:04:24.600+0000][85134.966s][info][gc,phases   ] GC(3011)   Merge Heap Roots: 0.4ms
[2025-01-07T20:04:24.600+0000][85134.966s][info][gc,phases   ] GC(3011)   Evacuate Collection Set: 24.4ms
[2025-01-07T20:04:24.600+0000][85134.966s][info][gc,phases   ] GC(3011)   Post Evacuate Collection Set: 2.6ms
[2025-01-07T20:04:24.600+0000][85134.966s][info][gc,phases   ] GC(3011)   Other: 0.2ms
[2025-01-07T20:04:24.600+0000][85134.967s][info][gc,heap     ] GC(3011) Eden regions: 916->0(914)
[2025-01-07T20:04:24.600+0000][85134.967s][info][gc,heap     ] GC(3011) Survivor regions: 5->6(116)
[2025-01-07T20:04:24.600+0000][85134.967s][info][gc,heap     ] GC(3011) Old regions: 244->244
[2025-01-07T20:04:24.600+0000][85134.967s][info][gc,heap     ] GC(3011) Archive regions: 2->2
[2025-01-07T20:04:24.600+0000][85134.967s][info][gc,heap     ] GC(3011) Humongous regions: 49->49
[2025-01-07T20:04:24.600+0000][85134.967s][info][gc,metaspace] GC(3011) Metaspace: 498662K(506944K)->498662K(506944K) NonClass: 438096K(442368K)->438096K(442368K) Class: 60565K(64576K)->60565K(64576K)
[2025-01-07T20:04:24.600+0000][85134.967s][info][gc          ] GC(3011) Pause Young (Normal) (G1 Evacuation Pause) 9710M->2395M(12288M) 28.026ms
[2025-01-07T20:04:24.601+0000][85134.967s][info][gc,cpu      ] GC(3011) User=0.16s Sys=0.00s Real=0.02s
[2025-01-07T20:04:31.682+0000][85142.048s][info][gc,start    ] GC(3012) Pause Young (Normal) (G1 Evacuation Pause)
[2025-01-07T20:04:31.682+0000][85142.048s][info][gc,task     ] GC(3012) Using 6 workers of 6 for evacuation
[2025-01-07T20:04:31.710+0000][85142.076s][info][gc,phases   ] GC(3012)   Pre Evacuate Collection Set: 0.2ms
[2025-01-07T20:04:31.710+0000][85142.076s][info][gc,phases   ] GC(3012)   Merge Heap Roots: 0.4ms
[2025-01-07T20:04:31.710+0000][85142.076s][info][gc,phases   ] GC(3012)   Evacuate Collection Set: 22.5ms
[2025-01-07T20:04:31.710+0000][85142.076s][info][gc,phases   ] GC(3012)   Post Evacuate Collection Set: 3.9ms
[2025-01-07T20:04:31.710+0000][85142.076s][info][gc,phases   ] GC(3012)   Other: 0.2ms
[2025-01-07T20:04:31.710+0000][85142.076s][info][gc,heap     ] GC(3012) Eden regions: 914->0(912)
[2025-01-07T20:04:31.710+0000][85142.076s][info][gc,heap     ] GC(3012) Survivor regions: 6->7(115)
[2025-01-07T20:04:31.710+0000][85142.076s][info][gc,heap     ] GC(3012) Old regions: 244->244
[2025-01-07T20:04:31.710+0000][85142.076s][info][gc,heap     ] GC(3012) Archive regions: 2->2
[2025-01-07T20:04:31.710+0000][85142.076s][info][gc,heap     ] GC(3012) Humongous regions: 49->49
[2025-01-07T20:04:31.710+0000][85142.076s][info][gc,metaspace] GC(3012) Metaspace: 498662K(506944K)->498662K(506944K) NonClass: 438096K(442368K)->438096K(442368K) Class: 60565K(64576K)->60565K(64576K)
[2025-01-07T20:04:31.710+0000][85142.076s][info][gc          ] GC(3012) Pause Young (Normal) (G1 Evacuation Pause) 9707M->2404M(12288M) 27.305ms
[2025-01-07T20:04:31.710+0000][85142.076s][info][gc,cpu      ] GC(3012) User=0.16s Sys=0.00s Real=0.03s
[2025-01-07T20:04:37.702+0000][85148.068s][info][gc,start    ] GC(3013) Pause Young (Concurrent Start) (G1 Evacuation Pause)
[2025-01-07T20:04:37.702+0000][85148.068s][info][gc,task     ] GC(3013) Using 6 workers of 6 for evacuation
[2025-01-07T20:04:37.734+0000][85148.100s][info][gc,phases   ] GC(3013)   Pre Evacuate Collection Set: 1.0ms
[2025-01-07T20:04:37.734+0000][85148.101s][info][gc,phases   ] GC(3013)   Merge Heap Roots: 0.4ms
[2025-01-07T20:04:37.734+0000][85148.101s][info][gc,phases   ] GC(3013)   Evacuate Collection Set: 26.5ms
[2025-01-07T20:04:37.734+0000][85148.101s][info][gc,phases   ] GC(3013)   Post Evacuate Collection Set: 3.9ms
[2025-01-07T20:04:37.734+0000][85148.101s][info][gc,phases   ] GC(3013)   Other: 0.3ms
[2025-01-07T20:04:37.734+0000][85148.101s][info][gc,heap     ] GC(3013) Eden regions: 912->0(911)
[2025-01-07T20:04:37.734+0000][85148.101s][info][gc,heap     ] GC(3013) Survivor regions: 7->9(115)
[2025-01-07T20:04:37.734+0000][85148.101s][info][gc,heap     ] GC(3013) Old regions: 244->244
[2025-01-07T20:04:37.734+0000][85148.101s][info][gc,heap     ] GC(3013) Archive regions: 2->2
[2025-01-07T20:04:37.734+0000][85148.101s][info][gc,heap     ] GC(3013) Humongous regions: 49->49
[2025-01-07T20:04:37.734+0000][85148.101s][info][gc,metaspace] GC(3013) Metaspace: 498664K(506944K)->498664K(506944K) NonClass: 438098K(442368K)->438098K(442368K) Class: 60565K(64576K)->60565K(64576K)
[2025-01-07T20:04:37.734+0000][85148.101s][info][gc          ] GC(3013) Pause Young (Concurrent Start) (G1 Evacuation Pause) 9700M->2415M(12288M) 32.184ms
[2025-01-07T20:04:37.735+0000][85148.101s][info][gc,cpu      ] GC(3013) User=0.18s Sys=0.00s Real=0.03s
[2025-01-07T20:04:37.735+0000][85148.101s][info][gc          ] GC(3014) Concurrent Mark Cycle
[2025-01-07T20:04:37.735+0000][85148.101s][info][gc,marking  ] GC(3014) Concurrent Clear Claimed Marks
[2025-01-07T20:04:37.735+0000][85148.102s][info][gc,marking  ] GC(3014) Concurrent Clear Claimed Marks 0.812ms
[2025-01-07T20:04:37.735+0000][85148.102s][info][gc,marking  ] GC(3014) Concurrent Scan Root Regions
[2025-01-07T20:04:37.760+0000][85148.127s][info][gc,marking  ] GC(3014) Concurrent Scan Root Regions 25.013ms
[2025-01-07T20:04:37.760+0000][85148.127s][info][gc,marking  ] GC(3014) Concurrent Mark
[2025-01-07T20:04:37.760+0000][85148.127s][info][gc,marking  ] GC(3014) Concurrent Mark From Roots
[2025-01-07T20:04:37.760+0000][85148.127s][info][gc,task     ] GC(3014) Using 2 workers of 2 for marking
[2025-01-07T20:04:38.661+0000][85149.027s][info][gc,marking  ] GC(3014) Concurrent Mark From Roots 900.296ms
[2025-01-07T20:04:38.661+0000][85149.027s][info][gc,marking  ] GC(3014) Concurrent Preclean
[2025-01-07T20:04:38.663+0000][85149.029s][info][gc,marking  ] GC(3014) Concurrent Preclean 2.472ms
[2025-01-07T20:04:38.663+0000][85149.030s][info][gc,start    ] GC(3014) Pause Remark
[2025-01-07T20:04:38.689+0000][85149.055s][info][gc          ] GC(3014) Pause Remark 3324M->3324M(12288M) 25.690ms
[2025-01-07T20:04:38.689+0000][85149.055s][info][gc,cpu      ] GC(3014) User=0.15s Sys=0.00s Real=0.02s
[2025-01-07T20:04:38.689+0000][85149.055s][info][gc,marking  ] GC(3014) Concurrent Mark 928.889ms
[2025-01-07T20:04:38.689+0000][85149.055s][info][gc,marking  ] GC(3014) Concurrent Rebuild Remembered Sets
[2025-01-07T20:04:39.193+0000][85149.559s][info][gc,marking  ] GC(3014) Concurrent Rebuild Remembered Sets 503.771ms
[2025-01-07T20:04:39.193+0000][85149.559s][info][gc,start    ] GC(3014) Pause Cleanup
[2025-01-07T20:04:39.194+0000][85149.560s][info][gc          ] GC(3014) Pause Cleanup 3819M->3819M(12288M) 0.395ms
[2025-01-07T20:04:39.194+0000][85149.560s][info][gc,cpu      ] GC(3014) User=0.00s Sys=0.00s Real=0.00s
[2025-01-07T20:04:39.194+0000][85149.560s][info][gc,marking  ] GC(3014) Concurrent Cleanup for Next Mark
[2025-01-07T20:04:39.209+0000][85149.575s][info][gc,marking  ] GC(3014) Concurrent Cleanup for Next Mark 15.366ms
[2025-01-07T20:04:39.209+0000][85149.575s][info][gc          ] GC(3014) Concurrent Mark Cycle 1474.629ms
[2025-01-07T20:04:45.559+0000][85155.925s][info][gc,start    ] GC(3015) Pause Young (Prepare Mixed) (G1 Evacuation Pause)
[2025-01-07T20:04:45.559+0000][85155.925s][info][gc,task     ] GC(3015) Using 6 workers of 6 for evacuation
[2025-01-07T20:04:45.592+0000][85155.958s][info][gc,phases   ] GC(3015)   Pre Evacuate Collection Set: 0.2ms
[2025-01-07T20:04:45.592+0000][85155.958s][info][gc,phases   ] GC(3015)   Merge Heap Roots: 0.7ms
[2025-01-07T20:04:45.592+0000][85155.958s][info][gc,phases   ] GC(3015)   Evacuate Collection Set: 29.3ms
[2025-01-07T20:04:45.592+0000][85155.958s][info][gc,phases   ] GC(3015)   Post Evacuate Collection Set: 2.7ms
[2025-01-07T20:04:45.592+0000][85155.958s][info][gc,phases   ] GC(3015)   Other: 0.2ms
[2025-01-07T20:04:45.592+0000][85155.958s][info][gc,heap     ] GC(3015) Eden regions: 911->0(65)
[2025-01-07T20:04:45.592+0000][85155.958s][info][gc,heap     ] GC(3015) Survivor regions: 9->11(115)
[2025-01-07T20:04:45.592+0000][85155.958s][info][gc,heap     ] GC(3015) Old regions: 244->244
[2025-01-07T20:04:45.592+0000][85155.958s][info][gc,heap     ] GC(3015) Archive regions: 2->2
[2025-01-07T20:04:45.592+0000][85155.958s][info][gc,heap     ] GC(3015) Humongous regions: 49->49
[2025-01-07T20:04:45.592+0000][85155.958s][info][gc,metaspace] GC(3015) Metaspace: 498664K(506944K)->498664K(506944K) NonClass: 438098K(442368K)->438098K(442368K) Class: 60565K(64576K)->60565K(64576K)
[2025-01-07T20:04:45.592+0000][85155.958s][info][gc          ] GC(3015) Pause Young (Prepare Mixed) (G1 Evacuation Pause) 9703M->2435M(12288M) 33.172ms
[2025-01-07T20:04:45.592+0000][85155.958s][info][gc,cpu      ] GC(3015) User=0.19s Sys=0.00s Real=0.04s
[2025-01-07T20:04:46.050+0000][85156.416s][info][gc,start    ] GC(3016) Pause Young (Mixed) (G1 Evacuation Pause)
[2025-01-07T20:04:46.050+0000][85156.416s][info][gc,task     ] GC(3016) Using 6 workers of 6 for evacuation
[2025-01-07T20:04:46.103+0000][85156.469s][info][gc,phases   ] GC(3016)   Pre Evacuate Collection Set: 0.2ms
[2025-01-07T20:04:46.103+0000][85156.469s][info][gc,phases   ] GC(3016)   Merge Heap Roots: 0.6ms
[2025-01-07T20:04:46.103+0000][85156.469s][info][gc,phases   ] GC(3016)   Evacuate Collection Set: 49.8ms
[2025-01-07T20:04:46.103+0000][85156.469s][info][gc,phases   ] GC(3016)   Post Evacuate Collection Set: 2.2ms
[2025-01-07T20:04:46.103+0000][85156.469s][info][gc,phases   ] GC(3016)   Other: 0.2ms
[2025-01-07T20:04:46.103+0000][85156.469s][info][gc,heap     ] GC(3016) Eden regions: 65->0(911)
[2025-01-07T20:04:46.103+0000][85156.469s][info][gc,heap     ] GC(3016) Survivor regions: 11->2(10)
[2025-01-07T20:04:46.103+0000][85156.469s][info][gc,heap     ] GC(3016) Old regions: 244->249
[2025-01-07T20:04:46.103+0000][85156.469s][info][gc,heap     ] GC(3016) Archive regions: 2->2
[2025-01-07T20:04:46.103+0000][85156.469s][info][gc,heap     ] GC(3016) Humongous regions: 49->49
[2025-01-07T20:04:46.103+0000][85156.469s][info][gc,metaspace] GC(3016) Metaspace: 498664K(506944K)->498664K(506944K) NonClass: 438098K(442368K)->438098K(442368K) Class: 60565K(64576K)->60565K(64576K)
[2025-01-07T20:04:46.103+0000][85156.469s][info][gc          ] GC(3016) Pause Young (Mixed) (G1 Evacuation Pause) 2955M->2398M(12288M) 53.088ms
[2025-01-07T20:04:46.103+0000][85156.469s][info][gc,cpu      ] GC(3016) User=0.31s Sys=0.00s Real=0.05s
[2025-01-07T20:04:54.903+0000][85165.269s][info][gc,start    ] GC(3017) Pause Young (Normal) (G1 Evacuation Pause)
[2025-01-07T20:04:54.903+0000][85165.269s][info][gc,task     ] GC(3017) Using 6 workers of 6 for evacuation
[2025-01-07T20:04:54.919+0000][85165.285s][info][gc,phases   ] GC(3017)   Pre Evacuate Collection Set: 0.2ms
[2025-01-07T20:04:54.919+0000][85165.285s][info][gc,phases   ] GC(3017)   Merge Heap Roots: 0.3ms
[2025-01-07T20:04:54.919+0000][85165.285s][info][gc,phases   ] GC(3017)   Evacuate Collection Set: 12.8ms
[2025-01-07T20:04:54.919+0000][85165.285s][info][gc,phases   ] GC(3017)   Post Evacuate Collection Set: 2.5ms
[2025-01-07T20:04:54.919+0000][85165.285s][info][gc,phases   ] GC(3017)   Other: 0.2ms
[2025-01-07T20:04:54.919+0000][85165.285s][info][gc,heap     ] GC(3017) Eden regions: 911->0(910)
[2025-01-07T20:04:54.919+0000][85165.285s][info][gc,heap     ] GC(3017) Survivor regions: 2->3(115)
[2025-01-07T20:04:54.919+0000][85165.285s][info][gc,heap     ] GC(3017) Old regions: 249->249
[2025-01-07T20:04:54.919+0000][85165.285s][info][gc,heap     ] GC(3017) Archive regions: 2->2
[2025-01-07T20:04:54.919+0000][85165.285s][info][gc,heap     ] GC(3017) Humongous regions: 49->49
[2025-01-07T20:04:54.919+0000][85165.285s][info][gc,metaspace] GC(3017) Metaspace: 498664K(506944K)->498664K(506944K) NonClass: 438098K(442368K)->438098K(442368K) Class: 60565K(64576K)->60565K(64576K)
[2025-01-07T20:04:54.919+0000][85165.285s][info][gc          ] GC(3017) Pause Young (Normal) (G1 Evacuation Pause) 9686M->2406M(12288M) 16.142ms
[2025-01-07T20:04:54.919+0000][85165.285s][info][gc,cpu      ] GC(3017) User=0.09s Sys=0.00s Real=0.01s
[2025-01-07T20:05:01.242+0000][85171.608s][info][gc,start    ] GC(3018) Pause Young (Normal) (G1 Evacuation Pause)
[2025-01-07T20:05:01.242+0000][85171.608s][info][gc,task     ] GC(3018) Using 6 workers of 6 for evacuation
[2025-01-07T20:05:01.261+0000][85171.627s][info][gc,phases   ] GC(3018)   Pre Evacuate Collection Set: 0.2ms
[2025-01-07T20:05:01.261+0000][85171.628s][info][gc,phases   ] GC(3018)   Merge Heap Roots: 0.4ms
[2025-01-07T20:05:01.261+0000][85171.628s][info][gc,phases   ] GC(3018)   Evacuate Collection Set: 16.0ms
[2025-01-07T20:05:01.261+0000][85171.628s][info][gc,phases   ] GC(3018)   Post Evacuate Collection Set: 2.4ms
[2025-01-07T20:05:01.261+0000][85171.628s][info][gc,phases   ] GC(3018)   Other: 0.2ms
[2025-01-07T20:05:01.261+0000][85171.628s][info][gc,heap     ] GC(3018) Eden regions: 910->0(910)
[2025-01-07T20:05:01.261+0000][85171.628s][info][gc,heap     ] GC(3018) Survivor regions: 3->4(115)
[2025-01-07T20:05:01.261+0000][85171.628s][info][gc,heap     ] GC(3018) Old regions: 249->249
[2025-01-07T20:05:01.261+0000][85171.628s][info][gc,heap     ] GC(3018) Archive regions: 2->2
[2025-01-07T20:05:01.261+0000][85171.628s][info][gc,heap     ] GC(3018) Humongous regions: 49->49
[2025-01-07T20:05:01.262+0000][85171.628s][info][gc,metaspace] GC(3018) Metaspace: 498664K(506944K)->498664K(506944K) NonClass: 438098K(442368K)->438098K(442368K) Class: 60565K(64576K)->60565K(64576K)
[2025-01-07T20:05:01.262+0000][85171.628s][info][gc          ] GC(3018) Pause Young (Normal) (G1 Evacuation Pause) 9686M->2414M(12288M) 19.244ms
[2025-01-07T20:05:01.262+0000][85171.628s][info][gc,cpu      ] GC(3018) User=0.11s Sys=0.00s Real=0.02s
[2025-01-07T20:05:07.882+0000][85178.248s][info][gc,start    ] GC(3019) Pause Young (Concurrent Start) (G1 Evacuation Pause)
[2025-01-07T20:05:07.882+0000][85178.248s][info][gc,task     ] GC(3019) Using 6 workers of 6 for evacuation
[2025-01-07T20:05:07.905+0000][85178.271s][info][gc,phases   ] GC(3019)   Pre Evacuate Collection Set: 1.0ms
[2025-01-07T20:05:07.905+0000][85178.271s][info][gc,phases   ] GC(3019)   Merge Heap Roots: 0.4ms
[2025-01-07T20:05:07.905+0000][85178.271s][info][gc,phases   ] GC(3019)   Evacuate Collection Set: 19.3ms
[2025-01-07T20:05:07.905+0000][85178.271s][info][gc,phases   ] GC(3019)   Post Evacuate Collection Set: 2.4ms
[2025-01-07T20:05:07.905+0000][85178.271s][info][gc,phases   ] GC(3019)   Other: 0.3ms
[2025-01-07T20:05:07.905+0000][85178.271s][info][gc,heap     ] GC(3019) Eden regions: 910->0(911)
[2025-01-07T20:05:07.905+0000][85178.271s][info][gc,heap     ] GC(3019) Survivor regions: 4->5(115)
[2025-01-07T20:05:07.905+0000][85178.271s][info][gc,heap     ] GC(3019) Old regions: 249->249
[2025-01-07T20:05:07.905+0000][85178.271s][info][gc,heap     ] GC(3019) Archive regions: 2->2
[2025-01-07T20:05:07.905+0000][85178.271s][info][gc,heap     ] GC(3019) Humongous regions: 49->49
[2025-01-07T20:05:07.905+0000][85178.271s][info][gc,metaspace] GC(3019) Metaspace: 498664K(506944K)->498664K(506944K) NonClass: 438098K(442368K)->438098K(442368K) Class: 60565K(64576K)->60565K(64576K)
[2025-01-07T20:05:07.905+0000][85178.271s][info][gc          ] GC(3019) Pause Young (Concurrent Start) (G1 Evacuation Pause) 9694M->2422M(12288M) 23.480ms
[2025-01-07T20:05:07.905+0000][85178.271s][info][gc,cpu      ] GC(3019) User=0.13s Sys=0.00s Real=0.02s
[2025-01-07T20:05:07.905+0000][85178.271s][info][gc          ] GC(3020) Concurrent Mark Cycle
[2025-01-07T20:05:07.905+0000][85178.272s][info][gc,marking  ] GC(3020) Concurrent Clear Claimed Marks
[2025-01-07T20:05:07.906+0000][85178.272s][info][gc,marking  ] GC(3020) Concurrent Clear Claimed Marks 0.778ms
[2025-01-07T20:05:07.906+0000][85178.272s][info][gc,marking  ] GC(3020) Concurrent Scan Root Regions
[2025-01-07T20:05:07.923+0000][85178.289s][info][gc,marking  ] GC(3020) Concurrent Scan Root Regions 16.402ms
[2025-01-07T20:05:07.923+0000][85178.289s][info][gc,marking  ] GC(3020) Concurrent Mark
[2025-01-07T20:05:07.923+0000][85178.289s][info][gc,marking  ] GC(3020) Concurrent Mark From Roots
[2025-01-07T20:05:07.923+0000][85178.289s][info][gc,task     ] GC(3020) Using 2 workers of 2 for marking
[2025-01-07T20:05:08.901+0000][85179.267s][info][gc,marking  ] GC(3020) Concurrent Mark From Roots 978.613ms
[2025-01-07T20:05:08.901+0000][85179.267s][info][gc,marking  ] GC(3020) Concurrent Preclean
[2025-01-07T20:05:08.903+0000][85179.269s][info][gc,marking  ] GC(3020) Concurrent Preclean 1.898ms
[2025-01-07T20:05:08.903+0000][85179.269s][info][gc,start    ] GC(3020) Pause Remark
[2025-01-07T20:05:08.930+0000][85179.296s][info][gc          ] GC(3020) Pause Remark 3758M->3758M(12288M) 26.211ms
[2025-01-07T20:05:08.930+0000][85179.296s][info][gc,cpu      ] GC(3020) User=0.14s Sys=0.00s Real=0.03s
[2025-01-07T20:05:08.930+0000][85179.296s][info][gc,marking  ] GC(3020) Concurrent Mark 1007.092ms
[2025-01-07T20:05:08.930+0000][85179.296s][info][gc,marking  ] GC(3020) Concurrent Rebuild Remembered Sets
[2025-01-07T20:05:09.564+0000][85179.930s][info][gc,marking  ] GC(3020) Concurrent Rebuild Remembered Sets 634.114ms
[2025-01-07T20:05:09.564+0000][85179.930s][info][gc,start    ] GC(3020) Pause Cleanup
[2025-01-07T20:05:09.564+0000][85179.931s][info][gc          ] GC(3020) Pause Cleanup 4602M->4602M(12288M) 0.466ms
[2025-01-07T20:05:09.565+0000][85179.931s][info][gc,cpu      ] GC(3020) User=0.00s Sys=0.00s Real=0.00s
[2025-01-07T20:05:09.565+0000][85179.931s][info][gc,marking  ] GC(3020) Concurrent Cleanup for Next Mark
[2025-01-07T20:05:09.580+0000][85179.946s][info][gc,marking  ] GC(3020) Concurrent Cleanup for Next Mark 15.492ms
[2025-01-07T20:05:09.580+0000][85179.946s][info][gc          ] GC(3020) Concurrent Mark Cycle 1674.737ms
[2025-01-07T20:05:14.127+0000][85184.493s][info][gc,start    ] GC(3021) Pause Young (Prepare Mixed) (G1 Evacuation Pause)
[2025-01-07T20:05:14.127+0000][85184.493s][info][gc,task     ] GC(3021) Using 6 workers of 6 for evacuation
[2025-01-07T20:05:14.153+0000][85184.519s][info][gc,phases   ] GC(3021)   Pre Evacuate Collection Set: 0.2ms
[2025-01-07T20:05:14.153+0000][85184.519s][info][gc,phases   ] GC(3021)   Merge Heap Roots: 0.6ms
[2025-01-07T20:05:14.153+0000][85184.519s][info][gc,phases   ] GC(3021)   Evacuate Collection Set: 22.5ms
[2025-01-07T20:05:14.153+0000][85184.519s][info][gc,phases   ] GC(3021)   Post Evacuate Collection Set: 2.6ms
[2025-01-07T20:05:14.153+0000][85184.519s][info][gc,phases   ] GC(3021)   Other: 0.2ms
[2025-01-07T20:05:14.153+0000][85184.519s][info][gc,heap     ] GC(3021) Eden regions: 911->0(70)
[2025-01-07T20:05:14.153+0000][85184.519s][info][gc,heap     ] GC(3021) Survivor regions: 5->6(115)
[2025-01-07T20:05:14.153+0000][85184.519s][info][gc,heap     ] GC(3021) Old regions: 249->249
[2025-01-07T20:05:14.153+0000][85184.519s][info][gc,heap     ] GC(3021) Archive regions: 2->2
[2025-01-07T20:05:14.153+0000][85184.519s][info][gc,heap     ] GC(3021) Humongous regions: 49->49
[2025-01-07T20:05:14.153+0000][85184.519s][info][gc,metaspace] GC(3021) Metaspace: 498664K(506944K)->498664K(506944K) NonClass: 438099K(442368K)->438099K(442368K) Class: 60565K(64576K)->60565K(64576K)
[2025-01-07T20:05:14.153+0000][85184.519s][info][gc          ] GC(3021) Pause Young (Prepare Mixed) (G1 Evacuation Pause) 9710M->2429M(12288M) 26.224ms
[2025-01-07T20:05:14.153+0000][85184.519s][info][gc,cpu      ] GC(3021) User=0.15s Sys=0.00s Real=0.03s
[2025-01-07T20:05:14.597+0000][85184.963s][info][gc,start    ] GC(3022) Pause Young (Mixed) (G1 Evacuation Pause)
[2025-01-07T20:05:14.597+0000][85184.963s][info][gc,task     ] GC(3022) Using 6 workers of 6 for evacuation
[2025-01-07T20:05:14.637+0000][85185.003s][info][gc,phases   ] GC(3022)   Pre Evacuate Collection Set: 0.2ms
[2025-01-07T20:05:14.637+0000][85185.003s][info][gc,phases   ] GC(3022)   Merge Heap Roots: 0.4ms
[2025-01-07T20:05:14.637+0000][85185.003s][info][gc,phases   ] GC(3022)   Evacuate Collection Set: 37.7ms
[2025-01-07T20:05:14.637+0000][85185.003s][info][gc,phases   ] GC(3022)   Post Evacuate Collection Set: 1.8ms
[2025-01-07T20:05:14.637+0000][85185.003s][info][gc,phases   ] GC(3022)   Other: 0.2ms
[2025-01-07T20:05:14.637+0000][85185.004s][info][gc,heap     ] GC(3022) Eden regions: 70->0(915)
[2025-01-07T20:05:14.637+0000][85185.004s][info][gc,heap     ] GC(3022) Survivor regions: 6->6(10)
[2025-01-07T20:05:14.637+0000][85185.004s][info][gc,heap     ] GC(3022) Old regions: 249->242
[2025-01-07T20:05:14.637+0000][85185.004s][info][gc,heap     ] GC(3022) Archive regions: 2->2
[2025-01-07T20:05:14.637+0000][85185.004s][info][gc,heap     ] GC(3022) Humongous regions: 49->49
[2025-01-07T20:05:14.637+0000][85185.004s][info][gc,metaspace] GC(3022) Metaspace: 498664K(506944K)->498664K(506944K) NonClass: 438099K(442368K)->438099K(442368K) Class: 60565K(64576K)->60565K(64576K)
[2025-01-07T20:05:14.637+0000][85185.004s][info][gc          ] GC(3022) Pause Young (Mixed) (G1 Evacuation Pause) 2989M->2375M(12288M) 40.346ms
[2025-01-07T20:05:14.638+0000][85185.004s][info][gc,cpu      ] GC(3022) User=0.23s Sys=0.00s Real=0.04s
[2025-01-07T20:05:23.688+0000][85194.054s][info][gc,start    ] GC(3023) Pause Young (Normal) (G1 Evacuation Pause)
[2025-01-07T20:05:23.688+0000][85194.054s][info][gc,task     ] GC(3023) Using 6 workers of 6 for evacuation
[2025-01-07T20:05:23.718+0000][85194.084s][info][gc,phases   ] GC(3023)   Pre Evacuate Collection Set: 0.2ms
[2025-01-07T20:05:23.718+0000][85194.084s][info][gc,phases   ] GC(3023)   Merge Heap Roots: 0.5ms
[2025-01-07T20:05:23.718+0000][85194.084s][info][gc,phases   ] GC(3023)   Evacuate Collection Set: 26.9ms
[2025-01-07T20:05:23.718+0000][85194.084s][info][gc,phases   ] GC(3023)   Post Evacuate Collection Set: 2.6ms
[2025-01-07T20:05:23.718+0000][85194.084s][info][gc,phases   ] GC(3023)   Other: 0.2ms
[2025-01-07T20:05:23.718+0000][85194.084s][info][gc,heap     ] GC(3023) Eden regions: 915->0(914)
[2025-01-07T20:05:23.718+0000][85194.084s][info][gc,heap     ] GC(3023) Survivor regions: 6->7(116)
[2025-01-07T20:05:23.718+0000][85194.084s][info][gc,heap     ] GC(3023) Old regions: 242->242
[2025-01-07T20:05:23.718+0000][85194.084s][info][gc,heap     ] GC(3023) Archive regions: 2->2
[2025-01-07T20:05:23.718+0000][85194.084s][info][gc,heap     ] GC(3023) Humongous regions: 49->49
[2025-01-07T20:05:23.718+0000][85194.084s][info][gc,metaspace] GC(3023) Metaspace: 498664K(506944K)->498664K(506944K) NonClass: 438099K(442368K)->438099K(442368K) Class: 60565K(64576K)->60565K(64576K)
[2025-01-07T20:05:23.718+0000][85194.084s][info][gc          ] GC(3023) Pause Young (Normal) (G1 Evacuation Pause) 9695M->2384M(12288M) 30.385ms
[2025-01-07T20:05:23.718+0000][85194.084s][info][gc,cpu      ] GC(3023) User=0.18s Sys=0.00s Real=0.03s
[2025-01-07T20:05:31.449+0000][85201.815s][info][gc,start    ] GC(3024) Pause Young (Normal) (G1 Evacuation Pause)
[2025-01-07T20:05:31.449+0000][85201.815s][info][gc,task     ] GC(3024) Using 6 workers of 6 for evacuation
[2025-01-07T20:05:31.482+0000][85201.848s][info][gc,phases   ] GC(3024)   Pre Evacuate Collection Set: 0.2ms
[2025-01-07T20:05:31.482+0000][85201.848s][info][gc,phases   ] GC(3024)   Merge Heap Roots: 0.5ms
[2025-01-07T20:05:31.482+0000][85201.848s][info][gc,phases   ] GC(3024)   Evacuate Collection Set: 26.5ms
[2025-01-07T20:05:31.482+0000][85201.848s][info][gc,phases   ] GC(3024)   Post Evacuate Collection Set: 5.3ms
[2025-01-07T20:05:31.482+0000][85201.848s][info][gc,phases   ] GC(3024)   Other: 0.2ms
[2025-01-07T20:05:31.482+0000][85201.848s][info][gc,heap     ] GC(3024) Eden regions: 914->0(912)
[2025-01-07T20:05:31.482+0000][85201.848s][info][gc,heap     ] GC(3024) Survivor regions: 7->9(116)
[2025-01-07T20:05:31.482+0000][85201.848s][info][gc,heap     ] GC(3024) Old regions: 242->242
[2025-01-07T20:05:31.482+0000][85201.848s][info][gc,heap     ] GC(3024) Archive regions: 2->2
[2025-01-07T20:05:31.482+0000][85201.848s][info][gc,heap     ] GC(3024) Humongous regions: 49->49
[2025-01-07T20:05:31.482+0000][85201.848s][info][gc,metaspace] GC(3024) Metaspace: 498664K(506944K)->498664K(506944K) NonClass: 438099K(442368K)->438099K(442368K) Class: 60565K(64576K)->60565K(64576K)
[2025-01-07T20:05:31.482+0000][85201.848s][info][gc          ] GC(3024) Pause Young (Normal) (G1 Evacuation Pause) 9696M->2403M(12288M) 32.873ms
[2025-01-07T20:05:31.482+0000][85201.848s][info][gc,cpu      ] GC(3024) User=0.20s Sys=0.00s Real=0.04s
[2025-01-07T20:05:36.831+0000][85207.198s][info][gc,start    ] GC(3025) Pause Young (Concurrent Start) (G1 Evacuation Pause)
[2025-01-07T20:05:36.831+0000][85207.198s][info][gc,task     ] GC(3025) Using 6 workers of 6 for evacuation
[2025-01-07T20:05:36.865+0000][85207.231s][info][gc,phases   ] GC(3025)   Pre Evacuate Collection Set: 1.0ms
[2025-01-07T20:05:36.865+0000][85207.231s][info][gc,phases   ] GC(3025)   Merge Heap Roots: 0.5ms
[2025-01-07T20:05:36.865+0000][85207.231s][info][gc,phases   ] GC(3025)   Evacuate Collection Set: 29.3ms
[2025-01-07T20:05:36.865+0000][85207.231s][info][gc,phases   ] GC(3025)   Post Evacuate Collection Set: 2.7ms
[2025-01-07T20:05:36.865+0000][85207.231s][info][gc,phases   ] GC(3025)   Other: 0.3ms
[2025-01-07T20:05:36.865+0000][85207.231s][info][gc,heap     ] GC(3025) Eden regions: 912->0(912)
[2025-01-07T20:05:36.865+0000][85207.231s][info][gc,heap     ] GC(3025) Survivor regions: 9->9(116)
[2025-01-07T20:05:36.865+0000][85207.231s][info][gc,heap     ] GC(3025) Old regions: 242->242
[2025-01-07T20:05:36.865+0000][85207.231s][info][gc,heap     ] GC(3025) Archive regions: 2->2
[2025-01-07T20:05:36.865+0000][85207.231s][info][gc,heap     ] GC(3025) Humongous regions: 49->49
[2025-01-07T20:05:36.865+0000][85207.231s][info][gc,metaspace] GC(3025) Metaspace: 498664K(506944K)->498664K(506944K) NonClass: 438099K(442368K)->438099K(442368K) Class: 60565K(64576K)->60565K(64576K)
[2025-01-07T20:05:36.865+0000][85207.231s][info][gc          ] GC(3025) Pause Young (Concurrent Start) (G1 Evacuation Pause) 9699M->2403M(12288M) 33.805ms
[2025-01-07T20:05:36.865+0000][85207.231s][info][gc,cpu      ] GC(3025) User=0.20s Sys=0.00s Real=0.03s
[2025-01-07T20:05:36.865+0000][85207.231s][info][gc          ] GC(3026) Concurrent Mark Cycle
[2025-01-07T20:05:36.865+0000][85207.231s][info][gc,marking  ] GC(3026) Concurrent Clear Claimed Marks
[2025-01-07T20:05:36.866+0000][85207.232s][info][gc,marking  ] GC(3026) Concurrent Clear Claimed Marks 0.813ms
[2025-01-07T20:05:36.866+0000][85207.232s][info][gc,marking  ] GC(3026) Concurrent Scan Root Regions
[2025-01-07T20:05:36.887+0000][85207.253s][info][gc,marking  ] GC(3026) Concurrent Scan Root Regions 20.773ms
[2025-01-07T20:05:36.887+0000][85207.253s][info][gc,marking  ] GC(3026) Concurrent Mark
[2025-01-07T20:05:36.887+0000][85207.253s][info][gc,marking  ] GC(3026) Concurrent Mark From Roots
[2025-01-07T20:05:36.887+0000][85207.253s][info][gc,task     ] GC(3026) Using 2 workers of 2 for marking
[2025-01-07T20:05:37.722+0000][85208.089s][info][gc,marking  ] GC(3026) Concurrent Mark From Roots 835.490ms
[2025-01-07T20:05:37.723+0000][85208.089s][info][gc,marking  ] GC(3026) Concurrent Preclean
[2025-01-07T20:05:37.724+0000][85208.090s][info][gc,marking  ] GC(3026) Concurrent Preclean 1.817ms
[2025-01-07T20:05:37.724+0000][85208.091s][info][gc,start    ] GC(3026) Pause Remark
[2025-01-07T20:05:37.750+0000][85208.116s][info][gc          ] GC(3026) Pause Remark 3299M->3299M(12288M) 25.618ms
[2025-01-07T20:05:37.750+0000][85208.116s][info][gc,cpu      ] GC(3026) User=0.15s Sys=0.00s Real=0.03s
[2025-01-07T20:05:37.750+0000][85208.116s][info][gc,marking  ] GC(3026) Concurrent Mark 863.301ms
[2025-01-07T20:05:37.750+0000][85208.116s][info][gc,marking  ] GC(3026) Concurrent Rebuild Remembered Sets
[2025-01-07T20:05:38.314+0000][85208.680s][info][gc,marking  ] GC(3026) Concurrent Rebuild Remembered Sets 563.949ms
[2025-01-07T20:05:38.314+0000][85208.681s][info][gc,start    ] GC(3026) Pause Cleanup
[2025-01-07T20:05:38.315+0000][85208.681s][info][gc          ] GC(3026) Pause Cleanup 3927M->3927M(12288M) 0.451ms
[2025-01-07T20:05:38.315+0000][85208.681s][info][gc,cpu      ] GC(3026) User=0.00s Sys=0.00s Real=0.00s
[2025-01-07T20:05:38.315+0000][85208.681s][info][gc,marking  ] GC(3026) Concurrent Cleanup for Next Mark
[2025-01-07T20:05:38.331+0000][85208.698s][info][gc,marking  ] GC(3026) Concurrent Cleanup for Next Mark 16.451ms
[2025-01-07T20:05:38.331+0000][85208.698s][info][gc          ] GC(3026) Concurrent Mark Cycle 1466.175ms
[2025-01-07T20:05:45.478+0000][85215.844s][info][gc,start    ] GC(3027) Pause Young (Prepare Mixed) (G1 Evacuation Pause)
[2025-01-07T20:05:45.478+0000][85215.844s][info][gc,task     ] GC(3027) Using 6 workers of 6 for evacuation
[2025-01-07T20:05:45.520+0000][85215.886s][info][gc,phases   ] GC(3027)   Pre Evacuate Collection Set: 0.2ms
[2025-01-07T20:05:45.520+0000][85215.886s][info][gc,phases   ] GC(3027)   Merge Heap Roots: 0.7ms
[2025-01-07T20:05:45.520+0000][85215.886s][info][gc,phases   ] GC(3027)   Evacuate Collection Set: 37.1ms
[2025-01-07T20:05:45.520+0000][85215.886s][info][gc,phases   ] GC(3027)   Post Evacuate Collection Set: 4.0ms
[2025-01-07T20:05:45.520+0000][85215.886s][info][gc,phases   ] GC(3027)   Other: 0.2ms
[2025-01-07T20:05:45.520+0000][85215.886s][info][gc,heap     ] GC(3027) Eden regions: 912->0(65)
[2025-01-07T20:05:45.520+0000][85215.886s][info][gc,heap     ] GC(3027) Survivor regions: 9->11(116)
[2025-01-07T20:05:45.520+0000][85215.886s][info][gc,heap     ] GC(3027) Old regions: 242->242
[2025-01-07T20:05:45.520+0000][85215.886s][info][gc,heap     ] GC(3027) Archive regions: 2->2
[2025-01-07T20:05:45.520+0000][85215.886s][info][gc,heap     ] GC(3027) Humongous regions: 49->49
[2025-01-07T20:05:45.520+0000][85215.886s][info][gc,metaspace] GC(3027) Metaspace: 498664K(506944K)->498664K(506944K) NonClass: 438099K(442368K)->438099K(442368K) Class: 60565K(64576K)->60565K(64576K)
[2025-01-07T20:05:45.520+0000][85215.886s][info][gc          ] GC(3027) Pause Young (Prepare Mixed) (G1 Evacuation Pause) 9699M->2417M(12288M) 42.314ms
[2025-01-07T20:05:45.520+0000][85215.887s][info][gc,cpu      ] GC(3027) User=0.25s Sys=0.00s Real=0.04s
[2025-01-07T20:05:46.145+0000][85216.511s][info][gc,start    ] GC(3028) Pause Young (Mixed) (G1 Evacuation Pause)
[2025-01-07T20:05:46.145+0000][85216.511s][info][gc,task     ] GC(3028) Using 6 workers of 6 for evacuation
[2025-01-07T20:05:46.203+0000][85216.569s][info][gc,phases   ] GC(3028)   Pre Evacuate Collection Set: 0.2ms
[2025-01-07T20:05:46.203+0000][85216.569s][info][gc,phases   ] GC(3028)   Merge Heap Roots: 0.6ms
[2025-01-07T20:05:46.203+0000][85216.569s][info][gc,phases   ] GC(3028)   Evacuate Collection Set: 55.3ms
[2025-01-07T20:05:46.203+0000][85216.569s][info][gc,phases   ] GC(3028)   Post Evacuate Collection Set: 1.6ms
[2025-01-07T20:05:46.203+0000][85216.569s][info][gc,phases   ] GC(3028)   Other: 0.2ms
[2025-01-07T20:05:46.203+0000][85216.569s][info][gc,heap     ] GC(3028) Eden regions: 65->0(916)
[2025-01-07T20:05:46.203+0000][85216.569s][info][gc,heap     ] GC(3028) Survivor regions: 11->5(10)
[2025-01-07T20:05:46.203+0000][85216.569s][info][gc,heap     ] GC(3028) Old regions: 242->242
[2025-01-07T20:05:46.203+0000][85216.569s][info][gc,heap     ] GC(3028) Archive regions: 2->2
[2025-01-07T20:05:46.203+0000][85216.569s][info][gc,heap     ] GC(3028) Humongous regions: 49->49
[2025-01-07T20:05:46.203+0000][85216.569s][info][gc,metaspace] GC(3028) Metaspace: 498664K(506944K)->498664K(506944K) NonClass: 438099K(442368K)->438099K(442368K) Class: 60565K(64576K)->60565K(64576K)
[2025-01-07T20:05:46.203+0000][85216.569s][info][gc          ] GC(3028) Pause Young (Mixed) (G1 Evacuation Pause) 2937M->2366M(12288M) 58.002ms
[2025-01-07T20:05:46.203+0000][85216.569s][info][gc,cpu      ] GC(3028) User=0.34s Sys=0.00s Real=0.06s
[2025-01-07T20:05:55.574+0000][85225.940s][info][gc,start    ] GC(3029) Pause Young (Normal) (G1 Evacuation Pause)
[2025-01-07T20:05:55.574+0000][85225.940s][info][gc,task     ] GC(3029) Using 6 workers of 6 for evacuation
[2025-01-07T20:05:55.600+0000][85225.966s][info][gc,phases   ] GC(3029)   Pre Evacuate Collection Set: 0.2ms
[2025-01-07T20:05:55.600+0000][85225.966s][info][gc,phases   ] GC(3029)   Merge Heap Roots: 0.4ms
[2025-01-07T20:05:55.600+0000][85225.966s][info][gc,phases   ] GC(3029)   Evacuate Collection Set: 23.2ms
[2025-01-07T20:05:55.600+0000][85225.966s][info][gc,phases   ] GC(3029)   Post Evacuate Collection Set: 2.5ms
[2025-01-07T20:05:55.600+0000][85225.966s][info][gc,phases   ] GC(3029)   Other: 0.2ms
[2025-01-07T20:05:55.600+0000][85225.966s][info][gc,heap     ] GC(3029) Eden regions: 916->0(914)
[2025-01-07T20:05:55.600+0000][85225.966s][info][gc,heap     ] GC(3029) Survivor regions: 5->7(116)
[2025-01-07T20:05:55.600+0000][85225.966s][info][gc,heap     ] GC(3029) Old regions: 242->242
[2025-01-07T20:05:55.600+0000][85225.966s][info][gc,heap     ] GC(3029) Archive regions: 2->2
[2025-01-07T20:05:55.600+0000][85225.966s][info][gc,heap     ] GC(3029) Humongous regions: 49->49
[2025-01-07T20:05:55.600+0000][85225.966s][info][gc,metaspace] GC(3029) Metaspace: 498664K(506944K)->498664K(506944K) NonClass: 438099K(442368K)->438099K(442368K) Class: 60565K(64576K)->60565K(64576K)
[2025-01-07T20:05:55.600+0000][85225.966s][info][gc          ] GC(3029) Pause Young (Normal) (G1 Evacuation Pause) 9694M->2383M(12288M) 26.580ms
[2025-01-07T20:05:55.600+0000][85225.966s][info][gc,cpu      ] GC(3029) User=0.16s Sys=0.00s Real=0.02s
[2025-01-07T20:06:04.534+0000][85234.900s][info][gc,start    ] GC(3030) Pause Young (Normal) (GCLocker Initiated GC)
[2025-01-07T20:06:04.534+0000][85234.900s][info][gc,task     ] GC(3030) Using 6 workers of 6 for evacuation
[2025-01-07T20:06:04.562+0000][85234.928s][info][gc,phases   ] GC(3030)   Pre Evacuate Collection Set: 0.2ms
[2025-01-07T20:06:04.562+0000][85234.928s][info][gc,phases   ] GC(3030)   Merge Heap Roots: 0.4ms
[2025-01-07T20:06:04.562+0000][85234.928s][info][gc,phases   ] GC(3030)   Evacuate Collection Set: 24.6ms
[2025-01-07T20:06:04.562+0000][85234.928s][info][gc,phases   ] GC(3030)   Post Evacuate Collection Set: 2.5ms
[2025-01-07T20:06:04.562+0000][85234.928s][info][gc,phases   ] GC(3030)   Other: 0.2ms
[2025-01-07T20:06:04.562+0000][85234.928s][info][gc,heap     ] GC(3030) Eden regions: 914->0(913)
[2025-01-07T20:06:04.562+0000][85234.928s][info][gc,heap     ] GC(3030) Survivor regions: 7->8(116)
[2025-01-07T20:06:04.562+0000][85234.928s][info][gc,heap     ] GC(3030) Old regions: 242->242
[2025-01-07T20:06:04.562+0000][85234.928s][info][gc,heap     ] GC(3030) Archive regions: 2->2
[2025-01-07T20:06:04.562+0000][85234.928s][info][gc,heap     ] GC(3030) Humongous regions: 49->49
[2025-01-07T20:06:04.562+0000][85234.928s][info][gc,metaspace] GC(3030) Metaspace: 498665K(506944K)->498665K(506944K) NonClass: 438099K(442368K)->438099K(442368K) Class: 60565K(64576K)->60565K(64576K)
[2025-01-07T20:06:04.562+0000][85234.928s][info][gc          ] GC(3030) Pause Young (Normal) (GCLocker Initiated GC) 9695M->2391M(12288M) 27.978ms
[2025-01-07T20:06:04.562+0000][85234.928s][info][gc,cpu      ] GC(3030) User=0.16s Sys=0.00s Real=0.03s
[2025-01-07T20:06:13.257+0000][85243.623s][info][gc,start    ] GC(3031) Pause Young (Concurrent Start) (G1 Evacuation Pause)
[2025-01-07T20:06:13.257+0000][85243.623s][info][gc,task     ] GC(3031) Using 6 workers of 6 for evacuation
[2025-01-07T20:06:13.292+0000][85243.659s][info][gc,phases   ] GC(3031)   Pre Evacuate Collection Set: 1.0ms
[2025-01-07T20:06:13.292+0000][85243.659s][info][gc,phases   ] GC(3031)   Merge Heap Roots: 0.5ms
[2025-01-07T20:06:13.292+0000][85243.659s][info][gc,phases   ] GC(3031)   Evacuate Collection Set: 31.3ms
[2025-01-07T20:06:13.292+0000][85243.659s][info][gc,phases   ] GC(3031)   Post Evacuate Collection Set: 2.8ms
[2025-01-07T20:06:13.292+0000][85243.659s][info][gc,phases   ] GC(3031)   Other: 0.3ms
[2025-01-07T20:06:13.292+0000][85243.659s][info][gc,heap     ] GC(3031) Eden regions: 913->0(912)
[2025-01-07T20:06:13.292+0000][85243.659s][info][gc,heap     ] GC(3031) Survivor regions: 8->9(116)
[2025-01-07T20:06:13.292+0000][85243.659s][info][gc,heap     ] GC(3031) Old regions: 242->242
[2025-01-07T20:06:13.292+0000][85243.659s][info][gc,heap     ] GC(3031) Archive regions: 2->2
[2025-01-07T20:06:13.292+0000][85243.659s][info][gc,heap     ] GC(3031) Humongous regions: 49->49
[2025-01-07T20:06:13.292+0000][85243.659s][info][gc,metaspace] GC(3031) Metaspace: 498665K(506944K)->498665K(506944K) NonClass: 438099K(442368K)->438099K(442368K) Class: 60565K(64576K)->60565K(64576K)
[2025-01-07T20:06:13.293+0000][85243.659s][info][gc          ] GC(3031) Pause Young (Concurrent Start) (G1 Evacuation Pause) 9695M->2398M(12288M) 35.877ms
[2025-01-07T20:06:13.293+0000][85243.659s][info][gc,cpu      ] GC(3031) User=0.20s Sys=0.00s Real=0.04s
[2025-01-07T20:06:13.293+0000][85243.659s][info][gc          ] GC(3032) Concurrent Mark Cycle
[2025-01-07T20:06:13.293+0000][85243.659s][info][gc,marking  ] GC(3032) Concurrent Clear Claimed Marks
[2025-01-07T20:06:13.293+0000][85243.660s][info][gc,marking  ] GC(3032) Concurrent Clear Claimed Marks 0.839ms
[2025-01-07T20:06:13.293+0000][85243.660s][info][gc,marking  ] GC(3032) Concurrent Scan Root Regions
[2025-01-07T20:06:13.316+0000][85243.682s][info][gc,marking  ] GC(3032) Concurrent Scan Root Regions 22.678ms
[2025-01-07T20:06:13.316+0000][85243.682s][info][gc,marking  ] GC(3032) Concurrent Mark
[2025-01-07T20:06:13.316+0000][85243.682s][info][gc,marking  ] GC(3032) Concurrent Mark From Roots
[2025-01-07T20:06:13.316+0000][85243.682s][info][gc,task     ] GC(3032) Using 2 workers of 2 for marking
[2025-01-07T20:06:14.161+0000][85244.527s][info][gc,marking  ] GC(3032) Concurrent Mark From Roots 844.982ms
[2025-01-07T20:06:14.161+0000][85244.527s][info][gc,marking  ] GC(3032) Concurrent Preclean
[2025-01-07T20:06:14.164+0000][85244.530s][info][gc,marking  ] GC(3032) Concurrent Preclean 2.422ms
[2025-01-07T20:06:14.164+0000][85244.530s][info][gc,start    ] GC(3032) Pause Remark
[2025-01-07T20:06:14.192+0000][85244.558s][info][gc          ] GC(3032) Pause Remark 3486M->3486M(12288M) 28.137ms
[2025-01-07T20:06:14.192+0000][85244.558s][info][gc,cpu      ] GC(3032) User=0.16s Sys=0.00s Real=0.03s
[2025-01-07T20:06:14.192+0000][85244.558s][info][gc,marking  ] GC(3032) Concurrent Mark 875.898ms
[2025-01-07T20:06:14.192+0000][85244.558s][info][gc,marking  ] GC(3032) Concurrent Rebuild Remembered Sets
[2025-01-07T20:06:14.930+0000][85245.296s][info][gc,marking  ] GC(3032) Concurrent Rebuild Remembered Sets 738.198ms
[2025-01-07T20:06:14.930+0000][85245.297s][info][gc,start    ] GC(3032) Pause Cleanup
[2025-01-07T20:06:14.931+0000][85245.297s][info][gc          ] GC(3032) Pause Cleanup 4686M->4686M(12288M) 0.447ms
[2025-01-07T20:06:14.931+0000][85245.297s][info][gc,cpu      ] GC(3032) User=0.00s Sys=0.00s Real=0.00s
[2025-01-07T20:06:14.931+0000][85245.297s][info][gc,marking  ] GC(3032) Concurrent Cleanup for Next Mark
[2025-01-07T20:06:14.947+0000][85245.314s][info][gc,marking  ] GC(3032) Concurrent Cleanup for Next Mark 16.382ms
[2025-01-07T20:06:14.947+0000][85245.314s][info][gc          ] GC(3032) Concurrent Mark Cycle 1654.878ms
[2025-01-07T20:06:20.033+0000][85250.399s][info][gc,start    ] GC(3033) Pause Young (Prepare Mixed) (G1 Evacuation Pause)
[2025-01-07T20:06:20.033+0000][85250.399s][info][gc,task     ] GC(3033) Using 6 workers of 6 for evacuation
[2025-01-07T20:06:20.067+0000][85250.433s][info][gc,phases   ] GC(3033)   Pre Evacuate Collection Set: 0.2ms
[2025-01-07T20:06:20.067+0000][85250.433s][info][gc,phases   ] GC(3033)   Merge Heap Roots: 0.7ms
[2025-01-07T20:06:20.067+0000][85250.433s][info][gc,phases   ] GC(3033)   Evacuate Collection Set: 29.9ms
[2025-01-07T20:06:20.067+0000][85250.433s][info][gc,phases   ] GC(3033)   Post Evacuate Collection Set: 2.6ms
[2025-01-07T20:06:20.067+0000][85250.433s][info][gc,phases   ] GC(3033)   Other: 0.2ms
[2025-01-07T20:06:20.067+0000][85250.433s][info][gc,heap     ] GC(3033) Eden regions: 912->0(66)
[2025-01-07T20:06:20.067+0000][85250.433s][info][gc,heap     ] GC(3033) Survivor regions: 9->10(116)
[2025-01-07T20:06:20.067+0000][85250.433s][info][gc,heap     ] GC(3033) Old regions: 242->242
[2025-01-07T20:06:20.067+0000][85250.433s][info][gc,heap     ] GC(3033) Archive regions: 2->2
[2025-01-07T20:06:20.067+0000][85250.433s][info][gc,heap     ] GC(3033) Humongous regions: 49->49
[2025-01-07T20:06:20.067+0000][85250.433s][info][gc,metaspace] GC(3033) Metaspace: 498665K(506944K)->498665K(506944K) NonClass: 438099K(442368K)->438099K(442368K) Class: 60565K(64576K)->60565K(64576K)
[2025-01-07T20:06:20.067+0000][85250.433s][info][gc          ] GC(3033) Pause Young (Prepare Mixed) (G1 Evacuation Pause) 9694M->2408M(12288M) 33.602ms
[2025-01-07T20:06:20.067+0000][85250.433s][info][gc,cpu      ] GC(3033) User=0.19s Sys=0.01s Real=0.03s
[2025-01-07T20:06:20.565+0000][85250.931s][info][gc,start    ] GC(3034) Pause Young (Mixed) (G1 Evacuation Pause)
[2025-01-07T20:06:20.565+0000][85250.931s][info][gc,task     ] GC(3034) Using 6 workers of 6 for evacuation
[2025-01-07T20:06:20.627+0000][85250.993s][info][gc,phases   ] GC(3034)   Pre Evacuate Collection Set: 0.2ms
[2025-01-07T20:06:20.627+0000][85250.994s][info][gc,phases   ] GC(3034)   Merge Heap Roots: 0.6ms
[2025-01-07T20:06:20.627+0000][85250.994s][info][gc,phases   ] GC(3034)   Evacuate Collection Set: 59.2ms
[2025-01-07T20:06:20.627+0000][85250.994s][info][gc,phases   ] GC(3034)   Post Evacuate Collection Set: 1.9ms
[2025-01-07T20:06:20.627+0000][85250.994s][info][gc,phases   ] GC(3034)   Other: 0.2ms
[2025-01-07T20:06:20.627+0000][85250.994s][info][gc,heap     ] GC(3034) Eden regions: 66->0(910)
[2025-01-07T20:06:20.627+0000][85250.994s][info][gc,heap     ] GC(3034) Survivor regions: 10->8(10)
[2025-01-07T20:06:20.627+0000][85250.994s][info][gc,heap     ] GC(3034) Old regions: 242->243
[2025-01-07T20:06:20.627+0000][85250.994s][info][gc,heap     ] GC(3034) Archive regions: 2->2
[2025-01-07T20:06:20.627+0000][85250.994s][info][gc,heap     ] GC(3034) Humongous regions: 49->49
[2025-01-07T20:06:20.627+0000][85250.994s][info][gc,metaspace] GC(3034) Metaspace: 498665K(506944K)->498665K(506944K) NonClass: 438099K(442368K)->438099K(442368K) Class: 60565K(64576K)->60565K(64576K)
[2025-01-07T20:06:20.628+0000][85250.994s][info][gc          ] GC(3034) Pause Young (Mixed) (G1 Evacuation Pause) 2936M->2396M(12288M) 62.193ms
[2025-01-07T20:06:20.628+0000][85250.994s][info][gc,cpu      ] GC(3034) User=0.35s Sys=0.00s Real=0.06s
[2025-01-07T20:06:25.583+0000][85255.949s][info][gc,start    ] GC(3035) Pause Young (Normal) (G1 Evacuation Pause)
[2025-01-07T20:06:25.583+0000][85255.949s][info][gc,task     ] GC(3035) Using 6 workers of 6 for evacuation
[2025-01-07T20:06:25.609+0000][85255.975s][info][gc,phases   ] GC(3035)   Pre Evacuate Collection Set: 0.2ms
[2025-01-07T20:06:25.609+0000][85255.975s][info][gc,phases   ] GC(3035)   Merge Heap Roots: 0.4ms
[2025-01-07T20:06:25.609+0000][85255.975s][info][gc,phases   ] GC(3035)   Evacuate Collection Set: 21.6ms
[2025-01-07T20:06:25.609+0000][85255.975s][info][gc,phases   ] GC(3035)   Post Evacuate Collection Set: 3.6ms
[2025-01-07T20:06:25.609+0000][85255.975s][info][gc,phases   ] GC(3035)   Other: 0.2ms
[2025-01-07T20:06:25.609+0000][85255.975s][info][gc,heap     ] GC(3035) Eden regions: 910->0(906)
[2025-01-07T20:06:25.609+0000][85255.975s][info][gc,heap     ] GC(3035) Survivor regions: 8->10(115)
[2025-01-07T20:06:25.609+0000][85255.975s][info][gc,heap     ] GC(3035) Old regions: 243->243
[2025-01-07T20:06:25.609+0000][85255.975s][info][gc,heap     ] GC(3035) Archive regions: 2->2
[2025-01-07T20:06:25.609+0000][85255.975s][info][gc,heap     ] GC(3035) Humongous regions: 49->49
[2025-01-07T20:06:25.609+0000][85255.975s][info][gc,metaspace] GC(3035) Metaspace: 498665K(506944K)->498665K(506944K) NonClass: 438099K(442368K)->438099K(442368K) Class: 60565K(64576K)->60565K(64576K)
[2025-01-07T20:06:25.609+0000][85255.975s][info][gc          ] GC(3035) Pause Young (Normal) (G1 Evacuation Pause) 9676M->2409M(12288M) 26.122ms
[2025-01-07T20:06:25.609+0000][85255.975s][info][gc,cpu      ] GC(3035) User=0.15s Sys=0.00s Real=0.02s
[2025-01-07T20:06:31.085+0000][85261.451s][info][gc,start    ] GC(3036) Pause Young (Normal) (G1 Evacuation Pause)
[2025-01-07T20:06:31.085+0000][85261.451s][info][gc,task     ] GC(3036) Using 6 workers of 6 for evacuation
[2025-01-07T20:06:31.108+0000][85261.475s][info][gc,phases   ] GC(3036)   Pre Evacuate Collection Set: 0.2ms
[2025-01-07T20:06:31.109+0000][85261.475s][info][gc,phases   ] GC(3036)   Merge Heap Roots: 0.4ms
[2025-01-07T20:06:31.109+0000][85261.475s][info][gc,phases   ] GC(3036)   Evacuate Collection Set: 18.8ms
[2025-01-07T20:06:31.109+0000][85261.475s][info][gc,phases   ] GC(3036)   Post Evacuate Collection Set: 3.7ms
[2025-01-07T20:06:31.109+0000][85261.475s][info][gc,phases   ] GC(3036)   Other: 0.2ms
[2025-01-07T20:06:31.109+0000][85261.475s][info][gc,heap     ] GC(3036) Eden regions: 906->0(910)
[2025-01-07T20:06:31.109+0000][85261.475s][info][gc,heap     ] GC(3036) Survivor regions: 10->7(115)
[2025-01-07T20:06:31.109+0000][85261.475s][info][gc,heap     ] GC(3036) Old regions: 243->243
[2025-01-07T20:06:31.109+0000][85261.475s][info][gc,heap     ] GC(3036) Archive regions: 2->2
[2025-01-07T20:06:31.109+0000][85261.475s][info][gc,heap     ] GC(3036) Humongous regions: 49->49
[2025-01-07T20:06:31.109+0000][85261.475s][info][gc,metaspace] GC(3036) Metaspace: 498665K(506944K)->498665K(506944K) NonClass: 438099K(442368K)->438099K(442368K) Class: 60565K(64576K)->60565K(64576K)
[2025-01-07T20:06:31.109+0000][85261.475s][info][gc          ] GC(3036) Pause Young (Normal) (G1 Evacuation Pause) 9657M->2390M(12288M) 23.439ms
[2025-01-07T20:06:31.109+0000][85261.475s][info][gc,cpu      ] GC(3036) User=0.14s Sys=0.00s Real=0.02s
[2025-01-07T20:06:37.349+0000][85267.715s][info][gc,start    ] GC(3037) Pause Young (Concurrent Start) (G1 Evacuation Pause)
[2025-01-07T20:06:37.349+0000][85267.715s][info][gc,task     ] GC(3037) Using 6 workers of 6 for evacuation
[2025-01-07T20:06:37.376+0000][85267.742s][info][gc,phases   ] GC(3037)   Pre Evacuate Collection Set: 1.0ms
[2025-01-07T20:06:37.376+0000][85267.742s][info][gc,phases   ] GC(3037)   Merge Heap Roots: 0.4ms
[2025-01-07T20:06:37.376+0000][85267.742s][info][gc,phases   ] GC(3037)   Evacuate Collection Set: 21.9ms
[2025-01-07T20:06:37.376+0000][85267.742s][info][gc,phases   ] GC(3037)   Post Evacuate Collection Set: 3.8ms
[2025-01-07T20:06:37.376+0000][85267.742s][info][gc,phases   ] GC(3037)   Other: 0.3ms
[2025-01-07T20:06:37.376+0000][85267.742s][info][gc,heap     ] GC(3037) Eden regions: 910->0(911)
[2025-01-07T20:06:37.376+0000][85267.742s][info][gc,heap     ] GC(3037) Survivor regions: 7->8(115)
[2025-01-07T20:06:37.376+0000][85267.742s][info][gc,heap     ] GC(3037) Old regions: 243->243
[2025-01-07T20:06:37.376+0000][85267.742s][info][gc,heap     ] GC(3037) Archive regions: 2->2
[2025-01-07T20:06:37.376+0000][85267.742s][info][gc,heap     ] GC(3037) Humongous regions: 49->49
[2025-01-07T20:06:37.376+0000][85267.742s][info][gc,metaspace] GC(3037) Metaspace: 498665K(506944K)->498665K(506944K) NonClass: 438099K(442368K)->438099K(442368K) Class: 60565K(64576K)->60565K(64576K)
[2025-01-07T20:06:37.376+0000][85267.742s][info][gc          ] GC(3037) Pause Young (Concurrent Start) (G1 Evacuation Pause) 9670M->2393M(12288M) 27.406ms
[2025-01-07T20:06:37.376+0000][85267.743s][info][gc,cpu      ] GC(3037) User=0.15s Sys=0.00s Real=0.03s
[2025-01-07T20:06:37.376+0000][85267.743s][info][gc          ] GC(3038) Concurrent Mark Cycle
[2025-01-07T20:06:37.376+0000][85267.743s][info][gc,marking  ] GC(3038) Concurrent Clear Claimed Marks
[2025-01-07T20:06:37.377+0000][85267.743s][info][gc,marking  ] GC(3038) Concurrent Clear Claimed Marks 0.760ms
[2025-01-07T20:06:37.377+0000][85267.743s][info][gc,marking  ] GC(3038) Concurrent Scan Root Regions
[2025-01-07T20:06:37.396+0000][85267.762s][info][gc,marking  ] GC(3038) Concurrent Scan Root Regions 18.864ms
[2025-01-07T20:06:37.396+0000][85267.762s][info][gc,marking  ] GC(3038) Concurrent Mark
[2025-01-07T20:06:37.396+0000][85267.762s][info][gc,marking  ] GC(3038) Concurrent Mark From Roots
[2025-01-07T20:06:37.396+0000][85267.762s][info][gc,task     ] GC(3038) Using 2 workers of 2 for marking
[2025-01-07T20:06:38.204+0000][85268.570s][info][gc,marking  ] GC(3038) Concurrent Mark From Roots 808.174ms
[2025-01-07T20:06:38.204+0000][85268.570s][info][gc,marking  ] GC(3038) Concurrent Preclean
[2025-01-07T20:06:38.207+0000][85268.573s][info][gc,marking  ] GC(3038) Concurrent Preclean 2.547ms
[2025-01-07T20:06:38.207+0000][85268.573s][info][gc,start    ] GC(3038) Pause Remark
[2025-01-07T20:06:38.233+0000][85268.599s][info][gc          ] GC(3038) Pause Remark 3201M->3201M(12288M) 25.671ms
[2025-01-07T20:06:38.233+0000][85268.599s][info][gc,cpu      ] GC(3038) User=0.15s Sys=0.00s Real=0.03s
[2025-01-07T20:06:38.233+0000][85268.599s][info][gc,marking  ] GC(3038) Concurrent Mark 836.745ms
[2025-01-07T20:06:38.233+0000][85268.599s][info][gc,marking  ] GC(3038) Concurrent Rebuild Remembered Sets
[2025-01-07T20:06:38.835+0000][85269.201s][info][gc,marking  ] GC(3038) Concurrent Rebuild Remembered Sets 601.609ms
[2025-01-07T20:06:38.835+0000][85269.201s][info][gc,start    ] GC(3038) Pause Cleanup
[2025-01-07T20:06:38.835+0000][85269.201s][info][gc          ] GC(3038) Pause Cleanup 3881M->3881M(12288M) 0.421ms
[2025-01-07T20:06:38.835+0000][85269.201s][info][gc,cpu      ] GC(3038) User=0.00s Sys=0.00s Real=0.00s
[2025-01-07T20:06:38.835+0000][85269.201s][info][gc,marking  ] GC(3038) Concurrent Cleanup for Next Mark
[2025-01-07T20:06:38.852+0000][85269.218s][info][gc,marking  ] GC(3038) Concurrent Cleanup for Next Mark 16.518ms
[2025-01-07T20:06:38.852+0000][85269.218s][info][gc          ] GC(3038) Concurrent Mark Cycle 1475.318ms
[2025-01-07T20:06:45.445+0000][85275.811s][info][gc,start    ] GC(3039) Pause Young (Prepare Mixed) (G1 Evacuation Pause)
[2025-01-07T20:06:45.445+0000][85275.811s][info][gc,task     ] GC(3039) Using 6 workers of 6 for evacuation
[2025-01-07T20:06:45.474+0000][85275.840s][info][gc,phases   ] GC(3039)   Pre Evacuate Collection Set: 0.2ms
[2025-01-07T20:06:45.474+0000][85275.840s][info][gc,phases   ] GC(3039)   Merge Heap Roots: 0.7ms
[2025-01-07T20:06:45.474+0000][85275.840s][info][gc,phases   ] GC(3039)   Evacuate Collection Set: 25.5ms
[2025-01-07T20:06:45.474+0000][85275.840s][info][gc,phases   ] GC(3039)   Post Evacuate Collection Set: 2.6ms
[2025-01-07T20:06:45.474+0000][85275.840s][info][gc,phases   ] GC(3039)   Other: 0.2ms
[2025-01-07T20:06:45.474+0000][85275.840s][info][gc,heap     ] GC(3039) Eden regions: 911->0(68)
[2025-01-07T20:06:45.474+0000][85275.840s][info][gc,heap     ] GC(3039) Survivor regions: 8->8(115)
[2025-01-07T20:06:45.474+0000][85275.840s][info][gc,heap     ] GC(3039) Old regions: 243->243
[2025-01-07T20:06:45.474+0000][85275.840s][info][gc,heap     ] GC(3039) Archive regions: 2->2
[2025-01-07T20:06:45.474+0000][85275.840s][info][gc,heap     ] GC(3039) Humongous regions: 49->49
[2025-01-07T20:06:45.474+0000][85275.840s][info][gc,metaspace] GC(3039) Metaspace: 498665K(506944K)->498665K(506944K) NonClass: 438099K(442368K)->438099K(442368K) Class: 60565K(64576K)->60565K(64576K)
[2025-01-07T20:06:45.474+0000][85275.840s][info][gc          ] GC(3039) Pause Young (Prepare Mixed) (G1 Evacuation Pause) 9681M->2399M(12288M) 29.292ms
[2025-01-07T20:06:45.474+0000][85275.840s][info][gc,cpu      ] GC(3039) User=0.18s Sys=0.00s Real=0.03s
[2025-01-07T20:06:46.043+0000][85276.409s][info][gc,start    ] GC(3040) Pause Young (Mixed) (G1 Evacuation Pause)
[2025-01-07T20:06:46.043+0000][85276.409s][info][gc,task     ] GC(3040) Using 6 workers of 6 for evacuation
[2025-01-07T20:06:46.110+0000][85276.476s][info][gc,phases   ] GC(3040)   Pre Evacuate Collection Set: 0.2ms
[2025-01-07T20:06:46.110+0000][85276.476s][info][gc,phases   ] GC(3040)   Merge Heap Roots: 0.7ms
[2025-01-07T20:06:46.110+0000][85276.476s][info][gc,phases   ] GC(3040)   Evacuate Collection Set: 62.9ms
[2025-01-07T20:06:46.110+0000][85276.476s][info][gc,phases   ] GC(3040)   Post Evacuate Collection Set: 2.2ms
[2025-01-07T20:06:46.110+0000][85276.476s][info][gc,phases   ] GC(3040)   Other: 0.2ms
[2025-01-07T20:06:46.110+0000][85276.476s][info][gc,heap     ] GC(3040) Eden regions: 68->0(915)
[2025-01-07T20:06:46.110+0000][85276.476s][info][gc,heap     ] GC(3040) Survivor regions: 8->6(10)
[2025-01-07T20:06:46.110+0000][85276.476s][info][gc,heap     ] GC(3040) Old regions: 243->241
[2025-01-07T20:06:46.110+0000][85276.476s][info][gc,heap     ] GC(3040) Archive regions: 2->2
[2025-01-07T20:06:46.110+0000][85276.476s][info][gc,heap     ] GC(3040) Humongous regions: 49->49
[2025-01-07T20:06:46.110+0000][85276.476s][info][gc,metaspace] GC(3040) Metaspace: 498665K(506944K)->498665K(506944K) NonClass: 438099K(442368K)->438099K(442368K) Class: 60565K(64576K)->60565K(64576K)
[2025-01-07T20:06:46.110+0000][85276.476s][info][gc          ] GC(3040) Pause Young (Mixed) (G1 Evacuation Pause) 2943M->2365M(12288M) 66.268ms
[2025-01-07T20:06:46.110+0000][85276.476s][info][gc,cpu      ] GC(3040) User=0.36s Sys=0.00s Real=0.07s
[2025-01-07T20:06:54.404+0000][85284.770s][info][gc,start    ] GC(3041) Pause Young (Normal) (G1 Evacuation Pause)
[2025-01-07T20:06:54.404+0000][85284.770s][info][gc,task     ] GC(3041) Using 6 workers of 6 for evacuation
[2025-01-07T20:06:54.429+0000][85284.796s][info][gc,phases   ] GC(3041)   Pre Evacuate Collection Set: 0.2ms
[2025-01-07T20:06:54.430+0000][85284.796s][info][gc,phases   ] GC(3041)   Merge Heap Roots: 0.4ms
[2025-01-07T20:06:54.430+0000][85284.796s][info][gc,phases   ] GC(3041)   Evacuate Collection Set: 22.4ms
[2025-01-07T20:06:54.430+0000][85284.796s][info][gc,phases   ] GC(3041)   Post Evacuate Collection Set: 2.4ms
[2025-01-07T20:06:54.430+0000][85284.796s][info][gc,phases   ] GC(3041)   Other: 0.2ms
[2025-01-07T20:06:54.430+0000][85284.796s][info][gc,heap     ] GC(3041) Eden regions: 915->0(914)
[2025-01-07T20:06:54.430+0000][85284.796s][info][gc,heap     ] GC(3041) Survivor regions: 6->7(116)
[2025-01-07T20:06:54.430+0000][85284.796s][info][gc,heap     ] GC(3041) Old regions: 241->241
[2025-01-07T20:06:54.430+0000][85284.796s][info][gc,heap     ] GC(3041) Archive regions: 2->2
[2025-01-07T20:06:54.430+0000][85284.796s][info][gc,heap     ] GC(3041) Humongous regions: 49->49
[2025-01-07T20:06:54.430+0000][85284.796s][info][gc,metaspace] GC(3041) Metaspace: 498665K(506944K)->498665K(506944K) NonClass: 438099K(442368K)->438099K(442368K) Class: 60565K(64576K)->60565K(64576K)
[2025-01-07T20:06:54.430+0000][85284.796s][info][gc          ] GC(3041) Pause Young (Normal) (G1 Evacuation Pause) 9685M->2375M(12288M) 25.713ms
[2025-01-07T20:06:54.430+0000][85284.796s][info][gc,cpu      ] GC(3041) User=0.15s Sys=0.00s Real=0.03s
[2025-01-07T20:07:02.749+0000][85293.115s][info][gc,start    ] GC(3042) Pause Young (Normal) (G1 Evacuation Pause)
[2025-01-07T20:07:02.749+0000][85293.116s][info][gc,task     ] GC(3042) Using 6 workers of 6 for evacuation
[2025-01-07T20:07:02.778+0000][85293.145s][info][gc,phases   ] GC(3042)   Pre Evacuate Collection Set: 0.2ms
[2025-01-07T20:07:02.778+0000][85293.145s][info][gc,phases   ] GC(3042)   Merge Heap Roots: 0.4ms
[2025-01-07T20:07:02.778+0000][85293.145s][info][gc,phases   ] GC(3042)   Evacuate Collection Set: 25.6ms
[2025-01-07T20:07:02.778+0000][85293.145s][info][gc,phases   ] GC(3042)   Post Evacuate Collection Set: 2.6ms
[2025-01-07T20:07:02.778+0000][85293.145s][info][gc,phases   ] GC(3042)   Other: 0.3ms
[2025-01-07T20:07:02.778+0000][85293.145s][info][gc,heap     ] GC(3042) Eden regions: 914->0(912)
[2025-01-07T20:07:02.778+0000][85293.145s][info][gc,heap     ] GC(3042) Survivor regions: 7->9(116)
[2025-01-07T20:07:02.778+0000][85293.145s][info][gc,heap     ] GC(3042) Old regions: 241->241
[2025-01-07T20:07:02.778+0000][85293.145s][info][gc,heap     ] GC(3042) Archive regions: 2->2
[2025-01-07T20:07:02.778+0000][85293.145s][info][gc,heap     ] GC(3042) Humongous regions: 49->49
[2025-01-07T20:07:02.778+0000][85293.145s][info][gc,metaspace] GC(3042) Metaspace: 498665K(506944K)->498665K(506944K) NonClass: 438099K(442368K)->438099K(442368K) Class: 60565K(64576K)->60565K(64576K)
[2025-01-07T20:07:02.779+0000][85293.145s][info][gc          ] GC(3042) Pause Young (Normal) (G1 Evacuation Pause) 9687M->2388M(12288M) 29.153ms
[2025-01-07T20:07:02.779+0000][85293.145s][info][gc,cpu      ] GC(3042) User=0.17s Sys=0.00s Real=0.03s
[2025-01-07T20:07:10.205+0000][85300.571s][info][gc,start    ] GC(3043) Pause Young (Concurrent Start) (G1 Evacuation Pause)
[2025-01-07T20:07:10.205+0000][85300.572s][info][gc,task     ] GC(3043) Using 6 workers of 6 for evacuation
[2025-01-07T20:07:10.238+0000][85300.604s][info][gc,phases   ] GC(3043)   Pre Evacuate Collection Set: 1.0ms
[2025-01-07T20:07:10.238+0000][85300.604s][info][gc,phases   ] GC(3043)   Merge Heap Roots: 0.5ms
[2025-01-07T20:07:10.238+0000][85300.604s][info][gc,phases   ] GC(3043)   Evacuate Collection Set: 28.5ms
[2025-01-07T20:07:10.238+0000][85300.604s][info][gc,phases   ] GC(3043)   Post Evacuate Collection Set: 2.5ms
[2025-01-07T20:07:10.238+0000][85300.604s][info][gc,phases   ] GC(3043)   Other: 0.3ms
[2025-01-07T20:07:10.238+0000][85300.604s][info][gc,heap     ] GC(3043) Eden regions: 912->0(911)
[2025-01-07T20:07:10.238+0000][85300.604s][info][gc,heap     ] GC(3043) Survivor regions: 9->10(116)
[2025-01-07T20:07:10.238+0000][85300.604s][info][gc,heap     ] GC(3043) Old regions: 241->241
[2025-01-07T20:07:10.238+0000][85300.604s][info][gc,heap     ] GC(3043) Archive regions: 2->2
[2025-01-07T20:07:10.238+0000][85300.604s][info][gc,heap     ] GC(3043) Humongous regions: 49->49
[2025-01-07T20:07:10.238+0000][85300.604s][info][gc,metaspace] GC(3043) Metaspace: 498665K(506944K)->498665K(506944K) NonClass: 438099K(442368K)->438099K(442368K) Class: 60565K(64576K)->60565K(64576K)
[2025-01-07T20:07:10.238+0000][85300.604s][info][gc          ] GC(3043) Pause Young (Concurrent Start) (G1 Evacuation Pause) 9684M->2399M(12288M) 32.890ms
[2025-01-07T20:07:10.238+0000][85300.604s][info][gc,cpu      ] GC(3043) User=0.19s Sys=0.00s Real=0.03s
[2025-01-07T20:07:10.238+0000][85300.604s][info][gc          ] GC(3044) Concurrent Mark Cycle
[2025-01-07T20:07:10.238+0000][85300.604s][info][gc,marking  ] GC(3044) Concurrent Clear Claimed Marks
[2025-01-07T20:07:10.239+0000][85300.605s][info][gc,marking  ] GC(3044) Concurrent Clear Claimed Marks 0.817ms
[2025-01-07T20:07:10.239+0000][85300.605s][info][gc,marking  ] GC(3044) Concurrent Scan Root Regions
[2025-01-07T20:07:10.263+0000][85300.629s][info][gc,marking  ] GC(3044) Concurrent Scan Root Regions 24.060ms
[2025-01-07T20:07:10.263+0000][85300.629s][info][gc,marking  ] GC(3044) Concurrent Mark
[2025-01-07T20:07:10.263+0000][85300.629s][info][gc,marking  ] GC(3044) Concurrent Mark From Roots
[2025-01-07T20:07:10.263+0000][85300.629s][info][gc,task     ] GC(3044) Using 2 workers of 2 for marking
[2025-01-07T20:07:11.242+0000][85301.609s][info][gc,marking  ] GC(3044) Concurrent Mark From Roots 979.140ms
[2025-01-07T20:07:11.242+0000][85301.609s][info][gc,marking  ] GC(3044) Concurrent Preclean
[2025-01-07T20:07:11.245+0000][85301.611s][info][gc,marking  ] GC(3044) Concurrent Preclean 2.560ms
[2025-01-07T20:07:11.245+0000][85301.611s][info][gc,start    ] GC(3044) Pause Remark
[2025-01-07T20:07:11.271+0000][85301.637s][info][gc          ] GC(3044) Pause Remark 3607M->3607M(12288M) 25.545ms
[2025-01-07T20:07:11.271+0000][85301.637s][info][gc,cpu      ] GC(3044) User=0.15s Sys=0.00s Real=0.03s
[2025-01-07T20:07:11.271+0000][85301.637s][info][gc,marking  ] GC(3044) Concurrent Mark 1007.661ms
[2025-01-07T20:07:11.271+0000][85301.637s][info][gc,marking  ] GC(3044) Concurrent Rebuild Remembered Sets
[2025-01-07T20:07:11.819+0000][85302.185s][info][gc,marking  ] GC(3044) Concurrent Rebuild Remembered Sets 547.558ms
[2025-01-07T20:07:11.819+0000][85302.185s][info][gc,start    ] GC(3044) Pause Cleanup
[2025-01-07T20:07:11.819+0000][85302.185s][info][gc          ] GC(3044) Pause Cleanup 4247M->4247M(12288M) 0.426ms
[2025-01-07T20:07:11.819+0000][85302.185s][info][gc,cpu      ] GC(3044) User=0.00s Sys=0.00s Real=0.00s
[2025-01-07T20:07:11.819+0000][85302.185s][info][gc,marking  ] GC(3044) Concurrent Cleanup for Next Mark
[2025-01-07T20:07:11.835+0000][85302.202s][info][gc,marking  ] GC(3044) Concurrent Cleanup for Next Mark 16.275ms
[2025-01-07T20:07:11.836+0000][85302.202s][info][gc          ] GC(3044) Concurrent Mark Cycle 1597.199ms
[2025-01-07T20:07:16.980+0000][85307.346s][info][gc,start    ] GC(3045) Pause Young (Prepare Mixed) (G1 Evacuation Pause)
[2025-01-07T20:07:16.980+0000][85307.346s][info][gc,task     ] GC(3045) Using 6 workers of 6 for evacuation
[2025-01-07T20:07:17.015+0000][85307.381s][info][gc,phases   ] GC(3045)   Pre Evacuate Collection Set: 0.2ms
[2025-01-07T20:07:17.015+0000][85307.381s][info][gc,phases   ] GC(3045)   Merge Heap Roots: 0.7ms
[2025-01-07T20:07:17.015+0000][85307.381s][info][gc,phases   ] GC(3045)   Evacuate Collection Set: 30.1ms
[2025-01-07T20:07:17.015+0000][85307.381s][info][gc,phases   ] GC(3045)   Post Evacuate Collection Set: 4.1ms
[2025-01-07T20:07:17.015+0000][85307.381s][info][gc,phases   ] GC(3045)   Other: 0.2ms
[2025-01-07T20:07:17.015+0000][85307.381s][info][gc,heap     ] GC(3045) Eden regions: 911->0(64)
[2025-01-07T20:07:17.015+0000][85307.381s][info][gc,heap     ] GC(3045) Survivor regions: 10->12(116)
[2025-01-07T20:07:17.015+0000][85307.381s][info][gc,heap     ] GC(3045) Old regions: 241->241
[2025-01-07T20:07:17.015+0000][85307.381s][info][gc,heap     ] GC(3045) Archive regions: 2->2
[2025-01-07T20:07:17.015+0000][85307.381s][info][gc,heap     ] GC(3045) Humongous regions: 49->49
[2025-01-07T20:07:17.015+0000][85307.381s][info][gc,metaspace] GC(3045) Metaspace: 498665K(506944K)->498665K(506944K) NonClass: 438099K(442368K)->438099K(442368K) Class: 60565K(64576K)->60565K(64576K)
[2025-01-07T20:07:17.015+0000][85307.381s][info][gc          ] GC(3045) Pause Young (Prepare Mixed) (G1 Evacuation Pause) 9687M->2409M(12288M) 35.412ms
[2025-01-07T20:07:17.015+0000][85307.381s][info][gc,cpu      ] GC(3045) User=0.21s Sys=0.00s Real=0.04s
[2025-01-07T20:07:17.350+0000][85307.716s][info][gc,start    ] GC(3046) Pause Young (Mixed) (G1 Evacuation Pause)
[2025-01-07T20:07:17.350+0000][85307.716s][info][gc,task     ] GC(3046) Using 6 workers of 6 for evacuation
[2025-01-07T20:07:17.415+0000][85307.781s][info][gc,phases   ] GC(3046)   Pre Evacuate Collection Set: 0.2ms
[2025-01-07T20:07:17.415+0000][85307.781s][info][gc,phases   ] GC(3046)   Merge Heap Roots: 0.7ms
[2025-01-07T20:07:17.415+0000][85307.781s][info][gc,phases   ] GC(3046)   Evacuate Collection Set: 61.7ms
[2025-01-07T20:07:17.415+0000][85307.781s][info][gc,phases   ] GC(3046)   Post Evacuate Collection Set: 1.7ms
[2025-01-07T20:07:17.415+0000][85307.781s][info][gc,phases   ] GC(3046)   Other: 0.2ms
[2025-01-07T20:07:17.415+0000][85307.781s][info][gc,heap     ] GC(3046) Eden regions: 64->0(916)
[2025-01-07T20:07:17.415+0000][85307.781s][info][gc,heap     ] GC(3046) Survivor regions: 12->5(10)
[2025-01-07T20:07:17.415+0000][85307.781s][info][gc,heap     ] GC(3046) Old regions: 241->243
[2025-01-07T20:07:17.415+0000][85307.781s][info][gc,heap     ] GC(3046) Archive regions: 2->2
[2025-01-07T20:07:17.415+0000][85307.781s][info][gc,heap     ] GC(3046) Humongous regions: 49->49
[2025-01-07T20:07:17.415+0000][85307.781s][info][gc,metaspace] GC(3046) Metaspace: 498665K(506944K)->498665K(506944K) NonClass: 438099K(442368K)->438099K(442368K) Class: 60565K(64576K)->60565K(64576K)
[2025-01-07T20:07:17.415+0000][85307.781s][info][gc          ] GC(3046) Pause Young (Mixed) (G1 Evacuation Pause) 2921M->2375M(12288M) 64.610ms
[2025-01-07T20:07:17.415+0000][85307.781s][info][gc,cpu      ] GC(3046) User=0.38s Sys=0.00s Real=0.06s
[2025-01-07T20:07:21.885+0000][85312.251s][info][gc,start    ] GC(3047) Pause Young (Normal) (G1 Evacuation Pause)
[2025-01-07T20:07:21.885+0000][85312.251s][info][gc,task     ] GC(3047) Using 6 workers of 6 for evacuation
[2025-01-07T20:07:21.907+0000][85312.273s][info][gc,phases   ] GC(3047)   Pre Evacuate Collection Set: 0.2ms
[2025-01-07T20:07:21.907+0000][85312.273s][info][gc,phases   ] GC(3047)   Merge Heap Roots: 0.4ms
[2025-01-07T20:07:21.907+0000][85312.273s][info][gc,phases   ] GC(3047)   Evacuate Collection Set: 17.0ms
[2025-01-07T20:07:21.907+0000][85312.273s][info][gc,phases   ] GC(3047)   Post Evacuate Collection Set: 3.8ms
[2025-01-07T20:07:21.907+0000][85312.273s][info][gc,phases   ] GC(3047)   Other: 0.2ms
[2025-01-07T20:07:21.907+0000][85312.273s][info][gc,heap     ] GC(3047) Eden regions: 916->0(914)
[2025-01-07T20:07:21.907+0000][85312.273s][info][gc,heap     ] GC(3047) Survivor regions: 5->6(116)
[2025-01-07T20:07:21.907+0000][85312.273s][info][gc,heap     ] GC(3047) Old regions: 243->243
[2025-01-07T20:07:21.907+0000][85312.273s][info][gc,heap     ] GC(3047) Archive regions: 2->2
[2025-01-07T20:07:21.907+0000][85312.273s][info][gc,heap     ] GC(3047) Humongous regions: 49->49
[2025-01-07T20:07:21.907+0000][85312.273s][info][gc,metaspace] GC(3047) Metaspace: 498665K(506944K)->498665K(506944K) NonClass: 438099K(442368K)->438099K(442368K) Class: 60565K(64576K)->60565K(64576K)
[2025-01-07T20:07:21.907+0000][85312.273s][info][gc          ] GC(3047) Pause Young (Normal) (G1 Evacuation Pause) 9703M->2381M(12288M) 21.711ms
[2025-01-07T20:07:21.907+0000][85312.273s][info][gc,cpu      ] GC(3047) User=0.12s Sys=0.00s Real=0.02s
[2025-01-07T20:07:29.895+0000][85320.262s][info][gc,start    ] GC(3048) Pause Young (Normal) (G1 Evacuation Pause)
[2025-01-07T20:07:29.895+0000][85320.262s][info][gc,task     ] GC(3048) Using 6 workers of 6 for evacuation
[2025-01-07T20:07:29.919+0000][85320.285s][info][gc,phases   ] GC(3048)   Pre Evacuate Collection Set: 0.2ms
[2025-01-07T20:07:29.919+0000][85320.285s][info][gc,phases   ] GC(3048)   Merge Heap Roots: 0.4ms
[2025-01-07T20:07:29.919+0000][85320.285s][info][gc,phases   ] GC(3048)   Evacuate Collection Set: 19.8ms
[2025-01-07T20:07:29.919+0000][85320.285s][info][gc,phases   ] GC(3048)   Post Evacuate Collection Set: 2.6ms
[2025-01-07T20:07:29.919+0000][85320.285s][info][gc,phases   ] GC(3048)   Other: 0.2ms
[2025-01-07T20:07:29.919+0000][85320.285s][info][gc,heap     ] GC(3048) Eden regions: 914->0(915)
[2025-01-07T20:07:29.919+0000][85320.285s][info][gc,heap     ] GC(3048) Survivor regions: 6->6(115)
[2025-01-07T20:07:29.919+0000][85320.285s][info][gc,heap     ] GC(3048) Old regions: 243->243
[2025-01-07T20:07:29.919+0000][85320.285s][info][gc,heap     ] GC(3048) Archive regions: 2->2
[2025-01-07T20:07:29.919+0000][85320.285s][info][gc,heap     ] GC(3048) Humongous regions: 49->49
[2025-01-07T20:07:29.919+0000][85320.285s][info][gc,metaspace] GC(3048) Metaspace: 498665K(506944K)->498665K(506944K) NonClass: 438099K(442368K)->438099K(442368K) Class: 60565K(64576K)->60565K(64576K)
[2025-01-07T20:07:29.919+0000][85320.285s][info][gc          ] GC(3048) Pause Young (Normal) (G1 Evacuation Pause) 9693M->2385M(12288M) 23.264ms
[2025-01-07T20:07:29.919+0000][85320.285s][info][gc,cpu      ] GC(3048) User=0.13s Sys=0.01s Real=0.02s
[2025-01-07T20:07:38.863+0000][85329.229s][info][gc,start    ] GC(3049) Pause Young (Concurrent Start) (G1 Evacuation Pause)
[2025-01-07T20:07:38.863+0000][85329.229s][info][gc,task     ] GC(3049) Using 6 workers of 6 for evacuation
[2025-01-07T20:07:38.893+0000][85329.259s][info][gc,phases   ] GC(3049)   Pre Evacuate Collection Set: 1.0ms
[2025-01-07T20:07:38.893+0000][85329.259s][info][gc,phases   ] GC(3049)   Merge Heap Roots: 0.4ms
[2025-01-07T20:07:38.893+0000][85329.259s][info][gc,phases   ] GC(3049)   Evacuate Collection Set: 24.8ms
[2025-01-07T20:07:38.893+0000][85329.259s][info][gc,phases   ] GC(3049)   Post Evacuate Collection Set: 4.0ms
[2025-01-07T20:07:38.893+0000][85329.259s][info][gc,phases   ] GC(3049)   Other: 0.3ms
[2025-01-07T20:07:38.893+0000][85329.259s][info][gc,heap     ] GC(3049) Eden regions: 915->0(912)
[2025-01-07T20:07:38.893+0000][85329.259s][info][gc,heap     ] GC(3049) Survivor regions: 6->9(116)
[2025-01-07T20:07:38.893+0000][85329.259s][info][gc,heap     ] GC(3049) Old regions: 243->243
[2025-01-07T20:07:38.893+0000][85329.259s][info][gc,heap     ] GC(3049) Archive regions: 2->2
[2025-01-07T20:07:38.893+0000][85329.259s][info][gc,heap     ] GC(3049) Humongous regions: 49->49
[2025-01-07T20:07:38.893+0000][85329.259s][info][gc,metaspace] GC(3049) Metaspace: 498665K(506944K)->498665K(506944K) NonClass: 438099K(442368K)->438099K(442368K) Class: 60565K(64576K)->60565K(64576K)
[2025-01-07T20:07:38.893+0000][85329.259s][info][gc          ] GC(3049) Pause Young (Concurrent Start) (G1 Evacuation Pause) 9705M->2403M(12288M) 30.594ms
[2025-01-07T20:07:38.893+0000][85329.259s][info][gc,cpu      ] GC(3049) User=0.17s Sys=0.01s Real=0.03s
[2025-01-07T20:07:38.893+0000][85329.259s][info][gc          ] GC(3050) Concurrent Mark Cycle
[2025-01-07T20:07:38.893+0000][85329.259s][info][gc,marking  ] GC(3050) Concurrent Clear Claimed Marks
[2025-01-07T20:07:38.894+0000][85329.260s][info][gc,marking  ] GC(3050) Concurrent Clear Claimed Marks 0.827ms
[2025-01-07T20:07:38.894+0000][85329.260s][info][gc,marking  ] GC(3050) Concurrent Scan Root Regions
[2025-01-07T20:07:38.917+0000][85329.283s][info][gc,marking  ] GC(3050) Concurrent Scan Root Regions 23.312ms
[2025-01-07T20:07:38.917+0000][85329.283s][info][gc,marking  ] GC(3050) Concurrent Mark
[2025-01-07T20:07:38.917+0000][85329.284s][info][gc,marking  ] GC(3050) Concurrent Mark From Roots
[2025-01-07T20:07:38.917+0000][85329.284s][info][gc,task     ] GC(3050) Using 2 workers of 2 for marking
[2025-01-07T20:07:39.740+0000][85330.106s][info][gc,marking  ] GC(3050) Concurrent Mark From Roots 822.233ms
[2025-01-07T20:07:39.740+0000][85330.106s][info][gc,marking  ] GC(3050) Concurrent Preclean
[2025-01-07T20:07:39.742+0000][85330.108s][info][gc,marking  ] GC(3050) Concurrent Preclean 1.919ms
[2025-01-07T20:07:39.742+0000][85330.108s][info][gc,start    ] GC(3050) Pause Remark
[2025-01-07T20:07:39.768+0000][85330.134s][info][gc          ] GC(3050) Pause Remark 3051M->3051M(12288M) 26.598ms
[2025-01-07T20:07:39.768+0000][85330.135s][info][gc,cpu      ] GC(3050) User=0.15s Sys=0.00s Real=0.02s
[2025-01-07T20:07:39.769+0000][85330.135s][info][gc,marking  ] GC(3050) Concurrent Mark 851.123ms
[2025-01-07T20:07:39.769+0000][85330.135s][info][gc,marking  ] GC(3050) Concurrent Rebuild Remembered Sets
[2025-01-07T20:07:40.239+0000][85330.605s][info][gc,marking  ] GC(3050) Concurrent Rebuild Remembered Sets 470.724ms
[2025-01-07T20:07:40.239+0000][85330.606s][info][gc,start    ] GC(3050) Pause Cleanup
[2025-01-07T20:07:40.240+0000][85330.606s][info][gc          ] GC(3050) Pause Cleanup 3411M->3411M(12288M) 0.394ms
[2025-01-07T20:07:40.240+0000][85330.606s][info][gc,cpu      ] GC(3050) User=0.00s Sys=0.00s Real=0.00s
[2025-01-07T20:07:40.240+0000][85330.606s][info][gc,marking  ] GC(3050) Concurrent Cleanup for Next Mark
[2025-01-07T20:07:40.256+0000][85330.622s][info][gc,marking  ] GC(3050) Concurrent Cleanup for Next Mark 16.193ms
[2025-01-07T20:07:40.256+0000][85330.622s][info][gc          ] GC(3050) Concurrent Mark Cycle 1363.036ms
[2025-01-07T20:07:45.600+0000][85335.966s][info][gc,start    ] GC(3051) Pause Young (Prepare Mixed) (G1 Evacuation Pause)
[2025-01-07T20:07:45.600+0000][85335.966s][info][gc,task     ] GC(3051) Using 6 workers of 6 for evacuation
[2025-01-07T20:07:45.630+0000][85335.996s][info][gc,phases   ] GC(3051)   Pre Evacuate Collection Set: 0.2ms
[2025-01-07T20:07:45.630+0000][85335.996s][info][gc,phases   ] GC(3051)   Merge Heap Roots: 0.6ms
[2025-01-07T20:07:45.630+0000][85335.996s][info][gc,phases   ] GC(3051)   Evacuate Collection Set: 26.2ms
[2025-01-07T20:07:45.630+0000][85335.996s][info][gc,phases   ] GC(3051)   Post Evacuate Collection Set: 2.5ms
[2025-01-07T20:07:45.630+0000][85335.996s][info][gc,phases   ] GC(3051)   Other: 0.2ms
[2025-01-07T20:07:45.630+0000][85335.996s][info][gc,heap     ] GC(3051) Eden regions: 912->0(67)
[2025-01-07T20:07:45.630+0000][85335.996s][info][gc,heap     ] GC(3051) Survivor regions: 9->9(116)
[2025-01-07T20:07:45.630+0000][85335.996s][info][gc,heap     ] GC(3051) Old regions: 243->243
[2025-01-07T20:07:45.630+0000][85335.996s][info][gc,heap     ] GC(3051) Archive regions: 2->2
[2025-01-07T20:07:45.630+0000][85335.996s][info][gc,heap     ] GC(3051) Humongous regions: 49->49
[2025-01-07T20:07:45.630+0000][85335.996s][info][gc,metaspace] GC(3051) Metaspace: 498665K(506944K)->498665K(506944K) NonClass: 438099K(442368K)->438099K(442368K) Class: 60565K(64576K)->60565K(64576K)
[2025-01-07T20:07:45.630+0000][85335.996s][info][gc          ] GC(3051) Pause Young (Prepare Mixed) (G1 Evacuation Pause) 9699M->2403M(12288M) 29.844ms
[2025-01-07T20:07:45.630+0000][85335.996s][info][gc,cpu      ] GC(3051) User=0.18s Sys=0.00s Real=0.04s
[2025-01-07T20:07:45.929+0000][85336.295s][info][gc,start    ] GC(3052) Pause Young (Mixed) (G1 Evacuation Pause)
[2025-01-07T20:07:45.929+0000][85336.295s][info][gc,task     ] GC(3052) Using 6 workers of 6 for evacuation
[2025-01-07T20:07:45.983+0000][85336.349s][info][gc,phases   ] GC(3052)   Pre Evacuate Collection Set: 0.2ms
[2025-01-07T20:07:45.983+0000][85336.349s][info][gc,phases   ] GC(3052)   Merge Heap Roots: 0.6ms
[2025-01-07T20:07:45.983+0000][85336.349s][info][gc,phases   ] GC(3052)   Evacuate Collection Set: 51.6ms
[2025-01-07T20:07:45.983+0000][85336.349s][info][gc,phases   ] GC(3052)   Post Evacuate Collection Set: 1.7ms
[2025-01-07T20:07:45.983+0000][85336.349s][info][gc,phases   ] GC(3052)   Other: 0.2ms
[2025-01-07T20:07:45.983+0000][85336.349s][info][gc,heap     ] GC(3052) Eden regions: 67->0(915)
[2025-01-07T20:07:45.983+0000][85336.349s][info][gc,heap     ] GC(3052) Survivor regions: 9->6(10)
[2025-01-07T20:07:45.983+0000][85336.349s][info][gc,heap     ] GC(3052) Old regions: 243->242
[2025-01-07T20:07:45.983+0000][85336.349s][info][gc,heap     ] GC(3052) Archive regions: 2->2
[2025-01-07T20:07:45.983+0000][85336.349s][info][gc,heap     ] GC(3052) Humongous regions: 49->49
[2025-01-07T20:07:45.983+0000][85336.349s][info][gc,metaspace] GC(3052) Metaspace: 498665K(506944K)->498665K(506944K) NonClass: 438099K(442368K)->438099K(442368K) Class: 60565K(64576K)->60565K(64576K)
[2025-01-07T20:07:45.983+0000][85336.349s][info][gc          ] GC(3052) Pause Young (Mixed) (G1 Evacuation Pause) 2939M->2381M(12288M) 54.401ms
[2025-01-07T20:07:45.983+0000][85336.349s][info][gc,cpu      ] GC(3052) User=0.30s Sys=0.00s Real=0.06s
[2025-01-07T20:07:55.529+0000][85345.895s][info][gc,start    ] GC(3053) Pause Young (Normal) (G1 Evacuation Pause)
[2025-01-07T20:07:55.529+0000][85345.895s][info][gc,task     ] GC(3053) Using 6 workers of 6 for evacuation
[2025-01-07T20:07:55.558+0000][85345.924s][info][gc,phases   ] GC(3053)   Pre Evacuate Collection Set: 0.2ms
[2025-01-07T20:07:55.558+0000][85345.924s][info][gc,phases   ] GC(3053)   Merge Heap Roots: 0.5ms
[2025-01-07T20:07:55.558+0000][85345.924s][info][gc,phases   ] GC(3053)   Evacuate Collection Set: 25.8ms
[2025-01-07T20:07:55.558+0000][85345.924s][info][gc,phases   ] GC(3053)   Post Evacuate Collection Set: 2.5ms
[2025-01-07T20:07:55.558+0000][85345.924s][info][gc,phases   ] GC(3053)   Other: 0.2ms
[2025-01-07T20:07:55.558+0000][85345.924s][info][gc,heap     ] GC(3053) Eden regions: 915->0(913)
[2025-01-07T20:07:55.558+0000][85345.924s][info][gc,heap     ] GC(3053) Survivor regions: 6->8(116)
[2025-01-07T20:07:55.558+0000][85345.924s][info][gc,heap     ] GC(3053) Old regions: 242->242
[2025-01-07T20:07:55.558+0000][85345.924s][info][gc,heap     ] GC(3053) Archive regions: 2->2
[2025-01-07T20:07:55.558+0000][85345.924s][info][gc,heap     ] GC(3053) Humongous regions: 49->49
[2025-01-07T20:07:55.558+0000][85345.924s][info][gc,metaspace] GC(3053) Metaspace: 498665K(506944K)->498665K(506944K) NonClass: 438099K(442368K)->438099K(442368K) Class: 60565K(64576K)->60565K(64576K)
[2025-01-07T20:07:55.558+0000][85345.924s][info][gc          ] GC(3053) Pause Young (Normal) (G1 Evacuation Pause) 9701M->2394M(12288M) 29.381ms
[2025-01-07T20:07:55.558+0000][85345.924s][info][gc,cpu      ] GC(3053) User=0.18s Sys=0.00s Real=0.03s
[2025-01-07T20:08:03.084+0000][85353.450s][info][gc,start    ] GC(3054) Pause Young (Normal) (G1 Evacuation Pause)
[2025-01-07T20:08:03.084+0000][85353.450s][info][gc,task     ] GC(3054) Using 6 workers of 6 for evacuation
[2025-01-07T20:08:03.113+0000][85353.480s][info][gc,phases   ] GC(3054)   Pre Evacuate Collection Set: 0.2ms
[2025-01-07T20:08:03.114+0000][85353.480s][info][gc,phases   ] GC(3054)   Merge Heap Roots: 0.4ms
[2025-01-07T20:08:03.114+0000][85353.480s][info][gc,phases   ] GC(3054)   Evacuate Collection Set: 25.8ms
[2025-01-07T20:08:03.114+0000][85353.480s][info][gc,phases   ] GC(3054)   Post Evacuate Collection Set: 2.5ms
[2025-01-07T20:08:03.114+0000][85353.480s][info][gc,phases   ] GC(3054)   Other: 0.2ms
[2025-01-07T20:08:03.114+0000][85353.480s][info][gc,heap     ] GC(3054) Eden regions: 913->0(912)
[2025-01-07T20:08:03.114+0000][85353.480s][info][gc,heap     ] GC(3054) Survivor regions: 8->9(116)
[2025-01-07T20:08:03.114+0000][85353.480s][info][gc,heap     ] GC(3054) Old regions: 242->242
[2025-01-07T20:08:03.114+0000][85353.480s][info][gc,heap     ] GC(3054) Archive regions: 2->2
[2025-01-07T20:08:03.114+0000][85353.480s][info][gc,heap     ] GC(3054) Humongous regions: 49->49
[2025-01-07T20:08:03.114+0000][85353.480s][info][gc,metaspace] GC(3054) Metaspace: 498665K(506944K)->498665K(506944K) NonClass: 438099K(442368K)->438099K(442368K) Class: 60565K(64576K)->60565K(64576K)
[2025-01-07T20:08:03.114+0000][85353.480s][info][gc          ] GC(3054) Pause Young (Normal) (G1 Evacuation Pause) 9698M->2399M(12288M) 29.313ms
[2025-01-07T20:08:03.114+0000][85353.480s][info][gc,cpu      ] GC(3054) User=0.17s Sys=0.00s Real=0.03s
[2025-01-07T20:08:07.658+0000][85358.024s][info][gc,start    ] GC(3055) Pause Young (Concurrent Start) (G1 Evacuation Pause)
[2025-01-07T20:08:07.658+0000][85358.024s][info][gc,task     ] GC(3055) Using 6 workers of 6 for evacuation
[2025-01-07T20:08:07.689+0000][85358.055s][info][gc,phases   ] GC(3055)   Pre Evacuate Collection Set: 1.0ms
[2025-01-07T20:08:07.689+0000][85358.055s][info][gc,phases   ] GC(3055)   Merge Heap Roots: 0.4ms
[2025-01-07T20:08:07.689+0000][85358.055s][info][gc,phases   ] GC(3055)   Evacuate Collection Set: 27.4ms
[2025-01-07T20:08:07.689+0000][85358.055s][info][gc,phases   ] GC(3055)   Post Evacuate Collection Set: 2.3ms
[2025-01-07T20:08:07.689+0000][85358.055s][info][gc,phases   ] GC(3055)   Other: 0.3ms
[2025-01-07T20:08:07.689+0000][85358.055s][info][gc,heap     ] GC(3055) Eden regions: 912->0(912)
[2025-01-07T20:08:07.689+0000][85358.055s][info][gc,heap     ] GC(3055) Survivor regions: 9->9(116)
[2025-01-07T20:08:07.689+0000][85358.055s][info][gc,heap     ] GC(3055) Old regions: 242->242
[2025-01-07T20:08:07.689+0000][85358.055s][info][gc,heap     ] GC(3055) Archive regions: 2->2
[2025-01-07T20:08:07.689+0000][85358.055s][info][gc,heap     ] GC(3055) Humongous regions: 49->49
[2025-01-07T20:08:07.689+0000][85358.055s][info][gc,metaspace] GC(3055) Metaspace: 498665K(506944K)->498665K(506944K) NonClass: 438099K(442368K)->438099K(442368K) Class: 60565K(64576K)->60565K(64576K)
[2025-01-07T20:08:07.689+0000][85358.055s][info][gc          ] GC(3055) Pause Young (Concurrent Start) (G1 Evacuation Pause) 9695M->2405M(12288M) 31.543ms
[2025-01-07T20:08:07.689+0000][85358.055s][info][gc,cpu      ] GC(3055) User=0.18s Sys=0.00s Real=0.03s
[2025-01-07T20:08:07.689+0000][85358.055s][info][gc          ] GC(3056) Concurrent Mark Cycle
[2025-01-07T20:08:07.689+0000][85358.055s][info][gc,marking  ] GC(3056) Concurrent Clear Claimed Marks
[2025-01-07T20:08:07.690+0000][85358.056s][info][gc,marking  ] GC(3056) Concurrent Clear Claimed Marks 0.821ms
[2025-01-07T20:08:07.690+0000][85358.056s][info][gc,marking  ] GC(3056) Concurrent Scan Root Regions
[2025-01-07T20:08:07.712+0000][85358.078s][info][gc,marking  ] GC(3056) Concurrent Scan Root Regions 22.277ms
[2025-01-07T20:08:07.712+0000][85358.078s][info][gc,marking  ] GC(3056) Concurrent Mark
[2025-01-07T20:08:07.712+0000][85358.078s][info][gc,marking  ] GC(3056) Concurrent Mark From Roots
[2025-01-07T20:08:07.712+0000][85358.078s][info][gc,task     ] GC(3056) Using 2 workers of 2 for marking
[2025-01-07T20:08:08.626+0000][85358.992s][info][gc,marking  ] GC(3056) Concurrent Mark From Roots 913.338ms
[2025-01-07T20:08:08.626+0000][85358.992s][info][gc,marking  ] GC(3056) Concurrent Preclean
[2025-01-07T20:08:08.629+0000][85358.995s][info][gc,marking  ] GC(3056) Concurrent Preclean 2.779ms
[2025-01-07T20:08:08.629+0000][85358.995s][info][gc,start    ] GC(3056) Pause Remark
[2025-01-07T20:08:08.654+0000][85359.020s][info][gc          ] GC(3056) Pause Remark 3677M->3677M(12288M) 25.686ms
[2025-01-07T20:08:08.654+0000][85359.021s][info][gc,cpu      ] GC(3056) User=0.15s Sys=0.00s Real=0.03s
[2025-01-07T20:08:08.655+0000][85359.021s][info][gc,marking  ] GC(3056) Concurrent Mark 942.208ms
[2025-01-07T20:08:08.655+0000][85359.021s][info][gc,marking  ] GC(3056) Concurrent Rebuild Remembered Sets
[2025-01-07T20:08:09.196+0000][85359.562s][info][gc,marking  ] GC(3056) Concurrent Rebuild Remembered Sets 541.414ms
[2025-01-07T20:08:09.196+0000][85359.562s][info][gc,start    ] GC(3056) Pause Cleanup
[2025-01-07T20:08:09.197+0000][85359.563s][info][gc          ] GC(3056) Pause Cleanup 4381M->4381M(12288M) 0.453ms
[2025-01-07T20:08:09.197+0000][85359.563s][info][gc,cpu      ] GC(3056) User=0.00s Sys=0.00s Real=0.00s
[2025-01-07T20:08:09.197+0000][85359.563s][info][gc,marking  ] GC(3056) Concurrent Cleanup for Next Mark
[2025-01-07T20:08:09.212+0000][85359.578s][info][gc,marking  ] GC(3056) Concurrent Cleanup for Next Mark 15.439ms
[2025-01-07T20:08:09.212+0000][85359.578s][info][gc          ] GC(3056) Concurrent Mark Cycle 1523.014ms
[2025-01-07T20:08:11.985+0000][85362.351s][info][gc,start    ] GC(3057) Pause Young (Prepare Mixed) (G1 Evacuation Pause)
[2025-01-07T20:08:11.985+0000][85362.351s][info][gc,task     ] GC(3057) Using 6 workers of 6 for evacuation
[2025-01-07T20:08:12.019+0000][85362.385s][info][gc,phases   ] GC(3057)   Pre Evacuate Collection Set: 0.2ms
[2025-01-07T20:08:12.019+0000][85362.385s][info][gc,phases   ] GC(3057)   Merge Heap Roots: 0.7ms
[2025-01-07T20:08:12.019+0000][85362.385s][info][gc,phases   ] GC(3057)   Evacuate Collection Set: 29.1ms
[2025-01-07T20:08:12.019+0000][85362.385s][info][gc,phases   ] GC(3057)   Post Evacuate Collection Set: 3.8ms
[2025-01-07T20:08:12.019+0000][85362.385s][info][gc,phases   ] GC(3057)   Other: 0.2ms
[2025-01-07T20:08:12.019+0000][85362.385s][info][gc,heap     ] GC(3057) Eden regions: 912->0(66)
[2025-01-07T20:08:12.019+0000][85362.385s][info][gc,heap     ] GC(3057) Survivor regions: 9->10(116)
[2025-01-07T20:08:12.019+0000][85362.385s][info][gc,heap     ] GC(3057) Old regions: 242->242
[2025-01-07T20:08:12.019+0000][85362.385s][info][gc,heap     ] GC(3057) Archive regions: 2->2
[2025-01-07T20:08:12.019+0000][85362.385s][info][gc,heap     ] GC(3057) Humongous regions: 49->49
[2025-01-07T20:08:12.019+0000][85362.385s][info][gc,metaspace] GC(3057) Metaspace: 498665K(506944K)->498665K(506944K) NonClass: 438099K(442368K)->438099K(442368K) Class: 60565K(64576K)->60565K(64576K)
[2025-01-07T20:08:12.019+0000][85362.385s][info][gc          ] GC(3057) Pause Young (Prepare Mixed) (G1 Evacuation Pause) 9701M->2413M(12288M) 34.113ms
[2025-01-07T20:08:12.019+0000][85362.385s][info][gc,cpu      ] GC(3057) User=0.19s Sys=0.00s Real=0.03s
[2025-01-07T20:08:12.250+0000][85362.616s][info][gc,start    ] GC(3058) Pause Young (Mixed) (G1 Evacuation Pause)
[2025-01-07T20:08:12.250+0000][85362.616s][info][gc,task     ] GC(3058) Using 6 workers of 6 for evacuation
[2025-01-07T20:08:12.291+0000][85362.657s][info][gc,phases   ] GC(3058)   Pre Evacuate Collection Set: 0.2ms
[2025-01-07T20:08:12.291+0000][85362.657s][info][gc,phases   ] GC(3058)   Merge Heap Roots: 0.4ms
[2025-01-07T20:08:12.291+0000][85362.657s][info][gc,phases   ] GC(3058)   Evacuate Collection Set: 39.3ms
[2025-01-07T20:08:12.291+0000][85362.657s][info][gc,phases   ] GC(3058)   Post Evacuate Collection Set: 1.6ms
[2025-01-07T20:08:12.291+0000][85362.657s][info][gc,phases   ] GC(3058)   Other: 0.2ms
[2025-01-07T20:08:12.291+0000][85362.657s][info][gc,heap     ] GC(3058) Eden regions: 66->0(916)
[2025-01-07T20:08:12.291+0000][85362.657s][info][gc,heap     ] GC(3058) Survivor regions: 10->5(10)
[2025-01-07T20:08:12.291+0000][85362.657s][info][gc,heap     ] GC(3058) Old regions: 242->241
[2025-01-07T20:08:12.291+0000][85362.657s][info][gc,heap     ] GC(3058) Archive regions: 2->2
[2025-01-07T20:08:12.291+0000][85362.657s][info][gc,heap     ] GC(3058) Humongous regions: 49->49
[2025-01-07T20:08:12.291+0000][85362.657s][info][gc,metaspace] GC(3058) Metaspace: 498665K(506944K)->498665K(506944K) NonClass: 438099K(442368K)->438099K(442368K) Class: 60565K(64576K)->60565K(64576K)
[2025-01-07T20:08:12.291+0000][85362.657s][info][gc          ] GC(3058) Pause Young (Mixed) (G1 Evacuation Pause) 2941M->2356M(12288M) 41.759ms
[2025-01-07T20:08:12.291+0000][85362.658s][info][gc,cpu      ] GC(3058) User=0.24s Sys=0.00s Real=0.04s
[2025-01-07T20:08:22.314+0000][85372.680s][info][gc,start    ] GC(3059) Pause Young (Normal) (G1 Evacuation Pause)
[2025-01-07T20:08:22.314+0000][85372.680s][info][gc,task     ] GC(3059) Using 6 workers of 6 for evacuation
[2025-01-07T20:08:22.339+0000][85372.705s][info][gc,phases   ] GC(3059)   Pre Evacuate Collection Set: 0.2ms
[2025-01-07T20:08:22.339+0000][85372.705s][info][gc,phases   ] GC(3059)   Merge Heap Roots: 0.4ms
[2025-01-07T20:08:22.339+0000][85372.705s][info][gc,phases   ] GC(3059)   Evacuate Collection Set: 20.5ms
[2025-01-07T20:08:22.339+0000][85372.705s][info][gc,phases   ] GC(3059)   Post Evacuate Collection Set: 4.0ms
[2025-01-07T20:08:22.339+0000][85372.705s][info][gc,phases   ] GC(3059)   Other: 0.2ms
[2025-01-07T20:08:22.339+0000][85372.705s][info][gc,heap     ] GC(3059) Eden regions: 916->0(915)
[2025-01-07T20:08:22.339+0000][85372.705s][info][gc,heap     ] GC(3059) Survivor regions: 5->6(116)
[2025-01-07T20:08:22.339+0000][85372.705s][info][gc,heap     ] GC(3059) Old regions: 241->241
[2025-01-07T20:08:22.339+0000][85372.705s][info][gc,heap     ] GC(3059) Archive regions: 2->2
[2025-01-07T20:08:22.339+0000][85372.705s][info][gc,heap     ] GC(3059) Humongous regions: 49->49
[2025-01-07T20:08:22.339+0000][85372.705s][info][gc,metaspace] GC(3059) Metaspace: 498665K(506944K)->498665K(506944K) NonClass: 438099K(442368K)->438099K(442368K) Class: 60565K(64576K)->60565K(64576K)
[2025-01-07T20:08:22.339+0000][85372.705s][info][gc          ] GC(3059) Pause Young (Normal) (G1 Evacuation Pause) 9684M->2369M(12288M) 25.340ms
[2025-01-07T20:08:22.339+0000][85372.705s][info][gc,cpu      ] GC(3059) User=0.14s Sys=0.00s Real=0.02s
[2025-01-07T20:08:28.466+0000][85378.832s][info][gc,start    ] GC(3060) Pause Young (Normal) (G1 Evacuation Pause)
[2025-01-07T20:08:28.466+0000][85378.832s][info][gc,task     ] GC(3060) Using 6 workers of 6 for evacuation
[2025-01-07T20:08:28.492+0000][85378.858s][info][gc,phases   ] GC(3060)   Pre Evacuate Collection Set: 0.2ms
[2025-01-07T20:08:28.492+0000][85378.858s][info][gc,phases   ] GC(3060)   Merge Heap Roots: 0.4ms
[2025-01-07T20:08:28.492+0000][85378.858s][info][gc,phases   ] GC(3060)   Evacuate Collection Set: 21.1ms
[2025-01-07T20:08:28.492+0000][85378.858s][info][gc,phases   ] GC(3060)   Post Evacuate Collection Set: 3.8ms
[2025-01-07T20:08:28.492+0000][85378.858s][info][gc,phases   ] GC(3060)   Other: 0.2ms
[2025-01-07T20:08:28.492+0000][85378.858s][info][gc,heap     ] GC(3060) Eden regions: 915->0(914)
[2025-01-07T20:08:28.492+0000][85378.858s][info][gc,heap     ] GC(3060) Survivor regions: 6->7(116)
[2025-01-07T20:08:28.492+0000][85378.858s][info][gc,heap     ] GC(3060) Old regions: 241->241
[2025-01-07T20:08:28.492+0000][85378.858s][info][gc,heap     ] GC(3060) Archive regions: 2->2
[2025-01-07T20:08:28.492+0000][85378.858s][info][gc,heap     ] GC(3060) Humongous regions: 49->49
[2025-01-07T20:08:28.492+0000][85378.858s][info][gc,metaspace] GC(3060) Metaspace: 498665K(506944K)->498665K(506944K) NonClass: 438099K(442368K)->438099K(442368K) Class: 60565K(64576K)->60565K(64576K)
[2025-01-07T20:08:28.492+0000][85378.858s][info][gc          ] GC(3060) Pause Young (Normal) (G1 Evacuation Pause) 9689M->2377M(12288M) 25.780ms
[2025-01-07T20:08:28.492+0000][85378.858s][info][gc,cpu      ] GC(3060) User=0.15s Sys=0.00s Real=0.03s
[2025-01-07T20:08:34.736+0000][85385.102s][info][gc,start    ] GC(3061) Pause Young (Concurrent Start) (G1 Evacuation Pause)
[2025-01-07T20:08:34.736+0000][85385.102s][info][gc,task     ] GC(3061) Using 6 workers of 6 for evacuation
[2025-01-07T20:08:34.764+0000][85385.130s][info][gc,phases   ] GC(3061)   Pre Evacuate Collection Set: 1.0ms
[2025-01-07T20:08:34.764+0000][85385.130s][info][gc,phases   ] GC(3061)   Merge Heap Roots: 0.4ms
[2025-01-07T20:08:34.764+0000][85385.130s][info][gc,phases   ] GC(3061)   Evacuate Collection Set: 23.6ms
[2025-01-07T20:08:34.764+0000][85385.130s][info][gc,phases   ] GC(3061)   Post Evacuate Collection Set: 2.4ms
[2025-01-07T20:08:34.764+0000][85385.130s][info][gc,phases   ] GC(3061)   Other: 0.3ms
[2025-01-07T20:08:34.764+0000][85385.130s][info][gc,heap     ] GC(3061) Eden regions: 914->0(914)
[2025-01-07T20:08:34.764+0000][85385.130s][info][gc,heap     ] GC(3061) Survivor regions: 7->7(116)
[2025-01-07T20:08:34.764+0000][85385.130s][info][gc,heap     ] GC(3061) Old regions: 241->241
[2025-01-07T20:08:34.764+0000][85385.130s][info][gc,heap     ] GC(3061) Archive regions: 2->2
[2025-01-07T20:08:34.764+0000][85385.130s][info][gc,heap     ] GC(3061) Humongous regions: 49->49
[2025-01-07T20:08:34.764+0000][85385.130s][info][gc,metaspace] GC(3061) Metaspace: 498665K(506944K)->498665K(506944K) NonClass: 438099K(442368K)->438099K(442368K) Class: 60565K(64576K)->60565K(64576K)
[2025-01-07T20:08:34.764+0000][85385.130s][info][gc          ] GC(3061) Pause Young (Concurrent Start) (G1 Evacuation Pause) 9689M->2376M(12288M) 27.891ms
[2025-01-07T20:08:34.764+0000][85385.130s][info][gc,cpu      ] GC(3061) User=0.15s Sys=0.01s Real=0.03s
[2025-01-07T20:08:34.764+0000][85385.130s][info][gc          ] GC(3062) Concurrent Mark Cycle
[2025-01-07T20:08:34.764+0000][85385.130s][info][gc,marking  ] GC(3062) Concurrent Clear Claimed Marks
[2025-01-07T20:08:34.765+0000][85385.131s][info][gc,marking  ] GC(3062) Concurrent Clear Claimed Marks 0.804ms
[2025-01-07T20:08:34.765+0000][85385.131s][info][gc,marking  ] GC(3062) Concurrent Scan Root Regions
[2025-01-07T20:08:34.782+0000][85385.148s][info][gc,marking  ] GC(3062) Concurrent Scan Root Regions 17.380ms
[2025-01-07T20:08:34.782+0000][85385.148s][info][gc,marking  ] GC(3062) Concurrent Mark
[2025-01-07T20:08:34.782+0000][85385.148s][info][gc,marking  ] GC(3062) Concurrent Mark From Roots
[2025-01-07T20:08:34.782+0000][85385.148s][info][gc,task     ] GC(3062) Using 2 workers of 2 for marking
[2025-01-07T20:08:35.642+0000][85386.008s][info][gc,marking  ] GC(3062) Concurrent Mark From Roots 859.635ms
[2025-01-07T20:08:35.642+0000][85386.008s][info][gc,marking  ] GC(3062) Concurrent Preclean
[2025-01-07T20:08:35.644+0000][85386.010s][info][gc,marking  ] GC(3062) Concurrent Preclean 2.653ms
[2025-01-07T20:08:35.645+0000][85386.011s][info][gc,start    ] GC(3062) Pause Remark
[2025-01-07T20:08:35.670+0000][85386.036s][info][gc          ] GC(3062) Pause Remark 3185M->3185M(12288M) 25.719ms
[2025-01-07T20:08:35.670+0000][85386.036s][info][gc,cpu      ] GC(3062) User=0.14s Sys=0.01s Real=0.03s
[2025-01-07T20:08:35.671+0000][85386.037s][info][gc,marking  ] GC(3062) Concurrent Mark 888.581ms
[2025-01-07T20:08:35.671+0000][85386.037s][info][gc,marking  ] GC(3062) Concurrent Rebuild Remembered Sets
[2025-01-07T20:08:36.221+0000][85386.587s][info][gc,marking  ] GC(3062) Concurrent Rebuild Remembered Sets 550.739ms
[2025-01-07T20:08:36.221+0000][85386.588s][info][gc,start    ] GC(3062) Pause Cleanup
[2025-01-07T20:08:36.222+0000][85386.588s][info][gc          ] GC(3062) Pause Cleanup 3720M->3720M(12288M) 0.440ms
[2025-01-07T20:08:36.222+0000][85386.588s][info][gc,cpu      ] GC(3062) User=0.00s Sys=0.01s Real=0.00s
[2025-01-07T20:08:36.222+0000][85386.588s][info][gc,marking  ] GC(3062) Concurrent Cleanup for Next Mark
[2025-01-07T20:08:36.250+0000][85386.616s][info][gc,marking  ] GC(3062) Concurrent Cleanup for Next Mark 27.798ms
[2025-01-07T20:08:36.250+0000][85386.616s][info][gc          ] GC(3062) Concurrent Mark Cycle 1486.158ms
[2025-01-07T20:08:43.980+0000][85394.346s][info][gc,start    ] GC(3063) Pause Young (Prepare Mixed) (G1 Evacuation Pause)
[2025-01-07T20:08:43.980+0000][85394.346s][info][gc,task     ] GC(3063) Using 6 workers of 6 for evacuation
[2025-01-07T20:08:44.013+0000][85394.379s][info][gc,phases   ] GC(3063)   Pre Evacuate Collection Set: 0.2ms
[2025-01-07T20:08:44.013+0000][85394.379s][info][gc,phases   ] GC(3063)   Merge Heap Roots: 0.7ms
[2025-01-07T20:08:44.013+0000][85394.379s][info][gc,phases   ] GC(3063)   Evacuate Collection Set: 29.3ms
[2025-01-07T20:08:44.013+0000][85394.379s][info][gc,phases   ] GC(3063)   Post Evacuate Collection Set: 2.7ms
[2025-01-07T20:08:44.013+0000][85394.379s][info][gc,phases   ] GC(3063)   Other: 0.2ms
[2025-01-07T20:08:44.013+0000][85394.379s][info][gc,heap     ] GC(3063) Eden regions: 914->0(67)
[2025-01-07T20:08:44.013+0000][85394.379s][info][gc,heap     ] GC(3063) Survivor regions: 7->9(116)
[2025-01-07T20:08:44.013+0000][85394.379s][info][gc,heap     ] GC(3063) Old regions: 241->241
[2025-01-07T20:08:44.013+0000][85394.379s][info][gc,heap     ] GC(3063) Archive regions: 2->2
[2025-01-07T20:08:44.013+0000][85394.379s][info][gc,heap     ] GC(3063) Humongous regions: 49->49
[2025-01-07T20:08:44.013+0000][85394.379s][info][gc,metaspace] GC(3063) Metaspace: 498665K(506944K)->498665K(506944K) NonClass: 438099K(442368K)->438099K(442368K) Class: 60565K(64576K)->60565K(64576K)
[2025-01-07T20:08:44.013+0000][85394.379s][info][gc          ] GC(3063) Pause Young (Prepare Mixed) (G1 Evacuation Pause) 9688M->2389M(12288M) 33.171ms
[2025-01-07T20:08:44.013+0000][85394.380s][info][gc,cpu      ] GC(3063) User=0.19s Sys=0.00s Real=0.04s
[2025-01-07T20:08:44.509+0000][85394.875s][info][gc,start    ] GC(3064) Pause Young (Mixed) (G1 Evacuation Pause)
[2025-01-07T20:08:44.509+0000][85394.875s][info][gc,task     ] GC(3064) Using 6 workers of 6 for evacuation
[2025-01-07T20:08:44.561+0000][85394.927s][info][gc,phases   ] GC(3064)   Pre Evacuate Collection Set: 0.2ms
[2025-01-07T20:08:44.561+0000][85394.927s][info][gc,phases   ] GC(3064)   Merge Heap Roots: 0.6ms
[2025-01-07T20:08:44.561+0000][85394.927s][info][gc,phases   ] GC(3064)   Evacuate Collection Set: 49.1ms
[2025-01-07T20:08:44.561+0000][85394.927s][info][gc,phases   ] GC(3064)   Post Evacuate Collection Set: 1.7ms
[2025-01-07T20:08:44.561+0000][85394.927s][info][gc,phases   ] GC(3064)   Other: 0.2ms
[2025-01-07T20:08:44.561+0000][85394.927s][info][gc,heap     ] GC(3064) Eden regions: 67->0(915)
[2025-01-07T20:08:44.561+0000][85394.927s][info][gc,heap     ] GC(3064) Survivor regions: 9->6(10)
[2025-01-07T20:08:44.561+0000][85394.927s][info][gc,heap     ] GC(3064) Old regions: 241->239
[2025-01-07T20:08:44.561+0000][85394.927s][info][gc,heap     ] GC(3064) Archive regions: 2->2
[2025-01-07T20:08:44.561+0000][85394.927s][info][gc,heap     ] GC(3064) Humongous regions: 49->49
[2025-01-07T20:08:44.561+0000][85394.927s][info][gc,metaspace] GC(3064) Metaspace: 498665K(506944K)->498665K(506944K) NonClass: 438099K(442368K)->438099K(442368K) Class: 60565K(64576K)->60565K(64576K)
[2025-01-07T20:08:44.561+0000][85394.927s][info][gc          ] GC(3064) Pause Young (Mixed) (G1 Evacuation Pause) 2925M->2354M(12288M) 51.920ms
[2025-01-07T20:08:44.561+0000][85394.927s][info][gc,cpu      ] GC(3064) User=0.30s Sys=0.01s Real=0.05s
[2025-01-07T20:08:53.603+0000][85403.969s][info][gc,start    ] GC(3065) Pause Young (Normal) (G1 Evacuation Pause)
[2025-01-07T20:08:53.603+0000][85403.969s][info][gc,task     ] GC(3065) Using 6 workers of 6 for evacuation
[2025-01-07T20:08:53.630+0000][85403.997s][info][gc,phases   ] GC(3065)   Pre Evacuate Collection Set: 0.2ms
[2025-01-07T20:08:53.630+0000][85403.997s][info][gc,phases   ] GC(3065)   Merge Heap Roots: 0.4ms
[2025-01-07T20:08:53.630+0000][85403.997s][info][gc,phases   ] GC(3065)   Evacuate Collection Set: 24.5ms
[2025-01-07T20:08:53.630+0000][85403.997s][info][gc,phases   ] GC(3065)   Post Evacuate Collection Set: 2.6ms
[2025-01-07T20:08:53.630+0000][85403.997s][info][gc,phases   ] GC(3065)   Other: 0.2ms
[2025-01-07T20:08:53.630+0000][85403.997s][info][gc,heap     ] GC(3065) Eden regions: 915->0(914)
[2025-01-07T20:08:53.630+0000][85403.997s][info][gc,heap     ] GC(3065) Survivor regions: 6->7(116)
[2025-01-07T20:08:53.630+0000][85403.997s][info][gc,heap     ] GC(3065) Old regions: 239->239
[2025-01-07T20:08:53.630+0000][85403.997s][info][gc,heap     ] GC(3065) Archive regions: 2->2
[2025-01-07T20:08:53.630+0000][85403.997s][info][gc,heap     ] GC(3065) Humongous regions: 49->49
[2025-01-07T20:08:53.631+0000][85403.997s][info][gc,metaspace] GC(3065) Metaspace: 498665K(506944K)->498665K(506944K) NonClass: 438099K(442368K)->438099K(442368K) Class: 60565K(64576K)->60565K(64576K)
[2025-01-07T20:08:53.631+0000][85403.997s][info][gc          ] GC(3065) Pause Young (Normal) (G1 Evacuation Pause) 9674M->2364M(12288M) 27.987ms
[2025-01-07T20:08:53.631+0000][85403.997s][info][gc,cpu      ] GC(3065) User=0.16s Sys=0.00s Real=0.03s
[2025-01-07T20:09:03.076+0000][85413.442s][info][gc,start    ] GC(3066) Pause Young (Normal) (G1 Evacuation Pause)
[2025-01-07T20:09:03.076+0000][85413.442s][info][gc,task     ] GC(3066) Using 6 workers of 6 for evacuation
[2025-01-07T20:09:03.107+0000][85413.473s][info][gc,phases   ] GC(3066)   Pre Evacuate Collection Set: 0.2ms
[2025-01-07T20:09:03.107+0000][85413.474s][info][gc,phases   ] GC(3066)   Merge Heap Roots: 0.4ms
[2025-01-07T20:09:03.107+0000][85413.474s][info][gc,phases   ] GC(3066)   Evacuate Collection Set: 28.4ms
[2025-01-07T20:09:03.107+0000][85413.474s][info][gc,phases   ] GC(3066)   Post Evacuate Collection Set: 2.6ms
[2025-01-07T20:09:03.107+0000][85413.474s][info][gc,phases   ] GC(3066)   Other: 0.2ms
[2025-01-07T20:09:03.107+0000][85413.474s][info][gc,heap     ] GC(3066) Eden regions: 914->0(912)
[2025-01-07T20:09:03.107+0000][85413.474s][info][gc,heap     ] GC(3066) Survivor regions: 7->9(116)
[2025-01-07T20:09:03.107+0000][85413.474s][info][gc,heap     ] GC(3066) Old regions: 239->239
[2025-01-07T20:09:03.107+0000][85413.474s][info][gc,heap     ] GC(3066) Archive regions: 2->2
[2025-01-07T20:09:03.107+0000][85413.474s][info][gc,heap     ] GC(3066) Humongous regions: 49->49
[2025-01-07T20:09:03.107+0000][85413.474s][info][gc,metaspace] GC(3066) Metaspace: 498665K(506944K)->498665K(506944K) NonClass: 438100K(442368K)->438100K(442368K) Class: 60565K(64576K)->60565K(64576K)
[2025-01-07T20:09:03.108+0000][85413.474s][info][gc          ] GC(3066) Pause Young (Normal) (G1 Evacuation Pause) 9676M->2377M(12288M) 31.935ms
[2025-01-07T20:09:03.108+0000][85413.474s][info][gc,cpu      ] GC(3066) User=0.19s Sys=0.00s Real=0.03s
[2025-01-07T20:09:10.590+0000][85420.956s][info][gc,start    ] GC(3067) Pause Young (Concurrent Start) (G1 Evacuation Pause)
[2025-01-07T20:09:10.590+0000][85420.956s][info][gc,task     ] GC(3067) Using 6 workers of 6 for evacuation
[2025-01-07T20:09:10.630+0000][85420.996s][info][gc,phases   ] GC(3067)   Pre Evacuate Collection Set: 1.0ms
[2025-01-07T20:09:10.630+0000][85420.996s][info][gc,phases   ] GC(3067)   Merge Heap Roots: 0.5ms
[2025-01-07T20:09:10.630+0000][85420.996s][info][gc,phases   ] GC(3067)   Evacuate Collection Set: 34.8ms
[2025-01-07T20:09:10.630+0000][85420.996s][info][gc,phases   ] GC(3067)   Post Evacuate Collection Set: 3.3ms
[2025-01-07T20:09:10.630+0000][85420.996s][info][gc,phases   ] GC(3067)   Other: 0.3ms
[2025-01-07T20:09:10.630+0000][85420.996s][info][gc,heap     ] GC(3067) Eden regions: 912->0(908)
[2025-01-07T20:09:10.630+0000][85420.996s][info][gc,heap     ] GC(3067) Survivor regions: 9->13(116)
[2025-01-07T20:09:10.630+0000][85420.996s][info][gc,heap     ] GC(3067) Old regions: 239->239
[2025-01-07T20:09:10.630+0000][85420.996s][info][gc,heap     ] GC(3067) Archive regions: 2->2
[2025-01-07T20:09:10.630+0000][85420.996s][info][gc,heap     ] GC(3067) Humongous regions: 49->49
[2025-01-07T20:09:10.630+0000][85420.996s][info][gc,metaspace] GC(3067) Metaspace: 498665K(506944K)->498665K(506944K) NonClass: 438100K(442368K)->438100K(442368K) Class: 60565K(64576K)->60565K(64576K)
[2025-01-07T20:09:10.630+0000][85420.996s][info][gc          ] GC(3067) Pause Young (Concurrent Start) (G1 Evacuation Pause) 9673M->2414M(12288M) 39.981ms
[2025-01-07T20:09:10.630+0000][85420.996s][info][gc,cpu      ] GC(3067) User=0.23s Sys=0.00s Real=0.04s
[2025-01-07T20:09:10.630+0000][85420.996s][info][gc          ] GC(3068) Concurrent Mark Cycle
[2025-01-07T20:09:10.630+0000][85420.996s][info][gc,marking  ] GC(3068) Concurrent Clear Claimed Marks
[2025-01-07T20:09:10.631+0000][85420.997s][info][gc,marking  ] GC(3068) Concurrent Clear Claimed Marks 0.820ms
[2025-01-07T20:09:10.631+0000][85420.997s][info][gc,marking  ] GC(3068) Concurrent Scan Root Regions
[2025-01-07T20:09:10.666+0000][85421.033s][info][gc,marking  ] GC(3068) Concurrent Scan Root Regions 35.713ms
[2025-01-07T20:09:10.666+0000][85421.033s][info][gc,marking  ] GC(3068) Concurrent Mark
[2025-01-07T20:09:10.666+0000][85421.033s][info][gc,marking  ] GC(3068) Concurrent Mark From Roots
[2025-01-07T20:09:10.666+0000][85421.033s][info][gc,task     ] GC(3068) Using 2 workers of 2 for marking
[2025-01-07T20:09:11.545+0000][85421.911s][info][gc,marking  ] GC(3068) Concurrent Mark From Roots 878.504ms
[2025-01-07T20:09:11.545+0000][85421.911s][info][gc,marking  ] GC(3068) Concurrent Preclean
[2025-01-07T20:09:11.547+0000][85421.913s][info][gc,marking  ] GC(3068) Concurrent Preclean 2.015ms
[2025-01-07T20:09:11.547+0000][85421.913s][info][gc,start    ] GC(3068) Pause Remark
[2025-01-07T20:09:11.573+0000][85421.940s][info][gc          ] GC(3068) Pause Remark 3306M->3306M(12288M) 26.215ms
[2025-01-07T20:09:11.574+0000][85421.940s][info][gc,cpu      ] GC(3068) User=0.15s Sys=0.00s Real=0.03s
[2025-01-07T20:09:11.574+0000][85421.940s][info][gc,marking  ] GC(3068) Concurrent Mark 907.139ms
[2025-01-07T20:09:11.574+0000][85421.940s][info][gc,marking  ] GC(3068) Concurrent Rebuild Remembered Sets
[2025-01-07T20:09:12.102+0000][85422.468s][info][gc,marking  ] GC(3068) Concurrent Rebuild Remembered Sets 527.991ms
[2025-01-07T20:09:12.102+0000][85422.468s][info][gc,start    ] GC(3068) Pause Cleanup
[2025-01-07T20:09:12.102+0000][85422.468s][info][gc          ] GC(3068) Pause Cleanup 3834M->3834M(12288M) 0.437ms
[2025-01-07T20:09:12.102+0000][85422.468s][info][gc,cpu      ] GC(3068) User=0.00s Sys=0.00s Real=0.00s
[2025-01-07T20:09:12.102+0000][85422.468s][info][gc,marking  ] GC(3068) Concurrent Cleanup for Next Mark
[2025-01-07T20:09:12.118+0000][85422.484s][info][gc,marking  ] GC(3068) Concurrent Cleanup for Next Mark 15.448ms
[2025-01-07T20:09:12.118+0000][85422.484s][info][gc          ] GC(3068) Concurrent Mark Cycle 1488.022ms
[2025-01-07T20:09:18.277+0000][85428.643s][info][gc,start    ] GC(3069) Pause Young (Prepare Mixed) (G1 Evacuation Pause)
[2025-01-07T20:09:18.277+0000][85428.643s][info][gc,task     ] GC(3069) Using 6 workers of 6 for evacuation
[2025-01-07T20:09:18.318+0000][85428.684s][info][gc,phases   ] GC(3069)   Pre Evacuate Collection Set: 0.2ms
[2025-01-07T20:09:18.318+0000][85428.684s][info][gc,phases   ] GC(3069)   Merge Heap Roots: 0.8ms
[2025-01-07T20:09:18.318+0000][85428.684s][info][gc,phases   ] GC(3069)   Evacuate Collection Set: 35.1ms
[2025-01-07T20:09:18.318+0000][85428.684s][info][gc,phases   ] GC(3069)   Post Evacuate Collection Set: 4.6ms
[2025-01-07T20:09:18.318+0000][85428.684s][info][gc,phases   ] GC(3069)   Other: 0.2ms
[2025-01-07T20:09:18.318+0000][85428.684s][info][gc,heap     ] GC(3069) Eden regions: 908->0(63)
[2025-01-07T20:09:18.318+0000][85428.684s][info][gc,heap     ] GC(3069) Survivor regions: 13->13(116)
[2025-01-07T20:09:18.318+0000][85428.684s][info][gc,heap     ] GC(3069) Old regions: 239->239
[2025-01-07T20:09:18.318+0000][85428.684s][info][gc,heap     ] GC(3069) Archive regions: 2->2
[2025-01-07T20:09:18.318+0000][85428.684s][info][gc,heap     ] GC(3069) Humongous regions: 49->49
[2025-01-07T20:09:18.318+0000][85428.684s][info][gc,metaspace] GC(3069) Metaspace: 498665K(506944K)->498665K(506944K) NonClass: 438100K(442368K)->438100K(442368K) Class: 60565K(64576K)->60565K(64576K)
[2025-01-07T20:09:18.318+0000][85428.684s][info][gc          ] GC(3069) Pause Young (Prepare Mixed) (G1 Evacuation Pause) 9678M->2412M(12288M) 40.991ms
[2025-01-07T20:09:18.318+0000][85428.684s][info][gc,cpu      ] GC(3069) User=0.24s Sys=0.00s Real=0.04s
[2025-01-07T20:09:18.916+0000][85429.282s][info][gc,start    ] GC(3070) Pause Young (Mixed) (G1 Evacuation Pause)
[2025-01-07T20:09:18.916+0000][85429.282s][info][gc,task     ] GC(3070) Using 6 workers of 6 for evacuation
[2025-01-07T20:09:18.981+0000][85429.347s][info][gc,phases   ] GC(3070)   Pre Evacuate Collection Set: 0.2ms
[2025-01-07T20:09:18.981+0000][85429.347s][info][gc,phases   ] GC(3070)   Merge Heap Roots: 0.7ms
[2025-01-07T20:09:18.981+0000][85429.347s][info][gc,phases   ] GC(3070)   Evacuate Collection Set: 62.6ms
[2025-01-07T20:09:18.981+0000][85429.347s][info][gc,phases   ] GC(3070)   Post Evacuate Collection Set: 1.7ms
[2025-01-07T20:09:18.981+0000][85429.347s][info][gc,phases   ] GC(3070)   Other: 0.2ms
[2025-01-07T20:09:18.981+0000][85429.347s][info][gc,heap     ] GC(3070) Eden regions: 63->0(916)
[2025-01-07T20:09:18.981+0000][85429.347s][info][gc,heap     ] GC(3070) Survivor regions: 13->5(10)
[2025-01-07T20:09:18.981+0000][85429.347s][info][gc,heap     ] GC(3070) Old regions: 239->241
[2025-01-07T20:09:18.981+0000][85429.347s][info][gc,heap     ] GC(3070) Archive regions: 2->2
[2025-01-07T20:09:18.981+0000][85429.347s][info][gc,heap     ] GC(3070) Humongous regions: 49->49
[2025-01-07T20:09:18.981+0000][85429.347s][info][gc,metaspace] GC(3070) Metaspace: 498665K(506944K)->498665K(506944K) NonClass: 438100K(442368K)->438100K(442368K) Class: 60565K(64576K)->60565K(64576K)
[2025-01-07T20:09:18.981+0000][85429.347s][info][gc          ] GC(3070) Pause Young (Mixed) (G1 Evacuation Pause) 2916M->2361M(12288M) 65.343ms
[2025-01-07T20:09:18.981+0000][85429.347s][info][gc,cpu      ] GC(3070) User=0.38s Sys=0.00s Real=0.06s
[2025-01-07T20:09:25.950+0000][85436.316s][info][gc,start    ] GC(3071) Pause Young (Normal) (G1 Evacuation Pause)
[2025-01-07T20:09:25.950+0000][85436.316s][info][gc,task     ] GC(3071) Using 6 workers of 6 for evacuation
[2025-01-07T20:09:25.972+0000][85436.338s][info][gc,phases   ] GC(3071)   Pre Evacuate Collection Set: 0.2ms
[2025-01-07T20:09:25.972+0000][85436.338s][info][gc,phases   ] GC(3071)   Merge Heap Roots: 0.4ms
[2025-01-07T20:09:25.972+0000][85436.338s][info][gc,phases   ] GC(3071)   Evacuate Collection Set: 17.8ms
[2025-01-07T20:09:25.972+0000][85436.338s][info][gc,phases   ] GC(3071)   Post Evacuate Collection Set: 3.8ms
[2025-01-07T20:09:25.972+0000][85436.338s][info][gc,phases   ] GC(3071)   Other: 0.2ms
[2025-01-07T20:09:25.972+0000][85436.338s][info][gc,heap     ] GC(3071) Eden regions: 916->0(914)
[2025-01-07T20:09:25.972+0000][85436.338s][info][gc,heap     ] GC(3071) Survivor regions: 5->6(116)
[2025-01-07T20:09:25.972+0000][85436.338s][info][gc,heap     ] GC(3071) Old regions: 241->241
[2025-01-07T20:09:25.972+0000][85436.338s][info][gc,heap     ] GC(3071) Archive regions: 2->2
[2025-01-07T20:09:25.972+0000][85436.338s][info][gc,heap     ] GC(3071) Humongous regions: 49->49
[2025-01-07T20:09:25.972+0000][85436.338s][info][gc,metaspace] GC(3071) Metaspace: 498665K(506944K)->498665K(506944K) NonClass: 438100K(442368K)->438100K(442368K) Class: 60565K(64576K)->60565K(64576K)
[2025-01-07T20:09:25.972+0000][85436.338s][info][gc          ] GC(3071) Pause Young (Normal) (G1 Evacuation Pause) 9689M->2371M(12288M) 22.447ms
[2025-01-07T20:09:25.972+0000][85436.338s][info][gc,cpu      ] GC(3071) User=0.13s Sys=0.00s Real=0.02s
[2025-01-07T20:09:36.217+0000][85446.583s][info][gc,start    ] GC(3072) Pause Young (Normal) (G1 Evacuation Pause)
[2025-01-07T20:09:36.217+0000][85446.583s][info][gc,task     ] GC(3072) Using 6 workers of 6 for evacuation
[2025-01-07T20:09:36.243+0000][85446.609s][info][gc,phases   ] GC(3072)   Pre Evacuate Collection Set: 0.2ms
[2025-01-07T20:09:36.243+0000][85446.609s][info][gc,phases   ] GC(3072)   Merge Heap Roots: 0.4ms
[2025-01-07T20:09:36.243+0000][85446.609s][info][gc,phases   ] GC(3072)   Evacuate Collection Set: 22.5ms
[2025-01-07T20:09:36.243+0000][85446.609s][info][gc,phases   ] GC(3072)   Post Evacuate Collection Set: 2.6ms
[2025-01-07T20:09:36.243+0000][85446.609s][info][gc,phases   ] GC(3072)   Other: 0.2ms
[2025-01-07T20:09:36.243+0000][85446.609s][info][gc,heap     ] GC(3072) Eden regions: 914->0(913)
[2025-01-07T20:09:36.243+0000][85446.609s][info][gc,heap     ] GC(3072) Survivor regions: 6->7(115)
[2025-01-07T20:09:36.243+0000][85446.609s][info][gc,heap     ] GC(3072) Old regions: 241->241
[2025-01-07T20:09:36.243+0000][85446.609s][info][gc,heap     ] GC(3072) Archive regions: 2->2
[2025-01-07T20:09:36.243+0000][85446.609s][info][gc,heap     ] GC(3072) Humongous regions: 49->49
[2025-01-07T20:09:36.243+0000][85446.609s][info][gc,metaspace] GC(3072) Metaspace: 498665K(506944K)->498665K(506944K) NonClass: 438100K(442368K)->438100K(442368K) Class: 60565K(64576K)->60565K(64576K)
[2025-01-07T20:09:36.243+0000][85446.609s][info][gc          ] GC(3072) Pause Young (Normal) (G1 Evacuation Pause) 9683M->2379M(12288M) 26.029ms
[2025-01-07T20:09:36.243+0000][85446.609s][info][gc,cpu      ] GC(3072) User=0.16s Sys=0.00s Real=0.03s
[2025-01-07T20:09:46.318+0000][85456.684s][info][gc,start    ] GC(3073) Pause Young (Concurrent Start) (G1 Evacuation Pause)
[2025-01-07T20:09:46.318+0000][85456.684s][info][gc,task     ] GC(3073) Using 6 workers of 6 for evacuation
[2025-01-07T20:09:46.355+0000][85456.722s][info][gc,phases   ] GC(3073)   Pre Evacuate Collection Set: 1.0ms
[2025-01-07T20:09:46.355+0000][85456.722s][info][gc,phases   ] GC(3073)   Merge Heap Roots: 0.5ms
[2025-01-07T20:09:46.355+0000][85456.722s][info][gc,phases   ] GC(3073)   Evacuate Collection Set: 32.9ms
[2025-01-07T20:09:46.355+0000][85456.722s][info][gc,phases   ] GC(3073)   Post Evacuate Collection Set: 2.8ms
[2025-01-07T20:09:46.355+0000][85456.722s][info][gc,phases   ] GC(3073)   Other: 0.3ms
[2025-01-07T20:09:46.355+0000][85456.722s][info][gc,heap     ] GC(3073) Eden regions: 913->0(910)
[2025-01-07T20:09:46.356+0000][85456.722s][info][gc,heap     ] GC(3073) Survivor regions: 7->10(115)
[2025-01-07T20:09:46.356+0000][85456.722s][info][gc,heap     ] GC(3073) Old regions: 241->241
[2025-01-07T20:09:46.356+0000][85456.722s][info][gc,heap     ] GC(3073) Archive regions: 2->2
[2025-01-07T20:09:46.356+0000][85456.722s][info][gc,heap     ] GC(3073) Humongous regions: 49->49
[2025-01-07T20:09:46.356+0000][85456.722s][info][gc,metaspace] GC(3073) Metaspace: 498665K(506944K)->498665K(506944K) NonClass: 438100K(442368K)->438100K(442368K) Class: 60565K(64576K)->60565K(64576K)
[2025-01-07T20:09:46.356+0000][85456.722s][info][gc          ] GC(3073) Pause Young (Concurrent Start) (G1 Evacuation Pause) 9683M->2401M(12288M) 37.506ms
[2025-01-07T20:09:46.356+0000][85456.722s][info][gc,cpu      ] GC(3073) User=0.21s Sys=0.00s Real=0.04s
[2025-01-07T20:09:46.356+0000][85456.722s][info][gc          ] GC(3074) Concurrent Mark Cycle
[2025-01-07T20:09:46.356+0000][85456.722s][info][gc,marking  ] GC(3074) Concurrent Clear Claimed Marks
[2025-01-07T20:09:46.356+0000][85456.723s][info][gc,marking  ] GC(3074) Concurrent Clear Claimed Marks 0.768ms
[2025-01-07T20:09:46.356+0000][85456.723s][info][gc,marking  ] GC(3074) Concurrent Scan Root Regions
[2025-01-07T20:09:46.377+0000][85456.743s][info][gc,marking  ] GC(3074) Concurrent Scan Root Regions 20.697ms
[2025-01-07T20:09:46.377+0000][85456.743s][info][gc,marking  ] GC(3074) Concurrent Mark
[2025-01-07T20:09:46.377+0000][85456.743s][info][gc,marking  ] GC(3074) Concurrent Mark From Roots
[2025-01-07T20:09:46.377+0000][85456.743s][info][gc,task     ] GC(3074) Using 2 workers of 2 for marking
[2025-01-07T20:09:47.241+0000][85457.607s][info][gc,marking  ] GC(3074) Concurrent Mark From Roots 863.578ms
[2025-01-07T20:09:47.241+0000][85457.607s][info][gc,marking  ] GC(3074) Concurrent Preclean
[2025-01-07T20:09:47.243+0000][85457.610s][info][gc,marking  ] GC(3074) Concurrent Preclean 2.617ms
[2025-01-07T20:09:47.244+0000][85457.610s][info][gc,start    ] GC(3074) Pause Remark
[2025-01-07T20:09:47.269+0000][85457.635s][info][gc          ] GC(3074) Pause Remark 3505M->3505M(12288M) 25.403ms
[2025-01-07T20:09:47.269+0000][85457.635s][info][gc,cpu      ] GC(3074) User=0.15s Sys=0.00s Real=0.02s
[2025-01-07T20:09:47.269+0000][85457.635s][info][gc,marking  ] GC(3074) Concurrent Mark 891.997ms
[2025-01-07T20:09:47.269+0000][85457.635s][info][gc,marking  ] GC(3074) Concurrent Rebuild Remembered Sets
[2025-01-07T20:09:47.920+0000][85458.286s][info][gc,marking  ] GC(3074) Concurrent Rebuild Remembered Sets 650.747ms
[2025-01-07T20:09:47.920+0000][85458.286s][info][gc,start    ] GC(3074) Pause Cleanup
[2025-01-07T20:09:47.920+0000][85458.287s][info][gc          ] GC(3074) Pause Cleanup 4453M->4453M(12288M) 0.419ms
[2025-01-07T20:09:47.921+0000][85458.287s][info][gc,cpu      ] GC(3074) User=0.00s Sys=0.00s Real=0.00s
[2025-01-07T20:09:47.921+0000][85458.287s][info][gc,marking  ] GC(3074) Concurrent Cleanup for Next Mark
[2025-01-07T20:09:47.937+0000][85458.303s][info][gc,marking  ] GC(3074) Concurrent Cleanup for Next Mark 16.663ms
[2025-01-07T20:09:47.937+0000][85458.303s][info][gc          ] GC(3074) Concurrent Mark Cycle 1581.692ms
[2025-01-07T20:09:51.729+0000][85462.095s][info][gc,start    ] GC(3075) Pause Young (Prepare Mixed) (G1 Evacuation Pause)
[2025-01-07T20:09:51.729+0000][85462.095s][info][gc,task     ] GC(3075) Using 6 workers of 6 for evacuation
[2025-01-07T20:09:51.763+0000][85462.129s][info][gc,phases   ] GC(3075)   Pre Evacuate Collection Set: 0.2ms
[2025-01-07T20:09:51.763+0000][85462.129s][info][gc,phases   ] GC(3075)   Merge Heap Roots: 0.7ms
[2025-01-07T20:09:51.763+0000][85462.129s][info][gc,phases   ] GC(3075)   Evacuate Collection Set: 30.5ms
[2025-01-07T20:09:51.763+0000][85462.129s][info][gc,phases   ] GC(3075)   Post Evacuate Collection Set: 2.7ms
[2025-01-07T20:09:51.763+0000][85462.129s][info][gc,phases   ] GC(3075)   Other: 0.2ms
[2025-01-07T20:09:51.763+0000][85462.129s][info][gc,heap     ] GC(3075) Eden regions: 910->0(65)
[2025-01-07T20:09:51.763+0000][85462.129s][info][gc,heap     ] GC(3075) Survivor regions: 10->11(115)
[2025-01-07T20:09:51.763+0000][85462.129s][info][gc,heap     ] GC(3075) Old regions: 241->241
[2025-01-07T20:09:51.763+0000][85462.129s][info][gc,heap     ] GC(3075) Archive regions: 2->2
[2025-01-07T20:09:51.763+0000][85462.129s][info][gc,heap     ] GC(3075) Humongous regions: 49->49
[2025-01-07T20:09:51.763+0000][85462.129s][info][gc,metaspace] GC(3075) Metaspace: 498665K(506944K)->498665K(506944K) NonClass: 438100K(442368K)->438100K(442368K) Class: 60565K(64576K)->60565K(64576K)
[2025-01-07T20:09:51.763+0000][85462.129s][info][gc          ] GC(3075) Pause Young (Prepare Mixed) (G1 Evacuation Pause) 9681M->2410M(12288M) 34.386ms
[2025-01-07T20:09:51.763+0000][85462.129s][info][gc,cpu      ] GC(3075) User=0.20s Sys=0.00s Real=0.04s
[2025-01-07T20:09:52.938+0000][85463.304s][info][gc,start    ] GC(3076) Pause Young (Mixed) (G1 Evacuation Pause)
[2025-01-07T20:09:52.938+0000][85463.304s][info][gc,task     ] GC(3076) Using 6 workers of 6 for evacuation
[2025-01-07T20:09:53.006+0000][85463.372s][info][gc,phases   ] GC(3076)   Pre Evacuate Collection Set: 0.2ms
[2025-01-07T20:09:53.006+0000][85463.372s][info][gc,phases   ] GC(3076)   Merge Heap Roots: 0.7ms
[2025-01-07T20:09:53.006+0000][85463.372s][info][gc,phases   ] GC(3076)   Evacuate Collection Set: 64.9ms
[2025-01-07T20:09:53.006+0000][85463.372s][info][gc,phases   ] GC(3076)   Post Evacuate Collection Set: 2.1ms
[2025-01-07T20:09:53.006+0000][85463.372s][info][gc,phases   ] GC(3076)   Other: 0.2ms
[2025-01-07T20:09:53.006+0000][85463.372s][info][gc,heap     ] GC(3076) Eden regions: 65->0(913)
[2025-01-07T20:09:53.006+0000][85463.372s][info][gc,heap     ] GC(3076) Survivor regions: 11->7(10)
[2025-01-07T20:09:53.006+0000][85463.372s][info][gc,heap     ] GC(3076) Old regions: 241->241
[2025-01-07T20:09:53.006+0000][85463.372s][info][gc,heap     ] GC(3076) Archive regions: 2->2
[2025-01-07T20:09:53.006+0000][85463.372s][info][gc,heap     ] GC(3076) Humongous regions: 49->49
[2025-01-07T20:09:53.006+0000][85463.372s][info][gc,metaspace] GC(3076) Metaspace: 498665K(506944K)->498665K(506944K) NonClass: 438100K(442368K)->438100K(442368K) Class: 60565K(64576K)->60565K(64576K)
[2025-01-07T20:09:53.006+0000][85463.372s][info][gc          ] GC(3076) Pause Young (Mixed) (G1 Evacuation Pause) 2930M->2371M(12288M) 68.157ms
[2025-01-07T20:09:53.006+0000][85463.372s][info][gc,cpu      ] GC(3076) User=0.39s Sys=0.00s Real=0.07s
[2025-01-07T20:10:03.056+0000][85473.422s][info][gc,start    ] GC(3077) Pause Young (Normal) (G1 Evacuation Pause)
[2025-01-07T20:10:03.056+0000][85473.422s][info][gc,task     ] GC(3077) Using 6 workers of 6 for evacuation
[2025-01-07T20:10:03.090+0000][85473.456s][info][gc,phases   ] GC(3077)   Pre Evacuate Collection Set: 0.2ms
[2025-01-07T20:10:03.090+0000][85473.456s][info][gc,phases   ] GC(3077)   Merge Heap Roots: 0.5ms
[2025-01-07T20:10:03.090+0000][85473.456s][info][gc,phases   ] GC(3077)   Evacuate Collection Set: 28.5ms
[2025-01-07T20:10:03.090+0000][85473.456s][info][gc,phases   ] GC(3077)   Post Evacuate Collection Set: 4.0ms
[2025-01-07T20:10:03.090+0000][85473.456s][info][gc,phases   ] GC(3077)   Other: 0.2ms
[2025-01-07T20:10:03.090+0000][85473.456s][info][gc,heap     ] GC(3077) Eden regions: 913->0(910)
[2025-01-07T20:10:03.090+0000][85473.456s][info][gc,heap     ] GC(3077) Survivor regions: 7->9(115)
[2025-01-07T20:10:03.090+0000][85473.456s][info][gc,heap     ] GC(3077) Old regions: 241->241
[2025-01-07T20:10:03.090+0000][85473.456s][info][gc,heap     ] GC(3077) Archive regions: 2->2
[2025-01-07T20:10:03.090+0000][85473.456s][info][gc,heap     ] GC(3077) Humongous regions: 49->49
[2025-01-07T20:10:03.090+0000][85473.456s][info][gc,metaspace] GC(3077) Metaspace: 498665K(506944K)->498665K(506944K) NonClass: 438100K(442368K)->438100K(442368K) Class: 60565K(64576K)->60565K(64576K)
[2025-01-07T20:10:03.090+0000][85473.456s][info][gc          ] GC(3077) Pause Young (Normal) (G1 Evacuation Pause) 9675M->2387M(12288M) 33.433ms
[2025-01-07T20:10:03.090+0000][85473.456s][info][gc,cpu      ] GC(3077) User=0.20s Sys=0.00s Real=0.04s
[2025-01-07T20:10:13.380+0000][85483.746s][info][gc,start    ] GC(3078) Pause Young (Normal) (G1 Evacuation Pause)
[2025-01-07T20:10:13.380+0000][85483.746s][info][gc,task     ] GC(3078) Using 6 workers of 6 for evacuation
[2025-01-07T20:10:13.416+0000][85483.782s][info][gc,phases   ] GC(3078)   Pre Evacuate Collection Set: 0.2ms
[2025-01-07T20:10:13.416+0000][85483.782s][info][gc,phases   ] GC(3078)   Merge Heap Roots: 0.4ms
[2025-01-07T20:10:13.416+0000][85483.782s][info][gc,phases   ] GC(3078)   Evacuate Collection Set: 31.4ms
[2025-01-07T20:10:13.416+0000][85483.782s][info][gc,phases   ] GC(3078)   Post Evacuate Collection Set: 4.0ms
[2025-01-07T20:10:13.416+0000][85483.782s][info][gc,phases   ] GC(3078)   Other: 0.2ms
[2025-01-07T20:10:13.416+0000][85483.782s][info][gc,heap     ] GC(3078) Eden regions: 910->0(907)
[2025-01-07T20:10:13.416+0000][85483.782s][info][gc,heap     ] GC(3078) Survivor regions: 9->11(115)
[2025-01-07T20:10:13.416+0000][85483.782s][info][gc,heap     ] GC(3078) Old regions: 241->241
[2025-01-07T20:10:13.416+0000][85483.782s][info][gc,heap     ] GC(3078) Archive regions: 2->2
[2025-01-07T20:10:13.416+0000][85483.782s][info][gc,heap     ] GC(3078) Humongous regions: 49->49
[2025-01-07T20:10:13.416+0000][85483.782s][info][gc,metaspace] GC(3078) Metaspace: 498665K(506944K)->498665K(506944K) NonClass: 438100K(442368K)->438100K(442368K) Class: 60565K(64576K)->60565K(64576K)
[2025-01-07T20:10:13.416+0000][85483.782s][info][gc          ] GC(3078) Pause Young (Normal) (G1 Evacuation Pause) 9667M->2409M(12288M) 36.282ms
[2025-01-07T20:10:13.416+0000][85483.782s][info][gc,cpu      ] GC(3078) User=0.21s Sys=0.00s Real=0.04s
[2025-01-07T20:10:22.557+0000][85492.923s][info][gc,start    ] GC(3079) Pause Young (Concurrent Start) (G1 Evacuation Pause)
[2025-01-07T20:10:22.557+0000][85492.923s][info][gc,task     ] GC(3079) Using 6 workers of 6 for evacuation
[2025-01-07T20:10:22.600+0000][85492.966s][info][gc,phases   ] GC(3079)   Pre Evacuate Collection Set: 1.0ms
[2025-01-07T20:10:22.600+0000][85492.966s][info][gc,phases   ] GC(3079)   Merge Heap Roots: 0.5ms
[2025-01-07T20:10:22.600+0000][85492.966s][info][gc,phases   ] GC(3079)   Evacuate Collection Set: 36.9ms
[2025-01-07T20:10:22.600+0000][85492.966s][info][gc,phases   ] GC(3079)   Post Evacuate Collection Set: 4.0ms
[2025-01-07T20:10:22.600+0000][85492.966s][info][gc,phases   ] GC(3079)   Other: 0.3ms
[2025-01-07T20:10:22.600+0000][85492.966s][info][gc,heap     ] GC(3079) Eden regions: 907->0(903)
[2025-01-07T20:10:22.600+0000][85492.966s][info][gc,heap     ] GC(3079) Survivor regions: 11->14(115)
[2025-01-07T20:10:22.600+0000][85492.966s][info][gc,heap     ] GC(3079) Old regions: 241->241
[2025-01-07T20:10:22.600+0000][85492.966s][info][gc,heap     ] GC(3079) Archive regions: 2->2
[2025-01-07T20:10:22.600+0000][85492.966s][info][gc,heap     ] GC(3079) Humongous regions: 49->49
[2025-01-07T20:10:22.600+0000][85492.966s][info][gc,metaspace] GC(3079) Metaspace: 498665K(506944K)->498665K(506944K) NonClass: 438100K(442368K)->438100K(442368K) Class: 60565K(64576K)->60565K(64576K)
[2025-01-07T20:10:22.600+0000][85492.966s][info][gc          ] GC(3079) Pause Young (Concurrent Start) (G1 Evacuation Pause) 9665M->2427M(12288M) 42.724ms
[2025-01-07T20:10:22.600+0000][85492.966s][info][gc,cpu      ] GC(3079) User=0.25s Sys=0.00s Real=0.04s
[2025-01-07T20:10:22.600+0000][85492.966s][info][gc          ] GC(3080) Concurrent Mark Cycle
[2025-01-07T20:10:22.600+0000][85492.966s][info][gc,marking  ] GC(3080) Concurrent Clear Claimed Marks
[2025-01-07T20:10:22.601+0000][85492.967s][info][gc,marking  ] GC(3080) Concurrent Clear Claimed Marks 0.836ms
[2025-01-07T20:10:22.601+0000][85492.967s][info][gc,marking  ] GC(3080) Concurrent Scan Root Regions
[2025-01-07T20:10:22.636+0000][85493.002s][info][gc,marking  ] GC(3080) Concurrent Scan Root Regions 34.954ms
[2025-01-07T20:10:22.636+0000][85493.002s][info][gc,marking  ] GC(3080) Concurrent Mark
[2025-01-07T20:10:22.636+0000][85493.002s][info][gc,marking  ] GC(3080) Concurrent Mark From Roots
[2025-01-07T20:10:22.636+0000][85493.002s][info][gc,task     ] GC(3080) Using 2 workers of 2 for marking
[2025-01-07T20:10:23.493+0000][85493.859s][info][gc,marking  ] GC(3080) Concurrent Mark From Roots 856.912ms
[2025-01-07T20:10:23.493+0000][85493.859s][info][gc,marking  ] GC(3080) Concurrent Preclean
[2025-01-07T20:10:23.495+0000][85493.861s][info][gc,marking  ] GC(3080) Concurrent Preclean 2.380ms
[2025-01-07T20:10:23.495+0000][85493.862s][info][gc,start    ] GC(3080) Pause Remark
[2025-01-07T20:10:23.521+0000][85493.887s][info][gc          ] GC(3080) Pause Remark 3379M->3379M(12288M) 25.346ms
[2025-01-07T20:10:23.521+0000][85493.887s][info][gc,cpu      ] GC(3080) User=0.14s Sys=0.00s Real=0.02s
[2025-01-07T20:10:23.521+0000][85493.887s][info][gc,marking  ] GC(3080) Concurrent Mark 884.998ms
[2025-01-07T20:10:23.521+0000][85493.887s][info][gc,marking  ] GC(3080) Concurrent Rebuild Remembered Sets
[2025-01-07T20:10:24.053+0000][85494.419s][info][gc,marking  ] GC(3080) Concurrent Rebuild Remembered Sets 531.944ms
[2025-01-07T20:10:24.053+0000][85494.419s][info][gc,start    ] GC(3080) Pause Cleanup
[2025-01-07T20:10:24.053+0000][85494.420s][info][gc          ] GC(3080) Pause Cleanup 3979M->3979M(12288M) 0.425ms
[2025-01-07T20:10:24.053+0000][85494.420s][info][gc,cpu      ] GC(3080) User=0.01s Sys=0.00s Real=0.00s
[2025-01-07T20:10:24.054+0000][85494.420s][info][gc,marking  ] GC(3080) Concurrent Cleanup for Next Mark
[2025-01-07T20:10:24.069+0000][85494.435s][info][gc,marking  ] GC(3080) Concurrent Cleanup for Next Mark 15.445ms
[2025-01-07T20:10:24.069+0000][85494.435s][info][gc          ] GC(3080) Concurrent Mark Cycle 1468.966ms
[2025-01-07T20:10:31.078+0000][85501.444s][info][gc,start    ] GC(3081) Pause Young (Prepare Mixed) (G1 Evacuation Pause)
[2025-01-07T20:10:31.078+0000][85501.444s][info][gc,task     ] GC(3081) Using 6 workers of 6 for evacuation
[2025-01-07T20:10:31.117+0000][85501.483s][info][gc,phases   ] GC(3081)   Pre Evacuate Collection Set: 0.2ms
[2025-01-07T20:10:31.117+0000][85501.483s][info][gc,phases   ] GC(3081)   Merge Heap Roots: 0.7ms
[2025-01-07T20:10:31.117+0000][85501.483s][info][gc,phases   ] GC(3081)   Evacuate Collection Set: 35.3ms
[2025-01-07T20:10:31.117+0000][85501.483s][info][gc,phases   ] GC(3081)   Post Evacuate Collection Set: 2.8ms
[2025-01-07T20:10:31.117+0000][85501.483s][info][gc,phases   ] GC(3081)   Other: 0.2ms
[2025-01-07T20:10:31.117+0000][85501.483s][info][gc,heap     ] GC(3081) Eden regions: 903->0(64)
[2025-01-07T20:10:31.117+0000][85501.483s][info][gc,heap     ] GC(3081) Survivor regions: 14->12(115)
[2025-01-07T20:10:31.117+0000][85501.483s][info][gc,heap     ] GC(3081) Old regions: 241->241
[2025-01-07T20:10:31.117+0000][85501.483s][info][gc,heap     ] GC(3081) Archive regions: 2->2
[2025-01-07T20:10:31.117+0000][85501.483s][info][gc,heap     ] GC(3081) Humongous regions: 49->49
[2025-01-07T20:10:31.117+0000][85501.483s][info][gc,metaspace] GC(3081) Metaspace: 498665K(506944K)->498665K(506944K) NonClass: 438100K(442368K)->438100K(442368K) Class: 60565K(64576K)->60565K(64576K)
[2025-01-07T20:10:31.117+0000][85501.483s][info][gc          ] GC(3081) Pause Young (Prepare Mixed) (G1 Evacuation Pause) 9651M->2417M(12288M) 39.215ms
[2025-01-07T20:10:31.117+0000][85501.483s][info][gc,cpu      ] GC(3081) User=0.23s Sys=0.00s Real=0.04s
[2025-01-07T20:10:31.451+0000][85501.817s][info][gc,start    ] GC(3082) Pause Young (Mixed) (G1 Evacuation Pause)
[2025-01-07T20:10:31.451+0000][85501.817s][info][gc,task     ] GC(3082) Using 6 workers of 6 for evacuation
[2025-01-07T20:10:31.519+0000][85501.885s][info][gc,phases   ] GC(3082)   Pre Evacuate Collection Set: 0.2ms
[2025-01-07T20:10:31.519+0000][85501.885s][info][gc,phases   ] GC(3082)   Merge Heap Roots: 0.7ms
[2025-01-07T20:10:31.519+0000][85501.885s][info][gc,phases   ] GC(3082)   Evacuate Collection Set: 65.1ms
[2025-01-07T20:10:31.519+0000][85501.885s][info][gc,phases   ] GC(3082)   Post Evacuate Collection Set: 1.7ms
[2025-01-07T20:10:31.519+0000][85501.885s][info][gc,phases   ] GC(3082)   Other: 0.2ms
[2025-01-07T20:10:31.519+0000][85501.885s][info][gc,heap     ] GC(3082) Eden regions: 64->0(907)
[2025-01-07T20:10:31.519+0000][85501.885s][info][gc,heap     ] GC(3082) Survivor regions: 12->7(10)
[2025-01-07T20:10:31.519+0000][85501.885s][info][gc,heap     ] GC(3082) Old regions: 241->245
[2025-01-07T20:10:31.519+0000][85501.885s][info][gc,heap     ] GC(3082) Archive regions: 2->2
[2025-01-07T20:10:31.519+0000][85501.885s][info][gc,heap     ] GC(3082) Humongous regions: 49->49
[2025-01-07T20:10:31.519+0000][85501.885s][info][gc,metaspace] GC(3082) Metaspace: 498665K(506944K)->498665K(506944K) NonClass: 438100K(442368K)->438100K(442368K) Class: 60565K(64576K)->60565K(64576K)
[2025-01-07T20:10:31.519+0000][85501.885s][info][gc          ] GC(3082) Pause Young (Mixed) (G1 Evacuation Pause) 2929M->2407M(12288M) 67.903ms
[2025-01-07T20:10:31.519+0000][85501.885s][info][gc,cpu      ] GC(3082) User=0.40s Sys=0.00s Real=0.06s
[2025-01-07T20:10:40.184+0000][85510.550s][info][gc,start    ] GC(3083) Pause Young (Normal) (G1 Evacuation Pause)
[2025-01-07T20:10:40.184+0000][85510.550s][info][gc,task     ] GC(3083) Using 6 workers of 6 for evacuation
[2025-01-07T20:10:40.209+0000][85510.576s][info][gc,phases   ] GC(3083)   Pre Evacuate Collection Set: 0.2ms
[2025-01-07T20:10:40.209+0000][85510.576s][info][gc,phases   ] GC(3083)   Merge Heap Roots: 0.4ms
[2025-01-07T20:10:40.209+0000][85510.576s][info][gc,phases   ] GC(3083)   Evacuate Collection Set: 22.5ms
[2025-01-07T20:10:40.209+0000][85510.576s][info][gc,phases   ] GC(3083)   Post Evacuate Collection Set: 2.5ms
[2025-01-07T20:10:40.209+0000][85510.576s][info][gc,phases   ] GC(3083)   Other: 0.2ms
[2025-01-07T20:10:40.209+0000][85510.576s][info][gc,heap     ] GC(3083) Eden regions: 907->0(909)
[2025-01-07T20:10:40.210+0000][85510.576s][info][gc,heap     ] GC(3083) Survivor regions: 7->7(115)
[2025-01-07T20:10:40.210+0000][85510.576s][info][gc,heap     ] GC(3083) Old regions: 245->245
[2025-01-07T20:10:40.210+0000][85510.576s][info][gc,heap     ] GC(3083) Archive regions: 2->2
[2025-01-07T20:10:40.210+0000][85510.576s][info][gc,heap     ] GC(3083) Humongous regions: 49->49
[2025-01-07T20:10:40.210+0000][85510.576s][info][gc,metaspace] GC(3083) Metaspace: 498665K(506944K)->498665K(506944K) NonClass: 438100K(442368K)->438100K(442368K) Class: 60565K(64576K)->60565K(64576K)
[2025-01-07T20:10:40.210+0000][85510.576s][info][gc          ] GC(3083) Pause Young (Normal) (G1 Evacuation Pause) 9663M->2408M(12288M) 25.957ms
[2025-01-07T20:10:40.210+0000][85510.576s][info][gc,cpu      ] GC(3083) User=0.15s Sys=0.00s Real=0.03s
[2025-01-07T20:10:47.387+0000][85517.753s][info][gc,start    ] GC(3084) Pause Young (Normal) (G1 Evacuation Pause)
[2025-01-07T20:10:47.387+0000][85517.753s][info][gc,task     ] GC(3084) Using 6 workers of 6 for evacuation
[2025-01-07T20:10:47.414+0000][85517.780s][info][gc,phases   ] GC(3084)   Pre Evacuate Collection Set: 0.2ms
[2025-01-07T20:10:47.414+0000][85517.780s][info][gc,phases   ] GC(3084)   Merge Heap Roots: 0.4ms
[2025-01-07T20:10:47.414+0000][85517.780s][info][gc,phases   ] GC(3084)   Evacuate Collection Set: 23.6ms
[2025-01-07T20:10:47.414+0000][85517.780s][info][gc,phases   ] GC(3084)   Post Evacuate Collection Set: 2.5ms
[2025-01-07T20:10:47.414+0000][85517.780s][info][gc,phases   ] GC(3084)   Other: 0.2ms
[2025-01-07T20:10:47.414+0000][85517.780s][info][gc,heap     ] GC(3084) Eden regions: 909->0(907)
[2025-01-07T20:10:47.414+0000][85517.780s][info][gc,heap     ] GC(3084) Survivor regions: 7->9(115)
[2025-01-07T20:10:47.414+0000][85517.780s][info][gc,heap     ] GC(3084) Old regions: 245->245
[2025-01-07T20:10:47.414+0000][85517.780s][info][gc,heap     ] GC(3084) Archive regions: 2->2
[2025-01-07T20:10:47.414+0000][85517.780s][info][gc,heap     ] GC(3084) Humongous regions: 49->49
[2025-01-07T20:10:47.414+0000][85517.780s][info][gc,metaspace] GC(3084) Metaspace: 498665K(506944K)->498665K(506944K) NonClass: 438100K(442368K)->438100K(442368K) Class: 60565K(64576K)->60565K(64576K)
[2025-01-07T20:10:47.414+0000][85517.780s][info][gc          ] GC(3084) Pause Young (Normal) (G1 Evacuation Pause) 9680M->2418M(12288M) 27.009ms
[2025-01-07T20:10:47.414+0000][85517.780s][info][gc,cpu      ] GC(3084) User=0.16s Sys=0.00s Real=0.03s
[2025-01-07T20:10:55.524+0000][85525.890s][info][gc,start    ] GC(3085) Pause Young (Concurrent Start) (G1 Evacuation Pause)
[2025-01-07T20:10:55.524+0000][85525.890s][info][gc,task     ] GC(3085) Using 6 workers of 6 for evacuation
[2025-01-07T20:10:55.559+0000][85525.925s][info][gc,phases   ] GC(3085)   Pre Evacuate Collection Set: 1.0ms
[2025-01-07T20:10:55.559+0000][85525.925s][info][gc,phases   ] GC(3085)   Merge Heap Roots: 0.5ms
[2025-01-07T20:10:55.559+0000][85525.925s][info][gc,phases   ] GC(3085)   Evacuate Collection Set: 29.6ms
[2025-01-07T20:10:55.559+0000][85525.925s][info][gc,phases   ] GC(3085)   Post Evacuate Collection Set: 2.8ms
[2025-01-07T20:10:55.559+0000][85525.925s][info][gc,phases   ] GC(3085)   Other: 0.3ms
[2025-01-07T20:10:55.559+0000][85525.925s][info][gc,heap     ] GC(3085) Eden regions: 907->0(907)
[2025-01-07T20:10:55.559+0000][85525.925s][info][gc,heap     ] GC(3085) Survivor regions: 9->10(115)
[2025-01-07T20:10:55.559+0000][85525.925s][info][gc,heap     ] GC(3085) Old regions: 245->245
[2025-01-07T20:10:55.559+0000][85525.925s][info][gc,heap     ] GC(3085) Archive regions: 2->2
[2025-01-07T20:10:55.559+0000][85525.925s][info][gc,heap     ] GC(3085) Humongous regions: 49->49
[2025-01-07T20:10:55.559+0000][85525.925s][info][gc,metaspace] GC(3085) Metaspace: 498665K(506944K)->498665K(506944K) NonClass: 438100K(442368K)->438100K(442368K) Class: 60565K(64576K)->60565K(64576K)
[2025-01-07T20:10:55.559+0000][85525.925s][info][gc          ] GC(3085) Pause Young (Concurrent Start) (G1 Evacuation Pause) 9674M->2433M(12288M) 34.254ms
[2025-01-07T20:10:55.559+0000][85525.925s][info][gc,cpu      ] GC(3085) User=0.20s Sys=0.00s Real=0.03s
[2025-01-07T20:10:55.559+0000][85525.925s][info][gc          ] GC(3086) Concurrent Mark Cycle
[2025-01-07T20:10:55.559+0000][85525.925s][info][gc,marking  ] GC(3086) Concurrent Clear Claimed Marks
[2025-01-07T20:10:55.560+0000][85525.926s][info][gc,marking  ] GC(3086) Concurrent Clear Claimed Marks 0.825ms
[2025-01-07T20:10:55.560+0000][85525.926s][info][gc,marking  ] GC(3086) Concurrent Scan Root Regions
[2025-01-07T20:10:55.589+0000][85525.955s][info][gc,marking  ] GC(3086) Concurrent Scan Root Regions 29.073ms
[2025-01-07T20:10:55.589+0000][85525.955s][info][gc,marking  ] GC(3086) Concurrent Mark
[2025-01-07T20:10:55.589+0000][85525.955s][info][gc,marking  ] GC(3086) Concurrent Mark From Roots
[2025-01-07T20:10:55.589+0000][85525.955s][info][gc,task     ] GC(3086) Using 2 workers of 2 for marking
[2025-01-07T20:10:56.413+0000][85526.779s][info][gc,marking  ] GC(3086) Concurrent Mark From Roots 824.482ms
[2025-01-07T20:10:56.413+0000][85526.779s][info][gc,marking  ] GC(3086) Concurrent Preclean
[2025-01-07T20:10:56.415+0000][85526.781s][info][gc,marking  ] GC(3086) Concurrent Preclean 2.017ms
[2025-01-07T20:10:56.415+0000][85526.781s][info][gc,start    ] GC(3086) Pause Remark
[2025-01-07T20:10:56.443+0000][85526.809s][info][gc          ] GC(3086) Pause Remark 3277M->3277M(12288M) 27.830ms
[2025-01-07T20:10:56.443+0000][85526.809s][info][gc,cpu      ] GC(3086) User=0.16s Sys=0.00s Real=0.03s
[2025-01-07T20:10:56.443+0000][85526.809s][info][gc,marking  ] GC(3086) Concurrent Mark 854.651ms
[2025-01-07T20:10:56.443+0000][85526.809s][info][gc,marking  ] GC(3086) Concurrent Rebuild Remembered Sets
[2025-01-07T20:10:57.017+0000][85527.383s][info][gc,marking  ] GC(3086) Concurrent Rebuild Remembered Sets 573.557ms
[2025-01-07T20:10:57.017+0000][85527.383s][info][gc,start    ] GC(3086) Pause Cleanup
[2025-01-07T20:10:57.018+0000][85527.384s][info][gc          ] GC(3086) Pause Cleanup 3785M->3785M(12288M) 0.478ms
[2025-01-07T20:10:57.018+0000][85527.384s][info][gc,cpu      ] GC(3086) User=0.01s Sys=0.00s Real=0.00s
[2025-01-07T20:10:57.018+0000][85527.384s][info][gc,marking  ] GC(3086) Concurrent Cleanup for Next Mark
[2025-01-07T20:10:57.046+0000][85527.412s][info][gc,marking  ] GC(3086) Concurrent Cleanup for Next Mark 28.188ms
[2025-01-07T20:10:57.046+0000][85527.412s][info][gc          ] GC(3086) Concurrent Mark Cycle 1487.196ms
[2025-01-07T20:11:03.852+0000][85534.219s][info][gc,start    ] GC(3087) Pause Young (Prepare Mixed) (G1 Evacuation Pause)
[2025-01-07T20:11:03.853+0000][85534.219s][info][gc,task     ] GC(3087) Using 6 workers of 6 for evacuation
[2025-01-07T20:11:03.892+0000][85534.258s][info][gc,phases   ] GC(3087)   Pre Evacuate Collection Set: 0.2ms
[2025-01-07T20:11:03.892+0000][85534.258s][info][gc,phases   ] GC(3087)   Merge Heap Roots: 0.7ms
[2025-01-07T20:11:03.892+0000][85534.258s][info][gc,phases   ] GC(3087)   Evacuate Collection Set: 33.3ms
[2025-01-07T20:11:03.892+0000][85534.258s][info][gc,phases   ] GC(3087)   Post Evacuate Collection Set: 5.5ms
[2025-01-07T20:11:03.892+0000][85534.258s][info][gc,phases   ] GC(3087)   Other: 0.2ms
[2025-01-07T20:11:03.892+0000][85534.258s][info][gc,heap     ] GC(3087) Eden regions: 907->0(63)
[2025-01-07T20:11:03.892+0000][85534.258s][info][gc,heap     ] GC(3087) Survivor regions: 10->13(115)
[2025-01-07T20:11:03.892+0000][85534.259s][info][gc,heap     ] GC(3087) Old regions: 245->245
[2025-01-07T20:11:03.892+0000][85534.259s][info][gc,heap     ] GC(3087) Archive regions: 2->2
[2025-01-07T20:11:03.892+0000][85534.259s][info][gc,heap     ] GC(3087) Humongous regions: 49->49
[2025-01-07T20:11:03.892+0000][85534.259s][info][gc,metaspace] GC(3087) Metaspace: 498665K(506944K)->498665K(506944K) NonClass: 438100K(442368K)->438100K(442368K) Class: 60565K(64576K)->60565K(64576K)
[2025-01-07T20:11:03.892+0000][85534.259s][info][gc          ] GC(3087) Pause Young (Prepare Mixed) (G1 Evacuation Pause) 9689M->2453M(12288M) 39.965ms
[2025-01-07T20:11:03.892+0000][85534.259s][info][gc,cpu      ] GC(3087) User=0.23s Sys=0.00s Real=0.04s
[2025-01-07T20:11:04.408+0000][85534.775s][info][gc,start    ] GC(3088) Pause Young (Mixed) (G1 Evacuation Pause)
[2025-01-07T20:11:04.409+0000][85534.775s][info][gc,task     ] GC(3088) Using 6 workers of 6 for evacuation
[2025-01-07T20:11:04.461+0000][85534.827s][info][gc,phases   ] GC(3088)   Pre Evacuate Collection Set: 0.2ms
[2025-01-07T20:11:04.461+0000][85534.827s][info][gc,phases   ] GC(3088)   Merge Heap Roots: 0.6ms
[2025-01-07T20:11:04.461+0000][85534.827s][info][gc,phases   ] GC(3088)   Evacuate Collection Set: 49.5ms
[2025-01-07T20:11:04.461+0000][85534.827s][info][gc,phases   ] GC(3088)   Post Evacuate Collection Set: 1.5ms
[2025-01-07T20:11:04.461+0000][85534.827s][info][gc,phases   ] GC(3088)   Other: 0.2ms
[2025-01-07T20:11:04.461+0000][85534.827s][info][gc,heap     ] GC(3088) Eden regions: 63->0(911)
[2025-01-07T20:11:04.461+0000][85534.827s][info][gc,heap     ] GC(3088) Survivor regions: 13->4(10)
[2025-01-07T20:11:04.461+0000][85534.827s][info][gc,heap     ] GC(3088) Old regions: 245->245
[2025-01-07T20:11:04.461+0000][85534.827s][info][gc,heap     ] GC(3088) Archive regions: 2->2
[2025-01-07T20:11:04.461+0000][85534.827s][info][gc,heap     ] GC(3088) Humongous regions: 49->49
[2025-01-07T20:11:04.461+0000][85534.827s][info][gc,metaspace] GC(3088) Metaspace: 498665K(506944K)->498665K(506944K) NonClass: 438100K(442368K)->438100K(442368K) Class: 60565K(64576K)->60565K(64576K)
[2025-01-07T20:11:04.461+0000][85534.827s][info][gc          ] GC(3088) Pause Young (Mixed) (G1 Evacuation Pause) 2957M->2390M(12288M) 52.183ms
[2025-01-07T20:11:04.461+0000][85534.827s][info][gc,cpu      ] GC(3088) User=0.28s Sys=0.01s Real=0.05s
[2025-01-07T20:11:12.557+0000][85542.923s][info][gc,start    ] GC(3089) Pause Young (Normal) (G1 Evacuation Pause)
[2025-01-07T20:11:12.557+0000][85542.923s][info][gc,task     ] GC(3089) Using 6 workers of 6 for evacuation
[2025-01-07T20:11:12.580+0000][85542.947s][info][gc,phases   ] GC(3089)   Pre Evacuate Collection Set: 0.2ms
[2025-01-07T20:11:12.581+0000][85542.947s][info][gc,phases   ] GC(3089)   Merge Heap Roots: 0.4ms
[2025-01-07T20:11:12.581+0000][85542.947s][info][gc,phases   ] GC(3089)   Evacuate Collection Set: 18.9ms
[2025-01-07T20:11:12.581+0000][85542.947s][info][gc,phases   ] GC(3089)   Post Evacuate Collection Set: 3.8ms
[2025-01-07T20:11:12.581+0000][85542.947s][info][gc,phases   ] GC(3089)   Other: 0.2ms
[2025-01-07T20:11:12.581+0000][85542.947s][info][gc,heap     ] GC(3089) Eden regions: 911->0(910)
[2025-01-07T20:11:12.581+0000][85542.947s][info][gc,heap     ] GC(3089) Survivor regions: 4->6(115)
[2025-01-07T20:11:12.581+0000][85542.947s][info][gc,heap     ] GC(3089) Old regions: 245->245
[2025-01-07T20:11:12.581+0000][85542.947s][info][gc,heap     ] GC(3089) Archive regions: 2->2
[2025-01-07T20:11:12.581+0000][85542.947s][info][gc,heap     ] GC(3089) Humongous regions: 49->49
[2025-01-07T20:11:12.581+0000][85542.947s][info][gc,metaspace] GC(3089) Metaspace: 498665K(506944K)->498665K(506944K) NonClass: 438100K(442368K)->438100K(442368K) Class: 60565K(64576K)->60565K(64576K)
[2025-01-07T20:11:12.581+0000][85542.947s][info][gc          ] GC(3089) Pause Young (Normal) (G1 Evacuation Pause) 9678M->2401M(12288M) 23.708ms
[2025-01-07T20:11:12.581+0000][85542.947s][info][gc,cpu      ] GC(3089) User=0.13s Sys=0.00s Real=0.02s
[2025-01-07T20:11:21.765+0000][85552.131s][info][gc,start    ] GC(3090) Pause Young (Normal) (GCLocker Initiated GC)
[2025-01-07T20:11:21.765+0000][85552.131s][info][gc,task     ] GC(3090) Using 6 workers of 6 for evacuation
[2025-01-07T20:11:21.791+0000][85552.157s][info][gc,phases   ] GC(3090)   Pre Evacuate Collection Set: 0.2ms
[2025-01-07T20:11:21.791+0000][85552.157s][info][gc,phases   ] GC(3090)   Merge Heap Roots: 0.4ms
[2025-01-07T20:11:21.791+0000][85552.157s][info][gc,phases   ] GC(3090)   Evacuate Collection Set: 22.3ms
[2025-01-07T20:11:21.791+0000][85552.157s][info][gc,phases   ] GC(3090)   Post Evacuate Collection Set: 2.4ms
[2025-01-07T20:11:21.791+0000][85552.157s][info][gc,phases   ] GC(3090)   Other: 0.2ms
[2025-01-07T20:11:21.791+0000][85552.157s][info][gc,heap     ] GC(3090) Eden regions: 910->0(912)
[2025-01-07T20:11:21.791+0000][85552.157s][info][gc,heap     ] GC(3090) Survivor regions: 6->5(115)
[2025-01-07T20:11:21.791+0000][85552.157s][info][gc,heap     ] GC(3090) Old regions: 245->245
[2025-01-07T20:11:21.791+0000][85552.157s][info][gc,heap     ] GC(3090) Archive regions: 2->2
[2025-01-07T20:11:21.791+0000][85552.157s][info][gc,heap     ] GC(3090) Humongous regions: 49->49
[2025-01-07T20:11:21.791+0000][85552.157s][info][gc,metaspace] GC(3090) Metaspace: 498666K(506944K)->498666K(506944K) NonClass: 438100K(442368K)->438100K(442368K) Class: 60566K(64576K)->60566K(64576K)
[2025-01-07T20:11:21.791+0000][85552.157s][info][gc          ] GC(3090) Pause Young (Normal) (GCLocker Initiated GC) 9681M->2398M(12288M) 25.609ms
[2025-01-07T20:11:21.791+0000][85552.157s][info][gc,cpu      ] GC(3090) User=0.14s Sys=0.01s Real=0.03s
[2025-01-07T20:11:31.041+0000][85561.407s][info][gc,start    ] GC(3091) Pause Young (Concurrent Start) (G1 Evacuation Pause)
[2025-01-07T20:11:31.041+0000][85561.407s][info][gc,task     ] GC(3091) Using 6 workers of 6 for evacuation
[2025-01-07T20:11:31.073+0000][85561.440s][info][gc,phases   ] GC(3091)   Pre Evacuate Collection Set: 1.0ms
[2025-01-07T20:11:31.074+0000][85561.440s][info][gc,phases   ] GC(3091)   Merge Heap Roots: 0.5ms
[2025-01-07T20:11:31.074+0000][85561.440s][info][gc,phases   ] GC(3091)   Evacuate Collection Set: 28.0ms
[2025-01-07T20:11:31.074+0000][85561.440s][info][gc,phases   ] GC(3091)   Post Evacuate Collection Set: 2.7ms
[2025-01-07T20:11:31.074+0000][85561.440s][info][gc,phases   ] GC(3091)   Other: 0.3ms
[2025-01-07T20:11:31.074+0000][85561.440s][info][gc,heap     ] GC(3091) Eden regions: 912->0(913)
[2025-01-07T20:11:31.074+0000][85561.440s][info][gc,heap     ] GC(3091) Survivor regions: 5->6(115)
[2025-01-07T20:11:31.074+0000][85561.440s][info][gc,heap     ] GC(3091) Old regions: 245->245
[2025-01-07T20:11:31.074+0000][85561.440s][info][gc,heap     ] GC(3091) Archive regions: 2->2
[2025-01-07T20:11:31.074+0000][85561.440s][info][gc,heap     ] GC(3091) Humongous regions: 49->49
[2025-01-07T20:11:31.074+0000][85561.440s][info][gc,metaspace] GC(3091) Metaspace: 498666K(506944K)->498666K(506944K) NonClass: 438100K(442368K)->438100K(442368K) Class: 60566K(64576K)->60566K(64576K)
[2025-01-07T20:11:31.074+0000][85561.440s][info][gc          ] GC(3091) Pause Young (Concurrent Start) (G1 Evacuation Pause) 9694M->2406M(12288M) 32.571ms
[2025-01-07T20:11:31.074+0000][85561.440s][info][gc,cpu      ] GC(3091) User=0.19s Sys=0.00s Real=0.04s
[2025-01-07T20:11:31.074+0000][85561.440s][info][gc          ] GC(3092) Concurrent Mark Cycle
[2025-01-07T20:11:31.074+0000][85561.440s][info][gc,marking  ] GC(3092) Concurrent Clear Claimed Marks
[2025-01-07T20:11:31.074+0000][85561.441s][info][gc,marking  ] GC(3092) Concurrent Clear Claimed Marks 0.794ms
[2025-01-07T20:11:31.075+0000][85561.441s][info][gc,marking  ] GC(3092) Concurrent Scan Root Regions
[2025-01-07T20:11:31.091+0000][85561.458s][info][gc,marking  ] GC(3092) Concurrent Scan Root Regions 16.890ms
[2025-01-07T20:11:31.091+0000][85561.458s][info][gc,marking  ] GC(3092) Concurrent Mark
[2025-01-07T20:11:31.091+0000][85561.458s][info][gc,marking  ] GC(3092) Concurrent Mark From Roots
[2025-01-07T20:11:31.091+0000][85561.458s][info][gc,task     ] GC(3092) Using 2 workers of 2 for marking
[2025-01-07T20:11:31.927+0000][85562.293s][info][gc,marking  ] GC(3092) Concurrent Mark From Roots 835.466ms
[2025-01-07T20:11:31.927+0000][85562.293s][info][gc,marking  ] GC(3092) Concurrent Preclean
[2025-01-07T20:11:31.929+0000][85562.295s][info][gc,marking  ] GC(3092) Concurrent Preclean 1.971ms
[2025-01-07T20:11:31.929+0000][85562.295s][info][gc,start    ] GC(3092) Pause Remark
[2025-01-07T20:11:31.955+0000][85562.321s][info][gc          ] GC(3092) Pause Remark 3262M->3262M(12288M) 25.607ms
[2025-01-07T20:11:31.955+0000][85562.321s][info][gc,cpu      ] GC(3092) User=0.15s Sys=0.00s Real=0.03s
[2025-01-07T20:11:31.955+0000][85562.321s][info][gc,marking  ] GC(3092) Concurrent Mark 863.358ms
[2025-01-07T20:11:31.955+0000][85562.321s][info][gc,marking  ] GC(3092) Concurrent Rebuild Remembered Sets
[2025-01-07T20:11:32.452+0000][85562.818s][info][gc,marking  ] GC(3092) Concurrent Rebuild Remembered Sets 497.051ms
[2025-01-07T20:11:32.452+0000][85562.818s][info][gc,start    ] GC(3092) Pause Cleanup
[2025-01-07T20:11:32.452+0000][85562.819s][info][gc          ] GC(3092) Pause Cleanup 3658M->3658M(12288M) 0.452ms
[2025-01-07T20:11:32.453+0000][85562.819s][info][gc,cpu      ] GC(3092) User=0.00s Sys=0.00s Real=0.00s
[2025-01-07T20:11:32.453+0000][85562.819s][info][gc,marking  ] GC(3092) Concurrent Cleanup for Next Mark
[2025-01-07T20:11:32.469+0000][85562.835s][info][gc,marking  ] GC(3092) Concurrent Cleanup for Next Mark 16.590ms
[2025-01-07T20:11:32.469+0000][85562.835s][info][gc          ] GC(3092) Concurrent Mark Cycle 1395.557ms
[2025-01-07T20:11:36.810+0000][85567.176s][info][gc,start    ] GC(3093) Pause Young (Prepare Mixed) (G1 Evacuation Pause)
[2025-01-07T20:11:36.810+0000][85567.176s][info][gc,task     ] GC(3093) Using 6 workers of 6 for evacuation
[2025-01-07T20:11:36.840+0000][85567.206s][info][gc,phases   ] GC(3093)   Pre Evacuate Collection Set: 0.2ms
[2025-01-07T20:11:36.840+0000][85567.206s][info][gc,phases   ] GC(3093)   Merge Heap Roots: 0.7ms
[2025-01-07T20:11:36.840+0000][85567.206s][info][gc,phases   ] GC(3093)   Evacuate Collection Set: 27.0ms
[2025-01-07T20:11:36.840+0000][85567.206s][info][gc,phases   ] GC(3093)   Post Evacuate Collection Set: 2.4ms
[2025-01-07T20:11:36.840+0000][85567.206s][info][gc,phases   ] GC(3093)   Other: 0.2ms
[2025-01-07T20:11:36.840+0000][85567.206s][info][gc,heap     ] GC(3093) Eden regions: 913->0(67)
[2025-01-07T20:11:36.840+0000][85567.206s][info][gc,heap     ] GC(3093) Survivor regions: 6->9(115)
[2025-01-07T20:11:36.840+0000][85567.206s][info][gc,heap     ] GC(3093) Old regions: 245->245
[2025-01-07T20:11:36.840+0000][85567.206s][info][gc,heap     ] GC(3093) Archive regions: 2->2
[2025-01-07T20:11:36.840+0000][85567.206s][info][gc,heap     ] GC(3093) Humongous regions: 49->49
[2025-01-07T20:11:36.840+0000][85567.206s][info][gc,metaspace] GC(3093) Metaspace: 498666K(506944K)->498666K(506944K) NonClass: 438100K(442368K)->438100K(442368K) Class: 60566K(64576K)->60566K(64576K)
[2025-01-07T20:11:36.840+0000][85567.206s][info][gc          ] GC(3093) Pause Young (Prepare Mixed) (G1 Evacuation Pause) 9710M->2422M(12288M) 30.495ms
[2025-01-07T20:11:36.840+0000][85567.206s][info][gc,cpu      ] GC(3093) User=0.18s Sys=0.01s Real=0.02s
[2025-01-07T20:11:37.394+0000][85567.760s][info][gc,start    ] GC(3094) Pause Young (Mixed) (G1 Evacuation Pause)
[2025-01-07T20:11:37.394+0000][85567.760s][info][gc,task     ] GC(3094) Using 6 workers of 6 for evacuation
[2025-01-07T20:11:37.449+0000][85567.815s][info][gc,phases   ] GC(3094)   Pre Evacuate Collection Set: 0.2ms
[2025-01-07T20:11:37.449+0000][85567.815s][info][gc,phases   ] GC(3094)   Merge Heap Roots: 0.6ms
[2025-01-07T20:11:37.449+0000][85567.815s][info][gc,phases   ] GC(3094)   Evacuate Collection Set: 51.8ms
[2025-01-07T20:11:37.449+0000][85567.815s][info][gc,phases   ] GC(3094)   Post Evacuate Collection Set: 1.7ms
[2025-01-07T20:11:37.449+0000][85567.815s][info][gc,phases   ] GC(3094)   Other: 0.2ms
[2025-01-07T20:11:37.449+0000][85567.815s][info][gc,heap     ] GC(3094) Eden regions: 67->0(915)
[2025-01-07T20:11:37.449+0000][85567.815s][info][gc,heap     ] GC(3094) Survivor regions: 9->6(10)
[2025-01-07T20:11:37.449+0000][85567.815s][info][gc,heap     ] GC(3094) Old regions: 245->242
[2025-01-07T20:11:37.449+0000][85567.815s][info][gc,heap     ] GC(3094) Archive regions: 2->2
[2025-01-07T20:11:37.449+0000][85567.815s][info][gc,heap     ] GC(3094) Humongous regions: 49->49
[2025-01-07T20:11:37.449+0000][85567.815s][info][gc,metaspace] GC(3094) Metaspace: 498666K(506944K)->498666K(506944K) NonClass: 438100K(442368K)->438100K(442368K) Class: 60566K(64576K)->60566K(64576K)
[2025-01-07T20:11:37.449+0000][85567.815s][info][gc          ] GC(3094) Pause Young (Mixed) (G1 Evacuation Pause) 2958M->2378M(12288M) 54.535ms
[2025-01-07T20:11:37.449+0000][85567.815s][info][gc,cpu      ] GC(3094) User=0.32s Sys=0.00s Real=0.05s
[2025-01-07T20:11:44.198+0000][85574.564s][info][gc,start    ] GC(3095) Pause Young (Normal) (G1 Evacuation Pause)
[2025-01-07T20:11:44.198+0000][85574.564s][info][gc,task     ] GC(3095) Using 6 workers of 6 for evacuation
[2025-01-07T20:11:44.224+0000][85574.590s][info][gc,phases   ] GC(3095)   Pre Evacuate Collection Set: 0.2ms
[2025-01-07T20:11:44.224+0000][85574.590s][info][gc,phases   ] GC(3095)   Merge Heap Roots: 0.4ms
[2025-01-07T20:11:44.224+0000][85574.590s][info][gc,phases   ] GC(3095)   Evacuate Collection Set: 22.6ms
[2025-01-07T20:11:44.224+0000][85574.590s][info][gc,phases   ] GC(3095)   Post Evacuate Collection Set: 2.5ms
[2025-01-07T20:11:44.224+0000][85574.590s][info][gc,phases   ] GC(3095)   Other: 0.2ms
[2025-01-07T20:11:44.224+0000][85574.590s][info][gc,heap     ] GC(3095) Eden regions: 915->0(914)
[2025-01-07T20:11:44.224+0000][85574.590s][info][gc,heap     ] GC(3095) Survivor regions: 6->7(116)
[2025-01-07T20:11:44.224+0000][85574.590s][info][gc,heap     ] GC(3095) Old regions: 242->242
[2025-01-07T20:11:44.224+0000][85574.590s][info][gc,heap     ] GC(3095) Archive regions: 2->2
[2025-01-07T20:11:44.224+0000][85574.590s][info][gc,heap     ] GC(3095) Humongous regions: 49->49
[2025-01-07T20:11:44.224+0000][85574.590s][info][gc,metaspace] GC(3095) Metaspace: 498666K(506944K)->498666K(506944K) NonClass: 438100K(442368K)->438100K(442368K) Class: 60566K(64576K)->60566K(64576K)
[2025-01-07T20:11:44.224+0000][85574.590s][info][gc          ] GC(3095) Pause Young (Normal) (G1 Evacuation Pause) 9698M->2384M(12288M) 26.058ms
[2025-01-07T20:11:44.224+0000][85574.590s][info][gc,cpu      ] GC(3095) User=0.16s Sys=0.00s Real=0.03s
[2025-01-07T20:11:52.032+0000][85582.398s][info][gc,start    ] GC(3096) Pause Young (Normal) (G1 Evacuation Pause)
[2025-01-07T20:11:52.032+0000][85582.398s][info][gc,task     ] GC(3096) Using 6 workers of 6 for evacuation
[2025-01-07T20:11:52.063+0000][85582.429s][info][gc,phases   ] GC(3096)   Pre Evacuate Collection Set: 0.2ms
[2025-01-07T20:11:52.063+0000][85582.429s][info][gc,phases   ] GC(3096)   Merge Heap Roots: 0.4ms
[2025-01-07T20:11:52.063+0000][85582.429s][info][gc,phases   ] GC(3096)   Evacuate Collection Set: 26.1ms
[2025-01-07T20:11:52.063+0000][85582.429s][info][gc,phases   ] GC(3096)   Post Evacuate Collection Set: 3.9ms
[2025-01-07T20:11:52.063+0000][85582.429s][info][gc,phases   ] GC(3096)   Other: 0.2ms
[2025-01-07T20:11:52.063+0000][85582.429s][info][gc,heap     ] GC(3096) Eden regions: 914->0(912)
[2025-01-07T20:11:52.063+0000][85582.429s][info][gc,heap     ] GC(3096) Survivor regions: 7->9(116)
[2025-01-07T20:11:52.063+0000][85582.429s][info][gc,heap     ] GC(3096) Old regions: 242->242
[2025-01-07T20:11:52.063+0000][85582.429s][info][gc,heap     ] GC(3096) Archive regions: 2->2
[2025-01-07T20:11:52.063+0000][85582.429s][info][gc,heap     ] GC(3096) Humongous regions: 49->49
[2025-01-07T20:11:52.063+0000][85582.429s][info][gc,metaspace] GC(3096) Metaspace: 498666K(506944K)->498666K(506944K) NonClass: 438100K(442368K)->438100K(442368K) Class: 60566K(64576K)->60566K(64576K)
[2025-01-07T20:11:52.063+0000][85582.429s][info][gc          ] GC(3096) Pause Young (Normal) (G1 Evacuation Pause) 9696M->2399M(12288M) 30.962ms
[2025-01-07T20:11:52.063+0000][85582.429s][info][gc,cpu      ] GC(3096) User=0.18s Sys=0.00s Real=0.03s
[2025-01-07T20:12:02.156+0000][85592.522s][info][gc,start    ] GC(3097) Pause Young (Concurrent Start) (GCLocker Initiated GC)
[2025-01-07T20:12:02.156+0000][85592.522s][info][gc,task     ] GC(3097) Using 6 workers of 6 for evacuation
[2025-01-07T20:12:02.194+0000][85592.561s][info][gc,phases   ] GC(3097)   Pre Evacuate Collection Set: 1.0ms
[2025-01-07T20:12:02.195+0000][85592.561s][info][gc,phases   ] GC(3097)   Merge Heap Roots: 0.6ms
[2025-01-07T20:12:02.195+0000][85592.561s][info][gc,phases   ] GC(3097)   Evacuate Collection Set: 32.8ms
[2025-01-07T20:12:02.195+0000][85592.561s][info][gc,phases   ] GC(3097)   Post Evacuate Collection Set: 4.0ms
[2025-01-07T20:12:02.195+0000][85592.561s][info][gc,phases   ] GC(3097)   Other: 0.3ms
[2025-01-07T20:12:02.195+0000][85592.561s][info][gc,heap     ] GC(3097) Eden regions: 912->0(909)
[2025-01-07T20:12:02.195+0000][85592.561s][info][gc,heap     ] GC(3097) Survivor regions: 9->11(116)
[2025-01-07T20:12:02.195+0000][85592.561s][info][gc,heap     ] GC(3097) Old regions: 242->242
[2025-01-07T20:12:02.195+0000][85592.561s][info][gc,heap     ] GC(3097) Archive regions: 2->2
[2025-01-07T20:12:02.195+0000][85592.561s][info][gc,heap     ] GC(3097) Humongous regions: 49->49
[2025-01-07T20:12:02.195+0000][85592.561s][info][gc,metaspace] GC(3097) Metaspace: 498669K(506944K)->498669K(506944K) NonClass: 438103K(442368K)->438103K(442368K) Class: 60566K(64576K)->60566K(64576K)
[2025-01-07T20:12:02.195+0000][85592.561s][info][gc          ] GC(3097) Pause Young (Concurrent Start) (GCLocker Initiated GC) 9695M->2416M(12288M) 38.739ms
[2025-01-07T20:12:02.195+0000][85592.561s][info][gc,cpu      ] GC(3097) User=0.21s Sys=0.01s Real=0.04s
[2025-01-07T20:12:02.195+0000][85592.561s][info][gc          ] GC(3098) Concurrent Mark Cycle
[2025-01-07T20:12:02.195+0000][85592.561s][info][gc,marking  ] GC(3098) Concurrent Clear Claimed Marks
[2025-01-07T20:12:02.196+0000][85592.562s][info][gc,marking  ] GC(3098) Concurrent Clear Claimed Marks 0.824ms
[2025-01-07T20:12:02.196+0000][85592.562s][info][gc,marking  ] GC(3098) Concurrent Scan Root Regions
[2025-01-07T20:12:02.226+0000][85592.592s][info][gc,marking  ] GC(3098) Concurrent Scan Root Regions 30.242ms
[2025-01-07T20:12:02.226+0000][85592.592s][info][gc,marking  ] GC(3098) Concurrent Mark
[2025-01-07T20:12:02.226+0000][85592.592s][info][gc,marking  ] GC(3098) Concurrent Mark From Roots
[2025-01-07T20:12:02.226+0000][85592.592s][info][gc,task     ] GC(3098) Using 2 workers of 2 for marking
[2025-01-07T20:12:03.092+0000][85593.458s][info][gc,marking  ] GC(3098) Concurrent Mark From Roots 865.682ms
[2025-01-07T20:12:03.092+0000][85593.458s][info][gc,marking  ] GC(3098) Concurrent Preclean
[2025-01-07T20:12:03.094+0000][85593.460s][info][gc,marking  ] GC(3098) Concurrent Preclean 2.647ms
[2025-01-07T20:12:03.094+0000][85593.460s][info][gc,start    ] GC(3098) Pause Remark
[2025-01-07T20:12:03.120+0000][85593.486s][info][gc          ] GC(3098) Pause Remark 3368M->3368M(12288M) 25.193ms
[2025-01-07T20:12:03.120+0000][85593.486s][info][gc,cpu      ] GC(3098) User=0.15s Sys=0.00s Real=0.02s
[2025-01-07T20:12:03.120+0000][85593.486s][info][gc,marking  ] GC(3098) Concurrent Mark 893.889ms
[2025-01-07T20:12:03.120+0000][85593.486s][info][gc,marking  ] GC(3098) Concurrent Rebuild Remembered Sets
[2025-01-07T20:12:03.590+0000][85593.956s][info][gc,marking  ] GC(3098) Concurrent Rebuild Remembered Sets 470.323ms
[2025-01-07T20:12:03.590+0000][85593.956s][info][gc,start    ] GC(3098) Pause Cleanup
[2025-01-07T20:12:03.591+0000][85593.957s][info][gc          ] GC(3098) Pause Cleanup 3704M->3704M(12288M) 0.404ms
[2025-01-07T20:12:03.591+0000][85593.957s][info][gc,cpu      ] GC(3098) User=0.00s Sys=0.00s Real=0.00s
[2025-01-07T20:12:03.591+0000][85593.957s][info][gc,marking  ] GC(3098) Concurrent Cleanup for Next Mark
[2025-01-07T20:12:03.606+0000][85593.972s][info][gc,marking  ] GC(3098) Concurrent Cleanup for Next Mark 15.411ms
[2025-01-07T20:12:03.606+0000][85593.972s][info][gc          ] GC(3098) Concurrent Mark Cycle 1411.465ms
[2025-01-07T20:12:09.229+0000][85599.595s][info][gc,start    ] GC(3099) Pause Young (Prepare Mixed) (G1 Evacuation Pause)
[2025-01-07T20:12:09.229+0000][85599.595s][info][gc,task     ] GC(3099) Using 6 workers of 6 for evacuation
[2025-01-07T20:12:09.266+0000][85599.632s][info][gc,phases   ] GC(3099)   Pre Evacuate Collection Set: 0.2ms
[2025-01-07T20:12:09.266+0000][85599.632s][info][gc,phases   ] GC(3099)   Merge Heap Roots: 0.7ms
[2025-01-07T20:12:09.266+0000][85599.632s][info][gc,phases   ] GC(3099)   Evacuate Collection Set: 33.7ms
[2025-01-07T20:12:09.266+0000][85599.632s][info][gc,phases   ] GC(3099)   Post Evacuate Collection Set: 2.6ms
[2025-01-07T20:12:09.266+0000][85599.632s][info][gc,phases   ] GC(3099)   Other: 0.2ms
[2025-01-07T20:12:09.266+0000][85599.632s][info][gc,heap     ] GC(3099) Eden regions: 909->0(65)
[2025-01-07T20:12:09.266+0000][85599.632s][info][gc,heap     ] GC(3099) Survivor regions: 11->11(115)
[2025-01-07T20:12:09.266+0000][85599.632s][info][gc,heap     ] GC(3099) Old regions: 242->242
[2025-01-07T20:12:09.266+0000][85599.632s][info][gc,heap     ] GC(3099) Archive regions: 2->2
[2025-01-07T20:12:09.266+0000][85599.632s][info][gc,heap     ] GC(3099) Humongous regions: 49->49
[2025-01-07T20:12:09.266+0000][85599.632s][info][gc,metaspace] GC(3099) Metaspace: 498669K(506944K)->498669K(506944K) NonClass: 438103K(442368K)->438103K(442368K) Class: 60566K(64576K)->60566K(64576K)
[2025-01-07T20:12:09.266+0000][85599.632s][info][gc          ] GC(3099) Pause Young (Prepare Mixed) (G1 Evacuation Pause) 9688M->2420M(12288M) 37.447ms
[2025-01-07T20:12:09.266+0000][85599.632s][info][gc,cpu      ] GC(3099) User=0.22s Sys=0.00s Real=0.04s
[2025-01-07T20:12:09.975+0000][85600.341s][info][gc,start    ] GC(3100) Pause Young (Mixed) (G1 Evacuation Pause)
[2025-01-07T20:12:09.975+0000][85600.341s][info][gc,task     ] GC(3100) Using 6 workers of 6 for evacuation
[2025-01-07T20:12:10.039+0000][85600.406s][info][gc,phases   ] GC(3100)   Pre Evacuate Collection Set: 0.2ms
[2025-01-07T20:12:10.040+0000][85600.406s][info][gc,phases   ] GC(3100)   Merge Heap Roots: 0.6ms
[2025-01-07T20:12:10.040+0000][85600.406s][info][gc,phases   ] GC(3100)   Evacuate Collection Set: 61.4ms
[2025-01-07T20:12:10.040+0000][85600.406s][info][gc,phases   ] GC(3100)   Post Evacuate Collection Set: 2.0ms
[2025-01-07T20:12:10.040+0000][85600.406s][info][gc,phases   ] GC(3100)   Other: 0.2ms
[2025-01-07T20:12:10.040+0000][85600.406s][info][gc,heap     ] GC(3100) Eden regions: 65->0(915)
[2025-01-07T20:12:10.040+0000][85600.406s][info][gc,heap     ] GC(3100) Survivor regions: 11->6(10)
[2025-01-07T20:12:10.040+0000][85600.406s][info][gc,heap     ] GC(3100) Old regions: 242->243
[2025-01-07T20:12:10.040+0000][85600.406s][info][gc,heap     ] GC(3100) Archive regions: 2->2
[2025-01-07T20:12:10.040+0000][85600.406s][info][gc,heap     ] GC(3100) Humongous regions: 49->49
[2025-01-07T20:12:10.040+0000][85600.406s][info][gc,metaspace] GC(3100) Metaspace: 498669K(506944K)->498669K(506944K) NonClass: 438103K(442368K)->438103K(442368K) Class: 60566K(64576K)->60566K(64576K)
[2025-01-07T20:12:10.040+0000][85600.406s][info][gc          ] GC(3100) Pause Young (Mixed) (G1 Evacuation Pause) 2940M->2384M(12288M) 64.484ms
[2025-01-07T20:12:10.040+0000][85600.406s][info][gc,cpu      ] GC(3100) User=0.38s Sys=0.01s Real=0.06s
[2025-01-07T20:12:17.771+0000][85608.137s][info][gc,start    ] GC(3101) Pause Young (Normal) (G1 Evacuation Pause)
[2025-01-07T20:12:17.771+0000][85608.137s][info][gc,task     ] GC(3101) Using 6 workers of 6 for evacuation
[2025-01-07T20:12:17.800+0000][85608.167s][info][gc,phases   ] GC(3101)   Pre Evacuate Collection Set: 0.2ms
[2025-01-07T20:12:17.801+0000][85608.167s][info][gc,phases   ] GC(3101)   Merge Heap Roots: 0.4ms
[2025-01-07T20:12:17.801+0000][85608.167s][info][gc,phases   ] GC(3101)   Evacuate Collection Set: 24.8ms
[2025-01-07T20:12:17.801+0000][85608.167s][info][gc,phases   ] GC(3101)   Post Evacuate Collection Set: 3.8ms
[2025-01-07T20:12:17.801+0000][85608.167s][info][gc,phases   ] GC(3101)   Other: 0.2ms
[2025-01-07T20:12:17.801+0000][85608.167s][info][gc,heap     ] GC(3101) Eden regions: 915->0(912)
[2025-01-07T20:12:17.801+0000][85608.167s][info][gc,heap     ] GC(3101) Survivor regions: 6->8(116)
[2025-01-07T20:12:17.801+0000][85608.167s][info][gc,heap     ] GC(3101) Old regions: 243->243
[2025-01-07T20:12:17.801+0000][85608.167s][info][gc,heap     ] GC(3101) Archive regions: 2->2
[2025-01-07T20:12:17.801+0000][85608.167s][info][gc,heap     ] GC(3101) Humongous regions: 49->49
[2025-01-07T20:12:17.801+0000][85608.167s][info][gc,metaspace] GC(3101) Metaspace: 498669K(506944K)->498669K(506944K) NonClass: 438103K(442368K)->438103K(442368K) Class: 60566K(64576K)->60566K(64576K)
[2025-01-07T20:12:17.801+0000][85608.167s][info][gc          ] GC(3101) Pause Young (Normal) (G1 Evacuation Pause) 9704M->2399M(12288M) 29.589ms
[2025-01-07T20:12:17.801+0000][85608.167s][info][gc,cpu      ] GC(3101) User=0.18s Sys=0.00s Real=0.02s
[2025-01-07T20:12:26.778+0000][85617.144s][info][gc,start    ] GC(3102) Pause Young (Normal) (G1 Evacuation Pause)
[2025-01-07T20:12:26.778+0000][85617.144s][info][gc,task     ] GC(3102) Using 6 workers of 6 for evacuation
[2025-01-07T20:12:26.809+0000][85617.175s][info][gc,phases   ] GC(3102)   Pre Evacuate Collection Set: 0.2ms
[2025-01-07T20:12:26.809+0000][85617.175s][info][gc,phases   ] GC(3102)   Merge Heap Roots: 0.4ms
[2025-01-07T20:12:26.809+0000][85617.175s][info][gc,phases   ] GC(3102)   Evacuate Collection Set: 27.8ms
[2025-01-07T20:12:26.809+0000][85617.175s][info][gc,phases   ] GC(3102)   Post Evacuate Collection Set: 2.5ms
[2025-01-07T20:12:26.809+0000][85617.175s][info][gc,phases   ] GC(3102)   Other: 0.2ms
[2025-01-07T20:12:26.809+0000][85617.175s][info][gc,heap     ] GC(3102) Eden regions: 912->0(911)
[2025-01-07T20:12:26.809+0000][85617.175s][info][gc,heap     ] GC(3102) Survivor regions: 8->9(115)
[2025-01-07T20:12:26.809+0000][85617.175s][info][gc,heap     ] GC(3102) Old regions: 243->243
[2025-01-07T20:12:26.809+0000][85617.175s][info][gc,heap     ] GC(3102) Archive regions: 2->2
[2025-01-07T20:12:26.809+0000][85617.175s][info][gc,heap     ] GC(3102) Humongous regions: 49->49
[2025-01-07T20:12:26.809+0000][85617.175s][info][gc,metaspace] GC(3102) Metaspace: 498669K(506944K)->498669K(506944K) NonClass: 438103K(442368K)->438103K(442368K) Class: 60566K(64576K)->60566K(64576K)
[2025-01-07T20:12:26.809+0000][85617.175s][info][gc          ] GC(3102) Pause Young (Normal) (G1 Evacuation Pause) 9695M->2402M(12288M) 31.230ms
[2025-01-07T20:12:26.809+0000][85617.175s][info][gc,cpu      ] GC(3102) User=0.18s Sys=0.00s Real=0.03s
[2025-01-07T20:12:34.389+0000][85624.755s][info][gc,start    ] GC(3103) Pause Young (Concurrent Start) (G1 Evacuation Pause)
[2025-01-07T20:12:34.389+0000][85624.755s][info][gc,task     ] GC(3103) Using 6 workers of 6 for evacuation
[2025-01-07T20:12:34.424+0000][85624.790s][info][gc,phases   ] GC(3103)   Pre Evacuate Collection Set: 1.0ms
[2025-01-07T20:12:34.424+0000][85624.790s][info][gc,phases   ] GC(3103)   Merge Heap Roots: 0.5ms
[2025-01-07T20:12:34.424+0000][85624.790s][info][gc,phases   ] GC(3103)   Evacuate Collection Set: 29.9ms
[2025-01-07T20:12:34.424+0000][85624.790s][info][gc,phases   ] GC(3103)   Post Evacuate Collection Set: 2.5ms
[2025-01-07T20:12:34.424+0000][85624.790s][info][gc,phases   ] GC(3103)   Other: 0.3ms
[2025-01-07T20:12:34.424+0000][85624.790s][info][gc,heap     ] GC(3103) Eden regions: 911->0(910)
[2025-01-07T20:12:34.424+0000][85624.790s][info][gc,heap     ] GC(3103) Survivor regions: 9->10(115)
[2025-01-07T20:12:34.424+0000][85624.790s][info][gc,heap     ] GC(3103) Old regions: 243->243
[2025-01-07T20:12:34.424+0000][85624.790s][info][gc,heap     ] GC(3103) Archive regions: 2->2
[2025-01-07T20:12:34.424+0000][85624.790s][info][gc,heap     ] GC(3103) Humongous regions: 49->49
[2025-01-07T20:12:34.424+0000][85624.790s][info][gc,metaspace] GC(3103) Metaspace: 498669K(506944K)->498669K(506944K) NonClass: 438103K(442368K)->438103K(442368K) Class: 60566K(64576K)->60566K(64576K)
[2025-01-07T20:12:34.424+0000][85624.790s][info][gc          ] GC(3103) Pause Young (Concurrent Start) (G1 Evacuation Pause) 9690M->2414M(12288M) 34.313ms
[2025-01-07T20:12:34.424+0000][85624.790s][info][gc,cpu      ] GC(3103) User=0.19s Sys=0.01s Real=0.04s
[2025-01-07T20:12:34.424+0000][85624.790s][info][gc          ] GC(3104) Concurrent Mark Cycle
[2025-01-07T20:12:34.424+0000][85624.790s][info][gc,marking  ] GC(3104) Concurrent Clear Claimed Marks
[2025-01-07T20:12:34.425+0000][85624.791s][info][gc,marking  ] GC(3104) Concurrent Clear Claimed Marks 0.825ms
[2025-01-07T20:12:34.425+0000][85624.791s][info][gc,marking  ] GC(3104) Concurrent Scan Root Regions
[2025-01-07T20:12:34.453+0000][85624.819s][info][gc,marking  ] GC(3104) Concurrent Scan Root Regions 28.331ms
[2025-01-07T20:12:34.453+0000][85624.819s][info][gc,marking  ] GC(3104) Concurrent Mark
[2025-01-07T20:12:34.453+0000][85624.819s][info][gc,marking  ] GC(3104) Concurrent Mark From Roots
[2025-01-07T20:12:34.453+0000][85624.819s][info][gc,task     ] GC(3104) Using 2 workers of 2 for marking
[2025-01-07T20:12:35.300+0000][85625.666s][info][gc,marking  ] GC(3104) Concurrent Mark From Roots 847.049ms
[2025-01-07T20:12:35.300+0000][85625.666s][info][gc,marking  ] GC(3104) Concurrent Preclean
[2025-01-07T20:12:35.302+0000][85625.668s][info][gc,marking  ] GC(3104) Concurrent Preclean 2.020ms
[2025-01-07T20:12:35.302+0000][85625.668s][info][gc,start    ] GC(3104) Pause Remark
[2025-01-07T20:12:35.328+0000][85625.694s][info][gc          ] GC(3104) Pause Remark 3526M->3526M(12288M) 25.538ms
[2025-01-07T20:12:35.328+0000][85625.694s][info][gc,cpu      ] GC(3104) User=0.15s Sys=0.00s Real=0.02s
[2025-01-07T20:12:35.328+0000][85625.694s][info][gc,marking  ] GC(3104) Concurrent Mark 875.000ms
[2025-01-07T20:12:35.328+0000][85625.694s][info][gc,marking  ] GC(3104) Concurrent Rebuild Remembered Sets
[2025-01-07T20:12:35.993+0000][85626.359s][info][gc,marking  ] GC(3104) Concurrent Rebuild Remembered Sets 664.573ms
[2025-01-07T20:12:35.993+0000][85626.359s][info][gc,start    ] GC(3104) Pause Cleanup
[2025-01-07T20:12:35.993+0000][85626.359s][info][gc          ] GC(3104) Pause Cleanup 4522M->4522M(12288M) 0.418ms
[2025-01-07T20:12:35.993+0000][85626.359s][info][gc,cpu      ] GC(3104) User=0.00s Sys=0.00s Real=0.00s
[2025-01-07T20:12:35.993+0000][85626.359s][info][gc,marking  ] GC(3104) Concurrent Cleanup for Next Mark
[2025-01-07T20:12:36.021+0000][85626.388s][info][gc,marking  ] GC(3104) Concurrent Cleanup for Next Mark 28.164ms
[2025-01-07T20:12:36.021+0000][85626.388s][info][gc          ] GC(3104) Concurrent Mark Cycle 1597.771ms
[2025-01-07T20:12:40.137+0000][85630.503s][info][gc,start    ] GC(3105) Pause Young (Prepare Mixed) (G1 Evacuation Pause)
[2025-01-07T20:12:40.137+0000][85630.503s][info][gc,task     ] GC(3105) Using 6 workers of 6 for evacuation
[2025-01-07T20:12:40.173+0000][85630.539s][info][gc,phases   ] GC(3105)   Pre Evacuate Collection Set: 0.2ms
[2025-01-07T20:12:40.173+0000][85630.539s][info][gc,phases   ] GC(3105)   Merge Heap Roots: 0.8ms
[2025-01-07T20:12:40.173+0000][85630.539s][info][gc,phases   ] GC(3105)   Evacuate Collection Set: 32.2ms
[2025-01-07T20:12:40.173+0000][85630.539s][info][gc,phases   ] GC(3105)   Post Evacuate Collection Set: 2.6ms
[2025-01-07T20:12:40.173+0000][85630.539s][info][gc,phases   ] GC(3105)   Other: 0.2ms
[2025-01-07T20:12:40.173+0000][85630.539s][info][gc,heap     ] GC(3105) Eden regions: 910->0(65)
[2025-01-07T20:12:40.173+0000][85630.539s][info][gc,heap     ] GC(3105) Survivor regions: 10->11(115)
[2025-01-07T20:12:40.173+0000][85630.539s][info][gc,heap     ] GC(3105) Old regions: 243->243
[2025-01-07T20:12:40.173+0000][85630.539s][info][gc,heap     ] GC(3105) Archive regions: 2->2
[2025-01-07T20:12:40.173+0000][85630.539s][info][gc,heap     ] GC(3105) Humongous regions: 49->49
[2025-01-07T20:12:40.173+0000][85630.539s][info][gc,metaspace] GC(3105) Metaspace: 498669K(506944K)->498669K(506944K) NonClass: 438103K(442368K)->438103K(442368K) Class: 60566K(64576K)->60566K(64576K)
[2025-01-07T20:12:40.173+0000][85630.539s][info][gc          ] GC(3105) Pause Young (Prepare Mixed) (G1 Evacuation Pause) 9694M->2419M(12288M) 36.005ms
[2025-01-07T20:12:40.173+0000][85630.539s][info][gc,cpu      ] GC(3105) User=0.21s Sys=0.00s Real=0.04s
[2025-01-07T20:12:40.468+0000][85630.834s][info][gc,start    ] GC(3106) Pause Young (Mixed) (G1 Evacuation Pause)
[2025-01-07T20:12:40.468+0000][85630.834s][info][gc,task     ] GC(3106) Using 6 workers of 6 for evacuation
[2025-01-07T20:12:40.543+0000][85630.909s][info][gc,phases   ] GC(3106)   Pre Evacuate Collection Set: 0.2ms
[2025-01-07T20:12:40.543+0000][85630.909s][info][gc,phases   ] GC(3106)   Merge Heap Roots: 1.0ms
[2025-01-07T20:12:40.543+0000][85630.909s][info][gc,phases   ] GC(3106)   Evacuate Collection Set: 71.9ms
[2025-01-07T20:12:40.543+0000][85630.909s][info][gc,phases   ] GC(3106)   Post Evacuate Collection Set: 1.7ms
[2025-01-07T20:12:40.543+0000][85630.909s][info][gc,phases   ] GC(3106)   Other: 0.2ms
[2025-01-07T20:12:40.543+0000][85630.909s][info][gc,heap     ] GC(3106) Eden regions: 65->0(916)
[2025-01-07T20:12:40.543+0000][85630.909s][info][gc,heap     ] GC(3106) Survivor regions: 11->5(10)
[2025-01-07T20:12:40.543+0000][85630.909s][info][gc,heap     ] GC(3106) Old regions: 243->244
[2025-01-07T20:12:40.543+0000][85630.909s][info][gc,heap     ] GC(3106) Archive regions: 2->2
[2025-01-07T20:12:40.543+0000][85630.909s][info][gc,heap     ] GC(3106) Humongous regions: 49->49
[2025-01-07T20:12:40.543+0000][85630.909s][info][gc,metaspace] GC(3106) Metaspace: 498669K(506944K)->498669K(506944K) NonClass: 438103K(442368K)->438103K(442368K) Class: 60566K(64576K)->60566K(64576K)
[2025-01-07T20:12:40.543+0000][85630.909s][info][gc          ] GC(3106) Pause Young (Mixed) (G1 Evacuation Pause) 2939M->2383M(12288M) 75.021ms
[2025-01-07T20:12:40.543+0000][85630.909s][info][gc,cpu      ] GC(3106) User=0.44s Sys=0.00s Real=0.08s
[2025-01-07T20:12:47.657+0000][85638.023s][info][gc,start    ] GC(3107) Pause Young (Normal) (G1 Evacuation Pause)
[2025-01-07T20:12:47.657+0000][85638.023s][info][gc,task     ] GC(3107) Using 6 workers of 6 for evacuation
[2025-01-07T20:12:47.681+0000][85638.047s][info][gc,phases   ] GC(3107)   Pre Evacuate Collection Set: 0.2ms
[2025-01-07T20:12:47.681+0000][85638.047s][info][gc,phases   ] GC(3107)   Merge Heap Roots: 0.4ms
[2025-01-07T20:12:47.681+0000][85638.047s][info][gc,phases   ] GC(3107)   Evacuate Collection Set: 20.9ms
[2025-01-07T20:12:47.681+0000][85638.047s][info][gc,phases   ] GC(3107)   Post Evacuate Collection Set: 2.5ms
[2025-01-07T20:12:47.681+0000][85638.047s][info][gc,phases   ] GC(3107)   Other: 0.2ms
[2025-01-07T20:12:47.681+0000][85638.047s][info][gc,heap     ] GC(3107) Eden regions: 916->0(914)
[2025-01-07T20:12:47.681+0000][85638.048s][info][gc,heap     ] GC(3107) Survivor regions: 5->6(116)
[2025-01-07T20:12:47.681+0000][85638.048s][info][gc,heap     ] GC(3107) Old regions: 244->244
[2025-01-07T20:12:47.681+0000][85638.048s][info][gc,heap     ] GC(3107) Archive regions: 2->2
[2025-01-07T20:12:47.681+0000][85638.048s][info][gc,heap     ] GC(3107) Humongous regions: 49->49
[2025-01-07T20:12:47.681+0000][85638.048s][info][gc,metaspace] GC(3107) Metaspace: 498669K(506944K)->498669K(506944K) NonClass: 438103K(442368K)->438103K(442368K) Class: 60566K(64576K)->60566K(64576K)
[2025-01-07T20:12:47.681+0000][85638.048s][info][gc          ] GC(3107) Pause Young (Normal) (G1 Evacuation Pause) 9711M->2392M(12288M) 24.411ms
[2025-01-07T20:12:47.682+0000][85638.048s][info][gc,cpu      ] GC(3107) User=0.14s Sys=0.00s Real=0.03s
[2025-01-07T20:12:52.354+0000][85642.720s][info][gc,start    ] GC(3108) Pause Young (Normal) (G1 Evacuation Pause)
[2025-01-07T20:12:52.354+0000][85642.720s][info][gc,task     ] GC(3108) Using 6 workers of 6 for evacuation
[2025-01-07T20:12:52.380+0000][85642.747s][info][gc,phases   ] GC(3108)   Pre Evacuate Collection Set: 0.2ms
[2025-01-07T20:12:52.380+0000][85642.747s][info][gc,phases   ] GC(3108)   Merge Heap Roots: 0.4ms
[2025-01-07T20:12:52.380+0000][85642.747s][info][gc,phases   ] GC(3108)   Evacuate Collection Set: 20.5ms
[2025-01-07T20:12:52.380+0000][85642.747s][info][gc,phases   ] GC(3108)   Post Evacuate Collection Set: 5.0ms
[2025-01-07T20:12:52.380+0000][85642.747s][info][gc,phases   ] GC(3108)   Other: 0.2ms
[2025-01-07T20:12:52.380+0000][85642.747s][info][gc,heap     ] GC(3108) Eden regions: 914->0(911)
[2025-01-07T20:12:52.380+0000][85642.747s][info][gc,heap     ] GC(3108) Survivor regions: 6->8(115)
[2025-01-07T20:12:52.380+0000][85642.747s][info][gc,heap     ] GC(3108) Old regions: 244->244
[2025-01-07T20:12:52.380+0000][85642.747s][info][gc,heap     ] GC(3108) Archive regions: 2->2
[2025-01-07T20:12:52.381+0000][85642.747s][info][gc,heap     ] GC(3108) Humongous regions: 49->49
[2025-01-07T20:12:52.381+0000][85642.747s][info][gc,metaspace] GC(3108) Metaspace: 498669K(506944K)->498669K(506944K) NonClass: 438103K(442368K)->438103K(442368K) Class: 60566K(64576K)->60566K(64576K)
[2025-01-07T20:12:52.381+0000][85642.747s][info][gc          ] GC(3108) Pause Young (Normal) (G1 Evacuation Pause) 9704M->2405M(12288M) 26.448ms
[2025-01-07T20:12:52.381+0000][85642.747s][info][gc,cpu      ] GC(3108) User=0.15s Sys=0.00s Real=0.02s
[2025-01-07T20:13:01.023+0000][85651.390s][info][gc,start    ] GC(3109) Pause Young (Concurrent Start) (G1 Evacuation Pause)
[2025-01-07T20:13:01.023+0000][85651.390s][info][gc,task     ] GC(3109) Using 6 workers of 6 for evacuation
[2025-01-07T20:13:01.054+0000][85651.420s][info][gc,phases   ] GC(3109)   Pre Evacuate Collection Set: 1.0ms
[2025-01-07T20:13:01.054+0000][85651.420s][info][gc,phases   ] GC(3109)   Merge Heap Roots: 0.4ms
[2025-01-07T20:13:01.054+0000][85651.420s][info][gc,phases   ] GC(3109)   Evacuate Collection Set: 25.2ms
[2025-01-07T20:13:01.054+0000][85651.420s][info][gc,phases   ] GC(3109)   Post Evacuate Collection Set: 3.7ms
[2025-01-07T20:13:01.054+0000][85651.420s][info][gc,phases   ] GC(3109)   Other: 0.3ms
[2025-01-07T20:13:01.054+0000][85651.420s][info][gc,heap     ] GC(3109) Eden regions: 911->0(912)
[2025-01-07T20:13:01.054+0000][85651.420s][info][gc,heap     ] GC(3109) Survivor regions: 8->8(115)
[2025-01-07T20:13:01.054+0000][85651.420s][info][gc,heap     ] GC(3109) Old regions: 244->244
[2025-01-07T20:13:01.054+0000][85651.420s][info][gc,heap     ] GC(3109) Archive regions: 2->2
[2025-01-07T20:13:01.054+0000][85651.420s][info][gc,heap     ] GC(3109) Humongous regions: 49->49
[2025-01-07T20:13:01.054+0000][85651.420s][info][gc,metaspace] GC(3109) Metaspace: 498669K(506944K)->498669K(506944K) NonClass: 438103K(442368K)->438103K(442368K) Class: 60566K(64576K)->60566K(64576K)
[2025-01-07T20:13:01.054+0000][85651.420s][info][gc          ] GC(3109) Pause Young (Concurrent Start) (G1 Evacuation Pause) 9693M->2408M(12288M) 30.706ms
[2025-01-07T20:13:01.054+0000][85651.420s][info][gc,cpu      ] GC(3109) User=0.18s Sys=0.00s Real=0.03s
[2025-01-07T20:13:01.054+0000][85651.420s][info][gc          ] GC(3110) Concurrent Mark Cycle
[2025-01-07T20:13:01.054+0000][85651.420s][info][gc,marking  ] GC(3110) Concurrent Clear Claimed Marks
[2025-01-07T20:13:01.055+0000][85651.421s][info][gc,marking  ] GC(3110) Concurrent Clear Claimed Marks 0.764ms
[2025-01-07T20:13:01.055+0000][85651.421s][info][gc,marking  ] GC(3110) Concurrent Scan Root Regions
[2025-01-07T20:13:01.075+0000][85651.441s][info][gc,marking  ] GC(3110) Concurrent Scan Root Regions 20.287ms
[2025-01-07T20:13:01.075+0000][85651.441s][info][gc,marking  ] GC(3110) Concurrent Mark
[2025-01-07T20:13:01.075+0000][85651.441s][info][gc,marking  ] GC(3110) Concurrent Mark From Roots
[2025-01-07T20:13:01.075+0000][85651.441s][info][gc,task     ] GC(3110) Using 2 workers of 2 for marking
[2025-01-07T20:13:01.948+0000][85652.314s][info][gc,marking  ] GC(3110) Concurrent Mark From Roots 872.524ms
[2025-01-07T20:13:01.948+0000][85652.314s][info][gc,marking  ] GC(3110) Concurrent Preclean
[2025-01-07T20:13:01.950+0000][85652.316s][info][gc,marking  ] GC(3110) Concurrent Preclean 1.943ms
[2025-01-07T20:13:01.950+0000][85652.316s][info][gc,start    ] GC(3110) Pause Remark
[2025-01-07T20:13:01.975+0000][85652.341s][info][gc          ] GC(3110) Pause Remark 3280M->3280M(12288M) 25.227ms
[2025-01-07T20:13:01.975+0000][85652.341s][info][gc,cpu      ] GC(3110) User=0.15s Sys=0.00s Real=0.02s
[2025-01-07T20:13:01.975+0000][85652.341s][info][gc,marking  ] GC(3110) Concurrent Mark 900.035ms
[2025-01-07T20:13:01.975+0000][85652.341s][info][gc,marking  ] GC(3110) Concurrent Rebuild Remembered Sets
[2025-01-07T20:13:02.480+0000][85652.846s][info][gc,marking  ] GC(3110) Concurrent Rebuild Remembered Sets 504.268ms
[2025-01-07T20:13:02.480+0000][85652.846s][info][gc,start    ] GC(3110) Pause Cleanup
[2025-01-07T20:13:02.480+0000][85652.846s][info][gc          ] GC(3110) Pause Cleanup 3800M->3800M(12288M) 0.403ms
[2025-01-07T20:13:02.480+0000][85652.846s][info][gc,cpu      ] GC(3110) User=0.00s Sys=0.00s Real=0.00s
[2025-01-07T20:13:02.480+0000][85652.846s][info][gc,marking  ] GC(3110) Concurrent Cleanup for Next Mark
[2025-01-07T20:13:02.496+0000][85652.862s][info][gc,marking  ] GC(3110) Concurrent Cleanup for Next Mark 16.022ms
[2025-01-07T20:13:02.496+0000][85652.862s][info][gc          ] GC(3110) Concurrent Mark Cycle 1442.138ms
[2025-01-07T20:13:10.347+0000][85660.713s][info][gc,start    ] GC(3111) Pause Young (Prepare Mixed) (G1 Evacuation Pause)
[2025-01-07T20:13:10.347+0000][85660.713s][info][gc,task     ] GC(3111) Using 6 workers of 6 for evacuation
[2025-01-07T20:13:10.379+0000][85660.745s][info][gc,phases   ] GC(3111)   Pre Evacuate Collection Set: 0.2ms
[2025-01-07T20:13:10.379+0000][85660.745s][info][gc,phases   ] GC(3111)   Merge Heap Roots: 0.7ms
[2025-01-07T20:13:10.379+0000][85660.745s][info][gc,phases   ] GC(3111)   Evacuate Collection Set: 28.6ms
[2025-01-07T20:13:10.379+0000][85660.745s][info][gc,phases   ] GC(3111)   Post Evacuate Collection Set: 2.6ms
[2025-01-07T20:13:10.379+0000][85660.745s][info][gc,phases   ] GC(3111)   Other: 0.2ms
[2025-01-07T20:13:10.379+0000][85660.745s][info][gc,heap     ] GC(3111) Eden regions: 912->0(66)
[2025-01-07T20:13:10.379+0000][85660.745s][info][gc,heap     ] GC(3111) Survivor regions: 8->10(115)
[2025-01-07T20:13:10.379+0000][85660.745s][info][gc,heap     ] GC(3111) Old regions: 244->244
[2025-01-07T20:13:10.379+0000][85660.745s][info][gc,heap     ] GC(3111) Archive regions: 2->2
[2025-01-07T20:13:10.379+0000][85660.745s][info][gc,heap     ] GC(3111) Humongous regions: 49->49
[2025-01-07T20:13:10.379+0000][85660.745s][info][gc,metaspace] GC(3111) Metaspace: 498669K(506944K)->498669K(506944K) NonClass: 438103K(442368K)->438103K(442368K) Class: 60566K(64576K)->60566K(64576K)
[2025-01-07T20:13:10.379+0000][85660.745s][info][gc          ] GC(3111) Pause Young (Prepare Mixed) (G1 Evacuation Pause) 9704M->2422M(12288M) 32.341ms
[2025-01-07T20:13:10.379+0000][85660.745s][info][gc,cpu      ] GC(3111) User=0.19s Sys=0.00s Real=0.03s
[2025-01-07T20:13:10.754+0000][85661.120s][info][gc,start    ] GC(3112) Pause Young (Mixed) (G1 Evacuation Pause)
[2025-01-07T20:13:10.754+0000][85661.120s][info][gc,task     ] GC(3112) Using 6 workers of 6 for evacuation
[2025-01-07T20:13:10.817+0000][85661.183s][info][gc,phases   ] GC(3112)   Pre Evacuate Collection Set: 0.2ms
[2025-01-07T20:13:10.817+0000][85661.183s][info][gc,phases   ] GC(3112)   Merge Heap Roots: 0.7ms
[2025-01-07T20:13:10.817+0000][85661.183s][info][gc,phases   ] GC(3112)   Evacuate Collection Set: 59.8ms
[2025-01-07T20:13:10.817+0000][85661.183s][info][gc,phases   ] GC(3112)   Post Evacuate Collection Set: 1.9ms
[2025-01-07T20:13:10.817+0000][85661.183s][info][gc,phases   ] GC(3112)   Other: 0.2ms
[2025-01-07T20:13:10.817+0000][85661.183s][info][gc,heap     ] GC(3112) Eden regions: 66->0(914)
[2025-01-07T20:13:10.817+0000][85661.183s][info][gc,heap     ] GC(3112) Survivor regions: 10->6(10)
[2025-01-07T20:13:10.817+0000][85661.183s][info][gc,heap     ] GC(3112) Old regions: 244->244
[2025-01-07T20:13:10.817+0000][85661.183s][info][gc,heap     ] GC(3112) Archive regions: 2->2
[2025-01-07T20:13:10.817+0000][85661.183s][info][gc,heap     ] GC(3112) Humongous regions: 49->49
[2025-01-07T20:13:10.817+0000][85661.183s][info][gc,metaspace] GC(3112) Metaspace: 498669K(506944K)->498669K(506944K) NonClass: 438103K(442368K)->438103K(442368K) Class: 60566K(64576K)->60566K(64576K)
[2025-01-07T20:13:10.817+0000][85661.183s][info][gc          ] GC(3112) Pause Young (Mixed) (G1 Evacuation Pause) 2950M->2388M(12288M) 62.865ms
[2025-01-07T20:13:10.817+0000][85661.183s][info][gc,cpu      ] GC(3112) User=0.37s Sys=0.00s Real=0.06s
[2025-01-07T20:13:21.457+0000][85671.823s][info][gc,start    ] GC(3113) Pause Young (Normal) (G1 Evacuation Pause)
[2025-01-07T20:13:21.457+0000][85671.823s][info][gc,task     ] GC(3113) Using 6 workers of 6 for evacuation
[2025-01-07T20:13:21.484+0000][85671.851s][info][gc,phases   ] GC(3113)   Pre Evacuate Collection Set: 0.2ms
[2025-01-07T20:13:21.484+0000][85671.851s][info][gc,phases   ] GC(3113)   Merge Heap Roots: 0.4ms
[2025-01-07T20:13:21.484+0000][85671.851s][info][gc,phases   ] GC(3113)   Evacuate Collection Set: 23.9ms
[2025-01-07T20:13:21.484+0000][85671.851s][info][gc,phases   ] GC(3113)   Post Evacuate Collection Set: 2.5ms
[2025-01-07T20:13:21.484+0000][85671.851s][info][gc,phases   ] GC(3113)   Other: 0.2ms
[2025-01-07T20:13:21.484+0000][85671.851s][info][gc,heap     ] GC(3113) Eden regions: 914->0(914)
[2025-01-07T20:13:21.484+0000][85671.851s][info][gc,heap     ] GC(3113) Survivor regions: 6->6(115)
[2025-01-07T20:13:21.484+0000][85671.851s][info][gc,heap     ] GC(3113) Old regions: 244->244
[2025-01-07T20:13:21.485+0000][85671.851s][info][gc,heap     ] GC(3113) Archive regions: 2->2
[2025-01-07T20:13:21.485+0000][85671.851s][info][gc,heap     ] GC(3113) Humongous regions: 49->49
[2025-01-07T20:13:21.485+0000][85671.851s][info][gc,metaspace] GC(3113) Metaspace: 498669K(506944K)->498669K(506944K) NonClass: 438103K(442368K)->438103K(442368K) Class: 60566K(64576K)->60566K(64576K)
[2025-01-07T20:13:21.485+0000][85671.851s][info][gc          ] GC(3113) Pause Young (Normal) (G1 Evacuation Pause) 9700M->2392M(12288M) 27.370ms
[2025-01-07T20:13:21.485+0000][85671.851s][info][gc,cpu      ] GC(3113) User=0.16s Sys=0.00s Real=0.03s
[2025-01-07T20:13:32.083+0000][85682.449s][info][gc,start    ] GC(3114) Pause Young (Normal) (G1 Evacuation Pause)
[2025-01-07T20:13:32.083+0000][85682.449s][info][gc,task     ] GC(3114) Using 6 workers of 6 for evacuation
[2025-01-07T20:13:32.114+0000][85682.480s][info][gc,phases   ] GC(3114)   Pre Evacuate Collection Set: 0.2ms
[2025-01-07T20:13:32.114+0000][85682.480s][info][gc,phases   ] GC(3114)   Merge Heap Roots: 0.5ms
[2025-01-07T20:13:32.114+0000][85682.480s][info][gc,phases   ] GC(3114)   Evacuate Collection Set: 27.0ms
[2025-01-07T20:13:32.114+0000][85682.480s][info][gc,phases   ] GC(3114)   Post Evacuate Collection Set: 2.6ms
[2025-01-07T20:13:32.114+0000][85682.480s][info][gc,phases   ] GC(3114)   Other: 0.2ms
[2025-01-07T20:13:32.114+0000][85682.480s][info][gc,heap     ] GC(3114) Eden regions: 914->0(911)
[2025-01-07T20:13:32.114+0000][85682.480s][info][gc,heap     ] GC(3114) Survivor regions: 6->9(115)
[2025-01-07T20:13:32.114+0000][85682.480s][info][gc,heap     ] GC(3114) Old regions: 244->244
[2025-01-07T20:13:32.114+0000][85682.480s][info][gc,heap     ] GC(3114) Archive regions: 2->2
[2025-01-07T20:13:32.114+0000][85682.480s][info][gc,heap     ] GC(3114) Humongous regions: 49->49
[2025-01-07T20:13:32.114+0000][85682.480s][info][gc,metaspace] GC(3114) Metaspace: 498669K(506944K)->498669K(506944K) NonClass: 438103K(442368K)->438103K(442368K) Class: 60566K(64576K)->60566K(64576K)
[2025-01-07T20:13:32.114+0000][85682.480s][info][gc          ] GC(3114) Pause Young (Normal) (G1 Evacuation Pause) 9704M->2416M(12288M) 30.497ms
[2025-01-07T20:13:32.114+0000][85682.480s][info][gc,cpu      ] GC(3114) User=0.18s Sys=0.00s Real=0.03s
[2025-01-07T20:13:42.798+0000][85693.164s][info][gc,start    ] GC(3115) Pause Young (Concurrent Start) (G1 Evacuation Pause)
[2025-01-07T20:13:42.798+0000][85693.164s][info][gc,task     ] GC(3115) Using 6 workers of 6 for evacuation
[2025-01-07T20:13:42.835+0000][85693.201s][info][gc,phases   ] GC(3115)   Pre Evacuate Collection Set: 1.0ms
[2025-01-07T20:13:42.835+0000][85693.201s][info][gc,phases   ] GC(3115)   Merge Heap Roots: 0.5ms
[2025-01-07T20:13:42.835+0000][85693.201s][info][gc,phases   ] GC(3115)   Evacuate Collection Set: 31.0ms
[2025-01-07T20:13:42.835+0000][85693.201s][info][gc,phases   ] GC(3115)   Post Evacuate Collection Set: 4.1ms
[2025-01-07T20:13:42.835+0000][85693.201s][info][gc,phases   ] GC(3115)   Other: 0.3ms
[2025-01-07T20:13:42.835+0000][85693.201s][info][gc,heap     ] GC(3115) Eden regions: 911->0(907)
[2025-01-07T20:13:42.835+0000][85693.201s][info][gc,heap     ] GC(3115) Survivor regions: 9->12(115)
[2025-01-07T20:13:42.835+0000][85693.201s][info][gc,heap     ] GC(3115) Old regions: 244->244
[2025-01-07T20:13:42.835+0000][85693.201s][info][gc,heap     ] GC(3115) Archive regions: 2->2
[2025-01-07T20:13:42.835+0000][85693.201s][info][gc,heap     ] GC(3115) Humongous regions: 49->49
[2025-01-07T20:13:42.835+0000][85693.201s][info][gc,metaspace] GC(3115) Metaspace: 498669K(506944K)->498669K(506944K) NonClass: 438103K(442368K)->438103K(442368K) Class: 60566K(64576K)->60566K(64576K)
[2025-01-07T20:13:42.835+0000][85693.201s][info][gc          ] GC(3115) Pause Young (Concurrent Start) (G1 Evacuation Pause) 9704M->2434M(12288M) 36.915ms
[2025-01-07T20:13:42.835+0000][85693.201s][info][gc,cpu      ] GC(3115) User=0.21s Sys=0.00s Real=0.04s
[2025-01-07T20:13:42.835+0000][85693.201s][info][gc          ] GC(3116) Concurrent Mark Cycle
[2025-01-07T20:13:42.835+0000][85693.201s][info][gc,marking  ] GC(3116) Concurrent Clear Claimed Marks
[2025-01-07T20:13:42.836+0000][85693.202s][info][gc,marking  ] GC(3116) Concurrent Clear Claimed Marks 0.835ms
[2025-01-07T20:13:42.836+0000][85693.202s][info][gc,marking  ] GC(3116) Concurrent Scan Root Regions
[2025-01-07T20:13:42.865+0000][85693.231s][info][gc,marking  ] GC(3116) Concurrent Scan Root Regions 28.861ms
[2025-01-07T20:13:42.865+0000][85693.231s][info][gc,marking  ] GC(3116) Concurrent Mark
[2025-01-07T20:13:42.865+0000][85693.231s][info][gc,marking  ] GC(3116) Concurrent Mark From Roots
[2025-01-07T20:13:42.865+0000][85693.231s][info][gc,task     ] GC(3116) Using 2 workers of 2 for marking
[2025-01-07T20:13:43.912+0000][85694.278s][info][gc,marking  ] GC(3116) Concurrent Mark From Roots 1047.045ms
[2025-01-07T20:13:43.912+0000][85694.278s][info][gc,marking  ] GC(3116) Concurrent Preclean
[2025-01-07T20:13:43.914+0000][85694.280s][info][gc,marking  ] GC(3116) Concurrent Preclean 1.938ms
[2025-01-07T20:13:43.914+0000][85694.280s][info][gc,start    ] GC(3116) Pause Remark
[2025-01-07T20:13:43.939+0000][85694.306s][info][gc          ] GC(3116) Pause Remark 4026M->4026M(12288M) 25.548ms
[2025-01-07T20:13:43.940+0000][85694.306s][info][gc,cpu      ] GC(3116) User=0.15s Sys=0.01s Real=0.02s
[2025-01-07T20:13:43.940+0000][85694.306s][info][gc,marking  ] GC(3116) Concurrent Mark 1074.870ms
[2025-01-07T20:13:43.940+0000][85694.306s][info][gc,marking  ] GC(3116) Concurrent Rebuild Remembered Sets
[2025-01-07T20:13:44.415+0000][85694.781s][info][gc,marking  ] GC(3116) Concurrent Rebuild Remembered Sets 475.590ms
[2025-01-07T20:13:44.415+0000][85694.782s][info][gc,start    ] GC(3116) Pause Cleanup
[2025-01-07T20:13:44.416+0000][85694.782s][info][gc          ] GC(3116) Pause Cleanup 4690M->4690M(12288M) 0.388ms
[2025-01-07T20:13:44.416+0000][85694.782s][info][gc,cpu      ] GC(3116) User=0.00s Sys=0.00s Real=0.00s
[2025-01-07T20:13:44.416+0000][85694.782s][info][gc,marking  ] GC(3116) Concurrent Cleanup for Next Mark
[2025-01-07T20:13:44.433+0000][85694.799s][info][gc,marking  ] GC(3116) Concurrent Cleanup for Next Mark 16.798ms
[2025-01-07T20:13:44.433+0000][85694.799s][info][gc          ] GC(3116) Concurrent Mark Cycle 1597.800ms
[2025-01-07T20:13:49.272+0000][85699.638s][info][gc,start    ] GC(3117) Pause Young (Prepare Mixed) (G1 Evacuation Pause)
[2025-01-07T20:13:49.272+0000][85699.638s][info][gc,task     ] GC(3117) Using 6 workers of 6 for evacuation
[2025-01-07T20:13:49.311+0000][85699.677s][info][gc,phases   ] GC(3117)   Pre Evacuate Collection Set: 0.2ms
[2025-01-07T20:13:49.311+0000][85699.677s][info][gc,phases   ] GC(3117)   Merge Heap Roots: 0.7ms
[2025-01-07T20:13:49.311+0000][85699.677s][info][gc,phases   ] GC(3117)   Evacuate Collection Set: 33.6ms
[2025-01-07T20:13:49.311+0000][85699.677s][info][gc,phases   ] GC(3117)   Post Evacuate Collection Set: 4.6ms
[2025-01-07T20:13:49.311+0000][85699.677s][info][gc,phases   ] GC(3117)   Other: 0.2ms
[2025-01-07T20:13:49.311+0000][85699.677s][info][gc,heap     ] GC(3117) Eden regions: 907->0(64)
[2025-01-07T20:13:49.311+0000][85699.677s][info][gc,heap     ] GC(3117) Survivor regions: 12->12(115)
[2025-01-07T20:13:49.311+0000][85699.677s][info][gc,heap     ] GC(3117) Old regions: 244->244
[2025-01-07T20:13:49.311+0000][85699.677s][info][gc,heap     ] GC(3117) Archive regions: 2->2
[2025-01-07T20:13:49.311+0000][85699.677s][info][gc,heap     ] GC(3117) Humongous regions: 49->49
[2025-01-07T20:13:49.311+0000][85699.677s][info][gc,metaspace] GC(3117) Metaspace: 498669K(506944K)->498669K(506944K) NonClass: 438103K(442368K)->438103K(442368K) Class: 60566K(64576K)->60566K(64576K)
[2025-01-07T20:13:49.311+0000][85699.677s][info][gc          ] GC(3117) Pause Young (Prepare Mixed) (G1 Evacuation Pause) 9690M->2438M(12288M) 39.448ms
[2025-01-07T20:13:49.311+0000][85699.677s][info][gc,cpu      ] GC(3117) User=0.22s Sys=0.00s Real=0.04s
[2025-01-07T20:13:50.635+0000][85701.001s][info][gc,start    ] GC(3118) Pause Young (Mixed) (G1 Evacuation Pause)
[2025-01-07T20:13:50.635+0000][85701.001s][info][gc,task     ] GC(3118) Using 6 workers of 6 for evacuation
[2025-01-07T20:13:50.701+0000][85701.067s][info][gc,phases   ] GC(3118)   Pre Evacuate Collection Set: 0.2ms
[2025-01-07T20:13:50.701+0000][85701.067s][info][gc,phases   ] GC(3118)   Merge Heap Roots: 0.7ms
[2025-01-07T20:13:50.701+0000][85701.067s][info][gc,phases   ] GC(3118)   Evacuate Collection Set: 62.6ms
[2025-01-07T20:13:50.701+0000][85701.067s][info][gc,phases   ] GC(3118)   Post Evacuate Collection Set: 2.0ms
[2025-01-07T20:13:50.701+0000][85701.067s][info][gc,phases   ] GC(3118)   Other: 0.2ms
[2025-01-07T20:13:50.701+0000][85701.067s][info][gc,heap     ] GC(3118) Eden regions: 64->0(913)
[2025-01-07T20:13:50.701+0000][85701.067s][info][gc,heap     ] GC(3118) Survivor regions: 12->5(10)
[2025-01-07T20:13:50.701+0000][85701.067s][info][gc,heap     ] GC(3118) Old regions: 244->246
[2025-01-07T20:13:50.701+0000][85701.067s][info][gc,heap     ] GC(3118) Archive regions: 2->2
[2025-01-07T20:13:50.701+0000][85701.067s][info][gc,heap     ] GC(3118) Humongous regions: 49->49
[2025-01-07T20:13:50.701+0000][85701.067s][info][gc,metaspace] GC(3118) Metaspace: 498669K(506944K)->498669K(506944K) NonClass: 438103K(442368K)->438103K(442368K) Class: 60566K(64576K)->60566K(64576K)
[2025-01-07T20:13:50.701+0000][85701.067s][info][gc          ] GC(3118) Pause Young (Mixed) (G1 Evacuation Pause) 2950M->2399M(12288M) 65.757ms
[2025-01-07T20:13:50.701+0000][85701.067s][info][gc,cpu      ] GC(3118) User=0.38s Sys=0.00s Real=0.06s
[2025-01-07T20:13:59.798+0000][85710.164s][info][gc,start    ] GC(3119) Pause Young (Normal) (GCLocker Initiated GC)
[2025-01-07T20:13:59.798+0000][85710.164s][info][gc,task     ] GC(3119) Using 6 workers of 6 for evacuation
[2025-01-07T20:13:59.826+0000][85710.192s][info][gc,phases   ] GC(3119)   Pre Evacuate Collection Set: 0.2ms
[2025-01-07T20:13:59.826+0000][85710.192s][info][gc,phases   ] GC(3119)   Merge Heap Roots: 0.5ms
[2025-01-07T20:13:59.826+0000][85710.192s][info][gc,phases   ] GC(3119)   Evacuate Collection Set: 24.3ms
[2025-01-07T20:13:59.826+0000][85710.192s][info][gc,phases   ] GC(3119)   Post Evacuate Collection Set: 2.6ms
[2025-01-07T20:13:59.826+0000][85710.192s][info][gc,phases   ] GC(3119)   Other: 0.2ms
[2025-01-07T20:13:59.826+0000][85710.192s][info][gc,heap     ] GC(3119) Eden regions: 913->0(910)
[2025-01-07T20:13:59.826+0000][85710.192s][info][gc,heap     ] GC(3119) Survivor regions: 5->7(115)
[2025-01-07T20:13:59.826+0000][85710.192s][info][gc,heap     ] GC(3119) Old regions: 246->246
[2025-01-07T20:13:59.826+0000][85710.192s][info][gc,heap     ] GC(3119) Archive regions: 2->2
[2025-01-07T20:13:59.826+0000][85710.192s][info][gc,heap     ] GC(3119) Humongous regions: 49->49
[2025-01-07T20:13:59.826+0000][85710.192s][info][gc,metaspace] GC(3119) Metaspace: 498669K(506944K)->498669K(506944K) NonClass: 438103K(442368K)->438103K(442368K) Class: 60566K(64576K)->60566K(64576K)
[2025-01-07T20:13:59.826+0000][85710.192s][info][gc          ] GC(3119) Pause Young (Normal) (GCLocker Initiated GC) 9703M->2410M(12288M) 27.781ms
[2025-01-07T20:13:59.826+0000][85710.192s][info][gc,cpu      ] GC(3119) User=0.16s Sys=0.00s Real=0.03s
[2025-01-07T20:14:09.462+0000][85719.828s][info][gc,start    ] GC(3120) Pause Young (Normal) (G1 Evacuation Pause)
[2025-01-07T20:14:09.462+0000][85719.828s][info][gc,task     ] GC(3120) Using 6 workers of 6 for evacuation
[2025-01-07T20:14:09.492+0000][85719.858s][info][gc,phases   ] GC(3120)   Pre Evacuate Collection Set: 0.2ms
[2025-01-07T20:14:09.492+0000][85719.858s][info][gc,phases   ] GC(3120)   Merge Heap Roots: 0.5ms
[2025-01-07T20:14:09.492+0000][85719.858s][info][gc,phases   ] GC(3120)   Evacuate Collection Set: 25.7ms
[2025-01-07T20:14:09.492+0000][85719.858s][info][gc,phases   ] GC(3120)   Post Evacuate Collection Set: 3.9ms
[2025-01-07T20:14:09.492+0000][85719.858s][info][gc,phases   ] GC(3120)   Other: 0.2ms
[2025-01-07T20:14:09.492+0000][85719.858s][info][gc,heap     ] GC(3120) Eden regions: 910->0(909)
[2025-01-07T20:14:09.492+0000][85719.858s][info][gc,heap     ] GC(3120) Survivor regions: 7->8(115)
[2025-01-07T20:14:09.492+0000][85719.858s][info][gc,heap     ] GC(3120) Old regions: 246->246
[2025-01-07T20:14:09.492+0000][85719.858s][info][gc,heap     ] GC(3120) Archive regions: 2->2
[2025-01-07T20:14:09.492+0000][85719.858s][info][gc,heap     ] GC(3120) Humongous regions: 49->49
[2025-01-07T20:14:09.492+0000][85719.858s][info][gc,metaspace] GC(3120) Metaspace: 498669K(506944K)->498669K(506944K) NonClass: 438103K(442368K)->438103K(442368K) Class: 60566K(64576K)->60566K(64576K)
[2025-01-07T20:14:09.492+0000][85719.858s][info][gc          ] GC(3120) Pause Young (Normal) (G1 Evacuation Pause) 9690M->2423M(12288M) 30.576ms
[2025-01-07T20:14:09.492+0000][85719.858s][info][gc,cpu      ] GC(3120) User=0.18s Sys=0.00s Real=0.03s
[2025-01-07T20:14:24.162+0000][85734.528s][info][gc,start    ] GC(3121) Pause Young (Concurrent Start) (G1 Evacuation Pause)
[2025-01-07T20:14:24.162+0000][85734.528s][info][gc,task     ] GC(3121) Using 6 workers of 6 for evacuation
[2025-01-07T20:14:24.198+0000][85734.565s][info][gc,phases   ] GC(3121)   Pre Evacuate Collection Set: 1.0ms
[2025-01-07T20:14:24.198+0000][85734.565s][info][gc,phases   ] GC(3121)   Merge Heap Roots: 0.5ms
[2025-01-07T20:14:24.198+0000][85734.565s][info][gc,phases   ] GC(3121)   Evacuate Collection Set: 31.8ms
[2025-01-07T20:14:24.198+0000][85734.565s][info][gc,phases   ] GC(3121)   Post Evacuate Collection Set: 2.9ms
[2025-01-07T20:14:24.199+0000][85734.565s][info][gc,phases   ] GC(3121)   Other: 0.3ms
[2025-01-07T20:14:24.199+0000][85734.565s][info][gc,heap     ] GC(3121) Eden regions: 909->0(906)
[2025-01-07T20:14:24.199+0000][85734.565s][info][gc,heap     ] GC(3121) Survivor regions: 8->10(115)
[2025-01-07T20:14:24.199+0000][85734.565s][info][gc,heap     ] GC(3121) Old regions: 246->246
[2025-01-07T20:14:24.199+0000][85734.565s][info][gc,heap     ] GC(3121) Archive regions: 2->2
[2025-01-07T20:14:24.199+0000][85734.565s][info][gc,heap     ] GC(3121) Humongous regions: 49->49
[2025-01-07T20:14:24.199+0000][85734.565s][info][gc,metaspace] GC(3121) Metaspace: 498669K(506944K)->498669K(506944K) NonClass: 438103K(442368K)->438103K(442368K) Class: 60566K(64576K)->60566K(64576K)
[2025-01-07T20:14:24.199+0000][85734.565s][info][gc          ] GC(3121) Pause Young (Concurrent Start) (G1 Evacuation Pause) 9695M->2433M(12288M) 36.566ms
[2025-01-07T20:14:24.199+0000][85734.565s][info][gc,cpu      ] GC(3121) User=0.21s Sys=0.00s Real=0.03s
[2025-01-07T20:14:24.199+0000][85734.565s][info][gc          ] GC(3122) Concurrent Mark Cycle
[2025-01-07T20:14:24.199+0000][85734.565s][info][gc,marking  ] GC(3122) Concurrent Clear Claimed Marks
[2025-01-07T20:14:24.199+0000][85734.566s][info][gc,marking  ] GC(3122) Concurrent Clear Claimed Marks 0.814ms
[2025-01-07T20:14:24.200+0000][85734.566s][info][gc,marking  ] GC(3122) Concurrent Scan Root Regions
[2025-01-07T20:14:24.225+0000][85734.591s][info][gc,marking  ] GC(3122) Concurrent Scan Root Regions 25.244ms
[2025-01-07T20:14:24.225+0000][85734.591s][info][gc,marking  ] GC(3122) Concurrent Mark
[2025-01-07T20:14:24.225+0000][85734.591s][info][gc,marking  ] GC(3122) Concurrent Mark From Roots
[2025-01-07T20:14:24.225+0000][85734.591s][info][gc,task     ] GC(3122) Using 2 workers of 2 for marking
[2025-01-07T20:14:25.005+0000][85735.372s][info][gc,marking  ] GC(3122) Concurrent Mark From Roots 780.703ms
[2025-01-07T20:14:25.006+0000][85735.372s][info][gc,marking  ] GC(3122) Concurrent Preclean
[2025-01-07T20:14:25.008+0000][85735.374s][info][gc,marking  ] GC(3122) Concurrent Preclean 2.083ms
[2025-01-07T20:14:25.008+0000][85735.374s][info][gc,start    ] GC(3122) Pause Remark
[2025-01-07T20:14:25.034+0000][85735.400s][info][gc          ] GC(3122) Pause Remark 3097M->3097M(12288M) 26.007ms
[2025-01-07T20:14:25.034+0000][85735.400s][info][gc,cpu      ] GC(3122) User=0.15s Sys=0.00s Real=0.03s
[2025-01-07T20:14:25.034+0000][85735.400s][info][gc,marking  ] GC(3122) Concurrent Mark 809.129ms
[2025-01-07T20:14:25.034+0000][85735.400s][info][gc,marking  ] GC(3122) Concurrent Rebuild Remembered Sets
[2025-01-07T20:14:25.541+0000][85735.907s][info][gc,marking  ] GC(3122) Concurrent Rebuild Remembered Sets 507.165ms
[2025-01-07T20:14:25.541+0000][85735.907s][info][gc,start    ] GC(3122) Pause Cleanup
[2025-01-07T20:14:25.542+0000][85735.908s][info][gc          ] GC(3122) Pause Cleanup 3625M->3625M(12288M) 0.505ms
[2025-01-07T20:14:25.542+0000][85735.908s][info][gc,cpu      ] GC(3122) User=0.00s Sys=0.00s Real=0.01s
[2025-01-07T20:14:25.542+0000][85735.908s][info][gc,marking  ] GC(3122) Concurrent Cleanup for Next Mark
[2025-01-07T20:14:25.558+0000][85735.924s][info][gc,marking  ] GC(3122) Concurrent Cleanup for Next Mark 16.485ms
[2025-01-07T20:14:25.558+0000][85735.925s][info][gc          ] GC(3122) Concurrent Mark Cycle 1359.747ms
[2025-01-07T20:14:34.510+0000][85744.876s][info][gc,start    ] GC(3123) Pause Young (Prepare Mixed) (G1 Evacuation Pause)
[2025-01-07T20:14:34.510+0000][85744.876s][info][gc,task     ] GC(3123) Using 6 workers of 6 for evacuation
[2025-01-07T20:14:34.549+0000][85744.915s][info][gc,phases   ] GC(3123)   Pre Evacuate Collection Set: 0.2ms
[2025-01-07T20:14:34.549+0000][85744.915s][info][gc,phases   ] GC(3123)   Merge Heap Roots: 0.7ms
[2025-01-07T20:14:34.549+0000][85744.915s][info][gc,phases   ] GC(3123)   Evacuate Collection Set: 34.8ms
[2025-01-07T20:14:34.549+0000][85744.915s][info][gc,phases   ] GC(3123)   Post Evacuate Collection Set: 2.7ms
[2025-01-07T20:14:34.549+0000][85744.915s][info][gc,phases   ] GC(3123)   Other: 0.2ms
[2025-01-07T20:14:34.549+0000][85744.915s][info][gc,heap     ] GC(3123) Eden regions: 906->0(65)
[2025-01-07T20:14:34.549+0000][85744.915s][info][gc,heap     ] GC(3123) Survivor regions: 10->11(115)
[2025-01-07T20:14:34.549+0000][85744.915s][info][gc,heap     ] GC(3123) Old regions: 246->246
[2025-01-07T20:14:34.549+0000][85744.915s][info][gc,heap     ] GC(3123) Archive regions: 2->2
[2025-01-07T20:14:34.549+0000][85744.915s][info][gc,heap     ] GC(3123) Humongous regions: 49->49
[2025-01-07T20:14:34.549+0000][85744.915s][info][gc,metaspace] GC(3123) Metaspace: 498669K(506944K)->498669K(506944K) NonClass: 438103K(442368K)->438103K(442368K) Class: 60566K(64576K)->60566K(64576K)
[2025-01-07T20:14:34.549+0000][85744.915s][info][gc          ] GC(3123) Pause Young (Prepare Mixed) (G1 Evacuation Pause) 9681M->2446M(12288M) 38.661ms
[2025-01-07T20:14:34.549+0000][85744.915s][info][gc,cpu      ] GC(3123) User=0.23s Sys=0.00s Real=0.03s
[2025-01-07T20:14:35.157+0000][85745.523s][info][gc,start    ] GC(3124) Pause Young (Mixed) (G1 Evacuation Pause)
[2025-01-07T20:14:35.157+0000][85745.523s][info][gc,task     ] GC(3124) Using 6 workers of 6 for evacuation
[2025-01-07T20:14:35.204+0000][85745.570s][info][gc,phases   ] GC(3124)   Pre Evacuate Collection Set: 0.2ms
[2025-01-07T20:14:35.204+0000][85745.570s][info][gc,phases   ] GC(3124)   Merge Heap Roots: 0.5ms
[2025-01-07T20:14:35.204+0000][85745.570s][info][gc,phases   ] GC(3124)   Evacuate Collection Set: 44.3ms
[2025-01-07T20:14:35.204+0000][85745.570s][info][gc,phases   ] GC(3124)   Post Evacuate Collection Set: 1.7ms
[2025-01-07T20:14:35.204+0000][85745.570s][info][gc,phases   ] GC(3124)   Other: 0.2ms
[2025-01-07T20:14:35.204+0000][85745.570s][info][gc,heap     ] GC(3124) Eden regions: 65->0(914)
[2025-01-07T20:14:35.204+0000][85745.570s][info][gc,heap     ] GC(3124) Survivor regions: 11->4(10)
[2025-01-07T20:14:35.204+0000][85745.570s][info][gc,heap     ] GC(3124) Old regions: 246->244
[2025-01-07T20:14:35.204+0000][85745.570s][info][gc,heap     ] GC(3124) Archive regions: 2->2
[2025-01-07T20:14:35.204+0000][85745.570s][info][gc,heap     ] GC(3124) Humongous regions: 49->49
[2025-01-07T20:14:35.204+0000][85745.570s][info][gc,metaspace] GC(3124) Metaspace: 498669K(506944K)->498669K(506944K) NonClass: 438103K(442368K)->438103K(442368K) Class: 60566K(64576K)->60566K(64576K)
[2025-01-07T20:14:35.204+0000][85745.570s][info][gc          ] GC(3124) Pause Young (Mixed) (G1 Evacuation Pause) 2966M->2378M(12288M) 46.911ms
[2025-01-07T20:14:35.204+0000][85745.570s][info][gc,cpu      ] GC(3124) User=0.27s Sys=0.00s Real=0.05s
[2025-01-07T20:14:43.328+0000][85753.694s][info][gc,start    ] GC(3125) Pause Young (Normal) (G1 Evacuation Pause)
[2025-01-07T20:14:43.328+0000][85753.694s][info][gc,task     ] GC(3125) Using 6 workers of 6 for evacuation
[2025-01-07T20:14:43.353+0000][85753.719s][info][gc,phases   ] GC(3125)   Pre Evacuate Collection Set: 0.2ms
[2025-01-07T20:14:43.353+0000][85753.719s][info][gc,phases   ] GC(3125)   Merge Heap Roots: 0.4ms
[2025-01-07T20:14:43.353+0000][85753.719s][info][gc,phases   ] GC(3125)   Evacuate Collection Set: 19.0ms
[2025-01-07T20:14:43.353+0000][85753.719s][info][gc,phases   ] GC(3125)   Post Evacuate Collection Set: 5.2ms
[2025-01-07T20:14:43.353+0000][85753.719s][info][gc,phases   ] GC(3125)   Other: 0.2ms
[2025-01-07T20:14:43.353+0000][85753.719s][info][gc,heap     ] GC(3125) Eden regions: 914->0(911)
[2025-01-07T20:14:43.353+0000][85753.719s][info][gc,heap     ] GC(3125) Survivor regions: 4->6(115)
[2025-01-07T20:14:43.353+0000][85753.719s][info][gc,heap     ] GC(3125) Old regions: 244->244
[2025-01-07T20:14:43.353+0000][85753.719s][info][gc,heap     ] GC(3125) Archive regions: 2->2
[2025-01-07T20:14:43.353+0000][85753.719s][info][gc,heap     ] GC(3125) Humongous regions: 49->49
[2025-01-07T20:14:43.353+0000][85753.719s][info][gc,metaspace] GC(3125) Metaspace: 498669K(506944K)->498669K(506944K) NonClass: 438103K(442368K)->438103K(442368K) Class: 60566K(64576K)->60566K(64576K)
[2025-01-07T20:14:43.353+0000][85753.719s][info][gc          ] GC(3125) Pause Young (Normal) (G1 Evacuation Pause) 9690M->2397M(12288M) 24.957ms
[2025-01-07T20:14:43.353+0000][85753.719s][info][gc,cpu      ] GC(3125) User=0.15s Sys=0.00s Real=0.03s
[2025-01-07T20:14:51.084+0000][85761.450s][info][gc,start    ] GC(3126) Pause Young (Normal) (G1 Evacuation Pause)
[2025-01-07T20:14:51.084+0000][85761.450s][info][gc,task     ] GC(3126) Using 6 workers of 6 for evacuation
[2025-01-07T20:14:51.111+0000][85761.478s][info][gc,phases   ] GC(3126)   Pre Evacuate Collection Set: 0.2ms
[2025-01-07T20:14:51.112+0000][85761.478s][info][gc,phases   ] GC(3126)   Merge Heap Roots: 0.4ms
[2025-01-07T20:14:51.112+0000][85761.478s][info][gc,phases   ] GC(3126)   Evacuate Collection Set: 22.3ms
[2025-01-07T20:14:51.112+0000][85761.478s][info][gc,phases   ] GC(3126)   Post Evacuate Collection Set: 4.3ms
[2025-01-07T20:14:51.112+0000][85761.478s][info][gc,phases   ] GC(3126)   Other: 0.2ms
[2025-01-07T20:14:51.112+0000][85761.478s][info][gc,heap     ] GC(3126) Eden regions: 911->0(910)
[2025-01-07T20:14:51.112+0000][85761.478s][info][gc,heap     ] GC(3126) Survivor regions: 6->7(115)
[2025-01-07T20:14:51.112+0000][85761.478s][info][gc,heap     ] GC(3126) Old regions: 244->244
[2025-01-07T20:14:51.112+0000][85761.478s][info][gc,heap     ] GC(3126) Archive regions: 2->2
[2025-01-07T20:14:51.112+0000][85761.478s][info][gc,heap     ] GC(3126) Humongous regions: 49->49
[2025-01-07T20:14:51.112+0000][85761.478s][info][gc,metaspace] GC(3126) Metaspace: 498669K(506944K)->498669K(506944K) NonClass: 438103K(442368K)->438103K(442368K) Class: 60566K(64576K)->60566K(64576K)
[2025-01-07T20:14:51.112+0000][85761.478s][info][gc          ] GC(3126) Pause Young (Normal) (G1 Evacuation Pause) 9685M->2399M(12288M) 27.564ms
[2025-01-07T20:14:51.112+0000][85761.478s][info][gc,cpu      ] GC(3126) User=0.16s Sys=0.00s Real=0.03s
[2025-01-07T20:15:00.161+0000][85770.528s][info][gc,start    ] GC(3127) Pause Young (Concurrent Start) (G1 Evacuation Pause)
[2025-01-07T20:15:00.162+0000][85770.528s][info][gc,task     ] GC(3127) Using 6 workers of 6 for evacuation
[2025-01-07T20:15:00.189+0000][85770.555s][info][gc,phases   ] GC(3127)   Pre Evacuate Collection Set: 1.0ms
[2025-01-07T20:15:00.189+0000][85770.556s][info][gc,phases   ] GC(3127)   Merge Heap Roots: 0.4ms
[2025-01-07T20:15:00.189+0000][85770.556s][info][gc,phases   ] GC(3127)   Evacuate Collection Set: 23.7ms
[2025-01-07T20:15:00.189+0000][85770.556s][info][gc,phases   ] GC(3127)   Post Evacuate Collection Set: 2.5ms
[2025-01-07T20:15:00.189+0000][85770.556s][info][gc,phases   ] GC(3127)   Other: 0.3ms
[2025-01-07T20:15:00.189+0000][85770.556s][info][gc,heap     ] GC(3127) Eden regions: 910->0(912)
[2025-01-07T20:15:00.189+0000][85770.556s][info][gc,heap     ] GC(3127) Survivor regions: 7->7(115)
[2025-01-07T20:15:00.189+0000][85770.556s][info][gc,heap     ] GC(3127) Old regions: 244->244
[2025-01-07T20:15:00.189+0000][85770.556s][info][gc,heap     ] GC(3127) Archive regions: 2->2
[2025-01-07T20:15:00.189+0000][85770.556s][info][gc,heap     ] GC(3127) Humongous regions: 49->49
[2025-01-07T20:15:00.189+0000][85770.556s][info][gc,metaspace] GC(3127) Metaspace: 498669K(506944K)->498669K(506944K) NonClass: 438103K(442368K)->438103K(442368K) Class: 60566K(64576K)->60566K(64576K)
[2025-01-07T20:15:00.190+0000][85770.556s][info][gc          ] GC(3127) Pause Young (Concurrent Start) (G1 Evacuation Pause) 9679M->2403M(12288M) 28.027ms
[2025-01-07T20:15:00.190+0000][85770.556s][info][gc,cpu      ] GC(3127) User=0.15s Sys=0.00s Real=0.03s
[2025-01-07T20:15:00.190+0000][85770.556s][info][gc          ] GC(3128) Concurrent Mark Cycle
[2025-01-07T20:15:00.190+0000][85770.556s][info][gc,marking  ] GC(3128) Concurrent Clear Claimed Marks
[2025-01-07T20:15:00.190+0000][85770.557s][info][gc,marking  ] GC(3128) Concurrent Clear Claimed Marks 0.822ms
[2025-01-07T20:15:00.190+0000][85770.557s][info][gc,marking  ] GC(3128) Concurrent Scan Root Regions
[2025-01-07T20:15:00.216+0000][85770.582s][info][gc,marking  ] GC(3128) Concurrent Scan Root Regions 25.436ms
[2025-01-07T20:15:00.216+0000][85770.582s][info][gc,marking  ] GC(3128) Concurrent Mark
[2025-01-07T20:15:00.216+0000][85770.582s][info][gc,marking  ] GC(3128) Concurrent Mark From Roots
[2025-01-07T20:15:00.216+0000][85770.582s][info][gc,task     ] GC(3128) Using 2 workers of 2 for marking
[2025-01-07T20:15:00.978+0000][85771.344s][info][gc,marking  ] GC(3128) Concurrent Mark From Roots 762.203ms
[2025-01-07T20:15:00.978+0000][85771.344s][info][gc,marking  ] GC(3128) Concurrent Preclean
[2025-01-07T20:15:00.980+0000][85771.346s][info][gc,marking  ] GC(3128) Concurrent Preclean 2.064ms
[2025-01-07T20:15:00.980+0000][85771.346s][info][gc,start    ] GC(3128) Pause Remark
[2025-01-07T20:15:01.006+0000][85771.372s][info][gc          ] GC(3128) Pause Remark 3075M->3075M(12288M) 25.532ms
[2025-01-07T20:15:01.006+0000][85771.372s][info][gc,cpu      ] GC(3128) User=0.15s Sys=0.00s Real=0.03s
[2025-01-07T20:15:01.006+0000][85771.372s][info][gc,marking  ] GC(3128) Concurrent Mark 790.148ms
[2025-01-07T20:15:01.006+0000][85771.372s][info][gc,marking  ] GC(3128) Concurrent Rebuild Remembered Sets
[2025-01-07T20:15:01.534+0000][85771.900s][info][gc,marking  ] GC(3128) Concurrent Rebuild Remembered Sets 528.260ms
[2025-01-07T20:15:01.534+0000][85771.901s][info][gc,start    ] GC(3128) Pause Cleanup
[2025-01-07T20:15:01.535+0000][85771.901s][info][gc          ] GC(3128) Pause Cleanup 3584M->3584M(12288M) 0.467ms
[2025-01-07T20:15:01.535+0000][85771.901s][info][gc,cpu      ] GC(3128) User=0.00s Sys=0.00s Real=0.00s
[2025-01-07T20:15:01.535+0000][85771.901s][info][gc,marking  ] GC(3128) Concurrent Cleanup for Next Mark
[2025-01-07T20:15:01.551+0000][85771.917s][info][gc,marking  ] GC(3128) Concurrent Cleanup for Next Mark 16.178ms
[2025-01-07T20:15:01.551+0000][85771.917s][info][gc          ] GC(3128) Concurrent Mark Cycle 1361.689ms
[2025-01-07T20:15:09.782+0000][85780.149s][info][gc,start    ] GC(3129) Pause Young (Prepare Mixed) (G1 Evacuation Pause)
[2025-01-07T20:15:09.782+0000][85780.149s][info][gc,task     ] GC(3129) Using 6 workers of 6 for evacuation
[2025-01-07T20:15:09.814+0000][85780.180s][info][gc,phases   ] GC(3129)   Pre Evacuate Collection Set: 0.2ms
[2025-01-07T20:15:09.814+0000][85780.180s][info][gc,phases   ] GC(3129)   Merge Heap Roots: 0.6ms
[2025-01-07T20:15:09.814+0000][85780.180s][info][gc,phases   ] GC(3129)   Evacuate Collection Set: 27.8ms
[2025-01-07T20:15:09.814+0000][85780.180s][info][gc,phases   ] GC(3129)   Post Evacuate Collection Set: 2.5ms
[2025-01-07T20:15:09.814+0000][85780.180s][info][gc,phases   ] GC(3129)   Other: 0.2ms
[2025-01-07T20:15:09.814+0000][85780.180s][info][gc,heap     ] GC(3129) Eden regions: 912->0(68)
[2025-01-07T20:15:09.814+0000][85780.180s][info][gc,heap     ] GC(3129) Survivor regions: 7->8(115)
[2025-01-07T20:15:09.814+0000][85780.180s][info][gc,heap     ] GC(3129) Old regions: 244->244
[2025-01-07T20:15:09.814+0000][85780.180s][info][gc,heap     ] GC(3129) Archive regions: 2->2
[2025-01-07T20:15:09.814+0000][85780.180s][info][gc,heap     ] GC(3129) Humongous regions: 49->49
[2025-01-07T20:15:09.814+0000][85780.180s][info][gc,metaspace] GC(3129) Metaspace: 498669K(506944K)->498669K(506944K) NonClass: 438103K(442368K)->438103K(442368K) Class: 60566K(64576K)->60566K(64576K)
[2025-01-07T20:15:09.814+0000][85780.180s][info][gc          ] GC(3129) Pause Young (Prepare Mixed) (G1 Evacuation Pause) 9699M->2413M(12288M) 31.510ms
[2025-01-07T20:15:09.814+0000][85780.180s][info][gc,cpu      ] GC(3129) User=0.18s Sys=0.00s Real=0.03s
[2025-01-07T20:15:10.341+0000][85780.707s][info][gc,start    ] GC(3130) Pause Young (Mixed) (G1 Evacuation Pause)
[2025-01-07T20:15:10.341+0000][85780.707s][info][gc,task     ] GC(3130) Using 6 workers of 6 for evacuation
[2025-01-07T20:15:10.396+0000][85780.762s][info][gc,phases   ] GC(3130)   Pre Evacuate Collection Set: 0.2ms
[2025-01-07T20:15:10.396+0000][85780.762s][info][gc,phases   ] GC(3130)   Merge Heap Roots: 0.6ms
[2025-01-07T20:15:10.396+0000][85780.762s][info][gc,phases   ] GC(3130)   Evacuate Collection Set: 52.3ms
[2025-01-07T20:15:10.396+0000][85780.762s][info][gc,phases   ] GC(3130)   Post Evacuate Collection Set: 1.8ms
[2025-01-07T20:15:10.396+0000][85780.762s][info][gc,phases   ] GC(3130)   Other: 0.2ms
[2025-01-07T20:15:10.396+0000][85780.762s][info][gc,heap     ] GC(3130) Eden regions: 68->0(916)
[2025-01-07T20:15:10.396+0000][85780.762s][info][gc,heap     ] GC(3130) Survivor regions: 8->5(10)
[2025-01-07T20:15:10.396+0000][85780.762s][info][gc,heap     ] GC(3130) Old regions: 244->242
[2025-01-07T20:15:10.396+0000][85780.762s][info][gc,heap     ] GC(3130) Archive regions: 2->2
[2025-01-07T20:15:10.396+0000][85780.762s][info][gc,heap     ] GC(3130) Humongous regions: 49->49
[2025-01-07T20:15:10.396+0000][85780.762s][info][gc,metaspace] GC(3130) Metaspace: 498669K(506944K)->498669K(506944K) NonClass: 438103K(442368K)->438103K(442368K) Class: 60566K(64576K)->60566K(64576K)
[2025-01-07T20:15:10.396+0000][85780.762s][info][gc          ] GC(3130) Pause Young (Mixed) (G1 Evacuation Pause) 2957M->2367M(12288M) 55.143ms
[2025-01-07T20:15:10.396+0000][85780.762s][info][gc,cpu      ] GC(3130) User=0.31s Sys=0.01s Real=0.06s
[2025-01-07T20:15:17.536+0000][85787.903s][info][gc,start    ] GC(3131) Pause Young (Normal) (G1 Evacuation Pause)
[2025-01-07T20:15:17.536+0000][85787.903s][info][gc,task     ] GC(3131) Using 6 workers of 6 for evacuation
[2025-01-07T20:15:17.562+0000][85787.928s][info][gc,phases   ] GC(3131)   Pre Evacuate Collection Set: 0.2ms
[2025-01-07T20:15:17.562+0000][85787.928s][info][gc,phases   ] GC(3131)   Merge Heap Roots: 0.4ms
[2025-01-07T20:15:17.562+0000][85787.928s][info][gc,phases   ] GC(3131)   Evacuate Collection Set: 22.3ms
[2025-01-07T20:15:17.562+0000][85787.928s][info][gc,phases   ] GC(3131)   Post Evacuate Collection Set: 2.5ms
[2025-01-07T20:15:17.562+0000][85787.928s][info][gc,phases   ] GC(3131)   Other: 0.2ms
[2025-01-07T20:15:17.562+0000][85787.928s][info][gc,heap     ] GC(3131) Eden regions: 916->0(914)
[2025-01-07T20:15:17.562+0000][85787.928s][info][gc,heap     ] GC(3131) Survivor regions: 5->7(116)
[2025-01-07T20:15:17.562+0000][85787.928s][info][gc,heap     ] GC(3131) Old regions: 242->242
[2025-01-07T20:15:17.562+0000][85787.928s][info][gc,heap     ] GC(3131) Archive regions: 2->2
[2025-01-07T20:15:17.562+0000][85787.928s][info][gc,heap     ] GC(3131) Humongous regions: 49->49
[2025-01-07T20:15:17.562+0000][85787.928s][info][gc,metaspace] GC(3131) Metaspace: 498670K(506944K)->498670K(506944K) NonClass: 438103K(442368K)->438103K(442368K) Class: 60566K(64576K)->60566K(64576K)
[2025-01-07T20:15:17.562+0000][85787.928s][info][gc          ] GC(3131) Pause Young (Normal) (G1 Evacuation Pause) 9695M->2377M(12288M) 25.677ms
[2025-01-07T20:15:17.562+0000][85787.928s][info][gc,cpu      ] GC(3131) User=0.15s Sys=0.00s Real=0.03s
[2025-01-07T20:15:25.336+0000][85795.702s][info][gc,start    ] GC(3132) Pause Young (Normal) (G1 Evacuation Pause)
[2025-01-07T20:15:25.336+0000][85795.702s][info][gc,task     ] GC(3132) Using 6 workers of 6 for evacuation
[2025-01-07T20:15:25.362+0000][85795.728s][info][gc,phases   ] GC(3132)   Pre Evacuate Collection Set: 0.2ms
[2025-01-07T20:15:25.362+0000][85795.728s][info][gc,phases   ] GC(3132)   Merge Heap Roots: 0.4ms
[2025-01-07T20:15:25.362+0000][85795.728s][info][gc,phases   ] GC(3132)   Evacuate Collection Set: 22.2ms
[2025-01-07T20:15:25.362+0000][85795.728s][info][gc,phases   ] GC(3132)   Post Evacuate Collection Set: 2.7ms
[2025-01-07T20:15:25.362+0000][85795.728s][info][gc,phases   ] GC(3132)   Other: 0.2ms
[2025-01-07T20:15:25.362+0000][85795.728s][info][gc,heap     ] GC(3132) Eden regions: 914->0(914)
[2025-01-07T20:15:25.362+0000][85795.728s][info][gc,heap     ] GC(3132) Survivor regions: 7->7(116)
[2025-01-07T20:15:25.362+0000][85795.728s][info][gc,heap     ] GC(3132) Old regions: 242->242
[2025-01-07T20:15:25.362+0000][85795.728s][info][gc,heap     ] GC(3132) Archive regions: 2->2
[2025-01-07T20:15:25.362+0000][85795.728s][info][gc,heap     ] GC(3132) Humongous regions: 49->49
[2025-01-07T20:15:25.362+0000][85795.728s][info][gc,metaspace] GC(3132) Metaspace: 498670K(506944K)->498670K(506944K) NonClass: 438103K(442368K)->438103K(442368K) Class: 60566K(64576K)->60566K(64576K)
[2025-01-07T20:15:25.362+0000][85795.728s][info][gc          ] GC(3132) Pause Young (Normal) (G1 Evacuation Pause) 9689M->2383M(12288M) 25.787ms
[2025-01-07T20:15:25.362+0000][85795.728s][info][gc,cpu      ] GC(3132) User=0.15s Sys=0.00s Real=0.03s
[2025-01-07T20:15:33.464+0000][85803.830s][info][gc,start    ] GC(3133) Pause Young (Concurrent Start) (G1 Evacuation Pause)
[2025-01-07T20:15:33.464+0000][85803.830s][info][gc,task     ] GC(3133) Using 6 workers of 6 for evacuation
[2025-01-07T20:15:33.495+0000][85803.862s][info][gc,phases   ] GC(3133)   Pre Evacuate Collection Set: 1.0ms
[2025-01-07T20:15:33.495+0000][85803.862s][info][gc,phases   ] GC(3133)   Merge Heap Roots: 0.5ms
[2025-01-07T20:15:33.495+0000][85803.862s][info][gc,phases   ] GC(3133)   Evacuate Collection Set: 25.7ms
[2025-01-07T20:15:33.495+0000][85803.862s][info][gc,phases   ] GC(3133)   Post Evacuate Collection Set: 3.9ms
[2025-01-07T20:15:33.495+0000][85803.862s][info][gc,phases   ] GC(3133)   Other: 0.3ms
[2025-01-07T20:15:33.495+0000][85803.862s][info][gc,heap     ] GC(3133) Eden regions: 914->0(912)
[2025-01-07T20:15:33.495+0000][85803.862s][info][gc,heap     ] GC(3133) Survivor regions: 7->9(116)
[2025-01-07T20:15:33.495+0000][85803.862s][info][gc,heap     ] GC(3133) Old regions: 242->242
[2025-01-07T20:15:33.495+0000][85803.862s][info][gc,heap     ] GC(3133) Archive regions: 2->2
[2025-01-07T20:15:33.495+0000][85803.862s][info][gc,heap     ] GC(3133) Humongous regions: 49->49
[2025-01-07T20:15:33.495+0000][85803.862s][info][gc,metaspace] GC(3133) Metaspace: 498670K(506944K)->498670K(506944K) NonClass: 438103K(442368K)->438103K(442368K) Class: 60566K(64576K)->60566K(64576K)
[2025-01-07T20:15:33.496+0000][85803.862s][info][gc          ] GC(3133) Pause Young (Concurrent Start) (G1 Evacuation Pause) 9695M->2395M(12288M) 31.475ms
[2025-01-07T20:15:33.496+0000][85803.862s][info][gc,cpu      ] GC(3133) User=0.17s Sys=0.00s Real=0.03s
[2025-01-07T20:15:33.496+0000][85803.862s][info][gc          ] GC(3134) Concurrent Mark Cycle
[2025-01-07T20:15:33.496+0000][85803.862s][info][gc,marking  ] GC(3134) Concurrent Clear Claimed Marks
[2025-01-07T20:15:33.496+0000][85803.862s][info][gc,marking  ] GC(3134) Concurrent Clear Claimed Marks 0.779ms
[2025-01-07T20:15:33.496+0000][85803.863s][info][gc,marking  ] GC(3134) Concurrent Scan Root Regions
[2025-01-07T20:15:33.516+0000][85803.882s][info][gc,marking  ] GC(3134) Concurrent Scan Root Regions 19.409ms
[2025-01-07T20:15:33.516+0000][85803.882s][info][gc,marking  ] GC(3134) Concurrent Mark
[2025-01-07T20:15:33.516+0000][85803.882s][info][gc,marking  ] GC(3134) Concurrent Mark From Roots
[2025-01-07T20:15:33.516+0000][85803.882s][info][gc,task     ] GC(3134) Using 2 workers of 2 for marking
[2025-01-07T20:15:34.266+0000][85804.632s][info][gc,marking  ] GC(3134) Concurrent Mark From Roots 750.525ms
[2025-01-07T20:15:34.266+0000][85804.633s][info][gc,marking  ] GC(3134) Concurrent Preclean
[2025-01-07T20:15:34.269+0000][85804.635s][info][gc,marking  ] GC(3134) Concurrent Preclean 2.116ms
[2025-01-07T20:15:34.269+0000][85804.635s][info][gc,start    ] GC(3134) Pause Remark
[2025-01-07T20:15:34.295+0000][85804.661s][info][gc          ] GC(3134) Pause Remark 2779M->2779M(12288M) 25.890ms
[2025-01-07T20:15:34.295+0000][85804.661s][info][gc,cpu      ] GC(3134) User=0.14s Sys=0.01s Real=0.03s
[2025-01-07T20:15:34.295+0000][85804.661s][info][gc,marking  ] GC(3134) Concurrent Mark 778.862ms
[2025-01-07T20:15:34.295+0000][85804.661s][info][gc,marking  ] GC(3134) Concurrent Rebuild Remembered Sets
[2025-01-07T20:15:34.813+0000][85805.179s][info][gc,marking  ] GC(3134) Concurrent Rebuild Remembered Sets 518.258ms
[2025-01-07T20:15:34.813+0000][85805.179s][info][gc,start    ] GC(3134) Pause Cleanup
[2025-01-07T20:15:34.814+0000][85805.180s][info][gc          ] GC(3134) Pause Cleanup 3083M->3083M(12288M) 0.444ms
[2025-01-07T20:15:34.814+0000][85805.180s][info][gc,cpu      ] GC(3134) User=0.00s Sys=0.00s Real=0.00s
[2025-01-07T20:15:34.814+0000][85805.180s][info][gc,marking  ] GC(3134) Concurrent Cleanup for Next Mark
[2025-01-07T20:15:34.829+0000][85805.195s][info][gc,marking  ] GC(3134) Concurrent Cleanup for Next Mark 15.518ms
[2025-01-07T20:15:34.829+0000][85805.195s][info][gc          ] GC(3134) Concurrent Mark Cycle 1333.665ms
[2025-01-07T20:15:42.314+0000][85812.680s][info][gc,start    ] GC(3135) Pause Young (Prepare Mixed) (G1 Evacuation Pause)
[2025-01-07T20:15:42.314+0000][85812.680s][info][gc,task     ] GC(3135) Using 6 workers of 6 for evacuation
[2025-01-07T20:15:42.348+0000][85812.714s][info][gc,phases   ] GC(3135)   Pre Evacuate Collection Set: 0.2ms
[2025-01-07T20:15:42.348+0000][85812.714s][info][gc,phases   ] GC(3135)   Merge Heap Roots: 0.7ms
[2025-01-07T20:15:42.348+0000][85812.714s][info][gc,phases   ] GC(3135)   Evacuate Collection Set: 29.0ms
[2025-01-07T20:15:42.348+0000][85812.714s][info][gc,phases   ] GC(3135)   Post Evacuate Collection Set: 3.9ms
[2025-01-07T20:15:42.348+0000][85812.714s][info][gc,phases   ] GC(3135)   Other: 0.2ms
[2025-01-07T20:15:42.348+0000][85812.714s][info][gc,heap     ] GC(3135) Eden regions: 912->0(66)
[2025-01-07T20:15:42.348+0000][85812.714s][info][gc,heap     ] GC(3135) Survivor regions: 9->10(116)
[2025-01-07T20:15:42.348+0000][85812.714s][info][gc,heap     ] GC(3135) Old regions: 242->242
[2025-01-07T20:15:42.348+0000][85812.714s][info][gc,heap     ] GC(3135) Archive regions: 2->2
[2025-01-07T20:15:42.348+0000][85812.714s][info][gc,heap     ] GC(3135) Humongous regions: 49->49
[2025-01-07T20:15:42.348+0000][85812.714s][info][gc,metaspace] GC(3135) Metaspace: 498670K(506944K)->498670K(506944K) NonClass: 438103K(442368K)->438103K(442368K) Class: 60566K(64576K)->60566K(64576K)
[2025-01-07T20:15:42.348+0000][85812.714s][info][gc          ] GC(3135) Pause Young (Prepare Mixed) (G1 Evacuation Pause) 9691M->2408M(12288M) 34.098ms
[2025-01-07T20:15:42.348+0000][85812.714s][info][gc,cpu      ] GC(3135) User=0.20s Sys=0.00s Real=0.03s
[2025-01-07T20:15:42.703+0000][85813.069s][info][gc,start    ] GC(3136) Pause Young (Mixed) (G1 Evacuation Pause)
[2025-01-07T20:15:42.703+0000][85813.069s][info][gc,task     ] GC(3136) Using 6 workers of 6 for evacuation
[2025-01-07T20:15:42.762+0000][85813.128s][info][gc,phases   ] GC(3136)   Pre Evacuate Collection Set: 0.2ms
[2025-01-07T20:15:42.762+0000][85813.128s][info][gc,phases   ] GC(3136)   Merge Heap Roots: 0.7ms
[2025-01-07T20:15:42.762+0000][85813.128s][info][gc,phases   ] GC(3136)   Evacuate Collection Set: 56.6ms
[2025-01-07T20:15:42.762+0000][85813.128s][info][gc,phases   ] GC(3136)   Post Evacuate Collection Set: 1.6ms
[2025-01-07T20:15:42.762+0000][85813.128s][info][gc,phases   ] GC(3136)   Other: 0.2ms
[2025-01-07T20:15:42.762+0000][85813.128s][info][gc,heap     ] GC(3136) Eden regions: 66->0(915)
[2025-01-07T20:15:42.762+0000][85813.128s][info][gc,heap     ] GC(3136) Survivor regions: 10->5(10)
[2025-01-07T20:15:42.762+0000][85813.128s][info][gc,heap     ] GC(3136) Old regions: 242->242
[2025-01-07T20:15:42.762+0000][85813.128s][info][gc,heap     ] GC(3136) Archive regions: 2->2
[2025-01-07T20:15:42.762+0000][85813.128s][info][gc,heap     ] GC(3136) Humongous regions: 49->49
[2025-01-07T20:15:42.762+0000][85813.128s][info][gc,metaspace] GC(3136) Metaspace: 498670K(506944K)->498670K(506944K) NonClass: 438103K(442368K)->438103K(442368K) Class: 60566K(64576K)->60566K(64576K)
[2025-01-07T20:15:42.762+0000][85813.128s][info][gc          ] GC(3136) Pause Young (Mixed) (G1 Evacuation Pause) 2936M->2368M(12288M) 59.237ms
[2025-01-07T20:15:42.762+0000][85813.128s][info][gc,cpu      ] GC(3136) User=0.35s Sys=0.00s Real=0.06s
[2025-01-07T20:15:46.670+0000][85817.036s][info][gc,start    ] GC(3137) Pause Young (Normal) (G1 Evacuation Pause)
[2025-01-07T20:15:46.670+0000][85817.036s][info][gc,task     ] GC(3137) Using 6 workers of 6 for evacuation
[2025-01-07T20:15:46.692+0000][85817.058s][info][gc,phases   ] GC(3137)   Pre Evacuate Collection Set: 0.2ms
[2025-01-07T20:15:46.692+0000][85817.059s][info][gc,phases   ] GC(3137)   Merge Heap Roots: 0.4ms
[2025-01-07T20:15:46.692+0000][85817.059s][info][gc,phases   ] GC(3137)   Evacuate Collection Set: 19.0ms
[2025-01-07T20:15:46.692+0000][85817.059s][info][gc,phases   ] GC(3137)   Post Evacuate Collection Set: 2.4ms
[2025-01-07T20:15:46.692+0000][85817.059s][info][gc,phases   ] GC(3137)   Other: 0.2ms
[2025-01-07T20:15:46.692+0000][85817.059s][info][gc,heap     ] GC(3137) Eden regions: 915->0(915)
[2025-01-07T20:15:46.692+0000][85817.059s][info][gc,heap     ] GC(3137) Survivor regions: 5->6(115)
[2025-01-07T20:15:46.692+0000][85817.059s][info][gc,heap     ] GC(3137) Old regions: 242->242
[2025-01-07T20:15:46.692+0000][85817.059s][info][gc,heap     ] GC(3137) Archive regions: 2->2
[2025-01-07T20:15:46.692+0000][85817.059s][info][gc,heap     ] GC(3137) Humongous regions: 49->49
[2025-01-07T20:15:46.692+0000][85817.059s][info][gc,metaspace] GC(3137) Metaspace: 498670K(506944K)->498670K(506944K) NonClass: 438103K(442368K)->438103K(442368K) Class: 60566K(64576K)->60566K(64576K)
[2025-01-07T20:15:46.693+0000][85817.059s][info][gc          ] GC(3137) Pause Young (Normal) (G1 Evacuation Pause) 9688M->2373M(12288M) 22.328ms
[2025-01-07T20:15:46.693+0000][85817.059s][info][gc,cpu      ] GC(3137) User=0.13s Sys=0.00s Real=0.02s
[2025-01-07T20:15:54.729+0000][85825.095s][info][gc,start    ] GC(3138) Pause Young (Normal) (G1 Evacuation Pause)
[2025-01-07T20:15:54.729+0000][85825.095s][info][gc,task     ] GC(3138) Using 6 workers of 6 for evacuation
[2025-01-07T20:15:54.760+0000][85825.126s][info][gc,phases   ] GC(3138)   Pre Evacuate Collection Set: 0.2ms
[2025-01-07T20:15:54.760+0000][85825.126s][info][gc,phases   ] GC(3138)   Merge Heap Roots: 0.4ms
[2025-01-07T20:15:54.760+0000][85825.126s][info][gc,phases   ] GC(3138)   Evacuate Collection Set: 25.4ms
[2025-01-07T20:15:54.760+0000][85825.126s][info][gc,phases   ] GC(3138)   Post Evacuate Collection Set: 4.3ms
[2025-01-07T20:15:54.760+0000][85825.126s][info][gc,phases   ] GC(3138)   Other: 0.2ms
[2025-01-07T20:15:54.760+0000][85825.126s][info][gc,heap     ] GC(3138) Eden regions: 915->0(913)
[2025-01-07T20:15:54.760+0000][85825.126s][info][gc,heap     ] GC(3138) Survivor regions: 6->8(116)
[2025-01-07T20:15:54.760+0000][85825.126s][info][gc,heap     ] GC(3138) Old regions: 242->242
[2025-01-07T20:15:54.760+0000][85825.126s][info][gc,heap     ] GC(3138) Archive regions: 2->2
[2025-01-07T20:15:54.760+0000][85825.126s][info][gc,heap     ] GC(3138) Humongous regions: 49->49
[2025-01-07T20:15:54.760+0000][85825.126s][info][gc,metaspace] GC(3138) Metaspace: 498670K(506944K)->498670K(506944K) NonClass: 438103K(442368K)->438103K(442368K) Class: 60566K(64576K)->60566K(64576K)
[2025-01-07T20:15:54.760+0000][85825.126s][info][gc          ] GC(3138) Pause Young (Normal) (G1 Evacuation Pause) 9693M->2387M(12288M) 30.552ms
[2025-01-07T20:15:54.760+0000][85825.126s][info][gc,cpu      ] GC(3138) User=0.18s Sys=0.00s Real=0.03s
[2025-01-07T20:16:01.757+0000][85832.123s][info][gc,start    ] GC(3139) Pause Young (Concurrent Start) (G1 Evacuation Pause)
[2025-01-07T20:16:01.757+0000][85832.123s][info][gc,task     ] GC(3139) Using 6 workers of 6 for evacuation
[2025-01-07T20:16:01.788+0000][85832.155s][info][gc,phases   ] GC(3139)   Pre Evacuate Collection Set: 1.0ms
[2025-01-07T20:16:01.788+0000][85832.155s][info][gc,phases   ] GC(3139)   Merge Heap Roots: 0.4ms
[2025-01-07T20:16:01.788+0000][85832.155s][info][gc,phases   ] GC(3139)   Evacuate Collection Set: 26.7ms
[2025-01-07T20:16:01.788+0000][85832.155s][info][gc,phases   ] GC(3139)   Post Evacuate Collection Set: 2.7ms
[2025-01-07T20:16:01.788+0000][85832.155s][info][gc,phases   ] GC(3139)   Other: 0.3ms
[2025-01-07T20:16:01.788+0000][85832.155s][info][gc,heap     ] GC(3139) Eden regions: 913->0(911)
[2025-01-07T20:16:01.788+0000][85832.155s][info][gc,heap     ] GC(3139) Survivor regions: 8->9(116)
[2025-01-07T20:16:01.788+0000][85832.155s][info][gc,heap     ] GC(3139) Old regions: 242->242
[2025-01-07T20:16:01.788+0000][85832.155s][info][gc,heap     ] GC(3139) Archive regions: 2->2
[2025-01-07T20:16:01.788+0000][85832.155s][info][gc,heap     ] GC(3139) Humongous regions: 49->49
[2025-01-07T20:16:01.788+0000][85832.155s][info][gc,metaspace] GC(3139) Metaspace: 498670K(506944K)->498670K(506944K) NonClass: 438103K(442368K)->438103K(442368K) Class: 60566K(64576K)->60566K(64576K)
[2025-01-07T20:16:01.789+0000][85832.155s][info][gc          ] GC(3139) Pause Young (Concurrent Start) (G1 Evacuation Pause) 9691M->2394M(12288M) 31.222ms
[2025-01-07T20:16:01.789+0000][85832.155s][info][gc,cpu      ] GC(3139) User=0.17s Sys=0.00s Real=0.03s
[2025-01-07T20:16:01.789+0000][85832.155s][info][gc          ] GC(3140) Concurrent Mark Cycle
[2025-01-07T20:16:01.789+0000][85832.155s][info][gc,marking  ] GC(3140) Concurrent Clear Claimed Marks
[2025-01-07T20:16:01.789+0000][85832.155s][info][gc,marking  ] GC(3140) Concurrent Clear Claimed Marks 0.741ms
[2025-01-07T20:16:01.789+0000][85832.155s][info][gc,marking  ] GC(3140) Concurrent Scan Root Regions
[2025-01-07T20:16:01.810+0000][85832.176s][info][gc,marking  ] GC(3140) Concurrent Scan Root Regions 20.737ms
[2025-01-07T20:16:01.810+0000][85832.176s][info][gc,marking  ] GC(3140) Concurrent Mark
[2025-01-07T20:16:01.810+0000][85832.176s][info][gc,marking  ] GC(3140) Concurrent Mark From Roots
[2025-01-07T20:16:01.810+0000][85832.176s][info][gc,task     ] GC(3140) Using 2 workers of 2 for marking
[2025-01-07T20:16:02.689+0000][85833.055s][info][gc,marking  ] GC(3140) Concurrent Mark From Roots 878.610ms
[2025-01-07T20:16:02.689+0000][85833.055s][info][gc,marking  ] GC(3140) Concurrent Preclean
[2025-01-07T20:16:02.692+0000][85833.058s][info][gc,marking  ] GC(3140) Concurrent Preclean 2.766ms
[2025-01-07T20:16:02.692+0000][85833.058s][info][gc,start    ] GC(3140) Pause Remark
[2025-01-07T20:16:02.719+0000][85833.085s][info][gc          ] GC(3140) Pause Remark 3414M->3414M(12288M) 27.388ms
[2025-01-07T20:16:02.719+0000][85833.085s][info][gc,cpu      ] GC(3140) User=0.16s Sys=0.00s Real=0.02s
[2025-01-07T20:16:02.719+0000][85833.085s][info][gc,marking  ] GC(3140) Concurrent Mark 909.183ms
[2025-01-07T20:16:02.719+0000][85833.085s][info][gc,marking  ] GC(3140) Concurrent Rebuild Remembered Sets
[2025-01-07T20:16:03.196+0000][85833.562s][info][gc,marking  ] GC(3140) Concurrent Rebuild Remembered Sets 476.918ms
[2025-01-07T20:16:03.196+0000][85833.563s][info][gc,start    ] GC(3140) Pause Cleanup
[2025-01-07T20:16:03.197+0000][85833.563s][info][gc          ] GC(3140) Pause Cleanup 3824M->3824M(12288M) 0.406ms
[2025-01-07T20:16:03.197+0000][85833.563s][info][gc,cpu      ] GC(3140) User=0.00s Sys=0.00s Real=0.00s
[2025-01-07T20:16:03.197+0000][85833.563s][info][gc,marking  ] GC(3140) Concurrent Cleanup for Next Mark
[2025-01-07T20:16:03.213+0000][85833.579s][info][gc,marking  ] GC(3140) Concurrent Cleanup for Next Mark 15.714ms
[2025-01-07T20:16:03.213+0000][85833.579s][info][gc          ] GC(3140) Concurrent Mark Cycle 1424.051ms
[2025-01-07T20:16:11.617+0000][85841.983s][info][gc,start    ] GC(3141) Pause Young (Prepare Mixed) (G1 Evacuation Pause)
[2025-01-07T20:16:11.617+0000][85841.983s][info][gc,task     ] GC(3141) Using 6 workers of 6 for evacuation
[2025-01-07T20:16:11.650+0000][85842.016s][info][gc,phases   ] GC(3141)   Pre Evacuate Collection Set: 0.2ms
[2025-01-07T20:16:11.650+0000][85842.016s][info][gc,phases   ] GC(3141)   Merge Heap Roots: 0.7ms
[2025-01-07T20:16:11.650+0000][85842.016s][info][gc,phases   ] GC(3141)   Evacuate Collection Set: 29.0ms
[2025-01-07T20:16:11.650+0000][85842.016s][info][gc,phases   ] GC(3141)   Post Evacuate Collection Set: 2.6ms
[2025-01-07T20:16:11.650+0000][85842.016s][info][gc,phases   ] GC(3141)   Other: 0.2ms
[2025-01-07T20:16:11.650+0000][85842.016s][info][gc,heap     ] GC(3141) Eden regions: 911->0(66)
[2025-01-07T20:16:11.650+0000][85842.016s][info][gc,heap     ] GC(3141) Survivor regions: 9->10(115)
[2025-01-07T20:16:11.650+0000][85842.016s][info][gc,heap     ] GC(3141) Old regions: 242->242
[2025-01-07T20:16:11.650+0000][85842.016s][info][gc,heap     ] GC(3141) Archive regions: 2->2
[2025-01-07T20:16:11.650+0000][85842.016s][info][gc,heap     ] GC(3141) Humongous regions: 49->49
[2025-01-07T20:16:11.650+0000][85842.016s][info][gc,metaspace] GC(3141) Metaspace: 498670K(506944K)->498670K(506944K) NonClass: 438103K(442368K)->438103K(442368K) Class: 60566K(64576K)->60566K(64576K)
[2025-01-07T20:16:11.650+0000][85842.016s][info][gc          ] GC(3141) Pause Young (Prepare Mixed) (G1 Evacuation Pause) 9682M->2403M(12288M) 32.748ms
[2025-01-07T20:16:11.650+0000][85842.016s][info][gc,cpu      ] GC(3141) User=0.19s Sys=0.00s Real=0.04s
[2025-01-07T20:16:12.260+0000][85842.627s][info][gc,start    ] GC(3142) Pause Young (Mixed) (G1 Evacuation Pause)
[2025-01-07T20:16:12.260+0000][85842.627s][info][gc,task     ] GC(3142) Using 6 workers of 6 for evacuation
[2025-01-07T20:16:12.322+0000][85842.688s][info][gc,phases   ] GC(3142)   Pre Evacuate Collection Set: 0.2ms
[2025-01-07T20:16:12.322+0000][85842.688s][info][gc,phases   ] GC(3142)   Merge Heap Roots: 0.7ms
[2025-01-07T20:16:12.322+0000][85842.688s][info][gc,phases   ] GC(3142)   Evacuate Collection Set: 59.1ms
[2025-01-07T20:16:12.322+0000][85842.688s][info][gc,phases   ] GC(3142)   Post Evacuate Collection Set: 1.7ms
[2025-01-07T20:16:12.322+0000][85842.688s][info][gc,phases   ] GC(3142)   Other: 0.2ms
[2025-01-07T20:16:12.322+0000][85842.688s][info][gc,heap     ] GC(3142) Eden regions: 66->0(916)
[2025-01-07T20:16:12.322+0000][85842.688s][info][gc,heap     ] GC(3142) Survivor regions: 10->5(10)
[2025-01-07T20:16:12.322+0000][85842.688s][info][gc,heap     ] GC(3142) Old regions: 242->241
[2025-01-07T20:16:12.322+0000][85842.688s][info][gc,heap     ] GC(3142) Archive regions: 2->2
[2025-01-07T20:16:12.322+0000][85842.688s][info][gc,heap     ] GC(3142) Humongous regions: 49->49
[2025-01-07T20:16:12.322+0000][85842.689s][info][gc,metaspace] GC(3142) Metaspace: 498670K(506944K)->498670K(506944K) NonClass: 438103K(442368K)->438103K(442368K) Class: 60566K(64576K)->60566K(64576K)
[2025-01-07T20:16:12.322+0000][85842.689s][info][gc          ] GC(3142) Pause Young (Mixed) (G1 Evacuation Pause) 2931M->2366M(12288M) 61.989ms
[2025-01-07T20:16:12.322+0000][85842.689s][info][gc,cpu      ] GC(3142) User=0.36s Sys=0.01s Real=0.07s
[2025-01-07T20:16:19.102+0000][85849.468s][info][gc,start    ] GC(3143) Pause Young (Normal) (G1 Evacuation Pause)
[2025-01-07T20:16:19.102+0000][85849.468s][info][gc,task     ] GC(3143) Using 6 workers of 6 for evacuation
[2025-01-07T20:16:19.126+0000][85849.492s][info][gc,phases   ] GC(3143)   Pre Evacuate Collection Set: 0.2ms
[2025-01-07T20:16:19.126+0000][85849.492s][info][gc,phases   ] GC(3143)   Merge Heap Roots: 0.4ms
[2025-01-07T20:16:19.126+0000][85849.492s][info][gc,phases   ] GC(3143)   Evacuate Collection Set: 20.6ms
[2025-01-07T20:16:19.126+0000][85849.492s][info][gc,phases   ] GC(3143)   Post Evacuate Collection Set: 2.4ms
[2025-01-07T20:16:19.126+0000][85849.492s][info][gc,phases   ] GC(3143)   Other: 0.2ms
[2025-01-07T20:16:19.126+0000][85849.492s][info][gc,heap     ] GC(3143) Eden regions: 916->0(914)
[2025-01-07T20:16:19.126+0000][85849.492s][info][gc,heap     ] GC(3143) Survivor regions: 5->7(116)
[2025-01-07T20:16:19.126+0000][85849.492s][info][gc,heap     ] GC(3143) Old regions: 241->241
[2025-01-07T20:16:19.126+0000][85849.492s][info][gc,heap     ] GC(3143) Archive regions: 2->2
[2025-01-07T20:16:19.126+0000][85849.492s][info][gc,heap     ] GC(3143) Humongous regions: 49->49
[2025-01-07T20:16:19.126+0000][85849.492s][info][gc,metaspace] GC(3143) Metaspace: 498670K(506944K)->498670K(506944K) NonClass: 438103K(442368K)->438103K(442368K) Class: 60566K(64576K)->60566K(64576K)
[2025-01-07T20:16:19.126+0000][85849.492s][info][gc          ] GC(3143) Pause Young (Normal) (G1 Evacuation Pause) 9694M->2378M(12288M) 23.909ms
[2025-01-07T20:16:19.126+0000][85849.492s][info][gc,cpu      ] GC(3143) User=0.14s Sys=0.00s Real=0.02s
[2025-01-07T20:16:24.026+0000][85854.392s][info][gc,start    ] GC(3144) Pause Young (Normal) (G1 Evacuation Pause)
[2025-01-07T20:16:24.026+0000][85854.392s][info][gc,task     ] GC(3144) Using 6 workers of 6 for evacuation
[2025-01-07T20:16:24.051+0000][85854.418s][info][gc,phases   ] GC(3144)   Pre Evacuate Collection Set: 0.2ms
[2025-01-07T20:16:24.051+0000][85854.418s][info][gc,phases   ] GC(3144)   Merge Heap Roots: 0.4ms
[2025-01-07T20:16:24.051+0000][85854.418s][info][gc,phases   ] GC(3144)   Evacuate Collection Set: 22.6ms
[2025-01-07T20:16:24.051+0000][85854.418s][info][gc,phases   ] GC(3144)   Post Evacuate Collection Set: 2.4ms
[2025-01-07T20:16:24.051+0000][85854.418s][info][gc,phases   ] GC(3144)   Other: 0.2ms
[2025-01-07T20:16:24.051+0000][85854.418s][info][gc,heap     ] GC(3144) Eden regions: 914->0(913)
[2025-01-07T20:16:24.051+0000][85854.418s][info][gc,heap     ] GC(3144) Survivor regions: 7->8(116)
[2025-01-07T20:16:24.051+0000][85854.418s][info][gc,heap     ] GC(3144) Old regions: 241->241
[2025-01-07T20:16:24.051+0000][85854.418s][info][gc,heap     ] GC(3144) Archive regions: 2->2
[2025-01-07T20:16:24.051+0000][85854.418s][info][gc,heap     ] GC(3144) Humongous regions: 49->49
[2025-01-07T20:16:24.052+0000][85854.418s][info][gc,metaspace] GC(3144) Metaspace: 498670K(506944K)->498670K(506944K) NonClass: 438103K(442368K)->438103K(442368K) Class: 60566K(64576K)->60566K(64576K)
[2025-01-07T20:16:24.052+0000][85854.418s][info][gc          ] GC(3144) Pause Young (Normal) (G1 Evacuation Pause) 9690M->2386M(12288M) 25.940ms
[2025-01-07T20:16:24.052+0000][85854.418s][info][gc,cpu      ] GC(3144) User=0.15s Sys=0.00s Real=0.03s
[2025-01-07T20:16:28.140+0000][85858.506s][info][gc,start    ] GC(3145) Pause Young (Concurrent Start) (G1 Evacuation Pause)
[2025-01-07T20:16:28.140+0000][85858.506s][info][gc,task     ] GC(3145) Using 6 workers of 6 for evacuation
[2025-01-07T20:16:28.167+0000][85858.533s][info][gc,phases   ] GC(3145)   Pre Evacuate Collection Set: 0.9ms
[2025-01-07T20:16:28.167+0000][85858.533s][info][gc,phases   ] GC(3145)   Merge Heap Roots: 0.5ms
[2025-01-07T20:16:28.167+0000][85858.533s][info][gc,phases   ] GC(3145)   Evacuate Collection Set: 22.9ms
[2025-01-07T20:16:28.167+0000][85858.533s][info][gc,phases   ] GC(3145)   Post Evacuate Collection Set: 2.4ms
[2025-01-07T20:16:28.167+0000][85858.533s][info][gc,phases   ] GC(3145)   Other: 0.3ms
[2025-01-07T20:16:28.167+0000][85858.533s][info][gc,heap     ] GC(3145) Eden regions: 913->0(913)
[2025-01-07T20:16:28.167+0000][85858.533s][info][gc,heap     ] GC(3145) Survivor regions: 8->8(116)
[2025-01-07T20:16:28.167+0000][85858.533s][info][gc,heap     ] GC(3145) Old regions: 241->241
[2025-01-07T20:16:28.167+0000][85858.533s][info][gc,heap     ] GC(3145) Archive regions: 2->2
[2025-01-07T20:16:28.167+0000][85858.533s][info][gc,heap     ] GC(3145) Humongous regions: 49->49
[2025-01-07T20:16:28.167+0000][85858.533s][info][gc,metaspace] GC(3145) Metaspace: 498670K(506944K)->498670K(506944K) NonClass: 438103K(442368K)->438103K(442368K) Class: 60566K(64576K)->60566K(64576K)
[2025-01-07T20:16:28.167+0000][85858.533s][info][gc          ] GC(3145) Pause Young (Concurrent Start) (G1 Evacuation Pause) 9690M->2388M(12288M) 27.086ms
[2025-01-07T20:16:28.167+0000][85858.533s][info][gc,cpu      ] GC(3145) User=0.15s Sys=0.00s Real=0.03s
[2025-01-07T20:16:28.167+0000][85858.533s][info][gc          ] GC(3146) Concurrent Mark Cycle
[2025-01-07T20:16:28.167+0000][85858.533s][info][gc,marking  ] GC(3146) Concurrent Clear Claimed Marks
[2025-01-07T20:16:28.168+0000][85858.534s][info][gc,marking  ] GC(3146) Concurrent Clear Claimed Marks 0.786ms
[2025-01-07T20:16:28.168+0000][85858.534s][info][gc,marking  ] GC(3146) Concurrent Scan Root Regions
[2025-01-07T20:16:28.189+0000][85858.555s][info][gc,marking  ] GC(3146) Concurrent Scan Root Regions 21.067ms
[2025-01-07T20:16:28.189+0000][85858.555s][info][gc,marking  ] GC(3146) Concurrent Mark
[2025-01-07T20:16:28.189+0000][85858.555s][info][gc,marking  ] GC(3146) Concurrent Mark From Roots
[2025-01-07T20:16:28.189+0000][85858.555s][info][gc,task     ] GC(3146) Using 2 workers of 2 for marking
[2025-01-07T20:16:29.146+0000][85859.512s][info][gc,marking  ] GC(3146) Concurrent Mark From Roots 956.758ms
[2025-01-07T20:16:29.146+0000][85859.512s][info][gc,marking  ] GC(3146) Concurrent Preclean
[2025-01-07T20:16:29.148+0000][85859.514s][info][gc,marking  ] GC(3146) Concurrent Preclean 2.007ms
[2025-01-07T20:16:29.148+0000][85859.514s][info][gc,start    ] GC(3146) Pause Remark
[2025-01-07T20:16:29.173+0000][85859.539s][info][gc          ] GC(3146) Pause Remark 3620M->3620M(12288M) 25.247ms
[2025-01-07T20:16:29.173+0000][85859.539s][info][gc,cpu      ] GC(3146) User=0.14s Sys=0.00s Real=0.03s
[2025-01-07T20:16:29.174+0000][85859.540s][info][gc,marking  ] GC(3146) Concurrent Mark 984.372ms
[2025-01-07T20:16:29.174+0000][85859.540s][info][gc,marking  ] GC(3146) Concurrent Rebuild Remembered Sets
[2025-01-07T20:16:29.709+0000][85860.075s][info][gc,marking  ] GC(3146) Concurrent Rebuild Remembered Sets 535.688ms
[2025-01-07T20:16:29.709+0000][85860.076s][info][gc,start    ] GC(3146) Pause Cleanup
[2025-01-07T20:16:29.710+0000][85860.076s][info][gc          ] GC(3146) Pause Cleanup 4264M->4264M(12288M) 0.387ms
[2025-01-07T20:16:29.710+0000][85860.076s][info][gc,cpu      ] GC(3146) User=0.00s Sys=0.00s Real=0.00s
[2025-01-07T20:16:29.710+0000][85860.076s][info][gc,marking  ] GC(3146) Concurrent Cleanup for Next Mark
[2025-01-07T20:16:29.726+0000][85860.092s][info][gc,marking  ] GC(3146) Concurrent Cleanup for Next Mark 16.381ms
[2025-01-07T20:16:29.726+0000][85860.092s][info][gc          ] GC(3146) Concurrent Mark Cycle 1559.142ms
[2025-01-07T20:16:33.355+0000][85863.721s][info][gc,start    ] GC(3147) Pause Young (Prepare Mixed) (G1 Evacuation Pause)
[2025-01-07T20:16:33.355+0000][85863.721s][info][gc,task     ] GC(3147) Using 6 workers of 6 for evacuation
[2025-01-07T20:16:33.387+0000][85863.753s][info][gc,phases   ] GC(3147)   Pre Evacuate Collection Set: 0.2ms
[2025-01-07T20:16:33.387+0000][85863.753s][info][gc,phases   ] GC(3147)   Merge Heap Roots: 0.7ms
[2025-01-07T20:16:33.387+0000][85863.753s][info][gc,phases   ] GC(3147)   Evacuate Collection Set: 26.2ms
[2025-01-07T20:16:33.387+0000][85863.753s][info][gc,phases   ] GC(3147)   Post Evacuate Collection Set: 5.2ms
[2025-01-07T20:16:33.387+0000][85863.753s][info][gc,phases   ] GC(3147)   Other: 0.2ms
[2025-01-07T20:16:33.387+0000][85863.753s][info][gc,heap     ] GC(3147) Eden regions: 913->0(66)
[2025-01-07T20:16:33.387+0000][85863.753s][info][gc,heap     ] GC(3147) Survivor regions: 8->10(116)
[2025-01-07T20:16:33.387+0000][85863.753s][info][gc,heap     ] GC(3147) Old regions: 241->241
[2025-01-07T20:16:33.387+0000][85863.753s][info][gc,heap     ] GC(3147) Archive regions: 2->2
[2025-01-07T20:16:33.387+0000][85863.753s][info][gc,heap     ] GC(3147) Humongous regions: 49->49
[2025-01-07T20:16:33.387+0000][85863.753s][info][gc,metaspace] GC(3147) Metaspace: 498670K(506944K)->498670K(506944K) NonClass: 438103K(442368K)->438103K(442368K) Class: 60566K(64576K)->60566K(64576K)
[2025-01-07T20:16:33.387+0000][85863.753s][info][gc          ] GC(3147) Pause Young (Prepare Mixed) (G1 Evacuation Pause) 9692M->2405M(12288M) 32.589ms
[2025-01-07T20:16:33.387+0000][85863.753s][info][gc,cpu      ] GC(3147) User=0.19s Sys=0.00s Real=0.03s
[2025-01-07T20:16:33.725+0000][85864.091s][info][gc,start    ] GC(3148) Pause Young (Mixed) (G1 Evacuation Pause)
[2025-01-07T20:16:33.725+0000][85864.091s][info][gc,task     ] GC(3148) Using 6 workers of 6 for evacuation
[2025-01-07T20:16:33.793+0000][85864.159s][info][gc,phases   ] GC(3148)   Pre Evacuate Collection Set: 0.2ms
[2025-01-07T20:16:33.793+0000][85864.159s][info][gc,phases   ] GC(3148)   Merge Heap Roots: 0.7ms
[2025-01-07T20:16:33.793+0000][85864.159s][info][gc,phases   ] GC(3148)   Evacuate Collection Set: 64.7ms
[2025-01-07T20:16:33.793+0000][85864.159s][info][gc,phases   ] GC(3148)   Post Evacuate Collection Set: 1.9ms
[2025-01-07T20:16:33.793+0000][85864.159s][info][gc,phases   ] GC(3148)   Other: 0.2ms
[2025-01-07T20:16:33.793+0000][85864.159s][info][gc,heap     ] GC(3148) Eden regions: 66->0(916)
[2025-01-07T20:16:33.793+0000][85864.159s][info][gc,heap     ] GC(3148) Survivor regions: 10->5(10)
[2025-01-07T20:16:33.793+0000][85864.159s][info][gc,heap     ] GC(3148) Old regions: 241->243
[2025-01-07T20:16:33.793+0000][85864.159s][info][gc,heap     ] GC(3148) Archive regions: 2->2
[2025-01-07T20:16:33.793+0000][85864.159s][info][gc,heap     ] GC(3148) Humongous regions: 49->49
[2025-01-07T20:16:33.793+0000][85864.159s][info][gc,metaspace] GC(3148) Metaspace: 498670K(506944K)->498670K(506944K) NonClass: 438103K(442368K)->438103K(442368K) Class: 60566K(64576K)->60566K(64576K)
[2025-01-07T20:16:33.793+0000][85864.159s][info][gc          ] GC(3148) Pause Young (Mixed) (G1 Evacuation Pause) 2933M->2371M(12288M) 67.752ms
[2025-01-07T20:16:33.793+0000][85864.159s][info][gc,cpu      ] GC(3148) User=0.36s Sys=0.00s Real=0.07s
[2025-01-07T20:16:38.887+0000][85869.253s][info][gc,start    ] GC(3149) Pause Young (Normal) (G1 Evacuation Pause)
[2025-01-07T20:16:38.887+0000][85869.253s][info][gc,task     ] GC(3149) Using 6 workers of 6 for evacuation
[2025-01-07T20:16:38.907+0000][85869.273s][info][gc,phases   ] GC(3149)   Pre Evacuate Collection Set: 0.2ms
[2025-01-07T20:16:38.907+0000][85869.274s][info][gc,phases   ] GC(3149)   Merge Heap Roots: 0.4ms
[2025-01-07T20:16:38.907+0000][85869.274s][info][gc,phases   ] GC(3149)   Evacuate Collection Set: 16.9ms
[2025-01-07T20:16:38.907+0000][85869.274s][info][gc,phases   ] GC(3149)   Post Evacuate Collection Set: 2.4ms
[2025-01-07T20:16:38.907+0000][85869.274s][info][gc,phases   ] GC(3149)   Other: 0.2ms
[2025-01-07T20:16:38.907+0000][85869.274s][info][gc,heap     ] GC(3149) Eden regions: 916->0(916)
[2025-01-07T20:16:38.907+0000][85869.274s][info][gc,heap     ] GC(3149) Survivor regions: 5->5(116)
[2025-01-07T20:16:38.907+0000][85869.274s][info][gc,heap     ] GC(3149) Old regions: 243->243
[2025-01-07T20:16:38.907+0000][85869.274s][info][gc,heap     ] GC(3149) Archive regions: 2->2
[2025-01-07T20:16:38.907+0000][85869.274s][info][gc,heap     ] GC(3149) Humongous regions: 49->49
[2025-01-07T20:16:38.907+0000][85869.274s][info][gc,metaspace] GC(3149) Metaspace: 498670K(506944K)->498670K(506944K) NonClass: 438103K(442368K)->438103K(442368K) Class: 60566K(64576K)->60566K(64576K)
[2025-01-07T20:16:38.907+0000][85869.274s][info][gc          ] GC(3149) Pause Young (Normal) (G1 Evacuation Pause) 9699M->2376M(12288M) 20.152ms
[2025-01-07T20:16:38.908+0000][85869.274s][info][gc,cpu      ] GC(3149) User=0.12s Sys=0.00s Real=0.02s
[2025-01-07T20:16:45.222+0000][85875.588s][info][gc,start    ] GC(3150) Pause Young (Normal) (G1 Evacuation Pause)
[2025-01-07T20:16:45.222+0000][85875.588s][info][gc,task     ] GC(3150) Using 6 workers of 6 for evacuation
[2025-01-07T20:16:45.245+0000][85875.611s][info][gc,phases   ] GC(3150)   Pre Evacuate Collection Set: 0.2ms
[2025-01-07T20:16:45.245+0000][85875.611s][info][gc,phases   ] GC(3150)   Merge Heap Roots: 0.4ms
[2025-01-07T20:16:45.245+0000][85875.611s][info][gc,phases   ] GC(3150)   Evacuate Collection Set: 18.0ms
[2025-01-07T20:16:45.245+0000][85875.611s][info][gc,phases   ] GC(3150)   Post Evacuate Collection Set: 3.8ms
[2025-01-07T20:16:45.245+0000][85875.611s][info][gc,phases   ] GC(3150)   Other: 0.2ms
[2025-01-07T20:16:45.245+0000][85875.611s][info][gc,heap     ] GC(3150) Eden regions: 916->0(914)
[2025-01-07T20:16:45.245+0000][85875.611s][info][gc,heap     ] GC(3150) Survivor regions: 5->7(116)
[2025-01-07T20:16:45.245+0000][85875.611s][info][gc,heap     ] GC(3150) Old regions: 243->243
[2025-01-07T20:16:45.245+0000][85875.611s][info][gc,heap     ] GC(3150) Archive regions: 2->2
[2025-01-07T20:16:45.245+0000][85875.611s][info][gc,heap     ] GC(3150) Humongous regions: 49->49
[2025-01-07T20:16:45.245+0000][85875.611s][info][gc,metaspace] GC(3150) Metaspace: 498670K(506944K)->498670K(506944K) NonClass: 438103K(442368K)->438103K(442368K) Class: 60566K(64576K)->60566K(64576K)
[2025-01-07T20:16:45.245+0000][85875.611s][info][gc          ] GC(3150) Pause Young (Normal) (G1 Evacuation Pause) 9704M->2388M(12288M) 22.677ms
[2025-01-07T20:16:45.245+0000][85875.611s][info][gc,cpu      ] GC(3150) User=0.13s Sys=0.00s Real=0.02s
[2025-01-07T20:16:55.579+0000][85885.945s][info][gc,start    ] GC(3151) Pause Young (Concurrent Start) (G1 Evacuation Pause)
[2025-01-07T20:16:55.579+0000][85885.945s][info][gc,task     ] GC(3151) Using 6 workers of 6 for evacuation
[2025-01-07T20:16:55.612+0000][85885.978s][info][gc,phases   ] GC(3151)   Pre Evacuate Collection Set: 1.0ms
[2025-01-07T20:16:55.612+0000][85885.978s][info][gc,phases   ] GC(3151)   Merge Heap Roots: 0.4ms
[2025-01-07T20:16:55.612+0000][85885.978s][info][gc,phases   ] GC(3151)   Evacuate Collection Set: 29.0ms
[2025-01-07T20:16:55.612+0000][85885.978s][info][gc,phases   ] GC(3151)   Post Evacuate Collection Set: 2.9ms
[2025-01-07T20:16:55.612+0000][85885.978s][info][gc,phases   ] GC(3151)   Other: 0.4ms
[2025-01-07T20:16:55.612+0000][85885.978s][info][gc,heap     ] GC(3151) Eden regions: 914->0(913)
[2025-01-07T20:16:55.612+0000][85885.978s][info][gc,heap     ] GC(3151) Survivor regions: 7->8(116)
[2025-01-07T20:16:55.612+0000][85885.978s][info][gc,heap     ] GC(3151) Old regions: 243->243
[2025-01-07T20:16:55.612+0000][85885.978s][info][gc,heap     ] GC(3151) Archive regions: 2->2
[2025-01-07T20:16:55.612+0000][85885.978s][info][gc,heap     ] GC(3151) Humongous regions: 49->49
[2025-01-07T20:16:55.612+0000][85885.978s][info][gc,metaspace] GC(3151) Metaspace: 498670K(506944K)->498670K(506944K) NonClass: 438103K(442368K)->438103K(442368K) Class: 60566K(64576K)->60566K(64576K)
[2025-01-07T20:16:55.612+0000][85885.978s][info][gc          ] GC(3151) Pause Young (Concurrent Start) (G1 Evacuation Pause) 9700M->2399M(12288M) 33.738ms
[2025-01-07T20:16:55.612+0000][85885.978s][info][gc,cpu      ] GC(3151) User=0.20s Sys=0.00s Real=0.04s
[2025-01-07T20:16:55.612+0000][85885.978s][info][gc          ] GC(3152) Concurrent Mark Cycle
[2025-01-07T20:16:55.612+0000][85885.979s][info][gc,marking  ] GC(3152) Concurrent Clear Claimed Marks
[2025-01-07T20:16:55.613+0000][85885.979s][info][gc,marking  ] GC(3152) Concurrent Clear Claimed Marks 0.789ms
[2025-01-07T20:16:55.613+0000][85885.979s][info][gc,marking  ] GC(3152) Concurrent Scan Root Regions
[2025-01-07T20:16:55.638+0000][85886.004s][info][gc,marking  ] GC(3152) Concurrent Scan Root Regions 24.756ms
[2025-01-07T20:16:55.638+0000][85886.004s][info][gc,marking  ] GC(3152) Concurrent Mark
[2025-01-07T20:16:55.638+0000][85886.004s][info][gc,marking  ] GC(3152) Concurrent Mark From Roots
[2025-01-07T20:16:55.638+0000][85886.004s][info][gc,task     ] GC(3152) Using 2 workers of 2 for marking
[2025-01-07T20:16:56.510+0000][85886.877s][info][gc,marking  ] GC(3152) Concurrent Mark From Roots 872.363ms
[2025-01-07T20:16:56.510+0000][85886.877s][info][gc,marking  ] GC(3152) Concurrent Preclean
[2025-01-07T20:16:56.512+0000][85886.879s][info][gc,marking  ] GC(3152) Concurrent Preclean 1.991ms
[2025-01-07T20:16:56.513+0000][85886.879s][info][gc,start    ] GC(3152) Pause Remark
[2025-01-07T20:16:56.540+0000][85886.906s][info][gc          ] GC(3152) Pause Remark 3215M->3215M(12288M) 27.715ms
[2025-01-07T20:16:56.540+0000][85886.906s][info][gc,cpu      ] GC(3152) User=0.16s Sys=0.00s Real=0.02s
[2025-01-07T20:16:56.540+0000][85886.907s][info][gc,marking  ] GC(3152) Concurrent Mark 902.422ms
[2025-01-07T20:16:56.540+0000][85886.907s][info][gc,marking  ] GC(3152) Concurrent Rebuild Remembered Sets
[2025-01-07T20:16:57.159+0000][85887.525s][info][gc,marking  ] GC(3152) Concurrent Rebuild Remembered Sets 618.746ms
[2025-01-07T20:16:57.159+0000][85887.525s][info][gc,start    ] GC(3152) Pause Cleanup
[2025-01-07T20:16:57.160+0000][85887.526s][info][gc          ] GC(3152) Pause Cleanup 3987M->3987M(12288M) 0.440ms
[2025-01-07T20:16:57.160+0000][85887.526s][info][gc,cpu      ] GC(3152) User=0.00s Sys=0.00s Real=0.00s
[2025-01-07T20:16:57.160+0000][85887.526s][info][gc,marking  ] GC(3152) Concurrent Cleanup for Next Mark
[2025-01-07T20:16:57.176+0000][85887.542s][info][gc,marking  ] GC(3152) Concurrent Cleanup for Next Mark 15.974ms
[2025-01-07T20:16:57.176+0000][85887.542s][info][gc          ] GC(3152) Concurrent Mark Cycle 1563.533ms
[2025-01-07T20:17:05.019+0000][85895.385s][info][gc,start    ] GC(3153) Pause Young (Prepare Mixed) (G1 Evacuation Pause)
[2025-01-07T20:17:05.019+0000][85895.385s][info][gc,task     ] GC(3153) Using 6 workers of 6 for evacuation
[2025-01-07T20:17:05.052+0000][85895.418s][info][gc,phases   ] GC(3153)   Pre Evacuate Collection Set: 0.2ms
[2025-01-07T20:17:05.052+0000][85895.418s][info][gc,phases   ] GC(3153)   Merge Heap Roots: 0.7ms
[2025-01-07T20:17:05.052+0000][85895.418s][info][gc,phases   ] GC(3153)   Evacuate Collection Set: 28.5ms
[2025-01-07T20:17:05.052+0000][85895.418s][info][gc,phases   ] GC(3153)   Post Evacuate Collection Set: 2.9ms
[2025-01-07T20:17:05.052+0000][85895.418s][info][gc,phases   ] GC(3153)   Other: 0.2ms
[2025-01-07T20:17:05.052+0000][85895.418s][info][gc,heap     ] GC(3153) Eden regions: 913->0(67)
[2025-01-07T20:17:05.052+0000][85895.418s][info][gc,heap     ] GC(3153) Survivor regions: 8->9(116)
[2025-01-07T20:17:05.052+0000][85895.418s][info][gc,heap     ] GC(3153) Old regions: 243->243
[2025-01-07T20:17:05.052+0000][85895.418s][info][gc,heap     ] GC(3153) Archive regions: 2->2
[2025-01-07T20:17:05.052+0000][85895.418s][info][gc,heap     ] GC(3153) Humongous regions: 49->49
[2025-01-07T20:17:05.052+0000][85895.418s][info][gc,metaspace] GC(3153) Metaspace: 498670K(506944K)->498670K(506944K) NonClass: 438104K(442368K)->438104K(442368K) Class: 60566K(64576K)->60566K(64576K)
[2025-01-07T20:17:05.052+0000][85895.418s][info][gc          ] GC(3153) Pause Young (Prepare Mixed) (G1 Evacuation Pause) 9703M->2406M(12288M) 32.528ms
[2025-01-07T20:17:05.052+0000][85895.418s][info][gc,cpu      ] GC(3153) User=0.19s Sys=0.00s Real=0.04s
[2025-01-07T20:17:05.501+0000][85895.867s][info][gc,start    ] GC(3154) Pause Young (Mixed) (G1 Evacuation Pause)
[2025-01-07T20:17:05.501+0000][85895.868s][info][gc,task     ] GC(3154) Using 6 workers of 6 for evacuation
[2025-01-07T20:17:05.546+0000][85895.912s][info][gc,phases   ] GC(3154)   Pre Evacuate Collection Set: 0.2ms
[2025-01-07T20:17:05.546+0000][85895.912s][info][gc,phases   ] GC(3154)   Merge Heap Roots: 0.5ms
[2025-01-07T20:17:05.546+0000][85895.912s][info][gc,phases   ] GC(3154)   Evacuate Collection Set: 42.2ms
[2025-01-07T20:17:05.546+0000][85895.912s][info][gc,phases   ] GC(3154)   Post Evacuate Collection Set: 1.6ms
[2025-01-07T20:17:05.546+0000][85895.912s][info][gc,phases   ] GC(3154)   Other: 0.2ms
[2025-01-07T20:17:05.546+0000][85895.912s][info][gc,heap     ] GC(3154) Eden regions: 67->0(915)
[2025-01-07T20:17:05.546+0000][85895.912s][info][gc,heap     ] GC(3154) Survivor regions: 9->6(10)
[2025-01-07T20:17:05.546+0000][85895.912s][info][gc,heap     ] GC(3154) Old regions: 243->239
[2025-01-07T20:17:05.546+0000][85895.912s][info][gc,heap     ] GC(3154) Archive regions: 2->2
[2025-01-07T20:17:05.546+0000][85895.912s][info][gc,heap     ] GC(3154) Humongous regions: 49->49
[2025-01-07T20:17:05.546+0000][85895.912s][info][gc,metaspace] GC(3154) Metaspace: 498670K(506944K)->498670K(506944K) NonClass: 438104K(442368K)->438104K(442368K) Class: 60566K(64576K)->60566K(64576K)
[2025-01-07T20:17:05.546+0000][85895.912s][info][gc          ] GC(3154) Pause Young (Mixed) (G1 Evacuation Pause) 2942M->2354M(12288M) 44.772ms
[2025-01-07T20:17:05.546+0000][85895.912s][info][gc,cpu      ] GC(3154) User=0.26s Sys=0.00s Real=0.05s
[2025-01-07T20:17:13.387+0000][85903.753s][info][gc,start    ] GC(3155) Pause Young (Normal) (G1 Evacuation Pause)
[2025-01-07T20:17:13.387+0000][85903.753s][info][gc,task     ] GC(3155) Using 6 workers of 6 for evacuation
[2025-01-07T20:17:13.413+0000][85903.779s][info][gc,phases   ] GC(3155)   Pre Evacuate Collection Set: 0.2ms
[2025-01-07T20:17:13.413+0000][85903.779s][info][gc,phases   ] GC(3155)   Merge Heap Roots: 0.4ms
[2025-01-07T20:17:13.413+0000][85903.779s][info][gc,phases   ] GC(3155)   Evacuate Collection Set: 23.2ms
[2025-01-07T20:17:13.413+0000][85903.779s][info][gc,phases   ] GC(3155)   Post Evacuate Collection Set: 2.6ms
[2025-01-07T20:17:13.413+0000][85903.779s][info][gc,phases   ] GC(3155)   Other: 0.2ms
[2025-01-07T20:17:13.413+0000][85903.779s][info][gc,heap     ] GC(3155) Eden regions: 915->0(914)
[2025-01-07T20:17:13.413+0000][85903.779s][info][gc,heap     ] GC(3155) Survivor regions: 6->7(116)
[2025-01-07T20:17:13.413+0000][85903.779s][info][gc,heap     ] GC(3155) Old regions: 239->239
[2025-01-07T20:17:13.413+0000][85903.779s][info][gc,heap     ] GC(3155) Archive regions: 2->2
[2025-01-07T20:17:13.413+0000][85903.779s][info][gc,heap     ] GC(3155) Humongous regions: 49->49
[2025-01-07T20:17:13.413+0000][85903.780s][info][gc,metaspace] GC(3155) Metaspace: 498670K(506944K)->498670K(506944K) NonClass: 438104K(442368K)->438104K(442368K) Class: 60566K(64576K)->60566K(64576K)
[2025-01-07T20:17:13.413+0000][85903.780s][info][gc          ] GC(3155) Pause Young (Normal) (G1 Evacuation Pause) 9674M->2361M(12288M) 26.835ms
[2025-01-07T20:17:13.414+0000][85903.780s][info][gc,cpu      ] GC(3155) User=0.15s Sys=0.01s Real=0.03s
[2025-01-07T20:17:23.040+0000][85913.406s][info][gc,start    ] GC(3156) Pause Young (Normal) (G1 Evacuation Pause)
[2025-01-07T20:17:23.040+0000][85913.406s][info][gc,task     ] GC(3156) Using 6 workers of 6 for evacuation
[2025-01-07T20:17:23.072+0000][85913.438s][info][gc,phases   ] GC(3156)   Pre Evacuate Collection Set: 0.2ms
[2025-01-07T20:17:23.072+0000][85913.438s][info][gc,phases   ] GC(3156)   Merge Heap Roots: 0.4ms
[2025-01-07T20:17:23.072+0000][85913.438s][info][gc,phases   ] GC(3156)   Evacuate Collection Set: 28.5ms
[2025-01-07T20:17:23.072+0000][85913.438s][info][gc,phases   ] GC(3156)   Post Evacuate Collection Set: 2.9ms
[2025-01-07T20:17:23.072+0000][85913.438s][info][gc,phases   ] GC(3156)   Other: 0.2ms
[2025-01-07T20:17:23.072+0000][85913.438s][info][gc,heap     ] GC(3156) Eden regions: 914->0(913)
[2025-01-07T20:17:23.072+0000][85913.438s][info][gc,heap     ] GC(3156) Survivor regions: 7->8(116)
[2025-01-07T20:17:23.072+0000][85913.438s][info][gc,heap     ] GC(3156) Old regions: 239->239
[2025-01-07T20:17:23.072+0000][85913.438s][info][gc,heap     ] GC(3156) Archive regions: 2->2
[2025-01-07T20:17:23.072+0000][85913.438s][info][gc,heap     ] GC(3156) Humongous regions: 49->49
[2025-01-07T20:17:23.072+0000][85913.438s][info][gc,metaspace] GC(3156) Metaspace: 498670K(506944K)->498670K(506944K) NonClass: 438104K(442368K)->438104K(442368K) Class: 60566K(64576K)->60566K(64576K)
[2025-01-07T20:17:23.072+0000][85913.438s][info][gc          ] GC(3156) Pause Young (Normal) (G1 Evacuation Pause) 9673M->2369M(12288M) 32.325ms
[2025-01-07T20:17:23.072+0000][85913.438s][info][gc,cpu      ] GC(3156) User=0.18s Sys=0.01s Real=0.04s
[2025-01-07T20:17:32.319+0000][85922.685s][info][gc,start    ] GC(3157) Pause Young (Concurrent Start) (G1 Evacuation Pause)
[2025-01-07T20:17:32.319+0000][85922.685s][info][gc,task     ] GC(3157) Using 6 workers of 6 for evacuation
[2025-01-07T20:17:32.356+0000][85922.722s][info][gc,phases   ] GC(3157)   Pre Evacuate Collection Set: 1.0ms
[2025-01-07T20:17:32.356+0000][85922.722s][info][gc,phases   ] GC(3157)   Merge Heap Roots: 0.4ms
[2025-01-07T20:17:32.356+0000][85922.722s][info][gc,phases   ] GC(3157)   Evacuate Collection Set: 30.0ms
[2025-01-07T20:17:32.356+0000][85922.722s][info][gc,phases   ] GC(3157)   Post Evacuate Collection Set: 5.3ms
[2025-01-07T20:17:32.356+0000][85922.722s][info][gc,phases   ] GC(3157)   Other: 0.3ms
[2025-01-07T20:17:32.356+0000][85922.722s][info][gc,heap     ] GC(3157) Eden regions: 913->0(910)
[2025-01-07T20:17:32.356+0000][85922.722s][info][gc,heap     ] GC(3157) Survivor regions: 8->11(116)
[2025-01-07T20:17:32.356+0000][85922.722s][info][gc,heap     ] GC(3157) Old regions: 239->239
[2025-01-07T20:17:32.356+0000][85922.722s][info][gc,heap     ] GC(3157) Archive regions: 2->2
[2025-01-07T20:17:32.356+0000][85922.722s][info][gc,heap     ] GC(3157) Humongous regions: 49->49
[2025-01-07T20:17:32.356+0000][85922.722s][info][gc,metaspace] GC(3157) Metaspace: 498670K(506944K)->498670K(506944K) NonClass: 438104K(442368K)->438104K(442368K) Class: 60566K(64576K)->60566K(64576K)
[2025-01-07T20:17:32.356+0000][85922.722s][info][gc          ] GC(3157) Pause Young (Concurrent Start) (G1 Evacuation Pause) 9673M->2390M(12288M) 37.089ms
[2025-01-07T20:17:32.356+0000][85922.722s][info][gc,cpu      ] GC(3157) User=0.22s Sys=0.00s Real=0.04s
[2025-01-07T20:17:32.356+0000][85922.722s][info][gc          ] GC(3158) Concurrent Mark Cycle
[2025-01-07T20:17:32.356+0000][85922.722s][info][gc,marking  ] GC(3158) Concurrent Clear Claimed Marks
[2025-01-07T20:17:32.357+0000][85922.723s][info][gc,marking  ] GC(3158) Concurrent Clear Claimed Marks 0.812ms
[2025-01-07T20:17:32.357+0000][85922.723s][info][gc,marking  ] GC(3158) Concurrent Scan Root Regions
[2025-01-07T20:17:32.387+0000][85922.753s][info][gc,marking  ] GC(3158) Concurrent Scan Root Regions 30.750ms
[2025-01-07T20:17:32.387+0000][85922.753s][info][gc,marking  ] GC(3158) Concurrent Mark
[2025-01-07T20:17:32.387+0000][85922.753s][info][gc,marking  ] GC(3158) Concurrent Mark From Roots
[2025-01-07T20:17:32.387+0000][85922.753s][info][gc,task     ] GC(3158) Using 2 workers of 2 for marking
[2025-01-07T20:17:33.253+0000][85923.619s][info][gc,marking  ] GC(3158) Concurrent Mark From Roots 865.472ms
[2025-01-07T20:17:33.253+0000][85923.619s][info][gc,marking  ] GC(3158) Concurrent Preclean
[2025-01-07T20:17:33.256+0000][85923.622s][info][gc,marking  ] GC(3158) Concurrent Preclean 2.765ms
[2025-01-07T20:17:33.256+0000][85923.622s][info][gc,start    ] GC(3158) Pause Remark
[2025-01-07T20:17:33.282+0000][85923.648s][info][gc          ] GC(3158) Pause Remark 3246M->3246M(12288M) 25.875ms
[2025-01-07T20:17:33.282+0000][85923.648s][info][gc,cpu      ] GC(3158) User=0.14s Sys=0.00s Real=0.03s
[2025-01-07T20:17:33.282+0000][85923.648s][info][gc,marking  ] GC(3158) Concurrent Mark 894.469ms
[2025-01-07T20:17:33.282+0000][85923.648s][info][gc,marking  ] GC(3158) Concurrent Rebuild Remembered Sets
[2025-01-07T20:17:33.754+0000][85924.120s][info][gc,marking  ] GC(3158) Concurrent Rebuild Remembered Sets 471.910ms
[2025-01-07T20:17:33.754+0000][85924.120s][info][gc,start    ] GC(3158) Pause Cleanup
[2025-01-07T20:17:33.754+0000][85924.120s][info][gc          ] GC(3158) Pause Cleanup 3558M->3558M(12288M) 0.447ms
[2025-01-07T20:17:33.754+0000][85924.120s][info][gc,cpu      ] GC(3158) User=0.00s Sys=0.00s Real=0.00s
[2025-01-07T20:17:33.754+0000][85924.121s][info][gc,marking  ] GC(3158) Concurrent Cleanup for Next Mark
[2025-01-07T20:17:33.771+0000][85924.137s][info][gc,marking  ] GC(3158) Concurrent Cleanup for Next Mark 16.175ms
[2025-01-07T20:17:33.771+0000][85924.137s][info][gc          ] GC(3158) Concurrent Mark Cycle 1414.994ms
[2025-01-07T20:17:40.356+0000][85930.723s][info][gc,start    ] GC(3159) Pause Young (Prepare Mixed) (G1 Evacuation Pause)
[2025-01-07T20:17:40.356+0000][85930.723s][info][gc,task     ] GC(3159) Using 6 workers of 6 for evacuation
[2025-01-07T20:17:40.394+0000][85930.760s][info][gc,phases   ] GC(3159)   Pre Evacuate Collection Set: 0.2ms
[2025-01-07T20:17:40.394+0000][85930.760s][info][gc,phases   ] GC(3159)   Merge Heap Roots: 0.7ms
[2025-01-07T20:17:40.394+0000][85930.760s][info][gc,phases   ] GC(3159)   Evacuate Collection Set: 33.8ms
[2025-01-07T20:17:40.394+0000][85930.760s][info][gc,phases   ] GC(3159)   Post Evacuate Collection Set: 2.6ms
[2025-01-07T20:17:40.394+0000][85930.760s][info][gc,phases   ] GC(3159)   Other: 0.2ms
[2025-01-07T20:17:40.394+0000][85930.760s][info][gc,heap     ] GC(3159) Eden regions: 910->0(65)
[2025-01-07T20:17:40.394+0000][85930.760s][info][gc,heap     ] GC(3159) Survivor regions: 11->11(116)
[2025-01-07T20:17:40.394+0000][85930.760s][info][gc,heap     ] GC(3159) Old regions: 239->239
[2025-01-07T20:17:40.394+0000][85930.760s][info][gc,heap     ] GC(3159) Archive regions: 2->2
[2025-01-07T20:17:40.394+0000][85930.760s][info][gc,heap     ] GC(3159) Humongous regions: 49->49
[2025-01-07T20:17:40.394+0000][85930.760s][info][gc,metaspace] GC(3159) Metaspace: 498670K(506944K)->498670K(506944K) NonClass: 438104K(442368K)->438104K(442368K) Class: 60566K(64576K)->60566K(64576K)
[2025-01-07T20:17:40.394+0000][85930.760s][info][gc          ] GC(3159) Pause Young (Prepare Mixed) (G1 Evacuation Pause) 9670M->2393M(12288M) 37.577ms
[2025-01-07T20:17:40.394+0000][85930.760s][info][gc,cpu      ] GC(3159) User=0.22s Sys=0.00s Real=0.04s
[2025-01-07T20:17:40.734+0000][85931.100s][info][gc,start    ] GC(3160) Pause Young (Mixed) (G1 Evacuation Pause)
[2025-01-07T20:17:40.734+0000][85931.100s][info][gc,task     ] GC(3160) Using 6 workers of 6 for evacuation
[2025-01-07T20:17:40.794+0000][85931.160s][info][gc,phases   ] GC(3160)   Pre Evacuate Collection Set: 0.2ms
[2025-01-07T20:17:40.794+0000][85931.160s][info][gc,phases   ] GC(3160)   Merge Heap Roots: 0.6ms
[2025-01-07T20:17:40.794+0000][85931.160s][info][gc,phases   ] GC(3160)   Evacuate Collection Set: 55.7ms
[2025-01-07T20:17:40.794+0000][85931.160s][info][gc,phases   ] GC(3160)   Post Evacuate Collection Set: 3.3ms
[2025-01-07T20:17:40.794+0000][85931.160s][info][gc,phases   ] GC(3160)   Other: 0.2ms
[2025-01-07T20:17:40.794+0000][85931.160s][info][gc,heap     ] GC(3160) Eden regions: 65->0(915)
[2025-01-07T20:17:40.794+0000][85931.160s][info][gc,heap     ] GC(3160) Survivor regions: 11->6(10)
[2025-01-07T20:17:40.794+0000][85931.160s][info][gc,heap     ] GC(3160) Old regions: 239->240
[2025-01-07T20:17:40.794+0000][85931.160s][info][gc,heap     ] GC(3160) Archive regions: 2->2
[2025-01-07T20:17:40.794+0000][85931.160s][info][gc,heap     ] GC(3160) Humongous regions: 49->49
[2025-01-07T20:17:40.794+0000][85931.160s][info][gc,metaspace] GC(3160) Metaspace: 498670K(506944K)->498670K(506944K) NonClass: 438104K(442368K)->438104K(442368K) Class: 60566K(64576K)->60566K(64576K)
[2025-01-07T20:17:40.794+0000][85931.160s][info][gc          ] GC(3160) Pause Young (Mixed) (G1 Evacuation Pause) 2913M->2361M(12288M) 60.058ms
[2025-01-07T20:17:40.794+0000][85931.160s][info][gc,cpu      ] GC(3160) User=0.34s Sys=0.01s Real=0.06s
[2025-01-07T20:17:47.652+0000][85938.018s][info][gc,start    ] GC(3161) Pause Young (Normal) (G1 Evacuation Pause)
[2025-01-07T20:17:47.652+0000][85938.018s][info][gc,task     ] GC(3161) Using 6 workers of 6 for evacuation
[2025-01-07T20:17:47.683+0000][85938.049s][info][gc,phases   ] GC(3161)   Pre Evacuate Collection Set: 0.2ms
[2025-01-07T20:17:47.683+0000][85938.049s][info][gc,phases   ] GC(3161)   Merge Heap Roots: 0.4ms
[2025-01-07T20:17:47.683+0000][85938.049s][info][gc,phases   ] GC(3161)   Evacuate Collection Set: 27.7ms
[2025-01-07T20:17:47.683+0000][85938.049s][info][gc,phases   ] GC(3161)   Post Evacuate Collection Set: 2.6ms
[2025-01-07T20:17:47.683+0000][85938.049s][info][gc,phases   ] GC(3161)   Other: 0.2ms
[2025-01-07T20:17:47.683+0000][85938.049s][info][gc,heap     ] GC(3161) Eden regions: 915->0(913)
[2025-01-07T20:17:47.683+0000][85938.049s][info][gc,heap     ] GC(3161) Survivor regions: 6->8(116)
[2025-01-07T20:17:47.683+0000][85938.049s][info][gc,heap     ] GC(3161) Old regions: 240->240
[2025-01-07T20:17:47.683+0000][85938.049s][info][gc,heap     ] GC(3161) Archive regions: 2->2
[2025-01-07T20:17:47.683+0000][85938.049s][info][gc,heap     ] GC(3161) Humongous regions: 49->49
[2025-01-07T20:17:47.683+0000][85938.049s][info][gc,metaspace] GC(3161) Metaspace: 498670K(506944K)->498670K(506944K) NonClass: 438104K(442368K)->438104K(442368K) Class: 60566K(64576K)->60566K(64576K)
[2025-01-07T20:17:47.683+0000][85938.049s][info][gc          ] GC(3161) Pause Young (Normal) (G1 Evacuation Pause) 9681M->2371M(12288M) 31.189ms
[2025-01-07T20:17:47.683+0000][85938.049s][info][gc,cpu      ] GC(3161) User=0.19s Sys=0.00s Real=0.03s
[2025-01-07T20:17:57.465+0000][85947.831s][info][gc,start    ] GC(3162) Pause Young (Normal) (G1 Evacuation Pause)
[2025-01-07T20:17:57.465+0000][85947.831s][info][gc,task     ] GC(3162) Using 6 workers of 6 for evacuation
[2025-01-07T20:17:57.496+0000][85947.862s][info][gc,phases   ] GC(3162)   Pre Evacuate Collection Set: 0.2ms
[2025-01-07T20:17:57.496+0000][85947.862s][info][gc,phases   ] GC(3162)   Merge Heap Roots: 0.5ms
[2025-01-07T20:17:57.496+0000][85947.862s][info][gc,phases   ] GC(3162)   Evacuate Collection Set: 28.1ms
[2025-01-07T20:17:57.496+0000][85947.862s][info][gc,phases   ] GC(3162)   Post Evacuate Collection Set: 2.7ms
[2025-01-07T20:17:57.496+0000][85947.862s][info][gc,phases   ] GC(3162)   Other: 0.2ms
[2025-01-07T20:17:57.496+0000][85947.863s][info][gc,heap     ] GC(3162) Eden regions: 913->0(912)
[2025-01-07T20:17:57.496+0000][85947.863s][info][gc,heap     ] GC(3162) Survivor regions: 8->9(116)
[2025-01-07T20:17:57.496+0000][85947.863s][info][gc,heap     ] GC(3162) Old regions: 240->240
[2025-01-07T20:17:57.496+0000][85947.863s][info][gc,heap     ] GC(3162) Archive regions: 2->2
[2025-01-07T20:17:57.496+0000][85947.863s][info][gc,heap     ] GC(3162) Humongous regions: 49->49
[2025-01-07T20:17:57.496+0000][85947.863s][info][gc,metaspace] GC(3162) Metaspace: 498670K(506944K)->498670K(506944K) NonClass: 438104K(442368K)->438104K(442368K) Class: 60566K(64576K)->60566K(64576K)
[2025-01-07T20:17:57.496+0000][85947.863s][info][gc          ] GC(3162) Pause Young (Normal) (G1 Evacuation Pause) 9675M->2384M(12288M) 31.810ms
[2025-01-07T20:17:57.497+0000][85947.863s][info][gc,cpu      ] GC(3162) User=0.19s Sys=0.00s Real=0.03s
[2025-01-07T20:18:08.839+0000][85959.205s][info][gc,start    ] GC(3163) Pause Young (Concurrent Start) (G1 Evacuation Pause)
[2025-01-07T20:18:08.839+0000][85959.205s][info][gc,task     ] GC(3163) Using 6 workers of 6 for evacuation
[2025-01-07T20:18:08.876+0000][85959.242s][info][gc,phases   ] GC(3163)   Pre Evacuate Collection Set: 1.0ms
[2025-01-07T20:18:08.876+0000][85959.242s][info][gc,phases   ] GC(3163)   Merge Heap Roots: 0.5ms
[2025-01-07T20:18:08.876+0000][85959.242s][info][gc,phases   ] GC(3163)   Evacuate Collection Set: 32.5ms
[2025-01-07T20:18:08.876+0000][85959.242s][info][gc,phases   ] GC(3163)   Post Evacuate Collection Set: 2.8ms
[2025-01-07T20:18:08.876+0000][85959.242s][info][gc,phases   ] GC(3163)   Other: 0.3ms
[2025-01-07T20:18:08.876+0000][85959.242s][info][gc,heap     ] GC(3163) Eden regions: 912->0(911)
[2025-01-07T20:18:08.876+0000][85959.242s][info][gc,heap     ] GC(3163) Survivor regions: 9->10(116)
[2025-01-07T20:18:08.876+0000][85959.242s][info][gc,heap     ] GC(3163) Old regions: 240->240
[2025-01-07T20:18:08.876+0000][85959.242s][info][gc,heap     ] GC(3163) Archive regions: 2->2
[2025-01-07T20:18:08.876+0000][85959.242s][info][gc,heap     ] GC(3163) Humongous regions: 49->49
[2025-01-07T20:18:08.876+0000][85959.242s][info][gc,metaspace] GC(3163) Metaspace: 498670K(506944K)->498670K(506944K) NonClass: 438104K(442368K)->438104K(442368K) Class: 60566K(64576K)->60566K(64576K)
[2025-01-07T20:18:08.876+0000][85959.242s][info][gc          ] GC(3163) Pause Young (Concurrent Start) (G1 Evacuation Pause) 9680M->2393M(12288M) 37.079ms
[2025-01-07T20:18:08.876+0000][85959.242s][info][gc,cpu      ] GC(3163) User=0.21s Sys=0.00s Real=0.04s
[2025-01-07T20:18:08.876+0000][85959.242s][info][gc          ] GC(3164) Concurrent Mark Cycle
[2025-01-07T20:18:08.876+0000][85959.242s][info][gc,marking  ] GC(3164) Concurrent Clear Claimed Marks
[2025-01-07T20:18:08.877+0000][85959.243s][info][gc,marking  ] GC(3164) Concurrent Clear Claimed Marks 0.808ms
[2025-01-07T20:18:08.877+0000][85959.243s][info][gc,marking  ] GC(3164) Concurrent Scan Root Regions
[2025-01-07T20:18:08.906+0000][85959.272s][info][gc,marking  ] GC(3164) Concurrent Scan Root Regions 29.248ms
[2025-01-07T20:18:08.906+0000][85959.272s][info][gc,marking  ] GC(3164) Concurrent Mark
[2025-01-07T20:18:08.906+0000][85959.272s][info][gc,marking  ] GC(3164) Concurrent Mark From Roots
[2025-01-07T20:18:08.906+0000][85959.272s][info][gc,task     ] GC(3164) Using 2 workers of 2 for marking
[2025-01-07T20:18:09.653+0000][85960.019s][info][gc,marking  ] GC(3164) Concurrent Mark From Roots 746.642ms
[2025-01-07T20:18:09.653+0000][85960.019s][info][gc,marking  ] GC(3164) Concurrent Preclean
[2025-01-07T20:18:09.655+0000][85960.021s][info][gc,marking  ] GC(3164) Concurrent Preclean 1.990ms
[2025-01-07T20:18:09.655+0000][85960.021s][info][gc,start    ] GC(3164) Pause Remark
[2025-01-07T20:18:09.681+0000][85960.047s][info][gc          ] GC(3164) Pause Remark 2965M->2965M(12288M) 25.569ms
[2025-01-07T20:18:09.681+0000][85960.047s][info][gc,cpu      ] GC(3164) User=0.15s Sys=0.00s Real=0.02s
[2025-01-07T20:18:09.681+0000][85960.047s][info][gc,marking  ] GC(3164) Concurrent Mark 774.570ms
[2025-01-07T20:18:09.681+0000][85960.047s][info][gc,marking  ] GC(3164) Concurrent Rebuild Remembered Sets
[2025-01-07T20:18:10.159+0000][85960.525s][info][gc,marking  ] GC(3164) Concurrent Rebuild Remembered Sets 478.470ms
[2025-01-07T20:18:10.160+0000][85960.526s][info][gc,start    ] GC(3164) Pause Cleanup
[2025-01-07T20:18:10.160+0000][85960.526s][info][gc          ] GC(3164) Pause Cleanup 3337M->3337M(12288M) 0.456ms
[2025-01-07T20:18:10.160+0000][85960.526s][info][gc,cpu      ] GC(3164) User=0.01s Sys=0.00s Real=0.00s
[2025-01-07T20:18:10.160+0000][85960.526s][info][gc,marking  ] GC(3164) Concurrent Cleanup for Next Mark
[2025-01-07T20:18:10.176+0000][85960.542s][info][gc,marking  ] GC(3164) Concurrent Cleanup for Next Mark 15.477ms
[2025-01-07T20:18:10.176+0000][85960.542s][info][gc          ] GC(3164) Concurrent Mark Cycle 1299.548ms
[2025-01-07T20:18:17.771+0000][85968.137s][info][gc,start    ] GC(3165) Pause Young (Prepare Mixed) (G1 Evacuation Pause)
[2025-01-07T20:18:17.771+0000][85968.137s][info][gc,task     ] GC(3165) Using 6 workers of 6 for evacuation
[2025-01-07T20:18:17.809+0000][85968.175s][info][gc,phases   ] GC(3165)   Pre Evacuate Collection Set: 0.2ms
[2025-01-07T20:18:17.809+0000][85968.175s][info][gc,phases   ] GC(3165)   Merge Heap Roots: 0.7ms
[2025-01-07T20:18:17.809+0000][85968.175s][info][gc,phases   ] GC(3165)   Evacuate Collection Set: 34.2ms
[2025-01-07T20:18:17.809+0000][85968.175s][info][gc,phases   ] GC(3165)   Post Evacuate Collection Set: 2.7ms
[2025-01-07T20:18:17.809+0000][85968.175s][info][gc,phases   ] GC(3165)   Other: 0.2ms
[2025-01-07T20:18:17.809+0000][85968.175s][info][gc,heap     ] GC(3165) Eden regions: 911->0(64)
[2025-01-07T20:18:17.809+0000][85968.175s][info][gc,heap     ] GC(3165) Survivor regions: 10->12(116)
[2025-01-07T20:18:17.809+0000][85968.175s][info][gc,heap     ] GC(3165) Old regions: 240->240
[2025-01-07T20:18:17.809+0000][85968.175s][info][gc,heap     ] GC(3165) Archive regions: 2->2
[2025-01-07T20:18:17.809+0000][85968.175s][info][gc,heap     ] GC(3165) Humongous regions: 49->49
[2025-01-07T20:18:17.809+0000][85968.175s][info][gc,metaspace] GC(3165) Metaspace: 498670K(506944K)->498670K(506944K) NonClass: 438104K(442368K)->438104K(442368K) Class: 60566K(64576K)->60566K(64576K)
[2025-01-07T20:18:17.809+0000][85968.175s][info][gc          ] GC(3165) Pause Young (Prepare Mixed) (G1 Evacuation Pause) 9681M->2404M(12288M) 38.063ms
[2025-01-07T20:18:17.809+0000][85968.175s][info][gc,cpu      ] GC(3165) User=0.22s Sys=0.00s Real=0.03s
[2025-01-07T20:18:18.247+0000][85968.613s][info][gc,start    ] GC(3166) Pause Young (Mixed) (G1 Evacuation Pause)
[2025-01-07T20:18:18.247+0000][85968.613s][info][gc,task     ] GC(3166) Using 6 workers of 6 for evacuation
[2025-01-07T20:18:18.311+0000][85968.677s][info][gc,phases   ] GC(3166)   Pre Evacuate Collection Set: 0.2ms
[2025-01-07T20:18:18.311+0000][85968.677s][info][gc,phases   ] GC(3166)   Merge Heap Roots: 0.6ms
[2025-01-07T20:18:18.311+0000][85968.677s][info][gc,phases   ] GC(3166)   Evacuate Collection Set: 61.5ms
[2025-01-07T20:18:18.311+0000][85968.677s][info][gc,phases   ] GC(3166)   Post Evacuate Collection Set: 1.8ms
[2025-01-07T20:18:18.311+0000][85968.677s][info][gc,phases   ] GC(3166)   Other: 0.2ms
[2025-01-07T20:18:18.311+0000][85968.677s][info][gc,heap     ] GC(3166) Eden regions: 64->0(915)
[2025-01-07T20:18:18.311+0000][85968.677s][info][gc,heap     ] GC(3166) Survivor regions: 12->6(10)
[2025-01-07T20:18:18.311+0000][85968.677s][info][gc,heap     ] GC(3166) Old regions: 240->241
[2025-01-07T20:18:18.311+0000][85968.677s][info][gc,heap     ] GC(3166) Archive regions: 2->2
[2025-01-07T20:18:18.311+0000][85968.677s][info][gc,heap     ] GC(3166) Humongous regions: 49->49
[2025-01-07T20:18:18.311+0000][85968.677s][info][gc,metaspace] GC(3166) Metaspace: 498670K(506944K)->498670K(506944K) NonClass: 438104K(442368K)->438104K(442368K) Class: 60566K(64576K)->60566K(64576K)
[2025-01-07T20:18:18.311+0000][85968.677s][info][gc          ] GC(3166) Pause Young (Mixed) (G1 Evacuation Pause) 2916M->2369M(12288M) 64.325ms
[2025-01-07T20:18:18.311+0000][85968.677s][info][gc,cpu      ] GC(3166) User=0.37s Sys=0.00s Real=0.07s
[2025-01-07T20:18:26.747+0000][85977.113s][info][gc,start    ] GC(3167) Pause Young (Normal) (G1 Evacuation Pause)
[2025-01-07T20:18:26.747+0000][85977.113s][info][gc,task     ] GC(3167) Using 6 workers of 6 for evacuation
[2025-01-07T20:18:26.777+0000][85977.143s][info][gc,phases   ] GC(3167)   Pre Evacuate Collection Set: 0.2ms
[2025-01-07T20:18:26.777+0000][85977.143s][info][gc,phases   ] GC(3167)   Merge Heap Roots: 0.4ms
[2025-01-07T20:18:26.777+0000][85977.143s][info][gc,phases   ] GC(3167)   Evacuate Collection Set: 24.0ms
[2025-01-07T20:18:26.777+0000][85977.143s][info][gc,phases   ] GC(3167)   Post Evacuate Collection Set: 5.3ms
[2025-01-07T20:18:26.777+0000][85977.143s][info][gc,phases   ] GC(3167)   Other: 0.2ms
[2025-01-07T20:18:26.777+0000][85977.143s][info][gc,heap     ] GC(3167) Eden regions: 915->0(912)
[2025-01-07T20:18:26.777+0000][85977.143s][info][gc,heap     ] GC(3167) Survivor regions: 6->8(116)
[2025-01-07T20:18:26.777+0000][85977.143s][info][gc,heap     ] GC(3167) Old regions: 241->241
[2025-01-07T20:18:26.777+0000][85977.143s][info][gc,heap     ] GC(3167) Archive regions: 2->2
[2025-01-07T20:18:26.777+0000][85977.143s][info][gc,heap     ] GC(3167) Humongous regions: 49->49
[2025-01-07T20:18:26.777+0000][85977.143s][info][gc,metaspace] GC(3167) Metaspace: 498670K(506944K)->498670K(506944K) NonClass: 438104K(442368K)->438104K(442368K) Class: 60566K(64576K)->60566K(64576K)
[2025-01-07T20:18:26.777+0000][85977.143s][info][gc          ] GC(3167) Pause Young (Normal) (G1 Evacuation Pause) 9689M->2386M(12288M) 30.307ms
[2025-01-07T20:18:26.777+0000][85977.143s][info][gc,cpu      ] GC(3167) User=0.18s Sys=0.00s Real=0.03s
[2025-01-07T20:18:36.111+0000][85986.477s][info][gc,start    ] GC(3168) Pause Young (Normal) (G1 Evacuation Pause)
[2025-01-07T20:18:36.111+0000][85986.477s][info][gc,task     ] GC(3168) Using 6 workers of 6 for evacuation
[2025-01-07T20:18:36.141+0000][85986.507s][info][gc,phases   ] GC(3168)   Pre Evacuate Collection Set: 0.2ms
[2025-01-07T20:18:36.141+0000][85986.507s][info][gc,phases   ] GC(3168)   Merge Heap Roots: 0.4ms
[2025-01-07T20:18:36.141+0000][85986.507s][info][gc,phases   ] GC(3168)   Evacuate Collection Set: 24.7ms
[2025-01-07T20:18:36.141+0000][85986.507s][info][gc,phases   ] GC(3168)   Post Evacuate Collection Set: 4.3ms
[2025-01-07T20:18:36.141+0000][85986.507s][info][gc,phases   ] GC(3168)   Other: 0.2ms
[2025-01-07T20:18:36.141+0000][85986.507s][info][gc,heap     ] GC(3168) Eden regions: 912->0(911)
[2025-01-07T20:18:36.141+0000][85986.507s][info][gc,heap     ] GC(3168) Survivor regions: 8->9(115)
[2025-01-07T20:18:36.141+0000][85986.507s][info][gc,heap     ] GC(3168) Old regions: 241->241
[2025-01-07T20:18:36.141+0000][85986.507s][info][gc,heap     ] GC(3168) Archive regions: 2->2
[2025-01-07T20:18:36.141+0000][85986.507s][info][gc,heap     ] GC(3168) Humongous regions: 49->49
[2025-01-07T20:18:36.141+0000][85986.507s][info][gc,metaspace] GC(3168) Metaspace: 498670K(506944K)->498670K(506944K) NonClass: 438104K(442368K)->438104K(442368K) Class: 60566K(64576K)->60566K(64576K)
[2025-01-07T20:18:36.141+0000][85986.507s][info][gc          ] GC(3168) Pause Young (Normal) (G1 Evacuation Pause) 9682M->2395M(12288M) 29.993ms
[2025-01-07T20:18:36.141+0000][85986.507s][info][gc,cpu      ] GC(3168) User=0.17s Sys=0.00s Real=0.02s
[2025-01-07T20:18:46.312+0000][85996.678s][info][gc,start    ] GC(3169) Pause Young (Concurrent Start) (G1 Evacuation Pause)
[2025-01-07T20:18:46.312+0000][85996.678s][info][gc,task     ] GC(3169) Using 6 workers of 6 for evacuation
[2025-01-07T20:18:46.345+0000][85996.711s][info][gc,phases   ] GC(3169)   Pre Evacuate Collection Set: 1.0ms
[2025-01-07T20:18:46.345+0000][85996.711s][info][gc,phases   ] GC(3169)   Merge Heap Roots: 0.5ms
[2025-01-07T20:18:46.345+0000][85996.711s][info][gc,phases   ] GC(3169)   Evacuate Collection Set: 28.8ms
[2025-01-07T20:18:46.345+0000][85996.711s][info][gc,phases   ] GC(3169)   Post Evacuate Collection Set: 2.6ms
[2025-01-07T20:18:46.345+0000][85996.711s][info][gc,phases   ] GC(3169)   Other: 0.3ms
[2025-01-07T20:18:46.345+0000][85996.711s][info][gc,heap     ] GC(3169) Eden regions: 911->0(910)
[2025-01-07T20:18:46.345+0000][85996.711s][info][gc,heap     ] GC(3169) Survivor regions: 9->10(115)
[2025-01-07T20:18:46.345+0000][85996.711s][info][gc,heap     ] GC(3169) Old regions: 241->241
[2025-01-07T20:18:46.345+0000][85996.711s][info][gc,heap     ] GC(3169) Archive regions: 2->2
[2025-01-07T20:18:46.345+0000][85996.711s][info][gc,heap     ] GC(3169) Humongous regions: 49->49
[2025-01-07T20:18:46.345+0000][85996.711s][info][gc,metaspace] GC(3169) Metaspace: 498670K(506944K)->498670K(506944K) NonClass: 438104K(442368K)->438104K(442368K) Class: 60566K(64576K)->60566K(64576K)
[2025-01-07T20:18:46.345+0000][85996.711s][info][gc          ] GC(3169) Pause Young (Concurrent Start) (G1 Evacuation Pause) 9683M->2398M(12288M) 33.221ms
[2025-01-07T20:18:46.345+0000][85996.711s][info][gc,cpu      ] GC(3169) User=0.19s Sys=0.00s Real=0.03s
[2025-01-07T20:18:46.345+0000][85996.711s][info][gc          ] GC(3170) Concurrent Mark Cycle
[2025-01-07T20:18:46.345+0000][85996.711s][info][gc,marking  ] GC(3170) Concurrent Clear Claimed Marks
[2025-01-07T20:18:46.346+0000][85996.712s][info][gc,marking  ] GC(3170) Concurrent Clear Claimed Marks 0.810ms
[2025-01-07T20:18:46.346+0000][85996.712s][info][gc,marking  ] GC(3170) Concurrent Scan Root Regions
[2025-01-07T20:18:46.374+0000][85996.740s][info][gc,marking  ] GC(3170) Concurrent Scan Root Regions 27.585ms
[2025-01-07T20:18:46.374+0000][85996.740s][info][gc,marking  ] GC(3170) Concurrent Mark
[2025-01-07T20:18:46.374+0000][85996.740s][info][gc,marking  ] GC(3170) Concurrent Mark From Roots
[2025-01-07T20:18:46.374+0000][85996.740s][info][gc,task     ] GC(3170) Using 2 workers of 2 for marking
[2025-01-07T20:18:47.198+0000][85997.564s][info][gc,marking  ] GC(3170) Concurrent Mark From Roots 823.980ms
[2025-01-07T20:18:47.198+0000][85997.564s][info][gc,marking  ] GC(3170) Concurrent Preclean
[2025-01-07T20:18:47.200+0000][85997.566s][info][gc,marking  ] GC(3170) Concurrent Preclean 1.937ms
[2025-01-07T20:18:47.200+0000][85997.566s][info][gc,start    ] GC(3170) Pause Remark
[2025-01-07T20:18:47.225+0000][85997.591s][info][gc          ] GC(3170) Pause Remark 3026M->3026M(12288M) 25.283ms
[2025-01-07T20:18:47.225+0000][85997.591s][info][gc,cpu      ] GC(3170) User=0.15s Sys=0.00s Real=0.03s
[2025-01-07T20:18:47.225+0000][85997.591s][info][gc,marking  ] GC(3170) Concurrent Mark 851.531ms
[2025-01-07T20:18:47.225+0000][85997.591s][info][gc,marking  ] GC(3170) Concurrent Rebuild Remembered Sets
[2025-01-07T20:18:47.799+0000][85998.165s][info][gc,marking  ] GC(3170) Concurrent Rebuild Remembered Sets 573.851ms
[2025-01-07T20:18:47.799+0000][85998.165s][info][gc,start    ] GC(3170) Pause Cleanup
[2025-01-07T20:18:47.800+0000][85998.166s][info][gc          ] GC(3170) Pause Cleanup 3506M->3506M(12288M) 0.441ms
[2025-01-07T20:18:47.800+0000][85998.166s][info][gc,cpu      ] GC(3170) User=0.00s Sys=0.00s Real=0.00s
[2025-01-07T20:18:47.800+0000][85998.166s][info][gc,marking  ] GC(3170) Concurrent Cleanup for Next Mark
[2025-01-07T20:18:47.816+0000][85998.182s][info][gc,marking  ] GC(3170) Concurrent Cleanup for Next Mark 16.395ms
[2025-01-07T20:18:47.816+0000][85998.182s][info][gc          ] GC(3170) Concurrent Mark Cycle 1471.055ms
[2025-01-07T20:18:53.951+0000][86004.317s][info][gc,start    ] GC(3171) Pause Young (Prepare Mixed) (G1 Evacuation Pause)
[2025-01-07T20:18:53.951+0000][86004.317s][info][gc,task     ] GC(3171) Using 6 workers of 6 for evacuation
[2025-01-07T20:18:53.986+0000][86004.353s][info][gc,phases   ] GC(3171)   Pre Evacuate Collection Set: 0.2ms
[2025-01-07T20:18:53.986+0000][86004.353s][info][gc,phases   ] GC(3171)   Merge Heap Roots: 0.7ms
[2025-01-07T20:18:53.986+0000][86004.353s][info][gc,phases   ] GC(3171)   Evacuate Collection Set: 31.7ms
[2025-01-07T20:18:53.986+0000][86004.353s][info][gc,phases   ] GC(3171)   Post Evacuate Collection Set: 2.8ms
[2025-01-07T20:18:53.986+0000][86004.353s][info][gc,phases   ] GC(3171)   Other: 0.2ms
[2025-01-07T20:18:53.987+0000][86004.353s][info][gc,heap     ] GC(3171) Eden regions: 910->0(64)
[2025-01-07T20:18:53.987+0000][86004.353s][info][gc,heap     ] GC(3171) Survivor regions: 10->12(115)
[2025-01-07T20:18:53.987+0000][86004.353s][info][gc,heap     ] GC(3171) Old regions: 241->241
[2025-01-07T20:18:53.987+0000][86004.353s][info][gc,heap     ] GC(3171) Archive regions: 2->2
[2025-01-07T20:18:53.987+0000][86004.353s][info][gc,heap     ] GC(3171) Humongous regions: 49->49
[2025-01-07T20:18:53.987+0000][86004.353s][info][gc,metaspace] GC(3171) Metaspace: 498670K(506944K)->498670K(506944K) NonClass: 438104K(442368K)->438104K(442368K) Class: 60566K(64576K)->60566K(64576K)
[2025-01-07T20:18:53.987+0000][86004.353s][info][gc          ] GC(3171) Pause Young (Prepare Mixed) (G1 Evacuation Pause) 9678M->2414M(12288M) 35.684ms
[2025-01-07T20:18:53.987+0000][86004.353s][info][gc,cpu      ] GC(3171) User=0.21s Sys=0.00s Real=0.03s
[2025-01-07T20:18:54.393+0000][86004.759s][info][gc,start    ] GC(3172) Pause Young (Mixed) (G1 Evacuation Pause)
[2025-01-07T20:18:54.393+0000][86004.759s][info][gc,task     ] GC(3172) Using 6 workers of 6 for evacuation
[2025-01-07T20:18:54.458+0000][86004.824s][info][gc,phases   ] GC(3172)   Pre Evacuate Collection Set: 0.2ms
[2025-01-07T20:18:54.458+0000][86004.824s][info][gc,phases   ] GC(3172)   Merge Heap Roots: 0.7ms
[2025-01-07T20:18:54.458+0000][86004.824s][info][gc,phases   ] GC(3172)   Evacuate Collection Set: 62.3ms
[2025-01-07T20:18:54.458+0000][86004.824s][info][gc,phases   ] GC(3172)   Post Evacuate Collection Set: 1.6ms
[2025-01-07T20:18:54.458+0000][86004.824s][info][gc,phases   ] GC(3172)   Other: 0.2ms
[2025-01-07T20:18:54.458+0000][86004.824s][info][gc,heap     ] GC(3172) Eden regions: 64->0(914)
[2025-01-07T20:18:54.458+0000][86004.824s][info][gc,heap     ] GC(3172) Survivor regions: 12->6(10)
[2025-01-07T20:18:54.458+0000][86004.824s][info][gc,heap     ] GC(3172) Old regions: 241->242
[2025-01-07T20:18:54.458+0000][86004.824s][info][gc,heap     ] GC(3172) Archive regions: 2->2
[2025-01-07T20:18:54.458+0000][86004.824s][info][gc,heap     ] GC(3172) Humongous regions: 49->49
[2025-01-07T20:18:54.458+0000][86004.824s][info][gc,metaspace] GC(3172) Metaspace: 498670K(506944K)->498670K(506944K) NonClass: 438104K(442368K)->438104K(442368K) Class: 60566K(64576K)->60566K(64576K)
[2025-01-07T20:18:54.458+0000][86004.824s][info][gc          ] GC(3172) Pause Young (Mixed) (G1 Evacuation Pause) 2926M->2371M(12288M) 65.145ms
[2025-01-07T20:18:54.458+0000][86004.824s][info][gc,cpu      ] GC(3172) User=0.38s Sys=0.00s Real=0.06s
[2025-01-07T20:18:59.555+0000][86009.921s][info][gc,start    ] GC(3173) Pause Young (Normal) (G1 Evacuation Pause)
[2025-01-07T20:18:59.555+0000][86009.921s][info][gc,task     ] GC(3173) Using 6 workers of 6 for evacuation
[2025-01-07T20:18:59.579+0000][86009.945s][info][gc,phases   ] GC(3173)   Pre Evacuate Collection Set: 0.2ms
[2025-01-07T20:18:59.579+0000][86009.945s][info][gc,phases   ] GC(3173)   Merge Heap Roots: 0.4ms
[2025-01-07T20:18:59.579+0000][86009.945s][info][gc,phases   ] GC(3173)   Evacuate Collection Set: 21.2ms
[2025-01-07T20:18:59.579+0000][86009.945s][info][gc,phases   ] GC(3173)   Post Evacuate Collection Set: 2.4ms
[2025-01-07T20:18:59.579+0000][86009.945s][info][gc,phases   ] GC(3173)   Other: 0.2ms
[2025-01-07T20:18:59.579+0000][86009.945s][info][gc,heap     ] GC(3173) Eden regions: 914->0(914)
[2025-01-07T20:18:59.579+0000][86009.945s][info][gc,heap     ] GC(3173) Survivor regions: 6->7(115)
[2025-01-07T20:18:59.579+0000][86009.945s][info][gc,heap     ] GC(3173) Old regions: 242->242
[2025-01-07T20:18:59.579+0000][86009.945s][info][gc,heap     ] GC(3173) Archive regions: 2->2
[2025-01-07T20:18:59.579+0000][86009.945s][info][gc,heap     ] GC(3173) Humongous regions: 49->49
[2025-01-07T20:18:59.579+0000][86009.945s][info][gc,metaspace] GC(3173) Metaspace: 498670K(506944K)->498670K(506944K) NonClass: 438104K(442368K)->438104K(442368K) Class: 60566K(64576K)->60566K(64576K)
[2025-01-07T20:18:59.579+0000][86009.945s][info][gc          ] GC(3173) Pause Young (Normal) (G1 Evacuation Pause) 9683M->2382M(12288M) 24.516ms
[2025-01-07T20:18:59.579+0000][86009.945s][info][gc,cpu      ] GC(3173) User=0.14s Sys=0.00s Real=0.02s
[2025-01-07T20:19:08.931+0000][86019.297s][info][gc,start    ] GC(3174) Pause Young (Normal) (G1 Evacuation Pause)
[2025-01-07T20:19:08.931+0000][86019.298s][info][gc,task     ] GC(3174) Using 6 workers of 6 for evacuation
[2025-01-07T20:19:08.960+0000][86019.326s][info][gc,phases   ] GC(3174)   Pre Evacuate Collection Set: 0.2ms
[2025-01-07T20:19:08.960+0000][86019.326s][info][gc,phases   ] GC(3174)   Merge Heap Roots: 0.4ms
[2025-01-07T20:19:08.960+0000][86019.326s][info][gc,phases   ] GC(3174)   Evacuate Collection Set: 25.5ms
[2025-01-07T20:19:08.960+0000][86019.326s][info][gc,phases   ] GC(3174)   Post Evacuate Collection Set: 2.5ms
[2025-01-07T20:19:08.960+0000][86019.326s][info][gc,phases   ] GC(3174)   Other: 0.2ms
[2025-01-07T20:19:08.960+0000][86019.326s][info][gc,heap     ] GC(3174) Eden regions: 914->0(912)
[2025-01-07T20:19:08.960+0000][86019.326s][info][gc,heap     ] GC(3174) Survivor regions: 7->9(116)
[2025-01-07T20:19:08.960+0000][86019.326s][info][gc,heap     ] GC(3174) Old regions: 242->242
[2025-01-07T20:19:08.960+0000][86019.326s][info][gc,heap     ] GC(3174) Archive regions: 2->2
[2025-01-07T20:19:08.960+0000][86019.326s][info][gc,heap     ] GC(3174) Humongous regions: 49->49
[2025-01-07T20:19:08.960+0000][86019.326s][info][gc,metaspace] GC(3174) Metaspace: 498670K(506944K)->498670K(506944K) NonClass: 438104K(442368K)->438104K(442368K) Class: 60566K(64576K)->60566K(64576K)
[2025-01-07T20:19:08.960+0000][86019.326s][info][gc          ] GC(3174) Pause Young (Normal) (G1 Evacuation Pause) 9694M->2397M(12288M) 28.937ms
[2025-01-07T20:19:08.960+0000][86019.326s][info][gc,cpu      ] GC(3174) User=0.17s Sys=0.00s Real=0.02s
[2025-01-07T20:19:17.542+0000][86027.908s][info][gc,start    ] GC(3175) Pause Young (Concurrent Start) (G1 Evacuation Pause)
[2025-01-07T20:19:17.542+0000][86027.908s][info][gc,task     ] GC(3175) Using 6 workers of 6 for evacuation
[2025-01-07T20:19:17.578+0000][86027.944s][info][gc,phases   ] GC(3175)   Pre Evacuate Collection Set: 1.0ms
[2025-01-07T20:19:17.578+0000][86027.944s][info][gc,phases   ] GC(3175)   Merge Heap Roots: 0.4ms
[2025-01-07T20:19:17.578+0000][86027.944s][info][gc,phases   ] GC(3175)   Evacuate Collection Set: 29.0ms
[2025-01-07T20:19:17.578+0000][86027.944s][info][gc,phases   ] GC(3175)   Post Evacuate Collection Set: 5.3ms
[2025-01-07T20:19:17.578+0000][86027.944s][info][gc,phases   ] GC(3175)   Other: 0.3ms
[2025-01-07T20:19:17.578+0000][86027.944s][info][gc,heap     ] GC(3175) Eden regions: 912->0(909)
[2025-01-07T20:19:17.578+0000][86027.944s][info][gc,heap     ] GC(3175) Survivor regions: 9->11(116)
[2025-01-07T20:19:17.578+0000][86027.944s][info][gc,heap     ] GC(3175) Old regions: 242->242
[2025-01-07T20:19:17.578+0000][86027.944s][info][gc,heap     ] GC(3175) Archive regions: 2->2
[2025-01-07T20:19:17.578+0000][86027.944s][info][gc,heap     ] GC(3175) Humongous regions: 49->49
[2025-01-07T20:19:17.578+0000][86027.944s][info][gc,metaspace] GC(3175) Metaspace: 498670K(506944K)->498670K(506944K) NonClass: 438104K(442368K)->438104K(442368K) Class: 60566K(64576K)->60566K(64576K)
[2025-01-07T20:19:17.578+0000][86027.944s][info][gc          ] GC(3175) Pause Young (Concurrent Start) (G1 Evacuation Pause) 9693M->2419M(12288M) 36.057ms
[2025-01-07T20:19:17.578+0000][86027.944s][info][gc,cpu      ] GC(3175) User=0.21s Sys=0.00s Real=0.03s
[2025-01-07T20:19:17.578+0000][86027.944s][info][gc          ] GC(3176) Concurrent Mark Cycle
[2025-01-07T20:19:17.578+0000][86027.944s][info][gc,marking  ] GC(3176) Concurrent Clear Claimed Marks
[2025-01-07T20:19:17.579+0000][86027.945s][info][gc,marking  ] GC(3176) Concurrent Clear Claimed Marks 0.772ms
[2025-01-07T20:19:17.579+0000][86027.945s][info][gc,marking  ] GC(3176) Concurrent Scan Root Regions
[2025-01-07T20:19:17.610+0000][86027.976s][info][gc,marking  ] GC(3176) Concurrent Scan Root Regions 30.915ms
[2025-01-07T20:19:17.610+0000][86027.976s][info][gc,marking  ] GC(3176) Concurrent Mark
[2025-01-07T20:19:17.610+0000][86027.976s][info][gc,marking  ] GC(3176) Concurrent Mark From Roots
[2025-01-07T20:19:17.610+0000][86027.976s][info][gc,task     ] GC(3176) Using 2 workers of 2 for marking
[2025-01-07T20:19:18.498+0000][86028.864s][info][gc,marking  ] GC(3176) Concurrent Mark From Roots 888.007ms
[2025-01-07T20:19:18.498+0000][86028.864s][info][gc,marking  ] GC(3176) Concurrent Preclean
[2025-01-07T20:19:18.500+0000][86028.866s][info][gc,marking  ] GC(3176) Concurrent Preclean 1.930ms
[2025-01-07T20:19:18.500+0000][86028.866s][info][gc,start    ] GC(3176) Pause Remark
[2025-01-07T20:19:18.526+0000][86028.892s][info][gc          ] GC(3176) Pause Remark 3175M->3175M(12288M) 25.884ms
[2025-01-07T20:19:18.526+0000][86028.892s][info][gc,cpu      ] GC(3176) User=0.15s Sys=0.00s Real=0.03s
[2025-01-07T20:19:18.526+0000][86028.892s][info][gc,marking  ] GC(3176) Concurrent Mark 916.166ms
[2025-01-07T20:19:18.526+0000][86028.892s][info][gc,marking  ] GC(3176) Concurrent Rebuild Remembered Sets
[2025-01-07T20:19:19.008+0000][86029.374s][info][gc,marking  ] GC(3176) Concurrent Rebuild Remembered Sets 481.729ms
[2025-01-07T20:19:19.008+0000][86029.374s][info][gc,start    ] GC(3176) Pause Cleanup
[2025-01-07T20:19:19.008+0000][86029.374s][info][gc          ] GC(3176) Pause Cleanup 3603M->3603M(12288M) 0.412ms
[2025-01-07T20:19:19.008+0000][86029.375s][info][gc,cpu      ] GC(3176) User=0.00s Sys=0.00s Real=0.00s
[2025-01-07T20:19:19.008+0000][86029.375s][info][gc,marking  ] GC(3176) Concurrent Cleanup for Next Mark
[2025-01-07T20:19:19.024+0000][86029.390s][info][gc,marking  ] GC(3176) Concurrent Cleanup for Next Mark 15.446ms
[2025-01-07T20:19:19.024+0000][86029.390s][info][gc          ] GC(3176) Concurrent Mark Cycle 1445.850ms
[2025-01-07T20:19:25.483+0000][86035.849s][info][gc,start    ] GC(3177) Pause Young (Prepare Mixed) (G1 Evacuation Pause)
[2025-01-07T20:19:25.483+0000][86035.849s][info][gc,task     ] GC(3177) Using 6 workers of 6 for evacuation
[2025-01-07T20:19:25.523+0000][86035.889s][info][gc,phases   ] GC(3177)   Pre Evacuate Collection Set: 0.2ms
[2025-01-07T20:19:25.523+0000][86035.889s][info][gc,phases   ] GC(3177)   Merge Heap Roots: 0.7ms
[2025-01-07T20:19:25.523+0000][86035.889s][info][gc,phases   ] GC(3177)   Evacuate Collection Set: 36.5ms
[2025-01-07T20:19:25.523+0000][86035.889s][info][gc,phases   ] GC(3177)   Post Evacuate Collection Set: 2.7ms
[2025-01-07T20:19:25.523+0000][86035.889s][info][gc,phases   ] GC(3177)   Other: 0.2ms
[2025-01-07T20:19:25.523+0000][86035.889s][info][gc,heap     ] GC(3177) Eden regions: 909->0(65)
[2025-01-07T20:19:25.523+0000][86035.889s][info][gc,heap     ] GC(3177) Survivor regions: 11->11(115)
[2025-01-07T20:19:25.523+0000][86035.889s][info][gc,heap     ] GC(3177) Old regions: 242->242
[2025-01-07T20:19:25.523+0000][86035.889s][info][gc,heap     ] GC(3177) Archive regions: 2->2
[2025-01-07T20:19:25.523+0000][86035.889s][info][gc,heap     ] GC(3177) Humongous regions: 49->49
[2025-01-07T20:19:25.523+0000][86035.889s][info][gc,metaspace] GC(3177) Metaspace: 498670K(506944K)->498670K(506944K) NonClass: 438104K(442368K)->438104K(442368K) Class: 60566K(64576K)->60566K(64576K)
[2025-01-07T20:19:25.523+0000][86035.889s][info][gc          ] GC(3177) Pause Young (Prepare Mixed) (G1 Evacuation Pause) 9691M->2419M(12288M) 40.424ms
[2025-01-07T20:19:25.523+0000][86035.889s][info][gc,cpu      ] GC(3177) User=0.24s Sys=0.00s Real=0.04s
[2025-01-07T20:19:26.582+0000][86036.948s][info][gc,start    ] GC(3178) Pause Young (Mixed) (G1 Evacuation Pause)
[2025-01-07T20:19:26.582+0000][86036.948s][info][gc,task     ] GC(3178) Using 6 workers of 6 for evacuation
[2025-01-07T20:19:26.658+0000][86037.024s][info][gc,phases   ] GC(3178)   Pre Evacuate Collection Set: 0.2ms
[2025-01-07T20:19:26.658+0000][86037.024s][info][gc,phases   ] GC(3178)   Merge Heap Roots: 0.8ms
[2025-01-07T20:19:26.658+0000][86037.024s][info][gc,phases   ] GC(3178)   Evacuate Collection Set: 72.8ms
[2025-01-07T20:19:26.658+0000][86037.024s][info][gc,phases   ] GC(3178)   Post Evacuate Collection Set: 2.0ms
[2025-01-07T20:19:26.658+0000][86037.024s][info][gc,phases   ] GC(3178)   Other: 0.2ms
[2025-01-07T20:19:26.658+0000][86037.024s][info][gc,heap     ] GC(3178) Eden regions: 65->0(911)
[2025-01-07T20:19:26.658+0000][86037.024s][info][gc,heap     ] GC(3178) Survivor regions: 11->6(10)
[2025-01-07T20:19:26.658+0000][86037.024s][info][gc,heap     ] GC(3178) Old regions: 242->244
[2025-01-07T20:19:26.658+0000][86037.024s][info][gc,heap     ] GC(3178) Archive regions: 2->2
[2025-01-07T20:19:26.658+0000][86037.024s][info][gc,heap     ] GC(3178) Humongous regions: 49->49
[2025-01-07T20:19:26.658+0000][86037.024s][info][gc,metaspace] GC(3178) Metaspace: 498670K(506944K)->498670K(506944K) NonClass: 438104K(442368K)->438104K(442368K) Class: 60566K(64576K)->60566K(64576K)
[2025-01-07T20:19:26.658+0000][86037.024s][info][gc          ] GC(3178) Pause Young (Mixed) (G1 Evacuation Pause) 2939M->2395M(12288M) 76.023ms
[2025-01-07T20:19:26.658+0000][86037.024s][info][gc,cpu      ] GC(3178) User=0.44s Sys=0.00s Real=0.07s
[2025-01-07T20:19:35.303+0000][86045.669s][info][gc,start    ] GC(3179) Pause Young (Normal) (G1 Evacuation Pause)
[2025-01-07T20:19:35.303+0000][86045.669s][info][gc,task     ] GC(3179) Using 6 workers of 6 for evacuation
[2025-01-07T20:19:35.331+0000][86045.697s][info][gc,phases   ] GC(3179)   Pre Evacuate Collection Set: 0.2ms
[2025-01-07T20:19:35.331+0000][86045.697s][info][gc,phases   ] GC(3179)   Merge Heap Roots: 0.4ms
[2025-01-07T20:19:35.331+0000][86045.697s][info][gc,phases   ] GC(3179)   Evacuate Collection Set: 22.7ms
[2025-01-07T20:19:35.331+0000][86045.697s][info][gc,phases   ] GC(3179)   Post Evacuate Collection Set: 3.8ms
[2025-01-07T20:19:35.331+0000][86045.697s][info][gc,phases   ] GC(3179)   Other: 0.2ms
[2025-01-07T20:19:35.331+0000][86045.697s][info][gc,heap     ] GC(3179) Eden regions: 911->0(910)
[2025-01-07T20:19:35.331+0000][86045.697s][info][gc,heap     ] GC(3179) Survivor regions: 6->7(115)
[2025-01-07T20:19:35.331+0000][86045.697s][info][gc,heap     ] GC(3179) Old regions: 244->244
[2025-01-07T20:19:35.331+0000][86045.697s][info][gc,heap     ] GC(3179) Archive regions: 2->2
[2025-01-07T20:19:35.331+0000][86045.697s][info][gc,heap     ] GC(3179) Humongous regions: 49->49
[2025-01-07T20:19:35.331+0000][86045.697s][info][gc,metaspace] GC(3179) Metaspace: 498670K(506944K)->498670K(506944K) NonClass: 438104K(442368K)->438104K(442368K) Class: 60566K(64576K)->60566K(64576K)
[2025-01-07T20:19:35.331+0000][86045.697s][info][gc          ] GC(3179) Pause Young (Normal) (G1 Evacuation Pause) 9683M->2403M(12288M) 27.439ms
[2025-01-07T20:19:35.331+0000][86045.697s][info][gc,cpu      ] GC(3179) User=0.16s Sys=0.00s Real=0.03s
[2025-01-07T20:19:47.193+0000][86057.559s][info][gc,start    ] GC(3180) Pause Young (Normal) (G1 Evacuation Pause)
[2025-01-07T20:19:47.193+0000][86057.559s][info][gc,task     ] GC(3180) Using 6 workers of 6 for evacuation
[2025-01-07T20:19:47.222+0000][86057.588s][info][gc,phases   ] GC(3180)   Pre Evacuate Collection Set: 0.2ms
[2025-01-07T20:19:47.222+0000][86057.588s][info][gc,phases   ] GC(3180)   Merge Heap Roots: 0.5ms
[2025-01-07T20:19:47.222+0000][86057.588s][info][gc,phases   ] GC(3180)   Evacuate Collection Set: 26.0ms
[2025-01-07T20:19:47.222+0000][86057.588s][info][gc,phases   ] GC(3180)   Post Evacuate Collection Set: 2.7ms
[2025-01-07T20:19:47.222+0000][86057.588s][info][gc,phases   ] GC(3180)   Other: 0.2ms
[2025-01-07T20:19:47.222+0000][86057.588s][info][gc,heap     ] GC(3180) Eden regions: 910->0(908)
[2025-01-07T20:19:47.222+0000][86057.588s][info][gc,heap     ] GC(3180) Survivor regions: 7->9(115)
[2025-01-07T20:19:47.222+0000][86057.588s][info][gc,heap     ] GC(3180) Old regions: 244->244
[2025-01-07T20:19:47.222+0000][86057.588s][info][gc,heap     ] GC(3180) Archive regions: 2->2
[2025-01-07T20:19:47.222+0000][86057.588s][info][gc,heap     ] GC(3180) Humongous regions: 49->49
[2025-01-07T20:19:47.222+0000][86057.588s][info][gc,metaspace] GC(3180) Metaspace: 498671K(506944K)->498671K(506944K) NonClass: 438105K(442368K)->438105K(442368K) Class: 60566K(64576K)->60566K(64576K)
[2025-01-07T20:19:47.222+0000][86057.589s][info][gc          ] GC(3180) Pause Young (Normal) (G1 Evacuation Pause) 9683M->2412M(12288M) 29.707ms
[2025-01-07T20:19:47.222+0000][86057.589s][info][gc,cpu      ] GC(3180) User=0.17s Sys=0.00s Real=0.03s
[2025-01-07T20:19:52.538+0000][86062.904s][info][gc,start    ] GC(3181) Pause Young (Concurrent Start) (G1 Evacuation Pause)
[2025-01-07T20:19:52.538+0000][86062.904s][info][gc,task     ] GC(3181) Using 6 workers of 6 for evacuation
[2025-01-07T20:19:52.569+0000][86062.935s][info][gc,phases   ] GC(3181)   Pre Evacuate Collection Set: 1.0ms
[2025-01-07T20:19:52.569+0000][86062.935s][info][gc,phases   ] GC(3181)   Merge Heap Roots: 0.4ms
[2025-01-07T20:19:52.569+0000][86062.935s][info][gc,phases   ] GC(3181)   Evacuate Collection Set: 27.3ms
[2025-01-07T20:19:52.569+0000][86062.935s][info][gc,phases   ] GC(3181)   Post Evacuate Collection Set: 2.4ms
[2025-01-07T20:19:52.569+0000][86062.935s][info][gc,phases   ] GC(3181)   Other: 0.3ms
[2025-01-07T20:19:52.569+0000][86062.935s][info][gc,heap     ] GC(3181) Eden regions: 908->0(909)
[2025-01-07T20:19:52.569+0000][86062.935s][info][gc,heap     ] GC(3181) Survivor regions: 9->9(115)
[2025-01-07T20:19:52.569+0000][86062.935s][info][gc,heap     ] GC(3181) Old regions: 244->244
[2025-01-07T20:19:52.569+0000][86062.935s][info][gc,heap     ] GC(3181) Archive regions: 2->2
[2025-01-07T20:19:52.569+0000][86062.935s][info][gc,heap     ] GC(3181) Humongous regions: 49->49
[2025-01-07T20:19:52.569+0000][86062.935s][info][gc,metaspace] GC(3181) Metaspace: 498671K(506944K)->498671K(506944K) NonClass: 438105K(442368K)->438105K(442368K) Class: 60566K(64576K)->60566K(64576K)
[2025-01-07T20:19:52.569+0000][86062.935s][info][gc          ] GC(3181) Pause Young (Concurrent Start) (G1 Evacuation Pause) 9676M->2416M(12288M) 31.532ms
[2025-01-07T20:19:52.569+0000][86062.935s][info][gc,cpu      ] GC(3181) User=0.18s Sys=0.00s Real=0.03s
[2025-01-07T20:19:52.569+0000][86062.935s][info][gc          ] GC(3182) Concurrent Mark Cycle
[2025-01-07T20:19:52.569+0000][86062.935s][info][gc,marking  ] GC(3182) Concurrent Clear Claimed Marks
[2025-01-07T20:19:52.570+0000][86062.936s][info][gc,marking  ] GC(3182) Concurrent Clear Claimed Marks 0.825ms
[2025-01-07T20:19:52.570+0000][86062.936s][info][gc,marking  ] GC(3182) Concurrent Scan Root Regions
[2025-01-07T20:19:52.597+0000][86062.963s][info][gc,marking  ] GC(3182) Concurrent Scan Root Regions 27.060ms
[2025-01-07T20:19:52.597+0000][86062.963s][info][gc,marking  ] GC(3182) Concurrent Mark
[2025-01-07T20:19:52.597+0000][86062.963s][info][gc,marking  ] GC(3182) Concurrent Mark From Roots
[2025-01-07T20:19:52.597+0000][86062.963s][info][gc,task     ] GC(3182) Using 2 workers of 2 for marking
[2025-01-07T20:19:53.508+0000][86063.874s][info][gc,marking  ] GC(3182) Concurrent Mark From Roots 911.132ms
[2025-01-07T20:19:53.508+0000][86063.874s][info][gc,marking  ] GC(3182) Concurrent Preclean
[2025-01-07T20:19:53.511+0000][86063.877s][info][gc,marking  ] GC(3182) Concurrent Preclean 2.665ms
[2025-01-07T20:19:53.511+0000][86063.877s][info][gc,start    ] GC(3182) Pause Remark
[2025-01-07T20:19:53.537+0000][86063.903s][info][gc          ] GC(3182) Pause Remark 3928M->3928M(12288M) 25.394ms
[2025-01-07T20:19:53.537+0000][86063.903s][info][gc,cpu      ] GC(3182) User=0.14s Sys=0.00s Real=0.02s
[2025-01-07T20:19:53.537+0000][86063.903s][info][gc,marking  ] GC(3182) Concurrent Mark 939.547ms
[2025-01-07T20:19:53.537+0000][86063.903s][info][gc,marking  ] GC(3182) Concurrent Rebuild Remembered Sets
[2025-01-07T20:19:54.288+0000][86064.654s][info][gc,marking  ] GC(3182) Concurrent Rebuild Remembered Sets 751.325ms
[2025-01-07T20:19:54.288+0000][86064.654s][info][gc,start    ] GC(3182) Pause Cleanup
[2025-01-07T20:19:54.289+0000][86064.655s][info][gc          ] GC(3182) Pause Cleanup 5212M->5212M(12288M) 0.443ms
[2025-01-07T20:19:54.289+0000][86064.655s][info][gc,cpu      ] GC(3182) User=0.01s Sys=0.00s Real=0.00s
[2025-01-07T20:19:54.289+0000][86064.655s][info][gc,marking  ] GC(3182) Concurrent Cleanup for Next Mark
[2025-01-07T20:19:54.305+0000][86064.671s][info][gc,marking  ] GC(3182) Concurrent Cleanup for Next Mark 16.374ms
[2025-01-07T20:19:54.305+0000][86064.671s][info][gc          ] GC(3182) Concurrent Mark Cycle 1735.973ms
[2025-01-07T20:19:59.264+0000][86069.630s][info][gc,start    ] GC(3183) Pause Young (Prepare Mixed) (G1 Evacuation Pause)
[2025-01-07T20:19:59.264+0000][86069.630s][info][gc,task     ] GC(3183) Using 6 workers of 6 for evacuation
[2025-01-07T20:19:59.299+0000][86069.665s][info][gc,phases   ] GC(3183)   Pre Evacuate Collection Set: 0.2ms
[2025-01-07T20:19:59.299+0000][86069.665s][info][gc,phases   ] GC(3183)   Merge Heap Roots: 0.7ms
[2025-01-07T20:19:59.299+0000][86069.665s][info][gc,phases   ] GC(3183)   Evacuate Collection Set: 31.0ms
[2025-01-07T20:19:59.299+0000][86069.665s][info][gc,phases   ] GC(3183)   Post Evacuate Collection Set: 2.9ms
[2025-01-07T20:19:59.299+0000][86069.665s][info][gc,phases   ] GC(3183)   Other: 0.2ms
[2025-01-07T20:19:59.299+0000][86069.665s][info][gc,heap     ] GC(3183) Eden regions: 909->0(66)
[2025-01-07T20:19:59.299+0000][86069.665s][info][gc,heap     ] GC(3183) Survivor regions: 9->10(115)
[2025-01-07T20:19:59.299+0000][86069.665s][info][gc,heap     ] GC(3183) Old regions: 244->244
[2025-01-07T20:19:59.299+0000][86069.665s][info][gc,heap     ] GC(3183) Archive regions: 2->2
[2025-01-07T20:19:59.299+0000][86069.665s][info][gc,heap     ] GC(3183) Humongous regions: 49->49
[2025-01-07T20:19:59.299+0000][86069.665s][info][gc,metaspace] GC(3183) Metaspace: 498671K(506944K)->498671K(506944K) NonClass: 438105K(442368K)->438105K(442368K) Class: 60566K(64576K)->60566K(64576K)
[2025-01-07T20:19:59.299+0000][86069.665s][info][gc          ] GC(3183) Pause Young (Prepare Mixed) (G1 Evacuation Pause) 9688M->2425M(12288M) 35.010ms
[2025-01-07T20:19:59.299+0000][86069.665s][info][gc,cpu      ] GC(3183) User=0.21s Sys=0.00s Real=0.03s
[2025-01-07T20:19:59.701+0000][86070.067s][info][gc,start    ] GC(3184) Pause Young (Mixed) (G1 Evacuation Pause)
[2025-01-07T20:19:59.701+0000][86070.067s][info][gc,task     ] GC(3184) Using 6 workers of 6 for evacuation
[2025-01-07T20:19:59.743+0000][86070.109s][info][gc,phases   ] GC(3184)   Pre Evacuate Collection Set: 0.2ms
[2025-01-07T20:19:59.743+0000][86070.109s][info][gc,phases   ] GC(3184)   Merge Heap Roots: 0.4ms
[2025-01-07T20:19:59.743+0000][86070.109s][info][gc,phases   ] GC(3184)   Evacuate Collection Set: 39.5ms
[2025-01-07T20:19:59.743+0000][86070.109s][info][gc,phases   ] GC(3184)   Post Evacuate Collection Set: 1.7ms
[2025-01-07T20:19:59.743+0000][86070.109s][info][gc,phases   ] GC(3184)   Other: 0.2ms
[2025-01-07T20:19:59.743+0000][86070.109s][info][gc,heap     ] GC(3184) Eden regions: 66->0(915)
[2025-01-07T20:19:59.743+0000][86070.109s][info][gc,heap     ] GC(3184) Survivor regions: 10->5(10)
[2025-01-07T20:19:59.743+0000][86070.109s][info][gc,heap     ] GC(3184) Old regions: 244->243
[2025-01-07T20:19:59.743+0000][86070.109s][info][gc,heap     ] GC(3184) Archive regions: 2->2
[2025-01-07T20:19:59.743+0000][86070.109s][info][gc,heap     ] GC(3184) Humongous regions: 49->49
[2025-01-07T20:19:59.743+0000][86070.109s][info][gc,metaspace] GC(3184) Metaspace: 498671K(506944K)->498671K(506944K) NonClass: 438105K(442368K)->438105K(442368K) Class: 60566K(64576K)->60566K(64576K)
[2025-01-07T20:19:59.743+0000][86070.109s][info][gc          ] GC(3184) Pause Young (Mixed) (G1 Evacuation Pause) 2953M->2376M(12288M) 42.105ms
[2025-01-07T20:19:59.743+0000][86070.109s][info][gc,cpu      ] GC(3184) User=0.25s Sys=0.01s Real=0.05s
[2025-01-07T20:20:08.768+0000][86079.134s][info][gc,start    ] GC(3185) Pause Young (Normal) (G1 Evacuation Pause)
[2025-01-07T20:20:08.768+0000][86079.134s][info][gc,task     ] GC(3185) Using 6 workers of 6 for evacuation
[2025-01-07T20:20:08.800+0000][86079.167s][info][gc,phases   ] GC(3185)   Pre Evacuate Collection Set: 0.2ms
[2025-01-07T20:20:08.801+0000][86079.167s][info][gc,phases   ] GC(3185)   Merge Heap Roots: 0.4ms
[2025-01-07T20:20:08.801+0000][86079.167s][info][gc,phases   ] GC(3185)   Evacuate Collection Set: 28.8ms
[2025-01-07T20:20:08.801+0000][86079.167s][info][gc,phases   ] GC(3185)   Post Evacuate Collection Set: 2.8ms
[2025-01-07T20:20:08.801+0000][86079.167s][info][gc,phases   ] GC(3185)   Other: 0.2ms
[2025-01-07T20:20:08.801+0000][86079.167s][info][gc,heap     ] GC(3185) Eden regions: 915->0(912)
[2025-01-07T20:20:08.801+0000][86079.167s][info][gc,heap     ] GC(3185) Survivor regions: 5->7(115)
[2025-01-07T20:20:08.801+0000][86079.167s][info][gc,heap     ] GC(3185) Old regions: 243->243
[2025-01-07T20:20:08.801+0000][86079.167s][info][gc,heap     ] GC(3185) Archive regions: 2->2
[2025-01-07T20:20:08.801+0000][86079.167s][info][gc,heap     ] GC(3185) Humongous regions: 49->49
[2025-01-07T20:20:08.801+0000][86079.167s][info][gc,metaspace] GC(3185) Metaspace: 498671K(506944K)->498671K(506944K) NonClass: 438105K(442368K)->438105K(442368K) Class: 60566K(64576K)->60566K(64576K)
[2025-01-07T20:20:08.801+0000][86079.167s][info][gc          ] GC(3185) Pause Young (Normal) (G1 Evacuation Pause) 9696M->2390M(12288M) 32.591ms
[2025-01-07T20:20:08.801+0000][86079.167s][info][gc,cpu      ] GC(3185) User=0.19s Sys=0.00s Real=0.03s
[2025-01-07T20:20:17.102+0000][86087.468s][info][gc,start    ] GC(3186) Pause Young (Normal) (G1 Evacuation Pause)
[2025-01-07T20:20:17.102+0000][86087.468s][info][gc,task     ] GC(3186) Using 6 workers of 6 for evacuation
[2025-01-07T20:20:17.134+0000][86087.500s][info][gc,phases   ] GC(3186)   Pre Evacuate Collection Set: 0.2ms
[2025-01-07T20:20:17.134+0000][86087.500s][info][gc,phases   ] GC(3186)   Merge Heap Roots: 0.4ms
[2025-01-07T20:20:17.134+0000][86087.500s][info][gc,phases   ] GC(3186)   Evacuate Collection Set: 25.7ms
[2025-01-07T20:20:17.134+0000][86087.500s][info][gc,phases   ] GC(3186)   Post Evacuate Collection Set: 6.0ms
[2025-01-07T20:20:17.134+0000][86087.500s][info][gc,phases   ] GC(3186)   Other: 0.2ms
[2025-01-07T20:20:17.134+0000][86087.500s][info][gc,heap     ] GC(3186) Eden regions: 912->0(911)
[2025-01-07T20:20:17.134+0000][86087.500s][info][gc,heap     ] GC(3186) Survivor regions: 7->8(115)
[2025-01-07T20:20:17.134+0000][86087.500s][info][gc,heap     ] GC(3186) Old regions: 243->243
[2025-01-07T20:20:17.134+0000][86087.500s][info][gc,heap     ] GC(3186) Archive regions: 2->2
[2025-01-07T20:20:17.134+0000][86087.500s][info][gc,heap     ] GC(3186) Humongous regions: 49->49
[2025-01-07T20:20:17.134+0000][86087.500s][info][gc,metaspace] GC(3186) Metaspace: 498671K(506944K)->498671K(506944K) NonClass: 438105K(442368K)->438105K(442368K) Class: 60566K(64576K)->60566K(64576K)
[2025-01-07T20:20:17.134+0000][86087.500s][info][gc          ] GC(3186) Pause Young (Normal) (G1 Evacuation Pause) 9686M->2400M(12288M) 32.597ms
[2025-01-07T20:20:17.134+0000][86087.500s][info][gc,cpu      ] GC(3186) User=0.19s Sys=0.00s Real=0.03s
[2025-01-07T20:20:25.565+0000][86095.931s][info][gc,start    ] GC(3187) Pause Young (Concurrent Start) (G1 Evacuation Pause)
[2025-01-07T20:20:25.565+0000][86095.931s][info][gc,task     ] GC(3187) Using 6 workers of 6 for evacuation
[2025-01-07T20:20:25.600+0000][86095.966s][info][gc,phases   ] GC(3187)   Pre Evacuate Collection Set: 1.0ms
[2025-01-07T20:20:25.600+0000][86095.966s][info][gc,phases   ] GC(3187)   Merge Heap Roots: 0.5ms
[2025-01-07T20:20:25.600+0000][86095.966s][info][gc,phases   ] GC(3187)   Evacuate Collection Set: 30.4ms
[2025-01-07T20:20:25.600+0000][86095.966s][info][gc,phases   ] GC(3187)   Post Evacuate Collection Set: 3.3ms
[2025-01-07T20:20:25.600+0000][86095.966s][info][gc,phases   ] GC(3187)   Other: 0.3ms
[2025-01-07T20:20:25.600+0000][86095.966s][info][gc,heap     ] GC(3187) Eden regions: 911->0(904)
[2025-01-07T20:20:25.600+0000][86095.966s][info][gc,heap     ] GC(3187) Survivor regions: 8->12(115)
[2025-01-07T20:20:25.600+0000][86095.966s][info][gc,heap     ] GC(3187) Old regions: 243->243
[2025-01-07T20:20:25.600+0000][86095.966s][info][gc,heap     ] GC(3187) Archive regions: 2->2
[2025-01-07T20:20:25.600+0000][86095.966s][info][gc,heap     ] GC(3187) Humongous regions: 49->49
[2025-01-07T20:20:25.600+0000][86095.966s][info][gc,metaspace] GC(3187) Metaspace: 498671K(506944K)->498671K(506944K) NonClass: 438105K(442368K)->438105K(442368K) Class: 60566K(64576K)->60566K(64576K)
[2025-01-07T20:20:25.600+0000][86095.966s][info][gc          ] GC(3187) Pause Young (Concurrent Start) (G1 Evacuation Pause) 9688M->2429M(12288M) 35.462ms
[2025-01-07T20:20:25.600+0000][86095.966s][info][gc,cpu      ] GC(3187) User=0.20s Sys=0.00s Real=0.03s
[2025-01-07T20:20:25.600+0000][86095.966s][info][gc          ] GC(3188) Concurrent Mark Cycle
[2025-01-07T20:20:25.600+0000][86095.966s][info][gc,marking  ] GC(3188) Concurrent Clear Claimed Marks
[2025-01-07T20:20:25.601+0000][86095.967s][info][gc,marking  ] GC(3188) Concurrent Clear Claimed Marks 0.820ms
[2025-01-07T20:20:25.601+0000][86095.967s][info][gc,marking  ] GC(3188) Concurrent Scan Root Regions
[2025-01-07T20:20:25.632+0000][86095.998s][info][gc,marking  ] GC(3188) Concurrent Scan Root Regions 31.153ms
[2025-01-07T20:20:25.632+0000][86095.998s][info][gc,marking  ] GC(3188) Concurrent Mark
[2025-01-07T20:20:25.632+0000][86095.998s][info][gc,marking  ] GC(3188) Concurrent Mark From Roots
[2025-01-07T20:20:25.632+0000][86095.998s][info][gc,task     ] GC(3188) Using 2 workers of 2 for marking
[2025-01-07T20:20:26.500+0000][86096.867s][info][gc,marking  ] GC(3188) Concurrent Mark From Roots 868.167ms
[2025-01-07T20:20:26.500+0000][86096.867s][info][gc,marking  ] GC(3188) Concurrent Preclean
[2025-01-07T20:20:26.503+0000][86096.869s][info][gc,marking  ] GC(3188) Concurrent Preclean 2.883ms
[2025-01-07T20:20:26.504+0000][86096.870s][info][gc,start    ] GC(3188) Pause Remark
[2025-01-07T20:20:26.529+0000][86096.895s][info][gc          ] GC(3188) Pause Remark 3725M->3725M(12288M) 25.301ms
[2025-01-07T20:20:26.529+0000][86096.895s][info][gc,cpu      ] GC(3188) User=0.15s Sys=0.00s Real=0.02s
[2025-01-07T20:20:26.529+0000][86096.896s][info][gc,marking  ] GC(3188) Concurrent Mark 897.183ms
[2025-01-07T20:20:26.529+0000][86096.896s][info][gc,marking  ] GC(3188) Concurrent Rebuild Remembered Sets
[2025-01-07T20:20:27.151+0000][86097.517s][info][gc,marking  ] GC(3188) Concurrent Rebuild Remembered Sets 621.092ms
[2025-01-07T20:20:27.151+0000][86097.517s][info][gc,start    ] GC(3188) Pause Cleanup
[2025-01-07T20:20:27.151+0000][86097.517s][info][gc          ] GC(3188) Pause Cleanup 4625M->4625M(12288M) 0.430ms
[2025-01-07T20:20:27.151+0000][86097.517s][info][gc,cpu      ] GC(3188) User=0.00s Sys=0.00s Real=0.00s
[2025-01-07T20:20:27.151+0000][86097.517s][info][gc,marking  ] GC(3188) Concurrent Cleanup for Next Mark
[2025-01-07T20:20:27.180+0000][86097.546s][info][gc,marking  ] GC(3188) Concurrent Cleanup for Next Mark 28.296ms
[2025-01-07T20:20:27.180+0000][86097.546s][info][gc          ] GC(3188) Concurrent Mark Cycle 1579.515ms
[2025-01-07T20:20:31.552+0000][86101.918s][info][gc,start    ] GC(3189) Pause Young (Prepare Mixed) (G1 Evacuation Pause)
[2025-01-07T20:20:31.552+0000][86101.918s][info][gc,task     ] GC(3189) Using 6 workers of 6 for evacuation
[2025-01-07T20:20:31.586+0000][86101.952s][info][gc,phases   ] GC(3189)   Pre Evacuate Collection Set: 0.2ms
[2025-01-07T20:20:31.586+0000][86101.952s][info][gc,phases   ] GC(3189)   Merge Heap Roots: 0.7ms
[2025-01-07T20:20:31.586+0000][86101.952s][info][gc,phases   ] GC(3189)   Evacuate Collection Set: 30.1ms
[2025-01-07T20:20:31.586+0000][86101.953s][info][gc,phases   ] GC(3189)   Post Evacuate Collection Set: 3.2ms
[2025-01-07T20:20:31.586+0000][86101.953s][info][gc,phases   ] GC(3189)   Other: 0.2ms
[2025-01-07T20:20:31.586+0000][86101.953s][info][gc,heap     ] GC(3189) Eden regions: 904->0(67)
[2025-01-07T20:20:31.586+0000][86101.953s][info][gc,heap     ] GC(3189) Survivor regions: 12->9(115)
[2025-01-07T20:20:31.586+0000][86101.953s][info][gc,heap     ] GC(3189) Old regions: 243->243
[2025-01-07T20:20:31.586+0000][86101.953s][info][gc,heap     ] GC(3189) Archive regions: 2->2
[2025-01-07T20:20:31.586+0000][86101.953s][info][gc,heap     ] GC(3189) Humongous regions: 49->49
[2025-01-07T20:20:31.586+0000][86101.953s][info][gc,metaspace] GC(3189) Metaspace: 498671K(506944K)->498671K(506944K) NonClass: 438105K(442368K)->438105K(442368K) Class: 60566K(64576K)->60566K(64576K)
[2025-01-07T20:20:31.586+0000][86101.953s][info][gc          ] GC(3189) Pause Young (Prepare Mixed) (G1 Evacuation Pause) 9661M->2411M(12288M) 34.446ms
[2025-01-07T20:20:31.587+0000][86101.953s][info][gc,cpu      ] GC(3189) User=0.20s Sys=0.00s Real=0.03s
[2025-01-07T20:20:31.874+0000][86102.240s][info][gc,start    ] GC(3190) Pause Young (Mixed) (G1 Evacuation Pause)
[2025-01-07T20:20:31.874+0000][86102.240s][info][gc,task     ] GC(3190) Using 6 workers of 6 for evacuation
[2025-01-07T20:20:31.924+0000][86102.290s][info][gc,phases   ] GC(3190)   Pre Evacuate Collection Set: 0.2ms
[2025-01-07T20:20:31.924+0000][86102.290s][info][gc,phases   ] GC(3190)   Merge Heap Roots: 0.6ms
[2025-01-07T20:20:31.924+0000][86102.290s][info][gc,phases   ] GC(3190)   Evacuate Collection Set: 47.4ms
[2025-01-07T20:20:31.924+0000][86102.290s][info][gc,phases   ] GC(3190)   Post Evacuate Collection Set: 1.7ms
[2025-01-07T20:20:31.924+0000][86102.290s][info][gc,phases   ] GC(3190)   Other: 0.2ms
[2025-01-07T20:20:31.924+0000][86102.290s][info][gc,heap     ] GC(3190) Eden regions: 67->0(914)
[2025-01-07T20:20:31.924+0000][86102.290s][info][gc,heap     ] GC(3190) Survivor regions: 9->5(10)
[2025-01-07T20:20:31.924+0000][86102.290s][info][gc,heap     ] GC(3190) Old regions: 243->242
[2025-01-07T20:20:31.924+0000][86102.290s][info][gc,heap     ] GC(3190) Archive regions: 2->2
[2025-01-07T20:20:31.924+0000][86102.290s][info][gc,heap     ] GC(3190) Humongous regions: 49->49
[2025-01-07T20:20:31.924+0000][86102.290s][info][gc,metaspace] GC(3190) Metaspace: 498671K(506944K)->498671K(506944K) NonClass: 438105K(442368K)->438105K(442368K) Class: 60566K(64576K)->60566K(64576K)
[2025-01-07T20:20:31.924+0000][86102.290s][info][gc          ] GC(3190) Pause Young (Mixed) (G1 Evacuation Pause) 2947M->2366M(12288M) 50.161ms
[2025-01-07T20:20:31.924+0000][86102.290s][info][gc,cpu      ] GC(3190) User=0.30s Sys=0.00s Real=0.05s
[2025-01-07T20:20:43.385+0000][86113.751s][info][gc,start    ] GC(3191) Pause Young (Normal) (G1 Evacuation Pause)
[2025-01-07T20:20:43.385+0000][86113.751s][info][gc,task     ] GC(3191) Using 6 workers of 6 for evacuation
[2025-01-07T20:20:43.414+0000][86113.780s][info][gc,phases   ] GC(3191)   Pre Evacuate Collection Set: 0.2ms
[2025-01-07T20:20:43.414+0000][86113.780s][info][gc,phases   ] GC(3191)   Merge Heap Roots: 0.4ms
[2025-01-07T20:20:43.414+0000][86113.780s][info][gc,phases   ] GC(3191)   Evacuate Collection Set: 24.9ms
[2025-01-07T20:20:43.414+0000][86113.780s][info][gc,phases   ] GC(3191)   Post Evacuate Collection Set: 2.6ms
[2025-01-07T20:20:43.414+0000][86113.780s][info][gc,phases   ] GC(3191)   Other: 0.2ms
[2025-01-07T20:20:43.414+0000][86113.780s][info][gc,heap     ] GC(3191) Eden regions: 914->0(912)
[2025-01-07T20:20:43.414+0000][86113.780s][info][gc,heap     ] GC(3191) Survivor regions: 5->7(115)
[2025-01-07T20:20:43.414+0000][86113.780s][info][gc,heap     ] GC(3191) Old regions: 242->242
[2025-01-07T20:20:43.414+0000][86113.780s][info][gc,heap     ] GC(3191) Archive regions: 2->2
[2025-01-07T20:20:43.414+0000][86113.780s][info][gc,heap     ] GC(3191) Humongous regions: 49->49
[2025-01-07T20:20:43.414+0000][86113.780s][info][gc,metaspace] GC(3191) Metaspace: 498671K(506944K)->498671K(506944K) NonClass: 438105K(442368K)->438105K(442368K) Class: 60566K(64576K)->60566K(64576K)
[2025-01-07T20:20:43.414+0000][86113.780s][info][gc          ] GC(3191) Pause Young (Normal) (G1 Evacuation Pause) 9678M->2385M(12288M) 28.465ms
[2025-01-07T20:20:43.414+0000][86113.780s][info][gc,cpu      ] GC(3191) User=0.17s Sys=0.00s Real=0.03s
[2025-01-07T20:20:51.108+0000][86121.474s][info][gc,start    ] GC(3192) Pause Young (Normal) (G1 Evacuation Pause)
[2025-01-07T20:20:51.108+0000][86121.474s][info][gc,task     ] GC(3192) Using 6 workers of 6 for evacuation
[2025-01-07T20:20:51.136+0000][86121.502s][info][gc,phases   ] GC(3192)   Pre Evacuate Collection Set: 0.2ms
[2025-01-07T20:20:51.136+0000][86121.502s][info][gc,phases   ] GC(3192)   Merge Heap Roots: 0.4ms
[2025-01-07T20:20:51.136+0000][86121.502s][info][gc,phases   ] GC(3192)   Evacuate Collection Set: 25.1ms
[2025-01-07T20:20:51.136+0000][86121.502s][info][gc,phases   ] GC(3192)   Post Evacuate Collection Set: 2.5ms
[2025-01-07T20:20:51.136+0000][86121.502s][info][gc,phases   ] GC(3192)   Other: 0.2ms
[2025-01-07T20:20:51.136+0000][86121.502s][info][gc,heap     ] GC(3192) Eden regions: 912->0(913)
[2025-01-07T20:20:51.136+0000][86121.502s][info][gc,heap     ] GC(3192) Survivor regions: 7->8(115)
[2025-01-07T20:20:51.136+0000][86121.502s][info][gc,heap     ] GC(3192) Old regions: 242->242
[2025-01-07T20:20:51.136+0000][86121.502s][info][gc,heap     ] GC(3192) Archive regions: 2->2
[2025-01-07T20:20:51.136+0000][86121.502s][info][gc,heap     ] GC(3192) Humongous regions: 49->49
[2025-01-07T20:20:51.136+0000][86121.502s][info][gc,metaspace] GC(3192) Metaspace: 498671K(506944K)->498671K(506944K) NonClass: 438105K(442368K)->438105K(442368K) Class: 60566K(64576K)->60566K(64576K)
[2025-01-07T20:20:51.136+0000][86121.502s][info][gc          ] GC(3192) Pause Young (Normal) (G1 Evacuation Pause) 9681M->2389M(12288M) 28.452ms
[2025-01-07T20:20:51.136+0000][86121.502s][info][gc,cpu      ] GC(3192) User=0.17s Sys=0.00s Real=0.03s
[2025-01-07T20:20:59.457+0000][86129.823s][info][gc,start    ] GC(3193) Pause Young (Concurrent Start) (G1 Evacuation Pause)
[2025-01-07T20:20:59.457+0000][86129.823s][info][gc,task     ] GC(3193) Using 6 workers of 6 for evacuation
[2025-01-07T20:20:59.493+0000][86129.859s][info][gc,phases   ] GC(3193)   Pre Evacuate Collection Set: 1.0ms
[2025-01-07T20:20:59.493+0000][86129.859s][info][gc,phases   ] GC(3193)   Merge Heap Roots: 0.5ms
[2025-01-07T20:20:59.493+0000][86129.859s][info][gc,phases   ] GC(3193)   Evacuate Collection Set: 31.3ms
[2025-01-07T20:20:59.493+0000][86129.859s][info][gc,phases   ] GC(3193)   Post Evacuate Collection Set: 2.6ms
[2025-01-07T20:20:59.493+0000][86129.859s][info][gc,phases   ] GC(3193)   Other: 0.3ms
[2025-01-07T20:20:59.493+0000][86129.859s][info][gc,heap     ] GC(3193) Eden regions: 913->0(910)
[2025-01-07T20:20:59.493+0000][86129.859s][info][gc,heap     ] GC(3193) Survivor regions: 8->10(116)
[2025-01-07T20:20:59.493+0000][86129.859s][info][gc,heap     ] GC(3193) Old regions: 242->242
[2025-01-07T20:20:59.493+0000][86129.859s][info][gc,heap     ] GC(3193) Archive regions: 2->2
[2025-01-07T20:20:59.493+0000][86129.859s][info][gc,heap     ] GC(3193) Humongous regions: 49->49
[2025-01-07T20:20:59.493+0000][86129.859s][info][gc,metaspace] GC(3193) Metaspace: 498671K(506944K)->498671K(506944K) NonClass: 438105K(442368K)->438105K(442368K) Class: 60566K(64576K)->60566K(64576K)
[2025-01-07T20:20:59.493+0000][86129.859s][info][gc          ] GC(3193) Pause Young (Concurrent Start) (G1 Evacuation Pause) 9693M->2407M(12288M) 35.762ms
[2025-01-07T20:20:59.493+0000][86129.859s][info][gc,cpu      ] GC(3193) User=0.20s Sys=0.00s Real=0.04s
[2025-01-07T20:20:59.493+0000][86129.859s][info][gc          ] GC(3194) Concurrent Mark Cycle
[2025-01-07T20:20:59.493+0000][86129.859s][info][gc,marking  ] GC(3194) Concurrent Clear Claimed Marks
[2025-01-07T20:20:59.494+0000][86129.860s][info][gc,marking  ] GC(3194) Concurrent Clear Claimed Marks 0.820ms
[2025-01-07T20:20:59.494+0000][86129.860s][info][gc,marking  ] GC(3194) Concurrent Scan Root Regions
[2025-01-07T20:20:59.522+0000][86129.889s][info][gc,marking  ] GC(3194) Concurrent Scan Root Regions 28.690ms
[2025-01-07T20:20:59.522+0000][86129.889s][info][gc,marking  ] GC(3194) Concurrent Mark
[2025-01-07T20:20:59.522+0000][86129.889s][info][gc,marking  ] GC(3194) Concurrent Mark From Roots
[2025-01-07T20:20:59.522+0000][86129.889s][info][gc,task     ] GC(3194) Using 2 workers of 2 for marking
[2025-01-07T20:21:00.359+0000][86130.725s][info][gc,marking  ] GC(3194) Concurrent Mark From Roots 836.083ms
[2025-01-07T20:21:00.359+0000][86130.725s][info][gc,marking  ] GC(3194) Concurrent Preclean
[2025-01-07T20:21:00.361+0000][86130.727s][info][gc,marking  ] GC(3194) Concurrent Preclean 1.971ms
[2025-01-07T20:21:00.361+0000][86130.727s][info][gc,start    ] GC(3194) Pause Remark
[2025-01-07T20:21:00.387+0000][86130.753s][info][gc          ] GC(3194) Pause Remark 3279M->3279M(12288M) 25.883ms
[2025-01-07T20:21:00.387+0000][86130.753s][info][gc,cpu      ] GC(3194) User=0.15s Sys=0.00s Real=0.03s
[2025-01-07T20:21:00.387+0000][86130.753s][info][gc,marking  ] GC(3194) Concurrent Mark 864.289ms
[2025-01-07T20:21:00.387+0000][86130.753s][info][gc,marking  ] GC(3194) Concurrent Rebuild Remembered Sets
[2025-01-07T20:21:00.890+0000][86131.256s][info][gc,marking  ] GC(3194) Concurrent Rebuild Remembered Sets 502.930ms
[2025-01-07T20:21:00.890+0000][86131.256s][info][gc,start    ] GC(3194) Pause Cleanup
[2025-01-07T20:21:00.890+0000][86131.256s][info][gc          ] GC(3194) Pause Cleanup 3787M->3787M(12288M) 0.461ms
[2025-01-07T20:21:00.890+0000][86131.256s][info][gc,cpu      ] GC(3194) User=0.00s Sys=0.00s Real=0.00s
[2025-01-07T20:21:00.890+0000][86131.256s][info][gc,marking  ] GC(3194) Concurrent Cleanup for Next Mark
[2025-01-07T20:21:00.919+0000][86131.285s][info][gc,marking  ] GC(3194) Concurrent Cleanup for Next Mark 28.194ms
[2025-01-07T20:21:00.919+0000][86131.285s][info][gc          ] GC(3194) Concurrent Mark Cycle 1425.795ms
[2025-01-07T20:21:08.489+0000][86138.855s][info][gc,start    ] GC(3195) Pause Young (Prepare Mixed) (G1 Evacuation Pause)
[2025-01-07T20:21:08.489+0000][86138.855s][info][gc,task     ] GC(3195) Using 6 workers of 6 for evacuation
[2025-01-07T20:21:08.528+0000][86138.894s][info][gc,phases   ] GC(3195)   Pre Evacuate Collection Set: 0.2ms
[2025-01-07T20:21:08.528+0000][86138.894s][info][gc,phases   ] GC(3195)   Merge Heap Roots: 0.7ms
[2025-01-07T20:21:08.528+0000][86138.894s][info][gc,phases   ] GC(3195)   Evacuate Collection Set: 32.8ms
[2025-01-07T20:21:08.528+0000][86138.894s][info][gc,phases   ] GC(3195)   Post Evacuate Collection Set: 5.4ms
[2025-01-07T20:21:08.528+0000][86138.894s][info][gc,phases   ] GC(3195)   Other: 0.2ms
[2025-01-07T20:21:08.528+0000][86138.894s][info][gc,heap     ] GC(3195) Eden regions: 910->0(65)
[2025-01-07T20:21:08.528+0000][86138.894s][info][gc,heap     ] GC(3195) Survivor regions: 10->11(115)
[2025-01-07T20:21:08.528+0000][86138.894s][info][gc,heap     ] GC(3195) Old regions: 242->242
[2025-01-07T20:21:08.528+0000][86138.894s][info][gc,heap     ] GC(3195) Archive regions: 2->2
[2025-01-07T20:21:08.528+0000][86138.894s][info][gc,heap     ] GC(3195) Humongous regions: 49->49
[2025-01-07T20:21:08.528+0000][86138.894s][info][gc,metaspace] GC(3195) Metaspace: 498671K(506944K)->498671K(506944K) NonClass: 438105K(442368K)->438105K(442368K) Class: 60566K(64576K)->60566K(64576K)
[2025-01-07T20:21:08.528+0000][86138.894s][info][gc          ] GC(3195) Pause Young (Prepare Mixed) (G1 Evacuation Pause) 9687M->2420M(12288M) 39.418ms
[2025-01-07T20:21:08.528+0000][86138.894s][info][gc,cpu      ] GC(3195) User=0.23s Sys=0.00s Real=0.04s
[2025-01-07T20:21:08.909+0000][86139.275s][info][gc,start    ] GC(3196) Pause Young (Mixed) (G1 Evacuation Pause)
[2025-01-07T20:21:08.909+0000][86139.275s][info][gc,task     ] GC(3196) Using 6 workers of 6 for evacuation
[2025-01-07T20:21:08.976+0000][86139.342s][info][gc,phases   ] GC(3196)   Pre Evacuate Collection Set: 0.2ms
[2025-01-07T20:21:08.976+0000][86139.342s][info][gc,phases   ] GC(3196)   Merge Heap Roots: 0.7ms
[2025-01-07T20:21:08.976+0000][86139.342s][info][gc,phases   ] GC(3196)   Evacuate Collection Set: 64.0ms
[2025-01-07T20:21:08.976+0000][86139.342s][info][gc,phases   ] GC(3196)   Post Evacuate Collection Set: 1.7ms
[2025-01-07T20:21:08.976+0000][86139.342s][info][gc,phases   ] GC(3196)   Other: 0.2ms
[2025-01-07T20:21:08.976+0000][86139.342s][info][gc,heap     ] GC(3196) Eden regions: 65->0(913)
[2025-01-07T20:21:08.976+0000][86139.342s][info][gc,heap     ] GC(3196) Survivor regions: 11->5(10)
[2025-01-07T20:21:08.976+0000][86139.342s][info][gc,heap     ] GC(3196) Old regions: 242->243
[2025-01-07T20:21:08.976+0000][86139.342s][info][gc,heap     ] GC(3196) Archive regions: 2->2
[2025-01-07T20:21:08.976+0000][86139.342s][info][gc,heap     ] GC(3196) Humongous regions: 49->49
[2025-01-07T20:21:08.976+0000][86139.342s][info][gc,metaspace] GC(3196) Metaspace: 498671K(506944K)->498671K(506944K) NonClass: 438105K(442368K)->438105K(442368K) Class: 60566K(64576K)->60566K(64576K)
[2025-01-07T20:21:08.976+0000][86139.342s][info][gc          ] GC(3196) Pause Young (Mixed) (G1 Evacuation Pause) 2940M->2374M(12288M) 66.855ms
[2025-01-07T20:21:08.976+0000][86139.342s][info][gc,cpu      ] GC(3196) User=0.38s Sys=0.00s Real=0.07s
[2025-01-07T20:21:14.637+0000][86145.003s][info][gc,start    ] GC(3197) Pause Young (Normal) (G1 Evacuation Pause)
[2025-01-07T20:21:14.637+0000][86145.003s][info][gc,task     ] GC(3197) Using 6 workers of 6 for evacuation
[2025-01-07T20:21:14.658+0000][86145.024s][info][gc,phases   ] GC(3197)   Pre Evacuate Collection Set: 0.2ms
[2025-01-07T20:21:14.658+0000][86145.024s][info][gc,phases   ] GC(3197)   Merge Heap Roots: 0.4ms
[2025-01-07T20:21:14.658+0000][86145.024s][info][gc,phases   ] GC(3197)   Evacuate Collection Set: 17.6ms
[2025-01-07T20:21:14.658+0000][86145.024s][info][gc,phases   ] GC(3197)   Post Evacuate Collection Set: 2.3ms
[2025-01-07T20:21:14.658+0000][86145.024s][info][gc,phases   ] GC(3197)   Other: 0.2ms
[2025-01-07T20:21:14.658+0000][86145.024s][info][gc,heap     ] GC(3197) Eden regions: 913->0(914)
[2025-01-07T20:21:14.658+0000][86145.024s][info][gc,heap     ] GC(3197) Survivor regions: 5->5(115)
[2025-01-07T20:21:14.658+0000][86145.024s][info][gc,heap     ] GC(3197) Old regions: 243->243
[2025-01-07T20:21:14.658+0000][86145.024s][info][gc,heap     ] GC(3197) Archive regions: 2->2
[2025-01-07T20:21:14.658+0000][86145.024s][info][gc,heap     ] GC(3197) Humongous regions: 49->49
[2025-01-07T20:21:14.658+0000][86145.024s][info][gc,metaspace] GC(3197) Metaspace: 498671K(506944K)->498671K(506944K) NonClass: 438105K(442368K)->438105K(442368K) Class: 60566K(64576K)->60566K(64576K)
[2025-01-07T20:21:14.658+0000][86145.024s][info][gc          ] GC(3197) Pause Young (Normal) (G1 Evacuation Pause) 9678M->2378M(12288M) 20.752ms
[2025-01-07T20:21:14.658+0000][86145.024s][info][gc,cpu      ] GC(3197) User=0.12s Sys=0.00s Real=0.02s
[2025-01-07T20:21:20.589+0000][86150.955s][info][gc,start    ] GC(3198) Pause Young (Normal) (G1 Evacuation Pause)
[2025-01-07T20:21:20.589+0000][86150.956s][info][gc,task     ] GC(3198) Using 6 workers of 6 for evacuation
[2025-01-07T20:21:20.613+0000][86150.979s][info][gc,phases   ] GC(3198)   Pre Evacuate Collection Set: 0.2ms
[2025-01-07T20:21:20.613+0000][86150.979s][info][gc,phases   ] GC(3198)   Merge Heap Roots: 0.4ms
[2025-01-07T20:21:20.613+0000][86150.979s][info][gc,phases   ] GC(3198)   Evacuate Collection Set: 19.3ms
[2025-01-07T20:21:20.613+0000][86150.979s][info][gc,phases   ] GC(3198)   Post Evacuate Collection Set: 3.1ms
[2025-01-07T20:21:20.613+0000][86150.979s][info][gc,phases   ] GC(3198)   Other: 0.3ms
[2025-01-07T20:21:20.613+0000][86150.979s][info][gc,heap     ] GC(3198) Eden regions: 914->0(910)
[2025-01-07T20:21:20.613+0000][86150.979s][info][gc,heap     ] GC(3198) Survivor regions: 5->8(115)
[2025-01-07T20:21:20.613+0000][86150.979s][info][gc,heap     ] GC(3198) Old regions: 243->243
[2025-01-07T20:21:20.613+0000][86150.979s][info][gc,heap     ] GC(3198) Archive regions: 2->2
[2025-01-07T20:21:20.613+0000][86150.979s][info][gc,heap     ] GC(3198) Humongous regions: 49->49
[2025-01-07T20:21:20.613+0000][86150.979s][info][gc,metaspace] GC(3198) Metaspace: 498671K(506944K)->498671K(506944K) NonClass: 438105K(442368K)->438105K(442368K) Class: 60566K(64576K)->60566K(64576K)
[2025-01-07T20:21:20.613+0000][86150.979s][info][gc          ] GC(3198) Pause Young (Normal) (G1 Evacuation Pause) 9690M->2403M(12288M) 23.321ms
[2025-01-07T20:21:20.613+0000][86150.979s][info][gc,cpu      ] GC(3198) User=0.13s Sys=0.00s Real=0.03s
[2025-01-07T20:21:29.374+0000][86159.741s][info][gc,start    ] GC(3199) Pause Young (Concurrent Start) (G1 Evacuation Pause)
[2025-01-07T20:21:29.375+0000][86159.741s][info][gc,task     ] GC(3199) Using 6 workers of 6 for evacuation
[2025-01-07T20:21:29.401+0000][86159.768s][info][gc,phases   ] GC(3199)   Pre Evacuate Collection Set: 1.0ms
[2025-01-07T20:21:29.402+0000][86159.768s][info][gc,phases   ] GC(3199)   Merge Heap Roots: 0.4ms
[2025-01-07T20:21:29.402+0000][86159.768s][info][gc,phases   ] GC(3199)   Evacuate Collection Set: 22.3ms
[2025-01-07T20:21:29.402+0000][86159.768s][info][gc,phases   ] GC(3199)   Post Evacuate Collection Set: 3.0ms
[2025-01-07T20:21:29.402+0000][86159.768s][info][gc,phases   ] GC(3199)   Other: 0.3ms
[2025-01-07T20:21:29.402+0000][86159.768s][info][gc,heap     ] GC(3199) Eden regions: 910->0(912)
[2025-01-07T20:21:29.402+0000][86159.768s][info][gc,heap     ] GC(3199) Survivor regions: 8->7(115)
[2025-01-07T20:21:29.402+0000][86159.768s][info][gc,heap     ] GC(3199) Old regions: 243->243
[2025-01-07T20:21:29.402+0000][86159.768s][info][gc,heap     ] GC(3199) Archive regions: 2->2
[2025-01-07T20:21:29.402+0000][86159.768s][info][gc,heap     ] GC(3199) Humongous regions: 49->49
[2025-01-07T20:21:29.402+0000][86159.768s][info][gc,metaspace] GC(3199) Metaspace: 498671K(506944K)->498671K(506944K) NonClass: 438105K(442368K)->438105K(442368K) Class: 60566K(64576K)->60566K(64576K)
[2025-01-07T20:21:29.402+0000][86159.768s][info][gc          ] GC(3199) Pause Young (Concurrent Start) (G1 Evacuation Pause) 9683M->2391M(12288M) 27.108ms
[2025-01-07T20:21:29.402+0000][86159.768s][info][gc,cpu      ] GC(3199) User=0.15s Sys=0.00s Real=0.03s
[2025-01-07T20:21:29.402+0000][86159.768s][info][gc          ] GC(3200) Concurrent Mark Cycle
[2025-01-07T20:21:29.402+0000][86159.768s][info][gc,marking  ] GC(3200) Concurrent Clear Claimed Marks
[2025-01-07T20:21:29.403+0000][86159.769s][info][gc,marking  ] GC(3200) Concurrent Clear Claimed Marks 0.855ms
[2025-01-07T20:21:29.403+0000][86159.769s][info][gc,marking  ] GC(3200) Concurrent Scan Root Regions
[2025-01-07T20:21:29.419+0000][86159.785s][info][gc,marking  ] GC(3200) Concurrent Scan Root Regions 16.580ms
[2025-01-07T20:21:29.419+0000][86159.785s][info][gc,marking  ] GC(3200) Concurrent Mark
[2025-01-07T20:21:29.419+0000][86159.785s][info][gc,marking  ] GC(3200) Concurrent Mark From Roots
[2025-01-07T20:21:29.419+0000][86159.785s][info][gc,task     ] GC(3200) Using 2 workers of 2 for marking
[2025-01-07T20:21:30.276+0000][86160.642s][info][gc,marking  ] GC(3200) Concurrent Mark From Roots 856.812ms
[2025-01-07T20:21:30.276+0000][86160.642s][info][gc,marking  ] GC(3200) Concurrent Preclean
[2025-01-07T20:21:30.279+0000][86160.645s][info][gc,marking  ] GC(3200) Concurrent Preclean 2.682ms
[2025-01-07T20:21:30.279+0000][86160.645s][info][gc,start    ] GC(3200) Pause Remark
[2025-01-07T20:21:30.304+0000][86160.670s][info][gc          ] GC(3200) Pause Remark 3151M->3151M(12288M) 25.459ms
[2025-01-07T20:21:30.304+0000][86160.671s][info][gc,cpu      ] GC(3200) User=0.15s Sys=0.00s Real=0.03s
[2025-01-07T20:21:30.305+0000][86160.671s][info][gc,marking  ] GC(3200) Concurrent Mark 885.364ms
[2025-01-07T20:21:30.305+0000][86160.671s][info][gc,marking  ] GC(3200) Concurrent Rebuild Remembered Sets
[2025-01-07T20:21:30.830+0000][86161.196s][info][gc,marking  ] GC(3200) Concurrent Rebuild Remembered Sets 525.253ms
[2025-01-07T20:21:30.830+0000][86161.196s][info][gc,start    ] GC(3200) Pause Cleanup
[2025-01-07T20:21:30.830+0000][86161.197s][info][gc          ] GC(3200) Pause Cleanup 3643M->3643M(12288M) 0.524ms
[2025-01-07T20:21:30.831+0000][86161.197s][info][gc,cpu      ] GC(3200) User=0.00s Sys=0.00s Real=0.00s
[2025-01-07T20:21:30.831+0000][86161.197s][info][gc,marking  ] GC(3200) Concurrent Cleanup for Next Mark
[2025-01-07T20:21:30.859+0000][86161.225s][info][gc,marking  ] GC(3200) Concurrent Cleanup for Next Mark 28.161ms
[2025-01-07T20:21:30.859+0000][86161.225s][info][gc          ] GC(3200) Concurrent Mark Cycle 1457.176ms
[2025-01-07T20:21:38.447+0000][86168.813s][info][gc,start    ] GC(3201) Pause Young (Prepare Mixed) (G1 Evacuation Pause)
[2025-01-07T20:21:38.447+0000][86168.813s][info][gc,task     ] GC(3201) Using 6 workers of 6 for evacuation
[2025-01-07T20:21:38.478+0000][86168.844s][info][gc,phases   ] GC(3201)   Pre Evacuate Collection Set: 0.2ms
[2025-01-07T20:21:38.478+0000][86168.844s][info][gc,phases   ] GC(3201)   Merge Heap Roots: 0.6ms
[2025-01-07T20:21:38.478+0000][86168.844s][info][gc,phases   ] GC(3201)   Evacuate Collection Set: 26.9ms
[2025-01-07T20:21:38.478+0000][86168.844s][info][gc,phases   ] GC(3201)   Post Evacuate Collection Set: 2.6ms
[2025-01-07T20:21:38.478+0000][86168.844s][info][gc,phases   ] GC(3201)   Other: 0.2ms
[2025-01-07T20:21:38.478+0000][86168.844s][info][gc,heap     ] GC(3201) Eden regions: 912->0(68)
[2025-01-07T20:21:38.478+0000][86168.844s][info][gc,heap     ] GC(3201) Survivor regions: 7->8(115)
[2025-01-07T20:21:38.478+0000][86168.844s][info][gc,heap     ] GC(3201) Old regions: 243->243
[2025-01-07T20:21:38.478+0000][86168.844s][info][gc,heap     ] GC(3201) Archive regions: 2->2
[2025-01-07T20:21:38.478+0000][86168.844s][info][gc,heap     ] GC(3201) Humongous regions: 49->49
[2025-01-07T20:21:38.478+0000][86168.844s][info][gc,metaspace] GC(3201) Metaspace: 498671K(506944K)->498671K(506944K) NonClass: 438105K(442368K)->438105K(442368K) Class: 60566K(64576K)->60566K(64576K)
[2025-01-07T20:21:38.478+0000][86168.844s][info][gc          ] GC(3201) Pause Young (Prepare Mixed) (G1 Evacuation Pause) 9687M->2402M(12288M) 30.651ms
[2025-01-07T20:21:38.478+0000][86168.844s][info][gc,cpu      ] GC(3201) User=0.17s Sys=0.01s Real=0.03s
[2025-01-07T20:21:38.888+0000][86169.254s][info][gc,start    ] GC(3202) Pause Young (Mixed) (G1 Evacuation Pause)
[2025-01-07T20:21:38.888+0000][86169.254s][info][gc,task     ] GC(3202) Using 6 workers of 6 for evacuation
[2025-01-07T20:21:38.950+0000][86169.316s][info][gc,phases   ] GC(3202)   Pre Evacuate Collection Set: 0.2ms
[2025-01-07T20:21:38.950+0000][86169.316s][info][gc,phases   ] GC(3202)   Merge Heap Roots: 0.8ms
[2025-01-07T20:21:38.950+0000][86169.316s][info][gc,phases   ] GC(3202)   Evacuate Collection Set: 59.5ms
[2025-01-07T20:21:38.950+0000][86169.316s][info][gc,phases   ] GC(3202)   Post Evacuate Collection Set: 1.9ms
[2025-01-07T20:21:38.950+0000][86169.316s][info][gc,phases   ] GC(3202)   Other: 0.2ms
[2025-01-07T20:21:38.950+0000][86169.316s][info][gc,heap     ] GC(3202) Eden regions: 68->0(916)
[2025-01-07T20:21:38.950+0000][86169.316s][info][gc,heap     ] GC(3202) Survivor regions: 8->5(10)
[2025-01-07T20:21:38.950+0000][86169.316s][info][gc,heap     ] GC(3202) Old regions: 243->240
[2025-01-07T20:21:38.950+0000][86169.316s][info][gc,heap     ] GC(3202) Archive regions: 2->2
[2025-01-07T20:21:38.950+0000][86169.316s][info][gc,heap     ] GC(3202) Humongous regions: 49->49
[2025-01-07T20:21:38.950+0000][86169.316s][info][gc,metaspace] GC(3202) Metaspace: 498671K(506944K)->498671K(506944K) NonClass: 438105K(442368K)->438105K(442368K) Class: 60566K(64576K)->60566K(64576K)
[2025-01-07T20:21:38.950+0000][86169.316s][info][gc          ] GC(3202) Pause Young (Mixed) (G1 Evacuation Pause) 2946M->2358M(12288M) 62.613ms
[2025-01-07T20:21:38.950+0000][86169.316s][info][gc,cpu      ] GC(3202) User=0.35s Sys=0.00s Real=0.07s
[2025-01-07T20:21:50.208+0000][86180.574s][info][gc,start    ] GC(3203) Pause Young (Normal) (G1 Evacuation Pause)
[2025-01-07T20:21:50.208+0000][86180.574s][info][gc,task     ] GC(3203) Using 6 workers of 6 for evacuation
[2025-01-07T20:21:50.239+0000][86180.605s][info][gc,phases   ] GC(3203)   Pre Evacuate Collection Set: 0.2ms
[2025-01-07T20:21:50.239+0000][86180.605s][info][gc,phases   ] GC(3203)   Merge Heap Roots: 0.4ms
[2025-01-07T20:21:50.239+0000][86180.605s][info][gc,phases   ] GC(3203)   Evacuate Collection Set: 26.7ms
[2025-01-07T20:21:50.239+0000][86180.605s][info][gc,phases   ] GC(3203)   Post Evacuate Collection Set: 2.9ms
[2025-01-07T20:21:50.239+0000][86180.605s][info][gc,phases   ] GC(3203)   Other: 0.2ms
[2025-01-07T20:21:50.239+0000][86180.605s][info][gc,heap     ] GC(3203) Eden regions: 916->0(914)
[2025-01-07T20:21:50.239+0000][86180.605s][info][gc,heap     ] GC(3203) Survivor regions: 5->7(116)
[2025-01-07T20:21:50.239+0000][86180.605s][info][gc,heap     ] GC(3203) Old regions: 240->240
[2025-01-07T20:21:50.239+0000][86180.605s][info][gc,heap     ] GC(3203) Archive regions: 2->2
[2025-01-07T20:21:50.239+0000][86180.605s][info][gc,heap     ] GC(3203) Humongous regions: 49->49
[2025-01-07T20:21:50.239+0000][86180.605s][info][gc,metaspace] GC(3203) Metaspace: 498671K(506944K)->498671K(506944K) NonClass: 438105K(442368K)->438105K(442368K) Class: 60566K(64576K)->60566K(64576K)
[2025-01-07T20:21:50.239+0000][86180.605s][info][gc          ] GC(3203) Pause Young (Normal) (G1 Evacuation Pause) 9686M->2373M(12288M) 30.538ms
[2025-01-07T20:21:50.239+0000][86180.605s][info][gc,cpu      ] GC(3203) User=0.17s Sys=0.00s Real=0.03s
[2025-01-07T20:21:58.498+0000][86188.864s][info][gc,start    ] GC(3204) Pause Young (Normal) (G1 Evacuation Pause)
[2025-01-07T20:21:58.498+0000][86188.864s][info][gc,task     ] GC(3204) Using 6 workers of 6 for evacuation
[2025-01-07T20:21:58.527+0000][86188.894s][info][gc,phases   ] GC(3204)   Pre Evacuate Collection Set: 0.2ms
[2025-01-07T20:21:58.528+0000][86188.894s][info][gc,phases   ] GC(3204)   Merge Heap Roots: 0.5ms
[2025-01-07T20:21:58.528+0000][86188.894s][info][gc,phases   ] GC(3204)   Evacuate Collection Set: 26.5ms
[2025-01-07T20:21:58.528+0000][86188.894s][info][gc,phases   ] GC(3204)   Post Evacuate Collection Set: 2.5ms
[2025-01-07T20:21:58.528+0000][86188.894s][info][gc,phases   ] GC(3204)   Other: 0.2ms
[2025-01-07T20:21:58.528+0000][86188.894s][info][gc,heap     ] GC(3204) Eden regions: 914->0(913)
[2025-01-07T20:21:58.528+0000][86188.894s][info][gc,heap     ] GC(3204) Survivor regions: 7->8(116)
[2025-01-07T20:21:58.528+0000][86188.894s][info][gc,heap     ] GC(3204) Old regions: 240->240
[2025-01-07T20:21:58.528+0000][86188.894s][info][gc,heap     ] GC(3204) Archive regions: 2->2
[2025-01-07T20:21:58.528+0000][86188.894s][info][gc,heap     ] GC(3204) Humongous regions: 49->49
[2025-01-07T20:21:58.528+0000][86188.894s][info][gc,metaspace] GC(3204) Metaspace: 498671K(506944K)->498671K(506944K) NonClass: 438105K(442368K)->438105K(442368K) Class: 60566K(64576K)->60566K(64576K)
[2025-01-07T20:21:58.528+0000][86188.894s][info][gc          ] GC(3204) Pause Young (Normal) (G1 Evacuation Pause) 9685M->2382M(12288M) 29.949ms
[2025-01-07T20:21:58.528+0000][86188.894s][info][gc,cpu      ] GC(3204) User=0.18s Sys=0.00s Real=0.03s
[2025-01-07T20:22:04.321+0000][86194.687s][info][gc,start    ] GC(3205) Pause Young (Concurrent Start) (G1 Evacuation Pause)
[2025-01-07T20:22:04.321+0000][86194.687s][info][gc,task     ] GC(3205) Using 6 workers of 6 for evacuation
[2025-01-07T20:22:04.355+0000][86194.721s][info][gc,phases   ] GC(3205)   Pre Evacuate Collection Set: 1.0ms
[2025-01-07T20:22:04.355+0000][86194.721s][info][gc,phases   ] GC(3205)   Merge Heap Roots: 0.4ms
[2025-01-07T20:22:04.355+0000][86194.721s][info][gc,phases   ] GC(3205)   Evacuate Collection Set: 27.6ms
[2025-01-07T20:22:04.355+0000][86194.721s][info][gc,phases   ] GC(3205)   Post Evacuate Collection Set: 5.1ms
[2025-01-07T20:22:04.355+0000][86194.721s][info][gc,phases   ] GC(3205)   Other: 0.3ms
[2025-01-07T20:22:04.355+0000][86194.721s][info][gc,heap     ] GC(3205) Eden regions: 913->0(911)
[2025-01-07T20:22:04.355+0000][86194.721s][info][gc,heap     ] GC(3205) Survivor regions: 8->10(116)
[2025-01-07T20:22:04.355+0000][86194.721s][info][gc,heap     ] GC(3205) Old regions: 240->240
[2025-01-07T20:22:04.355+0000][86194.721s][info][gc,heap     ] GC(3205) Archive regions: 2->2
[2025-01-07T20:22:04.355+0000][86194.721s][info][gc,heap     ] GC(3205) Humongous regions: 49->49
[2025-01-07T20:22:04.355+0000][86194.721s][info][gc,metaspace] GC(3205) Metaspace: 498671K(506944K)->498671K(506944K) NonClass: 438105K(442368K)->438105K(442368K) Class: 60566K(64576K)->60566K(64576K)
[2025-01-07T20:22:04.355+0000][86194.721s][info][gc          ] GC(3205) Pause Young (Concurrent Start) (G1 Evacuation Pause) 9686M->2398M(12288M) 34.561ms
[2025-01-07T20:22:04.355+0000][86194.721s][info][gc,cpu      ] GC(3205) User=0.20s Sys=0.00s Real=0.04s
[2025-01-07T20:22:04.355+0000][86194.721s][info][gc          ] GC(3206) Concurrent Mark Cycle
[2025-01-07T20:22:04.355+0000][86194.721s][info][gc,marking  ] GC(3206) Concurrent Clear Claimed Marks
[2025-01-07T20:22:04.356+0000][86194.722s][info][gc,marking  ] GC(3206) Concurrent Clear Claimed Marks 0.785ms
[2025-01-07T20:22:04.356+0000][86194.722s][info][gc,marking  ] GC(3206) Concurrent Scan Root Regions
[2025-01-07T20:22:04.385+0000][86194.752s][info][gc,marking  ] GC(3206) Concurrent Scan Root Regions 29.438ms
[2025-01-07T20:22:04.386+0000][86194.752s][info][gc,marking  ] GC(3206) Concurrent Mark
[2025-01-07T20:22:04.386+0000][86194.752s][info][gc,marking  ] GC(3206) Concurrent Mark From Roots
[2025-01-07T20:22:04.386+0000][86194.752s][info][gc,task     ] GC(3206) Using 2 workers of 2 for marking
[2025-01-07T20:22:05.262+0000][86195.628s][info][gc,marking  ] GC(3206) Concurrent Mark From Roots 876.654ms
[2025-01-07T20:22:05.262+0000][86195.628s][info][gc,marking  ] GC(3206) Concurrent Preclean
[2025-01-07T20:22:05.264+0000][86195.630s][info][gc,marking  ] GC(3206) Concurrent Preclean 1.998ms
[2025-01-07T20:22:05.264+0000][86195.630s][info][gc,start    ] GC(3206) Pause Remark
[2025-01-07T20:22:05.289+0000][86195.656s][info][gc          ] GC(3206) Pause Remark 3298M->3298M(12288M) 25.163ms
[2025-01-07T20:22:05.290+0000][86195.656s][info][gc,cpu      ] GC(3206) User=0.15s Sys=0.00s Real=0.03s
[2025-01-07T20:22:05.290+0000][86195.656s][info][gc,marking  ] GC(3206) Concurrent Mark 904.131ms
[2025-01-07T20:22:05.290+0000][86195.656s][info][gc,marking  ] GC(3206) Concurrent Rebuild Remembered Sets
[2025-01-07T20:22:05.829+0000][86196.195s][info][gc,marking  ] GC(3206) Concurrent Rebuild Remembered Sets 539.427ms
[2025-01-07T20:22:05.829+0000][86196.195s][info][gc,start    ] GC(3206) Pause Cleanup
[2025-01-07T20:22:05.830+0000][86196.196s][info][gc          ] GC(3206) Pause Cleanup 3898M->3898M(12288M) 0.417ms
[2025-01-07T20:22:05.830+0000][86196.196s][info][gc,cpu      ] GC(3206) User=0.00s Sys=0.00s Real=0.01s
[2025-01-07T20:22:05.830+0000][86196.196s][info][gc,marking  ] GC(3206) Concurrent Cleanup for Next Mark
[2025-01-07T20:22:05.845+0000][86196.211s][info][gc,marking  ] GC(3206) Concurrent Cleanup for Next Mark 15.450ms
[2025-01-07T20:22:05.845+0000][86196.211s][info][gc          ] GC(3206) Concurrent Mark Cycle 1490.025ms
[2025-01-07T20:22:13.459+0000][86203.825s][info][gc,start    ] GC(3207) Pause Young (Prepare Mixed) (G1 Evacuation Pause)
[2025-01-07T20:22:13.459+0000][86203.825s][info][gc,task     ] GC(3207) Using 6 workers of 6 for evacuation
[2025-01-07T20:22:13.497+0000][86203.863s][info][gc,phases   ] GC(3207)   Pre Evacuate Collection Set: 0.2ms
[2025-01-07T20:22:13.497+0000][86203.863s][info][gc,phases   ] GC(3207)   Merge Heap Roots: 0.7ms
[2025-01-07T20:22:13.497+0000][86203.863s][info][gc,phases   ] GC(3207)   Evacuate Collection Set: 34.1ms
[2025-01-07T20:22:13.497+0000][86203.863s][info][gc,phases   ] GC(3207)   Post Evacuate Collection Set: 2.8ms
[2025-01-07T20:22:13.497+0000][86203.863s][info][gc,phases   ] GC(3207)   Other: 0.2ms
[2025-01-07T20:22:13.497+0000][86203.863s][info][gc,heap     ] GC(3207) Eden regions: 911->0(66)
[2025-01-07T20:22:13.497+0000][86203.863s][info][gc,heap     ] GC(3207) Survivor regions: 10->10(116)
[2025-01-07T20:22:13.497+0000][86203.863s][info][gc,heap     ] GC(3207) Old regions: 240->240
[2025-01-07T20:22:13.497+0000][86203.863s][info][gc,heap     ] GC(3207) Archive regions: 2->2
[2025-01-07T20:22:13.497+0000][86203.863s][info][gc,heap     ] GC(3207) Humongous regions: 49->49
[2025-01-07T20:22:13.497+0000][86203.863s][info][gc,metaspace] GC(3207) Metaspace: 498671K(506944K)->498671K(506944K) NonClass: 438105K(442368K)->438105K(442368K) Class: 60566K(64576K)->60566K(64576K)
[2025-01-07T20:22:13.497+0000][86203.863s][info][gc          ] GC(3207) Pause Young (Prepare Mixed) (G1 Evacuation Pause) 9686M->2398M(12288M) 38.084ms
[2025-01-07T20:22:13.497+0000][86203.863s][info][gc,cpu      ] GC(3207) User=0.23s Sys=0.00s Real=0.04s
[2025-01-07T20:22:14.051+0000][86204.417s][info][gc,start    ] GC(3208) Pause Young (Mixed) (G1 Evacuation Pause)
[2025-01-07T20:22:14.051+0000][86204.417s][info][gc,task     ] GC(3208) Using 6 workers of 6 for evacuation
[2025-01-07T20:22:14.119+0000][86204.485s][info][gc,phases   ] GC(3208)   Pre Evacuate Collection Set: 0.2ms
[2025-01-07T20:22:14.119+0000][86204.485s][info][gc,phases   ] GC(3208)   Merge Heap Roots: 0.7ms
[2025-01-07T20:22:14.119+0000][86204.485s][info][gc,phases   ] GC(3208)   Evacuate Collection Set: 64.9ms
[2025-01-07T20:22:14.119+0000][86204.485s][info][gc,phases   ] GC(3208)   Post Evacuate Collection Set: 1.9ms
[2025-01-07T20:22:14.119+0000][86204.485s][info][gc,phases   ] GC(3208)   Other: 0.2ms
[2025-01-07T20:22:14.119+0000][86204.485s][info][gc,heap     ] GC(3208) Eden regions: 66->0(915)
[2025-01-07T20:22:14.119+0000][86204.485s][info][gc,heap     ] GC(3208) Survivor regions: 10->6(10)
[2025-01-07T20:22:14.119+0000][86204.485s][info][gc,heap     ] GC(3208) Old regions: 240->240
[2025-01-07T20:22:14.119+0000][86204.485s][info][gc,heap     ] GC(3208) Archive regions: 2->2
[2025-01-07T20:22:14.119+0000][86204.485s][info][gc,heap     ] GC(3208) Humongous regions: 49->49
[2025-01-07T20:22:14.119+0000][86204.485s][info][gc,metaspace] GC(3208) Metaspace: 498671K(506944K)->498671K(506944K) NonClass: 438105K(442368K)->438105K(442368K) Class: 60566K(64576K)->60566K(64576K)
[2025-01-07T20:22:14.119+0000][86204.485s][info][gc          ] GC(3208) Pause Young (Mixed) (G1 Evacuation Pause) 2926M->2363M(12288M) 67.967ms
[2025-01-07T20:22:14.119+0000][86204.485s][info][gc,cpu      ] GC(3208) User=0.39s Sys=0.00s Real=0.06s
[2025-01-07T20:22:25.625+0000][86215.991s][info][gc,start    ] GC(3209) Pause Young (Normal) (G1 Evacuation Pause)
[2025-01-07T20:22:25.625+0000][86215.991s][info][gc,task     ] GC(3209) Using 6 workers of 6 for evacuation
[2025-01-07T20:22:25.657+0000][86216.023s][info][gc,phases   ] GC(3209)   Pre Evacuate Collection Set: 0.2ms
[2025-01-07T20:22:25.657+0000][86216.023s][info][gc,phases   ] GC(3209)   Merge Heap Roots: 0.5ms
[2025-01-07T20:22:25.657+0000][86216.023s][info][gc,phases   ] GC(3209)   Evacuate Collection Set: 27.1ms
[2025-01-07T20:22:25.657+0000][86216.023s][info][gc,phases   ] GC(3209)   Post Evacuate Collection Set: 4.1ms
[2025-01-07T20:22:25.657+0000][86216.023s][info][gc,phases   ] GC(3209)   Other: 0.2ms
[2025-01-07T20:22:25.657+0000][86216.023s][info][gc,heap     ] GC(3209) Eden regions: 915->0(911)
[2025-01-07T20:22:25.657+0000][86216.023s][info][gc,heap     ] GC(3209) Survivor regions: 6->9(116)
[2025-01-07T20:22:25.657+0000][86216.023s][info][gc,heap     ] GC(3209) Old regions: 240->240
[2025-01-07T20:22:25.657+0000][86216.023s][info][gc,heap     ] GC(3209) Archive regions: 2->2
[2025-01-07T20:22:25.657+0000][86216.023s][info][gc,heap     ] GC(3209) Humongous regions: 49->49
[2025-01-07T20:22:25.657+0000][86216.023s][info][gc,metaspace] GC(3209) Metaspace: 498671K(506944K)->498671K(506944K) NonClass: 438105K(442368K)->438105K(442368K) Class: 60566K(64576K)->60566K(64576K)
[2025-01-07T20:22:25.657+0000][86216.023s][info][gc          ] GC(3209) Pause Young (Normal) (G1 Evacuation Pause) 9683M->2390M(12288M) 32.170ms
[2025-01-07T20:22:25.657+0000][86216.023s][info][gc,cpu      ] GC(3209) User=0.18s Sys=0.00s Real=0.03s
[2025-01-07T20:22:32.928+0000][86223.294s][info][gc,start    ] GC(3210) Pause Young (Normal) (G1 Evacuation Pause)
[2025-01-07T20:22:32.928+0000][86223.294s][info][gc,task     ] GC(3210) Using 6 workers of 6 for evacuation
[2025-01-07T20:22:32.958+0000][86223.324s][info][gc,phases   ] GC(3210)   Pre Evacuate Collection Set: 0.2ms
[2025-01-07T20:22:32.958+0000][86223.324s][info][gc,phases   ] GC(3210)   Merge Heap Roots: 0.4ms
[2025-01-07T20:22:32.958+0000][86223.324s][info][gc,phases   ] GC(3210)   Evacuate Collection Set: 26.1ms
[2025-01-07T20:22:32.958+0000][86223.324s][info][gc,phases   ] GC(3210)   Post Evacuate Collection Set: 2.4ms
[2025-01-07T20:22:32.958+0000][86223.324s][info][gc,phases   ] GC(3210)   Other: 0.2ms
[2025-01-07T20:22:32.958+0000][86223.324s][info][gc,heap     ] GC(3210) Eden regions: 911->0(911)
[2025-01-07T20:22:32.958+0000][86223.324s][info][gc,heap     ] GC(3210) Survivor regions: 9->10(115)
[2025-01-07T20:22:32.958+0000][86223.324s][info][gc,heap     ] GC(3210) Old regions: 240->240
[2025-01-07T20:22:32.958+0000][86223.324s][info][gc,heap     ] GC(3210) Archive regions: 2->2
[2025-01-07T20:22:32.958+0000][86223.324s][info][gc,heap     ] GC(3210) Humongous regions: 49->49
[2025-01-07T20:22:32.958+0000][86223.324s][info][gc,metaspace] GC(3210) Metaspace: 498671K(506944K)->498671K(506944K) NonClass: 438105K(442368K)->438105K(442368K) Class: 60566K(64576K)->60566K(64576K)
[2025-01-07T20:22:32.958+0000][86223.324s][info][gc          ] GC(3210) Pause Young (Normal) (G1 Evacuation Pause) 9678M->2392M(12288M) 29.424ms
[2025-01-07T20:22:32.958+0000][86223.324s][info][gc,cpu      ] GC(3210) User=0.17s Sys=0.00s Real=0.03s
[2025-01-07T20:22:44.652+0000][86235.018s][info][gc,start    ] GC(3211) Pause Young (Concurrent Start) (G1 Evacuation Pause)
[2025-01-07T20:22:44.652+0000][86235.018s][info][gc,task     ] GC(3211) Using 6 workers of 6 for evacuation
[2025-01-07T20:22:44.689+0000][86235.055s][info][gc,phases   ] GC(3211)   Pre Evacuate Collection Set: 1.0ms
[2025-01-07T20:22:44.689+0000][86235.055s][info][gc,phases   ] GC(3211)   Merge Heap Roots: 0.5ms
[2025-01-07T20:22:44.689+0000][86235.055s][info][gc,phases   ] GC(3211)   Evacuate Collection Set: 31.5ms
[2025-01-07T20:22:44.689+0000][86235.055s][info][gc,phases   ] GC(3211)   Post Evacuate Collection Set: 3.5ms
[2025-01-07T20:22:44.689+0000][86235.055s][info][gc,phases   ] GC(3211)   Other: 0.3ms
[2025-01-07T20:22:44.689+0000][86235.055s][info][gc,heap     ] GC(3211) Eden regions: 911->0(910)
[2025-01-07T20:22:44.689+0000][86235.055s][info][gc,heap     ] GC(3211) Survivor regions: 10->11(116)
[2025-01-07T20:22:44.689+0000][86235.055s][info][gc,heap     ] GC(3211) Old regions: 240->240
[2025-01-07T20:22:44.689+0000][86235.055s][info][gc,heap     ] GC(3211) Archive regions: 2->2
[2025-01-07T20:22:44.689+0000][86235.055s][info][gc,heap     ] GC(3211) Humongous regions: 49->49
[2025-01-07T20:22:44.689+0000][86235.055s][info][gc,metaspace] GC(3211) Metaspace: 498671K(506944K)->498671K(506944K) NonClass: 438105K(442368K)->438105K(442368K) Class: 60566K(64576K)->60566K(64576K)
[2025-01-07T20:22:44.689+0000][86235.055s][info][gc          ] GC(3211) Pause Young (Concurrent Start) (G1 Evacuation Pause) 9680M->2403M(12288M) 36.822ms
[2025-01-07T20:22:44.689+0000][86235.055s][info][gc,cpu      ] GC(3211) User=0.20s Sys=0.00s Real=0.03s
[2025-01-07T20:22:44.689+0000][86235.055s][info][gc          ] GC(3212) Concurrent Mark Cycle
[2025-01-07T20:22:44.689+0000][86235.055s][info][gc,marking  ] GC(3212) Concurrent Clear Claimed Marks
[2025-01-07T20:22:44.690+0000][86235.056s][info][gc,marking  ] GC(3212) Concurrent Clear Claimed Marks 0.892ms
[2025-01-07T20:22:44.690+0000][86235.056s][info][gc,marking  ] GC(3212) Concurrent Scan Root Regions
[2025-01-07T20:22:44.712+0000][86235.078s][info][gc,marking  ] GC(3212) Concurrent Scan Root Regions 21.829ms
[2025-01-07T20:22:44.712+0000][86235.078s][info][gc,marking  ] GC(3212) Concurrent Mark
[2025-01-07T20:22:44.712+0000][86235.078s][info][gc,marking  ] GC(3212) Concurrent Mark From Roots
[2025-01-07T20:22:44.712+0000][86235.078s][info][gc,task     ] GC(3212) Using 2 workers of 2 for marking
[2025-01-07T20:22:45.504+0000][86235.870s][info][gc,marking  ] GC(3212) Concurrent Mark From Roots 792.100ms
[2025-01-07T20:22:45.504+0000][86235.870s][info][gc,marking  ] GC(3212) Concurrent Preclean
[2025-01-07T20:22:45.506+0000][86235.872s][info][gc,marking  ] GC(3212) Concurrent Preclean 2.103ms
[2025-01-07T20:22:45.506+0000][86235.873s][info][gc,start    ] GC(3212) Pause Remark
[2025-01-07T20:22:45.532+0000][86235.898s][info][gc          ] GC(3212) Pause Remark 3055M->3055M(12288M) 25.484ms
[2025-01-07T20:22:45.532+0000][86235.898s][info][gc,cpu      ] GC(3212) User=0.15s Sys=0.00s Real=0.03s
[2025-01-07T20:22:45.532+0000][86235.898s][info][gc,marking  ] GC(3212) Concurrent Mark 820.003ms
[2025-01-07T20:22:45.532+0000][86235.898s][info][gc,marking  ] GC(3212) Concurrent Rebuild Remembered Sets
[2025-01-07T20:22:46.015+0000][86236.381s][info][gc,marking  ] GC(3212) Concurrent Rebuild Remembered Sets 483.153ms
[2025-01-07T20:22:46.015+0000][86236.381s][info][gc,start    ] GC(3212) Pause Cleanup
[2025-01-07T20:22:46.016+0000][86236.382s][info][gc          ] GC(3212) Pause Cleanup 3182M->3182M(12288M) 0.389ms
[2025-01-07T20:22:46.016+0000][86236.382s][info][gc,cpu      ] GC(3212) User=0.00s Sys=0.00s Real=0.00s
[2025-01-07T20:22:46.016+0000][86236.382s][info][gc,marking  ] GC(3212) Concurrent Cleanup for Next Mark
[2025-01-07T20:22:46.031+0000][86236.397s][info][gc,marking  ] GC(3212) Concurrent Cleanup for Next Mark 15.356ms
[2025-01-07T20:22:46.031+0000][86236.397s][info][gc          ] GC(3212) Concurrent Mark Cycle 1342.039ms
[2025-01-07T20:22:55.618+0000][86245.984s][info][gc,start    ] GC(3213) Pause Young (Prepare Mixed) (G1 Evacuation Pause)
[2025-01-07T20:22:55.618+0000][86245.984s][info][gc,task     ] GC(3213) Using 6 workers of 6 for evacuation
[2025-01-07T20:22:55.658+0000][86246.024s][info][gc,phases   ] GC(3213)   Pre Evacuate Collection Set: 0.2ms
[2025-01-07T20:22:55.658+0000][86246.024s][info][gc,phases   ] GC(3213)   Merge Heap Roots: 0.7ms
[2025-01-07T20:22:55.658+0000][86246.024s][info][gc,phases   ] GC(3213)   Evacuate Collection Set: 35.2ms
[2025-01-07T20:22:55.658+0000][86246.024s][info][gc,phases   ] GC(3213)   Post Evacuate Collection Set: 4.0ms
[2025-01-07T20:22:55.658+0000][86246.024s][info][gc,phases   ] GC(3213)   Other: 0.2ms
[2025-01-07T20:22:55.658+0000][86246.024s][info][gc,heap     ] GC(3213) Eden regions: 910->0(63)
[2025-01-07T20:22:55.658+0000][86246.024s][info][gc,heap     ] GC(3213) Survivor regions: 11->13(116)
[2025-01-07T20:22:55.658+0000][86246.024s][info][gc,heap     ] GC(3213) Old regions: 240->240
[2025-01-07T20:22:55.658+0000][86246.024s][info][gc,heap     ] GC(3213) Archive regions: 2->2
[2025-01-07T20:22:55.658+0000][86246.024s][info][gc,heap     ] GC(3213) Humongous regions: 49->49
[2025-01-07T20:22:55.658+0000][86246.024s][info][gc,metaspace] GC(3213) Metaspace: 498671K(506944K)->498671K(506944K) NonClass: 438105K(442368K)->438105K(442368K) Class: 60566K(64576K)->60566K(64576K)
[2025-01-07T20:22:55.658+0000][86246.024s][info][gc          ] GC(3213) Pause Young (Prepare Mixed) (G1 Evacuation Pause) 9683M->2422M(12288M) 40.411ms
[2025-01-07T20:22:55.658+0000][86246.024s][info][gc,cpu      ] GC(3213) User=0.24s Sys=0.00s Real=0.04s
[2025-01-07T20:22:56.740+0000][86247.106s][info][gc,start    ] GC(3214) Pause Young (Mixed) (G1 Evacuation Pause)
[2025-01-07T20:22:56.740+0000][86247.106s][info][gc,task     ] GC(3214) Using 6 workers of 6 for evacuation
[2025-01-07T20:22:56.801+0000][86247.167s][info][gc,phases   ] GC(3214)   Pre Evacuate Collection Set: 0.2ms
[2025-01-07T20:22:56.801+0000][86247.167s][info][gc,phases   ] GC(3214)   Merge Heap Roots: 0.7ms
[2025-01-07T20:22:56.801+0000][86247.167s][info][gc,phases   ] GC(3214)   Evacuate Collection Set: 57.0ms
[2025-01-07T20:22:56.801+0000][86247.167s][info][gc,phases   ] GC(3214)   Post Evacuate Collection Set: 3.1ms
[2025-01-07T20:22:56.801+0000][86247.167s][info][gc,phases   ] GC(3214)   Other: 0.2ms
[2025-01-07T20:22:56.801+0000][86247.167s][info][gc,heap     ] GC(3214) Eden regions: 63->0(910)
[2025-01-07T20:22:56.801+0000][86247.167s][info][gc,heap     ] GC(3214) Survivor regions: 13->5(10)
[2025-01-07T20:22:56.801+0000][86247.167s][info][gc,heap     ] GC(3214) Old regions: 240->245
[2025-01-07T20:22:56.801+0000][86247.167s][info][gc,heap     ] GC(3214) Archive regions: 2->2
[2025-01-07T20:22:56.801+0000][86247.167s][info][gc,heap     ] GC(3214) Humongous regions: 49->49
[2025-01-07T20:22:56.801+0000][86247.167s][info][gc,metaspace] GC(3214) Metaspace: 498671K(506944K)->498671K(506944K) NonClass: 438105K(442368K)->438105K(442368K) Class: 60566K(64576K)->60566K(64576K)
[2025-01-07T20:22:56.801+0000][86247.167s][info][gc          ] GC(3214) Pause Young (Mixed) (G1 Evacuation Pause) 2926M->2390M(12288M) 61.242ms
[2025-01-07T20:22:56.801+0000][86247.167s][info][gc,cpu      ] GC(3214) User=0.36s Sys=0.00s Real=0.06s
[2025-01-07T20:23:05.576+0000][86255.942s][info][gc,start    ] GC(3215) Pause Young (Normal) (G1 Evacuation Pause)
[2025-01-07T20:23:05.576+0000][86255.942s][info][gc,task     ] GC(3215) Using 6 workers of 6 for evacuation
[2025-01-07T20:23:05.601+0000][86255.967s][info][gc,phases   ] GC(3215)   Pre Evacuate Collection Set: 0.2ms
[2025-01-07T20:23:05.601+0000][86255.967s][info][gc,phases   ] GC(3215)   Merge Heap Roots: 0.4ms
[2025-01-07T20:23:05.601+0000][86255.967s][info][gc,phases   ] GC(3215)   Evacuate Collection Set: 21.6ms
[2025-01-07T20:23:05.601+0000][86255.967s][info][gc,phases   ] GC(3215)   Post Evacuate Collection Set: 2.6ms
[2025-01-07T20:23:05.601+0000][86255.967s][info][gc,phases   ] GC(3215)   Other: 0.2ms
[2025-01-07T20:23:05.601+0000][86255.967s][info][gc,heap     ] GC(3215) Eden regions: 910->0(909)
[2025-01-07T20:23:05.601+0000][86255.967s][info][gc,heap     ] GC(3215) Survivor regions: 5->6(115)
[2025-01-07T20:23:05.601+0000][86255.967s][info][gc,heap     ] GC(3215) Old regions: 245->245
[2025-01-07T20:23:05.601+0000][86255.967s][info][gc,heap     ] GC(3215) Archive regions: 2->2
[2025-01-07T20:23:05.601+0000][86255.967s][info][gc,heap     ] GC(3215) Humongous regions: 49->49
[2025-01-07T20:23:05.601+0000][86255.967s][info][gc,metaspace] GC(3215) Metaspace: 498671K(506944K)->498671K(506944K) NonClass: 438105K(442368K)->438105K(442368K) Class: 60566K(64576K)->60566K(64576K)
[2025-01-07T20:23:05.601+0000][86255.967s][info][gc          ] GC(3215) Pause Young (Normal) (G1 Evacuation Pause) 9670M->2395M(12288M) 25.076ms
[2025-01-07T20:23:05.601+0000][86255.967s][info][gc,cpu      ] GC(3215) User=0.15s Sys=0.00s Real=0.02s
[2025-01-07T20:23:16.133+0000][86266.499s][info][gc,start    ] GC(3216) Pause Young (Normal) (G1 Evacuation Pause)
[2025-01-07T20:23:16.133+0000][86266.499s][info][gc,task     ] GC(3216) Using 6 workers of 6 for evacuation
[2025-01-07T20:23:16.160+0000][86266.526s][info][gc,phases   ] GC(3216)   Pre Evacuate Collection Set: 0.2ms
[2025-01-07T20:23:16.160+0000][86266.526s][info][gc,phases   ] GC(3216)   Merge Heap Roots: 0.4ms
[2025-01-07T20:23:16.160+0000][86266.526s][info][gc,phases   ] GC(3216)   Evacuate Collection Set: 22.2ms
[2025-01-07T20:23:16.160+0000][86266.526s][info][gc,phases   ] GC(3216)   Post Evacuate Collection Set: 4.0ms
[2025-01-07T20:23:16.160+0000][86266.526s][info][gc,phases   ] GC(3216)   Other: 0.2ms
[2025-01-07T20:23:16.160+0000][86266.526s][info][gc,heap     ] GC(3216) Eden regions: 909->0(908)
[2025-01-07T20:23:16.160+0000][86266.526s][info][gc,heap     ] GC(3216) Survivor regions: 6->7(115)
[2025-01-07T20:23:16.160+0000][86266.526s][info][gc,heap     ] GC(3216) Old regions: 245->245
[2025-01-07T20:23:16.160+0000][86266.526s][info][gc,heap     ] GC(3216) Archive regions: 2->2
[2025-01-07T20:23:16.160+0000][86266.526s][info][gc,heap     ] GC(3216) Humongous regions: 49->49
[2025-01-07T20:23:16.160+0000][86266.526s][info][gc,metaspace] GC(3216) Metaspace: 498671K(506944K)->498671K(506944K) NonClass: 438105K(442368K)->438105K(442368K) Class: 60566K(64576K)->60566K(64576K)
[2025-01-07T20:23:16.160+0000][86266.526s][info][gc          ] GC(3216) Pause Young (Normal) (G1 Evacuation Pause) 9667M->2408M(12288M) 27.070ms
[2025-01-07T20:23:16.160+0000][86266.526s][info][gc,cpu      ] GC(3216) User=0.15s Sys=0.00s Real=0.02s
[2025-01-07T20:23:27.069+0000][86277.435s][info][gc,start    ] GC(3217) Pause Young (Concurrent Start) (G1 Evacuation Pause)
[2025-01-07T20:23:27.069+0000][86277.435s][info][gc,task     ] GC(3217) Using 6 workers of 6 for evacuation
[2025-01-07T20:23:27.100+0000][86277.467s][info][gc,phases   ] GC(3217)   Pre Evacuate Collection Set: 1.1ms
[2025-01-07T20:23:27.100+0000][86277.467s][info][gc,phases   ] GC(3217)   Merge Heap Roots: 0.5ms
[2025-01-07T20:23:27.100+0000][86277.467s][info][gc,phases   ] GC(3217)   Evacuate Collection Set: 27.0ms
[2025-01-07T20:23:27.100+0000][86277.467s][info][gc,phases   ] GC(3217)   Post Evacuate Collection Set: 2.6ms
[2025-01-07T20:23:27.100+0000][86277.467s][info][gc,phases   ] GC(3217)   Other: 0.3ms
[2025-01-07T20:23:27.100+0000][86277.467s][info][gc,heap     ] GC(3217) Eden regions: 908->0(908)
[2025-01-07T20:23:27.100+0000][86277.467s][info][gc,heap     ] GC(3217) Survivor regions: 7->8(115)
[2025-01-07T20:23:27.100+0000][86277.467s][info][gc,heap     ] GC(3217) Old regions: 245->245
[2025-01-07T20:23:27.100+0000][86277.467s][info][gc,heap     ] GC(3217) Archive regions: 2->2
[2025-01-07T20:23:27.100+0000][86277.467s][info][gc,heap     ] GC(3217) Humongous regions: 49->49
[2025-01-07T20:23:27.101+0000][86277.467s][info][gc,metaspace] GC(3217) Metaspace: 498671K(506944K)->498671K(506944K) NonClass: 438105K(442368K)->438105K(442368K) Class: 60566K(64576K)->60566K(64576K)
[2025-01-07T20:23:27.101+0000][86277.467s][info][gc          ] GC(3217) Pause Young (Concurrent Start) (G1 Evacuation Pause) 9672M->2414M(12288M) 31.469ms
[2025-01-07T20:23:27.101+0000][86277.467s][info][gc,cpu      ] GC(3217) User=0.18s Sys=0.00s Real=0.03s
[2025-01-07T20:23:27.101+0000][86277.467s][info][gc          ] GC(3218) Concurrent Mark Cycle
[2025-01-07T20:23:27.101+0000][86277.467s][info][gc,marking  ] GC(3218) Concurrent Clear Claimed Marks
[2025-01-07T20:23:27.101+0000][86277.468s][info][gc,marking  ] GC(3218) Concurrent Clear Claimed Marks 0.830ms
[2025-01-07T20:23:27.101+0000][86277.468s][info][gc,marking  ] GC(3218) Concurrent Scan Root Regions
[2025-01-07T20:23:27.119+0000][86277.485s][info][gc,marking  ] GC(3218) Concurrent Scan Root Regions 17.600ms
[2025-01-07T20:23:27.119+0000][86277.485s][info][gc,marking  ] GC(3218) Concurrent Mark
[2025-01-07T20:23:27.119+0000][86277.485s][info][gc,marking  ] GC(3218) Concurrent Mark From Roots
[2025-01-07T20:23:27.119+0000][86277.485s][info][gc,task     ] GC(3218) Using 2 workers of 2 for marking
[2025-01-07T20:23:27.905+0000][86278.271s][info][gc,marking  ] GC(3218) Concurrent Mark From Roots 786.191ms
[2025-01-07T20:23:27.905+0000][86278.271s][info][gc,marking  ] GC(3218) Concurrent Preclean
[2025-01-07T20:23:27.907+0000][86278.274s][info][gc,marking  ] GC(3218) Concurrent Preclean 2.073ms
[2025-01-07T20:23:27.908+0000][86278.274s][info][gc,start    ] GC(3218) Pause Remark
[2025-01-07T20:23:27.934+0000][86278.300s][info][gc          ] GC(3218) Pause Remark 3190M->3190M(12288M) 26.176ms
[2025-01-07T20:23:27.934+0000][86278.300s][info][gc,cpu      ] GC(3218) User=0.15s Sys=0.00s Real=0.03s
[2025-01-07T20:23:27.934+0000][86278.300s][info][gc,marking  ] GC(3218) Concurrent Mark 814.784ms
[2025-01-07T20:23:27.934+0000][86278.300s][info][gc,marking  ] GC(3218) Concurrent Rebuild Remembered Sets
[2025-01-07T20:23:28.422+0000][86278.788s][info][gc,marking  ] GC(3218) Concurrent Rebuild Remembered Sets 487.736ms
[2025-01-07T20:23:28.422+0000][86278.788s][info][gc,start    ] GC(3218) Pause Cleanup
[2025-01-07T20:23:28.422+0000][86278.788s][info][gc          ] GC(3218) Pause Cleanup 3566M->3566M(12288M) 0.497ms
[2025-01-07T20:23:28.422+0000][86278.788s][info][gc,cpu      ] GC(3218) User=0.00s Sys=0.00s Real=0.00s
[2025-01-07T20:23:28.422+0000][86278.789s][info][gc,marking  ] GC(3218) Concurrent Cleanup for Next Mark
[2025-01-07T20:23:28.439+0000][86278.805s][info][gc,marking  ] GC(3218) Concurrent Cleanup for Next Mark 16.382ms
[2025-01-07T20:23:28.439+0000][86278.805s][info][gc          ] GC(3218) Concurrent Mark Cycle 1338.289ms
[2025-01-07T20:23:36.196+0000][86286.562s][info][gc,start    ] GC(3219) Pause Young (Prepare Mixed) (G1 Evacuation Pause)
[2025-01-07T20:23:36.196+0000][86286.562s][info][gc,task     ] GC(3219) Using 6 workers of 6 for evacuation
[2025-01-07T20:23:36.229+0000][86286.595s][info][gc,phases   ] GC(3219)   Pre Evacuate Collection Set: 0.2ms
[2025-01-07T20:23:36.229+0000][86286.595s][info][gc,phases   ] GC(3219)   Merge Heap Roots: 0.6ms
[2025-01-07T20:23:36.229+0000][86286.595s][info][gc,phases   ] GC(3219)   Evacuate Collection Set: 28.8ms
[2025-01-07T20:23:36.229+0000][86286.595s][info][gc,phases   ] GC(3219)   Post Evacuate Collection Set: 2.6ms
[2025-01-07T20:23:36.229+0000][86286.595s][info][gc,phases   ] GC(3219)   Other: 0.2ms
[2025-01-07T20:23:36.229+0000][86286.595s][info][gc,heap     ] GC(3219) Eden regions: 908->0(67)
[2025-01-07T20:23:36.229+0000][86286.595s][info][gc,heap     ] GC(3219) Survivor regions: 8->9(115)
[2025-01-07T20:23:36.229+0000][86286.595s][info][gc,heap     ] GC(3219) Old regions: 245->245
[2025-01-07T20:23:36.229+0000][86286.595s][info][gc,heap     ] GC(3219) Archive regions: 2->2
[2025-01-07T20:23:36.229+0000][86286.595s][info][gc,heap     ] GC(3219) Humongous regions: 49->49
[2025-01-07T20:23:36.229+0000][86286.595s][info][gc,metaspace] GC(3219) Metaspace: 498671K(506944K)->498671K(506944K) NonClass: 438105K(442368K)->438105K(442368K) Class: 60566K(64576K)->60566K(64576K)
[2025-01-07T20:23:36.229+0000][86286.595s][info][gc          ] GC(3219) Pause Young (Prepare Mixed) (G1 Evacuation Pause) 9678M->2421M(12288M) 32.473ms
[2025-01-07T20:23:36.229+0000][86286.595s][info][gc,cpu      ] GC(3219) User=0.19s Sys=0.00s Real=0.03s
[2025-01-07T20:23:36.770+0000][86287.136s][info][gc,start    ] GC(3220) Pause Young (Mixed) (G1 Evacuation Pause)
[2025-01-07T20:23:36.770+0000][86287.136s][info][gc,task     ] GC(3220) Using 6 workers of 6 for evacuation
[2025-01-07T20:23:36.806+0000][86287.172s][info][gc,phases   ] GC(3220)   Pre Evacuate Collection Set: 0.2ms
[2025-01-07T20:23:36.806+0000][86287.172s][info][gc,phases   ] GC(3220)   Merge Heap Roots: 0.4ms
[2025-01-07T20:23:36.806+0000][86287.172s][info][gc,phases   ] GC(3220)   Evacuate Collection Set: 34.0ms
[2025-01-07T20:23:36.806+0000][86287.172s][info][gc,phases   ] GC(3220)   Post Evacuate Collection Set: 1.6ms
[2025-01-07T20:23:36.806+0000][86287.172s][info][gc,phases   ] GC(3220)   Other: 0.2ms
[2025-01-07T20:23:36.806+0000][86287.172s][info][gc,heap     ] GC(3220) Eden regions: 67->0(915)
[2025-01-07T20:23:36.806+0000][86287.172s][info][gc,heap     ] GC(3220) Survivor regions: 9->5(10)
[2025-01-07T20:23:36.806+0000][86287.172s][info][gc,heap     ] GC(3220) Old regions: 245->242
[2025-01-07T20:23:36.806+0000][86287.172s][info][gc,heap     ] GC(3220) Archive regions: 2->2
[2025-01-07T20:23:36.806+0000][86287.172s][info][gc,heap     ] GC(3220) Humongous regions: 49->49
[2025-01-07T20:23:36.806+0000][86287.172s][info][gc,metaspace] GC(3220) Metaspace: 498671K(506944K)->498671K(506944K) NonClass: 438105K(442368K)->438105K(442368K) Class: 60566K(64576K)->60566K(64576K)
[2025-01-07T20:23:36.806+0000][86287.172s][info][gc          ] GC(3220) Pause Young (Mixed) (G1 Evacuation Pause) 2957M->2369M(12288M) 36.389ms
[2025-01-07T20:23:36.806+0000][86287.172s][info][gc,cpu      ] GC(3220) User=0.22s Sys=0.00s Real=0.03s
[2025-01-07T20:23:44.712+0000][86295.078s][info][gc,start    ] GC(3221) Pause Young (Normal) (G1 Evacuation Pause)
[2025-01-07T20:23:44.712+0000][86295.078s][info][gc,task     ] GC(3221) Using 6 workers of 6 for evacuation
[2025-01-07T20:23:44.736+0000][86295.102s][info][gc,phases   ] GC(3221)   Pre Evacuate Collection Set: 0.2ms
[2025-01-07T20:23:44.736+0000][86295.102s][info][gc,phases   ] GC(3221)   Merge Heap Roots: 0.4ms
[2025-01-07T20:23:44.736+0000][86295.102s][info][gc,phases   ] GC(3221)   Evacuate Collection Set: 20.6ms
[2025-01-07T20:23:44.736+0000][86295.102s][info][gc,phases   ] GC(3221)   Post Evacuate Collection Set: 2.6ms
[2025-01-07T20:23:44.736+0000][86295.102s][info][gc,phases   ] GC(3221)   Other: 0.2ms
[2025-01-07T20:23:44.736+0000][86295.102s][info][gc,heap     ] GC(3221) Eden regions: 915->0(915)
[2025-01-07T20:23:44.736+0000][86295.102s][info][gc,heap     ] GC(3221) Survivor regions: 5->6(115)
[2025-01-07T20:23:44.736+0000][86295.102s][info][gc,heap     ] GC(3221) Old regions: 242->242
[2025-01-07T20:23:44.736+0000][86295.102s][info][gc,heap     ] GC(3221) Archive regions: 2->2
[2025-01-07T20:23:44.736+0000][86295.102s][info][gc,heap     ] GC(3221) Humongous regions: 49->49
[2025-01-07T20:23:44.736+0000][86295.102s][info][gc,metaspace] GC(3221) Metaspace: 498671K(506944K)->498671K(506944K) NonClass: 438105K(442368K)->438105K(442368K) Class: 60566K(64576K)->60566K(64576K)
[2025-01-07T20:23:44.736+0000][86295.102s][info][gc          ] GC(3221) Pause Young (Normal) (G1 Evacuation Pause) 9689M->2375M(12288M) 24.144ms
[2025-01-07T20:23:44.736+0000][86295.102s][info][gc,cpu      ] GC(3221) User=0.14s Sys=0.00s Real=0.02s
[2025-01-07T20:23:53.661+0000][86304.027s][info][gc,start    ] GC(3222) Pause Young (Normal) (G1 Evacuation Pause)
[2025-01-07T20:23:53.661+0000][86304.027s][info][gc,task     ] GC(3222) Using 6 workers of 6 for evacuation
[2025-01-07T20:23:53.691+0000][86304.057s][info][gc,phases   ] GC(3222)   Pre Evacuate Collection Set: 0.2ms
[2025-01-07T20:23:53.691+0000][86304.057s][info][gc,phases   ] GC(3222)   Merge Heap Roots: 0.4ms
[2025-01-07T20:23:53.691+0000][86304.057s][info][gc,phases   ] GC(3222)   Evacuate Collection Set: 23.4ms
[2025-01-07T20:23:53.691+0000][86304.057s][info][gc,phases   ] GC(3222)   Post Evacuate Collection Set: 5.3ms
[2025-01-07T20:23:53.691+0000][86304.057s][info][gc,phases   ] GC(3222)   Other: 0.2ms
[2025-01-07T20:23:53.691+0000][86304.057s][info][gc,heap     ] GC(3222) Eden regions: 915->0(912)
[2025-01-07T20:23:53.691+0000][86304.057s][info][gc,heap     ] GC(3222) Survivor regions: 6->8(116)
[2025-01-07T20:23:53.691+0000][86304.057s][info][gc,heap     ] GC(3222) Old regions: 242->242
[2025-01-07T20:23:53.691+0000][86304.057s][info][gc,heap     ] GC(3222) Archive regions: 2->2
[2025-01-07T20:23:53.691+0000][86304.057s][info][gc,heap     ] GC(3222) Humongous regions: 49->49
[2025-01-07T20:23:53.691+0000][86304.057s][info][gc,metaspace] GC(3222) Metaspace: 498671K(506944K)->498671K(506944K) NonClass: 438105K(442368K)->438105K(442368K) Class: 60566K(64576K)->60566K(64576K)
[2025-01-07T20:23:53.691+0000][86304.057s][info][gc          ] GC(3222) Pause Young (Normal) (G1 Evacuation Pause) 9695M->2393M(12288M) 29.690ms
[2025-01-07T20:23:53.691+0000][86304.057s][info][gc,cpu      ] GC(3222) User=0.17s Sys=0.00s Real=0.04s
[2025-01-07T20:24:03.093+0000][86313.459s][info][gc,start    ] GC(3223) Pause Young (Concurrent Start) (G1 Evacuation Pause)
[2025-01-07T20:24:03.093+0000][86313.459s][info][gc,task     ] GC(3223) Using 6 workers of 6 for evacuation
[2025-01-07T20:24:03.125+0000][86313.491s][info][gc,phases   ] GC(3223)   Pre Evacuate Collection Set: 1.1ms
[2025-01-07T20:24:03.125+0000][86313.491s][info][gc,phases   ] GC(3223)   Merge Heap Roots: 0.5ms
[2025-01-07T20:24:03.125+0000][86313.491s][info][gc,phases   ] GC(3223)   Evacuate Collection Set: 27.4ms
[2025-01-07T20:24:03.125+0000][86313.491s][info][gc,phases   ] GC(3223)   Post Evacuate Collection Set: 2.6ms
[2025-01-07T20:24:03.125+0000][86313.491s][info][gc,phases   ] GC(3223)   Other: 0.3ms
[2025-01-07T20:24:03.125+0000][86313.491s][info][gc,heap     ] GC(3223) Eden regions: 912->0(911)
[2025-01-07T20:24:03.125+0000][86313.491s][info][gc,heap     ] GC(3223) Survivor regions: 8->9(115)
[2025-01-07T20:24:03.125+0000][86313.491s][info][gc,heap     ] GC(3223) Old regions: 242->242
[2025-01-07T20:24:03.125+0000][86313.491s][info][gc,heap     ] GC(3223) Archive regions: 2->2
[2025-01-07T20:24:03.125+0000][86313.491s][info][gc,heap     ] GC(3223) Humongous regions: 49->49
[2025-01-07T20:24:03.125+0000][86313.491s][info][gc,metaspace] GC(3223) Metaspace: 498671K(506944K)->498671K(506944K) NonClass: 438105K(442368K)->438105K(442368K) Class: 60566K(64576K)->60566K(64576K)
[2025-01-07T20:24:03.125+0000][86313.491s][info][gc          ] GC(3223) Pause Young (Concurrent Start) (G1 Evacuation Pause) 9689M->2395M(12288M) 31.831ms
[2025-01-07T20:24:03.125+0000][86313.491s][info][gc,cpu      ] GC(3223) User=0.18s Sys=0.00s Real=0.03s
[2025-01-07T20:24:03.125+0000][86313.491s][info][gc          ] GC(3224) Concurrent Mark Cycle
[2025-01-07T20:24:03.125+0000][86313.491s][info][gc,marking  ] GC(3224) Concurrent Clear Claimed Marks
[2025-01-07T20:24:03.126+0000][86313.492s][info][gc,marking  ] GC(3224) Concurrent Clear Claimed Marks 0.826ms
[2025-01-07T20:24:03.126+0000][86313.492s][info][gc,marking  ] GC(3224) Concurrent Scan Root Regions
[2025-01-07T20:24:03.146+0000][86313.512s][info][gc,marking  ] GC(3224) Concurrent Scan Root Regions 19.801ms
[2025-01-07T20:24:03.146+0000][86313.512s][info][gc,marking  ] GC(3224) Concurrent Mark
[2025-01-07T20:24:03.146+0000][86313.512s][info][gc,marking  ] GC(3224) Concurrent Mark From Roots
[2025-01-07T20:24:03.146+0000][86313.512s][info][gc,task     ] GC(3224) Using 2 workers of 2 for marking
[2025-01-07T20:24:03.925+0000][86314.291s][info][gc,marking  ] GC(3224) Concurrent Mark From Roots 778.861ms
[2025-01-07T20:24:03.925+0000][86314.291s][info][gc,marking  ] GC(3224) Concurrent Preclean
[2025-01-07T20:24:03.927+0000][86314.293s][info][gc,marking  ] GC(3224) Concurrent Preclean 2.128ms
[2025-01-07T20:24:03.927+0000][86314.293s][info][gc,start    ] GC(3224) Pause Remark
[2025-01-07T20:24:03.953+0000][86314.320s][info][gc          ] GC(3224) Pause Remark 3027M->3027M(12288M) 26.434ms
[2025-01-07T20:24:03.954+0000][86314.320s][info][gc,cpu      ] GC(3224) User=0.15s Sys=0.00s Real=0.03s
[2025-01-07T20:24:03.954+0000][86314.320s][info][gc,marking  ] GC(3224) Concurrent Mark 807.790ms
[2025-01-07T20:24:03.954+0000][86314.320s][info][gc,marking  ] GC(3224) Concurrent Rebuild Remembered Sets
[2025-01-07T20:24:04.471+0000][86314.837s][info][gc,marking  ] GC(3224) Concurrent Rebuild Remembered Sets 517.261ms
[2025-01-07T20:24:04.471+0000][86314.837s][info][gc,start    ] GC(3224) Pause Cleanup
[2025-01-07T20:24:04.472+0000][86314.838s][info][gc          ] GC(3224) Pause Cleanup 3499M->3499M(12288M) 0.453ms
[2025-01-07T20:24:04.472+0000][86314.838s][info][gc,cpu      ] GC(3224) User=0.00s Sys=0.00s Real=0.00s
[2025-01-07T20:24:04.472+0000][86314.838s][info][gc,marking  ] GC(3224) Concurrent Cleanup for Next Mark
[2025-01-07T20:24:04.489+0000][86314.855s][info][gc,marking  ] GC(3224) Concurrent Cleanup for Next Mark 16.919ms
[2025-01-07T20:24:04.489+0000][86314.855s][info][gc          ] GC(3224) Concurrent Mark Cycle 1363.494ms
[2025-01-07T20:24:10.643+0000][86321.009s][info][gc,start    ] GC(3225) Pause Young (Prepare Mixed) (G1 Evacuation Pause)
[2025-01-07T20:24:10.643+0000][86321.009s][info][gc,task     ] GC(3225) Using 6 workers of 6 for evacuation
[2025-01-07T20:24:10.681+0000][86321.047s][info][gc,phases   ] GC(3225)   Pre Evacuate Collection Set: 0.2ms
[2025-01-07T20:24:10.681+0000][86321.047s][info][gc,phases   ] GC(3225)   Merge Heap Roots: 0.6ms
[2025-01-07T20:24:10.681+0000][86321.047s][info][gc,phases   ] GC(3225)   Evacuate Collection Set: 32.9ms
[2025-01-07T20:24:10.681+0000][86321.047s][info][gc,phases   ] GC(3225)   Post Evacuate Collection Set: 3.9ms
[2025-01-07T20:24:10.681+0000][86321.047s][info][gc,phases   ] GC(3225)   Other: 0.2ms
[2025-01-07T20:24:10.681+0000][86321.047s][info][gc,heap     ] GC(3225) Eden regions: 911->0(65)
[2025-01-07T20:24:10.681+0000][86321.047s][info][gc,heap     ] GC(3225) Survivor regions: 9->11(115)
[2025-01-07T20:24:10.681+0000][86321.047s][info][gc,heap     ] GC(3225) Old regions: 242->242
[2025-01-07T20:24:10.681+0000][86321.047s][info][gc,heap     ] GC(3225) Archive regions: 2->2
[2025-01-07T20:24:10.681+0000][86321.047s][info][gc,heap     ] GC(3225) Humongous regions: 49->49
[2025-01-07T20:24:10.681+0000][86321.047s][info][gc,metaspace] GC(3225) Metaspace: 498671K(506944K)->498671K(506944K) NonClass: 438105K(442368K)->438105K(442368K) Class: 60566K(64576K)->60566K(64576K)
[2025-01-07T20:24:10.681+0000][86321.047s][info][gc          ] GC(3225) Pause Young (Prepare Mixed) (G1 Evacuation Pause) 9683M->2417M(12288M) 37.943ms
[2025-01-07T20:24:10.681+0000][86321.047s][info][gc,cpu      ] GC(3225) User=0.22s Sys=0.00s Real=0.03s
[2025-01-07T20:24:11.703+0000][86322.069s][info][gc,start    ] GC(3226) Pause Young (Mixed) (G1 Evacuation Pause)
[2025-01-07T20:24:11.703+0000][86322.069s][info][gc,task     ] GC(3226) Using 6 workers of 6 for evacuation
[2025-01-07T20:24:11.758+0000][86322.124s][info][gc,phases   ] GC(3226)   Pre Evacuate Collection Set: 0.2ms
[2025-01-07T20:24:11.758+0000][86322.124s][info][gc,phases   ] GC(3226)   Merge Heap Roots: 0.5ms
[2025-01-07T20:24:11.758+0000][86322.124s][info][gc,phases   ] GC(3226)   Evacuate Collection Set: 52.2ms
[2025-01-07T20:24:11.758+0000][86322.124s][info][gc,phases   ] GC(3226)   Post Evacuate Collection Set: 2.0ms
[2025-01-07T20:24:11.758+0000][86322.124s][info][gc,phases   ] GC(3226)   Other: 0.2ms
[2025-01-07T20:24:11.758+0000][86322.124s][info][gc,heap     ] GC(3226) Eden regions: 65->0(914)
[2025-01-07T20:24:11.758+0000][86322.124s][info][gc,heap     ] GC(3226) Survivor regions: 11->4(10)
[2025-01-07T20:24:11.758+0000][86322.124s][info][gc,heap     ] GC(3226) Old regions: 242->243
[2025-01-07T20:24:11.758+0000][86322.124s][info][gc,heap     ] GC(3226) Archive regions: 2->2
[2025-01-07T20:24:11.758+0000][86322.124s][info][gc,heap     ] GC(3226) Humongous regions: 49->49
[2025-01-07T20:24:11.758+0000][86322.124s][info][gc,metaspace] GC(3226) Metaspace: 498671K(506944K)->498671K(506944K) NonClass: 438105K(442368K)->438105K(442368K) Class: 60566K(64576K)->60566K(64576K)
[2025-01-07T20:24:11.758+0000][86322.124s][info][gc          ] GC(3226) Pause Young (Mixed) (G1 Evacuation Pause) 2937M->2365M(12288M) 55.229ms
[2025-01-07T20:24:11.758+0000][86322.125s][info][gc,cpu      ] GC(3226) User=0.32s Sys=0.01s Real=0.05s
[2025-01-07T20:24:23.800+0000][86334.166s][info][gc,start    ] GC(3227) Pause Young (Normal) (G1 Evacuation Pause)
[2025-01-07T20:24:23.800+0000][86334.166s][info][gc,task     ] GC(3227) Using 6 workers of 6 for evacuation
[2025-01-07T20:24:23.825+0000][86334.191s][info][gc,phases   ] GC(3227)   Pre Evacuate Collection Set: 0.2ms
[2025-01-07T20:24:23.825+0000][86334.191s][info][gc,phases   ] GC(3227)   Merge Heap Roots: 0.4ms
[2025-01-07T20:24:23.825+0000][86334.191s][info][gc,phases   ] GC(3227)   Evacuate Collection Set: 22.2ms
[2025-01-07T20:24:23.825+0000][86334.191s][info][gc,phases   ] GC(3227)   Post Evacuate Collection Set: 2.7ms
[2025-01-07T20:24:23.825+0000][86334.191s][info][gc,phases   ] GC(3227)   Other: 0.2ms
[2025-01-07T20:24:23.825+0000][86334.191s][info][gc,heap     ] GC(3227) Eden regions: 914->0(912)
[2025-01-07T20:24:23.825+0000][86334.191s][info][gc,heap     ] GC(3227) Survivor regions: 4->6(115)
[2025-01-07T20:24:23.825+0000][86334.191s][info][gc,heap     ] GC(3227) Old regions: 243->243
[2025-01-07T20:24:23.825+0000][86334.191s][info][gc,heap     ] GC(3227) Archive regions: 2->2
[2025-01-07T20:24:23.825+0000][86334.191s][info][gc,heap     ] GC(3227) Humongous regions: 49->49
[2025-01-07T20:24:23.825+0000][86334.191s][info][gc,metaspace] GC(3227) Metaspace: 498671K(506944K)->498671K(506944K) NonClass: 438105K(442368K)->438105K(442368K) Class: 60566K(64576K)->60566K(64576K)
[2025-01-07T20:24:23.825+0000][86334.191s][info][gc          ] GC(3227) Pause Young (Normal) (G1 Evacuation Pause) 9677M->2384M(12288M) 25.852ms
[2025-01-07T20:24:23.825+0000][86334.192s][info][gc,cpu      ] GC(3227) User=0.15s Sys=0.00s Real=0.03s
[2025-01-07T20:24:34.630+0000][86344.996s][info][gc,start    ] GC(3228) Pause Young (Normal) (G1 Evacuation Pause)
[2025-01-07T20:24:34.630+0000][86344.996s][info][gc,task     ] GC(3228) Using 6 workers of 6 for evacuation
[2025-01-07T20:24:34.660+0000][86345.026s][info][gc,phases   ] GC(3228)   Pre Evacuate Collection Set: 0.2ms
[2025-01-07T20:24:34.660+0000][86345.026s][info][gc,phases   ] GC(3228)   Merge Heap Roots: 0.4ms
[2025-01-07T20:24:34.660+0000][86345.026s][info][gc,phases   ] GC(3228)   Evacuate Collection Set: 26.3ms
[2025-01-07T20:24:34.660+0000][86345.026s][info][gc,phases   ] GC(3228)   Post Evacuate Collection Set: 2.8ms
[2025-01-07T20:24:34.660+0000][86345.026s][info][gc,phases   ] GC(3228)   Other: 0.2ms
[2025-01-07T20:24:34.660+0000][86345.026s][info][gc,heap     ] GC(3228) Eden regions: 912->0(910)
[2025-01-07T20:24:34.660+0000][86345.026s][info][gc,heap     ] GC(3228) Survivor regions: 6->8(115)
[2025-01-07T20:24:34.660+0000][86345.026s][info][gc,heap     ] GC(3228) Old regions: 243->243
[2025-01-07T20:24:34.660+0000][86345.026s][info][gc,heap     ] GC(3228) Archive regions: 2->2
[2025-01-07T20:24:34.660+0000][86345.026s][info][gc,heap     ] GC(3228) Humongous regions: 49->49
[2025-01-07T20:24:34.660+0000][86345.026s][info][gc,metaspace] GC(3228) Metaspace: 498671K(506944K)->498671K(506944K) NonClass: 438105K(442368K)->438105K(442368K) Class: 60566K(64576K)->60566K(64576K)
[2025-01-07T20:24:34.660+0000][86345.026s][info][gc          ] GC(3228) Pause Young (Normal) (G1 Evacuation Pause) 9680M->2397M(12288M) 30.022ms
[2025-01-07T20:24:34.660+0000][86345.026s][info][gc,cpu      ] GC(3228) User=0.18s Sys=0.00s Real=0.02s
[2025-01-07T20:24:44.404+0000][86354.770s][info][gc,start    ] GC(3229) Pause Young (Concurrent Start) (G1 Evacuation Pause)
[2025-01-07T20:24:44.404+0000][86354.770s][info][gc,task     ] GC(3229) Using 6 workers of 6 for evacuation
[2025-01-07T20:24:44.440+0000][86354.806s][info][gc,phases   ] GC(3229)   Pre Evacuate Collection Set: 1.0ms
[2025-01-07T20:24:44.440+0000][86354.806s][info][gc,phases   ] GC(3229)   Merge Heap Roots: 0.5ms
[2025-01-07T20:24:44.440+0000][86354.806s][info][gc,phases   ] GC(3229)   Evacuate Collection Set: 31.7ms
[2025-01-07T20:24:44.440+0000][86354.807s][info][gc,phases   ] GC(3229)   Post Evacuate Collection Set: 2.7ms
[2025-01-07T20:24:44.440+0000][86354.807s][info][gc,phases   ] GC(3229)   Other: 0.3ms
[2025-01-07T20:24:44.440+0000][86354.807s][info][gc,heap     ] GC(3229) Eden regions: 910->0(909)
[2025-01-07T20:24:44.440+0000][86354.807s][info][gc,heap     ] GC(3229) Survivor regions: 8->9(115)
[2025-01-07T20:24:44.440+0000][86354.807s][info][gc,heap     ] GC(3229) Old regions: 243->243
[2025-01-07T20:24:44.440+0000][86354.807s][info][gc,heap     ] GC(3229) Archive regions: 2->2
[2025-01-07T20:24:44.440+0000][86354.807s][info][gc,heap     ] GC(3229) Humongous regions: 49->49
[2025-01-07T20:24:44.440+0000][86354.807s][info][gc,metaspace] GC(3229) Metaspace: 498671K(506944K)->498671K(506944K) NonClass: 438105K(442368K)->438105K(442368K) Class: 60566K(64576K)->60566K(64576K)
[2025-01-07T20:24:44.440+0000][86354.807s][info][gc          ] GC(3229) Pause Young (Concurrent Start) (G1 Evacuation Pause) 9677M->2408M(12288M) 36.291ms
[2025-01-07T20:24:44.441+0000][86354.807s][info][gc,cpu      ] GC(3229) User=0.20s Sys=0.00s Real=0.03s
[2025-01-07T20:24:44.441+0000][86354.807s][info][gc          ] GC(3230) Concurrent Mark Cycle
[2025-01-07T20:24:44.441+0000][86354.807s][info][gc,marking  ] GC(3230) Concurrent Clear Claimed Marks
[2025-01-07T20:24:44.441+0000][86354.808s][info][gc,marking  ] GC(3230) Concurrent Clear Claimed Marks 0.835ms
[2025-01-07T20:24:44.441+0000][86354.808s][info][gc,marking  ] GC(3230) Concurrent Scan Root Regions
[2025-01-07T20:24:44.469+0000][86354.835s][info][gc,marking  ] GC(3230) Concurrent Scan Root Regions 27.371ms
[2025-01-07T20:24:44.469+0000][86354.835s][info][gc,marking  ] GC(3230) Concurrent Mark
[2025-01-07T20:24:44.469+0000][86354.835s][info][gc,marking  ] GC(3230) Concurrent Mark From Roots
[2025-01-07T20:24:44.469+0000][86354.835s][info][gc,task     ] GC(3230) Using 2 workers of 2 for marking
[2025-01-07T20:24:45.488+0000][86355.854s][info][gc,marking  ] GC(3230) Concurrent Mark From Roots 1019.388ms
[2025-01-07T20:24:45.488+0000][86355.854s][info][gc,marking  ] GC(3230) Concurrent Preclean
[2025-01-07T20:24:45.490+0000][86355.857s][info][gc,marking  ] GC(3230) Concurrent Preclean 2.109ms
[2025-01-07T20:24:45.491+0000][86355.857s][info][gc,start    ] GC(3230) Pause Remark
[2025-01-07T20:24:45.517+0000][86355.883s][info][gc          ] GC(3230) Pause Remark 3575M->3575M(12288M) 26.501ms
[2025-01-07T20:24:45.517+0000][86355.883s][info][gc,cpu      ] GC(3230) User=0.15s Sys=0.00s Real=0.02s
[2025-01-07T20:24:45.517+0000][86355.883s][info][gc,marking  ] GC(3230) Concurrent Mark 1048.403ms
[2025-01-07T20:24:45.517+0000][86355.883s][info][gc,marking  ] GC(3230) Concurrent Rebuild Remembered Sets
[2025-01-07T20:24:46.056+0000][86356.422s][info][gc,marking  ] GC(3230) Concurrent Rebuild Remembered Sets 538.933ms
[2025-01-07T20:24:46.056+0000][86356.423s][info][gc,start    ] GC(3230) Pause Cleanup
[2025-01-07T20:24:46.057+0000][86356.423s][info][gc          ] GC(3230) Pause Cleanup 4196M->4196M(12288M) 0.465ms
[2025-01-07T20:24:46.057+0000][86356.423s][info][gc,cpu      ] GC(3230) User=0.00s Sys=0.00s Real=0.00s
[2025-01-07T20:24:46.057+0000][86356.423s][info][gc,marking  ] GC(3230) Concurrent Cleanup for Next Mark
[2025-01-07T20:24:46.073+0000][86356.439s][info][gc,marking  ] GC(3230) Concurrent Cleanup for Next Mark 15.561ms
[2025-01-07T20:24:46.073+0000][86356.439s][info][gc          ] GC(3230) Concurrent Mark Cycle 1632.074ms
[2025-01-07T20:24:52.566+0000][86362.933s][info][gc,start    ] GC(3231) Pause Young (Prepare Mixed) (G1 Evacuation Pause)
[2025-01-07T20:24:52.567+0000][86362.933s][info][gc,task     ] GC(3231) Using 6 workers of 6 for evacuation
[2025-01-07T20:24:52.607+0000][86362.973s][info][gc,phases   ] GC(3231)   Pre Evacuate Collection Set: 0.2ms
[2025-01-07T20:24:52.607+0000][86362.973s][info][gc,phases   ] GC(3231)   Merge Heap Roots: 0.7ms
[2025-01-07T20:24:52.607+0000][86362.973s][info][gc,phases   ] GC(3231)   Evacuate Collection Set: 34.3ms
[2025-01-07T20:24:52.607+0000][86362.973s][info][gc,phases   ] GC(3231)   Post Evacuate Collection Set: 5.4ms
[2025-01-07T20:24:52.607+0000][86362.973s][info][gc,phases   ] GC(3231)   Other: 0.2ms
[2025-01-07T20:24:52.607+0000][86362.973s][info][gc,heap     ] GC(3231) Eden regions: 909->0(64)
[2025-01-07T20:24:52.607+0000][86362.973s][info][gc,heap     ] GC(3231) Survivor regions: 9->12(115)
[2025-01-07T20:24:52.607+0000][86362.973s][info][gc,heap     ] GC(3231) Old regions: 243->243
[2025-01-07T20:24:52.607+0000][86362.974s][info][gc,heap     ] GC(3231) Archive regions: 2->2
[2025-01-07T20:24:52.607+0000][86362.974s][info][gc,heap     ] GC(3231) Humongous regions: 49->49
[2025-01-07T20:24:52.607+0000][86362.974s][info][gc,metaspace] GC(3231) Metaspace: 498671K(506944K)->498671K(506944K) NonClass: 438105K(442368K)->438105K(442368K) Class: 60566K(64576K)->60566K(64576K)
[2025-01-07T20:24:52.607+0000][86362.974s][info][gc          ] GC(3231) Pause Young (Prepare Mixed) (G1 Evacuation Pause) 9680M->2430M(12288M) 40.976ms
[2025-01-07T20:24:52.607+0000][86362.974s][info][gc,cpu      ] GC(3231) User=0.24s Sys=0.00s Real=0.04s
[2025-01-07T20:24:53.035+0000][86363.401s][info][gc,start    ] GC(3232) Pause Young (Mixed) (G1 Evacuation Pause)
[2025-01-07T20:24:53.035+0000][86363.401s][info][gc,task     ] GC(3232) Using 6 workers of 6 for evacuation
[2025-01-07T20:24:53.099+0000][86363.466s][info][gc,phases   ] GC(3232)   Pre Evacuate Collection Set: 0.2ms
[2025-01-07T20:24:53.099+0000][86363.466s][info][gc,phases   ] GC(3232)   Merge Heap Roots: 0.7ms
[2025-01-07T20:24:53.099+0000][86363.466s][info][gc,phases   ] GC(3232)   Evacuate Collection Set: 62.0ms
[2025-01-07T20:24:53.099+0000][86363.466s][info][gc,phases   ] GC(3232)   Post Evacuate Collection Set: 1.7ms
[2025-01-07T20:24:53.099+0000][86363.466s][info][gc,phases   ] GC(3232)   Other: 0.2ms
[2025-01-07T20:24:53.099+0000][86363.466s][info][gc,heap     ] GC(3232) Eden regions: 64->0(911)
[2025-01-07T20:24:53.099+0000][86363.466s][info][gc,heap     ] GC(3232) Survivor regions: 12->5(10)
[2025-01-07T20:24:53.099+0000][86363.466s][info][gc,heap     ] GC(3232) Old regions: 243->244
[2025-01-07T20:24:53.099+0000][86363.466s][info][gc,heap     ] GC(3232) Archive regions: 2->2
[2025-01-07T20:24:53.099+0000][86363.466s][info][gc,heap     ] GC(3232) Humongous regions: 49->49
[2025-01-07T20:24:53.100+0000][86363.466s][info][gc,metaspace] GC(3232) Metaspace: 498671K(506944K)->498671K(506944K) NonClass: 438105K(442368K)->438105K(442368K) Class: 60566K(64576K)->60566K(64576K)
[2025-01-07T20:24:53.100+0000][86363.466s][info][gc          ] GC(3232) Pause Young (Mixed) (G1 Evacuation Pause) 2942M->2379M(12288M) 64.770ms
[2025-01-07T20:24:53.100+0000][86363.466s][info][gc,cpu      ] GC(3232) User=0.38s Sys=0.00s Real=0.06s
[2025-01-07T20:25:01.518+0000][86371.885s][info][gc,start    ] GC(3233) Pause Young (Normal) (G1 Evacuation Pause)
[2025-01-07T20:25:01.518+0000][86371.885s][info][gc,task     ] GC(3233) Using 6 workers of 6 for evacuation
[2025-01-07T20:25:01.545+0000][86371.911s][info][gc,phases   ] GC(3233)   Pre Evacuate Collection Set: 0.2ms
[2025-01-07T20:25:01.545+0000][86371.911s][info][gc,phases   ] GC(3233)   Merge Heap Roots: 0.4ms
[2025-01-07T20:25:01.545+0000][86371.911s][info][gc,phases   ] GC(3233)   Evacuate Collection Set: 21.6ms
[2025-01-07T20:25:01.545+0000][86371.911s][info][gc,phases   ] GC(3233)   Post Evacuate Collection Set: 3.9ms
[2025-01-07T20:25:01.545+0000][86371.911s][info][gc,phases   ] GC(3233)   Other: 0.2ms
[2025-01-07T20:25:01.545+0000][86371.911s][info][gc,heap     ] GC(3233) Eden regions: 911->0(910)
[2025-01-07T20:25:01.545+0000][86371.911s][info][gc,heap     ] GC(3233) Survivor regions: 5->6(115)
[2025-01-07T20:25:01.545+0000][86371.911s][info][gc,heap     ] GC(3233) Old regions: 244->244
[2025-01-07T20:25:01.545+0000][86371.911s][info][gc,heap     ] GC(3233) Archive regions: 2->2
[2025-01-07T20:25:01.545+0000][86371.911s][info][gc,heap     ] GC(3233) Humongous regions: 49->49
[2025-01-07T20:25:01.545+0000][86371.911s][info][gc,metaspace] GC(3233) Metaspace: 498671K(506944K)->498671K(506944K) NonClass: 438105K(442368K)->438105K(442368K) Class: 60566K(64576K)->60566K(64576K)
[2025-01-07T20:25:01.545+0000][86371.911s][info][gc          ] GC(3233) Pause Young (Normal) (G1 Evacuation Pause) 9667M->2392M(12288M) 26.397ms
[2025-01-07T20:25:01.545+0000][86371.911s][info][gc,cpu      ] GC(3233) User=0.15s Sys=0.00s Real=0.03s
[2025-01-07T20:25:08.138+0000][86378.504s][info][gc,start    ] GC(3234) Pause Young (Normal) (G1 Evacuation Pause)
[2025-01-07T20:25:08.138+0000][86378.504s][info][gc,task     ] GC(3234) Using 6 workers of 6 for evacuation
[2025-01-07T20:25:08.163+0000][86378.530s][info][gc,phases   ] GC(3234)   Pre Evacuate Collection Set: 0.2ms
[2025-01-07T20:25:08.163+0000][86378.530s][info][gc,phases   ] GC(3234)   Merge Heap Roots: 0.4ms
[2025-01-07T20:25:08.163+0000][86378.530s][info][gc,phases   ] GC(3234)   Evacuate Collection Set: 22.4ms
[2025-01-07T20:25:08.163+0000][86378.530s][info][gc,phases   ] GC(3234)   Post Evacuate Collection Set: 2.5ms
[2025-01-07T20:25:08.163+0000][86378.530s][info][gc,phases   ] GC(3234)   Other: 0.2ms
[2025-01-07T20:25:08.163+0000][86378.530s][info][gc,heap     ] GC(3234) Eden regions: 910->0(911)
[2025-01-07T20:25:08.163+0000][86378.530s][info][gc,heap     ] GC(3234) Survivor regions: 6->7(115)
[2025-01-07T20:25:08.163+0000][86378.530s][info][gc,heap     ] GC(3234) Old regions: 244->244
[2025-01-07T20:25:08.163+0000][86378.530s][info][gc,heap     ] GC(3234) Archive regions: 2->2
[2025-01-07T20:25:08.163+0000][86378.530s][info][gc,heap     ] GC(3234) Humongous regions: 49->49
[2025-01-07T20:25:08.164+0000][86378.530s][info][gc,metaspace] GC(3234) Metaspace: 498671K(506944K)->498671K(506944K) NonClass: 438105K(442368K)->438105K(442368K) Class: 60566K(64576K)->60566K(64576K)
[2025-01-07T20:25:08.164+0000][86378.530s][info][gc          ] GC(3234) Pause Young (Normal) (G1 Evacuation Pause) 9672M->2397M(12288M) 25.798ms
[2025-01-07T20:25:08.164+0000][86378.530s][info][gc,cpu      ] GC(3234) User=0.15s Sys=0.00s Real=0.03s
[2025-01-07T20:25:16.067+0000][86386.433s][info][gc,start    ] GC(3235) Pause Young (Concurrent Start) (G1 Evacuation Pause)
[2025-01-07T20:25:16.067+0000][86386.433s][info][gc,task     ] GC(3235) Using 6 workers of 6 for evacuation
[2025-01-07T20:25:16.098+0000][86386.464s][info][gc,phases   ] GC(3235)   Pre Evacuate Collection Set: 1.0ms
[2025-01-07T20:25:16.098+0000][86386.464s][info][gc,phases   ] GC(3235)   Merge Heap Roots: 0.4ms
[2025-01-07T20:25:16.098+0000][86386.464s][info][gc,phases   ] GC(3235)   Evacuate Collection Set: 27.1ms
[2025-01-07T20:25:16.098+0000][86386.464s][info][gc,phases   ] GC(3235)   Post Evacuate Collection Set: 2.6ms
[2025-01-07T20:25:16.098+0000][86386.464s][info][gc,phases   ] GC(3235)   Other: 0.3ms
[2025-01-07T20:25:16.098+0000][86386.464s][info][gc,heap     ] GC(3235) Eden regions: 911->0(910)
[2025-01-07T20:25:16.098+0000][86386.464s][info][gc,heap     ] GC(3235) Survivor regions: 7->8(115)
[2025-01-07T20:25:16.098+0000][86386.464s][info][gc,heap     ] GC(3235) Old regions: 244->244
[2025-01-07T20:25:16.098+0000][86386.464s][info][gc,heap     ] GC(3235) Archive regions: 2->2
[2025-01-07T20:25:16.098+0000][86386.464s][info][gc,heap     ] GC(3235) Humongous regions: 49->49
[2025-01-07T20:25:16.098+0000][86386.464s][info][gc,metaspace] GC(3235) Metaspace: 498671K(506944K)->498671K(506944K) NonClass: 438105K(442368K)->438105K(442368K) Class: 60566K(64576K)->60566K(64576K)
[2025-01-07T20:25:16.098+0000][86386.464s][info][gc          ] GC(3235) Pause Young (Concurrent Start) (G1 Evacuation Pause) 9685M->2408M(12288M) 31.607ms
[2025-01-07T20:25:16.098+0000][86386.465s][info][gc,cpu      ] GC(3235) User=0.18s Sys=0.00s Real=0.03s
[2025-01-07T20:25:16.098+0000][86386.465s][info][gc          ] GC(3236) Concurrent Mark Cycle
[2025-01-07T20:25:16.098+0000][86386.465s][info][gc,marking  ] GC(3236) Concurrent Clear Claimed Marks
[2025-01-07T20:25:16.099+0000][86386.465s][info][gc,marking  ] GC(3236) Concurrent Clear Claimed Marks 0.827ms
[2025-01-07T20:25:16.099+0000][86386.465s][info][gc,marking  ] GC(3236) Concurrent Scan Root Regions
[2025-01-07T20:25:16.120+0000][86386.486s][info][gc,marking  ] GC(3236) Concurrent Scan Root Regions 20.705ms
[2025-01-07T20:25:16.120+0000][86386.486s][info][gc,marking  ] GC(3236) Concurrent Mark
[2025-01-07T20:25:16.120+0000][86386.486s][info][gc,marking  ] GC(3236) Concurrent Mark From Roots
[2025-01-07T20:25:16.120+0000][86386.486s][info][gc,task     ] GC(3236) Using 2 workers of 2 for marking
[2025-01-07T20:25:17.035+0000][86387.401s][info][gc,marking  ] GC(3236) Concurrent Mark From Roots 915.194ms
[2025-01-07T20:25:17.035+0000][86387.401s][info][gc,marking  ] GC(3236) Concurrent Preclean
[2025-01-07T20:25:17.038+0000][86387.404s][info][gc,marking  ] GC(3236) Concurrent Preclean 2.197ms
[2025-01-07T20:25:17.038+0000][86387.404s][info][gc,start    ] GC(3236) Pause Remark
[2025-01-07T20:25:17.064+0000][86387.430s][info][gc          ] GC(3236) Pause Remark 3372M->3372M(12288M) 26.731ms
[2025-01-07T20:25:17.064+0000][86387.431s][info][gc,cpu      ] GC(3236) User=0.15s Sys=0.00s Real=0.03s
[2025-01-07T20:25:17.065+0000][86387.431s][info][gc,marking  ] GC(3236) Concurrent Mark 944.509ms
[2025-01-07T20:25:17.065+0000][86387.431s][info][gc,marking  ] GC(3236) Concurrent Rebuild Remembered Sets
[2025-01-07T20:25:17.584+0000][86387.950s][info][gc,marking  ] GC(3236) Concurrent Rebuild Remembered Sets 519.042ms
[2025-01-07T20:25:17.584+0000][86387.950s][info][gc,start    ] GC(3236) Pause Cleanup
[2025-01-07T20:25:17.584+0000][86387.950s][info][gc          ] GC(3236) Pause Cleanup 3876M->3876M(12288M) 0.448ms
[2025-01-07T20:25:17.584+0000][86387.950s][info][gc,cpu      ] GC(3236) User=0.00s Sys=0.00s Real=0.00s
[2025-01-07T20:25:17.584+0000][86387.950s][info][gc,marking  ] GC(3236) Concurrent Cleanup for Next Mark
[2025-01-07T20:25:17.601+0000][86387.967s][info][gc,marking  ] GC(3236) Concurrent Cleanup for Next Mark 16.420ms
[2025-01-07T20:25:17.601+0000][86387.967s][info][gc          ] GC(3236) Concurrent Mark Cycle 1502.401ms
[2025-01-07T20:25:22.177+0000][86392.543s][info][gc,start    ] GC(3237) Pause Young (Prepare Mixed) (G1 Evacuation Pause)
[2025-01-07T20:25:22.177+0000][86392.544s][info][gc,task     ] GC(3237) Using 6 workers of 6 for evacuation
[2025-01-07T20:25:22.214+0000][86392.580s][info][gc,phases   ] GC(3237)   Pre Evacuate Collection Set: 0.2ms
[2025-01-07T20:25:22.214+0000][86392.580s][info][gc,phases   ] GC(3237)   Merge Heap Roots: 0.7ms
[2025-01-07T20:25:22.214+0000][86392.580s][info][gc,phases   ] GC(3237)   Evacuate Collection Set: 32.3ms
[2025-01-07T20:25:22.214+0000][86392.580s][info][gc,phases   ] GC(3237)   Post Evacuate Collection Set: 2.8ms
[2025-01-07T20:25:22.214+0000][86392.580s][info][gc,phases   ] GC(3237)   Other: 0.2ms
[2025-01-07T20:25:22.214+0000][86392.580s][info][gc,heap     ] GC(3237) Eden regions: 910->0(67)
[2025-01-07T20:25:22.214+0000][86392.580s][info][gc,heap     ] GC(3237) Survivor regions: 8->9(115)
[2025-01-07T20:25:22.214+0000][86392.580s][info][gc,heap     ] GC(3237) Old regions: 244->244
[2025-01-07T20:25:22.214+0000][86392.580s][info][gc,heap     ] GC(3237) Archive regions: 2->2
[2025-01-07T20:25:22.214+0000][86392.580s][info][gc,heap     ] GC(3237) Humongous regions: 49->49
[2025-01-07T20:25:22.214+0000][86392.580s][info][gc,metaspace] GC(3237) Metaspace: 498671K(506944K)->498671K(506944K) NonClass: 438105K(442368K)->438105K(442368K) Class: 60566K(64576K)->60566K(64576K)
[2025-01-07T20:25:22.214+0000][86392.580s][info][gc          ] GC(3237) Pause Young (Prepare Mixed) (G1 Evacuation Pause) 9688M->2416M(12288M) 36.353ms
[2025-01-07T20:25:22.214+0000][86392.580s][info][gc,cpu      ] GC(3237) User=0.21s Sys=0.00s Real=0.04s
[2025-01-07T20:25:22.519+0000][86392.885s][info][gc,start    ] GC(3238) Pause Young (Mixed) (G1 Evacuation Pause)
[2025-01-07T20:25:22.519+0000][86392.885s][info][gc,task     ] GC(3238) Using 6 workers of 6 for evacuation
[2025-01-07T20:25:22.581+0000][86392.947s][info][gc,phases   ] GC(3238)   Pre Evacuate Collection Set: 0.2ms
[2025-01-07T20:25:22.581+0000][86392.947s][info][gc,phases   ] GC(3238)   Merge Heap Roots: 0.7ms
[2025-01-07T20:25:22.581+0000][86392.947s][info][gc,phases   ] GC(3238)   Evacuate Collection Set: 59.4ms
[2025-01-07T20:25:22.581+0000][86392.947s][info][gc,phases   ] GC(3238)   Post Evacuate Collection Set: 1.7ms
[2025-01-07T20:25:22.581+0000][86392.947s][info][gc,phases   ] GC(3238)   Other: 0.2ms
[2025-01-07T20:25:22.581+0000][86392.947s][info][gc,heap     ] GC(3238) Eden regions: 67->0(913)
[2025-01-07T20:25:22.581+0000][86392.947s][info][gc,heap     ] GC(3238) Survivor regions: 9->7(10)
[2025-01-07T20:25:22.581+0000][86392.947s][info][gc,heap     ] GC(3238) Old regions: 244->242
[2025-01-07T20:25:22.581+0000][86392.947s][info][gc,heap     ] GC(3238) Archive regions: 2->2
[2025-01-07T20:25:22.581+0000][86392.947s][info][gc,heap     ] GC(3238) Humongous regions: 49->49
[2025-01-07T20:25:22.581+0000][86392.947s][info][gc,metaspace] GC(3238) Metaspace: 498671K(506944K)->498671K(506944K) NonClass: 438105K(442368K)->438105K(442368K) Class: 60566K(64576K)->60566K(64576K)
[2025-01-07T20:25:22.581+0000][86392.947s][info][gc          ] GC(3238) Pause Young (Mixed) (G1 Evacuation Pause) 2952M->2389M(12288M) 62.259ms
[2025-01-07T20:25:22.581+0000][86392.947s][info][gc,cpu      ] GC(3238) User=0.37s Sys=0.00s Real=0.06s
[2025-01-07T20:25:31.261+0000][86401.627s][info][gc,start    ] GC(3239) Pause Young (Normal) (G1 Evacuation Pause)
[2025-01-07T20:25:31.261+0000][86401.627s][info][gc,task     ] GC(3239) Using 6 workers of 6 for evacuation
[2025-01-07T20:25:31.288+0000][86401.655s][info][gc,phases   ] GC(3239)   Pre Evacuate Collection Set: 0.2ms
[2025-01-07T20:25:31.288+0000][86401.655s][info][gc,phases   ] GC(3239)   Merge Heap Roots: 0.5ms
[2025-01-07T20:25:31.288+0000][86401.655s][info][gc,phases   ] GC(3239)   Evacuate Collection Set: 24.2ms
[2025-01-07T20:25:31.288+0000][86401.655s][info][gc,phases   ] GC(3239)   Post Evacuate Collection Set: 2.5ms
[2025-01-07T20:25:31.288+0000][86401.655s][info][gc,phases   ] GC(3239)   Other: 0.2ms
[2025-01-07T20:25:31.288+0000][86401.655s][info][gc,heap     ] GC(3239) Eden regions: 913->0(914)
[2025-01-07T20:25:31.289+0000][86401.655s][info][gc,heap     ] GC(3239) Survivor regions: 7->7(115)
[2025-01-07T20:25:31.289+0000][86401.655s][info][gc,heap     ] GC(3239) Old regions: 242->242
[2025-01-07T20:25:31.289+0000][86401.655s][info][gc,heap     ] GC(3239) Archive regions: 2->2
[2025-01-07T20:25:31.289+0000][86401.655s][info][gc,heap     ] GC(3239) Humongous regions: 49->49
[2025-01-07T20:25:31.289+0000][86401.655s][info][gc,metaspace] GC(3239) Metaspace: 498671K(506944K)->498671K(506944K) NonClass: 438105K(442368K)->438105K(442368K) Class: 60566K(64576K)->60566K(64576K)
[2025-01-07T20:25:31.289+0000][86401.655s][info][gc          ] GC(3239) Pause Young (Normal) (G1 Evacuation Pause) 9693M->2382M(12288M) 27.629ms
[2025-01-07T20:25:31.289+0000][86401.655s][info][gc,cpu      ] GC(3239) User=0.16s Sys=0.00s Real=0.03s
[2025-01-07T20:25:41.748+0000][86412.114s][info][gc,start    ] GC(3240) Pause Young (Normal) (G1 Evacuation Pause)
[2025-01-07T20:25:41.748+0000][86412.114s][info][gc,task     ] GC(3240) Using 6 workers of 6 for evacuation
[2025-01-07T20:25:41.784+0000][86412.150s][info][gc,phases   ] GC(3240)   Pre Evacuate Collection Set: 0.2ms
[2025-01-07T20:25:41.784+0000][86412.150s][info][gc,phases   ] GC(3240)   Merge Heap Roots: 0.4ms
[2025-01-07T20:25:41.784+0000][86412.150s][info][gc,phases   ] GC(3240)   Evacuate Collection Set: 30.0ms
[2025-01-07T20:25:41.784+0000][86412.150s][info][gc,phases   ] GC(3240)   Post Evacuate Collection Set: 5.4ms
[2025-01-07T20:25:41.784+0000][86412.150s][info][gc,phases   ] GC(3240)   Other: 0.2ms
[2025-01-07T20:25:41.784+0000][86412.150s][info][gc,heap     ] GC(3240) Eden regions: 914->0(908)
[2025-01-07T20:25:41.784+0000][86412.150s][info][gc,heap     ] GC(3240) Survivor regions: 7->11(116)
[2025-01-07T20:25:41.784+0000][86412.150s][info][gc,heap     ] GC(3240) Old regions: 242->242
[2025-01-07T20:25:41.784+0000][86412.150s][info][gc,heap     ] GC(3240) Archive regions: 2->2
[2025-01-07T20:25:41.784+0000][86412.150s][info][gc,heap     ] GC(3240) Humongous regions: 49->49
[2025-01-07T20:25:41.784+0000][86412.150s][info][gc,metaspace] GC(3240) Metaspace: 498671K(506944K)->498671K(506944K) NonClass: 438105K(442368K)->438105K(442368K) Class: 60566K(64576K)->60566K(64576K)
[2025-01-07T20:25:41.784+0000][86412.151s][info][gc          ] GC(3240) Pause Young (Normal) (G1 Evacuation Pause) 9694M->2421M(12288M) 36.401ms
[2025-01-07T20:25:41.784+0000][86412.151s][info][gc,cpu      ] GC(3240) User=0.21s Sys=0.00s Real=0.04s
[2025-01-07T20:25:51.307+0000][86421.673s][info][gc,start    ] GC(3241) Pause Young (Concurrent Start) (G1 Evacuation Pause)
[2025-01-07T20:25:51.307+0000][86421.673s][info][gc,task     ] GC(3241) Using 6 workers of 6 for evacuation
[2025-01-07T20:25:51.343+0000][86421.709s][info][gc,phases   ] GC(3241)   Pre Evacuate Collection Set: 1.0ms
[2025-01-07T20:25:51.343+0000][86421.709s][info][gc,phases   ] GC(3241)   Merge Heap Roots: 0.5ms
[2025-01-07T20:25:51.343+0000][86421.709s][info][gc,phases   ] GC(3241)   Evacuate Collection Set: 31.5ms
[2025-01-07T20:25:51.343+0000][86421.709s][info][gc,phases   ] GC(3241)   Post Evacuate Collection Set: 2.5ms
[2025-01-07T20:25:51.343+0000][86421.709s][info][gc,phases   ] GC(3241)   Other: 0.3ms
[2025-01-07T20:25:51.343+0000][86421.709s][info][gc,heap     ] GC(3241) Eden regions: 908->0(911)
[2025-01-07T20:25:51.343+0000][86421.709s][info][gc,heap     ] GC(3241) Survivor regions: 11->10(115)
[2025-01-07T20:25:51.343+0000][86421.709s][info][gc,heap     ] GC(3241) Old regions: 242->242
[2025-01-07T20:25:51.343+0000][86421.709s][info][gc,heap     ] GC(3241) Archive regions: 2->2
[2025-01-07T20:25:51.343+0000][86421.709s][info][gc,heap     ] GC(3241) Humongous regions: 49->49
[2025-01-07T20:25:51.343+0000][86421.709s][info][gc,metaspace] GC(3241) Metaspace: 498671K(506944K)->498671K(506944K) NonClass: 438105K(442368K)->438105K(442368K) Class: 60566K(64576K)->60566K(64576K)
[2025-01-07T20:25:51.343+0000][86421.709s][info][gc          ] GC(3241) Pause Young (Concurrent Start) (G1 Evacuation Pause) 9685M->2412M(12288M) 35.912ms
[2025-01-07T20:25:51.343+0000][86421.709s][info][gc,cpu      ] GC(3241) User=0.21s Sys=0.00s Real=0.04s
[2025-01-07T20:25:51.343+0000][86421.709s][info][gc          ] GC(3242) Concurrent Mark Cycle
[2025-01-07T20:25:51.343+0000][86421.709s][info][gc,marking  ] GC(3242) Concurrent Clear Claimed Marks
[2025-01-07T20:25:51.344+0000][86421.710s][info][gc,marking  ] GC(3242) Concurrent Clear Claimed Marks 0.812ms
[2025-01-07T20:25:51.344+0000][86421.710s][info][gc,marking  ] GC(3242) Concurrent Scan Root Regions
[2025-01-07T20:25:51.366+0000][86421.732s][info][gc,marking  ] GC(3242) Concurrent Scan Root Regions 21.910ms
[2025-01-07T20:25:51.366+0000][86421.732s][info][gc,marking  ] GC(3242) Concurrent Mark
[2025-01-07T20:25:51.366+0000][86421.732s][info][gc,marking  ] GC(3242) Concurrent Mark From Roots
[2025-01-07T20:25:51.366+0000][86421.732s][info][gc,task     ] GC(3242) Using 2 workers of 2 for marking
[2025-01-07T20:25:52.121+0000][86422.487s][info][gc,marking  ] GC(3242) Concurrent Mark From Roots 755.226ms
[2025-01-07T20:25:52.121+0000][86422.487s][info][gc,marking  ] GC(3242) Concurrent Preclean
[2025-01-07T20:25:52.123+0000][86422.489s][info][gc,marking  ] GC(3242) Concurrent Preclean 2.136ms
[2025-01-07T20:25:52.123+0000][86422.489s][info][gc,start    ] GC(3242) Pause Remark
[2025-01-07T20:25:52.149+0000][86422.515s][info][gc          ] GC(3242) Pause Remark 2740M->2740M(12288M) 25.824ms
[2025-01-07T20:25:52.149+0000][86422.515s][info][gc,cpu      ] GC(3242) User=0.15s Sys=0.00s Real=0.02s
[2025-01-07T20:25:52.149+0000][86422.515s][info][gc,marking  ] GC(3242) Concurrent Mark 783.529ms
[2025-01-07T20:25:52.149+0000][86422.515s][info][gc,marking  ] GC(3242) Concurrent Rebuild Remembered Sets
[2025-01-07T20:25:52.698+0000][86423.064s][info][gc,marking  ] GC(3242) Concurrent Rebuild Remembered Sets 548.892ms
[2025-01-07T20:25:52.698+0000][86423.064s][info][gc,start    ] GC(3242) Pause Cleanup
[2025-01-07T20:25:52.699+0000][86423.065s][info][gc          ] GC(3242) Pause Cleanup 3100M->3100M(12288M) 0.476ms
[2025-01-07T20:25:52.699+0000][86423.065s][info][gc,cpu      ] GC(3242) User=0.00s Sys=0.00s Real=0.00s
[2025-01-07T20:25:52.699+0000][86423.065s][info][gc,marking  ] GC(3242) Concurrent Cleanup for Next Mark
[2025-01-07T20:25:52.715+0000][86423.081s][info][gc,marking  ] GC(3242) Concurrent Cleanup for Next Mark 15.965ms
[2025-01-07T20:25:52.715+0000][86423.081s][info][gc          ] GC(3242) Concurrent Mark Cycle 1371.999ms
[2025-01-07T20:26:00.548+0000][86430.914s][info][gc,start    ] GC(3243) Pause Young (Prepare Mixed) (G1 Evacuation Pause)
[2025-01-07T20:26:00.548+0000][86430.914s][info][gc,task     ] GC(3243) Using 6 workers of 6 for evacuation
[2025-01-07T20:26:00.590+0000][86430.956s][info][gc,phases   ] GC(3243)   Pre Evacuate Collection Set: 0.2ms
[2025-01-07T20:26:00.590+0000][86430.956s][info][gc,phases   ] GC(3243)   Merge Heap Roots: 0.7ms
[2025-01-07T20:26:00.590+0000][86430.956s][info][gc,phases   ] GC(3243)   Evacuate Collection Set: 36.4ms
[2025-01-07T20:26:00.590+0000][86430.956s][info][gc,phases   ] GC(3243)   Post Evacuate Collection Set: 4.1ms
[2025-01-07T20:26:00.590+0000][86430.956s][info][gc,phases   ] GC(3243)   Other: 0.2ms
[2025-01-07T20:26:00.590+0000][86430.956s][info][gc,heap     ] GC(3243) Eden regions: 911->0(63)
[2025-01-07T20:26:00.590+0000][86430.956s][info][gc,heap     ] GC(3243) Survivor regions: 10->13(116)
[2025-01-07T20:26:00.590+0000][86430.956s][info][gc,heap     ] GC(3243) Old regions: 242->242
[2025-01-07T20:26:00.590+0000][86430.956s][info][gc,heap     ] GC(3243) Archive regions: 2->2
[2025-01-07T20:26:00.590+0000][86430.956s][info][gc,heap     ] GC(3243) Humongous regions: 49->49
[2025-01-07T20:26:00.590+0000][86430.956s][info][gc,metaspace] GC(3243) Metaspace: 498671K(506944K)->498671K(506944K) NonClass: 438105K(442368K)->438105K(442368K) Class: 60566K(64576K)->60566K(64576K)
[2025-01-07T20:26:00.590+0000][86430.956s][info][gc          ] GC(3243) Pause Young (Prepare Mixed) (G1 Evacuation Pause) 9700M->2437M(12288M) 41.694ms
[2025-01-07T20:26:00.590+0000][86430.956s][info][gc,cpu      ] GC(3243) User=0.25s Sys=0.00s Real=0.05s
[2025-01-07T20:26:01.600+0000][86431.966s][info][gc,start    ] GC(3244) Pause Young (Mixed) (G1 Evacuation Pause)
[2025-01-07T20:26:01.600+0000][86431.966s][info][gc,task     ] GC(3244) Using 6 workers of 6 for evacuation
[2025-01-07T20:26:01.652+0000][86432.018s][info][gc,phases   ] GC(3244)   Pre Evacuate Collection Set: 0.2ms
[2025-01-07T20:26:01.652+0000][86432.018s][info][gc,phases   ] GC(3244)   Merge Heap Roots: 0.5ms
[2025-01-07T20:26:01.652+0000][86432.018s][info][gc,phases   ] GC(3244)   Evacuate Collection Set: 49.1ms
[2025-01-07T20:26:01.652+0000][86432.018s][info][gc,phases   ] GC(3244)   Post Evacuate Collection Set: 1.8ms
[2025-01-07T20:26:01.652+0000][86432.018s][info][gc,phases   ] GC(3244)   Other: 0.2ms
[2025-01-07T20:26:01.652+0000][86432.018s][info][gc,heap     ] GC(3244) Eden regions: 63->0(913)
[2025-01-07T20:26:01.652+0000][86432.018s][info][gc,heap     ] GC(3244) Survivor regions: 13->5(10)
[2025-01-07T20:26:01.652+0000][86432.018s][info][gc,heap     ] GC(3244) Old regions: 242->243
[2025-01-07T20:26:01.652+0000][86432.018s][info][gc,heap     ] GC(3244) Archive regions: 2->2
[2025-01-07T20:26:01.652+0000][86432.018s][info][gc,heap     ] GC(3244) Humongous regions: 49->49
[2025-01-07T20:26:01.652+0000][86432.018s][info][gc,metaspace] GC(3244) Metaspace: 498671K(506944K)->498671K(506944K) NonClass: 438105K(442368K)->438105K(442368K) Class: 60566K(64576K)->60566K(64576K)
[2025-01-07T20:26:01.652+0000][86432.018s][info][gc          ] GC(3244) Pause Young (Mixed) (G1 Evacuation Pause) 2941M->2372M(12288M) 51.870ms
[2025-01-07T20:26:01.652+0000][86432.018s][info][gc,cpu      ] GC(3244) User=0.30s Sys=0.01s Real=0.06s
[2025-01-07T20:26:10.749+0000][86441.115s][info][gc,start    ] GC(3245) Pause Young (Normal) (G1 Evacuation Pause)
[2025-01-07T20:26:10.749+0000][86441.115s][info][gc,task     ] GC(3245) Using 6 workers of 6 for evacuation
[2025-01-07T20:26:10.774+0000][86441.140s][info][gc,phases   ] GC(3245)   Pre Evacuate Collection Set: 0.2ms
[2025-01-07T20:26:10.774+0000][86441.140s][info][gc,phases   ] GC(3245)   Merge Heap Roots: 0.4ms
[2025-01-07T20:26:10.774+0000][86441.140s][info][gc,phases   ] GC(3245)   Evacuate Collection Set: 21.1ms
[2025-01-07T20:26:10.774+0000][86441.140s][info][gc,phases   ] GC(3245)   Post Evacuate Collection Set: 2.7ms
[2025-01-07T20:26:10.774+0000][86441.140s][info][gc,phases   ] GC(3245)   Other: 0.2ms
[2025-01-07T20:26:10.774+0000][86441.140s][info][gc,heap     ] GC(3245) Eden regions: 913->0(914)
[2025-01-07T20:26:10.774+0000][86441.140s][info][gc,heap     ] GC(3245) Survivor regions: 5->6(115)
[2025-01-07T20:26:10.774+0000][86441.140s][info][gc,heap     ] GC(3245) Old regions: 243->243
[2025-01-07T20:26:10.774+0000][86441.140s][info][gc,heap     ] GC(3245) Archive regions: 2->2
[2025-01-07T20:26:10.774+0000][86441.140s][info][gc,heap     ] GC(3245) Humongous regions: 49->49
[2025-01-07T20:26:10.774+0000][86441.140s][info][gc,metaspace] GC(3245) Metaspace: 498671K(506944K)->498671K(506944K) NonClass: 438105K(442368K)->438105K(442368K) Class: 60566K(64576K)->60566K(64576K)
[2025-01-07T20:26:10.774+0000][86441.140s][info][gc          ] GC(3245) Pause Young (Normal) (G1 Evacuation Pause) 9676M->2377M(12288M) 24.681ms
[2025-01-07T20:26:10.774+0000][86441.140s][info][gc,cpu      ] GC(3245) User=0.14s Sys=0.01s Real=0.03s
[2025-01-07T20:31:50.505+0000][86780.871s][info][gc,start    ] GC(3246) Pause Young (Normal) (G1 Evacuation Pause)
[2025-01-07T20:31:50.505+0000][86780.871s][info][gc,task     ] GC(3246) Using 6 workers of 6 for evacuation
[2025-01-07T20:31:50.530+0000][86780.896s][info][gc,phases   ] GC(3246)   Pre Evacuate Collection Set: 0.2ms
[2025-01-07T20:31:50.530+0000][86780.896s][info][gc,phases   ] GC(3246)   Merge Heap Roots: 0.5ms
[2025-01-07T20:31:50.530+0000][86780.896s][info][gc,phases   ] GC(3246)   Evacuate Collection Set: 21.6ms
[2025-01-07T20:31:50.530+0000][86780.896s][info][gc,phases   ] GC(3246)   Post Evacuate Collection Set: 2.7ms
[2025-01-07T20:31:50.530+0000][86780.896s][info][gc,phases   ] GC(3246)   Other: 0.2ms
[2025-01-07T20:31:50.530+0000][86780.896s][info][gc,heap     ] GC(3246) Eden regions: 914->0(914)
[2025-01-07T20:31:50.530+0000][86780.896s][info][gc,heap     ] GC(3246) Survivor regions: 6->6(115)
[2025-01-07T20:31:50.530+0000][86780.896s][info][gc,heap     ] GC(3246) Old regions: 243->243
[2025-01-07T20:31:50.530+0000][86780.896s][info][gc,heap     ] GC(3246) Archive regions: 2->2
[2025-01-07T20:31:50.530+0000][86780.896s][info][gc,heap     ] GC(3246) Humongous regions: 49->49
[2025-01-07T20:31:50.530+0000][86780.896s][info][gc,metaspace] GC(3246) Metaspace: 498734K(507008K)->498734K(507008K) NonClass: 438155K(442432K)->438155K(442432K) Class: 60579K(64576K)->60579K(64576K)
[2025-01-07T20:31:50.530+0000][86780.896s][info][gc          ] GC(3246) Pause Young (Normal) (G1 Evacuation Pause) 9689M->2384M(12288M) 25.234ms
[2025-01-07T20:31:50.530+0000][86780.896s][info][gc,cpu      ] GC(3246) User=0.14s Sys=0.00s Real=0.03s
[2025-01-07T20:33:08.540+0000][86858.906s][info][gc,start    ] GC(3247) Pause Young (Concurrent Start) (G1 Evacuation Pause)
[2025-01-07T20:33:08.540+0000][86858.906s][info][gc,task     ] GC(3247) Using 6 workers of 6 for evacuation
[2025-01-07T20:33:08.593+0000][86858.959s][info][gc,phases   ] GC(3247)   Pre Evacuate Collection Set: 1.0ms
[2025-01-07T20:33:08.593+0000][86858.959s][info][gc,phases   ] GC(3247)   Merge Heap Roots: 0.5ms
[2025-01-07T20:33:08.593+0000][86858.959s][info][gc,phases   ] GC(3247)   Evacuate Collection Set: 47.9ms
[2025-01-07T20:33:08.593+0000][86858.959s][info][gc,phases   ] GC(3247)   Post Evacuate Collection Set: 3.7ms
[2025-01-07T20:33:08.593+0000][86858.959s][info][gc,phases   ] GC(3247)   Other: 0.3ms
[2025-01-07T20:33:08.593+0000][86858.959s][info][gc,heap     ] GC(3247) Eden regions: 914->0(908)
[2025-01-07T20:33:08.593+0000][86858.959s][info][gc,heap     ] GC(3247) Survivor regions: 6->10(115)
[2025-01-07T20:33:08.593+0000][86858.959s][info][gc,heap     ] GC(3247) Old regions: 243->243
[2025-01-07T20:33:08.593+0000][86858.959s][info][gc,heap     ] GC(3247) Archive regions: 2->2
[2025-01-07T20:33:08.593+0000][86858.959s][info][gc,heap     ] GC(3247) Humongous regions: 49->49
[2025-01-07T20:33:08.593+0000][86858.959s][info][gc,metaspace] GC(3247) Metaspace: 498838K(507136K)->498838K(507136K) NonClass: 438252K(442496K)->438252K(442496K) Class: 60586K(64640K)->60586K(64640K)
[2025-01-07T20:33:08.593+0000][86858.959s][info][gc          ] GC(3247) Pause Young (Concurrent Start) (G1 Evacuation Pause) 9696M->2410M(12288M) 53.489ms
[2025-01-07T20:33:08.593+0000][86858.959s][info][gc,cpu      ] GC(3247) User=0.31s Sys=0.00s Real=0.06s
[2025-01-07T20:33:08.593+0000][86858.959s][info][gc          ] GC(3248) Concurrent Mark Cycle
[2025-01-07T20:33:08.593+0000][86858.959s][info][gc,marking  ] GC(3248) Concurrent Clear Claimed Marks
[2025-01-07T20:33:08.594+0000][86858.960s][info][gc,marking  ] GC(3248) Concurrent Clear Claimed Marks 0.841ms
[2025-01-07T20:33:08.594+0000][86858.960s][info][gc,marking  ] GC(3248) Concurrent Scan Root Regions
[2025-01-07T20:33:08.626+0000][86858.992s][info][gc,marking  ] GC(3248) Concurrent Scan Root Regions 31.444ms
[2025-01-07T20:33:08.626+0000][86858.992s][info][gc,marking  ] GC(3248) Concurrent Mark
[2025-01-07T20:33:08.626+0000][86858.992s][info][gc,marking  ] GC(3248) Concurrent Mark From Roots
[2025-01-07T20:33:08.626+0000][86858.992s][info][gc,task     ] GC(3248) Using 2 workers of 2 for marking
[2025-01-07T20:33:09.324+0000][86859.690s][info][gc,marking  ] GC(3248) Concurrent Mark From Roots 698.044ms
[2025-01-07T20:33:09.324+0000][86859.690s][info][gc,marking  ] GC(3248) Concurrent Preclean
[2025-01-07T20:33:09.326+0000][86859.692s][info][gc,marking  ] GC(3248) Concurrent Preclean 2.004ms
[2025-01-07T20:33:09.326+0000][86859.692s][info][gc,start    ] GC(3248) Pause Remark
[2025-01-07T20:33:09.352+0000][86859.718s][info][gc          ] GC(3248) Pause Remark 2498M->2498M(12288M) 26.159ms
[2025-01-07T20:33:09.352+0000][86859.718s][info][gc,cpu      ] GC(3248) User=0.15s Sys=0.00s Real=0.03s
[2025-01-07T20:33:09.352+0000][86859.718s][info][gc,marking  ] GC(3248) Concurrent Mark 726.548ms
[2025-01-07T20:33:09.352+0000][86859.718s][info][gc,marking  ] GC(3248) Concurrent Rebuild Remembered Sets
[2025-01-07T20:33:09.805+0000][86860.171s][info][gc,marking  ] GC(3248) Concurrent Rebuild Remembered Sets 452.415ms
[2025-01-07T20:33:09.805+0000][86860.171s][info][gc,start    ] GC(3248) Pause Cleanup
[2025-01-07T20:33:09.805+0000][86860.171s][info][gc          ] GC(3248) Pause Cleanup 2586M->2586M(12288M) 0.507ms
[2025-01-07T20:33:09.805+0000][86860.171s][info][gc,cpu      ] GC(3248) User=0.00s Sys=0.00s Real=0.00s
[2025-01-07T20:33:09.805+0000][86860.171s][info][gc,marking  ] GC(3248) Concurrent Cleanup for Next Mark
[2025-01-07T20:33:09.821+0000][86860.187s][info][gc,marking  ] GC(3248) Concurrent Cleanup for Next Mark 15.454ms
[2025-01-07T20:33:09.821+0000][86860.187s][info][gc          ] GC(3248) Concurrent Mark Cycle 1227.609ms
[2025-01-07T20:33:58.900+0000][86909.267s][info][gc,start    ] GC(3249) Pause Young (Prepare Mixed) (G1 Evacuation Pause)
[2025-01-07T20:33:58.901+0000][86909.267s][info][gc,task     ] GC(3249) Using 6 workers of 6 for evacuation
[2025-01-07T20:33:58.961+0000][86909.327s][info][gc,phases   ] GC(3249)   Pre Evacuate Collection Set: 0.2ms
[2025-01-07T20:33:58.961+0000][86909.327s][info][gc,phases   ] GC(3249)   Merge Heap Roots: 0.7ms
[2025-01-07T20:33:58.961+0000][86909.327s][info][gc,phases   ] GC(3249)   Evacuate Collection Set: 56.3ms
[2025-01-07T20:33:58.961+0000][86909.327s][info][gc,phases   ] GC(3249)   Post Evacuate Collection Set: 3.3ms
[2025-01-07T20:33:58.961+0000][86909.327s][info][gc,phases   ] GC(3249)   Other: 0.2ms
[2025-01-07T20:33:58.961+0000][86909.327s][info][gc,heap     ] GC(3249) Eden regions: 908->0(60)
[2025-01-07T20:33:58.961+0000][86909.327s][info][gc,heap     ] GC(3249) Survivor regions: 10->16(115)
[2025-01-07T20:33:58.961+0000][86909.327s][info][gc,heap     ] GC(3249) Old regions: 243->243
[2025-01-07T20:33:58.961+0000][86909.327s][info][gc,heap     ] GC(3249) Archive regions: 2->2
[2025-01-07T20:33:58.961+0000][86909.327s][info][gc,heap     ] GC(3249) Humongous regions: 73->73
[2025-01-07T20:33:58.961+0000][86909.327s][info][gc,metaspace] GC(3249) Metaspace: 498872K(507200K)->498872K(507200K) NonClass: 438280K(442560K)->438280K(442560K) Class: 60591K(64640K)->60591K(64640K)
[2025-01-07T20:33:58.961+0000][86909.327s][info][gc          ] GC(3249) Pause Young (Prepare Mixed) (G1 Evacuation Pause) 9866M->2653M(12288M) 60.846ms
[2025-01-07T20:33:58.961+0000][86909.327s][info][gc,cpu      ] GC(3249) User=0.36s Sys=0.00s Real=0.06s
[2025-01-07T20:33:59.639+0000][86910.005s][info][gc,start    ] GC(3250) Pause Young (Mixed) (G1 Evacuation Pause)
[2025-01-07T20:33:59.639+0000][86910.005s][info][gc,task     ] GC(3250) Using 6 workers of 6 for evacuation
[2025-01-07T20:33:59.740+0000][86910.106s][info][gc,phases   ] GC(3250)   Pre Evacuate Collection Set: 0.2ms
[2025-01-07T20:33:59.740+0000][86910.106s][info][gc,phases   ] GC(3250)   Merge Heap Roots: 0.9ms
[2025-01-07T20:33:59.740+0000][86910.106s][info][gc,phases   ] GC(3250)   Evacuate Collection Set: 97.1ms
[2025-01-07T20:33:59.740+0000][86910.106s][info][gc,phases   ] GC(3250)   Post Evacuate Collection Set: 2.4ms
[2025-01-07T20:33:59.740+0000][86910.106s][info][gc,phases   ] GC(3250)   Other: 0.2ms
[2025-01-07T20:33:59.740+0000][86910.106s][info][gc,heap     ] GC(3250) Eden regions: 60->0(885)
[2025-01-07T20:33:59.740+0000][86910.106s][info][gc,heap     ] GC(3250) Survivor regions: 16->2(10)
[2025-01-07T20:33:59.740+0000][86910.106s][info][gc,heap     ] GC(3250) Old regions: 243->247
[2025-01-07T20:33:59.740+0000][86910.106s][info][gc,heap     ] GC(3250) Archive regions: 2->2
[2025-01-07T20:33:59.740+0000][86910.106s][info][gc,heap     ] GC(3250) Humongous regions: 73->73
[2025-01-07T20:33:59.740+0000][86910.106s][info][gc,metaspace] GC(3250) Metaspace: 498872K(507200K)->498872K(507200K) NonClass: 438280K(442560K)->438280K(442560K) Class: 60591K(64640K)->60591K(64640K)
[2025-01-07T20:33:59.740+0000][86910.106s][info][gc          ] GC(3250) Pause Young (Mixed) (G1 Evacuation Pause) 3133M->2581M(12288M) 100.898ms
[2025-01-07T20:33:59.740+0000][86910.106s][info][gc,cpu      ] GC(3250) User=0.57s Sys=0.00s Real=0.10s
[2025-01-07T20:34:21.053+0000][86931.419s][info][gc,start    ] GC(3251) Pause Young (Normal) (G1 Evacuation Pause)
[2025-01-07T20:34:21.053+0000][86931.419s][info][gc,task     ] GC(3251) Using 6 workers of 6 for evacuation
[2025-01-07T20:34:21.072+0000][86931.438s][info][gc,phases   ] GC(3251)   Pre Evacuate Collection Set: 0.2ms
[2025-01-07T20:34:21.072+0000][86931.438s][info][gc,phases   ] GC(3251)   Merge Heap Roots: 0.4ms
[2025-01-07T20:34:21.072+0000][86931.438s][info][gc,phases   ] GC(3251)   Evacuate Collection Set: 16.1ms
[2025-01-07T20:34:21.072+0000][86931.438s][info][gc,phases   ] GC(3251)   Post Evacuate Collection Set: 2.6ms
[2025-01-07T20:34:21.072+0000][86931.439s][info][gc,phases   ] GC(3251)   Other: 0.2ms
[2025-01-07T20:34:21.072+0000][86931.439s][info][gc,heap     ] GC(3251) Eden regions: 885->0(880)
[2025-01-07T20:34:21.072+0000][86931.439s][info][gc,heap     ] GC(3251) Survivor regions: 2->4(111)
[2025-01-07T20:34:21.072+0000][86931.439s][info][gc,heap     ] GC(3251) Old regions: 247->247
[2025-01-07T20:34:21.072+0000][86931.439s][info][gc,heap     ] GC(3251) Archive regions: 2->2
[2025-01-07T20:34:21.072+0000][86931.439s][info][gc,heap     ] GC(3251) Humongous regions: 77->77
[2025-01-07T20:34:21.072+0000][86931.439s][info][gc,metaspace] GC(3251) Metaspace: 498873K(507200K)->498873K(507200K) NonClass: 438281K(442560K)->438281K(442560K) Class: 60591K(64640K)->60591K(64640K)
[2025-01-07T20:34:21.072+0000][86931.439s][info][gc          ] GC(3251) Pause Young (Normal) (G1 Evacuation Pause) 9693M->2626M(12288M) 19.565ms
[2025-01-07T20:34:21.073+0000][86931.439s][info][gc,cpu      ] GC(3251) User=0.12s Sys=0.00s Real=0.02s
[2025-01-07T20:34:42.827+0000][86953.193s][info][gc,start    ] GC(3252) Pause Young (Normal) (G1 Evacuation Pause)
[2025-01-07T20:34:42.827+0000][86953.193s][info][gc,task     ] GC(3252) Using 6 workers of 6 for evacuation
[2025-01-07T20:34:42.850+0000][86953.216s][info][gc,phases   ] GC(3252)   Pre Evacuate Collection Set: 0.2ms
[2025-01-07T20:34:42.850+0000][86953.216s][info][gc,phases   ] GC(3252)   Merge Heap Roots: 0.4ms
[2025-01-07T20:34:42.850+0000][86953.216s][info][gc,phases   ] GC(3252)   Evacuate Collection Set: 19.7ms
[2025-01-07T20:34:42.850+0000][86953.216s][info][gc,phases   ] GC(3252)   Post Evacuate Collection Set: 2.6ms
[2025-01-07T20:34:42.850+0000][86953.216s][info][gc,phases   ] GC(3252)   Other: 0.2ms
[2025-01-07T20:34:42.850+0000][86953.216s][info][gc,heap     ] GC(3252) Eden regions: 880->0(880)
[2025-01-07T20:34:42.850+0000][86953.216s][info][gc,heap     ] GC(3252) Survivor regions: 4->5(111)
[2025-01-07T20:34:42.850+0000][86953.216s][info][gc,heap     ] GC(3252) Old regions: 247->247
[2025-01-07T20:34:42.850+0000][86953.216s][info][gc,heap     ] GC(3252) Archive regions: 2->2
[2025-01-07T20:34:42.850+0000][86953.216s][info][gc,heap     ] GC(3252) Humongous regions: 77->77
[2025-01-07T20:34:42.850+0000][86953.216s][info][gc,metaspace] GC(3252) Metaspace: 498876K(507200K)->498876K(507200K) NonClass: 438284K(442560K)->438284K(442560K) Class: 60591K(64640K)->60591K(64640K)
[2025-01-07T20:34:42.850+0000][86953.216s][info][gc          ] GC(3252) Pause Young (Normal) (G1 Evacuation Pause) 9666M->2637M(12288M) 23.133ms
[2025-01-07T20:34:42.850+0000][86953.216s][info][gc,cpu      ] GC(3252) User=0.13s Sys=0.00s Real=0.03s
[2025-01-07T20:35:00.084+0000][86970.450s][info][gc,start    ] GC(3253) Pause Young (Concurrent Start) (G1 Evacuation Pause)
[2025-01-07T20:35:00.084+0000][86970.450s][info][gc,task     ] GC(3253) Using 6 workers of 6 for evacuation
[2025-01-07T20:35:00.114+0000][86970.480s][info][gc,phases   ] GC(3253)   Pre Evacuate Collection Set: 1.0ms
[2025-01-07T20:35:00.114+0000][86970.480s][info][gc,phases   ] GC(3253)   Merge Heap Roots: 0.4ms
[2025-01-07T20:35:00.114+0000][86970.480s][info][gc,phases   ] GC(3253)   Evacuate Collection Set: 25.2ms
[2025-01-07T20:35:00.114+0000][86970.480s][info][gc,phases   ] GC(3253)   Post Evacuate Collection Set: 2.5ms
[2025-01-07T20:35:00.114+0000][86970.480s][info][gc,phases   ] GC(3253)   Other: 0.3ms
[2025-01-07T20:35:00.114+0000][86970.480s][info][gc,heap     ] GC(3253) Eden regions: 880->0(878)
[2025-01-07T20:35:00.114+0000][86970.480s][info][gc,heap     ] GC(3253) Survivor regions: 5->7(111)
[2025-01-07T20:35:00.114+0000][86970.480s][info][gc,heap     ] GC(3253) Old regions: 247->247
[2025-01-07T20:35:00.114+0000][86970.480s][info][gc,heap     ] GC(3253) Archive regions: 2->2
[2025-01-07T20:35:00.114+0000][86970.480s][info][gc,heap     ] GC(3253) Humongous regions: 77->77
[2025-01-07T20:35:00.114+0000][86970.480s][info][gc,metaspace] GC(3253) Metaspace: 498877K(507200K)->498877K(507200K) NonClass: 438286K(442560K)->438286K(442560K) Class: 60591K(64640K)->60591K(64640K)
[2025-01-07T20:35:00.114+0000][86970.480s][info][gc          ] GC(3253) Pause Young (Concurrent Start) (G1 Evacuation Pause) 9677M->2651M(12288M) 29.505ms
[2025-01-07T20:35:00.114+0000][86970.480s][info][gc,cpu      ] GC(3253) User=0.17s Sys=0.00s Real=0.03s
[2025-01-07T20:35:00.114+0000][86970.480s][info][gc          ] GC(3254) Concurrent Mark Cycle
[2025-01-07T20:35:00.114+0000][86970.480s][info][gc,marking  ] GC(3254) Concurrent Clear Claimed Marks
[2025-01-07T20:35:00.115+0000][86970.481s][info][gc,marking  ] GC(3254) Concurrent Clear Claimed Marks 0.843ms
[2025-01-07T20:35:00.115+0000][86970.481s][info][gc,marking  ] GC(3254) Concurrent Scan Root Regions
[2025-01-07T20:35:00.140+0000][86970.507s][info][gc,marking  ] GC(3254) Concurrent Scan Root Regions 25.848ms
[2025-01-07T20:35:00.140+0000][86970.507s][info][gc,marking  ] GC(3254) Concurrent Mark
[2025-01-07T20:35:00.140+0000][86970.507s][info][gc,marking  ] GC(3254) Concurrent Mark From Roots
[2025-01-07T20:35:00.140+0000][86970.507s][info][gc,task     ] GC(3254) Using 2 workers of 2 for marking
[2025-01-07T20:35:00.984+0000][86971.350s][info][gc,marking  ] GC(3254) Concurrent Mark From Roots 843.316ms
[2025-01-07T20:35:00.984+0000][86971.350s][info][gc,marking  ] GC(3254) Concurrent Preclean
[2025-01-07T20:35:00.986+0000][86971.352s][info][gc,marking  ] GC(3254) Concurrent Preclean 1.889ms
[2025-01-07T20:35:00.986+0000][86971.352s][info][gc,start    ] GC(3254) Pause Remark
[2025-01-07T20:35:01.042+0000][86971.408s][info][gc          ] GC(3254) Pause Remark 2944M->2720M(12288M) 56.390ms
[2025-01-07T20:35:01.042+0000][86971.408s][info][gc,cpu      ] GC(3254) User=0.31s Sys=0.00s Real=0.06s
[2025-01-07T20:35:01.043+0000][86971.409s][info][gc,marking  ] GC(3254) Concurrent Mark 902.031ms
[2025-01-07T20:35:01.043+0000][86971.409s][info][gc,marking  ] GC(3254) Concurrent Rebuild Remembered Sets
[2025-01-07T20:35:01.506+0000][86971.872s][info][gc,marking  ] GC(3254) Concurrent Rebuild Remembered Sets 463.814ms
[2025-01-07T20:35:01.506+0000][86971.873s][info][gc,start    ] GC(3254) Pause Cleanup
[2025-01-07T20:35:01.507+0000][86971.873s][info][gc          ] GC(3254) Pause Cleanup 2939M->2939M(12288M) 0.494ms
[2025-01-07T20:35:01.507+0000][86971.873s][info][gc,cpu      ] GC(3254) User=0.01s Sys=0.00s Real=0.00s
[2025-01-07T20:35:01.507+0000][86971.873s][info][gc,marking  ] GC(3254) Concurrent Cleanup for Next Mark
[2025-01-07T20:35:01.523+0000][86971.889s][info][gc,marking  ] GC(3254) Concurrent Cleanup for Next Mark 15.463ms
[2025-01-07T20:35:01.523+0000][86971.889s][info][gc          ] GC(3254) Concurrent Mark Cycle 1408.915ms
[2025-01-07T20:35:13.033+0000][86983.399s][info][gc,start    ] GC(3255) Pause Young (Prepare Mixed) (G1 Evacuation Pause)
[2025-01-07T20:35:13.033+0000][86983.399s][info][gc,task     ] GC(3255) Using 6 workers of 6 for evacuation
[2025-01-07T20:35:13.067+0000][86983.433s][info][gc,phases   ] GC(3255)   Pre Evacuate Collection Set: 0.2ms
[2025-01-07T20:35:13.067+0000][86983.433s][info][gc,phases   ] GC(3255)   Merge Heap Roots: 0.6ms
[2025-01-07T20:35:13.067+0000][86983.433s][info][gc,phases   ] GC(3255)   Evacuate Collection Set: 29.7ms
[2025-01-07T20:35:13.067+0000][86983.433s][info][gc,phases   ] GC(3255)   Post Evacuate Collection Set: 2.8ms
[2025-01-07T20:35:13.067+0000][86983.433s][info][gc,phases   ] GC(3255)   Other: 0.2ms
[2025-01-07T20:35:13.067+0000][86983.433s][info][gc,heap     ] GC(3255) Eden regions: 878->0(68)
[2025-01-07T20:35:13.067+0000][86983.433s][info][gc,heap     ] GC(3255) Survivor regions: 7->8(111)
[2025-01-07T20:35:13.067+0000][86983.433s][info][gc,heap     ] GC(3255) Old regions: 247->247
[2025-01-07T20:35:13.067+0000][86983.433s][info][gc,heap     ] GC(3255) Archive regions: 2->2
[2025-01-07T20:35:13.067+0000][86983.433s][info][gc,heap     ] GC(3255) Humongous regions: 49->49
[2025-01-07T20:35:13.067+0000][86983.433s][info][gc,metaspace] GC(3255) Metaspace: 498856K(507200K)->498856K(507200K) NonClass: 438267K(442560K)->438267K(442560K) Class: 60588K(64640K)->60588K(64640K)
[2025-01-07T20:35:13.067+0000][86983.433s][info][gc          ] GC(3255) Pause Young (Prepare Mixed) (G1 Evacuation Pause) 9451M->2435M(12288M) 33.542ms
[2025-01-07T20:35:13.067+0000][86983.433s][info][gc,cpu      ] GC(3255) User=0.19s Sys=0.01s Real=0.03s
[2025-01-07T20:35:13.699+0000][86984.065s][info][gc,start    ] GC(3256) Pause Young (Mixed) (G1 Evacuation Pause)
[2025-01-07T20:35:13.699+0000][86984.065s][info][gc,task     ] GC(3256) Using 6 workers of 6 for evacuation
[2025-01-07T20:35:13.753+0000][86984.119s][info][gc,phases   ] GC(3256)   Pre Evacuate Collection Set: 0.2ms
[2025-01-07T20:35:13.753+0000][86984.119s][info][gc,phases   ] GC(3256)   Merge Heap Roots: 0.6ms
[2025-01-07T20:35:13.753+0000][86984.119s][info][gc,phases   ] GC(3256)   Evacuate Collection Set: 51.3ms
[2025-01-07T20:35:13.753+0000][86984.119s][info][gc,phases   ] GC(3256)   Post Evacuate Collection Set: 1.7ms
[2025-01-07T20:35:13.753+0000][86984.119s][info][gc,phases   ] GC(3256)   Other: 0.2ms
[2025-01-07T20:35:13.753+0000][86984.119s][info][gc,heap     ] GC(3256) Eden regions: 68->0(913)
[2025-01-07T20:35:13.753+0000][86984.119s][info][gc,heap     ] GC(3256) Survivor regions: 8->5(10)
[2025-01-07T20:35:13.753+0000][86984.119s][info][gc,heap     ] GC(3256) Old regions: 247->243
[2025-01-07T20:35:13.753+0000][86984.119s][info][gc,heap     ] GC(3256) Archive regions: 2->2
[2025-01-07T20:35:13.753+0000][86984.119s][info][gc,heap     ] GC(3256) Humongous regions: 49->49
[2025-01-07T20:35:13.753+0000][86984.119s][info][gc,metaspace] GC(3256) Metaspace: 498856K(507200K)->498856K(507200K) NonClass: 438267K(442560K)->438267K(442560K) Class: 60588K(64640K)->60588K(64640K)
[2025-01-07T20:35:13.753+0000][86984.119s][info][gc          ] GC(3256) Pause Young (Mixed) (G1 Evacuation Pause) 2979M->2374M(12288M) 54.035ms
[2025-01-07T20:35:13.753+0000][86984.119s][info][gc,cpu      ] GC(3256) User=0.31s Sys=0.00s Real=0.06s
[2025-01-07T20:35:35.195+0000][87005.561s][info][gc,start    ] GC(3257) Pause Young (Normal) (G1 Evacuation Pause)
[2025-01-07T20:35:35.195+0000][87005.561s][info][gc,task     ] GC(3257) Using 6 workers of 6 for evacuation
[2025-01-07T20:35:35.223+0000][87005.589s][info][gc,phases   ] GC(3257)   Pre Evacuate Collection Set: 0.2ms
[2025-01-07T20:35:35.223+0000][87005.589s][info][gc,phases   ] GC(3257)   Merge Heap Roots: 0.4ms
[2025-01-07T20:35:35.223+0000][87005.589s][info][gc,phases   ] GC(3257)   Evacuate Collection Set: 24.3ms
[2025-01-07T20:35:35.223+0000][87005.589s][info][gc,phases   ] GC(3257)   Post Evacuate Collection Set: 2.7ms
[2025-01-07T20:35:35.223+0000][87005.589s][info][gc,phases   ] GC(3257)   Other: 0.2ms
[2025-01-07T20:35:35.223+0000][87005.589s][info][gc,heap     ] GC(3257) Eden regions: 913->0(911)
[2025-01-07T20:35:35.223+0000][87005.589s][info][gc,heap     ] GC(3257) Survivor regions: 5->7(115)
[2025-01-07T20:35:35.223+0000][87005.589s][info][gc,heap     ] GC(3257) Old regions: 243->243
[2025-01-07T20:35:35.223+0000][87005.589s][info][gc,heap     ] GC(3257) Archive regions: 2->2
[2025-01-07T20:35:35.223+0000][87005.589s][info][gc,heap     ] GC(3257) Humongous regions: 49->49
[2025-01-07T20:35:35.223+0000][87005.589s][info][gc,metaspace] GC(3257) Metaspace: 498856K(507200K)->498856K(507200K) NonClass: 438267K(442560K)->438267K(442560K) Class: 60588K(64640K)->60588K(64640K)
[2025-01-07T20:35:35.223+0000][87005.589s][info][gc          ] GC(3257) Pause Young (Normal) (G1 Evacuation Pause) 9678M->2391M(12288M) 27.816ms
[2025-01-07T20:35:35.223+0000][87005.589s][info][gc,cpu      ] GC(3257) User=0.16s Sys=0.00s Real=0.03s
[2025-01-07T20:35:49.472+0000][87019.838s][info][gc,start    ] GC(3258) Pause Young (Normal) (G1 Evacuation Pause)
[2025-01-07T20:35:49.472+0000][87019.838s][info][gc,task     ] GC(3258) Using 6 workers of 6 for evacuation
[2025-01-07T20:35:49.506+0000][87019.872s][info][gc,phases   ] GC(3258)   Pre Evacuate Collection Set: 0.2ms
[2025-01-07T20:35:49.506+0000][87019.872s][info][gc,phases   ] GC(3258)   Merge Heap Roots: 0.4ms
[2025-01-07T20:35:49.506+0000][87019.872s][info][gc,phases   ] GC(3258)   Evacuate Collection Set: 29.0ms
[2025-01-07T20:35:49.506+0000][87019.872s][info][gc,phases   ] GC(3258)   Post Evacuate Collection Set: 4.5ms
[2025-01-07T20:35:49.506+0000][87019.872s][info][gc,phases   ] GC(3258)   Other: 0.2ms
[2025-01-07T20:35:49.506+0000][87019.872s][info][gc,heap     ] GC(3258) Eden regions: 911->0(908)
[2025-01-07T20:35:49.506+0000][87019.872s][info][gc,heap     ] GC(3258) Survivor regions: 7->9(115)
[2025-01-07T20:35:49.506+0000][87019.872s][info][gc,heap     ] GC(3258) Old regions: 243->243
[2025-01-07T20:35:49.506+0000][87019.872s][info][gc,heap     ] GC(3258) Archive regions: 2->2
[2025-01-07T20:35:49.506+0000][87019.872s][info][gc,heap     ] GC(3258) Humongous regions: 49->49
[2025-01-07T20:35:49.506+0000][87019.872s][info][gc,metaspace] GC(3258) Metaspace: 498856K(507200K)->498856K(507200K) NonClass: 438267K(442560K)->438267K(442560K) Class: 60588K(64640K)->60588K(64640K)
[2025-01-07T20:35:49.506+0000][87019.872s][info][gc          ] GC(3258) Pause Young (Normal) (G1 Evacuation Pause) 9679M->2409M(12288M) 34.416ms
[2025-01-07T20:35:49.506+0000][87019.872s][info][gc,cpu      ] GC(3258) User=0.20s Sys=0.00s Real=0.03s
[2025-01-07T20:36:03.548+0000][87033.914s][info][gc,start    ] GC(3259) Pause Young (Concurrent Start) (G1 Evacuation Pause)
[2025-01-07T20:36:03.548+0000][87033.914s][info][gc,task     ] GC(3259) Using 6 workers of 6 for evacuation
[2025-01-07T20:36:03.583+0000][87033.949s][info][gc,phases   ] GC(3259)   Pre Evacuate Collection Set: 1.1ms
[2025-01-07T20:36:03.583+0000][87033.949s][info][gc,phases   ] GC(3259)   Merge Heap Roots: 0.5ms
[2025-01-07T20:36:03.583+0000][87033.949s][info][gc,phases   ] GC(3259)   Evacuate Collection Set: 30.9ms
[2025-01-07T20:36:03.583+0000][87033.949s][info][gc,phases   ] GC(3259)   Post Evacuate Collection Set: 2.7ms
[2025-01-07T20:36:03.583+0000][87033.949s][info][gc,phases   ] GC(3259)   Other: 0.3ms
[2025-01-07T20:36:03.583+0000][87033.949s][info][gc,heap     ] GC(3259) Eden regions: 908->0(908)
[2025-01-07T20:36:03.583+0000][87033.949s][info][gc,heap     ] GC(3259) Survivor regions: 9->10(115)
[2025-01-07T20:36:03.583+0000][87033.949s][info][gc,heap     ] GC(3259) Old regions: 243->243
[2025-01-07T20:36:03.583+0000][87033.949s][info][gc,heap     ] GC(3259) Archive regions: 2->2
[2025-01-07T20:36:03.583+0000][87033.949s][info][gc,heap     ] GC(3259) Humongous regions: 49->49
[2025-01-07T20:36:03.583+0000][87033.949s][info][gc,metaspace] GC(3259) Metaspace: 498856K(507200K)->498856K(507200K) NonClass: 438267K(442560K)->438267K(442560K) Class: 60588K(64640K)->60588K(64640K)
[2025-01-07T20:36:03.583+0000][87033.949s][info][gc          ] GC(3259) Pause Young (Concurrent Start) (G1 Evacuation Pause) 9673M->2416M(12288M) 35.482ms
[2025-01-07T20:36:03.583+0000][87033.949s][info][gc,cpu      ] GC(3259) User=0.20s Sys=0.00s Real=0.04s
[2025-01-07T20:36:03.583+0000][87033.949s][info][gc          ] GC(3260) Concurrent Mark Cycle
[2025-01-07T20:36:03.583+0000][87033.949s][info][gc,marking  ] GC(3260) Concurrent Clear Claimed Marks
[2025-01-07T20:36:03.584+0000][87033.950s][info][gc,marking  ] GC(3260) Concurrent Clear Claimed Marks 0.820ms
[2025-01-07T20:36:03.584+0000][87033.950s][info][gc,marking  ] GC(3260) Concurrent Scan Root Regions
[2025-01-07T20:36:03.607+0000][87033.973s][info][gc,marking  ] GC(3260) Concurrent Scan Root Regions 22.945ms
[2025-01-07T20:36:03.607+0000][87033.973s][info][gc,marking  ] GC(3260) Concurrent Mark
[2025-01-07T20:36:03.607+0000][87033.973s][info][gc,marking  ] GC(3260) Concurrent Mark From Roots
[2025-01-07T20:36:03.607+0000][87033.973s][info][gc,task     ] GC(3260) Using 2 workers of 2 for marking
[2025-01-07T20:36:04.383+0000][87034.749s][info][gc,marking  ] GC(3260) Concurrent Mark From Roots 775.974ms
[2025-01-07T20:36:04.383+0000][87034.749s][info][gc,marking  ] GC(3260) Concurrent Preclean
[2025-01-07T20:36:04.385+0000][87034.751s][info][gc,marking  ] GC(3260) Concurrent Preclean 2.003ms
[2025-01-07T20:36:04.385+0000][87034.751s][info][gc,start    ] GC(3260) Pause Remark
[2025-01-07T20:36:04.411+0000][87034.777s][info][gc          ] GC(3260) Pause Remark 3008M->3008M(12288M) 25.655ms
[2025-01-07T20:36:04.411+0000][87034.777s][info][gc,cpu      ] GC(3260) User=0.14s Sys=0.00s Real=0.03s
[2025-01-07T20:36:04.411+0000][87034.777s][info][gc,marking  ] GC(3260) Concurrent Mark 804.009ms
[2025-01-07T20:36:04.411+0000][87034.777s][info][gc,marking  ] GC(3260) Concurrent Rebuild Remembered Sets
[2025-01-07T20:36:04.865+0000][87035.231s][info][gc,marking  ] GC(3260) Concurrent Rebuild Remembered Sets 453.828ms
[2025-01-07T20:36:04.865+0000][87035.231s][info][gc,start    ] GC(3260) Pause Cleanup
[2025-01-07T20:36:04.865+0000][87035.232s][info][gc          ] GC(3260) Pause Cleanup 3340M->3340M(12288M) 0.465ms
[2025-01-07T20:36:04.866+0000][87035.232s][info][gc,cpu      ] GC(3260) User=0.00s Sys=0.00s Real=0.00s
[2025-01-07T20:36:04.866+0000][87035.232s][info][gc,marking  ] GC(3260) Concurrent Cleanup for Next Mark
[2025-01-07T20:36:04.881+0000][87035.247s][info][gc,marking  ] GC(3260) Concurrent Cleanup for Next Mark 15.413ms
[2025-01-07T20:36:04.881+0000][87035.247s][info][gc          ] GC(3260) Concurrent Mark Cycle 1297.815ms
[2025-01-07T20:36:14.355+0000][87044.721s][info][gc,start    ] GC(3261) Pause Young (Prepare Mixed) (G1 Evacuation Pause)
[2025-01-07T20:36:14.355+0000][87044.721s][info][gc,task     ] GC(3261) Using 6 workers of 6 for evacuation
[2025-01-07T20:36:14.402+0000][87044.768s][info][gc,phases   ] GC(3261)   Pre Evacuate Collection Set: 0.2ms
[2025-01-07T20:36:14.402+0000][87044.768s][info][gc,phases   ] GC(3261)   Merge Heap Roots: 0.7ms
[2025-01-07T20:36:14.402+0000][87044.768s][info][gc,phases   ] GC(3261)   Evacuate Collection Set: 43.3ms
[2025-01-07T20:36:14.402+0000][87044.768s][info][gc,phases   ] GC(3261)   Post Evacuate Collection Set: 2.8ms
[2025-01-07T20:36:14.402+0000][87044.768s][info][gc,phases   ] GC(3261)   Other: 0.2ms
[2025-01-07T20:36:14.402+0000][87044.768s][info][gc,heap     ] GC(3261) Eden regions: 908->0(62)
[2025-01-07T20:36:14.402+0000][87044.768s][info][gc,heap     ] GC(3261) Survivor regions: 10->14(115)
[2025-01-07T20:36:14.402+0000][87044.768s][info][gc,heap     ] GC(3261) Old regions: 243->243
[2025-01-07T20:36:14.402+0000][87044.768s][info][gc,heap     ] GC(3261) Archive regions: 2->2
[2025-01-07T20:36:14.402+0000][87044.768s][info][gc,heap     ] GC(3261) Humongous regions: 49->49
[2025-01-07T20:36:14.402+0000][87044.768s][info][gc,metaspace] GC(3261) Metaspace: 498857K(507200K)->498857K(507200K) NonClass: 438269K(442560K)->438269K(442560K) Class: 60588K(64640K)->60588K(64640K)
[2025-01-07T20:36:14.402+0000][87044.768s][info][gc          ] GC(3261) Pause Young (Prepare Mixed) (G1 Evacuation Pause) 9680M->2446M(12288M) 47.321ms
[2025-01-07T20:36:14.402+0000][87044.768s][info][gc,cpu      ] GC(3261) User=0.27s Sys=0.00s Real=0.05s
[2025-01-07T20:36:16.825+0000][87047.191s][info][gc,start    ] GC(3262) Pause Young (Mixed) (G1 Evacuation Pause)
[2025-01-07T20:36:16.825+0000][87047.191s][info][gc,task     ] GC(3262) Using 6 workers of 6 for evacuation
[2025-01-07T20:36:16.894+0000][87047.260s][info][gc,phases   ] GC(3262)   Pre Evacuate Collection Set: 0.2ms
[2025-01-07T20:36:16.894+0000][87047.260s][info][gc,phases   ] GC(3262)   Merge Heap Roots: 0.7ms
[2025-01-07T20:36:16.894+0000][87047.260s][info][gc,phases   ] GC(3262)   Evacuate Collection Set: 66.0ms
[2025-01-07T20:36:16.894+0000][87047.260s][info][gc,phases   ] GC(3262)   Post Evacuate Collection Set: 1.6ms
[2025-01-07T20:36:16.894+0000][87047.260s][info][gc,phases   ] GC(3262)   Other: 0.2ms
[2025-01-07T20:36:16.894+0000][87047.260s][info][gc,heap     ] GC(3262) Eden regions: 62->0(908)
[2025-01-07T20:36:16.894+0000][87047.260s][info][gc,heap     ] GC(3262) Survivor regions: 14->2(10)
[2025-01-07T20:36:16.894+0000][87047.260s][info][gc,heap     ] GC(3262) Old regions: 243->249
[2025-01-07T20:36:16.894+0000][87047.260s][info][gc,heap     ] GC(3262) Archive regions: 2->2
[2025-01-07T20:36:16.894+0000][87047.260s][info][gc,heap     ] GC(3262) Humongous regions: 49->49
[2025-01-07T20:36:16.894+0000][87047.260s][info][gc,metaspace] GC(3262) Metaspace: 498857K(507200K)->498857K(507200K) NonClass: 438269K(442560K)->438269K(442560K) Class: 60588K(64640K)->60588K(64640K)
[2025-01-07T20:36:16.894+0000][87047.260s][info][gc          ] GC(3262) Pause Young (Mixed) (G1 Evacuation Pause) 2942M->2402M(12288M) 68.708ms
[2025-01-07T20:36:16.894+0000][87047.260s][info][gc,cpu      ] GC(3262) User=0.41s Sys=0.00s Real=0.07s
[2025-01-07T20:36:28.518+0000][87058.884s][info][gc,start    ] GC(3263) Pause Young (Normal) (G1 Evacuation Pause)
[2025-01-07T20:36:28.518+0000][87058.884s][info][gc,task     ] GC(3263) Using 6 workers of 6 for evacuation
[2025-01-07T20:36:28.543+0000][87058.909s][info][gc,phases   ] GC(3263)   Pre Evacuate Collection Set: 0.2ms
[2025-01-07T20:36:28.543+0000][87058.909s][info][gc,phases   ] GC(3263)   Merge Heap Roots: 0.4ms
[2025-01-07T20:36:28.543+0000][87058.909s][info][gc,phases   ] GC(3263)   Evacuate Collection Set: 21.0ms
[2025-01-07T20:36:28.543+0000][87058.909s][info][gc,phases   ] GC(3263)   Post Evacuate Collection Set: 2.5ms
[2025-01-07T20:36:28.543+0000][87058.909s][info][gc,phases   ] GC(3263)   Other: 0.2ms
[2025-01-07T20:36:28.543+0000][87058.909s][info][gc,heap     ] GC(3263) Eden regions: 908->0(905)
[2025-01-07T20:36:28.543+0000][87058.909s][info][gc,heap     ] GC(3263) Survivor regions: 2->5(114)
[2025-01-07T20:36:28.543+0000][87058.909s][info][gc,heap     ] GC(3263) Old regions: 249->249
[2025-01-07T20:36:28.543+0000][87058.909s][info][gc,heap     ] GC(3263) Archive regions: 2->2
[2025-01-07T20:36:28.543+0000][87058.909s][info][gc,heap     ] GC(3263) Humongous regions: 49->49
[2025-01-07T20:36:28.543+0000][87058.909s][info][gc,metaspace] GC(3263) Metaspace: 498857K(507200K)->498857K(507200K) NonClass: 438269K(442560K)->438269K(442560K) Class: 60588K(64640K)->60588K(64640K)
[2025-01-07T20:36:28.543+0000][87058.909s][info][gc          ] GC(3263) Pause Young (Normal) (G1 Evacuation Pause) 9666M->2424M(12288M) 24.499ms
[2025-01-07T20:36:28.543+0000][87058.909s][info][gc,cpu      ] GC(3263) User=0.14s Sys=0.00s Real=0.03s
[2025-01-07T20:36:39.832+0000][87070.198s][info][gc,start    ] GC(3264) Pause Young (Normal) (G1 Evacuation Pause)
[2025-01-07T20:36:39.832+0000][87070.198s][info][gc,task     ] GC(3264) Using 6 workers of 6 for evacuation
[2025-01-07T20:36:39.860+0000][87070.226s][info][gc,phases   ] GC(3264)   Pre Evacuate Collection Set: 0.2ms
[2025-01-07T20:36:39.860+0000][87070.226s][info][gc,phases   ] GC(3264)   Merge Heap Roots: 0.4ms
[2025-01-07T20:36:39.860+0000][87070.226s][info][gc,phases   ] GC(3264)   Evacuate Collection Set: 24.1ms
[2025-01-07T20:36:39.860+0000][87070.226s][info][gc,phases   ] GC(3264)   Post Evacuate Collection Set: 2.8ms
[2025-01-07T20:36:39.860+0000][87070.226s][info][gc,phases   ] GC(3264)   Other: 0.2ms
[2025-01-07T20:36:39.860+0000][87070.226s][info][gc,heap     ] GC(3264) Eden regions: 905->0(904)
[2025-01-07T20:36:39.860+0000][87070.226s][info][gc,heap     ] GC(3264) Survivor regions: 5->7(114)
[2025-01-07T20:36:39.860+0000][87070.226s][info][gc,heap     ] GC(3264) Old regions: 249->249
[2025-01-07T20:36:39.860+0000][87070.226s][info][gc,heap     ] GC(3264) Archive regions: 2->2
[2025-01-07T20:36:39.860+0000][87070.226s][info][gc,heap     ] GC(3264) Humongous regions: 49->49
[2025-01-07T20:36:39.860+0000][87070.226s][info][gc,metaspace] GC(3264) Metaspace: 498857K(507200K)->498857K(507200K) NonClass: 438269K(442560K)->438269K(442560K) Class: 60588K(64640K)->60588K(64640K)
[2025-01-07T20:36:39.860+0000][87070.226s][info][gc          ] GC(3264) Pause Young (Normal) (G1 Evacuation Pause) 9664M->2437M(12288M) 27.800ms
[2025-01-07T20:36:39.860+0000][87070.226s][info][gc,cpu      ] GC(3264) User=0.15s Sys=0.00s Real=0.02s
[2025-01-07T20:36:50.199+0000][87080.565s][info][gc,start    ] GC(3265) Pause Young (Concurrent Start) (G1 Evacuation Pause)
[2025-01-07T20:36:50.199+0000][87080.565s][info][gc,task     ] GC(3265) Using 6 workers of 6 for evacuation
[2025-01-07T20:36:50.230+0000][87080.596s][info][gc,phases   ] GC(3265)   Pre Evacuate Collection Set: 1.0ms
[2025-01-07T20:36:50.230+0000][87080.596s][info][gc,phases   ] GC(3265)   Merge Heap Roots: 0.5ms
[2025-01-07T20:36:50.230+0000][87080.596s][info][gc,phases   ] GC(3265)   Evacuate Collection Set: 27.1ms
[2025-01-07T20:36:50.230+0000][87080.596s][info][gc,phases   ] GC(3265)   Post Evacuate Collection Set: 2.5ms
[2025-01-07T20:36:50.230+0000][87080.596s][info][gc,phases   ] GC(3265)   Other: 0.3ms
[2025-01-07T20:36:50.230+0000][87080.596s][info][gc,heap     ] GC(3265) Eden regions: 904->0(904)
[2025-01-07T20:36:50.230+0000][87080.596s][info][gc,heap     ] GC(3265) Survivor regions: 7->8(114)
[2025-01-07T20:36:50.230+0000][87080.596s][info][gc,heap     ] GC(3265) Old regions: 249->249
[2025-01-07T20:36:50.230+0000][87080.596s][info][gc,heap     ] GC(3265) Archive regions: 2->2
[2025-01-07T20:36:50.230+0000][87080.596s][info][gc,heap     ] GC(3265) Humongous regions: 49->49
[2025-01-07T20:36:50.230+0000][87080.596s][info][gc,metaspace] GC(3265) Metaspace: 498857K(507200K)->498857K(507200K) NonClass: 438269K(442560K)->438269K(442560K) Class: 60588K(64640K)->60588K(64640K)
[2025-01-07T20:36:50.230+0000][87080.596s][info][gc          ] GC(3265) Pause Young (Concurrent Start) (G1 Evacuation Pause) 9669M->2444M(12288M) 31.427ms
[2025-01-07T20:36:50.230+0000][87080.597s][info][gc,cpu      ] GC(3265) User=0.18s Sys=0.00s Real=0.04s
[2025-01-07T20:36:50.230+0000][87080.597s][info][gc          ] GC(3266) Concurrent Mark Cycle
[2025-01-07T20:36:50.230+0000][87080.597s][info][gc,marking  ] GC(3266) Concurrent Clear Claimed Marks
[2025-01-07T20:36:50.231+0000][87080.597s][info][gc,marking  ] GC(3266) Concurrent Clear Claimed Marks 0.754ms
[2025-01-07T20:36:50.231+0000][87080.597s][info][gc,marking  ] GC(3266) Concurrent Scan Root Regions
[2025-01-07T20:36:50.259+0000][87080.625s][info][gc,marking  ] GC(3266) Concurrent Scan Root Regions 27.998ms
[2025-01-07T20:36:50.259+0000][87080.625s][info][gc,marking  ] GC(3266) Concurrent Mark
[2025-01-07T20:36:50.259+0000][87080.625s][info][gc,marking  ] GC(3266) Concurrent Mark From Roots
[2025-01-07T20:36:50.259+0000][87080.625s][info][gc,task     ] GC(3266) Using 2 workers of 2 for marking
[2025-01-07T20:36:51.133+0000][87081.499s][info][gc,marking  ] GC(3266) Concurrent Mark From Roots 873.581ms
[2025-01-07T20:36:51.133+0000][87081.499s][info][gc,marking  ] GC(3266) Concurrent Preclean
[2025-01-07T20:36:51.135+0000][87081.501s][info][gc,marking  ] GC(3266) Concurrent Preclean 1.957ms
[2025-01-07T20:36:51.135+0000][87081.501s][info][gc,start    ] GC(3266) Pause Remark
[2025-01-07T20:36:51.161+0000][87081.527s][info][gc          ] GC(3266) Pause Remark 3388M->3388M(12288M) 25.855ms
[2025-01-07T20:36:51.161+0000][87081.527s][info][gc,cpu      ] GC(3266) User=0.14s Sys=0.00s Real=0.02s
[2025-01-07T20:36:51.161+0000][87081.527s][info][gc,marking  ] GC(3266) Concurrent Mark 901.772ms
[2025-01-07T20:36:51.161+0000][87081.527s][info][gc,marking  ] GC(3266) Concurrent Rebuild Remembered Sets
[2025-01-07T20:36:51.776+0000][87082.142s][info][gc,marking  ] GC(3266) Concurrent Rebuild Remembered Sets 614.707ms
[2025-01-07T20:36:51.776+0000][87082.142s][info][gc,start    ] GC(3266) Pause Cleanup
[2025-01-07T20:36:51.776+0000][87082.143s][info][gc          ] GC(3266) Pause Cleanup 4036M->4036M(12288M) 0.501ms
[2025-01-07T20:36:51.776+0000][87082.143s][info][gc,cpu      ] GC(3266) User=0.00s Sys=0.00s Real=0.00s
[2025-01-07T20:36:51.777+0000][87082.143s][info][gc,marking  ] GC(3266) Concurrent Cleanup for Next Mark
[2025-01-07T20:36:51.793+0000][87082.159s][info][gc,marking  ] GC(3266) Concurrent Cleanup for Next Mark 16.239ms
[2025-01-07T20:36:51.793+0000][87082.159s][info][gc          ] GC(3266) Concurrent Mark Cycle 1562.397ms
[2025-01-07T20:37:03.291+0000][87093.657s][info][gc,start    ] GC(3267) Pause Young (Prepare Mixed) (G1 Evacuation Pause)
[2025-01-07T20:37:03.291+0000][87093.657s][info][gc,task     ] GC(3267) Using 6 workers of 6 for evacuation
[2025-01-07T20:37:03.337+0000][87093.703s][info][gc,phases   ] GC(3267)   Pre Evacuate Collection Set: 0.2ms
[2025-01-07T20:37:03.337+0000][87093.703s][info][gc,phases   ] GC(3267)   Merge Heap Roots: 0.7ms
[2025-01-07T20:37:03.337+0000][87093.703s][info][gc,phases   ] GC(3267)   Evacuate Collection Set: 42.5ms
[2025-01-07T20:37:03.337+0000][87093.703s][info][gc,phases   ] GC(3267)   Post Evacuate Collection Set: 2.8ms
[2025-01-07T20:37:03.337+0000][87093.703s][info][gc,phases   ] GC(3267)   Other: 0.2ms
[2025-01-07T20:37:03.337+0000][87093.703s][info][gc,heap     ] GC(3267) Eden regions: 904->0(65)
[2025-01-07T20:37:03.337+0000][87093.703s][info][gc,heap     ] GC(3267) Survivor regions: 8->11(114)
[2025-01-07T20:37:03.337+0000][87093.703s][info][gc,heap     ] GC(3267) Old regions: 249->249
[2025-01-07T20:37:03.337+0000][87093.703s][info][gc,heap     ] GC(3267) Archive regions: 2->2
[2025-01-07T20:37:03.337+0000][87093.703s][info][gc,heap     ] GC(3267) Humongous regions: 49->49
[2025-01-07T20:37:03.337+0000][87093.703s][info][gc,metaspace] GC(3267) Metaspace: 498857K(507200K)->498857K(507200K) NonClass: 438269K(442560K)->438269K(442560K) Class: 60588K(64640K)->60588K(64640K)
[2025-01-07T20:37:03.337+0000][87093.703s][info][gc          ] GC(3267) Pause Young (Prepare Mixed) (G1 Evacuation Pause) 9676M->2470M(12288M) 46.597ms
[2025-01-07T20:37:03.337+0000][87093.703s][info][gc,cpu      ] GC(3267) User=0.28s Sys=0.00s Real=0.04s
[2025-01-07T20:37:03.646+0000][87094.012s][info][gc,start    ] GC(3268) Pause Young (Mixed) (G1 Evacuation Pause)
[2025-01-07T20:37:03.646+0000][87094.012s][info][gc,task     ] GC(3268) Using 6 workers of 6 for evacuation
[2025-01-07T20:37:03.714+0000][87094.080s][info][gc,phases   ] GC(3268)   Pre Evacuate Collection Set: 0.2ms
[2025-01-07T20:37:03.714+0000][87094.080s][info][gc,phases   ] GC(3268)   Merge Heap Roots: 0.7ms
[2025-01-07T20:37:03.714+0000][87094.080s][info][gc,phases   ] GC(3268)   Evacuate Collection Set: 65.0ms
[2025-01-07T20:37:03.714+0000][87094.080s][info][gc,phases   ] GC(3268)   Post Evacuate Collection Set: 1.7ms
[2025-01-07T20:37:03.714+0000][87094.080s][info][gc,phases   ] GC(3268)   Other: 0.2ms
[2025-01-07T20:37:03.714+0000][87094.080s][info][gc,heap     ] GC(3268) Eden regions: 65->0(907)
[2025-01-07T20:37:03.714+0000][87094.080s][info][gc,heap     ] GC(3268) Survivor regions: 11->6(10)
[2025-01-07T20:37:03.714+0000][87094.080s][info][gc,heap     ] GC(3268) Old regions: 249->246
[2025-01-07T20:37:03.714+0000][87094.080s][info][gc,heap     ] GC(3268) Archive regions: 2->2
[2025-01-07T20:37:03.714+0000][87094.080s][info][gc,heap     ] GC(3268) Humongous regions: 49->49
[2025-01-07T20:37:03.714+0000][87094.080s][info][gc,metaspace] GC(3268) Metaspace: 498857K(507200K)->498857K(507200K) NonClass: 438269K(442560K)->438269K(442560K) Class: 60588K(64640K)->60588K(64640K)
[2025-01-07T20:37:03.714+0000][87094.080s][info][gc          ] GC(3268) Pause Young (Mixed) (G1 Evacuation Pause) 2990M->2408M(12288M) 67.766ms
[2025-01-07T20:37:03.714+0000][87094.080s][info][gc,cpu      ] GC(3268) User=0.40s Sys=0.00s Real=0.07s
[2025-01-07T20:37:13.071+0000][87103.438s][info][gc,start    ] GC(3269) Pause Young (Normal) (G1 Evacuation Pause)
[2025-01-07T20:37:13.072+0000][87103.438s][info][gc,task     ] GC(3269) Using 6 workers of 6 for evacuation
[2025-01-07T20:37:13.097+0000][87103.463s][info][gc,phases   ] GC(3269)   Pre Evacuate Collection Set: 0.2ms
[2025-01-07T20:37:13.097+0000][87103.463s][info][gc,phases   ] GC(3269)   Merge Heap Roots: 0.4ms
[2025-01-07T20:37:13.097+0000][87103.463s][info][gc,phases   ] GC(3269)   Evacuate Collection Set: 20.9ms
[2025-01-07T20:37:13.097+0000][87103.463s][info][gc,phases   ] GC(3269)   Post Evacuate Collection Set: 3.9ms
[2025-01-07T20:37:13.097+0000][87103.463s][info][gc,phases   ] GC(3269)   Other: 0.2ms
[2025-01-07T20:37:13.097+0000][87103.463s][info][gc,heap     ] GC(3269) Eden regions: 907->0(908)
[2025-01-07T20:37:13.097+0000][87103.463s][info][gc,heap     ] GC(3269) Survivor regions: 6->6(115)
[2025-01-07T20:37:13.097+0000][87103.463s][info][gc,heap     ] GC(3269) Old regions: 246->246
[2025-01-07T20:37:13.097+0000][87103.463s][info][gc,heap     ] GC(3269) Archive regions: 2->2
[2025-01-07T20:37:13.097+0000][87103.463s][info][gc,heap     ] GC(3269) Humongous regions: 49->49
[2025-01-07T20:37:13.097+0000][87103.463s][info][gc,metaspace] GC(3269) Metaspace: 498857K(507200K)->498857K(507200K) NonClass: 438269K(442560K)->438269K(442560K) Class: 60588K(64640K)->60588K(64640K)
[2025-01-07T20:37:13.097+0000][87103.463s][info][gc          ] GC(3269) Pause Young (Normal) (G1 Evacuation Pause) 9664M->2414M(12288M) 25.741ms
[2025-01-07T20:37:13.097+0000][87103.463s][info][gc,cpu      ] GC(3269) User=0.15s Sys=0.00s Real=0.02s
[2025-01-07T20:37:26.628+0000][87116.994s][info][gc,start    ] GC(3270) Pause Young (Normal) (G1 Evacuation Pause)
[2025-01-07T20:37:26.628+0000][87116.994s][info][gc,task     ] GC(3270) Using 6 workers of 6 for evacuation
[2025-01-07T20:37:26.663+0000][87117.029s][info][gc,phases   ] GC(3270)   Pre Evacuate Collection Set: 0.2ms
[2025-01-07T20:37:26.663+0000][87117.029s][info][gc,phases   ] GC(3270)   Merge Heap Roots: 0.4ms
[2025-01-07T20:37:26.663+0000][87117.029s][info][gc,phases   ] GC(3270)   Evacuate Collection Set: 28.6ms
[2025-01-07T20:37:26.663+0000][87117.029s][info][gc,phases   ] GC(3270)   Post Evacuate Collection Set: 5.5ms
[2025-01-07T20:37:26.663+0000][87117.029s][info][gc,phases   ] GC(3270)   Other: 0.2ms
[2025-01-07T20:37:26.663+0000][87117.029s][info][gc,heap     ] GC(3270) Eden regions: 908->0(902)
[2025-01-07T20:37:26.663+0000][87117.029s][info][gc,heap     ] GC(3270) Survivor regions: 6->10(115)
[2025-01-07T20:37:26.663+0000][87117.029s][info][gc,heap     ] GC(3270) Old regions: 246->246
[2025-01-07T20:37:26.663+0000][87117.029s][info][gc,heap     ] GC(3270) Archive regions: 2->2
[2025-01-07T20:37:26.663+0000][87117.029s][info][gc,heap     ] GC(3270) Humongous regions: 49->49
[2025-01-07T20:37:26.663+0000][87117.029s][info][gc,metaspace] GC(3270) Metaspace: 498857K(507200K)->498857K(507200K) NonClass: 438269K(442560K)->438269K(442560K) Class: 60588K(64640K)->60588K(64640K)
[2025-01-07T20:37:26.663+0000][87117.029s][info][gc          ] GC(3270) Pause Young (Normal) (G1 Evacuation Pause) 9678M->2439M(12288M) 35.001ms
[2025-01-07T20:37:26.663+0000][87117.029s][info][gc,cpu      ] GC(3270) User=0.21s Sys=0.00s Real=0.04s
[2025-01-07T20:37:33.325+0000][87123.691s][info][gc,start    ] GC(3271) Pause Young (Concurrent Start) (G1 Evacuation Pause)
[2025-01-07T20:37:33.325+0000][87123.691s][info][gc,task     ] GC(3271) Using 6 workers of 6 for evacuation
[2025-01-07T20:37:33.360+0000][87123.726s][info][gc,phases   ] GC(3271)   Pre Evacuate Collection Set: 1.0ms
[2025-01-07T20:37:33.360+0000][87123.726s][info][gc,phases   ] GC(3271)   Merge Heap Roots: 0.4ms
[2025-01-07T20:37:33.360+0000][87123.726s][info][gc,phases   ] GC(3271)   Evacuate Collection Set: 30.5ms
[2025-01-07T20:37:33.360+0000][87123.726s][info][gc,phases   ] GC(3271)   Post Evacuate Collection Set: 2.7ms
[2025-01-07T20:37:33.360+0000][87123.726s][info][gc,phases   ] GC(3271)   Other: 0.3ms
[2025-01-07T20:37:33.360+0000][87123.726s][info][gc,heap     ] GC(3271) Eden regions: 902->0(904)
[2025-01-07T20:37:33.360+0000][87123.726s][info][gc,heap     ] GC(3271) Survivor regions: 10->9(114)
[2025-01-07T20:37:33.360+0000][87123.726s][info][gc,heap     ] GC(3271) Old regions: 246->246
[2025-01-07T20:37:33.360+0000][87123.726s][info][gc,heap     ] GC(3271) Archive regions: 2->2
[2025-01-07T20:37:33.360+0000][87123.726s][info][gc,heap     ] GC(3271) Humongous regions: 49->49
[2025-01-07T20:37:33.360+0000][87123.726s][info][gc,metaspace] GC(3271) Metaspace: 498857K(507200K)->498857K(507200K) NonClass: 438269K(442560K)->438269K(442560K) Class: 60588K(64640K)->60588K(64640K)
[2025-01-07T20:37:33.360+0000][87123.726s][info][gc          ] GC(3271) Pause Young (Concurrent Start) (G1 Evacuation Pause) 9655M->2432M(12288M) 34.964ms
[2025-01-07T20:37:33.360+0000][87123.726s][info][gc,cpu      ] GC(3271) User=0.19s Sys=0.01s Real=0.03s
[2025-01-07T20:37:33.360+0000][87123.726s][info][gc          ] GC(3272) Concurrent Mark Cycle
[2025-01-07T20:37:33.360+0000][87123.727s][info][gc,marking  ] GC(3272) Concurrent Clear Claimed Marks
[2025-01-07T20:37:33.361+0000][87123.727s][info][gc,marking  ] GC(3272) Concurrent Clear Claimed Marks 0.777ms
[2025-01-07T20:37:33.361+0000][87123.727s][info][gc,marking  ] GC(3272) Concurrent Scan Root Regions
[2025-01-07T20:37:33.388+0000][87123.754s][info][gc,marking  ] GC(3272) Concurrent Scan Root Regions 26.660ms
[2025-01-07T20:37:33.388+0000][87123.754s][info][gc,marking  ] GC(3272) Concurrent Mark
[2025-01-07T20:37:33.388+0000][87123.754s][info][gc,marking  ] GC(3272) Concurrent Mark From Roots
[2025-01-07T20:37:33.388+0000][87123.754s][info][gc,task     ] GC(3272) Using 2 workers of 2 for marking
[2025-01-07T20:37:34.126+0000][87124.492s][info][gc,marking  ] GC(3272) Concurrent Mark From Roots 737.817ms
[2025-01-07T20:37:34.126+0000][87124.492s][info][gc,marking  ] GC(3272) Concurrent Preclean
[2025-01-07T20:37:34.128+0000][87124.494s][info][gc,marking  ] GC(3272) Concurrent Preclean 1.867ms
[2025-01-07T20:37:34.128+0000][87124.494s][info][gc,start    ] GC(3272) Pause Remark
[2025-01-07T20:37:34.153+0000][87124.520s][info][gc          ] GC(3272) Pause Remark 3484M->3484M(12288M) 25.679ms
[2025-01-07T20:37:34.154+0000][87124.520s][info][gc,cpu      ] GC(3272) User=0.14s Sys=0.01s Real=0.03s
[2025-01-07T20:37:34.154+0000][87124.520s][info][gc,marking  ] GC(3272) Concurrent Mark 765.711ms
[2025-01-07T20:37:34.154+0000][87124.520s][info][gc,marking  ] GC(3272) Concurrent Rebuild Remembered Sets
[2025-01-07T20:37:34.607+0000][87124.973s][info][gc,marking  ] GC(3272) Concurrent Rebuild Remembered Sets 453.620ms
[2025-01-07T20:37:34.607+0000][87124.974s][info][gc,start    ] GC(3272) Pause Cleanup
[2025-01-07T20:37:34.608+0000][87124.974s][info][gc          ] GC(3272) Pause Cleanup 4096M->4096M(12288M) 0.473ms
[2025-01-07T20:37:34.608+0000][87124.974s][info][gc,cpu      ] GC(3272) User=0.00s Sys=0.00s Real=0.00s
[2025-01-07T20:37:34.608+0000][87124.974s][info][gc,marking  ] GC(3272) Concurrent Cleanup for Next Mark
[2025-01-07T20:37:34.624+0000][87124.990s][info][gc,marking  ] GC(3272) Concurrent Cleanup for Next Mark 15.689ms
[2025-01-07T20:37:34.624+0000][87124.990s][info][gc          ] GC(3272) Concurrent Mark Cycle 1263.363ms
[2025-01-07T20:37:38.717+0000][87129.083s][info][gc,start    ] GC(3273) Pause Young (Prepare Mixed) (G1 Evacuation Pause)
[2025-01-07T20:37:38.717+0000][87129.083s][info][gc,task     ] GC(3273) Using 6 workers of 6 for evacuation
[2025-01-07T20:37:38.749+0000][87129.115s][info][gc,phases   ] GC(3273)   Pre Evacuate Collection Set: 0.2ms
[2025-01-07T20:37:38.749+0000][87129.115s][info][gc,phases   ] GC(3273)   Merge Heap Roots: 0.6ms
[2025-01-07T20:37:38.749+0000][87129.115s][info][gc,phases   ] GC(3273)   Evacuate Collection Set: 28.3ms
[2025-01-07T20:37:38.749+0000][87129.115s][info][gc,phases   ] GC(3273)   Post Evacuate Collection Set: 2.5ms
[2025-01-07T20:37:38.749+0000][87129.115s][info][gc,phases   ] GC(3273)   Other: 0.2ms
[2025-01-07T20:37:38.749+0000][87129.115s][info][gc,heap     ] GC(3273) Eden regions: 904->0(67)
[2025-01-07T20:37:38.749+0000][87129.115s][info][gc,heap     ] GC(3273) Survivor regions: 9->9(115)
[2025-01-07T20:37:38.749+0000][87129.115s][info][gc,heap     ] GC(3273) Old regions: 246->246
[2025-01-07T20:37:38.749+0000][87129.115s][info][gc,heap     ] GC(3273) Archive regions: 2->2
[2025-01-07T20:37:38.749+0000][87129.115s][info][gc,heap     ] GC(3273) Humongous regions: 49->49
[2025-01-07T20:37:38.749+0000][87129.115s][info][gc,metaspace] GC(3273) Metaspace: 498857K(507200K)->498857K(507200K) NonClass: 438269K(442560K)->438269K(442560K) Class: 60588K(64640K)->60588K(64640K)
[2025-01-07T20:37:38.749+0000][87129.115s][info][gc          ] GC(3273) Pause Young (Prepare Mixed) (G1 Evacuation Pause) 9664M->2436M(12288M) 31.862ms
[2025-01-07T20:37:38.749+0000][87129.115s][info][gc,cpu      ] GC(3273) User=0.18s Sys=0.00s Real=0.03s
[2025-01-07T20:37:39.123+0000][87129.489s][info][gc,start    ] GC(3274) Pause Young (Mixed) (G1 Evacuation Pause)
[2025-01-07T20:37:39.123+0000][87129.489s][info][gc,task     ] GC(3274) Using 6 workers of 6 for evacuation
[2025-01-07T20:37:39.195+0000][87129.561s][info][gc,phases   ] GC(3274)   Pre Evacuate Collection Set: 0.2ms
[2025-01-07T20:37:39.195+0000][87129.561s][info][gc,phases   ] GC(3274)   Merge Heap Roots: 0.7ms
[2025-01-07T20:37:39.195+0000][87129.561s][info][gc,phases   ] GC(3274)   Evacuate Collection Set: 69.2ms
[2025-01-07T20:37:39.195+0000][87129.561s][info][gc,phases   ] GC(3274)   Post Evacuate Collection Set: 2.3ms
[2025-01-07T20:37:39.195+0000][87129.561s][info][gc,phases   ] GC(3274)   Other: 0.2ms
[2025-01-07T20:37:39.195+0000][87129.561s][info][gc,heap     ] GC(3274) Eden regions: 67->0(913)
[2025-01-07T20:37:39.195+0000][87129.561s][info][gc,heap     ] GC(3274) Survivor regions: 9->6(10)
[2025-01-07T20:37:39.195+0000][87129.561s][info][gc,heap     ] GC(3274) Old regions: 246->244
[2025-01-07T20:37:39.195+0000][87129.561s][info][gc,heap     ] GC(3274) Archive regions: 2->2
[2025-01-07T20:37:39.195+0000][87129.561s][info][gc,heap     ] GC(3274) Humongous regions: 49->49
[2025-01-07T20:37:39.195+0000][87129.561s][info][gc,metaspace] GC(3274) Metaspace: 498857K(507200K)->498857K(507200K) NonClass: 438269K(442560K)->438269K(442560K) Class: 60588K(64640K)->60588K(64640K)
[2025-01-07T20:37:39.195+0000][87129.561s][info][gc          ] GC(3274) Pause Young (Mixed) (G1 Evacuation Pause) 2972M->2391M(12288M) 72.650ms
[2025-01-07T20:37:39.195+0000][87129.561s][info][gc,cpu      ] GC(3274) User=0.40s Sys=0.01s Real=0.07s
[2025-01-07T20:37:48.127+0000][87138.493s][info][gc,start    ] GC(3275) Pause Young (Normal) (G1 Evacuation Pause)
[2025-01-07T20:37:48.127+0000][87138.493s][info][gc,task     ] GC(3275) Using 6 workers of 6 for evacuation
[2025-01-07T20:37:48.153+0000][87138.520s][info][gc,phases   ] GC(3275)   Pre Evacuate Collection Set: 0.2ms
[2025-01-07T20:37:48.153+0000][87138.520s][info][gc,phases   ] GC(3275)   Merge Heap Roots: 0.4ms
[2025-01-07T20:37:48.153+0000][87138.520s][info][gc,phases   ] GC(3275)   Evacuate Collection Set: 23.2ms
[2025-01-07T20:37:48.154+0000][87138.520s][info][gc,phases   ] GC(3275)   Post Evacuate Collection Set: 2.5ms
[2025-01-07T20:37:48.154+0000][87138.520s][info][gc,phases   ] GC(3275)   Other: 0.2ms
[2025-01-07T20:37:48.154+0000][87138.520s][info][gc,heap     ] GC(3275) Eden regions: 913->0(910)
[2025-01-07T20:37:48.154+0000][87138.520s][info][gc,heap     ] GC(3275) Survivor regions: 6->8(115)
[2025-01-07T20:37:48.154+0000][87138.520s][info][gc,heap     ] GC(3275) Old regions: 244->244
[2025-01-07T20:37:48.154+0000][87138.520s][info][gc,heap     ] GC(3275) Archive regions: 2->2
[2025-01-07T20:37:48.154+0000][87138.520s][info][gc,heap     ] GC(3275) Humongous regions: 49->49
[2025-01-07T20:37:48.154+0000][87138.520s][info][gc,metaspace] GC(3275) Metaspace: 498857K(507200K)->498857K(507200K) NonClass: 438269K(442560K)->438269K(442560K) Class: 60588K(64640K)->60588K(64640K)
[2025-01-07T20:37:48.154+0000][87138.520s][info][gc          ] GC(3275) Pause Young (Normal) (G1 Evacuation Pause) 9695M->2405M(12288M) 26.644ms
[2025-01-07T20:37:48.154+0000][87138.520s][info][gc,cpu      ] GC(3275) User=0.16s Sys=0.00s Real=0.03s
[2025-01-07T20:37:55.380+0000][87145.747s][info][gc,start    ] GC(3276) Pause Young (Normal) (G1 Evacuation Pause)
[2025-01-07T20:37:55.380+0000][87145.747s][info][gc,task     ] GC(3276) Using 6 workers of 6 for evacuation
[2025-01-07T20:37:55.407+0000][87145.773s][info][gc,phases   ] GC(3276)   Pre Evacuate Collection Set: 0.2ms
[2025-01-07T20:37:55.407+0000][87145.773s][info][gc,phases   ] GC(3276)   Merge Heap Roots: 0.4ms
[2025-01-07T20:37:55.407+0000][87145.773s][info][gc,phases   ] GC(3276)   Evacuate Collection Set: 23.4ms
[2025-01-07T20:37:55.407+0000][87145.773s][info][gc,phases   ] GC(3276)   Post Evacuate Collection Set: 2.5ms
[2025-01-07T20:37:55.407+0000][87145.773s][info][gc,phases   ] GC(3276)   Other: 0.2ms
[2025-01-07T20:37:55.407+0000][87145.773s][info][gc,heap     ] GC(3276) Eden regions: 910->0(911)
[2025-01-07T20:37:55.407+0000][87145.773s][info][gc,heap     ] GC(3276) Survivor regions: 8->8(115)
[2025-01-07T20:37:55.407+0000][87145.773s][info][gc,heap     ] GC(3276) Old regions: 244->244
[2025-01-07T20:37:55.407+0000][87145.773s][info][gc,heap     ] GC(3276) Archive regions: 2->2
[2025-01-07T20:37:55.407+0000][87145.773s][info][gc,heap     ] GC(3276) Humongous regions: 49->49
[2025-01-07T20:37:55.407+0000][87145.773s][info][gc,metaspace] GC(3276) Metaspace: 498858K(507200K)->498858K(507200K) NonClass: 438269K(442560K)->438269K(442560K) Class: 60588K(64640K)->60588K(64640K)
[2025-01-07T20:37:55.407+0000][87145.773s][info][gc          ] GC(3276) Pause Young (Normal) (G1 Evacuation Pause) 9685M->2411M(12288M) 26.767ms
[2025-01-07T20:37:55.407+0000][87145.773s][info][gc,cpu      ] GC(3276) User=0.16s Sys=0.00s Real=0.03s
[2025-01-07T20:37:59.454+0000][87149.820s][info][gc,start    ] GC(3277) Pause Young (Concurrent Start) (G1 Evacuation Pause)
[2025-01-07T20:37:59.454+0000][87149.820s][info][gc,task     ] GC(3277) Using 6 workers of 6 for evacuation
[2025-01-07T20:37:59.483+0000][87149.849s][info][gc,phases   ] GC(3277)   Pre Evacuate Collection Set: 1.0ms
[2025-01-07T20:37:59.483+0000][87149.849s][info][gc,phases   ] GC(3277)   Merge Heap Roots: 0.4ms
[2025-01-07T20:37:59.483+0000][87149.849s][info][gc,phases   ] GC(3277)   Evacuate Collection Set: 24.8ms
[2025-01-07T20:37:59.483+0000][87149.849s][info][gc,phases   ] GC(3277)   Post Evacuate Collection Set: 2.4ms
[2025-01-07T20:37:59.483+0000][87149.849s][info][gc,phases   ] GC(3277)   Other: 0.3ms
[2025-01-07T20:37:59.483+0000][87149.849s][info][gc,heap     ] GC(3277) Eden regions: 911->0(911)
[2025-01-07T20:37:59.483+0000][87149.849s][info][gc,heap     ] GC(3277) Survivor regions: 8->10(115)
[2025-01-07T20:37:59.483+0000][87149.849s][info][gc,heap     ] GC(3277) Old regions: 244->244
[2025-01-07T20:37:59.483+0000][87149.849s][info][gc,heap     ] GC(3277) Archive regions: 2->2
[2025-01-07T20:37:59.483+0000][87149.849s][info][gc,heap     ] GC(3277) Humongous regions: 49->49
[2025-01-07T20:37:59.483+0000][87149.849s][info][gc,metaspace] GC(3277) Metaspace: 498858K(507200K)->498858K(507200K) NonClass: 438269K(442560K)->438269K(442560K) Class: 60588K(64640K)->60588K(64640K)
[2025-01-07T20:37:59.483+0000][87149.849s][info][gc          ] GC(3277) Pause Young (Concurrent Start) (G1 Evacuation Pause) 9699M->2421M(12288M) 28.994ms
[2025-01-07T20:37:59.483+0000][87149.849s][info][gc,cpu      ] GC(3277) User=0.16s Sys=0.00s Real=0.03s
[2025-01-07T20:37:59.483+0000][87149.849s][info][gc          ] GC(3278) Concurrent Mark Cycle
[2025-01-07T20:37:59.483+0000][87149.849s][info][gc,marking  ] GC(3278) Concurrent Clear Claimed Marks
[2025-01-07T20:37:59.484+0000][87149.850s][info][gc,marking  ] GC(3278) Concurrent Clear Claimed Marks 0.822ms
[2025-01-07T20:37:59.484+0000][87149.850s][info][gc,marking  ] GC(3278) Concurrent Scan Root Regions
[2025-01-07T20:37:59.507+0000][87149.873s][info][gc,marking  ] GC(3278) Concurrent Scan Root Regions 23.031ms
[2025-01-07T20:37:59.507+0000][87149.873s][info][gc,marking  ] GC(3278) Concurrent Mark
[2025-01-07T20:37:59.507+0000][87149.873s][info][gc,marking  ] GC(3278) Concurrent Mark From Roots
[2025-01-07T20:37:59.507+0000][87149.873s][info][gc,task     ] GC(3278) Using 2 workers of 2 for marking
[2025-01-07T20:38:00.409+0000][87150.775s][info][gc,marking  ] GC(3278) Concurrent Mark From Roots 901.750ms
[2025-01-07T20:38:00.409+0000][87150.775s][info][gc,marking  ] GC(3278) Concurrent Preclean
[2025-01-07T20:38:00.411+0000][87150.778s][info][gc,marking  ] GC(3278) Concurrent Preclean 2.650ms
[2025-01-07T20:38:00.412+0000][87150.778s][info][gc,start    ] GC(3278) Pause Remark
[2025-01-07T20:38:00.437+0000][87150.803s][info][gc          ] GC(3278) Pause Remark 3797M->3797M(12288M) 25.366ms
[2025-01-07T20:38:00.437+0000][87150.803s][info][gc,cpu      ] GC(3278) User=0.15s Sys=0.00s Real=0.02s
[2025-01-07T20:38:00.438+0000][87150.804s][info][gc,marking  ] GC(3278) Concurrent Mark 930.632ms
[2025-01-07T20:38:00.438+0000][87150.804s][info][gc,marking  ] GC(3278) Concurrent Rebuild Remembered Sets
[2025-01-07T20:38:01.074+0000][87151.440s][info][gc,marking  ] GC(3278) Concurrent Rebuild Remembered Sets 636.293ms
[2025-01-07T20:38:01.074+0000][87151.440s][info][gc,start    ] GC(3278) Pause Cleanup
[2025-01-07T20:38:01.075+0000][87151.441s][info][gc          ] GC(3278) Pause Cleanup 4841M->4841M(12288M) 0.452ms
[2025-01-07T20:38:01.075+0000][87151.441s][info][gc,cpu      ] GC(3278) User=0.00s Sys=0.00s Real=0.00s
[2025-01-07T20:38:01.075+0000][87151.441s][info][gc,marking  ] GC(3278) Concurrent Cleanup for Next Mark
[2025-01-07T20:38:01.091+0000][87151.457s][info][gc,marking  ] GC(3278) Concurrent Cleanup for Next Mark 16.388ms
[2025-01-07T20:38:01.091+0000][87151.457s][info][gc          ] GC(3278) Concurrent Mark Cycle 1608.026ms
[2025-01-07T20:38:09.549+0000][87159.916s][info][gc,start    ] GC(3279) Pause Young (Prepare Mixed) (G1 Evacuation Pause)
[2025-01-07T20:38:09.549+0000][87159.916s][info][gc,task     ] GC(3279) Using 6 workers of 6 for evacuation
[2025-01-07T20:38:09.592+0000][87159.958s][info][gc,phases   ] GC(3279)   Pre Evacuate Collection Set: 0.2ms
[2025-01-07T20:38:09.592+0000][87159.958s][info][gc,phases   ] GC(3279)   Merge Heap Roots: 0.6ms
[2025-01-07T20:38:09.592+0000][87159.958s][info][gc,phases   ] GC(3279)   Evacuate Collection Set: 38.3ms
[2025-01-07T20:38:09.592+0000][87159.958s][info][gc,phases   ] GC(3279)   Post Evacuate Collection Set: 3.0ms
[2025-01-07T20:38:09.592+0000][87159.958s][info][gc,phases   ] GC(3279)   Other: 0.3ms
[2025-01-07T20:38:09.592+0000][87159.958s][info][gc,heap     ] GC(3279) Eden regions: 911->0(64)
[2025-01-07T20:38:09.592+0000][87159.958s][info][gc,heap     ] GC(3279) Survivor regions: 10->12(116)
[2025-01-07T20:38:09.592+0000][87159.958s][info][gc,heap     ] GC(3279) Old regions: 244->244
[2025-01-07T20:38:09.592+0000][87159.958s][info][gc,heap     ] GC(3279) Archive regions: 2->2
[2025-01-07T20:38:09.592+0000][87159.958s][info][gc,heap     ] GC(3279) Humongous regions: 49->49
[2025-01-07T20:38:09.592+0000][87159.958s][info][gc,metaspace] GC(3279) Metaspace: 498858K(507200K)->498858K(507200K) NonClass: 438269K(442560K)->438269K(442560K) Class: 60588K(64640K)->60588K(64640K)
[2025-01-07T20:38:09.592+0000][87159.958s][info][gc          ] GC(3279) Pause Young (Prepare Mixed) (G1 Evacuation Pause) 9709M->2439M(12288M) 42.464ms
[2025-01-07T20:38:09.592+0000][87159.958s][info][gc,cpu      ] GC(3279) User=0.25s Sys=0.00s Real=0.05s
[2025-01-07T20:38:11.139+0000][87161.505s][info][gc,start    ] GC(3280) Pause Young (Mixed) (G1 Evacuation Pause)
[2025-01-07T20:38:11.139+0000][87161.505s][info][gc,task     ] GC(3280) Using 6 workers of 6 for evacuation
[2025-01-07T20:38:11.209+0000][87161.575s][info][gc,phases   ] GC(3280)   Pre Evacuate Collection Set: 0.2ms
[2025-01-07T20:38:11.209+0000][87161.575s][info][gc,phases   ] GC(3280)   Merge Heap Roots: 0.6ms
[2025-01-07T20:38:11.209+0000][87161.575s][info][gc,phases   ] GC(3280)   Evacuate Collection Set: 67.0ms
[2025-01-07T20:38:11.209+0000][87161.575s][info][gc,phases   ] GC(3280)   Post Evacuate Collection Set: 2.0ms
[2025-01-07T20:38:11.209+0000][87161.575s][info][gc,phases   ] GC(3280)   Other: 0.2ms
[2025-01-07T20:38:11.209+0000][87161.575s][info][gc,heap     ] GC(3280) Eden regions: 64->0(912)
[2025-01-07T20:38:11.209+0000][87161.575s][info][gc,heap     ] GC(3280) Survivor regions: 12->6(10)
[2025-01-07T20:38:11.209+0000][87161.575s][info][gc,heap     ] GC(3280) Old regions: 244->245
[2025-01-07T20:38:11.209+0000][87161.575s][info][gc,heap     ] GC(3280) Archive regions: 2->2
[2025-01-07T20:38:11.209+0000][87161.575s][info][gc,heap     ] GC(3280) Humongous regions: 49->49
[2025-01-07T20:38:11.209+0000][87161.575s][info][gc,metaspace] GC(3280) Metaspace: 498858K(507200K)->498858K(507200K) NonClass: 438269K(442560K)->438269K(442560K) Class: 60588K(64640K)->60588K(64640K)
[2025-01-07T20:38:11.209+0000][87161.575s][info][gc          ] GC(3280) Pause Young (Mixed) (G1 Evacuation Pause) 2951M->2400M(12288M) 69.999ms
[2025-01-07T20:38:11.209+0000][87161.575s][info][gc,cpu      ] GC(3280) User=0.41s Sys=0.00s Real=0.07s
[2025-01-07T20:38:18.975+0000][87169.341s][info][gc,start    ] GC(3281) Pause Young (Normal) (G1 Evacuation Pause)
[2025-01-07T20:38:18.975+0000][87169.341s][info][gc,task     ] GC(3281) Using 6 workers of 6 for evacuation
[2025-01-07T20:38:19.003+0000][87169.369s][info][gc,phases   ] GC(3281)   Pre Evacuate Collection Set: 0.2ms
[2025-01-07T20:38:19.003+0000][87169.369s][info][gc,phases   ] GC(3281)   Merge Heap Roots: 0.4ms
[2025-01-07T20:38:19.003+0000][87169.369s][info][gc,phases   ] GC(3281)   Evacuate Collection Set: 21.9ms
[2025-01-07T20:38:19.003+0000][87169.369s][info][gc,phases   ] GC(3281)   Post Evacuate Collection Set: 5.4ms
[2025-01-07T20:38:19.003+0000][87169.369s][info][gc,phases   ] GC(3281)   Other: 0.2ms
[2025-01-07T20:38:19.003+0000][87169.369s][info][gc,heap     ] GC(3281) Eden regions: 912->0(909)
[2025-01-07T20:38:19.003+0000][87169.369s][info][gc,heap     ] GC(3281) Survivor regions: 6->8(115)
[2025-01-07T20:38:19.003+0000][87169.369s][info][gc,heap     ] GC(3281) Old regions: 245->245
[2025-01-07T20:38:19.003+0000][87169.369s][info][gc,heap     ] GC(3281) Archive regions: 2->2
[2025-01-07T20:38:19.003+0000][87169.369s][info][gc,heap     ] GC(3281) Humongous regions: 49->49
[2025-01-07T20:38:19.003+0000][87169.369s][info][gc,metaspace] GC(3281) Metaspace: 498858K(507200K)->498858K(507200K) NonClass: 438269K(442560K)->438269K(442560K) Class: 60588K(64640K)->60588K(64640K)
[2025-01-07T20:38:19.003+0000][87169.369s][info][gc          ] GC(3281) Pause Young (Normal) (G1 Evacuation Pause) 9696M->2418M(12288M) 28.150ms
[2025-01-07T20:38:19.003+0000][87169.369s][info][gc,cpu      ] GC(3281) User=0.16s Sys=0.00s Real=0.03s
[2025-01-07T20:38:26.809+0000][87177.175s][info][gc,start    ] GC(3282) Pause Young (Normal) (G1 Evacuation Pause)
[2025-01-07T20:38:26.809+0000][87177.175s][info][gc,task     ] GC(3282) Using 6 workers of 6 for evacuation
[2025-01-07T20:38:26.834+0000][87177.200s][info][gc,phases   ] GC(3282)   Pre Evacuate Collection Set: 0.2ms
[2025-01-07T20:38:26.834+0000][87177.200s][info][gc,phases   ] GC(3282)   Merge Heap Roots: 0.4ms
[2025-01-07T20:38:26.834+0000][87177.200s][info][gc,phases   ] GC(3282)   Evacuate Collection Set: 22.3ms
[2025-01-07T20:38:26.834+0000][87177.200s][info][gc,phases   ] GC(3282)   Post Evacuate Collection Set: 2.5ms
[2025-01-07T20:38:26.834+0000][87177.200s][info][gc,phases   ] GC(3282)   Other: 0.2ms
[2025-01-07T20:38:26.834+0000][87177.200s][info][gc,heap     ] GC(3282) Eden regions: 909->0(909)
[2025-01-07T20:38:26.834+0000][87177.200s][info][gc,heap     ] GC(3282) Survivor regions: 8->8(115)
[2025-01-07T20:38:26.834+0000][87177.201s][info][gc,heap     ] GC(3282) Old regions: 245->245
[2025-01-07T20:38:26.834+0000][87177.201s][info][gc,heap     ] GC(3282) Archive regions: 2->2
[2025-01-07T20:38:26.834+0000][87177.201s][info][gc,heap     ] GC(3282) Humongous regions: 49->49
[2025-01-07T20:38:26.834+0000][87177.201s][info][gc,metaspace] GC(3282) Metaspace: 498858K(507200K)->498858K(507200K) NonClass: 438269K(442560K)->438269K(442560K) Class: 60588K(64640K)->60588K(64640K)
[2025-01-07T20:38:26.834+0000][87177.201s][info][gc          ] GC(3282) Pause Young (Normal) (G1 Evacuation Pause) 9690M->2418M(12288M) 25.735ms
[2025-01-07T20:38:26.834+0000][87177.201s][info][gc,cpu      ] GC(3282) User=0.15s Sys=0.00s Real=0.03s
[2025-01-07T20:38:34.578+0000][87184.944s][info][gc,start    ] GC(3283) Pause Young (Concurrent Start) (G1 Evacuation Pause)
[2025-01-07T20:38:34.578+0000][87184.944s][info][gc,task     ] GC(3283) Using 6 workers of 6 for evacuation
[2025-01-07T20:38:34.611+0000][87184.977s][info][gc,phases   ] GC(3283)   Pre Evacuate Collection Set: 1.0ms
[2025-01-07T20:38:34.611+0000][87184.977s][info][gc,phases   ] GC(3283)   Merge Heap Roots: 0.4ms
[2025-01-07T20:38:34.611+0000][87184.977s][info][gc,phases   ] GC(3283)   Evacuate Collection Set: 27.2ms
[2025-01-07T20:38:34.611+0000][87184.977s][info][gc,phases   ] GC(3283)   Post Evacuate Collection Set: 3.9ms
[2025-01-07T20:38:34.611+0000][87184.977s][info][gc,phases   ] GC(3283)   Other: 0.3ms
[2025-01-07T20:38:34.611+0000][87184.977s][info][gc,heap     ] GC(3283) Eden regions: 909->0(905)
[2025-01-07T20:38:34.611+0000][87184.977s][info][gc,heap     ] GC(3283) Survivor regions: 8->11(115)
[2025-01-07T20:38:34.611+0000][87184.977s][info][gc,heap     ] GC(3283) Old regions: 245->245
[2025-01-07T20:38:34.611+0000][87184.977s][info][gc,heap     ] GC(3283) Archive regions: 2->2
[2025-01-07T20:38:34.611+0000][87184.977s][info][gc,heap     ] GC(3283) Humongous regions: 49->49
[2025-01-07T20:38:34.611+0000][87184.977s][info][gc,metaspace] GC(3283) Metaspace: 498858K(507200K)->498858K(507200K) NonClass: 438269K(442560K)->438269K(442560K) Class: 60588K(64640K)->60588K(64640K)
[2025-01-07T20:38:34.611+0000][87184.977s][info][gc          ] GC(3283) Pause Young (Concurrent Start) (G1 Evacuation Pause) 9690M->2441M(12288M) 32.892ms
[2025-01-07T20:38:34.611+0000][87184.977s][info][gc,cpu      ] GC(3283) User=0.19s Sys=0.00s Real=0.04s
[2025-01-07T20:38:34.611+0000][87184.977s][info][gc          ] GC(3284) Concurrent Mark Cycle
[2025-01-07T20:38:34.611+0000][87184.977s][info][gc,marking  ] GC(3284) Concurrent Clear Claimed Marks
[2025-01-07T20:38:34.612+0000][87184.978s][info][gc,marking  ] GC(3284) Concurrent Clear Claimed Marks 0.878ms
[2025-01-07T20:38:34.612+0000][87184.978s][info][gc,marking  ] GC(3284) Concurrent Scan Root Regions
[2025-01-07T20:38:34.639+0000][87185.005s][info][gc,marking  ] GC(3284) Concurrent Scan Root Regions 27.430ms
[2025-01-07T20:38:34.639+0000][87185.005s][info][gc,marking  ] GC(3284) Concurrent Mark
[2025-01-07T20:38:34.639+0000][87185.005s][info][gc,marking  ] GC(3284) Concurrent Mark From Roots
[2025-01-07T20:38:34.639+0000][87185.005s][info][gc,task     ] GC(3284) Using 2 workers of 2 for marking
[2025-01-07T20:38:35.615+0000][87185.981s][info][gc,marking  ] GC(3284) Concurrent Mark From Roots 975.345ms
[2025-01-07T20:38:35.615+0000][87185.981s][info][gc,marking  ] GC(3284) Concurrent Preclean
[2025-01-07T20:38:35.617+0000][87185.983s][info][gc,marking  ] GC(3284) Concurrent Preclean 1.990ms
[2025-01-07T20:38:35.617+0000][87185.983s][info][gc,start    ] GC(3284) Pause Remark
[2025-01-07T20:38:35.642+0000][87186.008s][info][gc          ] GC(3284) Pause Remark 3925M->3925M(12288M) 25.458ms
[2025-01-07T20:38:35.642+0000][87186.008s][info][gc,cpu      ] GC(3284) User=0.14s Sys=0.00s Real=0.03s
[2025-01-07T20:38:35.642+0000][87186.008s][info][gc,marking  ] GC(3284) Concurrent Mark 1003.134ms
[2025-01-07T20:38:35.642+0000][87186.008s][info][gc,marking  ] GC(3284) Concurrent Rebuild Remembered Sets
[2025-01-07T20:38:36.119+0000][87186.485s][info][gc,marking  ] GC(3284) Concurrent Rebuild Remembered Sets 476.874ms
[2025-01-07T20:38:36.119+0000][87186.485s][info][gc,start    ] GC(3284) Pause Cleanup
[2025-01-07T20:38:36.120+0000][87186.486s][info][gc          ] GC(3284) Pause Cleanup 4621M->4621M(12288M) 0.412ms
[2025-01-07T20:38:36.120+0000][87186.486s][info][gc,cpu      ] GC(3284) User=0.00s Sys=0.00s Real=0.00s
[2025-01-07T20:38:36.120+0000][87186.486s][info][gc,marking  ] GC(3284) Concurrent Cleanup for Next Mark
[2025-01-07T20:38:36.136+0000][87186.502s][info][gc,marking  ] GC(3284) Concurrent Cleanup for Next Mark 15.927ms
[2025-01-07T20:38:36.136+0000][87186.502s][info][gc          ] GC(3284) Concurrent Mark Cycle 1525.092ms
[2025-01-07T20:38:42.051+0000][87192.417s][info][gc,start    ] GC(3285) Pause Young (Prepare Mixed) (G1 Evacuation Pause)
[2025-01-07T20:38:42.051+0000][87192.417s][info][gc,task     ] GC(3285) Using 6 workers of 6 for evacuation
[2025-01-07T20:38:42.083+0000][87192.449s][info][gc,phases   ] GC(3285)   Pre Evacuate Collection Set: 0.2ms
[2025-01-07T20:38:42.083+0000][87192.449s][info][gc,phases   ] GC(3285)   Merge Heap Roots: 0.6ms
[2025-01-07T20:38:42.083+0000][87192.449s][info][gc,phases   ] GC(3285)   Evacuate Collection Set: 28.5ms
[2025-01-07T20:38:42.083+0000][87192.449s][info][gc,phases   ] GC(3285)   Post Evacuate Collection Set: 2.7ms
[2025-01-07T20:38:42.083+0000][87192.449s][info][gc,phases   ] GC(3285)   Other: 0.2ms
[2025-01-07T20:38:42.083+0000][87192.449s][info][gc,heap     ] GC(3285) Eden regions: 905->0(65)
[2025-01-07T20:38:42.083+0000][87192.449s][info][gc,heap     ] GC(3285) Survivor regions: 11->11(115)
[2025-01-07T20:38:42.083+0000][87192.449s][info][gc,heap     ] GC(3285) Old regions: 245->245
[2025-01-07T20:38:42.083+0000][87192.449s][info][gc,heap     ] GC(3285) Archive regions: 2->2
[2025-01-07T20:38:42.083+0000][87192.449s][info][gc,heap     ] GC(3285) Humongous regions: 49->49
[2025-01-07T20:38:42.083+0000][87192.449s][info][gc,metaspace] GC(3285) Metaspace: 498858K(507200K)->498858K(507200K) NonClass: 438269K(442560K)->438269K(442560K) Class: 60588K(64640K)->60588K(64640K)
[2025-01-07T20:38:42.083+0000][87192.449s][info][gc          ] GC(3285) Pause Young (Prepare Mixed) (G1 Evacuation Pause) 9681M->2439M(12288M) 32.290ms
[2025-01-07T20:38:42.083+0000][87192.449s][info][gc,cpu      ] GC(3285) User=0.19s Sys=0.00s Real=0.03s
[2025-01-07T20:38:42.470+0000][87192.836s][info][gc,start    ] GC(3286) Pause Young (Mixed) (G1 Evacuation Pause)
[2025-01-07T20:38:42.470+0000][87192.836s][info][gc,task     ] GC(3286) Using 6 workers of 6 for evacuation
[2025-01-07T20:38:42.529+0000][87192.895s][info][gc,phases   ] GC(3286)   Pre Evacuate Collection Set: 0.2ms
[2025-01-07T20:38:42.529+0000][87192.895s][info][gc,phases   ] GC(3286)   Merge Heap Roots: 0.6ms
[2025-01-07T20:38:42.529+0000][87192.895s][info][gc,phases   ] GC(3286)   Evacuate Collection Set: 56.3ms
[2025-01-07T20:38:42.529+0000][87192.895s][info][gc,phases   ] GC(3286)   Post Evacuate Collection Set: 1.8ms
[2025-01-07T20:38:42.529+0000][87192.895s][info][gc,phases   ] GC(3286)   Other: 0.2ms
[2025-01-07T20:38:42.529+0000][87192.895s][info][gc,heap     ] GC(3286) Eden regions: 65->0(908)
[2025-01-07T20:38:42.529+0000][87192.895s][info][gc,heap     ] GC(3286) Survivor regions: 11->6(10)
[2025-01-07T20:38:42.529+0000][87192.895s][info][gc,heap     ] GC(3286) Old regions: 245->247
[2025-01-07T20:38:42.529+0000][87192.895s][info][gc,heap     ] GC(3286) Archive regions: 2->2
[2025-01-07T20:38:42.529+0000][87192.895s][info][gc,heap     ] GC(3286) Humongous regions: 49->49
[2025-01-07T20:38:42.529+0000][87192.895s][info][gc,metaspace] GC(3286) Metaspace: 498858K(507200K)->498858K(507200K) NonClass: 438269K(442560K)->438269K(442560K) Class: 60588K(64640K)->60588K(64640K)
[2025-01-07T20:38:42.529+0000][87192.895s][info][gc          ] GC(3286) Pause Young (Mixed) (G1 Evacuation Pause) 2959M->2411M(12288M) 59.077ms
[2025-01-07T20:38:42.529+0000][87192.895s][info][gc,cpu      ] GC(3286) User=0.34s Sys=0.00s Real=0.05s
[2025-01-07T20:38:48.010+0000][87198.376s][info][gc,start    ] GC(3287) Pause Young (Normal) (G1 Evacuation Pause)
[2025-01-07T20:38:48.010+0000][87198.376s][info][gc,task     ] GC(3287) Using 6 workers of 6 for evacuation
[2025-01-07T20:38:48.030+0000][87198.396s][info][gc,phases   ] GC(3287)   Pre Evacuate Collection Set: 0.2ms
[2025-01-07T20:38:48.030+0000][87198.396s][info][gc,phases   ] GC(3287)   Merge Heap Roots: 0.4ms
[2025-01-07T20:38:48.030+0000][87198.396s][info][gc,phases   ] GC(3287)   Evacuate Collection Set: 17.2ms
[2025-01-07T20:38:48.030+0000][87198.396s][info][gc,phases   ] GC(3287)   Post Evacuate Collection Set: 2.3ms
[2025-01-07T20:38:48.030+0000][87198.396s][info][gc,phases   ] GC(3287)   Other: 0.2ms
[2025-01-07T20:38:48.030+0000][87198.396s][info][gc,heap     ] GC(3287) Eden regions: 908->0(910)
[2025-01-07T20:38:48.030+0000][87198.396s][info][gc,heap     ] GC(3287) Survivor regions: 6->6(115)
[2025-01-07T20:38:48.030+0000][87198.397s][info][gc,heap     ] GC(3287) Old regions: 247->247
[2025-01-07T20:38:48.030+0000][87198.397s][info][gc,heap     ] GC(3287) Archive regions: 2->2
[2025-01-07T20:38:48.030+0000][87198.397s][info][gc,heap     ] GC(3287) Humongous regions: 49->49
[2025-01-07T20:38:48.030+0000][87198.397s][info][gc,metaspace] GC(3287) Metaspace: 498858K(507200K)->498858K(507200K) NonClass: 438269K(442560K)->438269K(442560K) Class: 60588K(64640K)->60588K(64640K)
[2025-01-07T20:38:48.030+0000][87198.397s][info][gc          ] GC(3287) Pause Young (Normal) (G1 Evacuation Pause) 9675M->2409M(12288M) 20.424ms
[2025-01-07T20:38:48.030+0000][87198.397s][info][gc,cpu      ] GC(3287) User=0.12s Sys=0.00s Real=0.02s
[2025-01-07T20:38:57.047+0000][87207.413s][info][gc,start    ] GC(3288) Pause Young (Normal) (G1 Evacuation Pause)
[2025-01-07T20:38:57.047+0000][87207.413s][info][gc,task     ] GC(3288) Using 6 workers of 6 for evacuation
[2025-01-07T20:38:57.073+0000][87207.439s][info][gc,phases   ] GC(3288)   Pre Evacuate Collection Set: 0.2ms
[2025-01-07T20:38:57.073+0000][87207.439s][info][gc,phases   ] GC(3288)   Merge Heap Roots: 0.4ms
[2025-01-07T20:38:57.073+0000][87207.439s][info][gc,phases   ] GC(3288)   Evacuate Collection Set: 22.2ms
[2025-01-07T20:38:57.073+0000][87207.439s][info][gc,phases   ] GC(3288)   Post Evacuate Collection Set: 2.6ms
[2025-01-07T20:38:57.073+0000][87207.439s][info][gc,phases   ] GC(3288)   Other: 0.2ms
[2025-01-07T20:38:57.073+0000][87207.439s][info][gc,heap     ] GC(3288) Eden regions: 910->0(909)
[2025-01-07T20:38:57.073+0000][87207.439s][info][gc,heap     ] GC(3288) Survivor regions: 6->7(115)
[2025-01-07T20:38:57.073+0000][87207.439s][info][gc,heap     ] GC(3288) Old regions: 247->247
[2025-01-07T20:38:57.073+0000][87207.439s][info][gc,heap     ] GC(3288) Archive regions: 2->2
[2025-01-07T20:38:57.073+0000][87207.439s][info][gc,heap     ] GC(3288) Humongous regions: 49->49
[2025-01-07T20:38:57.073+0000][87207.439s][info][gc,metaspace] GC(3288) Metaspace: 498858K(507200K)->498858K(507200K) NonClass: 438269K(442560K)->438269K(442560K) Class: 60588K(64640K)->60588K(64640K)
[2025-01-07T20:38:57.073+0000][87207.439s][info][gc          ] GC(3288) Pause Young (Normal) (G1 Evacuation Pause) 9689M->2422M(12288M) 25.726ms
[2025-01-07T20:38:57.073+0000][87207.439s][info][gc,cpu      ] GC(3288) User=0.15s Sys=0.00s Real=0.03s
[2025-01-07T20:39:06.435+0000][87216.801s][info][gc,start    ] GC(3289) Pause Young (Concurrent Start) (G1 Evacuation Pause)
[2025-01-07T20:39:06.435+0000][87216.801s][info][gc,task     ] GC(3289) Using 6 workers of 6 for evacuation
[2025-01-07T20:39:06.473+0000][87216.839s][info][gc,phases   ] GC(3289)   Pre Evacuate Collection Set: 1.0ms
[2025-01-07T20:39:06.473+0000][87216.839s][info][gc,phases   ] GC(3289)   Merge Heap Roots: 0.4ms
[2025-01-07T20:39:06.473+0000][87216.839s][info][gc,phases   ] GC(3289)   Evacuate Collection Set: 33.6ms
[2025-01-07T20:39:06.473+0000][87216.839s][info][gc,phases   ] GC(3289)   Post Evacuate Collection Set: 2.8ms
[2025-01-07T20:39:06.473+0000][87216.839s][info][gc,phases   ] GC(3289)   Other: 0.3ms
[2025-01-07T20:39:06.473+0000][87216.839s][info][gc,heap     ] GC(3289) Eden regions: 909->0(906)
[2025-01-07T20:39:06.473+0000][87216.839s][info][gc,heap     ] GC(3289) Survivor regions: 7->9(115)
[2025-01-07T20:39:06.473+0000][87216.839s][info][gc,heap     ] GC(3289) Old regions: 247->247
[2025-01-07T20:39:06.473+0000][87216.839s][info][gc,heap     ] GC(3289) Archive regions: 2->2
[2025-01-07T20:39:06.473+0000][87216.839s][info][gc,heap     ] GC(3289) Humongous regions: 49->49
[2025-01-07T20:39:06.473+0000][87216.839s][info][gc,metaspace] GC(3289) Metaspace: 498858K(507200K)->498858K(507200K) NonClass: 438269K(442560K)->438269K(442560K) Class: 60588K(64640K)->60588K(64640K)
[2025-01-07T20:39:06.473+0000][87216.839s][info][gc          ] GC(3289) Pause Young (Concurrent Start) (G1 Evacuation Pause) 9694M->2438M(12288M) 38.118ms
[2025-01-07T20:39:06.473+0000][87216.839s][info][gc,cpu      ] GC(3289) User=0.22s Sys=0.00s Real=0.04s
[2025-01-07T20:39:06.473+0000][87216.839s][info][gc          ] GC(3290) Concurrent Mark Cycle
[2025-01-07T20:39:06.473+0000][87216.839s][info][gc,marking  ] GC(3290) Concurrent Clear Claimed Marks
[2025-01-07T20:39:06.474+0000][87216.840s][info][gc,marking  ] GC(3290) Concurrent Clear Claimed Marks 0.862ms
[2025-01-07T20:39:06.474+0000][87216.840s][info][gc,marking  ] GC(3290) Concurrent Scan Root Regions
[2025-01-07T20:39:06.512+0000][87216.878s][info][gc,marking  ] GC(3290) Concurrent Scan Root Regions 37.699ms
[2025-01-07T20:39:06.512+0000][87216.878s][info][gc,marking  ] GC(3290) Concurrent Mark
[2025-01-07T20:39:06.512+0000][87216.878s][info][gc,marking  ] GC(3290) Concurrent Mark From Roots
[2025-01-07T20:39:06.512+0000][87216.878s][info][gc,task     ] GC(3290) Using 2 workers of 2 for marking
[2025-01-07T20:39:07.363+0000][87217.729s][info][gc,marking  ] GC(3290) Concurrent Mark From Roots 851.071ms
[2025-01-07T20:39:07.363+0000][87217.729s][info][gc,marking  ] GC(3290) Concurrent Preclean
[2025-01-07T20:39:07.365+0000][87217.731s][info][gc,marking  ] GC(3290) Concurrent Preclean 1.946ms
[2025-01-07T20:39:07.365+0000][87217.731s][info][gc,start    ] GC(3290) Pause Remark
[2025-01-07T20:39:07.393+0000][87217.759s][info][gc          ] GC(3290) Pause Remark 3458M->3458M(12288M) 28.139ms
[2025-01-07T20:39:07.393+0000][87217.759s][info][gc,cpu      ] GC(3290) User=0.16s Sys=0.01s Real=0.03s
[2025-01-07T20:39:07.393+0000][87217.759s][info][gc,marking  ] GC(3290) Concurrent Mark 881.512ms
[2025-01-07T20:39:07.393+0000][87217.759s][info][gc,marking  ] GC(3290) Concurrent Rebuild Remembered Sets
[2025-01-07T20:39:07.863+0000][87218.229s][info][gc,marking  ] GC(3290) Concurrent Rebuild Remembered Sets 469.583ms
[2025-01-07T20:39:07.863+0000][87218.229s][info][gc,start    ] GC(3290) Pause Cleanup
[2025-01-07T20:39:07.863+0000][87218.229s][info][gc          ] GC(3290) Pause Cleanup 3825M->3825M(12288M) 0.458ms
[2025-01-07T20:39:07.863+0000][87218.230s][info][gc,cpu      ] GC(3290) User=0.00s Sys=0.00s Real=0.00s
[2025-01-07T20:39:07.863+0000][87218.230s][info][gc,marking  ] GC(3290) Concurrent Cleanup for Next Mark
[2025-01-07T20:39:07.879+0000][87218.245s][info][gc,marking  ] GC(3290) Concurrent Cleanup for Next Mark 15.456ms
[2025-01-07T20:39:07.879+0000][87218.245s][info][gc          ] GC(3290) Concurrent Mark Cycle 1405.981ms
[2025-01-07T20:39:14.374+0000][87224.740s][info][gc,start    ] GC(3291) Pause Young (Prepare Mixed) (G1 Evacuation Pause)
[2025-01-07T20:39:14.374+0000][87224.740s][info][gc,task     ] GC(3291) Using 6 workers of 6 for evacuation
[2025-01-07T20:39:14.412+0000][87224.778s][info][gc,phases   ] GC(3291)   Pre Evacuate Collection Set: 0.2ms
[2025-01-07T20:39:14.412+0000][87224.778s][info][gc,phases   ] GC(3291)   Merge Heap Roots: 0.6ms
[2025-01-07T20:39:14.412+0000][87224.778s][info][gc,phases   ] GC(3291)   Evacuate Collection Set: 32.9ms
[2025-01-07T20:39:14.412+0000][87224.778s][info][gc,phases   ] GC(3291)   Post Evacuate Collection Set: 4.1ms
[2025-01-07T20:39:14.412+0000][87224.778s][info][gc,phases   ] GC(3291)   Other: 0.2ms
[2025-01-07T20:39:14.412+0000][87224.778s][info][gc,heap     ] GC(3291) Eden regions: 906->0(65)
[2025-01-07T20:39:14.412+0000][87224.778s][info][gc,heap     ] GC(3291) Survivor regions: 9->11(115)
[2025-01-07T20:39:14.412+0000][87224.778s][info][gc,heap     ] GC(3291) Old regions: 247->247
[2025-01-07T20:39:14.412+0000][87224.778s][info][gc,heap     ] GC(3291) Archive regions: 2->2
[2025-01-07T20:39:14.412+0000][87224.778s][info][gc,heap     ] GC(3291) Humongous regions: 49->49
[2025-01-07T20:39:14.412+0000][87224.778s][info][gc,metaspace] GC(3291) Metaspace: 498858K(507200K)->498858K(507200K) NonClass: 438269K(442560K)->438269K(442560K) Class: 60588K(64640K)->60588K(64640K)
[2025-01-07T20:39:14.412+0000][87224.778s][info][gc          ] GC(3291) Pause Young (Prepare Mixed) (G1 Evacuation Pause) 9686M->2453M(12288M) 38.146ms
[2025-01-07T20:39:14.412+0000][87224.778s][info][gc,cpu      ] GC(3291) User=0.23s Sys=0.00s Real=0.04s
[2025-01-07T20:39:14.881+0000][87225.247s][info][gc,start    ] GC(3292) Pause Young (Mixed) (G1 Evacuation Pause)
[2025-01-07T20:39:14.881+0000][87225.247s][info][gc,task     ] GC(3292) Using 6 workers of 6 for evacuation
[2025-01-07T20:39:14.925+0000][87225.291s][info][gc,phases   ] GC(3292)   Pre Evacuate Collection Set: 0.2ms
[2025-01-07T20:39:14.925+0000][87225.291s][info][gc,phases   ] GC(3292)   Merge Heap Roots: 0.4ms
[2025-01-07T20:39:14.925+0000][87225.291s][info][gc,phases   ] GC(3292)   Evacuate Collection Set: 42.2ms
[2025-01-07T20:39:14.925+0000][87225.291s][info][gc,phases   ] GC(3292)   Post Evacuate Collection Set: 1.6ms
[2025-01-07T20:39:14.925+0000][87225.291s][info][gc,phases   ] GC(3292)   Other: 0.2ms
[2025-01-07T20:39:14.925+0000][87225.291s][info][gc,heap     ] GC(3292) Eden regions: 65->0(912)
[2025-01-07T20:39:14.925+0000][87225.291s][info][gc,heap     ] GC(3292) Survivor regions: 11->4(10)
[2025-01-07T20:39:14.925+0000][87225.291s][info][gc,heap     ] GC(3292) Old regions: 247->246
[2025-01-07T20:39:14.925+0000][87225.291s][info][gc,heap     ] GC(3292) Archive regions: 2->2
[2025-01-07T20:39:14.925+0000][87225.291s][info][gc,heap     ] GC(3292) Humongous regions: 49->49
[2025-01-07T20:39:14.925+0000][87225.292s][info][gc,metaspace] GC(3292) Metaspace: 498858K(507200K)->498858K(507200K) NonClass: 438269K(442560K)->438269K(442560K) Class: 60588K(64640K)->60588K(64640K)
[2025-01-07T20:39:14.925+0000][87225.292s][info][gc          ] GC(3292) Pause Young (Mixed) (G1 Evacuation Pause) 2973M->2392M(12288M) 44.612ms
[2025-01-07T20:39:14.925+0000][87225.292s][info][gc,cpu      ] GC(3292) User=0.25s Sys=0.00s Real=0.05s
[2025-01-07T20:39:22.871+0000][87233.238s][info][gc,start    ] GC(3293) Pause Young (Normal) (G1 Evacuation Pause)
[2025-01-07T20:39:22.872+0000][87233.238s][info][gc,task     ] GC(3293) Using 6 workers of 6 for evacuation
[2025-01-07T20:39:22.894+0000][87233.260s][info][gc,phases   ] GC(3293)   Pre Evacuate Collection Set: 0.2ms
[2025-01-07T20:39:22.894+0000][87233.260s][info][gc,phases   ] GC(3293)   Merge Heap Roots: 0.4ms
[2025-01-07T20:39:22.894+0000][87233.260s][info][gc,phases   ] GC(3293)   Evacuate Collection Set: 17.8ms
[2025-01-07T20:39:22.894+0000][87233.260s][info][gc,phases   ] GC(3293)   Post Evacuate Collection Set: 3.9ms
[2025-01-07T20:39:22.894+0000][87233.260s][info][gc,phases   ] GC(3293)   Other: 0.2ms
[2025-01-07T20:39:22.894+0000][87233.260s][info][gc,heap     ] GC(3293) Eden regions: 912->0(911)
[2025-01-07T20:39:22.894+0000][87233.260s][info][gc,heap     ] GC(3293) Survivor regions: 4->5(115)
[2025-01-07T20:39:22.894+0000][87233.260s][info][gc,heap     ] GC(3293) Old regions: 246->246
[2025-01-07T20:39:22.894+0000][87233.260s][info][gc,heap     ] GC(3293) Archive regions: 2->2
[2025-01-07T20:39:22.894+0000][87233.260s][info][gc,heap     ] GC(3293) Humongous regions: 49->49
[2025-01-07T20:39:22.894+0000][87233.260s][info][gc,metaspace] GC(3293) Metaspace: 498858K(507200K)->498858K(507200K) NonClass: 438269K(442560K)->438269K(442560K) Class: 60588K(64640K)->60588K(64640K)
[2025-01-07T20:39:22.894+0000][87233.260s][info][gc          ] GC(3293) Pause Young (Normal) (G1 Evacuation Pause) 9688M->2400M(12288M) 22.580ms
[2025-01-07T20:39:22.894+0000][87233.260s][info][gc,cpu      ] GC(3293) User=0.13s Sys=0.00s Real=0.02s
[2025-01-07T20:39:30.431+0000][87240.797s][info][gc,start    ] GC(3294) Pause Young (Normal) (G1 Evacuation Pause)
[2025-01-07T20:39:30.431+0000][87240.797s][info][gc,task     ] GC(3294) Using 6 workers of 6 for evacuation
[2025-01-07T20:39:30.456+0000][87240.822s][info][gc,phases   ] GC(3294)   Pre Evacuate Collection Set: 0.2ms
[2025-01-07T20:39:30.456+0000][87240.822s][info][gc,phases   ] GC(3294)   Merge Heap Roots: 0.4ms
[2025-01-07T20:39:30.456+0000][87240.822s][info][gc,phases   ] GC(3294)   Evacuate Collection Set: 19.8ms
[2025-01-07T20:39:30.456+0000][87240.822s][info][gc,phases   ] GC(3294)   Post Evacuate Collection Set: 3.9ms
[2025-01-07T20:39:30.456+0000][87240.822s][info][gc,phases   ] GC(3294)   Other: 0.2ms
[2025-01-07T20:39:30.456+0000][87240.822s][info][gc,heap     ] GC(3294) Eden regions: 911->0(910)
[2025-01-07T20:39:30.456+0000][87240.822s][info][gc,heap     ] GC(3294) Survivor regions: 5->7(115)
[2025-01-07T20:39:30.456+0000][87240.822s][info][gc,heap     ] GC(3294) Old regions: 246->246
[2025-01-07T20:39:30.456+0000][87240.822s][info][gc,heap     ] GC(3294) Archive regions: 2->2
[2025-01-07T20:39:30.456+0000][87240.822s][info][gc,heap     ] GC(3294) Humongous regions: 49->49
[2025-01-07T20:39:30.456+0000][87240.822s][info][gc,metaspace] GC(3294) Metaspace: 498858K(507200K)->498858K(507200K) NonClass: 438269K(442560K)->438269K(442560K) Class: 60588K(64640K)->60588K(64640K)
[2025-01-07T20:39:30.456+0000][87240.822s][info][gc          ] GC(3294) Pause Young (Normal) (G1 Evacuation Pause) 9688M->2411M(12288M) 24.558ms
[2025-01-07T20:39:30.456+0000][87240.822s][info][gc,cpu      ] GC(3294) User=0.14s Sys=0.00s Real=0.02s
[2025-01-07T20:39:40.559+0000][87250.925s][info][gc,start    ] GC(3295) Pause Young (Concurrent Start) (G1 Evacuation Pause)
[2025-01-07T20:39:40.559+0000][87250.925s][info][gc,task     ] GC(3295) Using 6 workers of 6 for evacuation
[2025-01-07T20:39:40.588+0000][87250.954s][info][gc,phases   ] GC(3295)   Pre Evacuate Collection Set: 1.0ms
[2025-01-07T20:39:40.588+0000][87250.954s][info][gc,phases   ] GC(3295)   Merge Heap Roots: 0.4ms
[2025-01-07T20:39:40.588+0000][87250.954s][info][gc,phases   ] GC(3295)   Evacuate Collection Set: 24.4ms
[2025-01-07T20:39:40.588+0000][87250.954s][info][gc,phases   ] GC(3295)   Post Evacuate Collection Set: 2.6ms
[2025-01-07T20:39:40.588+0000][87250.954s][info][gc,phases   ] GC(3295)   Other: 0.3ms
[2025-01-07T20:39:40.588+0000][87250.954s][info][gc,heap     ] GC(3295) Eden regions: 910->0(909)
[2025-01-07T20:39:40.588+0000][87250.954s][info][gc,heap     ] GC(3295) Survivor regions: 7->8(115)
[2025-01-07T20:39:40.588+0000][87250.954s][info][gc,heap     ] GC(3295) Old regions: 246->246
[2025-01-07T20:39:40.588+0000][87250.954s][info][gc,heap     ] GC(3295) Archive regions: 2->2
[2025-01-07T20:39:40.588+0000][87250.954s][info][gc,heap     ] GC(3295) Humongous regions: 49->49
[2025-01-07T20:39:40.588+0000][87250.954s][info][gc,metaspace] GC(3295) Metaspace: 498858K(507200K)->498858K(507200K) NonClass: 438269K(442560K)->438269K(442560K) Class: 60588K(64640K)->60588K(64640K)
[2025-01-07T20:39:40.588+0000][87250.954s][info][gc          ] GC(3295) Pause Young (Concurrent Start) (G1 Evacuation Pause) 9691M->2419M(12288M) 28.850ms
[2025-01-07T20:39:40.588+0000][87250.954s][info][gc,cpu      ] GC(3295) User=0.16s Sys=0.00s Real=0.03s
[2025-01-07T20:39:40.588+0000][87250.954s][info][gc          ] GC(3296) Concurrent Mark Cycle
[2025-01-07T20:39:40.588+0000][87250.954s][info][gc,marking  ] GC(3296) Concurrent Clear Claimed Marks
[2025-01-07T20:39:40.589+0000][87250.955s][info][gc,marking  ] GC(3296) Concurrent Clear Claimed Marks 0.817ms
[2025-01-07T20:39:40.589+0000][87250.955s][info][gc,marking  ] GC(3296) Concurrent Scan Root Regions
[2025-01-07T20:39:40.611+0000][87250.977s][info][gc,marking  ] GC(3296) Concurrent Scan Root Regions 21.609ms
[2025-01-07T20:39:40.611+0000][87250.977s][info][gc,marking  ] GC(3296) Concurrent Mark
[2025-01-07T20:39:40.611+0000][87250.977s][info][gc,marking  ] GC(3296) Concurrent Mark From Roots
[2025-01-07T20:39:40.611+0000][87250.977s][info][gc,task     ] GC(3296) Using 2 workers of 2 for marking
[2025-01-07T20:39:41.410+0000][87251.776s][info][gc,marking  ] GC(3296) Concurrent Mark From Roots 799.020ms
[2025-01-07T20:39:41.410+0000][87251.776s][info][gc,marking  ] GC(3296) Concurrent Preclean
[2025-01-07T20:39:41.413+0000][87251.779s][info][gc,marking  ] GC(3296) Concurrent Preclean 2.775ms
[2025-01-07T20:39:41.413+0000][87251.779s][info][gc,start    ] GC(3296) Pause Remark
[2025-01-07T20:39:41.438+0000][87251.804s][info][gc          ] GC(3296) Pause Remark 3197M->3197M(12288M) 25.538ms
[2025-01-07T20:39:41.438+0000][87251.804s][info][gc,cpu      ] GC(3296) User=0.15s Sys=0.00s Real=0.02s
[2025-01-07T20:39:41.438+0000][87251.805s][info][gc,marking  ] GC(3296) Concurrent Mark 827.723ms
[2025-01-07T20:39:41.439+0000][87251.805s][info][gc,marking  ] GC(3296) Concurrent Rebuild Remembered Sets
[2025-01-07T20:39:42.008+0000][87252.374s][info][gc,marking  ] GC(3296) Concurrent Rebuild Remembered Sets 569.265ms
[2025-01-07T20:39:42.008+0000][87252.374s][info][gc,start    ] GC(3296) Pause Cleanup
[2025-01-07T20:39:42.008+0000][87252.375s][info][gc          ] GC(3296) Pause Cleanup 4027M->4027M(12288M) 0.466ms
[2025-01-07T20:39:42.008+0000][87252.375s][info][gc,cpu      ] GC(3296) User=0.00s Sys=0.00s Real=0.00s
[2025-01-07T20:39:42.009+0000][87252.375s][info][gc,marking  ] GC(3296) Concurrent Cleanup for Next Mark
[2025-01-07T20:39:42.024+0000][87252.390s][info][gc,marking  ] GC(3296) Concurrent Cleanup for Next Mark 15.795ms
[2025-01-07T20:39:42.024+0000][87252.390s][info][gc          ] GC(3296) Concurrent Mark Cycle 1436.122ms
[2025-01-07T20:39:48.129+0000][87258.495s][info][gc,start    ] GC(3297) Pause Young (Prepare Mixed) (G1 Evacuation Pause)
[2025-01-07T20:39:48.129+0000][87258.495s][info][gc,task     ] GC(3297) Using 6 workers of 6 for evacuation
[2025-01-07T20:39:48.161+0000][87258.527s][info][gc,phases   ] GC(3297)   Pre Evacuate Collection Set: 0.2ms
[2025-01-07T20:39:48.161+0000][87258.527s][info][gc,phases   ] GC(3297)   Merge Heap Roots: 0.6ms
[2025-01-07T20:39:48.161+0000][87258.527s][info][gc,phases   ] GC(3297)   Evacuate Collection Set: 28.2ms
[2025-01-07T20:39:48.161+0000][87258.527s][info][gc,phases   ] GC(3297)   Post Evacuate Collection Set: 2.6ms
[2025-01-07T20:39:48.161+0000][87258.527s][info][gc,phases   ] GC(3297)   Other: 0.2ms
[2025-01-07T20:39:48.161+0000][87258.527s][info][gc,heap     ] GC(3297) Eden regions: 909->0(67)
[2025-01-07T20:39:48.161+0000][87258.527s][info][gc,heap     ] GC(3297) Survivor regions: 8->9(115)
[2025-01-07T20:39:48.161+0000][87258.527s][info][gc,heap     ] GC(3297) Old regions: 246->246
[2025-01-07T20:39:48.161+0000][87258.527s][info][gc,heap     ] GC(3297) Archive regions: 2->2
[2025-01-07T20:39:48.161+0000][87258.527s][info][gc,heap     ] GC(3297) Humongous regions: 49->49
[2025-01-07T20:39:48.161+0000][87258.527s][info][gc,metaspace] GC(3297) Metaspace: 498858K(507200K)->498858K(507200K) NonClass: 438269K(442560K)->438269K(442560K) Class: 60588K(64640K)->60588K(64640K)
[2025-01-07T20:39:48.161+0000][87258.527s][info][gc          ] GC(3297) Pause Young (Prepare Mixed) (G1 Evacuation Pause) 9691M->2431M(12288M) 31.898ms
[2025-01-07T20:39:48.161+0000][87258.527s][info][gc,cpu      ] GC(3297) User=0.18s Sys=0.00s Real=0.03s
[2025-01-07T20:39:48.602+0000][87258.968s][info][gc,start    ] GC(3298) Pause Young (Mixed) (G1 Evacuation Pause)
[2025-01-07T20:39:48.602+0000][87258.968s][info][gc,task     ] GC(3298) Using 6 workers of 6 for evacuation
[2025-01-07T20:39:48.646+0000][87259.012s][info][gc,phases   ] GC(3298)   Pre Evacuate Collection Set: 0.2ms
[2025-01-07T20:39:48.646+0000][87259.012s][info][gc,phases   ] GC(3298)   Merge Heap Roots: 0.4ms
[2025-01-07T20:39:48.646+0000][87259.012s][info][gc,phases   ] GC(3298)   Evacuate Collection Set: 41.6ms
[2025-01-07T20:39:48.646+0000][87259.012s][info][gc,phases   ] GC(3298)   Post Evacuate Collection Set: 1.8ms
[2025-01-07T20:39:48.646+0000][87259.012s][info][gc,phases   ] GC(3298)   Other: 0.2ms
[2025-01-07T20:39:48.646+0000][87259.012s][info][gc,heap     ] GC(3298) Eden regions: 67->0(913)
[2025-01-07T20:39:48.646+0000][87259.012s][info][gc,heap     ] GC(3298) Survivor regions: 9->6(10)
[2025-01-07T20:39:48.646+0000][87259.012s][info][gc,heap     ] GC(3298) Old regions: 246->243
[2025-01-07T20:39:48.646+0000][87259.012s][info][gc,heap     ] GC(3298) Archive regions: 2->2
[2025-01-07T20:39:48.646+0000][87259.012s][info][gc,heap     ] GC(3298) Humongous regions: 49->49
[2025-01-07T20:39:48.646+0000][87259.012s][info][gc,metaspace] GC(3298) Metaspace: 498858K(507200K)->498858K(507200K) NonClass: 438269K(442560K)->438269K(442560K) Class: 60588K(64640K)->60588K(64640K)
[2025-01-07T20:39:48.646+0000][87259.012s][info][gc          ] GC(3298) Pause Young (Mixed) (G1 Evacuation Pause) 2967M->2389M(12288M) 44.233ms
[2025-01-07T20:39:48.646+0000][87259.012s][info][gc,cpu      ] GC(3298) User=0.25s Sys=0.00s Real=0.04s
[2025-01-07T20:39:59.938+0000][87270.304s][info][gc,start    ] GC(3299) Pause Young (Normal) (G1 Evacuation Pause)
[2025-01-07T20:39:59.938+0000][87270.304s][info][gc,task     ] GC(3299) Using 6 workers of 6 for evacuation
[2025-01-07T20:39:59.966+0000][87270.332s][info][gc,phases   ] GC(3299)   Pre Evacuate Collection Set: 0.2ms
[2025-01-07T20:39:59.966+0000][87270.332s][info][gc,phases   ] GC(3299)   Merge Heap Roots: 0.4ms
[2025-01-07T20:39:59.966+0000][87270.332s][info][gc,phases   ] GC(3299)   Evacuate Collection Set: 24.6ms
[2025-01-07T20:39:59.966+0000][87270.332s][info][gc,phases   ] GC(3299)   Post Evacuate Collection Set: 2.6ms
[2025-01-07T20:39:59.966+0000][87270.332s][info][gc,phases   ] GC(3299)   Other: 0.2ms
[2025-01-07T20:39:59.966+0000][87270.332s][info][gc,heap     ] GC(3299) Eden regions: 913->0(911)
[2025-01-07T20:39:59.966+0000][87270.332s][info][gc,heap     ] GC(3299) Survivor regions: 6->8(115)
[2025-01-07T20:39:59.966+0000][87270.332s][info][gc,heap     ] GC(3299) Old regions: 243->243
[2025-01-07T20:39:59.966+0000][87270.332s][info][gc,heap     ] GC(3299) Archive regions: 2->2
[2025-01-07T20:39:59.966+0000][87270.332s][info][gc,heap     ] GC(3299) Humongous regions: 49->49
[2025-01-07T20:39:59.966+0000][87270.332s][info][gc,metaspace] GC(3299) Metaspace: 498864K(507200K)->498864K(507200K) NonClass: 438275K(442560K)->438275K(442560K) Class: 60588K(64640K)->60588K(64640K)
[2025-01-07T20:39:59.966+0000][87270.332s][info][gc          ] GC(3299) Pause Young (Normal) (G1 Evacuation Pause) 9693M->2400M(12288M) 28.118ms
[2025-01-07T20:39:59.966+0000][87270.332s][info][gc,cpu      ] GC(3299) User=0.17s Sys=0.00s Real=0.03s
[2025-01-07T20:40:05.319+0000][87275.685s][info][gc,start    ] GC(3300) Pause Young (Normal) (G1 Evacuation Pause)
[2025-01-07T20:40:05.319+0000][87275.685s][info][gc,task     ] GC(3300) Using 6 workers of 6 for evacuation
[2025-01-07T20:40:05.351+0000][87275.718s][info][gc,phases   ] GC(3300)   Pre Evacuate Collection Set: 0.2ms
[2025-01-07T20:40:05.351+0000][87275.718s][info][gc,phases   ] GC(3300)   Merge Heap Roots: 0.4ms
[2025-01-07T20:40:05.351+0000][87275.718s][info][gc,phases   ] GC(3300)   Evacuate Collection Set: 29.3ms
[2025-01-07T20:40:05.351+0000][87275.718s][info][gc,phases   ] GC(3300)   Post Evacuate Collection Set: 2.4ms
[2025-01-07T20:40:05.351+0000][87275.718s][info][gc,phases   ] GC(3300)   Other: 0.2ms
[2025-01-07T20:40:05.351+0000][87275.718s][info][gc,heap     ] GC(3300) Eden regions: 911->0(904)
[2025-01-07T20:40:05.351+0000][87275.718s][info][gc,heap     ] GC(3300) Survivor regions: 8->12(115)
[2025-01-07T20:40:05.351+0000][87275.718s][info][gc,heap     ] GC(3300) Old regions: 243->243
[2025-01-07T20:40:05.351+0000][87275.718s][info][gc,heap     ] GC(3300) Archive regions: 2->2
[2025-01-07T20:40:05.352+0000][87275.718s][info][gc,heap     ] GC(3300) Humongous regions: 49->49
[2025-01-07T20:40:05.352+0000][87275.718s][info][gc,metaspace] GC(3300) Metaspace: 498864K(507200K)->498864K(507200K) NonClass: 438275K(442560K)->438275K(442560K) Class: 60588K(64640K)->60588K(64640K)
[2025-01-07T20:40:05.352+0000][87275.718s][info][gc          ] GC(3300) Pause Young (Normal) (G1 Evacuation Pause) 9688M->2434M(12288M) 32.633ms
[2025-01-07T20:40:05.352+0000][87275.718s][info][gc,cpu      ] GC(3300) User=0.19s Sys=0.00s Real=0.04s
[2025-01-07T20:40:11.431+0000][87281.798s][info][gc,start    ] GC(3301) Pause Young (Concurrent Start) (G1 Evacuation Pause)
[2025-01-07T20:40:11.431+0000][87281.798s][info][gc,task     ] GC(3301) Using 6 workers of 6 for evacuation
[2025-01-07T20:40:11.467+0000][87281.834s][info][gc,phases   ] GC(3301)   Pre Evacuate Collection Set: 1.0ms
[2025-01-07T20:40:11.467+0000][87281.834s][info][gc,phases   ] GC(3301)   Merge Heap Roots: 0.4ms
[2025-01-07T20:40:11.467+0000][87281.834s][info][gc,phases   ] GC(3301)   Evacuate Collection Set: 29.2ms
[2025-01-07T20:40:11.467+0000][87281.834s][info][gc,phases   ] GC(3301)   Post Evacuate Collection Set: 5.2ms
[2025-01-07T20:40:11.468+0000][87281.834s][info][gc,phases   ] GC(3301)   Other: 0.3ms
[2025-01-07T20:40:11.468+0000][87281.834s][info][gc,heap     ] GC(3301) Eden regions: 904->0(905)
[2025-01-07T20:40:11.468+0000][87281.834s][info][gc,heap     ] GC(3301) Survivor regions: 12->12(115)
[2025-01-07T20:40:11.468+0000][87281.834s][info][gc,heap     ] GC(3301) Old regions: 243->243
[2025-01-07T20:40:11.468+0000][87281.834s][info][gc,heap     ] GC(3301) Archive regions: 2->2
[2025-01-07T20:40:11.468+0000][87281.834s][info][gc,heap     ] GC(3301) Humongous regions: 49->49
[2025-01-07T20:40:11.468+0000][87281.834s][info][gc,metaspace] GC(3301) Metaspace: 498864K(507200K)->498864K(507200K) NonClass: 438275K(442560K)->438275K(442560K) Class: 60588K(64640K)->60588K(64640K)
[2025-01-07T20:40:11.468+0000][87281.834s][info][gc          ] GC(3301) Pause Young (Concurrent Start) (G1 Evacuation Pause) 9666M->2434M(12288M) 36.109ms
[2025-01-07T20:40:11.468+0000][87281.834s][info][gc,cpu      ] GC(3301) User=0.20s Sys=0.00s Real=0.03s
[2025-01-07T20:40:11.468+0000][87281.834s][info][gc          ] GC(3302) Concurrent Mark Cycle
[2025-01-07T20:40:11.468+0000][87281.834s][info][gc,marking  ] GC(3302) Concurrent Clear Claimed Marks
[2025-01-07T20:40:11.468+0000][87281.835s][info][gc,marking  ] GC(3302) Concurrent Clear Claimed Marks 0.803ms
[2025-01-07T20:40:11.468+0000][87281.835s][info][gc,marking  ] GC(3302) Concurrent Scan Root Regions
[2025-01-07T20:40:11.499+0000][87281.865s][info][gc,marking  ] GC(3302) Concurrent Scan Root Regions 30.238ms
[2025-01-07T20:40:11.499+0000][87281.865s][info][gc,marking  ] GC(3302) Concurrent Mark
[2025-01-07T20:40:11.499+0000][87281.865s][info][gc,marking  ] GC(3302) Concurrent Mark From Roots
[2025-01-07T20:40:11.499+0000][87281.865s][info][gc,task     ] GC(3302) Using 2 workers of 2 for marking
[2025-01-07T20:40:12.383+0000][87282.749s][info][gc,marking  ] GC(3302) Concurrent Mark From Roots 884.525ms
[2025-01-07T20:40:12.383+0000][87282.749s][info][gc,marking  ] GC(3302) Concurrent Preclean
[2025-01-07T20:40:12.386+0000][87282.752s][info][gc,marking  ] GC(3302) Concurrent Preclean 2.198ms
[2025-01-07T20:40:12.386+0000][87282.752s][info][gc,start    ] GC(3302) Pause Remark
[2025-01-07T20:40:12.411+0000][87282.777s][info][gc          ] GC(3302) Pause Remark 3546M->3546M(12288M) 25.539ms
[2025-01-07T20:40:12.411+0000][87282.777s][info][gc,cpu      ] GC(3302) User=0.15s Sys=0.00s Real=0.03s
[2025-01-07T20:40:12.411+0000][87282.777s][info][gc,marking  ] GC(3302) Concurrent Mark 912.564ms
[2025-01-07T20:40:12.411+0000][87282.777s][info][gc,marking  ] GC(3302) Concurrent Rebuild Remembered Sets
[2025-01-07T20:40:12.928+0000][87283.294s][info][gc,marking  ] GC(3302) Concurrent Rebuild Remembered Sets 516.529ms
[2025-01-07T20:40:12.928+0000][87283.294s][info][gc,start    ] GC(3302) Pause Cleanup
[2025-01-07T20:40:12.929+0000][87283.295s][info][gc          ] GC(3302) Pause Cleanup 4116M->4116M(12288M) 0.447ms
[2025-01-07T20:40:12.929+0000][87283.295s][info][gc,cpu      ] GC(3302) User=0.00s Sys=0.00s Real=0.00s
[2025-01-07T20:40:12.929+0000][87283.295s][info][gc,marking  ] GC(3302) Concurrent Cleanup for Next Mark
[2025-01-07T20:40:12.944+0000][87283.310s][info][gc,marking  ] GC(3302) Concurrent Cleanup for Next Mark 15.564ms
[2025-01-07T20:40:12.944+0000][87283.310s][info][gc          ] GC(3302) Concurrent Mark Cycle 1476.570ms
[2025-01-07T20:40:19.341+0000][87289.707s][info][gc,start    ] GC(3303) Pause Young (Prepare Mixed) (G1 Evacuation Pause)
[2025-01-07T20:40:19.341+0000][87289.707s][info][gc,task     ] GC(3303) Using 6 workers of 6 for evacuation
[2025-01-07T20:40:19.377+0000][87289.743s][info][gc,phases   ] GC(3303)   Pre Evacuate Collection Set: 0.2ms
[2025-01-07T20:40:19.377+0000][87289.743s][info][gc,phases   ] GC(3303)   Merge Heap Roots: 0.7ms
[2025-01-07T20:40:19.377+0000][87289.743s][info][gc,phases   ] GC(3303)   Evacuate Collection Set: 32.9ms
[2025-01-07T20:40:19.377+0000][87289.743s][info][gc,phases   ] GC(3303)   Post Evacuate Collection Set: 2.7ms
[2025-01-07T20:40:19.377+0000][87289.743s][info][gc,phases   ] GC(3303)   Other: 0.2ms
[2025-01-07T20:40:19.377+0000][87289.743s][info][gc,heap     ] GC(3303) Eden regions: 905->0(65)
[2025-01-07T20:40:19.377+0000][87289.743s][info][gc,heap     ] GC(3303) Survivor regions: 12->11(115)
[2025-01-07T20:40:19.377+0000][87289.743s][info][gc,heap     ] GC(3303) Old regions: 243->243
[2025-01-07T20:40:19.377+0000][87289.743s][info][gc,heap     ] GC(3303) Archive regions: 2->2
[2025-01-07T20:40:19.377+0000][87289.743s][info][gc,heap     ] GC(3303) Humongous regions: 49->49
[2025-01-07T20:40:19.377+0000][87289.743s][info][gc,metaspace] GC(3303) Metaspace: 498864K(507200K)->498864K(507200K) NonClass: 438275K(442560K)->438275K(442560K) Class: 60588K(64640K)->60588K(64640K)
[2025-01-07T20:40:19.377+0000][87289.743s][info][gc          ] GC(3303) Pause Young (Prepare Mixed) (G1 Evacuation Pause) 9674M->2429M(12288M) 36.711ms
[2025-01-07T20:40:19.377+0000][87289.743s][info][gc,cpu      ] GC(3303) User=0.21s Sys=0.00s Real=0.04s
[2025-01-07T20:40:20.101+0000][87290.467s][info][gc,start    ] GC(3304) Pause Young (Mixed) (G1 Evacuation Pause)
[2025-01-07T20:40:20.101+0000][87290.467s][info][gc,task     ] GC(3304) Using 6 workers of 6 for evacuation
[2025-01-07T20:40:20.161+0000][87290.527s][info][gc,phases   ] GC(3304)   Pre Evacuate Collection Set: 0.2ms
[2025-01-07T20:40:20.161+0000][87290.527s][info][gc,phases   ] GC(3304)   Merge Heap Roots: 0.6ms
[2025-01-07T20:40:20.161+0000][87290.527s][info][gc,phases   ] GC(3304)   Evacuate Collection Set: 57.2ms
[2025-01-07T20:40:20.161+0000][87290.527s][info][gc,phases   ] GC(3304)   Post Evacuate Collection Set: 1.9ms
[2025-01-07T20:40:20.161+0000][87290.527s][info][gc,phases   ] GC(3304)   Other: 0.2ms
[2025-01-07T20:40:20.161+0000][87290.527s][info][gc,heap     ] GC(3304) Eden regions: 65->0(912)
[2025-01-07T20:40:20.161+0000][87290.527s][info][gc,heap     ] GC(3304) Survivor regions: 11->5(10)
[2025-01-07T20:40:20.161+0000][87290.527s][info][gc,heap     ] GC(3304) Old regions: 243->244
[2025-01-07T20:40:20.161+0000][87290.527s][info][gc,heap     ] GC(3304) Archive regions: 2->2
[2025-01-07T20:40:20.161+0000][87290.527s][info][gc,heap     ] GC(3304) Humongous regions: 49->49
[2025-01-07T20:40:20.161+0000][87290.527s][info][gc,metaspace] GC(3304) Metaspace: 498864K(507200K)->498864K(507200K) NonClass: 438275K(442560K)->438275K(442560K) Class: 60588K(64640K)->60588K(64640K)
[2025-01-07T20:40:20.161+0000][87290.527s][info][gc          ] GC(3304) Pause Young (Mixed) (G1 Evacuation Pause) 2949M->2384M(12288M) 60.168ms
[2025-01-07T20:40:20.161+0000][87290.527s][info][gc,cpu      ] GC(3304) User=0.35s Sys=0.01s Real=0.06s
[2025-01-07T20:40:27.427+0000][87297.793s][info][gc,start    ] GC(3305) Pause Young (Normal) (G1 Evacuation Pause)
[2025-01-07T20:40:27.427+0000][87297.793s][info][gc,task     ] GC(3305) Using 6 workers of 6 for evacuation
[2025-01-07T20:40:27.454+0000][87297.820s][info][gc,phases   ] GC(3305)   Pre Evacuate Collection Set: 0.2ms
[2025-01-07T20:40:27.454+0000][87297.820s][info][gc,phases   ] GC(3305)   Merge Heap Roots: 0.4ms
[2025-01-07T20:40:27.454+0000][87297.820s][info][gc,phases   ] GC(3305)   Evacuate Collection Set: 22.0ms
[2025-01-07T20:40:27.454+0000][87297.820s][info][gc,phases   ] GC(3305)   Post Evacuate Collection Set: 3.9ms
[2025-01-07T20:40:27.454+0000][87297.820s][info][gc,phases   ] GC(3305)   Other: 0.2ms
[2025-01-07T20:40:27.454+0000][87297.820s][info][gc,heap     ] GC(3305) Eden regions: 912->0(910)
[2025-01-07T20:40:27.454+0000][87297.820s][info][gc,heap     ] GC(3305) Survivor regions: 5->7(115)
[2025-01-07T20:40:27.454+0000][87297.820s][info][gc,heap     ] GC(3305) Old regions: 244->244
[2025-01-07T20:40:27.454+0000][87297.820s][info][gc,heap     ] GC(3305) Archive regions: 2->2
[2025-01-07T20:40:27.454+0000][87297.820s][info][gc,heap     ] GC(3305) Humongous regions: 49->49
[2025-01-07T20:40:27.454+0000][87297.820s][info][gc,metaspace] GC(3305) Metaspace: 498864K(507200K)->498864K(507200K) NonClass: 438275K(442560K)->438275K(442560K) Class: 60588K(64640K)->60588K(64640K)
[2025-01-07T20:40:27.454+0000][87297.820s][info][gc          ] GC(3305) Pause Young (Normal) (G1 Evacuation Pause) 9680M->2397M(12288M) 26.838ms
[2025-01-07T20:40:27.454+0000][87297.820s][info][gc,cpu      ] GC(3305) User=0.15s Sys=0.00s Real=0.03s
[2025-01-07T20:40:36.586+0000][87306.952s][info][gc,start    ] GC(3306) Pause Young (Normal) (G1 Evacuation Pause)
[2025-01-07T20:40:36.586+0000][87306.952s][info][gc,task     ] GC(3306) Using 6 workers of 6 for evacuation
[2025-01-07T20:40:36.613+0000][87306.979s][info][gc,phases   ] GC(3306)   Pre Evacuate Collection Set: 0.2ms
[2025-01-07T20:40:36.613+0000][87306.979s][info][gc,phases   ] GC(3306)   Merge Heap Roots: 0.4ms
[2025-01-07T20:40:36.613+0000][87306.979s][info][gc,phases   ] GC(3306)   Evacuate Collection Set: 24.0ms
[2025-01-07T20:40:36.613+0000][87306.979s][info][gc,phases   ] GC(3306)   Post Evacuate Collection Set: 2.6ms
[2025-01-07T20:40:36.613+0000][87306.979s][info][gc,phases   ] GC(3306)   Other: 0.2ms
[2025-01-07T20:40:36.613+0000][87306.979s][info][gc,heap     ] GC(3306) Eden regions: 910->0(910)
[2025-01-07T20:40:36.613+0000][87306.979s][info][gc,heap     ] GC(3306) Survivor regions: 7->8(115)
[2025-01-07T20:40:36.613+0000][87306.979s][info][gc,heap     ] GC(3306) Old regions: 244->244
[2025-01-07T20:40:36.613+0000][87306.979s][info][gc,heap     ] GC(3306) Archive regions: 2->2
[2025-01-07T20:40:36.613+0000][87306.979s][info][gc,heap     ] GC(3306) Humongous regions: 49->49
[2025-01-07T20:40:36.613+0000][87306.979s][info][gc,metaspace] GC(3306) Metaspace: 498864K(507200K)->498864K(507200K) NonClass: 438275K(442560K)->438275K(442560K) Class: 60588K(64640K)->60588K(64640K)
[2025-01-07T20:40:36.613+0000][87306.979s][info][gc          ] GC(3306) Pause Young (Normal) (G1 Evacuation Pause) 9677M->2402M(12288M) 27.443ms
[2025-01-07T20:40:36.613+0000][87306.979s][info][gc,cpu      ] GC(3306) User=0.15s Sys=0.00s Real=0.03s
[2025-01-07T20:40:47.517+0000][87317.884s][info][gc,start    ] GC(3307) Pause Young (Concurrent Start) (G1 Evacuation Pause)
[2025-01-07T20:40:47.518+0000][87317.884s][info][gc,task     ] GC(3307) Using 6 workers of 6 for evacuation
[2025-01-07T20:40:47.552+0000][87317.919s][info][gc,phases   ] GC(3307)   Pre Evacuate Collection Set: 1.0ms
[2025-01-07T20:40:47.553+0000][87317.919s][info][gc,phases   ] GC(3307)   Merge Heap Roots: 0.4ms
[2025-01-07T20:40:47.553+0000][87317.919s][info][gc,phases   ] GC(3307)   Evacuate Collection Set: 30.6ms
[2025-01-07T20:40:47.553+0000][87317.919s][info][gc,phases   ] GC(3307)   Post Evacuate Collection Set: 2.7ms
[2025-01-07T20:40:47.553+0000][87317.919s][info][gc,phases   ] GC(3307)   Other: 0.3ms
[2025-01-07T20:40:47.553+0000][87317.919s][info][gc,heap     ] GC(3307) Eden regions: 910->0(907)
[2025-01-07T20:40:47.553+0000][87317.919s][info][gc,heap     ] GC(3307) Survivor regions: 8->10(115)
[2025-01-07T20:40:47.553+0000][87317.919s][info][gc,heap     ] GC(3307) Old regions: 244->244
[2025-01-07T20:40:47.553+0000][87317.919s][info][gc,heap     ] GC(3307) Archive regions: 2->2
[2025-01-07T20:40:47.553+0000][87317.919s][info][gc,heap     ] GC(3307) Humongous regions: 49->49
[2025-01-07T20:40:47.553+0000][87317.919s][info][gc,metaspace] GC(3307) Metaspace: 498864K(507200K)->498864K(507200K) NonClass: 438275K(442560K)->438275K(442560K) Class: 60588K(64640K)->60588K(64640K)
[2025-01-07T20:40:47.553+0000][87317.919s][info][gc          ] GC(3307) Pause Young (Concurrent Start) (G1 Evacuation Pause) 9682M->2420M(12288M) 35.102ms
[2025-01-07T20:40:47.553+0000][87317.919s][info][gc,cpu      ] GC(3307) User=0.21s Sys=0.00s Real=0.04s
[2025-01-07T20:40:47.553+0000][87317.919s][info][gc          ] GC(3308) Concurrent Mark Cycle
[2025-01-07T20:40:47.553+0000][87317.919s][info][gc,marking  ] GC(3308) Concurrent Clear Claimed Marks
[2025-01-07T20:40:47.554+0000][87317.920s][info][gc,marking  ] GC(3308) Concurrent Clear Claimed Marks 0.841ms
[2025-01-07T20:40:47.554+0000][87317.920s][info][gc,marking  ] GC(3308) Concurrent Scan Root Regions
[2025-01-07T20:40:47.578+0000][87317.944s][info][gc,marking  ] GC(3308) Concurrent Scan Root Regions 24.410ms
[2025-01-07T20:40:47.578+0000][87317.944s][info][gc,marking  ] GC(3308) Concurrent Mark
[2025-01-07T20:40:47.578+0000][87317.944s][info][gc,marking  ] GC(3308) Concurrent Mark From Roots
[2025-01-07T20:40:47.578+0000][87317.944s][info][gc,task     ] GC(3308) Using 2 workers of 2 for marking
[2025-01-07T20:40:48.405+0000][87318.771s][info][gc,marking  ] GC(3308) Concurrent Mark From Roots 826.706ms
[2025-01-07T20:40:48.405+0000][87318.771s][info][gc,marking  ] GC(3308) Concurrent Preclean
[2025-01-07T20:40:48.407+0000][87318.773s][info][gc,marking  ] GC(3308) Concurrent Preclean 2.127ms
[2025-01-07T20:40:48.407+0000][87318.773s][info][gc,start    ] GC(3308) Pause Remark
[2025-01-07T20:40:48.433+0000][87318.799s][info][gc          ] GC(3308) Pause Remark 3292M->3292M(12288M) 25.971ms
[2025-01-07T20:40:48.433+0000][87318.799s][info][gc,cpu      ] GC(3308) User=0.15s Sys=0.00s Real=0.03s
[2025-01-07T20:40:48.433+0000][87318.799s][info][gc,marking  ] GC(3308) Concurrent Mark 855.222ms
[2025-01-07T20:40:48.433+0000][87318.799s][info][gc,marking  ] GC(3308) Concurrent Rebuild Remembered Sets
[2025-01-07T20:40:48.936+0000][87319.302s][info][gc,marking  ] GC(3308) Concurrent Rebuild Remembered Sets 503.004ms
[2025-01-07T20:40:48.936+0000][87319.302s][info][gc,start    ] GC(3308) Pause Cleanup
[2025-01-07T20:40:48.937+0000][87319.303s][info][gc          ] GC(3308) Pause Cleanup 3944M->3944M(12288M) 0.440ms
[2025-01-07T20:40:48.937+0000][87319.303s][info][gc,cpu      ] GC(3308) User=0.00s Sys=0.00s Real=0.00s
[2025-01-07T20:40:48.937+0000][87319.303s][info][gc,marking  ] GC(3308) Concurrent Cleanup for Next Mark
[2025-01-07T20:40:48.952+0000][87319.319s][info][gc,marking  ] GC(3308) Concurrent Cleanup for Next Mark 15.491ms
[2025-01-07T20:40:48.952+0000][87319.319s][info][gc          ] GC(3308) Concurrent Mark Cycle 1399.842ms
[2025-01-07T20:40:52.519+0000][87322.885s][info][gc,start    ] GC(3309) Pause Young (Prepare Mixed) (G1 Evacuation Pause)
[2025-01-07T20:40:52.519+0000][87322.885s][info][gc,task     ] GC(3309) Using 6 workers of 6 for evacuation
[2025-01-07T20:40:52.552+0000][87322.918s][info][gc,phases   ] GC(3309)   Pre Evacuate Collection Set: 0.2ms
[2025-01-07T20:40:52.552+0000][87322.918s][info][gc,phases   ] GC(3309)   Merge Heap Roots: 0.6ms
[2025-01-07T20:40:52.552+0000][87322.918s][info][gc,phases   ] GC(3309)   Evacuate Collection Set: 29.8ms
[2025-01-07T20:40:52.552+0000][87322.918s][info][gc,phases   ] GC(3309)   Post Evacuate Collection Set: 2.6ms
[2025-01-07T20:40:52.552+0000][87322.918s][info][gc,phases   ] GC(3309)   Other: 0.2ms
[2025-01-07T20:40:52.552+0000][87322.918s][info][gc,heap     ] GC(3309) Eden regions: 907->0(66)
[2025-01-07T20:40:52.552+0000][87322.918s][info][gc,heap     ] GC(3309) Survivor regions: 10->10(115)
[2025-01-07T20:40:52.552+0000][87322.918s][info][gc,heap     ] GC(3309) Old regions: 244->244
[2025-01-07T20:40:52.552+0000][87322.918s][info][gc,heap     ] GC(3309) Archive regions: 2->2
[2025-01-07T20:40:52.552+0000][87322.918s][info][gc,heap     ] GC(3309) Humongous regions: 49->49
[2025-01-07T20:40:52.552+0000][87322.918s][info][gc,metaspace] GC(3309) Metaspace: 498864K(507200K)->498864K(507200K) NonClass: 438275K(442560K)->438275K(442560K) Class: 60588K(64640K)->60588K(64640K)
[2025-01-07T20:40:52.552+0000][87322.918s][info][gc          ] GC(3309) Pause Young (Prepare Mixed) (G1 Evacuation Pause) 9676M->2423M(12288M) 33.519ms
[2025-01-07T20:40:52.552+0000][87322.918s][info][gc,cpu      ] GC(3309) User=0.19s Sys=0.00s Real=0.04s
[2025-01-07T20:40:53.075+0000][87323.441s][info][gc,start    ] GC(3310) Pause Young (Mixed) (G1 Evacuation Pause)
[2025-01-07T20:40:53.075+0000][87323.441s][info][gc,task     ] GC(3310) Using 6 workers of 6 for evacuation
[2025-01-07T20:40:53.134+0000][87323.500s][info][gc,phases   ] GC(3310)   Pre Evacuate Collection Set: 0.2ms
[2025-01-07T20:40:53.134+0000][87323.500s][info][gc,phases   ] GC(3310)   Merge Heap Roots: 0.6ms
[2025-01-07T20:40:53.134+0000][87323.500s][info][gc,phases   ] GC(3310)   Evacuate Collection Set: 56.1ms
[2025-01-07T20:40:53.134+0000][87323.500s][info][gc,phases   ] GC(3310)   Post Evacuate Collection Set: 1.9ms
[2025-01-07T20:40:53.134+0000][87323.500s][info][gc,phases   ] GC(3310)   Other: 0.2ms
[2025-01-07T20:40:53.134+0000][87323.500s][info][gc,heap     ] GC(3310) Eden regions: 66->0(914)
[2025-01-07T20:40:53.134+0000][87323.500s][info][gc,heap     ] GC(3310) Survivor regions: 10->5(10)
[2025-01-07T20:40:53.134+0000][87323.500s][info][gc,heap     ] GC(3310) Old regions: 244->243
[2025-01-07T20:40:53.134+0000][87323.500s][info][gc,heap     ] GC(3310) Archive regions: 2->2
[2025-01-07T20:40:53.134+0000][87323.500s][info][gc,heap     ] GC(3310) Humongous regions: 49->49
[2025-01-07T20:40:53.134+0000][87323.500s][info][gc,metaspace] GC(3310) Metaspace: 498864K(507200K)->498864K(507200K) NonClass: 438275K(442560K)->438275K(442560K) Class: 60588K(64640K)->60588K(64640K)
[2025-01-07T20:40:53.134+0000][87323.500s][info][gc          ] GC(3310) Pause Young (Mixed) (G1 Evacuation Pause) 2951M->2381M(12288M) 59.087ms
[2025-01-07T20:40:53.134+0000][87323.500s][info][gc,cpu      ] GC(3310) User=0.34s Sys=0.00s Real=0.06s
[2025-01-07T20:41:01.279+0000][87331.645s][info][gc,start    ] GC(3311) Pause Young (Normal) (G1 Evacuation Pause)
[2025-01-07T20:41:01.279+0000][87331.645s][info][gc,task     ] GC(3311) Using 6 workers of 6 for evacuation
[2025-01-07T20:41:01.306+0000][87331.672s][info][gc,phases   ] GC(3311)   Pre Evacuate Collection Set: 0.2ms
[2025-01-07T20:41:01.306+0000][87331.672s][info][gc,phases   ] GC(3311)   Merge Heap Roots: 0.4ms
[2025-01-07T20:41:01.306+0000][87331.672s][info][gc,phases   ] GC(3311)   Evacuate Collection Set: 20.7ms
[2025-01-07T20:41:01.306+0000][87331.672s][info][gc,phases   ] GC(3311)   Post Evacuate Collection Set: 5.2ms
[2025-01-07T20:41:01.306+0000][87331.672s][info][gc,phases   ] GC(3311)   Other: 0.2ms
[2025-01-07T20:41:01.306+0000][87331.672s][info][gc,heap     ] GC(3311) Eden regions: 914->0(912)
[2025-01-07T20:41:01.306+0000][87331.672s][info][gc,heap     ] GC(3311) Survivor regions: 5->8(115)
[2025-01-07T20:41:01.306+0000][87331.672s][info][gc,heap     ] GC(3311) Old regions: 243->243
[2025-01-07T20:41:01.306+0000][87331.672s][info][gc,heap     ] GC(3311) Archive regions: 2->2
[2025-01-07T20:41:01.306+0000][87331.672s][info][gc,heap     ] GC(3311) Humongous regions: 49->49
[2025-01-07T20:41:01.306+0000][87331.672s][info][gc,metaspace] GC(3311) Metaspace: 498864K(507200K)->498864K(507200K) NonClass: 438275K(442560K)->438275K(442560K) Class: 60589K(64640K)->60589K(64640K)
[2025-01-07T20:41:01.306+0000][87331.672s][info][gc          ] GC(3311) Pause Young (Normal) (G1 Evacuation Pause) 9693M->2399M(12288M) 26.827ms
[2025-01-07T20:41:01.306+0000][87331.672s][info][gc,cpu      ] GC(3311) User=0.15s Sys=0.00s Real=0.03s
[2025-01-07T20:41:07.178+0000][87337.545s][info][gc,start    ] GC(3312) Pause Young (Normal) (G1 Evacuation Pause)
[2025-01-07T20:41:07.179+0000][87337.545s][info][gc,task     ] GC(3312) Using 6 workers of 6 for evacuation
[2025-01-07T20:41:07.204+0000][87337.570s][info][gc,phases   ] GC(3312)   Pre Evacuate Collection Set: 0.2ms
[2025-01-07T20:41:07.204+0000][87337.570s][info][gc,phases   ] GC(3312)   Merge Heap Roots: 0.4ms
[2025-01-07T20:41:07.204+0000][87337.570s][info][gc,phases   ] GC(3312)   Evacuate Collection Set: 21.7ms
[2025-01-07T20:41:07.204+0000][87337.570s][info][gc,phases   ] GC(3312)   Post Evacuate Collection Set: 2.6ms
[2025-01-07T20:41:07.204+0000][87337.570s][info][gc,phases   ] GC(3312)   Other: 0.2ms
[2025-01-07T20:41:07.204+0000][87337.570s][info][gc,heap     ] GC(3312) Eden regions: 912->0(913)
[2025-01-07T20:41:07.204+0000][87337.570s][info][gc,heap     ] GC(3312) Survivor regions: 8->7(115)
[2025-01-07T20:41:07.204+0000][87337.570s][info][gc,heap     ] GC(3312) Old regions: 243->243
[2025-01-07T20:41:07.204+0000][87337.570s][info][gc,heap     ] GC(3312) Archive regions: 2->2
[2025-01-07T20:41:07.204+0000][87337.570s][info][gc,heap     ] GC(3312) Humongous regions: 49->49
[2025-01-07T20:41:07.204+0000][87337.570s][info][gc,metaspace] GC(3312) Metaspace: 498864K(507200K)->498864K(507200K) NonClass: 438275K(442560K)->438275K(442560K) Class: 60589K(64640K)->60589K(64640K)
[2025-01-07T20:41:07.204+0000][87337.570s][info][gc          ] GC(3312) Pause Young (Normal) (G1 Evacuation Pause) 9695M->2398M(12288M) 25.193ms
[2025-01-07T20:41:07.204+0000][87337.570s][info][gc,cpu      ] GC(3312) User=0.15s Sys=0.00s Real=0.03s
[2025-01-07T20:41:13.672+0000][87344.038s][info][gc,start    ] GC(3313) Pause Young (Concurrent Start) (G1 Evacuation Pause)
[2025-01-07T20:41:13.672+0000][87344.038s][info][gc,task     ] GC(3313) Using 6 workers of 6 for evacuation
[2025-01-07T20:41:13.700+0000][87344.066s][info][gc,phases   ] GC(3313)   Pre Evacuate Collection Set: 1.0ms
[2025-01-07T20:41:13.700+0000][87344.066s][info][gc,phases   ] GC(3313)   Merge Heap Roots: 0.4ms
[2025-01-07T20:41:13.700+0000][87344.066s][info][gc,phases   ] GC(3313)   Evacuate Collection Set: 24.1ms
[2025-01-07T20:41:13.700+0000][87344.066s][info][gc,phases   ] GC(3313)   Post Evacuate Collection Set: 2.5ms
[2025-01-07T20:41:13.700+0000][87344.066s][info][gc,phases   ] GC(3313)   Other: 0.3ms
[2025-01-07T20:41:13.700+0000][87344.066s][info][gc,heap     ] GC(3313) Eden regions: 913->0(912)
[2025-01-07T20:41:13.700+0000][87344.066s][info][gc,heap     ] GC(3313) Survivor regions: 7->8(115)
[2025-01-07T20:41:13.700+0000][87344.066s][info][gc,heap     ] GC(3313) Old regions: 243->243
[2025-01-07T20:41:13.700+0000][87344.066s][info][gc,heap     ] GC(3313) Archive regions: 2->2
[2025-01-07T20:41:13.700+0000][87344.066s][info][gc,heap     ] GC(3313) Humongous regions: 49->49
[2025-01-07T20:41:13.700+0000][87344.066s][info][gc,metaspace] GC(3313) Metaspace: 498864K(507200K)->498864K(507200K) NonClass: 438275K(442560K)->438275K(442560K) Class: 60589K(64640K)->60589K(64640K)
[2025-01-07T20:41:13.700+0000][87344.066s][info][gc          ] GC(3313) Pause Young (Concurrent Start) (G1 Evacuation Pause) 9702M->2406M(12288M) 28.390ms
[2025-01-07T20:41:13.700+0000][87344.066s][info][gc,cpu      ] GC(3313) User=0.16s Sys=0.00s Real=0.02s
[2025-01-07T20:41:13.700+0000][87344.066s][info][gc          ] GC(3314) Concurrent Mark Cycle
[2025-01-07T20:41:13.700+0000][87344.066s][info][gc,marking  ] GC(3314) Concurrent Clear Claimed Marks
[2025-01-07T20:41:13.701+0000][87344.067s][info][gc,marking  ] GC(3314) Concurrent Clear Claimed Marks 0.815ms
[2025-01-07T20:41:13.701+0000][87344.067s][info][gc,marking  ] GC(3314) Concurrent Scan Root Regions
[2025-01-07T20:41:13.718+0000][87344.084s][info][gc,marking  ] GC(3314) Concurrent Scan Root Regions 17.221ms
[2025-01-07T20:41:13.718+0000][87344.084s][info][gc,marking  ] GC(3314) Concurrent Mark
[2025-01-07T20:41:13.718+0000][87344.084s][info][gc,marking  ] GC(3314) Concurrent Mark From Roots
[2025-01-07T20:41:13.718+0000][87344.084s][info][gc,task     ] GC(3314) Using 2 workers of 2 for marking
[2025-01-07T20:41:14.555+0000][87344.921s][info][gc,marking  ] GC(3314) Concurrent Mark From Roots 836.976ms
[2025-01-07T20:41:14.555+0000][87344.921s][info][gc,marking  ] GC(3314) Concurrent Preclean
[2025-01-07T20:41:14.558+0000][87344.924s][info][gc,marking  ] GC(3314) Concurrent Preclean 2.889ms
[2025-01-07T20:41:14.558+0000][87344.924s][info][gc,start    ] GC(3314) Pause Remark
[2025-01-07T20:41:14.584+0000][87344.950s][info][gc          ] GC(3314) Pause Remark 3654M->3654M(12288M) 25.422ms
[2025-01-07T20:41:14.584+0000][87344.950s][info][gc,cpu      ] GC(3314) User=0.15s Sys=0.00s Real=0.03s
[2025-01-07T20:41:14.584+0000][87344.950s][info][gc,marking  ] GC(3314) Concurrent Mark 865.695ms
[2025-01-07T20:41:14.584+0000][87344.950s][info][gc,marking  ] GC(3314) Concurrent Rebuild Remembered Sets
[2025-01-07T20:41:15.148+0000][87345.515s][info][gc,marking  ] GC(3314) Concurrent Rebuild Remembered Sets 564.507ms
[2025-01-07T20:41:15.149+0000][87345.515s][info][gc,start    ] GC(3314) Pause Cleanup
[2025-01-07T20:41:15.149+0000][87345.515s][info][gc          ] GC(3314) Pause Cleanup 4582M->4582M(12288M) 0.430ms
[2025-01-07T20:41:15.149+0000][87345.515s][info][gc,cpu      ] GC(3314) User=0.00s Sys=0.00s Real=0.00s
[2025-01-07T20:41:15.149+0000][87345.515s][info][gc,marking  ] GC(3314) Concurrent Cleanup for Next Mark
[2025-01-07T20:41:15.166+0000][87345.532s][info][gc,marking  ] GC(3314) Concurrent Cleanup for Next Mark 16.669ms
[2025-01-07T20:41:15.166+0000][87345.532s][info][gc          ] GC(3314) Concurrent Mark Cycle 1465.836ms
[2025-01-07T20:41:18.256+0000][87348.622s][info][gc,start    ] GC(3315) Pause Young (Prepare Mixed) (G1 Evacuation Pause)
[2025-01-07T20:41:18.256+0000][87348.622s][info][gc,task     ] GC(3315) Using 6 workers of 6 for evacuation
[2025-01-07T20:41:18.289+0000][87348.655s][info][gc,phases   ] GC(3315)   Pre Evacuate Collection Set: 0.2ms
[2025-01-07T20:41:18.289+0000][87348.655s][info][gc,phases   ] GC(3315)   Merge Heap Roots: 0.6ms
[2025-01-07T20:41:18.289+0000][87348.655s][info][gc,phases   ] GC(3315)   Evacuate Collection Set: 28.3ms
[2025-01-07T20:41:18.289+0000][87348.655s][info][gc,phases   ] GC(3315)   Post Evacuate Collection Set: 3.9ms
[2025-01-07T20:41:18.289+0000][87348.655s][info][gc,phases   ] GC(3315)   Other: 0.2ms
[2025-01-07T20:41:18.289+0000][87348.655s][info][gc,heap     ] GC(3315) Eden regions: 912->0(66)
[2025-01-07T20:41:18.289+0000][87348.655s][info][gc,heap     ] GC(3315) Survivor regions: 8->10(115)
[2025-01-07T20:41:18.289+0000][87348.655s][info][gc,heap     ] GC(3315) Old regions: 243->243
[2025-01-07T20:41:18.289+0000][87348.655s][info][gc,heap     ] GC(3315) Archive regions: 2->2
[2025-01-07T20:41:18.289+0000][87348.655s][info][gc,heap     ] GC(3315) Humongous regions: 49->49
[2025-01-07T20:41:18.289+0000][87348.655s][info][gc,metaspace] GC(3315) Metaspace: 498864K(507200K)->498864K(507200K) NonClass: 438275K(442560K)->438275K(442560K) Class: 60589K(64640K)->60589K(64640K)
[2025-01-07T20:41:18.289+0000][87348.655s][info][gc          ] GC(3315) Pause Young (Prepare Mixed) (G1 Evacuation Pause) 9702M->2421M(12288M) 33.350ms
[2025-01-07T20:41:18.289+0000][87348.655s][info][gc,cpu      ] GC(3315) User=0.19s Sys=0.01s Real=0.03s
[2025-01-07T20:41:18.576+0000][87348.942s][info][gc,start    ] GC(3316) Pause Young (Mixed) (G1 Evacuation Pause)
[2025-01-07T20:41:18.576+0000][87348.942s][info][gc,task     ] GC(3316) Using 6 workers of 6 for evacuation
[2025-01-07T20:41:18.641+0000][87349.007s][info][gc,phases   ] GC(3316)   Pre Evacuate Collection Set: 0.2ms
[2025-01-07T20:41:18.641+0000][87349.007s][info][gc,phases   ] GC(3316)   Merge Heap Roots: 0.7ms
[2025-01-07T20:41:18.641+0000][87349.007s][info][gc,phases   ] GC(3316)   Evacuate Collection Set: 61.9ms
[2025-01-07T20:41:18.641+0000][87349.007s][info][gc,phases   ] GC(3316)   Post Evacuate Collection Set: 2.1ms
[2025-01-07T20:41:18.641+0000][87349.007s][info][gc,phases   ] GC(3316)   Other: 0.2ms
[2025-01-07T20:41:18.641+0000][87349.007s][info][gc,heap     ] GC(3316) Eden regions: 66->0(915)
[2025-01-07T20:41:18.641+0000][87349.007s][info][gc,heap     ] GC(3316) Survivor regions: 10->5(10)
[2025-01-07T20:41:18.641+0000][87349.007s][info][gc,heap     ] GC(3316) Old regions: 243->244
[2025-01-07T20:41:18.641+0000][87349.007s][info][gc,heap     ] GC(3316) Archive regions: 2->2
[2025-01-07T20:41:18.641+0000][87349.007s][info][gc,heap     ] GC(3316) Humongous regions: 49->49
[2025-01-07T20:41:18.641+0000][87349.007s][info][gc,metaspace] GC(3316) Metaspace: 498864K(507200K)->498864K(507200K) NonClass: 438275K(442560K)->438275K(442560K) Class: 60589K(64640K)->60589K(64640K)
[2025-01-07T20:41:18.641+0000][87349.007s][info][gc          ] GC(3316) Pause Young (Mixed) (G1 Evacuation Pause) 2949M->2386M(12288M) 65.126ms
[2025-01-07T20:41:18.641+0000][87349.007s][info][gc,cpu      ] GC(3316) User=0.36s Sys=0.00s Real=0.06s
[2025-01-07T20:41:25.807+0000][87356.173s][info][gc,start    ] GC(3317) Pause Young (Normal) (G1 Evacuation Pause)
[2025-01-07T20:41:25.807+0000][87356.173s][info][gc,task     ] GC(3317) Using 6 workers of 6 for evacuation
[2025-01-07T20:41:25.829+0000][87356.195s][info][gc,phases   ] GC(3317)   Pre Evacuate Collection Set: 0.2ms
[2025-01-07T20:41:25.829+0000][87356.196s][info][gc,phases   ] GC(3317)   Merge Heap Roots: 0.4ms
[2025-01-07T20:41:25.829+0000][87356.196s][info][gc,phases   ] GC(3317)   Evacuate Collection Set: 18.8ms
[2025-01-07T20:41:25.829+0000][87356.196s][info][gc,phases   ] GC(3317)   Post Evacuate Collection Set: 2.6ms
[2025-01-07T20:41:25.829+0000][87356.196s][info][gc,phases   ] GC(3317)   Other: 0.2ms
[2025-01-07T20:41:25.829+0000][87356.196s][info][gc,heap     ] GC(3317) Eden regions: 915->0(914)
[2025-01-07T20:41:25.829+0000][87356.196s][info][gc,heap     ] GC(3317) Survivor regions: 5->6(115)
[2025-01-07T20:41:25.829+0000][87356.196s][info][gc,heap     ] GC(3317) Old regions: 244->244
[2025-01-07T20:41:25.829+0000][87356.196s][info][gc,heap     ] GC(3317) Archive regions: 2->2
[2025-01-07T20:41:25.829+0000][87356.196s][info][gc,heap     ] GC(3317) Humongous regions: 49->49
[2025-01-07T20:41:25.829+0000][87356.196s][info][gc,metaspace] GC(3317) Metaspace: 498864K(507200K)->498864K(507200K) NonClass: 438275K(442560K)->438275K(442560K) Class: 60589K(64640K)->60589K(64640K)
[2025-01-07T20:41:25.830+0000][87356.196s][info][gc          ] GC(3317) Pause Young (Normal) (G1 Evacuation Pause) 9706M->2389M(12288M) 22.267ms
[2025-01-07T20:41:25.830+0000][87356.196s][info][gc,cpu      ] GC(3317) User=0.13s Sys=0.00s Real=0.03s
[2025-01-07T20:41:34.154+0000][87364.520s][info][gc,start    ] GC(3318) Pause Young (Normal) (G1 Evacuation Pause)
[2025-01-07T20:41:34.154+0000][87364.520s][info][gc,task     ] GC(3318) Using 6 workers of 6 for evacuation
[2025-01-07T20:41:34.177+0000][87364.543s][info][gc,phases   ] GC(3318)   Pre Evacuate Collection Set: 0.2ms
[2025-01-07T20:41:34.177+0000][87364.543s][info][gc,phases   ] GC(3318)   Merge Heap Roots: 0.4ms
[2025-01-07T20:41:34.177+0000][87364.543s][info][gc,phases   ] GC(3318)   Evacuate Collection Set: 20.2ms
[2025-01-07T20:41:34.177+0000][87364.543s][info][gc,phases   ] GC(3318)   Post Evacuate Collection Set: 2.6ms
[2025-01-07T20:41:34.177+0000][87364.543s][info][gc,phases   ] GC(3318)   Other: 0.2ms
[2025-01-07T20:41:34.177+0000][87364.543s][info][gc,heap     ] GC(3318) Eden regions: 914->0(913)
[2025-01-07T20:41:34.177+0000][87364.543s][info][gc,heap     ] GC(3318) Survivor regions: 6->7(115)
[2025-01-07T20:41:34.177+0000][87364.543s][info][gc,heap     ] GC(3318) Old regions: 244->244
[2025-01-07T20:41:34.177+0000][87364.543s][info][gc,heap     ] GC(3318) Archive regions: 2->2
[2025-01-07T20:41:34.177+0000][87364.543s][info][gc,heap     ] GC(3318) Humongous regions: 49->49
[2025-01-07T20:41:34.177+0000][87364.543s][info][gc,metaspace] GC(3318) Metaspace: 498864K(507200K)->498864K(507200K) NonClass: 438275K(442560K)->438275K(442560K) Class: 60589K(64640K)->60589K(64640K)
[2025-01-07T20:41:34.177+0000][87364.543s][info][gc          ] GC(3318) Pause Young (Normal) (G1 Evacuation Pause) 9701M->2398M(12288M) 23.658ms
[2025-01-07T20:41:34.177+0000][87364.543s][info][gc,cpu      ] GC(3318) User=0.13s Sys=0.00s Real=0.02s
[2025-01-07T20:41:45.080+0000][87375.446s][info][gc,start    ] GC(3319) Pause Young (Concurrent Start) (G1 Evacuation Pause)
[2025-01-07T20:41:45.080+0000][87375.446s][info][gc,task     ] GC(3319) Using 6 workers of 6 for evacuation
[2025-01-07T20:41:45.109+0000][87375.475s][info][gc,phases   ] GC(3319)   Pre Evacuate Collection Set: 1.0ms
[2025-01-07T20:41:45.109+0000][87375.475s][info][gc,phases   ] GC(3319)   Merge Heap Roots: 0.4ms
[2025-01-07T20:41:45.109+0000][87375.475s][info][gc,phases   ] GC(3319)   Evacuate Collection Set: 24.3ms
[2025-01-07T20:41:45.109+0000][87375.475s][info][gc,phases   ] GC(3319)   Post Evacuate Collection Set: 2.6ms
[2025-01-07T20:41:45.109+0000][87375.475s][info][gc,phases   ] GC(3319)   Other: 0.3ms
[2025-01-07T20:41:45.109+0000][87375.475s][info][gc,heap     ] GC(3319) Eden regions: 913->0(912)
[2025-01-07T20:41:45.109+0000][87375.475s][info][gc,heap     ] GC(3319) Survivor regions: 7->8(115)
[2025-01-07T20:41:45.109+0000][87375.475s][info][gc,heap     ] GC(3319) Old regions: 244->244
[2025-01-07T20:41:45.109+0000][87375.475s][info][gc,heap     ] GC(3319) Archive regions: 2->2
[2025-01-07T20:41:45.109+0000][87375.475s][info][gc,heap     ] GC(3319) Humongous regions: 49->49
[2025-01-07T20:41:45.109+0000][87375.475s][info][gc,metaspace] GC(3319) Metaspace: 498864K(507200K)->498864K(507200K) NonClass: 438275K(442560K)->438275K(442560K) Class: 60589K(64640K)->60589K(64640K)
[2025-01-07T20:41:45.109+0000][87375.475s][info][gc          ] GC(3319) Pause Young (Concurrent Start) (G1 Evacuation Pause) 9702M->2410M(12288M) 28.684ms
[2025-01-07T20:41:45.109+0000][87375.475s][info][gc,cpu      ] GC(3319) User=0.16s Sys=0.00s Real=0.03s
[2025-01-07T20:41:45.109+0000][87375.475s][info][gc          ] GC(3320) Concurrent Mark Cycle
[2025-01-07T20:41:45.109+0000][87375.475s][info][gc,marking  ] GC(3320) Concurrent Clear Claimed Marks
[2025-01-07T20:41:45.109+0000][87375.476s][info][gc,marking  ] GC(3320) Concurrent Clear Claimed Marks 0.751ms
[2025-01-07T20:41:45.109+0000][87375.476s][info][gc,marking  ] GC(3320) Concurrent Scan Root Regions
[2025-01-07T20:41:45.129+0000][87375.495s][info][gc,marking  ] GC(3320) Concurrent Scan Root Regions 19.571ms
[2025-01-07T20:41:45.129+0000][87375.495s][info][gc,marking  ] GC(3320) Concurrent Mark
[2025-01-07T20:41:45.129+0000][87375.495s][info][gc,marking  ] GC(3320) Concurrent Mark From Roots
[2025-01-07T20:41:45.129+0000][87375.495s][info][gc,task     ] GC(3320) Using 2 workers of 2 for marking
[2025-01-07T20:41:46.086+0000][87376.452s][info][gc,marking  ] GC(3320) Concurrent Mark From Roots 956.474ms
[2025-01-07T20:41:46.086+0000][87376.452s][info][gc,marking  ] GC(3320) Concurrent Preclean
[2025-01-07T20:41:46.088+0000][87376.454s][info][gc,marking  ] GC(3320) Concurrent Preclean 1.984ms
[2025-01-07T20:41:46.088+0000][87376.454s][info][gc,start    ] GC(3320) Pause Remark
[2025-01-07T20:41:46.113+0000][87376.479s][info][gc          ] GC(3320) Pause Remark 3550M->3550M(12288M) 25.351ms
[2025-01-07T20:41:46.113+0000][87376.479s][info][gc,cpu      ] GC(3320) User=0.14s Sys=0.00s Real=0.03s
[2025-01-07T20:41:46.113+0000][87376.479s][info][gc,marking  ] GC(3320) Concurrent Mark 984.156ms
[2025-01-07T20:41:46.113+0000][87376.479s][info][gc,marking  ] GC(3320) Concurrent Rebuild Remembered Sets
[2025-01-07T20:41:46.601+0000][87376.967s][info][gc,marking  ] GC(3320) Concurrent Rebuild Remembered Sets 487.547ms
[2025-01-07T20:41:46.601+0000][87376.967s][info][gc,start    ] GC(3320) Pause Cleanup
[2025-01-07T20:41:46.601+0000][87376.968s][info][gc          ] GC(3320) Pause Cleanup 4050M->4050M(12288M) 0.432ms
[2025-01-07T20:41:46.602+0000][87376.968s][info][gc,cpu      ] GC(3320) User=0.00s Sys=0.00s Real=0.01s
[2025-01-07T20:41:46.602+0000][87376.968s][info][gc,marking  ] GC(3320) Concurrent Cleanup for Next Mark
[2025-01-07T20:41:46.618+0000][87376.984s][info][gc,marking  ] GC(3320) Concurrent Cleanup for Next Mark 16.183ms
[2025-01-07T20:41:46.618+0000][87376.984s][info][gc          ] GC(3320) Concurrent Mark Cycle 1509.102ms
[2025-01-07T20:41:52.968+0000][87383.334s][info][gc,start    ] GC(3321) Pause Young (Prepare Mixed) (G1 Evacuation Pause)
[2025-01-07T20:41:52.968+0000][87383.334s][info][gc,task     ] GC(3321) Using 6 workers of 6 for evacuation
[2025-01-07T20:41:52.999+0000][87383.365s][info][gc,phases   ] GC(3321)   Pre Evacuate Collection Set: 0.2ms
[2025-01-07T20:41:52.999+0000][87383.365s][info][gc,phases   ] GC(3321)   Merge Heap Roots: 0.7ms
[2025-01-07T20:41:52.999+0000][87383.365s][info][gc,phases   ] GC(3321)   Evacuate Collection Set: 27.5ms
[2025-01-07T20:41:52.999+0000][87383.365s][info][gc,phases   ] GC(3321)   Post Evacuate Collection Set: 2.7ms
[2025-01-07T20:41:52.999+0000][87383.365s][info][gc,phases   ] GC(3321)   Other: 0.2ms
[2025-01-07T20:41:52.999+0000][87383.365s][info][gc,heap     ] GC(3321) Eden regions: 912->0(67)
[2025-01-07T20:41:52.999+0000][87383.365s][info][gc,heap     ] GC(3321) Survivor regions: 8->9(115)
[2025-01-07T20:41:52.999+0000][87383.365s][info][gc,heap     ] GC(3321) Old regions: 244->244
[2025-01-07T20:41:52.999+0000][87383.365s][info][gc,heap     ] GC(3321) Archive regions: 2->2
[2025-01-07T20:41:52.999+0000][87383.365s][info][gc,heap     ] GC(3321) Humongous regions: 49->49
[2025-01-07T20:41:52.999+0000][87383.365s][info][gc,metaspace] GC(3321) Metaspace: 498864K(507200K)->498864K(507200K) NonClass: 438275K(442560K)->438275K(442560K) Class: 60589K(64640K)->60589K(64640K)
[2025-01-07T20:41:52.999+0000][87383.365s][info][gc          ] GC(3321) Pause Young (Prepare Mixed) (G1 Evacuation Pause) 9706M->2419M(12288M) 31.292ms
[2025-01-07T20:41:52.999+0000][87383.365s][info][gc,cpu      ] GC(3321) User=0.18s Sys=0.00s Real=0.03s
[2025-01-07T20:41:53.387+0000][87383.753s][info][gc,start    ] GC(3322) Pause Young (Mixed) (G1 Evacuation Pause)
[2025-01-07T20:41:53.387+0000][87383.753s][info][gc,task     ] GC(3322) Using 6 workers of 6 for evacuation
[2025-01-07T20:41:53.444+0000][87383.810s][info][gc,phases   ] GC(3322)   Pre Evacuate Collection Set: 0.2ms
[2025-01-07T20:41:53.444+0000][87383.810s][info][gc,phases   ] GC(3322)   Merge Heap Roots: 0.6ms
[2025-01-07T20:41:53.444+0000][87383.810s][info][gc,phases   ] GC(3322)   Evacuate Collection Set: 54.8ms
[2025-01-07T20:41:53.444+0000][87383.810s][info][gc,phases   ] GC(3322)   Post Evacuate Collection Set: 1.9ms
[2025-01-07T20:41:53.444+0000][87383.810s][info][gc,phases   ] GC(3322)   Other: 0.2ms
[2025-01-07T20:41:53.444+0000][87383.810s][info][gc,heap     ] GC(3322) Eden regions: 67->0(914)
[2025-01-07T20:41:53.444+0000][87383.810s][info][gc,heap     ] GC(3322) Survivor regions: 9->6(10)
[2025-01-07T20:41:53.444+0000][87383.810s][info][gc,heap     ] GC(3322) Old regions: 244->244
[2025-01-07T20:41:53.444+0000][87383.810s][info][gc,heap     ] GC(3322) Archive regions: 2->2
[2025-01-07T20:41:53.444+0000][87383.810s][info][gc,heap     ] GC(3322) Humongous regions: 49->49
[2025-01-07T20:41:53.444+0000][87383.810s][info][gc,metaspace] GC(3322) Metaspace: 498864K(507200K)->498864K(507200K) NonClass: 438275K(442560K)->438275K(442560K) Class: 60589K(64640K)->60589K(64640K)
[2025-01-07T20:41:53.444+0000][87383.811s][info][gc          ] GC(3322) Pause Young (Mixed) (G1 Evacuation Pause) 2955M->2391M(12288M) 57.765ms
[2025-01-07T20:41:53.444+0000][87383.811s][info][gc,cpu      ] GC(3322) User=0.33s Sys=0.00s Real=0.06s
[2025-01-07T20:42:00.716+0000][87391.083s][info][gc,start    ] GC(3323) Pause Young (Normal) (G1 Evacuation Pause)
[2025-01-07T20:42:00.717+0000][87391.083s][info][gc,task     ] GC(3323) Using 6 workers of 6 for evacuation
[2025-01-07T20:42:00.744+0000][87391.110s][info][gc,phases   ] GC(3323)   Pre Evacuate Collection Set: 0.2ms
[2025-01-07T20:42:00.744+0000][87391.110s][info][gc,phases   ] GC(3323)   Merge Heap Roots: 0.4ms
[2025-01-07T20:42:00.744+0000][87391.110s][info][gc,phases   ] GC(3323)   Evacuate Collection Set: 21.1ms
[2025-01-07T20:42:00.744+0000][87391.110s][info][gc,phases   ] GC(3323)   Post Evacuate Collection Set: 5.4ms
[2025-01-07T20:42:00.744+0000][87391.110s][info][gc,phases   ] GC(3323)   Other: 0.2ms
[2025-01-07T20:42:00.744+0000][87391.110s][info][gc,heap     ] GC(3323) Eden regions: 914->0(913)
[2025-01-07T20:42:00.744+0000][87391.110s][info][gc,heap     ] GC(3323) Survivor regions: 6->7(115)
[2025-01-07T20:42:00.744+0000][87391.110s][info][gc,heap     ] GC(3323) Old regions: 244->244
[2025-01-07T20:42:00.744+0000][87391.110s][info][gc,heap     ] GC(3323) Archive regions: 2->2
[2025-01-07T20:42:00.744+0000][87391.110s][info][gc,heap     ] GC(3323) Humongous regions: 49->49
[2025-01-07T20:42:00.744+0000][87391.110s][info][gc,metaspace] GC(3323) Metaspace: 498864K(507200K)->498864K(507200K) NonClass: 438275K(442560K)->438275K(442560K) Class: 60589K(64640K)->60589K(64640K)
[2025-01-07T20:42:00.744+0000][87391.110s][info][gc          ] GC(3323) Pause Young (Normal) (G1 Evacuation Pause) 9703M->2404M(12288M) 27.450ms
[2025-01-07T20:42:00.744+0000][87391.110s][info][gc,cpu      ] GC(3323) User=0.16s Sys=0.00s Real=0.03s
[2025-01-07T20:42:06.644+0000][87397.010s][info][gc,start    ] GC(3324) Pause Young (Normal) (G1 Evacuation Pause)
[2025-01-07T20:42:06.644+0000][87397.010s][info][gc,task     ] GC(3324) Using 6 workers of 6 for evacuation
[2025-01-07T20:42:06.671+0000][87397.037s][info][gc,phases   ] GC(3324)   Pre Evacuate Collection Set: 0.2ms
[2025-01-07T20:42:06.671+0000][87397.037s][info][gc,phases   ] GC(3324)   Merge Heap Roots: 0.4ms
[2025-01-07T20:42:06.671+0000][87397.037s][info][gc,phases   ] GC(3324)   Evacuate Collection Set: 23.3ms
[2025-01-07T20:42:06.671+0000][87397.037s][info][gc,phases   ] GC(3324)   Post Evacuate Collection Set: 2.6ms
[2025-01-07T20:42:06.671+0000][87397.037s][info][gc,phases   ] GC(3324)   Other: 0.2ms
[2025-01-07T20:42:06.671+0000][87397.037s][info][gc,heap     ] GC(3324) Eden regions: 913->0(913)
[2025-01-07T20:42:06.671+0000][87397.037s][info][gc,heap     ] GC(3324) Survivor regions: 7->7(115)
[2025-01-07T20:42:06.671+0000][87397.037s][info][gc,heap     ] GC(3324) Old regions: 244->244
[2025-01-07T20:42:06.671+0000][87397.037s][info][gc,heap     ] GC(3324) Archive regions: 2->2
[2025-01-07T20:42:06.671+0000][87397.037s][info][gc,heap     ] GC(3324) Humongous regions: 49->49
[2025-01-07T20:42:06.671+0000][87397.037s][info][gc,metaspace] GC(3324) Metaspace: 498864K(507200K)->498864K(507200K) NonClass: 438275K(442560K)->438275K(442560K) Class: 60589K(64640K)->60589K(64640K)
[2025-01-07T20:42:06.671+0000][87397.037s][info][gc          ] GC(3324) Pause Young (Normal) (G1 Evacuation Pause) 9708M->2400M(12288M) 26.803ms
[2025-01-07T20:42:06.671+0000][87397.037s][info][gc,cpu      ] GC(3324) User=0.15s Sys=0.00s Real=0.03s
[2025-01-07T20:42:12.279+0000][87402.645s][info][gc,start    ] GC(3325) Pause Young (Concurrent Start) (G1 Evacuation Pause)
[2025-01-07T20:42:12.279+0000][87402.645s][info][gc,task     ] GC(3325) Using 6 workers of 6 for evacuation
[2025-01-07T20:42:12.308+0000][87402.674s][info][gc,phases   ] GC(3325)   Pre Evacuate Collection Set: 1.0ms
[2025-01-07T20:42:12.308+0000][87402.674s][info][gc,phases   ] GC(3325)   Merge Heap Roots: 0.4ms
[2025-01-07T20:42:12.308+0000][87402.674s][info][gc,phases   ] GC(3325)   Evacuate Collection Set: 23.4ms
[2025-01-07T20:42:12.308+0000][87402.674s][info][gc,phases   ] GC(3325)   Post Evacuate Collection Set: 3.8ms
[2025-01-07T20:42:12.308+0000][87402.674s][info][gc,phases   ] GC(3325)   Other: 0.3ms
[2025-01-07T20:42:12.308+0000][87402.674s][info][gc,heap     ] GC(3325) Eden regions: 913->0(912)
[2025-01-07T20:42:12.308+0000][87402.674s][info][gc,heap     ] GC(3325) Survivor regions: 7->8(115)
[2025-01-07T20:42:12.308+0000][87402.674s][info][gc,heap     ] GC(3325) Old regions: 244->244
[2025-01-07T20:42:12.308+0000][87402.674s][info][gc,heap     ] GC(3325) Archive regions: 2->2
[2025-01-07T20:42:12.308+0000][87402.674s][info][gc,heap     ] GC(3325) Humongous regions: 49->49
[2025-01-07T20:42:12.308+0000][87402.674s][info][gc,metaspace] GC(3325) Metaspace: 498864K(507200K)->498864K(507200K) NonClass: 438275K(442560K)->438275K(442560K) Class: 60589K(64640K)->60589K(64640K)
[2025-01-07T20:42:12.308+0000][87402.674s][info][gc          ] GC(3325) Pause Young (Concurrent Start) (G1 Evacuation Pause) 9704M->2411M(12288M) 28.959ms
[2025-01-07T20:42:12.308+0000][87402.674s][info][gc,cpu      ] GC(3325) User=0.16s Sys=0.00s Real=0.03s
[2025-01-07T20:42:12.308+0000][87402.674s][info][gc          ] GC(3326) Concurrent Mark Cycle
[2025-01-07T20:42:12.308+0000][87402.674s][info][gc,marking  ] GC(3326) Concurrent Clear Claimed Marks
[2025-01-07T20:42:12.309+0000][87402.675s][info][gc,marking  ] GC(3326) Concurrent Clear Claimed Marks 0.793ms
[2025-01-07T20:42:12.309+0000][87402.675s][info][gc,marking  ] GC(3326) Concurrent Scan Root Regions
[2025-01-07T20:42:12.330+0000][87402.697s][info][gc,marking  ] GC(3326) Concurrent Scan Root Regions 21.525ms
[2025-01-07T20:42:12.330+0000][87402.697s][info][gc,marking  ] GC(3326) Concurrent Mark
[2025-01-07T20:42:12.330+0000][87402.697s][info][gc,marking  ] GC(3326) Concurrent Mark From Roots
[2025-01-07T20:42:12.330+0000][87402.697s][info][gc,task     ] GC(3326) Using 2 workers of 2 for marking
[2025-01-07T20:42:13.424+0000][87403.790s][info][gc,marking  ] GC(3326) Concurrent Mark From Roots 1093.784ms
[2025-01-07T20:42:13.424+0000][87403.790s][info][gc,marking  ] GC(3326) Concurrent Preclean
[2025-01-07T20:42:13.426+0000][87403.792s][info][gc,marking  ] GC(3326) Concurrent Preclean 1.883ms
[2025-01-07T20:42:13.426+0000][87403.792s][info][gc,start    ] GC(3326) Pause Remark
[2025-01-07T20:42:13.452+0000][87403.818s][info][gc          ] GC(3326) Pause Remark 4051M->4051M(12288M) 25.647ms
[2025-01-07T20:42:13.452+0000][87403.818s][info][gc,cpu      ] GC(3326) User=0.15s Sys=0.00s Real=0.03s
[2025-01-07T20:42:13.452+0000][87403.818s][info][gc,marking  ] GC(3326) Concurrent Mark 1121.685ms
[2025-01-07T20:42:13.452+0000][87403.818s][info][gc,marking  ] GC(3326) Concurrent Rebuild Remembered Sets
[2025-01-07T20:42:14.051+0000][87404.417s][info][gc,marking  ] GC(3326) Concurrent Rebuild Remembered Sets 598.823ms
[2025-01-07T20:42:14.051+0000][87404.417s][info][gc,start    ] GC(3326) Pause Cleanup
[2025-01-07T20:42:14.052+0000][87404.418s][info][gc          ] GC(3326) Pause Cleanup 4947M->4947M(12288M) 0.493ms
[2025-01-07T20:42:14.052+0000][87404.418s][info][gc,cpu      ] GC(3326) User=0.00s Sys=0.00s Real=0.00s
[2025-01-07T20:42:14.052+0000][87404.418s][info][gc,marking  ] GC(3326) Concurrent Cleanup for Next Mark
[2025-01-07T20:42:14.069+0000][87404.435s][info][gc,marking  ] GC(3326) Concurrent Cleanup for Next Mark 16.750ms
[2025-01-07T20:42:14.069+0000][87404.435s][info][gc          ] GC(3326) Concurrent Mark Cycle 1760.685ms
[2025-01-07T20:42:16.622+0000][87406.988s][info][gc,start    ] GC(3327) Pause Young (Prepare Mixed) (G1 Evacuation Pause)
[2025-01-07T20:42:16.622+0000][87406.988s][info][gc,task     ] GC(3327) Using 6 workers of 6 for evacuation
[2025-01-07T20:42:16.652+0000][87407.018s][info][gc,phases   ] GC(3327)   Pre Evacuate Collection Set: 0.2ms
[2025-01-07T20:42:16.652+0000][87407.018s][info][gc,phases   ] GC(3327)   Merge Heap Roots: 0.7ms
[2025-01-07T20:42:16.652+0000][87407.018s][info][gc,phases   ] GC(3327)   Evacuate Collection Set: 25.6ms
[2025-01-07T20:42:16.652+0000][87407.018s][info][gc,phases   ] GC(3327)   Post Evacuate Collection Set: 2.6ms
[2025-01-07T20:42:16.652+0000][87407.018s][info][gc,phases   ] GC(3327)   Other: 0.2ms
[2025-01-07T20:42:16.652+0000][87407.018s][info][gc,heap     ] GC(3327) Eden regions: 912->0(68)
[2025-01-07T20:42:16.652+0000][87407.018s][info][gc,heap     ] GC(3327) Survivor regions: 8->8(115)
[2025-01-07T20:42:16.652+0000][87407.018s][info][gc,heap     ] GC(3327) Old regions: 244->244
[2025-01-07T20:42:16.652+0000][87407.018s][info][gc,heap     ] GC(3327) Archive regions: 2->2
[2025-01-07T20:42:16.652+0000][87407.018s][info][gc,heap     ] GC(3327) Humongous regions: 49->49
[2025-01-07T20:42:16.652+0000][87407.018s][info][gc,metaspace] GC(3327) Metaspace: 498864K(507200K)->498864K(507200K) NonClass: 438275K(442560K)->438275K(442560K) Class: 60589K(64640K)->60589K(64640K)
[2025-01-07T20:42:16.652+0000][87407.018s][info][gc          ] GC(3327) Pause Young (Prepare Mixed) (G1 Evacuation Pause) 9707M->2411M(12288M) 29.352ms
[2025-01-07T20:42:16.652+0000][87407.018s][info][gc,cpu      ] GC(3327) User=0.17s Sys=0.00s Real=0.03s
[2025-01-07T20:42:16.926+0000][87407.292s][info][gc,start    ] GC(3328) Pause Young (Mixed) (G1 Evacuation Pause)
[2025-01-07T20:42:16.926+0000][87407.292s][info][gc,task     ] GC(3328) Using 6 workers of 6 for evacuation
[2025-01-07T20:42:16.966+0000][87407.333s][info][gc,phases   ] GC(3328)   Pre Evacuate Collection Set: 0.2ms
[2025-01-07T20:42:16.966+0000][87407.333s][info][gc,phases   ] GC(3328)   Merge Heap Roots: 0.4ms
[2025-01-07T20:42:16.966+0000][87407.333s][info][gc,phases   ] GC(3328)   Evacuate Collection Set: 38.3ms
[2025-01-07T20:42:16.966+0000][87407.333s][info][gc,phases   ] GC(3328)   Post Evacuate Collection Set: 1.6ms
[2025-01-07T20:42:16.966+0000][87407.333s][info][gc,phases   ] GC(3328)   Other: 0.2ms
[2025-01-07T20:42:16.966+0000][87407.333s][info][gc,heap     ] GC(3328) Eden regions: 68->0(915)
[2025-01-07T20:42:16.966+0000][87407.333s][info][gc,heap     ] GC(3328) Survivor regions: 8->6(10)
[2025-01-07T20:42:16.966+0000][87407.333s][info][gc,heap     ] GC(3328) Old regions: 244->240
[2025-01-07T20:42:16.966+0000][87407.333s][info][gc,heap     ] GC(3328) Archive regions: 2->2
[2025-01-07T20:42:16.966+0000][87407.333s][info][gc,heap     ] GC(3328) Humongous regions: 49->49
[2025-01-07T20:42:16.966+0000][87407.333s][info][gc,metaspace] GC(3328) Metaspace: 498864K(507200K)->498864K(507200K) NonClass: 438275K(442560K)->438275K(442560K) Class: 60589K(64640K)->60589K(64640K)
[2025-01-07T20:42:16.967+0000][87407.333s][info][gc          ] GC(3328) Pause Young (Mixed) (G1 Evacuation Pause) 2955M->2358M(12288M) 40.728ms
[2025-01-07T20:42:16.967+0000][87407.333s][info][gc,cpu      ] GC(3328) User=0.24s Sys=0.00s Real=0.04s
[2025-01-07T20:42:20.201+0000][87410.567s][info][gc,start    ] GC(3329) Pause Young (Normal) (G1 Evacuation Pause)
[2025-01-07T20:42:20.201+0000][87410.567s][info][gc,task     ] GC(3329) Using 6 workers of 6 for evacuation
[2025-01-07T20:42:20.227+0000][87410.593s][info][gc,phases   ] GC(3329)   Pre Evacuate Collection Set: 0.2ms
[2025-01-07T20:42:20.227+0000][87410.593s][info][gc,phases   ] GC(3329)   Merge Heap Roots: 0.4ms
[2025-01-07T20:42:20.227+0000][87410.593s][info][gc,phases   ] GC(3329)   Evacuate Collection Set: 22.2ms
[2025-01-07T20:42:20.227+0000][87410.593s][info][gc,phases   ] GC(3329)   Post Evacuate Collection Set: 2.5ms
[2025-01-07T20:42:20.227+0000][87410.593s][info][gc,phases   ] GC(3329)   Other: 0.2ms
[2025-01-07T20:42:20.227+0000][87410.593s][info][gc,heap     ] GC(3329) Eden regions: 915->0(915)
[2025-01-07T20:42:20.227+0000][87410.593s][info][gc,heap     ] GC(3329) Survivor regions: 6->6(116)
[2025-01-07T20:42:20.227+0000][87410.593s][info][gc,heap     ] GC(3329) Old regions: 240->240
[2025-01-07T20:42:20.227+0000][87410.593s][info][gc,heap     ] GC(3329) Archive regions: 2->2
[2025-01-07T20:42:20.227+0000][87410.593s][info][gc,heap     ] GC(3329) Humongous regions: 49->49
[2025-01-07T20:42:20.227+0000][87410.593s][info][gc,metaspace] GC(3329) Metaspace: 498864K(507200K)->498864K(507200K) NonClass: 438275K(442560K)->438275K(442560K) Class: 60589K(64640K)->60589K(64640K)
[2025-01-07T20:42:20.227+0000][87410.593s][info][gc          ] GC(3329) Pause Young (Normal) (G1 Evacuation Pause) 9678M->2363M(12288M) 25.671ms
[2025-01-07T20:42:20.227+0000][87410.593s][info][gc,cpu      ] GC(3329) User=0.14s Sys=0.00s Real=0.03s
[2025-01-07T20:42:27.065+0000][87417.431s][info][gc,start    ] GC(3330) Pause Young (Normal) (G1 Evacuation Pause)
[2025-01-07T20:42:27.065+0000][87417.431s][info][gc,task     ] GC(3330) Using 6 workers of 6 for evacuation
[2025-01-07T20:42:27.091+0000][87417.457s][info][gc,phases   ] GC(3330)   Pre Evacuate Collection Set: 0.2ms
[2025-01-07T20:42:27.091+0000][87417.457s][info][gc,phases   ] GC(3330)   Merge Heap Roots: 0.4ms
[2025-01-07T20:42:27.091+0000][87417.457s][info][gc,phases   ] GC(3330)   Evacuate Collection Set: 22.5ms
[2025-01-07T20:42:27.091+0000][87417.457s][info][gc,phases   ] GC(3330)   Post Evacuate Collection Set: 2.9ms
[2025-01-07T20:42:27.091+0000][87417.457s][info][gc,phases   ] GC(3330)   Other: 0.2ms
[2025-01-07T20:42:27.091+0000][87417.457s][info][gc,heap     ] GC(3330) Eden regions: 915->0(914)
[2025-01-07T20:42:27.091+0000][87417.457s][info][gc,heap     ] GC(3330) Survivor regions: 6->7(116)
[2025-01-07T20:42:27.091+0000][87417.457s][info][gc,heap     ] GC(3330) Old regions: 240->240
[2025-01-07T20:42:27.091+0000][87417.457s][info][gc,heap     ] GC(3330) Archive regions: 2->2
[2025-01-07T20:42:27.091+0000][87417.457s][info][gc,heap     ] GC(3330) Humongous regions: 49->49
[2025-01-07T20:42:27.091+0000][87417.457s][info][gc,metaspace] GC(3330) Metaspace: 498864K(507200K)->498864K(507200K) NonClass: 438275K(442560K)->438275K(442560K) Class: 60589K(64640K)->60589K(64640K)
[2025-01-07T20:42:27.091+0000][87417.457s][info][gc          ] GC(3330) Pause Young (Normal) (G1 Evacuation Pause) 9683M->2369M(12288M) 26.267ms
[2025-01-07T20:42:27.091+0000][87417.457s][info][gc,cpu      ] GC(3330) User=0.15s Sys=0.00s Real=0.03s
[2025-01-07T20:42:35.414+0000][87425.780s][info][gc,start    ] GC(3331) Pause Young (Concurrent Start) (GCLocker Initiated GC)
[2025-01-07T20:42:35.414+0000][87425.780s][info][gc,task     ] GC(3331) Using 6 workers of 6 for evacuation
[2025-01-07T20:42:35.447+0000][87425.813s][info][gc,phases   ] GC(3331)   Pre Evacuate Collection Set: 1.0ms
[2025-01-07T20:42:35.447+0000][87425.813s][info][gc,phases   ] GC(3331)   Merge Heap Roots: 0.5ms
[2025-01-07T20:42:35.447+0000][87425.813s][info][gc,phases   ] GC(3331)   Evacuate Collection Set: 29.1ms
[2025-01-07T20:42:35.447+0000][87425.813s][info][gc,phases   ] GC(3331)   Post Evacuate Collection Set: 2.7ms
[2025-01-07T20:42:35.447+0000][87425.813s][info][gc,phases   ] GC(3331)   Other: 0.3ms
[2025-01-07T20:42:35.447+0000][87425.813s][info][gc,heap     ] GC(3331) Eden regions: 915->0(913)
[2025-01-07T20:42:35.447+0000][87425.813s][info][gc,heap     ] GC(3331) Survivor regions: 7->8(116)
[2025-01-07T20:42:35.447+0000][87425.813s][info][gc,heap     ] GC(3331) Old regions: 240->240
[2025-01-07T20:42:35.447+0000][87425.813s][info][gc,heap     ] GC(3331) Archive regions: 2->2
[2025-01-07T20:42:35.447+0000][87425.813s][info][gc,heap     ] GC(3331) Humongous regions: 49->49
[2025-01-07T20:42:35.447+0000][87425.813s][info][gc,metaspace] GC(3331) Metaspace: 498864K(507200K)->498864K(507200K) NonClass: 438275K(442560K)->438275K(442560K) Class: 60589K(64640K)->60589K(64640K)
[2025-01-07T20:42:35.447+0000][87425.813s][info][gc          ] GC(3331) Pause Young (Concurrent Start) (GCLocker Initiated GC) 9685M->2378M(12288M) 33.558ms
[2025-01-07T20:42:35.447+0000][87425.813s][info][gc,cpu      ] GC(3331) User=0.19s Sys=0.00s Real=0.03s
[2025-01-07T20:42:35.447+0000][87425.813s][info][gc          ] GC(3332) Concurrent Mark Cycle
[2025-01-07T20:42:35.447+0000][87425.813s][info][gc,marking  ] GC(3332) Concurrent Clear Claimed Marks
[2025-01-07T20:42:35.448+0000][87425.814s][info][gc,marking  ] GC(3332) Concurrent Clear Claimed Marks 0.810ms
[2025-01-07T20:42:35.448+0000][87425.814s][info][gc,marking  ] GC(3332) Concurrent Scan Root Regions
[2025-01-07T20:42:35.472+0000][87425.838s][info][gc,marking  ] GC(3332) Concurrent Scan Root Regions 24.072ms
[2025-01-07T20:42:35.472+0000][87425.838s][info][gc,marking  ] GC(3332) Concurrent Mark
[2025-01-07T20:42:35.472+0000][87425.838s][info][gc,marking  ] GC(3332) Concurrent Mark From Roots
[2025-01-07T20:42:35.472+0000][87425.838s][info][gc,task     ] GC(3332) Using 2 workers of 2 for marking
[2025-01-07T20:42:36.301+0000][87426.667s][info][gc,marking  ] GC(3332) Concurrent Mark From Roots 828.340ms
[2025-01-07T20:42:36.301+0000][87426.667s][info][gc,marking  ] GC(3332) Concurrent Preclean
[2025-01-07T20:42:36.303+0000][87426.669s][info][gc,marking  ] GC(3332) Concurrent Preclean 2.495ms
[2025-01-07T20:42:36.303+0000][87426.669s][info][gc,start    ] GC(3332) Pause Remark
[2025-01-07T20:42:36.331+0000][87426.697s][info][gc          ] GC(3332) Pause Remark 3150M->3150M(12288M) 27.376ms
[2025-01-07T20:42:36.331+0000][87426.697s][info][gc,cpu      ] GC(3332) User=0.16s Sys=0.00s Real=0.03s
[2025-01-07T20:42:36.331+0000][87426.697s][info][gc,marking  ] GC(3332) Concurrent Mark 858.562ms
[2025-01-07T20:42:36.331+0000][87426.697s][info][gc,marking  ] GC(3332) Concurrent Rebuild Remembered Sets
[2025-01-07T20:42:36.966+0000][87427.332s][info][gc,marking  ] GC(3332) Concurrent Rebuild Remembered Sets 634.868ms
[2025-01-07T20:42:36.966+0000][87427.332s][info][gc,start    ] GC(3332) Pause Cleanup
[2025-01-07T20:42:36.966+0000][87427.332s][info][gc          ] GC(3332) Pause Cleanup 3930M->3930M(12288M) 0.445ms
[2025-01-07T20:42:36.966+0000][87427.332s][info][gc,cpu      ] GC(3332) User=0.00s Sys=0.00s Real=0.00s
[2025-01-07T20:42:36.966+0000][87427.333s][info][gc,marking  ] GC(3332) Concurrent Cleanup for Next Mark
[2025-01-07T20:42:36.983+0000][87427.349s][info][gc,marking  ] GC(3332) Concurrent Cleanup for Next Mark 16.180ms
[2025-01-07T20:42:36.983+0000][87427.349s][info][gc          ] GC(3332) Concurrent Mark Cycle 1535.397ms
[2025-01-07T20:42:44.615+0000][87434.981s][info][gc,start    ] GC(3333) Pause Young (Prepare Mixed) (G1 Evacuation Pause)
[2025-01-07T20:42:44.615+0000][87434.981s][info][gc,task     ] GC(3333) Using 6 workers of 6 for evacuation
[2025-01-07T20:42:44.649+0000][87435.015s][info][gc,phases   ] GC(3333)   Pre Evacuate Collection Set: 0.2ms
[2025-01-07T20:42:44.649+0000][87435.015s][info][gc,phases   ] GC(3333)   Merge Heap Roots: 0.7ms
[2025-01-07T20:42:44.649+0000][87435.015s][info][gc,phases   ] GC(3333)   Evacuate Collection Set: 30.5ms
[2025-01-07T20:42:44.649+0000][87435.015s][info][gc,phases   ] GC(3333)   Post Evacuate Collection Set: 2.5ms
[2025-01-07T20:42:44.649+0000][87435.015s][info][gc,phases   ] GC(3333)   Other: 0.2ms
[2025-01-07T20:42:44.649+0000][87435.015s][info][gc,heap     ] GC(3333) Eden regions: 913->0(67)
[2025-01-07T20:42:44.649+0000][87435.015s][info][gc,heap     ] GC(3333) Survivor regions: 8->9(116)
[2025-01-07T20:42:44.649+0000][87435.015s][info][gc,heap     ] GC(3333) Old regions: 240->240
[2025-01-07T20:42:44.649+0000][87435.015s][info][gc,heap     ] GC(3333) Archive regions: 2->2
[2025-01-07T20:42:44.649+0000][87435.015s][info][gc,heap     ] GC(3333) Humongous regions: 49->49
[2025-01-07T20:42:44.649+0000][87435.015s][info][gc,metaspace] GC(3333) Metaspace: 498864K(507200K)->498864K(507200K) NonClass: 438275K(442560K)->438275K(442560K) Class: 60589K(64640K)->60589K(64640K)
[2025-01-07T20:42:44.649+0000][87435.015s][info][gc          ] GC(3333) Pause Young (Prepare Mixed) (G1 Evacuation Pause) 9682M->2387M(12288M) 34.191ms
[2025-01-07T20:42:44.649+0000][87435.015s][info][gc,cpu      ] GC(3333) User=0.20s Sys=0.00s Real=0.03s
[2025-01-07T20:42:45.291+0000][87435.657s][info][gc,start    ] GC(3334) Pause Young (Mixed) (G1 Evacuation Pause)
[2025-01-07T20:42:45.291+0000][87435.657s][info][gc,task     ] GC(3334) Using 6 workers of 6 for evacuation
[2025-01-07T20:42:45.345+0000][87435.711s][info][gc,phases   ] GC(3334)   Pre Evacuate Collection Set: 0.2ms
[2025-01-07T20:42:45.345+0000][87435.711s][info][gc,phases   ] GC(3334)   Merge Heap Roots: 0.5ms
[2025-01-07T20:42:45.345+0000][87435.711s][info][gc,phases   ] GC(3334)   Evacuate Collection Set: 51.0ms
[2025-01-07T20:42:45.345+0000][87435.711s][info][gc,phases   ] GC(3334)   Post Evacuate Collection Set: 1.8ms
[2025-01-07T20:42:45.345+0000][87435.711s][info][gc,phases   ] GC(3334)   Other: 0.2ms
[2025-01-07T20:42:45.345+0000][87435.711s][info][gc,heap     ] GC(3334) Eden regions: 67->0(916)
[2025-01-07T20:42:45.345+0000][87435.711s][info][gc,heap     ] GC(3334) Survivor regions: 9->5(10)
[2025-01-07T20:42:45.345+0000][87435.711s][info][gc,heap     ] GC(3334) Old regions: 240->240
[2025-01-07T20:42:45.345+0000][87435.711s][info][gc,heap     ] GC(3334) Archive regions: 2->2
[2025-01-07T20:42:45.345+0000][87435.711s][info][gc,heap     ] GC(3334) Humongous regions: 49->49
[2025-01-07T20:42:45.345+0000][87435.711s][info][gc,metaspace] GC(3334) Metaspace: 498864K(507200K)->498864K(507200K) NonClass: 438275K(442560K)->438275K(442560K) Class: 60589K(64640K)->60589K(64640K)
[2025-01-07T20:42:45.345+0000][87435.711s][info][gc          ] GC(3334) Pause Young (Mixed) (G1 Evacuation Pause) 2923M->2351M(12288M) 53.781ms
[2025-01-07T20:42:45.345+0000][87435.711s][info][gc,cpu      ] GC(3334) User=0.31s Sys=0.00s Real=0.05s
[2025-01-07T20:42:50.885+0000][87441.251s][info][gc,start    ] GC(3335) Pause Young (Normal) (G1 Evacuation Pause)
[2025-01-07T20:42:50.885+0000][87441.251s][info][gc,task     ] GC(3335) Using 6 workers of 6 for evacuation
[2025-01-07T20:42:50.912+0000][87441.278s][info][gc,phases   ] GC(3335)   Pre Evacuate Collection Set: 0.2ms
[2025-01-07T20:42:50.912+0000][87441.278s][info][gc,phases   ] GC(3335)   Merge Heap Roots: 0.4ms
[2025-01-07T20:42:50.912+0000][87441.278s][info][gc,phases   ] GC(3335)   Evacuate Collection Set: 20.6ms
[2025-01-07T20:42:50.912+0000][87441.278s][info][gc,phases   ] GC(3335)   Post Evacuate Collection Set: 5.1ms
[2025-01-07T20:42:50.912+0000][87441.278s][info][gc,phases   ] GC(3335)   Other: 0.2ms
[2025-01-07T20:42:50.912+0000][87441.278s][info][gc,heap     ] GC(3335) Eden regions: 916->0(914)
[2025-01-07T20:42:50.912+0000][87441.278s][info][gc,heap     ] GC(3335) Survivor regions: 5->7(116)
[2025-01-07T20:42:50.912+0000][87441.278s][info][gc,heap     ] GC(3335) Old regions: 240->240
[2025-01-07T20:42:50.912+0000][87441.278s][info][gc,heap     ] GC(3335) Archive regions: 2->2
[2025-01-07T20:42:50.912+0000][87441.278s][info][gc,heap     ] GC(3335) Humongous regions: 49->49
[2025-01-07T20:42:50.912+0000][87441.278s][info][gc,metaspace] GC(3335) Metaspace: 498864K(507200K)->498864K(507200K) NonClass: 438275K(442560K)->438275K(442560K) Class: 60589K(64640K)->60589K(64640K)
[2025-01-07T20:42:50.912+0000][87441.278s][info][gc          ] GC(3335) Pause Young (Normal) (G1 Evacuation Pause) 9679M->2368M(12288M) 26.657ms
[2025-01-07T20:42:50.912+0000][87441.278s][info][gc,cpu      ] GC(3335) User=0.15s Sys=0.00s Real=0.03s
[2025-01-07T20:42:58.109+0000][87448.475s][info][gc,start    ] GC(3336) Pause Young (Normal) (G1 Evacuation Pause)
[2025-01-07T20:42:58.109+0000][87448.475s][info][gc,task     ] GC(3336) Using 6 workers of 6 for evacuation
[2025-01-07T20:42:58.136+0000][87448.502s][info][gc,phases   ] GC(3336)   Pre Evacuate Collection Set: 0.2ms
[2025-01-07T20:42:58.136+0000][87448.502s][info][gc,phases   ] GC(3336)   Merge Heap Roots: 0.4ms
[2025-01-07T20:42:58.136+0000][87448.502s][info][gc,phases   ] GC(3336)   Evacuate Collection Set: 24.0ms
[2025-01-07T20:42:58.136+0000][87448.502s][info][gc,phases   ] GC(3336)   Post Evacuate Collection Set: 2.6ms
[2025-01-07T20:42:58.136+0000][87448.502s][info][gc,phases   ] GC(3336)   Other: 0.2ms
[2025-01-07T20:42:58.136+0000][87448.502s][info][gc,heap     ] GC(3336) Eden regions: 914->0(914)
[2025-01-07T20:42:58.136+0000][87448.502s][info][gc,heap     ] GC(3336) Survivor regions: 7->7(116)
[2025-01-07T20:42:58.136+0000][87448.502s][info][gc,heap     ] GC(3336) Old regions: 240->240
[2025-01-07T20:42:58.136+0000][87448.502s][info][gc,heap     ] GC(3336) Archive regions: 2->2
[2025-01-07T20:42:58.136+0000][87448.502s][info][gc,heap     ] GC(3336) Humongous regions: 49->49
[2025-01-07T20:42:58.136+0000][87448.502s][info][gc,metaspace] GC(3336) Metaspace: 498864K(507200K)->498864K(507200K) NonClass: 438275K(442560K)->438275K(442560K) Class: 60589K(64640K)->60589K(64640K)
[2025-01-07T20:42:58.136+0000][87448.502s][info][gc          ] GC(3336) Pause Young (Normal) (G1 Evacuation Pause) 9680M->2368M(12288M) 27.554ms
[2025-01-07T20:42:58.136+0000][87448.502s][info][gc,cpu      ] GC(3336) User=0.16s Sys=0.00s Real=0.03s
[2025-01-07T20:43:06.274+0000][87456.640s][info][gc,start    ] GC(3337) Pause Young (Concurrent Start) (G1 Evacuation Pause)
[2025-01-07T20:43:06.274+0000][87456.640s][info][gc,task     ] GC(3337) Using 6 workers of 6 for evacuation
[2025-01-07T20:43:06.310+0000][87456.676s][info][gc,phases   ] GC(3337)   Pre Evacuate Collection Set: 1.0ms
[2025-01-07T20:43:06.310+0000][87456.676s][info][gc,phases   ] GC(3337)   Merge Heap Roots: 0.5ms
[2025-01-07T20:43:06.310+0000][87456.676s][info][gc,phases   ] GC(3337)   Evacuate Collection Set: 30.1ms
[2025-01-07T20:43:06.310+0000][87456.676s][info][gc,phases   ] GC(3337)   Post Evacuate Collection Set: 3.9ms
[2025-01-07T20:43:06.310+0000][87456.676s][info][gc,phases   ] GC(3337)   Other: 0.3ms
[2025-01-07T20:43:06.310+0000][87456.676s][info][gc,heap     ] GC(3337) Eden regions: 914->0(911)
[2025-01-07T20:43:06.310+0000][87456.676s][info][gc,heap     ] GC(3337) Survivor regions: 7->10(116)
[2025-01-07T20:43:06.310+0000][87456.676s][info][gc,heap     ] GC(3337) Old regions: 240->240
[2025-01-07T20:43:06.310+0000][87456.676s][info][gc,heap     ] GC(3337) Archive regions: 2->2
[2025-01-07T20:43:06.310+0000][87456.676s][info][gc,heap     ] GC(3337) Humongous regions: 49->49
[2025-01-07T20:43:06.310+0000][87456.676s][info][gc,metaspace] GC(3337) Metaspace: 498864K(507200K)->498864K(507200K) NonClass: 438275K(442560K)->438275K(442560K) Class: 60589K(64640K)->60589K(64640K)
[2025-01-07T20:43:06.310+0000][87456.676s][info][gc          ] GC(3337) Pause Young (Concurrent Start) (G1 Evacuation Pause) 9680M->2388M(12288M) 35.787ms
[2025-01-07T20:43:06.310+0000][87456.676s][info][gc,cpu      ] GC(3337) User=0.20s Sys=0.00s Real=0.04s
[2025-01-07T20:43:06.310+0000][87456.676s][info][gc          ] GC(3338) Concurrent Mark Cycle
[2025-01-07T20:43:06.310+0000][87456.676s][info][gc,marking  ] GC(3338) Concurrent Clear Claimed Marks
[2025-01-07T20:43:06.311+0000][87456.677s][info][gc,marking  ] GC(3338) Concurrent Clear Claimed Marks 0.794ms
[2025-01-07T20:43:06.311+0000][87456.677s][info][gc,marking  ] GC(3338) Concurrent Scan Root Regions
[2025-01-07T20:43:06.343+0000][87456.709s][info][gc,marking  ] GC(3338) Concurrent Scan Root Regions 32.554ms
[2025-01-07T20:43:06.343+0000][87456.709s][info][gc,marking  ] GC(3338) Concurrent Mark
[2025-01-07T20:43:06.343+0000][87456.709s][info][gc,marking  ] GC(3338) Concurrent Mark From Roots
[2025-01-07T20:43:06.343+0000][87456.709s][info][gc,task     ] GC(3338) Using 2 workers of 2 for marking
[2025-01-07T20:43:07.190+0000][87457.556s][info][gc,marking  ] GC(3338) Concurrent Mark From Roots 846.853ms
[2025-01-07T20:43:07.190+0000][87457.556s][info][gc,marking  ] GC(3338) Concurrent Preclean
[2025-01-07T20:43:07.193+0000][87457.559s][info][gc,marking  ] GC(3338) Concurrent Preclean 2.463ms
[2025-01-07T20:43:07.193+0000][87457.559s][info][gc,start    ] GC(3338) Pause Remark
[2025-01-07T20:43:07.218+0000][87457.585s][info][gc          ] GC(3338) Pause Remark 3292M->3292M(12288M) 25.663ms
[2025-01-07T20:43:07.218+0000][87457.585s][info][gc,cpu      ] GC(3338) User=0.14s Sys=0.01s Real=0.02s
[2025-01-07T20:43:07.219+0000][87457.585s][info][gc,marking  ] GC(3338) Concurrent Mark 875.381ms
[2025-01-07T20:43:07.219+0000][87457.585s][info][gc,marking  ] GC(3338) Concurrent Rebuild Remembered Sets
[2025-01-07T20:43:07.716+0000][87458.082s][info][gc,marking  ] GC(3338) Concurrent Rebuild Remembered Sets 497.637ms
[2025-01-07T20:43:07.716+0000][87458.083s][info][gc,start    ] GC(3338) Pause Cleanup
[2025-01-07T20:43:07.717+0000][87458.083s][info][gc          ] GC(3338) Pause Cleanup 3700M->3700M(12288M) 0.451ms
[2025-01-07T20:43:07.717+0000][87458.083s][info][gc,cpu      ] GC(3338) User=0.01s Sys=0.00s Real=0.00s
[2025-01-07T20:43:07.717+0000][87458.083s][info][gc,marking  ] GC(3338) Concurrent Cleanup for Next Mark
[2025-01-07T20:43:07.733+0000][87458.099s][info][gc,marking  ] GC(3338) Concurrent Cleanup for Next Mark 15.635ms
[2025-01-07T20:43:07.733+0000][87458.099s][info][gc          ] GC(3338) Concurrent Mark Cycle 1422.848ms
[2025-01-07T20:43:14.433+0000][87464.799s][info][gc,start    ] GC(3339) Pause Young (Prepare Mixed) (G1 Evacuation Pause)
[2025-01-07T20:43:14.433+0000][87464.799s][info][gc,task     ] GC(3339) Using 6 workers of 6 for evacuation
[2025-01-07T20:43:14.471+0000][87464.837s][info][gc,phases   ] GC(3339)   Pre Evacuate Collection Set: 0.2ms
[2025-01-07T20:43:14.471+0000][87464.837s][info][gc,phases   ] GC(3339)   Merge Heap Roots: 0.7ms
[2025-01-07T20:43:14.471+0000][87464.837s][info][gc,phases   ] GC(3339)   Evacuate Collection Set: 34.2ms
[2025-01-07T20:43:14.471+0000][87464.837s][info][gc,phases   ] GC(3339)   Post Evacuate Collection Set: 2.6ms
[2025-01-07T20:43:14.471+0000][87464.837s][info][gc,phases   ] GC(3339)   Other: 0.2ms
[2025-01-07T20:43:14.471+0000][87464.837s][info][gc,heap     ] GC(3339) Eden regions: 911->0(65)
[2025-01-07T20:43:14.471+0000][87464.837s][info][gc,heap     ] GC(3339) Survivor regions: 10->11(116)
[2025-01-07T20:43:14.471+0000][87464.837s][info][gc,heap     ] GC(3339) Old regions: 240->240
[2025-01-07T20:43:14.471+0000][87464.837s][info][gc,heap     ] GC(3339) Archive regions: 2->2
[2025-01-07T20:43:14.471+0000][87464.837s][info][gc,heap     ] GC(3339) Humongous regions: 49->49
[2025-01-07T20:43:14.471+0000][87464.837s][info][gc,metaspace] GC(3339) Metaspace: 498864K(507200K)->498864K(507200K) NonClass: 438275K(442560K)->438275K(442560K) Class: 60589K(64640K)->60589K(64640K)
[2025-01-07T20:43:14.471+0000][87464.837s][info][gc          ] GC(3339) Pause Young (Prepare Mixed) (G1 Evacuation Pause) 9676M->2397M(12288M) 37.941ms
[2025-01-07T20:43:14.471+0000][87464.837s][info][gc,cpu      ] GC(3339) User=0.22s Sys=0.00s Real=0.04s
[2025-01-07T20:43:15.071+0000][87465.437s][info][gc,start    ] GC(3340) Pause Young (Mixed) (G1 Evacuation Pause)
[2025-01-07T20:43:15.071+0000][87465.437s][info][gc,task     ] GC(3340) Using 6 workers of 6 for evacuation
[2025-01-07T20:43:15.130+0000][87465.496s][info][gc,phases   ] GC(3340)   Pre Evacuate Collection Set: 0.2ms
[2025-01-07T20:43:15.130+0000][87465.496s][info][gc,phases   ] GC(3340)   Merge Heap Roots: 0.6ms
[2025-01-07T20:43:15.130+0000][87465.496s][info][gc,phases   ] GC(3340)   Evacuate Collection Set: 56.1ms
[2025-01-07T20:43:15.130+0000][87465.496s][info][gc,phases   ] GC(3340)   Post Evacuate Collection Set: 1.8ms
[2025-01-07T20:43:15.130+0000][87465.496s][info][gc,phases   ] GC(3340)   Other: 0.2ms
[2025-01-07T20:43:15.130+0000][87465.496s][info][gc,heap     ] GC(3340) Eden regions: 65->0(917)
[2025-01-07T20:43:15.130+0000][87465.496s][info][gc,heap     ] GC(3340) Survivor regions: 11->4(10)
[2025-01-07T20:43:15.130+0000][87465.496s][info][gc,heap     ] GC(3340) Old regions: 240->240
[2025-01-07T20:43:15.130+0000][87465.496s][info][gc,heap     ] GC(3340) Archive regions: 2->2
[2025-01-07T20:43:15.130+0000][87465.496s][info][gc,heap     ] GC(3340) Humongous regions: 49->49
[2025-01-07T20:43:15.130+0000][87465.496s][info][gc,metaspace] GC(3340) Metaspace: 498864K(507200K)->498864K(507200K) NonClass: 438275K(442560K)->438275K(442560K) Class: 60589K(64640K)->60589K(64640K)
[2025-01-07T20:43:15.130+0000][87465.496s][info][gc          ] GC(3340) Pause Young (Mixed) (G1 Evacuation Pause) 2917M->2345M(12288M) 58.866ms
[2025-01-07T20:43:15.130+0000][87465.496s][info][gc,cpu      ] GC(3340) User=0.33s Sys=0.01s Real=0.06s
[2025-01-07T20:43:22.561+0000][87472.928s][info][gc,start    ] GC(3341) Pause Young (Normal) (G1 Evacuation Pause)
[2025-01-07T20:43:22.562+0000][87472.928s][info][gc,task     ] GC(3341) Using 6 workers of 6 for evacuation
[2025-01-07T20:43:22.582+0000][87472.948s][info][gc,phases   ] GC(3341)   Pre Evacuate Collection Set: 0.2ms
[2025-01-07T20:43:22.582+0000][87472.948s][info][gc,phases   ] GC(3341)   Merge Heap Roots: 0.4ms
[2025-01-07T20:43:22.582+0000][87472.948s][info][gc,phases   ] GC(3341)   Evacuate Collection Set: 17.2ms
[2025-01-07T20:43:22.582+0000][87472.948s][info][gc,phases   ] GC(3341)   Post Evacuate Collection Set: 2.6ms
[2025-01-07T20:43:22.582+0000][87472.948s][info][gc,phases   ] GC(3341)   Other: 0.2ms
[2025-01-07T20:43:22.582+0000][87472.948s][info][gc,heap     ] GC(3341) Eden regions: 917->0(916)
[2025-01-07T20:43:22.582+0000][87472.948s][info][gc,heap     ] GC(3341) Survivor regions: 4->5(116)
[2025-01-07T20:43:22.582+0000][87472.948s][info][gc,heap     ] GC(3341) Old regions: 240->240
[2025-01-07T20:43:22.582+0000][87472.948s][info][gc,heap     ] GC(3341) Archive regions: 2->2
[2025-01-07T20:43:22.582+0000][87472.948s][info][gc,heap     ] GC(3341) Humongous regions: 49->49
[2025-01-07T20:43:22.582+0000][87472.948s][info][gc,metaspace] GC(3341) Metaspace: 498864K(507200K)->498864K(507200K) NonClass: 438275K(442560K)->438275K(442560K) Class: 60589K(64640K)->60589K(64640K)
[2025-01-07T20:43:22.582+0000][87472.948s][info][gc          ] GC(3341) Pause Young (Normal) (G1 Evacuation Pause) 9681M->2351M(12288M) 20.620ms
[2025-01-07T20:43:22.582+0000][87472.948s][info][gc,cpu      ] GC(3341) User=0.12s Sys=0.01s Real=0.02s
[2025-01-07T20:43:29.366+0000][87479.732s][info][gc,start    ] GC(3342) Pause Young (Normal) (G1 Evacuation Pause)
[2025-01-07T20:43:29.366+0000][87479.732s][info][gc,task     ] GC(3342) Using 6 workers of 6 for evacuation
[2025-01-07T20:43:29.391+0000][87479.758s][info][gc,phases   ] GC(3342)   Pre Evacuate Collection Set: 0.2ms
[2025-01-07T20:43:29.391+0000][87479.758s][info][gc,phases   ] GC(3342)   Merge Heap Roots: 0.4ms
[2025-01-07T20:43:29.391+0000][87479.758s][info][gc,phases   ] GC(3342)   Evacuate Collection Set: 22.1ms
[2025-01-07T20:43:29.391+0000][87479.758s][info][gc,phases   ] GC(3342)   Post Evacuate Collection Set: 2.5ms
[2025-01-07T20:43:29.391+0000][87479.758s][info][gc,phases   ] GC(3342)   Other: 0.2ms
[2025-01-07T20:43:29.391+0000][87479.758s][info][gc,heap     ] GC(3342) Eden regions: 916->0(914)
[2025-01-07T20:43:29.391+0000][87479.758s][info][gc,heap     ] GC(3342) Survivor regions: 5->7(116)
[2025-01-07T20:43:29.391+0000][87479.758s][info][gc,heap     ] GC(3342) Old regions: 240->240
[2025-01-07T20:43:29.391+0000][87479.758s][info][gc,heap     ] GC(3342) Archive regions: 2->2
[2025-01-07T20:43:29.391+0000][87479.758s][info][gc,heap     ] GC(3342) Humongous regions: 49->49
[2025-01-07T20:43:29.391+0000][87479.758s][info][gc,metaspace] GC(3342) Metaspace: 498864K(507200K)->498864K(507200K) NonClass: 438275K(442560K)->438275K(442560K) Class: 60589K(64640K)->60589K(64640K)
[2025-01-07T20:43:29.392+0000][87479.758s][info][gc          ] GC(3342) Pause Young (Normal) (G1 Evacuation Pause) 9679M->2367M(12288M) 25.442ms
[2025-01-07T20:43:29.392+0000][87479.758s][info][gc,cpu      ] GC(3342) User=0.15s Sys=0.00s Real=0.03s
[2025-01-07T20:43:33.767+0000][87484.133s][info][gc,start    ] GC(3343) Pause Young (Concurrent Start) (G1 Evacuation Pause)
[2025-01-07T20:43:33.767+0000][87484.133s][info][gc,task     ] GC(3343) Using 6 workers of 6 for evacuation
[2025-01-07T20:43:33.795+0000][87484.161s][info][gc,phases   ] GC(3343)   Pre Evacuate Collection Set: 1.0ms
[2025-01-07T20:43:33.795+0000][87484.161s][info][gc,phases   ] GC(3343)   Merge Heap Roots: 0.4ms
[2025-01-07T20:43:33.795+0000][87484.161s][info][gc,phases   ] GC(3343)   Evacuate Collection Set: 24.1ms
[2025-01-07T20:43:33.795+0000][87484.161s][info][gc,phases   ] GC(3343)   Post Evacuate Collection Set: 2.4ms
[2025-01-07T20:43:33.795+0000][87484.161s][info][gc,phases   ] GC(3343)   Other: 0.3ms
[2025-01-07T20:43:33.795+0000][87484.161s][info][gc,heap     ] GC(3343) Eden regions: 914->0(913)
[2025-01-07T20:43:33.795+0000][87484.161s][info][gc,heap     ] GC(3343) Survivor regions: 7->8(116)
[2025-01-07T20:43:33.795+0000][87484.161s][info][gc,heap     ] GC(3343) Old regions: 240->240
[2025-01-07T20:43:33.795+0000][87484.161s][info][gc,heap     ] GC(3343) Archive regions: 2->2
[2025-01-07T20:43:33.795+0000][87484.161s][info][gc,heap     ] GC(3343) Humongous regions: 49->49
[2025-01-07T20:43:33.795+0000][87484.161s][info][gc,metaspace] GC(3343) Metaspace: 498864K(507200K)->498864K(507200K) NonClass: 438275K(442560K)->438275K(442560K) Class: 60589K(64640K)->60589K(64640K)
[2025-01-07T20:43:33.795+0000][87484.161s][info][gc          ] GC(3343) Pause Young (Concurrent Start) (G1 Evacuation Pause) 9679M->2377M(12288M) 28.236ms
[2025-01-07T20:43:33.795+0000][87484.161s][info][gc,cpu      ] GC(3343) User=0.16s Sys=0.00s Real=0.03s
[2025-01-07T20:43:33.795+0000][87484.161s][info][gc          ] GC(3344) Concurrent Mark Cycle
[2025-01-07T20:43:33.795+0000][87484.161s][info][gc,marking  ] GC(3344) Concurrent Clear Claimed Marks
[2025-01-07T20:43:33.796+0000][87484.162s][info][gc,marking  ] GC(3344) Concurrent Clear Claimed Marks 0.774ms
[2025-01-07T20:43:33.796+0000][87484.162s][info][gc,marking  ] GC(3344) Concurrent Scan Root Regions
[2025-01-07T20:43:33.817+0000][87484.183s][info][gc,marking  ] GC(3344) Concurrent Scan Root Regions 21.660ms
[2025-01-07T20:43:33.817+0000][87484.183s][info][gc,marking  ] GC(3344) Concurrent Mark
[2025-01-07T20:43:33.817+0000][87484.183s][info][gc,marking  ] GC(3344) Concurrent Mark From Roots
[2025-01-07T20:43:33.817+0000][87484.183s][info][gc,task     ] GC(3344) Using 2 workers of 2 for marking
[2025-01-07T20:43:34.633+0000][87485.000s][info][gc,marking  ] GC(3344) Concurrent Mark From Roots 816.122ms
[2025-01-07T20:43:34.633+0000][87485.000s][info][gc,marking  ] GC(3344) Concurrent Preclean
[2025-01-07T20:43:34.635+0000][87485.001s][info][gc,marking  ] GC(3344) Concurrent Preclean 1.807ms
[2025-01-07T20:43:34.635+0000][87485.002s][info][gc,start    ] GC(3344) Pause Remark
[2025-01-07T20:43:34.660+0000][87485.027s][info][gc          ] GC(3344) Pause Remark 3109M->3109M(12288M) 24.999ms
[2025-01-07T20:43:34.660+0000][87485.027s][info][gc,cpu      ] GC(3344) User=0.14s Sys=0.00s Real=0.02s
[2025-01-07T20:43:34.661+0000][87485.027s][info][gc,marking  ] GC(3344) Concurrent Mark 843.236ms
[2025-01-07T20:43:34.661+0000][87485.027s][info][gc,marking  ] GC(3344) Concurrent Rebuild Remembered Sets
[2025-01-07T20:43:35.135+0000][87485.501s][info][gc,marking  ] GC(3344) Concurrent Rebuild Remembered Sets 473.953ms
[2025-01-07T20:43:35.135+0000][87485.501s][info][gc,start    ] GC(3344) Pause Cleanup
[2025-01-07T20:43:35.135+0000][87485.501s][info][gc          ] GC(3344) Pause Cleanup 3473M->3473M(12288M) 0.443ms
[2025-01-07T20:43:35.135+0000][87485.501s][info][gc,cpu      ] GC(3344) User=0.00s Sys=0.00s Real=0.00s
[2025-01-07T20:43:35.135+0000][87485.501s][info][gc,marking  ] GC(3344) Concurrent Cleanup for Next Mark
[2025-01-07T20:43:35.151+0000][87485.518s][info][gc,marking  ] GC(3344) Concurrent Cleanup for Next Mark 16.232ms
[2025-01-07T20:43:35.152+0000][87485.518s][info][gc          ] GC(3344) Concurrent Mark Cycle 1356.717ms
[2025-01-07T20:43:42.694+0000][87493.060s][info][gc,start    ] GC(3345) Pause Young (Prepare Mixed) (G1 Evacuation Pause)
[2025-01-07T20:43:42.694+0000][87493.060s][info][gc,task     ] GC(3345) Using 6 workers of 6 for evacuation
[2025-01-07T20:43:42.727+0000][87493.093s][info][gc,phases   ] GC(3345)   Pre Evacuate Collection Set: 0.2ms
[2025-01-07T20:43:42.727+0000][87493.093s][info][gc,phases   ] GC(3345)   Merge Heap Roots: 0.6ms
[2025-01-07T20:43:42.727+0000][87493.093s][info][gc,phases   ] GC(3345)   Evacuate Collection Set: 29.3ms
[2025-01-07T20:43:42.727+0000][87493.093s][info][gc,phases   ] GC(3345)   Post Evacuate Collection Set: 2.6ms
[2025-01-07T20:43:42.727+0000][87493.093s][info][gc,phases   ] GC(3345)   Other: 0.2ms
[2025-01-07T20:43:42.727+0000][87493.093s][info][gc,heap     ] GC(3345) Eden regions: 913->0(67)
[2025-01-07T20:43:42.727+0000][87493.093s][info][gc,heap     ] GC(3345) Survivor regions: 8->9(116)
[2025-01-07T20:43:42.727+0000][87493.093s][info][gc,heap     ] GC(3345) Old regions: 240->240
[2025-01-07T20:43:42.727+0000][87493.093s][info][gc,heap     ] GC(3345) Archive regions: 2->2
[2025-01-07T20:43:42.727+0000][87493.093s][info][gc,heap     ] GC(3345) Humongous regions: 49->49
[2025-01-07T20:43:42.727+0000][87493.093s][info][gc,metaspace] GC(3345) Metaspace: 498864K(507200K)->498864K(507200K) NonClass: 438275K(442560K)->438275K(442560K) Class: 60589K(64640K)->60589K(64640K)
[2025-01-07T20:43:42.727+0000][87493.093s][info][gc          ] GC(3345) Pause Young (Prepare Mixed) (G1 Evacuation Pause) 9681M->2386M(12288M) 33.076ms
[2025-01-07T20:43:42.727+0000][87493.093s][info][gc,cpu      ] GC(3345) User=0.19s Sys=0.00s Real=0.03s
[2025-01-07T20:43:43.070+0000][87493.436s][info][gc,start    ] GC(3346) Pause Young (Mixed) (G1 Evacuation Pause)
[2025-01-07T20:43:43.070+0000][87493.436s][info][gc,task     ] GC(3346) Using 6 workers of 6 for evacuation
[2025-01-07T20:43:43.143+0000][87493.509s][info][gc,phases   ] GC(3346)   Pre Evacuate Collection Set: 0.2ms
[2025-01-07T20:43:43.143+0000][87493.509s][info][gc,phases   ] GC(3346)   Merge Heap Roots: 0.8ms
[2025-01-07T20:43:43.143+0000][87493.509s][info][gc,phases   ] GC(3346)   Evacuate Collection Set: 69.5ms
[2025-01-07T20:43:43.143+0000][87493.509s][info][gc,phases   ] GC(3346)   Post Evacuate Collection Set: 2.2ms
[2025-01-07T20:43:43.143+0000][87493.509s][info][gc,phases   ] GC(3346)   Other: 0.2ms
[2025-01-07T20:43:43.143+0000][87493.509s][info][gc,heap     ] GC(3346) Eden regions: 67->0(916)
[2025-01-07T20:43:43.143+0000][87493.509s][info][gc,heap     ] GC(3346) Survivor regions: 9->5(10)
[2025-01-07T20:43:43.143+0000][87493.509s][info][gc,heap     ] GC(3346) Old regions: 240->239
[2025-01-07T20:43:43.143+0000][87493.509s][info][gc,heap     ] GC(3346) Archive regions: 2->2
[2025-01-07T20:43:43.143+0000][87493.509s][info][gc,heap     ] GC(3346) Humongous regions: 49->49
[2025-01-07T20:43:43.143+0000][87493.509s][info][gc,metaspace] GC(3346) Metaspace: 498864K(507200K)->498864K(507200K) NonClass: 438275K(442560K)->438275K(442560K) Class: 60589K(64640K)->60589K(64640K)
[2025-01-07T20:43:43.143+0000][87493.509s][info][gc          ] GC(3346) Pause Young (Mixed) (G1 Evacuation Pause) 2922M->2342M(12288M) 72.928ms
[2025-01-07T20:43:43.143+0000][87493.509s][info][gc,cpu      ] GC(3346) User=0.40s Sys=0.00s Real=0.07s
[2025-01-07T20:43:50.552+0000][87500.918s][info][gc,start    ] GC(3347) Pause Young (Normal) (G1 Evacuation Pause)
[2025-01-07T20:43:50.552+0000][87500.918s][info][gc,task     ] GC(3347) Using 6 workers of 6 for evacuation
[2025-01-07T20:43:50.580+0000][87500.946s][info][gc,phases   ] GC(3347)   Pre Evacuate Collection Set: 0.2ms
[2025-01-07T20:43:50.580+0000][87500.946s][info][gc,phases   ] GC(3347)   Merge Heap Roots: 0.4ms
[2025-01-07T20:43:50.580+0000][87500.946s][info][gc,phases   ] GC(3347)   Evacuate Collection Set: 22.1ms
[2025-01-07T20:43:50.580+0000][87500.946s][info][gc,phases   ] GC(3347)   Post Evacuate Collection Set: 5.2ms
[2025-01-07T20:43:50.580+0000][87500.946s][info][gc,phases   ] GC(3347)   Other: 0.2ms
[2025-01-07T20:43:50.580+0000][87500.946s][info][gc,heap     ] GC(3347) Eden regions: 916->0(913)
[2025-01-07T20:43:50.580+0000][87500.946s][info][gc,heap     ] GC(3347) Survivor regions: 5->8(116)
[2025-01-07T20:43:50.580+0000][87500.946s][info][gc,heap     ] GC(3347) Old regions: 239->239
[2025-01-07T20:43:50.580+0000][87500.946s][info][gc,heap     ] GC(3347) Archive regions: 2->2
[2025-01-07T20:43:50.580+0000][87500.946s][info][gc,heap     ] GC(3347) Humongous regions: 49->49
[2025-01-07T20:43:50.580+0000][87500.946s][info][gc,metaspace] GC(3347) Metaspace: 498864K(507200K)->498864K(507200K) NonClass: 438275K(442560K)->438275K(442560K) Class: 60589K(64640K)->60589K(64640K)
[2025-01-07T20:43:50.580+0000][87500.946s][info][gc          ] GC(3347) Pause Young (Normal) (G1 Evacuation Pause) 9670M->2367M(12288M) 28.247ms
[2025-01-07T20:43:50.580+0000][87500.946s][info][gc,cpu      ] GC(3347) User=0.16s Sys=0.00s Real=0.02s
[2025-01-07T20:43:58.603+0000][87508.969s][info][gc,start    ] GC(3348) Pause Young (Normal) (G1 Evacuation Pause)
[2025-01-07T20:43:58.603+0000][87508.969s][info][gc,task     ] GC(3348) Using 6 workers of 6 for evacuation
[2025-01-07T20:43:58.630+0000][87508.996s][info][gc,phases   ] GC(3348)   Pre Evacuate Collection Set: 0.2ms
[2025-01-07T20:43:58.630+0000][87508.996s][info][gc,phases   ] GC(3348)   Merge Heap Roots: 0.4ms
[2025-01-07T20:43:58.630+0000][87508.996s][info][gc,phases   ] GC(3348)   Evacuate Collection Set: 23.0ms
[2025-01-07T20:43:58.630+0000][87508.996s][info][gc,phases   ] GC(3348)   Post Evacuate Collection Set: 2.6ms
[2025-01-07T20:43:58.630+0000][87508.996s][info][gc,phases   ] GC(3348)   Other: 0.2ms
[2025-01-07T20:43:58.630+0000][87508.996s][info][gc,heap     ] GC(3348) Eden regions: 913->0(914)
[2025-01-07T20:43:58.630+0000][87508.996s][info][gc,heap     ] GC(3348) Survivor regions: 8->7(116)
[2025-01-07T20:43:58.630+0000][87508.996s][info][gc,heap     ] GC(3348) Old regions: 239->239
[2025-01-07T20:43:58.630+0000][87508.996s][info][gc,heap     ] GC(3348) Archive regions: 2->2
[2025-01-07T20:43:58.630+0000][87508.996s][info][gc,heap     ] GC(3348) Humongous regions: 49->49
[2025-01-07T20:43:58.630+0000][87508.996s][info][gc,metaspace] GC(3348) Metaspace: 498864K(507200K)->498864K(507200K) NonClass: 438275K(442560K)->438275K(442560K) Class: 60589K(64640K)->60589K(64640K)
[2025-01-07T20:43:58.630+0000][87508.996s][info][gc          ] GC(3348) Pause Young (Normal) (G1 Evacuation Pause) 9671M->2364M(12288M) 26.491ms
[2025-01-07T20:43:58.630+0000][87508.996s][info][gc,cpu      ] GC(3348) User=0.15s Sys=0.00s Real=0.03s
[2025-01-07T20:44:05.535+0000][87515.901s][info][gc,start    ] GC(3349) Pause Young (Concurrent Start) (G1 Evacuation Pause)
[2025-01-07T20:44:05.535+0000][87515.901s][info][gc,task     ] GC(3349) Using 6 workers of 6 for evacuation
[2025-01-07T20:44:05.570+0000][87515.936s][info][gc,phases   ] GC(3349)   Pre Evacuate Collection Set: 1.0ms
[2025-01-07T20:44:05.570+0000][87515.936s][info][gc,phases   ] GC(3349)   Merge Heap Roots: 0.4ms
[2025-01-07T20:44:05.570+0000][87515.936s][info][gc,phases   ] GC(3349)   Evacuate Collection Set: 28.7ms
[2025-01-07T20:44:05.570+0000][87515.936s][info][gc,phases   ] GC(3349)   Post Evacuate Collection Set: 3.9ms
[2025-01-07T20:44:05.570+0000][87515.936s][info][gc,phases   ] GC(3349)   Other: 0.3ms
[2025-01-07T20:44:05.570+0000][87515.936s][info][gc,heap     ] GC(3349) Eden regions: 914->0(911)
[2025-01-07T20:44:05.570+0000][87515.936s][info][gc,heap     ] GC(3349) Survivor regions: 7->10(116)
[2025-01-07T20:44:05.570+0000][87515.936s][info][gc,heap     ] GC(3349) Old regions: 239->239
[2025-01-07T20:44:05.570+0000][87515.936s][info][gc,heap     ] GC(3349) Archive regions: 2->2
[2025-01-07T20:44:05.570+0000][87515.936s][info][gc,heap     ] GC(3349) Humongous regions: 49->49
[2025-01-07T20:44:05.570+0000][87515.936s][info][gc,metaspace] GC(3349) Metaspace: 498864K(507200K)->498864K(507200K) NonClass: 438275K(442560K)->438275K(442560K) Class: 60589K(64640K)->60589K(64640K)
[2025-01-07T20:44:05.570+0000][87515.936s][info][gc          ] GC(3349) Pause Young (Concurrent Start) (G1 Evacuation Pause) 9676M->2385M(12288M) 34.489ms
[2025-01-07T20:44:05.570+0000][87515.936s][info][gc,cpu      ] GC(3349) User=0.19s Sys=0.00s Real=0.04s
[2025-01-07T20:44:05.570+0000][87515.936s][info][gc          ] GC(3350) Concurrent Mark Cycle
[2025-01-07T20:44:05.570+0000][87515.936s][info][gc,marking  ] GC(3350) Concurrent Clear Claimed Marks
[2025-01-07T20:44:05.571+0000][87515.937s][info][gc,marking  ] GC(3350) Concurrent Clear Claimed Marks 0.848ms
[2025-01-07T20:44:05.571+0000][87515.937s][info][gc,marking  ] GC(3350) Concurrent Scan Root Regions
[2025-01-07T20:44:05.596+0000][87515.962s][info][gc,marking  ] GC(3350) Concurrent Scan Root Regions 24.903ms
[2025-01-07T20:44:05.596+0000][87515.962s][info][gc,marking  ] GC(3350) Concurrent Mark
[2025-01-07T20:44:05.596+0000][87515.962s][info][gc,marking  ] GC(3350) Concurrent Mark From Roots
[2025-01-07T20:44:05.596+0000][87515.962s][info][gc,task     ] GC(3350) Using 2 workers of 2 for marking
[2025-01-07T20:44:06.437+0000][87516.803s][info][gc,marking  ] GC(3350) Concurrent Mark From Roots 840.976ms
[2025-01-07T20:44:06.437+0000][87516.803s][info][gc,marking  ] GC(3350) Concurrent Preclean
[2025-01-07T20:44:06.439+0000][87516.805s][info][gc,marking  ] GC(3350) Concurrent Preclean 2.286ms
[2025-01-07T20:44:06.439+0000][87516.805s][info][gc,start    ] GC(3350) Pause Remark
[2025-01-07T20:44:06.464+0000][87516.830s][info][gc          ] GC(3350) Pause Remark 3274M->3274M(12288M) 25.096ms
[2025-01-07T20:44:06.464+0000][87516.830s][info][gc,cpu      ] GC(3350) User=0.14s Sys=0.00s Real=0.03s
[2025-01-07T20:44:06.464+0000][87516.830s][info][gc,marking  ] GC(3350) Concurrent Mark 868.761ms
[2025-01-07T20:44:06.464+0000][87516.831s][info][gc,marking  ] GC(3350) Concurrent Rebuild Remembered Sets
[2025-01-07T20:44:07.064+0000][87517.430s][info][gc,marking  ] GC(3350) Concurrent Rebuild Remembered Sets 599.978ms
[2025-01-07T20:44:07.065+0000][87517.431s][info][gc,start    ] GC(3350) Pause Cleanup
[2025-01-07T20:44:07.065+0000][87517.431s][info][gc          ] GC(3350) Pause Cleanup 4129M->4129M(12288M) 0.420ms
[2025-01-07T20:44:07.065+0000][87517.431s][info][gc,cpu      ] GC(3350) User=0.00s Sys=0.00s Real=0.00s
[2025-01-07T20:44:07.065+0000][87517.431s][info][gc,marking  ] GC(3350) Concurrent Cleanup for Next Mark
[2025-01-07T20:44:07.081+0000][87517.447s][info][gc,marking  ] GC(3350) Concurrent Cleanup for Next Mark 15.457ms
[2025-01-07T20:44:07.081+0000][87517.447s][info][gc          ] GC(3350) Concurrent Mark Cycle 1510.796ms
[2025-01-07T20:44:12.583+0000][87522.949s][info][gc,start    ] GC(3351) Pause Young (Prepare Mixed) (GCLocker Initiated GC)
[2025-01-07T20:44:12.583+0000][87522.949s][info][gc,task     ] GC(3351) Using 6 workers of 6 for evacuation
[2025-01-07T20:44:12.618+0000][87522.984s][info][gc,phases   ] GC(3351)   Pre Evacuate Collection Set: 0.2ms
[2025-01-07T20:44:12.618+0000][87522.984s][info][gc,phases   ] GC(3351)   Merge Heap Roots: 0.7ms
[2025-01-07T20:44:12.618+0000][87522.984s][info][gc,phases   ] GC(3351)   Evacuate Collection Set: 31.5ms
[2025-01-07T20:44:12.618+0000][87522.984s][info][gc,phases   ] GC(3351)   Post Evacuate Collection Set: 2.7ms
[2025-01-07T20:44:12.618+0000][87522.984s][info][gc,phases   ] GC(3351)   Other: 0.2ms
[2025-01-07T20:44:12.618+0000][87522.984s][info][gc,heap     ] GC(3351) Eden regions: 911->0(65)
[2025-01-07T20:44:12.618+0000][87522.984s][info][gc,heap     ] GC(3351) Survivor regions: 10->11(116)
[2025-01-07T20:44:12.618+0000][87522.984s][info][gc,heap     ] GC(3351) Old regions: 239->239
[2025-01-07T20:44:12.618+0000][87522.984s][info][gc,heap     ] GC(3351) Archive regions: 2->2
[2025-01-07T20:44:12.618+0000][87522.984s][info][gc,heap     ] GC(3351) Humongous regions: 49->49
[2025-01-07T20:44:12.618+0000][87522.984s][info][gc,metaspace] GC(3351) Metaspace: 498864K(507200K)->498864K(507200K) NonClass: 438275K(442560K)->438275K(442560K) Class: 60589K(64640K)->60589K(64640K)
[2025-01-07T20:44:12.618+0000][87522.984s][info][gc          ] GC(3351) Pause Young (Prepare Mixed) (GCLocker Initiated GC) 9673M->2393M(12288M) 35.384ms
[2025-01-07T20:44:12.618+0000][87522.984s][info][gc,cpu      ] GC(3351) User=0.21s Sys=0.00s Real=0.03s
[2025-01-07T20:44:13.047+0000][87523.413s][info][gc,start    ] GC(3352) Pause Young (Mixed) (G1 Evacuation Pause)
[2025-01-07T20:44:13.047+0000][87523.413s][info][gc,task     ] GC(3352) Using 6 workers of 6 for evacuation
[2025-01-07T20:44:13.103+0000][87523.469s][info][gc,phases   ] GC(3352)   Pre Evacuate Collection Set: 0.2ms
[2025-01-07T20:44:13.103+0000][87523.469s][info][gc,phases   ] GC(3352)   Merge Heap Roots: 0.6ms
[2025-01-07T20:44:13.103+0000][87523.469s][info][gc,phases   ] GC(3352)   Evacuate Collection Set: 54.1ms
[2025-01-07T20:44:13.103+0000][87523.469s][info][gc,phases   ] GC(3352)   Post Evacuate Collection Set: 1.7ms
[2025-01-07T20:44:13.103+0000][87523.469s][info][gc,phases   ] GC(3352)   Other: 0.2ms
[2025-01-07T20:44:13.103+0000][87523.469s][info][gc,heap     ] GC(3352) Eden regions: 65->0(916)
[2025-01-07T20:44:13.103+0000][87523.469s][info][gc,heap     ] GC(3352) Survivor regions: 11->5(10)
[2025-01-07T20:44:13.103+0000][87523.469s][info][gc,heap     ] GC(3352) Old regions: 239->240
[2025-01-07T20:44:13.103+0000][87523.469s][info][gc,heap     ] GC(3352) Archive regions: 2->2
[2025-01-07T20:44:13.103+0000][87523.469s][info][gc,heap     ] GC(3352) Humongous regions: 49->49
[2025-01-07T20:44:13.103+0000][87523.469s][info][gc,metaspace] GC(3352) Metaspace: 498864K(507200K)->498864K(507200K) NonClass: 438275K(442560K)->438275K(442560K) Class: 60589K(64640K)->60589K(64640K)
[2025-01-07T20:44:13.103+0000][87523.469s][info][gc          ] GC(3352) Pause Young (Mixed) (G1 Evacuation Pause) 2913M->2354M(12288M) 56.784ms
[2025-01-07T20:44:13.103+0000][87523.470s][info][gc,cpu      ] GC(3352) User=0.33s Sys=0.00s Real=0.06s
[2025-01-07T20:44:21.390+0000][87531.757s][info][gc,start    ] GC(3353) Pause Young (Normal) (G1 Evacuation Pause)
[2025-01-07T20:44:21.391+0000][87531.757s][info][gc,task     ] GC(3353) Using 6 workers of 6 for evacuation
[2025-01-07T20:44:21.414+0000][87531.781s][info][gc,phases   ] GC(3353)   Pre Evacuate Collection Set: 0.2ms
[2025-01-07T20:44:21.414+0000][87531.781s][info][gc,phases   ] GC(3353)   Merge Heap Roots: 0.4ms
[2025-01-07T20:44:21.414+0000][87531.781s][info][gc,phases   ] GC(3353)   Evacuate Collection Set: 20.7ms
[2025-01-07T20:44:21.414+0000][87531.781s][info][gc,phases   ] GC(3353)   Post Evacuate Collection Set: 2.5ms
[2025-01-07T20:44:21.414+0000][87531.781s][info][gc,phases   ] GC(3353)   Other: 0.2ms
[2025-01-07T20:44:21.414+0000][87531.781s][info][gc,heap     ] GC(3353) Eden regions: 916->0(914)
[2025-01-07T20:44:21.415+0000][87531.781s][info][gc,heap     ] GC(3353) Survivor regions: 5->7(116)
[2025-01-07T20:44:21.415+0000][87531.781s][info][gc,heap     ] GC(3353) Old regions: 240->240
[2025-01-07T20:44:21.415+0000][87531.781s][info][gc,heap     ] GC(3353) Archive regions: 2->2
[2025-01-07T20:44:21.415+0000][87531.781s][info][gc,heap     ] GC(3353) Humongous regions: 49->49
[2025-01-07T20:44:21.415+0000][87531.781s][info][gc,metaspace] GC(3353) Metaspace: 498864K(507200K)->498864K(507200K) NonClass: 438275K(442560K)->438275K(442560K) Class: 60589K(64640K)->60589K(64640K)
[2025-01-07T20:44:21.415+0000][87531.781s][info][gc          ] GC(3353) Pause Young (Normal) (G1 Evacuation Pause) 9682M->2365M(12288M) 24.047ms
[2025-01-07T20:44:21.415+0000][87531.781s][info][gc,cpu      ] GC(3353) User=0.14s Sys=0.00s Real=0.02s
[2025-01-07T20:44:28.812+0000][87539.179s][info][gc,start    ] GC(3354) Pause Young (Normal) (G1 Evacuation Pause)
[2025-01-07T20:44:28.813+0000][87539.179s][info][gc,task     ] GC(3354) Using 6 workers of 6 for evacuation
[2025-01-07T20:44:28.838+0000][87539.205s][info][gc,phases   ] GC(3354)   Pre Evacuate Collection Set: 0.2ms
[2025-01-07T20:44:28.838+0000][87539.205s][info][gc,phases   ] GC(3354)   Merge Heap Roots: 0.4ms
[2025-01-07T20:44:28.838+0000][87539.205s][info][gc,phases   ] GC(3354)   Evacuate Collection Set: 22.6ms
[2025-01-07T20:44:28.838+0000][87539.205s][info][gc,phases   ] GC(3354)   Post Evacuate Collection Set: 2.5ms
[2025-01-07T20:44:28.838+0000][87539.205s][info][gc,phases   ] GC(3354)   Other: 0.2ms
[2025-01-07T20:44:28.838+0000][87539.205s][info][gc,heap     ] GC(3354) Eden regions: 914->0(913)
[2025-01-07T20:44:28.839+0000][87539.205s][info][gc,heap     ] GC(3354) Survivor regions: 7->8(116)
[2025-01-07T20:44:28.839+0000][87539.205s][info][gc,heap     ] GC(3354) Old regions: 240->240
[2025-01-07T20:44:28.839+0000][87539.205s][info][gc,heap     ] GC(3354) Archive regions: 2->2
[2025-01-07T20:44:28.839+0000][87539.205s][info][gc,heap     ] GC(3354) Humongous regions: 49->49
[2025-01-07T20:44:28.839+0000][87539.205s][info][gc,metaspace] GC(3354) Metaspace: 498864K(507200K)->498864K(507200K) NonClass: 438275K(442560K)->438275K(442560K) Class: 60589K(64640K)->60589K(64640K)
[2025-01-07T20:44:28.839+0000][87539.205s][info][gc          ] GC(3354) Pause Young (Normal) (G1 Evacuation Pause) 9677M->2377M(12288M) 26.068ms
[2025-01-07T20:44:28.839+0000][87539.205s][info][gc,cpu      ] GC(3354) User=0.15s Sys=0.00s Real=0.02s
[2025-01-07T20:44:34.986+0000][87545.352s][info][gc,start    ] GC(3355) Pause Young (Concurrent Start) (G1 Evacuation Pause)
[2025-01-07T20:44:34.986+0000][87545.352s][info][gc,task     ] GC(3355) Using 6 workers of 6 for evacuation
[2025-01-07T20:44:35.015+0000][87545.382s][info][gc,phases   ] GC(3355)   Pre Evacuate Collection Set: 1.0ms
[2025-01-07T20:44:35.016+0000][87545.382s][info][gc,phases   ] GC(3355)   Merge Heap Roots: 0.5ms
[2025-01-07T20:44:35.016+0000][87545.382s][info][gc,phases   ] GC(3355)   Evacuate Collection Set: 25.3ms
[2025-01-07T20:44:35.016+0000][87545.382s][info][gc,phases   ] GC(3355)   Post Evacuate Collection Set: 2.6ms
[2025-01-07T20:44:35.016+0000][87545.382s][info][gc,phases   ] GC(3355)   Other: 0.3ms
[2025-01-07T20:44:35.016+0000][87545.382s][info][gc,heap     ] GC(3355) Eden regions: 913->0(912)
[2025-01-07T20:44:35.016+0000][87545.382s][info][gc,heap     ] GC(3355) Survivor regions: 8->9(116)
[2025-01-07T20:44:35.016+0000][87545.382s][info][gc,heap     ] GC(3355) Old regions: 240->240
[2025-01-07T20:44:35.016+0000][87545.382s][info][gc,heap     ] GC(3355) Archive regions: 2->2
[2025-01-07T20:44:35.016+0000][87545.382s][info][gc,heap     ] GC(3355) Humongous regions: 49->49
[2025-01-07T20:44:35.016+0000][87545.382s][info][gc,metaspace] GC(3355) Metaspace: 498864K(507200K)->498864K(507200K) NonClass: 438275K(442560K)->438275K(442560K) Class: 60589K(64640K)->60589K(64640K)
[2025-01-07T20:44:35.016+0000][87545.382s][info][gc          ] GC(3355) Pause Young (Concurrent Start) (G1 Evacuation Pause) 9681M->2385M(12288M) 29.718ms
[2025-01-07T20:44:35.016+0000][87545.382s][info][gc,cpu      ] GC(3355) User=0.16s Sys=0.01s Real=0.03s
[2025-01-07T20:44:35.016+0000][87545.382s][info][gc          ] GC(3356) Concurrent Mark Cycle
[2025-01-07T20:44:35.016+0000][87545.382s][info][gc,marking  ] GC(3356) Concurrent Clear Claimed Marks
[2025-01-07T20:44:35.017+0000][87545.383s][info][gc,marking  ] GC(3356) Concurrent Clear Claimed Marks 0.799ms
[2025-01-07T20:44:35.017+0000][87545.383s][info][gc,marking  ] GC(3356) Concurrent Scan Root Regions
[2025-01-07T20:44:35.034+0000][87545.400s][info][gc,marking  ] GC(3356) Concurrent Scan Root Regions 17.036ms
[2025-01-07T20:44:35.034+0000][87545.400s][info][gc,marking  ] GC(3356) Concurrent Mark
[2025-01-07T20:44:35.034+0000][87545.400s][info][gc,marking  ] GC(3356) Concurrent Mark From Roots
[2025-01-07T20:44:35.034+0000][87545.400s][info][gc,task     ] GC(3356) Using 2 workers of 2 for marking
[2025-01-07T20:44:35.977+0000][87546.343s][info][gc,marking  ] GC(3356) Concurrent Mark From Roots 943.270ms
[2025-01-07T20:44:35.977+0000][87546.343s][info][gc,marking  ] GC(3356) Concurrent Preclean
[2025-01-07T20:44:35.979+0000][87546.345s][info][gc,marking  ] GC(3356) Concurrent Preclean 2.291ms
[2025-01-07T20:44:35.979+0000][87546.345s][info][gc,start    ] GC(3356) Pause Remark
[2025-01-07T20:44:36.005+0000][87546.371s][info][gc          ] GC(3356) Pause Remark 3357M->3357M(12288M) 25.282ms
[2025-01-07T20:44:36.005+0000][87546.371s][info][gc,cpu      ] GC(3356) User=0.15s Sys=0.00s Real=0.03s
[2025-01-07T20:44:36.005+0000][87546.371s][info][gc,marking  ] GC(3356) Concurrent Mark 971.167ms
[2025-01-07T20:44:36.005+0000][87546.371s][info][gc,marking  ] GC(3356) Concurrent Rebuild Remembered Sets
[2025-01-07T20:44:36.538+0000][87546.904s][info][gc,marking  ] GC(3356) Concurrent Rebuild Remembered Sets 532.800ms
[2025-01-07T20:44:36.538+0000][87546.904s][info][gc,start    ] GC(3356) Pause Cleanup
[2025-01-07T20:44:36.538+0000][87546.904s][info][gc          ] GC(3356) Pause Cleanup 3937M->3937M(12288M) 0.385ms
[2025-01-07T20:44:36.538+0000][87546.904s][info][gc,cpu      ] GC(3356) User=0.00s Sys=0.00s Real=0.00s
[2025-01-07T20:44:36.538+0000][87546.904s][info][gc,marking  ] GC(3356) Concurrent Cleanup for Next Mark
[2025-01-07T20:44:36.567+0000][87546.933s][info][gc,marking  ] GC(3356) Concurrent Cleanup for Next Mark 28.340ms
[2025-01-07T20:44:36.567+0000][87546.933s][info][gc          ] GC(3356) Concurrent Mark Cycle 1550.925ms
[2025-01-07T20:44:41.936+0000][87552.303s][info][gc,start    ] GC(3357) Pause Young (Prepare Mixed) (G1 Evacuation Pause)
[2025-01-07T20:44:41.936+0000][87552.303s][info][gc,task     ] GC(3357) Using 6 workers of 6 for evacuation
[2025-01-07T20:44:41.973+0000][87552.339s][info][gc,phases   ] GC(3357)   Pre Evacuate Collection Set: 0.2ms
[2025-01-07T20:44:41.973+0000][87552.339s][info][gc,phases   ] GC(3357)   Merge Heap Roots: 0.7ms
[2025-01-07T20:44:41.973+0000][87552.339s][info][gc,phases   ] GC(3357)   Evacuate Collection Set: 30.0ms
[2025-01-07T20:44:41.973+0000][87552.339s][info][gc,phases   ] GC(3357)   Post Evacuate Collection Set: 5.3ms
[2025-01-07T20:44:41.973+0000][87552.339s][info][gc,phases   ] GC(3357)   Other: 0.2ms
[2025-01-07T20:44:41.973+0000][87552.339s][info][gc,heap     ] GC(3357) Eden regions: 912->0(64)
[2025-01-07T20:44:41.973+0000][87552.339s][info][gc,heap     ] GC(3357) Survivor regions: 9->12(116)
[2025-01-07T20:44:41.973+0000][87552.339s][info][gc,heap     ] GC(3357) Old regions: 240->240
[2025-01-07T20:44:41.973+0000][87552.339s][info][gc,heap     ] GC(3357) Archive regions: 2->2
[2025-01-07T20:44:41.973+0000][87552.339s][info][gc,heap     ] GC(3357) Humongous regions: 49->49
[2025-01-07T20:44:41.973+0000][87552.339s][info][gc,metaspace] GC(3357) Metaspace: 498864K(507200K)->498864K(507200K) NonClass: 438275K(442560K)->438275K(442560K) Class: 60589K(64640K)->60589K(64640K)
[2025-01-07T20:44:41.973+0000][87552.339s][info][gc          ] GC(3357) Pause Young (Prepare Mixed) (G1 Evacuation Pause) 9681M->2406M(12288M) 36.490ms
[2025-01-07T20:44:41.973+0000][87552.339s][info][gc,cpu      ] GC(3357) User=0.21s Sys=0.00s Real=0.04s
[2025-01-07T20:44:42.415+0000][87552.781s][info][gc,start    ] GC(3358) Pause Young (Mixed) (G1 Evacuation Pause)
[2025-01-07T20:44:42.415+0000][87552.781s][info][gc,task     ] GC(3358) Using 6 workers of 6 for evacuation
[2025-01-07T20:44:42.483+0000][87552.849s][info][gc,phases   ] GC(3358)   Pre Evacuate Collection Set: 0.2ms
[2025-01-07T20:44:42.483+0000][87552.849s][info][gc,phases   ] GC(3358)   Merge Heap Roots: 0.7ms
[2025-01-07T20:44:42.483+0000][87552.849s][info][gc,phases   ] GC(3358)   Evacuate Collection Set: 64.7ms
[2025-01-07T20:44:42.483+0000][87552.849s][info][gc,phases   ] GC(3358)   Post Evacuate Collection Set: 2.0ms
[2025-01-07T20:44:42.483+0000][87552.849s][info][gc,phases   ] GC(3358)   Other: 0.2ms
[2025-01-07T20:44:42.483+0000][87552.849s][info][gc,heap     ] GC(3358) Eden regions: 64->0(914)
[2025-01-07T20:44:42.483+0000][87552.849s][info][gc,heap     ] GC(3358) Survivor regions: 12->5(10)
[2025-01-07T20:44:42.483+0000][87552.849s][info][gc,heap     ] GC(3358) Old regions: 240->243
[2025-01-07T20:44:42.483+0000][87552.849s][info][gc,heap     ] GC(3358) Archive regions: 2->2
[2025-01-07T20:44:42.483+0000][87552.849s][info][gc,heap     ] GC(3358) Humongous regions: 49->49
[2025-01-07T20:44:42.483+0000][87552.849s][info][gc,metaspace] GC(3358) Metaspace: 498864K(507200K)->498864K(507200K) NonClass: 438275K(442560K)->438275K(442560K) Class: 60589K(64640K)->60589K(64640K)
[2025-01-07T20:44:42.483+0000][87552.849s][info][gc          ] GC(3358) Pause Young (Mixed) (G1 Evacuation Pause) 2918M->2371M(12288M) 67.879ms
[2025-01-07T20:44:42.483+0000][87552.849s][info][gc,cpu      ] GC(3358) User=0.40s Sys=0.00s Real=0.07s
[2025-01-07T20:44:50.526+0000][87560.892s][info][gc,start    ] GC(3359) Pause Young (Normal) (G1 Evacuation Pause)
[2025-01-07T20:44:50.526+0000][87560.892s][info][gc,task     ] GC(3359) Using 6 workers of 6 for evacuation
[2025-01-07T20:44:50.550+0000][87560.916s][info][gc,phases   ] GC(3359)   Pre Evacuate Collection Set: 0.2ms
[2025-01-07T20:44:50.550+0000][87560.916s][info][gc,phases   ] GC(3359)   Merge Heap Roots: 0.5ms
[2025-01-07T20:44:50.550+0000][87560.916s][info][gc,phases   ] GC(3359)   Evacuate Collection Set: 20.4ms
[2025-01-07T20:44:50.550+0000][87560.916s][info][gc,phases   ] GC(3359)   Post Evacuate Collection Set: 2.5ms
[2025-01-07T20:44:50.550+0000][87560.916s][info][gc,phases   ] GC(3359)   Other: 0.2ms
[2025-01-07T20:44:50.550+0000][87560.916s][info][gc,heap     ] GC(3359) Eden regions: 914->0(916)
[2025-01-07T20:44:50.550+0000][87560.916s][info][gc,heap     ] GC(3359) Survivor regions: 5->5(115)
[2025-01-07T20:44:50.550+0000][87560.916s][info][gc,heap     ] GC(3359) Old regions: 243->243
[2025-01-07T20:44:50.550+0000][87560.916s][info][gc,heap     ] GC(3359) Archive regions: 2->2
[2025-01-07T20:44:50.550+0000][87560.916s][info][gc,heap     ] GC(3359) Humongous regions: 49->49
[2025-01-07T20:44:50.550+0000][87560.916s][info][gc,metaspace] GC(3359) Metaspace: 498864K(507200K)->498864K(507200K) NonClass: 438275K(442560K)->438275K(442560K) Class: 60589K(64640K)->60589K(64640K)
[2025-01-07T20:44:50.550+0000][87560.916s][info][gc          ] GC(3359) Pause Young (Normal) (G1 Evacuation Pause) 9683M->2376M(12288M) 23.882ms
[2025-01-07T20:44:50.550+0000][87560.916s][info][gc,cpu      ] GC(3359) User=0.14s Sys=0.00s Real=0.03s
[2025-01-07T20:44:59.551+0000][87569.917s][info][gc,start    ] GC(3360) Pause Young (Normal) (G1 Evacuation Pause)
[2025-01-07T20:44:59.551+0000][87569.918s][info][gc,task     ] GC(3360) Using 6 workers of 6 for evacuation
[2025-01-07T20:44:59.581+0000][87569.947s][info][gc,phases   ] GC(3360)   Pre Evacuate Collection Set: 0.2ms
[2025-01-07T20:44:59.581+0000][87569.947s][info][gc,phases   ] GC(3360)   Merge Heap Roots: 0.4ms
[2025-01-07T20:44:59.581+0000][87569.947s][info][gc,phases   ] GC(3360)   Evacuate Collection Set: 24.5ms
[2025-01-07T20:44:59.581+0000][87569.947s][info][gc,phases   ] GC(3360)   Post Evacuate Collection Set: 4.0ms
[2025-01-07T20:44:59.581+0000][87569.947s][info][gc,phases   ] GC(3360)   Other: 0.2ms
[2025-01-07T20:44:59.581+0000][87569.947s][info][gc,heap     ] GC(3360) Eden regions: 916->0(911)
[2025-01-07T20:44:59.581+0000][87569.947s][info][gc,heap     ] GC(3360) Survivor regions: 5->8(116)
[2025-01-07T20:44:59.581+0000][87569.947s][info][gc,heap     ] GC(3360) Old regions: 243->243
[2025-01-07T20:44:59.581+0000][87569.947s][info][gc,heap     ] GC(3360) Archive regions: 2->2
[2025-01-07T20:44:59.581+0000][87569.947s][info][gc,heap     ] GC(3360) Humongous regions: 49->49
[2025-01-07T20:44:59.581+0000][87569.947s][info][gc,metaspace] GC(3360) Metaspace: 498864K(507200K)->498864K(507200K) NonClass: 438275K(442560K)->438275K(442560K) Class: 60589K(64640K)->60589K(64640K)
[2025-01-07T20:44:59.581+0000][87569.947s][info][gc          ] GC(3360) Pause Young (Normal) (G1 Evacuation Pause) 9704M->2396M(12288M) 29.403ms
[2025-01-07T20:44:59.581+0000][87569.947s][info][gc,cpu      ] GC(3360) User=0.17s Sys=0.00s Real=0.02s
[2025-01-07T20:45:06.520+0000][87576.886s][info][gc,start    ] GC(3361) Pause Young (Concurrent Start) (G1 Evacuation Pause)
[2025-01-07T20:45:06.520+0000][87576.886s][info][gc,task     ] GC(3361) Using 6 workers of 6 for evacuation
[2025-01-07T20:45:06.551+0000][87576.917s][info][gc,phases   ] GC(3361)   Pre Evacuate Collection Set: 1.0ms
[2025-01-07T20:45:06.551+0000][87576.917s][info][gc,phases   ] GC(3361)   Merge Heap Roots: 0.5ms
[2025-01-07T20:45:06.551+0000][87576.917s][info][gc,phases   ] GC(3361)   Evacuate Collection Set: 26.5ms
[2025-01-07T20:45:06.551+0000][87576.917s][info][gc,phases   ] GC(3361)   Post Evacuate Collection Set: 2.6ms
[2025-01-07T20:45:06.551+0000][87576.917s][info][gc,phases   ] GC(3361)   Other: 0.3ms
[2025-01-07T20:45:06.551+0000][87576.917s][info][gc,heap     ] GC(3361) Eden regions: 911->0(910)
[2025-01-07T20:45:06.551+0000][87576.917s][info][gc,heap     ] GC(3361) Survivor regions: 8->9(115)
[2025-01-07T20:45:06.551+0000][87576.917s][info][gc,heap     ] GC(3361) Old regions: 243->243
[2025-01-07T20:45:06.551+0000][87576.917s][info][gc,heap     ] GC(3361) Archive regions: 2->2
[2025-01-07T20:45:06.551+0000][87576.917s][info][gc,heap     ] GC(3361) Humongous regions: 49->49
[2025-01-07T20:45:06.551+0000][87576.917s][info][gc,metaspace] GC(3361) Metaspace: 498864K(507200K)->498864K(507200K) NonClass: 438275K(442560K)->438275K(442560K) Class: 60589K(64640K)->60589K(64640K)
[2025-01-07T20:45:06.551+0000][87576.917s][info][gc          ] GC(3361) Pause Young (Concurrent Start) (G1 Evacuation Pause) 9684M->2404M(12288M) 30.889ms
[2025-01-07T20:45:06.551+0000][87576.917s][info][gc,cpu      ] GC(3361) User=0.17s Sys=0.00s Real=0.04s
[2025-01-07T20:45:06.551+0000][87576.917s][info][gc          ] GC(3362) Concurrent Mark Cycle
[2025-01-07T20:45:06.551+0000][87576.917s][info][gc,marking  ] GC(3362) Concurrent Clear Claimed Marks
[2025-01-07T20:45:06.552+0000][87576.918s][info][gc,marking  ] GC(3362) Concurrent Clear Claimed Marks 0.806ms
[2025-01-07T20:45:06.552+0000][87576.918s][info][gc,marking  ] GC(3362) Concurrent Scan Root Regions
[2025-01-07T20:45:06.578+0000][87576.944s][info][gc,marking  ] GC(3362) Concurrent Scan Root Regions 25.881ms
[2025-01-07T20:45:06.578+0000][87576.944s][info][gc,marking  ] GC(3362) Concurrent Mark
[2025-01-07T20:45:06.578+0000][87576.944s][info][gc,marking  ] GC(3362) Concurrent Mark From Roots
[2025-01-07T20:45:06.578+0000][87576.944s][info][gc,task     ] GC(3362) Using 2 workers of 2 for marking
[2025-01-07T20:45:07.369+0000][87577.735s][info][gc,marking  ] GC(3362) Concurrent Mark From Roots 791.512ms
[2025-01-07T20:45:07.369+0000][87577.735s][info][gc,marking  ] GC(3362) Concurrent Preclean
[2025-01-07T20:45:07.371+0000][87577.737s][info][gc,marking  ] GC(3362) Concurrent Preclean 1.814ms
[2025-01-07T20:45:07.371+0000][87577.737s][info][gc,start    ] GC(3362) Pause Remark
[2025-01-07T20:45:07.397+0000][87577.763s][info][gc          ] GC(3362) Pause Remark 3196M->3196M(12288M) 25.483ms
[2025-01-07T20:45:07.397+0000][87577.763s][info][gc,cpu      ] GC(3362) User=0.14s Sys=0.00s Real=0.02s
[2025-01-07T20:45:07.397+0000][87577.763s][info][gc,marking  ] GC(3362) Concurrent Mark 819.127ms
[2025-01-07T20:45:07.397+0000][87577.763s][info][gc,marking  ] GC(3362) Concurrent Rebuild Remembered Sets
[2025-01-07T20:45:07.858+0000][87578.224s][info][gc,marking  ] GC(3362) Concurrent Rebuild Remembered Sets 460.876ms
[2025-01-07T20:45:07.858+0000][87578.224s][info][gc,start    ] GC(3362) Pause Cleanup
[2025-01-07T20:45:07.858+0000][87578.225s][info][gc          ] GC(3362) Pause Cleanup 3556M->3556M(12288M) 0.455ms
[2025-01-07T20:45:07.858+0000][87578.225s][info][gc,cpu      ] GC(3362) User=0.00s Sys=0.00s Real=0.00s
[2025-01-07T20:45:07.859+0000][87578.225s][info][gc,marking  ] GC(3362) Concurrent Cleanup for Next Mark
[2025-01-07T20:45:07.874+0000][87578.240s][info][gc,marking  ] GC(3362) Concurrent Cleanup for Next Mark 15.400ms
[2025-01-07T20:45:07.874+0000][87578.240s][info][gc          ] GC(3362) Concurrent Mark Cycle 1322.953ms
[2025-01-07T20:45:15.440+0000][87585.806s][info][gc,start    ] GC(3363) Pause Young (Prepare Mixed) (G1 Evacuation Pause)
[2025-01-07T20:45:15.440+0000][87585.806s][info][gc,task     ] GC(3363) Using 6 workers of 6 for evacuation
[2025-01-07T20:45:15.475+0000][87585.841s][info][gc,phases   ] GC(3363)   Pre Evacuate Collection Set: 0.2ms
[2025-01-07T20:45:15.475+0000][87585.841s][info][gc,phases   ] GC(3363)   Merge Heap Roots: 0.6ms
[2025-01-07T20:45:15.475+0000][87585.841s][info][gc,phases   ] GC(3363)   Evacuate Collection Set: 31.5ms
[2025-01-07T20:45:15.475+0000][87585.841s][info][gc,phases   ] GC(3363)   Post Evacuate Collection Set: 2.8ms
[2025-01-07T20:45:15.475+0000][87585.841s][info][gc,phases   ] GC(3363)   Other: 0.2ms
[2025-01-07T20:45:15.475+0000][87585.841s][info][gc,heap     ] GC(3363) Eden regions: 910->0(66)
[2025-01-07T20:45:15.475+0000][87585.841s][info][gc,heap     ] GC(3363) Survivor regions: 9->10(115)
[2025-01-07T20:45:15.475+0000][87585.841s][info][gc,heap     ] GC(3363) Old regions: 243->243
[2025-01-07T20:45:15.475+0000][87585.841s][info][gc,heap     ] GC(3363) Archive regions: 2->2
[2025-01-07T20:45:15.475+0000][87585.841s][info][gc,heap     ] GC(3363) Humongous regions: 49->49
[2025-01-07T20:45:15.475+0000][87585.841s][info][gc,metaspace] GC(3363) Metaspace: 498865K(507200K)->498865K(507200K) NonClass: 438276K(442560K)->438276K(442560K) Class: 60589K(64640K)->60589K(64640K)
[2025-01-07T20:45:15.475+0000][87585.841s][info][gc          ] GC(3363) Pause Young (Prepare Mixed) (G1 Evacuation Pause) 9684M->2412M(12288M) 35.445ms
[2025-01-07T20:45:15.475+0000][87585.842s][info][gc,cpu      ] GC(3363) User=0.21s Sys=0.00s Real=0.04s
[2025-01-07T20:45:15.770+0000][87586.137s][info][gc,start    ] GC(3364) Pause Young (Mixed) (G1 Evacuation Pause)
[2025-01-07T20:45:15.770+0000][87586.137s][info][gc,task     ] GC(3364) Using 6 workers of 6 for evacuation
[2025-01-07T20:45:15.812+0000][87586.178s][info][gc,phases   ] GC(3364)   Pre Evacuate Collection Set: 0.2ms
[2025-01-07T20:45:15.812+0000][87586.178s][info][gc,phases   ] GC(3364)   Merge Heap Roots: 0.4ms
[2025-01-07T20:45:15.812+0000][87586.178s][info][gc,phases   ] GC(3364)   Evacuate Collection Set: 39.4ms
[2025-01-07T20:45:15.812+0000][87586.178s][info][gc,phases   ] GC(3364)   Post Evacuate Collection Set: 1.6ms
[2025-01-07T20:45:15.812+0000][87586.178s][info][gc,phases   ] GC(3364)   Other: 0.2ms
[2025-01-07T20:45:15.812+0000][87586.178s][info][gc,heap     ] GC(3364) Eden regions: 66->0(915)
[2025-01-07T20:45:15.812+0000][87586.178s][info][gc,heap     ] GC(3364) Survivor regions: 10->6(10)
[2025-01-07T20:45:15.812+0000][87586.178s][info][gc,heap     ] GC(3364) Old regions: 243->241
[2025-01-07T20:45:15.812+0000][87586.178s][info][gc,heap     ] GC(3364) Archive regions: 2->2
[2025-01-07T20:45:15.812+0000][87586.178s][info][gc,heap     ] GC(3364) Humongous regions: 49->49
[2025-01-07T20:45:15.812+0000][87586.178s][info][gc,metaspace] GC(3364) Metaspace: 498865K(507200K)->498865K(507200K) NonClass: 438276K(442560K)->438276K(442560K) Class: 60589K(64640K)->60589K(64640K)
[2025-01-07T20:45:15.812+0000][87586.178s][info][gc          ] GC(3364) Pause Young (Mixed) (G1 Evacuation Pause) 2940M->2365M(12288M) 41.815ms
[2025-01-07T20:45:15.812+0000][87586.178s][info][gc,cpu      ] GC(3364) User=0.25s Sys=0.00s Real=0.04s
[2025-01-07T20:45:23.584+0000][87593.950s][info][gc,start    ] GC(3365) Pause Young (Normal) (G1 Evacuation Pause)
[2025-01-07T20:45:23.584+0000][87593.950s][info][gc,task     ] GC(3365) Using 6 workers of 6 for evacuation
[2025-01-07T20:45:23.609+0000][87593.975s][info][gc,phases   ] GC(3365)   Pre Evacuate Collection Set: 0.2ms
[2025-01-07T20:45:23.609+0000][87593.975s][info][gc,phases   ] GC(3365)   Merge Heap Roots: 0.4ms
[2025-01-07T20:45:23.609+0000][87593.975s][info][gc,phases   ] GC(3365)   Evacuate Collection Set: 21.7ms
[2025-01-07T20:45:23.609+0000][87593.975s][info][gc,phases   ] GC(3365)   Post Evacuate Collection Set: 2.6ms
[2025-01-07T20:45:23.609+0000][87593.975s][info][gc,phases   ] GC(3365)   Other: 0.2ms
[2025-01-07T20:45:23.609+0000][87593.975s][info][gc,heap     ] GC(3365) Eden regions: 915->0(915)
[2025-01-07T20:45:23.609+0000][87593.975s][info][gc,heap     ] GC(3365) Survivor regions: 6->6(116)
[2025-01-07T20:45:23.609+0000][87593.975s][info][gc,heap     ] GC(3365) Old regions: 241->241
[2025-01-07T20:45:23.609+0000][87593.975s][info][gc,heap     ] GC(3365) Archive regions: 2->2
[2025-01-07T20:45:23.609+0000][87593.975s][info][gc,heap     ] GC(3365) Humongous regions: 49->49
[2025-01-07T20:45:23.609+0000][87593.975s][info][gc,metaspace] GC(3365) Metaspace: 498865K(507200K)->498865K(507200K) NonClass: 438276K(442560K)->438276K(442560K) Class: 60589K(64640K)->60589K(64640K)
[2025-01-07T20:45:23.609+0000][87593.975s][info][gc          ] GC(3365) Pause Young (Normal) (G1 Evacuation Pause) 9685M->2371M(12288M) 25.199ms
[2025-01-07T20:45:23.609+0000][87593.975s][info][gc,cpu      ] GC(3365) User=0.14s Sys=0.00s Real=0.02s
[2025-01-07T20:45:34.672+0000][87605.038s][info][gc,start    ] GC(3366) Pause Young (Normal) (G1 Evacuation Pause)
[2025-01-07T20:45:34.672+0000][87605.038s][info][gc,task     ] GC(3366) Using 6 workers of 6 for evacuation
[2025-01-07T20:45:34.703+0000][87605.069s][info][gc,phases   ] GC(3366)   Pre Evacuate Collection Set: 0.2ms
[2025-01-07T20:45:34.703+0000][87605.069s][info][gc,phases   ] GC(3366)   Merge Heap Roots: 0.5ms
[2025-01-07T20:45:34.703+0000][87605.069s][info][gc,phases   ] GC(3366)   Evacuate Collection Set: 26.9ms
[2025-01-07T20:45:34.703+0000][87605.069s][info][gc,phases   ] GC(3366)   Post Evacuate Collection Set: 2.7ms
[2025-01-07T20:45:34.703+0000][87605.069s][info][gc,phases   ] GC(3366)   Other: 0.2ms
[2025-01-07T20:45:34.703+0000][87605.069s][info][gc,heap     ] GC(3366) Eden regions: 915->0(913)
[2025-01-07T20:45:34.703+0000][87605.069s][info][gc,heap     ] GC(3366) Survivor regions: 6->8(116)
[2025-01-07T20:45:34.703+0000][87605.069s][info][gc,heap     ] GC(3366) Old regions: 241->241
[2025-01-07T20:45:34.703+0000][87605.069s][info][gc,heap     ] GC(3366) Archive regions: 2->2
[2025-01-07T20:45:34.703+0000][87605.069s][info][gc,heap     ] GC(3366) Humongous regions: 49->49
[2025-01-07T20:45:34.703+0000][87605.069s][info][gc,metaspace] GC(3366) Metaspace: 498865K(507200K)->498865K(507200K) NonClass: 438276K(442560K)->438276K(442560K) Class: 60589K(64640K)->60589K(64640K)
[2025-01-07T20:45:34.703+0000][87605.069s][info][gc          ] GC(3366) Pause Young (Normal) (G1 Evacuation Pause) 9691M->2385M(12288M) 30.603ms
[2025-01-07T20:45:34.703+0000][87605.069s][info][gc,cpu      ] GC(3366) User=0.17s Sys=0.00s Real=0.03s
[2025-01-07T20:45:42.227+0000][87612.593s][info][gc,start    ] GC(3367) Pause Young (Concurrent Start) (G1 Evacuation Pause)
[2025-01-07T20:45:42.227+0000][87612.593s][info][gc,task     ] GC(3367) Using 6 workers of 6 for evacuation
[2025-01-07T20:45:42.261+0000][87612.627s][info][gc,phases   ] GC(3367)   Pre Evacuate Collection Set: 1.0ms
[2025-01-07T20:45:42.261+0000][87612.627s][info][gc,phases   ] GC(3367)   Merge Heap Roots: 0.5ms
[2025-01-07T20:45:42.261+0000][87612.627s][info][gc,phases   ] GC(3367)   Evacuate Collection Set: 27.7ms
[2025-01-07T20:45:42.261+0000][87612.627s][info][gc,phases   ] GC(3367)   Post Evacuate Collection Set: 5.2ms
[2025-01-07T20:45:42.261+0000][87612.627s][info][gc,phases   ] GC(3367)   Other: 0.3ms
[2025-01-07T20:45:42.261+0000][87612.627s][info][gc,heap     ] GC(3367) Eden regions: 913->0(910)
[2025-01-07T20:45:42.261+0000][87612.627s][info][gc,heap     ] GC(3367) Survivor regions: 8->11(116)
[2025-01-07T20:45:42.261+0000][87612.627s][info][gc,heap     ] GC(3367) Old regions: 241->241
[2025-01-07T20:45:42.261+0000][87612.627s][info][gc,heap     ] GC(3367) Archive regions: 2->2
[2025-01-07T20:45:42.261+0000][87612.627s][info][gc,heap     ] GC(3367) Humongous regions: 49->49
[2025-01-07T20:45:42.261+0000][87612.627s][info][gc,metaspace] GC(3367) Metaspace: 498865K(507200K)->498865K(507200K) NonClass: 438276K(442560K)->438276K(442560K) Class: 60589K(64640K)->60589K(64640K)
[2025-01-07T20:45:42.261+0000][87612.627s][info][gc          ] GC(3367) Pause Young (Concurrent Start) (G1 Evacuation Pause) 9689M->2407M(12288M) 34.626ms
[2025-01-07T20:45:42.261+0000][87612.627s][info][gc,cpu      ] GC(3367) User=0.20s Sys=0.01s Real=0.03s
[2025-01-07T20:45:42.261+0000][87612.628s][info][gc          ] GC(3368) Concurrent Mark Cycle
[2025-01-07T20:45:42.261+0000][87612.628s][info][gc,marking  ] GC(3368) Concurrent Clear Claimed Marks
[2025-01-07T20:45:42.262+0000][87612.628s][info][gc,marking  ] GC(3368) Concurrent Clear Claimed Marks 0.823ms
[2025-01-07T20:45:42.262+0000][87612.628s][info][gc,marking  ] GC(3368) Concurrent Scan Root Regions
[2025-01-07T20:45:42.293+0000][87612.660s][info][gc,marking  ] GC(3368) Concurrent Scan Root Regions 31.151ms
[2025-01-07T20:45:42.294+0000][87612.660s][info][gc,marking  ] GC(3368) Concurrent Mark
[2025-01-07T20:45:42.294+0000][87612.660s][info][gc,marking  ] GC(3368) Concurrent Mark From Roots
[2025-01-07T20:45:42.294+0000][87612.660s][info][gc,task     ] GC(3368) Using 2 workers of 2 for marking
[2025-01-07T20:45:43.174+0000][87613.540s][info][gc,marking  ] GC(3368) Concurrent Mark From Roots 880.794ms
[2025-01-07T20:45:43.174+0000][87613.540s][info][gc,marking  ] GC(3368) Concurrent Preclean
[2025-01-07T20:45:43.177+0000][87613.543s][info][gc,marking  ] GC(3368) Concurrent Preclean 2.434ms
[2025-01-07T20:45:43.177+0000][87613.543s][info][gc,start    ] GC(3368) Pause Remark
[2025-01-07T20:45:43.202+0000][87613.568s][info][gc          ] GC(3368) Pause Remark 3503M->3503M(12288M) 25.141ms
[2025-01-07T20:45:43.202+0000][87613.568s][info][gc,cpu      ] GC(3368) User=0.15s Sys=0.00s Real=0.03s
[2025-01-07T20:45:43.202+0000][87613.568s][info][gc,marking  ] GC(3368) Concurrent Mark 908.699ms
[2025-01-07T20:45:43.202+0000][87613.568s][info][gc,marking  ] GC(3368) Concurrent Rebuild Remembered Sets
[2025-01-07T20:45:43.710+0000][87614.076s][info][gc,marking  ] GC(3368) Concurrent Rebuild Remembered Sets 508.108ms
[2025-01-07T20:45:43.711+0000][87614.077s][info][gc,start    ] GC(3368) Pause Cleanup
[2025-01-07T20:45:43.711+0000][87614.077s][info][gc          ] GC(3368) Pause Cleanup 4111M->4111M(12288M) 0.414ms
[2025-01-07T20:45:43.711+0000][87614.077s][info][gc,cpu      ] GC(3368) User=0.00s Sys=0.00s Real=0.00s
[2025-01-07T20:45:43.711+0000][87614.077s][info][gc,marking  ] GC(3368) Concurrent Cleanup for Next Mark
[2025-01-07T20:45:43.727+0000][87614.093s][info][gc,marking  ] GC(3368) Concurrent Cleanup for Next Mark 15.492ms
[2025-01-07T20:45:43.727+0000][87614.093s][info][gc          ] GC(3368) Concurrent Mark Cycle 1465.108ms
[2025-01-07T20:45:51.125+0000][87621.491s][info][gc,start    ] GC(3369) Pause Young (Prepare Mixed) (G1 Evacuation Pause)
[2025-01-07T20:45:51.125+0000][87621.491s][info][gc,task     ] GC(3369) Using 6 workers of 6 for evacuation
[2025-01-07T20:45:51.161+0000][87621.528s][info][gc,phases   ] GC(3369)   Pre Evacuate Collection Set: 0.2ms
[2025-01-07T20:45:51.162+0000][87621.528s][info][gc,phases   ] GC(3369)   Merge Heap Roots: 0.7ms
[2025-01-07T20:45:51.162+0000][87621.528s][info][gc,phases   ] GC(3369)   Evacuate Collection Set: 31.4ms
[2025-01-07T20:45:51.162+0000][87621.528s][info][gc,phases   ] GC(3369)   Post Evacuate Collection Set: 4.0ms
[2025-01-07T20:45:51.162+0000][87621.528s][info][gc,phases   ] GC(3369)   Other: 0.2ms
[2025-01-07T20:45:51.162+0000][87621.528s][info][gc,heap     ] GC(3369) Eden regions: 910->0(64)
[2025-01-07T20:45:51.162+0000][87621.528s][info][gc,heap     ] GC(3369) Survivor regions: 11->12(116)
[2025-01-07T20:45:51.162+0000][87621.528s][info][gc,heap     ] GC(3369) Old regions: 241->241
[2025-01-07T20:45:51.162+0000][87621.528s][info][gc,heap     ] GC(3369) Archive regions: 2->2
[2025-01-07T20:45:51.162+0000][87621.528s][info][gc,heap     ] GC(3369) Humongous regions: 49->49
[2025-01-07T20:45:51.162+0000][87621.528s][info][gc,metaspace] GC(3369) Metaspace: 498865K(507200K)->498865K(507200K) NonClass: 438276K(442560K)->438276K(442560K) Class: 60589K(64640K)->60589K(64640K)
[2025-01-07T20:45:51.162+0000][87621.528s][info][gc          ] GC(3369) Pause Young (Prepare Mixed) (G1 Evacuation Pause) 9687M->2413M(12288M) 36.640ms
[2025-01-07T20:45:51.162+0000][87621.528s][info][gc,cpu      ] GC(3369) User=0.21s Sys=0.00s Real=0.04s
[2025-01-07T20:45:51.571+0000][87621.937s][info][gc,start    ] GC(3370) Pause Young (Mixed) (G1 Evacuation Pause)
[2025-01-07T20:45:51.571+0000][87621.937s][info][gc,task     ] GC(3370) Using 6 workers of 6 for evacuation
[2025-01-07T20:45:51.623+0000][87621.989s][info][gc,phases   ] GC(3370)   Pre Evacuate Collection Set: 0.2ms
[2025-01-07T20:45:51.623+0000][87621.989s][info][gc,phases   ] GC(3370)   Merge Heap Roots: 0.5ms
[2025-01-07T20:45:51.623+0000][87621.989s][info][gc,phases   ] GC(3370)   Evacuate Collection Set: 49.2ms
[2025-01-07T20:45:51.623+0000][87621.989s][info][gc,phases   ] GC(3370)   Post Evacuate Collection Set: 1.8ms
[2025-01-07T20:45:51.623+0000][87621.989s][info][gc,phases   ] GC(3370)   Other: 0.2ms
[2025-01-07T20:45:51.623+0000][87621.989s][info][gc,heap     ] GC(3370) Eden regions: 64->0(915)
[2025-01-07T20:45:51.623+0000][87621.989s][info][gc,heap     ] GC(3370) Survivor regions: 12->6(10)
[2025-01-07T20:45:51.623+0000][87621.989s][info][gc,heap     ] GC(3370) Old regions: 241->241
[2025-01-07T20:45:51.623+0000][87621.989s][info][gc,heap     ] GC(3370) Archive regions: 2->2
[2025-01-07T20:45:51.623+0000][87621.989s][info][gc,heap     ] GC(3370) Humongous regions: 49->49
[2025-01-07T20:45:51.623+0000][87621.989s][info][gc,metaspace] GC(3370) Metaspace: 498865K(507200K)->498865K(507200K) NonClass: 438276K(442560K)->438276K(442560K) Class: 60589K(64640K)->60589K(64640K)
[2025-01-07T20:45:51.623+0000][87621.989s][info][gc          ] GC(3370) Pause Young (Mixed) (G1 Evacuation Pause) 2925M->2369M(12288M) 51.840ms
[2025-01-07T20:45:51.623+0000][87621.989s][info][gc,cpu      ] GC(3370) User=0.30s Sys=0.00s Real=0.05s
[2025-01-07T20:45:58.102+0000][87628.468s][info][gc,start    ] GC(3371) Pause Young (Normal) (G1 Evacuation Pause)
[2025-01-07T20:45:58.102+0000][87628.468s][info][gc,task     ] GC(3371) Using 6 workers of 6 for evacuation
[2025-01-07T20:45:58.126+0000][87628.492s][info][gc,phases   ] GC(3371)   Pre Evacuate Collection Set: 0.2ms
[2025-01-07T20:45:58.126+0000][87628.492s][info][gc,phases   ] GC(3371)   Merge Heap Roots: 0.5ms
[2025-01-07T20:45:58.126+0000][87628.492s][info][gc,phases   ] GC(3371)   Evacuate Collection Set: 20.8ms
[2025-01-07T20:45:58.126+0000][87628.492s][info][gc,phases   ] GC(3371)   Post Evacuate Collection Set: 2.4ms
[2025-01-07T20:45:58.126+0000][87628.492s][info][gc,phases   ] GC(3371)   Other: 0.2ms
[2025-01-07T20:45:58.126+0000][87628.492s][info][gc,heap     ] GC(3371) Eden regions: 915->0(915)
[2025-01-07T20:45:58.126+0000][87628.492s][info][gc,heap     ] GC(3371) Survivor regions: 6->6(116)
[2025-01-07T20:45:58.126+0000][87628.492s][info][gc,heap     ] GC(3371) Old regions: 241->241
[2025-01-07T20:45:58.126+0000][87628.492s][info][gc,heap     ] GC(3371) Archive regions: 2->2
[2025-01-07T20:45:58.126+0000][87628.492s][info][gc,heap     ] GC(3371) Humongous regions: 49->49
[2025-01-07T20:45:58.126+0000][87628.492s][info][gc,metaspace] GC(3371) Metaspace: 498865K(507200K)->498865K(507200K) NonClass: 438276K(442560K)->438276K(442560K) Class: 60589K(64640K)->60589K(64640K)
[2025-01-07T20:45:58.126+0000][87628.492s][info][gc          ] GC(3371) Pause Young (Normal) (G1 Evacuation Pause) 9689M->2372M(12288M) 24.202ms
[2025-01-07T20:45:58.126+0000][87628.492s][info][gc,cpu      ] GC(3371) User=0.14s Sys=0.00s Real=0.02s
[2025-01-07T20:46:06.868+0000][87637.234s][info][gc,start    ] GC(3372) Pause Young (Normal) (G1 Evacuation Pause)
[2025-01-07T20:46:06.868+0000][87637.234s][info][gc,task     ] GC(3372) Using 6 workers of 6 for evacuation
[2025-01-07T20:46:06.896+0000][87637.262s][info][gc,phases   ] GC(3372)   Pre Evacuate Collection Set: 0.2ms
[2025-01-07T20:46:06.896+0000][87637.262s][info][gc,phases   ] GC(3372)   Merge Heap Roots: 0.4ms
[2025-01-07T20:46:06.896+0000][87637.262s][info][gc,phases   ] GC(3372)   Evacuate Collection Set: 24.2ms
[2025-01-07T20:46:06.896+0000][87637.262s][info][gc,phases   ] GC(3372)   Post Evacuate Collection Set: 2.6ms
[2025-01-07T20:46:06.896+0000][87637.262s][info][gc,phases   ] GC(3372)   Other: 0.2ms
[2025-01-07T20:46:06.896+0000][87637.262s][info][gc,heap     ] GC(3372) Eden regions: 915->0(913)
[2025-01-07T20:46:06.896+0000][87637.262s][info][gc,heap     ] GC(3372) Survivor regions: 6->8(116)
[2025-01-07T20:46:06.896+0000][87637.262s][info][gc,heap     ] GC(3372) Old regions: 241->241
[2025-01-07T20:46:06.896+0000][87637.262s][info][gc,heap     ] GC(3372) Archive regions: 2->2
[2025-01-07T20:46:06.896+0000][87637.262s][info][gc,heap     ] GC(3372) Humongous regions: 49->49
[2025-01-07T20:46:06.896+0000][87637.262s][info][gc,metaspace] GC(3372) Metaspace: 498865K(507200K)->498865K(507200K) NonClass: 438276K(442560K)->438276K(442560K) Class: 60589K(64640K)->60589K(64640K)
[2025-01-07T20:46:06.896+0000][87637.262s][info][gc          ] GC(3372) Pause Young (Normal) (G1 Evacuation Pause) 9692M->2386M(12288M) 27.750ms
[2025-01-07T20:46:06.896+0000][87637.262s][info][gc,cpu      ] GC(3372) User=0.16s Sys=0.00s Real=0.03s
[2025-01-07T20:46:16.101+0000][87646.467s][info][gc,start    ] GC(3373) Pause Young (Concurrent Start) (G1 Evacuation Pause)
[2025-01-07T20:46:16.101+0000][87646.467s][info][gc,task     ] GC(3373) Using 6 workers of 6 for evacuation
[2025-01-07T20:46:16.134+0000][87646.500s][info][gc,phases   ] GC(3373)   Pre Evacuate Collection Set: 1.1ms
[2025-01-07T20:46:16.134+0000][87646.500s][info][gc,phases   ] GC(3373)   Merge Heap Roots: 0.5ms
[2025-01-07T20:46:16.134+0000][87646.500s][info][gc,phases   ] GC(3373)   Evacuate Collection Set: 28.2ms
[2025-01-07T20:46:16.134+0000][87646.500s][info][gc,phases   ] GC(3373)   Post Evacuate Collection Set: 2.6ms
[2025-01-07T20:46:16.134+0000][87646.500s][info][gc,phases   ] GC(3373)   Other: 0.3ms
[2025-01-07T20:46:16.134+0000][87646.500s][info][gc,heap     ] GC(3373) Eden regions: 913->0(912)
[2025-01-07T20:46:16.134+0000][87646.500s][info][gc,heap     ] GC(3373) Survivor regions: 8->9(116)
[2025-01-07T20:46:16.134+0000][87646.500s][info][gc,heap     ] GC(3373) Old regions: 241->241
[2025-01-07T20:46:16.134+0000][87646.500s][info][gc,heap     ] GC(3373) Archive regions: 2->2
[2025-01-07T20:46:16.134+0000][87646.500s][info][gc,heap     ] GC(3373) Humongous regions: 49->49
[2025-01-07T20:46:16.134+0000][87646.500s][info][gc,metaspace] GC(3373) Metaspace: 498865K(507200K)->498865K(507200K) NonClass: 438276K(442560K)->438276K(442560K) Class: 60589K(64640K)->60589K(64640K)
[2025-01-07T20:46:16.134+0000][87646.500s][info][gc          ] GC(3373) Pause Young (Concurrent Start) (G1 Evacuation Pause) 9690M->2396M(12288M) 32.789ms
[2025-01-07T20:46:16.134+0000][87646.500s][info][gc,cpu      ] GC(3373) User=0.19s Sys=0.01s Real=0.04s
[2025-01-07T20:46:16.134+0000][87646.500s][info][gc          ] GC(3374) Concurrent Mark Cycle
[2025-01-07T20:46:16.134+0000][87646.500s][info][gc,marking  ] GC(3374) Concurrent Clear Claimed Marks
[2025-01-07T20:46:16.135+0000][87646.501s][info][gc,marking  ] GC(3374) Concurrent Clear Claimed Marks 0.783ms
[2025-01-07T20:46:16.135+0000][87646.501s][info][gc,marking  ] GC(3374) Concurrent Scan Root Regions
[2025-01-07T20:46:16.154+0000][87646.520s][info][gc,marking  ] GC(3374) Concurrent Scan Root Regions 19.839ms
[2025-01-07T20:46:16.154+0000][87646.521s][info][gc,marking  ] GC(3374) Concurrent Mark
[2025-01-07T20:46:16.154+0000][87646.521s][info][gc,marking  ] GC(3374) Concurrent Mark From Roots
[2025-01-07T20:46:16.154+0000][87646.521s][info][gc,task     ] GC(3374) Using 2 workers of 2 for marking
[2025-01-07T20:46:16.877+0000][87647.243s][info][gc,marking  ] GC(3374) Concurrent Mark From Roots 722.437ms
[2025-01-07T20:46:16.877+0000][87647.243s][info][gc,marking  ] GC(3374) Concurrent Preclean
[2025-01-07T20:46:16.879+0000][87647.245s][info][gc,marking  ] GC(3374) Concurrent Preclean 1.963ms
[2025-01-07T20:46:16.879+0000][87647.245s][info][gc,start    ] GC(3374) Pause Remark
[2025-01-07T20:46:16.905+0000][87647.271s][info][gc          ] GC(3374) Pause Remark 2956M->2956M(12288M) 25.519ms
[2025-01-07T20:46:16.905+0000][87647.271s][info][gc,cpu      ] GC(3374) User=0.14s Sys=0.00s Real=0.03s
[2025-01-07T20:46:16.905+0000][87647.271s][info][gc,marking  ] GC(3374) Concurrent Mark 750.309ms
[2025-01-07T20:46:16.905+0000][87647.271s][info][gc,marking  ] GC(3374) Concurrent Rebuild Remembered Sets
[2025-01-07T20:46:17.424+0000][87647.790s][info][gc,marking  ] GC(3374) Concurrent Rebuild Remembered Sets 518.804ms
[2025-01-07T20:46:17.424+0000][87647.790s][info][gc,start    ] GC(3374) Pause Cleanup
[2025-01-07T20:46:17.424+0000][87647.790s][info][gc          ] GC(3374) Pause Cleanup 3496M->3496M(12288M) 0.438ms
[2025-01-07T20:46:17.424+0000][87647.790s][info][gc,cpu      ] GC(3374) User=0.00s Sys=0.00s Real=0.00s
[2025-01-07T20:46:17.424+0000][87647.790s][info][gc,marking  ] GC(3374) Concurrent Cleanup for Next Mark
[2025-01-07T20:46:17.441+0000][87647.807s][info][gc,marking  ] GC(3374) Concurrent Cleanup for Next Mark 16.981ms
[2025-01-07T20:46:17.441+0000][87647.807s][info][gc          ] GC(3374) Concurrent Mark Cycle 1307.604ms
[2025-01-07T20:46:27.191+0000][87657.557s][info][gc,start    ] GC(3375) Pause Young (Prepare Mixed) (G1 Evacuation Pause)
[2025-01-07T20:46:27.191+0000][87657.557s][info][gc,task     ] GC(3375) Using 6 workers of 6 for evacuation
[2025-01-07T20:46:27.229+0000][87657.595s][info][gc,phases   ] GC(3375)   Pre Evacuate Collection Set: 0.2ms
[2025-01-07T20:46:27.229+0000][87657.595s][info][gc,phases   ] GC(3375)   Merge Heap Roots: 0.7ms
[2025-01-07T20:46:27.229+0000][87657.595s][info][gc,phases   ] GC(3375)   Evacuate Collection Set: 33.9ms
[2025-01-07T20:46:27.229+0000][87657.595s][info][gc,phases   ] GC(3375)   Post Evacuate Collection Set: 2.7ms
[2025-01-07T20:46:27.229+0000][87657.595s][info][gc,phases   ] GC(3375)   Other: 0.2ms
[2025-01-07T20:46:27.229+0000][87657.595s][info][gc,heap     ] GC(3375) Eden regions: 912->0(64)
[2025-01-07T20:46:27.229+0000][87657.595s][info][gc,heap     ] GC(3375) Survivor regions: 9->12(116)
[2025-01-07T20:46:27.229+0000][87657.595s][info][gc,heap     ] GC(3375) Old regions: 241->241
[2025-01-07T20:46:27.229+0000][87657.595s][info][gc,heap     ] GC(3375) Archive regions: 2->2
[2025-01-07T20:46:27.229+0000][87657.595s][info][gc,heap     ] GC(3375) Humongous regions: 49->49
[2025-01-07T20:46:27.229+0000][87657.595s][info][gc,metaspace] GC(3375) Metaspace: 498865K(507200K)->498865K(507200K) NonClass: 438276K(442560K)->438276K(442560K) Class: 60589K(64640K)->60589K(64640K)
[2025-01-07T20:46:27.229+0000][87657.595s][info][gc          ] GC(3375) Pause Young (Prepare Mixed) (G1 Evacuation Pause) 9692M->2414M(12288M) 37.762ms
[2025-01-07T20:46:27.229+0000][87657.595s][info][gc,cpu      ] GC(3375) User=0.22s Sys=0.00s Real=0.03s
[2025-01-07T20:46:27.663+0000][87658.029s][info][gc,start    ] GC(3376) Pause Young (Mixed) (G1 Evacuation Pause)
[2025-01-07T20:46:27.663+0000][87658.029s][info][gc,task     ] GC(3376) Using 6 workers of 6 for evacuation
[2025-01-07T20:46:27.730+0000][87658.097s][info][gc,phases   ] GC(3376)   Pre Evacuate Collection Set: 0.2ms
[2025-01-07T20:46:27.730+0000][87658.097s][info][gc,phases   ] GC(3376)   Merge Heap Roots: 0.7ms
[2025-01-07T20:46:27.730+0000][87658.097s][info][gc,phases   ] GC(3376)   Evacuate Collection Set: 64.7ms
[2025-01-07T20:46:27.730+0000][87658.097s][info][gc,phases   ] GC(3376)   Post Evacuate Collection Set: 1.8ms
[2025-01-07T20:46:27.730+0000][87658.097s][info][gc,phases   ] GC(3376)   Other: 0.2ms
[2025-01-07T20:46:27.731+0000][87658.097s][info][gc,heap     ] GC(3376) Eden regions: 64->0(913)
[2025-01-07T20:46:27.731+0000][87658.097s][info][gc,heap     ] GC(3376) Survivor regions: 12->5(10)
[2025-01-07T20:46:27.731+0000][87658.097s][info][gc,heap     ] GC(3376) Old regions: 241->243
[2025-01-07T20:46:27.731+0000][87658.097s][info][gc,heap     ] GC(3376) Archive regions: 2->2
[2025-01-07T20:46:27.731+0000][87658.097s][info][gc,heap     ] GC(3376) Humongous regions: 49->49
[2025-01-07T20:46:27.731+0000][87658.097s][info][gc,metaspace] GC(3376) Metaspace: 498865K(507200K)->498865K(507200K) NonClass: 438276K(442560K)->438276K(442560K) Class: 60589K(64640K)->60589K(64640K)
[2025-01-07T20:46:27.731+0000][87658.097s][info][gc          ] GC(3376) Pause Young (Mixed) (G1 Evacuation Pause) 2926M->2375M(12288M) 67.740ms
[2025-01-07T20:46:27.731+0000][87658.097s][info][gc,cpu      ] GC(3376) User=0.40s Sys=0.00s Real=0.07s
[2025-01-07T20:46:39.829+0000][87670.195s][info][gc,start    ] GC(3377) Pause Young (Normal) (G1 Evacuation Pause)
[2025-01-07T20:46:39.829+0000][87670.195s][info][gc,task     ] GC(3377) Using 6 workers of 6 for evacuation
[2025-01-07T20:46:39.860+0000][87670.226s][info][gc,phases   ] GC(3377)   Pre Evacuate Collection Set: 0.2ms
[2025-01-07T20:46:39.860+0000][87670.226s][info][gc,phases   ] GC(3377)   Merge Heap Roots: 0.4ms
[2025-01-07T20:46:39.860+0000][87670.226s][info][gc,phases   ] GC(3377)   Evacuate Collection Set: 23.9ms
[2025-01-07T20:46:39.860+0000][87670.226s][info][gc,phases   ] GC(3377)   Post Evacuate Collection Set: 5.9ms
[2025-01-07T20:46:39.860+0000][87670.226s][info][gc,phases   ] GC(3377)   Other: 0.2ms
[2025-01-07T20:46:39.860+0000][87670.226s][info][gc,heap     ] GC(3377) Eden regions: 913->0(910)
[2025-01-07T20:46:39.860+0000][87670.226s][info][gc,heap     ] GC(3377) Survivor regions: 5->7(115)
[2025-01-07T20:46:39.860+0000][87670.226s][info][gc,heap     ] GC(3377) Old regions: 243->243
[2025-01-07T20:46:39.860+0000][87670.226s][info][gc,heap     ] GC(3377) Archive regions: 2->2
[2025-01-07T20:46:39.860+0000][87670.226s][info][gc,heap     ] GC(3377) Humongous regions: 49->49
[2025-01-07T20:46:39.860+0000][87670.226s][info][gc,metaspace] GC(3377) Metaspace: 498865K(507200K)->498865K(507200K) NonClass: 438276K(442560K)->438276K(442560K) Class: 60589K(64640K)->60589K(64640K)
[2025-01-07T20:46:39.860+0000][87670.226s][info][gc          ] GC(3377) Pause Young (Normal) (G1 Evacuation Pause) 9679M->2394M(12288M) 30.784ms
[2025-01-07T20:46:39.860+0000][87670.226s][info][gc,cpu      ] GC(3377) User=0.18s Sys=0.00s Real=0.03s
[2025-01-07T20:46:47.891+0000][87678.257s][info][gc,start    ] GC(3378) Pause Young (Normal) (G1 Evacuation Pause)
[2025-01-07T20:46:47.891+0000][87678.257s][info][gc,task     ] GC(3378) Using 6 workers of 6 for evacuation
[2025-01-07T20:46:47.918+0000][87678.284s][info][gc,phases   ] GC(3378)   Pre Evacuate Collection Set: 0.2ms
[2025-01-07T20:46:47.918+0000][87678.284s][info][gc,phases   ] GC(3378)   Merge Heap Roots: 0.4ms
[2025-01-07T20:46:47.918+0000][87678.284s][info][gc,phases   ] GC(3378)   Evacuate Collection Set: 22.0ms
[2025-01-07T20:46:47.918+0000][87678.284s][info][gc,phases   ] GC(3378)   Post Evacuate Collection Set: 3.8ms
[2025-01-07T20:46:47.918+0000][87678.284s][info][gc,phases   ] GC(3378)   Other: 0.2ms
[2025-01-07T20:46:47.918+0000][87678.284s][info][gc,heap     ] GC(3378) Eden regions: 910->0(910)
[2025-01-07T20:46:47.918+0000][87678.284s][info][gc,heap     ] GC(3378) Survivor regions: 7->8(115)
[2025-01-07T20:46:47.918+0000][87678.284s][info][gc,heap     ] GC(3378) Old regions: 243->243
[2025-01-07T20:46:47.918+0000][87678.284s][info][gc,heap     ] GC(3378) Archive regions: 2->2
[2025-01-07T20:46:47.918+0000][87678.284s][info][gc,heap     ] GC(3378) Humongous regions: 49->49
[2025-01-07T20:46:47.918+0000][87678.284s][info][gc,metaspace] GC(3378) Metaspace: 498865K(507200K)->498865K(507200K) NonClass: 438276K(442560K)->438276K(442560K) Class: 60589K(64640K)->60589K(64640K)
[2025-01-07T20:46:47.918+0000][87678.284s][info][gc          ] GC(3378) Pause Young (Normal) (G1 Evacuation Pause) 9674M->2399M(12288M) 26.730ms
[2025-01-07T20:46:47.918+0000][87678.284s][info][gc,cpu      ] GC(3378) User=0.16s Sys=0.00s Real=0.02s
[2025-01-07T20:46:55.868+0000][87686.234s][info][gc,start    ] GC(3379) Pause Young (Concurrent Start) (G1 Evacuation Pause)
[2025-01-07T20:46:55.868+0000][87686.234s][info][gc,task     ] GC(3379) Using 6 workers of 6 for evacuation
[2025-01-07T20:46:55.898+0000][87686.264s][info][gc,phases   ] GC(3379)   Pre Evacuate Collection Set: 0.9ms
[2025-01-07T20:46:55.898+0000][87686.264s][info][gc,phases   ] GC(3379)   Merge Heap Roots: 0.5ms
[2025-01-07T20:46:55.898+0000][87686.264s][info][gc,phases   ] GC(3379)   Evacuate Collection Set: 25.8ms
[2025-01-07T20:46:55.898+0000][87686.264s][info][gc,phases   ] GC(3379)   Post Evacuate Collection Set: 2.5ms
[2025-01-07T20:46:55.898+0000][87686.264s][info][gc,phases   ] GC(3379)   Other: 0.3ms
[2025-01-07T20:46:55.898+0000][87686.264s][info][gc,heap     ] GC(3379) Eden regions: 910->0(909)
[2025-01-07T20:46:55.898+0000][87686.264s][info][gc,heap     ] GC(3379) Survivor regions: 8->9(115)
[2025-01-07T20:46:55.898+0000][87686.264s][info][gc,heap     ] GC(3379) Old regions: 243->243
[2025-01-07T20:46:55.898+0000][87686.264s][info][gc,heap     ] GC(3379) Archive regions: 2->2
[2025-01-07T20:46:55.898+0000][87686.264s][info][gc,heap     ] GC(3379) Humongous regions: 49->49
[2025-01-07T20:46:55.898+0000][87686.264s][info][gc,metaspace] GC(3379) Metaspace: 498865K(507200K)->498865K(507200K) NonClass: 438276K(442560K)->438276K(442560K) Class: 60589K(64640K)->60589K(64640K)
[2025-01-07T20:46:55.898+0000][87686.264s][info][gc          ] GC(3379) Pause Young (Concurrent Start) (G1 Evacuation Pause) 9679M->2406M(12288M) 30.121ms
[2025-01-07T20:46:55.898+0000][87686.264s][info][gc,cpu      ] GC(3379) User=0.17s Sys=0.00s Real=0.03s
[2025-01-07T20:46:55.898+0000][87686.264s][info][gc          ] GC(3380) Concurrent Mark Cycle
[2025-01-07T20:46:55.898+0000][87686.264s][info][gc,marking  ] GC(3380) Concurrent Clear Claimed Marks
[2025-01-07T20:46:55.899+0000][87686.265s][info][gc,marking  ] GC(3380) Concurrent Clear Claimed Marks 0.806ms
[2025-01-07T20:46:55.899+0000][87686.265s][info][gc,marking  ] GC(3380) Concurrent Scan Root Regions
[2025-01-07T20:46:55.921+0000][87686.287s][info][gc,marking  ] GC(3380) Concurrent Scan Root Regions 22.133ms
[2025-01-07T20:46:55.921+0000][87686.287s][info][gc,marking  ] GC(3380) Concurrent Mark
[2025-01-07T20:46:55.921+0000][87686.287s][info][gc,marking  ] GC(3380) Concurrent Mark From Roots
[2025-01-07T20:46:55.921+0000][87686.287s][info][gc,task     ] GC(3380) Using 2 workers of 2 for marking
[2025-01-07T20:46:56.725+0000][87687.091s][info][gc,marking  ] GC(3380) Concurrent Mark From Roots 804.164ms
[2025-01-07T20:46:56.725+0000][87687.091s][info][gc,marking  ] GC(3380) Concurrent Preclean
[2025-01-07T20:46:56.727+0000][87687.093s][info][gc,marking  ] GC(3380) Concurrent Preclean 1.934ms
[2025-01-07T20:46:56.727+0000][87687.093s][info][gc,start    ] GC(3380) Pause Remark
[2025-01-07T20:46:56.752+0000][87687.118s][info][gc          ] GC(3380) Pause Remark 2890M->2890M(12288M) 25.337ms
[2025-01-07T20:46:56.752+0000][87687.119s][info][gc,cpu      ] GC(3380) User=0.15s Sys=0.00s Real=0.03s
[2025-01-07T20:46:56.752+0000][87687.119s][info][gc,marking  ] GC(3380) Concurrent Mark 831.746ms
[2025-01-07T20:46:56.753+0000][87687.119s][info][gc,marking  ] GC(3380) Concurrent Rebuild Remembered Sets
[2025-01-07T20:46:57.252+0000][87687.618s][info][gc,marking  ] GC(3380) Concurrent Rebuild Remembered Sets 499.059ms
[2025-01-07T20:46:57.252+0000][87687.618s][info][gc,start    ] GC(3380) Pause Cleanup
[2025-01-07T20:46:57.252+0000][87687.618s][info][gc          ] GC(3380) Pause Cleanup 3330M->3330M(12288M) 0.438ms
[2025-01-07T20:46:57.252+0000][87687.618s][info][gc,cpu      ] GC(3380) User=0.00s Sys=0.00s Real=0.00s
[2025-01-07T20:46:57.252+0000][87687.618s][info][gc,marking  ] GC(3380) Concurrent Cleanup for Next Mark
[2025-01-07T20:46:57.269+0000][87687.635s][info][gc,marking  ] GC(3380) Concurrent Cleanup for Next Mark 16.532ms
[2025-01-07T20:46:57.269+0000][87687.635s][info][gc          ] GC(3380) Concurrent Mark Cycle 1371.118ms
[2025-01-07T20:47:03.171+0000][87693.537s][info][gc,start    ] GC(3381) Pause Young (Prepare Mixed) (G1 Evacuation Pause)
[2025-01-07T20:47:03.171+0000][87693.537s][info][gc,task     ] GC(3381) Using 6 workers of 6 for evacuation
[2025-01-07T20:47:03.203+0000][87693.570s][info][gc,phases   ] GC(3381)   Pre Evacuate Collection Set: 0.2ms
[2025-01-07T20:47:03.203+0000][87693.570s][info][gc,phases   ] GC(3381)   Merge Heap Roots: 0.7ms
[2025-01-07T20:47:03.203+0000][87693.570s][info][gc,phases   ] GC(3381)   Evacuate Collection Set: 28.4ms
[2025-01-07T20:47:03.203+0000][87693.570s][info][gc,phases   ] GC(3381)   Post Evacuate Collection Set: 2.6ms
[2025-01-07T20:47:03.203+0000][87693.570s][info][gc,phases   ] GC(3381)   Other: 0.2ms
[2025-01-07T20:47:03.203+0000][87693.570s][info][gc,heap     ] GC(3381) Eden regions: 909->0(66)
[2025-01-07T20:47:03.203+0000][87693.570s][info][gc,heap     ] GC(3381) Survivor regions: 9->10(115)
[2025-01-07T20:47:03.203+0000][87693.570s][info][gc,heap     ] GC(3381) Old regions: 243->243
[2025-01-07T20:47:03.203+0000][87693.570s][info][gc,heap     ] GC(3381) Archive regions: 2->2
[2025-01-07T20:47:03.203+0000][87693.570s][info][gc,heap     ] GC(3381) Humongous regions: 49->49
[2025-01-07T20:47:03.203+0000][87693.570s][info][gc,metaspace] GC(3381) Metaspace: 498866K(507200K)->498866K(507200K) NonClass: 438276K(442560K)->438276K(442560K) Class: 60589K(64640K)->60589K(64640K)
[2025-01-07T20:47:03.204+0000][87693.570s][info][gc          ] GC(3381) Pause Young (Prepare Mixed) (G1 Evacuation Pause) 9678M->2416M(12288M) 32.167ms
[2025-01-07T20:47:03.204+0000][87693.570s][info][gc,cpu      ] GC(3381) User=0.19s Sys=0.00s Real=0.03s
[2025-01-07T20:47:03.574+0000][87693.940s][info][gc,start    ] GC(3382) Pause Young (Mixed) (G1 Evacuation Pause)
[2025-01-07T20:47:03.574+0000][87693.940s][info][gc,task     ] GC(3382) Using 6 workers of 6 for evacuation
[2025-01-07T20:47:03.629+0000][87693.995s][info][gc,phases   ] GC(3382)   Pre Evacuate Collection Set: 0.2ms
[2025-01-07T20:47:03.629+0000][87693.995s][info][gc,phases   ] GC(3382)   Merge Heap Roots: 0.6ms
[2025-01-07T20:47:03.629+0000][87693.995s][info][gc,phases   ] GC(3382)   Evacuate Collection Set: 52.4ms
[2025-01-07T20:47:03.629+0000][87693.995s][info][gc,phases   ] GC(3382)   Post Evacuate Collection Set: 1.6ms
[2025-01-07T20:47:03.629+0000][87693.995s][info][gc,phases   ] GC(3382)   Other: 0.2ms
[2025-01-07T20:47:03.629+0000][87693.995s][info][gc,heap     ] GC(3382) Eden regions: 66->0(912)
[2025-01-07T20:47:03.629+0000][87693.995s][info][gc,heap     ] GC(3382) Survivor regions: 10->6(10)
[2025-01-07T20:47:03.629+0000][87693.995s][info][gc,heap     ] GC(3382) Old regions: 243->243
[2025-01-07T20:47:03.629+0000][87693.995s][info][gc,heap     ] GC(3382) Archive regions: 2->2
[2025-01-07T20:47:03.629+0000][87693.995s][info][gc,heap     ] GC(3382) Humongous regions: 49->49
[2025-01-07T20:47:03.629+0000][87693.995s][info][gc,metaspace] GC(3382) Metaspace: 498866K(507200K)->498866K(507200K) NonClass: 438276K(442560K)->438276K(442560K) Class: 60589K(64640K)->60589K(64640K)
[2025-01-07T20:47:03.629+0000][87693.995s][info][gc          ] GC(3382) Pause Young (Mixed) (G1 Evacuation Pause) 2944M->2385M(12288M) 55.024ms
[2025-01-07T20:47:03.629+0000][87693.996s][info][gc,cpu      ] GC(3382) User=0.32s Sys=0.00s Real=0.05s
[2025-01-07T20:47:12.887+0000][87703.253s][info][gc,start    ] GC(3383) Pause Young (Normal) (G1 Evacuation Pause)
[2025-01-07T20:47:12.887+0000][87703.253s][info][gc,task     ] GC(3383) Using 6 workers of 6 for evacuation
[2025-01-07T20:47:12.912+0000][87703.278s][info][gc,phases   ] GC(3383)   Pre Evacuate Collection Set: 0.2ms
[2025-01-07T20:47:12.912+0000][87703.278s][info][gc,phases   ] GC(3383)   Merge Heap Roots: 0.4ms
[2025-01-07T20:47:12.912+0000][87703.278s][info][gc,phases   ] GC(3383)   Evacuate Collection Set: 21.7ms
[2025-01-07T20:47:12.912+0000][87703.278s][info][gc,phases   ] GC(3383)   Post Evacuate Collection Set: 2.7ms
[2025-01-07T20:47:12.912+0000][87703.278s][info][gc,phases   ] GC(3383)   Other: 0.2ms
[2025-01-07T20:47:12.912+0000][87703.278s][info][gc,heap     ] GC(3383) Eden regions: 912->0(911)
[2025-01-07T20:47:12.912+0000][87703.278s][info][gc,heap     ] GC(3383) Survivor regions: 6->7(115)
[2025-01-07T20:47:12.912+0000][87703.278s][info][gc,heap     ] GC(3383) Old regions: 243->243
[2025-01-07T20:47:12.912+0000][87703.278s][info][gc,heap     ] GC(3383) Archive regions: 2->2
[2025-01-07T20:47:12.912+0000][87703.278s][info][gc,heap     ] GC(3383) Humongous regions: 49->49
[2025-01-07T20:47:12.912+0000][87703.278s][info][gc,metaspace] GC(3383) Metaspace: 498866K(507200K)->498866K(507200K) NonClass: 438276K(442560K)->438276K(442560K) Class: 60589K(64640K)->60589K(64640K)
[2025-01-07T20:47:12.912+0000][87703.278s][info][gc          ] GC(3383) Pause Young (Normal) (G1 Evacuation Pause) 9681M->2391M(12288M) 25.348ms
[2025-01-07T20:47:12.912+0000][87703.278s][info][gc,cpu      ] GC(3383) User=0.14s Sys=0.00s Real=0.03s
[2025-01-07T20:47:24.702+0000][87715.068s][info][gc,start    ] GC(3384) Pause Young (Normal) (G1 Evacuation Pause)
[2025-01-07T20:47:24.702+0000][87715.068s][info][gc,task     ] GC(3384) Using 6 workers of 6 for evacuation
[2025-01-07T20:47:24.731+0000][87715.097s][info][gc,phases   ] GC(3384)   Pre Evacuate Collection Set: 0.2ms
[2025-01-07T20:47:24.731+0000][87715.097s][info][gc,phases   ] GC(3384)   Merge Heap Roots: 0.4ms
[2025-01-07T20:47:24.731+0000][87715.097s][info][gc,phases   ] GC(3384)   Evacuate Collection Set: 25.4ms
[2025-01-07T20:47:24.731+0000][87715.097s][info][gc,phases   ] GC(3384)   Post Evacuate Collection Set: 2.6ms
[2025-01-07T20:47:24.731+0000][87715.097s][info][gc,phases   ] GC(3384)   Other: 0.2ms
[2025-01-07T20:47:24.731+0000][87715.097s][info][gc,heap     ] GC(3384) Eden regions: 911->0(909)
[2025-01-07T20:47:24.731+0000][87715.097s][info][gc,heap     ] GC(3384) Survivor regions: 7->9(115)
[2025-01-07T20:47:24.731+0000][87715.097s][info][gc,heap     ] GC(3384) Old regions: 243->243
[2025-01-07T20:47:24.731+0000][87715.097s][info][gc,heap     ] GC(3384) Archive regions: 2->2
[2025-01-07T20:47:24.731+0000][87715.097s][info][gc,heap     ] GC(3384) Humongous regions: 49->49
[2025-01-07T20:47:24.731+0000][87715.097s][info][gc,metaspace] GC(3384) Metaspace: 498866K(507200K)->498866K(507200K) NonClass: 438276K(442560K)->438276K(442560K) Class: 60589K(64640K)->60589K(64640K)
[2025-01-07T20:47:24.731+0000][87715.097s][info][gc          ] GC(3384) Pause Young (Normal) (G1 Evacuation Pause) 9679M->2407M(12288M) 29.008ms
[2025-01-07T20:47:24.731+0000][87715.097s][info][gc,cpu      ] GC(3384) User=0.17s Sys=0.00s Real=0.03s
[2025-01-07T20:47:31.600+0000][87721.966s][info][gc,start    ] GC(3385) Pause Young (Concurrent Start) (G1 Evacuation Pause)
[2025-01-07T20:47:31.600+0000][87721.966s][info][gc,task     ] GC(3385) Using 6 workers of 6 for evacuation
[2025-01-07T20:47:31.633+0000][87721.999s][info][gc,phases   ] GC(3385)   Pre Evacuate Collection Set: 1.0ms
[2025-01-07T20:47:31.633+0000][87721.999s][info][gc,phases   ] GC(3385)   Merge Heap Roots: 0.4ms
[2025-01-07T20:47:31.633+0000][87721.999s][info][gc,phases   ] GC(3385)   Evacuate Collection Set: 26.9ms
[2025-01-07T20:47:31.633+0000][87721.999s][info][gc,phases   ] GC(3385)   Post Evacuate Collection Set: 5.0ms
[2025-01-07T20:47:31.633+0000][87721.999s][info][gc,phases   ] GC(3385)   Other: 0.3ms
[2025-01-07T20:47:31.633+0000][87722.000s][info][gc,heap     ] GC(3385) Eden regions: 909->0(908)
[2025-01-07T20:47:31.633+0000][87722.000s][info][gc,heap     ] GC(3385) Survivor regions: 9->11(115)
[2025-01-07T20:47:31.633+0000][87722.000s][info][gc,heap     ] GC(3385) Old regions: 243->243
[2025-01-07T20:47:31.633+0000][87722.000s][info][gc,heap     ] GC(3385) Archive regions: 2->2
[2025-01-07T20:47:31.633+0000][87722.000s][info][gc,heap     ] GC(3385) Humongous regions: 49->49
[2025-01-07T20:47:31.633+0000][87722.000s][info][gc,metaspace] GC(3385) Metaspace: 498866K(507200K)->498866K(507200K) NonClass: 438276K(442560K)->438276K(442560K) Class: 60589K(64640K)->60589K(64640K)
[2025-01-07T20:47:31.633+0000][87722.000s][info][gc          ] GC(3385) Pause Young (Concurrent Start) (G1 Evacuation Pause) 9679M->2422M(12288M) 33.696ms
[2025-01-07T20:47:31.634+0000][87722.000s][info][gc,cpu      ] GC(3385) User=0.20s Sys=0.00s Real=0.04s
[2025-01-07T20:47:31.634+0000][87722.000s][info][gc          ] GC(3386) Concurrent Mark Cycle
[2025-01-07T20:47:31.634+0000][87722.000s][info][gc,marking  ] GC(3386) Concurrent Clear Claimed Marks
[2025-01-07T20:47:31.634+0000][87722.000s][info][gc,marking  ] GC(3386) Concurrent Clear Claimed Marks 0.785ms
[2025-01-07T20:47:31.634+0000][87722.000s][info][gc,marking  ] GC(3386) Concurrent Scan Root Regions
[2025-01-07T20:47:31.662+0000][87722.028s][info][gc,marking  ] GC(3386) Concurrent Scan Root Regions 27.464ms
[2025-01-07T20:47:31.662+0000][87722.028s][info][gc,marking  ] GC(3386) Concurrent Mark
[2025-01-07T20:47:31.662+0000][87722.028s][info][gc,marking  ] GC(3386) Concurrent Mark From Roots
[2025-01-07T20:47:31.662+0000][87722.028s][info][gc,task     ] GC(3386) Using 2 workers of 2 for marking
[2025-01-07T20:47:32.481+0000][87722.847s][info][gc,marking  ] GC(3386) Concurrent Mark From Roots 818.688ms
[2025-01-07T20:47:32.481+0000][87722.847s][info][gc,marking  ] GC(3386) Concurrent Preclean
[2025-01-07T20:47:32.483+0000][87722.849s][info][gc,marking  ] GC(3386) Concurrent Preclean 2.006ms
[2025-01-07T20:47:32.483+0000][87722.849s][info][gc,start    ] GC(3386) Pause Remark
[2025-01-07T20:47:32.508+0000][87722.874s][info][gc          ] GC(3386) Pause Remark 3258M->3258M(12288M) 25.031ms
[2025-01-07T20:47:32.508+0000][87722.874s][info][gc,cpu      ] GC(3386) User=0.15s Sys=0.00s Real=0.02s
[2025-01-07T20:47:32.508+0000][87722.874s][info][gc,marking  ] GC(3386) Concurrent Mark 846.201ms
[2025-01-07T20:47:32.508+0000][87722.874s][info][gc,marking  ] GC(3386) Concurrent Rebuild Remembered Sets
[2025-01-07T20:47:33.018+0000][87723.384s][info][gc,marking  ] GC(3386) Concurrent Rebuild Remembered Sets 509.968ms
[2025-01-07T20:47:33.018+0000][87723.384s][info][gc,start    ] GC(3386) Pause Cleanup
[2025-01-07T20:47:33.019+0000][87723.385s][info][gc          ] GC(3386) Pause Cleanup 3806M->3806M(12288M) 0.449ms
[2025-01-07T20:47:33.019+0000][87723.385s][info][gc,cpu      ] GC(3386) User=0.00s Sys=0.00s Real=0.00s
[2025-01-07T20:47:33.019+0000][87723.385s][info][gc,marking  ] GC(3386) Concurrent Cleanup for Next Mark
[2025-01-07T20:47:33.047+0000][87723.413s][info][gc,marking  ] GC(3386) Concurrent Cleanup for Next Mark 27.989ms
[2025-01-07T20:47:33.047+0000][87723.413s][info][gc          ] GC(3386) Concurrent Mark Cycle 1413.246ms
[2025-01-07T20:47:39.437+0000][87729.803s][info][gc,start    ] GC(3387) Pause Young (Prepare Mixed) (G1 Evacuation Pause)
[2025-01-07T20:47:39.437+0000][87729.804s][info][gc,task     ] GC(3387) Using 6 workers of 6 for evacuation
[2025-01-07T20:47:39.474+0000][87729.840s][info][gc,phases   ] GC(3387)   Pre Evacuate Collection Set: 0.2ms
[2025-01-07T20:47:39.474+0000][87729.840s][info][gc,phases   ] GC(3387)   Merge Heap Roots: 0.7ms
[2025-01-07T20:47:39.474+0000][87729.840s][info][gc,phases   ] GC(3387)   Evacuate Collection Set: 32.8ms
[2025-01-07T20:47:39.474+0000][87729.840s][info][gc,phases   ] GC(3387)   Post Evacuate Collection Set: 2.7ms
[2025-01-07T20:47:39.474+0000][87729.840s][info][gc,phases   ] GC(3387)   Other: 0.2ms
[2025-01-07T20:47:39.474+0000][87729.840s][info][gc,heap     ] GC(3387) Eden regions: 908->0(65)
[2025-01-07T20:47:39.474+0000][87729.840s][info][gc,heap     ] GC(3387) Survivor regions: 11->11(115)
[2025-01-07T20:47:39.474+0000][87729.840s][info][gc,heap     ] GC(3387) Old regions: 243->243
[2025-01-07T20:47:39.474+0000][87729.840s][info][gc,heap     ] GC(3387) Archive regions: 2->2
[2025-01-07T20:47:39.474+0000][87729.840s][info][gc,heap     ] GC(3387) Humongous regions: 49->49
[2025-01-07T20:47:39.474+0000][87729.840s][info][gc,metaspace] GC(3387) Metaspace: 498866K(507200K)->498866K(507200K) NonClass: 438276K(442560K)->438276K(442560K) Class: 60589K(64640K)->60589K(64640K)
[2025-01-07T20:47:39.474+0000][87729.840s][info][gc          ] GC(3387) Pause Young (Prepare Mixed) (G1 Evacuation Pause) 9686M->2428M(12288M) 36.618ms
[2025-01-07T20:47:39.474+0000][87729.840s][info][gc,cpu      ] GC(3387) User=0.21s Sys=0.00s Real=0.04s
[2025-01-07T20:47:39.979+0000][87730.345s][info][gc,start    ] GC(3388) Pause Young (Mixed) (G1 Evacuation Pause)
[2025-01-07T20:47:39.979+0000][87730.345s][info][gc,task     ] GC(3388) Using 6 workers of 6 for evacuation
[2025-01-07T20:47:40.036+0000][87730.402s][info][gc,phases   ] GC(3388)   Pre Evacuate Collection Set: 0.2ms
[2025-01-07T20:47:40.036+0000][87730.402s][info][gc,phases   ] GC(3388)   Merge Heap Roots: 0.6ms
[2025-01-07T20:47:40.036+0000][87730.402s][info][gc,phases   ] GC(3388)   Evacuate Collection Set: 54.8ms
[2025-01-07T20:47:40.036+0000][87730.402s][info][gc,phases   ] GC(3388)   Post Evacuate Collection Set: 1.6ms
[2025-01-07T20:47:40.036+0000][87730.402s][info][gc,phases   ] GC(3388)   Other: 0.2ms
[2025-01-07T20:47:40.036+0000][87730.402s][info][gc,heap     ] GC(3388) Eden regions: 65->0(911)
[2025-01-07T20:47:40.036+0000][87730.402s][info][gc,heap     ] GC(3388) Survivor regions: 11->6(10)
[2025-01-07T20:47:40.036+0000][87730.402s][info][gc,heap     ] GC(3388) Old regions: 243->245
[2025-01-07T20:47:40.036+0000][87730.402s][info][gc,heap     ] GC(3388) Archive regions: 2->2
[2025-01-07T20:47:40.036+0000][87730.402s][info][gc,heap     ] GC(3388) Humongous regions: 49->49
[2025-01-07T20:47:40.036+0000][87730.402s][info][gc,metaspace] GC(3388) Metaspace: 498866K(507200K)->498866K(507200K) NonClass: 438276K(442560K)->438276K(442560K) Class: 60589K(64640K)->60589K(64640K)
[2025-01-07T20:47:40.036+0000][87730.402s][info][gc          ] GC(3388) Pause Young (Mixed) (G1 Evacuation Pause) 2948M->2402M(12288M) 57.415ms
[2025-01-07T20:47:40.036+0000][87730.402s][info][gc,cpu      ] GC(3388) User=0.33s Sys=0.00s Real=0.06s
[2025-01-07T20:47:47.308+0000][87737.674s][info][gc,start    ] GC(3389) Pause Young (Normal) (G1 Evacuation Pause)
[2025-01-07T20:47:47.308+0000][87737.674s][info][gc,task     ] GC(3389) Using 6 workers of 6 for evacuation
[2025-01-07T20:47:47.335+0000][87737.701s][info][gc,phases   ] GC(3389)   Pre Evacuate Collection Set: 0.2ms
[2025-01-07T20:47:47.335+0000][87737.701s][info][gc,phases   ] GC(3389)   Merge Heap Roots: 0.4ms
[2025-01-07T20:47:47.335+0000][87737.701s][info][gc,phases   ] GC(3389)   Evacuate Collection Set: 22.2ms
[2025-01-07T20:47:47.335+0000][87737.701s][info][gc,phases   ] GC(3389)   Post Evacuate Collection Set: 3.8ms
[2025-01-07T20:47:47.335+0000][87737.701s][info][gc,phases   ] GC(3389)   Other: 0.2ms
[2025-01-07T20:47:47.335+0000][87737.701s][info][gc,heap     ] GC(3389) Eden regions: 911->0(908)
[2025-01-07T20:47:47.335+0000][87737.701s][info][gc,heap     ] GC(3389) Survivor regions: 6->8(115)
[2025-01-07T20:47:47.335+0000][87737.701s][info][gc,heap     ] GC(3389) Old regions: 245->245
[2025-01-07T20:47:47.335+0000][87737.701s][info][gc,heap     ] GC(3389) Archive regions: 2->2
[2025-01-07T20:47:47.335+0000][87737.701s][info][gc,heap     ] GC(3389) Humongous regions: 49->49
[2025-01-07T20:47:47.335+0000][87737.701s][info][gc,metaspace] GC(3389) Metaspace: 498866K(507200K)->498866K(507200K) NonClass: 438276K(442560K)->438276K(442560K) Class: 60589K(64640K)->60589K(64640K)
[2025-01-07T20:47:47.335+0000][87737.701s][info][gc          ] GC(3389) Pause Young (Normal) (G1 Evacuation Pause) 9690M->2416M(12288M) 26.889ms
[2025-01-07T20:47:47.335+0000][87737.701s][info][gc,cpu      ] GC(3389) User=0.15s Sys=0.00s Real=0.03s
[2025-01-07T20:47:56.368+0000][87746.734s][info][gc,start    ] GC(3390) Pause Young (Normal) (G1 Evacuation Pause)
[2025-01-07T20:47:56.368+0000][87746.734s][info][gc,task     ] GC(3390) Using 6 workers of 6 for evacuation
[2025-01-07T20:47:56.396+0000][87746.762s][info][gc,phases   ] GC(3390)   Pre Evacuate Collection Set: 0.2ms
[2025-01-07T20:47:56.396+0000][87746.762s][info][gc,phases   ] GC(3390)   Merge Heap Roots: 0.4ms
[2025-01-07T20:47:56.396+0000][87746.762s][info][gc,phases   ] GC(3390)   Evacuate Collection Set: 25.2ms
[2025-01-07T20:47:56.396+0000][87746.762s][info][gc,phases   ] GC(3390)   Post Evacuate Collection Set: 2.5ms
[2025-01-07T20:47:56.396+0000][87746.762s][info][gc,phases   ] GC(3390)   Other: 0.2ms
[2025-01-07T20:47:56.396+0000][87746.762s][info][gc,heap     ] GC(3390) Eden regions: 908->0(909)
[2025-01-07T20:47:56.396+0000][87746.762s][info][gc,heap     ] GC(3390) Survivor regions: 8->8(115)
[2025-01-07T20:47:56.396+0000][87746.762s][info][gc,heap     ] GC(3390) Old regions: 245->245
[2025-01-07T20:47:56.396+0000][87746.762s][info][gc,heap     ] GC(3390) Archive regions: 2->2
[2025-01-07T20:47:56.396+0000][87746.762s][info][gc,heap     ] GC(3390) Humongous regions: 49->49
[2025-01-07T20:47:56.396+0000][87746.762s][info][gc,metaspace] GC(3390) Metaspace: 498866K(507200K)->498866K(507200K) NonClass: 438276K(442560K)->438276K(442560K) Class: 60589K(64640K)->60589K(64640K)
[2025-01-07T20:47:56.396+0000][87746.763s][info][gc          ] GC(3390) Pause Young (Normal) (G1 Evacuation Pause) 9680M->2420M(12288M) 28.635ms
[2025-01-07T20:47:56.396+0000][87746.763s][info][gc,cpu      ] GC(3390) User=0.16s Sys=0.00s Real=0.03s
[2025-01-07T20:48:03.263+0000][87753.629s][info][gc,start    ] GC(3391) Pause Young (Concurrent Start) (G1 Evacuation Pause)
[2025-01-07T20:48:03.263+0000][87753.629s][info][gc,task     ] GC(3391) Using 6 workers of 6 for evacuation
[2025-01-07T20:48:03.296+0000][87753.662s][info][gc,phases   ] GC(3391)   Pre Evacuate Collection Set: 1.0ms
[2025-01-07T20:48:03.296+0000][87753.662s][info][gc,phases   ] GC(3391)   Merge Heap Roots: 0.4ms
[2025-01-07T20:48:03.296+0000][87753.662s][info][gc,phases   ] GC(3391)   Evacuate Collection Set: 28.1ms
[2025-01-07T20:48:03.296+0000][87753.662s][info][gc,phases   ] GC(3391)   Post Evacuate Collection Set: 2.5ms
[2025-01-07T20:48:03.296+0000][87753.662s][info][gc,phases   ] GC(3391)   Other: 0.3ms
[2025-01-07T20:48:03.296+0000][87753.662s][info][gc,heap     ] GC(3391) Eden regions: 909->0(908)
[2025-01-07T20:48:03.296+0000][87753.662s][info][gc,heap     ] GC(3391) Survivor regions: 8->9(115)
[2025-01-07T20:48:03.296+0000][87753.662s][info][gc,heap     ] GC(3391) Old regions: 245->245
[2025-01-07T20:48:03.296+0000][87753.662s][info][gc,heap     ] GC(3391) Archive regions: 2->2
[2025-01-07T20:48:03.296+0000][87753.662s][info][gc,heap     ] GC(3391) Humongous regions: 49->49
[2025-01-07T20:48:03.296+0000][87753.662s][info][gc,metaspace] GC(3391) Metaspace: 498881K(507200K)->498881K(507200K) NonClass: 438291K(442560K)->438291K(442560K) Class: 60589K(64640K)->60589K(64640K)
[2025-01-07T20:48:03.296+0000][87753.662s][info][gc          ] GC(3391) Pause Young (Concurrent Start) (G1 Evacuation Pause) 9692M->2429M(12288M) 32.457ms
[2025-01-07T20:48:03.296+0000][87753.662s][info][gc,cpu      ] GC(3391) User=0.18s Sys=0.01s Real=0.03s
[2025-01-07T20:48:03.296+0000][87753.662s][info][gc          ] GC(3392) Concurrent Mark Cycle
[2025-01-07T20:48:03.296+0000][87753.662s][info][gc,marking  ] GC(3392) Concurrent Clear Claimed Marks
[2025-01-07T20:48:03.297+0000][87753.663s][info][gc,marking  ] GC(3392) Concurrent Clear Claimed Marks 0.809ms
[2025-01-07T20:48:03.297+0000][87753.663s][info][gc,marking  ] GC(3392) Concurrent Scan Root Regions
[2025-01-07T20:48:03.323+0000][87753.689s][info][gc,marking  ] GC(3392) Concurrent Scan Root Regions 26.451ms
[2025-01-07T20:48:03.323+0000][87753.689s][info][gc,marking  ] GC(3392) Concurrent Mark
[2025-01-07T20:48:03.323+0000][87753.689s][info][gc,marking  ] GC(3392) Concurrent Mark From Roots
[2025-01-07T20:48:03.323+0000][87753.689s][info][gc,task     ] GC(3392) Using 2 workers of 2 for marking
[2025-01-07T20:48:04.118+0000][87754.484s][info][gc,marking  ] GC(3392) Concurrent Mark From Roots 794.898ms
[2025-01-07T20:48:04.118+0000][87754.484s][info][gc,marking  ] GC(3392) Concurrent Preclean
[2025-01-07T20:48:04.120+0000][87754.486s][info][gc,marking  ] GC(3392) Concurrent Preclean 1.819ms
[2025-01-07T20:48:04.120+0000][87754.486s][info][gc,start    ] GC(3392) Pause Remark
[2025-01-07T20:48:04.145+0000][87754.511s][info][gc          ] GC(3392) Pause Remark 3621M->3621M(12288M) 25.321ms
[2025-01-07T20:48:04.145+0000][87754.511s][info][gc,cpu      ] GC(3392) User=0.14s Sys=0.00s Real=0.03s
[2025-01-07T20:48:04.145+0000][87754.512s][info][gc,marking  ] GC(3392) Concurrent Mark 822.352ms
[2025-01-07T20:48:04.145+0000][87754.512s][info][gc,marking  ] GC(3392) Concurrent Rebuild Remembered Sets
[2025-01-07T20:48:04.602+0000][87754.968s][info][gc,marking  ] GC(3392) Concurrent Rebuild Remembered Sets 456.465ms
[2025-01-07T20:48:04.602+0000][87754.968s][info][gc,start    ] GC(3392) Pause Cleanup
[2025-01-07T20:48:04.603+0000][87754.969s][info][gc          ] GC(3392) Pause Cleanup 3980M->3980M(12288M) 0.514ms
[2025-01-07T20:48:04.603+0000][87754.969s][info][gc,cpu      ] GC(3392) User=0.00s Sys=0.00s Real=0.00s
[2025-01-07T20:48:04.603+0000][87754.969s][info][gc,marking  ] GC(3392) Concurrent Cleanup for Next Mark
[2025-01-07T20:48:04.618+0000][87754.984s][info][gc,marking  ] GC(3392) Concurrent Cleanup for Next Mark 15.436ms
[2025-01-07T20:48:04.618+0000][87754.984s][info][gc          ] GC(3392) Concurrent Mark Cycle 1322.442ms
[2025-01-07T20:48:12.218+0000][87762.584s][info][gc,start    ] GC(3393) Pause Young (Prepare Mixed) (G1 Evacuation Pause)
[2025-01-07T20:48:12.218+0000][87762.584s][info][gc,task     ] GC(3393) Using 6 workers of 6 for evacuation
[2025-01-07T20:48:12.252+0000][87762.618s][info][gc,phases   ] GC(3393)   Pre Evacuate Collection Set: 0.2ms
[2025-01-07T20:48:12.252+0000][87762.618s][info][gc,phases   ] GC(3393)   Merge Heap Roots: 0.7ms
[2025-01-07T20:48:12.252+0000][87762.618s][info][gc,phases   ] GC(3393)   Evacuate Collection Set: 30.8ms
[2025-01-07T20:48:12.252+0000][87762.618s][info][gc,phases   ] GC(3393)   Post Evacuate Collection Set: 2.7ms
[2025-01-07T20:48:12.252+0000][87762.618s][info][gc,phases   ] GC(3393)   Other: 0.2ms
[2025-01-07T20:48:12.252+0000][87762.618s][info][gc,heap     ] GC(3393) Eden regions: 908->0(66)
[2025-01-07T20:48:12.252+0000][87762.618s][info][gc,heap     ] GC(3393) Survivor regions: 9->10(115)
[2025-01-07T20:48:12.252+0000][87762.618s][info][gc,heap     ] GC(3393) Old regions: 245->245
[2025-01-07T20:48:12.252+0000][87762.618s][info][gc,heap     ] GC(3393) Archive regions: 2->2
[2025-01-07T20:48:12.252+0000][87762.618s][info][gc,heap     ] GC(3393) Humongous regions: 49->49
[2025-01-07T20:48:12.252+0000][87762.618s][info][gc,metaspace] GC(3393) Metaspace: 498881K(507200K)->498881K(507200K) NonClass: 438291K(442560K)->438291K(442560K) Class: 60589K(64640K)->60589K(64640K)
[2025-01-07T20:48:12.252+0000][87762.618s][info][gc          ] GC(3393) Pause Young (Prepare Mixed) (G1 Evacuation Pause) 9693M->2437M(12288M) 34.681ms
[2025-01-07T20:48:12.252+0000][87762.618s][info][gc,cpu      ] GC(3393) User=0.20s Sys=0.01s Real=0.04s
[2025-01-07T20:48:12.623+0000][87762.989s][info][gc,start    ] GC(3394) Pause Young (Mixed) (G1 Evacuation Pause)
[2025-01-07T20:48:12.623+0000][87762.989s][info][gc,task     ] GC(3394) Using 6 workers of 6 for evacuation
[2025-01-07T20:48:12.667+0000][87763.033s][info][gc,phases   ] GC(3394)   Pre Evacuate Collection Set: 0.2ms
[2025-01-07T20:48:12.667+0000][87763.033s][info][gc,phases   ] GC(3394)   Merge Heap Roots: 0.5ms
[2025-01-07T20:48:12.667+0000][87763.033s][info][gc,phases   ] GC(3394)   Evacuate Collection Set: 41.5ms
[2025-01-07T20:48:12.667+0000][87763.033s][info][gc,phases   ] GC(3394)   Post Evacuate Collection Set: 1.7ms
[2025-01-07T20:48:12.667+0000][87763.033s][info][gc,phases   ] GC(3394)   Other: 0.2ms
[2025-01-07T20:48:12.667+0000][87763.033s][info][gc,heap     ] GC(3394) Eden regions: 66->0(915)
[2025-01-07T20:48:12.667+0000][87763.033s][info][gc,heap     ] GC(3394) Survivor regions: 10->5(10)
[2025-01-07T20:48:12.667+0000][87763.033s][info][gc,heap     ] GC(3394) Old regions: 245->243
[2025-01-07T20:48:12.667+0000][87763.033s][info][gc,heap     ] GC(3394) Archive regions: 2->2
[2025-01-07T20:48:12.667+0000][87763.033s][info][gc,heap     ] GC(3394) Humongous regions: 49->49
[2025-01-07T20:48:12.667+0000][87763.033s][info][gc,metaspace] GC(3394) Metaspace: 498881K(507200K)->498881K(507200K) NonClass: 438291K(442560K)->438291K(442560K) Class: 60589K(64640K)->60589K(64640K)
[2025-01-07T20:48:12.667+0000][87763.033s][info][gc          ] GC(3394) Pause Young (Mixed) (G1 Evacuation Pause) 2965M->2378M(12288M) 44.103ms
[2025-01-07T20:48:12.667+0000][87763.033s][info][gc,cpu      ] GC(3394) User=0.25s Sys=0.00s Real=0.04s
[2025-01-07T20:48:21.382+0000][87771.748s][info][gc,start    ] GC(3395) Pause Young (Normal) (G1 Evacuation Pause)
[2025-01-07T20:48:21.382+0000][87771.748s][info][gc,task     ] GC(3395) Using 6 workers of 6 for evacuation
[2025-01-07T20:48:21.410+0000][87771.776s][info][gc,phases   ] GC(3395)   Pre Evacuate Collection Set: 0.2ms
[2025-01-07T20:48:21.410+0000][87771.776s][info][gc,phases   ] GC(3395)   Merge Heap Roots: 0.5ms
[2025-01-07T20:48:21.410+0000][87771.776s][info][gc,phases   ] GC(3395)   Evacuate Collection Set: 22.1ms
[2025-01-07T20:48:21.410+0000][87771.776s][info][gc,phases   ] GC(3395)   Post Evacuate Collection Set: 5.1ms
[2025-01-07T20:48:21.410+0000][87771.776s][info][gc,phases   ] GC(3395)   Other: 0.2ms
[2025-01-07T20:48:21.410+0000][87771.776s][info][gc,heap     ] GC(3395) Eden regions: 915->0(913)
[2025-01-07T20:48:21.410+0000][87771.776s][info][gc,heap     ] GC(3395) Survivor regions: 5->7(115)
[2025-01-07T20:48:21.410+0000][87771.776s][info][gc,heap     ] GC(3395) Old regions: 243->243
[2025-01-07T20:48:21.410+0000][87771.776s][info][gc,heap     ] GC(3395) Archive regions: 2->2
[2025-01-07T20:48:21.410+0000][87771.776s][info][gc,heap     ] GC(3395) Humongous regions: 49->49
[2025-01-07T20:48:21.410+0000][87771.776s][info][gc,metaspace] GC(3395) Metaspace: 498881K(507200K)->498881K(507200K) NonClass: 438291K(442560K)->438291K(442560K) Class: 60589K(64640K)->60589K(64640K)
[2025-01-07T20:48:21.410+0000][87771.776s][info][gc          ] GC(3395) Pause Young (Normal) (G1 Evacuation Pause) 9698M->2394M(12288M) 28.144ms
[2025-01-07T20:48:21.410+0000][87771.776s][info][gc,cpu      ] GC(3395) User=0.16s Sys=0.01s Real=0.03s
[2025-01-07T20:48:29.368+0000][87779.734s][info][gc,start    ] GC(3396) Pause Young (Normal) (G1 Evacuation Pause)
[2025-01-07T20:48:29.368+0000][87779.735s][info][gc,task     ] GC(3396) Using 6 workers of 6 for evacuation
[2025-01-07T20:48:29.395+0000][87779.761s][info][gc,phases   ] GC(3396)   Pre Evacuate Collection Set: 0.2ms
[2025-01-07T20:48:29.395+0000][87779.761s][info][gc,phases   ] GC(3396)   Merge Heap Roots: 0.4ms
[2025-01-07T20:48:29.395+0000][87779.761s][info][gc,phases   ] GC(3396)   Evacuate Collection Set: 23.3ms
[2025-01-07T20:48:29.395+0000][87779.761s][info][gc,phases   ] GC(3396)   Post Evacuate Collection Set: 2.5ms
[2025-01-07T20:48:29.395+0000][87779.761s][info][gc,phases   ] GC(3396)   Other: 0.2ms
[2025-01-07T20:48:29.395+0000][87779.761s][info][gc,heap     ] GC(3396) Eden regions: 913->0(914)
[2025-01-07T20:48:29.395+0000][87779.761s][info][gc,heap     ] GC(3396) Survivor regions: 7->7(115)
[2025-01-07T20:48:29.395+0000][87779.761s][info][gc,heap     ] GC(3396) Old regions: 243->243
[2025-01-07T20:48:29.395+0000][87779.761s][info][gc,heap     ] GC(3396) Archive regions: 2->2
[2025-01-07T20:48:29.395+0000][87779.761s][info][gc,heap     ] GC(3396) Humongous regions: 49->49
[2025-01-07T20:48:29.395+0000][87779.761s][info][gc,metaspace] GC(3396) Metaspace: 498881K(507200K)->498881K(507200K) NonClass: 438291K(442560K)->438291K(442560K) Class: 60589K(64640K)->60589K(64640K)
[2025-01-07T20:48:29.395+0000][87779.761s][info][gc          ] GC(3396) Pause Young (Normal) (G1 Evacuation Pause) 9698M->2393M(12288M) 26.664ms
[2025-01-07T20:48:29.395+0000][87779.761s][info][gc,cpu      ] GC(3396) User=0.16s Sys=0.00s Real=0.03s
[2025-01-07T20:48:42.595+0000][87792.961s][info][gc,start    ] GC(3397) Pause Young (Concurrent Start) (G1 Evacuation Pause)
[2025-01-07T20:48:42.595+0000][87792.961s][info][gc,task     ] GC(3397) Using 6 workers of 6 for evacuation
[2025-01-07T20:48:42.630+0000][87792.996s][info][gc,phases   ] GC(3397)   Pre Evacuate Collection Set: 1.0ms
[2025-01-07T20:48:42.630+0000][87792.996s][info][gc,phases   ] GC(3397)   Merge Heap Roots: 0.4ms
[2025-01-07T20:48:42.630+0000][87792.996s][info][gc,phases   ] GC(3397)   Evacuate Collection Set: 29.2ms
[2025-01-07T20:48:42.630+0000][87792.996s][info][gc,phases   ] GC(3397)   Post Evacuate Collection Set: 4.1ms
[2025-01-07T20:48:42.630+0000][87792.996s][info][gc,phases   ] GC(3397)   Other: 0.3ms
[2025-01-07T20:48:42.630+0000][87792.996s][info][gc,heap     ] GC(3397) Eden regions: 914->0(909)
[2025-01-07T20:48:42.630+0000][87792.996s][info][gc,heap     ] GC(3397) Survivor regions: 7->10(116)
[2025-01-07T20:48:42.630+0000][87792.996s][info][gc,heap     ] GC(3397) Old regions: 243->243
[2025-01-07T20:48:42.630+0000][87792.996s][info][gc,heap     ] GC(3397) Archive regions: 2->2
[2025-01-07T20:48:42.630+0000][87792.996s][info][gc,heap     ] GC(3397) Humongous regions: 49->49
[2025-01-07T20:48:42.630+0000][87792.996s][info][gc,metaspace] GC(3397) Metaspace: 498881K(507200K)->498881K(507200K) NonClass: 438291K(442560K)->438291K(442560K) Class: 60589K(64640K)->60589K(64640K)
[2025-01-07T20:48:42.630+0000][87792.996s][info][gc          ] GC(3397) Pause Young (Concurrent Start) (G1 Evacuation Pause) 9705M->2415M(12288M) 35.090ms
[2025-01-07T20:48:42.630+0000][87792.996s][info][gc,cpu      ] GC(3397) User=0.20s Sys=0.00s Real=0.04s
[2025-01-07T20:48:42.630+0000][87792.996s][info][gc          ] GC(3398) Concurrent Mark Cycle
[2025-01-07T20:48:42.630+0000][87792.996s][info][gc,marking  ] GC(3398) Concurrent Clear Claimed Marks
[2025-01-07T20:48:42.631+0000][87792.997s][info][gc,marking  ] GC(3398) Concurrent Clear Claimed Marks 0.843ms
[2025-01-07T20:48:42.631+0000][87792.997s][info][gc,marking  ] GC(3398) Concurrent Scan Root Regions
[2025-01-07T20:48:42.660+0000][87793.026s][info][gc,marking  ] GC(3398) Concurrent Scan Root Regions 28.608ms
[2025-01-07T20:48:42.660+0000][87793.026s][info][gc,marking  ] GC(3398) Concurrent Mark
[2025-01-07T20:48:42.660+0000][87793.026s][info][gc,marking  ] GC(3398) Concurrent Mark From Roots
[2025-01-07T20:48:42.660+0000][87793.026s][info][gc,task     ] GC(3398) Using 2 workers of 2 for marking
[2025-01-07T20:48:43.438+0000][87793.804s][info][gc,marking  ] GC(3398) Concurrent Mark From Roots 778.623ms
[2025-01-07T20:48:43.438+0000][87793.804s][info][gc,marking  ] GC(3398) Concurrent Preclean
[2025-01-07T20:48:43.441+0000][87793.807s][info][gc,marking  ] GC(3398) Concurrent Preclean 2.663ms
[2025-01-07T20:48:43.441+0000][87793.807s][info][gc,start    ] GC(3398) Pause Remark
[2025-01-07T20:48:43.466+0000][87793.832s][info][gc          ] GC(3398) Pause Remark 3439M->3439M(12288M) 25.139ms
[2025-01-07T20:48:43.466+0000][87793.832s][info][gc,cpu      ] GC(3398) User=0.14s Sys=0.00s Real=0.03s
[2025-01-07T20:48:43.466+0000][87793.833s][info][gc,marking  ] GC(3398) Concurrent Mark 806.795ms
[2025-01-07T20:48:43.466+0000][87793.833s][info][gc,marking  ] GC(3398) Concurrent Rebuild Remembered Sets
[2025-01-07T20:48:43.957+0000][87794.323s][info][gc,marking  ] GC(3398) Concurrent Rebuild Remembered Sets 490.534ms
[2025-01-07T20:48:43.957+0000][87794.323s][info][gc,start    ] GC(3398) Pause Cleanup
[2025-01-07T20:48:43.958+0000][87794.324s][info][gc          ] GC(3398) Pause Cleanup 4067M->4067M(12288M) 0.462ms
[2025-01-07T20:48:43.958+0000][87794.324s][info][gc,cpu      ] GC(3398) User=0.01s Sys=0.00s Real=0.00s
[2025-01-07T20:48:43.958+0000][87794.324s][info][gc,marking  ] GC(3398) Concurrent Cleanup for Next Mark
[2025-01-07T20:48:43.973+0000][87794.339s][info][gc,marking  ] GC(3398) Concurrent Cleanup for Next Mark 15.433ms
[2025-01-07T20:48:43.973+0000][87794.339s][info][gc          ] GC(3398) Concurrent Mark Cycle 1343.102ms
[2025-01-07T20:48:48.702+0000][87799.068s][info][gc,start    ] GC(3399) Pause Young (Prepare Mixed) (G1 Evacuation Pause)
[2025-01-07T20:48:48.702+0000][87799.068s][info][gc,task     ] GC(3399) Using 6 workers of 6 for evacuation
[2025-01-07T20:48:48.738+0000][87799.104s][info][gc,phases   ] GC(3399)   Pre Evacuate Collection Set: 0.2ms
[2025-01-07T20:48:48.738+0000][87799.104s][info][gc,phases   ] GC(3399)   Merge Heap Roots: 0.7ms
[2025-01-07T20:48:48.738+0000][87799.104s][info][gc,phases   ] GC(3399)   Evacuate Collection Set: 32.4ms
[2025-01-07T20:48:48.738+0000][87799.104s][info][gc,phases   ] GC(3399)   Post Evacuate Collection Set: 2.5ms
[2025-01-07T20:48:48.738+0000][87799.104s][info][gc,phases   ] GC(3399)   Other: 0.2ms
[2025-01-07T20:48:48.738+0000][87799.104s][info][gc,heap     ] GC(3399) Eden regions: 909->0(66)
[2025-01-07T20:48:48.738+0000][87799.104s][info][gc,heap     ] GC(3399) Survivor regions: 10->10(115)
[2025-01-07T20:48:48.738+0000][87799.104s][info][gc,heap     ] GC(3399) Old regions: 243->243
[2025-01-07T20:48:48.738+0000][87799.104s][info][gc,heap     ] GC(3399) Archive regions: 2->2
[2025-01-07T20:48:48.738+0000][87799.104s][info][gc,heap     ] GC(3399) Humongous regions: 49->49
[2025-01-07T20:48:48.738+0000][87799.104s][info][gc,metaspace] GC(3399) Metaspace: 498881K(507200K)->498881K(507200K) NonClass: 438291K(442560K)->438291K(442560K) Class: 60589K(64640K)->60589K(64640K)
[2025-01-07T20:48:48.738+0000][87799.104s][info][gc          ] GC(3399) Pause Young (Prepare Mixed) (G1 Evacuation Pause) 9687M->2418M(12288M) 36.049ms
[2025-01-07T20:48:48.738+0000][87799.104s][info][gc,cpu      ] GC(3399) User=0.21s Sys=0.00s Real=0.03s
[2025-01-07T20:48:49.195+0000][87799.561s][info][gc,start    ] GC(3400) Pause Young (Mixed) (G1 Evacuation Pause)
[2025-01-07T20:48:49.195+0000][87799.561s][info][gc,task     ] GC(3400) Using 6 workers of 6 for evacuation
[2025-01-07T20:48:49.249+0000][87799.615s][info][gc,phases   ] GC(3400)   Pre Evacuate Collection Set: 0.2ms
[2025-01-07T20:48:49.249+0000][87799.615s][info][gc,phases   ] GC(3400)   Merge Heap Roots: 0.6ms
[2025-01-07T20:48:49.249+0000][87799.615s][info][gc,phases   ] GC(3400)   Evacuate Collection Set: 51.5ms
[2025-01-07T20:48:49.249+0000][87799.615s][info][gc,phases   ] GC(3400)   Post Evacuate Collection Set: 1.6ms
[2025-01-07T20:48:49.249+0000][87799.615s][info][gc,phases   ] GC(3400)   Other: 0.2ms
[2025-01-07T20:48:49.249+0000][87799.615s][info][gc,heap     ] GC(3400) Eden regions: 66->0(916)
[2025-01-07T20:48:49.249+0000][87799.615s][info][gc,heap     ] GC(3400) Survivor regions: 10->5(10)
[2025-01-07T20:48:49.249+0000][87799.615s][info][gc,heap     ] GC(3400) Old regions: 243->242
[2025-01-07T20:48:49.249+0000][87799.615s][info][gc,heap     ] GC(3400) Archive regions: 2->2
[2025-01-07T20:48:49.249+0000][87799.615s][info][gc,heap     ] GC(3400) Humongous regions: 49->49
[2025-01-07T20:48:49.249+0000][87799.615s][info][gc,metaspace] GC(3400) Metaspace: 498881K(507200K)->498881K(507200K) NonClass: 438291K(442560K)->438291K(442560K) Class: 60589K(64640K)->60589K(64640K)
[2025-01-07T20:48:49.249+0000][87799.615s][info][gc          ] GC(3400) Pause Young (Mixed) (G1 Evacuation Pause) 2946M->2367M(12288M) 54.187ms
[2025-01-07T20:48:49.249+0000][87799.615s][info][gc,cpu      ] GC(3400) User=0.32s Sys=0.00s Real=0.05s
[2025-01-07T20:49:02.076+0000][87812.442s][info][gc,start    ] GC(3401) Pause Young (Normal) (G1 Evacuation Pause)
[2025-01-07T20:49:02.076+0000][87812.442s][info][gc,task     ] GC(3401) Using 6 workers of 6 for evacuation
[2025-01-07T20:49:02.102+0000][87812.468s][info][gc,phases   ] GC(3401)   Pre Evacuate Collection Set: 0.2ms
[2025-01-07T20:49:02.102+0000][87812.468s][info][gc,phases   ] GC(3401)   Merge Heap Roots: 0.5ms
[2025-01-07T20:49:02.102+0000][87812.468s][info][gc,phases   ] GC(3401)   Evacuate Collection Set: 23.0ms
[2025-01-07T20:49:02.102+0000][87812.468s][info][gc,phases   ] GC(3401)   Post Evacuate Collection Set: 2.6ms
[2025-01-07T20:49:02.102+0000][87812.468s][info][gc,phases   ] GC(3401)   Other: 0.2ms
[2025-01-07T20:49:02.102+0000][87812.468s][info][gc,heap     ] GC(3401) Eden regions: 916->0(916)
[2025-01-07T20:49:02.102+0000][87812.468s][info][gc,heap     ] GC(3401) Survivor regions: 5->5(116)
[2025-01-07T20:49:02.102+0000][87812.468s][info][gc,heap     ] GC(3401) Old regions: 242->242
[2025-01-07T20:49:02.102+0000][87812.468s][info][gc,heap     ] GC(3401) Archive regions: 2->2
[2025-01-07T20:49:02.102+0000][87812.468s][info][gc,heap     ] GC(3401) Humongous regions: 49->49
[2025-01-07T20:49:02.102+0000][87812.468s][info][gc,metaspace] GC(3401) Metaspace: 498881K(507200K)->498881K(507200K) NonClass: 438291K(442560K)->438291K(442560K) Class: 60589K(64640K)->60589K(64640K)
[2025-01-07T20:49:02.102+0000][87812.468s][info][gc          ] GC(3401) Pause Young (Normal) (G1 Evacuation Pause) 9695M->2370M(12288M) 26.464ms
[2025-01-07T20:49:02.102+0000][87812.468s][info][gc,cpu      ] GC(3401) User=0.16s Sys=0.00s Real=0.03s
[2025-01-07T20:49:14.344+0000][87824.710s][info][gc,start    ] GC(3402) Pause Young (Normal) (G1 Evacuation Pause)
[2025-01-07T20:49:14.344+0000][87824.710s][info][gc,task     ] GC(3402) Using 6 workers of 6 for evacuation
[2025-01-07T20:49:14.377+0000][87824.743s][info][gc,phases   ] GC(3402)   Pre Evacuate Collection Set: 0.2ms
[2025-01-07T20:49:14.377+0000][87824.743s][info][gc,phases   ] GC(3402)   Merge Heap Roots: 0.5ms
[2025-01-07T20:49:14.377+0000][87824.743s][info][gc,phases   ] GC(3402)   Evacuate Collection Set: 29.3ms
[2025-01-07T20:49:14.377+0000][87824.743s][info][gc,phases   ] GC(3402)   Post Evacuate Collection Set: 2.8ms
[2025-01-07T20:49:14.377+0000][87824.743s][info][gc,phases   ] GC(3402)   Other: 0.2ms
[2025-01-07T20:49:14.377+0000][87824.743s][info][gc,heap     ] GC(3402) Eden regions: 916->0(912)
[2025-01-07T20:49:14.377+0000][87824.743s][info][gc,heap     ] GC(3402) Survivor regions: 5->9(116)
[2025-01-07T20:49:14.377+0000][87824.743s][info][gc,heap     ] GC(3402) Old regions: 242->242
[2025-01-07T20:49:14.377+0000][87824.743s][info][gc,heap     ] GC(3402) Archive regions: 2->2
[2025-01-07T20:49:14.377+0000][87824.743s][info][gc,heap     ] GC(3402) Humongous regions: 49->49
[2025-01-07T20:49:14.377+0000][87824.743s][info][gc,metaspace] GC(3402) Metaspace: 498881K(507200K)->498881K(507200K) NonClass: 438291K(442560K)->438291K(442560K) Class: 60589K(64640K)->60589K(64640K)
[2025-01-07T20:49:14.377+0000][87824.743s][info][gc          ] GC(3402) Pause Young (Normal) (G1 Evacuation Pause) 9698M->2399M(12288M) 33.019ms
[2025-01-07T20:49:14.377+0000][87824.743s][info][gc,cpu      ] GC(3402) User=0.19s Sys=0.00s Real=0.03s
[2025-01-07T20:49:22.714+0000][87833.080s][info][gc,start    ] GC(3403) Pause Young (Concurrent Start) (G1 Evacuation Pause)
[2025-01-07T20:49:22.714+0000][87833.080s][info][gc,task     ] GC(3403) Using 6 workers of 6 for evacuation
[2025-01-07T20:49:22.751+0000][87833.117s][info][gc,phases   ] GC(3403)   Pre Evacuate Collection Set: 1.0ms
[2025-01-07T20:49:22.751+0000][87833.117s][info][gc,phases   ] GC(3403)   Merge Heap Roots: 0.5ms
[2025-01-07T20:49:22.751+0000][87833.117s][info][gc,phases   ] GC(3403)   Evacuate Collection Set: 29.9ms
[2025-01-07T20:49:22.751+0000][87833.117s][info][gc,phases   ] GC(3403)   Post Evacuate Collection Set: 5.3ms
[2025-01-07T20:49:22.751+0000][87833.117s][info][gc,phases   ] GC(3403)   Other: 0.3ms
[2025-01-07T20:49:22.751+0000][87833.117s][info][gc,heap     ] GC(3403) Eden regions: 912->0(909)
[2025-01-07T20:49:22.751+0000][87833.117s][info][gc,heap     ] GC(3403) Survivor regions: 9->11(116)
[2025-01-07T20:49:22.751+0000][87833.117s][info][gc,heap     ] GC(3403) Old regions: 242->242
[2025-01-07T20:49:22.751+0000][87833.117s][info][gc,heap     ] GC(3403) Archive regions: 2->2
[2025-01-07T20:49:22.751+0000][87833.117s][info][gc,heap     ] GC(3403) Humongous regions: 49->49
[2025-01-07T20:49:22.751+0000][87833.117s][info][gc,metaspace] GC(3403) Metaspace: 498881K(507200K)->498881K(507200K) NonClass: 438291K(442560K)->438291K(442560K) Class: 60589K(64640K)->60589K(64640K)
[2025-01-07T20:49:22.751+0000][87833.117s][info][gc          ] GC(3403) Pause Young (Concurrent Start) (G1 Evacuation Pause) 9695M->2416M(12288M) 37.027ms
[2025-01-07T20:49:22.751+0000][87833.117s][info][gc,cpu      ] GC(3403) User=0.21s Sys=0.00s Real=0.04s
[2025-01-07T20:49:22.751+0000][87833.117s][info][gc          ] GC(3404) Concurrent Mark Cycle
[2025-01-07T20:49:22.751+0000][87833.117s][info][gc,marking  ] GC(3404) Concurrent Clear Claimed Marks
[2025-01-07T20:49:22.752+0000][87833.118s][info][gc,marking  ] GC(3404) Concurrent Clear Claimed Marks 0.814ms
[2025-01-07T20:49:22.752+0000][87833.118s][info][gc,marking  ] GC(3404) Concurrent Scan Root Regions
[2025-01-07T20:49:22.780+0000][87833.146s][info][gc,marking  ] GC(3404) Concurrent Scan Root Regions 27.870ms
[2025-01-07T20:49:22.780+0000][87833.146s][info][gc,marking  ] GC(3404) Concurrent Mark
[2025-01-07T20:49:22.780+0000][87833.146s][info][gc,marking  ] GC(3404) Concurrent Mark From Roots
[2025-01-07T20:49:22.780+0000][87833.146s][info][gc,task     ] GC(3404) Using 2 workers of 2 for marking
[2025-01-07T20:49:23.637+0000][87834.003s][info][gc,marking  ] GC(3404) Concurrent Mark From Roots 857.673ms
[2025-01-07T20:49:23.637+0000][87834.003s][info][gc,marking  ] GC(3404) Concurrent Preclean
[2025-01-07T20:49:23.639+0000][87834.006s][info][gc,marking  ] GC(3404) Concurrent Preclean 2.057ms
[2025-01-07T20:49:23.640+0000][87834.006s][info][gc,start    ] GC(3404) Pause Remark
[2025-01-07T20:49:23.665+0000][87834.031s][info][gc          ] GC(3404) Pause Remark 3788M->3788M(12288M) 25.482ms
[2025-01-07T20:49:23.665+0000][87834.031s][info][gc,cpu      ] GC(3404) User=0.15s Sys=0.00s Real=0.03s
[2025-01-07T20:49:23.665+0000][87834.031s][info][gc,marking  ] GC(3404) Concurrent Mark 885.578ms
[2025-01-07T20:49:23.665+0000][87834.031s][info][gc,marking  ] GC(3404) Concurrent Rebuild Remembered Sets
[2025-01-07T20:49:24.249+0000][87834.615s][info][gc,marking  ] GC(3404) Concurrent Rebuild Remembered Sets 583.605ms
[2025-01-07T20:49:24.249+0000][87834.615s][info][gc,start    ] GC(3404) Pause Cleanup
[2025-01-07T20:49:24.249+0000][87834.616s][info][gc          ] GC(3404) Pause Cleanup 4756M->4756M(12288M) 0.485ms
[2025-01-07T20:49:24.249+0000][87834.616s][info][gc,cpu      ] GC(3404) User=0.00s Sys=0.00s Real=0.01s
[2025-01-07T20:49:24.250+0000][87834.616s][info][gc,marking  ] GC(3404) Concurrent Cleanup for Next Mark
[2025-01-07T20:49:24.268+0000][87834.634s][info][gc,marking  ] GC(3404) Concurrent Cleanup for Next Mark 18.470ms
[2025-01-07T20:49:24.268+0000][87834.634s][info][gc          ] GC(3404) Concurrent Mark Cycle 1517.228ms
[2025-01-07T20:49:26.580+0000][87836.946s][info][gc,start    ] GC(3405) Pause Young (Prepare Mixed) (G1 Evacuation Pause)
[2025-01-07T20:49:26.580+0000][87836.946s][info][gc,task     ] GC(3405) Using 6 workers of 6 for evacuation
[2025-01-07T20:49:26.614+0000][87836.980s][info][gc,phases   ] GC(3405)   Pre Evacuate Collection Set: 0.2ms
[2025-01-07T20:49:26.614+0000][87836.981s][info][gc,phases   ] GC(3405)   Merge Heap Roots: 0.6ms
[2025-01-07T20:49:26.614+0000][87836.981s][info][gc,phases   ] GC(3405)   Evacuate Collection Set: 30.9ms
[2025-01-07T20:49:26.614+0000][87836.981s][info][gc,phases   ] GC(3405)   Post Evacuate Collection Set: 2.5ms
[2025-01-07T20:49:26.614+0000][87836.981s][info][gc,phases   ] GC(3405)   Other: 0.2ms
[2025-01-07T20:49:26.614+0000][87836.981s][info][gc,heap     ] GC(3405) Eden regions: 909->0(65)
[2025-01-07T20:49:26.614+0000][87836.981s][info][gc,heap     ] GC(3405) Survivor regions: 11->11(115)
[2025-01-07T20:49:26.614+0000][87836.981s][info][gc,heap     ] GC(3405) Old regions: 242->242
[2025-01-07T20:49:26.614+0000][87836.981s][info][gc,heap     ] GC(3405) Archive regions: 2->2
[2025-01-07T20:49:26.614+0000][87836.981s][info][gc,heap     ] GC(3405) Humongous regions: 49->49
[2025-01-07T20:49:26.614+0000][87836.981s][info][gc,metaspace] GC(3405) Metaspace: 498881K(507200K)->498881K(507200K) NonClass: 438291K(442560K)->438291K(442560K) Class: 60589K(64640K)->60589K(64640K)
[2025-01-07T20:49:26.614+0000][87836.981s][info][gc          ] GC(3405) Pause Young (Prepare Mixed) (G1 Evacuation Pause) 9688M->2413M(12288M) 34.612ms
[2025-01-07T20:49:26.615+0000][87836.981s][info][gc,cpu      ] GC(3405) User=0.20s Sys=0.00s Real=0.04s
[2025-01-07T20:49:27.135+0000][87837.501s][info][gc,start    ] GC(3406) Pause Young (Mixed) (G1 Evacuation Pause)
[2025-01-07T20:49:27.135+0000][87837.501s][info][gc,task     ] GC(3406) Using 6 workers of 6 for evacuation
[2025-01-07T20:49:27.196+0000][87837.562s][info][gc,phases   ] GC(3406)   Pre Evacuate Collection Set: 0.2ms
[2025-01-07T20:49:27.196+0000][87837.562s][info][gc,phases   ] GC(3406)   Merge Heap Roots: 0.7ms
[2025-01-07T20:49:27.196+0000][87837.562s][info][gc,phases   ] GC(3406)   Evacuate Collection Set: 58.8ms
[2025-01-07T20:49:27.196+0000][87837.562s][info][gc,phases   ] GC(3406)   Post Evacuate Collection Set: 1.7ms
[2025-01-07T20:49:27.196+0000][87837.563s][info][gc,phases   ] GC(3406)   Other: 0.2ms
[2025-01-07T20:49:27.196+0000][87837.563s][info][gc,heap     ] GC(3406) Eden regions: 65->0(917)
[2025-01-07T20:49:27.196+0000][87837.563s][info][gc,heap     ] GC(3406) Survivor regions: 11->4(10)
[2025-01-07T20:49:27.196+0000][87837.563s][info][gc,heap     ] GC(3406) Old regions: 242->243
[2025-01-07T20:49:27.196+0000][87837.563s][info][gc,heap     ] GC(3406) Archive regions: 2->2
[2025-01-07T20:49:27.196+0000][87837.563s][info][gc,heap     ] GC(3406) Humongous regions: 49->49
[2025-01-07T20:49:27.196+0000][87837.563s][info][gc,metaspace] GC(3406) Metaspace: 498881K(507200K)->498881K(507200K) NonClass: 438291K(442560K)->438291K(442560K) Class: 60589K(64640K)->60589K(64640K)
[2025-01-07T20:49:27.196+0000][87837.563s][info][gc          ] GC(3406) Pause Young (Mixed) (G1 Evacuation Pause) 2933M->2367M(12288M) 61.662ms
[2025-01-07T20:49:27.196+0000][87837.563s][info][gc,cpu      ] GC(3406) User=0.36s Sys=0.00s Real=0.06s
[2025-01-07T20:49:33.515+0000][87843.881s][info][gc,start    ] GC(3407) Pause Young (Normal) (G1 Evacuation Pause)
[2025-01-07T20:49:33.515+0000][87843.881s][info][gc,task     ] GC(3407) Using 6 workers of 6 for evacuation
[2025-01-07T20:49:33.544+0000][87843.910s][info][gc,phases   ] GC(3407)   Pre Evacuate Collection Set: 0.2ms
[2025-01-07T20:49:33.544+0000][87843.910s][info][gc,phases   ] GC(3407)   Merge Heap Roots: 0.4ms
[2025-01-07T20:49:33.544+0000][87843.910s][info][gc,phases   ] GC(3407)   Evacuate Collection Set: 23.8ms
[2025-01-07T20:49:33.544+0000][87843.910s][info][gc,phases   ] GC(3407)   Post Evacuate Collection Set: 4.3ms
[2025-01-07T20:49:33.544+0000][87843.910s][info][gc,phases   ] GC(3407)   Other: 0.2ms
[2025-01-07T20:49:33.544+0000][87843.910s][info][gc,heap     ] GC(3407) Eden regions: 917->0(913)
[2025-01-07T20:49:33.544+0000][87843.910s][info][gc,heap     ] GC(3407) Survivor regions: 4->7(116)
[2025-01-07T20:49:33.544+0000][87843.910s][info][gc,heap     ] GC(3407) Old regions: 243->243
[2025-01-07T20:49:33.544+0000][87843.910s][info][gc,heap     ] GC(3407) Archive regions: 2->2
[2025-01-07T20:49:33.544+0000][87843.910s][info][gc,heap     ] GC(3407) Humongous regions: 49->49
[2025-01-07T20:49:33.544+0000][87843.910s][info][gc,metaspace] GC(3407) Metaspace: 498881K(507200K)->498881K(507200K) NonClass: 438291K(442560K)->438291K(442560K) Class: 60589K(64640K)->60589K(64640K)
[2025-01-07T20:49:33.544+0000][87843.910s][info][gc          ] GC(3407) Pause Young (Normal) (G1 Evacuation Pause) 9703M->2386M(12288M) 28.964ms
[2025-01-07T20:49:33.544+0000][87843.910s][info][gc,cpu      ] GC(3407) User=0.17s Sys=0.01s Real=0.03s
[2025-01-07T20:49:45.251+0000][87855.618s][info][gc,start    ] GC(3408) Pause Young (Normal) (G1 Evacuation Pause)
[2025-01-07T20:49:45.251+0000][87855.618s][info][gc,task     ] GC(3408) Using 6 workers of 6 for evacuation
[2025-01-07T20:49:45.277+0000][87855.643s][info][gc,phases   ] GC(3408)   Pre Evacuate Collection Set: 0.2ms
[2025-01-07T20:49:45.277+0000][87855.643s][info][gc,phases   ] GC(3408)   Merge Heap Roots: 0.4ms
[2025-01-07T20:49:45.277+0000][87855.643s][info][gc,phases   ] GC(3408)   Evacuate Collection Set: 21.7ms
[2025-01-07T20:49:45.277+0000][87855.643s][info][gc,phases   ] GC(3408)   Post Evacuate Collection Set: 2.5ms
[2025-01-07T20:49:45.277+0000][87855.643s][info][gc,phases   ] GC(3408)   Other: 0.2ms
[2025-01-07T20:49:45.277+0000][87855.643s][info][gc,heap     ] GC(3408) Eden regions: 913->0(913)
[2025-01-07T20:49:45.277+0000][87855.643s][info][gc,heap     ] GC(3408) Survivor regions: 7->7(115)
[2025-01-07T20:49:45.277+0000][87855.643s][info][gc,heap     ] GC(3408) Old regions: 243->243
[2025-01-07T20:49:45.277+0000][87855.643s][info][gc,heap     ] GC(3408) Archive regions: 2->2
[2025-01-07T20:49:45.277+0000][87855.643s][info][gc,heap     ] GC(3408) Humongous regions: 49->49
[2025-01-07T20:49:45.277+0000][87855.643s][info][gc,metaspace] GC(3408) Metaspace: 498881K(507200K)->498881K(507200K) NonClass: 438291K(442560K)->438291K(442560K) Class: 60589K(64640K)->60589K(64640K)
[2025-01-07T20:49:45.277+0000][87855.643s][info][gc          ] GC(3408) Pause Young (Normal) (G1 Evacuation Pause) 9690M->2387M(12288M) 25.208ms
[2025-01-07T20:49:45.277+0000][87855.643s][info][gc,cpu      ] GC(3408) User=0.14s Sys=0.00s Real=0.02s
[2025-01-07T20:49:56.857+0000][87867.223s][info][gc,start    ] GC(3409) Pause Young (Concurrent Start) (G1 Evacuation Pause)
[2025-01-07T20:49:56.857+0000][87867.224s][info][gc,task     ] GC(3409) Using 6 workers of 6 for evacuation
[2025-01-07T20:49:56.889+0000][87867.255s][info][gc,phases   ] GC(3409)   Pre Evacuate Collection Set: 1.0ms
[2025-01-07T20:49:56.889+0000][87867.255s][info][gc,phases   ] GC(3409)   Merge Heap Roots: 0.5ms
[2025-01-07T20:49:56.889+0000][87867.255s][info][gc,phases   ] GC(3409)   Evacuate Collection Set: 27.0ms
[2025-01-07T20:49:56.889+0000][87867.255s][info][gc,phases   ] GC(3409)   Post Evacuate Collection Set: 2.8ms
[2025-01-07T20:49:56.889+0000][87867.255s][info][gc,phases   ] GC(3409)   Other: 0.3ms
[2025-01-07T20:49:56.889+0000][87867.255s][info][gc,heap     ] GC(3409) Eden regions: 913->0(910)
[2025-01-07T20:49:56.889+0000][87867.255s][info][gc,heap     ] GC(3409) Survivor regions: 7->9(115)
[2025-01-07T20:49:56.889+0000][87867.255s][info][gc,heap     ] GC(3409) Old regions: 243->243
[2025-01-07T20:49:56.889+0000][87867.255s][info][gc,heap     ] GC(3409) Archive regions: 2->2
[2025-01-07T20:49:56.889+0000][87867.255s][info][gc,heap     ] GC(3409) Humongous regions: 49->49
[2025-01-07T20:49:56.889+0000][87867.255s][info][gc,metaspace] GC(3409) Metaspace: 498881K(507200K)->498881K(507200K) NonClass: 438291K(442560K)->438291K(442560K) Class: 60589K(64640K)->60589K(64640K)
[2025-01-07T20:49:56.889+0000][87867.255s][info][gc          ] GC(3409) Pause Young (Concurrent Start) (G1 Evacuation Pause) 9691M->2402M(12288M) 31.634ms
[2025-01-07T20:49:56.889+0000][87867.255s][info][gc,cpu      ] GC(3409) User=0.18s Sys=0.00s Real=0.03s
[2025-01-07T20:49:56.889+0000][87867.255s][info][gc          ] GC(3410) Concurrent Mark Cycle
[2025-01-07T20:49:56.889+0000][87867.255s][info][gc,marking  ] GC(3410) Concurrent Clear Claimed Marks
[2025-01-07T20:49:56.890+0000][87867.256s][info][gc,marking  ] GC(3410) Concurrent Clear Claimed Marks 0.854ms
[2025-01-07T20:49:56.890+0000][87867.256s][info][gc,marking  ] GC(3410) Concurrent Scan Root Regions
[2025-01-07T20:49:56.911+0000][87867.277s][info][gc,marking  ] GC(3410) Concurrent Scan Root Regions 20.718ms
[2025-01-07T20:49:56.911+0000][87867.277s][info][gc,marking  ] GC(3410) Concurrent Mark
[2025-01-07T20:49:56.911+0000][87867.277s][info][gc,marking  ] GC(3410) Concurrent Mark From Roots
[2025-01-07T20:49:56.911+0000][87867.277s][info][gc,task     ] GC(3410) Using 2 workers of 2 for marking
[2025-01-07T20:49:57.770+0000][87868.136s][info][gc,marking  ] GC(3410) Concurrent Mark From Roots 858.905ms
[2025-01-07T20:49:57.770+0000][87868.136s][info][gc,marking  ] GC(3410) Concurrent Preclean
[2025-01-07T20:49:57.772+0000][87868.138s][info][gc,marking  ] GC(3410) Concurrent Preclean 2.012ms
[2025-01-07T20:49:57.772+0000][87868.138s][info][gc,start    ] GC(3410) Pause Remark
[2025-01-07T20:49:57.798+0000][87868.164s][info][gc          ] GC(3410) Pause Remark 3322M->3322M(12288M) 25.724ms
[2025-01-07T20:49:57.798+0000][87868.164s][info][gc,cpu      ] GC(3410) User=0.15s Sys=0.00s Real=0.02s
[2025-01-07T20:49:57.798+0000][87868.164s][info][gc,marking  ] GC(3410) Concurrent Mark 886.980ms
[2025-01-07T20:49:57.798+0000][87868.164s][info][gc,marking  ] GC(3410) Concurrent Rebuild Remembered Sets
[2025-01-07T20:49:58.296+0000][87868.662s][info][gc,marking  ] GC(3410) Concurrent Rebuild Remembered Sets 498.241ms
[2025-01-07T20:49:58.296+0000][87868.662s][info][gc,start    ] GC(3410) Pause Cleanup
[2025-01-07T20:49:58.297+0000][87868.663s][info][gc          ] GC(3410) Pause Cleanup 3654M->3654M(12288M) 0.465ms
[2025-01-07T20:49:58.297+0000][87868.663s][info][gc,cpu      ] GC(3410) User=0.00s Sys=0.00s Real=0.00s
[2025-01-07T20:49:58.297+0000][87868.663s][info][gc,marking  ] GC(3410) Concurrent Cleanup for Next Mark
[2025-01-07T20:49:58.312+0000][87868.678s][info][gc,marking  ] GC(3410) Concurrent Cleanup for Next Mark 15.380ms
[2025-01-07T20:49:58.312+0000][87868.678s][info][gc          ] GC(3410) Concurrent Mark Cycle 1423.033ms
[2025-01-07T20:50:02.450+0000][87872.816s][info][gc,start    ] GC(3411) Pause Young (Prepare Mixed) (G1 Evacuation Pause)
[2025-01-07T20:50:02.450+0000][87872.816s][info][gc,task     ] GC(3411) Using 6 workers of 6 for evacuation
[2025-01-07T20:50:02.484+0000][87872.850s][info][gc,phases   ] GC(3411)   Pre Evacuate Collection Set: 0.2ms
[2025-01-07T20:50:02.484+0000][87872.850s][info][gc,phases   ] GC(3411)   Merge Heap Roots: 0.7ms
[2025-01-07T20:50:02.484+0000][87872.850s][info][gc,phases   ] GC(3411)   Evacuate Collection Set: 30.6ms
[2025-01-07T20:50:02.484+0000][87872.850s][info][gc,phases   ] GC(3411)   Post Evacuate Collection Set: 2.5ms
[2025-01-07T20:50:02.484+0000][87872.850s][info][gc,phases   ] GC(3411)   Other: 0.2ms
[2025-01-07T20:50:02.484+0000][87872.850s][info][gc,heap     ] GC(3411) Eden regions: 910->0(66)
[2025-01-07T20:50:02.484+0000][87872.850s][info][gc,heap     ] GC(3411) Survivor regions: 9->10(115)
[2025-01-07T20:50:02.484+0000][87872.850s][info][gc,heap     ] GC(3411) Old regions: 243->243
[2025-01-07T20:50:02.484+0000][87872.850s][info][gc,heap     ] GC(3411) Archive regions: 2->2
[2025-01-07T20:50:02.484+0000][87872.850s][info][gc,heap     ] GC(3411) Humongous regions: 49->49
[2025-01-07T20:50:02.484+0000][87872.850s][info][gc,metaspace] GC(3411) Metaspace: 498881K(507200K)->498881K(507200K) NonClass: 438292K(442560K)->438292K(442560K) Class: 60589K(64640K)->60589K(64640K)
[2025-01-07T20:50:02.484+0000][87872.850s][info][gc          ] GC(3411) Pause Young (Prepare Mixed) (G1 Evacuation Pause) 9682M->2412M(12288M) 34.267ms
[2025-01-07T20:50:02.484+0000][87872.850s][info][gc,cpu      ] GC(3411) User=0.20s Sys=0.00s Real=0.03s
[2025-01-07T20:50:02.844+0000][87873.210s][info][gc,start    ] GC(3412) Pause Young (Mixed) (G1 Evacuation Pause)
[2025-01-07T20:50:02.844+0000][87873.210s][info][gc,task     ] GC(3412) Using 6 workers of 6 for evacuation
[2025-01-07T20:50:02.908+0000][87873.274s][info][gc,phases   ] GC(3412)   Pre Evacuate Collection Set: 0.2ms
[2025-01-07T20:50:02.908+0000][87873.274s][info][gc,phases   ] GC(3412)   Merge Heap Roots: 0.7ms
[2025-01-07T20:50:02.908+0000][87873.274s][info][gc,phases   ] GC(3412)   Evacuate Collection Set: 60.8ms
[2025-01-07T20:50:02.908+0000][87873.274s][info][gc,phases   ] GC(3412)   Post Evacuate Collection Set: 1.8ms
[2025-01-07T20:50:02.908+0000][87873.274s][info][gc,phases   ] GC(3412)   Other: 0.2ms
[2025-01-07T20:50:02.908+0000][87873.274s][info][gc,heap     ] GC(3412) Eden regions: 66->0(915)
[2025-01-07T20:50:02.908+0000][87873.274s][info][gc,heap     ] GC(3412) Survivor regions: 10->6(10)
[2025-01-07T20:50:02.908+0000][87873.274s][info][gc,heap     ] GC(3412) Old regions: 243->241
[2025-01-07T20:50:02.908+0000][87873.274s][info][gc,heap     ] GC(3412) Archive regions: 2->2
[2025-01-07T20:50:02.908+0000][87873.274s][info][gc,heap     ] GC(3412) Humongous regions: 49->49
[2025-01-07T20:50:02.908+0000][87873.274s][info][gc,metaspace] GC(3412) Metaspace: 498881K(507200K)->498881K(507200K) NonClass: 438292K(442560K)->438292K(442560K) Class: 60589K(64640K)->60589K(64640K)
[2025-01-07T20:50:02.908+0000][87873.274s][info][gc          ] GC(3412) Pause Young (Mixed) (G1 Evacuation Pause) 2940M->2367M(12288M) 63.706ms
[2025-01-07T20:50:02.908+0000][87873.274s][info][gc,cpu      ] GC(3412) User=0.36s Sys=0.00s Real=0.06s
[2025-01-07T20:50:13.526+0000][87883.892s][info][gc,start    ] GC(3413) Pause Young (Normal) (G1 Evacuation Pause)
[2025-01-07T20:50:13.526+0000][87883.892s][info][gc,task     ] GC(3413) Using 6 workers of 6 for evacuation
[2025-01-07T20:50:13.558+0000][87883.924s][info][gc,phases   ] GC(3413)   Pre Evacuate Collection Set: 0.2ms
[2025-01-07T20:50:13.558+0000][87883.924s][info][gc,phases   ] GC(3413)   Merge Heap Roots: 0.4ms
[2025-01-07T20:50:13.558+0000][87883.924s][info][gc,phases   ] GC(3413)   Evacuate Collection Set: 25.4ms
[2025-01-07T20:50:13.558+0000][87883.924s][info][gc,phases   ] GC(3413)   Post Evacuate Collection Set: 5.4ms
[2025-01-07T20:50:13.558+0000][87883.924s][info][gc,phases   ] GC(3413)   Other: 0.2ms
[2025-01-07T20:50:13.558+0000][87883.924s][info][gc,heap     ] GC(3413) Eden regions: 915->0(911)
[2025-01-07T20:50:13.558+0000][87883.924s][info][gc,heap     ] GC(3413) Survivor regions: 6->9(116)
[2025-01-07T20:50:13.558+0000][87883.924s][info][gc,heap     ] GC(3413) Old regions: 241->241
[2025-01-07T20:50:13.558+0000][87883.924s][info][gc,heap     ] GC(3413) Archive regions: 2->2
[2025-01-07T20:50:13.558+0000][87883.924s][info][gc,heap     ] GC(3413) Humongous regions: 49->49
[2025-01-07T20:50:13.558+0000][87883.924s][info][gc,metaspace] GC(3413) Metaspace: 498881K(507200K)->498881K(507200K) NonClass: 438292K(442560K)->438292K(442560K) Class: 60589K(64640K)->60589K(64640K)
[2025-01-07T20:50:13.558+0000][87883.924s][info][gc          ] GC(3413) Pause Young (Normal) (G1 Evacuation Pause) 9687M->2394M(12288M) 31.719ms
[2025-01-07T20:50:13.558+0000][87883.924s][info][gc,cpu      ] GC(3413) User=0.18s Sys=0.00s Real=0.03s
[2025-01-07T20:50:23.366+0000][87893.732s][info][gc,start    ] GC(3414) Pause Young (Normal) (G1 Evacuation Pause)
[2025-01-07T20:50:23.366+0000][87893.732s][info][gc,task     ] GC(3414) Using 6 workers of 6 for evacuation
[2025-01-07T20:50:23.397+0000][87893.763s][info][gc,phases   ] GC(3414)   Pre Evacuate Collection Set: 0.2ms
[2025-01-07T20:50:23.397+0000][87893.763s][info][gc,phases   ] GC(3414)   Merge Heap Roots: 0.4ms
[2025-01-07T20:50:23.397+0000][87893.763s][info][gc,phases   ] GC(3414)   Evacuate Collection Set: 27.3ms
[2025-01-07T20:50:23.397+0000][87893.763s][info][gc,phases   ] GC(3414)   Post Evacuate Collection Set: 2.6ms
[2025-01-07T20:50:23.397+0000][87893.763s][info][gc,phases   ] GC(3414)   Other: 0.2ms
[2025-01-07T20:50:23.397+0000][87893.763s][info][gc,heap     ] GC(3414) Eden regions: 911->0(911)
[2025-01-07T20:50:23.397+0000][87893.763s][info][gc,heap     ] GC(3414) Survivor regions: 9->9(115)
[2025-01-07T20:50:23.397+0000][87893.763s][info][gc,heap     ] GC(3414) Old regions: 241->241
[2025-01-07T20:50:23.397+0000][87893.763s][info][gc,heap     ] GC(3414) Archive regions: 2->2
[2025-01-07T20:50:23.397+0000][87893.763s][info][gc,heap     ] GC(3414) Humongous regions: 49->49
[2025-01-07T20:50:23.397+0000][87893.763s][info][gc,metaspace] GC(3414) Metaspace: 498881K(507200K)->498881K(507200K) NonClass: 438292K(442560K)->438292K(442560K) Class: 60589K(64640K)->60589K(64640K)
[2025-01-07T20:50:23.397+0000][87893.763s][info][gc          ] GC(3414) Pause Young (Normal) (G1 Evacuation Pause) 9682M->2395M(12288M) 30.838ms
[2025-01-07T20:50:23.397+0000][87893.763s][info][gc,cpu      ] GC(3414) User=0.18s Sys=0.00s Real=0.03s
[2025-01-07T20:50:33.492+0000][87903.858s][info][gc,start    ] GC(3415) Pause Young (Concurrent Start) (G1 Evacuation Pause)
[2025-01-07T20:50:33.492+0000][87903.858s][info][gc,task     ] GC(3415) Using 6 workers of 6 for evacuation
[2025-01-07T20:50:33.529+0000][87903.895s][info][gc,phases   ] GC(3415)   Pre Evacuate Collection Set: 1.0ms
[2025-01-07T20:50:33.529+0000][87903.895s][info][gc,phases   ] GC(3415)   Merge Heap Roots: 0.5ms
[2025-01-07T20:50:33.529+0000][87903.895s][info][gc,phases   ] GC(3415)   Evacuate Collection Set: 31.4ms
[2025-01-07T20:50:33.529+0000][87903.895s][info][gc,phases   ] GC(3415)   Post Evacuate Collection Set: 4.2ms
[2025-01-07T20:50:33.529+0000][87903.895s][info][gc,phases   ] GC(3415)   Other: 0.3ms
[2025-01-07T20:50:33.529+0000][87903.895s][info][gc,heap     ] GC(3415) Eden regions: 911->0(909)
[2025-01-07T20:50:33.529+0000][87903.895s][info][gc,heap     ] GC(3415) Survivor regions: 9->11(115)
[2025-01-07T20:50:33.529+0000][87903.895s][info][gc,heap     ] GC(3415) Old regions: 241->241
[2025-01-07T20:50:33.529+0000][87903.895s][info][gc,heap     ] GC(3415) Archive regions: 2->2
[2025-01-07T20:50:33.529+0000][87903.895s][info][gc,heap     ] GC(3415) Humongous regions: 49->49
[2025-01-07T20:50:33.529+0000][87903.895s][info][gc,metaspace] GC(3415) Metaspace: 498881K(507200K)->498881K(507200K) NonClass: 438292K(442560K)->438292K(442560K) Class: 60589K(64640K)->60589K(64640K)
[2025-01-07T20:50:33.529+0000][87903.895s][info][gc          ] GC(3415) Pause Young (Concurrent Start) (G1 Evacuation Pause) 9683M->2413M(12288M) 37.506ms
[2025-01-07T20:50:33.529+0000][87903.895s][info][gc,cpu      ] GC(3415) User=0.21s Sys=0.00s Real=0.03s
[2025-01-07T20:50:33.529+0000][87903.895s][info][gc          ] GC(3416) Concurrent Mark Cycle
[2025-01-07T20:50:33.529+0000][87903.895s][info][gc,marking  ] GC(3416) Concurrent Clear Claimed Marks
[2025-01-07T20:50:33.530+0000][87903.896s][info][gc,marking  ] GC(3416) Concurrent Clear Claimed Marks 0.819ms
[2025-01-07T20:50:33.530+0000][87903.896s][info][gc,marking  ] GC(3416) Concurrent Scan Root Regions
[2025-01-07T20:50:33.561+0000][87903.927s][info][gc,marking  ] GC(3416) Concurrent Scan Root Regions 30.686ms
[2025-01-07T20:50:33.561+0000][87903.927s][info][gc,marking  ] GC(3416) Concurrent Mark
[2025-01-07T20:50:33.561+0000][87903.927s][info][gc,marking  ] GC(3416) Concurrent Mark From Roots
[2025-01-07T20:50:33.561+0000][87903.927s][info][gc,task     ] GC(3416) Using 2 workers of 2 for marking
[2025-01-07T20:50:34.333+0000][87904.699s][info][gc,marking  ] GC(3416) Concurrent Mark From Roots 772.570ms
[2025-01-07T20:50:34.333+0000][87904.699s][info][gc,marking  ] GC(3416) Concurrent Preclean
[2025-01-07T20:50:34.335+0000][87904.701s][info][gc,marking  ] GC(3416) Concurrent Preclean 1.846ms
[2025-01-07T20:50:34.335+0000][87904.701s][info][gc,start    ] GC(3416) Pause Remark
[2025-01-07T20:50:34.360+0000][87904.726s][info][gc          ] GC(3416) Pause Remark 3133M->3133M(12288M) 25.030ms
[2025-01-07T20:50:34.360+0000][87904.726s][info][gc,cpu      ] GC(3416) User=0.15s Sys=0.00s Real=0.02s
[2025-01-07T20:50:34.360+0000][87904.727s][info][gc,marking  ] GC(3416) Concurrent Mark 799.762ms
[2025-01-07T20:50:34.361+0000][87904.727s][info][gc,marking  ] GC(3416) Concurrent Rebuild Remembered Sets
[2025-01-07T20:50:34.896+0000][87905.262s][info][gc,marking  ] GC(3416) Concurrent Rebuild Remembered Sets 535.199ms
[2025-01-07T20:50:34.896+0000][87905.262s][info][gc,start    ] GC(3416) Pause Cleanup
[2025-01-07T20:50:34.896+0000][87905.262s][info][gc          ] GC(3416) Pause Cleanup 3645M->3645M(12288M) 0.410ms
[2025-01-07T20:50:34.896+0000][87905.262s][info][gc,cpu      ] GC(3416) User=0.00s Sys=0.00s Real=0.00s
[2025-01-07T20:50:34.896+0000][87905.262s][info][gc,marking  ] GC(3416) Concurrent Cleanup for Next Mark
[2025-01-07T20:50:34.912+0000][87905.278s][info][gc,marking  ] GC(3416) Concurrent Cleanup for Next Mark 15.521ms
[2025-01-07T20:50:34.912+0000][87905.278s][info][gc          ] GC(3416) Concurrent Mark Cycle 1382.799ms
[2025-01-07T20:50:38.911+0000][87909.277s][info][gc,start    ] GC(3417) Pause Young (Prepare Mixed) (G1 Evacuation Pause)
[2025-01-07T20:50:38.911+0000][87909.277s][info][gc,task     ] GC(3417) Using 6 workers of 6 for evacuation
[2025-01-07T20:50:38.946+0000][87909.312s][info][gc,phases   ] GC(3417)   Pre Evacuate Collection Set: 0.2ms
[2025-01-07T20:50:38.946+0000][87909.312s][info][gc,phases   ] GC(3417)   Merge Heap Roots: 0.7ms
[2025-01-07T20:50:38.946+0000][87909.312s][info][gc,phases   ] GC(3417)   Evacuate Collection Set: 31.7ms
[2025-01-07T20:50:38.946+0000][87909.312s][info][gc,phases   ] GC(3417)   Post Evacuate Collection Set: 2.5ms
[2025-01-07T20:50:38.946+0000][87909.312s][info][gc,phases   ] GC(3417)   Other: 0.2ms
[2025-01-07T20:50:38.946+0000][87909.312s][info][gc,heap     ] GC(3417) Eden regions: 909->0(65)
[2025-01-07T20:50:38.946+0000][87909.312s][info][gc,heap     ] GC(3417) Survivor regions: 11->11(115)
[2025-01-07T20:50:38.946+0000][87909.312s][info][gc,heap     ] GC(3417) Old regions: 241->241
[2025-01-07T20:50:38.946+0000][87909.312s][info][gc,heap     ] GC(3417) Archive regions: 2->2
[2025-01-07T20:50:38.946+0000][87909.312s][info][gc,heap     ] GC(3417) Humongous regions: 49->49
[2025-01-07T20:50:38.946+0000][87909.312s][info][gc,metaspace] GC(3417) Metaspace: 498892K(507200K)->498892K(507200K) NonClass: 438303K(442560K)->438303K(442560K) Class: 60589K(64640K)->60589K(64640K)
[2025-01-07T20:50:38.946+0000][87909.312s][info][gc          ] GC(3417) Pause Young (Prepare Mixed) (G1 Evacuation Pause) 9685M->2412M(12288M) 35.423ms
[2025-01-07T20:50:38.946+0000][87909.312s][info][gc,cpu      ] GC(3417) User=0.20s Sys=0.00s Real=0.03s
[2025-01-07T20:50:39.194+0000][87909.560s][info][gc,start    ] GC(3418) Pause Young (Mixed) (G1 Evacuation Pause)
[2025-01-07T20:50:39.194+0000][87909.560s][info][gc,task     ] GC(3418) Using 6 workers of 6 for evacuation
[2025-01-07T20:50:39.256+0000][87909.622s][info][gc,phases   ] GC(3418)   Pre Evacuate Collection Set: 0.2ms
[2025-01-07T20:50:39.256+0000][87909.622s][info][gc,phases   ] GC(3418)   Merge Heap Roots: 0.7ms
[2025-01-07T20:50:39.256+0000][87909.622s][info][gc,phases   ] GC(3418)   Evacuate Collection Set: 59.7ms
[2025-01-07T20:50:39.256+0000][87909.622s][info][gc,phases   ] GC(3418)   Post Evacuate Collection Set: 1.7ms
[2025-01-07T20:50:39.256+0000][87909.622s][info][gc,phases   ] GC(3418)   Other: 0.2ms
[2025-01-07T20:50:39.256+0000][87909.622s][info][gc,heap     ] GC(3418) Eden regions: 65->0(913)
[2025-01-07T20:50:39.256+0000][87909.622s][info][gc,heap     ] GC(3418) Survivor regions: 11->6(10)
[2025-01-07T20:50:39.256+0000][87909.622s][info][gc,heap     ] GC(3418) Old regions: 241->244
[2025-01-07T20:50:39.256+0000][87909.622s][info][gc,heap     ] GC(3418) Archive regions: 2->2
[2025-01-07T20:50:39.256+0000][87909.622s][info][gc,heap     ] GC(3418) Humongous regions: 49->49
[2025-01-07T20:50:39.256+0000][87909.622s][info][gc,metaspace] GC(3418) Metaspace: 498892K(507200K)->498892K(507200K) NonClass: 438303K(442560K)->438303K(442560K) Class: 60589K(64640K)->60589K(64640K)
[2025-01-07T20:50:39.256+0000][87909.623s][info][gc          ] GC(3418) Pause Young (Mixed) (G1 Evacuation Pause) 2932M->2388M(12288M) 62.495ms
[2025-01-07T20:50:39.256+0000][87909.623s][info][gc,cpu      ] GC(3418) User=0.36s Sys=0.00s Real=0.06s
[2025-01-07T20:50:44.371+0000][87914.737s][info][gc,start    ] GC(3419) Pause Young (Normal) (G1 Evacuation Pause)
[2025-01-07T20:50:44.371+0000][87914.737s][info][gc,task     ] GC(3419) Using 6 workers of 6 for evacuation
[2025-01-07T20:50:44.394+0000][87914.760s][info][gc,phases   ] GC(3419)   Pre Evacuate Collection Set: 0.2ms
[2025-01-07T20:50:44.394+0000][87914.760s][info][gc,phases   ] GC(3419)   Merge Heap Roots: 0.4ms
[2025-01-07T20:50:44.394+0000][87914.760s][info][gc,phases   ] GC(3419)   Evacuate Collection Set: 19.7ms
[2025-01-07T20:50:44.394+0000][87914.760s][info][gc,phases   ] GC(3419)   Post Evacuate Collection Set: 2.5ms
[2025-01-07T20:50:44.394+0000][87914.760s][info][gc,phases   ] GC(3419)   Other: 0.2ms
[2025-01-07T20:50:44.394+0000][87914.760s][info][gc,heap     ] GC(3419) Eden regions: 913->0(913)
[2025-01-07T20:50:44.394+0000][87914.760s][info][gc,heap     ] GC(3419) Survivor regions: 6->6(115)
[2025-01-07T20:50:44.394+0000][87914.760s][info][gc,heap     ] GC(3419) Old regions: 244->244
[2025-01-07T20:50:44.394+0000][87914.760s][info][gc,heap     ] GC(3419) Archive regions: 2->2
[2025-01-07T20:50:44.394+0000][87914.760s][info][gc,heap     ] GC(3419) Humongous regions: 49->49
[2025-01-07T20:50:44.394+0000][87914.760s][info][gc,metaspace] GC(3419) Metaspace: 498892K(507200K)->498892K(507200K) NonClass: 438303K(442560K)->438303K(442560K) Class: 60589K(64640K)->60589K(64640K)
[2025-01-07T20:50:44.394+0000][87914.760s][info][gc          ] GC(3419) Pause Young (Normal) (G1 Evacuation Pause) 9692M->2387M(12288M) 23.024ms
[2025-01-07T20:50:44.394+0000][87914.760s][info][gc,cpu      ] GC(3419) User=0.13s Sys=0.01s Real=0.02s
[2025-01-07T20:50:49.317+0000][87919.683s][info][gc,start    ] GC(3420) Pause Young (Normal) (G1 Evacuation Pause)
[2025-01-07T20:50:49.317+0000][87919.684s][info][gc,task     ] GC(3420) Using 6 workers of 6 for evacuation
[2025-01-07T20:50:49.340+0000][87919.706s][info][gc,phases   ] GC(3420)   Pre Evacuate Collection Set: 0.2ms
[2025-01-07T20:50:49.340+0000][87919.706s][info][gc,phases   ] GC(3420)   Merge Heap Roots: 0.4ms
[2025-01-07T20:50:49.340+0000][87919.706s][info][gc,phases   ] GC(3420)   Evacuate Collection Set: 19.3ms
[2025-01-07T20:50:49.340+0000][87919.706s][info][gc,phases   ] GC(3420)   Post Evacuate Collection Set: 2.3ms
[2025-01-07T20:50:49.340+0000][87919.706s][info][gc,phases   ] GC(3420)   Other: 0.2ms
[2025-01-07T20:50:49.340+0000][87919.706s][info][gc,heap     ] GC(3420) Eden regions: 913->0(915)
[2025-01-07T20:50:49.340+0000][87919.706s][info][gc,heap     ] GC(3420) Survivor regions: 6->6(115)
[2025-01-07T20:50:49.340+0000][87919.706s][info][gc,heap     ] GC(3420) Old regions: 244->244
[2025-01-07T20:50:49.340+0000][87919.706s][info][gc,heap     ] GC(3420) Archive regions: 2->2
[2025-01-07T20:50:49.340+0000][87919.706s][info][gc,heap     ] GC(3420) Humongous regions: 49->49
[2025-01-07T20:50:49.340+0000][87919.706s][info][gc,metaspace] GC(3420) Metaspace: 498892K(507200K)->498892K(507200K) NonClass: 438303K(442560K)->438303K(442560K) Class: 60589K(64640K)->60589K(64640K)
[2025-01-07T20:50:49.340+0000][87919.706s][info][gc          ] GC(3420) Pause Young (Normal) (G1 Evacuation Pause) 9691M->2391M(12288M) 22.479ms
[2025-01-07T20:50:49.340+0000][87919.706s][info][gc,cpu      ] GC(3420) User=0.13s Sys=0.00s Real=0.02s
[2025-01-07T20:50:54.260+0000][87924.626s][info][gc,start    ] GC(3421) Pause Young (Concurrent Start) (G1 Evacuation Pause)
[2025-01-07T20:50:54.260+0000][87924.626s][info][gc,task     ] GC(3421) Using 6 workers of 6 for evacuation
[2025-01-07T20:50:54.286+0000][87924.652s][info][gc,phases   ] GC(3421)   Pre Evacuate Collection Set: 1.0ms
[2025-01-07T20:50:54.286+0000][87924.652s][info][gc,phases   ] GC(3421)   Merge Heap Roots: 0.5ms
[2025-01-07T20:50:54.286+0000][87924.653s][info][gc,phases   ] GC(3421)   Evacuate Collection Set: 22.0ms
[2025-01-07T20:50:54.286+0000][87924.653s][info][gc,phases   ] GC(3421)   Post Evacuate Collection Set: 2.4ms
[2025-01-07T20:50:54.286+0000][87924.653s][info][gc,phases   ] GC(3421)   Other: 0.3ms
[2025-01-07T20:50:54.286+0000][87924.653s][info][gc,heap     ] GC(3421) Eden regions: 915->0(914)
[2025-01-07T20:50:54.286+0000][87924.653s][info][gc,heap     ] GC(3421) Survivor regions: 6->7(116)
[2025-01-07T20:50:54.286+0000][87924.653s][info][gc,heap     ] GC(3421) Old regions: 244->244
[2025-01-07T20:50:54.286+0000][87924.653s][info][gc,heap     ] GC(3421) Archive regions: 2->2
[2025-01-07T20:50:54.286+0000][87924.653s][info][gc,heap     ] GC(3421) Humongous regions: 49->49
[2025-01-07T20:50:54.286+0000][87924.653s][info][gc,metaspace] GC(3421) Metaspace: 498892K(507200K)->498892K(507200K) NonClass: 438303K(442560K)->438303K(442560K) Class: 60589K(64640K)->60589K(64640K)
[2025-01-07T20:50:54.286+0000][87924.653s][info][gc          ] GC(3421) Pause Young (Concurrent Start) (G1 Evacuation Pause) 9711M->2397M(12288M) 26.223ms
[2025-01-07T20:50:54.287+0000][87924.653s][info][gc,cpu      ] GC(3421) User=0.15s Sys=0.00s Real=0.03s
[2025-01-07T20:50:54.287+0000][87924.653s][info][gc          ] GC(3422) Concurrent Mark Cycle
[2025-01-07T20:50:54.287+0000][87924.653s][info][gc,marking  ] GC(3422) Concurrent Clear Claimed Marks
[2025-01-07T20:50:54.287+0000][87924.654s][info][gc,marking  ] GC(3422) Concurrent Clear Claimed Marks 0.834ms
[2025-01-07T20:50:54.287+0000][87924.654s][info][gc,marking  ] GC(3422) Concurrent Scan Root Regions
[2025-01-07T20:50:54.308+0000][87924.674s][info][gc,marking  ] GC(3422) Concurrent Scan Root Regions 20.298ms
[2025-01-07T20:50:54.308+0000][87924.674s][info][gc,marking  ] GC(3422) Concurrent Mark
[2025-01-07T20:50:54.308+0000][87924.674s][info][gc,marking  ] GC(3422) Concurrent Mark From Roots
[2025-01-07T20:50:54.308+0000][87924.674s][info][gc,task     ] GC(3422) Using 2 workers of 2 for marking
[2025-01-07T20:50:55.188+0000][87925.554s][info][gc,marking  ] GC(3422) Concurrent Mark From Roots 880.240ms
[2025-01-07T20:50:55.188+0000][87925.554s][info][gc,marking  ] GC(3422) Concurrent Preclean
[2025-01-07T20:50:55.190+0000][87925.556s][info][gc,marking  ] GC(3422) Concurrent Preclean 1.953ms
[2025-01-07T20:50:55.190+0000][87925.556s][info][gc,start    ] GC(3422) Pause Remark
[2025-01-07T20:50:55.216+0000][87925.582s][info][gc          ] GC(3422) Pause Remark 3545M->3545M(12288M) 25.483ms
[2025-01-07T20:50:55.216+0000][87925.582s][info][gc,cpu      ] GC(3422) User=0.14s Sys=0.00s Real=0.02s
[2025-01-07T20:50:55.216+0000][87925.582s][info][gc,marking  ] GC(3422) Concurrent Mark 908.095ms
[2025-01-07T20:50:55.216+0000][87925.582s][info][gc,marking  ] GC(3422) Concurrent Rebuild Remembered Sets
[2025-01-07T20:50:55.697+0000][87926.063s][info][gc,marking  ] GC(3422) Concurrent Rebuild Remembered Sets 480.792ms
[2025-01-07T20:50:55.697+0000][87926.063s][info][gc,start    ] GC(3422) Pause Cleanup
[2025-01-07T20:50:55.697+0000][87926.063s][info][gc          ] GC(3422) Pause Cleanup 4225M->4225M(12288M) 0.481ms
[2025-01-07T20:50:55.697+0000][87926.063s][info][gc,cpu      ] GC(3422) User=0.00s Sys=0.00s Real=0.00s
[2025-01-07T20:50:55.697+0000][87926.064s][info][gc,marking  ] GC(3422) Concurrent Cleanup for Next Mark
[2025-01-07T20:50:55.725+0000][87926.091s][info][gc,marking  ] GC(3422) Concurrent Cleanup for Next Mark 27.867ms
[2025-01-07T20:50:55.725+0000][87926.091s][info][gc          ] GC(3422) Concurrent Mark Cycle 1438.816ms
[2025-01-07T20:51:00.041+0000][87930.407s][info][gc,start    ] GC(3423) Pause Young (Prepare Mixed) (G1 Evacuation Pause)
[2025-01-07T20:51:00.041+0000][87930.408s][info][gc,task     ] GC(3423) Using 6 workers of 6 for evacuation
[2025-01-07T20:51:00.070+0000][87930.436s][info][gc,phases   ] GC(3423)   Pre Evacuate Collection Set: 0.2ms
[2025-01-07T20:51:00.070+0000][87930.436s][info][gc,phases   ] GC(3423)   Merge Heap Roots: 0.6ms
[2025-01-07T20:51:00.070+0000][87930.436s][info][gc,phases   ] GC(3423)   Evacuate Collection Set: 24.9ms
[2025-01-07T20:51:00.070+0000][87930.436s][info][gc,phases   ] GC(3423)   Post Evacuate Collection Set: 2.5ms
[2025-01-07T20:51:00.070+0000][87930.436s][info][gc,phases   ] GC(3423)   Other: 0.2ms
[2025-01-07T20:51:00.070+0000][87930.436s][info][gc,heap     ] GC(3423) Eden regions: 914->0(68)
[2025-01-07T20:51:00.070+0000][87930.436s][info][gc,heap     ] GC(3423) Survivor regions: 7->8(116)
[2025-01-07T20:51:00.070+0000][87930.436s][info][gc,heap     ] GC(3423) Old regions: 244->244
[2025-01-07T20:51:00.070+0000][87930.436s][info][gc,heap     ] GC(3423) Archive regions: 2->2
[2025-01-07T20:51:00.070+0000][87930.436s][info][gc,heap     ] GC(3423) Humongous regions: 49->49
[2025-01-07T20:51:00.070+0000][87930.436s][info][gc,metaspace] GC(3423) Metaspace: 498892K(507200K)->498892K(507200K) NonClass: 438303K(442560K)->438303K(442560K) Class: 60589K(64640K)->60589K(64640K)
[2025-01-07T20:51:00.070+0000][87930.436s][info][gc          ] GC(3423) Pause Young (Prepare Mixed) (G1 Evacuation Pause) 9709M->2402M(12288M) 28.482ms
[2025-01-07T20:51:00.070+0000][87930.436s][info][gc,cpu      ] GC(3423) User=0.16s Sys=0.00s Real=0.04s
[2025-01-07T20:51:00.389+0000][87930.755s][info][gc,start    ] GC(3424) Pause Young (Mixed) (G1 Evacuation Pause)
[2025-01-07T20:51:00.389+0000][87930.755s][info][gc,task     ] GC(3424) Using 6 workers of 6 for evacuation
[2025-01-07T20:51:00.427+0000][87930.793s][info][gc,phases   ] GC(3424)   Pre Evacuate Collection Set: 0.2ms
[2025-01-07T20:51:00.427+0000][87930.793s][info][gc,phases   ] GC(3424)   Merge Heap Roots: 0.4ms
[2025-01-07T20:51:00.427+0000][87930.793s][info][gc,phases   ] GC(3424)   Evacuate Collection Set: 35.5ms
[2025-01-07T20:51:00.427+0000][87930.793s][info][gc,phases   ] GC(3424)   Post Evacuate Collection Set: 1.7ms
[2025-01-07T20:51:00.427+0000][87930.793s][info][gc,phases   ] GC(3424)   Other: 0.2ms
[2025-01-07T20:51:00.427+0000][87930.793s][info][gc,heap     ] GC(3424) Eden regions: 68->0(915)
[2025-01-07T20:51:00.427+0000][87930.793s][info][gc,heap     ] GC(3424) Survivor regions: 8->6(10)
[2025-01-07T20:51:00.427+0000][87930.793s][info][gc,heap     ] GC(3424) Old regions: 244->239
[2025-01-07T20:51:00.427+0000][87930.793s][info][gc,heap     ] GC(3424) Archive regions: 2->2
[2025-01-07T20:51:00.427+0000][87930.793s][info][gc,heap     ] GC(3424) Humongous regions: 49->49
[2025-01-07T20:51:00.427+0000][87930.793s][info][gc,metaspace] GC(3424) Metaspace: 498892K(507200K)->498892K(507200K) NonClass: 438303K(442560K)->438303K(442560K) Class: 60589K(64640K)->60589K(64640K)
[2025-01-07T20:51:00.427+0000][87930.793s][info][gc          ] GC(3424) Pause Young (Mixed) (G1 Evacuation Pause) 2946M->2347M(12288M) 38.052ms
[2025-01-07T20:51:00.427+0000][87930.793s][info][gc,cpu      ] GC(3424) User=0.23s Sys=0.00s Real=0.04s
[2025-01-07T20:51:05.259+0000][87935.625s][info][gc,start    ] GC(3425) Pause Young (Normal) (G1 Evacuation Pause)
[2025-01-07T20:51:05.259+0000][87935.625s][info][gc,task     ] GC(3425) Using 6 workers of 6 for evacuation
[2025-01-07T20:51:05.283+0000][87935.649s][info][gc,phases   ] GC(3425)   Pre Evacuate Collection Set: 0.2ms
[2025-01-07T20:51:05.283+0000][87935.649s][info][gc,phases   ] GC(3425)   Merge Heap Roots: 0.4ms
[2025-01-07T20:51:05.283+0000][87935.649s][info][gc,phases   ] GC(3425)   Evacuate Collection Set: 20.8ms
[2025-01-07T20:51:05.283+0000][87935.649s][info][gc,phases   ] GC(3425)   Post Evacuate Collection Set: 2.4ms
[2025-01-07T20:51:05.283+0000][87935.649s][info][gc,phases   ] GC(3425)   Other: 0.2ms
[2025-01-07T20:51:05.283+0000][87935.649s][info][gc,heap     ] GC(3425) Eden regions: 915->0(915)
[2025-01-07T20:51:05.283+0000][87935.649s][info][gc,heap     ] GC(3425) Survivor regions: 6->6(116)
[2025-01-07T20:51:05.283+0000][87935.649s][info][gc,heap     ] GC(3425) Old regions: 239->239
[2025-01-07T20:51:05.283+0000][87935.649s][info][gc,heap     ] GC(3425) Archive regions: 2->2
[2025-01-07T20:51:05.283+0000][87935.649s][info][gc,heap     ] GC(3425) Humongous regions: 49->49
[2025-01-07T20:51:05.283+0000][87935.649s][info][gc,metaspace] GC(3425) Metaspace: 498892K(507200K)->498892K(507200K) NonClass: 438303K(442560K)->438303K(442560K) Class: 60589K(64640K)->60589K(64640K)
[2025-01-07T20:51:05.283+0000][87935.649s][info][gc          ] GC(3425) Pause Young (Normal) (G1 Evacuation Pause) 9667M->2352M(12288M) 24.183ms
[2025-01-07T20:51:05.283+0000][87935.649s][info][gc,cpu      ] GC(3425) User=0.14s Sys=0.00s Real=0.03s
[2025-01-07T20:51:12.662+0000][87943.028s][info][gc,start    ] GC(3426) Pause Young (Normal) (G1 Evacuation Pause)
[2025-01-07T20:51:12.662+0000][87943.028s][info][gc,task     ] GC(3426) Using 6 workers of 6 for evacuation
[2025-01-07T20:51:12.693+0000][87943.059s][info][gc,phases   ] GC(3426)   Pre Evacuate Collection Set: 0.2ms
[2025-01-07T20:51:12.693+0000][87943.060s][info][gc,phases   ] GC(3426)   Merge Heap Roots: 0.4ms
[2025-01-07T20:51:12.693+0000][87943.060s][info][gc,phases   ] GC(3426)   Evacuate Collection Set: 25.2ms
[2025-01-07T20:51:12.693+0000][87943.060s][info][gc,phases   ] GC(3426)   Post Evacuate Collection Set: 5.2ms
[2025-01-07T20:51:12.693+0000][87943.060s][info][gc,phases   ] GC(3426)   Other: 0.2ms
[2025-01-07T20:51:12.693+0000][87943.060s][info][gc,heap     ] GC(3426) Eden regions: 915->0(912)
[2025-01-07T20:51:12.693+0000][87943.060s][info][gc,heap     ] GC(3426) Survivor regions: 6->9(116)
[2025-01-07T20:51:12.693+0000][87943.060s][info][gc,heap     ] GC(3426) Old regions: 239->239
[2025-01-07T20:51:12.693+0000][87943.060s][info][gc,heap     ] GC(3426) Archive regions: 2->2
[2025-01-07T20:51:12.693+0000][87943.060s][info][gc,heap     ] GC(3426) Humongous regions: 49->49
[2025-01-07T20:51:12.694+0000][87943.060s][info][gc,metaspace] GC(3426) Metaspace: 498892K(507200K)->498892K(507200K) NonClass: 438303K(442560K)->438303K(442560K) Class: 60589K(64640K)->60589K(64640K)
[2025-01-07T20:51:12.694+0000][87943.060s][info][gc          ] GC(3426) Pause Young (Normal) (G1 Evacuation Pause) 9672M->2370M(12288M) 31.289ms
[2025-01-07T20:51:12.694+0000][87943.060s][info][gc,cpu      ] GC(3426) User=0.18s Sys=0.00s Real=0.03s
[2025-01-07T20:51:21.281+0000][87951.647s][info][gc,start    ] GC(3427) Pause Young (Concurrent Start) (G1 Evacuation Pause)
[2025-01-07T20:51:21.281+0000][87951.647s][info][gc,task     ] GC(3427) Using 6 workers of 6 for evacuation
[2025-01-07T20:51:21.318+0000][87951.684s][info][gc,phases   ] GC(3427)   Pre Evacuate Collection Set: 1.0ms
[2025-01-07T20:51:21.318+0000][87951.684s][info][gc,phases   ] GC(3427)   Merge Heap Roots: 0.5ms
[2025-01-07T20:51:21.318+0000][87951.684s][info][gc,phases   ] GC(3427)   Evacuate Collection Set: 30.8ms
[2025-01-07T20:51:21.318+0000][87951.684s][info][gc,phases   ] GC(3427)   Post Evacuate Collection Set: 3.9ms
[2025-01-07T20:51:21.318+0000][87951.684s][info][gc,phases   ] GC(3427)   Other: 0.3ms
[2025-01-07T20:51:21.318+0000][87951.684s][info][gc,heap     ] GC(3427) Eden regions: 912->0(911)
[2025-01-07T20:51:21.318+0000][87951.684s][info][gc,heap     ] GC(3427) Survivor regions: 9->10(116)
[2025-01-07T20:51:21.318+0000][87951.684s][info][gc,heap     ] GC(3427) Old regions: 239->239
[2025-01-07T20:51:21.318+0000][87951.684s][info][gc,heap     ] GC(3427) Archive regions: 2->2
[2025-01-07T20:51:21.318+0000][87951.684s][info][gc,heap     ] GC(3427) Humongous regions: 49->49
[2025-01-07T20:51:21.318+0000][87951.684s][info][gc,metaspace] GC(3427) Metaspace: 498897K(507200K)->498897K(507200K) NonClass: 438307K(442560K)->438307K(442560K) Class: 60589K(64640K)->60589K(64640K)
[2025-01-07T20:51:21.318+0000][87951.684s][info][gc          ] GC(3427) Pause Young (Concurrent Start) (G1 Evacuation Pause) 9666M->2385M(12288M) 36.521ms
[2025-01-07T20:51:21.318+0000][87951.684s][info][gc,cpu      ] GC(3427) User=0.21s Sys=0.00s Real=0.04s
[2025-01-07T20:51:21.318+0000][87951.684s][info][gc          ] GC(3428) Concurrent Mark Cycle
[2025-01-07T20:51:21.318+0000][87951.684s][info][gc,marking  ] GC(3428) Concurrent Clear Claimed Marks
[2025-01-07T20:51:21.319+0000][87951.685s][info][gc,marking  ] GC(3428) Concurrent Clear Claimed Marks 0.784ms
[2025-01-07T20:51:21.319+0000][87951.685s][info][gc,marking  ] GC(3428) Concurrent Scan Root Regions
[2025-01-07T20:51:21.347+0000][87951.713s][info][gc,marking  ] GC(3428) Concurrent Scan Root Regions 28.578ms
[2025-01-07T20:51:21.347+0000][87951.713s][info][gc,marking  ] GC(3428) Concurrent Mark
[2025-01-07T20:51:21.347+0000][87951.713s][info][gc,marking  ] GC(3428) Concurrent Mark From Roots
[2025-01-07T20:51:21.347+0000][87951.713s][info][gc,task     ] GC(3428) Using 2 workers of 2 for marking
[2025-01-07T20:51:22.197+0000][87952.564s][info][gc,marking  ] GC(3428) Concurrent Mark From Roots 850.122ms
[2025-01-07T20:51:22.197+0000][87952.564s][info][gc,marking  ] GC(3428) Concurrent Preclean
[2025-01-07T20:51:22.199+0000][87952.566s][info][gc,marking  ] GC(3428) Concurrent Preclean 1.950ms
[2025-01-07T20:51:22.200+0000][87952.566s][info][gc,start    ] GC(3428) Pause Remark
[2025-01-07T20:51:22.225+0000][87952.591s][info][gc          ] GC(3428) Pause Remark 3544M->3544M(12288M) 25.147ms
[2025-01-07T20:51:22.225+0000][87952.591s][info][gc,cpu      ] GC(3428) User=0.15s Sys=0.00s Real=0.03s
[2025-01-07T20:51:22.225+0000][87952.591s][info][gc,marking  ] GC(3428) Concurrent Mark 877.827ms
[2025-01-07T20:51:22.225+0000][87952.591s][info][gc,marking  ] GC(3428) Concurrent Rebuild Remembered Sets
[2025-01-07T20:51:22.707+0000][87953.073s][info][gc,marking  ] GC(3428) Concurrent Rebuild Remembered Sets 482.009ms
[2025-01-07T20:51:22.707+0000][87953.073s][info][gc,start    ] GC(3428) Pause Cleanup
[2025-01-07T20:51:22.708+0000][87953.074s][info][gc          ] GC(3428) Pause Cleanup 4177M->4177M(12288M) 0.454ms
[2025-01-07T20:51:22.708+0000][87953.074s][info][gc,cpu      ] GC(3428) User=0.00s Sys=0.00s Real=0.00s
[2025-01-07T20:51:22.708+0000][87953.074s][info][gc,marking  ] GC(3428) Concurrent Cleanup for Next Mark
[2025-01-07T20:51:22.723+0000][87953.089s][info][gc,marking  ] GC(3428) Concurrent Cleanup for Next Mark 15.425ms
[2025-01-07T20:51:22.723+0000][87953.089s][info][gc          ] GC(3428) Concurrent Mark Cycle 1405.501ms
[2025-01-07T20:51:27.697+0000][87958.063s][info][gc,start    ] GC(3429) Pause Young (Prepare Mixed) (G1 Evacuation Pause)
[2025-01-07T20:51:27.697+0000][87958.063s][info][gc,task     ] GC(3429) Using 6 workers of 6 for evacuation
[2025-01-07T20:51:27.735+0000][87958.101s][info][gc,phases   ] GC(3429)   Pre Evacuate Collection Set: 0.2ms
[2025-01-07T20:51:27.735+0000][87958.101s][info][gc,phases   ] GC(3429)   Merge Heap Roots: 0.7ms
[2025-01-07T20:51:27.735+0000][87958.101s][info][gc,phases   ] GC(3429)   Evacuate Collection Set: 34.0ms
[2025-01-07T20:51:27.735+0000][87958.101s][info][gc,phases   ] GC(3429)   Post Evacuate Collection Set: 2.6ms
[2025-01-07T20:51:27.735+0000][87958.101s][info][gc,phases   ] GC(3429)   Other: 0.2ms
[2025-01-07T20:51:27.735+0000][87958.101s][info][gc,heap     ] GC(3429) Eden regions: 911->0(65)
[2025-01-07T20:51:27.735+0000][87958.101s][info][gc,heap     ] GC(3429) Survivor regions: 10->11(116)
[2025-01-07T20:51:27.735+0000][87958.101s][info][gc,heap     ] GC(3429) Old regions: 239->239
[2025-01-07T20:51:27.735+0000][87958.101s][info][gc,heap     ] GC(3429) Archive regions: 2->2
[2025-01-07T20:51:27.735+0000][87958.101s][info][gc,heap     ] GC(3429) Humongous regions: 49->49
[2025-01-07T20:51:27.735+0000][87958.101s][info][gc,metaspace] GC(3429) Metaspace: 498897K(507200K)->498897K(507200K) NonClass: 438307K(442560K)->438307K(442560K) Class: 60589K(64640K)->60589K(64640K)
[2025-01-07T20:51:27.735+0000][87958.101s][info][gc          ] GC(3429) Pause Young (Prepare Mixed) (G1 Evacuation Pause) 9673M->2385M(12288M) 37.829ms
[2025-01-07T20:51:27.735+0000][87958.101s][info][gc,cpu      ] GC(3429) User=0.22s Sys=0.00s Real=0.04s
[2025-01-07T20:51:28.478+0000][87958.844s][info][gc,start    ] GC(3430) Pause Young (Mixed) (G1 Evacuation Pause)
[2025-01-07T20:51:28.478+0000][87958.844s][info][gc,task     ] GC(3430) Using 6 workers of 6 for evacuation
[2025-01-07T20:51:28.534+0000][87958.901s][info][gc,phases   ] GC(3430)   Pre Evacuate Collection Set: 0.2ms
[2025-01-07T20:51:28.534+0000][87958.901s][info][gc,phases   ] GC(3430)   Merge Heap Roots: 0.6ms
[2025-01-07T20:51:28.534+0000][87958.901s][info][gc,phases   ] GC(3430)   Evacuate Collection Set: 53.6ms
[2025-01-07T20:51:28.534+0000][87958.901s][info][gc,phases   ] GC(3430)   Post Evacuate Collection Set: 1.6ms
[2025-01-07T20:51:28.534+0000][87958.901s][info][gc,phases   ] GC(3430)   Other: 0.2ms
[2025-01-07T20:51:28.534+0000][87958.901s][info][gc,heap     ] GC(3430) Eden regions: 65->0(915)
[2025-01-07T20:51:28.534+0000][87958.901s][info][gc,heap     ] GC(3430) Survivor regions: 11->6(10)
[2025-01-07T20:51:28.534+0000][87958.901s][info][gc,heap     ] GC(3430) Old regions: 239->239
[2025-01-07T20:51:28.534+0000][87958.901s][info][gc,heap     ] GC(3430) Archive regions: 2->2
[2025-01-07T20:51:28.534+0000][87958.901s][info][gc,heap     ] GC(3430) Humongous regions: 49->49
[2025-01-07T20:51:28.534+0000][87958.901s][info][gc,metaspace] GC(3430) Metaspace: 498897K(507200K)->498897K(507200K) NonClass: 438307K(442560K)->438307K(442560K) Class: 60589K(64640K)->60589K(64640K)
[2025-01-07T20:51:28.535+0000][87958.901s][info][gc          ] GC(3430) Pause Young (Mixed) (G1 Evacuation Pause) 2905M->2346M(12288M) 56.242ms
[2025-01-07T20:51:28.535+0000][87958.901s][info][gc,cpu      ] GC(3430) User=0.32s Sys=0.00s Real=0.06s
[2025-01-07T20:51:34.212+0000][87964.578s][info][gc,start    ] GC(3431) Pause Young (Normal) (G1 Evacuation Pause)
[2025-01-07T20:51:34.212+0000][87964.578s][info][gc,task     ] GC(3431) Using 6 workers of 6 for evacuation
[2025-01-07T20:51:34.235+0000][87964.601s][info][gc,phases   ] GC(3431)   Pre Evacuate Collection Set: 0.2ms
[2025-01-07T20:51:34.235+0000][87964.601s][info][gc,phases   ] GC(3431)   Merge Heap Roots: 0.4ms
[2025-01-07T20:51:34.235+0000][87964.601s][info][gc,phases   ] GC(3431)   Evacuate Collection Set: 20.4ms
[2025-01-07T20:51:34.235+0000][87964.601s][info][gc,phases   ] GC(3431)   Post Evacuate Collection Set: 2.4ms
[2025-01-07T20:51:34.235+0000][87964.601s][info][gc,phases   ] GC(3431)   Other: 0.2ms
[2025-01-07T20:51:34.235+0000][87964.601s][info][gc,heap     ] GC(3431) Eden regions: 915->0(915)
[2025-01-07T20:51:34.235+0000][87964.601s][info][gc,heap     ] GC(3431) Survivor regions: 6->6(116)
[2025-01-07T20:51:34.235+0000][87964.601s][info][gc,heap     ] GC(3431) Old regions: 239->239
[2025-01-07T20:51:34.235+0000][87964.601s][info][gc,heap     ] GC(3431) Archive regions: 2->2
[2025-01-07T20:51:34.235+0000][87964.602s][info][gc,heap     ] GC(3431) Humongous regions: 49->49
[2025-01-07T20:51:34.235+0000][87964.602s][info][gc,metaspace] GC(3431) Metaspace: 498897K(507200K)->498897K(507200K) NonClass: 438307K(442560K)->438307K(442560K) Class: 60589K(64640K)->60589K(64640K)
[2025-01-07T20:51:34.235+0000][87964.602s][info][gc          ] GC(3431) Pause Young (Normal) (G1 Evacuation Pause) 9666M->2349M(12288M) 23.782ms
[2025-01-07T20:51:34.235+0000][87964.602s][info][gc,cpu      ] GC(3431) User=0.14s Sys=0.00s Real=0.02s
[2025-01-07T20:51:38.345+0000][87968.711s][info][gc,start    ] GC(3432) Pause Young (Normal) (G1 Evacuation Pause)
[2025-01-07T20:51:38.345+0000][87968.711s][info][gc,task     ] GC(3432) Using 6 workers of 6 for evacuation
[2025-01-07T20:51:38.373+0000][87968.740s][info][gc,phases   ] GC(3432)   Pre Evacuate Collection Set: 0.2ms
[2025-01-07T20:51:38.373+0000][87968.740s][info][gc,phases   ] GC(3432)   Merge Heap Roots: 0.4ms
[2025-01-07T20:51:38.373+0000][87968.740s][info][gc,phases   ] GC(3432)   Evacuate Collection Set: 25.2ms
[2025-01-07T20:51:38.373+0000][87968.740s][info][gc,phases   ] GC(3432)   Post Evacuate Collection Set: 2.4ms
[2025-01-07T20:51:38.373+0000][87968.740s][info][gc,phases   ] GC(3432)   Other: 0.2ms
[2025-01-07T20:51:38.374+0000][87968.740s][info][gc,heap     ] GC(3432) Eden regions: 915->0(914)
[2025-01-07T20:51:38.374+0000][87968.740s][info][gc,heap     ] GC(3432) Survivor regions: 6->7(116)
[2025-01-07T20:51:38.374+0000][87968.740s][info][gc,heap     ] GC(3432) Old regions: 239->239
[2025-01-07T20:51:38.374+0000][87968.740s][info][gc,heap     ] GC(3432) Archive regions: 2->2
[2025-01-07T20:51:38.374+0000][87968.740s][info][gc,heap     ] GC(3432) Humongous regions: 49->49
[2025-01-07T20:51:38.374+0000][87968.740s][info][gc,metaspace] GC(3432) Metaspace: 498897K(507200K)->498897K(507200K) NonClass: 438307K(442560K)->438307K(442560K) Class: 60589K(64640K)->60589K(64640K)
[2025-01-07T20:51:38.374+0000][87968.740s][info][gc          ] GC(3432) Pause Young (Normal) (G1 Evacuation Pause) 9669M->2357M(12288M) 28.559ms
[2025-01-07T20:51:38.374+0000][87968.740s][info][gc,cpu      ] GC(3432) User=0.16s Sys=0.00s Real=0.03s
[2025-01-07T20:51:45.192+0000][87975.558s][info][gc,start    ] GC(3433) Pause Young (Concurrent Start) (G1 Evacuation Pause)
[2025-01-07T20:51:45.192+0000][87975.558s][info][gc,task     ] GC(3433) Using 6 workers of 6 for evacuation
[2025-01-07T20:51:45.220+0000][87975.586s][info][gc,phases   ] GC(3433)   Pre Evacuate Collection Set: 1.0ms
[2025-01-07T20:51:45.220+0000][87975.586s][info][gc,phases   ] GC(3433)   Merge Heap Roots: 0.4ms
[2025-01-07T20:51:45.220+0000][87975.586s][info][gc,phases   ] GC(3433)   Evacuate Collection Set: 24.6ms
[2025-01-07T20:51:45.220+0000][87975.586s][info][gc,phases   ] GC(3433)   Post Evacuate Collection Set: 2.4ms
[2025-01-07T20:51:45.220+0000][87975.586s][info][gc,phases   ] GC(3433)   Other: 0.3ms
[2025-01-07T20:51:45.220+0000][87975.586s][info][gc,heap     ] GC(3433) Eden regions: 914->0(913)
[2025-01-07T20:51:45.220+0000][87975.587s][info][gc,heap     ] GC(3433) Survivor regions: 7->8(116)
[2025-01-07T20:51:45.220+0000][87975.587s][info][gc,heap     ] GC(3433) Old regions: 239->239
[2025-01-07T20:51:45.220+0000][87975.587s][info][gc,heap     ] GC(3433) Archive regions: 2->2
[2025-01-07T20:51:45.220+0000][87975.587s][info][gc,heap     ] GC(3433) Humongous regions: 49->49
[2025-01-07T20:51:45.220+0000][87975.587s][info][gc,metaspace] GC(3433) Metaspace: 498897K(507200K)->498897K(507200K) NonClass: 438307K(442560K)->438307K(442560K) Class: 60589K(64640K)->60589K(64640K)
[2025-01-07T20:51:45.220+0000][87975.587s][info][gc          ] GC(3433) Pause Young (Concurrent Start) (G1 Evacuation Pause) 9669M->2362M(12288M) 28.789ms
[2025-01-07T20:51:45.220+0000][87975.587s][info][gc,cpu      ] GC(3433) User=0.16s Sys=0.00s Real=0.02s
[2025-01-07T20:51:45.221+0000][87975.587s][info][gc          ] GC(3434) Concurrent Mark Cycle
[2025-01-07T20:51:45.221+0000][87975.587s][info][gc,marking  ] GC(3434) Concurrent Clear Claimed Marks
[2025-01-07T20:51:45.221+0000][87975.587s][info][gc,marking  ] GC(3434) Concurrent Clear Claimed Marks 0.794ms
[2025-01-07T20:51:45.221+0000][87975.587s][info][gc,marking  ] GC(3434) Concurrent Scan Root Regions
[2025-01-07T20:51:45.244+0000][87975.610s][info][gc,marking  ] GC(3434) Concurrent Scan Root Regions 22.402ms
[2025-01-07T20:51:45.244+0000][87975.610s][info][gc,marking  ] GC(3434) Concurrent Mark
[2025-01-07T20:51:45.244+0000][87975.610s][info][gc,marking  ] GC(3434) Concurrent Mark From Roots
[2025-01-07T20:51:45.244+0000][87975.610s][info][gc,task     ] GC(3434) Using 2 workers of 2 for marking
[2025-01-07T20:51:46.144+0000][87976.510s][info][gc,marking  ] GC(3434) Concurrent Mark From Roots 900.177ms
[2025-01-07T20:51:46.144+0000][87976.510s][info][gc,marking  ] GC(3434) Concurrent Preclean
[2025-01-07T20:51:46.146+0000][87976.512s][info][gc,marking  ] GC(3434) Concurrent Preclean 2.047ms
[2025-01-07T20:51:46.146+0000][87976.512s][info][gc,start    ] GC(3434) Pause Remark
[2025-01-07T20:51:46.172+0000][87976.538s][info][gc          ] GC(3434) Pause Remark 3318M->3318M(12288M) 25.693ms
[2025-01-07T20:51:46.172+0000][87976.538s][info][gc,cpu      ] GC(3434) User=0.14s Sys=0.00s Real=0.03s
[2025-01-07T20:51:46.172+0000][87976.538s][info][gc,marking  ] GC(3434) Concurrent Mark 928.240ms
[2025-01-07T20:51:46.172+0000][87976.538s][info][gc,marking  ] GC(3434) Concurrent Rebuild Remembered Sets
[2025-01-07T20:51:46.707+0000][87977.073s][info][gc,marking  ] GC(3434) Concurrent Rebuild Remembered Sets 534.458ms
[2025-01-07T20:51:46.707+0000][87977.073s][info][gc,start    ] GC(3434) Pause Cleanup
[2025-01-07T20:51:46.707+0000][87977.073s][info][gc          ] GC(3434) Pause Cleanup 3854M->3854M(12288M) 0.440ms
[2025-01-07T20:51:46.707+0000][87977.073s][info][gc,cpu      ] GC(3434) User=0.00s Sys=0.00s Real=0.00s
[2025-01-07T20:51:46.707+0000][87977.073s][info][gc,marking  ] GC(3434) Concurrent Cleanup for Next Mark
[2025-01-07T20:51:46.723+0000][87977.089s][info][gc,marking  ] GC(3434) Concurrent Cleanup for Next Mark 15.530ms
[2025-01-07T20:51:46.723+0000][87977.089s][info][gc          ] GC(3434) Concurrent Mark Cycle 1502.304ms
[2025-01-07T20:51:55.048+0000][87985.414s][info][gc,start    ] GC(3435) Pause Young (Prepare Mixed) (G1 Evacuation Pause)
[2025-01-07T20:51:55.048+0000][87985.414s][info][gc,task     ] GC(3435) Using 6 workers of 6 for evacuation
[2025-01-07T20:51:55.082+0000][87985.448s][info][gc,phases   ] GC(3435)   Pre Evacuate Collection Set: 0.2ms
[2025-01-07T20:51:55.082+0000][87985.448s][info][gc,phases   ] GC(3435)   Merge Heap Roots: 0.7ms
[2025-01-07T20:51:55.082+0000][87985.448s][info][gc,phases   ] GC(3435)   Evacuate Collection Set: 30.5ms
[2025-01-07T20:51:55.082+0000][87985.448s][info][gc,phases   ] GC(3435)   Post Evacuate Collection Set: 2.8ms
[2025-01-07T20:51:55.082+0000][87985.448s][info][gc,phases   ] GC(3435)   Other: 0.2ms
[2025-01-07T20:51:55.082+0000][87985.448s][info][gc,heap     ] GC(3435) Eden regions: 913->0(67)
[2025-01-07T20:51:55.082+0000][87985.448s][info][gc,heap     ] GC(3435) Survivor regions: 8->9(116)
[2025-01-07T20:51:55.082+0000][87985.448s][info][gc,heap     ] GC(3435) Old regions: 239->239
[2025-01-07T20:51:55.082+0000][87985.448s][info][gc,heap     ] GC(3435) Archive regions: 2->2
[2025-01-07T20:51:55.082+0000][87985.448s][info][gc,heap     ] GC(3435) Humongous regions: 49->49
[2025-01-07T20:51:55.082+0000][87985.448s][info][gc,metaspace] GC(3435) Metaspace: 498897K(507200K)->498897K(507200K) NonClass: 438307K(442560K)->438307K(442560K) Class: 60589K(64640K)->60589K(64640K)
[2025-01-07T20:51:55.082+0000][87985.448s][info][gc          ] GC(3435) Pause Young (Prepare Mixed) (G1 Evacuation Pause) 9666M->2374M(12288M) 34.503ms
[2025-01-07T20:51:55.082+0000][87985.448s][info][gc,cpu      ] GC(3435) User=0.20s Sys=0.00s Real=0.04s
[2025-01-07T20:51:55.622+0000][87985.988s][info][gc,start    ] GC(3436) Pause Young (Mixed) (G1 Evacuation Pause)
[2025-01-07T20:51:55.622+0000][87985.988s][info][gc,task     ] GC(3436) Using 6 workers of 6 for evacuation
[2025-01-07T20:51:55.686+0000][87986.053s][info][gc,phases   ] GC(3436)   Pre Evacuate Collection Set: 0.2ms
[2025-01-07T20:51:55.687+0000][87986.053s][info][gc,phases   ] GC(3436)   Merge Heap Roots: 0.7ms
[2025-01-07T20:51:55.687+0000][87986.053s][info][gc,phases   ] GC(3436)   Evacuate Collection Set: 61.8ms
[2025-01-07T20:51:55.687+0000][87986.053s][info][gc,phases   ] GC(3436)   Post Evacuate Collection Set: 2.0ms
[2025-01-07T20:51:55.687+0000][87986.053s][info][gc,phases   ] GC(3436)   Other: 0.2ms
[2025-01-07T20:51:55.687+0000][87986.053s][info][gc,heap     ] GC(3436) Eden regions: 67->0(914)
[2025-01-07T20:51:55.687+0000][87986.053s][info][gc,heap     ] GC(3436) Survivor regions: 9->7(10)
[2025-01-07T20:51:55.687+0000][87986.053s][info][gc,heap     ] GC(3436) Old regions: 239->237
[2025-01-07T20:51:55.687+0000][87986.053s][info][gc,heap     ] GC(3436) Archive regions: 2->2
[2025-01-07T20:51:55.687+0000][87986.053s][info][gc,heap     ] GC(3436) Humongous regions: 49->49
[2025-01-07T20:51:55.687+0000][87986.053s][info][gc,metaspace] GC(3436) Metaspace: 498897K(507200K)->498897K(507200K) NonClass: 438307K(442560K)->438307K(442560K) Class: 60589K(64640K)->60589K(64640K)
[2025-01-07T20:51:55.687+0000][87986.053s][info][gc          ] GC(3436) Pause Young (Mixed) (G1 Evacuation Pause) 2910M->2347M(12288M) 64.952ms
[2025-01-07T20:51:55.687+0000][87986.053s][info][gc,cpu      ] GC(3436) User=0.38s Sys=0.00s Real=0.06s
[2025-01-07T20:52:03.787+0000][87994.153s][info][gc,start    ] GC(3437) Pause Young (Normal) (G1 Evacuation Pause)
[2025-01-07T20:52:03.787+0000][87994.153s][info][gc,task     ] GC(3437) Using 6 workers of 6 for evacuation
[2025-01-07T20:52:03.819+0000][87994.185s][info][gc,phases   ] GC(3437)   Pre Evacuate Collection Set: 0.2ms
[2025-01-07T20:52:03.819+0000][87994.185s][info][gc,phases   ] GC(3437)   Merge Heap Roots: 0.5ms
[2025-01-07T20:52:03.819+0000][87994.185s][info][gc,phases   ] GC(3437)   Evacuate Collection Set: 25.6ms
[2025-01-07T20:52:03.819+0000][87994.185s][info][gc,phases   ] GC(3437)   Post Evacuate Collection Set: 5.2ms
[2025-01-07T20:52:03.819+0000][87994.185s][info][gc,phases   ] GC(3437)   Other: 0.2ms
[2025-01-07T20:52:03.819+0000][87994.185s][info][gc,heap     ] GC(3437) Eden regions: 914->0(912)
[2025-01-07T20:52:03.819+0000][87994.185s][info][gc,heap     ] GC(3437) Survivor regions: 7->9(116)
[2025-01-07T20:52:03.819+0000][87994.185s][info][gc,heap     ] GC(3437) Old regions: 237->237
[2025-01-07T20:52:03.819+0000][87994.185s][info][gc,heap     ] GC(3437) Archive regions: 2->2
[2025-01-07T20:52:03.819+0000][87994.185s][info][gc,heap     ] GC(3437) Humongous regions: 49->49
[2025-01-07T20:52:03.819+0000][87994.185s][info][gc,metaspace] GC(3437) Metaspace: 498897K(507200K)->498897K(507200K) NonClass: 438308K(442560K)->438308K(442560K) Class: 60589K(64640K)->60589K(64640K)
[2025-01-07T20:52:03.819+0000][87994.185s][info][gc          ] GC(3437) Pause Young (Normal) (G1 Evacuation Pause) 9659M->2360M(12288M) 31.769ms
[2025-01-07T20:52:03.819+0000][87994.185s][info][gc,cpu      ] GC(3437) User=0.18s Sys=0.00s Real=0.03s
[2025-01-07T20:52:11.626+0000][88001.992s][info][gc,start    ] GC(3438) Pause Young (Normal) (G1 Evacuation Pause)
[2025-01-07T20:52:11.626+0000][88001.992s][info][gc,task     ] GC(3438) Using 6 workers of 6 for evacuation
[2025-01-07T20:52:11.659+0000][88002.025s][info][gc,phases   ] GC(3438)   Pre Evacuate Collection Set: 0.2ms
[2025-01-07T20:52:11.659+0000][88002.025s][info][gc,phases   ] GC(3438)   Merge Heap Roots: 0.5ms
[2025-01-07T20:52:11.659+0000][88002.025s][info][gc,phases   ] GC(3438)   Evacuate Collection Set: 29.7ms
[2025-01-07T20:52:11.659+0000][88002.025s][info][gc,phases   ] GC(3438)   Post Evacuate Collection Set: 2.6ms
[2025-01-07T20:52:11.659+0000][88002.025s][info][gc,phases   ] GC(3438)   Other: 0.2ms
[2025-01-07T20:52:11.659+0000][88002.025s][info][gc,heap     ] GC(3438) Eden regions: 912->0(911)
[2025-01-07T20:52:11.659+0000][88002.025s][info][gc,heap     ] GC(3438) Survivor regions: 9->10(116)
[2025-01-07T20:52:11.659+0000][88002.025s][info][gc,heap     ] GC(3438) Old regions: 237->237
[2025-01-07T20:52:11.659+0000][88002.025s][info][gc,heap     ] GC(3438) Archive regions: 2->2
[2025-01-07T20:52:11.659+0000][88002.025s][info][gc,heap     ] GC(3438) Humongous regions: 49->49
[2025-01-07T20:52:11.659+0000][88002.025s][info][gc,metaspace] GC(3438) Metaspace: 498897K(507200K)->498897K(507200K) NonClass: 438308K(442560K)->438308K(442560K) Class: 60589K(64640K)->60589K(64640K)
[2025-01-07T20:52:11.659+0000][88002.025s][info][gc          ] GC(3438) Pause Young (Normal) (G1 Evacuation Pause) 9656M->2369M(12288M) 33.315ms
[2025-01-07T20:52:11.659+0000][88002.025s][info][gc,cpu      ] GC(3438) User=0.19s Sys=0.00s Real=0.03s
[2025-01-07T20:52:16.935+0000][88007.302s][info][gc,start    ] GC(3439) Pause Young (Concurrent Start) (G1 Evacuation Pause)
[2025-01-07T20:52:16.935+0000][88007.302s][info][gc,task     ] GC(3439) Using 6 workers of 6 for evacuation
[2025-01-07T20:52:16.970+0000][88007.336s][info][gc,phases   ] GC(3439)   Pre Evacuate Collection Set: 1.0ms
[2025-01-07T20:52:16.970+0000][88007.336s][info][gc,phases   ] GC(3439)   Merge Heap Roots: 0.5ms
[2025-01-07T20:52:16.970+0000][88007.336s][info][gc,phases   ] GC(3439)   Evacuate Collection Set: 29.2ms
[2025-01-07T20:52:16.970+0000][88007.336s][info][gc,phases   ] GC(3439)   Post Evacuate Collection Set: 3.8ms
[2025-01-07T20:52:16.970+0000][88007.336s][info][gc,phases   ] GC(3439)   Other: 0.3ms
[2025-01-07T20:52:16.970+0000][88007.336s][info][gc,heap     ] GC(3439) Eden regions: 911->0(910)
[2025-01-07T20:52:16.970+0000][88007.336s][info][gc,heap     ] GC(3439) Survivor regions: 10->11(116)
[2025-01-07T20:52:16.970+0000][88007.336s][info][gc,heap     ] GC(3439) Old regions: 237->237
[2025-01-07T20:52:16.970+0000][88007.336s][info][gc,heap     ] GC(3439) Archive regions: 2->2
[2025-01-07T20:52:16.970+0000][88007.336s][info][gc,heap     ] GC(3439) Humongous regions: 49->49
[2025-01-07T20:52:16.970+0000][88007.336s][info][gc,metaspace] GC(3439) Metaspace: 498897K(507200K)->498897K(507200K) NonClass: 438308K(442560K)->438308K(442560K) Class: 60589K(64640K)->60589K(64640K)
[2025-01-07T20:52:16.970+0000][88007.336s][info][gc          ] GC(3439) Pause Young (Concurrent Start) (G1 Evacuation Pause) 9657M->2375M(12288M) 34.878ms
[2025-01-07T20:52:16.970+0000][88007.336s][info][gc,cpu      ] GC(3439) User=0.20s Sys=0.00s Real=0.04s
[2025-01-07T20:52:16.970+0000][88007.336s][info][gc          ] GC(3440) Concurrent Mark Cycle
[2025-01-07T20:52:16.970+0000][88007.336s][info][gc,marking  ] GC(3440) Concurrent Clear Claimed Marks
[2025-01-07T20:52:16.971+0000][88007.337s][info][gc,marking  ] GC(3440) Concurrent Clear Claimed Marks 0.809ms
[2025-01-07T20:52:16.971+0000][88007.337s][info][gc,marking  ] GC(3440) Concurrent Scan Root Regions
[2025-01-07T20:52:17.002+0000][88007.368s][info][gc,marking  ] GC(3440) Concurrent Scan Root Regions 30.295ms
[2025-01-07T20:52:17.002+0000][88007.368s][info][gc,marking  ] GC(3440) Concurrent Mark
[2025-01-07T20:52:17.002+0000][88007.368s][info][gc,marking  ] GC(3440) Concurrent Mark From Roots
[2025-01-07T20:52:17.002+0000][88007.368s][info][gc,task     ] GC(3440) Using 2 workers of 2 for marking
[2025-01-07T20:52:17.977+0000][88008.343s][info][gc,marking  ] GC(3440) Concurrent Mark From Roots 975.596ms
[2025-01-07T20:52:17.977+0000][88008.343s][info][gc,marking  ] GC(3440) Concurrent Preclean
[2025-01-07T20:52:17.980+0000][88008.346s][info][gc,marking  ] GC(3440) Concurrent Preclean 2.643ms
[2025-01-07T20:52:17.980+0000][88008.346s][info][gc,start    ] GC(3440) Pause Remark
[2025-01-07T20:52:18.005+0000][88008.371s][info][gc          ] GC(3440) Pause Remark 3895M->3895M(12288M) 25.295ms
[2025-01-07T20:52:18.005+0000][88008.371s][info][gc,cpu      ] GC(3440) User=0.14s Sys=0.00s Real=0.03s
[2025-01-07T20:52:18.005+0000][88008.372s][info][gc,marking  ] GC(3440) Concurrent Mark 1003.912ms
[2025-01-07T20:52:18.005+0000][88008.372s][info][gc,marking  ] GC(3440) Concurrent Rebuild Remembered Sets
[2025-01-07T20:52:18.650+0000][88009.016s][info][gc,marking  ] GC(3440) Concurrent Rebuild Remembered Sets 644.147ms
[2025-01-07T20:52:18.650+0000][88009.016s][info][gc,start    ] GC(3440) Pause Cleanup
[2025-01-07T20:52:18.650+0000][88009.016s][info][gc          ] GC(3440) Pause Cleanup 4915M->4915M(12288M) 0.444ms
[2025-01-07T20:52:18.650+0000][88009.016s][info][gc,cpu      ] GC(3440) User=0.00s Sys=0.00s Real=0.00s
[2025-01-07T20:52:18.650+0000][88009.016s][info][gc,marking  ] GC(3440) Concurrent Cleanup for Next Mark
[2025-01-07T20:52:18.667+0000][88009.033s][info][gc,marking  ] GC(3440) Concurrent Cleanup for Next Mark 16.539ms
[2025-01-07T20:52:18.667+0000][88009.033s][info][gc          ] GC(3440) Concurrent Mark Cycle 1696.596ms
[2025-01-07T20:52:24.385+0000][88014.751s][info][gc,start    ] GC(3441) Pause Young (Prepare Mixed) (G1 Evacuation Pause)
[2025-01-07T20:52:24.385+0000][88014.751s][info][gc,task     ] GC(3441) Using 6 workers of 6 for evacuation
[2025-01-07T20:52:24.424+0000][88014.790s][info][gc,phases   ] GC(3441)   Pre Evacuate Collection Set: 0.2ms
[2025-01-07T20:52:24.424+0000][88014.790s][info][gc,phases   ] GC(3441)   Merge Heap Roots: 0.7ms
[2025-01-07T20:52:24.424+0000][88014.790s][info][gc,phases   ] GC(3441)   Evacuate Collection Set: 35.6ms
[2025-01-07T20:52:24.424+0000][88014.790s][info][gc,phases   ] GC(3441)   Post Evacuate Collection Set: 2.8ms
[2025-01-07T20:52:24.424+0000][88014.790s][info][gc,phases   ] GC(3441)   Other: 0.2ms
[2025-01-07T20:52:24.424+0000][88014.790s][info][gc,heap     ] GC(3441) Eden regions: 910->0(64)
[2025-01-07T20:52:24.424+0000][88014.790s][info][gc,heap     ] GC(3441) Survivor regions: 11->12(116)
[2025-01-07T20:52:24.424+0000][88014.790s][info][gc,heap     ] GC(3441) Old regions: 237->237
[2025-01-07T20:52:24.424+0000][88014.790s][info][gc,heap     ] GC(3441) Archive regions: 2->2
[2025-01-07T20:52:24.424+0000][88014.790s][info][gc,heap     ] GC(3441) Humongous regions: 49->49
[2025-01-07T20:52:24.424+0000][88014.790s][info][gc,metaspace] GC(3441) Metaspace: 498897K(507200K)->498897K(507200K) NonClass: 438308K(442560K)->438308K(442560K) Class: 60589K(64640K)->60589K(64640K)
[2025-01-07T20:52:24.424+0000][88014.790s][info][gc          ] GC(3441) Pause Young (Prepare Mixed) (G1 Evacuation Pause) 9655M->2385M(12288M) 39.691ms
[2025-01-07T20:52:24.424+0000][88014.790s][info][gc,cpu      ] GC(3441) User=0.23s Sys=0.00s Real=0.04s
[2025-01-07T20:52:25.719+0000][88016.085s][info][gc,start    ] GC(3442) Pause Young (Mixed) (GCLocker Initiated GC)
[2025-01-07T20:52:25.719+0000][88016.085s][info][gc,task     ] GC(3442) Using 6 workers of 6 for evacuation
[2025-01-07T20:52:25.780+0000][88016.146s][info][gc,phases   ] GC(3442)   Pre Evacuate Collection Set: 0.2ms
[2025-01-07T20:52:25.780+0000][88016.146s][info][gc,phases   ] GC(3442)   Merge Heap Roots: 0.7ms
[2025-01-07T20:52:25.780+0000][88016.146s][info][gc,phases   ] GC(3442)   Evacuate Collection Set: 58.7ms
[2025-01-07T20:52:25.780+0000][88016.146s][info][gc,phases   ] GC(3442)   Post Evacuate Collection Set: 1.7ms
[2025-01-07T20:52:25.780+0000][88016.146s][info][gc,phases   ] GC(3442)   Other: 0.2ms
[2025-01-07T20:52:25.780+0000][88016.146s][info][gc,heap     ] GC(3442) Eden regions: 65->0(917)
[2025-01-07T20:52:25.780+0000][88016.146s][info][gc,heap     ] GC(3442) Survivor regions: 12->4(10)
[2025-01-07T20:52:25.780+0000][88016.146s][info][gc,heap     ] GC(3442) Old regions: 237->239
[2025-01-07T20:52:25.780+0000][88016.146s][info][gc,heap     ] GC(3442) Archive regions: 2->2
[2025-01-07T20:52:25.780+0000][88016.146s][info][gc,heap     ] GC(3442) Humongous regions: 49->49
[2025-01-07T20:52:25.780+0000][88016.147s][info][gc,metaspace] GC(3442) Metaspace: 498897K(507200K)->498897K(507200K) NonClass: 438308K(442560K)->438308K(442560K) Class: 60589K(64640K)->60589K(64640K)
[2025-01-07T20:52:25.780+0000][88016.147s][info][gc          ] GC(3442) Pause Young (Mixed) (GCLocker Initiated GC) 2897M->2335M(12288M) 61.574ms
[2025-01-07T20:52:25.780+0000][88016.147s][info][gc,cpu      ] GC(3442) User=0.37s Sys=0.00s Real=0.06s
[2025-01-07T20:52:34.675+0000][88025.041s][info][gc,start    ] GC(3443) Pause Young (Normal) (G1 Evacuation Pause)
[2025-01-07T20:52:34.675+0000][88025.041s][info][gc,task     ] GC(3443) Using 6 workers of 6 for evacuation
[2025-01-07T20:52:34.701+0000][88025.068s][info][gc,phases   ] GC(3443)   Pre Evacuate Collection Set: 0.2ms
[2025-01-07T20:52:34.702+0000][88025.068s][info][gc,phases   ] GC(3443)   Merge Heap Roots: 0.5ms
[2025-01-07T20:52:34.702+0000][88025.068s][info][gc,phases   ] GC(3443)   Evacuate Collection Set: 23.3ms
[2025-01-07T20:52:34.702+0000][88025.068s][info][gc,phases   ] GC(3443)   Post Evacuate Collection Set: 2.5ms
[2025-01-07T20:52:34.702+0000][88025.068s][info][gc,phases   ] GC(3443)   Other: 0.3ms
[2025-01-07T20:52:34.702+0000][88025.068s][info][gc,heap     ] GC(3443) Eden regions: 917->0(915)
[2025-01-07T20:52:34.702+0000][88025.068s][info][gc,heap     ] GC(3443) Survivor regions: 4->6(116)
[2025-01-07T20:52:34.702+0000][88025.068s][info][gc,heap     ] GC(3443) Old regions: 239->239
[2025-01-07T20:52:34.702+0000][88025.068s][info][gc,heap     ] GC(3443) Archive regions: 2->2
[2025-01-07T20:52:34.702+0000][88025.068s][info][gc,heap     ] GC(3443) Humongous regions: 49->49
[2025-01-07T20:52:34.702+0000][88025.068s][info][gc,metaspace] GC(3443) Metaspace: 498897K(507200K)->498897K(507200K) NonClass: 438308K(442560K)->438308K(442560K) Class: 60589K(64640K)->60589K(64640K)
[2025-01-07T20:52:34.702+0000][88025.068s][info][gc          ] GC(3443) Pause Young (Normal) (G1 Evacuation Pause) 9671M->2350M(12288M) 26.797ms
[2025-01-07T20:52:34.702+0000][88025.068s][info][gc,cpu      ] GC(3443) User=0.15s Sys=0.00s Real=0.03s
[2025-01-07T20:52:43.342+0000][88033.708s][info][gc,start    ] GC(3444) Pause Young (Normal) (G1 Evacuation Pause)
[2025-01-07T20:52:43.342+0000][88033.708s][info][gc,task     ] GC(3444) Using 6 workers of 6 for evacuation
[2025-01-07T20:52:43.370+0000][88033.736s][info][gc,phases   ] GC(3444)   Pre Evacuate Collection Set: 0.2ms
[2025-01-07T20:52:43.370+0000][88033.736s][info][gc,phases   ] GC(3444)   Merge Heap Roots: 0.4ms
[2025-01-07T20:52:43.370+0000][88033.736s][info][gc,phases   ] GC(3444)   Evacuate Collection Set: 24.1ms
[2025-01-07T20:52:43.370+0000][88033.736s][info][gc,phases   ] GC(3444)   Post Evacuate Collection Set: 2.7ms
[2025-01-07T20:52:43.370+0000][88033.736s][info][gc,phases   ] GC(3444)   Other: 0.2ms
[2025-01-07T20:52:43.370+0000][88033.736s][info][gc,heap     ] GC(3444) Eden regions: 915->0(913)
[2025-01-07T20:52:43.370+0000][88033.736s][info][gc,heap     ] GC(3444) Survivor regions: 6->8(116)
[2025-01-07T20:52:43.370+0000][88033.736s][info][gc,heap     ] GC(3444) Old regions: 239->239
[2025-01-07T20:52:43.370+0000][88033.736s][info][gc,heap     ] GC(3444) Archive regions: 2->2
[2025-01-07T20:52:43.370+0000][88033.736s][info][gc,heap     ] GC(3444) Humongous regions: 49->49
[2025-01-07T20:52:43.370+0000][88033.736s][info][gc,metaspace] GC(3444) Metaspace: 498897K(507200K)->498897K(507200K) NonClass: 438308K(442560K)->438308K(442560K) Class: 60589K(64640K)->60589K(64640K)
[2025-01-07T20:52:43.370+0000][88033.736s][info][gc          ] GC(3444) Pause Young (Normal) (G1 Evacuation Pause) 9670M->2363M(12288M) 27.786ms
[2025-01-07T20:52:43.370+0000][88033.736s][info][gc,cpu      ] GC(3444) User=0.17s Sys=0.00s Real=0.03s
[2025-01-07T20:52:47.427+0000][88037.793s][info][gc,start    ] GC(3445) Pause Young (Concurrent Start) (G1 Evacuation Pause)
[2025-01-07T20:52:47.427+0000][88037.793s][info][gc,task     ] GC(3445) Using 6 workers of 6 for evacuation
[2025-01-07T20:52:47.458+0000][88037.824s][info][gc,phases   ] GC(3445)   Pre Evacuate Collection Set: 1.0ms
[2025-01-07T20:52:47.458+0000][88037.824s][info][gc,phases   ] GC(3445)   Merge Heap Roots: 0.4ms
[2025-01-07T20:52:47.458+0000][88037.824s][info][gc,phases   ] GC(3445)   Evacuate Collection Set: 26.5ms
[2025-01-07T20:52:47.458+0000][88037.824s][info][gc,phases   ] GC(3445)   Post Evacuate Collection Set: 2.5ms
[2025-01-07T20:52:47.458+0000][88037.824s][info][gc,phases   ] GC(3445)   Other: 0.3ms
[2025-01-07T20:52:47.458+0000][88037.824s][info][gc,heap     ] GC(3445) Eden regions: 913->0(912)
[2025-01-07T20:52:47.458+0000][88037.824s][info][gc,heap     ] GC(3445) Survivor regions: 8->9(116)
[2025-01-07T20:52:47.458+0000][88037.824s][info][gc,heap     ] GC(3445) Old regions: 239->239
[2025-01-07T20:52:47.458+0000][88037.824s][info][gc,heap     ] GC(3445) Archive regions: 2->2
[2025-01-07T20:52:47.458+0000][88037.824s][info][gc,heap     ] GC(3445) Humongous regions: 49->49
[2025-01-07T20:52:47.458+0000][88037.824s][info][gc,metaspace] GC(3445) Metaspace: 498897K(507200K)->498897K(507200K) NonClass: 438308K(442560K)->438308K(442560K) Class: 60589K(64640K)->60589K(64640K)
[2025-01-07T20:52:47.458+0000][88037.824s][info][gc          ] GC(3445) Pause Young (Concurrent Start) (G1 Evacuation Pause) 9667M->2374M(12288M) 30.741ms
[2025-01-07T20:52:47.458+0000][88037.824s][info][gc,cpu      ] GC(3445) User=0.17s Sys=0.00s Real=0.03s
[2025-01-07T20:52:47.458+0000][88037.824s][info][gc          ] GC(3446) Concurrent Mark Cycle
[2025-01-07T20:52:47.458+0000][88037.824s][info][gc,marking  ] GC(3446) Concurrent Clear Claimed Marks
[2025-01-07T20:52:47.459+0000][88037.825s][info][gc,marking  ] GC(3446) Concurrent Clear Claimed Marks 0.833ms
[2025-01-07T20:52:47.459+0000][88037.825s][info][gc,marking  ] GC(3446) Concurrent Scan Root Regions
[2025-01-07T20:52:47.490+0000][88037.856s][info][gc,marking  ] GC(3446) Concurrent Scan Root Regions 31.106ms
[2025-01-07T20:52:47.490+0000][88037.856s][info][gc,marking  ] GC(3446) Concurrent Mark
[2025-01-07T20:52:47.490+0000][88037.856s][info][gc,marking  ] GC(3446) Concurrent Mark From Roots
[2025-01-07T20:52:47.490+0000][88037.856s][info][gc,task     ] GC(3446) Using 2 workers of 2 for marking
[2025-01-07T20:52:48.656+0000][88039.022s][info][gc,marking  ] GC(3446) Concurrent Mark From Roots 1165.563ms
[2025-01-07T20:52:48.656+0000][88039.022s][info][gc,marking  ] GC(3446) Concurrent Preclean
[2025-01-07T20:52:48.658+0000][88039.024s][info][gc,marking  ] GC(3446) Concurrent Preclean 2.590ms
[2025-01-07T20:52:48.659+0000][88039.025s][info][gc,start    ] GC(3446) Pause Remark
[2025-01-07T20:52:48.684+0000][88039.050s][info][gc          ] GC(3446) Pause Remark 4194M->4194M(12288M) 25.062ms
[2025-01-07T20:52:48.684+0000][88039.050s][info][gc,cpu      ] GC(3446) User=0.14s Sys=0.00s Real=0.03s
[2025-01-07T20:52:48.684+0000][88039.050s][info][gc,marking  ] GC(3446) Concurrent Mark 1193.605ms
[2025-01-07T20:52:48.684+0000][88039.050s][info][gc,marking  ] GC(3446) Concurrent Rebuild Remembered Sets
[2025-01-07T20:52:49.217+0000][88039.583s][info][gc,marking  ] GC(3446) Concurrent Rebuild Remembered Sets 533.446ms
[2025-01-07T20:52:49.217+0000][88039.583s][info][gc,start    ] GC(3446) Pause Cleanup
[2025-01-07T20:52:49.218+0000][88039.584s][info][gc          ] GC(3446) Pause Cleanup 4738M->4738M(12288M) 0.438ms
[2025-01-07T20:52:49.218+0000][88039.584s][info][gc,cpu      ] GC(3446) User=0.00s Sys=0.00s Real=0.00s
[2025-01-07T20:52:49.218+0000][88039.584s][info][gc,marking  ] GC(3446) Concurrent Cleanup for Next Mark
[2025-01-07T20:52:49.233+0000][88039.599s][info][gc,marking  ] GC(3446) Concurrent Cleanup for Next Mark 15.287ms
[2025-01-07T20:52:49.233+0000][88039.599s][info][gc          ] GC(3446) Concurrent Mark Cycle 1775.109ms
[2025-01-07T20:52:55.009+0000][88045.375s][info][gc,start    ] GC(3447) Pause Young (Prepare Mixed) (G1 Evacuation Pause)
[2025-01-07T20:52:55.009+0000][88045.375s][info][gc,task     ] GC(3447) Using 6 workers of 6 for evacuation
[2025-01-07T20:52:55.042+0000][88045.408s][info][gc,phases   ] GC(3447)   Pre Evacuate Collection Set: 0.2ms
[2025-01-07T20:52:55.042+0000][88045.408s][info][gc,phases   ] GC(3447)   Merge Heap Roots: 0.7ms
[2025-01-07T20:52:55.042+0000][88045.408s][info][gc,phases   ] GC(3447)   Evacuate Collection Set: 28.8ms
[2025-01-07T20:52:55.042+0000][88045.408s][info][gc,phases   ] GC(3447)   Post Evacuate Collection Set: 2.8ms
[2025-01-07T20:52:55.042+0000][88045.408s][info][gc,phases   ] GC(3447)   Other: 0.2ms
[2025-01-07T20:52:55.042+0000][88045.408s][info][gc,heap     ] GC(3447) Eden regions: 912->0(66)
[2025-01-07T20:52:55.042+0000][88045.408s][info][gc,heap     ] GC(3447) Survivor regions: 9->10(116)
[2025-01-07T20:52:55.042+0000][88045.408s][info][gc,heap     ] GC(3447) Old regions: 239->239
[2025-01-07T20:52:55.042+0000][88045.408s][info][gc,heap     ] GC(3447) Archive regions: 2->2
[2025-01-07T20:52:55.042+0000][88045.408s][info][gc,heap     ] GC(3447) Humongous regions: 49->49
[2025-01-07T20:52:55.042+0000][88045.408s][info][gc,metaspace] GC(3447) Metaspace: 498897K(507200K)->498897K(507200K) NonClass: 438308K(442560K)->438308K(442560K) Class: 60589K(64640K)->60589K(64640K)
[2025-01-07T20:52:55.042+0000][88045.408s][info][gc          ] GC(3447) Pause Young (Prepare Mixed) (G1 Evacuation Pause) 9670M->2382M(12288M) 32.841ms
[2025-01-07T20:52:55.042+0000][88045.408s][info][gc,cpu      ] GC(3447) User=0.19s Sys=0.01s Real=0.04s
[2025-01-07T20:52:55.505+0000][88045.871s][info][gc,start    ] GC(3448) Pause Young (Mixed) (G1 Evacuation Pause)
[2025-01-07T20:52:55.505+0000][88045.871s][info][gc,task     ] GC(3448) Using 6 workers of 6 for evacuation
[2025-01-07T20:52:55.565+0000][88045.932s][info][gc,phases   ] GC(3448)   Pre Evacuate Collection Set: 0.2ms
[2025-01-07T20:52:55.566+0000][88045.932s][info][gc,phases   ] GC(3448)   Merge Heap Roots: 0.7ms
[2025-01-07T20:52:55.566+0000][88045.932s][info][gc,phases   ] GC(3448)   Evacuate Collection Set: 56.3ms
[2025-01-07T20:52:55.566+0000][88045.932s][info][gc,phases   ] GC(3448)   Post Evacuate Collection Set: 3.1ms
[2025-01-07T20:52:55.566+0000][88045.932s][info][gc,phases   ] GC(3448)   Other: 0.2ms
[2025-01-07T20:52:55.566+0000][88045.932s][info][gc,heap     ] GC(3448) Eden regions: 66->0(915)
[2025-01-07T20:52:55.566+0000][88045.932s][info][gc,heap     ] GC(3448) Survivor regions: 10->6(10)
[2025-01-07T20:52:55.566+0000][88045.932s][info][gc,heap     ] GC(3448) Old regions: 239->237
[2025-01-07T20:52:55.566+0000][88045.932s][info][gc,heap     ] GC(3448) Archive regions: 2->2
[2025-01-07T20:52:55.566+0000][88045.932s][info][gc,heap     ] GC(3448) Humongous regions: 49->49
[2025-01-07T20:52:55.566+0000][88045.932s][info][gc,metaspace] GC(3448) Metaspace: 498897K(507200K)->498897K(507200K) NonClass: 438308K(442560K)->438308K(442560K) Class: 60589K(64640K)->60589K(64640K)
[2025-01-07T20:52:55.566+0000][88045.932s][info][gc          ] GC(3448) Pause Young (Mixed) (G1 Evacuation Pause) 2910M->2341M(12288M) 60.458ms
[2025-01-07T20:52:55.566+0000][88045.932s][info][gc,cpu      ] GC(3448) User=0.36s Sys=0.00s Real=0.06s
[2025-01-07T20:53:05.892+0000][88056.258s][info][gc,start    ] GC(3449) Pause Young (Normal) (G1 Evacuation Pause)
[2025-01-07T20:53:05.892+0000][88056.258s][info][gc,task     ] GC(3449) Using 6 workers of 6 for evacuation
[2025-01-07T20:53:05.922+0000][88056.289s][info][gc,phases   ] GC(3449)   Pre Evacuate Collection Set: 0.2ms
[2025-01-07T20:53:05.922+0000][88056.289s][info][gc,phases   ] GC(3449)   Merge Heap Roots: 0.5ms
[2025-01-07T20:53:05.922+0000][88056.289s][info][gc,phases   ] GC(3449)   Evacuate Collection Set: 25.5ms
[2025-01-07T20:53:05.922+0000][88056.289s][info][gc,phases   ] GC(3449)   Post Evacuate Collection Set: 4.0ms
[2025-01-07T20:53:05.922+0000][88056.289s][info][gc,phases   ] GC(3449)   Other: 0.2ms
[2025-01-07T20:53:05.922+0000][88056.289s][info][gc,heap     ] GC(3449) Eden regions: 915->0(912)
[2025-01-07T20:53:05.922+0000][88056.289s][info][gc,heap     ] GC(3449) Survivor regions: 6->9(116)
[2025-01-07T20:53:05.922+0000][88056.289s][info][gc,heap     ] GC(3449) Old regions: 237->237
[2025-01-07T20:53:05.922+0000][88056.289s][info][gc,heap     ] GC(3449) Archive regions: 2->2
[2025-01-07T20:53:05.922+0000][88056.289s][info][gc,heap     ] GC(3449) Humongous regions: 49->49
[2025-01-07T20:53:05.922+0000][88056.289s][info][gc,metaspace] GC(3449) Metaspace: 498897K(507200K)->498897K(507200K) NonClass: 438308K(442560K)->438308K(442560K) Class: 60589K(64640K)->60589K(64640K)
[2025-01-07T20:53:05.923+0000][88056.289s][info][gc          ] GC(3449) Pause Young (Normal) (G1 Evacuation Pause) 9661M->2358M(12288M) 30.524ms
[2025-01-07T20:53:05.923+0000][88056.289s][info][gc,cpu      ] GC(3449) User=0.18s Sys=0.00s Real=0.03s
[2025-01-07T20:53:13.073+0000][88063.439s][info][gc,start    ] GC(3450) Pause Young (Normal) (G1 Evacuation Pause)
[2025-01-07T20:53:13.073+0000][88063.439s][info][gc,task     ] GC(3450) Using 6 workers of 6 for evacuation
[2025-01-07T20:53:13.105+0000][88063.471s][info][gc,phases   ] GC(3450)   Pre Evacuate Collection Set: 0.2ms
[2025-01-07T20:53:13.105+0000][88063.471s][info][gc,phases   ] GC(3450)   Merge Heap Roots: 0.5ms
[2025-01-07T20:53:13.105+0000][88063.471s][info][gc,phases   ] GC(3450)   Evacuate Collection Set: 27.0ms
[2025-01-07T20:53:13.105+0000][88063.471s][info][gc,phases   ] GC(3450)   Post Evacuate Collection Set: 3.9ms
[2025-01-07T20:53:13.105+0000][88063.471s][info][gc,phases   ] GC(3450)   Other: 0.2ms
[2025-01-07T20:53:13.105+0000][88063.471s][info][gc,heap     ] GC(3450) Eden regions: 912->0(911)
[2025-01-07T20:53:13.105+0000][88063.471s][info][gc,heap     ] GC(3450) Survivor regions: 9->10(116)
[2025-01-07T20:53:13.105+0000][88063.471s][info][gc,heap     ] GC(3450) Old regions: 237->237
[2025-01-07T20:53:13.105+0000][88063.471s][info][gc,heap     ] GC(3450) Archive regions: 2->2
[2025-01-07T20:53:13.105+0000][88063.471s][info][gc,heap     ] GC(3450) Humongous regions: 49->49
[2025-01-07T20:53:13.105+0000][88063.471s][info][gc,metaspace] GC(3450) Metaspace: 498897K(507200K)->498897K(507200K) NonClass: 438308K(442560K)->438308K(442560K) Class: 60589K(64640K)->60589K(64640K)
[2025-01-07T20:53:13.105+0000][88063.471s][info][gc          ] GC(3450) Pause Young (Normal) (G1 Evacuation Pause) 9654M->2370M(12288M) 31.871ms
[2025-01-07T20:53:13.105+0000][88063.471s][info][gc,cpu      ] GC(3450) User=0.18s Sys=0.00s Real=0.03s
[2025-01-07T20:53:18.169+0000][88068.535s][info][gc,start    ] GC(3451) Pause Young (Concurrent Start) (G1 Evacuation Pause)
[2025-01-07T20:53:18.169+0000][88068.535s][info][gc,task     ] GC(3451) Using 6 workers of 6 for evacuation
[2025-01-07T20:53:18.201+0000][88068.568s][info][gc,phases   ] GC(3451)   Pre Evacuate Collection Set: 1.0ms
[2025-01-07T20:53:18.202+0000][88068.568s][info][gc,phases   ] GC(3451)   Merge Heap Roots: 0.5ms
[2025-01-07T20:53:18.202+0000][88068.568s][info][gc,phases   ] GC(3451)   Evacuate Collection Set: 28.6ms
[2025-01-07T20:53:18.202+0000][88068.568s][info][gc,phases   ] GC(3451)   Post Evacuate Collection Set: 2.4ms
[2025-01-07T20:53:18.202+0000][88068.568s][info][gc,phases   ] GC(3451)   Other: 0.3ms
[2025-01-07T20:53:18.202+0000][88068.568s][info][gc,heap     ] GC(3451) Eden regions: 911->0(911)
[2025-01-07T20:53:18.202+0000][88068.568s][info][gc,heap     ] GC(3451) Survivor regions: 10->10(116)
[2025-01-07T20:53:18.202+0000][88068.568s][info][gc,heap     ] GC(3451) Old regions: 237->237
[2025-01-07T20:53:18.202+0000][88068.568s][info][gc,heap     ] GC(3451) Archive regions: 2->2
[2025-01-07T20:53:18.202+0000][88068.568s][info][gc,heap     ] GC(3451) Humongous regions: 49->49
[2025-01-07T20:53:18.202+0000][88068.568s][info][gc,metaspace] GC(3451) Metaspace: 498897K(507200K)->498897K(507200K) NonClass: 438308K(442560K)->438308K(442560K) Class: 60589K(64640K)->60589K(64640K)
[2025-01-07T20:53:18.202+0000][88068.568s][info][gc          ] GC(3451) Pause Young (Concurrent Start) (G1 Evacuation Pause) 9658M->2371M(12288M) 32.999ms
[2025-01-07T20:53:18.202+0000][88068.568s][info][gc,cpu      ] GC(3451) User=0.19s Sys=0.00s Real=0.04s
[2025-01-07T20:53:18.202+0000][88068.568s][info][gc          ] GC(3452) Concurrent Mark Cycle
[2025-01-07T20:53:18.202+0000][88068.568s][info][gc,marking  ] GC(3452) Concurrent Clear Claimed Marks
[2025-01-07T20:53:18.203+0000][88068.569s][info][gc,marking  ] GC(3452) Concurrent Clear Claimed Marks 0.826ms
[2025-01-07T20:53:18.203+0000][88068.569s][info][gc,marking  ] GC(3452) Concurrent Scan Root Regions
[2025-01-07T20:53:18.230+0000][88068.596s][info][gc,marking  ] GC(3452) Concurrent Scan Root Regions 27.091ms
[2025-01-07T20:53:18.230+0000][88068.596s][info][gc,marking  ] GC(3452) Concurrent Mark
[2025-01-07T20:53:18.230+0000][88068.596s][info][gc,marking  ] GC(3452) Concurrent Mark From Roots
[2025-01-07T20:53:18.230+0000][88068.596s][info][gc,task     ] GC(3452) Using 2 workers of 2 for marking
[2025-01-07T20:53:19.143+0000][88069.509s][info][gc,marking  ] GC(3452) Concurrent Mark From Roots 912.851ms
[2025-01-07T20:53:19.143+0000][88069.509s][info][gc,marking  ] GC(3452) Concurrent Preclean
[2025-01-07T20:53:19.144+0000][88069.510s][info][gc,marking  ] GC(3452) Concurrent Preclean 1.767ms
[2025-01-07T20:53:19.144+0000][88069.511s][info][gc,start    ] GC(3452) Pause Remark
[2025-01-07T20:53:19.170+0000][88069.536s][info][gc          ] GC(3452) Pause Remark 3459M->3459M(12288M) 25.503ms
[2025-01-07T20:53:19.170+0000][88069.536s][info][gc,cpu      ] GC(3452) User=0.15s Sys=0.01s Real=0.03s
[2025-01-07T20:53:19.170+0000][88069.536s][info][gc,marking  ] GC(3452) Concurrent Mark 940.500ms
[2025-01-07T20:53:19.170+0000][88069.536s][info][gc,marking  ] GC(3452) Concurrent Rebuild Remembered Sets
[2025-01-07T20:53:19.636+0000][88070.002s][info][gc,marking  ] GC(3452) Concurrent Rebuild Remembered Sets 465.659ms
[2025-01-07T20:53:19.636+0000][88070.002s][info][gc,start    ] GC(3452) Pause Cleanup
[2025-01-07T20:53:19.636+0000][88070.003s][info][gc          ] GC(3452) Pause Cleanup 3747M->3747M(12288M) 0.406ms
[2025-01-07T20:53:19.636+0000][88070.003s][info][gc,cpu      ] GC(3452) User=0.00s Sys=0.00s Real=0.00s
[2025-01-07T20:53:19.637+0000][88070.003s][info][gc,marking  ] GC(3452) Concurrent Cleanup for Next Mark
[2025-01-07T20:53:19.652+0000][88070.018s][info][gc,marking  ] GC(3452) Concurrent Cleanup for Next Mark 15.477ms
[2025-01-07T20:53:19.652+0000][88070.018s][info][gc          ] GC(3452) Concurrent Mark Cycle 1450.415ms
[2025-01-07T20:53:26.507+0000][88076.873s][info][gc,start    ] GC(3453) Pause Young (Prepare Mixed) (G1 Evacuation Pause)
[2025-01-07T20:53:26.507+0000][88076.873s][info][gc,task     ] GC(3453) Using 6 workers of 6 for evacuation
[2025-01-07T20:53:26.547+0000][88076.913s][info][gc,phases   ] GC(3453)   Pre Evacuate Collection Set: 0.2ms
[2025-01-07T20:53:26.547+0000][88076.913s][info][gc,phases   ] GC(3453)   Merge Heap Roots: 0.7ms
[2025-01-07T20:53:26.547+0000][88076.913s][info][gc,phases   ] GC(3453)   Evacuate Collection Set: 36.0ms
[2025-01-07T20:53:26.547+0000][88076.913s][info][gc,phases   ] GC(3453)   Post Evacuate Collection Set: 2.7ms
[2025-01-07T20:53:26.547+0000][88076.913s][info][gc,phases   ] GC(3453)   Other: 0.2ms
[2025-01-07T20:53:26.547+0000][88076.913s][info][gc,heap     ] GC(3453) Eden regions: 911->0(64)
[2025-01-07T20:53:26.547+0000][88076.913s][info][gc,heap     ] GC(3453) Survivor regions: 10->12(116)
[2025-01-07T20:53:26.547+0000][88076.913s][info][gc,heap     ] GC(3453) Old regions: 237->237
[2025-01-07T20:53:26.547+0000][88076.913s][info][gc,heap     ] GC(3453) Archive regions: 2->2
[2025-01-07T20:53:26.547+0000][88076.913s][info][gc,heap     ] GC(3453) Humongous regions: 49->49
[2025-01-07T20:53:26.547+0000][88076.913s][info][gc,metaspace] GC(3453) Metaspace: 498897K(507200K)->498897K(507200K) NonClass: 438308K(442560K)->438308K(442560K) Class: 60589K(64640K)->60589K(64640K)
[2025-01-07T20:53:26.547+0000][88076.913s][info][gc          ] GC(3453) Pause Young (Prepare Mixed) (G1 Evacuation Pause) 9659M->2386M(12288M) 39.945ms
[2025-01-07T20:53:26.547+0000][88076.913s][info][gc,cpu      ] GC(3453) User=0.23s Sys=0.00s Real=0.04s
[2025-01-07T20:53:26.847+0000][88077.213s][info][gc,start    ] GC(3454) Pause Young (Mixed) (G1 Evacuation Pause)
[2025-01-07T20:53:26.847+0000][88077.213s][info][gc,task     ] GC(3454) Using 6 workers of 6 for evacuation
[2025-01-07T20:53:26.915+0000][88077.282s][info][gc,phases   ] GC(3454)   Pre Evacuate Collection Set: 0.2ms
[2025-01-07T20:53:26.915+0000][88077.282s][info][gc,phases   ] GC(3454)   Merge Heap Roots: 0.6ms
[2025-01-07T20:53:26.915+0000][88077.282s][info][gc,phases   ] GC(3454)   Evacuate Collection Set: 66.1ms
[2025-01-07T20:53:26.915+0000][88077.282s][info][gc,phases   ] GC(3454)   Post Evacuate Collection Set: 1.9ms
[2025-01-07T20:53:26.916+0000][88077.282s][info][gc,phases   ] GC(3454)   Other: 0.2ms
[2025-01-07T20:53:26.916+0000][88077.282s][info][gc,heap     ] GC(3454) Eden regions: 64->0(916)
[2025-01-07T20:53:26.916+0000][88077.282s][info][gc,heap     ] GC(3454) Survivor regions: 12->5(10)
[2025-01-07T20:53:26.916+0000][88077.282s][info][gc,heap     ] GC(3454) Old regions: 237->240
[2025-01-07T20:53:26.916+0000][88077.282s][info][gc,heap     ] GC(3454) Archive regions: 2->2
[2025-01-07T20:53:26.916+0000][88077.282s][info][gc,heap     ] GC(3454) Humongous regions: 49->49
[2025-01-07T20:53:26.916+0000][88077.282s][info][gc,metaspace] GC(3454) Metaspace: 498897K(507200K)->498897K(507200K) NonClass: 438308K(442560K)->438308K(442560K) Class: 60589K(64640K)->60589K(64640K)
[2025-01-07T20:53:26.916+0000][88077.282s][info][gc          ] GC(3454) Pause Young (Mixed) (G1 Evacuation Pause) 2898M->2354M(12288M) 69.039ms
[2025-01-07T20:53:26.916+0000][88077.282s][info][gc,cpu      ] GC(3454) User=0.35s Sys=0.01s Real=0.07s
[2025-01-07T20:53:30.356+0000][88080.723s][info][gc,start    ] GC(3455) Pause Young (Normal) (G1 Evacuation Pause)
[2025-01-07T20:53:30.356+0000][88080.723s][info][gc,task     ] GC(3455) Using 6 workers of 6 for evacuation
[2025-01-07T20:53:30.378+0000][88080.745s][info][gc,phases   ] GC(3455)   Pre Evacuate Collection Set: 0.2ms
[2025-01-07T20:53:30.378+0000][88080.745s][info][gc,phases   ] GC(3455)   Merge Heap Roots: 0.4ms
[2025-01-07T20:53:30.378+0000][88080.745s][info][gc,phases   ] GC(3455)   Evacuate Collection Set: 18.9ms
[2025-01-07T20:53:30.378+0000][88080.745s][info][gc,phases   ] GC(3455)   Post Evacuate Collection Set: 2.3ms
[2025-01-07T20:53:30.378+0000][88080.745s][info][gc,phases   ] GC(3455)   Other: 0.2ms
[2025-01-07T20:53:30.378+0000][88080.745s][info][gc,heap     ] GC(3455) Eden regions: 916->0(916)
[2025-01-07T20:53:30.378+0000][88080.745s][info][gc,heap     ] GC(3455) Survivor regions: 5->5(116)
[2025-01-07T20:53:30.378+0000][88080.745s][info][gc,heap     ] GC(3455) Old regions: 240->240
[2025-01-07T20:53:30.379+0000][88080.745s][info][gc,heap     ] GC(3455) Archive regions: 2->2
[2025-01-07T20:53:30.379+0000][88080.745s][info][gc,heap     ] GC(3455) Humongous regions: 49->49
[2025-01-07T20:53:30.379+0000][88080.745s][info][gc,metaspace] GC(3455) Metaspace: 498897K(507200K)->498897K(507200K) NonClass: 438308K(442560K)->438308K(442560K) Class: 60589K(64640K)->60589K(64640K)
[2025-01-07T20:53:30.379+0000][88080.745s][info][gc          ] GC(3455) Pause Young (Normal) (G1 Evacuation Pause) 9682M->2356M(12288M) 22.091ms
[2025-01-07T20:53:30.379+0000][88080.745s][info][gc,cpu      ] GC(3455) User=0.13s Sys=0.00s Real=0.02s
[2025-01-07T20:53:36.690+0000][88087.056s][info][gc,start    ] GC(3456) Pause Young (Normal) (G1 Evacuation Pause)
[2025-01-07T20:53:36.690+0000][88087.056s][info][gc,task     ] GC(3456) Using 6 workers of 6 for evacuation
[2025-01-07T20:53:36.713+0000][88087.079s][info][gc,phases   ] GC(3456)   Pre Evacuate Collection Set: 0.2ms
[2025-01-07T20:53:36.713+0000][88087.079s][info][gc,phases   ] GC(3456)   Merge Heap Roots: 0.4ms
[2025-01-07T20:53:36.713+0000][88087.079s][info][gc,phases   ] GC(3456)   Evacuate Collection Set: 19.6ms
[2025-01-07T20:53:36.713+0000][88087.079s][info][gc,phases   ] GC(3456)   Post Evacuate Collection Set: 2.4ms
[2025-01-07T20:53:36.713+0000][88087.079s][info][gc,phases   ] GC(3456)   Other: 0.2ms
[2025-01-07T20:53:36.713+0000][88087.079s][info][gc,heap     ] GC(3456) Eden regions: 916->0(915)
[2025-01-07T20:53:36.713+0000][88087.079s][info][gc,heap     ] GC(3456) Survivor regions: 5->6(116)
[2025-01-07T20:53:36.713+0000][88087.079s][info][gc,heap     ] GC(3456) Old regions: 240->240
[2025-01-07T20:53:36.713+0000][88087.079s][info][gc,heap     ] GC(3456) Archive regions: 2->2
[2025-01-07T20:53:36.713+0000][88087.079s][info][gc,heap     ] GC(3456) Humongous regions: 49->49
[2025-01-07T20:53:36.713+0000][88087.079s][info][gc,metaspace] GC(3456) Metaspace: 498897K(507200K)->498897K(507200K) NonClass: 438308K(442560K)->438308K(442560K) Class: 60589K(64640K)->60589K(64640K)
[2025-01-07T20:53:36.713+0000][88087.079s][info][gc          ] GC(3456) Pause Young (Normal) (G1 Evacuation Pause) 9684M->2361M(12288M) 22.950ms
[2025-01-07T20:53:36.713+0000][88087.079s][info][gc,cpu      ] GC(3456) User=0.13s Sys=0.00s Real=0.02s
[2025-01-07T20:53:41.150+0000][88091.516s][info][gc,start    ] GC(3457) Pause Young (Concurrent Start) (G1 Evacuation Pause)
[2025-01-07T20:53:41.150+0000][88091.516s][info][gc,task     ] GC(3457) Using 6 workers of 6 for evacuation
[2025-01-07T20:53:41.175+0000][88091.542s][info][gc,phases   ] GC(3457)   Pre Evacuate Collection Set: 1.0ms
[2025-01-07T20:53:41.175+0000][88091.542s][info][gc,phases   ] GC(3457)   Merge Heap Roots: 0.4ms
[2025-01-07T20:53:41.175+0000][88091.542s][info][gc,phases   ] GC(3457)   Evacuate Collection Set: 21.5ms
[2025-01-07T20:53:41.175+0000][88091.542s][info][gc,phases   ] GC(3457)   Post Evacuate Collection Set: 2.7ms
[2025-01-07T20:53:41.175+0000][88091.542s][info][gc,phases   ] GC(3457)   Other: 0.3ms
[2025-01-07T20:53:41.175+0000][88091.542s][info][gc,heap     ] GC(3457) Eden regions: 915->0(914)
[2025-01-07T20:53:41.175+0000][88091.542s][info][gc,heap     ] GC(3457) Survivor regions: 6->7(116)
[2025-01-07T20:53:41.175+0000][88091.542s][info][gc,heap     ] GC(3457) Old regions: 240->240
[2025-01-07T20:53:41.175+0000][88091.542s][info][gc,heap     ] GC(3457) Archive regions: 2->2
[2025-01-07T20:53:41.175+0000][88091.542s][info][gc,heap     ] GC(3457) Humongous regions: 49->49
[2025-01-07T20:53:41.175+0000][88091.542s][info][gc,metaspace] GC(3457) Metaspace: 498898K(507200K)->498898K(507200K) NonClass: 438308K(442560K)->438308K(442560K) Class: 60589K(64640K)->60589K(64640K)
[2025-01-07T20:53:41.176+0000][88091.542s][info][gc          ] GC(3457) Pause Young (Concurrent Start) (G1 Evacuation Pause) 9681M->2367M(12288M) 25.960ms
[2025-01-07T20:53:41.176+0000][88091.542s][info][gc,cpu      ] GC(3457) User=0.15s Sys=0.00s Real=0.02s
[2025-01-07T20:53:41.176+0000][88091.542s][info][gc          ] GC(3458) Concurrent Mark Cycle
[2025-01-07T20:53:41.176+0000][88091.542s][info][gc,marking  ] GC(3458) Concurrent Clear Claimed Marks
[2025-01-07T20:53:41.176+0000][88091.543s][info][gc,marking  ] GC(3458) Concurrent Clear Claimed Marks 0.842ms
[2025-01-07T20:53:41.176+0000][88091.543s][info][gc,marking  ] GC(3458) Concurrent Scan Root Regions
[2025-01-07T20:53:41.198+0000][88091.564s][info][gc,marking  ] GC(3458) Concurrent Scan Root Regions 21.195ms
[2025-01-07T20:53:41.198+0000][88091.564s][info][gc,marking  ] GC(3458) Concurrent Mark
[2025-01-07T20:53:41.198+0000][88091.564s][info][gc,marking  ] GC(3458) Concurrent Mark From Roots
[2025-01-07T20:53:41.198+0000][88091.564s][info][gc,task     ] GC(3458) Using 2 workers of 2 for marking
[2025-01-07T20:53:42.176+0000][88092.542s][info][gc,marking  ] GC(3458) Concurrent Mark From Roots 978.022ms
[2025-01-07T20:53:42.176+0000][88092.542s][info][gc,marking  ] GC(3458) Concurrent Preclean
[2025-01-07T20:53:42.178+0000][88092.544s][info][gc,marking  ] GC(3458) Concurrent Preclean 2.519ms
[2025-01-07T20:53:42.178+0000][88092.545s][info][gc,start    ] GC(3458) Pause Remark
[2025-01-07T20:53:42.204+0000][88092.570s][info][gc          ] GC(3458) Pause Remark 3915M->3915M(12288M) 25.653ms
[2025-01-07T20:53:42.204+0000][88092.570s][info][gc,cpu      ] GC(3458) User=0.15s Sys=0.00s Real=0.03s
[2025-01-07T20:53:42.204+0000][88092.570s][info][gc,marking  ] GC(3458) Concurrent Mark 1006.615ms
[2025-01-07T20:53:42.204+0000][88092.570s][info][gc,marking  ] GC(3458) Concurrent Rebuild Remembered Sets
[2025-01-07T20:53:42.885+0000][88093.251s][info][gc,marking  ] GC(3458) Concurrent Rebuild Remembered Sets 680.461ms
[2025-01-07T20:53:42.885+0000][88093.251s][info][gc,start    ] GC(3458) Pause Cleanup
[2025-01-07T20:53:42.885+0000][88093.252s][info][gc          ] GC(3458) Pause Cleanup 4973M->4973M(12288M) 0.390ms
[2025-01-07T20:53:42.885+0000][88093.252s][info][gc,cpu      ] GC(3458) User=0.00s Sys=0.00s Real=0.00s
[2025-01-07T20:53:42.886+0000][88093.252s][info][gc,marking  ] GC(3458) Concurrent Cleanup for Next Mark
[2025-01-07T20:53:42.902+0000][88093.268s][info][gc,marking  ] GC(3458) Concurrent Cleanup for Next Mark 16.850ms
[2025-01-07T20:53:42.902+0000][88093.269s][info][gc          ] GC(3458) Concurrent Mark Cycle 1726.855ms
[2025-01-07T20:53:45.689+0000][88096.055s][info][gc,start    ] GC(3459) Pause Young (Prepare Mixed) (G1 Evacuation Pause)
[2025-01-07T20:53:45.689+0000][88096.055s][info][gc,task     ] GC(3459) Using 6 workers of 6 for evacuation
[2025-01-07T20:53:45.716+0000][88096.082s][info][gc,phases   ] GC(3459)   Pre Evacuate Collection Set: 0.2ms
[2025-01-07T20:53:45.716+0000][88096.083s][info][gc,phases   ] GC(3459)   Merge Heap Roots: 0.7ms
[2025-01-07T20:53:45.716+0000][88096.083s][info][gc,phases   ] GC(3459)   Evacuate Collection Set: 23.7ms
[2025-01-07T20:53:45.716+0000][88096.083s][info][gc,phases   ] GC(3459)   Post Evacuate Collection Set: 2.6ms
[2025-01-07T20:53:45.716+0000][88096.083s][info][gc,phases   ] GC(3459)   Other: 0.2ms
[2025-01-07T20:53:45.716+0000][88096.083s][info][gc,heap     ] GC(3459) Eden regions: 914->0(69)
[2025-01-07T20:53:45.716+0000][88096.083s][info][gc,heap     ] GC(3459) Survivor regions: 7->7(116)
[2025-01-07T20:53:45.716+0000][88096.083s][info][gc,heap     ] GC(3459) Old regions: 240->240
[2025-01-07T20:53:45.716+0000][88096.083s][info][gc,heap     ] GC(3459) Archive regions: 2->2
[2025-01-07T20:53:45.716+0000][88096.083s][info][gc,heap     ] GC(3459) Humongous regions: 49->49
[2025-01-07T20:53:45.716+0000][88096.083s][info][gc,metaspace] GC(3459) Metaspace: 498898K(507200K)->498898K(507200K) NonClass: 438308K(442560K)->438308K(442560K) Class: 60589K(64640K)->60589K(64640K)
[2025-01-07T20:53:45.716+0000][88096.083s][info][gc          ] GC(3459) Pause Young (Prepare Mixed) (G1 Evacuation Pause) 9679M->2371M(12288M) 27.471ms
[2025-01-07T20:53:45.717+0000][88096.083s][info][gc,cpu      ] GC(3459) User=0.16s Sys=0.00s Real=0.03s
[2025-01-07T20:53:46.112+0000][88096.479s][info][gc,start    ] GC(3460) Pause Young (Mixed) (G1 Evacuation Pause)
[2025-01-07T20:53:46.113+0000][88096.479s][info][gc,task     ] GC(3460) Using 6 workers of 6 for evacuation
[2025-01-07T20:53:46.169+0000][88096.536s][info][gc,phases   ] GC(3460)   Pre Evacuate Collection Set: 0.2ms
[2025-01-07T20:53:46.169+0000][88096.536s][info][gc,phases   ] GC(3460)   Merge Heap Roots: 0.6ms
[2025-01-07T20:53:46.169+0000][88096.536s][info][gc,phases   ] GC(3460)   Evacuate Collection Set: 54.1ms
[2025-01-07T20:53:46.169+0000][88096.536s][info][gc,phases   ] GC(3460)   Post Evacuate Collection Set: 1.9ms
[2025-01-07T20:53:46.169+0000][88096.536s][info][gc,phases   ] GC(3460)   Other: 0.2ms
[2025-01-07T20:53:46.169+0000][88096.536s][info][gc,heap     ] GC(3460) Eden regions: 69->0(916)
[2025-01-07T20:53:46.169+0000][88096.536s][info][gc,heap     ] GC(3460) Survivor regions: 7->5(10)
[2025-01-07T20:53:46.169+0000][88096.536s][info][gc,heap     ] GC(3460) Old regions: 240->239
[2025-01-07T20:53:46.169+0000][88096.536s][info][gc,heap     ] GC(3460) Archive regions: 2->2
[2025-01-07T20:53:46.169+0000][88096.536s][info][gc,heap     ] GC(3460) Humongous regions: 49->49
[2025-01-07T20:53:46.170+0000][88096.536s][info][gc,metaspace] GC(3460) Metaspace: 498898K(507200K)->498898K(507200K) NonClass: 438308K(442560K)->438308K(442560K) Class: 60589K(64640K)->60589K(64640K)
[2025-01-07T20:53:46.170+0000][88096.536s][info][gc          ] GC(3460) Pause Young (Mixed) (G1 Evacuation Pause) 2923M->2347M(12288M) 57.034ms
[2025-01-07T20:53:46.170+0000][88096.536s][info][gc,cpu      ] GC(3460) User=0.31s Sys=0.00s Real=0.06s
[2025-01-07T20:53:53.829+0000][88104.195s][info][gc,start    ] GC(3461) Pause Young (Normal) (G1 Evacuation Pause)
[2025-01-07T20:53:53.829+0000][88104.195s][info][gc,task     ] GC(3461) Using 6 workers of 6 for evacuation
[2025-01-07T20:53:53.856+0000][88104.222s][info][gc,phases   ] GC(3461)   Pre Evacuate Collection Set: 0.2ms
[2025-01-07T20:53:53.856+0000][88104.222s][info][gc,phases   ] GC(3461)   Merge Heap Roots: 0.4ms
[2025-01-07T20:53:53.856+0000][88104.222s][info][gc,phases   ] GC(3461)   Evacuate Collection Set: 21.6ms
[2025-01-07T20:53:53.856+0000][88104.222s][info][gc,phases   ] GC(3461)   Post Evacuate Collection Set: 5.2ms
[2025-01-07T20:53:53.856+0000][88104.222s][info][gc,phases   ] GC(3461)   Other: 0.2ms
[2025-01-07T20:53:53.856+0000][88104.222s][info][gc,heap     ] GC(3461) Eden regions: 916->0(913)
[2025-01-07T20:53:53.856+0000][88104.222s][info][gc,heap     ] GC(3461) Survivor regions: 5->8(116)
[2025-01-07T20:53:53.856+0000][88104.222s][info][gc,heap     ] GC(3461) Old regions: 239->239
[2025-01-07T20:53:53.856+0000][88104.222s][info][gc,heap     ] GC(3461) Archive regions: 2->2
[2025-01-07T20:53:53.856+0000][88104.222s][info][gc,heap     ] GC(3461) Humongous regions: 49->49
[2025-01-07T20:53:53.856+0000][88104.222s][info][gc,metaspace] GC(3461) Metaspace: 498898K(507200K)->498898K(507200K) NonClass: 438308K(442560K)->438308K(442560K) Class: 60589K(64640K)->60589K(64640K)
[2025-01-07T20:53:53.856+0000][88104.222s][info][gc          ] GC(3461) Pause Young (Normal) (G1 Evacuation Pause) 9675M->2366M(12288M) 27.712ms
[2025-01-07T20:53:53.856+0000][88104.222s][info][gc,cpu      ] GC(3461) User=0.16s Sys=0.00s Real=0.03s
[2025-01-07T20:54:02.525+0000][88112.891s][info][gc,start    ] GC(3462) Pause Young (Normal) (G1 Evacuation Pause)
[2025-01-07T20:54:02.525+0000][88112.891s][info][gc,task     ] GC(3462) Using 6 workers of 6 for evacuation
[2025-01-07T20:54:02.559+0000][88112.925s][info][gc,phases   ] GC(3462)   Pre Evacuate Collection Set: 0.2ms
[2025-01-07T20:54:02.559+0000][88112.925s][info][gc,phases   ] GC(3462)   Merge Heap Roots: 0.4ms
[2025-01-07T20:54:02.559+0000][88112.925s][info][gc,phases   ] GC(3462)   Evacuate Collection Set: 30.5ms
[2025-01-07T20:54:02.559+0000][88112.925s][info][gc,phases   ] GC(3462)   Post Evacuate Collection Set: 2.8ms
[2025-01-07T20:54:02.559+0000][88112.925s][info][gc,phases   ] GC(3462)   Other: 0.2ms
[2025-01-07T20:54:02.559+0000][88112.925s][info][gc,heap     ] GC(3462) Eden regions: 913->0(913)
[2025-01-07T20:54:02.559+0000][88112.925s][info][gc,heap     ] GC(3462) Survivor regions: 8->8(116)
[2025-01-07T20:54:02.559+0000][88112.925s][info][gc,heap     ] GC(3462) Old regions: 239->239
[2025-01-07T20:54:02.559+0000][88112.925s][info][gc,heap     ] GC(3462) Archive regions: 2->2
[2025-01-07T20:54:02.559+0000][88112.925s][info][gc,heap     ] GC(3462) Humongous regions: 49->49
[2025-01-07T20:54:02.559+0000][88112.925s][info][gc,metaspace] GC(3462) Metaspace: 498898K(507200K)->498898K(507200K) NonClass: 438308K(442560K)->438308K(442560K) Class: 60589K(64640K)->60589K(64640K)
[2025-01-07T20:54:02.559+0000][88112.925s][info][gc          ] GC(3462) Pause Young (Normal) (G1 Evacuation Pause) 9670M->2371M(12288M) 34.212ms
[2025-01-07T20:54:02.559+0000][88112.925s][info][gc,cpu      ] GC(3462) User=0.19s Sys=0.00s Real=0.03s
[2025-01-07T20:54:10.949+0000][88121.315s][info][gc,start    ] GC(3463) Pause Young (Concurrent Start) (G1 Evacuation Pause)
[2025-01-07T20:54:10.949+0000][88121.315s][info][gc,task     ] GC(3463) Using 6 workers of 6 for evacuation
[2025-01-07T20:54:10.983+0000][88121.349s][info][gc,phases   ] GC(3463)   Pre Evacuate Collection Set: 1.0ms
[2025-01-07T20:54:10.983+0000][88121.349s][info][gc,phases   ] GC(3463)   Merge Heap Roots: 0.5ms
[2025-01-07T20:54:10.983+0000][88121.349s][info][gc,phases   ] GC(3463)   Evacuate Collection Set: 28.6ms
[2025-01-07T20:54:10.983+0000][88121.349s][info][gc,phases   ] GC(3463)   Post Evacuate Collection Set: 3.8ms
[2025-01-07T20:54:10.983+0000][88121.349s][info][gc,phases   ] GC(3463)   Other: 0.3ms
[2025-01-07T20:54:10.983+0000][88121.349s][info][gc,heap     ] GC(3463) Eden regions: 913->0(911)
[2025-01-07T20:54:10.983+0000][88121.349s][info][gc,heap     ] GC(3463) Survivor regions: 8->10(116)
[2025-01-07T20:54:10.983+0000][88121.349s][info][gc,heap     ] GC(3463) Old regions: 239->239
[2025-01-07T20:54:10.983+0000][88121.349s][info][gc,heap     ] GC(3463) Archive regions: 2->2
[2025-01-07T20:54:10.983+0000][88121.349s][info][gc,heap     ] GC(3463) Humongous regions: 49->49
[2025-01-07T20:54:10.983+0000][88121.349s][info][gc,metaspace] GC(3463) Metaspace: 498898K(507200K)->498898K(507200K) NonClass: 438308K(442560K)->438308K(442560K) Class: 60589K(64640K)->60589K(64640K)
[2025-01-07T20:54:10.983+0000][88121.350s][info][gc          ] GC(3463) Pause Young (Concurrent Start) (G1 Evacuation Pause) 9675M->2383M(12288M) 34.315ms
[2025-01-07T20:54:10.983+0000][88121.350s][info][gc,cpu      ] GC(3463) User=0.19s Sys=0.01s Real=0.04s
[2025-01-07T20:54:10.983+0000][88121.350s][info][gc          ] GC(3464) Concurrent Mark Cycle
[2025-01-07T20:54:10.984+0000][88121.350s][info][gc,marking  ] GC(3464) Concurrent Clear Claimed Marks
[2025-01-07T20:54:10.984+0000][88121.350s][info][gc,marking  ] GC(3464) Concurrent Clear Claimed Marks 0.788ms
[2025-01-07T20:54:10.984+0000][88121.350s][info][gc,marking  ] GC(3464) Concurrent Scan Root Regions
[2025-01-07T20:54:11.013+0000][88121.379s][info][gc,marking  ] GC(3464) Concurrent Scan Root Regions 28.350ms
[2025-01-07T20:54:11.013+0000][88121.379s][info][gc,marking  ] GC(3464) Concurrent Mark
[2025-01-07T20:54:11.013+0000][88121.379s][info][gc,marking  ] GC(3464) Concurrent Mark From Roots
[2025-01-07T20:54:11.013+0000][88121.379s][info][gc,task     ] GC(3464) Using 2 workers of 2 for marking
[2025-01-07T20:54:11.855+0000][88122.221s][info][gc,marking  ] GC(3464) Concurrent Mark From Roots 842.553ms
[2025-01-07T20:54:11.855+0000][88122.221s][info][gc,marking  ] GC(3464) Concurrent Preclean
[2025-01-07T20:54:11.857+0000][88122.223s][info][gc,marking  ] GC(3464) Concurrent Preclean 1.766ms
[2025-01-07T20:54:11.857+0000][88122.223s][info][gc,start    ] GC(3464) Pause Remark
[2025-01-07T20:54:11.883+0000][88122.249s][info][gc          ] GC(3464) Pause Remark 3195M->3195M(12288M) 25.476ms
[2025-01-07T20:54:11.883+0000][88122.249s][info][gc,cpu      ] GC(3464) User=0.15s Sys=0.00s Real=0.03s
[2025-01-07T20:54:11.883+0000][88122.249s][info][gc,marking  ] GC(3464) Concurrent Mark 870.107ms
[2025-01-07T20:54:11.883+0000][88122.249s][info][gc,marking  ] GC(3464) Concurrent Rebuild Remembered Sets
[2025-01-07T20:54:12.413+0000][88122.779s][info][gc,marking  ] GC(3464) Concurrent Rebuild Remembered Sets 529.981ms
[2025-01-07T20:54:12.413+0000][88122.779s][info][gc,start    ] GC(3464) Pause Cleanup
[2025-01-07T20:54:12.414+0000][88122.780s][info][gc          ] GC(3464) Pause Cleanup 3771M->3771M(12288M) 0.516ms
[2025-01-07T20:54:12.414+0000][88122.780s][info][gc,cpu      ] GC(3464) User=0.00s Sys=0.00s Real=0.00s
[2025-01-07T20:54:12.414+0000][88122.780s][info][gc,marking  ] GC(3464) Concurrent Cleanup for Next Mark
[2025-01-07T20:54:12.442+0000][88122.808s][info][gc,marking  ] GC(3464) Concurrent Cleanup for Next Mark 28.026ms
[2025-01-07T20:54:12.442+0000][88122.808s][info][gc          ] GC(3464) Concurrent Mark Cycle 1458.626ms
[2025-01-07T20:54:17.561+0000][88127.927s][info][gc,start    ] GC(3465) Pause Young (Prepare Mixed) (G1 Evacuation Pause)
[2025-01-07T20:54:17.561+0000][88127.927s][info][gc,task     ] GC(3465) Using 6 workers of 6 for evacuation
[2025-01-07T20:54:17.601+0000][88127.967s][info][gc,phases   ] GC(3465)   Pre Evacuate Collection Set: 0.2ms
[2025-01-07T20:54:17.601+0000][88127.967s][info][gc,phases   ] GC(3465)   Merge Heap Roots: 0.8ms
[2025-01-07T20:54:17.601+0000][88127.967s][info][gc,phases   ] GC(3465)   Evacuate Collection Set: 36.3ms
[2025-01-07T20:54:17.601+0000][88127.967s][info][gc,phases   ] GC(3465)   Post Evacuate Collection Set: 2.8ms
[2025-01-07T20:54:17.601+0000][88127.967s][info][gc,phases   ] GC(3465)   Other: 0.2ms
[2025-01-07T20:54:17.601+0000][88127.967s][info][gc,heap     ] GC(3465) Eden regions: 911->0(66)
[2025-01-07T20:54:17.601+0000][88127.967s][info][gc,heap     ] GC(3465) Survivor regions: 10->10(116)
[2025-01-07T20:54:17.601+0000][88127.967s][info][gc,heap     ] GC(3465) Old regions: 239->239
[2025-01-07T20:54:17.601+0000][88127.967s][info][gc,heap     ] GC(3465) Archive regions: 2->2
[2025-01-07T20:54:17.601+0000][88127.967s][info][gc,heap     ] GC(3465) Humongous regions: 49->49
[2025-01-07T20:54:17.601+0000][88127.967s][info][gc,metaspace] GC(3465) Metaspace: 498898K(507200K)->498898K(507200K) NonClass: 438308K(442560K)->438308K(442560K) Class: 60589K(64640K)->60589K(64640K)
[2025-01-07T20:54:17.601+0000][88127.967s][info][gc          ] GC(3465) Pause Young (Prepare Mixed) (G1 Evacuation Pause) 9671M->2385M(12288M) 40.298ms
[2025-01-07T20:54:17.601+0000][88127.967s][info][gc,cpu      ] GC(3465) User=0.23s Sys=0.00s Real=0.04s
[2025-01-07T20:54:18.248+0000][88128.614s][info][gc,start    ] GC(3466) Pause Young (Mixed) (G1 Evacuation Pause)
[2025-01-07T20:54:18.248+0000][88128.614s][info][gc,task     ] GC(3466) Using 6 workers of 6 for evacuation
[2025-01-07T20:54:18.292+0000][88128.659s][info][gc,phases   ] GC(3466)   Pre Evacuate Collection Set: 0.2ms
[2025-01-07T20:54:18.292+0000][88128.659s][info][gc,phases   ] GC(3466)   Merge Heap Roots: 0.4ms
[2025-01-07T20:54:18.292+0000][88128.659s][info][gc,phases   ] GC(3466)   Evacuate Collection Set: 42.4ms
[2025-01-07T20:54:18.292+0000][88128.659s][info][gc,phases   ] GC(3466)   Post Evacuate Collection Set: 1.5ms
[2025-01-07T20:54:18.292+0000][88128.659s][info][gc,phases   ] GC(3466)   Other: 0.2ms
[2025-01-07T20:54:18.292+0000][88128.659s][info][gc,heap     ] GC(3466) Eden regions: 66->0(916)
[2025-01-07T20:54:18.292+0000][88128.659s][info][gc,heap     ] GC(3466) Survivor regions: 10->5(10)
[2025-01-07T20:54:18.292+0000][88128.659s][info][gc,heap     ] GC(3466) Old regions: 239->238
[2025-01-07T20:54:18.292+0000][88128.659s][info][gc,heap     ] GC(3466) Archive regions: 2->2
[2025-01-07T20:54:18.292+0000][88128.659s][info][gc,heap     ] GC(3466) Humongous regions: 49->49
[2025-01-07T20:54:18.292+0000][88128.659s][info][gc,metaspace] GC(3466) Metaspace: 498898K(507200K)->498898K(507200K) NonClass: 438308K(442560K)->438308K(442560K) Class: 60589K(64640K)->60589K(64640K)
[2025-01-07T20:54:18.293+0000][88128.659s][info][gc          ] GC(3466) Pause Young (Mixed) (G1 Evacuation Pause) 2913M->2339M(12288M) 44.768ms
[2025-01-07T20:54:18.293+0000][88128.659s][info][gc,cpu      ] GC(3466) User=0.26s Sys=0.00s Real=0.05s
[2025-01-07T20:54:27.306+0000][88137.673s][info][gc,start    ] GC(3467) Pause Young (Normal) (G1 Evacuation Pause)
[2025-01-07T20:54:27.306+0000][88137.673s][info][gc,task     ] GC(3467) Using 6 workers of 6 for evacuation
[2025-01-07T20:54:27.335+0000][88137.701s][info][gc,phases   ] GC(3467)   Pre Evacuate Collection Set: 0.2ms
[2025-01-07T20:54:27.335+0000][88137.701s][info][gc,phases   ] GC(3467)   Merge Heap Roots: 0.4ms
[2025-01-07T20:54:27.335+0000][88137.701s][info][gc,phases   ] GC(3467)   Evacuate Collection Set: 24.8ms
[2025-01-07T20:54:27.335+0000][88137.701s][info][gc,phases   ] GC(3467)   Post Evacuate Collection Set: 2.6ms
[2025-01-07T20:54:27.335+0000][88137.701s][info][gc,phases   ] GC(3467)   Other: 0.2ms
[2025-01-07T20:54:27.335+0000][88137.701s][info][gc,heap     ] GC(3467) Eden regions: 916->0(914)
[2025-01-07T20:54:27.335+0000][88137.701s][info][gc,heap     ] GC(3467) Survivor regions: 5->7(116)
[2025-01-07T20:54:27.335+0000][88137.701s][info][gc,heap     ] GC(3467) Old regions: 238->238
[2025-01-07T20:54:27.335+0000][88137.701s][info][gc,heap     ] GC(3467) Archive regions: 2->2
[2025-01-07T20:54:27.335+0000][88137.701s][info][gc,heap     ] GC(3467) Humongous regions: 49->49
[2025-01-07T20:54:27.335+0000][88137.701s][info][gc,metaspace] GC(3467) Metaspace: 498898K(507200K)->498898K(507200K) NonClass: 438308K(442560K)->438308K(442560K) Class: 60589K(64640K)->60589K(64640K)
[2025-01-07T20:54:27.335+0000][88137.701s][info][gc          ] GC(3467) Pause Young (Normal) (G1 Evacuation Pause) 9667M->2350M(12288M) 28.311ms
[2025-01-07T20:54:27.335+0000][88137.701s][info][gc,cpu      ] GC(3467) User=0.16s Sys=0.00s Real=0.03s
[2025-01-07T20:54:36.269+0000][88146.635s][info][gc,start    ] GC(3468) Pause Young (Normal) (G1 Evacuation Pause)
[2025-01-07T20:54:36.269+0000][88146.635s][info][gc,task     ] GC(3468) Using 6 workers of 6 for evacuation
[2025-01-07T20:54:36.298+0000][88146.664s][info][gc,phases   ] GC(3468)   Pre Evacuate Collection Set: 0.2ms
[2025-01-07T20:54:36.298+0000][88146.664s][info][gc,phases   ] GC(3468)   Merge Heap Roots: 0.5ms
[2025-01-07T20:54:36.298+0000][88146.664s][info][gc,phases   ] GC(3468)   Evacuate Collection Set: 26.0ms
[2025-01-07T20:54:36.298+0000][88146.664s][info][gc,phases   ] GC(3468)   Post Evacuate Collection Set: 2.6ms
[2025-01-07T20:54:36.298+0000][88146.664s][info][gc,phases   ] GC(3468)   Other: 0.2ms
[2025-01-07T20:54:36.298+0000][88146.664s][info][gc,heap     ] GC(3468) Eden regions: 914->0(914)
[2025-01-07T20:54:36.298+0000][88146.664s][info][gc,heap     ] GC(3468) Survivor regions: 7->7(116)
[2025-01-07T20:54:36.298+0000][88146.664s][info][gc,heap     ] GC(3468) Old regions: 238->238
[2025-01-07T20:54:36.298+0000][88146.664s][info][gc,heap     ] GC(3468) Archive regions: 2->2
[2025-01-07T20:54:36.298+0000][88146.664s][info][gc,heap     ] GC(3468) Humongous regions: 49->49
[2025-01-07T20:54:36.298+0000][88146.664s][info][gc,metaspace] GC(3468) Metaspace: 498898K(507200K)->498898K(507200K) NonClass: 438308K(442560K)->438308K(442560K) Class: 60589K(64640K)->60589K(64640K)
[2025-01-07T20:54:36.298+0000][88146.664s][info][gc          ] GC(3468) Pause Young (Normal) (G1 Evacuation Pause) 9662M->2356M(12288M) 29.547ms
[2025-01-07T20:54:36.298+0000][88146.664s][info][gc,cpu      ] GC(3468) User=0.17s Sys=0.00s Real=0.03s
[2025-01-07T20:54:45.801+0000][88156.167s][info][gc,start    ] GC(3469) Pause Young (Concurrent Start) (G1 Evacuation Pause)
[2025-01-07T20:54:45.801+0000][88156.167s][info][gc,task     ] GC(3469) Using 6 workers of 6 for evacuation
[2025-01-07T20:54:45.841+0000][88156.207s][info][gc,phases   ] GC(3469)   Pre Evacuate Collection Set: 1.0ms
[2025-01-07T20:54:45.841+0000][88156.207s][info][gc,phases   ] GC(3469)   Merge Heap Roots: 0.5ms
[2025-01-07T20:54:45.841+0000][88156.207s][info][gc,phases   ] GC(3469)   Evacuate Collection Set: 34.0ms
[2025-01-07T20:54:45.841+0000][88156.207s][info][gc,phases   ] GC(3469)   Post Evacuate Collection Set: 4.0ms
[2025-01-07T20:54:45.841+0000][88156.207s][info][gc,phases   ] GC(3469)   Other: 0.3ms
[2025-01-07T20:54:45.841+0000][88156.207s][info][gc,heap     ] GC(3469) Eden regions: 914->0(911)
[2025-01-07T20:54:45.841+0000][88156.207s][info][gc,heap     ] GC(3469) Survivor regions: 7->10(116)
[2025-01-07T20:54:45.841+0000][88156.207s][info][gc,heap     ] GC(3469) Old regions: 238->238
[2025-01-07T20:54:45.841+0000][88156.207s][info][gc,heap     ] GC(3469) Archive regions: 2->2
[2025-01-07T20:54:45.841+0000][88156.207s][info][gc,heap     ] GC(3469) Humongous regions: 49->49
[2025-01-07T20:54:45.841+0000][88156.207s][info][gc,metaspace] GC(3469) Metaspace: 498898K(507200K)->498898K(507200K) NonClass: 438308K(442560K)->438308K(442560K) Class: 60589K(64640K)->60589K(64640K)
[2025-01-07T20:54:45.841+0000][88156.207s][info][gc          ] GC(3469) Pause Young (Concurrent Start) (G1 Evacuation Pause) 9668M->2376M(12288M) 39.934ms
[2025-01-07T20:54:45.841+0000][88156.207s][info][gc,cpu      ] GC(3469) User=0.23s Sys=0.00s Real=0.04s
[2025-01-07T20:54:45.841+0000][88156.207s][info][gc          ] GC(3470) Concurrent Mark Cycle
[2025-01-07T20:54:45.841+0000][88156.207s][info][gc,marking  ] GC(3470) Concurrent Clear Claimed Marks
[2025-01-07T20:54:45.842+0000][88156.208s][info][gc,marking  ] GC(3470) Concurrent Clear Claimed Marks 0.824ms
[2025-01-07T20:54:45.842+0000][88156.208s][info][gc,marking  ] GC(3470) Concurrent Scan Root Regions
[2025-01-07T20:54:45.867+0000][88156.233s][info][gc,marking  ] GC(3470) Concurrent Scan Root Regions 25.232ms
[2025-01-07T20:54:45.867+0000][88156.233s][info][gc,marking  ] GC(3470) Concurrent Mark
[2025-01-07T20:54:45.867+0000][88156.233s][info][gc,marking  ] GC(3470) Concurrent Mark From Roots
[2025-01-07T20:54:45.867+0000][88156.233s][info][gc,task     ] GC(3470) Using 2 workers of 2 for marking
[2025-01-07T20:54:46.724+0000][88157.090s][info][gc,marking  ] GC(3470) Concurrent Mark From Roots 857.323ms
[2025-01-07T20:54:46.724+0000][88157.090s][info][gc,marking  ] GC(3470) Concurrent Preclean
[2025-01-07T20:54:46.726+0000][88157.092s][info][gc,marking  ] GC(3470) Concurrent Preclean 1.957ms
[2025-01-07T20:54:46.726+0000][88157.092s][info][gc,start    ] GC(3470) Pause Remark
[2025-01-07T20:54:46.752+0000][88157.118s][info][gc          ] GC(3470) Pause Remark 3224M->3224M(12288M) 25.395ms
[2025-01-07T20:54:46.752+0000][88157.118s][info][gc,cpu      ] GC(3470) User=0.14s Sys=0.00s Real=0.03s
[2025-01-07T20:54:46.752+0000][88157.118s][info][gc,marking  ] GC(3470) Concurrent Mark 885.036ms
[2025-01-07T20:54:46.752+0000][88157.118s][info][gc,marking  ] GC(3470) Concurrent Rebuild Remembered Sets
[2025-01-07T20:54:47.273+0000][88157.639s][info][gc,marking  ] GC(3470) Concurrent Rebuild Remembered Sets 521.205ms
[2025-01-07T20:54:47.273+0000][88157.640s][info][gc,start    ] GC(3470) Pause Cleanup
[2025-01-07T20:54:47.274+0000][88157.640s][info][gc          ] GC(3470) Pause Cleanup 3724M->3724M(12288M) 0.437ms
[2025-01-07T20:54:47.274+0000][88157.640s][info][gc,cpu      ] GC(3470) User=0.00s Sys=0.00s Real=0.00s
[2025-01-07T20:54:47.274+0000][88157.640s][info][gc,marking  ] GC(3470) Concurrent Cleanup for Next Mark
[2025-01-07T20:54:47.290+0000][88157.656s][info][gc,marking  ] GC(3470) Concurrent Cleanup for Next Mark 16.243ms
[2025-01-07T20:54:47.290+0000][88157.656s][info][gc          ] GC(3470) Concurrent Mark Cycle 1449.500ms
[2025-01-07T20:54:53.490+0000][88163.856s][info][gc,start    ] GC(3471) Pause Young (Prepare Mixed) (G1 Evacuation Pause)
[2025-01-07T20:54:53.490+0000][88163.856s][info][gc,task     ] GC(3471) Using 6 workers of 6 for evacuation
[2025-01-07T20:54:53.529+0000][88163.895s][info][gc,phases   ] GC(3471)   Pre Evacuate Collection Set: 0.2ms
[2025-01-07T20:54:53.529+0000][88163.895s][info][gc,phases   ] GC(3471)   Merge Heap Roots: 0.7ms
[2025-01-07T20:54:53.529+0000][88163.895s][info][gc,phases   ] GC(3471)   Evacuate Collection Set: 33.9ms
[2025-01-07T20:54:53.529+0000][88163.895s][info][gc,phases   ] GC(3471)   Post Evacuate Collection Set: 4.0ms
[2025-01-07T20:54:53.529+0000][88163.895s][info][gc,phases   ] GC(3471)   Other: 0.2ms
[2025-01-07T20:54:53.529+0000][88163.895s][info][gc,heap     ] GC(3471) Eden regions: 911->0(65)
[2025-01-07T20:54:53.529+0000][88163.896s][info][gc,heap     ] GC(3471) Survivor regions: 10->11(116)
[2025-01-07T20:54:53.529+0000][88163.896s][info][gc,heap     ] GC(3471) Old regions: 238->238
[2025-01-07T20:54:53.529+0000][88163.896s][info][gc,heap     ] GC(3471) Archive regions: 2->2
[2025-01-07T20:54:53.529+0000][88163.896s][info][gc,heap     ] GC(3471) Humongous regions: 49->49
[2025-01-07T20:54:53.529+0000][88163.896s][info][gc,metaspace] GC(3471) Metaspace: 498898K(507200K)->498898K(507200K) NonClass: 438308K(442560K)->438308K(442560K) Class: 60589K(64640K)->60589K(64640K)
[2025-01-07T20:54:53.529+0000][88163.896s][info][gc          ] GC(3471) Pause Young (Prepare Mixed) (G1 Evacuation Pause) 9664M->2388M(12288M) 39.121ms
[2025-01-07T20:54:53.530+0000][88163.896s][info][gc,cpu      ] GC(3471) User=0.22s Sys=0.01s Real=0.04s
[2025-01-07T20:54:53.903+0000][88164.269s][info][gc,start    ] GC(3472) Pause Young (Mixed) (G1 Evacuation Pause)
[2025-01-07T20:54:53.903+0000][88164.269s][info][gc,task     ] GC(3472) Using 6 workers of 6 for evacuation
[2025-01-07T20:54:53.962+0000][88164.328s][info][gc,phases   ] GC(3472)   Pre Evacuate Collection Set: 0.2ms
[2025-01-07T20:54:53.962+0000][88164.328s][info][gc,phases   ] GC(3472)   Merge Heap Roots: 0.6ms
[2025-01-07T20:54:53.962+0000][88164.328s][info][gc,phases   ] GC(3472)   Evacuate Collection Set: 56.3ms
[2025-01-07T20:54:53.962+0000][88164.328s][info][gc,phases   ] GC(3472)   Post Evacuate Collection Set: 1.7ms
[2025-01-07T20:54:53.962+0000][88164.328s][info][gc,phases   ] GC(3472)   Other: 0.2ms
[2025-01-07T20:54:53.962+0000][88164.328s][info][gc,heap     ] GC(3472) Eden regions: 65->0(916)
[2025-01-07T20:54:53.962+0000][88164.328s][info][gc,heap     ] GC(3472) Survivor regions: 11->5(10)
[2025-01-07T20:54:53.962+0000][88164.328s][info][gc,heap     ] GC(3472) Old regions: 238->240
[2025-01-07T20:54:53.962+0000][88164.328s][info][gc,heap     ] GC(3472) Archive regions: 2->2
[2025-01-07T20:54:53.962+0000][88164.328s][info][gc,heap     ] GC(3472) Humongous regions: 49->49
[2025-01-07T20:54:53.962+0000][88164.328s][info][gc,metaspace] GC(3472) Metaspace: 498898K(507200K)->498898K(507200K) NonClass: 438308K(442560K)->438308K(442560K) Class: 60589K(64640K)->60589K(64640K)
[2025-01-07T20:54:53.962+0000][88164.328s][info][gc          ] GC(3472) Pause Young (Mixed) (G1 Evacuation Pause) 2908M->2349M(12288M) 59.074ms
[2025-01-07T20:54:53.962+0000][88164.328s][info][gc,cpu      ] GC(3472) User=0.32s Sys=0.00s Real=0.06s
[2025-01-07T20:54:59.271+0000][88169.637s][info][gc,start    ] GC(3473) Pause Young (Normal) (G1 Evacuation Pause)
[2025-01-07T20:54:59.271+0000][88169.637s][info][gc,task     ] GC(3473) Using 6 workers of 6 for evacuation
[2025-01-07T20:54:59.294+0000][88169.660s][info][gc,phases   ] GC(3473)   Pre Evacuate Collection Set: 0.2ms
[2025-01-07T20:54:59.294+0000][88169.660s][info][gc,phases   ] GC(3473)   Merge Heap Roots: 0.4ms
[2025-01-07T20:54:59.294+0000][88169.660s][info][gc,phases   ] GC(3473)   Evacuate Collection Set: 19.8ms
[2025-01-07T20:54:59.294+0000][88169.660s][info][gc,phases   ] GC(3473)   Post Evacuate Collection Set: 2.6ms
[2025-01-07T20:54:59.294+0000][88169.660s][info][gc,phases   ] GC(3473)   Other: 0.2ms
[2025-01-07T20:54:59.294+0000][88169.660s][info][gc,heap     ] GC(3473) Eden regions: 916->0(916)
[2025-01-07T20:54:59.294+0000][88169.660s][info][gc,heap     ] GC(3473) Survivor regions: 5->5(116)
[2025-01-07T20:54:59.294+0000][88169.660s][info][gc,heap     ] GC(3473) Old regions: 240->240
[2025-01-07T20:54:59.294+0000][88169.660s][info][gc,heap     ] GC(3473) Archive regions: 2->2
[2025-01-07T20:54:59.294+0000][88169.660s][info][gc,heap     ] GC(3473) Humongous regions: 49->49
[2025-01-07T20:54:59.294+0000][88169.660s][info][gc,metaspace] GC(3473) Metaspace: 498898K(507200K)->498898K(507200K) NonClass: 438308K(442560K)->438308K(442560K) Class: 60589K(64640K)->60589K(64640K)
[2025-01-07T20:54:59.294+0000][88169.660s][info][gc          ] GC(3473) Pause Young (Normal) (G1 Evacuation Pause) 9677M->2355M(12288M) 23.322ms
[2025-01-07T20:54:59.294+0000][88169.660s][info][gc,cpu      ] GC(3473) User=0.13s Sys=0.00s Real=0.02s
[2025-01-07T20:55:07.662+0000][88178.029s][info][gc,start    ] GC(3474) Pause Young (Normal) (G1 Evacuation Pause)
[2025-01-07T20:55:07.662+0000][88178.029s][info][gc,task     ] GC(3474) Using 6 workers of 6 for evacuation
[2025-01-07T20:55:07.688+0000][88178.055s][info][gc,phases   ] GC(3474)   Pre Evacuate Collection Set: 0.2ms
[2025-01-07T20:55:07.688+0000][88178.055s][info][gc,phases   ] GC(3474)   Merge Heap Roots: 0.4ms
[2025-01-07T20:55:07.688+0000][88178.055s][info][gc,phases   ] GC(3474)   Evacuate Collection Set: 21.3ms
[2025-01-07T20:55:07.688+0000][88178.055s][info][gc,phases   ] GC(3474)   Post Evacuate Collection Set: 3.9ms
[2025-01-07T20:55:07.689+0000][88178.055s][info][gc,phases   ] GC(3474)   Other: 0.2ms
[2025-01-07T20:55:07.689+0000][88178.055s][info][gc,heap     ] GC(3474) Eden regions: 916->0(914)
[2025-01-07T20:55:07.689+0000][88178.055s][info][gc,heap     ] GC(3474) Survivor regions: 5->7(116)
[2025-01-07T20:55:07.689+0000][88178.055s][info][gc,heap     ] GC(3474) Old regions: 240->240
[2025-01-07T20:55:07.689+0000][88178.055s][info][gc,heap     ] GC(3474) Archive regions: 2->2
[2025-01-07T20:55:07.689+0000][88178.055s][info][gc,heap     ] GC(3474) Humongous regions: 49->49
[2025-01-07T20:55:07.689+0000][88178.055s][info][gc,metaspace] GC(3474) Metaspace: 498899K(507200K)->498899K(507200K) NonClass: 438310K(442560K)->438310K(442560K) Class: 60589K(64640K)->60589K(64640K)
[2025-01-07T20:55:07.689+0000][88178.055s][info][gc          ] GC(3474) Pause Young (Normal) (G1 Evacuation Pause) 9683M->2366M(12288M) 26.106ms
[2025-01-07T20:55:07.689+0000][88178.055s][info][gc,cpu      ] GC(3474) User=0.16s Sys=0.00s Real=0.02s
[2025-01-07T20:55:13.820+0000][88184.186s][info][gc,start    ] GC(3475) Pause Young (Concurrent Start) (G1 Evacuation Pause)
[2025-01-07T20:55:13.820+0000][88184.186s][info][gc,task     ] GC(3475) Using 6 workers of 6 for evacuation
[2025-01-07T20:55:13.847+0000][88184.213s][info][gc,phases   ] GC(3475)   Pre Evacuate Collection Set: 1.0ms
[2025-01-07T20:55:13.847+0000][88184.213s][info][gc,phases   ] GC(3475)   Merge Heap Roots: 0.4ms
[2025-01-07T20:55:13.847+0000][88184.213s][info][gc,phases   ] GC(3475)   Evacuate Collection Set: 22.7ms
[2025-01-07T20:55:13.847+0000][88184.213s][info][gc,phases   ] GC(3475)   Post Evacuate Collection Set: 2.4ms
[2025-01-07T20:55:13.847+0000][88184.213s][info][gc,phases   ] GC(3475)   Other: 0.3ms
[2025-01-07T20:55:13.847+0000][88184.213s][info][gc,heap     ] GC(3475) Eden regions: 914->0(914)
[2025-01-07T20:55:13.847+0000][88184.213s][info][gc,heap     ] GC(3475) Survivor regions: 7->7(116)
[2025-01-07T20:55:13.847+0000][88184.213s][info][gc,heap     ] GC(3475) Old regions: 240->240
[2025-01-07T20:55:13.847+0000][88184.213s][info][gc,heap     ] GC(3475) Archive regions: 2->2
[2025-01-07T20:55:13.847+0000][88184.213s][info][gc,heap     ] GC(3475) Humongous regions: 49->49
[2025-01-07T20:55:13.847+0000][88184.213s][info][gc,metaspace] GC(3475) Metaspace: 498899K(507200K)->498899K(507200K) NonClass: 438310K(442560K)->438310K(442560K) Class: 60589K(64640K)->60589K(64640K)
[2025-01-07T20:55:13.847+0000][88184.213s][info][gc          ] GC(3475) Pause Young (Concurrent Start) (G1 Evacuation Pause) 9678M->2370M(12288M) 26.934ms
[2025-01-07T20:55:13.847+0000][88184.213s][info][gc,cpu      ] GC(3475) User=0.15s Sys=0.01s Real=0.03s
[2025-01-07T20:55:13.847+0000][88184.213s][info][gc          ] GC(3476) Concurrent Mark Cycle
[2025-01-07T20:55:13.847+0000][88184.213s][info][gc,marking  ] GC(3476) Concurrent Clear Claimed Marks
[2025-01-07T20:55:13.848+0000][88184.214s][info][gc,marking  ] GC(3476) Concurrent Clear Claimed Marks 0.762ms
[2025-01-07T20:55:13.848+0000][88184.214s][info][gc,marking  ] GC(3476) Concurrent Scan Root Regions
[2025-01-07T20:55:13.865+0000][88184.231s][info][gc,marking  ] GC(3476) Concurrent Scan Root Regions 16.677ms
[2025-01-07T20:55:13.865+0000][88184.231s][info][gc,marking  ] GC(3476) Concurrent Mark
[2025-01-07T20:55:13.865+0000][88184.231s][info][gc,marking  ] GC(3476) Concurrent Mark From Roots
[2025-01-07T20:55:13.865+0000][88184.231s][info][gc,task     ] GC(3476) Using 2 workers of 2 for marking
[2025-01-07T20:55:14.756+0000][88185.122s][info][gc,marking  ] GC(3476) Concurrent Mark From Roots 891.307ms
[2025-01-07T20:55:14.756+0000][88185.122s][info][gc,marking  ] GC(3476) Concurrent Preclean
[2025-01-07T20:55:14.758+0000][88185.124s][info][gc,marking  ] GC(3476) Concurrent Preclean 2.022ms
[2025-01-07T20:55:14.758+0000][88185.124s][info][gc,start    ] GC(3476) Pause Remark
[2025-01-07T20:55:14.812+0000][88185.178s][info][gc          ] GC(3476) Pause Remark 3282M->3282M(12288M) 53.735ms
[2025-01-07T20:55:14.812+0000][88185.178s][info][gc,cpu      ] GC(3476) User=0.29s Sys=0.00s Real=0.06s
[2025-01-07T20:55:14.812+0000][88185.178s][info][gc,marking  ] GC(3476) Concurrent Mark 947.522ms
[2025-01-07T20:55:14.812+0000][88185.178s][info][gc,marking  ] GC(3476) Concurrent Rebuild Remembered Sets
[2025-01-07T20:55:15.413+0000][88185.779s][info][gc,marking  ] GC(3476) Concurrent Rebuild Remembered Sets 600.943ms
[2025-01-07T20:55:15.413+0000][88185.779s][info][gc,start    ] GC(3476) Pause Cleanup
[2025-01-07T20:55:15.414+0000][88185.780s][info][gc          ] GC(3476) Pause Cleanup 4038M->4038M(12288M) 0.472ms
[2025-01-07T20:55:15.414+0000][88185.780s][info][gc,cpu      ] GC(3476) User=0.00s Sys=0.00s Real=0.00s
[2025-01-07T20:55:15.414+0000][88185.780s][info][gc,marking  ] GC(3476) Concurrent Cleanup for Next Mark
[2025-01-07T20:55:15.430+0000][88185.797s][info][gc,marking  ] GC(3476) Concurrent Cleanup for Next Mark 16.496ms
[2025-01-07T20:55:15.430+0000][88185.797s][info][gc          ] GC(3476) Concurrent Mark Cycle 1583.306ms
[2025-01-07T20:55:21.976+0000][88192.342s][info][gc,start    ] GC(3477) Pause Young (Prepare Mixed) (G1 Evacuation Pause)
[2025-01-07T20:55:21.976+0000][88192.342s][info][gc,task     ] GC(3477) Using 6 workers of 6 for evacuation
[2025-01-07T20:55:22.006+0000][88192.372s][info][gc,phases   ] GC(3477)   Pre Evacuate Collection Set: 0.2ms
[2025-01-07T20:55:22.006+0000][88192.372s][info][gc,phases   ] GC(3477)   Merge Heap Roots: 0.7ms
[2025-01-07T20:55:22.006+0000][88192.372s][info][gc,phases   ] GC(3477)   Evacuate Collection Set: 26.6ms
[2025-01-07T20:55:22.006+0000][88192.372s][info][gc,phases   ] GC(3477)   Post Evacuate Collection Set: 2.5ms
[2025-01-07T20:55:22.006+0000][88192.372s][info][gc,phases   ] GC(3477)   Other: 0.2ms
[2025-01-07T20:55:22.006+0000][88192.372s][info][gc,heap     ] GC(3477) Eden regions: 914->0(69)
[2025-01-07T20:55:22.006+0000][88192.372s][info][gc,heap     ] GC(3477) Survivor regions: 7->7(116)
[2025-01-07T20:55:22.006+0000][88192.372s][info][gc,heap     ] GC(3477) Old regions: 240->240
[2025-01-07T20:55:22.006+0000][88192.372s][info][gc,heap     ] GC(3477) Archive regions: 2->2
[2025-01-07T20:55:22.006+0000][88192.372s][info][gc,heap     ] GC(3477) Humongous regions: 49->49
[2025-01-07T20:55:22.006+0000][88192.372s][info][gc,metaspace] GC(3477) Metaspace: 498879K(507200K)->498879K(507200K) NonClass: 438292K(442560K)->438292K(442560K) Class: 60586K(64640K)->60586K(64640K)
[2025-01-07T20:55:22.006+0000][88192.372s][info][gc          ] GC(3477) Pause Young (Prepare Mixed) (G1 Evacuation Pause) 9682M->2371M(12288M) 30.208ms
[2025-01-07T20:55:22.006+0000][88192.372s][info][gc,cpu      ] GC(3477) User=0.17s Sys=0.00s Real=0.03s
[2025-01-07T20:55:22.578+0000][88192.944s][info][gc,start    ] GC(3478) Pause Young (Mixed) (G1 Evacuation Pause)
[2025-01-07T20:55:22.578+0000][88192.944s][info][gc,task     ] GC(3478) Using 6 workers of 6 for evacuation
[2025-01-07T20:55:22.639+0000][88193.005s][info][gc,phases   ] GC(3478)   Pre Evacuate Collection Set: 0.2ms
[2025-01-07T20:55:22.639+0000][88193.005s][info][gc,phases   ] GC(3478)   Merge Heap Roots: 0.6ms
[2025-01-07T20:55:22.639+0000][88193.005s][info][gc,phases   ] GC(3478)   Evacuate Collection Set: 58.3ms
[2025-01-07T20:55:22.639+0000][88193.005s][info][gc,phases   ] GC(3478)   Post Evacuate Collection Set: 2.0ms
[2025-01-07T20:55:22.639+0000][88193.005s][info][gc,phases   ] GC(3478)   Other: 0.2ms
[2025-01-07T20:55:22.639+0000][88193.005s][info][gc,heap     ] GC(3478) Eden regions: 69->0(914)
[2025-01-07T20:55:22.639+0000][88193.005s][info][gc,heap     ] GC(3478) Survivor regions: 7->7(10)
[2025-01-07T20:55:22.639+0000][88193.006s][info][gc,heap     ] GC(3478) Old regions: 240->237
[2025-01-07T20:55:22.639+0000][88193.006s][info][gc,heap     ] GC(3478) Archive regions: 2->2
[2025-01-07T20:55:22.639+0000][88193.006s][info][gc,heap     ] GC(3478) Humongous regions: 49->49
[2025-01-07T20:55:22.639+0000][88193.006s][info][gc,metaspace] GC(3478) Metaspace: 498879K(507200K)->498879K(507200K) NonClass: 438292K(442560K)->438292K(442560K) Class: 60586K(64640K)->60586K(64640K)
[2025-01-07T20:55:22.639+0000][88193.006s][info][gc          ] GC(3478) Pause Young (Mixed) (G1 Evacuation Pause) 2923M->2344M(12288M) 61.366ms
[2025-01-07T20:55:22.639+0000][88193.006s][info][gc,cpu      ] GC(3478) User=0.33s Sys=0.00s Real=0.06s
[2025-01-07T20:55:30.316+0000][88200.682s][info][gc,start    ] GC(3479) Pause Young (Normal) (GCLocker Initiated GC)
[2025-01-07T20:55:30.316+0000][88200.683s][info][gc,task     ] GC(3479) Using 6 workers of 6 for evacuation
[2025-01-07T20:55:30.349+0000][88200.715s][info][gc,phases   ] GC(3479)   Pre Evacuate Collection Set: 0.2ms
[2025-01-07T20:55:30.349+0000][88200.715s][info][gc,phases   ] GC(3479)   Merge Heap Roots: 0.5ms
[2025-01-07T20:55:30.349+0000][88200.715s][info][gc,phases   ] GC(3479)   Evacuate Collection Set: 28.5ms
[2025-01-07T20:55:30.349+0000][88200.715s][info][gc,phases   ] GC(3479)   Post Evacuate Collection Set: 2.8ms
[2025-01-07T20:55:30.349+0000][88200.715s][info][gc,phases   ] GC(3479)   Other: 0.2ms
[2025-01-07T20:55:30.349+0000][88200.715s][info][gc,heap     ] GC(3479) Eden regions: 914->0(912)
[2025-01-07T20:55:30.349+0000][88200.715s][info][gc,heap     ] GC(3479) Survivor regions: 7->9(116)
[2025-01-07T20:55:30.349+0000][88200.715s][info][gc,heap     ] GC(3479) Old regions: 237->237
[2025-01-07T20:55:30.349+0000][88200.715s][info][gc,heap     ] GC(3479) Archive regions: 2->2
[2025-01-07T20:55:30.349+0000][88200.715s][info][gc,heap     ] GC(3479) Humongous regions: 49->49
[2025-01-07T20:55:30.349+0000][88200.715s][info][gc,metaspace] GC(3479) Metaspace: 498879K(507200K)->498879K(507200K) NonClass: 438292K(442560K)->438292K(442560K) Class: 60586K(64640K)->60586K(64640K)
[2025-01-07T20:55:30.349+0000][88200.715s][info][gc          ] GC(3479) Pause Young (Normal) (GCLocker Initiated GC) 9656M->2360M(12288M) 32.223ms
[2025-01-07T20:55:30.349+0000][88200.715s][info][gc,cpu      ] GC(3479) User=0.19s Sys=0.00s Real=0.03s
[2025-01-07T20:55:37.478+0000][88207.844s][info][gc,start    ] GC(3480) Pause Young (Normal) (G1 Evacuation Pause)
[2025-01-07T20:55:37.478+0000][88207.844s][info][gc,task     ] GC(3480) Using 6 workers of 6 for evacuation
[2025-01-07T20:55:37.514+0000][88207.880s][info][gc,phases   ] GC(3480)   Pre Evacuate Collection Set: 0.2ms
[2025-01-07T20:55:37.514+0000][88207.880s][info][gc,phases   ] GC(3480)   Merge Heap Roots: 0.5ms
[2025-01-07T20:55:37.514+0000][88207.880s][info][gc,phases   ] GC(3480)   Evacuate Collection Set: 32.7ms
[2025-01-07T20:55:37.514+0000][88207.880s][info][gc,phases   ] GC(3480)   Post Evacuate Collection Set: 2.9ms
[2025-01-07T20:55:37.514+0000][88207.880s][info][gc,phases   ] GC(3480)   Other: 0.2ms
[2025-01-07T20:55:37.514+0000][88207.880s][info][gc,heap     ] GC(3480) Eden regions: 912->0(911)
[2025-01-07T20:55:37.514+0000][88207.880s][info][gc,heap     ] GC(3480) Survivor regions: 9->10(116)
[2025-01-07T20:55:37.514+0000][88207.880s][info][gc,heap     ] GC(3480) Old regions: 237->237
[2025-01-07T20:55:37.514+0000][88207.880s][info][gc,heap     ] GC(3480) Archive regions: 2->2
[2025-01-07T20:55:37.514+0000][88207.880s][info][gc,heap     ] GC(3480) Humongous regions: 49->49
[2025-01-07T20:55:37.514+0000][88207.880s][info][gc,metaspace] GC(3480) Metaspace: 498879K(507200K)->498879K(507200K) NonClass: 438292K(442560K)->438292K(442560K) Class: 60586K(64640K)->60586K(64640K)
[2025-01-07T20:55:37.514+0000][88207.880s][info][gc          ] GC(3480) Pause Young (Normal) (G1 Evacuation Pause) 9656M->2367M(12288M) 36.500ms
[2025-01-07T20:55:37.514+0000][88207.881s][info][gc,cpu      ] GC(3480) User=0.21s Sys=0.00s Real=0.04s
[2025-01-07T20:55:43.128+0000][88213.494s][info][gc,start    ] GC(3481) Pause Young (Concurrent Start) (G1 Evacuation Pause)
[2025-01-07T20:55:43.128+0000][88213.494s][info][gc,task     ] GC(3481) Using 6 workers of 6 for evacuation
[2025-01-07T20:55:43.166+0000][88213.532s][info][gc,phases   ] GC(3481)   Pre Evacuate Collection Set: 1.0ms
[2025-01-07T20:55:43.166+0000][88213.532s][info][gc,phases   ] GC(3481)   Merge Heap Roots: 0.5ms
[2025-01-07T20:55:43.166+0000][88213.532s][info][gc,phases   ] GC(3481)   Evacuate Collection Set: 30.9ms
[2025-01-07T20:55:43.166+0000][88213.532s][info][gc,phases   ] GC(3481)   Post Evacuate Collection Set: 5.3ms
[2025-01-07T20:55:43.166+0000][88213.532s][info][gc,phases   ] GC(3481)   Other: 0.3ms
[2025-01-07T20:55:43.166+0000][88213.532s][info][gc,heap     ] GC(3481) Eden regions: 911->0(909)
[2025-01-07T20:55:43.166+0000][88213.532s][info][gc,heap     ] GC(3481) Survivor regions: 10->12(116)
[2025-01-07T20:55:43.166+0000][88213.532s][info][gc,heap     ] GC(3481) Old regions: 237->237
[2025-01-07T20:55:43.166+0000][88213.532s][info][gc,heap     ] GC(3481) Archive regions: 2->2
[2025-01-07T20:55:43.166+0000][88213.532s][info][gc,heap     ] GC(3481) Humongous regions: 49->49
[2025-01-07T20:55:43.166+0000][88213.532s][info][gc,metaspace] GC(3481) Metaspace: 498879K(507200K)->498879K(507200K) NonClass: 438292K(442560K)->438292K(442560K) Class: 60586K(64640K)->60586K(64640K)
[2025-01-07T20:55:43.166+0000][88213.532s][info][gc          ] GC(3481) Pause Young (Concurrent Start) (G1 Evacuation Pause) 9655M->2384M(12288M) 38.088ms
[2025-01-07T20:55:43.166+0000][88213.532s][info][gc,cpu      ] GC(3481) User=0.22s Sys=0.00s Real=0.04s
[2025-01-07T20:55:43.166+0000][88213.532s][info][gc          ] GC(3482) Concurrent Mark Cycle
[2025-01-07T20:55:43.166+0000][88213.532s][info][gc,marking  ] GC(3482) Concurrent Clear Claimed Marks
[2025-01-07T20:55:43.167+0000][88213.533s][info][gc,marking  ] GC(3482) Concurrent Clear Claimed Marks 0.784ms
[2025-01-07T20:55:43.167+0000][88213.533s][info][gc,marking  ] GC(3482) Concurrent Scan Root Regions
[2025-01-07T20:55:43.190+0000][88213.557s][info][gc,marking  ] GC(3482) Concurrent Scan Root Regions 23.682ms
[2025-01-07T20:55:43.190+0000][88213.557s][info][gc,marking  ] GC(3482) Concurrent Mark
[2025-01-07T20:55:43.190+0000][88213.557s][info][gc,marking  ] GC(3482) Concurrent Mark From Roots
[2025-01-07T20:55:43.190+0000][88213.557s][info][gc,task     ] GC(3482) Using 2 workers of 2 for marking
[2025-01-07T20:55:43.917+0000][88214.283s][info][gc,marking  ] GC(3482) Concurrent Mark From Roots 726.368ms
[2025-01-07T20:55:43.917+0000][88214.283s][info][gc,marking  ] GC(3482) Concurrent Preclean
[2025-01-07T20:55:43.919+0000][88214.285s][info][gc,marking  ] GC(3482) Concurrent Preclean 1.846ms
[2025-01-07T20:55:43.919+0000][88214.285s][info][gc,start    ] GC(3482) Pause Remark
[2025-01-07T20:55:43.944+0000][88214.310s][info][gc          ] GC(3482) Pause Remark 2876M->2876M(12288M) 25.500ms
[2025-01-07T20:55:43.944+0000][88214.310s][info][gc,cpu      ] GC(3482) User=0.15s Sys=0.00s Real=0.03s
[2025-01-07T20:55:43.944+0000][88214.311s][info][gc,marking  ] GC(3482) Concurrent Mark 754.029ms
[2025-01-07T20:55:43.945+0000][88214.311s][info][gc,marking  ] GC(3482) Concurrent Rebuild Remembered Sets
[2025-01-07T20:55:44.494+0000][88214.860s][info][gc,marking  ] GC(3482) Concurrent Rebuild Remembered Sets 549.408ms
[2025-01-07T20:55:44.494+0000][88214.860s][info][gc,start    ] GC(3482) Pause Cleanup
[2025-01-07T20:55:44.494+0000][88214.861s][info][gc          ] GC(3482) Pause Cleanup 3512M->3512M(12288M) 0.438ms
[2025-01-07T20:55:44.495+0000][88214.861s][info][gc,cpu      ] GC(3482) User=0.00s Sys=0.00s Real=0.00s
[2025-01-07T20:55:44.495+0000][88214.861s][info][gc,marking  ] GC(3482) Concurrent Cleanup for Next Mark
[2025-01-07T20:55:44.511+0000][88214.877s][info][gc,marking  ] GC(3482) Concurrent Cleanup for Next Mark 16.671ms
[2025-01-07T20:55:44.511+0000][88214.877s][info][gc          ] GC(3482) Concurrent Mark Cycle 1345.429ms
[2025-01-07T20:55:51.968+0000][88222.334s][info][gc,start    ] GC(3483) Pause Young (Prepare Mixed) (G1 Evacuation Pause)
[2025-01-07T20:55:51.968+0000][88222.334s][info][gc,task     ] GC(3483) Using 6 workers of 6 for evacuation
[2025-01-07T20:55:52.006+0000][88222.372s][info][gc,phases   ] GC(3483)   Pre Evacuate Collection Set: 0.2ms
[2025-01-07T20:55:52.006+0000][88222.372s][info][gc,phases   ] GC(3483)   Merge Heap Roots: 0.7ms
[2025-01-07T20:55:52.006+0000][88222.372s][info][gc,phases   ] GC(3483)   Evacuate Collection Set: 34.7ms
[2025-01-07T20:55:52.006+0000][88222.372s][info][gc,phases   ] GC(3483)   Post Evacuate Collection Set: 2.5ms
[2025-01-07T20:55:52.006+0000][88222.372s][info][gc,phases   ] GC(3483)   Other: 0.2ms
[2025-01-07T20:55:52.006+0000][88222.372s][info][gc,heap     ] GC(3483) Eden regions: 909->0(65)
[2025-01-07T20:55:52.006+0000][88222.372s][info][gc,heap     ] GC(3483) Survivor regions: 12->11(116)
[2025-01-07T20:55:52.006+0000][88222.372s][info][gc,heap     ] GC(3483) Old regions: 237->237
[2025-01-07T20:55:52.006+0000][88222.372s][info][gc,heap     ] GC(3483) Archive regions: 2->2
[2025-01-07T20:55:52.006+0000][88222.372s][info][gc,heap     ] GC(3483) Humongous regions: 49->49
[2025-01-07T20:55:52.006+0000][88222.372s][info][gc,metaspace] GC(3483) Metaspace: 498879K(507200K)->498879K(507200K) NonClass: 438292K(442560K)->438292K(442560K) Class: 60586K(64640K)->60586K(64640K)
[2025-01-07T20:55:52.006+0000][88222.372s][info][gc          ] GC(3483) Pause Young (Prepare Mixed) (G1 Evacuation Pause) 9656M->2377M(12288M) 38.415ms
[2025-01-07T20:55:52.006+0000][88222.373s][info][gc,cpu      ] GC(3483) User=0.23s Sys=0.00s Real=0.04s
[2025-01-07T20:55:52.553+0000][88222.919s][info][gc,start    ] GC(3484) Pause Young (Mixed) (G1 Evacuation Pause)
[2025-01-07T20:55:52.553+0000][88222.919s][info][gc,task     ] GC(3484) Using 6 workers of 6 for evacuation
[2025-01-07T20:55:52.620+0000][88222.986s][info][gc,phases   ] GC(3484)   Pre Evacuate Collection Set: 0.2ms
[2025-01-07T20:55:52.620+0000][88222.986s][info][gc,phases   ] GC(3484)   Merge Heap Roots: 0.7ms
[2025-01-07T20:55:52.620+0000][88222.986s][info][gc,phases   ] GC(3484)   Evacuate Collection Set: 64.5ms
[2025-01-07T20:55:52.620+0000][88222.986s][info][gc,phases   ] GC(3484)   Post Evacuate Collection Set: 1.7ms
[2025-01-07T20:55:52.620+0000][88222.986s][info][gc,phases   ] GC(3484)   Other: 0.2ms
[2025-01-07T20:55:52.620+0000][88222.986s][info][gc,heap     ] GC(3484) Eden regions: 65->0(916)
[2025-01-07T20:55:52.620+0000][88222.986s][info][gc,heap     ] GC(3484) Survivor regions: 11->5(10)
[2025-01-07T20:55:52.620+0000][88222.986s][info][gc,heap     ] GC(3484) Old regions: 237->238
[2025-01-07T20:55:52.620+0000][88222.986s][info][gc,heap     ] GC(3484) Archive regions: 2->2
[2025-01-07T20:55:52.620+0000][88222.986s][info][gc,heap     ] GC(3484) Humongous regions: 49->49
[2025-01-07T20:55:52.620+0000][88222.986s][info][gc,metaspace] GC(3484) Metaspace: 498879K(507200K)->498879K(507200K) NonClass: 438292K(442560K)->438292K(442560K) Class: 60586K(64640K)->60586K(64640K)
[2025-01-07T20:55:52.620+0000][88222.986s][info][gc          ] GC(3484) Pause Young (Mixed) (G1 Evacuation Pause) 2897M->2336M(12288M) 67.312ms
[2025-01-07T20:55:52.620+0000][88222.986s][info][gc,cpu      ] GC(3484) User=0.39s Sys=0.00s Real=0.06s
[2025-01-07T20:56:00.166+0000][88230.532s][info][gc,start    ] GC(3485) Pause Young (Normal) (G1 Evacuation Pause)
[2025-01-07T20:56:00.166+0000][88230.532s][info][gc,task     ] GC(3485) Using 6 workers of 6 for evacuation
[2025-01-07T20:56:00.195+0000][88230.561s][info][gc,phases   ] GC(3485)   Pre Evacuate Collection Set: 0.2ms
[2025-01-07T20:56:00.195+0000][88230.561s][info][gc,phases   ] GC(3485)   Merge Heap Roots: 0.5ms
[2025-01-07T20:56:00.195+0000][88230.561s][info][gc,phases   ] GC(3485)   Evacuate Collection Set: 24.4ms
[2025-01-07T20:56:00.195+0000][88230.561s][info][gc,phases   ] GC(3485)   Post Evacuate Collection Set: 3.9ms
[2025-01-07T20:56:00.195+0000][88230.561s][info][gc,phases   ] GC(3485)   Other: 0.2ms
[2025-01-07T20:56:00.195+0000][88230.561s][info][gc,heap     ] GC(3485) Eden regions: 916->0(913)
[2025-01-07T20:56:00.195+0000][88230.561s][info][gc,heap     ] GC(3485) Survivor regions: 5->8(116)
[2025-01-07T20:56:00.195+0000][88230.561s][info][gc,heap     ] GC(3485) Old regions: 238->238
[2025-01-07T20:56:00.195+0000][88230.561s][info][gc,heap     ] GC(3485) Archive regions: 2->2
[2025-01-07T20:56:00.195+0000][88230.561s][info][gc,heap     ] GC(3485) Humongous regions: 49->49
[2025-01-07T20:56:00.195+0000][88230.561s][info][gc,metaspace] GC(3485) Metaspace: 498879K(507200K)->498879K(507200K) NonClass: 438292K(442560K)->438292K(442560K) Class: 60586K(64640K)->60586K(64640K)
[2025-01-07T20:56:00.195+0000][88230.561s][info][gc          ] GC(3485) Pause Young (Normal) (G1 Evacuation Pause) 9664M->2360M(12288M) 29.214ms
[2025-01-07T20:56:00.195+0000][88230.561s][info][gc,cpu      ] GC(3485) User=0.17s Sys=0.00s Real=0.03s
[2025-01-07T20:56:07.000+0000][88237.366s][info][gc,start    ] GC(3486) Pause Young (Normal) (G1 Evacuation Pause)
[2025-01-07T20:56:07.000+0000][88237.366s][info][gc,task     ] GC(3486) Using 6 workers of 6 for evacuation
[2025-01-07T20:56:07.030+0000][88237.396s][info][gc,phases   ] GC(3486)   Pre Evacuate Collection Set: 0.2ms
[2025-01-07T20:56:07.030+0000][88237.396s][info][gc,phases   ] GC(3486)   Merge Heap Roots: 0.5ms
[2025-01-07T20:56:07.030+0000][88237.396s][info][gc,phases   ] GC(3486)   Evacuate Collection Set: 27.1ms
[2025-01-07T20:56:07.030+0000][88237.396s][info][gc,phases   ] GC(3486)   Post Evacuate Collection Set: 2.5ms
[2025-01-07T20:56:07.030+0000][88237.396s][info][gc,phases   ] GC(3486)   Other: 0.2ms
[2025-01-07T20:56:07.030+0000][88237.396s][info][gc,heap     ] GC(3486) Eden regions: 913->0(912)
[2025-01-07T20:56:07.030+0000][88237.396s][info][gc,heap     ] GC(3486) Survivor regions: 8->9(116)
[2025-01-07T20:56:07.030+0000][88237.396s][info][gc,heap     ] GC(3486) Old regions: 238->238
[2025-01-07T20:56:07.030+0000][88237.396s][info][gc,heap     ] GC(3486) Archive regions: 2->2
[2025-01-07T20:56:07.030+0000][88237.396s][info][gc,heap     ] GC(3486) Humongous regions: 49->49
[2025-01-07T20:56:07.030+0000][88237.396s][info][gc,metaspace] GC(3486) Metaspace: 498879K(507200K)->498879K(507200K) NonClass: 438292K(442560K)->438292K(442560K) Class: 60586K(64640K)->60586K(64640K)
[2025-01-07T20:56:07.030+0000][88237.397s][info][gc          ] GC(3486) Pause Young (Normal) (G1 Evacuation Pause) 9664M->2364M(12288M) 30.598ms
[2025-01-07T20:56:07.030+0000][88237.397s][info][gc,cpu      ] GC(3486) User=0.18s Sys=0.00s Real=0.04s
[2025-01-07T20:56:11.805+0000][88242.171s][info][gc,start    ] GC(3487) Pause Young (Concurrent Start) (G1 Evacuation Pause)
[2025-01-07T20:56:11.805+0000][88242.171s][info][gc,task     ] GC(3487) Using 6 workers of 6 for evacuation
[2025-01-07T20:56:11.838+0000][88242.204s][info][gc,phases   ] GC(3487)   Pre Evacuate Collection Set: 1.0ms
[2025-01-07T20:56:11.838+0000][88242.204s][info][gc,phases   ] GC(3487)   Merge Heap Roots: 0.5ms
[2025-01-07T20:56:11.838+0000][88242.204s][info][gc,phases   ] GC(3487)   Evacuate Collection Set: 28.5ms
[2025-01-07T20:56:11.838+0000][88242.204s][info][gc,phases   ] GC(3487)   Post Evacuate Collection Set: 2.4ms
[2025-01-07T20:56:11.838+0000][88242.204s][info][gc,phases   ] GC(3487)   Other: 0.3ms
[2025-01-07T20:56:11.838+0000][88242.204s][info][gc,heap     ] GC(3487) Eden regions: 912->0(911)
[2025-01-07T20:56:11.838+0000][88242.204s][info][gc,heap     ] GC(3487) Survivor regions: 9->10(116)
[2025-01-07T20:56:11.838+0000][88242.204s][info][gc,heap     ] GC(3487) Old regions: 238->238
[2025-01-07T20:56:11.838+0000][88242.204s][info][gc,heap     ] GC(3487) Archive regions: 2->2
[2025-01-07T20:56:11.838+0000][88242.204s][info][gc,heap     ] GC(3487) Humongous regions: 49->49
[2025-01-07T20:56:11.838+0000][88242.204s][info][gc,metaspace] GC(3487) Metaspace: 498879K(507200K)->498879K(507200K) NonClass: 438292K(442560K)->438292K(442560K) Class: 60586K(64640K)->60586K(64640K)
[2025-01-07T20:56:11.838+0000][88242.204s][info][gc          ] GC(3487) Pause Young (Concurrent Start) (G1 Evacuation Pause) 9660M->2373M(12288M) 32.740ms
[2025-01-07T20:56:11.838+0000][88242.204s][info][gc,cpu      ] GC(3487) User=0.18s Sys=0.01s Real=0.03s
[2025-01-07T20:56:11.838+0000][88242.204s][info][gc          ] GC(3488) Concurrent Mark Cycle
[2025-01-07T20:56:11.838+0000][88242.204s][info][gc,marking  ] GC(3488) Concurrent Clear Claimed Marks
[2025-01-07T20:56:11.839+0000][88242.205s][info][gc,marking  ] GC(3488) Concurrent Clear Claimed Marks 0.766ms
[2025-01-07T20:56:11.839+0000][88242.205s][info][gc,marking  ] GC(3488) Concurrent Scan Root Regions
[2025-01-07T20:56:11.859+0000][88242.225s][info][gc,marking  ] GC(3488) Concurrent Scan Root Regions 20.714ms
[2025-01-07T20:56:11.859+0000][88242.225s][info][gc,marking  ] GC(3488) Concurrent Mark
[2025-01-07T20:56:11.859+0000][88242.225s][info][gc,marking  ] GC(3488) Concurrent Mark From Roots
[2025-01-07T20:56:11.859+0000][88242.225s][info][gc,task     ] GC(3488) Using 2 workers of 2 for marking
[2025-01-07T20:56:12.805+0000][88243.171s][info][gc,marking  ] GC(3488) Concurrent Mark From Roots 945.807ms
[2025-01-07T20:56:12.805+0000][88243.171s][info][gc,marking  ] GC(3488) Concurrent Preclean
[2025-01-07T20:56:12.807+0000][88243.174s][info][gc,marking  ] GC(3488) Concurrent Preclean 2.326ms
[2025-01-07T20:56:12.808+0000][88243.174s][info][gc,start    ] GC(3488) Pause Remark
[2025-01-07T20:56:12.832+0000][88243.199s][info][gc          ] GC(3488) Pause Remark 3685M->3685M(12288M) 24.827ms
[2025-01-07T20:56:12.832+0000][88243.199s][info][gc,cpu      ] GC(3488) User=0.14s Sys=0.00s Real=0.03s
[2025-01-07T20:56:12.833+0000][88243.199s][info][gc,marking  ] GC(3488) Concurrent Mark 973.284ms
[2025-01-07T20:56:12.833+0000][88243.199s][info][gc,marking  ] GC(3488) Concurrent Rebuild Remembered Sets
[2025-01-07T20:56:13.301+0000][88243.667s][info][gc,marking  ] GC(3488) Concurrent Rebuild Remembered Sets 468.279ms
[2025-01-07T20:56:13.301+0000][88243.667s][info][gc,start    ] GC(3488) Pause Cleanup
[2025-01-07T20:56:13.301+0000][88243.668s][info][gc          ] GC(3488) Pause Cleanup 4273M->4273M(12288M) 0.422ms
[2025-01-07T20:56:13.302+0000][88243.668s][info][gc,cpu      ] GC(3488) User=0.00s Sys=0.00s Real=0.01s
[2025-01-07T20:56:13.302+0000][88243.668s][info][gc,marking  ] GC(3488) Concurrent Cleanup for Next Mark
[2025-01-07T20:56:13.317+0000][88243.683s][info][gc,marking  ] GC(3488) Concurrent Cleanup for Next Mark 15.346ms
[2025-01-07T20:56:13.317+0000][88243.683s][info][gc          ] GC(3488) Concurrent Mark Cycle 1479.242ms
[2025-01-07T20:56:16.469+0000][88246.835s][info][gc,start    ] GC(3489) Pause Young (Prepare Mixed) (G1 Evacuation Pause)
[2025-01-07T20:56:16.469+0000][88246.835s][info][gc,task     ] GC(3489) Using 6 workers of 6 for evacuation
[2025-01-07T20:56:16.503+0000][88246.869s][info][gc,phases   ] GC(3489)   Pre Evacuate Collection Set: 0.2ms
[2025-01-07T20:56:16.503+0000][88246.869s][info][gc,phases   ] GC(3489)   Merge Heap Roots: 0.7ms
[2025-01-07T20:56:16.503+0000][88246.869s][info][gc,phases   ] GC(3489)   Evacuate Collection Set: 30.0ms
[2025-01-07T20:56:16.503+0000][88246.869s][info][gc,phases   ] GC(3489)   Post Evacuate Collection Set: 2.5ms
[2025-01-07T20:56:16.503+0000][88246.869s][info][gc,phases   ] GC(3489)   Other: 0.2ms
[2025-01-07T20:56:16.503+0000][88246.869s][info][gc,heap     ] GC(3489) Eden regions: 911->0(66)
[2025-01-07T20:56:16.503+0000][88246.869s][info][gc,heap     ] GC(3489) Survivor regions: 10->10(116)
[2025-01-07T20:56:16.503+0000][88246.869s][info][gc,heap     ] GC(3489) Old regions: 238->238
[2025-01-07T20:56:16.503+0000][88246.869s][info][gc,heap     ] GC(3489) Archive regions: 2->2
[2025-01-07T20:56:16.503+0000][88246.869s][info][gc,heap     ] GC(3489) Humongous regions: 49->49
[2025-01-07T20:56:16.503+0000][88246.869s][info][gc,metaspace] GC(3489) Metaspace: 498879K(507200K)->498879K(507200K) NonClass: 438292K(442560K)->438292K(442560K) Class: 60586K(64640K)->60586K(64640K)
[2025-01-07T20:56:16.503+0000][88246.869s][info][gc          ] GC(3489) Pause Young (Prepare Mixed) (G1 Evacuation Pause) 9661M->2377M(12288M) 33.724ms
[2025-01-07T20:56:16.503+0000][88246.869s][info][gc,cpu      ] GC(3489) User=0.19s Sys=0.00s Real=0.04s
[2025-01-07T20:56:16.787+0000][88247.153s][info][gc,start    ] GC(3490) Pause Young (Mixed) (G1 Evacuation Pause)
[2025-01-07T20:56:16.787+0000][88247.153s][info][gc,task     ] GC(3490) Using 6 workers of 6 for evacuation
[2025-01-07T20:56:16.844+0000][88247.211s][info][gc,phases   ] GC(3490)   Pre Evacuate Collection Set: 0.2ms
[2025-01-07T20:56:16.845+0000][88247.211s][info][gc,phases   ] GC(3490)   Merge Heap Roots: 0.6ms
[2025-01-07T20:56:16.845+0000][88247.211s][info][gc,phases   ] GC(3490)   Evacuate Collection Set: 55.0ms
[2025-01-07T20:56:16.845+0000][88247.211s][info][gc,phases   ] GC(3490)   Post Evacuate Collection Set: 1.7ms
[2025-01-07T20:56:16.845+0000][88247.211s][info][gc,phases   ] GC(3490)   Other: 0.2ms
[2025-01-07T20:56:16.845+0000][88247.211s][info][gc,heap     ] GC(3490) Eden regions: 66->0(916)
[2025-01-07T20:56:16.845+0000][88247.211s][info][gc,heap     ] GC(3490) Survivor regions: 10->5(10)
[2025-01-07T20:56:16.845+0000][88247.211s][info][gc,heap     ] GC(3490) Old regions: 238->238
[2025-01-07T20:56:16.845+0000][88247.211s][info][gc,heap     ] GC(3490) Archive regions: 2->2
[2025-01-07T20:56:16.845+0000][88247.211s][info][gc,heap     ] GC(3490) Humongous regions: 49->49
[2025-01-07T20:56:16.845+0000][88247.211s][info][gc,metaspace] GC(3490) Metaspace: 498879K(507200K)->498879K(507200K) NonClass: 438292K(442560K)->438292K(442560K) Class: 60586K(64640K)->60586K(64640K)
[2025-01-07T20:56:16.845+0000][88247.211s][info][gc          ] GC(3490) Pause Young (Mixed) (G1 Evacuation Pause) 2905M->2337M(12288M) 57.729ms
[2025-01-07T20:56:16.845+0000][88247.211s][info][gc,cpu      ] GC(3490) User=0.33s Sys=0.00s Real=0.06s
[2025-01-07T20:56:20.287+0000][88250.653s][info][gc,start    ] GC(3491) Pause Young (Normal) (G1 Evacuation Pause)
[2025-01-07T20:56:20.287+0000][88250.653s][info][gc,task     ] GC(3491) Using 6 workers of 6 for evacuation
[2025-01-07T20:56:20.311+0000][88250.677s][info][gc,phases   ] GC(3491)   Pre Evacuate Collection Set: 0.2ms
[2025-01-07T20:56:20.311+0000][88250.677s][info][gc,phases   ] GC(3491)   Merge Heap Roots: 0.4ms
[2025-01-07T20:56:20.311+0000][88250.677s][info][gc,phases   ] GC(3491)   Evacuate Collection Set: 21.1ms
[2025-01-07T20:56:20.311+0000][88250.677s][info][gc,phases   ] GC(3491)   Post Evacuate Collection Set: 2.3ms
[2025-01-07T20:56:20.311+0000][88250.677s][info][gc,phases   ] GC(3491)   Other: 0.2ms
[2025-01-07T20:56:20.311+0000][88250.677s][info][gc,heap     ] GC(3491) Eden regions: 916->0(914)
[2025-01-07T20:56:20.311+0000][88250.677s][info][gc,heap     ] GC(3491) Survivor regions: 5->7(116)
[2025-01-07T20:56:20.311+0000][88250.677s][info][gc,heap     ] GC(3491) Old regions: 238->238
[2025-01-07T20:56:20.311+0000][88250.677s][info][gc,heap     ] GC(3491) Archive regions: 2->2
[2025-01-07T20:56:20.311+0000][88250.677s][info][gc,heap     ] GC(3491) Humongous regions: 49->49
[2025-01-07T20:56:20.311+0000][88250.677s][info][gc,metaspace] GC(3491) Metaspace: 498879K(507200K)->498879K(507200K) NonClass: 438292K(442560K)->438292K(442560K) Class: 60586K(64640K)->60586K(64640K)
[2025-01-07T20:56:20.311+0000][88250.677s][info][gc          ] GC(3491) Pause Young (Normal) (G1 Evacuation Pause) 9665M->2347M(12288M) 24.297ms
[2025-01-07T20:56:20.311+0000][88250.678s][info][gc,cpu      ] GC(3491) User=0.14s Sys=0.00s Real=0.03s
[2025-01-07T20:56:24.015+0000][88254.381s][info][gc,start    ] GC(3492) Pause Young (Normal) (G1 Evacuation Pause)
[2025-01-07T20:56:24.015+0000][88254.381s][info][gc,task     ] GC(3492) Using 6 workers of 6 for evacuation
[2025-01-07T20:56:24.038+0000][88254.404s][info][gc,phases   ] GC(3492)   Pre Evacuate Collection Set: 0.2ms
[2025-01-07T20:56:24.038+0000][88254.404s][info][gc,phases   ] GC(3492)   Merge Heap Roots: 0.4ms
[2025-01-07T20:56:24.038+0000][88254.404s][info][gc,phases   ] GC(3492)   Evacuate Collection Set: 19.7ms
[2025-01-07T20:56:24.038+0000][88254.404s][info][gc,phases   ] GC(3492)   Post Evacuate Collection Set: 2.4ms
[2025-01-07T20:56:24.038+0000][88254.404s][info][gc,phases   ] GC(3492)   Other: 0.2ms
[2025-01-07T20:56:24.038+0000][88254.404s][info][gc,heap     ] GC(3492) Eden regions: 914->0(914)
[2025-01-07T20:56:24.038+0000][88254.404s][info][gc,heap     ] GC(3492) Survivor regions: 7->7(116)
[2025-01-07T20:56:24.038+0000][88254.404s][info][gc,heap     ] GC(3492) Old regions: 238->238
[2025-01-07T20:56:24.038+0000][88254.404s][info][gc,heap     ] GC(3492) Archive regions: 2->2
[2025-01-07T20:56:24.038+0000][88254.404s][info][gc,heap     ] GC(3492) Humongous regions: 49->49
[2025-01-07T20:56:24.038+0000][88254.404s][info][gc,metaspace] GC(3492) Metaspace: 498879K(507200K)->498879K(507200K) NonClass: 438292K(442560K)->438292K(442560K) Class: 60586K(64640K)->60586K(64640K)
[2025-01-07T20:56:24.038+0000][88254.404s][info][gc          ] GC(3492) Pause Young (Normal) (G1 Evacuation Pause) 9659M->2349M(12288M) 23.060ms
[2025-01-07T20:56:24.038+0000][88254.404s][info][gc,cpu      ] GC(3492) User=0.13s Sys=0.00s Real=0.02s
[2025-01-07T20:56:28.890+0000][88259.256s][info][gc,start    ] GC(3493) Pause Young (Concurrent Start) (G1 Evacuation Pause)
[2025-01-07T20:56:28.890+0000][88259.256s][info][gc,task     ] GC(3493) Using 6 workers of 6 for evacuation
[2025-01-07T20:56:28.917+0000][88259.283s][info][gc,phases   ] GC(3493)   Pre Evacuate Collection Set: 1.0ms
[2025-01-07T20:56:28.917+0000][88259.283s][info][gc,phases   ] GC(3493)   Merge Heap Roots: 0.4ms
[2025-01-07T20:56:28.917+0000][88259.283s][info][gc,phases   ] GC(3493)   Evacuate Collection Set: 22.7ms
[2025-01-07T20:56:28.917+0000][88259.283s][info][gc,phases   ] GC(3493)   Post Evacuate Collection Set: 2.4ms
[2025-01-07T20:56:28.917+0000][88259.283s][info][gc,phases   ] GC(3493)   Other: 0.3ms
[2025-01-07T20:56:28.917+0000][88259.283s][info][gc,heap     ] GC(3493) Eden regions: 914->0(913)
[2025-01-07T20:56:28.917+0000][88259.283s][info][gc,heap     ] GC(3493) Survivor regions: 7->8(116)
[2025-01-07T20:56:28.917+0000][88259.283s][info][gc,heap     ] GC(3493) Old regions: 238->238
[2025-01-07T20:56:28.917+0000][88259.283s][info][gc,heap     ] GC(3493) Archive regions: 2->2
[2025-01-07T20:56:28.917+0000][88259.283s][info][gc,heap     ] GC(3493) Humongous regions: 49->49
[2025-01-07T20:56:28.917+0000][88259.283s][info][gc,metaspace] GC(3493) Metaspace: 498879K(507200K)->498879K(507200K) NonClass: 438292K(442560K)->438292K(442560K) Class: 60586K(64640K)->60586K(64640K)
[2025-01-07T20:56:28.917+0000][88259.283s][info][gc          ] GC(3493) Pause Young (Concurrent Start) (G1 Evacuation Pause) 9661M->2354M(12288M) 26.829ms
[2025-01-07T20:56:28.917+0000][88259.283s][info][gc,cpu      ] GC(3493) User=0.15s Sys=0.00s Real=0.02s
[2025-01-07T20:56:28.917+0000][88259.283s][info][gc          ] GC(3494) Concurrent Mark Cycle
[2025-01-07T20:56:28.917+0000][88259.283s][info][gc,marking  ] GC(3494) Concurrent Clear Claimed Marks
[2025-01-07T20:56:28.918+0000][88259.284s][info][gc,marking  ] GC(3494) Concurrent Clear Claimed Marks 0.811ms
[2025-01-07T20:56:28.918+0000][88259.284s][info][gc,marking  ] GC(3494) Concurrent Scan Root Regions
[2025-01-07T20:56:28.936+0000][88259.302s][info][gc,marking  ] GC(3494) Concurrent Scan Root Regions 18.160ms
[2025-01-07T20:56:28.936+0000][88259.302s][info][gc,marking  ] GC(3494) Concurrent Mark
[2025-01-07T20:56:28.936+0000][88259.302s][info][gc,marking  ] GC(3494) Concurrent Mark From Roots
[2025-01-07T20:56:28.936+0000][88259.302s][info][gc,task     ] GC(3494) Using 2 workers of 2 for marking
[2025-01-07T20:56:29.792+0000][88260.158s][info][gc,marking  ] GC(3494) Concurrent Mark From Roots 856.047ms
[2025-01-07T20:56:29.792+0000][88260.158s][info][gc,marking  ] GC(3494) Concurrent Preclean
[2025-01-07T20:56:29.794+0000][88260.160s][info][gc,marking  ] GC(3494) Concurrent Preclean 1.740ms
[2025-01-07T20:56:29.794+0000][88260.160s][info][gc,start    ] GC(3494) Pause Remark
[2025-01-07T20:56:29.819+0000][88260.185s][info][gc          ] GC(3494) Pause Remark 3042M->3042M(12288M) 25.129ms
[2025-01-07T20:56:29.819+0000][88260.185s][info][gc,cpu      ] GC(3494) User=0.14s Sys=0.00s Real=0.02s
[2025-01-07T20:56:29.819+0000][88260.186s][info][gc,marking  ] GC(3494) Concurrent Mark 883.236ms
[2025-01-07T20:56:29.819+0000][88260.186s][info][gc,marking  ] GC(3494) Concurrent Rebuild Remembered Sets
[2025-01-07T20:56:30.305+0000][88260.671s][info][gc,marking  ] GC(3494) Concurrent Rebuild Remembered Sets 485.871ms
[2025-01-07T20:56:30.305+0000][88260.672s][info][gc,start    ] GC(3494) Pause Cleanup
[2025-01-07T20:56:30.306+0000][88260.672s][info][gc          ] GC(3494) Pause Cleanup 3138M->3138M(12288M) 0.405ms
[2025-01-07T20:56:30.306+0000][88260.672s][info][gc,cpu      ] GC(3494) User=0.00s Sys=0.01s Real=0.00s
[2025-01-07T20:56:30.306+0000][88260.672s][info][gc,marking  ] GC(3494) Concurrent Cleanup for Next Mark
[2025-01-07T20:56:30.322+0000][88260.688s][info][gc,marking  ] GC(3494) Concurrent Cleanup for Next Mark 16.040ms
[2025-01-07T20:56:30.322+0000][88260.688s][info][gc          ] GC(3494) Concurrent Mark Cycle 1404.929ms
[2025-01-07T20:56:38.785+0000][88269.151s][info][gc,start    ] GC(3495) Pause Young (Prepare Mixed) (G1 Evacuation Pause)
[2025-01-07T20:56:38.785+0000][88269.152s][info][gc,task     ] GC(3495) Using 6 workers of 6 for evacuation
[2025-01-07T20:56:38.819+0000][88269.185s][info][gc,phases   ] GC(3495)   Pre Evacuate Collection Set: 0.2ms
[2025-01-07T20:56:38.819+0000][88269.185s][info][gc,phases   ] GC(3495)   Merge Heap Roots: 0.6ms
[2025-01-07T20:56:38.819+0000][88269.185s][info][gc,phases   ] GC(3495)   Evacuate Collection Set: 28.1ms
[2025-01-07T20:56:38.819+0000][88269.185s][info][gc,phases   ] GC(3495)   Post Evacuate Collection Set: 4.0ms
[2025-01-07T20:56:38.819+0000][88269.185s][info][gc,phases   ] GC(3495)   Other: 0.2ms
[2025-01-07T20:56:38.819+0000][88269.185s][info][gc,heap     ] GC(3495) Eden regions: 913->0(66)
[2025-01-07T20:56:38.819+0000][88269.185s][info][gc,heap     ] GC(3495) Survivor regions: 8->10(116)
[2025-01-07T20:56:38.819+0000][88269.185s][info][gc,heap     ] GC(3495) Old regions: 238->238
[2025-01-07T20:56:38.819+0000][88269.185s][info][gc,heap     ] GC(3495) Archive regions: 2->2
[2025-01-07T20:56:38.819+0000][88269.185s][info][gc,heap     ] GC(3495) Humongous regions: 49->49
[2025-01-07T20:56:38.819+0000][88269.185s][info][gc,metaspace] GC(3495) Metaspace: 498879K(507200K)->498879K(507200K) NonClass: 438292K(442560K)->438292K(442560K) Class: 60586K(64640K)->60586K(64640K)
[2025-01-07T20:56:38.819+0000][88269.185s][info][gc          ] GC(3495) Pause Young (Prepare Mixed) (G1 Evacuation Pause) 9658M->2372M(12288M) 33.291ms
[2025-01-07T20:56:38.819+0000][88269.185s][info][gc,cpu      ] GC(3495) User=0.18s Sys=0.01s Real=0.03s
[2025-01-07T20:56:39.287+0000][88269.653s][info][gc,start    ] GC(3496) Pause Young (Mixed) (G1 Evacuation Pause)
[2025-01-07T20:56:39.287+0000][88269.653s][info][gc,task     ] GC(3496) Using 6 workers of 6 for evacuation
[2025-01-07T20:56:39.346+0000][88269.712s][info][gc,phases   ] GC(3496)   Pre Evacuate Collection Set: 0.2ms
[2025-01-07T20:56:39.346+0000][88269.712s][info][gc,phases   ] GC(3496)   Merge Heap Roots: 0.6ms
[2025-01-07T20:56:39.346+0000][88269.712s][info][gc,phases   ] GC(3496)   Evacuate Collection Set: 56.3ms
[2025-01-07T20:56:39.346+0000][88269.712s][info][gc,phases   ] GC(3496)   Post Evacuate Collection Set: 1.9ms
[2025-01-07T20:56:39.346+0000][88269.712s][info][gc,phases   ] GC(3496)   Other: 0.2ms
[2025-01-07T20:56:39.346+0000][88269.712s][info][gc,heap     ] GC(3496) Eden regions: 66->0(916)
[2025-01-07T20:56:39.346+0000][88269.712s][info][gc,heap     ] GC(3496) Survivor regions: 10->5(10)
[2025-01-07T20:56:39.346+0000][88269.712s][info][gc,heap     ] GC(3496) Old regions: 238->239
[2025-01-07T20:56:39.346+0000][88269.712s][info][gc,heap     ] GC(3496) Archive regions: 2->2
[2025-01-07T20:56:39.346+0000][88269.712s][info][gc,heap     ] GC(3496) Humongous regions: 49->49
[2025-01-07T20:56:39.346+0000][88269.712s][info][gc,metaspace] GC(3496) Metaspace: 498879K(507200K)->498879K(507200K) NonClass: 438292K(442560K)->438292K(442560K) Class: 60586K(64640K)->60586K(64640K)
[2025-01-07T20:56:39.346+0000][88269.712s][info][gc          ] GC(3496) Pause Young (Mixed) (G1 Evacuation Pause) 2900M->2344M(12288M) 59.179ms
[2025-01-07T20:56:39.346+0000][88269.712s][info][gc,cpu      ] GC(3496) User=0.32s Sys=0.00s Real=0.06s
[2025-01-07T20:56:44.542+0000][88274.909s][info][gc,start    ] GC(3497) Pause Young (Normal) (G1 Evacuation Pause)
[2025-01-07T20:56:44.542+0000][88274.909s][info][gc,task     ] GC(3497) Using 6 workers of 6 for evacuation
[2025-01-07T20:56:44.565+0000][88274.931s][info][gc,phases   ] GC(3497)   Pre Evacuate Collection Set: 0.2ms
[2025-01-07T20:56:44.565+0000][88274.931s][info][gc,phases   ] GC(3497)   Merge Heap Roots: 0.4ms
[2025-01-07T20:56:44.565+0000][88274.931s][info][gc,phases   ] GC(3497)   Evacuate Collection Set: 17.8ms
[2025-01-07T20:56:44.565+0000][88274.931s][info][gc,phases   ] GC(3497)   Post Evacuate Collection Set: 3.8ms
[2025-01-07T20:56:44.565+0000][88274.931s][info][gc,phases   ] GC(3497)   Other: 0.2ms
[2025-01-07T20:56:44.565+0000][88274.931s][info][gc,heap     ] GC(3497) Eden regions: 916->0(915)
[2025-01-07T20:56:44.565+0000][88274.931s][info][gc,heap     ] GC(3497) Survivor regions: 5->6(116)
[2025-01-07T20:56:44.565+0000][88274.931s][info][gc,heap     ] GC(3497) Old regions: 239->239
[2025-01-07T20:56:44.565+0000][88274.931s][info][gc,heap     ] GC(3497) Archive regions: 2->2
[2025-01-07T20:56:44.565+0000][88274.931s][info][gc,heap     ] GC(3497) Humongous regions: 49->49
[2025-01-07T20:56:44.565+0000][88274.931s][info][gc,metaspace] GC(3497) Metaspace: 498879K(507200K)->498879K(507200K) NonClass: 438292K(442560K)->438292K(442560K) Class: 60586K(64640K)->60586K(64640K)
[2025-01-07T20:56:44.565+0000][88274.931s][info][gc          ] GC(3497) Pause Young (Normal) (G1 Evacuation Pause) 9672M->2351M(12288M) 22.508ms
[2025-01-07T20:56:44.565+0000][88274.931s][info][gc,cpu      ] GC(3497) User=0.13s Sys=0.00s Real=0.02s
[2025-01-07T20:56:53.804+0000][88284.170s][info][gc,start    ] GC(3498) Pause Young (Normal) (G1 Evacuation Pause)
[2025-01-07T20:56:53.804+0000][88284.170s][info][gc,task     ] GC(3498) Using 6 workers of 6 for evacuation
[2025-01-07T20:56:53.831+0000][88284.197s][info][gc,phases   ] GC(3498)   Pre Evacuate Collection Set: 0.2ms
[2025-01-07T20:56:53.831+0000][88284.197s][info][gc,phases   ] GC(3498)   Merge Heap Roots: 0.4ms
[2025-01-07T20:56:53.831+0000][88284.197s][info][gc,phases   ] GC(3498)   Evacuate Collection Set: 22.3ms
[2025-01-07T20:56:53.831+0000][88284.197s][info][gc,phases   ] GC(3498)   Post Evacuate Collection Set: 3.9ms
[2025-01-07T20:56:53.831+0000][88284.197s][info][gc,phases   ] GC(3498)   Other: 0.2ms
[2025-01-07T20:56:53.831+0000][88284.197s][info][gc,heap     ] GC(3498) Eden regions: 915->0(914)
[2025-01-07T20:56:53.831+0000][88284.197s][info][gc,heap     ] GC(3498) Survivor regions: 6->7(116)
[2025-01-07T20:56:53.831+0000][88284.197s][info][gc,heap     ] GC(3498) Old regions: 239->239
[2025-01-07T20:56:53.831+0000][88284.197s][info][gc,heap     ] GC(3498) Archive regions: 2->2
[2025-01-07T20:56:53.831+0000][88284.197s][info][gc,heap     ] GC(3498) Humongous regions: 49->49
[2025-01-07T20:56:53.831+0000][88284.197s][info][gc,metaspace] GC(3498) Metaspace: 498879K(507200K)->498879K(507200K) NonClass: 438292K(442560K)->438292K(442560K) Class: 60586K(64640K)->60586K(64640K)
[2025-01-07T20:56:53.831+0000][88284.197s][info][gc          ] GC(3498) Pause Young (Normal) (G1 Evacuation Pause) 9671M->2360M(12288M) 27.095ms
[2025-01-07T20:56:53.831+0000][88284.197s][info][gc,cpu      ] GC(3498) User=0.15s Sys=0.00s Real=0.03s
[2025-01-07T20:57:07.818+0000][88298.185s][info][gc,start    ] GC(3499) Pause Young (Concurrent Start) (G1 Evacuation Pause)
[2025-01-07T20:57:07.818+0000][88298.185s][info][gc,task     ] GC(3499) Using 6 workers of 6 for evacuation
[2025-01-07T20:57:07.852+0000][88298.218s][info][gc,phases   ] GC(3499)   Pre Evacuate Collection Set: 1.0ms
[2025-01-07T20:57:07.852+0000][88298.218s][info][gc,phases   ] GC(3499)   Merge Heap Roots: 0.5ms
[2025-01-07T20:57:07.852+0000][88298.218s][info][gc,phases   ] GC(3499)   Evacuate Collection Set: 28.5ms
[2025-01-07T20:57:07.852+0000][88298.218s][info][gc,phases   ] GC(3499)   Post Evacuate Collection Set: 2.9ms
[2025-01-07T20:57:07.852+0000][88298.218s][info][gc,phases   ] GC(3499)   Other: 0.3ms
[2025-01-07T20:57:07.852+0000][88298.218s][info][gc,heap     ] GC(3499) Eden regions: 914->0(912)
[2025-01-07T20:57:07.852+0000][88298.218s][info][gc,heap     ] GC(3499) Survivor regions: 7->9(116)
[2025-01-07T20:57:07.852+0000][88298.218s][info][gc,heap     ] GC(3499) Old regions: 239->239
[2025-01-07T20:57:07.852+0000][88298.218s][info][gc,heap     ] GC(3499) Archive regions: 2->2
[2025-01-07T20:57:07.852+0000][88298.218s][info][gc,heap     ] GC(3499) Humongous regions: 49->49
[2025-01-07T20:57:07.852+0000][88298.218s][info][gc,metaspace] GC(3499) Metaspace: 498879K(507200K)->498879K(507200K) NonClass: 438292K(442560K)->438292K(442560K) Class: 60586K(64640K)->60586K(64640K)
[2025-01-07T20:57:07.852+0000][88298.218s][info][gc          ] GC(3499) Pause Young (Concurrent Start) (G1 Evacuation Pause) 9672M->2371M(12288M) 33.317ms
[2025-01-07T20:57:07.852+0000][88298.218s][info][gc,cpu      ] GC(3499) User=0.19s Sys=0.00s Real=0.04s
[2025-01-07T20:57:07.852+0000][88298.218s][info][gc          ] GC(3500) Concurrent Mark Cycle
[2025-01-07T20:57:07.852+0000][88298.218s][info][gc,marking  ] GC(3500) Concurrent Clear Claimed Marks
[2025-01-07T20:57:07.853+0000][88298.219s][info][gc,marking  ] GC(3500) Concurrent Clear Claimed Marks 0.788ms
[2025-01-07T20:57:07.853+0000][88298.219s][info][gc,marking  ] GC(3500) Concurrent Scan Root Regions
[2025-01-07T20:57:07.872+0000][88298.238s][info][gc,marking  ] GC(3500) Concurrent Scan Root Regions 19.100ms
[2025-01-07T20:57:07.872+0000][88298.238s][info][gc,marking  ] GC(3500) Concurrent Mark
[2025-01-07T20:57:07.872+0000][88298.238s][info][gc,marking  ] GC(3500) Concurrent Mark From Roots
[2025-01-07T20:57:07.872+0000][88298.238s][info][gc,task     ] GC(3500) Using 2 workers of 2 for marking
[2025-01-07T20:57:08.685+0000][88299.051s][info][gc,marking  ] GC(3500) Concurrent Mark From Roots 812.709ms
[2025-01-07T20:57:08.685+0000][88299.051s][info][gc,marking  ] GC(3500) Concurrent Preclean
[2025-01-07T20:57:08.687+0000][88299.053s][info][gc,marking  ] GC(3500) Concurrent Preclean 2.447ms
[2025-01-07T20:57:08.687+0000][88299.053s][info][gc,start    ] GC(3500) Pause Remark
[2025-01-07T20:57:08.713+0000][88299.079s][info][gc          ] GC(3500) Pause Remark 3171M->3171M(12288M) 25.473ms
[2025-01-07T20:57:08.713+0000][88299.079s][info][gc,cpu      ] GC(3500) User=0.15s Sys=0.00s Real=0.03s
[2025-01-07T20:57:08.713+0000][88299.079s][info][gc,marking  ] GC(3500) Concurrent Mark 841.050ms
[2025-01-07T20:57:08.713+0000][88299.079s][info][gc,marking  ] GC(3500) Concurrent Rebuild Remembered Sets
[2025-01-07T20:57:09.211+0000][88299.577s][info][gc,marking  ] GC(3500) Concurrent Rebuild Remembered Sets 497.709ms
[2025-01-07T20:57:09.211+0000][88299.577s][info][gc,start    ] GC(3500) Pause Cleanup
[2025-01-07T20:57:09.211+0000][88299.577s][info][gc          ] GC(3500) Pause Cleanup 3547M->3547M(12288M) 0.470ms
[2025-01-07T20:57:09.211+0000][88299.577s][info][gc,cpu      ] GC(3500) User=0.00s Sys=0.00s Real=0.00s
[2025-01-07T20:57:09.211+0000][88299.577s][info][gc,marking  ] GC(3500) Concurrent Cleanup for Next Mark
[2025-01-07T20:57:09.227+0000][88299.593s][info][gc,marking  ] GC(3500) Concurrent Cleanup for Next Mark 15.650ms
[2025-01-07T20:57:09.227+0000][88299.593s][info][gc          ] GC(3500) Concurrent Mark Cycle 1375.178ms
[2025-01-07T20:57:15.250+0000][88305.616s][info][gc,start    ] GC(3501) Pause Young (Prepare Mixed) (G1 Evacuation Pause)
[2025-01-07T20:57:15.250+0000][88305.616s][info][gc,task     ] GC(3501) Using 6 workers of 6 for evacuation
[2025-01-07T20:57:15.286+0000][88305.652s][info][gc,phases   ] GC(3501)   Pre Evacuate Collection Set: 0.2ms
[2025-01-07T20:57:15.286+0000][88305.652s][info][gc,phases   ] GC(3501)   Merge Heap Roots: 0.7ms
[2025-01-07T20:57:15.286+0000][88305.652s][info][gc,phases   ] GC(3501)   Evacuate Collection Set: 31.8ms
[2025-01-07T20:57:15.286+0000][88305.652s][info][gc,phases   ] GC(3501)   Post Evacuate Collection Set: 2.7ms
[2025-01-07T20:57:15.286+0000][88305.652s][info][gc,phases   ] GC(3501)   Other: 0.2ms
[2025-01-07T20:57:15.286+0000][88305.652s][info][gc,heap     ] GC(3501) Eden regions: 912->0(66)
[2025-01-07T20:57:15.286+0000][88305.652s][info][gc,heap     ] GC(3501) Survivor regions: 9->10(116)
[2025-01-07T20:57:15.286+0000][88305.652s][info][gc,heap     ] GC(3501) Old regions: 239->239
[2025-01-07T20:57:15.286+0000][88305.652s][info][gc,heap     ] GC(3501) Archive regions: 2->2
[2025-01-07T20:57:15.286+0000][88305.652s][info][gc,heap     ] GC(3501) Humongous regions: 49->49
[2025-01-07T20:57:15.286+0000][88305.652s][info][gc,metaspace] GC(3501) Metaspace: 498879K(507200K)->498879K(507200K) NonClass: 438292K(442560K)->438292K(442560K) Class: 60586K(64640K)->60586K(64640K)
[2025-01-07T20:57:15.286+0000][88305.652s][info][gc          ] GC(3501) Pause Young (Prepare Mixed) (G1 Evacuation Pause) 9667M->2384M(12288M) 35.645ms
