[2024-05-30T13:54:58.179+0000][12037.599s][info][gc,phases   ] GC(2444)   Other: 0.2ms
[2024-05-30T13:54:58.179+0000][12037.599s][info][gc,heap     ] GC(2444) Eden regions: 64->0(735)
[2024-05-30T13:54:58.179+0000][12037.599s][info][gc,heap     ] GC(2444) Survivor regions: 12->4(10)
[2024-05-30T13:54:58.179+0000][12037.599s][info][gc,heap     ] GC(2444) Old regions: 468->471
[2024-05-30T13:54:58.179+0000][12037.599s][info][gc,heap     ] GC(2444) Archive regions: 2->2
[2024-05-30T13:54:58.179+0000][12037.599s][info][gc,heap     ] GC(2444) Humongous regions: 5->5
[2024-05-30T13:54:58.179+0000][12037.599s][info][gc,metaspace] GC(2444) Metaspace: 433841K(440064K)->433841K(440064K) NonClass: 379837K(383232K)->379837K(383232K) Class: 54004K(56832K)->54004K(56832K)
[2024-05-30T13:54:58.179+0000][12037.599s][info][gc          ] GC(2444) Pause Young (Mixed) (G1 Evacuation Pause) 4393M->3837M(12288M) 64.352ms
[2024-05-30T13:54:58.179+0000][12037.599s][info][gc,cpu      ] GC(2444) User=0.38s Sys=0.00s Real=0.07s
[2024-05-30T13:55:03.086+0000][12042.505s][info][gc,start    ] GC(2445) Pause Young (Normal) (G1 Evacuation Pause)
[2024-05-30T13:55:03.086+0000][12042.505s][info][gc,task     ] GC(2445) Using 6 workers of 6 for evacuation
[2024-05-30T13:55:03.098+0000][12042.517s][info][gc,phases   ] GC(2445)   Pre Evacuate Collection Set: 0.2ms
[2024-05-30T13:55:03.098+0000][12042.517s][info][gc,phases   ] GC(2445)   Merge Heap Roots: 0.2ms
[2024-05-30T13:55:03.098+0000][12042.517s][info][gc,phases   ] GC(2445)   Evacuate Collection Set: 9.1ms
[2024-05-30T13:55:03.098+0000][12042.517s][info][gc,phases   ] GC(2445)   Post Evacuate Collection Set: 1.8ms
[2024-05-30T13:55:03.098+0000][12042.517s][info][gc,phases   ] GC(2445)   Other: 0.2ms
[2024-05-30T13:55:03.098+0000][12042.517s][info][gc,heap     ] GC(2445) Eden regions: 735->0(734)
[2024-05-30T13:55:03.098+0000][12042.517s][info][gc,heap     ] GC(2445) Survivor regions: 4->5(93)
[2024-05-30T13:55:03.098+0000][12042.517s][info][gc,heap     ] GC(2445) Old regions: 471->471
[2024-05-30T13:55:03.098+0000][12042.517s][info][gc,heap     ] GC(2445) Archive regions: 2->2
[2024-05-30T13:55:03.098+0000][12042.517s][info][gc,heap     ] GC(2445) Humongous regions: 5->5
[2024-05-30T13:55:03.098+0000][12042.517s][info][gc,metaspace] GC(2445) Metaspace: 433847K(440064K)->433847K(440064K) NonClass: 379842K(383232K)->379842K(383232K) Class: 54004K(56832K)->54004K(56832K)
[2024-05-30T13:55:03.098+0000][12042.517s][info][gc          ] GC(2445) Pause Young (Normal) (G1 Evacuation Pause) 9717M->3846M(12288M) 11.511ms
[2024-05-30T13:55:03.098+0000][12042.517s][info][gc,cpu      ] GC(2445) User=0.07s Sys=0.00s Real=0.02s
[2024-05-30T13:55:07.994+0000][12047.413s][info][gc,start    ] GC(2446) Pause Young (Normal) (G1 Evacuation Pause)
[2024-05-30T13:55:07.994+0000][12047.413s][info][gc,task     ] GC(2446) Using 6 workers of 6 for evacuation
[2024-05-30T13:55:08.007+0000][12047.426s][info][gc,phases   ] GC(2446)   Pre Evacuate Collection Set: 0.2ms
[2024-05-30T13:55:08.007+0000][12047.426s][info][gc,phases   ] GC(2446)   Merge Heap Roots: 0.2ms
[2024-05-30T13:55:08.007+0000][12047.426s][info][gc,phases   ] GC(2446)   Evacuate Collection Set: 11.2ms
[2024-05-30T13:55:08.007+0000][12047.426s][info][gc,phases   ] GC(2446)   Post Evacuate Collection Set: 1.7ms
[2024-05-30T13:55:08.007+0000][12047.426s][info][gc,phases   ] GC(2446)   Other: 0.2ms
[2024-05-30T13:55:08.007+0000][12047.426s][info][gc,heap     ] GC(2446) Eden regions: 734->0(733)
[2024-05-30T13:55:08.007+0000][12047.426s][info][gc,heap     ] GC(2446) Survivor regions: 5->6(93)
[2024-05-30T13:55:08.007+0000][12047.426s][info][gc,heap     ] GC(2446) Old regions: 471->471
[2024-05-30T13:55:08.007+0000][12047.426s][info][gc,heap     ] GC(2446) Archive regions: 2->2
[2024-05-30T13:55:08.007+0000][12047.426s][info][gc,heap     ] GC(2446) Humongous regions: 5->5
[2024-05-30T13:55:08.007+0000][12047.427s][info][gc,metaspace] GC(2446) Metaspace: 433847K(440064K)->433847K(440064K) NonClass: 379842K(383232K)->379842K(383232K) Class: 54004K(56832K)->54004K(56832K)
[2024-05-30T13:55:08.007+0000][12047.427s][info][gc          ] GC(2446) Pause Young (Normal) (G1 Evacuation Pause) 9718M->3852M(12288M) 13.516ms
[2024-05-30T13:55:08.007+0000][12047.427s][info][gc,cpu      ] GC(2446) User=0.08s Sys=0.00s Real=0.01s
[2024-05-30T13:55:12.878+0000][12052.298s][info][gc,start    ] GC(2447) Pause Young (Concurrent Start) (G1 Evacuation Pause)
[2024-05-30T13:55:12.878+0000][12052.298s][info][gc,task     ] GC(2447) Using 6 workers of 6 for evacuation
[2024-05-30T13:55:12.895+0000][12052.314s][info][gc,phases   ] GC(2447)   Pre Evacuate Collection Set: 0.6ms
[2024-05-30T13:55:12.895+0000][12052.314s][info][gc,phases   ] GC(2447)   Merge Heap Roots: 0.2ms
[2024-05-30T13:55:12.895+0000][12052.314s][info][gc,phases   ] GC(2447)   Evacuate Collection Set: 14.0ms
[2024-05-30T13:55:12.895+0000][12052.314s][info][gc,phases   ] GC(2447)   Post Evacuate Collection Set: 1.7ms
[2024-05-30T13:55:12.895+0000][12052.314s][info][gc,phases   ] GC(2447)   Other: 0.3ms
[2024-05-30T13:55:12.895+0000][12052.314s][info][gc,heap     ] GC(2447) Eden regions: 733->0(731)
[2024-05-30T13:55:12.895+0000][12052.314s][info][gc,heap     ] GC(2447) Survivor regions: 6->8(93)
[2024-05-30T13:55:12.895+0000][12052.314s][info][gc,heap     ] GC(2447) Old regions: 471->471
[2024-05-30T13:55:12.895+0000][12052.314s][info][gc,heap     ] GC(2447) Archive regions: 2->2
[2024-05-30T13:55:12.895+0000][12052.314s][info][gc,heap     ] GC(2447) Humongous regions: 5->5
[2024-05-30T13:55:12.895+0000][12052.314s][info][gc,metaspace] GC(2447) Metaspace: 433847K(440064K)->433847K(440064K) NonClass: 379842K(383232K)->379842K(383232K) Class: 54004K(56832K)->54004K(56832K)
[2024-05-30T13:55:12.895+0000][12052.315s][info][gc          ] GC(2447) Pause Young (Concurrent Start) (G1 Evacuation Pause) 9716M->3865M(12288M) 16.855ms
[2024-05-30T13:55:12.895+0000][12052.315s][info][gc,cpu      ] GC(2447) User=0.09s Sys=0.00s Real=0.01s
[2024-05-30T13:55:12.895+0000][12052.315s][info][gc          ] GC(2448) Concurrent Mark Cycle
[2024-05-30T13:55:12.895+0000][12052.315s][info][gc,marking  ] GC(2448) Concurrent Clear Claimed Marks
[2024-05-30T13:55:12.896+0000][12052.315s][info][gc,marking  ] GC(2448) Concurrent Clear Claimed Marks 0.380ms
[2024-05-30T13:55:12.896+0000][12052.315s][info][gc,marking  ] GC(2448) Concurrent Scan Root Regions
[2024-05-30T13:55:12.911+0000][12052.330s][info][gc,marking  ] GC(2448) Concurrent Scan Root Regions 14.777ms
[2024-05-30T13:55:12.911+0000][12052.330s][info][gc,marking  ] GC(2448) Concurrent Mark
[2024-05-30T13:55:12.911+0000][12052.330s][info][gc,marking  ] GC(2448) Concurrent Mark From Roots
[2024-05-30T13:55:12.911+0000][12052.330s][info][gc,task     ] GC(2448) Using 2 workers of 2 for marking
[2024-05-30T13:55:16.679+0000][12056.098s][info][gc,marking  ] GC(2448) Concurrent Mark From Roots 3768.019ms
[2024-05-30T13:55:16.679+0000][12056.098s][info][gc,marking  ] GC(2448) Concurrent Preclean
[2024-05-30T13:55:16.680+0000][12056.099s][info][gc,marking  ] GC(2448) Concurrent Preclean 1.333ms
[2024-05-30T13:55:16.680+0000][12056.099s][info][gc,start    ] GC(2448) Pause Remark
[2024-05-30T13:55:16.705+0000][12056.124s][info][gc          ] GC(2448) Pause Remark 7781M->7781M(12288M) 24.381ms
[2024-05-30T13:55:16.705+0000][12056.124s][info][gc,cpu      ] GC(2448) User=0.11s Sys=0.00s Real=0.02s
[2024-05-30T13:55:16.705+0000][12056.124s][info][gc,marking  ] GC(2448) Concurrent Mark 3794.176ms
[2024-05-30T13:55:16.705+0000][12056.124s][info][gc,marking  ] GC(2448) Concurrent Rebuild Remembered Sets
[2024-05-30T13:55:18.484+0000][12057.904s][info][gc,start    ] GC(2449) Pause Young (Normal) (G1 Evacuation Pause)
[2024-05-30T13:55:18.485+0000][12057.904s][info][gc,task     ] GC(2449) Using 6 workers of 6 for evacuation
[2024-05-30T13:55:18.504+0000][12057.923s][info][gc,phases   ] GC(2449)   Pre Evacuate Collection Set: 0.2ms
[2024-05-30T13:55:18.504+0000][12057.923s][info][gc,phases   ] GC(2449)   Merge Heap Roots: 0.3ms
[2024-05-30T13:55:18.504+0000][12057.923s][info][gc,phases   ] GC(2449)   Evacuate Collection Set: 16.7ms
[2024-05-30T13:55:18.504+0000][12057.923s][info][gc,phases   ] GC(2449)   Post Evacuate Collection Set: 1.8ms
[2024-05-30T13:55:18.504+0000][12057.923s][info][gc,phases   ] GC(2449)   Other: 0.2ms
[2024-05-30T13:55:18.504+0000][12057.923s][info][gc,heap     ] GC(2449) Eden regions: 731->0(731)
[2024-05-30T13:55:18.504+0000][12057.923s][info][gc,heap     ] GC(2449) Survivor regions: 8->8(93)
[2024-05-30T13:55:18.504+0000][12057.923s][info][gc,heap     ] GC(2449) Old regions: 471->471
[2024-05-30T13:55:18.504+0000][12057.923s][info][gc,heap     ] GC(2449) Archive regions: 2->2
[2024-05-30T13:55:18.504+0000][12057.923s][info][gc,heap     ] GC(2449) Humongous regions: 5->5
[2024-05-30T13:55:18.504+0000][12057.923s][info][gc,metaspace] GC(2449) Metaspace: 433847K(440064K)->433847K(440064K) NonClass: 379842K(383232K)->379842K(383232K) Class: 54004K(56832K)->54004K(56832K)
[2024-05-30T13:55:18.504+0000][12057.923s][info][gc          ] GC(2449) Pause Young (Normal) (G1 Evacuation Pause) 9713M->3865M(12288M) 19.261ms
[2024-05-30T13:55:18.504+0000][12057.923s][info][gc,cpu      ] GC(2449) User=0.11s Sys=0.00s Real=0.02s
[2024-05-30T13:55:18.585+0000][12058.004s][info][gc,marking  ] GC(2448) Concurrent Rebuild Remembered Sets 1880.282ms
[2024-05-30T13:55:18.585+0000][12058.005s][info][gc,start    ] GC(2448) Pause Cleanup
[2024-05-30T13:55:18.586+0000][12058.005s][info][gc          ] GC(2448) Pause Cleanup 3953M->3953M(12288M) 0.525ms
[2024-05-30T13:55:18.586+0000][12058.005s][info][gc,cpu      ] GC(2448) User=0.00s Sys=0.00s Real=0.00s
[2024-05-30T13:55:18.586+0000][12058.005s][info][gc,marking  ] GC(2448) Concurrent Cleanup for Next Mark
[2024-05-30T13:55:18.603+0000][12058.022s][info][gc,marking  ] GC(2448) Concurrent Cleanup for Next Mark 16.770ms
[2024-05-30T13:55:18.603+0000][12058.022s][info][gc          ] GC(2448) Concurrent Mark Cycle 5707.394ms
[2024-05-30T13:55:22.950+0000][12062.369s][info][gc,start    ] GC(2450) Pause Young (Prepare Mixed) (G1 Evacuation Pause)
[2024-05-30T13:55:22.950+0000][12062.369s][info][gc,task     ] GC(2450) Using 6 workers of 6 for evacuation
[2024-05-30T13:55:22.972+0000][12062.391s][info][gc,phases   ] GC(2450)   Pre Evacuate Collection Set: 0.2ms
[2024-05-30T13:55:22.972+0000][12062.391s][info][gc,phases   ] GC(2450)   Merge Heap Roots: 0.3ms
[2024-05-30T13:55:22.972+0000][12062.391s][info][gc,phases   ] GC(2450)   Evacuate Collection Set: 19.0ms
[2024-05-30T13:55:22.972+0000][12062.391s][info][gc,phases   ] GC(2450)   Post Evacuate Collection Set: 1.9ms
[2024-05-30T13:55:22.972+0000][12062.391s][info][gc,phases   ] GC(2450)   Other: 0.2ms
[2024-05-30T13:55:22.972+0000][12062.391s][info][gc,heap     ] GC(2450) Eden regions: 731->0(67)
[2024-05-30T13:55:22.972+0000][12062.391s][info][gc,heap     ] GC(2450) Survivor regions: 8->9(93)
[2024-05-30T13:55:22.972+0000][12062.391s][info][gc,heap     ] GC(2450) Old regions: 471->471
[2024-05-30T13:55:22.972+0000][12062.391s][info][gc,heap     ] GC(2450) Archive regions: 2->2
[2024-05-30T13:55:22.972+0000][12062.391s][info][gc,heap     ] GC(2450) Humongous regions: 5->5
[2024-05-30T13:55:22.972+0000][12062.391s][info][gc,metaspace] GC(2450) Metaspace: 433847K(440064K)->433847K(440064K) NonClass: 379842K(383232K)->379842K(383232K) Class: 54004K(56832K)->54004K(56832K)
[2024-05-30T13:55:22.972+0000][12062.391s][info][gc          ] GC(2450) Pause Young (Prepare Mixed) (G1 Evacuation Pause) 9713M->3878M(12288M) 21.656ms
[2024-05-30T13:55:22.972+0000][12062.391s][info][gc,cpu      ] GC(2450) User=0.13s Sys=0.00s Real=0.02s
[2024-05-30T13:55:23.429+0000][12062.849s][info][gc,start    ] GC(2451) Pause Young (Mixed) (G1 Evacuation Pause)
[2024-05-30T13:55:23.429+0000][12062.849s][info][gc,task     ] GC(2451) Using 6 workers of 6 for evacuation
[2024-05-30T13:55:23.488+0000][12062.907s][info][gc,phases   ] GC(2451)   Pre Evacuate Collection Set: 0.2ms
[2024-05-30T13:55:23.488+0000][12062.907s][info][gc,phases   ] GC(2451)   Merge Heap Roots: 0.4ms
[2024-05-30T13:55:23.488+0000][12062.907s][info][gc,phases   ] GC(2451)   Evacuate Collection Set: 56.2ms
[2024-05-30T13:55:23.488+0000][12062.907s][info][gc,phases   ] GC(2451)   Post Evacuate Collection Set: 1.4ms
[2024-05-30T13:55:23.488+0000][12062.907s][info][gc,phases   ] GC(2451)   Other: 0.2ms
[2024-05-30T13:55:23.488+0000][12062.907s][info][gc,heap     ] GC(2451) Eden regions: 67->0(732)
[2024-05-30T13:55:23.488+0000][12062.907s][info][gc,heap     ] GC(2451) Survivor regions: 9->5(10)
[2024-05-30T13:55:23.488+0000][12062.907s][info][gc,heap     ] GC(2451) Old regions: 471->472
[2024-05-30T13:55:23.488+0000][12062.907s][info][gc,heap     ] GC(2451) Archive regions: 2->2
[2024-05-30T13:55:23.488+0000][12062.907s][info][gc,heap     ] GC(2451) Humongous regions: 5->5
[2024-05-30T13:55:23.488+0000][12062.907s][info][gc,metaspace] GC(2451) Metaspace: 433847K(440064K)->433847K(440064K) NonClass: 379842K(383232K)->379842K(383232K) Class: 54004K(56832K)->54004K(56832K)
[2024-05-30T13:55:23.488+0000][12062.907s][info][gc          ] GC(2451) Pause Young (Mixed) (G1 Evacuation Pause) 4414M->3853M(12288M) 58.442ms
[2024-05-30T13:55:23.488+0000][12062.907s][info][gc,cpu      ] GC(2451) User=0.35s Sys=0.00s Real=0.05s
[2024-05-30T13:55:28.289+0000][12067.708s][info][gc,start    ] GC(2452) Pause Young (Normal) (G1 Evacuation Pause)
[2024-05-30T13:55:28.289+0000][12067.708s][info][gc,task     ] GC(2452) Using 6 workers of 6 for evacuation
[2024-05-30T13:55:28.300+0000][12067.720s][info][gc,phases   ] GC(2452)   Pre Evacuate Collection Set: 0.2ms
[2024-05-30T13:55:28.300+0000][12067.720s][info][gc,phases   ] GC(2452)   Merge Heap Roots: 0.2ms
[2024-05-30T13:55:28.300+0000][12067.720s][info][gc,phases   ] GC(2452)   Evacuate Collection Set: 9.0ms
[2024-05-30T13:55:28.300+0000][12067.720s][info][gc,phases   ] GC(2452)   Post Evacuate Collection Set: 1.7ms
[2024-05-30T13:55:28.300+0000][12067.720s][info][gc,phases   ] GC(2452)   Other: 0.2ms
[2024-05-30T13:55:28.300+0000][12067.720s][info][gc,heap     ] GC(2452) Eden regions: 732->0(732)
[2024-05-30T13:55:28.300+0000][12067.720s][info][gc,heap     ] GC(2452) Survivor regions: 5->5(93)
[2024-05-30T13:55:28.300+0000][12067.720s][info][gc,heap     ] GC(2452) Old regions: 472->472
[2024-05-30T13:55:28.300+0000][12067.720s][info][gc,heap     ] GC(2452) Archive regions: 2->2
[2024-05-30T13:55:28.300+0000][12067.720s][info][gc,heap     ] GC(2452) Humongous regions: 5->5
[2024-05-30T13:55:28.300+0000][12067.720s][info][gc,metaspace] GC(2452) Metaspace: 433847K(440064K)->433847K(440064K) NonClass: 379842K(383232K)->379842K(383232K) Class: 54004K(56832K)->54004K(56832K)
[2024-05-30T13:55:28.300+0000][12067.720s][info][gc          ] GC(2452) Pause Young (Normal) (G1 Evacuation Pause) 9709M->3849M(12288M) 11.403ms
[2024-05-30T13:55:28.300+0000][12067.720s][info][gc,cpu      ] GC(2452) User=0.06s Sys=0.00s Real=0.01s
[2024-05-30T13:55:33.154+0000][12072.573s][info][gc,start    ] GC(2453) Pause Young (Normal) (G1 Evacuation Pause)
[2024-05-30T13:55:33.154+0000][12072.573s][info][gc,task     ] GC(2453) Using 6 workers of 6 for evacuation
[2024-05-30T13:55:33.167+0000][12072.586s][info][gc,phases   ] GC(2453)   Pre Evacuate Collection Set: 0.2ms
[2024-05-30T13:55:33.167+0000][12072.586s][info][gc,phases   ] GC(2453)   Merge Heap Roots: 0.2ms
[2024-05-30T13:55:33.167+0000][12072.586s][info][gc,phases   ] GC(2453)   Evacuate Collection Set: 10.8ms
[2024-05-30T13:55:33.167+0000][12072.586s][info][gc,phases   ] GC(2453)   Post Evacuate Collection Set: 1.8ms
[2024-05-30T13:55:33.167+0000][12072.586s][info][gc,phases   ] GC(2453)   Other: 0.2ms
[2024-05-30T13:55:33.167+0000][12072.586s][info][gc,heap     ] GC(2453) Eden regions: 732->0(733)
[2024-05-30T13:55:33.167+0000][12072.586s][info][gc,heap     ] GC(2453) Survivor regions: 5->5(93)
[2024-05-30T13:55:33.167+0000][12072.586s][info][gc,heap     ] GC(2453) Old regions: 472->472
[2024-05-30T13:55:33.167+0000][12072.586s][info][gc,heap     ] GC(2453) Archive regions: 2->2
[2024-05-30T13:55:33.167+0000][12072.586s][info][gc,heap     ] GC(2453) Humongous regions: 5->5
[2024-05-30T13:55:33.167+0000][12072.586s][info][gc,metaspace] GC(2453) Metaspace: 433847K(440064K)->433847K(440064K) NonClass: 379842K(383232K)->379842K(383232K) Class: 54004K(56832K)->54004K(56832K)
[2024-05-30T13:55:33.167+0000][12072.586s][info][gc          ] GC(2453) Pause Young (Normal) (G1 Evacuation Pause) 9705M->3853M(12288M) 13.216ms
[2024-05-30T13:55:33.167+0000][12072.586s][info][gc,cpu      ] GC(2453) User=0.08s Sys=0.00s Real=0.01s
[2024-05-30T13:55:38.104+0000][12077.523s][info][gc,start    ] GC(2454) Pause Young (Concurrent Start) (G1 Evacuation Pause)
[2024-05-30T13:55:38.104+0000][12077.523s][info][gc,task     ] GC(2454) Using 6 workers of 6 for evacuation
[2024-05-30T13:55:38.121+0000][12077.540s][info][gc,phases   ] GC(2454)   Pre Evacuate Collection Set: 0.5ms
[2024-05-30T13:55:38.121+0000][12077.540s][info][gc,phases   ] GC(2454)   Merge Heap Roots: 0.2ms
[2024-05-30T13:55:38.121+0000][12077.540s][info][gc,phases   ] GC(2454)   Evacuate Collection Set: 13.9ms
[2024-05-30T13:55:38.121+0000][12077.540s][info][gc,phases   ] GC(2454)   Post Evacuate Collection Set: 1.8ms
[2024-05-30T13:55:38.121+0000][12077.540s][info][gc,phases   ] GC(2454)   Other: 0.3ms
[2024-05-30T13:55:38.121+0000][12077.540s][info][gc,heap     ] GC(2454) Eden regions: 733->0(730)
[2024-05-30T13:55:38.121+0000][12077.540s][info][gc,heap     ] GC(2454) Survivor regions: 5->8(93)
[2024-05-30T13:55:38.121+0000][12077.540s][info][gc,heap     ] GC(2454) Old regions: 472->472
[2024-05-30T13:55:38.121+0000][12077.540s][info][gc,heap     ] GC(2454) Archive regions: 2->2
[2024-05-30T13:55:38.121+0000][12077.540s][info][gc,heap     ] GC(2454) Humongous regions: 5->5
[2024-05-30T13:55:38.121+0000][12077.540s][info][gc,metaspace] GC(2454) Metaspace: 433850K(440064K)->433850K(440064K) NonClass: 379846K(383232K)->379846K(383232K) Class: 54004K(56832K)->54004K(56832K)
[2024-05-30T13:55:38.121+0000][12077.540s][info][gc          ] GC(2454) Pause Young (Concurrent Start) (G1 Evacuation Pause) 9717M->3873M(12288M) 16.767ms
[2024-05-30T13:55:38.121+0000][12077.540s][info][gc,cpu      ] GC(2454) User=0.09s Sys=0.01s Real=0.02s
[2024-05-30T13:55:38.121+0000][12077.540s][info][gc          ] GC(2455) Concurrent Mark Cycle
[2024-05-30T13:55:38.121+0000][12077.540s][info][gc,marking  ] GC(2455) Concurrent Clear Claimed Marks
[2024-05-30T13:55:38.121+0000][12077.540s][info][gc,marking  ] GC(2455) Concurrent Clear Claimed Marks 0.394ms
[2024-05-30T13:55:38.121+0000][12077.541s][info][gc,marking  ] GC(2455) Concurrent Scan Root Regions
[2024-05-30T13:55:38.135+0000][12077.554s][info][gc,marking  ] GC(2455) Concurrent Scan Root Regions 13.225ms
[2024-05-30T13:55:38.135+0000][12077.554s][info][gc,marking  ] GC(2455) Concurrent Mark
[2024-05-30T13:55:38.135+0000][12077.554s][info][gc,marking  ] GC(2455) Concurrent Mark From Roots
[2024-05-30T13:55:38.135+0000][12077.554s][info][gc,task     ] GC(2455) Using 2 workers of 2 for marking
[2024-05-30T13:55:42.088+0000][12081.508s][info][gc,marking  ] GC(2455) Concurrent Mark From Roots 3953.747ms
[2024-05-30T13:55:42.088+0000][12081.508s][info][gc,marking  ] GC(2455) Concurrent Preclean
[2024-05-30T13:55:42.090+0000][12081.509s][info][gc,marking  ] GC(2455) Concurrent Preclean 1.373ms
[2024-05-30T13:55:42.090+0000][12081.509s][info][gc,start    ] GC(2455) Pause Remark
[2024-05-30T13:55:42.114+0000][12081.533s][info][gc          ] GC(2455) Pause Remark 7973M->7972M(12288M) 24.251ms
[2024-05-30T13:55:42.114+0000][12081.533s][info][gc,cpu      ] GC(2455) User=0.10s Sys=0.00s Real=0.02s
[2024-05-30T13:55:42.114+0000][12081.534s][info][gc,marking  ] GC(2455) Concurrent Mark 3979.831ms
[2024-05-30T13:55:42.114+0000][12081.534s][info][gc,marking  ] GC(2455) Concurrent Rebuild Remembered Sets
[2024-05-30T13:55:43.733+0000][12083.153s][info][gc,start    ] GC(2456) Pause Young (Normal) (G1 Evacuation Pause)
[2024-05-30T13:55:43.733+0000][12083.153s][info][gc,task     ] GC(2456) Using 6 workers of 6 for evacuation
[2024-05-30T13:55:43.752+0000][12083.172s][info][gc,phases   ] GC(2456)   Pre Evacuate Collection Set: 0.2ms
[2024-05-30T13:55:43.752+0000][12083.172s][info][gc,phases   ] GC(2456)   Merge Heap Roots: 0.3ms
[2024-05-30T13:55:43.752+0000][12083.172s][info][gc,phases   ] GC(2456)   Evacuate Collection Set: 16.7ms
[2024-05-30T13:55:43.752+0000][12083.172s][info][gc,phases   ] GC(2456)   Post Evacuate Collection Set: 1.7ms
[2024-05-30T13:55:43.752+0000][12083.172s][info][gc,phases   ] GC(2456)   Other: 0.2ms
[2024-05-30T13:55:43.752+0000][12083.172s][info][gc,heap     ] GC(2456) Eden regions: 730->0(730)
[2024-05-30T13:55:43.752+0000][12083.172s][info][gc,heap     ] GC(2456) Survivor regions: 8->9(93)
[2024-05-30T13:55:43.752+0000][12083.172s][info][gc,heap     ] GC(2456) Old regions: 471->471
[2024-05-30T13:55:43.752+0000][12083.172s][info][gc,heap     ] GC(2456) Archive regions: 2->2
[2024-05-30T13:55:43.752+0000][12083.172s][info][gc,heap     ] GC(2456) Humongous regions: 5->5
[2024-05-30T13:55:43.752+0000][12083.172s][info][gc,metaspace] GC(2456) Metaspace: 433850K(440064K)->433850K(440064K) NonClass: 379846K(383232K)->379846K(383232K) Class: 54004K(56832K)->54004K(56832K)
[2024-05-30T13:55:43.753+0000][12083.172s][info][gc          ] GC(2456) Pause Young (Normal) (G1 Evacuation Pause) 9712M->3878M(12288M) 19.182ms
[2024-05-30T13:55:43.753+0000][12083.172s][info][gc,cpu      ] GC(2456) User=0.11s Sys=0.00s Real=0.02s
[2024-05-30T13:55:43.985+0000][12083.404s][info][gc,marking  ] GC(2455) Concurrent Rebuild Remembered Sets 1870.435ms
[2024-05-30T13:55:43.985+0000][12083.404s][info][gc,start    ] GC(2455) Pause Cleanup
[2024-05-30T13:55:43.986+0000][12083.405s][info][gc          ] GC(2455) Pause Cleanup 4130M->4130M(12288M) 0.508ms
[2024-05-30T13:55:43.986+0000][12083.405s][info][gc,cpu      ] GC(2455) User=0.00s Sys=0.00s Real=0.00s
[2024-05-30T13:55:43.986+0000][12083.405s][info][gc,marking  ] GC(2455) Concurrent Cleanup for Next Mark
[2024-05-30T13:55:44.003+0000][12083.422s][info][gc,marking  ] GC(2455) Concurrent Cleanup for Next Mark 17.335ms
[2024-05-30T13:55:44.003+0000][12083.422s][info][gc          ] GC(2455) Concurrent Mark Cycle 5882.193ms
[2024-05-30T13:55:48.706+0000][12088.125s][info][gc,start    ] GC(2457) Pause Young (Prepare Mixed) (G1 Evacuation Pause)
[2024-05-30T13:55:48.706+0000][12088.125s][info][gc,task     ] GC(2457) Using 6 workers of 6 for evacuation
[2024-05-30T13:55:48.727+0000][12088.147s][info][gc,phases   ] GC(2457)   Pre Evacuate Collection Set: 0.2ms
[2024-05-30T13:55:48.727+0000][12088.147s][info][gc,phases   ] GC(2457)   Merge Heap Roots: 0.3ms
[2024-05-30T13:55:48.727+0000][12088.147s][info][gc,phases   ] GC(2457)   Evacuate Collection Set: 19.0ms
[2024-05-30T13:55:48.727+0000][12088.147s][info][gc,phases   ] GC(2457)   Post Evacuate Collection Set: 1.7ms
[2024-05-30T13:55:48.727+0000][12088.147s][info][gc,phases   ] GC(2457)   Other: 0.2ms
[2024-05-30T13:55:48.727+0000][12088.147s][info][gc,heap     ] GC(2457) Eden regions: 730->0(66)
[2024-05-30T13:55:48.727+0000][12088.147s][info][gc,heap     ] GC(2457) Survivor regions: 9->10(93)
[2024-05-30T13:55:48.727+0000][12088.147s][info][gc,heap     ] GC(2457) Old regions: 471->471
[2024-05-30T13:55:48.727+0000][12088.147s][info][gc,heap     ] GC(2457) Archive regions: 2->2
[2024-05-30T13:55:48.727+0000][12088.147s][info][gc,heap     ] GC(2457) Humongous regions: 5->5
[2024-05-30T13:55:48.727+0000][12088.147s][info][gc,metaspace] GC(2457) Metaspace: 433850K(440064K)->433850K(440064K) NonClass: 379846K(383232K)->379846K(383232K) Class: 54004K(56832K)->54004K(56832K)
[2024-05-30T13:55:48.727+0000][12088.147s][info][gc          ] GC(2457) Pause Young (Prepare Mixed) (G1 Evacuation Pause) 9718M->3890M(12288M) 21.406ms
[2024-05-30T13:55:48.727+0000][12088.147s][info][gc,cpu      ] GC(2457) User=0.13s Sys=0.00s Real=0.02s
[2024-05-30T13:55:49.180+0000][12088.600s][info][gc,start    ] GC(2458) Pause Young (Mixed) (G1 Evacuation Pause)
[2024-05-30T13:55:49.180+0000][12088.600s][info][gc,task     ] GC(2458) Using 6 workers of 6 for evacuation
[2024-05-30T13:55:49.242+0000][12088.661s][info][gc,phases   ] GC(2458)   Pre Evacuate Collection Set: 0.2ms
[2024-05-30T13:55:49.242+0000][12088.661s][info][gc,phases   ] GC(2458)   Merge Heap Roots: 0.5ms
[2024-05-30T13:55:49.242+0000][12088.661s][info][gc,phases   ] GC(2458)   Evacuate Collection Set: 59.4ms
[2024-05-30T13:55:49.242+0000][12088.661s][info][gc,phases   ] GC(2458)   Post Evacuate Collection Set: 1.2ms
[2024-05-30T13:55:49.242+0000][12088.661s][info][gc,phases   ] GC(2458)   Other: 0.2ms
[2024-05-30T13:55:49.242+0000][12088.661s][info][gc,heap     ] GC(2458) Eden regions: 66->0(733)
[2024-05-30T13:55:49.242+0000][12088.661s][info][gc,heap     ] GC(2458) Survivor regions: 10->4(10)
[2024-05-30T13:55:49.242+0000][12088.661s][info][gc,heap     ] GC(2458) Old regions: 471->473
[2024-05-30T13:55:49.242+0000][12088.661s][info][gc,heap     ] GC(2458) Archive regions: 2->2
[2024-05-30T13:55:49.242+0000][12088.661s][info][gc,heap     ] GC(2458) Humongous regions: 5->5
[2024-05-30T13:55:49.242+0000][12088.661s][info][gc,metaspace] GC(2458) Metaspace: 433850K(440064K)->433850K(440064K) NonClass: 379846K(383232K)->379846K(383232K) Class: 54004K(56832K)->54004K(56832K)
[2024-05-30T13:55:49.242+0000][12088.661s][info][gc          ] GC(2458) Pause Young (Mixed) (G1 Evacuation Pause) 4418M->3857M(12288M) 61.577ms
[2024-05-30T13:55:49.242+0000][12088.661s][info][gc,cpu      ] GC(2458) User=0.37s Sys=0.00s Real=0.06s
[2024-05-30T13:55:53.839+0000][12093.258s][info][gc,start    ] GC(2459) Pause Young (Normal) (G1 Evacuation Pause)
[2024-05-30T13:55:53.839+0000][12093.258s][info][gc,task     ] GC(2459) Using 6 workers of 6 for evacuation
[2024-05-30T13:55:53.852+0000][12093.271s][info][gc,phases   ] GC(2459)   Pre Evacuate Collection Set: 0.2ms
[2024-05-30T13:55:53.852+0000][12093.271s][info][gc,phases   ] GC(2459)   Merge Heap Roots: 0.2ms
[2024-05-30T13:55:53.852+0000][12093.271s][info][gc,phases   ] GC(2459)   Evacuate Collection Set: 10.1ms
[2024-05-30T13:55:53.852+0000][12093.271s][info][gc,phases   ] GC(2459)   Post Evacuate Collection Set: 1.9ms
[2024-05-30T13:55:53.852+0000][12093.271s][info][gc,phases   ] GC(2459)   Other: 0.2ms
[2024-05-30T13:55:53.852+0000][12093.271s][info][gc,heap     ] GC(2459) Eden regions: 733->0(730)
[2024-05-30T13:55:53.852+0000][12093.271s][info][gc,heap     ] GC(2459) Survivor regions: 4->6(93)
[2024-05-30T13:55:53.852+0000][12093.271s][info][gc,heap     ] GC(2459) Old regions: 473->473
[2024-05-30T13:55:53.852+0000][12093.271s][info][gc,heap     ] GC(2459) Archive regions: 2->2
[2024-05-30T13:55:53.852+0000][12093.271s][info][gc,heap     ] GC(2459) Humongous regions: 5->5
[2024-05-30T13:55:53.852+0000][12093.271s][info][gc,metaspace] GC(2459) Metaspace: 433856K(440064K)->433856K(440064K) NonClass: 379852K(383232K)->379852K(383232K) Class: 54004K(56832K)->54004K(56832K)
[2024-05-30T13:55:53.852+0000][12093.271s][info][gc          ] GC(2459) Pause Young (Normal) (G1 Evacuation Pause) 9721M->3871M(12288M) 12.660ms
[2024-05-30T13:55:53.852+0000][12093.271s][info][gc,cpu      ] GC(2459) User=0.07s Sys=0.00s Real=0.01s
[2024-05-30T13:55:58.320+0000][12097.740s][info][gc,start    ] GC(2460) Pause Young (Normal) (G1 Evacuation Pause)
[2024-05-30T13:55:58.320+0000][12097.740s][info][gc,task     ] GC(2460) Using 6 workers of 6 for evacuation
[2024-05-30T13:55:58.334+0000][12097.753s][info][gc,phases   ] GC(2460)   Pre Evacuate Collection Set: 0.2ms
[2024-05-30T13:55:58.334+0000][12097.753s][info][gc,phases   ] GC(2460)   Merge Heap Roots: 0.2ms
[2024-05-30T13:55:58.334+0000][12097.753s][info][gc,phases   ] GC(2460)   Evacuate Collection Set: 11.6ms
[2024-05-30T13:55:58.334+0000][12097.753s][info][gc,phases   ] GC(2460)   Post Evacuate Collection Set: 1.6ms
[2024-05-30T13:55:58.334+0000][12097.753s][info][gc,phases   ] GC(2460)   Other: 0.2ms
[2024-05-30T13:55:58.334+0000][12097.753s][info][gc,heap     ] GC(2460) Eden regions: 730->0(729)
[2024-05-30T13:55:58.334+0000][12097.753s][info][gc,heap     ] GC(2460) Survivor regions: 6->7(92)
[2024-05-30T13:55:58.334+0000][12097.753s][info][gc,heap     ] GC(2460) Old regions: 473->473
[2024-05-30T13:55:58.334+0000][12097.753s][info][gc,heap     ] GC(2460) Archive regions: 2->2
[2024-05-30T13:55:58.334+0000][12097.753s][info][gc,heap     ] GC(2460) Humongous regions: 5->5
[2024-05-30T13:55:58.334+0000][12097.753s][info][gc,metaspace] GC(2460) Metaspace: 433858K(440064K)->433858K(440064K) NonClass: 379853K(383232K)->379853K(383232K) Class: 54004K(56832K)->54004K(56832K)
[2024-05-30T13:55:58.334+0000][12097.753s][info][gc          ] GC(2460) Pause Young (Normal) (G1 Evacuation Pause) 9711M->3877M(12288M) 13.863ms
[2024-05-30T13:55:58.334+0000][12097.754s][info][gc,cpu      ] GC(2460) User=0.08s Sys=0.01s Real=0.01s
[2024-05-30T13:56:02.772+0000][12102.191s][info][gc,start    ] GC(2461) Pause Young (Concurrent Start) (G1 Evacuation Pause)
[2024-05-30T13:56:02.772+0000][12102.191s][info][gc,task     ] GC(2461) Using 6 workers of 6 for evacuation
[2024-05-30T13:56:02.788+0000][12102.207s][info][gc,phases   ] GC(2461)   Pre Evacuate Collection Set: 0.6ms
[2024-05-30T13:56:02.788+0000][12102.207s][info][gc,phases   ] GC(2461)   Merge Heap Roots: 0.2ms
[2024-05-30T13:56:02.788+0000][12102.207s][info][gc,phases   ] GC(2461)   Evacuate Collection Set: 13.2ms
[2024-05-30T13:56:02.788+0000][12102.207s][info][gc,phases   ] GC(2461)   Post Evacuate Collection Set: 1.7ms
[2024-05-30T13:56:02.788+0000][12102.207s][info][gc,phases   ] GC(2461)   Other: 0.3ms
[2024-05-30T13:56:02.788+0000][12102.207s][info][gc,heap     ] GC(2461) Eden regions: 729->0(730)
[2024-05-30T13:56:02.788+0000][12102.207s][info][gc,heap     ] GC(2461) Survivor regions: 7->6(92)
[2024-05-30T13:56:02.788+0000][12102.207s][info][gc,heap     ] GC(2461) Old regions: 473->473
[2024-05-30T13:56:02.788+0000][12102.207s][info][gc,heap     ] GC(2461) Archive regions: 2->2
[2024-05-30T13:56:02.788+0000][12102.207s][info][gc,heap     ] GC(2461) Humongous regions: 5->5
[2024-05-30T13:56:02.788+0000][12102.207s][info][gc,metaspace] GC(2461) Metaspace: 433858K(440064K)->433858K(440064K) NonClass: 379853K(383232K)->379853K(383232K) Class: 54004K(56832K)->54004K(56832K)
[2024-05-30T13:56:02.788+0000][12102.207s][info][gc          ] GC(2461) Pause Young (Concurrent Start) (G1 Evacuation Pause) 9709M->3873M(12288M) 16.078ms
[2024-05-30T13:56:02.788+0000][12102.207s][info][gc,cpu      ] GC(2461) User=0.09s Sys=0.00s Real=0.01s
[2024-05-30T13:56:02.788+0000][12102.207s][info][gc          ] GC(2462) Concurrent Mark Cycle
[2024-05-30T13:56:02.788+0000][12102.207s][info][gc,marking  ] GC(2462) Concurrent Clear Claimed Marks
[2024-05-30T13:56:02.789+0000][12102.208s][info][gc,marking  ] GC(2462) Concurrent Clear Claimed Marks 0.388ms
[2024-05-30T13:56:02.789+0000][12102.208s][info][gc,marking  ] GC(2462) Concurrent Scan Root Regions
[2024-05-30T13:56:02.803+0000][12102.222s][info][gc,marking  ] GC(2462) Concurrent Scan Root Regions 14.059ms
[2024-05-30T13:56:02.803+0000][12102.222s][info][gc,marking  ] GC(2462) Concurrent Mark
[2024-05-30T13:56:02.803+0000][12102.222s][info][gc,marking  ] GC(2462) Concurrent Mark From Roots
[2024-05-30T13:56:02.803+0000][12102.222s][info][gc,task     ] GC(2462) Using 2 workers of 2 for marking
[2024-05-30T13:56:06.605+0000][12106.024s][info][gc,marking  ] GC(2462) Concurrent Mark From Roots 3802.014ms
[2024-05-30T13:56:06.605+0000][12106.024s][info][gc,marking  ] GC(2462) Concurrent Preclean
[2024-05-30T13:56:06.606+0000][12106.026s][info][gc,marking  ] GC(2462) Concurrent Preclean 1.561ms
[2024-05-30T13:56:06.606+0000][12106.026s][info][gc,start    ] GC(2462) Pause Remark
[2024-05-30T13:56:06.650+0000][12106.069s][info][gc          ] GC(2462) Pause Remark 7745M->7745M(12288M) 43.522ms
[2024-05-30T13:56:06.650+0000][12106.069s][info][gc,cpu      ] GC(2462) User=0.23s Sys=0.00s Real=0.05s
[2024-05-30T13:56:06.650+0000][12106.069s][info][gc,marking  ] GC(2462) Concurrent Mark 3847.594ms
[2024-05-30T13:56:06.650+0000][12106.069s][info][gc,marking  ] GC(2462) Concurrent Rebuild Remembered Sets
[2024-05-30T13:56:08.400+0000][12107.819s][info][gc,start    ] GC(2463) Pause Young (Normal) (G1 Evacuation Pause)
[2024-05-30T13:56:08.400+0000][12107.819s][info][gc,task     ] GC(2463) Using 6 workers of 6 for evacuation
[2024-05-30T13:56:08.418+0000][12107.837s][info][gc,phases   ] GC(2463)   Pre Evacuate Collection Set: 0.2ms
[2024-05-30T13:56:08.418+0000][12107.837s][info][gc,phases   ] GC(2463)   Merge Heap Roots: 0.3ms
[2024-05-30T13:56:08.418+0000][12107.837s][info][gc,phases   ] GC(2463)   Evacuate Collection Set: 15.9ms
[2024-05-30T13:56:08.418+0000][12107.837s][info][gc,phases   ] GC(2463)   Post Evacuate Collection Set: 1.6ms
[2024-05-30T13:56:08.418+0000][12107.837s][info][gc,phases   ] GC(2463)   Other: 0.2ms
[2024-05-30T13:56:08.418+0000][12107.837s][info][gc,heap     ] GC(2463) Eden regions: 730->0(730)
[2024-05-30T13:56:08.418+0000][12107.837s][info][gc,heap     ] GC(2463) Survivor regions: 6->7(92)
[2024-05-30T13:56:08.418+0000][12107.837s][info][gc,heap     ] GC(2463) Old regions: 473->473
[2024-05-30T13:56:08.418+0000][12107.837s][info][gc,heap     ] GC(2463) Archive regions: 2->2
[2024-05-30T13:56:08.418+0000][12107.837s][info][gc,heap     ] GC(2463) Humongous regions: 5->5
[2024-05-30T13:56:08.418+0000][12107.837s][info][gc,metaspace] GC(2463) Metaspace: 433831K(440064K)->433831K(440064K) NonClass: 379831K(383232K)->379831K(383232K) Class: 53999K(56832K)->53999K(56832K)
[2024-05-30T13:56:08.418+0000][12107.837s][info][gc          ] GC(2463) Pause Young (Normal) (G1 Evacuation Pause) 9713M->3877M(12288M) 18.295ms
[2024-05-30T13:56:08.418+0000][12107.838s][info][gc,cpu      ] GC(2463) User=0.11s Sys=0.00s Real=0.02s
[2024-05-30T13:56:08.540+0000][12107.959s][info][gc,marking  ] GC(2462) Concurrent Rebuild Remembered Sets 1889.835ms
[2024-05-30T13:56:08.540+0000][12107.960s][info][gc,start    ] GC(2462) Pause Cleanup
[2024-05-30T13:56:08.541+0000][12107.960s][info][gc          ] GC(2462) Pause Cleanup 4021M->4021M(12288M) 0.547ms
[2024-05-30T13:56:08.541+0000][12107.960s][info][gc,cpu      ] GC(2462) User=0.00s Sys=0.00s Real=0.00s
[2024-05-30T13:56:08.541+0000][12107.960s][info][gc,marking  ] GC(2462) Concurrent Cleanup for Next Mark
[2024-05-30T13:56:08.558+0000][12107.977s][info][gc,marking  ] GC(2462) Concurrent Cleanup for Next Mark 16.876ms
[2024-05-30T13:56:08.558+0000][12107.977s][info][gc          ] GC(2462) Concurrent Mark Cycle 5769.822ms
[2024-05-30T13:56:13.352+0000][12112.771s][info][gc,start    ] GC(2464) Pause Young (Prepare Mixed) (G1 Evacuation Pause)
[2024-05-30T13:56:13.352+0000][12112.771s][info][gc,task     ] GC(2464) Using 6 workers of 6 for evacuation
[2024-05-30T13:56:13.373+0000][12112.792s][info][gc,phases   ] GC(2464)   Pre Evacuate Collection Set: 0.2ms
[2024-05-30T13:56:13.373+0000][12112.792s][info][gc,phases   ] GC(2464)   Merge Heap Roots: 0.3ms
[2024-05-30T13:56:13.373+0000][12112.792s][info][gc,phases   ] GC(2464)   Evacuate Collection Set: 18.6ms
[2024-05-30T13:56:13.373+0000][12112.792s][info][gc,phases   ] GC(2464)   Post Evacuate Collection Set: 1.8ms
[2024-05-30T13:56:13.373+0000][12112.792s][info][gc,phases   ] GC(2464)   Other: 0.2ms
[2024-05-30T13:56:13.373+0000][12112.792s][info][gc,heap     ] GC(2464) Eden regions: 730->0(67)
[2024-05-30T13:56:13.373+0000][12112.792s][info][gc,heap     ] GC(2464) Survivor regions: 7->9(93)
[2024-05-30T13:56:13.373+0000][12112.792s][info][gc,heap     ] GC(2464) Old regions: 473->473
[2024-05-30T13:56:13.373+0000][12112.792s][info][gc,heap     ] GC(2464) Archive regions: 2->2
[2024-05-30T13:56:13.373+0000][12112.792s][info][gc,heap     ] GC(2464) Humongous regions: 5->5
[2024-05-30T13:56:13.373+0000][12112.792s][info][gc,metaspace] GC(2464) Metaspace: 433831K(440064K)->433831K(440064K) NonClass: 379831K(383232K)->379831K(383232K) Class: 53999K(56832K)->53999K(56832K)
[2024-05-30T13:56:13.373+0000][12112.792s][info][gc          ] GC(2464) Pause Young (Prepare Mixed) (G1 Evacuation Pause) 9717M->3897M(12288M) 21.169ms
[2024-05-30T13:56:13.373+0000][12112.792s][info][gc,cpu      ] GC(2464) User=0.12s Sys=0.01s Real=0.02s
[2024-05-30T13:56:13.801+0000][12113.221s][info][gc,start    ] GC(2465) Pause Young (Mixed) (G1 Evacuation Pause)
[2024-05-30T13:56:13.801+0000][12113.221s][info][gc,task     ] GC(2465) Using 6 workers of 6 for evacuation
[2024-05-30T13:56:13.858+0000][12113.277s][info][gc,phases   ] GC(2465)   Pre Evacuate Collection Set: 0.2ms
[2024-05-30T13:56:13.858+0000][12113.277s][info][gc,phases   ] GC(2465)   Merge Heap Roots: 0.4ms
[2024-05-30T13:56:13.858+0000][12113.277s][info][gc,phases   ] GC(2465)   Evacuate Collection Set: 54.5ms
[2024-05-30T13:56:13.858+0000][12113.277s][info][gc,phases   ] GC(2465)   Post Evacuate Collection Set: 1.2ms
[2024-05-30T13:56:13.858+0000][12113.277s][info][gc,phases   ] GC(2465)   Other: 0.2ms
[2024-05-30T13:56:13.858+0000][12113.277s][info][gc,heap     ] GC(2465) Eden regions: 67->0(732)
[2024-05-30T13:56:13.858+0000][12113.277s][info][gc,heap     ] GC(2465) Survivor regions: 9->6(10)
[2024-05-30T13:56:13.858+0000][12113.277s][info][gc,heap     ] GC(2465) Old regions: 473->472
[2024-05-30T13:56:13.858+0000][12113.277s][info][gc,heap     ] GC(2465) Archive regions: 2->2
[2024-05-30T13:56:13.858+0000][12113.277s][info][gc,heap     ] GC(2465) Humongous regions: 5->5
[2024-05-30T13:56:13.858+0000][12113.277s][info][gc,metaspace] GC(2465) Metaspace: 433831K(440064K)->433831K(440064K) NonClass: 379831K(383232K)->379831K(383232K) Class: 53999K(56832K)->53999K(56832K)
[2024-05-30T13:56:13.858+0000][12113.277s][info][gc          ] GC(2465) Pause Young (Mixed) (G1 Evacuation Pause) 4433M->3862M(12288M) 56.513ms
[2024-05-30T13:56:13.858+0000][12113.277s][info][gc,cpu      ] GC(2465) User=0.34s Sys=0.00s Real=0.06s
[2024-05-30T13:56:18.740+0000][12118.159s][info][gc,start    ] GC(2466) Pause Young (Normal) (G1 Evacuation Pause)
[2024-05-30T13:56:18.740+0000][12118.159s][info][gc,task     ] GC(2466) Using 6 workers of 6 for evacuation
[2024-05-30T13:56:18.755+0000][12118.174s][info][gc,phases   ] GC(2466)   Pre Evacuate Collection Set: 0.2ms
[2024-05-30T13:56:18.755+0000][12118.174s][info][gc,phases   ] GC(2466)   Merge Heap Roots: 0.2ms
[2024-05-30T13:56:18.755+0000][12118.174s][info][gc,phases   ] GC(2466)   Evacuate Collection Set: 12.7ms
[2024-05-30T13:56:18.755+0000][12118.174s][info][gc,phases   ] GC(2466)   Post Evacuate Collection Set: 1.7ms
[2024-05-30T13:56:18.755+0000][12118.174s][info][gc,phases   ] GC(2466)   Other: 0.2ms
[2024-05-30T13:56:18.755+0000][12118.174s][info][gc,heap     ] GC(2466) Eden regions: 732->0(731)
[2024-05-30T13:56:18.755+0000][12118.174s][info][gc,heap     ] GC(2466) Survivor regions: 6->7(93)
[2024-05-30T13:56:18.755+0000][12118.174s][info][gc,heap     ] GC(2466) Old regions: 472->472
[2024-05-30T13:56:18.755+0000][12118.174s][info][gc,heap     ] GC(2466) Archive regions: 2->2
[2024-05-30T13:56:18.755+0000][12118.174s][info][gc,heap     ] GC(2466) Humongous regions: 5->5
[2024-05-30T13:56:18.755+0000][12118.174s][info][gc,metaspace] GC(2466) Metaspace: 433831K(440064K)->433831K(440064K) NonClass: 379831K(383232K)->379831K(383232K) Class: 53999K(56832K)->53999K(56832K)
[2024-05-30T13:56:18.755+0000][12118.175s][info][gc          ] GC(2466) Pause Young (Normal) (G1 Evacuation Pause) 9718M->3867M(12288M) 15.072ms
[2024-05-30T13:56:18.755+0000][12118.175s][info][gc,cpu      ] GC(2466) User=0.09s Sys=0.00s Real=0.01s
[2024-05-30T13:56:23.604+0000][12123.023s][info][gc,start    ] GC(2467) Pause Young (Normal) (G1 Evacuation Pause)
[2024-05-30T13:56:23.604+0000][12123.023s][info][gc,task     ] GC(2467) Using 6 workers of 6 for evacuation
[2024-05-30T13:56:23.621+0000][12123.041s][info][gc,phases   ] GC(2467)   Pre Evacuate Collection Set: 0.2ms
[2024-05-30T13:56:23.621+0000][12123.041s][info][gc,phases   ] GC(2467)   Merge Heap Roots: 0.2ms
[2024-05-30T13:56:23.621+0000][12123.041s][info][gc,phases   ] GC(2467)   Evacuate Collection Set: 14.9ms
[2024-05-30T13:56:23.621+0000][12123.041s][info][gc,phases   ] GC(2467)   Post Evacuate Collection Set: 1.9ms
[2024-05-30T13:56:23.621+0000][12123.041s][info][gc,phases   ] GC(2467)   Other: 0.2ms
[2024-05-30T13:56:23.621+0000][12123.041s][info][gc,heap     ] GC(2467) Eden regions: 731->0(728)
[2024-05-30T13:56:23.621+0000][12123.041s][info][gc,heap     ] GC(2467) Survivor regions: 7->9(93)
[2024-05-30T13:56:23.621+0000][12123.041s][info][gc,heap     ] GC(2467) Old regions: 472->472
[2024-05-30T13:56:23.621+0000][12123.041s][info][gc,heap     ] GC(2467) Archive regions: 2->2
[2024-05-30T13:56:23.621+0000][12123.041s][info][gc,heap     ] GC(2467) Humongous regions: 5->5
[2024-05-30T13:56:23.621+0000][12123.041s][info][gc,metaspace] GC(2467) Metaspace: 433831K(440064K)->433831K(440064K) NonClass: 379831K(383232K)->379831K(383232K) Class: 53999K(56832K)->53999K(56832K)
[2024-05-30T13:56:23.621+0000][12123.041s][info][gc          ] GC(2467) Pause Young (Normal) (G1 Evacuation Pause) 9715M->3886M(12288M) 17.432ms
[2024-05-30T13:56:23.621+0000][12123.041s][info][gc,cpu      ] GC(2467) User=0.10s Sys=0.00s Real=0.02s
[2024-05-30T13:56:28.457+0000][12127.877s][info][gc,start    ] GC(2468) Pause Young (Concurrent Start) (G1 Evacuation Pause)
[2024-05-30T13:56:28.457+0000][12127.877s][info][gc,task     ] GC(2468) Using 6 workers of 6 for evacuation
[2024-05-30T13:56:28.478+0000][12127.898s][info][gc,phases   ] GC(2468)   Pre Evacuate Collection Set: 0.6ms
[2024-05-30T13:56:28.478+0000][12127.898s][info][gc,phases   ] GC(2468)   Merge Heap Roots: 0.2ms
[2024-05-30T13:56:28.478+0000][12127.898s][info][gc,phases   ] GC(2468)   Evacuate Collection Set: 18.2ms
[2024-05-30T13:56:28.478+0000][12127.898s][info][gc,phases   ] GC(2468)   Post Evacuate Collection Set: 1.7ms
[2024-05-30T13:56:28.478+0000][12127.898s][info][gc,phases   ] GC(2468)   Other: 0.3ms
[2024-05-30T13:56:28.478+0000][12127.898s][info][gc,heap     ] GC(2468) Eden regions: 728->0(727)
[2024-05-30T13:56:28.478+0000][12127.898s][info][gc,heap     ] GC(2468) Survivor regions: 9->9(93)
[2024-05-30T13:56:28.478+0000][12127.898s][info][gc,heap     ] GC(2468) Old regions: 472->472
[2024-05-30T13:56:28.478+0000][12127.898s][info][gc,heap     ] GC(2468) Archive regions: 2->2
[2024-05-30T13:56:28.478+0000][12127.898s][info][gc,heap     ] GC(2468) Humongous regions: 5->5
[2024-05-30T13:56:28.478+0000][12127.898s][info][gc,metaspace] GC(2468) Metaspace: 433831K(440064K)->433831K(440064K) NonClass: 379831K(383232K)->379831K(383232K) Class: 53999K(56832K)->53999K(56832K)
[2024-05-30T13:56:28.478+0000][12127.898s][info][gc          ] GC(2468) Pause Young (Concurrent Start) (G1 Evacuation Pause) 9710M->3886M(12288M) 21.017ms
[2024-05-30T13:56:28.478+0000][12127.898s][info][gc,cpu      ] GC(2468) User=0.12s Sys=0.00s Real=0.02s
[2024-05-30T13:56:28.478+0000][12127.898s][info][gc          ] GC(2469) Concurrent Mark Cycle
[2024-05-30T13:56:28.478+0000][12127.898s][info][gc,marking  ] GC(2469) Concurrent Clear Claimed Marks
[2024-05-30T13:56:28.479+0000][12127.898s][info][gc,marking  ] GC(2469) Concurrent Clear Claimed Marks 0.347ms
[2024-05-30T13:56:28.479+0000][12127.898s][info][gc,marking  ] GC(2469) Concurrent Scan Root Regions
[2024-05-30T13:56:28.505+0000][12127.924s][info][gc,marking  ] GC(2469) Concurrent Scan Root Regions 26.269ms
[2024-05-30T13:56:28.505+0000][12127.924s][info][gc,marking  ] GC(2469) Concurrent Mark
[2024-05-30T13:56:28.505+0000][12127.924s][info][gc,marking  ] GC(2469) Concurrent Mark From Roots
[2024-05-30T13:56:28.505+0000][12127.924s][info][gc,task     ] GC(2469) Using 2 workers of 2 for marking
[2024-05-30T13:56:32.278+0000][12131.698s][info][gc,marking  ] GC(2469) Concurrent Mark From Roots 3773.285ms
[2024-05-30T13:56:32.278+0000][12131.698s][info][gc,marking  ] GC(2469) Concurrent Preclean
[2024-05-30T13:56:32.280+0000][12131.699s][info][gc,marking  ] GC(2469) Concurrent Preclean 1.758ms
[2024-05-30T13:56:32.280+0000][12131.700s][info][gc,start    ] GC(2469) Pause Remark
[2024-05-30T13:56:32.305+0000][12131.724s][info][gc          ] GC(2469) Pause Remark 7698M->7698M(12288M) 24.388ms
[2024-05-30T13:56:32.305+0000][12131.724s][info][gc,cpu      ] GC(2469) User=0.10s Sys=0.00s Real=0.02s
[2024-05-30T13:56:32.305+0000][12131.725s][info][gc,marking  ] GC(2469) Concurrent Mark 3800.168ms
[2024-05-30T13:56:32.305+0000][12131.725s][info][gc,marking  ] GC(2469) Concurrent Rebuild Remembered Sets
[2024-05-30T13:56:34.113+0000][12133.532s][info][gc,start    ] GC(2470) Pause Young (Normal) (G1 Evacuation Pause)
[2024-05-30T13:56:34.113+0000][12133.532s][info][gc,task     ] GC(2470) Using 6 workers of 6 for evacuation
[2024-05-30T13:56:34.134+0000][12133.553s][info][gc,phases   ] GC(2470)   Pre Evacuate Collection Set: 0.2ms
[2024-05-30T13:56:34.134+0000][12133.553s][info][gc,phases   ] GC(2470)   Merge Heap Roots: 0.3ms
[2024-05-30T13:56:34.134+0000][12133.553s][info][gc,phases   ] GC(2470)   Evacuate Collection Set: 18.4ms
[2024-05-30T13:56:34.134+0000][12133.553s][info][gc,phases   ] GC(2470)   Post Evacuate Collection Set: 1.8ms
[2024-05-30T13:56:34.134+0000][12133.553s][info][gc,phases   ] GC(2470)   Other: 0.2ms
[2024-05-30T13:56:34.134+0000][12133.553s][info][gc,heap     ] GC(2470) Eden regions: 727->0(728)
[2024-05-30T13:56:34.134+0000][12133.553s][info][gc,heap     ] GC(2470) Survivor regions: 9->9(92)
[2024-05-30T13:56:34.134+0000][12133.553s][info][gc,heap     ] GC(2470) Old regions: 472->472
[2024-05-30T13:56:34.134+0000][12133.553s][info][gc,heap     ] GC(2470) Archive regions: 2->2
[2024-05-30T13:56:34.134+0000][12133.553s][info][gc,heap     ] GC(2470) Humongous regions: 5->5
[2024-05-30T13:56:34.134+0000][12133.553s][info][gc,metaspace] GC(2470) Metaspace: 433831K(440064K)->433831K(440064K) NonClass: 379831K(383232K)->379831K(383232K) Class: 53999K(56832K)->53999K(56832K)
[2024-05-30T13:56:34.134+0000][12133.553s][info][gc          ] GC(2470) Pause Young (Normal) (G1 Evacuation Pause) 9702M->3886M(12288M) 20.898ms
[2024-05-30T13:56:34.134+0000][12133.553s][info][gc,cpu      ] GC(2470) User=0.13s Sys=0.00s Real=0.02s
[2024-05-30T13:56:34.207+0000][12133.627s][info][gc,marking  ] GC(2469) Concurrent Rebuild Remembered Sets 1902.029ms
[2024-05-30T13:56:34.208+0000][12133.627s][info][gc,start    ] GC(2469) Pause Cleanup
[2024-05-30T13:56:34.208+0000][12133.627s][info][gc          ] GC(2469) Pause Cleanup 3982M->3982M(12288M) 0.533ms
[2024-05-30T13:56:34.208+0000][12133.627s][info][gc,cpu      ] GC(2469) User=0.00s Sys=0.00s Real=0.00s
[2024-05-30T13:56:34.208+0000][12133.627s][info][gc,marking  ] GC(2469) Concurrent Cleanup for Next Mark
[2024-05-30T13:56:34.225+0000][12133.645s][info][gc,marking  ] GC(2469) Concurrent Cleanup for Next Mark 17.124ms
[2024-05-30T13:56:34.225+0000][12133.645s][info][gc          ] GC(2469) Concurrent Mark Cycle 5746.973ms
[2024-05-30T13:56:38.927+0000][12138.346s][info][gc,start    ] GC(2471) Pause Young (Prepare Mixed) (G1 Evacuation Pause)
[2024-05-30T13:56:38.927+0000][12138.346s][info][gc,task     ] GC(2471) Using 6 workers of 6 for evacuation
[2024-05-30T13:56:38.954+0000][12138.374s][info][gc,phases   ] GC(2471)   Pre Evacuate Collection Set: 0.2ms
[2024-05-30T13:56:38.954+0000][12138.374s][info][gc,phases   ] GC(2471)   Merge Heap Roots: 0.3ms
[2024-05-30T13:56:38.954+0000][12138.374s][info][gc,phases   ] GC(2471)   Evacuate Collection Set: 25.3ms
[2024-05-30T13:56:38.954+0000][12138.374s][info][gc,phases   ] GC(2471)   Post Evacuate Collection Set: 1.7ms
[2024-05-30T13:56:38.954+0000][12138.374s][info][gc,phases   ] GC(2471)   Other: 0.2ms
[2024-05-30T13:56:38.954+0000][12138.374s][info][gc,heap     ] GC(2471) Eden regions: 728->0(65)
[2024-05-30T13:56:38.954+0000][12138.374s][info][gc,heap     ] GC(2471) Survivor regions: 9->11(93)
[2024-05-30T13:56:38.954+0000][12138.374s][info][gc,heap     ] GC(2471) Old regions: 472->472
[2024-05-30T13:56:38.954+0000][12138.374s][info][gc,heap     ] GC(2471) Archive regions: 2->2
[2024-05-30T13:56:38.954+0000][12138.374s][info][gc,heap     ] GC(2471) Humongous regions: 5->5
[2024-05-30T13:56:38.954+0000][12138.374s][info][gc,metaspace] GC(2471) Metaspace: 433831K(440064K)->433831K(440064K) NonClass: 379831K(383232K)->379831K(383232K) Class: 53999K(56832K)->53999K(56832K)
[2024-05-30T13:56:38.954+0000][12138.374s][info][gc          ] GC(2471) Pause Young (Prepare Mixed) (G1 Evacuation Pause) 9710M->3904M(12288M) 27.615ms
[2024-05-30T13:56:38.954+0000][12138.374s][info][gc,cpu      ] GC(2471) User=0.16s Sys=0.00s Real=0.03s
[2024-05-30T13:56:39.390+0000][12138.810s][info][gc,start    ] GC(2472) Pause Young (Mixed) (G1 Evacuation Pause)
[2024-05-30T13:56:39.390+0000][12138.810s][info][gc,task     ] GC(2472) Using 6 workers of 6 for evacuation
[2024-05-30T13:56:39.458+0000][12138.877s][info][gc,phases   ] GC(2472)   Pre Evacuate Collection Set: 0.2ms
[2024-05-30T13:56:39.458+0000][12138.877s][info][gc,phases   ] GC(2472)   Merge Heap Roots: 0.4ms
[2024-05-30T13:56:39.458+0000][12138.877s][info][gc,phases   ] GC(2472)   Evacuate Collection Set: 65.6ms
[2024-05-30T13:56:39.458+0000][12138.877s][info][gc,phases   ] GC(2472)   Post Evacuate Collection Set: 1.3ms
[2024-05-30T13:56:39.458+0000][12138.877s][info][gc,phases   ] GC(2472)   Other: 0.2ms
[2024-05-30T13:56:39.458+0000][12138.877s][info][gc,heap     ] GC(2472) Eden regions: 65->0(730)
[2024-05-30T13:56:39.458+0000][12138.877s][info][gc,heap     ] GC(2472) Survivor regions: 11->6(10)
[2024-05-30T13:56:39.458+0000][12138.877s][info][gc,heap     ] GC(2472) Old regions: 472->473
[2024-05-30T13:56:39.458+0000][12138.877s][info][gc,heap     ] GC(2472) Archive regions: 2->2
[2024-05-30T13:56:39.458+0000][12138.877s][info][gc,heap     ] GC(2472) Humongous regions: 5->5
[2024-05-30T13:56:39.458+0000][12138.877s][info][gc,metaspace] GC(2472) Metaspace: 433831K(440064K)->433831K(440064K) NonClass: 379831K(383232K)->379831K(383232K) Class: 53999K(56832K)->53999K(56832K)
[2024-05-30T13:56:39.458+0000][12138.877s][info][gc          ] GC(2472) Pause Young (Mixed) (G1 Evacuation Pause) 4424M->3875M(12288M) 67.834ms
[2024-05-30T13:56:39.458+0000][12138.878s][info][gc,cpu      ] GC(2472) User=0.39s Sys=0.00s Real=0.07s
[2024-05-30T13:56:44.345+0000][12143.764s][info][gc,start    ] GC(2473) Pause Young (Normal) (G1 Evacuation Pause)
[2024-05-30T13:56:44.345+0000][12143.764s][info][gc,task     ] GC(2473) Using 6 workers of 6 for evacuation
[2024-05-30T13:56:44.358+0000][12143.778s][info][gc,phases   ] GC(2473)   Pre Evacuate Collection Set: 0.2ms
[2024-05-30T13:56:44.358+0000][12143.778s][info][gc,phases   ] GC(2473)   Merge Heap Roots: 0.2ms
[2024-05-30T13:56:44.358+0000][12143.778s][info][gc,phases   ] GC(2473)   Evacuate Collection Set: 11.1ms
[2024-05-30T13:56:44.358+0000][12143.778s][info][gc,phases   ] GC(2473)   Post Evacuate Collection Set: 1.6ms
[2024-05-30T13:56:44.358+0000][12143.778s][info][gc,phases   ] GC(2473)   Other: 0.2ms
[2024-05-30T13:56:44.358+0000][12143.778s][info][gc,heap     ] GC(2473) Eden regions: 730->0(729)
[2024-05-30T13:56:44.358+0000][12143.778s][info][gc,heap     ] GC(2473) Survivor regions: 6->7(92)
[2024-05-30T13:56:44.358+0000][12143.778s][info][gc,heap     ] GC(2473) Old regions: 473->473
[2024-05-30T13:56:44.358+0000][12143.778s][info][gc,heap     ] GC(2473) Archive regions: 2->2
[2024-05-30T13:56:44.358+0000][12143.778s][info][gc,heap     ] GC(2473) Humongous regions: 5->5
[2024-05-30T13:56:44.358+0000][12143.778s][info][gc,metaspace] GC(2473) Metaspace: 433831K(440064K)->433831K(440064K) NonClass: 379831K(383232K)->379831K(383232K) Class: 53999K(56832K)->53999K(56832K)
[2024-05-30T13:56:44.359+0000][12143.778s][info][gc          ] GC(2473) Pause Young (Normal) (G1 Evacuation Pause) 9715M->3878M(12288M) 13.352ms
[2024-05-30T13:56:44.359+0000][12143.778s][info][gc,cpu      ] GC(2473) User=0.07s Sys=0.00s Real=0.02s
[2024-05-30T13:56:49.245+0000][12148.664s][info][gc,start    ] GC(2474) Pause Young (Normal) (G1 Evacuation Pause)
[2024-05-30T13:56:49.245+0000][12148.664s][info][gc,task     ] GC(2474) Using 6 workers of 6 for evacuation
[2024-05-30T13:56:49.260+0000][12148.680s][info][gc,phases   ] GC(2474)   Pre Evacuate Collection Set: 0.2ms
[2024-05-30T13:56:49.260+0000][12148.680s][info][gc,phases   ] GC(2474)   Merge Heap Roots: 0.2ms
[2024-05-30T13:56:49.260+0000][12148.680s][info][gc,phases   ] GC(2474)   Evacuate Collection Set: 13.1ms
[2024-05-30T13:56:49.260+0000][12148.680s][info][gc,phases   ] GC(2474)   Post Evacuate Collection Set: 1.8ms
[2024-05-30T13:56:49.260+0000][12148.680s][info][gc,phases   ] GC(2474)   Other: 0.2ms
[2024-05-30T13:56:49.260+0000][12148.680s][info][gc,heap     ] GC(2474) Eden regions: 729->0(728)
[2024-05-30T13:56:49.260+0000][12148.680s][info][gc,heap     ] GC(2474) Survivor regions: 7->8(92)
[2024-05-30T13:56:49.260+0000][12148.680s][info][gc,heap     ] GC(2474) Old regions: 473->473
[2024-05-30T13:56:49.260+0000][12148.680s][info][gc,heap     ] GC(2474) Archive regions: 2->2
[2024-05-30T13:56:49.260+0000][12148.680s][info][gc,heap     ] GC(2474) Humongous regions: 5->5
[2024-05-30T13:56:49.260+0000][12148.680s][info][gc,metaspace] GC(2474) Metaspace: 433831K(440064K)->433831K(440064K) NonClass: 379831K(383232K)->379831K(383232K) Class: 53999K(56832K)->53999K(56832K)
[2024-05-30T13:56:49.261+0000][12148.680s][info][gc          ] GC(2474) Pause Young (Normal) (G1 Evacuation Pause) 9710M->3886M(12288M) 15.460ms
[2024-05-30T13:56:49.261+0000][12148.680s][info][gc,cpu      ] GC(2474) User=0.09s Sys=0.00s Real=0.02s
[2024-05-30T13:56:53.919+0000][12153.338s][info][gc,start    ] GC(2475) Pause Young (Concurrent Start) (G1 Evacuation Pause)
[2024-05-30T13:56:53.919+0000][12153.338s][info][gc,task     ] GC(2475) Using 6 workers of 6 for evacuation
[2024-05-30T13:56:53.939+0000][12153.358s][info][gc,phases   ] GC(2475)   Pre Evacuate Collection Set: 0.6ms
[2024-05-30T13:56:53.939+0000][12153.358s][info][gc,phases   ] GC(2475)   Merge Heap Roots: 0.2ms
[2024-05-30T13:56:53.939+0000][12153.358s][info][gc,phases   ] GC(2475)   Evacuate Collection Set: 16.7ms
[2024-05-30T13:56:53.939+0000][12153.358s][info][gc,phases   ] GC(2475)   Post Evacuate Collection Set: 1.9ms
[2024-05-30T13:56:53.939+0000][12153.358s][info][gc,phases   ] GC(2475)   Other: 0.3ms
[2024-05-30T13:56:53.939+0000][12153.358s][info][gc,heap     ] GC(2475) Eden regions: 728->0(725)
[2024-05-30T13:56:53.939+0000][12153.358s][info][gc,heap     ] GC(2475) Survivor regions: 8->10(92)
[2024-05-30T13:56:53.939+0000][12153.358s][info][gc,heap     ] GC(2475) Old regions: 473->473
[2024-05-30T13:56:53.939+0000][12153.358s][info][gc,heap     ] GC(2475) Archive regions: 2->2
[2024-05-30T13:56:53.939+0000][12153.358s][info][gc,heap     ] GC(2475) Humongous regions: 5->5
[2024-05-30T13:56:53.939+0000][12153.358s][info][gc,metaspace] GC(2475) Metaspace: 433832K(440064K)->433832K(440064K) NonClass: 379832K(383232K)->379832K(383232K) Class: 53999K(56832K)->53999K(56832K)
[2024-05-30T13:56:53.939+0000][12153.358s][info][gc          ] GC(2475) Pause Young (Concurrent Start) (G1 Evacuation Pause) 9710M->3903M(12288M) 19.751ms
[2024-05-30T13:56:53.939+0000][12153.358s][info][gc,cpu      ] GC(2475) User=0.11s Sys=0.00s Real=0.02s
[2024-05-30T13:56:53.939+0000][12153.358s][info][gc          ] GC(2476) Concurrent Mark Cycle
[2024-05-30T13:56:53.939+0000][12153.358s][info][gc,marking  ] GC(2476) Concurrent Clear Claimed Marks
[2024-05-30T13:56:53.939+0000][12153.358s][info][gc,marking  ] GC(2476) Concurrent Clear Claimed Marks 0.395ms
[2024-05-30T13:56:53.939+0000][12153.358s][info][gc,marking  ] GC(2476) Concurrent Scan Root Regions
[2024-05-30T13:56:53.969+0000][12153.388s][info][gc,marking  ] GC(2476) Concurrent Scan Root Regions 29.706ms
[2024-05-30T13:56:53.969+0000][12153.388s][info][gc,marking  ] GC(2476) Concurrent Mark
[2024-05-30T13:56:53.969+0000][12153.388s][info][gc,marking  ] GC(2476) Concurrent Mark From Roots
[2024-05-30T13:56:53.969+0000][12153.388s][info][gc,task     ] GC(2476) Using 2 workers of 2 for marking
[2024-05-30T13:56:57.586+0000][12157.005s][info][gc,start    ] GC(2477) Pause Young (Normal) (G1 Evacuation Pause)
[2024-05-30T13:56:57.586+0000][12157.005s][info][gc,task     ] GC(2477) Using 6 workers of 6 for evacuation
[2024-05-30T13:56:57.619+0000][12157.038s][info][gc,phases   ] GC(2477)   Pre Evacuate Collection Set: 0.2ms
[2024-05-30T13:56:57.619+0000][12157.038s][info][gc,phases   ] GC(2477)   Merge Heap Roots: 0.3ms
[2024-05-30T13:56:57.619+0000][12157.038s][info][gc,phases   ] GC(2477)   Evacuate Collection Set: 27.3ms
[2024-05-30T13:56:57.619+0000][12157.038s][info][gc,phases   ] GC(2477)   Post Evacuate Collection Set: 5.6ms
[2024-05-30T13:56:57.619+0000][12157.038s][info][gc,phases   ] GC(2477)   Other: 0.2ms
[2024-05-30T13:56:57.619+0000][12157.038s][info][gc,heap     ] GC(2477) Eden regions: 725->0(724)
[2024-05-30T13:56:57.619+0000][12157.038s][info][gc,heap     ] GC(2477) Survivor regions: 10->11(92)
[2024-05-30T13:56:57.619+0000][12157.038s][info][gc,heap     ] GC(2477) Old regions: 473->473
[2024-05-30T13:56:57.619+0000][12157.038s][info][gc,heap     ] GC(2477) Archive regions: 2->2
[2024-05-30T13:56:57.619+0000][12157.038s][info][gc,heap     ] GC(2477) Humongous regions: 5->5
[2024-05-30T13:56:57.619+0000][12157.038s][info][gc,metaspace] GC(2477) Metaspace: 433833K(440064K)->433833K(440064K) NonClass: 379833K(383232K)->379833K(383232K) Class: 53999K(56832K)->53999K(56832K)
[2024-05-30T13:56:57.619+0000][12157.038s][info][gc          ] GC(2477) Pause Young (Normal) (G1 Evacuation Pause) 9703M->3912M(12288M) 33.596ms
[2024-05-30T13:56:57.619+0000][12157.039s][info][gc,cpu      ] GC(2477) User=0.19s Sys=0.00s Real=0.04s
[2024-05-30T13:56:58.054+0000][12157.473s][info][gc,marking  ] GC(2476) Concurrent Mark From Roots 4085.129ms
[2024-05-30T13:56:58.054+0000][12157.473s][info][gc,marking  ] GC(2476) Concurrent Preclean
[2024-05-30T13:56:58.056+0000][12157.475s][info][gc,marking  ] GC(2476) Concurrent Preclean 1.945ms
[2024-05-30T13:56:58.056+0000][12157.475s][info][gc,start    ] GC(2476) Pause Remark
[2024-05-30T13:56:58.081+0000][12157.500s][info][gc          ] GC(2476) Pause Remark 4948M->4948M(12288M) 24.354ms
[2024-05-30T13:56:58.081+0000][12157.500s][info][gc,cpu      ] GC(2476) User=0.10s Sys=0.00s Real=0.03s
[2024-05-30T13:56:58.081+0000][12157.500s][info][gc,marking  ] GC(2476) Concurrent Mark 4112.120ms
[2024-05-30T13:56:58.081+0000][12157.500s][info][gc,marking  ] GC(2476) Concurrent Rebuild Remembered Sets
[2024-05-30T13:56:59.943+0000][12159.362s][info][gc,start    ] GC(2478) Pause Young (Normal) (G1 Evacuation Pause)
[2024-05-30T13:56:59.943+0000][12159.362s][info][gc,task     ] GC(2478) Using 6 workers of 6 for evacuation
[2024-05-30T13:57:00.008+0000][12159.427s][info][gc,phases   ] GC(2478)   Pre Evacuate Collection Set: 0.2ms
[2024-05-30T13:57:00.008+0000][12159.427s][info][gc,phases   ] GC(2478)   Merge Heap Roots: 0.3ms
[2024-05-30T13:57:00.008+0000][12159.427s][info][gc,phases   ] GC(2478)   Evacuate Collection Set: 51.2ms
[2024-05-30T13:57:00.008+0000][12159.427s][info][gc,phases   ] GC(2478)   Post Evacuate Collection Set: 13.0ms
[2024-05-30T13:57:00.008+0000][12159.427s][info][gc,phases   ] GC(2478)   Other: 0.2ms
[2024-05-30T13:57:00.008+0000][12159.427s][info][gc,heap     ] GC(2478) Eden regions: 724->0(722)
[2024-05-30T13:57:00.008+0000][12159.427s][info][gc,heap     ] GC(2478) Survivor regions: 11->12(92)
[2024-05-30T13:57:00.008+0000][12159.427s][info][gc,heap     ] GC(2478) Old regions: 473->473
[2024-05-30T13:57:00.008+0000][12159.427s][info][gc,heap     ] GC(2478) Archive regions: 2->2
[2024-05-30T13:57:00.008+0000][12159.427s][info][gc,heap     ] GC(2478) Humongous regions: 5->5
[2024-05-30T13:57:00.008+0000][12159.427s][info][gc,metaspace] GC(2478) Metaspace: 433833K(440064K)->433833K(440064K) NonClass: 379833K(383232K)->379833K(383232K) Class: 53999K(56832K)->53999K(56832K)
[2024-05-30T13:57:00.008+0000][12159.427s][info][gc          ] GC(2478) Pause Young (Normal) (G1 Evacuation Pause) 9704M->3923M(12288M) 64.953ms
[2024-05-30T13:57:00.008+0000][12159.427s][info][gc,cpu      ] GC(2478) User=0.38s Sys=0.00s Real=0.06s
[2024-05-30T13:57:00.163+0000][12159.582s][info][gc,marking  ] GC(2476) Concurrent Rebuild Remembered Sets 2081.494ms
[2024-05-30T13:57:00.163+0000][12159.582s][info][gc,start    ] GC(2476) Pause Cleanup
[2024-05-30T13:57:00.163+0000][12159.583s][info][gc          ] GC(2476) Pause Cleanup 4267M->4267M(12288M) 0.555ms
[2024-05-30T13:57:00.163+0000][12159.583s][info][gc,cpu      ] GC(2476) User=0.00s Sys=0.00s Real=0.00s
[2024-05-30T13:57:00.163+0000][12159.583s][info][gc,marking  ] GC(2476) Concurrent Cleanup for Next Mark
[2024-05-30T13:57:00.181+0000][12159.600s][info][gc,marking  ] GC(2476) Concurrent Cleanup for Next Mark 17.239ms
[2024-05-30T13:57:00.181+0000][12159.600s][info][gc          ] GC(2476) Concurrent Mark Cycle 6241.968ms
[2024-05-30T13:57:02.055+0000][12161.474s][info][gc,start    ] GC(2479) Pause Young (Prepare Mixed) (G1 Evacuation Pause)
[2024-05-30T13:57:02.055+0000][12161.475s][info][gc,task     ] GC(2479) Using 6 workers of 6 for evacuation
[2024-05-30T13:57:02.137+0000][12161.557s][info][gc,phases   ] GC(2479)   Pre Evacuate Collection Set: 0.2ms
[2024-05-30T13:57:02.137+0000][12161.557s][info][gc,phases   ] GC(2479)   Merge Heap Roots: 0.4ms
[2024-05-30T13:57:02.137+0000][12161.557s][info][gc,phases   ] GC(2479)   Evacuate Collection Set: 66.8ms
[2024-05-30T13:57:02.137+0000][12161.557s][info][gc,phases   ] GC(2479)   Post Evacuate Collection Set: 14.7ms
[2024-05-30T13:57:02.137+0000][12161.557s][info][gc,phases   ] GC(2479)   Other: 0.2ms
[2024-05-30T13:57:02.137+0000][12161.557s][info][gc,heap     ] GC(2479) Eden regions: 722->0(60)
[2024-05-30T13:57:02.137+0000][12161.557s][info][gc,heap     ] GC(2479) Survivor regions: 12->16(92)
[2024-05-30T13:57:02.137+0000][12161.557s][info][gc,heap     ] GC(2479) Old regions: 473->473
[2024-05-30T13:57:02.137+0000][12161.557s][info][gc,heap     ] GC(2479) Archive regions: 2->2
[2024-05-30T13:57:02.137+0000][12161.557s][info][gc,heap     ] GC(2479) Humongous regions: 5->5
[2024-05-30T13:57:02.137+0000][12161.557s][info][gc,metaspace] GC(2479) Metaspace: 433833K(440064K)->433833K(440064K) NonClass: 379833K(383232K)->379833K(383232K) Class: 53999K(56832K)->53999K(56832K)
[2024-05-30T13:57:02.138+0000][12161.557s][info][gc          ] GC(2479) Pause Young (Prepare Mixed) (G1 Evacuation Pause) 9699M->3954M(12288M) 82.267ms
[2024-05-30T13:57:02.138+0000][12161.557s][info][gc,cpu      ] GC(2479) User=0.48s Sys=0.00s Real=0.09s
[2024-05-30T13:57:02.328+0000][12161.748s][info][gc,start    ] GC(2480) Pause Young (Mixed) (G1 Evacuation Pause)
[2024-05-30T13:57:02.328+0000][12161.748s][info][gc,task     ] GC(2480) Using 6 workers of 6 for evacuation
[2024-05-30T13:57:02.432+0000][12161.851s][info][gc,phases   ] GC(2480)   Pre Evacuate Collection Set: 0.2ms
[2024-05-30T13:57:02.432+0000][12161.851s][info][gc,phases   ] GC(2480)   Merge Heap Roots: 0.5ms
[2024-05-30T13:57:02.432+0000][12161.851s][info][gc,phases   ] GC(2480)   Evacuate Collection Set: 100.3ms
[2024-05-30T13:57:02.432+0000][12161.851s][info][gc,phases   ] GC(2480)   Post Evacuate Collection Set: 2.4ms
[2024-05-30T13:57:02.432+0000][12161.851s][info][gc,phases   ] GC(2480)   Other: 0.2ms
[2024-05-30T13:57:02.432+0000][12161.851s][info][gc,heap     ] GC(2480) Eden regions: 60->0(719)
[2024-05-30T13:57:02.432+0000][12161.851s][info][gc,heap     ] GC(2480) Survivor regions: 16->3(10)
[2024-05-30T13:57:02.432+0000][12161.851s][info][gc,heap     ] GC(2480) Old regions: 473->484
[2024-05-30T13:57:02.432+0000][12161.851s][info][gc,heap     ] GC(2480) Archive regions: 2->2
[2024-05-30T13:57:02.432+0000][12161.851s][info][gc,heap     ] GC(2480) Humongous regions: 5->5
[2024-05-30T13:57:02.432+0000][12161.851s][info][gc,metaspace] GC(2480) Metaspace: 433833K(440064K)->433833K(440064K) NonClass: 379833K(383232K)->379833K(383232K) Class: 53999K(56832K)->53999K(56832K)
[2024-05-30T13:57:02.432+0000][12161.851s][info][gc          ] GC(2480) Pause Young (Mixed) (G1 Evacuation Pause) 4434M->3933M(12288M) 103.558ms
[2024-05-30T13:57:02.432+0000][12161.851s][info][gc,cpu      ] GC(2480) User=0.59s Sys=0.02s Real=0.10s
[2024-05-30T13:57:04.430+0000][12163.849s][info][gc,start    ] GC(2481) Pause Young (Normal) (G1 Evacuation Pause)
[2024-05-30T13:57:04.430+0000][12163.849s][info][gc,task     ] GC(2481) Using 6 workers of 6 for evacuation
[2024-05-30T13:57:04.485+0000][12163.905s][info][gc,phases   ] GC(2481)   Pre Evacuate Collection Set: 0.2ms
[2024-05-30T13:57:04.485+0000][12163.905s][info][gc,phases   ] GC(2481)   Merge Heap Roots: 0.3ms
[2024-05-30T13:57:04.485+0000][12163.905s][info][gc,phases   ] GC(2481)   Evacuate Collection Set: 42.7ms
[2024-05-30T13:57:04.486+0000][12163.905s][info][gc,phases   ] GC(2481)   Post Evacuate Collection Set: 12.4ms
[2024-05-30T13:57:04.486+0000][12163.905s][info][gc,phases   ] GC(2481)   Other: 0.2ms
[2024-05-30T13:57:04.486+0000][12163.905s][info][gc,heap     ] GC(2481) Eden regions: 719->0(716)
[2024-05-30T13:57:04.486+0000][12163.905s][info][gc,heap     ] GC(2481) Survivor regions: 3->6(91)
[2024-05-30T13:57:04.486+0000][12163.905s][info][gc,heap     ] GC(2481) Old regions: 484->484
[2024-05-30T13:57:04.486+0000][12163.905s][info][gc,heap     ] GC(2481) Archive regions: 2->2
[2024-05-30T13:57:04.486+0000][12163.905s][info][gc,heap     ] GC(2481) Humongous regions: 5->5
[2024-05-30T13:57:04.486+0000][12163.905s][info][gc,metaspace] GC(2481) Metaspace: 433833K(440064K)->433833K(440064K) NonClass: 379833K(383232K)->379833K(383232K) Class: 53999K(56832K)->53999K(56832K)
[2024-05-30T13:57:04.486+0000][12163.905s][info][gc          ] GC(2481) Pause Young (Normal) (G1 Evacuation Pause) 9685M->3954M(12288M) 55.868ms
[2024-05-30T13:57:04.486+0000][12163.905s][info][gc,cpu      ] GC(2481) User=0.33s Sys=0.00s Real=0.05s
[2024-05-30T13:57:07.496+0000][12166.916s][info][gc,start    ] GC(2482) Pause Young (Normal) (G1 Evacuation Pause)
[2024-05-30T13:57:07.496+0000][12166.916s][info][gc,task     ] GC(2482) Using 6 workers of 6 for evacuation
[2024-05-30T13:57:07.512+0000][12166.932s][info][gc,phases   ] GC(2482)   Pre Evacuate Collection Set: 0.2ms
[2024-05-30T13:57:07.512+0000][12166.932s][info][gc,phases   ] GC(2482)   Merge Heap Roots: 0.4ms
[2024-05-30T13:57:07.512+0000][12166.932s][info][gc,phases   ] GC(2482)   Evacuate Collection Set: 13.3ms
[2024-05-30T13:57:07.512+0000][12166.932s][info][gc,phases   ] GC(2482)   Post Evacuate Collection Set: 1.9ms
[2024-05-30T13:57:07.512+0000][12166.932s][info][gc,phases   ] GC(2482)   Other: 0.2ms
[2024-05-30T13:57:07.512+0000][12166.932s][info][gc,heap     ] GC(2482) Eden regions: 716->0(719)
[2024-05-30T13:57:07.512+0000][12166.932s][info][gc,heap     ] GC(2482) Survivor regions: 6->4(91)
[2024-05-30T13:57:07.512+0000][12166.932s][info][gc,heap     ] GC(2482) Old regions: 484->484
[2024-05-30T13:57:07.512+0000][12166.932s][info][gc,heap     ] GC(2482) Archive regions: 2->2
[2024-05-30T13:57:07.512+0000][12166.932s][info][gc,heap     ] GC(2482) Humongous regions: 5->5
[2024-05-30T13:57:07.512+0000][12166.932s][info][gc,metaspace] GC(2482) Metaspace: 433833K(440064K)->433833K(440064K) NonClass: 379833K(383232K)->379833K(383232K) Class: 53999K(56832K)->53999K(56832K)
[2024-05-30T13:57:07.512+0000][12166.932s][info][gc          ] GC(2482) Pause Young (Normal) (G1 Evacuation Pause) 9682M->3940M(12288M) 16.021ms
[2024-05-30T13:57:07.512+0000][12166.932s][info][gc,cpu      ] GC(2482) User=0.08s Sys=0.01s Real=0.01s
[2024-05-30T13:57:09.677+0000][12169.096s][info][gc,start    ] GC(2483) Pause Young (Concurrent Start) (G1 Evacuation Pause)
[2024-05-30T13:57:09.677+0000][12169.096s][info][gc,task     ] GC(2483) Using 6 workers of 6 for evacuation
[2024-05-30T13:57:09.687+0000][12169.106s][info][gc,phases   ] GC(2483)   Pre Evacuate Collection Set: 0.5ms
[2024-05-30T13:57:09.687+0000][12169.106s][info][gc,phases   ] GC(2483)   Merge Heap Roots: 0.2ms
[2024-05-30T13:57:09.687+0000][12169.106s][info][gc,phases   ] GC(2483)   Evacuate Collection Set: 7.1ms
[2024-05-30T13:57:09.687+0000][12169.106s][info][gc,phases   ] GC(2483)   Post Evacuate Collection Set: 1.7ms
[2024-05-30T13:57:09.687+0000][12169.106s][info][gc,phases   ] GC(2483)   Other: 0.3ms
[2024-05-30T13:57:09.687+0000][12169.106s][info][gc,heap     ] GC(2483) Eden regions: 719->0(721)
[2024-05-30T13:57:09.687+0000][12169.106s][info][gc,heap     ] GC(2483) Survivor regions: 4->4(91)
[2024-05-30T13:57:09.687+0000][12169.106s][info][gc,heap     ] GC(2483) Old regions: 484->484
[2024-05-30T13:57:09.687+0000][12169.106s][info][gc,heap     ] GC(2483) Archive regions: 2->2
[2024-05-30T13:57:09.687+0000][12169.106s][info][gc,heap     ] GC(2483) Humongous regions: 5->5
[2024-05-30T13:57:09.687+0000][12169.106s][info][gc,metaspace] GC(2483) Metaspace: 433833K(440064K)->433833K(440064K) NonClass: 379833K(383232K)->379833K(383232K) Class: 53999K(56832K)->53999K(56832K)
[2024-05-30T13:57:09.687+0000][12169.106s][info][gc          ] GC(2483) Pause Young (Concurrent Start) (G1 Evacuation Pause) 9692M->3938M(12288M) 9.803ms
[2024-05-30T13:57:09.687+0000][12169.106s][info][gc,cpu      ] GC(2483) User=0.05s Sys=0.00s Real=0.00s
[2024-05-30T13:57:09.687+0000][12169.106s][info][gc          ] GC(2484) Concurrent Mark Cycle
[2024-05-30T13:57:09.687+0000][12169.106s][info][gc,marking  ] GC(2484) Concurrent Clear Claimed Marks
[2024-05-30T13:57:09.687+0000][12169.106s][info][gc,marking  ] GC(2484) Concurrent Clear Claimed Marks 0.417ms
[2024-05-30T13:57:09.687+0000][12169.106s][info][gc,marking  ] GC(2484) Concurrent Scan Root Regions
[2024-05-30T13:57:09.696+0000][12169.115s][info][gc,marking  ] GC(2484) Concurrent Scan Root Regions 8.492ms
[2024-05-30T13:57:09.696+0000][12169.115s][info][gc,marking  ] GC(2484) Concurrent Mark
[2024-05-30T13:57:09.696+0000][12169.115s][info][gc,marking  ] GC(2484) Concurrent Mark From Roots
[2024-05-30T13:57:09.696+0000][12169.115s][info][gc,task     ] GC(2484) Using 2 workers of 2 for marking
[2024-05-30T13:57:13.630+0000][12173.049s][info][gc,marking  ] GC(2484) Concurrent Mark From Roots 3934.109ms
[2024-05-30T13:57:13.630+0000][12173.049s][info][gc,marking  ] GC(2484) Concurrent Preclean
[2024-05-30T13:57:13.632+0000][12173.051s][info][gc,marking  ] GC(2484) Concurrent Preclean 1.761ms
[2024-05-30T13:57:13.632+0000][12173.051s][info][gc,start    ] GC(2484) Pause Remark
[2024-05-30T13:57:13.656+0000][12173.075s][info][gc          ] GC(2484) Pause Remark 8791M->8791M(12288M) 24.407ms
[2024-05-30T13:57:13.656+0000][12173.075s][info][gc,cpu      ] GC(2484) User=0.09s Sys=0.01s Real=0.02s
[2024-05-30T13:57:13.656+0000][12173.076s][info][gc,marking  ] GC(2484) Concurrent Mark 3960.666ms
[2024-05-30T13:57:13.656+0000][12173.076s][info][gc,marking  ] GC(2484) Concurrent Rebuild Remembered Sets
[2024-05-30T13:57:14.518+0000][12173.937s][info][gc,start    ] GC(2485) Pause Young (Normal) (G1 Evacuation Pause)
[2024-05-30T13:57:14.518+0000][12173.937s][info][gc,task     ] GC(2485) Using 6 workers of 6 for evacuation
[2024-05-30T13:57:14.530+0000][12173.949s][info][gc,phases   ] GC(2485)   Pre Evacuate Collection Set: 0.2ms
[2024-05-30T13:57:14.530+0000][12173.949s][info][gc,phases   ] GC(2485)   Merge Heap Roots: 0.3ms
[2024-05-30T13:57:14.530+0000][12173.949s][info][gc,phases   ] GC(2485)   Evacuate Collection Set: 9.8ms
[2024-05-30T13:57:14.530+0000][12173.949s][info][gc,phases   ] GC(2485)   Post Evacuate Collection Set: 1.6ms
[2024-05-30T13:57:14.530+0000][12173.949s][info][gc,phases   ] GC(2485)   Other: 0.2ms
[2024-05-30T13:57:14.530+0000][12173.949s][info][gc,heap     ] GC(2485) Eden regions: 721->0(719)
[2024-05-30T13:57:14.530+0000][12173.949s][info][gc,heap     ] GC(2485) Survivor regions: 4->6(91)
[2024-05-30T13:57:14.530+0000][12173.949s][info][gc,heap     ] GC(2485) Old regions: 484->484
[2024-05-30T13:57:14.530+0000][12173.949s][info][gc,heap     ] GC(2485) Archive regions: 2->2
[2024-05-30T13:57:14.530+0000][12173.949s][info][gc,heap     ] GC(2485) Humongous regions: 5->5
[2024-05-30T13:57:14.530+0000][12173.949s][info][gc,metaspace] GC(2485) Metaspace: 433833K(440064K)->433833K(440064K) NonClass: 379833K(383232K)->379833K(383232K) Class: 53999K(56832K)->53999K(56832K)
[2024-05-30T13:57:14.530+0000][12173.949s][info][gc          ] GC(2485) Pause Young (Normal) (G1 Evacuation Pause) 9706M->3952M(12288M) 12.035ms
[2024-05-30T13:57:14.530+0000][12173.949s][info][gc,cpu      ] GC(2485) User=0.07s Sys=0.00s Real=0.01s
[2024-05-30T13:57:15.495+0000][12174.914s][info][gc,marking  ] GC(2484) Concurrent Rebuild Remembered Sets 1838.216ms
[2024-05-30T13:57:15.495+0000][12174.914s][info][gc,start    ] GC(2484) Pause Cleanup
[2024-05-30T13:57:15.495+0000][12174.915s][info][gc          ] GC(2484) Pause Cleanup 5016M->5016M(12288M) 0.635ms
[2024-05-30T13:57:15.495+0000][12174.915s][info][gc,cpu      ] GC(2484) User=0.00s Sys=0.00s Real=0.00s
[2024-05-30T13:57:15.496+0000][12174.915s][info][gc,marking  ] GC(2484) Concurrent Cleanup for Next Mark
[2024-05-30T13:57:15.514+0000][12174.933s][info][gc,marking  ] GC(2484) Concurrent Cleanup for Next Mark 18.678ms
[2024-05-30T13:57:15.514+0000][12174.933s][info][gc          ] GC(2484) Concurrent Mark Cycle 5827.571ms
[2024-05-30T13:57:19.403+0000][12178.822s][info][gc,start    ] GC(2486) Pause Young (Prepare Mixed) (G1 Evacuation Pause)
[2024-05-30T13:57:19.403+0000][12178.822s][info][gc,task     ] GC(2486) Using 6 workers of 6 for evacuation
[2024-05-30T13:57:19.417+0000][12178.836s][info][gc,phases   ] GC(2486)   Pre Evacuate Collection Set: 0.2ms
[2024-05-30T13:57:19.417+0000][12178.836s][info][gc,phases   ] GC(2486)   Merge Heap Roots: 0.3ms
[2024-05-30T13:57:19.417+0000][12178.836s][info][gc,phases   ] GC(2486)   Evacuate Collection Set: 11.7ms
[2024-05-30T13:57:19.417+0000][12178.836s][info][gc,phases   ] GC(2486)   Post Evacuate Collection Set: 1.8ms
[2024-05-30T13:57:19.417+0000][12178.836s][info][gc,phases   ] GC(2486)   Other: 0.2ms
[2024-05-30T13:57:19.417+0000][12178.836s][info][gc,heap     ] GC(2486) Eden regions: 719->0(69)
[2024-05-30T13:57:19.417+0000][12178.836s][info][gc,heap     ] GC(2486) Survivor regions: 6->7(91)
[2024-05-30T13:57:19.417+0000][12178.836s][info][gc,heap     ] GC(2486) Old regions: 484->484
[2024-05-30T13:57:19.417+0000][12178.836s][info][gc,heap     ] GC(2486) Archive regions: 2->2
[2024-05-30T13:57:19.417+0000][12178.836s][info][gc,heap     ] GC(2486) Humongous regions: 5->5
[2024-05-30T13:57:19.417+0000][12178.836s][info][gc,metaspace] GC(2486) Metaspace: 433833K(440064K)->433833K(440064K) NonClass: 379833K(383232K)->379833K(383232K) Class: 53999K(56832K)->53999K(56832K)
[2024-05-30T13:57:19.417+0000][12178.836s][info][gc          ] GC(2486) Pause Young (Prepare Mixed) (G1 Evacuation Pause) 9704M->3960M(12288M) 14.178ms
[2024-05-30T13:57:19.417+0000][12178.836s][info][gc,cpu      ] GC(2486) User=0.09s Sys=0.00s Real=0.02s
[2024-05-30T13:57:19.875+0000][12179.295s][info][gc,start    ] GC(2487) Pause Young (Mixed) (G1 Evacuation Pause)
[2024-05-30T13:57:19.876+0000][12179.295s][info][gc,task     ] GC(2487) Using 6 workers of 6 for evacuation
[2024-05-30T13:57:19.926+0000][12179.345s][info][gc,phases   ] GC(2487)   Pre Evacuate Collection Set: 0.2ms
[2024-05-30T13:57:19.926+0000][12179.345s][info][gc,phases   ] GC(2487)   Merge Heap Roots: 0.3ms
[2024-05-30T13:57:19.926+0000][12179.345s][info][gc,phases   ] GC(2487)   Evacuate Collection Set: 48.5ms
[2024-05-30T13:57:19.926+0000][12179.345s][info][gc,phases   ] GC(2487)   Post Evacuate Collection Set: 1.2ms
[2024-05-30T13:57:19.926+0000][12179.345s][info][gc,phases   ] GC(2487)   Other: 0.2ms
[2024-05-30T13:57:19.926+0000][12179.345s][info][gc,heap     ] GC(2487) Eden regions: 69->0(727)
[2024-05-30T13:57:19.926+0000][12179.345s][info][gc,heap     ] GC(2487) Survivor regions: 7->6(10)
[2024-05-30T13:57:19.926+0000][12179.345s][info][gc,heap     ] GC(2487) Old regions: 484->476
[2024-05-30T13:57:19.926+0000][12179.345s][info][gc,heap     ] GC(2487) Archive regions: 2->2
[2024-05-30T13:57:19.926+0000][12179.345s][info][gc,heap     ] GC(2487) Humongous regions: 5->5
[2024-05-30T13:57:19.926+0000][12179.345s][info][gc,metaspace] GC(2487) Metaspace: 433833K(440064K)->433833K(440064K) NonClass: 379833K(383232K)->379833K(383232K) Class: 53999K(56832K)->53999K(56832K)
[2024-05-30T13:57:19.926+0000][12179.345s][info][gc          ] GC(2487) Pause Young (Mixed) (G1 Evacuation Pause) 4512M->3887M(12288M) 50.376ms
[2024-05-30T13:57:19.926+0000][12179.345s][info][gc,cpu      ] GC(2487) User=0.29s Sys=0.00s Real=0.05s
[2024-05-30T13:57:24.733+0000][12184.152s][info][gc,start    ] GC(2488) Pause Young (Normal) (G1 Evacuation Pause)
[2024-05-30T13:57:24.733+0000][12184.152s][info][gc,task     ] GC(2488) Using 6 workers of 6 for evacuation
[2024-05-30T13:57:24.746+0000][12184.166s][info][gc,phases   ] GC(2488)   Pre Evacuate Collection Set: 0.2ms
[2024-05-30T13:57:24.747+0000][12184.166s][info][gc,phases   ] GC(2488)   Merge Heap Roots: 0.2ms
[2024-05-30T13:57:24.747+0000][12184.166s][info][gc,phases   ] GC(2488)   Evacuate Collection Set: 11.5ms
[2024-05-30T13:57:24.747+0000][12184.166s][info][gc,phases   ] GC(2488)   Post Evacuate Collection Set: 1.9ms
[2024-05-30T13:57:24.747+0000][12184.166s][info][gc,phases   ] GC(2488)   Other: 0.2ms
[2024-05-30T13:57:24.747+0000][12184.166s][info][gc,heap     ] GC(2488) Eden regions: 727->0(726)
[2024-05-30T13:57:24.747+0000][12184.166s][info][gc,heap     ] GC(2488) Survivor regions: 6->7(92)
[2024-05-30T13:57:24.747+0000][12184.166s][info][gc,heap     ] GC(2488) Old regions: 476->476
[2024-05-30T13:57:24.747+0000][12184.166s][info][gc,heap     ] GC(2488) Archive regions: 2->2
[2024-05-30T13:57:24.747+0000][12184.166s][info][gc,heap     ] GC(2488) Humongous regions: 5->5
[2024-05-30T13:57:24.747+0000][12184.166s][info][gc,metaspace] GC(2488) Metaspace: 433833K(440064K)->433833K(440064K) NonClass: 379833K(383232K)->379833K(383232K) Class: 53999K(56832K)->53999K(56832K)
[2024-05-30T13:57:24.747+0000][12184.166s][info][gc          ] GC(2488) Pause Young (Normal) (G1 Evacuation Pause) 9703M->3900M(12288M) 14.058ms
[2024-05-30T13:57:24.747+0000][12184.166s][info][gc,cpu      ] GC(2488) User=0.08s Sys=0.00s Real=0.01s
[2024-05-30T13:57:29.555+0000][12188.975s][info][gc,start    ] GC(2489) Pause Young (Normal) (G1 Evacuation Pause)
[2024-05-30T13:57:29.555+0000][12188.975s][info][gc,task     ] GC(2489) Using 6 workers of 6 for evacuation
[2024-05-30T13:57:29.573+0000][12188.992s][info][gc,phases   ] GC(2489)   Pre Evacuate Collection Set: 0.2ms
[2024-05-30T13:57:29.573+0000][12188.992s][info][gc,phases   ] GC(2489)   Merge Heap Roots: 0.2ms
[2024-05-30T13:57:29.573+0000][12188.992s][info][gc,phases   ] GC(2489)   Evacuate Collection Set: 14.8ms
[2024-05-30T13:57:29.573+0000][12188.992s][info][gc,phases   ] GC(2489)   Post Evacuate Collection Set: 1.9ms
[2024-05-30T13:57:29.573+0000][12188.992s][info][gc,phases   ] GC(2489)   Other: 0.2ms
[2024-05-30T13:57:29.573+0000][12188.992s][info][gc,heap     ] GC(2489) Eden regions: 726->0(725)
[2024-05-30T13:57:29.573+0000][12188.992s][info][gc,heap     ] GC(2489) Survivor regions: 7->8(92)
[2024-05-30T13:57:29.573+0000][12188.992s][info][gc,heap     ] GC(2489) Old regions: 476->476
[2024-05-30T13:57:29.573+0000][12188.992s][info][gc,heap     ] GC(2489) Archive regions: 2->2
[2024-05-30T13:57:29.573+0000][12188.992s][info][gc,heap     ] GC(2489) Humongous regions: 5->5
[2024-05-30T13:57:29.573+0000][12188.992s][info][gc,metaspace] GC(2489) Metaspace: 433834K(440064K)->433834K(440064K) NonClass: 379834K(383232K)->379834K(383232K) Class: 53999K(56832K)->53999K(56832K)
[2024-05-30T13:57:29.573+0000][12188.992s][info][gc          ] GC(2489) Pause Young (Normal) (G1 Evacuation Pause) 9708M->3906M(12288M) 17.351ms
[2024-05-30T13:57:29.573+0000][12188.992s][info][gc,cpu      ] GC(2489) User=0.10s Sys=0.00s Real=0.02s
[2024-05-30T13:57:34.565+0000][12193.985s][info][gc,start    ] GC(2490) Pause Young (Concurrent Start) (G1 Evacuation Pause)
[2024-05-30T13:57:34.565+0000][12193.985s][info][gc,task     ] GC(2490) Using 6 workers of 6 for evacuation
[2024-05-30T13:57:34.587+0000][12194.006s][info][gc,phases   ] GC(2490)   Pre Evacuate Collection Set: 0.5ms
[2024-05-30T13:57:34.587+0000][12194.006s][info][gc,phases   ] GC(2490)   Merge Heap Roots: 0.2ms
[2024-05-30T13:57:34.587+0000][12194.006s][info][gc,phases   ] GC(2490)   Evacuate Collection Set: 18.9ms
[2024-05-30T13:57:34.587+0000][12194.006s][info][gc,phases   ] GC(2490)   Post Evacuate Collection Set: 1.8ms
[2024-05-30T13:57:34.587+0000][12194.006s][info][gc,phases   ] GC(2490)   Other: 0.3ms
[2024-05-30T13:57:34.587+0000][12194.006s][info][gc,heap     ] GC(2490) Eden regions: 725->0(725)
[2024-05-30T13:57:34.587+0000][12194.006s][info][gc,heap     ] GC(2490) Survivor regions: 8->8(92)
[2024-05-30T13:57:34.587+0000][12194.006s][info][gc,heap     ] GC(2490) Old regions: 476->476
[2024-05-30T13:57:34.587+0000][12194.006s][info][gc,heap     ] GC(2490) Archive regions: 2->2
[2024-05-30T13:57:34.587+0000][12194.006s][info][gc,heap     ] GC(2490) Humongous regions: 5->5
[2024-05-30T13:57:34.587+0000][12194.006s][info][gc,metaspace] GC(2490) Metaspace: 433834K(440064K)->433834K(440064K) NonClass: 379834K(383232K)->379834K(383232K) Class: 53999K(56832K)->53999K(56832K)
[2024-05-30T13:57:34.587+0000][12194.006s][info][gc          ] GC(2490) Pause Young (Concurrent Start) (G1 Evacuation Pause) 9706M->3907M(12288M) 21.818ms
[2024-05-30T13:57:34.587+0000][12194.006s][info][gc,cpu      ] GC(2490) User=0.13s Sys=0.00s Real=0.02s
[2024-05-30T13:57:34.587+0000][12194.006s][info][gc          ] GC(2491) Concurrent Mark Cycle
[2024-05-30T13:57:34.587+0000][12194.006s][info][gc,marking  ] GC(2491) Concurrent Clear Claimed Marks
[2024-05-30T13:57:34.588+0000][12194.007s][info][gc,marking  ] GC(2491) Concurrent Clear Claimed Marks 0.341ms
[2024-05-30T13:57:34.588+0000][12194.007s][info][gc,marking  ] GC(2491) Concurrent Scan Root Regions
[2024-05-30T13:57:34.603+0000][12194.023s][info][gc,marking  ] GC(2491) Concurrent Scan Root Regions 15.887ms
[2024-05-30T13:57:34.603+0000][12194.023s][info][gc,marking  ] GC(2491) Concurrent Mark
[2024-05-30T13:57:34.603+0000][12194.023s][info][gc,marking  ] GC(2491) Concurrent Mark From Roots
[2024-05-30T13:57:34.603+0000][12194.023s][info][gc,task     ] GC(2491) Using 2 workers of 2 for marking
[2024-05-30T13:57:38.412+0000][12197.831s][info][gc,marking  ] GC(2491) Concurrent Mark From Roots 3808.183ms
[2024-05-30T13:57:38.412+0000][12197.831s][info][gc,marking  ] GC(2491) Concurrent Preclean
[2024-05-30T13:57:38.414+0000][12197.833s][info][gc,marking  ] GC(2491) Concurrent Preclean 1.819ms
[2024-05-30T13:57:38.414+0000][12197.833s][info][gc,start    ] GC(2491) Pause Remark
[2024-05-30T13:57:38.438+0000][12197.857s][info][gc          ] GC(2491) Pause Remark 7795M->7795M(12288M) 24.147ms
[2024-05-30T13:57:38.438+0000][12197.857s][info][gc,cpu      ] GC(2491) User=0.11s Sys=0.00s Real=0.03s
[2024-05-30T13:57:38.438+0000][12197.857s][info][gc,marking  ] GC(2491) Concurrent Mark 3834.586ms
[2024-05-30T13:57:38.438+0000][12197.857s][info][gc,marking  ] GC(2491) Concurrent Rebuild Remembered Sets
[2024-05-30T13:57:39.832+0000][12199.251s][info][gc,start    ] GC(2492) Pause Young (Normal) (G1 Evacuation Pause)
[2024-05-30T13:57:39.832+0000][12199.251s][info][gc,task     ] GC(2492) Using 6 workers of 6 for evacuation
[2024-05-30T13:57:39.851+0000][12199.271s][info][gc,phases   ] GC(2492)   Pre Evacuate Collection Set: 0.2ms
[2024-05-30T13:57:39.851+0000][12199.271s][info][gc,phases   ] GC(2492)   Merge Heap Roots: 0.3ms
[2024-05-30T13:57:39.851+0000][12199.271s][info][gc,phases   ] GC(2492)   Evacuate Collection Set: 17.4ms
[2024-05-30T13:57:39.851+0000][12199.271s][info][gc,phases   ] GC(2492)   Post Evacuate Collection Set: 1.8ms
[2024-05-30T13:57:39.851+0000][12199.271s][info][gc,phases   ] GC(2492)   Other: 0.2ms
[2024-05-30T13:57:39.851+0000][12199.271s][info][gc,heap     ] GC(2492) Eden regions: 725->0(723)
[2024-05-30T13:57:39.851+0000][12199.271s][info][gc,heap     ] GC(2492) Survivor regions: 8->10(92)
[2024-05-30T13:57:39.851+0000][12199.271s][info][gc,heap     ] GC(2492) Old regions: 476->476
[2024-05-30T13:57:39.851+0000][12199.271s][info][gc,heap     ] GC(2492) Archive regions: 2->2
[2024-05-30T13:57:39.851+0000][12199.271s][info][gc,heap     ] GC(2492) Humongous regions: 5->5
[2024-05-30T13:57:39.851+0000][12199.271s][info][gc,metaspace] GC(2492) Metaspace: 433834K(440064K)->433834K(440064K) NonClass: 379834K(383232K)->379834K(383232K) Class: 53999K(56832K)->53999K(56832K)
[2024-05-30T13:57:39.852+0000][12199.271s][info][gc          ] GC(2492) Pause Young (Normal) (G1 Evacuation Pause) 9707M->3919M(12288M) 19.902ms
[2024-05-30T13:57:39.852+0000][12199.271s][info][gc,cpu      ] GC(2492) User=0.12s Sys=0.00s Real=0.02s
[2024-05-30T13:57:40.259+0000][12199.679s][info][gc,marking  ] GC(2491) Concurrent Rebuild Remembered Sets 1821.324ms
[2024-05-30T13:57:40.260+0000][12199.679s][info][gc,start    ] GC(2491) Pause Cleanup
[2024-05-30T13:57:40.260+0000][12199.679s][info][gc          ] GC(2491) Pause Cleanup 4383M->4383M(12288M) 0.569ms
[2024-05-30T13:57:40.260+0000][12199.679s][info][gc,cpu      ] GC(2491) User=0.01s Sys=0.00s Real=0.00s
[2024-05-30T13:57:40.260+0000][12199.679s][info][gc,marking  ] GC(2491) Concurrent Cleanup for Next Mark
[2024-05-30T13:57:40.277+0000][12199.697s][info][gc,marking  ] GC(2491) Concurrent Cleanup for Next Mark 17.138ms
[2024-05-30T13:57:40.277+0000][12199.697s][info][gc          ] GC(2491) Concurrent Mark Cycle 5690.272ms
[2024-05-30T13:57:44.640+0000][12204.059s][info][gc,start    ] GC(2493) Pause Young (Prepare Mixed) (G1 Evacuation Pause)
[2024-05-30T13:57:44.640+0000][12204.059s][info][gc,task     ] GC(2493) Using 6 workers of 6 for evacuation
[2024-05-30T13:57:44.662+0000][12204.081s][info][gc,phases   ] GC(2493)   Pre Evacuate Collection Set: 0.2ms
[2024-05-30T13:57:44.662+0000][12204.081s][info][gc,phases   ] GC(2493)   Merge Heap Roots: 0.3ms
[2024-05-30T13:57:44.662+0000][12204.081s][info][gc,phases   ] GC(2493)   Evacuate Collection Set: 19.6ms
[2024-05-30T13:57:44.662+0000][12204.081s][info][gc,phases   ] GC(2493)   Post Evacuate Collection Set: 1.7ms
[2024-05-30T13:57:44.662+0000][12204.081s][info][gc,phases   ] GC(2493)   Other: 0.2ms
[2024-05-30T13:57:44.662+0000][12204.081s][info][gc,heap     ] GC(2493) Eden regions: 723->0(67)
[2024-05-30T13:57:44.662+0000][12204.081s][info][gc,heap     ] GC(2493) Survivor regions: 10->9(92)
[2024-05-30T13:57:44.662+0000][12204.081s][info][gc,heap     ] GC(2493) Old regions: 476->476
[2024-05-30T13:57:44.662+0000][12204.081s][info][gc,heap     ] GC(2493) Archive regions: 2->2
[2024-05-30T13:57:44.662+0000][12204.081s][info][gc,heap     ] GC(2493) Humongous regions: 5->5
[2024-05-30T13:57:44.662+0000][12204.081s][info][gc,metaspace] GC(2493) Metaspace: 433834K(440064K)->433834K(440064K) NonClass: 379834K(383232K)->379834K(383232K) Class: 53999K(56832K)->53999K(56832K)
[2024-05-30T13:57:44.662+0000][12204.081s][info][gc          ] GC(2493) Pause Young (Prepare Mixed) (G1 Evacuation Pause) 9703M->3916M(12288M) 22.050ms
[2024-05-30T13:57:44.662+0000][12204.082s][info][gc,cpu      ] GC(2493) User=0.12s Sys=0.01s Real=0.02s
[2024-05-30T13:57:45.099+0000][12204.519s][info][gc,start    ] GC(2494) Pause Young (Mixed) (G1 Evacuation Pause)
[2024-05-30T13:57:45.100+0000][12204.519s][info][gc,task     ] GC(2494) Using 6 workers of 6 for evacuation
[2024-05-30T13:57:45.168+0000][12204.587s][info][gc,phases   ] GC(2494)   Pre Evacuate Collection Set: 0.2ms
[2024-05-30T13:57:45.168+0000][12204.587s][info][gc,phases   ] GC(2494)   Merge Heap Roots: 0.4ms
[2024-05-30T13:57:45.168+0000][12204.587s][info][gc,phases   ] GC(2494)   Evacuate Collection Set: 66.3ms
[2024-05-30T13:57:45.168+0000][12204.587s][info][gc,phases   ] GC(2494)   Post Evacuate Collection Set: 1.3ms
[2024-05-30T13:57:45.168+0000][12204.587s][info][gc,phases   ] GC(2494)   Other: 0.2ms
[2024-05-30T13:57:45.168+0000][12204.587s][info][gc,heap     ] GC(2494) Eden regions: 67->0(731)
[2024-05-30T13:57:45.168+0000][12204.587s][info][gc,heap     ] GC(2494) Survivor regions: 9->6(10)
[2024-05-30T13:57:45.168+0000][12204.587s][info][gc,heap     ] GC(2494) Old regions: 476->472
[2024-05-30T13:57:45.168+0000][12204.587s][info][gc,heap     ] GC(2494) Archive regions: 2->2
[2024-05-30T13:57:45.168+0000][12204.587s][info][gc,heap     ] GC(2494) Humongous regions: 5->5
[2024-05-30T13:57:45.168+0000][12204.587s][info][gc,metaspace] GC(2494) Metaspace: 433834K(440064K)->433834K(440064K) NonClass: 379834K(383232K)->379834K(383232K) Class: 53999K(56832K)->53999K(56832K)
[2024-05-30T13:57:45.168+0000][12204.587s][info][gc          ] GC(2494) Pause Young (Mixed) (G1 Evacuation Pause) 4452M->3868M(12288M) 68.351ms
[2024-05-30T13:57:45.168+0000][12204.587s][info][gc,cpu      ] GC(2494) User=0.41s Sys=0.01s Real=0.06s
[2024-05-30T13:57:50.063+0000][12209.482s][info][gc,start    ] GC(2495) Pause Young (Normal) (G1 Evacuation Pause)
[2024-05-30T13:57:50.063+0000][12209.482s][info][gc,task     ] GC(2495) Using 6 workers of 6 for evacuation
[2024-05-30T13:57:50.077+0000][12209.496s][info][gc,phases   ] GC(2495)   Pre Evacuate Collection Set: 0.2ms
[2024-05-30T13:57:50.077+0000][12209.497s][info][gc,phases   ] GC(2495)   Merge Heap Roots: 0.2ms
[2024-05-30T13:57:50.077+0000][12209.497s][info][gc,phases   ] GC(2495)   Evacuate Collection Set: 12.0ms
[2024-05-30T13:57:50.077+0000][12209.497s][info][gc,phases   ] GC(2495)   Post Evacuate Collection Set: 1.7ms
[2024-05-30T13:57:50.077+0000][12209.497s][info][gc,phases   ] GC(2495)   Other: 0.2ms
[2024-05-30T13:57:50.077+0000][12209.497s][info][gc,heap     ] GC(2495) Eden regions: 731->0(732)
[2024-05-30T13:57:50.077+0000][12209.497s][info][gc,heap     ] GC(2495) Survivor regions: 6->6(93)
[2024-05-30T13:57:50.077+0000][12209.497s][info][gc,heap     ] GC(2495) Old regions: 472->472
[2024-05-30T13:57:50.077+0000][12209.497s][info][gc,heap     ] GC(2495) Archive regions: 2->2
[2024-05-30T13:57:50.077+0000][12209.497s][info][gc,heap     ] GC(2495) Humongous regions: 5->5
[2024-05-30T13:57:50.077+0000][12209.497s][info][gc,metaspace] GC(2495) Metaspace: 433834K(440064K)->433834K(440064K) NonClass: 379834K(383232K)->379834K(383232K) Class: 53999K(56832K)->53999K(56832K)
[2024-05-30T13:57:50.077+0000][12209.497s][info][gc          ] GC(2495) Pause Young (Normal) (G1 Evacuation Pause) 9716M->3868M(12288M) 14.339ms
[2024-05-30T13:57:50.077+0000][12209.497s][info][gc,cpu      ] GC(2495) User=0.08s Sys=0.01s Real=0.02s
[2024-05-30T13:57:54.937+0000][12214.356s][info][gc,start    ] GC(2496) Pause Young (Normal) (G1 Evacuation Pause)
[2024-05-30T13:57:54.937+0000][12214.356s][info][gc,task     ] GC(2496) Using 6 workers of 6 for evacuation
[2024-05-30T13:57:54.954+0000][12214.373s][info][gc,phases   ] GC(2496)   Pre Evacuate Collection Set: 0.2ms
[2024-05-30T13:57:54.954+0000][12214.373s][info][gc,phases   ] GC(2496)   Merge Heap Roots: 0.2ms
[2024-05-30T13:57:54.954+0000][12214.373s][info][gc,phases   ] GC(2496)   Evacuate Collection Set: 14.5ms
[2024-05-30T13:57:54.954+0000][12214.373s][info][gc,phases   ] GC(2496)   Post Evacuate Collection Set: 2.0ms
[2024-05-30T13:57:54.954+0000][12214.373s][info][gc,phases   ] GC(2496)   Other: 0.2ms
[2024-05-30T13:57:54.954+0000][12214.373s][info][gc,heap     ] GC(2496) Eden regions: 732->0(730)
[2024-05-30T13:57:54.954+0000][12214.373s][info][gc,heap     ] GC(2496) Survivor regions: 6->8(93)
[2024-05-30T13:57:54.954+0000][12214.373s][info][gc,heap     ] GC(2496) Old regions: 472->472
[2024-05-30T13:57:54.954+0000][12214.373s][info][gc,heap     ] GC(2496) Archive regions: 2->2
[2024-05-30T13:57:54.954+0000][12214.373s][info][gc,heap     ] GC(2496) Humongous regions: 5->5
[2024-05-30T13:57:54.954+0000][12214.373s][info][gc,metaspace] GC(2496) Metaspace: 433844K(440064K)->433844K(440064K) NonClass: 379844K(383232K)->379844K(383232K) Class: 53999K(56832K)->53999K(56832K)
[2024-05-30T13:57:54.954+0000][12214.373s][info][gc          ] GC(2496) Pause Young (Normal) (G1 Evacuation Pause) 9724M->3884M(12288M) 17.079ms
[2024-05-30T13:57:54.954+0000][12214.373s][info][gc,cpu      ] GC(2496) User=0.09s Sys=0.00s Real=0.01s
[2024-05-30T13:57:59.096+0000][12218.515s][info][gc,start    ] GC(2497) Pause Young (Concurrent Start) (G1 Evacuation Pause)
[2024-05-30T13:57:59.096+0000][12218.515s][info][gc,task     ] GC(2497) Using 6 workers of 6 for evacuation
[2024-05-30T13:57:59.116+0000][12218.535s][info][gc,phases   ] GC(2497)   Pre Evacuate Collection Set: 0.6ms
[2024-05-30T13:57:59.116+0000][12218.535s][info][gc,phases   ] GC(2497)   Merge Heap Roots: 0.2ms
[2024-05-30T13:57:59.116+0000][12218.535s][info][gc,phases   ] GC(2497)   Evacuate Collection Set: 16.7ms
[2024-05-30T13:57:59.116+0000][12218.535s][info][gc,phases   ] GC(2497)   Post Evacuate Collection Set: 1.7ms
[2024-05-30T13:57:59.116+0000][12218.535s][info][gc,phases   ] GC(2497)   Other: 0.3ms
[2024-05-30T13:57:59.116+0000][12218.535s][info][gc,heap     ] GC(2497) Eden regions: 730->0(728)
[2024-05-30T13:57:59.116+0000][12218.535s][info][gc,heap     ] GC(2497) Survivor regions: 8->10(93)
[2024-05-30T13:57:59.116+0000][12218.535s][info][gc,heap     ] GC(2497) Old regions: 472->472
[2024-05-30T13:57:59.116+0000][12218.535s][info][gc,heap     ] GC(2497) Archive regions: 2->2
[2024-05-30T13:57:59.116+0000][12218.535s][info][gc,heap     ] GC(2497) Humongous regions: 5->5
[2024-05-30T13:57:59.116+0000][12218.535s][info][gc,metaspace] GC(2497) Metaspace: 433844K(440064K)->433844K(440064K) NonClass: 379844K(383232K)->379844K(383232K) Class: 53999K(56832K)->53999K(56832K)
[2024-05-30T13:57:59.116+0000][12218.535s][info][gc          ] GC(2497) Pause Young (Concurrent Start) (G1 Evacuation Pause) 9724M->3894M(12288M) 19.565ms
[2024-05-30T13:57:59.116+0000][12218.535s][info][gc,cpu      ] GC(2497) User=0.10s Sys=0.01s Real=0.02s
[2024-05-30T13:57:59.116+0000][12218.535s][info][gc          ] GC(2498) Concurrent Mark Cycle
[2024-05-30T13:57:59.116+0000][12218.535s][info][gc,marking  ] GC(2498) Concurrent Clear Claimed Marks
[2024-05-30T13:57:59.116+0000][12218.535s][info][gc,marking  ] GC(2498) Concurrent Clear Claimed Marks 0.433ms
[2024-05-30T13:57:59.116+0000][12218.535s][info][gc,marking  ] GC(2498) Concurrent Scan Root Regions
[2024-05-30T13:57:59.137+0000][12218.556s][info][gc,marking  ] GC(2498) Concurrent Scan Root Regions 20.553ms
[2024-05-30T13:57:59.137+0000][12218.556s][info][gc,marking  ] GC(2498) Concurrent Mark
[2024-05-30T13:57:59.137+0000][12218.556s][info][gc,marking  ] GC(2498) Concurrent Mark From Roots
[2024-05-30T13:57:59.137+0000][12218.556s][info][gc,task     ] GC(2498) Using 2 workers of 2 for marking
[2024-05-30T13:58:03.120+0000][12222.539s][info][gc,marking  ] GC(2498) Concurrent Mark From Roots 3983.286ms
[2024-05-30T13:58:03.120+0000][12222.539s][info][gc,marking  ] GC(2498) Concurrent Preclean
[2024-05-30T13:58:03.122+0000][12222.541s][info][gc,marking  ] GC(2498) Concurrent Preclean 1.737ms
[2024-05-30T13:58:03.122+0000][12222.541s][info][gc,start    ] GC(2498) Pause Remark
[2024-05-30T13:58:03.146+0000][12222.566s][info][gc          ] GC(2498) Pause Remark 8222M->8222M(12288M) 24.217ms
[2024-05-30T13:58:03.146+0000][12222.566s][info][gc,cpu      ] GC(2498) User=0.10s Sys=0.00s Real=0.02s
[2024-05-30T13:58:03.147+0000][12222.566s][info][gc,marking  ] GC(2498) Concurrent Mark 4009.719ms
[2024-05-30T13:58:03.147+0000][12222.566s][info][gc,marking  ] GC(2498) Concurrent Rebuild Remembered Sets
[2024-05-30T13:58:04.184+0000][12223.603s][info][gc,start    ] GC(2499) Pause Young (Normal) (G1 Evacuation Pause)
[2024-05-30T13:58:04.184+0000][12223.603s][info][gc,task     ] GC(2499) Using 6 workers of 6 for evacuation
[2024-05-30T13:58:04.205+0000][12223.625s][info][gc,phases   ] GC(2499)   Pre Evacuate Collection Set: 0.2ms
[2024-05-30T13:58:04.205+0000][12223.625s][info][gc,phases   ] GC(2499)   Merge Heap Roots: 0.3ms
[2024-05-30T13:58:04.205+0000][12223.625s][info][gc,phases   ] GC(2499)   Evacuate Collection Set: 19.0ms
[2024-05-30T13:58:04.205+0000][12223.625s][info][gc,phases   ] GC(2499)   Post Evacuate Collection Set: 1.8ms
[2024-05-30T13:58:04.205+0000][12223.625s][info][gc,phases   ] GC(2499)   Other: 0.2ms
[2024-05-30T13:58:04.205+0000][12223.625s][info][gc,heap     ] GC(2499) Eden regions: 728->0(728)
[2024-05-30T13:58:04.205+0000][12223.625s][info][gc,heap     ] GC(2499) Survivor regions: 10->10(93)
[2024-05-30T13:58:04.205+0000][12223.625s][info][gc,heap     ] GC(2499) Old regions: 472->472
[2024-05-30T13:58:04.206+0000][12223.625s][info][gc,heap     ] GC(2499) Archive regions: 2->2
[2024-05-30T13:58:04.206+0000][12223.625s][info][gc,heap     ] GC(2499) Humongous regions: 5->5
[2024-05-30T13:58:04.206+0000][12223.625s][info][gc,metaspace] GC(2499) Metaspace: 433844K(440064K)->433844K(440064K) NonClass: 379844K(383232K)->379844K(383232K) Class: 53999K(56832K)->53999K(56832K)
[2024-05-30T13:58:04.206+0000][12223.625s][info][gc          ] GC(2499) Pause Young (Normal) (G1 Evacuation Pause) 9718M->3900M(12288M) 21.550ms
[2024-05-30T13:58:04.206+0000][12223.625s][info][gc,cpu      ] GC(2499) User=0.12s Sys=0.00s Real=0.02s
[2024-05-30T13:58:05.151+0000][12224.570s][info][gc,marking  ] GC(2498) Concurrent Rebuild Remembered Sets 2004.316ms
[2024-05-30T13:58:05.151+0000][12224.570s][info][gc,start    ] GC(2498) Pause Cleanup
[2024-05-30T13:58:05.152+0000][12224.571s][info][gc          ] GC(2498) Pause Cleanup 6088M->6088M(12288M) 0.587ms
[2024-05-30T13:58:05.152+0000][12224.571s][info][gc,cpu      ] GC(2498) User=0.00s Sys=0.00s Real=0.00s
[2024-05-30T13:58:05.152+0000][12224.571s][info][gc,marking  ] GC(2498) Concurrent Cleanup for Next Mark
[2024-05-30T13:58:05.170+0000][12224.589s][info][gc,marking  ] GC(2498) Concurrent Cleanup for Next Mark 18.210ms
[2024-05-30T13:58:05.170+0000][12224.589s][info][gc          ] GC(2498) Concurrent Mark Cycle 6054.389ms
[2024-05-30T13:58:08.101+0000][12227.520s][info][gc,start    ] GC(2500) Pause Young (Prepare Mixed) (G1 Evacuation Pause)
[2024-05-30T13:58:08.101+0000][12227.520s][info][gc,task     ] GC(2500) Using 6 workers of 6 for evacuation
[2024-05-30T13:58:08.123+0000][12227.543s][info][gc,phases   ] GC(2500)   Pre Evacuate Collection Set: 0.2ms
[2024-05-30T13:58:08.123+0000][12227.543s][info][gc,phases   ] GC(2500)   Merge Heap Roots: 0.3ms
[2024-05-30T13:58:08.123+0000][12227.543s][info][gc,phases   ] GC(2500)   Evacuate Collection Set: 20.5ms
[2024-05-30T13:58:08.123+0000][12227.543s][info][gc,phases   ] GC(2500)   Post Evacuate Collection Set: 1.8ms
[2024-05-30T13:58:08.123+0000][12227.543s][info][gc,phases   ] GC(2500)   Other: 0.2ms
[2024-05-30T13:58:08.123+0000][12227.543s][info][gc,heap     ] GC(2500) Eden regions: 728->0(66)
[2024-05-30T13:58:08.123+0000][12227.543s][info][gc,heap     ] GC(2500) Survivor regions: 10->10(93)
[2024-05-30T13:58:08.123+0000][12227.543s][info][gc,heap     ] GC(2500) Old regions: 472->472
[2024-05-30T13:58:08.123+0000][12227.543s][info][gc,heap     ] GC(2500) Archive regions: 2->2
[2024-05-30T13:58:08.123+0000][12227.543s][info][gc,heap     ] GC(2500) Humongous regions: 5->5
[2024-05-30T13:58:08.123+0000][12227.543s][info][gc,metaspace] GC(2500) Metaspace: 433844K(440064K)->433844K(440064K) NonClass: 379844K(383232K)->379844K(383232K) Class: 53999K(56832K)->53999K(56832K)
[2024-05-30T13:58:08.123+0000][12227.543s][info][gc          ] GC(2500) Pause Young (Prepare Mixed) (G1 Evacuation Pause) 9724M->3897M(12288M) 22.901ms
[2024-05-30T13:58:08.124+0000][12227.543s][info][gc,cpu      ] GC(2500) User=0.13s Sys=0.01s Real=0.02s
[2024-05-30T13:58:08.615+0000][12228.035s][info][gc,start    ] GC(2501) Pause Young (Mixed) (G1 Evacuation Pause)
[2024-05-30T13:58:08.615+0000][12228.035s][info][gc,task     ] GC(2501) Using 6 workers of 6 for evacuation
[2024-05-30T13:58:08.686+0000][12228.105s][info][gc,phases   ] GC(2501)   Pre Evacuate Collection Set: 0.2ms
[2024-05-30T13:58:08.686+0000][12228.105s][info][gc,phases   ] GC(2501)   Merge Heap Roots: 0.5ms
[2024-05-30T13:58:08.686+0000][12228.105s][info][gc,phases   ] GC(2501)   Evacuate Collection Set: 68.7ms
[2024-05-30T13:58:08.686+0000][12228.105s][info][gc,phases   ] GC(2501)   Post Evacuate Collection Set: 1.3ms
[2024-05-30T13:58:08.686+0000][12228.105s][info][gc,phases   ] GC(2501)   Other: 0.2ms
[2024-05-30T13:58:08.686+0000][12228.105s][info][gc,heap     ] GC(2501) Eden regions: 66->0(734)
[2024-05-30T13:58:08.686+0000][12228.105s][info][gc,heap     ] GC(2501) Survivor regions: 10->5(10)
[2024-05-30T13:58:08.686+0000][12228.106s][info][gc,heap     ] GC(2501) Old regions: 472->471
[2024-05-30T13:58:08.686+0000][12228.106s][info][gc,heap     ] GC(2501) Archive regions: 2->2
[2024-05-30T13:58:08.686+0000][12228.106s][info][gc,heap     ] GC(2501) Humongous regions: 5->5
[2024-05-30T13:58:08.686+0000][12228.106s][info][gc,metaspace] GC(2501) Metaspace: 433844K(440064K)->433844K(440064K) NonClass: 379844K(383232K)->379844K(383232K) Class: 53999K(56832K)->53999K(56832K)
[2024-05-30T13:58:08.686+0000][12228.106s][info][gc          ] GC(2501) Pause Young (Mixed) (G1 Evacuation Pause) 4425M->3848M(12288M) 70.840ms
[2024-05-30T13:58:08.686+0000][12228.106s][info][gc,cpu      ] GC(2501) User=0.41s Sys=0.00s Real=0.07s
[2024-05-30T13:58:13.518+0000][12232.937s][info][gc,start    ] GC(2502) Pause Young (Normal) (G1 Evacuation Pause)
[2024-05-30T13:58:13.518+0000][12232.937s][info][gc,task     ] GC(2502) Using 6 workers of 6 for evacuation
[2024-05-30T13:58:13.534+0000][12232.953s][info][gc,phases   ] GC(2502)   Pre Evacuate Collection Set: 0.2ms
[2024-05-30T13:58:13.534+0000][12232.953s][info][gc,phases   ] GC(2502)   Merge Heap Roots: 0.2ms
[2024-05-30T13:58:13.534+0000][12232.953s][info][gc,phases   ] GC(2502)   Evacuate Collection Set: 13.7ms
[2024-05-30T13:58:13.534+0000][12232.953s][info][gc,phases   ] GC(2502)   Post Evacuate Collection Set: 1.7ms
[2024-05-30T13:58:13.534+0000][12232.953s][info][gc,phases   ] GC(2502)   Other: 0.2ms
[2024-05-30T13:58:13.534+0000][12232.953s][info][gc,heap     ] GC(2502) Eden regions: 734->0(732)
[2024-05-30T13:58:13.534+0000][12232.953s][info][gc,heap     ] GC(2502) Survivor regions: 5->7(93)
[2024-05-30T13:58:13.534+0000][12232.953s][info][gc,heap     ] GC(2502) Old regions: 471->471
[2024-05-30T13:58:13.534+0000][12232.953s][info][gc,heap     ] GC(2502) Archive regions: 2->2
[2024-05-30T13:58:13.534+0000][12232.953s][info][gc,heap     ] GC(2502) Humongous regions: 5->5
[2024-05-30T13:58:13.534+0000][12232.953s][info][gc,metaspace] GC(2502) Metaspace: 433844K(440064K)->433844K(440064K) NonClass: 379844K(383232K)->379844K(383232K) Class: 53999K(56832K)->53999K(56832K)
[2024-05-30T13:58:13.534+0000][12232.953s][info][gc          ] GC(2502) Pause Young (Normal) (G1 Evacuation Pause) 9720M->3862M(12288M) 16.034ms
[2024-05-30T13:58:13.534+0000][12232.953s][info][gc,cpu      ] GC(2502) User=0.09s Sys=0.00s Real=0.01s
[2024-05-30T13:58:18.665+0000][12238.084s][info][gc,start    ] GC(2503) Pause Young (Normal) (G1 Evacuation Pause)
[2024-05-30T13:58:18.665+0000][12238.084s][info][gc,task     ] GC(2503) Using 6 workers of 6 for evacuation
[2024-05-30T13:58:18.683+0000][12238.103s][info][gc,phases   ] GC(2503)   Pre Evacuate Collection Set: 0.2ms
[2024-05-30T13:58:18.683+0000][12238.103s][info][gc,phases   ] GC(2503)   Merge Heap Roots: 0.2ms
[2024-05-30T13:58:18.683+0000][12238.103s][info][gc,phases   ] GC(2503)   Evacuate Collection Set: 15.9ms
[2024-05-30T13:58:18.683+0000][12238.103s][info][gc,phases   ] GC(2503)   Post Evacuate Collection Set: 1.7ms
[2024-05-30T13:58:18.683+0000][12238.103s][info][gc,phases   ] GC(2503)   Other: 0.2ms
[2024-05-30T13:58:18.683+0000][12238.103s][info][gc,heap     ] GC(2503) Eden regions: 732->0(731)
[2024-05-30T13:58:18.683+0000][12238.103s][info][gc,heap     ] GC(2503) Survivor regions: 7->8(93)
[2024-05-30T13:58:18.683+0000][12238.103s][info][gc,heap     ] GC(2503) Old regions: 471->471
[2024-05-30T13:58:18.683+0000][12238.103s][info][gc,heap     ] GC(2503) Archive regions: 2->2
[2024-05-30T13:58:18.683+0000][12238.103s][info][gc,heap     ] GC(2503) Humongous regions: 5->5
[2024-05-30T13:58:18.683+0000][12238.103s][info][gc,metaspace] GC(2503) Metaspace: 433844K(440064K)->433844K(440064K) NonClass: 379844K(383232K)->379844K(383232K) Class: 53999K(56832K)->53999K(56832K)
[2024-05-30T13:58:18.683+0000][12238.103s][info][gc          ] GC(2503) Pause Young (Normal) (G1 Evacuation Pause) 9718M->3869M(12288M) 18.243ms
[2024-05-30T13:58:18.683+0000][12238.103s][info][gc,cpu      ] GC(2503) User=0.11s Sys=0.00s Real=0.02s
[2024-05-30T13:58:21.507+0000][12240.926s][info][gc,start    ] GC(2504) Pause Young (Concurrent Start) (G1 Evacuation Pause)
[2024-05-30T13:58:21.507+0000][12240.926s][info][gc,task     ] GC(2504) Using 6 workers of 6 for evacuation
[2024-05-30T13:58:21.568+0000][12240.987s][info][gc,phases   ] GC(2504)   Pre Evacuate Collection Set: 0.6ms
[2024-05-30T13:58:21.568+0000][12240.987s][info][gc,phases   ] GC(2504)   Merge Heap Roots: 0.2ms
[2024-05-30T13:58:21.568+0000][12240.987s][info][gc,phases   ] GC(2504)   Evacuate Collection Set: 47.9ms
[2024-05-30T13:58:21.568+0000][12240.987s][info][gc,phases   ] GC(2504)   Post Evacuate Collection Set: 12.2ms
[2024-05-30T13:58:21.568+0000][12240.987s][info][gc,phases   ] GC(2504)   Other: 0.3ms
[2024-05-30T13:58:21.568+0000][12240.987s][info][gc,heap     ] GC(2504) Eden regions: 731->0(723)
[2024-05-30T13:58:21.568+0000][12240.987s][info][gc,heap     ] GC(2504) Survivor regions: 8->13(93)
[2024-05-30T13:58:21.568+0000][12240.987s][info][gc,heap     ] GC(2504) Old regions: 471->471
[2024-05-30T13:58:21.568+0000][12240.987s][info][gc,heap     ] GC(2504) Archive regions: 2->2
[2024-05-30T13:58:21.568+0000][12240.987s][info][gc,heap     ] GC(2504) Humongous regions: 5->5
[2024-05-30T13:58:21.568+0000][12240.987s][info][gc,metaspace] GC(2504) Metaspace: 433844K(440064K)->433844K(440064K) NonClass: 379844K(383232K)->379844K(383232K) Class: 53999K(56832K)->53999K(56832K)
[2024-05-30T13:58:21.568+0000][12240.987s][info][gc          ] GC(2504) Pause Young (Concurrent Start) (G1 Evacuation Pause) 9717M->3906M(12288M) 61.158ms
[2024-05-30T13:58:21.568+0000][12240.987s][info][gc,cpu      ] GC(2504) User=0.35s Sys=0.00s Real=0.06s
[2024-05-30T13:58:21.568+0000][12240.987s][info][gc          ] GC(2505) Concurrent Mark Cycle
[2024-05-30T13:58:21.568+0000][12240.987s][info][gc,marking  ] GC(2505) Concurrent Clear Claimed Marks
[2024-05-30T13:58:21.568+0000][12240.987s][info][gc,marking  ] GC(2505) Concurrent Clear Claimed Marks 0.405ms
[2024-05-30T13:58:21.568+0000][12240.987s][info][gc,marking  ] GC(2505) Concurrent Scan Root Regions
[2024-05-30T13:58:21.618+0000][12241.038s][info][gc,marking  ] GC(2505) Concurrent Scan Root Regions 50.177ms
[2024-05-30T13:58:21.618+0000][12241.038s][info][gc,marking  ] GC(2505) Concurrent Mark
[2024-05-30T13:58:21.618+0000][12241.038s][info][gc,marking  ] GC(2505) Concurrent Mark From Roots
[2024-05-30T13:58:21.618+0000][12241.038s][info][gc,task     ] GC(2505) Using 2 workers of 2 for marking
[2024-05-30T13:58:24.408+0000][12243.828s][info][gc,start    ] GC(2506) Pause Young (Normal) (G1 Evacuation Pause)
[2024-05-30T13:58:24.408+0000][12243.828s][info][gc,task     ] GC(2506) Using 6 workers of 6 for evacuation
[2024-05-30T13:58:24.497+0000][12243.917s][info][gc,phases   ] GC(2506)   Pre Evacuate Collection Set: 0.2ms
[2024-05-30T13:58:24.497+0000][12243.917s][info][gc,phases   ] GC(2506)   Merge Heap Roots: 0.3ms
[2024-05-30T13:58:24.497+0000][12243.917s][info][gc,phases   ] GC(2506)   Evacuate Collection Set: 71.7ms
[2024-05-30T13:58:24.497+0000][12243.917s][info][gc,phases   ] GC(2506)   Post Evacuate Collection Set: 16.9ms
[2024-05-30T13:58:24.497+0000][12243.917s][info][gc,phases   ] GC(2506)   Other: 0.2ms
[2024-05-30T13:58:24.497+0000][12243.917s][info][gc,heap     ] GC(2506) Eden regions: 723->0(712)
[2024-05-30T13:58:24.497+0000][12243.917s][info][gc,heap     ] GC(2506) Survivor regions: 13->19(92)
[2024-05-30T13:58:24.497+0000][12243.917s][info][gc,heap     ] GC(2506) Old regions: 471->471
[2024-05-30T13:58:24.497+0000][12243.917s][info][gc,heap     ] GC(2506) Archive regions: 2->2
[2024-05-30T13:58:24.497+0000][12243.917s][info][gc,heap     ] GC(2506) Humongous regions: 5->5
[2024-05-30T13:58:24.498+0000][12243.917s][info][gc,metaspace] GC(2506) Metaspace: 433844K(440064K)->433844K(440064K) NonClass: 379844K(383232K)->379844K(383232K) Class: 53999K(56832K)->53999K(56832K)
[2024-05-30T13:58:24.498+0000][12243.917s][info][gc          ] GC(2506) Pause Young (Normal) (G1 Evacuation Pause) 9690M->3958M(12288M) 89.201ms
[2024-05-30T13:58:24.498+0000][12243.917s][info][gc,cpu      ] GC(2506) User=0.52s Sys=0.00s Real=0.10s
[2024-05-30T13:58:25.738+0000][12245.157s][info][gc,marking  ] GC(2505) Concurrent Mark From Roots 4119.076ms
[2024-05-30T13:58:25.738+0000][12245.157s][info][gc,marking  ] GC(2505) Concurrent Preclean
[2024-05-30T13:58:25.740+0000][12245.159s][info][gc,marking  ] GC(2505) Concurrent Preclean 2.126ms
[2024-05-30T13:58:25.740+0000][12245.159s][info][gc,start    ] GC(2505) Pause Remark
[2024-05-30T13:58:25.766+0000][12245.185s][info][gc          ] GC(2505) Pause Remark 6790M->6790M(12288M) 25.885ms
[2024-05-30T13:58:25.766+0000][12245.185s][info][gc,cpu      ] GC(2505) User=0.10s Sys=0.00s Real=0.02s
[2024-05-30T13:58:25.766+0000][12245.185s][info][gc,marking  ] GC(2505) Concurrent Mark 4147.528ms
[2024-05-30T13:58:25.766+0000][12245.185s][info][gc,marking  ] GC(2505) Concurrent Rebuild Remembered Sets
[2024-05-30T13:58:26.945+0000][12246.364s][info][gc,start    ] GC(2507) Pause Young (Normal) (G1 Evacuation Pause)
[2024-05-30T13:58:26.945+0000][12246.364s][info][gc,task     ] GC(2507) Using 6 workers of 6 for evacuation
[2024-05-30T13:58:27.049+0000][12246.468s][info][gc,phases   ] GC(2507)   Pre Evacuate Collection Set: 0.2ms
[2024-05-30T13:58:27.049+0000][12246.468s][info][gc,phases   ] GC(2507)   Merge Heap Roots: 0.5ms
[2024-05-30T13:58:27.049+0000][12246.468s][info][gc,phases   ] GC(2507)   Evacuate Collection Set: 85.8ms
[2024-05-30T13:58:27.049+0000][12246.468s][info][gc,phases   ] GC(2507)   Post Evacuate Collection Set: 17.4ms
[2024-05-30T13:58:27.049+0000][12246.468s][info][gc,phases   ] GC(2507)   Other: 0.2ms
[2024-05-30T13:58:27.049+0000][12246.468s][info][gc,heap     ] GC(2507) Eden regions: 712->0(706)
[2024-05-30T13:58:27.049+0000][12246.468s][info][gc,heap     ] GC(2507) Survivor regions: 19->22(92)
[2024-05-30T13:58:27.049+0000][12246.468s][info][gc,heap     ] GC(2507) Old regions: 471->471
[2024-05-30T13:58:27.049+0000][12246.469s][info][gc,heap     ] GC(2507) Archive regions: 2->2
[2024-05-30T13:58:27.049+0000][12246.469s][info][gc,heap     ] GC(2507) Humongous regions: 5->5
[2024-05-30T13:58:27.049+0000][12246.469s][info][gc,metaspace] GC(2507) Metaspace: 433844K(440064K)->433844K(440064K) NonClass: 379844K(383232K)->379844K(383232K) Class: 53999K(56832K)->53999K(56832K)
[2024-05-30T13:58:27.049+0000][12246.469s][info][gc          ] GC(2507) Pause Young (Normal) (G1 Evacuation Pause) 9654M->3980M(12288M) 104.143ms
[2024-05-30T13:58:27.049+0000][12246.469s][info][gc,cpu      ] GC(2507) User=0.61s Sys=0.00s Real=0.11s
[2024-05-30T13:58:27.831+0000][12247.250s][info][gc,marking  ] GC(2505) Concurrent Rebuild Remembered Sets 2064.770ms
[2024-05-30T13:58:27.831+0000][12247.250s][info][gc,start    ] GC(2505) Pause Cleanup
[2024-05-30T13:58:27.831+0000][12247.251s][info][gc          ] GC(2505) Pause Cleanup 5916M->5916M(12288M) 0.547ms
[2024-05-30T13:58:27.832+0000][12247.251s][info][gc,cpu      ] GC(2505) User=0.00s Sys=0.00s Real=0.00s
[2024-05-30T13:58:27.832+0000][12247.251s][info][gc,marking  ] GC(2505) Concurrent Cleanup for Next Mark
[2024-05-30T13:58:27.848+0000][12247.268s][info][gc,marking  ] GC(2505) Concurrent Cleanup for Next Mark 16.850ms
[2024-05-30T13:58:27.848+0000][12247.268s][info][gc          ] GC(2505) Concurrent Mark Cycle 6280.706ms
[2024-05-30T13:58:29.148+0000][12248.567s][info][gc,start    ] GC(2508) Pause Young (Prepare Mixed) (G1 Evacuation Pause)
[2024-05-30T13:58:29.148+0000][12248.567s][info][gc,task     ] GC(2508) Using 6 workers of 6 for evacuation
[2024-05-30T13:58:29.267+0000][12248.686s][info][gc,phases   ] GC(2508)   Pre Evacuate Collection Set: 0.2ms
[2024-05-30T13:58:29.267+0000][12248.687s][info][gc,phases   ] GC(2508)   Merge Heap Roots: 0.6ms
[2024-05-30T13:58:29.267+0000][12248.687s][info][gc,phases   ] GC(2508)   Evacuate Collection Set: 99.2ms
[2024-05-30T13:58:29.267+0000][12248.687s][info][gc,phases   ] GC(2508)   Post Evacuate Collection Set: 19.3ms
[2024-05-30T13:58:29.267+0000][12248.687s][info][gc,phases   ] GC(2508)   Other: 0.2ms
[2024-05-30T13:58:29.267+0000][12248.687s][info][gc,heap     ] GC(2508) Eden regions: 706->0(52)
[2024-05-30T13:58:29.267+0000][12248.687s][info][gc,heap     ] GC(2508) Survivor regions: 22->24(91)
[2024-05-30T13:58:29.267+0000][12248.687s][info][gc,heap     ] GC(2508) Old regions: 471->471
[2024-05-30T13:58:29.267+0000][12248.687s][info][gc,heap     ] GC(2508) Archive regions: 2->2
[2024-05-30T13:58:29.267+0000][12248.687s][info][gc,heap     ] GC(2508) Humongous regions: 5->5
[2024-05-30T13:58:29.267+0000][12248.687s][info][gc,metaspace] GC(2508) Metaspace: 433844K(440064K)->433844K(440064K) NonClass: 379844K(383232K)->379844K(383232K) Class: 53999K(56832K)->53999K(56832K)
[2024-05-30T13:58:29.267+0000][12248.687s][info][gc          ] GC(2508) Pause Young (Prepare Mixed) (G1 Evacuation Pause) 9628M->4000M(12288M) 119.535ms
[2024-05-30T13:58:29.267+0000][12248.687s][info][gc,cpu      ] GC(2508) User=0.69s Sys=0.00s Real=0.12s
[2024-05-30T13:58:29.439+0000][12248.859s][info][gc,start    ] GC(2509) Pause Young (Mixed) (G1 Evacuation Pause)
[2024-05-30T13:58:29.439+0000][12248.859s][info][gc,task     ] GC(2509) Using 6 workers of 6 for evacuation
[2024-05-30T13:58:29.571+0000][12248.991s][info][gc,phases   ] GC(2509)   Pre Evacuate Collection Set: 0.2ms
[2024-05-30T13:58:29.571+0000][12248.991s][info][gc,phases   ] GC(2509)   Merge Heap Roots: 0.5ms
[2024-05-30T13:58:29.571+0000][12248.991s][info][gc,phases   ] GC(2509)   Evacuate Collection Set: 128.7ms
[2024-05-30T13:58:29.571+0000][12248.991s][info][gc,phases   ] GC(2509)   Post Evacuate Collection Set: 2.5ms
[2024-05-30T13:58:29.571+0000][12248.991s][info][gc,phases   ] GC(2509)   Other: 0.2ms
[2024-05-30T13:58:29.571+0000][12248.991s][info][gc,heap     ] GC(2509) Eden regions: 52->0(713)
[2024-05-30T13:58:29.571+0000][12248.991s][info][gc,heap     ] GC(2509) Survivor regions: 24->3(10)
[2024-05-30T13:58:29.571+0000][12248.991s][info][gc,heap     ] GC(2509) Old regions: 471->488
[2024-05-30T13:58:29.571+0000][12248.991s][info][gc,heap     ] GC(2509) Archive regions: 2->2
[2024-05-30T13:58:29.571+0000][12248.991s][info][gc,heap     ] GC(2509) Humongous regions: 5->5
[2024-05-30T13:58:29.571+0000][12248.991s][info][gc,metaspace] GC(2509) Metaspace: 433844K(440064K)->433844K(440064K) NonClass: 379844K(383232K)->379844K(383232K) Class: 53999K(56832K)->53999K(56832K)
[2024-05-30T13:58:29.572+0000][12248.991s][info][gc          ] GC(2509) Pause Young (Mixed) (G1 Evacuation Pause) 4416M->3966M(12288M) 132.152ms
[2024-05-30T13:58:29.572+0000][12248.991s][info][gc,cpu      ] GC(2509) User=0.78s Sys=0.00s Real=0.13s
[2024-05-30T13:58:31.000+0000][12250.419s][info][gc,start    ] GC(2510) Pause Young (Normal) (G1 Evacuation Pause)
[2024-05-30T13:58:31.000+0000][12250.419s][info][gc,task     ] GC(2510) Using 6 workers of 6 for evacuation
[2024-05-30T13:58:31.041+0000][12250.460s][info][gc,phases   ] GC(2510)   Pre Evacuate Collection Set: 0.2ms
[2024-05-30T13:58:31.041+0000][12250.460s][info][gc,phases   ] GC(2510)   Merge Heap Roots: 0.2ms
[2024-05-30T13:58:31.041+0000][12250.460s][info][gc,phases   ] GC(2510)   Evacuate Collection Set: 30.7ms
[2024-05-30T13:58:31.041+0000][12250.460s][info][gc,phases   ] GC(2510)   Post Evacuate Collection Set: 10.0ms
[2024-05-30T13:58:31.041+0000][12250.460s][info][gc,phases   ] GC(2510)   Other: 0.2ms
[2024-05-30T13:58:31.041+0000][12250.460s][info][gc,heap     ] GC(2510) Eden regions: 713->0(712)
[2024-05-30T13:58:31.041+0000][12250.460s][info][gc,heap     ] GC(2510) Survivor regions: 3->5(90)
[2024-05-30T13:58:31.041+0000][12250.460s][info][gc,heap     ] GC(2510) Old regions: 488->488
[2024-05-30T13:58:31.041+0000][12250.460s][info][gc,heap     ] GC(2510) Archive regions: 2->2
[2024-05-30T13:58:31.041+0000][12250.460s][info][gc,heap     ] GC(2510) Humongous regions: 5->5
[2024-05-30T13:58:31.041+0000][12250.460s][info][gc,metaspace] GC(2510) Metaspace: 433844K(440064K)->433844K(440064K) NonClass: 379844K(383232K)->379844K(383232K) Class: 53999K(56832K)->53999K(56832K)
[2024-05-30T13:58:31.041+0000][12250.460s][info][gc          ] GC(2510) Pause Young (Normal) (G1 Evacuation Pause) 9670M->3976M(12288M) 41.282ms
[2024-05-30T13:58:31.041+0000][12250.460s][info][gc,cpu      ] GC(2510) User=0.23s Sys=0.00s Real=0.04s
[2024-05-30T13:58:32.481+0000][12251.900s][info][gc,start    ] GC(2511) Pause Young (Normal) (G1 Evacuation Pause)
[2024-05-30T13:58:32.481+0000][12251.900s][info][gc,task     ] GC(2511) Using 6 workers of 6 for evacuation
[2024-05-30T13:58:32.525+0000][12251.945s][info][gc,phases   ] GC(2511)   Pre Evacuate Collection Set: 0.2ms
[2024-05-30T13:58:32.525+0000][12251.945s][info][gc,phases   ] GC(2511)   Merge Heap Roots: 0.3ms
[2024-05-30T13:58:32.525+0000][12251.945s][info][gc,phases   ] GC(2511)   Evacuate Collection Set: 35.2ms
[2024-05-30T13:58:32.525+0000][12251.945s][info][gc,phases   ] GC(2511)   Post Evacuate Collection Set: 8.4ms
[2024-05-30T13:58:32.525+0000][12251.945s][info][gc,phases   ] GC(2511)   Other: 0.2ms
[2024-05-30T13:58:32.525+0000][12251.945s][info][gc,heap     ] GC(2511) Eden regions: 712->0(712)
[2024-05-30T13:58:32.525+0000][12251.945s][info][gc,heap     ] GC(2511) Survivor regions: 5->6(90)
[2024-05-30T13:58:32.525+0000][12251.945s][info][gc,heap     ] GC(2511) Old regions: 488->488
[2024-05-30T13:58:32.525+0000][12251.945s][info][gc,heap     ] GC(2511) Archive regions: 2->2
[2024-05-30T13:58:32.525+0000][12251.945s][info][gc,heap     ] GC(2511) Humongous regions: 5->5
[2024-05-30T13:58:32.525+0000][12251.945s][info][gc,metaspace] GC(2511) Metaspace: 433844K(440064K)->433844K(440064K) NonClass: 379844K(383232K)->379844K(383232K) Class: 53999K(56832K)->53999K(56832K)
[2024-05-30T13:58:32.526+0000][12251.945s][info][gc          ] GC(2511) Pause Young (Normal) (G1 Evacuation Pause) 9672M->3990M(12288M) 44.294ms
[2024-05-30T13:58:32.526+0000][12251.945s][info][gc,cpu      ] GC(2511) User=0.26s Sys=0.00s Real=0.04s
[2024-05-30T13:58:34.236+0000][12253.655s][info][gc,start    ] GC(2512) Pause Young (Concurrent Start) (G1 Evacuation Pause)
[2024-05-30T13:58:34.236+0000][12253.655s][info][gc,task     ] GC(2512) Using 6 workers of 6 for evacuation
[2024-05-30T13:58:34.284+0000][12253.703s][info][gc,phases   ] GC(2512)   Pre Evacuate Collection Set: 0.6ms
[2024-05-30T13:58:34.284+0000][12253.703s][info][gc,phases   ] GC(2512)   Merge Heap Roots: 0.2ms
[2024-05-30T13:58:34.284+0000][12253.703s][info][gc,phases   ] GC(2512)   Evacuate Collection Set: 37.6ms
[2024-05-30T13:58:34.284+0000][12253.703s][info][gc,phases   ] GC(2512)   Post Evacuate Collection Set: 9.1ms
[2024-05-30T13:58:34.284+0000][12253.703s][info][gc,phases   ] GC(2512)   Other: 0.3ms
[2024-05-30T13:58:34.284+0000][12253.703s][info][gc,heap     ] GC(2512) Eden regions: 712->0(711)
[2024-05-30T13:58:34.284+0000][12253.703s][info][gc,heap     ] GC(2512) Survivor regions: 6->8(90)
[2024-05-30T13:58:34.284+0000][12253.703s][info][gc,heap     ] GC(2512) Old regions: 488->488
[2024-05-30T13:58:34.284+0000][12253.703s][info][gc,heap     ] GC(2512) Archive regions: 2->2
[2024-05-30T13:58:34.284+0000][12253.703s][info][gc,heap     ] GC(2512) Humongous regions: 5->5
[2024-05-30T13:58:34.284+0000][12253.703s][info][gc,metaspace] GC(2512) Metaspace: 433844K(440064K)->433844K(440064K) NonClass: 379844K(383232K)->379844K(383232K) Class: 53999K(56832K)->53999K(56832K)
[2024-05-30T13:58:34.284+0000][12253.703s][info][gc          ] GC(2512) Pause Young (Concurrent Start) (G1 Evacuation Pause) 9686M->4003M(12288M) 47.879ms
[2024-05-30T13:58:34.284+0000][12253.703s][info][gc,cpu      ] GC(2512) User=0.27s Sys=0.00s Real=0.05s
[2024-05-30T13:58:34.284+0000][12253.703s][info][gc          ] GC(2513) Concurrent Mark Cycle
[2024-05-30T13:58:34.284+0000][12253.703s][info][gc,marking  ] GC(2513) Concurrent Clear Claimed Marks
[2024-05-30T13:58:34.284+0000][12253.704s][info][gc,marking  ] GC(2513) Concurrent Clear Claimed Marks 0.447ms
[2024-05-30T13:58:34.284+0000][12253.704s][info][gc,marking  ] GC(2513) Concurrent Scan Root Regions
[2024-05-30T13:58:34.310+0000][12253.729s][info][gc,marking  ] GC(2513) Concurrent Scan Root Regions 25.408ms
[2024-05-30T13:58:34.310+0000][12253.729s][info][gc,marking  ] GC(2513) Concurrent Mark
[2024-05-30T13:58:34.310+0000][12253.729s][info][gc,marking  ] GC(2513) Concurrent Mark From Roots
[2024-05-30T13:58:34.310+0000][12253.729s][info][gc,task     ] GC(2513) Using 2 workers of 2 for marking
[2024-05-30T13:58:36.019+0000][12255.438s][info][gc,start    ] GC(2514) Pause Young (Normal) (G1 Evacuation Pause)
[2024-05-30T13:58:36.019+0000][12255.438s][info][gc,task     ] GC(2514) Using 6 workers of 6 for evacuation
[2024-05-30T13:58:36.049+0000][12255.468s][info][gc,phases   ] GC(2514)   Pre Evacuate Collection Set: 0.2ms
[2024-05-30T13:58:36.049+0000][12255.468s][info][gc,phases   ] GC(2514)   Merge Heap Roots: 0.3ms
[2024-05-30T13:58:36.049+0000][12255.468s][info][gc,phases   ] GC(2514)   Evacuate Collection Set: 26.4ms
[2024-05-30T13:58:36.049+0000][12255.468s][info][gc,phases   ] GC(2514)   Post Evacuate Collection Set: 2.9ms
[2024-05-30T13:58:36.049+0000][12255.468s][info][gc,phases   ] GC(2514)   Other: 0.2ms
[2024-05-30T13:58:36.049+0000][12255.468s][info][gc,heap     ] GC(2514) Eden regions: 711->0(712)
[2024-05-30T13:58:36.049+0000][12255.468s][info][gc,heap     ] GC(2514) Survivor regions: 8->9(90)
[2024-05-30T13:58:36.049+0000][12255.468s][info][gc,heap     ] GC(2514) Old regions: 488->488
[2024-05-30T13:58:36.049+0000][12255.468s][info][gc,heap     ] GC(2514) Archive regions: 2->2
[2024-05-30T13:58:36.049+0000][12255.468s][info][gc,heap     ] GC(2514) Humongous regions: 5->5
[2024-05-30T13:58:36.049+0000][12255.468s][info][gc,metaspace] GC(2514) Metaspace: 433844K(440064K)->433844K(440064K) NonClass: 379844K(383232K)->379844K(383232K) Class: 53999K(56832K)->53999K(56832K)
[2024-05-30T13:58:36.049+0000][12255.468s][info][gc          ] GC(2514) Pause Young (Normal) (G1 Evacuation Pause) 9691M->4010M(12288M) 30.052ms
[2024-05-30T13:58:36.049+0000][12255.468s][info][gc,cpu      ] GC(2514) User=0.17s Sys=0.00s Real=0.03s
[2024-05-30T13:58:38.203+0000][12257.623s][info][gc,marking  ] GC(2513) Concurrent Mark From Roots 3893.467ms
[2024-05-30T13:58:38.203+0000][12257.623s][info][gc,marking  ] GC(2513) Concurrent Preclean
[2024-05-30T13:58:38.205+0000][12257.624s][info][gc,marking  ] GC(2513) Concurrent Preclean 1.811ms
[2024-05-30T13:58:38.205+0000][12257.625s][info][gc,start    ] GC(2513) Pause Remark
[2024-05-30T13:58:38.230+0000][12257.649s][info][gc          ] GC(2513) Pause Remark 8078M->8078M(12288M) 24.737ms
[2024-05-30T13:58:38.230+0000][12257.649s][info][gc,cpu      ] GC(2513) User=0.11s Sys=0.00s Real=0.03s
[2024-05-30T13:58:38.230+0000][12257.650s][info][gc,marking  ] GC(2513) Concurrent Mark 3920.437ms
[2024-05-30T13:58:38.230+0000][12257.650s][info][gc,marking  ] GC(2513) Concurrent Rebuild Remembered Sets
[2024-05-30T13:58:39.106+0000][12258.526s][info][gc,start    ] GC(2515) Pause Young (Normal) (G1 Evacuation Pause)
[2024-05-30T13:58:39.106+0000][12258.526s][info][gc,task     ] GC(2515) Using 6 workers of 6 for evacuation
[2024-05-30T13:58:39.173+0000][12258.592s][info][gc,phases   ] GC(2515)   Pre Evacuate Collection Set: 0.2ms
[2024-05-30T13:58:39.173+0000][12258.592s][info][gc,phases   ] GC(2515)   Merge Heap Roots: 0.5ms
[2024-05-30T13:58:39.173+0000][12258.592s][info][gc,phases   ] GC(2515)   Evacuate Collection Set: 54.8ms
[2024-05-30T13:58:39.173+0000][12258.592s][info][gc,phases   ] GC(2515)   Post Evacuate Collection Set: 11.2ms
[2024-05-30T13:58:39.173+0000][12258.592s][info][gc,phases   ] GC(2515)   Other: 0.2ms
[2024-05-30T13:58:39.173+0000][12258.592s][info][gc,heap     ] GC(2515) Eden regions: 712->0(709)
[2024-05-30T13:58:39.173+0000][12258.592s][info][gc,heap     ] GC(2515) Survivor regions: 9->12(91)
[2024-05-30T13:58:39.173+0000][12258.592s][info][gc,heap     ] GC(2515) Old regions: 488->488
[2024-05-30T13:58:39.173+0000][12258.592s][info][gc,heap     ] GC(2515) Archive regions: 2->2
[2024-05-30T13:58:39.173+0000][12258.592s][info][gc,heap     ] GC(2515) Humongous regions: 5->5
[2024-05-30T13:58:39.173+0000][12258.592s][info][gc,metaspace] GC(2515) Metaspace: 433844K(440064K)->433844K(440064K) NonClass: 379844K(383232K)->379844K(383232K) Class: 53999K(56832K)->53999K(56832K)
[2024-05-30T13:58:39.173+0000][12258.592s][info][gc          ] GC(2515) Pause Young (Normal) (G1 Evacuation Pause) 9706M->4034M(12288M) 66.848ms
[2024-05-30T13:58:39.173+0000][12258.593s][info][gc,cpu      ] GC(2515) User=0.39s Sys=0.00s Real=0.07s
[2024-05-30T13:58:40.143+0000][12259.563s][info][gc,marking  ] GC(2513) Concurrent Rebuild Remembered Sets 1913.087ms
[2024-05-30T13:58:40.144+0000][12259.563s][info][gc,start    ] GC(2513) Pause Cleanup
[2024-05-30T13:58:40.144+0000][12259.564s][info][gc          ] GC(2513) Pause Cleanup 6098M->6098M(12288M) 0.631ms
[2024-05-30T13:58:40.144+0000][12259.564s][info][gc,cpu      ] GC(2513) User=0.00s Sys=0.00s Real=0.00s
[2024-05-30T13:58:40.144+0000][12259.564s][info][gc,marking  ] GC(2513) Concurrent Cleanup for Next Mark
[2024-05-30T13:58:40.173+0000][12259.592s][info][gc,marking  ] GC(2513) Concurrent Cleanup for Next Mark 28.684ms
[2024-05-30T13:58:40.173+0000][12259.592s][info][gc          ] GC(2513) Concurrent Mark Cycle 5889.228ms
[2024-05-30T13:58:41.470+0000][12260.890s][info][gc,start    ] GC(2516) Pause Young (Prepare Mixed) (G1 Evacuation Pause)
[2024-05-30T13:58:41.470+0000][12260.890s][info][gc,task     ] GC(2516) Using 6 workers of 6 for evacuation
[2024-05-30T13:58:41.541+0000][12260.961s][info][gc,phases   ] GC(2516)   Pre Evacuate Collection Set: 0.2ms
[2024-05-30T13:58:41.541+0000][12260.961s][info][gc,phases   ] GC(2516)   Merge Heap Roots: 0.4ms
[2024-05-30T13:58:41.541+0000][12260.961s][info][gc,phases   ] GC(2516)   Evacuate Collection Set: 60.3ms
[2024-05-30T13:58:41.541+0000][12260.961s][info][gc,phases   ] GC(2516)   Post Evacuate Collection Set: 9.9ms
[2024-05-30T13:58:41.541+0000][12260.961s][info][gc,phases   ] GC(2516)   Other: 0.2ms
[2024-05-30T13:58:41.541+0000][12260.961s][info][gc,heap     ] GC(2516) Eden regions: 709->0(62)
[2024-05-30T13:58:41.541+0000][12260.961s][info][gc,heap     ] GC(2516) Survivor regions: 12->14(91)
[2024-05-30T13:58:41.541+0000][12260.961s][info][gc,heap     ] GC(2516) Old regions: 488->488
[2024-05-30T13:58:41.541+0000][12260.961s][info][gc,heap     ] GC(2516) Archive regions: 2->2
[2024-05-30T13:58:41.541+0000][12260.961s][info][gc,heap     ] GC(2516) Humongous regions: 5->5
[2024-05-30T13:58:41.541+0000][12260.961s][info][gc,metaspace] GC(2516) Metaspace: 433846K(440064K)->433846K(440064K) NonClass: 379846K(383232K)->379846K(383232K) Class: 53999K(56832K)->53999K(56832K)
[2024-05-30T13:58:41.541+0000][12260.961s][info][gc          ] GC(2516) Pause Young (Prepare Mixed) (G1 Evacuation Pause) 9706M->4054M(12288M) 71.020ms
[2024-05-30T13:58:41.541+0000][12260.961s][info][gc,cpu      ] GC(2516) User=0.41s Sys=0.01s Real=0.07s
[2024-05-30T13:58:41.695+0000][12261.114s][info][gc,start    ] GC(2517) Pause Young (Mixed) (G1 Evacuation Pause)
[2024-05-30T13:58:41.695+0000][12261.114s][info][gc,task     ] GC(2517) Using 6 workers of 6 for evacuation
[2024-05-30T13:58:41.776+0000][12261.195s][info][gc,phases   ] GC(2517)   Pre Evacuate Collection Set: 0.2ms
[2024-05-30T13:58:41.776+0000][12261.195s][info][gc,phases   ] GC(2517)   Merge Heap Roots: 0.4ms
[2024-05-30T13:58:41.776+0000][12261.195s][info][gc,phases   ] GC(2517)   Evacuate Collection Set: 79.2ms
[2024-05-30T13:58:41.776+0000][12261.195s][info][gc,phases   ] GC(2517)   Post Evacuate Collection Set: 1.3ms
[2024-05-30T13:58:41.776+0000][12261.195s][info][gc,phases   ] GC(2517)   Other: 0.2ms
[2024-05-30T13:58:41.776+0000][12261.195s][info][gc,heap     ] GC(2517) Eden regions: 62->0(718)
[2024-05-30T13:58:41.776+0000][12261.195s][info][gc,heap     ] GC(2517) Survivor regions: 14->5(10)
[2024-05-30T13:58:41.776+0000][12261.195s][info][gc,heap     ] GC(2517) Old regions: 488->486
[2024-05-30T13:58:41.776+0000][12261.195s][info][gc,heap     ] GC(2517) Archive regions: 2->2
[2024-05-30T13:58:41.776+0000][12261.195s][info][gc,heap     ] GC(2517) Humongous regions: 5->5
[2024-05-30T13:58:41.776+0000][12261.195s][info][gc,metaspace] GC(2517) Metaspace: 433846K(440064K)->433846K(440064K) NonClass: 379846K(383232K)->379846K(383232K) Class: 53999K(56832K)->53999K(56832K)
[2024-05-30T13:58:41.776+0000][12261.195s][info][gc          ] GC(2517) Pause Young (Mixed) (G1 Evacuation Pause) 4550M->3968M(12288M) 81.386ms
[2024-05-30T13:58:41.776+0000][12261.196s][info][gc,cpu      ] GC(2517) User=0.47s Sys=0.02s Real=0.08s
[2024-05-30T13:58:43.633+0000][12263.053s][info][gc,start    ] GC(2518) Pause Young (Normal) (G1 Evacuation Pause)
[2024-05-30T13:58:43.634+0000][12263.053s][info][gc,task     ] GC(2518) Using 6 workers of 6 for evacuation
[2024-05-30T13:58:43.649+0000][12263.068s][info][gc,phases   ] GC(2518)   Pre Evacuate Collection Set: 0.2ms
[2024-05-30T13:58:43.649+0000][12263.068s][info][gc,phases   ] GC(2518)   Merge Heap Roots: 0.2ms
[2024-05-30T13:58:43.649+0000][12263.068s][info][gc,phases   ] GC(2518)   Evacuate Collection Set: 12.9ms
[2024-05-30T13:58:43.649+0000][12263.068s][info][gc,phases   ] GC(2518)   Post Evacuate Collection Set: 1.7ms
[2024-05-30T13:58:43.649+0000][12263.068s][info][gc,phases   ] GC(2518)   Other: 0.2ms
[2024-05-30T13:58:43.649+0000][12263.068s][info][gc,heap     ] GC(2518) Eden regions: 718->0(719)
[2024-05-30T13:58:43.649+0000][12263.068s][info][gc,heap     ] GC(2518) Survivor regions: 5->5(91)
[2024-05-30T13:58:43.649+0000][12263.068s][info][gc,heap     ] GC(2518) Old regions: 486->486
[2024-05-30T13:58:43.649+0000][12263.068s][info][gc,heap     ] GC(2518) Archive regions: 2->2
[2024-05-30T13:58:43.649+0000][12263.068s][info][gc,heap     ] GC(2518) Humongous regions: 5->5
[2024-05-30T13:58:43.649+0000][12263.068s][info][gc,metaspace] GC(2518) Metaspace: 433846K(440064K)->433846K(440064K) NonClass: 379846K(383232K)->379846K(383232K) Class: 53999K(56832K)->53999K(56832K)
[2024-05-30T13:58:43.649+0000][12263.068s][info][gc          ] GC(2518) Pause Young (Normal) (G1 Evacuation Pause) 9712M->3963M(12288M) 15.277ms
[2024-05-30T13:58:43.649+0000][12263.068s][info][gc,cpu      ] GC(2518) User=0.08s Sys=0.00s Real=0.02s
[2024-05-30T13:58:48.474+0000][12267.893s][info][gc,start    ] GC(2519) Pause Young (Normal) (G1 Evacuation Pause)
[2024-05-30T13:58:48.474+0000][12267.893s][info][gc,task     ] GC(2519) Using 6 workers of 6 for evacuation
[2024-05-30T13:58:48.496+0000][12267.915s][info][gc,phases   ] GC(2519)   Pre Evacuate Collection Set: 0.2ms
[2024-05-30T13:58:48.496+0000][12267.915s][info][gc,phases   ] GC(2519)   Merge Heap Roots: 0.2ms
[2024-05-30T13:58:48.496+0000][12267.915s][info][gc,phases   ] GC(2519)   Evacuate Collection Set: 19.6ms
[2024-05-30T13:58:48.496+0000][12267.915s][info][gc,phases   ] GC(2519)   Post Evacuate Collection Set: 1.8ms
[2024-05-30T13:58:48.496+0000][12267.915s][info][gc,phases   ] GC(2519)   Other: 0.2ms
[2024-05-30T13:58:48.496+0000][12267.915s][info][gc,heap     ] GC(2519) Eden regions: 719->0(717)
[2024-05-30T13:58:48.496+0000][12267.915s][info][gc,heap     ] GC(2519) Survivor regions: 5->7(91)
[2024-05-30T13:58:48.496+0000][12267.915s][info][gc,heap     ] GC(2519) Old regions: 486->486
[2024-05-30T13:58:48.496+0000][12267.915s][info][gc,heap     ] GC(2519) Archive regions: 2->2
[2024-05-30T13:58:48.496+0000][12267.915s][info][gc,heap     ] GC(2519) Humongous regions: 5->5
[2024-05-30T13:58:48.496+0000][12267.915s][info][gc,metaspace] GC(2519) Metaspace: 433846K(440064K)->433846K(440064K) NonClass: 379846K(383232K)->379846K(383232K) Class: 53999K(56832K)->53999K(56832K)
[2024-05-30T13:58:48.496+0000][12267.915s][info][gc          ] GC(2519) Pause Young (Normal) (G1 Evacuation Pause) 9715M->3983M(12288M) 22.065ms
[2024-05-30T13:58:48.496+0000][12267.916s][info][gc,cpu      ] GC(2519) User=0.13s Sys=0.00s Real=0.02s
[2024-05-30T13:58:53.215+0000][12272.635s][info][gc,start    ] GC(2520) Pause Young (Concurrent Start) (G1 Evacuation Pause)
[2024-05-30T13:58:53.215+0000][12272.635s][info][gc,task     ] GC(2520) Using 6 workers of 6 for evacuation
[2024-05-30T13:58:53.238+0000][12272.657s][info][gc,phases   ] GC(2520)   Pre Evacuate Collection Set: 0.5ms
[2024-05-30T13:58:53.238+0000][12272.658s][info][gc,phases   ] GC(2520)   Merge Heap Roots: 0.2ms
[2024-05-30T13:58:53.238+0000][12272.658s][info][gc,phases   ] GC(2520)   Evacuate Collection Set: 19.8ms
[2024-05-30T13:58:53.238+0000][12272.658s][info][gc,phases   ] GC(2520)   Post Evacuate Collection Set: 2.0ms
[2024-05-30T13:58:53.238+0000][12272.658s][info][gc,phases   ] GC(2520)   Other: 0.3ms
[2024-05-30T13:58:53.238+0000][12272.658s][info][gc,heap     ] GC(2520) Eden regions: 717->0(713)
[2024-05-30T13:58:53.238+0000][12272.658s][info][gc,heap     ] GC(2520) Survivor regions: 7->10(91)
[2024-05-30T13:58:53.238+0000][12272.658s][info][gc,heap     ] GC(2520) Old regions: 486->486
[2024-05-30T13:58:53.238+0000][12272.658s][info][gc,heap     ] GC(2520) Archive regions: 2->2
[2024-05-30T13:58:53.238+0000][12272.658s][info][gc,heap     ] GC(2520) Humongous regions: 5->5
[2024-05-30T13:58:53.238+0000][12272.658s][info][gc,metaspace] GC(2520) Metaspace: 433847K(440064K)->433847K(440064K) NonClass: 379848K(383232K)->379848K(383232K) Class: 53999K(56832K)->53999K(56832K)
[2024-05-30T13:58:53.238+0000][12272.658s][info][gc          ] GC(2520) Pause Young (Concurrent Start) (G1 Evacuation Pause) 9719M->4008M(12288M) 22.898ms
[2024-05-30T13:58:53.238+0000][12272.658s][info][gc,cpu      ] GC(2520) User=0.13s Sys=0.00s Real=0.03s
[2024-05-30T13:58:53.238+0000][12272.658s][info][gc          ] GC(2521) Concurrent Mark Cycle
[2024-05-30T13:58:53.238+0000][12272.658s][info][gc,marking  ] GC(2521) Concurrent Clear Claimed Marks
[2024-05-30T13:58:53.239+0000][12272.658s][info][gc,marking  ] GC(2521) Concurrent Clear Claimed Marks 0.374ms
[2024-05-30T13:58:53.239+0000][12272.658s][info][gc,marking  ] GC(2521) Concurrent Scan Root Regions
[2024-05-30T13:58:53.259+0000][12272.678s][info][gc,marking  ] GC(2521) Concurrent Scan Root Regions 19.817ms
[2024-05-30T13:58:53.259+0000][12272.678s][info][gc,marking  ] GC(2521) Concurrent Mark
[2024-05-30T13:58:53.259+0000][12272.678s][info][gc,marking  ] GC(2521) Concurrent Mark From Roots
[2024-05-30T13:58:53.259+0000][12272.678s][info][gc,task     ] GC(2521) Using 2 workers of 2 for marking
[2024-05-30T13:58:56.737+0000][12276.156s][info][gc,marking  ] GC(2521) Concurrent Mark From Roots 3478.131ms
[2024-05-30T13:58:56.737+0000][12276.156s][info][gc,marking  ] GC(2521) Concurrent Preclean
[2024-05-30T13:58:56.739+0000][12276.158s][info][gc,marking  ] GC(2521) Concurrent Preclean 1.859ms
[2024-05-30T13:58:56.739+0000][12276.158s][info][gc,start    ] GC(2521) Pause Remark
[2024-05-30T13:58:56.763+0000][12276.183s][info][gc          ] GC(2521) Pause Remark 7540M->7540M(12288M) 24.324ms
[2024-05-30T13:58:56.763+0000][12276.183s][info][gc,cpu      ] GC(2521) User=0.11s Sys=0.00s Real=0.02s
[2024-05-30T13:58:56.763+0000][12276.183s][info][gc,marking  ] GC(2521) Concurrent Mark 3504.751ms
[2024-05-30T13:58:56.764+0000][12276.183s][info][gc,marking  ] GC(2521) Concurrent Rebuild Remembered Sets
[2024-05-30T13:58:58.632+0000][12278.051s][info][gc,marking  ] GC(2521) Concurrent Rebuild Remembered Sets 1868.332ms
[2024-05-30T13:58:58.632+0000][12278.051s][info][gc,start    ] GC(2521) Pause Cleanup
[2024-05-30T13:58:58.633+0000][12278.052s][info][gc          ] GC(2521) Pause Cleanup 9616M->9616M(12288M) 0.645ms
[2024-05-30T13:58:58.633+0000][12278.052s][info][gc,cpu      ] GC(2521) User=0.00s Sys=0.00s Real=0.00s
[2024-05-30T13:58:58.633+0000][12278.052s][info][gc,marking  ] GC(2521) Concurrent Cleanup for Next Mark
[2024-05-30T13:58:58.650+0000][12278.070s][info][gc,marking  ] GC(2521) Concurrent Cleanup for Next Mark 17.414ms
[2024-05-30T13:58:58.650+0000][12278.070s][info][gc          ] GC(2521) Concurrent Mark Cycle 5411.907ms
[2024-05-30T13:58:58.717+0000][12278.136s][info][gc,start    ] GC(2522) Pause Young (Prepare Mixed) (G1 Evacuation Pause)
[2024-05-30T13:58:58.717+0000][12278.136s][info][gc,task     ] GC(2522) Using 6 workers of 6 for evacuation
[2024-05-30T13:58:58.740+0000][12278.160s][info][gc,phases   ] GC(2522)   Pre Evacuate Collection Set: 0.2ms
[2024-05-30T13:58:58.740+0000][12278.160s][info][gc,phases   ] GC(2522)   Merge Heap Roots: 0.3ms
[2024-05-30T13:58:58.740+0000][12278.160s][info][gc,phases   ] GC(2522)   Evacuate Collection Set: 21.5ms
[2024-05-30T13:58:58.740+0000][12278.160s][info][gc,phases   ] GC(2522)   Post Evacuate Collection Set: 1.7ms
[2024-05-30T13:58:58.740+0000][12278.160s][info][gc,phases   ] GC(2522)   Other: 0.2ms
[2024-05-30T13:58:58.740+0000][12278.160s][info][gc,heap     ] GC(2522) Eden regions: 713->0(66)
[2024-05-30T13:58:58.740+0000][12278.160s][info][gc,heap     ] GC(2522) Survivor regions: 10->10(91)
[2024-05-30T13:58:58.740+0000][12278.160s][info][gc,heap     ] GC(2522) Old regions: 486->486
[2024-05-30T13:58:58.740+0000][12278.160s][info][gc,heap     ] GC(2522) Archive regions: 2->2
[2024-05-30T13:58:58.740+0000][12278.160s][info][gc,heap     ] GC(2522) Humongous regions: 5->5
[2024-05-30T13:58:58.740+0000][12278.160s][info][gc,metaspace] GC(2522) Metaspace: 433847K(440064K)->433847K(440064K) NonClass: 379848K(383232K)->379848K(383232K) Class: 53999K(56832K)->53999K(56832K)
[2024-05-30T13:58:58.740+0000][12278.160s][info][gc          ] GC(2522) Pause Young (Prepare Mixed) (G1 Evacuation Pause) 9712M->4002M(12288M) 23.963ms
[2024-05-30T13:58:58.741+0000][12278.160s][info][gc,cpu      ] GC(2522) User=0.14s Sys=0.00s Real=0.02s
[2024-05-30T13:58:59.196+0000][12278.615s][info][gc,start    ] GC(2523) Pause Young (Mixed) (G1 Evacuation Pause)
[2024-05-30T13:58:59.196+0000][12278.615s][info][gc,task     ] GC(2523) Using 6 workers of 6 for evacuation
[2024-05-30T13:58:59.252+0000][12278.671s][info][gc,phases   ] GC(2523)   Pre Evacuate Collection Set: 0.2ms
[2024-05-30T13:58:59.252+0000][12278.671s][info][gc,phases   ] GC(2523)   Merge Heap Roots: 0.4ms
[2024-05-30T13:58:59.252+0000][12278.671s][info][gc,phases   ] GC(2523)   Evacuate Collection Set: 54.1ms
[2024-05-30T13:58:59.252+0000][12278.671s][info][gc,phases   ] GC(2523)   Post Evacuate Collection Set: 1.3ms
[2024-05-30T13:58:59.252+0000][12278.671s][info][gc,phases   ] GC(2523)   Other: 0.2ms
[2024-05-30T13:58:59.252+0000][12278.671s][info][gc,heap     ] GC(2523) Eden regions: 66->0(724)
[2024-05-30T13:58:59.252+0000][12278.671s][info][gc,heap     ] GC(2523) Survivor regions: 10->5(10)
[2024-05-30T13:58:59.252+0000][12278.671s][info][gc,heap     ] GC(2523) Old regions: 486->480
[2024-05-30T13:58:59.252+0000][12278.671s][info][gc,heap     ] GC(2523) Archive regions: 2->2
[2024-05-30T13:58:59.252+0000][12278.671s][info][gc,heap     ] GC(2523) Humongous regions: 5->5
[2024-05-30T13:58:59.252+0000][12278.671s][info][gc,metaspace] GC(2523) Metaspace: 433847K(440064K)->433847K(440064K) NonClass: 379848K(383232K)->379848K(383232K) Class: 53999K(56832K)->53999K(56832K)
[2024-05-30T13:58:59.252+0000][12278.671s][info][gc          ] GC(2523) Pause Young (Mixed) (G1 Evacuation Pause) 4530M->3922M(12288M) 56.240ms
[2024-05-30T13:58:59.252+0000][12278.671s][info][gc,cpu      ] GC(2523) User=0.33s Sys=0.00s Real=0.06s
[2024-05-30T13:59:04.054+0000][12283.473s][info][gc,start    ] GC(2524) Pause Young (Normal) (G1 Evacuation Pause)
[2024-05-30T13:59:04.054+0000][12283.473s][info][gc,task     ] GC(2524) Using 6 workers of 6 for evacuation
[2024-05-30T13:59:04.067+0000][12283.487s][info][gc,phases   ] GC(2524)   Pre Evacuate Collection Set: 0.2ms
[2024-05-30T13:59:04.067+0000][12283.487s][info][gc,phases   ] GC(2524)   Merge Heap Roots: 0.2ms
[2024-05-30T13:59:04.067+0000][12283.487s][info][gc,phases   ] GC(2524)   Evacuate Collection Set: 10.9ms
[2024-05-30T13:59:04.067+0000][12283.487s][info][gc,phases   ] GC(2524)   Post Evacuate Collection Set: 1.7ms
[2024-05-30T13:59:04.067+0000][12283.487s][info][gc,phases   ] GC(2524)   Other: 0.2ms
[2024-05-30T13:59:04.067+0000][12283.487s][info][gc,heap     ] GC(2524) Eden regions: 724->0(724)
[2024-05-30T13:59:04.067+0000][12283.487s][info][gc,heap     ] GC(2524) Survivor regions: 5->6(92)
[2024-05-30T13:59:04.067+0000][12283.487s][info][gc,heap     ] GC(2524) Old regions: 480->480
[2024-05-30T13:59:04.067+0000][12283.487s][info][gc,heap     ] GC(2524) Archive regions: 2->2
[2024-05-30T13:59:04.067+0000][12283.487s][info][gc,heap     ] GC(2524) Humongous regions: 5->5
[2024-05-30T13:59:04.067+0000][12283.487s][info][gc,metaspace] GC(2524) Metaspace: 433847K(440064K)->433847K(440064K) NonClass: 379848K(383232K)->379848K(383232K) Class: 53999K(56832K)->53999K(56832K)
[2024-05-30T13:59:04.067+0000][12283.487s][info][gc          ] GC(2524) Pause Young (Normal) (G1 Evacuation Pause) 9714M->3927M(12288M) 13.196ms
[2024-05-30T13:59:04.067+0000][12283.487s][info][gc,cpu      ] GC(2524) User=0.08s Sys=0.00s Real=0.01s
[2024-05-30T13:59:08.917+0000][12288.336s][info][gc,start    ] GC(2525) Pause Young (Normal) (G1 Evacuation Pause)
[2024-05-30T13:59:08.917+0000][12288.336s][info][gc,task     ] GC(2525) Using 6 workers of 6 for evacuation
[2024-05-30T13:59:08.932+0000][12288.352s][info][gc,phases   ] GC(2525)   Pre Evacuate Collection Set: 0.2ms
[2024-05-30T13:59:08.932+0000][12288.352s][info][gc,phases   ] GC(2525)   Merge Heap Roots: 0.2ms
[2024-05-30T13:59:08.932+0000][12288.352s][info][gc,phases   ] GC(2525)   Evacuate Collection Set: 13.1ms
[2024-05-30T13:59:08.932+0000][12288.352s][info][gc,phases   ] GC(2525)   Post Evacuate Collection Set: 1.7ms
[2024-05-30T13:59:08.932+0000][12288.352s][info][gc,phases   ] GC(2525)   Other: 0.2ms
[2024-05-30T13:59:08.932+0000][12288.352s][info][gc,heap     ] GC(2525) Eden regions: 724->0(723)
[2024-05-30T13:59:08.932+0000][12288.352s][info][gc,heap     ] GC(2525) Survivor regions: 6->7(92)
[2024-05-30T13:59:08.932+0000][12288.352s][info][gc,heap     ] GC(2525) Old regions: 480->480
[2024-05-30T13:59:08.932+0000][12288.352s][info][gc,heap     ] GC(2525) Archive regions: 2->2
[2024-05-30T13:59:08.932+0000][12288.352s][info][gc,heap     ] GC(2525) Humongous regions: 5->5
[2024-05-30T13:59:08.932+0000][12288.352s][info][gc,metaspace] GC(2525) Metaspace: 433847K(440064K)->433847K(440064K) NonClass: 379848K(383232K)->379848K(383232K) Class: 53999K(56832K)->53999K(56832K)
[2024-05-30T13:59:08.933+0000][12288.352s][info][gc          ] GC(2525) Pause Young (Normal) (G1 Evacuation Pause) 9719M->3934M(12288M) 15.467ms
[2024-05-30T13:59:08.933+0000][12288.352s][info][gc,cpu      ] GC(2525) User=0.09s Sys=0.01s Real=0.01s
[2024-05-30T13:59:13.777+0000][12293.196s][info][gc,start    ] GC(2526) Pause Young (Concurrent Start) (G1 Evacuation Pause)
[2024-05-30T13:59:13.777+0000][12293.196s][info][gc,task     ] GC(2526) Using 6 workers of 6 for evacuation
[2024-05-30T13:59:13.795+0000][12293.214s][info][gc,phases   ] GC(2526)   Pre Evacuate Collection Set: 0.5ms
[2024-05-30T13:59:13.795+0000][12293.214s][info][gc,phases   ] GC(2526)   Merge Heap Roots: 0.2ms
[2024-05-30T13:59:13.795+0000][12293.214s][info][gc,phases   ] GC(2526)   Evacuate Collection Set: 15.6ms
[2024-05-30T13:59:13.795+0000][12293.214s][info][gc,phases   ] GC(2526)   Post Evacuate Collection Set: 1.7ms
[2024-05-30T13:59:13.795+0000][12293.214s][info][gc,phases   ] GC(2526)   Other: 0.3ms
[2024-05-30T13:59:13.795+0000][12293.214s][info][gc,heap     ] GC(2526) Eden regions: 723->0(721)
[2024-05-30T13:59:13.795+0000][12293.214s][info][gc,heap     ] GC(2526) Survivor regions: 7->9(92)
[2024-05-30T13:59:13.795+0000][12293.214s][info][gc,heap     ] GC(2526) Old regions: 480->480
[2024-05-30T13:59:13.795+0000][12293.214s][info][gc,heap     ] GC(2526) Archive regions: 2->2
[2024-05-30T13:59:13.795+0000][12293.214s][info][gc,heap     ] GC(2526) Humongous regions: 5->5
[2024-05-30T13:59:13.795+0000][12293.214s][info][gc,metaspace] GC(2526) Metaspace: 433847K(440064K)->433847K(440064K) NonClass: 379848K(383232K)->379848K(383232K) Class: 53999K(56832K)->53999K(56832K)
[2024-05-30T13:59:13.795+0000][12293.214s][info][gc          ] GC(2526) Pause Young (Concurrent Start) (G1 Evacuation Pause) 9718M->3949M(12288M) 18.365ms
[2024-05-30T13:59:13.795+0000][12293.214s][info][gc,cpu      ] GC(2526) User=0.11s Sys=0.00s Real=0.01s
[2024-05-30T13:59:13.795+0000][12293.214s][info][gc          ] GC(2527) Concurrent Mark Cycle
[2024-05-30T13:59:13.795+0000][12293.214s][info][gc,marking  ] GC(2527) Concurrent Clear Claimed Marks
[2024-05-30T13:59:13.796+0000][12293.215s][info][gc,marking  ] GC(2527) Concurrent Clear Claimed Marks 0.382ms
[2024-05-30T13:59:13.796+0000][12293.215s][info][gc,marking  ] GC(2527) Concurrent Scan Root Regions
[2024-05-30T13:59:13.814+0000][12293.233s][info][gc,marking  ] GC(2527) Concurrent Scan Root Regions 18.322ms
[2024-05-30T13:59:13.814+0000][12293.233s][info][gc,marking  ] GC(2527) Concurrent Mark
[2024-05-30T13:59:13.814+0000][12293.233s][info][gc,marking  ] GC(2527) Concurrent Mark From Roots
[2024-05-30T13:59:13.814+0000][12293.233s][info][gc,task     ] GC(2527) Using 2 workers of 2 for marking
[2024-05-30T13:59:17.309+0000][12296.728s][info][gc,marking  ] GC(2527) Concurrent Mark From Roots 3494.780ms
[2024-05-30T13:59:17.309+0000][12296.728s][info][gc,marking  ] GC(2527) Concurrent Preclean
[2024-05-30T13:59:17.311+0000][12296.730s][info][gc,marking  ] GC(2527) Concurrent Preclean 1.822ms
[2024-05-30T13:59:17.311+0000][12296.730s][info][gc,start    ] GC(2527) Pause Remark
[2024-05-30T13:59:17.335+0000][12296.755s][info][gc          ] GC(2527) Pause Remark 7529M->7529M(12288M) 24.567ms
[2024-05-30T13:59:17.335+0000][12296.755s][info][gc,cpu      ] GC(2527) User=0.10s Sys=0.00s Real=0.02s
[2024-05-30T13:59:17.336+0000][12296.755s][info][gc,marking  ] GC(2527) Concurrent Mark 3521.580ms
[2024-05-30T13:59:17.336+0000][12296.755s][info][gc,marking  ] GC(2527) Concurrent Rebuild Remembered Sets
[2024-05-30T13:59:19.216+0000][12298.635s][info][gc,marking  ] GC(2527) Concurrent Rebuild Remembered Sets 1880.484ms
[2024-05-30T13:59:19.216+0000][12298.635s][info][gc,start    ] GC(2527) Pause Cleanup
[2024-05-30T13:59:19.217+0000][12298.636s][info][gc          ] GC(2527) Pause Cleanup 9585M->9585M(12288M) 0.563ms
[2024-05-30T13:59:19.217+0000][12298.636s][info][gc,cpu      ] GC(2527) User=0.01s Sys=0.00s Real=0.01s
[2024-05-30T13:59:19.217+0000][12298.636s][info][gc,marking  ] GC(2527) Concurrent Cleanup for Next Mark
[2024-05-30T13:59:19.234+0000][12298.653s][info][gc,marking  ] GC(2527) Concurrent Cleanup for Next Mark 17.049ms
[2024-05-30T13:59:19.234+0000][12298.653s][info][gc          ] GC(2527) Concurrent Mark Cycle 5438.879ms
[2024-05-30T13:59:19.344+0000][12298.763s][info][gc,start    ] GC(2528) Pause Young (Prepare Mixed) (G1 Evacuation Pause)
[2024-05-30T13:59:19.344+0000][12298.763s][info][gc,task     ] GC(2528) Using 6 workers of 6 for evacuation
[2024-05-30T13:59:19.365+0000][12298.784s][info][gc,phases   ] GC(2528)   Pre Evacuate Collection Set: 0.2ms
[2024-05-30T13:59:19.365+0000][12298.784s][info][gc,phases   ] GC(2528)   Merge Heap Roots: 0.3ms
[2024-05-30T13:59:19.365+0000][12298.784s][info][gc,phases   ] GC(2528)   Evacuate Collection Set: 18.1ms
[2024-05-30T13:59:19.365+0000][12298.784s][info][gc,phases   ] GC(2528)   Post Evacuate Collection Set: 1.7ms
[2024-05-30T13:59:19.365+0000][12298.784s][info][gc,phases   ] GC(2528)   Other: 0.2ms
[2024-05-30T13:59:19.365+0000][12298.784s][info][gc,heap     ] GC(2528) Eden regions: 721->0(66)
[2024-05-30T13:59:19.365+0000][12298.784s][info][gc,heap     ] GC(2528) Survivor regions: 9->10(92)
[2024-05-30T13:59:19.365+0000][12298.784s][info][gc,heap     ] GC(2528) Old regions: 480->480
[2024-05-30T13:59:19.365+0000][12298.784s][info][gc,heap     ] GC(2528) Archive regions: 2->2
[2024-05-30T13:59:19.365+0000][12298.784s][info][gc,heap     ] GC(2528) Humongous regions: 5->5
[2024-05-30T13:59:19.365+0000][12298.784s][info][gc,metaspace] GC(2528) Metaspace: 433847K(440064K)->433847K(440064K) NonClass: 379848K(383232K)->379848K(383232K) Class: 53999K(56832K)->53999K(56832K)
[2024-05-30T13:59:19.365+0000][12298.784s][info][gc          ] GC(2528) Pause Young (Prepare Mixed) (G1 Evacuation Pause) 9717M->3960M(12288M) 20.599ms
[2024-05-30T13:59:19.365+0000][12298.784s][info][gc,cpu      ] GC(2528) User=0.10s Sys=0.01s Real=0.02s
[2024-05-30T13:59:19.791+0000][12299.210s][info][gc,start    ] GC(2529) Pause Young (Mixed) (G1 Evacuation Pause)
[2024-05-30T13:59:19.791+0000][12299.210s][info][gc,task     ] GC(2529) Using 6 workers of 6 for evacuation
[2024-05-30T13:59:19.850+0000][12299.269s][info][gc,phases   ] GC(2529)   Pre Evacuate Collection Set: 0.2ms
[2024-05-30T13:59:19.850+0000][12299.269s][info][gc,phases   ] GC(2529)   Merge Heap Roots: 0.4ms
[2024-05-30T13:59:19.850+0000][12299.269s][info][gc,phases   ] GC(2529)   Evacuate Collection Set: 57.0ms
[2024-05-30T13:59:19.850+0000][12299.269s][info][gc,phases   ] GC(2529)   Post Evacuate Collection Set: 1.2ms
[2024-05-30T13:59:19.850+0000][12299.269s][info][gc,phases   ] GC(2529)   Other: 0.2ms
[2024-05-30T13:59:19.850+0000][12299.269s][info][gc,heap     ] GC(2529) Eden regions: 66->0(726)
[2024-05-30T13:59:19.850+0000][12299.269s][info][gc,heap     ] GC(2529) Survivor regions: 10->5(10)
[2024-05-30T13:59:19.850+0000][12299.269s][info][gc,heap     ] GC(2529) Old regions: 480->479
[2024-05-30T13:59:19.850+0000][12299.269s][info][gc,heap     ] GC(2529) Archive regions: 2->2
[2024-05-30T13:59:19.850+0000][12299.269s][info][gc,heap     ] GC(2529) Humongous regions: 5->5
[2024-05-30T13:59:19.850+0000][12299.269s][info][gc,metaspace] GC(2529) Metaspace: 433847K(440064K)->433847K(440064K) NonClass: 379848K(383232K)->379848K(383232K) Class: 53999K(56832K)->53999K(56832K)
[2024-05-30T13:59:19.850+0000][12299.269s][info][gc          ] GC(2529) Pause Young (Mixed) (G1 Evacuation Pause) 4488M->3909M(12288M) 59.055ms
[2024-05-30T13:59:19.850+0000][12299.269s][info][gc,cpu      ] GC(2529) User=0.36s Sys=0.00s Real=0.06s
[2024-05-30T13:59:24.048+0000][12303.467s][info][gc,start    ] GC(2530) Pause Young (Normal) (G1 Evacuation Pause)
[2024-05-30T13:59:24.048+0000][12303.467s][info][gc,task     ] GC(2530) Using 6 workers of 6 for evacuation
[2024-05-30T13:59:24.062+0000][12303.482s][info][gc,phases   ] GC(2530)   Pre Evacuate Collection Set: 0.2ms
[2024-05-30T13:59:24.062+0000][12303.482s][info][gc,phases   ] GC(2530)   Merge Heap Roots: 0.2ms
[2024-05-30T13:59:24.062+0000][12303.482s][info][gc,phases   ] GC(2530)   Evacuate Collection Set: 11.9ms
[2024-05-30T13:59:24.062+0000][12303.482s][info][gc,phases   ] GC(2530)   Post Evacuate Collection Set: 1.9ms
[2024-05-30T13:59:24.062+0000][12303.482s][info][gc,phases   ] GC(2530)   Other: 0.2ms
[2024-05-30T13:59:24.062+0000][12303.482s][info][gc,heap     ] GC(2530) Eden regions: 726->0(722)
[2024-05-30T13:59:24.062+0000][12303.482s][info][gc,heap     ] GC(2530) Survivor regions: 5->8(92)
[2024-05-30T13:59:24.062+0000][12303.482s][info][gc,heap     ] GC(2530) Old regions: 479->479
[2024-05-30T13:59:24.062+0000][12303.482s][info][gc,heap     ] GC(2530) Archive regions: 2->2
[2024-05-30T13:59:24.062+0000][12303.482s][info][gc,heap     ] GC(2530) Humongous regions: 5->5
[2024-05-30T13:59:24.062+0000][12303.482s][info][gc,metaspace] GC(2530) Metaspace: 433847K(440064K)->433847K(440064K) NonClass: 379848K(383232K)->379848K(383232K) Class: 53999K(56832K)->53999K(56832K)
[2024-05-30T13:59:24.062+0000][12303.482s][info][gc          ] GC(2530) Pause Young (Normal) (G1 Evacuation Pause) 9717M->3928M(12288M) 14.461ms
[2024-05-30T13:59:24.062+0000][12303.482s][info][gc,cpu      ] GC(2530) User=0.06s Sys=0.02s Real=0.02s
[2024-05-30T13:59:28.778+0000][12308.197s][info][gc,start    ] GC(2531) Pause Young (Normal) (G1 Evacuation Pause)
[2024-05-30T13:59:28.778+0000][12308.197s][info][gc,task     ] GC(2531) Using 6 workers of 6 for evacuation
[2024-05-30T13:59:28.793+0000][12308.212s][info][gc,phases   ] GC(2531)   Pre Evacuate Collection Set: 0.2ms
[2024-05-30T13:59:28.793+0000][12308.212s][info][gc,phases   ] GC(2531)   Merge Heap Roots: 0.2ms
[2024-05-30T13:59:28.793+0000][12308.212s][info][gc,phases   ] GC(2531)   Evacuate Collection Set: 12.9ms
[2024-05-30T13:59:28.793+0000][12308.212s][info][gc,phases   ] GC(2531)   Post Evacuate Collection Set: 1.7ms
[2024-05-30T13:59:28.793+0000][12308.212s][info][gc,phases   ] GC(2531)   Other: 0.2ms
[2024-05-30T13:59:28.793+0000][12308.212s][info][gc,heap     ] GC(2531) Eden regions: 722->0(723)
[2024-05-30T13:59:28.793+0000][12308.212s][info][gc,heap     ] GC(2531) Survivor regions: 8->7(92)
[2024-05-30T13:59:28.793+0000][12308.212s][info][gc,heap     ] GC(2531) Old regions: 479->479
[2024-05-30T13:59:28.793+0000][12308.212s][info][gc,heap     ] GC(2531) Archive regions: 2->2
[2024-05-30T13:59:28.793+0000][12308.212s][info][gc,heap     ] GC(2531) Humongous regions: 5->5
[2024-05-30T13:59:28.793+0000][12308.212s][info][gc,metaspace] GC(2531) Metaspace: 433847K(440064K)->433847K(440064K) NonClass: 379848K(383232K)->379848K(383232K) Class: 53999K(56832K)->53999K(56832K)
[2024-05-30T13:59:28.793+0000][12308.212s][info][gc          ] GC(2531) Pause Young (Normal) (G1 Evacuation Pause) 9704M->3924M(12288M) 15.278ms
[2024-05-30T13:59:28.793+0000][12308.212s][info][gc,cpu      ] GC(2531) User=0.08s Sys=0.00s Real=0.01s
[2024-05-30T13:59:33.703+0000][12313.123s][info][gc,start    ] GC(2532) Pause Young (Concurrent Start) (G1 Evacuation Pause)
[2024-05-30T13:59:33.703+0000][12313.123s][info][gc,task     ] GC(2532) Using 6 workers of 6 for evacuation
[2024-05-30T13:59:33.725+0000][12313.144s][info][gc,phases   ] GC(2532)   Pre Evacuate Collection Set: 0.6ms
[2024-05-30T13:59:33.725+0000][12313.144s][info][gc,phases   ] GC(2532)   Merge Heap Roots: 0.2ms
[2024-05-30T13:59:33.725+0000][12313.144s][info][gc,phases   ] GC(2532)   Evacuate Collection Set: 18.4ms
[2024-05-30T13:59:33.725+0000][12313.144s][info][gc,phases   ] GC(2532)   Post Evacuate Collection Set: 1.8ms
[2024-05-30T13:59:33.725+0000][12313.144s][info][gc,phases   ] GC(2532)   Other: 0.3ms
[2024-05-30T13:59:33.725+0000][12313.144s][info][gc,heap     ] GC(2532) Eden regions: 723->0(721)
[2024-05-30T13:59:33.725+0000][12313.144s][info][gc,heap     ] GC(2532) Survivor regions: 7->9(92)
[2024-05-30T13:59:33.725+0000][12313.144s][info][gc,heap     ] GC(2532) Old regions: 479->479
[2024-05-30T13:59:33.725+0000][12313.144s][info][gc,heap     ] GC(2532) Archive regions: 2->2
[2024-05-30T13:59:33.725+0000][12313.144s][info][gc,heap     ] GC(2532) Humongous regions: 5->5
[2024-05-30T13:59:33.725+0000][12313.144s][info][gc,metaspace] GC(2532) Metaspace: 433855K(440064K)->433855K(440064K) NonClass: 379855K(383232K)->379855K(383232K) Class: 53999K(56832K)->53999K(56832K)
[2024-05-30T13:59:33.725+0000][12313.144s][info][gc          ] GC(2532) Pause Young (Concurrent Start) (G1 Evacuation Pause) 9708M->3941M(12288M) 21.324ms
[2024-05-30T13:59:33.725+0000][12313.144s][info][gc,cpu      ] GC(2532) User=0.12s Sys=0.00s Real=0.02s
[2024-05-30T13:59:33.725+0000][12313.144s][info][gc          ] GC(2533) Concurrent Mark Cycle
[2024-05-30T13:59:33.725+0000][12313.144s][info][gc,marking  ] GC(2533) Concurrent Clear Claimed Marks
[2024-05-30T13:59:33.725+0000][12313.144s][info][gc,marking  ] GC(2533) Concurrent Clear Claimed Marks 0.352ms
[2024-05-30T13:59:33.725+0000][12313.144s][info][gc,marking  ] GC(2533) Concurrent Scan Root Regions
[2024-05-30T13:59:33.739+0000][12313.158s][info][gc,marking  ] GC(2533) Concurrent Scan Root Regions 13.574ms
[2024-05-30T13:59:33.739+0000][12313.158s][info][gc,marking  ] GC(2533) Concurrent Mark
[2024-05-30T13:59:33.739+0000][12313.158s][info][gc,marking  ] GC(2533) Concurrent Mark From Roots
[2024-05-30T13:59:33.739+0000][12313.158s][info][gc,task     ] GC(2533) Using 2 workers of 2 for marking
[2024-05-30T13:59:37.407+0000][12316.826s][info][gc,marking  ] GC(2533) Concurrent Mark From Roots 3668.044ms
[2024-05-30T13:59:37.407+0000][12316.826s][info][gc,marking  ] GC(2533) Concurrent Preclean
[2024-05-30T13:59:37.409+0000][12316.828s][info][gc,marking  ] GC(2533) Concurrent Preclean 1.845ms
[2024-05-30T13:59:37.409+0000][12316.828s][info][gc,start    ] GC(2533) Pause Remark
[2024-05-30T13:59:37.433+0000][12316.852s][info][gc          ] GC(2533) Pause Remark 7757M->7757M(12288M) 24.264ms
[2024-05-30T13:59:37.433+0000][12316.852s][info][gc,cpu      ] GC(2533) User=0.11s Sys=0.00s Real=0.02s
[2024-05-30T13:59:37.433+0000][12316.853s][info][gc,marking  ] GC(2533) Concurrent Mark 3694.633ms
[2024-05-30T13:59:37.433+0000][12316.853s][info][gc,marking  ] GC(2533) Concurrent Rebuild Remembered Sets
[2024-05-30T13:59:39.209+0000][12318.628s][info][gc,start    ] GC(2534) Pause Young (Normal) (G1 Evacuation Pause)
[2024-05-30T13:59:39.209+0000][12318.628s][info][gc,task     ] GC(2534) Using 6 workers of 6 for evacuation
[2024-05-30T13:59:39.230+0000][12318.649s][info][gc,phases   ] GC(2534)   Pre Evacuate Collection Set: 0.2ms
[2024-05-30T13:59:39.230+0000][12318.649s][info][gc,phases   ] GC(2534)   Merge Heap Roots: 0.3ms
[2024-05-30T13:59:39.230+0000][12318.649s][info][gc,phases   ] GC(2534)   Evacuate Collection Set: 19.0ms
[2024-05-30T13:59:39.230+0000][12318.649s][info][gc,phases   ] GC(2534)   Post Evacuate Collection Set: 1.8ms
[2024-05-30T13:59:39.230+0000][12318.649s][info][gc,phases   ] GC(2534)   Other: 0.2ms
[2024-05-30T13:59:39.230+0000][12318.649s][info][gc,heap     ] GC(2534) Eden regions: 721->0(720)
[2024-05-30T13:59:39.230+0000][12318.649s][info][gc,heap     ] GC(2534) Survivor regions: 9->10(92)
[2024-05-30T13:59:39.230+0000][12318.649s][info][gc,heap     ] GC(2534) Old regions: 479->479
[2024-05-30T13:59:39.230+0000][12318.649s][info][gc,heap     ] GC(2534) Archive regions: 2->2
[2024-05-30T13:59:39.230+0000][12318.649s][info][gc,heap     ] GC(2534) Humongous regions: 5->5
[2024-05-30T13:59:39.230+0000][12318.649s][info][gc,metaspace] GC(2534) Metaspace: 433855K(440064K)->433855K(440064K) NonClass: 379855K(383232K)->379855K(383232K) Class: 53999K(56832K)->53999K(56832K)
[2024-05-30T13:59:39.230+0000][12318.649s][info][gc          ] GC(2534) Pause Young (Normal) (G1 Evacuation Pause) 9709M->3945M(12288M) 21.545ms
[2024-05-30T13:59:39.230+0000][12318.649s][info][gc,cpu      ] GC(2534) User=0.12s Sys=0.01s Real=0.02s
[2024-05-30T13:59:39.428+0000][12318.847s][info][gc,marking  ] GC(2533) Concurrent Rebuild Remembered Sets 1994.312ms
[2024-05-30T13:59:39.428+0000][12318.847s][info][gc,start    ] GC(2533) Pause Cleanup
[2024-05-30T13:59:39.429+0000][12318.848s][info][gc          ] GC(2533) Pause Cleanup 4142M->4142M(12288M) 0.658ms
[2024-05-30T13:59:39.429+0000][12318.848s][info][gc,cpu      ] GC(2533) User=0.00s Sys=0.00s Real=0.01s
[2024-05-30T13:59:39.429+0000][12318.848s][info][gc,marking  ] GC(2533) Concurrent Cleanup for Next Mark
[2024-05-30T13:59:39.447+0000][12318.866s][info][gc,marking  ] GC(2533) Concurrent Cleanup for Next Mark 18.458ms
[2024-05-30T13:59:39.447+0000][12318.867s][info][gc          ] GC(2533) Concurrent Mark Cycle 5722.549ms
[2024-05-30T13:59:43.912+0000][12323.331s][info][gc,start    ] GC(2535) Pause Young (Prepare Mixed) (G1 Evacuation Pause)
[2024-05-30T13:59:43.912+0000][12323.332s][info][gc,task     ] GC(2535) Using 6 workers of 6 for evacuation
[2024-05-30T13:59:43.938+0000][12323.358s][info][gc,phases   ] GC(2535)   Pre Evacuate Collection Set: 0.2ms
[2024-05-30T13:59:43.938+0000][12323.358s][info][gc,phases   ] GC(2535)   Merge Heap Roots: 0.3ms
[2024-05-30T13:59:43.938+0000][12323.358s][info][gc,phases   ] GC(2535)   Evacuate Collection Set: 23.7ms
[2024-05-30T13:59:43.938+0000][12323.358s][info][gc,phases   ] GC(2535)   Post Evacuate Collection Set: 1.8ms
[2024-05-30T13:59:43.938+0000][12323.358s][info][gc,phases   ] GC(2535)   Other: 0.2ms
[2024-05-30T13:59:43.938+0000][12323.358s][info][gc,heap     ] GC(2535) Eden regions: 720->0(66)
[2024-05-30T13:59:43.938+0000][12323.358s][info][gc,heap     ] GC(2535) Survivor regions: 10->10(92)
[2024-05-30T13:59:43.938+0000][12323.358s][info][gc,heap     ] GC(2535) Old regions: 479->479
[2024-05-30T13:59:43.938+0000][12323.358s][info][gc,heap     ] GC(2535) Archive regions: 2->2
[2024-05-30T13:59:43.938+0000][12323.358s][info][gc,heap     ] GC(2535) Humongous regions: 5->5
[2024-05-30T13:59:43.938+0000][12323.358s][info][gc,metaspace] GC(2535) Metaspace: 433855K(440064K)->433855K(440064K) NonClass: 379855K(383232K)->379855K(383232K) Class: 53999K(56832K)->53999K(56832K)
[2024-05-30T13:59:43.938+0000][12323.358s][info][gc          ] GC(2535) Pause Young (Prepare Mixed) (G1 Evacuation Pause) 9705M->3948M(12288M) 26.208ms
[2024-05-30T13:59:43.938+0000][12323.358s][info][gc,cpu      ] GC(2535) User=0.15s Sys=0.00s Real=0.03s
[2024-05-30T13:59:44.139+0000][12323.558s][info][gc,start    ] GC(2536) Pause Young (Mixed) (G1 Evacuation Pause)
[2024-05-30T13:59:44.139+0000][12323.558s][info][gc,task     ] GC(2536) Using 6 workers of 6 for evacuation
[2024-05-30T13:59:44.210+0000][12323.630s][info][gc,phases   ] GC(2536)   Pre Evacuate Collection Set: 0.2ms
[2024-05-30T13:59:44.210+0000][12323.630s][info][gc,phases   ] GC(2536)   Merge Heap Roots: 0.5ms
[2024-05-30T13:59:44.210+0000][12323.630s][info][gc,phases   ] GC(2536)   Evacuate Collection Set: 69.8ms
[2024-05-30T13:59:44.210+0000][12323.630s][info][gc,phases   ] GC(2536)   Post Evacuate Collection Set: 1.3ms
[2024-05-30T13:59:44.210+0000][12323.630s][info][gc,phases   ] GC(2536)   Other: 0.2ms
[2024-05-30T13:59:44.210+0000][12323.630s][info][gc,heap     ] GC(2536) Eden regions: 66->0(725)
[2024-05-30T13:59:44.210+0000][12323.630s][info][gc,heap     ] GC(2536) Survivor regions: 10->6(10)
[2024-05-30T13:59:44.210+0000][12323.630s][info][gc,heap     ] GC(2536) Old regions: 479->478
[2024-05-30T13:59:44.210+0000][12323.630s][info][gc,heap     ] GC(2536) Archive regions: 2->2
[2024-05-30T13:59:44.210+0000][12323.630s][info][gc,heap     ] GC(2536) Humongous regions: 5->5
[2024-05-30T13:59:44.210+0000][12323.630s][info][gc,metaspace] GC(2536) Metaspace: 433855K(440064K)->433855K(440064K) NonClass: 379855K(383232K)->379855K(383232K) Class: 53999K(56832K)->53999K(56832K)
[2024-05-30T13:59:44.210+0000][12323.630s][info][gc          ] GC(2536) Pause Young (Mixed) (G1 Evacuation Pause) 4476M->3913M(12288M) 71.973ms
[2024-05-30T13:59:44.211+0000][12323.630s][info][gc,cpu      ] GC(2536) User=0.42s Sys=0.00s Real=0.07s
[2024-05-30T13:59:49.022+0000][12328.441s][info][gc,start    ] GC(2537) Pause Young (Normal) (G1 Evacuation Pause)
[2024-05-30T13:59:49.022+0000][12328.441s][info][gc,task     ] GC(2537) Using 6 workers of 6 for evacuation
[2024-05-30T13:59:49.037+0000][12328.456s][info][gc,phases   ] GC(2537)   Pre Evacuate Collection Set: 0.2ms
[2024-05-30T13:59:49.037+0000][12328.456s][info][gc,phases   ] GC(2537)   Merge Heap Roots: 0.2ms
[2024-05-30T13:59:49.037+0000][12328.456s][info][gc,phases   ] GC(2537)   Evacuate Collection Set: 12.9ms
[2024-05-30T13:59:49.037+0000][12328.456s][info][gc,phases   ] GC(2537)   Post Evacuate Collection Set: 1.7ms
[2024-05-30T13:59:49.037+0000][12328.456s][info][gc,phases   ] GC(2537)   Other: 0.2ms
[2024-05-30T13:59:49.037+0000][12328.456s][info][gc,heap     ] GC(2537) Eden regions: 725->0(726)
[2024-05-30T13:59:49.037+0000][12328.456s][info][gc,heap     ] GC(2537) Survivor regions: 6->6(92)
[2024-05-30T13:59:49.037+0000][12328.456s][info][gc,heap     ] GC(2537) Old regions: 478->478
[2024-05-30T13:59:49.037+0000][12328.456s][info][gc,heap     ] GC(2537) Archive regions: 2->2
[2024-05-30T13:59:49.037+0000][12328.456s][info][gc,heap     ] GC(2537) Humongous regions: 5->5
[2024-05-30T13:59:49.037+0000][12328.456s][info][gc,metaspace] GC(2537) Metaspace: 433855K(440064K)->433855K(440064K) NonClass: 379855K(383232K)->379855K(383232K) Class: 53999K(56832K)->53999K(56832K)
[2024-05-30T13:59:49.037+0000][12328.456s][info][gc          ] GC(2537) Pause Young (Normal) (G1 Evacuation Pause) 9713M->3911M(12288M) 15.303ms
[2024-05-30T13:59:49.037+0000][12328.456s][info][gc,cpu      ] GC(2537) User=0.08s Sys=0.00s Real=0.02s
[2024-05-30T13:59:53.907+0000][12333.326s][info][gc,start    ] GC(2538) Pause Young (Normal) (G1 Evacuation Pause)
[2024-05-30T13:59:53.907+0000][12333.326s][info][gc,task     ] GC(2538) Using 6 workers of 6 for evacuation
[2024-05-30T13:59:53.925+0000][12333.344s][info][gc,phases   ] GC(2538)   Pre Evacuate Collection Set: 0.2ms
[2024-05-30T13:59:53.925+0000][12333.344s][info][gc,phases   ] GC(2538)   Merge Heap Roots: 0.2ms
[2024-05-30T13:59:53.925+0000][12333.344s][info][gc,phases   ] GC(2538)   Evacuate Collection Set: 15.8ms
[2024-05-30T13:59:53.925+0000][12333.344s][info][gc,phases   ] GC(2538)   Post Evacuate Collection Set: 2.0ms
[2024-05-30T13:59:53.925+0000][12333.344s][info][gc,phases   ] GC(2538)   Other: 0.2ms
[2024-05-30T13:59:53.925+0000][12333.344s][info][gc,heap     ] GC(2538) Eden regions: 726->0(723)
[2024-05-30T13:59:53.925+0000][12333.344s][info][gc,heap     ] GC(2538) Survivor regions: 6->8(92)
[2024-05-30T13:59:53.925+0000][12333.344s][info][gc,heap     ] GC(2538) Old regions: 478->478
[2024-05-30T13:59:53.925+0000][12333.344s][info][gc,heap     ] GC(2538) Archive regions: 2->2
[2024-05-30T13:59:53.925+0000][12333.344s][info][gc,heap     ] GC(2538) Humongous regions: 5->5
[2024-05-30T13:59:53.925+0000][12333.344s][info][gc,metaspace] GC(2538) Metaspace: 433877K(440064K)->433877K(440064K) NonClass: 379877K(383232K)->379877K(383232K) Class: 53999K(56832K)->53999K(56832K)
[2024-05-30T13:59:53.925+0000][12333.344s][info][gc          ] GC(2538) Pause Young (Normal) (G1 Evacuation Pause) 9719M->3929M(12288M) 18.479ms
[2024-05-30T13:59:53.925+0000][12333.344s][info][gc,cpu      ] GC(2538) User=0.10s Sys=0.00s Real=0.02s
[2024-05-30T13:59:58.749+0000][12338.168s][info][gc,start    ] GC(2539) Pause Young (Concurrent Start) (G1 Evacuation Pause)
[2024-05-30T13:59:58.749+0000][12338.168s][info][gc,task     ] GC(2539) Using 6 workers of 6 for evacuation
[2024-05-30T13:59:58.769+0000][12338.188s][info][gc,phases   ] GC(2539)   Pre Evacuate Collection Set: 0.5ms
[2024-05-30T13:59:58.769+0000][12338.188s][info][gc,phases   ] GC(2539)   Merge Heap Roots: 0.2ms
[2024-05-30T13:59:58.769+0000][12338.188s][info][gc,phases   ] GC(2539)   Evacuate Collection Set: 17.2ms
[2024-05-30T13:59:58.769+0000][12338.188s][info][gc,phases   ] GC(2539)   Post Evacuate Collection Set: 1.7ms
[2024-05-30T13:59:58.769+0000][12338.188s][info][gc,phases   ] GC(2539)   Other: 0.3ms
[2024-05-30T13:59:58.769+0000][12338.188s][info][gc,heap     ] GC(2539) Eden regions: 723->0(724)
[2024-05-30T13:59:58.769+0000][12338.188s][info][gc,heap     ] GC(2539) Survivor regions: 8->8(92)
[2024-05-30T13:59:58.769+0000][12338.188s][info][gc,heap     ] GC(2539) Old regions: 478->478
[2024-05-30T13:59:58.769+0000][12338.188s][info][gc,heap     ] GC(2539) Archive regions: 2->2
[2024-05-30T13:59:58.769+0000][12338.188s][info][gc,heap     ] GC(2539) Humongous regions: 5->5
[2024-05-30T13:59:58.769+0000][12338.188s][info][gc,metaspace] GC(2539) Metaspace: 433877K(440064K)->433877K(440064K) NonClass: 379877K(383232K)->379877K(383232K) Class: 53999K(56832K)->53999K(56832K)
[2024-05-30T13:59:58.769+0000][12338.188s][info][gc          ] GC(2539) Pause Young (Concurrent Start) (G1 Evacuation Pause) 9713M->3926M(12288M) 20.021ms
[2024-05-30T13:59:58.769+0000][12338.188s][info][gc,cpu      ] GC(2539) User=0.11s Sys=0.00s Real=0.02s
[2024-05-30T13:59:58.769+0000][12338.188s][info][gc          ] GC(2540) Concurrent Mark Cycle
[2024-05-30T13:59:58.769+0000][12338.188s][info][gc,marking  ] GC(2540) Concurrent Clear Claimed Marks
[2024-05-30T13:59:58.769+0000][12338.189s][info][gc,marking  ] GC(2540) Concurrent Clear Claimed Marks 0.435ms
[2024-05-30T13:59:58.769+0000][12338.189s][info][gc,marking  ] GC(2540) Concurrent Scan Root Regions
[2024-05-30T13:59:58.787+0000][12338.206s][info][gc,marking  ] GC(2540) Concurrent Scan Root Regions 17.140ms
[2024-05-30T13:59:58.787+0000][12338.206s][info][gc,marking  ] GC(2540) Concurrent Mark
[2024-05-30T13:59:58.787+0000][12338.206s][info][gc,marking  ] GC(2540) Concurrent Mark From Roots
[2024-05-30T13:59:58.787+0000][12338.206s][info][gc,task     ] GC(2540) Using 2 workers of 2 for marking
[2024-05-30T14:00:02.362+0000][12341.781s][info][gc,marking  ] GC(2540) Concurrent Mark From Roots 3575.340ms
[2024-05-30T14:00:02.362+0000][12341.781s][info][gc,marking  ] GC(2540) Concurrent Preclean
[2024-05-30T14:00:02.364+0000][12341.783s][info][gc,marking  ] GC(2540) Concurrent Preclean 2.096ms
[2024-05-30T14:00:02.364+0000][12341.784s][info][gc,start    ] GC(2540) Pause Remark
[2024-05-30T14:00:02.389+0000][12341.808s][info][gc          ] GC(2540) Pause Remark 7331M->7331M(12288M) 24.445ms
[2024-05-30T14:00:02.389+0000][12341.808s][info][gc,cpu      ] GC(2540) User=0.11s Sys=0.00s Real=0.03s
[2024-05-30T14:00:02.389+0000][12341.808s][info][gc,marking  ] GC(2540) Concurrent Mark 3602.463ms
[2024-05-30T14:00:02.389+0000][12341.808s][info][gc,marking  ] GC(2540) Concurrent Rebuild Remembered Sets
[2024-05-30T14:00:04.337+0000][12343.756s][info][gc,marking  ] GC(2540) Concurrent Rebuild Remembered Sets 1947.788ms
[2024-05-30T14:00:04.337+0000][12343.756s][info][gc,start    ] GC(2540) Pause Cleanup
[2024-05-30T14:00:04.338+0000][12343.757s][info][gc          ] GC(2540) Pause Cleanup 9382M->9382M(12288M) 0.555ms
[2024-05-30T14:00:04.338+0000][12343.757s][info][gc,cpu      ] GC(2540) User=0.00s Sys=0.00s Real=0.00s
[2024-05-30T14:00:04.338+0000][12343.757s][info][gc,marking  ] GC(2540) Concurrent Cleanup for Next Mark
[2024-05-30T14:00:04.356+0000][12343.776s][info][gc,marking  ] GC(2540) Concurrent Cleanup for Next Mark 18.417ms
[2024-05-30T14:00:04.356+0000][12343.776s][info][gc          ] GC(2540) Concurrent Mark Cycle 5587.385ms
[2024-05-30T14:00:04.599+0000][12344.018s][info][gc,start    ] GC(2541) Pause Young (Prepare Mixed) (G1 Evacuation Pause)
[2024-05-30T14:00:04.599+0000][12344.018s][info][gc,task     ] GC(2541) Using 6 workers of 6 for evacuation
[2024-05-30T14:00:04.626+0000][12344.045s][info][gc,phases   ] GC(2541)   Pre Evacuate Collection Set: 0.2ms
[2024-05-30T14:00:04.626+0000][12344.045s][info][gc,phases   ] GC(2541)   Merge Heap Roots: 0.4ms
[2024-05-30T14:00:04.626+0000][12344.045s][info][gc,phases   ] GC(2541)   Evacuate Collection Set: 24.4ms
[2024-05-30T14:00:04.626+0000][12344.045s][info][gc,phases   ] GC(2541)   Post Evacuate Collection Set: 2.0ms
[2024-05-30T14:00:04.626+0000][12344.045s][info][gc,phases   ] GC(2541)   Other: 0.2ms
[2024-05-30T14:00:04.626+0000][12344.045s][info][gc,heap     ] GC(2541) Eden regions: 724->0(66)
[2024-05-30T14:00:04.626+0000][12344.045s][info][gc,heap     ] GC(2541) Survivor regions: 8->10(92)
[2024-05-30T14:00:04.626+0000][12344.045s][info][gc,heap     ] GC(2541) Old regions: 478->478
[2024-05-30T14:00:04.626+0000][12344.045s][info][gc,heap     ] GC(2541) Archive regions: 2->2
[2024-05-30T14:00:04.626+0000][12344.045s][info][gc,heap     ] GC(2541) Humongous regions: 5->5
[2024-05-30T14:00:04.626+0000][12344.045s][info][gc,metaspace] GC(2541) Metaspace: 433900K(440064K)->433900K(440064K) NonClass: 379899K(383232K)->379899K(383232K) Class: 54001K(56832K)->54001K(56832K)
[2024-05-30T14:00:04.626+0000][12344.045s][info][gc          ] GC(2541) Pause Young (Prepare Mixed) (G1 Evacuation Pause) 9718M->3944M(12288M) 27.261ms
[2024-05-30T14:00:04.626+0000][12344.045s][info][gc,cpu      ] GC(2541) User=0.16s Sys=0.00s Real=0.02s
[2024-05-30T14:00:05.063+0000][12344.482s][info][gc,start    ] GC(2542) Pause Young (Mixed) (G1 Evacuation Pause)
[2024-05-30T14:00:05.063+0000][12344.482s][info][gc,task     ] GC(2542) Using 6 workers of 6 for evacuation
[2024-05-30T14:00:05.120+0000][12344.539s][info][gc,phases   ] GC(2542)   Pre Evacuate Collection Set: 0.2ms
[2024-05-30T14:00:05.120+0000][12344.539s][info][gc,phases   ] GC(2542)   Merge Heap Roots: 0.4ms
[2024-05-30T14:00:05.120+0000][12344.539s][info][gc,phases   ] GC(2542)   Evacuate Collection Set: 54.8ms
[2024-05-30T14:00:05.120+0000][12344.539s][info][gc,phases   ] GC(2542)   Post Evacuate Collection Set: 1.2ms
[2024-05-30T14:00:05.120+0000][12344.539s][info][gc,phases   ] GC(2542)   Other: 0.2ms
[2024-05-30T14:00:05.120+0000][12344.539s][info][gc,heap     ] GC(2542) Eden regions: 66->0(726)
[2024-05-30T14:00:05.120+0000][12344.539s][info][gc,heap     ] GC(2542) Survivor regions: 10->6(10)
[2024-05-30T14:00:05.120+0000][12344.539s][info][gc,heap     ] GC(2542) Old regions: 478->477
[2024-05-30T14:00:05.120+0000][12344.539s][info][gc,heap     ] GC(2542) Archive regions: 2->2
[2024-05-30T14:00:05.120+0000][12344.539s][info][gc,heap     ] GC(2542) Humongous regions: 5->5
[2024-05-30T14:00:05.120+0000][12344.539s][info][gc,metaspace] GC(2542) Metaspace: 433900K(440064K)->433900K(440064K) NonClass: 379899K(383232K)->379899K(383232K) Class: 54001K(56832K)->54001K(56832K)
[2024-05-30T14:00:05.120+0000][12344.539s][info][gc          ] GC(2542) Pause Young (Mixed) (G1 Evacuation Pause) 4472M->3904M(12288M) 56.814ms
[2024-05-30T14:00:05.120+0000][12344.539s][info][gc,cpu      ] GC(2542) User=0.34s Sys=0.00s Real=0.06s
[2024-05-30T14:00:10.010+0000][12349.429s][info][gc,start    ] GC(2543) Pause Young (Normal) (G1 Evacuation Pause)
[2024-05-30T14:00:10.010+0000][12349.429s][info][gc,task     ] GC(2543) Using 6 workers of 6 for evacuation
[2024-05-30T14:00:10.025+0000][12349.445s][info][gc,phases   ] GC(2543)   Pre Evacuate Collection Set: 0.2ms
[2024-05-30T14:00:10.025+0000][12349.445s][info][gc,phases   ] GC(2543)   Merge Heap Roots: 0.2ms
[2024-05-30T14:00:10.025+0000][12349.445s][info][gc,phases   ] GC(2543)   Evacuate Collection Set: 13.1ms
[2024-05-30T14:00:10.025+0000][12349.445s][info][gc,phases   ] GC(2543)   Post Evacuate Collection Set: 1.7ms
[2024-05-30T14:00:10.025+0000][12349.445s][info][gc,phases   ] GC(2543)   Other: 0.2ms
[2024-05-30T14:00:10.025+0000][12349.445s][info][gc,heap     ] GC(2543) Eden regions: 726->0(726)
[2024-05-30T14:00:10.025+0000][12349.445s][info][gc,heap     ] GC(2543) Survivor regions: 6->6(92)
[2024-05-30T14:00:10.025+0000][12349.445s][info][gc,heap     ] GC(2543) Old regions: 477->477
[2024-05-30T14:00:10.025+0000][12349.445s][info][gc,heap     ] GC(2543) Archive regions: 2->2
[2024-05-30T14:00:10.025+0000][12349.445s][info][gc,heap     ] GC(2543) Humongous regions: 5->5
[2024-05-30T14:00:10.025+0000][12349.445s][info][gc,metaspace] GC(2543) Metaspace: 433900K(440064K)->433900K(440064K) NonClass: 379899K(383232K)->379899K(383232K) Class: 54001K(56832K)->54001K(56832K)
[2024-05-30T14:00:10.026+0000][12349.445s][info][gc          ] GC(2543) Pause Young (Normal) (G1 Evacuation Pause) 9712M->3904M(12288M) 15.485ms
[2024-05-30T14:00:10.026+0000][12349.445s][info][gc,cpu      ] GC(2543) User=0.09s Sys=0.00s Real=0.01s
[2024-05-30T14:00:15.024+0000][12354.444s][info][gc,start    ] GC(2544) Pause Young (Normal) (G1 Evacuation Pause)
[2024-05-30T14:00:15.024+0000][12354.444s][info][gc,task     ] GC(2544) Using 6 workers of 6 for evacuation
[2024-05-30T14:00:15.040+0000][12354.460s][info][gc,phases   ] GC(2544)   Pre Evacuate Collection Set: 0.2ms
[2024-05-30T14:00:15.040+0000][12354.460s][info][gc,phases   ] GC(2544)   Merge Heap Roots: 0.2ms
[2024-05-30T14:00:15.040+0000][12354.460s][info][gc,phases   ] GC(2544)   Evacuate Collection Set: 13.8ms
[2024-05-30T14:00:15.040+0000][12354.460s][info][gc,phases   ] GC(2544)   Post Evacuate Collection Set: 1.8ms
[2024-05-30T14:00:15.040+0000][12354.460s][info][gc,phases   ] GC(2544)   Other: 0.2ms
[2024-05-30T14:00:15.040+0000][12354.460s][info][gc,heap     ] GC(2544) Eden regions: 726->0(726)
[2024-05-30T14:00:15.041+0000][12354.460s][info][gc,heap     ] GC(2544) Survivor regions: 6->7(92)
[2024-05-30T14:00:15.041+0000][12354.460s][info][gc,heap     ] GC(2544) Old regions: 477->477
[2024-05-30T14:00:15.041+0000][12354.460s][info][gc,heap     ] GC(2544) Archive regions: 2->2
[2024-05-30T14:00:15.041+0000][12354.460s][info][gc,heap     ] GC(2544) Humongous regions: 5->5
[2024-05-30T14:00:15.041+0000][12354.460s][info][gc,metaspace] GC(2544) Metaspace: 433900K(440064K)->433900K(440064K) NonClass: 379899K(383232K)->379899K(383232K) Class: 54001K(56832K)->54001K(56832K)
[2024-05-30T14:00:15.041+0000][12354.460s][info][gc          ] GC(2544) Pause Young (Normal) (G1 Evacuation Pause) 9712M->3910M(12288M) 16.271ms
[2024-05-30T14:00:15.041+0000][12354.460s][info][gc,cpu      ] GC(2544) User=0.09s Sys=0.00s Real=0.02s
[2024-05-30T14:00:20.023+0000][12359.442s][info][gc,start    ] GC(2545) Pause Young (Concurrent Start) (G1 Evacuation Pause)
[2024-05-30T14:00:20.023+0000][12359.442s][info][gc,task     ] GC(2545) Using 6 workers of 6 for evacuation
[2024-05-30T14:00:20.042+0000][12359.462s][info][gc,phases   ] GC(2545)   Pre Evacuate Collection Set: 0.6ms
[2024-05-30T14:00:20.042+0000][12359.462s][info][gc,phases   ] GC(2545)   Merge Heap Roots: 0.2ms
[2024-05-30T14:00:20.042+0000][12359.462s][info][gc,phases   ] GC(2545)   Evacuate Collection Set: 16.7ms
[2024-05-30T14:00:20.042+0000][12359.462s][info][gc,phases   ] GC(2545)   Post Evacuate Collection Set: 1.7ms
[2024-05-30T14:00:20.042+0000][12359.462s][info][gc,phases   ] GC(2545)   Other: 0.3ms
[2024-05-30T14:00:20.042+0000][12359.462s][info][gc,heap     ] GC(2545) Eden regions: 726->0(725)
[2024-05-30T14:00:20.042+0000][12359.462s][info][gc,heap     ] GC(2545) Survivor regions: 7->8(92)
[2024-05-30T14:00:20.042+0000][12359.462s][info][gc,heap     ] GC(2545) Old regions: 477->477
[2024-05-30T14:00:20.042+0000][12359.462s][info][gc,heap     ] GC(2545) Archive regions: 2->2
[2024-05-30T14:00:20.042+0000][12359.462s][info][gc,heap     ] GC(2545) Humongous regions: 5->5
[2024-05-30T14:00:20.042+0000][12359.462s][info][gc,metaspace] GC(2545) Metaspace: 433900K(440064K)->433900K(440064K) NonClass: 379899K(383232K)->379899K(383232K) Class: 54001K(56832K)->54001K(56832K)
[2024-05-30T14:00:20.042+0000][12359.462s][info][gc          ] GC(2545) Pause Young (Concurrent Start) (G1 Evacuation Pause) 9718M->3917M(12288M) 19.499ms
[2024-05-30T14:00:20.042+0000][12359.462s][info][gc,cpu      ] GC(2545) User=0.11s Sys=0.00s Real=0.02s
[2024-05-30T14:00:20.042+0000][12359.462s][info][gc          ] GC(2546) Concurrent Mark Cycle
[2024-05-30T14:00:20.042+0000][12359.462s][info][gc,marking  ] GC(2546) Concurrent Clear Claimed Marks
[2024-05-30T14:00:20.043+0000][12359.462s][info][gc,marking  ] GC(2546) Concurrent Clear Claimed Marks 0.407ms
[2024-05-30T14:00:20.043+0000][12359.462s][info][gc,marking  ] GC(2546) Concurrent Scan Root Regions
[2024-05-30T14:00:20.059+0000][12359.478s][info][gc,marking  ] GC(2546) Concurrent Scan Root Regions 15.816ms
[2024-05-30T14:00:20.059+0000][12359.478s][info][gc,marking  ] GC(2546) Concurrent Mark
[2024-05-30T14:00:20.059+0000][12359.478s][info][gc,marking  ] GC(2546) Concurrent Mark From Roots
[2024-05-30T14:00:20.059+0000][12359.478s][info][gc,task     ] GC(2546) Using 2 workers of 2 for marking
[2024-05-30T14:00:23.700+0000][12363.119s][info][gc,marking  ] GC(2546) Concurrent Mark From Roots 3641.156ms
[2024-05-30T14:00:23.700+0000][12363.119s][info][gc,marking  ] GC(2546) Concurrent Preclean
[2024-05-30T14:00:23.702+0000][12363.121s][info][gc,marking  ] GC(2546) Concurrent Preclean 1.990ms
[2024-05-30T14:00:23.702+0000][12363.121s][info][gc,start    ] GC(2546) Pause Remark
[2024-05-30T14:00:23.727+0000][12363.146s][info][gc          ] GC(2546) Pause Remark 7561M->7561M(12288M) 24.518ms
[2024-05-30T14:00:23.727+0000][12363.146s][info][gc,cpu      ] GC(2546) User=0.10s Sys=0.00s Real=0.02s
[2024-05-30T14:00:23.727+0000][12363.146s][info][gc,marking  ] GC(2546) Concurrent Mark 3668.264ms
[2024-05-30T14:00:23.727+0000][12363.146s][info][gc,marking  ] GC(2546) Concurrent Rebuild Remembered Sets
[2024-05-30T14:00:25.610+0000][12365.029s][info][gc,marking  ] GC(2546) Concurrent Rebuild Remembered Sets 1883.093ms
[2024-05-30T14:00:25.610+0000][12365.030s][info][gc,start    ] GC(2546) Pause Cleanup
[2024-05-30T14:00:25.611+0000][12365.030s][info][gc          ] GC(2546) Pause Cleanup 9621M->9621M(12288M) 0.555ms
[2024-05-30T14:00:25.611+0000][12365.030s][info][gc,cpu      ] GC(2546) User=0.00s Sys=0.00s Real=0.00s
[2024-05-30T14:00:25.611+0000][12365.030s][info][gc,marking  ] GC(2546) Concurrent Cleanup for Next Mark
[2024-05-30T14:00:25.628+0000][12365.047s][info][gc,marking  ] GC(2546) Concurrent Cleanup for Next Mark 16.808ms
[2024-05-30T14:00:25.628+0000][12365.047s][info][gc          ] GC(2546) Concurrent Mark Cycle 5585.615ms
[2024-05-30T14:00:25.699+0000][12365.118s][info][gc,start    ] GC(2547) Pause Young (Prepare Mixed) (G1 Evacuation Pause)
[2024-05-30T14:00:25.699+0000][12365.118s][info][gc,task     ] GC(2547) Using 6 workers of 6 for evacuation
[2024-05-30T14:00:25.724+0000][12365.143s][info][gc,phases   ] GC(2547)   Pre Evacuate Collection Set: 0.2ms
[2024-05-30T14:00:25.724+0000][12365.143s][info][gc,phases   ] GC(2547)   Merge Heap Roots: 0.4ms
[2024-05-30T14:00:25.724+0000][12365.143s][info][gc,phases   ] GC(2547)   Evacuate Collection Set: 22.2ms
[2024-05-30T14:00:25.724+0000][12365.143s][info][gc,phases   ] GC(2547)   Post Evacuate Collection Set: 2.3ms
[2024-05-30T14:00:25.724+0000][12365.143s][info][gc,phases   ] GC(2547)   Other: 0.2ms
[2024-05-30T14:00:25.724+0000][12365.143s][info][gc,heap     ] GC(2547) Eden regions: 725->0(66)
[2024-05-30T14:00:25.724+0000][12365.143s][info][gc,heap     ] GC(2547) Survivor regions: 8->10(92)
[2024-05-30T14:00:25.724+0000][12365.143s][info][gc,heap     ] GC(2547) Old regions: 477->477
[2024-05-30T14:00:25.724+0000][12365.143s][info][gc,heap     ] GC(2547) Archive regions: 2->2
[2024-05-30T14:00:25.724+0000][12365.143s][info][gc,heap     ] GC(2547) Humongous regions: 5->5
[2024-05-30T14:00:25.724+0000][12365.143s][info][gc,metaspace] GC(2547) Metaspace: 433900K(440064K)->433900K(440064K) NonClass: 379899K(383232K)->379899K(383232K) Class: 54001K(56832K)->54001K(56832K)
[2024-05-30T14:00:25.724+0000][12365.143s][info][gc          ] GC(2547) Pause Young (Prepare Mixed) (G1 Evacuation Pause) 9717M->3935M(12288M) 25.287ms
[2024-05-30T14:00:25.724+0000][12365.143s][info][gc,cpu      ] GC(2547) User=0.14s Sys=0.00s Real=0.02s
[2024-05-30T14:00:26.169+0000][12365.589s][info][gc,start    ] GC(2548) Pause Young (Mixed) (G1 Evacuation Pause)
[2024-05-30T14:00:26.169+0000][12365.589s][info][gc,task     ] GC(2548) Using 6 workers of 6 for evacuation
[2024-05-30T14:00:26.231+0000][12365.650s][info][gc,phases   ] GC(2548)   Pre Evacuate Collection Set: 0.2ms
[2024-05-30T14:00:26.231+0000][12365.650s][info][gc,phases   ] GC(2548)   Merge Heap Roots: 0.5ms
[2024-05-30T14:00:26.231+0000][12365.650s][info][gc,phases   ] GC(2548)   Evacuate Collection Set: 59.5ms
[2024-05-30T14:00:26.231+0000][12365.650s][info][gc,phases   ] GC(2548)   Post Evacuate Collection Set: 1.4ms
[2024-05-30T14:00:26.231+0000][12365.650s][info][gc,phases   ] GC(2548)   Other: 0.2ms
[2024-05-30T14:00:26.231+0000][12365.650s][info][gc,heap     ] GC(2548) Eden regions: 66->0(724)
[2024-05-30T14:00:26.231+0000][12365.650s][info][gc,heap     ] GC(2548) Survivor regions: 10->6(10)
[2024-05-30T14:00:26.231+0000][12365.650s][info][gc,heap     ] GC(2548) Old regions: 477->479
[2024-05-30T14:00:26.231+0000][12365.650s][info][gc,heap     ] GC(2548) Archive regions: 2->2
[2024-05-30T14:00:26.231+0000][12365.650s][info][gc,heap     ] GC(2548) Humongous regions: 5->5
[2024-05-30T14:00:26.231+0000][12365.650s][info][gc,metaspace] GC(2548) Metaspace: 433904K(440064K)->433904K(440064K) NonClass: 379902K(383232K)->379902K(383232K) Class: 54001K(56832K)->54001K(56832K)
[2024-05-30T14:00:26.231+0000][12365.650s][info][gc          ] GC(2548) Pause Young (Mixed) (G1 Evacuation Pause) 4463M->3911M(12288M) 61.851ms
[2024-05-30T14:00:26.231+0000][12365.651s][info][gc,cpu      ] GC(2548) User=0.36s Sys=0.00s Real=0.06s
[2024-05-30T14:00:30.919+0000][12370.338s][info][gc,start    ] GC(2549) Pause Young (Normal) (G1 Evacuation Pause)
[2024-05-30T14:00:30.919+0000][12370.338s][info][gc,task     ] GC(2549) Using 6 workers of 6 for evacuation
[2024-05-30T14:00:30.932+0000][12370.351s][info][gc,phases   ] GC(2549)   Pre Evacuate Collection Set: 0.2ms
[2024-05-30T14:00:30.932+0000][12370.351s][info][gc,phases   ] GC(2549)   Merge Heap Roots: 0.2ms
[2024-05-30T14:00:30.932+0000][12370.351s][info][gc,phases   ] GC(2549)   Evacuate Collection Set: 10.5ms
[2024-05-30T14:00:30.932+0000][12370.351s][info][gc,phases   ] GC(2549)   Post Evacuate Collection Set: 1.7ms
[2024-05-30T14:00:30.932+0000][12370.351s][info][gc,phases   ] GC(2549)   Other: 0.2ms
[2024-05-30T14:00:30.932+0000][12370.351s][info][gc,heap     ] GC(2549) Eden regions: 724->0(725)
[2024-05-30T14:00:30.932+0000][12370.351s][info][gc,heap     ] GC(2549) Survivor regions: 6->5(92)
[2024-05-30T14:00:30.932+0000][12370.351s][info][gc,heap     ] GC(2549) Old regions: 479->479
[2024-05-30T14:00:30.932+0000][12370.351s][info][gc,heap     ] GC(2549) Archive regions: 2->2
[2024-05-30T14:00:30.932+0000][12370.351s][info][gc,heap     ] GC(2549) Humongous regions: 5->5
[2024-05-30T14:00:30.932+0000][12370.351s][info][gc,metaspace] GC(2549) Metaspace: 433904K(440064K)->433904K(440064K) NonClass: 379902K(383232K)->379902K(383232K) Class: 54001K(56832K)->54001K(56832K)
[2024-05-30T14:00:30.932+0000][12370.351s][info][gc          ] GC(2549) Pause Young (Normal) (G1 Evacuation Pause) 9703M->3905M(12288M) 12.885ms
[2024-05-30T14:00:30.932+0000][12370.351s][info][gc,cpu      ] GC(2549) User=0.07s Sys=0.00s Real=0.01s
[2024-05-30T14:00:35.036+0000][12374.455s][info][gc,start    ] GC(2550) Pause Young (Normal) (G1 Evacuation Pause)
[2024-05-30T14:00:35.036+0000][12374.455s][info][gc,task     ] GC(2550) Using 6 workers of 6 for evacuation
[2024-05-30T14:00:35.049+0000][12374.468s][info][gc,phases   ] GC(2550)   Pre Evacuate Collection Set: 0.2ms
[2024-05-30T14:00:35.049+0000][12374.468s][info][gc,phases   ] GC(2550)   Merge Heap Roots: 0.2ms
[2024-05-30T14:00:35.049+0000][12374.468s][info][gc,phases   ] GC(2550)   Evacuate Collection Set: 11.4ms
[2024-05-30T14:00:35.049+0000][12374.468s][info][gc,phases   ] GC(2550)   Post Evacuate Collection Set: 1.7ms
[2024-05-30T14:00:35.049+0000][12374.468s][info][gc,phases   ] GC(2550)   Other: 0.2ms
[2024-05-30T14:00:35.049+0000][12374.468s][info][gc,heap     ] GC(2550) Eden regions: 725->0(724)
[2024-05-30T14:00:35.049+0000][12374.468s][info][gc,heap     ] GC(2550) Survivor regions: 5->6(92)
[2024-05-30T14:00:35.049+0000][12374.468s][info][gc,heap     ] GC(2550) Old regions: 479->479
[2024-05-30T14:00:35.049+0000][12374.468s][info][gc,heap     ] GC(2550) Archive regions: 2->2
[2024-05-30T14:00:35.049+0000][12374.468s][info][gc,heap     ] GC(2550) Humongous regions: 5->5
[2024-05-30T14:00:35.049+0000][12374.468s][info][gc,metaspace] GC(2550) Metaspace: 433904K(440064K)->433904K(440064K) NonClass: 379902K(383232K)->379902K(383232K) Class: 54001K(56832K)->54001K(56832K)
[2024-05-30T14:00:35.049+0000][12374.468s][info][gc          ] GC(2550) Pause Young (Normal) (G1 Evacuation Pause) 9705M->3916M(12288M) 13.706ms
[2024-05-30T14:00:35.049+0000][12374.469s][info][gc,cpu      ] GC(2550) User=0.08s Sys=0.00s Real=0.02s
[2024-05-30T14:00:39.719+0000][12379.138s][info][gc,start    ] GC(2551) Pause Young (Concurrent Start) (G1 Evacuation Pause)
[2024-05-30T14:00:39.719+0000][12379.138s][info][gc,task     ] GC(2551) Using 6 workers of 6 for evacuation
[2024-05-30T14:00:39.735+0000][12379.154s][info][gc,phases   ] GC(2551)   Pre Evacuate Collection Set: 0.6ms
[2024-05-30T14:00:39.735+0000][12379.154s][info][gc,phases   ] GC(2551)   Merge Heap Roots: 0.2ms
[2024-05-30T14:00:39.735+0000][12379.154s][info][gc,phases   ] GC(2551)   Evacuate Collection Set: 13.5ms
[2024-05-30T14:00:39.735+0000][12379.154s][info][gc,phases   ] GC(2551)   Post Evacuate Collection Set: 1.7ms
[2024-05-30T14:00:39.735+0000][12379.154s][info][gc,phases   ] GC(2551)   Other: 0.3ms
[2024-05-30T14:00:39.735+0000][12379.154s][info][gc,heap     ] GC(2551) Eden regions: 724->0(725)
[2024-05-30T14:00:39.735+0000][12379.154s][info][gc,heap     ] GC(2551) Survivor regions: 6->6(92)
[2024-05-30T14:00:39.735+0000][12379.154s][info][gc,heap     ] GC(2551) Old regions: 479->479
[2024-05-30T14:00:39.735+0000][12379.154s][info][gc,heap     ] GC(2551) Archive regions: 2->2
[2024-05-30T14:00:39.735+0000][12379.154s][info][gc,heap     ] GC(2551) Humongous regions: 5->5
[2024-05-30T14:00:39.735+0000][12379.154s][info][gc,metaspace] GC(2551) Metaspace: 433905K(440064K)->433905K(440064K) NonClass: 379903K(383232K)->379903K(383232K) Class: 54001K(56832K)->54001K(56832K)
[2024-05-30T14:00:39.735+0000][12379.155s][info][gc          ] GC(2551) Pause Young (Concurrent Start) (G1 Evacuation Pause) 9708M->3916M(12288M) 16.327ms
[2024-05-30T14:00:39.735+0000][12379.155s][info][gc,cpu      ] GC(2551) User=0.10s Sys=0.00s Real=0.01s
[2024-05-30T14:00:39.735+0000][12379.155s][info][gc          ] GC(2552) Concurrent Mark Cycle
[2024-05-30T14:00:39.735+0000][12379.155s][info][gc,marking  ] GC(2552) Concurrent Clear Claimed Marks
[2024-05-30T14:00:39.736+0000][12379.155s][info][gc,marking  ] GC(2552) Concurrent Clear Claimed Marks 0.361ms
[2024-05-30T14:00:39.736+0000][12379.155s][info][gc,marking  ] GC(2552) Concurrent Scan Root Regions
[2024-05-30T14:00:39.748+0000][12379.167s][info][gc,marking  ] GC(2552) Concurrent Scan Root Regions 12.271ms
[2024-05-30T14:00:39.748+0000][12379.167s][info][gc,marking  ] GC(2552) Concurrent Mark
[2024-05-30T14:00:39.748+0000][12379.167s][info][gc,marking  ] GC(2552) Concurrent Mark From Roots
[2024-05-30T14:00:39.748+0000][12379.167s][info][gc,task     ] GC(2552) Using 2 workers of 2 for marking
[2024-05-30T14:00:43.361+0000][12382.780s][info][gc,marking  ] GC(2552) Concurrent Mark From Roots 3613.156ms
[2024-05-30T14:00:43.361+0000][12382.780s][info][gc,marking  ] GC(2552) Concurrent Preclean
[2024-05-30T14:00:43.363+0000][12382.783s][info][gc,marking  ] GC(2552) Concurrent Preclean 2.098ms
[2024-05-30T14:00:43.364+0000][12382.783s][info][gc,start    ] GC(2552) Pause Remark
[2024-05-30T14:00:43.388+0000][12382.807s][info][gc          ] GC(2552) Pause Remark 7536M->7535M(12288M) 24.534ms
[2024-05-30T14:00:43.388+0000][12382.807s][info][gc,cpu      ] GC(2552) User=0.10s Sys=0.00s Real=0.02s
[2024-05-30T14:00:43.388+0000][12382.808s][info][gc,marking  ] GC(2552) Concurrent Mark 3640.232ms
[2024-05-30T14:00:43.388+0000][12382.808s][info][gc,marking  ] GC(2552) Concurrent Rebuild Remembered Sets
[2024-05-30T14:00:45.292+0000][12384.711s][info][gc,marking  ] GC(2552) Concurrent Rebuild Remembered Sets 1903.549ms
[2024-05-30T14:00:45.292+0000][12384.711s][info][gc,start    ] GC(2552) Pause Cleanup
[2024-05-30T14:00:45.293+0000][12384.712s][info][gc          ] GC(2552) Pause Cleanup 9523M->9523M(12288M) 0.542ms
[2024-05-30T14:00:45.293+0000][12384.712s][info][gc,cpu      ] GC(2552) User=0.00s Sys=0.00s Real=0.00s
[2024-05-30T14:00:45.293+0000][12384.712s][info][gc,marking  ] GC(2552) Concurrent Cleanup for Next Mark
[2024-05-30T14:00:45.309+0000][12384.729s][info][gc,marking  ] GC(2552) Concurrent Cleanup for Next Mark 16.636ms
[2024-05-30T14:00:45.309+0000][12384.729s][info][gc          ] GC(2552) Concurrent Mark Cycle 5574.105ms
[2024-05-30T14:00:45.445+0000][12384.864s][info][gc,start    ] GC(2553) Pause Young (Prepare Mixed) (G1 Evacuation Pause)
[2024-05-30T14:00:45.445+0000][12384.864s][info][gc,task     ] GC(2553) Using 6 workers of 6 for evacuation
[2024-05-30T14:00:45.464+0000][12384.884s][info][gc,phases   ] GC(2553)   Pre Evacuate Collection Set: 0.2ms
[2024-05-30T14:00:45.464+0000][12384.884s][info][gc,phases   ] GC(2553)   Merge Heap Roots: 0.3ms
[2024-05-30T14:00:45.464+0000][12384.884s][info][gc,phases   ] GC(2553)   Evacuate Collection Set: 17.2ms
[2024-05-30T14:00:45.464+0000][12384.884s][info][gc,phases   ] GC(2553)   Post Evacuate Collection Set: 1.8ms
[2024-05-30T14:00:45.464+0000][12384.884s][info][gc,phases   ] GC(2553)   Other: 0.2ms
[2024-05-30T14:00:45.464+0000][12384.884s][info][gc,heap     ] GC(2553) Eden regions: 725->0(68)
[2024-05-30T14:00:45.464+0000][12384.884s][info][gc,heap     ] GC(2553) Survivor regions: 6->8(92)
[2024-05-30T14:00:45.464+0000][12384.884s][info][gc,heap     ] GC(2553) Old regions: 478->478
[2024-05-30T14:00:45.464+0000][12384.884s][info][gc,heap     ] GC(2553) Archive regions: 2->2
[2024-05-30T14:00:45.464+0000][12384.884s][info][gc,heap     ] GC(2553) Humongous regions: 5->5
[2024-05-30T14:00:45.464+0000][12384.884s][info][gc,metaspace] GC(2553) Metaspace: 433905K(440064K)->433905K(440064K) NonClass: 379903K(383232K)->379903K(383232K) Class: 54001K(56832K)->54001K(56832K)
[2024-05-30T14:00:45.464+0000][12384.884s][info][gc          ] GC(2553) Pause Young (Prepare Mixed) (G1 Evacuation Pause) 9715M->3932M(12288M) 19.711ms
[2024-05-30T14:00:45.464+0000][12384.884s][info][gc,cpu      ] GC(2553) User=0.11s Sys=0.00s Real=0.02s
[2024-05-30T14:00:45.886+0000][12385.305s][info][gc,start    ] GC(2554) Pause Young (Mixed) (G1 Evacuation Pause)
[2024-05-30T14:00:45.886+0000][12385.305s][info][gc,task     ] GC(2554) Using 6 workers of 6 for evacuation
[2024-05-30T14:00:45.939+0000][12385.358s][info][gc,phases   ] GC(2554)   Pre Evacuate Collection Set: 0.2ms
[2024-05-30T14:00:45.939+0000][12385.358s][info][gc,phases   ] GC(2554)   Merge Heap Roots: 0.4ms
[2024-05-30T14:00:45.939+0000][12385.358s][info][gc,phases   ] GC(2554)   Evacuate Collection Set: 51.7ms
[2024-05-30T14:00:45.939+0000][12385.358s][info][gc,phases   ] GC(2554)   Post Evacuate Collection Set: 1.2ms
[2024-05-30T14:00:45.939+0000][12385.358s][info][gc,phases   ] GC(2554)   Other: 0.2ms
[2024-05-30T14:00:45.939+0000][12385.358s][info][gc,heap     ] GC(2554) Eden regions: 68->0(729)
[2024-05-30T14:00:45.939+0000][12385.358s][info][gc,heap     ] GC(2554) Survivor regions: 8->4(10)
[2024-05-30T14:00:45.939+0000][12385.358s][info][gc,heap     ] GC(2554) Old regions: 478->477
[2024-05-30T14:00:45.939+0000][12385.358s][info][gc,heap     ] GC(2554) Archive regions: 2->2
[2024-05-30T14:00:45.939+0000][12385.358s][info][gc,heap     ] GC(2554) Humongous regions: 5->5
[2024-05-30T14:00:45.939+0000][12385.358s][info][gc,metaspace] GC(2554) Metaspace: 433905K(440064K)->433905K(440064K) NonClass: 379903K(383232K)->379903K(383232K) Class: 54001K(56832K)->54001K(56832K)
[2024-05-30T14:00:45.939+0000][12385.359s][info][gc          ] GC(2554) Pause Young (Mixed) (G1 Evacuation Pause) 4476M->3887M(12288M) 53.692ms
[2024-05-30T14:00:45.939+0000][12385.359s][info][gc,cpu      ] GC(2554) User=0.32s Sys=0.00s Real=0.06s
[2024-05-30T14:00:51.046+0000][12390.465s][info][gc,start    ] GC(2555) Pause Young (Normal) (G1 Evacuation Pause)
[2024-05-30T14:00:51.046+0000][12390.465s][info][gc,task     ] GC(2555) Using 6 workers of 6 for evacuation
[2024-05-30T14:00:51.060+0000][12390.479s][info][gc,phases   ] GC(2555)   Pre Evacuate Collection Set: 0.2ms
[2024-05-30T14:00:51.060+0000][12390.479s][info][gc,phases   ] GC(2555)   Merge Heap Roots: 0.2ms
[2024-05-30T14:00:51.060+0000][12390.479s][info][gc,phases   ] GC(2555)   Evacuate Collection Set: 11.5ms
[2024-05-30T14:00:51.060+0000][12390.479s][info][gc,phases   ] GC(2555)   Post Evacuate Collection Set: 1.7ms
[2024-05-30T14:00:51.060+0000][12390.479s][info][gc,phases   ] GC(2555)   Other: 0.2ms
[2024-05-30T14:00:51.060+0000][12390.479s][info][gc,heap     ] GC(2555) Eden regions: 729->0(726)
[2024-05-30T14:00:51.060+0000][12390.479s][info][gc,heap     ] GC(2555) Survivor regions: 4->7(92)
[2024-05-30T14:00:51.060+0000][12390.479s][info][gc,heap     ] GC(2555) Old regions: 477->477
[2024-05-30T14:00:51.060+0000][12390.479s][info][gc,heap     ] GC(2555) Archive regions: 2->2
[2024-05-30T14:00:51.060+0000][12390.479s][info][gc,heap     ] GC(2555) Humongous regions: 5->5
[2024-05-30T14:00:51.060+0000][12390.479s][info][gc,metaspace] GC(2555) Metaspace: 433905K(440064K)->433905K(440064K) NonClass: 379903K(383232K)->379903K(383232K) Class: 54001K(56832K)->54001K(56832K)
[2024-05-30T14:00:51.060+0000][12390.479s][info][gc          ] GC(2555) Pause Young (Normal) (G1 Evacuation Pause) 9719M->3906M(12288M) 13.771ms
[2024-05-30T14:00:51.060+0000][12390.479s][info][gc,cpu      ] GC(2555) User=0.08s Sys=0.00s Real=0.02s
[2024-05-30T14:00:55.913+0000][12395.332s][info][gc,start    ] GC(2556) Pause Young (Normal) (G1 Evacuation Pause)
[2024-05-30T14:00:55.913+0000][12395.332s][info][gc,task     ] GC(2556) Using 6 workers of 6 for evacuation
[2024-05-30T14:00:55.932+0000][12395.351s][info][gc,phases   ] GC(2556)   Pre Evacuate Collection Set: 0.2ms
[2024-05-30T14:00:55.932+0000][12395.351s][info][gc,phases   ] GC(2556)   Merge Heap Roots: 0.2ms
[2024-05-30T14:00:55.932+0000][12395.351s][info][gc,phases   ] GC(2556)   Evacuate Collection Set: 15.9ms
[2024-05-30T14:00:55.932+0000][12395.351s][info][gc,phases   ] GC(2556)   Post Evacuate Collection Set: 1.9ms
[2024-05-30T14:00:55.932+0000][12395.351s][info][gc,phases   ] GC(2556)   Other: 0.2ms
[2024-05-30T14:00:55.932+0000][12395.351s][info][gc,heap     ] GC(2556) Eden regions: 726->0(723)
[2024-05-30T14:00:55.932+0000][12395.351s][info][gc,heap     ] GC(2556) Survivor regions: 7->9(92)
[2024-05-30T14:00:55.932+0000][12395.351s][info][gc,heap     ] GC(2556) Old regions: 477->477
[2024-05-30T14:00:55.932+0000][12395.351s][info][gc,heap     ] GC(2556) Archive regions: 2->2
[2024-05-30T14:00:55.932+0000][12395.351s][info][gc,heap     ] GC(2556) Humongous regions: 5->5
[2024-05-30T14:00:55.932+0000][12395.351s][info][gc,metaspace] GC(2556) Metaspace: 433906K(440064K)->433906K(440064K) NonClass: 379904K(383232K)->379904K(383232K) Class: 54001K(56832K)->54001K(56832K)
[2024-05-30T14:00:55.932+0000][12395.351s][info][gc          ] GC(2556) Pause Young (Normal) (G1 Evacuation Pause) 9714M->3921M(12288M) 18.474ms
[2024-05-30T14:00:55.932+0000][12395.351s][info][gc,cpu      ] GC(2556) User=0.10s Sys=0.00s Real=0.02s
[2024-05-30T14:00:56.423+0000][12395.842s][info][gc,start    ] GC(2557) Pause Young (Concurrent Start) (G1 Humongous Allocation)
[2024-05-30T14:00:56.423+0000][12395.842s][info][gc,task     ] GC(2557) Using 6 workers of 6 for evacuation
[2024-05-30T14:00:56.450+0000][12395.869s][info][gc,phases   ] GC(2557)   Pre Evacuate Collection Set: 0.6ms
[2024-05-30T14:00:56.450+0000][12395.869s][info][gc,phases   ] GC(2557)   Merge Heap Roots: 0.2ms
[2024-05-30T14:00:56.450+0000][12395.869s][info][gc,phases   ] GC(2557)   Evacuate Collection Set: 24.6ms
[2024-05-30T14:00:56.450+0000][12395.869s][info][gc,phases   ] GC(2557)   Post Evacuate Collection Set: 1.3ms
[2024-05-30T14:00:56.450+0000][12395.869s][info][gc,phases   ] GC(2557)   Other: 0.3ms
[2024-05-30T14:00:56.450+0000][12395.869s][info][gc,heap     ] GC(2557) Eden regions: 81->0(718)
[2024-05-30T14:00:56.450+0000][12395.869s][info][gc,heap     ] GC(2557) Survivor regions: 9->11(92)
[2024-05-30T14:00:56.450+0000][12395.869s][info][gc,heap     ] GC(2557) Old regions: 477->477
[2024-05-30T14:00:56.450+0000][12395.869s][info][gc,heap     ] GC(2557) Archive regions: 2->2
[2024-05-30T14:00:56.450+0000][12395.869s][info][gc,heap     ] GC(2557) Humongous regions: 5->5
[2024-05-30T14:00:56.450+0000][12395.869s][info][gc,metaspace] GC(2557) Metaspace: 433906K(440064K)->433906K(440064K) NonClass: 379904K(383232K)->379904K(383232K) Class: 54001K(56832K)->54001K(56832K)
[2024-05-30T14:00:56.450+0000][12395.869s][info][gc          ] GC(2557) Pause Young (Concurrent Start) (G1 Humongous Allocation) 4565M->3939M(12288M) 26.909ms
[2024-05-30T14:00:56.450+0000][12395.869s][info][gc,cpu      ] GC(2557) User=0.16s Sys=0.00s Real=0.03s
[2024-05-30T14:00:56.450+0000][12395.869s][info][gc          ] GC(2558) Concurrent Mark Cycle
[2024-05-30T14:00:56.450+0000][12395.869s][info][gc,marking  ] GC(2558) Concurrent Clear Claimed Marks
[2024-05-30T14:00:56.451+0000][12395.870s][info][gc,marking  ] GC(2558) Concurrent Clear Claimed Marks 0.376ms
[2024-05-30T14:00:56.451+0000][12395.870s][info][gc,marking  ] GC(2558) Concurrent Scan Root Regions
[2024-05-30T14:00:56.500+0000][12395.920s][info][gc,marking  ] GC(2558) Concurrent Scan Root Regions 49.812ms
[2024-05-30T14:00:56.500+0000][12395.920s][info][gc,marking  ] GC(2558) Concurrent Mark
[2024-05-30T14:00:56.500+0000][12395.920s][info][gc,marking  ] GC(2558) Concurrent Mark From Roots
[2024-05-30T14:00:56.501+0000][12395.920s][info][gc,task     ] GC(2558) Using 2 workers of 2 for marking
[2024-05-30T14:00:59.624+0000][12399.043s][info][gc,marking  ] GC(2558) Concurrent Mark From Roots 3123.624ms
[2024-05-30T14:00:59.624+0000][12399.043s][info][gc,marking  ] GC(2558) Concurrent Preclean
[2024-05-30T14:00:59.626+0000][12399.045s][info][gc,marking  ] GC(2558) Concurrent Preclean 1.434ms
[2024-05-30T14:00:59.626+0000][12399.045s][info][gc,start    ] GC(2558) Pause Remark
[2024-05-30T14:00:59.655+0000][12399.074s][info][gc          ] GC(2558) Pause Remark 8235M->8235M(12288M) 29.471ms
[2024-05-30T14:00:59.655+0000][12399.075s][info][gc,cpu      ] GC(2558) User=0.14s Sys=0.00s Real=0.03s
[2024-05-30T14:00:59.655+0000][12399.075s][info][gc,marking  ] GC(2558) Concurrent Mark 3154.847ms
[2024-05-30T14:00:59.655+0000][12399.075s][info][gc,marking  ] GC(2558) Concurrent Rebuild Remembered Sets
[2024-05-30T14:01:00.370+0000][12399.790s][info][gc,start    ] GC(2559) Pause Young (Normal) (G1 Evacuation Pause)
[2024-05-30T14:01:00.370+0000][12399.790s][info][gc,task     ] GC(2559) Using 6 workers of 6 for evacuation
[2024-05-30T14:01:00.589+0000][12400.009s][info][gc,mmu      ] GC(2559) MMU target violated: 201.0ms (200.0ms/201.0ms)
[2024-05-30T14:01:00.590+0000][12400.009s][info][gc,phases   ] GC(2559)   Pre Evacuate Collection Set: 0.2ms
[2024-05-30T14:01:00.590+0000][12400.009s][info][gc,phases   ] GC(2559)   Merge Heap Roots: 1.4ms
[2024-05-30T14:01:00.590+0000][12400.009s][info][gc,phases   ] GC(2559)   Evacuate Collection Set: 199.9ms
[2024-05-30T14:01:00.590+0000][12400.009s][info][gc,phases   ] GC(2559)   Post Evacuate Collection Set: 17.5ms
[2024-05-30T14:01:00.590+0000][12400.009s][info][gc,phases   ] GC(2559)   Other: 0.3ms
[2024-05-30T14:01:00.590+0000][12400.009s][info][gc,heap     ] GC(2559) Eden regions: 718->0(651)
[2024-05-30T14:01:00.590+0000][12400.009s][info][gc,heap     ] GC(2559) Survivor regions: 11->36(92)
[2024-05-30T14:01:00.590+0000][12400.009s][info][gc,heap     ] GC(2559) Old regions: 477->477
[2024-05-30T14:01:00.590+0000][12400.009s][info][gc,heap     ] GC(2559) Archive regions: 2->2
[2024-05-30T14:01:00.590+0000][12400.009s][info][gc,heap     ] GC(2559) Humongous regions: 26->26
[2024-05-30T14:01:00.590+0000][12400.009s][info][gc,metaspace] GC(2559) Metaspace: 433906K(440064K)->433906K(440064K) NonClass: 379904K(383232K)->379904K(383232K) Class: 54001K(56832K)->54001K(56832K)
[2024-05-30T14:01:00.590+0000][12400.009s][info][gc          ] GC(2559) Pause Young (Normal) (G1 Evacuation Pause) 9851M->4304M(12288M) 219.329ms
[2024-05-30T14:01:00.590+0000][12400.009s][info][gc,cpu      ] GC(2559) User=1.30s Sys=0.00s Real=0.22s
[2024-05-30T14:01:01.233+0000][12400.652s][info][gc,marking  ] GC(2558) Concurrent Rebuild Remembered Sets 1577.774ms
[2024-05-30T14:01:01.233+0000][12400.653s][info][gc,start    ] GC(2558) Pause Cleanup
[2024-05-30T14:01:01.234+0000][12400.653s][info][gc          ] GC(2558) Pause Cleanup 5696M->5696M(12288M) 0.494ms
[2024-05-30T14:01:01.234+0000][12400.653s][info][gc,cpu      ] GC(2558) User=0.00s Sys=0.00s Real=0.00s
[2024-05-30T14:01:01.234+0000][12400.653s][info][gc,marking  ] GC(2558) Concurrent Cleanup for Next Mark
[2024-05-30T14:01:01.249+0000][12400.669s][info][gc,marking  ] GC(2558) Concurrent Cleanup for Next Mark 15.361ms
[2024-05-30T14:01:01.249+0000][12400.669s][info][gc          ] GC(2558) Concurrent Mark Cycle 4799.168ms
[2024-05-30T14:01:02.729+0000][12402.148s][info][gc,start    ] GC(2560) Pause Young (Prepare Mixed) (G1 Evacuation Pause)
[2024-05-30T14:01:02.729+0000][12402.148s][info][gc,task     ] GC(2560) Using 6 workers of 6 for evacuation
[2024-05-30T14:01:02.930+0000][12402.349s][info][gc,mmu      ] GC(2560) MMU target violated: 200.6ms (200.0ms/201.0ms)
[2024-05-30T14:01:02.930+0000][12402.349s][info][gc,phases   ] GC(2560)   Pre Evacuate Collection Set: 0.2ms
[2024-05-30T14:01:02.930+0000][12402.349s][info][gc,phases   ] GC(2560)   Merge Heap Roots: 0.6ms
[2024-05-30T14:01:02.930+0000][12402.349s][info][gc,phases   ] GC(2560)   Evacuate Collection Set: 174.7ms
[2024-05-30T14:01:02.930+0000][12402.349s][info][gc,phases   ] GC(2560)   Post Evacuate Collection Set: 25.1ms
[2024-05-30T14:01:02.930+0000][12402.349s][info][gc,phases   ] GC(2560)   Other: 0.2ms
[2024-05-30T14:01:02.930+0000][12402.349s][info][gc,heap     ] GC(2560) Eden regions: 651->0(38)
[2024-05-30T14:01:02.930+0000][12402.349s][info][gc,heap     ] GC(2560) Survivor regions: 36->38(86)
[2024-05-30T14:01:02.930+0000][12402.349s][info][gc,heap     ] GC(2560) Old regions: 477->477
[2024-05-30T14:01:02.930+0000][12402.349s][info][gc,heap     ] GC(2560) Archive regions: 2->2
[2024-05-30T14:01:02.930+0000][12402.349s][info][gc,heap     ] GC(2560) Humongous regions: 26->26
[2024-05-30T14:01:02.930+0000][12402.349s][info][gc,metaspace] GC(2560) Metaspace: 433906K(440064K)->433906K(440064K) NonClass: 379904K(383232K)->379904K(383232K) Class: 54001K(56832K)->54001K(56832K)
[2024-05-30T14:01:02.930+0000][12402.349s][info][gc          ] GC(2560) Pause Young (Prepare Mixed) (G1 Evacuation Pause) 9512M->4320M(12288M) 200.877ms
[2024-05-30T14:01:02.930+0000][12402.349s][info][gc,cpu      ] GC(2560) User=1.19s Sys=0.00s Real=0.20s
[2024-05-30T14:01:03.225+0000][12402.644s][info][gc,start    ] GC(2561) Pause Young (Mixed) (G1 Evacuation Pause)
[2024-05-30T14:01:03.225+0000][12402.644s][info][gc,task     ] GC(2561) Using 6 workers of 6 for evacuation
[2024-05-30T14:01:03.425+0000][12402.844s][info][gc,phases   ] GC(2561)   Pre Evacuate Collection Set: 0.2ms
[2024-05-30T14:01:03.425+0000][12402.844s][info][gc,phases   ] GC(2561)   Merge Heap Roots: 0.9ms
[2024-05-30T14:01:03.425+0000][12402.844s][info][gc,phases   ] GC(2561)   Evacuate Collection Set: 196.1ms
[2024-05-30T14:01:03.425+0000][12402.844s][info][gc,phases   ] GC(2561)   Post Evacuate Collection Set: 2.8ms
[2024-05-30T14:01:03.425+0000][12402.844s][info][gc,phases   ] GC(2561)   Other: 0.2ms
[2024-05-30T14:01:03.425+0000][12402.844s][info][gc,heap     ] GC(2561) Eden regions: 38->0(662)
[2024-05-30T14:01:03.425+0000][12402.844s][info][gc,heap     ] GC(2561) Survivor regions: 38->3(10)
[2024-05-30T14:01:03.425+0000][12402.844s][info][gc,heap     ] GC(2561) Old regions: 477->505
[2024-05-30T14:01:03.425+0000][12402.844s][info][gc,heap     ] GC(2561) Archive regions: 2->2
[2024-05-30T14:01:03.425+0000][12402.844s][info][gc,heap     ] GC(2561) Humongous regions: 26->26
[2024-05-30T14:01:03.425+0000][12402.844s][info][gc,metaspace] GC(2561) Metaspace: 433906K(440064K)->433906K(440064K) NonClass: 379904K(383232K)->379904K(383232K) Class: 54001K(56832K)->54001K(56832K)
[2024-05-30T14:01:03.425+0000][12402.844s][info][gc          ] GC(2561) Pause Young (Mixed) (G1 Evacuation Pause) 4624M->4272M(12288M) 200.237ms
[2024-05-30T14:01:03.425+0000][12402.844s][info][gc,cpu      ] GC(2561) User=1.18s Sys=0.01s Real=0.20s
[2024-05-30T14:01:05.473+0000][12404.892s][info][gc,start    ] GC(2562) Pause Young (Normal) (G1 Evacuation Pause)
[2024-05-30T14:01:05.473+0000][12404.892s][info][gc,task     ] GC(2562) Using 6 workers of 6 for evacuation
[2024-05-30T14:01:05.550+0000][12404.969s][info][gc,phases   ] GC(2562)   Pre Evacuate Collection Set: 0.2ms
[2024-05-30T14:01:05.550+0000][12404.969s][info][gc,phases   ] GC(2562)   Merge Heap Roots: 0.2ms
[2024-05-30T14:01:05.550+0000][12404.969s][info][gc,phases   ] GC(2562)   Evacuate Collection Set: 56.7ms
[2024-05-30T14:01:05.550+0000][12404.969s][info][gc,phases   ] GC(2562)   Post Evacuate Collection Set: 19.4ms
[2024-05-30T14:01:05.550+0000][12404.969s][info][gc,phases   ] GC(2562)   Other: 0.2ms
[2024-05-30T14:01:05.550+0000][12404.969s][info][gc,heap     ] GC(2562) Eden regions: 662->0(661)
[2024-05-30T14:01:05.550+0000][12404.969s][info][gc,heap     ] GC(2562) Survivor regions: 3->7(84)
[2024-05-30T14:01:05.550+0000][12404.969s][info][gc,heap     ] GC(2562) Old regions: 505->505
[2024-05-30T14:01:05.550+0000][12404.969s][info][gc,heap     ] GC(2562) Archive regions: 2->2
[2024-05-30T14:01:05.550+0000][12404.969s][info][gc,heap     ] GC(2562) Humongous regions: 26->26
[2024-05-30T14:01:05.550+0000][12404.969s][info][gc,metaspace] GC(2562) Metaspace: 433906K(440064K)->433906K(440064K) NonClass: 379904K(383232K)->379904K(383232K) Class: 54001K(56832K)->54001K(56832K)
[2024-05-30T14:01:05.550+0000][12404.969s][info][gc          ] GC(2562) Pause Young (Normal) (G1 Evacuation Pause) 9568M->4298M(12288M) 76.843ms
[2024-05-30T14:01:05.550+0000][12404.969s][info][gc,cpu      ] GC(2562) User=0.44s Sys=0.00s Real=0.08s
[2024-05-30T14:01:07.767+0000][12407.187s][info][gc,start    ] GC(2563) Pause Young (Normal) (G1 Evacuation Pause)
[2024-05-30T14:01:07.767+0000][12407.187s][info][gc,task     ] GC(2563) Using 6 workers of 6 for evacuation
[2024-05-30T14:01:07.844+0000][12407.263s][info][gc,phases   ] GC(2563)   Pre Evacuate Collection Set: 0.2ms
[2024-05-30T14:01:07.844+0000][12407.263s][info][gc,phases   ] GC(2563)   Merge Heap Roots: 0.2ms
[2024-05-30T14:01:07.844+0000][12407.263s][info][gc,phases   ] GC(2563)   Evacuate Collection Set: 56.9ms
[2024-05-30T14:01:07.844+0000][12407.263s][info][gc,phases   ] GC(2563)   Post Evacuate Collection Set: 19.2ms
[2024-05-30T14:01:07.844+0000][12407.263s][info][gc,phases   ] GC(2563)   Other: 0.2ms
[2024-05-30T14:01:07.844+0000][12407.263s][info][gc,heap     ] GC(2563) Eden regions: 661->0(665)
[2024-05-30T14:01:07.844+0000][12407.263s][info][gc,heap     ] GC(2563) Survivor regions: 7->6(84)
[2024-05-30T14:01:07.844+0000][12407.263s][info][gc,heap     ] GC(2563) Old regions: 505->505
[2024-05-30T14:01:07.844+0000][12407.263s][info][gc,heap     ] GC(2563) Archive regions: 2->2
[2024-05-30T14:01:07.844+0000][12407.263s][info][gc,heap     ] GC(2563) Humongous regions: 26->26
[2024-05-30T14:01:07.844+0000][12407.263s][info][gc,metaspace] GC(2563) Metaspace: 433906K(440064K)->433906K(440064K) NonClass: 379904K(383232K)->379904K(383232K) Class: 54001K(56832K)->54001K(56832K)
[2024-05-30T14:01:07.844+0000][12407.263s][info][gc          ] GC(2563) Pause Young (Normal) (G1 Evacuation Pause) 9586M->4293M(12288M) 76.710ms
[2024-05-30T14:01:07.844+0000][12407.263s][info][gc,cpu      ] GC(2563) User=0.45s Sys=0.00s Real=0.08s
[2024-05-30T14:01:10.093+0000][12409.513s][info][gc,start    ] GC(2564) Pause Young (Concurrent Start) (G1 Evacuation Pause)
[2024-05-30T14:01:10.093+0000][12409.513s][info][gc,task     ] GC(2564) Using 6 workers of 6 for evacuation
[2024-05-30T14:01:10.173+0000][12409.592s][info][gc,phases   ] GC(2564)   Pre Evacuate Collection Set: 0.5ms
[2024-05-30T14:01:10.173+0000][12409.592s][info][gc,phases   ] GC(2564)   Merge Heap Roots: 0.2ms
[2024-05-30T14:01:10.173+0000][12409.592s][info][gc,phases   ] GC(2564)   Evacuate Collection Set: 57.7ms
[2024-05-30T14:01:10.173+0000][12409.592s][info][gc,phases   ] GC(2564)   Post Evacuate Collection Set: 21.0ms
[2024-05-30T14:01:10.173+0000][12409.592s][info][gc,phases   ] GC(2564)   Other: 0.3ms
[2024-05-30T14:01:10.173+0000][12409.592s][info][gc,heap     ] GC(2564) Eden regions: 665->0(667)
[2024-05-30T14:01:10.173+0000][12409.592s][info][gc,heap     ] GC(2564) Survivor regions: 6->6(84)
[2024-05-30T14:01:10.173+0000][12409.592s][info][gc,heap     ] GC(2564) Old regions: 505->505
[2024-05-30T14:01:10.173+0000][12409.592s][info][gc,heap     ] GC(2564) Archive regions: 2->2
[2024-05-30T14:01:10.173+0000][12409.592s][info][gc,heap     ] GC(2564) Humongous regions: 26->26
[2024-05-30T14:01:10.173+0000][12409.592s][info][gc,metaspace] GC(2564) Metaspace: 433906K(440064K)->433906K(440064K) NonClass: 379904K(383232K)->379904K(383232K) Class: 54001K(56832K)->54001K(56832K)
[2024-05-30T14:01:10.173+0000][12409.592s][info][gc          ] GC(2564) Pause Young (Concurrent Start) (G1 Evacuation Pause) 9613M->4292M(12288M) 79.814ms
[2024-05-30T14:01:10.173+0000][12409.592s][info][gc,cpu      ] GC(2564) User=0.46s Sys=0.00s Real=0.08s
[2024-05-30T14:01:10.173+0000][12409.592s][info][gc          ] GC(2565) Concurrent Mark Cycle
[2024-05-30T14:01:10.173+0000][12409.592s][info][gc,marking  ] GC(2565) Concurrent Clear Claimed Marks
[2024-05-30T14:01:10.174+0000][12409.593s][info][gc,marking  ] GC(2565) Concurrent Clear Claimed Marks 0.399ms
[2024-05-30T14:01:10.174+0000][12409.593s][info][gc,marking  ] GC(2565) Concurrent Scan Root Regions
[2024-05-30T14:01:10.187+0000][12409.606s][info][gc,marking  ] GC(2565) Concurrent Scan Root Regions 13.334ms
[2024-05-30T14:01:10.187+0000][12409.606s][info][gc,marking  ] GC(2565) Concurrent Mark
[2024-05-30T14:01:10.187+0000][12409.606s][info][gc,marking  ] GC(2565) Concurrent Mark From Roots
[2024-05-30T14:01:10.187+0000][12409.606s][info][gc,task     ] GC(2565) Using 2 workers of 2 for marking
[2024-05-30T14:01:12.606+0000][12412.025s][info][gc,start    ] GC(2566) Pause Young (Normal) (G1 Evacuation Pause)
[2024-05-30T14:01:12.606+0000][12412.025s][info][gc,task     ] GC(2566) Using 6 workers of 6 for evacuation
[2024-05-30T14:01:12.684+0000][12412.104s][info][gc,phases   ] GC(2566)   Pre Evacuate Collection Set: 0.2ms
[2024-05-30T14:01:12.684+0000][12412.104s][info][gc,phases   ] GC(2566)   Merge Heap Roots: 0.2ms
[2024-05-30T14:01:12.684+0000][12412.104s][info][gc,phases   ] GC(2566)   Evacuate Collection Set: 57.8ms
[2024-05-30T14:01:12.684+0000][12412.104s][info][gc,phases   ] GC(2566)   Post Evacuate Collection Set: 20.4ms
[2024-05-30T14:01:12.684+0000][12412.104s][info][gc,phases   ] GC(2566)   Other: 0.2ms
[2024-05-30T14:01:12.684+0000][12412.104s][info][gc,heap     ] GC(2566) Eden regions: 667->0(667)
[2024-05-30T14:01:12.684+0000][12412.104s][info][gc,heap     ] GC(2566) Survivor regions: 6->7(85)
[2024-05-30T14:01:12.684+0000][12412.104s][info][gc,heap     ] GC(2566) Old regions: 505->505
[2024-05-30T14:01:12.684+0000][12412.104s][info][gc,heap     ] GC(2566) Archive regions: 2->2
[2024-05-30T14:01:12.684+0000][12412.104s][info][gc,heap     ] GC(2566) Humongous regions: 26->26
[2024-05-30T14:01:12.685+0000][12412.104s][info][gc,metaspace] GC(2566) Metaspace: 433906K(440064K)->433906K(440064K) NonClass: 379904K(383232K)->379904K(383232K) Class: 54001K(56832K)->54001K(56832K)
[2024-05-30T14:01:12.685+0000][12412.104s][info][gc          ] GC(2566) Pause Young (Normal) (G1 Evacuation Pause) 9628M->4300M(12288M) 78.853ms
[2024-05-30T14:01:12.685+0000][12412.104s][info][gc,cpu      ] GC(2566) User=0.45s Sys=0.01s Real=0.08s
[2024-05-30T14:01:12.942+0000][12412.362s][info][gc,marking  ] GC(2565) Concurrent Mark From Roots 2755.466ms
[2024-05-30T14:01:12.943+0000][12412.362s][info][gc,marking  ] GC(2565) Concurrent Preclean
[2024-05-30T14:01:12.944+0000][12412.363s][info][gc,marking  ] GC(2565) Concurrent Preclean 1.432ms
[2024-05-30T14:01:12.944+0000][12412.363s][info][gc,start    ] GC(2565) Pause Remark
[2024-05-30T14:01:12.968+0000][12412.388s][info][gc          ] GC(2565) Pause Remark 4924M->4868M(12288M) 24.381ms
[2024-05-30T14:01:12.969+0000][12412.388s][info][gc,cpu      ] GC(2565) User=0.10s Sys=0.00s Real=0.03s
[2024-05-30T14:01:12.969+0000][12412.388s][info][gc,marking  ] GC(2565) Concurrent Mark 2781.614ms
[2024-05-30T14:01:12.969+0000][12412.388s][info][gc,marking  ] GC(2565) Concurrent Rebuild Remembered Sets
[2024-05-30T14:01:14.496+0000][12413.915s][info][gc,marking  ] GC(2565) Concurrent Rebuild Remembered Sets 1527.376ms
[2024-05-30T14:01:14.496+0000][12413.915s][info][gc,start    ] GC(2565) Pause Cleanup
[2024-05-30T14:01:14.497+0000][12413.916s][info][gc          ] GC(2565) Pause Cleanup 8912M->8912M(12288M) 0.607ms
[2024-05-30T14:01:14.497+0000][12413.916s][info][gc,cpu      ] GC(2565) User=0.00s Sys=0.00s Real=0.01s
[2024-05-30T14:01:14.497+0000][12413.916s][info][gc,marking  ] GC(2565) Concurrent Cleanup for Next Mark
[2024-05-30T14:01:14.513+0000][12413.932s][info][gc,marking  ] GC(2565) Concurrent Cleanup for Next Mark 15.750ms
[2024-05-30T14:01:14.513+0000][12413.932s][info][gc          ] GC(2565) Concurrent Mark Cycle 4339.458ms
[2024-05-30T14:01:14.733+0000][12414.152s][info][gc,start    ] GC(2567) Pause Young (Prepare Mixed) (G1 Evacuation Pause)
[2024-05-30T14:01:14.733+0000][12414.152s][info][gc,task     ] GC(2567) Using 6 workers of 6 for evacuation
[2024-05-30T14:01:14.849+0000][12414.268s][info][gc,phases   ] GC(2567)   Pre Evacuate Collection Set: 0.2ms
[2024-05-30T14:01:14.849+0000][12414.268s][info][gc,phases   ] GC(2567)   Merge Heap Roots: 0.7ms
[2024-05-30T14:01:14.849+0000][12414.268s][info][gc,phases   ] GC(2567)   Evacuate Collection Set: 91.5ms
[2024-05-30T14:01:14.849+0000][12414.268s][info][gc,phases   ] GC(2567)   Post Evacuate Collection Set: 23.8ms
[2024-05-30T14:01:14.849+0000][12414.268s][info][gc,phases   ] GC(2567)   Other: 0.2ms
[2024-05-30T14:01:14.849+0000][12414.268s][info][gc,heap     ] GC(2567) Eden regions: 667->0(64)
[2024-05-30T14:01:14.849+0000][12414.268s][info][gc,heap     ] GC(2567) Survivor regions: 7->12(85)
[2024-05-30T14:01:14.849+0000][12414.268s][info][gc,heap     ] GC(2567) Old regions: 505->505
[2024-05-30T14:01:14.849+0000][12414.268s][info][gc,heap     ] GC(2567) Archive regions: 2->2
[2024-05-30T14:01:14.849+0000][12414.268s][info][gc,heap     ] GC(2567) Humongous regions: 19->19
[2024-05-30T14:01:14.849+0000][12414.268s][info][gc,metaspace] GC(2567) Metaspace: 433906K(440064K)->433906K(440064K) NonClass: 379904K(383232K)->379904K(383232K) Class: 54001K(56832K)->54001K(56832K)
[2024-05-30T14:01:14.849+0000][12414.269s][info][gc          ] GC(2567) Pause Young (Prepare Mixed) (G1 Evacuation Pause) 9580M->4288M(12288M) 116.429ms
[2024-05-30T14:01:14.849+0000][12414.269s][info][gc,cpu      ] GC(2567) User=0.68s Sys=0.00s Real=0.12s
[2024-05-30T14:01:15.060+0000][12414.479s][info][gc,start    ] GC(2568) Pause Young (Mixed) (G1 Evacuation Pause)
[2024-05-30T14:01:15.060+0000][12414.479s][info][gc,task     ] GC(2568) Using 6 workers of 6 for evacuation
[2024-05-30T14:01:15.174+0000][12414.594s][info][gc,phases   ] GC(2568)   Pre Evacuate Collection Set: 0.2ms
[2024-05-30T14:01:15.174+0000][12414.594s][info][gc,phases   ] GC(2568)   Merge Heap Roots: 0.8ms
[2024-05-30T14:01:15.174+0000][12414.594s][info][gc,phases   ] GC(2568)   Evacuate Collection Set: 98.8ms
[2024-05-30T14:01:15.174+0000][12414.594s][info][gc,phases   ] GC(2568)   Merge Optional Heap Roots: 0.4ms
[2024-05-30T14:01:15.174+0000][12414.594s][info][gc,phases   ] GC(2568)   Evacuate Optional Collection Set: 10.6ms
[2024-05-30T14:01:15.174+0000][12414.594s][info][gc,phases   ] GC(2568)   Post Evacuate Collection Set: 4.0ms
[2024-05-30T14:01:15.174+0000][12414.594s][info][gc,phases   ] GC(2568)   Other: 0.2ms
[2024-05-30T14:01:15.174+0000][12414.594s][info][gc,heap     ] GC(2568) Eden regions: 64->0(73)
[2024-05-30T14:01:15.174+0000][12414.594s][info][gc,heap     ] GC(2568) Survivor regions: 12->3(10)
[2024-05-30T14:01:15.174+0000][12414.594s][info][gc,heap     ] GC(2568) Old regions: 505->510
[2024-05-30T14:01:15.174+0000][12414.594s][info][gc,heap     ] GC(2568) Archive regions: 2->2
[2024-05-30T14:01:15.174+0000][12414.594s][info][gc,heap     ] GC(2568) Humongous regions: 19->19
[2024-05-30T14:01:15.174+0000][12414.594s][info][gc,metaspace] GC(2568) Metaspace: 433906K(440064K)->433906K(440064K) NonClass: 379904K(383232K)->379904K(383232K) Class: 54001K(56832K)->54001K(56832K)
[2024-05-30T14:01:15.175+0000][12414.594s][info][gc          ] GC(2568) Pause Young (Mixed) (G1 Evacuation Pause) 4800M->4248M(12288M) 114.892ms
[2024-05-30T14:01:15.175+0000][12414.594s][info][gc,cpu      ] GC(2568) User=0.68s Sys=0.00s Real=0.11s
[2024-05-30T14:01:15.402+0000][12414.821s][info][gc,start    ] GC(2569) Pause Young (Mixed) (G1 Evacuation Pause)
[2024-05-30T14:01:15.402+0000][12414.821s][info][gc,task     ] GC(2569) Using 6 workers of 6 for evacuation
[2024-05-30T14:01:15.443+0000][12414.862s][info][gc,phases   ] GC(2569)   Pre Evacuate Collection Set: 0.1ms
[2024-05-30T14:01:15.443+0000][12414.862s][info][gc,phases   ] GC(2569)   Merge Heap Roots: 0.6ms
[2024-05-30T14:01:15.443+0000][12414.862s][info][gc,phases   ] GC(2569)   Evacuate Collection Set: 36.6ms
[2024-05-30T14:01:15.443+0000][12414.862s][info][gc,phases   ] GC(2569)   Post Evacuate Collection Set: 3.1ms
[2024-05-30T14:01:15.443+0000][12414.862s][info][gc,phases   ] GC(2569)   Other: 0.2ms
[2024-05-30T14:01:15.443+0000][12414.862s][info][gc,heap     ] GC(2569) Eden regions: 73->0(677)
[2024-05-30T14:01:15.443+0000][12414.862s][info][gc,heap     ] GC(2569) Survivor regions: 3->1(10)
[2024-05-30T14:01:15.443+0000][12414.862s][info][gc,heap     ] GC(2569) Old regions: 510->509
[2024-05-30T14:01:15.443+0000][12414.862s][info][gc,heap     ] GC(2569) Archive regions: 2->2
[2024-05-30T14:01:15.443+0000][12414.862s][info][gc,heap     ] GC(2569) Humongous regions: 19->19
[2024-05-30T14:01:15.443+0000][12414.862s][info][gc,metaspace] GC(2569) Metaspace: 433906K(440064K)->433906K(440064K) NonClass: 379904K(383232K)->379904K(383232K) Class: 54001K(56832K)->54001K(56832K)
[2024-05-30T14:01:15.443+0000][12414.862s][info][gc          ] GC(2569) Pause Young (Mixed) (G1 Evacuation Pause) 4832M->4232M(12288M) 40.716ms
[2024-05-30T14:01:15.443+0000][12414.862s][info][gc,cpu      ] GC(2569) User=0.24s Sys=0.00s Real=0.04s
[2024-05-30T14:01:17.592+0000][12417.012s][info][gc,start    ] GC(2570) Pause Young (Normal) (G1 Evacuation Pause)
[2024-05-30T14:01:17.592+0000][12417.012s][info][gc,task     ] GC(2570) Using 6 workers of 6 for evacuation
[2024-05-30T14:01:17.667+0000][12417.087s][info][gc,phases   ] GC(2570)   Pre Evacuate Collection Set: 0.1ms
[2024-05-30T14:01:17.667+0000][12417.087s][info][gc,phases   ] GC(2570)   Merge Heap Roots: 0.3ms
[2024-05-30T14:01:17.667+0000][12417.087s][info][gc,phases   ] GC(2570)   Evacuate Collection Set: 57.5ms
[2024-05-30T14:01:17.667+0000][12417.087s][info][gc,phases   ] GC(2570)   Post Evacuate Collection Set: 17.0ms
[2024-05-30T14:01:17.667+0000][12417.087s][info][gc,phases   ] GC(2570)   Other: 0.2ms
[2024-05-30T14:01:17.667+0000][12417.087s][info][gc,heap     ] GC(2570) Eden regions: 677->0(674)
[2024-05-30T14:01:17.667+0000][12417.087s][info][gc,heap     ] GC(2570) Survivor regions: 1->6(85)
[2024-05-30T14:01:17.667+0000][12417.087s][info][gc,heap     ] GC(2570) Old regions: 509->509
[2024-05-30T14:01:17.667+0000][12417.087s][info][gc,heap     ] GC(2570) Archive regions: 2->2
[2024-05-30T14:01:17.667+0000][12417.087s][info][gc,heap     ] GC(2570) Humongous regions: 19->19
[2024-05-30T14:01:17.667+0000][12417.087s][info][gc,metaspace] GC(2570) Metaspace: 433906K(440064K)->433906K(440064K) NonClass: 379904K(383232K)->379904K(383232K) Class: 54001K(56832K)->54001K(56832K)
[2024-05-30T14:01:17.668+0000][12417.087s][info][gc          ] GC(2570) Pause Young (Normal) (G1 Evacuation Pause) 9648M->4265M(12288M) 75.266ms
[2024-05-30T14:01:17.668+0000][12417.087s][info][gc,cpu      ] GC(2570) User=0.44s Sys=0.00s Real=0.07s
[2024-05-30T14:01:19.728+0000][12419.147s][info][gc,start    ] GC(2571) Pause Young (Normal) (G1 Evacuation Pause)
[2024-05-30T14:01:19.728+0000][12419.147s][info][gc,task     ] GC(2571) Using 6 workers of 6 for evacuation
[2024-05-30T14:01:19.789+0000][12419.208s][info][gc,phases   ] GC(2571)   Pre Evacuate Collection Set: 0.2ms
[2024-05-30T14:01:19.789+0000][12419.208s][info][gc,phases   ] GC(2571)   Merge Heap Roots: 0.4ms
[2024-05-30T14:01:19.789+0000][12419.208s][info][gc,phases   ] GC(2571)   Evacuate Collection Set: 49.9ms
[2024-05-30T14:01:19.789+0000][12419.208s][info][gc,phases   ] GC(2571)   Post Evacuate Collection Set: 10.5ms
[2024-05-30T14:01:19.789+0000][12419.208s][info][gc,phases   ] GC(2571)   Other: 0.2ms
[2024-05-30T14:01:19.789+0000][12419.208s][info][gc,heap     ] GC(2571) Eden regions: 674->0(674)
[2024-05-30T14:01:19.789+0000][12419.208s][info][gc,heap     ] GC(2571) Survivor regions: 6->8(85)
[2024-05-30T14:01:19.789+0000][12419.208s][info][gc,heap     ] GC(2571) Old regions: 509->509
[2024-05-30T14:01:19.789+0000][12419.208s][info][gc,heap     ] GC(2571) Archive regions: 2->2
[2024-05-30T14:01:19.789+0000][12419.208s][info][gc,heap     ] GC(2571) Humongous regions: 19->19
[2024-05-30T14:01:19.789+0000][12419.209s][info][gc,metaspace] GC(2571) Metaspace: 433906K(440064K)->433906K(440064K) NonClass: 379904K(383232K)->379904K(383232K) Class: 54001K(56832K)->54001K(56832K)
[2024-05-30T14:01:19.789+0000][12419.209s][info][gc          ] GC(2571) Pause Young (Normal) (G1 Evacuation Pause) 9657M->4287M(12288M) 61.169ms
[2024-05-30T14:01:19.789+0000][12419.209s][info][gc,cpu      ] GC(2571) User=0.36s Sys=0.00s Real=0.07s
[2024-05-30T14:01:21.812+0000][12421.231s][info][gc,start    ] GC(2572) Pause Young (Concurrent Start) (G1 Evacuation Pause)
[2024-05-30T14:01:21.812+0000][12421.231s][info][gc,task     ] GC(2572) Using 6 workers of 6 for evacuation
[2024-05-30T14:01:21.883+0000][12421.302s][info][gc,phases   ] GC(2572)   Pre Evacuate Collection Set: 0.6ms
[2024-05-30T14:01:21.883+0000][12421.302s][info][gc,phases   ] GC(2572)   Merge Heap Roots: 0.3ms
[2024-05-30T14:01:21.883+0000][12421.302s][info][gc,phases   ] GC(2572)   Evacuate Collection Set: 59.5ms
[2024-05-30T14:01:21.883+0000][12421.302s][info][gc,phases   ] GC(2572)   Post Evacuate Collection Set: 10.8ms
[2024-05-30T14:01:21.883+0000][12421.303s][info][gc,phases   ] GC(2572)   Other: 0.3ms
[2024-05-30T14:01:21.883+0000][12421.303s][info][gc,heap     ] GC(2572) Eden regions: 674->0(671)
[2024-05-30T14:01:21.883+0000][12421.303s][info][gc,heap     ] GC(2572) Survivor regions: 8->12(86)
[2024-05-30T14:01:21.883+0000][12421.303s][info][gc,heap     ] GC(2572) Old regions: 509->509
[2024-05-30T14:01:21.883+0000][12421.303s][info][gc,heap     ] GC(2572) Archive regions: 2->2
[2024-05-30T14:01:21.883+0000][12421.303s][info][gc,heap     ] GC(2572) Humongous regions: 19->19
[2024-05-30T14:01:21.883+0000][12421.303s][info][gc,metaspace] GC(2572) Metaspace: 433906K(440064K)->433906K(440064K) NonClass: 379904K(383232K)->379904K(383232K) Class: 54001K(56832K)->54001K(56832K)
[2024-05-30T14:01:21.883+0000][12421.303s][info][gc          ] GC(2572) Pause Young (Concurrent Start) (G1 Evacuation Pause) 9679M->4320M(12288M) 71.452ms
[2024-05-30T14:01:21.883+0000][12421.303s][info][gc,cpu      ] GC(2572) User=0.42s Sys=0.00s Real=0.07s
[2024-05-30T14:01:21.883+0000][12421.303s][info][gc          ] GC(2573) Concurrent Mark Cycle
[2024-05-30T14:01:21.883+0000][12421.303s][info][gc,marking  ] GC(2573) Concurrent Clear Claimed Marks
[2024-05-30T14:01:21.884+0000][12421.303s][info][gc,marking  ] GC(2573) Concurrent Clear Claimed Marks 0.399ms
[2024-05-30T14:01:21.884+0000][12421.303s][info][gc,marking  ] GC(2573) Concurrent Scan Root Regions
[2024-05-30T14:01:21.927+0000][12421.346s][info][gc,marking  ] GC(2573) Concurrent Scan Root Regions 42.708ms
[2024-05-30T14:01:21.927+0000][12421.346s][info][gc,marking  ] GC(2573) Concurrent Mark
[2024-05-30T14:01:21.927+0000][12421.346s][info][gc,marking  ] GC(2573) Concurrent Mark From Roots
[2024-05-30T14:01:21.927+0000][12421.346s][info][gc,task     ] GC(2573) Using 2 workers of 2 for marking
[2024-05-30T14:01:24.578+0000][12423.998s][info][gc,start    ] GC(2574) Pause Young (Normal) (G1 Evacuation Pause)
[2024-05-30T14:01:24.578+0000][12423.998s][info][gc,task     ] GC(2574) Using 6 workers of 6 for evacuation
[2024-05-30T14:01:24.662+0000][12424.082s][info][gc,phases   ] GC(2574)   Pre Evacuate Collection Set: 0.2ms
[2024-05-30T14:01:24.662+0000][12424.082s][info][gc,phases   ] GC(2574)   Merge Heap Roots: 0.3ms
[2024-05-30T14:01:24.662+0000][12424.082s][info][gc,phases   ] GC(2574)   Evacuate Collection Set: 69.9ms
[2024-05-30T14:01:24.663+0000][12424.082s][info][gc,phases   ] GC(2574)   Post Evacuate Collection Set: 13.6ms
[2024-05-30T14:01:24.663+0000][12424.082s][info][gc,phases   ] GC(2574)   Other: 0.2ms
[2024-05-30T14:01:24.663+0000][12424.082s][info][gc,heap     ] GC(2574) Eden regions: 671->0(666)
[2024-05-30T14:01:24.663+0000][12424.082s][info][gc,heap     ] GC(2574) Survivor regions: 12->15(86)
[2024-05-30T14:01:24.663+0000][12424.082s][info][gc,heap     ] GC(2574) Old regions: 509->509
[2024-05-30T14:01:24.663+0000][12424.082s][info][gc,heap     ] GC(2574) Archive regions: 2->2
[2024-05-30T14:01:24.663+0000][12424.082s][info][gc,heap     ] GC(2574) Humongous regions: 20->20
[2024-05-30T14:01:24.663+0000][12424.082s][info][gc,metaspace] GC(2574) Metaspace: 433906K(440064K)->433906K(440064K) NonClass: 379904K(383232K)->379904K(383232K) Class: 54001K(56832K)->54001K(56832K)
[2024-05-30T14:01:24.663+0000][12424.082s][info][gc          ] GC(2574) Pause Young (Normal) (G1 Evacuation Pause) 9696M->4352M(12288M) 84.291ms
[2024-05-30T14:01:24.663+0000][12424.082s][info][gc,cpu      ] GC(2574) User=0.49s Sys=0.00s Real=0.08s
[2024-05-30T14:01:25.104+0000][12424.523s][info][gc,marking  ] GC(2573) Concurrent Mark From Roots 3177.206ms
[2024-05-30T14:01:25.104+0000][12424.523s][info][gc,marking  ] GC(2573) Concurrent Preclean
[2024-05-30T14:01:25.106+0000][12424.525s][info][gc,marking  ] GC(2573) Concurrent Preclean 1.925ms
[2024-05-30T14:01:25.106+0000][12424.525s][info][gc,start    ] GC(2573) Pause Remark
[2024-05-30T14:01:25.130+0000][12424.550s][info][gc          ] GC(2573) Pause Remark 5192M->5096M(12288M) 24.467ms
[2024-05-30T14:01:25.131+0000][12424.550s][info][gc,cpu      ] GC(2573) User=0.10s Sys=0.00s Real=0.03s
[2024-05-30T14:01:25.131+0000][12424.550s][info][gc,marking  ] GC(2573) Concurrent Mark 3204.051ms
[2024-05-30T14:01:25.131+0000][12424.550s][info][gc,marking  ] GC(2573) Concurrent Rebuild Remembered Sets
[2024-05-30T14:01:26.765+0000][12426.185s][info][gc,marking  ] GC(2573) Concurrent Rebuild Remembered Sets 1634.775ms
[2024-05-30T14:01:26.766+0000][12426.185s][info][gc,start    ] GC(2573) Pause Cleanup
[2024-05-30T14:01:26.766+0000][12426.186s][info][gc          ] GC(2573) Pause Cleanup 8860M->8860M(12288M) 0.780ms
[2024-05-30T14:01:26.766+0000][12426.186s][info][gc,cpu      ] GC(2573) User=0.00s Sys=0.00s Real=0.00s
[2024-05-30T14:01:26.766+0000][12426.186s][info][gc,marking  ] GC(2573) Concurrent Cleanup for Next Mark
[2024-05-30T14:01:26.784+0000][12426.203s][info][gc,marking  ] GC(2573) Concurrent Cleanup for Next Mark 17.047ms
[2024-05-30T14:01:26.784+0000][12426.203s][info][gc          ] GC(2573) Concurrent Mark Cycle 4900.189ms
[2024-05-30T14:01:27.010+0000][12426.429s][info][gc,start    ] GC(2575) Pause Young (Prepare Mixed) (G1 Evacuation Pause)
[2024-05-30T14:01:27.010+0000][12426.429s][info][gc,task     ] GC(2575) Using 6 workers of 6 for evacuation
[2024-05-30T14:01:27.092+0000][12426.511s][info][gc,phases   ] GC(2575)   Pre Evacuate Collection Set: 0.2ms
[2024-05-30T14:01:27.092+0000][12426.511s][info][gc,phases   ] GC(2575)   Merge Heap Roots: 0.6ms
[2024-05-30T14:01:27.092+0000][12426.511s][info][gc,phases   ] GC(2575)   Evacuate Collection Set: 68.2ms
[2024-05-30T14:01:27.092+0000][12426.511s][info][gc,phases   ] GC(2575)   Post Evacuate Collection Set: 12.8ms
[2024-05-30T14:01:27.092+0000][12426.511s][info][gc,phases   ] GC(2575)   Other: 0.2ms
[2024-05-30T14:01:27.092+0000][12426.511s][info][gc,heap     ] GC(2575) Eden regions: 666->0(61)
[2024-05-30T14:01:27.092+0000][12426.511s][info][gc,heap     ] GC(2575) Survivor regions: 15->15(86)
[2024-05-30T14:01:27.092+0000][12426.511s][info][gc,heap     ] GC(2575) Old regions: 508->508
[2024-05-30T14:01:27.092+0000][12426.511s][info][gc,heap     ] GC(2575) Archive regions: 2->2
[2024-05-30T14:01:27.092+0000][12426.511s][info][gc,heap     ] GC(2575) Humongous regions: 9->9
[2024-05-30T14:01:27.092+0000][12426.511s][info][gc,metaspace] GC(2575) Metaspace: 433906K(440064K)->433906K(440064K) NonClass: 379904K(383232K)->379904K(383232K) Class: 54001K(56832K)->54001K(56832K)
[2024-05-30T14:01:27.092+0000][12426.511s][info][gc          ] GC(2575) Pause Young (Prepare Mixed) (G1 Evacuation Pause) 9584M->4255M(12288M) 82.111ms
[2024-05-30T14:01:27.092+0000][12426.511s][info][gc,cpu      ] GC(2575) User=0.47s Sys=0.00s Real=0.08s
[2024-05-30T14:01:27.359+0000][12426.778s][info][gc,start    ] GC(2576) Pause Young (Mixed) (G1 Evacuation Pause)
[2024-05-30T14:01:27.359+0000][12426.778s][info][gc,task     ] GC(2576) Using 6 workers of 6 for evacuation
[2024-05-30T14:01:27.493+0000][12426.912s][info][gc,phases   ] GC(2576)   Pre Evacuate Collection Set: 0.2ms
[2024-05-30T14:01:27.493+0000][12426.912s][info][gc,phases   ] GC(2576)   Merge Heap Roots: 0.6ms
[2024-05-30T14:01:27.493+0000][12426.912s][info][gc,phases   ] GC(2576)   Evacuate Collection Set: 107.9ms
[2024-05-30T14:01:27.493+0000][12426.912s][info][gc,phases   ] GC(2576)   Merge Optional Heap Roots: 0.3ms
[2024-05-30T14:01:27.493+0000][12426.912s][info][gc,phases   ] GC(2576)   Evacuate Optional Collection Set: 21.3ms
[2024-05-30T14:01:27.493+0000][12426.912s][info][gc,phases   ] GC(2576)   Post Evacuate Collection Set: 3.2ms
[2024-05-30T14:01:27.493+0000][12426.912s][info][gc,phases   ] GC(2576)   Other: 0.2ms
[2024-05-30T14:01:27.493+0000][12426.912s][info][gc,heap     ] GC(2576) Eden regions: 61->0(72)
[2024-05-30T14:01:27.493+0000][12426.912s][info][gc,heap     ] GC(2576) Survivor regions: 15->4(10)
[2024-05-30T14:01:27.493+0000][12426.912s][info][gc,heap     ] GC(2576) Old regions: 508->447
[2024-05-30T14:01:27.493+0000][12426.912s][info][gc,heap     ] GC(2576) Archive regions: 2->2
[2024-05-30T14:01:27.493+0000][12426.912s][info][gc,heap     ] GC(2576) Humongous regions: 9->9
[2024-05-30T14:01:27.493+0000][12426.912s][info][gc,metaspace] GC(2576) Metaspace: 433906K(440064K)->433906K(440064K) NonClass: 379904K(383232K)->379904K(383232K) Class: 54001K(56832K)->54001K(56832K)
[2024-05-30T14:01:27.493+0000][12426.912s][info][gc          ] GC(2576) Pause Young (Mixed) (G1 Evacuation Pause) 4743M->3679M(12288M) 133.765ms
[2024-05-30T14:01:27.493+0000][12426.912s][info][gc,cpu      ] GC(2576) User=0.79s Sys=0.00s Real=0.13s
[2024-05-30T14:01:27.728+0000][12427.147s][info][gc,start    ] GC(2577) Pause Young (Mixed) (G1 Evacuation Pause)
[2024-05-30T14:01:27.728+0000][12427.147s][info][gc,task     ] GC(2577) Using 6 workers of 6 for evacuation
[2024-05-30T14:01:27.802+0000][12427.221s][info][gc,phases   ] GC(2577)   Pre Evacuate Collection Set: 0.2ms
[2024-05-30T14:01:27.802+0000][12427.221s][info][gc,phases   ] GC(2577)   Merge Heap Roots: 0.6ms
[2024-05-30T14:01:27.802+0000][12427.221s][info][gc,phases   ] GC(2577)   Evacuate Collection Set: 63.9ms
[2024-05-30T14:01:27.802+0000][12427.221s][info][gc,phases   ] GC(2577)   Merge Optional Heap Roots: 0.1ms
[2024-05-30T14:01:27.802+0000][12427.221s][info][gc,phases   ] GC(2577)   Evacuate Optional Collection Set: 5.8ms
[2024-05-30T14:01:27.802+0000][12427.221s][info][gc,phases   ] GC(2577)   Post Evacuate Collection Set: 3.2ms
[2024-05-30T14:01:27.802+0000][12427.221s][info][gc,phases   ] GC(2577)   Other: 0.2ms
[2024-05-30T14:01:27.802+0000][12427.221s][info][gc,heap     ] GC(2577) Eden regions: 72->0(775)
[2024-05-30T14:01:27.802+0000][12427.221s][info][gc,heap     ] GC(2577) Survivor regions: 4->3(10)
[2024-05-30T14:01:27.802+0000][12427.221s][info][gc,heap     ] GC(2577) Old regions: 447->421
[2024-05-30T14:01:27.802+0000][12427.221s][info][gc,heap     ] GC(2577) Archive regions: 2->2
[2024-05-30T14:01:27.802+0000][12427.221s][info][gc,heap     ] GC(2577) Humongous regions: 9->9
[2024-05-30T14:01:27.802+0000][12427.221s][info][gc,metaspace] GC(2577) Metaspace: 433906K(440064K)->433906K(440064K) NonClass: 379904K(383232K)->379904K(383232K) Class: 54001K(56832K)->54001K(56832K)
[2024-05-30T14:01:27.802+0000][12427.221s][info][gc          ] GC(2577) Pause Young (Mixed) (G1 Evacuation Pause) 4255M->3460M(12288M) 73.906ms
[2024-05-30T14:01:27.802+0000][12427.221s][info][gc,cpu      ] GC(2577) User=0.43s Sys=0.00s Real=0.08s
[2024-05-30T14:01:31.587+0000][12431.006s][info][gc,start    ] GC(2578) Pause Young (Normal) (G1 Evacuation Pause)
[2024-05-30T14:01:31.587+0000][12431.006s][info][gc,task     ] GC(2578) Using 6 workers of 6 for evacuation
[2024-05-30T14:01:31.613+0000][12431.032s][info][gc,phases   ] GC(2578)   Pre Evacuate Collection Set: 0.2ms
[2024-05-30T14:01:31.613+0000][12431.032s][info][gc,phases   ] GC(2578)   Merge Heap Roots: 0.7ms
[2024-05-30T14:01:31.613+0000][12431.032s][info][gc,phases   ] GC(2578)   Evacuate Collection Set: 21.8ms
[2024-05-30T14:01:31.613+0000][12431.032s][info][gc,phases   ] GC(2578)   Post Evacuate Collection Set: 2.5ms
[2024-05-30T14:01:31.613+0000][12431.032s][info][gc,phases   ] GC(2578)   Other: 0.2ms
[2024-05-30T14:01:31.613+0000][12431.032s][info][gc,heap     ] GC(2578) Eden regions: 775->0(776)
[2024-05-30T14:01:31.613+0000][12431.032s][info][gc,heap     ] GC(2578) Survivor regions: 3->4(98)
[2024-05-30T14:01:31.613+0000][12431.032s][info][gc,heap     ] GC(2578) Old regions: 421->421
[2024-05-30T14:01:31.613+0000][12431.032s][info][gc,heap     ] GC(2578) Archive regions: 2->2
[2024-05-30T14:01:31.613+0000][12431.032s][info][gc,heap     ] GC(2578) Humongous regions: 9->9
[2024-05-30T14:01:31.613+0000][12431.032s][info][gc,metaspace] GC(2578) Metaspace: 433913K(440064K)->433913K(440064K) NonClass: 379912K(383232K)->379912K(383232K) Class: 54001K(56832K)->54001K(56832K)
[2024-05-30T14:01:31.613+0000][12431.032s][info][gc          ] GC(2578) Pause Young (Normal) (G1 Evacuation Pause) 9660M->3471M(12288M) 25.447ms
[2024-05-30T14:01:31.613+0000][12431.032s][info][gc,cpu      ] GC(2578) User=0.15s Sys=0.00s Real=0.03s
[2024-05-30T14:01:36.883+0000][12436.303s][info][gc,start    ] GC(2579) Pause Young (Normal) (G1 Evacuation Pause)
[2024-05-30T14:01:36.883+0000][12436.303s][info][gc,task     ] GC(2579) Using 6 workers of 6 for evacuation
[2024-05-30T14:01:36.896+0000][12436.316s][info][gc,phases   ] GC(2579)   Pre Evacuate Collection Set: 0.2ms
[2024-05-30T14:01:36.896+0000][12436.316s][info][gc,phases   ] GC(2579)   Merge Heap Roots: 0.2ms
[2024-05-30T14:01:36.896+0000][12436.316s][info][gc,phases   ] GC(2579)   Evacuate Collection Set: 10.8ms
[2024-05-30T14:01:36.896+0000][12436.316s][info][gc,phases   ] GC(2579)   Post Evacuate Collection Set: 1.8ms
[2024-05-30T14:01:36.896+0000][12436.316s][info][gc,phases   ] GC(2579)   Other: 0.2ms
[2024-05-30T14:01:36.896+0000][12436.316s][info][gc,heap     ] GC(2579) Eden regions: 776->0(776)
[2024-05-30T14:01:36.896+0000][12436.316s][info][gc,heap     ] GC(2579) Survivor regions: 4->5(98)
[2024-05-30T14:01:36.896+0000][12436.316s][info][gc,heap     ] GC(2579) Old regions: 421->421
[2024-05-30T14:01:36.896+0000][12436.316s][info][gc,heap     ] GC(2579) Archive regions: 2->2
[2024-05-30T14:01:36.896+0000][12436.316s][info][gc,heap     ] GC(2579) Humongous regions: 9->9
[2024-05-30T14:01:36.896+0000][12436.316s][info][gc,metaspace] GC(2579) Metaspace: 433913K(440064K)->433913K(440064K) NonClass: 379912K(383232K)->379912K(383232K) Class: 54001K(56832K)->54001K(56832K)
[2024-05-30T14:01:36.897+0000][12436.316s][info][gc          ] GC(2579) Pause Young (Normal) (G1 Evacuation Pause) 9679M->3477M(12288M) 13.255ms
[2024-05-30T14:01:36.897+0000][12436.316s][info][gc,cpu      ] GC(2579) User=0.07s Sys=0.00s Real=0.02s
[2024-05-30T14:01:42.277+0000][12441.696s][info][gc,start    ] GC(2580) Pause Young (Concurrent Start) (G1 Evacuation Pause)
[2024-05-30T14:01:42.277+0000][12441.696s][info][gc,task     ] GC(2580) Using 6 workers of 6 for evacuation
[2024-05-30T14:01:42.293+0000][12441.712s][info][gc,phases   ] GC(2580)   Pre Evacuate Collection Set: 0.5ms
[2024-05-30T14:01:42.293+0000][12441.712s][info][gc,phases   ] GC(2580)   Merge Heap Roots: 0.2ms
[2024-05-30T14:01:42.293+0000][12441.712s][info][gc,phases   ] GC(2580)   Evacuate Collection Set: 13.2ms
[2024-05-30T14:01:42.293+0000][12441.712s][info][gc,phases   ] GC(2580)   Post Evacuate Collection Set: 1.7ms
[2024-05-30T14:01:42.293+0000][12441.712s][info][gc,phases   ] GC(2580)   Other: 0.3ms
[2024-05-30T14:01:42.293+0000][12441.712s][info][gc,heap     ] GC(2580) Eden regions: 776->0(777)
[2024-05-30T14:01:42.293+0000][12441.712s][info][gc,heap     ] GC(2580) Survivor regions: 5->6(98)
[2024-05-30T14:01:42.293+0000][12441.712s][info][gc,heap     ] GC(2580) Old regions: 421->421
[2024-05-30T14:01:42.293+0000][12441.712s][info][gc,heap     ] GC(2580) Archive regions: 2->2
[2024-05-30T14:01:42.293+0000][12441.712s][info][gc,heap     ] GC(2580) Humongous regions: 9->9
[2024-05-30T14:01:42.293+0000][12441.712s][info][gc,metaspace] GC(2580) Metaspace: 433913K(440064K)->433913K(440064K) NonClass: 379912K(383232K)->379912K(383232K) Class: 54001K(56832K)->54001K(56832K)
[2024-05-30T14:01:42.293+0000][12441.712s][info][gc          ] GC(2580) Pause Young (Concurrent Start) (G1 Evacuation Pause) 9685M->3486M(12288M) 16.033ms
[2024-05-30T14:01:42.293+0000][12441.712s][info][gc,cpu      ] GC(2580) User=0.09s Sys=0.00s Real=0.01s
[2024-05-30T14:01:42.293+0000][12441.712s][info][gc          ] GC(2581) Concurrent Mark Cycle
[2024-05-30T14:01:42.293+0000][12441.712s][info][gc,marking  ] GC(2581) Concurrent Clear Claimed Marks
[2024-05-30T14:01:42.294+0000][12441.713s][info][gc,marking  ] GC(2581) Concurrent Clear Claimed Marks 0.367ms
[2024-05-30T14:01:42.294+0000][12441.713s][info][gc,marking  ] GC(2581) Concurrent Scan Root Regions
[2024-05-30T14:01:42.306+0000][12441.725s][info][gc,marking  ] GC(2581) Concurrent Scan Root Regions 12.311ms
[2024-05-30T14:01:42.306+0000][12441.725s][info][gc,marking  ] GC(2581) Concurrent Mark
[2024-05-30T14:01:42.306+0000][12441.725s][info][gc,marking  ] GC(2581) Concurrent Mark From Roots
[2024-05-30T14:01:42.306+0000][12441.725s][info][gc,task     ] GC(2581) Using 2 workers of 2 for marking
[2024-05-30T14:01:44.809+0000][12444.228s][info][gc,marking  ] GC(2581) Concurrent Mark From Roots 2502.630ms
[2024-05-30T14:01:44.809+0000][12444.228s][info][gc,marking  ] GC(2581) Concurrent Preclean
[2024-05-30T14:01:44.810+0000][12444.229s][info][gc,marking  ] GC(2581) Concurrent Preclean 1.600ms
[2024-05-30T14:01:44.810+0000][12444.230s][info][gc,start    ] GC(2581) Pause Remark
[2024-05-30T14:01:44.835+0000][12444.254s][info][gc          ] GC(2581) Pause Remark 5982M->5950M(12288M) 24.635ms
[2024-05-30T14:01:44.835+0000][12444.254s][info][gc,cpu      ] GC(2581) User=0.10s Sys=0.00s Real=0.02s
[2024-05-30T14:01:44.835+0000][12444.255s][info][gc,marking  ] GC(2581) Concurrent Mark 2529.293ms
[2024-05-30T14:01:44.835+0000][12444.255s][info][gc,marking  ] GC(2581) Concurrent Rebuild Remembered Sets
[2024-05-30T14:01:46.181+0000][12445.600s][info][gc,marking  ] GC(2581) Concurrent Rebuild Remembered Sets 1345.641ms
[2024-05-30T14:01:46.181+0000][12445.600s][info][gc,start    ] GC(2581) Pause Cleanup
[2024-05-30T14:01:46.182+0000][12445.601s][info][gc          ] GC(2581) Pause Cleanup 7338M->7338M(12288M) 0.667ms
[2024-05-30T14:01:46.182+0000][12445.601s][info][gc,cpu      ] GC(2581) User=0.00s Sys=0.00s Real=0.00s
[2024-05-30T14:01:46.182+0000][12445.601s][info][gc,marking  ] GC(2581) Concurrent Cleanup for Next Mark
[2024-05-30T14:01:46.199+0000][12445.619s][info][gc,marking  ] GC(2581) Concurrent Cleanup for Next Mark 17.365ms
[2024-05-30T14:01:46.199+0000][12445.619s][info][gc          ] GC(2581) Concurrent Mark Cycle 3906.153ms
[2024-05-30T14:01:48.180+0000][12447.599s][info][gc,start    ] GC(2582) Pause Young (Prepare Mixed) (G1 Evacuation Pause)
[2024-05-30T14:01:48.180+0000][12447.599s][info][gc,task     ] GC(2582) Using 6 workers of 6 for evacuation
[2024-05-30T14:01:48.200+0000][12447.619s][info][gc,phases   ] GC(2582)   Pre Evacuate Collection Set: 0.2ms
[2024-05-30T14:01:48.200+0000][12447.619s][info][gc,phases   ] GC(2582)   Merge Heap Roots: 0.3ms
[2024-05-30T14:01:48.200+0000][12447.619s][info][gc,phases   ] GC(2582)   Evacuate Collection Set: 17.5ms
[2024-05-30T14:01:48.200+0000][12447.619s][info][gc,phases   ] GC(2582)   Post Evacuate Collection Set: 1.8ms
[2024-05-30T14:01:48.200+0000][12447.619s][info][gc,phases   ] GC(2582)   Other: 0.2ms
[2024-05-30T14:01:48.200+0000][12447.619s][info][gc,heap     ] GC(2582) Eden regions: 777->0(67)
[2024-05-30T14:01:48.200+0000][12447.619s][info][gc,heap     ] GC(2582) Survivor regions: 6->9(98)
[2024-05-30T14:01:48.200+0000][12447.619s][info][gc,heap     ] GC(2582) Old regions: 419->419
[2024-05-30T14:01:48.200+0000][12447.619s][info][gc,heap     ] GC(2582) Archive regions: 2->2
[2024-05-30T14:01:48.200+0000][12447.619s][info][gc,heap     ] GC(2582) Humongous regions: 7->7
[2024-05-30T14:01:48.200+0000][12447.619s][info][gc,metaspace] GC(2582) Metaspace: 433913K(440064K)->433913K(440064K) NonClass: 379912K(383232K)->379912K(383232K) Class: 54001K(56832K)->54001K(56832K)
[2024-05-30T14:01:48.200+0000][12447.619s][info][gc          ] GC(2582) Pause Young (Prepare Mixed) (G1 Evacuation Pause) 9670M->3474M(12288M) 19.944ms
[2024-05-30T14:01:48.200+0000][12447.619s][info][gc,cpu      ] GC(2582) User=0.12s Sys=0.00s Real=0.02s
[2024-05-30T14:01:48.606+0000][12448.026s][info][gc,start    ] GC(2583) Pause Young (Mixed) (G1 Evacuation Pause)
[2024-05-30T14:01:48.606+0000][12448.026s][info][gc,task     ] GC(2583) Using 6 workers of 6 for evacuation
[2024-05-30T14:01:48.706+0000][12448.125s][info][gc,phases   ] GC(2583)   Pre Evacuate Collection Set: 0.2ms
[2024-05-30T14:01:48.706+0000][12448.125s][info][gc,phases   ] GC(2583)   Merge Heap Roots: 0.6ms
[2024-05-30T14:01:48.706+0000][12448.125s][info][gc,phases   ] GC(2583)   Evacuate Collection Set: 97.4ms
[2024-05-30T14:01:48.706+0000][12448.125s][info][gc,phases   ] GC(2583)   Post Evacuate Collection Set: 1.5ms
[2024-05-30T14:01:48.706+0000][12448.125s][info][gc,phases   ] GC(2583)   Other: 0.2ms
[2024-05-30T14:01:48.706+0000][12448.126s][info][gc,heap     ] GC(2583) Eden regions: 67->0(848)
[2024-05-30T14:01:48.706+0000][12448.126s][info][gc,heap     ] GC(2583) Survivor regions: 9->4(10)
[2024-05-30T14:01:48.706+0000][12448.126s][info][gc,heap     ] GC(2583) Old regions: 419->354
[2024-05-30T14:01:48.706+0000][12448.126s][info][gc,heap     ] GC(2583) Archive regions: 2->2
[2024-05-30T14:01:48.706+0000][12448.126s][info][gc,heap     ] GC(2583) Humongous regions: 7->7
[2024-05-30T14:01:48.706+0000][12448.126s][info][gc,metaspace] GC(2583) Metaspace: 433913K(440064K)->433913K(440064K) NonClass: 379912K(383232K)->379912K(383232K) Class: 54001K(56832K)->54001K(56832K)
[2024-05-30T14:01:48.706+0000][12448.126s][info][gc          ] GC(2583) Pause Young (Mixed) (G1 Evacuation Pause) 4010M->2921M(12288M) 99.966ms
[2024-05-30T14:01:48.706+0000][12448.126s][info][gc,cpu      ] GC(2583) User=0.60s Sys=0.00s Real=0.10s
[2024-05-30T14:01:54.422+0000][12453.841s][info][gc,start    ] GC(2584) Pause Young (Normal) (G1 Evacuation Pause)
[2024-05-30T14:01:54.422+0000][12453.841s][info][gc,task     ] GC(2584) Using 6 workers of 6 for evacuation
[2024-05-30T14:01:54.437+0000][12453.856s][info][gc,phases   ] GC(2584)   Pre Evacuate Collection Set: 0.2ms
[2024-05-30T14:01:54.437+0000][12453.856s][info][gc,phases   ] GC(2584)   Merge Heap Roots: 0.2ms
[2024-05-30T14:01:54.437+0000][12453.856s][info][gc,phases   ] GC(2584)   Evacuate Collection Set: 12.5ms
[2024-05-30T14:01:54.437+0000][12453.856s][info][gc,phases   ] GC(2584)   Post Evacuate Collection Set: 1.9ms
[2024-05-30T14:01:54.437+0000][12453.856s][info][gc,phases   ] GC(2584)   Other: 0.2ms
[2024-05-30T14:01:54.437+0000][12453.856s][info][gc,heap     ] GC(2584) Eden regions: 848->0(843)
[2024-05-30T14:01:54.437+0000][12453.856s][info][gc,heap     ] GC(2584) Survivor regions: 4->8(107)
[2024-05-30T14:01:54.437+0000][12453.856s][info][gc,heap     ] GC(2584) Old regions: 354->354
[2024-05-30T14:01:54.437+0000][12453.856s][info][gc,heap     ] GC(2584) Archive regions: 2->2
[2024-05-30T14:01:54.437+0000][12453.856s][info][gc,heap     ] GC(2584) Humongous regions: 7->7
[2024-05-30T14:01:54.437+0000][12453.856s][info][gc,metaspace] GC(2584) Metaspace: 433913K(440064K)->433913K(440064K) NonClass: 379912K(383232K)->379912K(383232K) Class: 54001K(56832K)->54001K(56832K)
[2024-05-30T14:01:54.437+0000][12453.856s][info][gc          ] GC(2584) Pause Young (Normal) (G1 Evacuation Pause) 9705M->2952M(12288M) 15.125ms
[2024-05-30T14:01:54.437+0000][12453.856s][info][gc,cpu      ] GC(2584) User=0.09s Sys=0.00s Real=0.02s
[2024-05-30T14:02:00.143+0000][12459.562s][info][gc,start    ] GC(2585) Pause Young (Normal) (G1 Evacuation Pause)
[2024-05-30T14:02:00.143+0000][12459.562s][info][gc,task     ] GC(2585) Using 6 workers of 6 for evacuation
[2024-05-30T14:02:00.160+0000][12459.579s][info][gc,phases   ] GC(2585)   Pre Evacuate Collection Set: 0.2ms
[2024-05-30T14:02:00.160+0000][12459.579s][info][gc,phases   ] GC(2585)   Merge Heap Roots: 0.2ms
[2024-05-30T14:02:00.160+0000][12459.579s][info][gc,phases   ] GC(2585)   Evacuate Collection Set: 14.4ms
[2024-05-30T14:02:00.160+0000][12459.579s][info][gc,phases   ] GC(2585)   Post Evacuate Collection Set: 1.7ms
[2024-05-30T14:02:00.160+0000][12459.579s][info][gc,phases   ] GC(2585)   Other: 0.2ms
[2024-05-30T14:02:00.160+0000][12459.579s][info][gc,heap     ] GC(2585) Eden regions: 843->0(844)
[2024-05-30T14:02:00.160+0000][12459.579s][info][gc,heap     ] GC(2585) Survivor regions: 8->8(107)
[2024-05-30T14:02:00.160+0000][12459.579s][info][gc,heap     ] GC(2585) Old regions: 354->354
[2024-05-30T14:02:00.160+0000][12459.579s][info][gc,heap     ] GC(2585) Archive regions: 2->2
[2024-05-30T14:02:00.160+0000][12459.579s][info][gc,heap     ] GC(2585) Humongous regions: 7->7
[2024-05-30T14:02:00.160+0000][12459.579s][info][gc,metaspace] GC(2585) Metaspace: 433913K(440064K)->433913K(440064K) NonClass: 379912K(383232K)->379912K(383232K) Class: 54001K(56832K)->54001K(56832K)
[2024-05-30T14:02:00.160+0000][12459.579s][info][gc          ] GC(2585) Pause Young (Normal) (G1 Evacuation Pause) 9696M->2947M(12288M) 16.793ms
[2024-05-30T14:02:00.160+0000][12459.579s][info][gc,cpu      ] GC(2585) User=0.09s Sys=0.00s Real=0.02s
[2024-05-30T14:02:06.064+0000][12465.483s][info][gc,start    ] GC(2586) Pause Young (Concurrent Start) (G1 Evacuation Pause)
[2024-05-30T14:02:06.064+0000][12465.483s][info][gc,task     ] GC(2586) Using 6 workers of 6 for evacuation
[2024-05-30T14:02:06.084+0000][12465.503s][info][gc,phases   ] GC(2586)   Pre Evacuate Collection Set: 0.6ms
[2024-05-30T14:02:06.084+0000][12465.503s][info][gc,phases   ] GC(2586)   Merge Heap Roots: 0.2ms
[2024-05-30T14:02:06.084+0000][12465.503s][info][gc,phases   ] GC(2586)   Evacuate Collection Set: 17.5ms
[2024-05-30T14:02:06.084+0000][12465.503s][info][gc,phases   ] GC(2586)   Post Evacuate Collection Set: 1.8ms
[2024-05-30T14:02:06.084+0000][12465.503s][info][gc,phases   ] GC(2586)   Other: 0.3ms
[2024-05-30T14:02:06.084+0000][12465.503s][info][gc,heap     ] GC(2586) Eden regions: 844->0(841)
[2024-05-30T14:02:06.084+0000][12465.503s][info][gc,heap     ] GC(2586) Survivor regions: 8->10(107)
[2024-05-30T14:02:06.084+0000][12465.503s][info][gc,heap     ] GC(2586) Old regions: 354->354
[2024-05-30T14:02:06.084+0000][12465.503s][info][gc,heap     ] GC(2586) Archive regions: 2->2
[2024-05-30T14:02:06.084+0000][12465.503s][info][gc,heap     ] GC(2586) Humongous regions: 7->7
[2024-05-30T14:02:06.084+0000][12465.503s][info][gc,metaspace] GC(2586) Metaspace: 433913K(440064K)->433913K(440064K) NonClass: 379912K(383232K)->379912K(383232K) Class: 54001K(56832K)->54001K(56832K)
[2024-05-30T14:02:06.084+0000][12465.503s][info][gc          ] GC(2586) Pause Young (Concurrent Start) (G1 Evacuation Pause) 9699M->2969M(12288M) 20.358ms
[2024-05-30T14:02:06.084+0000][12465.503s][info][gc,cpu      ] GC(2586) User=0.12s Sys=0.00s Real=0.02s
[2024-05-30T14:02:06.084+0000][12465.503s][info][gc          ] GC(2587) Concurrent Mark Cycle
[2024-05-30T14:02:06.084+0000][12465.503s][info][gc,marking  ] GC(2587) Concurrent Clear Claimed Marks
[2024-05-30T14:02:06.085+0000][12465.504s][info][gc,marking  ] GC(2587) Concurrent Clear Claimed Marks 0.416ms
[2024-05-30T14:02:06.085+0000][12465.504s][info][gc,marking  ] GC(2587) Concurrent Scan Root Regions
[2024-05-30T14:02:06.101+0000][12465.521s][info][gc,marking  ] GC(2587) Concurrent Scan Root Regions 16.854ms
[2024-05-30T14:02:06.101+0000][12465.521s][info][gc,marking  ] GC(2587) Concurrent Mark
[2024-05-30T14:02:06.101+0000][12465.521s][info][gc,marking  ] GC(2587) Concurrent Mark From Roots
[2024-05-30T14:02:06.101+0000][12465.521s][info][gc,task     ] GC(2587) Using 2 workers of 2 for marking
[2024-05-30T14:02:08.627+0000][12468.046s][info][gc,marking  ] GC(2587) Concurrent Mark From Roots 2525.511ms
[2024-05-30T14:02:08.627+0000][12468.046s][info][gc,marking  ] GC(2587) Concurrent Preclean
[2024-05-30T14:02:08.629+0000][12468.048s][info][gc,marking  ] GC(2587) Concurrent Preclean 1.968ms
[2024-05-30T14:02:08.629+0000][12468.048s][info][gc,start    ] GC(2587) Pause Remark
[2024-05-30T14:02:08.654+0000][12468.074s][info][gc          ] GC(2587) Pause Remark 5573M->5557M(12288M) 25.147ms
[2024-05-30T14:02:08.654+0000][12468.074s][info][gc,cpu      ] GC(2587) User=0.11s Sys=0.00s Real=0.02s
[2024-05-30T14:02:08.655+0000][12468.074s][info][gc,marking  ] GC(2587) Concurrent Mark 2553.097ms
[2024-05-30T14:02:08.655+0000][12468.074s][info][gc,marking  ] GC(2587) Concurrent Rebuild Remembered Sets
[2024-05-30T14:02:10.027+0000][12469.446s][info][gc,marking  ] GC(2587) Concurrent Rebuild Remembered Sets 1372.419ms
[2024-05-30T14:02:10.027+0000][12469.446s][info][gc,start    ] GC(2587) Pause Cleanup
[2024-05-30T14:02:10.028+0000][12469.447s][info][gc          ] GC(2587) Pause Cleanup 7129M->7129M(12288M) 0.643ms
[2024-05-30T14:02:10.028+0000][12469.447s][info][gc,cpu      ] GC(2587) User=0.00s Sys=0.00s Real=0.00s
[2024-05-30T14:02:10.028+0000][12469.447s][info][gc,marking  ] GC(2587) Concurrent Cleanup for Next Mark
[2024-05-30T14:02:10.047+0000][12469.466s][info][gc,marking  ] GC(2587) Concurrent Cleanup for Next Mark 18.647ms
[2024-05-30T14:02:10.047+0000][12469.466s][info][gc          ] GC(2587) Concurrent Mark Cycle 3962.496ms
[2024-05-30T14:02:11.923+0000][12471.342s][info][gc,start    ] GC(2588) Pause Young (Prepare Mixed) (G1 Evacuation Pause)
[2024-05-30T14:02:11.923+0000][12471.342s][info][gc,task     ] GC(2588) Using 6 workers of 6 for evacuation
[2024-05-30T14:02:11.945+0000][12471.364s][info][gc,phases   ] GC(2588)   Pre Evacuate Collection Set: 0.2ms
[2024-05-30T14:02:11.945+0000][12471.364s][info][gc,phases   ] GC(2588)   Merge Heap Roots: 0.3ms
[2024-05-30T14:02:11.945+0000][12471.364s][info][gc,phases   ] GC(2588)   Evacuate Collection Set: 19.9ms
[2024-05-30T14:02:11.945+0000][12471.364s][info][gc,phases   ] GC(2588)   Post Evacuate Collection Set: 1.9ms
[2024-05-30T14:02:11.945+0000][12471.364s][info][gc,phases   ] GC(2588)   Other: 0.2ms
[2024-05-30T14:02:11.945+0000][12471.364s][info][gc,heap     ] GC(2588) Eden regions: 841->0(65)
[2024-05-30T14:02:11.945+0000][12471.364s][info][gc,heap     ] GC(2588) Survivor regions: 10->11(107)
[2024-05-30T14:02:11.945+0000][12471.364s][info][gc,heap     ] GC(2588) Old regions: 354->354
[2024-05-30T14:02:11.945+0000][12471.364s][info][gc,heap     ] GC(2588) Archive regions: 2->2
[2024-05-30T14:02:11.945+0000][12471.364s][info][gc,heap     ] GC(2588) Humongous regions: 5->5
[2024-05-30T14:02:11.945+0000][12471.364s][info][gc,metaspace] GC(2588) Metaspace: 433913K(440064K)->433913K(440064K) NonClass: 379912K(383232K)->379912K(383232K) Class: 54001K(56832K)->54001K(56832K)
[2024-05-30T14:02:11.945+0000][12471.364s][info][gc          ] GC(2588) Pause Young (Prepare Mixed) (G1 Evacuation Pause) 9681M->2958M(12288M) 22.468ms
[2024-05-30T14:02:11.945+0000][12471.365s][info][gc,cpu      ] GC(2588) User=0.13s Sys=0.00s Real=0.02s
[2024-05-30T14:02:12.196+0000][12471.615s][info][gc,start    ] GC(2589) Pause Young (Mixed) (G1 Evacuation Pause)
[2024-05-30T14:02:12.196+0000][12471.615s][info][gc,task     ] GC(2589) Using 6 workers of 6 for evacuation
[2024-05-30T14:02:12.259+0000][12471.678s][info][gc,phases   ] GC(2589)   Pre Evacuate Collection Set: 0.2ms
[2024-05-30T14:02:12.259+0000][12471.678s][info][gc,phases   ] GC(2589)   Merge Heap Roots: 0.4ms
[2024-05-30T14:02:12.259+0000][12471.678s][info][gc,phases   ] GC(2589)   Evacuate Collection Set: 61.1ms
[2024-05-30T14:02:12.259+0000][12471.678s][info][gc,phases   ] GC(2589)   Post Evacuate Collection Set: 1.4ms
[2024-05-30T14:02:12.259+0000][12471.678s][info][gc,phases   ] GC(2589)   Other: 0.2ms
[2024-05-30T14:02:12.259+0000][12471.678s][info][gc,heap     ] GC(2589) Eden regions: 65->0(858)
[2024-05-30T14:02:12.259+0000][12471.678s][info][gc,heap     ] GC(2589) Survivor regions: 11->6(10)
[2024-05-30T14:02:12.259+0000][12471.678s][info][gc,heap     ] GC(2589) Old regions: 354->344
[2024-05-30T14:02:12.259+0000][12471.678s][info][gc,heap     ] GC(2589) Archive regions: 2->2
[2024-05-30T14:02:12.259+0000][12471.678s][info][gc,heap     ] GC(2589) Humongous regions: 5->5
[2024-05-30T14:02:12.259+0000][12471.678s][info][gc,metaspace] GC(2589) Metaspace: 433913K(440064K)->433913K(440064K) NonClass: 379912K(383232K)->379912K(383232K) Class: 54001K(56832K)->54001K(56832K)
[2024-05-30T14:02:12.259+0000][12471.678s][info][gc          ] GC(2589) Pause Young (Mixed) (G1 Evacuation Pause) 3478M->2841M(12288M) 63.313ms
[2024-05-30T14:02:12.259+0000][12471.678s][info][gc,cpu      ] GC(2589) User=0.37s Sys=0.00s Real=0.07s
[2024-05-30T14:02:18.072+0000][12477.491s][info][gc,start    ] GC(2590) Pause Young (Normal) (G1 Evacuation Pause)
[2024-05-30T14:02:18.072+0000][12477.491s][info][gc,task     ] GC(2590) Using 6 workers of 6 for evacuation
[2024-05-30T14:02:18.087+0000][12477.506s][info][gc,phases   ] GC(2590)   Pre Evacuate Collection Set: 0.2ms
[2024-05-30T14:02:18.087+0000][12477.506s][info][gc,phases   ] GC(2590)   Merge Heap Roots: 0.2ms
[2024-05-30T14:02:18.087+0000][12477.506s][info][gc,phases   ] GC(2590)   Evacuate Collection Set: 12.5ms
[2024-05-30T14:02:18.087+0000][12477.506s][info][gc,phases   ] GC(2590)   Post Evacuate Collection Set: 1.7ms
[2024-05-30T14:02:18.087+0000][12477.506s][info][gc,phases   ] GC(2590)   Other: 0.2ms
[2024-05-30T14:02:18.087+0000][12477.506s][info][gc,heap     ] GC(2590) Eden regions: 858->0(855)
[2024-05-30T14:02:18.087+0000][12477.506s][info][gc,heap     ] GC(2590) Survivor regions: 6->8(108)
[2024-05-30T14:02:18.087+0000][12477.506s][info][gc,heap     ] GC(2590) Old regions: 344->344
[2024-05-30T14:02:18.087+0000][12477.506s][info][gc,heap     ] GC(2590) Archive regions: 2->2
[2024-05-30T14:02:18.087+0000][12477.506s][info][gc,heap     ] GC(2590) Humongous regions: 5->5
[2024-05-30T14:02:18.087+0000][12477.506s][info][gc,metaspace] GC(2590) Metaspace: 433913K(440064K)->433913K(440064K) NonClass: 379912K(383232K)->379912K(383232K) Class: 54001K(56832K)->54001K(56832K)
[2024-05-30T14:02:18.087+0000][12477.506s][info][gc          ] GC(2590) Pause Young (Normal) (G1 Evacuation Pause) 9705M->2853M(12288M) 14.851ms
[2024-05-30T14:02:18.087+0000][12477.506s][info][gc,cpu      ] GC(2590) User=0.08s Sys=0.01s Real=0.01s
[2024-05-30T14:02:23.890+0000][12483.309s][info][gc,start    ] GC(2591) Pause Young (Normal) (G1 Evacuation Pause)
[2024-05-30T14:02:23.890+0000][12483.309s][info][gc,task     ] GC(2591) Using 6 workers of 6 for evacuation
[2024-05-30T14:02:23.908+0000][12483.327s][info][gc,phases   ] GC(2591)   Pre Evacuate Collection Set: 0.2ms
[2024-05-30T14:02:23.908+0000][12483.327s][info][gc,phases   ] GC(2591)   Merge Heap Roots: 0.2ms
[2024-05-30T14:02:23.908+0000][12483.327s][info][gc,phases   ] GC(2591)   Evacuate Collection Set: 15.7ms
[2024-05-30T14:02:23.908+0000][12483.327s][info][gc,phases   ] GC(2591)   Post Evacuate Collection Set: 2.0ms
[2024-05-30T14:02:23.908+0000][12483.327s][info][gc,phases   ] GC(2591)   Other: 0.2ms
[2024-05-30T14:02:23.908+0000][12483.327s][info][gc,heap     ] GC(2591) Eden regions: 855->0(851)
[2024-05-30T14:02:23.908+0000][12483.327s][info][gc,heap     ] GC(2591) Survivor regions: 8->11(108)
[2024-05-30T14:02:23.908+0000][12483.327s][info][gc,heap     ] GC(2591) Old regions: 344->344
[2024-05-30T14:02:23.908+0000][12483.327s][info][gc,heap     ] GC(2591) Archive regions: 2->2
[2024-05-30T14:02:23.908+0000][12483.327s][info][gc,heap     ] GC(2591) Humongous regions: 5->5
[2024-05-30T14:02:23.908+0000][12483.327s][info][gc,metaspace] GC(2591) Metaspace: 433913K(440064K)->433913K(440064K) NonClass: 379912K(383232K)->379912K(383232K) Class: 54001K(56832K)->54001K(56832K)
[2024-05-30T14:02:23.908+0000][12483.327s][info][gc          ] GC(2591) Pause Young (Normal) (G1 Evacuation Pause) 9693M->2881M(12288M) 18.263ms
[2024-05-30T14:02:23.908+0000][12483.327s][info][gc,cpu      ] GC(2591) User=0.10s Sys=0.00s Real=0.01s
[2024-05-30T14:02:29.664+0000][12489.083s][info][gc,start    ] GC(2592) Pause Young (Concurrent Start) (G1 Evacuation Pause)
[2024-05-30T14:02:29.664+0000][12489.083s][info][gc,task     ] GC(2592) Using 6 workers of 6 for evacuation
[2024-05-30T14:02:29.684+0000][12489.103s][info][gc,phases   ] GC(2592)   Pre Evacuate Collection Set: 0.6ms
[2024-05-30T14:02:29.684+0000][12489.103s][info][gc,phases   ] GC(2592)   Merge Heap Roots: 0.2ms
[2024-05-30T14:02:29.684+0000][12489.103s][info][gc,phases   ] GC(2592)   Evacuate Collection Set: 17.4ms
[2024-05-30T14:02:29.684+0000][12489.103s][info][gc,phases   ] GC(2592)   Post Evacuate Collection Set: 1.7ms
[2024-05-30T14:02:29.684+0000][12489.103s][info][gc,phases   ] GC(2592)   Other: 0.3ms
[2024-05-30T14:02:29.684+0000][12489.103s][info][gc,heap     ] GC(2592) Eden regions: 851->0(853)
[2024-05-30T14:02:29.684+0000][12489.103s][info][gc,heap     ] GC(2592) Survivor regions: 11->10(108)
[2024-05-30T14:02:29.684+0000][12489.103s][info][gc,heap     ] GC(2592) Old regions: 344->344
[2024-05-30T14:02:29.684+0000][12489.103s][info][gc,heap     ] GC(2592) Archive regions: 2->2
[2024-05-30T14:02:29.684+0000][12489.103s][info][gc,heap     ] GC(2592) Humongous regions: 5->5
[2024-05-30T14:02:29.684+0000][12489.103s][info][gc,metaspace] GC(2592) Metaspace: 433913K(440064K)->433913K(440064K) NonClass: 379912K(383232K)->379912K(383232K) Class: 54001K(56832K)->54001K(56832K)
[2024-05-30T14:02:29.684+0000][12489.103s][info][gc          ] GC(2592) Pause Young (Concurrent Start) (G1 Evacuation Pause) 9689M->2870M(12288M) 20.321ms
[2024-05-30T14:02:29.684+0000][12489.103s][info][gc,cpu      ] GC(2592) User=0.12s Sys=0.00s Real=0.02s
[2024-05-30T14:02:29.684+0000][12489.103s][info][gc          ] GC(2593) Concurrent Mark Cycle
[2024-05-30T14:02:29.684+0000][12489.103s][info][gc,marking  ] GC(2593) Concurrent Clear Claimed Marks
[2024-05-30T14:02:29.684+0000][12489.104s][info][gc,marking  ] GC(2593) Concurrent Clear Claimed Marks 0.400ms
[2024-05-30T14:02:29.684+0000][12489.104s][info][gc,marking  ] GC(2593) Concurrent Scan Root Regions
[2024-05-30T14:02:29.698+0000][12489.118s][info][gc,marking  ] GC(2593) Concurrent Scan Root Regions 13.870ms
[2024-05-30T14:02:29.698+0000][12489.118s][info][gc,marking  ] GC(2593) Concurrent Mark
[2024-05-30T14:02:29.698+0000][12489.118s][info][gc,marking  ] GC(2593) Concurrent Mark From Roots
[2024-05-30T14:02:29.698+0000][12489.118s][info][gc,task     ] GC(2593) Using 2 workers of 2 for marking
[2024-05-30T14:02:32.154+0000][12491.573s][info][gc,marking  ] GC(2593) Concurrent Mark From Roots 2455.801ms
[2024-05-30T14:02:32.154+0000][12491.573s][info][gc,marking  ] GC(2593) Concurrent Preclean
[2024-05-30T14:02:32.156+0000][12491.575s][info][gc,marking  ] GC(2593) Concurrent Preclean 1.995ms
[2024-05-30T14:02:32.156+0000][12491.576s][info][gc,start    ] GC(2593) Pause Remark
[2024-05-30T14:02:32.181+0000][12491.600s][info][gc          ] GC(2593) Pause Remark 5362M->5362M(12288M) 24.161ms
[2024-05-30T14:02:32.181+0000][12491.600s][info][gc,cpu      ] GC(2593) User=0.10s Sys=0.00s Real=0.02s
[2024-05-30T14:02:32.181+0000][12491.600s][info][gc,marking  ] GC(2593) Concurrent Mark 2482.389ms
[2024-05-30T14:02:32.181+0000][12491.600s][info][gc,marking  ] GC(2593) Concurrent Rebuild Remembered Sets
[2024-05-30T14:02:33.481+0000][12492.900s][info][gc,marking  ] GC(2593) Concurrent Rebuild Remembered Sets 1300.087ms
[2024-05-30T14:02:33.481+0000][12492.900s][info][gc,start    ] GC(2593) Pause Cleanup
[2024-05-30T14:02:33.482+0000][12492.901s][info][gc          ] GC(2593) Pause Cleanup 6702M->6702M(12288M) 0.539ms
[2024-05-30T14:02:33.482+0000][12492.901s][info][gc,cpu      ] GC(2593) User=0.00s Sys=0.00s Real=0.00s
[2024-05-30T14:02:33.482+0000][12492.901s][info][gc,marking  ] GC(2593) Concurrent Cleanup for Next Mark
[2024-05-30T14:02:33.510+0000][12492.929s][info][gc,marking  ] GC(2593) Concurrent Cleanup for Next Mark 28.344ms
[2024-05-30T14:02:33.510+0000][12492.929s][info][gc          ] GC(2593) Concurrent Mark Cycle 3826.120ms
[2024-05-30T14:02:36.098+0000][12495.517s][info][gc,start    ] GC(2594) Pause Young (Prepare Mixed) (G1 Evacuation Pause)
[2024-05-30T14:02:36.098+0000][12495.517s][info][gc,task     ] GC(2594) Using 6 workers of 6 for evacuation
[2024-05-30T14:02:36.122+0000][12495.541s][info][gc,phases   ] GC(2594)   Pre Evacuate Collection Set: 0.2ms
[2024-05-30T14:02:36.122+0000][12495.541s][info][gc,phases   ] GC(2594)   Merge Heap Roots: 0.3ms
[2024-05-30T14:02:36.122+0000][12495.541s][info][gc,phases   ] GC(2594)   Evacuate Collection Set: 21.4ms
[2024-05-30T14:02:36.122+0000][12495.541s][info][gc,phases   ] GC(2594)   Post Evacuate Collection Set: 1.8ms
[2024-05-30T14:02:36.122+0000][12495.541s][info][gc,phases   ] GC(2594)   Other: 0.2ms
[2024-05-30T14:02:36.122+0000][12495.541s][info][gc,heap     ] GC(2594) Eden regions: 853->0(64)
[2024-05-30T14:02:36.122+0000][12495.541s][info][gc,heap     ] GC(2594) Survivor regions: 10->12(108)
[2024-05-30T14:02:36.122+0000][12495.541s][info][gc,heap     ] GC(2594) Old regions: 344->344
[2024-05-30T14:02:36.122+0000][12495.541s][info][gc,heap     ] GC(2594) Archive regions: 2->2
[2024-05-30T14:02:36.122+0000][12495.541s][info][gc,heap     ] GC(2594) Humongous regions: 5->5
[2024-05-30T14:02:36.122+0000][12495.541s][info][gc,metaspace] GC(2594) Metaspace: 433913K(440064K)->433913K(440064K) NonClass: 379912K(383232K)->379912K(383232K) Class: 54001K(56832K)->54001K(56832K)
[2024-05-30T14:02:36.122+0000][12495.541s][info][gc          ] GC(2594) Pause Young (Prepare Mixed) (G1 Evacuation Pause) 9694M->2891M(12288M) 23.944ms
[2024-05-30T14:02:36.122+0000][12495.541s][info][gc,cpu      ] GC(2594) User=0.14s Sys=0.00s Real=0.02s
[2024-05-30T14:02:36.568+0000][12495.987s][info][gc,start    ] GC(2595) Pause Young (Mixed) (G1 Evacuation Pause)
[2024-05-30T14:02:36.568+0000][12495.987s][info][gc,task     ] GC(2595) Using 6 workers of 6 for evacuation
[2024-05-30T14:02:36.622+0000][12496.041s][info][gc,phases   ] GC(2595)   Pre Evacuate Collection Set: 0.2ms
[2024-05-30T14:02:36.622+0000][12496.041s][info][gc,phases   ] GC(2595)   Merge Heap Roots: 0.3ms
[2024-05-30T14:02:36.622+0000][12496.041s][info][gc,phases   ] GC(2595)   Evacuate Collection Set: 52.7ms
[2024-05-30T14:02:36.622+0000][12496.041s][info][gc,phases   ] GC(2595)   Post Evacuate Collection Set: 1.3ms
[2024-05-30T14:02:36.622+0000][12496.042s][info][gc,phases   ] GC(2595)   Other: 0.2ms
[2024-05-30T14:02:36.622+0000][12496.042s][info][gc,heap     ] GC(2595) Eden regions: 64->0(863)
[2024-05-30T14:02:36.622+0000][12496.042s][info][gc,heap     ] GC(2595) Survivor regions: 12->5(10)
[2024-05-30T14:02:36.622+0000][12496.042s][info][gc,heap     ] GC(2595) Old regions: 344->339
[2024-05-30T14:02:36.622+0000][12496.042s][info][gc,heap     ] GC(2595) Archive regions: 2->2
[2024-05-30T14:02:36.622+0000][12496.042s][info][gc,heap     ] GC(2595) Humongous regions: 5->5
[2024-05-30T14:02:36.622+0000][12496.042s][info][gc,metaspace] GC(2595) Metaspace: 433913K(440064K)->433913K(440064K) NonClass: 379912K(383232K)->379912K(383232K) Class: 54001K(56832K)->54001K(56832K)
[2024-05-30T14:02:36.622+0000][12496.042s][info][gc          ] GC(2595) Pause Young (Mixed) (G1 Evacuation Pause) 3403M->2792M(12288M) 54.717ms
[2024-05-30T14:02:36.622+0000][12496.042s][info][gc,cpu      ] GC(2595) User=0.32s Sys=0.00s Real=0.06s
[2024-05-30T14:02:42.498+0000][12501.917s][info][gc,start    ] GC(2596) Pause Young (Normal) (G1 Evacuation Pause)
[2024-05-30T14:02:42.498+0000][12501.917s][info][gc,task     ] GC(2596) Using 6 workers of 6 for evacuation
[2024-05-30T14:02:42.512+0000][12501.931s][info][gc,phases   ] GC(2596)   Pre Evacuate Collection Set: 0.2ms
[2024-05-30T14:02:42.512+0000][12501.931s][info][gc,phases   ] GC(2596)   Merge Heap Roots: 0.2ms
[2024-05-30T14:02:42.512+0000][12501.931s][info][gc,phases   ] GC(2596)   Evacuate Collection Set: 11.6ms
[2024-05-30T14:02:42.512+0000][12501.931s][info][gc,phases   ] GC(2596)   Post Evacuate Collection Set: 1.8ms
[2024-05-30T14:02:42.512+0000][12501.931s][info][gc,phases   ] GC(2596)   Other: 0.2ms
[2024-05-30T14:02:42.512+0000][12501.931s][info][gc,heap     ] GC(2596) Eden regions: 863->0(861)
[2024-05-30T14:02:42.512+0000][12501.931s][info][gc,heap     ] GC(2596) Survivor regions: 5->6(109)
[2024-05-30T14:02:42.512+0000][12501.931s][info][gc,heap     ] GC(2596) Old regions: 339->339
[2024-05-30T14:02:42.512+0000][12501.931s][info][gc,heap     ] GC(2596) Archive regions: 2->2
[2024-05-30T14:02:42.512+0000][12501.931s][info][gc,heap     ] GC(2596) Humongous regions: 5->5
[2024-05-30T14:02:42.512+0000][12501.931s][info][gc,metaspace] GC(2596) Metaspace: 433913K(440064K)->433913K(440064K) NonClass: 379912K(383232K)->379912K(383232K) Class: 54001K(56832K)->54001K(56832K)
[2024-05-30T14:02:42.512+0000][12501.931s][info][gc          ] GC(2596) Pause Young (Normal) (G1 Evacuation Pause) 9696M->2803M(12288M) 14.034ms
[2024-05-30T14:02:42.512+0000][12501.931s][info][gc,cpu      ] GC(2596) User=0.08s Sys=0.00s Real=0.01s
[2024-05-30T14:02:48.512+0000][12507.932s][info][gc,start    ] GC(2597) Pause Young (Normal) (G1 Evacuation Pause)
[2024-05-30T14:02:48.512+0000][12507.932s][info][gc,task     ] GC(2597) Using 6 workers of 6 for evacuation
[2024-05-30T14:02:48.529+0000][12507.948s][info][gc,phases   ] GC(2597)   Pre Evacuate Collection Set: 0.2ms
[2024-05-30T14:02:48.529+0000][12507.948s][info][gc,phases   ] GC(2597)   Merge Heap Roots: 0.2ms
[2024-05-30T14:02:48.529+0000][12507.948s][info][gc,phases   ] GC(2597)   Evacuate Collection Set: 14.2ms
[2024-05-30T14:02:48.529+0000][12507.948s][info][gc,phases   ] GC(2597)   Post Evacuate Collection Set: 1.8ms
[2024-05-30T14:02:48.529+0000][12507.948s][info][gc,phases   ] GC(2597)   Other: 0.2ms
[2024-05-30T14:02:48.529+0000][12507.948s][info][gc,heap     ] GC(2597) Eden regions: 861->0(858)
[2024-05-30T14:02:48.529+0000][12507.948s][info][gc,heap     ] GC(2597) Survivor regions: 6->9(109)
[2024-05-30T14:02:48.529+0000][12507.948s][info][gc,heap     ] GC(2597) Old regions: 339->339
[2024-05-30T14:02:48.529+0000][12507.948s][info][gc,heap     ] GC(2597) Archive regions: 2->2
[2024-05-30T14:02:48.529+0000][12507.948s][info][gc,heap     ] GC(2597) Humongous regions: 5->5
[2024-05-30T14:02:48.529+0000][12507.948s][info][gc,metaspace] GC(2597) Metaspace: 433913K(440064K)->433913K(440064K) NonClass: 379912K(383232K)->379912K(383232K) Class: 54001K(56832K)->54001K(56832K)
[2024-05-30T14:02:48.529+0000][12507.948s][info][gc          ] GC(2597) Pause Young (Normal) (G1 Evacuation Pause) 9691M->2825M(12288M) 16.575ms
[2024-05-30T14:02:48.529+0000][12507.948s][info][gc,cpu      ] GC(2597) User=0.10s Sys=0.00s Real=0.02s
[2024-05-30T14:02:54.304+0000][12513.723s][info][gc,start    ] GC(2598) Pause Young (Concurrent Start) (G1 Evacuation Pause)
[2024-05-30T14:02:54.304+0000][12513.723s][info][gc,task     ] GC(2598) Using 6 workers of 6 for evacuation
[2024-05-30T14:02:54.324+0000][12513.743s][info][gc,phases   ] GC(2598)   Pre Evacuate Collection Set: 0.6ms
[2024-05-30T14:02:54.324+0000][12513.743s][info][gc,phases   ] GC(2598)   Merge Heap Roots: 0.2ms
[2024-05-30T14:02:54.324+0000][12513.743s][info][gc,phases   ] GC(2598)   Evacuate Collection Set: 17.3ms
[2024-05-30T14:02:54.324+0000][12513.743s][info][gc,phases   ] GC(2598)   Post Evacuate Collection Set: 2.0ms
[2024-05-30T14:02:54.324+0000][12513.743s][info][gc,phases   ] GC(2598)   Other: 0.3ms
[2024-05-30T14:02:54.324+0000][12513.743s][info][gc,heap     ] GC(2598) Eden regions: 858->0(857)
[2024-05-30T14:02:54.324+0000][12513.743s][info][gc,heap     ] GC(2598) Survivor regions: 9->10(109)
[2024-05-30T14:02:54.324+0000][12513.743s][info][gc,heap     ] GC(2598) Old regions: 339->339
[2024-05-30T14:02:54.324+0000][12513.743s][info][gc,heap     ] GC(2598) Archive regions: 2->2
[2024-05-30T14:02:54.324+0000][12513.743s][info][gc,heap     ] GC(2598) Humongous regions: 5->5
[2024-05-30T14:02:54.324+0000][12513.743s][info][gc,metaspace] GC(2598) Metaspace: 433913K(440064K)->433913K(440064K) NonClass: 379912K(383232K)->379912K(383232K) Class: 54001K(56832K)->54001K(56832K)
[2024-05-30T14:02:54.324+0000][12513.743s][info][gc          ] GC(2598) Pause Young (Concurrent Start) (G1 Evacuation Pause) 9689M->2834M(12288M) 20.392ms
[2024-05-30T14:02:54.324+0000][12513.743s][info][gc,cpu      ] GC(2598) User=0.11s Sys=0.00s Real=0.02s
[2024-05-30T14:02:54.324+0000][12513.743s][info][gc          ] GC(2599) Concurrent Mark Cycle
[2024-05-30T14:02:54.324+0000][12513.743s][info][gc,marking  ] GC(2599) Concurrent Clear Claimed Marks
[2024-05-30T14:02:54.325+0000][12513.744s][info][gc,marking  ] GC(2599) Concurrent Clear Claimed Marks 0.388ms
[2024-05-30T14:02:54.325+0000][12513.744s][info][gc,marking  ] GC(2599) Concurrent Scan Root Regions
[2024-05-30T14:02:54.343+0000][12513.762s][info][gc,marking  ] GC(2599) Concurrent Scan Root Regions 18.126ms
[2024-05-30T14:02:54.343+0000][12513.762s][info][gc,marking  ] GC(2599) Concurrent Mark
[2024-05-30T14:02:54.343+0000][12513.762s][info][gc,marking  ] GC(2599) Concurrent Mark From Roots
[2024-05-30T14:02:54.343+0000][12513.762s][info][gc,task     ] GC(2599) Using 2 workers of 2 for marking
[2024-05-30T14:02:56.845+0000][12516.264s][info][gc,marking  ] GC(2599) Concurrent Mark From Roots 2501.919ms
[2024-05-30T14:02:56.845+0000][12516.264s][info][gc,marking  ] GC(2599) Concurrent Preclean
[2024-05-30T14:02:56.847+0000][12516.266s][info][gc,marking  ] GC(2599) Concurrent Preclean 2.212ms
[2024-05-30T14:02:56.847+0000][12516.267s][info][gc,start    ] GC(2599) Pause Remark
[2024-05-30T14:02:56.871+0000][12516.291s][info][gc          ] GC(2599) Pause Remark 5399M->5392M(12288M) 24.188ms
[2024-05-30T14:02:56.872+0000][12516.291s][info][gc,cpu      ] GC(2599) User=0.11s Sys=0.00s Real=0.03s
[2024-05-30T14:02:56.872+0000][12516.291s][info][gc,marking  ] GC(2599) Concurrent Mark 2528.833ms
[2024-05-30T14:02:56.872+0000][12516.291s][info][gc,marking  ] GC(2599) Concurrent Rebuild Remembered Sets
[2024-05-30T14:02:58.167+0000][12517.586s][info][gc,marking  ] GC(2599) Concurrent Rebuild Remembered Sets 1294.941ms
[2024-05-30T14:02:58.167+0000][12517.586s][info][gc,start    ] GC(2599) Pause Cleanup
[2024-05-30T14:02:58.167+0000][12517.587s][info][gc          ] GC(2599) Pause Cleanup 6740M->6740M(12288M) 0.557ms
[2024-05-30T14:02:58.167+0000][12517.587s][info][gc,cpu      ] GC(2599) User=0.00s Sys=0.00s Real=0.00s
[2024-05-30T14:02:58.167+0000][12517.587s][info][gc,marking  ] GC(2599) Concurrent Cleanup for Next Mark
[2024-05-30T14:02:58.185+0000][12517.604s][info][gc,marking  ] GC(2599) Concurrent Cleanup for Next Mark 17.015ms
[2024-05-30T14:02:58.185+0000][12517.604s][info][gc          ] GC(2599) Concurrent Mark Cycle 3860.314ms
[2024-05-30T14:02:59.817+0000][12519.236s][info][gc,start    ] GC(2600) Pause Young (Prepare Mixed) (G1 Evacuation Pause)
[2024-05-30T14:02:59.817+0000][12519.236s][info][gc,task     ] GC(2600) Using 6 workers of 6 for evacuation
[2024-05-30T14:02:59.837+0000][12519.257s][info][gc,phases   ] GC(2600)   Pre Evacuate Collection Set: 0.2ms
[2024-05-30T14:02:59.838+0000][12519.257s][info][gc,phases   ] GC(2600)   Merge Heap Roots: 0.3ms
[2024-05-30T14:02:59.838+0000][12519.257s][info][gc,phases   ] GC(2600)   Evacuate Collection Set: 18.2ms
[2024-05-30T14:02:59.838+0000][12519.257s][info][gc,phases   ] GC(2600)   Post Evacuate Collection Set: 1.8ms
[2024-05-30T14:02:59.838+0000][12519.257s][info][gc,phases   ] GC(2600)   Other: 0.2ms
[2024-05-30T14:02:59.838+0000][12519.257s][info][gc,heap     ] GC(2600) Eden regions: 857->0(67)
[2024-05-30T14:02:59.838+0000][12519.257s][info][gc,heap     ] GC(2600) Survivor regions: 10->9(109)
[2024-05-30T14:02:59.838+0000][12519.257s][info][gc,heap     ] GC(2600) Old regions: 338->338
[2024-05-30T14:02:59.838+0000][12519.257s][info][gc,heap     ] GC(2600) Archive regions: 2->2
[2024-05-30T14:02:59.838+0000][12519.257s][info][gc,heap     ] GC(2600) Humongous regions: 5->5
[2024-05-30T14:02:59.838+0000][12519.257s][info][gc,metaspace] GC(2600) Metaspace: 433913K(440064K)->433913K(440064K) NonClass: 379912K(383232K)->379912K(383232K) Class: 54001K(56832K)->54001K(56832K)
[2024-05-30T14:02:59.838+0000][12519.257s][info][gc          ] GC(2600) Pause Young (Prepare Mixed) (G1 Evacuation Pause) 9684M->2817M(12288M) 20.841ms
[2024-05-30T14:02:59.838+0000][12519.257s][info][gc,cpu      ] GC(2600) User=0.12s Sys=0.00s Real=0.02s
[2024-05-30T14:03:00.288+0000][12519.707s][info][gc,start    ] GC(2601) Pause Young (Mixed) (G1 Evacuation Pause)
[2024-05-30T14:03:00.288+0000][12519.707s][info][gc,task     ] GC(2601) Using 6 workers of 6 for evacuation
[2024-05-30T14:03:00.342+0000][12519.761s][info][gc,phases   ] GC(2601)   Pre Evacuate Collection Set: 0.2ms
[2024-05-30T14:03:00.342+0000][12519.761s][info][gc,phases   ] GC(2601)   Merge Heap Roots: 0.4ms
[2024-05-30T14:03:00.342+0000][12519.761s][info][gc,phases   ] GC(2601)   Evacuate Collection Set: 51.8ms
[2024-05-30T14:03:00.342+0000][12519.761s][info][gc,phases   ] GC(2601)   Post Evacuate Collection Set: 1.4ms
[2024-05-30T14:03:00.342+0000][12519.761s][info][gc,phases   ] GC(2601)   Other: 0.2ms
[2024-05-30T14:03:00.342+0000][12519.761s][info][gc,heap     ] GC(2601) Eden regions: 67->0(871)
[2024-05-30T14:03:00.342+0000][12519.761s][info][gc,heap     ] GC(2601) Survivor regions: 9->6(10)
[2024-05-30T14:03:00.342+0000][12519.761s][info][gc,heap     ] GC(2601) Old regions: 338->330
[2024-05-30T14:03:00.342+0000][12519.761s][info][gc,heap     ] GC(2601) Archive regions: 2->2
[2024-05-30T14:03:00.342+0000][12519.761s][info][gc,heap     ] GC(2601) Humongous regions: 5->5
[2024-05-30T14:03:00.342+0000][12519.761s][info][gc,metaspace] GC(2601) Metaspace: 433913K(440064K)->433913K(440064K) NonClass: 379912K(383232K)->379912K(383232K) Class: 54001K(56832K)->54001K(56832K)
[2024-05-30T14:03:00.342+0000][12519.761s][info][gc          ] GC(2601) Pause Young (Mixed) (G1 Evacuation Pause) 3353M->2724M(12288M) 53.876ms
[2024-05-30T14:03:00.342+0000][12519.761s][info][gc,cpu      ] GC(2601) User=0.32s Sys=0.00s Real=0.06s
[2024-05-30T14:03:06.380+0000][12525.799s][info][gc,start    ] GC(2602) Pause Young (Normal) (G1 Evacuation Pause)
[2024-05-30T14:03:06.380+0000][12525.799s][info][gc,task     ] GC(2602) Using 6 workers of 6 for evacuation
[2024-05-30T14:03:06.397+0000][12525.816s][info][gc,phases   ] GC(2602)   Pre Evacuate Collection Set: 0.2ms
[2024-05-30T14:03:06.397+0000][12525.816s][info][gc,phases   ] GC(2602)   Merge Heap Roots: 0.3ms
[2024-05-30T14:03:06.397+0000][12525.816s][info][gc,phases   ] GC(2602)   Evacuate Collection Set: 15.1ms
[2024-05-30T14:03:06.397+0000][12525.816s][info][gc,phases   ] GC(2602)   Post Evacuate Collection Set: 1.8ms
[2024-05-30T14:03:06.397+0000][12525.816s][info][gc,phases   ] GC(2602)   Other: 0.2ms
[2024-05-30T14:03:06.397+0000][12525.816s][info][gc,heap     ] GC(2602) Eden regions: 871->0(869)
[2024-05-30T14:03:06.397+0000][12525.816s][info][gc,heap     ] GC(2602) Survivor regions: 6->8(110)
[2024-05-30T14:03:06.397+0000][12525.816s][info][gc,heap     ] GC(2602) Old regions: 330->330
[2024-05-30T14:03:06.397+0000][12525.816s][info][gc,heap     ] GC(2602) Archive regions: 2->2
[2024-05-30T14:03:06.397+0000][12525.816s][info][gc,heap     ] GC(2602) Humongous regions: 5->5
[2024-05-30T14:03:06.397+0000][12525.816s][info][gc,metaspace] GC(2602) Metaspace: 433913K(440064K)->433913K(440064K) NonClass: 379912K(383232K)->379912K(383232K) Class: 54001K(56832K)->54001K(56832K)
[2024-05-30T14:03:06.397+0000][12525.816s][info][gc          ] GC(2602) Pause Young (Normal) (G1 Evacuation Pause) 9692M->2746M(12288M) 17.508ms
[2024-05-30T14:03:06.397+0000][12525.816s][info][gc,cpu      ] GC(2602) User=0.10s Sys=0.00s Real=0.02s
[2024-05-30T14:03:12.227+0000][12531.647s][info][gc,start    ] GC(2603) Pause Young (Normal) (G1 Evacuation Pause)
[2024-05-30T14:03:12.227+0000][12531.647s][info][gc,task     ] GC(2603) Using 6 workers of 6 for evacuation
[2024-05-30T14:03:12.247+0000][12531.667s][info][gc,phases   ] GC(2603)   Pre Evacuate Collection Set: 0.2ms
[2024-05-30T14:03:12.247+0000][12531.667s][info][gc,phases   ] GC(2603)   Merge Heap Roots: 0.2ms
[2024-05-30T14:03:12.247+0000][12531.667s][info][gc,phases   ] GC(2603)   Evacuate Collection Set: 17.5ms
[2024-05-30T14:03:12.247+0000][12531.667s][info][gc,phases   ] GC(2603)   Post Evacuate Collection Set: 1.9ms
[2024-05-30T14:03:12.247+0000][12531.667s][info][gc,phases   ] GC(2603)   Other: 0.2ms
[2024-05-30T14:03:12.247+0000][12531.667s][info][gc,heap     ] GC(2603) Eden regions: 869->0(867)
[2024-05-30T14:03:12.247+0000][12531.667s][info][gc,heap     ] GC(2603) Survivor regions: 8->10(110)
[2024-05-30T14:03:12.247+0000][12531.667s][info][gc,heap     ] GC(2603) Old regions: 330->330
[2024-05-30T14:03:12.247+0000][12531.667s][info][gc,heap     ] GC(2603) Archive regions: 2->2
[2024-05-30T14:03:12.247+0000][12531.667s][info][gc,heap     ] GC(2603) Humongous regions: 5->5
[2024-05-30T14:03:12.247+0000][12531.667s][info][gc,metaspace] GC(2603) Metaspace: 433913K(440064K)->433913K(440064K) NonClass: 379912K(383232K)->379912K(383232K) Class: 54001K(56832K)->54001K(56832K)
[2024-05-30T14:03:12.247+0000][12531.667s][info][gc          ] GC(2603) Pause Young (Normal) (G1 Evacuation Pause) 9698M->2762M(12288M) 20.085ms
[2024-05-30T14:03:12.247+0000][12531.667s][info][gc,cpu      ] GC(2603) User=0.11s Sys=0.00s Real=0.02s
[2024-05-30T14:03:18.085+0000][12537.504s][info][gc,start    ] GC(2604) Pause Young (Concurrent Start) (G1 Evacuation Pause)
[2024-05-30T14:03:18.085+0000][12537.504s][info][gc,task     ] GC(2604) Using 6 workers of 6 for evacuation
[2024-05-30T14:03:18.110+0000][12537.530s][info][gc,phases   ] GC(2604)   Pre Evacuate Collection Set: 0.5ms
[2024-05-30T14:03:18.110+0000][12537.530s][info][gc,phases   ] GC(2604)   Merge Heap Roots: 0.2ms
[2024-05-30T14:03:18.110+0000][12537.530s][info][gc,phases   ] GC(2604)   Evacuate Collection Set: 22.7ms
[2024-05-30T14:03:18.111+0000][12537.530s][info][gc,phases   ] GC(2604)   Post Evacuate Collection Set: 1.9ms
[2024-05-30T14:03:18.111+0000][12537.530s][info][gc,phases   ] GC(2604)   Other: 0.3ms
[2024-05-30T14:03:18.111+0000][12537.530s][info][gc,heap     ] GC(2604) Eden regions: 867->0(868)
[2024-05-30T14:03:18.111+0000][12537.530s][info][gc,heap     ] GC(2604) Survivor regions: 10->10(110)
[2024-05-30T14:03:18.111+0000][12537.530s][info][gc,heap     ] GC(2604) Old regions: 330->330
[2024-05-30T14:03:18.111+0000][12537.530s][info][gc,heap     ] GC(2604) Archive regions: 2->2
[2024-05-30T14:03:18.111+0000][12537.530s][info][gc,heap     ] GC(2604) Humongous regions: 5->5
[2024-05-30T14:03:18.111+0000][12537.530s][info][gc,metaspace] GC(2604) Metaspace: 433913K(440064K)->433913K(440064K) NonClass: 379912K(383232K)->379912K(383232K) Class: 54001K(56832K)->54001K(56832K)
[2024-05-30T14:03:18.111+0000][12537.530s][info][gc          ] GC(2604) Pause Young (Concurrent Start) (G1 Evacuation Pause) 9698M->2757M(12288M) 25.756ms
[2024-05-30T14:03:18.111+0000][12537.530s][info][gc,cpu      ] GC(2604) User=0.15s Sys=0.00s Real=0.03s
[2024-05-30T14:03:18.111+0000][12537.530s][info][gc          ] GC(2605) Concurrent Mark Cycle
[2024-05-30T14:03:18.111+0000][12537.530s][info][gc,marking  ] GC(2605) Concurrent Clear Claimed Marks
[2024-05-30T14:03:18.111+0000][12537.530s][info][gc,marking  ] GC(2605) Concurrent Clear Claimed Marks 0.376ms
[2024-05-30T14:03:18.111+0000][12537.530s][info][gc,marking  ] GC(2605) Concurrent Scan Root Regions
[2024-05-30T14:03:18.131+0000][12537.551s][info][gc,marking  ] GC(2605) Concurrent Scan Root Regions 20.367ms
[2024-05-30T14:03:18.131+0000][12537.551s][info][gc,marking  ] GC(2605) Concurrent Mark
[2024-05-30T14:03:18.131+0000][12537.551s][info][gc,marking  ] GC(2605) Concurrent Mark From Roots
[2024-05-30T14:03:18.131+0000][12537.551s][info][gc,task     ] GC(2605) Using 2 workers of 2 for marking
[2024-05-30T14:03:20.645+0000][12540.064s][info][gc,marking  ] GC(2605) Concurrent Mark From Roots 2513.119ms
[2024-05-30T14:03:20.645+0000][12540.064s][info][gc,marking  ] GC(2605) Concurrent Preclean
[2024-05-30T14:03:20.646+0000][12540.065s][info][gc,marking  ] GC(2605) Concurrent Preclean 1.555ms
[2024-05-30T14:03:20.646+0000][12540.066s][info][gc,start    ] GC(2605) Pause Remark
[2024-05-30T14:03:20.671+0000][12540.090s][info][gc          ] GC(2605) Pause Remark 5301M->5301M(12288M) 24.309ms
[2024-05-30T14:03:20.671+0000][12540.090s][info][gc,cpu      ] GC(2605) User=0.10s Sys=0.00s Real=0.03s
[2024-05-30T14:03:20.671+0000][12540.090s][info][gc,marking  ] GC(2605) Concurrent Mark 2539.414ms
[2024-05-30T14:03:20.671+0000][12540.090s][info][gc,marking  ] GC(2605) Concurrent Rebuild Remembered Sets
[2024-05-30T14:03:21.998+0000][12541.418s][info][gc,marking  ] GC(2605) Concurrent Rebuild Remembered Sets 1327.389ms
[2024-05-30T14:03:21.998+0000][12541.418s][info][gc,start    ] GC(2605) Pause Cleanup
[2024-05-30T14:03:21.999+0000][12541.418s][info][gc          ] GC(2605) Pause Cleanup 6713M->6713M(12288M) 0.580ms
[2024-05-30T14:03:21.999+0000][12541.418s][info][gc,cpu      ] GC(2605) User=0.00s Sys=0.00s Real=0.00s
[2024-05-30T14:03:21.999+0000][12541.418s][info][gc,marking  ] GC(2605) Concurrent Cleanup for Next Mark
[2024-05-30T14:03:22.016+0000][12541.435s][info][gc,marking  ] GC(2605) Concurrent Cleanup for Next Mark 16.991ms
[2024-05-30T14:03:22.016+0000][12541.435s][info][gc          ] GC(2605) Concurrent Mark Cycle 3905.565ms
[2024-05-30T14:03:24.607+0000][12544.026s][info][gc,start    ] GC(2606) Pause Young (Prepare Mixed) (G1 Evacuation Pause)
[2024-05-30T14:03:24.607+0000][12544.026s][info][gc,task     ] GC(2606) Using 6 workers of 6 for evacuation
[2024-05-30T14:03:24.633+0000][12544.052s][info][gc,phases   ] GC(2606)   Pre Evacuate Collection Set: 0.2ms
[2024-05-30T14:03:24.633+0000][12544.052s][info][gc,phases   ] GC(2606)   Merge Heap Roots: 0.3ms
[2024-05-30T14:03:24.633+0000][12544.052s][info][gc,phases   ] GC(2606)   Evacuate Collection Set: 23.8ms
[2024-05-30T14:03:24.633+0000][12544.052s][info][gc,phases   ] GC(2606)   Post Evacuate Collection Set: 2.0ms
[2024-05-30T14:03:24.633+0000][12544.052s][info][gc,phases   ] GC(2606)   Other: 0.2ms
[2024-05-30T14:03:24.633+0000][12544.052s][info][gc,heap     ] GC(2606) Eden regions: 868->0(63)
[2024-05-30T14:03:24.633+0000][12544.053s][info][gc,heap     ] GC(2606) Survivor regions: 10->13(110)
[2024-05-30T14:03:24.633+0000][12544.053s][info][gc,heap     ] GC(2606) Old regions: 330->330
[2024-05-30T14:03:24.633+0000][12544.053s][info][gc,heap     ] GC(2606) Archive regions: 2->2
[2024-05-30T14:03:24.633+0000][12544.053s][info][gc,heap     ] GC(2606) Humongous regions: 5->5
[2024-05-30T14:03:24.633+0000][12544.053s][info][gc,metaspace] GC(2606) Metaspace: 433913K(440064K)->433913K(440064K) NonClass: 379912K(383232K)->379912K(383232K) Class: 54001K(56832K)->54001K(56832K)
[2024-05-30T14:03:24.633+0000][12544.053s][info][gc          ] GC(2606) Pause Young (Prepare Mixed) (G1 Evacuation Pause) 9701M->2786M(12288M) 26.565ms
[2024-05-30T14:03:24.633+0000][12544.053s][info][gc,cpu      ] GC(2606) User=0.15s Sys=0.00s Real=0.03s
[2024-05-30T14:03:25.098+0000][12544.517s][info][gc,start    ] GC(2607) Pause Young (Mixed) (G1 Evacuation Pause)
[2024-05-30T14:03:25.098+0000][12544.517s][info][gc,task     ] GC(2607) Using 6 workers of 6 for evacuation
[2024-05-30T14:03:25.154+0000][12544.573s][info][gc,phases   ] GC(2607)   Pre Evacuate Collection Set: 0.2ms
[2024-05-30T14:03:25.154+0000][12544.573s][info][gc,phases   ] GC(2607)   Merge Heap Roots: 0.3ms
[2024-05-30T14:03:25.154+0000][12544.573s][info][gc,phases   ] GC(2607)   Evacuate Collection Set: 53.6ms
[2024-05-30T14:03:25.154+0000][12544.573s][info][gc,phases   ] GC(2607)   Post Evacuate Collection Set: 1.5ms
[2024-05-30T14:03:25.154+0000][12544.573s][info][gc,phases   ] GC(2607)   Other: 0.2ms
[2024-05-30T14:03:25.154+0000][12544.573s][info][gc,heap     ] GC(2607) Eden regions: 63->0(873)
[2024-05-30T14:03:25.154+0000][12544.573s][info][gc,heap     ] GC(2607) Survivor regions: 13->6(10)
[2024-05-30T14:03:25.154+0000][12544.573s][info][gc,heap     ] GC(2607) Old regions: 330->328
[2024-05-30T14:03:25.154+0000][12544.573s][info][gc,heap     ] GC(2607) Archive regions: 2->2
[2024-05-30T14:03:25.154+0000][12544.573s][info][gc,heap     ] GC(2607) Humongous regions: 5->5
[2024-05-30T14:03:25.154+0000][12544.573s][info][gc,metaspace] GC(2607) Metaspace: 433913K(440064K)->433913K(440064K) NonClass: 379912K(383232K)->379912K(383232K) Class: 54001K(56832K)->54001K(56832K)
[2024-05-30T14:03:25.154+0000][12544.573s][info][gc          ] GC(2607) Pause Young (Mixed) (G1 Evacuation Pause) 3290M->2711M(12288M) 55.882ms
[2024-05-30T14:03:25.154+0000][12544.573s][info][gc,cpu      ] GC(2607) User=0.33s Sys=0.00s Real=0.05s
[2024-05-30T14:03:31.111+0000][12550.530s][info][gc,start    ] GC(2608) Pause Young (Normal) (G1 Evacuation Pause)
[2024-05-30T14:03:31.111+0000][12550.531s][info][gc,task     ] GC(2608) Using 6 workers of 6 for evacuation
[2024-05-30T14:03:31.127+0000][12550.546s][info][gc,phases   ] GC(2608)   Pre Evacuate Collection Set: 0.2ms
[2024-05-30T14:03:31.127+0000][12550.546s][info][gc,phases   ] GC(2608)   Merge Heap Roots: 0.3ms
[2024-05-30T14:03:31.127+0000][12550.546s][info][gc,phases   ] GC(2608)   Evacuate Collection Set: 12.7ms
[2024-05-30T14:03:31.127+0000][12550.546s][info][gc,phases   ] GC(2608)   Post Evacuate Collection Set: 2.0ms
[2024-05-30T14:03:31.127+0000][12550.546s][info][gc,phases   ] GC(2608)   Other: 0.2ms
[2024-05-30T14:03:31.127+0000][12550.546s][info][gc,heap     ] GC(2608) Eden regions: 873->0(873)
[2024-05-30T14:03:31.127+0000][12550.546s][info][gc,heap     ] GC(2608) Survivor regions: 6->6(110)
[2024-05-30T14:03:31.127+0000][12550.546s][info][gc,heap     ] GC(2608) Old regions: 328->328
[2024-05-30T14:03:31.127+0000][12550.546s][info][gc,heap     ] GC(2608) Archive regions: 2->2
[2024-05-30T14:03:31.127+0000][12550.546s][info][gc,heap     ] GC(2608) Humongous regions: 5->5
[2024-05-30T14:03:31.127+0000][12550.546s][info][gc,metaspace] GC(2608) Metaspace: 433916K(440064K)->433916K(440064K) NonClass: 379915K(383232K)->379915K(383232K) Class: 54001K(56832K)->54001K(56832K)
[2024-05-30T14:03:31.127+0000][12550.546s][info][gc          ] GC(2608) Pause Young (Normal) (G1 Evacuation Pause) 9695M->2710M(12288M) 15.412ms
[2024-05-30T14:03:31.127+0000][12550.546s][info][gc,cpu      ] GC(2608) User=0.09s Sys=0.00s Real=0.01s
[2024-05-30T14:03:37.116+0000][12556.536s][info][gc,start    ] GC(2609) Pause Young (Normal) (G1 Evacuation Pause)
[2024-05-30T14:03:37.116+0000][12556.536s][info][gc,task     ] GC(2609) Using 6 workers of 6 for evacuation
[2024-05-30T14:03:37.132+0000][12556.552s][info][gc,phases   ] GC(2609)   Pre Evacuate Collection Set: 0.2ms
[2024-05-30T14:03:37.133+0000][12556.552s][info][gc,phases   ] GC(2609)   Merge Heap Roots: 0.3ms
[2024-05-30T14:03:37.133+0000][12556.552s][info][gc,phases   ] GC(2609)   Evacuate Collection Set: 13.7ms
[2024-05-30T14:03:37.133+0000][12556.552s][info][gc,phases   ] GC(2609)   Post Evacuate Collection Set: 1.8ms
[2024-05-30T14:03:37.133+0000][12556.552s][info][gc,phases   ] GC(2609)   Other: 0.2ms
[2024-05-30T14:03:37.133+0000][12556.552s][info][gc,heap     ] GC(2609) Eden regions: 873->0(870)
[2024-05-30T14:03:37.133+0000][12556.552s][info][gc,heap     ] GC(2609) Survivor regions: 6->9(110)
[2024-05-30T14:03:37.133+0000][12556.552s][info][gc,heap     ] GC(2609) Old regions: 328->328
[2024-05-30T14:03:37.133+0000][12556.552s][info][gc,heap     ] GC(2609) Archive regions: 2->2
[2024-05-30T14:03:37.133+0000][12556.552s][info][gc,heap     ] GC(2609) Humongous regions: 5->5
[2024-05-30T14:03:37.133+0000][12556.552s][info][gc,metaspace] GC(2609) Metaspace: 433918K(440064K)->433918K(440064K) NonClass: 379917K(383232K)->379917K(383232K) Class: 54001K(56832K)->54001K(56832K)
[2024-05-30T14:03:37.133+0000][12556.552s][info][gc          ] GC(2609) Pause Young (Normal) (G1 Evacuation Pause) 9694M->2730M(12288M) 16.188ms
[2024-05-30T14:03:37.133+0000][12556.552s][info][gc,cpu      ] GC(2609) User=0.09s Sys=0.00s Real=0.01s
[2024-05-30T14:03:43.127+0000][12562.547s][info][gc,start    ] GC(2610) Pause Young (Concurrent Start) (G1 Evacuation Pause)
[2024-05-30T14:03:43.127+0000][12562.547s][info][gc,task     ] GC(2610) Using 6 workers of 6 for evacuation
[2024-05-30T14:03:43.149+0000][12562.568s][info][gc,phases   ] GC(2610)   Pre Evacuate Collection Set: 0.5ms
[2024-05-30T14:03:43.149+0000][12562.568s][info][gc,phases   ] GC(2610)   Merge Heap Roots: 0.3ms
[2024-05-30T14:03:43.149+0000][12562.568s][info][gc,phases   ] GC(2610)   Evacuate Collection Set: 18.7ms
[2024-05-30T14:03:43.149+0000][12562.568s][info][gc,phases   ] GC(2610)   Post Evacuate Collection Set: 1.8ms
[2024-05-30T14:03:43.149+0000][12562.568s][info][gc,phases   ] GC(2610)   Other: 0.3ms
[2024-05-30T14:03:43.149+0000][12562.568s][info][gc,heap     ] GC(2610) Eden regions: 870->0(870)
[2024-05-30T14:03:43.149+0000][12562.568s][info][gc,heap     ] GC(2610) Survivor regions: 9->9(110)
[2024-05-30T14:03:43.149+0000][12562.568s][info][gc,heap     ] GC(2610) Old regions: 328->328
[2024-05-30T14:03:43.149+0000][12562.568s][info][gc,heap     ] GC(2610) Archive regions: 2->2
[2024-05-30T14:03:43.149+0000][12562.568s][info][gc,heap     ] GC(2610) Humongous regions: 5->5
[2024-05-30T14:03:43.149+0000][12562.568s][info][gc,metaspace] GC(2610) Metaspace: 433918K(440064K)->433918K(440064K) NonClass: 379917K(383232K)->379917K(383232K) Class: 54001K(56832K)->54001K(56832K)
[2024-05-30T14:03:43.149+0000][12562.568s][info][gc          ] GC(2610) Pause Young (Concurrent Start) (G1 Evacuation Pause) 9690M->2736M(12288M) 21.610ms
[2024-05-30T14:03:43.149+0000][12562.568s][info][gc,cpu      ] GC(2610) User=0.13s Sys=0.00s Real=0.03s
[2024-05-30T14:03:43.149+0000][12562.568s][info][gc          ] GC(2611) Concurrent Mark Cycle
[2024-05-30T14:03:43.149+0000][12562.568s][info][gc,marking  ] GC(2611) Concurrent Clear Claimed Marks
[2024-05-30T14:03:43.149+0000][12562.569s][info][gc,marking  ] GC(2611) Concurrent Clear Claimed Marks 0.368ms
[2024-05-30T14:03:43.149+0000][12562.569s][info][gc,marking  ] GC(2611) Concurrent Scan Root Regions
[2024-05-30T14:03:43.168+0000][12562.587s][info][gc,marking  ] GC(2611) Concurrent Scan Root Regions 18.274ms
[2024-05-30T14:03:43.168+0000][12562.587s][info][gc,marking  ] GC(2611) Concurrent Mark
[2024-05-30T14:03:43.168+0000][12562.587s][info][gc,marking  ] GC(2611) Concurrent Mark From Roots
[2024-05-30T14:03:43.168+0000][12562.587s][info][gc,task     ] GC(2611) Using 2 workers of 2 for marking
[2024-05-30T14:03:45.629+0000][12565.048s][info][gc,marking  ] GC(2611) Concurrent Mark From Roots 2461.240ms
[2024-05-30T14:03:45.629+0000][12565.048s][info][gc,marking  ] GC(2611) Concurrent Preclean
[2024-05-30T14:03:45.631+0000][12565.050s][info][gc,marking  ] GC(2611) Concurrent Preclean 1.854ms
[2024-05-30T14:03:45.631+0000][12565.050s][info][gc,start    ] GC(2611) Pause Remark
[2024-05-30T14:03:45.656+0000][12565.075s][info][gc          ] GC(2611) Pause Remark 5216M->5216M(12288M) 24.682ms
[2024-05-30T14:03:45.656+0000][12565.075s][info][gc,cpu      ] GC(2611) User=0.10s Sys=0.00s Real=0.02s
[2024-05-30T14:03:45.656+0000][12565.075s][info][gc,marking  ] GC(2611) Concurrent Mark 2488.377ms
[2024-05-30T14:03:45.656+0000][12565.075s][info][gc,marking  ] GC(2611) Concurrent Rebuild Remembered Sets
[2024-05-30T14:03:46.987+0000][12566.406s][info][gc,marking  ] GC(2611) Concurrent Rebuild Remembered Sets 1330.727ms
[2024-05-30T14:03:46.987+0000][12566.406s][info][gc,start    ] GC(2611) Pause Cleanup
[2024-05-30T14:03:46.988+0000][12566.407s][info][gc          ] GC(2611) Pause Cleanup 6584M->6584M(12288M) 0.531ms
[2024-05-30T14:03:46.988+0000][12566.407s][info][gc,cpu      ] GC(2611) User=0.00s Sys=0.00s Real=0.00s
[2024-05-30T14:03:46.988+0000][12566.407s][info][gc,marking  ] GC(2611) Concurrent Cleanup for Next Mark
[2024-05-30T14:03:47.005+0000][12566.424s][info][gc,marking  ] GC(2611) Concurrent Cleanup for Next Mark 17.252ms
[2024-05-30T14:03:47.005+0000][12566.424s][info][gc          ] GC(2611) Concurrent Mark Cycle 3856.003ms
[2024-05-30T14:03:49.642+0000][12569.061s][info][gc,start    ] GC(2612) Pause Young (Prepare Mixed) (G1 Evacuation Pause)
[2024-05-30T14:03:49.642+0000][12569.061s][info][gc,task     ] GC(2612) Using 6 workers of 6 for evacuation
[2024-05-30T14:03:49.663+0000][12569.083s][info][gc,phases   ] GC(2612)   Pre Evacuate Collection Set: 0.2ms
[2024-05-30T14:03:49.663+0000][12569.083s][info][gc,phases   ] GC(2612)   Merge Heap Roots: 0.3ms
[2024-05-30T14:03:49.663+0000][12569.083s][info][gc,phases   ] GC(2612)   Evacuate Collection Set: 19.3ms
[2024-05-30T14:03:49.663+0000][12569.083s][info][gc,phases   ] GC(2612)   Post Evacuate Collection Set: 1.8ms
[2024-05-30T14:03:49.663+0000][12569.083s][info][gc,phases   ] GC(2612)   Other: 0.2ms
[2024-05-30T14:03:49.663+0000][12569.083s][info][gc,heap     ] GC(2612) Eden regions: 870->0(66)
[2024-05-30T14:03:49.663+0000][12569.083s][info][gc,heap     ] GC(2612) Survivor regions: 9->10(110)
[2024-05-30T14:03:49.663+0000][12569.083s][info][gc,heap     ] GC(2612) Old regions: 328->328
[2024-05-30T14:03:49.663+0000][12569.083s][info][gc,heap     ] GC(2612) Archive regions: 2->2
[2024-05-30T14:03:49.663+0000][12569.083s][info][gc,heap     ] GC(2612) Humongous regions: 5->5
[2024-05-30T14:03:49.663+0000][12569.083s][info][gc,metaspace] GC(2612) Metaspace: 433918K(440064K)->433918K(440064K) NonClass: 379917K(383232K)->379917K(383232K) Class: 54001K(56832K)->54001K(56832K)
[2024-05-30T14:03:49.663+0000][12569.083s][info][gc          ] GC(2612) Pause Young (Prepare Mixed) (G1 Evacuation Pause) 9696M->2743M(12288M) 21.816ms
[2024-05-30T14:03:49.663+0000][12569.083s][info][gc,cpu      ] GC(2612) User=0.12s Sys=0.00s Real=0.02s
[2024-05-30T14:03:50.108+0000][12569.527s][info][gc,start    ] GC(2613) Pause Young (Mixed) (G1 Evacuation Pause)
[2024-05-30T14:03:50.108+0000][12569.527s][info][gc,task     ] GC(2613) Using 6 workers of 6 for evacuation
[2024-05-30T14:03:50.165+0000][12569.584s][info][gc,phases   ] GC(2613)   Pre Evacuate Collection Set: 0.2ms
[2024-05-30T14:03:50.165+0000][12569.584s][info][gc,phases   ] GC(2613)   Merge Heap Roots: 0.5ms
[2024-05-30T14:03:50.165+0000][12569.584s][info][gc,phases   ] GC(2613)   Evacuate Collection Set: 55.0ms
[2024-05-30T14:03:50.165+0000][12569.584s][info][gc,phases   ] GC(2613)   Post Evacuate Collection Set: 1.4ms
[2024-05-30T14:03:50.165+0000][12569.584s][info][gc,phases   ] GC(2613)   Other: 0.2ms
[2024-05-30T14:03:50.165+0000][12569.584s][info][gc,heap     ] GC(2613) Eden regions: 66->0(878)
[2024-05-30T14:03:50.165+0000][12569.584s][info][gc,heap     ] GC(2613) Survivor regions: 10->6(10)
[2024-05-30T14:03:50.165+0000][12569.584s][info][gc,heap     ] GC(2613) Old regions: 328->323
[2024-05-30T14:03:50.165+0000][12569.584s][info][gc,heap     ] GC(2613) Archive regions: 2->2
[2024-05-30T14:03:50.165+0000][12569.584s][info][gc,heap     ] GC(2613) Humongous regions: 5->5
[2024-05-30T14:03:50.165+0000][12569.584s][info][gc,metaspace] GC(2613) Metaspace: 433918K(440064K)->433918K(440064K) NonClass: 379917K(383232K)->379917K(383232K) Class: 54001K(56832K)->54001K(56832K)
[2024-05-30T14:03:50.165+0000][12569.584s][info][gc          ] GC(2613) Pause Young (Mixed) (G1 Evacuation Pause) 3271M->2672M(12288M) 57.263ms
[2024-05-30T14:03:50.165+0000][12569.584s][info][gc,cpu      ] GC(2613) User=0.33s Sys=0.00s Real=0.06s
[2024-05-30T14:03:56.149+0000][12575.568s][info][gc,start    ] GC(2614) Pause Young (Normal) (G1 Evacuation Pause)
[2024-05-30T14:03:56.149+0000][12575.568s][info][gc,task     ] GC(2614) Using 6 workers of 6 for evacuation
[2024-05-30T14:03:56.166+0000][12575.585s][info][gc,phases   ] GC(2614)   Pre Evacuate Collection Set: 0.2ms
[2024-05-30T14:03:56.166+0000][12575.586s][info][gc,phases   ] GC(2614)   Merge Heap Roots: 0.2ms
[2024-05-30T14:03:56.166+0000][12575.586s][info][gc,phases   ] GC(2614)   Evacuate Collection Set: 14.8ms
[2024-05-30T14:03:56.166+0000][12575.586s][info][gc,phases   ] GC(2614)   Post Evacuate Collection Set: 2.0ms
[2024-05-30T14:03:56.166+0000][12575.586s][info][gc,phases   ] GC(2614)   Other: 0.2ms
[2024-05-30T14:03:56.166+0000][12575.586s][info][gc,heap     ] GC(2614) Eden regions: 878->0(875)
[2024-05-30T14:03:56.166+0000][12575.586s][info][gc,heap     ] GC(2614) Survivor regions: 6->9(111)
[2024-05-30T14:03:56.166+0000][12575.586s][info][gc,heap     ] GC(2614) Old regions: 323->323
[2024-05-30T14:03:56.166+0000][12575.586s][info][gc,heap     ] GC(2614) Archive regions: 2->2
[2024-05-30T14:03:56.166+0000][12575.586s][info][gc,heap     ] GC(2614) Humongous regions: 5->5
[2024-05-30T14:03:56.166+0000][12575.586s][info][gc,metaspace] GC(2614) Metaspace: 433920K(440064K)->433920K(440064K) NonClass: 379919K(383232K)->379919K(383232K) Class: 54001K(56832K)->54001K(56832K)
[2024-05-30T14:03:56.166+0000][12575.586s][info][gc          ] GC(2614) Pause Young (Normal) (G1 Evacuation Pause) 9696M->2694M(12288M) 17.509ms
[2024-05-30T14:03:56.166+0000][12575.586s][info][gc,cpu      ] GC(2614) User=0.09s Sys=0.02s Real=0.01s
[2024-05-30T14:04:02.212+0000][12581.631s][info][gc,start    ] GC(2615) Pause Young (Normal) (G1 Evacuation Pause)
[2024-05-30T14:04:02.212+0000][12581.631s][info][gc,task     ] GC(2615) Using 6 workers of 6 for evacuation
[2024-05-30T14:04:02.233+0000][12581.652s][info][gc,phases   ] GC(2615)   Pre Evacuate Collection Set: 0.2ms
[2024-05-30T14:04:02.233+0000][12581.652s][info][gc,phases   ] GC(2615)   Merge Heap Roots: 0.3ms
[2024-05-30T14:04:02.233+0000][12581.652s][info][gc,phases   ] GC(2615)   Evacuate Collection Set: 18.8ms
[2024-05-30T14:04:02.233+0000][12581.652s][info][gc,phases   ] GC(2615)   Post Evacuate Collection Set: 1.9ms
[2024-05-30T14:04:02.233+0000][12581.652s][info][gc,phases   ] GC(2615)   Other: 0.2ms
[2024-05-30T14:04:02.233+0000][12581.652s][info][gc,heap     ] GC(2615) Eden regions: 875->0(873)
[2024-05-30T14:04:02.233+0000][12581.652s][info][gc,heap     ] GC(2615) Survivor regions: 9->11(111)
[2024-05-30T14:04:02.233+0000][12581.652s][info][gc,heap     ] GC(2615) Old regions: 323->323
[2024-05-30T14:04:02.233+0000][12581.652s][info][gc,heap     ] GC(2615) Archive regions: 2->2
[2024-05-30T14:04:02.233+0000][12581.652s][info][gc,heap     ] GC(2615) Humongous regions: 5->5
[2024-05-30T14:04:02.233+0000][12581.652s][info][gc,metaspace] GC(2615) Metaspace: 433920K(440064K)->433920K(440064K) NonClass: 379919K(383232K)->379919K(383232K) Class: 54001K(56832K)->54001K(56832K)
[2024-05-30T14:04:02.233+0000][12581.652s][info][gc          ] GC(2615) Pause Young (Normal) (G1 Evacuation Pause) 9694M->2709M(12288M) 21.497ms
[2024-05-30T14:04:02.233+0000][12581.652s][info][gc,cpu      ] GC(2615) User=0.11s Sys=0.00s Real=0.02s
[2024-05-30T14:04:07.417+0000][12586.837s][info][gc,start    ] GC(2616) Pause Young (Concurrent Start) (G1 Evacuation Pause)
[2024-05-30T14:04:07.418+0000][12586.837s][info][gc,task     ] GC(2616) Using 6 workers of 6 for evacuation
[2024-05-30T14:04:07.442+0000][12586.862s][info][gc,phases   ] GC(2616)   Pre Evacuate Collection Set: 0.5ms
[2024-05-30T14:04:07.442+0000][12586.862s][info][gc,phases   ] GC(2616)   Merge Heap Roots: 0.2ms
[2024-05-30T14:04:07.442+0000][12586.862s][info][gc,phases   ] GC(2616)   Evacuate Collection Set: 22.0ms
[2024-05-30T14:04:07.442+0000][12586.862s][info][gc,phases   ] GC(2616)   Post Evacuate Collection Set: 1.8ms
[2024-05-30T14:04:07.442+0000][12586.862s][info][gc,phases   ] GC(2616)   Other: 0.3ms
[2024-05-30T14:04:07.442+0000][12586.862s][info][gc,heap     ] GC(2616) Eden regions: 873->0(874)
[2024-05-30T14:04:07.442+0000][12586.862s][info][gc,heap     ] GC(2616) Survivor regions: 11->10(111)
[2024-05-30T14:04:07.442+0000][12586.862s][info][gc,heap     ] GC(2616) Old regions: 323->323
[2024-05-30T14:04:07.442+0000][12586.862s][info][gc,heap     ] GC(2616) Archive regions: 2->2
[2024-05-30T14:04:07.442+0000][12586.862s][info][gc,heap     ] GC(2616) Humongous regions: 5->5
[2024-05-30T14:04:07.442+0000][12586.862s][info][gc,metaspace] GC(2616) Metaspace: 433920K(440064K)->433920K(440064K) NonClass: 379919K(383232K)->379919K(383232K) Class: 54001K(56832K)->54001K(56832K)
[2024-05-30T14:04:07.442+0000][12586.862s][info][gc          ] GC(2616) Pause Young (Concurrent Start) (G1 Evacuation Pause) 9693M->2704M(12288M) 24.954ms
[2024-05-30T14:04:07.442+0000][12586.862s][info][gc,cpu      ] GC(2616) User=0.14s Sys=0.00s Real=0.02s
[2024-05-30T14:04:07.443+0000][12586.862s][info][gc          ] GC(2617) Concurrent Mark Cycle
[2024-05-30T14:04:07.443+0000][12586.862s][info][gc,marking  ] GC(2617) Concurrent Clear Claimed Marks
[2024-05-30T14:04:07.443+0000][12586.862s][info][gc,marking  ] GC(2617) Concurrent Clear Claimed Marks 0.401ms
[2024-05-30T14:04:07.443+0000][12586.862s][info][gc,marking  ] GC(2617) Concurrent Scan Root Regions
[2024-05-30T14:04:07.463+0000][12586.883s][info][gc,marking  ] GC(2617) Concurrent Scan Root Regions 20.472ms
[2024-05-30T14:04:07.463+0000][12586.883s][info][gc,marking  ] GC(2617) Concurrent Mark
[2024-05-30T14:04:07.464+0000][12586.883s][info][gc,marking  ] GC(2617) Concurrent Mark From Roots
[2024-05-30T14:04:07.464+0000][12586.883s][info][gc,task     ] GC(2617) Using 2 workers of 2 for marking
[2024-05-30T14:04:10.091+0000][12589.511s][info][gc,marking  ] GC(2617) Concurrent Mark From Roots 2627.825ms
[2024-05-30T14:04:10.091+0000][12589.511s][info][gc,marking  ] GC(2617) Concurrent Preclean
[2024-05-30T14:04:10.093+0000][12589.512s][info][gc,marking  ] GC(2617) Concurrent Preclean 1.759ms
[2024-05-30T14:04:10.093+0000][12589.513s][info][gc,start    ] GC(2617) Pause Remark
[2024-05-30T14:04:10.117+0000][12589.537s][info][gc          ] GC(2617) Pause Remark 5672M->5672M(12288M) 24.160ms
[2024-05-30T14:04:10.117+0000][12589.537s][info][gc,cpu      ] GC(2617) User=0.11s Sys=0.00s Real=0.03s
[2024-05-30T14:04:10.118+0000][12589.537s][info][gc,marking  ] GC(2617) Concurrent Mark 2654.147ms
[2024-05-30T14:04:10.118+0000][12589.537s][info][gc,marking  ] GC(2617) Concurrent Rebuild Remembered Sets
[2024-05-30T14:04:11.597+0000][12591.016s][info][gc,marking  ] GC(2617) Concurrent Rebuild Remembered Sets 1478.953ms
[2024-05-30T14:04:11.597+0000][12591.016s][info][gc,start    ] GC(2617) Pause Cleanup
[2024-05-30T14:04:11.597+0000][12591.017s][info][gc          ] GC(2617) Pause Cleanup 7764M->7764M(12288M) 0.522ms
[2024-05-30T14:04:11.597+0000][12591.017s][info][gc,cpu      ] GC(2617) User=0.00s Sys=0.00s Real=0.00s
[2024-05-30T14:04:11.597+0000][12591.017s][info][gc,marking  ] GC(2617) Concurrent Cleanup for Next Mark
[2024-05-30T14:04:11.614+0000][12591.034s][info][gc,marking  ] GC(2617) Concurrent Cleanup for Next Mark 16.804ms
[2024-05-30T14:04:11.614+0000][12591.034s][info][gc          ] GC(2617) Concurrent Mark Cycle 4171.819ms
[2024-05-30T14:04:13.271+0000][12592.690s][info][gc,start    ] GC(2618) Pause Young (Prepare Mixed) (G1 Evacuation Pause)
[2024-05-30T14:04:13.271+0000][12592.690s][info][gc,task     ] GC(2618) Using 6 workers of 6 for evacuation
[2024-05-30T14:04:13.294+0000][12592.713s][info][gc,phases   ] GC(2618)   Pre Evacuate Collection Set: 0.2ms
[2024-05-30T14:04:13.294+0000][12592.713s][info][gc,phases   ] GC(2618)   Merge Heap Roots: 0.3ms
[2024-05-30T14:04:13.294+0000][12592.713s][info][gc,phases   ] GC(2618)   Evacuate Collection Set: 20.5ms
[2024-05-30T14:04:13.294+0000][12592.713s][info][gc,phases   ] GC(2618)   Post Evacuate Collection Set: 1.8ms
[2024-05-30T14:04:13.294+0000][12592.713s][info][gc,phases   ] GC(2618)   Other: 0.2ms
[2024-05-30T14:04:13.294+0000][12592.713s][info][gc,heap     ] GC(2618) Eden regions: 874->0(65)
[2024-05-30T14:04:13.294+0000][12592.713s][info][gc,heap     ] GC(2618) Survivor regions: 10->11(111)
[2024-05-30T14:04:13.294+0000][12592.713s][info][gc,heap     ] GC(2618) Old regions: 323->323
[2024-05-30T14:04:13.294+0000][12592.713s][info][gc,heap     ] GC(2618) Archive regions: 2->2
[2024-05-30T14:04:13.294+0000][12592.713s][info][gc,heap     ] GC(2618) Humongous regions: 5->5
[2024-05-30T14:04:13.294+0000][12592.713s][info][gc,metaspace] GC(2618) Metaspace: 433920K(440064K)->433920K(440064K) NonClass: 379919K(383232K)->379919K(383232K) Class: 54001K(56832K)->54001K(56832K)
[2024-05-30T14:04:13.294+0000][12592.713s][info][gc          ] GC(2618) Pause Young (Prepare Mixed) (G1 Evacuation Pause) 9696M->2709M(12288M) 23.069ms
[2024-05-30T14:04:13.294+0000][12592.713s][info][gc,cpu      ] GC(2618) User=0.14s Sys=0.00s Real=0.02s
[2024-05-30T14:04:13.751+0000][12593.171s][info][gc,start    ] GC(2619) Pause Young (Mixed) (G1 Evacuation Pause)
[2024-05-30T14:04:13.751+0000][12593.171s][info][gc,task     ] GC(2619) Using 6 workers of 6 for evacuation
[2024-05-30T14:04:13.814+0000][12593.233s][info][gc,phases   ] GC(2619)   Pre Evacuate Collection Set: 0.2ms
[2024-05-30T14:04:13.814+0000][12593.233s][info][gc,phases   ] GC(2619)   Merge Heap Roots: 0.5ms
[2024-05-30T14:04:13.814+0000][12593.233s][info][gc,phases   ] GC(2619)   Evacuate Collection Set: 59.8ms
[2024-05-30T14:04:13.814+0000][12593.233s][info][gc,phases   ] GC(2619)   Post Evacuate Collection Set: 1.7ms
[2024-05-30T14:04:13.814+0000][12593.233s][info][gc,phases   ] GC(2619)   Other: 0.2ms
[2024-05-30T14:04:13.814+0000][12593.233s][info][gc,heap     ] GC(2619) Eden regions: 65->0(881)
[2024-05-30T14:04:13.814+0000][12593.233s][info][gc,heap     ] GC(2619) Survivor regions: 11->4(10)
[2024-05-30T14:04:13.814+0000][12593.233s][info][gc,heap     ] GC(2619) Old regions: 323->322
[2024-05-30T14:04:13.814+0000][12593.233s][info][gc,heap     ] GC(2619) Archive regions: 2->2
[2024-05-30T14:04:13.814+0000][12593.233s][info][gc,heap     ] GC(2619) Humongous regions: 5->5
[2024-05-30T14:04:13.814+0000][12593.233s][info][gc,metaspace] GC(2619) Metaspace: 433920K(440064K)->433920K(440064K) NonClass: 379919K(383232K)->379919K(383232K) Class: 54001K(56832K)->54001K(56832K)
[2024-05-30T14:04:13.814+0000][12593.233s][info][gc          ] GC(2619) Pause Young (Mixed) (G1 Evacuation Pause) 3229M->2645M(12288M) 62.442ms
[2024-05-30T14:04:13.814+0000][12593.233s][info][gc,cpu      ] GC(2619) User=0.36s Sys=0.00s Real=0.06s
[2024-05-30T14:04:19.759+0000][12599.178s][info][gc,start    ] GC(2620) Pause Young (Normal) (G1 Evacuation Pause)
[2024-05-30T14:04:19.759+0000][12599.179s][info][gc,task     ] GC(2620) Using 6 workers of 6 for evacuation
[2024-05-30T14:04:19.773+0000][12599.192s][info][gc,phases   ] GC(2620)   Pre Evacuate Collection Set: 0.2ms
[2024-05-30T14:04:19.773+0000][12599.192s][info][gc,phases   ] GC(2620)   Merge Heap Roots: 0.2ms
[2024-05-30T14:04:19.773+0000][12599.192s][info][gc,phases   ] GC(2620)   Evacuate Collection Set: 11.2ms
[2024-05-30T14:04:19.773+0000][12599.192s][info][gc,phases   ] GC(2620)   Post Evacuate Collection Set: 2.0ms
[2024-05-30T14:04:19.773+0000][12599.192s][info][gc,phases   ] GC(2620)   Other: 0.2ms
[2024-05-30T14:04:19.773+0000][12599.192s][info][gc,heap     ] GC(2620) Eden regions: 881->0(881)
[2024-05-30T14:04:19.773+0000][12599.192s][info][gc,heap     ] GC(2620) Survivor regions: 4->5(111)
[2024-05-30T14:04:19.773+0000][12599.192s][info][gc,heap     ] GC(2620) Old regions: 322->322
[2024-05-30T14:04:19.773+0000][12599.192s][info][gc,heap     ] GC(2620) Archive regions: 2->2
[2024-05-30T14:04:19.773+0000][12599.192s][info][gc,heap     ] GC(2620) Humongous regions: 5->5
[2024-05-30T14:04:19.773+0000][12599.192s][info][gc,metaspace] GC(2620) Metaspace: 433920K(440064K)->433920K(440064K) NonClass: 379919K(383232K)->379919K(383232K) Class: 54001K(56832K)->54001K(56832K)
[2024-05-30T14:04:19.773+0000][12599.192s][info][gc          ] GC(2620) Pause Young (Normal) (G1 Evacuation Pause) 9693M->2652M(12288M) 13.804ms
[2024-05-30T14:04:19.773+0000][12599.192s][info][gc,cpu      ] GC(2620) User=0.08s Sys=0.00s Real=0.01s
[2024-05-30T14:04:25.915+0000][12605.334s][info][gc,start    ] GC(2621) Pause Young (Normal) (G1 Evacuation Pause)
[2024-05-30T14:04:25.915+0000][12605.334s][info][gc,task     ] GC(2621) Using 6 workers of 6 for evacuation
[2024-05-30T14:04:25.931+0000][12605.351s][info][gc,phases   ] GC(2621)   Pre Evacuate Collection Set: 0.2ms
[2024-05-30T14:04:25.931+0000][12605.351s][info][gc,phases   ] GC(2621)   Merge Heap Roots: 0.2ms
[2024-05-30T14:04:25.931+0000][12605.351s][info][gc,phases   ] GC(2621)   Evacuate Collection Set: 13.7ms
[2024-05-30T14:04:25.931+0000][12605.351s][info][gc,phases   ] GC(2621)   Post Evacuate Collection Set: 2.0ms
[2024-05-30T14:04:25.931+0000][12605.351s][info][gc,phases   ] GC(2621)   Other: 0.2ms
[2024-05-30T14:04:25.931+0000][12605.351s][info][gc,heap     ] GC(2621) Eden regions: 881->0(876)
[2024-05-30T14:04:25.931+0000][12605.351s][info][gc,heap     ] GC(2621) Survivor regions: 5->9(111)
[2024-05-30T14:04:25.931+0000][12605.351s][info][gc,heap     ] GC(2621) Old regions: 322->322
[2024-05-30T14:04:25.931+0000][12605.351s][info][gc,heap     ] GC(2621) Archive regions: 2->2
[2024-05-30T14:04:25.931+0000][12605.351s][info][gc,heap     ] GC(2621) Humongous regions: 5->5
[2024-05-30T14:04:25.931+0000][12605.351s][info][gc,metaspace] GC(2621) Metaspace: 433920K(440064K)->433920K(440064K) NonClass: 379919K(383232K)->379919K(383232K) Class: 54001K(56832K)->54001K(56832K)
[2024-05-30T14:04:25.932+0000][12605.351s][info][gc          ] GC(2621) Pause Young (Normal) (G1 Evacuation Pause) 9700M->2684M(12288M) 16.349ms
[2024-05-30T14:04:25.932+0000][12605.351s][info][gc,cpu      ] GC(2621) User=0.09s Sys=0.00s Real=0.02s
[2024-05-30T14:04:31.791+0000][12611.210s][info][gc,start    ] GC(2622) Pause Young (Concurrent Start) (G1 Evacuation Pause)
[2024-05-30T14:04:31.791+0000][12611.210s][info][gc,task     ] GC(2622) Using 6 workers of 6 for evacuation
[2024-05-30T14:04:31.809+0000][12611.228s][info][gc,phases   ] GC(2622)   Pre Evacuate Collection Set: 0.5ms
[2024-05-30T14:04:31.809+0000][12611.228s][info][gc,phases   ] GC(2622)   Merge Heap Roots: 0.2ms
[2024-05-30T14:04:31.809+0000][12611.228s][info][gc,phases   ] GC(2622)   Evacuate Collection Set: 15.7ms
[2024-05-30T14:04:31.809+0000][12611.228s][info][gc,phases   ] GC(2622)   Post Evacuate Collection Set: 1.8ms
[2024-05-30T14:04:31.809+0000][12611.228s][info][gc,phases   ] GC(2622)   Other: 0.3ms
[2024-05-30T14:04:31.809+0000][12611.228s][info][gc,heap     ] GC(2622) Eden regions: 876->0(876)
[2024-05-30T14:04:31.809+0000][12611.228s][info][gc,heap     ] GC(2622) Survivor regions: 9->9(111)
[2024-05-30T14:04:31.809+0000][12611.228s][info][gc,heap     ] GC(2622) Old regions: 322->322
[2024-05-30T14:04:31.809+0000][12611.228s][info][gc,heap     ] GC(2622) Archive regions: 2->2
[2024-05-30T14:04:31.809+0000][12611.228s][info][gc,heap     ] GC(2622) Humongous regions: 5->5
[2024-05-30T14:04:31.809+0000][12611.228s][info][gc,metaspace] GC(2622) Metaspace: 433920K(440064K)->433920K(440064K) NonClass: 379919K(383232K)->379919K(383232K) Class: 54001K(56832K)->54001K(56832K)
[2024-05-30T14:04:31.809+0000][12611.228s][info][gc          ] GC(2622) Pause Young (Concurrent Start) (G1 Evacuation Pause) 9692M->2679M(12288M) 18.545ms
[2024-05-30T14:04:31.809+0000][12611.228s][info][gc,cpu      ] GC(2622) User=0.11s Sys=0.00s Real=0.02s
[2024-05-30T14:04:31.809+0000][12611.228s][info][gc          ] GC(2623) Concurrent Mark Cycle
[2024-05-30T14:04:31.809+0000][12611.228s][info][gc,marking  ] GC(2623) Concurrent Clear Claimed Marks
[2024-05-30T14:04:31.810+0000][12611.229s][info][gc,marking  ] GC(2623) Concurrent Clear Claimed Marks 0.367ms
[2024-05-30T14:04:31.810+0000][12611.229s][info][gc,marking  ] GC(2623) Concurrent Scan Root Regions
[2024-05-30T14:04:31.826+0000][12611.246s][info][gc,marking  ] GC(2623) Concurrent Scan Root Regions 16.911ms
[2024-05-30T14:04:31.826+0000][12611.246s][info][gc,marking  ] GC(2623) Concurrent Mark
[2024-05-30T14:04:31.826+0000][12611.246s][info][gc,marking  ] GC(2623) Concurrent Mark From Roots
[2024-05-30T14:04:31.826+0000][12611.246s][info][gc,task     ] GC(2623) Using 2 workers of 2 for marking
[2024-05-30T14:04:34.255+0000][12613.675s][info][gc,marking  ] GC(2623) Concurrent Mark From Roots 2428.950ms
[2024-05-30T14:04:34.255+0000][12613.675s][info][gc,marking  ] GC(2623) Concurrent Preclean
[2024-05-30T14:04:34.257+0000][12613.676s][info][gc,marking  ] GC(2623) Concurrent Preclean 1.348ms
[2024-05-30T14:04:34.257+0000][12613.676s][info][gc,start    ] GC(2623) Pause Remark
[2024-05-30T14:04:34.281+0000][12613.700s][info][gc          ] GC(2623) Pause Remark 5115M->5115M(12288M) 24.237ms
[2024-05-30T14:04:34.281+0000][12613.701s][info][gc,cpu      ] GC(2623) User=0.11s Sys=0.00s Real=0.02s
[2024-05-30T14:04:34.281+0000][12613.701s][info][gc,marking  ] GC(2623) Concurrent Mark 2454.922ms
[2024-05-30T14:04:34.281+0000][12613.701s][info][gc,marking  ] GC(2623) Concurrent Rebuild Remembered Sets
[2024-05-30T14:04:35.589+0000][12615.008s][info][gc,marking  ] GC(2623) Concurrent Rebuild Remembered Sets 1307.497ms
[2024-05-30T14:04:35.589+0000][12615.008s][info][gc,start    ] GC(2623) Pause Cleanup
[2024-05-30T14:04:35.590+0000][12615.009s][info][gc          ] GC(2623) Pause Cleanup 6531M->6531M(12288M) 0.485ms
[2024-05-30T14:04:35.590+0000][12615.009s][info][gc,cpu      ] GC(2623) User=0.00s Sys=0.00s Real=0.00s
[2024-05-30T14:04:35.590+0000][12615.009s][info][gc,marking  ] GC(2623) Concurrent Cleanup for Next Mark
[2024-05-30T14:04:35.608+0000][12615.027s][info][gc,marking  ] GC(2623) Concurrent Cleanup for Next Mark 18.226ms
[2024-05-30T14:04:35.608+0000][12615.027s][info][gc          ] GC(2623) Concurrent Mark Cycle 3798.880ms
[2024-05-30T14:04:38.272+0000][12617.691s][info][gc,start    ] GC(2624) Pause Young (Prepare Mixed) (G1 Evacuation Pause)
[2024-05-30T14:04:38.272+0000][12617.691s][info][gc,task     ] GC(2624) Using 6 workers of 6 for evacuation
[2024-05-30T14:04:38.295+0000][12617.715s][info][gc,phases   ] GC(2624)   Pre Evacuate Collection Set: 0.2ms
[2024-05-30T14:04:38.295+0000][12617.715s][info][gc,phases   ] GC(2624)   Merge Heap Roots: 0.3ms
[2024-05-30T14:04:38.295+0000][12617.715s][info][gc,phases   ] GC(2624)   Evacuate Collection Set: 20.8ms
[2024-05-30T14:04:38.295+0000][12617.715s][info][gc,phases   ] GC(2624)   Post Evacuate Collection Set: 1.8ms
[2024-05-30T14:04:38.295+0000][12617.715s][info][gc,phases   ] GC(2624)   Other: 0.2ms
[2024-05-30T14:04:38.295+0000][12617.715s][info][gc,heap     ] GC(2624) Eden regions: 876->0(67)
[2024-05-30T14:04:38.295+0000][12617.715s][info][gc,heap     ] GC(2624) Survivor regions: 9->9(111)
[2024-05-30T14:04:38.295+0000][12617.715s][info][gc,heap     ] GC(2624) Old regions: 322->322
[2024-05-30T14:04:38.295+0000][12617.715s][info][gc,heap     ] GC(2624) Archive regions: 2->2
[2024-05-30T14:04:38.295+0000][12617.715s][info][gc,heap     ] GC(2624) Humongous regions: 5->5
[2024-05-30T14:04:38.295+0000][12617.715s][info][gc,metaspace] GC(2624) Metaspace: 433920K(440064K)->433920K(440064K) NonClass: 379919K(383232K)->379919K(383232K) Class: 54001K(56832K)->54001K(56832K)
[2024-05-30T14:04:38.296+0000][12617.715s][info][gc          ] GC(2624) Pause Young (Prepare Mixed) (G1 Evacuation Pause) 9687M->2685M(12288M) 23.392ms
[2024-05-30T14:04:38.296+0000][12617.715s][info][gc,cpu      ] GC(2624) User=0.13s Sys=0.01s Real=0.02s
[2024-05-30T14:04:38.747+0000][12618.166s][info][gc,start    ] GC(2625) Pause Young (Mixed) (G1 Evacuation Pause)
[2024-05-30T14:04:38.747+0000][12618.166s][info][gc,task     ] GC(2625) Using 6 workers of 6 for evacuation
[2024-05-30T14:04:38.802+0000][12618.222s][info][gc,phases   ] GC(2625)   Pre Evacuate Collection Set: 0.2ms
[2024-05-30T14:04:38.802+0000][12618.222s][info][gc,phases   ] GC(2625)   Merge Heap Roots: 0.5ms
[2024-05-30T14:04:38.802+0000][12618.222s][info][gc,phases   ] GC(2625)   Evacuate Collection Set: 53.2ms
[2024-05-30T14:04:38.802+0000][12618.222s][info][gc,phases   ] GC(2625)   Post Evacuate Collection Set: 1.4ms
[2024-05-30T14:04:38.802+0000][12618.222s][info][gc,phases   ] GC(2625)   Other: 0.2ms
[2024-05-30T14:04:38.802+0000][12618.222s][info][gc,heap     ] GC(2625) Eden regions: 67->0(885)
[2024-05-30T14:04:38.802+0000][12618.222s][info][gc,heap     ] GC(2625) Survivor regions: 9->5(10)
[2024-05-30T14:04:38.802+0000][12618.222s][info][gc,heap     ] GC(2625) Old regions: 322->318
[2024-05-30T14:04:38.802+0000][12618.222s][info][gc,heap     ] GC(2625) Archive regions: 2->2
[2024-05-30T14:04:38.802+0000][12618.222s][info][gc,heap     ] GC(2625) Humongous regions: 5->5
[2024-05-30T14:04:38.802+0000][12618.222s][info][gc,metaspace] GC(2625) Metaspace: 433920K(440064K)->433920K(440064K) NonClass: 379919K(383232K)->379919K(383232K) Class: 54001K(56832K)->54001K(56832K)
[2024-05-30T14:04:38.803+0000][12618.222s][info][gc          ] GC(2625) Pause Young (Mixed) (G1 Evacuation Pause) 3221M->2627M(12288M) 55.510ms
[2024-05-30T14:04:38.803+0000][12618.222s][info][gc,cpu      ] GC(2625) User=0.33s Sys=0.00s Real=0.06s
[2024-05-30T14:04:44.816+0000][12624.235s][info][gc,start    ] GC(2626) Pause Young (Normal) (G1 Evacuation Pause)
[2024-05-30T14:04:44.816+0000][12624.235s][info][gc,task     ] GC(2626) Using 6 workers of 6 for evacuation
[2024-05-30T14:04:44.832+0000][12624.251s][info][gc,phases   ] GC(2626)   Pre Evacuate Collection Set: 0.2ms
[2024-05-30T14:04:44.832+0000][12624.251s][info][gc,phases   ] GC(2626)   Merge Heap Roots: 0.3ms
[2024-05-30T14:04:44.832+0000][12624.251s][info][gc,phases   ] GC(2626)   Evacuate Collection Set: 13.1ms
[2024-05-30T14:04:44.832+0000][12624.251s][info][gc,phases   ] GC(2626)   Post Evacuate Collection Set: 1.8ms
[2024-05-30T14:04:44.832+0000][12624.251s][info][gc,phases   ] GC(2626)   Other: 0.2ms
[2024-05-30T14:04:44.832+0000][12624.251s][info][gc,heap     ] GC(2626) Eden regions: 885->0(883)
[2024-05-30T14:04:44.832+0000][12624.251s][info][gc,heap     ] GC(2626) Survivor regions: 5->7(112)
[2024-05-30T14:04:44.832+0000][12624.251s][info][gc,heap     ] GC(2626) Old regions: 318->318
[2024-05-30T14:04:44.832+0000][12624.251s][info][gc,heap     ] GC(2626) Archive regions: 2->2
[2024-05-30T14:04:44.832+0000][12624.251s][info][gc,heap     ] GC(2626) Humongous regions: 5->5
[2024-05-30T14:04:44.832+0000][12624.251s][info][gc,metaspace] GC(2626) Metaspace: 433920K(440064K)->433920K(440064K) NonClass: 379919K(383232K)->379919K(383232K) Class: 54001K(56832K)->54001K(56832K)
[2024-05-30T14:04:44.832+0000][12624.251s][info][gc          ] GC(2626) Pause Young (Normal) (G1 Evacuation Pause) 9707M->2642M(12288M) 15.634ms
[2024-05-30T14:04:44.832+0000][12624.251s][info][gc,cpu      ] GC(2626) User=0.09s Sys=0.01s Real=0.02s
[2024-05-30T14:04:50.860+0000][12630.279s][info][gc,start    ] GC(2627) Pause Young (Normal) (G1 Evacuation Pause)
[2024-05-30T14:04:50.860+0000][12630.279s][info][gc,task     ] GC(2627) Using 6 workers of 6 for evacuation
[2024-05-30T14:04:50.879+0000][12630.298s][info][gc,phases   ] GC(2627)   Pre Evacuate Collection Set: 0.2ms
[2024-05-30T14:04:50.879+0000][12630.298s][info][gc,phases   ] GC(2627)   Merge Heap Roots: 0.2ms
[2024-05-30T14:04:50.879+0000][12630.298s][info][gc,phases   ] GC(2627)   Evacuate Collection Set: 16.1ms
[2024-05-30T14:04:50.879+0000][12630.298s][info][gc,phases   ] GC(2627)   Post Evacuate Collection Set: 1.8ms
[2024-05-30T14:04:50.879+0000][12630.298s][info][gc,phases   ] GC(2627)   Other: 0.2ms
[2024-05-30T14:04:50.879+0000][12630.298s][info][gc,heap     ] GC(2627) Eden regions: 883->0(880)
[2024-05-30T14:04:50.879+0000][12630.298s][info][gc,heap     ] GC(2627) Survivor regions: 7->10(112)
[2024-05-30T14:04:50.879+0000][12630.298s][info][gc,heap     ] GC(2627) Old regions: 318->318
[2024-05-30T14:04:50.879+0000][12630.298s][info][gc,heap     ] GC(2627) Archive regions: 2->2
[2024-05-30T14:04:50.879+0000][12630.298s][info][gc,heap     ] GC(2627) Humongous regions: 5->5
[2024-05-30T14:04:50.879+0000][12630.298s][info][gc,metaspace] GC(2627) Metaspace: 433920K(440064K)->433920K(440064K) NonClass: 379919K(383232K)->379919K(383232K) Class: 54001K(56832K)->54001K(56832K)
[2024-05-30T14:04:50.879+0000][12630.298s][info][gc          ] GC(2627) Pause Young (Normal) (G1 Evacuation Pause) 9706M->2663M(12288M) 18.544ms
[2024-05-30T14:04:50.879+0000][12630.298s][info][gc,cpu      ] GC(2627) User=0.11s Sys=0.00s Real=0.02s
[2024-05-30T14:04:56.813+0000][12636.233s][info][gc,start    ] GC(2628) Pause Young (Concurrent Start) (G1 Evacuation Pause)
[2024-05-30T14:04:56.813+0000][12636.233s][info][gc,task     ] GC(2628) Using 6 workers of 6 for evacuation
[2024-05-30T14:04:56.835+0000][12636.254s][info][gc,phases   ] GC(2628)   Pre Evacuate Collection Set: 0.5ms
[2024-05-30T14:04:56.835+0000][12636.254s][info][gc,phases   ] GC(2628)   Merge Heap Roots: 0.2ms
[2024-05-30T14:04:56.835+0000][12636.254s][info][gc,phases   ] GC(2628)   Evacuate Collection Set: 18.7ms
[2024-05-30T14:04:56.835+0000][12636.254s][info][gc,phases   ] GC(2628)   Post Evacuate Collection Set: 2.0ms
[2024-05-30T14:04:56.835+0000][12636.254s][info][gc,phases   ] GC(2628)   Other: 0.3ms
[2024-05-30T14:04:56.835+0000][12636.254s][info][gc,heap     ] GC(2628) Eden regions: 880->0(878)
[2024-05-30T14:04:56.835+0000][12636.254s][info][gc,heap     ] GC(2628) Survivor regions: 10->11(112)
[2024-05-30T14:04:56.835+0000][12636.254s][info][gc,heap     ] GC(2628) Old regions: 318->318
[2024-05-30T14:04:56.835+0000][12636.254s][info][gc,heap     ] GC(2628) Archive regions: 2->2
[2024-05-30T14:04:56.835+0000][12636.254s][info][gc,heap     ] GC(2628) Humongous regions: 5->5
[2024-05-30T14:04:56.835+0000][12636.254s][info][gc,metaspace] GC(2628) Metaspace: 433920K(440064K)->433920K(440064K) NonClass: 379919K(383232K)->379919K(383232K) Class: 54001K(56832K)->54001K(56832K)
[2024-05-30T14:04:56.835+0000][12636.254s][info][gc          ] GC(2628) Pause Young (Concurrent Start) (G1 Evacuation Pause) 9703M->2671M(12288M) 21.764ms
[2024-05-30T14:04:56.835+0000][12636.254s][info][gc,cpu      ] GC(2628) User=0.12s Sys=0.00s Real=0.02s
[2024-05-30T14:04:56.835+0000][12636.254s][info][gc          ] GC(2629) Concurrent Mark Cycle
[2024-05-30T14:04:56.835+0000][12636.254s][info][gc,marking  ] GC(2629) Concurrent Clear Claimed Marks
[2024-05-30T14:04:56.836+0000][12636.255s][info][gc,marking  ] GC(2629) Concurrent Clear Claimed Marks 0.373ms
[2024-05-30T14:04:56.836+0000][12636.255s][info][gc,marking  ] GC(2629) Concurrent Scan Root Regions
[2024-05-30T14:04:56.853+0000][12636.272s][info][gc,marking  ] GC(2629) Concurrent Scan Root Regions 16.977ms
[2024-05-30T14:04:56.853+0000][12636.272s][info][gc,marking  ] GC(2629) Concurrent Mark
[2024-05-30T14:04:56.853+0000][12636.272s][info][gc,marking  ] GC(2629) Concurrent Mark From Roots
[2024-05-30T14:04:56.853+0000][12636.272s][info][gc,task     ] GC(2629) Using 2 workers of 2 for marking
[2024-05-30T14:04:59.188+0000][12638.607s][info][gc,marking  ] GC(2629) Concurrent Mark From Roots 2335.484ms
[2024-05-30T14:04:59.188+0000][12638.607s][info][gc,marking  ] GC(2629) Concurrent Preclean
[2024-05-30T14:04:59.190+0000][12638.609s][info][gc,marking  ] GC(2629) Concurrent Preclean 1.458ms
[2024-05-30T14:04:59.190+0000][12638.609s][info][gc,start    ] GC(2629) Pause Remark
[2024-05-30T14:04:59.214+0000][12638.633s][info][gc          ] GC(2629) Pause Remark 4955M->4955M(12288M) 24.083ms
[2024-05-30T14:04:59.214+0000][12638.633s][info][gc,cpu      ] GC(2629) User=0.10s Sys=0.00s Real=0.02s
[2024-05-30T14:04:59.214+0000][12638.633s][info][gc,marking  ] GC(2629) Concurrent Mark 2361.490ms
[2024-05-30T14:04:59.214+0000][12638.633s][info][gc,marking  ] GC(2629) Concurrent Rebuild Remembered Sets
[2024-05-30T14:05:00.556+0000][12639.976s][info][gc,marking  ] GC(2629) Concurrent Rebuild Remembered Sets 1342.343ms
[2024-05-30T14:05:00.557+0000][12639.976s][info][gc,start    ] GC(2629) Pause Cleanup
[2024-05-30T14:05:00.557+0000][12639.976s][info][gc          ] GC(2629) Pause Cleanup 6295M->6295M(12288M) 0.540ms
[2024-05-30T14:05:00.557+0000][12639.977s][info][gc,cpu      ] GC(2629) User=0.00s Sys=0.00s Real=0.00s
[2024-05-30T14:05:00.557+0000][12639.977s][info][gc,marking  ] GC(2629) Concurrent Cleanup for Next Mark
[2024-05-30T14:05:00.575+0000][12639.994s][info][gc,marking  ] GC(2629) Concurrent Cleanup for Next Mark 17.342ms
[2024-05-30T14:05:00.575+0000][12639.994s][info][gc          ] GC(2629) Concurrent Mark Cycle 3739.577ms
[2024-05-30T14:05:03.466+0000][12642.885s][info][gc,start    ] GC(2630) Pause Young (Prepare Mixed) (G1 Evacuation Pause)
[2024-05-30T14:05:03.466+0000][12642.885s][info][gc,task     ] GC(2630) Using 6 workers of 6 for evacuation
[2024-05-30T14:05:03.491+0000][12642.911s][info][gc,phases   ] GC(2630)   Pre Evacuate Collection Set: 0.2ms
[2024-05-30T14:05:03.491+0000][12642.911s][info][gc,phases   ] GC(2630)   Merge Heap Roots: 0.3ms
[2024-05-30T14:05:03.491+0000][12642.911s][info][gc,phases   ] GC(2630)   Evacuate Collection Set: 22.9ms
[2024-05-30T14:05:03.491+0000][12642.911s][info][gc,phases   ] GC(2630)   Post Evacuate Collection Set: 1.9ms
[2024-05-30T14:05:03.491+0000][12642.911s][info][gc,phases   ] GC(2630)   Other: 0.2ms
[2024-05-30T14:05:03.491+0000][12642.911s][info][gc,heap     ] GC(2630) Eden regions: 878->0(63)
[2024-05-30T14:05:03.491+0000][12642.911s][info][gc,heap     ] GC(2630) Survivor regions: 11->13(112)
[2024-05-30T14:05:03.491+0000][12642.911s][info][gc,heap     ] GC(2630) Old regions: 318->318
[2024-05-30T14:05:03.491+0000][12642.911s][info][gc,heap     ] GC(2630) Archive regions: 2->2
[2024-05-30T14:05:03.491+0000][12642.911s][info][gc,heap     ] GC(2630) Humongous regions: 5->5
[2024-05-30T14:05:03.491+0000][12642.911s][info][gc,metaspace] GC(2630) Metaspace: 433921K(440064K)->433921K(440064K) NonClass: 379920K(383232K)->379920K(383232K) Class: 54001K(56832K)->54001K(56832K)
[2024-05-30T14:05:03.491+0000][12642.911s][info][gc          ] GC(2630) Pause Young (Prepare Mixed) (G1 Evacuation Pause) 9695M->2685M(12288M) 25.550ms
[2024-05-30T14:05:03.492+0000][12642.911s][info][gc,cpu      ] GC(2630) User=0.15s Sys=0.00s Real=0.03s
[2024-05-30T14:05:03.921+0000][12643.341s][info][gc,start    ] GC(2631) Pause Young (Mixed) (G1 Evacuation Pause)
[2024-05-30T14:05:03.921+0000][12643.341s][info][gc,task     ] GC(2631) Using 6 workers of 6 for evacuation
[2024-05-30T14:05:03.977+0000][12643.396s][info][gc,phases   ] GC(2631)   Pre Evacuate Collection Set: 0.2ms
[2024-05-30T14:05:03.977+0000][12643.396s][info][gc,phases   ] GC(2631)   Merge Heap Roots: 0.3ms
[2024-05-30T14:05:03.977+0000][12643.396s][info][gc,phases   ] GC(2631)   Evacuate Collection Set: 53.8ms
[2024-05-30T14:05:03.977+0000][12643.396s][info][gc,phases   ] GC(2631)   Post Evacuate Collection Set: 1.3ms
[2024-05-30T14:05:03.977+0000][12643.396s][info][gc,phases   ] GC(2631)   Other: 0.2ms
[2024-05-30T14:05:03.977+0000][12643.396s][info][gc,heap     ] GC(2631) Eden regions: 63->0(883)
[2024-05-30T14:05:03.977+0000][12643.397s][info][gc,heap     ] GC(2631) Survivor regions: 13->5(10)
[2024-05-30T14:05:03.977+0000][12643.397s][info][gc,heap     ] GC(2631) Old regions: 318->319
[2024-05-30T14:05:03.977+0000][12643.397s][info][gc,heap     ] GC(2631) Archive regions: 2->2
[2024-05-30T14:05:03.977+0000][12643.397s][info][gc,heap     ] GC(2631) Humongous regions: 5->5
[2024-05-30T14:05:03.977+0000][12643.397s][info][gc,metaspace] GC(2631) Metaspace: 433921K(440064K)->433921K(440064K) NonClass: 379920K(383232K)->379920K(383232K) Class: 54001K(56832K)->54001K(56832K)
[2024-05-30T14:05:03.977+0000][12643.397s][info][gc          ] GC(2631) Pause Young (Mixed) (G1 Evacuation Pause) 3189M->2632M(12288M) 55.897ms
[2024-05-30T14:05:03.977+0000][12643.397s][info][gc,cpu      ] GC(2631) User=0.33s Sys=0.00s Real=0.06s
[2024-05-30T14:05:09.471+0000][12648.891s][info][gc,start    ] GC(2632) Pause Young (Normal) (G1 Evacuation Pause)
[2024-05-30T14:05:09.471+0000][12648.891s][info][gc,task     ] GC(2632) Using 6 workers of 6 for evacuation
[2024-05-30T14:05:09.484+0000][12648.903s][info][gc,phases   ] GC(2632)   Pre Evacuate Collection Set: 0.2ms
[2024-05-30T14:05:09.484+0000][12648.903s][info][gc,phases   ] GC(2632)   Merge Heap Roots: 0.2ms
[2024-05-30T14:05:09.484+0000][12648.903s][info][gc,phases   ] GC(2632)   Evacuate Collection Set: 10.5ms
[2024-05-30T14:05:09.484+0000][12648.903s][info][gc,phases   ] GC(2632)   Post Evacuate Collection Set: 1.8ms
[2024-05-30T14:05:09.484+0000][12648.903s][info][gc,phases   ] GC(2632)   Other: 0.2ms
[2024-05-30T14:05:09.484+0000][12648.903s][info][gc,heap     ] GC(2632) Eden regions: 883->0(882)
[2024-05-30T14:05:09.484+0000][12648.903s][info][gc,heap     ] GC(2632) Survivor regions: 5->6(111)
[2024-05-30T14:05:09.484+0000][12648.903s][info][gc,heap     ] GC(2632) Old regions: 319->319
[2024-05-30T14:05:09.484+0000][12648.903s][info][gc,heap     ] GC(2632) Archive regions: 2->2
[2024-05-30T14:05:09.484+0000][12648.903s][info][gc,heap     ] GC(2632) Humongous regions: 5->5
[2024-05-30T14:05:09.484+0000][12648.903s][info][gc,metaspace] GC(2632) Metaspace: 433921K(440064K)->433921K(440064K) NonClass: 379920K(383232K)->379920K(383232K) Class: 54001K(56832K)->54001K(56832K)
[2024-05-30T14:05:09.484+0000][12648.903s][info][gc          ] GC(2632) Pause Young (Normal) (G1 Evacuation Pause) 9696M->2634M(12288M) 12.938ms
[2024-05-30T14:05:09.484+0000][12648.904s][info][gc,cpu      ] GC(2632) User=0.07s Sys=0.00s Real=0.01s
[2024-05-30T14:05:15.466+0000][12654.885s][info][gc,start    ] GC(2633) Pause Young (Normal) (G1 Evacuation Pause)
[2024-05-30T14:05:15.466+0000][12654.885s][info][gc,task     ] GC(2633) Using 6 workers of 6 for evacuation
[2024-05-30T14:05:15.481+0000][12654.900s][info][gc,phases   ] GC(2633)   Pre Evacuate Collection Set: 0.2ms
[2024-05-30T14:05:15.481+0000][12654.900s][info][gc,phases   ] GC(2633)   Merge Heap Roots: 0.3ms
[2024-05-30T14:05:15.481+0000][12654.900s][info][gc,phases   ] GC(2633)   Evacuate Collection Set: 12.7ms
[2024-05-30T14:05:15.481+0000][12654.900s][info][gc,phases   ] GC(2633)   Post Evacuate Collection Set: 1.8ms
[2024-05-30T14:05:15.481+0000][12654.900s][info][gc,phases   ] GC(2633)   Other: 0.2ms
[2024-05-30T14:05:15.481+0000][12654.900s][info][gc,heap     ] GC(2633) Eden regions: 882->0(883)
[2024-05-30T14:05:15.481+0000][12654.900s][info][gc,heap     ] GC(2633) Survivor regions: 6->6(111)
[2024-05-30T14:05:15.481+0000][12654.900s][info][gc,heap     ] GC(2633) Old regions: 319->319
[2024-05-30T14:05:15.481+0000][12654.900s][info][gc,heap     ] GC(2633) Archive regions: 2->2
[2024-05-30T14:05:15.481+0000][12654.900s][info][gc,heap     ] GC(2633) Humongous regions: 5->5
[2024-05-30T14:05:15.481+0000][12654.900s][info][gc,metaspace] GC(2633) Metaspace: 433921K(440064K)->433921K(440064K) NonClass: 379920K(383232K)->379920K(383232K) Class: 54001K(56832K)->54001K(56832K)
[2024-05-30T14:05:15.481+0000][12654.900s][info][gc          ] GC(2633) Pause Young (Normal) (G1 Evacuation Pause) 9690M->2638M(12288M) 15.184ms
[2024-05-30T14:05:15.481+0000][12654.900s][info][gc,cpu      ] GC(2633) User=0.08s Sys=0.00s Real=0.02s
[2024-05-30T14:05:21.463+0000][12660.883s][info][gc,start    ] GC(2634) Pause Young (Concurrent Start) (G1 Evacuation Pause)
[2024-05-30T14:05:21.463+0000][12660.883s][info][gc,task     ] GC(2634) Using 6 workers of 6 for evacuation
[2024-05-30T14:05:21.483+0000][12660.902s][info][gc,phases   ] GC(2634)   Pre Evacuate Collection Set: 0.5ms
[2024-05-30T14:05:21.483+0000][12660.902s][info][gc,phases   ] GC(2634)   Merge Heap Roots: 0.2ms
[2024-05-30T14:05:21.483+0000][12660.902s][info][gc,phases   ] GC(2634)   Evacuate Collection Set: 16.6ms
[2024-05-30T14:05:21.483+0000][12660.902s][info][gc,phases   ] GC(2634)   Post Evacuate Collection Set: 1.7ms
[2024-05-30T14:05:21.483+0000][12660.902s][info][gc,phases   ] GC(2634)   Other: 0.3ms
[2024-05-30T14:05:21.483+0000][12660.902s][info][gc,heap     ] GC(2634) Eden regions: 883->0(880)
[2024-05-30T14:05:21.483+0000][12660.902s][info][gc,heap     ] GC(2634) Survivor regions: 6->9(112)
[2024-05-30T14:05:21.483+0000][12660.902s][info][gc,heap     ] GC(2634) Old regions: 319->319
[2024-05-30T14:05:21.483+0000][12660.902s][info][gc,heap     ] GC(2634) Archive regions: 2->2
[2024-05-30T14:05:21.483+0000][12660.902s][info][gc,heap     ] GC(2634) Humongous regions: 5->5
[2024-05-30T14:05:21.483+0000][12660.902s][info][gc,metaspace] GC(2634) Metaspace: 433921K(440064K)->433921K(440064K) NonClass: 379920K(383232K)->379920K(383232K) Class: 54001K(56832K)->54001K(56832K)
[2024-05-30T14:05:21.483+0000][12660.902s][info][gc          ] GC(2634) Pause Young (Concurrent Start) (G1 Evacuation Pause) 9702M->2662M(12288M) 19.515ms
[2024-05-30T14:05:21.483+0000][12660.902s][info][gc,cpu      ] GC(2634) User=0.11s Sys=0.00s Real=0.02s
[2024-05-30T14:05:21.483+0000][12660.902s][info][gc          ] GC(2635) Concurrent Mark Cycle
[2024-05-30T14:05:21.483+0000][12660.902s][info][gc,marking  ] GC(2635) Concurrent Clear Claimed Marks
[2024-05-30T14:05:21.483+0000][12660.902s][info][gc,marking  ] GC(2635) Concurrent Clear Claimed Marks 0.367ms
[2024-05-30T14:05:21.483+0000][12660.903s][info][gc,marking  ] GC(2635) Concurrent Scan Root Regions
[2024-05-30T14:05:21.500+0000][12660.920s][info][gc,marking  ] GC(2635) Concurrent Scan Root Regions 17.092ms
[2024-05-30T14:05:21.500+0000][12660.920s][info][gc,marking  ] GC(2635) Concurrent Mark
[2024-05-30T14:05:21.500+0000][12660.920s][info][gc,marking  ] GC(2635) Concurrent Mark From Roots
[2024-05-30T14:05:21.500+0000][12660.920s][info][gc,task     ] GC(2635) Using 2 workers of 2 for marking
[2024-05-30T14:05:23.915+0000][12663.335s][info][gc,marking  ] GC(2635) Concurrent Mark From Roots 2414.998ms
[2024-05-30T14:05:23.915+0000][12663.335s][info][gc,marking  ] GC(2635) Concurrent Preclean
[2024-05-30T14:05:23.917+0000][12663.337s][info][gc,marking  ] GC(2635) Concurrent Preclean 1.865ms
[2024-05-30T14:05:23.918+0000][12663.337s][info][gc,start    ] GC(2635) Pause Remark
[2024-05-30T14:05:23.942+0000][12663.361s][info][gc          ] GC(2635) Pause Remark 5126M->5122M(12288M) 24.583ms
[2024-05-30T14:05:23.942+0000][12663.361s][info][gc,cpu      ] GC(2635) User=0.10s Sys=0.00s Real=0.02s
[2024-05-30T14:05:23.942+0000][12663.362s][info][gc,marking  ] GC(2635) Concurrent Mark 2441.992ms
[2024-05-30T14:05:23.942+0000][12663.362s][info][gc,marking  ] GC(2635) Concurrent Rebuild Remembered Sets
[2024-05-30T14:05:25.199+0000][12664.619s][info][gc,marking  ] GC(2635) Concurrent Rebuild Remembered Sets 1257.048ms
[2024-05-30T14:05:25.200+0000][12664.619s][info][gc,start    ] GC(2635) Pause Cleanup
[2024-05-30T14:05:25.200+0000][12664.619s][info][gc          ] GC(2635) Pause Cleanup 6482M->6482M(12288M) 0.505ms
[2024-05-30T14:05:25.200+0000][12664.619s][info][gc,cpu      ] GC(2635) User=0.00s Sys=0.00s Real=0.00s
[2024-05-30T14:05:25.200+0000][12664.620s][info][gc,marking  ] GC(2635) Concurrent Cleanup for Next Mark
[2024-05-30T14:05:25.217+0000][12664.637s][info][gc,marking  ] GC(2635) Concurrent Cleanup for Next Mark 17.127ms
[2024-05-30T14:05:25.218+0000][12664.637s][info][gc          ] GC(2635) Concurrent Mark Cycle 3734.667ms
[2024-05-30T14:05:27.975+0000][12667.394s][info][gc,start    ] GC(2636) Pause Young (Prepare Mixed) (G1 Evacuation Pause)
[2024-05-30T14:05:27.975+0000][12667.394s][info][gc,task     ] GC(2636) Using 6 workers of 6 for evacuation
[2024-05-30T14:05:28.000+0000][12667.419s][info][gc,phases   ] GC(2636)   Pre Evacuate Collection Set: 0.2ms
[2024-05-30T14:05:28.000+0000][12667.419s][info][gc,phases   ] GC(2636)   Merge Heap Roots: 0.3ms
[2024-05-30T14:05:28.000+0000][12667.419s][info][gc,phases   ] GC(2636)   Evacuate Collection Set: 21.9ms
[2024-05-30T14:05:28.000+0000][12667.419s][info][gc,phases   ] GC(2636)   Post Evacuate Collection Set: 2.0ms
[2024-05-30T14:05:28.000+0000][12667.419s][info][gc,phases   ] GC(2636)   Other: 0.2ms
[2024-05-30T14:05:28.000+0000][12667.419s][info][gc,heap     ] GC(2636) Eden regions: 880->0(66)
[2024-05-30T14:05:28.000+0000][12667.419s][info][gc,heap     ] GC(2636) Survivor regions: 9->10(112)
[2024-05-30T14:05:28.000+0000][12667.419s][info][gc,heap     ] GC(2636) Old regions: 318->318
[2024-05-30T14:05:28.000+0000][12667.419s][info][gc,heap     ] GC(2636) Archive regions: 2->2
[2024-05-30T14:05:28.000+0000][12667.419s][info][gc,heap     ] GC(2636) Humongous regions: 5->5
[2024-05-30T14:05:28.000+0000][12667.419s][info][gc,metaspace] GC(2636) Metaspace: 433921K(440064K)->433921K(440064K) NonClass: 379920K(383232K)->379920K(383232K) Class: 54001K(56832K)->54001K(56832K)
[2024-05-30T14:05:28.000+0000][12667.419s][info][gc          ] GC(2636) Pause Young (Prepare Mixed) (G1 Evacuation Pause) 9698M->2668M(12288M) 24.619ms
[2024-05-30T14:05:28.000+0000][12667.419s][info][gc,cpu      ] GC(2636) User=0.14s Sys=0.00s Real=0.03s
[2024-05-30T14:05:28.431+0000][12667.851s][info][gc,start    ] GC(2637) Pause Young (Mixed) (G1 Evacuation Pause)
[2024-05-30T14:05:28.431+0000][12667.851s][info][gc,task     ] GC(2637) Using 6 workers of 6 for evacuation
[2024-05-30T14:05:28.483+0000][12667.903s][info][gc,phases   ] GC(2637)   Pre Evacuate Collection Set: 0.2ms
[2024-05-30T14:05:28.483+0000][12667.903s][info][gc,phases   ] GC(2637)   Merge Heap Roots: 0.7ms
[2024-05-30T14:05:28.483+0000][12667.903s][info][gc,phases   ] GC(2637)   Evacuate Collection Set: 49.6ms
[2024-05-30T14:05:28.483+0000][12667.903s][info][gc,phases   ] GC(2637)   Post Evacuate Collection Set: 1.3ms
[2024-05-30T14:05:28.483+0000][12667.903s][info][gc,phases   ] GC(2637)   Other: 0.2ms
[2024-05-30T14:05:28.483+0000][12667.903s][info][gc,heap     ] GC(2637) Eden regions: 66->0(887)
[2024-05-30T14:05:28.483+0000][12667.903s][info][gc,heap     ] GC(2637) Survivor regions: 10->4(10)
[2024-05-30T14:05:28.483+0000][12667.903s][info][gc,heap     ] GC(2637) Old regions: 318->316
[2024-05-30T14:05:28.483+0000][12667.903s][info][gc,heap     ] GC(2637) Archive regions: 2->2
[2024-05-30T14:05:28.483+0000][12667.903s][info][gc,heap     ] GC(2637) Humongous regions: 5->5
[2024-05-30T14:05:28.483+0000][12667.903s][info][gc,metaspace] GC(2637) Metaspace: 433921K(440064K)->433921K(440064K) NonClass: 379920K(383232K)->379920K(383232K) Class: 54001K(56832K)->54001K(56832K)
[2024-05-30T14:05:28.483+0000][12667.903s][info][gc          ] GC(2637) Pause Young (Mixed) (G1 Evacuation Pause) 3196M->2603M(12288M) 52.128ms
[2024-05-30T14:05:28.483+0000][12667.903s][info][gc,cpu      ] GC(2637) User=0.30s Sys=0.01s Real=0.05s
[2024-05-30T14:05:34.097+0000][12673.516s][info][gc,start    ] GC(2638) Pause Young (Normal) (G1 Evacuation Pause)
[2024-05-30T14:05:34.097+0000][12673.516s][info][gc,task     ] GC(2638) Using 6 workers of 6 for evacuation
[2024-05-30T14:05:34.111+0000][12673.530s][info][gc,phases   ] GC(2638)   Pre Evacuate Collection Set: 0.2ms
[2024-05-30T14:05:34.111+0000][12673.530s][info][gc,phases   ] GC(2638)   Merge Heap Roots: 0.3ms
[2024-05-30T14:05:34.111+0000][12673.530s][info][gc,phases   ] GC(2638)   Evacuate Collection Set: 11.4ms
[2024-05-30T14:05:34.111+0000][12673.530s][info][gc,phases   ] GC(2638)   Post Evacuate Collection Set: 1.9ms
[2024-05-30T14:05:34.111+0000][12673.530s][info][gc,phases   ] GC(2638)   Other: 0.2ms
[2024-05-30T14:05:34.111+0000][12673.530s][info][gc,heap     ] GC(2638) Eden regions: 887->0(886)
[2024-05-30T14:05:34.111+0000][12673.530s][info][gc,heap     ] GC(2638) Survivor regions: 4->6(112)
[2024-05-30T14:05:34.111+0000][12673.530s][info][gc,heap     ] GC(2638) Old regions: 316->316
[2024-05-30T14:05:34.111+0000][12673.530s][info][gc,heap     ] GC(2638) Archive regions: 2->2
[2024-05-30T14:05:34.111+0000][12673.530s][info][gc,heap     ] GC(2638) Humongous regions: 5->5
[2024-05-30T14:05:34.111+0000][12673.530s][info][gc,metaspace] GC(2638) Metaspace: 433923K(440064K)->433923K(440064K) NonClass: 379922K(383232K)->379922K(383232K) Class: 54001K(56832K)->54001K(56832K)
[2024-05-30T14:05:34.111+0000][12673.530s][info][gc          ] GC(2638) Pause Young (Normal) (G1 Evacuation Pause) 9699M->2620M(12288M) 13.918ms
[2024-05-30T14:05:34.111+0000][12673.530s][info][gc,cpu      ] GC(2638) User=0.08s Sys=0.00s Real=0.01s
[2024-05-30T14:05:39.187+0000][12678.607s][info][gc,start    ] GC(2639) Pause Young (Normal) (G1 Evacuation Pause)
[2024-05-30T14:05:39.187+0000][12678.607s][info][gc,task     ] GC(2639) Using 6 workers of 6 for evacuation
[2024-05-30T14:05:39.203+0000][12678.622s][info][gc,phases   ] GC(2639)   Pre Evacuate Collection Set: 0.2ms
[2024-05-30T14:05:39.203+0000][12678.622s][info][gc,phases   ] GC(2639)   Merge Heap Roots: 0.3ms
[2024-05-30T14:05:39.203+0000][12678.622s][info][gc,phases   ] GC(2639)   Evacuate Collection Set: 13.1ms
[2024-05-30T14:05:39.203+0000][12678.622s][info][gc,phases   ] GC(2639)   Post Evacuate Collection Set: 1.8ms
[2024-05-30T14:05:39.203+0000][12678.622s][info][gc,phases   ] GC(2639)   Other: 0.2ms
[2024-05-30T14:05:39.203+0000][12678.622s][info][gc,heap     ] GC(2639) Eden regions: 886->0(884)
[2024-05-30T14:05:39.203+0000][12678.622s][info][gc,heap     ] GC(2639) Survivor regions: 6->8(112)
[2024-05-30T14:05:39.203+0000][12678.622s][info][gc,heap     ] GC(2639) Old regions: 316->316
[2024-05-30T14:05:39.203+0000][12678.622s][info][gc,heap     ] GC(2639) Archive regions: 2->2
[2024-05-30T14:05:39.203+0000][12678.622s][info][gc,heap     ] GC(2639) Humongous regions: 5->5
[2024-05-30T14:05:39.203+0000][12678.622s][info][gc,metaspace] GC(2639) Metaspace: 433923K(440064K)->433923K(440064K) NonClass: 379922K(383232K)->379922K(383232K) Class: 54001K(56832K)->54001K(56832K)
[2024-05-30T14:05:39.203+0000][12678.622s][info][gc          ] GC(2639) Pause Young (Normal) (G1 Evacuation Pause) 9708M->2636M(12288M) 15.535ms
[2024-05-30T14:05:39.203+0000][12678.622s][info][gc,cpu      ] GC(2639) User=0.09s Sys=0.00s Real=0.02s
[2024-05-30T14:05:45.240+0000][12684.659s][info][gc,start    ] GC(2640) Pause Young (Concurrent Start) (G1 Evacuation Pause)
[2024-05-30T14:05:45.240+0000][12684.659s][info][gc,task     ] GC(2640) Using 6 workers of 6 for evacuation
[2024-05-30T14:05:45.260+0000][12684.679s][info][gc,phases   ] GC(2640)   Pre Evacuate Collection Set: 0.6ms
[2024-05-30T14:05:45.260+0000][12684.679s][info][gc,phases   ] GC(2640)   Merge Heap Roots: 0.2ms
[2024-05-30T14:05:45.260+0000][12684.679s][info][gc,phases   ] GC(2640)   Evacuate Collection Set: 17.5ms
[2024-05-30T14:05:45.260+0000][12684.679s][info][gc,phases   ] GC(2640)   Post Evacuate Collection Set: 1.8ms
[2024-05-30T14:05:45.260+0000][12684.679s][info][gc,phases   ] GC(2640)   Other: 0.3ms
[2024-05-30T14:05:45.260+0000][12684.679s][info][gc,heap     ] GC(2640) Eden regions: 884->0(884)
[2024-05-30T14:05:45.260+0000][12684.679s][info][gc,heap     ] GC(2640) Survivor regions: 8->8(112)
[2024-05-30T14:05:45.260+0000][12684.679s][info][gc,heap     ] GC(2640) Old regions: 316->316
[2024-05-30T14:05:45.260+0000][12684.679s][info][gc,heap     ] GC(2640) Archive regions: 2->2
[2024-05-30T14:05:45.260+0000][12684.679s][info][gc,heap     ] GC(2640) Humongous regions: 5->5
[2024-05-30T14:05:45.260+0000][12684.679s][info][gc,metaspace] GC(2640) Metaspace: 433923K(440064K)->433923K(440064K) NonClass: 379922K(383232K)->379922K(383232K) Class: 54001K(56832K)->54001K(56832K)
[2024-05-30T14:05:45.260+0000][12684.680s][info][gc          ] GC(2640) Pause Young (Concurrent Start) (G1 Evacuation Pause) 9708M->2636M(12288M) 20.462ms
[2024-05-30T14:05:45.260+0000][12684.680s][info][gc,cpu      ] GC(2640) User=0.12s Sys=0.00s Real=0.02s
[2024-05-30T14:05:45.260+0000][12684.680s][info][gc          ] GC(2641) Concurrent Mark Cycle
[2024-05-30T14:05:45.260+0000][12684.680s][info][gc,marking  ] GC(2641) Concurrent Clear Claimed Marks
[2024-05-30T14:05:45.261+0000][12684.680s][info][gc,marking  ] GC(2641) Concurrent Clear Claimed Marks 0.393ms
[2024-05-30T14:05:45.261+0000][12684.680s][info][gc,marking  ] GC(2641) Concurrent Scan Root Regions
[2024-05-30T14:05:45.274+0000][12684.693s][info][gc,marking  ] GC(2641) Concurrent Scan Root Regions 12.776ms
[2024-05-30T14:05:45.274+0000][12684.693s][info][gc,marking  ] GC(2641) Concurrent Mark
[2024-05-30T14:05:45.274+0000][12684.693s][info][gc,marking  ] GC(2641) Concurrent Mark From Roots
[2024-05-30T14:05:45.274+0000][12684.693s][info][gc,task     ] GC(2641) Using 2 workers of 2 for marking
[2024-05-30T14:05:47.677+0000][12687.097s][info][gc,marking  ] GC(2641) Concurrent Mark From Roots 2403.773ms
[2024-05-30T14:05:47.677+0000][12687.097s][info][gc,marking  ] GC(2641) Concurrent Preclean
[2024-05-30T14:05:47.679+0000][12687.099s][info][gc,marking  ] GC(2641) Concurrent Preclean 1.841ms
[2024-05-30T14:05:47.679+0000][12687.099s][info][gc,start    ] GC(2641) Pause Remark
[2024-05-30T14:05:47.704+0000][12687.123s][info][gc          ] GC(2641) Pause Remark 5084M->5084M(12288M) 24.152ms
[2024-05-30T14:05:47.704+0000][12687.123s][info][gc,cpu      ] GC(2641) User=0.10s Sys=0.01s Real=0.02s
[2024-05-30T14:05:47.704+0000][12687.123s][info][gc,marking  ] GC(2641) Concurrent Mark 2430.153ms
[2024-05-30T14:05:47.704+0000][12687.123s][info][gc,marking  ] GC(2641) Concurrent Rebuild Remembered Sets
[2024-05-30T14:05:49.051+0000][12688.470s][info][gc,marking  ] GC(2641) Concurrent Rebuild Remembered Sets 1347.164ms
[2024-05-30T14:05:49.051+0000][12688.470s][info][gc,start    ] GC(2641) Pause Cleanup
[2024-05-30T14:05:49.052+0000][12688.471s][info][gc          ] GC(2641) Pause Cleanup 6636M->6636M(12288M) 0.481ms
[2024-05-30T14:05:49.052+0000][12688.471s][info][gc,cpu      ] GC(2641) User=0.00s Sys=0.00s Real=0.00s
[2024-05-30T14:05:49.052+0000][12688.471s][info][gc,marking  ] GC(2641) Concurrent Cleanup for Next Mark
[2024-05-30T14:05:49.080+0000][12688.499s][info][gc,marking  ] GC(2641) Concurrent Cleanup for Next Mark 28.493ms
[2024-05-30T14:05:49.080+0000][12688.500s][info][gc          ] GC(2641) Concurrent Mark Cycle 3819.895ms
[2024-05-30T14:05:51.438+0000][12690.857s][info][gc,start    ] GC(2642) Pause Young (Prepare Mixed) (G1 Evacuation Pause)
[2024-05-30T14:05:51.438+0000][12690.857s][info][gc,task     ] GC(2642) Using 6 workers of 6 for evacuation
[2024-05-30T14:05:51.459+0000][12690.879s][info][gc,phases   ] GC(2642)   Pre Evacuate Collection Set: 0.2ms
[2024-05-30T14:05:51.459+0000][12690.879s][info][gc,phases   ] GC(2642)   Merge Heap Roots: 0.3ms
[2024-05-30T14:05:51.459+0000][12690.879s][info][gc,phases   ] GC(2642)   Evacuate Collection Set: 18.9ms
[2024-05-30T14:05:51.459+0000][12690.879s][info][gc,phases   ] GC(2642)   Post Evacuate Collection Set: 1.9ms
[2024-05-30T14:05:51.459+0000][12690.879s][info][gc,phases   ] GC(2642)   Other: 0.2ms
[2024-05-30T14:05:51.459+0000][12690.879s][info][gc,heap     ] GC(2642) Eden regions: 884->0(66)
[2024-05-30T14:05:51.459+0000][12690.879s][info][gc,heap     ] GC(2642) Survivor regions: 8->10(112)
[2024-05-30T14:05:51.459+0000][12690.879s][info][gc,heap     ] GC(2642) Old regions: 316->316
[2024-05-30T14:05:51.459+0000][12690.879s][info][gc,heap     ] GC(2642) Archive regions: 2->2
[2024-05-30T14:05:51.459+0000][12690.879s][info][gc,heap     ] GC(2642) Humongous regions: 5->5
[2024-05-30T14:05:51.459+0000][12690.879s][info][gc,metaspace] GC(2642) Metaspace: 433923K(440064K)->433923K(440064K) NonClass: 379922K(383232K)->379922K(383232K) Class: 54001K(56832K)->54001K(56832K)
[2024-05-30T14:05:51.459+0000][12690.879s][info][gc          ] GC(2642) Pause Young (Prepare Mixed) (G1 Evacuation Pause) 9708M->2648M(12288M) 21.610ms
[2024-05-30T14:05:51.459+0000][12690.879s][info][gc,cpu      ] GC(2642) User=0.12s Sys=0.00s Real=0.02s
[2024-05-30T14:05:51.912+0000][12691.331s][info][gc,start    ] GC(2643) Pause Young (Mixed) (G1 Evacuation Pause)
[2024-05-30T14:05:51.912+0000][12691.331s][info][gc,task     ] GC(2643) Using 6 workers of 6 for evacuation
[2024-05-30T14:05:51.965+0000][12691.384s][info][gc,phases   ] GC(2643)   Pre Evacuate Collection Set: 0.2ms
[2024-05-30T14:05:51.965+0000][12691.384s][info][gc,phases   ] GC(2643)   Merge Heap Roots: 0.4ms
[2024-05-30T14:05:51.965+0000][12691.384s][info][gc,phases   ] GC(2643)   Evacuate Collection Set: 51.0ms
[2024-05-30T14:05:51.965+0000][12691.384s][info][gc,phases   ] GC(2643)   Post Evacuate Collection Set: 1.4ms
[2024-05-30T14:05:51.965+0000][12691.384s][info][gc,phases   ] GC(2643)   Other: 0.2ms
[2024-05-30T14:05:51.965+0000][12691.384s][info][gc,heap     ] GC(2643) Eden regions: 66->0(887)
[2024-05-30T14:05:51.965+0000][12691.384s][info][gc,heap     ] GC(2643) Survivor regions: 10->5(10)
[2024-05-30T14:05:51.965+0000][12691.384s][info][gc,heap     ] GC(2643) Old regions: 316->316
[2024-05-30T14:05:51.965+0000][12691.384s][info][gc,heap     ] GC(2643) Archive regions: 2->2
[2024-05-30T14:05:51.965+0000][12691.384s][info][gc,heap     ] GC(2643) Humongous regions: 5->5
[2024-05-30T14:05:51.965+0000][12691.384s][info][gc,metaspace] GC(2643) Metaspace: 433935K(440064K)->433935K(440064K) NonClass: 379933K(383232K)->379933K(383232K) Class: 54001K(56832K)->54001K(56832K)
[2024-05-30T14:05:51.965+0000][12691.384s][info][gc          ] GC(2643) Pause Young (Mixed) (G1 Evacuation Pause) 3176M->2604M(12288M) 53.122ms
[2024-05-30T14:05:51.965+0000][12691.384s][info][gc,cpu      ] GC(2643) User=0.31s Sys=0.00s Real=0.05s
[2024-05-30T14:05:57.993+0000][12697.412s][info][gc,start    ] GC(2644) Pause Young (Normal) (G1 Evacuation Pause)
[2024-05-30T14:05:57.993+0000][12697.412s][info][gc,task     ] GC(2644) Using 6 workers of 6 for evacuation
[2024-05-30T14:05:58.008+0000][12697.427s][info][gc,phases   ] GC(2644)   Pre Evacuate Collection Set: 0.2ms
[2024-05-30T14:05:58.008+0000][12697.428s][info][gc,phases   ] GC(2644)   Merge Heap Roots: 0.3ms
[2024-05-30T14:05:58.008+0000][12697.428s][info][gc,phases   ] GC(2644)   Evacuate Collection Set: 12.8ms
[2024-05-30T14:05:58.008+0000][12697.428s][info][gc,phases   ] GC(2644)   Post Evacuate Collection Set: 2.0ms
[2024-05-30T14:05:58.008+0000][12697.428s][info][gc,phases   ] GC(2644)   Other: 0.2ms
[2024-05-30T14:05:58.008+0000][12697.428s][info][gc,heap     ] GC(2644) Eden regions: 887->0(884)
[2024-05-30T14:05:58.008+0000][12697.428s][info][gc,heap     ] GC(2644) Survivor regions: 5->7(112)
[2024-05-30T14:05:58.008+0000][12697.428s][info][gc,heap     ] GC(2644) Old regions: 316->316
[2024-05-30T14:05:58.008+0000][12697.428s][info][gc,heap     ] GC(2644) Archive regions: 2->2
[2024-05-30T14:05:58.008+0000][12697.428s][info][gc,heap     ] GC(2644) Humongous regions: 5->5
[2024-05-30T14:05:58.008+0000][12697.428s][info][gc,metaspace] GC(2644) Metaspace: 433935K(440064K)->433935K(440064K) NonClass: 379933K(383232K)->379933K(383232K) Class: 54001K(56832K)->54001K(56832K)
[2024-05-30T14:05:58.008+0000][12697.428s][info][gc          ] GC(2644) Pause Young (Normal) (G1 Evacuation Pause) 9700M->2621M(12288M) 15.537ms
[2024-05-30T14:05:58.008+0000][12697.428s][info][gc,cpu      ] GC(2644) User=0.09s Sys=0.01s Real=0.02s
[2024-05-30T14:06:04.057+0000][12703.477s][info][gc,start    ] GC(2645) Pause Young (Normal) (G1 Evacuation Pause)
[2024-05-30T14:06:04.057+0000][12703.477s][info][gc,task     ] GC(2645) Using 6 workers of 6 for evacuation
[2024-05-30T14:06:04.073+0000][12703.492s][info][gc,phases   ] GC(2645)   Pre Evacuate Collection Set: 0.2ms
[2024-05-30T14:06:04.073+0000][12703.492s][info][gc,phases   ] GC(2645)   Merge Heap Roots: 0.2ms
[2024-05-30T14:06:04.073+0000][12703.492s][info][gc,phases   ] GC(2645)   Evacuate Collection Set: 13.4ms
[2024-05-30T14:06:04.073+0000][12703.492s][info][gc,phases   ] GC(2645)   Post Evacuate Collection Set: 1.8ms
[2024-05-30T14:06:04.073+0000][12703.492s][info][gc,phases   ] GC(2645)   Other: 0.2ms
[2024-05-30T14:06:04.073+0000][12703.492s][info][gc,heap     ] GC(2645) Eden regions: 884->0(885)
[2024-05-30T14:06:04.073+0000][12703.492s][info][gc,heap     ] GC(2645) Survivor regions: 7->7(112)
[2024-05-30T14:06:04.073+0000][12703.492s][info][gc,heap     ] GC(2645) Old regions: 316->316
[2024-05-30T14:06:04.073+0000][12703.492s][info][gc,heap     ] GC(2645) Archive regions: 2->2
[2024-05-30T14:06:04.073+0000][12703.492s][info][gc,heap     ] GC(2645) Humongous regions: 5->5
[2024-05-30T14:06:04.073+0000][12703.492s][info][gc,metaspace] GC(2645) Metaspace: 433935K(440064K)->433935K(440064K) NonClass: 379933K(383232K)->379933K(383232K) Class: 54001K(56832K)->54001K(56832K)
[2024-05-30T14:06:04.073+0000][12703.492s][info][gc          ] GC(2645) Pause Young (Normal) (G1 Evacuation Pause) 9693M->2620M(12288M) 15.809ms
[2024-05-30T14:06:04.073+0000][12703.492s][info][gc,cpu      ] GC(2645) User=0.09s Sys=0.00s Real=0.01s
[2024-05-30T14:06:10.128+0000][12709.547s][info][gc,start    ] GC(2646) Pause Young (Concurrent Start) (G1 Evacuation Pause)
[2024-05-30T14:06:10.128+0000][12709.547s][info][gc,task     ] GC(2646) Using 6 workers of 6 for evacuation
[2024-05-30T14:06:10.148+0000][12709.567s][info][gc,phases   ] GC(2646)   Pre Evacuate Collection Set: 0.5ms
[2024-05-30T14:06:10.148+0000][12709.567s][info][gc,phases   ] GC(2646)   Merge Heap Roots: 0.3ms
[2024-05-30T14:06:10.148+0000][12709.567s][info][gc,phases   ] GC(2646)   Evacuate Collection Set: 17.3ms
[2024-05-30T14:06:10.148+0000][12709.567s][info][gc,phases   ] GC(2646)   Post Evacuate Collection Set: 1.8ms
[2024-05-30T14:06:10.148+0000][12709.567s][info][gc,phases   ] GC(2646)   Other: 0.3ms
[2024-05-30T14:06:10.148+0000][12709.567s][info][gc,heap     ] GC(2646) Eden regions: 885->0(882)
[2024-05-30T14:06:10.148+0000][12709.567s][info][gc,heap     ] GC(2646) Survivor regions: 7->10(112)
[2024-05-30T14:06:10.148+0000][12709.567s][info][gc,heap     ] GC(2646) Old regions: 316->316
[2024-05-30T14:06:10.148+0000][12709.567s][info][gc,heap     ] GC(2646) Archive regions: 2->2
[2024-05-30T14:06:10.148+0000][12709.567s][info][gc,heap     ] GC(2646) Humongous regions: 5->5
[2024-05-30T14:06:10.148+0000][12709.567s][info][gc,metaspace] GC(2646) Metaspace: 433935K(440064K)->433935K(440064K) NonClass: 379933K(383232K)->379933K(383232K) Class: 54001K(56832K)->54001K(56832K)
[2024-05-30T14:06:10.148+0000][12709.567s][info][gc          ] GC(2646) Pause Young (Concurrent Start) (G1 Evacuation Pause) 9700M->2643M(12288M) 20.225ms
[2024-05-30T14:06:10.148+0000][12709.567s][info][gc,cpu      ] GC(2646) User=0.11s Sys=0.00s Real=0.02s
[2024-05-30T14:06:10.148+0000][12709.567s][info][gc          ] GC(2647) Concurrent Mark Cycle
[2024-05-30T14:06:10.148+0000][12709.567s][info][gc,marking  ] GC(2647) Concurrent Clear Claimed Marks
[2024-05-30T14:06:10.148+0000][12709.568s][info][gc,marking  ] GC(2647) Concurrent Clear Claimed Marks 0.431ms
[2024-05-30T14:06:10.148+0000][12709.568s][info][gc,marking  ] GC(2647) Concurrent Scan Root Regions
[2024-05-30T14:06:10.173+0000][12709.592s][info][gc,marking  ] GC(2647) Concurrent Scan Root Regions 24.318ms
[2024-05-30T14:06:10.173+0000][12709.592s][info][gc,marking  ] GC(2647) Concurrent Mark
[2024-05-30T14:06:10.173+0000][12709.592s][info][gc,marking  ] GC(2647) Concurrent Mark From Roots
[2024-05-30T14:06:10.173+0000][12709.592s][info][gc,task     ] GC(2647) Using 2 workers of 2 for marking
[2024-05-30T14:06:12.626+0000][12712.045s][info][gc,marking  ] GC(2647) Concurrent Mark From Roots 2453.478ms
[2024-05-30T14:06:12.626+0000][12712.045s][info][gc,marking  ] GC(2647) Concurrent Preclean
[2024-05-30T14:06:12.628+0000][12712.047s][info][gc,marking  ] GC(2647) Concurrent Preclean 1.774ms
[2024-05-30T14:06:12.628+0000][12712.047s][info][gc,start    ] GC(2647) Pause Remark
[2024-05-30T14:06:12.653+0000][12712.072s][info][gc          ] GC(2647) Pause Remark 5139M->5139M(12288M) 24.543ms
[2024-05-30T14:06:12.653+0000][12712.072s][info][gc,cpu      ] GC(2647) User=0.10s Sys=0.01s Real=0.03s
[2024-05-30T14:06:12.653+0000][12712.072s][info][gc,marking  ] GC(2647) Concurrent Mark 2480.228ms
[2024-05-30T14:06:12.653+0000][12712.072s][info][gc,marking  ] GC(2647) Concurrent Rebuild Remembered Sets
[2024-05-30T14:06:13.933+0000][12713.352s][info][gc,marking  ] GC(2647) Concurrent Rebuild Remembered Sets 1280.202ms
[2024-05-30T14:06:13.933+0000][12713.353s][info][gc,start    ] GC(2647) Pause Cleanup
[2024-05-30T14:06:13.934+0000][12713.353s][info][gc          ] GC(2647) Pause Cleanup 6391M->6391M(12288M) 0.447ms
[2024-05-30T14:06:13.934+0000][12713.353s][info][gc,cpu      ] GC(2647) User=0.00s Sys=0.00s Real=0.00s
[2024-05-30T14:06:13.934+0000][12713.353s][info][gc,marking  ] GC(2647) Concurrent Cleanup for Next Mark
[2024-05-30T14:06:13.951+0000][12713.370s][info][gc,marking  ] GC(2647) Concurrent Cleanup for Next Mark 17.182ms
[2024-05-30T14:06:13.951+0000][12713.370s][info][gc          ] GC(2647) Concurrent Mark Cycle 3803.306ms
[2024-05-30T14:06:16.809+0000][12716.228s][info][gc,start    ] GC(2648) Pause Young (Prepare Mixed) (G1 Evacuation Pause)
[2024-05-30T14:06:16.809+0000][12716.228s][info][gc,task     ] GC(2648) Using 6 workers of 6 for evacuation
[2024-05-30T14:06:16.832+0000][12716.252s][info][gc,phases   ] GC(2648)   Pre Evacuate Collection Set: 0.2ms
[2024-05-30T14:06:16.832+0000][12716.252s][info][gc,phases   ] GC(2648)   Merge Heap Roots: 0.3ms
[2024-05-30T14:06:16.832+0000][12716.252s][info][gc,phases   ] GC(2648)   Evacuate Collection Set: 20.9ms
[2024-05-30T14:06:16.832+0000][12716.252s][info][gc,phases   ] GC(2648)   Post Evacuate Collection Set: 1.8ms
[2024-05-30T14:06:16.832+0000][12716.252s][info][gc,phases   ] GC(2648)   Other: 0.2ms
[2024-05-30T14:06:16.833+0000][12716.252s][info][gc,heap     ] GC(2648) Eden regions: 882->0(65)
[2024-05-30T14:06:16.833+0000][12716.252s][info][gc,heap     ] GC(2648) Survivor regions: 10->11(112)
[2024-05-30T14:06:16.833+0000][12716.252s][info][gc,heap     ] GC(2648) Old regions: 316->316
[2024-05-30T14:06:16.833+0000][12716.252s][info][gc,heap     ] GC(2648) Archive regions: 2->2
[2024-05-30T14:06:16.833+0000][12716.252s][info][gc,heap     ] GC(2648) Humongous regions: 5->5
[2024-05-30T14:06:16.833+0000][12716.252s][info][gc,metaspace] GC(2648) Metaspace: 433935K(440064K)->433935K(440064K) NonClass: 379933K(383232K)->379933K(383232K) Class: 54001K(56832K)->54001K(56832K)
[2024-05-30T14:06:16.833+0000][12716.252s][info][gc          ] GC(2648) Pause Young (Prepare Mixed) (G1 Evacuation Pause) 9699M->2652M(12288M) 23.490ms
[2024-05-30T14:06:16.833+0000][12716.252s][info][gc,cpu      ] GC(2648) User=0.13s Sys=0.00s Real=0.02s
[2024-05-30T14:06:17.274+0000][12716.693s][info][gc,start    ] GC(2649) Pause Young (Mixed) (G1 Evacuation Pause)
[2024-05-30T14:06:17.274+0000][12716.693s][info][gc,task     ] GC(2649) Using 6 workers of 6 for evacuation
[2024-05-30T14:06:17.329+0000][12716.748s][info][gc,phases   ] GC(2649)   Pre Evacuate Collection Set: 0.2ms
[2024-05-30T14:06:17.329+0000][12716.748s][info][gc,phases   ] GC(2649)   Merge Heap Roots: 0.4ms
[2024-05-30T14:06:17.329+0000][12716.748s][info][gc,phases   ] GC(2649)   Evacuate Collection Set: 53.2ms
[2024-05-30T14:06:17.329+0000][12716.748s][info][gc,phases   ] GC(2649)   Post Evacuate Collection Set: 1.3ms
[2024-05-30T14:06:17.329+0000][12716.748s][info][gc,phases   ] GC(2649)   Other: 0.2ms
[2024-05-30T14:06:17.329+0000][12716.748s][info][gc,heap     ] GC(2649) Eden regions: 65->0(887)
[2024-05-30T14:06:17.329+0000][12716.748s][info][gc,heap     ] GC(2649) Survivor regions: 11->5(10)
[2024-05-30T14:06:17.329+0000][12716.748s][info][gc,heap     ] GC(2649) Old regions: 316->316
[2024-05-30T14:06:17.329+0000][12716.748s][info][gc,heap     ] GC(2649) Archive regions: 2->2
[2024-05-30T14:06:17.329+0000][12716.748s][info][gc,heap     ] GC(2649) Humongous regions: 5->5
[2024-05-30T14:06:17.329+0000][12716.748s][info][gc,metaspace] GC(2649) Metaspace: 433935K(440064K)->433935K(440064K) NonClass: 379933K(383232K)->379933K(383232K) Class: 54001K(56832K)->54001K(56832K)
[2024-05-30T14:06:17.329+0000][12716.748s][info][gc          ] GC(2649) Pause Young (Mixed) (G1 Evacuation Pause) 3172M->2604M(12288M) 55.232ms
[2024-05-30T14:06:17.329+0000][12716.748s][info][gc,cpu      ] GC(2649) User=0.33s Sys=0.00s Real=0.06s
[2024-05-30T14:06:23.256+0000][12722.675s][info][gc,start    ] GC(2650) Pause Young (Normal) (G1 Evacuation Pause)
[2024-05-30T14:06:23.256+0000][12722.675s][info][gc,task     ] GC(2650) Using 6 workers of 6 for evacuation
[2024-05-30T14:06:23.270+0000][12722.690s][info][gc,phases   ] GC(2650)   Pre Evacuate Collection Set: 0.2ms
[2024-05-30T14:06:23.270+0000][12722.690s][info][gc,phases   ] GC(2650)   Merge Heap Roots: 0.3ms
[2024-05-30T14:06:23.271+0000][12722.690s][info][gc,phases   ] GC(2650)   Evacuate Collection Set: 12.0ms
[2024-05-30T14:06:23.271+0000][12722.690s][info][gc,phases   ] GC(2650)   Post Evacuate Collection Set: 1.9ms
[2024-05-30T14:06:23.271+0000][12722.690s][info][gc,phases   ] GC(2650)   Other: 0.2ms
[2024-05-30T14:06:23.271+0000][12722.690s][info][gc,heap     ] GC(2650) Eden regions: 887->0(882)
[2024-05-30T14:06:23.271+0000][12722.690s][info][gc,heap     ] GC(2650) Survivor regions: 5->8(112)
[2024-05-30T14:06:23.271+0000][12722.690s][info][gc,heap     ] GC(2650) Old regions: 316->316
[2024-05-30T14:06:23.271+0000][12722.690s][info][gc,heap     ] GC(2650) Archive regions: 2->2
[2024-05-30T14:06:23.271+0000][12722.690s][info][gc,heap     ] GC(2650) Humongous regions: 5->5
[2024-05-30T14:06:23.271+0000][12722.690s][info][gc,metaspace] GC(2650) Metaspace: 433935K(440064K)->433935K(440064K) NonClass: 379933K(383232K)->379933K(383232K) Class: 54001K(56832K)->54001K(56832K)
[2024-05-30T14:06:23.271+0000][12722.690s][info][gc          ] GC(2650) Pause Young (Normal) (G1 Evacuation Pause) 9700M->2632M(12288M) 14.594ms
[2024-05-30T14:06:23.271+0000][12722.690s][info][gc,cpu      ] GC(2650) User=0.08s Sys=0.00s Real=0.02s
[2024-05-30T14:06:29.153+0000][12728.572s][info][gc,start    ] GC(2651) Pause Young (Normal) (G1 Evacuation Pause)
[2024-05-30T14:06:29.153+0000][12728.572s][info][gc,task     ] GC(2651) Using 6 workers of 6 for evacuation
[2024-05-30T14:06:29.168+0000][12728.588s][info][gc,phases   ] GC(2651)   Pre Evacuate Collection Set: 0.2ms
[2024-05-30T14:06:29.168+0000][12728.588s][info][gc,phases   ] GC(2651)   Merge Heap Roots: 0.2ms
[2024-05-30T14:06:29.168+0000][12728.588s][info][gc,phases   ] GC(2651)   Evacuate Collection Set: 13.0ms
[2024-05-30T14:06:29.168+0000][12728.588s][info][gc,phases   ] GC(2651)   Post Evacuate Collection Set: 1.8ms
[2024-05-30T14:06:29.168+0000][12728.588s][info][gc,phases   ] GC(2651)   Other: 0.2ms
[2024-05-30T14:06:29.168+0000][12728.588s][info][gc,heap     ] GC(2651) Eden regions: 882->0(884)
[2024-05-30T14:06:29.168+0000][12728.588s][info][gc,heap     ] GC(2651) Survivor regions: 8->7(112)
[2024-05-30T14:06:29.168+0000][12728.588s][info][gc,heap     ] GC(2651) Old regions: 316->316
[2024-05-30T14:06:29.168+0000][12728.588s][info][gc,heap     ] GC(2651) Archive regions: 2->2
[2024-05-30T14:06:29.168+0000][12728.588s][info][gc,heap     ] GC(2651) Humongous regions: 5->5
[2024-05-30T14:06:29.168+0000][12728.588s][info][gc,metaspace] GC(2651) Metaspace: 433935K(440064K)->433935K(440064K) NonClass: 379933K(383232K)->379933K(383232K) Class: 54001K(56832K)->54001K(56832K)
[2024-05-30T14:06:29.168+0000][12728.588s][info][gc          ] GC(2651) Pause Young (Normal) (G1 Evacuation Pause) 9688M->2623M(12288M) 15.496ms
[2024-05-30T14:06:29.168+0000][12728.588s][info][gc,cpu      ] GC(2651) User=0.08s Sys=0.00s Real=0.02s
[2024-05-30T14:06:34.868+0000][12734.287s][info][gc,start    ] GC(2652) Pause Young (Concurrent Start) (G1 Evacuation Pause)
[2024-05-30T14:06:34.868+0000][12734.287s][info][gc,task     ] GC(2652) Using 6 workers of 6 for evacuation
[2024-05-30T14:06:34.890+0000][12734.310s][info][gc,phases   ] GC(2652)   Pre Evacuate Collection Set: 0.6ms
[2024-05-30T14:06:34.890+0000][12734.310s][info][gc,phases   ] GC(2652)   Merge Heap Roots: 0.2ms
[2024-05-30T14:06:34.890+0000][12734.310s][info][gc,phases   ] GC(2652)   Evacuate Collection Set: 19.7ms
[2024-05-30T14:06:34.890+0000][12734.310s][info][gc,phases   ] GC(2652)   Post Evacuate Collection Set: 1.8ms
[2024-05-30T14:06:34.890+0000][12734.310s][info][gc,phases   ] GC(2652)   Other: 0.3ms
[2024-05-30T14:06:34.890+0000][12734.310s][info][gc,heap     ] GC(2652) Eden regions: 884->0(882)
[2024-05-30T14:06:34.890+0000][12734.310s][info][gc,heap     ] GC(2652) Survivor regions: 7->9(112)
[2024-05-30T14:06:34.890+0000][12734.310s][info][gc,heap     ] GC(2652) Old regions: 316->316
[2024-05-30T14:06:34.890+0000][12734.310s][info][gc,heap     ] GC(2652) Archive regions: 2->2
[2024-05-30T14:06:34.890+0000][12734.310s][info][gc,heap     ] GC(2652) Humongous regions: 5->5
[2024-05-30T14:06:34.890+0000][12734.310s][info][gc,metaspace] GC(2652) Metaspace: 433935K(440064K)->433935K(440064K) NonClass: 379933K(383232K)->379933K(383232K) Class: 54001K(56832K)->54001K(56832K)
[2024-05-30T14:06:34.890+0000][12734.310s][info][gc          ] GC(2652) Pause Young (Concurrent Start) (G1 Evacuation Pause) 9695M->2640M(12288M) 22.557ms
[2024-05-30T14:06:34.890+0000][12734.310s][info][gc,cpu      ] GC(2652) User=0.13s Sys=0.00s Real=0.03s
[2024-05-30T14:06:34.891+0000][12734.310s][info][gc          ] GC(2653) Concurrent Mark Cycle
[2024-05-30T14:06:34.891+0000][12734.310s][info][gc,marking  ] GC(2653) Concurrent Clear Claimed Marks
[2024-05-30T14:06:34.891+0000][12734.310s][info][gc,marking  ] GC(2653) Concurrent Clear Claimed Marks 0.386ms
[2024-05-30T14:06:34.891+0000][12734.310s][info][gc,marking  ] GC(2653) Concurrent Scan Root Regions
[2024-05-30T14:06:34.925+0000][12734.344s][info][gc,marking  ] GC(2653) Concurrent Scan Root Regions 33.841ms
[2024-05-30T14:06:34.925+0000][12734.344s][info][gc,marking  ] GC(2653) Concurrent Mark
[2024-05-30T14:06:34.925+0000][12734.344s][info][gc,marking  ] GC(2653) Concurrent Mark From Roots
[2024-05-30T14:06:34.925+0000][12734.344s][info][gc,task     ] GC(2653) Using 2 workers of 2 for marking
[2024-05-30T14:06:37.394+0000][12736.813s][info][gc,marking  ] GC(2653) Concurrent Mark From Roots 2468.950ms
[2024-05-30T14:06:37.394+0000][12736.813s][info][gc,marking  ] GC(2653) Concurrent Preclean
[2024-05-30T14:06:37.395+0000][12736.814s][info][gc,marking  ] GC(2653) Concurrent Preclean 1.256ms
[2024-05-30T14:06:37.395+0000][12736.815s][info][gc,start    ] GC(2653) Pause Remark
[2024-05-30T14:06:37.421+0000][12736.840s][info][gc          ] GC(2653) Pause Remark 5164M->5164M(12288M) 25.891ms
[2024-05-30T14:06:37.421+0000][12736.840s][info][gc,cpu      ] GC(2653) User=0.12s Sys=0.00s Real=0.03s
[2024-05-30T14:06:37.421+0000][12736.841s][info][gc,marking  ] GC(2653) Concurrent Mark 2496.503ms
[2024-05-30T14:06:37.421+0000][12736.841s][info][gc,marking  ] GC(2653) Concurrent Rebuild Remembered Sets
[2024-05-30T14:06:38.742+0000][12738.162s][info][gc,marking  ] GC(2653) Concurrent Rebuild Remembered Sets 1320.969ms
[2024-05-30T14:06:38.743+0000][12738.162s][info][gc,start    ] GC(2653) Pause Cleanup
[2024-05-30T14:06:38.743+0000][12738.162s][info][gc          ] GC(2653) Pause Cleanup 6608M->6608M(12288M) 0.510ms
[2024-05-30T14:06:38.743+0000][12738.162s][info][gc,cpu      ] GC(2653) User=0.00s Sys=0.00s Real=0.00s
[2024-05-30T14:06:38.743+0000][12738.162s][info][gc,marking  ] GC(2653) Concurrent Cleanup for Next Mark
[2024-05-30T14:06:38.761+0000][12738.180s][info][gc,marking  ] GC(2653) Concurrent Cleanup for Next Mark 17.483ms
[2024-05-30T14:06:38.761+0000][12738.180s][info][gc          ] GC(2653) Concurrent Mark Cycle 3870.181ms
[2024-05-30T14:06:41.297+0000][12740.716s][info][gc,start    ] GC(2654) Pause Young (Prepare Mixed) (G1 Evacuation Pause)
[2024-05-30T14:06:41.297+0000][12740.716s][info][gc,task     ] GC(2654) Using 6 workers of 6 for evacuation
[2024-05-30T14:06:41.324+0000][12740.743s][info][gc,phases   ] GC(2654)   Pre Evacuate Collection Set: 0.2ms
[2024-05-30T14:06:41.324+0000][12740.743s][info][gc,phases   ] GC(2654)   Merge Heap Roots: 0.3ms
[2024-05-30T14:06:41.324+0000][12740.743s][info][gc,phases   ] GC(2654)   Evacuate Collection Set: 24.1ms
[2024-05-30T14:06:41.324+0000][12740.743s][info][gc,phases   ] GC(2654)   Post Evacuate Collection Set: 2.0ms
[2024-05-30T14:06:41.324+0000][12740.743s][info][gc,phases   ] GC(2654)   Other: 0.2ms
[2024-05-30T14:06:41.324+0000][12740.743s][info][gc,heap     ] GC(2654) Eden regions: 882->0(67)
[2024-05-30T14:06:41.324+0000][12740.743s][info][gc,heap     ] GC(2654) Survivor regions: 9->9(112)
[2024-05-30T14:06:41.324+0000][12740.743s][info][gc,heap     ] GC(2654) Old regions: 316->316
[2024-05-30T14:06:41.324+0000][12740.743s][info][gc,heap     ] GC(2654) Archive regions: 2->2
[2024-05-30T14:06:41.324+0000][12740.743s][info][gc,heap     ] GC(2654) Humongous regions: 5->5
[2024-05-30T14:06:41.324+0000][12740.743s][info][gc,metaspace] GC(2654) Metaspace: 433935K(440064K)->433935K(440064K) NonClass: 379933K(383232K)->379933K(383232K) Class: 54001K(56832K)->54001K(56832K)
[2024-05-30T14:06:41.324+0000][12740.743s][info][gc          ] GC(2654) Pause Young (Prepare Mixed) (G1 Evacuation Pause) 9696M->2638M(12288M) 26.889ms
[2024-05-30T14:06:41.324+0000][12740.743s][info][gc,cpu      ] GC(2654) User=0.15s Sys=0.00s Real=0.02s
[2024-05-30T14:06:41.784+0000][12741.203s][info][gc,start    ] GC(2655) Pause Young (Mixed) (G1 Evacuation Pause)
[2024-05-30T14:06:41.784+0000][12741.203s][info][gc,task     ] GC(2655) Using 6 workers of 6 for evacuation
[2024-05-30T14:06:41.844+0000][12741.264s][info][gc,phases   ] GC(2655)   Pre Evacuate Collection Set: 0.1ms
[2024-05-30T14:06:41.844+0000][12741.264s][info][gc,phases   ] GC(2655)   Merge Heap Roots: 0.5ms
[2024-05-30T14:06:41.844+0000][12741.264s][info][gc,phases   ] GC(2655)   Evacuate Collection Set: 58.2ms
[2024-05-30T14:06:41.844+0000][12741.264s][info][gc,phases   ] GC(2655)   Post Evacuate Collection Set: 1.4ms
[2024-05-30T14:06:41.844+0000][12741.264s][info][gc,phases   ] GC(2655)   Other: 0.2ms
[2024-05-30T14:06:41.844+0000][12741.264s][info][gc,heap     ] GC(2655) Eden regions: 67->0(889)
[2024-05-30T14:06:41.844+0000][12741.264s][info][gc,heap     ] GC(2655) Survivor regions: 9->6(10)
[2024-05-30T14:06:41.844+0000][12741.264s][info][gc,heap     ] GC(2655) Old regions: 316->313
[2024-05-30T14:06:41.844+0000][12741.264s][info][gc,heap     ] GC(2655) Archive regions: 2->2
[2024-05-30T14:06:41.844+0000][12741.264s][info][gc,heap     ] GC(2655) Humongous regions: 5->5
[2024-05-30T14:06:41.844+0000][12741.264s][info][gc,metaspace] GC(2655) Metaspace: 433935K(440064K)->433935K(440064K) NonClass: 379933K(383232K)->379933K(383232K) Class: 54001K(56832K)->54001K(56832K)
[2024-05-30T14:06:41.844+0000][12741.264s][info][gc          ] GC(2655) Pause Young (Mixed) (G1 Evacuation Pause) 3174M->2592M(12288M) 60.531ms
[2024-05-30T14:06:41.844+0000][12741.264s][info][gc,cpu      ] GC(2655) User=0.36s Sys=0.00s Real=0.06s
[2024-05-30T14:06:47.902+0000][12747.321s][info][gc,start    ] GC(2656) Pause Young (Normal) (G1 Evacuation Pause)
[2024-05-30T14:06:47.902+0000][12747.321s][info][gc,task     ] GC(2656) Using 6 workers of 6 for evacuation
[2024-05-30T14:06:47.919+0000][12747.338s][info][gc,phases   ] GC(2656)   Pre Evacuate Collection Set: 0.2ms
[2024-05-30T14:06:47.919+0000][12747.338s][info][gc,phases   ] GC(2656)   Merge Heap Roots: 0.2ms
[2024-05-30T14:06:47.919+0000][12747.338s][info][gc,phases   ] GC(2656)   Evacuate Collection Set: 14.7ms
[2024-05-30T14:06:47.919+0000][12747.338s][info][gc,phases   ] GC(2656)   Post Evacuate Collection Set: 1.7ms
[2024-05-30T14:06:47.919+0000][12747.338s][info][gc,phases   ] GC(2656)   Other: 0.2ms
[2024-05-30T14:06:47.919+0000][12747.338s][info][gc,heap     ] GC(2656) Eden regions: 889->0(886)
[2024-05-30T14:06:47.919+0000][12747.338s][info][gc,heap     ] GC(2656) Survivor regions: 6->9(112)
[2024-05-30T14:06:47.919+0000][12747.338s][info][gc,heap     ] GC(2656) Old regions: 313->313
[2024-05-30T14:06:47.919+0000][12747.338s][info][gc,heap     ] GC(2656) Archive regions: 2->2
[2024-05-30T14:06:47.919+0000][12747.338s][info][gc,heap     ] GC(2656) Humongous regions: 5->5
[2024-05-30T14:06:47.919+0000][12747.338s][info][gc,metaspace] GC(2656) Metaspace: 433935K(440064K)->433935K(440064K) NonClass: 379933K(383232K)->379933K(383232K) Class: 54001K(56832K)->54001K(56832K)
[2024-05-30T14:06:47.919+0000][12747.338s][info][gc          ] GC(2656) Pause Young (Normal) (G1 Evacuation Pause) 9704M->2614M(12288M) 17.107ms
[2024-05-30T14:06:47.919+0000][12747.338s][info][gc,cpu      ] GC(2656) User=0.10s Sys=0.00s Real=0.02s
[2024-05-30T14:06:52.181+0000][12751.600s][info][gc,start    ] GC(2657) Pause Young (Normal) (G1 Evacuation Pause)
[2024-05-30T14:06:52.181+0000][12751.600s][info][gc,task     ] GC(2657) Using 6 workers of 6 for evacuation
[2024-05-30T14:06:52.245+0000][12751.664s][info][gc,phases   ] GC(2657)   Pre Evacuate Collection Set: 0.2ms
[2024-05-30T14:06:52.245+0000][12751.664s][info][gc,phases   ] GC(2657)   Merge Heap Roots: 0.2ms
[2024-05-30T14:06:52.245+0000][12751.664s][info][gc,phases   ] GC(2657)   Evacuate Collection Set: 47.6ms
[2024-05-30T14:06:52.245+0000][12751.664s][info][gc,phases   ] GC(2657)   Post Evacuate Collection Set: 16.0ms
[2024-05-30T14:06:52.245+0000][12751.664s][info][gc,phases   ] GC(2657)   Other: 0.2ms
[2024-05-30T14:06:52.245+0000][12751.664s][info][gc,heap     ] GC(2657) Eden regions: 886->0(881)
[2024-05-30T14:06:52.245+0000][12751.664s][info][gc,heap     ] GC(2657) Survivor regions: 9->12(112)
[2024-05-30T14:06:52.245+0000][12751.664s][info][gc,heap     ] GC(2657) Old regions: 313->313
[2024-05-30T14:06:52.245+0000][12751.664s][info][gc,heap     ] GC(2657) Archive regions: 2->2
[2024-05-30T14:06:52.245+0000][12751.664s][info][gc,heap     ] GC(2657) Humongous regions: 5->5
[2024-05-30T14:06:52.245+0000][12751.664s][info][gc,metaspace] GC(2657) Metaspace: 433935K(440064K)->433935K(440064K) NonClass: 379933K(383232K)->379933K(383232K) Class: 54001K(56832K)->54001K(56832K)
[2024-05-30T14:06:52.245+0000][12751.664s][info][gc          ] GC(2657) Pause Young (Normal) (G1 Evacuation Pause) 9702M->2637M(12288M) 64.213ms
[2024-05-30T14:06:52.245+0000][12751.664s][info][gc,cpu      ] GC(2657) User=0.35s Sys=0.00s Real=0.06s
[2024-05-30T14:06:54.711+0000][12754.130s][info][gc,start    ] GC(2658) Pause Young (Concurrent Start) (G1 Evacuation Pause)
[2024-05-30T14:06:54.711+0000][12754.130s][info][gc,task     ] GC(2658) Using 6 workers of 6 for evacuation
[2024-05-30T14:06:54.800+0000][12754.219s][info][gc,phases   ] GC(2658)   Pre Evacuate Collection Set: 0.5ms
[2024-05-30T14:06:54.800+0000][12754.219s][info][gc,phases   ] GC(2658)   Merge Heap Roots: 0.2ms
[2024-05-30T14:06:54.800+0000][12754.219s][info][gc,phases   ] GC(2658)   Evacuate Collection Set: 71.8ms
[2024-05-30T14:06:54.800+0000][12754.219s][info][gc,phases   ] GC(2658)   Post Evacuate Collection Set: 16.8ms
[2024-05-30T14:06:54.800+0000][12754.220s][info][gc,phases   ] GC(2658)   Other: 0.3ms
[2024-05-30T14:06:54.800+0000][12754.220s][info][gc,heap     ] GC(2658) Eden regions: 881->0(872)
[2024-05-30T14:06:54.800+0000][12754.220s][info][gc,heap     ] GC(2658) Survivor regions: 12->18(112)
[2024-05-30T14:06:54.800+0000][12754.220s][info][gc,heap     ] GC(2658) Old regions: 313->313
[2024-05-30T14:06:54.800+0000][12754.220s][info][gc,heap     ] GC(2658) Archive regions: 2->2
[2024-05-30T14:06:54.800+0000][12754.220s][info][gc,heap     ] GC(2658) Humongous regions: 5->5
[2024-05-30T14:06:54.800+0000][12754.220s][info][gc,metaspace] GC(2658) Metaspace: 433935K(440064K)->433935K(440064K) NonClass: 379933K(383232K)->379933K(383232K) Class: 54001K(56832K)->54001K(56832K)
[2024-05-30T14:06:54.800+0000][12754.220s][info][gc          ] GC(2658) Pause Young (Concurrent Start) (G1 Evacuation Pause) 9685M->2687M(12288M) 89.726ms
[2024-05-30T14:06:54.800+0000][12754.220s][info][gc,cpu      ] GC(2658) User=0.52s Sys=0.00s Real=0.09s
[2024-05-30T14:06:54.800+0000][12754.220s][info][gc          ] GC(2659) Concurrent Mark Cycle
[2024-05-30T14:06:54.800+0000][12754.220s][info][gc,marking  ] GC(2659) Concurrent Clear Claimed Marks
[2024-05-30T14:06:54.801+0000][12754.220s][info][gc,marking  ] GC(2659) Concurrent Clear Claimed Marks 0.414ms
[2024-05-30T14:06:54.801+0000][12754.220s][info][gc,marking  ] GC(2659) Concurrent Scan Root Regions
[2024-05-30T14:06:54.867+0000][12754.287s][info][gc,marking  ] GC(2659) Concurrent Scan Root Regions 66.541ms
[2024-05-30T14:06:54.868+0000][12754.287s][info][gc,marking  ] GC(2659) Concurrent Mark
[2024-05-30T14:06:54.868+0000][12754.287s][info][gc,marking  ] GC(2659) Concurrent Mark From Roots
[2024-05-30T14:06:54.868+0000][12754.287s][info][gc,task     ] GC(2659) Using 2 workers of 2 for marking
[2024-05-30T14:06:57.309+0000][12756.728s][info][gc,marking  ] GC(2659) Concurrent Mark From Roots 2441.161ms
[2024-05-30T14:06:57.309+0000][12756.728s][info][gc,marking  ] GC(2659) Concurrent Preclean
[2024-05-30T14:06:57.310+0000][12756.730s][info][gc,marking  ] GC(2659) Concurrent Preclean 1.724ms
[2024-05-30T14:06:57.311+0000][12756.730s][info][gc,start    ] GC(2659) Pause Remark
[2024-05-30T14:06:57.335+0000][12756.754s][info][gc          ] GC(2659) Pause Remark 8183M->8183M(12288M) 24.152ms
[2024-05-30T14:06:57.335+0000][12756.754s][info][gc,cpu      ] GC(2659) User=0.11s Sys=0.00s Real=0.02s
[2024-05-30T14:06:57.335+0000][12756.754s][info][gc,marking  ] GC(2659) Concurrent Mark 2467.380ms
[2024-05-30T14:06:57.335+0000][12756.754s][info][gc,marking  ] GC(2659) Concurrent Rebuild Remembered Sets
[2024-05-30T14:06:57.921+0000][12757.340s][info][gc,start    ] GC(2660) Pause Young (Normal) (G1 Evacuation Pause)
[2024-05-30T14:06:57.921+0000][12757.340s][info][gc,task     ] GC(2660) Using 6 workers of 6 for evacuation
[2024-05-30T14:06:58.017+0000][12757.437s][info][gc,phases   ] GC(2660)   Pre Evacuate Collection Set: 0.2ms
[2024-05-30T14:06:58.018+0000][12757.437s][info][gc,phases   ] GC(2660)   Merge Heap Roots: 0.3ms
[2024-05-30T14:06:58.018+0000][12757.437s][info][gc,phases   ] GC(2660)   Evacuate Collection Set: 78.9ms
[2024-05-30T14:06:58.018+0000][12757.437s][info][gc,phases   ] GC(2660)   Post Evacuate Collection Set: 17.4ms
[2024-05-30T14:06:58.018+0000][12757.437s][info][gc,phases   ] GC(2660)   Other: 0.2ms
[2024-05-30T14:06:58.018+0000][12757.437s][info][gc,heap     ] GC(2660) Eden regions: 872->0(862)
[2024-05-30T14:06:58.018+0000][12757.437s][info][gc,heap     ] GC(2660) Survivor regions: 18->23(112)
[2024-05-30T14:06:58.018+0000][12757.437s][info][gc,heap     ] GC(2660) Old regions: 313->313
[2024-05-30T14:06:58.018+0000][12757.437s][info][gc,heap     ] GC(2660) Archive regions: 2->2
[2024-05-30T14:06:58.018+0000][12757.437s][info][gc,heap     ] GC(2660) Humongous regions: 5->5
[2024-05-30T14:06:58.018+0000][12757.437s][info][gc,metaspace] GC(2660) Metaspace: 433935K(440064K)->433935K(440064K) NonClass: 379933K(383232K)->379933K(383232K) Class: 54001K(56832K)->54001K(56832K)
[2024-05-30T14:06:58.018+0000][12757.437s][info][gc          ] GC(2660) Pause Young (Normal) (G1 Evacuation Pause) 9663M->2729M(12288M) 97.001ms
[2024-05-30T14:06:58.018+0000][12757.437s][info][gc,cpu      ] GC(2660) User=0.57s Sys=0.00s Real=0.10s
[2024-05-30T14:06:58.777+0000][12758.196s][info][gc,marking  ] GC(2659) Concurrent Rebuild Remembered Sets 1441.954ms
[2024-05-30T14:06:58.777+0000][12758.196s][info][gc,start    ] GC(2659) Pause Cleanup
[2024-05-30T14:06:58.778+0000][12758.197s][info][gc          ] GC(2659) Pause Cleanup 4653M->4653M(12288M) 0.499ms
[2024-05-30T14:06:58.778+0000][12758.197s][info][gc,cpu      ] GC(2659) User=0.00s Sys=0.00s Real=0.00s
[2024-05-30T14:06:58.778+0000][12758.197s][info][gc,marking  ] GC(2659) Concurrent Cleanup for Next Mark
[2024-05-30T14:06:58.794+0000][12758.214s][info][gc,marking  ] GC(2659) Concurrent Cleanup for Next Mark 16.695ms
[2024-05-30T14:06:58.794+0000][12758.214s][info][gc          ] GC(2659) Concurrent Mark Cycle 3993.932ms
[2024-05-30T14:07:00.519+0000][12759.938s][info][gc,start    ] GC(2661) Pause Young (Prepare Mixed) (G1 Evacuation Pause)
[2024-05-30T14:07:00.519+0000][12759.938s][info][gc,task     ] GC(2661) Using 6 workers of 6 for evacuation
[2024-05-30T14:07:00.636+0000][12760.056s][info][gc,phases   ] GC(2661)   Pre Evacuate Collection Set: 0.2ms
[2024-05-30T14:07:00.637+0000][12760.056s][info][gc,phases   ] GC(2661)   Merge Heap Roots: 0.3ms
[2024-05-30T14:07:00.637+0000][12760.056s][info][gc,phases   ] GC(2661)   Evacuate Collection Set: 96.2ms
[2024-05-30T14:07:00.637+0000][12760.056s][info][gc,phases   ] GC(2661)   Post Evacuate Collection Set: 20.5ms
[2024-05-30T14:07:00.637+0000][12760.056s][info][gc,phases   ] GC(2661)   Other: 0.2ms
[2024-05-30T14:07:00.637+0000][12760.056s][info][gc,heap     ] GC(2661) Eden regions: 862->0(48)
[2024-05-30T14:07:00.637+0000][12760.056s][info][gc,heap     ] GC(2661) Survivor regions: 23->28(111)
[2024-05-30T14:07:00.637+0000][12760.056s][info][gc,heap     ] GC(2661) Old regions: 313->313
[2024-05-30T14:07:00.637+0000][12760.056s][info][gc,heap     ] GC(2661) Archive regions: 2->2
[2024-05-30T14:07:00.637+0000][12760.056s][info][gc,heap     ] GC(2661) Humongous regions: 5->5
[2024-05-30T14:07:00.637+0000][12760.056s][info][gc,metaspace] GC(2661) Metaspace: 433935K(440064K)->433935K(440064K) NonClass: 379933K(383232K)->379933K(383232K) Class: 54001K(56832K)->54001K(56832K)
[2024-05-30T14:07:00.637+0000][12760.056s][info][gc          ] GC(2661) Pause Young (Prepare Mixed) (G1 Evacuation Pause) 9625M->2770M(12288M) 117.429ms
[2024-05-30T14:07:00.637+0000][12760.056s][info][gc,cpu      ] GC(2661) User=0.68s Sys=0.00s Real=0.12s
[2024-05-30T14:07:00.797+0000][12760.216s][info][gc,start    ] GC(2662) Pause Young (Mixed) (G1 Evacuation Pause)
[2024-05-30T14:07:00.797+0000][12760.216s][info][gc,task     ] GC(2662) Using 6 workers of 6 for evacuation
[2024-05-30T14:07:00.922+0000][12760.341s][info][gc,phases   ] GC(2662)   Pre Evacuate Collection Set: 0.2ms
[2024-05-30T14:07:00.922+0000][12760.341s][info][gc,phases   ] GC(2662)   Merge Heap Roots: 0.3ms
[2024-05-30T14:07:00.922+0000][12760.341s][info][gc,phases   ] GC(2662)   Evacuate Collection Set: 121.9ms
[2024-05-30T14:07:00.922+0000][12760.341s][info][gc,phases   ] GC(2662)   Post Evacuate Collection Set: 2.4ms
[2024-05-30T14:07:00.922+0000][12760.341s][info][gc,phases   ] GC(2662)   Other: 0.2ms
[2024-05-30T14:07:00.922+0000][12760.341s][info][gc,heap     ] GC(2662) Eden regions: 48->0(863)
[2024-05-30T14:07:00.922+0000][12760.341s][info][gc,heap     ] GC(2662) Survivor regions: 28->3(10)
[2024-05-30T14:07:00.922+0000][12760.341s][info][gc,heap     ] GC(2662) Old regions: 313->335
[2024-05-30T14:07:00.922+0000][12760.341s][info][gc,heap     ] GC(2662) Archive regions: 2->2
[2024-05-30T14:07:00.922+0000][12760.341s][info][gc,heap     ] GC(2662) Humongous regions: 5->5
[2024-05-30T14:07:00.922+0000][12760.341s][info][gc,metaspace] GC(2662) Metaspace: 433935K(440064K)->433935K(440064K) NonClass: 379933K(383232K)->379933K(383232K) Class: 54001K(56832K)->54001K(56832K)
[2024-05-30T14:07:00.922+0000][12760.341s][info][gc          ] GC(2662) Pause Young (Mixed) (G1 Evacuation Pause) 3154M->2741M(12288M) 125.064ms
[2024-05-30T14:07:00.922+0000][12760.341s][info][gc,cpu      ] GC(2662) User=0.74s Sys=0.00s Real=0.12s
[2024-05-30T14:07:03.396+0000][12762.815s][info][gc,start    ] GC(2663) Pause Young (Normal) (G1 Evacuation Pause)
[2024-05-30T14:07:03.396+0000][12762.815s][info][gc,task     ] GC(2663) Using 6 workers of 6 for evacuation
[2024-05-30T14:07:03.458+0000][12762.877s][info][gc,phases   ] GC(2663)   Pre Evacuate Collection Set: 0.2ms
[2024-05-30T14:07:03.458+0000][12762.877s][info][gc,phases   ] GC(2663)   Merge Heap Roots: 0.2ms
[2024-05-30T14:07:03.458+0000][12762.877s][info][gc,phases   ] GC(2663)   Evacuate Collection Set: 46.2ms
[2024-05-30T14:07:03.458+0000][12762.877s][info][gc,phases   ] GC(2663)   Post Evacuate Collection Set: 15.1ms
[2024-05-30T14:07:03.458+0000][12762.877s][info][gc,phases   ] GC(2663)   Other: 0.2ms
[2024-05-30T14:07:03.458+0000][12762.877s][info][gc,heap     ] GC(2663) Eden regions: 863->0(859)
[2024-05-30T14:07:03.458+0000][12762.877s][info][gc,heap     ] GC(2663) Survivor regions: 3->7(109)
[2024-05-30T14:07:03.458+0000][12762.877s][info][gc,heap     ] GC(2663) Old regions: 335->335
[2024-05-30T14:07:03.458+0000][12762.877s][info][gc,heap     ] GC(2663) Archive regions: 2->2
[2024-05-30T14:07:03.458+0000][12762.877s][info][gc,heap     ] GC(2663) Humongous regions: 5->5
[2024-05-30T14:07:03.458+0000][12762.877s][info][gc,metaspace] GC(2663) Metaspace: 433935K(440064K)->433935K(440064K) NonClass: 379933K(383232K)->379933K(383232K) Class: 54001K(56832K)->54001K(56832K)
[2024-05-30T14:07:03.458+0000][12762.877s][info][gc          ] GC(2663) Pause Young (Normal) (G1 Evacuation Pause) 9645M->2767M(12288M) 61.920ms
[2024-05-30T14:07:03.458+0000][12762.877s][info][gc,cpu      ] GC(2663) User=0.36s Sys=0.00s Real=0.07s
[2024-05-30T14:07:05.751+0000][12765.170s][info][gc,start    ] GC(2664) Pause Young (Normal) (G1 Evacuation Pause)
[2024-05-30T14:07:05.751+0000][12765.170s][info][gc,task     ] GC(2664) Using 6 workers of 6 for evacuation
[2024-05-30T14:07:05.822+0000][12765.241s][info][gc,phases   ] GC(2664)   Pre Evacuate Collection Set: 0.2ms
[2024-05-30T14:07:05.822+0000][12765.241s][info][gc,phases   ] GC(2664)   Merge Heap Roots: 0.2ms
[2024-05-30T14:07:05.822+0000][12765.241s][info][gc,phases   ] GC(2664)   Evacuate Collection Set: 55.2ms
[2024-05-30T14:07:05.822+0000][12765.241s][info][gc,phases   ] GC(2664)   Post Evacuate Collection Set: 15.4ms
[2024-05-30T14:07:05.822+0000][12765.241s][info][gc,phases   ] GC(2664)   Other: 0.2ms
[2024-05-30T14:07:05.822+0000][12765.241s][info][gc,heap     ] GC(2664) Eden regions: 859->0(857)
[2024-05-30T14:07:05.822+0000][12765.241s][info][gc,heap     ] GC(2664) Survivor regions: 7->10(109)
[2024-05-30T14:07:05.822+0000][12765.241s][info][gc,heap     ] GC(2664) Old regions: 335->335
[2024-05-30T14:07:05.822+0000][12765.241s][info][gc,heap     ] GC(2664) Archive regions: 2->2
[2024-05-30T14:07:05.822+0000][12765.241s][info][gc,heap     ] GC(2664) Humongous regions: 5->5
[2024-05-30T14:07:05.822+0000][12765.241s][info][gc,metaspace] GC(2664) Metaspace: 433935K(440064K)->433935K(440064K) NonClass: 379933K(383232K)->379933K(383232K) Class: 54001K(56832K)->54001K(56832K)
[2024-05-30T14:07:05.822+0000][12765.241s][info][gc          ] GC(2664) Pause Young (Normal) (G1 Evacuation Pause) 9639M->2797M(12288M) 71.225ms
[2024-05-30T14:07:05.822+0000][12765.241s][info][gc,cpu      ] GC(2664) User=0.42s Sys=0.00s Real=0.07s
[2024-05-30T14:07:08.178+0000][12767.597s][info][gc,start    ] GC(2665) Pause Young (Concurrent Start) (G1 Evacuation Pause)
[2024-05-30T14:07:08.178+0000][12767.597s][info][gc,task     ] GC(2665) Using 6 workers of 6 for evacuation
[2024-05-30T14:07:08.273+0000][12767.692s][info][gc,phases   ] GC(2665)   Pre Evacuate Collection Set: 0.5ms
[2024-05-30T14:07:08.273+0000][12767.692s][info][gc,phases   ] GC(2665)   Merge Heap Roots: 0.3ms
[2024-05-30T14:07:08.273+0000][12767.692s][info][gc,phases   ] GC(2665)   Evacuate Collection Set: 74.1ms
[2024-05-30T14:07:08.273+0000][12767.692s][info][gc,phases   ] GC(2665)   Post Evacuate Collection Set: 19.3ms
[2024-05-30T14:07:08.273+0000][12767.692s][info][gc,phases   ] GC(2665)   Other: 0.3ms
[2024-05-30T14:07:08.273+0000][12767.692s][info][gc,heap     ] GC(2665) Eden regions: 857->0(852)
[2024-05-30T14:07:08.273+0000][12767.692s][info][gc,heap     ] GC(2665) Survivor regions: 10->15(109)
[2024-05-30T14:07:08.273+0000][12767.692s][info][gc,heap     ] GC(2665) Old regions: 335->335
[2024-05-30T14:07:08.273+0000][12767.692s][info][gc,heap     ] GC(2665) Archive regions: 2->2
[2024-05-30T14:07:08.273+0000][12767.692s][info][gc,heap     ] GC(2665) Humongous regions: 5->5
[2024-05-30T14:07:08.273+0000][12767.692s][info][gc,metaspace] GC(2665) Metaspace: 433935K(440064K)->433935K(440064K) NonClass: 379933K(383232K)->379933K(383232K) Class: 54001K(56832K)->54001K(56832K)
[2024-05-30T14:07:08.273+0000][12767.692s][info][gc          ] GC(2665) Pause Young (Concurrent Start) (G1 Evacuation Pause) 9653M->2834M(12288M) 94.644ms
[2024-05-30T14:07:08.273+0000][12767.692s][info][gc,cpu      ] GC(2665) User=0.55s Sys=0.00s Real=0.09s
[2024-05-30T14:07:08.273+0000][12767.692s][info][gc          ] GC(2666) Concurrent Mark Cycle
[2024-05-30T14:07:08.273+0000][12767.692s][info][gc,marking  ] GC(2666) Concurrent Clear Claimed Marks
[2024-05-30T14:07:08.273+0000][12767.693s][info][gc,marking  ] GC(2666) Concurrent Clear Claimed Marks 0.404ms
[2024-05-30T14:07:08.273+0000][12767.693s][info][gc,marking  ] GC(2666) Concurrent Scan Root Regions
[2024-05-30T14:07:08.319+0000][12767.739s][info][gc,marking  ] GC(2666) Concurrent Scan Root Regions 46.013ms
[2024-05-30T14:07:08.319+0000][12767.739s][info][gc,marking  ] GC(2666) Concurrent Mark
[2024-05-30T14:07:08.319+0000][12767.739s][info][gc,marking  ] GC(2666) Concurrent Mark From Roots
[2024-05-30T14:07:08.319+0000][12767.739s][info][gc,task     ] GC(2666) Using 2 workers of 2 for marking
[2024-05-30T14:07:11.012+0000][12770.431s][info][gc,marking  ] GC(2666) Concurrent Mark From Roots 2692.208ms
[2024-05-30T14:07:11.012+0000][12770.431s][info][gc,marking  ] GC(2666) Concurrent Preclean
[2024-05-30T14:07:11.013+0000][12770.433s][info][gc,marking  ] GC(2666) Concurrent Preclean 1.773ms
[2024-05-30T14:07:11.014+0000][12770.433s][info][gc,start    ] GC(2666) Pause Remark
[2024-05-30T14:07:11.038+0000][12770.457s][info][gc          ] GC(2666) Pause Remark 8930M->8930M(12288M) 24.194ms
[2024-05-30T14:07:11.038+0000][12770.457s][info][gc,cpu      ] GC(2666) User=0.10s Sys=0.00s Real=0.03s
[2024-05-30T14:07:11.038+0000][12770.457s][info][gc,marking  ] GC(2666) Concurrent Mark 2718.535ms
[2024-05-30T14:07:11.038+0000][12770.457s][info][gc,marking  ] GC(2666) Concurrent Rebuild Remembered Sets
[2024-05-30T14:07:11.335+0000][12770.754s][info][gc,start    ] GC(2667) Pause Young (Normal) (G1 Evacuation Pause)
[2024-05-30T14:07:11.335+0000][12770.754s][info][gc,task     ] GC(2667) Using 6 workers of 6 for evacuation
[2024-05-30T14:07:11.431+0000][12770.850s][info][gc,phases   ] GC(2667)   Pre Evacuate Collection Set: 0.2ms
[2024-05-30T14:07:11.431+0000][12770.850s][info][gc,phases   ] GC(2667)   Merge Heap Roots: 0.3ms
[2024-05-30T14:07:11.431+0000][12770.850s][info][gc,phases   ] GC(2667)   Evacuate Collection Set: 77.5ms
[2024-05-30T14:07:11.431+0000][12770.850s][info][gc,phases   ] GC(2667)   Post Evacuate Collection Set: 17.2ms
[2024-05-30T14:07:11.431+0000][12770.850s][info][gc,phases   ] GC(2667)   Other: 0.2ms
[2024-05-30T14:07:11.431+0000][12770.850s][info][gc,heap     ] GC(2667) Eden regions: 852->0(851)
[2024-05-30T14:07:11.431+0000][12770.850s][info][gc,heap     ] GC(2667) Survivor regions: 15->17(109)
[2024-05-30T14:07:11.431+0000][12770.850s][info][gc,heap     ] GC(2667) Old regions: 335->335
[2024-05-30T14:07:11.431+0000][12770.850s][info][gc,heap     ] GC(2667) Archive regions: 2->2
[2024-05-30T14:07:11.431+0000][12770.850s][info][gc,heap     ] GC(2667) Humongous regions: 5->5
[2024-05-30T14:07:11.431+0000][12770.850s][info][gc,metaspace] GC(2667) Metaspace: 433935K(440064K)->433935K(440064K) NonClass: 379933K(383232K)->379933K(383232K) Class: 54001K(56832K)->54001K(56832K)
[2024-05-30T14:07:11.431+0000][12770.850s][info][gc          ] GC(2667) Pause Young (Normal) (G1 Evacuation Pause) 9650M->2851M(12288M) 95.434ms
[2024-05-30T14:07:11.431+0000][12770.850s][info][gc,cpu      ] GC(2667) User=0.56s Sys=0.00s Real=0.10s
[2024-05-30T14:07:12.642+0000][12772.061s][info][gc,marking  ] GC(2666) Concurrent Rebuild Remembered Sets 1603.981ms
[2024-05-30T14:07:12.642+0000][12772.061s][info][gc,start    ] GC(2666) Pause Cleanup
[2024-05-30T14:07:12.643+0000][12772.062s][info][gc          ] GC(2666) Pause Cleanup 5699M->5699M(12288M) 0.495ms
[2024-05-30T14:07:12.643+0000][12772.062s][info][gc,cpu      ] GC(2666) User=0.00s Sys=0.00s Real=0.00s
[2024-05-30T14:07:12.643+0000][12772.062s][info][gc,marking  ] GC(2666) Concurrent Cleanup for Next Mark
[2024-05-30T14:07:12.671+0000][12772.091s][info][gc,marking  ] GC(2666) Concurrent Cleanup for Next Mark 28.522ms
[2024-05-30T14:07:12.671+0000][12772.091s][info][gc          ] GC(2666) Concurrent Mark Cycle 4398.476ms
[2024-05-30T14:07:14.221+0000][12773.640s][info][gc,start    ] GC(2668) Pause Young (Prepare Mixed) (G1 Evacuation Pause)
[2024-05-30T14:07:14.221+0000][12773.640s][info][gc,task     ] GC(2668) Using 6 workers of 6 for evacuation
[2024-05-30T14:07:14.328+0000][12773.747s][info][gc,phases   ] GC(2668)   Pre Evacuate Collection Set: 0.2ms
[2024-05-30T14:07:14.328+0000][12773.747s][info][gc,phases   ] GC(2668)   Merge Heap Roots: 0.4ms
[2024-05-30T14:07:14.328+0000][12773.747s][info][gc,phases   ] GC(2668)   Evacuate Collection Set: 89.5ms
[2024-05-30T14:07:14.328+0000][12773.747s][info][gc,phases   ] GC(2668)   Post Evacuate Collection Set: 16.8ms
[2024-05-30T14:07:14.328+0000][12773.747s][info][gc,phases   ] GC(2668)   Other: 0.2ms
[2024-05-30T14:07:14.328+0000][12773.747s][info][gc,heap     ] GC(2668) Eden regions: 851->0(56)
[2024-05-30T14:07:14.328+0000][12773.747s][info][gc,heap     ] GC(2668) Survivor regions: 17->20(109)
[2024-05-30T14:07:14.328+0000][12773.747s][info][gc,heap     ] GC(2668) Old regions: 335->335
[2024-05-30T14:07:14.328+0000][12773.747s][info][gc,heap     ] GC(2668) Archive regions: 2->2
[2024-05-30T14:07:14.328+0000][12773.747s][info][gc,heap     ] GC(2668) Humongous regions: 5->5
[2024-05-30T14:07:14.328+0000][12773.747s][info][gc,metaspace] GC(2668) Metaspace: 433935K(440064K)->433935K(440064K) NonClass: 379933K(383232K)->379933K(383232K) Class: 54001K(56832K)->54001K(56832K)
[2024-05-30T14:07:14.328+0000][12773.747s][info][gc          ] GC(2668) Pause Young (Prepare Mixed) (G1 Evacuation Pause) 9659M->2876M(12288M) 107.176ms
[2024-05-30T14:07:14.328+0000][12773.747s][info][gc,cpu      ] GC(2668) User=0.63s Sys=0.00s Real=0.10s
[2024-05-30T14:07:14.461+0000][12773.880s][info][gc,start    ] GC(2669) Pause Young (Mixed) (G1 Evacuation Pause)
[2024-05-30T14:07:14.461+0000][12773.880s][info][gc,task     ] GC(2669) Using 6 workers of 6 for evacuation
[2024-05-30T14:07:14.564+0000][12773.983s][info][gc,phases   ] GC(2669)   Pre Evacuate Collection Set: 0.2ms
[2024-05-30T14:07:14.564+0000][12773.983s][info][gc,phases   ] GC(2669)   Merge Heap Roots: 0.3ms
[2024-05-30T14:07:14.564+0000][12773.983s][info][gc,phases   ] GC(2669)   Evacuate Collection Set: 100.1ms
[2024-05-30T14:07:14.564+0000][12773.983s][info][gc,phases   ] GC(2669)   Post Evacuate Collection Set: 2.4ms
[2024-05-30T14:07:14.564+0000][12773.983s][info][gc,phases   ] GC(2669)   Other: 0.2ms
[2024-05-30T14:07:14.564+0000][12773.983s][info][gc,heap     ] GC(2669) Eden regions: 56->0(852)
[2024-05-30T14:07:14.564+0000][12773.983s][info][gc,heap     ] GC(2669) Survivor regions: 20->3(10)
[2024-05-30T14:07:14.564+0000][12773.983s][info][gc,heap     ] GC(2669) Old regions: 335->348
[2024-05-30T14:07:14.564+0000][12773.983s][info][gc,heap     ] GC(2669) Archive regions: 2->2
[2024-05-30T14:07:14.564+0000][12773.983s][info][gc,heap     ] GC(2669) Humongous regions: 5->5
[2024-05-30T14:07:14.564+0000][12773.983s][info][gc,metaspace] GC(2669) Metaspace: 433935K(440064K)->433935K(440064K) NonClass: 379933K(383232K)->379933K(383232K) Class: 54001K(56832K)->54001K(56832K)
[2024-05-30T14:07:14.564+0000][12773.983s][info][gc          ] GC(2669) Pause Young (Mixed) (G1 Evacuation Pause) 3324M->2845M(12288M) 103.238ms
[2024-05-30T14:07:14.564+0000][12773.984s][info][gc,cpu      ] GC(2669) User=0.61s Sys=0.00s Real=0.10s
[2024-05-30T14:07:16.688+0000][12776.108s][info][gc,start    ] GC(2670) Pause Young (Normal) (G1 Evacuation Pause)
[2024-05-30T14:07:16.688+0000][12776.108s][info][gc,task     ] GC(2670) Using 6 workers of 6 for evacuation
[2024-05-30T14:07:16.711+0000][12776.131s][info][gc,phases   ] GC(2670)   Pre Evacuate Collection Set: 0.2ms
[2024-05-30T14:07:16.711+0000][12776.131s][info][gc,phases   ] GC(2670)   Merge Heap Roots: 0.2ms
[2024-05-30T14:07:16.711+0000][12776.131s][info][gc,phases   ] GC(2670)   Evacuate Collection Set: 17.1ms
[2024-05-30T14:07:16.711+0000][12776.131s][info][gc,phases   ] GC(2670)   Post Evacuate Collection Set: 5.3ms
[2024-05-30T14:07:16.711+0000][12776.131s][info][gc,phases   ] GC(2670)   Other: 0.2ms
[2024-05-30T14:07:16.711+0000][12776.131s][info][gc,heap     ] GC(2670) Eden regions: 852->0(854)
[2024-05-30T14:07:16.711+0000][12776.131s][info][gc,heap     ] GC(2670) Survivor regions: 3->3(107)
[2024-05-30T14:07:16.711+0000][12776.131s][info][gc,heap     ] GC(2670) Old regions: 348->348
[2024-05-30T14:07:16.711+0000][12776.131s][info][gc,heap     ] GC(2670) Archive regions: 2->2
[2024-05-30T14:07:16.711+0000][12776.131s][info][gc,heap     ] GC(2670) Humongous regions: 5->5
[2024-05-30T14:07:16.711+0000][12776.131s][info][gc,metaspace] GC(2670) Metaspace: 433935K(440064K)->433935K(440064K) NonClass: 379933K(383232K)->379933K(383232K) Class: 54001K(56832K)->54001K(56832K)
[2024-05-30T14:07:16.711+0000][12776.131s][info][gc          ] GC(2670) Pause Young (Normal) (G1 Evacuation Pause) 9661M->2845M(12288M) 22.999ms
[2024-05-30T14:07:16.711+0000][12776.131s][info][gc,cpu      ] GC(2670) User=0.13s Sys=0.00s Real=0.02s
[2024-05-30T14:07:19.372+0000][12778.791s][info][gc,start    ] GC(2671) Pause Young (Normal) (G1 Evacuation Pause)
[2024-05-30T14:07:19.372+0000][12778.791s][info][gc,task     ] GC(2671) Using 6 workers of 6 for evacuation
[2024-05-30T14:07:19.440+0000][12778.859s][info][gc,phases   ] GC(2671)   Pre Evacuate Collection Set: 0.2ms
[2024-05-30T14:07:19.440+0000][12778.859s][info][gc,phases   ] GC(2671)   Merge Heap Roots: 0.3ms
[2024-05-30T14:07:19.440+0000][12778.859s][info][gc,phases   ] GC(2671)   Evacuate Collection Set: 52.1ms
[2024-05-30T14:07:19.440+0000][12778.859s][info][gc,phases   ] GC(2671)   Post Evacuate Collection Set: 15.9ms
[2024-05-30T14:07:19.440+0000][12778.859s][info][gc,phases   ] GC(2671)   Other: 0.2ms
[2024-05-30T14:07:19.440+0000][12778.859s][info][gc,heap     ] GC(2671) Eden regions: 854->0(847)
[2024-05-30T14:07:19.440+0000][12778.859s][info][gc,heap     ] GC(2671) Survivor regions: 3->9(108)
[2024-05-30T14:07:19.440+0000][12778.859s][info][gc,heap     ] GC(2671) Old regions: 348->348
[2024-05-30T14:07:19.440+0000][12778.859s][info][gc,heap     ] GC(2671) Archive regions: 2->2
[2024-05-30T14:07:19.440+0000][12778.860s][info][gc,heap     ] GC(2671) Humongous regions: 5->5
[2024-05-30T14:07:19.440+0000][12778.860s][info][gc,metaspace] GC(2671) Metaspace: 433935K(440064K)->433935K(440064K) NonClass: 379933K(383232K)->379933K(383232K) Class: 54001K(56832K)->54001K(56832K)
[2024-05-30T14:07:19.440+0000][12778.860s][info][gc          ] GC(2671) Pause Young (Normal) (G1 Evacuation Pause) 9677M->2886M(12288M) 68.765ms
[2024-05-30T14:07:19.440+0000][12778.860s][info][gc,cpu      ] GC(2671) User=0.40s Sys=0.00s Real=0.07s
[2024-05-30T14:07:21.406+0000][12780.825s][info][gc,start    ] GC(2672) Pause Young (Concurrent Start) (G1 Evacuation Pause)
[2024-05-30T14:07:21.406+0000][12780.825s][info][gc,task     ] GC(2672) Using 6 workers of 6 for evacuation
[2024-05-30T14:07:21.449+0000][12780.868s][info][gc,phases   ] GC(2672)   Pre Evacuate Collection Set: 0.5ms
[2024-05-30T14:07:21.449+0000][12780.868s][info][gc,phases   ] GC(2672)   Merge Heap Roots: 0.3ms
[2024-05-30T14:07:21.449+0000][12780.868s][info][gc,phases   ] GC(2672)   Evacuate Collection Set: 36.7ms
[2024-05-30T14:07:21.449+0000][12780.868s][info][gc,phases   ] GC(2672)   Post Evacuate Collection Set: 5.6ms
[2024-05-30T14:07:21.449+0000][12780.868s][info][gc,phases   ] GC(2672)   Other: 0.3ms
[2024-05-30T14:07:21.449+0000][12780.868s][info][gc,heap     ] GC(2672) Eden regions: 847->0(848)
[2024-05-30T14:07:21.449+0000][12780.868s][info][gc,heap     ] GC(2672) Survivor regions: 9->10(107)
[2024-05-30T14:07:21.449+0000][12780.868s][info][gc,heap     ] GC(2672) Old regions: 348->348
[2024-05-30T14:07:21.449+0000][12780.868s][info][gc,heap     ] GC(2672) Archive regions: 2->2
[2024-05-30T14:07:21.449+0000][12780.868s][info][gc,heap     ] GC(2672) Humongous regions: 5->5
[2024-05-30T14:07:21.449+0000][12780.868s][info][gc,metaspace] GC(2672) Metaspace: 433935K(440064K)->433935K(440064K) NonClass: 379933K(383232K)->379933K(383232K) Class: 54001K(56832K)->54001K(56832K)
[2024-05-30T14:07:21.449+0000][12780.868s][info][gc          ] GC(2672) Pause Young (Concurrent Start) (G1 Evacuation Pause) 9662M->2897M(12288M) 43.403ms
[2024-05-30T14:07:21.449+0000][12780.868s][info][gc,cpu      ] GC(2672) User=0.25s Sys=0.00s Real=0.05s
[2024-05-30T14:07:21.449+0000][12780.868s][info][gc          ] GC(2673) Concurrent Mark Cycle
[2024-05-30T14:07:21.449+0000][12780.868s][info][gc,marking  ] GC(2673) Concurrent Clear Claimed Marks
[2024-05-30T14:07:21.449+0000][12780.869s][info][gc,marking  ] GC(2673) Concurrent Clear Claimed Marks 0.406ms
[2024-05-30T14:07:21.449+0000][12780.869s][info][gc,marking  ] GC(2673) Concurrent Scan Root Regions
[2024-05-30T14:07:21.479+0000][12780.898s][info][gc,marking  ] GC(2673) Concurrent Scan Root Regions 29.252ms
[2024-05-30T14:07:21.479+0000][12780.898s][info][gc,marking  ] GC(2673) Concurrent Mark
[2024-05-30T14:07:21.479+0000][12780.898s][info][gc,marking  ] GC(2673) Concurrent Mark From Roots
[2024-05-30T14:07:21.479+0000][12780.898s][info][gc,task     ] GC(2673) Using 2 workers of 2 for marking
[2024-05-30T14:07:24.217+0000][12783.636s][info][gc,marking  ] GC(2673) Concurrent Mark From Roots 2738.304ms
[2024-05-30T14:07:24.217+0000][12783.636s][info][gc,marking  ] GC(2673) Concurrent Preclean
[2024-05-30T14:07:24.219+0000][12783.638s][info][gc,marking  ] GC(2673) Concurrent Preclean 1.523ms
[2024-05-30T14:07:24.219+0000][12783.638s][info][gc,start    ] GC(2673) Pause Remark
[2024-05-30T14:07:24.245+0000][12783.664s][info][gc          ] GC(2673) Pause Remark 8197M->8197M(12288M) 25.892ms
[2024-05-30T14:07:24.245+0000][12783.664s][info][gc,cpu      ] GC(2673) User=0.12s Sys=0.00s Real=0.02s
[2024-05-30T14:07:24.245+0000][12783.664s][info][gc,marking  ] GC(2673) Concurrent Mark 2766.189ms
[2024-05-30T14:07:24.245+0000][12783.664s][info][gc,marking  ] GC(2673) Concurrent Rebuild Remembered Sets
[2024-05-30T14:07:25.206+0000][12784.625s][info][gc,start    ] GC(2674) Pause Young (Normal) (G1 Evacuation Pause)
[2024-05-30T14:07:25.206+0000][12784.625s][info][gc,task     ] GC(2674) Using 6 workers of 6 for evacuation
[2024-05-30T14:07:25.254+0000][12784.673s][info][gc,phases   ] GC(2674)   Pre Evacuate Collection Set: 0.2ms
[2024-05-30T14:07:25.254+0000][12784.673s][info][gc,phases   ] GC(2674)   Merge Heap Roots: 0.7ms
[2024-05-30T14:07:25.254+0000][12784.673s][info][gc,phases   ] GC(2674)   Evacuate Collection Set: 45.1ms
[2024-05-30T14:07:25.254+0000][12784.673s][info][gc,phases   ] GC(2674)   Post Evacuate Collection Set: 2.1ms
[2024-05-30T14:07:25.254+0000][12784.673s][info][gc,phases   ] GC(2674)   Other: 0.2ms
[2024-05-30T14:07:25.254+0000][12784.673s][info][gc,heap     ] GC(2674) Eden regions: 848->0(847)
[2024-05-30T14:07:25.254+0000][12784.673s][info][gc,heap     ] GC(2674) Survivor regions: 10->12(108)
[2024-05-30T14:07:25.254+0000][12784.673s][info][gc,heap     ] GC(2674) Old regions: 348->348
[2024-05-30T14:07:25.254+0000][12784.673s][info][gc,heap     ] GC(2674) Archive regions: 2->2
[2024-05-30T14:07:25.254+0000][12784.673s][info][gc,heap     ] GC(2674) Humongous regions: 5->5
[2024-05-30T14:07:25.254+0000][12784.673s][info][gc,metaspace] GC(2674) Metaspace: 433935K(440064K)->433935K(440064K) NonClass: 379933K(383232K)->379933K(383232K) Class: 54001K(56832K)->54001K(56832K)
[2024-05-30T14:07:25.254+0000][12784.673s][info][gc          ] GC(2674) Pause Young (Normal) (G1 Evacuation Pause) 9681M->2916M(12288M) 48.318ms
[2024-05-30T14:07:25.254+0000][12784.673s][info][gc,cpu      ] GC(2674) User=0.29s Sys=0.00s Real=0.05s
[2024-05-30T14:07:25.976+0000][12785.396s][info][gc,marking  ] GC(2673) Concurrent Rebuild Remembered Sets 1731.462ms
[2024-05-30T14:07:25.977+0000][12785.396s][info][gc,start    ] GC(2673) Pause Cleanup
[2024-05-30T14:07:25.977+0000][12785.396s][info][gc          ] GC(2673) Pause Cleanup 4400M->4400M(12288M) 0.471ms
[2024-05-30T14:07:25.977+0000][12785.396s][info][gc,cpu      ] GC(2673) User=0.00s Sys=0.00s Real=0.00s
[2024-05-30T14:07:25.977+0000][12785.396s][info][gc,marking  ] GC(2673) Concurrent Cleanup for Next Mark
[2024-05-30T14:07:26.006+0000][12785.426s][info][gc,marking  ] GC(2673) Concurrent Cleanup for Next Mark 29.111ms
[2024-05-30T14:07:26.006+0000][12785.426s][info][gc          ] GC(2673) Concurrent Mark Cycle 4557.356ms
[2024-05-30T14:07:28.170+0000][12787.590s][info][gc,start    ] GC(2675) Pause Young (Prepare Mixed) (G1 Evacuation Pause)
[2024-05-30T14:07:28.171+0000][12787.590s][info][gc,task     ] GC(2675) Using 6 workers of 6 for evacuation
[2024-05-30T14:07:28.216+0000][12787.635s][info][gc,phases   ] GC(2675)   Pre Evacuate Collection Set: 0.2ms
[2024-05-30T14:07:28.216+0000][12787.635s][info][gc,phases   ] GC(2675)   Merge Heap Roots: 0.6ms
[2024-05-30T14:07:28.216+0000][12787.635s][info][gc,phases   ] GC(2675)   Evacuate Collection Set: 42.3ms
[2024-05-30T14:07:28.216+0000][12787.635s][info][gc,phases   ] GC(2675)   Post Evacuate Collection Set: 1.8ms
[2024-05-30T14:07:28.216+0000][12787.635s][info][gc,phases   ] GC(2675)   Other: 0.2ms
[2024-05-30T14:07:28.216+0000][12787.635s][info][gc,heap     ] GC(2675) Eden regions: 847->0(63)
[2024-05-30T14:07:28.216+0000][12787.635s][info][gc,heap     ] GC(2675) Survivor regions: 12->13(108)
[2024-05-30T14:07:28.216+0000][12787.635s][info][gc,heap     ] GC(2675) Old regions: 348->348
[2024-05-30T14:07:28.216+0000][12787.635s][info][gc,heap     ] GC(2675) Archive regions: 2->2
[2024-05-30T14:07:28.216+0000][12787.635s][info][gc,heap     ] GC(2675) Humongous regions: 5->5
[2024-05-30T14:07:28.216+0000][12787.635s][info][gc,metaspace] GC(2675) Metaspace: 433935K(440064K)->433935K(440064K) NonClass: 379933K(383232K)->379933K(383232K) Class: 54001K(56832K)->54001K(56832K)
[2024-05-30T14:07:28.216+0000][12787.635s][info][gc          ] GC(2675) Pause Young (Prepare Mixed) (G1 Evacuation Pause) 9692M->2920M(12288M) 45.184ms
[2024-05-30T14:07:28.216+0000][12787.635s][info][gc,cpu      ] GC(2675) User=0.27s Sys=0.00s Real=0.04s
[2024-05-30T14:07:28.532+0000][12787.951s][info][gc,start    ] GC(2676) Pause Young (Mixed) (G1 Evacuation Pause)
[2024-05-30T14:07:28.532+0000][12787.951s][info][gc,task     ] GC(2676) Using 6 workers of 6 for evacuation
[2024-05-30T14:07:28.596+0000][12788.015s][info][gc,phases   ] GC(2676)   Pre Evacuate Collection Set: 0.2ms
[2024-05-30T14:07:28.596+0000][12788.015s][info][gc,phases   ] GC(2676)   Merge Heap Roots: 0.3ms
[2024-05-30T14:07:28.596+0000][12788.015s][info][gc,phases   ] GC(2676)   Evacuate Collection Set: 62.5ms
[2024-05-30T14:07:28.596+0000][12788.015s][info][gc,phases   ] GC(2676)   Post Evacuate Collection Set: 1.3ms
[2024-05-30T14:07:28.596+0000][12788.015s][info][gc,phases   ] GC(2676)   Other: 0.2ms
[2024-05-30T14:07:28.596+0000][12788.015s][info][gc,heap     ] GC(2676) Eden regions: 63->0(853)
[2024-05-30T14:07:28.596+0000][12788.015s][info][gc,heap     ] GC(2676) Survivor regions: 13->5(10)
[2024-05-30T14:07:28.596+0000][12788.015s][info][gc,heap     ] GC(2676) Old regions: 348->350
[2024-05-30T14:07:28.596+0000][12788.015s][info][gc,heap     ] GC(2676) Archive regions: 2->2
[2024-05-30T14:07:28.596+0000][12788.015s][info][gc,heap     ] GC(2676) Humongous regions: 5->5
[2024-05-30T14:07:28.596+0000][12788.015s][info][gc,metaspace] GC(2676) Metaspace: 433935K(440064K)->433935K(440064K) NonClass: 379933K(383232K)->379933K(383232K) Class: 54001K(56832K)->54001K(56832K)
[2024-05-30T14:07:28.596+0000][12788.015s][info][gc          ] GC(2676) Pause Young (Mixed) (G1 Evacuation Pause) 3424M->2873M(12288M) 64.492ms
[2024-05-30T14:07:28.596+0000][12788.015s][info][gc,cpu      ] GC(2676) User=0.38s Sys=0.00s Real=0.06s
[2024-05-30T14:07:34.368+0000][12793.787s][info][gc,start    ] GC(2677) Pause Young (Normal) (G1 Evacuation Pause)
[2024-05-30T14:07:34.368+0000][12793.788s][info][gc,task     ] GC(2677) Using 6 workers of 6 for evacuation
[2024-05-30T14:07:34.379+0000][12793.798s][info][gc,phases   ] GC(2677)   Pre Evacuate Collection Set: 0.2ms
[2024-05-30T14:07:34.379+0000][12793.798s][info][gc,phases   ] GC(2677)   Merge Heap Roots: 0.2ms
[2024-05-30T14:07:34.379+0000][12793.798s][info][gc,phases   ] GC(2677)   Evacuate Collection Set: 8.5ms
[2024-05-30T14:07:34.379+0000][12793.798s][info][gc,phases   ] GC(2677)   Post Evacuate Collection Set: 1.8ms
[2024-05-30T14:07:34.379+0000][12793.798s][info][gc,phases   ] GC(2677)   Other: 0.2ms
[2024-05-30T14:07:34.379+0000][12793.798s][info][gc,heap     ] GC(2677) Eden regions: 853->0(852)
[2024-05-30T14:07:34.379+0000][12793.798s][info][gc,heap     ] GC(2677) Survivor regions: 5->6(108)
[2024-05-30T14:07:34.379+0000][12793.798s][info][gc,heap     ] GC(2677) Old regions: 350->350
[2024-05-30T14:07:34.379+0000][12793.798s][info][gc,heap     ] GC(2677) Archive regions: 2->2
[2024-05-30T14:07:34.379+0000][12793.798s][info][gc,heap     ] GC(2677) Humongous regions: 5->5
[2024-05-30T14:07:34.379+0000][12793.798s][info][gc,metaspace] GC(2677) Metaspace: 433937K(440064K)->433937K(440064K) NonClass: 379935K(383232K)->379935K(383232K) Class: 54001K(56832K)->54001K(56832K)
[2024-05-30T14:07:34.379+0000][12793.798s][info][gc          ] GC(2677) Pause Young (Normal) (G1 Evacuation Pause) 9697M->2882M(12288M) 10.978ms
[2024-05-30T14:07:34.379+0000][12793.799s][info][gc,cpu      ] GC(2677) User=0.06s Sys=0.00s Real=0.02s
[2024-05-30T14:07:40.312+0000][12799.732s][info][gc,start    ] GC(2678) Pause Young (Normal) (G1 Evacuation Pause)
[2024-05-30T14:07:40.312+0000][12799.732s][info][gc,task     ] GC(2678) Using 6 workers of 6 for evacuation
[2024-05-30T14:07:40.327+0000][12799.746s][info][gc,phases   ] GC(2678)   Pre Evacuate Collection Set: 0.2ms
[2024-05-30T14:07:40.327+0000][12799.746s][info][gc,phases   ] GC(2678)   Merge Heap Roots: 0.2ms
[2024-05-30T14:07:40.327+0000][12799.746s][info][gc,phases   ] GC(2678)   Evacuate Collection Set: 11.7ms
[2024-05-30T14:07:40.327+0000][12799.746s][info][gc,phases   ] GC(2678)   Post Evacuate Collection Set: 2.1ms
[2024-05-30T14:07:40.327+0000][12799.746s][info][gc,phases   ] GC(2678)   Other: 0.2ms
[2024-05-30T14:07:40.327+0000][12799.746s][info][gc,heap     ] GC(2678) Eden regions: 852->0(850)
[2024-05-30T14:07:40.327+0000][12799.746s][info][gc,heap     ] GC(2678) Survivor regions: 6->8(108)
[2024-05-30T14:07:40.327+0000][12799.746s][info][gc,heap     ] GC(2678) Old regions: 350->350
[2024-05-30T14:07:40.327+0000][12799.746s][info][gc,heap     ] GC(2678) Archive regions: 2->2
[2024-05-30T14:07:40.327+0000][12799.746s][info][gc,heap     ] GC(2678) Humongous regions: 5->5
[2024-05-30T14:07:40.327+0000][12799.746s][info][gc,metaspace] GC(2678) Metaspace: 433937K(440064K)->433937K(440064K) NonClass: 379935K(383232K)->379935K(383232K) Class: 54001K(56832K)->54001K(56832K)
[2024-05-30T14:07:40.327+0000][12799.746s][info][gc          ] GC(2678) Pause Young (Normal) (G1 Evacuation Pause) 9698M->2900M(12288M) 14.426ms
[2024-05-30T14:07:40.327+0000][12799.746s][info][gc,cpu      ] GC(2678) User=0.08s Sys=0.00s Real=0.01s
[2024-05-30T14:07:46.069+0000][12805.489s][info][gc,start    ] GC(2679) Pause Young (Concurrent Start) (G1 Evacuation Pause)
[2024-05-30T14:07:46.069+0000][12805.489s][info][gc,task     ] GC(2679) Using 6 workers of 6 for evacuation
[2024-05-30T14:07:46.086+0000][12805.505s][info][gc,phases   ] GC(2679)   Pre Evacuate Collection Set: 0.5ms
[2024-05-30T14:07:46.086+0000][12805.505s][info][gc,phases   ] GC(2679)   Merge Heap Roots: 0.2ms
[2024-05-30T14:07:46.086+0000][12805.505s][info][gc,phases   ] GC(2679)   Evacuate Collection Set: 13.8ms
[2024-05-30T14:07:46.086+0000][12805.505s][info][gc,phases   ] GC(2679)   Post Evacuate Collection Set: 1.8ms
[2024-05-30T14:07:46.086+0000][12805.505s][info][gc,phases   ] GC(2679)   Other: 0.3ms
[2024-05-30T14:07:46.086+0000][12805.505s][info][gc,heap     ] GC(2679) Eden regions: 850->0(850)
[2024-05-30T14:07:46.086+0000][12805.505s][info][gc,heap     ] GC(2679) Survivor regions: 8->8(108)
[2024-05-30T14:07:46.086+0000][12805.505s][info][gc,heap     ] GC(2679) Old regions: 350->350
[2024-05-30T14:07:46.086+0000][12805.505s][info][gc,heap     ] GC(2679) Archive regions: 2->2
[2024-05-30T14:07:46.086+0000][12805.505s][info][gc,heap     ] GC(2679) Humongous regions: 5->5
[2024-05-30T14:07:46.086+0000][12805.505s][info][gc,metaspace] GC(2679) Metaspace: 433938K(440064K)->433938K(440064K) NonClass: 379937K(383232K)->379937K(383232K) Class: 54001K(56832K)->54001K(56832K)
[2024-05-30T14:07:46.086+0000][12805.505s][info][gc          ] GC(2679) Pause Young (Concurrent Start) (G1 Evacuation Pause) 9700M->2902M(12288M) 16.620ms
[2024-05-30T14:07:46.086+0000][12805.505s][info][gc,cpu      ] GC(2679) User=0.10s Sys=0.00s Real=0.01s
[2024-05-30T14:07:46.086+0000][12805.505s][info][gc          ] GC(2680) Concurrent Mark Cycle
[2024-05-30T14:07:46.086+0000][12805.505s][info][gc,marking  ] GC(2680) Concurrent Clear Claimed Marks
[2024-05-30T14:07:46.086+0000][12805.506s][info][gc,marking  ] GC(2680) Concurrent Clear Claimed Marks 0.386ms
[2024-05-30T14:07:46.087+0000][12805.506s][info][gc,marking  ] GC(2680) Concurrent Scan Root Regions
[2024-05-30T14:07:46.100+0000][12805.520s][info][gc,marking  ] GC(2680) Concurrent Scan Root Regions 13.961ms
[2024-05-30T14:07:46.101+0000][12805.520s][info][gc,marking  ] GC(2680) Concurrent Mark
[2024-05-30T14:07:46.101+0000][12805.520s][info][gc,marking  ] GC(2680) Concurrent Mark From Roots
[2024-05-30T14:07:46.101+0000][12805.520s][info][gc,task     ] GC(2680) Using 2 workers of 2 for marking
[2024-05-30T14:07:48.795+0000][12808.215s][info][gc,marking  ] GC(2680) Concurrent Mark From Roots 2694.860ms
[2024-05-30T14:07:48.795+0000][12808.215s][info][gc,marking  ] GC(2680) Concurrent Preclean
[2024-05-30T14:07:48.797+0000][12808.216s][info][gc,marking  ] GC(2680) Concurrent Preclean 1.335ms
[2024-05-30T14:07:48.797+0000][12808.216s][info][gc,start    ] GC(2680) Pause Remark
[2024-05-30T14:07:48.821+0000][12808.240s][info][gc          ] GC(2680) Pause Remark 5630M->5630M(12288M) 24.074ms
[2024-05-30T14:07:48.821+0000][12808.240s][info][gc,cpu      ] GC(2680) User=0.11s Sys=0.00s Real=0.02s
[2024-05-30T14:07:48.821+0000][12808.241s][info][gc,marking  ] GC(2680) Concurrent Mark 2720.905ms
[2024-05-30T14:07:48.821+0000][12808.241s][info][gc,marking  ] GC(2680) Concurrent Rebuild Remembered Sets
[2024-05-30T14:07:50.224+0000][12809.644s][info][gc,marking  ] GC(2680) Concurrent Rebuild Remembered Sets 1402.830ms
[2024-05-30T14:07:50.224+0000][12809.644s][info][gc,start    ] GC(2680) Pause Cleanup
[2024-05-30T14:07:50.225+0000][12809.644s][info][gc          ] GC(2680) Pause Cleanup 7074M->7074M(12288M) 0.593ms
[2024-05-30T14:07:50.225+0000][12809.644s][info][gc,cpu      ] GC(2680) User=0.00s Sys=0.01s Real=0.00s
[2024-05-30T14:07:50.225+0000][12809.644s][info][gc,marking  ] GC(2680) Concurrent Cleanup for Next Mark
[2024-05-30T14:07:50.242+0000][12809.661s][info][gc,marking  ] GC(2680) Concurrent Cleanup for Next Mark 16.782ms
[2024-05-30T14:07:50.242+0000][12809.661s][info][gc          ] GC(2680) Concurrent Mark Cycle 4155.957ms
[2024-05-30T14:07:52.428+0000][12811.847s][info][gc,start    ] GC(2681) Pause Young (Prepare Mixed) (G1 Evacuation Pause)
[2024-05-30T14:07:52.428+0000][12811.847s][info][gc,task     ] GC(2681) Using 6 workers of 6 for evacuation
[2024-05-30T14:07:52.448+0000][12811.867s][info][gc,phases   ] GC(2681)   Pre Evacuate Collection Set: 0.2ms
[2024-05-30T14:07:52.448+0000][12811.867s][info][gc,phases   ] GC(2681)   Merge Heap Roots: 0.3ms
[2024-05-30T14:07:52.448+0000][12811.867s][info][gc,phases   ] GC(2681)   Evacuate Collection Set: 17.6ms
[2024-05-30T14:07:52.448+0000][12811.867s][info][gc,phases   ] GC(2681)   Post Evacuate Collection Set: 2.0ms
[2024-05-30T14:07:52.448+0000][12811.867s][info][gc,phases   ] GC(2681)   Other: 0.2ms
[2024-05-30T14:07:52.448+0000][12811.867s][info][gc,heap     ] GC(2681) Eden regions: 850->0(64)
[2024-05-30T14:07:52.448+0000][12811.867s][info][gc,heap     ] GC(2681) Survivor regions: 8->12(108)
[2024-05-30T14:07:52.448+0000][12811.867s][info][gc,heap     ] GC(2681) Old regions: 350->350
[2024-05-30T14:07:52.448+0000][12811.868s][info][gc,heap     ] GC(2681) Archive regions: 2->2
[2024-05-30T14:07:52.448+0000][12811.868s][info][gc,heap     ] GC(2681) Humongous regions: 5->5
[2024-05-30T14:07:52.448+0000][12811.868s][info][gc,metaspace] GC(2681) Metaspace: 433938K(440064K)->433938K(440064K) NonClass: 379937K(383232K)->379937K(383232K) Class: 54001K(56832K)->54001K(56832K)
[2024-05-30T14:07:52.448+0000][12811.868s][info][gc          ] GC(2681) Pause Young (Prepare Mixed) (G1 Evacuation Pause) 9702M->2928M(12288M) 20.358ms
[2024-05-30T14:07:52.448+0000][12811.868s][info][gc,cpu      ] GC(2681) User=0.12s Sys=0.00s Real=0.03s
[2024-05-30T14:07:52.886+0000][12812.305s][info][gc,start    ] GC(2682) Pause Young (Mixed) (G1 Evacuation Pause)
[2024-05-30T14:07:52.886+0000][12812.305s][info][gc,task     ] GC(2682) Using 6 workers of 6 for evacuation
[2024-05-30T14:07:52.927+0000][12812.346s][info][gc,phases   ] GC(2682)   Pre Evacuate Collection Set: 0.2ms
[2024-05-30T14:07:52.927+0000][12812.346s][info][gc,phases   ] GC(2682)   Merge Heap Roots: 0.2ms
[2024-05-30T14:07:52.927+0000][12812.346s][info][gc,phases   ] GC(2682)   Evacuate Collection Set: 39.1ms
[2024-05-30T14:07:52.927+0000][12812.346s][info][gc,phases   ] GC(2682)   Post Evacuate Collection Set: 1.4ms
[2024-05-30T14:07:52.927+0000][12812.346s][info][gc,phases   ] GC(2682)   Other: 0.2ms
[2024-05-30T14:07:52.927+0000][12812.346s][info][gc,heap     ] GC(2682) Eden regions: 64->0(862)
[2024-05-30T14:07:52.927+0000][12812.346s][info][gc,heap     ] GC(2682) Survivor regions: 12->4(10)
[2024-05-30T14:07:52.927+0000][12812.346s][info][gc,heap     ] GC(2682) Old regions: 350->341
[2024-05-30T14:07:52.927+0000][12812.346s][info][gc,heap     ] GC(2682) Archive regions: 2->2
[2024-05-30T14:07:52.927+0000][12812.346s][info][gc,heap     ] GC(2682) Humongous regions: 5->5
[2024-05-30T14:07:52.927+0000][12812.346s][info][gc,metaspace] GC(2682) Metaspace: 433938K(440064K)->433938K(440064K) NonClass: 379937K(383232K)->379937K(383232K) Class: 54001K(56832K)->54001K(56832K)
[2024-05-30T14:07:52.927+0000][12812.346s][info][gc          ] GC(2682) Pause Young (Mixed) (G1 Evacuation Pause) 3440M->2798M(12288M) 41.142ms
[2024-05-30T14:07:52.927+0000][12812.346s][info][gc,cpu      ] GC(2682) User=0.24s Sys=0.00s Real=0.04s
[2024-05-30T14:07:58.810+0000][12818.229s][info][gc,start    ] GC(2683) Pause Young (Normal) (G1 Evacuation Pause)
[2024-05-30T14:07:58.810+0000][12818.229s][info][gc,task     ] GC(2683) Using 6 workers of 6 for evacuation
[2024-05-30T14:07:58.822+0000][12818.242s][info][gc,phases   ] GC(2683)   Pre Evacuate Collection Set: 0.2ms
[2024-05-30T14:07:58.822+0000][12818.242s][info][gc,phases   ] GC(2683)   Merge Heap Roots: 0.2ms
[2024-05-30T14:07:58.822+0000][12818.242s][info][gc,phases   ] GC(2683)   Evacuate Collection Set: 9.9ms
[2024-05-30T14:07:58.822+0000][12818.242s][info][gc,phases   ] GC(2683)   Post Evacuate Collection Set: 1.7ms
[2024-05-30T14:07:58.822+0000][12818.242s][info][gc,phases   ] GC(2683)   Other: 0.2ms
[2024-05-30T14:07:58.822+0000][12818.242s][info][gc,heap     ] GC(2683) Eden regions: 862->0(861)
[2024-05-30T14:07:58.822+0000][12818.242s][info][gc,heap     ] GC(2683) Survivor regions: 4->6(109)
[2024-05-30T14:07:58.822+0000][12818.242s][info][gc,heap     ] GC(2683) Old regions: 341->341
[2024-05-30T14:07:58.822+0000][12818.242s][info][gc,heap     ] GC(2683) Archive regions: 2->2
[2024-05-30T14:07:58.822+0000][12818.242s][info][gc,heap     ] GC(2683) Humongous regions: 5->5
[2024-05-30T14:07:58.822+0000][12818.242s][info][gc,metaspace] GC(2683) Metaspace: 433938K(440064K)->433938K(440064K) NonClass: 379937K(383232K)->379937K(383232K) Class: 54001K(56832K)->54001K(56832K)
[2024-05-30T14:07:58.822+0000][12818.242s][info][gc          ] GC(2683) Pause Young (Normal) (G1 Evacuation Pause) 9694M->2814M(12288M) 12.297ms
[2024-05-30T14:07:58.823+0000][12818.242s][info][gc,cpu      ] GC(2683) User=0.07s Sys=0.00s Real=0.01s
[2024-05-30T14:08:04.748+0000][12824.167s][info][gc,start    ] GC(2684) Pause Young (Normal) (G1 Evacuation Pause)
[2024-05-30T14:08:04.748+0000][12824.167s][info][gc,task     ] GC(2684) Using 6 workers of 6 for evacuation
[2024-05-30T14:08:04.763+0000][12824.183s][info][gc,phases   ] GC(2684)   Pre Evacuate Collection Set: 0.2ms
[2024-05-30T14:08:04.763+0000][12824.183s][info][gc,phases   ] GC(2684)   Merge Heap Roots: 0.2ms
[2024-05-30T14:08:04.764+0000][12824.183s][info][gc,phases   ] GC(2684)   Evacuate Collection Set: 13.3ms
[2024-05-30T14:08:04.764+0000][12824.183s][info][gc,phases   ] GC(2684)   Post Evacuate Collection Set: 1.9ms
[2024-05-30T14:08:04.764+0000][12824.183s][info][gc,phases   ] GC(2684)   Other: 0.2ms
[2024-05-30T14:08:04.764+0000][12824.183s][info][gc,heap     ] GC(2684) Eden regions: 861->0(860)
[2024-05-30T14:08:04.764+0000][12824.183s][info][gc,heap     ] GC(2684) Survivor regions: 6->7(109)
[2024-05-30T14:08:04.764+0000][12824.183s][info][gc,heap     ] GC(2684) Old regions: 341->341
[2024-05-30T14:08:04.764+0000][12824.183s][info][gc,heap     ] GC(2684) Archive regions: 2->2
[2024-05-30T14:08:04.764+0000][12824.183s][info][gc,heap     ] GC(2684) Humongous regions: 5->5
[2024-05-30T14:08:04.764+0000][12824.183s][info][gc,metaspace] GC(2684) Metaspace: 433938K(440064K)->433938K(440064K) NonClass: 379937K(383232K)->379937K(383232K) Class: 54001K(56832K)->54001K(56832K)
[2024-05-30T14:08:04.764+0000][12824.183s][info][gc          ] GC(2684) Pause Young (Normal) (G1 Evacuation Pause) 9702M->2818M(12288M) 15.880ms
[2024-05-30T14:08:04.764+0000][12824.183s][info][gc,cpu      ] GC(2684) User=0.09s Sys=0.00s Real=0.02s
[2024-05-30T14:08:10.687+0000][12830.106s][info][gc,start    ] GC(2685) Pause Young (Concurrent Start) (G1 Evacuation Pause)
[2024-05-30T14:08:10.687+0000][12830.106s][info][gc,task     ] GC(2685) Using 6 workers of 6 for evacuation
[2024-05-30T14:08:10.704+0000][12830.123s][info][gc,phases   ] GC(2685)   Pre Evacuate Collection Set: 0.6ms
[2024-05-30T14:08:10.704+0000][12830.123s][info][gc,phases   ] GC(2685)   Merge Heap Roots: 0.2ms
[2024-05-30T14:08:10.704+0000][12830.123s][info][gc,phases   ] GC(2685)   Evacuate Collection Set: 14.7ms
[2024-05-30T14:08:10.704+0000][12830.123s][info][gc,phases   ] GC(2685)   Post Evacuate Collection Set: 1.7ms
[2024-05-30T14:08:10.704+0000][12830.123s][info][gc,phases   ] GC(2685)   Other: 0.3ms
[2024-05-30T14:08:10.704+0000][12830.123s][info][gc,heap     ] GC(2685) Eden regions: 860->0(859)
[2024-05-30T14:08:10.704+0000][12830.123s][info][gc,heap     ] GC(2685) Survivor regions: 7->8(109)
[2024-05-30T14:08:10.704+0000][12830.123s][info][gc,heap     ] GC(2685) Old regions: 341->341
[2024-05-30T14:08:10.704+0000][12830.123s][info][gc,heap     ] GC(2685) Archive regions: 2->2
[2024-05-30T14:08:10.704+0000][12830.123s][info][gc,heap     ] GC(2685) Humongous regions: 5->5
[2024-05-30T14:08:10.704+0000][12830.123s][info][gc,metaspace] GC(2685) Metaspace: 433938K(440064K)->433938K(440064K) NonClass: 379937K(383232K)->379937K(383232K) Class: 54001K(56832K)->54001K(56832K)
[2024-05-30T14:08:10.704+0000][12830.123s][info][gc          ] GC(2685) Pause Young (Concurrent Start) (G1 Evacuation Pause) 9698M->2827M(12288M) 17.563ms
[2024-05-30T14:08:10.704+0000][12830.123s][info][gc,cpu      ] GC(2685) User=0.10s Sys=0.00s Real=0.02s
[2024-05-30T14:08:10.704+0000][12830.124s][info][gc          ] GC(2686) Concurrent Mark Cycle
[2024-05-30T14:08:10.704+0000][12830.124s][info][gc,marking  ] GC(2686) Concurrent Clear Claimed Marks
[2024-05-30T14:08:10.705+0000][12830.124s][info][gc,marking  ] GC(2686) Concurrent Clear Claimed Marks 0.385ms
[2024-05-30T14:08:10.705+0000][12830.124s][info][gc,marking  ] GC(2686) Concurrent Scan Root Regions
[2024-05-30T14:08:10.719+0000][12830.138s][info][gc,marking  ] GC(2686) Concurrent Scan Root Regions 14.419ms
[2024-05-30T14:08:10.719+0000][12830.138s][info][gc,marking  ] GC(2686) Concurrent Mark
[2024-05-30T14:08:10.719+0000][12830.138s][info][gc,marking  ] GC(2686) Concurrent Mark From Roots
[2024-05-30T14:08:10.719+0000][12830.138s][info][gc,task     ] GC(2686) Using 2 workers of 2 for marking
[2024-05-30T14:08:13.476+0000][12832.895s][info][gc,marking  ] GC(2686) Concurrent Mark From Roots 2756.475ms
[2024-05-30T14:08:13.476+0000][12832.895s][info][gc,marking  ] GC(2686) Concurrent Preclean
[2024-05-30T14:08:13.477+0000][12832.896s][info][gc,marking  ] GC(2686) Concurrent Preclean 1.196ms
[2024-05-30T14:08:13.477+0000][12832.896s][info][gc,start    ] GC(2686) Pause Remark
[2024-05-30T14:08:13.501+0000][12832.920s][info][gc          ] GC(2686) Pause Remark 5511M->5511M(12288M) 23.906ms
[2024-05-30T14:08:13.501+0000][12832.920s][info][gc,cpu      ] GC(2686) User=0.11s Sys=0.00s Real=0.02s
[2024-05-30T14:08:13.501+0000][12832.920s][info][gc,marking  ] GC(2686) Concurrent Mark 2781.860ms
[2024-05-30T14:08:13.501+0000][12832.920s][info][gc,marking  ] GC(2686) Concurrent Rebuild Remembered Sets
[2024-05-30T14:08:14.869+0000][12834.289s][info][gc,marking  ] GC(2686) Concurrent Rebuild Remembered Sets 1368.413ms
[2024-05-30T14:08:14.870+0000][12834.289s][info][gc,start    ] GC(2686) Pause Cleanup
[2024-05-30T14:08:14.870+0000][12834.289s][info][gc          ] GC(2686) Pause Cleanup 6843M->6843M(12288M) 0.517ms
[2024-05-30T14:08:14.870+0000][12834.289s][info][gc,cpu      ] GC(2686) User=0.00s Sys=0.00s Real=0.00s
[2024-05-30T14:08:14.870+0000][12834.290s][info][gc,marking  ] GC(2686) Concurrent Cleanup for Next Mark
[2024-05-30T14:08:14.887+0000][12834.306s][info][gc,marking  ] GC(2686) Concurrent Cleanup for Next Mark 16.468ms
[2024-05-30T14:08:14.887+0000][12834.306s][info][gc          ] GC(2686) Concurrent Mark Cycle 4182.542ms
[2024-05-30T14:08:16.991+0000][12836.410s][info][gc,start    ] GC(2687) Pause Young (Prepare Mixed) (G1 Evacuation Pause)
[2024-05-30T14:08:16.991+0000][12836.410s][info][gc,task     ] GC(2687) Using 6 workers of 6 for evacuation
[2024-05-30T14:08:17.012+0000][12836.432s][info][gc,phases   ] GC(2687)   Pre Evacuate Collection Set: 0.2ms
[2024-05-30T14:08:17.012+0000][12836.432s][info][gc,phases   ] GC(2687)   Merge Heap Roots: 0.3ms
[2024-05-30T14:08:17.012+0000][12836.432s][info][gc,phases   ] GC(2687)   Evacuate Collection Set: 18.7ms
[2024-05-30T14:08:17.012+0000][12836.432s][info][gc,phases   ] GC(2687)   Post Evacuate Collection Set: 1.8ms
[2024-05-30T14:08:17.012+0000][12836.432s][info][gc,phases   ] GC(2687)   Other: 0.2ms
[2024-05-30T14:08:17.012+0000][12836.432s][info][gc,heap     ] GC(2687) Eden regions: 859->0(66)
[2024-05-30T14:08:17.012+0000][12836.432s][info][gc,heap     ] GC(2687) Survivor regions: 8->10(109)
[2024-05-30T14:08:17.012+0000][12836.432s][info][gc,heap     ] GC(2687) Old regions: 341->341
[2024-05-30T14:08:17.012+0000][12836.432s][info][gc,heap     ] GC(2687) Archive regions: 2->2
[2024-05-30T14:08:17.012+0000][12836.432s][info][gc,heap     ] GC(2687) Humongous regions: 5->5
[2024-05-30T14:08:17.012+0000][12836.432s][info][gc,metaspace] GC(2687) Metaspace: 433938K(440064K)->433938K(440064K) NonClass: 379937K(383232K)->379937K(383232K) Class: 54001K(56832K)->54001K(56832K)
[2024-05-30T14:08:17.012+0000][12836.432s][info][gc          ] GC(2687) Pause Young (Prepare Mixed) (G1 Evacuation Pause) 9699M->2842M(12288M) 21.245ms
[2024-05-30T14:08:17.012+0000][12836.432s][info][gc,cpu      ] GC(2687) User=0.12s Sys=0.00s Real=0.02s
[2024-05-30T14:08:17.427+0000][12836.846s][info][gc,start    ] GC(2688) Pause Young (Mixed) (G1 Evacuation Pause)
[2024-05-30T14:08:17.427+0000][12836.846s][info][gc,task     ] GC(2688) Using 6 workers of 6 for evacuation
[2024-05-30T14:08:17.484+0000][12836.903s][info][gc,phases   ] GC(2688)   Pre Evacuate Collection Set: 0.2ms
[2024-05-30T14:08:17.484+0000][12836.903s][info][gc,phases   ] GC(2688)   Merge Heap Roots: 0.4ms
[2024-05-30T14:08:17.484+0000][12836.903s][info][gc,phases   ] GC(2688)   Evacuate Collection Set: 55.4ms
[2024-05-30T14:08:17.484+0000][12836.903s][info][gc,phases   ] GC(2688)   Post Evacuate Collection Set: 1.3ms
[2024-05-30T14:08:17.484+0000][12836.903s][info][gc,phases   ] GC(2688)   Other: 0.2ms
[2024-05-30T14:08:17.484+0000][12836.903s][info][gc,heap     ] GC(2688) Eden regions: 66->0(867)
[2024-05-30T14:08:17.484+0000][12836.903s][info][gc,heap     ] GC(2688) Survivor regions: 10->5(10)
[2024-05-30T14:08:17.484+0000][12836.903s][info][gc,heap     ] GC(2688) Old regions: 341->336
[2024-05-30T14:08:17.484+0000][12836.903s][info][gc,heap     ] GC(2688) Archive regions: 2->2
[2024-05-30T14:08:17.484+0000][12836.903s][info][gc,heap     ] GC(2688) Humongous regions: 5->5
[2024-05-30T14:08:17.484+0000][12836.904s][info][gc,metaspace] GC(2688) Metaspace: 433938K(440064K)->433938K(440064K) NonClass: 379937K(383232K)->379937K(383232K) Class: 54001K(56832K)->54001K(56832K)
[2024-05-30T14:08:17.484+0000][12836.904s][info][gc          ] GC(2688) Pause Young (Mixed) (G1 Evacuation Pause) 3370M->2762M(12288M) 57.540ms
[2024-05-30T14:08:17.484+0000][12836.904s][info][gc,cpu      ] GC(2688) User=0.33s Sys=0.00s Real=0.06s
[2024-05-30T14:08:22.631+0000][12842.051s][info][gc,start    ] GC(2689) Pause Young (Normal) (G1 Evacuation Pause)
[2024-05-30T14:08:22.631+0000][12842.051s][info][gc,task     ] GC(2689) Using 6 workers of 6 for evacuation
[2024-05-30T14:08:22.647+0000][12842.066s][info][gc,phases   ] GC(2689)   Pre Evacuate Collection Set: 0.2ms
[2024-05-30T14:08:22.647+0000][12842.066s][info][gc,phases   ] GC(2689)   Merge Heap Roots: 0.2ms
[2024-05-30T14:08:22.647+0000][12842.066s][info][gc,phases   ] GC(2689)   Evacuate Collection Set: 13.0ms
[2024-05-30T14:08:22.647+0000][12842.066s][info][gc,phases   ] GC(2689)   Post Evacuate Collection Set: 2.1ms
[2024-05-30T14:08:22.647+0000][12842.066s][info][gc,phases   ] GC(2689)   Other: 0.2ms
[2024-05-30T14:08:22.647+0000][12842.066s][info][gc,heap     ] GC(2689) Eden regions: 867->0(863)
[2024-05-30T14:08:22.647+0000][12842.066s][info][gc,heap     ] GC(2689) Survivor regions: 5->8(109)
[2024-05-30T14:08:22.647+0000][12842.066s][info][gc,heap     ] GC(2689) Old regions: 336->336
[2024-05-30T14:08:22.647+0000][12842.066s][info][gc,heap     ] GC(2689) Archive regions: 2->2
[2024-05-30T14:08:22.647+0000][12842.066s][info][gc,heap     ] GC(2689) Humongous regions: 5->5
[2024-05-30T14:08:22.647+0000][12842.066s][info][gc,metaspace] GC(2689) Metaspace: 433938K(440064K)->433938K(440064K) NonClass: 379937K(383232K)->379937K(383232K) Class: 54001K(56832K)->54001K(56832K)
[2024-05-30T14:08:22.647+0000][12842.066s][info][gc          ] GC(2689) Pause Young (Normal) (G1 Evacuation Pause) 9698M->2785M(12288M) 15.771ms
[2024-05-30T14:08:22.647+0000][12842.066s][info][gc,cpu      ] GC(2689) User=0.08s Sys=0.00s Real=0.01s
[2024-05-30T14:08:28.498+0000][12847.917s][info][gc,start    ] GC(2690) Pause Young (Normal) (G1 Evacuation Pause)
[2024-05-30T14:08:28.498+0000][12847.917s][info][gc,task     ] GC(2690) Using 6 workers of 6 for evacuation
[2024-05-30T14:08:28.513+0000][12847.933s][info][gc,phases   ] GC(2690)   Pre Evacuate Collection Set: 0.2ms
[2024-05-30T14:08:28.514+0000][12847.933s][info][gc,phases   ] GC(2690)   Merge Heap Roots: 0.2ms
[2024-05-30T14:08:28.514+0000][12847.933s][info][gc,phases   ] GC(2690)   Evacuate Collection Set: 13.0ms
[2024-05-30T14:08:28.514+0000][12847.933s][info][gc,phases   ] GC(2690)   Post Evacuate Collection Set: 1.8ms
[2024-05-30T14:08:28.514+0000][12847.933s][info][gc,phases   ] GC(2690)   Other: 0.2ms
[2024-05-30T14:08:28.514+0000][12847.933s][info][gc,heap     ] GC(2690) Eden regions: 863->0(864)
[2024-05-30T14:08:28.514+0000][12847.933s][info][gc,heap     ] GC(2690) Survivor regions: 8->7(109)
[2024-05-30T14:08:28.514+0000][12847.933s][info][gc,heap     ] GC(2690) Old regions: 336->336
[2024-05-30T14:08:28.514+0000][12847.933s][info][gc,heap     ] GC(2690) Archive regions: 2->2
[2024-05-30T14:08:28.514+0000][12847.933s][info][gc,heap     ] GC(2690) Humongous regions: 5->5
[2024-05-30T14:08:28.514+0000][12847.933s][info][gc,metaspace] GC(2690) Metaspace: 433938K(440064K)->433938K(440064K) NonClass: 379937K(383232K)->379937K(383232K) Class: 54001K(56832K)->54001K(56832K)
[2024-05-30T14:08:28.514+0000][12847.933s][info][gc          ] GC(2690) Pause Young (Normal) (G1 Evacuation Pause) 9689M->2783M(12288M) 15.426ms
[2024-05-30T14:08:28.514+0000][12847.933s][info][gc,cpu      ] GC(2690) User=0.09s Sys=0.00s Real=0.01s
[2024-05-30T14:08:34.482+0000][12853.901s][info][gc,start    ] GC(2691) Pause Young (Concurrent Start) (G1 Evacuation Pause)
[2024-05-30T14:08:34.482+0000][12853.901s][info][gc,task     ] GC(2691) Using 6 workers of 6 for evacuation
[2024-05-30T14:08:34.502+0000][12853.921s][info][gc,phases   ] GC(2691)   Pre Evacuate Collection Set: 0.6ms
[2024-05-30T14:08:34.502+0000][12853.921s][info][gc,phases   ] GC(2691)   Merge Heap Roots: 0.2ms
[2024-05-30T14:08:34.502+0000][12853.921s][info][gc,phases   ] GC(2691)   Evacuate Collection Set: 16.6ms
[2024-05-30T14:08:34.502+0000][12853.921s][info][gc,phases   ] GC(2691)   Post Evacuate Collection Set: 1.8ms
[2024-05-30T14:08:34.502+0000][12853.921s][info][gc,phases   ] GC(2691)   Other: 0.3ms
[2024-05-30T14:08:34.502+0000][12853.921s][info][gc,heap     ] GC(2691) Eden regions: 864->0(861)
[2024-05-30T14:08:34.502+0000][12853.921s][info][gc,heap     ] GC(2691) Survivor regions: 7->10(109)
[2024-05-30T14:08:34.502+0000][12853.921s][info][gc,heap     ] GC(2691) Old regions: 336->336
[2024-05-30T14:08:34.502+0000][12853.921s][info][gc,heap     ] GC(2691) Archive regions: 2->2
[2024-05-30T14:08:34.502+0000][12853.921s][info][gc,heap     ] GC(2691) Humongous regions: 5->5
[2024-05-30T14:08:34.502+0000][12853.921s][info][gc,metaspace] GC(2691) Metaspace: 433938K(440064K)->433938K(440064K) NonClass: 379937K(383232K)->379937K(383232K) Class: 54001K(56832K)->54001K(56832K)
[2024-05-30T14:08:34.502+0000][12853.921s][info][gc          ] GC(2691) Pause Young (Concurrent Start) (G1 Evacuation Pause) 9695M->2805M(12288M) 19.451ms
[2024-05-30T14:08:34.502+0000][12853.921s][info][gc,cpu      ] GC(2691) User=0.11s Sys=0.00s Real=0.02s
[2024-05-30T14:08:34.502+0000][12853.921s][info][gc          ] GC(2692) Concurrent Mark Cycle
[2024-05-30T14:08:34.502+0000][12853.921s][info][gc,marking  ] GC(2692) Concurrent Clear Claimed Marks
[2024-05-30T14:08:34.502+0000][12853.921s][info][gc,marking  ] GC(2692) Concurrent Clear Claimed Marks 0.369ms
[2024-05-30T14:08:34.502+0000][12853.921s][info][gc,marking  ] GC(2692) Concurrent Scan Root Regions
[2024-05-30T14:08:34.519+0000][12853.938s][info][gc,marking  ] GC(2692) Concurrent Scan Root Regions 16.392ms
[2024-05-30T14:08:34.519+0000][12853.938s][info][gc,marking  ] GC(2692) Concurrent Mark
[2024-05-30T14:08:34.519+0000][12853.938s][info][gc,marking  ] GC(2692) Concurrent Mark From Roots
[2024-05-30T14:08:34.519+0000][12853.938s][info][gc,task     ] GC(2692) Using 2 workers of 2 for marking
[2024-05-30T14:08:37.162+0000][12856.581s][info][gc,marking  ] GC(2692) Concurrent Mark From Roots 2643.642ms
[2024-05-30T14:08:37.162+0000][12856.582s][info][gc,marking  ] GC(2692) Concurrent Preclean
[2024-05-30T14:08:37.164+0000][12856.583s][info][gc,marking  ] GC(2692) Concurrent Preclean 1.475ms
[2024-05-30T14:08:37.164+0000][12856.583s][info][gc,start    ] GC(2692) Pause Remark
[2024-05-30T14:08:37.188+0000][12856.607s][info][gc          ] GC(2692) Pause Remark 5521M->5521M(12288M) 24.131ms
[2024-05-30T14:08:37.188+0000][12856.607s][info][gc,cpu      ] GC(2692) User=0.09s Sys=0.01s Real=0.02s
[2024-05-30T14:08:37.188+0000][12856.607s][info][gc,marking  ] GC(2692) Concurrent Mark 2669.652ms
[2024-05-30T14:08:37.188+0000][12856.607s][info][gc,marking  ] GC(2692) Concurrent Rebuild Remembered Sets
[2024-05-30T14:08:38.688+0000][12858.107s][info][gc,marking  ] GC(2692) Concurrent Rebuild Remembered Sets 1499.945ms
[2024-05-30T14:08:38.688+0000][12858.108s][info][gc,start    ] GC(2692) Pause Cleanup
[2024-05-30T14:08:38.689+0000][12858.108s][info][gc          ] GC(2692) Pause Cleanup 7141M->7141M(12288M) 0.521ms
[2024-05-30T14:08:38.689+0000][12858.108s][info][gc,cpu      ] GC(2692) User=0.00s Sys=0.00s Real=0.00s
[2024-05-30T14:08:38.689+0000][12858.108s][info][gc,marking  ] GC(2692) Concurrent Cleanup for Next Mark
[2024-05-30T14:08:38.706+0000][12858.125s][info][gc,marking  ] GC(2692) Concurrent Cleanup for Next Mark 17.074ms
[2024-05-30T14:08:38.706+0000][12858.125s][info][gc          ] GC(2692) Concurrent Mark Cycle 4204.419ms
[2024-05-30T14:08:40.929+0000][12860.348s][info][gc,start    ] GC(2693) Pause Young (Prepare Mixed) (G1 Evacuation Pause)
[2024-05-30T14:08:40.929+0000][12860.348s][info][gc,task     ] GC(2693) Using 6 workers of 6 for evacuation
[2024-05-30T14:08:40.952+0000][12860.371s][info][gc,phases   ] GC(2693)   Pre Evacuate Collection Set: 0.2ms
[2024-05-30T14:08:40.952+0000][12860.371s][info][gc,phases   ] GC(2693)   Merge Heap Roots: 0.3ms
[2024-05-30T14:08:40.952+0000][12860.371s][info][gc,phases   ] GC(2693)   Evacuate Collection Set: 20.3ms
[2024-05-30T14:08:40.952+0000][12860.371s][info][gc,phases   ] GC(2693)   Post Evacuate Collection Set: 1.8ms
[2024-05-30T14:08:40.952+0000][12860.371s][info][gc,phases   ] GC(2693)   Other: 0.2ms
[2024-05-30T14:08:40.952+0000][12860.371s][info][gc,heap     ] GC(2693) Eden regions: 861->0(66)
[2024-05-30T14:08:40.952+0000][12860.371s][info][gc,heap     ] GC(2693) Survivor regions: 10->10(109)
[2024-05-30T14:08:40.952+0000][12860.371s][info][gc,heap     ] GC(2693) Old regions: 336->336
[2024-05-30T14:08:40.952+0000][12860.371s][info][gc,heap     ] GC(2693) Archive regions: 2->2
[2024-05-30T14:08:40.952+0000][12860.371s][info][gc,heap     ] GC(2693) Humongous regions: 5->5
[2024-05-30T14:08:40.952+0000][12860.371s][info][gc,metaspace] GC(2693) Metaspace: 433938K(440064K)->433938K(440064K) NonClass: 379937K(383232K)->379937K(383232K) Class: 54001K(56832K)->54001K(56832K)
[2024-05-30T14:08:40.952+0000][12860.371s][info][gc          ] GC(2693) Pause Young (Prepare Mixed) (G1 Evacuation Pause) 9693M->2806M(12288M) 22.837ms
[2024-05-30T14:08:40.952+0000][12860.371s][info][gc,cpu      ] GC(2693) User=0.14s Sys=0.00s Real=0.02s
[2024-05-30T14:08:41.407+0000][12860.826s][info][gc,start    ] GC(2694) Pause Young (Mixed) (G1 Evacuation Pause)
[2024-05-30T14:08:41.407+0000][12860.826s][info][gc,task     ] GC(2694) Using 6 workers of 6 for evacuation
[2024-05-30T14:08:41.467+0000][12860.886s][info][gc,phases   ] GC(2694)   Pre Evacuate Collection Set: 0.2ms
[2024-05-30T14:08:41.467+0000][12860.886s][info][gc,phases   ] GC(2694)   Merge Heap Roots: 0.4ms
[2024-05-30T14:08:41.467+0000][12860.886s][info][gc,phases   ] GC(2694)   Evacuate Collection Set: 58.0ms
[2024-05-30T14:08:41.467+0000][12860.886s][info][gc,phases   ] GC(2694)   Post Evacuate Collection Set: 1.5ms
[2024-05-30T14:08:41.467+0000][12860.886s][info][gc,phases   ] GC(2694)   Other: 0.2ms
[2024-05-30T14:08:41.467+0000][12860.886s][info][gc,heap     ] GC(2694) Eden regions: 66->0(869)
[2024-05-30T14:08:41.467+0000][12860.886s][info][gc,heap     ] GC(2694) Survivor regions: 10->5(10)
[2024-05-30T14:08:41.467+0000][12860.886s][info][gc,heap     ] GC(2694) Old regions: 336->334
[2024-05-30T14:08:41.467+0000][12860.886s][info][gc,heap     ] GC(2694) Archive regions: 2->2
[2024-05-30T14:08:41.467+0000][12860.886s][info][gc,heap     ] GC(2694) Humongous regions: 5->5
[2024-05-30T14:08:41.467+0000][12860.886s][info][gc,metaspace] GC(2694) Metaspace: 433938K(440064K)->433938K(440064K) NonClass: 379937K(383232K)->379937K(383232K) Class: 54001K(56832K)->54001K(56832K)
[2024-05-30T14:08:41.467+0000][12860.886s][info][gc          ] GC(2694) Pause Young (Mixed) (G1 Evacuation Pause) 3334M->2748M(12288M) 60.199ms
[2024-05-30T14:08:41.467+0000][12860.886s][info][gc,cpu      ] GC(2694) User=0.34s Sys=0.00s Real=0.06s
[2024-05-30T14:08:47.357+0000][12866.776s][info][gc,start    ] GC(2695) Pause Young (Normal) (G1 Evacuation Pause)
[2024-05-30T14:08:47.357+0000][12866.776s][info][gc,task     ] GC(2695) Using 6 workers of 6 for evacuation
[2024-05-30T14:08:47.369+0000][12866.789s][info][gc,phases   ] GC(2695)   Pre Evacuate Collection Set: 0.2ms
[2024-05-30T14:08:47.369+0000][12866.789s][info][gc,phases   ] GC(2695)   Merge Heap Roots: 0.3ms
[2024-05-30T14:08:47.369+0000][12866.789s][info][gc,phases   ] GC(2695)   Evacuate Collection Set: 10.6ms
[2024-05-30T14:08:47.369+0000][12866.789s][info][gc,phases   ] GC(2695)   Post Evacuate Collection Set: 1.8ms
[2024-05-30T14:08:47.369+0000][12866.789s][info][gc,phases   ] GC(2695)   Other: 0.2ms
[2024-05-30T14:08:47.369+0000][12866.789s][info][gc,heap     ] GC(2695) Eden regions: 869->0(869)
[2024-05-30T14:08:47.370+0000][12866.789s][info][gc,heap     ] GC(2695) Survivor regions: 5->5(110)
[2024-05-30T14:08:47.370+0000][12866.789s][info][gc,heap     ] GC(2695) Old regions: 334->334
[2024-05-30T14:08:47.370+0000][12866.789s][info][gc,heap     ] GC(2695) Archive regions: 2->2
[2024-05-30T14:08:47.370+0000][12866.789s][info][gc,heap     ] GC(2695) Humongous regions: 5->5
[2024-05-30T14:08:47.370+0000][12866.789s][info][gc,metaspace] GC(2695) Metaspace: 433938K(440064K)->433938K(440064K) NonClass: 379937K(383232K)->379937K(383232K) Class: 54001K(56832K)->54001K(56832K)
[2024-05-30T14:08:47.370+0000][12866.789s][info][gc          ] GC(2695) Pause Young (Normal) (G1 Evacuation Pause) 9700M->2750M(12288M) 12.999ms
[2024-05-30T14:08:47.370+0000][12866.789s][info][gc,cpu      ] GC(2695) User=0.07s Sys=0.00s Real=0.01s
[2024-05-30T14:08:53.191+0000][12872.610s][info][gc,start    ] GC(2696) Pause Young (Normal) (G1 Evacuation Pause)
[2024-05-30T14:08:53.191+0000][12872.610s][info][gc,task     ] GC(2696) Using 6 workers of 6 for evacuation
[2024-05-30T14:08:53.207+0000][12872.627s][info][gc,phases   ] GC(2696)   Pre Evacuate Collection Set: 0.2ms
[2024-05-30T14:08:53.208+0000][12872.627s][info][gc,phases   ] GC(2696)   Merge Heap Roots: 0.3ms
[2024-05-30T14:08:53.208+0000][12872.627s][info][gc,phases   ] GC(2696)   Evacuate Collection Set: 14.2ms
[2024-05-30T14:08:53.208+0000][12872.627s][info][gc,phases   ] GC(2696)   Post Evacuate Collection Set: 2.0ms
[2024-05-30T14:08:53.208+0000][12872.627s][info][gc,phases   ] GC(2696)   Other: 0.2ms
[2024-05-30T14:08:53.208+0000][12872.627s][info][gc,heap     ] GC(2696) Eden regions: 869->0(864)
[2024-05-30T14:08:53.208+0000][12872.627s][info][gc,heap     ] GC(2696) Survivor regions: 5->9(110)
[2024-05-30T14:08:53.208+0000][12872.627s][info][gc,heap     ] GC(2696) Old regions: 334->334
[2024-05-30T14:08:53.208+0000][12872.627s][info][gc,heap     ] GC(2696) Archive regions: 2->2
[2024-05-30T14:08:53.208+0000][12872.627s][info][gc,heap     ] GC(2696) Humongous regions: 5->5
[2024-05-30T14:08:53.208+0000][12872.627s][info][gc,metaspace] GC(2696) Metaspace: 433938K(440064K)->433938K(440064K) NonClass: 379937K(383232K)->379937K(383232K) Class: 54001K(56832K)->54001K(56832K)
[2024-05-30T14:08:53.208+0000][12872.627s][info][gc          ] GC(2696) Pause Young (Normal) (G1 Evacuation Pause) 9702M->2782M(12288M) 16.801ms
[2024-05-30T14:08:53.208+0000][12872.627s][info][gc,cpu      ] GC(2696) User=0.10s Sys=0.00s Real=0.01s
[2024-05-30T14:08:58.472+0000][12877.891s][info][gc,start    ] GC(2697) Pause Young (Concurrent Start) (G1 Evacuation Pause)
[2024-05-30T14:08:58.472+0000][12877.891s][info][gc,task     ] GC(2697) Using 6 workers of 6 for evacuation
[2024-05-30T14:08:58.490+0000][12877.910s][info][gc,phases   ] GC(2697)   Pre Evacuate Collection Set: 0.6ms
[2024-05-30T14:08:58.490+0000][12877.910s][info][gc,phases   ] GC(2697)   Merge Heap Roots: 0.2ms
[2024-05-30T14:08:58.490+0000][12877.910s][info][gc,phases   ] GC(2697)   Evacuate Collection Set: 15.4ms
[2024-05-30T14:08:58.490+0000][12877.910s][info][gc,phases   ] GC(2697)   Post Evacuate Collection Set: 1.8ms
[2024-05-30T14:08:58.490+0000][12877.910s][info][gc,phases   ] GC(2697)   Other: 0.3ms
[2024-05-30T14:08:58.490+0000][12877.910s][info][gc,heap     ] GC(2697) Eden regions: 864->0(865)
[2024-05-30T14:08:58.490+0000][12877.910s][info][gc,heap     ] GC(2697) Survivor regions: 9->8(110)
[2024-05-30T14:08:58.490+0000][12877.910s][info][gc,heap     ] GC(2697) Old regions: 334->334
[2024-05-30T14:08:58.490+0000][12877.910s][info][gc,heap     ] GC(2697) Archive regions: 2->2
[2024-05-30T14:08:58.490+0000][12877.910s][info][gc,heap     ] GC(2697) Humongous regions: 5->5
[2024-05-30T14:08:58.490+0000][12877.910s][info][gc,metaspace] GC(2697) Metaspace: 433938K(440064K)->433938K(440064K) NonClass: 379937K(383232K)->379937K(383232K) Class: 54001K(56832K)->54001K(56832K)
[2024-05-30T14:08:58.490+0000][12877.910s][info][gc          ] GC(2697) Pause Young (Concurrent Start) (G1 Evacuation Pause) 9694M->2771M(12288M) 18.228ms
[2024-05-30T14:08:58.490+0000][12877.910s][info][gc,cpu      ] GC(2697) User=0.10s Sys=0.00s Real=0.02s
[2024-05-30T14:08:58.490+0000][12877.910s][info][gc          ] GC(2698) Concurrent Mark Cycle
[2024-05-30T14:08:58.490+0000][12877.910s][info][gc,marking  ] GC(2698) Concurrent Clear Claimed Marks
[2024-05-30T14:08:58.491+0000][12877.910s][info][gc,marking  ] GC(2698) Concurrent Clear Claimed Marks 0.369ms
[2024-05-30T14:08:58.491+0000][12877.910s][info][gc,marking  ] GC(2698) Concurrent Scan Root Regions
[2024-05-30T14:08:58.508+0000][12877.928s][info][gc,marking  ] GC(2698) Concurrent Scan Root Regions 17.428ms
[2024-05-30T14:08:58.508+0000][12877.928s][info][gc,marking  ] GC(2698) Concurrent Mark
[2024-05-30T14:08:58.508+0000][12877.928s][info][gc,marking  ] GC(2698) Concurrent Mark From Roots
[2024-05-30T14:08:58.508+0000][12877.928s][info][gc,task     ] GC(2698) Using 2 workers of 2 for marking
[2024-05-30T14:09:01.140+0000][12880.559s][info][gc,marking  ] GC(2698) Concurrent Mark From Roots 2631.835ms
[2024-05-30T14:09:01.140+0000][12880.559s][info][gc,marking  ] GC(2698) Concurrent Preclean
[2024-05-30T14:09:01.141+0000][12880.561s][info][gc,marking  ] GC(2698) Concurrent Preclean 1.222ms
[2024-05-30T14:09:01.142+0000][12880.561s][info][gc,start    ] GC(2698) Pause Remark
[2024-05-30T14:09:01.166+0000][12880.585s][info][gc          ] GC(2698) Pause Remark 5387M->5387M(12288M) 24.140ms
[2024-05-30T14:09:01.166+0000][12880.585s][info][gc,cpu      ] GC(2698) User=0.10s Sys=0.00s Real=0.02s
[2024-05-30T14:09:01.166+0000][12880.585s][info][gc,marking  ] GC(2698) Concurrent Mark 2657.574ms
[2024-05-30T14:09:01.166+0000][12880.585s][info][gc,marking  ] GC(2698) Concurrent Rebuild Remembered Sets
[2024-05-30T14:09:02.634+0000][12882.053s][info][gc,marking  ] GC(2698) Concurrent Rebuild Remembered Sets 1467.863ms
[2024-05-30T14:09:02.634+0000][12882.053s][info][gc,start    ] GC(2698) Pause Cleanup
[2024-05-30T14:09:02.635+0000][12882.054s][info][gc          ] GC(2698) Pause Cleanup 6975M->6975M(12288M) 0.500ms
[2024-05-30T14:09:02.635+0000][12882.054s][info][gc,cpu      ] GC(2698) User=0.00s Sys=0.00s Real=0.00s
[2024-05-30T14:09:02.635+0000][12882.054s][info][gc,marking  ] GC(2698) Concurrent Cleanup for Next Mark
[2024-05-30T14:09:02.663+0000][12882.082s][info][gc,marking  ] GC(2698) Concurrent Cleanup for Next Mark 28.391ms
[2024-05-30T14:09:02.663+0000][12882.082s][info][gc          ] GC(2698) Concurrent Mark Cycle 4172.655ms
[2024-05-30T14:09:04.952+0000][12884.371s][info][gc,start    ] GC(2699) Pause Young (Prepare Mixed) (G1 Evacuation Pause)
[2024-05-30T14:09:04.952+0000][12884.371s][info][gc,task     ] GC(2699) Using 6 workers of 6 for evacuation
[2024-05-30T14:09:04.972+0000][12884.392s][info][gc,phases   ] GC(2699)   Pre Evacuate Collection Set: 0.2ms
[2024-05-30T14:09:04.972+0000][12884.392s][info][gc,phases   ] GC(2699)   Merge Heap Roots: 0.4ms
[2024-05-30T14:09:04.972+0000][12884.392s][info][gc,phases   ] GC(2699)   Evacuate Collection Set: 18.0ms
[2024-05-30T14:09:04.972+0000][12884.392s][info][gc,phases   ] GC(2699)   Post Evacuate Collection Set: 1.8ms
[2024-05-30T14:09:04.972+0000][12884.392s][info][gc,phases   ] GC(2699)   Other: 0.2ms
[2024-05-30T14:09:04.972+0000][12884.392s][info][gc,heap     ] GC(2699) Eden regions: 865->0(67)
[2024-05-30T14:09:04.973+0000][12884.392s][info][gc,heap     ] GC(2699) Survivor regions: 8->9(110)
[2024-05-30T14:09:04.973+0000][12884.392s][info][gc,heap     ] GC(2699) Old regions: 334->334
[2024-05-30T14:09:04.973+0000][12884.392s][info][gc,heap     ] GC(2699) Archive regions: 2->2
[2024-05-30T14:09:04.973+0000][12884.392s][info][gc,heap     ] GC(2699) Humongous regions: 5->5
[2024-05-30T14:09:04.973+0000][12884.392s][info][gc,metaspace] GC(2699) Metaspace: 433938K(440064K)->433938K(440064K) NonClass: 379937K(383232K)->379937K(383232K) Class: 54001K(56832K)->54001K(56832K)
[2024-05-30T14:09:04.973+0000][12884.392s][info][gc          ] GC(2699) Pause Young (Prepare Mixed) (G1 Evacuation Pause) 9691M->2784M(12288M) 20.672ms
[2024-05-30T14:09:04.973+0000][12884.392s][info][gc,cpu      ] GC(2699) User=0.12s Sys=0.00s Real=0.02s
[2024-05-30T14:09:05.453+0000][12884.872s][info][gc,start    ] GC(2700) Pause Young (Mixed) (G1 Evacuation Pause)
[2024-05-30T14:09:05.453+0000][12884.872s][info][gc,task     ] GC(2700) Using 6 workers of 6 for evacuation
[2024-05-30T14:09:05.507+0000][12884.926s][info][gc,phases   ] GC(2700)   Pre Evacuate Collection Set: 0.2ms
[2024-05-30T14:09:05.507+0000][12884.927s][info][gc,phases   ] GC(2700)   Merge Heap Roots: 0.4ms
[2024-05-30T14:09:05.507+0000][12884.927s][info][gc,phases   ] GC(2700)   Evacuate Collection Set: 52.3ms
[2024-05-30T14:09:05.507+0000][12884.927s][info][gc,phases   ] GC(2700)   Post Evacuate Collection Set: 1.4ms
[2024-05-30T14:09:05.507+0000][12884.927s][info][gc,phases   ] GC(2700)   Other: 0.2ms
[2024-05-30T14:09:05.507+0000][12884.927s][info][gc,heap     ] GC(2700) Eden regions: 67->0(872)
[2024-05-30T14:09:05.507+0000][12884.927s][info][gc,heap     ] GC(2700) Survivor regions: 9->5(10)
[2024-05-30T14:09:05.507+0000][12884.927s][info][gc,heap     ] GC(2700) Old regions: 334->331
[2024-05-30T14:09:05.507+0000][12884.927s][info][gc,heap     ] GC(2700) Archive regions: 2->2
[2024-05-30T14:09:05.507+0000][12884.927s][info][gc,heap     ] GC(2700) Humongous regions: 5->5
[2024-05-30T14:09:05.507+0000][12884.927s][info][gc,metaspace] GC(2700) Metaspace: 433938K(440064K)->433938K(440064K) NonClass: 379937K(383232K)->379937K(383232K) Class: 54001K(56832K)->54001K(56832K)
[2024-05-30T14:09:05.507+0000][12884.927s][info][gc          ] GC(2700) Pause Young (Mixed) (G1 Evacuation Pause) 3320M->2728M(12288M) 54.356ms
[2024-05-30T14:09:05.507+0000][12884.927s][info][gc,cpu      ] GC(2700) User=0.32s Sys=0.00s Real=0.05s
[2024-05-30T14:09:11.423+0000][12890.842s][info][gc,start    ] GC(2701) Pause Young (Normal) (G1 Evacuation Pause)
[2024-05-30T14:09:11.423+0000][12890.842s][info][gc,task     ] GC(2701) Using 6 workers of 6 for evacuation
[2024-05-30T14:09:11.436+0000][12890.855s][info][gc,phases   ] GC(2701)   Pre Evacuate Collection Set: 0.2ms
[2024-05-30T14:09:11.436+0000][12890.855s][info][gc,phases   ] GC(2701)   Merge Heap Roots: 0.2ms
[2024-05-30T14:09:11.436+0000][12890.855s][info][gc,phases   ] GC(2701)   Evacuate Collection Set: 10.4ms
[2024-05-30T14:09:11.436+0000][12890.855s][info][gc,phases   ] GC(2701)   Post Evacuate Collection Set: 1.8ms
[2024-05-30T14:09:11.436+0000][12890.855s][info][gc,phases   ] GC(2701)   Other: 0.2ms
[2024-05-30T14:09:11.436+0000][12890.855s][info][gc,heap     ] GC(2701) Eden regions: 872->0(872)
[2024-05-30T14:09:11.436+0000][12890.855s][info][gc,heap     ] GC(2701) Survivor regions: 5->5(110)
[2024-05-30T14:09:11.436+0000][12890.855s][info][gc,heap     ] GC(2701) Old regions: 331->331
[2024-05-30T14:09:11.436+0000][12890.855s][info][gc,heap     ] GC(2701) Archive regions: 2->2
[2024-05-30T14:09:11.436+0000][12890.855s][info][gc,heap     ] GC(2701) Humongous regions: 5->5
[2024-05-30T14:09:11.436+0000][12890.855s][info][gc,metaspace] GC(2701) Metaspace: 433938K(440064K)->433938K(440064K) NonClass: 379937K(383232K)->379937K(383232K) Class: 54001K(56832K)->54001K(56832K)
[2024-05-30T14:09:11.436+0000][12890.855s][info][gc          ] GC(2701) Pause Young (Normal) (G1 Evacuation Pause) 9704M->2729M(12288M) 12.815ms
[2024-05-30T14:09:11.436+0000][12890.855s][info][gc,cpu      ] GC(2701) User=0.07s Sys=0.00s Real=0.01s
[2024-05-30T14:09:17.580+0000][12896.999s][info][gc,start    ] GC(2702) Pause Young (Normal) (G1 Evacuation Pause)
[2024-05-30T14:09:17.580+0000][12896.999s][info][gc,task     ] GC(2702) Using 6 workers of 6 for evacuation
[2024-05-30T14:09:17.595+0000][12897.014s][info][gc,phases   ] GC(2702)   Pre Evacuate Collection Set: 0.2ms
[2024-05-30T14:09:17.595+0000][12897.014s][info][gc,phases   ] GC(2702)   Merge Heap Roots: 0.2ms
[2024-05-30T14:09:17.595+0000][12897.014s][info][gc,phases   ] GC(2702)   Evacuate Collection Set: 12.9ms
[2024-05-30T14:09:17.595+0000][12897.014s][info][gc,phases   ] GC(2702)   Post Evacuate Collection Set: 1.7ms
[2024-05-30T14:09:17.595+0000][12897.014s][info][gc,phases   ] GC(2702)   Other: 0.2ms
[2024-05-30T14:09:17.595+0000][12897.014s][info][gc,heap     ] GC(2702) Eden regions: 872->0(869)
[2024-05-30T14:09:17.595+0000][12897.014s][info][gc,heap     ] GC(2702) Survivor regions: 5->8(110)
[2024-05-30T14:09:17.595+0000][12897.014s][info][gc,heap     ] GC(2702) Old regions: 331->331
[2024-05-30T14:09:17.595+0000][12897.014s][info][gc,heap     ] GC(2702) Archive regions: 2->2
[2024-05-30T14:09:17.595+0000][12897.014s][info][gc,heap     ] GC(2702) Humongous regions: 5->5
[2024-05-30T14:09:17.595+0000][12897.014s][info][gc,metaspace] GC(2702) Metaspace: 433938K(440064K)->433938K(440064K) NonClass: 379937K(383232K)->379937K(383232K) Class: 54001K(56832K)->54001K(56832K)
[2024-05-30T14:09:17.595+0000][12897.014s][info][gc          ] GC(2702) Pause Young (Normal) (G1 Evacuation Pause) 9705M->2751M(12288M) 15.343ms
[2024-05-30T14:09:17.595+0000][12897.014s][info][gc,cpu      ] GC(2702) User=0.09s Sys=0.00s Real=0.01s
[2024-05-30T14:09:23.520+0000][12902.939s][info][gc,start    ] GC(2703) Pause Young (Concurrent Start) (G1 Evacuation Pause)
[2024-05-30T14:09:23.520+0000][12902.939s][info][gc,task     ] GC(2703) Using 6 workers of 6 for evacuation
[2024-05-30T14:09:23.540+0000][12902.959s][info][gc,phases   ] GC(2703)   Pre Evacuate Collection Set: 0.6ms
[2024-05-30T14:09:23.540+0000][12902.959s][info][gc,phases   ] GC(2703)   Merge Heap Roots: 0.2ms
[2024-05-30T14:09:23.540+0000][12902.959s][info][gc,phases   ] GC(2703)   Evacuate Collection Set: 17.4ms
[2024-05-30T14:09:23.540+0000][12902.959s][info][gc,phases   ] GC(2703)   Post Evacuate Collection Set: 2.0ms
[2024-05-30T14:09:23.540+0000][12902.959s][info][gc,phases   ] GC(2703)   Other: 0.3ms
[2024-05-30T14:09:23.540+0000][12902.959s][info][gc,heap     ] GC(2703) Eden regions: 869->0(868)
[2024-05-30T14:09:23.540+0000][12902.959s][info][gc,heap     ] GC(2703) Survivor regions: 8->9(110)
[2024-05-30T14:09:23.540+0000][12902.959s][info][gc,heap     ] GC(2703) Old regions: 331->331
[2024-05-30T14:09:23.540+0000][12902.959s][info][gc,heap     ] GC(2703) Archive regions: 2->2
[2024-05-30T14:09:23.540+0000][12902.959s][info][gc,heap     ] GC(2703) Humongous regions: 5->5
[2024-05-30T14:09:23.540+0000][12902.959s][info][gc,metaspace] GC(2703) Metaspace: 433938K(440064K)->433938K(440064K) NonClass: 379937K(383232K)->379937K(383232K) Class: 54001K(56832K)->54001K(56832K)
[2024-05-30T14:09:23.540+0000][12902.959s][info][gc          ] GC(2703) Pause Young (Concurrent Start) (G1 Evacuation Pause) 9703M->2758M(12288M) 20.521ms
[2024-05-30T14:09:23.540+0000][12902.959s][info][gc,cpu      ] GC(2703) User=0.12s Sys=0.01s Real=0.02s
[2024-05-30T14:09:23.540+0000][12902.959s][info][gc          ] GC(2704) Concurrent Mark Cycle
[2024-05-30T14:09:23.540+0000][12902.960s][info][gc,marking  ] GC(2704) Concurrent Clear Claimed Marks
[2024-05-30T14:09:23.541+0000][12902.960s][info][gc,marking  ] GC(2704) Concurrent Clear Claimed Marks 0.399ms
[2024-05-30T14:09:23.541+0000][12902.960s][info][gc,marking  ] GC(2704) Concurrent Scan Root Regions
[2024-05-30T14:09:23.555+0000][12902.974s][info][gc,marking  ] GC(2704) Concurrent Scan Root Regions 14.277ms
[2024-05-30T14:09:23.555+0000][12902.974s][info][gc,marking  ] GC(2704) Concurrent Mark
[2024-05-30T14:09:23.555+0000][12902.974s][info][gc,marking  ] GC(2704) Concurrent Mark From Roots
[2024-05-30T14:09:23.555+0000][12902.974s][info][gc,task     ] GC(2704) Using 2 workers of 2 for marking
[2024-05-30T14:09:26.191+0000][12905.610s][info][gc,marking  ] GC(2704) Concurrent Mark From Roots 2636.032ms
[2024-05-30T14:09:26.191+0000][12905.610s][info][gc,marking  ] GC(2704) Concurrent Preclean
[2024-05-30T14:09:26.193+0000][12905.612s][info][gc,marking  ] GC(2704) Concurrent Preclean 1.522ms
[2024-05-30T14:09:26.193+0000][12905.612s][info][gc,start    ] GC(2704) Pause Remark
[2024-05-30T14:09:26.217+0000][12905.636s][info][gc          ] GC(2704) Pause Remark 5450M->5450M(12288M) 24.294ms
[2024-05-30T14:09:26.217+0000][12905.636s][info][gc,cpu      ] GC(2704) User=0.10s Sys=0.00s Real=0.03s
[2024-05-30T14:09:26.217+0000][12905.637s][info][gc,marking  ] GC(2704) Concurrent Mark 2662.312ms
[2024-05-30T14:09:26.217+0000][12905.637s][info][gc,marking  ] GC(2704) Concurrent Rebuild Remembered Sets
[2024-05-30T14:09:27.686+0000][12907.105s][info][gc,marking  ] GC(2704) Concurrent Rebuild Remembered Sets 1468.752ms
[2024-05-30T14:09:27.686+0000][12907.105s][info][gc,start    ] GC(2704) Pause Cleanup
[2024-05-30T14:09:27.687+0000][12907.106s][info][gc          ] GC(2704) Pause Cleanup 6994M->6994M(12288M) 0.509ms
[2024-05-30T14:09:27.687+0000][12907.106s][info][gc,cpu      ] GC(2704) User=0.00s Sys=0.00s Real=0.00s
[2024-05-30T14:09:27.687+0000][12907.106s][info][gc,marking  ] GC(2704) Concurrent Cleanup for Next Mark
[2024-05-30T14:09:27.704+0000][12907.123s][info][gc,marking  ] GC(2704) Concurrent Cleanup for Next Mark 16.842ms
[2024-05-30T14:09:27.704+0000][12907.123s][info][gc          ] GC(2704) Concurrent Mark Cycle 4163.484ms
[2024-05-30T14:09:30.027+0000][12909.447s][info][gc,start    ] GC(2705) Pause Young (Prepare Mixed) (G1 Evacuation Pause)
[2024-05-30T14:09:30.027+0000][12909.447s][info][gc,task     ] GC(2705) Using 6 workers of 6 for evacuation
[2024-05-30T14:09:30.049+0000][12909.468s][info][gc,phases   ] GC(2705)   Pre Evacuate Collection Set: 0.2ms
[2024-05-30T14:09:30.049+0000][12909.468s][info][gc,phases   ] GC(2705)   Merge Heap Roots: 0.3ms
[2024-05-30T14:09:30.049+0000][12909.468s][info][gc,phases   ] GC(2705)   Evacuate Collection Set: 19.1ms
[2024-05-30T14:09:30.049+0000][12909.468s][info][gc,phases   ] GC(2705)   Post Evacuate Collection Set: 1.9ms
[2024-05-30T14:09:30.049+0000][12909.468s][info][gc,phases   ] GC(2705)   Other: 0.2ms
[2024-05-30T14:09:30.049+0000][12909.468s][info][gc,heap     ] GC(2705) Eden regions: 868->0(65)
[2024-05-30T14:09:30.049+0000][12909.468s][info][gc,heap     ] GC(2705) Survivor regions: 9->11(110)
[2024-05-30T14:09:30.049+0000][12909.468s][info][gc,heap     ] GC(2705) Old regions: 331->331
[2024-05-30T14:09:30.049+0000][12909.468s][info][gc,heap     ] GC(2705) Archive regions: 2->2
[2024-05-30T14:09:30.049+0000][12909.468s][info][gc,heap     ] GC(2705) Humongous regions: 5->5
[2024-05-30T14:09:30.049+0000][12909.468s][info][gc,metaspace] GC(2705) Metaspace: 433939K(440064K)->433939K(440064K) NonClass: 379937K(383232K)->379937K(383232K) Class: 54001K(56832K)->54001K(56832K)
[2024-05-30T14:09:30.049+0000][12909.468s][info][gc          ] GC(2705) Pause Young (Prepare Mixed) (G1 Evacuation Pause) 9702M->2774M(12288M) 21.742ms
[2024-05-30T14:09:30.049+0000][12909.468s][info][gc,cpu      ] GC(2705) User=0.12s Sys=0.00s Real=0.03s
[2024-05-30T14:09:30.508+0000][12909.927s][info][gc,start    ] GC(2706) Pause Young (Mixed) (G1 Evacuation Pause)
[2024-05-30T14:09:30.508+0000][12909.927s][info][gc,task     ] GC(2706) Using 6 workers of 6 for evacuation
[2024-05-30T14:09:30.570+0000][12909.990s][info][gc,phases   ] GC(2706)   Pre Evacuate Collection Set: 0.2ms
[2024-05-30T14:09:30.570+0000][12909.990s][info][gc,phases   ] GC(2706)   Merge Heap Roots: 0.3ms
[2024-05-30T14:09:30.570+0000][12909.990s][info][gc,phases   ] GC(2706)   Evacuate Collection Set: 60.7ms
[2024-05-30T14:09:30.570+0000][12909.990s][info][gc,phases   ] GC(2706)   Post Evacuate Collection Set: 1.3ms
[2024-05-30T14:09:30.570+0000][12909.990s][info][gc,phases   ] GC(2706)   Other: 0.2ms
[2024-05-30T14:09:30.570+0000][12909.990s][info][gc,heap     ] GC(2706) Eden regions: 65->0(872)
[2024-05-30T14:09:30.570+0000][12909.990s][info][gc,heap     ] GC(2706) Survivor regions: 11->5(10)
[2024-05-30T14:09:30.570+0000][12909.990s][info][gc,heap     ] GC(2706) Old regions: 331->331
[2024-05-30T14:09:30.570+0000][12909.990s][info][gc,heap     ] GC(2706) Archive regions: 2->2
[2024-05-30T14:09:30.570+0000][12909.990s][info][gc,heap     ] GC(2706) Humongous regions: 5->5
[2024-05-30T14:09:30.570+0000][12909.990s][info][gc,metaspace] GC(2706) Metaspace: 433939K(440064K)->433939K(440064K) NonClass: 379937K(383232K)->379937K(383232K) Class: 54001K(56832K)->54001K(56832K)
[2024-05-30T14:09:30.570+0000][12909.990s][info][gc          ] GC(2706) Pause Young (Mixed) (G1 Evacuation Pause) 3294M->2726M(12288M) 62.788ms
[2024-05-30T14:09:30.570+0000][12909.990s][info][gc,cpu      ] GC(2706) User=0.37s Sys=0.00s Real=0.07s
[2024-05-30T14:09:36.549+0000][12915.968s][info][gc,start    ] GC(2707) Pause Young (Normal) (G1 Evacuation Pause)
[2024-05-30T14:09:36.549+0000][12915.968s][info][gc,task     ] GC(2707) Using 6 workers of 6 for evacuation
[2024-05-30T14:09:36.562+0000][12915.981s][info][gc,phases   ] GC(2707)   Pre Evacuate Collection Set: 0.2ms
[2024-05-30T14:09:36.562+0000][12915.981s][info][gc,phases   ] GC(2707)   Merge Heap Roots: 0.2ms
[2024-05-30T14:09:36.562+0000][12915.981s][info][gc,phases   ] GC(2707)   Evacuate Collection Set: 10.6ms
[2024-05-30T14:09:36.562+0000][12915.981s][info][gc,phases   ] GC(2707)   Post Evacuate Collection Set: 1.7ms
[2024-05-30T14:09:36.562+0000][12915.981s][info][gc,phases   ] GC(2707)   Other: 0.2ms
[2024-05-30T14:09:36.562+0000][12915.981s][info][gc,heap     ] GC(2707) Eden regions: 872->0(871)
[2024-05-30T14:09:36.562+0000][12915.981s][info][gc,heap     ] GC(2707) Survivor regions: 5->6(110)
[2024-05-30T14:09:36.562+0000][12915.981s][info][gc,heap     ] GC(2707) Old regions: 331->331
[2024-05-30T14:09:36.562+0000][12915.981s][info][gc,heap     ] GC(2707) Archive regions: 2->2
[2024-05-30T14:09:36.562+0000][12915.981s][info][gc,heap     ] GC(2707) Humongous regions: 5->5
[2024-05-30T14:09:36.562+0000][12915.981s][info][gc,metaspace] GC(2707) Metaspace: 433939K(440064K)->433939K(440064K) NonClass: 379938K(383232K)->379938K(383232K) Class: 54001K(56832K)->54001K(56832K)
[2024-05-30T14:09:36.562+0000][12915.981s][info][gc          ] GC(2707) Pause Young (Normal) (G1 Evacuation Pause) 9702M->2734M(12288M) 12.948ms
[2024-05-30T14:09:36.562+0000][12915.981s][info][gc,cpu      ] GC(2707) User=0.07s Sys=0.00s Real=0.01s
[2024-05-30T14:09:42.539+0000][12921.958s][info][gc,start    ] GC(2708) Pause Young (Normal) (G1 Evacuation Pause)
[2024-05-30T14:09:42.539+0000][12921.958s][info][gc,task     ] GC(2708) Using 6 workers of 6 for evacuation
[2024-05-30T14:09:42.554+0000][12921.973s][info][gc,phases   ] GC(2708)   Pre Evacuate Collection Set: 0.2ms
[2024-05-30T14:09:42.554+0000][12921.973s][info][gc,phases   ] GC(2708)   Merge Heap Roots: 0.3ms
[2024-05-30T14:09:42.554+0000][12921.973s][info][gc,phases   ] GC(2708)   Evacuate Collection Set: 13.0ms
[2024-05-30T14:09:42.554+0000][12921.973s][info][gc,phases   ] GC(2708)   Post Evacuate Collection Set: 1.8ms
[2024-05-30T14:09:42.554+0000][12921.973s][info][gc,phases   ] GC(2708)   Other: 0.2ms
[2024-05-30T14:09:42.554+0000][12921.973s][info][gc,heap     ] GC(2708) Eden regions: 871->0(870)
[2024-05-30T14:09:42.554+0000][12921.973s][info][gc,heap     ] GC(2708) Survivor regions: 6->7(110)
[2024-05-30T14:09:42.554+0000][12921.973s][info][gc,heap     ] GC(2708) Old regions: 331->331
[2024-05-30T14:09:42.554+0000][12921.973s][info][gc,heap     ] GC(2708) Archive regions: 2->2
[2024-05-30T14:09:42.554+0000][12921.973s][info][gc,heap     ] GC(2708) Humongous regions: 5->5
[2024-05-30T14:09:42.554+0000][12921.973s][info][gc,metaspace] GC(2708) Metaspace: 433939K(440064K)->433939K(440064K) NonClass: 379938K(383232K)->379938K(383232K) Class: 54001K(56832K)->54001K(56832K)
[2024-05-30T14:09:42.554+0000][12921.973s][info][gc          ] GC(2708) Pause Young (Normal) (G1 Evacuation Pause) 9702M->2741M(12288M) 15.461ms
[2024-05-30T14:09:42.554+0000][12921.973s][info][gc,cpu      ] GC(2708) User=0.08s Sys=0.00s Real=0.01s
[2024-05-30T14:09:48.494+0000][12927.913s][info][gc,start    ] GC(2709) Pause Young (Concurrent Start) (G1 Evacuation Pause)
[2024-05-30T14:09:48.494+0000][12927.913s][info][gc,task     ] GC(2709) Using 6 workers of 6 for evacuation
[2024-05-30T14:09:48.516+0000][12927.935s][info][gc,phases   ] GC(2709)   Pre Evacuate Collection Set: 0.5ms
[2024-05-30T14:09:48.516+0000][12927.935s][info][gc,phases   ] GC(2709)   Merge Heap Roots: 0.2ms
[2024-05-30T14:09:48.516+0000][12927.935s][info][gc,phases   ] GC(2709)   Evacuate Collection Set: 19.2ms
[2024-05-30T14:09:48.516+0000][12927.935s][info][gc,phases   ] GC(2709)   Post Evacuate Collection Set: 1.8ms
[2024-05-30T14:09:48.516+0000][12927.935s][info][gc,phases   ] GC(2709)   Other: 0.3ms
[2024-05-30T14:09:48.516+0000][12927.935s][info][gc,heap     ] GC(2709) Eden regions: 870->0(868)
[2024-05-30T14:09:48.516+0000][12927.935s][info][gc,heap     ] GC(2709) Survivor regions: 7->9(110)
[2024-05-30T14:09:48.516+0000][12927.935s][info][gc,heap     ] GC(2709) Old regions: 331->331
[2024-05-30T14:09:48.516+0000][12927.935s][info][gc,heap     ] GC(2709) Archive regions: 2->2
[2024-05-30T14:09:48.516+0000][12927.935s][info][gc,heap     ] GC(2709) Humongous regions: 5->5
[2024-05-30T14:09:48.516+0000][12927.935s][info][gc,metaspace] GC(2709) Metaspace: 433939K(440064K)->433939K(440064K) NonClass: 379938K(383232K)->379938K(383232K) Class: 54001K(56832K)->54001K(56832K)
[2024-05-30T14:09:48.516+0000][12927.935s][info][gc          ] GC(2709) Pause Young (Concurrent Start) (G1 Evacuation Pause) 9701M->2763M(12288M) 22.100ms
[2024-05-30T14:09:48.516+0000][12927.935s][info][gc,cpu      ] GC(2709) User=0.12s Sys=0.00s Real=0.02s
[2024-05-30T14:09:48.516+0000][12927.935s][info][gc          ] GC(2710) Concurrent Mark Cycle
[2024-05-30T14:09:48.516+0000][12927.936s][info][gc,marking  ] GC(2710) Concurrent Clear Claimed Marks
[2024-05-30T14:09:48.517+0000][12927.936s][info][gc,marking  ] GC(2710) Concurrent Clear Claimed Marks 0.398ms
[2024-05-30T14:09:48.517+0000][12927.936s][info][gc,marking  ] GC(2710) Concurrent Scan Root Regions
[2024-05-30T14:09:48.531+0000][12927.951s][info][gc,marking  ] GC(2710) Concurrent Scan Root Regions 14.779ms
[2024-05-30T14:09:48.532+0000][12927.951s][info][gc,marking  ] GC(2710) Concurrent Mark
[2024-05-30T14:09:48.532+0000][12927.951s][info][gc,marking  ] GC(2710) Concurrent Mark From Roots
[2024-05-30T14:09:48.532+0000][12927.951s][info][gc,task     ] GC(2710) Using 2 workers of 2 for marking
[2024-05-30T14:09:51.356+0000][12930.775s][info][gc,marking  ] GC(2710) Concurrent Mark From Roots 2824.717ms
[2024-05-30T14:09:51.356+0000][12930.776s][info][gc,marking  ] GC(2710) Concurrent Preclean
[2024-05-30T14:09:51.358+0000][12930.777s][info][gc,marking  ] GC(2710) Concurrent Preclean 1.600ms
[2024-05-30T14:09:51.358+0000][12930.777s][info][gc,start    ] GC(2710) Pause Remark
[2024-05-30T14:09:51.384+0000][12930.803s][info][gc          ] GC(2710) Pause Remark 5675M->5675M(12288M) 25.889ms
[2024-05-30T14:09:51.384+0000][12930.803s][info][gc,cpu      ] GC(2710) User=0.11s Sys=0.00s Real=0.02s
[2024-05-30T14:09:51.384+0000][12930.804s][info][gc,marking  ] GC(2710) Concurrent Mark 2852.746ms
[2024-05-30T14:09:51.384+0000][12930.804s][info][gc,marking  ] GC(2710) Concurrent Rebuild Remembered Sets
[2024-05-30T14:09:53.005+0000][12932.424s][info][gc,marking  ] GC(2710) Concurrent Rebuild Remembered Sets 1620.674ms
[2024-05-30T14:09:53.005+0000][12932.424s][info][gc,start    ] GC(2710) Pause Cleanup
[2024-05-30T14:09:53.006+0000][12932.425s][info][gc          ] GC(2710) Pause Cleanup 7482M->7482M(12288M) 0.518ms
[2024-05-30T14:09:53.006+0000][12932.425s][info][gc,cpu      ] GC(2710) User=0.00s Sys=0.00s Real=0.00s
[2024-05-30T14:09:53.006+0000][12932.425s][info][gc,marking  ] GC(2710) Concurrent Cleanup for Next Mark
[2024-05-30T14:09:53.023+0000][12932.443s][info][gc,marking  ] GC(2710) Concurrent Cleanup for Next Mark 17.589ms
[2024-05-30T14:09:53.023+0000][12932.443s][info][gc          ] GC(2710) Concurrent Mark Cycle 4507.208ms
[2024-05-30T14:09:54.421+0000][12933.840s][info][gc,start    ] GC(2711) Pause Young (Prepare Mixed) (G1 Evacuation Pause)
[2024-05-30T14:09:54.421+0000][12933.840s][info][gc,task     ] GC(2711) Using 6 workers of 6 for evacuation
[2024-05-30T14:09:54.443+0000][12933.862s][info][gc,phases   ] GC(2711)   Pre Evacuate Collection Set: 0.2ms
[2024-05-30T14:09:54.443+0000][12933.862s][info][gc,phases   ] GC(2711)   Merge Heap Roots: 0.4ms
[2024-05-30T14:09:54.443+0000][12933.862s][info][gc,phases   ] GC(2711)   Evacuate Collection Set: 19.4ms
[2024-05-30T14:09:54.443+0000][12933.862s][info][gc,phases   ] GC(2711)   Post Evacuate Collection Set: 2.0ms
[2024-05-30T14:09:54.443+0000][12933.862s][info][gc,phases   ] GC(2711)   Other: 0.2ms
[2024-05-30T14:09:54.443+0000][12933.862s][info][gc,heap     ] GC(2711) Eden regions: 868->0(64)
[2024-05-30T14:09:54.443+0000][12933.862s][info][gc,heap     ] GC(2711) Survivor regions: 9->12(110)
[2024-05-30T14:09:54.443+0000][12933.862s][info][gc,heap     ] GC(2711) Old regions: 331->331
[2024-05-30T14:09:54.443+0000][12933.862s][info][gc,heap     ] GC(2711) Archive regions: 2->2
[2024-05-30T14:09:54.443+0000][12933.862s][info][gc,heap     ] GC(2711) Humongous regions: 5->5
[2024-05-30T14:09:54.443+0000][12933.862s][info][gc,metaspace] GC(2711) Metaspace: 433939K(440064K)->433939K(440064K) NonClass: 379938K(383232K)->379938K(383232K) Class: 54001K(56832K)->54001K(56832K)
[2024-05-30T14:09:54.443+0000][12933.862s][info][gc          ] GC(2711) Pause Young (Prepare Mixed) (G1 Evacuation Pause) 9707M->2784M(12288M) 22.229ms
[2024-05-30T14:09:54.443+0000][12933.862s][info][gc,cpu      ] GC(2711) User=0.13s Sys=0.00s Real=0.02s
[2024-05-30T14:09:54.871+0000][12934.290s][info][gc,start    ] GC(2712) Pause Young (Mixed) (G1 Evacuation Pause)
[2024-05-30T14:09:54.871+0000][12934.290s][info][gc,task     ] GC(2712) Using 6 workers of 6 for evacuation
[2024-05-30T14:09:54.929+0000][12934.349s][info][gc,phases   ] GC(2712)   Pre Evacuate Collection Set: 0.2ms
[2024-05-30T14:09:54.929+0000][12934.349s][info][gc,phases   ] GC(2712)   Merge Heap Roots: 0.4ms
[2024-05-30T14:09:54.929+0000][12934.349s][info][gc,phases   ] GC(2712)   Evacuate Collection Set: 56.9ms
[2024-05-30T14:09:54.929+0000][12934.349s][info][gc,phases   ] GC(2712)   Post Evacuate Collection Set: 1.4ms
[2024-05-30T14:09:54.929+0000][12934.349s][info][gc,phases   ] GC(2712)   Other: 0.2ms
[2024-05-30T14:09:54.930+0000][12934.349s][info][gc,heap     ] GC(2712) Eden regions: 64->0(868)
[2024-05-30T14:09:54.930+0000][12934.349s][info][gc,heap     ] GC(2712) Survivor regions: 12->6(10)
[2024-05-30T14:09:54.930+0000][12934.349s][info][gc,heap     ] GC(2712) Old regions: 331->333
[2024-05-30T14:09:54.930+0000][12934.349s][info][gc,heap     ] GC(2712) Archive regions: 2->2
[2024-05-30T14:09:54.930+0000][12934.349s][info][gc,heap     ] GC(2712) Humongous regions: 5->5
[2024-05-30T14:09:54.930+0000][12934.349s][info][gc,metaspace] GC(2712) Metaspace: 433939K(440064K)->433939K(440064K) NonClass: 379938K(383232K)->379938K(383232K) Class: 54001K(56832K)->54001K(56832K)
[2024-05-30T14:09:54.930+0000][12934.349s][info][gc          ] GC(2712) Pause Young (Mixed) (G1 Evacuation Pause) 3296M->2746M(12288M) 59.043ms
[2024-05-30T14:09:54.930+0000][12934.349s][info][gc,cpu      ] GC(2712) User=0.35s Sys=0.00s Real=0.06s
[2024-05-30T14:10:00.814+0000][12940.234s][info][gc,start    ] GC(2713) Pause Young (Normal) (G1 Evacuation Pause)
[2024-05-30T14:10:00.814+0000][12940.234s][info][gc,task     ] GC(2713) Using 6 workers of 6 for evacuation
[2024-05-30T14:10:00.829+0000][12940.248s][info][gc,phases   ] GC(2713)   Pre Evacuate Collection Set: 0.2ms
[2024-05-30T14:10:00.829+0000][12940.248s][info][gc,phases   ] GC(2713)   Merge Heap Roots: 0.3ms
[2024-05-30T14:10:00.829+0000][12940.248s][info][gc,phases   ] GC(2713)   Evacuate Collection Set: 12.1ms
[2024-05-30T14:10:00.829+0000][12940.248s][info][gc,phases   ] GC(2713)   Post Evacuate Collection Set: 2.0ms
[2024-05-30T14:10:00.829+0000][12940.248s][info][gc,phases   ] GC(2713)   Other: 0.2ms
[2024-05-30T14:10:00.829+0000][12940.248s][info][gc,heap     ] GC(2713) Eden regions: 868->0(868)
[2024-05-30T14:10:00.829+0000][12940.248s][info][gc,heap     ] GC(2713) Survivor regions: 6->6(110)
[2024-05-30T14:10:00.829+0000][12940.248s][info][gc,heap     ] GC(2713) Old regions: 333->333
[2024-05-30T14:10:00.829+0000][12940.248s][info][gc,heap     ] GC(2713) Archive regions: 2->2
[2024-05-30T14:10:00.829+0000][12940.248s][info][gc,heap     ] GC(2713) Humongous regions: 5->5
[2024-05-30T14:10:00.829+0000][12940.248s][info][gc,metaspace] GC(2713) Metaspace: 433939K(440064K)->433939K(440064K) NonClass: 379938K(383232K)->379938K(383232K) Class: 54001K(56832K)->54001K(56832K)
[2024-05-30T14:10:00.829+0000][12940.248s][info][gc          ] GC(2713) Pause Young (Normal) (G1 Evacuation Pause) 9690M->2746M(12288M) 14.816ms
[2024-05-30T14:10:00.829+0000][12940.249s][info][gc,cpu      ] GC(2713) User=0.08s Sys=0.00s Real=0.02s
[2024-05-30T14:10:06.714+0000][12946.133s][info][gc,start    ] GC(2714) Pause Young (Normal) (G1 Evacuation Pause)
[2024-05-30T14:10:06.714+0000][12946.133s][info][gc,task     ] GC(2714) Using 6 workers of 6 for evacuation
[2024-05-30T14:10:06.731+0000][12946.151s][info][gc,phases   ] GC(2714)   Pre Evacuate Collection Set: 0.2ms
[2024-05-30T14:10:06.731+0000][12946.151s][info][gc,phases   ] GC(2714)   Merge Heap Roots: 0.3ms
[2024-05-30T14:10:06.731+0000][12946.151s][info][gc,phases   ] GC(2714)   Evacuate Collection Set: 15.0ms
[2024-05-30T14:10:06.731+0000][12946.151s][info][gc,phases   ] GC(2714)   Post Evacuate Collection Set: 2.0ms
[2024-05-30T14:10:06.731+0000][12946.151s][info][gc,phases   ] GC(2714)   Other: 0.2ms
[2024-05-30T14:10:06.732+0000][12946.151s][info][gc,heap     ] GC(2714) Eden regions: 868->0(866)
[2024-05-30T14:10:06.732+0000][12946.151s][info][gc,heap     ] GC(2714) Survivor regions: 6->8(110)
[2024-05-30T14:10:06.732+0000][12946.151s][info][gc,heap     ] GC(2714) Old regions: 333->333
[2024-05-30T14:10:06.732+0000][12946.151s][info][gc,heap     ] GC(2714) Archive regions: 2->2
[2024-05-30T14:10:06.732+0000][12946.151s][info][gc,heap     ] GC(2714) Humongous regions: 5->5
[2024-05-30T14:10:06.732+0000][12946.151s][info][gc,metaspace] GC(2714) Metaspace: 433939K(440064K)->433939K(440064K) NonClass: 379938K(383232K)->379938K(383232K) Class: 54001K(56832K)->54001K(56832K)
[2024-05-30T14:10:06.732+0000][12946.151s][info][gc          ] GC(2714) Pause Young (Normal) (G1 Evacuation Pause) 9690M->2765M(12288M) 17.585ms
[2024-05-30T14:10:06.732+0000][12946.151s][info][gc,cpu      ] GC(2714) User=0.10s Sys=0.00s Real=0.02s
[2024-05-30T14:10:12.066+0000][12951.486s][info][gc,start    ] GC(2715) Pause Young (Concurrent Start) (G1 Evacuation Pause)
[2024-05-30T14:10:12.066+0000][12951.486s][info][gc,task     ] GC(2715) Using 6 workers of 6 for evacuation
[2024-05-30T14:10:12.085+0000][12951.504s][info][gc,phases   ] GC(2715)   Pre Evacuate Collection Set: 0.6ms
[2024-05-30T14:10:12.085+0000][12951.504s][info][gc,phases   ] GC(2715)   Merge Heap Roots: 0.2ms
[2024-05-30T14:10:12.085+0000][12951.504s][info][gc,phases   ] GC(2715)   Evacuate Collection Set: 15.3ms
[2024-05-30T14:10:12.085+0000][12951.504s][info][gc,phases   ] GC(2715)   Post Evacuate Collection Set: 1.8ms
[2024-05-30T14:10:12.085+0000][12951.504s][info][gc,phases   ] GC(2715)   Other: 0.3ms
[2024-05-30T14:10:12.085+0000][12951.504s][info][gc,heap     ] GC(2715) Eden regions: 866->0(867)
[2024-05-30T14:10:12.085+0000][12951.504s][info][gc,heap     ] GC(2715) Survivor regions: 8->8(110)
[2024-05-30T14:10:12.085+0000][12951.504s][info][gc,heap     ] GC(2715) Old regions: 333->333
[2024-05-30T14:10:12.085+0000][12951.504s][info][gc,heap     ] GC(2715) Archive regions: 2->2
[2024-05-30T14:10:12.085+0000][12951.504s][info][gc,heap     ] GC(2715) Humongous regions: 5->5
[2024-05-30T14:10:12.085+0000][12951.504s][info][gc,metaspace] GC(2715) Metaspace: 433939K(440064K)->433939K(440064K) NonClass: 379938K(383232K)->379938K(383232K) Class: 54001K(56832K)->54001K(56832K)
[2024-05-30T14:10:12.085+0000][12951.504s][info][gc          ] GC(2715) Pause Young (Concurrent Start) (G1 Evacuation Pause) 9693M->2763M(12288M) 18.238ms
[2024-05-30T14:10:12.085+0000][12951.504s][info][gc,cpu      ] GC(2715) User=0.10s Sys=0.00s Real=0.02s
[2024-05-30T14:10:12.085+0000][12951.504s][info][gc          ] GC(2716) Concurrent Mark Cycle
[2024-05-30T14:10:12.085+0000][12951.504s][info][gc,marking  ] GC(2716) Concurrent Clear Claimed Marks
[2024-05-30T14:10:12.085+0000][12951.504s][info][gc,marking  ] GC(2716) Concurrent Clear Claimed Marks 0.385ms
[2024-05-30T14:10:12.085+0000][12951.504s][info][gc,marking  ] GC(2716) Concurrent Scan Root Regions
[2024-05-30T14:10:12.103+0000][12951.522s][info][gc,marking  ] GC(2716) Concurrent Scan Root Regions 17.526ms
[2024-05-30T14:10:12.103+0000][12951.522s][info][gc,marking  ] GC(2716) Concurrent Mark
[2024-05-30T14:10:12.103+0000][12951.522s][info][gc,marking  ] GC(2716) Concurrent Mark From Roots
[2024-05-30T14:10:12.103+0000][12951.522s][info][gc,task     ] GC(2716) Using 2 workers of 2 for marking
[2024-05-30T14:10:14.744+0000][12954.164s][info][gc,marking  ] GC(2716) Concurrent Mark From Roots 2641.688ms
[2024-05-30T14:10:14.744+0000][12954.164s][info][gc,marking  ] GC(2716) Concurrent Preclean
[2024-05-30T14:10:14.746+0000][12954.165s][info][gc,marking  ] GC(2716) Concurrent Preclean 1.697ms
[2024-05-30T14:10:14.747+0000][12954.166s][info][gc,start    ] GC(2716) Pause Remark
[2024-05-30T14:10:14.772+0000][12954.192s][info][gc          ] GC(2716) Pause Remark 5387M->5387M(12288M) 25.754ms
[2024-05-30T14:10:14.772+0000][12954.192s][info][gc,cpu      ] GC(2716) User=0.12s Sys=0.00s Real=0.03s
[2024-05-30T14:10:14.772+0000][12954.192s][info][gc,marking  ] GC(2716) Concurrent Mark 2669.709ms
[2024-05-30T14:10:14.772+0000][12954.192s][info][gc,marking  ] GC(2716) Concurrent Rebuild Remembered Sets
[2024-05-30T14:10:16.184+0000][12955.603s][info][gc,marking  ] GC(2716) Concurrent Rebuild Remembered Sets 1411.489ms
[2024-05-30T14:10:16.184+0000][12955.603s][info][gc,start    ] GC(2716) Pause Cleanup
[2024-05-30T14:10:16.185+0000][12955.604s][info][gc          ] GC(2716) Pause Cleanup 6851M->6851M(12288M) 0.542ms
[2024-05-30T14:10:16.185+0000][12955.604s][info][gc,cpu      ] GC(2716) User=0.00s Sys=0.00s Real=0.00s
[2024-05-30T14:10:16.185+0000][12955.604s][info][gc,marking  ] GC(2716) Concurrent Cleanup for Next Mark
[2024-05-30T14:10:16.202+0000][12955.621s][info][gc,marking  ] GC(2716) Concurrent Cleanup for Next Mark 16.772ms
[2024-05-30T14:10:16.202+0000][12955.621s][info][gc          ] GC(2716) Concurrent Mark Cycle 4116.944ms
[2024-05-30T14:10:18.674+0000][12958.094s][info][gc,start    ] GC(2717) Pause Young (Prepare Mixed) (G1 Evacuation Pause)
[2024-05-30T14:10:18.674+0000][12958.094s][info][gc,task     ] GC(2717) Using 6 workers of 6 for evacuation
[2024-05-30T14:10:18.696+0000][12958.115s][info][gc,phases   ] GC(2717)   Pre Evacuate Collection Set: 0.2ms
[2024-05-30T14:10:18.696+0000][12958.115s][info][gc,phases   ] GC(2717)   Merge Heap Roots: 0.3ms
[2024-05-30T14:10:18.696+0000][12958.115s][info][gc,phases   ] GC(2717)   Evacuate Collection Set: 19.1ms
[2024-05-30T14:10:18.696+0000][12958.115s][info][gc,phases   ] GC(2717)   Post Evacuate Collection Set: 1.8ms
[2024-05-30T14:10:18.696+0000][12958.115s][info][gc,phases   ] GC(2717)   Other: 0.2ms
[2024-05-30T14:10:18.696+0000][12958.115s][info][gc,heap     ] GC(2717) Eden regions: 867->0(66)
[2024-05-30T14:10:18.696+0000][12958.115s][info][gc,heap     ] GC(2717) Survivor regions: 8->10(110)
[2024-05-30T14:10:18.696+0000][12958.115s][info][gc,heap     ] GC(2717) Old regions: 333->333
[2024-05-30T14:10:18.696+0000][12958.115s][info][gc,heap     ] GC(2717) Archive regions: 2->2
[2024-05-30T14:10:18.696+0000][12958.115s][info][gc,heap     ] GC(2717) Humongous regions: 5->5
[2024-05-30T14:10:18.696+0000][12958.115s][info][gc,metaspace] GC(2717) Metaspace: 433939K(440064K)->433939K(440064K) NonClass: 379938K(383232K)->379938K(383232K) Class: 54001K(56832K)->54001K(56832K)
[2024-05-30T14:10:18.696+0000][12958.115s][info][gc          ] GC(2717) Pause Young (Prepare Mixed) (G1 Evacuation Pause) 9699M->2783M(12288M) 21.589ms
[2024-05-30T14:10:18.696+0000][12958.115s][info][gc,cpu      ] GC(2717) User=0.13s Sys=0.00s Real=0.02s
[2024-05-30T14:10:19.073+0000][12958.493s][info][gc,start    ] GC(2718) Pause Young (Mixed) (G1 Evacuation Pause)
[2024-05-30T14:10:19.073+0000][12958.493s][info][gc,task     ] GC(2718) Using 6 workers of 6 for evacuation
[2024-05-30T14:10:19.141+0000][12958.560s][info][gc,phases   ] GC(2718)   Pre Evacuate Collection Set: 0.2ms
[2024-05-30T14:10:19.141+0000][12958.560s][info][gc,phases   ] GC(2718)   Merge Heap Roots: 0.5ms
[2024-05-30T14:10:19.141+0000][12958.560s][info][gc,phases   ] GC(2718)   Evacuate Collection Set: 65.1ms
[2024-05-30T14:10:19.141+0000][12958.560s][info][gc,phases   ] GC(2718)   Post Evacuate Collection Set: 1.5ms
[2024-05-30T14:10:19.141+0000][12958.560s][info][gc,phases   ] GC(2718)   Other: 0.2ms
[2024-05-30T14:10:19.141+0000][12958.560s][info][gc,heap     ] GC(2718) Eden regions: 66->0(874)
[2024-05-30T14:10:19.141+0000][12958.560s][info][gc,heap     ] GC(2718) Survivor regions: 10->4(10)
[2024-05-30T14:10:19.141+0000][12958.560s][info][gc,heap     ] GC(2718) Old regions: 333->330
[2024-05-30T14:10:19.141+0000][12958.560s][info][gc,heap     ] GC(2718) Archive regions: 2->2
[2024-05-30T14:10:19.141+0000][12958.560s][info][gc,heap     ] GC(2718) Humongous regions: 5->5
[2024-05-30T14:10:19.141+0000][12958.560s][info][gc,metaspace] GC(2718) Metaspace: 433939K(440064K)->433939K(440064K) NonClass: 379938K(383232K)->379938K(383232K) Class: 54001K(56832K)->54001K(56832K)
[2024-05-30T14:10:19.141+0000][12958.560s][info][gc          ] GC(2718) Pause Young (Mixed) (G1 Evacuation Pause) 3311M->2708M(12288M) 67.490ms
[2024-05-30T14:10:19.141+0000][12958.560s][info][gc,cpu      ] GC(2718) User=0.39s Sys=0.00s Real=0.07s
[2024-05-30T14:10:25.185+0000][12964.604s][info][gc,start    ] GC(2719) Pause Young (Normal) (G1 Evacuation Pause)
[2024-05-30T14:10:25.185+0000][12964.604s][info][gc,task     ] GC(2719) Using 6 workers of 6 for evacuation
[2024-05-30T14:10:25.198+0000][12964.618s][info][gc,phases   ] GC(2719)   Pre Evacuate Collection Set: 0.2ms
[2024-05-30T14:10:25.198+0000][12964.618s][info][gc,phases   ] GC(2719)   Merge Heap Roots: 0.2ms
[2024-05-30T14:10:25.198+0000][12964.618s][info][gc,phases   ] GC(2719)   Evacuate Collection Set: 11.1ms
[2024-05-30T14:10:25.198+0000][12964.618s][info][gc,phases   ] GC(2719)   Post Evacuate Collection Set: 2.0ms
[2024-05-30T14:10:25.198+0000][12964.618s][info][gc,phases   ] GC(2719)   Other: 0.2ms
[2024-05-30T14:10:25.198+0000][12964.618s][info][gc,heap     ] GC(2719) Eden regions: 874->0(870)
[2024-05-30T14:10:25.198+0000][12964.618s][info][gc,heap     ] GC(2719) Survivor regions: 4->7(110)
[2024-05-30T14:10:25.198+0000][12964.618s][info][gc,heap     ] GC(2719) Old regions: 330->330
[2024-05-30T14:10:25.198+0000][12964.618s][info][gc,heap     ] GC(2719) Archive regions: 2->2
[2024-05-30T14:10:25.198+0000][12964.618s][info][gc,heap     ] GC(2719) Humongous regions: 5->5
[2024-05-30T14:10:25.198+0000][12964.618s][info][gc,metaspace] GC(2719) Metaspace: 433940K(440064K)->433940K(440064K) NonClass: 379938K(383232K)->379938K(383232K) Class: 54001K(56832K)->54001K(56832K)
[2024-05-30T14:10:25.198+0000][12964.618s][info][gc          ] GC(2719) Pause Young (Normal) (G1 Evacuation Pause) 9700M->2734M(12288M) 13.725ms
[2024-05-30T14:10:25.198+0000][12964.618s][info][gc,cpu      ] GC(2719) User=0.08s Sys=0.00s Real=0.02s
[2024-05-30T14:10:31.210+0000][12970.630s][info][gc,start    ] GC(2720) Pause Young (Normal) (G1 Evacuation Pause)
[2024-05-30T14:10:31.210+0000][12970.630s][info][gc,task     ] GC(2720) Using 6 workers of 6 for evacuation
[2024-05-30T14:10:31.228+0000][12970.647s][info][gc,phases   ] GC(2720)   Pre Evacuate Collection Set: 0.2ms
[2024-05-30T14:10:31.228+0000][12970.647s][info][gc,phases   ] GC(2720)   Merge Heap Roots: 0.2ms
[2024-05-30T14:10:31.228+0000][12970.647s][info][gc,phases   ] GC(2720)   Evacuate Collection Set: 15.0ms
[2024-05-30T14:10:31.228+0000][12970.647s][info][gc,phases   ] GC(2720)   Post Evacuate Collection Set: 1.8ms
[2024-05-30T14:10:31.228+0000][12970.647s][info][gc,phases   ] GC(2720)   Other: 0.2ms
[2024-05-30T14:10:31.228+0000][12970.647s][info][gc,heap     ] GC(2720) Eden regions: 870->0(870)
[2024-05-30T14:10:31.228+0000][12970.647s][info][gc,heap     ] GC(2720) Survivor regions: 7->7(110)
[2024-05-30T14:10:31.228+0000][12970.647s][info][gc,heap     ] GC(2720) Old regions: 330->330
[2024-05-30T14:10:31.228+0000][12970.647s][info][gc,heap     ] GC(2720) Archive regions: 2->2
[2024-05-30T14:10:31.228+0000][12970.647s][info][gc,heap     ] GC(2720) Humongous regions: 5->5
[2024-05-30T14:10:31.228+0000][12970.647s][info][gc,metaspace] GC(2720) Metaspace: 433940K(440064K)->433940K(440064K) NonClass: 379938K(383232K)->379938K(383232K) Class: 54001K(56832K)->54001K(56832K)
[2024-05-30T14:10:31.228+0000][12970.647s][info][gc          ] GC(2720) Pause Young (Normal) (G1 Evacuation Pause) 9694M->2735M(12288M) 17.404ms
[2024-05-30T14:10:31.228+0000][12970.647s][info][gc,cpu      ] GC(2720) User=0.10s Sys=0.00s Real=0.01s
[2024-05-30T14:10:37.094+0000][12976.513s][info][gc,start    ] GC(2721) Pause Young (Concurrent Start) (G1 Evacuation Pause)
[2024-05-30T14:10:37.094+0000][12976.513s][info][gc,task     ] GC(2721) Using 6 workers of 6 for evacuation
[2024-05-30T14:10:37.112+0000][12976.532s][info][gc,phases   ] GC(2721)   Pre Evacuate Collection Set: 0.6ms
[2024-05-30T14:10:37.112+0000][12976.532s][info][gc,phases   ] GC(2721)   Merge Heap Roots: 0.2ms
[2024-05-30T14:10:37.112+0000][12976.532s][info][gc,phases   ] GC(2721)   Evacuate Collection Set: 15.7ms
[2024-05-30T14:10:37.112+0000][12976.532s][info][gc,phases   ] GC(2721)   Post Evacuate Collection Set: 1.8ms
[2024-05-30T14:10:37.112+0000][12976.532s][info][gc,phases   ] GC(2721)   Other: 0.3ms
[2024-05-30T14:10:37.112+0000][12976.532s][info][gc,heap     ] GC(2721) Eden regions: 870->0(870)
[2024-05-30T14:10:37.112+0000][12976.532s][info][gc,heap     ] GC(2721) Survivor regions: 7->8(110)
[2024-05-30T14:10:37.112+0000][12976.532s][info][gc,heap     ] GC(2721) Old regions: 330->330
[2024-05-30T14:10:37.112+0000][12976.532s][info][gc,heap     ] GC(2721) Archive regions: 2->2
[2024-05-30T14:10:37.112+0000][12976.532s][info][gc,heap     ] GC(2721) Humongous regions: 5->5
[2024-05-30T14:10:37.112+0000][12976.532s][info][gc,metaspace] GC(2721) Metaspace: 433940K(440064K)->433940K(440064K) NonClass: 379938K(383232K)->379938K(383232K) Class: 54001K(56832K)->54001K(56832K)
[2024-05-30T14:10:37.112+0000][12976.532s][info][gc          ] GC(2721) Pause Young (Concurrent Start) (G1 Evacuation Pause) 9695M->2742M(12288M) 18.596ms
[2024-05-30T14:10:37.113+0000][12976.532s][info][gc,cpu      ] GC(2721) User=0.11s Sys=0.00s Real=0.02s
[2024-05-30T14:10:37.113+0000][12976.532s][info][gc          ] GC(2722) Concurrent Mark Cycle
[2024-05-30T14:10:37.113+0000][12976.532s][info][gc,marking  ] GC(2722) Concurrent Clear Claimed Marks
[2024-05-30T14:10:37.113+0000][12976.532s][info][gc,marking  ] GC(2722) Concurrent Clear Claimed Marks 0.370ms
[2024-05-30T14:10:37.113+0000][12976.532s][info][gc,marking  ] GC(2722) Concurrent Scan Root Regions
[2024-05-30T14:10:37.125+0000][12976.545s][info][gc,marking  ] GC(2722) Concurrent Scan Root Regions 12.374ms
[2024-05-30T14:10:37.125+0000][12976.545s][info][gc,marking  ] GC(2722) Concurrent Mark
[2024-05-30T14:10:37.125+0000][12976.545s][info][gc,marking  ] GC(2722) Concurrent Mark From Roots
[2024-05-30T14:10:37.125+0000][12976.545s][info][gc,task     ] GC(2722) Using 2 workers of 2 for marking
[2024-05-30T14:10:39.791+0000][12979.211s][info][gc,marking  ] GC(2722) Concurrent Mark From Roots 2665.995ms
[2024-05-30T14:10:39.791+0000][12979.211s][info][gc,marking  ] GC(2722) Concurrent Preclean
[2024-05-30T14:10:39.793+0000][12979.212s][info][gc,marking  ] GC(2722) Concurrent Preclean 1.721ms
[2024-05-30T14:10:39.794+0000][12979.213s][info][gc,start    ] GC(2722) Pause Remark
[2024-05-30T14:10:39.818+0000][12979.237s][info][gc          ] GC(2722) Pause Remark 5454M->5454M(12288M) 24.394ms
[2024-05-30T14:10:39.818+0000][12979.237s][info][gc,cpu      ] GC(2722) User=0.11s Sys=0.00s Real=0.03s
[2024-05-30T14:10:39.818+0000][12979.237s][info][gc,marking  ] GC(2722) Concurrent Mark 2692.781ms
[2024-05-30T14:10:39.818+0000][12979.237s][info][gc,marking  ] GC(2722) Concurrent Rebuild Remembered Sets
[2024-05-30T14:10:41.395+0000][12980.814s][info][gc,marking  ] GC(2722) Concurrent Rebuild Remembered Sets 1576.319ms
[2024-05-30T14:10:41.395+0000][12980.814s][info][gc,start    ] GC(2722) Pause Cleanup
[2024-05-30T14:10:41.395+0000][12980.814s][info][gc          ] GC(2722) Pause Cleanup 7214M->7214M(12288M) 0.483ms
[2024-05-30T14:10:41.395+0000][12980.814s][info][gc,cpu      ] GC(2722) User=0.00s Sys=0.00s Real=0.00s
[2024-05-30T14:10:41.395+0000][12980.815s][info][gc,marking  ] GC(2722) Concurrent Cleanup for Next Mark
[2024-05-30T14:10:41.423+0000][12980.843s][info][gc,marking  ] GC(2722) Concurrent Cleanup for Next Mark 28.157ms
[2024-05-30T14:10:41.424+0000][12980.843s][info][gc          ] GC(2722) Concurrent Mark Cycle 4310.966ms
[2024-05-30T14:10:43.514+0000][12982.934s][info][gc,start    ] GC(2723) Pause Young (Prepare Mixed) (G1 Evacuation Pause)
[2024-05-30T14:10:43.514+0000][12982.934s][info][gc,task     ] GC(2723) Using 6 workers of 6 for evacuation
[2024-05-30T14:10:43.536+0000][12982.955s][info][gc,phases   ] GC(2723)   Pre Evacuate Collection Set: 0.2ms
[2024-05-30T14:10:43.536+0000][12982.955s][info][gc,phases   ] GC(2723)   Merge Heap Roots: 0.3ms
[2024-05-30T14:10:43.536+0000][12982.955s][info][gc,phases   ] GC(2723)   Evacuate Collection Set: 19.3ms
[2024-05-30T14:10:43.536+0000][12982.955s][info][gc,phases   ] GC(2723)   Post Evacuate Collection Set: 1.8ms
[2024-05-30T14:10:43.536+0000][12982.955s][info][gc,phases   ] GC(2723)   Other: 0.2ms
[2024-05-30T14:10:43.536+0000][12982.955s][info][gc,heap     ] GC(2723) Eden regions: 870->0(66)
[2024-05-30T14:10:43.536+0000][12982.955s][info][gc,heap     ] GC(2723) Survivor regions: 8->10(110)
[2024-05-30T14:10:43.536+0000][12982.955s][info][gc,heap     ] GC(2723) Old regions: 330->330
[2024-05-30T14:10:43.536+0000][12982.955s][info][gc,heap     ] GC(2723) Archive regions: 2->2
[2024-05-30T14:10:43.536+0000][12982.955s][info][gc,heap     ] GC(2723) Humongous regions: 5->5
[2024-05-30T14:10:43.536+0000][12982.955s][info][gc,metaspace] GC(2723) Metaspace: 433941K(440064K)->433941K(440064K) NonClass: 379939K(383232K)->379939K(383232K) Class: 54001K(56832K)->54001K(56832K)
[2024-05-30T14:10:43.536+0000][12982.955s][info][gc          ] GC(2723) Pause Young (Prepare Mixed) (G1 Evacuation Pause) 9702M->2755M(12288M) 21.862ms
[2024-05-30T14:10:43.536+0000][12982.955s][info][gc,cpu      ] GC(2723) User=0.12s Sys=0.00s Real=0.02s
[2024-05-30T14:10:43.964+0000][12983.383s][info][gc,start    ] GC(2724) Pause Young (Mixed) (G1 Evacuation Pause)
[2024-05-30T14:10:43.964+0000][12983.383s][info][gc,task     ] GC(2724) Using 6 workers of 6 for evacuation
[2024-05-30T14:10:44.022+0000][12983.442s][info][gc,phases   ] GC(2724)   Pre Evacuate Collection Set: 0.2ms
[2024-05-30T14:10:44.023+0000][12983.442s][info][gc,phases   ] GC(2724)   Merge Heap Roots: 0.4ms
[2024-05-30T14:10:44.023+0000][12983.442s][info][gc,phases   ] GC(2724)   Evacuate Collection Set: 56.9ms
[2024-05-30T14:10:44.023+0000][12983.442s][info][gc,phases   ] GC(2724)   Post Evacuate Collection Set: 1.3ms
[2024-05-30T14:10:44.023+0000][12983.442s][info][gc,phases   ] GC(2724)   Other: 0.2ms
[2024-05-30T14:10:44.023+0000][12983.442s][info][gc,heap     ] GC(2724) Eden regions: 66->0(872)
[2024-05-30T14:10:44.023+0000][12983.442s][info][gc,heap     ] GC(2724) Survivor regions: 10->5(10)
[2024-05-30T14:10:44.023+0000][12983.442s][info][gc,heap     ] GC(2724) Old regions: 330->331
[2024-05-30T14:10:44.023+0000][12983.442s][info][gc,heap     ] GC(2724) Archive regions: 2->2
[2024-05-30T14:10:44.023+0000][12983.442s][info][gc,heap     ] GC(2724) Humongous regions: 5->5
[2024-05-30T14:10:44.023+0000][12983.442s][info][gc,metaspace] GC(2724) Metaspace: 433941K(440064K)->433941K(440064K) NonClass: 379939K(383232K)->379939K(383232K) Class: 54001K(56832K)->54001K(56832K)
[2024-05-30T14:10:44.023+0000][12983.442s][info][gc          ] GC(2724) Pause Young (Mixed) (G1 Evacuation Pause) 3283M->2725M(12288M) 58.939ms
[2024-05-30T14:10:44.023+0000][12983.442s][info][gc,cpu      ] GC(2724) User=0.34s Sys=0.00s Real=0.06s
[2024-05-30T14:10:50.018+0000][12989.437s][info][gc,start    ] GC(2725) Pause Young (Normal) (G1 Evacuation Pause)
[2024-05-30T14:10:50.018+0000][12989.437s][info][gc,task     ] GC(2725) Using 6 workers of 6 for evacuation
[2024-05-30T14:10:50.031+0000][12989.450s][info][gc,phases   ] GC(2725)   Pre Evacuate Collection Set: 0.2ms
[2024-05-30T14:10:50.031+0000][12989.450s][info][gc,phases   ] GC(2725)   Merge Heap Roots: 0.2ms
[2024-05-30T14:10:50.031+0000][12989.450s][info][gc,phases   ] GC(2725)   Evacuate Collection Set: 10.5ms
[2024-05-30T14:10:50.031+0000][12989.450s][info][gc,phases   ] GC(2725)   Post Evacuate Collection Set: 1.7ms
[2024-05-30T14:10:50.031+0000][12989.450s][info][gc,phases   ] GC(2725)   Other: 0.2ms
[2024-05-30T14:10:50.031+0000][12989.450s][info][gc,heap     ] GC(2725) Eden regions: 872->0(873)
[2024-05-30T14:10:50.031+0000][12989.450s][info][gc,heap     ] GC(2725) Survivor regions: 5->5(110)
[2024-05-30T14:10:50.031+0000][12989.450s][info][gc,heap     ] GC(2725) Old regions: 331->331
[2024-05-30T14:10:50.031+0000][12989.450s][info][gc,heap     ] GC(2725) Archive regions: 2->2
[2024-05-30T14:10:50.031+0000][12989.450s][info][gc,heap     ] GC(2725) Humongous regions: 5->5
[2024-05-30T14:10:50.031+0000][12989.450s][info][gc,metaspace] GC(2725) Metaspace: 433941K(440064K)->433941K(440064K) NonClass: 379939K(383232K)->379939K(383232K) Class: 54001K(56832K)->54001K(56832K)
[2024-05-30T14:10:50.031+0000][12989.450s][info][gc          ] GC(2725) Pause Young (Normal) (G1 Evacuation Pause) 9701M->2725M(12288M) 12.924ms
[2024-05-30T14:10:50.031+0000][12989.450s][info][gc,cpu      ] GC(2725) User=0.07s Sys=0.00s Real=0.01s
[2024-05-30T14:10:55.977+0000][12995.397s][info][gc,start    ] GC(2726) Pause Young (Normal) (G1 Evacuation Pause)
[2024-05-30T14:10:55.978+0000][12995.397s][info][gc,task     ] GC(2726) Using 6 workers of 6 for evacuation
[2024-05-30T14:10:55.994+0000][12995.414s][info][gc,phases   ] GC(2726)   Pre Evacuate Collection Set: 0.2ms
[2024-05-30T14:10:55.994+0000][12995.414s][info][gc,phases   ] GC(2726)   Merge Heap Roots: 0.2ms
[2024-05-30T14:10:55.994+0000][12995.414s][info][gc,phases   ] GC(2726)   Evacuate Collection Set: 14.4ms
[2024-05-30T14:10:55.994+0000][12995.414s][info][gc,phases   ] GC(2726)   Post Evacuate Collection Set: 2.0ms
[2024-05-30T14:10:55.994+0000][12995.414s][info][gc,phases   ] GC(2726)   Other: 0.2ms
[2024-05-30T14:10:55.994+0000][12995.414s][info][gc,heap     ] GC(2726) Eden regions: 873->0(867)
[2024-05-30T14:10:55.994+0000][12995.414s][info][gc,heap     ] GC(2726) Survivor regions: 5->9(110)
[2024-05-30T14:10:55.994+0000][12995.414s][info][gc,heap     ] GC(2726) Old regions: 331->331
[2024-05-30T14:10:55.994+0000][12995.414s][info][gc,heap     ] GC(2726) Archive regions: 2->2
[2024-05-30T14:10:55.994+0000][12995.414s][info][gc,heap     ] GC(2726) Humongous regions: 5->5
[2024-05-30T14:10:55.994+0000][12995.414s][info][gc,metaspace] GC(2726) Metaspace: 433941K(440064K)->433941K(440064K) NonClass: 379939K(383232K)->379939K(383232K) Class: 54001K(56832K)->54001K(56832K)
[2024-05-30T14:10:55.995+0000][12995.414s][info][gc          ] GC(2726) Pause Young (Normal) (G1 Evacuation Pause) 9709M->2756M(12288M) 17.012ms
[2024-05-30T14:10:55.995+0000][12995.414s][info][gc,cpu      ] GC(2726) User=0.09s Sys=0.01s Real=0.01s
[2024-05-30T14:11:01.789+0000][13001.209s][info][gc,start    ] GC(2727) Pause Young (Concurrent Start) (G1 Evacuation Pause)
[2024-05-30T14:11:01.789+0000][13001.209s][info][gc,task     ] GC(2727) Using 6 workers of 6 for evacuation
[2024-05-30T14:11:01.810+0000][13001.229s][info][gc,phases   ] GC(2727)   Pre Evacuate Collection Set: 0.6ms
[2024-05-30T14:11:01.810+0000][13001.229s][info][gc,phases   ] GC(2727)   Merge Heap Roots: 0.3ms
[2024-05-30T14:11:01.810+0000][13001.229s][info][gc,phases   ] GC(2727)   Evacuate Collection Set: 17.6ms
[2024-05-30T14:11:01.810+0000][13001.229s][info][gc,phases   ] GC(2727)   Post Evacuate Collection Set: 1.8ms
[2024-05-30T14:11:01.810+0000][13001.229s][info][gc,phases   ] GC(2727)   Other: 0.3ms
[2024-05-30T14:11:01.810+0000][13001.229s][info][gc,heap     ] GC(2727) Eden regions: 867->0(869)
[2024-05-30T14:11:01.810+0000][13001.229s][info][gc,heap     ] GC(2727) Survivor regions: 9->8(110)
[2024-05-30T14:11:01.810+0000][13001.229s][info][gc,heap     ] GC(2727) Old regions: 331->331
[2024-05-30T14:11:01.810+0000][13001.229s][info][gc,heap     ] GC(2727) Archive regions: 2->2
[2024-05-30T14:11:01.810+0000][13001.229s][info][gc,heap     ] GC(2727) Humongous regions: 5->5
[2024-05-30T14:11:01.810+0000][13001.229s][info][gc,metaspace] GC(2727) Metaspace: 433941K(440064K)->433941K(440064K) NonClass: 379939K(383232K)->379939K(383232K) Class: 54001K(56832K)->54001K(56832K)
[2024-05-30T14:11:01.810+0000][13001.229s][info][gc          ] GC(2727) Pause Young (Concurrent Start) (G1 Evacuation Pause) 9692M->2750M(12288M) 20.580ms
[2024-05-30T14:11:01.810+0000][13001.229s][info][gc,cpu      ] GC(2727) User=0.12s Sys=0.00s Real=0.02s
[2024-05-30T14:11:01.810+0000][13001.229s][info][gc          ] GC(2728) Concurrent Mark Cycle
[2024-05-30T14:11:01.810+0000][13001.229s][info][gc,marking  ] GC(2728) Concurrent Clear Claimed Marks
[2024-05-30T14:11:01.810+0000][13001.230s][info][gc,marking  ] GC(2728) Concurrent Clear Claimed Marks 0.360ms
[2024-05-30T14:11:01.810+0000][13001.230s][info][gc,marking  ] GC(2728) Concurrent Scan Root Regions
[2024-05-30T14:11:01.825+0000][13001.245s][info][gc,marking  ] GC(2728) Concurrent Scan Root Regions 14.806ms
[2024-05-30T14:11:01.825+0000][13001.245s][info][gc,marking  ] GC(2728) Concurrent Mark
[2024-05-30T14:11:01.825+0000][13001.245s][info][gc,marking  ] GC(2728) Concurrent Mark From Roots
[2024-05-30T14:11:01.825+0000][13001.245s][info][gc,task     ] GC(2728) Using 2 workers of 2 for marking
[2024-05-30T14:11:04.490+0000][13003.909s][info][gc,marking  ] GC(2728) Concurrent Mark From Roots 2664.759ms
[2024-05-30T14:11:04.490+0000][13003.909s][info][gc,marking  ] GC(2728) Concurrent Preclean
[2024-05-30T14:11:04.492+0000][13003.911s][info][gc,marking  ] GC(2728) Concurrent Preclean 1.418ms
[2024-05-30T14:11:04.492+0000][13003.911s][info][gc,start    ] GC(2728) Pause Remark
[2024-05-30T14:11:04.518+0000][13003.937s][info][gc          ] GC(2728) Pause Remark 5942M->5942M(12288M) 25.916ms
[2024-05-30T14:11:04.518+0000][13003.937s][info][gc,cpu      ] GC(2728) User=0.11s Sys=0.00s Real=0.03s
[2024-05-30T14:11:04.518+0000][13003.937s][info][gc,marking  ] GC(2728) Concurrent Mark 2692.563ms
[2024-05-30T14:11:04.518+0000][13003.937s][info][gc,marking  ] GC(2728) Concurrent Rebuild Remembered Sets
[2024-05-30T14:11:06.023+0000][13005.442s][info][gc,marking  ] GC(2728) Concurrent Rebuild Remembered Sets 1505.010ms
[2024-05-30T14:11:06.023+0000][13005.442s][info][gc,start    ] GC(2728) Pause Cleanup
[2024-05-30T14:11:06.024+0000][13005.443s][info][gc          ] GC(2728) Pause Cleanup 7570M->7570M(12288M) 0.491ms
[2024-05-30T14:11:06.024+0000][13005.443s][info][gc,cpu      ] GC(2728) User=0.00s Sys=0.00s Real=0.00s
[2024-05-30T14:11:06.024+0000][13005.443s][info][gc,marking  ] GC(2728) Concurrent Cleanup for Next Mark
[2024-05-30T14:11:06.041+0000][13005.460s][info][gc,marking  ] GC(2728) Concurrent Cleanup for Next Mark 16.877ms
[2024-05-30T14:11:06.041+0000][13005.460s][info][gc          ] GC(2728) Concurrent Mark Cycle 4230.523ms
[2024-05-30T14:11:07.828+0000][13007.247s][info][gc,start    ] GC(2729) Pause Young (Prepare Mixed) (G1 Evacuation Pause)
[2024-05-30T14:11:07.828+0000][13007.247s][info][gc,task     ] GC(2729) Using 6 workers of 6 for evacuation
[2024-05-30T14:11:07.849+0000][13007.268s][info][gc,phases   ] GC(2729)   Pre Evacuate Collection Set: 0.2ms
[2024-05-30T14:11:07.849+0000][13007.268s][info][gc,phases   ] GC(2729)   Merge Heap Roots: 0.3ms
[2024-05-30T14:11:07.849+0000][13007.268s][info][gc,phases   ] GC(2729)   Evacuate Collection Set: 19.1ms
[2024-05-30T14:11:07.849+0000][13007.268s][info][gc,phases   ] GC(2729)   Post Evacuate Collection Set: 1.8ms
[2024-05-30T14:11:07.849+0000][13007.268s][info][gc,phases   ] GC(2729)   Other: 0.2ms
[2024-05-30T14:11:07.849+0000][13007.268s][info][gc,heap     ] GC(2729) Eden regions: 869->0(67)
[2024-05-30T14:11:07.849+0000][13007.268s][info][gc,heap     ] GC(2729) Survivor regions: 8->9(110)
[2024-05-30T14:11:07.849+0000][13007.268s][info][gc,heap     ] GC(2729) Old regions: 331->331
[2024-05-30T14:11:07.849+0000][13007.268s][info][gc,heap     ] GC(2729) Archive regions: 2->2
[2024-05-30T14:11:07.849+0000][13007.268s][info][gc,heap     ] GC(2729) Humongous regions: 5->5
[2024-05-30T14:11:07.849+0000][13007.268s][info][gc,metaspace] GC(2729) Metaspace: 433941K(440064K)->433941K(440064K) NonClass: 379939K(383232K)->379939K(383232K) Class: 54001K(56832K)->54001K(56832K)
[2024-05-30T14:11:07.849+0000][13007.268s][info][gc          ] GC(2729) Pause Young (Prepare Mixed) (G1 Evacuation Pause) 9702M->2760M(12288M) 21.657ms
[2024-05-30T14:11:07.849+0000][13007.268s][info][gc,cpu      ] GC(2729) User=0.13s Sys=0.00s Real=0.03s
[2024-05-30T14:11:08.313+0000][13007.733s][info][gc,start    ] GC(2730) Pause Young (Mixed) (G1 Evacuation Pause)
[2024-05-30T14:11:08.313+0000][13007.733s][info][gc,task     ] GC(2730) Using 6 workers of 6 for evacuation
[2024-05-30T14:11:08.374+0000][13007.793s][info][gc,phases   ] GC(2730)   Pre Evacuate Collection Set: 0.2ms
[2024-05-30T14:11:08.374+0000][13007.793s][info][gc,phases   ] GC(2730)   Merge Heap Roots: 0.4ms
[2024-05-30T14:11:08.374+0000][13007.793s][info][gc,phases   ] GC(2730)   Evacuate Collection Set: 58.8ms
[2024-05-30T14:11:08.374+0000][13007.793s][info][gc,phases   ] GC(2730)   Post Evacuate Collection Set: 1.3ms
[2024-05-30T14:11:08.374+0000][13007.793s][info][gc,phases   ] GC(2730)   Other: 0.2ms
[2024-05-30T14:11:08.374+0000][13007.793s][info][gc,heap     ] GC(2730) Eden regions: 67->0(872)
[2024-05-30T14:11:08.374+0000][13007.793s][info][gc,heap     ] GC(2730) Survivor regions: 9->6(10)
[2024-05-30T14:11:08.374+0000][13007.793s][info][gc,heap     ] GC(2730) Old regions: 331->330
[2024-05-30T14:11:08.374+0000][13007.793s][info][gc,heap     ] GC(2730) Archive regions: 2->2
[2024-05-30T14:11:08.374+0000][13007.793s][info][gc,heap     ] GC(2730) Humongous regions: 5->5
[2024-05-30T14:11:08.374+0000][13007.793s][info][gc,metaspace] GC(2730) Metaspace: 433941K(440064K)->433941K(440064K) NonClass: 379939K(383232K)->379939K(383232K) Class: 54001K(56832K)->54001K(56832K)
[2024-05-30T14:11:08.374+0000][13007.793s][info][gc          ] GC(2730) Pause Young (Mixed) (G1 Evacuation Pause) 3296M->2726M(12288M) 60.899ms
[2024-05-30T14:11:08.374+0000][13007.794s][info][gc,cpu      ] GC(2730) User=0.36s Sys=0.01s Real=0.06s
[2024-05-30T14:11:14.031+0000][13013.450s][info][gc,start    ] GC(2731) Pause Young (Normal) (G1 Evacuation Pause)
[2024-05-30T14:11:14.031+0000][13013.450s][info][gc,task     ] GC(2731) Using 6 workers of 6 for evacuation
[2024-05-30T14:11:14.048+0000][13013.467s][info][gc,phases   ] GC(2731)   Pre Evacuate Collection Set: 0.2ms
[2024-05-30T14:11:14.048+0000][13013.467s][info][gc,phases   ] GC(2731)   Merge Heap Roots: 0.3ms
[2024-05-30T14:11:14.048+0000][13013.467s][info][gc,phases   ] GC(2731)   Evacuate Collection Set: 14.1ms
[2024-05-30T14:11:14.048+0000][13013.467s][info][gc,phases   ] GC(2731)   Post Evacuate Collection Set: 1.8ms
[2024-05-30T14:11:14.048+0000][13013.467s][info][gc,phases   ] GC(2731)   Other: 0.2ms
[2024-05-30T14:11:14.048+0000][13013.467s][info][gc,heap     ] GC(2731) Eden regions: 872->0(871)
[2024-05-30T14:11:14.048+0000][13013.467s][info][gc,heap     ] GC(2731) Survivor regions: 6->7(110)
[2024-05-30T14:11:14.048+0000][13013.467s][info][gc,heap     ] GC(2731) Old regions: 330->330
[2024-05-30T14:11:14.048+0000][13013.467s][info][gc,heap     ] GC(2731) Archive regions: 2->2
[2024-05-30T14:11:14.048+0000][13013.467s][info][gc,heap     ] GC(2731) Humongous regions: 5->5
[2024-05-30T14:11:14.048+0000][13013.467s][info][gc,metaspace] GC(2731) Metaspace: 433941K(440064K)->433941K(440064K) NonClass: 379939K(383232K)->379939K(383232K) Class: 54001K(56832K)->54001K(56832K)
[2024-05-30T14:11:14.048+0000][13013.467s][info][gc          ] GC(2731) Pause Young (Normal) (G1 Evacuation Pause) 9702M->2732M(12288M) 16.650ms
[2024-05-30T14:11:14.048+0000][13013.467s][info][gc,cpu      ] GC(2731) User=0.09s Sys=0.00s Real=0.01s
[2024-05-30T14:11:19.195+0000][13018.615s][info][gc,start    ] GC(2732) Pause Young (Normal) (G1 Evacuation Pause)
[2024-05-30T14:11:19.195+0000][13018.615s][info][gc,task     ] GC(2732) Using 6 workers of 6 for evacuation
[2024-05-30T14:11:19.213+0000][13018.632s][info][gc,phases   ] GC(2732)   Pre Evacuate Collection Set: 0.2ms
[2024-05-30T14:11:19.213+0000][13018.632s][info][gc,phases   ] GC(2732)   Merge Heap Roots: 0.2ms
[2024-05-30T14:11:19.213+0000][13018.632s][info][gc,phases   ] GC(2732)   Evacuate Collection Set: 14.8ms
[2024-05-30T14:11:19.213+0000][13018.632s][info][gc,phases   ] GC(2732)   Post Evacuate Collection Set: 1.8ms
[2024-05-30T14:11:19.213+0000][13018.632s][info][gc,phases   ] GC(2732)   Other: 0.2ms
[2024-05-30T14:11:19.213+0000][13018.632s][info][gc,heap     ] GC(2732) Eden regions: 871->0(869)
[2024-05-30T14:11:19.213+0000][13018.632s][info][gc,heap     ] GC(2732) Survivor regions: 7->9(110)
[2024-05-30T14:11:19.213+0000][13018.632s][info][gc,heap     ] GC(2732) Old regions: 330->330
[2024-05-30T14:11:19.213+0000][13018.632s][info][gc,heap     ] GC(2732) Archive regions: 2->2
[2024-05-30T14:11:19.213+0000][13018.632s][info][gc,heap     ] GC(2732) Humongous regions: 5->5
[2024-05-30T14:11:19.213+0000][13018.632s][info][gc,metaspace] GC(2732) Metaspace: 433941K(440064K)->433941K(440064K) NonClass: 379939K(383232K)->379939K(383232K) Class: 54001K(56832K)->54001K(56832K)
[2024-05-30T14:11:19.213+0000][13018.632s][info][gc          ] GC(2732) Pause Young (Normal) (G1 Evacuation Pause) 9700M->2747M(12288M) 17.216ms
[2024-05-30T14:11:19.213+0000][13018.632s][info][gc,cpu      ] GC(2732) User=0.10s Sys=0.00s Real=0.02s
[2024-05-30T14:11:25.121+0000][13024.541s][info][gc,start    ] GC(2733) Pause Young (Concurrent Start) (G1 Evacuation Pause)
[2024-05-30T14:11:25.121+0000][13024.541s][info][gc,task     ] GC(2733) Using 6 workers of 6 for evacuation
[2024-05-30T14:11:25.143+0000][13024.562s][info][gc,phases   ] GC(2733)   Pre Evacuate Collection Set: 0.5ms
[2024-05-30T14:11:25.143+0000][13024.562s][info][gc,phases   ] GC(2733)   Merge Heap Roots: 0.2ms
[2024-05-30T14:11:25.143+0000][13024.562s][info][gc,phases   ] GC(2733)   Evacuate Collection Set: 18.3ms
[2024-05-30T14:11:25.143+0000][13024.562s][info][gc,phases   ] GC(2733)   Post Evacuate Collection Set: 2.0ms
[2024-05-30T14:11:25.143+0000][13024.562s][info][gc,phases   ] GC(2733)   Other: 0.3ms
[2024-05-30T14:11:25.143+0000][13024.562s][info][gc,heap     ] GC(2733) Eden regions: 869->0(866)
[2024-05-30T14:11:25.143+0000][13024.562s][info][gc,heap     ] GC(2733) Survivor regions: 9->11(110)
[2024-05-30T14:11:25.143+0000][13024.562s][info][gc,heap     ] GC(2733) Old regions: 330->330
[2024-05-30T14:11:25.143+0000][13024.562s][info][gc,heap     ] GC(2733) Archive regions: 2->2
[2024-05-30T14:11:25.143+0000][13024.562s][info][gc,heap     ] GC(2733) Humongous regions: 5->5
[2024-05-30T14:11:25.143+0000][13024.562s][info][gc,metaspace] GC(2733) Metaspace: 433941K(440064K)->433941K(440064K) NonClass: 379939K(383232K)->379939K(383232K) Class: 54001K(56832K)->54001K(56832K)
[2024-05-30T14:11:25.143+0000][13024.562s][info][gc          ] GC(2733) Pause Young (Concurrent Start) (G1 Evacuation Pause) 9699M->2762M(12288M) 21.406ms
[2024-05-30T14:11:25.143+0000][13024.562s][info][gc,cpu      ] GC(2733) User=0.12s Sys=0.00s Real=0.02s
[2024-05-30T14:11:25.143+0000][13024.562s][info][gc          ] GC(2734) Concurrent Mark Cycle
[2024-05-30T14:11:25.143+0000][13024.562s][info][gc,marking  ] GC(2734) Concurrent Clear Claimed Marks
[2024-05-30T14:11:25.143+0000][13024.562s][info][gc,marking  ] GC(2734) Concurrent Clear Claimed Marks 0.402ms
[2024-05-30T14:11:25.143+0000][13024.562s][info][gc,marking  ] GC(2734) Concurrent Scan Root Regions
[2024-05-30T14:11:25.174+0000][13024.593s][info][gc,marking  ] GC(2734) Concurrent Scan Root Regions 30.903ms
[2024-05-30T14:11:25.174+0000][13024.593s][info][gc,marking  ] GC(2734) Concurrent Mark
[2024-05-30T14:11:25.174+0000][13024.593s][info][gc,marking  ] GC(2734) Concurrent Mark From Roots
[2024-05-30T14:11:25.174+0000][13024.593s][info][gc,task     ] GC(2734) Using 2 workers of 2 for marking
[2024-05-30T14:11:27.877+0000][13027.297s][info][gc,marking  ] GC(2734) Concurrent Mark From Roots 2703.117ms
[2024-05-30T14:11:27.877+0000][13027.297s][info][gc,marking  ] GC(2734) Concurrent Preclean
[2024-05-30T14:11:27.879+0000][13027.298s][info][gc,marking  ] GC(2734) Concurrent Preclean 1.862ms
[2024-05-30T14:11:27.879+0000][13027.299s][info][gc,start    ] GC(2734) Pause Remark
[2024-05-30T14:11:27.904+0000][13027.323s][info][gc          ] GC(2734) Pause Remark 5598M->5598M(12288M) 24.197ms
[2024-05-30T14:11:27.904+0000][13027.323s][info][gc,cpu      ] GC(2734) User=0.11s Sys=0.00s Real=0.02s
[2024-05-30T14:11:27.904+0000][13027.323s][info][gc,marking  ] GC(2734) Concurrent Mark 2729.627ms
[2024-05-30T14:11:27.904+0000][13027.323s][info][gc,marking  ] GC(2734) Concurrent Rebuild Remembered Sets
[2024-05-30T14:11:29.396+0000][13028.815s][info][gc,marking  ] GC(2734) Concurrent Rebuild Remembered Sets 1492.103ms
[2024-05-30T14:11:29.396+0000][13028.815s][info][gc,start    ] GC(2734) Pause Cleanup
[2024-05-30T14:11:29.397+0000][13028.816s][info][gc          ] GC(2734) Pause Cleanup 7226M->7226M(12288M) 0.521ms
[2024-05-30T14:11:29.397+0000][13028.816s][info][gc,cpu      ] GC(2734) User=0.00s Sys=0.00s Real=0.01s
[2024-05-30T14:11:29.397+0000][13028.816s][info][gc,marking  ] GC(2734) Concurrent Cleanup for Next Mark
[2024-05-30T14:11:29.414+0000][13028.834s][info][gc,marking  ] GC(2734) Concurrent Cleanup for Next Mark 17.688ms
[2024-05-30T14:11:29.414+0000][13028.834s][info][gc          ] GC(2734) Concurrent Mark Cycle 4271.716ms
[2024-05-30T14:11:31.501+0000][13030.920s][info][gc,start    ] GC(2735) Pause Young (Prepare Mixed) (G1 Evacuation Pause)
[2024-05-30T14:11:31.501+0000][13030.920s][info][gc,task     ] GC(2735) Using 6 workers of 6 for evacuation
[2024-05-30T14:11:31.525+0000][13030.944s][info][gc,phases   ] GC(2735)   Pre Evacuate Collection Set: 0.2ms
[2024-05-30T14:11:31.525+0000][13030.944s][info][gc,phases   ] GC(2735)   Merge Heap Roots: 0.3ms
[2024-05-30T14:11:31.525+0000][13030.944s][info][gc,phases   ] GC(2735)   Evacuate Collection Set: 21.2ms
[2024-05-30T14:11:31.525+0000][13030.944s][info][gc,phases   ] GC(2735)   Post Evacuate Collection Set: 1.9ms
[2024-05-30T14:11:31.525+0000][13030.944s][info][gc,phases   ] GC(2735)   Other: 0.2ms
[2024-05-30T14:11:31.525+0000][13030.944s][info][gc,heap     ] GC(2735) Eden regions: 866->0(65)
[2024-05-30T14:11:31.525+0000][13030.944s][info][gc,heap     ] GC(2735) Survivor regions: 11->11(110)
[2024-05-30T14:11:31.525+0000][13030.944s][info][gc,heap     ] GC(2735) Old regions: 330->330
[2024-05-30T14:11:31.525+0000][13030.944s][info][gc,heap     ] GC(2735) Archive regions: 2->2
[2024-05-30T14:11:31.525+0000][13030.944s][info][gc,heap     ] GC(2735) Humongous regions: 5->5
[2024-05-30T14:11:31.525+0000][13030.944s][info][gc,metaspace] GC(2735) Metaspace: 433943K(440064K)->433943K(440064K) NonClass: 379942K(383232K)->379942K(383232K) Class: 54001K(56832K)->54001K(56832K)
[2024-05-30T14:11:31.525+0000][13030.944s][info][gc          ] GC(2735) Pause Young (Prepare Mixed) (G1 Evacuation Pause) 9690M->2768M(12288M) 23.803ms
[2024-05-30T14:11:31.525+0000][13030.944s][info][gc,cpu      ] GC(2735) User=0.14s Sys=0.00s Real=0.02s
[2024-05-30T14:11:31.977+0000][13031.396s][info][gc,start    ] GC(2736) Pause Young (Mixed) (G1 Evacuation Pause)
[2024-05-30T14:11:31.977+0000][13031.396s][info][gc,task     ] GC(2736) Using 6 workers of 6 for evacuation
[2024-05-30T14:11:32.038+0000][13031.457s][info][gc,phases   ] GC(2736)   Pre Evacuate Collection Set: 0.2ms
[2024-05-30T14:11:32.038+0000][13031.457s][info][gc,phases   ] GC(2736)   Merge Heap Roots: 0.4ms
[2024-05-30T14:11:32.038+0000][13031.457s][info][gc,phases   ] GC(2736)   Evacuate Collection Set: 58.7ms
[2024-05-30T14:11:32.038+0000][13031.457s][info][gc,phases   ] GC(2736)   Post Evacuate Collection Set: 1.4ms
[2024-05-30T14:11:32.038+0000][13031.457s][info][gc,phases   ] GC(2736)   Other: 0.2ms
[2024-05-30T14:11:32.038+0000][13031.457s][info][gc,heap     ] GC(2736) Eden regions: 65->0(870)
[2024-05-30T14:11:32.038+0000][13031.457s][info][gc,heap     ] GC(2736) Survivor regions: 11->5(10)
[2024-05-30T14:11:32.038+0000][13031.457s][info][gc,heap     ] GC(2736) Old regions: 330->332
[2024-05-30T14:11:32.038+0000][13031.457s][info][gc,heap     ] GC(2736) Archive regions: 2->2
[2024-05-30T14:11:32.038+0000][13031.457s][info][gc,heap     ] GC(2736) Humongous regions: 5->5
[2024-05-30T14:11:32.038+0000][13031.457s][info][gc,metaspace] GC(2736) Metaspace: 433943K(440064K)->433943K(440064K) NonClass: 379942K(383232K)->379942K(383232K) Class: 54001K(56832K)->54001K(56832K)
[2024-05-30T14:11:32.038+0000][13031.457s][info][gc          ] GC(2736) Pause Young (Mixed) (G1 Evacuation Pause) 3288M->2735M(12288M) 60.863ms
[2024-05-30T14:11:32.038+0000][13031.457s][info][gc,cpu      ] GC(2736) User=0.36s Sys=0.00s Real=0.06s
[2024-05-30T14:11:37.917+0000][13037.336s][info][gc,start    ] GC(2737) Pause Young (Normal) (G1 Evacuation Pause)
[2024-05-30T14:11:37.917+0000][13037.336s][info][gc,task     ] GC(2737) Using 6 workers of 6 for evacuation
[2024-05-30T14:11:37.930+0000][13037.349s][info][gc,phases   ] GC(2737)   Pre Evacuate Collection Set: 0.2ms
[2024-05-30T14:11:37.930+0000][13037.349s][info][gc,phases   ] GC(2737)   Merge Heap Roots: 0.2ms
[2024-05-30T14:11:37.930+0000][13037.349s][info][gc,phases   ] GC(2737)   Evacuate Collection Set: 10.9ms
[2024-05-30T14:11:37.930+0000][13037.349s][info][gc,phases   ] GC(2737)   Post Evacuate Collection Set: 1.8ms
[2024-05-30T14:11:37.930+0000][13037.349s][info][gc,phases   ] GC(2737)   Other: 0.2ms
[2024-05-30T14:11:37.930+0000][13037.349s][info][gc,heap     ] GC(2737) Eden regions: 870->0(869)
[2024-05-30T14:11:37.930+0000][13037.349s][info][gc,heap     ] GC(2737) Survivor regions: 5->6(110)
[2024-05-30T14:11:37.930+0000][13037.349s][info][gc,heap     ] GC(2737) Old regions: 332->332
[2024-05-30T14:11:37.930+0000][13037.349s][info][gc,heap     ] GC(2737) Archive regions: 2->2
[2024-05-30T14:11:37.930+0000][13037.349s][info][gc,heap     ] GC(2737) Humongous regions: 5->5
[2024-05-30T14:11:37.930+0000][13037.349s][info][gc,metaspace] GC(2737) Metaspace: 433943K(440064K)->433943K(440064K) NonClass: 379942K(383232K)->379942K(383232K) Class: 54001K(56832K)->54001K(56832K)
[2024-05-30T14:11:37.930+0000][13037.349s][info][gc          ] GC(2737) Pause Young (Normal) (G1 Evacuation Pause) 9695M->2740M(12288M) 13.353ms
[2024-05-30T14:11:37.930+0000][13037.349s][info][gc,cpu      ] GC(2737) User=0.08s Sys=0.00s Real=0.01s
[2024-05-30T14:11:43.918+0000][13043.337s][info][gc,start    ] GC(2738) Pause Young (Normal) (G1 Evacuation Pause)
[2024-05-30T14:11:43.918+0000][13043.337s][info][gc,task     ] GC(2738) Using 6 workers of 6 for evacuation
[2024-05-30T14:11:43.934+0000][13043.353s][info][gc,phases   ] GC(2738)   Pre Evacuate Collection Set: 0.2ms
[2024-05-30T14:11:43.934+0000][13043.353s][info][gc,phases   ] GC(2738)   Merge Heap Roots: 0.2ms
[2024-05-30T14:11:43.934+0000][13043.353s][info][gc,phases   ] GC(2738)   Evacuate Collection Set: 14.3ms
[2024-05-30T14:11:43.934+0000][13043.353s][info][gc,phases   ] GC(2738)   Post Evacuate Collection Set: 1.7ms
[2024-05-30T14:11:43.934+0000][13043.353s][info][gc,phases   ] GC(2738)   Other: 0.2ms
[2024-05-30T14:11:43.934+0000][13043.353s][info][gc,heap     ] GC(2738) Eden regions: 869->0(866)
[2024-05-30T14:11:43.934+0000][13043.353s][info][gc,heap     ] GC(2738) Survivor regions: 6->9(110)
[2024-05-30T14:11:43.934+0000][13043.353s][info][gc,heap     ] GC(2738) Old regions: 332->332
[2024-05-30T14:11:43.934+0000][13043.353s][info][gc,heap     ] GC(2738) Archive regions: 2->2
[2024-05-30T14:11:43.934+0000][13043.354s][info][gc,heap     ] GC(2738) Humongous regions: 5->5
[2024-05-30T14:11:43.934+0000][13043.354s][info][gc,metaspace] GC(2738) Metaspace: 433943K(440064K)->433943K(440064K) NonClass: 379942K(383232K)->379942K(383232K) Class: 54001K(56832K)->54001K(56832K)
[2024-05-30T14:11:43.934+0000][13043.354s][info][gc          ] GC(2738) Pause Young (Normal) (G1 Evacuation Pause) 9692M->2761M(12288M) 16.721ms
[2024-05-30T14:11:43.934+0000][13043.354s][info][gc,cpu      ] GC(2738) User=0.10s Sys=0.00s Real=0.01s
[2024-05-30T14:11:49.384+0000][13048.803s][info][gc,start    ] GC(2739) Pause Young (Concurrent Start) (G1 Evacuation Pause)
[2024-05-30T14:11:49.384+0000][13048.803s][info][gc,task     ] GC(2739) Using 6 workers of 6 for evacuation
[2024-05-30T14:11:49.403+0000][13048.822s][info][gc,phases   ] GC(2739)   Pre Evacuate Collection Set: 0.6ms
[2024-05-30T14:11:49.403+0000][13048.822s][info][gc,phases   ] GC(2739)   Merge Heap Roots: 0.3ms
[2024-05-30T14:11:49.403+0000][13048.822s][info][gc,phases   ] GC(2739)   Evacuate Collection Set: 16.1ms
[2024-05-30T14:11:49.403+0000][13048.822s][info][gc,phases   ] GC(2739)   Post Evacuate Collection Set: 1.8ms
[2024-05-30T14:11:49.403+0000][13048.822s][info][gc,phases   ] GC(2739)   Other: 0.3ms
[2024-05-30T14:11:49.403+0000][13048.822s][info][gc,heap     ] GC(2739) Eden regions: 866->0(868)
[2024-05-30T14:11:49.403+0000][13048.822s][info][gc,heap     ] GC(2739) Survivor regions: 9->8(110)
[2024-05-30T14:11:49.403+0000][13048.822s][info][gc,heap     ] GC(2739) Old regions: 332->332
[2024-05-30T14:11:49.403+0000][13048.822s][info][gc,heap     ] GC(2739) Archive regions: 2->2
[2024-05-30T14:11:49.403+0000][13048.822s][info][gc,heap     ] GC(2739) Humongous regions: 5->5
[2024-05-30T14:11:49.403+0000][13048.822s][info][gc,metaspace] GC(2739) Metaspace: 433943K(440064K)->433943K(440064K) NonClass: 379942K(383232K)->379942K(383232K) Class: 54001K(56832K)->54001K(56832K)
[2024-05-30T14:11:49.403+0000][13048.822s][info][gc          ] GC(2739) Pause Young (Concurrent Start) (G1 Evacuation Pause) 9689M->2755M(12288M) 19.021ms
[2024-05-30T14:11:49.403+0000][13048.822s][info][gc,cpu      ] GC(2739) User=0.11s Sys=0.00s Real=0.02s
[2024-05-30T14:11:49.403+0000][13048.822s][info][gc          ] GC(2740) Concurrent Mark Cycle
[2024-05-30T14:11:49.403+0000][13048.822s][info][gc,marking  ] GC(2740) Concurrent Clear Claimed Marks
[2024-05-30T14:11:49.403+0000][13048.822s][info][gc,marking  ] GC(2740) Concurrent Clear Claimed Marks 0.377ms
[2024-05-30T14:11:49.403+0000][13048.822s][info][gc,marking  ] GC(2740) Concurrent Scan Root Regions
[2024-05-30T14:11:49.419+0000][13048.838s][info][gc,marking  ] GC(2740) Concurrent Scan Root Regions 15.845ms
[2024-05-30T14:11:49.419+0000][13048.838s][info][gc,marking  ] GC(2740) Concurrent Mark
[2024-05-30T14:11:49.419+0000][13048.838s][info][gc,marking  ] GC(2740) Concurrent Mark From Roots
[2024-05-30T14:11:49.419+0000][13048.838s][info][gc,task     ] GC(2740) Using 2 workers of 2 for marking
[2024-05-30T14:11:52.072+0000][13051.492s][info][gc,marking  ] GC(2740) Concurrent Mark From Roots 2653.312ms
[2024-05-30T14:11:52.072+0000][13051.492s][info][gc,marking  ] GC(2740) Concurrent Preclean
[2024-05-30T14:11:52.074+0000][13051.493s][info][gc,marking  ] GC(2740) Concurrent Preclean 1.592ms
[2024-05-30T14:11:52.074+0000][13051.493s][info][gc,start    ] GC(2740) Pause Remark
[2024-05-30T14:11:52.099+0000][13051.518s][info][gc          ] GC(2740) Pause Remark 5391M->5388M(12288M) 24.486ms
[2024-05-30T14:11:52.099+0000][13051.518s][info][gc,cpu      ] GC(2740) User=0.10s Sys=0.00s Real=0.03s
[2024-05-30T14:11:52.099+0000][13051.518s][info][gc,marking  ] GC(2740) Concurrent Mark 2679.790ms
[2024-05-30T14:11:52.099+0000][13051.518s][info][gc,marking  ] GC(2740) Concurrent Rebuild Remembered Sets
[2024-05-30T14:11:53.701+0000][13053.120s][info][gc,marking  ] GC(2740) Concurrent Rebuild Remembered Sets 1601.886ms
[2024-05-30T14:11:53.701+0000][13053.120s][info][gc,start    ] GC(2740) Pause Cleanup
[2024-05-30T14:11:53.701+0000][13053.121s][info][gc          ] GC(2740) Pause Cleanup 7112M->7112M(12288M) 0.490ms
[2024-05-30T14:11:53.701+0000][13053.121s][info][gc,cpu      ] GC(2740) User=0.00s Sys=0.00s Real=0.00s
[2024-05-30T14:11:53.702+0000][13053.121s][info][gc,marking  ] GC(2740) Concurrent Cleanup for Next Mark
[2024-05-30T14:11:53.719+0000][13053.138s][info][gc,marking  ] GC(2740) Concurrent Cleanup for Next Mark 17.723ms
[2024-05-30T14:11:53.719+0000][13053.139s][info][gc          ] GC(2740) Concurrent Mark Cycle 4316.532ms
[2024-05-30T14:11:55.844+0000][13055.263s][info][gc,start    ] GC(2741) Pause Young (Prepare Mixed) (G1 Evacuation Pause)
[2024-05-30T14:11:55.844+0000][13055.263s][info][gc,task     ] GC(2741) Using 6 workers of 6 for evacuation
[2024-05-30T14:11:55.866+0000][13055.285s][info][gc,phases   ] GC(2741)   Pre Evacuate Collection Set: 0.2ms
[2024-05-30T14:11:55.866+0000][13055.285s][info][gc,phases   ] GC(2741)   Merge Heap Roots: 0.3ms
[2024-05-30T14:11:55.866+0000][13055.285s][info][gc,phases   ] GC(2741)   Evacuate Collection Set: 19.3ms
[2024-05-30T14:11:55.866+0000][13055.285s][info][gc,phases   ] GC(2741)   Post Evacuate Collection Set: 2.0ms
[2024-05-30T14:11:55.866+0000][13055.285s][info][gc,phases   ] GC(2741)   Other: 0.2ms
[2024-05-30T14:11:55.866+0000][13055.285s][info][gc,heap     ] GC(2741) Eden regions: 868->0(67)
[2024-05-30T14:11:55.866+0000][13055.285s][info][gc,heap     ] GC(2741) Survivor regions: 8->9(110)
[2024-05-30T14:11:55.866+0000][13055.285s][info][gc,heap     ] GC(2741) Old regions: 331->331
[2024-05-30T14:11:55.866+0000][13055.285s][info][gc,heap     ] GC(2741) Archive regions: 2->2
[2024-05-30T14:11:55.866+0000][13055.285s][info][gc,heap     ] GC(2741) Humongous regions: 5->5
[2024-05-30T14:11:55.866+0000][13055.285s][info][gc,metaspace] GC(2741) Metaspace: 433943K(440064K)->433943K(440064K) NonClass: 379942K(383232K)->379942K(383232K) Class: 54001K(56832K)->54001K(56832K)
[2024-05-30T14:11:55.866+0000][13055.285s][info][gc          ] GC(2741) Pause Young (Prepare Mixed) (G1 Evacuation Pause) 9696M->2764M(12288M) 22.047ms
[2024-05-30T14:11:55.866+0000][13055.285s][info][gc,cpu      ] GC(2741) User=0.13s Sys=0.00s Real=0.02s
[2024-05-30T14:11:56.301+0000][13055.720s][info][gc,start    ] GC(2742) Pause Young (Mixed) (G1 Evacuation Pause)
[2024-05-30T14:11:56.301+0000][13055.720s][info][gc,task     ] GC(2742) Using 6 workers of 6 for evacuation
[2024-05-30T14:11:56.354+0000][13055.774s][info][gc,phases   ] GC(2742)   Pre Evacuate Collection Set: 0.2ms
[2024-05-30T14:11:56.354+0000][13055.774s][info][gc,phases   ] GC(2742)   Merge Heap Roots: 0.3ms
[2024-05-30T14:11:56.354+0000][13055.774s][info][gc,phases   ] GC(2742)   Evacuate Collection Set: 51.8ms
[2024-05-30T14:11:56.354+0000][13055.774s][info][gc,phases   ] GC(2742)   Post Evacuate Collection Set: 1.4ms
[2024-05-30T14:11:56.354+0000][13055.774s][info][gc,phases   ] GC(2742)   Other: 0.2ms
[2024-05-30T14:11:56.354+0000][13055.774s][info][gc,heap     ] GC(2742) Eden regions: 67->0(872)
[2024-05-30T14:11:56.354+0000][13055.774s][info][gc,heap     ] GC(2742) Survivor regions: 9->6(10)
[2024-05-30T14:11:56.354+0000][13055.774s][info][gc,heap     ] GC(2742) Old regions: 331->330
[2024-05-30T14:11:56.354+0000][13055.774s][info][gc,heap     ] GC(2742) Archive regions: 2->2
[2024-05-30T14:11:56.354+0000][13055.774s][info][gc,heap     ] GC(2742) Humongous regions: 5->5
[2024-05-30T14:11:56.354+0000][13055.774s][info][gc,metaspace] GC(2742) Metaspace: 433943K(440064K)->433943K(440064K) NonClass: 379942K(383232K)->379942K(383232K) Class: 54001K(56832K)->54001K(56832K)
[2024-05-30T14:11:56.354+0000][13055.774s][info][gc          ] GC(2742) Pause Young (Mixed) (G1 Evacuation Pause) 3300M->2725M(12288M) 53.930ms
[2024-05-30T14:11:56.354+0000][13055.774s][info][gc,cpu      ] GC(2742) User=0.31s Sys=0.00s Real=0.05s
[2024-05-30T14:12:02.301+0000][13061.720s][info][gc,start    ] GC(2743) Pause Young (Normal) (G1 Evacuation Pause)
[2024-05-30T14:12:02.301+0000][13061.720s][info][gc,task     ] GC(2743) Using 6 workers of 6 for evacuation
[2024-05-30T14:12:02.317+0000][13061.736s][info][gc,phases   ] GC(2743)   Pre Evacuate Collection Set: 0.2ms
[2024-05-30T14:12:02.317+0000][13061.736s][info][gc,phases   ] GC(2743)   Merge Heap Roots: 0.2ms
[2024-05-30T14:12:02.317+0000][13061.736s][info][gc,phases   ] GC(2743)   Evacuate Collection Set: 14.0ms
[2024-05-30T14:12:02.317+0000][13061.736s][info][gc,phases   ] GC(2743)   Post Evacuate Collection Set: 1.8ms
[2024-05-30T14:12:02.317+0000][13061.736s][info][gc,phases   ] GC(2743)   Other: 0.2ms
[2024-05-30T14:12:02.317+0000][13061.736s][info][gc,heap     ] GC(2743) Eden regions: 872->0(870)
[2024-05-30T14:12:02.317+0000][13061.736s][info][gc,heap     ] GC(2743) Survivor regions: 6->8(110)
[2024-05-30T14:12:02.317+0000][13061.736s][info][gc,heap     ] GC(2743) Old regions: 330->330
[2024-05-30T14:12:02.317+0000][13061.736s][info][gc,heap     ] GC(2743) Archive regions: 2->2
[2024-05-30T14:12:02.317+0000][13061.736s][info][gc,heap     ] GC(2743) Humongous regions: 5->5
[2024-05-30T14:12:02.317+0000][13061.736s][info][gc,metaspace] GC(2743) Metaspace: 433944K(440064K)->433944K(440064K) NonClass: 379942K(383232K)->379942K(383232K) Class: 54001K(56832K)->54001K(56832K)
[2024-05-30T14:12:02.317+0000][13061.737s][info][gc          ] GC(2743) Pause Young (Normal) (G1 Evacuation Pause) 9701M->2736M(12288M) 16.404ms
[2024-05-30T14:12:02.317+0000][13061.737s][info][gc,cpu      ] GC(2743) User=0.10s Sys=0.00s Real=0.02s
[2024-05-30T14:12:08.141+0000][13067.560s][info][gc,start    ] GC(2744) Pause Young (Normal) (G1 Evacuation Pause)
[2024-05-30T14:12:08.141+0000][13067.560s][info][gc,task     ] GC(2744) Using 6 workers of 6 for evacuation
[2024-05-30T14:12:08.159+0000][13067.578s][info][gc,phases   ] GC(2744)   Pre Evacuate Collection Set: 0.2ms
[2024-05-30T14:12:08.159+0000][13067.578s][info][gc,phases   ] GC(2744)   Merge Heap Roots: 0.3ms
[2024-05-30T14:12:08.159+0000][13067.578s][info][gc,phases   ] GC(2744)   Evacuate Collection Set: 16.0ms
[2024-05-30T14:12:08.159+0000][13067.578s][info][gc,phases   ] GC(2744)   Post Evacuate Collection Set: 1.7ms
[2024-05-30T14:12:08.159+0000][13067.578s][info][gc,phases   ] GC(2744)   Other: 0.2ms
[2024-05-30T14:12:08.159+0000][13067.578s][info][gc,heap     ] GC(2744) Eden regions: 870->0(870)
[2024-05-30T14:12:08.159+0000][13067.578s][info][gc,heap     ] GC(2744) Survivor regions: 8->8(110)
[2024-05-30T14:12:08.159+0000][13067.578s][info][gc,heap     ] GC(2744) Old regions: 330->330
[2024-05-30T14:12:08.159+0000][13067.578s][info][gc,heap     ] GC(2744) Archive regions: 2->2
[2024-05-30T14:12:08.159+0000][13067.578s][info][gc,heap     ] GC(2744) Humongous regions: 5->5
[2024-05-30T14:12:08.159+0000][13067.578s][info][gc,metaspace] GC(2744) Metaspace: 433944K(440064K)->433944K(440064K) NonClass: 379942K(383232K)->379942K(383232K) Class: 54001K(56832K)->54001K(56832K)
[2024-05-30T14:12:08.159+0000][13067.578s][info][gc          ] GC(2744) Pause Young (Normal) (G1 Evacuation Pause) 9696M->2742M(12288M) 18.424ms
[2024-05-30T14:12:08.159+0000][13067.578s][info][gc,cpu      ] GC(2744) User=0.10s Sys=0.00s Real=0.02s
[2024-05-30T14:12:14.191+0000][13073.610s][info][gc,start    ] GC(2745) Pause Young (Concurrent Start) (G1 Evacuation Pause)
[2024-05-30T14:12:14.191+0000][13073.610s][info][gc,task     ] GC(2745) Using 6 workers of 6 for evacuation
[2024-05-30T14:12:14.213+0000][13073.632s][info][gc,phases   ] GC(2745)   Pre Evacuate Collection Set: 0.5ms
[2024-05-30T14:12:14.213+0000][13073.632s][info][gc,phases   ] GC(2745)   Merge Heap Roots: 0.2ms
[2024-05-30T14:12:14.213+0000][13073.632s][info][gc,phases   ] GC(2745)   Evacuate Collection Set: 19.8ms
[2024-05-30T14:12:14.213+0000][13073.632s][info][gc,phases   ] GC(2745)   Post Evacuate Collection Set: 1.8ms
[2024-05-30T14:12:14.213+0000][13073.632s][info][gc,phases   ] GC(2745)   Other: 0.3ms
[2024-05-30T14:12:14.213+0000][13073.632s][info][gc,heap     ] GC(2745) Eden regions: 870->0(868)
[2024-05-30T14:12:14.213+0000][13073.632s][info][gc,heap     ] GC(2745) Survivor regions: 8->10(110)
[2024-05-30T14:12:14.213+0000][13073.632s][info][gc,heap     ] GC(2745) Old regions: 330->330
[2024-05-30T14:12:14.213+0000][13073.632s][info][gc,heap     ] GC(2745) Archive regions: 2->2
[2024-05-30T14:12:14.213+0000][13073.632s][info][gc,heap     ] GC(2745) Humongous regions: 5->5
[2024-05-30T14:12:14.213+0000][13073.632s][info][gc,metaspace] GC(2745) Metaspace: 433944K(440064K)->433944K(440064K) NonClass: 379942K(383232K)->379942K(383232K) Class: 54001K(56832K)->54001K(56832K)
[2024-05-30T14:12:14.213+0000][13073.633s][info][gc          ] GC(2745) Pause Young (Concurrent Start) (G1 Evacuation Pause) 9702M->2758M(12288M) 22.748ms
[2024-05-30T14:12:14.213+0000][13073.633s][info][gc,cpu      ] GC(2745) User=0.13s Sys=0.00s Real=0.02s
[2024-05-30T14:12:14.213+0000][13073.633s][info][gc          ] GC(2746) Concurrent Mark Cycle
[2024-05-30T14:12:14.213+0000][13073.633s][info][gc,marking  ] GC(2746) Concurrent Clear Claimed Marks
[2024-05-30T14:12:14.214+0000][13073.633s][info][gc,marking  ] GC(2746) Concurrent Clear Claimed Marks 0.375ms
[2024-05-30T14:12:14.214+0000][13073.633s][info][gc,marking  ] GC(2746) Concurrent Scan Root Regions
[2024-05-30T14:12:14.234+0000][13073.653s][info][gc,marking  ] GC(2746) Concurrent Scan Root Regions 19.746ms
[2024-05-30T14:12:14.234+0000][13073.653s][info][gc,marking  ] GC(2746) Concurrent Mark
[2024-05-30T14:12:14.234+0000][13073.653s][info][gc,marking  ] GC(2746) Concurrent Mark From Roots
[2024-05-30T14:12:14.234+0000][13073.653s][info][gc,task     ] GC(2746) Using 2 workers of 2 for marking
[2024-05-30T14:12:16.937+0000][13076.357s][info][gc,marking  ] GC(2746) Concurrent Mark From Roots 2703.861ms
[2024-05-30T14:12:16.937+0000][13076.357s][info][gc,marking  ] GC(2746) Concurrent Preclean
[2024-05-30T14:12:16.939+0000][13076.358s][info][gc,marking  ] GC(2746) Concurrent Preclean 1.629ms
[2024-05-30T14:12:16.939+0000][13076.359s][info][gc,start    ] GC(2746) Pause Remark
[2024-05-30T14:12:16.963+0000][13076.383s][info][gc          ] GC(2746) Pause Remark 5474M->5474M(12288M) 24.069ms
[2024-05-30T14:12:16.963+0000][13076.383s][info][gc,cpu      ] GC(2746) User=0.10s Sys=0.00s Real=0.02s
[2024-05-30T14:12:16.963+0000][13076.383s][info][gc,marking  ] GC(2746) Concurrent Mark 2729.926ms
[2024-05-30T14:12:16.963+0000][13076.383s][info][gc,marking  ] GC(2746) Concurrent Rebuild Remembered Sets
[2024-05-30T14:12:18.439+0000][13077.859s][info][gc,marking  ] GC(2746) Concurrent Rebuild Remembered Sets 1475.836ms
[2024-05-30T14:12:18.440+0000][13077.859s][info][gc,start    ] GC(2746) Pause Cleanup
[2024-05-30T14:12:18.440+0000][13077.859s][info][gc          ] GC(2746) Pause Cleanup 7182M->7182M(12288M) 0.473ms
[2024-05-30T14:12:18.440+0000][13077.859s][info][gc,cpu      ] GC(2746) User=0.00s Sys=0.00s Real=0.00s
[2024-05-30T14:12:18.440+0000][13077.859s][info][gc,marking  ] GC(2746) Concurrent Cleanup for Next Mark
[2024-05-30T14:12:18.457+0000][13077.876s][info][gc,marking  ] GC(2746) Concurrent Cleanup for Next Mark 16.878ms
[2024-05-30T14:12:18.457+0000][13077.876s][info][gc          ] GC(2746) Concurrent Mark Cycle 4243.743ms
[2024-05-30T14:12:20.624+0000][13080.043s][info][gc,start    ] GC(2747) Pause Young (Prepare Mixed) (G1 Evacuation Pause)
[2024-05-30T14:12:20.624+0000][13080.043s][info][gc,task     ] GC(2747) Using 6 workers of 6 for evacuation
[2024-05-30T14:12:20.651+0000][13080.070s][info][gc,phases   ] GC(2747)   Pre Evacuate Collection Set: 0.2ms
[2024-05-30T14:12:20.651+0000][13080.070s][info][gc,phases   ] GC(2747)   Merge Heap Roots: 0.3ms
[2024-05-30T14:12:20.651+0000][13080.070s][info][gc,phases   ] GC(2747)   Evacuate Collection Set: 24.4ms
[2024-05-30T14:12:20.651+0000][13080.070s][info][gc,phases   ] GC(2747)   Post Evacuate Collection Set: 1.8ms
[2024-05-30T14:12:20.651+0000][13080.070s][info][gc,phases   ] GC(2747)   Other: 0.2ms
[2024-05-30T14:12:20.651+0000][13080.070s][info][gc,heap     ] GC(2747) Eden regions: 868->0(65)
[2024-05-30T14:12:20.651+0000][13080.070s][info][gc,heap     ] GC(2747) Survivor regions: 10->11(110)
[2024-05-30T14:12:20.651+0000][13080.070s][info][gc,heap     ] GC(2747) Old regions: 330->330
[2024-05-30T14:12:20.651+0000][13080.070s][info][gc,heap     ] GC(2747) Archive regions: 2->2
[2024-05-30T14:12:20.651+0000][13080.070s][info][gc,heap     ] GC(2747) Humongous regions: 5->5
[2024-05-30T14:12:20.651+0000][13080.070s][info][gc,metaspace] GC(2747) Metaspace: 433944K(440064K)->433944K(440064K) NonClass: 379942K(383232K)->379942K(383232K) Class: 54001K(56832K)->54001K(56832K)
[2024-05-30T14:12:20.651+0000][13080.070s][info][gc          ] GC(2747) Pause Young (Prepare Mixed) (G1 Evacuation Pause) 9702M->2761M(12288M) 26.981ms
[2024-05-30T14:12:20.651+0000][13080.070s][info][gc,cpu      ] GC(2747) User=0.16s Sys=0.00s Real=0.03s
[2024-05-30T14:12:21.103+0000][13080.522s][info][gc,start    ] GC(2748) Pause Young (Mixed) (G1 Evacuation Pause)
[2024-05-30T14:12:21.103+0000][13080.522s][info][gc,task     ] GC(2748) Using 6 workers of 6 for evacuation
[2024-05-30T14:12:21.166+0000][13080.585s][info][gc,phases   ] GC(2748)   Pre Evacuate Collection Set: 0.2ms
[2024-05-30T14:12:21.166+0000][13080.585s][info][gc,phases   ] GC(2748)   Merge Heap Roots: 0.4ms
[2024-05-30T14:12:21.166+0000][13080.585s][info][gc,phases   ] GC(2748)   Evacuate Collection Set: 61.2ms
[2024-05-30T14:12:21.166+0000][13080.585s][info][gc,phases   ] GC(2748)   Post Evacuate Collection Set: 1.4ms
[2024-05-30T14:12:21.166+0000][13080.585s][info][gc,phases   ] GC(2748)   Other: 0.2ms
[2024-05-30T14:12:21.166+0000][13080.585s][info][gc,heap     ] GC(2748) Eden regions: 65->0(872)
[2024-05-30T14:12:21.166+0000][13080.585s][info][gc,heap     ] GC(2748) Survivor regions: 11->6(10)
[2024-05-30T14:12:21.166+0000][13080.585s][info][gc,heap     ] GC(2748) Old regions: 330->330
[2024-05-30T14:12:21.166+0000][13080.585s][info][gc,heap     ] GC(2748) Archive regions: 2->2
[2024-05-30T14:12:21.166+0000][13080.585s][info][gc,heap     ] GC(2748) Humongous regions: 5->5
[2024-05-30T14:12:21.166+0000][13080.585s][info][gc,metaspace] GC(2748) Metaspace: 433944K(440064K)->433944K(440064K) NonClass: 379942K(383232K)->379942K(383232K) Class: 54001K(56832K)->54001K(56832K)
[2024-05-30T14:12:21.166+0000][13080.585s][info][gc          ] GC(2748) Pause Young (Mixed) (G1 Evacuation Pause) 3281M->2729M(12288M) 63.387ms
[2024-05-30T14:12:21.166+0000][13080.585s][info][gc,cpu      ] GC(2748) User=0.37s Sys=0.00s Real=0.06s
[2024-05-30T14:12:27.119+0000][13086.538s][info][gc,start    ] GC(2749) Pause Young (Normal) (G1 Evacuation Pause)
[2024-05-30T14:12:27.119+0000][13086.538s][info][gc,task     ] GC(2749) Using 6 workers of 6 for evacuation
[2024-05-30T14:12:27.136+0000][13086.555s][info][gc,phases   ] GC(2749)   Pre Evacuate Collection Set: 0.2ms
[2024-05-30T14:12:27.136+0000][13086.555s][info][gc,phases   ] GC(2749)   Merge Heap Roots: 0.3ms
[2024-05-30T14:12:27.136+0000][13086.555s][info][gc,phases   ] GC(2749)   Evacuate Collection Set: 15.0ms
[2024-05-30T14:12:27.136+0000][13086.555s][info][gc,phases   ] GC(2749)   Post Evacuate Collection Set: 1.9ms
[2024-05-30T14:12:27.136+0000][13086.556s][info][gc,phases   ] GC(2749)   Other: 0.2ms
[2024-05-30T14:12:27.136+0000][13086.556s][info][gc,heap     ] GC(2749) Eden regions: 872->0(868)
[2024-05-30T14:12:27.136+0000][13086.556s][info][gc,heap     ] GC(2749) Survivor regions: 6->9(110)
[2024-05-30T14:12:27.136+0000][13086.556s][info][gc,heap     ] GC(2749) Old regions: 330->330
[2024-05-30T14:12:27.136+0000][13086.556s][info][gc,heap     ] GC(2749) Archive regions: 2->2
[2024-05-30T14:12:27.136+0000][13086.556s][info][gc,heap     ] GC(2749) Humongous regions: 5->5
[2024-05-30T14:12:27.136+0000][13086.556s][info][gc,metaspace] GC(2749) Metaspace: 433944K(440064K)->433944K(440064K) NonClass: 379942K(383232K)->379942K(383232K) Class: 54001K(56832K)->54001K(56832K)
[2024-05-30T14:12:27.136+0000][13086.556s][info][gc          ] GC(2749) Pause Young (Normal) (G1 Evacuation Pause) 9705M->2756M(12288M) 17.676ms
[2024-05-30T14:12:27.136+0000][13086.556s][info][gc,cpu      ] GC(2749) User=0.10s Sys=0.00s Real=0.02s
[2024-05-30T14:12:32.730+0000][13092.150s][info][gc,start    ] GC(2750) Pause Young (Normal) (G1 Evacuation Pause)
[2024-05-30T14:12:32.730+0000][13092.150s][info][gc,task     ] GC(2750) Using 6 workers of 6 for evacuation
[2024-05-30T14:12:32.751+0000][13092.170s][info][gc,phases   ] GC(2750)   Pre Evacuate Collection Set: 0.2ms
[2024-05-30T14:12:32.751+0000][13092.170s][info][gc,phases   ] GC(2750)   Merge Heap Roots: 0.2ms
[2024-05-30T14:12:32.751+0000][13092.170s][info][gc,phases   ] GC(2750)   Evacuate Collection Set: 18.4ms
[2024-05-30T14:12:32.751+0000][13092.170s][info][gc,phases   ] GC(2750)   Post Evacuate Collection Set: 1.8ms
[2024-05-30T14:12:32.751+0000][13092.170s][info][gc,phases   ] GC(2750)   Other: 0.2ms
[2024-05-30T14:12:32.751+0000][13092.170s][info][gc,heap     ] GC(2750) Eden regions: 868->0(868)
[2024-05-30T14:12:32.751+0000][13092.170s][info][gc,heap     ] GC(2750) Survivor regions: 9->9(110)
[2024-05-30T14:12:32.751+0000][13092.170s][info][gc,heap     ] GC(2750) Old regions: 330->330
[2024-05-30T14:12:32.751+0000][13092.170s][info][gc,heap     ] GC(2750) Archive regions: 2->2
[2024-05-30T14:12:32.751+0000][13092.170s][info][gc,heap     ] GC(2750) Humongous regions: 5->5
[2024-05-30T14:12:32.751+0000][13092.170s][info][gc,metaspace] GC(2750) Metaspace: 433944K(440064K)->433944K(440064K) NonClass: 379942K(383232K)->379942K(383232K) Class: 54001K(56832K)->54001K(56832K)
[2024-05-30T14:12:32.751+0000][13092.170s][info][gc          ] GC(2750) Pause Young (Normal) (G1 Evacuation Pause) 9700M->2754M(12288M) 20.844ms
[2024-05-30T14:12:32.751+0000][13092.170s][info][gc,cpu      ] GC(2750) User=0.12s Sys=0.00s Real=0.02s
[2024-05-30T14:12:37.598+0000][13097.017s][info][gc,start    ] GC(2751) Pause Young (Concurrent Start) (G1 Evacuation Pause)
[2024-05-30T14:12:37.598+0000][13097.017s][info][gc,task     ] GC(2751) Using 6 workers of 6 for evacuation
[2024-05-30T14:12:37.623+0000][13097.042s][info][gc,phases   ] GC(2751)   Pre Evacuate Collection Set: 0.5ms
[2024-05-30T14:12:37.623+0000][13097.042s][info][gc,phases   ] GC(2751)   Merge Heap Roots: 0.2ms
[2024-05-30T14:12:37.623+0000][13097.042s][info][gc,phases   ] GC(2751)   Evacuate Collection Set: 22.0ms
[2024-05-30T14:12:37.623+0000][13097.042s][info][gc,phases   ] GC(2751)   Post Evacuate Collection Set: 2.0ms
[2024-05-30T14:12:37.623+0000][13097.042s][info][gc,phases   ] GC(2751)   Other: 0.3ms
[2024-05-30T14:12:37.623+0000][13097.042s][info][gc,heap     ] GC(2751) Eden regions: 868->0(866)
[2024-05-30T14:12:37.623+0000][13097.042s][info][gc,heap     ] GC(2751) Survivor regions: 9->11(110)
[2024-05-30T14:12:37.623+0000][13097.042s][info][gc,heap     ] GC(2751) Old regions: 330->330
[2024-05-30T14:12:37.623+0000][13097.042s][info][gc,heap     ] GC(2751) Archive regions: 2->2
[2024-05-30T14:12:37.623+0000][13097.042s][info][gc,heap     ] GC(2751) Humongous regions: 5->5
[2024-05-30T14:12:37.623+0000][13097.042s][info][gc,metaspace] GC(2751) Metaspace: 433944K(440064K)->433944K(440064K) NonClass: 379942K(383232K)->379942K(383232K) Class: 54001K(56832K)->54001K(56832K)
[2024-05-30T14:12:37.623+0000][13097.042s][info][gc          ] GC(2751) Pause Young (Concurrent Start) (G1 Evacuation Pause) 9698M->2768M(12288M) 25.110ms
[2024-05-30T14:12:37.623+0000][13097.042s][info][gc,cpu      ] GC(2751) User=0.14s Sys=0.00s Real=0.02s
[2024-05-30T14:12:37.623+0000][13097.042s][info][gc          ] GC(2752) Concurrent Mark Cycle
[2024-05-30T14:12:37.623+0000][13097.042s][info][gc,marking  ] GC(2752) Concurrent Clear Claimed Marks
[2024-05-30T14:12:37.623+0000][13097.043s][info][gc,marking  ] GC(2752) Concurrent Clear Claimed Marks 0.405ms
[2024-05-30T14:12:37.623+0000][13097.043s][info][gc,marking  ] GC(2752) Concurrent Scan Root Regions
[2024-05-30T14:12:37.662+0000][13097.081s][info][gc,marking  ] GC(2752) Concurrent Scan Root Regions 38.669ms
[2024-05-30T14:12:37.662+0000][13097.081s][info][gc,marking  ] GC(2752) Concurrent Mark
[2024-05-30T14:12:37.662+0000][13097.081s][info][gc,marking  ] GC(2752) Concurrent Mark From Roots
[2024-05-30T14:12:37.662+0000][13097.081s][info][gc,task     ] GC(2752) Using 2 workers of 2 for marking
[2024-05-30T14:12:40.425+0000][13099.844s][info][gc,marking  ] GC(2752) Concurrent Mark From Roots 2762.537ms
[2024-05-30T14:12:40.425+0000][13099.844s][info][gc,marking  ] GC(2752) Concurrent Preclean
[2024-05-30T14:12:40.426+0000][13099.846s][info][gc,marking  ] GC(2752) Concurrent Preclean 1.519ms
[2024-05-30T14:12:40.426+0000][13099.846s][info][gc,start    ] GC(2752) Pause Remark
[2024-05-30T14:12:40.453+0000][13099.872s][info][gc          ] GC(2752) Pause Remark 6496M->6496M(12288M) 26.030ms
[2024-05-30T14:12:40.453+0000][13099.872s][info][gc,cpu      ] GC(2752) User=0.11s Sys=0.00s Real=0.03s
[2024-05-30T14:12:40.453+0000][13099.872s][info][gc,marking  ] GC(2752) Concurrent Mark 2790.503ms
[2024-05-30T14:12:40.453+0000][13099.872s][info][gc,marking  ] GC(2752) Concurrent Rebuild Remembered Sets
[2024-05-30T14:12:41.944+0000][13101.363s][info][gc,marking  ] GC(2752) Concurrent Rebuild Remembered Sets 1491.382ms
[2024-05-30T14:12:41.944+0000][13101.364s][info][gc,start    ] GC(2752) Pause Cleanup
[2024-05-30T14:12:41.945+0000][13101.364s][info][gc          ] GC(2752) Pause Cleanup 9676M->9676M(12288M) 0.497ms
[2024-05-30T14:12:41.945+0000][13101.364s][info][gc,cpu      ] GC(2752) User=0.00s Sys=0.00s Real=0.00s
[2024-05-30T14:12:41.945+0000][13101.364s][info][gc,marking  ] GC(2752) Concurrent Cleanup for Next Mark
[2024-05-30T14:12:41.969+0000][13101.389s][info][gc,start    ] GC(2753) Pause Young (Prepare Mixed) (G1 Evacuation Pause)
[2024-05-30T14:12:41.969+0000][13101.389s][info][gc,task     ] GC(2753) Using 6 workers of 6 for evacuation
[2024-05-30T14:12:41.993+0000][13101.413s][info][gc,phases   ] GC(2753)   Pre Evacuate Collection Set: 0.2ms
[2024-05-30T14:12:41.994+0000][13101.413s][info][gc,phases   ] GC(2753)   Merge Heap Roots: 0.3ms
[2024-05-30T14:12:41.994+0000][13101.413s][info][gc,phases   ] GC(2753)   Evacuate Collection Set: 21.7ms
[2024-05-30T14:12:41.994+0000][13101.413s][info][gc,phases   ] GC(2753)   Post Evacuate Collection Set: 1.8ms
[2024-05-30T14:12:41.994+0000][13101.413s][info][gc,phases   ] GC(2753)   Other: 0.2ms
[2024-05-30T14:12:41.994+0000][13101.413s][info][gc,heap     ] GC(2753) Eden regions: 866->0(66)
[2024-05-30T14:12:41.994+0000][13101.413s][info][gc,heap     ] GC(2753) Survivor regions: 11->10(110)
[2024-05-30T14:12:41.994+0000][13101.413s][info][gc,heap     ] GC(2753) Old regions: 330->330
[2024-05-30T14:12:41.994+0000][13101.413s][info][gc,heap     ] GC(2753) Archive regions: 2->2
[2024-05-30T14:12:41.994+0000][13101.413s][info][gc,heap     ] GC(2753) Humongous regions: 5->5
[2024-05-30T14:12:41.994+0000][13101.413s][info][gc,metaspace] GC(2753) Metaspace: 433944K(440064K)->433944K(440064K) NonClass: 379942K(383232K)->379942K(383232K) Class: 54001K(56832K)->54001K(56832K)
[2024-05-30T14:12:41.994+0000][13101.413s][info][gc          ] GC(2753) Pause Young (Prepare Mixed) (G1 Evacuation Pause) 9696M->2758M(12288M) 24.267ms
[2024-05-30T14:12:41.994+0000][13101.413s][info][gc,cpu      ] GC(2753) User=0.15s Sys=0.00s Real=0.02s
[2024-05-30T14:12:41.997+0000][13101.416s][info][gc,marking  ] GC(2752) Concurrent Cleanup for Next Mark 51.911ms
[2024-05-30T14:12:41.997+0000][13101.416s][info][gc          ] GC(2752) Concurrent Mark Cycle 4373.830ms
[2024-05-30T14:12:42.471+0000][13101.890s][info][gc,start    ] GC(2754) Pause Young (Mixed) (G1 Evacuation Pause)
[2024-05-30T14:12:42.471+0000][13101.890s][info][gc,task     ] GC(2754) Using 6 workers of 6 for evacuation
[2024-05-30T14:12:42.534+0000][13101.953s][info][gc,phases   ] GC(2754)   Pre Evacuate Collection Set: 0.2ms
[2024-05-30T14:12:42.534+0000][13101.953s][info][gc,phases   ] GC(2754)   Merge Heap Roots: 0.4ms
[2024-05-30T14:12:42.534+0000][13101.953s][info][gc,phases   ] GC(2754)   Evacuate Collection Set: 61.1ms
[2024-05-30T14:12:42.534+0000][13101.954s][info][gc,phases   ] GC(2754)   Post Evacuate Collection Set: 1.4ms
[2024-05-30T14:12:42.534+0000][13101.954s][info][gc,phases   ] GC(2754)   Other: 0.2ms
[2024-05-30T14:12:42.534+0000][13101.954s][info][gc,heap     ] GC(2754) Eden regions: 66->0(871)
[2024-05-30T14:12:42.534+0000][13101.954s][info][gc,heap     ] GC(2754) Survivor regions: 10->6(10)
[2024-05-30T14:12:42.534+0000][13101.954s][info][gc,heap     ] GC(2754) Old regions: 330->331
[2024-05-30T14:12:42.534+0000][13101.954s][info][gc,heap     ] GC(2754) Archive regions: 2->2
[2024-05-30T14:12:42.534+0000][13101.954s][info][gc,heap     ] GC(2754) Humongous regions: 5->5
[2024-05-30T14:12:42.534+0000][13101.954s][info][gc,metaspace] GC(2754) Metaspace: 433944K(440064K)->433944K(440064K) NonClass: 379942K(383232K)->379942K(383232K) Class: 54001K(56832K)->54001K(56832K)
[2024-05-30T14:12:42.534+0000][13101.954s][info][gc          ] GC(2754) Pause Young (Mixed) (G1 Evacuation Pause) 3286M->2731M(12288M) 63.254ms
[2024-05-30T14:12:42.534+0000][13101.954s][info][gc,cpu      ] GC(2754) User=0.38s Sys=0.00s Real=0.06s
[2024-05-30T14:12:48.556+0000][13107.975s][info][gc,start    ] GC(2755) Pause Young (Normal) (G1 Evacuation Pause)
[2024-05-30T14:12:48.556+0000][13107.975s][info][gc,task     ] GC(2755) Using 6 workers of 6 for evacuation
[2024-05-30T14:12:48.571+0000][13107.990s][info][gc,phases   ] GC(2755)   Pre Evacuate Collection Set: 0.2ms
[2024-05-30T14:12:48.571+0000][13107.990s][info][gc,phases   ] GC(2755)   Merge Heap Roots: 0.2ms
[2024-05-30T14:12:48.571+0000][13107.990s][info][gc,phases   ] GC(2755)   Evacuate Collection Set: 12.7ms
[2024-05-30T14:12:48.571+0000][13107.990s][info][gc,phases   ] GC(2755)   Post Evacuate Collection Set: 1.8ms
[2024-05-30T14:12:48.571+0000][13107.990s][info][gc,phases   ] GC(2755)   Other: 0.2ms
[2024-05-30T14:12:48.571+0000][13107.990s][info][gc,heap     ] GC(2755) Eden regions: 871->0(872)
[2024-05-30T14:12:48.571+0000][13107.990s][info][gc,heap     ] GC(2755) Survivor regions: 6->6(110)
[2024-05-30T14:12:48.571+0000][13107.990s][info][gc,heap     ] GC(2755) Old regions: 331->331
[2024-05-30T14:12:48.571+0000][13107.990s][info][gc,heap     ] GC(2755) Archive regions: 2->2
[2024-05-30T14:12:48.571+0000][13107.990s][info][gc,heap     ] GC(2755) Humongous regions: 5->5
[2024-05-30T14:12:48.571+0000][13107.990s][info][gc,metaspace] GC(2755) Metaspace: 433944K(440064K)->433944K(440064K) NonClass: 379942K(383232K)->379942K(383232K) Class: 54001K(56832K)->54001K(56832K)
[2024-05-30T14:12:48.571+0000][13107.990s][info][gc          ] GC(2755) Pause Young (Normal) (G1 Evacuation Pause) 9699M->2733M(12288M) 15.182ms
[2024-05-30T14:12:48.571+0000][13107.990s][info][gc,cpu      ] GC(2755) User=0.08s Sys=0.00s Real=0.02s
[2024-05-30T14:12:54.856+0000][13114.275s][info][gc,start    ] GC(2756) Pause Young (Normal) (G1 Evacuation Pause)
[2024-05-30T14:12:54.856+0000][13114.276s][info][gc,task     ] GC(2756) Using 6 workers of 6 for evacuation
[2024-05-30T14:12:54.876+0000][13114.295s][info][gc,phases   ] GC(2756)   Pre Evacuate Collection Set: 0.2ms
[2024-05-30T14:12:54.876+0000][13114.295s][info][gc,phases   ] GC(2756)   Merge Heap Roots: 0.2ms
[2024-05-30T14:12:54.876+0000][13114.295s][info][gc,phases   ] GC(2756)   Evacuate Collection Set: 16.7ms
[2024-05-30T14:12:54.876+0000][13114.295s][info][gc,phases   ] GC(2756)   Post Evacuate Collection Set: 2.0ms
[2024-05-30T14:12:54.876+0000][13114.295s][info][gc,phases   ] GC(2756)   Other: 0.2ms
[2024-05-30T14:12:54.876+0000][13114.295s][info][gc,heap     ] GC(2756) Eden regions: 872->0(866)
[2024-05-30T14:12:54.876+0000][13114.295s][info][gc,heap     ] GC(2756) Survivor regions: 6->10(110)
[2024-05-30T14:12:54.876+0000][13114.295s][info][gc,heap     ] GC(2756) Old regions: 331->331
[2024-05-30T14:12:54.876+0000][13114.295s][info][gc,heap     ] GC(2756) Archive regions: 2->2
[2024-05-30T14:12:54.876+0000][13114.295s][info][gc,heap     ] GC(2756) Humongous regions: 5->5
[2024-05-30T14:12:54.876+0000][13114.295s][info][gc,metaspace] GC(2756) Metaspace: 433944K(440064K)->433944K(440064K) NonClass: 379942K(383232K)->379942K(383232K) Class: 54001K(56832K)->54001K(56832K)
[2024-05-30T14:12:54.876+0000][13114.295s][info][gc          ] GC(2756) Pause Young (Normal) (G1 Evacuation Pause) 9709M->2764M(12288M) 19.440ms
[2024-05-30T14:12:54.876+0000][13114.295s][info][gc,cpu      ] GC(2756) User=0.11s Sys=0.00s Real=0.02s
[2024-05-30T14:12:58.749+0000][13118.169s][info][gc,start    ] GC(2757) Pause Young (Concurrent Start) (G1 Evacuation Pause)
[2024-05-30T14:12:58.749+0000][13118.169s][info][gc,task     ] GC(2757) Using 6 workers of 6 for evacuation
[2024-05-30T14:12:58.816+0000][13118.235s][info][gc,phases   ] GC(2757)   Pre Evacuate Collection Set: 0.5ms
[2024-05-30T14:12:58.816+0000][13118.235s][info][gc,phases   ] GC(2757)   Merge Heap Roots: 0.2ms
[2024-05-30T14:12:58.816+0000][13118.235s][info][gc,phases   ] GC(2757)   Evacuate Collection Set: 51.4ms
[2024-05-30T14:12:58.816+0000][13118.235s][info][gc,phases   ] GC(2757)   Post Evacuate Collection Set: 13.9ms
[2024-05-30T14:12:58.816+0000][13118.235s][info][gc,phases   ] GC(2757)   Other: 0.3ms
[2024-05-30T14:12:58.816+0000][13118.235s][info][gc,heap     ] GC(2757) Eden regions: 866->0(860)
[2024-05-30T14:12:58.816+0000][13118.235s][info][gc,heap     ] GC(2757) Survivor regions: 10->14(110)
[2024-05-30T14:12:58.816+0000][13118.235s][info][gc,heap     ] GC(2757) Old regions: 331->331
[2024-05-30T14:12:58.816+0000][13118.235s][info][gc,heap     ] GC(2757) Archive regions: 2->2
[2024-05-30T14:12:58.816+0000][13118.235s][info][gc,heap     ] GC(2757) Humongous regions: 5->5
[2024-05-30T14:12:58.816+0000][13118.235s][info][gc,metaspace] GC(2757) Metaspace: 433944K(440064K)->433944K(440064K) NonClass: 379942K(383232K)->379942K(383232K) Class: 54001K(56832K)->54001K(56832K)
[2024-05-30T14:12:58.816+0000][13118.235s][info][gc          ] GC(2757) Pause Young (Concurrent Start) (G1 Evacuation Pause) 9692M->2798M(12288M) 66.482ms
[2024-05-30T14:12:58.816+0000][13118.235s][info][gc,cpu      ] GC(2757) User=0.38s Sys=0.00s Real=0.06s
[2024-05-30T14:12:58.816+0000][13118.235s][info][gc          ] GC(2758) Concurrent Mark Cycle
[2024-05-30T14:12:58.816+0000][13118.235s][info][gc,marking  ] GC(2758) Concurrent Clear Claimed Marks
[2024-05-30T14:12:58.816+0000][13118.236s][info][gc,marking  ] GC(2758) Concurrent Clear Claimed Marks 0.405ms
[2024-05-30T14:12:58.816+0000][13118.236s][info][gc,marking  ] GC(2758) Concurrent Scan Root Regions
[2024-05-30T14:12:58.863+0000][13118.282s][info][gc,marking  ] GC(2758) Concurrent Scan Root Regions 46.504ms
[2024-05-30T14:12:58.863+0000][13118.282s][info][gc,marking  ] GC(2758) Concurrent Mark
[2024-05-30T14:12:58.863+0000][13118.282s][info][gc,marking  ] GC(2758) Concurrent Mark From Roots
[2024-05-30T14:12:58.863+0000][13118.282s][info][gc,task     ] GC(2758) Using 2 workers of 2 for marking
[2024-05-30T14:13:01.676+0000][13121.096s][info][gc,marking  ] GC(2758) Concurrent Mark From Roots 2813.402ms
[2024-05-30T14:13:01.676+0000][13121.096s][info][gc,marking  ] GC(2758) Concurrent Preclean
[2024-05-30T14:13:01.678+0000][13121.097s][info][gc,marking  ] GC(2758) Concurrent Preclean 1.626ms
[2024-05-30T14:13:01.678+0000][13121.097s][info][gc,start    ] GC(2758) Pause Remark
[2024-05-30T14:13:01.702+0000][13121.122s][info][gc          ] GC(2758) Pause Remark 8646M->8646M(12288M) 24.256ms
[2024-05-30T14:13:01.702+0000][13121.122s][info][gc,cpu      ] GC(2758) User=0.10s Sys=0.01s Real=0.02s
[2024-05-30T14:13:01.703+0000][13121.122s][info][gc,marking  ] GC(2758) Concurrent Mark 2839.919ms
[2024-05-30T14:13:01.703+0000][13121.122s][info][gc,marking  ] GC(2758) Concurrent Rebuild Remembered Sets
[2024-05-30T14:13:02.147+0000][13121.567s][info][gc,start    ] GC(2759) Pause Young (Normal) (G1 Evacuation Pause)
[2024-05-30T14:13:02.147+0000][13121.567s][info][gc,task     ] GC(2759) Using 6 workers of 6 for evacuation
[2024-05-30T14:13:02.228+0000][13121.647s][info][gc,phases   ] GC(2759)   Pre Evacuate Collection Set: 0.2ms
[2024-05-30T14:13:02.228+0000][13121.647s][info][gc,phases   ] GC(2759)   Merge Heap Roots: 0.2ms
[2024-05-30T14:13:02.228+0000][13121.647s][info][gc,phases   ] GC(2759)   Evacuate Collection Set: 64.7ms
[2024-05-30T14:13:02.228+0000][13121.647s][info][gc,phases   ] GC(2759)   Post Evacuate Collection Set: 15.2ms
[2024-05-30T14:13:02.228+0000][13121.647s][info][gc,phases   ] GC(2759)   Other: 0.2ms
[2024-05-30T14:13:02.228+0000][13121.647s][info][gc,heap     ] GC(2759) Eden regions: 860->0(854)
[2024-05-30T14:13:02.228+0000][13121.647s][info][gc,heap     ] GC(2759) Survivor regions: 14->18(110)
[2024-05-30T14:13:02.228+0000][13121.647s][info][gc,heap     ] GC(2759) Old regions: 331->331
[2024-05-30T14:13:02.228+0000][13121.647s][info][gc,heap     ] GC(2759) Archive regions: 2->2
[2024-05-30T14:13:02.228+0000][13121.647s][info][gc,heap     ] GC(2759) Humongous regions: 5->5
[2024-05-30T14:13:02.228+0000][13121.647s][info][gc,metaspace] GC(2759) Metaspace: 433944K(440064K)->433944K(440064K) NonClass: 379942K(383232K)->379942K(383232K) Class: 54001K(56832K)->54001K(56832K)
[2024-05-30T14:13:02.228+0000][13121.647s][info][gc          ] GC(2759) Pause Young (Normal) (G1 Evacuation Pause) 9678M->2825M(12288M) 80.480ms
[2024-05-30T14:13:02.228+0000][13121.647s][info][gc,cpu      ] GC(2759) User=0.47s Sys=0.00s Real=0.08s
[2024-05-30T14:13:03.368+0000][13122.788s][info][gc,marking  ] GC(2758) Concurrent Rebuild Remembered Sets 1665.625ms
[2024-05-30T14:13:03.369+0000][13122.788s][info][gc,start    ] GC(2758) Pause Cleanup
[2024-05-30T14:13:03.369+0000][13122.788s][info][gc          ] GC(2758) Pause Cleanup 5425M->5425M(12288M) 0.496ms
[2024-05-30T14:13:03.369+0000][13122.788s][info][gc,cpu      ] GC(2758) User=0.00s Sys=0.00s Real=0.00s
[2024-05-30T14:13:03.369+0000][13122.789s][info][gc,marking  ] GC(2758) Concurrent Cleanup for Next Mark
[2024-05-30T14:13:03.387+0000][13122.806s][info][gc,marking  ] GC(2758) Concurrent Cleanup for Next Mark 17.495ms
[2024-05-30T14:13:03.387+0000][13122.806s][info][gc          ] GC(2758) Concurrent Mark Cycle 4571.010ms
[2024-05-30T14:13:05.140+0000][13124.559s][info][gc,start    ] GC(2760) Pause Young (Prepare Mixed) (G1 Evacuation Pause)
[2024-05-30T14:13:05.140+0000][13124.559s][info][gc,task     ] GC(2760) Using 6 workers of 6 for evacuation
[2024-05-30T14:13:05.233+0000][13124.652s][info][gc,phases   ] GC(2760)   Pre Evacuate Collection Set: 0.2ms
[2024-05-30T14:13:05.233+0000][13124.652s][info][gc,phases   ] GC(2760)   Merge Heap Roots: 0.3ms
[2024-05-30T14:13:05.233+0000][13124.652s][info][gc,phases   ] GC(2760)   Evacuate Collection Set: 76.0ms
[2024-05-30T14:13:05.233+0000][13124.652s][info][gc,phases   ] GC(2760)   Post Evacuate Collection Set: 15.9ms
[2024-05-30T14:13:05.233+0000][13124.652s][info][gc,phases   ] GC(2760)   Other: 0.2ms
[2024-05-30T14:13:05.233+0000][13124.652s][info][gc,heap     ] GC(2760) Eden regions: 854->0(55)
[2024-05-30T14:13:05.233+0000][13124.652s][info][gc,heap     ] GC(2760) Survivor regions: 18->21(109)
[2024-05-30T14:13:05.233+0000][13124.652s][info][gc,heap     ] GC(2760) Old regions: 331->331
[2024-05-30T14:13:05.233+0000][13124.652s][info][gc,heap     ] GC(2760) Archive regions: 2->2
[2024-05-30T14:13:05.233+0000][13124.652s][info][gc,heap     ] GC(2760) Humongous regions: 5->5
[2024-05-30T14:13:05.233+0000][13124.652s][info][gc,metaspace] GC(2760) Metaspace: 433944K(440064K)->433944K(440064K) NonClass: 379943K(383232K)->379943K(383232K) Class: 54001K(56832K)->54001K(56832K)
[2024-05-30T14:13:05.233+0000][13124.652s][info][gc          ] GC(2760) Pause Young (Prepare Mixed) (G1 Evacuation Pause) 9657M->2850M(12288M) 92.599ms
[2024-05-30T14:13:05.233+0000][13124.652s][info][gc,cpu      ] GC(2760) User=0.54s Sys=0.00s Real=0.09s
[2024-05-30T14:13:05.465+0000][13124.884s][info][gc,start    ] GC(2761) Pause Young (Mixed) (G1 Evacuation Pause)
[2024-05-30T14:13:05.465+0000][13124.884s][info][gc,task     ] GC(2761) Using 6 workers of 6 for evacuation
[2024-05-30T14:13:05.563+0000][13124.982s][info][gc,phases   ] GC(2761)   Pre Evacuate Collection Set: 0.2ms
[2024-05-30T14:13:05.563+0000][13124.982s][info][gc,phases   ] GC(2761)   Merge Heap Roots: 0.4ms
[2024-05-30T14:13:05.563+0000][13124.982s][info][gc,phases   ] GC(2761)   Evacuate Collection Set: 95.0ms
[2024-05-30T14:13:05.563+0000][13124.982s][info][gc,phases   ] GC(2761)   Post Evacuate Collection Set: 2.3ms
[2024-05-30T14:13:05.563+0000][13124.982s][info][gc,phases   ] GC(2761)   Other: 0.2ms
[2024-05-30T14:13:05.563+0000][13124.982s][info][gc,heap     ] GC(2761) Eden regions: 55->0(857)
[2024-05-30T14:13:05.563+0000][13124.982s][info][gc,heap     ] GC(2761) Survivor regions: 21->3(10)
[2024-05-30T14:13:05.563+0000][13124.982s][info][gc,heap     ] GC(2761) Old regions: 331->343
[2024-05-30T14:13:05.563+0000][13124.982s][info][gc,heap     ] GC(2761) Archive regions: 2->2
[2024-05-30T14:13:05.563+0000][13124.982s][info][gc,heap     ] GC(2761) Humongous regions: 5->5
[2024-05-30T14:13:05.563+0000][13124.982s][info][gc,metaspace] GC(2761) Metaspace: 433944K(440064K)->433944K(440064K) NonClass: 379943K(383232K)->379943K(383232K) Class: 54001K(56832K)->54001K(56832K)
[2024-05-30T14:13:05.563+0000][13124.982s][info][gc          ] GC(2761) Pause Young (Mixed) (G1 Evacuation Pause) 3290M->2811M(12288M) 98.191ms
[2024-05-30T14:13:05.563+0000][13124.982s][info][gc,cpu      ] GC(2761) User=0.58s Sys=0.00s Real=0.10s
[2024-05-30T14:13:08.252+0000][13127.672s][info][gc,start    ] GC(2762) Pause Young (Normal) (G1 Evacuation Pause)
[2024-05-30T14:13:08.252+0000][13127.672s][info][gc,task     ] GC(2762) Using 6 workers of 6 for evacuation
[2024-05-30T14:13:08.333+0000][13127.752s][info][gc,phases   ] GC(2762)   Pre Evacuate Collection Set: 0.2ms
[2024-05-30T14:13:08.333+0000][13127.752s][info][gc,phases   ] GC(2762)   Merge Heap Roots: 0.3ms
[2024-05-30T14:13:08.333+0000][13127.752s][info][gc,phases   ] GC(2762)   Evacuate Collection Set: 60.6ms
[2024-05-30T14:13:08.333+0000][13127.752s][info][gc,phases   ] GC(2762)   Post Evacuate Collection Set: 19.2ms
[2024-05-30T14:13:08.333+0000][13127.752s][info][gc,phases   ] GC(2762)   Other: 0.2ms
[2024-05-30T14:13:08.333+0000][13127.752s][info][gc,heap     ] GC(2762) Eden regions: 857->0(851)
[2024-05-30T14:13:08.333+0000][13127.752s][info][gc,heap     ] GC(2762) Survivor regions: 3->8(108)
[2024-05-30T14:13:08.333+0000][13127.752s][info][gc,heap     ] GC(2762) Old regions: 343->343
[2024-05-30T14:13:08.333+0000][13127.752s][info][gc,heap     ] GC(2762) Archive regions: 2->2
[2024-05-30T14:13:08.333+0000][13127.752s][info][gc,heap     ] GC(2762) Humongous regions: 5->5
[2024-05-30T14:13:08.333+0000][13127.752s][info][gc,metaspace] GC(2762) Metaspace: 433944K(440064K)->433944K(440064K) NonClass: 379943K(383232K)->379943K(383232K) Class: 54001K(56832K)->54001K(56832K)
[2024-05-30T14:13:08.333+0000][13127.752s][info][gc          ] GC(2762) Pause Young (Normal) (G1 Evacuation Pause) 9667M->2846M(12288M) 80.489ms
[2024-05-30T14:13:08.333+0000][13127.752s][info][gc,cpu      ] GC(2762) User=0.47s Sys=0.00s Real=0.08s
[2024-05-30T14:13:10.431+0000][13129.850s][info][gc,start    ] GC(2763) Pause Young (Normal) (G1 Evacuation Pause)
[2024-05-30T14:13:10.431+0000][13129.850s][info][gc,task     ] GC(2763) Using 6 workers of 6 for evacuation
[2024-05-30T14:13:10.510+0000][13129.930s][info][gc,phases   ] GC(2763)   Pre Evacuate Collection Set: 0.2ms
[2024-05-30T14:13:10.511+0000][13129.930s][info][gc,phases   ] GC(2763)   Merge Heap Roots: 0.4ms
[2024-05-30T14:13:10.511+0000][13129.930s][info][gc,phases   ] GC(2763)   Evacuate Collection Set: 64.3ms
[2024-05-30T14:13:10.511+0000][13129.930s][info][gc,phases   ] GC(2763)   Post Evacuate Collection Set: 14.3ms
[2024-05-30T14:13:10.511+0000][13129.930s][info][gc,phases   ] GC(2763)   Other: 0.2ms
[2024-05-30T14:13:10.511+0000][13129.930s][info][gc,heap     ] GC(2763) Eden regions: 851->0(848)
[2024-05-30T14:13:10.511+0000][13129.930s][info][gc,heap     ] GC(2763) Survivor regions: 8->12(108)
[2024-05-30T14:13:10.511+0000][13129.930s][info][gc,heap     ] GC(2763) Old regions: 343->343
[2024-05-30T14:13:10.511+0000][13129.930s][info][gc,heap     ] GC(2763) Archive regions: 2->2
[2024-05-30T14:13:10.511+0000][13129.930s][info][gc,heap     ] GC(2763) Humongous regions: 5->5
[2024-05-30T14:13:10.511+0000][13129.930s][info][gc,metaspace] GC(2763) Metaspace: 433944K(440064K)->433944K(440064K) NonClass: 379943K(383232K)->379943K(383232K) Class: 54001K(56832K)->54001K(56832K)
[2024-05-30T14:13:10.511+0000][13129.930s][info][gc          ] GC(2763) Pause Young (Normal) (G1 Evacuation Pause) 9654M->2879M(12288M) 79.444ms
[2024-05-30T14:13:10.511+0000][13129.930s][info][gc,cpu      ] GC(2763) User=0.46s Sys=0.00s Real=0.08s
[2024-05-30T14:13:12.077+0000][13131.496s][info][gc,start    ] GC(2764) Pause Young (Concurrent Start) (G1 Evacuation Pause)
[2024-05-30T14:13:12.077+0000][13131.496s][info][gc,task     ] GC(2764) Using 6 workers of 6 for evacuation
[2024-05-30T14:13:12.160+0000][13131.579s][info][gc,phases   ] GC(2764)   Pre Evacuate Collection Set: 0.5ms
[2024-05-30T14:13:12.160+0000][13131.579s][info][gc,phases   ] GC(2764)   Merge Heap Roots: 0.3ms
[2024-05-30T14:13:12.160+0000][13131.579s][info][gc,phases   ] GC(2764)   Evacuate Collection Set: 70.6ms
[2024-05-30T14:13:12.160+0000][13131.579s][info][gc,phases   ] GC(2764)   Post Evacuate Collection Set: 11.6ms
[2024-05-30T14:13:12.160+0000][13131.579s][info][gc,phases   ] GC(2764)   Other: 0.3ms
[2024-05-30T14:13:12.160+0000][13131.579s][info][gc,heap     ] GC(2764) Eden regions: 848->0(846)
[2024-05-30T14:13:12.160+0000][13131.579s][info][gc,heap     ] GC(2764) Survivor regions: 12->15(108)
[2024-05-30T14:13:12.160+0000][13131.579s][info][gc,heap     ] GC(2764) Old regions: 343->343
[2024-05-30T14:13:12.160+0000][13131.579s][info][gc,heap     ] GC(2764) Archive regions: 2->2
[2024-05-30T14:13:12.160+0000][13131.579s][info][gc,heap     ] GC(2764) Humongous regions: 5->5
[2024-05-30T14:13:12.160+0000][13131.579s][info][gc,metaspace] GC(2764) Metaspace: 433944K(440064K)->433944K(440064K) NonClass: 379943K(383232K)->379943K(383232K) Class: 54001K(56832K)->54001K(56832K)
[2024-05-30T14:13:12.160+0000][13131.579s][info][gc          ] GC(2764) Pause Young (Concurrent Start) (G1 Evacuation Pause) 9663M->2904M(12288M) 83.322ms
[2024-05-30T14:13:12.160+0000][13131.580s][info][gc,cpu      ] GC(2764) User=0.49s Sys=0.00s Real=0.08s
[2024-05-30T14:13:12.160+0000][13131.580s][info][gc          ] GC(2765) Concurrent Mark Cycle
[2024-05-30T14:13:12.160+0000][13131.580s][info][gc,marking  ] GC(2765) Concurrent Clear Claimed Marks
[2024-05-30T14:13:12.161+0000][13131.580s][info][gc,marking  ] GC(2765) Concurrent Clear Claimed Marks 0.428ms
[2024-05-30T14:13:12.161+0000][13131.580s][info][gc,marking  ] GC(2765) Concurrent Scan Root Regions
[2024-05-30T14:13:12.214+0000][13131.633s][info][gc,marking  ] GC(2765) Concurrent Scan Root Regions 53.008ms
[2024-05-30T14:13:12.214+0000][13131.633s][info][gc,marking  ] GC(2765) Concurrent Mark
[2024-05-30T14:13:12.214+0000][13131.633s][info][gc,marking  ] GC(2765) Concurrent Mark From Roots
[2024-05-30T14:13:12.214+0000][13131.633s][info][gc,task     ] GC(2765) Using 2 workers of 2 for marking
[2024-05-30T14:13:14.666+0000][13134.085s][info][gc,start    ] GC(2766) Pause Young (Normal) (G1 Evacuation Pause)
[2024-05-30T14:13:14.666+0000][13134.085s][info][gc,task     ] GC(2766) Using 6 workers of 6 for evacuation
[2024-05-30T14:13:14.758+0000][13134.177s][info][gc,phases   ] GC(2766)   Pre Evacuate Collection Set: 0.2ms
[2024-05-30T14:13:14.758+0000][13134.177s][info][gc,phases   ] GC(2766)   Merge Heap Roots: 0.3ms
[2024-05-30T14:13:14.758+0000][13134.177s][info][gc,phases   ] GC(2766)   Evacuate Collection Set: 78.0ms
[2024-05-30T14:13:14.758+0000][13134.177s][info][gc,phases   ] GC(2766)   Post Evacuate Collection Set: 13.6ms
[2024-05-30T14:13:14.758+0000][13134.177s][info][gc,phases   ] GC(2766)   Other: 0.2ms
[2024-05-30T14:13:14.758+0000][13134.177s][info][gc,heap     ] GC(2766) Eden regions: 846->0(842)
[2024-05-30T14:13:14.758+0000][13134.177s][info][gc,heap     ] GC(2766) Survivor regions: 15->18(108)
[2024-05-30T14:13:14.758+0000][13134.177s][info][gc,heap     ] GC(2766) Old regions: 343->343
[2024-05-30T14:13:14.758+0000][13134.177s][info][gc,heap     ] GC(2766) Archive regions: 2->2
[2024-05-30T14:13:14.758+0000][13134.177s][info][gc,heap     ] GC(2766) Humongous regions: 5->5
[2024-05-30T14:13:14.758+0000][13134.177s][info][gc,metaspace] GC(2766) Metaspace: 433944K(440064K)->433944K(440064K) NonClass: 379943K(383232K)->379943K(383232K) Class: 54001K(56832K)->54001K(56832K)
[2024-05-30T14:13:14.758+0000][13134.177s][info][gc          ] GC(2766) Pause Young (Normal) (G1 Evacuation Pause) 9672M->2930M(12288M) 92.366ms
[2024-05-30T14:13:14.758+0000][13134.177s][info][gc,cpu      ] GC(2766) User=0.54s Sys=0.00s Real=0.10s
[2024-05-30T14:13:14.908+0000][13134.327s][info][gc,marking  ] GC(2765) Concurrent Mark From Roots 2693.900ms
[2024-05-30T14:13:14.908+0000][13134.327s][info][gc,marking  ] GC(2765) Concurrent Preclean
[2024-05-30T14:13:14.909+0000][13134.329s][info][gc,marking  ] GC(2765) Concurrent Preclean 1.637ms
[2024-05-30T14:13:14.910+0000][13134.329s][info][gc,start    ] GC(2765) Pause Remark
[2024-05-30T14:13:14.934+0000][13134.353s][info][gc          ] GC(2765) Pause Remark 3230M->3230M(12288M) 24.145ms
[2024-05-30T14:13:14.934+0000][13134.353s][info][gc,cpu      ] GC(2765) User=0.10s Sys=0.00s Real=0.02s
[2024-05-30T14:13:14.934+0000][13134.353s][info][gc,marking  ] GC(2765) Concurrent Mark 2720.029ms
[2024-05-30T14:13:14.934+0000][13134.353s][info][gc,marking  ] GC(2765) Concurrent Rebuild Remembered Sets
[2024-05-30T14:13:16.526+0000][13135.945s][info][gc,marking  ] GC(2765) Concurrent Rebuild Remembered Sets 1591.878ms
[2024-05-30T14:13:16.526+0000][13135.945s][info][gc,start    ] GC(2765) Pause Cleanup
[2024-05-30T14:13:16.526+0000][13135.946s][info][gc          ] GC(2765) Pause Cleanup 8330M->8330M(12288M) 0.507ms
[2024-05-30T14:13:16.527+0000][13135.946s][info][gc,cpu      ] GC(2765) User=0.00s Sys=0.00s Real=0.00s
[2024-05-30T14:13:16.527+0000][13135.946s][info][gc,marking  ] GC(2765) Concurrent Cleanup for Next Mark
[2024-05-30T14:13:16.543+0000][13135.962s][info][gc,marking  ] GC(2765) Concurrent Cleanup for Next Mark 16.495ms
[2024-05-30T14:13:16.543+0000][13135.962s][info][gc          ] GC(2765) Concurrent Mark Cycle 4382.841ms
[2024-05-30T14:13:16.882+0000][13136.302s][info][gc,start    ] GC(2767) Pause Young (Prepare Mixed) (G1 Evacuation Pause)
[2024-05-30T14:13:16.883+0000][13136.302s][info][gc,task     ] GC(2767) Using 6 workers of 6 for evacuation
[2024-05-30T14:13:16.977+0000][13136.396s][info][gc,phases   ] GC(2767)   Pre Evacuate Collection Set: 0.2ms
[2024-05-30T14:13:16.977+0000][13136.396s][info][gc,phases   ] GC(2767)   Merge Heap Roots: 0.6ms
[2024-05-30T14:13:16.977+0000][13136.396s][info][gc,phases   ] GC(2767)   Evacuate Collection Set: 79.0ms
[2024-05-30T14:13:16.977+0000][13136.396s][info][gc,phases   ] GC(2767)   Post Evacuate Collection Set: 14.3ms
[2024-05-30T14:13:16.977+0000][13136.396s][info][gc,phases   ] GC(2767)   Other: 0.2ms
[2024-05-30T14:13:16.977+0000][13136.396s][info][gc,heap     ] GC(2767) Eden regions: 842->0(56)
[2024-05-30T14:13:16.977+0000][13136.396s][info][gc,heap     ] GC(2767) Survivor regions: 18->20(108)
[2024-05-30T14:13:16.977+0000][13136.396s][info][gc,heap     ] GC(2767) Old regions: 343->343
[2024-05-30T14:13:16.977+0000][13136.396s][info][gc,heap     ] GC(2767) Archive regions: 2->2
[2024-05-30T14:13:16.977+0000][13136.396s][info][gc,heap     ] GC(2767) Humongous regions: 5->5
[2024-05-30T14:13:16.977+0000][13136.396s][info][gc,metaspace] GC(2767) Metaspace: 433944K(440064K)->433944K(440064K) NonClass: 379943K(383232K)->379943K(383232K) Class: 54001K(56832K)->54001K(56832K)
[2024-05-30T14:13:16.977+0000][13136.396s][info][gc          ] GC(2767) Pause Young (Prepare Mixed) (G1 Evacuation Pause) 9666M->2943M(12288M) 94.392ms
[2024-05-30T14:13:16.977+0000][13136.396s][info][gc,cpu      ] GC(2767) User=0.55s Sys=0.00s Real=0.10s
[2024-05-30T14:13:17.103+0000][13136.522s][info][gc,start    ] GC(2768) Pause Young (Mixed) (G1 Evacuation Pause)
[2024-05-30T14:13:17.103+0000][13136.522s][info][gc,task     ] GC(2768) Using 6 workers of 6 for evacuation
[2024-05-30T14:13:17.195+0000][13136.614s][info][gc,phases   ] GC(2768)   Pre Evacuate Collection Set: 0.2ms
[2024-05-30T14:13:17.195+0000][13136.614s][info][gc,phases   ] GC(2768)   Merge Heap Roots: 0.4ms
[2024-05-30T14:13:17.195+0000][13136.614s][info][gc,phases   ] GC(2768)   Evacuate Collection Set: 89.4ms
[2024-05-30T14:13:17.195+0000][13136.614s][info][gc,phases   ] GC(2768)   Post Evacuate Collection Set: 1.6ms
[2024-05-30T14:13:17.195+0000][13136.614s][info][gc,phases   ] GC(2768)   Other: 0.2ms
[2024-05-30T14:13:17.195+0000][13136.614s][info][gc,heap     ] GC(2768) Eden regions: 56->0(849)
[2024-05-30T14:13:17.195+0000][13136.614s][info][gc,heap     ] GC(2768) Survivor regions: 20->6(10)
[2024-05-30T14:13:17.195+0000][13136.614s][info][gc,heap     ] GC(2768) Old regions: 343->350
[2024-05-30T14:13:17.195+0000][13136.614s][info][gc,heap     ] GC(2768) Archive regions: 2->2
[2024-05-30T14:13:17.195+0000][13136.614s][info][gc,heap     ] GC(2768) Humongous regions: 5->5
[2024-05-30T14:13:17.195+0000][13136.614s][info][gc,metaspace] GC(2768) Metaspace: 433944K(440064K)->433944K(440064K) NonClass: 379943K(383232K)->379943K(383232K) Class: 54001K(56832K)->54001K(56832K)
[2024-05-30T14:13:17.195+0000][13136.614s][info][gc          ] GC(2768) Pause Young (Mixed) (G1 Evacuation Pause) 3391M->2886M(12288M) 91.809ms
[2024-05-30T14:13:17.195+0000][13136.614s][info][gc,cpu      ] GC(2768) User=0.55s Sys=0.00s Real=0.09s
[2024-05-30T14:13:19.709+0000][13139.129s][info][gc,start    ] GC(2769) Pause Young (Normal) (G1 Evacuation Pause)
[2024-05-30T14:13:19.709+0000][13139.129s][info][gc,task     ] GC(2769) Using 6 workers of 6 for evacuation
[2024-05-30T14:13:19.787+0000][13139.207s][info][gc,phases   ] GC(2769)   Pre Evacuate Collection Set: 0.2ms
[2024-05-30T14:13:19.787+0000][13139.207s][info][gc,phases   ] GC(2769)   Merge Heap Roots: 0.3ms
[2024-05-30T14:13:19.787+0000][13139.207s][info][gc,phases   ] GC(2769)   Evacuate Collection Set: 60.7ms
[2024-05-30T14:13:19.787+0000][13139.207s][info][gc,phases   ] GC(2769)   Post Evacuate Collection Set: 16.5ms
[2024-05-30T14:13:19.787+0000][13139.207s][info][gc,phases   ] GC(2769)   Other: 0.2ms
[2024-05-30T14:13:19.787+0000][13139.207s][info][gc,heap     ] GC(2769) Eden regions: 849->0(844)
[2024-05-30T14:13:19.787+0000][13139.207s][info][gc,heap     ] GC(2769) Survivor regions: 6->10(107)
[2024-05-30T14:13:19.787+0000][13139.207s][info][gc,heap     ] GC(2769) Old regions: 350->350
[2024-05-30T14:13:19.787+0000][13139.207s][info][gc,heap     ] GC(2769) Archive regions: 2->2
[2024-05-30T14:13:19.787+0000][13139.207s][info][gc,heap     ] GC(2769) Humongous regions: 5->5
[2024-05-30T14:13:19.787+0000][13139.207s][info][gc,metaspace] GC(2769) Metaspace: 433944K(440064K)->433944K(440064K) NonClass: 379943K(383232K)->379943K(383232K) Class: 54001K(56832K)->54001K(56832K)
[2024-05-30T14:13:19.787+0000][13139.207s][info][gc          ] GC(2769) Pause Young (Normal) (G1 Evacuation Pause) 9678M->2922M(12288M) 77.970ms
[2024-05-30T14:13:19.787+0000][13139.207s][info][gc,cpu      ] GC(2769) User=0.45s Sys=0.00s Real=0.07s
[2024-05-30T14:13:22.424+0000][13141.843s][info][gc,start    ] GC(2770) Pause Young (Normal) (G1 Evacuation Pause)
[2024-05-30T14:13:22.424+0000][13141.843s][info][gc,task     ] GC(2770) Using 6 workers of 6 for evacuation
[2024-05-30T14:13:22.504+0000][13141.923s][info][gc,phases   ] GC(2770)   Pre Evacuate Collection Set: 0.2ms
[2024-05-30T14:13:22.504+0000][13141.923s][info][gc,phases   ] GC(2770)   Merge Heap Roots: 0.4ms
[2024-05-30T14:13:22.504+0000][13141.923s][info][gc,phases   ] GC(2770)   Evacuate Collection Set: 65.4ms
[2024-05-30T14:13:22.504+0000][13141.923s][info][gc,phases   ] GC(2770)   Post Evacuate Collection Set: 14.0ms
[2024-05-30T14:13:22.504+0000][13141.923s][info][gc,phases   ] GC(2770)   Other: 0.2ms
[2024-05-30T14:13:22.504+0000][13141.923s][info][gc,heap     ] GC(2770) Eden regions: 844->0(841)
[2024-05-30T14:13:22.504+0000][13141.923s][info][gc,heap     ] GC(2770) Survivor regions: 10->13(107)
[2024-05-30T14:13:22.504+0000][13141.923s][info][gc,heap     ] GC(2770) Old regions: 350->350
[2024-05-30T14:13:22.504+0000][13141.923s][info][gc,heap     ] GC(2770) Archive regions: 2->2
[2024-05-30T14:13:22.504+0000][13141.923s][info][gc,heap     ] GC(2770) Humongous regions: 5->5
[2024-05-30T14:13:22.504+0000][13141.923s][info][gc,metaspace] GC(2770) Metaspace: 433944K(440064K)->433944K(440064K) NonClass: 379943K(383232K)->379943K(383232K) Class: 54001K(56832K)->54001K(56832K)
[2024-05-30T14:13:22.504+0000][13141.923s][info][gc          ] GC(2770) Pause Young (Normal) (G1 Evacuation Pause) 9674M->2946M(12288M) 80.204ms
[2024-05-30T14:13:22.504+0000][13141.923s][info][gc,cpu      ] GC(2770) User=0.46s Sys=0.00s Real=0.08s
[2024-05-30T14:13:24.807+0000][13144.226s][info][gc,start    ] GC(2771) Pause Young (Concurrent Start) (G1 Evacuation Pause)
[2024-05-30T14:13:24.807+0000][13144.226s][info][gc,task     ] GC(2771) Using 6 workers of 6 for evacuation
[2024-05-30T14:13:24.861+0000][13144.280s][info][gc,phases   ] GC(2771)   Pre Evacuate Collection Set: 0.5ms
[2024-05-30T14:13:24.861+0000][13144.281s][info][gc,phases   ] GC(2771)   Merge Heap Roots: 0.3ms
[2024-05-30T14:13:24.861+0000][13144.281s][info][gc,phases   ] GC(2771)   Evacuate Collection Set: 48.0ms
[2024-05-30T14:13:24.861+0000][13144.281s][info][gc,phases   ] GC(2771)   Post Evacuate Collection Set: 5.6ms
[2024-05-30T14:13:24.861+0000][13144.281s][info][gc,phases   ] GC(2771)   Other: 0.3ms
[2024-05-30T14:13:24.861+0000][13144.281s][info][gc,heap     ] GC(2771) Eden regions: 841->0(841)
[2024-05-30T14:13:24.861+0000][13144.281s][info][gc,heap     ] GC(2771) Survivor regions: 13->15(107)
[2024-05-30T14:13:24.861+0000][13144.281s][info][gc,heap     ] GC(2771) Old regions: 350->350
[2024-05-30T14:13:24.861+0000][13144.281s][info][gc,heap     ] GC(2771) Archive regions: 2->2
[2024-05-30T14:13:24.861+0000][13144.281s][info][gc,heap     ] GC(2771) Humongous regions: 5->5
[2024-05-30T14:13:24.861+0000][13144.281s][info][gc,metaspace] GC(2771) Metaspace: 433944K(440064K)->433944K(440064K) NonClass: 379943K(383232K)->379943K(383232K) Class: 54001K(56832K)->54001K(56832K)
[2024-05-30T14:13:24.861+0000][13144.281s][info][gc          ] GC(2771) Pause Young (Concurrent Start) (G1 Evacuation Pause) 9674M->2957M(12288M) 54.697ms
[2024-05-30T14:13:24.861+0000][13144.281s][info][gc,cpu      ] GC(2771) User=0.32s Sys=0.00s Real=0.06s
[2024-05-30T14:13:24.861+0000][13144.281s][info][gc          ] GC(2772) Concurrent Mark Cycle
[2024-05-30T14:13:24.861+0000][13144.281s][info][gc,marking  ] GC(2772) Concurrent Clear Claimed Marks
[2024-05-30T14:13:24.862+0000][13144.281s][info][gc,marking  ] GC(2772) Concurrent Clear Claimed Marks 0.423ms
[2024-05-30T14:13:24.862+0000][13144.281s][info][gc,marking  ] GC(2772) Concurrent Scan Root Regions
[2024-05-30T14:13:24.909+0000][13144.328s][info][gc,marking  ] GC(2772) Concurrent Scan Root Regions 47.032ms
[2024-05-30T14:13:24.909+0000][13144.328s][info][gc,marking  ] GC(2772) Concurrent Mark
[2024-05-30T14:13:24.909+0000][13144.328s][info][gc,marking  ] GC(2772) Concurrent Mark From Roots
[2024-05-30T14:13:24.909+0000][13144.328s][info][gc,task     ] GC(2772) Using 2 workers of 2 for marking
[2024-05-30T14:13:27.349+0000][13146.768s][info][gc,marking  ] GC(2772) Concurrent Mark From Roots 2440.127ms
[2024-05-30T14:13:27.349+0000][13146.768s][info][gc,marking  ] GC(2772) Concurrent Preclean
[2024-05-30T14:13:27.351+0000][13146.770s][info][gc,marking  ] GC(2772) Concurrent Preclean 1.695ms
[2024-05-30T14:13:27.351+0000][13146.770s][info][gc,start    ] GC(2772) Pause Remark
[2024-05-30T14:13:27.375+0000][13146.794s][info][gc          ] GC(2772) Pause Remark 7849M->7849M(12288M) 24.006ms
[2024-05-30T14:13:27.375+0000][13146.794s][info][gc,cpu      ] GC(2772) User=0.11s Sys=0.00s Real=0.02s
[2024-05-30T14:13:27.375+0000][13146.794s][info][gc,marking  ] GC(2772) Concurrent Mark 2466.224ms
[2024-05-30T14:13:27.375+0000][13146.794s][info][gc,marking  ] GC(2772) Concurrent Rebuild Remembered Sets
[2024-05-30T14:13:28.121+0000][13147.541s][info][gc,start    ] GC(2773) Pause Young (Normal) (G1 Evacuation Pause)
[2024-05-30T14:13:28.121+0000][13147.541s][info][gc,task     ] GC(2773) Using 6 workers of 6 for evacuation
[2024-05-30T14:13:28.232+0000][13147.651s][info][gc,phases   ] GC(2773)   Pre Evacuate Collection Set: 0.2ms
[2024-05-30T14:13:28.232+0000][13147.651s][info][gc,phases   ] GC(2773)   Merge Heap Roots: 0.5ms
[2024-05-30T14:13:28.232+0000][13147.651s][info][gc,phases   ] GC(2773)   Evacuate Collection Set: 91.4ms
[2024-05-30T14:13:28.232+0000][13147.651s][info][gc,phases   ] GC(2773)   Post Evacuate Collection Set: 18.2ms
[2024-05-30T14:13:28.232+0000][13147.651s][info][gc,phases   ] GC(2773)   Other: 0.2ms
[2024-05-30T14:13:28.232+0000][13147.651s][info][gc,heap     ] GC(2773) Eden regions: 841->0(831)
[2024-05-30T14:13:28.232+0000][13147.651s][info][gc,heap     ] GC(2773) Survivor regions: 15->20(107)
[2024-05-30T14:13:28.232+0000][13147.651s][info][gc,heap     ] GC(2773) Old regions: 350->350
[2024-05-30T14:13:28.232+0000][13147.651s][info][gc,heap     ] GC(2773) Archive regions: 2->2
[2024-05-30T14:13:28.232+0000][13147.651s][info][gc,heap     ] GC(2773) Humongous regions: 5->5
[2024-05-30T14:13:28.232+0000][13147.651s][info][gc,metaspace] GC(2773) Metaspace: 433944K(440064K)->433944K(440064K) NonClass: 379943K(383232K)->379943K(383232K) Class: 54001K(56832K)->54001K(56832K)
[2024-05-30T14:13:28.232+0000][13147.651s][info][gc          ] GC(2773) Pause Young (Normal) (G1 Evacuation Pause) 9685M->2997M(12288M) 110.573ms
[2024-05-30T14:13:28.232+0000][13147.651s][info][gc,cpu      ] GC(2773) User=0.65s Sys=0.00s Real=0.11s
[2024-05-30T14:13:28.951+0000][13148.371s][info][gc,marking  ] GC(2772) Concurrent Rebuild Remembered Sets 1576.015ms
[2024-05-30T14:13:28.953+0000][13148.372s][info][gc,start    ] GC(2772) Pause Cleanup
[2024-05-30T14:13:28.953+0000][13148.372s][info][gc          ] GC(2772) Pause Cleanup 4585M->4585M(12288M) 0.520ms
[2024-05-30T14:13:28.953+0000][13148.372s][info][gc,cpu      ] GC(2772) User=0.00s Sys=0.00s Real=0.00s
[2024-05-30T14:13:28.953+0000][13148.372s][info][gc,marking  ] GC(2772) Concurrent Cleanup for Next Mark
[2024-05-30T14:13:28.970+0000][13148.389s][info][gc,marking  ] GC(2772) Concurrent Cleanup for Next Mark 16.819ms
[2024-05-30T14:13:28.970+0000][13148.389s][info][gc          ] GC(2772) Concurrent Mark Cycle 4108.568ms
[2024-05-30T14:13:30.424+0000][13149.843s][info][gc,start    ] GC(2774) Pause Young (Prepare Mixed) (G1 Evacuation Pause)
[2024-05-30T14:13:30.424+0000][13149.843s][info][gc,task     ] GC(2774) Using 6 workers of 6 for evacuation
[2024-05-30T14:13:30.510+0000][13149.929s][info][gc,phases   ] GC(2774)   Pre Evacuate Collection Set: 0.2ms
[2024-05-30T14:13:30.510+0000][13149.930s][info][gc,phases   ] GC(2774)   Merge Heap Roots: 0.6ms
[2024-05-30T14:13:30.510+0000][13149.930s][info][gc,phases   ] GC(2774)   Evacuate Collection Set: 78.8ms
[2024-05-30T14:13:30.510+0000][13149.930s][info][gc,phases   ] GC(2774)   Post Evacuate Collection Set: 6.7ms
[2024-05-30T14:13:30.510+0000][13149.930s][info][gc,phases   ] GC(2774)   Other: 0.2ms
[2024-05-30T14:13:30.510+0000][13149.930s][info][gc,heap     ] GC(2774) Eden regions: 831->0(55)
[2024-05-30T14:13:30.510+0000][13149.930s][info][gc,heap     ] GC(2774) Survivor regions: 20->21(107)
[2024-05-30T14:13:30.510+0000][13149.930s][info][gc,heap     ] GC(2774) Old regions: 350->350
[2024-05-30T14:13:30.510+0000][13149.930s][info][gc,heap     ] GC(2774) Archive regions: 2->2
[2024-05-30T14:13:30.510+0000][13149.930s][info][gc,heap     ] GC(2774) Humongous regions: 5->5
[2024-05-30T14:13:30.510+0000][13149.930s][info][gc,metaspace] GC(2774) Metaspace: 433946K(440064K)->433946K(440064K) NonClass: 379944K(383232K)->379944K(383232K) Class: 54001K(56832K)->54001K(56832K)
[2024-05-30T14:13:30.510+0000][13149.930s][info][gc          ] GC(2774) Pause Young (Prepare Mixed) (G1 Evacuation Pause) 9645M->3010M(12288M) 86.466ms
[2024-05-30T14:13:30.510+0000][13149.930s][info][gc,cpu      ] GC(2774) User=0.51s Sys=0.00s Real=0.09s
[2024-05-30T14:13:30.651+0000][13150.070s][info][gc,start    ] GC(2775) Pause Young (Mixed) (G1 Evacuation Pause)
[2024-05-30T14:13:30.651+0000][13150.070s][info][gc,task     ] GC(2775) Using 6 workers of 6 for evacuation
[2024-05-30T14:13:30.752+0000][13150.171s][info][gc,phases   ] GC(2775)   Pre Evacuate Collection Set: 0.2ms
[2024-05-30T14:13:30.752+0000][13150.171s][info][gc,phases   ] GC(2775)   Merge Heap Roots: 0.4ms
[2024-05-30T14:13:30.752+0000][13150.171s][info][gc,phases   ] GC(2775)   Evacuate Collection Set: 99.0ms
[2024-05-30T14:13:30.752+0000][13150.171s][info][gc,phases   ] GC(2775)   Post Evacuate Collection Set: 1.3ms
[2024-05-30T14:13:30.752+0000][13150.171s][info][gc,phases   ] GC(2775)   Other: 0.2ms
[2024-05-30T14:13:30.752+0000][13150.171s][info][gc,heap     ] GC(2775) Eden regions: 55->0(844)
[2024-05-30T14:13:30.752+0000][13150.171s][info][gc,heap     ] GC(2775) Survivor regions: 21->5(10)
[2024-05-30T14:13:30.752+0000][13150.171s][info][gc,heap     ] GC(2775) Old regions: 350->358
[2024-05-30T14:13:30.752+0000][13150.171s][info][gc,heap     ] GC(2775) Archive regions: 2->2
[2024-05-30T14:13:30.752+0000][13150.171s][info][gc,heap     ] GC(2775) Humongous regions: 5->5
[2024-05-30T14:13:30.752+0000][13150.171s][info][gc,metaspace] GC(2775) Metaspace: 433946K(440064K)->433946K(440064K) NonClass: 379944K(383232K)->379944K(383232K) Class: 54001K(56832K)->54001K(56832K)
[2024-05-30T14:13:30.752+0000][13150.171s][info][gc          ] GC(2775) Pause Young (Mixed) (G1 Evacuation Pause) 3450M->2942M(12288M) 101.176ms
[2024-05-30T14:13:30.752+0000][13150.171s][info][gc,cpu      ] GC(2775) User=0.60s Sys=0.00s Real=0.10s
[2024-05-30T14:13:33.239+0000][13152.658s][info][gc,start    ] GC(2776) Pause Young (Normal) (G1 Evacuation Pause)
[2024-05-30T14:13:33.239+0000][13152.658s][info][gc,task     ] GC(2776) Using 6 workers of 6 for evacuation
[2024-05-30T14:13:33.268+0000][13152.687s][info][gc,phases   ] GC(2776)   Pre Evacuate Collection Set: 0.2ms
[2024-05-30T14:13:33.268+0000][13152.687s][info][gc,phases   ] GC(2776)   Merge Heap Roots: 0.5ms
[2024-05-30T14:13:33.268+0000][13152.687s][info][gc,phases   ] GC(2776)   Evacuate Collection Set: 23.8ms
[2024-05-30T14:13:33.268+0000][13152.687s][info][gc,phases   ] GC(2776)   Post Evacuate Collection Set: 4.3ms
[2024-05-30T14:13:33.268+0000][13152.687s][info][gc,phases   ] GC(2776)   Other: 0.2ms
[2024-05-30T14:13:33.268+0000][13152.687s][info][gc,heap     ] GC(2776) Eden regions: 844->0(846)
[2024-05-30T14:13:33.268+0000][13152.687s][info][gc,heap     ] GC(2776) Survivor regions: 5->4(107)
[2024-05-30T14:13:33.268+0000][13152.687s][info][gc,heap     ] GC(2776) Old regions: 358->358
[2024-05-30T14:13:33.268+0000][13152.687s][info][gc,heap     ] GC(2776) Archive regions: 2->2
[2024-05-30T14:13:33.268+0000][13152.687s][info][gc,heap     ] GC(2776) Humongous regions: 5->5
[2024-05-30T14:13:33.268+0000][13152.687s][info][gc,metaspace] GC(2776) Metaspace: 433946K(440064K)->433946K(440064K) NonClass: 379944K(383232K)->379944K(383232K) Class: 54001K(56832K)->54001K(56832K)
[2024-05-30T14:13:33.268+0000][13152.687s][info][gc          ] GC(2776) Pause Young (Normal) (G1 Evacuation Pause) 9694M->2938M(12288M) 29.009ms
[2024-05-30T14:13:33.268+0000][13152.687s][info][gc,cpu      ] GC(2776) User=0.17s Sys=0.00s Real=0.02s
[2024-05-30T14:13:39.126+0000][13158.545s][info][gc,start    ] GC(2777) Pause Young (Normal) (G1 Evacuation Pause)
[2024-05-30T14:13:39.126+0000][13158.545s][info][gc,task     ] GC(2777) Using 6 workers of 6 for evacuation
[2024-05-30T14:13:39.145+0000][13158.565s][info][gc,phases   ] GC(2777)   Pre Evacuate Collection Set: 0.2ms
[2024-05-30T14:13:39.145+0000][13158.565s][info][gc,phases   ] GC(2777)   Merge Heap Roots: 0.4ms
[2024-05-30T14:13:39.145+0000][13158.565s][info][gc,phases   ] GC(2777)   Evacuate Collection Set: 17.0ms
[2024-05-30T14:13:39.145+0000][13158.565s][info][gc,phases   ] GC(2777)   Post Evacuate Collection Set: 2.0ms
[2024-05-30T14:13:39.145+0000][13158.565s][info][gc,phases   ] GC(2777)   Other: 0.2ms
[2024-05-30T14:13:39.145+0000][13158.565s][info][gc,heap     ] GC(2777) Eden regions: 846->0(845)
[2024-05-30T14:13:39.145+0000][13158.565s][info][gc,heap     ] GC(2777) Survivor regions: 4->5(107)
[2024-05-30T14:13:39.145+0000][13158.565s][info][gc,heap     ] GC(2777) Old regions: 358->358
[2024-05-30T14:13:39.145+0000][13158.565s][info][gc,heap     ] GC(2777) Archive regions: 2->2
[2024-05-30T14:13:39.145+0000][13158.565s][info][gc,heap     ] GC(2777) Humongous regions: 5->5
[2024-05-30T14:13:39.145+0000][13158.565s][info][gc,metaspace] GC(2777) Metaspace: 433946K(440064K)->433946K(440064K) NonClass: 379944K(383232K)->379944K(383232K) Class: 54001K(56832K)->54001K(56832K)
[2024-05-30T14:13:39.145+0000][13158.565s][info][gc          ] GC(2777) Pause Young (Normal) (G1 Evacuation Pause) 9706M->2946M(12288M) 19.771ms
[2024-05-30T14:13:39.145+0000][13158.565s][info][gc,cpu      ] GC(2777) User=0.11s Sys=0.00s Real=0.02s
[2024-05-30T14:13:43.088+0000][13162.507s][info][gc,start    ] GC(2778) Pause Young (Concurrent Start) (G1 Evacuation Pause)
[2024-05-30T14:13:43.088+0000][13162.507s][info][gc,task     ] GC(2778) Using 6 workers of 6 for evacuation
[2024-05-30T14:13:43.102+0000][13162.521s][info][gc,phases   ] GC(2778)   Pre Evacuate Collection Set: 0.6ms
[2024-05-30T14:13:43.102+0000][13162.521s][info][gc,phases   ] GC(2778)   Merge Heap Roots: 0.2ms
[2024-05-30T14:13:43.102+0000][13162.521s][info][gc,phases   ] GC(2778)   Evacuate Collection Set: 11.1ms
[2024-05-30T14:13:43.102+0000][13162.521s][info][gc,phases   ] GC(2778)   Post Evacuate Collection Set: 1.8ms
[2024-05-30T14:13:43.102+0000][13162.521s][info][gc,phases   ] GC(2778)   Other: 0.3ms
[2024-05-30T14:13:43.102+0000][13162.521s][info][gc,heap     ] GC(2778) Eden regions: 845->0(844)
[2024-05-30T14:13:43.102+0000][13162.521s][info][gc,heap     ] GC(2778) Survivor regions: 5->7(107)
[2024-05-30T14:13:43.102+0000][13162.521s][info][gc,heap     ] GC(2778) Old regions: 358->358
[2024-05-30T14:13:43.102+0000][13162.521s][info][gc,heap     ] GC(2778) Archive regions: 2->2
[2024-05-30T14:13:43.102+0000][13162.521s][info][gc,heap     ] GC(2778) Humongous regions: 5->5
[2024-05-30T14:13:43.102+0000][13162.521s][info][gc,metaspace] GC(2778) Metaspace: 433946K(440064K)->433946K(440064K) NonClass: 379944K(383232K)->379944K(383232K) Class: 54001K(56832K)->54001K(56832K)
[2024-05-30T14:13:43.102+0000][13162.521s][info][gc          ] GC(2778) Pause Young (Concurrent Start) (G1 Evacuation Pause) 9706M->2956M(12288M) 14.052ms
[2024-05-30T14:13:43.102+0000][13162.521s][info][gc,cpu      ] GC(2778) User=0.07s Sys=0.00s Real=0.02s
[2024-05-30T14:13:43.102+0000][13162.522s][info][gc          ] GC(2779) Concurrent Mark Cycle
[2024-05-30T14:13:43.102+0000][13162.522s][info][gc,marking  ] GC(2779) Concurrent Clear Claimed Marks
[2024-05-30T14:13:43.103+0000][13162.522s][info][gc,marking  ] GC(2779) Concurrent Clear Claimed Marks 0.375ms
[2024-05-30T14:13:43.103+0000][13162.522s][info][gc,marking  ] GC(2779) Concurrent Scan Root Regions
[2024-05-30T14:13:43.114+0000][13162.533s][info][gc,marking  ] GC(2779) Concurrent Scan Root Regions 10.889ms
[2024-05-30T14:13:43.114+0000][13162.533s][info][gc,marking  ] GC(2779) Concurrent Mark
[2024-05-30T14:13:43.114+0000][13162.533s][info][gc,marking  ] GC(2779) Concurrent Mark From Roots
[2024-05-30T14:13:43.114+0000][13162.533s][info][gc,task     ] GC(2779) Using 2 workers of 2 for marking
[2024-05-30T14:13:45.536+0000][13164.955s][info][gc,marking  ] GC(2779) Concurrent Mark From Roots 2422.546ms
[2024-05-30T14:13:45.536+0000][13164.955s][info][gc,marking  ] GC(2779) Concurrent Preclean
[2024-05-30T14:13:45.538+0000][13164.957s][info][gc,marking  ] GC(2779) Concurrent Preclean 1.736ms
[2024-05-30T14:13:45.538+0000][13164.957s][info][gc,start    ] GC(2779) Pause Remark
[2024-05-30T14:13:45.562+0000][13164.982s][info][gc          ] GC(2779) Pause Remark 6705M->6705M(12288M) 24.154ms
[2024-05-30T14:13:45.562+0000][13164.982s][info][gc,cpu      ] GC(2779) User=0.11s Sys=0.00s Real=0.02s
[2024-05-30T14:13:45.562+0000][13164.982s][info][gc,marking  ] GC(2779) Concurrent Mark 2448.852ms
[2024-05-30T14:13:45.562+0000][13164.982s][info][gc,marking  ] GC(2779) Concurrent Rebuild Remembered Sets
[2024-05-30T14:13:47.101+0000][13166.520s][info][gc,marking  ] GC(2779) Concurrent Rebuild Remembered Sets 1538.678ms
[2024-05-30T14:13:47.101+0000][13166.521s][info][gc,start    ] GC(2779) Pause Cleanup
[2024-05-30T14:13:47.102+0000][13166.521s][info][gc          ] GC(2779) Pause Cleanup 9352M->9352M(12288M) 0.596ms
[2024-05-30T14:13:47.102+0000][13166.521s][info][gc,cpu      ] GC(2779) User=0.00s Sys=0.00s Real=0.00s
[2024-05-30T14:13:47.102+0000][13166.521s][info][gc,marking  ] GC(2779) Concurrent Cleanup for Next Mark
[2024-05-30T14:13:47.120+0000][13166.539s][info][gc,marking  ] GC(2779) Concurrent Cleanup for Next Mark 17.521ms
[2024-05-30T14:13:47.120+0000][13166.539s][info][gc          ] GC(2779) Concurrent Mark Cycle 4017.420ms
[2024-05-30T14:13:47.270+0000][13166.689s][info][gc,start    ] GC(2780) Pause Young (Prepare Mixed) (G1 Evacuation Pause)
[2024-05-30T14:13:47.270+0000][13166.689s][info][gc,task     ] GC(2780) Using 6 workers of 6 for evacuation
[2024-05-30T14:13:47.284+0000][13166.703s][info][gc,phases   ] GC(2780)   Pre Evacuate Collection Set: 0.2ms
[2024-05-30T14:13:47.284+0000][13166.703s][info][gc,phases   ] GC(2780)   Merge Heap Roots: 0.3ms
[2024-05-30T14:13:47.284+0000][13166.703s][info][gc,phases   ] GC(2780)   Evacuate Collection Set: 11.5ms
[2024-05-30T14:13:47.284+0000][13166.703s][info][gc,phases   ] GC(2780)   Post Evacuate Collection Set: 1.8ms
[2024-05-30T14:13:47.284+0000][13166.703s][info][gc,phases   ] GC(2780)   Other: 0.2ms
[2024-05-30T14:13:47.284+0000][13166.703s][info][gc,heap     ] GC(2780) Eden regions: 844->0(70)
[2024-05-30T14:13:47.284+0000][13166.703s][info][gc,heap     ] GC(2780) Survivor regions: 7->6(107)
[2024-05-30T14:13:47.284+0000][13166.703s][info][gc,heap     ] GC(2780) Old regions: 358->358
[2024-05-30T14:13:47.284+0000][13166.703s][info][gc,heap     ] GC(2780) Archive regions: 2->2
[2024-05-30T14:13:47.284+0000][13166.703s][info][gc,heap     ] GC(2780) Humongous regions: 5->5
[2024-05-30T14:13:47.284+0000][13166.703s][info][gc,metaspace] GC(2780) Metaspace: 433946K(440064K)->433946K(440064K) NonClass: 379944K(383232K)->379944K(383232K) Class: 54001K(56832K)->54001K(56832K)
[2024-05-30T14:13:47.284+0000][13166.703s][info][gc          ] GC(2780) Pause Young (Prepare Mixed) (G1 Evacuation Pause) 9708M->2954M(12288M) 13.980ms
[2024-05-30T14:13:47.284+0000][13166.703s][info][gc,cpu      ] GC(2780) User=0.08s Sys=0.00s Real=0.01s
[2024-05-30T14:13:47.548+0000][13166.967s][info][gc,start    ] GC(2781) Pause Young (Mixed) (G1 Evacuation Pause)
[2024-05-30T14:13:47.548+0000][13166.967s][info][gc,task     ] GC(2781) Using 6 workers of 6 for evacuation
[2024-05-30T14:13:47.587+0000][13167.007s][info][gc,phases   ] GC(2781)   Pre Evacuate Collection Set: 0.2ms
[2024-05-30T14:13:47.587+0000][13167.007s][info][gc,phases   ] GC(2781)   Merge Heap Roots: 0.3ms
[2024-05-30T14:13:47.587+0000][13167.007s][info][gc,phases   ] GC(2781)   Evacuate Collection Set: 37.8ms
[2024-05-30T14:13:47.587+0000][13167.007s][info][gc,phases   ] GC(2781)   Post Evacuate Collection Set: 1.3ms
[2024-05-30T14:13:47.587+0000][13167.007s][info][gc,phases   ] GC(2781)   Other: 0.2ms
[2024-05-30T14:13:47.587+0000][13167.007s][info][gc,heap     ] GC(2781) Eden regions: 70->0(859)
[2024-05-30T14:13:47.587+0000][13167.007s][info][gc,heap     ] GC(2781) Survivor regions: 6->6(10)
[2024-05-30T14:13:47.587+0000][13167.007s][info][gc,heap     ] GC(2781) Old regions: 358->344
[2024-05-30T14:13:47.587+0000][13167.007s][info][gc,heap     ] GC(2781) Archive regions: 2->2
[2024-05-30T14:13:47.587+0000][13167.007s][info][gc,heap     ] GC(2781) Humongous regions: 5->5
[2024-05-30T14:13:47.587+0000][13167.007s][info][gc,metaspace] GC(2781) Metaspace: 433946K(440064K)->433946K(440064K) NonClass: 379944K(383232K)->379944K(383232K) Class: 54001K(56832K)->54001K(56832K)
[2024-05-30T14:13:47.587+0000][13167.007s][info][gc          ] GC(2781) Pause Young (Mixed) (G1 Evacuation Pause) 3514M->2831M(12288M) 39.809ms
[2024-05-30T14:13:47.588+0000][13167.007s][info][gc,cpu      ] GC(2781) User=0.24s Sys=0.00s Real=0.04s
[2024-05-30T14:13:51.333+0000][13170.752s][info][gc,start    ] GC(2782) Pause Young (Normal) (G1 Evacuation Pause)
[2024-05-30T14:13:51.333+0000][13170.752s][info][gc,task     ] GC(2782) Using 6 workers of 6 for evacuation
[2024-05-30T14:13:51.346+0000][13170.766s][info][gc,phases   ] GC(2782)   Pre Evacuate Collection Set: 0.2ms
[2024-05-30T14:13:51.346+0000][13170.766s][info][gc,phases   ] GC(2782)   Merge Heap Roots: 0.2ms
[2024-05-30T14:13:51.346+0000][13170.766s][info][gc,phases   ] GC(2782)   Evacuate Collection Set: 11.4ms
[2024-05-30T14:13:51.346+0000][13170.766s][info][gc,phases   ] GC(2782)   Post Evacuate Collection Set: 1.7ms
[2024-05-30T14:13:51.346+0000][13170.766s][info][gc,phases   ] GC(2782)   Other: 0.2ms
[2024-05-30T14:13:51.346+0000][13170.766s][info][gc,heap     ] GC(2782) Eden regions: 859->0(859)
[2024-05-30T14:13:51.346+0000][13170.766s][info][gc,heap     ] GC(2782) Survivor regions: 6->7(109)
[2024-05-30T14:13:51.346+0000][13170.766s][info][gc,heap     ] GC(2782) Old regions: 344->344
[2024-05-30T14:13:51.346+0000][13170.766s][info][gc,heap     ] GC(2782) Archive regions: 2->2
[2024-05-30T14:13:51.346+0000][13170.766s][info][gc,heap     ] GC(2782) Humongous regions: 5->5
[2024-05-30T14:13:51.346+0000][13170.766s][info][gc,metaspace] GC(2782) Metaspace: 433946K(440064K)->433946K(440064K) NonClass: 379944K(383232K)->379944K(383232K) Class: 54001K(56832K)->54001K(56832K)
[2024-05-30T14:13:51.346+0000][13170.766s][info][gc          ] GC(2782) Pause Young (Normal) (G1 Evacuation Pause) 9703M->2846M(12288M) 13.775ms
[2024-05-30T14:13:51.347+0000][13170.766s][info][gc,cpu      ] GC(2782) User=0.08s Sys=0.00s Real=0.01s
[2024-05-30T14:13:55.284+0000][13174.703s][info][gc,start    ] GC(2783) Pause Young (Normal) (G1 Evacuation Pause)
[2024-05-30T14:13:55.284+0000][13174.703s][info][gc,task     ] GC(2783) Using 6 workers of 6 for evacuation
[2024-05-30T14:13:55.299+0000][13174.718s][info][gc,phases   ] GC(2783)   Pre Evacuate Collection Set: 0.2ms
[2024-05-30T14:13:55.299+0000][13174.718s][info][gc,phases   ] GC(2783)   Merge Heap Roots: 0.2ms
[2024-05-30T14:13:55.299+0000][13174.718s][info][gc,phases   ] GC(2783)   Evacuate Collection Set: 12.6ms
[2024-05-30T14:13:55.299+0000][13174.718s][info][gc,phases   ] GC(2783)   Post Evacuate Collection Set: 1.9ms
[2024-05-30T14:13:55.299+0000][13174.718s][info][gc,phases   ] GC(2783)   Other: 0.2ms
[2024-05-30T14:13:55.299+0000][13174.718s][info][gc,heap     ] GC(2783) Eden regions: 859->0(857)
[2024-05-30T14:13:55.299+0000][13174.718s][info][gc,heap     ] GC(2783) Survivor regions: 7->8(109)
[2024-05-30T14:13:55.299+0000][13174.718s][info][gc,heap     ] GC(2783) Old regions: 344->344
[2024-05-30T14:13:55.299+0000][13174.718s][info][gc,heap     ] GC(2783) Archive regions: 2->2
[2024-05-30T14:13:55.299+0000][13174.718s][info][gc,heap     ] GC(2783) Humongous regions: 5->5
[2024-05-30T14:13:55.299+0000][13174.718s][info][gc,metaspace] GC(2783) Metaspace: 433946K(440064K)->433946K(440064K) NonClass: 379944K(383232K)->379944K(383232K) Class: 54001K(56832K)->54001K(56832K)
[2024-05-30T14:13:55.299+0000][13174.718s][info][gc          ] GC(2783) Pause Young (Normal) (G1 Evacuation Pause) 9718M->2854M(12288M) 15.249ms
[2024-05-30T14:13:55.299+0000][13174.718s][info][gc,cpu      ] GC(2783) User=0.09s Sys=0.00s Real=0.02s
[2024-05-30T14:13:58.173+0000][13177.592s][info][gc,start    ] GC(2784) Pause Young (Concurrent Start) (G1 Evacuation Pause)
[2024-05-30T14:13:58.173+0000][13177.592s][info][gc,task     ] GC(2784) Using 6 workers of 6 for evacuation
[2024-05-30T14:13:58.191+0000][13177.610s][info][gc,phases   ] GC(2784)   Pre Evacuate Collection Set: 0.5ms
[2024-05-30T14:13:58.191+0000][13177.610s][info][gc,phases   ] GC(2784)   Merge Heap Roots: 0.2ms
[2024-05-30T14:13:58.191+0000][13177.610s][info][gc,phases   ] GC(2784)   Evacuate Collection Set: 14.8ms
[2024-05-30T14:13:58.191+0000][13177.610s][info][gc,phases   ] GC(2784)   Post Evacuate Collection Set: 1.9ms
[2024-05-30T14:13:58.191+0000][13177.610s][info][gc,phases   ] GC(2784)   Other: 0.3ms
[2024-05-30T14:13:58.191+0000][13177.610s][info][gc,heap     ] GC(2784) Eden regions: 857->0(855)
[2024-05-30T14:13:58.191+0000][13177.610s][info][gc,heap     ] GC(2784) Survivor regions: 8->10(109)
[2024-05-30T14:13:58.191+0000][13177.610s][info][gc,heap     ] GC(2784) Old regions: 344->344
[2024-05-30T14:13:58.191+0000][13177.610s][info][gc,heap     ] GC(2784) Archive regions: 2->2
[2024-05-30T14:13:58.191+0000][13177.610s][info][gc,heap     ] GC(2784) Humongous regions: 5->5
[2024-05-30T14:13:58.191+0000][13177.610s][info][gc,metaspace] GC(2784) Metaspace: 433946K(440064K)->433946K(440064K) NonClass: 379944K(383232K)->379944K(383232K) Class: 54001K(56832K)->54001K(56832K)
[2024-05-30T14:13:58.191+0000][13177.610s][info][gc          ] GC(2784) Pause Young (Concurrent Start) (G1 Evacuation Pause) 9710M->2864M(12288M) 17.727ms
[2024-05-30T14:13:58.191+0000][13177.610s][info][gc,cpu      ] GC(2784) User=0.10s Sys=0.00s Real=0.02s
[2024-05-30T14:13:58.191+0000][13177.610s][info][gc          ] GC(2785) Concurrent Mark Cycle
[2024-05-30T14:13:58.191+0000][13177.610s][info][gc,marking  ] GC(2785) Concurrent Clear Claimed Marks
[2024-05-30T14:13:58.191+0000][13177.610s][info][gc,marking  ] GC(2785) Concurrent Clear Claimed Marks 0.394ms
[2024-05-30T14:13:58.191+0000][13177.610s][info][gc,marking  ] GC(2785) Concurrent Scan Root Regions
[2024-05-30T14:13:58.207+0000][13177.626s][info][gc,marking  ] GC(2785) Concurrent Scan Root Regions 15.406ms
[2024-05-30T14:13:58.207+0000][13177.626s][info][gc,marking  ] GC(2785) Concurrent Mark
[2024-05-30T14:13:58.207+0000][13177.626s][info][gc,marking  ] GC(2785) Concurrent Mark From Roots
[2024-05-30T14:13:58.207+0000][13177.626s][info][gc,task     ] GC(2785) Using 2 workers of 2 for marking
[2024-05-30T14:14:00.722+0000][13180.141s][info][gc,marking  ] GC(2785) Concurrent Mark From Roots 2515.187ms
[2024-05-30T14:14:00.722+0000][13180.141s][info][gc,marking  ] GC(2785) Concurrent Preclean
[2024-05-30T14:14:00.723+0000][13180.143s][info][gc,marking  ] GC(2785) Concurrent Preclean 1.449ms
[2024-05-30T14:14:00.723+0000][13180.143s][info][gc,start    ] GC(2785) Pause Remark
[2024-05-30T14:14:00.748+0000][13180.167s][info][gc          ] GC(2785) Pause Remark 6700M->6700M(12288M) 24.335ms
[2024-05-30T14:14:00.748+0000][13180.167s][info][gc,cpu      ] GC(2785) User=0.11s Sys=0.00s Real=0.02s
[2024-05-30T14:14:00.748+0000][13180.167s][info][gc,marking  ] GC(2785) Concurrent Mark 2541.366ms
[2024-05-30T14:14:00.748+0000][13180.167s][info][gc,marking  ] GC(2785) Concurrent Rebuild Remembered Sets
[2024-05-30T14:14:02.335+0000][13181.755s][info][gc,marking  ] GC(2785) Concurrent Rebuild Remembered Sets 1587.394ms
[2024-05-30T14:14:02.336+0000][13181.755s][info][gc,start    ] GC(2785) Pause Cleanup
[2024-05-30T14:14:02.336+0000][13181.755s][info][gc          ] GC(2785) Pause Cleanup 9492M->9492M(12288M) 0.594ms
[2024-05-30T14:14:02.336+0000][13181.755s][info][gc,cpu      ] GC(2785) User=0.00s Sys=0.00s Real=0.00s
[2024-05-30T14:14:02.336+0000][13181.756s][info][gc,marking  ] GC(2785) Concurrent Cleanup for Next Mark
[2024-05-30T14:14:02.353+0000][13181.773s][info][gc,marking  ] GC(2785) Concurrent Cleanup for Next Mark 16.971ms
[2024-05-30T14:14:02.353+0000][13181.773s][info][gc          ] GC(2785) Concurrent Mark Cycle 4162.664ms
[2024-05-30T14:14:02.436+0000][13181.855s][info][gc,start    ] GC(2786) Pause Young (Prepare Mixed) (G1 Evacuation Pause)
[2024-05-30T14:14:02.436+0000][13181.855s][info][gc,task     ] GC(2786) Using 6 workers of 6 for evacuation
[2024-05-30T14:14:02.454+0000][13181.873s][info][gc,phases   ] GC(2786)   Pre Evacuate Collection Set: 0.2ms
[2024-05-30T14:14:02.454+0000][13181.873s][info][gc,phases   ] GC(2786)   Merge Heap Roots: 0.3ms
[2024-05-30T14:14:02.454+0000][13181.873s][info][gc,phases   ] GC(2786)   Evacuate Collection Set: 15.9ms
[2024-05-30T14:14:02.454+0000][13181.873s][info][gc,phases   ] GC(2786)   Post Evacuate Collection Set: 1.8ms
[2024-05-30T14:14:02.454+0000][13181.873s][info][gc,phases   ] GC(2786)   Other: 0.2ms
[2024-05-30T14:14:02.454+0000][13181.873s][info][gc,heap     ] GC(2786) Eden regions: 855->0(67)
[2024-05-30T14:14:02.454+0000][13181.873s][info][gc,heap     ] GC(2786) Survivor regions: 10->9(109)
[2024-05-30T14:14:02.454+0000][13181.873s][info][gc,heap     ] GC(2786) Old regions: 344->344
[2024-05-30T14:14:02.454+0000][13181.873s][info][gc,heap     ] GC(2786) Archive regions: 2->2
[2024-05-30T14:14:02.454+0000][13181.873s][info][gc,heap     ] GC(2786) Humongous regions: 5->5
[2024-05-30T14:14:02.454+0000][13181.873s][info][gc,metaspace] GC(2786) Metaspace: 433946K(440064K)->433946K(440064K) NonClass: 379945K(383232K)->379945K(383232K) Class: 54001K(56832K)->54001K(56832K)
[2024-05-30T14:14:02.454+0000][13181.873s][info][gc          ] GC(2786) Pause Young (Prepare Mixed) (G1 Evacuation Pause) 9704M->2862M(12288M) 18.348ms
[2024-05-30T14:14:02.454+0000][13181.873s][info][gc,cpu      ] GC(2786) User=0.11s Sys=0.00s Real=0.02s
[2024-05-30T14:14:02.706+0000][13182.125s][info][gc,start    ] GC(2787) Pause Young (Mixed) (G1 Evacuation Pause)
[2024-05-30T14:14:02.706+0000][13182.125s][info][gc,task     ] GC(2787) Using 6 workers of 6 for evacuation
[2024-05-30T14:14:02.758+0000][13182.177s][info][gc,phases   ] GC(2787)   Pre Evacuate Collection Set: 0.2ms
[2024-05-30T14:14:02.758+0000][13182.177s][info][gc,phases   ] GC(2787)   Merge Heap Roots: 0.3ms
[2024-05-30T14:14:02.758+0000][13182.177s][info][gc,phases   ] GC(2787)   Evacuate Collection Set: 50.2ms
[2024-05-30T14:14:02.758+0000][13182.177s][info][gc,phases   ] GC(2787)   Post Evacuate Collection Set: 1.3ms
[2024-05-30T14:14:02.758+0000][13182.177s][info][gc,phases   ] GC(2787)   Other: 0.2ms
[2024-05-30T14:14:02.758+0000][13182.177s][info][gc,heap     ] GC(2787) Eden regions: 67->0(867)
[2024-05-30T14:14:02.758+0000][13182.177s][info][gc,heap     ] GC(2787) Survivor regions: 9->6(10)
[2024-05-30T14:14:02.758+0000][13182.177s][info][gc,heap     ] GC(2787) Old regions: 344->337
[2024-05-30T14:14:02.758+0000][13182.177s][info][gc,heap     ] GC(2787) Archive regions: 2->2
[2024-05-30T14:14:02.758+0000][13182.177s][info][gc,heap     ] GC(2787) Humongous regions: 5->5
[2024-05-30T14:14:02.758+0000][13182.177s][info][gc,metaspace] GC(2787) Metaspace: 433946K(440064K)->433946K(440064K) NonClass: 379945K(383232K)->379945K(383232K) Class: 54001K(56832K)->54001K(56832K)
[2024-05-30T14:14:02.758+0000][13182.177s][info][gc          ] GC(2787) Pause Young (Mixed) (G1 Evacuation Pause) 3398M->2784M(12288M) 52.191ms
[2024-05-30T14:14:02.758+0000][13182.177s][info][gc,cpu      ] GC(2787) User=0.30s Sys=0.00s Real=0.06s
[2024-05-30T14:14:05.653+0000][13185.072s][info][gc,start    ] GC(2788) Pause Young (Normal) (G1 Evacuation Pause)
[2024-05-30T14:14:05.653+0000][13185.072s][info][gc,task     ] GC(2788) Using 6 workers of 6 for evacuation
[2024-05-30T14:14:05.665+0000][13185.084s][info][gc,phases   ] GC(2788)   Pre Evacuate Collection Set: 0.2ms
[2024-05-30T14:14:05.665+0000][13185.084s][info][gc,phases   ] GC(2788)   Merge Heap Roots: 0.2ms
[2024-05-30T14:14:05.665+0000][13185.084s][info][gc,phases   ] GC(2788)   Evacuate Collection Set: 9.8ms
[2024-05-30T14:14:05.665+0000][13185.085s][info][gc,phases   ] GC(2788)   Post Evacuate Collection Set: 1.8ms
[2024-05-30T14:14:05.665+0000][13185.085s][info][gc,phases   ] GC(2788)   Other: 0.2ms
[2024-05-30T14:14:05.665+0000][13185.085s][info][gc,heap     ] GC(2788) Eden regions: 867->0(866)
[2024-05-30T14:14:05.665+0000][13185.085s][info][gc,heap     ] GC(2788) Survivor regions: 6->7(110)
[2024-05-30T14:14:05.665+0000][13185.085s][info][gc,heap     ] GC(2788) Old regions: 337->337
[2024-05-30T14:14:05.665+0000][13185.085s][info][gc,heap     ] GC(2788) Archive regions: 2->2
[2024-05-30T14:14:05.665+0000][13185.085s][info][gc,heap     ] GC(2788) Humongous regions: 5->5
[2024-05-30T14:14:05.665+0000][13185.085s][info][gc,metaspace] GC(2788) Metaspace: 433946K(440064K)->433946K(440064K) NonClass: 379945K(383232K)->379945K(383232K) Class: 54001K(56832K)->54001K(56832K)
[2024-05-30T14:14:05.665+0000][13185.085s][info][gc          ] GC(2788) Pause Young (Normal) (G1 Evacuation Pause) 9720M->2790M(12288M) 12.181ms
[2024-05-30T14:14:05.665+0000][13185.085s][info][gc,cpu      ] GC(2788) User=0.06s Sys=0.00s Real=0.01s
[2024-05-30T14:14:09.022+0000][13188.441s][info][gc,start    ] GC(2789) Pause Young (Normal) (G1 Evacuation Pause)
[2024-05-30T14:14:09.022+0000][13188.441s][info][gc,task     ] GC(2789) Using 6 workers of 6 for evacuation
[2024-05-30T14:14:09.034+0000][13188.454s][info][gc,phases   ] GC(2789)   Pre Evacuate Collection Set: 0.2ms
[2024-05-30T14:14:09.034+0000][13188.454s][info][gc,phases   ] GC(2789)   Merge Heap Roots: 0.2ms
[2024-05-30T14:14:09.034+0000][13188.454s][info][gc,phases   ] GC(2789)   Evacuate Collection Set: 10.5ms
[2024-05-30T14:14:09.034+0000][13188.454s][info][gc,phases   ] GC(2789)   Post Evacuate Collection Set: 1.7ms
[2024-05-30T14:14:09.034+0000][13188.454s][info][gc,phases   ] GC(2789)   Other: 0.2ms
[2024-05-30T14:14:09.034+0000][13188.454s][info][gc,heap     ] GC(2789) Eden regions: 866->0(868)
[2024-05-30T14:14:09.034+0000][13188.454s][info][gc,heap     ] GC(2789) Survivor regions: 7->6(110)
[2024-05-30T14:14:09.034+0000][13188.454s][info][gc,heap     ] GC(2789) Old regions: 337->337
[2024-05-30T14:14:09.034+0000][13188.454s][info][gc,heap     ] GC(2789) Archive regions: 2->2
[2024-05-30T14:14:09.034+0000][13188.454s][info][gc,heap     ] GC(2789) Humongous regions: 5->5
[2024-05-30T14:14:09.034+0000][13188.454s][info][gc,metaspace] GC(2789) Metaspace: 433946K(440064K)->433946K(440064K) NonClass: 379945K(383232K)->379945K(383232K) Class: 54001K(56832K)->54001K(56832K)
[2024-05-30T14:14:09.034+0000][13188.454s][info][gc          ] GC(2789) Pause Young (Normal) (G1 Evacuation Pause) 9718M->2780M(12288M) 12.868ms
[2024-05-30T14:14:09.035+0000][13188.454s][info][gc,cpu      ] GC(2789) User=0.07s Sys=0.00s Real=0.01s
[2024-05-30T14:14:13.095+0000][13192.515s][info][gc,start    ] GC(2790) Pause Young (Concurrent Start) (G1 Evacuation Pause)
[2024-05-30T14:14:13.095+0000][13192.515s][info][gc,task     ] GC(2790) Using 6 workers of 6 for evacuation
[2024-05-30T14:14:13.111+0000][13192.531s][info][gc,phases   ] GC(2790)   Pre Evacuate Collection Set: 0.6ms
[2024-05-30T14:14:13.111+0000][13192.531s][info][gc,phases   ] GC(2790)   Merge Heap Roots: 0.2ms
[2024-05-30T14:14:13.111+0000][13192.531s][info][gc,phases   ] GC(2790)   Evacuate Collection Set: 13.2ms
[2024-05-30T14:14:13.111+0000][13192.531s][info][gc,phases   ] GC(2790)   Post Evacuate Collection Set: 1.8ms
[2024-05-30T14:14:13.111+0000][13192.531s][info][gc,phases   ] GC(2790)   Other: 0.3ms
[2024-05-30T14:14:13.111+0000][13192.531s][info][gc,heap     ] GC(2790) Eden regions: 868->0(865)
[2024-05-30T14:14:13.111+0000][13192.531s][info][gc,heap     ] GC(2790) Survivor regions: 6->8(110)
[2024-05-30T14:14:13.111+0000][13192.531s][info][gc,heap     ] GC(2790) Old regions: 337->337
[2024-05-30T14:14:13.111+0000][13192.531s][info][gc,heap     ] GC(2790) Archive regions: 2->2
[2024-05-30T14:14:13.111+0000][13192.531s][info][gc,heap     ] GC(2790) Humongous regions: 5->5
[2024-05-30T14:14:13.111+0000][13192.531s][info][gc,metaspace] GC(2790) Metaspace: 433946K(440064K)->433946K(440064K) NonClass: 379945K(383232K)->379945K(383232K) Class: 54001K(56832K)->54001K(56832K)
[2024-05-30T14:14:13.111+0000][13192.531s][info][gc          ] GC(2790) Pause Young (Concurrent Start) (G1 Evacuation Pause) 9724M->2794M(12288M) 16.097ms
[2024-05-30T14:14:13.112+0000][13192.531s][info][gc,cpu      ] GC(2790) User=0.09s Sys=0.00s Real=0.02s
[2024-05-30T14:14:13.112+0000][13192.531s][info][gc          ] GC(2791) Concurrent Mark Cycle
[2024-05-30T14:14:13.112+0000][13192.531s][info][gc,marking  ] GC(2791) Concurrent Clear Claimed Marks
[2024-05-30T14:14:13.112+0000][13192.531s][info][gc,marking  ] GC(2791) Concurrent Clear Claimed Marks 0.367ms
[2024-05-30T14:14:13.112+0000][13192.531s][info][gc,marking  ] GC(2791) Concurrent Scan Root Regions
[2024-05-30T14:14:13.126+0000][13192.545s][info][gc,marking  ] GC(2791) Concurrent Scan Root Regions 13.998ms
[2024-05-30T14:14:13.126+0000][13192.545s][info][gc,marking  ] GC(2791) Concurrent Mark
[2024-05-30T14:14:13.126+0000][13192.545s][info][gc,marking  ] GC(2791) Concurrent Mark From Roots
[2024-05-30T14:14:13.126+0000][13192.545s][info][gc,task     ] GC(2791) Using 2 workers of 2 for marking
[2024-05-30T14:14:15.608+0000][13195.027s][info][gc,marking  ] GC(2791) Concurrent Mark From Roots 2482.060ms
[2024-05-30T14:14:15.608+0000][13195.027s][info][gc,marking  ] GC(2791) Concurrent Preclean
[2024-05-30T14:14:15.610+0000][13195.029s][info][gc,marking  ] GC(2791) Concurrent Preclean 1.495ms
[2024-05-30T14:14:15.610+0000][13195.029s][info][gc,start    ] GC(2791) Pause Remark
[2024-05-30T14:14:15.634+0000][13195.053s][info][gc          ] GC(2791) Pause Remark 6602M->6602M(12288M) 24.289ms
[2024-05-30T14:14:15.634+0000][13195.053s][info][gc,cpu      ] GC(2791) User=0.10s Sys=0.00s Real=0.02s
[2024-05-30T14:14:15.634+0000][13195.054s][info][gc,marking  ] GC(2791) Concurrent Mark 2508.345ms
[2024-05-30T14:14:15.634+0000][13195.054s][info][gc,marking  ] GC(2791) Concurrent Rebuild Remembered Sets
[2024-05-30T14:14:17.162+0000][13196.582s][info][gc,marking  ] GC(2791) Concurrent Rebuild Remembered Sets 1528.018ms
[2024-05-30T14:14:17.163+0000][13196.582s][info][gc,start    ] GC(2791) Pause Cleanup
[2024-05-30T14:14:17.163+0000][13196.582s][info][gc          ] GC(2791) Pause Cleanup 9190M->9190M(12288M) 0.512ms
[2024-05-30T14:14:17.163+0000][13196.582s][info][gc,cpu      ] GC(2791) User=0.00s Sys=0.00s Real=0.00s
[2024-05-30T14:14:17.163+0000][13196.583s][info][gc,marking  ] GC(2791) Concurrent Cleanup for Next Mark
[2024-05-30T14:14:17.193+0000][13196.612s][info][gc,marking  ] GC(2791) Concurrent Cleanup for Next Mark 29.546ms
[2024-05-30T14:14:17.193+0000][13196.612s][info][gc          ] GC(2791) Concurrent Mark Cycle 4081.349ms
[2024-05-30T14:14:17.429+0000][13196.848s][info][gc,start    ] GC(2792) Pause Young (Prepare Mixed) (G1 Evacuation Pause)
[2024-05-30T14:14:17.429+0000][13196.848s][info][gc,task     ] GC(2792) Using 6 workers of 6 for evacuation
[2024-05-30T14:14:17.446+0000][13196.865s][info][gc,phases   ] GC(2792)   Pre Evacuate Collection Set: 0.2ms
[2024-05-30T14:14:17.446+0000][13196.865s][info][gc,phases   ] GC(2792)   Merge Heap Roots: 0.3ms
[2024-05-30T14:14:17.446+0000][13196.865s][info][gc,phases   ] GC(2792)   Evacuate Collection Set: 14.9ms
[2024-05-30T14:14:17.446+0000][13196.865s][info][gc,phases   ] GC(2792)   Post Evacuate Collection Set: 1.8ms
[2024-05-30T14:14:17.446+0000][13196.865s][info][gc,phases   ] GC(2792)   Other: 0.2ms
[2024-05-30T14:14:17.446+0000][13196.865s][info][gc,heap     ] GC(2792) Eden regions: 865->0(67)
[2024-05-30T14:14:17.446+0000][13196.865s][info][gc,heap     ] GC(2792) Survivor regions: 8->9(110)
[2024-05-30T14:14:17.446+0000][13196.865s][info][gc,heap     ] GC(2792) Old regions: 337->337
[2024-05-30T14:14:17.446+0000][13196.865s][info][gc,heap     ] GC(2792) Archive regions: 2->2
[2024-05-30T14:14:17.446+0000][13196.865s][info][gc,heap     ] GC(2792) Humongous regions: 5->5
[2024-05-30T14:14:17.446+0000][13196.865s][info][gc,metaspace] GC(2792) Metaspace: 433946K(440064K)->433946K(440064K) NonClass: 379945K(383232K)->379945K(383232K) Class: 54001K(56832K)->54001K(56832K)
[2024-05-30T14:14:17.446+0000][13196.865s][info][gc          ] GC(2792) Pause Young (Prepare Mixed) (G1 Evacuation Pause) 9714M->2808M(12288M) 17.371ms
[2024-05-30T14:14:17.446+0000][13196.865s][info][gc,cpu      ] GC(2792) User=0.10s Sys=0.00s Real=0.01s
[2024-05-30T14:14:17.701+0000][13197.121s][info][gc,start    ] GC(2793) Pause Young (Mixed) (G1 Evacuation Pause)
[2024-05-30T14:14:17.701+0000][13197.121s][info][gc,task     ] GC(2793) Using 6 workers of 6 for evacuation
[2024-05-30T14:14:17.751+0000][13197.170s][info][gc,phases   ] GC(2793)   Pre Evacuate Collection Set: 0.2ms
[2024-05-30T14:14:17.751+0000][13197.170s][info][gc,phases   ] GC(2793)   Merge Heap Roots: 0.3ms
[2024-05-30T14:14:17.751+0000][13197.170s][info][gc,phases   ] GC(2793)   Evacuate Collection Set: 47.4ms
[2024-05-30T14:14:17.751+0000][13197.170s][info][gc,phases   ] GC(2793)   Post Evacuate Collection Set: 1.2ms
[2024-05-30T14:14:17.751+0000][13197.170s][info][gc,phases   ] GC(2793)   Other: 0.2ms
[2024-05-30T14:14:17.751+0000][13197.170s][info][gc,heap     ] GC(2793) Eden regions: 67->0(871)
[2024-05-30T14:14:17.751+0000][13197.170s][info][gc,heap     ] GC(2793) Survivor regions: 9->6(10)
[2024-05-30T14:14:17.751+0000][13197.170s][info][gc,heap     ] GC(2793) Old regions: 337->333
[2024-05-30T14:14:17.751+0000][13197.170s][info][gc,heap     ] GC(2793) Archive regions: 2->2
[2024-05-30T14:14:17.751+0000][13197.170s][info][gc,heap     ] GC(2793) Humongous regions: 5->5
[2024-05-30T14:14:17.751+0000][13197.170s][info][gc,metaspace] GC(2793) Metaspace: 433946K(440064K)->433946K(440064K) NonClass: 379945K(383232K)->379945K(383232K) Class: 54001K(56832K)->54001K(56832K)
[2024-05-30T14:14:17.751+0000][13197.170s][info][gc          ] GC(2793) Pause Young (Mixed) (G1 Evacuation Pause) 3344M->2743M(12288M) 49.328ms
[2024-05-30T14:14:17.751+0000][13197.170s][info][gc,cpu      ] GC(2793) User=0.30s Sys=0.00s Real=0.05s
[2024-05-30T14:14:21.747+0000][13201.167s][info][gc,start    ] GC(2794) Pause Young (Normal) (G1 Evacuation Pause)
[2024-05-30T14:14:21.747+0000][13201.167s][info][gc,task     ] GC(2794) Using 6 workers of 6 for evacuation
[2024-05-30T14:14:21.759+0000][13201.178s][info][gc,phases   ] GC(2794)   Pre Evacuate Collection Set: 0.2ms
[2024-05-30T14:14:21.759+0000][13201.178s][info][gc,phases   ] GC(2794)   Merge Heap Roots: 0.2ms
[2024-05-30T14:14:21.759+0000][13201.178s][info][gc,phases   ] GC(2794)   Evacuate Collection Set: 9.5ms
[2024-05-30T14:14:21.759+0000][13201.178s][info][gc,phases   ] GC(2794)   Post Evacuate Collection Set: 1.8ms
[2024-05-30T14:14:21.759+0000][13201.178s][info][gc,phases   ] GC(2794)   Other: 0.2ms
[2024-05-30T14:14:21.759+0000][13201.178s][info][gc,heap     ] GC(2794) Eden regions: 871->0(871)
[2024-05-30T14:14:21.759+0000][13201.178s][info][gc,heap     ] GC(2794) Survivor regions: 6->6(110)
[2024-05-30T14:14:21.759+0000][13201.178s][info][gc,heap     ] GC(2794) Old regions: 333->333
[2024-05-30T14:14:21.759+0000][13201.178s][info][gc,heap     ] GC(2794) Archive regions: 2->2
[2024-05-30T14:14:21.759+0000][13201.178s][info][gc,heap     ] GC(2794) Humongous regions: 5->5
[2024-05-30T14:14:21.759+0000][13201.178s][info][gc,metaspace] GC(2794) Metaspace: 433946K(440064K)->433946K(440064K) NonClass: 379945K(383232K)->379945K(383232K) Class: 54001K(56832K)->54001K(56832K)
[2024-05-30T14:14:21.759+0000][13201.178s][info][gc          ] GC(2794) Pause Young (Normal) (G1 Evacuation Pause) 9711M->2748M(12288M) 11.939ms
[2024-05-30T14:14:21.759+0000][13201.178s][info][gc,cpu      ] GC(2794) User=0.07s Sys=0.00s Real=0.02s
[2024-05-30T14:14:27.663+0000][13207.082s][info][gc,start    ] GC(2795) Pause Young (Normal) (G1 Evacuation Pause)
[2024-05-30T14:14:27.663+0000][13207.082s][info][gc,task     ] GC(2795) Using 6 workers of 6 for evacuation
[2024-05-30T14:14:27.678+0000][13207.098s][info][gc,phases   ] GC(2795)   Pre Evacuate Collection Set: 0.2ms
[2024-05-30T14:14:27.678+0000][13207.098s][info][gc,phases   ] GC(2795)   Merge Heap Roots: 0.2ms
[2024-05-30T14:14:27.678+0000][13207.098s][info][gc,phases   ] GC(2795)   Evacuate Collection Set: 13.1ms
[2024-05-30T14:14:27.678+0000][13207.098s][info][gc,phases   ] GC(2795)   Post Evacuate Collection Set: 1.9ms
[2024-05-30T14:14:27.678+0000][13207.098s][info][gc,phases   ] GC(2795)   Other: 0.2ms
[2024-05-30T14:14:27.678+0000][13207.098s][info][gc,heap     ] GC(2795) Eden regions: 871->0(865)
[2024-05-30T14:14:27.678+0000][13207.098s][info][gc,heap     ] GC(2795) Survivor regions: 6->10(110)
[2024-05-30T14:14:27.678+0000][13207.098s][info][gc,heap     ] GC(2795) Old regions: 333->333
[2024-05-30T14:14:27.678+0000][13207.098s][info][gc,heap     ] GC(2795) Archive regions: 2->2
[2024-05-30T14:14:27.678+0000][13207.098s][info][gc,heap     ] GC(2795) Humongous regions: 5->5
[2024-05-30T14:14:27.679+0000][13207.098s][info][gc,metaspace] GC(2795) Metaspace: 433946K(440064K)->433946K(440064K) NonClass: 379945K(383232K)->379945K(383232K) Class: 54001K(56832K)->54001K(56832K)
[2024-05-30T14:14:27.679+0000][13207.098s][info][gc          ] GC(2795) Pause Young (Normal) (G1 Evacuation Pause) 9716M->2774M(12288M) 15.704ms
[2024-05-30T14:14:27.679+0000][13207.098s][info][gc,cpu      ] GC(2795) User=0.09s Sys=0.00s Real=0.02s
[2024-05-30T14:14:32.646+0000][13212.065s][info][gc,start    ] GC(2796) Pause Young (Concurrent Start) (G1 Evacuation Pause)
[2024-05-30T14:14:32.646+0000][13212.065s][info][gc,task     ] GC(2796) Using 6 workers of 6 for evacuation
[2024-05-30T14:14:32.664+0000][13212.083s][info][gc,phases   ] GC(2796)   Pre Evacuate Collection Set: 0.6ms
[2024-05-30T14:14:32.664+0000][13212.083s][info][gc,phases   ] GC(2796)   Merge Heap Roots: 0.2ms
[2024-05-30T14:14:32.664+0000][13212.083s][info][gc,phases   ] GC(2796)   Evacuate Collection Set: 14.8ms
[2024-05-30T14:14:32.664+0000][13212.083s][info][gc,phases   ] GC(2796)   Post Evacuate Collection Set: 1.8ms
[2024-05-30T14:14:32.664+0000][13212.083s][info][gc,phases   ] GC(2796)   Other: 0.3ms
[2024-05-30T14:14:32.664+0000][13212.083s][info][gc,heap     ] GC(2796) Eden regions: 865->0(866)
[2024-05-30T14:14:32.664+0000][13212.083s][info][gc,heap     ] GC(2796) Survivor regions: 10->9(110)
[2024-05-30T14:14:32.664+0000][13212.083s][info][gc,heap     ] GC(2796) Old regions: 333->333
[2024-05-30T14:14:32.664+0000][13212.083s][info][gc,heap     ] GC(2796) Archive regions: 2->2
[2024-05-30T14:14:32.664+0000][13212.083s][info][gc,heap     ] GC(2796) Humongous regions: 5->5
[2024-05-30T14:14:32.664+0000][13212.083s][info][gc,metaspace] GC(2796) Metaspace: 433946K(440064K)->433946K(440064K) NonClass: 379945K(383232K)->379945K(383232K) Class: 54001K(56832K)->54001K(56832K)
[2024-05-30T14:14:32.664+0000][13212.083s][info][gc          ] GC(2796) Pause Young (Concurrent Start) (G1 Evacuation Pause) 9694M->2771M(12288M) 17.713ms
[2024-05-30T14:14:32.664+0000][13212.083s][info][gc,cpu      ] GC(2796) User=0.10s Sys=0.00s Real=0.02s
[2024-05-30T14:14:32.664+0000][13212.083s][info][gc          ] GC(2797) Concurrent Mark Cycle
[2024-05-30T14:14:32.664+0000][13212.083s][info][gc,marking  ] GC(2797) Concurrent Clear Claimed Marks
[2024-05-30T14:14:32.664+0000][13212.084s][info][gc,marking  ] GC(2797) Concurrent Clear Claimed Marks 0.386ms
[2024-05-30T14:14:32.664+0000][13212.084s][info][gc,marking  ] GC(2797) Concurrent Scan Root Regions
[2024-05-30T14:14:32.677+0000][13212.096s][info][gc,marking  ] GC(2797) Concurrent Scan Root Regions 12.860ms
[2024-05-30T14:14:32.677+0000][13212.097s][info][gc,marking  ] GC(2797) Concurrent Mark
[2024-05-30T14:14:32.677+0000][13212.097s][info][gc,marking  ] GC(2797) Concurrent Mark From Roots
[2024-05-30T14:14:32.677+0000][13212.097s][info][gc,task     ] GC(2797) Using 2 workers of 2 for marking
[2024-05-30T14:14:35.142+0000][13214.561s][info][gc,marking  ] GC(2797) Concurrent Mark From Roots 2464.730ms
[2024-05-30T14:14:35.142+0000][13214.561s][info][gc,marking  ] GC(2797) Concurrent Preclean
[2024-05-30T14:14:35.143+0000][13214.563s][info][gc,marking  ] GC(2797) Concurrent Preclean 1.320ms
[2024-05-30T14:14:35.144+0000][13214.563s][info][gc,start    ] GC(2797) Pause Remark
[2024-05-30T14:14:35.168+0000][13214.587s][info][gc          ] GC(2797) Pause Remark 5275M->5275M(12288M) 24.233ms
[2024-05-30T14:14:35.168+0000][13214.587s][info][gc,cpu      ] GC(2797) User=0.11s Sys=0.00s Real=0.02s
[2024-05-30T14:14:35.168+0000][13214.587s][info][gc,marking  ] GC(2797) Concurrent Mark 2490.668ms
[2024-05-30T14:14:35.168+0000][13214.587s][info][gc,marking  ] GC(2797) Concurrent Rebuild Remembered Sets
[2024-05-30T14:14:36.598+0000][13216.017s][info][gc,marking  ] GC(2797) Concurrent Rebuild Remembered Sets 1429.804ms
[2024-05-30T14:14:36.598+0000][13216.017s][info][gc,start    ] GC(2797) Pause Cleanup
[2024-05-30T14:14:36.598+0000][13216.018s][info][gc          ] GC(2797) Pause Cleanup 6811M->6811M(12288M) 0.504ms
[2024-05-30T14:14:36.599+0000][13216.018s][info][gc,cpu      ] GC(2797) User=0.00s Sys=0.00s Real=0.00s
[2024-05-30T14:14:36.599+0000][13216.018s][info][gc,marking  ] GC(2797) Concurrent Cleanup for Next Mark
[2024-05-30T14:14:36.615+0000][13216.034s][info][gc,marking  ] GC(2797) Concurrent Cleanup for Next Mark 16.406ms
[2024-05-30T14:14:36.615+0000][13216.034s][info][gc          ] GC(2797) Concurrent Mark Cycle 3951.148ms
[2024-05-30T14:14:39.015+0000][13218.434s][info][gc,start    ] GC(2798) Pause Young (Prepare Mixed) (G1 Evacuation Pause)
[2024-05-30T14:14:39.015+0000][13218.434s][info][gc,task     ] GC(2798) Using 6 workers of 6 for evacuation
[2024-05-30T14:14:39.035+0000][13218.454s][info][gc,phases   ] GC(2798)   Pre Evacuate Collection Set: 0.2ms
[2024-05-30T14:14:39.035+0000][13218.454s][info][gc,phases   ] GC(2798)   Merge Heap Roots: 0.3ms
[2024-05-30T14:14:39.035+0000][13218.454s][info][gc,phases   ] GC(2798)   Evacuate Collection Set: 17.7ms
[2024-05-30T14:14:39.035+0000][13218.454s][info][gc,phases   ] GC(2798)   Post Evacuate Collection Set: 1.8ms
[2024-05-30T14:14:39.035+0000][13218.454s][info][gc,phases   ] GC(2798)   Other: 0.2ms
[2024-05-30T14:14:39.035+0000][13218.454s][info][gc,heap     ] GC(2798) Eden regions: 866->0(66)
[2024-05-30T14:14:39.035+0000][13218.454s][info][gc,heap     ] GC(2798) Survivor regions: 9->10(110)
[2024-05-30T14:14:39.035+0000][13218.454s][info][gc,heap     ] GC(2798) Old regions: 333->333
[2024-05-30T14:14:39.035+0000][13218.454s][info][gc,heap     ] GC(2798) Archive regions: 2->2
[2024-05-30T14:14:39.035+0000][13218.454s][info][gc,heap     ] GC(2798) Humongous regions: 5->5
[2024-05-30T14:14:39.035+0000][13218.454s][info][gc,metaspace] GC(2798) Metaspace: 433947K(440064K)->433947K(440064K) NonClass: 379946K(383232K)->379946K(383232K) Class: 54001K(56832K)->54001K(56832K)
[2024-05-30T14:14:39.035+0000][13218.454s][info][gc          ] GC(2798) Pause Young (Prepare Mixed) (G1 Evacuation Pause) 9699M->2777M(12288M) 20.332ms
[2024-05-30T14:14:39.035+0000][13218.455s][info][gc,cpu      ] GC(2798) User=0.12s Sys=0.00s Real=0.02s
[2024-05-30T14:14:39.484+0000][13218.904s][info][gc,start    ] GC(2799) Pause Young (Mixed) (G1 Evacuation Pause)
[2024-05-30T14:14:39.484+0000][13218.904s][info][gc,task     ] GC(2799) Using 6 workers of 6 for evacuation
[2024-05-30T14:14:39.536+0000][13218.955s][info][gc,phases   ] GC(2799)   Pre Evacuate Collection Set: 0.2ms
[2024-05-30T14:14:39.536+0000][13218.955s][info][gc,phases   ] GC(2799)   Merge Heap Roots: 0.3ms
[2024-05-30T14:14:39.536+0000][13218.955s][info][gc,phases   ] GC(2799)   Evacuate Collection Set: 49.4ms
[2024-05-30T14:14:39.536+0000][13218.955s][info][gc,phases   ] GC(2799)   Post Evacuate Collection Set: 1.3ms
[2024-05-30T14:14:39.536+0000][13218.955s][info][gc,phases   ] GC(2799)   Other: 0.2ms
[2024-05-30T14:14:39.536+0000][13218.955s][info][gc,heap     ] GC(2799) Eden regions: 66->0(871)
[2024-05-30T14:14:39.536+0000][13218.955s][info][gc,heap     ] GC(2799) Survivor regions: 10->6(10)
[2024-05-30T14:14:39.536+0000][13218.955s][info][gc,heap     ] GC(2799) Old regions: 333->331
[2024-05-30T14:14:39.536+0000][13218.955s][info][gc,heap     ] GC(2799) Archive regions: 2->2
[2024-05-30T14:14:39.536+0000][13218.955s][info][gc,heap     ] GC(2799) Humongous regions: 5->5
[2024-05-30T14:14:39.536+0000][13218.955s][info][gc,metaspace] GC(2799) Metaspace: 433947K(440064K)->433947K(440064K) NonClass: 379946K(383232K)->379946K(383232K) Class: 54001K(56832K)->54001K(56832K)
[2024-05-30T14:14:39.536+0000][13218.955s][info][gc          ] GC(2799) Pause Young (Mixed) (G1 Evacuation Pause) 3305M->2727M(12288M) 51.455ms
[2024-05-30T14:14:39.536+0000][13218.955s][info][gc,cpu      ] GC(2799) User=0.30s Sys=0.00s Real=0.05s
[2024-05-30T14:14:45.583+0000][13225.003s][info][gc,start    ] GC(2800) Pause Young (Normal) (G1 Evacuation Pause)
[2024-05-30T14:14:45.583+0000][13225.003s][info][gc,task     ] GC(2800) Using 6 workers of 6 for evacuation
[2024-05-30T14:14:45.599+0000][13225.018s][info][gc,phases   ] GC(2800)   Pre Evacuate Collection Set: 0.2ms
[2024-05-30T14:14:45.599+0000][13225.018s][info][gc,phases   ] GC(2800)   Merge Heap Roots: 0.2ms
[2024-05-30T14:14:45.599+0000][13225.018s][info][gc,phases   ] GC(2800)   Evacuate Collection Set: 12.9ms
[2024-05-30T14:14:45.599+0000][13225.018s][info][gc,phases   ] GC(2800)   Post Evacuate Collection Set: 1.7ms
[2024-05-30T14:14:45.599+0000][13225.018s][info][gc,phases   ] GC(2800)   Other: 0.2ms
[2024-05-30T14:14:45.599+0000][13225.018s][info][gc,heap     ] GC(2800) Eden regions: 871->0(870)
[2024-05-30T14:14:45.599+0000][13225.018s][info][gc,heap     ] GC(2800) Survivor regions: 6->7(110)
[2024-05-30T14:14:45.599+0000][13225.018s][info][gc,heap     ] GC(2800) Old regions: 331->331
[2024-05-30T14:14:45.599+0000][13225.018s][info][gc,heap     ] GC(2800) Archive regions: 2->2
[2024-05-30T14:14:45.599+0000][13225.018s][info][gc,heap     ] GC(2800) Humongous regions: 5->5
[2024-05-30T14:14:45.599+0000][13225.018s][info][gc,metaspace] GC(2800) Metaspace: 433947K(440064K)->433947K(440064K) NonClass: 379946K(383232K)->379946K(383232K) Class: 54001K(56832K)->54001K(56832K)
[2024-05-30T14:14:45.599+0000][13225.018s][info][gc          ] GC(2800) Pause Young (Normal) (G1 Evacuation Pause) 9695M->2741M(12288M) 15.273ms
[2024-05-30T14:14:45.599+0000][13225.018s][info][gc,cpu      ] GC(2800) User=0.09s Sys=0.00s Real=0.02s
[2024-05-30T14:14:51.478+0000][13230.897s][info][gc,start    ] GC(2801) Pause Young (Normal) (G1 Evacuation Pause)
[2024-05-30T14:14:51.478+0000][13230.897s][info][gc,task     ] GC(2801) Using 6 workers of 6 for evacuation
[2024-05-30T14:14:51.495+0000][13230.914s][info][gc,phases   ] GC(2801)   Pre Evacuate Collection Set: 0.2ms
[2024-05-30T14:14:51.495+0000][13230.914s][info][gc,phases   ] GC(2801)   Merge Heap Roots: 0.2ms
[2024-05-30T14:14:51.495+0000][13230.914s][info][gc,phases   ] GC(2801)   Evacuate Collection Set: 14.6ms
[2024-05-30T14:14:51.495+0000][13230.914s][info][gc,phases   ] GC(2801)   Post Evacuate Collection Set: 1.8ms
[2024-05-30T14:14:51.495+0000][13230.914s][info][gc,phases   ] GC(2801)   Other: 0.2ms
[2024-05-30T14:14:51.495+0000][13230.914s][info][gc,heap     ] GC(2801) Eden regions: 870->0(869)
[2024-05-30T14:14:51.495+0000][13230.914s][info][gc,heap     ] GC(2801) Survivor regions: 7->8(110)
[2024-05-30T14:14:51.495+0000][13230.914s][info][gc,heap     ] GC(2801) Old regions: 331->331
[2024-05-30T14:14:51.495+0000][13230.914s][info][gc,heap     ] GC(2801) Archive regions: 2->2
[2024-05-30T14:14:51.495+0000][13230.914s][info][gc,heap     ] GC(2801) Humongous regions: 5->5
[2024-05-30T14:14:51.495+0000][13230.914s][info][gc,metaspace] GC(2801) Metaspace: 433947K(440064K)->433947K(440064K) NonClass: 379946K(383232K)->379946K(383232K) Class: 54001K(56832K)->54001K(56832K)
[2024-05-30T14:14:51.495+0000][13230.914s][info][gc          ] GC(2801) Pause Young (Normal) (G1 Evacuation Pause) 9701M->2743M(12288M) 17.084ms
[2024-05-30T14:14:51.495+0000][13230.914s][info][gc,cpu      ] GC(2801) User=0.10s Sys=0.00s Real=0.01s
[2024-05-30T14:14:57.417+0000][13236.836s][info][gc,start    ] GC(2802) Pause Young (Concurrent Start) (G1 Evacuation Pause)
[2024-05-30T14:14:57.417+0000][13236.836s][info][gc,task     ] GC(2802) Using 6 workers of 6 for evacuation
[2024-05-30T14:14:57.438+0000][13236.857s][info][gc,phases   ] GC(2802)   Pre Evacuate Collection Set: 0.5ms
[2024-05-30T14:14:57.438+0000][13236.857s][info][gc,phases   ] GC(2802)   Merge Heap Roots: 0.2ms
[2024-05-30T14:14:57.438+0000][13236.857s][info][gc,phases   ] GC(2802)   Evacuate Collection Set: 18.4ms
[2024-05-30T14:14:57.438+0000][13236.857s][info][gc,phases   ] GC(2802)   Post Evacuate Collection Set: 2.0ms
[2024-05-30T14:14:57.438+0000][13236.857s][info][gc,phases   ] GC(2802)   Other: 0.3ms
[2024-05-30T14:14:57.438+0000][13236.857s][info][gc,heap     ] GC(2802) Eden regions: 869->0(865)
[2024-05-30T14:14:57.438+0000][13236.857s][info][gc,heap     ] GC(2802) Survivor regions: 8->11(110)
[2024-05-30T14:14:57.438+0000][13236.857s][info][gc,heap     ] GC(2802) Old regions: 331->331
[2024-05-30T14:14:57.438+0000][13236.857s][info][gc,heap     ] GC(2802) Archive regions: 2->2
[2024-05-30T14:14:57.438+0000][13236.857s][info][gc,heap     ] GC(2802) Humongous regions: 5->5
[2024-05-30T14:14:57.438+0000][13236.857s][info][gc,metaspace] GC(2802) Metaspace: 433947K(440064K)->433947K(440064K) NonClass: 379946K(383232K)->379946K(383232K) Class: 54001K(56832K)->54001K(56832K)
[2024-05-30T14:14:57.438+0000][13236.857s][info][gc          ] GC(2802) Pause Young (Concurrent Start) (G1 Evacuation Pause) 9695M->2770M(12288M) 21.451ms
[2024-05-30T14:14:57.438+0000][13236.857s][info][gc,cpu      ] GC(2802) User=0.12s Sys=0.01s Real=0.02s
[2024-05-30T14:14:57.438+0000][13236.857s][info][gc          ] GC(2803) Concurrent Mark Cycle
[2024-05-30T14:14:57.438+0000][13236.858s][info][gc,marking  ] GC(2803) Concurrent Clear Claimed Marks
[2024-05-30T14:14:57.439+0000][13236.858s][info][gc,marking  ] GC(2803) Concurrent Clear Claimed Marks 0.375ms
[2024-05-30T14:14:57.439+0000][13236.858s][info][gc,marking  ] GC(2803) Concurrent Scan Root Regions
[2024-05-30T14:14:57.456+0000][13236.875s][info][gc,marking  ] GC(2803) Concurrent Scan Root Regions 17.396ms
[2024-05-30T14:14:57.456+0000][13236.875s][info][gc,marking  ] GC(2803) Concurrent Mark
[2024-05-30T14:14:57.456+0000][13236.875s][info][gc,marking  ] GC(2803) Concurrent Mark From Roots
[2024-05-30T14:14:57.456+0000][13236.875s][info][gc,task     ] GC(2803) Using 2 workers of 2 for marking
[2024-05-30T14:14:59.888+0000][13239.307s][info][gc,marking  ] GC(2803) Concurrent Mark From Roots 2431.494ms
[2024-05-30T14:14:59.888+0000][13239.307s][info][gc,marking  ] GC(2803) Concurrent Preclean
[2024-05-30T14:14:59.889+0000][13239.309s][info][gc,marking  ] GC(2803) Concurrent Preclean 1.789ms
[2024-05-30T14:14:59.890+0000][13239.309s][info][gc,start    ] GC(2803) Pause Remark
[2024-05-30T14:14:59.914+0000][13239.333s][info][gc          ] GC(2803) Pause Remark 5442M->5442M(12288M) 24.552ms
[2024-05-30T14:14:59.914+0000][13239.333s][info][gc,cpu      ] GC(2803) User=0.11s Sys=0.00s Real=0.02s
[2024-05-30T14:14:59.914+0000][13239.334s][info][gc,marking  ] GC(2803) Concurrent Mark 2458.205ms
[2024-05-30T14:14:59.914+0000][13239.334s][info][gc,marking  ] GC(2803) Concurrent Rebuild Remembered Sets
[2024-05-30T14:15:01.384+0000][13240.803s][info][gc,marking  ] GC(2803) Concurrent Rebuild Remembered Sets 1469.165ms
[2024-05-30T14:15:01.384+0000][13240.803s][info][gc,start    ] GC(2803) Pause Cleanup
[2024-05-30T14:15:01.384+0000][13240.804s][info][gc          ] GC(2803) Pause Cleanup 7674M->7674M(12288M) 0.674ms
[2024-05-30T14:15:01.384+0000][13240.804s][info][gc,cpu      ] GC(2803) User=0.00s Sys=0.01s Real=0.00s
[2024-05-30T14:15:01.385+0000][13240.804s][info][gc,marking  ] GC(2803) Concurrent Cleanup for Next Mark
[2024-05-30T14:15:01.401+0000][13240.820s][info][gc,marking  ] GC(2803) Concurrent Cleanup for Next Mark 16.642ms
[2024-05-30T14:15:01.401+0000][13240.820s][info][gc          ] GC(2803) Concurrent Mark Cycle 3962.986ms
[2024-05-30T14:15:03.104+0000][13242.523s][info][gc,start    ] GC(2804) Pause Young (Prepare Mixed) (G1 Evacuation Pause)
[2024-05-30T14:15:03.104+0000][13242.523s][info][gc,task     ] GC(2804) Using 6 workers of 6 for evacuation
[2024-05-30T14:15:03.126+0000][13242.545s][info][gc,phases   ] GC(2804)   Pre Evacuate Collection Set: 0.2ms
[2024-05-30T14:15:03.126+0000][13242.545s][info][gc,phases   ] GC(2804)   Merge Heap Roots: 0.4ms
[2024-05-30T14:15:03.126+0000][13242.545s][info][gc,phases   ] GC(2804)   Evacuate Collection Set: 19.6ms
[2024-05-30T14:15:03.126+0000][13242.545s][info][gc,phases   ] GC(2804)   Post Evacuate Collection Set: 1.9ms
[2024-05-30T14:15:03.126+0000][13242.545s][info][gc,phases   ] GC(2804)   Other: 0.2ms
[2024-05-30T14:15:03.126+0000][13242.545s][info][gc,heap     ] GC(2804) Eden regions: 865->0(67)
[2024-05-30T14:15:03.126+0000][13242.545s][info][gc,heap     ] GC(2804) Survivor regions: 11->9(110)
[2024-05-30T14:15:03.126+0000][13242.545s][info][gc,heap     ] GC(2804) Old regions: 331->331
[2024-05-30T14:15:03.126+0000][13242.545s][info][gc,heap     ] GC(2804) Archive regions: 2->2
[2024-05-30T14:15:03.126+0000][13242.545s][info][gc,heap     ] GC(2804) Humongous regions: 5->5
[2024-05-30T14:15:03.126+0000][13242.545s][info][gc,metaspace] GC(2804) Metaspace: 433947K(440064K)->433947K(440064K) NonClass: 379946K(383232K)->379946K(383232K) Class: 54001K(56832K)->54001K(56832K)
[2024-05-30T14:15:03.126+0000][13242.545s][info][gc          ] GC(2804) Pause Young (Prepare Mixed) (G1 Evacuation Pause) 9690M->2754M(12288M) 22.251ms
[2024-05-30T14:15:03.126+0000][13242.545s][info][gc,cpu      ] GC(2804) User=0.13s Sys=0.00s Real=0.02s
[2024-05-30T14:15:03.575+0000][13242.995s][info][gc,start    ] GC(2805) Pause Young (Mixed) (G1 Evacuation Pause)
[2024-05-30T14:15:03.575+0000][13242.995s][info][gc,task     ] GC(2805) Using 6 workers of 6 for evacuation
[2024-05-30T14:15:03.631+0000][13243.050s][info][gc,phases   ] GC(2805)   Pre Evacuate Collection Set: 0.2ms
[2024-05-30T14:15:03.631+0000][13243.050s][info][gc,phases   ] GC(2805)   Merge Heap Roots: 0.3ms
[2024-05-30T14:15:03.631+0000][13243.050s][info][gc,phases   ] GC(2805)   Evacuate Collection Set: 53.3ms
[2024-05-30T14:15:03.631+0000][13243.050s][info][gc,phases   ] GC(2805)   Post Evacuate Collection Set: 1.3ms
[2024-05-30T14:15:03.631+0000][13243.050s][info][gc,phases   ] GC(2805)   Other: 0.2ms
[2024-05-30T14:15:03.631+0000][13243.050s][info][gc,heap     ] GC(2805) Eden regions: 67->0(875)
[2024-05-30T14:15:03.631+0000][13243.050s][info][gc,heap     ] GC(2805) Survivor regions: 9->6(10)
[2024-05-30T14:15:03.631+0000][13243.050s][info][gc,heap     ] GC(2805) Old regions: 331->327
[2024-05-30T14:15:03.631+0000][13243.050s][info][gc,heap     ] GC(2805) Archive regions: 2->2
[2024-05-30T14:15:03.631+0000][13243.050s][info][gc,heap     ] GC(2805) Humongous regions: 5->5
[2024-05-30T14:15:03.631+0000][13243.050s][info][gc,metaspace] GC(2805) Metaspace: 433947K(440064K)->433947K(440064K) NonClass: 379946K(383232K)->379946K(383232K) Class: 54001K(56832K)->54001K(56832K)
[2024-05-30T14:15:03.631+0000][13243.050s][info][gc          ] GC(2805) Pause Young (Mixed) (G1 Evacuation Pause) 3290M->2700M(12288M) 55.313ms
[2024-05-30T14:15:03.631+0000][13243.050s][info][gc,cpu      ] GC(2805) User=0.33s Sys=0.00s Real=0.06s
[2024-05-30T14:15:09.645+0000][13249.064s][info][gc,start    ] GC(2806) Pause Young (Normal) (G1 Evacuation Pause)
[2024-05-30T14:15:09.645+0000][13249.064s][info][gc,task     ] GC(2806) Using 6 workers of 6 for evacuation
[2024-05-30T14:15:09.662+0000][13249.082s][info][gc,phases   ] GC(2806)   Pre Evacuate Collection Set: 0.2ms
[2024-05-30T14:15:09.662+0000][13249.082s][info][gc,phases   ] GC(2806)   Merge Heap Roots: 0.3ms
[2024-05-30T14:15:09.662+0000][13249.082s][info][gc,phases   ] GC(2806)   Evacuate Collection Set: 15.4ms
[2024-05-30T14:15:09.662+0000][13249.082s][info][gc,phases   ] GC(2806)   Post Evacuate Collection Set: 1.8ms
[2024-05-30T14:15:09.662+0000][13249.082s][info][gc,phases   ] GC(2806)   Other: 0.2ms
[2024-05-30T14:15:09.662+0000][13249.082s][info][gc,heap     ] GC(2806) Eden regions: 875->0(872)
[2024-05-30T14:15:09.662+0000][13249.082s][info][gc,heap     ] GC(2806) Survivor regions: 6->9(111)
[2024-05-30T14:15:09.662+0000][13249.082s][info][gc,heap     ] GC(2806) Old regions: 327->327
[2024-05-30T14:15:09.662+0000][13249.082s][info][gc,heap     ] GC(2806) Archive regions: 2->2
[2024-05-30T14:15:09.662+0000][13249.082s][info][gc,heap     ] GC(2806) Humongous regions: 5->5
[2024-05-30T14:15:09.662+0000][13249.082s][info][gc,metaspace] GC(2806) Metaspace: 433947K(440064K)->433947K(440064K) NonClass: 379946K(383232K)->379946K(383232K) Class: 54001K(56832K)->54001K(56832K)
[2024-05-30T14:15:09.663+0000][13249.082s][info][gc          ] GC(2806) Pause Young (Normal) (G1 Evacuation Pause) 9700M->2721M(12288M) 17.870ms
[2024-05-30T14:15:09.663+0000][13249.082s][info][gc,cpu      ] GC(2806) User=0.10s Sys=0.00s Real=0.02s
[2024-05-30T14:15:15.599+0000][13255.019s][info][gc,start    ] GC(2807) Pause Young (Normal) (G1 Evacuation Pause)
[2024-05-30T14:15:15.599+0000][13255.019s][info][gc,task     ] GC(2807) Using 6 workers of 6 for evacuation
[2024-05-30T14:15:15.619+0000][13255.038s][info][gc,phases   ] GC(2807)   Pre Evacuate Collection Set: 0.2ms
[2024-05-30T14:15:15.619+0000][13255.038s][info][gc,phases   ] GC(2807)   Merge Heap Roots: 0.2ms
[2024-05-30T14:15:15.619+0000][13255.038s][info][gc,phases   ] GC(2807)   Evacuate Collection Set: 17.1ms
[2024-05-30T14:15:15.619+0000][13255.038s][info][gc,phases   ] GC(2807)   Post Evacuate Collection Set: 1.8ms
[2024-05-30T14:15:15.619+0000][13255.038s][info][gc,phases   ] GC(2807)   Other: 0.2ms
[2024-05-30T14:15:15.619+0000][13255.038s][info][gc,heap     ] GC(2807) Eden regions: 872->0(871)
[2024-05-30T14:15:15.619+0000][13255.038s][info][gc,heap     ] GC(2807) Survivor regions: 9->10(111)
[2024-05-30T14:15:15.619+0000][13255.038s][info][gc,heap     ] GC(2807) Old regions: 327->327
[2024-05-30T14:15:15.619+0000][13255.038s][info][gc,heap     ] GC(2807) Archive regions: 2->2
[2024-05-30T14:15:15.619+0000][13255.038s][info][gc,heap     ] GC(2807) Humongous regions: 5->5
[2024-05-30T14:15:15.619+0000][13255.038s][info][gc,metaspace] GC(2807) Metaspace: 433947K(440064K)->433947K(440064K) NonClass: 379946K(383232K)->379946K(383232K) Class: 54001K(56832K)->54001K(56832K)
[2024-05-30T14:15:15.619+0000][13255.038s][info][gc          ] GC(2807) Pause Young (Normal) (G1 Evacuation Pause) 9697M->2732M(12288M) 19.496ms
[2024-05-30T14:15:15.619+0000][13255.038s][info][gc,cpu      ] GC(2807) User=0.12s Sys=0.00s Real=0.02s
[2024-05-30T14:15:21.491+0000][13260.910s][info][gc,start    ] GC(2808) Pause Young (Concurrent Start) (G1 Evacuation Pause)
[2024-05-30T14:15:21.491+0000][13260.910s][info][gc,task     ] GC(2808) Using 6 workers of 6 for evacuation
[2024-05-30T14:15:21.514+0000][13260.933s][info][gc,phases   ] GC(2808)   Pre Evacuate Collection Set: 0.6ms
[2024-05-30T14:15:21.514+0000][13260.934s][info][gc,phases   ] GC(2808)   Merge Heap Roots: 0.2ms
[2024-05-30T14:15:21.514+0000][13260.934s][info][gc,phases   ] GC(2808)   Evacuate Collection Set: 20.5ms
[2024-05-30T14:15:21.514+0000][13260.934s][info][gc,phases   ] GC(2808)   Post Evacuate Collection Set: 1.7ms
[2024-05-30T14:15:21.514+0000][13260.934s][info][gc,phases   ] GC(2808)   Other: 0.3ms
[2024-05-30T14:15:21.514+0000][13260.934s][info][gc,heap     ] GC(2808) Eden regions: 871->0(870)
[2024-05-30T14:15:21.514+0000][13260.934s][info][gc,heap     ] GC(2808) Survivor regions: 10->11(111)
[2024-05-30T14:15:21.514+0000][13260.934s][info][gc,heap     ] GC(2808) Old regions: 327->327
[2024-05-30T14:15:21.514+0000][13260.934s][info][gc,heap     ] GC(2808) Archive regions: 2->2
[2024-05-30T14:15:21.514+0000][13260.934s][info][gc,heap     ] GC(2808) Humongous regions: 5->5
[2024-05-30T14:15:21.514+0000][13260.934s][info][gc,metaspace] GC(2808) Metaspace: 433947K(440064K)->433947K(440064K) NonClass: 379946K(383232K)->379946K(383232K) Class: 54001K(56832K)->54001K(56832K)
[2024-05-30T14:15:21.514+0000][13260.934s][info][gc          ] GC(2808) Pause Young (Concurrent Start) (G1 Evacuation Pause) 9700M->2738M(12288M) 23.309ms
[2024-05-30T14:15:21.514+0000][13260.934s][info][gc,cpu      ] GC(2808) User=0.13s Sys=0.00s Real=0.02s
[2024-05-30T14:15:21.514+0000][13260.934s][info][gc          ] GC(2809) Concurrent Mark Cycle
[2024-05-30T14:15:21.514+0000][13260.934s][info][gc,marking  ] GC(2809) Concurrent Clear Claimed Marks
[2024-05-30T14:15:21.515+0000][13260.934s][info][gc,marking  ] GC(2809) Concurrent Clear Claimed Marks 0.376ms
[2024-05-30T14:15:21.515+0000][13260.934s][info][gc,marking  ] GC(2809) Concurrent Scan Root Regions
[2024-05-30T14:15:21.539+0000][13260.958s][info][gc,marking  ] GC(2809) Concurrent Scan Root Regions 24.340ms
[2024-05-30T14:15:21.539+0000][13260.958s][info][gc,marking  ] GC(2809) Concurrent Mark
[2024-05-30T14:15:21.539+0000][13260.958s][info][gc,marking  ] GC(2809) Concurrent Mark From Roots
[2024-05-30T14:15:21.539+0000][13260.958s][info][gc,task     ] GC(2809) Using 2 workers of 2 for marking
[2024-05-30T14:15:23.849+0000][13263.268s][info][gc,marking  ] GC(2809) Concurrent Mark From Roots 2309.983ms
[2024-05-30T14:15:23.849+0000][13263.268s][info][gc,marking  ] GC(2809) Concurrent Preclean
[2024-05-30T14:15:23.851+0000][13263.270s][info][gc,marking  ] GC(2809) Concurrent Preclean 1.591ms
[2024-05-30T14:15:23.851+0000][13263.270s][info][gc,start    ] GC(2809) Pause Remark
[2024-05-30T14:15:23.875+0000][13263.294s][info][gc          ] GC(2809) Pause Remark 5086M->5086M(12288M) 24.115ms
[2024-05-30T14:15:23.875+0000][13263.294s][info][gc,cpu      ] GC(2809) User=0.11s Sys=0.00s Real=0.02s
[2024-05-30T14:15:23.875+0000][13263.295s][info][gc,marking  ] GC(2809) Concurrent Mark 2336.114ms
[2024-05-30T14:15:23.875+0000][13263.295s][info][gc,marking  ] GC(2809) Concurrent Rebuild Remembered Sets
[2024-05-30T14:15:25.373+0000][13264.792s][info][gc,marking  ] GC(2809) Concurrent Rebuild Remembered Sets 1497.226ms
[2024-05-30T14:15:25.373+0000][13264.792s][info][gc,start    ] GC(2809) Pause Cleanup
[2024-05-30T14:15:25.373+0000][13264.793s][info][gc          ] GC(2809) Pause Cleanup 6774M->6774M(12288M) 0.518ms
[2024-05-30T14:15:25.373+0000][13264.793s][info][gc,cpu      ] GC(2809) User=0.00s Sys=0.00s Real=0.00s
[2024-05-30T14:15:25.374+0000][13264.793s][info][gc,marking  ] GC(2809) Concurrent Cleanup for Next Mark
[2024-05-30T14:15:25.390+0000][13264.809s][info][gc,marking  ] GC(2809) Concurrent Cleanup for Next Mark 16.641ms
[2024-05-30T14:15:25.390+0000][13264.809s][info][gc          ] GC(2809) Concurrent Mark Cycle 3875.794ms
[2024-05-30T14:15:27.861+0000][13267.280s][info][gc,start    ] GC(2810) Pause Young (Prepare Mixed) (G1 Evacuation Pause)
[2024-05-30T14:15:27.861+0000][13267.280s][info][gc,task     ] GC(2810) Using 6 workers of 6 for evacuation
[2024-05-30T14:15:27.891+0000][13267.310s][info][gc,phases   ] GC(2810)   Pre Evacuate Collection Set: 0.2ms
[2024-05-30T14:15:27.891+0000][13267.310s][info][gc,phases   ] GC(2810)   Merge Heap Roots: 0.3ms
[2024-05-30T14:15:27.891+0000][13267.310s][info][gc,phases   ] GC(2810)   Evacuate Collection Set: 27.2ms
[2024-05-30T14:15:27.891+0000][13267.310s][info][gc,phases   ] GC(2810)   Post Evacuate Collection Set: 2.3ms
[2024-05-30T14:15:27.891+0000][13267.310s][info][gc,phases   ] GC(2810)   Other: 0.2ms
[2024-05-30T14:15:27.891+0000][13267.310s][info][gc,heap     ] GC(2810) Eden regions: 870->0(63)
[2024-05-30T14:15:27.891+0000][13267.310s][info][gc,heap     ] GC(2810) Survivor regions: 11->13(111)
[2024-05-30T14:15:27.891+0000][13267.310s][info][gc,heap     ] GC(2810) Old regions: 327->327
[2024-05-30T14:15:27.891+0000][13267.310s][info][gc,heap     ] GC(2810) Archive regions: 2->2
[2024-05-30T14:15:27.891+0000][13267.310s][info][gc,heap     ] GC(2810) Humongous regions: 5->5
[2024-05-30T14:15:27.891+0000][13267.310s][info][gc,metaspace] GC(2810) Metaspace: 433947K(440064K)->433947K(440064K) NonClass: 379946K(383232K)->379946K(383232K) Class: 54001K(56832K)->54001K(56832K)
[2024-05-30T14:15:27.891+0000][13267.310s][info][gc          ] GC(2810) Pause Young (Prepare Mixed) (G1 Evacuation Pause) 9698M->2758M(12288M) 30.222ms
[2024-05-30T14:15:27.891+0000][13267.310s][info][gc,cpu      ] GC(2810) User=0.18s Sys=0.00s Real=0.03s
[2024-05-30T14:15:28.326+0000][13267.745s][info][gc,start    ] GC(2811) Pause Young (Mixed) (G1 Evacuation Pause)
[2024-05-30T14:15:28.326+0000][13267.745s][info][gc,task     ] GC(2811) Using 6 workers of 6 for evacuation
[2024-05-30T14:15:28.391+0000][13267.810s][info][gc,phases   ] GC(2811)   Pre Evacuate Collection Set: 0.2ms
[2024-05-30T14:15:28.391+0000][13267.810s][info][gc,phases   ] GC(2811)   Merge Heap Roots: 0.5ms
[2024-05-30T14:15:28.391+0000][13267.810s][info][gc,phases   ] GC(2811)   Evacuate Collection Set: 62.8ms
[2024-05-30T14:15:28.391+0000][13267.810s][info][gc,phases   ] GC(2811)   Post Evacuate Collection Set: 1.4ms
[2024-05-30T14:15:28.391+0000][13267.810s][info][gc,phases   ] GC(2811)   Other: 0.2ms
[2024-05-30T14:15:28.391+0000][13267.810s][info][gc,heap     ] GC(2811) Eden regions: 63->0(874)
[2024-05-30T14:15:28.391+0000][13267.810s][info][gc,heap     ] GC(2811) Survivor regions: 13->5(10)
[2024-05-30T14:15:28.391+0000][13267.810s][info][gc,heap     ] GC(2811) Old regions: 327->328
[2024-05-30T14:15:28.391+0000][13267.810s][info][gc,heap     ] GC(2811) Archive regions: 2->2
[2024-05-30T14:15:28.391+0000][13267.810s][info][gc,heap     ] GC(2811) Humongous regions: 5->5
[2024-05-30T14:15:28.391+0000][13267.810s][info][gc,metaspace] GC(2811) Metaspace: 433947K(440064K)->433947K(440064K) NonClass: 379946K(383232K)->379946K(383232K) Class: 54001K(56832K)->54001K(56832K)
[2024-05-30T14:15:28.391+0000][13267.810s][info][gc          ] GC(2811) Pause Young (Mixed) (G1 Evacuation Pause) 3262M->2701M(12288M) 65.081ms
[2024-05-30T14:15:28.391+0000][13267.810s][info][gc,cpu      ] GC(2811) User=0.39s Sys=0.00s Real=0.07s
[2024-05-30T14:15:34.213+0000][13273.632s][info][gc,start    ] GC(2812) Pause Young (Normal) (G1 Evacuation Pause)
[2024-05-30T14:15:34.213+0000][13273.632s][info][gc,task     ] GC(2812) Using 6 workers of 6 for evacuation
[2024-05-30T14:15:34.226+0000][13273.645s][info][gc,phases   ] GC(2812)   Pre Evacuate Collection Set: 0.2ms
[2024-05-30T14:15:34.226+0000][13273.645s][info][gc,phases   ] GC(2812)   Merge Heap Roots: 0.2ms
[2024-05-30T14:15:34.226+0000][13273.645s][info][gc,phases   ] GC(2812)   Evacuate Collection Set: 10.0ms
[2024-05-30T14:15:34.226+0000][13273.645s][info][gc,phases   ] GC(2812)   Post Evacuate Collection Set: 1.9ms
[2024-05-30T14:15:34.226+0000][13273.645s][info][gc,phases   ] GC(2812)   Other: 0.2ms
[2024-05-30T14:15:34.226+0000][13273.645s][info][gc,heap     ] GC(2812) Eden regions: 874->0(874)
[2024-05-30T14:15:34.226+0000][13273.645s][info][gc,heap     ] GC(2812) Survivor regions: 5->6(110)
[2024-05-30T14:15:34.226+0000][13273.645s][info][gc,heap     ] GC(2812) Old regions: 328->328
[2024-05-30T14:15:34.226+0000][13273.645s][info][gc,heap     ] GC(2812) Archive regions: 2->2
[2024-05-30T14:15:34.226+0000][13273.645s][info][gc,heap     ] GC(2812) Humongous regions: 5->5
[2024-05-30T14:15:34.226+0000][13273.645s][info][gc,metaspace] GC(2812) Metaspace: 433949K(440064K)->433949K(440064K) NonClass: 379947K(383232K)->379947K(383232K) Class: 54001K(56832K)->54001K(56832K)
[2024-05-30T14:15:34.226+0000][13273.645s][info][gc          ] GC(2812) Pause Young (Normal) (G1 Evacuation Pause) 9693M->2705M(12288M) 12.570ms
[2024-05-30T14:15:34.226+0000][13273.645s][info][gc,cpu      ] GC(2812) User=0.07s Sys=0.00s Real=0.01s
[2024-05-30T14:15:40.142+0000][13279.561s][info][gc,start    ] GC(2813) Pause Young (Normal) (G1 Evacuation Pause)
[2024-05-30T14:15:40.142+0000][13279.561s][info][gc,task     ] GC(2813) Using 6 workers of 6 for evacuation
[2024-05-30T14:15:40.157+0000][13279.577s][info][gc,phases   ] GC(2813)   Pre Evacuate Collection Set: 0.2ms
[2024-05-30T14:15:40.158+0000][13279.577s][info][gc,phases   ] GC(2813)   Merge Heap Roots: 0.2ms
[2024-05-30T14:15:40.158+0000][13279.577s][info][gc,phases   ] GC(2813)   Evacuate Collection Set: 13.2ms
[2024-05-30T14:15:40.158+0000][13279.577s][info][gc,phases   ] GC(2813)   Post Evacuate Collection Set: 1.8ms
[2024-05-30T14:15:40.158+0000][13279.577s][info][gc,phases   ] GC(2813)   Other: 0.2ms
[2024-05-30T14:15:40.158+0000][13279.577s][info][gc,heap     ] GC(2813) Eden regions: 874->0(872)
[2024-05-30T14:15:40.158+0000][13279.577s][info][gc,heap     ] GC(2813) Survivor regions: 6->8(110)
[2024-05-30T14:15:40.158+0000][13279.577s][info][gc,heap     ] GC(2813) Old regions: 328->328
[2024-05-30T14:15:40.158+0000][13279.577s][info][gc,heap     ] GC(2813) Archive regions: 2->2
[2024-05-30T14:15:40.158+0000][13279.577s][info][gc,heap     ] GC(2813) Humongous regions: 5->5
[2024-05-30T14:15:40.158+0000][13279.577s][info][gc,metaspace] GC(2813) Metaspace: 433954K(440064K)->433954K(440064K) NonClass: 379953K(383232K)->379953K(383232K) Class: 54001K(56832K)->54001K(56832K)
[2024-05-30T14:15:40.158+0000][13279.577s][info][gc          ] GC(2813) Pause Young (Normal) (G1 Evacuation Pause) 9697M->2726M(12288M) 15.658ms
[2024-05-30T14:15:40.158+0000][13279.577s][info][gc,cpu      ] GC(2813) User=0.09s Sys=0.00s Real=0.02s
[2024-05-30T14:15:46.014+0000][13285.433s][info][gc,start    ] GC(2814) Pause Young (Concurrent Start) (G1 Evacuation Pause)
[2024-05-30T14:15:46.014+0000][13285.433s][info][gc,task     ] GC(2814) Using 6 workers of 6 for evacuation
[2024-05-30T14:15:46.033+0000][13285.453s][info][gc,phases   ] GC(2814)   Pre Evacuate Collection Set: 0.6ms
[2024-05-30T14:15:46.033+0000][13285.453s][info][gc,phases   ] GC(2814)   Merge Heap Roots: 0.2ms
[2024-05-30T14:15:46.033+0000][13285.453s][info][gc,phases   ] GC(2814)   Evacuate Collection Set: 16.7ms
[2024-05-30T14:15:46.033+0000][13285.453s][info][gc,phases   ] GC(2814)   Post Evacuate Collection Set: 1.8ms
[2024-05-30T14:15:46.033+0000][13285.453s][info][gc,phases   ] GC(2814)   Other: 0.3ms
[2024-05-30T14:15:46.033+0000][13285.453s][info][gc,heap     ] GC(2814) Eden regions: 872->0(870)
[2024-05-30T14:15:46.033+0000][13285.453s][info][gc,heap     ] GC(2814) Survivor regions: 8->9(110)
[2024-05-30T14:15:46.033+0000][13285.453s][info][gc,heap     ] GC(2814) Old regions: 328->328
[2024-05-30T14:15:46.033+0000][13285.453s][info][gc,heap     ] GC(2814) Archive regions: 2->2
[2024-05-30T14:15:46.034+0000][13285.453s][info][gc,heap     ] GC(2814) Humongous regions: 5->5
[2024-05-30T14:15:46.034+0000][13285.453s][info][gc,metaspace] GC(2814) Metaspace: 433954K(440064K)->433954K(440064K) NonClass: 379953K(383232K)->379953K(383232K) Class: 54001K(56832K)->54001K(56832K)
[2024-05-30T14:15:46.034+0000][13285.453s][info][gc          ] GC(2814) Pause Young (Concurrent Start) (G1 Evacuation Pause) 9702M->2733M(12288M) 19.677ms
[2024-05-30T14:15:46.034+0000][13285.453s][info][gc,cpu      ] GC(2814) User=0.11s Sys=0.00s Real=0.02s
[2024-05-30T14:15:46.034+0000][13285.453s][info][gc          ] GC(2815) Concurrent Mark Cycle
[2024-05-30T14:15:46.034+0000][13285.453s][info][gc,marking  ] GC(2815) Concurrent Clear Claimed Marks
[2024-05-30T14:15:46.034+0000][13285.453s][info][gc,marking  ] GC(2815) Concurrent Clear Claimed Marks 0.392ms
[2024-05-30T14:15:46.034+0000][13285.453s][info][gc,marking  ] GC(2815) Concurrent Scan Root Regions
[2024-05-30T14:15:46.050+0000][13285.469s][info][gc,marking  ] GC(2815) Concurrent Scan Root Regions 15.854ms
[2024-05-30T14:15:46.050+0000][13285.469s][info][gc,marking  ] GC(2815) Concurrent Mark
[2024-05-30T14:15:46.050+0000][13285.469s][info][gc,marking  ] GC(2815) Concurrent Mark From Roots
[2024-05-30T14:15:46.050+0000][13285.469s][info][gc,task     ] GC(2815) Using 2 workers of 2 for marking
[2024-05-30T14:15:48.443+0000][13287.862s][info][gc,marking  ] GC(2815) Concurrent Mark From Roots 2392.773ms
[2024-05-30T14:15:48.443+0000][13287.862s][info][gc,marking  ] GC(2815) Concurrent Preclean
[2024-05-30T14:15:48.444+0000][13287.863s][info][gc,marking  ] GC(2815) Concurrent Preclean 1.330ms
[2024-05-30T14:15:48.444+0000][13287.863s][info][gc,start    ] GC(2815) Pause Remark
[2024-05-30T14:15:48.469+0000][13287.888s][info][gc          ] GC(2815) Pause Remark 5173M->5173M(12288M) 24.318ms
[2024-05-30T14:15:48.469+0000][13287.888s][info][gc,cpu      ] GC(2815) User=0.11s Sys=0.00s Real=0.03s
[2024-05-30T14:15:48.469+0000][13287.888s][info][gc,marking  ] GC(2815) Concurrent Mark 2418.726ms
[2024-05-30T14:15:48.469+0000][13287.888s][info][gc,marking  ] GC(2815) Concurrent Rebuild Remembered Sets
[2024-05-30T14:15:49.940+0000][13289.360s][info][gc,marking  ] GC(2815) Concurrent Rebuild Remembered Sets 1471.694ms
[2024-05-30T14:15:49.941+0000][13289.360s][info][gc,start    ] GC(2815) Pause Cleanup
[2024-05-30T14:15:49.941+0000][13289.360s][info][gc          ] GC(2815) Pause Cleanup 6689M->6689M(12288M) 0.505ms
[2024-05-30T14:15:49.941+0000][13289.360s][info][gc,cpu      ] GC(2815) User=0.01s Sys=0.00s Real=0.00s
[2024-05-30T14:15:49.941+0000][13289.360s][info][gc,marking  ] GC(2815) Concurrent Cleanup for Next Mark
[2024-05-30T14:15:49.970+0000][13289.389s][info][gc,marking  ] GC(2815) Concurrent Cleanup for Next Mark 28.602ms
[2024-05-30T14:15:49.970+0000][13289.389s][info][gc          ] GC(2815) Concurrent Mark Cycle 3936.178ms
[2024-05-30T14:15:52.159+0000][13291.578s][info][gc,start    ] GC(2816) Pause Young (Prepare Mixed) (G1 Evacuation Pause)
[2024-05-30T14:15:52.159+0000][13291.578s][info][gc,task     ] GC(2816) Using 6 workers of 6 for evacuation
[2024-05-30T14:15:52.181+0000][13291.600s][info][gc,phases   ] GC(2816)   Pre Evacuate Collection Set: 0.2ms
[2024-05-30T14:15:52.181+0000][13291.600s][info][gc,phases   ] GC(2816)   Merge Heap Roots: 0.3ms
[2024-05-30T14:15:52.181+0000][13291.600s][info][gc,phases   ] GC(2816)   Evacuate Collection Set: 19.2ms
[2024-05-30T14:15:52.181+0000][13291.600s][info][gc,phases   ] GC(2816)   Post Evacuate Collection Set: 1.9ms
[2024-05-30T14:15:52.181+0000][13291.600s][info][gc,phases   ] GC(2816)   Other: 0.2ms
[2024-05-30T14:15:52.181+0000][13291.600s][info][gc,heap     ] GC(2816) Eden regions: 870->0(66)
[2024-05-30T14:15:52.181+0000][13291.600s][info][gc,heap     ] GC(2816) Survivor regions: 9->10(110)
[2024-05-30T14:15:52.181+0000][13291.600s][info][gc,heap     ] GC(2816) Old regions: 328->328
[2024-05-30T14:15:52.181+0000][13291.600s][info][gc,heap     ] GC(2816) Archive regions: 2->2
[2024-05-30T14:15:52.181+0000][13291.600s][info][gc,heap     ] GC(2816) Humongous regions: 5->5
[2024-05-30T14:15:52.181+0000][13291.600s][info][gc,metaspace] GC(2816) Metaspace: 433954K(440064K)->433954K(440064K) NonClass: 379953K(383232K)->379953K(383232K) Class: 54001K(56832K)->54001K(56832K)
[2024-05-30T14:15:52.181+0000][13291.600s][info][gc          ] GC(2816) Pause Young (Prepare Mixed) (G1 Evacuation Pause) 9693M->2740M(12288M) 21.881ms
[2024-05-30T14:15:52.181+0000][13291.600s][info][gc,cpu      ] GC(2816) User=0.13s Sys=0.00s Real=0.02s
[2024-05-30T14:15:52.660+0000][13292.079s][info][gc,start    ] GC(2817) Pause Young (Mixed) (G1 Evacuation Pause)
[2024-05-30T14:15:52.660+0000][13292.079s][info][gc,task     ] GC(2817) Using 6 workers of 6 for evacuation
[2024-05-30T14:15:52.722+0000][13292.142s][info][gc,phases   ] GC(2817)   Pre Evacuate Collection Set: 0.2ms
[2024-05-30T14:15:52.722+0000][13292.142s][info][gc,phases   ] GC(2817)   Merge Heap Roots: 0.5ms
[2024-05-30T14:15:52.722+0000][13292.142s][info][gc,phases   ] GC(2817)   Evacuate Collection Set: 60.5ms
[2024-05-30T14:15:52.723+0000][13292.142s][info][gc,phases   ] GC(2817)   Post Evacuate Collection Set: 1.5ms
[2024-05-30T14:15:52.723+0000][13292.142s][info][gc,phases   ] GC(2817)   Other: 0.2ms
[2024-05-30T14:15:52.723+0000][13292.142s][info][gc,heap     ] GC(2817) Eden regions: 66->0(873)
[2024-05-30T14:15:52.723+0000][13292.142s][info][gc,heap     ] GC(2817) Survivor regions: 10->7(10)
[2024-05-30T14:15:52.723+0000][13292.142s][info][gc,heap     ] GC(2817) Old regions: 328->327
[2024-05-30T14:15:52.723+0000][13292.142s][info][gc,heap     ] GC(2817) Archive regions: 2->2
[2024-05-30T14:15:52.723+0000][13292.142s][info][gc,heap     ] GC(2817) Humongous regions: 5->5
[2024-05-30T14:15:52.723+0000][13292.142s][info][gc,metaspace] GC(2817) Metaspace: 433954K(440064K)->433954K(440064K) NonClass: 379953K(383232K)->379953K(383232K) Class: 54001K(56832K)->54001K(56832K)
[2024-05-30T14:15:52.723+0000][13292.142s][info][gc          ] GC(2817) Pause Young (Mixed) (G1 Evacuation Pause) 3268M->2703M(12288M) 62.929ms
[2024-05-30T14:15:52.723+0000][13292.142s][info][gc,cpu      ] GC(2817) User=0.36s Sys=0.01s Real=0.06s
[2024-05-30T14:15:57.920+0000][13297.340s][info][gc,start    ] GC(2818) Pause Young (Normal) (G1 Evacuation Pause)
[2024-05-30T14:15:57.920+0000][13297.340s][info][gc,task     ] GC(2818) Using 6 workers of 6 for evacuation
[2024-05-30T14:15:57.937+0000][13297.356s][info][gc,phases   ] GC(2818)   Pre Evacuate Collection Set: 0.2ms
[2024-05-30T14:15:57.937+0000][13297.356s][info][gc,phases   ] GC(2818)   Merge Heap Roots: 0.2ms
[2024-05-30T14:15:57.937+0000][13297.356s][info][gc,phases   ] GC(2818)   Evacuate Collection Set: 13.9ms
[2024-05-30T14:15:57.937+0000][13297.356s][info][gc,phases   ] GC(2818)   Post Evacuate Collection Set: 1.9ms
[2024-05-30T14:15:57.937+0000][13297.356s][info][gc,phases   ] GC(2818)   Other: 0.2ms
[2024-05-30T14:15:57.937+0000][13297.356s][info][gc,heap     ] GC(2818) Eden regions: 873->0(871)
[2024-05-30T14:15:57.937+0000][13297.356s][info][gc,heap     ] GC(2818) Survivor regions: 7->9(110)
[2024-05-30T14:15:57.937+0000][13297.356s][info][gc,heap     ] GC(2818) Old regions: 327->327
[2024-05-30T14:15:57.937+0000][13297.356s][info][gc,heap     ] GC(2818) Archive regions: 2->2
[2024-05-30T14:15:57.937+0000][13297.356s][info][gc,heap     ] GC(2818) Humongous regions: 5->5
[2024-05-30T14:15:57.937+0000][13297.356s][info][gc,metaspace] GC(2818) Metaspace: 433954K(440064K)->433954K(440064K) NonClass: 379953K(383232K)->379953K(383232K) Class: 54001K(56832K)->54001K(56832K)
[2024-05-30T14:15:57.937+0000][13297.356s][info][gc          ] GC(2818) Pause Young (Normal) (G1 Evacuation Pause) 9687M->2721M(12288M) 16.491ms
[2024-05-30T14:15:57.937+0000][13297.356s][info][gc,cpu      ] GC(2818) User=0.10s Sys=0.00s Real=0.02s
[2024-05-30T14:16:03.796+0000][13303.216s][info][gc,start    ] GC(2819) Pause Young (Normal) (G1 Evacuation Pause)
[2024-05-30T14:16:03.796+0000][13303.216s][info][gc,task     ] GC(2819) Using 6 workers of 6 for evacuation
[2024-05-30T14:16:03.815+0000][13303.234s][info][gc,phases   ] GC(2819)   Pre Evacuate Collection Set: 0.2ms
[2024-05-30T14:16:03.815+0000][13303.234s][info][gc,phases   ] GC(2819)   Merge Heap Roots: 0.2ms
[2024-05-30T14:16:03.815+0000][13303.234s][info][gc,phases   ] GC(2819)   Evacuate Collection Set: 16.1ms
[2024-05-30T14:16:03.815+0000][13303.234s][info][gc,phases   ] GC(2819)   Post Evacuate Collection Set: 1.8ms
[2024-05-30T14:16:03.815+0000][13303.234s][info][gc,phases   ] GC(2819)   Other: 0.2ms
[2024-05-30T14:16:03.815+0000][13303.234s][info][gc,heap     ] GC(2819) Eden regions: 871->0(871)
[2024-05-30T14:16:03.815+0000][13303.234s][info][gc,heap     ] GC(2819) Survivor regions: 9->9(110)
[2024-05-30T14:16:03.815+0000][13303.234s][info][gc,heap     ] GC(2819) Old regions: 327->327
[2024-05-30T14:16:03.815+0000][13303.234s][info][gc,heap     ] GC(2819) Archive regions: 2->2
[2024-05-30T14:16:03.815+0000][13303.234s][info][gc,heap     ] GC(2819) Humongous regions: 5->5
[2024-05-30T14:16:03.815+0000][13303.234s][info][gc,metaspace] GC(2819) Metaspace: 433954K(440064K)->433954K(440064K) NonClass: 379953K(383232K)->379953K(383232K) Class: 54001K(56832K)->54001K(56832K)
[2024-05-30T14:16:03.815+0000][13303.234s][info][gc          ] GC(2819) Pause Young (Normal) (G1 Evacuation Pause) 9689M->2724M(12288M) 18.593ms
[2024-05-30T14:16:03.815+0000][13303.234s][info][gc,cpu      ] GC(2819) User=0.10s Sys=0.00s Real=0.01s
[2024-05-30T14:16:09.187+0000][13308.606s][info][gc,start    ] GC(2820) Pause Young (Concurrent Start) (G1 Evacuation Pause)
[2024-05-30T14:16:09.187+0000][13308.606s][info][gc,task     ] GC(2820) Using 6 workers of 6 for evacuation
[2024-05-30T14:16:09.207+0000][13308.627s][info][gc,phases   ] GC(2820)   Pre Evacuate Collection Set: 0.6ms
[2024-05-30T14:16:09.207+0000][13308.627s][info][gc,phases   ] GC(2820)   Merge Heap Roots: 0.2ms
[2024-05-30T14:16:09.207+0000][13308.627s][info][gc,phases   ] GC(2820)   Evacuate Collection Set: 17.9ms
[2024-05-30T14:16:09.207+0000][13308.627s][info][gc,phases   ] GC(2820)   Post Evacuate Collection Set: 1.8ms
[2024-05-30T14:16:09.207+0000][13308.627s][info][gc,phases   ] GC(2820)   Other: 0.3ms
[2024-05-30T14:16:09.207+0000][13308.627s][info][gc,heap     ] GC(2820) Eden regions: 871->0(872)
[2024-05-30T14:16:09.207+0000][13308.627s][info][gc,heap     ] GC(2820) Survivor regions: 9->9(110)
[2024-05-30T14:16:09.207+0000][13308.627s][info][gc,heap     ] GC(2820) Old regions: 327->327
[2024-05-30T14:16:09.207+0000][13308.627s][info][gc,heap     ] GC(2820) Archive regions: 2->2
[2024-05-30T14:16:09.207+0000][13308.627s][info][gc,heap     ] GC(2820) Humongous regions: 5->5
[2024-05-30T14:16:09.207+0000][13308.627s][info][gc,metaspace] GC(2820) Metaspace: 433954K(440064K)->433954K(440064K) NonClass: 379953K(383232K)->379953K(383232K) Class: 54001K(56832K)->54001K(56832K)
[2024-05-30T14:16:09.208+0000][13308.627s][info][gc          ] GC(2820) Pause Young (Concurrent Start) (G1 Evacuation Pause) 9692M->2723M(12288M) 20.825ms
[2024-05-30T14:16:09.208+0000][13308.627s][info][gc,cpu      ] GC(2820) User=0.12s Sys=0.00s Real=0.02s
[2024-05-30T14:16:09.208+0000][13308.627s][info][gc          ] GC(2821) Concurrent Mark Cycle
[2024-05-30T14:16:09.208+0000][13308.627s][info][gc,marking  ] GC(2821) Concurrent Clear Claimed Marks
[2024-05-30T14:16:09.208+0000][13308.627s][info][gc,marking  ] GC(2821) Concurrent Clear Claimed Marks 0.381ms
[2024-05-30T14:16:09.208+0000][13308.627s][info][gc,marking  ] GC(2821) Concurrent Scan Root Regions
[2024-05-30T14:16:09.226+0000][13308.646s][info][gc,marking  ] GC(2821) Concurrent Scan Root Regions 18.471ms
[2024-05-30T14:16:09.227+0000][13308.646s][info][gc,marking  ] GC(2821) Concurrent Mark
[2024-05-30T14:16:09.227+0000][13308.646s][info][gc,marking  ] GC(2821) Concurrent Mark From Roots
[2024-05-30T14:16:09.227+0000][13308.646s][info][gc,task     ] GC(2821) Using 2 workers of 2 for marking
[2024-05-30T14:16:11.595+0000][13311.014s][info][gc,marking  ] GC(2821) Concurrent Mark From Roots 2368.194ms
[2024-05-30T14:16:11.595+0000][13311.014s][info][gc,marking  ] GC(2821) Concurrent Preclean
[2024-05-30T14:16:11.596+0000][13311.016s][info][gc,marking  ] GC(2821) Concurrent Preclean 1.627ms
[2024-05-30T14:16:11.597+0000][13311.016s][info][gc,start    ] GC(2821) Pause Remark
[2024-05-30T14:16:11.621+0000][13311.040s][info][gc          ] GC(2821) Pause Remark 5131M->5131M(12288M) 24.246ms
[2024-05-30T14:16:11.621+0000][13311.040s][info][gc,cpu      ] GC(2821) User=0.11s Sys=0.00s Real=0.02s
[2024-05-30T14:16:11.621+0000][13311.040s][info][gc,marking  ] GC(2821) Concurrent Mark 2394.499ms
[2024-05-30T14:16:11.621+0000][13311.040s][info][gc,marking  ] GC(2821) Concurrent Rebuild Remembered Sets
[2024-05-30T14:16:13.105+0000][13312.524s][info][gc,marking  ] GC(2821) Concurrent Rebuild Remembered Sets 1484.171ms
[2024-05-30T14:16:13.105+0000][13312.525s][info][gc,start    ] GC(2821) Pause Cleanup
[2024-05-30T14:16:13.106+0000][13312.525s][info][gc          ] GC(2821) Pause Cleanup 6827M->6827M(12288M) 0.487ms
[2024-05-30T14:16:13.106+0000][13312.525s][info][gc,cpu      ] GC(2821) User=0.00s Sys=0.01s Real=0.00s
[2024-05-30T14:16:13.106+0000][13312.525s][info][gc,marking  ] GC(2821) Concurrent Cleanup for Next Mark
[2024-05-30T14:16:13.123+0000][13312.542s][info][gc,marking  ] GC(2821) Concurrent Cleanup for Next Mark 16.610ms
[2024-05-30T14:16:13.123+0000][13312.542s][info][gc          ] GC(2821) Concurrent Mark Cycle 3915.082ms
[2024-05-30T14:16:15.517+0000][13314.936s][info][gc,start    ] GC(2822) Pause Young (Prepare Mixed) (G1 Evacuation Pause)
[2024-05-30T14:16:15.517+0000][13314.937s][info][gc,task     ] GC(2822) Using 6 workers of 6 for evacuation
[2024-05-30T14:16:15.540+0000][13314.960s][info][gc,phases   ] GC(2822)   Pre Evacuate Collection Set: 0.2ms
[2024-05-30T14:16:15.540+0000][13314.960s][info][gc,phases   ] GC(2822)   Merge Heap Roots: 0.3ms
[2024-05-30T14:16:15.540+0000][13314.960s][info][gc,phases   ] GC(2822)   Evacuate Collection Set: 20.6ms
[2024-05-30T14:16:15.540+0000][13314.960s][info][gc,phases   ] GC(2822)   Post Evacuate Collection Set: 1.8ms
[2024-05-30T14:16:15.540+0000][13314.960s][info][gc,phases   ] GC(2822)   Other: 0.2ms
[2024-05-30T14:16:15.540+0000][13314.960s][info][gc,heap     ] GC(2822) Eden regions: 872->0(67)
[2024-05-30T14:16:15.540+0000][13314.960s][info][gc,heap     ] GC(2822) Survivor regions: 9->9(111)
[2024-05-30T14:16:15.540+0000][13314.960s][info][gc,heap     ] GC(2822) Old regions: 326->326
[2024-05-30T14:16:15.540+0000][13314.960s][info][gc,heap     ] GC(2822) Archive regions: 2->2
[2024-05-30T14:16:15.540+0000][13314.960s][info][gc,heap     ] GC(2822) Humongous regions: 5->5
[2024-05-30T14:16:15.540+0000][13314.960s][info][gc,metaspace] GC(2822) Metaspace: 433954K(440064K)->433954K(440064K) NonClass: 379953K(383232K)->379953K(383232K) Class: 54001K(56832K)->54001K(56832K)
[2024-05-30T14:16:15.540+0000][13314.960s][info][gc          ] GC(2822) Pause Young (Prepare Mixed) (G1 Evacuation Pause) 9699M->2724M(12288M) 23.145ms
[2024-05-30T14:16:15.540+0000][13314.960s][info][gc,cpu      ] GC(2822) User=0.13s Sys=0.00s Real=0.02s
[2024-05-30T14:16:16.035+0000][13315.454s][info][gc,start    ] GC(2823) Pause Young (Mixed) (G1 Evacuation Pause)
[2024-05-30T14:16:16.035+0000][13315.454s][info][gc,task     ] GC(2823) Using 6 workers of 6 for evacuation
[2024-05-30T14:16:16.090+0000][13315.510s][info][gc,phases   ] GC(2823)   Pre Evacuate Collection Set: 0.2ms
[2024-05-30T14:16:16.090+0000][13315.510s][info][gc,phases   ] GC(2823)   Merge Heap Roots: 0.3ms
[2024-05-30T14:16:16.090+0000][13315.510s][info][gc,phases   ] GC(2823)   Evacuate Collection Set: 53.5ms
[2024-05-30T14:16:16.090+0000][13315.510s][info][gc,phases   ] GC(2823)   Post Evacuate Collection Set: 1.3ms
[2024-05-30T14:16:16.090+0000][13315.510s][info][gc,phases   ] GC(2823)   Other: 0.2ms
[2024-05-30T14:16:16.090+0000][13315.510s][info][gc,heap     ] GC(2823) Eden regions: 67->0(878)
[2024-05-30T14:16:16.090+0000][13315.510s][info][gc,heap     ] GC(2823) Survivor regions: 9->6(10)
[2024-05-30T14:16:16.090+0000][13315.510s][info][gc,heap     ] GC(2823) Old regions: 326->324
[2024-05-30T14:16:16.090+0000][13315.510s][info][gc,heap     ] GC(2823) Archive regions: 2->2
[2024-05-30T14:16:16.090+0000][13315.510s][info][gc,heap     ] GC(2823) Humongous regions: 5->5
[2024-05-30T14:16:16.090+0000][13315.510s][info][gc,metaspace] GC(2823) Metaspace: 433954K(440064K)->433954K(440064K) NonClass: 379953K(383232K)->379953K(383232K) Class: 54001K(56832K)->54001K(56832K)
[2024-05-30T14:16:16.090+0000][13315.510s][info][gc          ] GC(2823) Pause Young (Mixed) (G1 Evacuation Pause) 3260M->2678M(12288M) 55.598ms
[2024-05-30T14:16:16.091+0000][13315.510s][info][gc,cpu      ] GC(2823) User=0.33s Sys=0.00s Real=0.06s
[2024-05-30T14:16:22.015+0000][13321.434s][info][gc,start    ] GC(2824) Pause Young (Normal) (G1 Evacuation Pause)
[2024-05-30T14:16:22.015+0000][13321.434s][info][gc,task     ] GC(2824) Using 6 workers of 6 for evacuation
[2024-05-30T14:16:22.032+0000][13321.451s][info][gc,phases   ] GC(2824)   Pre Evacuate Collection Set: 0.2ms
[2024-05-30T14:16:22.032+0000][13321.451s][info][gc,phases   ] GC(2824)   Merge Heap Roots: 0.2ms
[2024-05-30T14:16:22.032+0000][13321.451s][info][gc,phases   ] GC(2824)   Evacuate Collection Set: 14.7ms
[2024-05-30T14:16:22.032+0000][13321.451s][info][gc,phases   ] GC(2824)   Post Evacuate Collection Set: 1.8ms
[2024-05-30T14:16:22.032+0000][13321.451s][info][gc,phases   ] GC(2824)   Other: 0.2ms
[2024-05-30T14:16:22.032+0000][13321.451s][info][gc,heap     ] GC(2824) Eden regions: 878->0(876)
[2024-05-30T14:16:22.032+0000][13321.451s][info][gc,heap     ] GC(2824) Survivor regions: 6->8(111)
[2024-05-30T14:16:22.032+0000][13321.451s][info][gc,heap     ] GC(2824) Old regions: 324->324
[2024-05-30T14:16:22.032+0000][13321.451s][info][gc,heap     ] GC(2824) Archive regions: 2->2
[2024-05-30T14:16:22.032+0000][13321.451s][info][gc,heap     ] GC(2824) Humongous regions: 5->5
[2024-05-30T14:16:22.032+0000][13321.451s][info][gc,metaspace] GC(2824) Metaspace: 433967K(440128K)->433967K(440128K) NonClass: 379965K(383296K)->379965K(383296K) Class: 54001K(56832K)->54001K(56832K)
[2024-05-30T14:16:22.032+0000][13321.451s][info][gc          ] GC(2824) Pause Young (Normal) (G1 Evacuation Pause) 9702M->2698M(12288M) 17.234ms
[2024-05-30T14:16:22.032+0000][13321.451s][info][gc,cpu      ] GC(2824) User=0.11s Sys=0.00s Real=0.02s
[2024-05-30T14:16:27.921+0000][13327.340s][info][gc,start    ] GC(2825) Pause Young (Normal) (G1 Evacuation Pause)
[2024-05-30T14:16:27.921+0000][13327.340s][info][gc,task     ] GC(2825) Using 6 workers of 6 for evacuation
[2024-05-30T14:16:27.939+0000][13327.359s][info][gc,phases   ] GC(2825)   Pre Evacuate Collection Set: 0.2ms
[2024-05-30T14:16:27.939+0000][13327.359s][info][gc,phases   ] GC(2825)   Merge Heap Roots: 0.3ms
[2024-05-30T14:16:27.939+0000][13327.359s][info][gc,phases   ] GC(2825)   Evacuate Collection Set: 16.0ms
[2024-05-30T14:16:27.939+0000][13327.359s][info][gc,phases   ] GC(2825)   Post Evacuate Collection Set: 2.0ms
[2024-05-30T14:16:27.939+0000][13327.359s][info][gc,phases   ] GC(2825)   Other: 0.2ms
[2024-05-30T14:16:27.939+0000][13327.359s][info][gc,heap     ] GC(2825) Eden regions: 876->0(874)
[2024-05-30T14:16:27.939+0000][13327.359s][info][gc,heap     ] GC(2825) Survivor regions: 8->9(111)
[2024-05-30T14:16:27.939+0000][13327.359s][info][gc,heap     ] GC(2825) Old regions: 324->324
[2024-05-30T14:16:27.939+0000][13327.359s][info][gc,heap     ] GC(2825) Archive regions: 2->2
[2024-05-30T14:16:27.939+0000][13327.359s][info][gc,heap     ] GC(2825) Humongous regions: 5->5
[2024-05-30T14:16:27.939+0000][13327.359s][info][gc,metaspace] GC(2825) Metaspace: 433967K(440128K)->433967K(440128K) NonClass: 379965K(383296K)->379965K(383296K) Class: 54001K(56832K)->54001K(56832K)
[2024-05-30T14:16:27.939+0000][13327.359s][info][gc          ] GC(2825) Pause Young (Normal) (G1 Evacuation Pause) 9706M->2707M(12288M) 18.669ms
[2024-05-30T14:16:27.939+0000][13327.359s][info][gc,cpu      ] GC(2825) User=0.10s Sys=0.00s Real=0.02s
[2024-05-30T14:16:33.834+0000][13333.253s][info][gc,start    ] GC(2826) Pause Young (Concurrent Start) (G1 Evacuation Pause)
[2024-05-30T14:16:33.834+0000][13333.253s][info][gc,task     ] GC(2826) Using 6 workers of 6 for evacuation
[2024-05-30T14:16:33.855+0000][13333.274s][info][gc,phases   ] GC(2826)   Pre Evacuate Collection Set: 0.6ms
[2024-05-30T14:16:33.855+0000][13333.274s][info][gc,phases   ] GC(2826)   Merge Heap Roots: 0.2ms
[2024-05-30T14:16:33.855+0000][13333.274s][info][gc,phases   ] GC(2826)   Evacuate Collection Set: 18.1ms
[2024-05-30T14:16:33.855+0000][13333.274s][info][gc,phases   ] GC(2826)   Post Evacuate Collection Set: 1.8ms
[2024-05-30T14:16:33.855+0000][13333.274s][info][gc,phases   ] GC(2826)   Other: 0.3ms
[2024-05-30T14:16:33.855+0000][13333.274s][info][gc,heap     ] GC(2826) Eden regions: 874->0(875)
[2024-05-30T14:16:33.855+0000][13333.274s][info][gc,heap     ] GC(2826) Survivor regions: 9->9(111)
[2024-05-30T14:16:33.855+0000][13333.274s][info][gc,heap     ] GC(2826) Old regions: 324->324
[2024-05-30T14:16:33.855+0000][13333.274s][info][gc,heap     ] GC(2826) Archive regions: 2->2
[2024-05-30T14:16:33.855+0000][13333.274s][info][gc,heap     ] GC(2826) Humongous regions: 5->5
[2024-05-30T14:16:33.855+0000][13333.274s][info][gc,metaspace] GC(2826) Metaspace: 433967K(440128K)->433967K(440128K) NonClass: 379965K(383296K)->379965K(383296K) Class: 54001K(56832K)->54001K(56832K)
[2024-05-30T14:16:33.855+0000][13333.274s][info][gc          ] GC(2826) Pause Young (Concurrent Start) (G1 Evacuation Pause) 9699M->2707M(12288M) 21.031ms
[2024-05-30T14:16:33.855+0000][13333.274s][info][gc,cpu      ] GC(2826) User=0.12s Sys=0.00s Real=0.02s
[2024-05-30T14:16:33.855+0000][13333.274s][info][gc          ] GC(2827) Concurrent Mark Cycle
[2024-05-30T14:16:33.855+0000][13333.274s][info][gc,marking  ] GC(2827) Concurrent Clear Claimed Marks
[2024-05-30T14:16:33.855+0000][13333.275s][info][gc,marking  ] GC(2827) Concurrent Clear Claimed Marks 0.392ms
[2024-05-30T14:16:33.856+0000][13333.275s][info][gc,marking  ] GC(2827) Concurrent Scan Root Regions
[2024-05-30T14:16:33.871+0000][13333.291s][info][gc,marking  ] GC(2827) Concurrent Scan Root Regions 15.924ms
[2024-05-30T14:16:33.871+0000][13333.291s][info][gc,marking  ] GC(2827) Concurrent Mark
[2024-05-30T14:16:33.871+0000][13333.291s][info][gc,marking  ] GC(2827) Concurrent Mark From Roots
[2024-05-30T14:16:33.871+0000][13333.291s][info][gc,task     ] GC(2827) Using 2 workers of 2 for marking
[2024-05-30T14:16:36.529+0000][13335.948s][info][gc,marking  ] GC(2827) Concurrent Mark From Roots 2657.640ms
[2024-05-30T14:16:36.529+0000][13335.948s][info][gc,marking  ] GC(2827) Concurrent Preclean
[2024-05-30T14:16:36.531+0000][13335.950s][info][gc,marking  ] GC(2827) Concurrent Preclean 1.541ms
[2024-05-30T14:16:36.531+0000][13335.950s][info][gc,start    ] GC(2827) Pause Remark
[2024-05-30T14:16:36.555+0000][13335.975s][info][gc          ] GC(2827) Pause Remark 5395M->5395M(12288M) 24.444ms
[2024-05-30T14:16:36.555+0000][13335.975s][info][gc,cpu      ] GC(2827) User=0.10s Sys=0.00s Real=0.02s
[2024-05-30T14:16:36.556+0000][13335.975s][info][gc,marking  ] GC(2827) Concurrent Mark 2684.058ms
[2024-05-30T14:16:36.556+0000][13335.975s][info][gc,marking  ] GC(2827) Concurrent Rebuild Remembered Sets
[2024-05-30T14:16:38.024+0000][13337.444s][info][gc,marking  ] GC(2827) Concurrent Rebuild Remembered Sets 1468.803ms
[2024-05-30T14:16:38.024+0000][13337.444s][info][gc,start    ] GC(2827) Pause Cleanup
[2024-05-30T14:16:38.025+0000][13337.444s][info][gc          ] GC(2827) Pause Cleanup 6967M->6967M(12288M) 0.505ms
[2024-05-30T14:16:38.025+0000][13337.444s][info][gc,cpu      ] GC(2827) User=0.00s Sys=0.00s Real=0.00s
[2024-05-30T14:16:38.025+0000][13337.444s][info][gc,marking  ] GC(2827) Concurrent Cleanup for Next Mark
[2024-05-30T14:16:38.042+0000][13337.461s][info][gc,marking  ] GC(2827) Concurrent Cleanup for Next Mark 16.660ms
[2024-05-30T14:16:38.042+0000][13337.461s][info][gc          ] GC(2827) Concurrent Mark Cycle 4186.744ms
[2024-05-30T14:16:40.322+0000][13339.742s][info][gc,start    ] GC(2828) Pause Young (Prepare Mixed) (G1 Evacuation Pause)
[2024-05-30T14:16:40.322+0000][13339.742s][info][gc,task     ] GC(2828) Using 6 workers of 6 for evacuation
[2024-05-30T14:16:40.347+0000][13339.766s][info][gc,phases   ] GC(2828)   Pre Evacuate Collection Set: 0.2ms
[2024-05-30T14:16:40.347+0000][13339.766s][info][gc,phases   ] GC(2828)   Merge Heap Roots: 0.3ms
[2024-05-30T14:16:40.347+0000][13339.766s][info][gc,phases   ] GC(2828)   Evacuate Collection Set: 21.8ms
[2024-05-30T14:16:40.347+0000][13339.766s][info][gc,phases   ] GC(2828)   Post Evacuate Collection Set: 1.8ms
[2024-05-30T14:16:40.347+0000][13339.766s][info][gc,phases   ] GC(2828)   Other: 0.2ms
[2024-05-30T14:16:40.347+0000][13339.766s][info][gc,heap     ] GC(2828) Eden regions: 875->0(65)
[2024-05-30T14:16:40.347+0000][13339.766s][info][gc,heap     ] GC(2828) Survivor regions: 9->11(111)
[2024-05-30T14:16:40.347+0000][13339.766s][info][gc,heap     ] GC(2828) Old regions: 324->324
[2024-05-30T14:16:40.347+0000][13339.766s][info][gc,heap     ] GC(2828) Archive regions: 2->2
[2024-05-30T14:16:40.347+0000][13339.766s][info][gc,heap     ] GC(2828) Humongous regions: 5->5
[2024-05-30T14:16:40.347+0000][13339.766s][info][gc,metaspace] GC(2828) Metaspace: 433967K(440128K)->433967K(440128K) NonClass: 379965K(383296K)->379965K(383296K) Class: 54001K(56832K)->54001K(56832K)
[2024-05-30T14:16:40.347+0000][13339.766s][info][gc          ] GC(2828) Pause Young (Prepare Mixed) (G1 Evacuation Pause) 9707M->2719M(12288M) 24.453ms
[2024-05-30T14:16:40.347+0000][13339.766s][info][gc,cpu      ] GC(2828) User=0.15s Sys=0.00s Real=0.02s
[2024-05-30T14:16:40.802+0000][13340.222s][info][gc,start    ] GC(2829) Pause Young (Mixed) (G1 Evacuation Pause)
[2024-05-30T14:16:40.802+0000][13340.222s][info][gc,task     ] GC(2829) Using 6 workers of 6 for evacuation
[2024-05-30T14:16:40.872+0000][13340.291s][info][gc,phases   ] GC(2829)   Pre Evacuate Collection Set: 0.2ms
[2024-05-30T14:16:40.872+0000][13340.291s][info][gc,phases   ] GC(2829)   Merge Heap Roots: 0.5ms
[2024-05-30T14:16:40.872+0000][13340.291s][info][gc,phases   ] GC(2829)   Evacuate Collection Set: 67.2ms
[2024-05-30T14:16:40.872+0000][13340.291s][info][gc,phases   ] GC(2829)   Post Evacuate Collection Set: 1.5ms
[2024-05-30T14:16:40.872+0000][13340.291s][info][gc,phases   ] GC(2829)   Other: 0.2ms
[2024-05-30T14:16:40.872+0000][13340.291s][info][gc,heap     ] GC(2829) Eden regions: 65->0(879)
[2024-05-30T14:16:40.872+0000][13340.291s][info][gc,heap     ] GC(2829) Survivor regions: 11->5(10)
[2024-05-30T14:16:40.872+0000][13340.291s][info][gc,heap     ] GC(2829) Old regions: 324->325
[2024-05-30T14:16:40.872+0000][13340.291s][info][gc,heap     ] GC(2829) Archive regions: 2->2
[2024-05-30T14:16:40.872+0000][13340.291s][info][gc,heap     ] GC(2829) Humongous regions: 5->5
[2024-05-30T14:16:40.872+0000][13340.291s][info][gc,metaspace] GC(2829) Metaspace: 433967K(440128K)->433967K(440128K) NonClass: 379965K(383296K)->379965K(383296K) Class: 54001K(56832K)->54001K(56832K)
[2024-05-30T14:16:40.872+0000][13340.291s][info][gc          ] GC(2829) Pause Young (Mixed) (G1 Evacuation Pause) 3239M->2683M(12288M) 69.626ms
[2024-05-30T14:16:40.872+0000][13340.291s][info][gc,cpu      ] GC(2829) User=0.41s Sys=0.00s Real=0.07s
[2024-05-30T14:16:46.781+0000][13346.200s][info][gc,start    ] GC(2830) Pause Young (Normal) (G1 Evacuation Pause)
[2024-05-30T14:16:46.781+0000][13346.200s][info][gc,task     ] GC(2830) Using 6 workers of 6 for evacuation
[2024-05-30T14:16:46.797+0000][13346.217s][info][gc,phases   ] GC(2830)   Pre Evacuate Collection Set: 0.2ms
[2024-05-30T14:16:46.797+0000][13346.217s][info][gc,phases   ] GC(2830)   Merge Heap Roots: 0.3ms
[2024-05-30T14:16:46.797+0000][13346.217s][info][gc,phases   ] GC(2830)   Evacuate Collection Set: 14.0ms
[2024-05-30T14:16:46.797+0000][13346.217s][info][gc,phases   ] GC(2830)   Post Evacuate Collection Set: 1.8ms
[2024-05-30T14:16:46.798+0000][13346.217s][info][gc,phases   ] GC(2830)   Other: 0.2ms
[2024-05-30T14:16:46.798+0000][13346.217s][info][gc,heap     ] GC(2830) Eden regions: 879->0(877)
[2024-05-30T14:16:46.798+0000][13346.217s][info][gc,heap     ] GC(2830) Survivor regions: 5->7(111)
[2024-05-30T14:16:46.798+0000][13346.217s][info][gc,heap     ] GC(2830) Old regions: 325->325
[2024-05-30T14:16:46.798+0000][13346.217s][info][gc,heap     ] GC(2830) Archive regions: 2->2
[2024-05-30T14:16:46.798+0000][13346.217s][info][gc,heap     ] GC(2830) Humongous regions: 5->5
[2024-05-30T14:16:46.798+0000][13346.217s][info][gc,metaspace] GC(2830) Metaspace: 433967K(440128K)->433967K(440128K) NonClass: 379965K(383296K)->379965K(383296K) Class: 54001K(56832K)->54001K(56832K)
[2024-05-30T14:16:46.798+0000][13346.217s][info][gc          ] GC(2830) Pause Young (Normal) (G1 Evacuation Pause) 9715M->2698M(12288M) 16.446ms
[2024-05-30T14:16:46.798+0000][13346.217s][info][gc,cpu      ] GC(2830) User=0.09s Sys=0.00s Real=0.02s
[2024-05-30T14:16:52.673+0000][13352.092s][info][gc,start    ] GC(2831) Pause Young (Normal) (G1 Evacuation Pause)
[2024-05-30T14:16:52.673+0000][13352.092s][info][gc,task     ] GC(2831) Using 6 workers of 6 for evacuation
[2024-05-30T14:16:52.692+0000][13352.111s][info][gc,phases   ] GC(2831)   Pre Evacuate Collection Set: 0.2ms
[2024-05-30T14:16:52.692+0000][13352.111s][info][gc,phases   ] GC(2831)   Merge Heap Roots: 0.3ms
[2024-05-30T14:16:52.692+0000][13352.111s][info][gc,phases   ] GC(2831)   Evacuate Collection Set: 16.3ms
[2024-05-30T14:16:52.692+0000][13352.111s][info][gc,phases   ] GC(2831)   Post Evacuate Collection Set: 2.0ms
[2024-05-30T14:16:52.692+0000][13352.111s][info][gc,phases   ] GC(2831)   Other: 0.2ms
[2024-05-30T14:16:52.692+0000][13352.111s][info][gc,heap     ] GC(2831) Eden regions: 877->0(875)
[2024-05-30T14:16:52.692+0000][13352.111s][info][gc,heap     ] GC(2831) Survivor regions: 7->8(111)
[2024-05-30T14:16:52.692+0000][13352.111s][info][gc,heap     ] GC(2831) Old regions: 325->325
[2024-05-30T14:16:52.692+0000][13352.111s][info][gc,heap     ] GC(2831) Archive regions: 2->2
[2024-05-30T14:16:52.692+0000][13352.111s][info][gc,heap     ] GC(2831) Humongous regions: 5->5
[2024-05-30T14:16:52.692+0000][13352.111s][info][gc,metaspace] GC(2831) Metaspace: 433967K(440128K)->433967K(440128K) NonClass: 379965K(383296K)->379965K(383296K) Class: 54001K(56832K)->54001K(56832K)
[2024-05-30T14:16:52.692+0000][13352.111s][info][gc          ] GC(2831) Pause Young (Normal) (G1 Evacuation Pause) 9714M->2704M(12288M) 18.974ms
[2024-05-30T14:16:52.692+0000][13352.111s][info][gc,cpu      ] GC(2831) User=0.11s Sys=0.00s Real=0.02s
[2024-05-30T14:16:58.435+0000][13357.854s][info][gc,start    ] GC(2832) Pause Young (Concurrent Start) (G1 Evacuation Pause)
[2024-05-30T14:16:58.435+0000][13357.854s][info][gc,task     ] GC(2832) Using 6 workers of 6 for evacuation
[2024-05-30T14:16:58.459+0000][13357.878s][info][gc,phases   ] GC(2832)   Pre Evacuate Collection Set: 0.5ms
[2024-05-30T14:16:58.459+0000][13357.878s][info][gc,phases   ] GC(2832)   Merge Heap Roots: 0.2ms
[2024-05-30T14:16:58.459+0000][13357.878s][info][gc,phases   ] GC(2832)   Evacuate Collection Set: 21.3ms
[2024-05-30T14:16:58.459+0000][13357.878s][info][gc,phases   ] GC(2832)   Post Evacuate Collection Set: 1.8ms
[2024-05-30T14:16:58.459+0000][13357.878s][info][gc,phases   ] GC(2832)   Other: 0.3ms
[2024-05-30T14:16:58.459+0000][13357.878s][info][gc,heap     ] GC(2832) Eden regions: 875->0(873)
[2024-05-30T14:16:58.459+0000][13357.878s][info][gc,heap     ] GC(2832) Survivor regions: 8->10(111)
[2024-05-30T14:16:58.459+0000][13357.878s][info][gc,heap     ] GC(2832) Old regions: 325->325
[2024-05-30T14:16:58.459+0000][13357.878s][info][gc,heap     ] GC(2832) Archive regions: 2->2
[2024-05-30T14:16:58.459+0000][13357.878s][info][gc,heap     ] GC(2832) Humongous regions: 5->5
[2024-05-30T14:16:58.459+0000][13357.878s][info][gc,metaspace] GC(2832) Metaspace: 433967K(440128K)->433967K(440128K) NonClass: 379965K(383296K)->379965K(383296K) Class: 54001K(56832K)->54001K(56832K)
[2024-05-30T14:16:58.459+0000][13357.878s][info][gc          ] GC(2832) Pause Young (Concurrent Start) (G1 Evacuation Pause) 9704M->2717M(12288M) 24.210ms
[2024-05-30T14:16:58.459+0000][13357.878s][info][gc,cpu      ] GC(2832) User=0.14s Sys=0.00s Real=0.03s
[2024-05-30T14:16:58.459+0000][13357.878s][info][gc          ] GC(2833) Concurrent Mark Cycle
[2024-05-30T14:16:58.459+0000][13357.878s][info][gc,marking  ] GC(2833) Concurrent Clear Claimed Marks
[2024-05-30T14:16:58.459+0000][13357.879s][info][gc,marking  ] GC(2833) Concurrent Clear Claimed Marks 0.370ms
[2024-05-30T14:16:58.459+0000][13357.879s][info][gc,marking  ] GC(2833) Concurrent Scan Root Regions
[2024-05-30T14:16:58.475+0000][13357.894s][info][gc,marking  ] GC(2833) Concurrent Scan Root Regions 15.015ms
[2024-05-30T14:16:58.475+0000][13357.894s][info][gc,marking  ] GC(2833) Concurrent Mark
[2024-05-30T14:16:58.475+0000][13357.894s][info][gc,marking  ] GC(2833) Concurrent Mark From Roots
[2024-05-30T14:16:58.475+0000][13357.894s][info][gc,task     ] GC(2833) Using 2 workers of 2 for marking
[2024-05-30T14:17:01.090+0000][13360.509s][info][gc,marking  ] GC(2833) Concurrent Mark From Roots 2615.340ms
[2024-05-30T14:17:01.090+0000][13360.509s][info][gc,marking  ] GC(2833) Concurrent Preclean
[2024-05-30T14:17:01.092+0000][13360.511s][info][gc,marking  ] GC(2833) Concurrent Preclean 1.590ms
[2024-05-30T14:17:01.092+0000][13360.511s][info][gc,start    ] GC(2833) Pause Remark
[2024-05-30T14:17:01.118+0000][13360.537s][info][gc          ] GC(2833) Pause Remark 5493M->5493M(12288M) 26.175ms
[2024-05-30T14:17:01.118+0000][13360.537s][info][gc,cpu      ] GC(2833) User=0.11s Sys=0.00s Real=0.03s
[2024-05-30T14:17:01.118+0000][13360.537s][info][gc,marking  ] GC(2833) Concurrent Mark 2643.586ms
[2024-05-30T14:17:01.118+0000][13360.537s][info][gc,marking  ] GC(2833) Concurrent Rebuild Remembered Sets
[2024-05-30T14:17:02.537+0000][13361.956s][info][gc,marking  ] GC(2833) Concurrent Rebuild Remembered Sets 1418.661ms
[2024-05-30T14:17:02.537+0000][13361.956s][info][gc,start    ] GC(2833) Pause Cleanup
[2024-05-30T14:17:02.537+0000][13361.957s][info][gc          ] GC(2833) Pause Cleanup 6973M->6973M(12288M) 0.490ms
[2024-05-30T14:17:02.538+0000][13361.957s][info][gc,cpu      ] GC(2833) User=0.00s Sys=0.00s Real=0.00s
[2024-05-30T14:17:02.538+0000][13361.957s][info][gc,marking  ] GC(2833) Concurrent Cleanup for Next Mark
[2024-05-30T14:17:02.566+0000][13361.985s][info][gc,marking  ] GC(2833) Concurrent Cleanup for Next Mark 28.472ms
[2024-05-30T14:17:02.566+0000][13361.985s][info][gc          ] GC(2833) Concurrent Mark Cycle 4107.044ms
[2024-05-30T14:17:04.819+0000][13364.238s][info][gc,start    ] GC(2834) Pause Young (Prepare Mixed) (G1 Evacuation Pause)
[2024-05-30T14:17:04.819+0000][13364.238s][info][gc,task     ] GC(2834) Using 6 workers of 6 for evacuation
[2024-05-30T14:17:04.842+0000][13364.262s][info][gc,phases   ] GC(2834)   Pre Evacuate Collection Set: 0.2ms
[2024-05-30T14:17:04.842+0000][13364.262s][info][gc,phases   ] GC(2834)   Merge Heap Roots: 0.3ms
[2024-05-30T14:17:04.842+0000][13364.262s][info][gc,phases   ] GC(2834)   Evacuate Collection Set: 21.0ms
[2024-05-30T14:17:04.842+0000][13364.262s][info][gc,phases   ] GC(2834)   Post Evacuate Collection Set: 1.8ms
[2024-05-30T14:17:04.842+0000][13364.262s][info][gc,phases   ] GC(2834)   Other: 0.2ms
[2024-05-30T14:17:04.842+0000][13364.262s][info][gc,heap     ] GC(2834) Eden regions: 873->0(67)
[2024-05-30T14:17:04.842+0000][13364.262s][info][gc,heap     ] GC(2834) Survivor regions: 10->9(111)
[2024-05-30T14:17:04.842+0000][13364.262s][info][gc,heap     ] GC(2834) Old regions: 325->325
[2024-05-30T14:17:04.842+0000][13364.262s][info][gc,heap     ] GC(2834) Archive regions: 2->2
[2024-05-30T14:17:04.842+0000][13364.262s][info][gc,heap     ] GC(2834) Humongous regions: 5->5
[2024-05-30T14:17:04.842+0000][13364.262s][info][gc,metaspace] GC(2834) Metaspace: 433967K(440128K)->433967K(440128K) NonClass: 379965K(383296K)->379965K(383296K) Class: 54001K(56832K)->54001K(56832K)
[2024-05-30T14:17:04.842+0000][13364.262s][info][gc          ] GC(2834) Pause Young (Prepare Mixed) (G1 Evacuation Pause) 9701M->2709M(12288M) 23.627ms
[2024-05-30T14:17:04.842+0000][13364.262s][info][gc,cpu      ] GC(2834) User=0.14s Sys=0.00s Real=0.02s
[2024-05-30T14:17:05.309+0000][13364.728s][info][gc,start    ] GC(2835) Pause Young (Mixed) (G1 Evacuation Pause)
[2024-05-30T14:17:05.309+0000][13364.728s][info][gc,task     ] GC(2835) Using 6 workers of 6 for evacuation
[2024-05-30T14:17:05.369+0000][13364.789s][info][gc,phases   ] GC(2835)   Pre Evacuate Collection Set: 0.2ms
[2024-05-30T14:17:05.369+0000][13364.789s][info][gc,phases   ] GC(2835)   Merge Heap Roots: 0.3ms
[2024-05-30T14:17:05.369+0000][13364.789s][info][gc,phases   ] GC(2835)   Evacuate Collection Set: 58.9ms
[2024-05-30T14:17:05.369+0000][13364.789s][info][gc,phases   ] GC(2835)   Post Evacuate Collection Set: 1.2ms
[2024-05-30T14:17:05.369+0000][13364.789s][info][gc,phases   ] GC(2835)   Other: 0.2ms
[2024-05-30T14:17:05.369+0000][13364.789s][info][gc,heap     ] GC(2835) Eden regions: 67->0(878)
[2024-05-30T14:17:05.369+0000][13364.789s][info][gc,heap     ] GC(2835) Survivor regions: 9->6(10)
[2024-05-30T14:17:05.369+0000][13364.789s][info][gc,heap     ] GC(2835) Old regions: 325->324
[2024-05-30T14:17:05.369+0000][13364.789s][info][gc,heap     ] GC(2835) Archive regions: 2->2
[2024-05-30T14:17:05.369+0000][13364.789s][info][gc,heap     ] GC(2835) Humongous regions: 5->5
[2024-05-30T14:17:05.369+0000][13364.789s][info][gc,metaspace] GC(2835) Metaspace: 433967K(440128K)->433967K(440128K) NonClass: 379965K(383296K)->379965K(383296K) Class: 54001K(56832K)->54001K(56832K)
[2024-05-30T14:17:05.369+0000][13364.789s][info][gc          ] GC(2835) Pause Young (Mixed) (G1 Evacuation Pause) 3245M->2680M(12288M) 60.864ms
[2024-05-30T14:17:05.369+0000][13364.789s][info][gc,cpu      ] GC(2835) User=0.36s Sys=0.00s Real=0.06s
[2024-05-30T14:17:11.481+0000][13370.900s][info][gc,start    ] GC(2836) Pause Young (Normal) (G1 Evacuation Pause)
[2024-05-30T14:17:11.481+0000][13370.900s][info][gc,task     ] GC(2836) Using 6 workers of 6 for evacuation
[2024-05-30T14:17:11.500+0000][13370.919s][info][gc,phases   ] GC(2836)   Pre Evacuate Collection Set: 0.2ms
[2024-05-30T14:17:11.500+0000][13370.919s][info][gc,phases   ] GC(2836)   Merge Heap Roots: 0.3ms
[2024-05-30T14:17:11.500+0000][13370.919s][info][gc,phases   ] GC(2836)   Evacuate Collection Set: 16.3ms
[2024-05-30T14:17:11.500+0000][13370.919s][info][gc,phases   ] GC(2836)   Post Evacuate Collection Set: 1.8ms
[2024-05-30T14:17:11.500+0000][13370.919s][info][gc,phases   ] GC(2836)   Other: 0.2ms
[2024-05-30T14:17:11.500+0000][13370.919s][info][gc,heap     ] GC(2836) Eden regions: 878->0(875)
[2024-05-30T14:17:11.500+0000][13370.919s][info][gc,heap     ] GC(2836) Survivor regions: 6->9(111)
[2024-05-30T14:17:11.500+0000][13370.919s][info][gc,heap     ] GC(2836) Old regions: 324->324
[2024-05-30T14:17:11.500+0000][13370.919s][info][gc,heap     ] GC(2836) Archive regions: 2->2
[2024-05-30T14:17:11.500+0000][13370.919s][info][gc,heap     ] GC(2836) Humongous regions: 5->5
[2024-05-30T14:17:11.500+0000][13370.919s][info][gc,metaspace] GC(2836) Metaspace: 433967K(440128K)->433967K(440128K) NonClass: 379965K(383296K)->379965K(383296K) Class: 54001K(56832K)->54001K(56832K)
[2024-05-30T14:17:11.500+0000][13370.919s][info][gc          ] GC(2836) Pause Young (Normal) (G1 Evacuation Pause) 9704M->2701M(12288M) 18.703ms
[2024-05-30T14:17:11.500+0000][13370.919s][info][gc,cpu      ] GC(2836) User=0.11s Sys=0.00s Real=0.02s
[2024-05-30T14:17:17.418+0000][13376.837s][info][gc,start    ] GC(2837) Pause Young (Normal) (G1 Evacuation Pause)
[2024-05-30T14:17:17.418+0000][13376.837s][info][gc,task     ] GC(2837) Using 6 workers of 6 for evacuation
[2024-05-30T14:17:17.438+0000][13376.858s][info][gc,phases   ] GC(2837)   Pre Evacuate Collection Set: 0.2ms
[2024-05-30T14:17:17.438+0000][13376.858s][info][gc,phases   ] GC(2837)   Merge Heap Roots: 0.3ms
[2024-05-30T14:17:17.438+0000][13376.858s][info][gc,phases   ] GC(2837)   Evacuate Collection Set: 18.3ms
[2024-05-30T14:17:17.438+0000][13376.858s][info][gc,phases   ] GC(2837)   Post Evacuate Collection Set: 1.8ms
[2024-05-30T14:17:17.438+0000][13376.858s][info][gc,phases   ] GC(2837)   Other: 0.2ms
[2024-05-30T14:17:17.438+0000][13376.858s][info][gc,heap     ] GC(2837) Eden regions: 875->0(874)
[2024-05-30T14:17:17.438+0000][13376.858s][info][gc,heap     ] GC(2837) Survivor regions: 9->10(111)
[2024-05-30T14:17:17.438+0000][13376.858s][info][gc,heap     ] GC(2837) Old regions: 324->324
[2024-05-30T14:17:17.438+0000][13376.858s][info][gc,heap     ] GC(2837) Archive regions: 2->2
[2024-05-30T14:17:17.438+0000][13376.858s][info][gc,heap     ] GC(2837) Humongous regions: 5->5
[2024-05-30T14:17:17.438+0000][13376.858s][info][gc,metaspace] GC(2837) Metaspace: 433967K(440128K)->433967K(440128K) NonClass: 379965K(383296K)->379965K(383296K) Class: 54001K(56832K)->54001K(56832K)
[2024-05-30T14:17:17.438+0000][13376.858s][info][gc          ] GC(2837) Pause Young (Normal) (G1 Evacuation Pause) 9701M->2708M(12288M) 20.755ms
[2024-05-30T14:17:17.438+0000][13376.858s][info][gc,cpu      ] GC(2837) User=0.12s Sys=0.00s Real=0.02s
[2024-05-30T14:17:23.175+0000][13382.595s][info][gc,start    ] GC(2838) Pause Young (Concurrent Start) (G1 Evacuation Pause)
[2024-05-30T14:17:23.175+0000][13382.595s][info][gc,task     ] GC(2838) Using 6 workers of 6 for evacuation
[2024-05-30T14:17:23.202+0000][13382.621s][info][gc,phases   ] GC(2838)   Pre Evacuate Collection Set: 0.5ms
[2024-05-30T14:17:23.202+0000][13382.621s][info][gc,phases   ] GC(2838)   Merge Heap Roots: 0.3ms
[2024-05-30T14:17:23.202+0000][13382.621s][info][gc,phases   ] GC(2838)   Evacuate Collection Set: 23.4ms
[2024-05-30T14:17:23.202+0000][13382.621s][info][gc,phases   ] GC(2838)   Post Evacuate Collection Set: 2.0ms
[2024-05-30T14:17:23.202+0000][13382.621s][info][gc,phases   ] GC(2838)   Other: 0.3ms
[2024-05-30T14:17:23.202+0000][13382.621s][info][gc,heap     ] GC(2838) Eden regions: 874->0(871)
[2024-05-30T14:17:23.202+0000][13382.621s][info][gc,heap     ] GC(2838) Survivor regions: 10->12(111)
[2024-05-30T14:17:23.202+0000][13382.621s][info][gc,heap     ] GC(2838) Old regions: 324->324
[2024-05-30T14:17:23.202+0000][13382.621s][info][gc,heap     ] GC(2838) Archive regions: 2->2
[2024-05-30T14:17:23.202+0000][13382.621s][info][gc,heap     ] GC(2838) Humongous regions: 5->5
[2024-05-30T14:17:23.202+0000][13382.621s][info][gc,metaspace] GC(2838) Metaspace: 433967K(440128K)->433967K(440128K) NonClass: 379965K(383296K)->379965K(383296K) Class: 54001K(56832K)->54001K(56832K)
[2024-05-30T14:17:23.202+0000][13382.621s][info][gc          ] GC(2838) Pause Young (Concurrent Start) (G1 Evacuation Pause) 9700M->2727M(12288M) 26.644ms
[2024-05-30T14:17:23.202+0000][13382.621s][info][gc,cpu      ] GC(2838) User=0.16s Sys=0.00s Real=0.03s
[2024-05-30T14:17:23.202+0000][13382.621s][info][gc          ] GC(2839) Concurrent Mark Cycle
[2024-05-30T14:17:23.202+0000][13382.621s][info][gc,marking  ] GC(2839) Concurrent Clear Claimed Marks
[2024-05-30T14:17:23.203+0000][13382.622s][info][gc,marking  ] GC(2839) Concurrent Clear Claimed Marks 0.422ms
[2024-05-30T14:17:23.203+0000][13382.622s][info][gc,marking  ] GC(2839) Concurrent Scan Root Regions
[2024-05-30T14:17:23.236+0000][13382.655s][info][gc,marking  ] GC(2839) Concurrent Scan Root Regions 33.042ms
[2024-05-30T14:17:23.236+0000][13382.655s][info][gc,marking  ] GC(2839) Concurrent Mark
[2024-05-30T14:17:23.236+0000][13382.655s][info][gc,marking  ] GC(2839) Concurrent Mark From Roots
[2024-05-30T14:17:23.236+0000][13382.655s][info][gc,task     ] GC(2839) Using 2 workers of 2 for marking
[2024-05-30T14:17:26.009+0000][13385.429s][info][gc,marking  ] GC(2839) Concurrent Mark From Roots 2773.566ms
[2024-05-30T14:17:26.009+0000][13385.429s][info][gc,marking  ] GC(2839) Concurrent Preclean
[2024-05-30T14:17:26.011+0000][13385.430s][info][gc,marking  ] GC(2839) Concurrent Preclean 1.254ms
[2024-05-30T14:17:26.011+0000][13385.430s][info][gc,start    ] GC(2839) Pause Remark
[2024-05-30T14:17:26.037+0000][13385.456s][info][gc          ] GC(2839) Pause Remark 6087M->6087M(12288M) 26.056ms
[2024-05-30T14:17:26.037+0000][13385.456s][info][gc,cpu      ] GC(2839) User=0.12s Sys=0.00s Real=0.03s
[2024-05-30T14:17:26.037+0000][13385.456s][info][gc,marking  ] GC(2839) Concurrent Mark 2801.215ms
[2024-05-30T14:17:26.037+0000][13385.456s][info][gc,marking  ] GC(2839) Concurrent Rebuild Remembered Sets
[2024-05-30T14:17:27.476+0000][13386.895s][info][gc,marking  ] GC(2839) Concurrent Rebuild Remembered Sets 1439.193ms
[2024-05-30T14:17:27.476+0000][13386.896s][info][gc,start    ] GC(2839) Pause Cleanup
[2024-05-30T14:17:27.477+0000][13386.896s][info][gc          ] GC(2839) Pause Cleanup 7695M->7695M(12288M) 0.477ms
[2024-05-30T14:17:27.477+0000][13386.896s][info][gc,cpu      ] GC(2839) User=0.00s Sys=0.00s Real=0.00s
[2024-05-30T14:17:27.477+0000][13386.896s][info][gc,marking  ] GC(2839) Concurrent Cleanup for Next Mark
[2024-05-30T14:17:27.494+0000][13386.913s][info][gc,marking  ] GC(2839) Concurrent Cleanup for Next Mark 17.026ms
[2024-05-30T14:17:27.494+0000][13386.913s][info][gc          ] GC(2839) Concurrent Mark Cycle 4291.928ms
[2024-05-30T14:17:29.171+0000][13388.590s][info][gc,start    ] GC(2840) Pause Young (Prepare Mixed) (G1 Evacuation Pause)
[2024-05-30T14:17:29.171+0000][13388.590s][info][gc,task     ] GC(2840) Using 6 workers of 6 for evacuation
[2024-05-30T14:17:29.197+0000][13388.616s][info][gc,phases   ] GC(2840)   Pre Evacuate Collection Set: 0.2ms
[2024-05-30T14:17:29.197+0000][13388.616s][info][gc,phases   ] GC(2840)   Merge Heap Roots: 0.3ms
[2024-05-30T14:17:29.197+0000][13388.616s][info][gc,phases   ] GC(2840)   Evacuate Collection Set: 23.6ms
[2024-05-30T14:17:29.197+0000][13388.616s][info][gc,phases   ] GC(2840)   Post Evacuate Collection Set: 1.9ms
[2024-05-30T14:17:29.197+0000][13388.616s][info][gc,phases   ] GC(2840)   Other: 0.2ms
[2024-05-30T14:17:29.197+0000][13388.616s][info][gc,heap     ] GC(2840) Eden regions: 871->0(64)
[2024-05-30T14:17:29.197+0000][13388.616s][info][gc,heap     ] GC(2840) Survivor regions: 12->12(111)
[2024-05-30T14:17:29.197+0000][13388.616s][info][gc,heap     ] GC(2840) Old regions: 324->324
[2024-05-30T14:17:29.197+0000][13388.616s][info][gc,heap     ] GC(2840) Archive regions: 2->2
[2024-05-30T14:17:29.197+0000][13388.616s][info][gc,heap     ] GC(2840) Humongous regions: 5->5
[2024-05-30T14:17:29.197+0000][13388.616s][info][gc,metaspace] GC(2840) Metaspace: 433967K(440128K)->433967K(440128K) NonClass: 379965K(383296K)->379965K(383296K) Class: 54001K(56832K)->54001K(56832K)
[2024-05-30T14:17:29.197+0000][13388.616s][info][gc          ] GC(2840) Pause Young (Prepare Mixed) (G1 Evacuation Pause) 9695M->2726M(12288M) 26.244ms
[2024-05-30T14:17:29.197+0000][13388.616s][info][gc,cpu      ] GC(2840) User=0.16s Sys=0.00s Real=0.03s
[2024-05-30T14:17:29.636+0000][13389.055s][info][gc,start    ] GC(2841) Pause Young (Mixed) (G1 Evacuation Pause)
[2024-05-30T14:17:29.636+0000][13389.055s][info][gc,task     ] GC(2841) Using 6 workers of 6 for evacuation
[2024-05-30T14:17:29.694+0000][13389.113s][info][gc,phases   ] GC(2841)   Pre Evacuate Collection Set: 0.2ms
[2024-05-30T14:17:29.694+0000][13389.113s][info][gc,phases   ] GC(2841)   Merge Heap Roots: 0.3ms
[2024-05-30T14:17:29.694+0000][13389.113s][info][gc,phases   ] GC(2841)   Evacuate Collection Set: 56.2ms
[2024-05-30T14:17:29.694+0000][13389.113s][info][gc,phases   ] GC(2841)   Post Evacuate Collection Set: 1.3ms
[2024-05-30T14:17:29.694+0000][13389.113s][info][gc,phases   ] GC(2841)   Other: 0.2ms
[2024-05-30T14:17:29.694+0000][13389.113s][info][gc,heap     ] GC(2841) Eden regions: 64->0(875)
[2024-05-30T14:17:29.694+0000][13389.113s][info][gc,heap     ] GC(2841) Survivor regions: 12->5(10)
[2024-05-30T14:17:29.694+0000][13389.113s][info][gc,heap     ] GC(2841) Old regions: 324->328
[2024-05-30T14:17:29.694+0000][13389.113s][info][gc,heap     ] GC(2841) Archive regions: 2->2
[2024-05-30T14:17:29.694+0000][13389.113s][info][gc,heap     ] GC(2841) Humongous regions: 5->5
[2024-05-30T14:17:29.694+0000][13389.113s][info][gc,metaspace] GC(2841) Metaspace: 433967K(440128K)->433967K(440128K) NonClass: 379965K(383296K)->379965K(383296K) Class: 54001K(56832K)->54001K(56832K)
[2024-05-30T14:17:29.694+0000][13389.113s][info][gc          ] GC(2841) Pause Young (Mixed) (G1 Evacuation Pause) 3238M->2698M(12288M) 58.276ms
[2024-05-30T14:17:29.694+0000][13389.113s][info][gc,cpu      ] GC(2841) User=0.34s Sys=0.00s Real=0.06s
[2024-05-30T14:17:35.634+0000][13395.054s][info][gc,start    ] GC(2842) Pause Young (Normal) (G1 Evacuation Pause)
[2024-05-30T14:17:35.635+0000][13395.054s][info][gc,task     ] GC(2842) Using 6 workers of 6 for evacuation
[2024-05-30T14:17:35.647+0000][13395.067s][info][gc,phases   ] GC(2842)   Pre Evacuate Collection Set: 0.2ms
[2024-05-30T14:17:35.647+0000][13395.067s][info][gc,phases   ] GC(2842)   Merge Heap Roots: 0.3ms
[2024-05-30T14:17:35.647+0000][13395.067s][info][gc,phases   ] GC(2842)   Evacuate Collection Set: 10.6ms
[2024-05-30T14:17:35.647+0000][13395.067s][info][gc,phases   ] GC(2842)   Post Evacuate Collection Set: 1.8ms
[2024-05-30T14:17:35.647+0000][13395.067s][info][gc,phases   ] GC(2842)   Other: 0.2ms
[2024-05-30T14:17:35.647+0000][13395.067s][info][gc,heap     ] GC(2842) Eden regions: 875->0(875)
[2024-05-30T14:17:35.647+0000][13395.067s][info][gc,heap     ] GC(2842) Survivor regions: 5->5(110)
[2024-05-30T14:17:35.647+0000][13395.067s][info][gc,heap     ] GC(2842) Old regions: 328->328
[2024-05-30T14:17:35.647+0000][13395.067s][info][gc,heap     ] GC(2842) Archive regions: 2->2
[2024-05-30T14:17:35.647+0000][13395.067s][info][gc,heap     ] GC(2842) Humongous regions: 5->5
[2024-05-30T14:17:35.647+0000][13395.067s][info][gc,metaspace] GC(2842) Metaspace: 433967K(440128K)->433967K(440128K) NonClass: 379965K(383296K)->379965K(383296K) Class: 54001K(56832K)->54001K(56832K)
[2024-05-30T14:17:35.647+0000][13395.067s][info][gc          ] GC(2842) Pause Young (Normal) (G1 Evacuation Pause) 9698M->2700M(12288M) 12.997ms
[2024-05-30T14:17:35.648+0000][13395.067s][info][gc,cpu      ] GC(2842) User=0.07s Sys=0.00s Real=0.01s
[2024-05-30T14:17:41.271+0000][13400.691s][info][gc,start    ] GC(2843) Pause Young (Normal) (G1 Evacuation Pause)
[2024-05-30T14:17:41.271+0000][13400.691s][info][gc,task     ] GC(2843) Using 6 workers of 6 for evacuation
[2024-05-30T14:17:41.287+0000][13400.706s][info][gc,phases   ] GC(2843)   Pre Evacuate Collection Set: 0.2ms
[2024-05-30T14:17:41.287+0000][13400.706s][info][gc,phases   ] GC(2843)   Merge Heap Roots: 0.2ms
[2024-05-30T14:17:41.287+0000][13400.706s][info][gc,phases   ] GC(2843)   Evacuate Collection Set: 13.4ms
[2024-05-30T14:17:41.287+0000][13400.706s][info][gc,phases   ] GC(2843)   Post Evacuate Collection Set: 1.8ms
[2024-05-30T14:17:41.287+0000][13400.706s][info][gc,phases   ] GC(2843)   Other: 0.2ms
[2024-05-30T14:17:41.287+0000][13400.706s][info][gc,heap     ] GC(2843) Eden regions: 875->0(873)
[2024-05-30T14:17:41.287+0000][13400.706s][info][gc,heap     ] GC(2843) Survivor regions: 5->7(110)
[2024-05-30T14:17:41.287+0000][13400.706s][info][gc,heap     ] GC(2843) Old regions: 328->328
[2024-05-30T14:17:41.287+0000][13400.706s][info][gc,heap     ] GC(2843) Archive regions: 2->2
[2024-05-30T14:17:41.287+0000][13400.706s][info][gc,heap     ] GC(2843) Humongous regions: 5->5
[2024-05-30T14:17:41.287+0000][13400.707s][info][gc,metaspace] GC(2843) Metaspace: 433967K(440128K)->433967K(440128K) NonClass: 379965K(383296K)->379965K(383296K) Class: 54001K(56832K)->54001K(56832K)
[2024-05-30T14:17:41.287+0000][13400.707s][info][gc          ] GC(2843) Pause Young (Normal) (G1 Evacuation Pause) 9700M->2714M(12288M) 15.843ms
[2024-05-30T14:17:41.287+0000][13400.707s][info][gc,cpu      ] GC(2843) User=0.10s Sys=0.00s Real=0.01s
[2024-05-30T14:17:47.315+0000][13406.735s][info][gc,start    ] GC(2844) Pause Young (Concurrent Start) (G1 Evacuation Pause)
[2024-05-30T14:17:47.315+0000][13406.735s][info][gc,task     ] GC(2844) Using 6 workers of 6 for evacuation
[2024-05-30T14:17:47.335+0000][13406.754s][info][gc,phases   ] GC(2844)   Pre Evacuate Collection Set: 0.5ms
[2024-05-30T14:17:47.335+0000][13406.754s][info][gc,phases   ] GC(2844)   Merge Heap Roots: 0.3ms
[2024-05-30T14:17:47.335+0000][13406.754s][info][gc,phases   ] GC(2844)   Evacuate Collection Set: 16.4ms
[2024-05-30T14:17:47.335+0000][13406.754s][info][gc,phases   ] GC(2844)   Post Evacuate Collection Set: 1.8ms
[2024-05-30T14:17:47.335+0000][13406.754s][info][gc,phases   ] GC(2844)   Other: 0.3ms
[2024-05-30T14:17:47.335+0000][13406.754s][info][gc,heap     ] GC(2844) Eden regions: 873->0(872)
[2024-05-30T14:17:47.335+0000][13406.754s][info][gc,heap     ] GC(2844) Survivor regions: 7->8(110)
[2024-05-30T14:17:47.335+0000][13406.754s][info][gc,heap     ] GC(2844) Old regions: 328->328
[2024-05-30T14:17:47.335+0000][13406.754s][info][gc,heap     ] GC(2844) Archive regions: 2->2
[2024-05-30T14:17:47.335+0000][13406.754s][info][gc,heap     ] GC(2844) Humongous regions: 5->5
[2024-05-30T14:17:47.335+0000][13406.754s][info][gc,metaspace] GC(2844) Metaspace: 433967K(440128K)->433967K(440128K) NonClass: 379965K(383296K)->379965K(383296K) Class: 54001K(56832K)->54001K(56832K)
[2024-05-30T14:17:47.335+0000][13406.754s][info][gc          ] GC(2844) Pause Young (Concurrent Start) (G1 Evacuation Pause) 9698M->2725M(12288M) 19.252ms
[2024-05-30T14:17:47.335+0000][13406.754s][info][gc,cpu      ] GC(2844) User=0.11s Sys=0.00s Real=0.02s
[2024-05-30T14:17:47.335+0000][13406.754s][info][gc          ] GC(2845) Concurrent Mark Cycle
[2024-05-30T14:17:47.335+0000][13406.754s][info][gc,marking  ] GC(2845) Concurrent Clear Claimed Marks
[2024-05-30T14:17:47.335+0000][13406.754s][info][gc,marking  ] GC(2845) Concurrent Clear Claimed Marks 0.358ms
[2024-05-30T14:17:47.335+0000][13406.754s][info][gc,marking  ] GC(2845) Concurrent Scan Root Regions
[2024-05-30T14:17:47.351+0000][13406.771s][info][gc,marking  ] GC(2845) Concurrent Scan Root Regions 16.168ms
[2024-05-30T14:17:47.351+0000][13406.771s][info][gc,marking  ] GC(2845) Concurrent Mark
[2024-05-30T14:17:47.351+0000][13406.771s][info][gc,marking  ] GC(2845) Concurrent Mark From Roots
[2024-05-30T14:17:47.351+0000][13406.771s][info][gc,task     ] GC(2845) Using 2 workers of 2 for marking
[2024-05-30T14:17:49.995+0000][13409.414s][info][gc,marking  ] GC(2845) Concurrent Mark From Roots 2643.321ms
[2024-05-30T14:17:49.995+0000][13409.414s][info][gc,marking  ] GC(2845) Concurrent Preclean
[2024-05-30T14:17:49.996+0000][13409.415s][info][gc,marking  ] GC(2845) Concurrent Preclean 1.237ms
[2024-05-30T14:17:49.996+0000][13409.415s][info][gc,start    ] GC(2845) Pause Remark
[2024-05-30T14:17:50.020+0000][13409.440s][info][gc          ] GC(2845) Pause Remark 5349M->5349M(12288M) 24.294ms
[2024-05-30T14:17:50.021+0000][13409.440s][info][gc,cpu      ] GC(2845) User=0.11s Sys=0.00s Real=0.03s
[2024-05-30T14:17:50.021+0000][13409.440s][info][gc,marking  ] GC(2845) Concurrent Mark 2669.268ms
[2024-05-30T14:17:50.021+0000][13409.440s][info][gc,marking  ] GC(2845) Concurrent Rebuild Remembered Sets
[2024-05-30T14:17:51.435+0000][13410.854s][info][gc,marking  ] GC(2845) Concurrent Rebuild Remembered Sets 1414.049ms
[2024-05-30T14:17:51.435+0000][13410.854s][info][gc,start    ] GC(2845) Pause Cleanup
[2024-05-30T14:17:51.435+0000][13410.855s][info][gc          ] GC(2845) Pause Cleanup 6765M->6765M(12288M) 0.493ms
[2024-05-30T14:17:51.435+0000][13410.855s][info][gc,cpu      ] GC(2845) User=0.00s Sys=0.00s Real=0.00s
[2024-05-30T14:17:51.435+0000][13410.855s][info][gc,marking  ] GC(2845) Concurrent Cleanup for Next Mark
[2024-05-30T14:17:51.453+0000][13410.872s][info][gc,marking  ] GC(2845) Concurrent Cleanup for Next Mark 17.515ms
[2024-05-30T14:17:51.453+0000][13410.872s][info][gc          ] GC(2845) Concurrent Mark Cycle 4118.276ms
[2024-05-30T14:17:53.848+0000][13413.267s][info][gc,start    ] GC(2846) Pause Young (Prepare Mixed) (G1 Evacuation Pause)
[2024-05-30T14:17:53.848+0000][13413.267s][info][gc,task     ] GC(2846) Using 6 workers of 6 for evacuation
[2024-05-30T14:17:53.871+0000][13413.290s][info][gc,phases   ] GC(2846)   Pre Evacuate Collection Set: 0.2ms
[2024-05-30T14:17:53.871+0000][13413.290s][info][gc,phases   ] GC(2846)   Merge Heap Roots: 0.3ms
[2024-05-30T14:17:53.871+0000][13413.290s][info][gc,phases   ] GC(2846)   Evacuate Collection Set: 20.2ms
[2024-05-30T14:17:53.871+0000][13413.290s][info][gc,phases   ] GC(2846)   Post Evacuate Collection Set: 2.0ms
[2024-05-30T14:17:53.871+0000][13413.290s][info][gc,phases   ] GC(2846)   Other: 0.2ms
[2024-05-30T14:17:53.871+0000][13413.290s][info][gc,heap     ] GC(2846) Eden regions: 872->0(66)
[2024-05-30T14:17:53.871+0000][13413.290s][info][gc,heap     ] GC(2846) Survivor regions: 8->10(110)
[2024-05-30T14:17:53.871+0000][13413.290s][info][gc,heap     ] GC(2846) Old regions: 328->328
[2024-05-30T14:17:53.871+0000][13413.290s][info][gc,heap     ] GC(2846) Archive regions: 2->2
[2024-05-30T14:17:53.871+0000][13413.290s][info][gc,heap     ] GC(2846) Humongous regions: 5->5
[2024-05-30T14:17:53.871+0000][13413.290s][info][gc,metaspace] GC(2846) Metaspace: 433967K(440128K)->433967K(440128K) NonClass: 379965K(383296K)->379965K(383296K) Class: 54001K(56832K)->54001K(56832K)
[2024-05-30T14:17:53.871+0000][13413.290s][info][gc          ] GC(2846) Pause Young (Prepare Mixed) (G1 Evacuation Pause) 9701M->2738M(12288M) 23.004ms
[2024-05-30T14:17:53.871+0000][13413.290s][info][gc,cpu      ] GC(2846) User=0.13s Sys=0.00s Real=0.03s
[2024-05-30T14:17:54.332+0000][13413.751s][info][gc,start    ] GC(2847) Pause Young (Mixed) (G1 Evacuation Pause)
[2024-05-30T14:17:54.332+0000][13413.751s][info][gc,task     ] GC(2847) Using 6 workers of 6 for evacuation
[2024-05-30T14:17:54.391+0000][13413.810s][info][gc,phases   ] GC(2847)   Pre Evacuate Collection Set: 0.2ms
[2024-05-30T14:17:54.391+0000][13413.810s][info][gc,phases   ] GC(2847)   Merge Heap Roots: 0.4ms
[2024-05-30T14:17:54.391+0000][13413.810s][info][gc,phases   ] GC(2847)   Evacuate Collection Set: 56.4ms
[2024-05-30T14:17:54.391+0000][13413.810s][info][gc,phases   ] GC(2847)   Post Evacuate Collection Set: 1.4ms
[2024-05-30T14:17:54.391+0000][13413.810s][info][gc,phases   ] GC(2847)   Other: 0.2ms
[2024-05-30T14:17:54.391+0000][13413.810s][info][gc,heap     ] GC(2847) Eden regions: 66->0(875)
[2024-05-30T14:17:54.391+0000][13413.810s][info][gc,heap     ] GC(2847) Survivor regions: 10->5(10)
[2024-05-30T14:17:54.391+0000][13413.810s][info][gc,heap     ] GC(2847) Old regions: 328->328
[2024-05-30T14:17:54.391+0000][13413.810s][info][gc,heap     ] GC(2847) Archive regions: 2->2
[2024-05-30T14:17:54.391+0000][13413.810s][info][gc,heap     ] GC(2847) Humongous regions: 5->5
[2024-05-30T14:17:54.391+0000][13413.810s][info][gc,metaspace] GC(2847) Metaspace: 433967K(440128K)->433967K(440128K) NonClass: 379965K(383296K)->379965K(383296K) Class: 54001K(56832K)->54001K(56832K)
[2024-05-30T14:17:54.391+0000][13413.810s][info][gc          ] GC(2847) Pause Young (Mixed) (G1 Evacuation Pause) 3266M->2706M(12288M) 58.565ms
[2024-05-30T14:17:54.391+0000][13413.810s][info][gc,cpu      ] GC(2847) User=0.35s Sys=0.00s Real=0.06s
[2024-05-30T14:18:00.335+0000][13419.754s][info][gc,start    ] GC(2848) Pause Young (Normal) (G1 Evacuation Pause)
[2024-05-30T14:18:00.335+0000][13419.754s][info][gc,task     ] GC(2848) Using 6 workers of 6 for evacuation
[2024-05-30T14:18:00.349+0000][13419.768s][info][gc,phases   ] GC(2848)   Pre Evacuate Collection Set: 0.2ms
[2024-05-30T14:18:00.349+0000][13419.768s][info][gc,phases   ] GC(2848)   Merge Heap Roots: 0.2ms
[2024-05-30T14:18:00.349+0000][13419.768s][info][gc,phases   ] GC(2848)   Evacuate Collection Set: 11.1ms
[2024-05-30T14:18:00.349+0000][13419.768s][info][gc,phases   ] GC(2848)   Post Evacuate Collection Set: 1.8ms
[2024-05-30T14:18:00.349+0000][13419.768s][info][gc,phases   ] GC(2848)   Other: 0.2ms
[2024-05-30T14:18:00.349+0000][13419.768s][info][gc,heap     ] GC(2848) Eden regions: 875->0(874)
[2024-05-30T14:18:00.349+0000][13419.768s][info][gc,heap     ] GC(2848) Survivor regions: 5->6(110)
[2024-05-30T14:18:00.349+0000][13419.768s][info][gc,heap     ] GC(2848) Old regions: 328->328
[2024-05-30T14:18:00.349+0000][13419.768s][info][gc,heap     ] GC(2848) Archive regions: 2->2
[2024-05-30T14:18:00.349+0000][13419.768s][info][gc,heap     ] GC(2848) Humongous regions: 5->5
[2024-05-30T14:18:00.349+0000][13419.768s][info][gc,metaspace] GC(2848) Metaspace: 433967K(440128K)->433967K(440128K) NonClass: 379965K(383296K)->379965K(383296K) Class: 54001K(56832K)->54001K(56832K)
[2024-05-30T14:18:00.349+0000][13419.768s][info][gc          ] GC(2848) Pause Young (Normal) (G1 Evacuation Pause) 9706M->2715M(12288M) 13.562ms
[2024-05-30T14:18:00.349+0000][13419.768s][info][gc,cpu      ] GC(2848) User=0.08s Sys=0.00s Real=0.02s
[2024-05-30T14:18:06.250+0000][13425.670s][info][gc,start    ] GC(2849) Pause Young (Normal) (G1 Evacuation Pause)
[2024-05-30T14:18:06.250+0000][13425.670s][info][gc,task     ] GC(2849) Using 6 workers of 6 for evacuation
[2024-05-30T14:18:06.266+0000][13425.685s][info][gc,phases   ] GC(2849)   Pre Evacuate Collection Set: 0.2ms
[2024-05-30T14:18:06.266+0000][13425.686s][info][gc,phases   ] GC(2849)   Merge Heap Roots: 0.2ms
[2024-05-30T14:18:06.266+0000][13425.686s][info][gc,phases   ] GC(2849)   Evacuate Collection Set: 13.5ms
[2024-05-30T14:18:06.266+0000][13425.686s][info][gc,phases   ] GC(2849)   Post Evacuate Collection Set: 1.9ms
[2024-05-30T14:18:06.266+0000][13425.686s][info][gc,phases   ] GC(2849)   Other: 0.2ms
[2024-05-30T14:18:06.266+0000][13425.686s][info][gc,heap     ] GC(2849) Eden regions: 874->0(872)
[2024-05-30T14:18:06.266+0000][13425.686s][info][gc,heap     ] GC(2849) Survivor regions: 6->8(110)
[2024-05-30T14:18:06.266+0000][13425.686s][info][gc,heap     ] GC(2849) Old regions: 328->328
[2024-05-30T14:18:06.266+0000][13425.686s][info][gc,heap     ] GC(2849) Archive regions: 2->2
[2024-05-30T14:18:06.266+0000][13425.686s][info][gc,heap     ] GC(2849) Humongous regions: 5->5
[2024-05-30T14:18:06.266+0000][13425.686s][info][gc,metaspace] GC(2849) Metaspace: 433967K(440128K)->433967K(440128K) NonClass: 379965K(383296K)->379965K(383296K) Class: 54001K(56832K)->54001K(56832K)
[2024-05-30T14:18:06.266+0000][13425.686s][info][gc          ] GC(2849) Pause Young (Normal) (G1 Evacuation Pause) 9707M->2726M(12288M) 16.070ms
[2024-05-30T14:18:06.266+0000][13425.686s][info][gc,cpu      ] GC(2849) User=0.09s Sys=0.00s Real=0.01s
[2024-05-30T14:18:12.150+0000][13431.570s][info][gc,start    ] GC(2850) Pause Young (Concurrent Start) (G1 Evacuation Pause)
[2024-05-30T14:18:12.150+0000][13431.570s][info][gc,task     ] GC(2850) Using 6 workers of 6 for evacuation
[2024-05-30T14:18:12.170+0000][13431.589s][info][gc,phases   ] GC(2850)   Pre Evacuate Collection Set: 0.6ms
[2024-05-30T14:18:12.170+0000][13431.589s][info][gc,phases   ] GC(2850)   Merge Heap Roots: 0.2ms
[2024-05-30T14:18:12.170+0000][13431.589s][info][gc,phases   ] GC(2850)   Evacuate Collection Set: 17.0ms
[2024-05-30T14:18:12.170+0000][13431.589s][info][gc,phases   ] GC(2850)   Post Evacuate Collection Set: 1.8ms
[2024-05-30T14:18:12.170+0000][13431.589s][info][gc,phases   ] GC(2850)   Other: 0.3ms
[2024-05-30T14:18:12.170+0000][13431.589s][info][gc,heap     ] GC(2850) Eden regions: 872->0(870)
[2024-05-30T14:18:12.170+0000][13431.589s][info][gc,heap     ] GC(2850) Survivor regions: 8->10(110)
[2024-05-30T14:18:12.170+0000][13431.589s][info][gc,heap     ] GC(2850) Old regions: 328->328
[2024-05-30T14:18:12.170+0000][13431.589s][info][gc,heap     ] GC(2850) Archive regions: 2->2
[2024-05-30T14:18:12.170+0000][13431.589s][info][gc,heap     ] GC(2850) Humongous regions: 5->5
[2024-05-30T14:18:12.170+0000][13431.589s][info][gc,metaspace] GC(2850) Metaspace: 433967K(440128K)->433967K(440128K) NonClass: 379965K(383296K)->379965K(383296K) Class: 54001K(56832K)->54001K(56832K)
[2024-05-30T14:18:12.170+0000][13431.590s][info][gc          ] GC(2850) Pause Young (Concurrent Start) (G1 Evacuation Pause) 9702M->2743M(12288M) 19.895ms
[2024-05-30T14:18:12.170+0000][13431.590s][info][gc,cpu      ] GC(2850) User=0.11s Sys=0.01s Real=0.02s
[2024-05-30T14:18:12.170+0000][13431.590s][info][gc          ] GC(2851) Concurrent Mark Cycle
[2024-05-30T14:18:12.170+0000][13431.590s][info][gc,marking  ] GC(2851) Concurrent Clear Claimed Marks
[2024-05-30T14:18:12.171+0000][13431.590s][info][gc,marking  ] GC(2851) Concurrent Clear Claimed Marks 0.373ms
[2024-05-30T14:18:12.171+0000][13431.590s][info][gc,marking  ] GC(2851) Concurrent Scan Root Regions
[2024-05-30T14:18:12.183+0000][13431.602s][info][gc,marking  ] GC(2851) Concurrent Scan Root Regions 12.201ms
[2024-05-30T14:18:12.183+0000][13431.602s][info][gc,marking  ] GC(2851) Concurrent Mark
[2024-05-30T14:18:12.183+0000][13431.602s][info][gc,marking  ] GC(2851) Concurrent Mark From Roots
[2024-05-30T14:18:12.183+0000][13431.602s][info][gc,task     ] GC(2851) Using 2 workers of 2 for marking
[2024-05-30T14:18:14.841+0000][13434.260s][info][gc,marking  ] GC(2851) Concurrent Mark From Roots 2657.579ms
[2024-05-30T14:18:14.841+0000][13434.260s][info][gc,marking  ] GC(2851) Concurrent Preclean
[2024-05-30T14:18:14.842+0000][13434.261s][info][gc,marking  ] GC(2851) Concurrent Preclean 1.353ms
[2024-05-30T14:18:14.842+0000][13434.261s][info][gc,start    ] GC(2851) Pause Remark
[2024-05-30T14:18:14.868+0000][13434.288s][info][gc          ] GC(2851) Pause Remark 5499M->5499M(12288M) 26.264ms
[2024-05-30T14:18:14.869+0000][13434.288s][info][gc,cpu      ] GC(2851) User=0.11s Sys=0.00s Real=0.03s
[2024-05-30T14:18:14.869+0000][13434.288s][info][gc,marking  ] GC(2851) Concurrent Mark 2685.621ms
[2024-05-30T14:18:14.869+0000][13434.288s][info][gc,marking  ] GC(2851) Concurrent Rebuild Remembered Sets
[2024-05-30T14:18:16.332+0000][13435.751s][info][gc,marking  ] GC(2851) Concurrent Rebuild Remembered Sets 1463.077ms
[2024-05-30T14:18:16.332+0000][13435.751s][info][gc,start    ] GC(2851) Pause Cleanup
[2024-05-30T14:18:16.332+0000][13435.752s][info][gc          ] GC(2851) Pause Cleanup 7047M->7047M(12288M) 0.554ms
[2024-05-30T14:18:16.333+0000][13435.752s][info][gc,cpu      ] GC(2851) User=0.00s Sys=0.00s Real=0.00s
[2024-05-30T14:18:16.333+0000][13435.752s][info][gc,marking  ] GC(2851) Concurrent Cleanup for Next Mark
[2024-05-30T14:18:16.350+0000][13435.769s][info][gc,marking  ] GC(2851) Concurrent Cleanup for Next Mark 17.006ms
[2024-05-30T14:18:16.350+0000][13435.769s][info][gc          ] GC(2851) Concurrent Mark Cycle 4179.321ms
[2024-05-30T14:18:18.635+0000][13438.055s][info][gc,start    ] GC(2852) Pause Young (Prepare Mixed) (G1 Evacuation Pause)
[2024-05-30T14:18:18.635+0000][13438.055s][info][gc,task     ] GC(2852) Using 6 workers of 6 for evacuation
[2024-05-30T14:18:18.657+0000][13438.077s][info][gc,phases   ] GC(2852)   Pre Evacuate Collection Set: 0.2ms
[2024-05-30T14:18:18.658+0000][13438.077s][info][gc,phases   ] GC(2852)   Merge Heap Roots: 0.3ms
[2024-05-30T14:18:18.658+0000][13438.077s][info][gc,phases   ] GC(2852)   Evacuate Collection Set: 19.6ms
[2024-05-30T14:18:18.658+0000][13438.077s][info][gc,phases   ] GC(2852)   Post Evacuate Collection Set: 1.8ms
[2024-05-30T14:18:18.658+0000][13438.077s][info][gc,phases   ] GC(2852)   Other: 0.2ms
[2024-05-30T14:18:18.658+0000][13438.077s][info][gc,heap     ] GC(2852) Eden regions: 870->0(66)
[2024-05-30T14:18:18.658+0000][13438.077s][info][gc,heap     ] GC(2852) Survivor regions: 10->10(110)
[2024-05-30T14:18:18.658+0000][13438.077s][info][gc,heap     ] GC(2852) Old regions: 328->328
[2024-05-30T14:18:18.658+0000][13438.077s][info][gc,heap     ] GC(2852) Archive regions: 2->2
[2024-05-30T14:18:18.658+0000][13438.077s][info][gc,heap     ] GC(2852) Humongous regions: 5->5
[2024-05-30T14:18:18.658+0000][13438.077s][info][gc,metaspace] GC(2852) Metaspace: 433967K(440128K)->433967K(440128K) NonClass: 379965K(383296K)->379965K(383296K) Class: 54001K(56832K)->54001K(56832K)
[2024-05-30T14:18:18.658+0000][13438.077s][info][gc          ] GC(2852) Pause Young (Prepare Mixed) (G1 Evacuation Pause) 9703M->2744M(12288M) 22.177ms
[2024-05-30T14:18:18.658+0000][13438.077s][info][gc,cpu      ] GC(2852) User=0.13s Sys=0.00s Real=0.03s
[2024-05-30T14:18:19.107+0000][13438.526s][info][gc,start    ] GC(2853) Pause Young (Mixed) (G1 Evacuation Pause)
[2024-05-30T14:18:19.107+0000][13438.526s][info][gc,task     ] GC(2853) Using 6 workers of 6 for evacuation
[2024-05-30T14:18:19.165+0000][13438.584s][info][gc,phases   ] GC(2853)   Pre Evacuate Collection Set: 0.2ms
[2024-05-30T14:18:19.165+0000][13438.584s][info][gc,phases   ] GC(2853)   Merge Heap Roots: 0.4ms
[2024-05-30T14:18:19.165+0000][13438.584s][info][gc,phases   ] GC(2853)   Evacuate Collection Set: 55.9ms
[2024-05-30T14:18:19.165+0000][13438.584s][info][gc,phases   ] GC(2853)   Post Evacuate Collection Set: 1.3ms
[2024-05-30T14:18:19.165+0000][13438.584s][info][gc,phases   ] GC(2853)   Other: 0.2ms
[2024-05-30T14:18:19.165+0000][13438.584s][info][gc,heap     ] GC(2853) Eden regions: 66->0(873)
[2024-05-30T14:18:19.165+0000][13438.584s][info][gc,heap     ] GC(2853) Survivor regions: 10->5(10)
[2024-05-30T14:18:19.165+0000][13438.584s][info][gc,heap     ] GC(2853) Old regions: 328->330
[2024-05-30T14:18:19.165+0000][13438.584s][info][gc,heap     ] GC(2853) Archive regions: 2->2
[2024-05-30T14:18:19.165+0000][13438.584s][info][gc,heap     ] GC(2853) Humongous regions: 5->5
[2024-05-30T14:18:19.165+0000][13438.584s][info][gc,metaspace] GC(2853) Metaspace: 433967K(440128K)->433967K(440128K) NonClass: 379965K(383296K)->379965K(383296K) Class: 54001K(56832K)->54001K(56832K)
[2024-05-30T14:18:19.165+0000][13438.584s][info][gc          ] GC(2853) Pause Young (Mixed) (G1 Evacuation Pause) 3272M->2717M(12288M) 57.920ms
[2024-05-30T14:18:19.165+0000][13438.584s][info][gc,cpu      ] GC(2853) User=0.34s Sys=0.00s Real=0.06s
[2024-05-30T14:18:25.133+0000][13444.552s][info][gc,start    ] GC(2854) Pause Young (Normal) (G1 Evacuation Pause)
[2024-05-30T14:18:25.133+0000][13444.552s][info][gc,task     ] GC(2854) Using 6 workers of 6 for evacuation
[2024-05-30T14:18:25.147+0000][13444.567s][info][gc,phases   ] GC(2854)   Pre Evacuate Collection Set: 0.2ms
[2024-05-30T14:18:25.147+0000][13444.567s][info][gc,phases   ] GC(2854)   Merge Heap Roots: 0.2ms
[2024-05-30T14:18:25.147+0000][13444.567s][info][gc,phases   ] GC(2854)   Evacuate Collection Set: 11.8ms
[2024-05-30T14:18:25.147+0000][13444.567s][info][gc,phases   ] GC(2854)   Post Evacuate Collection Set: 2.1ms
[2024-05-30T14:18:25.147+0000][13444.567s][info][gc,phases   ] GC(2854)   Other: 0.2ms
[2024-05-30T14:18:25.147+0000][13444.567s][info][gc,heap     ] GC(2854) Eden regions: 873->0(871)
[2024-05-30T14:18:25.147+0000][13444.567s][info][gc,heap     ] GC(2854) Survivor regions: 5->6(110)
[2024-05-30T14:18:25.147+0000][13444.567s][info][gc,heap     ] GC(2854) Old regions: 330->330
[2024-05-30T14:18:25.147+0000][13444.567s][info][gc,heap     ] GC(2854) Archive regions: 2->2
[2024-05-30T14:18:25.147+0000][13444.567s][info][gc,heap     ] GC(2854) Humongous regions: 5->5
[2024-05-30T14:18:25.147+0000][13444.567s][info][gc,metaspace] GC(2854) Metaspace: 433967K(440128K)->433967K(440128K) NonClass: 379965K(383296K)->379965K(383296K) Class: 54001K(56832K)->54001K(56832K)
[2024-05-30T14:18:25.147+0000][13444.567s][info][gc          ] GC(2854) Pause Young (Normal) (G1 Evacuation Pause) 9701M->2727M(12288M) 14.562ms
[2024-05-30T14:18:25.147+0000][13444.567s][info][gc,cpu      ] GC(2854) User=0.08s Sys=0.01s Real=0.01s
[2024-05-30T14:18:31.131+0000][13450.550s][info][gc,start    ] GC(2855) Pause Young (Normal) (G1 Evacuation Pause)
[2024-05-30T14:18:31.131+0000][13450.550s][info][gc,task     ] GC(2855) Using 6 workers of 6 for evacuation
[2024-05-30T14:18:31.147+0000][13450.566s][info][gc,phases   ] GC(2855)   Pre Evacuate Collection Set: 0.2ms
[2024-05-30T14:18:31.147+0000][13450.566s][info][gc,phases   ] GC(2855)   Merge Heap Roots: 0.2ms
[2024-05-30T14:18:31.147+0000][13450.566s][info][gc,phases   ] GC(2855)   Evacuate Collection Set: 13.5ms
[2024-05-30T14:18:31.147+0000][13450.566s][info][gc,phases   ] GC(2855)   Post Evacuate Collection Set: 1.8ms
[2024-05-30T14:18:31.147+0000][13450.566s][info][gc,phases   ] GC(2855)   Other: 0.2ms
[2024-05-30T14:18:31.147+0000][13450.566s][info][gc,heap     ] GC(2855) Eden regions: 871->0(869)
[2024-05-30T14:18:31.147+0000][13450.566s][info][gc,heap     ] GC(2855) Survivor regions: 6->8(110)
[2024-05-30T14:18:31.147+0000][13450.566s][info][gc,heap     ] GC(2855) Old regions: 330->330
[2024-05-30T14:18:31.147+0000][13450.566s][info][gc,heap     ] GC(2855) Archive regions: 2->2
[2024-05-30T14:18:31.147+0000][13450.566s][info][gc,heap     ] GC(2855) Humongous regions: 5->5
[2024-05-30T14:18:31.147+0000][13450.566s][info][gc,metaspace] GC(2855) Metaspace: 433967K(440128K)->433967K(440128K) NonClass: 379965K(383296K)->379965K(383296K) Class: 54001K(56832K)->54001K(56832K)
[2024-05-30T14:18:31.147+0000][13450.566s][info][gc          ] GC(2855) Pause Young (Normal) (G1 Evacuation Pause) 9695M->2743M(12288M) 15.901ms
[2024-05-30T14:18:31.147+0000][13450.566s][info][gc,cpu      ] GC(2855) User=0.09s Sys=0.00s Real=0.01s
[2024-05-30T14:18:36.970+0000][13456.389s][info][gc,start    ] GC(2856) Pause Young (Concurrent Start) (G1 Evacuation Pause)
[2024-05-30T14:18:36.970+0000][13456.389s][info][gc,task     ] GC(2856) Using 6 workers of 6 for evacuation
[2024-05-30T14:18:36.989+0000][13456.408s][info][gc,phases   ] GC(2856)   Pre Evacuate Collection Set: 0.5ms
[2024-05-30T14:18:36.989+0000][13456.408s][info][gc,phases   ] GC(2856)   Merge Heap Roots: 0.2ms
[2024-05-30T14:18:36.989+0000][13456.408s][info][gc,phases   ] GC(2856)   Evacuate Collection Set: 16.0ms
[2024-05-30T14:18:36.989+0000][13456.408s][info][gc,phases   ] GC(2856)   Post Evacuate Collection Set: 1.8ms
[2024-05-30T14:18:36.989+0000][13456.408s][info][gc,phases   ] GC(2856)   Other: 0.3ms
[2024-05-30T14:18:36.989+0000][13456.408s][info][gc,heap     ] GC(2856) Eden regions: 869->0(868)
[2024-05-30T14:18:36.989+0000][13456.408s][info][gc,heap     ] GC(2856) Survivor regions: 8->9(110)
[2024-05-30T14:18:36.989+0000][13456.408s][info][gc,heap     ] GC(2856) Old regions: 330->330
[2024-05-30T14:18:36.989+0000][13456.408s][info][gc,heap     ] GC(2856) Archive regions: 2->2
[2024-05-30T14:18:36.989+0000][13456.408s][info][gc,heap     ] GC(2856) Humongous regions: 5->5
[2024-05-30T14:18:36.989+0000][13456.408s][info][gc,metaspace] GC(2856) Metaspace: 433967K(440128K)->433967K(440128K) NonClass: 379965K(383296K)->379965K(383296K) Class: 54001K(56832K)->54001K(56832K)
[2024-05-30T14:18:36.989+0000][13456.408s][info][gc          ] GC(2856) Pause Young (Concurrent Start) (G1 Evacuation Pause) 9695M->2746M(12288M) 18.867ms
[2024-05-30T14:18:36.989+0000][13456.408s][info][gc,cpu      ] GC(2856) User=0.11s Sys=0.00s Real=0.02s
[2024-05-30T14:18:36.989+0000][13456.408s][info][gc          ] GC(2857) Concurrent Mark Cycle
[2024-05-30T14:18:36.989+0000][13456.408s][info][gc,marking  ] GC(2857) Concurrent Clear Claimed Marks
[2024-05-30T14:18:36.989+0000][13456.409s][info][gc,marking  ] GC(2857) Concurrent Clear Claimed Marks 0.367ms
[2024-05-30T14:18:36.989+0000][13456.409s][info][gc,marking  ] GC(2857) Concurrent Scan Root Regions
[2024-05-30T14:18:37.027+0000][13456.447s][info][gc,marking  ] GC(2857) Concurrent Scan Root Regions 37.875ms
[2024-05-30T14:18:37.027+0000][13456.447s][info][gc,marking  ] GC(2857) Concurrent Mark
[2024-05-30T14:18:37.027+0000][13456.447s][info][gc,marking  ] GC(2857) Concurrent Mark From Roots
[2024-05-30T14:18:37.027+0000][13456.447s][info][gc,task     ] GC(2857) Using 2 workers of 2 for marking
[2024-05-30T14:18:39.706+0000][13459.126s][info][gc,marking  ] GC(2857) Concurrent Mark From Roots 2679.025ms
[2024-05-30T14:18:39.706+0000][13459.126s][info][gc,marking  ] GC(2857) Concurrent Preclean
[2024-05-30T14:18:39.708+0000][13459.127s][info][gc,marking  ] GC(2857) Concurrent Preclean 1.433ms
[2024-05-30T14:18:39.708+0000][13459.127s][info][gc,start    ] GC(2857) Pause Remark
[2024-05-30T14:18:39.732+0000][13459.151s][info][gc          ] GC(2857) Pause Remark 5966M->5966M(12288M) 24.162ms
[2024-05-30T14:18:39.732+0000][13459.152s][info][gc,cpu      ] GC(2857) User=0.10s Sys=0.00s Real=0.03s
[2024-05-30T14:18:39.732+0000][13459.152s][info][gc,marking  ] GC(2857) Concurrent Mark 2704.983ms
[2024-05-30T14:18:39.732+0000][13459.152s][info][gc,marking  ] GC(2857) Concurrent Rebuild Remembered Sets
[2024-05-30T14:18:41.314+0000][13460.733s][info][gc,marking  ] GC(2857) Concurrent Rebuild Remembered Sets 1581.209ms
[2024-05-30T14:18:41.314+0000][13460.733s][info][gc,start    ] GC(2857) Pause Cleanup
[2024-05-30T14:18:41.314+0000][13460.733s][info][gc          ] GC(2857) Pause Cleanup 7962M->7962M(12288M) 0.484ms
[2024-05-30T14:18:41.314+0000][13460.734s][info][gc,cpu      ] GC(2857) User=0.00s Sys=0.00s Real=0.00s
[2024-05-30T14:18:41.314+0000][13460.734s][info][gc,marking  ] GC(2857) Concurrent Cleanup for Next Mark
[2024-05-30T14:18:41.331+0000][13460.751s][info][gc,marking  ] GC(2857) Concurrent Cleanup for Next Mark 17.108ms
[2024-05-30T14:18:41.332+0000][13460.751s][info][gc          ] GC(2857) Concurrent Mark Cycle 4342.473ms
[2024-05-30T14:18:42.855+0000][13462.274s][info][gc,start    ] GC(2858) Pause Young (Prepare Mixed) (G1 Evacuation Pause)
[2024-05-30T14:18:42.855+0000][13462.274s][info][gc,task     ] GC(2858) Using 6 workers of 6 for evacuation
[2024-05-30T14:18:42.875+0000][13462.294s][info][gc,phases   ] GC(2858)   Pre Evacuate Collection Set: 0.2ms
[2024-05-30T14:18:42.875+0000][13462.294s][info][gc,phases   ] GC(2858)   Merge Heap Roots: 0.3ms
[2024-05-30T14:18:42.875+0000][13462.294s][info][gc,phases   ] GC(2858)   Evacuate Collection Set: 17.3ms
[2024-05-30T14:18:42.875+0000][13462.294s][info][gc,phases   ] GC(2858)   Post Evacuate Collection Set: 1.8ms
[2024-05-30T14:18:42.875+0000][13462.294s][info][gc,phases   ] GC(2858)   Other: 0.2ms
[2024-05-30T14:18:42.875+0000][13462.294s][info][gc,heap     ] GC(2858) Eden regions: 868->0(67)
[2024-05-30T14:18:42.875+0000][13462.294s][info][gc,heap     ] GC(2858) Survivor regions: 9->9(110)
[2024-05-30T14:18:42.875+0000][13462.294s][info][gc,heap     ] GC(2858) Old regions: 330->330
[2024-05-30T14:18:42.875+0000][13462.294s][info][gc,heap     ] GC(2858) Archive regions: 2->2
[2024-05-30T14:18:42.875+0000][13462.294s][info][gc,heap     ] GC(2858) Humongous regions: 5->5
[2024-05-30T14:18:42.875+0000][13462.294s][info][gc,metaspace] GC(2858) Metaspace: 433967K(440128K)->433967K(440128K) NonClass: 379965K(383296K)->379965K(383296K) Class: 54001K(56832K)->54001K(56832K)
[2024-05-30T14:18:42.875+0000][13462.294s][info][gc          ] GC(2858) Pause Young (Prepare Mixed) (G1 Evacuation Pause) 9690M->2745M(12288M) 19.815ms
[2024-05-30T14:18:42.875+0000][13462.294s][info][gc,cpu      ] GC(2858) User=0.12s Sys=0.00s Real=0.02s
[2024-05-30T14:18:43.361+0000][13462.780s][info][gc,start    ] GC(2859) Pause Young (Mixed) (G1 Evacuation Pause)
[2024-05-30T14:18:43.361+0000][13462.780s][info][gc,task     ] GC(2859) Using 6 workers of 6 for evacuation
[2024-05-30T14:18:43.412+0000][13462.831s][info][gc,phases   ] GC(2859)   Pre Evacuate Collection Set: 0.2ms
[2024-05-30T14:18:43.412+0000][13462.831s][info][gc,phases   ] GC(2859)   Merge Heap Roots: 0.3ms
[2024-05-30T14:18:43.412+0000][13462.831s][info][gc,phases   ] GC(2859)   Evacuate Collection Set: 49.0ms
[2024-05-30T14:18:43.412+0000][13462.831s][info][gc,phases   ] GC(2859)   Post Evacuate Collection Set: 1.3ms
[2024-05-30T14:18:43.412+0000][13462.831s][info][gc,phases   ] GC(2859)   Other: 0.2ms
[2024-05-30T14:18:43.412+0000][13462.831s][info][gc,heap     ] GC(2859) Eden regions: 67->0(874)
[2024-05-30T14:18:43.412+0000][13462.831s][info][gc,heap     ] GC(2859) Survivor regions: 9->5(10)
[2024-05-30T14:18:43.412+0000][13462.831s][info][gc,heap     ] GC(2859) Old regions: 330->329
[2024-05-30T14:18:43.412+0000][13462.831s][info][gc,heap     ] GC(2859) Archive regions: 2->2
[2024-05-30T14:18:43.412+0000][13462.831s][info][gc,heap     ] GC(2859) Humongous regions: 5->5
[2024-05-30T14:18:43.412+0000][13462.831s][info][gc,metaspace] GC(2859) Metaspace: 433967K(440128K)->433967K(440128K) NonClass: 379965K(383296K)->379965K(383296K) Class: 54001K(56832K)->54001K(56832K)
[2024-05-30T14:18:43.412+0000][13462.831s][info][gc          ] GC(2859) Pause Young (Mixed) (G1 Evacuation Pause) 3281M->2708M(12288M) 51.048ms
[2024-05-30T14:18:43.412+0000][13462.831s][info][gc,cpu      ] GC(2859) User=0.30s Sys=0.00s Real=0.05s
[2024-05-30T14:18:48.612+0000][13468.031s][info][gc,start    ] GC(2860) Pause Young (Normal) (G1 Evacuation Pause)
[2024-05-30T14:18:48.612+0000][13468.031s][info][gc,task     ] GC(2860) Using 6 workers of 6 for evacuation
[2024-05-30T14:18:48.625+0000][13468.045s][info][gc,phases   ] GC(2860)   Pre Evacuate Collection Set: 0.2ms
[2024-05-30T14:18:48.626+0000][13468.045s][info][gc,phases   ] GC(2860)   Merge Heap Roots: 0.2ms
[2024-05-30T14:18:48.626+0000][13468.045s][info][gc,phases   ] GC(2860)   Evacuate Collection Set: 11.2ms
[2024-05-30T14:18:48.626+0000][13468.045s][info][gc,phases   ] GC(2860)   Post Evacuate Collection Set: 1.8ms
[2024-05-30T14:18:48.626+0000][13468.045s][info][gc,phases   ] GC(2860)   Other: 0.2ms
[2024-05-30T14:18:48.626+0000][13468.045s][info][gc,heap     ] GC(2860) Eden regions: 874->0(872)
[2024-05-30T14:18:48.626+0000][13468.045s][info][gc,heap     ] GC(2860) Survivor regions: 5->7(110)
[2024-05-30T14:18:48.626+0000][13468.045s][info][gc,heap     ] GC(2860) Old regions: 329->329
[2024-05-30T14:18:48.626+0000][13468.045s][info][gc,heap     ] GC(2860) Archive regions: 2->2
[2024-05-30T14:18:48.626+0000][13468.045s][info][gc,heap     ] GC(2860) Humongous regions: 5->5
[2024-05-30T14:18:48.626+0000][13468.045s][info][gc,metaspace] GC(2860) Metaspace: 433967K(440128K)->433967K(440128K) NonClass: 379965K(383296K)->379965K(383296K) Class: 54001K(56832K)->54001K(56832K)
[2024-05-30T14:18:48.626+0000][13468.045s][info][gc          ] GC(2860) Pause Young (Normal) (G1 Evacuation Pause) 9700M->2722M(12288M) 13.682ms
[2024-05-30T14:18:48.626+0000][13468.045s][info][gc,cpu      ] GC(2860) User=0.08s Sys=0.00s Real=0.01s
[2024-05-30T14:18:54.572+0000][13473.991s][info][gc,start    ] GC(2861) Pause Young (Normal) (G1 Evacuation Pause)
[2024-05-30T14:18:54.572+0000][13473.991s][info][gc,task     ] GC(2861) Using 6 workers of 6 for evacuation
[2024-05-30T14:18:54.589+0000][13474.008s][info][gc,phases   ] GC(2861)   Pre Evacuate Collection Set: 0.2ms
[2024-05-30T14:18:54.589+0000][13474.008s][info][gc,phases   ] GC(2861)   Merge Heap Roots: 0.3ms
[2024-05-30T14:18:54.589+0000][13474.008s][info][gc,phases   ] GC(2861)   Evacuate Collection Set: 14.1ms
[2024-05-30T14:18:54.589+0000][13474.008s][info][gc,phases   ] GC(2861)   Post Evacuate Collection Set: 2.1ms
[2024-05-30T14:18:54.589+0000][13474.008s][info][gc,phases   ] GC(2861)   Other: 0.2ms
[2024-05-30T14:18:54.589+0000][13474.008s][info][gc,heap     ] GC(2861) Eden regions: 872->0(871)
[2024-05-30T14:18:54.589+0000][13474.008s][info][gc,heap     ] GC(2861) Survivor regions: 7->8(110)
[2024-05-30T14:18:54.589+0000][13474.008s][info][gc,heap     ] GC(2861) Old regions: 329->329
[2024-05-30T14:18:54.589+0000][13474.008s][info][gc,heap     ] GC(2861) Archive regions: 2->2
[2024-05-30T14:18:54.589+0000][13474.008s][info][gc,heap     ] GC(2861) Humongous regions: 5->5
[2024-05-30T14:18:54.589+0000][13474.008s][info][gc,metaspace] GC(2861) Metaspace: 433967K(440128K)->433967K(440128K) NonClass: 379965K(383296K)->379965K(383296K) Class: 54001K(56832K)->54001K(56832K)
[2024-05-30T14:18:54.589+0000][13474.008s][info][gc          ] GC(2861) Pause Young (Normal) (G1 Evacuation Pause) 9698M->2731M(12288M) 16.902ms
[2024-05-30T14:18:54.589+0000][13474.008s][info][gc,cpu      ] GC(2861) User=0.10s Sys=0.00s Real=0.02s
[2024-05-30T14:19:00.390+0000][13479.809s][info][gc,start    ] GC(2862) Pause Young (Concurrent Start) (G1 Evacuation Pause)
[2024-05-30T14:19:00.390+0000][13479.809s][info][gc,task     ] GC(2862) Using 6 workers of 6 for evacuation
[2024-05-30T14:19:00.409+0000][13479.829s][info][gc,phases   ] GC(2862)   Pre Evacuate Collection Set: 0.5ms
[2024-05-30T14:19:00.409+0000][13479.829s][info][gc,phases   ] GC(2862)   Merge Heap Roots: 0.2ms
[2024-05-30T14:19:00.409+0000][13479.829s][info][gc,phases   ] GC(2862)   Evacuate Collection Set: 17.1ms
[2024-05-30T14:19:00.409+0000][13479.829s][info][gc,phases   ] GC(2862)   Post Evacuate Collection Set: 1.8ms
[2024-05-30T14:19:00.409+0000][13479.829s][info][gc,phases   ] GC(2862)   Other: 0.3ms
[2024-05-30T14:19:00.409+0000][13479.829s][info][gc,heap     ] GC(2862) Eden regions: 871->0(869)
[2024-05-30T14:19:00.410+0000][13479.829s][info][gc,heap     ] GC(2862) Survivor regions: 8->10(110)
[2024-05-30T14:19:00.410+0000][13479.829s][info][gc,heap     ] GC(2862) Old regions: 329->329
[2024-05-30T14:19:00.410+0000][13479.829s][info][gc,heap     ] GC(2862) Archive regions: 2->2
[2024-05-30T14:19:00.410+0000][13479.829s][info][gc,heap     ] GC(2862) Humongous regions: 5->5
[2024-05-30T14:19:00.410+0000][13479.829s][info][gc,metaspace] GC(2862) Metaspace: 433967K(440128K)->433967K(440128K) NonClass: 379966K(383296K)->379966K(383296K) Class: 54001K(56832K)->54001K(56832K)
[2024-05-30T14:19:00.410+0000][13479.829s][info][gc          ] GC(2862) Pause Young (Concurrent Start) (G1 Evacuation Pause) 9699M->2744M(12288M) 19.918ms
[2024-05-30T14:19:00.410+0000][13479.829s][info][gc,cpu      ] GC(2862) User=0.12s Sys=0.00s Real=0.02s
[2024-05-30T14:19:00.410+0000][13479.829s][info][gc          ] GC(2863) Concurrent Mark Cycle
[2024-05-30T14:19:00.410+0000][13479.829s][info][gc,marking  ] GC(2863) Concurrent Clear Claimed Marks
[2024-05-30T14:19:00.410+0000][13479.829s][info][gc,marking  ] GC(2863) Concurrent Clear Claimed Marks 0.375ms
[2024-05-30T14:19:00.410+0000][13479.829s][info][gc,marking  ] GC(2863) Concurrent Scan Root Regions
[2024-05-30T14:19:00.428+0000][13479.848s][info][gc,marking  ] GC(2863) Concurrent Scan Root Regions 18.349ms
[2024-05-30T14:19:00.428+0000][13479.848s][info][gc,marking  ] GC(2863) Concurrent Mark
[2024-05-30T14:19:00.428+0000][13479.848s][info][gc,marking  ] GC(2863) Concurrent Mark From Roots
[2024-05-30T14:19:00.428+0000][13479.848s][info][gc,task     ] GC(2863) Using 2 workers of 2 for marking
[2024-05-30T14:19:03.142+0000][13482.561s][info][gc,marking  ] GC(2863) Concurrent Mark From Roots 2713.482ms
[2024-05-30T14:19:03.142+0000][13482.561s][info][gc,marking  ] GC(2863) Concurrent Preclean
[2024-05-30T14:19:03.143+0000][13482.563s][info][gc,marking  ] GC(2863) Concurrent Preclean 1.311ms
[2024-05-30T14:19:03.143+0000][13482.563s][info][gc,start    ] GC(2863) Pause Remark
[2024-05-30T14:19:03.168+0000][13482.587s][info][gc          ] GC(2863) Pause Remark 5556M->5556M(12288M) 24.293ms
[2024-05-30T14:19:03.168+0000][13482.587s][info][gc,cpu      ] GC(2863) User=0.11s Sys=0.00s Real=0.02s
[2024-05-30T14:19:03.168+0000][13482.587s][info][gc,marking  ] GC(2863) Concurrent Mark 2739.489ms
[2024-05-30T14:19:03.168+0000][13482.587s][info][gc,marking  ] GC(2863) Concurrent Rebuild Remembered Sets
[2024-05-30T14:19:04.641+0000][13484.061s][info][gc,marking  ] GC(2863) Concurrent Rebuild Remembered Sets 1473.413ms
[2024-05-30T14:19:04.642+0000][13484.061s][info][gc,start    ] GC(2863) Pause Cleanup
[2024-05-30T14:19:04.642+0000][13484.061s][info][gc          ] GC(2863) Pause Cleanup 7128M->7128M(12288M) 0.447ms
[2024-05-30T14:19:04.642+0000][13484.061s][info][gc,cpu      ] GC(2863) User=0.00s Sys=0.00s Real=0.00s
[2024-05-30T14:19:04.642+0000][13484.061s][info][gc,marking  ] GC(2863) Concurrent Cleanup for Next Mark
[2024-05-30T14:19:04.670+0000][13484.089s][info][gc,marking  ] GC(2863) Concurrent Cleanup for Next Mark 28.087ms
[2024-05-30T14:19:04.670+0000][13484.089s][info][gc          ] GC(2863) Concurrent Mark Cycle 4260.582ms
[2024-05-30T14:19:06.831+0000][13486.250s][info][gc,start    ] GC(2864) Pause Young (Prepare Mixed) (G1 Evacuation Pause)
[2024-05-30T14:19:06.831+0000][13486.250s][info][gc,task     ] GC(2864) Using 6 workers of 6 for evacuation
[2024-05-30T14:19:06.853+0000][13486.272s][info][gc,phases   ] GC(2864)   Pre Evacuate Collection Set: 0.2ms
[2024-05-30T14:19:06.853+0000][13486.272s][info][gc,phases   ] GC(2864)   Merge Heap Roots: 0.3ms
[2024-05-30T14:19:06.853+0000][13486.272s][info][gc,phases   ] GC(2864)   Evacuate Collection Set: 19.6ms
[2024-05-30T14:19:06.853+0000][13486.272s][info][gc,phases   ] GC(2864)   Post Evacuate Collection Set: 1.8ms
[2024-05-30T14:19:06.853+0000][13486.272s][info][gc,phases   ] GC(2864)   Other: 0.2ms
[2024-05-30T14:19:06.853+0000][13486.272s][info][gc,heap     ] GC(2864) Eden regions: 869->0(65)
[2024-05-30T14:19:06.853+0000][13486.272s][info][gc,heap     ] GC(2864) Survivor regions: 10->11(110)
[2024-05-30T14:19:06.853+0000][13486.272s][info][gc,heap     ] GC(2864) Old regions: 329->329
[2024-05-30T14:19:06.853+0000][13486.272s][info][gc,heap     ] GC(2864) Archive regions: 2->2
[2024-05-30T14:19:06.853+0000][13486.272s][info][gc,heap     ] GC(2864) Humongous regions: 5->5
[2024-05-30T14:19:06.853+0000][13486.272s][info][gc,metaspace] GC(2864) Metaspace: 433967K(440128K)->433967K(440128K) NonClass: 379966K(383296K)->379966K(383296K) Class: 54001K(56832K)->54001K(56832K)
[2024-05-30T14:19:06.853+0000][13486.272s][info][gc          ] GC(2864) Pause Young (Prepare Mixed) (G1 Evacuation Pause) 9696M->2752M(12288M) 22.127ms
[2024-05-30T14:19:06.853+0000][13486.272s][info][gc,cpu      ] GC(2864) User=0.12s Sys=0.01s Real=0.02s
[2024-05-30T14:19:07.280+0000][13486.699s][info][gc,start    ] GC(2865) Pause Young (Mixed) (G1 Evacuation Pause)
[2024-05-30T14:19:07.280+0000][13486.699s][info][gc,task     ] GC(2865) Using 6 workers of 6 for evacuation
[2024-05-30T14:19:07.337+0000][13486.757s][info][gc,phases   ] GC(2865)   Pre Evacuate Collection Set: 0.2ms
[2024-05-30T14:19:07.337+0000][13486.757s][info][gc,phases   ] GC(2865)   Merge Heap Roots: 0.4ms
[2024-05-30T14:19:07.337+0000][13486.757s][info][gc,phases   ] GC(2865)   Evacuate Collection Set: 55.2ms
[2024-05-30T14:19:07.337+0000][13486.757s][info][gc,phases   ] GC(2865)   Post Evacuate Collection Set: 1.3ms
[2024-05-30T14:19:07.337+0000][13486.757s][info][gc,phases   ] GC(2865)   Other: 0.2ms
[2024-05-30T14:19:07.337+0000][13486.757s][info][gc,heap     ] GC(2865) Eden regions: 65->0(873)
[2024-05-30T14:19:07.337+0000][13486.757s][info][gc,heap     ] GC(2865) Survivor regions: 11->6(10)
[2024-05-30T14:19:07.337+0000][13486.757s][info][gc,heap     ] GC(2865) Old regions: 329->329
[2024-05-30T14:19:07.337+0000][13486.757s][info][gc,heap     ] GC(2865) Archive regions: 2->2
[2024-05-30T14:19:07.337+0000][13486.757s][info][gc,heap     ] GC(2865) Humongous regions: 5->5
[2024-05-30T14:19:07.337+0000][13486.757s][info][gc,metaspace] GC(2865) Metaspace: 433967K(440128K)->433967K(440128K) NonClass: 379966K(383296K)->379966K(383296K) Class: 54001K(56832K)->54001K(56832K)
[2024-05-30T14:19:07.337+0000][13486.757s][info][gc          ] GC(2865) Pause Young (Mixed) (G1 Evacuation Pause) 3272M->2717M(12288M) 57.282ms
[2024-05-30T14:19:07.338+0000][13486.757s][info][gc,cpu      ] GC(2865) User=0.34s Sys=0.00s Real=0.06s
[2024-05-30T14:19:12.994+0000][13492.414s][info][gc,start    ] GC(2866) Pause Young (Normal) (G1 Evacuation Pause)
[2024-05-30T14:19:12.995+0000][13492.414s][info][gc,task     ] GC(2866) Using 6 workers of 6 for evacuation
[2024-05-30T14:19:13.011+0000][13492.431s][info][gc,phases   ] GC(2866)   Pre Evacuate Collection Set: 0.2ms
[2024-05-30T14:19:13.011+0000][13492.431s][info][gc,phases   ] GC(2866)   Merge Heap Roots: 0.3ms
[2024-05-30T14:19:13.011+0000][13492.431s][info][gc,phases   ] GC(2866)   Evacuate Collection Set: 14.6ms
[2024-05-30T14:19:13.011+0000][13492.431s][info][gc,phases   ] GC(2866)   Post Evacuate Collection Set: 1.8ms
[2024-05-30T14:19:13.011+0000][13492.431s][info][gc,phases   ] GC(2866)   Other: 0.2ms
[2024-05-30T14:19:13.011+0000][13492.431s][info][gc,heap     ] GC(2866) Eden regions: 873->0(873)
[2024-05-30T14:19:13.011+0000][13492.431s][info][gc,heap     ] GC(2866) Survivor regions: 6->6(110)
[2024-05-30T14:19:13.011+0000][13492.431s][info][gc,heap     ] GC(2866) Old regions: 329->329
[2024-05-30T14:19:13.011+0000][13492.431s][info][gc,heap     ] GC(2866) Archive regions: 2->2
[2024-05-30T14:19:13.011+0000][13492.431s][info][gc,heap     ] GC(2866) Humongous regions: 5->5
[2024-05-30T14:19:13.011+0000][13492.431s][info][gc,metaspace] GC(2866) Metaspace: 433967K(440128K)->433967K(440128K) NonClass: 379966K(383296K)->379966K(383296K) Class: 54001K(56832K)->54001K(56832K)
[2024-05-30T14:19:13.011+0000][13492.431s][info][gc          ] GC(2866) Pause Young (Normal) (G1 Evacuation Pause) 9701M->2718M(12288M) 16.999ms
[2024-05-30T14:19:13.012+0000][13492.431s][info][gc,cpu      ] GC(2866) User=0.09s Sys=0.00s Real=0.02s
[2024-05-30T14:19:18.922+0000][13498.341s][info][gc,start    ] GC(2867) Pause Young (Normal) (G1 Evacuation Pause)
[2024-05-30T14:19:18.922+0000][13498.341s][info][gc,task     ] GC(2867) Using 6 workers of 6 for evacuation
[2024-05-30T14:19:18.940+0000][13498.360s][info][gc,phases   ] GC(2867)   Pre Evacuate Collection Set: 0.2ms
[2024-05-30T14:19:18.940+0000][13498.360s][info][gc,phases   ] GC(2867)   Merge Heap Roots: 0.2ms
[2024-05-30T14:19:18.940+0000][13498.360s][info][gc,phases   ] GC(2867)   Evacuate Collection Set: 16.4ms
[2024-05-30T14:19:18.940+0000][13498.360s][info][gc,phases   ] GC(2867)   Post Evacuate Collection Set: 1.8ms
[2024-05-30T14:19:18.940+0000][13498.360s][info][gc,phases   ] GC(2867)   Other: 0.2ms
[2024-05-30T14:19:18.940+0000][13498.360s][info][gc,heap     ] GC(2867) Eden regions: 873->0(873)
[2024-05-30T14:19:18.940+0000][13498.360s][info][gc,heap     ] GC(2867) Survivor regions: 6->7(110)
[2024-05-30T14:19:18.940+0000][13498.360s][info][gc,heap     ] GC(2867) Old regions: 329->329
[2024-05-30T14:19:18.940+0000][13498.360s][info][gc,heap     ] GC(2867) Archive regions: 2->2
[2024-05-30T14:19:18.940+0000][13498.360s][info][gc,heap     ] GC(2867) Humongous regions: 5->5
[2024-05-30T14:19:18.940+0000][13498.360s][info][gc,metaspace] GC(2867) Metaspace: 433967K(440128K)->433967K(440128K) NonClass: 379966K(383296K)->379966K(383296K) Class: 54001K(56832K)->54001K(56832K)
[2024-05-30T14:19:18.940+0000][13498.360s][info][gc          ] GC(2867) Pause Young (Normal) (G1 Evacuation Pause) 9702M->2726M(12288M) 18.875ms
[2024-05-30T14:19:18.941+0000][13498.360s][info][gc,cpu      ] GC(2867) User=0.11s Sys=0.00s Real=0.02s
[2024-05-30T14:19:24.877+0000][13504.296s][info][gc,start    ] GC(2868) Pause Young (Concurrent Start) (G1 Evacuation Pause)
[2024-05-30T14:19:24.877+0000][13504.296s][info][gc,task     ] GC(2868) Using 6 workers of 6 for evacuation
[2024-05-30T14:19:24.899+0000][13504.318s][info][gc,phases   ] GC(2868)   Pre Evacuate Collection Set: 0.5ms
[2024-05-30T14:19:24.899+0000][13504.318s][info][gc,phases   ] GC(2868)   Merge Heap Roots: 0.2ms
[2024-05-30T14:19:24.899+0000][13504.318s][info][gc,phases   ] GC(2868)   Evacuate Collection Set: 19.2ms
[2024-05-30T14:19:24.899+0000][13504.318s][info][gc,phases   ] GC(2868)   Post Evacuate Collection Set: 2.0ms
[2024-05-30T14:19:24.899+0000][13504.318s][info][gc,phases   ] GC(2868)   Other: 0.3ms
[2024-05-30T14:19:24.899+0000][13504.318s][info][gc,heap     ] GC(2868) Eden regions: 873->0(869)
[2024-05-30T14:19:24.899+0000][13504.318s][info][gc,heap     ] GC(2868) Survivor regions: 7->10(110)
[2024-05-30T14:19:24.899+0000][13504.318s][info][gc,heap     ] GC(2868) Old regions: 329->329
[2024-05-30T14:19:24.899+0000][13504.318s][info][gc,heap     ] GC(2868) Archive regions: 2->2
[2024-05-30T14:19:24.899+0000][13504.318s][info][gc,heap     ] GC(2868) Humongous regions: 5->5
[2024-05-30T14:19:24.899+0000][13504.318s][info][gc,metaspace] GC(2868) Metaspace: 433967K(440128K)->433967K(440128K) NonClass: 379966K(383296K)->379966K(383296K) Class: 54001K(56832K)->54001K(56832K)
[2024-05-30T14:19:24.899+0000][13504.318s][info][gc          ] GC(2868) Pause Young (Concurrent Start) (G1 Evacuation Pause) 9710M->2749M(12288M) 22.323ms
[2024-05-30T14:19:24.899+0000][13504.318s][info][gc,cpu      ] GC(2868) User=0.12s Sys=0.01s Real=0.02s
[2024-05-30T14:19:24.899+0000][13504.318s][info][gc          ] GC(2869) Concurrent Mark Cycle
[2024-05-30T14:19:24.899+0000][13504.318s][info][gc,marking  ] GC(2869) Concurrent Clear Claimed Marks
[2024-05-30T14:19:24.900+0000][13504.319s][info][gc,marking  ] GC(2869) Concurrent Clear Claimed Marks 0.373ms
[2024-05-30T14:19:24.900+0000][13504.319s][info][gc,marking  ] GC(2869) Concurrent Scan Root Regions
[2024-05-30T14:19:24.930+0000][13504.349s][info][gc,marking  ] GC(2869) Concurrent Scan Root Regions 30.201ms
[2024-05-30T14:19:24.930+0000][13504.349s][info][gc,marking  ] GC(2869) Concurrent Mark
[2024-05-30T14:19:24.930+0000][13504.349s][info][gc,marking  ] GC(2869) Concurrent Mark From Roots
[2024-05-30T14:19:24.930+0000][13504.349s][info][gc,task     ] GC(2869) Using 2 workers of 2 for marking
[2024-05-30T14:19:27.624+0000][13507.043s][info][gc,marking  ] GC(2869) Concurrent Mark From Roots 2693.813ms
[2024-05-30T14:19:27.624+0000][13507.043s][info][gc,marking  ] GC(2869) Concurrent Preclean
[2024-05-30T14:19:27.625+0000][13507.045s][info][gc,marking  ] GC(2869) Concurrent Preclean 1.757ms
[2024-05-30T14:19:27.626+0000][13507.045s][info][gc,start    ] GC(2869) Pause Remark
[2024-05-30T14:19:27.650+0000][13507.069s][info][gc          ] GC(2869) Pause Remark 8309M->8309M(12288M) 24.304ms
[2024-05-30T14:19:27.650+0000][13507.069s][info][gc,cpu      ] GC(2869) User=0.11s Sys=0.00s Real=0.03s
[2024-05-30T14:19:27.650+0000][13507.069s][info][gc,marking  ] GC(2869) Concurrent Mark 2720.322ms
[2024-05-30T14:19:27.650+0000][13507.069s][info][gc,marking  ] GC(2869) Concurrent Rebuild Remembered Sets
[2024-05-30T14:19:28.258+0000][13507.677s][info][gc,start    ] GC(2870) Pause Young (Normal) (G1 Evacuation Pause)
[2024-05-30T14:19:28.258+0000][13507.677s][info][gc,task     ] GC(2870) Using 6 workers of 6 for evacuation
[2024-05-30T14:19:28.342+0000][13507.762s][info][gc,phases   ] GC(2870)   Pre Evacuate Collection Set: 0.2ms
[2024-05-30T14:19:28.342+0000][13507.762s][info][gc,phases   ] GC(2870)   Merge Heap Roots: 0.3ms
[2024-05-30T14:19:28.342+0000][13507.762s][info][gc,phases   ] GC(2870)   Evacuate Collection Set: 66.7ms
[2024-05-30T14:19:28.342+0000][13507.762s][info][gc,phases   ] GC(2870)   Post Evacuate Collection Set: 17.4ms
[2024-05-30T14:19:28.342+0000][13507.762s][info][gc,phases   ] GC(2870)   Other: 0.2ms
[2024-05-30T14:19:28.342+0000][13507.762s][info][gc,heap     ] GC(2870) Eden regions: 869->0(860)
[2024-05-30T14:19:28.342+0000][13507.762s][info][gc,heap     ] GC(2870) Survivor regions: 10->16(110)
[2024-05-30T14:19:28.342+0000][13507.762s][info][gc,heap     ] GC(2870) Old regions: 329->329
[2024-05-30T14:19:28.342+0000][13507.762s][info][gc,heap     ] GC(2870) Archive regions: 2->2
[2024-05-30T14:19:28.342+0000][13507.762s][info][gc,heap     ] GC(2870) Humongous regions: 5->5
[2024-05-30T14:19:28.342+0000][13507.762s][info][gc,metaspace] GC(2870) Metaspace: 433967K(440128K)->433967K(440128K) NonClass: 379966K(383296K)->379966K(383296K) Class: 54001K(56832K)->54001K(56832K)
[2024-05-30T14:19:28.342+0000][13507.762s][info][gc          ] GC(2870) Pause Young (Normal) (G1 Evacuation Pause) 9701M->2798M(12288M) 84.783ms
[2024-05-30T14:19:28.342+0000][13507.762s][info][gc,cpu      ] GC(2870) User=0.49s Sys=0.01s Real=0.08s
[2024-05-30T14:19:29.266+0000][13508.685s][info][gc,marking  ] GC(2869) Concurrent Rebuild Remembered Sets 1615.457ms
[2024-05-30T14:19:29.266+0000][13508.685s][info][gc,start    ] GC(2869) Pause Cleanup
[2024-05-30T14:19:29.266+0000][13508.686s][info][gc          ] GC(2869) Pause Cleanup 5014M->5014M(12288M) 0.484ms
[2024-05-30T14:19:29.266+0000][13508.686s][info][gc,cpu      ] GC(2869) User=0.00s Sys=0.00s Real=0.00s
[2024-05-30T14:19:29.266+0000][13508.686s][info][gc,marking  ] GC(2869) Concurrent Cleanup for Next Mark
[2024-05-30T14:19:29.283+0000][13508.702s][info][gc,marking  ] GC(2869) Concurrent Cleanup for Next Mark 16.595ms
[2024-05-30T14:19:29.283+0000][13508.702s][info][gc          ] GC(2869) Concurrent Mark Cycle 4383.927ms
[2024-05-30T14:19:30.931+0000][13510.350s][info][gc,start    ] GC(2871) Pause Young (Prepare Mixed) (G1 Evacuation Pause)
[2024-05-30T14:19:30.931+0000][13510.351s][info][gc,task     ] GC(2871) Using 6 workers of 6 for evacuation
[2024-05-30T14:19:31.019+0000][13510.439s][info][gc,phases   ] GC(2871)   Pre Evacuate Collection Set: 0.2ms
[2024-05-30T14:19:31.019+0000][13510.439s][info][gc,phases   ] GC(2871)   Merge Heap Roots: 0.3ms
[2024-05-30T14:19:31.019+0000][13510.439s][info][gc,phases   ] GC(2871)   Evacuate Collection Set: 71.7ms
[2024-05-30T14:19:31.019+0000][13510.439s][info][gc,phases   ] GC(2871)   Post Evacuate Collection Set: 15.8ms
[2024-05-30T14:19:31.019+0000][13510.439s][info][gc,phases   ] GC(2871)   Other: 0.2ms
[2024-05-30T14:19:31.019+0000][13510.439s][info][gc,heap     ] GC(2871) Eden regions: 860->0(57)
[2024-05-30T14:19:31.019+0000][13510.439s][info][gc,heap     ] GC(2871) Survivor regions: 16->19(110)
[2024-05-30T14:19:31.019+0000][13510.439s][info][gc,heap     ] GC(2871) Old regions: 329->329
[2024-05-30T14:19:31.019+0000][13510.439s][info][gc,heap     ] GC(2871) Archive regions: 2->2
[2024-05-30T14:19:31.019+0000][13510.439s][info][gc,heap     ] GC(2871) Humongous regions: 5->5
[2024-05-30T14:19:31.019+0000][13510.439s][info][gc,metaspace] GC(2871) Metaspace: 433973K(440192K)->433973K(440192K) NonClass: 379972K(383360K)->379972K(383360K) Class: 54001K(56832K)->54001K(56832K)
[2024-05-30T14:19:31.019+0000][13510.439s][info][gc          ] GC(2871) Pause Young (Prepare Mixed) (G1 Evacuation Pause) 9678M->2817M(12288M) 88.221ms
[2024-05-30T14:19:31.020+0000][13510.439s][info][gc,cpu      ] GC(2871) User=0.52s Sys=0.00s Real=0.09s
[2024-05-30T14:19:31.217+0000][13510.636s][info][gc,start    ] GC(2872) Pause Young (Mixed) (G1 Evacuation Pause)
[2024-05-30T14:19:31.217+0000][13510.636s][info][gc,task     ] GC(2872) Using 6 workers of 6 for evacuation
[2024-05-30T14:19:31.307+0000][13510.726s][info][gc,phases   ] GC(2872)   Pre Evacuate Collection Set: 0.2ms
[2024-05-30T14:19:31.307+0000][13510.726s][info][gc,phases   ] GC(2872)   Merge Heap Roots: 0.4ms
[2024-05-30T14:19:31.307+0000][13510.726s][info][gc,phases   ] GC(2872)   Evacuate Collection Set: 86.7ms
[2024-05-30T14:19:31.307+0000][13510.726s][info][gc,phases   ] GC(2872)   Post Evacuate Collection Set: 2.3ms
[2024-05-30T14:19:31.307+0000][13510.726s][info][gc,phases   ] GC(2872)   Other: 0.2ms
[2024-05-30T14:19:31.307+0000][13510.726s][info][gc,heap     ] GC(2872) Eden regions: 57->0(860)
[2024-05-30T14:19:31.307+0000][13510.726s][info][gc,heap     ] GC(2872) Survivor regions: 19->3(10)
[2024-05-30T14:19:31.307+0000][13510.726s][info][gc,heap     ] GC(2872) Old regions: 329->341
[2024-05-30T14:19:31.307+0000][13510.726s][info][gc,heap     ] GC(2872) Archive regions: 2->2
[2024-05-30T14:19:31.307+0000][13510.726s][info][gc,heap     ] GC(2872) Humongous regions: 5->5
[2024-05-30T14:19:31.307+0000][13510.726s][info][gc,metaspace] GC(2872) Metaspace: 433973K(440192K)->433973K(440192K) NonClass: 379972K(383360K)->379972K(383360K) Class: 54001K(56832K)->54001K(56832K)
[2024-05-30T14:19:31.307+0000][13510.726s][info][gc          ] GC(2872) Pause Young (Mixed) (G1 Evacuation Pause) 3273M->2789M(12288M) 89.843ms
[2024-05-30T14:19:31.307+0000][13510.726s][info][gc,cpu      ] GC(2872) User=0.52s Sys=0.01s Real=0.08s
[2024-05-30T14:19:33.750+0000][13513.169s][info][gc,start    ] GC(2873) Pause Young (Normal) (G1 Evacuation Pause)
[2024-05-30T14:19:33.750+0000][13513.169s][info][gc,task     ] GC(2873) Using 6 workers of 6 for evacuation
[2024-05-30T14:19:33.816+0000][13513.235s][info][gc,phases   ] GC(2873)   Pre Evacuate Collection Set: 0.2ms
[2024-05-30T14:19:33.816+0000][13513.235s][info][gc,phases   ] GC(2873)   Merge Heap Roots: 0.3ms
[2024-05-30T14:19:33.816+0000][13513.235s][info][gc,phases   ] GC(2873)   Evacuate Collection Set: 49.5ms
[2024-05-30T14:19:33.816+0000][13513.235s][info][gc,phases   ] GC(2873)   Post Evacuate Collection Set: 16.2ms
[2024-05-30T14:19:33.816+0000][13513.235s][info][gc,phases   ] GC(2873)   Other: 0.2ms
[2024-05-30T14:19:33.816+0000][13513.235s][info][gc,heap     ] GC(2873) Eden regions: 860->0(853)
[2024-05-30T14:19:33.816+0000][13513.235s][info][gc,heap     ] GC(2873) Survivor regions: 3->8(108)
[2024-05-30T14:19:33.816+0000][13513.235s][info][gc,heap     ] GC(2873) Old regions: 341->341
[2024-05-30T14:19:33.816+0000][13513.235s][info][gc,heap     ] GC(2873) Archive regions: 2->2
[2024-05-30T14:19:33.816+0000][13513.235s][info][gc,heap     ] GC(2873) Humongous regions: 5->5
[2024-05-30T14:19:33.816+0000][13513.235s][info][gc,metaspace] GC(2873) Metaspace: 433973K(440192K)->433973K(440192K) NonClass: 379972K(383360K)->379972K(383360K) Class: 54001K(56832K)->54001K(56832K)
[2024-05-30T14:19:33.816+0000][13513.235s][info][gc          ] GC(2873) Pause Young (Normal) (G1 Evacuation Pause) 9669M->2823M(12288M) 66.367ms
[2024-05-30T14:19:33.816+0000][13513.236s][info][gc,cpu      ] GC(2873) User=0.38s Sys=0.00s Real=0.06s
[2024-05-30T14:19:36.283+0000][13515.702s][info][gc,start    ] GC(2874) Pause Young (Normal) (G1 Evacuation Pause)
[2024-05-30T14:19:36.283+0000][13515.703s][info][gc,task     ] GC(2874) Using 6 workers of 6 for evacuation
[2024-05-30T14:19:36.386+0000][13515.805s][info][gc,phases   ] GC(2874)   Pre Evacuate Collection Set: 0.2ms
[2024-05-30T14:19:36.386+0000][13515.805s][info][gc,phases   ] GC(2874)   Merge Heap Roots: 0.4ms
[2024-05-30T14:19:36.386+0000][13515.805s][info][gc,phases   ] GC(2874)   Evacuate Collection Set: 80.9ms
[2024-05-30T14:19:36.386+0000][13515.805s][info][gc,phases   ] GC(2874)   Post Evacuate Collection Set: 20.7ms
[2024-05-30T14:19:36.386+0000][13515.805s][info][gc,phases   ] GC(2874)   Other: 0.2ms
[2024-05-30T14:19:36.386+0000][13515.805s][info][gc,heap     ] GC(2874) Eden regions: 853->0(846)
[2024-05-30T14:19:36.386+0000][13515.805s][info][gc,heap     ] GC(2874) Survivor regions: 8->14(108)
[2024-05-30T14:19:36.386+0000][13515.805s][info][gc,heap     ] GC(2874) Old regions: 341->341
[2024-05-30T14:19:36.386+0000][13515.805s][info][gc,heap     ] GC(2874) Archive regions: 2->2
[2024-05-30T14:19:36.386+0000][13515.805s][info][gc,heap     ] GC(2874) Humongous regions: 5->5
[2024-05-30T14:19:36.386+0000][13515.805s][info][gc,metaspace] GC(2874) Metaspace: 433974K(440192K)->433974K(440192K) NonClass: 379973K(383360K)->379973K(383360K) Class: 54001K(56832K)->54001K(56832K)
[2024-05-30T14:19:36.386+0000][13515.805s][info][gc          ] GC(2874) Pause Young (Normal) (G1 Evacuation Pause) 9647M->2870M(12288M) 102.434ms
[2024-05-30T14:19:36.386+0000][13515.805s][info][gc,cpu      ] GC(2874) User=0.60s Sys=0.00s Real=0.10s
[2024-05-30T14:19:38.761+0000][13518.180s][info][gc,start    ] GC(2875) Pause Young (Concurrent Start) (G1 Evacuation Pause)
[2024-05-30T14:19:38.761+0000][13518.180s][info][gc,task     ] GC(2875) Using 6 workers of 6 for evacuation
[2024-05-30T14:19:38.857+0000][13518.276s][info][gc,phases   ] GC(2875)   Pre Evacuate Collection Set: 0.5ms
[2024-05-30T14:19:38.857+0000][13518.276s][info][gc,phases   ] GC(2875)   Merge Heap Roots: 0.3ms
[2024-05-30T14:19:38.857+0000][13518.276s][info][gc,phases   ] GC(2875)   Evacuate Collection Set: 77.4ms
[2024-05-30T14:19:38.857+0000][13518.276s][info][gc,phases   ] GC(2875)   Post Evacuate Collection Set: 17.3ms
[2024-05-30T14:19:38.857+0000][13518.276s][info][gc,phases   ] GC(2875)   Other: 0.3ms
[2024-05-30T14:19:38.857+0000][13518.276s][info][gc,heap     ] GC(2875) Eden regions: 846->0(843)
[2024-05-30T14:19:38.857+0000][13518.276s][info][gc,heap     ] GC(2875) Survivor regions: 14->18(108)
[2024-05-30T14:19:38.857+0000][13518.276s][info][gc,heap     ] GC(2875) Old regions: 341->341
[2024-05-30T14:19:38.857+0000][13518.276s][info][gc,heap     ] GC(2875) Archive regions: 2->2
[2024-05-30T14:19:38.857+0000][13518.276s][info][gc,heap     ] GC(2875) Humongous regions: 5->5
[2024-05-30T14:19:38.857+0000][13518.276s][info][gc,metaspace] GC(2875) Metaspace: 433974K(440192K)->433974K(440192K) NonClass: 379973K(383360K)->379973K(383360K) Class: 54001K(56832K)->54001K(56832K)
[2024-05-30T14:19:38.857+0000][13518.276s][info][gc          ] GC(2875) Pause Young (Concurrent Start) (G1 Evacuation Pause) 9638M->2909M(12288M) 95.913ms
[2024-05-30T14:19:38.857+0000][13518.276s][info][gc,cpu      ] GC(2875) User=0.56s Sys=0.00s Real=0.10s
[2024-05-30T14:19:38.857+0000][13518.276s][info][gc          ] GC(2876) Concurrent Mark Cycle
[2024-05-30T14:19:38.857+0000][13518.276s][info][gc,marking  ] GC(2876) Concurrent Clear Claimed Marks
[2024-05-30T14:19:38.857+0000][13518.277s][info][gc,marking  ] GC(2876) Concurrent Clear Claimed Marks 0.414ms
[2024-05-30T14:19:38.857+0000][13518.277s][info][gc,marking  ] GC(2876) Concurrent Scan Root Regions
[2024-05-30T14:19:38.929+0000][13518.348s][info][gc,marking  ] GC(2876) Concurrent Scan Root Regions 71.572ms
[2024-05-30T14:19:38.929+0000][13518.348s][info][gc,marking  ] GC(2876) Concurrent Mark
[2024-05-30T14:19:38.929+0000][13518.348s][info][gc,marking  ] GC(2876) Concurrent Mark From Roots
[2024-05-30T14:19:38.929+0000][13518.348s][info][gc,task     ] GC(2876) Using 2 workers of 2 for marking
[2024-05-30T14:19:41.629+0000][13521.048s][info][gc,start    ] GC(2877) Pause Young (Normal) (G1 Evacuation Pause)
[2024-05-30T14:19:41.629+0000][13521.048s][info][gc,task     ] GC(2877) Using 6 workers of 6 for evacuation
[2024-05-30T14:19:41.706+0000][13521.125s][info][gc,phases   ] GC(2877)   Pre Evacuate Collection Set: 0.2ms
[2024-05-30T14:19:41.706+0000][13521.125s][info][gc,phases   ] GC(2877)   Merge Heap Roots: 0.4ms
[2024-05-30T14:19:41.706+0000][13521.125s][info][gc,phases   ] GC(2877)   Evacuate Collection Set: 68.6ms
[2024-05-30T14:19:41.706+0000][13521.125s][info][gc,phases   ] GC(2877)   Post Evacuate Collection Set: 7.7ms
[2024-05-30T14:19:41.706+0000][13521.125s][info][gc,phases   ] GC(2877)   Other: 0.2ms
[2024-05-30T14:19:41.706+0000][13521.125s][info][gc,heap     ] GC(2877) Eden regions: 843->0(840)
[2024-05-30T14:19:41.706+0000][13521.125s][info][gc,heap     ] GC(2877) Survivor regions: 18->20(108)
[2024-05-30T14:19:41.706+0000][13521.125s][info][gc,heap     ] GC(2877) Old regions: 341->341
[2024-05-30T14:19:41.706+0000][13521.125s][info][gc,heap     ] GC(2877) Archive regions: 2->2
[2024-05-30T14:19:41.706+0000][13521.125s][info][gc,heap     ] GC(2877) Humongous regions: 5->5
[2024-05-30T14:19:41.706+0000][13521.125s][info][gc,metaspace] GC(2877) Metaspace: 433974K(440192K)->433974K(440192K) NonClass: 379973K(383360K)->379973K(383360K) Class: 54001K(56832K)->54001K(56832K)
[2024-05-30T14:19:41.706+0000][13521.125s][info][gc          ] GC(2877) Pause Young (Normal) (G1 Evacuation Pause) 9653M->2925M(12288M) 77.162ms
[2024-05-30T14:19:41.706+0000][13521.125s][info][gc,cpu      ] GC(2877) User=0.46s Sys=0.00s Real=0.07s
[2024-05-30T14:19:41.773+0000][13521.192s][info][gc,marking  ] GC(2876) Concurrent Mark From Roots 2844.073ms
[2024-05-30T14:19:41.773+0000][13521.192s][info][gc,marking  ] GC(2876) Concurrent Preclean
[2024-05-30T14:19:41.775+0000][13521.194s][info][gc,marking  ] GC(2876) Concurrent Preclean 1.770ms
[2024-05-30T14:19:41.775+0000][13521.194s][info][gc,start    ] GC(2876) Pause Remark
[2024-05-30T14:19:41.799+0000][13521.219s][info][gc          ] GC(2876) Pause Remark 3013M->3013M(12288M) 24.181ms
[2024-05-30T14:19:41.799+0000][13521.219s][info][gc,cpu      ] GC(2876) User=0.10s Sys=0.00s Real=0.03s
[2024-05-30T14:19:41.800+0000][13521.219s][info][gc,marking  ] GC(2876) Concurrent Mark 2870.447ms
[2024-05-30T14:19:41.800+0000][13521.219s][info][gc,marking  ] GC(2876) Concurrent Rebuild Remembered Sets
[2024-05-30T14:19:43.334+0000][13522.753s][info][gc,marking  ] GC(2876) Concurrent Rebuild Remembered Sets 1534.471ms
[2024-05-30T14:19:43.334+0000][13522.753s][info][gc,start    ] GC(2876) Pause Cleanup
[2024-05-30T14:19:43.335+0000][13522.754s][info][gc          ] GC(2876) Pause Cleanup 6773M->6773M(12288M) 0.488ms
[2024-05-30T14:19:43.335+0000][13522.754s][info][gc,cpu      ] GC(2876) User=0.00s Sys=0.00s Real=0.00s
[2024-05-30T14:19:43.335+0000][13522.754s][info][gc,marking  ] GC(2876) Concurrent Cleanup for Next Mark
[2024-05-30T14:19:43.352+0000][13522.771s][info][gc,marking  ] GC(2876) Concurrent Cleanup for Next Mark 16.766ms
[2024-05-30T14:19:43.352+0000][13522.771s][info][gc          ] GC(2876) Concurrent Mark Cycle 4494.656ms
[2024-05-30T14:19:44.398+0000][13523.817s][info][gc,start    ] GC(2878) Pause Young (Prepare Mixed) (G1 Evacuation Pause)
[2024-05-30T14:19:44.398+0000][13523.817s][info][gc,task     ] GC(2878) Using 6 workers of 6 for evacuation
[2024-05-30T14:19:44.516+0000][13523.935s][info][gc,phases   ] GC(2878)   Pre Evacuate Collection Set: 0.2ms
[2024-05-30T14:19:44.516+0000][13523.935s][info][gc,phases   ] GC(2878)   Merge Heap Roots: 0.7ms
[2024-05-30T14:19:44.516+0000][13523.935s][info][gc,phases   ] GC(2878)   Evacuate Collection Set: 98.0ms
[2024-05-30T14:19:44.516+0000][13523.935s][info][gc,phases   ] GC(2878)   Post Evacuate Collection Set: 19.0ms
[2024-05-30T14:19:44.516+0000][13523.935s][info][gc,phases   ] GC(2878)   Other: 0.2ms
[2024-05-30T14:19:44.516+0000][13523.935s][info][gc,heap     ] GC(2878) Eden regions: 840->0(52)
[2024-05-30T14:19:44.516+0000][13523.935s][info][gc,heap     ] GC(2878) Survivor regions: 20->24(108)
[2024-05-30T14:19:44.516+0000][13523.935s][info][gc,heap     ] GC(2878) Old regions: 341->341
[2024-05-30T14:19:44.516+0000][13523.935s][info][gc,heap     ] GC(2878) Archive regions: 2->2
[2024-05-30T14:19:44.516+0000][13523.935s][info][gc,heap     ] GC(2878) Humongous regions: 5->5
[2024-05-30T14:19:44.516+0000][13523.935s][info][gc,metaspace] GC(2878) Metaspace: 433974K(440192K)->433974K(440192K) NonClass: 379973K(383360K)->379973K(383360K) Class: 54001K(56832K)->54001K(56832K)
[2024-05-30T14:19:44.516+0000][13523.935s][info][gc          ] GC(2878) Pause Young (Prepare Mixed) (G1 Evacuation Pause) 9645M->2957M(12288M) 118.188ms
[2024-05-30T14:19:44.516+0000][13523.935s][info][gc,cpu      ] GC(2878) User=0.69s Sys=0.00s Real=0.11s
[2024-05-30T14:19:44.704+0000][13524.123s][info][gc,start    ] GC(2879) Pause Young (Mixed) (G1 Evacuation Pause)
[2024-05-30T14:19:44.704+0000][13524.123s][info][gc,task     ] GC(2879) Using 6 workers of 6 for evacuation
[2024-05-30T14:19:44.801+0000][13524.220s][info][gc,phases   ] GC(2879)   Pre Evacuate Collection Set: 0.2ms
[2024-05-30T14:19:44.801+0000][13524.221s][info][gc,phases   ] GC(2879)   Merge Heap Roots: 0.3ms
[2024-05-30T14:19:44.801+0000][13524.221s][info][gc,phases   ] GC(2879)   Evacuate Collection Set: 94.1ms
[2024-05-30T14:19:44.801+0000][13524.221s][info][gc,phases   ] GC(2879)   Post Evacuate Collection Set: 2.4ms
[2024-05-30T14:19:44.801+0000][13524.221s][info][gc,phases   ] GC(2879)   Other: 0.2ms
[2024-05-30T14:19:44.801+0000][13524.221s][info][gc,heap     ] GC(2879) Eden regions: 52->0(845)
[2024-05-30T14:19:44.801+0000][13524.221s][info][gc,heap     ] GC(2879) Survivor regions: 24->3(10)
[2024-05-30T14:19:44.801+0000][13524.221s][info][gc,heap     ] GC(2879) Old regions: 341->355
[2024-05-30T14:19:44.801+0000][13524.221s][info][gc,heap     ] GC(2879) Archive regions: 2->2
[2024-05-30T14:19:44.801+0000][13524.221s][info][gc,heap     ] GC(2879) Humongous regions: 5->5
[2024-05-30T14:19:44.801+0000][13524.221s][info][gc,metaspace] GC(2879) Metaspace: 433974K(440192K)->433974K(440192K) NonClass: 379973K(383360K)->379973K(383360K) Class: 54001K(56832K)->54001K(56832K)
[2024-05-30T14:19:44.801+0000][13524.221s][info][gc          ] GC(2879) Pause Young (Mixed) (G1 Evacuation Pause) 3373M->2902M(12288M) 97.246ms
[2024-05-30T14:19:44.801+0000][13524.221s][info][gc,cpu      ] GC(2879) User=0.57s Sys=0.00s Real=0.10s
[2024-05-30T14:19:47.220+0000][13526.639s][info][gc,start    ] GC(2880) Pause Young (Normal) (G1 Evacuation Pause)
[2024-05-30T14:19:47.220+0000][13526.639s][info][gc,task     ] GC(2880) Using 6 workers of 6 for evacuation
[2024-05-30T14:19:47.295+0000][13526.715s][info][gc,phases   ] GC(2880)   Pre Evacuate Collection Set: 0.2ms
[2024-05-30T14:19:47.295+0000][13526.715s][info][gc,phases   ] GC(2880)   Merge Heap Roots: 0.3ms
[2024-05-30T14:19:47.295+0000][13526.715s][info][gc,phases   ] GC(2880)   Evacuate Collection Set: 57.1ms
[2024-05-30T14:19:47.295+0000][13526.715s][info][gc,phases   ] GC(2880)   Post Evacuate Collection Set: 18.1ms
[2024-05-30T14:19:47.295+0000][13526.715s][info][gc,phases   ] GC(2880)   Other: 0.2ms
[2024-05-30T14:19:47.295+0000][13526.715s][info][gc,heap     ] GC(2880) Eden regions: 845->0(841)
[2024-05-30T14:19:47.295+0000][13526.715s][info][gc,heap     ] GC(2880) Survivor regions: 3->7(106)
[2024-05-30T14:19:47.295+0000][13526.715s][info][gc,heap     ] GC(2880) Old regions: 355->355
[2024-05-30T14:19:47.295+0000][13526.715s][info][gc,heap     ] GC(2880) Archive regions: 2->2
[2024-05-30T14:19:47.295+0000][13526.715s][info][gc,heap     ] GC(2880) Humongous regions: 5->5
[2024-05-30T14:19:47.295+0000][13526.715s][info][gc,metaspace] GC(2880) Metaspace: 433974K(440192K)->433974K(440192K) NonClass: 379973K(383360K)->379973K(383360K) Class: 54001K(56832K)->54001K(56832K)
[2024-05-30T14:19:47.295+0000][13526.715s][info][gc          ] GC(2880) Pause Young (Normal) (G1 Evacuation Pause) 9662M->2932M(12288M) 75.892ms
[2024-05-30T14:19:47.295+0000][13526.715s][info][gc,cpu      ] GC(2880) User=0.44s Sys=0.00s Real=0.07s
[2024-05-30T14:19:49.897+0000][13529.316s][info][gc,start    ] GC(2881) Pause Young (Normal) (G1 Evacuation Pause)
[2024-05-30T14:19:49.897+0000][13529.316s][info][gc,task     ] GC(2881) Using 6 workers of 6 for evacuation
[2024-05-30T14:19:49.980+0000][13529.399s][info][gc,phases   ] GC(2881)   Pre Evacuate Collection Set: 0.2ms
[2024-05-30T14:19:49.980+0000][13529.399s][info][gc,phases   ] GC(2881)   Merge Heap Roots: 0.3ms
[2024-05-30T14:19:49.980+0000][13529.399s][info][gc,phases   ] GC(2881)   Evacuate Collection Set: 63.7ms
[2024-05-30T14:19:49.980+0000][13529.399s][info][gc,phases   ] GC(2881)   Post Evacuate Collection Set: 18.3ms
[2024-05-30T14:19:49.980+0000][13529.399s][info][gc,phases   ] GC(2881)   Other: 0.2ms
[2024-05-30T14:19:49.980+0000][13529.399s][info][gc,heap     ] GC(2881) Eden regions: 841->0(837)
[2024-05-30T14:19:49.980+0000][13529.399s][info][gc,heap     ] GC(2881) Survivor regions: 7->11(106)
[2024-05-30T14:19:49.980+0000][13529.399s][info][gc,heap     ] GC(2881) Old regions: 355->355
[2024-05-30T14:19:49.980+0000][13529.399s][info][gc,heap     ] GC(2881) Archive regions: 2->2
[2024-05-30T14:19:49.980+0000][13529.399s][info][gc,heap     ] GC(2881) Humongous regions: 5->5
[2024-05-30T14:19:49.980+0000][13529.399s][info][gc,metaspace] GC(2881) Metaspace: 433974K(440192K)->433974K(440192K) NonClass: 379973K(383360K)->379973K(383360K) Class: 54001K(56832K)->54001K(56832K)
[2024-05-30T14:19:49.980+0000][13529.399s][info][gc          ] GC(2881) Pause Young (Normal) (G1 Evacuation Pause) 9660M->2959M(12288M) 82.826ms
[2024-05-30T14:19:49.980+0000][13529.399s][info][gc,cpu      ] GC(2881) User=0.48s Sys=0.00s Real=0.08s
[2024-05-30T14:19:52.367+0000][13531.786s][info][gc,start    ] GC(2882) Pause Young (Concurrent Start) (G1 Evacuation Pause)
[2024-05-30T14:19:52.367+0000][13531.786s][info][gc,task     ] GC(2882) Using 6 workers of 6 for evacuation
[2024-05-30T14:19:52.462+0000][13531.881s][info][gc,phases   ] GC(2882)   Pre Evacuate Collection Set: 0.6ms
[2024-05-30T14:19:52.462+0000][13531.881s][info][gc,phases   ] GC(2882)   Merge Heap Roots: 0.3ms
[2024-05-30T14:19:52.462+0000][13531.881s][info][gc,phases   ] GC(2882)   Evacuate Collection Set: 75.0ms
[2024-05-30T14:19:52.462+0000][13531.881s][info][gc,phases   ] GC(2882)   Post Evacuate Collection Set: 18.6ms
[2024-05-30T14:19:52.462+0000][13531.881s][info][gc,phases   ] GC(2882)   Other: 0.3ms
[2024-05-30T14:19:52.462+0000][13531.881s][info][gc,heap     ] GC(2882) Eden regions: 837->0(831)
[2024-05-30T14:19:52.462+0000][13531.881s][info][gc,heap     ] GC(2882) Survivor regions: 11->16(106)
[2024-05-30T14:19:52.462+0000][13531.881s][info][gc,heap     ] GC(2882) Old regions: 355->355
[2024-05-30T14:19:52.462+0000][13531.881s][info][gc,heap     ] GC(2882) Archive regions: 2->2
[2024-05-30T14:19:52.462+0000][13531.881s][info][gc,heap     ] GC(2882) Humongous regions: 5->5
[2024-05-30T14:19:52.462+0000][13531.881s][info][gc,metaspace] GC(2882) Metaspace: 433974K(440192K)->433974K(440192K) NonClass: 379973K(383360K)->379973K(383360K) Class: 54001K(56832K)->54001K(56832K)
[2024-05-30T14:19:52.462+0000][13531.881s][info][gc          ] GC(2882) Pause Young (Concurrent Start) (G1 Evacuation Pause) 9655M->3000M(12288M) 94.827ms
[2024-05-30T14:19:52.462+0000][13531.881s][info][gc,cpu      ] GC(2882) User=0.55s Sys=0.00s Real=0.10s
[2024-05-30T14:19:52.462+0000][13531.881s][info][gc          ] GC(2883) Concurrent Mark Cycle
[2024-05-30T14:19:52.462+0000][13531.881s][info][gc,marking  ] GC(2883) Concurrent Clear Claimed Marks
[2024-05-30T14:19:52.462+0000][13531.881s][info][gc,marking  ] GC(2883) Concurrent Clear Claimed Marks 0.414ms
[2024-05-30T14:19:52.462+0000][13531.881s][info][gc,marking  ] GC(2883) Concurrent Scan Root Regions
[2024-05-30T14:19:52.509+0000][13531.928s][info][gc,marking  ] GC(2883) Concurrent Scan Root Regions 46.445ms
[2024-05-30T14:19:52.509+0000][13531.928s][info][gc,marking  ] GC(2883) Concurrent Mark
[2024-05-30T14:19:52.509+0000][13531.928s][info][gc,marking  ] GC(2883) Concurrent Mark From Roots
[2024-05-30T14:19:52.509+0000][13531.928s][info][gc,task     ] GC(2883) Using 2 workers of 2 for marking
[2024-05-30T14:19:55.022+0000][13534.442s][info][gc,marking  ] GC(2883) Concurrent Mark From Roots 2513.681ms
[2024-05-30T14:19:55.022+0000][13534.442s][info][gc,marking  ] GC(2883) Concurrent Preclean
[2024-05-30T14:19:55.024+0000][13534.443s][info][gc,marking  ] GC(2883) Concurrent Preclean 1.472ms
[2024-05-30T14:19:55.024+0000][13534.443s][info][gc,start    ] GC(2883) Pause Remark
[2024-05-30T14:19:55.049+0000][13534.468s][info][gc          ] GC(2883) Pause Remark 8612M->8612M(12288M) 24.512ms
[2024-05-30T14:19:55.049+0000][13534.468s][info][gc,cpu      ] GC(2883) User=0.11s Sys=0.00s Real=0.03s
[2024-05-30T14:19:55.049+0000][13534.468s][info][gc,marking  ] GC(2883) Concurrent Mark 2540.277ms
[2024-05-30T14:19:55.049+0000][13534.468s][info][gc,marking  ] GC(2883) Concurrent Rebuild Remembered Sets
[2024-05-30T14:19:55.481+0000][13534.900s][info][gc,start    ] GC(2884) Pause Young (Normal) (G1 Evacuation Pause)
[2024-05-30T14:19:55.481+0000][13534.900s][info][gc,task     ] GC(2884) Using 6 workers of 6 for evacuation
[2024-05-30T14:19:55.580+0000][13535.000s][info][gc,phases   ] GC(2884)   Pre Evacuate Collection Set: 0.2ms
[2024-05-30T14:19:55.581+0000][13535.000s][info][gc,phases   ] GC(2884)   Merge Heap Roots: 0.7ms
[2024-05-30T14:19:55.581+0000][13535.000s][info][gc,phases   ] GC(2884)   Evacuate Collection Set: 81.2ms
[2024-05-30T14:19:55.581+0000][13535.000s][info][gc,phases   ] GC(2884)   Post Evacuate Collection Set: 17.1ms
[2024-05-30T14:19:55.581+0000][13535.000s][info][gc,phases   ] GC(2884)   Other: 0.2ms
[2024-05-30T14:19:55.581+0000][13535.000s][info][gc,heap     ] GC(2884) Eden regions: 831->0(828)
[2024-05-30T14:19:55.581+0000][13535.000s][info][gc,heap     ] GC(2884) Survivor regions: 16->19(106)
[2024-05-30T14:19:55.581+0000][13535.000s][info][gc,heap     ] GC(2884) Old regions: 355->355
[2024-05-30T14:19:55.581+0000][13535.000s][info][gc,heap     ] GC(2884) Archive regions: 2->2
[2024-05-30T14:19:55.581+0000][13535.000s][info][gc,heap     ] GC(2884) Humongous regions: 5->5
[2024-05-30T14:19:55.581+0000][13535.000s][info][gc,metaspace] GC(2884) Metaspace: 433974K(440192K)->433974K(440192K) NonClass: 379973K(383360K)->379973K(383360K) Class: 54001K(56832K)->54001K(56832K)
[2024-05-30T14:19:55.581+0000][13535.000s][info][gc          ] GC(2884) Pause Young (Normal) (G1 Evacuation Pause) 9648M->3029M(12288M) 99.373ms
[2024-05-30T14:19:55.581+0000][13535.000s][info][gc,cpu      ] GC(2884) User=0.57s Sys=0.01s Real=0.10s
[2024-05-30T14:19:56.553+0000][13535.973s][info][gc,marking  ] GC(2883) Concurrent Rebuild Remembered Sets 1504.240ms
[2024-05-30T14:19:56.553+0000][13535.973s][info][gc,start    ] GC(2883) Pause Cleanup
[2024-05-30T14:19:56.554+0000][13535.973s][info][gc          ] GC(2883) Pause Cleanup 5213M->5213M(12288M) 0.550ms
[2024-05-30T14:19:56.554+0000][13535.973s][info][gc,cpu      ] GC(2883) User=0.00s Sys=0.00s Real=0.00s
[2024-05-30T14:19:56.554+0000][13535.973s][info][gc,marking  ] GC(2883) Concurrent Cleanup for Next Mark
[2024-05-30T14:19:56.571+0000][13535.990s][info][gc,marking  ] GC(2883) Concurrent Cleanup for Next Mark 16.561ms
[2024-05-30T14:19:56.571+0000][13535.990s][info][gc          ] GC(2883) Concurrent Mark Cycle 4109.002ms
[2024-05-30T14:19:58.115+0000][13537.534s][info][gc,start    ] GC(2885) Pause Young (Prepare Mixed) (G1 Evacuation Pause)
[2024-05-30T14:19:58.115+0000][13537.534s][info][gc,task     ] GC(2885) Using 6 workers of 6 for evacuation
[2024-05-30T14:19:58.202+0000][13537.621s][info][gc,phases   ] GC(2885)   Pre Evacuate Collection Set: 0.2ms
[2024-05-30T14:19:58.202+0000][13537.621s][info][gc,phases   ] GC(2885)   Merge Heap Roots: 0.5ms
[2024-05-30T14:19:58.202+0000][13537.621s][info][gc,phases   ] GC(2885)   Evacuate Collection Set: 74.8ms
[2024-05-30T14:19:58.202+0000][13537.621s][info][gc,phases   ] GC(2885)   Post Evacuate Collection Set: 11.2ms
[2024-05-30T14:19:58.202+0000][13537.621s][info][gc,phases   ] GC(2885)   Other: 0.2ms
[2024-05-30T14:19:58.202+0000][13537.621s][info][gc,heap     ] GC(2885) Eden regions: 828->0(55)
[2024-05-30T14:19:58.202+0000][13537.621s][info][gc,heap     ] GC(2885) Survivor regions: 19->21(106)
[2024-05-30T14:19:58.202+0000][13537.621s][info][gc,heap     ] GC(2885) Old regions: 355->355
[2024-05-30T14:19:58.202+0000][13537.621s][info][gc,heap     ] GC(2885) Archive regions: 2->2
[2024-05-30T14:19:58.202+0000][13537.621s][info][gc,heap     ] GC(2885) Humongous regions: 5->5
[2024-05-30T14:19:58.202+0000][13537.621s][info][gc,metaspace] GC(2885) Metaspace: 433974K(440192K)->433974K(440192K) NonClass: 379973K(383360K)->379973K(383360K) Class: 54001K(56832K)->54001K(56832K)
[2024-05-30T14:19:58.202+0000][13537.621s][info][gc          ] GC(2885) Pause Young (Prepare Mixed) (G1 Evacuation Pause) 9653M->3042M(12288M) 86.889ms
[2024-05-30T14:19:58.202+0000][13537.621s][info][gc,cpu      ] GC(2885) User=0.51s Sys=0.00s Real=0.09s
[2024-05-30T14:19:58.349+0000][13537.768s][info][gc,start    ] GC(2886) Pause Young (Mixed) (G1 Evacuation Pause)
[2024-05-30T14:19:58.349+0000][13537.768s][info][gc,task     ] GC(2886) Using 6 workers of 6 for evacuation
[2024-05-30T14:19:58.440+0000][13537.859s][info][gc,phases   ] GC(2886)   Pre Evacuate Collection Set: 0.2ms
[2024-05-30T14:19:58.440+0000][13537.859s][info][gc,phases   ] GC(2886)   Merge Heap Roots: 0.4ms
[2024-05-30T14:19:58.440+0000][13537.859s][info][gc,phases   ] GC(2886)   Evacuate Collection Set: 88.9ms
[2024-05-30T14:19:58.440+0000][13537.859s][info][gc,phases   ] GC(2886)   Post Evacuate Collection Set: 1.2ms
[2024-05-30T14:19:58.440+0000][13537.859s][info][gc,phases   ] GC(2886)   Other: 0.2ms
[2024-05-30T14:19:58.440+0000][13537.859s][info][gc,heap     ] GC(2886) Eden regions: 55->0(840)
[2024-05-30T14:19:58.440+0000][13537.859s][info][gc,heap     ] GC(2886) Survivor regions: 21->6(10)
[2024-05-30T14:19:58.440+0000][13537.859s][info][gc,heap     ] GC(2886) Old regions: 355->358
[2024-05-30T14:19:58.440+0000][13537.859s][info][gc,heap     ] GC(2886) Archive regions: 2->2
[2024-05-30T14:19:58.440+0000][13537.859s][info][gc,heap     ] GC(2886) Humongous regions: 5->5
[2024-05-30T14:19:58.440+0000][13537.859s][info][gc,metaspace] GC(2886) Metaspace: 433974K(440192K)->433974K(440192K) NonClass: 379973K(383360K)->379973K(383360K) Class: 54001K(56832K)->54001K(56832K)
[2024-05-30T14:19:58.440+0000][13537.859s][info][gc          ] GC(2886) Pause Young (Mixed) (G1 Evacuation Pause) 3482M->2956M(12288M) 90.874ms
[2024-05-30T14:19:58.440+0000][13537.859s][info][gc,cpu      ] GC(2886) User=0.54s Sys=0.01s Real=0.09s
[2024-05-30T14:20:01.165+0000][13540.584s][info][gc,start    ] GC(2887) Pause Young (Normal) (G1 Evacuation Pause)
[2024-05-30T14:20:01.165+0000][13540.584s][info][gc,task     ] GC(2887) Using 6 workers of 6 for evacuation
[2024-05-30T14:20:01.200+0000][13540.619s][info][gc,phases   ] GC(2887)   Pre Evacuate Collection Set: 0.2ms
[2024-05-30T14:20:01.200+0000][13540.619s][info][gc,phases   ] GC(2887)   Merge Heap Roots: 0.5ms
[2024-05-30T14:20:01.200+0000][13540.619s][info][gc,phases   ] GC(2887)   Evacuate Collection Set: 30.4ms
[2024-05-30T14:20:01.200+0000][13540.619s][info][gc,phases   ] GC(2887)   Post Evacuate Collection Set: 4.3ms
[2024-05-30T14:20:01.200+0000][13540.619s][info][gc,phases   ] GC(2887)   Other: 0.2ms
[2024-05-30T14:20:01.200+0000][13540.619s][info][gc,heap     ] GC(2887) Eden regions: 840->0(842)
[2024-05-30T14:20:01.200+0000][13540.619s][info][gc,heap     ] GC(2887) Survivor regions: 6->6(106)
[2024-05-30T14:20:01.200+0000][13540.619s][info][gc,heap     ] GC(2887) Old regions: 358->358
[2024-05-30T14:20:01.200+0000][13540.619s][info][gc,heap     ] GC(2887) Archive regions: 2->2
[2024-05-30T14:20:01.200+0000][13540.619s][info][gc,heap     ] GC(2887) Humongous regions: 5->5
[2024-05-30T14:20:01.200+0000][13540.619s][info][gc,metaspace] GC(2887) Metaspace: 433975K(440192K)->433975K(440192K) NonClass: 379973K(383360K)->379973K(383360K) Class: 54001K(56832K)->54001K(56832K)
[2024-05-30T14:20:01.200+0000][13540.620s][info][gc          ] GC(2887) Pause Young (Normal) (G1 Evacuation Pause) 9676M->2954M(12288M) 35.611ms
[2024-05-30T14:20:01.200+0000][13540.620s][info][gc,cpu      ] GC(2887) User=0.20s Sys=0.00s Real=0.04s
[2024-05-30T14:20:04.305+0000][13543.725s][info][gc,start    ] GC(2888) Pause Young (Normal) (G1 Evacuation Pause)
[2024-05-30T14:20:04.305+0000][13543.725s][info][gc,task     ] GC(2888) Using 6 workers of 6 for evacuation
[2024-05-30T14:20:04.324+0000][13543.743s][info][gc,phases   ] GC(2888)   Pre Evacuate Collection Set: 0.2ms
[2024-05-30T14:20:04.324+0000][13543.743s][info][gc,phases   ] GC(2888)   Merge Heap Roots: 0.3ms
[2024-05-30T14:20:04.324+0000][13543.743s][info][gc,phases   ] GC(2888)   Evacuate Collection Set: 16.4ms
[2024-05-30T14:20:04.324+0000][13543.743s][info][gc,phases   ] GC(2888)   Post Evacuate Collection Set: 1.8ms
[2024-05-30T14:20:04.324+0000][13543.743s][info][gc,phases   ] GC(2888)   Other: 0.2ms
[2024-05-30T14:20:04.324+0000][13543.743s][info][gc,heap     ] GC(2888) Eden regions: 842->0(842)
[2024-05-30T14:20:04.324+0000][13543.743s][info][gc,heap     ] GC(2888) Survivor regions: 6->7(106)
[2024-05-30T14:20:04.324+0000][13543.743s][info][gc,heap     ] GC(2888) Old regions: 358->358
[2024-05-30T14:20:04.324+0000][13543.743s][info][gc,heap     ] GC(2888) Archive regions: 2->2
[2024-05-30T14:20:04.324+0000][13543.743s][info][gc,heap     ] GC(2888) Humongous regions: 5->5
[2024-05-30T14:20:04.324+0000][13543.743s][info][gc,metaspace] GC(2888) Metaspace: 433975K(440192K)->433975K(440192K) NonClass: 379973K(383360K)->379973K(383360K) Class: 54001K(56832K)->54001K(56832K)
[2024-05-30T14:20:04.324+0000][13543.743s][info][gc          ] GC(2888) Pause Young (Normal) (G1 Evacuation Pause) 9690M->2962M(12288M) 18.878ms
[2024-05-30T14:20:04.324+0000][13543.743s][info][gc,cpu      ] GC(2888) User=0.11s Sys=0.01s Real=0.02s
[2024-05-30T14:20:07.618+0000][13547.037s][info][gc,start    ] GC(2889) Pause Young (Concurrent Start) (G1 Evacuation Pause)
[2024-05-30T14:20:07.618+0000][13547.037s][info][gc,task     ] GC(2889) Using 6 workers of 6 for evacuation
[2024-05-30T14:20:07.639+0000][13547.058s][info][gc,phases   ] GC(2889)   Pre Evacuate Collection Set: 0.6ms
[2024-05-30T14:20:07.639+0000][13547.058s][info][gc,phases   ] GC(2889)   Merge Heap Roots: 0.2ms
[2024-05-30T14:20:07.639+0000][13547.058s][info][gc,phases   ] GC(2889)   Evacuate Collection Set: 17.9ms
[2024-05-30T14:20:07.639+0000][13547.058s][info][gc,phases   ] GC(2889)   Post Evacuate Collection Set: 1.8ms
[2024-05-30T14:20:07.639+0000][13547.058s][info][gc,phases   ] GC(2889)   Other: 0.4ms
[2024-05-30T14:20:07.639+0000][13547.058s][info][gc,heap     ] GC(2889) Eden regions: 842->0(842)
[2024-05-30T14:20:07.639+0000][13547.058s][info][gc,heap     ] GC(2889) Survivor regions: 7->8(107)
[2024-05-30T14:20:07.639+0000][13547.058s][info][gc,heap     ] GC(2889) Old regions: 358->358
[2024-05-30T14:20:07.639+0000][13547.058s][info][gc,heap     ] GC(2889) Archive regions: 2->2
[2024-05-30T14:20:07.639+0000][13547.058s][info][gc,heap     ] GC(2889) Humongous regions: 5->5
[2024-05-30T14:20:07.639+0000][13547.058s][info][gc,metaspace] GC(2889) Metaspace: 433975K(440192K)->433975K(440192K) NonClass: 379973K(383360K)->379973K(383360K) Class: 54001K(56832K)->54001K(56832K)
[2024-05-30T14:20:07.639+0000][13547.058s][info][gc          ] GC(2889) Pause Young (Concurrent Start) (G1 Evacuation Pause) 9698M->2972M(12288M) 20.902ms
[2024-05-30T14:20:07.639+0000][13547.058s][info][gc,cpu      ] GC(2889) User=0.12s Sys=0.00s Real=0.02s
[2024-05-30T14:20:07.639+0000][13547.058s][info][gc          ] GC(2890) Concurrent Mark Cycle
[2024-05-30T14:20:07.639+0000][13547.058s][info][gc,marking  ] GC(2890) Concurrent Clear Claimed Marks
[2024-05-30T14:20:07.640+0000][13547.059s][info][gc,marking  ] GC(2890) Concurrent Clear Claimed Marks 0.381ms
[2024-05-30T14:20:07.640+0000][13547.059s][info][gc,marking  ] GC(2890) Concurrent Scan Root Regions
[2024-05-30T14:20:07.658+0000][13547.077s][info][gc,marking  ] GC(2890) Concurrent Scan Root Regions 17.967ms
[2024-05-30T14:20:07.658+0000][13547.077s][info][gc,marking  ] GC(2890) Concurrent Mark
[2024-05-30T14:20:07.658+0000][13547.077s][info][gc,marking  ] GC(2890) Concurrent Mark From Roots
[2024-05-30T14:20:07.658+0000][13547.077s][info][gc,task     ] GC(2890) Using 2 workers of 2 for marking
[2024-05-30T14:20:10.395+0000][13549.814s][info][gc,marking  ] GC(2890) Concurrent Mark From Roots 2737.248ms
[2024-05-30T14:20:10.395+0000][13549.814s][info][gc,marking  ] GC(2890) Concurrent Preclean
[2024-05-30T14:20:10.397+0000][13549.816s][info][gc,marking  ] GC(2890) Concurrent Preclean 1.955ms
[2024-05-30T14:20:10.397+0000][13549.816s][info][gc,start    ] GC(2890) Pause Remark
[2024-05-30T14:20:10.421+0000][13549.841s][info][gc          ] GC(2890) Pause Remark 5864M->5864M(12288M) 24.227ms
[2024-05-30T14:20:10.421+0000][13549.841s][info][gc,cpu      ] GC(2890) User=0.11s Sys=0.00s Real=0.02s
[2024-05-30T14:20:10.421+0000][13549.841s][info][gc,marking  ] GC(2890) Concurrent Mark 2763.856ms
[2024-05-30T14:20:10.421+0000][13549.841s][info][gc,marking  ] GC(2890) Concurrent Rebuild Remembered Sets
[2024-05-30T14:20:11.879+0000][13551.299s][info][gc,marking  ] GC(2890) Concurrent Rebuild Remembered Sets 1457.906ms
[2024-05-30T14:20:11.879+0000][13551.299s][info][gc,start    ] GC(2890) Pause Cleanup
[2024-05-30T14:20:11.880+0000][13551.299s][info][gc          ] GC(2890) Pause Cleanup 7432M->7432M(12288M) 0.623ms
[2024-05-30T14:20:11.880+0000][13551.299s][info][gc,cpu      ] GC(2890) User=0.00s Sys=0.00s Real=0.00s
[2024-05-30T14:20:11.880+0000][13551.299s][info][gc,marking  ] GC(2890) Concurrent Cleanup for Next Mark
[2024-05-30T14:20:11.897+0000][13551.316s][info][gc,marking  ] GC(2890) Concurrent Cleanup for Next Mark 16.906ms
[2024-05-30T14:20:11.897+0000][13551.316s][info][gc          ] GC(2890) Concurrent Mark Cycle 4258.080ms
[2024-05-30T14:20:13.861+0000][13553.280s][info][gc,start    ] GC(2891) Pause Young (Prepare Mixed) (G1 Evacuation Pause)
[2024-05-30T14:20:13.861+0000][13553.280s][info][gc,task     ] GC(2891) Using 6 workers of 6 for evacuation
[2024-05-30T14:20:13.884+0000][13553.303s][info][gc,phases   ] GC(2891)   Pre Evacuate Collection Set: 0.2ms
[2024-05-30T14:20:13.884+0000][13553.303s][info][gc,phases   ] GC(2891)   Merge Heap Roots: 0.3ms
[2024-05-30T14:20:13.884+0000][13553.303s][info][gc,phases   ] GC(2891)   Evacuate Collection Set: 20.7ms
[2024-05-30T14:20:13.884+0000][13553.303s][info][gc,phases   ] GC(2891)   Post Evacuate Collection Set: 1.8ms
[2024-05-30T14:20:13.884+0000][13553.303s][info][gc,phases   ] GC(2891)   Other: 0.2ms
[2024-05-30T14:20:13.884+0000][13553.303s][info][gc,heap     ] GC(2891) Eden regions: 842->0(67)
[2024-05-30T14:20:13.884+0000][13553.303s][info][gc,heap     ] GC(2891) Survivor regions: 8->9(107)
[2024-05-30T14:20:13.884+0000][13553.303s][info][gc,heap     ] GC(2891) Old regions: 358->358
[2024-05-30T14:20:13.884+0000][13553.303s][info][gc,heap     ] GC(2891) Archive regions: 2->2
[2024-05-30T14:20:13.884+0000][13553.303s][info][gc,heap     ] GC(2891) Humongous regions: 5->5
[2024-05-30T14:20:13.884+0000][13553.303s][info][gc,metaspace] GC(2891) Metaspace: 433975K(440192K)->433975K(440192K) NonClass: 379973K(383360K)->379973K(383360K) Class: 54001K(56832K)->54001K(56832K)
[2024-05-30T14:20:13.884+0000][13553.303s][info][gc          ] GC(2891) Pause Young (Prepare Mixed) (G1 Evacuation Pause) 9708M->2980M(12288M) 23.315ms
[2024-05-30T14:20:13.884+0000][13553.304s][info][gc,cpu      ] GC(2891) User=0.13s Sys=0.00s Real=0.02s
[2024-05-30T14:20:14.364+0000][13553.783s][info][gc,start    ] GC(2892) Pause Young (Mixed) (G1 Evacuation Pause)
[2024-05-30T14:20:14.364+0000][13553.783s][info][gc,task     ] GC(2892) Using 6 workers of 6 for evacuation
[2024-05-30T14:20:14.415+0000][13553.835s][info][gc,phases   ] GC(2892)   Pre Evacuate Collection Set: 0.2ms
[2024-05-30T14:20:14.415+0000][13553.835s][info][gc,phases   ] GC(2892)   Merge Heap Roots: 0.3ms
[2024-05-30T14:20:14.415+0000][13553.835s][info][gc,phases   ] GC(2892)   Evacuate Collection Set: 49.4ms
[2024-05-30T14:20:14.415+0000][13553.835s][info][gc,phases   ] GC(2892)   Post Evacuate Collection Set: 1.3ms
[2024-05-30T14:20:14.415+0000][13553.835s][info][gc,phases   ] GC(2892)   Other: 0.2ms
[2024-05-30T14:20:14.415+0000][13553.835s][info][gc,heap     ] GC(2892) Eden regions: 67->0(854)
[2024-05-30T14:20:14.415+0000][13553.835s][info][gc,heap     ] GC(2892) Survivor regions: 9->6(10)
[2024-05-30T14:20:14.415+0000][13553.835s][info][gc,heap     ] GC(2892) Old regions: 358->348
[2024-05-30T14:20:14.415+0000][13553.835s][info][gc,heap     ] GC(2892) Archive regions: 2->2
[2024-05-30T14:20:14.415+0000][13553.835s][info][gc,heap     ] GC(2892) Humongous regions: 5->5
[2024-05-30T14:20:14.415+0000][13553.835s][info][gc,metaspace] GC(2892) Metaspace: 433975K(440192K)->433975K(440192K) NonClass: 379973K(383360K)->379973K(383360K) Class: 54001K(56832K)->54001K(56832K)
[2024-05-30T14:20:14.415+0000][13553.835s][info][gc          ] GC(2892) Pause Young (Mixed) (G1 Evacuation Pause) 3516M->2872M(12288M) 51.389ms
[2024-05-30T14:20:14.415+0000][13553.835s][info][gc,cpu      ] GC(2892) User=0.31s Sys=0.00s Real=0.05s
[2024-05-30T14:20:19.574+0000][13558.994s][info][gc,start    ] GC(2893) Pause Young (Normal) (G1 Evacuation Pause)
[2024-05-30T14:20:19.574+0000][13558.994s][info][gc,task     ] GC(2893) Using 6 workers of 6 for evacuation
[2024-05-30T14:20:19.590+0000][13559.009s][info][gc,phases   ] GC(2893)   Pre Evacuate Collection Set: 0.2ms
[2024-05-30T14:20:19.590+0000][13559.009s][info][gc,phases   ] GC(2893)   Merge Heap Roots: 0.3ms
[2024-05-30T14:20:19.590+0000][13559.009s][info][gc,phases   ] GC(2893)   Evacuate Collection Set: 13.3ms
[2024-05-30T14:20:19.590+0000][13559.009s][info][gc,phases   ] GC(2893)   Post Evacuate Collection Set: 1.8ms
[2024-05-30T14:20:19.590+0000][13559.009s][info][gc,phases   ] GC(2893)   Other: 0.2ms
[2024-05-30T14:20:19.590+0000][13559.009s][info][gc,heap     ] GC(2893) Eden regions: 854->0(854)
[2024-05-30T14:20:19.590+0000][13559.009s][info][gc,heap     ] GC(2893) Survivor regions: 6->7(108)
[2024-05-30T14:20:19.590+0000][13559.009s][info][gc,heap     ] GC(2893) Old regions: 348->348
[2024-05-30T14:20:19.590+0000][13559.009s][info][gc,heap     ] GC(2893) Archive regions: 2->2
[2024-05-30T14:20:19.590+0000][13559.009s][info][gc,heap     ] GC(2893) Humongous regions: 5->5
[2024-05-30T14:20:19.590+0000][13559.009s][info][gc,metaspace] GC(2893) Metaspace: 433975K(440192K)->433975K(440192K) NonClass: 379973K(383360K)->379973K(383360K) Class: 54001K(56832K)->54001K(56832K)
[2024-05-30T14:20:19.590+0000][13559.009s][info][gc          ] GC(2893) Pause Young (Normal) (G1 Evacuation Pause) 9704M->2880M(12288M) 15.799ms
[2024-05-30T14:20:19.590+0000][13559.009s][info][gc,cpu      ] GC(2893) User=0.09s Sys=0.00s Real=0.02s
[2024-05-30T14:20:25.168+0000][13564.587s][info][gc,start    ] GC(2894) Pause Young (Normal) (G1 Evacuation Pause)
[2024-05-30T14:20:25.168+0000][13564.587s][info][gc,task     ] GC(2894) Using 6 workers of 6 for evacuation
[2024-05-30T14:20:25.188+0000][13564.607s][info][gc,phases   ] GC(2894)   Pre Evacuate Collection Set: 0.2ms
[2024-05-30T14:20:25.188+0000][13564.607s][info][gc,phases   ] GC(2894)   Merge Heap Roots: 0.3ms
[2024-05-30T14:20:25.188+0000][13564.607s][info][gc,phases   ] GC(2894)   Evacuate Collection Set: 17.3ms
[2024-05-30T14:20:25.188+0000][13564.607s][info][gc,phases   ] GC(2894)   Post Evacuate Collection Set: 2.1ms
[2024-05-30T14:20:25.188+0000][13564.607s][info][gc,phases   ] GC(2894)   Other: 0.2ms
[2024-05-30T14:20:25.188+0000][13564.607s][info][gc,heap     ] GC(2894) Eden regions: 854->0(851)
[2024-05-30T14:20:25.188+0000][13564.607s][info][gc,heap     ] GC(2894) Survivor regions: 7->9(108)
[2024-05-30T14:20:25.188+0000][13564.607s][info][gc,heap     ] GC(2894) Old regions: 348->348
[2024-05-30T14:20:25.188+0000][13564.607s][info][gc,heap     ] GC(2894) Archive regions: 2->2
[2024-05-30T14:20:25.188+0000][13564.607s][info][gc,heap     ] GC(2894) Humongous regions: 5->5
[2024-05-30T14:20:25.188+0000][13564.607s][info][gc,metaspace] GC(2894) Metaspace: 433975K(440192K)->433975K(440192K) NonClass: 379973K(383360K)->379973K(383360K) Class: 54001K(56832K)->54001K(56832K)
[2024-05-30T14:20:25.188+0000][13564.607s][info][gc          ] GC(2894) Pause Young (Normal) (G1 Evacuation Pause) 9712M->2897M(12288M) 20.123ms
[2024-05-30T14:20:25.188+0000][13564.607s][info][gc,cpu      ] GC(2894) User=0.11s Sys=0.01s Real=0.02s
[2024-05-30T14:20:31.038+0000][13570.458s][info][gc,start    ] GC(2895) Pause Young (Concurrent Start) (G1 Evacuation Pause)
[2024-05-30T14:20:31.039+0000][13570.458s][info][gc,task     ] GC(2895) Using 6 workers of 6 for evacuation
[2024-05-30T14:20:31.059+0000][13570.478s][info][gc,phases   ] GC(2895)   Pre Evacuate Collection Set: 0.5ms
[2024-05-30T14:20:31.059+0000][13570.478s][info][gc,phases   ] GC(2895)   Merge Heap Roots: 0.2ms
[2024-05-30T14:20:31.059+0000][13570.478s][info][gc,phases   ] GC(2895)   Evacuate Collection Set: 17.4ms
[2024-05-30T14:20:31.059+0000][13570.478s][info][gc,phases   ] GC(2895)   Post Evacuate Collection Set: 1.7ms
[2024-05-30T14:20:31.059+0000][13570.478s][info][gc,phases   ] GC(2895)   Other: 0.3ms
[2024-05-30T14:20:31.059+0000][13570.478s][info][gc,heap     ] GC(2895) Eden regions: 851->0(852)
[2024-05-30T14:20:31.059+0000][13570.478s][info][gc,heap     ] GC(2895) Survivor regions: 9->8(108)
[2024-05-30T14:20:31.059+0000][13570.478s][info][gc,heap     ] GC(2895) Old regions: 348->348
[2024-05-30T14:20:31.059+0000][13570.478s][info][gc,heap     ] GC(2895) Archive regions: 2->2
[2024-05-30T14:20:31.059+0000][13570.478s][info][gc,heap     ] GC(2895) Humongous regions: 5->5
[2024-05-30T14:20:31.059+0000][13570.478s][info][gc,metaspace] GC(2895) Metaspace: 433975K(440192K)->433975K(440192K) NonClass: 379973K(383360K)->379973K(383360K) Class: 54001K(56832K)->54001K(56832K)
[2024-05-30T14:20:31.059+0000][13570.478s][info][gc          ] GC(2895) Pause Young (Concurrent Start) (G1 Evacuation Pause) 9705M->2889M(12288M) 20.283ms
[2024-05-30T14:20:31.059+0000][13570.478s][info][gc,cpu      ] GC(2895) User=0.11s Sys=0.00s Real=0.02s
[2024-05-30T14:20:31.059+0000][13570.478s][info][gc          ] GC(2896) Concurrent Mark Cycle
[2024-05-30T14:20:31.059+0000][13570.478s][info][gc,marking  ] GC(2896) Concurrent Clear Claimed Marks
[2024-05-30T14:20:31.059+0000][13570.478s][info][gc,marking  ] GC(2896) Concurrent Clear Claimed Marks 0.371ms
[2024-05-30T14:20:31.059+0000][13570.479s][info][gc,marking  ] GC(2896) Concurrent Scan Root Regions
[2024-05-30T14:20:31.073+0000][13570.493s][info][gc,marking  ] GC(2896) Concurrent Scan Root Regions 14.018ms
[2024-05-30T14:20:31.073+0000][13570.493s][info][gc,marking  ] GC(2896) Concurrent Mark
[2024-05-30T14:20:31.073+0000][13570.493s][info][gc,marking  ] GC(2896) Concurrent Mark From Roots
[2024-05-30T14:20:31.073+0000][13570.493s][info][gc,task     ] GC(2896) Using 2 workers of 2 for marking
[2024-05-30T14:20:33.814+0000][13573.234s][info][gc,marking  ] GC(2896) Concurrent Mark From Roots 2740.927ms
[2024-05-30T14:20:33.814+0000][13573.234s][info][gc,marking  ] GC(2896) Concurrent Preclean
[2024-05-30T14:20:33.816+0000][13573.235s][info][gc,marking  ] GC(2896) Concurrent Preclean 1.589ms
[2024-05-30T14:20:33.816+0000][13573.235s][info][gc,start    ] GC(2896) Pause Remark
[2024-05-30T14:20:33.840+0000][13573.259s][info][gc          ] GC(2896) Pause Remark 5617M->5617M(12288M) 24.117ms
[2024-05-30T14:20:33.840+0000][13573.260s][info][gc,cpu      ] GC(2896) User=0.11s Sys=0.00s Real=0.03s
[2024-05-30T14:20:33.840+0000][13573.260s][info][gc,marking  ] GC(2896) Concurrent Mark 2767.083ms
[2024-05-30T14:20:33.840+0000][13573.260s][info][gc,marking  ] GC(2896) Concurrent Rebuild Remembered Sets
[2024-05-30T14:20:35.267+0000][13574.686s][info][gc,marking  ] GC(2896) Concurrent Rebuild Remembered Sets 1426.728ms
[2024-05-30T14:20:35.267+0000][13574.687s][info][gc,start    ] GC(2896) Pause Cleanup
[2024-05-30T14:20:35.268+0000][13574.687s][info][gc          ] GC(2896) Pause Cleanup 7097M->7097M(12288M) 0.584ms
[2024-05-30T14:20:35.268+0000][13574.687s][info][gc,cpu      ] GC(2896) User=0.01s Sys=0.00s Real=0.00s
[2024-05-30T14:20:35.268+0000][13574.687s][info][gc,marking  ] GC(2896) Concurrent Cleanup for Next Mark
[2024-05-30T14:20:35.285+0000][13574.705s][info][gc,marking  ] GC(2896) Concurrent Cleanup for Next Mark 17.285ms
[2024-05-30T14:20:35.285+0000][13574.705s][info][gc          ] GC(2896) Concurrent Mark Cycle 4226.593ms
[2024-05-30T14:20:37.494+0000][13576.913s][info][gc,start    ] GC(2897) Pause Young (Prepare Mixed) (G1 Evacuation Pause)
[2024-05-30T14:20:37.494+0000][13576.913s][info][gc,task     ] GC(2897) Using 6 workers of 6 for evacuation
[2024-05-30T14:20:37.518+0000][13576.937s][info][gc,phases   ] GC(2897)   Pre Evacuate Collection Set: 0.2ms
[2024-05-30T14:20:37.518+0000][13576.937s][info][gc,phases   ] GC(2897)   Merge Heap Roots: 0.3ms
[2024-05-30T14:20:37.518+0000][13576.937s][info][gc,phases   ] GC(2897)   Evacuate Collection Set: 21.2ms
[2024-05-30T14:20:37.518+0000][13576.937s][info][gc,phases   ] GC(2897)   Post Evacuate Collection Set: 1.8ms
[2024-05-30T14:20:37.518+0000][13576.937s][info][gc,phases   ] GC(2897)   Other: 0.2ms
[2024-05-30T14:20:37.518+0000][13576.937s][info][gc,heap     ] GC(2897) Eden regions: 852->0(65)
[2024-05-30T14:20:37.518+0000][13576.937s][info][gc,heap     ] GC(2897) Survivor regions: 8->11(108)
[2024-05-30T14:20:37.518+0000][13576.937s][info][gc,heap     ] GC(2897) Old regions: 348->348
[2024-05-30T14:20:37.518+0000][13576.937s][info][gc,heap     ] GC(2897) Archive regions: 2->2
[2024-05-30T14:20:37.518+0000][13576.937s][info][gc,heap     ] GC(2897) Humongous regions: 5->5
[2024-05-30T14:20:37.518+0000][13576.937s][info][gc,metaspace] GC(2897) Metaspace: 433975K(440192K)->433975K(440192K) NonClass: 379973K(383360K)->379973K(383360K) Class: 54001K(56832K)->54001K(56832K)
[2024-05-30T14:20:37.518+0000][13576.937s][info][gc          ] GC(2897) Pause Young (Prepare Mixed) (G1 Evacuation Pause) 9705M->2911M(12288M) 23.764ms
[2024-05-30T14:20:37.518+0000][13576.937s][info][gc,cpu      ] GC(2897) User=0.14s Sys=0.00s Real=0.03s
[2024-05-30T14:20:37.982+0000][13577.401s][info][gc,start    ] GC(2898) Pause Young (Mixed) (G1 Evacuation Pause)
[2024-05-30T14:20:37.982+0000][13577.401s][info][gc,task     ] GC(2898) Using 6 workers of 6 for evacuation
[2024-05-30T14:20:38.043+0000][13577.462s][info][gc,phases   ] GC(2898)   Pre Evacuate Collection Set: 0.2ms
[2024-05-30T14:20:38.043+0000][13577.462s][info][gc,phases   ] GC(2898)   Merge Heap Roots: 0.3ms
[2024-05-30T14:20:38.043+0000][13577.462s][info][gc,phases   ] GC(2898)   Evacuate Collection Set: 58.7ms
[2024-05-30T14:20:38.043+0000][13577.462s][info][gc,phases   ] GC(2898)   Post Evacuate Collection Set: 1.3ms
[2024-05-30T14:20:38.043+0000][13577.462s][info][gc,phases   ] GC(2898)   Other: 0.2ms
[2024-05-30T14:20:38.043+0000][13577.462s][info][gc,heap     ] GC(2898) Eden regions: 65->0(858)
[2024-05-30T14:20:38.043+0000][13577.462s][info][gc,heap     ] GC(2898) Survivor regions: 11->5(10)
[2024-05-30T14:20:38.043+0000][13577.462s][info][gc,heap     ] GC(2898) Old regions: 348->345
[2024-05-30T14:20:38.043+0000][13577.462s][info][gc,heap     ] GC(2898) Archive regions: 2->2
[2024-05-30T14:20:38.043+0000][13577.462s][info][gc,heap     ] GC(2898) Humongous regions: 5->5
[2024-05-30T14:20:38.043+0000][13577.462s][info][gc,metaspace] GC(2898) Metaspace: 433975K(440192K)->433975K(440192K) NonClass: 379973K(383360K)->379973K(383360K) Class: 54001K(56832K)->54001K(56832K)
[2024-05-30T14:20:38.043+0000][13577.462s][info][gc          ] GC(2898) Pause Young (Mixed) (G1 Evacuation Pause) 3431M->2840M(12288M) 60.831ms
[2024-05-30T14:20:38.043+0000][13577.462s][info][gc,cpu      ] GC(2898) User=0.37s Sys=0.00s Real=0.06s
[2024-05-30T14:20:43.846+0000][13583.265s][info][gc,start    ] GC(2899) Pause Young (Normal) (G1 Evacuation Pause)
[2024-05-30T14:20:43.846+0000][13583.265s][info][gc,task     ] GC(2899) Using 6 workers of 6 for evacuation
[2024-05-30T14:20:43.860+0000][13583.279s][info][gc,phases   ] GC(2899)   Pre Evacuate Collection Set: 0.2ms
[2024-05-30T14:20:43.860+0000][13583.279s][info][gc,phases   ] GC(2899)   Merge Heap Roots: 0.3ms
[2024-05-30T14:20:43.860+0000][13583.279s][info][gc,phases   ] GC(2899)   Evacuate Collection Set: 11.6ms
[2024-05-30T14:20:43.860+0000][13583.279s][info][gc,phases   ] GC(2899)   Post Evacuate Collection Set: 1.8ms
[2024-05-30T14:20:43.860+0000][13583.279s][info][gc,phases   ] GC(2899)   Other: 0.2ms
[2024-05-30T14:20:43.860+0000][13583.279s][info][gc,heap     ] GC(2899) Eden regions: 858->0(857)
[2024-05-30T14:20:43.860+0000][13583.279s][info][gc,heap     ] GC(2899) Survivor regions: 5->6(108)
[2024-05-30T14:20:43.860+0000][13583.279s][info][gc,heap     ] GC(2899) Old regions: 345->345
[2024-05-30T14:20:43.860+0000][13583.279s][info][gc,heap     ] GC(2899) Archive regions: 2->2
[2024-05-30T14:20:43.860+0000][13583.279s][info][gc,heap     ] GC(2899) Humongous regions: 5->5
[2024-05-30T14:20:43.860+0000][13583.279s][info][gc,metaspace] GC(2899) Metaspace: 433976K(440192K)->433976K(440192K) NonClass: 379975K(383360K)->379975K(383360K) Class: 54001K(56832K)->54001K(56832K)
[2024-05-30T14:20:43.860+0000][13583.279s][info][gc          ] GC(2899) Pause Young (Normal) (G1 Evacuation Pause) 9704M->2850M(12288M) 14.010ms
[2024-05-30T14:20:43.860+0000][13583.279s][info][gc,cpu      ] GC(2899) User=0.08s Sys=0.00s Real=0.02s
[2024-05-30T14:20:49.601+0000][13589.021s][info][gc,start    ] GC(2900) Pause Young (Normal) (G1 Evacuation Pause)
[2024-05-30T14:20:49.601+0000][13589.021s][info][gc,task     ] GC(2900) Using 6 workers of 6 for evacuation
[2024-05-30T14:20:49.617+0000][13589.036s][info][gc,phases   ] GC(2900)   Pre Evacuate Collection Set: 0.2ms
[2024-05-30T14:20:49.617+0000][13589.036s][info][gc,phases   ] GC(2900)   Merge Heap Roots: 0.2ms
[2024-05-30T14:20:49.617+0000][13589.036s][info][gc,phases   ] GC(2900)   Evacuate Collection Set: 13.0ms
[2024-05-30T14:20:49.617+0000][13589.036s][info][gc,phases   ] GC(2900)   Post Evacuate Collection Set: 1.8ms
[2024-05-30T14:20:49.617+0000][13589.036s][info][gc,phases   ] GC(2900)   Other: 0.2ms
[2024-05-30T14:20:49.617+0000][13589.036s][info][gc,heap     ] GC(2900) Eden regions: 857->0(856)
[2024-05-30T14:20:49.617+0000][13589.036s][info][gc,heap     ] GC(2900) Survivor regions: 6->7(108)
[2024-05-30T14:20:49.617+0000][13589.036s][info][gc,heap     ] GC(2900) Old regions: 345->345
[2024-05-30T14:20:49.617+0000][13589.036s][info][gc,heap     ] GC(2900) Archive regions: 2->2
[2024-05-30T14:20:49.617+0000][13589.036s][info][gc,heap     ] GC(2900) Humongous regions: 5->5
[2024-05-30T14:20:49.617+0000][13589.036s][info][gc,metaspace] GC(2900) Metaspace: 433976K(440192K)->433976K(440192K) NonClass: 379975K(383360K)->379975K(383360K) Class: 54001K(56832K)->54001K(56832K)
[2024-05-30T14:20:49.617+0000][13589.036s][info][gc          ] GC(2900) Pause Young (Normal) (G1 Evacuation Pause) 9706M->2856M(12288M) 15.433ms
[2024-05-30T14:20:49.617+0000][13589.036s][info][gc,cpu      ] GC(2900) User=0.08s Sys=0.01s Real=0.02s
[2024-05-30T14:20:55.387+0000][13594.806s][info][gc,start    ] GC(2901) Pause Young (Concurrent Start) (G1 Evacuation Pause)
[2024-05-30T14:20:55.387+0000][13594.806s][info][gc,task     ] GC(2901) Using 6 workers of 6 for evacuation
[2024-05-30T14:20:55.410+0000][13594.829s][info][gc,phases   ] GC(2901)   Pre Evacuate Collection Set: 0.5ms
[2024-05-30T14:20:55.410+0000][13594.829s][info][gc,phases   ] GC(2901)   Merge Heap Roots: 0.2ms
[2024-05-30T14:20:55.410+0000][13594.829s][info][gc,phases   ] GC(2901)   Evacuate Collection Set: 20.1ms
[2024-05-30T14:20:55.410+0000][13594.829s][info][gc,phases   ] GC(2901)   Post Evacuate Collection Set: 2.0ms
[2024-05-30T14:20:55.410+0000][13594.829s][info][gc,phases   ] GC(2901)   Other: 0.3ms
[2024-05-30T14:20:55.410+0000][13594.829s][info][gc,heap     ] GC(2901) Eden regions: 856->0(854)
[2024-05-30T14:20:55.410+0000][13594.829s][info][gc,heap     ] GC(2901) Survivor regions: 7->9(108)
[2024-05-30T14:20:55.410+0000][13594.829s][info][gc,heap     ] GC(2901) Old regions: 345->345
[2024-05-30T14:20:55.410+0000][13594.829s][info][gc,heap     ] GC(2901) Archive regions: 2->2
[2024-05-30T14:20:55.410+0000][13594.829s][info][gc,heap     ] GC(2901) Humongous regions: 5->5
[2024-05-30T14:20:55.410+0000][13594.829s][info][gc,metaspace] GC(2901) Metaspace: 433976K(440192K)->433976K(440192K) NonClass: 379975K(383360K)->379975K(383360K) Class: 54001K(56832K)->54001K(56832K)
[2024-05-30T14:20:55.410+0000][13594.829s][info][gc          ] GC(2901) Pause Young (Concurrent Start) (G1 Evacuation Pause) 9704M->2874M(12288M) 23.205ms
[2024-05-30T14:20:55.410+0000][13594.829s][info][gc,cpu      ] GC(2901) User=0.13s Sys=0.00s Real=0.03s
[2024-05-30T14:20:55.410+0000][13594.829s][info][gc          ] GC(2902) Concurrent Mark Cycle
[2024-05-30T14:20:55.410+0000][13594.830s][info][gc,marking  ] GC(2902) Concurrent Clear Claimed Marks
[2024-05-30T14:20:55.411+0000][13594.830s][info][gc,marking  ] GC(2902) Concurrent Clear Claimed Marks 0.425ms
[2024-05-30T14:20:55.411+0000][13594.830s][info][gc,marking  ] GC(2902) Concurrent Scan Root Regions
[2024-05-30T14:20:55.429+0000][13594.849s][info][gc,marking  ] GC(2902) Concurrent Scan Root Regions 18.756ms
[2024-05-30T14:20:55.430+0000][13594.849s][info][gc,marking  ] GC(2902) Concurrent Mark
[2024-05-30T14:20:55.430+0000][13594.849s][info][gc,marking  ] GC(2902) Concurrent Mark From Roots
[2024-05-30T14:20:55.430+0000][13594.849s][info][gc,task     ] GC(2902) Using 2 workers of 2 for marking
[2024-05-30T14:20:58.335+0000][13597.754s][info][gc,marking  ] GC(2902) Concurrent Mark From Roots 2905.560ms
[2024-05-30T14:20:58.335+0000][13597.754s][info][gc,marking  ] GC(2902) Concurrent Preclean
[2024-05-30T14:20:58.337+0000][13597.756s][info][gc,marking  ] GC(2902) Concurrent Preclean 1.768ms
[2024-05-30T14:20:58.337+0000][13597.756s][info][gc,start    ] GC(2902) Pause Remark
[2024-05-30T14:20:58.362+0000][13597.781s][info][gc          ] GC(2902) Pause Remark 5854M->5854M(12288M) 24.440ms
[2024-05-30T14:20:58.362+0000][13597.781s][info][gc,cpu      ] GC(2902) User=0.10s Sys=0.00s Real=0.02s
[2024-05-30T14:20:58.362+0000][13597.781s][info][gc,marking  ] GC(2902) Concurrent Mark 2932.229ms
[2024-05-30T14:20:58.362+0000][13597.781s][info][gc,marking  ] GC(2902) Concurrent Rebuild Remembered Sets
[2024-05-30T14:20:59.804+0000][13599.223s][info][gc,marking  ] GC(2902) Concurrent Rebuild Remembered Sets 1442.408ms
[2024-05-30T14:20:59.804+0000][13599.224s][info][gc,start    ] GC(2902) Pause Cleanup
[2024-05-30T14:20:59.805+0000][13599.224s][info][gc          ] GC(2902) Pause Cleanup 7410M->7410M(12288M) 0.526ms
[2024-05-30T14:20:59.805+0000][13599.224s][info][gc,cpu      ] GC(2902) User=0.00s Sys=0.00s Real=0.00s
[2024-05-30T14:20:59.805+0000][13599.224s][info][gc,marking  ] GC(2902) Concurrent Cleanup for Next Mark
[2024-05-30T14:20:59.833+0000][13599.252s][info][gc,marking  ] GC(2902) Concurrent Cleanup for Next Mark 27.940ms
[2024-05-30T14:20:59.833+0000][13599.252s][info][gc          ] GC(2902) Concurrent Mark Cycle 4422.749ms
[2024-05-30T14:21:01.757+0000][13601.176s][info][gc,start    ] GC(2903) Pause Young (Prepare Mixed) (G1 Evacuation Pause)
[2024-05-30T14:21:01.757+0000][13601.176s][info][gc,task     ] GC(2903) Using 6 workers of 6 for evacuation
[2024-05-30T14:21:01.781+0000][13601.200s][info][gc,phases   ] GC(2903)   Pre Evacuate Collection Set: 0.2ms
[2024-05-30T14:21:01.781+0000][13601.200s][info][gc,phases   ] GC(2903)   Merge Heap Roots: 0.4ms
[2024-05-30T14:21:01.781+0000][13601.200s][info][gc,phases   ] GC(2903)   Evacuate Collection Set: 21.5ms
[2024-05-30T14:21:01.781+0000][13601.200s][info][gc,phases   ] GC(2903)   Post Evacuate Collection Set: 1.8ms
[2024-05-30T14:21:01.781+0000][13601.200s][info][gc,phases   ] GC(2903)   Other: 0.2ms
[2024-05-30T14:21:01.781+0000][13601.200s][info][gc,heap     ] GC(2903) Eden regions: 854->0(66)
[2024-05-30T14:21:01.781+0000][13601.200s][info][gc,heap     ] GC(2903) Survivor regions: 9->10(108)
[2024-05-30T14:21:01.781+0000][13601.200s][info][gc,heap     ] GC(2903) Old regions: 345->345
[2024-05-30T14:21:01.781+0000][13601.200s][info][gc,heap     ] GC(2903) Archive regions: 2->2
[2024-05-30T14:21:01.781+0000][13601.200s][info][gc,heap     ] GC(2903) Humongous regions: 5->5
[2024-05-30T14:21:01.781+0000][13601.200s][info][gc,metaspace] GC(2903) Metaspace: 433976K(440192K)->433976K(440192K) NonClass: 379975K(383360K)->379975K(383360K) Class: 54001K(56832K)->54001K(56832K)
[2024-05-30T14:21:01.781+0000][13601.200s][info][gc          ] GC(2903) Pause Young (Prepare Mixed) (G1 Evacuation Pause) 9706M->2883M(12288M) 24.070ms
[2024-05-30T14:21:01.781+0000][13601.201s][info][gc,cpu      ] GC(2903) User=0.14s Sys=0.00s Real=0.02s
[2024-05-30T14:21:02.219+0000][13601.638s][info][gc,start    ] GC(2904) Pause Young (Mixed) (G1 Evacuation Pause)
[2024-05-30T14:21:02.219+0000][13601.638s][info][gc,task     ] GC(2904) Using 6 workers of 6 for evacuation
[2024-05-30T14:21:02.281+0000][13601.700s][info][gc,phases   ] GC(2904)   Pre Evacuate Collection Set: 0.2ms
[2024-05-30T14:21:02.281+0000][13601.700s][info][gc,phases   ] GC(2904)   Merge Heap Roots: 0.4ms
[2024-05-30T14:21:02.281+0000][13601.700s][info][gc,phases   ] GC(2904)   Evacuate Collection Set: 59.4ms
[2024-05-30T14:21:02.281+0000][13601.700s][info][gc,phases   ] GC(2904)   Post Evacuate Collection Set: 1.3ms
[2024-05-30T14:21:02.281+0000][13601.700s][info][gc,phases   ] GC(2904)   Other: 0.2ms
[2024-05-30T14:21:02.281+0000][13601.700s][info][gc,heap     ] GC(2904) Eden regions: 66->0(861)
[2024-05-30T14:21:02.281+0000][13601.700s][info][gc,heap     ] GC(2904) Survivor regions: 10->4(10)
[2024-05-30T14:21:02.281+0000][13601.700s][info][gc,heap     ] GC(2904) Old regions: 345->343
[2024-05-30T14:21:02.281+0000][13601.700s][info][gc,heap     ] GC(2904) Archive regions: 2->2
[2024-05-30T14:21:02.281+0000][13601.700s][info][gc,heap     ] GC(2904) Humongous regions: 5->5
[2024-05-30T14:21:02.281+0000][13601.700s][info][gc,metaspace] GC(2904) Metaspace: 433976K(440192K)->433976K(440192K) NonClass: 379975K(383360K)->379975K(383360K) Class: 54001K(56832K)->54001K(56832K)
[2024-05-30T14:21:02.281+0000][13601.700s][info][gc          ] GC(2904) Pause Young (Mixed) (G1 Evacuation Pause) 3411M->2818M(12288M) 61.545ms
[2024-05-30T14:21:02.281+0000][13601.700s][info][gc,cpu      ] GC(2904) User=0.36s Sys=0.00s Real=0.06s
[2024-05-30T14:21:08.080+0000][13607.499s][info][gc,start    ] GC(2905) Pause Young (Normal) (G1 Evacuation Pause)
[2024-05-30T14:21:08.080+0000][13607.499s][info][gc,task     ] GC(2905) Using 6 workers of 6 for evacuation
[2024-05-30T14:21:08.093+0000][13607.513s][info][gc,phases   ] GC(2905)   Pre Evacuate Collection Set: 0.2ms
[2024-05-30T14:21:08.093+0000][13607.513s][info][gc,phases   ] GC(2905)   Merge Heap Roots: 0.3ms
[2024-05-30T14:21:08.093+0000][13607.513s][info][gc,phases   ] GC(2905)   Evacuate Collection Set: 11.0ms
[2024-05-30T14:21:08.093+0000][13607.513s][info][gc,phases   ] GC(2905)   Post Evacuate Collection Set: 1.8ms
[2024-05-30T14:21:08.093+0000][13607.513s][info][gc,phases   ] GC(2905)   Other: 0.2ms
[2024-05-30T14:21:08.093+0000][13607.513s][info][gc,heap     ] GC(2905) Eden regions: 861->0(860)
[2024-05-30T14:21:08.093+0000][13607.513s][info][gc,heap     ] GC(2905) Survivor regions: 4->5(109)
[2024-05-30T14:21:08.093+0000][13607.513s][info][gc,heap     ] GC(2905) Old regions: 343->343
[2024-05-30T14:21:08.093+0000][13607.513s][info][gc,heap     ] GC(2905) Archive regions: 2->2
[2024-05-30T14:21:08.093+0000][13607.513s][info][gc,heap     ] GC(2905) Humongous regions: 5->5
[2024-05-30T14:21:08.093+0000][13607.513s][info][gc,metaspace] GC(2905) Metaspace: 433976K(440192K)->433976K(440192K) NonClass: 379975K(383360K)->379975K(383360K) Class: 54001K(56832K)->54001K(56832K)
[2024-05-30T14:21:08.093+0000][13607.513s][info][gc          ] GC(2905) Pause Young (Normal) (G1 Evacuation Pause) 9706M->2824M(12288M) 13.397ms
[2024-05-30T14:21:08.093+0000][13607.513s][info][gc,cpu      ] GC(2905) User=0.08s Sys=0.00s Real=0.01s
[2024-05-30T14:21:13.981+0000][13613.400s][info][gc,start    ] GC(2906) Pause Young (Normal) (G1 Evacuation Pause)
[2024-05-30T14:21:13.981+0000][13613.400s][info][gc,task     ] GC(2906) Using 6 workers of 6 for evacuation
[2024-05-30T14:21:13.997+0000][13613.416s][info][gc,phases   ] GC(2906)   Pre Evacuate Collection Set: 0.2ms
[2024-05-30T14:21:13.997+0000][13613.416s][info][gc,phases   ] GC(2906)   Merge Heap Roots: 0.2ms
[2024-05-30T14:21:13.997+0000][13613.416s][info][gc,phases   ] GC(2906)   Evacuate Collection Set: 14.2ms
[2024-05-30T14:21:13.997+0000][13613.416s][info][gc,phases   ] GC(2906)   Post Evacuate Collection Set: 1.8ms
[2024-05-30T14:21:13.997+0000][13613.416s][info][gc,phases   ] GC(2906)   Other: 0.2ms
[2024-05-30T14:21:13.997+0000][13613.416s][info][gc,heap     ] GC(2906) Eden regions: 860->0(857)
[2024-05-30T14:21:13.997+0000][13613.416s][info][gc,heap     ] GC(2906) Survivor regions: 5->8(109)
[2024-05-30T14:21:13.997+0000][13613.416s][info][gc,heap     ] GC(2906) Old regions: 343->343
[2024-05-30T14:21:13.997+0000][13613.416s][info][gc,heap     ] GC(2906) Archive regions: 2->2
[2024-05-30T14:21:13.997+0000][13613.416s][info][gc,heap     ] GC(2906) Humongous regions: 5->5
[2024-05-30T14:21:13.997+0000][13613.416s][info][gc,metaspace] GC(2906) Metaspace: 433976K(440192K)->433976K(440192K) NonClass: 379975K(383360K)->379975K(383360K) Class: 54001K(56832K)->54001K(56832K)
[2024-05-30T14:21:13.997+0000][13613.417s][info][gc          ] GC(2906) Pause Young (Normal) (G1 Evacuation Pause) 9704M->2845M(12288M) 16.650ms
[2024-05-30T14:21:13.997+0000][13613.417s][info][gc,cpu      ] GC(2906) User=0.10s Sys=0.00s Real=0.02s
[2024-05-30T14:21:19.828+0000][13619.247s][info][gc,start    ] GC(2907) Pause Young (Concurrent Start) (G1 Evacuation Pause)
[2024-05-30T14:21:19.828+0000][13619.247s][info][gc,task     ] GC(2907) Using 6 workers of 6 for evacuation
[2024-05-30T14:21:19.848+0000][13619.267s][info][gc,phases   ] GC(2907)   Pre Evacuate Collection Set: 0.6ms
[2024-05-30T14:21:19.848+0000][13619.267s][info][gc,phases   ] GC(2907)   Merge Heap Roots: 0.3ms
[2024-05-30T14:21:19.848+0000][13619.267s][info][gc,phases   ] GC(2907)   Evacuate Collection Set: 17.2ms
[2024-05-30T14:21:19.848+0000][13619.267s][info][gc,phases   ] GC(2907)   Post Evacuate Collection Set: 1.8ms
[2024-05-30T14:21:19.848+0000][13619.267s][info][gc,phases   ] GC(2907)   Other: 0.3ms
[2024-05-30T14:21:19.848+0000][13619.267s][info][gc,heap     ] GC(2907) Eden regions: 857->0(857)
[2024-05-30T14:21:19.848+0000][13619.267s][info][gc,heap     ] GC(2907) Survivor regions: 8->8(109)
[2024-05-30T14:21:19.848+0000][13619.267s][info][gc,heap     ] GC(2907) Old regions: 343->343
[2024-05-30T14:21:19.848+0000][13619.267s][info][gc,heap     ] GC(2907) Archive regions: 2->2
[2024-05-30T14:21:19.848+0000][13619.267s][info][gc,heap     ] GC(2907) Humongous regions: 5->5
[2024-05-30T14:21:19.848+0000][13619.267s][info][gc,metaspace] GC(2907) Metaspace: 433976K(440192K)->433976K(440192K) NonClass: 379975K(383360K)->379975K(383360K) Class: 54001K(56832K)->54001K(56832K)
[2024-05-30T14:21:19.848+0000][13619.267s][info][gc          ] GC(2907) Pause Young (Concurrent Start) (G1 Evacuation Pause) 9701M->2850M(12288M) 20.198ms
[2024-05-30T14:21:19.848+0000][13619.267s][info][gc,cpu      ] GC(2907) User=0.11s Sys=0.00s Real=0.02s
[2024-05-30T14:21:19.848+0000][13619.267s][info][gc          ] GC(2908) Concurrent Mark Cycle
[2024-05-30T14:21:19.848+0000][13619.268s][info][gc,marking  ] GC(2908) Concurrent Clear Claimed Marks
[2024-05-30T14:21:19.849+0000][13619.268s][info][gc,marking  ] GC(2908) Concurrent Clear Claimed Marks 0.449ms
[2024-05-30T14:21:19.849+0000][13619.268s][info][gc,marking  ] GC(2908) Concurrent Scan Root Regions
[2024-05-30T14:21:19.865+0000][13619.285s][info][gc,marking  ] GC(2908) Concurrent Scan Root Regions 16.607ms
[2024-05-30T14:21:19.865+0000][13619.285s][info][gc,marking  ] GC(2908) Concurrent Mark
[2024-05-30T14:21:19.865+0000][13619.285s][info][gc,marking  ] GC(2908) Concurrent Mark From Roots
[2024-05-30T14:21:19.865+0000][13619.285s][info][gc,task     ] GC(2908) Using 2 workers of 2 for marking
[2024-05-30T14:21:22.644+0000][13622.063s][info][gc,marking  ] GC(2908) Concurrent Mark From Roots 2778.357ms
[2024-05-30T14:21:22.644+0000][13622.063s][info][gc,marking  ] GC(2908) Concurrent Preclean
[2024-05-30T14:21:22.645+0000][13622.065s][info][gc,marking  ] GC(2908) Concurrent Preclean 1.527ms
[2024-05-30T14:21:22.646+0000][13622.065s][info][gc,start    ] GC(2908) Pause Remark
[2024-05-30T14:21:22.670+0000][13622.089s][info][gc          ] GC(2908) Pause Remark 6402M->6402M(12288M) 24.059ms
[2024-05-30T14:21:22.670+0000][13622.089s][info][gc,cpu      ] GC(2908) User=0.11s Sys=0.00s Real=0.03s
[2024-05-30T14:21:22.670+0000][13622.089s][info][gc,marking  ] GC(2908) Concurrent Mark 2804.405ms
[2024-05-30T14:21:22.670+0000][13622.089s][info][gc,marking  ] GC(2908) Concurrent Rebuild Remembered Sets
[2024-05-30T14:21:24.172+0000][13623.591s][info][gc,marking  ] GC(2908) Concurrent Rebuild Remembered Sets 1502.034ms
[2024-05-30T14:21:24.172+0000][13623.591s][info][gc,start    ] GC(2908) Pause Cleanup
[2024-05-30T14:21:24.173+0000][13623.592s][info][gc          ] GC(2908) Pause Cleanup 8014M->8014M(12288M) 0.526ms
[2024-05-30T14:21:24.173+0000][13623.592s][info][gc,cpu      ] GC(2908) User=0.00s Sys=0.00s Real=0.00s
[2024-05-30T14:21:24.173+0000][13623.592s][info][gc,marking  ] GC(2908) Concurrent Cleanup for Next Mark
[2024-05-30T14:21:24.189+0000][13623.609s][info][gc,marking  ] GC(2908) Concurrent Cleanup for Next Mark 16.703ms
[2024-05-30T14:21:24.189+0000][13623.609s][info][gc          ] GC(2908) Concurrent Mark Cycle 4341.186ms
[2024-05-30T14:21:25.558+0000][13624.977s][info][gc,start    ] GC(2909) Pause Young (Prepare Mixed) (G1 Evacuation Pause)
[2024-05-30T14:21:25.558+0000][13624.977s][info][gc,task     ] GC(2909) Using 6 workers of 6 for evacuation
[2024-05-30T14:21:25.579+0000][13624.998s][info][gc,phases   ] GC(2909)   Pre Evacuate Collection Set: 0.2ms
[2024-05-30T14:21:25.579+0000][13624.998s][info][gc,phases   ] GC(2909)   Merge Heap Roots: 0.4ms
[2024-05-30T14:21:25.579+0000][13624.998s][info][gc,phases   ] GC(2909)   Evacuate Collection Set: 18.8ms
[2024-05-30T14:21:25.579+0000][13624.998s][info][gc,phases   ] GC(2909)   Post Evacuate Collection Set: 2.0ms
[2024-05-30T14:21:25.579+0000][13624.998s][info][gc,phases   ] GC(2909)   Other: 0.2ms
[2024-05-30T14:21:25.579+0000][13624.998s][info][gc,heap     ] GC(2909) Eden regions: 857->0(68)
[2024-05-30T14:21:25.579+0000][13624.998s][info][gc,heap     ] GC(2909) Survivor regions: 8->8(109)
[2024-05-30T14:21:25.579+0000][13624.998s][info][gc,heap     ] GC(2909) Old regions: 343->343
[2024-05-30T14:21:25.579+0000][13624.998s][info][gc,heap     ] GC(2909) Archive regions: 2->2
[2024-05-30T14:21:25.579+0000][13624.998s][info][gc,heap     ] GC(2909) Humongous regions: 5->5
[2024-05-30T14:21:25.579+0000][13624.998s][info][gc,metaspace] GC(2909) Metaspace: 433976K(440192K)->433976K(440192K) NonClass: 379975K(383360K)->379975K(383360K) Class: 54001K(56832K)->54001K(56832K)
[2024-05-30T14:21:25.579+0000][13624.998s][info][gc          ] GC(2909) Pause Young (Prepare Mixed) (G1 Evacuation Pause) 9706M->2850M(12288M) 21.612ms
[2024-05-30T14:21:25.579+0000][13624.999s][info][gc,cpu      ] GC(2909) User=0.12s Sys=0.00s Real=0.02s
[2024-05-30T14:21:26.057+0000][13625.476s][info][gc,start    ] GC(2910) Pause Young (Mixed) (G1 Evacuation Pause)
[2024-05-30T14:21:26.057+0000][13625.477s][info][gc,task     ] GC(2910) Using 6 workers of 6 for evacuation
[2024-05-30T14:21:26.116+0000][13625.536s][info][gc,phases   ] GC(2910)   Pre Evacuate Collection Set: 0.2ms
[2024-05-30T14:21:26.116+0000][13625.536s][info][gc,phases   ] GC(2910)   Merge Heap Roots: 0.4ms
[2024-05-30T14:21:26.117+0000][13625.536s][info][gc,phases   ] GC(2910)   Evacuate Collection Set: 57.1ms
[2024-05-30T14:21:26.117+0000][13625.536s][info][gc,phases   ] GC(2910)   Post Evacuate Collection Set: 1.4ms
[2024-05-30T14:21:26.117+0000][13625.536s][info][gc,phases   ] GC(2910)   Other: 0.2ms
[2024-05-30T14:21:26.117+0000][13625.536s][info][gc,heap     ] GC(2910) Eden regions: 68->0(862)
[2024-05-30T14:21:26.117+0000][13625.536s][info][gc,heap     ] GC(2910) Survivor regions: 8->6(10)
[2024-05-30T14:21:26.117+0000][13625.536s][info][gc,heap     ] GC(2910) Old regions: 343->340
[2024-05-30T14:21:26.117+0000][13625.536s][info][gc,heap     ] GC(2910) Archive regions: 2->2
[2024-05-30T14:21:26.117+0000][13625.536s][info][gc,heap     ] GC(2910) Humongous regions: 5->5
[2024-05-30T14:21:26.117+0000][13625.536s][info][gc,metaspace] GC(2910) Metaspace: 433976K(440192K)->433976K(440192K) NonClass: 379975K(383360K)->379975K(383360K) Class: 54001K(56832K)->54001K(56832K)
[2024-05-30T14:21:26.117+0000][13625.536s][info][gc          ] GC(2910) Pause Young (Mixed) (G1 Evacuation Pause) 3394M->2804M(12288M) 59.351ms
[2024-05-30T14:21:26.117+0000][13625.536s][info][gc,cpu      ] GC(2910) User=0.35s Sys=0.00s Real=0.06s
[2024-05-30T14:21:32.250+0000][13631.669s][info][gc,start    ] GC(2911) Pause Young (Normal) (G1 Evacuation Pause)
[2024-05-30T14:21:32.250+0000][13631.669s][info][gc,task     ] GC(2911) Using 6 workers of 6 for evacuation
[2024-05-30T14:21:32.266+0000][13631.686s][info][gc,phases   ] GC(2911)   Pre Evacuate Collection Set: 0.2ms
[2024-05-30T14:21:32.266+0000][13631.686s][info][gc,phases   ] GC(2911)   Merge Heap Roots: 0.3ms
[2024-05-30T14:21:32.266+0000][13631.686s][info][gc,phases   ] GC(2911)   Evacuate Collection Set: 13.9ms
[2024-05-30T14:21:32.266+0000][13631.686s][info][gc,phases   ] GC(2911)   Post Evacuate Collection Set: 1.8ms
[2024-05-30T14:21:32.266+0000][13631.686s][info][gc,phases   ] GC(2911)   Other: 0.2ms
[2024-05-30T14:21:32.266+0000][13631.686s][info][gc,heap     ] GC(2911) Eden regions: 862->0(861)
[2024-05-30T14:21:32.267+0000][13631.686s][info][gc,heap     ] GC(2911) Survivor regions: 6->7(109)
[2024-05-30T14:21:32.267+0000][13631.686s][info][gc,heap     ] GC(2911) Old regions: 340->340
[2024-05-30T14:21:32.267+0000][13631.686s][info][gc,heap     ] GC(2911) Archive regions: 2->2
[2024-05-30T14:21:32.267+0000][13631.686s][info][gc,heap     ] GC(2911) Humongous regions: 5->5
[2024-05-30T14:21:32.267+0000][13631.686s][info][gc,metaspace] GC(2911) Metaspace: 433996K(440192K)->433996K(440192K) NonClass: 379995K(383360K)->379995K(383360K) Class: 54001K(56832K)->54001K(56832K)
[2024-05-30T14:21:32.267+0000][13631.686s][info][gc          ] GC(2911) Pause Young (Normal) (G1 Evacuation Pause) 9700M->2817M(12288M) 16.409ms
[2024-05-30T14:21:32.267+0000][13631.686s][info][gc,cpu      ] GC(2911) User=0.09s Sys=0.00s Real=0.01s
[2024-05-30T14:21:37.324+0000][13636.743s][info][gc,start    ] GC(2912) Pause Young (Normal) (G1 Evacuation Pause)
[2024-05-30T14:21:37.324+0000][13636.743s][info][gc,task     ] GC(2912) Using 6 workers of 6 for evacuation
[2024-05-30T14:21:37.344+0000][13636.763s][info][gc,phases   ] GC(2912)   Pre Evacuate Collection Set: 0.2ms
[2024-05-30T14:21:37.344+0000][13636.763s][info][gc,phases   ] GC(2912)   Merge Heap Roots: 0.3ms
[2024-05-30T14:21:37.344+0000][13636.763s][info][gc,phases   ] GC(2912)   Evacuate Collection Set: 18.0ms
[2024-05-30T14:21:37.344+0000][13636.763s][info][gc,phases   ] GC(2912)   Post Evacuate Collection Set: 2.0ms
[2024-05-30T14:21:37.344+0000][13636.763s][info][gc,phases   ] GC(2912)   Other: 0.2ms
[2024-05-30T14:21:37.344+0000][13636.763s][info][gc,heap     ] GC(2912) Eden regions: 861->0(860)
[2024-05-30T14:21:37.344+0000][13636.763s][info][gc,heap     ] GC(2912) Survivor regions: 7->8(109)
[2024-05-30T14:21:37.344+0000][13636.763s][info][gc,heap     ] GC(2912) Old regions: 340->340
[2024-05-30T14:21:37.344+0000][13636.763s][info][gc,heap     ] GC(2912) Archive regions: 2->2
[2024-05-30T14:21:37.344+0000][13636.763s][info][gc,heap     ] GC(2912) Humongous regions: 5->5
[2024-05-30T14:21:37.344+0000][13636.763s][info][gc,metaspace] GC(2912) Metaspace: 433997K(440192K)->433997K(440192K) NonClass: 379996K(383360K)->379996K(383360K) Class: 54001K(56832K)->54001K(56832K)
[2024-05-30T14:21:37.344+0000][13636.763s][info][gc          ] GC(2912) Pause Young (Normal) (G1 Evacuation Pause) 9705M->2823M(12288M) 20.637ms
[2024-05-30T14:21:37.344+0000][13636.763s][info][gc,cpu      ] GC(2912) User=0.12s Sys=0.00s Real=0.02s
[2024-05-30T14:21:42.950+0000][13642.369s][info][gc,start    ] GC(2913) Pause Young (Concurrent Start) (G1 Evacuation Pause)
[2024-05-30T14:21:42.950+0000][13642.369s][info][gc,task     ] GC(2913) Using 6 workers of 6 for evacuation
[2024-05-30T14:21:42.971+0000][13642.391s][info][gc,phases   ] GC(2913)   Pre Evacuate Collection Set: 0.5ms
[2024-05-30T14:21:42.971+0000][13642.391s][info][gc,phases   ] GC(2913)   Merge Heap Roots: 0.3ms
[2024-05-30T14:21:42.971+0000][13642.391s][info][gc,phases   ] GC(2913)   Evacuate Collection Set: 18.8ms
[2024-05-30T14:21:42.972+0000][13642.391s][info][gc,phases   ] GC(2913)   Post Evacuate Collection Set: 1.8ms
[2024-05-30T14:21:42.972+0000][13642.391s][info][gc,phases   ] GC(2913)   Other: 0.3ms
[2024-05-30T14:21:42.972+0000][13642.391s][info][gc,heap     ] GC(2913) Eden regions: 860->0(858)
[2024-05-30T14:21:42.972+0000][13642.391s][info][gc,heap     ] GC(2913) Survivor regions: 8->10(109)
[2024-05-30T14:21:42.972+0000][13642.391s][info][gc,heap     ] GC(2913) Old regions: 340->340
[2024-05-30T14:21:42.972+0000][13642.391s][info][gc,heap     ] GC(2913) Archive regions: 2->2
[2024-05-30T14:21:42.972+0000][13642.391s][info][gc,heap     ] GC(2913) Humongous regions: 5->5
[2024-05-30T14:21:42.972+0000][13642.391s][info][gc,metaspace] GC(2913) Metaspace: 433997K(440192K)->433997K(440192K) NonClass: 379996K(383360K)->379996K(383360K) Class: 54001K(56832K)->54001K(56832K)
[2024-05-30T14:21:42.972+0000][13642.391s][info][gc          ] GC(2913) Pause Young (Concurrent Start) (G1 Evacuation Pause) 9703M->2834M(12288M) 21.660ms
[2024-05-30T14:21:42.972+0000][13642.391s][info][gc,cpu      ] GC(2913) User=0.12s Sys=0.00s Real=0.02s
[2024-05-30T14:21:42.972+0000][13642.391s][info][gc          ] GC(2914) Concurrent Mark Cycle
[2024-05-30T14:21:42.972+0000][13642.391s][info][gc,marking  ] GC(2914) Concurrent Clear Claimed Marks
[2024-05-30T14:21:42.972+0000][13642.391s][info][gc,marking  ] GC(2914) Concurrent Clear Claimed Marks 0.393ms
[2024-05-30T14:21:42.972+0000][13642.391s][info][gc,marking  ] GC(2914) Concurrent Scan Root Regions
[2024-05-30T14:21:42.991+0000][13642.411s][info][gc,marking  ] GC(2914) Concurrent Scan Root Regions 19.219ms
[2024-05-30T14:21:42.991+0000][13642.411s][info][gc,marking  ] GC(2914) Concurrent Mark
[2024-05-30T14:21:42.991+0000][13642.411s][info][gc,marking  ] GC(2914) Concurrent Mark From Roots
[2024-05-30T14:21:42.991+0000][13642.411s][info][gc,task     ] GC(2914) Using 2 workers of 2 for marking
[2024-05-30T14:21:45.707+0000][13645.126s][info][gc,marking  ] GC(2914) Concurrent Mark From Roots 2715.584ms
[2024-05-30T14:21:45.707+0000][13645.126s][info][gc,marking  ] GC(2914) Concurrent Preclean
[2024-05-30T14:21:45.709+0000][13645.128s][info][gc,marking  ] GC(2914) Concurrent Preclean 1.591ms
[2024-05-30T14:21:45.709+0000][13645.128s][info][gc,start    ] GC(2914) Pause Remark
[2024-05-30T14:21:45.739+0000][13645.158s][info][gc          ] GC(2914) Pause Remark 5650M->5650M(12288M) 30.032ms
[2024-05-30T14:21:45.739+0000][13645.158s][info][gc,cpu      ] GC(2914) User=0.11s Sys=0.00s Real=0.03s
[2024-05-30T14:21:45.739+0000][13645.158s][info][gc,marking  ] GC(2914) Concurrent Mark 2747.670ms
[2024-05-30T14:21:45.739+0000][13645.158s][info][gc,marking  ] GC(2914) Concurrent Rebuild Remembered Sets
[2024-05-30T14:21:47.245+0000][13646.664s][info][gc,marking  ] GC(2914) Concurrent Rebuild Remembered Sets 1505.846ms
[2024-05-30T14:21:47.245+0000][13646.664s][info][gc,start    ] GC(2914) Pause Cleanup
[2024-05-30T14:21:47.246+0000][13646.665s][info][gc          ] GC(2914) Pause Cleanup 7286M->7286M(12288M) 0.530ms
[2024-05-30T14:21:47.246+0000][13646.665s][info][gc,cpu      ] GC(2914) User=0.00s Sys=0.00s Real=0.00s
[2024-05-30T14:21:47.246+0000][13646.665s][info][gc,marking  ] GC(2914) Concurrent Cleanup for Next Mark
[2024-05-30T14:21:47.263+0000][13646.682s][info][gc,marking  ] GC(2914) Concurrent Cleanup for Next Mark 17.109ms
[2024-05-30T14:21:47.263+0000][13646.682s][info][gc          ] GC(2914) Concurrent Mark Cycle 4291.228ms
[2024-05-30T14:21:49.365+0000][13648.785s][info][gc,start    ] GC(2915) Pause Young (Prepare Mixed) (G1 Evacuation Pause)
[2024-05-30T14:21:49.365+0000][13648.785s][info][gc,task     ] GC(2915) Using 6 workers of 6 for evacuation
[2024-05-30T14:21:49.390+0000][13648.809s][info][gc,phases   ] GC(2915)   Pre Evacuate Collection Set: 0.2ms
[2024-05-30T14:21:49.390+0000][13648.809s][info][gc,phases   ] GC(2915)   Merge Heap Roots: 0.4ms
[2024-05-30T14:21:49.390+0000][13648.809s][info][gc,phases   ] GC(2915)   Evacuate Collection Set: 21.8ms
[2024-05-30T14:21:49.390+0000][13648.809s][info][gc,phases   ] GC(2915)   Post Evacuate Collection Set: 1.8ms
[2024-05-30T14:21:49.390+0000][13648.809s][info][gc,phases   ] GC(2915)   Other: 0.2ms
[2024-05-30T14:21:49.390+0000][13648.809s][info][gc,heap     ] GC(2915) Eden regions: 858->0(65)
[2024-05-30T14:21:49.390+0000][13648.809s][info][gc,heap     ] GC(2915) Survivor regions: 10->11(109)
[2024-05-30T14:21:49.390+0000][13648.809s][info][gc,heap     ] GC(2915) Old regions: 340->340
[2024-05-30T14:21:49.390+0000][13648.809s][info][gc,heap     ] GC(2915) Archive regions: 2->2
[2024-05-30T14:21:49.390+0000][13648.809s][info][gc,heap     ] GC(2915) Humongous regions: 5->5
[2024-05-30T14:21:49.390+0000][13648.809s][info][gc,metaspace] GC(2915) Metaspace: 433997K(440192K)->433997K(440192K) NonClass: 379996K(383360K)->379996K(383360K) Class: 54001K(56832K)->54001K(56832K)
[2024-05-30T14:21:49.390+0000][13648.809s][info][gc          ] GC(2915) Pause Young (Prepare Mixed) (G1 Evacuation Pause) 9698M->2849M(12288M) 24.332ms
[2024-05-30T14:21:49.390+0000][13648.809s][info][gc,cpu      ] GC(2915) User=0.14s Sys=0.00s Real=0.03s
[2024-05-30T14:21:49.827+0000][13649.246s][info][gc,start    ] GC(2916) Pause Young (Mixed) (G1 Evacuation Pause)
[2024-05-30T14:21:49.827+0000][13649.246s][info][gc,task     ] GC(2916) Using 6 workers of 6 for evacuation
[2024-05-30T14:21:49.891+0000][13649.310s][info][gc,phases   ] GC(2916)   Pre Evacuate Collection Set: 0.2ms
[2024-05-30T14:21:49.891+0000][13649.310s][info][gc,phases   ] GC(2916)   Merge Heap Roots: 0.5ms
[2024-05-30T14:21:49.891+0000][13649.310s][info][gc,phases   ] GC(2916)   Evacuate Collection Set: 61.5ms
[2024-05-30T14:21:49.891+0000][13649.310s][info][gc,phases   ] GC(2916)   Post Evacuate Collection Set: 1.4ms
[2024-05-30T14:21:49.891+0000][13649.310s][info][gc,phases   ] GC(2916)   Other: 0.2ms
[2024-05-30T14:21:49.891+0000][13649.310s][info][gc,heap     ] GC(2916) Eden regions: 65->0(863)
[2024-05-30T14:21:49.891+0000][13649.310s][info][gc,heap     ] GC(2916) Survivor regions: 11->5(10)
[2024-05-30T14:21:49.891+0000][13649.310s][info][gc,heap     ] GC(2916) Old regions: 340->340
[2024-05-30T14:21:49.891+0000][13649.310s][info][gc,heap     ] GC(2916) Archive regions: 2->2
[2024-05-30T14:21:49.891+0000][13649.310s][info][gc,heap     ] GC(2916) Humongous regions: 5->5
[2024-05-30T14:21:49.891+0000][13649.310s][info][gc,metaspace] GC(2916) Metaspace: 433997K(440192K)->433997K(440192K) NonClass: 379996K(383360K)->379996K(383360K) Class: 54001K(56832K)->54001K(56832K)
[2024-05-30T14:21:49.891+0000][13649.310s][info][gc          ] GC(2916) Pause Young (Mixed) (G1 Evacuation Pause) 3369M->2793M(12288M) 63.761ms
[2024-05-30T14:21:49.891+0000][13649.310s][info][gc,cpu      ] GC(2916) User=0.38s Sys=0.00s Real=0.07s
[2024-05-30T14:21:55.676+0000][13655.095s][info][gc,start    ] GC(2917) Pause Young (Normal) (G1 Evacuation Pause)
[2024-05-30T14:21:55.676+0000][13655.095s][info][gc,task     ] GC(2917) Using 6 workers of 6 for evacuation
[2024-05-30T14:21:55.690+0000][13655.109s][info][gc,phases   ] GC(2917)   Pre Evacuate Collection Set: 0.2ms
[2024-05-30T14:21:55.690+0000][13655.109s][info][gc,phases   ] GC(2917)   Merge Heap Roots: 0.2ms
[2024-05-30T14:21:55.690+0000][13655.109s][info][gc,phases   ] GC(2917)   Evacuate Collection Set: 11.4ms
[2024-05-30T14:21:55.690+0000][13655.109s][info][gc,phases   ] GC(2917)   Post Evacuate Collection Set: 2.0ms
[2024-05-30T14:21:55.690+0000][13655.109s][info][gc,phases   ] GC(2917)   Other: 0.2ms
[2024-05-30T14:21:55.690+0000][13655.109s][info][gc,heap     ] GC(2917) Eden regions: 863->0(860)
[2024-05-30T14:21:55.690+0000][13655.109s][info][gc,heap     ] GC(2917) Survivor regions: 5->7(109)
[2024-05-30T14:21:55.690+0000][13655.109s][info][gc,heap     ] GC(2917) Old regions: 340->340
[2024-05-30T14:21:55.690+0000][13655.109s][info][gc,heap     ] GC(2917) Archive regions: 2->2
[2024-05-30T14:21:55.690+0000][13655.109s][info][gc,heap     ] GC(2917) Humongous regions: 5->5
[2024-05-30T14:21:55.690+0000][13655.109s][info][gc,metaspace] GC(2917) Metaspace: 433997K(440192K)->433997K(440192K) NonClass: 379996K(383360K)->379996K(383360K) Class: 54001K(56832K)->54001K(56832K)
[2024-05-30T14:21:55.690+0000][13655.109s][info][gc          ] GC(2917) Pause Young (Normal) (G1 Evacuation Pause) 9697M->2809M(12288M) 14.071ms
[2024-05-30T14:21:55.690+0000][13655.110s][info][gc,cpu      ] GC(2917) User=0.07s Sys=0.00s Real=0.02s
[2024-05-30T14:22:01.502+0000][13660.921s][info][gc,start    ] GC(2918) Pause Young (Normal) (G1 Evacuation Pause)
[2024-05-30T14:22:01.502+0000][13660.921s][info][gc,task     ] GC(2918) Using 6 workers of 6 for evacuation
[2024-05-30T14:22:01.520+0000][13660.940s][info][gc,phases   ] GC(2918)   Pre Evacuate Collection Set: 0.2ms
[2024-05-30T14:22:01.520+0000][13660.940s][info][gc,phases   ] GC(2918)   Merge Heap Roots: 0.2ms
[2024-05-30T14:22:01.520+0000][13660.940s][info][gc,phases   ] GC(2918)   Evacuate Collection Set: 16.1ms
[2024-05-30T14:22:01.520+0000][13660.940s][info][gc,phases   ] GC(2918)   Post Evacuate Collection Set: 1.9ms
[2024-05-30T14:22:01.520+0000][13660.940s][info][gc,phases   ] GC(2918)   Other: 0.2ms
[2024-05-30T14:22:01.520+0000][13660.940s][info][gc,heap     ] GC(2918) Eden regions: 860->0(861)
[2024-05-30T14:22:01.520+0000][13660.940s][info][gc,heap     ] GC(2918) Survivor regions: 7->7(109)
[2024-05-30T14:22:01.520+0000][13660.940s][info][gc,heap     ] GC(2918) Old regions: 340->340
[2024-05-30T14:22:01.520+0000][13660.940s][info][gc,heap     ] GC(2918) Archive regions: 2->2
[2024-05-30T14:22:01.520+0000][13660.940s][info][gc,heap     ] GC(2918) Humongous regions: 5->5
[2024-05-30T14:22:01.520+0000][13660.940s][info][gc,metaspace] GC(2918) Metaspace: 433997K(440192K)->433997K(440192K) NonClass: 379996K(383360K)->379996K(383360K) Class: 54001K(56832K)->54001K(56832K)
[2024-05-30T14:22:01.520+0000][13660.940s][info][gc          ] GC(2918) Pause Young (Normal) (G1 Evacuation Pause) 9689M->2808M(12288M) 18.741ms
[2024-05-30T14:22:01.520+0000][13660.940s][info][gc,cpu      ] GC(2918) User=0.11s Sys=0.00s Real=0.02s
[2024-05-30T14:22:07.538+0000][13666.957s][info][gc,start    ] GC(2919) Pause Young (Concurrent Start) (G1 Evacuation Pause)
[2024-05-30T14:22:07.538+0000][13666.957s][info][gc,task     ] GC(2919) Using 6 workers of 6 for evacuation
[2024-05-30T14:22:07.558+0000][13666.977s][info][gc,phases   ] GC(2919)   Pre Evacuate Collection Set: 0.6ms
[2024-05-30T14:22:07.558+0000][13666.977s][info][gc,phases   ] GC(2919)   Merge Heap Roots: 0.2ms
[2024-05-30T14:22:07.558+0000][13666.977s][info][gc,phases   ] GC(2919)   Evacuate Collection Set: 17.4ms
[2024-05-30T14:22:07.558+0000][13666.977s][info][gc,phases   ] GC(2919)   Post Evacuate Collection Set: 1.8ms
[2024-05-30T14:22:07.558+0000][13666.977s][info][gc,phases   ] GC(2919)   Other: 0.3ms
[2024-05-30T14:22:07.558+0000][13666.977s][info][gc,heap     ] GC(2919) Eden regions: 861->0(859)
[2024-05-30T14:22:07.558+0000][13666.977s][info][gc,heap     ] GC(2919) Survivor regions: 7->9(109)
[2024-05-30T14:22:07.558+0000][13666.977s][info][gc,heap     ] GC(2919) Old regions: 340->340
[2024-05-30T14:22:07.558+0000][13666.977s][info][gc,heap     ] GC(2919) Archive regions: 2->2
[2024-05-30T14:22:07.558+0000][13666.977s][info][gc,heap     ] GC(2919) Humongous regions: 5->5
[2024-05-30T14:22:07.558+0000][13666.977s][info][gc,metaspace] GC(2919) Metaspace: 433997K(440192K)->433997K(440192K) NonClass: 379996K(383360K)->379996K(383360K) Class: 54001K(56832K)->54001K(56832K)
[2024-05-30T14:22:07.558+0000][13666.977s][info][gc          ] GC(2919) Pause Young (Concurrent Start) (G1 Evacuation Pause) 9696M->2830M(12288M) 20.291ms
[2024-05-30T14:22:07.558+0000][13666.977s][info][gc,cpu      ] GC(2919) User=0.12s Sys=0.00s Real=0.02s
[2024-05-30T14:22:07.558+0000][13666.977s][info][gc          ] GC(2920) Concurrent Mark Cycle
[2024-05-30T14:22:07.558+0000][13666.977s][info][gc,marking  ] GC(2920) Concurrent Clear Claimed Marks
[2024-05-30T14:22:07.558+0000][13666.978s][info][gc,marking  ] GC(2920) Concurrent Clear Claimed Marks 0.363ms
[2024-05-30T14:22:07.558+0000][13666.978s][info][gc,marking  ] GC(2920) Concurrent Scan Root Regions
[2024-05-30T14:22:07.574+0000][13666.993s][info][gc,marking  ] GC(2920) Concurrent Scan Root Regions 15.772ms
[2024-05-30T14:22:07.574+0000][13666.993s][info][gc,marking  ] GC(2920) Concurrent Mark
[2024-05-30T14:22:07.574+0000][13666.993s][info][gc,marking  ] GC(2920) Concurrent Mark From Roots
[2024-05-30T14:22:07.574+0000][13666.993s][info][gc,task     ] GC(2920) Using 2 workers of 2 for marking
[2024-05-30T14:22:10.323+0000][13669.742s][info][gc,marking  ] GC(2920) Concurrent Mark From Roots 2748.736ms
[2024-05-30T14:22:10.323+0000][13669.742s][info][gc,marking  ] GC(2920) Concurrent Preclean
[2024-05-30T14:22:10.324+0000][13669.744s][info][gc,marking  ] GC(2920) Concurrent Preclean 1.297ms
[2024-05-30T14:22:10.324+0000][13669.744s][info][gc,start    ] GC(2920) Pause Remark
[2024-05-30T14:22:10.349+0000][13669.768s][info][gc          ] GC(2920) Pause Remark 5642M->5642M(12288M) 24.560ms
[2024-05-30T14:22:10.349+0000][13669.768s][info][gc,cpu      ] GC(2920) User=0.11s Sys=0.00s Real=0.03s
[2024-05-30T14:22:10.349+0000][13669.768s][info][gc,marking  ] GC(2920) Concurrent Mark 2774.989ms
[2024-05-30T14:22:10.349+0000][13669.768s][info][gc,marking  ] GC(2920) Concurrent Rebuild Remembered Sets
[2024-05-30T14:22:11.862+0000][13671.281s][info][gc,marking  ] GC(2920) Concurrent Rebuild Remembered Sets 1512.688ms
[2024-05-30T14:22:11.862+0000][13671.281s][info][gc,start    ] GC(2920) Pause Cleanup
[2024-05-30T14:22:11.863+0000][13671.282s][info][gc          ] GC(2920) Pause Cleanup 7214M->7214M(12288M) 0.534ms
[2024-05-30T14:22:11.863+0000][13671.282s][info][gc,cpu      ] GC(2920) User=0.00s Sys=0.00s Real=0.00s
[2024-05-30T14:22:11.863+0000][13671.282s][info][gc,marking  ] GC(2920) Concurrent Cleanup for Next Mark
[2024-05-30T14:22:11.880+0000][13671.299s][info][gc,marking  ] GC(2920) Concurrent Cleanup for Next Mark 16.938ms
[2024-05-30T14:22:11.880+0000][13671.299s][info][gc          ] GC(2920) Concurrent Mark Cycle 4321.823ms
[2024-05-30T14:22:14.005+0000][13673.425s][info][gc,start    ] GC(2921) Pause Young (Prepare Mixed) (G1 Evacuation Pause)
[2024-05-30T14:22:14.006+0000][13673.425s][info][gc,task     ] GC(2921) Using 6 workers of 6 for evacuation
[2024-05-30T14:22:14.031+0000][13673.450s][info][gc,phases   ] GC(2921)   Pre Evacuate Collection Set: 0.2ms
[2024-05-30T14:22:14.031+0000][13673.450s][info][gc,phases   ] GC(2921)   Merge Heap Roots: 0.3ms
[2024-05-30T14:22:14.031+0000][13673.450s][info][gc,phases   ] GC(2921)   Evacuate Collection Set: 22.9ms
[2024-05-30T14:22:14.031+0000][13673.450s][info][gc,phases   ] GC(2921)   Post Evacuate Collection Set: 1.8ms
[2024-05-30T14:22:14.031+0000][13673.450s][info][gc,phases   ] GC(2921)   Other: 0.2ms
[2024-05-30T14:22:14.031+0000][13673.450s][info][gc,heap     ] GC(2921) Eden regions: 859->0(66)
[2024-05-30T14:22:14.031+0000][13673.450s][info][gc,heap     ] GC(2921) Survivor regions: 9->10(109)
[2024-05-30T14:22:14.031+0000][13673.450s][info][gc,heap     ] GC(2921) Old regions: 340->340
[2024-05-30T14:22:14.031+0000][13673.450s][info][gc,heap     ] GC(2921) Archive regions: 2->2
[2024-05-30T14:22:14.031+0000][13673.450s][info][gc,heap     ] GC(2921) Humongous regions: 5->5
[2024-05-30T14:22:14.031+0000][13673.450s][info][gc,metaspace] GC(2921) Metaspace: 433997K(440192K)->433997K(440192K) NonClass: 379996K(383360K)->379996K(383360K) Class: 54001K(56832K)->54001K(56832K)
[2024-05-30T14:22:14.031+0000][13673.450s][info][gc          ] GC(2921) Pause Young (Prepare Mixed) (G1 Evacuation Pause) 9702M->2837M(12288M) 25.411ms
[2024-05-30T14:22:14.031+0000][13673.450s][info][gc,cpu      ] GC(2921) User=0.15s Sys=0.00s Real=0.03s
[2024-05-30T14:22:14.489+0000][13673.909s][info][gc,start    ] GC(2922) Pause Young (Mixed) (G1 Evacuation Pause)
[2024-05-30T14:22:14.489+0000][13673.909s][info][gc,task     ] GC(2922) Using 6 workers of 6 for evacuation
[2024-05-30T14:22:14.554+0000][13673.973s][info][gc,phases   ] GC(2922)   Pre Evacuate Collection Set: 0.2ms
[2024-05-30T14:22:14.554+0000][13673.973s][info][gc,phases   ] GC(2922)   Merge Heap Roots: 0.5ms
[2024-05-30T14:22:14.554+0000][13673.973s][info][gc,phases   ] GC(2922)   Evacuate Collection Set: 61.9ms
[2024-05-30T14:22:14.554+0000][13673.973s][info][gc,phases   ] GC(2922)   Post Evacuate Collection Set: 1.4ms
[2024-05-30T14:22:14.554+0000][13673.973s][info][gc,phases   ] GC(2922)   Other: 0.2ms
[2024-05-30T14:22:14.554+0000][13673.973s][info][gc,heap     ] GC(2922) Eden regions: 66->0(863)
[2024-05-30T14:22:14.554+0000][13673.973s][info][gc,heap     ] GC(2922) Survivor regions: 10->5(10)
[2024-05-30T14:22:14.554+0000][13673.973s][info][gc,heap     ] GC(2922) Old regions: 340->340
[2024-05-30T14:22:14.554+0000][13673.973s][info][gc,heap     ] GC(2922) Archive regions: 2->2
[2024-05-30T14:22:14.554+0000][13673.973s][info][gc,heap     ] GC(2922) Humongous regions: 5->5
[2024-05-30T14:22:14.554+0000][13673.973s][info][gc,metaspace] GC(2922) Metaspace: 433997K(440192K)->433997K(440192K) NonClass: 379996K(383360K)->379996K(383360K) Class: 54001K(56832K)->54001K(56832K)
[2024-05-30T14:22:14.554+0000][13673.973s][info][gc          ] GC(2922) Pause Young (Mixed) (G1 Evacuation Pause) 3365M->2794M(12288M) 64.214ms
[2024-05-30T14:22:14.554+0000][13673.973s][info][gc,cpu      ] GC(2922) User=0.38s Sys=0.00s Real=0.06s
[2024-05-30T14:22:20.482+0000][13679.901s][info][gc,start    ] GC(2923) Pause Young (Normal) (G1 Evacuation Pause)
[2024-05-30T14:22:20.482+0000][13679.901s][info][gc,task     ] GC(2923) Using 6 workers of 6 for evacuation
[2024-05-30T14:22:20.497+0000][13679.916s][info][gc,phases   ] GC(2923)   Pre Evacuate Collection Set: 0.2ms
[2024-05-30T14:22:20.497+0000][13679.916s][info][gc,phases   ] GC(2923)   Merge Heap Roots: 0.3ms
[2024-05-30T14:22:20.497+0000][13679.916s][info][gc,phases   ] GC(2923)   Evacuate Collection Set: 12.4ms
[2024-05-30T14:22:20.497+0000][13679.916s][info][gc,phases   ] GC(2923)   Post Evacuate Collection Set: 1.9ms
[2024-05-30T14:22:20.497+0000][13679.916s][info][gc,phases   ] GC(2923)   Other: 0.2ms
[2024-05-30T14:22:20.497+0000][13679.916s][info][gc,heap     ] GC(2923) Eden regions: 863->0(862)
[2024-05-30T14:22:20.497+0000][13679.916s][info][gc,heap     ] GC(2923) Survivor regions: 5->6(109)
[2024-05-30T14:22:20.497+0000][13679.916s][info][gc,heap     ] GC(2923) Old regions: 340->340
[2024-05-30T14:22:20.497+0000][13679.916s][info][gc,heap     ] GC(2923) Archive regions: 2->2
[2024-05-30T14:22:20.497+0000][13679.916s][info][gc,heap     ] GC(2923) Humongous regions: 5->5
[2024-05-30T14:22:20.497+0000][13679.916s][info][gc,metaspace] GC(2923) Metaspace: 433997K(440192K)->433997K(440192K) NonClass: 379996K(383360K)->379996K(383360K) Class: 54001K(56832K)->54001K(56832K)
[2024-05-30T14:22:20.497+0000][13679.916s][info][gc          ] GC(2923) Pause Young (Normal) (G1 Evacuation Pause) 9698M->2800M(12288M) 15.039ms
[2024-05-30T14:22:20.497+0000][13679.916s][info][gc,cpu      ] GC(2923) User=0.09s Sys=0.00s Real=0.02s
[2024-05-30T14:22:27.077+0000][13686.496s][info][gc,start    ] GC(2924) Pause Young (Normal) (G1 Evacuation Pause)
[2024-05-30T14:22:27.077+0000][13686.496s][info][gc,task     ] GC(2924) Using 6 workers of 6 for evacuation
[2024-05-30T14:22:27.096+0000][13686.515s][info][gc,phases   ] GC(2924)   Pre Evacuate Collection Set: 0.2ms
[2024-05-30T14:22:27.096+0000][13686.515s][info][gc,phases   ] GC(2924)   Merge Heap Roots: 0.3ms
[2024-05-30T14:22:27.096+0000][13686.515s][info][gc,phases   ] GC(2924)   Evacuate Collection Set: 16.9ms
[2024-05-30T14:22:27.096+0000][13686.515s][info][gc,phases   ] GC(2924)   Post Evacuate Collection Set: 2.0ms
[2024-05-30T14:22:27.096+0000][13686.515s][info][gc,phases   ] GC(2924)   Other: 0.2ms
[2024-05-30T14:22:27.096+0000][13686.515s][info][gc,heap     ] GC(2924) Eden regions: 862->0(858)
[2024-05-30T14:22:27.096+0000][13686.515s][info][gc,heap     ] GC(2924) Survivor regions: 6->9(109)
[2024-05-30T14:22:27.096+0000][13686.515s][info][gc,heap     ] GC(2924) Old regions: 340->340
[2024-05-30T14:22:27.096+0000][13686.515s][info][gc,heap     ] GC(2924) Archive regions: 2->2
[2024-05-30T14:22:27.096+0000][13686.515s][info][gc,heap     ] GC(2924) Humongous regions: 5->5
[2024-05-30T14:22:27.096+0000][13686.515s][info][gc,metaspace] GC(2924) Metaspace: 433997K(440192K)->433997K(440192K) NonClass: 379996K(383360K)->379996K(383360K) Class: 54001K(56832K)->54001K(56832K)
[2024-05-30T14:22:27.096+0000][13686.515s][info][gc          ] GC(2924) Pause Young (Normal) (G1 Evacuation Pause) 9696M->2826M(12288M) 19.531ms
[2024-05-30T14:22:27.096+0000][13686.515s][info][gc,cpu      ] GC(2924) User=0.11s Sys=0.00s Real=0.01s
[2024-05-30T14:22:34.682+0000][13694.101s][info][gc,start    ] GC(2925) Pause Young (Concurrent Start) (G1 Evacuation Pause)
[2024-05-30T14:22:34.682+0000][13694.101s][info][gc,task     ] GC(2925) Using 6 workers of 6 for evacuation
[2024-05-30T14:22:34.705+0000][13694.124s][info][gc,phases   ] GC(2925)   Pre Evacuate Collection Set: 0.6ms
[2024-05-30T14:22:34.705+0000][13694.124s][info][gc,phases   ] GC(2925)   Merge Heap Roots: 0.3ms
[2024-05-30T14:22:34.705+0000][13694.124s][info][gc,phases   ] GC(2925)   Evacuate Collection Set: 20.0ms
[2024-05-30T14:22:34.705+0000][13694.124s][info][gc,phases   ] GC(2925)   Post Evacuate Collection Set: 1.8ms
[2024-05-30T14:22:34.705+0000][13694.124s][info][gc,phases   ] GC(2925)   Other: 0.3ms
[2024-05-30T14:22:34.705+0000][13694.124s][info][gc,heap     ] GC(2925) Eden regions: 858->0(859)
[2024-05-30T14:22:34.705+0000][13694.124s][info][gc,heap     ] GC(2925) Survivor regions: 9->8(109)
[2024-05-30T14:22:34.705+0000][13694.124s][info][gc,heap     ] GC(2925) Old regions: 340->340
[2024-05-30T14:22:34.705+0000][13694.124s][info][gc,heap     ] GC(2925) Archive regions: 2->2
[2024-05-30T14:22:34.705+0000][13694.124s][info][gc,heap     ] GC(2925) Humongous regions: 5->5
[2024-05-30T14:22:34.705+0000][13694.124s][info][gc,metaspace] GC(2925) Metaspace: 433997K(440192K)->433997K(440192K) NonClass: 379996K(383360K)->379996K(383360K) Class: 54001K(56832K)->54001K(56832K)
[2024-05-30T14:22:34.705+0000][13694.124s][info][gc          ] GC(2925) Pause Young (Concurrent Start) (G1 Evacuation Pause) 9690M->2819M(12288M) 23.003ms
[2024-05-30T14:22:34.705+0000][13694.124s][info][gc,cpu      ] GC(2925) User=0.13s Sys=0.00s Real=0.02s
[2024-05-30T14:22:34.705+0000][13694.124s][info][gc          ] GC(2926) Concurrent Mark Cycle
[2024-05-30T14:22:34.705+0000][13694.124s][info][gc,marking  ] GC(2926) Concurrent Clear Claimed Marks
[2024-05-30T14:22:34.706+0000][13694.125s][info][gc,marking  ] GC(2926) Concurrent Clear Claimed Marks 0.377ms
[2024-05-30T14:22:34.706+0000][13694.125s][info][gc,marking  ] GC(2926) Concurrent Scan Root Regions
[2024-05-30T14:22:34.723+0000][13694.142s][info][gc,marking  ] GC(2926) Concurrent Scan Root Regions 17.305ms
[2024-05-30T14:22:34.723+0000][13694.142s][info][gc,marking  ] GC(2926) Concurrent Mark
[2024-05-30T14:22:34.723+0000][13694.142s][info][gc,marking  ] GC(2926) Concurrent Mark From Roots
[2024-05-30T14:22:34.723+0000][13694.142s][info][gc,task     ] GC(2926) Using 2 workers of 2 for marking
[2024-05-30T14:22:37.254+0000][13696.673s][info][gc,marking  ] GC(2926) Concurrent Mark From Roots 2531.294ms
[2024-05-30T14:22:37.254+0000][13696.673s][info][gc,marking  ] GC(2926) Concurrent Preclean
[2024-05-30T14:22:37.256+0000][13696.675s][info][gc,marking  ] GC(2926) Concurrent Preclean 1.607ms
[2024-05-30T14:22:37.256+0000][13696.675s][info][gc,start    ] GC(2926) Pause Remark
[2024-05-30T14:22:37.282+0000][13696.701s][info][gc          ] GC(2926) Pause Remark 4568M->4568M(12288M) 26.210ms
[2024-05-30T14:22:37.282+0000][13696.701s][info][gc,cpu      ] GC(2926) User=0.13s Sys=0.00s Real=0.03s
[2024-05-30T14:22:37.282+0000][13696.702s][info][gc,marking  ] GC(2926) Concurrent Mark 2559.493ms
[2024-05-30T14:22:37.282+0000][13696.702s][info][gc,marking  ] GC(2926) Concurrent Rebuild Remembered Sets
[2024-05-30T14:22:38.804+0000][13698.224s][info][gc,marking  ] GC(2926) Concurrent Rebuild Remembered Sets 1521.897ms
[2024-05-30T14:22:38.805+0000][13698.224s][info][gc,start    ] GC(2926) Pause Cleanup
[2024-05-30T14:22:38.805+0000][13698.224s][info][gc          ] GC(2926) Pause Cleanup 6422M->6422M(12288M) 0.536ms
[2024-05-30T14:22:38.805+0000][13698.224s][info][gc,cpu      ] GC(2926) User=0.00s Sys=0.00s Real=0.00s
[2024-05-30T14:22:38.805+0000][13698.224s][info][gc,marking  ] GC(2926) Concurrent Cleanup for Next Mark
[2024-05-30T14:22:38.822+0000][13698.241s][info][gc,marking  ] GC(2926) Concurrent Cleanup for Next Mark 16.489ms
[2024-05-30T14:22:38.822+0000][13698.241s][info][gc          ] GC(2926) Concurrent Mark Cycle 4116.650ms
[2024-05-30T14:22:41.123+0000][13700.542s][info][gc,start    ] GC(2927) Pause Young (Prepare Mixed) (G1 Evacuation Pause)
[2024-05-30T14:22:41.123+0000][13700.542s][info][gc,task     ] GC(2927) Using 6 workers of 6 for evacuation
[2024-05-30T14:22:41.153+0000][13700.572s][info][gc,phases   ] GC(2927)   Pre Evacuate Collection Set: 0.2ms
[2024-05-30T14:22:41.153+0000][13700.572s][info][gc,phases   ] GC(2927)   Merge Heap Roots: 0.4ms
[2024-05-30T14:22:41.153+0000][13700.572s][info][gc,phases   ] GC(2927)   Evacuate Collection Set: 27.2ms
[2024-05-30T14:22:41.153+0000][13700.572s][info][gc,phases   ] GC(2927)   Post Evacuate Collection Set: 2.0ms
[2024-05-30T14:22:41.153+0000][13700.572s][info][gc,phases   ] GC(2927)   Other: 0.2ms
[2024-05-30T14:22:41.153+0000][13700.572s][info][gc,heap     ] GC(2927) Eden regions: 859->0(67)
[2024-05-30T14:22:41.153+0000][13700.572s][info][gc,heap     ] GC(2927) Survivor regions: 8->9(109)
[2024-05-30T14:22:41.153+0000][13700.572s][info][gc,heap     ] GC(2927) Old regions: 340->340
[2024-05-30T14:22:41.153+0000][13700.572s][info][gc,heap     ] GC(2927) Archive regions: 2->2
[2024-05-30T14:22:41.153+0000][13700.572s][info][gc,heap     ] GC(2927) Humongous regions: 5->5
[2024-05-30T14:22:41.153+0000][13700.572s][info][gc,metaspace] GC(2927) Metaspace: 434040K(440192K)->434040K(440192K) NonClass: 380033K(383360K)->380033K(383360K) Class: 54006K(56832K)->54006K(56832K)
[2024-05-30T14:22:41.153+0000][13700.572s][info][gc          ] GC(2927) Pause Young (Prepare Mixed) (G1 Evacuation Pause) 9691M->2829M(12288M) 30.019ms
[2024-05-30T14:22:41.153+0000][13700.573s][info][gc,cpu      ] GC(2927) User=0.17s Sys=0.00s Real=0.03s
[2024-05-30T14:22:41.448+0000][13700.867s][info][gc,start    ] GC(2928) Pause Young (Mixed) (G1 Evacuation Pause)
[2024-05-30T14:22:41.448+0000][13700.867s][info][gc,task     ] GC(2928) Using 6 workers of 6 for evacuation
[2024-05-30T14:22:41.516+0000][13700.935s][info][gc,phases   ] GC(2928)   Pre Evacuate Collection Set: 0.2ms
[2024-05-30T14:22:41.516+0000][13700.935s][info][gc,phases   ] GC(2928)   Merge Heap Roots: 0.4ms
[2024-05-30T14:22:41.516+0000][13700.935s][info][gc,phases   ] GC(2928)   Evacuate Collection Set: 65.4ms
[2024-05-30T14:22:41.516+0000][13700.935s][info][gc,phases   ] GC(2928)   Post Evacuate Collection Set: 1.4ms
[2024-05-30T14:22:41.516+0000][13700.935s][info][gc,phases   ] GC(2928)   Other: 0.2ms
[2024-05-30T14:22:41.516+0000][13700.935s][info][gc,heap     ] GC(2928) Eden regions: 67->0(865)
[2024-05-30T14:22:41.516+0000][13700.935s][info][gc,heap     ] GC(2928) Survivor regions: 9->4(10)
[2024-05-30T14:22:41.516+0000][13700.935s][info][gc,heap     ] GC(2928) Old regions: 340->338
[2024-05-30T14:22:41.516+0000][13700.935s][info][gc,heap     ] GC(2928) Archive regions: 2->2
[2024-05-30T14:22:41.516+0000][13700.935s][info][gc,heap     ] GC(2928) Humongous regions: 5->5
[2024-05-30T14:22:41.516+0000][13700.935s][info][gc,metaspace] GC(2928) Metaspace: 434040K(440192K)->434040K(440192K) NonClass: 380033K(383360K)->380033K(383360K) Class: 54006K(56832K)->54006K(56832K)
[2024-05-30T14:22:41.516+0000][13700.935s][info][gc          ] GC(2928) Pause Young (Mixed) (G1 Evacuation Pause) 3365M->2780M(12288M) 67.603ms
[2024-05-30T14:22:41.516+0000][13700.935s][info][gc,cpu      ] GC(2928) User=0.40s Sys=0.00s Real=0.07s
[2024-05-30T14:22:45.972+0000][13705.391s][info][gc,start    ] GC(2929) Pause Young (Normal) (G1 Evacuation Pause)
[2024-05-30T14:22:45.972+0000][13705.391s][info][gc,task     ] GC(2929) Using 6 workers of 6 for evacuation
[2024-05-30T14:22:45.987+0000][13705.406s][info][gc,phases   ] GC(2929)   Pre Evacuate Collection Set: 0.2ms
[2024-05-30T14:22:45.987+0000][13705.406s][info][gc,phases   ] GC(2929)   Merge Heap Roots: 0.3ms
[2024-05-30T14:22:45.987+0000][13705.406s][info][gc,phases   ] GC(2929)   Evacuate Collection Set: 10.2ms
[2024-05-30T14:22:45.987+0000][13705.406s][info][gc,phases   ] GC(2929)   Post Evacuate Collection Set: 3.9ms
[2024-05-30T14:22:45.987+0000][13705.406s][info][gc,phases   ] GC(2929)   Other: 0.2ms
[2024-05-30T14:22:45.987+0000][13705.406s][info][gc,heap     ] GC(2929) Eden regions: 865->0(864)
[2024-05-30T14:22:45.987+0000][13705.406s][info][gc,heap     ] GC(2929) Survivor regions: 4->6(109)
[2024-05-30T14:22:45.987+0000][13705.406s][info][gc,heap     ] GC(2929) Old regions: 338->338
[2024-05-30T14:22:45.987+0000][13705.406s][info][gc,heap     ] GC(2929) Archive regions: 2->2
[2024-05-30T14:22:45.987+0000][13705.406s][info][gc,heap     ] GC(2929) Humongous regions: 5->5
[2024-05-30T14:22:45.987+0000][13705.406s][info][gc,metaspace] GC(2929) Metaspace: 434041K(440192K)->434041K(440192K) NonClass: 380035K(383360K)->380035K(383360K) Class: 54006K(56832K)->54006K(56832K)
[2024-05-30T14:22:45.987+0000][13705.406s][info][gc          ] GC(2929) Pause Young (Normal) (G1 Evacuation Pause) 9700M->2790M(12288M) 14.803ms
[2024-05-30T14:22:45.987+0000][13705.406s][info][gc,cpu      ] GC(2929) User=0.07s Sys=0.00s Real=0.01s
[2024-05-30T14:22:50.950+0000][13710.369s][info][gc,start    ] GC(2930) Pause Young (Normal) (G1 Evacuation Pause)
[2024-05-30T14:22:50.950+0000][13710.369s][info][gc,task     ] GC(2930) Using 6 workers of 6 for evacuation
[2024-05-30T14:22:50.964+0000][13710.384s][info][gc,phases   ] GC(2930)   Pre Evacuate Collection Set: 0.2ms
[2024-05-30T14:22:50.964+0000][13710.384s][info][gc,phases   ] GC(2930)   Merge Heap Roots: 0.2ms
[2024-05-30T14:22:50.964+0000][13710.384s][info][gc,phases   ] GC(2930)   Evacuate Collection Set: 12.5ms
[2024-05-30T14:22:50.964+0000][13710.384s][info][gc,phases   ] GC(2930)   Post Evacuate Collection Set: 1.8ms
[2024-05-30T14:22:50.964+0000][13710.384s][info][gc,phases   ] GC(2930)   Other: 0.2ms
[2024-05-30T14:22:50.964+0000][13710.384s][info][gc,heap     ] GC(2930) Eden regions: 864->0(863)
[2024-05-30T14:22:50.964+0000][13710.384s][info][gc,heap     ] GC(2930) Survivor regions: 6->7(109)
[2024-05-30T14:22:50.964+0000][13710.384s][info][gc,heap     ] GC(2930) Old regions: 338->338
[2024-05-30T14:22:50.965+0000][13710.384s][info][gc,heap     ] GC(2930) Archive regions: 2->2
[2024-05-30T14:22:50.965+0000][13710.384s][info][gc,heap     ] GC(2930) Humongous regions: 5->5
[2024-05-30T14:22:50.965+0000][13710.384s][info][gc,metaspace] GC(2930) Metaspace: 434041K(440192K)->434041K(440192K) NonClass: 380035K(383360K)->380035K(383360K) Class: 54006K(56832K)->54006K(56832K)
[2024-05-30T14:22:50.965+0000][13710.384s][info][gc          ] GC(2930) Pause Young (Normal) (G1 Evacuation Pause) 9702M->2803M(12288M) 14.943ms
[2024-05-30T14:22:50.965+0000][13710.384s][info][gc,cpu      ] GC(2930) User=0.08s Sys=0.00s Real=0.01s
[2024-05-30T14:22:55.997+0000][13715.416s][info][gc,start    ] GC(2931) Pause Young (Concurrent Start) (G1 Evacuation Pause)
[2024-05-30T14:22:55.997+0000][13715.416s][info][gc,task     ] GC(2931) Using 6 workers of 6 for evacuation
[2024-05-30T14:22:56.017+0000][13715.436s][info][gc,phases   ] GC(2931)   Pre Evacuate Collection Set: 0.6ms
[2024-05-30T14:22:56.017+0000][13715.436s][info][gc,phases   ] GC(2931)   Merge Heap Roots: 0.3ms
[2024-05-30T14:22:56.017+0000][13715.436s][info][gc,phases   ] GC(2931)   Evacuate Collection Set: 17.6ms
[2024-05-30T14:22:56.017+0000][13715.436s][info][gc,phases   ] GC(2931)   Post Evacuate Collection Set: 2.0ms
[2024-05-30T14:22:56.017+0000][13715.436s][info][gc,phases   ] GC(2931)   Other: 0.3ms
[2024-05-30T14:22:56.017+0000][13715.436s][info][gc,heap     ] GC(2931) Eden regions: 863->0(859)
[2024-05-30T14:22:56.017+0000][13715.436s][info][gc,heap     ] GC(2931) Survivor regions: 7->10(109)
[2024-05-30T14:22:56.017+0000][13715.436s][info][gc,heap     ] GC(2931) Old regions: 338->338
[2024-05-30T14:22:56.017+0000][13715.436s][info][gc,heap     ] GC(2931) Archive regions: 2->2
[2024-05-30T14:22:56.017+0000][13715.436s][info][gc,heap     ] GC(2931) Humongous regions: 5->5
[2024-05-30T14:22:56.017+0000][13715.437s][info][gc,metaspace] GC(2931) Metaspace: 434042K(440192K)->434042K(440192K) NonClass: 380035K(383360K)->380035K(383360K) Class: 54006K(56832K)->54006K(56832K)
[2024-05-30T14:22:56.017+0000][13715.437s][info][gc          ] GC(2931) Pause Young (Concurrent Start) (G1 Evacuation Pause) 9707M->2825M(12288M) 20.782ms
[2024-05-30T14:22:56.017+0000][13715.437s][info][gc,cpu      ] GC(2931) User=0.11s Sys=0.00s Real=0.02s
[2024-05-30T14:22:56.017+0000][13715.437s][info][gc          ] GC(2932) Concurrent Mark Cycle
[2024-05-30T14:22:56.017+0000][13715.437s][info][gc,marking  ] GC(2932) Concurrent Clear Claimed Marks
[2024-05-30T14:22:56.018+0000][13715.437s][info][gc,marking  ] GC(2932) Concurrent Clear Claimed Marks 0.403ms
[2024-05-30T14:22:56.018+0000][13715.437s][info][gc,marking  ] GC(2932) Concurrent Scan Root Regions
[2024-05-30T14:22:56.047+0000][13715.466s][info][gc,marking  ] GC(2932) Concurrent Scan Root Regions 28.956ms
[2024-05-30T14:22:56.047+0000][13715.466s][info][gc,marking  ] GC(2932) Concurrent Mark
[2024-05-30T14:22:56.047+0000][13715.466s][info][gc,marking  ] GC(2932) Concurrent Mark From Roots
[2024-05-30T14:22:56.047+0000][13715.466s][info][gc,task     ] GC(2932) Using 2 workers of 2 for marking
[2024-05-30T14:22:58.822+0000][13718.242s][info][gc,marking  ] GC(2932) Concurrent Mark From Roots 2775.478ms
[2024-05-30T14:22:58.822+0000][13718.242s][info][gc,marking  ] GC(2932) Concurrent Preclean
[2024-05-30T14:22:58.823+0000][13718.243s][info][gc,marking  ] GC(2932) Concurrent Preclean 1.152ms
[2024-05-30T14:22:58.824+0000][13718.243s][info][gc,start    ] GC(2932) Pause Remark
[2024-05-30T14:22:58.848+0000][13718.267s][info][gc          ] GC(2932) Pause Remark 6249M->6249M(12288M) 24.092ms
[2024-05-30T14:22:58.848+0000][13718.267s][info][gc,cpu      ] GC(2932) User=0.11s Sys=0.00s Real=0.02s
[2024-05-30T14:22:58.848+0000][13718.267s][info][gc,marking  ] GC(2932) Concurrent Mark 2801.129ms
[2024-05-30T14:22:58.848+0000][13718.267s][info][gc,marking  ] GC(2932) Concurrent Rebuild Remembered Sets
[2024-05-30T14:23:00.310+0000][13719.729s][info][gc,marking  ] GC(2932) Concurrent Rebuild Remembered Sets 1461.909ms
[2024-05-30T14:23:00.310+0000][13719.729s][info][gc,start    ] GC(2932) Pause Cleanup
[2024-05-30T14:23:00.311+0000][13719.730s][info][gc          ] GC(2932) Pause Cleanup 8097M->8097M(12288M) 0.510ms
[2024-05-30T14:23:00.311+0000][13719.730s][info][gc,cpu      ] GC(2932) User=0.00s Sys=0.00s Real=0.00s
[2024-05-30T14:23:00.311+0000][13719.730s][info][gc,marking  ] GC(2932) Concurrent Cleanup for Next Mark
[2024-05-30T14:23:00.327+0000][13719.747s][info][gc,marking  ] GC(2932) Concurrent Cleanup for Next Mark 16.606ms
[2024-05-30T14:23:00.327+0000][13719.747s][info][gc          ] GC(2932) Concurrent Mark Cycle 4310.020ms
[2024-05-30T14:23:01.469+0000][13720.888s][info][gc,start    ] GC(2933) Pause Young (Prepare Mixed) (G1 Evacuation Pause)
[2024-05-30T14:23:01.469+0000][13720.888s][info][gc,task     ] GC(2933) Using 6 workers of 6 for evacuation
[2024-05-30T14:23:01.490+0000][13720.909s][info][gc,phases   ] GC(2933)   Pre Evacuate Collection Set: 0.2ms
[2024-05-30T14:23:01.490+0000][13720.909s][info][gc,phases   ] GC(2933)   Merge Heap Roots: 0.3ms
[2024-05-30T14:23:01.490+0000][13720.909s][info][gc,phases   ] GC(2933)   Evacuate Collection Set: 18.5ms
[2024-05-30T14:23:01.490+0000][13720.909s][info][gc,phases   ] GC(2933)   Post Evacuate Collection Set: 1.8ms
[2024-05-30T14:23:01.490+0000][13720.909s][info][gc,phases   ] GC(2933)   Other: 0.2ms
[2024-05-30T14:23:01.490+0000][13720.909s][info][gc,heap     ] GC(2933) Eden regions: 859->0(67)
[2024-05-30T14:23:01.490+0000][13720.909s][info][gc,heap     ] GC(2933) Survivor regions: 10->9(109)
[2024-05-30T14:23:01.490+0000][13720.909s][info][gc,heap     ] GC(2933) Old regions: 338->338
[2024-05-30T14:23:01.490+0000][13720.909s][info][gc,heap     ] GC(2933) Archive regions: 2->2
[2024-05-30T14:23:01.490+0000][13720.909s][info][gc,heap     ] GC(2933) Humongous regions: 5->5
[2024-05-30T14:23:01.490+0000][13720.909s][info][gc,metaspace] GC(2933) Metaspace: 434042K(440192K)->434042K(440192K) NonClass: 380035K(383360K)->380035K(383360K) Class: 54006K(56832K)->54006K(56832K)
[2024-05-30T14:23:01.490+0000][13720.909s][info][gc          ] GC(2933) Pause Young (Prepare Mixed) (G1 Evacuation Pause) 9697M->2820M(12288M) 21.049ms
[2024-05-30T14:23:01.490+0000][13720.909s][info][gc,cpu      ] GC(2933) User=0.13s Sys=0.00s Real=0.02s
[2024-05-30T14:23:01.886+0000][13721.306s][info][gc,start    ] GC(2934) Pause Young (Mixed) (G1 Evacuation Pause)
[2024-05-30T14:23:01.886+0000][13721.306s][info][gc,task     ] GC(2934) Using 6 workers of 6 for evacuation
[2024-05-30T14:23:01.945+0000][13721.365s][info][gc,phases   ] GC(2934)   Pre Evacuate Collection Set: 0.2ms
[2024-05-30T14:23:01.945+0000][13721.365s][info][gc,phases   ] GC(2934)   Merge Heap Roots: 0.4ms
[2024-05-30T14:23:01.945+0000][13721.365s][info][gc,phases   ] GC(2934)   Evacuate Collection Set: 57.0ms
[2024-05-30T14:23:01.945+0000][13721.365s][info][gc,phases   ] GC(2934)   Post Evacuate Collection Set: 1.3ms
[2024-05-30T14:23:01.945+0000][13721.365s][info][gc,phases   ] GC(2934)   Other: 0.2ms
[2024-05-30T14:23:01.945+0000][13721.365s][info][gc,heap     ] GC(2934) Eden regions: 67->0(864)
[2024-05-30T14:23:01.945+0000][13721.365s][info][gc,heap     ] GC(2934) Survivor regions: 9->6(10)
[2024-05-30T14:23:01.945+0000][13721.365s][info][gc,heap     ] GC(2934) Old regions: 338->337
[2024-05-30T14:23:01.945+0000][13721.365s][info][gc,heap     ] GC(2934) Archive regions: 2->2
[2024-05-30T14:23:01.945+0000][13721.365s][info][gc,heap     ] GC(2934) Humongous regions: 5->5
[2024-05-30T14:23:01.945+0000][13721.365s][info][gc,metaspace] GC(2934) Metaspace: 434042K(440192K)->434042K(440192K) NonClass: 380035K(383360K)->380035K(383360K) Class: 54006K(56832K)->54006K(56832K)
[2024-05-30T14:23:01.946+0000][13721.365s][info][gc          ] GC(2934) Pause Young (Mixed) (G1 Evacuation Pause) 3356M->2780M(12288M) 59.062ms
[2024-05-30T14:23:01.946+0000][13721.365s][info][gc,cpu      ] GC(2934) User=0.35s Sys=0.00s Real=0.06s
[2024-05-30T14:23:07.025+0000][13726.444s][info][gc,start    ] GC(2935) Pause Young (Normal) (G1 Evacuation Pause)
[2024-05-30T14:23:07.025+0000][13726.444s][info][gc,task     ] GC(2935) Using 6 workers of 6 for evacuation
[2024-05-30T14:23:07.039+0000][13726.458s][info][gc,phases   ] GC(2935)   Pre Evacuate Collection Set: 0.2ms
[2024-05-30T14:23:07.039+0000][13726.458s][info][gc,phases   ] GC(2935)   Merge Heap Roots: 0.2ms
[2024-05-30T14:23:07.039+0000][13726.458s][info][gc,phases   ] GC(2935)   Evacuate Collection Set: 11.8ms
[2024-05-30T14:23:07.039+0000][13726.458s][info][gc,phases   ] GC(2935)   Post Evacuate Collection Set: 1.7ms
[2024-05-30T14:23:07.039+0000][13726.458s][info][gc,phases   ] GC(2935)   Other: 0.2ms
[2024-05-30T14:23:07.039+0000][13726.458s][info][gc,heap     ] GC(2935) Eden regions: 864->0(864)
[2024-05-30T14:23:07.039+0000][13726.458s][info][gc,heap     ] GC(2935) Survivor regions: 6->7(109)
[2024-05-30T14:23:07.039+0000][13726.458s][info][gc,heap     ] GC(2935) Old regions: 337->337
[2024-05-30T14:23:07.039+0000][13726.458s][info][gc,heap     ] GC(2935) Archive regions: 2->2
[2024-05-30T14:23:07.039+0000][13726.458s][info][gc,heap     ] GC(2935) Humongous regions: 5->5
[2024-05-30T14:23:07.039+0000][13726.458s][info][gc,metaspace] GC(2935) Metaspace: 434042K(440192K)->434042K(440192K) NonClass: 380035K(383360K)->380035K(383360K) Class: 54006K(56832K)->54006K(56832K)
[2024-05-30T14:23:07.039+0000][13726.458s][info][gc          ] GC(2935) Pause Young (Normal) (G1 Evacuation Pause) 9692M->2791M(12288M) 14.236ms
[2024-05-30T14:23:07.039+0000][13726.458s][info][gc,cpu      ] GC(2935) User=0.09s Sys=0.00s Real=0.02s
[2024-05-30T14:23:12.018+0000][13731.437s][info][gc,start    ] GC(2936) Pause Young (Normal) (G1 Evacuation Pause)
[2024-05-30T14:23:12.018+0000][13731.437s][info][gc,task     ] GC(2936) Using 6 workers of 6 for evacuation
[2024-05-30T14:23:12.035+0000][13731.454s][info][gc,phases   ] GC(2936)   Pre Evacuate Collection Set: 0.2ms
[2024-05-30T14:23:12.035+0000][13731.454s][info][gc,phases   ] GC(2936)   Merge Heap Roots: 0.2ms
[2024-05-30T14:23:12.035+0000][13731.454s][info][gc,phases   ] GC(2936)   Evacuate Collection Set: 14.7ms
[2024-05-30T14:23:12.035+0000][13731.454s][info][gc,phases   ] GC(2936)   Post Evacuate Collection Set: 1.8ms
[2024-05-30T14:23:12.035+0000][13731.454s][info][gc,phases   ] GC(2936)   Other: 0.2ms
[2024-05-30T14:23:12.035+0000][13731.454s][info][gc,heap     ] GC(2936) Eden regions: 864->0(862)
[2024-05-30T14:23:12.035+0000][13731.454s][info][gc,heap     ] GC(2936) Survivor regions: 7->9(109)
[2024-05-30T14:23:12.035+0000][13731.454s][info][gc,heap     ] GC(2936) Old regions: 337->337
[2024-05-30T14:23:12.035+0000][13731.454s][info][gc,heap     ] GC(2936) Archive regions: 2->2
[2024-05-30T14:23:12.035+0000][13731.454s][info][gc,heap     ] GC(2936) Humongous regions: 5->5
[2024-05-30T14:23:12.035+0000][13731.454s][info][gc,metaspace] GC(2936) Metaspace: 434042K(440192K)->434042K(440192K) NonClass: 380035K(383360K)->380035K(383360K) Class: 54006K(56832K)->54006K(56832K)
[2024-05-30T14:23:12.035+0000][13731.454s][info][gc          ] GC(2936) Pause Young (Normal) (G1 Evacuation Pause) 9703M->2807M(12288M) 17.145ms
[2024-05-30T14:23:12.035+0000][13731.454s][info][gc,cpu      ] GC(2936) User=0.10s Sys=0.00s Real=0.01s
[2024-05-30T14:23:16.894+0000][13736.314s][info][gc,start    ] GC(2937) Pause Young (Concurrent Start) (G1 Evacuation Pause)
[2024-05-30T14:23:16.894+0000][13736.314s][info][gc,task     ] GC(2937) Using 6 workers of 6 for evacuation
[2024-05-30T14:23:16.916+0000][13736.335s][info][gc,phases   ] GC(2937)   Pre Evacuate Collection Set: 0.6ms
[2024-05-30T14:23:16.916+0000][13736.335s][info][gc,phases   ] GC(2937)   Merge Heap Roots: 0.2ms
[2024-05-30T14:23:16.916+0000][13736.335s][info][gc,phases   ] GC(2937)   Evacuate Collection Set: 18.4ms
[2024-05-30T14:23:16.916+0000][13736.335s][info][gc,phases   ] GC(2937)   Post Evacuate Collection Set: 1.8ms
[2024-05-30T14:23:16.916+0000][13736.335s][info][gc,phases   ] GC(2937)   Other: 0.2ms
[2024-05-30T14:23:16.916+0000][13736.335s][info][gc,heap     ] GC(2937) Eden regions: 862->0(862)
[2024-05-30T14:23:16.916+0000][13736.335s][info][gc,heap     ] GC(2937) Survivor regions: 9->9(109)
[2024-05-30T14:23:16.916+0000][13736.335s][info][gc,heap     ] GC(2937) Old regions: 337->337
[2024-05-30T14:23:16.916+0000][13736.335s][info][gc,heap     ] GC(2937) Archive regions: 2->2
[2024-05-30T14:23:16.916+0000][13736.335s][info][gc,heap     ] GC(2937) Humongous regions: 5->5
[2024-05-30T14:23:16.916+0000][13736.335s][info][gc,metaspace] GC(2937) Metaspace: 434045K(440192K)->434045K(440192K) NonClass: 380038K(383360K)->380038K(383360K) Class: 54006K(56832K)->54006K(56832K)
[2024-05-30T14:23:16.916+0000][13736.335s][info][gc          ] GC(2937) Pause Young (Concurrent Start) (G1 Evacuation Pause) 9703M->2806M(12288M) 21.301ms
[2024-05-30T14:23:16.916+0000][13736.335s][info][gc,cpu      ] GC(2937) User=0.12s Sys=0.00s Real=0.02s
[2024-05-30T14:23:16.916+0000][13736.335s][info][gc          ] GC(2938) Concurrent Mark Cycle
[2024-05-30T14:23:16.916+0000][13736.335s][info][gc,marking  ] GC(2938) Concurrent Clear Claimed Marks
[2024-05-30T14:23:16.916+0000][13736.335s][info][gc,marking  ] GC(2938) Concurrent Clear Claimed Marks 0.359ms
[2024-05-30T14:23:16.916+0000][13736.335s][info][gc,marking  ] GC(2938) Concurrent Scan Root Regions
[2024-05-30T14:23:16.945+0000][13736.364s][info][gc,marking  ] GC(2938) Concurrent Scan Root Regions 28.690ms
[2024-05-30T14:23:16.945+0000][13736.364s][info][gc,marking  ] GC(2938) Concurrent Mark
[2024-05-30T14:23:16.945+0000][13736.364s][info][gc,marking  ] GC(2938) Concurrent Mark From Roots
[2024-05-30T14:23:16.945+0000][13736.364s][info][gc,task     ] GC(2938) Using 2 workers of 2 for marking
[2024-05-30T14:23:19.822+0000][13739.241s][info][gc,marking  ] GC(2938) Concurrent Mark From Roots 2877.207ms
[2024-05-30T14:23:19.822+0000][13739.241s][info][gc,marking  ] GC(2938) Concurrent Preclean
[2024-05-30T14:23:19.823+0000][13739.243s][info][gc,marking  ] GC(2938) Concurrent Preclean 1.262ms
[2024-05-30T14:23:19.824+0000][13739.243s][info][gc,start    ] GC(2938) Pause Remark
[2024-05-30T14:23:19.850+0000][13739.269s][info][gc          ] GC(2938) Pause Remark 6078M->6078M(12288M) 26.145ms
[2024-05-30T14:23:19.850+0000][13739.269s][info][gc,cpu      ] GC(2938) User=0.12s Sys=0.00s Real=0.03s
[2024-05-30T14:23:19.850+0000][13739.269s][info][gc,marking  ] GC(2938) Concurrent Mark 2905.022ms
[2024-05-30T14:23:19.850+0000][13739.269s][info][gc,marking  ] GC(2938) Concurrent Rebuild Remembered Sets
[2024-05-30T14:23:21.377+0000][13740.796s][info][gc,marking  ] GC(2938) Concurrent Rebuild Remembered Sets 1527.065ms
[2024-05-30T14:23:21.377+0000][13740.797s][info][gc,start    ] GC(2938) Pause Cleanup
[2024-05-30T14:23:21.378+0000][13740.797s][info][gc          ] GC(2938) Pause Cleanup 8638M->8638M(12288M) 0.483ms
[2024-05-30T14:23:21.378+0000][13740.797s][info][gc,cpu      ] GC(2938) User=0.00s Sys=0.00s Real=0.00s
[2024-05-30T14:23:21.378+0000][13740.797s][info][gc,marking  ] GC(2938) Concurrent Cleanup for Next Mark
[2024-05-30T14:23:21.406+0000][13740.825s][info][gc,marking  ] GC(2938) Concurrent Cleanup for Next Mark 27.821ms
[2024-05-30T14:23:21.406+0000][13740.825s][info][gc          ] GC(2938) Concurrent Mark Cycle 4489.924ms
[2024-05-30T14:23:22.117+0000][13741.537s][info][gc,start    ] GC(2939) Pause Young (Prepare Mixed) (G1 Evacuation Pause)
[2024-05-30T14:23:22.117+0000][13741.537s][info][gc,task     ] GC(2939) Using 6 workers of 6 for evacuation
[2024-05-30T14:23:22.138+0000][13741.557s][info][gc,phases   ] GC(2939)   Pre Evacuate Collection Set: 0.2ms
[2024-05-30T14:23:22.138+0000][13741.557s][info][gc,phases   ] GC(2939)   Merge Heap Roots: 0.3ms
[2024-05-30T14:23:22.138+0000][13741.557s][info][gc,phases   ] GC(2939)   Evacuate Collection Set: 17.8ms
[2024-05-30T14:23:22.138+0000][13741.557s][info][gc,phases   ] GC(2939)   Post Evacuate Collection Set: 1.8ms
[2024-05-30T14:23:22.138+0000][13741.557s][info][gc,phases   ] GC(2939)   Other: 0.2ms
[2024-05-30T14:23:22.138+0000][13741.557s][info][gc,heap     ] GC(2939) Eden regions: 862->0(68)
[2024-05-30T14:23:22.138+0000][13741.557s][info][gc,heap     ] GC(2939) Survivor regions: 9->8(109)
[2024-05-30T14:23:22.138+0000][13741.557s][info][gc,heap     ] GC(2939) Old regions: 337->337
[2024-05-30T14:23:22.138+0000][13741.557s][info][gc,heap     ] GC(2939) Archive regions: 2->2
[2024-05-30T14:23:22.138+0000][13741.557s][info][gc,heap     ] GC(2939) Humongous regions: 5->5
[2024-05-30T14:23:22.138+0000][13741.557s][info][gc,metaspace] GC(2939) Metaspace: 434045K(440192K)->434045K(440192K) NonClass: 380038K(383360K)->380038K(383360K) Class: 54006K(56832K)->54006K(56832K)
[2024-05-30T14:23:22.138+0000][13741.557s][info][gc          ] GC(2939) Pause Young (Prepare Mixed) (G1 Evacuation Pause) 9702M->2800M(12288M) 20.331ms
[2024-05-30T14:23:22.138+0000][13741.557s][info][gc,cpu      ] GC(2939) User=0.12s Sys=0.00s Real=0.02s
[2024-05-30T14:23:22.521+0000][13741.940s][info][gc,start    ] GC(2940) Pause Young (Mixed) (G1 Evacuation Pause)
[2024-05-30T14:23:22.521+0000][13741.940s][info][gc,task     ] GC(2940) Using 6 workers of 6 for evacuation
[2024-05-30T14:23:22.580+0000][13741.999s][info][gc,phases   ] GC(2940)   Pre Evacuate Collection Set: 0.2ms
[2024-05-30T14:23:22.580+0000][13741.999s][info][gc,phases   ] GC(2940)   Merge Heap Roots: 0.4ms
[2024-05-30T14:23:22.580+0000][13741.999s][info][gc,phases   ] GC(2940)   Evacuate Collection Set: 56.1ms
[2024-05-30T14:23:22.580+0000][13741.999s][info][gc,phases   ] GC(2940)   Post Evacuate Collection Set: 1.6ms
[2024-05-30T14:23:22.580+0000][13741.999s][info][gc,phases   ] GC(2940)   Other: 0.2ms
[2024-05-30T14:23:22.580+0000][13741.999s][info][gc,heap     ] GC(2940) Eden regions: 68->0(865)
[2024-05-30T14:23:22.580+0000][13741.999s][info][gc,heap     ] GC(2940) Survivor regions: 8->7(10)
[2024-05-30T14:23:22.580+0000][13741.999s][info][gc,heap     ] GC(2940) Old regions: 337->336
[2024-05-30T14:23:22.580+0000][13741.999s][info][gc,heap     ] GC(2940) Archive regions: 2->2
[2024-05-30T14:23:22.580+0000][13741.999s][info][gc,heap     ] GC(2940) Humongous regions: 5->5
[2024-05-30T14:23:22.580+0000][13741.999s][info][gc,metaspace] GC(2940) Metaspace: 434045K(440192K)->434045K(440192K) NonClass: 380039K(383360K)->380039K(383360K) Class: 54006K(56832K)->54006K(56832K)
[2024-05-30T14:23:22.580+0000][13741.999s][info][gc          ] GC(2940) Pause Young (Mixed) (G1 Evacuation Pause) 3344M->2781M(12288M) 58.452ms
[2024-05-30T14:23:22.580+0000][13741.999s][info][gc,cpu      ] GC(2940) User=0.35s Sys=0.00s Real=0.06s
[2024-05-30T14:23:27.565+0000][13746.984s][info][gc,start    ] GC(2941) Pause Young (Normal) (G1 Evacuation Pause)
[2024-05-30T14:23:27.565+0000][13746.984s][info][gc,task     ] GC(2941) Using 6 workers of 6 for evacuation
[2024-05-30T14:23:27.582+0000][13747.001s][info][gc,phases   ] GC(2941)   Pre Evacuate Collection Set: 0.2ms
[2024-05-30T14:23:27.582+0000][13747.001s][info][gc,phases   ] GC(2941)   Merge Heap Roots: 0.3ms
[2024-05-30T14:23:27.582+0000][13747.001s][info][gc,phases   ] GC(2941)   Evacuate Collection Set: 14.3ms
[2024-05-30T14:23:27.582+0000][13747.001s][info][gc,phases   ] GC(2941)   Post Evacuate Collection Set: 1.9ms
[2024-05-30T14:23:27.582+0000][13747.001s][info][gc,phases   ] GC(2941)   Other: 0.2ms
[2024-05-30T14:23:27.582+0000][13747.001s][info][gc,heap     ] GC(2941) Eden regions: 865->0(864)
[2024-05-30T14:23:27.582+0000][13747.001s][info][gc,heap     ] GC(2941) Survivor regions: 7->8(109)
[2024-05-30T14:23:27.582+0000][13747.001s][info][gc,heap     ] GC(2941) Old regions: 336->336
[2024-05-30T14:23:27.582+0000][13747.001s][info][gc,heap     ] GC(2941) Archive regions: 2->2
[2024-05-30T14:23:27.582+0000][13747.001s][info][gc,heap     ] GC(2941) Humongous regions: 5->5
[2024-05-30T14:23:27.582+0000][13747.001s][info][gc,metaspace] GC(2941) Metaspace: 434045K(440192K)->434045K(440192K) NonClass: 380039K(383360K)->380039K(383360K) Class: 54006K(56832K)->54006K(56832K)
[2024-05-30T14:23:27.582+0000][13747.001s][info][gc          ] GC(2941) Pause Young (Normal) (G1 Evacuation Pause) 9701M->2793M(12288M) 16.829ms
[2024-05-30T14:23:27.582+0000][13747.001s][info][gc,cpu      ] GC(2941) User=0.09s Sys=0.00s Real=0.02s
[2024-05-30T14:23:32.632+0000][13752.051s][info][gc,start    ] GC(2942) Pause Young (Normal) (G1 Evacuation Pause)
[2024-05-30T14:23:32.632+0000][13752.051s][info][gc,task     ] GC(2942) Using 6 workers of 6 for evacuation
[2024-05-30T14:23:32.649+0000][13752.068s][info][gc,phases   ] GC(2942)   Pre Evacuate Collection Set: 0.2ms
[2024-05-30T14:23:32.649+0000][13752.068s][info][gc,phases   ] GC(2942)   Merge Heap Roots: 0.3ms
[2024-05-30T14:23:32.649+0000][13752.068s][info][gc,phases   ] GC(2942)   Evacuate Collection Set: 15.2ms
[2024-05-30T14:23:32.649+0000][13752.068s][info][gc,phases   ] GC(2942)   Post Evacuate Collection Set: 1.9ms
[2024-05-30T14:23:32.649+0000][13752.068s][info][gc,phases   ] GC(2942)   Other: 0.2ms
[2024-05-30T14:23:32.649+0000][13752.068s][info][gc,heap     ] GC(2942) Eden regions: 864->0(865)
[2024-05-30T14:23:32.649+0000][13752.068s][info][gc,heap     ] GC(2942) Survivor regions: 8->8(109)
[2024-05-30T14:23:32.649+0000][13752.068s][info][gc,heap     ] GC(2942) Old regions: 336->336
[2024-05-30T14:23:32.649+0000][13752.068s][info][gc,heap     ] GC(2942) Archive regions: 2->2
[2024-05-30T14:23:32.649+0000][13752.068s][info][gc,heap     ] GC(2942) Humongous regions: 5->5
[2024-05-30T14:23:32.649+0000][13752.068s][info][gc,metaspace] GC(2942) Metaspace: 434063K(440192K)->434063K(440192K) NonClass: 380057K(383360K)->380057K(383360K) Class: 54006K(56832K)->54006K(56832K)
[2024-05-30T14:23:32.649+0000][13752.069s][info][gc          ] GC(2942) Pause Young (Normal) (G1 Evacuation Pause) 9705M->2787M(12288M) 17.749ms
[2024-05-30T14:23:32.649+0000][13752.069s][info][gc,cpu      ] GC(2942) User=0.10s Sys=0.00s Real=0.02s
[2024-05-30T14:23:37.769+0000][13757.189s][info][gc,start    ] GC(2943) Pause Young (Concurrent Start) (G1 Evacuation Pause)
[2024-05-30T14:23:37.769+0000][13757.189s][info][gc,task     ] GC(2943) Using 6 workers of 6 for evacuation
[2024-05-30T14:23:37.791+0000][13757.210s][info][gc,phases   ] GC(2943)   Pre Evacuate Collection Set: 0.6ms
[2024-05-30T14:23:37.791+0000][13757.210s][info][gc,phases   ] GC(2943)   Merge Heap Roots: 0.3ms
[2024-05-30T14:23:37.791+0000][13757.210s][info][gc,phases   ] GC(2943)   Evacuate Collection Set: 18.4ms
[2024-05-30T14:23:37.791+0000][13757.210s][info][gc,phases   ] GC(2943)   Post Evacuate Collection Set: 1.8ms
[2024-05-30T14:23:37.791+0000][13757.210s][info][gc,phases   ] GC(2943)   Other: 0.3ms
[2024-05-30T14:23:37.791+0000][13757.210s][info][gc,heap     ] GC(2943) Eden regions: 865->0(864)
[2024-05-30T14:23:37.791+0000][13757.210s][info][gc,heap     ] GC(2943) Survivor regions: 8->9(110)
[2024-05-30T14:23:37.791+0000][13757.210s][info][gc,heap     ] GC(2943) Old regions: 336->336
[2024-05-30T14:23:37.791+0000][13757.210s][info][gc,heap     ] GC(2943) Archive regions: 2->2
[2024-05-30T14:23:37.791+0000][13757.210s][info][gc,heap     ] GC(2943) Humongous regions: 5->5
[2024-05-30T14:23:37.791+0000][13757.210s][info][gc,metaspace] GC(2943) Metaspace: 434063K(440192K)->434063K(440192K) NonClass: 380057K(383360K)->380057K(383360K) Class: 54006K(56832K)->54006K(56832K)
[2024-05-30T14:23:37.791+0000][13757.210s][info][gc          ] GC(2943) Pause Young (Concurrent Start) (G1 Evacuation Pause) 9707M->2801M(12288M) 21.327ms
[2024-05-30T14:23:37.791+0000][13757.210s][info][gc,cpu      ] GC(2943) User=0.12s Sys=0.00s Real=0.02s
[2024-05-30T14:23:37.791+0000][13757.210s][info][gc          ] GC(2944) Concurrent Mark Cycle
[2024-05-30T14:23:37.791+0000][13757.210s][info][gc,marking  ] GC(2944) Concurrent Clear Claimed Marks
[2024-05-30T14:23:37.791+0000][13757.210s][info][gc,marking  ] GC(2944) Concurrent Clear Claimed Marks 0.376ms
[2024-05-30T14:23:37.791+0000][13757.210s][info][gc,marking  ] GC(2944) Concurrent Scan Root Regions
[2024-05-30T14:23:37.806+0000][13757.225s][info][gc,marking  ] GC(2944) Concurrent Scan Root Regions 14.971ms
[2024-05-30T14:23:37.806+0000][13757.225s][info][gc,marking  ] GC(2944) Concurrent Mark
[2024-05-30T14:23:37.806+0000][13757.225s][info][gc,marking  ] GC(2944) Concurrent Mark From Roots
[2024-05-30T14:23:37.806+0000][13757.225s][info][gc,task     ] GC(2944) Using 2 workers of 2 for marking
[2024-05-30T14:23:40.501+0000][13759.921s][info][gc,marking  ] GC(2944) Concurrent Mark From Roots 2695.298ms
[2024-05-30T14:23:40.502+0000][13759.921s][info][gc,marking  ] GC(2944) Concurrent Preclean
[2024-05-30T14:23:40.503+0000][13759.922s][info][gc,marking  ] GC(2944) Concurrent Preclean 1.543ms
[2024-05-30T14:23:40.503+0000][13759.923s][info][gc,start    ] GC(2944) Pause Remark
[2024-05-30T14:23:40.527+0000][13759.947s][info][gc          ] GC(2944) Pause Remark 6013M->6013M(12288M) 23.974ms
[2024-05-30T14:23:40.527+0000][13759.947s][info][gc,cpu      ] GC(2944) User=0.10s Sys=0.00s Real=0.02s
[2024-05-30T14:23:40.527+0000][13759.947s][info][gc,marking  ] GC(2944) Concurrent Mark 2721.233ms
[2024-05-30T14:23:40.527+0000][13759.947s][info][gc,marking  ] GC(2944) Concurrent Rebuild Remembered Sets
[2024-05-30T14:23:42.180+0000][13761.600s][info][gc,marking  ] GC(2944) Concurrent Rebuild Remembered Sets 1652.818ms
[2024-05-30T14:23:42.180+0000][13761.600s][info][gc,start    ] GC(2944) Pause Cleanup
[2024-05-30T14:23:42.181+0000][13761.600s][info][gc          ] GC(2944) Pause Cleanup 8125M->8125M(12288M) 0.466ms
[2024-05-30T14:23:42.181+0000][13761.600s][info][gc,cpu      ] GC(2944) User=0.00s Sys=0.00s Real=0.00s
[2024-05-30T14:23:42.181+0000][13761.600s][info][gc,marking  ] GC(2944) Concurrent Cleanup for Next Mark
[2024-05-30T14:23:42.210+0000][13761.629s][info][gc,marking  ] GC(2944) Concurrent Cleanup for Next Mark 28.494ms
[2024-05-30T14:23:42.210+0000][13761.629s][info][gc          ] GC(2944) Concurrent Mark Cycle 4418.865ms
[2024-05-30T14:23:43.305+0000][13762.724s][info][gc,start    ] GC(2945) Pause Young (Prepare Mixed) (G1 Evacuation Pause)
[2024-05-30T14:23:43.305+0000][13762.724s][info][gc,task     ] GC(2945) Using 6 workers of 6 for evacuation
[2024-05-30T14:23:43.329+0000][13762.748s][info][gc,phases   ] GC(2945)   Pre Evacuate Collection Set: 0.2ms
[2024-05-30T14:23:43.329+0000][13762.748s][info][gc,phases   ] GC(2945)   Merge Heap Roots: 0.3ms
[2024-05-30T14:23:43.329+0000][13762.748s][info][gc,phases   ] GC(2945)   Evacuate Collection Set: 21.3ms
[2024-05-30T14:23:43.329+0000][13762.748s][info][gc,phases   ] GC(2945)   Post Evacuate Collection Set: 1.8ms
[2024-05-30T14:23:43.329+0000][13762.748s][info][gc,phases   ] GC(2945)   Other: 0.2ms
[2024-05-30T14:23:43.329+0000][13762.748s][info][gc,heap     ] GC(2945) Eden regions: 864->0(65)
[2024-05-30T14:23:43.329+0000][13762.748s][info][gc,heap     ] GC(2945) Survivor regions: 9->11(110)
[2024-05-30T14:23:43.329+0000][13762.748s][info][gc,heap     ] GC(2945) Old regions: 336->336
[2024-05-30T14:23:43.329+0000][13762.748s][info][gc,heap     ] GC(2945) Archive regions: 2->2
[2024-05-30T14:23:43.329+0000][13762.748s][info][gc,heap     ] GC(2945) Humongous regions: 5->5
[2024-05-30T14:23:43.329+0000][13762.748s][info][gc,metaspace] GC(2945) Metaspace: 434063K(440192K)->434063K(440192K) NonClass: 380057K(383360K)->380057K(383360K) Class: 54006K(56832K)->54006K(56832K)
[2024-05-30T14:23:43.329+0000][13762.748s][info][gc          ] GC(2945) Pause Young (Prepare Mixed) (G1 Evacuation Pause) 9713M->2811M(12288M) 23.898ms
[2024-05-30T14:23:43.329+0000][13762.748s][info][gc,cpu      ] GC(2945) User=0.14s Sys=0.00s Real=0.03s
[2024-05-30T14:23:43.696+0000][13763.116s][info][gc,start    ] GC(2946) Pause Young (Mixed) (G1 Evacuation Pause)
[2024-05-30T14:23:43.697+0000][13763.116s][info][gc,task     ] GC(2946) Using 6 workers of 6 for evacuation
[2024-05-30T14:23:43.752+0000][13763.172s][info][gc,phases   ] GC(2946)   Pre Evacuate Collection Set: 0.2ms
[2024-05-30T14:23:43.752+0000][13763.172s][info][gc,phases   ] GC(2946)   Merge Heap Roots: 0.4ms
[2024-05-30T14:23:43.752+0000][13763.172s][info][gc,phases   ] GC(2946)   Evacuate Collection Set: 53.9ms
[2024-05-30T14:23:43.752+0000][13763.172s][info][gc,phases   ] GC(2946)   Post Evacuate Collection Set: 1.3ms
[2024-05-30T14:23:43.752+0000][13763.172s][info][gc,phases   ] GC(2946)   Other: 0.2ms
[2024-05-30T14:23:43.752+0000][13763.172s][info][gc,heap     ] GC(2946) Eden regions: 65->0(866)
[2024-05-30T14:23:43.752+0000][13763.172s][info][gc,heap     ] GC(2946) Survivor regions: 11->5(10)
[2024-05-30T14:23:43.752+0000][13763.172s][info][gc,heap     ] GC(2946) Old regions: 336->338
[2024-05-30T14:23:43.752+0000][13763.172s][info][gc,heap     ] GC(2946) Archive regions: 2->2
[2024-05-30T14:23:43.752+0000][13763.172s][info][gc,heap     ] GC(2946) Humongous regions: 5->5
[2024-05-30T14:23:43.752+0000][13763.172s][info][gc,metaspace] GC(2946) Metaspace: 434063K(440192K)->434063K(440192K) NonClass: 380057K(383360K)->380057K(383360K) Class: 54006K(56832K)->54006K(56832K)
[2024-05-30T14:23:43.752+0000][13763.172s][info][gc          ] GC(2946) Pause Young (Mixed) (G1 Evacuation Pause) 3331M->2782M(12288M) 55.941ms
[2024-05-30T14:23:43.752+0000][13763.172s][info][gc,cpu      ] GC(2946) User=0.33s Sys=0.00s Real=0.05s
[2024-05-30T14:23:48.797+0000][13768.216s][info][gc,start    ] GC(2947) Pause Young (Normal) (G1 Evacuation Pause)
[2024-05-30T14:23:48.797+0000][13768.216s][info][gc,task     ] GC(2947) Using 6 workers of 6 for evacuation
[2024-05-30T14:23:48.808+0000][13768.228s][info][gc,phases   ] GC(2947)   Pre Evacuate Collection Set: 0.2ms
[2024-05-30T14:23:48.808+0000][13768.228s][info][gc,phases   ] GC(2947)   Merge Heap Roots: 0.2ms
[2024-05-30T14:23:48.808+0000][13768.228s][info][gc,phases   ] GC(2947)   Evacuate Collection Set: 9.2ms
[2024-05-30T14:23:48.808+0000][13768.228s][info][gc,phases   ] GC(2947)   Post Evacuate Collection Set: 1.8ms
[2024-05-30T14:23:48.808+0000][13768.228s][info][gc,phases   ] GC(2947)   Other: 0.2ms
[2024-05-30T14:23:48.808+0000][13768.228s][info][gc,heap     ] GC(2947) Eden regions: 866->0(865)
[2024-05-30T14:23:48.808+0000][13768.228s][info][gc,heap     ] GC(2947) Survivor regions: 5->6(109)
[2024-05-30T14:23:48.808+0000][13768.228s][info][gc,heap     ] GC(2947) Old regions: 338->338
[2024-05-30T14:23:48.808+0000][13768.228s][info][gc,heap     ] GC(2947) Archive regions: 2->2
[2024-05-30T14:23:48.808+0000][13768.228s][info][gc,heap     ] GC(2947) Humongous regions: 5->5
[2024-05-30T14:23:48.808+0000][13768.228s][info][gc,metaspace] GC(2947) Metaspace: 434063K(440192K)->434063K(440192K) NonClass: 380057K(383360K)->380057K(383360K) Class: 54006K(56832K)->54006K(56832K)
[2024-05-30T14:23:48.809+0000][13768.228s][info][gc          ] GC(2947) Pause Young (Normal) (G1 Evacuation Pause) 9710M->2786M(12288M) 11.651ms
[2024-05-30T14:23:48.809+0000][13768.228s][info][gc,cpu      ] GC(2947) User=0.06s Sys=0.01s Real=0.01s
[2024-05-30T14:23:53.825+0000][13773.244s][info][gc,start    ] GC(2948) Pause Young (Normal) (G1 Evacuation Pause)
[2024-05-30T14:23:53.825+0000][13773.244s][info][gc,task     ] GC(2948) Using 6 workers of 6 for evacuation
[2024-05-30T14:23:53.841+0000][13773.260s][info][gc,phases   ] GC(2948)   Pre Evacuate Collection Set: 0.2ms
[2024-05-30T14:23:53.841+0000][13773.260s][info][gc,phases   ] GC(2948)   Merge Heap Roots: 0.2ms
[2024-05-30T14:23:53.841+0000][13773.260s][info][gc,phases   ] GC(2948)   Evacuate Collection Set: 13.0ms
[2024-05-30T14:23:53.841+0000][13773.260s][info][gc,phases   ] GC(2948)   Post Evacuate Collection Set: 2.1ms
[2024-05-30T14:23:53.841+0000][13773.260s][info][gc,phases   ] GC(2948)   Other: 0.2ms
[2024-05-30T14:23:53.841+0000][13773.260s][info][gc,heap     ] GC(2948) Eden regions: 865->0(862)
[2024-05-30T14:23:53.841+0000][13773.260s][info][gc,heap     ] GC(2948) Survivor regions: 6->8(109)
[2024-05-30T14:23:53.841+0000][13773.260s][info][gc,heap     ] GC(2948) Old regions: 338->338
[2024-05-30T14:23:53.841+0000][13773.260s][info][gc,heap     ] GC(2948) Archive regions: 2->2
[2024-05-30T14:23:53.841+0000][13773.260s][info][gc,heap     ] GC(2948) Humongous regions: 5->5
[2024-05-30T14:23:53.841+0000][13773.260s][info][gc,metaspace] GC(2948) Metaspace: 434064K(440192K)->434064K(440192K) NonClass: 380058K(383360K)->380058K(383360K) Class: 54006K(56832K)->54006K(56832K)
[2024-05-30T14:23:53.841+0000][13773.260s][info][gc          ] GC(2948) Pause Young (Normal) (G1 Evacuation Pause) 9706M->2805M(12288M) 15.788ms
[2024-05-30T14:23:53.841+0000][13773.260s][info][gc,cpu      ] GC(2948) User=0.09s Sys=0.00s Real=0.02s
[2024-05-30T14:23:58.592+0000][13778.011s][info][gc,start    ] GC(2949) Pause Young (Concurrent Start) (G1 Evacuation Pause)
[2024-05-30T14:23:58.592+0000][13778.011s][info][gc,task     ] GC(2949) Using 6 workers of 6 for evacuation
[2024-05-30T14:23:58.611+0000][13778.031s][info][gc,phases   ] GC(2949)   Pre Evacuate Collection Set: 0.6ms
[2024-05-30T14:23:58.611+0000][13778.031s][info][gc,phases   ] GC(2949)   Merge Heap Roots: 0.2ms
[2024-05-30T14:23:58.611+0000][13778.031s][info][gc,phases   ] GC(2949)   Evacuate Collection Set: 16.5ms
[2024-05-30T14:23:58.611+0000][13778.031s][info][gc,phases   ] GC(2949)   Post Evacuate Collection Set: 2.0ms
[2024-05-30T14:23:58.611+0000][13778.031s][info][gc,phases   ] GC(2949)   Other: 0.3ms
[2024-05-30T14:23:58.611+0000][13778.031s][info][gc,heap     ] GC(2949) Eden regions: 862->0(863)
[2024-05-30T14:23:58.611+0000][13778.031s][info][gc,heap     ] GC(2949) Survivor regions: 8->7(109)
[2024-05-30T14:23:58.611+0000][13778.031s][info][gc,heap     ] GC(2949) Old regions: 338->338
[2024-05-30T14:23:58.611+0000][13778.031s][info][gc,heap     ] GC(2949) Archive regions: 2->2
[2024-05-30T14:23:58.611+0000][13778.031s][info][gc,heap     ] GC(2949) Humongous regions: 5->5
[2024-05-30T14:23:58.611+0000][13778.031s][info][gc,metaspace] GC(2949) Metaspace: 434066K(440192K)->434066K(440192K) NonClass: 380059K(383360K)->380059K(383360K) Class: 54006K(56832K)->54006K(56832K)
[2024-05-30T14:23:58.611+0000][13778.031s][info][gc          ] GC(2949) Pause Young (Concurrent Start) (G1 Evacuation Pause) 9701M->2798M(12288M) 19.567ms
[2024-05-30T14:23:58.612+0000][13778.031s][info][gc,cpu      ] GC(2949) User=0.11s Sys=0.00s Real=0.02s
[2024-05-30T14:23:58.612+0000][13778.031s][info][gc          ] GC(2950) Concurrent Mark Cycle
[2024-05-30T14:23:58.612+0000][13778.031s][info][gc,marking  ] GC(2950) Concurrent Clear Claimed Marks
[2024-05-30T14:23:58.612+0000][13778.031s][info][gc,marking  ] GC(2950) Concurrent Clear Claimed Marks 0.388ms
[2024-05-30T14:23:58.612+0000][13778.031s][info][gc,marking  ] GC(2950) Concurrent Scan Root Regions
[2024-05-30T14:23:58.625+0000][13778.044s][info][gc,marking  ] GC(2950) Concurrent Scan Root Regions 12.996ms
[2024-05-30T14:23:58.625+0000][13778.044s][info][gc,marking  ] GC(2950) Concurrent Mark
[2024-05-30T14:23:58.625+0000][13778.044s][info][gc,marking  ] GC(2950) Concurrent Mark From Roots
[2024-05-30T14:23:58.625+0000][13778.044s][info][gc,task     ] GC(2950) Using 2 workers of 2 for marking
[2024-05-30T14:24:01.311+0000][13780.731s][info][gc,marking  ] GC(2950) Concurrent Mark From Roots 2686.268ms
[2024-05-30T14:24:01.311+0000][13780.731s][info][gc,marking  ] GC(2950) Concurrent Preclean
[2024-05-30T14:24:01.313+0000][13780.732s][info][gc,marking  ] GC(2950) Concurrent Preclean 1.547ms
[2024-05-30T14:24:01.313+0000][13780.732s][info][gc,start    ] GC(2950) Pause Remark
[2024-05-30T14:24:01.337+0000][13780.756s][info][gc          ] GC(2950) Pause Remark 5982M->5982M(12288M) 24.140ms
[2024-05-30T14:24:01.337+0000][13780.757s][info][gc,cpu      ] GC(2950) User=0.11s Sys=0.00s Real=0.03s
[2024-05-30T14:24:01.338+0000][13780.757s][info][gc,marking  ] GC(2950) Concurrent Mark 2712.476ms
[2024-05-30T14:24:01.338+0000][13780.757s][info][gc,marking  ] GC(2950) Concurrent Rebuild Remembered Sets
[2024-05-30T14:24:02.834+0000][13782.253s][info][gc,marking  ] GC(2950) Concurrent Rebuild Remembered Sets 1496.263ms
[2024-05-30T14:24:02.834+0000][13782.253s][info][gc,start    ] GC(2950) Pause Cleanup
[2024-05-30T14:24:02.834+0000][13782.254s][info][gc          ] GC(2950) Pause Cleanup 7794M->7794M(12288M) 0.465ms
[2024-05-30T14:24:02.835+0000][13782.254s][info][gc,cpu      ] GC(2950) User=0.00s Sys=0.00s Real=0.00s
[2024-05-30T14:24:02.835+0000][13782.254s][info][gc,marking  ] GC(2950) Concurrent Cleanup for Next Mark
[2024-05-30T14:24:02.851+0000][13782.271s][info][gc,marking  ] GC(2950) Concurrent Cleanup for Next Mark 16.850ms
[2024-05-30T14:24:02.851+0000][13782.271s][info][gc          ] GC(2950) Concurrent Mark Cycle 4239.905ms
[2024-05-30T14:24:04.208+0000][13783.627s][info][gc,start    ] GC(2951) Pause Young (Prepare Mixed) (G1 Evacuation Pause)
[2024-05-30T14:24:04.208+0000][13783.627s][info][gc,task     ] GC(2951) Using 6 workers of 6 for evacuation
[2024-05-30T14:24:04.230+0000][13783.649s][info][gc,phases   ] GC(2951)   Pre Evacuate Collection Set: 0.2ms
[2024-05-30T14:24:04.230+0000][13783.649s][info][gc,phases   ] GC(2951)   Merge Heap Roots: 0.4ms
[2024-05-30T14:24:04.230+0000][13783.649s][info][gc,phases   ] GC(2951)   Evacuate Collection Set: 20.1ms
[2024-05-30T14:24:04.230+0000][13783.649s][info][gc,phases   ] GC(2951)   Post Evacuate Collection Set: 1.8ms
[2024-05-30T14:24:04.230+0000][13783.649s][info][gc,phases   ] GC(2951)   Other: 0.2ms
[2024-05-30T14:24:04.230+0000][13783.649s][info][gc,heap     ] GC(2951) Eden regions: 863->0(68)
[2024-05-30T14:24:04.230+0000][13783.649s][info][gc,heap     ] GC(2951) Survivor regions: 7->8(109)
[2024-05-30T14:24:04.230+0000][13783.649s][info][gc,heap     ] GC(2951) Old regions: 338->338
[2024-05-30T14:24:04.230+0000][13783.649s][info][gc,heap     ] GC(2951) Archive regions: 2->2
[2024-05-30T14:24:04.230+0000][13783.649s][info][gc,heap     ] GC(2951) Humongous regions: 5->5
[2024-05-30T14:24:04.230+0000][13783.649s][info][gc,metaspace] GC(2951) Metaspace: 434066K(440192K)->434066K(440192K) NonClass: 380059K(383360K)->380059K(383360K) Class: 54006K(56832K)->54006K(56832K)
[2024-05-30T14:24:04.230+0000][13783.649s][info][gc          ] GC(2951) Pause Young (Prepare Mixed) (G1 Evacuation Pause) 9702M->2806M(12288M) 22.662ms
[2024-05-30T14:24:04.230+0000][13783.649s][info][gc,cpu      ] GC(2951) User=0.13s Sys=0.00s Real=0.03s
[2024-05-30T14:24:04.620+0000][13784.039s][info][gc,start    ] GC(2952) Pause Young (Mixed) (G1 Evacuation Pause)
[2024-05-30T14:24:04.620+0000][13784.039s][info][gc,task     ] GC(2952) Using 6 workers of 6 for evacuation
[2024-05-30T14:24:04.672+0000][13784.091s][info][gc,phases   ] GC(2952)   Pre Evacuate Collection Set: 0.2ms
[2024-05-30T14:24:04.672+0000][13784.091s][info][gc,phases   ] GC(2952)   Merge Heap Roots: 0.4ms
[2024-05-30T14:24:04.672+0000][13784.091s][info][gc,phases   ] GC(2952)   Evacuate Collection Set: 49.8ms
[2024-05-30T14:24:04.672+0000][13784.091s][info][gc,phases   ] GC(2952)   Post Evacuate Collection Set: 1.3ms
[2024-05-30T14:24:04.672+0000][13784.091s][info][gc,phases   ] GC(2952)   Other: 0.2ms
[2024-05-30T14:24:04.672+0000][13784.091s][info][gc,heap     ] GC(2952) Eden regions: 68->0(867)
[2024-05-30T14:24:04.672+0000][13784.091s][info][gc,heap     ] GC(2952) Survivor regions: 8->5(10)
[2024-05-30T14:24:04.672+0000][13784.091s][info][gc,heap     ] GC(2952) Old regions: 338->337
[2024-05-30T14:24:04.672+0000][13784.091s][info][gc,heap     ] GC(2952) Archive regions: 2->2
[2024-05-30T14:24:04.672+0000][13784.091s][info][gc,heap     ] GC(2952) Humongous regions: 5->5
[2024-05-30T14:24:04.672+0000][13784.091s][info][gc,metaspace] GC(2952) Metaspace: 434066K(440192K)->434066K(440192K) NonClass: 380059K(383360K)->380059K(383360K) Class: 54006K(56832K)->54006K(56832K)
[2024-05-30T14:24:04.672+0000][13784.091s][info][gc          ] GC(2952) Pause Young (Mixed) (G1 Evacuation Pause) 3350M->2778M(12288M) 51.964ms
[2024-05-30T14:24:04.672+0000][13784.091s][info][gc,cpu      ] GC(2952) User=0.31s Sys=0.00s Real=0.05s
[2024-05-30T14:24:09.692+0000][13789.111s][info][gc,start    ] GC(2953) Pause Young (Normal) (G1 Evacuation Pause)
[2024-05-30T14:24:09.692+0000][13789.111s][info][gc,task     ] GC(2953) Using 6 workers of 6 for evacuation
[2024-05-30T14:24:09.707+0000][13789.126s][info][gc,phases   ] GC(2953)   Pre Evacuate Collection Set: 0.2ms
[2024-05-30T14:24:09.707+0000][13789.126s][info][gc,phases   ] GC(2953)   Merge Heap Roots: 0.2ms
[2024-05-30T14:24:09.707+0000][13789.126s][info][gc,phases   ] GC(2953)   Evacuate Collection Set: 12.3ms
[2024-05-30T14:24:09.707+0000][13789.126s][info][gc,phases   ] GC(2953)   Post Evacuate Collection Set: 1.7ms
[2024-05-30T14:24:09.707+0000][13789.126s][info][gc,phases   ] GC(2953)   Other: 0.2ms
[2024-05-30T14:24:09.707+0000][13789.126s][info][gc,heap     ] GC(2953) Eden regions: 867->0(864)
[2024-05-30T14:24:09.707+0000][13789.126s][info][gc,heap     ] GC(2953) Survivor regions: 5->7(109)
[2024-05-30T14:24:09.707+0000][13789.126s][info][gc,heap     ] GC(2953) Old regions: 337->337
[2024-05-30T14:24:09.707+0000][13789.126s][info][gc,heap     ] GC(2953) Archive regions: 2->2
[2024-05-30T14:24:09.707+0000][13789.126s][info][gc,heap     ] GC(2953) Humongous regions: 5->5
[2024-05-30T14:24:09.707+0000][13789.126s][info][gc,metaspace] GC(2953) Metaspace: 434066K(440192K)->434066K(440192K) NonClass: 380059K(383360K)->380059K(383360K) Class: 54006K(56832K)->54006K(56832K)
[2024-05-30T14:24:09.707+0000][13789.126s][info][gc          ] GC(2953) Pause Young (Normal) (G1 Evacuation Pause) 9714M->2794M(12288M) 14.784ms
[2024-05-30T14:24:09.707+0000][13789.126s][info][gc,cpu      ] GC(2953) User=0.09s Sys=0.00s Real=0.01s
[2024-05-30T14:24:14.709+0000][13794.128s][info][gc,start    ] GC(2954) Pause Young (Normal) (G1 Evacuation Pause)
[2024-05-30T14:24:14.709+0000][13794.128s][info][gc,task     ] GC(2954) Using 6 workers of 6 for evacuation
[2024-05-30T14:24:14.725+0000][13794.144s][info][gc,phases   ] GC(2954)   Pre Evacuate Collection Set: 0.2ms
[2024-05-30T14:24:14.725+0000][13794.144s][info][gc,phases   ] GC(2954)   Merge Heap Roots: 0.3ms
[2024-05-30T14:24:14.725+0000][13794.144s][info][gc,phases   ] GC(2954)   Evacuate Collection Set: 13.6ms
[2024-05-30T14:24:14.725+0000][13794.144s][info][gc,phases   ] GC(2954)   Post Evacuate Collection Set: 1.8ms
[2024-05-30T14:24:14.725+0000][13794.144s][info][gc,phases   ] GC(2954)   Other: 0.2ms
[2024-05-30T14:24:14.725+0000][13794.144s][info][gc,heap     ] GC(2954) Eden regions: 864->0(863)
[2024-05-30T14:24:14.725+0000][13794.144s][info][gc,heap     ] GC(2954) Survivor regions: 7->8(109)
[2024-05-30T14:24:14.725+0000][13794.144s][info][gc,heap     ] GC(2954) Old regions: 337->337
[2024-05-30T14:24:14.725+0000][13794.144s][info][gc,heap     ] GC(2954) Archive regions: 2->2
[2024-05-30T14:24:14.725+0000][13794.144s][info][gc,heap     ] GC(2954) Humongous regions: 5->5
[2024-05-30T14:24:14.725+0000][13794.144s][info][gc,metaspace] GC(2954) Metaspace: 434066K(440192K)->434066K(440192K) NonClass: 380059K(383360K)->380059K(383360K) Class: 54006K(56832K)->54006K(56832K)
[2024-05-30T14:24:14.725+0000][13794.144s][info][gc          ] GC(2954) Pause Young (Normal) (G1 Evacuation Pause) 9706M->2797M(12288M) 16.046ms
[2024-05-30T14:24:14.725+0000][13794.144s][info][gc,cpu      ] GC(2954) User=0.09s Sys=0.00s Real=0.01s
[2024-05-30T14:24:19.701+0000][13799.120s][info][gc,start    ] GC(2955) Pause Young (Concurrent Start) (G1 Evacuation Pause)
[2024-05-30T14:24:19.701+0000][13799.120s][info][gc,task     ] GC(2955) Using 6 workers of 6 for evacuation
[2024-05-30T14:24:19.720+0000][13799.139s][info][gc,phases   ] GC(2955)   Pre Evacuate Collection Set: 0.5ms
[2024-05-30T14:24:19.720+0000][13799.139s][info][gc,phases   ] GC(2955)   Merge Heap Roots: 0.2ms
[2024-05-30T14:24:19.720+0000][13799.139s][info][gc,phases   ] GC(2955)   Evacuate Collection Set: 16.1ms
[2024-05-30T14:24:19.720+0000][13799.139s][info][gc,phases   ] GC(2955)   Post Evacuate Collection Set: 1.8ms
[2024-05-30T14:24:19.720+0000][13799.139s][info][gc,phases   ] GC(2955)   Other: 0.3ms
[2024-05-30T14:24:19.720+0000][13799.139s][info][gc,heap     ] GC(2955) Eden regions: 863->0(863)
[2024-05-30T14:24:19.720+0000][13799.139s][info][gc,heap     ] GC(2955) Survivor regions: 8->9(109)
[2024-05-30T14:24:19.720+0000][13799.139s][info][gc,heap     ] GC(2955) Old regions: 337->337
[2024-05-30T14:24:19.720+0000][13799.139s][info][gc,heap     ] GC(2955) Archive regions: 2->2
[2024-05-30T14:24:19.720+0000][13799.139s][info][gc,heap     ] GC(2955) Humongous regions: 5->5
[2024-05-30T14:24:19.720+0000][13799.139s][info][gc,metaspace] GC(2955) Metaspace: 434066K(440192K)->434066K(440192K) NonClass: 380059K(383360K)->380059K(383360K) Class: 54006K(56832K)->54006K(56832K)
[2024-05-30T14:24:19.720+0000][13799.139s][info][gc          ] GC(2955) Pause Young (Concurrent Start) (G1 Evacuation Pause) 9701M->2807M(12288M) 19.022ms
[2024-05-30T14:24:19.720+0000][13799.139s][info][gc,cpu      ] GC(2955) User=0.11s Sys=0.00s Real=0.02s
[2024-05-30T14:24:19.720+0000][13799.139s][info][gc          ] GC(2956) Concurrent Mark Cycle
[2024-05-30T14:24:19.720+0000][13799.139s][info][gc,marking  ] GC(2956) Concurrent Clear Claimed Marks
[2024-05-30T14:24:19.720+0000][13799.139s][info][gc,marking  ] GC(2956) Concurrent Clear Claimed Marks 0.373ms
[2024-05-30T14:24:19.720+0000][13799.139s][info][gc,marking  ] GC(2956) Concurrent Scan Root Regions
[2024-05-30T14:24:19.759+0000][13799.178s][info][gc,marking  ] GC(2956) Concurrent Scan Root Regions 38.870ms
[2024-05-30T14:24:19.759+0000][13799.178s][info][gc,marking  ] GC(2956) Concurrent Mark
[2024-05-30T14:24:19.759+0000][13799.178s][info][gc,marking  ] GC(2956) Concurrent Mark From Roots
[2024-05-30T14:24:19.759+0000][13799.178s][info][gc,task     ] GC(2956) Using 2 workers of 2 for marking
[2024-05-30T14:24:22.464+0000][13801.883s][info][gc,marking  ] GC(2956) Concurrent Mark From Roots 2704.426ms
[2024-05-30T14:24:22.464+0000][13801.883s][info][gc,marking  ] GC(2956) Concurrent Preclean
[2024-05-30T14:24:22.465+0000][13801.884s][info][gc,marking  ] GC(2956) Concurrent Preclean 1.569ms
[2024-05-30T14:24:22.465+0000][13801.885s][info][gc,start    ] GC(2956) Pause Remark
[2024-05-30T14:24:22.490+0000][13801.909s][info][gc          ] GC(2956) Pause Remark 6091M->6091M(12288M) 24.362ms
[2024-05-30T14:24:22.490+0000][13801.909s][info][gc,cpu      ] GC(2956) User=0.11s Sys=0.00s Real=0.03s
[2024-05-30T14:24:22.490+0000][13801.909s][info][gc,marking  ] GC(2956) Concurrent Mark 2730.796ms
[2024-05-30T14:24:22.490+0000][13801.909s][info][gc,marking  ] GC(2956) Concurrent Rebuild Remembered Sets
[2024-05-30T14:24:23.994+0000][13803.414s][info][gc,marking  ] GC(2956) Concurrent Rebuild Remembered Sets 1504.341ms
[2024-05-30T14:24:23.994+0000][13803.414s][info][gc,start    ] GC(2956) Pause Cleanup
[2024-05-30T14:24:23.995+0000][13803.414s][info][gc          ] GC(2956) Pause Cleanup 7923M->7923M(12288M) 0.488ms
[2024-05-30T14:24:23.995+0000][13803.414s][info][gc,cpu      ] GC(2956) User=0.00s Sys=0.00s Real=0.00s
[2024-05-30T14:24:23.995+0000][13803.414s][info][gc,marking  ] GC(2956) Concurrent Cleanup for Next Mark
[2024-05-30T14:24:24.012+0000][13803.431s][info][gc,marking  ] GC(2956) Concurrent Cleanup for Next Mark 16.534ms
[2024-05-30T14:24:24.012+0000][13803.431s][info][gc          ] GC(2956) Concurrent Mark Cycle 4291.879ms
[2024-05-30T14:24:25.265+0000][13804.684s][info][gc,start    ] GC(2957) Pause Young (Prepare Mixed) (G1 Evacuation Pause)
[2024-05-30T14:24:25.265+0000][13804.684s][info][gc,task     ] GC(2957) Using 6 workers of 6 for evacuation
[2024-05-30T14:24:25.288+0000][13804.708s][info][gc,phases   ] GC(2957)   Pre Evacuate Collection Set: 0.2ms
[2024-05-30T14:24:25.288+0000][13804.708s][info][gc,phases   ] GC(2957)   Merge Heap Roots: 0.3ms
[2024-05-30T14:24:25.288+0000][13804.708s][info][gc,phases   ] GC(2957)   Evacuate Collection Set: 20.3ms
[2024-05-30T14:24:25.288+0000][13804.708s][info][gc,phases   ] GC(2957)   Post Evacuate Collection Set: 2.0ms
[2024-05-30T14:24:25.288+0000][13804.708s][info][gc,phases   ] GC(2957)   Other: 0.3ms
[2024-05-30T14:24:25.288+0000][13804.708s][info][gc,heap     ] GC(2957) Eden regions: 863->0(65)
[2024-05-30T14:24:25.288+0000][13804.708s][info][gc,heap     ] GC(2957) Survivor regions: 9->11(109)
[2024-05-30T14:24:25.288+0000][13804.708s][info][gc,heap     ] GC(2957) Old regions: 337->337
[2024-05-30T14:24:25.288+0000][13804.708s][info][gc,heap     ] GC(2957) Archive regions: 2->2
[2024-05-30T14:24:25.288+0000][13804.708s][info][gc,heap     ] GC(2957) Humongous regions: 5->5
[2024-05-30T14:24:25.288+0000][13804.708s][info][gc,metaspace] GC(2957) Metaspace: 434066K(440192K)->434066K(440192K) NonClass: 380059K(383360K)->380059K(383360K) Class: 54006K(56832K)->54006K(56832K)
[2024-05-30T14:24:25.288+0000][13804.708s][info][gc          ] GC(2957) Pause Young (Prepare Mixed) (G1 Evacuation Pause) 9711M->2824M(12288M) 23.223ms
[2024-05-30T14:24:25.289+0000][13804.708s][info][gc,cpu      ] GC(2957) User=0.13s Sys=0.00s Real=0.03s
[2024-05-30T14:24:25.670+0000][13805.089s][info][gc,start    ] GC(2958) Pause Young (Mixed) (G1 Evacuation Pause)
[2024-05-30T14:24:25.670+0000][13805.089s][info][gc,task     ] GC(2958) Using 6 workers of 6 for evacuation
[2024-05-30T14:24:25.728+0000][13805.148s][info][gc,phases   ] GC(2958)   Pre Evacuate Collection Set: 0.2ms
[2024-05-30T14:24:25.728+0000][13805.148s][info][gc,phases   ] GC(2958)   Merge Heap Roots: 0.3ms
[2024-05-30T14:24:25.728+0000][13805.148s][info][gc,phases   ] GC(2958)   Evacuate Collection Set: 56.8ms
[2024-05-30T14:24:25.728+0000][13805.148s][info][gc,phases   ] GC(2958)   Post Evacuate Collection Set: 1.5ms
[2024-05-30T14:24:25.728+0000][13805.148s][info][gc,phases   ] GC(2958)   Other: 0.2ms
[2024-05-30T14:24:25.728+0000][13805.148s][info][gc,heap     ] GC(2958) Eden regions: 65->0(861)
[2024-05-30T14:24:25.728+0000][13805.148s][info][gc,heap     ] GC(2958) Survivor regions: 11->6(10)
[2024-05-30T14:24:25.728+0000][13805.148s][info][gc,heap     ] GC(2958) Old regions: 337->340
[2024-05-30T14:24:25.729+0000][13805.148s][info][gc,heap     ] GC(2958) Archive regions: 2->2
[2024-05-30T14:24:25.729+0000][13805.148s][info][gc,heap     ] GC(2958) Humongous regions: 5->5
[2024-05-30T14:24:25.729+0000][13805.148s][info][gc,metaspace] GC(2958) Metaspace: 434066K(440192K)->434066K(440192K) NonClass: 380059K(383360K)->380059K(383360K) Class: 54006K(56832K)->54006K(56832K)
[2024-05-30T14:24:25.729+0000][13805.148s][info][gc          ] GC(2958) Pause Young (Mixed) (G1 Evacuation Pause) 3344M->2802M(12288M) 58.994ms
[2024-05-30T14:24:25.729+0000][13805.148s][info][gc,cpu      ] GC(2958) User=0.34s Sys=0.00s Real=0.06s
[2024-05-30T14:24:30.671+0000][13810.090s][info][gc,start    ] GC(2959) Pause Young (Normal) (G1 Evacuation Pause)
[2024-05-30T14:24:30.671+0000][13810.090s][info][gc,task     ] GC(2959) Using 6 workers of 6 for evacuation
[2024-05-30T14:24:30.682+0000][13810.101s][info][gc,phases   ] GC(2959)   Pre Evacuate Collection Set: 0.2ms
[2024-05-30T14:24:30.682+0000][13810.101s][info][gc,phases   ] GC(2959)   Merge Heap Roots: 0.2ms
[2024-05-30T14:24:30.682+0000][13810.101s][info][gc,phases   ] GC(2959)   Evacuate Collection Set: 8.7ms
[2024-05-30T14:24:30.682+0000][13810.101s][info][gc,phases   ] GC(2959)   Post Evacuate Collection Set: 1.8ms
[2024-05-30T14:24:30.682+0000][13810.101s][info][gc,phases   ] GC(2959)   Other: 0.2ms
[2024-05-30T14:24:30.682+0000][13810.101s][info][gc,heap     ] GC(2959) Eden regions: 861->0(862)
[2024-05-30T14:24:30.682+0000][13810.101s][info][gc,heap     ] GC(2959) Survivor regions: 6->6(109)
[2024-05-30T14:24:30.682+0000][13810.101s][info][gc,heap     ] GC(2959) Old regions: 340->340
[2024-05-30T14:24:30.682+0000][13810.101s][info][gc,heap     ] GC(2959) Archive regions: 2->2
[2024-05-30T14:24:30.682+0000][13810.101s][info][gc,heap     ] GC(2959) Humongous regions: 5->5
[2024-05-30T14:24:30.682+0000][13810.101s][info][gc,metaspace] GC(2959) Metaspace: 434066K(440192K)->434066K(440192K) NonClass: 380059K(383360K)->380059K(383360K) Class: 54006K(56832K)->54006K(56832K)
[2024-05-30T14:24:30.682+0000][13810.101s][info][gc          ] GC(2959) Pause Young (Normal) (G1 Evacuation Pause) 9690M->2800M(12288M) 11.136ms
[2024-05-30T14:24:30.682+0000][13810.101s][info][gc,cpu      ] GC(2959) User=0.06s Sys=0.00s Real=0.01s
[2024-05-30T14:24:35.316+0000][13814.735s][info][gc,start    ] GC(2960) Pause Young (Normal) (G1 Evacuation Pause)
[2024-05-30T14:24:35.316+0000][13814.735s][info][gc,task     ] GC(2960) Using 6 workers of 6 for evacuation
[2024-05-30T14:24:35.329+0000][13814.748s][info][gc,phases   ] GC(2960)   Pre Evacuate Collection Set: 0.2ms
[2024-05-30T14:24:35.329+0000][13814.748s][info][gc,phases   ] GC(2960)   Merge Heap Roots: 0.2ms
[2024-05-30T14:24:35.329+0000][13814.748s][info][gc,phases   ] GC(2960)   Evacuate Collection Set: 10.1ms
[2024-05-30T14:24:35.329+0000][13814.748s][info][gc,phases   ] GC(2960)   Post Evacuate Collection Set: 1.8ms
[2024-05-30T14:24:35.329+0000][13814.748s][info][gc,phases   ] GC(2960)   Other: 0.2ms
[2024-05-30T14:24:35.329+0000][13814.748s][info][gc,heap     ] GC(2960) Eden regions: 862->0(862)
[2024-05-30T14:24:35.329+0000][13814.748s][info][gc,heap     ] GC(2960) Survivor regions: 6->7(109)
[2024-05-30T14:24:35.329+0000][13814.748s][info][gc,heap     ] GC(2960) Old regions: 340->340
[2024-05-30T14:24:35.329+0000][13814.748s][info][gc,heap     ] GC(2960) Archive regions: 2->2
[2024-05-30T14:24:35.329+0000][13814.748s][info][gc,heap     ] GC(2960) Humongous regions: 5->5
[2024-05-30T14:24:35.329+0000][13814.748s][info][gc,metaspace] GC(2960) Metaspace: 434066K(440192K)->434066K(440192K) NonClass: 380059K(383360K)->380059K(383360K) Class: 54006K(56832K)->54006K(56832K)
[2024-05-30T14:24:35.329+0000][13814.748s][info][gc          ] GC(2960) Pause Young (Normal) (G1 Evacuation Pause) 9696M->2808M(12288M) 12.553ms
[2024-05-30T14:24:35.329+0000][13814.748s][info][gc,cpu      ] GC(2960) User=0.07s Sys=0.00s Real=0.02s
[2024-05-30T14:24:40.212+0000][13819.631s][info][gc,start    ] GC(2961) Pause Young (Concurrent Start) (G1 Evacuation Pause)
[2024-05-30T14:24:40.212+0000][13819.631s][info][gc,task     ] GC(2961) Using 6 workers of 6 for evacuation
[2024-05-30T14:24:40.227+0000][13819.647s][info][gc,phases   ] GC(2961)   Pre Evacuate Collection Set: 0.6ms
[2024-05-30T14:24:40.228+0000][13819.647s][info][gc,phases   ] GC(2961)   Merge Heap Roots: 0.2ms
[2024-05-30T14:24:40.228+0000][13819.647s][info][gc,phases   ] GC(2961)   Evacuate Collection Set: 12.8ms
[2024-05-30T14:24:40.228+0000][13819.647s][info][gc,phases   ] GC(2961)   Post Evacuate Collection Set: 1.7ms
[2024-05-30T14:24:40.228+0000][13819.647s][info][gc,phases   ] GC(2961)   Other: 0.3ms
[2024-05-30T14:24:40.228+0000][13819.647s][info][gc,heap     ] GC(2961) Eden regions: 862->0(860)
[2024-05-30T14:24:40.228+0000][13819.647s][info][gc,heap     ] GC(2961) Survivor regions: 7->8(109)
[2024-05-30T14:24:40.228+0000][13819.647s][info][gc,heap     ] GC(2961) Old regions: 340->340
[2024-05-30T14:24:40.228+0000][13819.647s][info][gc,heap     ] GC(2961) Archive regions: 2->2
[2024-05-30T14:24:40.228+0000][13819.647s][info][gc,heap     ] GC(2961) Humongous regions: 5->5
[2024-05-30T14:24:40.228+0000][13819.647s][info][gc,metaspace] GC(2961) Metaspace: 434066K(440192K)->434066K(440192K) NonClass: 380059K(383360K)->380059K(383360K) Class: 54006K(56832K)->54006K(56832K)
[2024-05-30T14:24:40.228+0000][13819.647s][info][gc          ] GC(2961) Pause Young (Concurrent Start) (G1 Evacuation Pause) 9704M->2815M(12288M) 15.649ms
[2024-05-30T14:24:40.228+0000][13819.647s][info][gc,cpu      ] GC(2961) User=0.09s Sys=0.00s Real=0.01s
[2024-05-30T14:24:40.228+0000][13819.647s][info][gc          ] GC(2962) Concurrent Mark Cycle
[2024-05-30T14:24:40.228+0000][13819.647s][info][gc,marking  ] GC(2962) Concurrent Clear Claimed Marks
[2024-05-30T14:24:40.228+0000][13819.647s][info][gc,marking  ] GC(2962) Concurrent Clear Claimed Marks 0.362ms
[2024-05-30T14:24:40.228+0000][13819.647s][info][gc,marking  ] GC(2962) Concurrent Scan Root Regions
[2024-05-30T14:24:40.244+0000][13819.663s][info][gc,marking  ] GC(2962) Concurrent Scan Root Regions 16.090ms
[2024-05-30T14:24:40.244+0000][13819.663s][info][gc,marking  ] GC(2962) Concurrent Mark
[2024-05-30T14:24:40.244+0000][13819.663s][info][gc,marking  ] GC(2962) Concurrent Mark From Roots
[2024-05-30T14:24:40.244+0000][13819.663s][info][gc,task     ] GC(2962) Using 2 workers of 2 for marking
[2024-05-30T14:24:43.021+0000][13822.440s][info][gc,marking  ] GC(2962) Concurrent Mark From Roots 2776.820ms
[2024-05-30T14:24:43.021+0000][13822.440s][info][gc,marking  ] GC(2962) Concurrent Preclean
[2024-05-30T14:24:43.022+0000][13822.442s][info][gc,marking  ] GC(2962) Concurrent Preclean 1.305ms
[2024-05-30T14:24:43.023+0000][13822.443s][info][gc,start    ] GC(2962) Pause Remark
[2024-05-30T14:24:43.049+0000][13822.469s][info][gc          ] GC(2962) Pause Remark 5859M->5858M(12288M) 25.844ms
[2024-05-30T14:24:43.049+0000][13822.469s][info][gc,cpu      ] GC(2962) User=0.12s Sys=0.00s Real=0.03s
[2024-05-30T14:24:43.049+0000][13822.469s][info][gc,marking  ] GC(2962) Concurrent Mark 2805.243ms
[2024-05-30T14:24:43.049+0000][13822.469s][info][gc,marking  ] GC(2962) Concurrent Rebuild Remembered Sets
[2024-05-30T14:24:44.622+0000][13824.041s][info][gc,marking  ] GC(2962) Concurrent Rebuild Remembered Sets 1572.158ms
[2024-05-30T14:24:44.622+0000][13824.041s][info][gc,start    ] GC(2962) Pause Cleanup
[2024-05-30T14:24:44.622+0000][13824.042s][info][gc          ] GC(2962) Pause Cleanup 8365M->8365M(12288M) 0.489ms
[2024-05-30T14:24:44.622+0000][13824.042s][info][gc,cpu      ] GC(2962) User=0.00s Sys=0.00s Real=0.00s
[2024-05-30T14:24:44.622+0000][13824.042s][info][gc,marking  ] GC(2962) Concurrent Cleanup for Next Mark
[2024-05-30T14:24:44.639+0000][13824.059s][info][gc,marking  ] GC(2962) Concurrent Cleanup for Next Mark 17.069ms
[2024-05-30T14:24:44.640+0000][13824.059s][info][gc          ] GC(2962) Concurrent Mark Cycle 4411.856ms
[2024-05-30T14:24:45.341+0000][13824.761s][info][gc,start    ] GC(2963) Pause Young (Prepare Mixed) (G1 Evacuation Pause)
[2024-05-30T14:24:45.341+0000][13824.761s][info][gc,task     ] GC(2963) Using 6 workers of 6 for evacuation
[2024-05-30T14:24:45.358+0000][13824.777s][info][gc,phases   ] GC(2963)   Pre Evacuate Collection Set: 0.2ms
[2024-05-30T14:24:45.358+0000][13824.777s][info][gc,phases   ] GC(2963)   Merge Heap Roots: 0.3ms
[2024-05-30T14:24:45.358+0000][13824.777s][info][gc,phases   ] GC(2963)   Evacuate Collection Set: 14.3ms
[2024-05-30T14:24:45.358+0000][13824.777s][info][gc,phases   ] GC(2963)   Post Evacuate Collection Set: 1.8ms
[2024-05-30T14:24:45.358+0000][13824.777s][info][gc,phases   ] GC(2963)   Other: 0.2ms
[2024-05-30T14:24:45.358+0000][13824.777s][info][gc,heap     ] GC(2963) Eden regions: 860->0(68)
[2024-05-30T14:24:45.358+0000][13824.777s][info][gc,heap     ] GC(2963) Survivor regions: 8->8(109)
[2024-05-30T14:24:45.358+0000][13824.777s][info][gc,heap     ] GC(2963) Old regions: 339->339
[2024-05-30T14:24:45.358+0000][13824.777s][info][gc,heap     ] GC(2963) Archive regions: 2->2
[2024-05-30T14:24:45.358+0000][13824.777s][info][gc,heap     ] GC(2963) Humongous regions: 5->5
[2024-05-30T14:24:45.358+0000][13824.777s][info][gc,metaspace] GC(2963) Metaspace: 434066K(440192K)->434066K(440192K) NonClass: 380059K(383360K)->380059K(383360K) Class: 54006K(56832K)->54006K(56832K)
[2024-05-30T14:24:45.358+0000][13824.777s][info][gc          ] GC(2963) Pause Young (Prepare Mixed) (G1 Evacuation Pause) 9694M->2814M(12288M) 16.815ms
[2024-05-30T14:24:45.358+0000][13824.778s][info][gc,cpu      ] GC(2963) User=0.09s Sys=0.00s Real=0.02s
[2024-05-30T14:24:45.639+0000][13825.058s][info][gc,start    ] GC(2964) Pause Young (Mixed) (G1 Evacuation Pause)
[2024-05-30T14:24:45.639+0000][13825.058s][info][gc,task     ] GC(2964) Using 6 workers of 6 for evacuation
[2024-05-30T14:24:45.682+0000][13825.101s][info][gc,phases   ] GC(2964)   Pre Evacuate Collection Set: 0.2ms
[2024-05-30T14:24:45.682+0000][13825.101s][info][gc,phases   ] GC(2964)   Merge Heap Roots: 0.3ms
[2024-05-30T14:24:45.682+0000][13825.101s][info][gc,phases   ] GC(2964)   Evacuate Collection Set: 41.5ms
[2024-05-30T14:24:45.682+0000][13825.101s][info][gc,phases   ] GC(2964)   Post Evacuate Collection Set: 1.2ms
[2024-05-30T14:24:45.682+0000][13825.101s][info][gc,phases   ] GC(2964)   Other: 0.2ms
[2024-05-30T14:24:45.682+0000][13825.101s][info][gc,heap     ] GC(2964) Eden regions: 68->0(867)
[2024-05-30T14:24:45.682+0000][13825.101s][info][gc,heap     ] GC(2964) Survivor regions: 8->6(10)
[2024-05-30T14:24:45.682+0000][13825.101s][info][gc,heap     ] GC(2964) Old regions: 339->336
[2024-05-30T14:24:45.682+0000][13825.101s][info][gc,heap     ] GC(2964) Archive regions: 2->2
[2024-05-30T14:24:45.682+0000][13825.101s][info][gc,heap     ] GC(2964) Humongous regions: 5->5
[2024-05-30T14:24:45.682+0000][13825.101s][info][gc,metaspace] GC(2964) Metaspace: 434066K(440192K)->434066K(440192K) NonClass: 380059K(383360K)->380059K(383360K) Class: 54006K(56832K)->54006K(56832K)
[2024-05-30T14:24:45.682+0000][13825.101s][info][gc          ] GC(2964) Pause Young (Mixed) (G1 Evacuation Pause) 3358M->2779M(12288M) 43.426ms
[2024-05-30T14:24:45.682+0000][13825.101s][info][gc,cpu      ] GC(2964) User=0.26s Sys=0.00s Real=0.04s
[2024-05-30T14:24:49.579+0000][13828.998s][info][gc,start    ] GC(2965) Pause Young (Normal) (G1 Evacuation Pause)
[2024-05-30T14:24:49.579+0000][13828.998s][info][gc,task     ] GC(2965) Using 6 workers of 6 for evacuation
[2024-05-30T14:24:49.593+0000][13829.012s][info][gc,phases   ] GC(2965)   Pre Evacuate Collection Set: 0.2ms
[2024-05-30T14:24:49.593+0000][13829.012s][info][gc,phases   ] GC(2965)   Merge Heap Roots: 0.2ms
[2024-05-30T14:24:49.593+0000][13829.012s][info][gc,phases   ] GC(2965)   Evacuate Collection Set: 11.4ms
[2024-05-30T14:24:49.593+0000][13829.012s][info][gc,phases   ] GC(2965)   Post Evacuate Collection Set: 1.8ms
[2024-05-30T14:24:49.593+0000][13829.012s][info][gc,phases   ] GC(2965)   Other: 0.2ms
[2024-05-30T14:24:49.593+0000][13829.012s][info][gc,heap     ] GC(2965) Eden regions: 867->0(865)
[2024-05-30T14:24:49.593+0000][13829.012s][info][gc,heap     ] GC(2965) Survivor regions: 6->8(110)
[2024-05-30T14:24:49.593+0000][13829.012s][info][gc,heap     ] GC(2965) Old regions: 336->336
[2024-05-30T14:24:49.593+0000][13829.012s][info][gc,heap     ] GC(2965) Archive regions: 2->2
[2024-05-30T14:24:49.593+0000][13829.012s][info][gc,heap     ] GC(2965) Humongous regions: 5->5
[2024-05-30T14:24:49.593+0000][13829.012s][info][gc,metaspace] GC(2965) Metaspace: 434066K(440192K)->434066K(440192K) NonClass: 380059K(383360K)->380059K(383360K) Class: 54006K(56832K)->54006K(56832K)
[2024-05-30T14:24:49.593+0000][13829.012s][info][gc          ] GC(2965) Pause Young (Normal) (G1 Evacuation Pause) 9715M->2795M(12288M) 13.868ms
[2024-05-30T14:24:49.593+0000][13829.012s][info][gc,cpu      ] GC(2965) User=0.08s Sys=0.00s Real=0.01s
[2024-05-30T14:24:54.742+0000][13834.161s][info][gc,start    ] GC(2966) Pause Young (Normal) (G1 Evacuation Pause)
[2024-05-30T14:24:54.742+0000][13834.161s][info][gc,task     ] GC(2966) Using 6 workers of 6 for evacuation
[2024-05-30T14:24:54.760+0000][13834.179s][info][gc,phases   ] GC(2966)   Pre Evacuate Collection Set: 0.2ms
[2024-05-30T14:24:54.760+0000][13834.179s][info][gc,phases   ] GC(2966)   Merge Heap Roots: 0.2ms
[2024-05-30T14:24:54.760+0000][13834.179s][info][gc,phases   ] GC(2966)   Evacuate Collection Set: 15.4ms
[2024-05-30T14:24:54.760+0000][13834.179s][info][gc,phases   ] GC(2966)   Post Evacuate Collection Set: 2.0ms
[2024-05-30T14:24:54.760+0000][13834.179s][info][gc,phases   ] GC(2966)   Other: 0.2ms
[2024-05-30T14:24:54.760+0000][13834.179s][info][gc,heap     ] GC(2966) Eden regions: 865->0(863)
[2024-05-30T14:24:54.760+0000][13834.179s][info][gc,heap     ] GC(2966) Survivor regions: 8->9(110)
[2024-05-30T14:24:54.760+0000][13834.179s][info][gc,heap     ] GC(2966) Old regions: 336->336
[2024-05-30T14:24:54.760+0000][13834.179s][info][gc,heap     ] GC(2966) Archive regions: 2->2
[2024-05-30T14:24:54.760+0000][13834.179s][info][gc,heap     ] GC(2966) Humongous regions: 5->5
[2024-05-30T14:24:54.760+0000][13834.179s][info][gc,metaspace] GC(2966) Metaspace: 434066K(440192K)->434066K(440192K) NonClass: 380059K(383360K)->380059K(383360K) Class: 54006K(56832K)->54006K(56832K)
[2024-05-30T14:24:54.760+0000][13834.179s][info][gc          ] GC(2966) Pause Young (Normal) (G1 Evacuation Pause) 9715M->2798M(12288M) 18.021ms
[2024-05-30T14:24:54.760+0000][13834.179s][info][gc,cpu      ] GC(2966) User=0.10s Sys=0.00s Real=0.02s
[2024-05-30T14:24:59.955+0000][13839.374s][info][gc,start    ] GC(2967) Pause Young (Concurrent Start) (G1 Evacuation Pause)
[2024-05-30T14:24:59.955+0000][13839.374s][info][gc,task     ] GC(2967) Using 6 workers of 6 for evacuation
[2024-05-30T14:24:59.973+0000][13839.392s][info][gc,phases   ] GC(2967)   Pre Evacuate Collection Set: 0.6ms
[2024-05-30T14:24:59.973+0000][13839.392s][info][gc,phases   ] GC(2967)   Merge Heap Roots: 0.2ms
[2024-05-30T14:24:59.973+0000][13839.392s][info][gc,phases   ] GC(2967)   Evacuate Collection Set: 15.5ms
[2024-05-30T14:24:59.973+0000][13839.392s][info][gc,phases   ] GC(2967)   Post Evacuate Collection Set: 1.8ms
[2024-05-30T14:24:59.973+0000][13839.392s][info][gc,phases   ] GC(2967)   Other: 0.3ms
[2024-05-30T14:24:59.973+0000][13839.392s][info][gc,heap     ] GC(2967) Eden regions: 863->0(864)
[2024-05-30T14:24:59.973+0000][13839.392s][info][gc,heap     ] GC(2967) Survivor regions: 9->9(109)
[2024-05-30T14:24:59.973+0000][13839.392s][info][gc,heap     ] GC(2967) Old regions: 336->336
[2024-05-30T14:24:59.973+0000][13839.392s][info][gc,heap     ] GC(2967) Archive regions: 2->2
[2024-05-30T14:24:59.973+0000][13839.392s][info][gc,heap     ] GC(2967) Humongous regions: 5->5
[2024-05-30T14:24:59.973+0000][13839.392s][info][gc,metaspace] GC(2967) Metaspace: 434066K(440192K)->434066K(440192K) NonClass: 380059K(383360K)->380059K(383360K) Class: 54006K(56832K)->54006K(56832K)
[2024-05-30T14:24:59.973+0000][13839.392s][info][gc          ] GC(2967) Pause Young (Concurrent Start) (G1 Evacuation Pause) 9702M->2801M(12288M) 18.398ms
[2024-05-30T14:24:59.973+0000][13839.392s][info][gc,cpu      ] GC(2967) User=0.11s Sys=0.00s Real=0.02s
[2024-05-30T14:24:59.973+0000][13839.392s][info][gc          ] GC(2968) Concurrent Mark Cycle
[2024-05-30T14:24:59.973+0000][13839.393s][info][gc,marking  ] GC(2968) Concurrent Clear Claimed Marks
[2024-05-30T14:24:59.974+0000][13839.393s][info][gc,marking  ] GC(2968) Concurrent Clear Claimed Marks 0.363ms
[2024-05-30T14:24:59.974+0000][13839.393s][info][gc,marking  ] GC(2968) Concurrent Scan Root Regions
[2024-05-30T14:24:59.993+0000][13839.412s][info][gc,marking  ] GC(2968) Concurrent Scan Root Regions 18.916ms
[2024-05-30T14:24:59.993+0000][13839.412s][info][gc,marking  ] GC(2968) Concurrent Mark
[2024-05-30T14:24:59.993+0000][13839.412s][info][gc,marking  ] GC(2968) Concurrent Mark From Roots
[2024-05-30T14:24:59.993+0000][13839.412s][info][gc,task     ] GC(2968) Using 2 workers of 2 for marking
[2024-05-30T14:25:02.879+0000][13842.298s][info][gc,marking  ] GC(2968) Concurrent Mark From Roots 2886.226ms
[2024-05-30T14:25:02.879+0000][13842.298s][info][gc,marking  ] GC(2968) Concurrent Preclean
[2024-05-30T14:25:02.880+0000][13842.300s][info][gc,marking  ] GC(2968) Concurrent Preclean 1.488ms
[2024-05-30T14:25:02.881+0000][13842.300s][info][gc,start    ] GC(2968) Pause Remark
[2024-05-30T14:25:02.904+0000][13842.324s][info][gc          ] GC(2968) Pause Remark 5861M->5861M(12288M) 23.954ms
[2024-05-30T14:25:02.905+0000][13842.324s][info][gc,cpu      ] GC(2968) User=0.10s Sys=0.00s Real=0.02s
[2024-05-30T14:25:02.905+0000][13842.324s][info][gc,marking  ] GC(2968) Concurrent Mark 2912.064ms
[2024-05-30T14:25:02.905+0000][13842.324s][info][gc,marking  ] GC(2968) Concurrent Rebuild Remembered Sets
[2024-05-30T14:25:04.469+0000][13843.889s][info][gc,marking  ] GC(2968) Concurrent Rebuild Remembered Sets 1564.587ms
[2024-05-30T14:25:04.470+0000][13843.889s][info][gc,start    ] GC(2968) Pause Cleanup
[2024-05-30T14:25:04.470+0000][13843.889s][info][gc          ] GC(2968) Pause Cleanup 7645M->7645M(12288M) 0.452ms
[2024-05-30T14:25:04.470+0000][13843.889s][info][gc,cpu      ] GC(2968) User=0.00s Sys=0.00s Real=0.00s
[2024-05-30T14:25:04.470+0000][13843.889s][info][gc,marking  ] GC(2968) Concurrent Cleanup for Next Mark
[2024-05-30T14:25:04.490+0000][13843.909s][info][gc,marking  ] GC(2968) Concurrent Cleanup for Next Mark 19.726ms
[2024-05-30T14:25:04.490+0000][13843.909s][info][gc          ] GC(2968) Concurrent Mark Cycle 4516.613ms
[2024-05-30T14:25:05.997+0000][13845.416s][info][gc,start    ] GC(2969) Pause Young (Prepare Mixed) (G1 Evacuation Pause)
[2024-05-30T14:25:05.997+0000][13845.416s][info][gc,task     ] GC(2969) Using 6 workers of 6 for evacuation
[2024-05-30T14:25:06.018+0000][13845.437s][info][gc,phases   ] GC(2969)   Pre Evacuate Collection Set: 0.2ms
[2024-05-30T14:25:06.018+0000][13845.437s][info][gc,phases   ] GC(2969)   Merge Heap Roots: 0.3ms
[2024-05-30T14:25:06.018+0000][13845.437s][info][gc,phases   ] GC(2969)   Evacuate Collection Set: 18.4ms
[2024-05-30T14:25:06.018+0000][13845.437s][info][gc,phases   ] GC(2969)   Post Evacuate Collection Set: 1.9ms
[2024-05-30T14:25:06.018+0000][13845.437s][info][gc,phases   ] GC(2969)   Other: 0.2ms
[2024-05-30T14:25:06.018+0000][13845.437s][info][gc,heap     ] GC(2969) Eden regions: 864->0(66)
[2024-05-30T14:25:06.018+0000][13845.437s][info][gc,heap     ] GC(2969) Survivor regions: 9->10(110)
[2024-05-30T14:25:06.018+0000][13845.437s][info][gc,heap     ] GC(2969) Old regions: 336->336
[2024-05-30T14:25:06.018+0000][13845.437s][info][gc,heap     ] GC(2969) Archive regions: 2->2
[2024-05-30T14:25:06.018+0000][13845.437s][info][gc,heap     ] GC(2969) Humongous regions: 5->5
[2024-05-30T14:25:06.018+0000][13845.437s][info][gc,metaspace] GC(2969) Metaspace: 434069K(440192K)->434069K(440192K) NonClass: 380063K(383360K)->380063K(383360K) Class: 54006K(56832K)->54006K(56832K)
[2024-05-30T14:25:06.018+0000][13845.437s][info][gc          ] GC(2969) Pause Young (Prepare Mixed) (G1 Evacuation Pause) 9713M->2811M(12288M) 20.965ms
[2024-05-30T14:25:06.018+0000][13845.437s][info][gc,cpu      ] GC(2969) User=0.12s Sys=0.00s Real=0.02s
[2024-05-30T14:25:06.430+0000][13845.849s][info][gc,start    ] GC(2970) Pause Young (Mixed) (G1 Evacuation Pause)
[2024-05-30T14:25:06.430+0000][13845.849s][info][gc,task     ] GC(2970) Using 6 workers of 6 for evacuation
[2024-05-30T14:25:06.483+0000][13845.902s][info][gc,phases   ] GC(2970)   Pre Evacuate Collection Set: 0.2ms
[2024-05-30T14:25:06.483+0000][13845.902s][info][gc,phases   ] GC(2970)   Merge Heap Roots: 0.3ms
[2024-05-30T14:25:06.483+0000][13845.902s][info][gc,phases   ] GC(2970)   Evacuate Collection Set: 51.7ms
[2024-05-30T14:25:06.483+0000][13845.902s][info][gc,phases   ] GC(2970)   Post Evacuate Collection Set: 1.3ms
[2024-05-30T14:25:06.483+0000][13845.902s][info][gc,phases   ] GC(2970)   Other: 0.2ms
[2024-05-30T14:25:06.483+0000][13845.902s][info][gc,heap     ] GC(2970) Eden regions: 66->0(866)
[2024-05-30T14:25:06.483+0000][13845.902s][info][gc,heap     ] GC(2970) Survivor regions: 10->6(10)
[2024-05-30T14:25:06.483+0000][13845.903s][info][gc,heap     ] GC(2970) Old regions: 336->337
[2024-05-30T14:25:06.483+0000][13845.903s][info][gc,heap     ] GC(2970) Archive regions: 2->2
[2024-05-30T14:25:06.483+0000][13845.903s][info][gc,heap     ] GC(2970) Humongous regions: 5->5
[2024-05-30T14:25:06.483+0000][13845.903s][info][gc,metaspace] GC(2970) Metaspace: 434069K(440192K)->434069K(440192K) NonClass: 380063K(383360K)->380063K(383360K) Class: 54006K(56832K)->54006K(56832K)
[2024-05-30T14:25:06.483+0000][13845.903s][info][gc          ] GC(2970) Pause Young (Mixed) (G1 Evacuation Pause) 3339M->2784M(12288M) 53.722ms
[2024-05-30T14:25:06.483+0000][13845.903s][info][gc,cpu      ] GC(2970) User=0.32s Sys=0.00s Real=0.05s
[2024-05-30T14:25:11.670+0000][13851.089s][info][gc,start    ] GC(2971) Pause Young (Normal) (G1 Evacuation Pause)
[2024-05-30T14:25:11.670+0000][13851.089s][info][gc,task     ] GC(2971) Using 6 workers of 6 for evacuation
[2024-05-30T14:25:11.684+0000][13851.103s][info][gc,phases   ] GC(2971)   Pre Evacuate Collection Set: 0.2ms
[2024-05-30T14:25:11.684+0000][13851.103s][info][gc,phases   ] GC(2971)   Merge Heap Roots: 0.2ms
[2024-05-30T14:25:11.684+0000][13851.103s][info][gc,phases   ] GC(2971)   Evacuate Collection Set: 11.2ms
[2024-05-30T14:25:11.684+0000][13851.103s][info][gc,phases   ] GC(2971)   Post Evacuate Collection Set: 1.7ms
[2024-05-30T14:25:11.684+0000][13851.103s][info][gc,phases   ] GC(2971)   Other: 0.2ms
[2024-05-30T14:25:11.684+0000][13851.103s][info][gc,heap     ] GC(2971) Eden regions: 866->0(865)
[2024-05-30T14:25:11.684+0000][13851.103s][info][gc,heap     ] GC(2971) Survivor regions: 6->7(109)
[2024-05-30T14:25:11.684+0000][13851.103s][info][gc,heap     ] GC(2971) Old regions: 337->337
[2024-05-30T14:25:11.684+0000][13851.103s][info][gc,heap     ] GC(2971) Archive regions: 2->2
[2024-05-30T14:25:11.684+0000][13851.103s][info][gc,heap     ] GC(2971) Humongous regions: 5->5
[2024-05-30T14:25:11.684+0000][13851.103s][info][gc,metaspace] GC(2971) Metaspace: 434069K(440192K)->434069K(440192K) NonClass: 380063K(383360K)->380063K(383360K) Class: 54006K(56832K)->54006K(56832K)
[2024-05-30T14:25:11.684+0000][13851.103s][info][gc          ] GC(2971) Pause Young (Normal) (G1 Evacuation Pause) 9712M->2796M(12288M) 13.643ms
[2024-05-30T14:25:11.684+0000][13851.103s][info][gc,cpu      ] GC(2971) User=0.07s Sys=0.00s Real=0.01s
[2024-05-30T14:25:14.685+0000][13854.104s][info][gc,start    ] GC(2972) Pause Young (Normal) (G1 Evacuation Pause)
[2024-05-30T14:25:14.685+0000][13854.104s][info][gc,task     ] GC(2972) Using 6 workers of 6 for evacuation
[2024-05-30T14:25:14.700+0000][13854.119s][info][gc,phases   ] GC(2972)   Pre Evacuate Collection Set: 0.2ms
[2024-05-30T14:25:14.700+0000][13854.119s][info][gc,phases   ] GC(2972)   Merge Heap Roots: 0.2ms
[2024-05-30T14:25:14.700+0000][13854.119s][info][gc,phases   ] GC(2972)   Evacuate Collection Set: 12.7ms
[2024-05-30T14:25:14.700+0000][13854.119s][info][gc,phases   ] GC(2972)   Post Evacuate Collection Set: 1.8ms
[2024-05-30T14:25:14.700+0000][13854.119s][info][gc,phases   ] GC(2972)   Other: 0.2ms
[2024-05-30T14:25:14.700+0000][13854.119s][info][gc,heap     ] GC(2972) Eden regions: 865->0(865)
[2024-05-30T14:25:14.700+0000][13854.119s][info][gc,heap     ] GC(2972) Survivor regions: 7->7(109)
[2024-05-30T14:25:14.700+0000][13854.119s][info][gc,heap     ] GC(2972) Old regions: 337->337
[2024-05-30T14:25:14.700+0000][13854.119s][info][gc,heap     ] GC(2972) Archive regions: 2->2
[2024-05-30T14:25:14.700+0000][13854.119s][info][gc,heap     ] GC(2972) Humongous regions: 5->5
[2024-05-30T14:25:14.700+0000][13854.120s][info][gc,metaspace] GC(2972) Metaspace: 434069K(440192K)->434069K(440192K) NonClass: 380063K(383360K)->380063K(383360K) Class: 54006K(56832K)->54006K(56832K)
[2024-05-30T14:25:14.700+0000][13854.120s][info][gc          ] GC(2972) Pause Young (Normal) (G1 Evacuation Pause) 9716M->2794M(12288M) 15.075ms
[2024-05-30T14:25:14.700+0000][13854.120s][info][gc,cpu      ] GC(2972) User=0.09s Sys=0.00s Real=0.02s
[2024-05-30T14:25:17.767+0000][13857.186s][info][gc,start    ] GC(2973) Pause Young (Concurrent Start) (G1 Evacuation Pause)
[2024-05-30T14:25:17.767+0000][13857.186s][info][gc,task     ] GC(2973) Using 6 workers of 6 for evacuation
[2024-05-30T14:25:17.785+0000][13857.204s][info][gc,phases   ] GC(2973)   Pre Evacuate Collection Set: 0.6ms
[2024-05-30T14:25:17.785+0000][13857.204s][info][gc,phases   ] GC(2973)   Merge Heap Roots: 0.2ms
[2024-05-30T14:25:17.785+0000][13857.204s][info][gc,phases   ] GC(2973)   Evacuate Collection Set: 14.8ms
[2024-05-30T14:25:17.785+0000][13857.204s][info][gc,phases   ] GC(2973)   Post Evacuate Collection Set: 1.8ms
[2024-05-30T14:25:17.785+0000][13857.204s][info][gc,phases   ] GC(2973)   Other: 0.3ms
[2024-05-30T14:25:17.785+0000][13857.204s][info][gc,heap     ] GC(2973) Eden regions: 865->0(863)
[2024-05-30T14:25:17.785+0000][13857.204s][info][gc,heap     ] GC(2973) Survivor regions: 7->9(109)
[2024-05-30T14:25:17.785+0000][13857.204s][info][gc,heap     ] GC(2973) Old regions: 337->337
[2024-05-30T14:25:17.785+0000][13857.204s][info][gc,heap     ] GC(2973) Archive regions: 2->2
[2024-05-30T14:25:17.785+0000][13857.204s][info][gc,heap     ] GC(2973) Humongous regions: 5->5
[2024-05-30T14:25:17.785+0000][13857.204s][info][gc,metaspace] GC(2973) Metaspace: 434069K(440192K)->434069K(440192K) NonClass: 380063K(383360K)->380063K(383360K) Class: 54006K(56832K)->54006K(56832K)
[2024-05-30T14:25:17.785+0000][13857.204s][info][gc          ] GC(2973) Pause Young (Concurrent Start) (G1 Evacuation Pause) 9714M->2808M(12288M) 17.681ms
[2024-05-30T14:25:17.785+0000][13857.204s][info][gc,cpu      ] GC(2973) User=0.10s Sys=0.00s Real=0.02s
[2024-05-30T14:25:17.785+0000][13857.204s][info][gc          ] GC(2974) Concurrent Mark Cycle
[2024-05-30T14:25:17.785+0000][13857.204s][info][gc,marking  ] GC(2974) Concurrent Clear Claimed Marks
[2024-05-30T14:25:17.785+0000][13857.204s][info][gc,marking  ] GC(2974) Concurrent Clear Claimed Marks 0.385ms
[2024-05-30T14:25:17.785+0000][13857.204s][info][gc,marking  ] GC(2974) Concurrent Scan Root Regions
[2024-05-30T14:25:17.799+0000][13857.218s][info][gc,marking  ] GC(2974) Concurrent Scan Root Regions 13.473ms
[2024-05-30T14:25:17.799+0000][13857.218s][info][gc,marking  ] GC(2974) Concurrent Mark
[2024-05-30T14:25:17.799+0000][13857.218s][info][gc,marking  ] GC(2974) Concurrent Mark From Roots
[2024-05-30T14:25:17.799+0000][13857.218s][info][gc,task     ] GC(2974) Using 2 workers of 2 for marking
[2024-05-30T14:25:20.741+0000][13860.160s][info][gc,marking  ] GC(2974) Concurrent Mark From Roots 2941.989ms
[2024-05-30T14:25:20.741+0000][13860.160s][info][gc,marking  ] GC(2974) Concurrent Preclean
[2024-05-30T14:25:20.742+0000][13860.162s][info][gc,marking  ] GC(2974) Concurrent Preclean 1.651ms
[2024-05-30T14:25:20.743+0000][13860.162s][info][gc,start    ] GC(2974) Pause Remark
[2024-05-30T14:25:20.767+0000][13860.187s][info][gc          ] GC(2974) Pause Remark 6752M->6752M(12288M) 24.852ms
[2024-05-30T14:25:20.768+0000][13860.187s][info][gc,cpu      ] GC(2974) User=0.11s Sys=0.00s Real=0.02s
[2024-05-30T14:25:20.768+0000][13860.187s][info][gc,marking  ] GC(2974) Concurrent Mark 2968.909ms
[2024-05-30T14:25:20.768+0000][13860.187s][info][gc,marking  ] GC(2974) Concurrent Rebuild Remembered Sets
[2024-05-30T14:25:22.324+0000][13861.743s][info][gc,marking  ] GC(2974) Concurrent Rebuild Remembered Sets 1556.535ms
[2024-05-30T14:25:22.324+0000][13861.744s][info][gc,start    ] GC(2974) Pause Cleanup
[2024-05-30T14:25:22.325+0000][13861.744s][info][gc          ] GC(2974) Pause Cleanup 8416M->8416M(12288M) 0.474ms
[2024-05-30T14:25:22.325+0000][13861.744s][info][gc,cpu      ] GC(2974) User=0.00s Sys=0.00s Real=0.00s
[2024-05-30T14:25:22.325+0000][13861.744s][info][gc,marking  ] GC(2974) Concurrent Cleanup for Next Mark
[2024-05-30T14:25:22.353+0000][13861.773s][info][gc,marking  ] GC(2974) Concurrent Cleanup for Next Mark 28.356ms
[2024-05-30T14:25:22.353+0000][13861.773s][info][gc          ] GC(2974) Concurrent Mark Cycle 4568.612ms
[2024-05-30T14:25:23.310+0000][13862.729s][info][gc,start    ] GC(2975) Pause Young (Prepare Mixed) (G1 Evacuation Pause)
[2024-05-30T14:25:23.310+0000][13862.729s][info][gc,task     ] GC(2975) Using 6 workers of 6 for evacuation
[2024-05-30T14:25:23.331+0000][13862.750s][info][gc,phases   ] GC(2975)   Pre Evacuate Collection Set: 0.2ms
[2024-05-30T14:25:23.331+0000][13862.750s][info][gc,phases   ] GC(2975)   Merge Heap Roots: 0.3ms
[2024-05-30T14:25:23.331+0000][13862.750s][info][gc,phases   ] GC(2975)   Evacuate Collection Set: 18.6ms
[2024-05-30T14:25:23.331+0000][13862.750s][info][gc,phases   ] GC(2975)   Post Evacuate Collection Set: 2.0ms
[2024-05-30T14:25:23.331+0000][13862.750s][info][gc,phases   ] GC(2975)   Other: 0.2ms
[2024-05-30T14:25:23.331+0000][13862.750s][info][gc,heap     ] GC(2975) Eden regions: 863->0(66)
[2024-05-30T14:25:23.331+0000][13862.750s][info][gc,heap     ] GC(2975) Survivor regions: 9->10(109)
[2024-05-30T14:25:23.331+0000][13862.750s][info][gc,heap     ] GC(2975) Old regions: 337->337
[2024-05-30T14:25:23.331+0000][13862.750s][info][gc,heap     ] GC(2975) Archive regions: 2->2
[2024-05-30T14:25:23.331+0000][13862.750s][info][gc,heap     ] GC(2975) Humongous regions: 5->5
[2024-05-30T14:25:23.331+0000][13862.750s][info][gc,metaspace] GC(2975) Metaspace: 434069K(440192K)->434069K(440192K) NonClass: 380063K(383360K)->380063K(383360K) Class: 54006K(56832K)->54006K(56832K)
[2024-05-30T14:25:23.331+0000][13862.751s][info][gc          ] GC(2975) Pause Young (Prepare Mixed) (G1 Evacuation Pause) 9712M->2815M(12288M) 21.374ms
[2024-05-30T14:25:23.331+0000][13862.751s][info][gc,cpu      ] GC(2975) User=0.12s Sys=0.00s Real=0.02s
[2024-05-30T14:25:23.723+0000][13863.142s][info][gc,start    ] GC(2976) Pause Young (Mixed) (G1 Evacuation Pause)
[2024-05-30T14:25:23.723+0000][13863.142s][info][gc,task     ] GC(2976) Using 6 workers of 6 for evacuation
[2024-05-30T14:25:23.774+0000][13863.193s][info][gc,phases   ] GC(2976)   Pre Evacuate Collection Set: 0.2ms
[2024-05-30T14:25:23.774+0000][13863.193s][info][gc,phases   ] GC(2976)   Merge Heap Roots: 0.3ms
[2024-05-30T14:25:23.774+0000][13863.193s][info][gc,phases   ] GC(2976)   Evacuate Collection Set: 48.6ms
[2024-05-30T14:25:23.774+0000][13863.193s][info][gc,phases   ] GC(2976)   Post Evacuate Collection Set: 1.4ms
[2024-05-30T14:25:23.774+0000][13863.193s][info][gc,phases   ] GC(2976)   Other: 0.2ms
[2024-05-30T14:25:23.774+0000][13863.193s][info][gc,heap     ] GC(2976) Eden regions: 66->0(863)
[2024-05-30T14:25:23.774+0000][13863.193s][info][gc,heap     ] GC(2976) Survivor regions: 10->7(10)
[2024-05-30T14:25:23.774+0000][13863.193s][info][gc,heap     ] GC(2976) Old regions: 337->338
[2024-05-30T14:25:23.774+0000][13863.193s][info][gc,heap     ] GC(2976) Archive regions: 2->2
[2024-05-30T14:25:23.774+0000][13863.193s][info][gc,heap     ] GC(2976) Humongous regions: 5->5
[2024-05-30T14:25:23.774+0000][13863.193s][info][gc,metaspace] GC(2976) Metaspace: 434069K(440192K)->434069K(440192K) NonClass: 380063K(383360K)->380063K(383360K) Class: 54006K(56832K)->54006K(56832K)
[2024-05-30T14:25:23.774+0000][13863.193s][info][gc          ] GC(2976) Pause Young (Mixed) (G1 Evacuation Pause) 3343M->2796M(12288M) 50.717ms
[2024-05-30T14:25:23.774+0000][13863.193s][info][gc,cpu      ] GC(2976) User=0.30s Sys=0.00s Real=0.05s
[2024-05-30T14:25:28.757+0000][13868.177s][info][gc,start    ] GC(2977) Pause Young (Normal) (G1 Evacuation Pause)
[2024-05-30T14:25:28.757+0000][13868.177s][info][gc,task     ] GC(2977) Using 6 workers of 6 for evacuation
[2024-05-30T14:25:28.770+0000][13868.189s][info][gc,phases   ] GC(2977)   Pre Evacuate Collection Set: 0.2ms
[2024-05-30T14:25:28.770+0000][13868.189s][info][gc,phases   ] GC(2977)   Merge Heap Roots: 0.2ms
[2024-05-30T14:25:28.770+0000][13868.189s][info][gc,phases   ] GC(2977)   Evacuate Collection Set: 10.1ms
[2024-05-30T14:25:28.770+0000][13868.189s][info][gc,phases   ] GC(2977)   Post Evacuate Collection Set: 1.8ms
[2024-05-30T14:25:28.770+0000][13868.189s][info][gc,phases   ] GC(2977)   Other: 0.2ms
[2024-05-30T14:25:28.770+0000][13868.189s][info][gc,heap     ] GC(2977) Eden regions: 863->0(864)
[2024-05-30T14:25:28.770+0000][13868.189s][info][gc,heap     ] GC(2977) Survivor regions: 7->6(109)
[2024-05-30T14:25:28.770+0000][13868.189s][info][gc,heap     ] GC(2977) Old regions: 338->338
[2024-05-30T14:25:28.770+0000][13868.189s][info][gc,heap     ] GC(2977) Archive regions: 2->2
[2024-05-30T14:25:28.770+0000][13868.189s][info][gc,heap     ] GC(2977) Humongous regions: 5->5
[2024-05-30T14:25:28.770+0000][13868.189s][info][gc,metaspace] GC(2977) Metaspace: 434069K(440192K)->434069K(440192K) NonClass: 380063K(383360K)->380063K(383360K) Class: 54006K(56832K)->54006K(56832K)
[2024-05-30T14:25:28.770+0000][13868.189s][info][gc          ] GC(2977) Pause Young (Normal) (G1 Evacuation Pause) 9700M->2794M(12288M) 12.556ms
[2024-05-30T14:25:28.770+0000][13868.189s][info][gc,cpu      ] GC(2977) User=0.07s Sys=0.00s Real=0.01s
[2024-05-30T14:25:33.282+0000][13872.701s][info][gc,start    ] GC(2978) Pause Young (Normal) (G1 Evacuation Pause)
[2024-05-30T14:25:33.282+0000][13872.701s][info][gc,task     ] GC(2978) Using 6 workers of 6 for evacuation
[2024-05-30T14:25:33.296+0000][13872.715s][info][gc,phases   ] GC(2978)   Pre Evacuate Collection Set: 0.2ms
[2024-05-30T14:25:33.296+0000][13872.715s][info][gc,phases   ] GC(2978)   Merge Heap Roots: 0.2ms
[2024-05-30T14:25:33.296+0000][13872.715s][info][gc,phases   ] GC(2978)   Evacuate Collection Set: 11.0ms
[2024-05-30T14:25:33.296+0000][13872.715s][info][gc,phases   ] GC(2978)   Post Evacuate Collection Set: 1.8ms
[2024-05-30T14:25:33.296+0000][13872.715s][info][gc,phases   ] GC(2978)   Other: 0.3ms
[2024-05-30T14:25:33.296+0000][13872.715s][info][gc,heap     ] GC(2978) Eden regions: 864->0(864)
[2024-05-30T14:25:33.296+0000][13872.715s][info][gc,heap     ] GC(2978) Survivor regions: 6->7(109)
[2024-05-30T14:25:33.296+0000][13872.715s][info][gc,heap     ] GC(2978) Old regions: 338->338
[2024-05-30T14:25:33.296+0000][13872.715s][info][gc,heap     ] GC(2978) Archive regions: 2->2
[2024-05-30T14:25:33.296+0000][13872.715s][info][gc,heap     ] GC(2978) Humongous regions: 5->5
[2024-05-30T14:25:33.296+0000][13872.715s][info][gc,metaspace] GC(2978) Metaspace: 434074K(440256K)->434074K(440256K) NonClass: 380067K(383424K)->380067K(383424K) Class: 54006K(56832K)->54006K(56832K)
[2024-05-30T14:25:33.296+0000][13872.715s][info][gc          ] GC(2978) Pause Young (Normal) (G1 Evacuation Pause) 9706M->2795M(12288M) 13.553ms
[2024-05-30T14:25:33.296+0000][13872.715s][info][gc,cpu      ] GC(2978) User=0.07s Sys=0.00s Real=0.01s
[2024-05-30T14:25:38.296+0000][13877.715s][info][gc,start    ] GC(2979) Pause Young (Concurrent Start) (G1 Evacuation Pause)
[2024-05-30T14:25:38.296+0000][13877.715s][info][gc,task     ] GC(2979) Using 6 workers of 6 for evacuation
[2024-05-30T14:25:38.313+0000][13877.732s][info][gc,phases   ] GC(2979)   Pre Evacuate Collection Set: 0.6ms
[2024-05-30T14:25:38.313+0000][13877.732s][info][gc,phases   ] GC(2979)   Merge Heap Roots: 0.2ms
[2024-05-30T14:25:38.313+0000][13877.732s][info][gc,phases   ] GC(2979)   Evacuate Collection Set: 14.0ms
[2024-05-30T14:25:38.313+0000][13877.732s][info][gc,phases   ] GC(2979)   Post Evacuate Collection Set: 1.8ms
[2024-05-30T14:25:38.313+0000][13877.732s][info][gc,phases   ] GC(2979)   Other: 0.3ms
[2024-05-30T14:25:38.313+0000][13877.732s][info][gc,heap     ] GC(2979) Eden regions: 864->0(863)
[2024-05-30T14:25:38.313+0000][13877.732s][info][gc,heap     ] GC(2979) Survivor regions: 7->8(109)
[2024-05-30T14:25:38.313+0000][13877.732s][info][gc,heap     ] GC(2979) Old regions: 338->338
[2024-05-30T14:25:38.313+0000][13877.732s][info][gc,heap     ] GC(2979) Archive regions: 2->2
[2024-05-30T14:25:38.313+0000][13877.732s][info][gc,heap     ] GC(2979) Humongous regions: 5->5
[2024-05-30T14:25:38.313+0000][13877.732s][info][gc,metaspace] GC(2979) Metaspace: 434076K(440256K)->434076K(440256K) NonClass: 380069K(383424K)->380069K(383424K) Class: 54006K(56832K)->54006K(56832K)
[2024-05-30T14:25:38.313+0000][13877.732s][info][gc          ] GC(2979) Pause Young (Concurrent Start) (G1 Evacuation Pause) 9707M->2809M(12288M) 16.924ms
[2024-05-30T14:25:38.313+0000][13877.732s][info][gc,cpu      ] GC(2979) User=0.10s Sys=0.00s Real=0.02s
[2024-05-30T14:25:38.313+0000][13877.732s][info][gc          ] GC(2980) Concurrent Mark Cycle
[2024-05-30T14:25:38.313+0000][13877.732s][info][gc,marking  ] GC(2980) Concurrent Clear Claimed Marks
[2024-05-30T14:25:38.313+0000][13877.732s][info][gc,marking  ] GC(2980) Concurrent Clear Claimed Marks 0.383ms
[2024-05-30T14:25:38.313+0000][13877.732s][info][gc,marking  ] GC(2980) Concurrent Scan Root Regions
[2024-05-30T14:25:38.329+0000][13877.748s][info][gc,marking  ] GC(2980) Concurrent Scan Root Regions 15.979ms
[2024-05-30T14:25:38.329+0000][13877.748s][info][gc,marking  ] GC(2980) Concurrent Mark
[2024-05-30T14:25:38.329+0000][13877.748s][info][gc,marking  ] GC(2980) Concurrent Mark From Roots
[2024-05-30T14:25:38.329+0000][13877.748s][info][gc,task     ] GC(2980) Using 2 workers of 2 for marking
[2024-05-30T14:25:41.058+0000][13880.478s][info][gc,marking  ] GC(2980) Concurrent Mark From Roots 2729.130ms
[2024-05-30T14:25:41.058+0000][13880.478s][info][gc,marking  ] GC(2980) Concurrent Preclean
[2024-05-30T14:25:41.060+0000][13880.479s][info][gc,marking  ] GC(2980) Concurrent Preclean 1.419ms
[2024-05-30T14:25:41.060+0000][13880.479s][info][gc,start    ] GC(2980) Pause Remark
[2024-05-30T14:25:41.084+0000][13880.504s][info][gc          ] GC(2980) Pause Remark 6129M->6129M(12288M) 24.343ms
[2024-05-30T14:25:41.084+0000][13880.504s][info][gc,cpu      ] GC(2980) User=0.10s Sys=0.00s Real=0.02s
[2024-05-30T14:25:41.084+0000][13880.504s][info][gc,marking  ] GC(2980) Concurrent Mark 2755.302ms
[2024-05-30T14:25:41.084+0000][13880.504s][info][gc,marking  ] GC(2980) Concurrent Rebuild Remembered Sets
[2024-05-30T14:25:42.643+0000][13882.063s][info][gc,marking  ] GC(2980) Concurrent Rebuild Remembered Sets 1558.901ms
[2024-05-30T14:25:42.644+0000][13882.063s][info][gc,start    ] GC(2980) Pause Cleanup
[2024-05-30T14:25:42.644+0000][13882.063s][info][gc          ] GC(2980) Pause Cleanup 7865M->7865M(12288M) 0.446ms
[2024-05-30T14:25:42.644+0000][13882.063s][info][gc,cpu      ] GC(2980) User=0.00s Sys=0.00s Real=0.00s
[2024-05-30T14:25:42.644+0000][13882.063s][info][gc,marking  ] GC(2980) Concurrent Cleanup for Next Mark
[2024-05-30T14:25:42.672+0000][13882.091s][info][gc,marking  ] GC(2980) Concurrent Cleanup for Next Mark 27.964ms
[2024-05-30T14:25:42.672+0000][13882.091s][info][gc          ] GC(2980) Concurrent Mark Cycle 4359.464ms
[2024-05-30T14:25:44.011+0000][13883.430s][info][gc,start    ] GC(2981) Pause Young (Prepare Mixed) (G1 Evacuation Pause)
[2024-05-30T14:25:44.011+0000][13883.430s][info][gc,task     ] GC(2981) Using 6 workers of 6 for evacuation
[2024-05-30T14:25:44.030+0000][13883.449s][info][gc,phases   ] GC(2981)   Pre Evacuate Collection Set: 0.2ms
[2024-05-30T14:25:44.030+0000][13883.449s][info][gc,phases   ] GC(2981)   Merge Heap Roots: 0.3ms
[2024-05-30T14:25:44.030+0000][13883.449s][info][gc,phases   ] GC(2981)   Evacuate Collection Set: 16.4ms
[2024-05-30T14:25:44.030+0000][13883.449s][info][gc,phases   ] GC(2981)   Post Evacuate Collection Set: 1.8ms
[2024-05-30T14:25:44.030+0000][13883.449s][info][gc,phases   ] GC(2981)   Other: 0.2ms
[2024-05-30T14:25:44.030+0000][13883.449s][info][gc,heap     ] GC(2981) Eden regions: 863->0(66)
[2024-05-30T14:25:44.030+0000][13883.449s][info][gc,heap     ] GC(2981) Survivor regions: 8->10(109)
[2024-05-30T14:25:44.030+0000][13883.449s][info][gc,heap     ] GC(2981) Old regions: 338->338
[2024-05-30T14:25:44.030+0000][13883.449s][info][gc,heap     ] GC(2981) Archive regions: 2->2
[2024-05-30T14:25:44.030+0000][13883.449s][info][gc,heap     ] GC(2981) Humongous regions: 5->5
[2024-05-30T14:25:44.030+0000][13883.449s][info][gc,metaspace] GC(2981) Metaspace: 434079K(440256K)->434079K(440256K) NonClass: 380073K(383424K)->380073K(383424K) Class: 54006K(56832K)->54006K(56832K)
[2024-05-30T14:25:44.030+0000][13883.449s][info][gc          ] GC(2981) Pause Young (Prepare Mixed) (G1 Evacuation Pause) 9713M->2820M(12288M) 19.033ms
[2024-05-30T14:25:44.030+0000][13883.449s][info][gc,cpu      ] GC(2981) User=0.11s Sys=0.00s Real=0.02s
[2024-05-30T14:25:44.394+0000][13883.813s][info][gc,start    ] GC(2982) Pause Young (Mixed) (G1 Evacuation Pause)
[2024-05-30T14:25:44.394+0000][13883.813s][info][gc,task     ] GC(2982) Using 6 workers of 6 for evacuation
[2024-05-30T14:25:44.442+0000][13883.861s][info][gc,phases   ] GC(2982)   Pre Evacuate Collection Set: 0.2ms
[2024-05-30T14:25:44.442+0000][13883.861s][info][gc,phases   ] GC(2982)   Merge Heap Roots: 0.3ms
[2024-05-30T14:25:44.442+0000][13883.861s][info][gc,phases   ] GC(2982)   Evacuate Collection Set: 46.1ms
[2024-05-30T14:25:44.442+0000][13883.861s][info][gc,phases   ] GC(2982)   Post Evacuate Collection Set: 1.4ms
[2024-05-30T14:25:44.442+0000][13883.861s][info][gc,phases   ] GC(2982)   Other: 0.2ms
[2024-05-30T14:25:44.442+0000][13883.861s][info][gc,heap     ] GC(2982) Eden regions: 66->0(865)
[2024-05-30T14:25:44.442+0000][13883.861s][info][gc,heap     ] GC(2982) Survivor regions: 10->5(10)
[2024-05-30T14:25:44.442+0000][13883.861s][info][gc,heap     ] GC(2982) Old regions: 338->339
[2024-05-30T14:25:44.442+0000][13883.861s][info][gc,heap     ] GC(2982) Archive regions: 2->2
[2024-05-30T14:25:44.442+0000][13883.861s][info][gc,heap     ] GC(2982) Humongous regions: 5->5
[2024-05-30T14:25:44.442+0000][13883.861s][info][gc,metaspace] GC(2982) Metaspace: 434079K(440256K)->434079K(440256K) NonClass: 380073K(383424K)->380073K(383424K) Class: 54006K(56832K)->54006K(56832K)
[2024-05-30T14:25:44.442+0000][13883.861s][info][gc          ] GC(2982) Pause Young (Mixed) (G1 Evacuation Pause) 3348M->2789M(12288M) 48.225ms
[2024-05-30T14:25:44.442+0000][13883.861s][info][gc,cpu      ] GC(2982) User=0.28s Sys=0.00s Real=0.05s
[2024-05-30T14:25:49.189+0000][13888.608s][info][gc,start    ] GC(2983) Pause Young (Normal) (G1 Evacuation Pause)
[2024-05-30T14:25:49.189+0000][13888.608s][info][gc,task     ] GC(2983) Using 6 workers of 6 for evacuation
[2024-05-30T14:25:49.199+0000][13888.618s][info][gc,phases   ] GC(2983)   Pre Evacuate Collection Set: 0.2ms
[2024-05-30T14:25:49.199+0000][13888.618s][info][gc,phases   ] GC(2983)   Merge Heap Roots: 0.2ms
[2024-05-30T14:25:49.199+0000][13888.618s][info][gc,phases   ] GC(2983)   Evacuate Collection Set: 7.9ms
[2024-05-30T14:25:49.199+0000][13888.618s][info][gc,phases   ] GC(2983)   Post Evacuate Collection Set: 1.8ms
[2024-05-30T14:25:49.199+0000][13888.618s][info][gc,phases   ] GC(2983)   Other: 0.2ms
[2024-05-30T14:25:49.199+0000][13888.618s][info][gc,heap     ] GC(2983) Eden regions: 865->0(865)
[2024-05-30T14:25:49.199+0000][13888.618s][info][gc,heap     ] GC(2983) Survivor regions: 5->5(109)
[2024-05-30T14:25:49.199+0000][13888.618s][info][gc,heap     ] GC(2983) Old regions: 339->339
[2024-05-30T14:25:49.199+0000][13888.618s][info][gc,heap     ] GC(2983) Archive regions: 2->2
[2024-05-30T14:25:49.199+0000][13888.618s][info][gc,heap     ] GC(2983) Humongous regions: 5->5
[2024-05-30T14:25:49.199+0000][13888.618s][info][gc,metaspace] GC(2983) Metaspace: 434079K(440256K)->434079K(440256K) NonClass: 380073K(383424K)->380073K(383424K) Class: 54006K(56832K)->54006K(56832K)
[2024-05-30T14:25:49.199+0000][13888.618s][info][gc          ] GC(2983) Pause Young (Normal) (G1 Evacuation Pause) 9709M->2790M(12288M) 10.311ms
[2024-05-30T14:25:49.199+0000][13888.618s][info][gc,cpu      ] GC(2983) User=0.06s Sys=0.00s Real=0.01s
[2024-05-30T14:25:54.207+0000][13893.626s][info][gc,start    ] GC(2984) Pause Young (Normal) (G1 Evacuation Pause)
[2024-05-30T14:25:54.207+0000][13893.626s][info][gc,task     ] GC(2984) Using 6 workers of 6 for evacuation
[2024-05-30T14:25:54.221+0000][13893.640s][info][gc,phases   ] GC(2984)   Pre Evacuate Collection Set: 0.2ms
[2024-05-30T14:25:54.221+0000][13893.640s][info][gc,phases   ] GC(2984)   Merge Heap Roots: 0.2ms
[2024-05-30T14:25:54.221+0000][13893.640s][info][gc,phases   ] GC(2984)   Evacuate Collection Set: 11.1ms
[2024-05-30T14:25:54.221+0000][13893.640s][info][gc,phases   ] GC(2984)   Post Evacuate Collection Set: 2.0ms
[2024-05-30T14:25:54.221+0000][13893.640s][info][gc,phases   ] GC(2984)   Other: 0.2ms
[2024-05-30T14:25:54.221+0000][13893.640s][info][gc,heap     ] GC(2984) Eden regions: 865->0(862)
[2024-05-30T14:25:54.221+0000][13893.640s][info][gc,heap     ] GC(2984) Survivor regions: 5->7(109)
[2024-05-30T14:25:54.221+0000][13893.640s][info][gc,heap     ] GC(2984) Old regions: 339->339
[2024-05-30T14:25:54.221+0000][13893.640s][info][gc,heap     ] GC(2984) Archive regions: 2->2
[2024-05-30T14:25:54.221+0000][13893.640s][info][gc,heap     ] GC(2984) Humongous regions: 5->5
[2024-05-30T14:25:54.221+0000][13893.640s][info][gc,metaspace] GC(2984) Metaspace: 434079K(440256K)->434079K(440256K) NonClass: 380073K(383424K)->380073K(383424K) Class: 54006K(56832K)->54006K(56832K)
[2024-05-30T14:25:54.221+0000][13893.640s][info][gc          ] GC(2984) Pause Young (Normal) (G1 Evacuation Pause) 9710M->2807M(12288M) 13.770ms
[2024-05-30T14:25:54.221+0000][13893.640s][info][gc,cpu      ] GC(2984) User=0.08s Sys=0.00s Real=0.02s
[2024-05-30T14:25:59.164+0000][13898.583s][info][gc,start    ] GC(2985) Pause Young (Concurrent Start) (G1 Evacuation Pause)
[2024-05-30T14:25:59.164+0000][13898.583s][info][gc,task     ] GC(2985) Using 6 workers of 6 for evacuation
[2024-05-30T14:25:59.182+0000][13898.602s][info][gc,phases   ] GC(2985)   Pre Evacuate Collection Set: 0.6ms
[2024-05-30T14:25:59.182+0000][13898.602s][info][gc,phases   ] GC(2985)   Merge Heap Roots: 0.2ms
[2024-05-30T14:25:59.182+0000][13898.602s][info][gc,phases   ] GC(2985)   Evacuate Collection Set: 15.6ms
[2024-05-30T14:25:59.182+0000][13898.602s][info][gc,phases   ] GC(2985)   Post Evacuate Collection Set: 1.9ms
[2024-05-30T14:25:59.182+0000][13898.602s][info][gc,phases   ] GC(2985)   Other: 0.3ms
[2024-05-30T14:25:59.182+0000][13898.602s][info][gc,heap     ] GC(2985) Eden regions: 862->0(862)
[2024-05-30T14:25:59.182+0000][13898.602s][info][gc,heap     ] GC(2985) Survivor regions: 7->8(109)
[2024-05-30T14:25:59.182+0000][13898.602s][info][gc,heap     ] GC(2985) Old regions: 339->339
[2024-05-30T14:25:59.183+0000][13898.602s][info][gc,heap     ] GC(2985) Archive regions: 2->2
[2024-05-30T14:25:59.183+0000][13898.602s][info][gc,heap     ] GC(2985) Humongous regions: 5->5
[2024-05-30T14:25:59.183+0000][13898.602s][info][gc,metaspace] GC(2985) Metaspace: 434079K(440256K)->434079K(440256K) NonClass: 380073K(383424K)->380073K(383424K) Class: 54006K(56832K)->54006K(56832K)
[2024-05-30T14:25:59.183+0000][13898.602s][info][gc          ] GC(2985) Pause Young (Concurrent Start) (G1 Evacuation Pause) 9703M->2813M(12288M) 18.706ms
[2024-05-30T14:25:59.183+0000][13898.602s][info][gc,cpu      ] GC(2985) User=0.11s Sys=0.00s Real=0.02s
[2024-05-30T14:25:59.183+0000][13898.602s][info][gc          ] GC(2986) Concurrent Mark Cycle
[2024-05-30T14:25:59.183+0000][13898.602s][info][gc,marking  ] GC(2986) Concurrent Clear Claimed Marks
[2024-05-30T14:25:59.183+0000][13898.602s][info][gc,marking  ] GC(2986) Concurrent Clear Claimed Marks 0.330ms
[2024-05-30T14:25:59.183+0000][13898.602s][info][gc,marking  ] GC(2986) Concurrent Scan Root Regions
[2024-05-30T14:25:59.195+0000][13898.615s][info][gc,marking  ] GC(2986) Concurrent Scan Root Regions 12.404ms
[2024-05-30T14:25:59.195+0000][13898.615s][info][gc,marking  ] GC(2986) Concurrent Mark
[2024-05-30T14:25:59.195+0000][13898.615s][info][gc,marking  ] GC(2986) Concurrent Mark From Roots
[2024-05-30T14:25:59.195+0000][13898.615s][info][gc,task     ] GC(2986) Using 2 workers of 2 for marking
[2024-05-30T14:26:01.971+0000][13901.390s][info][gc,marking  ] GC(2986) Concurrent Mark From Roots 2775.414ms
[2024-05-30T14:26:01.971+0000][13901.390s][info][gc,marking  ] GC(2986) Concurrent Preclean
[2024-05-30T14:26:01.972+0000][13901.392s][info][gc,marking  ] GC(2986) Concurrent Preclean 1.604ms
[2024-05-30T14:26:01.973+0000][13901.392s][info][gc,start    ] GC(2986) Pause Remark
[2024-05-30T14:26:01.999+0000][13901.418s][info][gc          ] GC(2986) Pause Remark 6181M->6181M(12288M) 25.848ms
[2024-05-30T14:26:01.999+0000][13901.418s][info][gc,cpu      ] GC(2986) User=0.11s Sys=0.00s Real=0.03s
[2024-05-30T14:26:01.999+0000][13901.418s][info][gc,marking  ] GC(2986) Concurrent Mark 2803.346ms
[2024-05-30T14:26:01.999+0000][13901.418s][info][gc,marking  ] GC(2986) Concurrent Rebuild Remembered Sets
[2024-05-30T14:26:03.543+0000][13902.962s][info][gc,marking  ] GC(2986) Concurrent Rebuild Remembered Sets 1543.819ms
[2024-05-30T14:26:03.543+0000][13902.962s][info][gc,start    ] GC(2986) Pause Cleanup
[2024-05-30T14:26:03.543+0000][13902.963s][info][gc          ] GC(2986) Pause Cleanup 8097M->8097M(12288M) 0.446ms
[2024-05-30T14:26:03.543+0000][13902.963s][info][gc,cpu      ] GC(2986) User=0.00s Sys=0.00s Real=0.00s
[2024-05-30T14:26:03.543+0000][13902.963s][info][gc,marking  ] GC(2986) Concurrent Cleanup for Next Mark
[2024-05-30T14:26:03.571+0000][13902.991s][info][gc,marking  ] GC(2986) Concurrent Cleanup for Next Mark 28.069ms
[2024-05-30T14:26:03.572+0000][13902.991s][info][gc          ] GC(2986) Concurrent Mark Cycle 4388.887ms
[2024-05-30T14:26:04.668+0000][13904.088s][info][gc,start    ] GC(2987) Pause Young (Prepare Mixed) (G1 Evacuation Pause)
[2024-05-30T14:26:04.668+0000][13904.088s][info][gc,task     ] GC(2987) Using 6 workers of 6 for evacuation
[2024-05-30T14:26:04.686+0000][13904.106s][info][gc,phases   ] GC(2987)   Pre Evacuate Collection Set: 0.2ms
[2024-05-30T14:26:04.686+0000][13904.106s][info][gc,phases   ] GC(2987)   Merge Heap Roots: 0.3ms
[2024-05-30T14:26:04.686+0000][13904.106s][info][gc,phases   ] GC(2987)   Evacuate Collection Set: 15.6ms
[2024-05-30T14:26:04.686+0000][13904.106s][info][gc,phases   ] GC(2987)   Post Evacuate Collection Set: 1.8ms
[2024-05-30T14:26:04.686+0000][13904.106s][info][gc,phases   ] GC(2987)   Other: 0.2ms
[2024-05-30T14:26:04.686+0000][13904.106s][info][gc,heap     ] GC(2987) Eden regions: 862->0(69)
[2024-05-30T14:26:04.686+0000][13904.106s][info][gc,heap     ] GC(2987) Survivor regions: 8->7(109)
[2024-05-30T14:26:04.686+0000][13904.106s][info][gc,heap     ] GC(2987) Old regions: 339->339
[2024-05-30T14:26:04.686+0000][13904.106s][info][gc,heap     ] GC(2987) Archive regions: 2->2
[2024-05-30T14:26:04.686+0000][13904.106s][info][gc,heap     ] GC(2987) Humongous regions: 5->5
[2024-05-30T14:26:04.686+0000][13904.106s][info][gc,metaspace] GC(2987) Metaspace: 434079K(440256K)->434079K(440256K) NonClass: 380073K(383424K)->380073K(383424K) Class: 54006K(56832K)->54006K(56832K)
[2024-05-30T14:26:04.686+0000][13904.106s][info][gc          ] GC(2987) Pause Young (Prepare Mixed) (G1 Evacuation Pause) 9709M->2808M(12288M) 18.105ms
[2024-05-30T14:26:04.686+0000][13904.106s][info][gc,cpu      ] GC(2987) User=0.10s Sys=0.01s Real=0.01s
[2024-05-30T14:26:05.084+0000][13904.503s][info][gc,start    ] GC(2988) Pause Young (Mixed) (G1 Evacuation Pause)
[2024-05-30T14:26:05.084+0000][13904.503s][info][gc,task     ] GC(2988) Using 6 workers of 6 for evacuation
[2024-05-30T14:26:05.134+0000][13904.553s][info][gc,phases   ] GC(2988)   Pre Evacuate Collection Set: 0.2ms
[2024-05-30T14:26:05.134+0000][13904.553s][info][gc,phases   ] GC(2988)   Merge Heap Roots: 0.4ms
[2024-05-30T14:26:05.134+0000][13904.553s][info][gc,phases   ] GC(2988)   Evacuate Collection Set: 48.2ms
[2024-05-30T14:26:05.134+0000][13904.553s][info][gc,phases   ] GC(2988)   Post Evacuate Collection Set: 1.3ms
[2024-05-30T14:26:05.134+0000][13904.553s][info][gc,phases   ] GC(2988)   Other: 0.2ms
[2024-05-30T14:26:05.134+0000][13904.553s][info][gc,heap     ] GC(2988) Eden regions: 69->0(865)
[2024-05-30T14:26:05.134+0000][13904.553s][info][gc,heap     ] GC(2988) Survivor regions: 7->6(10)
[2024-05-30T14:26:05.134+0000][13904.553s][info][gc,heap     ] GC(2988) Old regions: 339->338
[2024-05-30T14:26:05.134+0000][13904.553s][info][gc,heap     ] GC(2988) Archive regions: 2->2
[2024-05-30T14:26:05.134+0000][13904.553s][info][gc,heap     ] GC(2988) Humongous regions: 5->5
[2024-05-30T14:26:05.134+0000][13904.553s][info][gc,metaspace] GC(2988) Metaspace: 434079K(440256K)->434079K(440256K) NonClass: 380073K(383424K)->380073K(383424K) Class: 54006K(56832K)->54006K(56832K)
[2024-05-30T14:26:05.134+0000][13904.553s][info][gc          ] GC(2988) Pause Young (Mixed) (G1 Evacuation Pause) 3360M->2789M(12288M) 50.367ms
[2024-05-30T14:26:05.134+0000][13904.553s][info][gc,cpu      ] GC(2988) User=0.29s Sys=0.00s Real=0.05s
[2024-05-30T14:26:10.112+0000][13909.531s][info][gc,start    ] GC(2989) Pause Young (Normal) (G1 Evacuation Pause)
[2024-05-30T14:26:10.112+0000][13909.531s][info][gc,task     ] GC(2989) Using 6 workers of 6 for evacuation
[2024-05-30T14:26:10.127+0000][13909.547s][info][gc,phases   ] GC(2989)   Pre Evacuate Collection Set: 0.2ms
[2024-05-30T14:26:10.127+0000][13909.547s][info][gc,phases   ] GC(2989)   Merge Heap Roots: 0.3ms
[2024-05-30T14:26:10.127+0000][13909.547s][info][gc,phases   ] GC(2989)   Evacuate Collection Set: 13.2ms
[2024-05-30T14:26:10.127+0000][13909.547s][info][gc,phases   ] GC(2989)   Post Evacuate Collection Set: 2.0ms
[2024-05-30T14:26:10.127+0000][13909.547s][info][gc,phases   ] GC(2989)   Other: 0.2ms
[2024-05-30T14:26:10.127+0000][13909.547s][info][gc,heap     ] GC(2989) Eden regions: 865->0(863)
[2024-05-30T14:26:10.127+0000][13909.547s][info][gc,heap     ] GC(2989) Survivor regions: 6->8(109)
[2024-05-30T14:26:10.127+0000][13909.547s][info][gc,heap     ] GC(2989) Old regions: 338->338
[2024-05-30T14:26:10.128+0000][13909.547s][info][gc,heap     ] GC(2989) Archive regions: 2->2
[2024-05-30T14:26:10.128+0000][13909.547s][info][gc,heap     ] GC(2989) Humongous regions: 5->5
[2024-05-30T14:26:10.128+0000][13909.547s][info][gc,metaspace] GC(2989) Metaspace: 434079K(440256K)->434079K(440256K) NonClass: 380073K(383424K)->380073K(383424K) Class: 54006K(56832K)->54006K(56832K)
[2024-05-30T14:26:10.128+0000][13909.547s][info][gc          ] GC(2989) Pause Young (Normal) (G1 Evacuation Pause) 9709M->2802M(12288M) 15.801ms
[2024-05-30T14:26:10.128+0000][13909.547s][info][gc,cpu      ] GC(2989) User=0.10s Sys=0.00s Real=0.01s
[2024-05-30T14:26:14.155+0000][13913.574s][info][gc,start    ] GC(2990) Pause Young (Normal) (G1 Evacuation Pause)
[2024-05-30T14:26:14.155+0000][13913.574s][info][gc,task     ] GC(2990) Using 6 workers of 6 for evacuation
[2024-05-30T14:26:14.182+0000][13913.602s][info][gc,phases   ] GC(2990)   Pre Evacuate Collection Set: 0.2ms
[2024-05-30T14:26:14.182+0000][13913.602s][info][gc,phases   ] GC(2990)   Merge Heap Roots: 0.2ms
[2024-05-30T14:26:14.182+0000][13913.602s][info][gc,phases   ] GC(2990)   Evacuate Collection Set: 22.3ms
[2024-05-30T14:26:14.182+0000][13913.602s][info][gc,phases   ] GC(2990)   Post Evacuate Collection Set: 4.5ms
[2024-05-30T14:26:14.182+0000][13913.602s][info][gc,phases   ] GC(2990)   Other: 0.2ms
[2024-05-30T14:26:14.183+0000][13913.602s][info][gc,heap     ] GC(2990) Eden regions: 863->0(862)
[2024-05-30T14:26:14.183+0000][13913.602s][info][gc,heap     ] GC(2990) Survivor regions: 8->9(109)
[2024-05-30T14:26:14.183+0000][13913.602s][info][gc,heap     ] GC(2990) Old regions: 338->338
[2024-05-30T14:26:14.183+0000][13913.602s][info][gc,heap     ] GC(2990) Archive regions: 2->2
[2024-05-30T14:26:14.183+0000][13913.602s][info][gc,heap     ] GC(2990) Humongous regions: 5->5
[2024-05-30T14:26:14.183+0000][13913.602s][info][gc,metaspace] GC(2990) Metaspace: 434079K(440256K)->434079K(440256K) NonClass: 380073K(383424K)->380073K(383424K) Class: 54006K(56832K)->54006K(56832K)
[2024-05-30T14:26:14.183+0000][13913.602s][info][gc          ] GC(2990) Pause Young (Normal) (G1 Evacuation Pause) 9706M->2813M(12288M) 27.500ms
[2024-05-30T14:26:14.183+0000][13913.602s][info][gc,cpu      ] GC(2990) User=0.16s Sys=0.00s Real=0.03s
[2024-05-30T14:26:16.410+0000][13915.829s][info][gc,start    ] GC(2991) Pause Young (Concurrent Start) (G1 Evacuation Pause)
[2024-05-30T14:26:16.410+0000][13915.829s][info][gc,task     ] GC(2991) Using 6 workers of 6 for evacuation
[2024-05-30T14:26:16.487+0000][13915.906s][info][gc,phases   ] GC(2991)   Pre Evacuate Collection Set: 0.5ms
[2024-05-30T14:26:16.487+0000][13915.906s][info][gc,phases   ] GC(2991)   Merge Heap Roots: 0.2ms
[2024-05-30T14:26:16.487+0000][13915.906s][info][gc,phases   ] GC(2991)   Evacuate Collection Set: 60.4ms
[2024-05-30T14:26:16.487+0000][13915.906s][info][gc,phases   ] GC(2991)   Post Evacuate Collection Set: 15.9ms
[2024-05-30T14:26:16.487+0000][13915.906s][info][gc,phases   ] GC(2991)   Other: 0.3ms
[2024-05-30T14:26:16.487+0000][13915.906s][info][gc,heap     ] GC(2991) Eden regions: 862->0(856)
[2024-05-30T14:26:16.487+0000][13915.906s][info][gc,heap     ] GC(2991) Survivor regions: 9->13(109)
[2024-05-30T14:26:16.487+0000][13915.906s][info][gc,heap     ] GC(2991) Old regions: 338->338
[2024-05-30T14:26:16.487+0000][13915.906s][info][gc,heap     ] GC(2991) Archive regions: 2->2
[2024-05-30T14:26:16.487+0000][13915.906s][info][gc,heap     ] GC(2991) Humongous regions: 5->5
[2024-05-30T14:26:16.487+0000][13915.906s][info][gc,metaspace] GC(2991) Metaspace: 434079K(440256K)->434079K(440256K) NonClass: 380073K(383424K)->380073K(383424K) Class: 54006K(56832K)->54006K(56832K)
[2024-05-30T14:26:16.487+0000][13915.906s][info][gc          ] GC(2991) Pause Young (Concurrent Start) (G1 Evacuation Pause) 9709M->2841M(12288M) 77.390ms
[2024-05-30T14:26:16.487+0000][13915.906s][info][gc,cpu      ] GC(2991) User=0.46s Sys=0.00s Real=0.07s
[2024-05-30T14:26:16.487+0000][13915.906s][info][gc          ] GC(2992) Concurrent Mark Cycle
[2024-05-30T14:26:16.487+0000][13915.906s][info][gc,marking  ] GC(2992) Concurrent Clear Claimed Marks
[2024-05-30T14:26:16.487+0000][13915.907s][info][gc,marking  ] GC(2992) Concurrent Clear Claimed Marks 0.413ms
[2024-05-30T14:26:16.487+0000][13915.907s][info][gc,marking  ] GC(2992) Concurrent Scan Root Regions
[2024-05-30T14:26:16.532+0000][13915.952s][info][gc,marking  ] GC(2992) Concurrent Scan Root Regions 44.796ms
[2024-05-30T14:26:16.532+0000][13915.952s][info][gc,marking  ] GC(2992) Concurrent Mark
[2024-05-30T14:26:16.532+0000][13915.952s][info][gc,marking  ] GC(2992) Concurrent Mark From Roots
[2024-05-30T14:26:16.532+0000][13915.952s][info][gc,task     ] GC(2992) Using 2 workers of 2 for marking
[2024-05-30T14:26:19.209+0000][13918.628s][info][gc,start    ] GC(2993) Pause Young (Normal) (G1 Evacuation Pause)
[2024-05-30T14:26:19.209+0000][13918.629s][info][gc,task     ] GC(2993) Using 6 workers of 6 for evacuation
[2024-05-30T14:26:19.274+0000][13918.693s][info][gc,phases   ] GC(2993)   Pre Evacuate Collection Set: 0.2ms
[2024-05-30T14:26:19.274+0000][13918.693s][info][gc,phases   ] GC(2993)   Merge Heap Roots: 0.3ms
[2024-05-30T14:26:19.274+0000][13918.693s][info][gc,phases   ] GC(2993)   Evacuate Collection Set: 55.0ms
[2024-05-30T14:26:19.274+0000][13918.693s][info][gc,phases   ] GC(2993)   Post Evacuate Collection Set: 8.8ms
[2024-05-30T14:26:19.274+0000][13918.693s][info][gc,phases   ] GC(2993)   Other: 0.2ms
[2024-05-30T14:26:19.274+0000][13918.693s][info][gc,heap     ] GC(2993) Eden regions: 856->0(851)
[2024-05-30T14:26:19.274+0000][13918.693s][info][gc,heap     ] GC(2993) Survivor regions: 13->16(109)
[2024-05-30T14:26:19.274+0000][13918.693s][info][gc,heap     ] GC(2993) Old regions: 338->338
[2024-05-30T14:26:19.274+0000][13918.693s][info][gc,heap     ] GC(2993) Archive regions: 2->2
[2024-05-30T14:26:19.274+0000][13918.693s][info][gc,heap     ] GC(2993) Humongous regions: 5->5
[2024-05-30T14:26:19.274+0000][13918.693s][info][gc,metaspace] GC(2993) Metaspace: 434079K(440256K)->434079K(440256K) NonClass: 380073K(383424K)->380073K(383424K) Class: 54006K(56832K)->54006K(56832K)
[2024-05-30T14:26:19.274+0000][13918.693s][info][gc          ] GC(2993) Pause Young (Normal) (G1 Evacuation Pause) 9689M->2872M(12288M) 64.504ms
[2024-05-30T14:26:19.274+0000][13918.693s][info][gc,cpu      ] GC(2993) User=0.37s Sys=0.00s Real=0.06s
[2024-05-30T14:26:19.338+0000][13918.757s][info][gc,marking  ] GC(2992) Concurrent Mark From Roots 2805.256ms
[2024-05-30T14:26:19.338+0000][13918.757s][info][gc,marking  ] GC(2992) Concurrent Preclean
[2024-05-30T14:26:19.339+0000][13918.758s][info][gc,marking  ] GC(2992) Concurrent Preclean 1.218ms
[2024-05-30T14:26:19.339+0000][13918.758s][info][gc,start    ] GC(2992) Pause Remark
[2024-05-30T14:26:19.363+0000][13918.782s][info][gc          ] GC(2992) Pause Remark 3048M->3048M(12288M) 24.077ms
[2024-05-30T14:26:19.363+0000][13918.782s][info][gc,cpu      ] GC(2992) User=0.10s Sys=0.00s Real=0.02s
[2024-05-30T14:26:19.363+0000][13918.783s][info][gc,marking  ] GC(2992) Concurrent Mark 2830.946ms
[2024-05-30T14:26:19.363+0000][13918.783s][info][gc,marking  ] GC(2992) Concurrent Rebuild Remembered Sets
[2024-05-30T14:26:20.853+0000][13920.272s][info][gc,marking  ] GC(2992) Concurrent Rebuild Remembered Sets 1489.730ms
[2024-05-30T14:26:20.853+0000][13920.273s][info][gc,start    ] GC(2992) Pause Cleanup
[2024-05-30T14:26:20.854+0000][13920.273s][info][gc          ] GC(2992) Pause Cleanup 6928M->6928M(12288M) 0.460ms
[2024-05-30T14:26:20.854+0000][13920.273s][info][gc,cpu      ] GC(2992) User=0.00s Sys=0.00s Real=0.00s
[2024-05-30T14:26:20.854+0000][13920.273s][info][gc,marking  ] GC(2992) Concurrent Cleanup for Next Mark
[2024-05-30T14:26:20.882+0000][13920.301s][info][gc,marking  ] GC(2992) Concurrent Cleanup for Next Mark 28.231ms
[2024-05-30T14:26:20.882+0000][13920.301s][info][gc          ] GC(2992) Concurrent Mark Cycle 4395.083ms
[2024-05-30T14:26:21.740+0000][13921.159s][info][gc,start    ] GC(2994) Pause Young (Prepare Mixed) (G1 Evacuation Pause)
[2024-05-30T14:26:21.740+0000][13921.159s][info][gc,task     ] GC(2994) Using 6 workers of 6 for evacuation
[2024-05-30T14:26:21.823+0000][13921.242s][info][gc,phases   ] GC(2994)   Pre Evacuate Collection Set: 0.2ms
[2024-05-30T14:26:21.823+0000][13921.242s][info][gc,phases   ] GC(2994)   Merge Heap Roots: 0.3ms
[2024-05-30T14:26:21.823+0000][13921.242s][info][gc,phases   ] GC(2994)   Evacuate Collection Set: 68.9ms
[2024-05-30T14:26:21.823+0000][13921.243s][info][gc,phases   ] GC(2994)   Post Evacuate Collection Set: 14.2ms
[2024-05-30T14:26:21.823+0000][13921.243s][info][gc,phases   ] GC(2994)   Other: 0.2ms
[2024-05-30T14:26:21.823+0000][13921.243s][info][gc,heap     ] GC(2994) Eden regions: 851->0(57)
[2024-05-30T14:26:21.823+0000][13921.243s][info][gc,heap     ] GC(2994) Survivor regions: 16->19(109)
[2024-05-30T14:26:21.823+0000][13921.243s][info][gc,heap     ] GC(2994) Old regions: 338->338
[2024-05-30T14:26:21.823+0000][13921.243s][info][gc,heap     ] GC(2994) Archive regions: 2->2
[2024-05-30T14:26:21.823+0000][13921.243s][info][gc,heap     ] GC(2994) Humongous regions: 5->5
[2024-05-30T14:26:21.823+0000][13921.243s][info][gc,metaspace] GC(2994) Metaspace: 434079K(440256K)->434079K(440256K) NonClass: 380073K(383424K)->380073K(383424K) Class: 54006K(56832K)->54006K(56832K)
[2024-05-30T14:26:21.823+0000][13921.243s][info][gc          ] GC(2994) Pause Young (Prepare Mixed) (G1 Evacuation Pause) 9680M->2896M(12288M) 83.789ms
[2024-05-30T14:26:21.823+0000][13921.243s][info][gc,cpu      ] GC(2994) User=0.49s Sys=0.00s Real=0.08s
[2024-05-30T14:26:21.973+0000][13921.392s][info][gc,start    ] GC(2995) Pause Young (Mixed) (G1 Evacuation Pause)
[2024-05-30T14:26:21.973+0000][13921.392s][info][gc,task     ] GC(2995) Using 6 workers of 6 for evacuation
[2024-05-30T14:26:22.074+0000][13921.493s][info][gc,phases   ] GC(2995)   Pre Evacuate Collection Set: 0.2ms
[2024-05-30T14:26:22.074+0000][13921.493s][info][gc,phases   ] GC(2995)   Merge Heap Roots: 0.4ms
[2024-05-30T14:26:22.074+0000][13921.493s][info][gc,phases   ] GC(2995)   Evacuate Collection Set: 98.5ms
[2024-05-30T14:26:22.074+0000][13921.493s][info][gc,phases   ] GC(2995)   Post Evacuate Collection Set: 2.1ms
[2024-05-30T14:26:22.074+0000][13921.493s][info][gc,phases   ] GC(2995)   Other: 0.2ms
[2024-05-30T14:26:22.074+0000][13921.493s][info][gc,heap     ] GC(2995) Eden regions: 57->0(851)
[2024-05-30T14:26:22.074+0000][13921.493s][info][gc,heap     ] GC(2995) Survivor regions: 19->7(10)
[2024-05-30T14:26:22.074+0000][13921.493s][info][gc,heap     ] GC(2995) Old regions: 338->348
[2024-05-30T14:26:22.074+0000][13921.493s][info][gc,heap     ] GC(2995) Archive regions: 2->2
[2024-05-30T14:26:22.074+0000][13921.493s][info][gc,heap     ] GC(2995) Humongous regions: 5->5
[2024-05-30T14:26:22.074+0000][13921.493s][info][gc,metaspace] GC(2995) Metaspace: 434079K(440256K)->434079K(440256K) NonClass: 380073K(383424K)->380073K(383424K) Class: 54006K(56832K)->54006K(56832K)
[2024-05-30T14:26:22.074+0000][13921.493s][info][gc          ] GC(2995) Pause Young (Mixed) (G1 Evacuation Pause) 3352M->2878M(12288M) 101.419ms
[2024-05-30T14:26:22.074+0000][13921.493s][info][gc,cpu      ] GC(2995) User=0.60s Sys=0.00s Real=0.10s
[2024-05-30T14:26:24.220+0000][13923.639s][info][gc,start    ] GC(2996) Pause Young (Normal) (G1 Evacuation Pause)
[2024-05-30T14:26:24.220+0000][13923.639s][info][gc,task     ] GC(2996) Using 6 workers of 6 for evacuation
[2024-05-30T14:26:24.296+0000][13923.715s][info][gc,phases   ] GC(2996)   Pre Evacuate Collection Set: 0.2ms
[2024-05-30T14:26:24.296+0000][13923.715s][info][gc,phases   ] GC(2996)   Merge Heap Roots: 0.4ms
[2024-05-30T14:26:24.296+0000][13923.715s][info][gc,phases   ] GC(2996)   Evacuate Collection Set: 59.1ms
[2024-05-30T14:26:24.296+0000][13923.715s][info][gc,phases   ] GC(2996)   Post Evacuate Collection Set: 16.7ms
[2024-05-30T14:26:24.296+0000][13923.715s][info][gc,phases   ] GC(2996)   Other: 0.2ms
[2024-05-30T14:26:24.296+0000][13923.715s][info][gc,heap     ] GC(2996) Eden regions: 851->0(844)
[2024-05-30T14:26:24.296+0000][13923.715s][info][gc,heap     ] GC(2996) Survivor regions: 7->12(108)
[2024-05-30T14:26:24.296+0000][13923.715s][info][gc,heap     ] GC(2996) Old regions: 348->348
[2024-05-30T14:26:24.296+0000][13923.715s][info][gc,heap     ] GC(2996) Archive regions: 2->2
[2024-05-30T14:26:24.296+0000][13923.715s][info][gc,heap     ] GC(2996) Humongous regions: 5->5
[2024-05-30T14:26:24.296+0000][13923.715s][info][gc,metaspace] GC(2996) Metaspace: 434079K(440256K)->434079K(440256K) NonClass: 380073K(383424K)->380073K(383424K) Class: 54006K(56832K)->54006K(56832K)
[2024-05-30T14:26:24.296+0000][13923.716s][info][gc          ] GC(2996) Pause Young (Normal) (G1 Evacuation Pause) 9686M->2921M(12288M) 76.553ms
[2024-05-30T14:26:24.296+0000][13923.716s][info][gc,cpu      ] GC(2996) User=0.44s Sys=0.00s Real=0.08s
[2024-05-30T14:26:26.579+0000][13925.998s][info][gc,start    ] GC(2997) Pause Young (Normal) (G1 Evacuation Pause)
[2024-05-30T14:26:26.579+0000][13925.998s][info][gc,task     ] GC(2997) Using 6 workers of 6 for evacuation
[2024-05-30T14:26:26.657+0000][13926.077s][info][gc,phases   ] GC(2997)   Pre Evacuate Collection Set: 0.2ms
[2024-05-30T14:26:26.657+0000][13926.077s][info][gc,phases   ] GC(2997)   Merge Heap Roots: 0.4ms
[2024-05-30T14:26:26.657+0000][13926.077s][info][gc,phases   ] GC(2997)   Evacuate Collection Set: 64.6ms
[2024-05-30T14:26:26.657+0000][13926.077s][info][gc,phases   ] GC(2997)   Post Evacuate Collection Set: 12.7ms
[2024-05-30T14:26:26.657+0000][13926.077s][info][gc,phases   ] GC(2997)   Other: 0.2ms
[2024-05-30T14:26:26.657+0000][13926.077s][info][gc,heap     ] GC(2997) Eden regions: 844->0(841)
[2024-05-30T14:26:26.657+0000][13926.077s][info][gc,heap     ] GC(2997) Survivor regions: 12->15(107)
[2024-05-30T14:26:26.657+0000][13926.077s][info][gc,heap     ] GC(2997) Old regions: 348->348
[2024-05-30T14:26:26.657+0000][13926.077s][info][gc,heap     ] GC(2997) Archive regions: 2->2
[2024-05-30T14:26:26.657+0000][13926.077s][info][gc,heap     ] GC(2997) Humongous regions: 5->5
[2024-05-30T14:26:26.657+0000][13926.077s][info][gc,metaspace] GC(2997) Metaspace: 434079K(440256K)->434079K(440256K) NonClass: 380073K(383424K)->380073K(383424K) Class: 54006K(56832K)->54006K(56832K)
[2024-05-30T14:26:26.657+0000][13926.077s][info][gc          ] GC(2997) Pause Young (Normal) (G1 Evacuation Pause) 9673M->2946M(12288M) 78.179ms
[2024-05-30T14:26:26.657+0000][13926.077s][info][gc,cpu      ] GC(2997) User=0.45s Sys=0.00s Real=0.08s
[2024-05-30T14:26:28.919+0000][13928.339s][info][gc,start    ] GC(2998) Pause Young (Concurrent Start) (G1 Evacuation Pause)
[2024-05-30T14:26:28.919+0000][13928.339s][info][gc,task     ] GC(2998) Using 6 workers of 6 for evacuation
[2024-05-30T14:26:29.024+0000][13928.443s][info][gc,phases   ] GC(2998)   Pre Evacuate Collection Set: 0.5ms
[2024-05-30T14:26:29.024+0000][13928.443s][info][gc,phases   ] GC(2998)   Merge Heap Roots: 0.4ms
[2024-05-30T14:26:29.024+0000][13928.443s][info][gc,phases   ] GC(2998)   Evacuate Collection Set: 87.5ms
[2024-05-30T14:26:29.024+0000][13928.443s][info][gc,phases   ] GC(2998)   Post Evacuate Collection Set: 16.0ms
[2024-05-30T14:26:29.024+0000][13928.443s][info][gc,phases   ] GC(2998)   Other: 0.3ms
[2024-05-30T14:26:29.024+0000][13928.443s][info][gc,heap     ] GC(2998) Eden regions: 841->0(835)
[2024-05-30T14:26:29.024+0000][13928.443s][info][gc,heap     ] GC(2998) Survivor regions: 15->19(107)
[2024-05-30T14:26:29.024+0000][13928.443s][info][gc,heap     ] GC(2998) Old regions: 348->348
[2024-05-30T14:26:29.024+0000][13928.443s][info][gc,heap     ] GC(2998) Archive regions: 2->2
[2024-05-30T14:26:29.024+0000][13928.443s][info][gc,heap     ] GC(2998) Humongous regions: 5->5
[2024-05-30T14:26:29.024+0000][13928.443s][info][gc,metaspace] GC(2998) Metaspace: 434079K(440256K)->434079K(440256K) NonClass: 380073K(383424K)->380073K(383424K) Class: 54006K(56832K)->54006K(56832K)
[2024-05-30T14:26:29.024+0000][13928.443s][info][gc          ] GC(2998) Pause Young (Concurrent Start) (G1 Evacuation Pause) 9674M->2977M(12288M) 104.848ms
[2024-05-30T14:26:29.024+0000][13928.443s][info][gc,cpu      ] GC(2998) User=0.61s Sys=0.00s Real=0.10s
[2024-05-30T14:26:29.024+0000][13928.443s][info][gc          ] GC(2999) Concurrent Mark Cycle
[2024-05-30T14:26:29.024+0000][13928.443s][info][gc,marking  ] GC(2999) Concurrent Clear Claimed Marks
[2024-05-30T14:26:29.025+0000][13928.444s][info][gc,marking  ] GC(2999) Concurrent Clear Claimed Marks 0.429ms
[2024-05-30T14:26:29.025+0000][13928.444s][info][gc,marking  ] GC(2999) Concurrent Scan Root Regions
[2024-05-30T14:26:29.093+0000][13928.512s][info][gc,marking  ] GC(2999) Concurrent Scan Root Regions 68.444ms
[2024-05-30T14:26:29.093+0000][13928.512s][info][gc,marking  ] GC(2999) Concurrent Mark
[2024-05-30T14:26:29.093+0000][13928.512s][info][gc,marking  ] GC(2999) Concurrent Mark From Roots
[2024-05-30T14:26:29.093+0000][13928.512s][info][gc,task     ] GC(2999) Using 2 workers of 2 for marking
[2024-05-30T14:26:31.774+0000][13931.194s][info][gc,start    ] GC(3000) Pause Young (Normal) (G1 Evacuation Pause)
[2024-05-30T14:26:31.774+0000][13931.194s][info][gc,task     ] GC(3000) Using 6 workers of 6 for evacuation
[2024-05-30T14:26:31.890+0000][13931.309s][info][gc,phases   ] GC(3000)   Pre Evacuate Collection Set: 0.2ms
[2024-05-30T14:26:31.890+0000][13931.309s][info][gc,phases   ] GC(3000)   Merge Heap Roots: 0.5ms
[2024-05-30T14:26:31.890+0000][13931.310s][info][gc,phases   ] GC(3000)   Evacuate Collection Set: 99.3ms
[2024-05-30T14:26:31.890+0000][13931.310s][info][gc,phases   ] GC(3000)   Post Evacuate Collection Set: 15.8ms
[2024-05-30T14:26:31.890+0000][13931.310s][info][gc,phases   ] GC(3000)   Other: 0.2ms
[2024-05-30T14:26:31.890+0000][13931.310s][info][gc,heap     ] GC(3000) Eden regions: 835->0(831)
[2024-05-30T14:26:31.890+0000][13931.310s][info][gc,heap     ] GC(3000) Survivor regions: 19->21(107)
[2024-05-30T14:26:31.890+0000][13931.310s][info][gc,heap     ] GC(3000) Old regions: 348->348
[2024-05-30T14:26:31.890+0000][13931.310s][info][gc,heap     ] GC(3000) Archive regions: 2->2
[2024-05-30T14:26:31.890+0000][13931.310s][info][gc,heap     ] GC(3000) Humongous regions: 5->5
[2024-05-30T14:26:31.890+0000][13931.310s][info][gc,metaspace] GC(3000) Metaspace: 434079K(440256K)->434079K(440256K) NonClass: 380073K(383424K)->380073K(383424K) Class: 54006K(56832K)->54006K(56832K)
[2024-05-30T14:26:31.890+0000][13931.310s][info][gc          ] GC(3000) Pause Young (Normal) (G1 Evacuation Pause) 9657M->2994M(12288M) 115.976ms
[2024-05-30T14:26:31.890+0000][13931.310s][info][gc,cpu      ] GC(3000) User=0.69s Sys=0.00s Real=0.12s
[2024-05-30T14:26:31.986+0000][13931.405s][info][gc,marking  ] GC(2999) Concurrent Mark From Roots 2892.372ms
[2024-05-30T14:26:31.986+0000][13931.405s][info][gc,marking  ] GC(2999) Concurrent Preclean
[2024-05-30T14:26:31.987+0000][13931.407s][info][gc,marking  ] GC(2999) Concurrent Preclean 1.692ms
[2024-05-30T14:26:31.988+0000][13931.407s][info][gc,start    ] GC(2999) Pause Remark
[2024-05-30T14:26:32.012+0000][13931.431s][info][gc          ] GC(2999) Pause Remark 3198M->3198M(12288M) 24.259ms
[2024-05-30T14:26:32.012+0000][13931.431s][info][gc,cpu      ] GC(2999) User=0.10s Sys=0.00s Real=0.03s
[2024-05-30T14:26:32.012+0000][13931.431s][info][gc,marking  ] GC(2999) Concurrent Mark 2918.786ms
[2024-05-30T14:26:32.012+0000][13931.431s][info][gc,marking  ] GC(2999) Concurrent Rebuild Remembered Sets
[2024-05-30T14:26:33.553+0000][13932.973s][info][gc,marking  ] GC(2999) Concurrent Rebuild Remembered Sets 1541.384ms
[2024-05-30T14:26:33.554+0000][13932.973s][info][gc,start    ] GC(2999) Pause Cleanup
[2024-05-30T14:26:33.554+0000][13932.973s][info][gc          ] GC(2999) Pause Cleanup 7154M->7154M(12288M) 0.481ms
[2024-05-30T14:26:33.554+0000][13932.973s][info][gc,cpu      ] GC(2999) User=0.00s Sys=0.00s Real=0.00s
[2024-05-30T14:26:33.554+0000][13932.973s][info][gc,marking  ] GC(2999) Concurrent Cleanup for Next Mark
[2024-05-30T14:26:33.571+0000][13932.990s][info][gc,marking  ] GC(2999) Concurrent Cleanup for Next Mark 16.562ms
[2024-05-30T14:26:33.571+0000][13932.990s][info][gc          ] GC(2999) Concurrent Mark Cycle 4546.536ms
[2024-05-30T14:26:34.324+0000][13933.743s][info][gc,start    ] GC(3001) Pause Young (Prepare Mixed) (G1 Evacuation Pause)
[2024-05-30T14:26:34.324+0000][13933.743s][info][gc,task     ] GC(3001) Using 6 workers of 6 for evacuation
[2024-05-30T14:26:34.459+0000][13933.878s][info][gc,phases   ] GC(3001)   Pre Evacuate Collection Set: 0.2ms
[2024-05-30T14:26:34.459+0000][13933.878s][info][gc,phases   ] GC(3001)   Merge Heap Roots: 0.8ms
[2024-05-30T14:26:34.459+0000][13933.878s][info][gc,phases   ] GC(3001)   Evacuate Collection Set: 115.3ms
[2024-05-30T14:26:34.459+0000][13933.878s][info][gc,phases   ] GC(3001)   Post Evacuate Collection Set: 18.2ms
[2024-05-30T14:26:34.459+0000][13933.878s][info][gc,phases   ] GC(3001)   Other: 0.2ms
[2024-05-30T14:26:34.459+0000][13933.878s][info][gc,heap     ] GC(3001) Eden regions: 831->0(50)
[2024-05-30T14:26:34.459+0000][13933.878s][info][gc,heap     ] GC(3001) Survivor regions: 21->26(107)
[2024-05-30T14:26:34.459+0000][13933.878s][info][gc,heap     ] GC(3001) Old regions: 348->348
[2024-05-30T14:26:34.459+0000][13933.878s][info][gc,heap     ] GC(3001) Archive regions: 2->2
[2024-05-30T14:26:34.459+0000][13933.878s][info][gc,heap     ] GC(3001) Humongous regions: 5->5
[2024-05-30T14:26:34.459+0000][13933.878s][info][gc,metaspace] GC(3001) Metaspace: 434079K(440256K)->434079K(440256K) NonClass: 380073K(383424K)->380073K(383424K) Class: 54006K(56832K)->54006K(56832K)
[2024-05-30T14:26:34.459+0000][13933.878s][info][gc          ] GC(3001) Pause Young (Prepare Mixed) (G1 Evacuation Pause) 9642M->3030M(12288M) 134.738ms
[2024-05-30T14:26:34.459+0000][13933.878s][info][gc,cpu      ] GC(3001) User=0.79s Sys=0.00s Real=0.14s
[2024-05-30T14:26:34.620+0000][13934.039s][info][gc,start    ] GC(3002) Pause Young (Mixed) (G1 Evacuation Pause)
[2024-05-30T14:26:34.620+0000][13934.039s][info][gc,task     ] GC(3002) Using 6 workers of 6 for evacuation
[2024-05-30T14:26:34.729+0000][13934.148s][info][gc,phases   ] GC(3002)   Pre Evacuate Collection Set: 0.2ms
[2024-05-30T14:26:34.729+0000][13934.148s][info][gc,phases   ] GC(3002)   Merge Heap Roots: 0.4ms
[2024-05-30T14:26:34.729+0000][13934.148s][info][gc,phases   ] GC(3002)   Evacuate Collection Set: 105.5ms
[2024-05-30T14:26:34.729+0000][13934.148s][info][gc,phases   ] GC(3002)   Post Evacuate Collection Set: 2.7ms
[2024-05-30T14:26:34.729+0000][13934.148s][info][gc,phases   ] GC(3002)   Other: 0.2ms
[2024-05-30T14:26:34.729+0000][13934.148s][info][gc,heap     ] GC(3002) Eden regions: 50->0(838)
[2024-05-30T14:26:34.729+0000][13934.148s][info][gc,heap     ] GC(3002) Survivor regions: 26->3(10)
[2024-05-30T14:26:34.729+0000][13934.148s][info][gc,heap     ] GC(3002) Old regions: 348->363
[2024-05-30T14:26:34.729+0000][13934.148s][info][gc,heap     ] GC(3002) Archive regions: 2->2
[2024-05-30T14:26:34.729+0000][13934.148s][info][gc,heap     ] GC(3002) Humongous regions: 5->5
[2024-05-30T14:26:34.729+0000][13934.148s][info][gc,metaspace] GC(3002) Metaspace: 434079K(440256K)->434079K(440256K) NonClass: 380073K(383424K)->380073K(383424K) Class: 54006K(56832K)->54006K(56832K)
[2024-05-30T14:26:34.729+0000][13934.148s][info][gc          ] GC(3002) Pause Young (Mixed) (G1 Evacuation Pause) 3430M->2968M(12288M) 109.059ms
[2024-05-30T14:26:34.729+0000][13934.148s][info][gc,cpu      ] GC(3002) User=0.64s Sys=0.00s Real=0.11s
[2024-05-30T14:26:36.962+0000][13936.381s][info][gc,start    ] GC(3003) Pause Young (Normal) (G1 Evacuation Pause)
[2024-05-30T14:26:36.962+0000][13936.381s][info][gc,task     ] GC(3003) Using 6 workers of 6 for evacuation
[2024-05-30T14:26:37.030+0000][13936.450s][info][gc,phases   ] GC(3003)   Pre Evacuate Collection Set: 0.2ms
[2024-05-30T14:26:37.030+0000][13936.450s][info][gc,phases   ] GC(3003)   Merge Heap Roots: 0.3ms
[2024-05-30T14:26:37.030+0000][13936.450s][info][gc,phases   ] GC(3003)   Evacuate Collection Set: 51.8ms
[2024-05-30T14:26:37.030+0000][13936.450s][info][gc,phases   ] GC(3003)   Post Evacuate Collection Set: 15.8ms
[2024-05-30T14:26:37.030+0000][13936.450s][info][gc,phases   ] GC(3003)   Other: 0.2ms
[2024-05-30T14:26:37.030+0000][13936.450s][info][gc,heap     ] GC(3003) Eden regions: 838->0(834)
[2024-05-30T14:26:37.030+0000][13936.450s][info][gc,heap     ] GC(3003) Survivor regions: 3->7(106)
[2024-05-30T14:26:37.030+0000][13936.450s][info][gc,heap     ] GC(3003) Old regions: 363->363
[2024-05-30T14:26:37.030+0000][13936.450s][info][gc,heap     ] GC(3003) Archive regions: 2->2
[2024-05-30T14:26:37.030+0000][13936.450s][info][gc,heap     ] GC(3003) Humongous regions: 5->5
[2024-05-30T14:26:37.030+0000][13936.450s][info][gc,metaspace] GC(3003) Metaspace: 434079K(440256K)->434079K(440256K) NonClass: 380073K(383424K)->380073K(383424K) Class: 54006K(56832K)->54006K(56832K)
[2024-05-30T14:26:37.030+0000][13936.450s][info][gc          ] GC(3003) Pause Young (Normal) (G1 Evacuation Pause) 9672M->2996M(12288M) 68.395ms
[2024-05-30T14:26:37.030+0000][13936.450s][info][gc,cpu      ] GC(3003) User=0.40s Sys=0.00s Real=0.07s
[2024-05-30T14:26:39.111+0000][13938.530s][info][gc,start    ] GC(3004) Pause Young (Normal) (G1 Evacuation Pause)
[2024-05-30T14:26:39.111+0000][13938.530s][info][gc,task     ] GC(3004) Using 6 workers of 6 for evacuation
[2024-05-30T14:26:39.181+0000][13938.600s][info][gc,phases   ] GC(3004)   Pre Evacuate Collection Set: 0.2ms
[2024-05-30T14:26:39.181+0000][13938.600s][info][gc,phases   ] GC(3004)   Merge Heap Roots: 0.3ms
[2024-05-30T14:26:39.181+0000][13938.600s][info][gc,phases   ] GC(3004)   Evacuate Collection Set: 55.9ms
[2024-05-30T14:26:39.181+0000][13938.600s][info][gc,phases   ] GC(3004)   Post Evacuate Collection Set: 13.6ms
[2024-05-30T14:26:39.181+0000][13938.600s][info][gc,phases   ] GC(3004)   Other: 0.2ms
[2024-05-30T14:26:39.181+0000][13938.600s][info][gc,heap     ] GC(3004) Eden regions: 834->0(831)
[2024-05-30T14:26:39.181+0000][13938.600s][info][gc,heap     ] GC(3004) Survivor regions: 7->10(106)
[2024-05-30T14:26:39.181+0000][13938.600s][info][gc,heap     ] GC(3004) Old regions: 363->363
[2024-05-30T14:26:39.181+0000][13938.600s][info][gc,heap     ] GC(3004) Archive regions: 2->2
[2024-05-30T14:26:39.181+0000][13938.600s][info][gc,heap     ] GC(3004) Humongous regions: 5->5
[2024-05-30T14:26:39.181+0000][13938.600s][info][gc,metaspace] GC(3004) Metaspace: 434079K(440256K)->434079K(440256K) NonClass: 380073K(383424K)->380073K(383424K) Class: 54006K(56832K)->54006K(56832K)
[2024-05-30T14:26:39.181+0000][13938.600s][info][gc          ] GC(3004) Pause Young (Normal) (G1 Evacuation Pause) 9668M->3022M(12288M) 70.276ms
[2024-05-30T14:26:39.181+0000][13938.600s][info][gc,cpu      ] GC(3004) User=0.41s Sys=0.00s Real=0.07s
[2024-05-30T14:26:41.241+0000][13940.660s][info][gc,start    ] GC(3005) Pause Young (Concurrent Start) (G1 Evacuation Pause)
[2024-05-30T14:26:41.241+0000][13940.660s][info][gc,task     ] GC(3005) Using 6 workers of 6 for evacuation
[2024-05-30T14:26:41.327+0000][13940.746s][info][gc,phases   ] GC(3005)   Pre Evacuate Collection Set: 0.5ms
[2024-05-30T14:26:41.327+0000][13940.746s][info][gc,phases   ] GC(3005)   Merge Heap Roots: 0.3ms
[2024-05-30T14:26:41.327+0000][13940.746s][info][gc,phases   ] GC(3005)   Evacuate Collection Set: 68.8ms
[2024-05-30T14:26:41.327+0000][13940.746s][info][gc,phases   ] GC(3005)   Post Evacuate Collection Set: 16.6ms
[2024-05-30T14:26:41.327+0000][13940.746s][info][gc,phases   ] GC(3005)   Other: 0.3ms
[2024-05-30T14:26:41.327+0000][13940.746s][info][gc,heap     ] GC(3005) Eden regions: 831->0(828)
[2024-05-30T14:26:41.327+0000][13940.746s][info][gc,heap     ] GC(3005) Survivor regions: 10->14(106)
[2024-05-30T14:26:41.327+0000][13940.746s][info][gc,heap     ] GC(3005) Old regions: 363->363
[2024-05-30T14:26:41.327+0000][13940.746s][info][gc,heap     ] GC(3005) Archive regions: 2->2
[2024-05-30T14:26:41.327+0000][13940.746s][info][gc,heap     ] GC(3005) Humongous regions: 5->5
[2024-05-30T14:26:41.327+0000][13940.746s][info][gc,metaspace] GC(3005) Metaspace: 434079K(440256K)->434079K(440256K) NonClass: 380073K(383424K)->380073K(383424K) Class: 54006K(56832K)->54006K(56832K)
[2024-05-30T14:26:41.327+0000][13940.746s][info][gc          ] GC(3005) Pause Young (Concurrent Start) (G1 Evacuation Pause) 9670M->3056M(12288M) 86.696ms
[2024-05-30T14:26:41.327+0000][13940.747s][info][gc,cpu      ] GC(3005) User=0.49s Sys=0.00s Real=0.08s
[2024-05-30T14:26:41.327+0000][13940.747s][info][gc          ] GC(3006) Concurrent Mark Cycle
[2024-05-30T14:26:41.327+0000][13940.747s][info][gc,marking  ] GC(3006) Concurrent Clear Claimed Marks
[2024-05-30T14:26:41.328+0000][13940.747s][info][gc,marking  ] GC(3006) Concurrent Clear Claimed Marks 0.397ms
[2024-05-30T14:26:41.328+0000][13940.747s][info][gc,marking  ] GC(3006) Concurrent Scan Root Regions
[2024-05-30T14:26:41.374+0000][13940.793s][info][gc,marking  ] GC(3006) Concurrent Scan Root Regions 46.404ms
[2024-05-30T14:26:41.374+0000][13940.793s][info][gc,marking  ] GC(3006) Concurrent Mark
[2024-05-30T14:26:41.374+0000][13940.793s][info][gc,marking  ] GC(3006) Concurrent Mark From Roots
[2024-05-30T14:26:41.374+0000][13940.793s][info][gc,task     ] GC(3006) Using 2 workers of 2 for marking
[2024-05-30T14:26:44.043+0000][13943.462s][info][gc,start    ] GC(3007) Pause Young (Normal) (G1 Evacuation Pause)
[2024-05-30T14:26:44.043+0000][13943.462s][info][gc,task     ] GC(3007) Using 6 workers of 6 for evacuation
[2024-05-30T14:26:44.122+0000][13943.542s][info][gc,phases   ] GC(3007)   Pre Evacuate Collection Set: 0.2ms
[2024-05-30T14:26:44.122+0000][13943.542s][info][gc,phases   ] GC(3007)   Merge Heap Roots: 0.4ms
[2024-05-30T14:26:44.122+0000][13943.542s][info][gc,phases   ] GC(3007)   Evacuate Collection Set: 67.9ms
[2024-05-30T14:26:44.122+0000][13943.542s][info][gc,phases   ] GC(3007)   Post Evacuate Collection Set: 10.8ms
[2024-05-30T14:26:44.122+0000][13943.542s][info][gc,phases   ] GC(3007)   Other: 0.2ms
[2024-05-30T14:26:44.122+0000][13943.542s][info][gc,heap     ] GC(3007) Eden regions: 828->0(824)
[2024-05-30T14:26:44.122+0000][13943.542s][info][gc,heap     ] GC(3007) Survivor regions: 14->17(106)
[2024-05-30T14:26:44.122+0000][13943.542s][info][gc,heap     ] GC(3007) Old regions: 363->363
[2024-05-30T14:26:44.122+0000][13943.542s][info][gc,heap     ] GC(3007) Archive regions: 2->2
[2024-05-30T14:26:44.122+0000][13943.542s][info][gc,heap     ] GC(3007) Humongous regions: 5->5
[2024-05-30T14:26:44.122+0000][13943.542s][info][gc,metaspace] GC(3007) Metaspace: 434079K(440256K)->434079K(440256K) NonClass: 380073K(383424K)->380073K(383424K) Class: 54006K(56832K)->54006K(56832K)
[2024-05-30T14:26:44.122+0000][13943.542s][info][gc          ] GC(3007) Pause Young (Normal) (G1 Evacuation Pause) 9680M->3080M(12288M) 79.536ms
[2024-05-30T14:26:44.122+0000][13943.542s][info][gc,cpu      ] GC(3007) User=0.46s Sys=0.00s Real=0.08s
[2024-05-30T14:26:44.361+0000][13943.780s][info][gc,marking  ] GC(3006) Concurrent Mark From Roots 2986.344ms
[2024-05-30T14:26:44.361+0000][13943.780s][info][gc,marking  ] GC(3006) Concurrent Preclean
[2024-05-30T14:26:44.362+0000][13943.781s][info][gc,marking  ] GC(3006) Concurrent Preclean 1.498ms
[2024-05-30T14:26:44.362+0000][13943.782s][info][gc,start    ] GC(3006) Pause Remark
[2024-05-30T14:26:44.386+0000][13943.806s][info][gc          ] GC(3006) Pause Remark 3764M->3764M(12288M) 24.016ms
[2024-05-30T14:26:44.386+0000][13943.806s][info][gc,cpu      ] GC(3006) User=0.10s Sys=0.00s Real=0.02s
[2024-05-30T14:26:44.386+0000][13943.806s][info][gc,marking  ] GC(3006) Concurrent Mark 3012.258ms
[2024-05-30T14:26:44.386+0000][13943.806s][info][gc,marking  ] GC(3006) Concurrent Rebuild Remembered Sets
[2024-05-30T14:26:45.973+0000][13945.392s][info][gc,marking  ] GC(3006) Concurrent Rebuild Remembered Sets 1586.643ms
[2024-05-30T14:26:45.973+0000][13945.393s][info][gc,start    ] GC(3006) Pause Cleanup
[2024-05-30T14:26:45.974+0000][13945.393s][info][gc          ] GC(3006) Pause Cleanup 8392M->8392M(12288M) 0.518ms
[2024-05-30T14:26:45.974+0000][13945.393s][info][gc,cpu      ] GC(3006) User=0.00s Sys=0.00s Real=0.00s
[2024-05-30T14:26:45.974+0000][13945.393s][info][gc,marking  ] GC(3006) Concurrent Cleanup for Next Mark
[2024-05-30T14:26:45.991+0000][13945.410s][info][gc,marking  ] GC(3006) Concurrent Cleanup for Next Mark 16.769ms
[2024-05-30T14:26:45.991+0000][13945.410s][info][gc          ] GC(3006) Concurrent Mark Cycle 4663.427ms
[2024-05-30T14:26:46.372+0000][13945.791s][info][gc,start    ] GC(3008) Pause Young (Prepare Mixed) (G1 Evacuation Pause)
[2024-05-30T14:26:46.372+0000][13945.791s][info][gc,task     ] GC(3008) Using 6 workers of 6 for evacuation
[2024-05-30T14:26:46.422+0000][13945.842s][info][gc,phases   ] GC(3008)   Pre Evacuate Collection Set: 0.2ms
[2024-05-30T14:26:46.423+0000][13945.842s][info][gc,phases   ] GC(3008)   Merge Heap Roots: 0.3ms
[2024-05-30T14:26:46.423+0000][13945.842s][info][gc,phases   ] GC(3008)   Evacuate Collection Set: 47.8ms
[2024-05-30T14:26:46.423+0000][13945.842s][info][gc,phases   ] GC(3008)   Post Evacuate Collection Set: 1.8ms
[2024-05-30T14:26:46.423+0000][13945.842s][info][gc,phases   ] GC(3008)   Other: 0.2ms
[2024-05-30T14:26:46.423+0000][13945.842s][info][gc,heap     ] GC(3008) Eden regions: 824->0(59)
[2024-05-30T14:26:46.423+0000][13945.842s][info][gc,heap     ] GC(3008) Survivor regions: 17->17(106)
[2024-05-30T14:26:46.423+0000][13945.842s][info][gc,heap     ] GC(3008) Old regions: 363->363
[2024-05-30T14:26:46.423+0000][13945.842s][info][gc,heap     ] GC(3008) Archive regions: 2->2
[2024-05-30T14:26:46.423+0000][13945.842s][info][gc,heap     ] GC(3008) Humongous regions: 5->5
[2024-05-30T14:26:46.423+0000][13945.842s][info][gc,metaspace] GC(3008) Metaspace: 434079K(440256K)->434079K(440256K) NonClass: 380073K(383424K)->380073K(383424K) Class: 54006K(56832K)->54006K(56832K)
[2024-05-30T14:26:46.423+0000][13945.842s][info][gc          ] GC(3008) Pause Young (Prepare Mixed) (G1 Evacuation Pause) 9672M->3076M(12288M) 50.406ms
[2024-05-30T14:26:46.423+0000][13945.842s][info][gc,cpu      ] GC(3008) User=0.30s Sys=0.00s Real=0.05s
[2024-05-30T14:26:46.538+0000][13945.958s][info][gc,start    ] GC(3009) Pause Young (Mixed) (G1 Evacuation Pause)
[2024-05-30T14:26:46.538+0000][13945.958s][info][gc,task     ] GC(3009) Using 6 workers of 6 for evacuation
[2024-05-30T14:26:46.614+0000][13946.033s][info][gc,phases   ] GC(3009)   Pre Evacuate Collection Set: 0.2ms
[2024-05-30T14:26:46.614+0000][13946.033s][info][gc,phases   ] GC(3009)   Merge Heap Roots: 0.3ms
[2024-05-30T14:26:46.614+0000][13946.033s][info][gc,phases   ] GC(3009)   Evacuate Collection Set: 73.7ms
[2024-05-30T14:26:46.614+0000][13946.033s][info][gc,phases   ] GC(3009)   Post Evacuate Collection Set: 1.2ms
[2024-05-30T14:26:46.614+0000][13946.033s][info][gc,phases   ] GC(3009)   Other: 0.2ms
[2024-05-30T14:26:46.614+0000][13946.033s][info][gc,heap     ] GC(3009) Eden regions: 59->0(837)
[2024-05-30T14:26:46.614+0000][13946.033s][info][gc,heap     ] GC(3009) Survivor regions: 17->7(10)
[2024-05-30T14:26:46.614+0000][13946.033s][info][gc,heap     ] GC(3009) Old regions: 363->363
[2024-05-30T14:26:46.614+0000][13946.033s][info][gc,heap     ] GC(3009) Archive regions: 2->2
[2024-05-30T14:26:46.614+0000][13946.033s][info][gc,heap     ] GC(3009) Humongous regions: 5->5
[2024-05-30T14:26:46.614+0000][13946.033s][info][gc,metaspace] GC(3009) Metaspace: 434079K(440256K)->434079K(440256K) NonClass: 380073K(383424K)->380073K(383424K) Class: 54006K(56832K)->54006K(56832K)
[2024-05-30T14:26:46.614+0000][13946.033s][info][gc          ] GC(3009) Pause Young (Mixed) (G1 Evacuation Pause) 3548M->3000M(12288M) 75.669ms
[2024-05-30T14:26:46.614+0000][13946.033s][info][gc,cpu      ] GC(3009) User=0.45s Sys=0.00s Real=0.07s
[2024-05-30T14:26:50.980+0000][13950.399s][info][gc,start    ] GC(3010) Pause Young (Normal) (G1 Evacuation Pause)
[2024-05-30T14:26:50.980+0000][13950.400s][info][gc,task     ] GC(3010) Using 6 workers of 6 for evacuation
[2024-05-30T14:26:50.999+0000][13950.418s][info][gc,phases   ] GC(3010)   Pre Evacuate Collection Set: 0.2ms
[2024-05-30T14:26:50.999+0000][13950.419s][info][gc,phases   ] GC(3010)   Merge Heap Roots: 0.3ms
[2024-05-30T14:26:50.999+0000][13950.419s][info][gc,phases   ] GC(3010)   Evacuate Collection Set: 16.6ms
[2024-05-30T14:26:50.999+0000][13950.419s][info][gc,phases   ] GC(3010)   Post Evacuate Collection Set: 1.8ms
[2024-05-30T14:26:50.999+0000][13950.419s][info][gc,phases   ] GC(3010)   Other: 0.2ms
[2024-05-30T14:26:50.999+0000][13950.419s][info][gc,heap     ] GC(3010) Eden regions: 837->0(837)
[2024-05-30T14:26:50.999+0000][13950.419s][info][gc,heap     ] GC(3010) Survivor regions: 7->8(106)
[2024-05-30T14:26:50.999+0000][13950.419s][info][gc,heap     ] GC(3010) Old regions: 363->363
[2024-05-30T14:26:50.999+0000][13950.419s][info][gc,heap     ] GC(3010) Archive regions: 2->2
[2024-05-30T14:26:50.999+0000][13950.419s][info][gc,heap     ] GC(3010) Humongous regions: 5->5
[2024-05-30T14:26:50.999+0000][13950.419s][info][gc,metaspace] GC(3010) Metaspace: 434079K(440256K)->434079K(440256K) NonClass: 380073K(383424K)->380073K(383424K) Class: 54006K(56832K)->54006K(56832K)
[2024-05-30T14:26:50.999+0000][13950.419s][info][gc          ] GC(3010) Pause Young (Normal) (G1 Evacuation Pause) 9696M->3004M(12288M) 19.098ms
[2024-05-30T14:26:50.999+0000][13950.419s][info][gc,cpu      ] GC(3010) User=0.11s Sys=0.00s Real=0.02s
[2024-05-30T14:26:55.781+0000][13955.200s][info][gc,start    ] GC(3011) Pause Young (Normal) (G1 Evacuation Pause)
[2024-05-30T14:26:55.781+0000][13955.200s][info][gc,task     ] GC(3011) Using 6 workers of 6 for evacuation
[2024-05-30T14:26:55.803+0000][13955.222s][info][gc,phases   ] GC(3011)   Pre Evacuate Collection Set: 0.2ms
[2024-05-30T14:26:55.803+0000][13955.222s][info][gc,phases   ] GC(3011)   Merge Heap Roots: 0.3ms
[2024-05-30T14:26:55.803+0000][13955.222s][info][gc,phases   ] GC(3011)   Evacuate Collection Set: 19.2ms
[2024-05-30T14:26:55.803+0000][13955.222s][info][gc,phases   ] GC(3011)   Post Evacuate Collection Set: 2.0ms
[2024-05-30T14:26:55.803+0000][13955.222s][info][gc,phases   ] GC(3011)   Other: 0.2ms
[2024-05-30T14:26:55.803+0000][13955.222s][info][gc,heap     ] GC(3011) Eden regions: 837->0(836)
[2024-05-30T14:26:55.803+0000][13955.222s][info][gc,heap     ] GC(3011) Survivor regions: 8->9(106)
[2024-05-30T14:26:55.803+0000][13955.222s][info][gc,heap     ] GC(3011) Old regions: 363->363
[2024-05-30T14:26:55.803+0000][13955.222s][info][gc,heap     ] GC(3011) Archive regions: 2->2
[2024-05-30T14:26:55.803+0000][13955.222s][info][gc,heap     ] GC(3011) Humongous regions: 5->5
[2024-05-30T14:26:55.803+0000][13955.222s][info][gc,metaspace] GC(3011) Metaspace: 434079K(440256K)->434079K(440256K) NonClass: 380073K(383424K)->380073K(383424K) Class: 54006K(56832K)->54006K(56832K)
[2024-05-30T14:26:55.803+0000][13955.222s][info][gc          ] GC(3011) Pause Young (Normal) (G1 Evacuation Pause) 9700M->3016M(12288M) 21.813ms
[2024-05-30T14:26:55.803+0000][13955.222s][info][gc,cpu      ] GC(3011) User=0.12s Sys=0.01s Real=0.02s
[2024-05-30T14:27:00.601+0000][13960.020s][info][gc,start    ] GC(3012) Pause Young (Concurrent Start) (G1 Evacuation Pause)
[2024-05-30T14:27:00.601+0000][13960.020s][info][gc,task     ] GC(3012) Using 6 workers of 6 for evacuation
[2024-05-30T14:27:00.626+0000][13960.045s][info][gc,phases   ] GC(3012)   Pre Evacuate Collection Set: 0.5ms
[2024-05-30T14:27:00.626+0000][13960.045s][info][gc,phases   ] GC(3012)   Merge Heap Roots: 0.3ms
[2024-05-30T14:27:00.626+0000][13960.045s][info][gc,phases   ] GC(3012)   Evacuate Collection Set: 22.4ms
[2024-05-30T14:27:00.626+0000][13960.045s][info][gc,phases   ] GC(3012)   Post Evacuate Collection Set: 1.8ms
[2024-05-30T14:27:00.626+0000][13960.045s][info][gc,phases   ] GC(3012)   Other: 0.3ms
[2024-05-30T14:27:00.626+0000][13960.045s][info][gc,heap     ] GC(3012) Eden regions: 836->0(833)
[2024-05-30T14:27:00.626+0000][13960.045s][info][gc,heap     ] GC(3012) Survivor regions: 9->12(106)
[2024-05-30T14:27:00.626+0000][13960.045s][info][gc,heap     ] GC(3012) Old regions: 363->363
[2024-05-30T14:27:00.626+0000][13960.045s][info][gc,heap     ] GC(3012) Archive regions: 2->2
[2024-05-30T14:27:00.626+0000][13960.045s][info][gc,heap     ] GC(3012) Humongous regions: 5->5
[2024-05-30T14:27:00.626+0000][13960.045s][info][gc,metaspace] GC(3012) Metaspace: 434080K(440256K)->434080K(440256K) NonClass: 380073K(383424K)->380073K(383424K) Class: 54006K(56832K)->54006K(56832K)
[2024-05-30T14:27:00.626+0000][13960.045s][info][gc          ] GC(3012) Pause Young (Concurrent Start) (G1 Evacuation Pause) 9704M->3034M(12288M) 25.292ms
[2024-05-30T14:27:00.626+0000][13960.045s][info][gc,cpu      ] GC(3012) User=0.14s Sys=0.00s Real=0.02s
[2024-05-30T14:27:00.626+0000][13960.045s][info][gc          ] GC(3013) Concurrent Mark Cycle
[2024-05-30T14:27:00.626+0000][13960.045s][info][gc,marking  ] GC(3013) Concurrent Clear Claimed Marks
[2024-05-30T14:27:00.626+0000][13960.046s][info][gc,marking  ] GC(3013) Concurrent Clear Claimed Marks 0.400ms
[2024-05-30T14:27:00.626+0000][13960.046s][info][gc,marking  ] GC(3013) Concurrent Scan Root Regions
[2024-05-30T14:27:00.648+0000][13960.067s][info][gc,marking  ] GC(3013) Concurrent Scan Root Regions 21.793ms
[2024-05-30T14:27:00.648+0000][13960.067s][info][gc,marking  ] GC(3013) Concurrent Mark
[2024-05-30T14:27:00.648+0000][13960.067s][info][gc,marking  ] GC(3013) Concurrent Mark From Roots
[2024-05-30T14:27:00.648+0000][13960.067s][info][gc,task     ] GC(3013) Using 2 workers of 2 for marking
[2024-05-30T14:27:03.493+0000][13962.912s][info][gc,marking  ] GC(3013) Concurrent Mark From Roots 2844.412ms
[2024-05-30T14:27:03.493+0000][13962.912s][info][gc,marking  ] GC(3013) Concurrent Preclean
[2024-05-30T14:27:03.494+0000][13962.913s][info][gc,marking  ] GC(3013) Concurrent Preclean 1.438ms
[2024-05-30T14:27:03.494+0000][13962.913s][info][gc,start    ] GC(3013) Pause Remark
[2024-05-30T14:27:03.518+0000][13962.938s][info][gc          ] GC(3013) Pause Remark 6534M->6534M(12288M) 24.159ms
[2024-05-30T14:27:03.518+0000][13962.938s][info][gc,cpu      ] GC(3013) User=0.10s Sys=0.01s Real=0.03s
[2024-05-30T14:27:03.519+0000][13962.938s][info][gc,marking  ] GC(3013) Concurrent Mark 2870.351ms
[2024-05-30T14:27:03.519+0000][13962.938s][info][gc,marking  ] GC(3013) Concurrent Rebuild Remembered Sets
[2024-05-30T14:27:05.088+0000][13964.507s][info][gc,marking  ] GC(3013) Concurrent Rebuild Remembered Sets 1569.671ms
[2024-05-30T14:27:05.088+0000][13964.508s][info][gc,start    ] GC(3013) Pause Cleanup
[2024-05-30T14:27:05.089+0000][13964.508s][info][gc          ] GC(3013) Pause Cleanup 8538M->8538M(12288M) 0.505ms
[2024-05-30T14:27:05.089+0000][13964.508s][info][gc,cpu      ] GC(3013) User=0.00s Sys=0.00s Real=0.00s
[2024-05-30T14:27:05.089+0000][13964.508s][info][gc,marking  ] GC(3013) Concurrent Cleanup for Next Mark
[2024-05-30T14:27:05.106+0000][13964.525s][info][gc,marking  ] GC(3013) Concurrent Cleanup for Next Mark 16.841ms
[2024-05-30T14:27:05.106+0000][13964.525s][info][gc          ] GC(3013) Concurrent Mark Cycle 4480.062ms
[2024-05-30T14:27:05.929+0000][13965.349s][info][gc,start    ] GC(3014) Pause Young (Prepare Mixed) (G1 Evacuation Pause)
[2024-05-30T14:27:05.929+0000][13965.349s][info][gc,task     ] GC(3014) Using 6 workers of 6 for evacuation
[2024-05-30T14:27:05.957+0000][13965.376s][info][gc,phases   ] GC(3014)   Pre Evacuate Collection Set: 0.2ms
[2024-05-30T14:27:05.957+0000][13965.376s][info][gc,phases   ] GC(3014)   Merge Heap Roots: 0.4ms
[2024-05-30T14:27:05.957+0000][13965.376s][info][gc,phases   ] GC(3014)   Evacuate Collection Set: 25.0ms
[2024-05-30T14:27:05.957+0000][13965.376s][info][gc,phases   ] GC(3014)   Post Evacuate Collection Set: 1.8ms
[2024-05-30T14:27:05.957+0000][13965.376s][info][gc,phases   ] GC(3014)   Other: 0.2ms
[2024-05-30T14:27:05.957+0000][13965.376s][info][gc,heap     ] GC(3014) Eden regions: 833->0(64)
[2024-05-30T14:27:05.957+0000][13965.376s][info][gc,heap     ] GC(3014) Survivor regions: 12->12(106)
[2024-05-30T14:27:05.957+0000][13965.376s][info][gc,heap     ] GC(3014) Old regions: 363->363
[2024-05-30T14:27:05.957+0000][13965.376s][info][gc,heap     ] GC(3014) Archive regions: 2->2
[2024-05-30T14:27:05.957+0000][13965.376s][info][gc,heap     ] GC(3014) Humongous regions: 5->5
[2024-05-30T14:27:05.957+0000][13965.376s][info][gc,metaspace] GC(3014) Metaspace: 434080K(440256K)->434080K(440256K) NonClass: 380073K(383424K)->380073K(383424K) Class: 54006K(56832K)->54006K(56832K)
[2024-05-30T14:27:05.957+0000][13965.376s][info][gc          ] GC(3014) Pause Young (Prepare Mixed) (G1 Evacuation Pause) 9698M->3040M(12288M) 27.619ms
[2024-05-30T14:27:05.957+0000][13965.376s][info][gc,cpu      ] GC(3014) User=0.16s Sys=0.00s Real=0.03s
[2024-05-30T14:27:06.324+0000][13965.743s][info][gc,start    ] GC(3015) Pause Young (Mixed) (G1 Evacuation Pause)
[2024-05-30T14:27:06.324+0000][13965.743s][info][gc,task     ] GC(3015) Using 6 workers of 6 for evacuation
[2024-05-30T14:27:06.384+0000][13965.804s][info][gc,phases   ] GC(3015)   Pre Evacuate Collection Set: 0.2ms
[2024-05-30T14:27:06.384+0000][13965.804s][info][gc,phases   ] GC(3015)   Merge Heap Roots: 0.4ms
[2024-05-30T14:27:06.384+0000][13965.804s][info][gc,phases   ] GC(3015)   Evacuate Collection Set: 58.3ms
[2024-05-30T14:27:06.384+0000][13965.804s][info][gc,phases   ] GC(3015)   Post Evacuate Collection Set: 1.2ms
[2024-05-30T14:27:06.384+0000][13965.804s][info][gc,phases   ] GC(3015)   Other: 0.2ms
[2024-05-30T14:27:06.384+0000][13965.804s][info][gc,heap     ] GC(3015) Eden regions: 64->0(838)
[2024-05-30T14:27:06.384+0000][13965.804s][info][gc,heap     ] GC(3015) Survivor regions: 12->6(10)
[2024-05-30T14:27:06.384+0000][13965.804s][info][gc,heap     ] GC(3015) Old regions: 363->363
[2024-05-30T14:27:06.384+0000][13965.804s][info][gc,heap     ] GC(3015) Archive regions: 2->2
[2024-05-30T14:27:06.384+0000][13965.804s][info][gc,heap     ] GC(3015) Humongous regions: 5->5
[2024-05-30T14:27:06.384+0000][13965.804s][info][gc,metaspace] GC(3015) Metaspace: 434080K(440256K)->434080K(440256K) NonClass: 380073K(383424K)->380073K(383424K) Class: 54006K(56832K)->54006K(56832K)
[2024-05-30T14:27:06.384+0000][13965.804s][info][gc          ] GC(3015) Pause Young (Mixed) (G1 Evacuation Pause) 3552M->2983M(12288M) 60.320ms
[2024-05-30T14:27:06.384+0000][13965.804s][info][gc,cpu      ] GC(3015) User=0.35s Sys=0.01s Real=0.06s
[2024-05-30T14:27:11.215+0000][13970.634s][info][gc,start    ] GC(3016) Pause Young (Normal) (G1 Evacuation Pause)
[2024-05-30T14:27:11.215+0000][13970.634s][info][gc,task     ] GC(3016) Using 6 workers of 6 for evacuation
[2024-05-30T14:27:11.227+0000][13970.646s][info][gc,phases   ] GC(3016)   Pre Evacuate Collection Set: 0.2ms
[2024-05-30T14:27:11.227+0000][13970.646s][info][gc,phases   ] GC(3016)   Merge Heap Roots: 0.2ms
[2024-05-30T14:27:11.227+0000][13970.646s][info][gc,phases   ] GC(3016)   Evacuate Collection Set: 9.3ms
[2024-05-30T14:27:11.227+0000][13970.646s][info][gc,phases   ] GC(3016)   Post Evacuate Collection Set: 1.7ms
[2024-05-30T14:27:11.227+0000][13970.646s][info][gc,phases   ] GC(3016)   Other: 0.2ms
[2024-05-30T14:27:11.227+0000][13970.646s][info][gc,heap     ] GC(3016) Eden regions: 838->0(838)
[2024-05-30T14:27:11.227+0000][13970.646s][info][gc,heap     ] GC(3016) Survivor regions: 6->7(106)
[2024-05-30T14:27:11.227+0000][13970.646s][info][gc,heap     ] GC(3016) Old regions: 363->363
[2024-05-30T14:27:11.227+0000][13970.646s][info][gc,heap     ] GC(3016) Archive regions: 2->2
[2024-05-30T14:27:11.227+0000][13970.646s][info][gc,heap     ] GC(3016) Humongous regions: 5->5
[2024-05-30T14:27:11.227+0000][13970.646s][info][gc,metaspace] GC(3016) Metaspace: 434080K(440256K)->434080K(440256K) NonClass: 380073K(383424K)->380073K(383424K) Class: 54006K(56832K)->54006K(56832K)
[2024-05-30T14:27:11.227+0000][13970.646s][info][gc          ] GC(3016) Pause Young (Normal) (G1 Evacuation Pause) 9687M->2996M(12288M) 11.707ms
[2024-05-30T14:27:11.227+0000][13970.646s][info][gc,cpu      ] GC(3016) User=0.07s Sys=0.00s Real=0.01s
[2024-05-30T14:27:16.025+0000][13975.444s][info][gc,start    ] GC(3017) Pause Young (Normal) (G1 Evacuation Pause)
[2024-05-30T14:27:16.025+0000][13975.444s][info][gc,task     ] GC(3017) Using 6 workers of 6 for evacuation
[2024-05-30T14:27:16.038+0000][13975.458s][info][gc,phases   ] GC(3017)   Pre Evacuate Collection Set: 0.2ms
[2024-05-30T14:27:16.038+0000][13975.458s][info][gc,phases   ] GC(3017)   Merge Heap Roots: 0.2ms
[2024-05-30T14:27:16.038+0000][13975.458s][info][gc,phases   ] GC(3017)   Evacuate Collection Set: 11.3ms
[2024-05-30T14:27:16.038+0000][13975.458s][info][gc,phases   ] GC(3017)   Post Evacuate Collection Set: 1.8ms
[2024-05-30T14:27:16.038+0000][13975.458s][info][gc,phases   ] GC(3017)   Other: 0.2ms
[2024-05-30T14:27:16.038+0000][13975.458s][info][gc,heap     ] GC(3017) Eden regions: 838->0(838)
[2024-05-30T14:27:16.038+0000][13975.458s][info][gc,heap     ] GC(3017) Survivor regions: 7->7(106)
[2024-05-30T14:27:16.038+0000][13975.458s][info][gc,heap     ] GC(3017) Old regions: 363->363
[2024-05-30T14:27:16.038+0000][13975.458s][info][gc,heap     ] GC(3017) Archive regions: 2->2
[2024-05-30T14:27:16.038+0000][13975.458s][info][gc,heap     ] GC(3017) Humongous regions: 5->5
[2024-05-30T14:27:16.038+0000][13975.458s][info][gc,metaspace] GC(3017) Metaspace: 434080K(440256K)->434080K(440256K) NonClass: 380073K(383424K)->380073K(383424K) Class: 54006K(56832K)->54006K(56832K)
[2024-05-30T14:27:16.038+0000][13975.458s][info][gc          ] GC(3017) Pause Young (Normal) (G1 Evacuation Pause) 9700M->2996M(12288M) 13.687ms
[2024-05-30T14:27:16.038+0000][13975.458s][info][gc,cpu      ] GC(3017) User=0.08s Sys=0.00s Real=0.02s
[2024-05-30T14:27:20.833+0000][13980.252s][info][gc,start    ] GC(3018) Pause Young (Concurrent Start) (G1 Evacuation Pause)
[2024-05-30T14:27:20.833+0000][13980.252s][info][gc,task     ] GC(3018) Using 6 workers of 6 for evacuation
[2024-05-30T14:27:20.850+0000][13980.269s][info][gc,phases   ] GC(3018)   Pre Evacuate Collection Set: 0.6ms
[2024-05-30T14:27:20.850+0000][13980.269s][info][gc,phases   ] GC(3018)   Merge Heap Roots: 0.2ms
[2024-05-30T14:27:20.850+0000][13980.269s][info][gc,phases   ] GC(3018)   Evacuate Collection Set: 14.1ms
[2024-05-30T14:27:20.850+0000][13980.269s][info][gc,phases   ] GC(3018)   Post Evacuate Collection Set: 1.8ms
[2024-05-30T14:27:20.850+0000][13980.269s][info][gc,phases   ] GC(3018)   Other: 0.3ms
[2024-05-30T14:27:20.850+0000][13980.269s][info][gc,heap     ] GC(3018) Eden regions: 838->0(836)
[2024-05-30T14:27:20.850+0000][13980.269s][info][gc,heap     ] GC(3018) Survivor regions: 7->9(106)
[2024-05-30T14:27:20.850+0000][13980.269s][info][gc,heap     ] GC(3018) Old regions: 363->363
[2024-05-30T14:27:20.850+0000][13980.269s][info][gc,heap     ] GC(3018) Archive regions: 2->2
[2024-05-30T14:27:20.850+0000][13980.269s][info][gc,heap     ] GC(3018) Humongous regions: 5->5
[2024-05-30T14:27:20.850+0000][13980.269s][info][gc,metaspace] GC(3018) Metaspace: 434080K(440256K)->434080K(440256K) NonClass: 380073K(383424K)->380073K(383424K) Class: 54006K(56832K)->54006K(56832K)
[2024-05-30T14:27:20.850+0000][13980.269s][info][gc          ] GC(3018) Pause Young (Concurrent Start) (G1 Evacuation Pause) 9700M->3006M(12288M) 17.045ms
[2024-05-30T14:27:20.850+0000][13980.269s][info][gc,cpu      ] GC(3018) User=0.10s Sys=0.00s Real=0.02s
[2024-05-30T14:27:20.850+0000][13980.269s][info][gc          ] GC(3019) Concurrent Mark Cycle
[2024-05-30T14:27:20.850+0000][13980.269s][info][gc,marking  ] GC(3019) Concurrent Clear Claimed Marks
[2024-05-30T14:27:20.850+0000][13980.270s][info][gc,marking  ] GC(3019) Concurrent Clear Claimed Marks 0.383ms
[2024-05-30T14:27:20.850+0000][13980.270s][info][gc,marking  ] GC(3019) Concurrent Scan Root Regions
[2024-05-30T14:27:20.862+0000][13980.282s][info][gc,marking  ] GC(3019) Concurrent Scan Root Regions 12.030ms
[2024-05-30T14:27:20.862+0000][13980.282s][info][gc,marking  ] GC(3019) Concurrent Mark
[2024-05-30T14:27:20.862+0000][13980.282s][info][gc,marking  ] GC(3019) Concurrent Mark From Roots
[2024-05-30T14:27:20.862+0000][13980.282s][info][gc,task     ] GC(3019) Using 2 workers of 2 for marking
[2024-05-30T14:27:23.829+0000][13983.248s][info][gc,marking  ] GC(3019) Concurrent Mark From Roots 2966.777ms
[2024-05-30T14:27:23.829+0000][13983.248s][info][gc,marking  ] GC(3019) Concurrent Preclean
[2024-05-30T14:27:23.831+0000][13983.250s][info][gc,marking  ] GC(3019) Concurrent Preclean 1.679ms
[2024-05-30T14:27:23.831+0000][13983.250s][info][gc,start    ] GC(3019) Pause Remark
[2024-05-30T14:27:23.855+0000][13983.274s][info][gc          ] GC(3019) Pause Remark 6626M->6626M(12288M) 24.102ms
[2024-05-30T14:27:23.855+0000][13983.275s][info][gc,cpu      ] GC(3019) User=0.11s Sys=0.00s Real=0.02s
[2024-05-30T14:27:23.855+0000][13983.275s][info][gc,marking  ] GC(3019) Concurrent Mark 2992.996ms
[2024-05-30T14:27:23.855+0000][13983.275s][info][gc,marking  ] GC(3019) Concurrent Rebuild Remembered Sets
[2024-05-30T14:27:25.544+0000][13984.963s][info][gc,marking  ] GC(3019) Concurrent Rebuild Remembered Sets 1688.226ms
[2024-05-30T14:27:25.544+0000][13984.963s][info][gc,start    ] GC(3019) Pause Cleanup
[2024-05-30T14:27:25.544+0000][13984.964s][info][gc          ] GC(3019) Pause Cleanup 8570M->8570M(12288M) 0.554ms
[2024-05-30T14:27:25.544+0000][13984.964s][info][gc,cpu      ] GC(3019) User=0.00s Sys=0.00s Real=0.00s
[2024-05-30T14:27:25.545+0000][13984.964s][info][gc,marking  ] GC(3019) Concurrent Cleanup for Next Mark
[2024-05-30T14:27:25.574+0000][13984.993s][info][gc,marking  ] GC(3019) Concurrent Cleanup for Next Mark 29.101ms
[2024-05-30T14:27:25.574+0000][13984.993s][info][gc          ] GC(3019) Concurrent Mark Cycle 4723.771ms
[2024-05-30T14:27:26.395+0000][13985.814s][info][gc,start    ] GC(3020) Pause Young (Prepare Mixed) (G1 Evacuation Pause)
[2024-05-30T14:27:26.395+0000][13985.814s][info][gc,task     ] GC(3020) Using 6 workers of 6 for evacuation
[2024-05-30T14:27:26.415+0000][13985.835s][info][gc,phases   ] GC(3020)   Pre Evacuate Collection Set: 0.2ms
[2024-05-30T14:27:26.415+0000][13985.835s][info][gc,phases   ] GC(3020)   Merge Heap Roots: 0.4ms
[2024-05-30T14:27:26.415+0000][13985.835s][info][gc,phases   ] GC(3020)   Evacuate Collection Set: 17.4ms
[2024-05-30T14:27:26.415+0000][13985.835s][info][gc,phases   ] GC(3020)   Post Evacuate Collection Set: 2.1ms
[2024-05-30T14:27:26.415+0000][13985.835s][info][gc,phases   ] GC(3020)   Other: 0.2ms
[2024-05-30T14:27:26.415+0000][13985.835s][info][gc,heap     ] GC(3020) Eden regions: 836->0(65)
[2024-05-30T14:27:26.415+0000][13985.835s][info][gc,heap     ] GC(3020) Survivor regions: 9->11(106)
[2024-05-30T14:27:26.415+0000][13985.835s][info][gc,heap     ] GC(3020) Old regions: 362->362
[2024-05-30T14:27:26.415+0000][13985.835s][info][gc,heap     ] GC(3020) Archive regions: 2->2
[2024-05-30T14:27:26.415+0000][13985.835s][info][gc,heap     ] GC(3020) Humongous regions: 5->5
[2024-05-30T14:27:26.415+0000][13985.835s][info][gc,metaspace] GC(3020) Metaspace: 434080K(440256K)->434080K(440256K) NonClass: 380073K(383424K)->380073K(383424K) Class: 54006K(56832K)->54006K(56832K)
[2024-05-30T14:27:26.415+0000][13985.835s][info][gc          ] GC(3020) Pause Young (Prepare Mixed) (G1 Evacuation Pause) 9694M->3024M(12288M) 20.244ms
[2024-05-30T14:27:26.415+0000][13985.835s][info][gc,cpu      ] GC(3020) User=0.11s Sys=0.00s Real=0.02s
[2024-05-30T14:27:26.629+0000][13986.048s][info][gc,start    ] GC(3021) Pause Young (Mixed) (G1 Evacuation Pause)
[2024-05-30T14:27:26.629+0000][13986.049s][info][gc,task     ] GC(3021) Using 6 workers of 6 for evacuation
[2024-05-30T14:27:26.682+0000][13986.101s][info][gc,phases   ] GC(3021)   Pre Evacuate Collection Set: 0.2ms
[2024-05-30T14:27:26.682+0000][13986.101s][info][gc,phases   ] GC(3021)   Merge Heap Roots: 0.4ms
[2024-05-30T14:27:26.682+0000][13986.101s][info][gc,phases   ] GC(3021)   Evacuate Collection Set: 50.7ms
[2024-05-30T14:27:26.682+0000][13986.101s][info][gc,phases   ] GC(3021)   Post Evacuate Collection Set: 1.4ms
[2024-05-30T14:27:26.682+0000][13986.101s][info][gc,phases   ] GC(3021)   Other: 0.2ms
[2024-05-30T14:27:26.682+0000][13986.101s][info][gc,heap     ] GC(3021) Eden regions: 65->0(840)
[2024-05-30T14:27:26.682+0000][13986.101s][info][gc,heap     ] GC(3021) Survivor regions: 11->6(10)
[2024-05-30T14:27:26.682+0000][13986.101s][info][gc,heap     ] GC(3021) Old regions: 362->361
[2024-05-30T14:27:26.682+0000][13986.101s][info][gc,heap     ] GC(3021) Archive regions: 2->2
[2024-05-30T14:27:26.682+0000][13986.101s][info][gc,heap     ] GC(3021) Humongous regions: 5->5
[2024-05-30T14:27:26.682+0000][13986.101s][info][gc,metaspace] GC(3021) Metaspace: 434080K(440256K)->434080K(440256K) NonClass: 380073K(383424K)->380073K(383424K) Class: 54006K(56832K)->54006K(56832K)
[2024-05-30T14:27:26.682+0000][13986.101s][info][gc          ] GC(3021) Pause Young (Mixed) (G1 Evacuation Pause) 3544M->2979M(12288M) 52.951ms
[2024-05-30T14:27:26.682+0000][13986.101s][info][gc,cpu      ] GC(3021) User=0.32s Sys=0.00s Real=0.05s
[2024-05-30T14:27:34.964+0000][13994.383s][info][gc,start    ] GC(3022) Pause Young (Normal) (G1 Evacuation Pause)
[2024-05-30T14:27:34.964+0000][13994.383s][info][gc,task     ] GC(3022) Using 6 workers of 6 for evacuation
[2024-05-30T14:27:35.013+0000][13994.432s][info][gc,phases   ] GC(3022)   Pre Evacuate Collection Set: 0.2ms
[2024-05-30T14:27:35.013+0000][13994.432s][info][gc,phases   ] GC(3022)   Merge Heap Roots: 0.3ms
[2024-05-30T14:27:35.013+0000][13994.432s][info][gc,phases   ] GC(3022)   Evacuate Collection Set: 40.6ms
[2024-05-30T14:27:35.013+0000][13994.432s][info][gc,phases   ] GC(3022)   Post Evacuate Collection Set: 7.5ms
[2024-05-30T14:27:35.013+0000][13994.432s][info][gc,phases   ] GC(3022)   Other: 0.2ms
[2024-05-30T14:27:35.013+0000][13994.432s][info][gc,heap     ] GC(3022) Eden regions: 840->0(832)
[2024-05-30T14:27:35.013+0000][13994.432s][info][gc,heap     ] GC(3022) Survivor regions: 6->9(106)
[2024-05-30T14:27:35.013+0000][13994.432s][info][gc,heap     ] GC(3022) Old regions: 361->361
[2024-05-30T14:27:35.013+0000][13994.432s][info][gc,heap     ] GC(3022) Archive regions: 2->2
[2024-05-30T14:27:35.013+0000][13994.432s][info][gc,heap     ] GC(3022) Humongous regions: 6->6
[2024-05-30T14:27:35.013+0000][13994.432s][info][gc,metaspace] GC(3022) Metaspace: 434091K(440256K)->434091K(440256K) NonClass: 380083K(383424K)->380083K(383424K) Class: 54007K(56832K)->54007K(56832K)
[2024-05-30T14:27:35.013+0000][13994.432s][info][gc          ] GC(3022) Pause Young (Normal) (G1 Evacuation Pause) 9707M->3007M(12288M) 48.832ms
[2024-05-30T14:27:35.013+0000][13994.432s][info][gc,cpu      ] GC(3022) User=0.28s Sys=0.00s Real=0.05s
[2024-05-30T14:27:37.468+0000][13996.887s][info][gc,start    ] GC(3023) Pause Young (Normal) (G1 Evacuation Pause)
[2024-05-30T14:27:37.468+0000][13996.887s][info][gc,task     ] GC(3023) Using 6 workers of 6 for evacuation
[2024-05-30T14:27:37.574+0000][13996.993s][info][gc,phases   ] GC(3023)   Pre Evacuate Collection Set: 0.2ms
[2024-05-30T14:27:37.574+0000][13996.993s][info][gc,phases   ] GC(3023)   Merge Heap Roots: 0.4ms
[2024-05-30T14:27:37.574+0000][13996.993s][info][gc,phases   ] GC(3023)   Evacuate Collection Set: 81.8ms
[2024-05-30T14:27:37.574+0000][13996.993s][info][gc,phases   ] GC(3023)   Post Evacuate Collection Set: 23.3ms
[2024-05-30T14:27:37.574+0000][13996.993s][info][gc,phases   ] GC(3023)   Other: 0.2ms
[2024-05-30T14:27:37.574+0000][13996.993s][info][gc,heap     ] GC(3023) Eden regions: 832->0(827)
[2024-05-30T14:27:37.574+0000][13996.993s][info][gc,heap     ] GC(3023) Survivor regions: 9->13(106)
[2024-05-30T14:27:37.574+0000][13996.993s][info][gc,heap     ] GC(3023) Old regions: 361->361
[2024-05-30T14:27:37.574+0000][13996.993s][info][gc,heap     ] GC(3023) Archive regions: 2->2
[2024-05-30T14:27:37.574+0000][13996.993s][info][gc,heap     ] GC(3023) Humongous regions: 6->6
[2024-05-30T14:27:37.574+0000][13996.993s][info][gc,metaspace] GC(3023) Metaspace: 434091K(440256K)->434091K(440256K) NonClass: 380083K(383424K)->380083K(383424K) Class: 54007K(56832K)->54007K(56832K)
[2024-05-30T14:27:37.574+0000][13996.993s][info][gc          ] GC(3023) Pause Young (Normal) (G1 Evacuation Pause) 9663M->3044M(12288M) 105.986ms
[2024-05-30T14:27:37.574+0000][13996.993s][info][gc,cpu      ] GC(3023) User=0.62s Sys=0.00s Real=0.11s
[2024-05-30T14:27:39.985+0000][13999.404s][info][gc,start    ] GC(3024) Pause Young (Concurrent Start) (G1 Evacuation Pause)
[2024-05-30T14:27:39.985+0000][13999.404s][info][gc,task     ] GC(3024) Using 6 workers of 6 for evacuation
[2024-05-30T14:27:40.117+0000][13999.537s][info][gc,phases   ] GC(3024)   Pre Evacuate Collection Set: 0.5ms
[2024-05-30T14:27:40.117+0000][13999.537s][info][gc,phases   ] GC(3024)   Merge Heap Roots: 1.1ms
[2024-05-30T14:27:40.117+0000][13999.537s][info][gc,phases   ] GC(3024)   Evacuate Collection Set: 106.8ms
[2024-05-30T14:27:40.117+0000][13999.537s][info][gc,phases   ] GC(3024)   Post Evacuate Collection Set: 23.8ms
[2024-05-30T14:27:40.117+0000][13999.537s][info][gc,phases   ] GC(3024)   Other: 0.3ms
[2024-05-30T14:27:40.117+0000][13999.537s][info][gc,heap     ] GC(3024) Eden regions: 827->0(822)
[2024-05-30T14:27:40.117+0000][13999.537s][info][gc,heap     ] GC(3024) Survivor regions: 13->18(105)
[2024-05-30T14:27:40.117+0000][13999.537s][info][gc,heap     ] GC(3024) Old regions: 361->361
[2024-05-30T14:27:40.117+0000][13999.537s][info][gc,heap     ] GC(3024) Archive regions: 2->2
[2024-05-30T14:27:40.117+0000][13999.537s][info][gc,heap     ] GC(3024) Humongous regions: 6->6
[2024-05-30T14:27:40.117+0000][13999.537s][info][gc,metaspace] GC(3024) Metaspace: 434091K(440256K)->434091K(440256K) NonClass: 380083K(383424K)->380083K(383424K) Class: 54007K(56832K)->54007K(56832K)
[2024-05-30T14:27:40.117+0000][13999.537s][info][gc          ] GC(3024) Pause Young (Concurrent Start) (G1 Evacuation Pause) 9660M->3081M(12288M) 132.481ms
[2024-05-30T14:27:40.118+0000][13999.537s][info][gc,cpu      ] GC(3024) User=0.77s Sys=0.00s Real=0.14s
[2024-05-30T14:27:40.118+0000][13999.537s][info][gc          ] GC(3025) Concurrent Mark Cycle
[2024-05-30T14:27:40.118+0000][13999.537s][info][gc,marking  ] GC(3025) Concurrent Clear Claimed Marks
[2024-05-30T14:27:40.118+0000][13999.537s][info][gc,marking  ] GC(3025) Concurrent Clear Claimed Marks 0.413ms
[2024-05-30T14:27:40.118+0000][13999.537s][info][gc,marking  ] GC(3025) Concurrent Scan Root Regions
[2024-05-30T14:27:40.199+0000][13999.618s][info][gc,marking  ] GC(3025) Concurrent Scan Root Regions 80.877ms
[2024-05-30T14:27:40.199+0000][13999.618s][info][gc,marking  ] GC(3025) Concurrent Mark
[2024-05-30T14:27:40.199+0000][13999.618s][info][gc,marking  ] GC(3025) Concurrent Mark From Roots
[2024-05-30T14:27:40.199+0000][13999.618s][info][gc,task     ] GC(3025) Using 2 workers of 2 for marking
[2024-05-30T14:27:41.872+0000][14001.291s][info][gc,marking  ] GC(3025) Concurrent Mark From Roots 1672.936ms
[2024-05-30T14:27:41.872+0000][14001.291s][info][gc,marking  ] GC(3025) Concurrent Preclean
[2024-05-30T14:27:41.873+0000][14001.292s][info][gc,marking  ] GC(3025) Concurrent Preclean 1.132ms
[2024-05-30T14:27:41.873+0000][14001.292s][info][gc,start    ] GC(3025) Pause Remark
[2024-05-30T14:27:41.899+0000][14001.319s][info][gc          ] GC(3025) Pause Remark 4969M->4969M(12288M) 26.046ms
[2024-05-30T14:27:41.899+0000][14001.319s][info][gc,cpu      ] GC(3025) User=0.11s Sys=0.00s Real=0.03s
[2024-05-30T14:27:41.899+0000][14001.319s][info][gc,marking  ] GC(3025) Concurrent Mark 1700.515ms
[2024-05-30T14:27:41.899+0000][14001.319s][info][gc,marking  ] GC(3025) Concurrent Rebuild Remembered Sets
[2024-05-30T14:27:42.810+0000][14002.230s][info][gc,marking  ] GC(3025) Concurrent Rebuild Remembered Sets 910.937ms
[2024-05-30T14:27:42.811+0000][14002.230s][info][gc,start    ] GC(3025) Pause Cleanup
[2024-05-30T14:27:42.811+0000][14002.230s][info][gc          ] GC(3025) Pause Cleanup 5713M->5713M(12288M) 0.591ms
[2024-05-30T14:27:42.811+0000][14002.230s][info][gc,cpu      ] GC(3025) User=0.00s Sys=0.00s Real=0.00s
[2024-05-30T14:27:42.811+0000][14002.230s][info][gc,marking  ] GC(3025) Concurrent Cleanup for Next Mark
[2024-05-30T14:27:42.826+0000][14002.246s][info][gc,marking  ] GC(3025) Concurrent Cleanup for Next Mark 15.262ms
[2024-05-30T14:27:42.827+0000][14002.246s][info][gc          ] GC(3025) Concurrent Mark Cycle 2708.993ms
[2024-05-30T14:27:54.513+0000][14013.932s][info][gc,start    ] GC(3026) Pause Young (Prepare Mixed) (G1 Evacuation Pause)
[2024-05-30T14:27:54.513+0000][14013.933s][info][gc,task     ] GC(3026) Using 6 workers of 6 for evacuation
[2024-05-30T14:27:54.637+0000][14014.056s][info][gc,phases   ] GC(3026)   Pre Evacuate Collection Set: 0.2ms
[2024-05-30T14:27:54.637+0000][14014.056s][info][gc,phases   ] GC(3026)   Merge Heap Roots: 0.6ms
[2024-05-30T14:27:54.637+0000][14014.056s][info][gc,phases   ] GC(3026)   Evacuate Collection Set: 120.2ms
[2024-05-30T14:27:54.637+0000][14014.056s][info][gc,phases   ] GC(3026)   Post Evacuate Collection Set: 2.3ms
[2024-05-30T14:27:54.637+0000][14014.056s][info][gc,phases   ] GC(3026)   Other: 0.2ms
[2024-05-30T14:27:54.637+0000][14014.056s][info][gc,heap     ] GC(3026) Eden regions: 822->0(37)
[2024-05-30T14:27:54.637+0000][14014.056s][info][gc,heap     ] GC(3026) Survivor regions: 18->39(105)
[2024-05-30T14:27:54.637+0000][14014.056s][info][gc,heap     ] GC(3026) Old regions: 361->361
[2024-05-30T14:27:54.637+0000][14014.056s][info][gc,heap     ] GC(3026) Archive regions: 2->2
[2024-05-30T14:27:54.637+0000][14014.056s][info][gc,heap     ] GC(3026) Humongous regions: 51->51
[2024-05-30T14:27:54.637+0000][14014.056s][info][gc,metaspace] GC(3026) Metaspace: 434423K(440512K)->434423K(440512K) NonClass: 380368K(383680K)->380368K(383680K) Class: 54054K(56832K)->54054K(56832K)
[2024-05-30T14:27:54.637+0000][14014.056s][info][gc          ] GC(3026) Pause Young (Prepare Mixed) (G1 Evacuation Pause) 10017M->3608M(12288M) 123.561ms
[2024-05-30T14:27:54.637+0000][14014.056s][info][gc,cpu      ] GC(3026) User=0.74s Sys=0.00s Real=0.13s
[2024-05-30T14:27:54.930+0000][14014.349s][info][gc,start    ] GC(3027) Pause Young (Mixed) (G1 Evacuation Pause)
[2024-05-30T14:27:54.930+0000][14014.349s][info][gc,task     ] GC(3027) Using 6 workers of 6 for evacuation
[2024-05-30T14:27:55.538+0000][14014.957s][info][gc,mmu      ] GC(3027) MMU target violated: 201.0ms (200.0ms/201.0ms)
[2024-05-30T14:27:55.538+0000][14014.957s][info][gc,phases   ] GC(3027)   Pre Evacuate Collection Set: 0.2ms
[2024-05-30T14:27:55.538+0000][14014.957s][info][gc,phases   ] GC(3027)   Merge Heap Roots: 0.6ms
[2024-05-30T14:27:55.538+0000][14014.957s][info][gc,phases   ] GC(3027)   Evacuate Collection Set: 605.9ms
[2024-05-30T14:27:55.538+0000][14014.957s][info][gc,phases   ] GC(3027)   Post Evacuate Collection Set: 1.4ms
[2024-05-30T14:27:55.538+0000][14014.957s][info][gc,phases   ] GC(3027)   Other: 0.2ms
[2024-05-30T14:27:55.538+0000][14014.957s][info][gc,heap     ] GC(3027) Eden regions: 37->0(214)
[2024-05-30T14:27:55.538+0000][14014.957s][info][gc,heap     ] GC(3027) Survivor regions: 39->10(10)
[2024-05-30T14:27:55.538+0000][14014.957s][info][gc,heap     ] GC(3027) Old regions: 361->386
[2024-05-30T14:27:55.538+0000][14014.957s][info][gc,heap     ] GC(3027) Archive regions: 2->2
[2024-05-30T14:27:55.538+0000][14014.957s][info][gc,heap     ] GC(3027) Humongous regions: 58->58
[2024-05-30T14:27:55.538+0000][14014.957s][info][gc,metaspace] GC(3027) Metaspace: 434423K(440512K)->434423K(440512K) NonClass: 380368K(383680K)->380368K(383680K) Class: 54054K(56832K)->54054K(56832K)
[2024-05-30T14:27:55.538+0000][14014.957s][info][gc          ] GC(3027) Pause Young (Mixed) (G1 Evacuation Pause) 3960M->3632M(12288M) 608.275ms
[2024-05-30T14:27:55.538+0000][14014.958s][info][gc,cpu      ] GC(3027) User=3.56s Sys=0.08s Real=0.61s
[2024-05-30T14:28:24.037+0000][14043.457s][info][gc,start    ] GC(3028) Pause Young (Normal) (G1 Evacuation Pause)
[2024-05-30T14:28:24.037+0000][14043.457s][info][gc,task     ] GC(3028) Using 6 workers of 6 for evacuation
[2024-05-30T14:28:24.122+0000][14043.541s][info][gc,phases   ] GC(3028)   Pre Evacuate Collection Set: 0.2ms
[2024-05-30T14:28:24.122+0000][14043.541s][info][gc,phases   ] GC(3028)   Merge Heap Roots: 0.6ms
[2024-05-30T14:28:24.122+0000][14043.541s][info][gc,phases   ] GC(3028)   Evacuate Collection Set: 81.9ms
[2024-05-30T14:28:24.122+0000][14043.541s][info][gc,phases   ] GC(3028)   Post Evacuate Collection Set: 1.8ms
[2024-05-30T14:28:24.122+0000][14043.541s][info][gc,phases   ] GC(3028)   Other: 0.2ms
[2024-05-30T14:28:24.122+0000][14043.541s][info][gc,heap     ] GC(3028) Eden regions: 214->0(213)
[2024-05-30T14:28:24.122+0000][14043.541s][info][gc,heap     ] GC(3028) Survivor regions: 10->15(28)
[2024-05-30T14:28:24.122+0000][14043.541s][info][gc,heap     ] GC(3028) Old regions: 386->386
[2024-05-30T14:28:24.122+0000][14043.541s][info][gc,heap     ] GC(3028) Archive regions: 2->2
[2024-05-30T14:28:24.122+0000][14043.541s][info][gc,heap     ] GC(3028) Humongous regions: 58->58
[2024-05-30T14:28:24.122+0000][14043.541s][info][gc,metaspace] GC(3028) Metaspace: 434874K(440896K)->434874K(440896K) NonClass: 380759K(384064K)->380759K(384064K) Class: 54114K(56832K)->54114K(56832K)
[2024-05-30T14:28:24.122+0000][14043.541s][info][gc          ] GC(3028) Pause Young (Normal) (G1 Evacuation Pause) 5344M->3665M(12288M) 84.720ms
[2024-05-30T14:28:24.122+0000][14043.541s][info][gc,cpu      ] GC(3028) User=0.50s Sys=0.00s Real=0.08s
[2024-05-30T14:28:42.429+0000][14061.849s][info][gc,start    ] GC(3029) Pause Young (Normal) (G1 Evacuation Pause)
[2024-05-30T14:28:42.429+0000][14061.849s][info][gc,task     ] GC(3029) Using 6 workers of 6 for evacuation
[2024-05-30T14:28:42.500+0000][14061.919s][info][gc,phases   ] GC(3029)   Pre Evacuate Collection Set: 0.2ms
[2024-05-30T14:28:42.500+0000][14061.919s][info][gc,phases   ] GC(3029)   Merge Heap Roots: 0.3ms
[2024-05-30T14:28:42.500+0000][14061.919s][info][gc,phases   ] GC(3029)   Evacuate Collection Set: 67.9ms
[2024-05-30T14:28:42.500+0000][14061.919s][info][gc,phases   ] GC(3029)   Post Evacuate Collection Set: 1.7ms
[2024-05-30T14:28:42.500+0000][14061.919s][info][gc,phases   ] GC(3029)   Other: 0.2ms
[2024-05-30T14:28:42.500+0000][14061.919s][info][gc,heap     ] GC(3029) Eden regions: 213->0(245)
[2024-05-30T14:28:42.500+0000][14061.919s][info][gc,heap     ] GC(3029) Survivor regions: 15->15(29)
[2024-05-30T14:28:42.500+0000][14061.919s][info][gc,heap     ] GC(3029) Old regions: 386->386
[2024-05-30T14:28:42.500+0000][14061.919s][info][gc,heap     ] GC(3029) Archive regions: 2->2
[2024-05-30T14:28:42.500+0000][14061.919s][info][gc,heap     ] GC(3029) Humongous regions: 58->58
[2024-05-30T14:28:42.500+0000][14061.919s][info][gc,metaspace] GC(3029) Metaspace: 434875K(440896K)->434875K(440896K) NonClass: 380760K(384064K)->380760K(384064K) Class: 54114K(56832K)->54114K(56832K)
[2024-05-30T14:28:42.500+0000][14061.919s][info][gc          ] GC(3029) Pause Young (Normal) (G1 Evacuation Pause) 5369M->3665M(12288M) 70.358ms
[2024-05-30T14:28:42.500+0000][14061.919s][info][gc,cpu      ] GC(3029) User=0.41s Sys=0.00s Real=0.07s
[2024-05-30T14:29:01.960+0000][14081.380s][info][gc,start    ] GC(3030) Pause Young (Normal) (G1 Evacuation Pause)
[2024-05-30T14:29:01.960+0000][14081.380s][info][gc,task     ] GC(3030) Using 6 workers of 6 for evacuation
[2024-05-30T14:29:02.035+0000][14081.454s][info][gc,phases   ] GC(3030)   Pre Evacuate Collection Set: 0.2ms
[2024-05-30T14:29:02.035+0000][14081.455s][info][gc,phases   ] GC(3030)   Merge Heap Roots: 0.3ms
[2024-05-30T14:29:02.035+0000][14081.455s][info][gc,phases   ] GC(3030)   Evacuate Collection Set: 72.5ms
[2024-05-30T14:29:02.035+0000][14081.455s][info][gc,phases   ] GC(3030)   Post Evacuate Collection Set: 1.7ms
[2024-05-30T14:29:02.035+0000][14081.455s][info][gc,phases   ] GC(3030)   Other: 0.2ms
[2024-05-30T14:29:02.035+0000][14081.455s][info][gc,heap     ] GC(3030) Eden regions: 245->0(279)
[2024-05-30T14:29:02.035+0000][14081.455s][info][gc,heap     ] GC(3030) Survivor regions: 15->16(33)
[2024-05-30T14:29:02.035+0000][14081.455s][info][gc,heap     ] GC(3030) Old regions: 386->386
[2024-05-30T14:29:02.035+0000][14081.455s][info][gc,heap     ] GC(3030) Archive regions: 2->2
[2024-05-30T14:29:02.035+0000][14081.455s][info][gc,heap     ] GC(3030) Humongous regions: 58->58
[2024-05-30T14:29:02.035+0000][14081.455s][info][gc,metaspace] GC(3030) Metaspace: 434892K(440896K)->434892K(440896K) NonClass: 380777K(384064K)->380777K(384064K) Class: 54114K(56832K)->54114K(56832K)
[2024-05-30T14:29:02.035+0000][14081.455s][info][gc          ] GC(3030) Pause Young (Normal) (G1 Evacuation Pause) 5625M->3676M(12288M) 75.010ms
[2024-05-30T14:29:02.035+0000][14081.455s][info][gc,cpu      ] GC(3030) User=0.44s Sys=0.00s Real=0.07s
[2024-05-30T14:29:19.389+0000][14098.809s][info][gc,start    ] GC(3031) Pause Young (Normal) (G1 Evacuation Pause)
[2024-05-30T14:29:19.390+0000][14098.809s][info][gc,task     ] GC(3031) Using 6 workers of 6 for evacuation
[2024-05-30T14:29:19.465+0000][14098.884s][info][gc,phases   ] GC(3031)   Pre Evacuate Collection Set: 0.2ms
[2024-05-30T14:29:19.465+0000][14098.884s][info][gc,phases   ] GC(3031)   Merge Heap Roots: 0.3ms
[2024-05-30T14:29:19.465+0000][14098.884s][info][gc,phases   ] GC(3031)   Evacuate Collection Set: 72.9ms
[2024-05-30T14:29:19.465+0000][14098.884s][info][gc,phases   ] GC(3031)   Post Evacuate Collection Set: 1.7ms
[2024-05-30T14:29:19.465+0000][14098.884s][info][gc,phases   ] GC(3031)   Other: 0.2ms
[2024-05-30T14:29:19.465+0000][14098.884s][info][gc,heap     ] GC(3031) Eden regions: 279->0(327)
[2024-05-30T14:29:19.465+0000][14098.884s][info][gc,heap     ] GC(3031) Survivor regions: 16->17(37)
[2024-05-30T14:29:19.465+0000][14098.884s][info][gc,heap     ] GC(3031) Old regions: 386->386
[2024-05-30T14:29:19.465+0000][14098.884s][info][gc,heap     ] GC(3031) Archive regions: 2->2
[2024-05-30T14:29:19.465+0000][14098.884s][info][gc,heap     ] GC(3031) Humongous regions: 58->58
[2024-05-30T14:29:19.465+0000][14098.884s][info][gc,metaspace] GC(3031) Metaspace: 434897K(440896K)->434897K(440896K) NonClass: 380782K(384064K)->380782K(384064K) Class: 54114K(56832K)->54114K(56832K)
[2024-05-30T14:29:19.465+0000][14098.884s][info][gc          ] GC(3031) Pause Young (Normal) (G1 Evacuation Pause) 5908M->3688M(12288M) 75.396ms
[2024-05-30T14:29:19.465+0000][14098.884s][info][gc,cpu      ] GC(3031) User=0.44s Sys=0.00s Real=0.07s
[2024-05-30T14:29:36.079+0000][14115.499s][info][gc,start    ] GC(3032) Pause Young (Normal) (G1 Evacuation Pause)
[2024-05-30T14:29:36.080+0000][14115.499s][info][gc,task     ] GC(3032) Using 6 workers of 6 for evacuation
[2024-05-30T14:29:36.159+0000][14115.578s][info][gc,phases   ] GC(3032)   Pre Evacuate Collection Set: 0.2ms
[2024-05-30T14:29:36.159+0000][14115.578s][info][gc,phases   ] GC(3032)   Merge Heap Roots: 0.3ms
[2024-05-30T14:29:36.159+0000][14115.578s][info][gc,phases   ] GC(3032)   Evacuate Collection Set: 76.7ms
[2024-05-30T14:29:36.159+0000][14115.578s][info][gc,phases   ] GC(3032)   Post Evacuate Collection Set: 1.8ms
[2024-05-30T14:29:36.159+0000][14115.578s][info][gc,phases   ] GC(3032)   Other: 0.2ms
[2024-05-30T14:29:36.159+0000][14115.578s][info][gc,heap     ] GC(3032) Eden regions: 327->0(367)
[2024-05-30T14:29:36.159+0000][14115.578s][info][gc,heap     ] GC(3032) Survivor regions: 17->20(43)
[2024-05-30T14:29:36.159+0000][14115.578s][info][gc,heap     ] GC(3032) Old regions: 386->386
[2024-05-30T14:29:36.159+0000][14115.578s][info][gc,heap     ] GC(3032) Archive regions: 2->2
[2024-05-30T14:29:36.159+0000][14115.578s][info][gc,heap     ] GC(3032) Humongous regions: 58->58
[2024-05-30T14:29:36.159+0000][14115.578s][info][gc,metaspace] GC(3032) Metaspace: 434897K(440896K)->434897K(440896K) NonClass: 380782K(384064K)->380782K(384064K) Class: 54114K(56832K)->54114K(56832K)
[2024-05-30T14:29:36.159+0000][14115.578s][info][gc          ] GC(3032) Pause Young (Normal) (G1 Evacuation Pause) 6304M->3708M(12288M) 79.274ms
[2024-05-30T14:29:36.159+0000][14115.578s][info][gc,cpu      ] GC(3032) User=0.48s Sys=0.00s Real=0.08s
[2024-05-30T14:29:53.276+0000][14132.695s][info][gc,start    ] GC(3033) Pause Young (Normal) (G1 Evacuation Pause)
[2024-05-30T14:29:53.276+0000][14132.695s][info][gc,task     ] GC(3033) Using 6 workers of 6 for evacuation
[2024-05-30T14:29:53.359+0000][14132.779s][info][gc,phases   ] GC(3033)   Pre Evacuate Collection Set: 0.2ms
[2024-05-30T14:29:53.360+0000][14132.779s][info][gc,phases   ] GC(3033)   Merge Heap Roots: 0.3ms
[2024-05-30T14:29:53.360+0000][14132.779s][info][gc,phases   ] GC(3033)   Evacuate Collection Set: 81.2ms
[2024-05-30T14:29:53.360+0000][14132.779s][info][gc,phases   ] GC(3033)   Post Evacuate Collection Set: 2.0ms
[2024-05-30T14:29:53.360+0000][14132.779s][info][gc,phases   ] GC(3033)   Other: 0.2ms
[2024-05-30T14:29:53.360+0000][14132.779s][info][gc,heap     ] GC(3033) Eden regions: 367->0(439)
[2024-05-30T14:29:53.360+0000][14132.779s][info][gc,heap     ] GC(3033) Survivor regions: 20->21(49)
[2024-05-30T14:29:53.360+0000][14132.779s][info][gc,heap     ] GC(3033) Old regions: 386->386
[2024-05-30T14:29:53.360+0000][14132.779s][info][gc,heap     ] GC(3033) Archive regions: 2->2
[2024-05-30T14:29:53.360+0000][14132.779s][info][gc,heap     ] GC(3033) Humongous regions: 58->58
[2024-05-30T14:29:53.360+0000][14132.779s][info][gc,metaspace] GC(3033) Metaspace: 434899K(440896K)->434899K(440896K) NonClass: 380784K(384064K)->380784K(384064K) Class: 54115K(56832K)->54115K(56832K)
[2024-05-30T14:29:53.360+0000][14132.779s][info][gc          ] GC(3033) Pause Young (Normal) (G1 Evacuation Pause) 6644M->3720M(12288M) 84.037ms
[2024-05-30T14:29:53.360+0000][14132.779s][info][gc,cpu      ] GC(3033) User=0.50s Sys=0.00s Real=0.09s
[2024-05-30T14:30:12.155+0000][14151.574s][info][gc,start    ] GC(3034) Pause Young (Normal) (G1 Evacuation Pause)
[2024-05-30T14:30:12.155+0000][14151.574s][info][gc,task     ] GC(3034) Using 6 workers of 6 for evacuation
[2024-05-30T14:30:12.249+0000][14151.668s][info][gc,phases   ] GC(3034)   Pre Evacuate Collection Set: 0.2ms
[2024-05-30T14:30:12.249+0000][14151.668s][info][gc,phases   ] GC(3034)   Merge Heap Roots: 0.4ms
[2024-05-30T14:30:12.249+0000][14151.668s][info][gc,phases   ] GC(3034)   Evacuate Collection Set: 90.7ms
[2024-05-30T14:30:12.249+0000][14151.668s][info][gc,phases   ] GC(3034)   Post Evacuate Collection Set: 2.0ms
[2024-05-30T14:30:12.249+0000][14151.668s][info][gc,phases   ] GC(3034)   Other: 0.2ms
[2024-05-30T14:30:12.249+0000][14151.668s][info][gc,heap     ] GC(3034) Eden regions: 439->0(513)
[2024-05-30T14:30:12.249+0000][14151.668s][info][gc,heap     ] GC(3034) Survivor regions: 21->23(58)
[2024-05-30T14:30:12.249+0000][14151.668s][info][gc,heap     ] GC(3034) Old regions: 386->386
[2024-05-30T14:30:12.249+0000][14151.668s][info][gc,heap     ] GC(3034) Archive regions: 2->2
[2024-05-30T14:30:12.249+0000][14151.668s][info][gc,heap     ] GC(3034) Humongous regions: 58->58
[2024-05-30T14:30:12.249+0000][14151.668s][info][gc,metaspace] GC(3034) Metaspace: 434899K(440896K)->434899K(440896K) NonClass: 380784K(384064K)->380784K(384064K) Class: 54115K(56832K)->54115K(56832K)
[2024-05-30T14:30:12.249+0000][14151.668s][info][gc          ] GC(3034) Pause Young (Normal) (G1 Evacuation Pause) 7232M->3732M(12288M) 93.549ms
[2024-05-30T14:30:12.249+0000][14151.668s][info][gc,cpu      ] GC(3034) User=0.56s Sys=0.00s Real=0.10s
[2024-05-30T14:30:31.210+0000][14170.629s][info][gc,start    ] GC(3035) Pause Young (Normal) (G1 Evacuation Pause)
[2024-05-30T14:30:31.210+0000][14170.630s][info][gc,task     ] GC(3035) Using 6 workers of 6 for evacuation
[2024-05-30T14:30:31.304+0000][14170.723s][info][gc,phases   ] GC(3035)   Pre Evacuate Collection Set: 0.2ms
[2024-05-30T14:30:31.304+0000][14170.723s][info][gc,phases   ] GC(3035)   Merge Heap Roots: 0.4ms
[2024-05-30T14:30:31.304+0000][14170.723s][info][gc,phases   ] GC(3035)   Evacuate Collection Set: 91.0ms
[2024-05-30T14:30:31.304+0000][14170.723s][info][gc,phases   ] GC(3035)   Post Evacuate Collection Set: 2.0ms
[2024-05-30T14:30:31.304+0000][14170.723s][info][gc,phases   ] GC(3035)   Other: 0.2ms
[2024-05-30T14:30:31.304+0000][14170.723s][info][gc,heap     ] GC(3035) Eden regions: 513->0(587)
[2024-05-30T14:30:31.304+0000][14170.723s][info][gc,heap     ] GC(3035) Survivor regions: 23->26(67)
[2024-05-30T14:30:31.304+0000][14170.723s][info][gc,heap     ] GC(3035) Old regions: 386->386
[2024-05-30T14:30:31.304+0000][14170.723s][info][gc,heap     ] GC(3035) Archive regions: 2->2
[2024-05-30T14:30:31.304+0000][14170.723s][info][gc,heap     ] GC(3035) Humongous regions: 58->58
[2024-05-30T14:30:31.304+0000][14170.723s][info][gc,metaspace] GC(3035) Metaspace: 434899K(440896K)->434899K(440896K) NonClass: 380784K(384064K)->380784K(384064K) Class: 54115K(56832K)->54115K(56832K)
[2024-05-30T14:30:31.304+0000][14170.723s][info][gc          ] GC(3035) Pause Young (Normal) (G1 Evacuation Pause) 7836M->3756M(12288M) 93.855ms
[2024-05-30T14:30:31.304+0000][14170.723s][info][gc,cpu      ] GC(3035) User=0.56s Sys=0.00s Real=0.09s
[2024-05-30T14:30:49.794+0000][14189.213s][info][gc,start    ] GC(3036) Pause Young (Normal) (G1 Evacuation Pause)
[2024-05-30T14:30:49.794+0000][14189.214s][info][gc,task     ] GC(3036) Using 6 workers of 6 for evacuation
[2024-05-30T14:30:49.893+0000][14189.313s][info][gc,phases   ] GC(3036)   Pre Evacuate Collection Set: 0.2ms
[2024-05-30T14:30:49.893+0000][14189.313s][info][gc,phases   ] GC(3036)   Merge Heap Roots: 0.4ms
[2024-05-30T14:30:49.893+0000][14189.313s][info][gc,phases   ] GC(3036)   Evacuate Collection Set: 96.4ms
[2024-05-30T14:30:49.893+0000][14189.313s][info][gc,phases   ] GC(3036)   Post Evacuate Collection Set: 2.1ms
[2024-05-30T14:30:49.894+0000][14189.313s][info][gc,phases   ] GC(3036)   Other: 0.2ms
[2024-05-30T14:30:49.894+0000][14189.313s][info][gc,heap     ] GC(3036) Eden regions: 587->0(690)
[2024-05-30T14:30:49.894+0000][14189.313s][info][gc,heap     ] GC(3036) Survivor regions: 26->28(77)
[2024-05-30T14:30:49.894+0000][14189.313s][info][gc,heap     ] GC(3036) Old regions: 386->386
[2024-05-30T14:30:49.894+0000][14189.313s][info][gc,heap     ] GC(3036) Archive regions: 2->2
[2024-05-30T14:30:49.894+0000][14189.313s][info][gc,heap     ] GC(3036) Humongous regions: 58->58
[2024-05-30T14:30:49.894+0000][14189.313s][info][gc,metaspace] GC(3036) Metaspace: 434900K(440896K)->434900K(440896K) NonClass: 380785K(384064K)->380785K(384064K) Class: 54115K(56832K)->54115K(56832K)
[2024-05-30T14:30:49.894+0000][14189.313s][info][gc          ] GC(3036) Pause Young (Normal) (G1 Evacuation Pause) 8452M->3772M(12288M) 99.308ms
[2024-05-30T14:30:49.894+0000][14189.313s][info][gc,cpu      ] GC(3036) User=0.59s Sys=0.00s Real=0.10s
[2024-05-30T14:31:08.631+0000][14208.050s][info][gc,start    ] GC(3037) Pause Young (Normal) (G1 Evacuation Pause)
[2024-05-30T14:31:08.631+0000][14208.050s][info][gc,task     ] GC(3037) Using 6 workers of 6 for evacuation
[2024-05-30T14:31:08.731+0000][14208.150s][info][gc,phases   ] GC(3037)   Pre Evacuate Collection Set: 0.2ms
[2024-05-30T14:31:08.731+0000][14208.150s][info][gc,phases   ] GC(3037)   Merge Heap Roots: 0.4ms
[2024-05-30T14:31:08.731+0000][14208.150s][info][gc,phases   ] GC(3037)   Evacuate Collection Set: 96.9ms
[2024-05-30T14:31:08.731+0000][14208.150s][info][gc,phases   ] GC(3037)   Post Evacuate Collection Set: 2.2ms
[2024-05-30T14:31:08.731+0000][14208.150s][info][gc,phases   ] GC(3037)   Other: 0.2ms
[2024-05-30T14:31:08.731+0000][14208.150s][info][gc,heap     ] GC(3037) Eden regions: 690->0(702)
[2024-05-30T14:31:08.731+0000][14208.150s][info][gc,heap     ] GC(3037) Survivor regions: 28->31(90)
[2024-05-30T14:31:08.731+0000][14208.150s][info][gc,heap     ] GC(3037) Old regions: 386->386
[2024-05-30T14:31:08.731+0000][14208.150s][info][gc,heap     ] GC(3037) Archive regions: 2->2
[2024-05-30T14:31:08.731+0000][14208.150s][info][gc,heap     ] GC(3037) Humongous regions: 58->58
[2024-05-30T14:31:08.731+0000][14208.150s][info][gc,metaspace] GC(3037) Metaspace: 434900K(440896K)->434900K(440896K) NonClass: 380785K(384064K)->380785K(384064K) Class: 54115K(56832K)->54115K(56832K)
[2024-05-30T14:31:08.731+0000][14208.150s][info][gc          ] GC(3037) Pause Young (Normal) (G1 Evacuation Pause) 9292M->3796M(12288M) 99.884ms
[2024-05-30T14:31:08.731+0000][14208.150s][info][gc,cpu      ] GC(3037) User=0.59s Sys=0.01s Real=0.10s
[2024-05-30T14:31:26.266+0000][14225.685s][info][gc,start    ] GC(3038) Pause Young (Concurrent Start) (G1 Evacuation Pause)
[2024-05-30T14:31:26.266+0000][14225.685s][info][gc,task     ] GC(3038) Using 6 workers of 6 for evacuation
[2024-05-30T14:31:26.375+0000][14225.794s][info][gc,phases   ] GC(3038)   Pre Evacuate Collection Set: 0.6ms
[2024-05-30T14:31:26.375+0000][14225.794s][info][gc,phases   ] GC(3038)   Merge Heap Roots: 0.4ms
[2024-05-30T14:31:26.375+0000][14225.794s][info][gc,phases   ] GC(3038)   Evacuate Collection Set: 105.4ms
[2024-05-30T14:31:26.375+0000][14225.794s][info][gc,phases   ] GC(3038)   Post Evacuate Collection Set: 2.4ms
[2024-05-30T14:31:26.375+0000][14225.794s][info][gc,phases   ] GC(3038)   Other: 0.3ms
[2024-05-30T14:31:26.375+0000][14225.794s][info][gc,heap     ] GC(3038) Eden regions: 702->0(704)
[2024-05-30T14:31:26.375+0000][14225.794s][info][gc,heap     ] GC(3038) Survivor regions: 31->33(92)
[2024-05-30T14:31:26.375+0000][14225.795s][info][gc,heap     ] GC(3038) Old regions: 386->386
[2024-05-30T14:31:26.375+0000][14225.795s][info][gc,heap     ] GC(3038) Archive regions: 2->2
[2024-05-30T14:31:26.375+0000][14225.795s][info][gc,heap     ] GC(3038) Humongous regions: 58->58
[2024-05-30T14:31:26.375+0000][14225.795s][info][gc,metaspace] GC(3038) Metaspace: 434900K(440896K)->434900K(440896K) NonClass: 380785K(384064K)->380785K(384064K) Class: 54115K(56832K)->54115K(56832K)
[2024-05-30T14:31:26.375+0000][14225.795s][info][gc          ] GC(3038) Pause Young (Concurrent Start) (G1 Evacuation Pause) 9412M->3816M(12288M) 109.108ms
[2024-05-30T14:31:26.375+0000][14225.795s][info][gc,cpu      ] GC(3038) User=0.65s Sys=0.00s Real=0.11s
[2024-05-30T14:31:26.375+0000][14225.795s][info][gc          ] GC(3039) Concurrent Mark Cycle
[2024-05-30T14:31:26.375+0000][14225.795s][info][gc,marking  ] GC(3039) Concurrent Clear Claimed Marks
[2024-05-30T14:31:26.376+0000][14225.795s][info][gc,marking  ] GC(3039) Concurrent Clear Claimed Marks 0.422ms
[2024-05-30T14:31:26.376+0000][14225.795s][info][gc,marking  ] GC(3039) Concurrent Scan Root Regions
[2024-05-30T14:31:26.433+0000][14225.852s][info][gc,marking  ] GC(3039) Concurrent Scan Root Regions 57.173ms
[2024-05-30T14:31:26.433+0000][14225.852s][info][gc,marking  ] GC(3039) Concurrent Mark
[2024-05-30T14:31:26.433+0000][14225.852s][info][gc,marking  ] GC(3039) Concurrent Mark From Roots
[2024-05-30T14:31:26.433+0000][14225.852s][info][gc,task     ] GC(3039) Using 2 workers of 2 for marking
[2024-05-30T14:31:27.989+0000][14227.408s][info][gc,marking  ] GC(3039) Concurrent Mark From Roots 1555.849ms
[2024-05-30T14:31:27.989+0000][14227.408s][info][gc,marking  ] GC(3039) Concurrent Preclean
[2024-05-30T14:31:27.990+0000][14227.409s][info][gc,marking  ] GC(3039) Concurrent Preclean 1.162ms
[2024-05-30T14:31:27.990+0000][14227.409s][info][gc,start    ] GC(3039) Pause Remark
[2024-05-30T14:31:28.015+0000][14227.434s][info][gc          ] GC(3039) Pause Remark 4384M->4108M(12288M) 24.549ms
[2024-05-30T14:31:28.015+0000][14227.434s][info][gc,cpu      ] GC(3039) User=0.11s Sys=0.00s Real=0.02s
[2024-05-30T14:31:28.015+0000][14227.434s][info][gc,marking  ] GC(3039) Concurrent Mark 1581.909ms
[2024-05-30T14:31:28.015+0000][14227.434s][info][gc,marking  ] GC(3039) Concurrent Rebuild Remembered Sets
[2024-05-30T14:31:28.864+0000][14228.283s][info][gc,marking  ] GC(3039) Concurrent Rebuild Remembered Sets 848.634ms
[2024-05-30T14:31:28.864+0000][14228.283s][info][gc,start    ] GC(3039) Pause Cleanup
[2024-05-30T14:31:28.864+0000][14228.284s][info][gc          ] GC(3039) Pause Cleanup 4380M->4380M(12288M) 0.635ms
[2024-05-30T14:31:28.864+0000][14228.284s][info][gc,cpu      ] GC(3039) User=0.00s Sys=0.00s Real=0.00s
[2024-05-30T14:31:28.865+0000][14228.284s][info][gc,marking  ] GC(3039) Concurrent Cleanup for Next Mark
[2024-05-30T14:31:28.881+0000][14228.300s][info][gc,marking  ] GC(3039) Concurrent Cleanup for Next Mark 16.214ms
[2024-05-30T14:31:28.881+0000][14228.300s][info][gc          ] GC(3039) Concurrent Mark Cycle 2505.401ms
[2024-05-30T14:31:42.541+0000][14241.960s][info][gc,start    ] GC(3040) Pause Young (Prepare Mixed) (G1 Evacuation Pause)
[2024-05-30T14:31:42.541+0000][14241.960s][info][gc,task     ] GC(3040) Using 6 workers of 6 for evacuation
[2024-05-30T14:31:42.617+0000][14242.036s][info][gc,phases   ] GC(3040)   Pre Evacuate Collection Set: 0.2ms
[2024-05-30T14:31:42.617+0000][14242.036s][info][gc,phases   ] GC(3040)   Merge Heap Roots: 0.4ms
[2024-05-30T14:31:42.617+0000][14242.036s][info][gc,phases   ] GC(3040)   Evacuate Collection Set: 72.7ms
[2024-05-30T14:31:42.617+0000][14242.036s][info][gc,phases   ] GC(3040)   Post Evacuate Collection Set: 2.3ms
[2024-05-30T14:31:42.617+0000][14242.036s][info][gc,phases   ] GC(3040)   Other: 0.2ms
[2024-05-30T14:31:42.617+0000][14242.036s][info][gc,heap     ] GC(3040) Eden regions: 706->0(46)
[2024-05-30T14:31:42.617+0000][14242.036s][info][gc,heap     ] GC(3040) Survivor regions: 33->30(93)
[2024-05-30T14:31:42.617+0000][14242.036s][info][gc,heap     ] GC(3040) Old regions: 367->367
[2024-05-30T14:31:42.617+0000][14242.036s][info][gc,heap     ] GC(3040) Archive regions: 2->2
[2024-05-30T14:31:42.617+0000][14242.036s][info][gc,heap     ] GC(3040) Humongous regions: 42->42
[2024-05-30T14:31:42.617+0000][14242.036s][info][gc,metaspace] GC(3040) Metaspace: 434900K(440896K)->434900K(440896K) NonClass: 380785K(384064K)->380785K(384064K) Class: 54115K(56832K)->54115K(56832K)
[2024-05-30T14:31:42.617+0000][14242.036s][info][gc          ] GC(3040) Pause Young (Prepare Mixed) (G1 Evacuation Pause) 9188M->3516M(12288M) 75.939ms
[2024-05-30T14:31:42.617+0000][14242.036s][info][gc,cpu      ] GC(3040) User=0.45s Sys=0.00s Real=0.08s
[2024-05-30T14:31:43.519+0000][14242.939s][info][gc,start    ] GC(3041) Pause Young (Mixed) (G1 Evacuation Pause)
[2024-05-30T14:31:43.519+0000][14242.939s][info][gc,task     ] GC(3041) Using 6 workers of 6 for evacuation
[2024-05-30T14:31:43.642+0000][14243.061s][info][gc,phases   ] GC(3041)   Pre Evacuate Collection Set: 0.2ms
[2024-05-30T14:31:43.642+0000][14243.061s][info][gc,phases   ] GC(3041)   Merge Heap Roots: 0.4ms
[2024-05-30T14:31:43.642+0000][14243.061s][info][gc,phases   ] GC(3041)   Evacuate Collection Set: 120.6ms
[2024-05-30T14:31:43.642+0000][14243.061s][info][gc,phases   ] GC(3041)   Post Evacuate Collection Set: 1.5ms
[2024-05-30T14:31:43.642+0000][14243.061s][info][gc,phases   ] GC(3041)   Other: 0.2ms
[2024-05-30T14:31:43.642+0000][14243.061s][info][gc,heap     ] GC(3041) Eden regions: 46->0(792)
[2024-05-30T14:31:43.642+0000][14243.061s][info][gc,heap     ] GC(3041) Survivor regions: 30->3(10)
[2024-05-30T14:31:43.642+0000][14243.061s][info][gc,heap     ] GC(3041) Old regions: 367->346
[2024-05-30T14:31:43.642+0000][14243.061s][info][gc,heap     ] GC(3041) Archive regions: 2->2
[2024-05-30T14:31:43.642+0000][14243.061s][info][gc,heap     ] GC(3041) Humongous regions: 42->42
[2024-05-30T14:31:43.642+0000][14243.061s][info][gc,metaspace] GC(3041) Metaspace: 434900K(440896K)->434900K(440896K) NonClass: 380785K(384064K)->380785K(384064K) Class: 54115K(56832K)->54115K(56832K)
[2024-05-30T14:31:43.642+0000][14243.062s][info][gc          ] GC(3041) Pause Young (Mixed) (G1 Evacuation Pause) 3884M->3128M(12288M) 122.870ms
[2024-05-30T14:31:43.642+0000][14243.062s][info][gc,cpu      ] GC(3041) User=0.72s Sys=0.02s Real=0.12s
[2024-05-30T14:32:00.436+0000][14259.855s][info][gc,start    ] GC(3042) Pause Young (Normal) (G1 Evacuation Pause)
[2024-05-30T14:32:00.436+0000][14259.855s][info][gc,task     ] GC(3042) Using 6 workers of 6 for evacuation
[2024-05-30T14:32:00.456+0000][14259.875s][info][gc,phases   ] GC(3042)   Pre Evacuate Collection Set: 0.2ms
[2024-05-30T14:32:00.456+0000][14259.875s][info][gc,phases   ] GC(3042)   Merge Heap Roots: 0.3ms
[2024-05-30T14:32:00.456+0000][14259.875s][info][gc,phases   ] GC(3042)   Evacuate Collection Set: 17.2ms
[2024-05-30T14:32:00.456+0000][14259.875s][info][gc,phases   ] GC(3042)   Post Evacuate Collection Set: 2.4ms
[2024-05-30T14:32:00.456+0000][14259.875s][info][gc,phases   ] GC(3042)   Other: 0.2ms
[2024-05-30T14:32:00.456+0000][14259.875s][info][gc,heap     ] GC(3042) Eden regions: 792->0(792)
[2024-05-30T14:32:00.456+0000][14259.875s][info][gc,heap     ] GC(3042) Survivor regions: 3->7(100)
[2024-05-30T14:32:00.456+0000][14259.875s][info][gc,heap     ] GC(3042) Old regions: 346->346
[2024-05-30T14:32:00.456+0000][14259.875s][info][gc,heap     ] GC(3042) Archive regions: 2->2
[2024-05-30T14:32:00.456+0000][14259.875s][info][gc,heap     ] GC(3042) Humongous regions: 42->42
[2024-05-30T14:32:00.456+0000][14259.875s][info][gc,metaspace] GC(3042) Metaspace: 434900K(440896K)->434900K(440896K) NonClass: 380785K(384064K)->380785K(384064K) Class: 54115K(56832K)->54115K(56832K)
[2024-05-30T14:32:00.456+0000][14259.875s][info][gc          ] GC(3042) Pause Young (Normal) (G1 Evacuation Pause) 9464M->3158M(12288M) 20.276ms
[2024-05-30T14:32:00.456+0000][14259.875s][info][gc,cpu      ] GC(3042) User=0.12s Sys=0.00s Real=0.02s
[2024-05-30T14:32:15.973+0000][14275.392s][info][gc,start    ] GC(3043) Pause Young (Normal) (G1 Evacuation Pause)
[2024-05-30T14:32:15.973+0000][14275.392s][info][gc,task     ] GC(3043) Using 6 workers of 6 for evacuation
[2024-05-30T14:32:15.998+0000][14275.417s][info][gc,phases   ] GC(3043)   Pre Evacuate Collection Set: 0.2ms
[2024-05-30T14:32:15.998+0000][14275.417s][info][gc,phases   ] GC(3043)   Merge Heap Roots: 0.3ms
[2024-05-30T14:32:15.998+0000][14275.417s][info][gc,phases   ] GC(3043)   Evacuate Collection Set: 22.1ms
[2024-05-30T14:32:15.998+0000][14275.417s][info][gc,phases   ] GC(3043)   Post Evacuate Collection Set: 2.3ms
[2024-05-30T14:32:15.998+0000][14275.417s][info][gc,phases   ] GC(3043)   Other: 0.2ms
[2024-05-30T14:32:15.998+0000][14275.417s][info][gc,heap     ] GC(3043) Eden regions: 792->0(794)
[2024-05-30T14:32:15.998+0000][14275.417s][info][gc,heap     ] GC(3043) Survivor regions: 7->10(100)
[2024-05-30T14:32:15.998+0000][14275.417s][info][gc,heap     ] GC(3043) Old regions: 346->346
[2024-05-30T14:32:15.998+0000][14275.417s][info][gc,heap     ] GC(3043) Archive regions: 2->2
[2024-05-30T14:32:15.998+0000][14275.417s][info][gc,heap     ] GC(3043) Humongous regions: 42->42
[2024-05-30T14:32:15.998+0000][14275.417s][info][gc,metaspace] GC(3043) Metaspace: 434900K(440896K)->434900K(440896K) NonClass: 380785K(384064K)->380785K(384064K) Class: 54115K(56832K)->54115K(56832K)
[2024-05-30T14:32:15.998+0000][14275.417s][info][gc          ] GC(3043) Pause Young (Normal) (G1 Evacuation Pause) 9494M->3177M(12288M) 25.149ms
[2024-05-30T14:32:15.998+0000][14275.417s][info][gc,cpu      ] GC(3043) User=0.15s Sys=0.00s Real=0.03s
[2024-05-30T14:32:31.879+0000][14291.298s][info][gc,start    ] GC(3044) Pause Young (Concurrent Start) (G1 Evacuation Pause)
[2024-05-30T14:32:31.879+0000][14291.298s][info][gc,task     ] GC(3044) Using 6 workers of 6 for evacuation
[2024-05-30T14:32:31.913+0000][14291.332s][info][gc,phases   ] GC(3044)   Pre Evacuate Collection Set: 0.5ms
[2024-05-30T14:32:31.913+0000][14291.332s][info][gc,phases   ] GC(3044)   Merge Heap Roots: 0.2ms
[2024-05-30T14:32:31.913+0000][14291.332s][info][gc,phases   ] GC(3044)   Evacuate Collection Set: 30.8ms
[2024-05-30T14:32:31.913+0000][14291.332s][info][gc,phases   ] GC(3044)   Post Evacuate Collection Set: 2.2ms
[2024-05-30T14:32:31.913+0000][14291.332s][info][gc,phases   ] GC(3044)   Other: 0.3ms
[2024-05-30T14:32:31.913+0000][14291.332s][info][gc,heap     ] GC(3044) Eden regions: 794->0(792)
[2024-05-30T14:32:31.913+0000][14291.332s][info][gc,heap     ] GC(3044) Survivor regions: 10->14(101)
[2024-05-30T14:32:31.913+0000][14291.332s][info][gc,heap     ] GC(3044) Old regions: 346->346
[2024-05-30T14:32:31.913+0000][14291.332s][info][gc,heap     ] GC(3044) Archive regions: 2->2
[2024-05-30T14:32:31.913+0000][14291.332s][info][gc,heap     ] GC(3044) Humongous regions: 42->42
[2024-05-30T14:32:31.913+0000][14291.332s][info][gc,metaspace] GC(3044) Metaspace: 434900K(440896K)->434900K(440896K) NonClass: 380785K(384064K)->380785K(384064K) Class: 54115K(56832K)->54115K(56832K)
[2024-05-30T14:32:31.913+0000][14291.332s][info][gc          ] GC(3044) Pause Young (Concurrent Start) (G1 Evacuation Pause) 9529M->3211M(12288M) 34.170ms
[2024-05-30T14:32:31.913+0000][14291.332s][info][gc,cpu      ] GC(3044) User=0.19s Sys=0.00s Real=0.03s
[2024-05-30T14:32:31.913+0000][14291.332s][info][gc          ] GC(3045) Concurrent Mark Cycle
[2024-05-30T14:32:31.913+0000][14291.332s][info][gc,marking  ] GC(3045) Concurrent Clear Claimed Marks
[2024-05-30T14:32:31.914+0000][14291.333s][info][gc,marking  ] GC(3045) Concurrent Clear Claimed Marks 0.426ms
[2024-05-30T14:32:31.914+0000][14291.333s][info][gc,marking  ] GC(3045) Concurrent Scan Root Regions
[2024-05-30T14:32:31.948+0000][14291.367s][info][gc,marking  ] GC(3045) Concurrent Scan Root Regions 33.796ms
[2024-05-30T14:32:31.948+0000][14291.367s][info][gc,marking  ] GC(3045) Concurrent Mark
[2024-05-30T14:32:31.948+0000][14291.367s][info][gc,marking  ] GC(3045) Concurrent Mark From Roots
[2024-05-30T14:32:31.948+0000][14291.367s][info][gc,task     ] GC(3045) Using 2 workers of 2 for marking
[2024-05-30T14:32:33.642+0000][14293.061s][info][gc,marking  ] GC(3045) Concurrent Mark From Roots 1694.218ms
[2024-05-30T14:32:33.642+0000][14293.061s][info][gc,marking  ] GC(3045) Concurrent Preclean
[2024-05-30T14:32:33.643+0000][14293.062s][info][gc,marking  ] GC(3045) Concurrent Preclean 1.330ms
[2024-05-30T14:32:33.643+0000][14293.063s][info][gc,start    ] GC(3045) Pause Remark
[2024-05-30T14:32:33.687+0000][14293.106s][info][gc          ] GC(3045) Pause Remark 3835M->3819M(12288M) 43.916ms
[2024-05-30T14:32:33.687+0000][14293.106s][info][gc,cpu      ] GC(3045) User=0.23s Sys=0.00s Real=0.04s
[2024-05-30T14:32:33.687+0000][14293.107s][info][gc,marking  ] GC(3045) Concurrent Mark 1739.888ms
[2024-05-30T14:32:33.687+0000][14293.107s][info][gc,marking  ] GC(3045) Concurrent Rebuild Remembered Sets
[2024-05-30T14:32:34.636+0000][14294.056s][info][gc,marking  ] GC(3045) Concurrent Rebuild Remembered Sets 948.928ms
[2024-05-30T14:32:34.637+0000][14294.056s][info][gc,start    ] GC(3045) Pause Cleanup
[2024-05-30T14:32:34.637+0000][14294.056s][info][gc          ] GC(3045) Pause Cleanup 4195M->4195M(12288M) 0.595ms
[2024-05-30T14:32:34.637+0000][14294.056s][info][gc,cpu      ] GC(3045) User=0.00s Sys=0.00s Real=0.00s
[2024-05-30T14:32:34.637+0000][14294.056s][info][gc,marking  ] GC(3045) Concurrent Cleanup for Next Mark
[2024-05-30T14:32:34.654+0000][14294.073s][info][gc,marking  ] GC(3045) Concurrent Cleanup for Next Mark 16.466ms
[2024-05-30T14:32:34.654+0000][14294.073s][info][gc          ] GC(3045) Concurrent Mark Cycle 2740.548ms
[2024-05-30T14:32:47.523+0000][14306.942s][info][gc,start    ] GC(3046) Pause Young (Prepare Mixed) (G1 Evacuation Pause)
[2024-05-30T14:32:47.523+0000][14306.942s][info][gc,task     ] GC(3046) Using 6 workers of 6 for evacuation
[2024-05-30T14:32:47.562+0000][14306.981s][info][gc,phases   ] GC(3046)   Pre Evacuate Collection Set: 0.2ms
[2024-05-30T14:32:47.562+0000][14306.981s][info][gc,phases   ] GC(3046)   Merge Heap Roots: 0.4ms
[2024-05-30T14:32:47.562+0000][14306.981s][info][gc,phases   ] GC(3046)   Evacuate Collection Set: 36.4ms
[2024-05-30T14:32:47.562+0000][14306.981s][info][gc,phases   ] GC(3046)   Post Evacuate Collection Set: 2.2ms
[2024-05-30T14:32:47.562+0000][14306.981s][info][gc,phases   ] GC(3046)   Other: 0.2ms
[2024-05-30T14:32:47.562+0000][14306.981s][info][gc,heap     ] GC(3046) Eden regions: 792->0(58)
[2024-05-30T14:32:47.562+0000][14306.981s][info][gc,heap     ] GC(3046) Survivor regions: 14->18(101)
[2024-05-30T14:32:47.562+0000][14306.981s][info][gc,heap     ] GC(3046) Old regions: 346->346
[2024-05-30T14:32:47.562+0000][14306.981s][info][gc,heap     ] GC(3046) Archive regions: 2->2
[2024-05-30T14:32:47.562+0000][14306.981s][info][gc,heap     ] GC(3046) Humongous regions: 40->40
[2024-05-30T14:32:47.562+0000][14306.981s][info][gc,metaspace] GC(3046) Metaspace: 434880K(440896K)->434880K(440896K) NonClass: 380770K(384064K)->380770K(384064K) Class: 54110K(56832K)->54110K(56832K)
[2024-05-30T14:32:47.562+0000][14306.982s][info][gc          ] GC(3046) Pause Young (Prepare Mixed) (G1 Evacuation Pause) 9531M->3227M(12288M) 39.442ms
[2024-05-30T14:32:47.562+0000][14306.982s][info][gc,cpu      ] GC(3046) User=0.22s Sys=0.01s Real=0.04s
[2024-05-30T14:32:48.239+0000][14307.658s][info][gc,start    ] GC(3047) Pause Young (Mixed) (G1 Evacuation Pause)
[2024-05-30T14:32:48.239+0000][14307.658s][info][gc,task     ] GC(3047) Using 6 workers of 6 for evacuation
[2024-05-30T14:32:48.302+0000][14307.721s][info][gc,phases   ] GC(3047)   Pre Evacuate Collection Set: 0.2ms
[2024-05-30T14:32:48.302+0000][14307.721s][info][gc,phases   ] GC(3047)   Merge Heap Roots: 0.3ms
[2024-05-30T14:32:48.302+0000][14307.721s][info][gc,phases   ] GC(3047)   Evacuate Collection Set: 60.7ms
[2024-05-30T14:32:48.302+0000][14307.721s][info][gc,phases   ] GC(3047)   Post Evacuate Collection Set: 1.4ms
[2024-05-30T14:32:48.302+0000][14307.721s][info][gc,phases   ] GC(3047)   Other: 0.2ms
[2024-05-30T14:32:48.302+0000][14307.721s][info][gc,heap     ] GC(3047) Eden regions: 58->0(811)
[2024-05-30T14:32:48.302+0000][14307.721s][info][gc,heap     ] GC(3047) Survivor regions: 18->2(10)
[2024-05-30T14:32:48.302+0000][14307.721s][info][gc,heap     ] GC(3047) Old regions: 346->343
[2024-05-30T14:32:48.302+0000][14307.721s][info][gc,heap     ] GC(3047) Archive regions: 2->2
[2024-05-30T14:32:48.302+0000][14307.721s][info][gc,heap     ] GC(3047) Humongous regions: 40->40
[2024-05-30T14:32:48.302+0000][14307.721s][info][gc,metaspace] GC(3047) Metaspace: 434880K(440896K)->434880K(440896K) NonClass: 380770K(384064K)->380770K(384064K) Class: 54110K(56832K)->54110K(56832K)
[2024-05-30T14:32:48.302+0000][14307.721s][info][gc          ] GC(3047) Pause Young (Mixed) (G1 Evacuation Pause) 3691M->3084M(12288M) 62.895ms
[2024-05-30T14:32:48.302+0000][14307.721s][info][gc,cpu      ] GC(3047) User=0.38s Sys=0.00s Real=0.06s
[2024-05-30T14:33:02.402+0000][14321.821s][info][gc,start    ] GC(3048) Pause Young (Normal) (G1 Evacuation Pause)
[2024-05-30T14:33:02.402+0000][14321.821s][info][gc,task     ] GC(3048) Using 6 workers of 6 for evacuation
[2024-05-30T14:33:02.421+0000][14321.840s][info][gc,phases   ] GC(3048)   Pre Evacuate Collection Set: 0.2ms
[2024-05-30T14:33:02.421+0000][14321.840s][info][gc,phases   ] GC(3048)   Merge Heap Roots: 0.3ms
[2024-05-30T14:33:02.421+0000][14321.840s][info][gc,phases   ] GC(3048)   Evacuate Collection Set: 16.0ms
[2024-05-30T14:33:02.421+0000][14321.840s][info][gc,phases   ] GC(3048)   Post Evacuate Collection Set: 2.3ms
[2024-05-30T14:33:02.421+0000][14321.840s][info][gc,phases   ] GC(3048)   Other: 0.2ms
[2024-05-30T14:33:02.421+0000][14321.840s][info][gc,heap     ] GC(3048) Eden regions: 811->0(811)
[2024-05-30T14:33:02.421+0000][14321.840s][info][gc,heap     ] GC(3048) Survivor regions: 2->5(102)
[2024-05-30T14:33:02.421+0000][14321.840s][info][gc,heap     ] GC(3048) Old regions: 343->343
[2024-05-30T14:33:02.421+0000][14321.840s][info][gc,heap     ] GC(3048) Archive regions: 2->2
[2024-05-30T14:33:02.421+0000][14321.840s][info][gc,heap     ] GC(3048) Humongous regions: 40->40
[2024-05-30T14:33:02.421+0000][14321.840s][info][gc,metaspace] GC(3048) Metaspace: 434881K(440896K)->434881K(440896K) NonClass: 380770K(384064K)->380770K(384064K) Class: 54110K(56832K)->54110K(56832K)
[2024-05-30T14:33:02.421+0000][14321.840s][info][gc          ] GC(3048) Pause Young (Normal) (G1 Evacuation Pause) 9572M->3108M(12288M) 19.068ms
[2024-05-30T14:33:02.421+0000][14321.840s][info][gc,cpu      ] GC(3048) User=0.11s Sys=0.01s Real=0.02s
[2024-05-30T14:33:17.410+0000][14336.830s][info][gc,start    ] GC(3049) Pause Young (Normal) (G1 Evacuation Pause)
[2024-05-30T14:33:17.411+0000][14336.830s][info][gc,task     ] GC(3049) Using 6 workers of 6 for evacuation
[2024-05-30T14:33:17.438+0000][14336.858s][info][gc,phases   ] GC(3049)   Pre Evacuate Collection Set: 0.2ms
[2024-05-30T14:33:17.438+0000][14336.858s][info][gc,phases   ] GC(3049)   Merge Heap Roots: 0.3ms
[2024-05-30T14:33:17.438+0000][14336.858s][info][gc,phases   ] GC(3049)   Evacuate Collection Set: 25.0ms
[2024-05-30T14:33:17.438+0000][14336.858s][info][gc,phases   ] GC(3049)   Post Evacuate Collection Set: 2.3ms
[2024-05-30T14:33:17.438+0000][14336.858s][info][gc,phases   ] GC(3049)   Other: 0.2ms
[2024-05-30T14:33:17.438+0000][14336.858s][info][gc,heap     ] GC(3049) Eden regions: 811->0(808)
[2024-05-30T14:33:17.438+0000][14336.858s][info][gc,heap     ] GC(3049) Survivor regions: 5->10(102)
[2024-05-30T14:33:17.438+0000][14336.858s][info][gc,heap     ] GC(3049) Old regions: 343->343
[2024-05-30T14:33:17.438+0000][14336.858s][info][gc,heap     ] GC(3049) Archive regions: 2->2
[2024-05-30T14:33:17.439+0000][14336.858s][info][gc,heap     ] GC(3049) Humongous regions: 40->40
[2024-05-30T14:33:17.439+0000][14336.858s][info][gc,metaspace] GC(3049) Metaspace: 434881K(440896K)->434881K(440896K) NonClass: 380770K(384064K)->380770K(384064K) Class: 54110K(56832K)->54110K(56832K)
[2024-05-30T14:33:17.439+0000][14336.858s][info][gc          ] GC(3049) Pause Young (Normal) (G1 Evacuation Pause) 9596M->3142M(12288M) 28.036ms
[2024-05-30T14:33:17.439+0000][14336.858s][info][gc,cpu      ] GC(3049) User=0.16s Sys=0.00s Real=0.03s
[2024-05-30T14:33:31.216+0000][14350.636s][info][gc,start    ] GC(3050) Pause Young (Concurrent Start) (G1 Evacuation Pause)
[2024-05-30T14:33:31.216+0000][14350.636s][info][gc,task     ] GC(3050) Using 6 workers of 6 for evacuation
[2024-05-30T14:33:31.250+0000][14350.669s][info][gc,phases   ] GC(3050)   Pre Evacuate Collection Set: 0.6ms
[2024-05-30T14:33:31.250+0000][14350.669s][info][gc,phases   ] GC(3050)   Merge Heap Roots: 0.3ms
[2024-05-30T14:33:31.250+0000][14350.669s][info][gc,phases   ] GC(3050)   Evacuate Collection Set: 30.4ms
[2024-05-30T14:33:31.250+0000][14350.669s][info][gc,phases   ] GC(3050)   Post Evacuate Collection Set: 2.3ms
[2024-05-30T14:33:31.250+0000][14350.669s][info][gc,phases   ] GC(3050)   Other: 0.3ms
[2024-05-30T14:33:31.250+0000][14350.669s][info][gc,heap     ] GC(3050) Eden regions: 808->0(808)
[2024-05-30T14:33:31.250+0000][14350.669s][info][gc,heap     ] GC(3050) Survivor regions: 10->12(103)
[2024-05-30T14:33:31.250+0000][14350.669s][info][gc,heap     ] GC(3050) Old regions: 343->343
[2024-05-30T14:33:31.250+0000][14350.669s][info][gc,heap     ] GC(3050) Archive regions: 2->2
[2024-05-30T14:33:31.250+0000][14350.669s][info][gc,heap     ] GC(3050) Humongous regions: 40->40
[2024-05-30T14:33:31.250+0000][14350.669s][info][gc,metaspace] GC(3050) Metaspace: 434888K(440896K)->434888K(440896K) NonClass: 380777K(384064K)->380777K(384064K) Class: 54110K(56832K)->54110K(56832K)
[2024-05-30T14:33:31.250+0000][14350.669s][info][gc          ] GC(3050) Pause Young (Concurrent Start) (G1 Evacuation Pause) 9606M->3162M(12288M) 33.801ms
[2024-05-30T14:33:31.250+0000][14350.669s][info][gc,cpu      ] GC(3050) User=0.19s Sys=0.01s Real=0.03s
[2024-05-30T14:33:31.250+0000][14350.670s][info][gc          ] GC(3051) Concurrent Mark Cycle
[2024-05-30T14:33:31.250+0000][14350.670s][info][gc,marking  ] GC(3051) Concurrent Clear Claimed Marks
[2024-05-30T14:33:31.251+0000][14350.670s][info][gc,marking  ] GC(3051) Concurrent Clear Claimed Marks 0.386ms
[2024-05-30T14:33:31.251+0000][14350.670s][info][gc,marking  ] GC(3051) Concurrent Scan Root Regions
[2024-05-30T14:33:31.275+0000][14350.694s][info][gc,marking  ] GC(3051) Concurrent Scan Root Regions 24.489ms
[2024-05-30T14:33:31.275+0000][14350.694s][info][gc,marking  ] GC(3051) Concurrent Mark
[2024-05-30T14:33:31.275+0000][14350.694s][info][gc,marking  ] GC(3051) Concurrent Mark From Roots
[2024-05-30T14:33:31.275+0000][14350.694s][info][gc,task     ] GC(3051) Using 2 workers of 2 for marking
[2024-05-30T14:33:33.048+0000][14352.467s][info][gc,marking  ] GC(3051) Concurrent Mark From Roots 1772.379ms
[2024-05-30T14:33:33.048+0000][14352.467s][info][gc,marking  ] GC(3051) Concurrent Preclean
[2024-05-30T14:33:33.049+0000][14352.468s][info][gc,marking  ] GC(3051) Concurrent Preclean 1.290ms
[2024-05-30T14:33:33.049+0000][14352.468s][info][gc,start    ] GC(3051) Pause Remark
[2024-05-30T14:33:33.073+0000][14352.493s][info][gc          ] GC(3051) Pause Remark 3930M->3930M(12288M) 24.282ms
[2024-05-30T14:33:33.073+0000][14352.493s][info][gc,cpu      ] GC(3051) User=0.11s Sys=0.00s Real=0.02s
[2024-05-30T14:33:33.074+0000][14352.493s][info][gc,marking  ] GC(3051) Concurrent Mark 1798.395ms
[2024-05-30T14:33:33.074+0000][14352.493s][info][gc,marking  ] GC(3051) Concurrent Rebuild Remembered Sets
[2024-05-30T14:33:34.066+0000][14353.485s][info][gc,marking  ] GC(3051) Concurrent Rebuild Remembered Sets 992.316ms
[2024-05-30T14:33:34.066+0000][14353.485s][info][gc,start    ] GC(3051) Pause Cleanup
[2024-05-30T14:33:34.067+0000][14353.486s][info][gc          ] GC(3051) Pause Cleanup 4358M->4358M(12288M) 0.631ms
[2024-05-30T14:33:34.067+0000][14353.486s][info][gc,cpu      ] GC(3051) User=0.00s Sys=0.00s Real=0.00s
[2024-05-30T14:33:34.067+0000][14353.486s][info][gc,marking  ] GC(3051) Concurrent Cleanup for Next Mark
[2024-05-30T14:33:34.083+0000][14353.503s][info][gc,marking  ] GC(3051) Concurrent Cleanup for Next Mark 16.493ms
[2024-05-30T14:33:34.083+0000][14353.503s][info][gc          ] GC(3051) Concurrent Mark Cycle 2833.111ms
[2024-05-30T14:33:45.663+0000][14365.082s][info][gc,start    ] GC(3052) Pause Young (Prepare Mixed) (G1 Evacuation Pause)
[2024-05-30T14:33:45.663+0000][14365.082s][info][gc,task     ] GC(3052) Using 6 workers of 6 for evacuation
[2024-05-30T14:33:45.707+0000][14365.126s][info][gc,phases   ] GC(3052)   Pre Evacuate Collection Set: 0.2ms
[2024-05-30T14:33:45.707+0000][14365.126s][info][gc,phases   ] GC(3052)   Merge Heap Roots: 0.4ms
[2024-05-30T14:33:45.707+0000][14365.126s][info][gc,phases   ] GC(3052)   Evacuate Collection Set: 40.3ms
[2024-05-30T14:33:45.707+0000][14365.126s][info][gc,phases   ] GC(3052)   Post Evacuate Collection Set: 2.6ms
[2024-05-30T14:33:45.707+0000][14365.126s][info][gc,phases   ] GC(3052)   Other: 0.2ms
[2024-05-30T14:33:45.707+0000][14365.126s][info][gc,heap     ] GC(3052) Eden regions: 808->0(60)
[2024-05-30T14:33:45.707+0000][14365.126s][info][gc,heap     ] GC(3052) Survivor regions: 12->16(103)
[2024-05-30T14:33:45.707+0000][14365.126s][info][gc,heap     ] GC(3052) Old regions: 343->343
[2024-05-30T14:33:45.707+0000][14365.126s][info][gc,heap     ] GC(3052) Archive regions: 2->2
[2024-05-30T14:33:45.707+0000][14365.126s][info][gc,heap     ] GC(3052) Humongous regions: 40->40
[2024-05-30T14:33:45.707+0000][14365.126s][info][gc,metaspace] GC(3052) Metaspace: 434889K(440896K)->434889K(440896K) NonClass: 380778K(384064K)->380778K(384064K) Class: 54110K(56832K)->54110K(56832K)
[2024-05-30T14:33:45.707+0000][14365.126s][info][gc          ] GC(3052) Pause Young (Prepare Mixed) (G1 Evacuation Pause) 9626M->3194M(12288M) 43.730ms
[2024-05-30T14:33:45.707+0000][14365.126s][info][gc,cpu      ] GC(3052) User=0.26s Sys=0.00s Real=0.04s
[2024-05-30T14:33:46.822+0000][14366.242s][info][gc,start    ] GC(3053) Pause Young (Mixed) (G1 Evacuation Pause)
[2024-05-30T14:33:46.822+0000][14366.242s][info][gc,task     ] GC(3053) Using 6 workers of 6 for evacuation
[2024-05-30T14:33:46.885+0000][14366.304s][info][gc,phases   ] GC(3053)   Pre Evacuate Collection Set: 0.2ms
[2024-05-30T14:33:46.885+0000][14366.304s][info][gc,phases   ] GC(3053)   Merge Heap Roots: 0.3ms
[2024-05-30T14:33:46.885+0000][14366.304s][info][gc,phases   ] GC(3053)   Evacuate Collection Set: 60.4ms
[2024-05-30T14:33:46.885+0000][14366.304s][info][gc,phases   ] GC(3053)   Post Evacuate Collection Set: 1.5ms
[2024-05-30T14:33:46.885+0000][14366.304s][info][gc,phases   ] GC(3053)   Other: 0.2ms
[2024-05-30T14:33:46.885+0000][14366.304s][info][gc,heap     ] GC(3053) Eden regions: 60->0(822)
[2024-05-30T14:33:46.885+0000][14366.304s][info][gc,heap     ] GC(3053) Survivor regions: 16->2(10)
[2024-05-30T14:33:46.885+0000][14366.304s][info][gc,heap     ] GC(3053) Old regions: 343->340
[2024-05-30T14:33:46.885+0000][14366.304s][info][gc,heap     ] GC(3053) Archive regions: 2->2
[2024-05-30T14:33:46.885+0000][14366.304s][info][gc,heap     ] GC(3053) Humongous regions: 40->40
[2024-05-30T14:33:46.885+0000][14366.304s][info][gc,metaspace] GC(3053) Metaspace: 434889K(440896K)->434889K(440896K) NonClass: 380778K(384064K)->380778K(384064K) Class: 54110K(56832K)->54110K(56832K)
[2024-05-30T14:33:46.885+0000][14366.304s][info][gc          ] GC(3053) Pause Young (Mixed) (G1 Evacuation Pause) 3674M->3057M(12288M) 62.662ms
[2024-05-30T14:33:46.885+0000][14366.304s][info][gc,cpu      ] GC(3053) User=0.38s Sys=0.00s Real=0.06s
[2024-05-30T14:34:01.318+0000][14380.737s][info][gc,start    ] GC(3054) Pause Young (Normal) (G1 Evacuation Pause)
[2024-05-30T14:34:01.318+0000][14380.737s][info][gc,task     ] GC(3054) Using 6 workers of 6 for evacuation
[2024-05-30T14:34:01.337+0000][14380.756s][info][gc,phases   ] GC(3054)   Pre Evacuate Collection Set: 0.2ms
[2024-05-30T14:34:01.337+0000][14380.757s][info][gc,phases   ] GC(3054)   Merge Heap Roots: 0.2ms
[2024-05-30T14:34:01.337+0000][14380.757s][info][gc,phases   ] GC(3054)   Evacuate Collection Set: 16.7ms
[2024-05-30T14:34:01.337+0000][14380.757s][info][gc,phases   ] GC(3054)   Post Evacuate Collection Set: 2.3ms
[2024-05-30T14:34:01.337+0000][14380.757s][info][gc,phases   ] GC(3054)   Other: 0.2ms
[2024-05-30T14:34:01.337+0000][14380.757s][info][gc,heap     ] GC(3054) Eden regions: 822->0(819)
[2024-05-30T14:34:01.337+0000][14380.757s][info][gc,heap     ] GC(3054) Survivor regions: 2->6(103)
[2024-05-30T14:34:01.337+0000][14380.757s][info][gc,heap     ] GC(3054) Old regions: 340->340
[2024-05-30T14:34:01.337+0000][14380.757s][info][gc,heap     ] GC(3054) Archive regions: 2->2
[2024-05-30T14:34:01.337+0000][14380.757s][info][gc,heap     ] GC(3054) Humongous regions: 40->40
[2024-05-30T14:34:01.337+0000][14380.757s][info][gc,metaspace] GC(3054) Metaspace: 434889K(440896K)->434889K(440896K) NonClass: 380779K(384064K)->380779K(384064K) Class: 54110K(56832K)->54110K(56832K)
[2024-05-30T14:34:01.337+0000][14380.757s][info][gc          ] GC(3054) Pause Young (Normal) (G1 Evacuation Pause) 9633M->3089M(12288M) 19.678ms
[2024-05-30T14:34:01.337+0000][14380.757s][info][gc,cpu      ] GC(3054) User=0.11s Sys=0.00s Real=0.02s
[2024-05-30T14:34:15.548+0000][14394.968s][info][gc,start    ] GC(3055) Pause Young (Normal) (G1 Evacuation Pause)
[2024-05-30T14:34:15.548+0000][14394.968s][info][gc,task     ] GC(3055) Using 6 workers of 6 for evacuation
[2024-05-30T14:34:15.575+0000][14394.994s][info][gc,phases   ] GC(3055)   Pre Evacuate Collection Set: 0.2ms
[2024-05-30T14:34:15.575+0000][14394.994s][info][gc,phases   ] GC(3055)   Merge Heap Roots: 0.3ms
[2024-05-30T14:34:15.575+0000][14394.994s][info][gc,phases   ] GC(3055)   Evacuate Collection Set: 24.0ms
[2024-05-30T14:34:15.575+0000][14394.994s][info][gc,phases   ] GC(3055)   Post Evacuate Collection Set: 2.1ms
[2024-05-30T14:34:15.575+0000][14394.994s][info][gc,phases   ] GC(3055)   Other: 0.2ms
[2024-05-30T14:34:15.575+0000][14394.994s][info][gc,heap     ] GC(3055) Eden regions: 819->0(814)
[2024-05-30T14:34:15.575+0000][14394.994s][info][gc,heap     ] GC(3055) Survivor regions: 6->11(104)
[2024-05-30T14:34:15.575+0000][14394.994s][info][gc,heap     ] GC(3055) Old regions: 340->340
[2024-05-30T14:34:15.575+0000][14394.994s][info][gc,heap     ] GC(3055) Archive regions: 2->2
[2024-05-30T14:34:15.575+0000][14394.994s][info][gc,heap     ] GC(3055) Humongous regions: 40->40
[2024-05-30T14:34:15.575+0000][14394.994s][info][gc,metaspace] GC(3055) Metaspace: 434889K(440896K)->434889K(440896K) NonClass: 380779K(384064K)->380779K(384064K) Class: 54110K(56832K)->54110K(56832K)
[2024-05-30T14:34:15.575+0000][14394.994s][info][gc          ] GC(3055) Pause Young (Normal) (G1 Evacuation Pause) 9641M->3125M(12288M) 26.886ms
[2024-05-30T14:34:15.575+0000][14394.995s][info][gc,cpu      ] GC(3055) User=0.16s Sys=0.01s Real=0.02s
[2024-05-30T14:34:30.122+0000][14409.541s][info][gc,start    ] GC(3056) Pause Young (Concurrent Start) (G1 Evacuation Pause)
[2024-05-30T14:34:30.122+0000][14409.541s][info][gc,task     ] GC(3056) Using 6 workers of 6 for evacuation
[2024-05-30T14:34:30.162+0000][14409.581s][info][gc,phases   ] GC(3056)   Pre Evacuate Collection Set: 0.6ms
[2024-05-30T14:34:30.162+0000][14409.581s][info][gc,phases   ] GC(3056)   Merge Heap Roots: 0.3ms
[2024-05-30T14:34:30.162+0000][14409.581s][info][gc,phases   ] GC(3056)   Evacuate Collection Set: 36.6ms
[2024-05-30T14:34:30.162+0000][14409.581s][info][gc,phases   ] GC(3056)   Post Evacuate Collection Set: 2.3ms
[2024-05-30T14:34:30.162+0000][14409.581s][info][gc,phases   ] GC(3056)   Other: 0.3ms
[2024-05-30T14:34:30.162+0000][14409.581s][info][gc,heap     ] GC(3056) Eden regions: 814->0(810)
[2024-05-30T14:34:30.162+0000][14409.581s][info][gc,heap     ] GC(3056) Survivor regions: 11->15(104)
[2024-05-30T14:34:30.162+0000][14409.581s][info][gc,heap     ] GC(3056) Old regions: 340->340
[2024-05-30T14:34:30.162+0000][14409.581s][info][gc,heap     ] GC(3056) Archive regions: 2->2
[2024-05-30T14:34:30.162+0000][14409.581s][info][gc,heap     ] GC(3056) Humongous regions: 40->40
[2024-05-30T14:34:30.162+0000][14409.581s][info][gc,metaspace] GC(3056) Metaspace: 434889K(440896K)->434889K(440896K) NonClass: 380779K(384064K)->380779K(384064K) Class: 54110K(56832K)->54110K(56832K)
[2024-05-30T14:34:30.162+0000][14409.581s][info][gc          ] GC(3056) Pause Young (Concurrent Start) (G1 Evacuation Pause) 9637M->3155M(12288M) 40.066ms
[2024-05-30T14:34:30.162+0000][14409.581s][info][gc,cpu      ] GC(3056) User=0.23s Sys=0.00s Real=0.04s
[2024-05-30T14:34:30.162+0000][14409.581s][info][gc          ] GC(3057) Concurrent Mark Cycle
[2024-05-30T14:34:30.162+0000][14409.581s][info][gc,marking  ] GC(3057) Concurrent Clear Claimed Marks
[2024-05-30T14:34:30.162+0000][14409.581s][info][gc,marking  ] GC(3057) Concurrent Clear Claimed Marks 0.397ms
[2024-05-30T14:34:30.162+0000][14409.581s][info][gc,marking  ] GC(3057) Concurrent Scan Root Regions
[2024-05-30T14:34:30.194+0000][14409.613s][info][gc,marking  ] GC(3057) Concurrent Scan Root Regions 32.080ms
[2024-05-30T14:34:30.194+0000][14409.614s][info][gc,marking  ] GC(3057) Concurrent Mark
[2024-05-30T14:34:30.194+0000][14409.614s][info][gc,marking  ] GC(3057) Concurrent Mark From Roots
[2024-05-30T14:34:30.194+0000][14409.614s][info][gc,task     ] GC(3057) Using 2 workers of 2 for marking
[2024-05-30T14:34:32.021+0000][14411.440s][info][gc,marking  ] GC(3057) Concurrent Mark From Roots 1826.537ms
[2024-05-30T14:34:32.021+0000][14411.440s][info][gc,marking  ] GC(3057) Concurrent Preclean
[2024-05-30T14:34:32.022+0000][14411.441s][info][gc,marking  ] GC(3057) Concurrent Preclean 1.152ms
[2024-05-30T14:34:32.022+0000][14411.441s][info][gc,start    ] GC(3057) Pause Remark
[2024-05-30T14:34:32.046+0000][14411.466s][info][gc          ] GC(3057) Pause Remark 3975M->3975M(12288M) 24.308ms
[2024-05-30T14:34:32.047+0000][14411.466s][info][gc,cpu      ] GC(3057) User=0.10s Sys=0.01s Real=0.02s
[2024-05-30T14:34:32.047+0000][14411.466s][info][gc,marking  ] GC(3057) Concurrent Mark 1852.302ms
[2024-05-30T14:34:32.047+0000][14411.466s][info][gc,marking  ] GC(3057) Concurrent Rebuild Remembered Sets
[2024-05-30T14:34:33.239+0000][14412.658s][info][gc,marking  ] GC(3057) Concurrent Rebuild Remembered Sets 1192.416ms
[2024-05-30T14:34:33.239+0000][14412.658s][info][gc,start    ] GC(3057) Pause Cleanup
[2024-05-30T14:34:33.240+0000][14412.659s][info][gc          ] GC(3057) Pause Cleanup 4551M->4551M(12288M) 0.612ms
[2024-05-30T14:34:33.240+0000][14412.659s][info][gc,cpu      ] GC(3057) User=0.00s Sys=0.00s Real=0.00s
[2024-05-30T14:34:33.240+0000][14412.659s][info][gc,marking  ] GC(3057) Concurrent Cleanup for Next Mark
[2024-05-30T14:34:33.257+0000][14412.676s][info][gc,marking  ] GC(3057) Concurrent Cleanup for Next Mark 16.606ms
[2024-05-30T14:34:33.257+0000][14412.676s][info][gc          ] GC(3057) Concurrent Mark Cycle 3094.907ms
[2024-05-30T14:34:43.905+0000][14423.324s][info][gc,start    ] GC(3058) Pause Young (Prepare Mixed) (G1 Evacuation Pause)
[2024-05-30T14:34:43.905+0000][14423.324s][info][gc,task     ] GC(3058) Using 6 workers of 6 for evacuation
[2024-05-30T14:34:43.945+0000][14423.364s][info][gc,phases   ] GC(3058)   Pre Evacuate Collection Set: 0.2ms
[2024-05-30T14:34:43.945+0000][14423.364s][info][gc,phases   ] GC(3058)   Merge Heap Roots: 0.4ms
[2024-05-30T14:34:43.945+0000][14423.364s][info][gc,phases   ] GC(3058)   Evacuate Collection Set: 36.5ms
[2024-05-30T14:34:43.945+0000][14423.364s][info][gc,phases   ] GC(3058)   Post Evacuate Collection Set: 2.3ms
[2024-05-30T14:34:43.945+0000][14423.364s][info][gc,phases   ] GC(3058)   Other: 0.2ms
[2024-05-30T14:34:43.945+0000][14423.364s][info][gc,heap     ] GC(3058) Eden regions: 810->0(60)
[2024-05-30T14:34:43.945+0000][14423.364s][info][gc,heap     ] GC(3058) Survivor regions: 15->16(104)
[2024-05-30T14:34:43.945+0000][14423.364s][info][gc,heap     ] GC(3058) Old regions: 340->340
[2024-05-30T14:34:43.945+0000][14423.364s][info][gc,heap     ] GC(3058) Archive regions: 2->2
[2024-05-30T14:34:43.945+0000][14423.364s][info][gc,heap     ] GC(3058) Humongous regions: 40->40
[2024-05-30T14:34:43.945+0000][14423.364s][info][gc,metaspace] GC(3058) Metaspace: 434889K(440896K)->434889K(440896K) NonClass: 380779K(384064K)->380779K(384064K) Class: 54110K(56832K)->54110K(56832K)
[2024-05-30T14:34:43.945+0000][14423.364s][info][gc          ] GC(3058) Pause Young (Prepare Mixed) (G1 Evacuation Pause) 9635M->3165M(12288M) 39.659ms
[2024-05-30T14:34:43.945+0000][14423.364s][info][gc,cpu      ] GC(3058) User=0.24s Sys=0.00s Real=0.04s
[2024-05-30T14:34:45.002+0000][14424.421s][info][gc,start    ] GC(3059) Pause Young (Mixed) (G1 Evacuation Pause)
[2024-05-30T14:34:45.002+0000][14424.421s][info][gc,task     ] GC(3059) Using 6 workers of 6 for evacuation
[2024-05-30T14:34:45.072+0000][14424.492s][info][gc,phases   ] GC(3059)   Pre Evacuate Collection Set: 0.2ms
[2024-05-30T14:34:45.072+0000][14424.492s][info][gc,phases   ] GC(3059)   Merge Heap Roots: 0.4ms
[2024-05-30T14:34:45.072+0000][14424.492s][info][gc,phases   ] GC(3059)   Evacuate Collection Set: 68.0ms
[2024-05-30T14:34:45.072+0000][14424.492s][info][gc,phases   ] GC(3059)   Post Evacuate Collection Set: 1.5ms
[2024-05-30T14:34:45.072+0000][14424.492s][info][gc,phases   ] GC(3059)   Other: 0.2ms
[2024-05-30T14:34:45.072+0000][14424.492s][info][gc,heap     ] GC(3059) Eden regions: 60->0(824)
[2024-05-30T14:34:45.072+0000][14424.492s][info][gc,heap     ] GC(3059) Survivor regions: 16->6(10)
[2024-05-30T14:34:45.072+0000][14424.492s][info][gc,heap     ] GC(3059) Old regions: 340->336
[2024-05-30T14:34:45.072+0000][14424.492s][info][gc,heap     ] GC(3059) Archive regions: 2->2
[2024-05-30T14:34:45.072+0000][14424.492s][info][gc,heap     ] GC(3059) Humongous regions: 40->40
[2024-05-30T14:34:45.072+0000][14424.492s][info][gc,metaspace] GC(3059) Metaspace: 434889K(440896K)->434889K(440896K) NonClass: 380779K(384064K)->380779K(384064K) Class: 54110K(56832K)->54110K(56832K)
[2024-05-30T14:34:45.072+0000][14424.492s][info][gc          ] GC(3059) Pause Young (Mixed) (G1 Evacuation Pause) 3645M->3056M(12288M) 70.232ms
[2024-05-30T14:34:45.072+0000][14424.492s][info][gc,cpu      ] GC(3059) User=0.42s Sys=0.00s Real=0.07s
[2024-05-30T14:34:59.286+0000][14438.705s][info][gc,start    ] GC(3060) Pause Young (Normal) (G1 Evacuation Pause)
[2024-05-30T14:34:59.286+0000][14438.705s][info][gc,task     ] GC(3060) Using 6 workers of 6 for evacuation
[2024-05-30T14:34:59.311+0000][14438.730s][info][gc,phases   ] GC(3060)   Pre Evacuate Collection Set: 0.2ms
[2024-05-30T14:34:59.311+0000][14438.730s][info][gc,phases   ] GC(3060)   Merge Heap Roots: 0.2ms
[2024-05-30T14:34:59.311+0000][14438.730s][info][gc,phases   ] GC(3060)   Evacuate Collection Set: 22.7ms
[2024-05-30T14:34:59.311+0000][14438.730s][info][gc,phases   ] GC(3060)   Post Evacuate Collection Set: 2.3ms
[2024-05-30T14:34:59.311+0000][14438.730s][info][gc,phases   ] GC(3060)   Other: 0.2ms
[2024-05-30T14:34:59.311+0000][14438.730s][info][gc,heap     ] GC(3060) Eden regions: 824->0(820)
[2024-05-30T14:34:59.311+0000][14438.730s][info][gc,heap     ] GC(3060) Survivor regions: 6->10(104)
[2024-05-30T14:34:59.311+0000][14438.730s][info][gc,heap     ] GC(3060) Old regions: 336->336
[2024-05-30T14:34:59.311+0000][14438.730s][info][gc,heap     ] GC(3060) Archive regions: 2->2
[2024-05-30T14:34:59.311+0000][14438.730s][info][gc,heap     ] GC(3060) Humongous regions: 40->40
[2024-05-30T14:34:59.311+0000][14438.730s][info][gc,metaspace] GC(3060) Metaspace: 434891K(440896K)->434891K(440896K) NonClass: 380780K(384064K)->380780K(384064K) Class: 54110K(56832K)->54110K(56832K)
[2024-05-30T14:34:59.311+0000][14438.730s][info][gc          ] GC(3060) Pause Young (Normal) (G1 Evacuation Pause) 9648M->3088M(12288M) 25.647ms
[2024-05-30T14:34:59.311+0000][14438.730s][info][gc,cpu      ] GC(3060) User=0.15s Sys=0.00s Real=0.03s
[2024-05-30T14:35:15.542+0000][14454.961s][info][gc,start    ] GC(3061) Pause Young (Normal) (G1 Evacuation Pause)
[2024-05-30T14:35:15.542+0000][14454.961s][info][gc,task     ] GC(3061) Using 6 workers of 6 for evacuation
[2024-05-30T14:35:15.575+0000][14454.994s][info][gc,phases   ] GC(3061)   Pre Evacuate Collection Set: 0.2ms
[2024-05-30T14:35:15.575+0000][14454.994s][info][gc,phases   ] GC(3061)   Merge Heap Roots: 0.3ms
[2024-05-30T14:35:15.575+0000][14454.994s][info][gc,phases   ] GC(3061)   Evacuate Collection Set: 30.2ms
[2024-05-30T14:35:15.575+0000][14454.994s][info][gc,phases   ] GC(3061)   Post Evacuate Collection Set: 2.1ms
[2024-05-30T14:35:15.575+0000][14454.994s][info][gc,phases   ] GC(3061)   Other: 0.2ms
[2024-05-30T14:35:15.575+0000][14454.994s][info][gc,heap     ] GC(3061) Eden regions: 820->0(815)
[2024-05-30T14:35:15.575+0000][14454.994s][info][gc,heap     ] GC(3061) Survivor regions: 10->15(104)
[2024-05-30T14:35:15.575+0000][14454.994s][info][gc,heap     ] GC(3061) Old regions: 336->336
[2024-05-30T14:35:15.575+0000][14454.994s][info][gc,heap     ] GC(3061) Archive regions: 2->2
[2024-05-30T14:35:15.575+0000][14454.994s][info][gc,heap     ] GC(3061) Humongous regions: 40->40
[2024-05-30T14:35:15.575+0000][14454.994s][info][gc,metaspace] GC(3061) Metaspace: 434898K(440896K)->434898K(440896K) NonClass: 380787K(384064K)->380787K(384064K) Class: 54110K(56832K)->54110K(56832K)
[2024-05-30T14:35:15.575+0000][14454.994s][info][gc          ] GC(3061) Pause Young (Normal) (G1 Evacuation Pause) 9648M->3123M(12288M) 33.033ms
[2024-05-30T14:35:15.575+0000][14454.994s][info][gc,cpu      ] GC(3061) User=0.19s Sys=0.00s Real=0.03s
[2024-05-30T14:35:31.254+0000][14470.673s][info][gc,start    ] GC(3062) Pause Young (Concurrent Start) (G1 Evacuation Pause)
[2024-05-30T14:35:31.254+0000][14470.673s][info][gc,task     ] GC(3062) Using 6 workers of 6 for evacuation
[2024-05-30T14:35:31.292+0000][14470.711s][info][gc,phases   ] GC(3062)   Pre Evacuate Collection Set: 0.6ms
[2024-05-30T14:35:31.292+0000][14470.711s][info][gc,phases   ] GC(3062)   Merge Heap Roots: 0.2ms
[2024-05-30T14:35:31.292+0000][14470.711s][info][gc,phases   ] GC(3062)   Evacuate Collection Set: 35.1ms
[2024-05-30T14:35:31.292+0000][14470.711s][info][gc,phases   ] GC(3062)   Post Evacuate Collection Set: 2.1ms
[2024-05-30T14:35:31.292+0000][14470.711s][info][gc,phases   ] GC(3062)   Other: 0.3ms
[2024-05-30T14:35:31.292+0000][14470.711s][info][gc,heap     ] GC(3062) Eden regions: 815->0(817)
[2024-05-30T14:35:31.292+0000][14470.711s][info][gc,heap     ] GC(3062) Survivor regions: 15->15(104)
[2024-05-30T14:35:31.292+0000][14470.711s][info][gc,heap     ] GC(3062) Old regions: 336->336
[2024-05-30T14:35:31.292+0000][14470.711s][info][gc,heap     ] GC(3062) Archive regions: 2->2
[2024-05-30T14:35:31.292+0000][14470.711s][info][gc,heap     ] GC(3062) Humongous regions: 40->40
[2024-05-30T14:35:31.292+0000][14470.711s][info][gc,metaspace] GC(3062) Metaspace: 434900K(440896K)->434900K(440896K) NonClass: 380789K(384064K)->380789K(384064K) Class: 54110K(56832K)->54110K(56832K)
[2024-05-30T14:35:31.292+0000][14470.711s][info][gc          ] GC(3062) Pause Young (Concurrent Start) (G1 Evacuation Pause) 9643M->3127M(12288M) 38.412ms
[2024-05-30T14:35:31.292+0000][14470.711s][info][gc,cpu      ] GC(3062) User=0.22s Sys=0.00s Real=0.04s
[2024-05-30T14:35:31.292+0000][14470.711s][info][gc          ] GC(3063) Concurrent Mark Cycle
[2024-05-30T14:35:31.292+0000][14470.712s][info][gc,marking  ] GC(3063) Concurrent Clear Claimed Marks
[2024-05-30T14:35:31.293+0000][14470.712s][info][gc,marking  ] GC(3063) Concurrent Clear Claimed Marks 0.436ms
[2024-05-30T14:35:31.293+0000][14470.712s][info][gc,marking  ] GC(3063) Concurrent Scan Root Regions
[2024-05-30T14:35:31.319+0000][14470.738s][info][gc,marking  ] GC(3063) Concurrent Scan Root Regions 26.327ms
[2024-05-30T14:35:31.319+0000][14470.738s][info][gc,marking  ] GC(3063) Concurrent Mark
[2024-05-30T14:35:31.319+0000][14470.738s][info][gc,marking  ] GC(3063) Concurrent Mark From Roots
[2024-05-30T14:35:31.319+0000][14470.738s][info][gc,task     ] GC(3063) Using 2 workers of 2 for marking
[2024-05-30T14:35:33.098+0000][14472.517s][info][gc,marking  ] GC(3063) Concurrent Mark From Roots 1778.541ms
[2024-05-30T14:35:33.098+0000][14472.517s][info][gc,marking  ] GC(3063) Concurrent Preclean
[2024-05-30T14:35:33.099+0000][14472.518s][info][gc,marking  ] GC(3063) Concurrent Preclean 1.291ms
[2024-05-30T14:35:33.099+0000][14472.518s][info][gc,start    ] GC(3063) Pause Remark
[2024-05-30T14:35:33.124+0000][14472.543s][info][gc          ] GC(3063) Pause Remark 4499M->4499M(12288M) 24.470ms
[2024-05-30T14:35:33.124+0000][14472.543s][info][gc,cpu      ] GC(3063) User=0.10s Sys=0.00s Real=0.02s
[2024-05-30T14:35:33.124+0000][14472.543s][info][gc,marking  ] GC(3063) Concurrent Mark 1804.711ms
[2024-05-30T14:35:33.124+0000][14472.543s][info][gc,marking  ] GC(3063) Concurrent Rebuild Remembered Sets
[2024-05-30T14:35:34.085+0000][14473.504s][info][gc,marking  ] GC(3063) Concurrent Rebuild Remembered Sets 961.196ms
[2024-05-30T14:35:34.085+0000][14473.504s][info][gc,start    ] GC(3063) Pause Cleanup
[2024-05-30T14:35:34.086+0000][14473.505s][info][gc          ] GC(3063) Pause Cleanup 6999M->6999M(12288M) 0.599ms
[2024-05-30T14:35:34.086+0000][14473.505s][info][gc,cpu      ] GC(3063) User=0.01s Sys=0.00s Real=0.00s
[2024-05-30T14:35:34.086+0000][14473.505s][info][gc,marking  ] GC(3063) Concurrent Cleanup for Next Mark
[2024-05-30T14:35:34.103+0000][14473.522s][info][gc,marking  ] GC(3063) Concurrent Cleanup for Next Mark 16.684ms
[2024-05-30T14:35:34.103+0000][14473.522s][info][gc          ] GC(3063) Concurrent Mark Cycle 2810.367ms
[2024-05-30T14:35:35.134+0000][14474.553s][info][gc,start    ] GC(3064) Pause Young (Prepare Mixed) (G1 Evacuation Pause)
[2024-05-30T14:35:35.134+0000][14474.553s][info][gc,task     ] GC(3064) Using 6 workers of 6 for evacuation
[2024-05-30T14:35:35.222+0000][14474.642s][info][gc,phases   ] GC(3064)   Pre Evacuate Collection Set: 0.2ms
[2024-05-30T14:35:35.222+0000][14474.642s][info][gc,phases   ] GC(3064)   Merge Heap Roots: 0.3ms
[2024-05-30T14:35:35.222+0000][14474.642s][info][gc,phases   ] GC(3064)   Evacuate Collection Set: 70.5ms
[2024-05-30T14:35:35.222+0000][14474.642s][info][gc,phases   ] GC(3064)   Post Evacuate Collection Set: 17.4ms
[2024-05-30T14:35:35.222+0000][14474.642s][info][gc,phases   ] GC(3064)   Other: 0.2ms
[2024-05-30T14:35:35.223+0000][14474.642s][info][gc,heap     ] GC(3064) Eden regions: 817->0(58)
[2024-05-30T14:35:35.223+0000][14474.642s][info][gc,heap     ] GC(3064) Survivor regions: 15->18(104)
[2024-05-30T14:35:35.223+0000][14474.642s][info][gc,heap     ] GC(3064) Old regions: 336->336
[2024-05-30T14:35:35.223+0000][14474.642s][info][gc,heap     ] GC(3064) Archive regions: 2->2
[2024-05-30T14:35:35.223+0000][14474.642s][info][gc,heap     ] GC(3064) Humongous regions: 40->40
[2024-05-30T14:35:35.223+0000][14474.642s][info][gc,metaspace] GC(3064) Metaspace: 434900K(440896K)->434900K(440896K) NonClass: 380789K(384064K)->380789K(384064K) Class: 54110K(56832K)->54110K(56832K)
[2024-05-30T14:35:35.223+0000][14474.642s][info][gc          ] GC(3064) Pause Young (Prepare Mixed) (G1 Evacuation Pause) 9663M->3151M(12288M) 88.657ms
[2024-05-30T14:35:35.223+0000][14474.642s][info][gc,cpu      ] GC(3064) User=0.51s Sys=0.00s Real=0.09s
[2024-05-30T14:35:35.489+0000][14474.908s][info][gc,start    ] GC(3065) Pause Young (Mixed) (G1 Evacuation Pause)
[2024-05-30T14:35:35.489+0000][14474.908s][info][gc,task     ] GC(3065) Using 6 workers of 6 for evacuation
[2024-05-30T14:35:35.566+0000][14474.986s][info][gc,phases   ] GC(3065)   Pre Evacuate Collection Set: 0.2ms
[2024-05-30T14:35:35.566+0000][14474.986s][info][gc,phases   ] GC(3065)   Merge Heap Roots: 0.3ms
[2024-05-30T14:35:35.566+0000][14474.986s][info][gc,phases   ] GC(3065)   Evacuate Collection Set: 74.4ms
[2024-05-30T14:35:35.566+0000][14474.986s][info][gc,phases   ] GC(3065)   Post Evacuate Collection Set: 2.5ms
[2024-05-30T14:35:35.566+0000][14474.986s][info][gc,phases   ] GC(3065)   Other: 0.2ms
[2024-05-30T14:35:35.566+0000][14474.986s][info][gc,heap     ] GC(3065) Eden regions: 58->0(828)
[2024-05-30T14:35:35.566+0000][14474.986s][info][gc,heap     ] GC(3065) Survivor regions: 18->3(10)
[2024-05-30T14:35:35.566+0000][14474.986s][info][gc,heap     ] GC(3065) Old regions: 336->336
[2024-05-30T14:35:35.566+0000][14474.986s][info][gc,heap     ] GC(3065) Archive regions: 2->2
[2024-05-30T14:35:35.566+0000][14474.986s][info][gc,heap     ] GC(3065) Humongous regions: 40->40
[2024-05-30T14:35:35.566+0000][14474.986s][info][gc,metaspace] GC(3065) Metaspace: 434900K(440896K)->434900K(440896K) NonClass: 380789K(384064K)->380789K(384064K) Class: 54110K(56832K)->54110K(56832K)
[2024-05-30T14:35:35.566+0000][14474.986s][info][gc          ] GC(3065) Pause Young (Mixed) (G1 Evacuation Pause) 3615M->3030M(12288M) 77.659ms
[2024-05-30T14:35:35.566+0000][14474.986s][info][gc,cpu      ] GC(3065) User=0.46s Sys=0.00s Real=0.07s
[2024-05-30T14:35:38.204+0000][14477.624s][info][gc,start    ] GC(3066) Pause Young (Normal) (G1 Evacuation Pause)
[2024-05-30T14:35:38.204+0000][14477.624s][info][gc,task     ] GC(3066) Using 6 workers of 6 for evacuation
[2024-05-30T14:35:38.281+0000][14477.700s][info][gc,phases   ] GC(3066)   Pre Evacuate Collection Set: 0.2ms
[2024-05-30T14:35:38.281+0000][14477.700s][info][gc,phases   ] GC(3066)   Merge Heap Roots: 0.2ms
[2024-05-30T14:35:38.281+0000][14477.700s][info][gc,phases   ] GC(3066)   Evacuate Collection Set: 55.9ms
[2024-05-30T14:35:38.281+0000][14477.700s][info][gc,phases   ] GC(3066)   Post Evacuate Collection Set: 19.9ms
[2024-05-30T14:35:38.281+0000][14477.700s][info][gc,phases   ] GC(3066)   Other: 0.2ms
[2024-05-30T14:35:38.281+0000][14477.700s][info][gc,heap     ] GC(3066) Eden regions: 828->0(822)
[2024-05-30T14:35:38.281+0000][14477.700s][info][gc,heap     ] GC(3066) Survivor regions: 3->8(104)
[2024-05-30T14:35:38.281+0000][14477.700s][info][gc,heap     ] GC(3066) Old regions: 336->336
[2024-05-30T14:35:38.281+0000][14477.700s][info][gc,heap     ] GC(3066) Archive regions: 2->2
[2024-05-30T14:35:38.281+0000][14477.700s][info][gc,heap     ] GC(3066) Humongous regions: 40->40
[2024-05-30T14:35:38.281+0000][14477.700s][info][gc,metaspace] GC(3066) Metaspace: 434900K(440896K)->434900K(440896K) NonClass: 380789K(384064K)->380789K(384064K) Class: 54110K(56832K)->54110K(56832K)
[2024-05-30T14:35:38.281+0000][14477.700s][info][gc          ] GC(3066) Pause Young (Normal) (G1 Evacuation Pause) 9654M->3067M(12288M) 76.512ms
[2024-05-30T14:35:38.281+0000][14477.700s][info][gc,cpu      ] GC(3066) User=0.44s Sys=0.01s Real=0.08s
[2024-05-30T14:35:40.606+0000][14480.025s][info][gc,start    ] GC(3067) Pause Young (Normal) (G1 Evacuation Pause)
[2024-05-30T14:35:40.606+0000][14480.025s][info][gc,task     ] GC(3067) Using 6 workers of 6 for evacuation
[2024-05-30T14:35:40.686+0000][14480.105s][info][gc,phases   ] GC(3067)   Pre Evacuate Collection Set: 0.2ms
[2024-05-30T14:35:40.686+0000][14480.105s][info][gc,phases   ] GC(3067)   Merge Heap Roots: 0.2ms
[2024-05-30T14:35:40.686+0000][14480.105s][info][gc,phases   ] GC(3067)   Evacuate Collection Set: 62.9ms
[2024-05-30T14:35:40.686+0000][14480.105s][info][gc,phases   ] GC(3067)   Post Evacuate Collection Set: 16.3ms
[2024-05-30T14:35:40.686+0000][14480.105s][info][gc,phases   ] GC(3067)   Other: 0.2ms
[2024-05-30T14:35:40.686+0000][14480.105s][info][gc,heap     ] GC(3067) Eden regions: 822->0(818)
[2024-05-30T14:35:40.686+0000][14480.105s][info][gc,heap     ] GC(3067) Survivor regions: 8->12(104)
[2024-05-30T14:35:40.686+0000][14480.105s][info][gc,heap     ] GC(3067) Old regions: 336->336
[2024-05-30T14:35:40.686+0000][14480.105s][info][gc,heap     ] GC(3067) Archive regions: 2->2
[2024-05-30T14:35:40.686+0000][14480.105s][info][gc,heap     ] GC(3067) Humongous regions: 40->40
[2024-05-30T14:35:40.686+0000][14480.105s][info][gc,metaspace] GC(3067) Metaspace: 434900K(440896K)->434900K(440896K) NonClass: 380789K(384064K)->380789K(384064K) Class: 54110K(56832K)->54110K(56832K)
[2024-05-30T14:35:40.686+0000][14480.105s][info][gc          ] GC(3067) Pause Young (Normal) (G1 Evacuation Pause) 9643M->3102M(12288M) 79.924ms
[2024-05-30T14:35:40.686+0000][14480.105s][info][gc,cpu      ] GC(3067) User=0.46s Sys=0.00s Real=0.08s
[2024-05-30T14:35:42.868+0000][14482.287s][info][gc,start    ] GC(3068) Pause Young (Concurrent Start) (G1 Evacuation Pause)
[2024-05-30T14:35:42.868+0000][14482.287s][info][gc,task     ] GC(3068) Using 6 workers of 6 for evacuation
[2024-05-30T14:35:42.936+0000][14482.355s][info][gc,phases   ] GC(3068)   Pre Evacuate Collection Set: 0.6ms
[2024-05-30T14:35:42.936+0000][14482.355s][info][gc,phases   ] GC(3068)   Merge Heap Roots: 0.2ms
[2024-05-30T14:35:42.936+0000][14482.355s][info][gc,phases   ] GC(3068)   Evacuate Collection Set: 56.9ms
[2024-05-30T14:35:42.936+0000][14482.355s][info][gc,phases   ] GC(3068)   Post Evacuate Collection Set: 10.5ms
[2024-05-30T14:35:42.936+0000][14482.355s][info][gc,phases   ] GC(3068)   Other: 0.3ms
[2024-05-30T14:35:42.936+0000][14482.355s][info][gc,heap     ] GC(3068) Eden regions: 818->0(820)
[2024-05-30T14:35:42.936+0000][14482.355s][info][gc,heap     ] GC(3068) Survivor regions: 12->13(104)
[2024-05-30T14:35:42.936+0000][14482.355s][info][gc,heap     ] GC(3068) Old regions: 336->336
[2024-05-30T14:35:42.936+0000][14482.355s][info][gc,heap     ] GC(3068) Archive regions: 2->2
[2024-05-30T14:35:42.936+0000][14482.355s][info][gc,heap     ] GC(3068) Humongous regions: 40->40
[2024-05-30T14:35:42.936+0000][14482.355s][info][gc,metaspace] GC(3068) Metaspace: 434900K(440896K)->434900K(440896K) NonClass: 380789K(384064K)->380789K(384064K) Class: 54110K(56832K)->54110K(56832K)
[2024-05-30T14:35:42.936+0000][14482.355s][info][gc          ] GC(3068) Pause Young (Concurrent Start) (G1 Evacuation Pause) 9646M->3109M(12288M) 68.494ms
[2024-05-30T14:35:42.936+0000][14482.356s][info][gc,cpu      ] GC(3068) User=0.40s Sys=0.00s Real=0.08s
[2024-05-30T14:35:42.936+0000][14482.356s][info][gc          ] GC(3069) Concurrent Mark Cycle
[2024-05-30T14:35:42.936+0000][14482.356s][info][gc,marking  ] GC(3069) Concurrent Clear Claimed Marks
[2024-05-30T14:35:42.937+0000][14482.356s][info][gc,marking  ] GC(3069) Concurrent Clear Claimed Marks 0.419ms
[2024-05-30T14:35:42.937+0000][14482.356s][info][gc,marking  ] GC(3069) Concurrent Scan Root Regions
[2024-05-30T14:35:42.990+0000][14482.410s][info][gc,marking  ] GC(3069) Concurrent Scan Root Regions 53.566ms
[2024-05-30T14:35:42.990+0000][14482.410s][info][gc,marking  ] GC(3069) Concurrent Mark
[2024-05-30T14:35:42.990+0000][14482.410s][info][gc,marking  ] GC(3069) Concurrent Mark From Roots
[2024-05-30T14:35:42.990+0000][14482.410s][info][gc,task     ] GC(3069) Using 2 workers of 2 for marking
[2024-05-30T14:35:44.782+0000][14484.201s][info][gc,marking  ] GC(3069) Concurrent Mark From Roots 1791.630ms
[2024-05-30T14:35:44.782+0000][14484.201s][info][gc,marking  ] GC(3069) Concurrent Preclean
[2024-05-30T14:35:44.783+0000][14484.203s][info][gc,marking  ] GC(3069) Concurrent Preclean 1.314ms
[2024-05-30T14:35:44.784+0000][14484.203s][info][gc,start    ] GC(3069) Pause Remark
[2024-05-30T14:35:44.808+0000][14484.227s][info][gc          ] GC(3069) Pause Remark 8129M->8129M(12288M) 24.582ms
[2024-05-30T14:35:44.808+0000][14484.227s][info][gc,cpu      ] GC(3069) User=0.10s Sys=0.01s Real=0.02s
[2024-05-30T14:35:44.808+0000][14484.228s][info][gc,marking  ] GC(3069) Concurrent Mark 1817.920ms
[2024-05-30T14:35:44.808+0000][14484.228s][info][gc,marking  ] GC(3069) Concurrent Rebuild Remembered Sets
[2024-05-30T14:35:45.383+0000][14484.803s][info][gc,start    ] GC(3070) Pause Young (Normal) (G1 Evacuation Pause)
[2024-05-30T14:35:45.383+0000][14484.803s][info][gc,task     ] GC(3070) Using 6 workers of 6 for evacuation
[2024-05-30T14:35:45.427+0000][14484.847s][info][gc,phases   ] GC(3070)   Pre Evacuate Collection Set: 0.2ms
[2024-05-30T14:35:45.427+0000][14484.847s][info][gc,phases   ] GC(3070)   Merge Heap Roots: 0.3ms
[2024-05-30T14:35:45.427+0000][14484.847s][info][gc,phases   ] GC(3070)   Evacuate Collection Set: 41.4ms
[2024-05-30T14:35:45.427+0000][14484.847s][info][gc,phases   ] GC(3070)   Post Evacuate Collection Set: 1.9ms
[2024-05-30T14:35:45.427+0000][14484.847s][info][gc,phases   ] GC(3070)   Other: 0.2ms
[2024-05-30T14:35:45.427+0000][14484.847s][info][gc,heap     ] GC(3070) Eden regions: 820->0(822)
[2024-05-30T14:35:45.427+0000][14484.847s][info][gc,heap     ] GC(3070) Survivor regions: 13->14(105)
[2024-05-30T14:35:45.427+0000][14484.847s][info][gc,heap     ] GC(3070) Old regions: 336->336
[2024-05-30T14:35:45.427+0000][14484.847s][info][gc,heap     ] GC(3070) Archive regions: 2->2
[2024-05-30T14:35:45.427+0000][14484.847s][info][gc,heap     ] GC(3070) Humongous regions: 40->40
[2024-05-30T14:35:45.427+0000][14484.847s][info][gc,metaspace] GC(3070) Metaspace: 434900K(440896K)->434900K(440896K) NonClass: 380789K(384064K)->380789K(384064K) Class: 54110K(56832K)->54110K(56832K)
[2024-05-30T14:35:45.427+0000][14484.847s][info][gc          ] GC(3070) Pause Young (Normal) (G1 Evacuation Pause) 9669M->3112M(12288M) 44.042ms
[2024-05-30T14:35:45.427+0000][14484.847s][info][gc,cpu      ] GC(3070) User=0.26s Sys=0.00s Real=0.04s
[2024-05-30T14:35:45.820+0000][14485.239s][info][gc,marking  ] GC(3069) Concurrent Rebuild Remembered Sets 1011.087ms
[2024-05-30T14:35:45.820+0000][14485.239s][info][gc,start    ] GC(3069) Pause Cleanup
[2024-05-30T14:35:45.820+0000][14485.240s][info][gc          ] GC(3069) Pause Cleanup 4212M->4212M(12288M) 0.589ms
[2024-05-30T14:35:45.820+0000][14485.240s][info][gc,cpu      ] GC(3069) User=0.00s Sys=0.00s Real=0.00s
[2024-05-30T14:35:45.820+0000][14485.240s][info][gc,marking  ] GC(3069) Concurrent Cleanup for Next Mark
[2024-05-30T14:35:45.836+0000][14485.256s][info][gc,marking  ] GC(3069) Concurrent Cleanup for Next Mark 16.055ms
[2024-05-30T14:35:45.837+0000][14485.256s][info][gc          ] GC(3069) Concurrent Mark Cycle 2900.161ms
[2024-05-30T14:35:47.609+0000][14487.028s][info][gc,start    ] GC(3071) Pause Young (Prepare Mixed) (G1 Evacuation Pause)
[2024-05-30T14:35:47.609+0000][14487.028s][info][gc,task     ] GC(3071) Using 6 workers of 6 for evacuation
[2024-05-30T14:35:47.681+0000][14487.101s][info][gc,phases   ] GC(3071)   Pre Evacuate Collection Set: 0.2ms
[2024-05-30T14:35:47.681+0000][14487.101s][info][gc,phases   ] GC(3071)   Merge Heap Roots: 0.3ms
[2024-05-30T14:35:47.681+0000][14487.101s][info][gc,phases   ] GC(3071)   Evacuate Collection Set: 61.9ms
[2024-05-30T14:35:47.681+0000][14487.101s][info][gc,phases   ] GC(3071)   Post Evacuate Collection Set: 10.4ms
[2024-05-30T14:35:47.681+0000][14487.101s][info][gc,phases   ] GC(3071)   Other: 0.2ms
[2024-05-30T14:35:47.682+0000][14487.101s][info][gc,heap     ] GC(3071) Eden regions: 822->0(60)
[2024-05-30T14:35:47.682+0000][14487.101s][info][gc,heap     ] GC(3071) Survivor regions: 14->16(105)
[2024-05-30T14:35:47.682+0000][14487.101s][info][gc,heap     ] GC(3071) Old regions: 336->336
[2024-05-30T14:35:47.682+0000][14487.101s][info][gc,heap     ] GC(3071) Archive regions: 2->2
[2024-05-30T14:35:47.682+0000][14487.101s][info][gc,heap     ] GC(3071) Humongous regions: 40->40
[2024-05-30T14:35:47.682+0000][14487.101s][info][gc,metaspace] GC(3071) Metaspace: 434900K(440896K)->434900K(440896K) NonClass: 380789K(384064K)->380789K(384064K) Class: 54110K(56832K)->54110K(56832K)
[2024-05-30T14:35:47.682+0000][14487.101s][info][gc          ] GC(3071) Pause Young (Prepare Mixed) (G1 Evacuation Pause) 9688M->3129M(12288M) 72.995ms
[2024-05-30T14:35:47.682+0000][14487.101s][info][gc,cpu      ] GC(3071) User=0.42s Sys=0.00s Real=0.07s
[2024-05-30T14:35:47.922+0000][14487.341s][info][gc,start    ] GC(3072) Pause Young (Mixed) (G1 Evacuation Pause)
[2024-05-30T14:35:47.922+0000][14487.341s][info][gc,task     ] GC(3072) Using 6 workers of 6 for evacuation
[2024-05-30T14:35:48.006+0000][14487.425s][info][gc,phases   ] GC(3072)   Pre Evacuate Collection Set: 0.2ms
[2024-05-30T14:35:48.006+0000][14487.426s][info][gc,phases   ] GC(3072)   Merge Heap Roots: 0.4ms
[2024-05-30T14:35:48.006+0000][14487.426s][info][gc,phases   ] GC(3072)   Evacuate Collection Set: 81.0ms
[2024-05-30T14:35:48.006+0000][14487.426s][info][gc,phases   ] GC(3072)   Post Evacuate Collection Set: 2.7ms
[2024-05-30T14:35:48.006+0000][14487.426s][info][gc,phases   ] GC(3072)   Other: 0.2ms
[2024-05-30T14:35:48.006+0000][14487.426s][info][gc,heap     ] GC(3072) Eden regions: 60->0(832)
[2024-05-30T14:35:48.006+0000][14487.426s][info][gc,heap     ] GC(3072) Survivor regions: 16->3(10)
[2024-05-30T14:35:48.006+0000][14487.426s][info][gc,heap     ] GC(3072) Old regions: 336->337
[2024-05-30T14:35:48.006+0000][14487.426s][info][gc,heap     ] GC(3072) Archive regions: 2->2
[2024-05-30T14:35:48.006+0000][14487.426s][info][gc,heap     ] GC(3072) Humongous regions: 40->40
[2024-05-30T14:35:48.006+0000][14487.426s][info][gc,metaspace] GC(3072) Metaspace: 434900K(440896K)->434900K(440896K) NonClass: 380789K(384064K)->380789K(384064K) Class: 54110K(56832K)->54110K(56832K)
[2024-05-30T14:35:48.006+0000][14487.426s][info][gc          ] GC(3072) Pause Young (Mixed) (G1 Evacuation Pause) 3609M->3041M(12288M) 84.450ms
[2024-05-30T14:35:48.006+0000][14487.426s][info][gc,cpu      ] GC(3072) User=0.50s Sys=0.00s Real=0.08s
[2024-05-30T14:35:50.192+0000][14489.611s][info][gc,start    ] GC(3073) Pause Young (Normal) (G1 Evacuation Pause)
[2024-05-30T14:35:50.192+0000][14489.611s][info][gc,task     ] GC(3073) Using 6 workers of 6 for evacuation
[2024-05-30T14:35:50.235+0000][14489.654s][info][gc,phases   ] GC(3073)   Pre Evacuate Collection Set: 0.2ms
[2024-05-30T14:35:50.235+0000][14489.654s][info][gc,phases   ] GC(3073)   Merge Heap Roots: 0.2ms
[2024-05-30T14:35:50.235+0000][14489.654s][info][gc,phases   ] GC(3073)   Evacuate Collection Set: 33.2ms
[2024-05-30T14:35:50.235+0000][14489.654s][info][gc,phases   ] GC(3073)   Post Evacuate Collection Set: 9.4ms
[2024-05-30T14:35:50.235+0000][14489.654s][info][gc,phases   ] GC(3073)   Other: 0.2ms
[2024-05-30T14:35:50.235+0000][14489.654s][info][gc,heap     ] GC(3073) Eden regions: 832->0(831)
[2024-05-30T14:35:50.235+0000][14489.654s][info][gc,heap     ] GC(3073) Survivor regions: 3->5(105)
[2024-05-30T14:35:50.235+0000][14489.654s][info][gc,heap     ] GC(3073) Old regions: 337->337
[2024-05-30T14:35:50.235+0000][14489.654s][info][gc,heap     ] GC(3073) Archive regions: 2->2
[2024-05-30T14:35:50.235+0000][14489.654s][info][gc,heap     ] GC(3073) Humongous regions: 40->40
[2024-05-30T14:35:50.235+0000][14489.654s][info][gc,metaspace] GC(3073) Metaspace: 434900K(440896K)->434900K(440896K) NonClass: 380789K(384064K)->380789K(384064K) Class: 54110K(56832K)->54110K(56832K)
[2024-05-30T14:35:50.235+0000][14489.654s][info][gc          ] GC(3073) Pause Young (Normal) (G1 Evacuation Pause) 9697M->3057M(12288M) 43.273ms
[2024-05-30T14:35:50.235+0000][14489.654s][info][gc,cpu      ] GC(3073) User=0.26s Sys=0.00s Real=0.04s
[2024-05-30T14:35:52.512+0000][14491.931s][info][gc,start    ] GC(3074) Pause Young (Normal) (G1 Evacuation Pause)
[2024-05-30T14:35:52.512+0000][14491.931s][info][gc,task     ] GC(3074) Using 6 workers of 6 for evacuation
[2024-05-30T14:35:52.606+0000][14492.025s][info][gc,phases   ] GC(3074)   Pre Evacuate Collection Set: 0.2ms
[2024-05-30T14:35:52.606+0000][14492.025s][info][gc,phases   ] GC(3074)   Merge Heap Roots: 0.3ms
[2024-05-30T14:35:52.606+0000][14492.025s][info][gc,phases   ] GC(3074)   Evacuate Collection Set: 72.1ms
[2024-05-30T14:35:52.606+0000][14492.025s][info][gc,phases   ] GC(3074)   Post Evacuate Collection Set: 20.9ms
[2024-05-30T14:35:52.606+0000][14492.025s][info][gc,phases   ] GC(3074)   Other: 0.3ms
[2024-05-30T14:35:52.606+0000][14492.025s][info][gc,heap     ] GC(3074) Eden regions: 831->0(821)
[2024-05-30T14:35:52.606+0000][14492.025s][info][gc,heap     ] GC(3074) Survivor regions: 5->12(105)
[2024-05-30T14:35:52.606+0000][14492.025s][info][gc,heap     ] GC(3074) Old regions: 337->337
[2024-05-30T14:35:52.606+0000][14492.025s][info][gc,heap     ] GC(3074) Archive regions: 2->2
[2024-05-30T14:35:52.606+0000][14492.025s][info][gc,heap     ] GC(3074) Humongous regions: 40->40
[2024-05-30T14:35:52.606+0000][14492.025s][info][gc,metaspace] GC(3074) Metaspace: 434902K(440896K)->434902K(440896K) NonClass: 380791K(384064K)->380791K(384064K) Class: 54110K(56832K)->54110K(56832K)
[2024-05-30T14:35:52.606+0000][14492.025s][info][gc          ] GC(3074) Pause Young (Normal) (G1 Evacuation Pause) 9705M->3109M(12288M) 93.820ms
[2024-05-30T14:35:52.606+0000][14492.025s][info][gc,cpu      ] GC(3074) User=0.54s Sys=0.00s Real=0.09s
[2024-05-30T14:35:54.906+0000][14494.325s][info][gc,start    ] GC(3075) Pause Young (Concurrent Start) (G1 Evacuation Pause)
[2024-05-30T14:35:54.906+0000][14494.325s][info][gc,task     ] GC(3075) Using 6 workers of 6 for evacuation
[2024-05-30T14:35:54.996+0000][14494.415s][info][gc,phases   ] GC(3075)   Pre Evacuate Collection Set: 0.6ms
[2024-05-30T14:35:54.996+0000][14494.415s][info][gc,phases   ] GC(3075)   Merge Heap Roots: 0.3ms
[2024-05-30T14:35:54.996+0000][14494.415s][info][gc,phases   ] GC(3075)   Evacuate Collection Set: 73.5ms
[2024-05-30T14:35:54.996+0000][14494.415s][info][gc,phases   ] GC(3075)   Post Evacuate Collection Set: 14.9ms
[2024-05-30T14:35:54.996+0000][14494.415s][info][gc,phases   ] GC(3075)   Other: 0.3ms
[2024-05-30T14:35:54.996+0000][14494.415s][info][gc,heap     ] GC(3075) Eden regions: 821->0(817)
[2024-05-30T14:35:54.996+0000][14494.415s][info][gc,heap     ] GC(3075) Survivor regions: 12->16(105)
[2024-05-30T14:35:54.996+0000][14494.415s][info][gc,heap     ] GC(3075) Old regions: 337->337
[2024-05-30T14:35:54.996+0000][14494.415s][info][gc,heap     ] GC(3075) Archive regions: 2->2
[2024-05-30T14:35:54.996+0000][14494.415s][info][gc,heap     ] GC(3075) Humongous regions: 40->40
[2024-05-30T14:35:54.996+0000][14494.415s][info][gc,metaspace] GC(3075) Metaspace: 434902K(440896K)->434902K(440896K) NonClass: 380792K(384064K)->380792K(384064K) Class: 54110K(56832K)->54110K(56832K)
[2024-05-30T14:35:54.996+0000][14494.415s][info][gc          ] GC(3075) Pause Young (Concurrent Start) (G1 Evacuation Pause) 9677M->3141M(12288M) 89.697ms
[2024-05-30T14:35:54.996+0000][14494.415s][info][gc,cpu      ] GC(3075) User=0.52s Sys=0.00s Real=0.09s
[2024-05-30T14:35:54.996+0000][14494.415s][info][gc          ] GC(3076) Concurrent Mark Cycle
[2024-05-30T14:35:54.996+0000][14494.415s][info][gc,marking  ] GC(3076) Concurrent Clear Claimed Marks
[2024-05-30T14:35:54.996+0000][14494.416s][info][gc,marking  ] GC(3076) Concurrent Clear Claimed Marks 0.455ms
[2024-05-30T14:35:54.996+0000][14494.416s][info][gc,marking  ] GC(3076) Concurrent Scan Root Regions
[2024-05-30T14:35:55.052+0000][14494.471s][info][gc,marking  ] GC(3076) Concurrent Scan Root Regions 55.185ms
[2024-05-30T14:35:55.052+0000][14494.471s][info][gc,marking  ] GC(3076) Concurrent Mark
[2024-05-30T14:35:55.052+0000][14494.471s][info][gc,marking  ] GC(3076) Concurrent Mark From Roots
[2024-05-30T14:35:55.052+0000][14494.471s][info][gc,task     ] GC(3076) Using 2 workers of 2 for marking
[2024-05-30T14:35:57.326+0000][14496.745s][info][gc,marking  ] GC(3076) Concurrent Mark From Roots 2274.477ms
[2024-05-30T14:35:57.326+0000][14496.745s][info][gc,marking  ] GC(3076) Concurrent Preclean
[2024-05-30T14:35:57.328+0000][14496.747s][info][gc,marking  ] GC(3076) Concurrent Preclean 1.436ms
[2024-05-30T14:35:57.328+0000][14496.747s][info][gc,start    ] GC(3076) Pause Remark
[2024-05-30T14:35:57.352+0000][14496.771s][info][gc          ] GC(3076) Pause Remark 8553M->8553M(12288M) 24.322ms
[2024-05-30T14:35:57.352+0000][14496.771s][info][gc,cpu      ] GC(3076) User=0.10s Sys=0.00s Real=0.03s
[2024-05-30T14:35:57.352+0000][14496.772s][info][gc,marking  ] GC(3076) Concurrent Mark 2300.717ms
[2024-05-30T14:35:57.352+0000][14496.772s][info][gc,marking  ] GC(3076) Concurrent Rebuild Remembered Sets
[2024-05-30T14:35:57.853+0000][14497.272s][info][gc,start    ] GC(3077) Pause Young (Normal) (G1 Evacuation Pause)
[2024-05-30T14:35:57.853+0000][14497.272s][info][gc,task     ] GC(3077) Using 6 workers of 6 for evacuation
[2024-05-30T14:35:57.953+0000][14497.372s][info][gc,phases   ] GC(3077)   Pre Evacuate Collection Set: 0.2ms
[2024-05-30T14:35:57.953+0000][14497.372s][info][gc,phases   ] GC(3077)   Merge Heap Roots: 0.5ms
[2024-05-30T14:35:57.953+0000][14497.372s][info][gc,phases   ] GC(3077)   Evacuate Collection Set: 82.8ms
[2024-05-30T14:35:57.953+0000][14497.372s][info][gc,phases   ] GC(3077)   Post Evacuate Collection Set: 16.1ms
[2024-05-30T14:35:57.953+0000][14497.372s][info][gc,phases   ] GC(3077)   Other: 0.2ms
[2024-05-30T14:35:57.953+0000][14497.372s][info][gc,heap     ] GC(3077) Eden regions: 817->0(811)
[2024-05-30T14:35:57.953+0000][14497.372s][info][gc,heap     ] GC(3077) Survivor regions: 16->19(105)
[2024-05-30T14:35:57.953+0000][14497.372s][info][gc,heap     ] GC(3077) Old regions: 337->337
[2024-05-30T14:35:57.953+0000][14497.372s][info][gc,heap     ] GC(3077) Archive regions: 2->2
[2024-05-30T14:35:57.953+0000][14497.372s][info][gc,heap     ] GC(3077) Humongous regions: 40->40
[2024-05-30T14:35:57.953+0000][14497.372s][info][gc,metaspace] GC(3077) Metaspace: 434902K(440896K)->434902K(440896K) NonClass: 380792K(384064K)->380792K(384064K) Class: 54110K(56832K)->54110K(56832K)
[2024-05-30T14:35:57.953+0000][14497.372s][info][gc          ] GC(3077) Pause Young (Normal) (G1 Evacuation Pause) 9677M->3166M(12288M) 99.798ms
[2024-05-30T14:35:57.953+0000][14497.372s][info][gc,cpu      ] GC(3077) User=0.58s Sys=0.00s Real=0.10s
[2024-05-30T14:35:58.614+0000][14498.033s][info][gc,marking  ] GC(3076) Concurrent Rebuild Remembered Sets 1261.477ms
[2024-05-30T14:35:58.614+0000][14498.033s][info][gc,start    ] GC(3076) Pause Cleanup
[2024-05-30T14:35:58.615+0000][14498.034s][info][gc          ] GC(3076) Pause Cleanup 4934M->4934M(12288M) 0.531ms
[2024-05-30T14:35:58.615+0000][14498.034s][info][gc,cpu      ] GC(3076) User=0.00s Sys=0.00s Real=0.00s
[2024-05-30T14:35:58.615+0000][14498.034s][info][gc,marking  ] GC(3076) Concurrent Cleanup for Next Mark
[2024-05-30T14:35:58.631+0000][14498.050s][info][gc,marking  ] GC(3076) Concurrent Cleanup for Next Mark 16.416ms
[2024-05-30T14:35:58.631+0000][14498.050s][info][gc          ] GC(3076) Concurrent Mark Cycle 3635.233ms
[2024-05-30T14:36:00.426+0000][14499.845s][info][gc,start    ] GC(3078) Pause Young (Prepare Mixed) (G1 Evacuation Pause)
[2024-05-30T14:36:00.426+0000][14499.845s][info][gc,task     ] GC(3078) Using 6 workers of 6 for evacuation
[2024-05-30T14:36:00.497+0000][14499.917s][info][gc,phases   ] GC(3078)   Pre Evacuate Collection Set: 0.2ms
[2024-05-30T14:36:00.497+0000][14499.917s][info][gc,phases   ] GC(3078)   Merge Heap Roots: 0.4ms
[2024-05-30T14:36:00.497+0000][14499.917s][info][gc,phases   ] GC(3078)   Evacuate Collection Set: 65.5ms
[2024-05-30T14:36:00.497+0000][14499.917s][info][gc,phases   ] GC(3078)   Post Evacuate Collection Set: 5.0ms
[2024-05-30T14:36:00.497+0000][14499.917s][info][gc,phases   ] GC(3078)   Other: 0.2ms
[2024-05-30T14:36:00.497+0000][14499.917s][info][gc,heap     ] GC(3078) Eden regions: 811->0(57)
[2024-05-30T14:36:00.497+0000][14499.917s][info][gc,heap     ] GC(3078) Survivor regions: 19->19(104)
[2024-05-30T14:36:00.497+0000][14499.917s][info][gc,heap     ] GC(3078) Old regions: 337->337
[2024-05-30T14:36:00.497+0000][14499.917s][info][gc,heap     ] GC(3078) Archive regions: 2->2
[2024-05-30T14:36:00.497+0000][14499.917s][info][gc,heap     ] GC(3078) Humongous regions: 40->40
[2024-05-30T14:36:00.497+0000][14499.917s][info][gc,metaspace] GC(3078) Metaspace: 434902K(440896K)->434902K(440896K) NonClass: 380792K(384064K)->380792K(384064K) Class: 54110K(56832K)->54110K(56832K)
[2024-05-30T14:36:00.497+0000][14499.917s][info][gc          ] GC(3078) Pause Young (Prepare Mixed) (G1 Evacuation Pause) 9654M->3170M(12288M) 71.360ms
[2024-05-30T14:36:00.497+0000][14499.917s][info][gc,cpu      ] GC(3078) User=0.42s Sys=0.00s Real=0.08s
[2024-05-30T14:36:00.706+0000][14500.125s][info][gc,start    ] GC(3079) Pause Young (Mixed) (G1 Evacuation Pause)
[2024-05-30T14:36:00.706+0000][14500.125s][info][gc,task     ] GC(3079) Using 6 workers of 6 for evacuation
[2024-05-30T14:36:00.819+0000][14500.238s][info][gc,phases   ] GC(3079)   Pre Evacuate Collection Set: 0.1ms
[2024-05-30T14:36:00.819+0000][14500.238s][info][gc,phases   ] GC(3079)   Merge Heap Roots: 0.7ms
[2024-05-30T14:36:00.819+0000][14500.238s][info][gc,phases   ] GC(3079)   Evacuate Collection Set: 109.2ms
[2024-05-30T14:36:00.819+0000][14500.238s][info][gc,phases   ] GC(3079)   Post Evacuate Collection Set: 2.4ms
[2024-05-30T14:36:00.819+0000][14500.238s][info][gc,phases   ] GC(3079)   Other: 0.2ms
[2024-05-30T14:36:00.819+0000][14500.238s][info][gc,heap     ] GC(3079) Eden regions: 57->0(823)
[2024-05-30T14:36:00.819+0000][14500.238s][info][gc,heap     ] GC(3079) Survivor regions: 19->4(10)
[2024-05-30T14:36:00.819+0000][14500.238s][info][gc,heap     ] GC(3079) Old regions: 337->345
[2024-05-30T14:36:00.819+0000][14500.238s][info][gc,heap     ] GC(3079) Archive regions: 2->2
[2024-05-30T14:36:00.819+0000][14500.238s][info][gc,heap     ] GC(3079) Humongous regions: 40->40
[2024-05-30T14:36:00.819+0000][14500.238s][info][gc,metaspace] GC(3079) Metaspace: 434902K(440896K)->434902K(440896K) NonClass: 380792K(384064K)->380792K(384064K) Class: 54110K(56832K)->54110K(56832K)
[2024-05-30T14:36:00.819+0000][14500.238s][info][gc          ] GC(3079) Pause Young (Mixed) (G1 Evacuation Pause) 3626M->3106M(12288M) 112.624ms
[2024-05-30T14:36:00.819+0000][14500.238s][info][gc,cpu      ] GC(3079) User=0.66s Sys=0.00s Real=0.12s
[2024-05-30T14:36:11.096+0000][14510.515s][info][gc,start    ] GC(3080) Pause Young (Normal) (G1 Evacuation Pause)
[2024-05-30T14:36:11.096+0000][14510.515s][info][gc,task     ] GC(3080) Using 6 workers of 6 for evacuation
[2024-05-30T14:36:11.138+0000][14510.557s][info][gc,phases   ] GC(3080)   Pre Evacuate Collection Set: 0.2ms
[2024-05-30T14:36:11.138+0000][14510.557s][info][gc,phases   ] GC(3080)   Merge Heap Roots: 0.2ms
[2024-05-30T14:36:11.138+0000][14510.557s][info][gc,phases   ] GC(3080)   Evacuate Collection Set: 33.2ms
[2024-05-30T14:36:11.138+0000][14510.557s][info][gc,phases   ] GC(3080)   Post Evacuate Collection Set: 8.3ms
[2024-05-30T14:36:11.138+0000][14510.557s][info][gc,phases   ] GC(3080)   Other: 0.2ms
[2024-05-30T14:36:11.138+0000][14510.557s][info][gc,heap     ] GC(3080) Eden regions: 823->0(820)
[2024-05-30T14:36:11.138+0000][14510.557s][info][gc,heap     ] GC(3080) Survivor regions: 4->6(104)
[2024-05-30T14:36:11.138+0000][14510.557s][info][gc,heap     ] GC(3080) Old regions: 345->345
[2024-05-30T14:36:11.138+0000][14510.557s][info][gc,heap     ] GC(3080) Archive regions: 2->2
[2024-05-30T14:36:11.138+0000][14510.557s][info][gc,heap     ] GC(3080) Humongous regions: 40->40
[2024-05-30T14:36:11.138+0000][14510.557s][info][gc,metaspace] GC(3080) Metaspace: 434911K(440896K)->434911K(440896K) NonClass: 380800K(384064K)->380800K(384064K) Class: 54110K(56832K)->54110K(56832K)
[2024-05-30T14:36:11.138+0000][14510.557s][info][gc          ] GC(3080) Pause Young (Normal) (G1 Evacuation Pause) 9690M->3126M(12288M) 42.109ms
[2024-05-30T14:36:11.138+0000][14510.557s][info][gc,cpu      ] GC(3080) User=0.25s Sys=0.00s Real=0.05s
[2024-05-30T14:36:26.045+0000][14525.464s][info][gc,start    ] GC(3081) Pause Young (Normal) (G1 Evacuation Pause)
[2024-05-30T14:36:26.045+0000][14525.464s][info][gc,task     ] GC(3081) Using 6 workers of 6 for evacuation
[2024-05-30T14:36:26.075+0000][14525.495s][info][gc,phases   ] GC(3081)   Pre Evacuate Collection Set: 0.2ms
[2024-05-30T14:36:26.076+0000][14525.495s][info][gc,phases   ] GC(3081)   Merge Heap Roots: 0.3ms
[2024-05-30T14:36:26.076+0000][14525.495s][info][gc,phases   ] GC(3081)   Evacuate Collection Set: 27.7ms
[2024-05-30T14:36:26.076+0000][14525.495s][info][gc,phases   ] GC(3081)   Post Evacuate Collection Set: 2.2ms
[2024-05-30T14:36:26.076+0000][14525.495s][info][gc,phases   ] GC(3081)   Other: 0.2ms
[2024-05-30T14:36:26.076+0000][14525.495s][info][gc,heap     ] GC(3081) Eden regions: 820->0(813)
[2024-05-30T14:36:26.076+0000][14525.495s][info][gc,heap     ] GC(3081) Survivor regions: 6->12(104)
[2024-05-30T14:36:26.076+0000][14525.495s][info][gc,heap     ] GC(3081) Old regions: 345->345
[2024-05-30T14:36:26.076+0000][14525.495s][info][gc,heap     ] GC(3081) Archive regions: 2->2
[2024-05-30T14:36:26.076+0000][14525.495s][info][gc,heap     ] GC(3081) Humongous regions: 40->40
[2024-05-30T14:36:26.076+0000][14525.495s][info][gc,metaspace] GC(3081) Metaspace: 434911K(440896K)->434911K(440896K) NonClass: 380800K(384064K)->380800K(384064K) Class: 54110K(56832K)->54110K(56832K)
[2024-05-30T14:36:26.076+0000][14525.495s][info][gc          ] GC(3081) Pause Young (Normal) (G1 Evacuation Pause) 9686M->3167M(12288M) 30.735ms
[2024-05-30T14:36:26.076+0000][14525.495s][info][gc,cpu      ] GC(3081) User=0.18s Sys=0.00s Real=0.03s
[2024-05-30T14:36:40.933+0000][14540.352s][info][gc,start    ] GC(3082) Pause Young (Concurrent Start) (G1 Evacuation Pause)
[2024-05-30T14:36:40.933+0000][14540.352s][info][gc,task     ] GC(3082) Using 6 workers of 6 for evacuation
[2024-05-30T14:36:40.977+0000][14540.396s][info][gc,phases   ] GC(3082)   Pre Evacuate Collection Set: 0.6ms
[2024-05-30T14:36:40.977+0000][14540.396s][info][gc,phases   ] GC(3082)   Merge Heap Roots: 0.3ms
[2024-05-30T14:36:40.977+0000][14540.396s][info][gc,phases   ] GC(3082)   Evacuate Collection Set: 41.2ms
[2024-05-30T14:36:40.977+0000][14540.396s][info][gc,phases   ] GC(3082)   Post Evacuate Collection Set: 2.2ms
[2024-05-30T14:36:40.977+0000][14540.396s][info][gc,phases   ] GC(3082)   Other: 0.3ms
[2024-05-30T14:36:40.977+0000][14540.396s][info][gc,heap     ] GC(3082) Eden regions: 813->0(809)
[2024-05-30T14:36:40.977+0000][14540.396s][info][gc,heap     ] GC(3082) Survivor regions: 12->15(104)
[2024-05-30T14:36:40.977+0000][14540.396s][info][gc,heap     ] GC(3082) Old regions: 345->345
[2024-05-30T14:36:40.977+0000][14540.396s][info][gc,heap     ] GC(3082) Archive regions: 2->2
[2024-05-30T14:36:40.977+0000][14540.396s][info][gc,heap     ] GC(3082) Humongous regions: 40->40
[2024-05-30T14:36:40.977+0000][14540.396s][info][gc,metaspace] GC(3082) Metaspace: 434911K(440896K)->434911K(440896K) NonClass: 380800K(384064K)->380800K(384064K) Class: 54110K(56832K)->54110K(56832K)
[2024-05-30T14:36:40.977+0000][14540.397s][info][gc          ] GC(3082) Pause Young (Concurrent Start) (G1 Evacuation Pause) 9671M->3195M(12288M) 44.579ms
[2024-05-30T14:36:40.977+0000][14540.397s][info][gc,cpu      ] GC(3082) User=0.26s Sys=0.00s Real=0.05s
[2024-05-30T14:36:40.977+0000][14540.397s][info][gc          ] GC(3083) Concurrent Mark Cycle
[2024-05-30T14:36:40.977+0000][14540.397s][info][gc,marking  ] GC(3083) Concurrent Clear Claimed Marks
[2024-05-30T14:36:40.978+0000][14540.397s][info][gc,marking  ] GC(3083) Concurrent Clear Claimed Marks 0.400ms
[2024-05-30T14:36:40.978+0000][14540.397s][info][gc,marking  ] GC(3083) Concurrent Scan Root Regions
[2024-05-30T14:36:41.005+0000][14540.424s][info][gc,marking  ] GC(3083) Concurrent Scan Root Regions 27.194ms
[2024-05-30T14:36:41.005+0000][14540.424s][info][gc,marking  ] GC(3083) Concurrent Mark
[2024-05-30T14:36:41.005+0000][14540.424s][info][gc,marking  ] GC(3083) Concurrent Mark From Roots
[2024-05-30T14:36:41.005+0000][14540.424s][info][gc,task     ] GC(3083) Using 2 workers of 2 for marking
[2024-05-30T14:36:42.936+0000][14542.355s][info][gc,marking  ] GC(3083) Concurrent Mark From Roots 1930.841ms
[2024-05-30T14:36:42.936+0000][14542.355s][info][gc,marking  ] GC(3083) Concurrent Preclean
[2024-05-30T14:36:42.938+0000][14542.357s][info][gc,marking  ] GC(3083) Concurrent Preclean 1.676ms
[2024-05-30T14:36:42.938+0000][14542.357s][info][gc,start    ] GC(3083) Pause Remark
[2024-05-30T14:36:42.962+0000][14542.381s][info][gc          ] GC(3083) Pause Remark 3887M->3887M(12288M) 24.464ms
[2024-05-30T14:36:42.962+0000][14542.382s][info][gc,cpu      ] GC(3083) User=0.11s Sys=0.00s Real=0.02s
[2024-05-30T14:36:42.962+0000][14542.382s][info][gc,marking  ] GC(3083) Concurrent Mark 1957.334ms
[2024-05-30T14:36:42.962+0000][14542.382s][info][gc,marking  ] GC(3083) Concurrent Rebuild Remembered Sets
[2024-05-30T14:36:44.038+0000][14543.458s][info][gc,marking  ] GC(3083) Concurrent Rebuild Remembered Sets 1076.052ms
[2024-05-30T14:36:44.039+0000][14543.458s][info][gc,start    ] GC(3083) Pause Cleanup
[2024-05-30T14:36:44.039+0000][14543.458s][info][gc          ] GC(3083) Pause Cleanup 4187M->4187M(12288M) 0.571ms
[2024-05-30T14:36:44.039+0000][14543.458s][info][gc,cpu      ] GC(3083) User=0.00s Sys=0.00s Real=0.00s
[2024-05-30T14:36:44.039+0000][14543.458s][info][gc,marking  ] GC(3083) Concurrent Cleanup for Next Mark
[2024-05-30T14:36:44.055+0000][14543.474s][info][gc,marking  ] GC(3083) Concurrent Cleanup for Next Mark 15.875ms
[2024-05-30T14:36:44.055+0000][14543.474s][info][gc          ] GC(3083) Concurrent Mark Cycle 3077.811ms
[2024-05-30T14:37:10.940+0000][14570.359s][info][gc,start    ] GC(3084) Pause Young (Prepare Mixed) (G1 Evacuation Pause)
[2024-05-30T14:37:10.940+0000][14570.359s][info][gc,task     ] GC(3084) Using 6 workers of 6 for evacuation
[2024-05-30T14:37:10.987+0000][14570.407s][info][gc,phases   ] GC(3084)   Pre Evacuate Collection Set: 0.2ms
[2024-05-30T14:37:10.987+0000][14570.407s][info][gc,phases   ] GC(3084)   Merge Heap Roots: 0.4ms
[2024-05-30T14:37:10.987+0000][14570.407s][info][gc,phases   ] GC(3084)   Evacuate Collection Set: 44.3ms
[2024-05-30T14:37:10.987+0000][14570.407s][info][gc,phases   ] GC(3084)   Post Evacuate Collection Set: 2.2ms
[2024-05-30T14:37:10.987+0000][14570.407s][info][gc,phases   ] GC(3084)   Other: 0.2ms
[2024-05-30T14:37:10.987+0000][14570.407s][info][gc,heap     ] GC(3084) Eden regions: 809->0(57)
[2024-05-30T14:37:10.987+0000][14570.407s][info][gc,heap     ] GC(3084) Survivor regions: 15->19(103)
[2024-05-30T14:37:10.987+0000][14570.407s][info][gc,heap     ] GC(3084) Old regions: 345->345
[2024-05-30T14:37:10.987+0000][14570.407s][info][gc,heap     ] GC(3084) Archive regions: 2->2
[2024-05-30T14:37:10.988+0000][14570.407s][info][gc,heap     ] GC(3084) Humongous regions: 40->40
[2024-05-30T14:37:10.988+0000][14570.407s][info][gc,metaspace] GC(3084) Metaspace: 434914K(440896K)->434914K(440896K) NonClass: 380803K(384064K)->380803K(384064K) Class: 54110K(56832K)->54110K(56832K)
[2024-05-30T14:37:10.988+0000][14570.407s][info][gc          ] GC(3084) Pause Young (Prepare Mixed) (G1 Evacuation Pause) 9667M->3225M(12288M) 47.376ms
[2024-05-30T14:37:10.988+0000][14570.407s][info][gc,cpu      ] GC(3084) User=0.28s Sys=0.00s Real=0.04s
[2024-05-30T14:37:13.230+0000][14572.649s][info][gc,start    ] GC(3085) Pause Young (Mixed) (G1 Evacuation Pause)
[2024-05-30T14:37:13.230+0000][14572.649s][info][gc,task     ] GC(3085) Using 6 workers of 6 for evacuation
[2024-05-30T14:37:13.308+0000][14572.727s][info][gc,phases   ] GC(3085)   Pre Evacuate Collection Set: 0.2ms
[2024-05-30T14:37:13.308+0000][14572.727s][info][gc,phases   ] GC(3085)   Merge Heap Roots: 0.4ms
[2024-05-30T14:37:13.308+0000][14572.727s][info][gc,phases   ] GC(3085)   Evacuate Collection Set: 76.1ms
[2024-05-30T14:37:13.308+0000][14572.727s][info][gc,phases   ] GC(3085)   Post Evacuate Collection Set: 1.6ms
[2024-05-30T14:37:13.308+0000][14572.727s][info][gc,phases   ] GC(3085)   Other: 0.2ms
[2024-05-30T14:37:13.308+0000][14572.727s][info][gc,heap     ] GC(3085) Eden regions: 57->0(815)
[2024-05-30T14:37:13.308+0000][14572.727s][info][gc,heap     ] GC(3085) Survivor regions: 19->3(10)
[2024-05-30T14:37:13.308+0000][14572.727s][info][gc,heap     ] GC(3085) Old regions: 345->350
[2024-05-30T14:37:13.308+0000][14572.728s][info][gc,heap     ] GC(3085) Archive regions: 2->2
[2024-05-30T14:37:13.308+0000][14572.728s][info][gc,heap     ] GC(3085) Humongous regions: 40->40
[2024-05-30T14:37:13.308+0000][14572.728s][info][gc,metaspace] GC(3085) Metaspace: 434914K(440896K)->434914K(440896K) NonClass: 380803K(384064K)->380803K(384064K) Class: 54110K(56832K)->54110K(56832K)
[2024-05-30T14:37:13.308+0000][14572.728s][info][gc          ] GC(3085) Pause Young (Mixed) (G1 Evacuation Pause) 3681M->3145M(12288M) 78.585ms
[2024-05-30T14:37:13.308+0000][14572.728s][info][gc,cpu      ] GC(3085) User=0.45s Sys=0.00s Real=0.08s
[2024-05-30T14:37:40.318+0000][14599.738s][info][gc,start    ] GC(3086) Pause Young (Normal) (G1 Evacuation Pause)
[2024-05-30T14:37:40.318+0000][14599.738s][info][gc,task     ] GC(3086) Using 6 workers of 6 for evacuation
[2024-05-30T14:37:40.342+0000][14599.762s][info][gc,phases   ] GC(3086)   Pre Evacuate Collection Set: 0.2ms
[2024-05-30T14:37:40.343+0000][14599.762s][info][gc,phases   ] GC(3086)   Merge Heap Roots: 0.3ms
[2024-05-30T14:37:40.343+0000][14599.762s][info][gc,phases   ] GC(3086)   Evacuate Collection Set: 21.1ms
[2024-05-30T14:37:40.343+0000][14599.762s][info][gc,phases   ] GC(3086)   Post Evacuate Collection Set: 2.4ms
[2024-05-30T14:37:40.343+0000][14599.762s][info][gc,phases   ] GC(3086)   Other: 0.2ms
[2024-05-30T14:37:40.343+0000][14599.762s][info][gc,heap     ] GC(3086) Eden regions: 815->0(811)
[2024-05-30T14:37:40.343+0000][14599.762s][info][gc,heap     ] GC(3086) Survivor regions: 3->7(103)
[2024-05-30T14:37:40.343+0000][14599.762s][info][gc,heap     ] GC(3086) Old regions: 350->350
[2024-05-30T14:37:40.343+0000][14599.762s][info][gc,heap     ] GC(3086) Archive regions: 2->2
[2024-05-30T14:37:40.343+0000][14599.762s][info][gc,heap     ] GC(3086) Humongous regions: 40->40
[2024-05-30T14:37:40.343+0000][14599.762s][info][gc,metaspace] GC(3086) Metaspace: 434916K(440896K)->434916K(440896K) NonClass: 380805K(384064K)->380805K(384064K) Class: 54110K(56832K)->54110K(56832K)
[2024-05-30T14:37:40.343+0000][14599.762s][info][gc          ] GC(3086) Pause Young (Normal) (G1 Evacuation Pause) 9665M->3171M(12288M) 24.209ms
[2024-05-30T14:37:40.343+0000][14599.762s][info][gc,cpu      ] GC(3086) User=0.13s Sys=0.01s Real=0.02s
[2024-05-30T14:38:02.799+0000][14622.218s][info][gc,start    ] GC(3087) Pause Young (Normal) (G1 Evacuation Pause)
[2024-05-30T14:38:02.799+0000][14622.218s][info][gc,task     ] GC(3087) Using 6 workers of 6 for evacuation
[2024-05-30T14:38:02.830+0000][14622.249s][info][gc,phases   ] GC(3087)   Pre Evacuate Collection Set: 0.2ms
[2024-05-30T14:38:02.830+0000][14622.249s][info][gc,phases   ] GC(3087)   Merge Heap Roots: 0.3ms
[2024-05-30T14:38:02.830+0000][14622.249s][info][gc,phases   ] GC(3087)   Evacuate Collection Set: 28.2ms
[2024-05-30T14:38:02.830+0000][14622.249s][info][gc,phases   ] GC(3087)   Post Evacuate Collection Set: 2.5ms
[2024-05-30T14:38:02.830+0000][14622.249s][info][gc,phases   ] GC(3087)   Other: 0.2ms
[2024-05-30T14:38:02.830+0000][14622.249s][info][gc,heap     ] GC(3087) Eden regions: 811->0(809)
[2024-05-30T14:38:02.830+0000][14622.249s][info][gc,heap     ] GC(3087) Survivor regions: 7->9(103)
[2024-05-30T14:38:02.830+0000][14622.249s][info][gc,heap     ] GC(3087) Old regions: 350->350
[2024-05-30T14:38:02.830+0000][14622.249s][info][gc,heap     ] GC(3087) Archive regions: 2->2
[2024-05-30T14:38:02.830+0000][14622.249s][info][gc,heap     ] GC(3087) Humongous regions: 40->40
[2024-05-30T14:38:02.830+0000][14622.249s][info][gc,metaspace] GC(3087) Metaspace: 434916K(440896K)->434916K(440896K) NonClass: 380806K(384064K)->380806K(384064K) Class: 54110K(56832K)->54110K(56832K)
[2024-05-30T14:38:02.830+0000][14622.249s][info][gc          ] GC(3087) Pause Young (Normal) (G1 Evacuation Pause) 9659M->3192M(12288M) 31.358ms
[2024-05-30T14:38:02.830+0000][14622.249s][info][gc,cpu      ] GC(3087) User=0.19s Sys=0.00s Real=0.03s
[2024-05-30T14:38:24.105+0000][14643.524s][info][gc,start    ] GC(3088) Pause Young (Concurrent Start) (G1 Evacuation Pause)
[2024-05-30T14:38:24.105+0000][14643.524s][info][gc,task     ] GC(3088) Using 6 workers of 6 for evacuation
[2024-05-30T14:38:24.142+0000][14643.562s][info][gc,phases   ] GC(3088)   Pre Evacuate Collection Set: 0.6ms
[2024-05-30T14:38:24.142+0000][14643.562s][info][gc,phases   ] GC(3088)   Merge Heap Roots: 0.3ms
[2024-05-30T14:38:24.142+0000][14643.562s][info][gc,phases   ] GC(3088)   Evacuate Collection Set: 33.8ms
[2024-05-30T14:38:24.142+0000][14643.562s][info][gc,phases   ] GC(3088)   Post Evacuate Collection Set: 2.3ms
[2024-05-30T14:38:24.142+0000][14643.562s][info][gc,phases   ] GC(3088)   Other: 0.3ms
[2024-05-30T14:38:24.142+0000][14643.562s][info][gc,heap     ] GC(3088) Eden regions: 809->0(803)
[2024-05-30T14:38:24.142+0000][14643.562s][info][gc,heap     ] GC(3088) Survivor regions: 9->14(103)
[2024-05-30T14:38:24.142+0000][14643.562s][info][gc,heap     ] GC(3088) Old regions: 350->350
[2024-05-30T14:38:24.142+0000][14643.562s][info][gc,heap     ] GC(3088) Archive regions: 2->2
[2024-05-30T14:38:24.142+0000][14643.562s][info][gc,heap     ] GC(3088) Humongous regions: 40->40
[2024-05-30T14:38:24.142+0000][14643.562s][info][gc,metaspace] GC(3088) Metaspace: 434916K(440896K)->434916K(440896K) NonClass: 380806K(384064K)->380806K(384064K) Class: 54110K(56832K)->54110K(56832K)
[2024-05-30T14:38:24.142+0000][14643.562s][info][gc          ] GC(3088) Pause Young (Concurrent Start) (G1 Evacuation Pause) 9664M->3230M(12288M) 37.244ms
[2024-05-30T14:38:24.142+0000][14643.562s][info][gc,cpu      ] GC(3088) User=0.22s Sys=0.00s Real=0.04s
[2024-05-30T14:38:24.143+0000][14643.562s][info][gc          ] GC(3089) Concurrent Mark Cycle
[2024-05-30T14:38:24.143+0000][14643.562s][info][gc,marking  ] GC(3089) Concurrent Clear Claimed Marks
[2024-05-30T14:38:24.143+0000][14643.562s][info][gc,marking  ] GC(3089) Concurrent Clear Claimed Marks 0.383ms
[2024-05-30T14:38:24.143+0000][14643.562s][info][gc,marking  ] GC(3089) Concurrent Scan Root Regions
[2024-05-30T14:38:24.168+0000][14643.588s][info][gc,marking  ] GC(3089) Concurrent Scan Root Regions 25.549ms
[2024-05-30T14:38:24.169+0000][14643.588s][info][gc,marking  ] GC(3089) Concurrent Mark
[2024-05-30T14:38:24.169+0000][14643.588s][info][gc,marking  ] GC(3089) Concurrent Mark From Roots
[2024-05-30T14:38:24.169+0000][14643.588s][info][gc,task     ] GC(3089) Using 2 workers of 2 for marking
[2024-05-30T14:38:26.092+0000][14645.511s][info][gc,marking  ] GC(3089) Concurrent Mark From Roots 1923.074ms
[2024-05-30T14:38:26.092+0000][14645.511s][info][gc,marking  ] GC(3089) Concurrent Preclean
[2024-05-30T14:38:26.093+0000][14645.512s][info][gc,marking  ] GC(3089) Concurrent Preclean 1.430ms
[2024-05-30T14:38:26.093+0000][14645.512s][info][gc,start    ] GC(3089) Pause Remark
[2024-05-30T14:38:26.118+0000][14645.537s][info][gc          ] GC(3089) Pause Remark 3878M->3878M(12288M) 24.452ms
[2024-05-30T14:38:26.118+0000][14645.537s][info][gc,cpu      ] GC(3089) User=0.10s Sys=0.00s Real=0.03s
[2024-05-30T14:38:26.118+0000][14645.537s][info][gc,marking  ] GC(3089) Concurrent Mark 1949.300ms
[2024-05-30T14:38:26.118+0000][14645.537s][info][gc,marking  ] GC(3089) Concurrent Rebuild Remembered Sets
[2024-05-30T14:38:27.217+0000][14646.637s][info][gc,marking  ] GC(3089) Concurrent Rebuild Remembered Sets 1099.606ms
[2024-05-30T14:38:27.218+0000][14646.637s][info][gc,start    ] GC(3089) Pause Cleanup
[2024-05-30T14:38:27.218+0000][14646.637s][info][gc          ] GC(3089) Pause Cleanup 4294M->4294M(12288M) 0.586ms
[2024-05-30T14:38:27.218+0000][14646.637s][info][gc,cpu      ] GC(3089) User=0.00s Sys=0.00s Real=0.00s
[2024-05-30T14:38:27.218+0000][14646.638s][info][gc,marking  ] GC(3089) Concurrent Cleanup for Next Mark
[2024-05-30T14:38:27.235+0000][14646.655s][info][gc,marking  ] GC(3089) Concurrent Cleanup for Next Mark 17.003ms
[2024-05-30T14:38:27.235+0000][14646.655s][info][gc          ] GC(3089) Concurrent Mark Cycle 3092.827ms
[2024-05-30T14:38:42.685+0000][14662.104s][info][gc,start    ] GC(3090) Pause Young (Prepare Mixed) (G1 Evacuation Pause)
[2024-05-30T14:38:42.685+0000][14662.104s][info][gc,task     ] GC(3090) Using 6 workers of 6 for evacuation
[2024-05-30T14:38:42.728+0000][14662.147s][info][gc,phases   ] GC(3090)   Pre Evacuate Collection Set: 0.2ms
[2024-05-30T14:38:42.728+0000][14662.147s][info][gc,phases   ] GC(3090)   Merge Heap Roots: 0.4ms
[2024-05-30T14:38:42.728+0000][14662.147s][info][gc,phases   ] GC(3090)   Evacuate Collection Set: 39.8ms
[2024-05-30T14:38:42.728+0000][14662.147s][info][gc,phases   ] GC(3090)   Post Evacuate Collection Set: 2.3ms
[2024-05-30T14:38:42.728+0000][14662.147s][info][gc,phases   ] GC(3090)   Other: 0.2ms
[2024-05-30T14:38:42.728+0000][14662.147s][info][gc,heap     ] GC(3090) Eden regions: 803->0(58)
[2024-05-30T14:38:42.728+0000][14662.147s][info][gc,heap     ] GC(3090) Survivor regions: 14->18(103)
[2024-05-30T14:38:42.728+0000][14662.147s][info][gc,heap     ] GC(3090) Old regions: 350->350
[2024-05-30T14:38:42.728+0000][14662.147s][info][gc,heap     ] GC(3090) Archive regions: 2->2
[2024-05-30T14:38:42.728+0000][14662.147s][info][gc,heap     ] GC(3090) Humongous regions: 40->40
[2024-05-30T14:38:42.728+0000][14662.147s][info][gc,metaspace] GC(3090) Metaspace: 434916K(440896K)->434916K(440896K) NonClass: 380806K(384064K)->380806K(384064K) Class: 54110K(56832K)->54110K(56832K)
[2024-05-30T14:38:42.728+0000][14662.147s][info][gc          ] GC(3090) Pause Young (Prepare Mixed) (G1 Evacuation Pause) 9654M->3259M(12288M) 42.953ms
[2024-05-30T14:38:42.728+0000][14662.147s][info][gc,cpu      ] GC(3090) User=0.26s Sys=0.00s Real=0.04s
[2024-05-30T14:38:43.908+0000][14663.327s][info][gc,start    ] GC(3091) Pause Young (Mixed) (G1 Evacuation Pause)
[2024-05-30T14:38:43.908+0000][14663.327s][info][gc,task     ] GC(3091) Using 6 workers of 6 for evacuation
[2024-05-30T14:38:43.981+0000][14663.400s][info][gc,phases   ] GC(3091)   Pre Evacuate Collection Set: 0.2ms
[2024-05-30T14:38:43.981+0000][14663.400s][info][gc,phases   ] GC(3091)   Merge Heap Roots: 0.4ms
[2024-05-30T14:38:43.981+0000][14663.400s][info][gc,phases   ] GC(3091)   Evacuate Collection Set: 70.5ms
[2024-05-30T14:38:43.981+0000][14663.400s][info][gc,phases   ] GC(3091)   Post Evacuate Collection Set: 1.5ms
[2024-05-30T14:38:43.981+0000][14663.400s][info][gc,phases   ] GC(3091)   Other: 0.2ms
[2024-05-30T14:38:43.981+0000][14663.400s][info][gc,heap     ] GC(3091) Eden regions: 58->0(808)
[2024-05-30T14:38:43.981+0000][14663.400s][info][gc,heap     ] GC(3091) Survivor regions: 18->3(10)
[2024-05-30T14:38:43.981+0000][14663.400s][info][gc,heap     ] GC(3091) Old regions: 350->355
[2024-05-30T14:38:43.981+0000][14663.400s][info][gc,heap     ] GC(3091) Archive regions: 2->2
[2024-05-30T14:38:43.981+0000][14663.400s][info][gc,heap     ] GC(3091) Humongous regions: 40->40
[2024-05-30T14:38:43.981+0000][14663.400s][info][gc,metaspace] GC(3091) Metaspace: 434916K(440896K)->434916K(440896K) NonClass: 380806K(384064K)->380806K(384064K) Class: 54110K(56832K)->54110K(56832K)
[2024-05-30T14:38:43.981+0000][14663.400s][info][gc          ] GC(3091) Pause Young (Mixed) (G1 Evacuation Pause) 3723M->3183M(12288M) 72.892ms
[2024-05-30T14:38:43.981+0000][14663.400s][info][gc,cpu      ] GC(3091) User=0.43s Sys=0.00s Real=0.08s
[2024-05-30T14:38:59.986+0000][14679.406s][info][gc,start    ] GC(3092) Pause Young (Normal) (G1 Evacuation Pause)
[2024-05-30T14:38:59.986+0000][14679.406s][info][gc,task     ] GC(3092) Using 6 workers of 6 for evacuation
[2024-05-30T14:39:00.005+0000][14679.425s][info][gc,phases   ] GC(3092)   Pre Evacuate Collection Set: 0.2ms
[2024-05-30T14:39:00.005+0000][14679.425s][info][gc,phases   ] GC(3092)   Merge Heap Roots: 0.3ms
[2024-05-30T14:39:00.005+0000][14679.425s][info][gc,phases   ] GC(3092)   Evacuate Collection Set: 16.1ms
[2024-05-30T14:39:00.005+0000][14679.425s][info][gc,phases   ] GC(3092)   Post Evacuate Collection Set: 2.2ms
[2024-05-30T14:39:00.005+0000][14679.425s][info][gc,phases   ] GC(3092)   Other: 0.2ms
[2024-05-30T14:39:00.005+0000][14679.425s][info][gc,heap     ] GC(3092) Eden regions: 808->0(807)
[2024-05-30T14:39:00.005+0000][14679.425s][info][gc,heap     ] GC(3092) Survivor regions: 3->5(102)
[2024-05-30T14:39:00.005+0000][14679.425s][info][gc,heap     ] GC(3092) Old regions: 355->355
[2024-05-30T14:39:00.005+0000][14679.425s][info][gc,heap     ] GC(3092) Archive regions: 2->2
[2024-05-30T14:39:00.005+0000][14679.425s][info][gc,heap     ] GC(3092) Humongous regions: 40->40
[2024-05-30T14:39:00.005+0000][14679.425s][info][gc,metaspace] GC(3092) Metaspace: 434917K(440896K)->434917K(440896K) NonClass: 380806K(384064K)->380806K(384064K) Class: 54110K(56832K)->54110K(56832K)
[2024-05-30T14:39:00.005+0000][14679.425s][info][gc          ] GC(3092) Pause Young (Normal) (G1 Evacuation Pause) 9647M->3196M(12288M) 18.983ms
[2024-05-30T14:39:00.005+0000][14679.425s][info][gc,cpu      ] GC(3092) User=0.11s Sys=0.00s Real=0.02s
[2024-05-30T14:39:16.971+0000][14696.390s][info][gc,start    ] GC(3093) Pause Young (Normal) (G1 Evacuation Pause)
[2024-05-30T14:39:16.971+0000][14696.390s][info][gc,task     ] GC(3093) Using 6 workers of 6 for evacuation
[2024-05-30T14:39:16.999+0000][14696.418s][info][gc,phases   ] GC(3093)   Pre Evacuate Collection Set: 0.2ms
[2024-05-30T14:39:16.999+0000][14696.418s][info][gc,phases   ] GC(3093)   Merge Heap Roots: 0.3ms
[2024-05-30T14:39:16.999+0000][14696.418s][info][gc,phases   ] GC(3093)   Evacuate Collection Set: 25.1ms
[2024-05-30T14:39:16.999+0000][14696.418s][info][gc,phases   ] GC(3093)   Post Evacuate Collection Set: 2.2ms
[2024-05-30T14:39:16.999+0000][14696.418s][info][gc,phases   ] GC(3093)   Other: 0.2ms
[2024-05-30T14:39:16.999+0000][14696.418s][info][gc,heap     ] GC(3093) Eden regions: 807->0(804)
[2024-05-30T14:39:16.999+0000][14696.418s][info][gc,heap     ] GC(3093) Survivor regions: 5->9(102)
[2024-05-30T14:39:16.999+0000][14696.418s][info][gc,heap     ] GC(3093) Old regions: 355->355
[2024-05-30T14:39:16.999+0000][14696.418s][info][gc,heap     ] GC(3093) Archive regions: 2->2
[2024-05-30T14:39:16.999+0000][14696.418s][info][gc,heap     ] GC(3093) Humongous regions: 40->40
[2024-05-30T14:39:16.999+0000][14696.418s][info][gc,metaspace] GC(3093) Metaspace: 434919K(440896K)->434919K(440896K) NonClass: 380809K(384064K)->380809K(384064K) Class: 54110K(56832K)->54110K(56832K)
[2024-05-30T14:39:16.999+0000][14696.418s][info][gc          ] GC(3093) Pause Young (Normal) (G1 Evacuation Pause) 9652M->3227M(12288M) 28.019ms
[2024-05-30T14:39:16.999+0000][14696.418s][info][gc,cpu      ] GC(3093) User=0.16s Sys=0.00s Real=0.03s
[2024-05-30T14:39:19.321+0000][14698.741s][info][gc,start    ] GC(3094) Pause Young (Concurrent Start) (G1 Evacuation Pause)
[2024-05-30T14:39:19.321+0000][14698.741s][info][gc,task     ] GC(3094) Using 6 workers of 6 for evacuation
[2024-05-30T14:39:19.368+0000][14698.787s][info][gc,phases   ] GC(3094)   Pre Evacuate Collection Set: 0.6ms
[2024-05-30T14:39:19.368+0000][14698.787s][info][gc,phases   ] GC(3094)   Merge Heap Roots: 0.3ms
[2024-05-30T14:39:19.368+0000][14698.787s][info][gc,phases   ] GC(3094)   Evacuate Collection Set: 39.3ms
[2024-05-30T14:39:19.368+0000][14698.787s][info][gc,phases   ] GC(3094)   Post Evacuate Collection Set: 6.3ms
[2024-05-30T14:39:19.368+0000][14698.787s][info][gc,phases   ] GC(3094)   Other: 0.3ms
[2024-05-30T14:39:19.368+0000][14698.787s][info][gc,heap     ] GC(3094) Eden regions: 804->0(803)
[2024-05-30T14:39:19.368+0000][14698.787s][info][gc,heap     ] GC(3094) Survivor regions: 9->11(102)
[2024-05-30T14:39:19.368+0000][14698.787s][info][gc,heap     ] GC(3094) Old regions: 355->355
[2024-05-30T14:39:19.368+0000][14698.787s][info][gc,heap     ] GC(3094) Archive regions: 2->2
[2024-05-30T14:39:19.368+0000][14698.787s][info][gc,heap     ] GC(3094) Humongous regions: 40->40
[2024-05-30T14:39:19.368+0000][14698.787s][info][gc,metaspace] GC(3094) Metaspace: 434919K(440896K)->434919K(440896K) NonClass: 380809K(384064K)->380809K(384064K) Class: 54110K(56832K)->54110K(56832K)
[2024-05-30T14:39:19.368+0000][14698.787s][info][gc          ] GC(3094) Pause Young (Concurrent Start) (G1 Evacuation Pause) 9659M->3242M(12288M) 46.821ms
[2024-05-30T14:39:19.368+0000][14698.787s][info][gc,cpu      ] GC(3094) User=0.27s Sys=0.00s Real=0.04s
[2024-05-30T14:39:19.368+0000][14698.788s][info][gc          ] GC(3095) Concurrent Mark Cycle
[2024-05-30T14:39:19.368+0000][14698.788s][info][gc,marking  ] GC(3095) Concurrent Clear Claimed Marks
[2024-05-30T14:39:19.369+0000][14698.788s][info][gc,marking  ] GC(3095) Concurrent Clear Claimed Marks 0.428ms
[2024-05-30T14:39:19.369+0000][14698.788s][info][gc,marking  ] GC(3095) Concurrent Scan Root Regions
[2024-05-30T14:39:19.408+0000][14698.828s][info][gc,marking  ] GC(3095) Concurrent Scan Root Regions 39.591ms
[2024-05-30T14:39:19.408+0000][14698.828s][info][gc,marking  ] GC(3095) Concurrent Mark
[2024-05-30T14:39:19.408+0000][14698.828s][info][gc,marking  ] GC(3095) Concurrent Mark From Roots
[2024-05-30T14:39:19.408+0000][14698.828s][info][gc,task     ] GC(3095) Using 2 workers of 2 for marking
[2024-05-30T14:39:21.568+0000][14700.987s][info][gc,marking  ] GC(3095) Concurrent Mark From Roots 2159.391ms
[2024-05-30T14:39:21.568+0000][14700.987s][info][gc,marking  ] GC(3095) Concurrent Preclean
[2024-05-30T14:39:21.569+0000][14700.988s][info][gc,marking  ] GC(3095) Concurrent Preclean 1.154ms
[2024-05-30T14:39:21.569+0000][14700.988s][info][gc,start    ] GC(3095) Pause Remark
[2024-05-30T14:39:21.594+0000][14701.013s][info][gc          ] GC(3095) Pause Remark 8626M->8626M(12288M) 24.517ms
[2024-05-30T14:39:21.594+0000][14701.013s][info][gc,cpu      ] GC(3095) User=0.11s Sys=0.00s Real=0.02s
[2024-05-30T14:39:21.594+0000][14701.013s][info][gc,marking  ] GC(3095) Concurrent Mark 2185.580ms
[2024-05-30T14:39:21.594+0000][14701.013s][info][gc,marking  ] GC(3095) Concurrent Rebuild Remembered Sets
[2024-05-30T14:39:22.057+0000][14701.476s][info][gc,start    ] GC(3096) Pause Young (Normal) (G1 Evacuation Pause)
[2024-05-30T14:39:22.057+0000][14701.476s][info][gc,task     ] GC(3096) Using 6 workers of 6 for evacuation
[2024-05-30T14:39:22.137+0000][14701.556s][info][gc,phases   ] GC(3096)   Pre Evacuate Collection Set: 0.2ms
[2024-05-30T14:39:22.137+0000][14701.556s][info][gc,phases   ] GC(3096)   Merge Heap Roots: 0.9ms
[2024-05-30T14:39:22.137+0000][14701.556s][info][gc,phases   ] GC(3096)   Evacuate Collection Set: 65.8ms
[2024-05-30T14:39:22.137+0000][14701.556s][info][gc,phases   ] GC(3096)   Post Evacuate Collection Set: 12.9ms
[2024-05-30T14:39:22.137+0000][14701.556s][info][gc,phases   ] GC(3096)   Other: 0.2ms
[2024-05-30T14:39:22.137+0000][14701.556s][info][gc,heap     ] GC(3096) Eden regions: 803->0(801)
[2024-05-30T14:39:22.137+0000][14701.556s][info][gc,heap     ] GC(3096) Survivor regions: 11->14(102)
[2024-05-30T14:39:22.137+0000][14701.556s][info][gc,heap     ] GC(3096) Old regions: 355->355
[2024-05-30T14:39:22.137+0000][14701.556s][info][gc,heap     ] GC(3096) Archive regions: 2->2
[2024-05-30T14:39:22.137+0000][14701.556s][info][gc,heap     ] GC(3096) Humongous regions: 40->40
[2024-05-30T14:39:22.137+0000][14701.556s][info][gc,metaspace] GC(3096) Metaspace: 434919K(440896K)->434919K(440896K) NonClass: 380809K(384064K)->380809K(384064K) Class: 54110K(56832K)->54110K(56832K)
[2024-05-30T14:39:22.137+0000][14701.556s][info][gc          ] GC(3096) Pause Young (Normal) (G1 Evacuation Pause) 9666M->3268M(12288M) 80.041ms
[2024-05-30T14:39:22.137+0000][14701.556s][info][gc,cpu      ] GC(3096) User=0.46s Sys=0.00s Real=0.08s
[2024-05-30T14:39:22.906+0000][14702.325s][info][gc,marking  ] GC(3095) Concurrent Rebuild Remembered Sets 1311.907ms
[2024-05-30T14:39:22.906+0000][14702.325s][info][gc,start    ] GC(3095) Pause Cleanup
[2024-05-30T14:39:22.907+0000][14702.326s][info][gc          ] GC(3095) Pause Cleanup 5072M->5072M(12288M) 0.563ms
[2024-05-30T14:39:22.907+0000][14702.326s][info][gc,cpu      ] GC(3095) User=0.00s Sys=0.00s Real=0.00s
[2024-05-30T14:39:22.907+0000][14702.326s][info][gc,marking  ] GC(3095) Concurrent Cleanup for Next Mark
[2024-05-30T14:39:22.935+0000][14702.355s][info][gc,marking  ] GC(3095) Concurrent Cleanup for Next Mark 28.586ms
[2024-05-30T14:39:22.935+0000][14702.355s][info][gc          ] GC(3095) Concurrent Mark Cycle 3567.192ms
[2024-05-30T14:39:28.637+0000][14708.056s][info][gc,start    ] GC(3097) Pause Young (Prepare Mixed) (G1 Evacuation Pause)
[2024-05-30T14:39:28.637+0000][14708.056s][info][gc,task     ] GC(3097) Using 6 workers of 6 for evacuation
[2024-05-30T14:39:28.688+0000][14708.107s][info][gc,phases   ] GC(3097)   Pre Evacuate Collection Set: 0.2ms
[2024-05-30T14:39:28.688+0000][14708.108s][info][gc,phases   ] GC(3097)   Merge Heap Roots: 0.5ms
[2024-05-30T14:39:28.688+0000][14708.108s][info][gc,phases   ] GC(3097)   Evacuate Collection Set: 44.3ms
[2024-05-30T14:39:28.688+0000][14708.108s][info][gc,phases   ] GC(3097)   Post Evacuate Collection Set: 6.3ms
[2024-05-30T14:39:28.688+0000][14708.108s][info][gc,phases   ] GC(3097)   Other: 0.2ms
[2024-05-30T14:39:28.688+0000][14708.108s][info][gc,heap     ] GC(3097) Eden regions: 801->0(63)
[2024-05-30T14:39:28.688+0000][14708.108s][info][gc,heap     ] GC(3097) Survivor regions: 14->13(102)
[2024-05-30T14:39:28.688+0000][14708.108s][info][gc,heap     ] GC(3097) Old regions: 355->355
[2024-05-30T14:39:28.688+0000][14708.108s][info][gc,heap     ] GC(3097) Archive regions: 2->2
[2024-05-30T14:39:28.688+0000][14708.108s][info][gc,heap     ] GC(3097) Humongous regions: 40->40
[2024-05-30T14:39:28.688+0000][14708.108s][info][gc,metaspace] GC(3097) Metaspace: 434920K(440896K)->434920K(440896K) NonClass: 380809K(384064K)->380809K(384064K) Class: 54110K(56832K)->54110K(56832K)
[2024-05-30T14:39:28.688+0000][14708.108s][info][gc          ] GC(3097) Pause Young (Prepare Mixed) (G1 Evacuation Pause) 9676M->3261M(12288M) 51.587ms
[2024-05-30T14:39:28.688+0000][14708.108s][info][gc,cpu      ] GC(3097) User=0.30s Sys=0.00s Real=0.05s
[2024-05-30T14:39:29.014+0000][14708.433s][info][gc,start    ] GC(3098) Pause Young (Mixed) (G1 Evacuation Pause)
[2024-05-30T14:39:29.014+0000][14708.433s][info][gc,task     ] GC(3098) Using 6 workers of 6 for evacuation
[2024-05-30T14:39:29.085+0000][14708.504s][info][gc,phases   ] GC(3098)   Pre Evacuate Collection Set: 0.2ms
[2024-05-30T14:39:29.085+0000][14708.504s][info][gc,phases   ] GC(3098)   Merge Heap Roots: 0.4ms
[2024-05-30T14:39:29.085+0000][14708.504s][info][gc,phases   ] GC(3098)   Evacuate Collection Set: 68.5ms
[2024-05-30T14:39:29.085+0000][14708.504s][info][gc,phases   ] GC(3098)   Post Evacuate Collection Set: 1.6ms
[2024-05-30T14:39:29.085+0000][14708.504s][info][gc,phases   ] GC(3098)   Other: 0.2ms
[2024-05-30T14:39:29.085+0000][14708.504s][info][gc,heap     ] GC(3098) Eden regions: 63->0(816)
[2024-05-30T14:39:29.085+0000][14708.504s][info][gc,heap     ] GC(3098) Survivor regions: 13->6(10)
[2024-05-30T14:39:29.085+0000][14708.504s][info][gc,heap     ] GC(3098) Old regions: 355->348
[2024-05-30T14:39:29.085+0000][14708.504s][info][gc,heap     ] GC(3098) Archive regions: 2->2
[2024-05-30T14:39:29.085+0000][14708.504s][info][gc,heap     ] GC(3098) Humongous regions: 40->40
[2024-05-30T14:39:29.085+0000][14708.504s][info][gc,metaspace] GC(3098) Metaspace: 434921K(440896K)->434921K(440896K) NonClass: 380810K(384064K)->380810K(384064K) Class: 54110K(56832K)->54110K(56832K)
[2024-05-30T14:39:29.085+0000][14708.504s][info][gc          ] GC(3098) Pause Young (Mixed) (G1 Evacuation Pause) 3765M->3148M(12288M) 70.877ms
[2024-05-30T14:39:29.085+0000][14708.504s][info][gc,cpu      ] GC(3098) User=0.42s Sys=0.01s Real=0.07s
[2024-05-30T14:39:34.274+0000][14713.693s][info][gc,start    ] GC(3099) Pause Young (Normal) (G1 Evacuation Pause)
[2024-05-30T14:39:34.274+0000][14713.693s][info][gc,task     ] GC(3099) Using 6 workers of 6 for evacuation
[2024-05-30T14:39:34.289+0000][14713.708s][info][gc,phases   ] GC(3099)   Pre Evacuate Collection Set: 0.2ms
[2024-05-30T14:39:34.289+0000][14713.708s][info][gc,phases   ] GC(3099)   Merge Heap Roots: 0.3ms
[2024-05-30T14:39:34.289+0000][14713.708s][info][gc,phases   ] GC(3099)   Evacuate Collection Set: 12.4ms
[2024-05-30T14:39:34.289+0000][14713.708s][info][gc,phases   ] GC(3099)   Post Evacuate Collection Set: 2.0ms
[2024-05-30T14:39:34.289+0000][14713.708s][info][gc,phases   ] GC(3099)   Other: 0.2ms
[2024-05-30T14:39:34.289+0000][14713.708s][info][gc,heap     ] GC(3099) Eden regions: 816->0(818)
[2024-05-30T14:39:34.289+0000][14713.708s][info][gc,heap     ] GC(3099) Survivor regions: 6->5(103)
[2024-05-30T14:39:34.289+0000][14713.708s][info][gc,heap     ] GC(3099) Old regions: 348->348
[2024-05-30T14:39:34.289+0000][14713.708s][info][gc,heap     ] GC(3099) Archive regions: 2->2
[2024-05-30T14:39:34.289+0000][14713.708s][info][gc,heap     ] GC(3099) Humongous regions: 40->40
[2024-05-30T14:39:34.289+0000][14713.708s][info][gc,metaspace] GC(3099) Metaspace: 434921K(440896K)->434921K(440896K) NonClass: 380810K(384064K)->380810K(384064K) Class: 54110K(56832K)->54110K(56832K)
[2024-05-30T14:39:34.289+0000][14713.708s][info][gc          ] GC(3099) Pause Young (Normal) (G1 Evacuation Pause) 9676M->3144M(12288M) 15.070ms
[2024-05-30T14:39:34.289+0000][14713.708s][info][gc,cpu      ] GC(3099) User=0.08s Sys=0.00s Real=0.02s
[2024-05-30T14:39:38.879+0000][14718.298s][info][gc,start    ] GC(3100) Pause Young (Normal) (G1 Evacuation Pause)
[2024-05-30T14:39:38.879+0000][14718.299s][info][gc,task     ] GC(3100) Using 6 workers of 6 for evacuation
[2024-05-30T14:39:38.896+0000][14718.316s][info][gc,phases   ] GC(3100)   Pre Evacuate Collection Set: 0.2ms
[2024-05-30T14:39:38.896+0000][14718.316s][info][gc,phases   ] GC(3100)   Merge Heap Roots: 0.2ms
[2024-05-30T14:39:38.896+0000][14718.316s][info][gc,phases   ] GC(3100)   Evacuate Collection Set: 14.4ms
[2024-05-30T14:39:38.896+0000][14718.316s][info][gc,phases   ] GC(3100)   Post Evacuate Collection Set: 2.2ms
[2024-05-30T14:39:38.896+0000][14718.316s][info][gc,phases   ] GC(3100)   Other: 0.2ms
[2024-05-30T14:39:38.896+0000][14718.316s][info][gc,heap     ] GC(3100) Eden regions: 818->0(819)
[2024-05-30T14:39:38.896+0000][14718.316s][info][gc,heap     ] GC(3100) Survivor regions: 5->6(103)
[2024-05-30T14:39:38.897+0000][14718.316s][info][gc,heap     ] GC(3100) Old regions: 348->348
[2024-05-30T14:39:38.897+0000][14718.316s][info][gc,heap     ] GC(3100) Archive regions: 2->2
[2024-05-30T14:39:38.897+0000][14718.316s][info][gc,heap     ] GC(3100) Humongous regions: 40->40
[2024-05-30T14:39:38.897+0000][14718.316s][info][gc,metaspace] GC(3100) Metaspace: 434924K(440896K)->434924K(440896K) NonClass: 380814K(384064K)->380814K(384064K) Class: 54110K(56832K)->54110K(56832K)
[2024-05-30T14:39:38.897+0000][14718.316s][info][gc          ] GC(3100) Pause Young (Normal) (G1 Evacuation Pause) 9688M->3152M(12288M) 17.311ms
[2024-05-30T14:39:38.897+0000][14718.316s][info][gc,cpu      ] GC(3100) User=0.10s Sys=0.00s Real=0.02s
[2024-05-30T14:39:44.069+0000][14723.489s][info][gc,start    ] GC(3101) Pause Young (Concurrent Start) (G1 Evacuation Pause)
[2024-05-30T14:39:44.069+0000][14723.489s][info][gc,task     ] GC(3101) Using 6 workers of 6 for evacuation
[2024-05-30T14:39:44.090+0000][14723.510s][info][gc,phases   ] GC(3101)   Pre Evacuate Collection Set: 0.6ms
[2024-05-30T14:39:44.090+0000][14723.510s][info][gc,phases   ] GC(3101)   Merge Heap Roots: 0.2ms
[2024-05-30T14:39:44.090+0000][14723.510s][info][gc,phases   ] GC(3101)   Evacuate Collection Set: 18.0ms
[2024-05-30T14:39:44.090+0000][14723.510s][info][gc,phases   ] GC(3101)   Post Evacuate Collection Set: 2.0ms
[2024-05-30T14:39:44.090+0000][14723.510s][info][gc,phases   ] GC(3101)   Other: 0.3ms
[2024-05-30T14:39:44.090+0000][14723.510s][info][gc,heap     ] GC(3101) Eden regions: 819->0(818)
[2024-05-30T14:39:44.090+0000][14723.510s][info][gc,heap     ] GC(3101) Survivor regions: 6->8(104)
[2024-05-30T14:39:44.090+0000][14723.510s][info][gc,heap     ] GC(3101) Old regions: 348->348
[2024-05-30T14:39:44.091+0000][14723.510s][info][gc,heap     ] GC(3101) Archive regions: 2->2
[2024-05-30T14:39:44.091+0000][14723.510s][info][gc,heap     ] GC(3101) Humongous regions: 40->40
[2024-05-30T14:39:44.091+0000][14723.510s][info][gc,metaspace] GC(3101) Metaspace: 434924K(440896K)->434924K(440896K) NonClass: 380814K(384064K)->380814K(384064K) Class: 54110K(56832K)->54110K(56832K)
[2024-05-30T14:39:44.091+0000][14723.510s][info][gc          ] GC(3101) Pause Young (Concurrent Start) (G1 Evacuation Pause) 9704M->3163M(12288M) 21.144ms
[2024-05-30T14:39:44.091+0000][14723.510s][info][gc,cpu      ] GC(3101) User=0.12s Sys=0.00s Real=0.02s
[2024-05-30T14:39:44.091+0000][14723.510s][info][gc          ] GC(3102) Concurrent Mark Cycle
[2024-05-30T14:39:44.091+0000][14723.510s][info][gc,marking  ] GC(3102) Concurrent Clear Claimed Marks
[2024-05-30T14:39:44.091+0000][14723.510s][info][gc,marking  ] GC(3102) Concurrent Clear Claimed Marks 0.528ms
[2024-05-30T14:39:44.091+0000][14723.510s][info][gc,marking  ] GC(3102) Concurrent Scan Root Regions
[2024-05-30T14:39:44.107+0000][14723.526s][info][gc,marking  ] GC(3102) Concurrent Scan Root Regions 15.597ms
[2024-05-30T14:39:44.107+0000][14723.526s][info][gc,marking  ] GC(3102) Concurrent Mark
[2024-05-30T14:39:44.107+0000][14723.526s][info][gc,marking  ] GC(3102) Concurrent Mark From Roots
[2024-05-30T14:39:44.107+0000][14723.526s][info][gc,task     ] GC(3102) Using 2 workers of 2 for marking
[2024-05-30T14:39:46.302+0000][14725.721s][info][gc,marking  ] GC(3102) Concurrent Mark From Roots 2194.926ms
[2024-05-30T14:39:46.302+0000][14725.721s][info][gc,marking  ] GC(3102) Concurrent Preclean
[2024-05-30T14:39:46.303+0000][14725.722s][info][gc,marking  ] GC(3102) Concurrent Preclean 1.342ms
[2024-05-30T14:39:46.303+0000][14725.723s][info][gc,start    ] GC(3102) Pause Remark
[2024-05-30T14:39:46.328+0000][14725.747s][info][gc          ] GC(3102) Pause Remark 6659M->6659M(12288M) 24.271ms
[2024-05-30T14:39:46.328+0000][14725.747s][info][gc,cpu      ] GC(3102) User=0.10s Sys=0.00s Real=0.02s
[2024-05-30T14:39:46.328+0000][14725.747s][info][gc,marking  ] GC(3102) Concurrent Mark 2220.911ms
[2024-05-30T14:39:46.328+0000][14725.747s][info][gc,marking  ] GC(3102) Concurrent Rebuild Remembered Sets
[2024-05-30T14:39:47.484+0000][14726.903s][info][gc,marking  ] GC(3102) Concurrent Rebuild Remembered Sets 1156.238ms
[2024-05-30T14:39:47.484+0000][14726.903s][info][gc,start    ] GC(3102) Pause Cleanup
[2024-05-30T14:39:47.485+0000][14726.904s][info][gc          ] GC(3102) Pause Cleanup 9067M->9067M(12288M) 0.562ms
[2024-05-30T14:39:47.485+0000][14726.904s][info][gc,cpu      ] GC(3102) User=0.00s Sys=0.00s Real=0.00s
[2024-05-30T14:39:47.485+0000][14726.904s][info][gc,marking  ] GC(3102) Concurrent Cleanup for Next Mark
[2024-05-30T14:39:47.501+0000][14726.920s][info][gc,marking  ] GC(3102) Concurrent Cleanup for Next Mark 16.281ms
[2024-05-30T14:39:47.501+0000][14726.920s][info][gc          ] GC(3102) Concurrent Mark Cycle 3410.575ms
[2024-05-30T14:39:47.763+0000][14727.182s][info][gc,start    ] GC(3103) Pause Young (Prepare Mixed) (G1 Evacuation Pause)
[2024-05-30T14:39:47.763+0000][14727.182s][info][gc,task     ] GC(3103) Using 6 workers of 6 for evacuation
[2024-05-30T14:39:47.788+0000][14727.207s][info][gc,phases   ] GC(3103)   Pre Evacuate Collection Set: 0.2ms
[2024-05-30T14:39:47.788+0000][14727.207s][info][gc,phases   ] GC(3103)   Merge Heap Roots: 0.3ms
[2024-05-30T14:39:47.788+0000][14727.207s][info][gc,phases   ] GC(3103)   Evacuate Collection Set: 23.0ms
[2024-05-30T14:39:47.788+0000][14727.207s][info][gc,phases   ] GC(3103)   Post Evacuate Collection Set: 2.0ms
[2024-05-30T14:39:47.788+0000][14727.207s][info][gc,phases   ] GC(3103)   Other: 0.2ms
[2024-05-30T14:39:47.788+0000][14727.207s][info][gc,heap     ] GC(3103) Eden regions: 818->0(68)
[2024-05-30T14:39:47.788+0000][14727.207s][info][gc,heap     ] GC(3103) Survivor regions: 8->8(104)
[2024-05-30T14:39:47.788+0000][14727.207s][info][gc,heap     ] GC(3103) Old regions: 348->348
[2024-05-30T14:39:47.788+0000][14727.207s][info][gc,heap     ] GC(3103) Archive regions: 2->2
[2024-05-30T14:39:47.788+0000][14727.207s][info][gc,heap     ] GC(3103) Humongous regions: 40->40
[2024-05-30T14:39:47.788+0000][14727.207s][info][gc,metaspace] GC(3103) Metaspace: 434924K(440896K)->434924K(440896K) NonClass: 380814K(384064K)->380814K(384064K) Class: 54110K(56832K)->54110K(56832K)
[2024-05-30T14:39:47.788+0000][14727.207s][info][gc          ] GC(3103) Pause Young (Prepare Mixed) (G1 Evacuation Pause) 9707M->3169M(12288M) 25.704ms
[2024-05-30T14:39:47.788+0000][14727.208s][info][gc,cpu      ] GC(3103) User=0.15s Sys=0.00s Real=0.02s
[2024-05-30T14:39:48.036+0000][14727.455s][info][gc,start    ] GC(3104) Pause Young (Mixed) (G1 Evacuation Pause)
[2024-05-30T14:39:48.036+0000][14727.455s][info][gc,task     ] GC(3104) Using 6 workers of 6 for evacuation
[2024-05-30T14:39:48.097+0000][14727.516s][info][gc,phases   ] GC(3104)   Pre Evacuate Collection Set: 0.2ms
[2024-05-30T14:39:48.097+0000][14727.516s][info][gc,phases   ] GC(3104)   Merge Heap Roots: 0.4ms
[2024-05-30T14:39:48.097+0000][14727.516s][info][gc,phases   ] GC(3104)   Evacuate Collection Set: 58.9ms
[2024-05-30T14:39:48.097+0000][14727.516s][info][gc,phases   ] GC(3104)   Post Evacuate Collection Set: 1.4ms
[2024-05-30T14:39:48.097+0000][14727.516s][info][gc,phases   ] GC(3104)   Other: 0.2ms
[2024-05-30T14:39:48.097+0000][14727.516s][info][gc,heap     ] GC(3104) Eden regions: 68->0(829)
[2024-05-30T14:39:48.097+0000][14727.516s][info][gc,heap     ] GC(3104) Survivor regions: 8->5(10)
[2024-05-30T14:39:48.097+0000][14727.516s][info][gc,heap     ] GC(3104) Old regions: 348->341
[2024-05-30T14:39:48.097+0000][14727.516s][info][gc,heap     ] GC(3104) Archive regions: 2->2
[2024-05-30T14:39:48.097+0000][14727.516s][info][gc,heap     ] GC(3104) Humongous regions: 40->40
[2024-05-30T14:39:48.097+0000][14727.516s][info][gc,metaspace] GC(3104) Metaspace: 434924K(440896K)->434924K(440896K) NonClass: 380814K(384064K)->380814K(384064K) Class: 54110K(56832K)->54110K(56832K)
[2024-05-30T14:39:48.097+0000][14727.516s][info][gc          ] GC(3104) Pause Young (Mixed) (G1 Evacuation Pause) 3713M->3086M(12288M) 61.126ms
[2024-05-30T14:39:48.097+0000][14727.516s][info][gc,cpu      ] GC(3104) User=0.36s Sys=0.01s Real=0.07s
[2024-05-30T14:39:53.151+0000][14732.570s][info][gc,start    ] GC(3105) Pause Young (Normal) (G1 Evacuation Pause)
[2024-05-30T14:39:53.151+0000][14732.570s][info][gc,task     ] GC(3105) Using 6 workers of 6 for evacuation
[2024-05-30T14:39:53.171+0000][14732.591s][info][gc,phases   ] GC(3105)   Pre Evacuate Collection Set: 0.2ms
[2024-05-30T14:39:53.171+0000][14732.591s][info][gc,phases   ] GC(3105)   Merge Heap Roots: 0.3ms
[2024-05-30T14:39:53.171+0000][14732.591s][info][gc,phases   ] GC(3105)   Evacuate Collection Set: 17.7ms
[2024-05-30T14:39:53.171+0000][14732.591s][info][gc,phases   ] GC(3105)   Post Evacuate Collection Set: 2.1ms
[2024-05-30T14:39:53.171+0000][14732.591s][info][gc,phases   ] GC(3105)   Other: 0.2ms
[2024-05-30T14:39:53.171+0000][14732.591s][info][gc,heap     ] GC(3105) Eden regions: 829->0(826)
[2024-05-30T14:39:53.171+0000][14732.591s][info][gc,heap     ] GC(3105) Survivor regions: 5->7(105)
[2024-05-30T14:39:53.171+0000][14732.591s][info][gc,heap     ] GC(3105) Old regions: 341->341
[2024-05-30T14:39:53.171+0000][14732.591s][info][gc,heap     ] GC(3105) Archive regions: 2->2
[2024-05-30T14:39:53.171+0000][14732.591s][info][gc,heap     ] GC(3105) Humongous regions: 40->40
[2024-05-30T14:39:53.171+0000][14732.591s][info][gc,metaspace] GC(3105) Metaspace: 434927K(440896K)->434927K(440896K) NonClass: 380817K(384064K)->380817K(384064K) Class: 54110K(56832K)->54110K(56832K)
[2024-05-30T14:39:53.171+0000][14732.591s][info][gc          ] GC(3105) Pause Young (Normal) (G1 Evacuation Pause) 9718M->3103M(12288M) 20.549ms
[2024-05-30T14:39:53.171+0000][14732.591s][info][gc,cpu      ] GC(3105) User=0.12s Sys=0.00s Real=0.02s
[2024-05-30T14:39:58.803+0000][14738.223s][info][gc,start    ] GC(3106) Pause Young (Normal) (G1 Evacuation Pause)
[2024-05-30T14:39:58.803+0000][14738.223s][info][gc,task     ] GC(3106) Using 6 workers of 6 for evacuation
[2024-05-30T14:39:58.824+0000][14738.244s][info][gc,phases   ] GC(3106)   Pre Evacuate Collection Set: 0.2ms
[2024-05-30T14:39:58.824+0000][14738.244s][info][gc,phases   ] GC(3106)   Merge Heap Roots: 0.3ms
[2024-05-30T14:39:58.824+0000][14738.244s][info][gc,phases   ] GC(3106)   Evacuate Collection Set: 18.3ms
[2024-05-30T14:39:58.824+0000][14738.244s][info][gc,phases   ] GC(3106)   Post Evacuate Collection Set: 2.0ms
[2024-05-30T14:39:58.824+0000][14738.244s][info][gc,phases   ] GC(3106)   Other: 0.2ms
[2024-05-30T14:39:58.824+0000][14738.244s][info][gc,heap     ] GC(3106) Eden regions: 826->0(825)
[2024-05-30T14:39:58.824+0000][14738.244s][info][gc,heap     ] GC(3106) Survivor regions: 7->8(105)
[2024-05-30T14:39:58.824+0000][14738.244s][info][gc,heap     ] GC(3106) Old regions: 341->341
[2024-05-30T14:39:58.824+0000][14738.244s][info][gc,heap     ] GC(3106) Archive regions: 2->2
[2024-05-30T14:39:58.824+0000][14738.244s][info][gc,heap     ] GC(3106) Humongous regions: 40->40
[2024-05-30T14:39:58.824+0000][14738.244s][info][gc,metaspace] GC(3106) Metaspace: 434927K(440896K)->434927K(440896K) NonClass: 380817K(384064K)->380817K(384064K) Class: 54110K(56832K)->54110K(56832K)
[2024-05-30T14:39:58.824+0000][14738.244s][info][gc          ] GC(3106) Pause Young (Normal) (G1 Evacuation Pause) 9711M->3108M(12288M) 21.042ms
[2024-05-30T14:39:58.825+0000][14738.244s][info][gc,cpu      ] GC(3106) User=0.12s Sys=0.00s Real=0.02s
[2024-05-30T14:40:09.927+0000][14749.346s][info][gc,start    ] GC(3107) Pause Young (Concurrent Start) (G1 Evacuation Pause)
[2024-05-30T14:40:09.927+0000][14749.346s][info][gc,task     ] GC(3107) Using 6 workers of 6 for evacuation
[2024-05-30T14:40:09.963+0000][14749.382s][info][gc,phases   ] GC(3107)   Pre Evacuate Collection Set: 0.6ms
[2024-05-30T14:40:09.963+0000][14749.382s][info][gc,phases   ] GC(3107)   Merge Heap Roots: 0.3ms
[2024-05-30T14:40:09.963+0000][14749.382s][info][gc,phases   ] GC(3107)   Evacuate Collection Set: 32.6ms
[2024-05-30T14:40:09.963+0000][14749.382s][info][gc,phases   ] GC(3107)   Post Evacuate Collection Set: 2.4ms
[2024-05-30T14:40:09.963+0000][14749.382s][info][gc,phases   ] GC(3107)   Other: 0.3ms
[2024-05-30T14:40:09.963+0000][14749.382s][info][gc,heap     ] GC(3107) Eden regions: 825->0(817)
[2024-05-30T14:40:09.963+0000][14749.382s][info][gc,heap     ] GC(3107) Survivor regions: 8->13(105)
[2024-05-30T14:40:09.963+0000][14749.382s][info][gc,heap     ] GC(3107) Old regions: 341->341
[2024-05-30T14:40:09.963+0000][14749.382s][info][gc,heap     ] GC(3107) Archive regions: 2->2
[2024-05-30T14:40:09.963+0000][14749.382s][info][gc,heap     ] GC(3107) Humongous regions: 40->40
[2024-05-30T14:40:09.963+0000][14749.382s][info][gc,metaspace] GC(3107) Metaspace: 434929K(440896K)->434929K(440896K) NonClass: 380819K(384064K)->380819K(384064K) Class: 54110K(56832K)->54110K(56832K)
[2024-05-30T14:40:09.963+0000][14749.382s][info][gc          ] GC(3107) Pause Young (Concurrent Start) (G1 Evacuation Pause) 9708M->3146M(12288M) 36.203ms
[2024-05-30T14:40:09.963+0000][14749.382s][info][gc,cpu      ] GC(3107) User=0.21s Sys=0.00s Real=0.04s
[2024-05-30T14:40:09.963+0000][14749.382s][info][gc          ] GC(3108) Concurrent Mark Cycle
[2024-05-30T14:40:09.963+0000][14749.382s][info][gc,marking  ] GC(3108) Concurrent Clear Claimed Marks
[2024-05-30T14:40:09.963+0000][14749.383s][info][gc,marking  ] GC(3108) Concurrent Clear Claimed Marks 0.391ms
[2024-05-30T14:40:09.963+0000][14749.383s][info][gc,marking  ] GC(3108) Concurrent Scan Root Regions
[2024-05-30T14:40:09.995+0000][14749.414s][info][gc,marking  ] GC(3108) Concurrent Scan Root Regions 31.079ms
[2024-05-30T14:40:09.995+0000][14749.414s][info][gc,marking  ] GC(3108) Concurrent Mark
[2024-05-30T14:40:09.995+0000][14749.414s][info][gc,marking  ] GC(3108) Concurrent Mark From Roots
[2024-05-30T14:40:09.995+0000][14749.414s][info][gc,task     ] GC(3108) Using 2 workers of 2 for marking
[2024-05-30T14:40:12.050+0000][14751.469s][info][gc,marking  ] GC(3108) Concurrent Mark From Roots 2055.379ms
[2024-05-30T14:40:12.050+0000][14751.469s][info][gc,marking  ] GC(3108) Concurrent Preclean
[2024-05-30T14:40:12.051+0000][14751.470s][info][gc,marking  ] GC(3108) Concurrent Preclean 1.167ms
[2024-05-30T14:40:12.051+0000][14751.471s][info][gc,start    ] GC(3108) Pause Remark
[2024-05-30T14:40:12.076+0000][14751.495s][info][gc          ] GC(3108) Pause Remark 3974M->3974M(12288M) 24.378ms
[2024-05-30T14:40:12.076+0000][14751.495s][info][gc,cpu      ] GC(3108) User=0.11s Sys=0.00s Real=0.02s
[2024-05-30T14:40:12.076+0000][14751.495s][info][gc,marking  ] GC(3108) Concurrent Mark 2081.274ms
[2024-05-30T14:40:12.076+0000][14751.495s][info][gc,marking  ] GC(3108) Concurrent Rebuild Remembered Sets
[2024-05-30T14:40:13.274+0000][14752.693s][info][gc,marking  ] GC(3108) Concurrent Rebuild Remembered Sets 1197.769ms
[2024-05-30T14:40:13.274+0000][14752.693s][info][gc,start    ] GC(3108) Pause Cleanup
[2024-05-30T14:40:13.274+0000][14752.694s][info][gc          ] GC(3108) Pause Cleanup 4522M->4522M(12288M) 0.556ms
[2024-05-30T14:40:13.274+0000][14752.694s][info][gc,cpu      ] GC(3108) User=0.00s Sys=0.00s Real=0.00s
[2024-05-30T14:40:13.274+0000][14752.694s][info][gc,marking  ] GC(3108) Concurrent Cleanup for Next Mark
[2024-05-30T14:40:13.292+0000][14752.711s][info][gc,marking  ] GC(3108) Concurrent Cleanup for Next Mark 17.594ms
[2024-05-30T14:40:13.292+0000][14752.711s][info][gc          ] GC(3108) Concurrent Mark Cycle 3329.150ms
[2024-05-30T14:40:25.108+0000][14764.527s][info][gc,start    ] GC(3109) Pause Young (Prepare Mixed) (G1 Evacuation Pause)
[2024-05-30T14:40:25.108+0000][14764.527s][info][gc,task     ] GC(3109) Using 6 workers of 6 for evacuation
[2024-05-30T14:40:25.145+0000][14764.564s][info][gc,phases   ] GC(3109)   Pre Evacuate Collection Set: 0.2ms
[2024-05-30T14:40:25.145+0000][14764.564s][info][gc,phases   ] GC(3109)   Merge Heap Roots: 0.4ms
[2024-05-30T14:40:25.145+0000][14764.564s][info][gc,phases   ] GC(3109)   Evacuate Collection Set: 34.4ms
[2024-05-30T14:40:25.145+0000][14764.564s][info][gc,phases   ] GC(3109)   Post Evacuate Collection Set: 2.3ms
[2024-05-30T14:40:25.145+0000][14764.564s][info][gc,phases   ] GC(3109)   Other: 0.2ms
[2024-05-30T14:40:25.145+0000][14764.564s][info][gc,heap     ] GC(3109) Eden regions: 817->0(59)
[2024-05-30T14:40:25.145+0000][14764.564s][info][gc,heap     ] GC(3109) Survivor regions: 13->17(104)
[2024-05-30T14:40:25.145+0000][14764.564s][info][gc,heap     ] GC(3109) Old regions: 341->341
[2024-05-30T14:40:25.145+0000][14764.564s][info][gc,heap     ] GC(3109) Archive regions: 2->2
[2024-05-30T14:40:25.145+0000][14764.564s][info][gc,heap     ] GC(3109) Humongous regions: 40->40
[2024-05-30T14:40:25.145+0000][14764.564s][info][gc,metaspace] GC(3109) Metaspace: 434929K(440896K)->434929K(440896K) NonClass: 380819K(384064K)->380819K(384064K) Class: 54110K(56832K)->54110K(56832K)
[2024-05-30T14:40:25.145+0000][14764.565s][info][gc          ] GC(3109) Pause Young (Prepare Mixed) (G1 Evacuation Pause) 9682M->3182M(12288M) 37.525ms
[2024-05-30T14:40:25.145+0000][14764.565s][info][gc,cpu      ] GC(3109) User=0.22s Sys=0.00s Real=0.04s
[2024-05-30T14:40:26.190+0000][14765.609s][info][gc,start    ] GC(3110) Pause Young (Mixed) (G1 Evacuation Pause)
[2024-05-30T14:40:26.190+0000][14765.609s][info][gc,task     ] GC(3110) Using 6 workers of 6 for evacuation
[2024-05-30T14:40:26.269+0000][14765.688s][info][gc,phases   ] GC(3110)   Pre Evacuate Collection Set: 0.2ms
[2024-05-30T14:40:26.269+0000][14765.688s][info][gc,phases   ] GC(3110)   Merge Heap Roots: 0.5ms
[2024-05-30T14:40:26.269+0000][14765.688s][info][gc,phases   ] GC(3110)   Evacuate Collection Set: 76.8ms
[2024-05-30T14:40:26.269+0000][14765.688s][info][gc,phases   ] GC(3110)   Post Evacuate Collection Set: 1.6ms
[2024-05-30T14:40:26.269+0000][14765.688s][info][gc,phases   ] GC(3110)   Other: 0.2ms
[2024-05-30T14:40:26.269+0000][14765.688s][info][gc,heap     ] GC(3110) Eden regions: 59->0(817)
[2024-05-30T14:40:26.269+0000][14765.688s][info][gc,heap     ] GC(3110) Survivor regions: 17->3(10)
[2024-05-30T14:40:26.269+0000][14765.688s][info][gc,heap     ] GC(3110) Old regions: 341->349
[2024-05-30T14:40:26.269+0000][14765.688s][info][gc,heap     ] GC(3110) Archive regions: 2->2
[2024-05-30T14:40:26.269+0000][14765.688s][info][gc,heap     ] GC(3110) Humongous regions: 40->40
[2024-05-30T14:40:26.269+0000][14765.689s][info][gc,metaspace] GC(3110) Metaspace: 434929K(440896K)->434929K(440896K) NonClass: 380819K(384064K)->380819K(384064K) Class: 54110K(56832K)->54110K(56832K)
[2024-05-30T14:40:26.269+0000][14765.689s][info][gc          ] GC(3110) Pause Young (Mixed) (G1 Evacuation Pause) 3654M->3129M(12288M) 79.210ms
[2024-05-30T14:40:26.269+0000][14765.689s][info][gc,cpu      ] GC(3110) User=0.47s Sys=0.00s Real=0.08s
[2024-05-30T14:40:40.251+0000][14779.670s][info][gc,start    ] GC(3111) Pause Young (Normal) (G1 Evacuation Pause)
[2024-05-30T14:40:40.251+0000][14779.670s][info][gc,task     ] GC(3111) Using 6 workers of 6 for evacuation
[2024-05-30T14:40:40.268+0000][14779.687s][info][gc,phases   ] GC(3111)   Pre Evacuate Collection Set: 0.2ms
[2024-05-30T14:40:40.268+0000][14779.687s][info][gc,phases   ] GC(3111)   Merge Heap Roots: 0.2ms
[2024-05-30T14:40:40.268+0000][14779.687s][info][gc,phases   ] GC(3111)   Evacuate Collection Set: 14.5ms
[2024-05-30T14:40:40.268+0000][14779.687s][info][gc,phases   ] GC(3111)   Post Evacuate Collection Set: 2.2ms
[2024-05-30T14:40:40.268+0000][14779.687s][info][gc,phases   ] GC(3111)   Other: 0.2ms
[2024-05-30T14:40:40.268+0000][14779.687s][info][gc,heap     ] GC(3111) Eden regions: 817->0(815)
[2024-05-30T14:40:40.268+0000][14779.687s][info][gc,heap     ] GC(3111) Survivor regions: 3->5(103)
[2024-05-30T14:40:40.268+0000][14779.687s][info][gc,heap     ] GC(3111) Old regions: 349->349
[2024-05-30T14:40:40.268+0000][14779.687s][info][gc,heap     ] GC(3111) Archive regions: 2->2
[2024-05-30T14:40:40.268+0000][14779.687s][info][gc,heap     ] GC(3111) Humongous regions: 40->40
[2024-05-30T14:40:40.268+0000][14779.687s][info][gc,metaspace] GC(3111) Metaspace: 434932K(440896K)->434932K(440896K) NonClass: 380821K(384064K)->380821K(384064K) Class: 54110K(56832K)->54110K(56832K)
[2024-05-30T14:40:40.268+0000][14779.687s][info][gc          ] GC(3111) Pause Young (Normal) (G1 Evacuation Pause) 9665M->3149M(12288M) 17.427ms
[2024-05-30T14:40:40.268+0000][14779.687s][info][gc,cpu      ] GC(3111) User=0.09s Sys=0.00s Real=0.01s
[2024-05-30T14:40:54.655+0000][14794.074s][info][gc,start    ] GC(3112) Pause Young (Normal) (G1 Evacuation Pause)
[2024-05-30T14:40:54.655+0000][14794.074s][info][gc,task     ] GC(3112) Using 6 workers of 6 for evacuation
[2024-05-30T14:40:54.680+0000][14794.100s][info][gc,phases   ] GC(3112)   Pre Evacuate Collection Set: 0.2ms
[2024-05-30T14:40:54.680+0000][14794.100s][info][gc,phases   ] GC(3112)   Merge Heap Roots: 0.2ms
[2024-05-30T14:40:54.680+0000][14794.100s][info][gc,phases   ] GC(3112)   Evacuate Collection Set: 22.4ms
[2024-05-30T14:40:54.680+0000][14794.100s][info][gc,phases   ] GC(3112)   Post Evacuate Collection Set: 2.4ms
[2024-05-30T14:40:54.680+0000][14794.100s][info][gc,phases   ] GC(3112)   Other: 0.3ms
[2024-05-30T14:40:54.680+0000][14794.100s][info][gc,heap     ] GC(3112) Eden regions: 815->0(808)
[2024-05-30T14:40:54.680+0000][14794.100s][info][gc,heap     ] GC(3112) Survivor regions: 5->11(103)
[2024-05-30T14:40:54.680+0000][14794.100s][info][gc,heap     ] GC(3112) Old regions: 349->349
[2024-05-30T14:40:54.680+0000][14794.100s][info][gc,heap     ] GC(3112) Archive regions: 2->2
[2024-05-30T14:40:54.680+0000][14794.100s][info][gc,heap     ] GC(3112) Humongous regions: 40->40
[2024-05-30T14:40:54.680+0000][14794.100s][info][gc,metaspace] GC(3112) Metaspace: 434935K(440896K)->434935K(440896K) NonClass: 380824K(384064K)->380824K(384064K) Class: 54110K(56832K)->54110K(56832K)
[2024-05-30T14:40:54.680+0000][14794.100s][info][gc          ] GC(3112) Pause Young (Normal) (G1 Evacuation Pause) 9669M->3192M(12288M) 25.489ms
[2024-05-30T14:40:54.681+0000][14794.100s][info][gc,cpu      ] GC(3112) User=0.14s Sys=0.00s Real=0.03s
[2024-05-30T14:41:08.518+0000][14807.938s][info][gc,start    ] GC(3113) Pause Young (Concurrent Start) (G1 Evacuation Pause)
[2024-05-30T14:41:08.518+0000][14807.938s][info][gc,task     ] GC(3113) Using 6 workers of 6 for evacuation
[2024-05-30T14:41:08.551+0000][14807.971s][info][gc,phases   ] GC(3113)   Pre Evacuate Collection Set: 0.6ms
[2024-05-30T14:41:08.551+0000][14807.971s][info][gc,phases   ] GC(3113)   Merge Heap Roots: 0.2ms
[2024-05-30T14:41:08.551+0000][14807.971s][info][gc,phases   ] GC(3113)   Evacuate Collection Set: 29.9ms
[2024-05-30T14:41:08.551+0000][14807.971s][info][gc,phases   ] GC(3113)   Post Evacuate Collection Set: 2.2ms
[2024-05-30T14:41:08.551+0000][14807.971s][info][gc,phases   ] GC(3113)   Other: 0.3ms
[2024-05-30T14:41:08.552+0000][14807.971s][info][gc,heap     ] GC(3113) Eden regions: 808->0(804)
[2024-05-30T14:41:08.552+0000][14807.971s][info][gc,heap     ] GC(3113) Survivor regions: 11->14(103)
[2024-05-30T14:41:08.552+0000][14807.971s][info][gc,heap     ] GC(3113) Old regions: 349->349
[2024-05-30T14:41:08.552+0000][14807.971s][info][gc,heap     ] GC(3113) Archive regions: 2->2
[2024-05-30T14:41:08.552+0000][14807.971s][info][gc,heap     ] GC(3113) Humongous regions: 40->40
[2024-05-30T14:41:08.552+0000][14807.971s][info][gc,metaspace] GC(3113) Metaspace: 434937K(440896K)->434937K(440896K) NonClass: 380826K(384064K)->380826K(384064K) Class: 54110K(56832K)->54110K(56832K)
[2024-05-30T14:41:08.552+0000][14807.971s][info][gc          ] GC(3113) Pause Young (Concurrent Start) (G1 Evacuation Pause) 9656M->3215M(12288M) 33.247ms
[2024-05-30T14:41:08.552+0000][14807.971s][info][gc,cpu      ] GC(3113) User=0.19s Sys=0.00s Real=0.03s
[2024-05-30T14:41:08.552+0000][14807.971s][info][gc          ] GC(3114) Concurrent Mark Cycle
[2024-05-30T14:41:08.552+0000][14807.971s][info][gc,marking  ] GC(3114) Concurrent Clear Claimed Marks
[2024-05-30T14:41:08.552+0000][14807.971s][info][gc,marking  ] GC(3114) Concurrent Clear Claimed Marks 0.407ms
[2024-05-30T14:41:08.552+0000][14807.971s][info][gc,marking  ] GC(3114) Concurrent Scan Root Regions
[2024-05-30T14:41:08.577+0000][14807.996s][info][gc,marking  ] GC(3114) Concurrent Scan Root Regions 25.032ms
[2024-05-30T14:41:08.577+0000][14807.996s][info][gc,marking  ] GC(3114) Concurrent Mark
[2024-05-30T14:41:08.577+0000][14807.996s][info][gc,marking  ] GC(3114) Concurrent Mark From Roots
[2024-05-30T14:41:08.577+0000][14807.996s][info][gc,task     ] GC(3114) Using 2 workers of 2 for marking
[2024-05-30T14:41:10.649+0000][14810.068s][info][gc,marking  ] GC(3114) Concurrent Mark From Roots 2071.529ms
[2024-05-30T14:41:10.649+0000][14810.068s][info][gc,marking  ] GC(3114) Concurrent Preclean
[2024-05-30T14:41:10.650+0000][14810.069s][info][gc,marking  ] GC(3114) Concurrent Preclean 1.242ms
[2024-05-30T14:41:10.650+0000][14810.069s][info][gc,start    ] GC(3114) Pause Remark
[2024-05-30T14:41:10.675+0000][14810.094s][info][gc          ] GC(3114) Pause Remark 4135M->4135M(12288M) 24.483ms
[2024-05-30T14:41:10.675+0000][14810.094s][info][gc,cpu      ] GC(3114) User=0.10s Sys=0.00s Real=0.02s
[2024-05-30T14:41:10.675+0000][14810.094s][info][gc,marking  ] GC(3114) Concurrent Mark 2097.574ms
[2024-05-30T14:41:10.675+0000][14810.094s][info][gc,marking  ] GC(3114) Concurrent Rebuild Remembered Sets
[2024-05-30T14:41:11.797+0000][14811.216s][info][gc,marking  ] GC(3114) Concurrent Rebuild Remembered Sets 1122.124ms
[2024-05-30T14:41:11.797+0000][14811.216s][info][gc,start    ] GC(3114) Pause Cleanup
[2024-05-30T14:41:11.798+0000][14811.217s][info][gc          ] GC(3114) Pause Cleanup 4659M->4659M(12288M) 0.580ms
[2024-05-30T14:41:11.798+0000][14811.217s][info][gc,cpu      ] GC(3114) User=0.00s Sys=0.00s Real=0.00s
[2024-05-30T14:41:11.798+0000][14811.217s][info][gc,marking  ] GC(3114) Concurrent Cleanup for Next Mark
[2024-05-30T14:41:11.814+0000][14811.233s][info][gc,marking  ] GC(3114) Concurrent Cleanup for Next Mark 16.456ms
[2024-05-30T14:41:11.814+0000][14811.233s][info][gc          ] GC(3114) Concurrent Mark Cycle 3262.608ms
[2024-05-30T14:41:20.454+0000][14819.874s][info][gc,start    ] GC(3115) Pause Young (Prepare Mixed) (G1 Evacuation Pause)
[2024-05-30T14:41:20.454+0000][14819.874s][info][gc,task     ] GC(3115) Using 6 workers of 6 for evacuation
[2024-05-30T14:41:20.498+0000][14819.917s][info][gc,phases   ] GC(3115)   Pre Evacuate Collection Set: 0.2ms
[2024-05-30T14:41:20.498+0000][14819.917s][info][gc,phases   ] GC(3115)   Merge Heap Roots: 0.3ms
[2024-05-30T14:41:20.498+0000][14819.917s][info][gc,phases   ] GC(3115)   Evacuate Collection Set: 38.5ms
[2024-05-30T14:41:20.498+0000][14819.917s][info][gc,phases   ] GC(3115)   Post Evacuate Collection Set: 4.6ms
[2024-05-30T14:41:20.498+0000][14819.917s][info][gc,phases   ] GC(3115)   Other: 0.2ms
[2024-05-30T14:41:20.498+0000][14819.917s][info][gc,heap     ] GC(3115) Eden regions: 804->0(59)
[2024-05-30T14:41:20.498+0000][14819.917s][info][gc,heap     ] GC(3115) Survivor regions: 14->17(103)
[2024-05-30T14:41:20.498+0000][14819.917s][info][gc,heap     ] GC(3115) Old regions: 349->349
[2024-05-30T14:41:20.498+0000][14819.917s][info][gc,heap     ] GC(3115) Archive regions: 2->2
[2024-05-30T14:41:20.498+0000][14819.917s][info][gc,heap     ] GC(3115) Humongous regions: 40->40
[2024-05-30T14:41:20.498+0000][14819.917s][info][gc,metaspace] GC(3115) Metaspace: 434937K(440896K)->434937K(440896K) NonClass: 380826K(384064K)->380826K(384064K) Class: 54110K(56832K)->54110K(56832K)
[2024-05-30T14:41:20.498+0000][14819.917s][info][gc          ] GC(3115) Pause Young (Prepare Mixed) (G1 Evacuation Pause) 9647M->3240M(12288M) 43.833ms
[2024-05-30T14:41:20.498+0000][14819.917s][info][gc,cpu      ] GC(3115) User=0.26s Sys=0.00s Real=0.05s
[2024-05-30T14:41:20.671+0000][14820.090s][info][gc,start    ] GC(3116) Pause Young (Mixed) (G1 Evacuation Pause)
[2024-05-30T14:41:20.671+0000][14820.090s][info][gc,task     ] GC(3116) Using 6 workers of 6 for evacuation
[2024-05-30T14:41:20.747+0000][14820.166s][info][gc,phases   ] GC(3116)   Pre Evacuate Collection Set: 0.2ms
[2024-05-30T14:41:20.747+0000][14820.166s][info][gc,phases   ] GC(3116)   Merge Heap Roots: 0.3ms
[2024-05-30T14:41:20.747+0000][14820.166s][info][gc,phases   ] GC(3116)   Evacuate Collection Set: 73.5ms
[2024-05-30T14:41:20.747+0000][14820.166s][info][gc,phases   ] GC(3116)   Post Evacuate Collection Set: 2.5ms
[2024-05-30T14:41:20.747+0000][14820.166s][info][gc,phases   ] GC(3116)   Other: 0.2ms
[2024-05-30T14:41:20.747+0000][14820.166s][info][gc,heap     ] GC(3116) Eden regions: 59->0(811)
[2024-05-30T14:41:20.747+0000][14820.166s][info][gc,heap     ] GC(3116) Survivor regions: 17->3(10)
[2024-05-30T14:41:20.747+0000][14820.166s][info][gc,heap     ] GC(3116) Old regions: 349->352
[2024-05-30T14:41:20.747+0000][14820.166s][info][gc,heap     ] GC(3116) Archive regions: 2->2
[2024-05-30T14:41:20.747+0000][14820.166s][info][gc,heap     ] GC(3116) Humongous regions: 40->40
[2024-05-30T14:41:20.747+0000][14820.166s][info][gc,metaspace] GC(3116) Metaspace: 434937K(440896K)->434937K(440896K) NonClass: 380826K(384064K)->380826K(384064K) Class: 54110K(56832K)->54110K(56832K)
[2024-05-30T14:41:20.747+0000][14820.167s][info][gc          ] GC(3116) Pause Young (Mixed) (G1 Evacuation Pause) 3712M->3160M(12288M) 76.632ms
[2024-05-30T14:41:20.747+0000][14820.167s][info][gc,cpu      ] GC(3116) User=0.45s Sys=0.00s Real=0.07s
[2024-05-30T14:41:23.494+0000][14822.913s][info][gc,start    ] GC(3117) Pause Young (Normal) (G1 Evacuation Pause)
[2024-05-30T14:41:23.494+0000][14822.914s][info][gc,task     ] GC(3117) Using 6 workers of 6 for evacuation
[2024-05-30T14:41:23.570+0000][14822.989s][info][gc,phases   ] GC(3117)   Pre Evacuate Collection Set: 0.2ms
[2024-05-30T14:41:23.570+0000][14822.989s][info][gc,phases   ] GC(3117)   Merge Heap Roots: 0.2ms
[2024-05-30T14:41:23.570+0000][14822.989s][info][gc,phases   ] GC(3117)   Evacuate Collection Set: 55.2ms
[2024-05-30T14:41:23.570+0000][14822.989s][info][gc,phases   ] GC(3117)   Post Evacuate Collection Set: 20.2ms
[2024-05-30T14:41:23.570+0000][14822.989s][info][gc,phases   ] GC(3117)   Other: 0.2ms
[2024-05-30T14:41:23.570+0000][14822.989s][info][gc,heap     ] GC(3117) Eden regions: 811->0(805)
[2024-05-30T14:41:23.570+0000][14822.989s][info][gc,heap     ] GC(3117) Survivor regions: 3->8(102)
[2024-05-30T14:41:23.570+0000][14822.989s][info][gc,heap     ] GC(3117) Old regions: 352->352
[2024-05-30T14:41:23.570+0000][14822.989s][info][gc,heap     ] GC(3117) Archive regions: 2->2
[2024-05-30T14:41:23.570+0000][14822.989s][info][gc,heap     ] GC(3117) Humongous regions: 40->40
[2024-05-30T14:41:23.570+0000][14822.989s][info][gc,metaspace] GC(3117) Metaspace: 434937K(440896K)->434937K(440896K) NonClass: 380826K(384064K)->380826K(384064K) Class: 54110K(56832K)->54110K(56832K)
[2024-05-30T14:41:23.570+0000][14822.989s][info][gc          ] GC(3117) Pause Young (Normal) (G1 Evacuation Pause) 9648M->3203M(12288M) 76.009ms
[2024-05-30T14:41:23.570+0000][14822.990s][info][gc,cpu      ] GC(3117) User=0.44s Sys=0.00s Real=0.08s
[2024-05-30T14:41:26.087+0000][14825.506s][info][gc,start    ] GC(3118) Pause Young (Normal) (G1 Evacuation Pause)
[2024-05-30T14:41:26.087+0000][14825.506s][info][gc,task     ] GC(3118) Using 6 workers of 6 for evacuation
[2024-05-30T14:41:26.175+0000][14825.595s][info][gc,phases   ] GC(3118)   Pre Evacuate Collection Set: 0.2ms
[2024-05-30T14:41:26.175+0000][14825.595s][info][gc,phases   ] GC(3118)   Merge Heap Roots: 0.2ms
[2024-05-30T14:41:26.176+0000][14825.595s][info][gc,phases   ] GC(3118)   Evacuate Collection Set: 68.7ms
[2024-05-30T14:41:26.176+0000][14825.595s][info][gc,phases   ] GC(3118)   Post Evacuate Collection Set: 19.5ms
[2024-05-30T14:41:26.176+0000][14825.595s][info][gc,phases   ] GC(3118)   Other: 0.2ms
[2024-05-30T14:41:26.176+0000][14825.595s][info][gc,heap     ] GC(3118) Eden regions: 805->0(799)
[2024-05-30T14:41:26.176+0000][14825.595s][info][gc,heap     ] GC(3118) Survivor regions: 8->14(102)
[2024-05-30T14:41:26.176+0000][14825.595s][info][gc,heap     ] GC(3118) Old regions: 352->352
[2024-05-30T14:41:26.176+0000][14825.595s][info][gc,heap     ] GC(3118) Archive regions: 2->2
[2024-05-30T14:41:26.176+0000][14825.595s][info][gc,heap     ] GC(3118) Humongous regions: 40->40
[2024-05-30T14:41:26.176+0000][14825.595s][info][gc,metaspace] GC(3118) Metaspace: 434937K(440896K)->434937K(440896K) NonClass: 380826K(384064K)->380826K(384064K) Class: 54110K(56832K)->54110K(56832K)
[2024-05-30T14:41:26.176+0000][14825.595s][info][gc          ] GC(3118) Pause Young (Normal) (G1 Evacuation Pause) 9643M->3252M(12288M) 88.818ms
[2024-05-30T14:41:26.176+0000][14825.595s][info][gc,cpu      ] GC(3118) User=0.51s Sys=0.00s Real=0.09s
[2024-05-30T14:41:28.670+0000][14828.089s][info][gc,start    ] GC(3119) Pause Young (Concurrent Start) (G1 Evacuation Pause)
[2024-05-30T14:41:28.670+0000][14828.089s][info][gc,task     ] GC(3119) Using 6 workers of 6 for evacuation
[2024-05-30T14:41:28.796+0000][14828.215s][info][gc,phases   ] GC(3119)   Pre Evacuate Collection Set: 0.6ms
[2024-05-30T14:41:28.796+0000][14828.215s][info][gc,phases   ] GC(3119)   Merge Heap Roots: 0.3ms
[2024-05-30T14:41:28.796+0000][14828.215s][info][gc,phases   ] GC(3119)   Evacuate Collection Set: 99.0ms
[2024-05-30T14:41:28.796+0000][14828.215s][info][gc,phases   ] GC(3119)   Post Evacuate Collection Set: 26.2ms
[2024-05-30T14:41:28.796+0000][14828.215s][info][gc,phases   ] GC(3119)   Other: 0.3ms
[2024-05-30T14:41:28.796+0000][14828.215s][info][gc,heap     ] GC(3119) Eden regions: 799->0(795)
[2024-05-30T14:41:28.796+0000][14828.215s][info][gc,heap     ] GC(3119) Survivor regions: 14->19(102)
[2024-05-30T14:41:28.796+0000][14828.215s][info][gc,heap     ] GC(3119) Old regions: 352->352
[2024-05-30T14:41:28.796+0000][14828.215s][info][gc,heap     ] GC(3119) Archive regions: 2->2
[2024-05-30T14:41:28.796+0000][14828.215s][info][gc,heap     ] GC(3119) Humongous regions: 40->40
[2024-05-30T14:41:28.796+0000][14828.215s][info][gc,metaspace] GC(3119) Metaspace: 434937K(440896K)->434937K(440896K) NonClass: 380826K(384064K)->380826K(384064K) Class: 54110K(56832K)->54110K(56832K)
[2024-05-30T14:41:28.796+0000][14828.215s][info][gc          ] GC(3119) Pause Young (Concurrent Start) (G1 Evacuation Pause) 9644M->3289M(12288M) 126.380ms
[2024-05-30T14:41:28.796+0000][14828.215s][info][gc,cpu      ] GC(3119) User=0.73s Sys=0.00s Real=0.12s
[2024-05-30T14:41:28.796+0000][14828.215s][info][gc          ] GC(3120) Concurrent Mark Cycle
[2024-05-30T14:41:28.796+0000][14828.215s][info][gc,marking  ] GC(3120) Concurrent Clear Claimed Marks
[2024-05-30T14:41:28.797+0000][14828.216s][info][gc,marking  ] GC(3120) Concurrent Clear Claimed Marks 0.438ms
[2024-05-30T14:41:28.797+0000][14828.216s][info][gc,marking  ] GC(3120) Concurrent Scan Root Regions
[2024-05-30T14:41:28.862+0000][14828.282s][info][gc,marking  ] GC(3120) Concurrent Scan Root Regions 65.768ms
[2024-05-30T14:41:28.862+0000][14828.282s][info][gc,marking  ] GC(3120) Concurrent Mark
[2024-05-30T14:41:28.862+0000][14828.282s][info][gc,marking  ] GC(3120) Concurrent Mark From Roots
[2024-05-30T14:41:28.863+0000][14828.282s][info][gc,task     ] GC(3120) Using 2 workers of 2 for marking
[2024-05-30T14:41:30.512+0000][14829.931s][info][gc,marking  ] GC(3120) Concurrent Mark From Roots 1649.635ms
[2024-05-30T14:41:30.512+0000][14829.931s][info][gc,marking  ] GC(3120) Concurrent Preclean
[2024-05-30T14:41:30.513+0000][14829.933s][info][gc,marking  ] GC(3120) Concurrent Preclean 1.185ms
[2024-05-30T14:41:30.514+0000][14829.933s][info][gc,start    ] GC(3120) Pause Remark
[2024-05-30T14:41:30.538+0000][14829.957s][info][gc          ] GC(3120) Pause Remark 6069M->6069M(12288M) 24.518ms
[2024-05-30T14:41:30.538+0000][14829.957s][info][gc,cpu      ] GC(3120) User=0.10s Sys=0.00s Real=0.03s
[2024-05-30T14:41:30.538+0000][14829.957s][info][gc,marking  ] GC(3120) Concurrent Mark 1675.721ms
[2024-05-30T14:41:30.538+0000][14829.957s][info][gc,marking  ] GC(3120) Concurrent Rebuild Remembered Sets
[2024-05-30T14:41:31.436+0000][14830.855s][info][gc,marking  ] GC(3120) Concurrent Rebuild Remembered Sets 897.992ms
[2024-05-30T14:41:31.436+0000][14830.856s][info][gc,start    ] GC(3120) Pause Cleanup
[2024-05-30T14:41:31.437+0000][14830.856s][info][gc          ] GC(3120) Pause Cleanup 8141M->8141M(12288M) 0.526ms
[2024-05-30T14:41:31.437+0000][14830.856s][info][gc,cpu      ] GC(3120) User=0.00s Sys=0.00s Real=0.00s
[2024-05-30T14:41:31.437+0000][14830.856s][info][gc,marking  ] GC(3120) Concurrent Cleanup for Next Mark
[2024-05-30T14:41:31.452+0000][14830.872s][info][gc,marking  ] GC(3120) Concurrent Cleanup for Next Mark 15.264ms
[2024-05-30T14:41:31.452+0000][14830.872s][info][gc          ] GC(3120) Concurrent Mark Cycle 2656.163ms
[2024-05-30T14:41:31.966+0000][14831.386s][info][gc,start    ] GC(3121) Pause Young (Prepare Mixed) (G1 Evacuation Pause)
[2024-05-30T14:41:31.966+0000][14831.386s][info][gc,task     ] GC(3121) Using 6 workers of 6 for evacuation
[2024-05-30T14:41:32.085+0000][14831.504s][info][gc,phases   ] GC(3121)   Pre Evacuate Collection Set: 0.2ms
[2024-05-30T14:41:32.085+0000][14831.504s][info][gc,phases   ] GC(3121)   Merge Heap Roots: 0.6ms
[2024-05-30T14:41:32.085+0000][14831.504s][info][gc,phases   ] GC(3121)   Evacuate Collection Set: 97.8ms
[2024-05-30T14:41:32.085+0000][14831.504s][info][gc,phases   ] GC(3121)   Post Evacuate Collection Set: 19.9ms
[2024-05-30T14:41:32.085+0000][14831.504s][info][gc,phases   ] GC(3121)   Other: 0.2ms
[2024-05-30T14:41:32.085+0000][14831.504s][info][gc,heap     ] GC(3121) Eden regions: 795->0(55)
[2024-05-30T14:41:32.085+0000][14831.504s][info][gc,heap     ] GC(3121) Survivor regions: 19->21(102)
[2024-05-30T14:41:32.085+0000][14831.504s][info][gc,heap     ] GC(3121) Old regions: 352->352
[2024-05-30T14:41:32.085+0000][14831.504s][info][gc,heap     ] GC(3121) Archive regions: 2->2
[2024-05-30T14:41:32.085+0000][14831.504s][info][gc,heap     ] GC(3121) Humongous regions: 40->40
[2024-05-30T14:41:32.085+0000][14831.504s][info][gc,metaspace] GC(3121) Metaspace: 434937K(440896K)->434937K(440896K) NonClass: 380826K(384064K)->380826K(384064K) Class: 54110K(56832K)->54110K(56832K)
[2024-05-30T14:41:32.085+0000][14831.504s][info][gc          ] GC(3121) Pause Young (Prepare Mixed) (G1 Evacuation Pause) 9649M->3308M(12288M) 118.713ms
[2024-05-30T14:41:32.085+0000][14831.504s][info][gc,cpu      ] GC(3121) User=0.70s Sys=0.00s Real=0.12s
[2024-05-30T14:41:32.225+0000][14831.644s][info][gc,start    ] GC(3122) Pause Young (Mixed) (G1 Evacuation Pause)
[2024-05-30T14:41:32.225+0000][14831.644s][info][gc,task     ] GC(3122) Using 6 workers of 6 for evacuation
[2024-05-30T14:41:32.335+0000][14831.754s][info][gc,phases   ] GC(3122)   Pre Evacuate Collection Set: 0.2ms
[2024-05-30T14:41:32.335+0000][14831.754s][info][gc,phases   ] GC(3122)   Merge Heap Roots: 0.5ms
[2024-05-30T14:41:32.335+0000][14831.754s][info][gc,phases   ] GC(3122)   Evacuate Collection Set: 107.6ms
[2024-05-30T14:41:32.335+0000][14831.754s][info][gc,phases   ] GC(3122)   Post Evacuate Collection Set: 1.6ms
[2024-05-30T14:41:32.335+0000][14831.754s][info][gc,phases   ] GC(3122)   Other: 0.2ms
[2024-05-30T14:41:32.335+0000][14831.754s][info][gc,heap     ] GC(3122) Eden regions: 55->0(800)
[2024-05-30T14:41:32.335+0000][14831.754s][info][gc,heap     ] GC(3122) Survivor regions: 21->7(10)
[2024-05-30T14:41:32.335+0000][14831.754s][info][gc,heap     ] GC(3122) Old regions: 352->360
[2024-05-30T14:41:32.335+0000][14831.754s][info][gc,heap     ] GC(3122) Archive regions: 2->2
[2024-05-30T14:41:32.335+0000][14831.754s][info][gc,heap     ] GC(3122) Humongous regions: 40->40
[2024-05-30T14:41:32.335+0000][14831.754s][info][gc,metaspace] GC(3122) Metaspace: 434937K(440896K)->434937K(440896K) NonClass: 380826K(384064K)->380826K(384064K) Class: 54110K(56832K)->54110K(56832K)
[2024-05-30T14:41:32.335+0000][14831.754s][info][gc          ] GC(3122) Pause Young (Mixed) (G1 Evacuation Pause) 3748M->3253M(12288M) 110.183ms
[2024-05-30T14:41:32.335+0000][14831.754s][info][gc,cpu      ] GC(3122) User=0.65s Sys=0.00s Real=0.11s
[2024-05-30T14:41:34.456+0000][14833.875s][info][gc,start    ] GC(3123) Pause Young (Normal) (G1 Evacuation Pause)
[2024-05-30T14:41:34.456+0000][14833.875s][info][gc,task     ] GC(3123) Using 6 workers of 6 for evacuation
[2024-05-30T14:41:34.523+0000][14833.942s][info][gc,phases   ] GC(3123)   Pre Evacuate Collection Set: 0.2ms
[2024-05-30T14:41:34.523+0000][14833.942s][info][gc,phases   ] GC(3123)   Merge Heap Roots: 0.3ms
[2024-05-30T14:41:34.523+0000][14833.942s][info][gc,phases   ] GC(3123)   Evacuate Collection Set: 53.4ms
[2024-05-30T14:41:34.523+0000][14833.942s][info][gc,phases   ] GC(3123)   Post Evacuate Collection Set: 13.5ms
[2024-05-30T14:41:34.523+0000][14833.942s][info][gc,phases   ] GC(3123)   Other: 0.2ms
[2024-05-30T14:41:34.523+0000][14833.942s][info][gc,heap     ] GC(3123) Eden regions: 800->0(800)
[2024-05-30T14:41:34.523+0000][14833.942s][info][gc,heap     ] GC(3123) Survivor regions: 7->9(101)
[2024-05-30T14:41:34.523+0000][14833.942s][info][gc,heap     ] GC(3123) Old regions: 360->360
[2024-05-30T14:41:34.523+0000][14833.942s][info][gc,heap     ] GC(3123) Archive regions: 2->2
[2024-05-30T14:41:34.523+0000][14833.942s][info][gc,heap     ] GC(3123) Humongous regions: 40->40
[2024-05-30T14:41:34.523+0000][14833.942s][info][gc,metaspace] GC(3123) Metaspace: 434937K(440896K)->434937K(440896K) NonClass: 380826K(384064K)->380826K(384064K) Class: 54110K(56832K)->54110K(56832K)
[2024-05-30T14:41:34.523+0000][14833.943s][info][gc          ] GC(3123) Pause Young (Normal) (G1 Evacuation Pause) 9653M->3265M(12288M) 67.579ms
[2024-05-30T14:41:34.523+0000][14833.943s][info][gc,cpu      ] GC(3123) User=0.39s Sys=0.00s Real=0.07s
[2024-05-30T14:41:36.639+0000][14836.059s][info][gc,start    ] GC(3124) Pause Young (Normal) (G1 Evacuation Pause)
[2024-05-30T14:41:36.639+0000][14836.059s][info][gc,task     ] GC(3124) Using 6 workers of 6 for evacuation
[2024-05-30T14:41:36.735+0000][14836.154s][info][gc,phases   ] GC(3124)   Pre Evacuate Collection Set: 0.2ms
[2024-05-30T14:41:36.735+0000][14836.154s][info][gc,phases   ] GC(3124)   Merge Heap Roots: 0.3ms
[2024-05-30T14:41:36.735+0000][14836.154s][info][gc,phases   ] GC(3124)   Evacuate Collection Set: 76.0ms
[2024-05-30T14:41:36.735+0000][14836.154s][info][gc,phases   ] GC(3124)   Post Evacuate Collection Set: 18.6ms
[2024-05-30T14:41:36.735+0000][14836.154s][info][gc,phases   ] GC(3124)   Other: 0.2ms
[2024-05-30T14:41:36.735+0000][14836.154s][info][gc,heap     ] GC(3124) Eden regions: 800->0(797)
[2024-05-30T14:41:36.735+0000][14836.154s][info][gc,heap     ] GC(3124) Survivor regions: 9->13(102)
[2024-05-30T14:41:36.735+0000][14836.154s][info][gc,heap     ] GC(3124) Old regions: 360->360
[2024-05-30T14:41:36.735+0000][14836.154s][info][gc,heap     ] GC(3124) Archive regions: 2->2
[2024-05-30T14:41:36.735+0000][14836.154s][info][gc,heap     ] GC(3124) Humongous regions: 40->40
[2024-05-30T14:41:36.735+0000][14836.154s][info][gc,metaspace] GC(3124) Metaspace: 434937K(440896K)->434937K(440896K) NonClass: 380826K(384064K)->380826K(384064K) Class: 54110K(56832K)->54110K(56832K)
[2024-05-30T14:41:36.735+0000][14836.154s][info][gc          ] GC(3124) Pause Young (Normal) (G1 Evacuation Pause) 9665M->3299M(12288M) 95.296ms
[2024-05-30T14:41:36.735+0000][14836.154s][info][gc,cpu      ] GC(3124) User=0.55s Sys=0.00s Real=0.09s
[2024-05-30T14:41:38.955+0000][14838.374s][info][gc,start    ] GC(3125) Pause Young (Concurrent Start) (G1 Evacuation Pause)
[2024-05-30T14:41:38.955+0000][14838.374s][info][gc,task     ] GC(3125) Using 6 workers of 6 for evacuation
[2024-05-30T14:41:39.070+0000][14838.490s][info][gc,phases   ] GC(3125)   Pre Evacuate Collection Set: 0.6ms
[2024-05-30T14:41:39.070+0000][14838.490s][info][gc,phases   ] GC(3125)   Merge Heap Roots: 0.4ms
[2024-05-30T14:41:39.070+0000][14838.490s][info][gc,phases   ] GC(3125)   Evacuate Collection Set: 93.4ms
[2024-05-30T14:41:39.070+0000][14838.490s][info][gc,phases   ] GC(3125)   Post Evacuate Collection Set: 21.0ms
[2024-05-30T14:41:39.070+0000][14838.490s][info][gc,phases   ] GC(3125)   Other: 0.3ms
[2024-05-30T14:41:39.070+0000][14838.490s][info][gc,heap     ] GC(3125) Eden regions: 797->0(792)
[2024-05-30T14:41:39.070+0000][14838.490s][info][gc,heap     ] GC(3125) Survivor regions: 13->17(102)
[2024-05-30T14:41:39.070+0000][14838.490s][info][gc,heap     ] GC(3125) Old regions: 360->360
[2024-05-30T14:41:39.070+0000][14838.490s][info][gc,heap     ] GC(3125) Archive regions: 2->2
[2024-05-30T14:41:39.070+0000][14838.490s][info][gc,heap     ] GC(3125) Humongous regions: 40->40
[2024-05-30T14:41:39.070+0000][14838.490s][info][gc,metaspace] GC(3125) Metaspace: 434939K(440896K)->434939K(440896K) NonClass: 380828K(384064K)->380828K(384064K) Class: 54110K(56832K)->54110K(56832K)
[2024-05-30T14:41:39.070+0000][14838.490s][info][gc          ] GC(3125) Pause Young (Concurrent Start) (G1 Evacuation Pause) 9675M->3332M(12288M) 115.699ms
[2024-05-30T14:41:39.071+0000][14838.490s][info][gc,cpu      ] GC(3125) User=0.66s Sys=0.00s Real=0.12s
[2024-05-30T14:41:39.071+0000][14838.490s][info][gc          ] GC(3126) Concurrent Mark Cycle
[2024-05-30T14:41:39.071+0000][14838.490s][info][gc,marking  ] GC(3126) Concurrent Clear Claimed Marks
[2024-05-30T14:41:39.071+0000][14838.490s][info][gc,marking  ] GC(3126) Concurrent Clear Claimed Marks 0.399ms
[2024-05-30T14:41:39.071+0000][14838.490s][info][gc,marking  ] GC(3126) Concurrent Scan Root Regions
[2024-05-30T14:41:39.109+0000][14838.528s][info][gc,marking  ] GC(3126) Concurrent Scan Root Regions 38.223ms
[2024-05-30T14:41:39.109+0000][14838.528s][info][gc,marking  ] GC(3126) Concurrent Mark
[2024-05-30T14:41:39.109+0000][14838.528s][info][gc,marking  ] GC(3126) Concurrent Mark From Roots
[2024-05-30T14:41:39.109+0000][14838.528s][info][gc,task     ] GC(3126) Using 2 workers of 2 for marking
[2024-05-30T14:41:40.801+0000][14840.220s][info][gc,marking  ] GC(3126) Concurrent Mark From Roots 1691.953ms
[2024-05-30T14:41:40.801+0000][14840.220s][info][gc,marking  ] GC(3126) Concurrent Preclean
[2024-05-30T14:41:40.802+0000][14840.222s][info][gc,marking  ] GC(3126) Concurrent Preclean 1.117ms
[2024-05-30T14:41:40.803+0000][14840.222s][info][gc,start    ] GC(3126) Pause Remark
[2024-05-30T14:41:40.827+0000][14840.246s][info][gc          ] GC(3126) Pause Remark 7944M->7944M(12288M) 24.363ms
[2024-05-30T14:41:40.827+0000][14840.246s][info][gc,cpu      ] GC(3126) User=0.11s Sys=0.00s Real=0.02s
[2024-05-30T14:41:40.827+0000][14840.246s][info][gc,marking  ] GC(3126) Concurrent Mark 1717.798ms
[2024-05-30T14:41:40.827+0000][14840.246s][info][gc,marking  ] GC(3126) Concurrent Rebuild Remembered Sets
[2024-05-30T14:41:41.369+0000][14840.788s][info][gc,start    ] GC(3127) Pause Young (Normal) (G1 Evacuation Pause)
[2024-05-30T14:41:41.369+0000][14840.788s][info][gc,task     ] GC(3127) Using 6 workers of 6 for evacuation
[2024-05-30T14:41:41.462+0000][14840.882s][info][gc,phases   ] GC(3127)   Pre Evacuate Collection Set: 0.2ms
[2024-05-30T14:41:41.462+0000][14840.882s][info][gc,phases   ] GC(3127)   Merge Heap Roots: 0.3ms
[2024-05-30T14:41:41.462+0000][14840.882s][info][gc,phases   ] GC(3127)   Evacuate Collection Set: 83.5ms
[2024-05-30T14:41:41.462+0000][14840.882s][info][gc,phases   ] GC(3127)   Post Evacuate Collection Set: 9.4ms
[2024-05-30T14:41:41.462+0000][14840.882s][info][gc,phases   ] GC(3127)   Other: 0.2ms
[2024-05-30T14:41:41.462+0000][14840.882s][info][gc,heap     ] GC(3127) Eden regions: 792->0(788)
[2024-05-30T14:41:41.463+0000][14840.882s][info][gc,heap     ] GC(3127) Survivor regions: 17->19(102)
[2024-05-30T14:41:41.463+0000][14840.882s][info][gc,heap     ] GC(3127) Old regions: 360->360
[2024-05-30T14:41:41.463+0000][14840.882s][info][gc,heap     ] GC(3127) Archive regions: 2->2
[2024-05-30T14:41:41.463+0000][14840.882s][info][gc,heap     ] GC(3127) Humongous regions: 40->40
[2024-05-30T14:41:41.463+0000][14840.882s][info][gc,metaspace] GC(3127) Metaspace: 434939K(440896K)->434939K(440896K) NonClass: 380828K(384064K)->380828K(384064K) Class: 54110K(56832K)->54110K(56832K)
[2024-05-30T14:41:41.463+0000][14840.882s][info][gc          ] GC(3127) Pause Young (Normal) (G1 Evacuation Pause) 9668M->3349M(12288M) 93.704ms
[2024-05-30T14:41:41.463+0000][14840.882s][info][gc,cpu      ] GC(3127) User=0.55s Sys=0.00s Real=0.09s
[2024-05-30T14:41:41.874+0000][14841.293s][info][gc,marking  ] GC(3126) Concurrent Rebuild Remembered Sets 1046.449ms
[2024-05-30T14:41:41.874+0000][14841.293s][info][gc,start    ] GC(3126) Pause Cleanup
[2024-05-30T14:41:41.874+0000][14841.293s][info][gc          ] GC(3126) Pause Cleanup 4317M->4317M(12288M) 0.562ms
[2024-05-30T14:41:41.874+0000][14841.293s][info][gc,cpu      ] GC(3126) User=0.00s Sys=0.00s Real=0.00s
[2024-05-30T14:41:41.874+0000][14841.294s][info][gc,marking  ] GC(3126) Concurrent Cleanup for Next Mark
[2024-05-30T14:41:41.903+0000][14841.322s][info][gc,marking  ] GC(3126) Concurrent Cleanup for Next Mark 28.298ms
[2024-05-30T14:41:41.903+0000][14841.322s][info][gc          ] GC(3126) Concurrent Mark Cycle 2832.114ms
[2024-05-30T14:41:52.426+0000][14851.846s][info][gc,start    ] GC(3128) Pause Young (Prepare Mixed) (G1 Evacuation Pause)
[2024-05-30T14:41:52.427+0000][14851.846s][info][gc,task     ] GC(3128) Using 6 workers of 6 for evacuation
[2024-05-30T14:41:52.510+0000][14851.929s][info][gc,phases   ] GC(3128)   Pre Evacuate Collection Set: 0.2ms
[2024-05-30T14:41:52.510+0000][14851.929s][info][gc,phases   ] GC(3128)   Merge Heap Roots: 0.4ms
[2024-05-30T14:41:52.510+0000][14851.929s][info][gc,phases   ] GC(3128)   Evacuate Collection Set: 80.1ms
[2024-05-30T14:41:52.510+0000][14851.929s][info][gc,phases   ] GC(3128)   Post Evacuate Collection Set: 2.5ms
[2024-05-30T14:41:52.510+0000][14851.929s][info][gc,phases   ] GC(3128)   Other: 0.2ms
[2024-05-30T14:41:52.510+0000][14851.929s][info][gc,heap     ] GC(3128) Eden regions: 788->0(52)
[2024-05-30T14:41:52.510+0000][14851.929s][info][gc,heap     ] GC(3128) Survivor regions: 19->24(101)
[2024-05-30T14:41:52.510+0000][14851.929s][info][gc,heap     ] GC(3128) Old regions: 360->360
[2024-05-30T14:41:52.510+0000][14851.929s][info][gc,heap     ] GC(3128) Archive regions: 2->2
[2024-05-30T14:41:52.510+0000][14851.929s][info][gc,heap     ] GC(3128) Humongous regions: 40->40
[2024-05-30T14:41:52.510+0000][14851.929s][info][gc,metaspace] GC(3128) Metaspace: 434939K(440896K)->434939K(440896K) NonClass: 380828K(384064K)->380828K(384064K) Class: 54110K(56832K)->54110K(56832K)
[2024-05-30T14:41:52.510+0000][14851.929s][info][gc          ] GC(3128) Pause Young (Prepare Mixed) (G1 Evacuation Pause) 9653M->3389M(12288M) 83.415ms
[2024-05-30T14:41:52.510+0000][14851.929s][info][gc,cpu      ] GC(3128) User=0.49s Sys=0.00s Real=0.09s
[2024-05-30T14:41:53.405+0000][14852.824s][info][gc,start    ] GC(3129) Pause Young (Mixed) (G1 Evacuation Pause)
[2024-05-30T14:41:53.405+0000][14852.824s][info][gc,task     ] GC(3129) Using 6 workers of 6 for evacuation
[2024-05-30T14:41:53.519+0000][14852.938s][info][gc,phases   ] GC(3129)   Pre Evacuate Collection Set: 0.2ms
[2024-05-30T14:41:53.519+0000][14852.938s][info][gc,phases   ] GC(3129)   Merge Heap Roots: 0.6ms
[2024-05-30T14:41:53.519+0000][14852.938s][info][gc,phases   ] GC(3129)   Evacuate Collection Set: 111.1ms
[2024-05-30T14:41:53.519+0000][14852.938s][info][gc,phases   ] GC(3129)   Post Evacuate Collection Set: 1.5ms
[2024-05-30T14:41:53.519+0000][14852.938s][info][gc,phases   ] GC(3129)   Other: 0.2ms
[2024-05-30T14:41:53.519+0000][14852.938s][info][gc,heap     ] GC(3129) Eden regions: 52->0(802)
[2024-05-30T14:41:53.519+0000][14852.938s][info][gc,heap     ] GC(3129) Survivor regions: 24->6(10)
[2024-05-30T14:41:53.519+0000][14852.938s][info][gc,heap     ] GC(3129) Old regions: 360->364
[2024-05-30T14:41:53.519+0000][14852.938s][info][gc,heap     ] GC(3129) Archive regions: 2->2
[2024-05-30T14:41:53.519+0000][14852.938s][info][gc,heap     ] GC(3129) Humongous regions: 40->40
[2024-05-30T14:41:53.519+0000][14852.938s][info][gc,metaspace] GC(3129) Metaspace: 434939K(440896K)->434939K(440896K) NonClass: 380828K(384064K)->380828K(384064K) Class: 54110K(56832K)->54110K(56832K)
[2024-05-30T14:41:53.519+0000][14852.938s][info][gc          ] GC(3129) Pause Young (Mixed) (G1 Evacuation Pause) 3805M->3284M(12288M) 113.746ms
[2024-05-30T14:41:53.519+0000][14852.938s][info][gc,cpu      ] GC(3129) User=0.67s Sys=0.00s Real=0.12s
[2024-05-30T14:42:07.355+0000][14866.774s][info][gc,start    ] GC(3130) Pause Young (Normal) (G1 Evacuation Pause)
[2024-05-30T14:42:07.355+0000][14866.774s][info][gc,task     ] GC(3130) Using 6 workers of 6 for evacuation
[2024-05-30T14:42:07.378+0000][14866.798s][info][gc,phases   ] GC(3130)   Pre Evacuate Collection Set: 0.2ms
[2024-05-30T14:42:07.378+0000][14866.798s][info][gc,phases   ] GC(3130)   Merge Heap Roots: 0.2ms
[2024-05-30T14:42:07.378+0000][14866.798s][info][gc,phases   ] GC(3130)   Evacuate Collection Set: 20.7ms
[2024-05-30T14:42:07.378+0000][14866.798s][info][gc,phases   ] GC(3130)   Post Evacuate Collection Set: 2.1ms
[2024-05-30T14:42:07.378+0000][14866.798s][info][gc,phases   ] GC(3130)   Other: 0.2ms
[2024-05-30T14:42:07.378+0000][14866.798s][info][gc,heap     ] GC(3130) Eden regions: 802->0(798)
[2024-05-30T14:42:07.378+0000][14866.798s][info][gc,heap     ] GC(3130) Survivor regions: 6->9(101)
[2024-05-30T14:42:07.378+0000][14866.798s][info][gc,heap     ] GC(3130) Old regions: 364->364
[2024-05-30T14:42:07.378+0000][14866.798s][info][gc,heap     ] GC(3130) Archive regions: 2->2
[2024-05-30T14:42:07.378+0000][14866.798s][info][gc,heap     ] GC(3130) Humongous regions: 40->40
[2024-05-30T14:42:07.378+0000][14866.798s][info][gc,metaspace] GC(3130) Metaspace: 434939K(440896K)->434939K(440896K) NonClass: 380828K(384064K)->380828K(384064K) Class: 54110K(56832K)->54110K(56832K)
[2024-05-30T14:42:07.378+0000][14866.798s][info][gc          ] GC(3130) Pause Young (Normal) (G1 Evacuation Pause) 9700M->3307M(12288M) 23.460ms
[2024-05-30T14:42:07.378+0000][14866.798s][info][gc,cpu      ] GC(3130) User=0.14s Sys=0.00s Real=0.03s
[2024-05-30T14:42:20.913+0000][14880.332s][info][gc,start    ] GC(3131) Pause Young (Normal) (G1 Evacuation Pause)
[2024-05-30T14:42:20.913+0000][14880.332s][info][gc,task     ] GC(3131) Using 6 workers of 6 for evacuation
[2024-05-30T14:42:20.943+0000][14880.363s][info][gc,phases   ] GC(3131)   Pre Evacuate Collection Set: 0.2ms
[2024-05-30T14:42:20.944+0000][14880.363s][info][gc,phases   ] GC(3131)   Merge Heap Roots: 0.2ms
[2024-05-30T14:42:20.944+0000][14880.363s][info][gc,phases   ] GC(3131)   Evacuate Collection Set: 27.8ms
[2024-05-30T14:42:20.944+0000][14880.363s][info][gc,phases   ] GC(3131)   Post Evacuate Collection Set: 2.2ms
[2024-05-30T14:42:20.944+0000][14880.363s][info][gc,phases   ] GC(3131)   Other: 0.2ms
[2024-05-30T14:42:20.944+0000][14880.363s][info][gc,heap     ] GC(3131) Eden regions: 798->0(795)
[2024-05-30T14:42:20.944+0000][14880.363s][info][gc,heap     ] GC(3131) Survivor regions: 9->12(101)
[2024-05-30T14:42:20.944+0000][14880.363s][info][gc,heap     ] GC(3131) Old regions: 364->364
[2024-05-30T14:42:20.944+0000][14880.363s][info][gc,heap     ] GC(3131) Archive regions: 2->2
[2024-05-30T14:42:20.944+0000][14880.363s][info][gc,heap     ] GC(3131) Humongous regions: 40->40
[2024-05-30T14:42:20.944+0000][14880.363s][info][gc,metaspace] GC(3131) Metaspace: 434940K(440896K)->434940K(440896K) NonClass: 380829K(384064K)->380829K(384064K) Class: 54110K(56832K)->54110K(56832K)
[2024-05-30T14:42:20.944+0000][14880.363s][info][gc          ] GC(3131) Pause Young (Normal) (G1 Evacuation Pause) 9691M->3332M(12288M) 30.604ms
[2024-05-30T14:42:20.944+0000][14880.363s][info][gc,cpu      ] GC(3131) User=0.18s Sys=0.00s Real=0.03s
[2024-05-30T14:42:33.262+0000][14892.682s][info][gc,start    ] GC(3132) Pause Young (Concurrent Start) (G1 Humongous Allocation)
[2024-05-30T14:42:33.262+0000][14892.682s][info][gc,task     ] GC(3132) Using 6 workers of 6 for evacuation
[2024-05-30T14:42:33.306+0000][14892.725s][info][gc,phases   ] GC(3132)   Pre Evacuate Collection Set: 0.6ms
[2024-05-30T14:42:33.306+0000][14892.725s][info][gc,phases   ] GC(3132)   Merge Heap Roots: 0.2ms
[2024-05-30T14:42:33.306+0000][14892.725s][info][gc,phases   ] GC(3132)   Evacuate Collection Set: 40.0ms
[2024-05-30T14:42:33.306+0000][14892.725s][info][gc,phases   ] GC(3132)   Post Evacuate Collection Set: 2.2ms
[2024-05-30T14:42:33.306+0000][14892.725s][info][gc,phases   ] GC(3132)   Other: 0.3ms
[2024-05-30T14:42:33.306+0000][14892.725s][info][gc,heap     ] GC(3132) Eden regions: 729->0(786)
[2024-05-30T14:42:33.306+0000][14892.725s][info][gc,heap     ] GC(3132) Survivor regions: 12->18(101)
[2024-05-30T14:42:33.306+0000][14892.725s][info][gc,heap     ] GC(3132) Old regions: 364->364
[2024-05-30T14:42:33.306+0000][14892.725s][info][gc,heap     ] GC(3132) Archive regions: 2->2
[2024-05-30T14:42:33.306+0000][14892.725s][info][gc,heap     ] GC(3132) Humongous regions: 40->40
[2024-05-30T14:42:33.306+0000][14892.725s][info][gc,metaspace] GC(3132) Metaspace: 434940K(440896K)->434940K(440896K) NonClass: 380829K(384064K)->380829K(384064K) Class: 54110K(56832K)->54110K(56832K)
[2024-05-30T14:42:33.306+0000][14892.725s][info][gc          ] GC(3132) Pause Young (Concurrent Start) (G1 Humongous Allocation) 9160M->3377M(12288M) 43.450ms
[2024-05-30T14:42:33.306+0000][14892.725s][info][gc,cpu      ] GC(3132) User=0.26s Sys=0.00s Real=0.04s
[2024-05-30T14:42:33.306+0000][14892.725s][info][gc          ] GC(3133) Concurrent Mark Cycle
[2024-05-30T14:42:33.306+0000][14892.725s][info][gc,marking  ] GC(3133) Concurrent Clear Claimed Marks
[2024-05-30T14:42:33.306+0000][14892.726s][info][gc,marking  ] GC(3133) Concurrent Clear Claimed Marks 0.405ms
[2024-05-30T14:42:33.306+0000][14892.726s][info][gc,marking  ] GC(3133) Concurrent Scan Root Regions
[2024-05-30T14:42:33.371+0000][14892.790s][info][gc,marking  ] GC(3133) Concurrent Scan Root Regions 64.717ms
[2024-05-30T14:42:33.371+0000][14892.790s][info][gc,marking  ] GC(3133) Concurrent Mark
[2024-05-30T14:42:33.371+0000][14892.790s][info][gc,marking  ] GC(3133) Concurrent Mark From Roots
[2024-05-30T14:42:33.371+0000][14892.790s][info][gc,task     ] GC(3133) Using 2 workers of 2 for marking
[2024-05-30T14:42:35.513+0000][14894.932s][info][gc,marking  ] GC(3133) Concurrent Mark From Roots 2141.602ms
[2024-05-30T14:42:35.513+0000][14894.932s][info][gc,marking  ] GC(3133) Concurrent Preclean
[2024-05-30T14:42:35.514+0000][14894.933s][info][gc,marking  ] GC(3133) Concurrent Preclean 1.357ms
[2024-05-30T14:42:35.514+0000][14894.933s][info][gc,start    ] GC(3133) Pause Remark
[2024-05-30T14:42:35.539+0000][14894.958s][info][gc          ] GC(3133) Pause Remark 4590M->4590M(12288M) 24.527ms
[2024-05-30T14:42:35.539+0000][14894.958s][info][gc,cpu      ] GC(3133) User=0.10s Sys=0.00s Real=0.03s
[2024-05-30T14:42:35.539+0000][14894.958s][info][gc,marking  ] GC(3133) Concurrent Mark 2167.899ms
[2024-05-30T14:42:35.539+0000][14894.958s][info][gc,marking  ] GC(3133) Concurrent Rebuild Remembered Sets
[2024-05-30T14:42:36.724+0000][14896.143s][info][gc,marking  ] GC(3133) Concurrent Rebuild Remembered Sets 1184.723ms
[2024-05-30T14:42:36.724+0000][14896.143s][info][gc,start    ] GC(3133) Pause Cleanup
[2024-05-30T14:42:36.725+0000][14896.144s][info][gc          ] GC(3133) Pause Cleanup 5093M->5093M(12288M) 0.622ms
[2024-05-30T14:42:36.725+0000][14896.144s][info][gc,cpu      ] GC(3133) User=0.00s Sys=0.00s Real=0.00s
[2024-05-30T14:42:36.725+0000][14896.144s][info][gc,marking  ] GC(3133) Concurrent Cleanup for Next Mark
[2024-05-30T14:42:36.742+0000][14896.162s][info][gc,marking  ] GC(3133) Concurrent Cleanup for Next Mark 17.603ms
[2024-05-30T14:42:36.742+0000][14896.162s][info][gc          ] GC(3133) Concurrent Mark Cycle 3436.477ms
[2024-05-30T14:42:46.492+0000][14905.911s][info][gc,start    ] GC(3134) Pause Young (Prepare Mixed) (G1 Evacuation Pause)
[2024-05-30T14:42:46.492+0000][14905.911s][info][gc,task     ] GC(3134) Using 6 workers of 6 for evacuation
[2024-05-30T14:42:46.542+0000][14905.961s][info][gc,phases   ] GC(3134)   Pre Evacuate Collection Set: 0.2ms
[2024-05-30T14:42:46.542+0000][14905.961s][info][gc,phases   ] GC(3134)   Merge Heap Roots: 0.4ms
[2024-05-30T14:42:46.542+0000][14905.961s][info][gc,phases   ] GC(3134)   Evacuate Collection Set: 47.1ms
[2024-05-30T14:42:46.542+0000][14905.961s][info][gc,phases   ] GC(3134)   Post Evacuate Collection Set: 2.4ms
[2024-05-30T14:42:46.542+0000][14905.961s][info][gc,phases   ] GC(3134)   Other: 0.2ms
[2024-05-30T14:42:46.542+0000][14905.961s][info][gc,heap     ] GC(3134) Eden regions: 786->0(56)
[2024-05-30T14:42:46.542+0000][14905.961s][info][gc,heap     ] GC(3134) Survivor regions: 18->20(101)
[2024-05-30T14:42:46.542+0000][14905.961s][info][gc,heap     ] GC(3134) Old regions: 364->364
[2024-05-30T14:42:46.542+0000][14905.961s][info][gc,heap     ] GC(3134) Archive regions: 2->2
[2024-05-30T14:42:46.542+0000][14905.961s][info][gc,heap     ] GC(3134) Humongous regions: 41->41
[2024-05-30T14:42:46.542+0000][14905.961s][info][gc,metaspace] GC(3134) Metaspace: 434940K(440896K)->434940K(440896K) NonClass: 380829K(384064K)->380829K(384064K) Class: 54110K(56832K)->54110K(56832K)
[2024-05-30T14:42:46.542+0000][14905.961s][info][gc          ] GC(3134) Pause Young (Prepare Mixed) (G1 Evacuation Pause) 9673M->3400M(12288M) 50.288ms
[2024-05-30T14:42:46.542+0000][14905.961s][info][gc,cpu      ] GC(3134) User=0.30s Sys=0.00s Real=0.05s
[2024-05-30T14:42:47.439+0000][14906.858s][info][gc,start    ] GC(3135) Pause Young (Mixed) (G1 Evacuation Pause)
[2024-05-30T14:42:47.439+0000][14906.858s][info][gc,task     ] GC(3135) Using 6 workers of 6 for evacuation
[2024-05-30T14:42:47.515+0000][14906.934s][info][gc,phases   ] GC(3135)   Pre Evacuate Collection Set: 0.2ms
[2024-05-30T14:42:47.515+0000][14906.934s][info][gc,phases   ] GC(3135)   Merge Heap Roots: 0.3ms
[2024-05-30T14:42:47.515+0000][14906.934s][info][gc,phases   ] GC(3135)   Evacuate Collection Set: 73.8ms
[2024-05-30T14:42:47.515+0000][14906.934s][info][gc,phases   ] GC(3135)   Post Evacuate Collection Set: 1.4ms
[2024-05-30T14:42:47.515+0000][14906.934s][info][gc,phases   ] GC(3135)   Other: 0.2ms
[2024-05-30T14:42:47.515+0000][14906.934s][info][gc,heap     ] GC(3135) Eden regions: 56->0(795)
[2024-05-30T14:42:47.515+0000][14906.934s][info][gc,heap     ] GC(3135) Survivor regions: 20->3(10)
[2024-05-30T14:42:47.515+0000][14906.934s][info][gc,heap     ] GC(3135) Old regions: 364->369
[2024-05-30T14:42:47.515+0000][14906.934s][info][gc,heap     ] GC(3135) Archive regions: 2->2
[2024-05-30T14:42:47.515+0000][14906.934s][info][gc,heap     ] GC(3135) Humongous regions: 41->41
[2024-05-30T14:42:47.515+0000][14906.934s][info][gc,metaspace] GC(3135) Metaspace: 434940K(440896K)->434940K(440896K) NonClass: 380829K(384064K)->380829K(384064K) Class: 54110K(56832K)->54110K(56832K)
[2024-05-30T14:42:47.515+0000][14906.934s][info][gc          ] GC(3135) Pause Young (Mixed) (G1 Evacuation Pause) 3848M->3302M(12288M) 75.899ms
[2024-05-30T14:42:47.515+0000][14906.934s][info][gc,cpu      ] GC(3135) User=0.46s Sys=0.00s Real=0.07s
[2024-05-30T14:43:00.632+0000][14920.051s][info][gc,start    ] GC(3136) Pause Young (Normal) (G1 Evacuation Pause)
[2024-05-30T14:43:00.632+0000][14920.051s][info][gc,task     ] GC(3136) Using 6 workers of 6 for evacuation
[2024-05-30T14:43:00.651+0000][14920.070s][info][gc,phases   ] GC(3136)   Pre Evacuate Collection Set: 0.2ms
[2024-05-30T14:43:00.651+0000][14920.070s][info][gc,phases   ] GC(3136)   Merge Heap Roots: 0.2ms
[2024-05-30T14:43:00.651+0000][14920.070s][info][gc,phases   ] GC(3136)   Evacuate Collection Set: 16.2ms
[2024-05-30T14:43:00.651+0000][14920.070s][info][gc,phases   ] GC(3136)   Post Evacuate Collection Set: 2.3ms
[2024-05-30T14:43:00.651+0000][14920.070s][info][gc,phases   ] GC(3136)   Other: 0.2ms
[2024-05-30T14:43:00.651+0000][14920.070s][info][gc,heap     ] GC(3136) Eden regions: 795->0(792)
[2024-05-30T14:43:00.651+0000][14920.070s][info][gc,heap     ] GC(3136) Survivor regions: 3->6(100)
[2024-05-30T14:43:00.651+0000][14920.070s][info][gc,heap     ] GC(3136) Old regions: 369->369
[2024-05-30T14:43:00.651+0000][14920.070s][info][gc,heap     ] GC(3136) Archive regions: 2->2
[2024-05-30T14:43:00.651+0000][14920.070s][info][gc,heap     ] GC(3136) Humongous regions: 41->41
[2024-05-30T14:43:00.651+0000][14920.070s][info][gc,metaspace] GC(3136) Metaspace: 434940K(440896K)->434940K(440896K) NonClass: 380829K(384064K)->380829K(384064K) Class: 54110K(56832K)->54110K(56832K)
[2024-05-30T14:43:00.651+0000][14920.070s][info][gc          ] GC(3136) Pause Young (Normal) (G1 Evacuation Pause) 9662M->3326M(12288M) 19.129ms
[2024-05-30T14:43:00.651+0000][14920.070s][info][gc,cpu      ] GC(3136) User=0.11s Sys=0.00s Real=0.02s
[2024-05-30T14:43:02.537+0000][14921.956s][info][gc,start    ] GC(3137) Pause Young (Concurrent Start) (G1 Humongous Allocation)
[2024-05-30T14:43:02.537+0000][14921.956s][info][gc,task     ] GC(3137) Using 6 workers of 6 for evacuation
[2024-05-30T14:43:02.624+0000][14922.043s][info][gc,phases   ] GC(3137)   Pre Evacuate Collection Set: 0.5ms
[2024-05-30T14:43:02.624+0000][14922.043s][info][gc,phases   ] GC(3137)   Merge Heap Roots: 0.2ms
[2024-05-30T14:43:02.624+0000][14922.043s][info][gc,phases   ] GC(3137)   Evacuate Collection Set: 66.2ms
[2024-05-30T14:43:02.624+0000][14922.043s][info][gc,phases   ] GC(3137)   Post Evacuate Collection Set: 20.1ms
[2024-05-30T14:43:02.624+0000][14922.043s][info][gc,phases   ] GC(3137)   Other: 0.3ms
[2024-05-30T14:43:02.624+0000][14922.043s][info][gc,heap     ] GC(3137) Eden regions: 621->0(785)
[2024-05-30T14:43:02.624+0000][14922.043s][info][gc,heap     ] GC(3137) Survivor regions: 6->12(100)
[2024-05-30T14:43:02.624+0000][14922.043s][info][gc,heap     ] GC(3137) Old regions: 369->369
[2024-05-30T14:43:02.624+0000][14922.043s][info][gc,heap     ] GC(3137) Archive regions: 2->2
[2024-05-30T14:43:02.624+0000][14922.043s][info][gc,heap     ] GC(3137) Humongous regions: 41->41
[2024-05-30T14:43:02.624+0000][14922.043s][info][gc,metaspace] GC(3137) Metaspace: 434940K(440896K)->434940K(440896K) NonClass: 380829K(384064K)->380829K(384064K) Class: 54110K(56832K)->54110K(56832K)
[2024-05-30T14:43:02.624+0000][14922.043s][info][gc          ] GC(3137) Pause Young (Concurrent Start) (G1 Humongous Allocation) 8290M->3372M(12288M) 87.363ms
[2024-05-30T14:43:02.624+0000][14922.043s][info][gc,cpu      ] GC(3137) User=0.51s Sys=0.00s Real=0.08s
[2024-05-30T14:43:02.624+0000][14922.043s][info][gc          ] GC(3138) Concurrent Mark Cycle
[2024-05-30T14:43:02.624+0000][14922.043s][info][gc,marking  ] GC(3138) Concurrent Clear Claimed Marks
[2024-05-30T14:43:02.625+0000][14922.044s][info][gc,marking  ] GC(3138) Concurrent Clear Claimed Marks 0.433ms
[2024-05-30T14:43:02.625+0000][14922.044s][info][gc,marking  ] GC(3138) Concurrent Scan Root Regions
[2024-05-30T14:43:02.671+0000][14922.090s][info][gc,marking  ] GC(3138) Concurrent Scan Root Regions 46.143ms
[2024-05-30T14:43:02.671+0000][14922.090s][info][gc,marking  ] GC(3138) Concurrent Mark
[2024-05-30T14:43:02.671+0000][14922.090s][info][gc,marking  ] GC(3138) Concurrent Mark From Roots
[2024-05-30T14:43:02.671+0000][14922.090s][info][gc,task     ] GC(3138) Using 2 workers of 2 for marking
[2024-05-30T14:43:05.230+0000][14924.650s][info][gc,marking  ] GC(3138) Concurrent Mark From Roots 2559.434ms
[2024-05-30T14:43:05.230+0000][14924.650s][info][gc,marking  ] GC(3138) Concurrent Preclean
[2024-05-30T14:43:05.232+0000][14924.651s][info][gc,marking  ] GC(3138) Concurrent Preclean 1.424ms
[2024-05-30T14:43:05.232+0000][14924.651s][info][gc,start    ] GC(3138) Pause Remark
[2024-05-30T14:43:05.258+0000][14924.678s][info][gc          ] GC(3138) Pause Remark 8232M->8224M(12288M) 26.442ms
[2024-05-30T14:43:05.258+0000][14924.678s][info][gc,cpu      ] GC(3138) User=0.12s Sys=0.00s Real=0.03s
[2024-05-30T14:43:05.258+0000][14924.678s][info][gc,marking  ] GC(3138) Concurrent Mark 2587.655ms
[2024-05-30T14:43:05.259+0000][14924.678s][info][gc,marking  ] GC(3138) Concurrent Rebuild Remembered Sets
[2024-05-30T14:43:05.892+0000][14925.311s][info][gc,start    ] GC(3139) Pause Young (Normal) (G1 Evacuation Pause)
[2024-05-30T14:43:05.892+0000][14925.311s][info][gc,task     ] GC(3139) Using 6 workers of 6 for evacuation
[2024-05-30T14:43:06.000+0000][14925.420s][info][gc,phases   ] GC(3139)   Pre Evacuate Collection Set: 0.2ms
[2024-05-30T14:43:06.000+0000][14925.420s][info][gc,phases   ] GC(3139)   Merge Heap Roots: 1.0ms
[2024-05-30T14:43:06.000+0000][14925.420s][info][gc,phases   ] GC(3139)   Evacuate Collection Set: 85.0ms
[2024-05-30T14:43:06.000+0000][14925.420s][info][gc,phases   ] GC(3139)   Post Evacuate Collection Set: 21.9ms
[2024-05-30T14:43:06.000+0000][14925.420s][info][gc,phases   ] GC(3139)   Other: 0.2ms
[2024-05-30T14:43:06.000+0000][14925.420s][info][gc,heap     ] GC(3139) Eden regions: 785->0(781)
[2024-05-30T14:43:06.000+0000][14925.420s][info][gc,heap     ] GC(3139) Survivor regions: 12->16(100)
[2024-05-30T14:43:06.000+0000][14925.420s][info][gc,heap     ] GC(3139) Old regions: 369->369
[2024-05-30T14:43:06.000+0000][14925.420s][info][gc,heap     ] GC(3139) Archive regions: 2->2
[2024-05-30T14:43:06.000+0000][14925.420s][info][gc,heap     ] GC(3139) Humongous regions: 41->41
[2024-05-30T14:43:06.000+0000][14925.420s][info][gc,metaspace] GC(3139) Metaspace: 434940K(440896K)->434940K(440896K) NonClass: 380829K(384064K)->380829K(384064K) Class: 54110K(56832K)->54110K(56832K)
[2024-05-30T14:43:06.000+0000][14925.420s][info][gc          ] GC(3139) Pause Young (Normal) (G1 Evacuation Pause) 9652M->3400M(12288M) 108.342ms
[2024-05-30T14:43:06.001+0000][14925.420s][info][gc,cpu      ] GC(3139) User=0.62s Sys=0.00s Real=0.11s
[2024-05-30T14:43:06.606+0000][14926.026s][info][gc,marking  ] GC(3138) Concurrent Rebuild Remembered Sets 1347.891ms
[2024-05-30T14:43:06.607+0000][14926.026s][info][gc,start    ] GC(3138) Pause Cleanup
[2024-05-30T14:43:06.607+0000][14926.026s][info][gc          ] GC(3138) Pause Cleanup 4684M->4684M(12288M) 0.589ms
[2024-05-30T14:43:06.607+0000][14926.026s][info][gc,cpu      ] GC(3138) User=0.00s Sys=0.00s Real=0.00s
[2024-05-30T14:43:06.607+0000][14926.027s][info][gc,marking  ] GC(3138) Concurrent Cleanup for Next Mark
[2024-05-30T14:43:06.624+0000][14926.043s][info][gc,marking  ] GC(3138) Concurrent Cleanup for Next Mark 16.932ms
[2024-05-30T14:43:06.624+0000][14926.043s][info][gc          ] GC(3138) Concurrent Mark Cycle 4000.079ms
[2024-05-30T14:43:08.719+0000][14928.138s][info][gc,start    ] GC(3140) Pause Young (Prepare Mixed) (G1 Evacuation Pause)
[2024-05-30T14:43:08.719+0000][14928.138s][info][gc,task     ] GC(3140) Using 6 workers of 6 for evacuation
[2024-05-30T14:43:08.830+0000][14928.249s][info][gc,phases   ] GC(3140)   Pre Evacuate Collection Set: 0.2ms
[2024-05-30T14:43:08.830+0000][14928.249s][info][gc,phases   ] GC(3140)   Merge Heap Roots: 0.6ms
[2024-05-30T14:43:08.830+0000][14928.249s][info][gc,phases   ] GC(3140)   Evacuate Collection Set: 92.7ms
[2024-05-30T14:43:08.830+0000][14928.249s][info][gc,phases   ] GC(3140)   Post Evacuate Collection Set: 17.9ms
[2024-05-30T14:43:08.830+0000][14928.249s][info][gc,phases   ] GC(3140)   Other: 0.2ms
[2024-05-30T14:43:08.830+0000][14928.249s][info][gc,heap     ] GC(3140) Eden regions: 781->0(57)
[2024-05-30T14:43:08.830+0000][14928.250s][info][gc,heap     ] GC(3140) Survivor regions: 16->19(100)
[2024-05-30T14:43:08.830+0000][14928.250s][info][gc,heap     ] GC(3140) Old regions: 369->369
[2024-05-30T14:43:08.830+0000][14928.250s][info][gc,heap     ] GC(3140) Archive regions: 2->2
[2024-05-30T14:43:08.830+0000][14928.250s][info][gc,heap     ] GC(3140) Humongous regions: 41->41
[2024-05-30T14:43:08.830+0000][14928.250s][info][gc,metaspace] GC(3140) Metaspace: 434940K(440896K)->434940K(440896K) NonClass: 380829K(384064K)->380829K(384064K) Class: 54110K(56832K)->54110K(56832K)
[2024-05-30T14:43:08.830+0000][14928.250s][info][gc          ] GC(3140) Pause Young (Prepare Mixed) (G1 Evacuation Pause) 9648M->3430M(12288M) 111.622ms
[2024-05-30T14:43:08.830+0000][14928.250s][info][gc,cpu      ] GC(3140) User=0.65s Sys=0.01s Real=0.11s
[2024-05-30T14:43:08.989+0000][14928.408s][info][gc,start    ] GC(3141) Pause Young (Mixed) (G1 Evacuation Pause)
[2024-05-30T14:43:08.989+0000][14928.408s][info][gc,task     ] GC(3141) Using 6 workers of 6 for evacuation
[2024-05-30T14:43:09.091+0000][14928.510s][info][gc,phases   ] GC(3141)   Pre Evacuate Collection Set: 0.2ms
[2024-05-30T14:43:09.091+0000][14928.510s][info][gc,phases   ] GC(3141)   Merge Heap Roots: 0.5ms
[2024-05-30T14:43:09.091+0000][14928.510s][info][gc,phases   ] GC(3141)   Evacuate Collection Set: 98.5ms
[2024-05-30T14:43:09.091+0000][14928.510s][info][gc,phases   ] GC(3141)   Post Evacuate Collection Set: 2.3ms
[2024-05-30T14:43:09.091+0000][14928.510s][info][gc,phases   ] GC(3141)   Other: 0.2ms
[2024-05-30T14:43:09.091+0000][14928.510s][info][gc,heap     ] GC(3141) Eden regions: 57->0(789)
[2024-05-30T14:43:09.091+0000][14928.510s][info][gc,heap     ] GC(3141) Survivor regions: 19->6(10)
[2024-05-30T14:43:09.091+0000][14928.510s][info][gc,heap     ] GC(3141) Old regions: 369->372
[2024-05-30T14:43:09.091+0000][14928.510s][info][gc,heap     ] GC(3141) Archive regions: 2->2
[2024-05-30T14:43:09.091+0000][14928.510s][info][gc,heap     ] GC(3141) Humongous regions: 41->41
[2024-05-30T14:43:09.091+0000][14928.510s][info][gc,metaspace] GC(3141) Metaspace: 434940K(440896K)->434940K(440896K) NonClass: 380829K(384064K)->380829K(384064K) Class: 54110K(56832K)->54110K(56832K)
[2024-05-30T14:43:09.091+0000][14928.510s][info][gc          ] GC(3141) Pause Young (Mixed) (G1 Evacuation Pause) 3886M->3353M(12288M) 101.709ms
[2024-05-30T14:43:09.091+0000][14928.510s][info][gc,cpu      ] GC(3141) User=0.60s Sys=0.01s Real=0.10s
[2024-05-30T14:43:11.234+0000][14930.653s][info][gc,start    ] GC(3142) Pause Young (Normal) (G1 Evacuation Pause)
[2024-05-30T14:43:11.234+0000][14930.653s][info][gc,task     ] GC(3142) Using 6 workers of 6 for evacuation
[2024-05-30T14:43:11.315+0000][14930.734s][info][gc,phases   ] GC(3142)   Pre Evacuate Collection Set: 0.2ms
[2024-05-30T14:43:11.315+0000][14930.734s][info][gc,phases   ] GC(3142)   Merge Heap Roots: 0.5ms
[2024-05-30T14:43:11.315+0000][14930.734s][info][gc,phases   ] GC(3142)   Evacuate Collection Set: 66.3ms
[2024-05-30T14:43:11.315+0000][14930.734s][info][gc,phases   ] GC(3142)   Post Evacuate Collection Set: 13.6ms
[2024-05-30T14:43:11.315+0000][14930.734s][info][gc,phases   ] GC(3142)   Other: 0.2ms
[2024-05-30T14:43:11.315+0000][14930.734s][info][gc,heap     ] GC(3142) Eden regions: 789->0(784)
[2024-05-30T14:43:11.315+0000][14930.734s][info][gc,heap     ] GC(3142) Survivor regions: 6->11(100)
[2024-05-30T14:43:11.315+0000][14930.734s][info][gc,heap     ] GC(3142) Old regions: 372->372
[2024-05-30T14:43:11.315+0000][14930.734s][info][gc,heap     ] GC(3142) Archive regions: 2->2
[2024-05-30T14:43:11.315+0000][14930.734s][info][gc,heap     ] GC(3142) Humongous regions: 41->41
[2024-05-30T14:43:11.315+0000][14930.734s][info][gc,metaspace] GC(3142) Metaspace: 434940K(440896K)->434940K(440896K) NonClass: 380829K(384064K)->380829K(384064K) Class: 54110K(56832K)->54110K(56832K)
[2024-05-30T14:43:11.315+0000][14930.734s][info][gc          ] GC(3142) Pause Young (Normal) (G1 Evacuation Pause) 9665M->3387M(12288M) 80.902ms
[2024-05-30T14:43:11.315+0000][14930.734s][info][gc,cpu      ] GC(3142) User=0.47s Sys=0.00s Real=0.08s
[2024-05-30T14:43:20.312+0000][14939.732s][info][gc,start    ] GC(3143) Pause Young (Normal) (G1 Evacuation Pause)
[2024-05-30T14:43:20.312+0000][14939.732s][info][gc,task     ] GC(3143) Using 6 workers of 6 for evacuation
[2024-05-30T14:43:20.363+0000][14939.783s][info][gc,phases   ] GC(3143)   Pre Evacuate Collection Set: 0.2ms
[2024-05-30T14:43:20.363+0000][14939.783s][info][gc,phases   ] GC(3143)   Merge Heap Roots: 0.3ms
[2024-05-30T14:43:20.363+0000][14939.783s][info][gc,phases   ] GC(3143)   Evacuate Collection Set: 45.9ms
[2024-05-30T14:43:20.363+0000][14939.783s][info][gc,phases   ] GC(3143)   Post Evacuate Collection Set: 4.4ms
[2024-05-30T14:43:20.363+0000][14939.783s][info][gc,phases   ] GC(3143)   Other: 0.2ms
[2024-05-30T14:43:20.363+0000][14939.783s][info][gc,heap     ] GC(3143) Eden regions: 784->0(783)
[2024-05-30T14:43:20.363+0000][14939.783s][info][gc,heap     ] GC(3143) Survivor regions: 11->13(100)
[2024-05-30T14:43:20.363+0000][14939.783s][info][gc,heap     ] GC(3143) Old regions: 372->372
[2024-05-30T14:43:20.363+0000][14939.783s][info][gc,heap     ] GC(3143) Archive regions: 2->2
[2024-05-30T14:43:20.363+0000][14939.783s][info][gc,heap     ] GC(3143) Humongous regions: 41->41
[2024-05-30T14:43:20.363+0000][14939.783s][info][gc,metaspace] GC(3143) Metaspace: 434940K(440896K)->434940K(440896K) NonClass: 380829K(384064K)->380829K(384064K) Class: 54110K(56832K)->54110K(56832K)
[2024-05-30T14:43:20.363+0000][14939.783s][info][gc          ] GC(3143) Pause Young (Normal) (G1 Evacuation Pause) 9659M->3409M(12288M) 51.105ms
[2024-05-30T14:43:20.363+0000][14939.783s][info][gc,cpu      ] GC(3143) User=0.29s Sys=0.01s Real=0.05s
[2024-05-30T14:43:33.879+0000][14953.298s][info][gc,start    ] GC(3144) Pause Young (Concurrent Start) (G1 Evacuation Pause)
[2024-05-30T14:43:33.879+0000][14953.298s][info][gc,task     ] GC(3144) Using 6 workers of 6 for evacuation
[2024-05-30T14:43:33.932+0000][14953.351s][info][gc,phases   ] GC(3144)   Pre Evacuate Collection Set: 0.5ms
[2024-05-30T14:43:33.932+0000][14953.351s][info][gc,phases   ] GC(3144)   Merge Heap Roots: 0.3ms
[2024-05-30T14:43:33.932+0000][14953.351s][info][gc,phases   ] GC(3144)   Evacuate Collection Set: 49.5ms
[2024-05-30T14:43:33.932+0000][14953.351s][info][gc,phases   ] GC(3144)   Post Evacuate Collection Set: 2.3ms
[2024-05-30T14:43:33.932+0000][14953.351s][info][gc,phases   ] GC(3144)   Other: 0.3ms
[2024-05-30T14:43:33.932+0000][14953.351s][info][gc,heap     ] GC(3144) Eden regions: 783->0(778)
[2024-05-30T14:43:33.932+0000][14953.351s][info][gc,heap     ] GC(3144) Survivor regions: 13->17(100)
[2024-05-30T14:43:33.932+0000][14953.351s][info][gc,heap     ] GC(3144) Old regions: 372->372
[2024-05-30T14:43:33.932+0000][14953.351s][info][gc,heap     ] GC(3144) Archive regions: 2->2
[2024-05-30T14:43:33.932+0000][14953.351s][info][gc,heap     ] GC(3144) Humongous regions: 41->41
[2024-05-30T14:43:33.932+0000][14953.351s][info][gc,metaspace] GC(3144) Metaspace: 434940K(440896K)->434940K(440896K) NonClass: 380829K(384064K)->380829K(384064K) Class: 54110K(56832K)->54110K(56832K)
[2024-05-30T14:43:33.932+0000][14953.351s][info][gc          ] GC(3144) Pause Young (Concurrent Start) (G1 Evacuation Pause) 9673M->3441M(12288M) 53.010ms
[2024-05-30T14:43:33.932+0000][14953.352s][info][gc,cpu      ] GC(3144) User=0.31s Sys=0.00s Real=0.05s
[2024-05-30T14:43:33.932+0000][14953.352s][info][gc          ] GC(3145) Concurrent Mark Cycle
[2024-05-30T14:43:33.932+0000][14953.352s][info][gc,marking  ] GC(3145) Concurrent Clear Claimed Marks
[2024-05-30T14:43:33.933+0000][14953.352s][info][gc,marking  ] GC(3145) Concurrent Clear Claimed Marks 0.422ms
[2024-05-30T14:43:33.933+0000][14953.352s][info][gc,marking  ] GC(3145) Concurrent Scan Root Regions
[2024-05-30T14:43:33.967+0000][14953.386s][info][gc,marking  ] GC(3145) Concurrent Scan Root Regions 34.169ms
[2024-05-30T14:43:33.967+0000][14953.386s][info][gc,marking  ] GC(3145) Concurrent Mark
[2024-05-30T14:43:33.967+0000][14953.386s][info][gc,marking  ] GC(3145) Concurrent Mark From Roots
[2024-05-30T14:43:33.967+0000][14953.386s][info][gc,task     ] GC(3145) Using 2 workers of 2 for marking
[2024-05-30T14:43:35.906+0000][14955.325s][info][gc,marking  ] GC(3145) Concurrent Mark From Roots 1938.734ms
[2024-05-30T14:43:35.906+0000][14955.325s][info][gc,marking  ] GC(3145) Concurrent Preclean
[2024-05-30T14:43:35.907+0000][14955.326s][info][gc,marking  ] GC(3145) Concurrent Preclean 1.440ms
[2024-05-30T14:43:35.907+0000][14955.327s][info][gc,start    ] GC(3145) Pause Remark
[2024-05-30T14:43:35.932+0000][14955.351s][info][gc          ] GC(3145) Pause Remark 4277M->4256M(12288M) 24.317ms
[2024-05-30T14:43:35.932+0000][14955.351s][info][gc,cpu      ] GC(3145) User=0.10s Sys=0.01s Real=0.03s
[2024-05-30T14:43:35.932+0000][14955.351s][info][gc,marking  ] GC(3145) Concurrent Mark 1964.838ms
[2024-05-30T14:43:35.932+0000][14955.351s][info][gc,marking  ] GC(3145) Concurrent Rebuild Remembered Sets
[2024-05-30T14:43:36.930+0000][14956.349s][info][gc,marking  ] GC(3145) Concurrent Rebuild Remembered Sets 997.660ms
[2024-05-30T14:43:36.930+0000][14956.349s][info][gc,start    ] GC(3145) Pause Cleanup
[2024-05-30T14:43:36.930+0000][14956.350s][info][gc          ] GC(3145) Pause Cleanup 4688M->4688M(12288M) 0.642ms
[2024-05-30T14:43:36.930+0000][14956.350s][info][gc,cpu      ] GC(3145) User=0.00s Sys=0.00s Real=0.00s
[2024-05-30T14:43:36.930+0000][14956.350s][info][gc,marking  ] GC(3145) Concurrent Cleanup for Next Mark
[2024-05-30T14:43:36.947+0000][14956.366s][info][gc,marking  ] GC(3145) Concurrent Cleanup for Next Mark 16.187ms
[2024-05-30T14:43:36.947+0000][14956.366s][info][gc          ] GC(3145) Concurrent Mark Cycle 3014.340ms
[2024-05-30T14:43:47.315+0000][14966.735s][info][gc,start    ] GC(3146) Pause Young (Prepare Mixed) (G1 Evacuation Pause)
[2024-05-30T14:43:47.316+0000][14966.735s][info][gc,task     ] GC(3146) Using 6 workers of 6 for evacuation
[2024-05-30T14:43:47.385+0000][14966.804s][info][gc,phases   ] GC(3146)   Pre Evacuate Collection Set: 0.2ms
[2024-05-30T14:43:47.385+0000][14966.804s][info][gc,phases   ] GC(3146)   Merge Heap Roots: 0.4ms
[2024-05-30T14:43:47.385+0000][14966.804s][info][gc,phases   ] GC(3146)   Evacuate Collection Set: 65.9ms
[2024-05-30T14:43:47.385+0000][14966.804s][info][gc,phases   ] GC(3146)   Post Evacuate Collection Set: 2.5ms
[2024-05-30T14:43:47.385+0000][14966.804s][info][gc,phases   ] GC(3146)   Other: 0.2ms
[2024-05-30T14:43:47.385+0000][14966.804s][info][gc,heap     ] GC(3146) Eden regions: 778->0(54)
[2024-05-30T14:43:47.385+0000][14966.804s][info][gc,heap     ] GC(3146) Survivor regions: 17->22(100)
[2024-05-30T14:43:47.385+0000][14966.804s][info][gc,heap     ] GC(3146) Old regions: 369->369
[2024-05-30T14:43:47.385+0000][14966.804s][info][gc,heap     ] GC(3146) Archive regions: 2->2
[2024-05-30T14:43:47.385+0000][14966.804s][info][gc,heap     ] GC(3146) Humongous regions: 41->41
[2024-05-30T14:43:47.385+0000][14966.804s][info][gc,metaspace] GC(3146) Metaspace: 434942K(440896K)->434942K(440896K) NonClass: 380832K(384064K)->380832K(384064K) Class: 54110K(56832K)->54110K(56832K)
[2024-05-30T14:43:47.385+0000][14966.804s][info][gc          ] GC(3146) Pause Young (Prepare Mixed) (G1 Evacuation Pause) 9644M->3456M(12288M) 69.158ms
[2024-05-30T14:43:47.385+0000][14966.804s][info][gc,cpu      ] GC(3146) User=0.40s Sys=0.00s Real=0.07s
[2024-05-30T14:43:48.291+0000][14967.710s][info][gc,start    ] GC(3147) Pause Young (Mixed) (G1 Evacuation Pause)
[2024-05-30T14:43:48.291+0000][14967.710s][info][gc,task     ] GC(3147) Using 6 workers of 6 for evacuation
[2024-05-30T14:43:48.358+0000][14967.777s][info][gc,phases   ] GC(3147)   Pre Evacuate Collection Set: 0.2ms
[2024-05-30T14:43:48.358+0000][14967.777s][info][gc,phases   ] GC(3147)   Merge Heap Roots: 0.3ms
[2024-05-30T14:43:48.358+0000][14967.777s][info][gc,phases   ] GC(3147)   Evacuate Collection Set: 65.2ms
[2024-05-30T14:43:48.358+0000][14967.777s][info][gc,phases   ] GC(3147)   Post Evacuate Collection Set: 1.4ms
[2024-05-30T14:43:48.358+0000][14967.778s][info][gc,phases   ] GC(3147)   Other: 0.2ms
[2024-05-30T14:43:48.358+0000][14967.778s][info][gc,heap     ] GC(3147) Eden regions: 54->0(798)
[2024-05-30T14:43:48.358+0000][14967.778s][info][gc,heap     ] GC(3147) Survivor regions: 22->3(10)
[2024-05-30T14:43:48.358+0000][14967.778s][info][gc,heap     ] GC(3147) Old regions: 369->365
[2024-05-30T14:43:48.358+0000][14967.778s][info][gc,heap     ] GC(3147) Archive regions: 2->2
[2024-05-30T14:43:48.358+0000][14967.778s][info][gc,heap     ] GC(3147) Humongous regions: 41->41
[2024-05-30T14:43:48.358+0000][14967.778s][info][gc,metaspace] GC(3147) Metaspace: 434942K(440896K)->434942K(440896K) NonClass: 380832K(384064K)->380832K(384064K) Class: 54110K(56832K)->54110K(56832K)
[2024-05-30T14:43:48.358+0000][14967.778s][info][gc          ] GC(3147) Pause Young (Mixed) (G1 Evacuation Pause) 3888M->3270M(12288M) 67.377ms
[2024-05-30T14:43:48.358+0000][14967.778s][info][gc,cpu      ] GC(3147) User=0.40s Sys=0.00s Real=0.07s
[2024-05-30T14:44:01.403+0000][14980.823s][info][gc,start    ] GC(3148) Pause Young (Normal) (G1 Evacuation Pause)
[2024-05-30T14:44:01.403+0000][14980.823s][info][gc,task     ] GC(3148) Using 6 workers of 6 for evacuation
[2024-05-30T14:44:01.426+0000][14980.845s][info][gc,phases   ] GC(3148)   Pre Evacuate Collection Set: 0.2ms
[2024-05-30T14:44:01.426+0000][14980.845s][info][gc,phases   ] GC(3148)   Merge Heap Roots: 0.3ms
[2024-05-30T14:44:01.426+0000][14980.845s][info][gc,phases   ] GC(3148)   Evacuate Collection Set: 19.4ms
[2024-05-30T14:44:01.426+0000][14980.845s][info][gc,phases   ] GC(3148)   Post Evacuate Collection Set: 2.4ms
[2024-05-30T14:44:01.426+0000][14980.845s][info][gc,phases   ] GC(3148)   Other: 0.2ms
[2024-05-30T14:44:01.426+0000][14980.845s][info][gc,heap     ] GC(3148) Eden regions: 798->0(792)
[2024-05-30T14:44:01.426+0000][14980.845s][info][gc,heap     ] GC(3148) Survivor regions: 3->8(101)
[2024-05-30T14:44:01.426+0000][14980.845s][info][gc,heap     ] GC(3148) Old regions: 365->365
[2024-05-30T14:44:01.426+0000][14980.845s][info][gc,heap     ] GC(3148) Archive regions: 2->2
[2024-05-30T14:44:01.426+0000][14980.845s][info][gc,heap     ] GC(3148) Humongous regions: 41->41
[2024-05-30T14:44:01.426+0000][14980.845s][info][gc,metaspace] GC(3148) Metaspace: 434942K(440896K)->434942K(440896K) NonClass: 380832K(384064K)->380832K(384064K) Class: 54110K(56832K)->54110K(56832K)
[2024-05-30T14:44:01.426+0000][14980.845s][info][gc          ] GC(3148) Pause Young (Normal) (G1 Evacuation Pause) 9654M->3304M(12288M) 22.451ms
[2024-05-30T14:44:01.426+0000][14980.845s][info][gc,cpu      ] GC(3148) User=0.13s Sys=0.00s Real=0.02s
[2024-05-30T14:44:13.420+0000][14992.839s][info][gc,start    ] GC(3149) Pause Young (Normal) (G1 Evacuation Pause)
[2024-05-30T14:44:13.420+0000][14992.839s][info][gc,task     ] GC(3149) Using 6 workers of 6 for evacuation
[2024-05-30T14:44:13.445+0000][14992.864s][info][gc,phases   ] GC(3149)   Pre Evacuate Collection Set: 0.2ms
[2024-05-30T14:44:13.445+0000][14992.864s][info][gc,phases   ] GC(3149)   Merge Heap Roots: 0.3ms
[2024-05-30T14:44:13.445+0000][14992.864s][info][gc,phases   ] GC(3149)   Evacuate Collection Set: 22.1ms
[2024-05-30T14:44:13.445+0000][14992.864s][info][gc,phases   ] GC(3149)   Post Evacuate Collection Set: 2.1ms
[2024-05-30T14:44:13.445+0000][14992.864s][info][gc,phases   ] GC(3149)   Other: 0.2ms
[2024-05-30T14:44:13.445+0000][14992.864s][info][gc,heap     ] GC(3149) Eden regions: 792->0(792)
[2024-05-30T14:44:13.445+0000][14992.864s][info][gc,heap     ] GC(3149) Survivor regions: 8->9(100)
[2024-05-30T14:44:13.445+0000][14992.864s][info][gc,heap     ] GC(3149) Old regions: 365->365
[2024-05-30T14:44:13.445+0000][14992.864s][info][gc,heap     ] GC(3149) Archive regions: 2->2
[2024-05-30T14:44:13.445+0000][14992.864s][info][gc,heap     ] GC(3149) Humongous regions: 41->41
[2024-05-30T14:44:13.445+0000][14992.864s][info][gc,metaspace] GC(3149) Metaspace: 434942K(440896K)->434942K(440896K) NonClass: 380832K(384064K)->380832K(384064K) Class: 54110K(56832K)->54110K(56832K)
[2024-05-30T14:44:13.445+0000][14992.864s][info][gc          ] GC(3149) Pause Young (Normal) (G1 Evacuation Pause) 9640M->3313M(12288M) 24.946ms
[2024-05-30T14:44:13.445+0000][14992.864s][info][gc,cpu      ] GC(3149) User=0.15s Sys=0.00s Real=0.02s
[2024-05-30T14:44:25.536+0000][15004.955s][info][gc,start    ] GC(3150) Pause Young (Concurrent Start) (G1 Evacuation Pause)
[2024-05-30T14:44:25.536+0000][15004.955s][info][gc,task     ] GC(3150) Using 6 workers of 6 for evacuation
[2024-05-30T14:44:25.572+0000][15004.991s][info][gc,phases   ] GC(3150)   Pre Evacuate Collection Set: 0.6ms
[2024-05-30T14:44:25.572+0000][15004.991s][info][gc,phases   ] GC(3150)   Merge Heap Roots: 0.2ms
[2024-05-30T14:44:25.572+0000][15004.991s][info][gc,phases   ] GC(3150)   Evacuate Collection Set: 32.0ms
[2024-05-30T14:44:25.572+0000][15004.991s][info][gc,phases   ] GC(3150)   Post Evacuate Collection Set: 2.3ms
[2024-05-30T14:44:25.572+0000][15004.991s][info][gc,phases   ] GC(3150)   Other: 0.3ms
[2024-05-30T14:44:25.572+0000][15004.991s][info][gc,heap     ] GC(3150) Eden regions: 792->0(789)
[2024-05-30T14:44:25.572+0000][15004.991s][info][gc,heap     ] GC(3150) Survivor regions: 9->12(101)
[2024-05-30T14:44:25.572+0000][15004.991s][info][gc,heap     ] GC(3150) Old regions: 365->365
[2024-05-30T14:44:25.572+0000][15004.991s][info][gc,heap     ] GC(3150) Archive regions: 2->2
[2024-05-30T14:44:25.572+0000][15004.991s][info][gc,heap     ] GC(3150) Humongous regions: 41->41
[2024-05-30T14:44:25.572+0000][15004.991s][info][gc,metaspace] GC(3150) Metaspace: 434942K(440896K)->434942K(440896K) NonClass: 380832K(384064K)->380832K(384064K) Class: 54110K(56832K)->54110K(56832K)
[2024-05-30T14:44:25.572+0000][15004.991s][info][gc          ] GC(3150) Pause Young (Concurrent Start) (G1 Evacuation Pause) 9649M->3338M(12288M) 35.455ms
[2024-05-30T14:44:25.572+0000][15004.991s][info][gc,cpu      ] GC(3150) User=0.21s Sys=0.00s Real=0.04s
[2024-05-30T14:44:25.572+0000][15004.991s][info][gc          ] GC(3151) Concurrent Mark Cycle
[2024-05-30T14:44:25.572+0000][15004.991s][info][gc,marking  ] GC(3151) Concurrent Clear Claimed Marks
[2024-05-30T14:44:25.572+0000][15004.991s][info][gc,marking  ] GC(3151) Concurrent Clear Claimed Marks 0.398ms
[2024-05-30T14:44:25.572+0000][15004.991s][info][gc,marking  ] GC(3151) Concurrent Scan Root Regions
[2024-05-30T14:44:25.598+0000][15005.018s][info][gc,marking  ] GC(3151) Concurrent Scan Root Regions 26.252ms
[2024-05-30T14:44:25.598+0000][15005.018s][info][gc,marking  ] GC(3151) Concurrent Mark
[2024-05-30T14:44:25.598+0000][15005.018s][info][gc,marking  ] GC(3151) Concurrent Mark From Roots
[2024-05-30T14:44:25.598+0000][15005.018s][info][gc,task     ] GC(3151) Using 2 workers of 2 for marking
[2024-05-30T14:44:27.567+0000][15006.987s][info][gc,marking  ] GC(3151) Concurrent Mark From Roots 1968.842ms
[2024-05-30T14:44:27.567+0000][15006.987s][info][gc,marking  ] GC(3151) Concurrent Preclean
[2024-05-30T14:44:27.569+0000][15006.988s][info][gc,marking  ] GC(3151) Concurrent Preclean 1.793ms
[2024-05-30T14:44:27.569+0000][15006.989s][info][gc,start    ] GC(3151) Pause Remark
[2024-05-30T14:44:27.594+0000][15007.013s][info][gc          ] GC(3151) Pause Remark 4226M->4226M(12288M) 24.532ms
[2024-05-30T14:44:27.594+0000][15007.013s][info][gc,cpu      ] GC(3151) User=0.10s Sys=0.00s Real=0.02s
[2024-05-30T14:44:27.594+0000][15007.013s][info][gc,marking  ] GC(3151) Concurrent Mark 1995.521ms
[2024-05-30T14:44:27.594+0000][15007.013s][info][gc,marking  ] GC(3151) Concurrent Rebuild Remembered Sets
[2024-05-30T14:44:28.693+0000][15008.112s][info][gc,marking  ] GC(3151) Concurrent Rebuild Remembered Sets 1098.934ms
[2024-05-30T14:44:28.693+0000][15008.112s][info][gc,start    ] GC(3151) Pause Cleanup
[2024-05-30T14:44:28.694+0000][15008.113s][info][gc          ] GC(3151) Pause Cleanup 4758M->4758M(12288M) 0.678ms
[2024-05-30T14:44:28.694+0000][15008.113s][info][gc,cpu      ] GC(3151) User=0.00s Sys=0.00s Real=0.00s
[2024-05-30T14:44:28.694+0000][15008.113s][info][gc,marking  ] GC(3151) Concurrent Cleanup for Next Mark
[2024-05-30T14:44:28.710+0000][15008.130s][info][gc,marking  ] GC(3151) Concurrent Cleanup for Next Mark 16.509ms
[2024-05-30T14:44:28.710+0000][15008.130s][info][gc          ] GC(3151) Concurrent Mark Cycle 3138.697ms
[2024-05-30T14:44:38.819+0000][15018.238s][info][gc,start    ] GC(3152) Pause Young (Prepare Mixed) (G1 Evacuation Pause)
[2024-05-30T14:44:38.819+0000][15018.238s][info][gc,task     ] GC(3152) Using 6 workers of 6 for evacuation
[2024-05-30T14:44:38.857+0000][15018.276s][info][gc,phases   ] GC(3152)   Pre Evacuate Collection Set: 0.2ms
[2024-05-30T14:44:38.857+0000][15018.276s][info][gc,phases   ] GC(3152)   Merge Heap Roots: 0.4ms
[2024-05-30T14:44:38.857+0000][15018.276s][info][gc,phases   ] GC(3152)   Evacuate Collection Set: 34.8ms
[2024-05-30T14:44:38.857+0000][15018.276s][info][gc,phases   ] GC(3152)   Post Evacuate Collection Set: 2.3ms
[2024-05-30T14:44:38.857+0000][15018.276s][info][gc,phases   ] GC(3152)   Other: 0.2ms
[2024-05-30T14:44:38.857+0000][15018.276s][info][gc,heap     ] GC(3152) Eden regions: 789->0(62)
[2024-05-30T14:44:38.857+0000][15018.276s][info][gc,heap     ] GC(3152) Survivor regions: 12->14(101)
[2024-05-30T14:44:38.857+0000][15018.276s][info][gc,heap     ] GC(3152) Old regions: 365->365
[2024-05-30T14:44:38.857+0000][15018.276s][info][gc,heap     ] GC(3152) Archive regions: 2->2
[2024-05-30T14:44:38.857+0000][15018.276s][info][gc,heap     ] GC(3152) Humongous regions: 41->41
[2024-05-30T14:44:38.857+0000][15018.276s][info][gc,metaspace] GC(3152) Metaspace: 434942K(440896K)->434942K(440896K) NonClass: 380832K(384064K)->380832K(384064K) Class: 54110K(56832K)->54110K(56832K)
[2024-05-30T14:44:38.857+0000][15018.276s][info][gc          ] GC(3152) Pause Young (Prepare Mixed) (G1 Evacuation Pause) 9650M->3358M(12288M) 37.920ms
[2024-05-30T14:44:38.857+0000][15018.276s][info][gc,cpu      ] GC(3152) User=0.22s Sys=0.00s Real=0.04s
[2024-05-30T14:44:39.848+0000][15019.267s][info][gc,start    ] GC(3153) Pause Young (Mixed) (G1 Evacuation Pause)
[2024-05-30T14:44:39.848+0000][15019.267s][info][gc,task     ] GC(3153) Using 6 workers of 6 for evacuation
[2024-05-30T14:44:39.906+0000][15019.326s][info][gc,phases   ] GC(3153)   Pre Evacuate Collection Set: 0.2ms
[2024-05-30T14:44:39.906+0000][15019.326s][info][gc,phases   ] GC(3153)   Merge Heap Roots: 0.4ms
[2024-05-30T14:44:39.906+0000][15019.326s][info][gc,phases   ] GC(3153)   Evacuate Collection Set: 56.1ms
[2024-05-30T14:44:39.906+0000][15019.326s][info][gc,phases   ] GC(3153)   Post Evacuate Collection Set: 1.5ms
[2024-05-30T14:44:39.906+0000][15019.326s][info][gc,phases   ] GC(3153)   Other: 0.2ms
[2024-05-30T14:44:39.906+0000][15019.326s][info][gc,heap     ] GC(3153) Eden regions: 62->0(808)
[2024-05-30T14:44:39.906+0000][15019.326s][info][gc,heap     ] GC(3153) Survivor regions: 14->6(10)
[2024-05-30T14:44:39.906+0000][15019.326s][info][gc,heap     ] GC(3153) Old regions: 365->353
[2024-05-30T14:44:39.906+0000][15019.326s][info][gc,heap     ] GC(3153) Archive regions: 2->2
[2024-05-30T14:44:39.906+0000][15019.326s][info][gc,heap     ] GC(3153) Humongous regions: 41->41
[2024-05-30T14:44:39.906+0000][15019.326s][info][gc,metaspace] GC(3153) Metaspace: 434942K(440896K)->434942K(440896K) NonClass: 380832K(384064K)->380832K(384064K) Class: 54110K(56832K)->54110K(56832K)
[2024-05-30T14:44:39.906+0000][15019.326s][info][gc          ] GC(3153) Pause Young (Mixed) (G1 Evacuation Pause) 3854M->3200M(12288M) 58.316ms
[2024-05-30T14:44:39.906+0000][15019.326s][info][gc,cpu      ] GC(3153) User=0.34s Sys=0.00s Real=0.06s
[2024-05-30T14:44:53.071+0000][15032.491s][info][gc,start    ] GC(3154) Pause Young (Normal) (G1 Evacuation Pause)
[2024-05-30T14:44:53.071+0000][15032.491s][info][gc,task     ] GC(3154) Using 6 workers of 6 for evacuation
[2024-05-30T14:44:53.102+0000][15032.521s][info][gc,phases   ] GC(3154)   Pre Evacuate Collection Set: 0.2ms
[2024-05-30T14:44:53.102+0000][15032.521s][info][gc,phases   ] GC(3154)   Merge Heap Roots: 0.2ms
[2024-05-30T14:44:53.102+0000][15032.521s][info][gc,phases   ] GC(3154)   Evacuate Collection Set: 27.6ms
[2024-05-30T14:44:53.102+0000][15032.521s][info][gc,phases   ] GC(3154)   Post Evacuate Collection Set: 2.3ms
[2024-05-30T14:44:53.102+0000][15032.521s][info][gc,phases   ] GC(3154)   Other: 0.2ms
[2024-05-30T14:44:53.102+0000][15032.521s][info][gc,heap     ] GC(3154) Eden regions: 808->0(802)
[2024-05-30T14:44:53.102+0000][15032.521s][info][gc,heap     ] GC(3154) Survivor regions: 6->11(102)
[2024-05-30T14:44:53.102+0000][15032.521s][info][gc,heap     ] GC(3154) Old regions: 353->353
[2024-05-30T14:44:53.102+0000][15032.521s][info][gc,heap     ] GC(3154) Archive regions: 2->2
[2024-05-30T14:44:53.102+0000][15032.521s][info][gc,heap     ] GC(3154) Humongous regions: 41->41
[2024-05-30T14:44:53.102+0000][15032.521s][info][gc,metaspace] GC(3154) Metaspace: 434942K(440896K)->434942K(440896K) NonClass: 380832K(384064K)->380832K(384064K) Class: 54110K(56832K)->54110K(56832K)
[2024-05-30T14:44:53.102+0000][15032.521s][info][gc          ] GC(3154) Pause Young (Normal) (G1 Evacuation Pause) 9664M->3241M(12288M) 30.603ms
[2024-05-30T14:44:53.102+0000][15032.521s][info][gc,cpu      ] GC(3154) User=0.18s Sys=0.00s Real=0.03s
[2024-05-30T14:45:06.325+0000][15045.744s][info][gc,start    ] GC(3155) Pause Young (Normal) (G1 Evacuation Pause)
[2024-05-30T14:45:06.325+0000][15045.744s][info][gc,task     ] GC(3155) Using 6 workers of 6 for evacuation
[2024-05-30T14:45:06.359+0000][15045.778s][info][gc,phases   ] GC(3155)   Pre Evacuate Collection Set: 0.2ms
[2024-05-30T14:45:06.359+0000][15045.778s][info][gc,phases   ] GC(3155)   Merge Heap Roots: 0.3ms
[2024-05-30T14:45:06.359+0000][15045.778s][info][gc,phases   ] GC(3155)   Evacuate Collection Set: 31.6ms
[2024-05-30T14:45:06.359+0000][15045.778s][info][gc,phases   ] GC(3155)   Post Evacuate Collection Set: 2.2ms
[2024-05-30T14:45:06.359+0000][15045.778s][info][gc,phases   ] GC(3155)   Other: 0.2ms
[2024-05-30T14:45:06.359+0000][15045.778s][info][gc,heap     ] GC(3155) Eden regions: 802->0(798)
[2024-05-30T14:45:06.359+0000][15045.778s][info][gc,heap     ] GC(3155) Survivor regions: 11->15(102)
[2024-05-30T14:45:06.359+0000][15045.778s][info][gc,heap     ] GC(3155) Old regions: 353->353
[2024-05-30T14:45:06.359+0000][15045.778s][info][gc,heap     ] GC(3155) Archive regions: 2->2
[2024-05-30T14:45:06.359+0000][15045.778s][info][gc,heap     ] GC(3155) Humongous regions: 41->41
[2024-05-30T14:45:06.359+0000][15045.778s][info][gc,metaspace] GC(3155) Metaspace: 434944K(440896K)->434944K(440896K) NonClass: 380833K(384064K)->380833K(384064K) Class: 54110K(56832K)->54110K(56832K)
[2024-05-30T14:45:06.359+0000][15045.778s][info][gc          ] GC(3155) Pause Young (Normal) (G1 Evacuation Pause) 9657M->3268M(12288M) 34.587ms
[2024-05-30T14:45:06.359+0000][15045.778s][info][gc,cpu      ] GC(3155) User=0.20s Sys=0.00s Real=0.04s
[2024-05-30T14:45:20.353+0000][15059.773s][info][gc,start    ] GC(3156) Pause Young (Concurrent Start) (G1 Evacuation Pause)
[2024-05-30T14:45:20.353+0000][15059.773s][info][gc,task     ] GC(3156) Using 6 workers of 6 for evacuation
[2024-05-30T14:45:20.397+0000][15059.816s][info][gc,phases   ] GC(3156)   Pre Evacuate Collection Set: 0.6ms
[2024-05-30T14:45:20.397+0000][15059.816s][info][gc,phases   ] GC(3156)   Merge Heap Roots: 0.2ms
[2024-05-30T14:45:20.397+0000][15059.816s][info][gc,phases   ] GC(3156)   Evacuate Collection Set: 40.5ms
[2024-05-30T14:45:20.397+0000][15059.816s][info][gc,phases   ] GC(3156)   Post Evacuate Collection Set: 2.2ms
[2024-05-30T14:45:20.397+0000][15059.816s][info][gc,phases   ] GC(3156)   Other: 0.3ms
[2024-05-30T14:45:20.397+0000][15059.816s][info][gc,heap     ] GC(3156) Eden regions: 798->0(798)
[2024-05-30T14:45:20.397+0000][15059.816s][info][gc,heap     ] GC(3156) Survivor regions: 15->16(102)
[2024-05-30T14:45:20.397+0000][15059.816s][info][gc,heap     ] GC(3156) Old regions: 353->353
[2024-05-30T14:45:20.397+0000][15059.816s][info][gc,heap     ] GC(3156) Archive regions: 2->2
[2024-05-30T14:45:20.397+0000][15059.816s][info][gc,heap     ] GC(3156) Humongous regions: 41->41
[2024-05-30T14:45:20.397+0000][15059.816s][info][gc,metaspace] GC(3156) Metaspace: 434944K(440896K)->434944K(440896K) NonClass: 380833K(384064K)->380833K(384064K) Class: 54110K(56832K)->54110K(56832K)
[2024-05-30T14:45:20.397+0000][15059.816s][info][gc          ] GC(3156) Pause Young (Concurrent Start) (G1 Evacuation Pause) 9652M->3277M(12288M) 43.836ms
[2024-05-30T14:45:20.397+0000][15059.816s][info][gc,cpu      ] GC(3156) User=0.25s Sys=0.00s Real=0.05s
[2024-05-30T14:45:20.397+0000][15059.816s][info][gc          ] GC(3157) Concurrent Mark Cycle
[2024-05-30T14:45:20.397+0000][15059.816s][info][gc,marking  ] GC(3157) Concurrent Clear Claimed Marks
[2024-05-30T14:45:20.398+0000][15059.817s][info][gc,marking  ] GC(3157) Concurrent Clear Claimed Marks 0.447ms
[2024-05-30T14:45:20.398+0000][15059.817s][info][gc,marking  ] GC(3157) Concurrent Scan Root Regions
[2024-05-30T14:45:20.425+0000][15059.845s][info][gc,marking  ] GC(3157) Concurrent Scan Root Regions 27.554ms
[2024-05-30T14:45:20.425+0000][15059.845s][info][gc,marking  ] GC(3157) Concurrent Mark
[2024-05-30T14:45:20.425+0000][15059.845s][info][gc,marking  ] GC(3157) Concurrent Mark From Roots
[2024-05-30T14:45:20.425+0000][15059.845s][info][gc,task     ] GC(3157) Using 2 workers of 2 for marking
[2024-05-30T14:45:22.425+0000][15061.844s][info][gc,marking  ] GC(3157) Concurrent Mark From Roots 1999.486ms
[2024-05-30T14:45:22.425+0000][15061.844s][info][gc,marking  ] GC(3157) Concurrent Preclean
[2024-05-30T14:45:22.426+0000][15061.846s][info][gc,marking  ] GC(3157) Concurrent Preclean 1.564ms
[2024-05-30T14:45:22.427+0000][15061.846s][info][gc,start    ] GC(3157) Pause Remark
[2024-05-30T14:45:22.451+0000][15061.870s][info][gc          ] GC(3157) Pause Remark 4177M->4177M(12288M) 24.297ms
[2024-05-30T14:45:22.451+0000][15061.870s][info][gc,cpu      ] GC(3157) User=0.11s Sys=0.00s Real=0.03s
[2024-05-30T14:45:22.451+0000][15061.870s][info][gc,marking  ] GC(3157) Concurrent Mark 2025.729ms
[2024-05-30T14:45:22.451+0000][15061.870s][info][gc,marking  ] GC(3157) Concurrent Rebuild Remembered Sets
[2024-05-30T14:45:23.510+0000][15062.930s][info][gc,marking  ] GC(3157) Concurrent Rebuild Remembered Sets 1059.329ms
[2024-05-30T14:45:23.511+0000][15062.930s][info][gc,start    ] GC(3157) Pause Cleanup
[2024-05-30T14:45:23.511+0000][15062.930s][info][gc          ] GC(3157) Pause Cleanup 4657M->4657M(12288M) 0.659ms
[2024-05-30T14:45:23.511+0000][15062.930s][info][gc,cpu      ] GC(3157) User=0.00s Sys=0.00s Real=0.00s
[2024-05-30T14:45:23.511+0000][15062.931s][info][gc,marking  ] GC(3157) Concurrent Cleanup for Next Mark
[2024-05-30T14:45:23.528+0000][15062.947s][info][gc,marking  ] GC(3157) Concurrent Cleanup for Next Mark 16.770ms
[2024-05-30T14:45:23.528+0000][15062.947s][info][gc          ] GC(3157) Concurrent Mark Cycle 3130.913ms
[2024-05-30T14:45:34.434+0000][15073.854s][info][gc,start    ] GC(3158) Pause Young (Prepare Mixed) (G1 Evacuation Pause)
[2024-05-30T14:45:34.434+0000][15073.854s][info][gc,task     ] GC(3158) Using 6 workers of 6 for evacuation
[2024-05-30T14:45:34.485+0000][15073.904s][info][gc,phases   ] GC(3158)   Pre Evacuate Collection Set: 0.2ms
[2024-05-30T14:45:34.485+0000][15073.904s][info][gc,phases   ] GC(3158)   Merge Heap Roots: 0.4ms
[2024-05-30T14:45:34.485+0000][15073.904s][info][gc,phases   ] GC(3158)   Evacuate Collection Set: 47.8ms
[2024-05-30T14:45:34.485+0000][15073.904s][info][gc,phases   ] GC(3158)   Post Evacuate Collection Set: 2.2ms
[2024-05-30T14:45:34.485+0000][15073.904s][info][gc,phases   ] GC(3158)   Other: 0.2ms
[2024-05-30T14:45:34.485+0000][15073.904s][info][gc,heap     ] GC(3158) Eden regions: 798->0(58)
[2024-05-30T14:45:34.485+0000][15073.904s][info][gc,heap     ] GC(3158) Survivor regions: 16->18(102)
[2024-05-30T14:45:34.485+0000][15073.904s][info][gc,heap     ] GC(3158) Old regions: 353->353
[2024-05-30T14:45:34.485+0000][15073.904s][info][gc,heap     ] GC(3158) Archive regions: 2->2
[2024-05-30T14:45:34.485+0000][15073.904s][info][gc,heap     ] GC(3158) Humongous regions: 41->41
[2024-05-30T14:45:34.485+0000][15073.904s][info][gc,metaspace] GC(3158) Metaspace: 434944K(440896K)->434944K(440896K) NonClass: 380833K(384064K)->380833K(384064K) Class: 54110K(56832K)->54110K(56832K)
[2024-05-30T14:45:34.485+0000][15073.904s][info][gc          ] GC(3158) Pause Young (Prepare Mixed) (G1 Evacuation Pause) 9661M->3298M(12288M) 50.723ms
[2024-05-30T14:45:34.485+0000][15073.904s][info][gc,cpu      ] GC(3158) User=0.30s Sys=0.00s Real=0.05s
[2024-05-30T14:45:35.565+0000][15074.984s][info][gc,start    ] GC(3159) Pause Young (Mixed) (G1 Evacuation Pause)
[2024-05-30T14:45:35.565+0000][15074.984s][info][gc,task     ] GC(3159) Using 6 workers of 6 for evacuation
[2024-05-30T14:45:35.643+0000][15075.062s][info][gc,phases   ] GC(3159)   Pre Evacuate Collection Set: 0.2ms
[2024-05-30T14:45:35.643+0000][15075.062s][info][gc,phases   ] GC(3159)   Merge Heap Roots: 0.3ms
[2024-05-30T14:45:35.643+0000][15075.062s][info][gc,phases   ] GC(3159)   Evacuate Collection Set: 75.8ms
[2024-05-30T14:45:35.643+0000][15075.062s][info][gc,phases   ] GC(3159)   Post Evacuate Collection Set: 1.4ms
[2024-05-30T14:45:35.643+0000][15075.062s][info][gc,phases   ] GC(3159)   Other: 0.2ms
[2024-05-30T14:45:35.643+0000][15075.062s][info][gc,heap     ] GC(3159) Eden regions: 58->0(810)
[2024-05-30T14:45:35.643+0000][15075.062s][info][gc,heap     ] GC(3159) Survivor regions: 18->7(10)
[2024-05-30T14:45:35.643+0000][15075.062s][info][gc,heap     ] GC(3159) Old regions: 353->350
[2024-05-30T14:45:35.643+0000][15075.062s][info][gc,heap     ] GC(3159) Archive regions: 2->2
[2024-05-30T14:45:35.643+0000][15075.062s][info][gc,heap     ] GC(3159) Humongous regions: 41->41
[2024-05-30T14:45:35.643+0000][15075.062s][info][gc,metaspace] GC(3159) Metaspace: 434944K(440896K)->434944K(440896K) NonClass: 380833K(384064K)->380833K(384064K) Class: 54110K(56832K)->54110K(56832K)
[2024-05-30T14:45:35.643+0000][15075.062s][info][gc          ] GC(3159) Pause Young (Mixed) (G1 Evacuation Pause) 3762M->3177M(12288M) 77.998ms
[2024-05-30T14:45:35.643+0000][15075.062s][info][gc,cpu      ] GC(3159) User=0.47s Sys=0.00s Real=0.08s
[2024-05-30T14:45:47.052+0000][15086.471s][info][gc,start    ] GC(3160) Pause Young (Normal) (G1 Evacuation Pause)
[2024-05-30T14:45:47.052+0000][15086.471s][info][gc,task     ] GC(3160) Using 6 workers of 6 for evacuation
[2024-05-30T14:45:47.094+0000][15086.513s][info][gc,phases   ] GC(3160)   Pre Evacuate Collection Set: 0.2ms
[2024-05-30T14:45:47.094+0000][15086.513s][info][gc,phases   ] GC(3160)   Merge Heap Roots: 0.3ms
[2024-05-30T14:45:47.094+0000][15086.513s][info][gc,phases   ] GC(3160)   Evacuate Collection Set: 35.7ms
[2024-05-30T14:45:47.094+0000][15086.513s][info][gc,phases   ] GC(3160)   Post Evacuate Collection Set: 6.1ms
[2024-05-30T14:45:47.094+0000][15086.513s][info][gc,phases   ] GC(3160)   Other: 0.2ms
[2024-05-30T14:45:47.094+0000][15086.513s][info][gc,heap     ] GC(3160) Eden regions: 810->0(803)
[2024-05-30T14:45:47.094+0000][15086.513s][info][gc,heap     ] GC(3160) Survivor regions: 7->12(103)
[2024-05-30T14:45:47.094+0000][15086.513s][info][gc,heap     ] GC(3160) Old regions: 350->350
[2024-05-30T14:45:47.094+0000][15086.513s][info][gc,heap     ] GC(3160) Archive regions: 2->2
[2024-05-30T14:45:47.094+0000][15086.513s][info][gc,heap     ] GC(3160) Humongous regions: 41->41
[2024-05-30T14:45:47.094+0000][15086.513s][info][gc,metaspace] GC(3160) Metaspace: 434951K(440960K)->434951K(440960K) NonClass: 380840K(384128K)->380840K(384128K) Class: 54110K(56832K)->54110K(56832K)
[2024-05-30T14:45:47.094+0000][15086.513s][info][gc          ] GC(3160) Pause Young (Normal) (G1 Evacuation Pause) 9657M->3215M(12288M) 42.505ms
[2024-05-30T14:45:47.094+0000][15086.513s][info][gc,cpu      ] GC(3160) User=0.24s Sys=0.00s Real=0.04s
[2024-05-30T14:45:49.825+0000][15089.244s][info][gc,start    ] GC(3161) Pause Young (Normal) (G1 Evacuation Pause)
[2024-05-30T14:45:49.825+0000][15089.244s][info][gc,task     ] GC(3161) Using 6 workers of 6 for evacuation
[2024-05-30T14:45:49.905+0000][15089.324s][info][gc,phases   ] GC(3161)   Pre Evacuate Collection Set: 0.2ms
[2024-05-30T14:45:49.905+0000][15089.324s][info][gc,phases   ] GC(3161)   Merge Heap Roots: 0.3ms
[2024-05-30T14:45:49.905+0000][15089.324s][info][gc,phases   ] GC(3161)   Evacuate Collection Set: 64.8ms
[2024-05-30T14:45:49.905+0000][15089.324s][info][gc,phases   ] GC(3161)   Post Evacuate Collection Set: 14.5ms
[2024-05-30T14:45:49.905+0000][15089.324s][info][gc,phases   ] GC(3161)   Other: 0.2ms
[2024-05-30T14:45:49.905+0000][15089.324s][info][gc,heap     ] GC(3161) Eden regions: 803->0(800)
[2024-05-30T14:45:49.905+0000][15089.324s][info][gc,heap     ] GC(3161) Survivor regions: 12->16(102)
[2024-05-30T14:45:49.905+0000][15089.324s][info][gc,heap     ] GC(3161) Old regions: 350->350
[2024-05-30T14:45:49.905+0000][15089.324s][info][gc,heap     ] GC(3161) Archive regions: 2->2
[2024-05-30T14:45:49.905+0000][15089.324s][info][gc,heap     ] GC(3161) Humongous regions: 41->41
[2024-05-30T14:45:49.905+0000][15089.324s][info][gc,metaspace] GC(3161) Metaspace: 434952K(440960K)->434952K(440960K) NonClass: 380841K(384128K)->380841K(384128K) Class: 54110K(56832K)->54110K(56832K)
[2024-05-30T14:45:49.905+0000][15089.324s][info][gc          ] GC(3161) Pause Young (Normal) (G1 Evacuation Pause) 9639M->3253M(12288M) 80.005ms
[2024-05-30T14:45:49.905+0000][15089.324s][info][gc,cpu      ] GC(3161) User=0.46s Sys=0.00s Real=0.08s
[2024-05-30T14:45:52.212+0000][15091.631s][info][gc,start    ] GC(3162) Pause Young (Concurrent Start) (G1 Evacuation Pause)
[2024-05-30T14:45:52.212+0000][15091.631s][info][gc,task     ] GC(3162) Using 6 workers of 6 for evacuation
[2024-05-30T14:45:52.301+0000][15091.720s][info][gc,phases   ] GC(3162)   Pre Evacuate Collection Set: 0.6ms
[2024-05-30T14:45:52.301+0000][15091.720s][info][gc,phases   ] GC(3162)   Merge Heap Roots: 0.4ms
[2024-05-30T14:45:52.301+0000][15091.720s][info][gc,phases   ] GC(3162)   Evacuate Collection Set: 74.4ms
[2024-05-30T14:45:52.301+0000][15091.720s][info][gc,phases   ] GC(3162)   Post Evacuate Collection Set: 13.2ms
[2024-05-30T14:45:52.301+0000][15091.720s][info][gc,phases   ] GC(3162)   Other: 0.3ms
[2024-05-30T14:45:52.301+0000][15091.720s][info][gc,heap     ] GC(3162) Eden regions: 800->0(797)
[2024-05-30T14:45:52.301+0000][15091.720s][info][gc,heap     ] GC(3162) Survivor regions: 16->19(102)
[2024-05-30T14:45:52.301+0000][15091.720s][info][gc,heap     ] GC(3162) Old regions: 350->350
[2024-05-30T14:45:52.301+0000][15091.720s][info][gc,heap     ] GC(3162) Archive regions: 2->2
[2024-05-30T14:45:52.301+0000][15091.720s][info][gc,heap     ] GC(3162) Humongous regions: 41->41
[2024-05-30T14:45:52.301+0000][15091.720s][info][gc,metaspace] GC(3162) Metaspace: 434955K(440960K)->434955K(440960K) NonClass: 380844K(384128K)->380844K(384128K) Class: 54110K(56832K)->54110K(56832K)
[2024-05-30T14:45:52.301+0000][15091.720s][info][gc          ] GC(3162) Pause Young (Concurrent Start) (G1 Evacuation Pause) 9653M->3276M(12288M) 88.929ms
[2024-05-30T14:45:52.301+0000][15091.720s][info][gc,cpu      ] GC(3162) User=0.48s Sys=0.00s Real=0.09s
[2024-05-30T14:45:52.301+0000][15091.720s][info][gc          ] GC(3163) Concurrent Mark Cycle
[2024-05-30T14:45:52.301+0000][15091.720s][info][gc,marking  ] GC(3163) Concurrent Clear Claimed Marks
[2024-05-30T14:45:52.301+0000][15091.720s][info][gc,marking  ] GC(3163) Concurrent Clear Claimed Marks 0.421ms
[2024-05-30T14:45:52.301+0000][15091.720s][info][gc,marking  ] GC(3163) Concurrent Scan Root Regions
[2024-05-30T14:45:52.358+0000][15091.778s][info][gc,marking  ] GC(3163) Concurrent Scan Root Regions 57.267ms
[2024-05-30T14:45:52.358+0000][15091.778s][info][gc,marking  ] GC(3163) Concurrent Mark
[2024-05-30T14:45:52.358+0000][15091.778s][info][gc,marking  ] GC(3163) Concurrent Mark From Roots
[2024-05-30T14:45:52.359+0000][15091.778s][info][gc,task     ] GC(3163) Using 2 workers of 2 for marking
[2024-05-30T14:45:54.501+0000][15093.920s][info][gc,marking  ] GC(3163) Concurrent Mark From Roots 2142.169ms
[2024-05-30T14:45:54.501+0000][15093.920s][info][gc,marking  ] GC(3163) Concurrent Preclean
[2024-05-30T14:45:54.502+0000][15093.921s][info][gc,marking  ] GC(3163) Concurrent Preclean 1.513ms
[2024-05-30T14:45:54.502+0000][15093.922s][info][gc,start    ] GC(3163) Pause Remark
[2024-05-30T14:45:54.527+0000][15093.946s][info][gc          ] GC(3163) Pause Remark 6420M->6420M(12288M) 24.396ms
[2024-05-30T14:45:54.527+0000][15093.946s][info][gc,cpu      ] GC(3163) User=0.10s Sys=0.01s Real=0.02s
[2024-05-30T14:45:54.527+0000][15093.946s][info][gc,marking  ] GC(3163) Concurrent Mark 2168.389ms
[2024-05-30T14:45:54.527+0000][15093.946s][info][gc,marking  ] GC(3163) Concurrent Rebuild Remembered Sets
[2024-05-30T14:45:55.754+0000][15095.173s][info][gc,marking  ] GC(3163) Concurrent Rebuild Remembered Sets 1226.740ms
[2024-05-30T14:45:55.754+0000][15095.173s][info][gc,start    ] GC(3163) Pause Cleanup
[2024-05-30T14:45:55.754+0000][15095.174s][info][gc          ] GC(3163) Pause Cleanup 8004M->8004M(12288M) 0.624ms
[2024-05-30T14:45:55.755+0000][15095.174s][info][gc,cpu      ] GC(3163) User=0.00s Sys=0.00s Real=0.00s
[2024-05-30T14:45:55.755+0000][15095.174s][info][gc,marking  ] GC(3163) Concurrent Cleanup for Next Mark
[2024-05-30T14:45:55.772+0000][15095.191s][info][gc,marking  ] GC(3163) Concurrent Cleanup for Next Mark 17.286ms
[2024-05-30T14:45:55.772+0000][15095.191s][info][gc          ] GC(3163) Concurrent Mark Cycle 3471.237ms
[2024-05-30T14:45:56.934+0000][15096.353s][info][gc,start    ] GC(3164) Pause Young (Prepare Mixed) (G1 Evacuation Pause)
[2024-05-30T14:45:56.934+0000][15096.353s][info][gc,task     ] GC(3164) Using 6 workers of 6 for evacuation
[2024-05-30T14:45:57.000+0000][15096.419s][info][gc,phases   ] GC(3164)   Pre Evacuate Collection Set: 0.2ms
[2024-05-30T14:45:57.000+0000][15096.419s][info][gc,phases   ] GC(3164)   Merge Heap Roots: 0.8ms
[2024-05-30T14:45:57.000+0000][15096.419s][info][gc,phases   ] GC(3164)   Evacuate Collection Set: 56.3ms
[2024-05-30T14:45:57.000+0000][15096.419s][info][gc,phases   ] GC(3164)   Post Evacuate Collection Set: 8.5ms
[2024-05-30T14:45:57.000+0000][15096.419s][info][gc,phases   ] GC(3164)   Other: 0.2ms
[2024-05-30T14:45:57.000+0000][15096.419s][info][gc,heap     ] GC(3164) Eden regions: 797->0(60)
[2024-05-30T14:45:57.000+0000][15096.419s][info][gc,heap     ] GC(3164) Survivor regions: 19->16(102)
[2024-05-30T14:45:57.000+0000][15096.419s][info][gc,heap     ] GC(3164) Old regions: 350->350
[2024-05-30T14:45:57.000+0000][15096.419s][info][gc,heap     ] GC(3164) Archive regions: 2->2
[2024-05-30T14:45:57.000+0000][15096.419s][info][gc,heap     ] GC(3164) Humongous regions: 41->41
[2024-05-30T14:45:57.000+0000][15096.419s][info][gc,metaspace] GC(3164) Metaspace: 434955K(440960K)->434955K(440960K) NonClass: 380844K(384128K)->380844K(384128K) Class: 54110K(56832K)->54110K(56832K)
[2024-05-30T14:45:57.000+0000][15096.419s][info][gc          ] GC(3164) Pause Young (Prepare Mixed) (G1 Evacuation Pause) 9652M->3253M(12288M) 66.001ms
[2024-05-30T14:45:57.000+0000][15096.419s][info][gc,cpu      ] GC(3164) User=0.39s Sys=0.00s Real=0.07s
[2024-05-30T14:45:57.206+0000][15096.625s][info][gc,start    ] GC(3165) Pause Young (Mixed) (G1 Evacuation Pause)
[2024-05-30T14:45:57.206+0000][15096.625s][info][gc,task     ] GC(3165) Using 6 workers of 6 for evacuation
[2024-05-30T14:45:57.276+0000][15096.696s][info][gc,phases   ] GC(3165)   Pre Evacuate Collection Set: 0.2ms
[2024-05-30T14:45:57.276+0000][15096.696s][info][gc,phases   ] GC(3165)   Merge Heap Roots: 0.4ms
[2024-05-30T14:45:57.276+0000][15096.696s][info][gc,phases   ] GC(3165)   Evacuate Collection Set: 68.3ms
[2024-05-30T14:45:57.276+0000][15096.696s][info][gc,phases   ] GC(3165)   Post Evacuate Collection Set: 1.5ms
[2024-05-30T14:45:57.276+0000][15096.696s][info][gc,phases   ] GC(3165)   Other: 0.2ms
[2024-05-30T14:45:57.276+0000][15096.696s][info][gc,heap     ] GC(3165) Eden regions: 60->0(815)
[2024-05-30T14:45:57.276+0000][15096.696s][info][gc,heap     ] GC(3165) Survivor regions: 16->6(10)
[2024-05-30T14:45:57.276+0000][15096.696s][info][gc,heap     ] GC(3165) Old regions: 350->346
[2024-05-30T14:45:57.276+0000][15096.696s][info][gc,heap     ] GC(3165) Archive regions: 2->2
[2024-05-30T14:45:57.276+0000][15096.696s][info][gc,heap     ] GC(3165) Humongous regions: 41->41
[2024-05-30T14:45:57.276+0000][15096.696s][info][gc,metaspace] GC(3165) Metaspace: 434955K(440960K)->434955K(440960K) NonClass: 380844K(384128K)->380844K(384128K) Class: 54110K(56832K)->54110K(56832K)
[2024-05-30T14:45:57.276+0000][15096.696s][info][gc          ] GC(3165) Pause Young (Mixed) (G1 Evacuation Pause) 3733M->3143M(12288M) 70.647ms
[2024-05-30T14:45:57.277+0000][15096.696s][info][gc,cpu      ] GC(3165) User=0.42s Sys=0.00s Real=0.08s
[2024-05-30T14:46:06.423+0000][15105.843s][info][gc,start    ] GC(3166) Pause Young (Normal) (G1 Evacuation Pause)
[2024-05-30T14:46:06.423+0000][15105.843s][info][gc,task     ] GC(3166) Using 6 workers of 6 for evacuation
[2024-05-30T14:46:06.441+0000][15105.861s][info][gc,phases   ] GC(3166)   Pre Evacuate Collection Set: 0.2ms
[2024-05-30T14:46:06.441+0000][15105.861s][info][gc,phases   ] GC(3166)   Merge Heap Roots: 0.3ms
[2024-05-30T14:46:06.441+0000][15105.861s][info][gc,phases   ] GC(3166)   Evacuate Collection Set: 15.3ms
[2024-05-30T14:46:06.441+0000][15105.861s][info][gc,phases   ] GC(3166)   Post Evacuate Collection Set: 2.0ms
[2024-05-30T14:46:06.441+0000][15105.861s][info][gc,phases   ] GC(3166)   Other: 0.2ms
[2024-05-30T14:46:06.441+0000][15105.861s][info][gc,heap     ] GC(3166) Eden regions: 815->0(816)
[2024-05-30T14:46:06.441+0000][15105.861s][info][gc,heap     ] GC(3166) Survivor regions: 6->6(103)
[2024-05-30T14:46:06.441+0000][15105.861s][info][gc,heap     ] GC(3166) Old regions: 346->346
[2024-05-30T14:46:06.441+0000][15105.861s][info][gc,heap     ] GC(3166) Archive regions: 2->2
[2024-05-30T14:46:06.441+0000][15105.861s][info][gc,heap     ] GC(3166) Humongous regions: 41->41
[2024-05-30T14:46:06.441+0000][15105.861s][info][gc,metaspace] GC(3166) Metaspace: 434955K(440960K)->434955K(440960K) NonClass: 380844K(384128K)->380844K(384128K) Class: 54110K(56832K)->54110K(56832K)
[2024-05-30T14:46:06.441+0000][15105.861s][info][gc          ] GC(3166) Pause Young (Normal) (G1 Evacuation Pause) 9663M->3147M(12288M) 18.063ms
[2024-05-30T14:46:06.442+0000][15105.861s][info][gc,cpu      ] GC(3166) User=0.10s Sys=0.00s Real=0.02s
[2024-05-30T14:46:20.199+0000][15119.619s][info][gc,start    ] GC(3167) Pause Young (Normal) (G1 Evacuation Pause)
[2024-05-30T14:46:20.199+0000][15119.619s][info][gc,task     ] GC(3167) Using 6 workers of 6 for evacuation
[2024-05-30T14:46:20.225+0000][15119.644s][info][gc,phases   ] GC(3167)   Pre Evacuate Collection Set: 0.2ms
[2024-05-30T14:46:20.225+0000][15119.644s][info][gc,phases   ] GC(3167)   Merge Heap Roots: 0.2ms
[2024-05-30T14:46:20.225+0000][15119.644s][info][gc,phases   ] GC(3167)   Evacuate Collection Set: 22.6ms
[2024-05-30T14:46:20.225+0000][15119.644s][info][gc,phases   ] GC(3167)   Post Evacuate Collection Set: 2.2ms
[2024-05-30T14:46:20.225+0000][15119.644s][info][gc,phases   ] GC(3167)   Other: 0.2ms
[2024-05-30T14:46:20.225+0000][15119.644s][info][gc,heap     ] GC(3167) Eden regions: 816->0(810)
[2024-05-30T14:46:20.225+0000][15119.644s][info][gc,heap     ] GC(3167) Survivor regions: 6->11(103)
[2024-05-30T14:46:20.225+0000][15119.644s][info][gc,heap     ] GC(3167) Old regions: 346->346
[2024-05-30T14:46:20.225+0000][15119.644s][info][gc,heap     ] GC(3167) Archive regions: 2->2
[2024-05-30T14:46:20.225+0000][15119.644s][info][gc,heap     ] GC(3167) Humongous regions: 41->41
[2024-05-30T14:46:20.225+0000][15119.644s][info][gc,metaspace] GC(3167) Metaspace: 434955K(440960K)->434955K(440960K) NonClass: 380844K(384128K)->380844K(384128K) Class: 54110K(56832K)->54110K(56832K)
[2024-05-30T14:46:20.225+0000][15119.644s][info][gc          ] GC(3167) Pause Young (Normal) (G1 Evacuation Pause) 9675M->3181M(12288M) 25.492ms
[2024-05-30T14:46:20.225+0000][15119.644s][info][gc,cpu      ] GC(3167) User=0.15s Sys=0.00s Real=0.02s
[2024-05-30T14:46:32.304+0000][15131.723s][info][gc,start    ] GC(3168) Pause Young (Concurrent Start) (G1 Evacuation Pause)
[2024-05-30T14:46:32.304+0000][15131.723s][info][gc,task     ] GC(3168) Using 6 workers of 6 for evacuation
[2024-05-30T14:46:32.343+0000][15131.762s][info][gc,phases   ] GC(3168)   Pre Evacuate Collection Set: 0.6ms
[2024-05-30T14:46:32.343+0000][15131.762s][info][gc,phases   ] GC(3168)   Merge Heap Roots: 0.2ms
[2024-05-30T14:46:32.343+0000][15131.762s][info][gc,phases   ] GC(3168)   Evacuate Collection Set: 35.7ms
[2024-05-30T14:46:32.343+0000][15131.762s][info][gc,phases   ] GC(3168)   Post Evacuate Collection Set: 2.4ms
[2024-05-30T14:46:32.343+0000][15131.762s][info][gc,phases   ] GC(3168)   Other: 0.3ms
[2024-05-30T14:46:32.343+0000][15131.762s][info][gc,heap     ] GC(3168) Eden regions: 810->0(810)
[2024-05-30T14:46:32.343+0000][15131.762s][info][gc,heap     ] GC(3168) Survivor regions: 11->12(103)
[2024-05-30T14:46:32.343+0000][15131.762s][info][gc,heap     ] GC(3168) Old regions: 346->346
[2024-05-30T14:46:32.343+0000][15131.762s][info][gc,heap     ] GC(3168) Archive regions: 2->2
[2024-05-30T14:46:32.343+0000][15131.762s][info][gc,heap     ] GC(3168) Humongous regions: 41->41
[2024-05-30T14:46:32.343+0000][15131.762s][info][gc,metaspace] GC(3168) Metaspace: 434961K(440960K)->434961K(440960K) NonClass: 380851K(384128K)->380851K(384128K) Class: 54110K(56832K)->54110K(56832K)
[2024-05-30T14:46:32.343+0000][15131.762s][info][gc          ] GC(3168) Pause Young (Concurrent Start) (G1 Evacuation Pause) 9661M->3191M(12288M) 39.229ms
[2024-05-30T14:46:32.343+0000][15131.762s][info][gc,cpu      ] GC(3168) User=0.22s Sys=0.00s Real=0.04s
[2024-05-30T14:46:32.343+0000][15131.762s][info][gc          ] GC(3169) Concurrent Mark Cycle
[2024-05-30T14:46:32.343+0000][15131.762s][info][gc,marking  ] GC(3169) Concurrent Clear Claimed Marks
[2024-05-30T14:46:32.343+0000][15131.763s][info][gc,marking  ] GC(3169) Concurrent Clear Claimed Marks 0.399ms
[2024-05-30T14:46:32.343+0000][15131.763s][info][gc,marking  ] GC(3169) Concurrent Scan Root Regions
[2024-05-30T14:46:32.366+0000][15131.785s][info][gc,marking  ] GC(3169) Concurrent Scan Root Regions 22.271ms
[2024-05-30T14:46:32.366+0000][15131.785s][info][gc,marking  ] GC(3169) Concurrent Mark
[2024-05-30T14:46:32.366+0000][15131.785s][info][gc,marking  ] GC(3169) Concurrent Mark From Roots
[2024-05-30T14:46:32.366+0000][15131.785s][info][gc,task     ] GC(3169) Using 2 workers of 2 for marking
[2024-05-30T14:46:34.349+0000][15133.768s][info][gc,marking  ] GC(3169) Concurrent Mark From Roots 1983.452ms
[2024-05-30T14:46:34.349+0000][15133.768s][info][gc,marking  ] GC(3169) Concurrent Preclean
[2024-05-30T14:46:34.351+0000][15133.770s][info][gc,marking  ] GC(3169) Concurrent Preclean 1.590ms
[2024-05-30T14:46:34.351+0000][15133.770s][info][gc,start    ] GC(3169) Pause Remark
[2024-05-30T14:46:34.375+0000][15133.794s][info][gc          ] GC(3169) Pause Remark 4311M->4311M(12288M) 24.293ms
[2024-05-30T14:46:34.375+0000][15133.794s][info][gc,cpu      ] GC(3169) User=0.11s Sys=0.00s Real=0.02s
[2024-05-30T14:46:34.375+0000][15133.794s][info][gc,marking  ] GC(3169) Concurrent Mark 2009.648ms
[2024-05-30T14:46:34.375+0000][15133.795s][info][gc,marking  ] GC(3169) Concurrent Rebuild Remembered Sets
[2024-05-30T14:46:35.484+0000][15134.904s][info][gc,marking  ] GC(3169) Concurrent Rebuild Remembered Sets 1109.106ms
[2024-05-30T14:46:35.485+0000][15134.904s][info][gc,start    ] GC(3169) Pause Cleanup
[2024-05-30T14:46:35.485+0000][15134.904s][info][gc          ] GC(3169) Pause Cleanup 4871M->4871M(12288M) 0.594ms
[2024-05-30T14:46:35.485+0000][15134.904s][info][gc,cpu      ] GC(3169) User=0.00s Sys=0.00s Real=0.00s
[2024-05-30T14:46:35.485+0000][15134.904s][info][gc,marking  ] GC(3169) Concurrent Cleanup for Next Mark
[2024-05-30T14:46:35.502+0000][15134.922s][info][gc,marking  ] GC(3169) Concurrent Cleanup for Next Mark 17.233ms
[2024-05-30T14:46:35.503+0000][15134.922s][info][gc          ] GC(3169) Concurrent Mark Cycle 3159.657ms
[2024-05-30T14:46:45.631+0000][15145.050s][info][gc,start    ] GC(3170) Pause Young (Prepare Mixed) (G1 Evacuation Pause)
[2024-05-30T14:46:45.631+0000][15145.050s][info][gc,task     ] GC(3170) Using 6 workers of 6 for evacuation
[2024-05-30T14:46:45.667+0000][15145.086s][info][gc,phases   ] GC(3170)   Pre Evacuate Collection Set: 0.2ms
[2024-05-30T14:46:45.667+0000][15145.086s][info][gc,phases   ] GC(3170)   Merge Heap Roots: 0.3ms
[2024-05-30T14:46:45.667+0000][15145.086s][info][gc,phases   ] GC(3170)   Evacuate Collection Set: 33.4ms
[2024-05-30T14:46:45.667+0000][15145.086s][info][gc,phases   ] GC(3170)   Post Evacuate Collection Set: 2.2ms
[2024-05-30T14:46:45.667+0000][15145.086s][info][gc,phases   ] GC(3170)   Other: 0.2ms
[2024-05-30T14:46:45.667+0000][15145.086s][info][gc,heap     ] GC(3170) Eden regions: 810->0(62)
[2024-05-30T14:46:45.667+0000][15145.086s][info][gc,heap     ] GC(3170) Survivor regions: 12->14(103)
[2024-05-30T14:46:45.667+0000][15145.086s][info][gc,heap     ] GC(3170) Old regions: 346->346
[2024-05-30T14:46:45.667+0000][15145.086s][info][gc,heap     ] GC(3170) Archive regions: 2->2
[2024-05-30T14:46:45.667+0000][15145.086s][info][gc,heap     ] GC(3170) Humongous regions: 41->41
[2024-05-30T14:46:45.667+0000][15145.086s][info][gc,metaspace] GC(3170) Metaspace: 434965K(440960K)->434965K(440960K) NonClass: 380854K(384128K)->380854K(384128K) Class: 54110K(56832K)->54110K(56832K)
[2024-05-30T14:46:45.667+0000][15145.086s][info][gc          ] GC(3170) Pause Young (Prepare Mixed) (G1 Evacuation Pause) 9671M->3206M(12288M) 36.285ms
[2024-05-30T14:46:45.667+0000][15145.086s][info][gc,cpu      ] GC(3170) User=0.22s Sys=0.00s Real=0.03s
[2024-05-30T14:46:46.700+0000][15146.119s][info][gc,start    ] GC(3171) Pause Young (Mixed) (G1 Evacuation Pause)
[2024-05-30T14:46:46.700+0000][15146.119s][info][gc,task     ] GC(3171) Using 6 workers of 6 for evacuation
[2024-05-30T14:46:46.770+0000][15146.190s][info][gc,phases   ] GC(3171)   Pre Evacuate Collection Set: 0.2ms
[2024-05-30T14:46:46.770+0000][15146.190s][info][gc,phases   ] GC(3171)   Merge Heap Roots: 0.3ms
[2024-05-30T14:46:46.770+0000][15146.190s][info][gc,phases   ] GC(3171)   Evacuate Collection Set: 68.7ms
[2024-05-30T14:46:46.770+0000][15146.190s][info][gc,phases   ] GC(3171)   Post Evacuate Collection Set: 1.5ms
[2024-05-30T14:46:46.770+0000][15146.190s][info][gc,phases   ] GC(3171)   Other: 0.2ms
[2024-05-30T14:46:46.770+0000][15146.190s][info][gc,heap     ] GC(3171) Eden regions: 62->0(822)
[2024-05-30T14:46:46.770+0000][15146.190s][info][gc,heap     ] GC(3171) Survivor regions: 14->6(10)
[2024-05-30T14:46:46.770+0000][15146.190s][info][gc,heap     ] GC(3171) Old regions: 346->340
[2024-05-30T14:46:46.770+0000][15146.190s][info][gc,heap     ] GC(3171) Archive regions: 2->2
[2024-05-30T14:46:46.770+0000][15146.190s][info][gc,heap     ] GC(3171) Humongous regions: 41->41
[2024-05-30T14:46:46.770+0000][15146.190s][info][gc,metaspace] GC(3171) Metaspace: 434965K(440960K)->434965K(440960K) NonClass: 380854K(384128K)->380854K(384128K) Class: 54110K(56832K)->54110K(56832K)
[2024-05-30T14:46:46.770+0000][15146.190s][info][gc          ] GC(3171) Pause Young (Mixed) (G1 Evacuation Pause) 3702M->3099M(12288M) 70.846ms
[2024-05-30T14:46:46.771+0000][15146.190s][info][gc,cpu      ] GC(3171) User=0.42s Sys=0.00s Real=0.07s
[2024-05-30T14:46:49.630+0000][15149.049s][info][gc,start    ] GC(3172) Pause Young (Normal) (G1 Evacuation Pause)
[2024-05-30T14:46:49.630+0000][15149.050s][info][gc,task     ] GC(3172) Using 6 workers of 6 for evacuation
[2024-05-30T14:46:49.721+0000][15149.141s][info][gc,phases   ] GC(3172)   Pre Evacuate Collection Set: 0.2ms
[2024-05-30T14:46:49.721+0000][15149.141s][info][gc,phases   ] GC(3172)   Merge Heap Roots: 0.2ms
[2024-05-30T14:46:49.721+0000][15149.141s][info][gc,phases   ] GC(3172)   Evacuate Collection Set: 69.7ms
[2024-05-30T14:46:49.721+0000][15149.141s][info][gc,phases   ] GC(3172)   Post Evacuate Collection Set: 20.9ms
[2024-05-30T14:46:49.721+0000][15149.141s][info][gc,phases   ] GC(3172)   Other: 0.2ms
[2024-05-30T14:46:49.721+0000][15149.141s][info][gc,heap     ] GC(3172) Eden regions: 822->0(812)
[2024-05-30T14:46:49.721+0000][15149.141s][info][gc,heap     ] GC(3172) Survivor regions: 6->13(104)
[2024-05-30T14:46:49.721+0000][15149.141s][info][gc,heap     ] GC(3172) Old regions: 340->340
[2024-05-30T14:46:49.721+0000][15149.141s][info][gc,heap     ] GC(3172) Archive regions: 2->2
[2024-05-30T14:46:49.721+0000][15149.141s][info][gc,heap     ] GC(3172) Humongous regions: 41->41
[2024-05-30T14:46:49.721+0000][15149.141s][info][gc,metaspace] GC(3172) Metaspace: 434965K(440960K)->434965K(440960K) NonClass: 380854K(384128K)->380854K(384128K) Class: 54110K(56832K)->54110K(56832K)
[2024-05-30T14:46:49.721+0000][15149.141s][info][gc          ] GC(3172) Pause Young (Normal) (G1 Evacuation Pause) 9675M->3154M(12288M) 91.204ms
[2024-05-30T14:46:49.721+0000][15149.141s][info][gc,cpu      ] GC(3172) User=0.53s Sys=0.00s Real=0.09s
[2024-05-30T14:46:52.541+0000][15151.960s][info][gc,start    ] GC(3173) Pause Young (Normal) (G1 Evacuation Pause)
[2024-05-30T14:46:52.541+0000][15151.960s][info][gc,task     ] GC(3173) Using 6 workers of 6 for evacuation
[2024-05-30T14:46:52.643+0000][15152.062s][info][gc,phases   ] GC(3173)   Pre Evacuate Collection Set: 0.2ms
[2024-05-30T14:46:52.643+0000][15152.062s][info][gc,phases   ] GC(3173)   Merge Heap Roots: 0.3ms
[2024-05-30T14:46:52.643+0000][15152.062s][info][gc,phases   ] GC(3173)   Evacuate Collection Set: 82.0ms
[2024-05-30T14:46:52.643+0000][15152.062s][info][gc,phases   ] GC(3173)   Post Evacuate Collection Set: 19.3ms
[2024-05-30T14:46:52.643+0000][15152.062s][info][gc,phases   ] GC(3173)   Other: 0.2ms
[2024-05-30T14:46:52.643+0000][15152.062s][info][gc,heap     ] GC(3173) Eden regions: 812->0(804)
[2024-05-30T14:46:52.643+0000][15152.062s][info][gc,heap     ] GC(3173) Survivor regions: 13->20(104)
[2024-05-30T14:46:52.643+0000][15152.062s][info][gc,heap     ] GC(3173) Old regions: 340->340
[2024-05-30T14:46:52.643+0000][15152.062s][info][gc,heap     ] GC(3173) Archive regions: 2->2
[2024-05-30T14:46:52.643+0000][15152.062s][info][gc,heap     ] GC(3173) Humongous regions: 41->41
[2024-05-30T14:46:52.643+0000][15152.062s][info][gc,metaspace] GC(3173) Metaspace: 434966K(440960K)->434966K(440960K) NonClass: 380856K(384128K)->380856K(384128K) Class: 54110K(56832K)->54110K(56832K)
[2024-05-30T14:46:52.643+0000][15152.062s][info][gc          ] GC(3173) Pause Young (Normal) (G1 Evacuation Pause) 9650M->3209M(12288M) 101.981ms
[2024-05-30T14:46:52.643+0000][15152.062s][info][gc,cpu      ] GC(3173) User=0.59s Sys=0.00s Real=0.10s
[2024-05-30T14:46:55.228+0000][15154.648s][info][gc,start    ] GC(3174) Pause Young (Concurrent Start) (G1 Evacuation Pause)
[2024-05-30T14:46:55.228+0000][15154.648s][info][gc,task     ] GC(3174) Using 6 workers of 6 for evacuation
[2024-05-30T14:46:55.370+0000][15154.790s][info][gc,phases   ] GC(3174)   Pre Evacuate Collection Set: 0.5ms
[2024-05-30T14:46:55.370+0000][15154.790s][info][gc,phases   ] GC(3174)   Merge Heap Roots: 0.3ms
[2024-05-30T14:46:55.370+0000][15154.790s][info][gc,phases   ] GC(3174)   Evacuate Collection Set: 115.1ms
[2024-05-30T14:46:55.370+0000][15154.790s][info][gc,phases   ] GC(3174)   Post Evacuate Collection Set: 25.8ms
[2024-05-30T14:46:55.370+0000][15154.790s][info][gc,phases   ] GC(3174)   Other: 0.3ms
[2024-05-30T14:46:55.370+0000][15154.790s][info][gc,heap     ] GC(3174) Eden regions: 804->0(791)
[2024-05-30T14:46:55.370+0000][15154.790s][info][gc,heap     ] GC(3174) Survivor regions: 20->27(103)
[2024-05-30T14:46:55.370+0000][15154.790s][info][gc,heap     ] GC(3174) Old regions: 340->340
[2024-05-30T14:46:55.370+0000][15154.790s][info][gc,heap     ] GC(3174) Archive regions: 2->2
[2024-05-30T14:46:55.370+0000][15154.790s][info][gc,heap     ] GC(3174) Humongous regions: 41->41
[2024-05-30T14:46:55.370+0000][15154.790s][info][gc,metaspace] GC(3174) Metaspace: 434966K(440960K)->434966K(440960K) NonClass: 380856K(384128K)->380856K(384128K) Class: 54110K(56832K)->54110K(56832K)
[2024-05-30T14:46:55.370+0000][15154.790s][info][gc          ] GC(3174) Pause Young (Concurrent Start) (G1 Evacuation Pause) 9641M->3263M(12288M) 142.191ms
[2024-05-30T14:46:55.371+0000][15154.790s][info][gc,cpu      ] GC(3174) User=0.82s Sys=0.00s Real=0.15s
[2024-05-30T14:46:55.371+0000][15154.790s][info][gc          ] GC(3175) Concurrent Mark Cycle
[2024-05-30T14:46:55.371+0000][15154.790s][info][gc,marking  ] GC(3175) Concurrent Clear Claimed Marks
[2024-05-30T14:46:55.371+0000][15154.790s][info][gc,marking  ] GC(3175) Concurrent Clear Claimed Marks 0.429ms
[2024-05-30T14:46:55.371+0000][15154.790s][info][gc,marking  ] GC(3175) Concurrent Scan Root Regions
[2024-05-30T14:46:55.466+0000][15154.885s][info][gc,marking  ] GC(3175) Concurrent Scan Root Regions 94.473ms
[2024-05-30T14:46:55.466+0000][15154.885s][info][gc,marking  ] GC(3175) Concurrent Mark
[2024-05-30T14:46:55.466+0000][15154.885s][info][gc,marking  ] GC(3175) Concurrent Mark From Roots
[2024-05-30T14:46:55.466+0000][15154.885s][info][gc,task     ] GC(3175) Using 2 workers of 2 for marking
[2024-05-30T14:46:57.346+0000][15156.765s][info][gc,marking  ] GC(3175) Concurrent Mark From Roots 1880.496ms
[2024-05-30T14:46:57.346+0000][15156.765s][info][gc,marking  ] GC(3175) Concurrent Preclean
[2024-05-30T14:46:57.348+0000][15156.767s][info][gc,marking  ] GC(3175) Concurrent Preclean 2.085ms
[2024-05-30T14:46:57.348+0000][15156.768s][info][gc,start    ] GC(3175) Pause Remark
[2024-05-30T14:46:57.373+0000][15156.792s][info][gc          ] GC(3175) Pause Remark 7239M->7239M(12288M) 24.284ms
[2024-05-30T14:46:57.373+0000][15156.792s][info][gc,cpu      ] GC(3175) User=0.10s Sys=0.00s Real=0.02s
[2024-05-30T14:46:57.373+0000][15156.792s][info][gc,marking  ] GC(3175) Concurrent Mark 1907.258ms
[2024-05-30T14:46:57.373+0000][15156.792s][info][gc,marking  ] GC(3175) Concurrent Rebuild Remembered Sets
[2024-05-30T14:46:58.355+0000][15157.774s][info][gc,start    ] GC(3176) Pause Young (Normal) (G1 Evacuation Pause)
[2024-05-30T14:46:58.355+0000][15157.774s][info][gc,task     ] GC(3176) Using 6 workers of 6 for evacuation
[2024-05-30T14:46:58.502+0000][15157.921s][info][gc,phases   ] GC(3176)   Pre Evacuate Collection Set: 0.2ms
[2024-05-30T14:46:58.502+0000][15157.921s][info][gc,phases   ] GC(3176)   Merge Heap Roots: 0.8ms
[2024-05-30T14:46:58.502+0000][15157.921s][info][gc,phases   ] GC(3176)   Evacuate Collection Set: 122.9ms
[2024-05-30T14:46:58.502+0000][15157.921s][info][gc,phases   ] GC(3176)   Post Evacuate Collection Set: 22.8ms
[2024-05-30T14:46:58.502+0000][15157.921s][info][gc,phases   ] GC(3176)   Other: 0.2ms
[2024-05-30T14:46:58.502+0000][15157.921s][info][gc,heap     ] GC(3176) Eden regions: 791->0(781)
[2024-05-30T14:46:58.502+0000][15157.921s][info][gc,heap     ] GC(3176) Survivor regions: 27->32(103)
[2024-05-30T14:46:58.502+0000][15157.921s][info][gc,heap     ] GC(3176) Old regions: 340->340
[2024-05-30T14:46:58.502+0000][15157.921s][info][gc,heap     ] GC(3176) Archive regions: 2->2
[2024-05-30T14:46:58.502+0000][15157.921s][info][gc,heap     ] GC(3176) Humongous regions: 41->41
[2024-05-30T14:46:58.502+0000][15157.921s][info][gc,metaspace] GC(3176) Metaspace: 434966K(440960K)->434966K(440960K) NonClass: 380856K(384128K)->380856K(384128K) Class: 54110K(56832K)->54110K(56832K)
[2024-05-30T14:46:58.502+0000][15157.921s][info][gc          ] GC(3176) Pause Young (Normal) (G1 Evacuation Pause) 9591M->3307M(12288M) 146.997ms
[2024-05-30T14:46:58.502+0000][15157.921s][info][gc,cpu      ] GC(3176) User=0.86s Sys=0.00s Real=0.15s
[2024-05-30T14:46:58.593+0000][15158.012s][info][gc,marking  ] GC(3175) Concurrent Rebuild Remembered Sets 1219.805ms
[2024-05-30T14:46:58.593+0000][15158.012s][info][gc,start    ] GC(3175) Pause Cleanup
[2024-05-30T14:46:58.593+0000][15158.013s][info][gc          ] GC(3175) Pause Cleanup 3451M->3451M(12288M) 0.581ms
[2024-05-30T14:46:58.593+0000][15158.013s][info][gc,cpu      ] GC(3175) User=0.00s Sys=0.00s Real=0.00s
[2024-05-30T14:46:58.594+0000][15158.013s][info][gc,marking  ] GC(3175) Concurrent Cleanup for Next Mark
[2024-05-30T14:46:58.622+0000][15158.041s][info][gc,marking  ] GC(3175) Concurrent Cleanup for Next Mark 28.397ms
[2024-05-30T14:46:58.622+0000][15158.041s][info][gc          ] GC(3175) Concurrent Mark Cycle 3251.423ms
[2024-05-30T14:47:01.055+0000][15160.475s][info][gc,start    ] GC(3177) Pause Young (Prepare Mixed) (G1 Evacuation Pause)
[2024-05-30T14:47:01.055+0000][15160.475s][info][gc,task     ] GC(3177) Using 6 workers of 6 for evacuation
[2024-05-30T14:47:01.218+0000][15160.638s][info][gc,phases   ] GC(3177)   Pre Evacuate Collection Set: 0.2ms
[2024-05-30T14:47:01.218+0000][15160.638s][info][gc,phases   ] GC(3177)   Merge Heap Roots: 0.4ms
[2024-05-30T14:47:01.218+0000][15160.638s][info][gc,phases   ] GC(3177)   Evacuate Collection Set: 139.2ms
[2024-05-30T14:47:01.218+0000][15160.638s][info][gc,phases   ] GC(3177)   Post Evacuate Collection Set: 23.0ms
[2024-05-30T14:47:01.218+0000][15160.638s][info][gc,phases   ] GC(3177)   Other: 0.2ms
[2024-05-30T14:47:01.218+0000][15160.638s][info][gc,heap     ] GC(3177) Eden regions: 781->0(40)
[2024-05-30T14:47:01.218+0000][15160.638s][info][gc,heap     ] GC(3177) Survivor regions: 32->36(102)
[2024-05-30T14:47:01.218+0000][15160.638s][info][gc,heap     ] GC(3177) Old regions: 340->340
[2024-05-30T14:47:01.218+0000][15160.638s][info][gc,heap     ] GC(3177) Archive regions: 2->2
[2024-05-30T14:47:01.218+0000][15160.638s][info][gc,heap     ] GC(3177) Humongous regions: 41->41
[2024-05-30T14:47:01.218+0000][15160.638s][info][gc,metaspace] GC(3177) Metaspace: 434966K(440960K)->434966K(440960K) NonClass: 380856K(384128K)->380856K(384128K) Class: 54110K(56832K)->54110K(56832K)
[2024-05-30T14:47:01.218+0000][15160.638s][info][gc          ] GC(3177) Pause Young (Prepare Mixed) (G1 Evacuation Pause) 9555M->3335M(12288M) 163.115ms
[2024-05-30T14:47:01.219+0000][15160.638s][info][gc,cpu      ] GC(3177) User=0.95s Sys=0.01s Real=0.17s
[2024-05-30T14:47:01.327+0000][15160.746s][info][gc,start    ] GC(3178) Pause Young (Mixed) (G1 Evacuation Pause)
[2024-05-30T14:47:01.327+0000][15160.746s][info][gc,task     ] GC(3178) Using 6 workers of 6 for evacuation
[2024-05-30T14:47:01.481+0000][15160.901s][info][gc,phases   ] GC(3178)   Pre Evacuate Collection Set: 0.2ms
[2024-05-30T14:47:01.482+0000][15160.901s][info][gc,phases   ] GC(3178)   Merge Heap Roots: 0.4ms
[2024-05-30T14:47:01.482+0000][15160.901s][info][gc,phases   ] GC(3178)   Evacuate Collection Set: 151.5ms
[2024-05-30T14:47:01.482+0000][15160.901s][info][gc,phases   ] GC(3178)   Post Evacuate Collection Set: 2.1ms
[2024-05-30T14:47:01.482+0000][15160.901s][info][gc,phases   ] GC(3178)   Other: 0.2ms
[2024-05-30T14:47:01.482+0000][15160.901s][info][gc,heap     ] GC(3178) Eden regions: 40->0(800)
[2024-05-30T14:47:01.482+0000][15160.901s][info][gc,heap     ] GC(3178) Survivor regions: 36->3(10)
[2024-05-30T14:47:01.482+0000][15160.901s][info][gc,heap     ] GC(3178) Old regions: 340->362
[2024-05-30T14:47:01.482+0000][15160.901s][info][gc,heap     ] GC(3178) Archive regions: 2->2
[2024-05-30T14:47:01.482+0000][15160.901s][info][gc,heap     ] GC(3178) Humongous regions: 41->41
[2024-05-30T14:47:01.482+0000][15160.901s][info][gc,metaspace] GC(3178) Metaspace: 434966K(440960K)->434966K(440960K) NonClass: 380856K(384128K)->380856K(384128K) Class: 54110K(56832K)->54110K(56832K)
[2024-05-30T14:47:01.482+0000][15160.901s][info][gc          ] GC(3178) Pause Young (Mixed) (G1 Evacuation Pause) 3655M->3250M(12288M) 154.422ms
[2024-05-30T14:47:01.482+0000][15160.901s][info][gc,cpu      ] GC(3178) User=0.92s Sys=0.00s Real=0.16s
[2024-05-30T14:47:03.697+0000][15163.116s][info][gc,start    ] GC(3179) Pause Young (Normal) (G1 Evacuation Pause)
[2024-05-30T14:47:03.697+0000][15163.116s][info][gc,task     ] GC(3179) Using 6 workers of 6 for evacuation
[2024-05-30T14:47:03.751+0000][15163.170s][info][gc,phases   ] GC(3179)   Pre Evacuate Collection Set: 0.2ms
[2024-05-30T14:47:03.751+0000][15163.170s][info][gc,phases   ] GC(3179)   Merge Heap Roots: 0.3ms
[2024-05-30T14:47:03.751+0000][15163.170s][info][gc,phases   ] GC(3179)   Evacuate Collection Set: 40.1ms
[2024-05-30T14:47:03.751+0000][15163.170s][info][gc,phases   ] GC(3179)   Post Evacuate Collection Set: 13.4ms
[2024-05-30T14:47:03.751+0000][15163.170s][info][gc,phases   ] GC(3179)   Other: 0.2ms
[2024-05-30T14:47:03.751+0000][15163.170s][info][gc,heap     ] GC(3179) Eden regions: 800->0(798)
[2024-05-30T14:47:03.751+0000][15163.170s][info][gc,heap     ] GC(3179) Survivor regions: 3->6(101)
[2024-05-30T14:47:03.751+0000][15163.170s][info][gc,heap     ] GC(3179) Old regions: 362->362
[2024-05-30T14:47:03.751+0000][15163.170s][info][gc,heap     ] GC(3179) Archive regions: 2->2
[2024-05-30T14:47:03.751+0000][15163.170s][info][gc,heap     ] GC(3179) Humongous regions: 41->41
[2024-05-30T14:47:03.751+0000][15163.170s][info][gc,metaspace] GC(3179) Metaspace: 434966K(440960K)->434966K(440960K) NonClass: 380856K(384128K)->380856K(384128K) Class: 54110K(56832K)->54110K(56832K)
[2024-05-30T14:47:03.751+0000][15163.170s][info][gc          ] GC(3179) Pause Young (Normal) (G1 Evacuation Pause) 9650M->3272M(12288M) 54.246ms
[2024-05-30T14:47:03.751+0000][15163.170s][info][gc,cpu      ] GC(3179) User=0.31s Sys=0.00s Real=0.05s
[2024-05-30T14:47:05.920+0000][15165.340s][info][gc,start    ] GC(3180) Pause Young (Normal) (G1 Evacuation Pause)
[2024-05-30T14:47:05.920+0000][15165.340s][info][gc,task     ] GC(3180) Using 6 workers of 6 for evacuation
[2024-05-30T14:47:05.993+0000][15165.412s][info][gc,phases   ] GC(3180)   Pre Evacuate Collection Set: 0.1ms
[2024-05-30T14:47:05.993+0000][15165.412s][info][gc,phases   ] GC(3180)   Merge Heap Roots: 0.3ms
[2024-05-30T14:47:05.993+0000][15165.412s][info][gc,phases   ] GC(3180)   Evacuate Collection Set: 55.8ms
[2024-05-30T14:47:05.993+0000][15165.412s][info][gc,phases   ] GC(3180)   Post Evacuate Collection Set: 15.9ms
[2024-05-30T14:47:05.993+0000][15165.412s][info][gc,phases   ] GC(3180)   Other: 0.2ms
[2024-05-30T14:47:05.993+0000][15165.412s][info][gc,heap     ] GC(3180) Eden regions: 798->0(796)
[2024-05-30T14:47:05.993+0000][15165.412s][info][gc,heap     ] GC(3180) Survivor regions: 6->9(101)
[2024-05-30T14:47:05.993+0000][15165.412s][info][gc,heap     ] GC(3180) Old regions: 362->362
[2024-05-30T14:47:05.993+0000][15165.412s][info][gc,heap     ] GC(3180) Archive regions: 2->2
[2024-05-30T14:47:05.993+0000][15165.412s][info][gc,heap     ] GC(3180) Humongous regions: 41->41
[2024-05-30T14:47:05.993+0000][15165.412s][info][gc,metaspace] GC(3180) Metaspace: 434966K(440960K)->434966K(440960K) NonClass: 380856K(384128K)->380856K(384128K) Class: 54110K(56832K)->54110K(56832K)
[2024-05-30T14:47:05.993+0000][15165.412s][info][gc          ] GC(3180) Pause Young (Normal) (G1 Evacuation Pause) 9656M->3296M(12288M) 72.466ms
[2024-05-30T14:47:05.993+0000][15165.412s][info][gc,cpu      ] GC(3180) User=0.43s Sys=0.00s Real=0.07s
[2024-05-30T14:47:08.144+0000][15167.563s][info][gc,start    ] GC(3181) Pause Young (Concurrent Start) (G1 Evacuation Pause)
[2024-05-30T14:47:08.144+0000][15167.563s][info][gc,task     ] GC(3181) Using 6 workers of 6 for evacuation
[2024-05-30T14:47:08.210+0000][15167.630s][info][gc,phases   ] GC(3181)   Pre Evacuate Collection Set: 0.5ms
[2024-05-30T14:47:08.210+0000][15167.630s][info][gc,phases   ] GC(3181)   Merge Heap Roots: 0.3ms
[2024-05-30T14:47:08.210+0000][15167.630s][info][gc,phases   ] GC(3181)   Evacuate Collection Set: 53.8ms
[2024-05-30T14:47:08.210+0000][15167.630s][info][gc,phases   ] GC(3181)   Post Evacuate Collection Set: 11.4ms
[2024-05-30T14:47:08.210+0000][15167.630s][info][gc,phases   ] GC(3181)   Other: 0.3ms
[2024-05-30T14:47:08.210+0000][15167.630s][info][gc,heap     ] GC(3181) Eden regions: 796->0(796)
[2024-05-30T14:47:08.210+0000][15167.630s][info][gc,heap     ] GC(3181) Survivor regions: 9->11(101)
[2024-05-30T14:47:08.210+0000][15167.630s][info][gc,heap     ] GC(3181) Old regions: 362->362
[2024-05-30T14:47:08.210+0000][15167.630s][info][gc,heap     ] GC(3181) Archive regions: 2->2
[2024-05-30T14:47:08.210+0000][15167.630s][info][gc,heap     ] GC(3181) Humongous regions: 41->41
[2024-05-30T14:47:08.210+0000][15167.630s][info][gc,metaspace] GC(3181) Metaspace: 434966K(440960K)->434966K(440960K) NonClass: 380856K(384128K)->380856K(384128K) Class: 54110K(56832K)->54110K(56832K)
[2024-05-30T14:47:08.210+0000][15167.630s][info][gc          ] GC(3181) Pause Young (Concurrent Start) (G1 Evacuation Pause) 9664M->3314M(12288M) 66.362ms
[2024-05-30T14:47:08.210+0000][15167.630s][info][gc,cpu      ] GC(3181) User=0.38s Sys=0.00s Real=0.07s
[2024-05-30T14:47:08.210+0000][15167.630s][info][gc          ] GC(3182) Concurrent Mark Cycle
[2024-05-30T14:47:08.211+0000][15167.630s][info][gc,marking  ] GC(3182) Concurrent Clear Claimed Marks
[2024-05-30T14:47:08.211+0000][15167.630s][info][gc,marking  ] GC(3182) Concurrent Clear Claimed Marks 0.412ms
[2024-05-30T14:47:08.211+0000][15167.630s][info][gc,marking  ] GC(3182) Concurrent Scan Root Regions
[2024-05-30T14:47:08.251+0000][15167.671s][info][gc,marking  ] GC(3182) Concurrent Scan Root Regions 40.421ms
[2024-05-30T14:47:08.251+0000][15167.671s][info][gc,marking  ] GC(3182) Concurrent Mark
[2024-05-30T14:47:08.251+0000][15167.671s][info][gc,marking  ] GC(3182) Concurrent Mark From Roots
[2024-05-30T14:47:08.251+0000][15167.671s][info][gc,task     ] GC(3182) Using 2 workers of 2 for marking
[2024-05-30T14:47:10.458+0000][15169.877s][info][gc,marking  ] GC(3182) Concurrent Mark From Roots 2206.757ms
[2024-05-30T14:47:10.458+0000][15169.877s][info][gc,marking  ] GC(3182) Concurrent Preclean
[2024-05-30T14:47:10.460+0000][15169.879s][info][gc,marking  ] GC(3182) Concurrent Preclean 1.757ms
[2024-05-30T14:47:10.460+0000][15169.879s][info][gc,start    ] GC(3182) Pause Remark
[2024-05-30T14:47:10.485+0000][15169.904s][info][gc          ] GC(3182) Pause Remark 4762M->4762M(12288M) 24.526ms
[2024-05-30T14:47:10.485+0000][15169.904s][info][gc,cpu      ] GC(3182) User=0.11s Sys=0.00s Real=0.02s
[2024-05-30T14:47:10.485+0000][15169.904s][info][gc,marking  ] GC(3182) Concurrent Mark 2233.400ms
[2024-05-30T14:47:10.485+0000][15169.904s][info][gc,marking  ] GC(3182) Concurrent Rebuild Remembered Sets
[2024-05-30T14:47:11.663+0000][15171.082s][info][gc,marking  ] GC(3182) Concurrent Rebuild Remembered Sets 1177.877ms
[2024-05-30T14:47:11.663+0000][15171.082s][info][gc,start    ] GC(3182) Pause Cleanup
[2024-05-30T14:47:11.663+0000][15171.083s][info][gc          ] GC(3182) Pause Cleanup 5330M->5330M(12288M) 0.598ms
[2024-05-30T14:47:11.664+0000][15171.083s][info][gc,cpu      ] GC(3182) User=0.00s Sys=0.00s Real=0.00s
[2024-05-30T14:47:11.664+0000][15171.083s][info][gc,marking  ] GC(3182) Concurrent Cleanup for Next Mark
[2024-05-30T14:47:11.680+0000][15171.099s][info][gc,marking  ] GC(3182) Concurrent Cleanup for Next Mark 16.433ms
[2024-05-30T14:47:11.680+0000][15171.099s][info][gc          ] GC(3182) Concurrent Mark Cycle 3469.580ms
[2024-05-30T14:47:20.582+0000][15180.002s][info][gc,start    ] GC(3183) Pause Young (Prepare Mixed) (G1 Evacuation Pause)
[2024-05-30T14:47:20.582+0000][15180.002s][info][gc,task     ] GC(3183) Using 6 workers of 6 for evacuation
[2024-05-30T14:47:20.634+0000][15180.053s][info][gc,phases   ] GC(3183)   Pre Evacuate Collection Set: 0.2ms
[2024-05-30T14:47:20.634+0000][15180.053s][info][gc,phases   ] GC(3183)   Merge Heap Roots: 0.4ms
[2024-05-30T14:47:20.634+0000][15180.053s][info][gc,phases   ] GC(3183)   Evacuate Collection Set: 47.8ms
[2024-05-30T14:47:20.634+0000][15180.053s][info][gc,phases   ] GC(3183)   Post Evacuate Collection Set: 3.3ms
[2024-05-30T14:47:20.634+0000][15180.053s][info][gc,phases   ] GC(3183)   Other: 0.2ms
[2024-05-30T14:47:20.634+0000][15180.053s][info][gc,heap     ] GC(3183) Eden regions: 796->0(62)
[2024-05-30T14:47:20.634+0000][15180.053s][info][gc,heap     ] GC(3183) Survivor regions: 11->14(101)
[2024-05-30T14:47:20.634+0000][15180.053s][info][gc,heap     ] GC(3183) Old regions: 362->362
[2024-05-30T14:47:20.634+0000][15180.053s][info][gc,heap     ] GC(3183) Archive regions: 2->2
[2024-05-30T14:47:20.634+0000][15180.053s][info][gc,heap     ] GC(3183) Humongous regions: 41->41
[2024-05-30T14:47:20.634+0000][15180.053s][info][gc,metaspace] GC(3183) Metaspace: 434966K(440960K)->434966K(440960K) NonClass: 380856K(384128K)->380856K(384128K) Class: 54110K(56832K)->54110K(56832K)
[2024-05-30T14:47:20.634+0000][15180.053s][info][gc          ] GC(3183) Pause Young (Prepare Mixed) (G1 Evacuation Pause) 9682M->3337M(12288M) 51.938ms
[2024-05-30T14:47:20.634+0000][15180.054s][info][gc,cpu      ] GC(3183) User=0.30s Sys=0.00s Real=0.05s
[2024-05-30T14:47:21.680+0000][15181.099s][info][gc,start    ] GC(3184) Pause Young (Mixed) (G1 Evacuation Pause)
[2024-05-30T14:47:21.680+0000][15181.099s][info][gc,task     ] GC(3184) Using 6 workers of 6 for evacuation
[2024-05-30T14:47:21.754+0000][15181.174s][info][gc,phases   ] GC(3184)   Pre Evacuate Collection Set: 0.2ms
[2024-05-30T14:47:21.755+0000][15181.174s][info][gc,phases   ] GC(3184)   Merge Heap Roots: 0.4ms
[2024-05-30T14:47:21.755+0000][15181.174s][info][gc,phases   ] GC(3184)   Evacuate Collection Set: 72.6ms
[2024-05-30T14:47:21.755+0000][15181.174s][info][gc,phases   ] GC(3184)   Post Evacuate Collection Set: 1.4ms
[2024-05-30T14:47:21.755+0000][15181.174s][info][gc,phases   ] GC(3184)   Other: 0.2ms
[2024-05-30T14:47:21.755+0000][15181.174s][info][gc,heap     ] GC(3184) Eden regions: 62->0(802)
[2024-05-30T14:47:21.755+0000][15181.174s][info][gc,heap     ] GC(3184) Survivor regions: 14->7(10)
[2024-05-30T14:47:21.755+0000][15181.174s][info][gc,heap     ] GC(3184) Old regions: 362->359
[2024-05-30T14:47:21.755+0000][15181.174s][info][gc,heap     ] GC(3184) Archive regions: 2->2
[2024-05-30T14:47:21.755+0000][15181.174s][info][gc,heap     ] GC(3184) Humongous regions: 41->41
[2024-05-30T14:47:21.755+0000][15181.174s][info][gc,metaspace] GC(3184) Metaspace: 434966K(440960K)->434966K(440960K) NonClass: 380856K(384128K)->380856K(384128K) Class: 54110K(56832K)->54110K(56832K)
[2024-05-30T14:47:21.755+0000][15181.174s][info][gc          ] GC(3184) Pause Young (Mixed) (G1 Evacuation Pause) 3833M->3250M(12288M) 74.808ms
[2024-05-30T14:47:21.755+0000][15181.174s][info][gc,cpu      ] GC(3184) User=0.45s Sys=0.00s Real=0.07s
[2024-05-30T14:47:34.866+0000][15194.285s][info][gc,start    ] GC(3185) Pause Young (Normal) (G1 Evacuation Pause)
[2024-05-30T14:47:34.866+0000][15194.285s][info][gc,task     ] GC(3185) Using 6 workers of 6 for evacuation
[2024-05-30T14:47:34.898+0000][15194.318s][info][gc,phases   ] GC(3185)   Pre Evacuate Collection Set: 0.2ms
[2024-05-30T14:47:34.898+0000][15194.318s][info][gc,phases   ] GC(3185)   Merge Heap Roots: 0.2ms
[2024-05-30T14:47:34.898+0000][15194.318s][info][gc,phases   ] GC(3185)   Evacuate Collection Set: 29.5ms
[2024-05-30T14:47:34.898+0000][15194.318s][info][gc,phases   ] GC(3185)   Post Evacuate Collection Set: 2.4ms
[2024-05-30T14:47:34.898+0000][15194.318s][info][gc,phases   ] GC(3185)   Other: 0.2ms
[2024-05-30T14:47:34.898+0000][15194.318s][info][gc,heap     ] GC(3185) Eden regions: 802->0(798)
[2024-05-30T14:47:34.898+0000][15194.318s][info][gc,heap     ] GC(3185) Survivor regions: 7->11(102)
[2024-05-30T14:47:34.898+0000][15194.318s][info][gc,heap     ] GC(3185) Old regions: 359->359
[2024-05-30T14:47:34.898+0000][15194.318s][info][gc,heap     ] GC(3185) Archive regions: 2->2
[2024-05-30T14:47:34.898+0000][15194.318s][info][gc,heap     ] GC(3185) Humongous regions: 41->41
[2024-05-30T14:47:34.898+0000][15194.318s][info][gc,metaspace] GC(3185) Metaspace: 434991K(441024K)->434991K(441024K) NonClass: 380880K(384192K)->380880K(384192K) Class: 54110K(56832K)->54110K(56832K)
[2024-05-30T14:47:34.898+0000][15194.318s][info][gc          ] GC(3185) Pause Young (Normal) (G1 Evacuation Pause) 9666M->3281M(12288M) 32.639ms
[2024-05-30T14:47:34.898+0000][15194.318s][info][gc,cpu      ] GC(3185) User=0.19s Sys=0.00s Real=0.04s
[2024-05-30T14:47:50.692+0000][15210.111s][info][gc,start    ] GC(3186) Pause Young (Normal) (G1 Evacuation Pause)
[2024-05-30T14:47:50.692+0000][15210.111s][info][gc,task     ] GC(3186) Using 6 workers of 6 for evacuation
[2024-05-30T14:47:50.726+0000][15210.145s][info][gc,phases   ] GC(3186)   Pre Evacuate Collection Set: 0.2ms
[2024-05-30T14:47:50.726+0000][15210.145s][info][gc,phases   ] GC(3186)   Merge Heap Roots: 0.3ms
[2024-05-30T14:47:50.726+0000][15210.145s][info][gc,phases   ] GC(3186)   Evacuate Collection Set: 31.2ms
[2024-05-30T14:47:50.726+0000][15210.145s][info][gc,phases   ] GC(3186)   Post Evacuate Collection Set: 2.2ms
[2024-05-30T14:47:50.726+0000][15210.145s][info][gc,phases   ] GC(3186)   Other: 0.2ms
[2024-05-30T14:47:50.726+0000][15210.145s][info][gc,heap     ] GC(3186) Eden regions: 798->0(794)
[2024-05-30T14:47:50.726+0000][15210.145s][info][gc,heap     ] GC(3186) Survivor regions: 11->15(102)
[2024-05-30T14:47:50.726+0000][15210.145s][info][gc,heap     ] GC(3186) Old regions: 359->359
[2024-05-30T14:47:50.726+0000][15210.145s][info][gc,heap     ] GC(3186) Archive regions: 2->2
[2024-05-30T14:47:50.726+0000][15210.145s][info][gc,heap     ] GC(3186) Humongous regions: 41->41
[2024-05-30T14:47:50.726+0000][15210.145s][info][gc,metaspace] GC(3186) Metaspace: 435094K(441152K)->435094K(441152K) NonClass: 380983K(384320K)->380983K(384320K) Class: 54110K(56832K)->54110K(56832K)
[2024-05-30T14:47:50.726+0000][15210.145s][info][gc          ] GC(3186) Pause Young (Normal) (G1 Evacuation Pause) 9665M->3313M(12288M) 34.154ms
[2024-05-30T14:47:50.726+0000][15210.145s][info][gc,cpu      ] GC(3186) User=0.20s Sys=0.00s Real=0.03s
[2024-05-30T14:48:05.016+0000][15224.436s][info][gc,start    ] GC(3187) Pause Young (Concurrent Start) (G1 Evacuation Pause)
[2024-05-30T14:48:05.016+0000][15224.436s][info][gc,task     ] GC(3187) Using 6 workers of 6 for evacuation
[2024-05-30T14:48:05.071+0000][15224.490s][info][gc,phases   ] GC(3187)   Pre Evacuate Collection Set: 0.5ms
[2024-05-30T14:48:05.071+0000][15224.490s][info][gc,phases   ] GC(3187)   Merge Heap Roots: 0.2ms
[2024-05-30T14:48:05.071+0000][15224.490s][info][gc,phases   ] GC(3187)   Evacuate Collection Set: 50.8ms
[2024-05-30T14:48:05.071+0000][15224.490s][info][gc,phases   ] GC(3187)   Post Evacuate Collection Set: 2.4ms
[2024-05-30T14:48:05.071+0000][15224.490s][info][gc,phases   ] GC(3187)   Other: 0.3ms
[2024-05-30T14:48:05.071+0000][15224.490s][info][gc,heap     ] GC(3187) Eden regions: 794->0(790)
[2024-05-30T14:48:05.071+0000][15224.490s][info][gc,heap     ] GC(3187) Survivor regions: 15->18(102)
[2024-05-30T14:48:05.071+0000][15224.490s][info][gc,heap     ] GC(3187) Old regions: 359->359
[2024-05-30T14:48:05.071+0000][15224.490s][info][gc,heap     ] GC(3187) Archive regions: 2->2
[2024-05-30T14:48:05.071+0000][15224.490s][info][gc,heap     ] GC(3187) Humongous regions: 41->41
[2024-05-30T14:48:05.071+0000][15224.490s][info][gc,metaspace] GC(3187) Metaspace: 435098K(441152K)->435098K(441152K) NonClass: 380987K(384320K)->380987K(384320K) Class: 54110K(56832K)->54110K(56832K)
[2024-05-30T14:48:05.071+0000][15224.490s][info][gc          ] GC(3187) Pause Young (Concurrent Start) (G1 Evacuation Pause) 9665M->3341M(12288M) 54.310ms
[2024-05-30T14:48:05.071+0000][15224.490s][info][gc,cpu      ] GC(3187) User=0.31s Sys=0.00s Real=0.05s
[2024-05-30T14:48:05.071+0000][15224.490s][info][gc          ] GC(3188) Concurrent Mark Cycle
[2024-05-30T14:48:05.071+0000][15224.490s][info][gc,marking  ] GC(3188) Concurrent Clear Claimed Marks
[2024-05-30T14:48:05.071+0000][15224.491s][info][gc,marking  ] GC(3188) Concurrent Clear Claimed Marks 0.431ms
[2024-05-30T14:48:05.071+0000][15224.491s][info][gc,marking  ] GC(3188) Concurrent Scan Root Regions
[2024-05-30T14:48:05.100+0000][15224.519s][info][gc,marking  ] GC(3188) Concurrent Scan Root Regions 28.667ms
[2024-05-30T14:48:05.100+0000][15224.519s][info][gc,marking  ] GC(3188) Concurrent Mark
[2024-05-30T14:48:05.100+0000][15224.519s][info][gc,marking  ] GC(3188) Concurrent Mark From Roots
[2024-05-30T14:48:05.100+0000][15224.519s][info][gc,task     ] GC(3188) Using 2 workers of 2 for marking
[2024-05-30T14:48:07.135+0000][15226.555s][info][gc,marking  ] GC(3188) Concurrent Mark From Roots 2035.401ms
[2024-05-30T14:48:07.135+0000][15226.555s][info][gc,marking  ] GC(3188) Concurrent Preclean
[2024-05-30T14:48:07.137+0000][15226.556s][info][gc,marking  ] GC(3188) Concurrent Preclean 1.797ms
[2024-05-30T14:48:07.137+0000][15226.557s][info][gc,start    ] GC(3188) Pause Remark
[2024-05-30T14:48:07.162+0000][15226.581s][info][gc          ] GC(3188) Pause Remark 4189M->4189M(12288M) 24.445ms
[2024-05-30T14:48:07.162+0000][15226.581s][info][gc,cpu      ] GC(3188) User=0.11s Sys=0.00s Real=0.02s
[2024-05-30T14:48:07.162+0000][15226.581s][info][gc,marking  ] GC(3188) Concurrent Mark 2061.958ms
[2024-05-30T14:48:07.162+0000][15226.581s][info][gc,marking  ] GC(3188) Concurrent Rebuild Remembered Sets
[2024-05-30T14:48:08.355+0000][15227.775s][info][gc,marking  ] GC(3188) Concurrent Rebuild Remembered Sets 1193.477ms
[2024-05-30T14:48:08.356+0000][15227.775s][info][gc,start    ] GC(3188) Pause Cleanup
[2024-05-30T14:48:08.356+0000][15227.775s][info][gc          ] GC(3188) Pause Cleanup 4757M->4757M(12288M) 0.615ms
[2024-05-30T14:48:08.356+0000][15227.776s][info][gc,cpu      ] GC(3188) User=0.00s Sys=0.00s Real=0.00s
[2024-05-30T14:48:08.356+0000][15227.776s][info][gc,marking  ] GC(3188) Concurrent Cleanup for Next Mark
[2024-05-30T14:48:08.373+0000][15227.792s][info][gc,marking  ] GC(3188) Concurrent Cleanup for Next Mark 16.648ms
[2024-05-30T14:48:08.373+0000][15227.792s][info][gc          ] GC(3188) Concurrent Mark Cycle 3302.279ms
[2024-05-30T14:48:17.882+0000][15237.301s][info][gc,start    ] GC(3189) Pause Young (Prepare Mixed) (G1 Evacuation Pause)
[2024-05-30T14:48:17.882+0000][15237.301s][info][gc,task     ] GC(3189) Using 6 workers of 6 for evacuation
[2024-05-30T14:48:17.927+0000][15237.346s][info][gc,phases   ] GC(3189)   Pre Evacuate Collection Set: 0.2ms
[2024-05-30T14:48:17.927+0000][15237.346s][info][gc,phases   ] GC(3189)   Merge Heap Roots: 0.3ms
[2024-05-30T14:48:17.927+0000][15237.346s][info][gc,phases   ] GC(3189)   Evacuate Collection Set: 42.2ms
[2024-05-30T14:48:17.927+0000][15237.346s][info][gc,phases   ] GC(3189)   Post Evacuate Collection Set: 2.3ms
[2024-05-30T14:48:17.927+0000][15237.346s][info][gc,phases   ] GC(3189)   Other: 0.2ms
[2024-05-30T14:48:17.927+0000][15237.346s][info][gc,heap     ] GC(3189) Eden regions: 790->0(58)
[2024-05-30T14:48:17.927+0000][15237.346s][info][gc,heap     ] GC(3189) Survivor regions: 18->18(101)
[2024-05-30T14:48:17.927+0000][15237.346s][info][gc,heap     ] GC(3189) Old regions: 359->359
[2024-05-30T14:48:17.927+0000][15237.346s][info][gc,heap     ] GC(3189) Archive regions: 2->2
[2024-05-30T14:48:17.927+0000][15237.346s][info][gc,heap     ] GC(3189) Humongous regions: 41->41
[2024-05-30T14:48:17.927+0000][15237.346s][info][gc,metaspace] GC(3189) Metaspace: 435098K(441152K)->435098K(441152K) NonClass: 380987K(384320K)->380987K(384320K) Class: 54110K(56832K)->54110K(56832K)
[2024-05-30T14:48:17.927+0000][15237.346s][info][gc          ] GC(3189) Pause Young (Prepare Mixed) (G1 Evacuation Pause) 9661M->3343M(12288M) 45.187ms
[2024-05-30T14:48:17.927+0000][15237.346s][info][gc,cpu      ] GC(3189) User=0.27s Sys=0.00s Real=0.04s
[2024-05-30T14:48:18.928+0000][15238.348s][info][gc,start    ] GC(3190) Pause Young (Mixed) (G1 Evacuation Pause)
[2024-05-30T14:48:18.928+0000][15238.348s][info][gc,task     ] GC(3190) Using 6 workers of 6 for evacuation
[2024-05-30T14:48:19.004+0000][15238.424s][info][gc,phases   ] GC(3190)   Pre Evacuate Collection Set: 0.2ms
[2024-05-30T14:48:19.004+0000][15238.424s][info][gc,phases   ] GC(3190)   Merge Heap Roots: 0.3ms
[2024-05-30T14:48:19.004+0000][15238.424s][info][gc,phases   ] GC(3190)   Evacuate Collection Set: 73.9ms
[2024-05-30T14:48:19.004+0000][15238.424s][info][gc,phases   ] GC(3190)   Post Evacuate Collection Set: 1.4ms
[2024-05-30T14:48:19.004+0000][15238.424s][info][gc,phases   ] GC(3190)   Other: 0.2ms
[2024-05-30T14:48:19.004+0000][15238.424s][info][gc,heap     ] GC(3190) Eden regions: 58->0(800)
[2024-05-30T14:48:19.004+0000][15238.424s][info][gc,heap     ] GC(3190) Survivor regions: 18->7(10)
[2024-05-30T14:48:19.004+0000][15238.424s][info][gc,heap     ] GC(3190) Old regions: 359->361
[2024-05-30T14:48:19.004+0000][15238.424s][info][gc,heap     ] GC(3190) Archive regions: 2->2
[2024-05-30T14:48:19.004+0000][15238.424s][info][gc,heap     ] GC(3190) Humongous regions: 41->41
[2024-05-30T14:48:19.004+0000][15238.424s][info][gc,metaspace] GC(3190) Metaspace: 435098K(441152K)->435098K(441152K) NonClass: 380987K(384320K)->380987K(384320K) Class: 54110K(56832K)->54110K(56832K)
[2024-05-30T14:48:19.004+0000][15238.424s][info][gc          ] GC(3190) Pause Young (Mixed) (G1 Evacuation Pause) 3807M->3267M(12288M) 76.060ms
[2024-05-30T14:48:19.004+0000][15238.424s][info][gc,cpu      ] GC(3190) User=0.44s Sys=0.01s Real=0.07s
[2024-05-30T14:48:34.454+0000][15253.873s][info][gc,start    ] GC(3191) Pause Young (Normal) (G1 Evacuation Pause)
[2024-05-30T14:48:34.454+0000][15253.873s][info][gc,task     ] GC(3191) Using 6 workers of 6 for evacuation
[2024-05-30T14:48:34.480+0000][15253.899s][info][gc,phases   ] GC(3191)   Pre Evacuate Collection Set: 0.2ms
[2024-05-30T14:48:34.480+0000][15253.899s][info][gc,phases   ] GC(3191)   Merge Heap Roots: 0.3ms
[2024-05-30T14:48:34.480+0000][15253.899s][info][gc,phases   ] GC(3191)   Evacuate Collection Set: 23.6ms
[2024-05-30T14:48:34.480+0000][15253.899s][info][gc,phases   ] GC(3191)   Post Evacuate Collection Set: 2.1ms
[2024-05-30T14:48:34.480+0000][15253.899s][info][gc,phases   ] GC(3191)   Other: 0.2ms
[2024-05-30T14:48:34.480+0000][15253.899s][info][gc,heap     ] GC(3191) Eden regions: 800->0(797)
[2024-05-30T14:48:34.480+0000][15253.899s][info][gc,heap     ] GC(3191) Survivor regions: 7->10(101)
[2024-05-30T14:48:34.480+0000][15253.899s][info][gc,heap     ] GC(3191) Old regions: 361->361
[2024-05-30T14:48:34.480+0000][15253.899s][info][gc,heap     ] GC(3191) Archive regions: 2->2
[2024-05-30T14:48:34.480+0000][15253.899s][info][gc,heap     ] GC(3191) Humongous regions: 41->41
[2024-05-30T14:48:34.480+0000][15253.899s][info][gc,metaspace] GC(3191) Metaspace: 435098K(441152K)->435098K(441152K) NonClass: 380987K(384320K)->380987K(384320K) Class: 54110K(56832K)->54110K(56832K)
[2024-05-30T14:48:34.480+0000][15253.899s][info][gc          ] GC(3191) Pause Young (Normal) (G1 Evacuation Pause) 9667M->3292M(12288M) 26.315ms
[2024-05-30T14:48:34.480+0000][15253.899s][info][gc,cpu      ] GC(3191) User=0.16s Sys=0.00s Real=0.03s
[2024-05-30T14:48:48.148+0000][15267.567s][info][gc,start    ] GC(3192) Pause Young (Normal) (G1 Evacuation Pause)
[2024-05-30T14:48:48.148+0000][15267.567s][info][gc,task     ] GC(3192) Using 6 workers of 6 for evacuation
[2024-05-30T14:48:48.182+0000][15267.602s][info][gc,phases   ] GC(3192)   Pre Evacuate Collection Set: 0.2ms
[2024-05-30T14:48:48.182+0000][15267.602s][info][gc,phases   ] GC(3192)   Merge Heap Roots: 0.2ms
[2024-05-30T14:48:48.182+0000][15267.602s][info][gc,phases   ] GC(3192)   Evacuate Collection Set: 31.6ms
[2024-05-30T14:48:48.183+0000][15267.602s][info][gc,phases   ] GC(3192)   Post Evacuate Collection Set: 2.1ms
[2024-05-30T14:48:48.183+0000][15267.602s][info][gc,phases   ] GC(3192)   Other: 0.2ms
[2024-05-30T14:48:48.183+0000][15267.602s][info][gc,heap     ] GC(3192) Eden regions: 797->0(790)
[2024-05-30T14:48:48.183+0000][15267.602s][info][gc,heap     ] GC(3192) Survivor regions: 10->15(101)
[2024-05-30T14:48:48.183+0000][15267.602s][info][gc,heap     ] GC(3192) Old regions: 361->361
[2024-05-30T14:48:48.183+0000][15267.602s][info][gc,heap     ] GC(3192) Archive regions: 2->2
[2024-05-30T14:48:48.183+0000][15267.602s][info][gc,heap     ] GC(3192) Humongous regions: 41->41
[2024-05-30T14:48:48.183+0000][15267.602s][info][gc,metaspace] GC(3192) Metaspace: 435098K(441152K)->435098K(441152K) NonClass: 380987K(384320K)->380987K(384320K) Class: 54110K(56832K)->54110K(56832K)
[2024-05-30T14:48:48.183+0000][15267.602s][info][gc          ] GC(3192) Pause Young (Normal) (G1 Evacuation Pause) 9668M->3330M(12288M) 34.370ms
[2024-05-30T14:48:48.183+0000][15267.602s][info][gc,cpu      ] GC(3192) User=0.20s Sys=0.00s Real=0.04s
[2024-05-30T14:49:02.498+0000][15281.918s][info][gc,start    ] GC(3193) Pause Young (Concurrent Start) (G1 Evacuation Pause)
[2024-05-30T14:49:02.498+0000][15281.918s][info][gc,task     ] GC(3193) Using 6 workers of 6 for evacuation
[2024-05-30T14:49:02.537+0000][15281.956s][info][gc,phases   ] GC(3193)   Pre Evacuate Collection Set: 0.6ms
[2024-05-30T14:49:02.537+0000][15281.956s][info][gc,phases   ] GC(3193)   Merge Heap Roots: 0.3ms
[2024-05-30T14:49:02.537+0000][15281.956s][info][gc,phases   ] GC(3193)   Evacuate Collection Set: 35.2ms
[2024-05-30T14:49:02.537+0000][15281.956s][info][gc,phases   ] GC(3193)   Post Evacuate Collection Set: 2.2ms
[2024-05-30T14:49:02.537+0000][15281.956s][info][gc,phases   ] GC(3193)   Other: 0.3ms
[2024-05-30T14:49:02.537+0000][15281.956s][info][gc,heap     ] GC(3193) Eden regions: 790->0(792)
[2024-05-30T14:49:02.537+0000][15281.956s][info][gc,heap     ] GC(3193) Survivor regions: 15->14(101)
[2024-05-30T14:49:02.537+0000][15281.956s][info][gc,heap     ] GC(3193) Old regions: 361->361
[2024-05-30T14:49:02.537+0000][15281.956s][info][gc,heap     ] GC(3193) Archive regions: 2->2
[2024-05-30T14:49:02.537+0000][15281.956s][info][gc,heap     ] GC(3193) Humongous regions: 41->41
[2024-05-30T14:49:02.537+0000][15281.956s][info][gc,metaspace] GC(3193) Metaspace: 435100K(441152K)->435100K(441152K) NonClass: 380989K(384320K)->380989K(384320K) Class: 54110K(56832K)->54110K(56832K)
[2024-05-30T14:49:02.537+0000][15281.956s][info][gc          ] GC(3193) Pause Young (Concurrent Start) (G1 Evacuation Pause) 9650M->3327M(12288M) 38.657ms
[2024-05-30T14:49:02.537+0000][15281.956s][info][gc,cpu      ] GC(3193) User=0.23s Sys=0.00s Real=0.04s
[2024-05-30T14:49:02.537+0000][15281.956s][info][gc          ] GC(3194) Concurrent Mark Cycle
[2024-05-30T14:49:02.537+0000][15281.956s][info][gc,marking  ] GC(3194) Concurrent Clear Claimed Marks
[2024-05-30T14:49:02.538+0000][15281.957s][info][gc,marking  ] GC(3194) Concurrent Clear Claimed Marks 0.410ms
[2024-05-30T14:49:02.538+0000][15281.957s][info][gc,marking  ] GC(3194) Concurrent Scan Root Regions
[2024-05-30T14:49:02.566+0000][15281.985s][info][gc,marking  ] GC(3194) Concurrent Scan Root Regions 28.269ms
[2024-05-30T14:49:02.566+0000][15281.985s][info][gc,marking  ] GC(3194) Concurrent Mark
[2024-05-30T14:49:02.566+0000][15281.985s][info][gc,marking  ] GC(3194) Concurrent Mark From Roots
[2024-05-30T14:49:02.566+0000][15281.985s][info][gc,task     ] GC(3194) Using 2 workers of 2 for marking
[2024-05-30T14:49:04.474+0000][15283.893s][info][gc,marking  ] GC(3194) Concurrent Mark From Roots 1907.720ms
[2024-05-30T14:49:04.474+0000][15283.893s][info][gc,marking  ] GC(3194) Concurrent Preclean
[2024-05-30T14:49:04.475+0000][15283.895s][info][gc,marking  ] GC(3194) Concurrent Preclean 1.617ms
[2024-05-30T14:49:04.475+0000][15283.895s][info][gc,start    ] GC(3194) Pause Remark
[2024-05-30T14:49:04.500+0000][15283.919s][info][gc          ] GC(3194) Pause Remark 3931M->3931M(12288M) 24.119ms
[2024-05-30T14:49:04.500+0000][15283.919s][info][gc,cpu      ] GC(3194) User=0.10s Sys=0.00s Real=0.03s
[2024-05-30T14:49:04.500+0000][15283.919s][info][gc,marking  ] GC(3194) Concurrent Mark 1933.765ms
[2024-05-30T14:49:04.500+0000][15283.919s][info][gc,marking  ] GC(3194) Concurrent Rebuild Remembered Sets
[2024-05-30T14:49:05.548+0000][15284.967s][info][gc,marking  ] GC(3194) Concurrent Rebuild Remembered Sets 1048.536ms
[2024-05-30T14:49:05.548+0000][15284.968s][info][gc,start    ] GC(3194) Pause Cleanup
[2024-05-30T14:49:05.549+0000][15284.968s][info][gc          ] GC(3194) Pause Cleanup 4219M->4219M(12288M) 0.554ms
[2024-05-30T14:49:05.549+0000][15284.968s][info][gc,cpu      ] GC(3194) User=0.00s Sys=0.00s Real=0.00s
[2024-05-30T14:49:05.549+0000][15284.968s][info][gc,marking  ] GC(3194) Concurrent Cleanup for Next Mark
[2024-05-30T14:49:05.565+0000][15284.984s][info][gc,marking  ] GC(3194) Concurrent Cleanup for Next Mark 16.087ms
[2024-05-30T14:49:05.565+0000][15284.984s][info][gc          ] GC(3194) Concurrent Mark Cycle 3028.048ms
[2024-05-30T14:49:23.014+0000][15302.433s][info][gc,start    ] GC(3195) Pause Young (Prepare Mixed) (G1 Evacuation Pause)
[2024-05-30T14:49:23.014+0000][15302.433s][info][gc,task     ] GC(3195) Using 6 workers of 6 for evacuation
[2024-05-30T14:49:23.055+0000][15302.474s][info][gc,phases   ] GC(3195)   Pre Evacuate Collection Set: 0.2ms
[2024-05-30T14:49:23.055+0000][15302.474s][info][gc,phases   ] GC(3195)   Merge Heap Roots: 0.3ms
[2024-05-30T14:49:23.055+0000][15302.474s][info][gc,phases   ] GC(3195)   Evacuate Collection Set: 38.0ms
[2024-05-30T14:49:23.055+0000][15302.474s][info][gc,phases   ] GC(3195)   Post Evacuate Collection Set: 2.2ms
[2024-05-30T14:49:23.055+0000][15302.474s][info][gc,phases   ] GC(3195)   Other: 0.2ms
[2024-05-30T14:49:23.055+0000][15302.474s][info][gc,heap     ] GC(3195) Eden regions: 792->0(61)
[2024-05-30T14:49:23.055+0000][15302.474s][info][gc,heap     ] GC(3195) Survivor regions: 14->15(101)
[2024-05-30T14:49:23.055+0000][15302.474s][info][gc,heap     ] GC(3195) Old regions: 361->361
[2024-05-30T14:49:23.055+0000][15302.474s][info][gc,heap     ] GC(3195) Archive regions: 2->2
[2024-05-30T14:49:23.055+0000][15302.474s][info][gc,heap     ] GC(3195) Humongous regions: 41->41
[2024-05-30T14:49:23.055+0000][15302.474s][info][gc,metaspace] GC(3195) Metaspace: 435102K(441152K)->435102K(441152K) NonClass: 380991K(384320K)->380991K(384320K) Class: 54110K(56832K)->54110K(56832K)
[2024-05-30T14:49:23.055+0000][15302.474s][info][gc          ] GC(3195) Pause Young (Prepare Mixed) (G1 Evacuation Pause) 9663M->3335M(12288M) 40.924ms
[2024-05-30T14:49:23.055+0000][15302.474s][info][gc,cpu      ] GC(3195) User=0.24s Sys=0.00s Real=0.04s
[2024-05-30T14:49:24.487+0000][15303.906s][info][gc,start    ] GC(3196) Pause Young (Mixed) (G1 Evacuation Pause)
[2024-05-30T14:49:24.487+0000][15303.906s][info][gc,task     ] GC(3196) Using 6 workers of 6 for evacuation
[2024-05-30T14:49:24.575+0000][15303.995s][info][gc,phases   ] GC(3196)   Pre Evacuate Collection Set: 0.2ms
[2024-05-30T14:49:24.575+0000][15303.995s][info][gc,phases   ] GC(3196)   Merge Heap Roots: 0.5ms
[2024-05-30T14:49:24.575+0000][15303.995s][info][gc,phases   ] GC(3196)   Evacuate Collection Set: 86.3ms
[2024-05-30T14:49:24.575+0000][15303.995s][info][gc,phases   ] GC(3196)   Post Evacuate Collection Set: 1.7ms
[2024-05-30T14:49:24.575+0000][15303.995s][info][gc,phases   ] GC(3196)   Other: 0.2ms
[2024-05-30T14:49:24.575+0000][15303.995s][info][gc,heap     ] GC(3196) Eden regions: 61->0(800)
[2024-05-30T14:49:24.575+0000][15303.995s][info][gc,heap     ] GC(3196) Survivor regions: 15->7(10)
[2024-05-30T14:49:24.575+0000][15303.995s][info][gc,heap     ] GC(3196) Old regions: 361->361
[2024-05-30T14:49:24.575+0000][15303.995s][info][gc,heap     ] GC(3196) Archive regions: 2->2
[2024-05-30T14:49:24.575+0000][15303.995s][info][gc,heap     ] GC(3196) Humongous regions: 41->41
[2024-05-30T14:49:24.575+0000][15303.995s][info][gc,metaspace] GC(3196) Metaspace: 435102K(441152K)->435102K(441152K) NonClass: 380991K(384320K)->380991K(384320K) Class: 54110K(56832K)->54110K(56832K)
[2024-05-30T14:49:24.575+0000][15303.995s][info][gc          ] GC(3196) Pause Young (Mixed) (G1 Evacuation Pause) 3823M->3265M(12288M) 88.886ms
[2024-05-30T14:49:24.576+0000][15303.995s][info][gc,cpu      ] GC(3196) User=0.53s Sys=0.00s Real=0.09s
[2024-05-30T14:49:43.543+0000][15322.962s][info][gc,start    ] GC(3197) Pause Young (Normal) (G1 Evacuation Pause)
[2024-05-30T14:49:43.543+0000][15322.962s][info][gc,task     ] GC(3197) Using 6 workers of 6 for evacuation
[2024-05-30T14:49:43.572+0000][15322.991s][info][gc,phases   ] GC(3197)   Pre Evacuate Collection Set: 0.2ms
[2024-05-30T14:49:43.572+0000][15322.991s][info][gc,phases   ] GC(3197)   Merge Heap Roots: 0.2ms
[2024-05-30T14:49:43.572+0000][15322.991s][info][gc,phases   ] GC(3197)   Evacuate Collection Set: 26.2ms
[2024-05-30T14:49:43.572+0000][15322.991s][info][gc,phases   ] GC(3197)   Post Evacuate Collection Set: 2.3ms
[2024-05-30T14:49:43.572+0000][15322.991s][info][gc,phases   ] GC(3197)   Other: 0.2ms
[2024-05-30T14:49:43.572+0000][15322.991s][info][gc,heap     ] GC(3197) Eden regions: 800->0(796)
[2024-05-30T14:49:43.572+0000][15322.991s][info][gc,heap     ] GC(3197) Survivor regions: 7->10(101)
[2024-05-30T14:49:43.572+0000][15322.991s][info][gc,heap     ] GC(3197) Old regions: 361->361
[2024-05-30T14:49:43.572+0000][15322.991s][info][gc,heap     ] GC(3197) Archive regions: 2->2
[2024-05-30T14:49:43.572+0000][15322.991s][info][gc,heap     ] GC(3197) Humongous regions: 41->41
[2024-05-30T14:49:43.572+0000][15322.991s][info][gc,metaspace] GC(3197) Metaspace: 435109K(441152K)->435109K(441152K) NonClass: 380998K(384320K)->380998K(384320K) Class: 54110K(56832K)->54110K(56832K)
[2024-05-30T14:49:43.572+0000][15322.991s][info][gc          ] GC(3197) Pause Young (Normal) (G1 Evacuation Pause) 9665M->3293M(12288M) 29.124ms
[2024-05-30T14:49:43.572+0000][15322.991s][info][gc,cpu      ] GC(3197) User=0.17s Sys=0.00s Real=0.03s
[2024-05-30T14:49:51.556+0000][15330.976s][info][gc,start    ] GC(3198) Pause Young (Normal) (G1 Evacuation Pause)
[2024-05-30T14:49:51.556+0000][15330.976s][info][gc,task     ] GC(3198) Using 6 workers of 6 for evacuation
[2024-05-30T14:49:51.640+0000][15331.060s][info][gc,phases   ] GC(3198)   Pre Evacuate Collection Set: 0.2ms
[2024-05-30T14:49:51.640+0000][15331.060s][info][gc,phases   ] GC(3198)   Merge Heap Roots: 0.2ms
[2024-05-30T14:49:51.640+0000][15331.060s][info][gc,phases   ] GC(3198)   Evacuate Collection Set: 67.4ms
[2024-05-30T14:49:51.640+0000][15331.060s][info][gc,phases   ] GC(3198)   Post Evacuate Collection Set: 16.1ms
[2024-05-30T14:49:51.640+0000][15331.060s][info][gc,phases   ] GC(3198)   Other: 0.3ms
[2024-05-30T14:49:51.640+0000][15331.060s][info][gc,heap     ] GC(3198) Eden regions: 796->0(787)
[2024-05-30T14:49:51.640+0000][15331.060s][info][gc,heap     ] GC(3198) Survivor regions: 10->17(101)
[2024-05-30T14:49:51.640+0000][15331.060s][info][gc,heap     ] GC(3198) Old regions: 361->361
[2024-05-30T14:49:51.640+0000][15331.060s][info][gc,heap     ] GC(3198) Archive regions: 2->2
[2024-05-30T14:49:51.640+0000][15331.060s][info][gc,heap     ] GC(3198) Humongous regions: 41->41
[2024-05-30T14:49:51.640+0000][15331.060s][info][gc,metaspace] GC(3198) Metaspace: 435174K(441216K)->435174K(441216K) NonClass: 381063K(384384K)->381063K(384384K) Class: 54110K(56832K)->54110K(56832K)
[2024-05-30T14:49:51.641+0000][15331.060s][info][gc          ] GC(3198) Pause Young (Normal) (G1 Evacuation Pause) 9661M->3346M(12288M) 84.116ms
[2024-05-30T14:49:51.641+0000][15331.060s][info][gc,cpu      ] GC(3198) User=0.49s Sys=0.01s Real=0.08s
[2024-05-30T14:49:53.987+0000][15333.406s][info][gc,start    ] GC(3199) Pause Young (Concurrent Start) (G1 Evacuation Pause)
[2024-05-30T14:49:53.987+0000][15333.406s][info][gc,task     ] GC(3199) Using 6 workers of 6 for evacuation
[2024-05-30T14:49:54.106+0000][15333.525s][info][gc,phases   ] GC(3199)   Pre Evacuate Collection Set: 0.5ms
[2024-05-30T14:49:54.106+0000][15333.525s][info][gc,phases   ] GC(3199)   Merge Heap Roots: 0.3ms
[2024-05-30T14:49:54.106+0000][15333.525s][info][gc,phases   ] GC(3199)   Evacuate Collection Set: 94.6ms
[2024-05-30T14:49:54.106+0000][15333.525s][info][gc,phases   ] GC(3199)   Post Evacuate Collection Set: 22.8ms
[2024-05-30T14:49:54.106+0000][15333.525s][info][gc,phases   ] GC(3199)   Other: 0.3ms
[2024-05-30T14:49:54.106+0000][15333.525s][info][gc,heap     ] GC(3199) Eden regions: 787->0(776)
[2024-05-30T14:49:54.106+0000][15333.525s][info][gc,heap     ] GC(3199) Survivor regions: 17->24(101)
[2024-05-30T14:49:54.106+0000][15333.525s][info][gc,heap     ] GC(3199) Old regions: 361->361
[2024-05-30T14:49:54.106+0000][15333.525s][info][gc,heap     ] GC(3199) Archive regions: 2->2
[2024-05-30T14:49:54.106+0000][15333.525s][info][gc,heap     ] GC(3199) Humongous regions: 41->41
[2024-05-30T14:49:54.106+0000][15333.525s][info][gc,metaspace] GC(3199) Metaspace: 435178K(441216K)->435178K(441216K) NonClass: 381068K(384384K)->381068K(384384K) Class: 54110K(56832K)->54110K(56832K)
[2024-05-30T14:49:54.106+0000][15333.525s][info][gc          ] GC(3199) Pause Young (Concurrent Start) (G1 Evacuation Pause) 9642M->3405M(12288M) 118.577ms
[2024-05-30T14:49:54.106+0000][15333.525s][info][gc,cpu      ] GC(3199) User=0.69s Sys=0.00s Real=0.12s
[2024-05-30T14:49:54.106+0000][15333.525s][info][gc          ] GC(3200) Concurrent Mark Cycle
[2024-05-30T14:49:54.106+0000][15333.525s][info][gc,marking  ] GC(3200) Concurrent Clear Claimed Marks
[2024-05-30T14:49:54.106+0000][15333.526s][info][gc,marking  ] GC(3200) Concurrent Clear Claimed Marks 0.414ms
[2024-05-30T14:49:54.106+0000][15333.526s][info][gc,marking  ] GC(3200) Concurrent Scan Root Regions
[2024-05-30T14:49:54.190+0000][15333.609s][info][gc,marking  ] GC(3200) Concurrent Scan Root Regions 83.184ms
[2024-05-30T14:49:54.190+0000][15333.609s][info][gc,marking  ] GC(3200) Concurrent Mark
[2024-05-30T14:49:54.190+0000][15333.609s][info][gc,marking  ] GC(3200) Concurrent Mark From Roots
[2024-05-30T14:49:54.190+0000][15333.609s][info][gc,task     ] GC(3200) Using 2 workers of 2 for marking
[2024-05-30T14:49:56.470+0000][15335.889s][info][gc,marking  ] GC(3200) Concurrent Mark From Roots 2280.394ms
[2024-05-30T14:49:56.470+0000][15335.889s][info][gc,marking  ] GC(3200) Concurrent Preclean
[2024-05-30T14:49:56.472+0000][15335.891s][info][gc,marking  ] GC(3200) Concurrent Preclean 1.942ms
[2024-05-30T14:49:56.472+0000][15335.891s][info][gc,start    ] GC(3200) Pause Remark
[2024-05-30T14:49:56.497+0000][15335.916s][info][gc          ] GC(3200) Pause Remark 7637M->7637M(12288M) 24.407ms
[2024-05-30T14:49:56.497+0000][15335.916s][info][gc,cpu      ] GC(3200) User=0.10s Sys=0.00s Real=0.03s
[2024-05-30T14:49:56.497+0000][15335.916s][info][gc,marking  ] GC(3200) Concurrent Mark 2307.141ms
[2024-05-30T14:49:56.497+0000][15335.916s][info][gc,marking  ] GC(3200) Concurrent Rebuild Remembered Sets
[2024-05-30T14:49:57.303+0000][15336.722s][info][gc,start    ] GC(3201) Pause Young (Normal) (G1 Evacuation Pause)
[2024-05-30T14:49:57.303+0000][15336.722s][info][gc,task     ] GC(3201) Using 6 workers of 6 for evacuation
[2024-05-30T14:49:57.441+0000][15336.861s][info][gc,phases   ] GC(3201)   Pre Evacuate Collection Set: 0.2ms
[2024-05-30T14:49:57.441+0000][15336.861s][info][gc,phases   ] GC(3201)   Merge Heap Roots: 0.5ms
[2024-05-30T14:49:57.441+0000][15336.861s][info][gc,phases   ] GC(3201)   Evacuate Collection Set: 115.1ms
[2024-05-30T14:49:57.441+0000][15336.861s][info][gc,phases   ] GC(3201)   Post Evacuate Collection Set: 22.9ms
[2024-05-30T14:49:57.441+0000][15336.861s][info][gc,phases   ] GC(3201)   Other: 0.2ms
[2024-05-30T14:49:57.441+0000][15336.861s][info][gc,heap     ] GC(3201) Eden regions: 776->0(766)
[2024-05-30T14:49:57.441+0000][15336.861s][info][gc,heap     ] GC(3201) Survivor regions: 24->29(100)
[2024-05-30T14:49:57.441+0000][15336.861s][info][gc,heap     ] GC(3201) Old regions: 361->361
[2024-05-30T14:49:57.441+0000][15336.861s][info][gc,heap     ] GC(3201) Archive regions: 2->2
[2024-05-30T14:49:57.441+0000][15336.861s][info][gc,heap     ] GC(3201) Humongous regions: 41->41
[2024-05-30T14:49:57.441+0000][15336.861s][info][gc,metaspace] GC(3201) Metaspace: 435178K(441216K)->435178K(441216K) NonClass: 381068K(384384K)->381068K(384384K) Class: 54110K(56832K)->54110K(56832K)
[2024-05-30T14:49:57.441+0000][15336.861s][info][gc          ] GC(3201) Pause Young (Normal) (G1 Evacuation Pause) 9613M->3445M(12288M) 138.890ms
[2024-05-30T14:49:57.441+0000][15336.861s][info][gc,cpu      ] GC(3201) User=0.82s Sys=0.00s Real=0.14s
[2024-05-30T14:49:57.780+0000][15337.199s][info][gc,marking  ] GC(3200) Concurrent Rebuild Remembered Sets 1283.335ms
[2024-05-30T14:49:57.780+0000][15337.199s][info][gc,start    ] GC(3200) Pause Cleanup
[2024-05-30T14:49:57.781+0000][15337.200s][info][gc          ] GC(3200) Pause Cleanup 4201M->4201M(12288M) 0.611ms
[2024-05-30T14:49:57.781+0000][15337.200s][info][gc,cpu      ] GC(3200) User=0.00s Sys=0.00s Real=0.00s
[2024-05-30T14:49:57.781+0000][15337.200s][info][gc,marking  ] GC(3200) Concurrent Cleanup for Next Mark
[2024-05-30T14:49:57.798+0000][15337.217s][info][gc,marking  ] GC(3200) Concurrent Cleanup for Next Mark 16.788ms
[2024-05-30T14:49:57.798+0000][15337.217s][info][gc          ] GC(3200) Concurrent Mark Cycle 3691.880ms
[2024-05-30T14:49:59.923+0000][15339.342s][info][gc,start    ] GC(3202) Pause Young (Prepare Mixed) (G1 Evacuation Pause)
[2024-05-30T14:49:59.923+0000][15339.342s][info][gc,task     ] GC(3202) Using 6 workers of 6 for evacuation
[2024-05-30T14:50:00.089+0000][15339.508s][info][gc,phases   ] GC(3202)   Pre Evacuate Collection Set: 0.2ms
[2024-05-30T14:50:00.089+0000][15339.508s][info][gc,phases   ] GC(3202)   Merge Heap Roots: 0.6ms
[2024-05-30T14:50:00.089+0000][15339.508s][info][gc,phases   ] GC(3202)   Evacuate Collection Set: 139.0ms
[2024-05-30T14:50:00.089+0000][15339.508s][info][gc,phases   ] GC(3202)   Post Evacuate Collection Set: 26.2ms
[2024-05-30T14:50:00.089+0000][15339.508s][info][gc,phases   ] GC(3202)   Other: 0.2ms
[2024-05-30T14:50:00.089+0000][15339.508s][info][gc,heap     ] GC(3202) Eden regions: 766->0(43)
[2024-05-30T14:50:00.089+0000][15339.508s][info][gc,heap     ] GC(3202) Survivor regions: 29->33(100)
[2024-05-30T14:50:00.089+0000][15339.508s][info][gc,heap     ] GC(3202) Old regions: 361->361
[2024-05-30T14:50:00.089+0000][15339.508s][info][gc,heap     ] GC(3202) Archive regions: 2->2
[2024-05-30T14:50:00.089+0000][15339.508s][info][gc,heap     ] GC(3202) Humongous regions: 41->41
[2024-05-30T14:50:00.089+0000][15339.508s][info][gc,metaspace] GC(3202) Metaspace: 435178K(441216K)->435178K(441216K) NonClass: 381068K(384384K)->381068K(384384K) Class: 54110K(56832K)->54110K(56832K)
[2024-05-30T14:50:00.089+0000][15339.508s][info][gc          ] GC(3202) Pause Young (Prepare Mixed) (G1 Evacuation Pause) 9573M->3477M(12288M) 166.323ms
[2024-05-30T14:50:00.089+0000][15339.508s][info][gc,cpu      ] GC(3202) User=0.97s Sys=0.00s Real=0.17s
[2024-05-30T14:50:00.266+0000][15339.686s][info][gc,start    ] GC(3203) Pause Young (Mixed) (G1 Evacuation Pause)
[2024-05-30T14:50:00.266+0000][15339.686s][info][gc,task     ] GC(3203) Using 6 workers of 6 for evacuation
[2024-05-30T14:50:00.414+0000][15339.833s][info][gc,phases   ] GC(3203)   Pre Evacuate Collection Set: 0.2ms
[2024-05-30T14:50:00.414+0000][15339.833s][info][gc,phases   ] GC(3203)   Merge Heap Roots: 0.5ms
[2024-05-30T14:50:00.414+0000][15339.833s][info][gc,phases   ] GC(3203)   Evacuate Collection Set: 144.0ms
[2024-05-30T14:50:00.414+0000][15339.833s][info][gc,phases   ] GC(3203)   Post Evacuate Collection Set: 2.8ms
[2024-05-30T14:50:00.414+0000][15339.833s][info][gc,phases   ] GC(3203)   Other: 0.2ms
[2024-05-30T14:50:00.414+0000][15339.833s][info][gc,heap     ] GC(3203) Eden regions: 43->0(779)
[2024-05-30T14:50:00.414+0000][15339.833s][info][gc,heap     ] GC(3203) Survivor regions: 33->3(10)
[2024-05-30T14:50:00.414+0000][15339.833s][info][gc,heap     ] GC(3203) Old regions: 361->383
[2024-05-30T14:50:00.414+0000][15339.833s][info][gc,heap     ] GC(3203) Archive regions: 2->2
[2024-05-30T14:50:00.414+0000][15339.833s][info][gc,heap     ] GC(3203) Humongous regions: 41->41
[2024-05-30T14:50:00.414+0000][15339.833s][info][gc,metaspace] GC(3203) Metaspace: 435184K(441216K)->435184K(441216K) NonClass: 381073K(384384K)->381073K(384384K) Class: 54110K(56832K)->54110K(56832K)
[2024-05-30T14:50:00.414+0000][15339.833s][info][gc          ] GC(3203) Pause Young (Mixed) (G1 Evacuation Pause) 3821M->3414M(12288M) 147.744ms
[2024-05-30T14:50:00.414+0000][15339.833s][info][gc,cpu      ] GC(3203) User=0.88s Sys=0.00s Real=0.15s
[2024-05-30T14:50:03.031+0000][15342.451s][info][gc,start    ] GC(3204) Pause Young (Normal) (G1 Evacuation Pause)
[2024-05-30T14:50:03.031+0000][15342.451s][info][gc,task     ] GC(3204) Using 6 workers of 6 for evacuation
[2024-05-30T14:50:03.113+0000][15342.532s][info][gc,phases   ] GC(3204)   Pre Evacuate Collection Set: 0.2ms
[2024-05-30T14:50:03.113+0000][15342.532s][info][gc,phases   ] GC(3204)   Merge Heap Roots: 0.4ms
[2024-05-30T14:50:03.113+0000][15342.532s][info][gc,phases   ] GC(3204)   Evacuate Collection Set: 61.5ms
[2024-05-30T14:50:03.113+0000][15342.532s][info][gc,phases   ] GC(3204)   Post Evacuate Collection Set: 19.4ms
[2024-05-30T14:50:03.113+0000][15342.532s][info][gc,phases   ] GC(3204)   Other: 0.2ms
[2024-05-30T14:50:03.113+0000][15342.532s][info][gc,heap     ] GC(3204) Eden regions: 779->0(776)
[2024-05-30T14:50:03.113+0000][15342.532s][info][gc,heap     ] GC(3204) Survivor regions: 3->7(98)
[2024-05-30T14:50:03.113+0000][15342.532s][info][gc,heap     ] GC(3204) Old regions: 383->383
[2024-05-30T14:50:03.113+0000][15342.532s][info][gc,heap     ] GC(3204) Archive regions: 2->2
[2024-05-30T14:50:03.113+0000][15342.532s][info][gc,heap     ] GC(3204) Humongous regions: 41->41
[2024-05-30T14:50:03.113+0000][15342.532s][info][gc,metaspace] GC(3204) Metaspace: 435184K(441216K)->435184K(441216K) NonClass: 381073K(384384K)->381073K(384384K) Class: 54110K(56832K)->54110K(56832K)
[2024-05-30T14:50:03.113+0000][15342.532s][info][gc          ] GC(3204) Pause Young (Normal) (G1 Evacuation Pause) 9646M->3442M(12288M) 81.801ms
[2024-05-30T14:50:03.113+0000][15342.532s][info][gc,cpu      ] GC(3204) User=0.47s Sys=0.00s Real=0.08s
[2024-05-30T14:50:05.431+0000][15344.850s][info][gc,start    ] GC(3205) Pause Young (Normal) (G1 Evacuation Pause)
[2024-05-30T14:50:05.431+0000][15344.850s][info][gc,task     ] GC(3205) Using 6 workers of 6 for evacuation
[2024-05-30T14:50:05.526+0000][15344.945s][info][gc,phases   ] GC(3205)   Pre Evacuate Collection Set: 0.2ms
[2024-05-30T14:50:05.526+0000][15344.945s][info][gc,phases   ] GC(3205)   Merge Heap Roots: 0.4ms
[2024-05-30T14:50:05.526+0000][15344.945s][info][gc,phases   ] GC(3205)   Evacuate Collection Set: 75.1ms
[2024-05-30T14:50:05.526+0000][15344.945s][info][gc,phases   ] GC(3205)   Post Evacuate Collection Set: 19.3ms
[2024-05-30T14:50:05.526+0000][15344.945s][info][gc,phases   ] GC(3205)   Other: 0.2ms
[2024-05-30T14:50:05.526+0000][15344.945s][info][gc,heap     ] GC(3205) Eden regions: 776->0(772)
[2024-05-30T14:50:05.526+0000][15344.945s][info][gc,heap     ] GC(3205) Survivor regions: 7->12(98)
[2024-05-30T14:50:05.526+0000][15344.945s][info][gc,heap     ] GC(3205) Old regions: 383->383
[2024-05-30T14:50:05.526+0000][15344.945s][info][gc,heap     ] GC(3205) Archive regions: 2->2
[2024-05-30T14:50:05.526+0000][15344.945s][info][gc,heap     ] GC(3205) Humongous regions: 41->41
[2024-05-30T14:50:05.526+0000][15344.945s][info][gc,metaspace] GC(3205) Metaspace: 435184K(441216K)->435184K(441216K) NonClass: 381073K(384384K)->381073K(384384K) Class: 54110K(56832K)->54110K(56832K)
[2024-05-30T14:50:05.526+0000][15344.945s][info][gc          ] GC(3205) Pause Young (Normal) (G1 Evacuation Pause) 9650M->3480M(12288M) 95.280ms
[2024-05-30T14:50:05.526+0000][15344.945s][info][gc,cpu      ] GC(3205) User=0.55s Sys=0.00s Real=0.09s
[2024-05-30T14:50:07.572+0000][15346.991s][info][gc,start    ] GC(3206) Pause Young (Concurrent Start) (G1 Evacuation Pause)
[2024-05-30T14:50:07.572+0000][15346.991s][info][gc,task     ] GC(3206) Using 6 workers of 6 for evacuation
[2024-05-30T14:50:07.667+0000][15347.086s][info][gc,phases   ] GC(3206)   Pre Evacuate Collection Set: 0.6ms
[2024-05-30T14:50:07.667+0000][15347.086s][info][gc,phases   ] GC(3206)   Merge Heap Roots: 0.4ms
[2024-05-30T14:50:07.667+0000][15347.086s][info][gc,phases   ] GC(3206)   Evacuate Collection Set: 77.3ms
[2024-05-30T14:50:07.667+0000][15347.086s][info][gc,phases   ] GC(3206)   Post Evacuate Collection Set: 15.9ms
[2024-05-30T14:50:07.667+0000][15347.086s][info][gc,phases   ] GC(3206)   Other: 0.3ms
[2024-05-30T14:50:07.667+0000][15347.086s][info][gc,heap     ] GC(3206) Eden regions: 772->0(769)
[2024-05-30T14:50:07.667+0000][15347.086s][info][gc,heap     ] GC(3206) Survivor regions: 12->15(98)
[2024-05-30T14:50:07.667+0000][15347.086s][info][gc,heap     ] GC(3206) Old regions: 383->383
[2024-05-30T14:50:07.667+0000][15347.086s][info][gc,heap     ] GC(3206) Archive regions: 2->2
[2024-05-30T14:50:07.667+0000][15347.086s][info][gc,heap     ] GC(3206) Humongous regions: 41->41
[2024-05-30T14:50:07.667+0000][15347.086s][info][gc,metaspace] GC(3206) Metaspace: 435184K(441216K)->435184K(441216K) NonClass: 381073K(384384K)->381073K(384384K) Class: 54110K(56832K)->54110K(56832K)
[2024-05-30T14:50:07.667+0000][15347.086s][info][gc          ] GC(3206) Pause Young (Concurrent Start) (G1 Evacuation Pause) 9656M->3510M(12288M) 94.549ms
[2024-05-30T14:50:07.667+0000][15347.086s][info][gc,cpu      ] GC(3206) User=0.55s Sys=0.00s Real=0.09s
[2024-05-30T14:50:07.667+0000][15347.086s][info][gc          ] GC(3207) Concurrent Mark Cycle
[2024-05-30T14:50:07.667+0000][15347.086s][info][gc,marking  ] GC(3207) Concurrent Clear Claimed Marks
[2024-05-30T14:50:07.667+0000][15347.086s][info][gc,marking  ] GC(3207) Concurrent Clear Claimed Marks 0.448ms
[2024-05-30T14:50:07.667+0000][15347.086s][info][gc,marking  ] GC(3207) Concurrent Scan Root Regions
[2024-05-30T14:50:07.713+0000][15347.132s][info][gc,marking  ] GC(3207) Concurrent Scan Root Regions 45.624ms
[2024-05-30T14:50:07.713+0000][15347.132s][info][gc,marking  ] GC(3207) Concurrent Mark
[2024-05-30T14:50:07.713+0000][15347.132s][info][gc,marking  ] GC(3207) Concurrent Mark From Roots
[2024-05-30T14:50:07.713+0000][15347.132s][info][gc,task     ] GC(3207) Using 2 workers of 2 for marking
[2024-05-30T14:50:09.778+0000][15349.198s][info][gc,marking  ] GC(3207) Concurrent Mark From Roots 2065.483ms
[2024-05-30T14:50:09.778+0000][15349.198s][info][gc,marking  ] GC(3207) Concurrent Preclean
[2024-05-30T14:50:09.780+0000][15349.199s][info][gc,marking  ] GC(3207) Concurrent Preclean 1.682ms
[2024-05-30T14:50:09.780+0000][15349.200s][info][gc,start    ] GC(3207) Pause Remark
[2024-05-30T14:50:09.805+0000][15349.224s][info][gc          ] GC(3207) Pause Remark 9074M->9074M(12288M) 24.289ms
[2024-05-30T14:50:09.805+0000][15349.224s][info][gc,cpu      ] GC(3207) User=0.10s Sys=0.00s Real=0.02s
[2024-05-30T14:50:09.805+0000][15349.224s][info][gc,marking  ] GC(3207) Concurrent Mark 2091.865ms
[2024-05-30T14:50:09.805+0000][15349.224s][info][gc,marking  ] GC(3207) Concurrent Rebuild Remembered Sets
[2024-05-30T14:50:10.526+0000][15349.945s][info][gc,start    ] GC(3208) Pause Young (Normal) (G1 Evacuation Pause)
[2024-05-30T14:50:10.526+0000][15349.945s][info][gc,task     ] GC(3208) Using 6 workers of 6 for evacuation
[2024-05-30T14:50:10.617+0000][15350.036s][info][gc,phases   ] GC(3208)   Pre Evacuate Collection Set: 0.2ms
[2024-05-30T14:50:10.617+0000][15350.037s][info][gc,phases   ] GC(3208)   Merge Heap Roots: 0.4ms
[2024-05-30T14:50:10.617+0000][15350.037s][info][gc,phases   ] GC(3208)   Evacuate Collection Set: 79.9ms
[2024-05-30T14:50:10.617+0000][15350.037s][info][gc,phases   ] GC(3208)   Post Evacuate Collection Set: 10.6ms
[2024-05-30T14:50:10.617+0000][15350.037s][info][gc,phases   ] GC(3208)   Other: 0.2ms
[2024-05-30T14:50:10.617+0000][15350.037s][info][gc,heap     ] GC(3208) Eden regions: 769->0(764)
[2024-05-30T14:50:10.617+0000][15350.037s][info][gc,heap     ] GC(3208) Survivor regions: 15->19(98)
[2024-05-30T14:50:10.617+0000][15350.037s][info][gc,heap     ] GC(3208) Old regions: 383->383
[2024-05-30T14:50:10.617+0000][15350.037s][info][gc,heap     ] GC(3208) Archive regions: 2->2
[2024-05-30T14:50:10.617+0000][15350.037s][info][gc,heap     ] GC(3208) Humongous regions: 41->41
[2024-05-30T14:50:10.617+0000][15350.037s][info][gc,metaspace] GC(3208) Metaspace: 435184K(441216K)->435184K(441216K) NonClass: 381073K(384384K)->381073K(384384K) Class: 54110K(56832K)->54110K(56832K)
[2024-05-30T14:50:10.617+0000][15350.037s][info][gc          ] GC(3208) Pause Young (Normal) (G1 Evacuation Pause) 9662M->3541M(12288M) 91.350ms
[2024-05-30T14:50:10.617+0000][15350.037s][info][gc,cpu      ] GC(3208) User=0.54s Sys=0.00s Real=0.10s
[2024-05-30T14:50:11.073+0000][15350.492s][info][gc,marking  ] GC(3207) Concurrent Rebuild Remembered Sets 1267.957ms
[2024-05-30T14:50:11.073+0000][15350.492s][info][gc,start    ] GC(3207) Pause Cleanup
[2024-05-30T14:50:11.073+0000][15350.493s][info][gc          ] GC(3207) Pause Cleanup 3713M->3713M(12288M) 0.585ms
[2024-05-30T14:50:11.074+0000][15350.493s][info][gc,cpu      ] GC(3207) User=0.00s Sys=0.00s Real=0.00s
[2024-05-30T14:50:11.074+0000][15350.493s][info][gc,marking  ] GC(3207) Concurrent Cleanup for Next Mark
[2024-05-30T14:50:11.102+0000][15350.521s][info][gc,marking  ] GC(3207) Concurrent Cleanup for Next Mark 28.347ms
[2024-05-30T14:50:11.102+0000][15350.521s][info][gc          ] GC(3207) Concurrent Mark Cycle 3435.252ms
[2024-05-30T14:50:25.399+0000][15364.818s][info][gc,start    ] GC(3209) Pause Young (Prepare Mixed) (G1 Evacuation Pause)
[2024-05-30T14:50:25.399+0000][15364.818s][info][gc,task     ] GC(3209) Using 6 workers of 6 for evacuation
[2024-05-30T14:50:25.479+0000][15364.898s][info][gc,phases   ] GC(3209)   Pre Evacuate Collection Set: 0.2ms
[2024-05-30T14:50:25.479+0000][15364.898s][info][gc,phases   ] GC(3209)   Merge Heap Roots: 0.5ms
[2024-05-30T14:50:25.479+0000][15364.898s][info][gc,phases   ] GC(3209)   Evacuate Collection Set: 77.2ms
[2024-05-30T14:50:25.479+0000][15364.898s][info][gc,phases   ] GC(3209)   Post Evacuate Collection Set: 2.4ms
[2024-05-30T14:50:25.479+0000][15364.898s][info][gc,phases   ] GC(3209)   Other: 0.2ms
[2024-05-30T14:50:25.479+0000][15364.898s][info][gc,heap     ] GC(3209) Eden regions: 764->0(52)
[2024-05-30T14:50:25.479+0000][15364.898s][info][gc,heap     ] GC(3209) Survivor regions: 19->24(98)
[2024-05-30T14:50:25.479+0000][15364.898s][info][gc,heap     ] GC(3209) Old regions: 383->383
[2024-05-30T14:50:25.479+0000][15364.898s][info][gc,heap     ] GC(3209) Archive regions: 2->2
[2024-05-30T14:50:25.479+0000][15364.898s][info][gc,heap     ] GC(3209) Humongous regions: 41->41
[2024-05-30T14:50:25.479+0000][15364.898s][info][gc,metaspace] GC(3209) Metaspace: 435194K(441216K)->435194K(441216K) NonClass: 381081K(384384K)->381081K(384384K) Class: 54112K(56832K)->54112K(56832K)
[2024-05-30T14:50:25.479+0000][15364.898s][info][gc          ] GC(3209) Pause Young (Prepare Mixed) (G1 Evacuation Pause) 9653M->3582M(12288M) 80.505ms
[2024-05-30T14:50:25.479+0000][15364.898s][info][gc,cpu      ] GC(3209) User=0.48s Sys=0.00s Real=0.08s
[2024-05-30T14:50:26.495+0000][15365.915s][info][gc,start    ] GC(3210) Pause Young (Mixed) (G1 Evacuation Pause)
[2024-05-30T14:50:26.495+0000][15365.915s][info][gc,task     ] GC(3210) Using 6 workers of 6 for evacuation
[2024-05-30T14:50:26.587+0000][15366.006s][info][gc,phases   ] GC(3210)   Pre Evacuate Collection Set: 0.2ms
[2024-05-30T14:50:26.587+0000][15366.006s][info][gc,phases   ] GC(3210)   Merge Heap Roots: 0.4ms
[2024-05-30T14:50:26.587+0000][15366.006s][info][gc,phases   ] GC(3210)   Evacuate Collection Set: 89.5ms
[2024-05-30T14:50:26.587+0000][15366.006s][info][gc,phases   ] GC(3210)   Post Evacuate Collection Set: 1.4ms
[2024-05-30T14:50:26.587+0000][15366.006s][info][gc,phases   ] GC(3210)   Other: 0.2ms
[2024-05-30T14:50:26.587+0000][15366.006s][info][gc,heap     ] GC(3210) Eden regions: 52->0(778)
[2024-05-30T14:50:26.587+0000][15366.006s][info][gc,heap     ] GC(3210) Survivor regions: 24->4(10)
[2024-05-30T14:50:26.587+0000][15366.006s][info][gc,heap     ] GC(3210) Old regions: 383->385
[2024-05-30T14:50:26.587+0000][15366.006s][info][gc,heap     ] GC(3210) Archive regions: 2->2
[2024-05-30T14:50:26.587+0000][15366.006s][info][gc,heap     ] GC(3210) Humongous regions: 41->41
[2024-05-30T14:50:26.587+0000][15366.006s][info][gc,metaspace] GC(3210) Metaspace: 435194K(441216K)->435194K(441216K) NonClass: 381081K(384384K)->381081K(384384K) Class: 54112K(56832K)->54112K(56832K)
[2024-05-30T14:50:26.587+0000][15366.006s][info][gc          ] GC(3210) Pause Young (Mixed) (G1 Evacuation Pause) 3998M->3434M(12288M) 91.760ms
[2024-05-30T14:50:26.587+0000][15366.006s][info][gc,cpu      ] GC(3210) User=0.55s Sys=0.00s Real=0.09s
[2024-05-30T14:50:41.118+0000][15380.537s][info][gc,start    ] GC(3211) Pause Young (Normal) (G1 Evacuation Pause)
[2024-05-30T14:50:41.118+0000][15380.537s][info][gc,task     ] GC(3211) Using 6 workers of 6 for evacuation
[2024-05-30T14:50:41.137+0000][15380.556s][info][gc,phases   ] GC(3211)   Pre Evacuate Collection Set: 0.2ms
[2024-05-30T14:50:41.137+0000][15380.556s][info][gc,phases   ] GC(3211)   Merge Heap Roots: 0.2ms
[2024-05-30T14:50:41.137+0000][15380.556s][info][gc,phases   ] GC(3211)   Evacuate Collection Set: 16.3ms
[2024-05-30T14:50:41.137+0000][15380.556s][info][gc,phases   ] GC(3211)   Post Evacuate Collection Set: 2.2ms
[2024-05-30T14:50:41.137+0000][15380.556s][info][gc,phases   ] GC(3211)   Other: 0.2ms
[2024-05-30T14:50:41.137+0000][15380.556s][info][gc,heap     ] GC(3211) Eden regions: 778->0(775)
[2024-05-30T14:50:41.137+0000][15380.556s][info][gc,heap     ] GC(3211) Survivor regions: 4->7(98)
[2024-05-30T14:50:41.137+0000][15380.556s][info][gc,heap     ] GC(3211) Old regions: 385->385
[2024-05-30T14:50:41.137+0000][15380.556s][info][gc,heap     ] GC(3211) Archive regions: 2->2
[2024-05-30T14:50:41.137+0000][15380.556s][info][gc,heap     ] GC(3211) Humongous regions: 41->41
[2024-05-30T14:50:41.137+0000][15380.556s][info][gc,metaspace] GC(3211) Metaspace: 435197K(441280K)->435197K(441280K) NonClass: 381084K(384448K)->381084K(384448K) Class: 54112K(56832K)->54112K(56832K)
[2024-05-30T14:50:41.137+0000][15380.556s][info][gc          ] GC(3211) Pause Young (Normal) (G1 Evacuation Pause) 9658M->3459M(12288M) 19.115ms
[2024-05-30T14:50:41.137+0000][15380.556s][info][gc,cpu      ] GC(3211) User=0.11s Sys=0.00s Real=0.02s
[2024-05-30T14:50:55.290+0000][15394.709s][info][gc,start    ] GC(3212) Pause Young (Normal) (G1 Evacuation Pause)
[2024-05-30T14:50:55.290+0000][15394.709s][info][gc,task     ] GC(3212) Using 6 workers of 6 for evacuation
[2024-05-30T14:50:55.320+0000][15394.739s][info][gc,phases   ] GC(3212)   Pre Evacuate Collection Set: 0.2ms
[2024-05-30T14:50:55.320+0000][15394.739s][info][gc,phases   ] GC(3212)   Merge Heap Roots: 0.2ms
[2024-05-30T14:50:55.320+0000][15394.739s][info][gc,phases   ] GC(3212)   Evacuate Collection Set: 27.3ms
[2024-05-30T14:50:55.320+0000][15394.739s][info][gc,phases   ] GC(3212)   Post Evacuate Collection Set: 2.2ms
[2024-05-30T14:50:55.320+0000][15394.739s][info][gc,phases   ] GC(3212)   Other: 0.2ms
[2024-05-30T14:50:55.320+0000][15394.739s][info][gc,heap     ] GC(3212) Eden regions: 775->0(770)
[2024-05-30T14:50:55.320+0000][15394.739s][info][gc,heap     ] GC(3212) Survivor regions: 7->11(98)
[2024-05-30T14:50:55.320+0000][15394.739s][info][gc,heap     ] GC(3212) Old regions: 385->385
[2024-05-30T14:50:55.320+0000][15394.739s][info][gc,heap     ] GC(3212) Archive regions: 2->2
[2024-05-30T14:50:55.320+0000][15394.739s][info][gc,heap     ] GC(3212) Humongous regions: 41->41
[2024-05-30T14:50:55.320+0000][15394.739s][info][gc,metaspace] GC(3212) Metaspace: 435266K(441344K)->435266K(441344K) NonClass: 381153K(384512K)->381153K(384512K) Class: 54112K(56832K)->54112K(56832K)
[2024-05-30T14:50:55.320+0000][15394.739s][info][gc          ] GC(3212) Pause Young (Normal) (G1 Evacuation Pause) 9659M->3493M(12288M) 30.219ms
[2024-05-30T14:50:55.320+0000][15394.739s][info][gc,cpu      ] GC(3212) User=0.18s Sys=0.00s Real=0.03s
[2024-05-30T14:51:08.631+0000][15408.050s][info][gc,start    ] GC(3213) Pause Young (Concurrent Start) (G1 Evacuation Pause)
[2024-05-30T14:51:08.631+0000][15408.050s][info][gc,task     ] GC(3213) Using 6 workers of 6 for evacuation
[2024-05-30T14:51:08.664+0000][15408.083s][info][gc,phases   ] GC(3213)   Pre Evacuate Collection Set: 0.6ms
[2024-05-30T14:51:08.664+0000][15408.083s][info][gc,phases   ] GC(3213)   Merge Heap Roots: 0.2ms
[2024-05-30T14:51:08.664+0000][15408.083s][info][gc,phases   ] GC(3213)   Evacuate Collection Set: 29.8ms
[2024-05-30T14:51:08.664+0000][15408.083s][info][gc,phases   ] GC(3213)   Post Evacuate Collection Set: 2.2ms
[2024-05-30T14:51:08.664+0000][15408.083s][info][gc,phases   ] GC(3213)   Other: 0.3ms
[2024-05-30T14:51:08.664+0000][15408.083s][info][gc,heap     ] GC(3213) Eden regions: 770->0(767)
[2024-05-30T14:51:08.664+0000][15408.083s][info][gc,heap     ] GC(3213) Survivor regions: 11->14(98)
[2024-05-30T14:51:08.664+0000][15408.083s][info][gc,heap     ] GC(3213) Old regions: 385->385
[2024-05-30T14:51:08.664+0000][15408.083s][info][gc,heap     ] GC(3213) Archive regions: 2->2
[2024-05-30T14:51:08.664+0000][15408.083s][info][gc,heap     ] GC(3213) Humongous regions: 41->41
[2024-05-30T14:51:08.664+0000][15408.083s][info][gc,metaspace] GC(3213) Metaspace: 435277K(441344K)->435277K(441344K) NonClass: 381164K(384512K)->381164K(384512K) Class: 54112K(56832K)->54112K(56832K)
[2024-05-30T14:51:08.664+0000][15408.083s][info][gc          ] GC(3213) Pause Young (Concurrent Start) (G1 Evacuation Pause) 9653M->3516M(12288M) 33.204ms
[2024-05-30T14:51:08.664+0000][15408.083s][info][gc,cpu      ] GC(3213) User=0.19s Sys=0.00s Real=0.03s
[2024-05-30T14:51:08.664+0000][15408.083s][info][gc          ] GC(3214) Concurrent Mark Cycle
[2024-05-30T14:51:08.664+0000][15408.083s][info][gc,marking  ] GC(3214) Concurrent Clear Claimed Marks
[2024-05-30T14:51:08.665+0000][15408.084s][info][gc,marking  ] GC(3214) Concurrent Clear Claimed Marks 0.502ms
[2024-05-30T14:51:08.665+0000][15408.084s][info][gc,marking  ] GC(3214) Concurrent Scan Root Regions
[2024-05-30T14:51:08.684+0000][15408.103s][info][gc,marking  ] GC(3214) Concurrent Scan Root Regions 19.526ms
[2024-05-30T14:51:08.684+0000][15408.103s][info][gc,marking  ] GC(3214) Concurrent Mark
[2024-05-30T14:51:08.684+0000][15408.103s][info][gc,marking  ] GC(3214) Concurrent Mark From Roots
[2024-05-30T14:51:08.684+0000][15408.103s][info][gc,task     ] GC(3214) Using 2 workers of 2 for marking
[2024-05-30T14:51:10.846+0000][15410.265s][info][gc,marking  ] GC(3214) Concurrent Mark From Roots 2161.818ms
[2024-05-30T14:51:10.846+0000][15410.265s][info][gc,marking  ] GC(3214) Concurrent Preclean
[2024-05-30T14:51:10.847+0000][15410.267s][info][gc,marking  ] GC(3214) Concurrent Preclean 1.308ms
[2024-05-30T14:51:10.848+0000][15410.267s][info][gc,start    ] GC(3214) Pause Remark
[2024-05-30T14:51:10.872+0000][15410.291s][info][gc          ] GC(3214) Pause Remark 4476M->4476M(12288M) 24.563ms
[2024-05-30T14:51:10.872+0000][15410.291s][info][gc,cpu      ] GC(3214) User=0.11s Sys=0.00s Real=0.03s
[2024-05-30T14:51:10.872+0000][15410.292s][info][gc,marking  ] GC(3214) Concurrent Mark 2188.044ms
[2024-05-30T14:51:10.872+0000][15410.292s][info][gc,marking  ] GC(3214) Concurrent Rebuild Remembered Sets
[2024-05-30T14:51:12.091+0000][15411.510s][info][gc,marking  ] GC(3214) Concurrent Rebuild Remembered Sets 1218.827ms
[2024-05-30T14:51:12.091+0000][15411.511s][info][gc,start    ] GC(3214) Pause Cleanup
[2024-05-30T14:51:12.092+0000][15411.511s][info][gc          ] GC(3214) Pause Cleanup 5012M->5012M(12288M) 0.607ms
[2024-05-30T14:51:12.092+0000][15411.511s][info][gc,cpu      ] GC(3214) User=0.01s Sys=0.00s Real=0.00s
[2024-05-30T14:51:12.092+0000][15411.511s][info][gc,marking  ] GC(3214) Concurrent Cleanup for Next Mark
[2024-05-30T14:51:12.109+0000][15411.528s][info][gc,marking  ] GC(3214) Concurrent Cleanup for Next Mark 16.505ms
[2024-05-30T14:51:12.109+0000][15411.528s][info][gc          ] GC(3214) Concurrent Mark Cycle 3444.530ms
[2024-05-30T14:51:15.327+0000][15414.746s][info][gc,start    ] GC(3215) Pause Young (Prepare Mixed) (G1 Evacuation Pause)
[2024-05-30T14:51:15.327+0000][15414.746s][info][gc,task     ] GC(3215) Using 6 workers of 6 for evacuation
[2024-05-30T14:51:15.416+0000][15414.835s][info][gc,phases   ] GC(3215)   Pre Evacuate Collection Set: 0.2ms
[2024-05-30T14:51:15.416+0000][15414.835s][info][gc,phases   ] GC(3215)   Merge Heap Roots: 0.6ms
[2024-05-30T14:51:15.416+0000][15414.835s][info][gc,phases   ] GC(3215)   Evacuate Collection Set: 74.0ms
[2024-05-30T14:51:15.416+0000][15414.835s][info][gc,phases   ] GC(3215)   Post Evacuate Collection Set: 14.1ms
[2024-05-30T14:51:15.416+0000][15414.835s][info][gc,phases   ] GC(3215)   Other: 0.2ms
[2024-05-30T14:51:15.416+0000][15414.835s][info][gc,heap     ] GC(3215) Eden regions: 767->0(58)
[2024-05-30T14:51:15.416+0000][15414.835s][info][gc,heap     ] GC(3215) Survivor regions: 14->18(98)
[2024-05-30T14:51:15.416+0000][15414.835s][info][gc,heap     ] GC(3215) Old regions: 385->385
[2024-05-30T14:51:15.416+0000][15414.835s][info][gc,heap     ] GC(3215) Archive regions: 2->2
[2024-05-30T14:51:15.416+0000][15414.835s][info][gc,heap     ] GC(3215) Humongous regions: 41->41
[2024-05-30T14:51:15.416+0000][15414.835s][info][gc,metaspace] GC(3215) Metaspace: 435277K(441344K)->435277K(441344K) NonClass: 381164K(384512K)->381164K(384512K) Class: 54112K(56832K)->54112K(56832K)
[2024-05-30T14:51:15.416+0000][15414.835s][info][gc          ] GC(3215) Pause Young (Prepare Mixed) (G1 Evacuation Pause) 9652M->3545M(12288M) 89.142ms
[2024-05-30T14:51:15.416+0000][15414.835s][info][gc,cpu      ] GC(3215) User=0.51s Sys=0.00s Real=0.09s
[2024-05-30T14:51:15.618+0000][15415.037s][info][gc,start    ] GC(3216) Pause Young (Mixed) (G1 Evacuation Pause)
[2024-05-30T14:51:15.618+0000][15415.037s][info][gc,task     ] GC(3216) Using 6 workers of 6 for evacuation
[2024-05-30T14:51:15.694+0000][15415.113s][info][gc,phases   ] GC(3216)   Pre Evacuate Collection Set: 0.2ms
[2024-05-30T14:51:15.694+0000][15415.113s][info][gc,phases   ] GC(3216)   Merge Heap Roots: 0.4ms
[2024-05-30T14:51:15.694+0000][15415.113s][info][gc,phases   ] GC(3216)   Evacuate Collection Set: 72.4ms
[2024-05-30T14:51:15.694+0000][15415.113s][info][gc,phases   ] GC(3216)   Post Evacuate Collection Set: 2.9ms
[2024-05-30T14:51:15.694+0000][15415.113s][info][gc,phases   ] GC(3216)   Other: 0.2ms
[2024-05-30T14:51:15.694+0000][15415.113s][info][gc,heap     ] GC(3216) Eden regions: 58->0(777)
[2024-05-30T14:51:15.694+0000][15415.113s][info][gc,heap     ] GC(3216) Survivor regions: 18->3(10)
[2024-05-30T14:51:15.694+0000][15415.113s][info][gc,heap     ] GC(3216) Old regions: 385->386
[2024-05-30T14:51:15.694+0000][15415.113s][info][gc,heap     ] GC(3216) Archive regions: 2->2
[2024-05-30T14:51:15.694+0000][15415.113s][info][gc,heap     ] GC(3216) Humongous regions: 41->41
[2024-05-30T14:51:15.694+0000][15415.113s][info][gc,metaspace] GC(3216) Metaspace: 435277K(441344K)->435277K(441344K) NonClass: 381164K(384512K)->381164K(384512K) Class: 54112K(56832K)->54112K(56832K)
[2024-05-30T14:51:15.694+0000][15415.113s][info][gc          ] GC(3216) Pause Young (Mixed) (G1 Evacuation Pause) 4009M->3437M(12288M) 76.117ms
[2024-05-30T14:51:15.694+0000][15415.113s][info][gc,cpu      ] GC(3216) User=0.45s Sys=0.00s Real=0.07s
[2024-05-30T14:51:23.798+0000][15423.217s][info][gc,start    ] GC(3217) Pause Young (Normal) (G1 Evacuation Pause)
[2024-05-30T14:51:23.798+0000][15423.217s][info][gc,task     ] GC(3217) Using 6 workers of 6 for evacuation
[2024-05-30T14:51:23.826+0000][15423.245s][info][gc,phases   ] GC(3217)   Pre Evacuate Collection Set: 0.2ms
[2024-05-30T14:51:23.826+0000][15423.245s][info][gc,phases   ] GC(3217)   Merge Heap Roots: 0.4ms
[2024-05-30T14:51:23.826+0000][15423.245s][info][gc,phases   ] GC(3217)   Evacuate Collection Set: 23.1ms
[2024-05-30T14:51:23.826+0000][15423.245s][info][gc,phases   ] GC(3217)   Post Evacuate Collection Set: 4.1ms
[2024-05-30T14:51:23.826+0000][15423.245s][info][gc,phases   ] GC(3217)   Other: 0.2ms
[2024-05-30T14:51:23.826+0000][15423.245s][info][gc,heap     ] GC(3217) Eden regions: 777->0(774)
[2024-05-30T14:51:23.826+0000][15423.245s][info][gc,heap     ] GC(3217) Survivor regions: 3->6(98)
[2024-05-30T14:51:23.826+0000][15423.245s][info][gc,heap     ] GC(3217) Old regions: 386->386
[2024-05-30T14:51:23.826+0000][15423.245s][info][gc,heap     ] GC(3217) Archive regions: 2->2
[2024-05-30T14:51:23.826+0000][15423.245s][info][gc,heap     ] GC(3217) Humongous regions: 41->41
[2024-05-30T14:51:23.826+0000][15423.245s][info][gc,metaspace] GC(3217) Metaspace: 435294K(441344K)->435294K(441344K) NonClass: 381182K(384512K)->381182K(384512K) Class: 54112K(56832K)->54112K(56832K)
[2024-05-30T14:51:23.826+0000][15423.245s][info][gc          ] GC(3217) Pause Young (Normal) (G1 Evacuation Pause) 9653M->3458M(12288M) 28.076ms
[2024-05-30T14:51:23.826+0000][15423.245s][info][gc,cpu      ] GC(3217) User=0.16s Sys=0.00s Real=0.02s
[2024-05-30T14:51:37.408+0000][15436.828s][info][gc,start    ] GC(3218) Pause Young (Normal) (G1 Evacuation Pause)
[2024-05-30T14:51:37.408+0000][15436.828s][info][gc,task     ] GC(3218) Using 6 workers of 6 for evacuation
[2024-05-30T14:51:37.431+0000][15436.851s][info][gc,phases   ] GC(3218)   Pre Evacuate Collection Set: 0.2ms
[2024-05-30T14:51:37.431+0000][15436.851s][info][gc,phases   ] GC(3218)   Merge Heap Roots: 0.2ms
[2024-05-30T14:51:37.431+0000][15436.851s][info][gc,phases   ] GC(3218)   Evacuate Collection Set: 20.3ms
[2024-05-30T14:51:37.431+0000][15436.851s][info][gc,phases   ] GC(3218)   Post Evacuate Collection Set: 2.2ms
[2024-05-30T14:51:37.431+0000][15436.851s][info][gc,phases   ] GC(3218)   Other: 0.2ms
[2024-05-30T14:51:37.431+0000][15436.851s][info][gc,heap     ] GC(3218) Eden regions: 774->0(769)
[2024-05-30T14:51:37.431+0000][15436.851s][info][gc,heap     ] GC(3218) Survivor regions: 6->10(98)
[2024-05-30T14:51:37.431+0000][15436.851s][info][gc,heap     ] GC(3218) Old regions: 386->386
[2024-05-30T14:51:37.431+0000][15436.851s][info][gc,heap     ] GC(3218) Archive regions: 2->2
[2024-05-30T14:51:37.432+0000][15436.851s][info][gc,heap     ] GC(3218) Humongous regions: 41->41
[2024-05-30T14:51:37.432+0000][15436.851s][info][gc,metaspace] GC(3218) Metaspace: 435295K(441344K)->435295K(441344K) NonClass: 381183K(384512K)->381183K(384512K) Class: 54112K(56832K)->54112K(56832K)
[2024-05-30T14:51:37.432+0000][15436.851s][info][gc          ] GC(3218) Pause Young (Normal) (G1 Evacuation Pause) 9650M->3487M(12288M) 23.279ms
[2024-05-30T14:51:37.432+0000][15436.851s][info][gc,cpu      ] GC(3218) User=0.13s Sys=0.00s Real=0.03s
[2024-05-30T14:51:51.101+0000][15450.520s][info][gc,start    ] GC(3219) Pause Young (Concurrent Start) (G1 Evacuation Pause)
[2024-05-30T14:51:51.101+0000][15450.520s][info][gc,task     ] GC(3219) Using 6 workers of 6 for evacuation
[2024-05-30T14:51:51.131+0000][15450.550s][info][gc,phases   ] GC(3219)   Pre Evacuate Collection Set: 0.5ms
[2024-05-30T14:51:51.131+0000][15450.550s][info][gc,phases   ] GC(3219)   Merge Heap Roots: 0.2ms
[2024-05-30T14:51:51.131+0000][15450.551s][info][gc,phases   ] GC(3219)   Evacuate Collection Set: 26.8ms
[2024-05-30T14:51:51.131+0000][15450.551s][info][gc,phases   ] GC(3219)   Post Evacuate Collection Set: 2.3ms
[2024-05-30T14:51:51.131+0000][15450.551s][info][gc,phases   ] GC(3219)   Other: 0.3ms
[2024-05-30T14:51:51.131+0000][15450.551s][info][gc,heap     ] GC(3219) Eden regions: 769->0(769)
[2024-05-30T14:51:51.131+0000][15450.551s][info][gc,heap     ] GC(3219) Survivor regions: 10->11(98)
[2024-05-30T14:51:51.131+0000][15450.551s][info][gc,heap     ] GC(3219) Old regions: 386->386
[2024-05-30T14:51:51.131+0000][15450.551s][info][gc,heap     ] GC(3219) Archive regions: 2->2
[2024-05-30T14:51:51.131+0000][15450.551s][info][gc,heap     ] GC(3219) Humongous regions: 41->41
[2024-05-30T14:51:51.131+0000][15450.551s][info][gc,metaspace] GC(3219) Metaspace: 435320K(441408K)->435320K(441408K) NonClass: 381207K(384576K)->381207K(384576K) Class: 54112K(56832K)->54112K(56832K)
[2024-05-30T14:51:51.131+0000][15450.551s][info][gc          ] GC(3219) Pause Young (Concurrent Start) (G1 Evacuation Pause) 9639M->3500M(12288M) 30.156ms
[2024-05-30T14:51:51.131+0000][15450.551s][info][gc,cpu      ] GC(3219) User=0.17s Sys=0.00s Real=0.03s
[2024-05-30T14:51:51.131+0000][15450.551s][info][gc          ] GC(3220) Concurrent Mark Cycle
[2024-05-30T14:51:51.131+0000][15450.551s][info][gc,marking  ] GC(3220) Concurrent Clear Claimed Marks
[2024-05-30T14:51:51.132+0000][15450.551s][info][gc,marking  ] GC(3220) Concurrent Clear Claimed Marks 0.420ms
[2024-05-30T14:51:51.132+0000][15450.551s][info][gc,marking  ] GC(3220) Concurrent Scan Root Regions
[2024-05-30T14:51:51.155+0000][15450.574s][info][gc,marking  ] GC(3220) Concurrent Scan Root Regions 22.891ms
[2024-05-30T14:51:51.155+0000][15450.574s][info][gc,marking  ] GC(3220) Concurrent Mark
[2024-05-30T14:51:51.155+0000][15450.574s][info][gc,marking  ] GC(3220) Concurrent Mark From Roots
[2024-05-30T14:51:51.155+0000][15450.574s][info][gc,task     ] GC(3220) Using 2 workers of 2 for marking
[2024-05-30T14:51:53.179+0000][15452.598s][info][gc,marking  ] GC(3220) Concurrent Mark From Roots 2023.772ms
[2024-05-30T14:51:53.179+0000][15452.598s][info][gc,marking  ] GC(3220) Concurrent Preclean
[2024-05-30T14:51:53.180+0000][15452.599s][info][gc,marking  ] GC(3220) Concurrent Preclean 1.386ms
[2024-05-30T14:51:53.180+0000][15452.599s][info][gc,start    ] GC(3220) Pause Remark
[2024-05-30T14:51:53.205+0000][15452.624s][info][gc          ] GC(3220) Pause Remark 4416M->4408M(12288M) 24.626ms
[2024-05-30T14:51:53.205+0000][15452.624s][info][gc,cpu      ] GC(3220) User=0.11s Sys=0.00s Real=0.02s
[2024-05-30T14:51:53.205+0000][15452.624s][info][gc,marking  ] GC(3220) Concurrent Mark 2050.132ms
[2024-05-30T14:51:53.205+0000][15452.624s][info][gc,marking  ] GC(3220) Concurrent Rebuild Remembered Sets
[2024-05-30T14:51:54.326+0000][15453.745s][info][gc,marking  ] GC(3220) Concurrent Rebuild Remembered Sets 1120.615ms
[2024-05-30T14:51:54.326+0000][15453.745s][info][gc,start    ] GC(3220) Pause Cleanup
[2024-05-30T14:51:54.326+0000][15453.746s][info][gc          ] GC(3220) Pause Cleanup 4924M->4924M(12288M) 0.677ms
[2024-05-30T14:51:54.326+0000][15453.746s][info][gc,cpu      ] GC(3220) User=0.00s Sys=0.00s Real=0.00s
[2024-05-30T14:51:54.326+0000][15453.746s][info][gc,marking  ] GC(3220) Concurrent Cleanup for Next Mark
[2024-05-30T14:51:54.344+0000][15453.764s][info][gc,marking  ] GC(3220) Concurrent Cleanup for Next Mark 17.763ms
[2024-05-30T14:51:54.344+0000][15453.764s][info][gc          ] GC(3220) Concurrent Mark Cycle 3212.924ms
[2024-05-30T14:52:03.957+0000][15463.376s][info][gc,start    ] GC(3221) Pause Young (Prepare Mixed) (G1 Evacuation Pause)
[2024-05-30T14:52:03.957+0000][15463.376s][info][gc,task     ] GC(3221) Using 6 workers of 6 for evacuation
[2024-05-30T14:52:03.993+0000][15463.413s][info][gc,phases   ] GC(3221)   Pre Evacuate Collection Set: 0.2ms
[2024-05-30T14:52:03.993+0000][15463.413s][info][gc,phases   ] GC(3221)   Merge Heap Roots: 0.3ms
[2024-05-30T14:52:03.993+0000][15463.413s][info][gc,phases   ] GC(3221)   Evacuate Collection Set: 33.7ms
[2024-05-30T14:52:03.993+0000][15463.413s][info][gc,phases   ] GC(3221)   Post Evacuate Collection Set: 2.4ms
[2024-05-30T14:52:03.993+0000][15463.413s][info][gc,phases   ] GC(3221)   Other: 0.2ms
[2024-05-30T14:52:03.993+0000][15463.413s][info][gc,heap     ] GC(3221) Eden regions: 769->0(61)
[2024-05-30T14:52:03.993+0000][15463.413s][info][gc,heap     ] GC(3221) Survivor regions: 11->15(98)
[2024-05-30T14:52:03.993+0000][15463.413s][info][gc,heap     ] GC(3221) Old regions: 385->385
[2024-05-30T14:52:03.993+0000][15463.413s][info][gc,heap     ] GC(3221) Archive regions: 2->2
[2024-05-30T14:52:03.993+0000][15463.413s][info][gc,heap     ] GC(3221) Humongous regions: 41->41
[2024-05-30T14:52:03.993+0000][15463.413s][info][gc,metaspace] GC(3221) Metaspace: 435323K(441408K)->435323K(441408K) NonClass: 381210K(384576K)->381210K(384576K) Class: 54112K(56832K)->54112K(56832K)
[2024-05-30T14:52:03.993+0000][15463.413s][info][gc          ] GC(3221) Pause Young (Prepare Mixed) (G1 Evacuation Pause) 9644M->3520M(12288M) 36.746ms
[2024-05-30T14:52:03.993+0000][15463.413s][info][gc,cpu      ] GC(3221) User=0.21s Sys=0.00s Real=0.03s
[2024-05-30T14:52:05.081+0000][15464.500s][info][gc,start    ] GC(3222) Pause Young (Mixed) (G1 Evacuation Pause)
[2024-05-30T14:52:05.081+0000][15464.500s][info][gc,task     ] GC(3222) Using 6 workers of 6 for evacuation
[2024-05-30T14:52:05.153+0000][15464.572s][info][gc,phases   ] GC(3222)   Pre Evacuate Collection Set: 0.2ms
[2024-05-30T14:52:05.153+0000][15464.572s][info][gc,phases   ] GC(3222)   Merge Heap Roots: 0.4ms
[2024-05-30T14:52:05.153+0000][15464.572s][info][gc,phases   ] GC(3222)   Evacuate Collection Set: 69.5ms
[2024-05-30T14:52:05.153+0000][15464.572s][info][gc,phases   ] GC(3222)   Post Evacuate Collection Set: 1.6ms
[2024-05-30T14:52:05.153+0000][15464.572s][info][gc,phases   ] GC(3222)   Other: 0.2ms
[2024-05-30T14:52:05.153+0000][15464.572s][info][gc,heap     ] GC(3222) Eden regions: 61->0(786)
[2024-05-30T14:52:05.153+0000][15464.572s][info][gc,heap     ] GC(3222) Survivor regions: 15->6(10)
[2024-05-30T14:52:05.153+0000][15464.572s][info][gc,heap     ] GC(3222) Old regions: 385->374
[2024-05-30T14:52:05.153+0000][15464.572s][info][gc,heap     ] GC(3222) Archive regions: 2->2
[2024-05-30T14:52:05.153+0000][15464.572s][info][gc,heap     ] GC(3222) Humongous regions: 41->41
[2024-05-30T14:52:05.153+0000][15464.572s][info][gc,metaspace] GC(3222) Metaspace: 435323K(441408K)->435323K(441408K) NonClass: 381210K(384576K)->381210K(384576K) Class: 54112K(56832K)->54112K(56832K)
[2024-05-30T14:52:05.153+0000][15464.572s][info][gc          ] GC(3222) Pause Young (Mixed) (G1 Evacuation Pause) 4008M->3369M(12288M) 71.932ms
[2024-05-30T14:52:05.153+0000][15464.572s][info][gc,cpu      ] GC(3222) User=0.42s Sys=0.00s Real=0.07s
[2024-05-30T14:52:18.243+0000][15477.662s][info][gc,start    ] GC(3223) Pause Young (Normal) (G1 Evacuation Pause)
[2024-05-30T14:52:18.243+0000][15477.662s][info][gc,task     ] GC(3223) Using 6 workers of 6 for evacuation
[2024-05-30T14:52:18.269+0000][15477.688s][info][gc,phases   ] GC(3223)   Pre Evacuate Collection Set: 0.2ms
[2024-05-30T14:52:18.269+0000][15477.688s][info][gc,phases   ] GC(3223)   Merge Heap Roots: 0.2ms
[2024-05-30T14:52:18.269+0000][15477.688s][info][gc,phases   ] GC(3223)   Evacuate Collection Set: 22.8ms
[2024-05-30T14:52:18.269+0000][15477.688s][info][gc,phases   ] GC(3223)   Post Evacuate Collection Set: 2.3ms
[2024-05-30T14:52:18.269+0000][15477.688s][info][gc,phases   ] GC(3223)   Other: 0.2ms
[2024-05-30T14:52:18.269+0000][15477.688s][info][gc,heap     ] GC(3223) Eden regions: 786->0(784)
[2024-05-30T14:52:18.269+0000][15477.688s][info][gc,heap     ] GC(3223) Survivor regions: 6->9(99)
[2024-05-30T14:52:18.269+0000][15477.688s][info][gc,heap     ] GC(3223) Old regions: 374->374
[2024-05-30T14:52:18.269+0000][15477.688s][info][gc,heap     ] GC(3223) Archive regions: 2->2
[2024-05-30T14:52:18.269+0000][15477.688s][info][gc,heap     ] GC(3223) Humongous regions: 41->41
[2024-05-30T14:52:18.269+0000][15477.688s][info][gc,metaspace] GC(3223) Metaspace: 435323K(441408K)->435323K(441408K) NonClass: 381210K(384576K)->381210K(384576K) Class: 54112K(56832K)->54112K(56832K)
[2024-05-30T14:52:18.269+0000][15477.688s][info][gc          ] GC(3223) Pause Young (Normal) (G1 Evacuation Pause) 9657M->3394M(12288M) 25.812ms
[2024-05-30T14:52:18.269+0000][15477.688s][info][gc,cpu      ] GC(3223) User=0.14s Sys=0.00s Real=0.03s
[2024-05-30T14:52:31.442+0000][15490.861s][info][gc,start    ] GC(3224) Pause Young (Normal) (G1 Evacuation Pause)
[2024-05-30T14:52:31.442+0000][15490.861s][info][gc,task     ] GC(3224) Using 6 workers of 6 for evacuation
[2024-05-30T14:52:31.473+0000][15490.893s][info][gc,phases   ] GC(3224)   Pre Evacuate Collection Set: 0.2ms
[2024-05-30T14:52:31.473+0000][15490.893s][info][gc,phases   ] GC(3224)   Merge Heap Roots: 0.2ms
[2024-05-30T14:52:31.473+0000][15490.893s][info][gc,phases   ] GC(3224)   Evacuate Collection Set: 28.6ms
[2024-05-30T14:52:31.473+0000][15490.893s][info][gc,phases   ] GC(3224)   Post Evacuate Collection Set: 2.3ms
[2024-05-30T14:52:31.473+0000][15490.893s][info][gc,phases   ] GC(3224)   Other: 0.2ms
[2024-05-30T14:52:31.473+0000][15490.893s][info][gc,heap     ] GC(3224) Eden regions: 784->0(780)
[2024-05-30T14:52:31.473+0000][15490.893s][info][gc,heap     ] GC(3224) Survivor regions: 9->13(100)
[2024-05-30T14:52:31.474+0000][15490.893s][info][gc,heap     ] GC(3224) Old regions: 374->374
[2024-05-30T14:52:31.474+0000][15490.893s][info][gc,heap     ] GC(3224) Archive regions: 2->2
[2024-05-30T14:52:31.474+0000][15490.893s][info][gc,heap     ] GC(3224) Humongous regions: 41->41
[2024-05-30T14:52:31.474+0000][15490.893s][info][gc,metaspace] GC(3224) Metaspace: 435323K(441408K)->435323K(441408K) NonClass: 381210K(384576K)->381210K(384576K) Class: 54112K(56832K)->54112K(56832K)
[2024-05-30T14:52:31.474+0000][15490.893s][info][gc          ] GC(3224) Pause Young (Normal) (G1 Evacuation Pause) 9666M->3421M(12288M) 31.539ms
[2024-05-30T14:52:31.474+0000][15490.893s][info][gc,cpu      ] GC(3224) User=0.19s Sys=0.00s Real=0.03s
[2024-05-30T14:52:45.226+0000][15504.645s][info][gc,start    ] GC(3225) Pause Young (Concurrent Start) (G1 Evacuation Pause)
[2024-05-30T14:52:45.226+0000][15504.645s][info][gc,task     ] GC(3225) Using 6 workers of 6 for evacuation
[2024-05-30T14:52:45.264+0000][15504.683s][info][gc,phases   ] GC(3225)   Pre Evacuate Collection Set: 0.5ms
[2024-05-30T14:52:45.264+0000][15504.683s][info][gc,phases   ] GC(3225)   Merge Heap Roots: 0.3ms
[2024-05-30T14:52:45.264+0000][15504.683s][info][gc,phases   ] GC(3225)   Evacuate Collection Set: 34.6ms
[2024-05-30T14:52:45.264+0000][15504.683s][info][gc,phases   ] GC(3225)   Post Evacuate Collection Set: 2.3ms
[2024-05-30T14:52:45.264+0000][15504.683s][info][gc,phases   ] GC(3225)   Other: 0.3ms
[2024-05-30T14:52:45.264+0000][15504.683s][info][gc,heap     ] GC(3225) Eden regions: 780->0(778)
[2024-05-30T14:52:45.264+0000][15504.683s][info][gc,heap     ] GC(3225) Survivor regions: 13->16(100)
[2024-05-30T14:52:45.264+0000][15504.683s][info][gc,heap     ] GC(3225) Old regions: 374->374
[2024-05-30T14:52:45.264+0000][15504.683s][info][gc,heap     ] GC(3225) Archive regions: 2->2
[2024-05-30T14:52:45.264+0000][15504.683s][info][gc,heap     ] GC(3225) Humongous regions: 41->41
[2024-05-30T14:52:45.264+0000][15504.683s][info][gc,metaspace] GC(3225) Metaspace: 435323K(441408K)->435323K(441408K) NonClass: 381210K(384576K)->381210K(384576K) Class: 54112K(56832K)->54112K(56832K)
[2024-05-30T14:52:45.264+0000][15504.683s][info][gc          ] GC(3225) Pause Young (Concurrent Start) (G1 Evacuation Pause) 9661M->3445M(12288M) 37.989ms
[2024-05-30T14:52:45.264+0000][15504.683s][info][gc,cpu      ] GC(3225) User=0.22s Sys=0.00s Real=0.04s
[2024-05-30T14:52:45.264+0000][15504.683s][info][gc          ] GC(3226) Concurrent Mark Cycle
[2024-05-30T14:52:45.264+0000][15504.683s][info][gc,marking  ] GC(3226) Concurrent Clear Claimed Marks
[2024-05-30T14:52:45.265+0000][15504.684s][info][gc,marking  ] GC(3226) Concurrent Clear Claimed Marks 0.459ms
[2024-05-30T14:52:45.265+0000][15504.684s][info][gc,marking  ] GC(3226) Concurrent Scan Root Regions
[2024-05-30T14:52:45.293+0000][15504.712s][info][gc,marking  ] GC(3226) Concurrent Scan Root Regions 27.961ms
[2024-05-30T14:52:45.293+0000][15504.712s][info][gc,marking  ] GC(3226) Concurrent Mark
[2024-05-30T14:52:45.293+0000][15504.712s][info][gc,marking  ] GC(3226) Concurrent Mark From Roots
[2024-05-30T14:52:45.293+0000][15504.712s][info][gc,task     ] GC(3226) Using 2 workers of 2 for marking
[2024-05-30T14:52:47.347+0000][15506.766s][info][gc,marking  ] GC(3226) Concurrent Mark From Roots 2053.926ms
[2024-05-30T14:52:47.347+0000][15506.766s][info][gc,marking  ] GC(3226) Concurrent Preclean
[2024-05-30T14:52:47.348+0000][15506.767s][info][gc,marking  ] GC(3226) Concurrent Preclean 1.629ms
[2024-05-30T14:52:47.348+0000][15506.768s][info][gc,start    ] GC(3226) Pause Remark
[2024-05-30T14:52:47.373+0000][15506.792s][info][gc          ] GC(3226) Pause Remark 4410M->4402M(12288M) 24.407ms
[2024-05-30T14:52:47.373+0000][15506.792s][info][gc,cpu      ] GC(3226) User=0.10s Sys=0.00s Real=0.02s
[2024-05-30T14:52:47.373+0000][15506.792s][info][gc,marking  ] GC(3226) Concurrent Mark 2080.448ms
[2024-05-30T14:52:47.373+0000][15506.792s][info][gc,marking  ] GC(3226) Concurrent Rebuild Remembered Sets
[2024-05-30T14:52:48.490+0000][15507.909s][info][gc,marking  ] GC(3226) Concurrent Rebuild Remembered Sets 1116.898ms
[2024-05-30T14:52:48.490+0000][15507.909s][info][gc,start    ] GC(3226) Pause Cleanup
[2024-05-30T14:52:48.491+0000][15507.910s][info][gc          ] GC(3226) Pause Cleanup 4921M->4921M(12288M) 0.646ms
[2024-05-30T14:52:48.491+0000][15507.910s][info][gc,cpu      ] GC(3226) User=0.00s Sys=0.00s Real=0.00s
[2024-05-30T14:52:48.491+0000][15507.910s][info][gc,marking  ] GC(3226) Concurrent Cleanup for Next Mark
[2024-05-30T14:52:48.507+0000][15507.927s][info][gc,marking  ] GC(3226) Concurrent Cleanup for Next Mark 16.527ms
[2024-05-30T14:52:48.507+0000][15507.927s][info][gc          ] GC(3226) Concurrent Mark Cycle 3243.384ms
[2024-05-30T14:52:58.330+0000][15517.749s][info][gc,start    ] GC(3227) Pause Young (Prepare Mixed) (G1 Evacuation Pause)
[2024-05-30T14:52:58.330+0000][15517.749s][info][gc,task     ] GC(3227) Using 6 workers of 6 for evacuation
[2024-05-30T14:52:58.374+0000][15517.793s][info][gc,phases   ] GC(3227)   Pre Evacuate Collection Set: 0.2ms
[2024-05-30T14:52:58.374+0000][15517.793s][info][gc,phases   ] GC(3227)   Merge Heap Roots: 0.3ms
[2024-05-30T14:52:58.374+0000][15517.793s][info][gc,phases   ] GC(3227)   Evacuate Collection Set: 40.8ms
[2024-05-30T14:52:58.374+0000][15517.793s][info][gc,phases   ] GC(3227)   Post Evacuate Collection Set: 2.4ms
[2024-05-30T14:52:58.374+0000][15517.793s][info][gc,phases   ] GC(3227)   Other: 0.2ms
[2024-05-30T14:52:58.374+0000][15517.793s][info][gc,heap     ] GC(3227) Eden regions: 778->0(57)
[2024-05-30T14:52:58.374+0000][15517.793s][info][gc,heap     ] GC(3227) Survivor regions: 16->19(100)
[2024-05-30T14:52:58.374+0000][15517.793s][info][gc,heap     ] GC(3227) Old regions: 374->374
[2024-05-30T14:52:58.374+0000][15517.793s][info][gc,heap     ] GC(3227) Archive regions: 2->2
[2024-05-30T14:52:58.374+0000][15517.793s][info][gc,heap     ] GC(3227) Humongous regions: 40->40
[2024-05-30T14:52:58.374+0000][15517.793s][info][gc,metaspace] GC(3227) Metaspace: 435323K(441408K)->435323K(441408K) NonClass: 381211K(384576K)->381211K(384576K) Class: 54112K(56832K)->54112K(56832K)
[2024-05-30T14:52:58.374+0000][15517.793s][info][gc          ] GC(3227) Pause Young (Prepare Mixed) (G1 Evacuation Pause) 9661M->3467M(12288M) 43.975ms
[2024-05-30T14:52:58.374+0000][15517.793s][info][gc,cpu      ] GC(3227) User=0.26s Sys=0.00s Real=0.04s
[2024-05-30T14:52:59.319+0000][15518.739s][info][gc,start    ] GC(3228) Pause Young (Mixed) (G1 Evacuation Pause)
[2024-05-30T14:52:59.319+0000][15518.739s][info][gc,task     ] GC(3228) Using 6 workers of 6 for evacuation
[2024-05-30T14:52:59.397+0000][15518.817s][info][gc,phases   ] GC(3228)   Pre Evacuate Collection Set: 0.2ms
[2024-05-30T14:52:59.398+0000][15518.817s][info][gc,phases   ] GC(3228)   Merge Heap Roots: 0.4ms
[2024-05-30T14:52:59.398+0000][15518.817s][info][gc,phases   ] GC(3228)   Evacuate Collection Set: 76.1ms
[2024-05-30T14:52:59.398+0000][15518.817s][info][gc,phases   ] GC(3228)   Post Evacuate Collection Set: 1.4ms
[2024-05-30T14:52:59.398+0000][15518.817s][info][gc,phases   ] GC(3228)   Other: 0.2ms
[2024-05-30T14:52:59.398+0000][15518.817s][info][gc,heap     ] GC(3228) Eden regions: 57->0(787)
[2024-05-30T14:52:59.398+0000][15518.817s][info][gc,heap     ] GC(3228) Survivor regions: 19->3(10)
[2024-05-30T14:52:59.398+0000][15518.817s][info][gc,heap     ] GC(3228) Old regions: 374->377
[2024-05-30T14:52:59.398+0000][15518.817s][info][gc,heap     ] GC(3228) Archive regions: 2->2
[2024-05-30T14:52:59.398+0000][15518.817s][info][gc,heap     ] GC(3228) Humongous regions: 40->40
[2024-05-30T14:52:59.398+0000][15518.817s][info][gc,metaspace] GC(3228) Metaspace: 435323K(441408K)->435323K(441408K) NonClass: 381211K(384576K)->381211K(384576K) Class: 54112K(56832K)->54112K(56832K)
[2024-05-30T14:52:59.398+0000][15518.817s][info][gc          ] GC(3228) Pause Young (Mixed) (G1 Evacuation Pause) 3923M->3360M(12288M) 78.270ms
[2024-05-30T14:52:59.398+0000][15518.817s][info][gc,cpu      ] GC(3228) User=0.47s Sys=0.00s Real=0.08s
[2024-05-30T14:53:12.392+0000][15531.811s][info][gc,start    ] GC(3229) Pause Young (Normal) (G1 Evacuation Pause)
[2024-05-30T14:53:12.392+0000][15531.811s][info][gc,task     ] GC(3229) Using 6 workers of 6 for evacuation
[2024-05-30T14:53:12.410+0000][15531.829s][info][gc,phases   ] GC(3229)   Pre Evacuate Collection Set: 0.2ms
[2024-05-30T14:53:12.410+0000][15531.829s][info][gc,phases   ] GC(3229)   Merge Heap Roots: 0.2ms
[2024-05-30T14:53:12.410+0000][15531.829s][info][gc,phases   ] GC(3229)   Evacuate Collection Set: 15.3ms
[2024-05-30T14:53:12.410+0000][15531.829s][info][gc,phases   ] GC(3229)   Post Evacuate Collection Set: 2.2ms
[2024-05-30T14:53:12.410+0000][15531.829s][info][gc,phases   ] GC(3229)   Other: 0.2ms
[2024-05-30T14:53:12.410+0000][15531.829s][info][gc,heap     ] GC(3229) Eden regions: 787->0(784)
[2024-05-30T14:53:12.410+0000][15531.829s][info][gc,heap     ] GC(3229) Survivor regions: 3->6(99)
[2024-05-30T14:53:12.410+0000][15531.829s][info][gc,heap     ] GC(3229) Old regions: 377->377
[2024-05-30T14:53:12.410+0000][15531.829s][info][gc,heap     ] GC(3229) Archive regions: 2->2
[2024-05-30T14:53:12.410+0000][15531.829s][info][gc,heap     ] GC(3229) Humongous regions: 40->40
[2024-05-30T14:53:12.410+0000][15531.829s][info][gc,metaspace] GC(3229) Metaspace: 435323K(441408K)->435323K(441408K) NonClass: 381211K(384576K)->381211K(384576K) Class: 54112K(56832K)->54112K(56832K)
[2024-05-30T14:53:12.410+0000][15531.829s][info][gc          ] GC(3229) Pause Young (Normal) (G1 Evacuation Pause) 9656M->3383M(12288M) 18.115ms
[2024-05-30T14:53:12.410+0000][15531.829s][info][gc,cpu      ] GC(3229) User=0.11s Sys=0.00s Real=0.02s
[2024-05-30T14:53:24.731+0000][15544.150s][info][gc,start    ] GC(3230) Pause Young (Normal) (G1 Evacuation Pause)
[2024-05-30T14:53:24.731+0000][15544.150s][info][gc,task     ] GC(3230) Using 6 workers of 6 for evacuation
[2024-05-30T14:53:24.755+0000][15544.174s][info][gc,phases   ] GC(3230)   Pre Evacuate Collection Set: 0.2ms
[2024-05-30T14:53:24.755+0000][15544.174s][info][gc,phases   ] GC(3230)   Merge Heap Roots: 0.2ms
[2024-05-30T14:53:24.755+0000][15544.174s][info][gc,phases   ] GC(3230)   Evacuate Collection Set: 21.1ms
[2024-05-30T14:53:24.755+0000][15544.174s][info][gc,phases   ] GC(3230)   Post Evacuate Collection Set: 2.3ms
[2024-05-30T14:53:24.755+0000][15544.174s][info][gc,phases   ] GC(3230)   Other: 0.2ms
[2024-05-30T14:53:24.755+0000][15544.174s][info][gc,heap     ] GC(3230) Eden regions: 784->0(780)
[2024-05-30T14:53:24.755+0000][15544.174s][info][gc,heap     ] GC(3230) Survivor regions: 6->10(99)
[2024-05-30T14:53:24.755+0000][15544.174s][info][gc,heap     ] GC(3230) Old regions: 377->377
[2024-05-30T14:53:24.755+0000][15544.174s][info][gc,heap     ] GC(3230) Archive regions: 2->2
[2024-05-30T14:53:24.755+0000][15544.174s][info][gc,heap     ] GC(3230) Humongous regions: 40->40
[2024-05-30T14:53:24.755+0000][15544.174s][info][gc,metaspace] GC(3230) Metaspace: 435323K(441408K)->435323K(441408K) NonClass: 381211K(384576K)->381211K(384576K) Class: 54112K(56832K)->54112K(56832K)
[2024-05-30T14:53:24.755+0000][15544.174s][info][gc          ] GC(3230) Pause Young (Normal) (G1 Evacuation Pause) 9655M->3414M(12288M) 24.112ms
[2024-05-30T14:53:24.755+0000][15544.174s][info][gc,cpu      ] GC(3230) User=0.14s Sys=0.00s Real=0.02s
[2024-05-30T14:53:37.878+0000][15557.297s][info][gc,start    ] GC(3231) Pause Young (Concurrent Start) (G1 Evacuation Pause)
[2024-05-30T14:53:37.878+0000][15557.297s][info][gc,task     ] GC(3231) Using 6 workers of 6 for evacuation
[2024-05-30T14:53:37.909+0000][15557.329s][info][gc,phases   ] GC(3231)   Pre Evacuate Collection Set: 0.5ms
[2024-05-30T14:53:37.909+0000][15557.329s][info][gc,phases   ] GC(3231)   Merge Heap Roots: 0.2ms
[2024-05-30T14:53:37.909+0000][15557.329s][info][gc,phases   ] GC(3231)   Evacuate Collection Set: 28.5ms
[2024-05-30T14:53:37.909+0000][15557.329s][info][gc,phases   ] GC(3231)   Post Evacuate Collection Set: 2.3ms
[2024-05-30T14:53:37.909+0000][15557.329s][info][gc,phases   ] GC(3231)   Other: 0.3ms
[2024-05-30T14:53:37.909+0000][15557.329s][info][gc,heap     ] GC(3231) Eden regions: 780->0(777)
[2024-05-30T14:53:37.909+0000][15557.329s][info][gc,heap     ] GC(3231) Survivor regions: 10->13(99)
[2024-05-30T14:53:37.909+0000][15557.329s][info][gc,heap     ] GC(3231) Old regions: 377->377
[2024-05-30T14:53:37.909+0000][15557.329s][info][gc,heap     ] GC(3231) Archive regions: 2->2
[2024-05-30T14:53:37.909+0000][15557.329s][info][gc,heap     ] GC(3231) Humongous regions: 40->40
[2024-05-30T14:53:37.909+0000][15557.329s][info][gc,metaspace] GC(3231) Metaspace: 435331K(441408K)->435331K(441408K) NonClass: 381218K(384576K)->381218K(384576K) Class: 54112K(56832K)->54112K(56832K)
[2024-05-30T14:53:37.910+0000][15557.329s][info][gc          ] GC(3231) Pause Young (Concurrent Start) (G1 Evacuation Pause) 9654M->3436M(12288M) 31.840ms
[2024-05-30T14:53:37.910+0000][15557.329s][info][gc,cpu      ] GC(3231) User=0.18s Sys=0.00s Real=0.03s
[2024-05-30T14:53:37.910+0000][15557.329s][info][gc          ] GC(3232) Concurrent Mark Cycle
[2024-05-30T14:53:37.910+0000][15557.329s][info][gc,marking  ] GC(3232) Concurrent Clear Claimed Marks
[2024-05-30T14:53:37.910+0000][15557.329s][info][gc,marking  ] GC(3232) Concurrent Clear Claimed Marks 0.407ms
[2024-05-30T14:53:37.910+0000][15557.329s][info][gc,marking  ] GC(3232) Concurrent Scan Root Regions
[2024-05-30T14:53:37.939+0000][15557.358s][info][gc,marking  ] GC(3232) Concurrent Scan Root Regions 28.560ms
[2024-05-30T14:53:37.939+0000][15557.358s][info][gc,marking  ] GC(3232) Concurrent Mark
[2024-05-30T14:53:37.939+0000][15557.358s][info][gc,marking  ] GC(3232) Concurrent Mark From Roots
[2024-05-30T14:53:37.939+0000][15557.358s][info][gc,task     ] GC(3232) Using 2 workers of 2 for marking
[2024-05-30T14:53:39.994+0000][15559.413s][info][gc,marking  ] GC(3232) Concurrent Mark From Roots 2054.856ms
[2024-05-30T14:53:39.994+0000][15559.413s][info][gc,marking  ] GC(3232) Concurrent Preclean
[2024-05-30T14:53:39.995+0000][15559.414s][info][gc,marking  ] GC(3232) Concurrent Preclean 1.630ms
[2024-05-30T14:53:39.995+0000][15559.415s][info][gc,start    ] GC(3232) Pause Remark
[2024-05-30T14:53:40.020+0000][15559.439s][info][gc          ] GC(3232) Pause Remark 4336M->4336M(12288M) 24.407ms
[2024-05-30T14:53:40.020+0000][15559.439s][info][gc,cpu      ] GC(3232) User=0.10s Sys=0.00s Real=0.03s
[2024-05-30T14:53:40.020+0000][15559.439s][info][gc,marking  ] GC(3232) Concurrent Mark 2081.307ms
[2024-05-30T14:53:40.020+0000][15559.439s][info][gc,marking  ] GC(3232) Concurrent Rebuild Remembered Sets
[2024-05-30T14:53:41.180+0000][15560.599s][info][gc,marking  ] GC(3232) Concurrent Rebuild Remembered Sets 1159.561ms
[2024-05-30T14:53:41.180+0000][15560.599s][info][gc,start    ] GC(3232) Pause Cleanup
[2024-05-30T14:53:41.180+0000][15560.600s][info][gc          ] GC(3232) Pause Cleanup 4876M->4876M(12288M) 0.694ms
[2024-05-30T14:53:41.180+0000][15560.600s][info][gc,cpu      ] GC(3232) User=0.01s Sys=0.00s Real=0.00s
[2024-05-30T14:53:41.180+0000][15560.600s][info][gc,marking  ] GC(3232) Concurrent Cleanup for Next Mark
[2024-05-30T14:53:41.197+0000][15560.617s][info][gc,marking  ] GC(3232) Concurrent Cleanup for Next Mark 16.822ms
[2024-05-30T14:53:41.197+0000][15560.617s][info][gc          ] GC(3232) Concurrent Mark Cycle 3287.757ms
[2024-05-30T14:53:50.955+0000][15570.375s][info][gc,start    ] GC(3233) Pause Young (Prepare Mixed) (G1 Evacuation Pause)
[2024-05-30T14:53:50.955+0000][15570.375s][info][gc,task     ] GC(3233) Using 6 workers of 6 for evacuation
[2024-05-30T14:53:50.996+0000][15570.415s][info][gc,phases   ] GC(3233)   Pre Evacuate Collection Set: 0.2ms
[2024-05-30T14:53:50.996+0000][15570.415s][info][gc,phases   ] GC(3233)   Merge Heap Roots: 0.3ms
[2024-05-30T14:53:50.996+0000][15570.415s][info][gc,phases   ] GC(3233)   Evacuate Collection Set: 37.6ms
[2024-05-30T14:53:50.996+0000][15570.415s][info][gc,phases   ] GC(3233)   Post Evacuate Collection Set: 2.2ms
[2024-05-30T14:53:50.996+0000][15570.415s][info][gc,phases   ] GC(3233)   Other: 0.2ms
[2024-05-30T14:53:50.996+0000][15570.415s][info][gc,heap     ] GC(3233) Eden regions: 777->0(59)
[2024-05-30T14:53:50.996+0000][15570.415s][info][gc,heap     ] GC(3233) Survivor regions: 13->17(99)
[2024-05-30T14:53:50.996+0000][15570.415s][info][gc,heap     ] GC(3233) Old regions: 377->377
[2024-05-30T14:53:50.996+0000][15570.415s][info][gc,heap     ] GC(3233) Archive regions: 2->2
[2024-05-30T14:53:50.996+0000][15570.415s][info][gc,heap     ] GC(3233) Humongous regions: 40->40
[2024-05-30T14:53:50.996+0000][15570.415s][info][gc,metaspace] GC(3233) Metaspace: 435331K(441408K)->435331K(441408K) NonClass: 381218K(384576K)->381218K(384576K) Class: 54112K(56832K)->54112K(56832K)
[2024-05-30T14:53:50.996+0000][15570.415s][info][gc          ] GC(3233) Pause Young (Prepare Mixed) (G1 Evacuation Pause) 9652M->3467M(12288M) 40.544ms
[2024-05-30T14:53:50.996+0000][15570.415s][info][gc,cpu      ] GC(3233) User=0.24s Sys=0.00s Real=0.04s
[2024-05-30T14:53:51.976+0000][15571.395s][info][gc,start    ] GC(3234) Pause Young (Mixed) (G1 Evacuation Pause)
[2024-05-30T14:53:51.976+0000][15571.395s][info][gc,task     ] GC(3234) Using 6 workers of 6 for evacuation
[2024-05-30T14:53:52.061+0000][15571.480s][info][gc,phases   ] GC(3234)   Pre Evacuate Collection Set: 0.2ms
[2024-05-30T14:53:52.061+0000][15571.480s][info][gc,phases   ] GC(3234)   Merge Heap Roots: 0.4ms
[2024-05-30T14:53:52.061+0000][15571.480s][info][gc,phases   ] GC(3234)   Evacuate Collection Set: 82.4ms
[2024-05-30T14:53:52.061+0000][15571.480s][info][gc,phases   ] GC(3234)   Post Evacuate Collection Set: 1.6ms
[2024-05-30T14:53:52.061+0000][15571.480s][info][gc,phases   ] GC(3234)   Other: 0.2ms
[2024-05-30T14:53:52.061+0000][15571.480s][info][gc,heap     ] GC(3234) Eden regions: 59->0(785)
[2024-05-30T14:53:52.061+0000][15571.480s][info][gc,heap     ] GC(3234) Survivor regions: 17->2(10)
[2024-05-30T14:53:52.061+0000][15571.480s][info][gc,heap     ] GC(3234) Old regions: 377->380
[2024-05-30T14:53:52.061+0000][15571.480s][info][gc,heap     ] GC(3234) Archive regions: 2->2
[2024-05-30T14:53:52.061+0000][15571.480s][info][gc,heap     ] GC(3234) Humongous regions: 40->40
[2024-05-30T14:53:52.061+0000][15571.480s][info][gc,metaspace] GC(3234) Metaspace: 435332K(441408K)->435332K(441408K) NonClass: 381219K(384576K)->381219K(384576K) Class: 54112K(56832K)->54112K(56832K)
[2024-05-30T14:53:52.061+0000][15571.480s][info][gc          ] GC(3234) Pause Young (Mixed) (G1 Evacuation Pause) 3939M->3380M(12288M) 84.850ms
[2024-05-30T14:53:52.061+0000][15571.480s][info][gc,cpu      ] GC(3234) User=0.50s Sys=0.00s Real=0.09s
[2024-05-30T14:54:03.931+0000][15583.350s][info][gc,start    ] GC(3235) Pause Young (Normal) (G1 Evacuation Pause)
[2024-05-30T14:54:03.931+0000][15583.350s][info][gc,task     ] GC(3235) Using 6 workers of 6 for evacuation
[2024-05-30T14:54:03.949+0000][15583.368s][info][gc,phases   ] GC(3235)   Pre Evacuate Collection Set: 0.2ms
[2024-05-30T14:54:03.949+0000][15583.368s][info][gc,phases   ] GC(3235)   Merge Heap Roots: 0.2ms
[2024-05-30T14:54:03.949+0000][15583.368s][info][gc,phases   ] GC(3235)   Evacuate Collection Set: 14.7ms
[2024-05-30T14:54:03.949+0000][15583.368s][info][gc,phases   ] GC(3235)   Post Evacuate Collection Set: 2.2ms
[2024-05-30T14:54:03.949+0000][15583.368s][info][gc,phases   ] GC(3235)   Other: 0.2ms
[2024-05-30T14:54:03.949+0000][15583.368s][info][gc,heap     ] GC(3235) Eden regions: 785->0(783)
[2024-05-30T14:54:03.949+0000][15583.368s][info][gc,heap     ] GC(3235) Survivor regions: 2->5(99)
[2024-05-30T14:54:03.949+0000][15583.368s][info][gc,heap     ] GC(3235) Old regions: 380->380
[2024-05-30T14:54:03.949+0000][15583.368s][info][gc,heap     ] GC(3235) Archive regions: 2->2
[2024-05-30T14:54:03.949+0000][15583.368s][info][gc,heap     ] GC(3235) Humongous regions: 40->40
[2024-05-30T14:54:03.949+0000][15583.368s][info][gc,metaspace] GC(3235) Metaspace: 435333K(441408K)->435333K(441408K) NonClass: 381221K(384576K)->381221K(384576K) Class: 54112K(56832K)->54112K(56832K)
[2024-05-30T14:54:03.949+0000][15583.368s][info][gc          ] GC(3235) Pause Young (Normal) (G1 Evacuation Pause) 9660M->3404M(12288M) 17.487ms
[2024-05-30T14:54:03.949+0000][15583.368s][info][gc,cpu      ] GC(3235) User=0.10s Sys=0.00s Real=0.02s
[2024-05-30T14:54:16.776+0000][15596.195s][info][gc,start    ] GC(3236) Pause Young (Normal) (G1 Evacuation Pause)
[2024-05-30T14:54:16.776+0000][15596.195s][info][gc,task     ] GC(3236) Using 6 workers of 6 for evacuation
[2024-05-30T14:54:16.801+0000][15596.220s][info][gc,phases   ] GC(3236)   Pre Evacuate Collection Set: 0.2ms
[2024-05-30T14:54:16.801+0000][15596.220s][info][gc,phases   ] GC(3236)   Merge Heap Roots: 0.2ms
[2024-05-30T14:54:16.801+0000][15596.220s][info][gc,phases   ] GC(3236)   Evacuate Collection Set: 22.3ms
[2024-05-30T14:54:16.801+0000][15596.220s][info][gc,phases   ] GC(3236)   Post Evacuate Collection Set: 2.1ms
[2024-05-30T14:54:16.801+0000][15596.220s][info][gc,phases   ] GC(3236)   Other: 0.2ms
[2024-05-30T14:54:16.801+0000][15596.220s][info][gc,heap     ] GC(3236) Eden regions: 783->0(779)
[2024-05-30T14:54:16.801+0000][15596.220s][info][gc,heap     ] GC(3236) Survivor regions: 5->9(99)
[2024-05-30T14:54:16.801+0000][15596.220s][info][gc,heap     ] GC(3236) Old regions: 380->380
[2024-05-30T14:54:16.801+0000][15596.220s][info][gc,heap     ] GC(3236) Archive regions: 2->2
[2024-05-30T14:54:16.801+0000][15596.220s][info][gc,heap     ] GC(3236) Humongous regions: 40->40
[2024-05-30T14:54:16.801+0000][15596.220s][info][gc,metaspace] GC(3236) Metaspace: 435333K(441408K)->435333K(441408K) NonClass: 381221K(384576K)->381221K(384576K) Class: 54112K(56832K)->54112K(56832K)
[2024-05-30T14:54:16.801+0000][15596.220s][info][gc          ] GC(3236) Pause Young (Normal) (G1 Evacuation Pause) 9668M->3431M(12288M) 25.142ms
[2024-05-30T14:54:16.801+0000][15596.220s][info][gc,cpu      ] GC(3236) User=0.15s Sys=0.00s Real=0.03s
[2024-05-30T14:54:19.609+0000][15599.028s][info][gc,start    ] GC(3237) Pause Young (Concurrent Start) (G1 Evacuation Pause)
[2024-05-30T14:54:19.609+0000][15599.028s][info][gc,task     ] GC(3237) Using 6 workers of 6 for evacuation
[2024-05-30T14:54:19.700+0000][15599.119s][info][gc,phases   ] GC(3237)   Pre Evacuate Collection Set: 0.5ms
[2024-05-30T14:54:19.700+0000][15599.119s][info][gc,phases   ] GC(3237)   Merge Heap Roots: 0.2ms
[2024-05-30T14:54:19.700+0000][15599.119s][info][gc,phases   ] GC(3237)   Evacuate Collection Set: 70.3ms
[2024-05-30T14:54:19.700+0000][15599.119s][info][gc,phases   ] GC(3237)   Post Evacuate Collection Set: 19.9ms
[2024-05-30T14:54:19.700+0000][15599.119s][info][gc,phases   ] GC(3237)   Other: 0.3ms
[2024-05-30T14:54:19.700+0000][15599.119s][info][gc,heap     ] GC(3237) Eden regions: 779->0(772)
[2024-05-30T14:54:19.700+0000][15599.119s][info][gc,heap     ] GC(3237) Survivor regions: 9->15(99)
[2024-05-30T14:54:19.700+0000][15599.119s][info][gc,heap     ] GC(3237) Old regions: 380->380
[2024-05-30T14:54:19.700+0000][15599.119s][info][gc,heap     ] GC(3237) Archive regions: 2->2
[2024-05-30T14:54:19.700+0000][15599.119s][info][gc,heap     ] GC(3237) Humongous regions: 40->40
[2024-05-30T14:54:19.700+0000][15599.119s][info][gc,metaspace] GC(3237) Metaspace: 435333K(441408K)->435333K(441408K) NonClass: 381221K(384576K)->381221K(384576K) Class: 54112K(56832K)->54112K(56832K)
[2024-05-30T14:54:19.700+0000][15599.120s][info][gc          ] GC(3237) Pause Young (Concurrent Start) (G1 Evacuation Pause) 9663M->3483M(12288M) 91.267ms
[2024-05-30T14:54:19.700+0000][15599.120s][info][gc,cpu      ] GC(3237) User=0.53s Sys=0.00s Real=0.09s
[2024-05-30T14:54:19.700+0000][15599.120s][info][gc          ] GC(3238) Concurrent Mark Cycle
[2024-05-30T14:54:19.700+0000][15599.120s][info][gc,marking  ] GC(3238) Concurrent Clear Claimed Marks
[2024-05-30T14:54:19.701+0000][15599.120s][info][gc,marking  ] GC(3238) Concurrent Clear Claimed Marks 0.426ms
[2024-05-30T14:54:19.701+0000][15599.120s][info][gc,marking  ] GC(3238) Concurrent Scan Root Regions
[2024-05-30T14:54:19.756+0000][15599.175s][info][gc,marking  ] GC(3238) Concurrent Scan Root Regions 54.969ms
[2024-05-30T14:54:19.756+0000][15599.175s][info][gc,marking  ] GC(3238) Concurrent Mark
[2024-05-30T14:54:19.756+0000][15599.175s][info][gc,marking  ] GC(3238) Concurrent Mark From Roots
[2024-05-30T14:54:19.756+0000][15599.175s][info][gc,task     ] GC(3238) Using 2 workers of 2 for marking
[2024-05-30T14:54:21.810+0000][15601.229s][info][gc,marking  ] GC(3238) Concurrent Mark From Roots 2054.212ms
[2024-05-30T14:54:21.810+0000][15601.229s][info][gc,marking  ] GC(3238) Concurrent Preclean
[2024-05-30T14:54:21.811+0000][15601.231s][info][gc,marking  ] GC(3238) Concurrent Preclean 1.243ms
[2024-05-30T14:54:21.812+0000][15601.231s][info][gc,start    ] GC(3238) Pause Remark
[2024-05-30T14:54:21.836+0000][15601.255s][info][gc          ] GC(3238) Pause Remark 8248M->8248M(12288M) 24.280ms
[2024-05-30T14:54:21.836+0000][15601.255s][info][gc,cpu      ] GC(3238) User=0.11s Sys=0.00s Real=0.02s
[2024-05-30T14:54:21.836+0000][15601.255s][info][gc,marking  ] GC(3238) Concurrent Mark 2080.101ms
[2024-05-30T14:54:21.836+0000][15601.255s][info][gc,marking  ] GC(3238) Concurrent Rebuild Remembered Sets
[2024-05-30T14:54:22.569+0000][15601.989s][info][gc,start    ] GC(3239) Pause Young (Normal) (G1 Evacuation Pause)
[2024-05-30T14:54:22.569+0000][15601.989s][info][gc,task     ] GC(3239) Using 6 workers of 6 for evacuation
[2024-05-30T14:54:22.669+0000][15602.088s][info][gc,phases   ] GC(3239)   Pre Evacuate Collection Set: 0.2ms
[2024-05-30T14:54:22.669+0000][15602.088s][info][gc,phases   ] GC(3239)   Merge Heap Roots: 0.2ms
[2024-05-30T14:54:22.669+0000][15602.088s][info][gc,phases   ] GC(3239)   Evacuate Collection Set: 80.5ms
[2024-05-30T14:54:22.669+0000][15602.088s][info][gc,phases   ] GC(3239)   Post Evacuate Collection Set: 18.2ms
[2024-05-30T14:54:22.669+0000][15602.088s][info][gc,phases   ] GC(3239)   Other: 0.2ms
[2024-05-30T14:54:22.669+0000][15602.088s][info][gc,heap     ] GC(3239) Eden regions: 772->0(764)
[2024-05-30T14:54:22.669+0000][15602.088s][info][gc,heap     ] GC(3239) Survivor regions: 15->21(99)
[2024-05-30T14:54:22.669+0000][15602.088s][info][gc,heap     ] GC(3239) Old regions: 380->380
[2024-05-30T14:54:22.669+0000][15602.088s][info][gc,heap     ] GC(3239) Archive regions: 2->2
[2024-05-30T14:54:22.669+0000][15602.088s][info][gc,heap     ] GC(3239) Humongous regions: 40->40
[2024-05-30T14:54:22.669+0000][15602.088s][info][gc,metaspace] GC(3239) Metaspace: 435333K(441408K)->435333K(441408K) NonClass: 381221K(384576K)->381221K(384576K) Class: 54112K(56832K)->54112K(56832K)
[2024-05-30T14:54:22.669+0000][15602.088s][info][gc          ] GC(3239) Pause Young (Normal) (G1 Evacuation Pause) 9659M->3532M(12288M) 99.385ms
[2024-05-30T14:54:22.669+0000][15602.088s][info][gc,cpu      ] GC(3239) User=0.58s Sys=0.01s Real=0.10s
[2024-05-30T14:54:23.166+0000][15602.585s][info][gc,marking  ] GC(3238) Concurrent Rebuild Remembered Sets 1329.547ms
[2024-05-30T14:54:23.166+0000][15602.585s][info][gc,start    ] GC(3238) Pause Cleanup
[2024-05-30T14:54:23.166+0000][15602.586s][info][gc          ] GC(3238) Pause Cleanup 4796M->4796M(12288M) 0.646ms
[2024-05-30T14:54:23.167+0000][15602.586s][info][gc,cpu      ] GC(3238) User=0.00s Sys=0.00s Real=0.00s
[2024-05-30T14:54:23.167+0000][15602.586s][info][gc,marking  ] GC(3238) Concurrent Cleanup for Next Mark
[2024-05-30T14:54:23.184+0000][15602.603s][info][gc,marking  ] GC(3238) Concurrent Cleanup for Next Mark 17.119ms
[2024-05-30T14:54:23.184+0000][15602.603s][info][gc          ] GC(3238) Concurrent Mark Cycle 3483.371ms
[2024-05-30T14:54:24.948+0000][15604.368s][info][gc,start    ] GC(3240) Pause Young (Prepare Mixed) (G1 Evacuation Pause)
[2024-05-30T14:54:24.948+0000][15604.368s][info][gc,task     ] GC(3240) Using 6 workers of 6 for evacuation
[2024-05-30T14:54:25.072+0000][15604.492s][info][gc,phases   ] GC(3240)   Pre Evacuate Collection Set: 0.1ms
[2024-05-30T14:54:25.072+0000][15604.492s][info][gc,phases   ] GC(3240)   Merge Heap Roots: 0.3ms
[2024-05-30T14:54:25.072+0000][15604.492s][info][gc,phases   ] GC(3240)   Evacuate Collection Set: 103.6ms
[2024-05-30T14:54:25.072+0000][15604.492s][info][gc,phases   ] GC(3240)   Post Evacuate Collection Set: 19.8ms
[2024-05-30T14:54:25.072+0000][15604.492s][info][gc,phases   ] GC(3240)   Other: 0.2ms
[2024-05-30T14:54:25.072+0000][15604.492s][info][gc,heap     ] GC(3240) Eden regions: 764->0(50)
[2024-05-30T14:54:25.072+0000][15604.492s][info][gc,heap     ] GC(3240) Survivor regions: 21->26(99)
[2024-05-30T14:54:25.073+0000][15604.492s][info][gc,heap     ] GC(3240) Old regions: 380->380
[2024-05-30T14:54:25.073+0000][15604.492s][info][gc,heap     ] GC(3240) Archive regions: 2->2
[2024-05-30T14:54:25.073+0000][15604.492s][info][gc,heap     ] GC(3240) Humongous regions: 40->40
[2024-05-30T14:54:25.073+0000][15604.492s][info][gc,metaspace] GC(3240) Metaspace: 435333K(441408K)->435333K(441408K) NonClass: 381221K(384576K)->381221K(384576K) Class: 54112K(56832K)->54112K(56832K)
[2024-05-30T14:54:25.073+0000][15604.492s][info][gc          ] GC(3240) Pause Young (Prepare Mixed) (G1 Evacuation Pause) 9644M->3568M(12288M) 124.099ms
[2024-05-30T14:54:25.073+0000][15604.492s][info][gc,cpu      ] GC(3240) User=0.73s Sys=0.00s Real=0.12s
[2024-05-30T14:54:25.245+0000][15604.664s][info][gc,start    ] GC(3241) Pause Young (Mixed) (G1 Evacuation Pause)
[2024-05-30T14:54:25.245+0000][15604.664s][info][gc,task     ] GC(3241) Using 6 workers of 6 for evacuation
[2024-05-30T14:54:25.354+0000][15604.773s][info][gc,phases   ] GC(3241)   Pre Evacuate Collection Set: 0.2ms
[2024-05-30T14:54:25.354+0000][15604.773s][info][gc,phases   ] GC(3241)   Merge Heap Roots: 0.3ms
[2024-05-30T14:54:25.354+0000][15604.773s][info][gc,phases   ] GC(3241)   Evacuate Collection Set: 105.9ms
[2024-05-30T14:54:25.354+0000][15604.773s][info][gc,phases   ] GC(3241)   Post Evacuate Collection Set: 2.5ms
[2024-05-30T14:54:25.354+0000][15604.773s][info][gc,phases   ] GC(3241)   Other: 0.2ms
[2024-05-30T14:54:25.354+0000][15604.773s][info][gc,heap     ] GC(3241) Eden regions: 50->0(774)
[2024-05-30T14:54:25.354+0000][15604.773s][info][gc,heap     ] GC(3241) Survivor regions: 26->3(10)
[2024-05-30T14:54:25.354+0000][15604.773s][info][gc,heap     ] GC(3241) Old regions: 380->389
[2024-05-30T14:54:25.354+0000][15604.773s][info][gc,heap     ] GC(3241) Archive regions: 2->2
[2024-05-30T14:54:25.354+0000][15604.773s][info][gc,heap     ] GC(3241) Humongous regions: 40->40
[2024-05-30T14:54:25.354+0000][15604.773s][info][gc,metaspace] GC(3241) Metaspace: 435333K(441408K)->435333K(441408K) NonClass: 381221K(384576K)->381221K(384576K) Class: 54112K(56832K)->54112K(56832K)
[2024-05-30T14:54:25.354+0000][15604.773s][info][gc          ] GC(3241) Pause Young (Mixed) (G1 Evacuation Pause) 3968M->3459M(12288M) 109.112ms
[2024-05-30T14:54:25.354+0000][15604.774s][info][gc,cpu      ] GC(3241) User=0.65s Sys=0.00s Real=0.11s
[2024-05-30T14:54:27.714+0000][15607.134s][info][gc,start    ] GC(3242) Pause Young (Normal) (G1 Evacuation Pause)
[2024-05-30T14:54:27.714+0000][15607.134s][info][gc,task     ] GC(3242) Using 6 workers of 6 for evacuation
[2024-05-30T14:54:27.794+0000][15607.213s][info][gc,phases   ] GC(3242)   Pre Evacuate Collection Set: 0.2ms
[2024-05-30T14:54:27.794+0000][15607.213s][info][gc,phases   ] GC(3242)   Merge Heap Roots: 0.2ms
[2024-05-30T14:54:27.794+0000][15607.213s][info][gc,phases   ] GC(3242)   Evacuate Collection Set: 58.7ms
[2024-05-30T14:54:27.794+0000][15607.213s][info][gc,phases   ] GC(3242)   Post Evacuate Collection Set: 20.4ms
[2024-05-30T14:54:27.794+0000][15607.213s][info][gc,phases   ] GC(3242)   Other: 0.2ms
[2024-05-30T14:54:27.794+0000][15607.213s][info][gc,heap     ] GC(3242) Eden regions: 774->0(770)
[2024-05-30T14:54:27.794+0000][15607.213s][info][gc,heap     ] GC(3242) Survivor regions: 3->7(98)
[2024-05-30T14:54:27.794+0000][15607.213s][info][gc,heap     ] GC(3242) Old regions: 389->389
[2024-05-30T14:54:27.794+0000][15607.213s][info][gc,heap     ] GC(3242) Archive regions: 2->2
[2024-05-30T14:54:27.794+0000][15607.213s][info][gc,heap     ] GC(3242) Humongous regions: 40->40
[2024-05-30T14:54:27.794+0000][15607.213s][info][gc,metaspace] GC(3242) Metaspace: 435333K(441408K)->435333K(441408K) NonClass: 381221K(384576K)->381221K(384576K) Class: 54112K(56832K)->54112K(56832K)
[2024-05-30T14:54:27.794+0000][15607.213s][info][gc          ] GC(3242) Pause Young (Normal) (G1 Evacuation Pause) 9651M->3491M(12288M) 79.753ms
[2024-05-30T14:54:27.794+0000][15607.213s][info][gc,cpu      ] GC(3242) User=0.47s Sys=0.00s Real=0.08s
[2024-05-30T14:54:30.181+0000][15609.601s][info][gc,start    ] GC(3243) Pause Young (Normal) (G1 Evacuation Pause)
[2024-05-30T14:54:30.181+0000][15609.601s][info][gc,task     ] GC(3243) Using 6 workers of 6 for evacuation
[2024-05-30T14:54:30.275+0000][15609.694s][info][gc,phases   ] GC(3243)   Pre Evacuate Collection Set: 0.2ms
[2024-05-30T14:54:30.275+0000][15609.694s][info][gc,phases   ] GC(3243)   Merge Heap Roots: 0.3ms
[2024-05-30T14:54:30.275+0000][15609.694s][info][gc,phases   ] GC(3243)   Evacuate Collection Set: 71.4ms
[2024-05-30T14:54:30.275+0000][15609.694s][info][gc,phases   ] GC(3243)   Post Evacuate Collection Set: 21.2ms
[2024-05-30T14:54:30.275+0000][15609.694s][info][gc,phases   ] GC(3243)   Other: 0.2ms
[2024-05-30T14:54:30.275+0000][15609.694s][info][gc,heap     ] GC(3243) Eden regions: 770->0(767)
[2024-05-30T14:54:30.275+0000][15609.694s][info][gc,heap     ] GC(3243) Survivor regions: 7->11(98)
[2024-05-30T14:54:30.275+0000][15609.694s][info][gc,heap     ] GC(3243) Old regions: 389->389
[2024-05-30T14:54:30.275+0000][15609.694s][info][gc,heap     ] GC(3243) Archive regions: 2->2
[2024-05-30T14:54:30.275+0000][15609.694s][info][gc,heap     ] GC(3243) Humongous regions: 40->40
[2024-05-30T14:54:30.275+0000][15609.694s][info][gc,metaspace] GC(3243) Metaspace: 435333K(441408K)->435333K(441408K) NonClass: 381221K(384576K)->381221K(384576K) Class: 54112K(56832K)->54112K(56832K)
[2024-05-30T14:54:30.275+0000][15609.694s][info][gc          ] GC(3243) Pause Young (Normal) (G1 Evacuation Pause) 9651M->3519M(12288M) 93.339ms
[2024-05-30T14:54:30.275+0000][15609.694s][info][gc,cpu      ] GC(3243) User=0.54s Sys=0.00s Real=0.09s
[2024-05-30T14:54:32.538+0000][15611.957s][info][gc,start    ] GC(3244) Pause Young (Concurrent Start) (G1 Evacuation Pause)
[2024-05-30T14:54:32.538+0000][15611.957s][info][gc,task     ] GC(3244) Using 6 workers of 6 for evacuation
[2024-05-30T14:54:32.647+0000][15612.066s][info][gc,phases   ] GC(3244)   Pre Evacuate Collection Set: 0.5ms
[2024-05-30T14:54:32.647+0000][15612.066s][info][gc,phases   ] GC(3244)   Merge Heap Roots: 0.3ms
[2024-05-30T14:54:32.647+0000][15612.066s][info][gc,phases   ] GC(3244)   Evacuate Collection Set: 86.7ms
[2024-05-30T14:54:32.647+0000][15612.066s][info][gc,phases   ] GC(3244)   Post Evacuate Collection Set: 20.7ms
[2024-05-30T14:54:32.647+0000][15612.066s][info][gc,phases   ] GC(3244)   Other: 0.3ms
[2024-05-30T14:54:32.647+0000][15612.066s][info][gc,heap     ] GC(3244) Eden regions: 767->0(763)
[2024-05-30T14:54:32.647+0000][15612.066s][info][gc,heap     ] GC(3244) Survivor regions: 11->16(98)
[2024-05-30T14:54:32.647+0000][15612.066s][info][gc,heap     ] GC(3244) Old regions: 389->389
[2024-05-30T14:54:32.647+0000][15612.066s][info][gc,heap     ] GC(3244) Archive regions: 2->2
[2024-05-30T14:54:32.647+0000][15612.066s][info][gc,heap     ] GC(3244) Humongous regions: 40->40
[2024-05-30T14:54:32.647+0000][15612.066s][info][gc,metaspace] GC(3244) Metaspace: 435333K(441408K)->435333K(441408K) NonClass: 381221K(384576K)->381221K(384576K) Class: 54112K(56832K)->54112K(56832K)
[2024-05-30T14:54:32.647+0000][15612.066s][info][gc          ] GC(3244) Pause Young (Concurrent Start) (G1 Evacuation Pause) 9655M->3559M(12288M) 108.627ms
[2024-05-30T14:54:32.647+0000][15612.066s][info][gc,cpu      ] GC(3244) User=0.63s Sys=0.00s Real=0.10s
[2024-05-30T14:54:32.647+0000][15612.066s][info][gc          ] GC(3245) Concurrent Mark Cycle
[2024-05-30T14:54:32.647+0000][15612.066s][info][gc,marking  ] GC(3245) Concurrent Clear Claimed Marks
[2024-05-30T14:54:32.647+0000][15612.067s][info][gc,marking  ] GC(3245) Concurrent Clear Claimed Marks 0.457ms
[2024-05-30T14:54:32.647+0000][15612.067s][info][gc,marking  ] GC(3245) Concurrent Scan Root Regions
[2024-05-30T14:54:32.693+0000][15612.112s][info][gc,marking  ] GC(3245) Concurrent Scan Root Regions 45.565ms
[2024-05-30T14:54:32.693+0000][15612.112s][info][gc,marking  ] GC(3245) Concurrent Mark
[2024-05-30T14:54:32.693+0000][15612.112s][info][gc,marking  ] GC(3245) Concurrent Mark From Roots
[2024-05-30T14:54:32.693+0000][15612.112s][info][gc,task     ] GC(3245) Using 2 workers of 2 for marking
[2024-05-30T14:54:34.802+0000][15614.221s][info][gc,marking  ] GC(3245) Concurrent Mark From Roots 2108.856ms
[2024-05-30T14:54:34.802+0000][15614.221s][info][gc,marking  ] GC(3245) Concurrent Preclean
[2024-05-30T14:54:34.803+0000][15614.223s][info][gc,marking  ] GC(3245) Concurrent Preclean 1.472ms
[2024-05-30T14:54:34.803+0000][15614.223s][info][gc,start    ] GC(3245) Pause Remark
[2024-05-30T14:54:34.828+0000][15614.247s][info][gc          ] GC(3245) Pause Remark 8487M->8487M(12288M) 24.270ms
[2024-05-30T14:54:34.828+0000][15614.247s][info][gc,cpu      ] GC(3245) User=0.11s Sys=0.00s Real=0.02s
[2024-05-30T14:54:34.828+0000][15614.247s][info][gc,marking  ] GC(3245) Concurrent Mark 2134.883ms
[2024-05-30T14:54:34.828+0000][15614.247s][info][gc,marking  ] GC(3245) Concurrent Rebuild Remembered Sets
[2024-05-30T14:54:35.270+0000][15614.689s][info][gc,start    ] GC(3246) Pause Young (Normal) (G1 Evacuation Pause)
[2024-05-30T14:54:35.270+0000][15614.689s][info][gc,task     ] GC(3246) Using 6 workers of 6 for evacuation
[2024-05-30T14:54:35.385+0000][15614.804s][info][gc,phases   ] GC(3246)   Pre Evacuate Collection Set: 0.2ms
[2024-05-30T14:54:35.385+0000][15614.804s][info][gc,phases   ] GC(3246)   Merge Heap Roots: 0.6ms
[2024-05-30T14:54:35.385+0000][15614.804s][info][gc,phases   ] GC(3246)   Evacuate Collection Set: 94.2ms
[2024-05-30T14:54:35.385+0000][15614.804s][info][gc,phases   ] GC(3246)   Post Evacuate Collection Set: 19.6ms
[2024-05-30T14:54:35.385+0000][15614.804s][info][gc,phases   ] GC(3246)   Other: 0.2ms
[2024-05-30T14:54:35.385+0000][15614.804s][info][gc,heap     ] GC(3246) Eden regions: 763->0(759)
[2024-05-30T14:54:35.385+0000][15614.804s][info][gc,heap     ] GC(3246) Survivor regions: 16->19(98)
[2024-05-30T14:54:35.385+0000][15614.804s][info][gc,heap     ] GC(3246) Old regions: 389->389
[2024-05-30T14:54:35.385+0000][15614.804s][info][gc,heap     ] GC(3246) Archive regions: 2->2
[2024-05-30T14:54:35.385+0000][15614.804s][info][gc,heap     ] GC(3246) Humongous regions: 40->40
[2024-05-30T14:54:35.385+0000][15614.804s][info][gc,metaspace] GC(3246) Metaspace: 435333K(441408K)->435333K(441408K) NonClass: 381221K(384576K)->381221K(384576K) Class: 54112K(56832K)->54112K(56832K)
[2024-05-30T14:54:35.385+0000][15614.804s][info][gc          ] GC(3246) Pause Young (Normal) (G1 Evacuation Pause) 9663M->3587M(12288M) 114.810ms
[2024-05-30T14:54:35.385+0000][15614.804s][info][gc,cpu      ] GC(3246) User=0.67s Sys=0.00s Real=0.11s
[2024-05-30T14:54:36.206+0000][15615.625s][info][gc,marking  ] GC(3245) Concurrent Rebuild Remembered Sets 1377.755ms
[2024-05-30T14:54:36.206+0000][15615.625s][info][gc,start    ] GC(3245) Pause Cleanup
[2024-05-30T14:54:36.206+0000][15615.626s][info][gc          ] GC(3245) Pause Cleanup 5751M->5751M(12288M) 0.660ms
[2024-05-30T14:54:36.206+0000][15615.626s][info][gc,cpu      ] GC(3245) User=0.00s Sys=0.00s Real=0.00s
[2024-05-30T14:54:36.206+0000][15615.626s][info][gc,marking  ] GC(3245) Concurrent Cleanup for Next Mark
[2024-05-30T14:54:36.224+0000][15615.643s][info][gc,marking  ] GC(3245) Concurrent Cleanup for Next Mark 17.423ms
[2024-05-30T14:54:36.224+0000][15615.643s][info][gc          ] GC(3245) Concurrent Mark Cycle 3577.108ms
[2024-05-30T14:54:37.700+0000][15617.120s][info][gc,start    ] GC(3247) Pause Young (Prepare Mixed) (G1 Evacuation Pause)
[2024-05-30T14:54:37.700+0000][15617.120s][info][gc,task     ] GC(3247) Using 6 workers of 6 for evacuation
[2024-05-30T14:54:37.825+0000][15617.244s][info][gc,phases   ] GC(3247)   Pre Evacuate Collection Set: 0.1ms
[2024-05-30T14:54:37.825+0000][15617.244s][info][gc,phases   ] GC(3247)   Merge Heap Roots: 0.5ms
[2024-05-30T14:54:37.825+0000][15617.244s][info][gc,phases   ] GC(3247)   Evacuate Collection Set: 104.0ms
[2024-05-30T14:54:37.825+0000][15617.244s][info][gc,phases   ] GC(3247)   Post Evacuate Collection Set: 19.5ms
[2024-05-30T14:54:37.825+0000][15617.244s][info][gc,phases   ] GC(3247)   Other: 0.2ms
[2024-05-30T14:54:37.825+0000][15617.244s][info][gc,heap     ] GC(3247) Eden regions: 759->0(53)
[2024-05-30T14:54:37.825+0000][15617.244s][info][gc,heap     ] GC(3247) Survivor regions: 19->23(98)
[2024-05-30T14:54:37.825+0000][15617.244s][info][gc,heap     ] GC(3247) Old regions: 389->389
[2024-05-30T14:54:37.825+0000][15617.244s][info][gc,heap     ] GC(3247) Archive regions: 2->2
[2024-05-30T14:54:37.825+0000][15617.244s][info][gc,heap     ] GC(3247) Humongous regions: 40->40
[2024-05-30T14:54:37.825+0000][15617.244s][info][gc,metaspace] GC(3247) Metaspace: 435333K(441408K)->435333K(441408K) NonClass: 381221K(384576K)->381221K(384576K) Class: 54112K(56832K)->54112K(56832K)
[2024-05-30T14:54:37.825+0000][15617.244s][info][gc          ] GC(3247) Pause Young (Prepare Mixed) (G1 Evacuation Pause) 9659M->3615M(12288M) 124.383ms
[2024-05-30T14:54:37.825+0000][15617.244s][info][gc,cpu      ] GC(3247) User=0.73s Sys=0.00s Real=0.12s
[2024-05-30T14:54:37.959+0000][15617.378s][info][gc,start    ] GC(3248) Pause Young (Mixed) (G1 Evacuation Pause)
[2024-05-30T14:54:37.959+0000][15617.378s][info][gc,task     ] GC(3248) Using 6 workers of 6 for evacuation
[2024-05-30T14:54:38.084+0000][15617.503s][info][gc,phases   ] GC(3248)   Pre Evacuate Collection Set: 0.2ms
[2024-05-30T14:54:38.084+0000][15617.503s][info][gc,phases   ] GC(3248)   Merge Heap Roots: 0.5ms
[2024-05-30T14:54:38.084+0000][15617.503s][info][gc,phases   ] GC(3248)   Evacuate Collection Set: 121.4ms
[2024-05-30T14:54:38.084+0000][15617.503s][info][gc,phases   ] GC(3248)   Post Evacuate Collection Set: 2.7ms
[2024-05-30T14:54:38.084+0000][15617.503s][info][gc,phases   ] GC(3248)   Other: 0.2ms
[2024-05-30T14:54:38.084+0000][15617.503s][info][gc,heap     ] GC(3248) Eden regions: 53->0(770)
[2024-05-30T14:54:38.084+0000][15617.503s][info][gc,heap     ] GC(3248) Survivor regions: 23->3(10)
[2024-05-30T14:54:38.084+0000][15617.503s][info][gc,heap     ] GC(3248) Old regions: 389->396
[2024-05-30T14:54:38.084+0000][15617.503s][info][gc,heap     ] GC(3248) Archive regions: 2->2
[2024-05-30T14:54:38.084+0000][15617.503s][info][gc,heap     ] GC(3248) Humongous regions: 40->40
[2024-05-30T14:54:38.084+0000][15617.503s][info][gc,metaspace] GC(3248) Metaspace: 435333K(441408K)->435333K(441408K) NonClass: 381221K(384576K)->381221K(384576K) Class: 54112K(56832K)->54112K(56832K)
[2024-05-30T14:54:38.084+0000][15617.503s][info][gc          ] GC(3248) Pause Young (Mixed) (G1 Evacuation Pause) 4039M->3511M(12288M) 125.055ms
[2024-05-30T14:54:38.084+0000][15617.503s][info][gc,cpu      ] GC(3248) User=0.74s Sys=0.00s Real=0.12s
[2024-05-30T14:54:40.099+0000][15619.518s][info][gc,start    ] GC(3249) Pause Young (Normal) (G1 Evacuation Pause)
[2024-05-30T14:54:40.099+0000][15619.518s][info][gc,task     ] GC(3249) Using 6 workers of 6 for evacuation
[2024-05-30T14:54:40.167+0000][15619.586s][info][gc,phases   ] GC(3249)   Pre Evacuate Collection Set: 0.2ms
[2024-05-30T14:54:40.167+0000][15619.586s][info][gc,phases   ] GC(3249)   Merge Heap Roots: 0.3ms
[2024-05-30T14:54:40.167+0000][15619.586s][info][gc,phases   ] GC(3249)   Evacuate Collection Set: 51.5ms
[2024-05-30T14:54:40.167+0000][15619.586s][info][gc,phases   ] GC(3249)   Post Evacuate Collection Set: 15.6ms
[2024-05-30T14:54:40.167+0000][15619.586s][info][gc,phases   ] GC(3249)   Other: 0.2ms
[2024-05-30T14:54:40.167+0000][15619.586s][info][gc,heap     ] GC(3249) Eden regions: 770->0(769)
[2024-05-30T14:54:40.167+0000][15619.586s][info][gc,heap     ] GC(3249) Survivor regions: 3->5(97)
[2024-05-30T14:54:40.167+0000][15619.586s][info][gc,heap     ] GC(3249) Old regions: 396->396
[2024-05-30T14:54:40.167+0000][15619.586s][info][gc,heap     ] GC(3249) Archive regions: 2->2
[2024-05-30T14:54:40.167+0000][15619.586s][info][gc,heap     ] GC(3249) Humongous regions: 40->40
[2024-05-30T14:54:40.167+0000][15619.586s][info][gc,metaspace] GC(3249) Metaspace: 435333K(441408K)->435333K(441408K) NonClass: 381221K(384576K)->381221K(384576K) Class: 54112K(56832K)->54112K(56832K)
[2024-05-30T14:54:40.167+0000][15619.586s][info][gc          ] GC(3249) Pause Young (Normal) (G1 Evacuation Pause) 9671M->3527M(12288M) 67.863ms
[2024-05-30T14:54:40.167+0000][15619.586s][info][gc,cpu      ] GC(3249) User=0.39s Sys=0.00s Real=0.06s
[2024-05-30T14:54:42.217+0000][15621.637s][info][gc,start    ] GC(3250) Pause Young (Normal) (G1 Evacuation Pause)
[2024-05-30T14:54:42.217+0000][15621.637s][info][gc,task     ] GC(3250) Using 6 workers of 6 for evacuation
[2024-05-30T14:54:42.269+0000][15621.688s][info][gc,phases   ] GC(3250)   Pre Evacuate Collection Set: 0.2ms
[2024-05-30T14:54:42.269+0000][15621.688s][info][gc,phases   ] GC(3250)   Merge Heap Roots: 0.3ms
[2024-05-30T14:54:42.269+0000][15621.688s][info][gc,phases   ] GC(3250)   Evacuate Collection Set: 40.9ms
[2024-05-30T14:54:42.269+0000][15621.688s][info][gc,phases   ] GC(3250)   Post Evacuate Collection Set: 10.1ms
[2024-05-30T14:54:42.269+0000][15621.688s][info][gc,phases   ] GC(3250)   Other: 0.2ms
[2024-05-30T14:54:42.269+0000][15621.688s][info][gc,heap     ] GC(3250) Eden regions: 769->0(768)
[2024-05-30T14:54:42.269+0000][15621.688s][info][gc,heap     ] GC(3250) Survivor regions: 5->7(97)
[2024-05-30T14:54:42.269+0000][15621.688s][info][gc,heap     ] GC(3250) Old regions: 396->396
[2024-05-30T14:54:42.269+0000][15621.688s][info][gc,heap     ] GC(3250) Archive regions: 2->2
[2024-05-30T14:54:42.269+0000][15621.688s][info][gc,heap     ] GC(3250) Humongous regions: 40->40
[2024-05-30T14:54:42.269+0000][15621.688s][info][gc,metaspace] GC(3250) Metaspace: 435333K(441408K)->435333K(441408K) NonClass: 381221K(384576K)->381221K(384576K) Class: 54112K(56832K)->54112K(56832K)
[2024-05-30T14:54:42.269+0000][15621.688s][info][gc          ] GC(3250) Pause Young (Normal) (G1 Evacuation Pause) 9679M->3539M(12288M) 51.740ms
[2024-05-30T14:54:42.269+0000][15621.688s][info][gc,cpu      ] GC(3250) User=0.29s Sys=0.00s Real=0.05s
[2024-05-30T14:54:55.842+0000][15635.261s][info][gc,start    ] GC(3251) Pause Young (Concurrent Start) (G1 Evacuation Pause)
[2024-05-30T14:54:55.842+0000][15635.261s][info][gc,task     ] GC(3251) Using 6 workers of 6 for evacuation
[2024-05-30T14:54:55.891+0000][15635.310s][info][gc,phases   ] GC(3251)   Pre Evacuate Collection Set: 0.5ms
[2024-05-30T14:54:55.891+0000][15635.310s][info][gc,phases   ] GC(3251)   Merge Heap Roots: 0.2ms
[2024-05-30T14:54:55.891+0000][15635.310s][info][gc,phases   ] GC(3251)   Evacuate Collection Set: 41.6ms
[2024-05-30T14:54:55.891+0000][15635.310s][info][gc,phases   ] GC(3251)   Post Evacuate Collection Set: 6.5ms
[2024-05-30T14:54:55.891+0000][15635.310s][info][gc,phases   ] GC(3251)   Other: 0.3ms
[2024-05-30T14:54:55.891+0000][15635.310s][info][gc,heap     ] GC(3251) Eden regions: 768->0(762)
[2024-05-30T14:54:55.891+0000][15635.310s][info][gc,heap     ] GC(3251) Survivor regions: 7->12(97)
[2024-05-30T14:54:55.891+0000][15635.310s][info][gc,heap     ] GC(3251) Old regions: 396->396
[2024-05-30T14:54:55.891+0000][15635.310s][info][gc,heap     ] GC(3251) Archive regions: 2->2
[2024-05-30T14:54:55.891+0000][15635.310s][info][gc,heap     ] GC(3251) Humongous regions: 40->40
[2024-05-30T14:54:55.891+0000][15635.310s][info][gc,metaspace] GC(3251) Metaspace: 435333K(441408K)->435333K(441408K) NonClass: 381221K(384576K)->381221K(384576K) Class: 54112K(56832K)->54112K(56832K)
[2024-05-30T14:54:55.891+0000][15635.310s][info][gc          ] GC(3251) Pause Young (Concurrent Start) (G1 Evacuation Pause) 9683M->3576M(12288M) 49.173ms
[2024-05-30T14:54:55.891+0000][15635.310s][info][gc,cpu      ] GC(3251) User=0.29s Sys=0.00s Real=0.05s
[2024-05-30T14:54:55.891+0000][15635.310s][info][gc          ] GC(3252) Concurrent Mark Cycle
[2024-05-30T14:54:55.891+0000][15635.310s][info][gc,marking  ] GC(3252) Concurrent Clear Claimed Marks
[2024-05-30T14:54:55.891+0000][15635.311s][info][gc,marking  ] GC(3252) Concurrent Clear Claimed Marks 0.441ms
[2024-05-30T14:54:55.891+0000][15635.311s][info][gc,marking  ] GC(3252) Concurrent Scan Root Regions
[2024-05-30T14:54:55.924+0000][15635.344s][info][gc,marking  ] GC(3252) Concurrent Scan Root Regions 32.988ms
[2024-05-30T14:54:55.924+0000][15635.344s][info][gc,marking  ] GC(3252) Concurrent Mark
[2024-05-30T14:54:55.924+0000][15635.344s][info][gc,marking  ] GC(3252) Concurrent Mark From Roots
[2024-05-30T14:54:55.924+0000][15635.344s][info][gc,task     ] GC(3252) Using 2 workers of 2 for marking
[2024-05-30T14:54:58.164+0000][15637.583s][info][gc,marking  ] GC(3252) Concurrent Mark From Roots 2239.065ms
[2024-05-30T14:54:58.164+0000][15637.583s][info][gc,marking  ] GC(3252) Concurrent Preclean
[2024-05-30T14:54:58.165+0000][15637.584s][info][gc,marking  ] GC(3252) Concurrent Preclean 1.314ms
[2024-05-30T14:54:58.165+0000][15637.584s][info][gc,start    ] GC(3252) Pause Remark
[2024-05-30T14:54:58.190+0000][15637.609s][info][gc          ] GC(3252) Pause Remark 4528M->4528M(12288M) 24.529ms
[2024-05-30T14:54:58.190+0000][15637.609s][info][gc,cpu      ] GC(3252) User=0.10s Sys=0.00s Real=0.03s
[2024-05-30T14:54:58.190+0000][15637.609s][info][gc,marking  ] GC(3252) Concurrent Mark 2265.290ms
[2024-05-30T14:54:58.190+0000][15637.609s][info][gc,marking  ] GC(3252) Concurrent Rebuild Remembered Sets
[2024-05-30T14:54:59.366+0000][15638.785s][info][gc,marking  ] GC(3252) Concurrent Rebuild Remembered Sets 1175.941ms
[2024-05-30T14:54:59.366+0000][15638.785s][info][gc,start    ] GC(3252) Pause Cleanup
[2024-05-30T14:54:59.366+0000][15638.786s][info][gc          ] GC(3252) Pause Cleanup 4984M->4984M(12288M) 0.643ms
[2024-05-30T14:54:59.367+0000][15638.786s][info][gc,cpu      ] GC(3252) User=0.00s Sys=0.00s Real=0.00s
[2024-05-30T14:54:59.367+0000][15638.786s][info][gc,marking  ] GC(3252) Concurrent Cleanup for Next Mark
[2024-05-30T14:54:59.383+0000][15638.802s][info][gc,marking  ] GC(3252) Concurrent Cleanup for Next Mark 16.494ms
[2024-05-30T14:54:59.383+0000][15638.802s][info][gc          ] GC(3252) Concurrent Mark Cycle 3492.181ms
[2024-05-30T14:55:10.435+0000][15649.854s][info][gc,start    ] GC(3253) Pause Young (Prepare Mixed) (G1 Evacuation Pause)
[2024-05-30T14:55:10.435+0000][15649.854s][info][gc,task     ] GC(3253) Using 6 workers of 6 for evacuation
[2024-05-30T14:55:10.487+0000][15649.906s][info][gc,phases   ] GC(3253)   Pre Evacuate Collection Set: 0.2ms
[2024-05-30T14:55:10.487+0000][15649.906s][info][gc,phases   ] GC(3253)   Merge Heap Roots: 0.4ms
[2024-05-30T14:55:10.487+0000][15649.906s][info][gc,phases   ] GC(3253)   Evacuate Collection Set: 48.5ms
[2024-05-30T14:55:10.487+0000][15649.906s][info][gc,phases   ] GC(3253)   Post Evacuate Collection Set: 2.4ms
[2024-05-30T14:55:10.487+0000][15649.906s][info][gc,phases   ] GC(3253)   Other: 0.2ms
[2024-05-30T14:55:10.487+0000][15649.906s][info][gc,heap     ] GC(3253) Eden regions: 762->0(61)
[2024-05-30T14:55:10.487+0000][15649.906s][info][gc,heap     ] GC(3253) Survivor regions: 12->15(97)
[2024-05-30T14:55:10.487+0000][15649.906s][info][gc,heap     ] GC(3253) Old regions: 396->396
[2024-05-30T14:55:10.487+0000][15649.906s][info][gc,heap     ] GC(3253) Archive regions: 2->2
[2024-05-30T14:55:10.487+0000][15649.906s][info][gc,heap     ] GC(3253) Humongous regions: 40->40
[2024-05-30T14:55:10.487+0000][15649.906s][info][gc,metaspace] GC(3253) Metaspace: 435334K(441408K)->435334K(441408K) NonClass: 381222K(384576K)->381222K(384576K) Class: 54112K(56832K)->54112K(56832K)
[2024-05-30T14:55:10.487+0000][15649.906s][info][gc          ] GC(3253) Pause Young (Prepare Mixed) (G1 Evacuation Pause) 9672M->3606M(12288M) 51.642ms
[2024-05-30T14:55:10.487+0000][15649.906s][info][gc,cpu      ] GC(3253) User=0.31s Sys=0.00s Real=0.05s
[2024-05-30T14:55:11.546+0000][15650.965s][info][gc,start    ] GC(3254) Pause Young (Mixed) (G1 Evacuation Pause)
[2024-05-30T14:55:11.546+0000][15650.965s][info][gc,task     ] GC(3254) Using 6 workers of 6 for evacuation
[2024-05-30T14:55:11.631+0000][15651.050s][info][gc,phases   ] GC(3254)   Pre Evacuate Collection Set: 0.2ms
[2024-05-30T14:55:11.631+0000][15651.050s][info][gc,phases   ] GC(3254)   Merge Heap Roots: 0.4ms
[2024-05-30T14:55:11.631+0000][15651.050s][info][gc,phases   ] GC(3254)   Evacuate Collection Set: 82.8ms
[2024-05-30T14:55:11.631+0000][15651.050s][info][gc,phases   ] GC(3254)   Post Evacuate Collection Set: 1.5ms
[2024-05-30T14:55:11.631+0000][15651.050s][info][gc,phases   ] GC(3254)   Other: 0.2ms
[2024-05-30T14:55:11.631+0000][15651.050s][info][gc,heap     ] GC(3254) Eden regions: 61->0(773)
[2024-05-30T14:55:11.631+0000][15651.050s][info][gc,heap     ] GC(3254) Survivor regions: 15->7(10)
[2024-05-30T14:55:11.631+0000][15651.050s][info][gc,heap     ] GC(3254) Old regions: 396->389
[2024-05-30T14:55:11.631+0000][15651.050s][info][gc,heap     ] GC(3254) Archive regions: 2->2
[2024-05-30T14:55:11.631+0000][15651.050s][info][gc,heap     ] GC(3254) Humongous regions: 40->40
[2024-05-30T14:55:11.631+0000][15651.050s][info][gc,metaspace] GC(3254) Metaspace: 435334K(441408K)->435334K(441408K) NonClass: 381222K(384576K)->381222K(384576K) Class: 54112K(56832K)->54112K(56832K)
[2024-05-30T14:55:11.631+0000][15651.050s][info][gc          ] GC(3254) Pause Young (Mixed) (G1 Evacuation Pause) 4094M->3487M(12288M) 85.148ms
[2024-05-30T14:55:11.631+0000][15651.050s][info][gc,cpu      ] GC(3254) User=0.51s Sys=0.00s Real=0.09s
[2024-05-30T14:55:25.253+0000][15664.672s][info][gc,start    ] GC(3255) Pause Young (Normal) (G1 Evacuation Pause)
[2024-05-30T14:55:25.253+0000][15664.672s][info][gc,task     ] GC(3255) Using 6 workers of 6 for evacuation
[2024-05-30T14:55:25.282+0000][15664.702s][info][gc,phases   ] GC(3255)   Pre Evacuate Collection Set: 0.2ms
[2024-05-30T14:55:25.282+0000][15664.702s][info][gc,phases   ] GC(3255)   Merge Heap Roots: 0.3ms
[2024-05-30T14:55:25.282+0000][15664.702s][info][gc,phases   ] GC(3255)   Evacuate Collection Set: 26.7ms
[2024-05-30T14:55:25.282+0000][15664.702s][info][gc,phases   ] GC(3255)   Post Evacuate Collection Set: 2.1ms
[2024-05-30T14:55:25.282+0000][15664.702s][info][gc,phases   ] GC(3255)   Other: 0.2ms
[2024-05-30T14:55:25.282+0000][15664.702s][info][gc,heap     ] GC(3255) Eden regions: 773->0(768)
[2024-05-30T14:55:25.282+0000][15664.702s][info][gc,heap     ] GC(3255) Survivor regions: 7->11(98)
[2024-05-30T14:55:25.282+0000][15664.702s][info][gc,heap     ] GC(3255) Old regions: 389->389
[2024-05-30T14:55:25.282+0000][15664.702s][info][gc,heap     ] GC(3255) Archive regions: 2->2
[2024-05-30T14:55:25.282+0000][15664.702s][info][gc,heap     ] GC(3255) Humongous regions: 40->40
[2024-05-30T14:55:25.282+0000][15664.702s][info][gc,metaspace] GC(3255) Metaspace: 435336K(441408K)->435336K(441408K) NonClass: 381222K(384576K)->381222K(384576K) Class: 54113K(56832K)->54113K(56832K)
[2024-05-30T14:55:25.282+0000][15664.702s][info][gc          ] GC(3255) Pause Young (Normal) (G1 Evacuation Pause) 9671M->3518M(12288M) 29.478ms
[2024-05-30T14:55:25.283+0000][15664.702s][info][gc,cpu      ] GC(3255) User=0.17s Sys=0.00s Real=0.03s
[2024-05-30T14:55:39.782+0000][15679.201s][info][gc,start    ] GC(3256) Pause Young (Normal) (G1 Evacuation Pause)
[2024-05-30T14:55:39.782+0000][15679.201s][info][gc,task     ] GC(3256) Using 6 workers of 6 for evacuation
[2024-05-30T14:55:39.822+0000][15679.241s][info][gc,phases   ] GC(3256)   Pre Evacuate Collection Set: 0.2ms
[2024-05-30T14:55:39.822+0000][15679.241s][info][gc,phases   ] GC(3256)   Merge Heap Roots: 0.3ms
[2024-05-30T14:55:39.822+0000][15679.241s][info][gc,phases   ] GC(3256)   Evacuate Collection Set: 37.7ms
[2024-05-30T14:55:39.822+0000][15679.241s][info][gc,phases   ] GC(3256)   Post Evacuate Collection Set: 2.4ms
[2024-05-30T14:55:39.822+0000][15679.241s][info][gc,phases   ] GC(3256)   Other: 0.2ms
[2024-05-30T14:55:39.822+0000][15679.242s][info][gc,heap     ] GC(3256) Eden regions: 768->0(765)
[2024-05-30T14:55:39.822+0000][15679.242s][info][gc,heap     ] GC(3256) Survivor regions: 11->14(98)
[2024-05-30T14:55:39.822+0000][15679.242s][info][gc,heap     ] GC(3256) Old regions: 389->389
[2024-05-30T14:55:39.822+0000][15679.242s][info][gc,heap     ] GC(3256) Archive regions: 2->2
[2024-05-30T14:55:39.822+0000][15679.242s][info][gc,heap     ] GC(3256) Humongous regions: 40->40
[2024-05-30T14:55:39.822+0000][15679.242s][info][gc,metaspace] GC(3256) Metaspace: 435339K(441408K)->435339K(441408K) NonClass: 381226K(384576K)->381226K(384576K) Class: 54113K(56832K)->54113K(56832K)
[2024-05-30T14:55:39.822+0000][15679.242s][info][gc          ] GC(3256) Pause Young (Normal) (G1 Evacuation Pause) 9662M->3539M(12288M) 40.766ms
[2024-05-30T14:55:39.822+0000][15679.242s][info][gc,cpu      ] GC(3256) User=0.24s Sys=0.00s Real=0.04s
[2024-05-30T14:55:54.055+0000][15693.475s][info][gc,start    ] GC(3257) Pause Young (Concurrent Start) (G1 Evacuation Pause)
[2024-05-30T14:55:54.055+0000][15693.475s][info][gc,task     ] GC(3257) Using 6 workers of 6 for evacuation
[2024-05-30T14:55:54.100+0000][15693.519s][info][gc,phases   ] GC(3257)   Pre Evacuate Collection Set: 0.5ms
[2024-05-30T14:55:54.100+0000][15693.519s][info][gc,phases   ] GC(3257)   Merge Heap Roots: 0.3ms
[2024-05-30T14:55:54.100+0000][15693.519s][info][gc,phases   ] GC(3257)   Evacuate Collection Set: 40.9ms
[2024-05-30T14:55:54.100+0000][15693.519s][info][gc,phases   ] GC(3257)   Post Evacuate Collection Set: 2.5ms
[2024-05-30T14:55:54.100+0000][15693.519s][info][gc,phases   ] GC(3257)   Other: 0.3ms
[2024-05-30T14:55:54.100+0000][15693.519s][info][gc,heap     ] GC(3257) Eden regions: 765->0(760)
[2024-05-30T14:55:54.100+0000][15693.519s][info][gc,heap     ] GC(3257) Survivor regions: 14->18(98)
[2024-05-30T14:55:54.100+0000][15693.519s][info][gc,heap     ] GC(3257) Old regions: 389->389
[2024-05-30T14:55:54.100+0000][15693.519s][info][gc,heap     ] GC(3257) Archive regions: 2->2
[2024-05-30T14:55:54.100+0000][15693.519s][info][gc,heap     ] GC(3257) Humongous regions: 40->40
[2024-05-30T14:55:54.100+0000][15693.519s][info][gc,metaspace] GC(3257) Metaspace: 435339K(441408K)->435339K(441408K) NonClass: 381226K(384576K)->381226K(384576K) Class: 54113K(56832K)->54113K(56832K)
[2024-05-30T14:55:54.100+0000][15693.519s][info][gc          ] GC(3257) Pause Young (Concurrent Start) (G1 Evacuation Pause) 9659M->3575M(12288M) 44.551ms
[2024-05-30T14:55:54.100+0000][15693.519s][info][gc,cpu      ] GC(3257) User=0.26s Sys=0.01s Real=0.05s
[2024-05-30T14:55:54.100+0000][15693.519s][info][gc          ] GC(3258) Concurrent Mark Cycle
[2024-05-30T14:55:54.100+0000][15693.519s][info][gc,marking  ] GC(3258) Concurrent Clear Claimed Marks
[2024-05-30T14:55:54.100+0000][15693.520s][info][gc,marking  ] GC(3258) Concurrent Clear Claimed Marks 0.436ms
[2024-05-30T14:55:54.100+0000][15693.520s][info][gc,marking  ] GC(3258) Concurrent Scan Root Regions
[2024-05-30T14:55:54.129+0000][15693.548s][info][gc,marking  ] GC(3258) Concurrent Scan Root Regions 28.663ms
[2024-05-30T14:55:54.129+0000][15693.548s][info][gc,marking  ] GC(3258) Concurrent Mark
[2024-05-30T14:55:54.129+0000][15693.548s][info][gc,marking  ] GC(3258) Concurrent Mark From Roots
[2024-05-30T14:55:54.129+0000][15693.548s][info][gc,task     ] GC(3258) Using 2 workers of 2 for marking
[2024-05-30T14:55:56.371+0000][15695.790s][info][gc,marking  ] GC(3258) Concurrent Mark From Roots 2242.061ms
[2024-05-30T14:55:56.371+0000][15695.791s][info][gc,marking  ] GC(3258) Concurrent Preclean
[2024-05-30T14:55:56.373+0000][15695.792s][info][gc,marking  ] GC(3258) Concurrent Preclean 1.557ms
[2024-05-30T14:55:56.373+0000][15695.792s][info][gc,start    ] GC(3258) Pause Remark
[2024-05-30T14:55:56.397+0000][15695.817s][info][gc          ] GC(3258) Pause Remark 4539M->4539M(12288M) 24.409ms
[2024-05-30T14:55:56.397+0000][15695.817s][info][gc,cpu      ] GC(3258) User=0.11s Sys=0.00s Real=0.03s
[2024-05-30T14:55:56.397+0000][15695.817s][info][gc,marking  ] GC(3258) Concurrent Mark 2268.361ms
[2024-05-30T14:55:56.397+0000][15695.817s][info][gc,marking  ] GC(3258) Concurrent Rebuild Remembered Sets
[2024-05-30T14:55:57.653+0000][15697.073s][info][gc,marking  ] GC(3258) Concurrent Rebuild Remembered Sets 1255.889ms
[2024-05-30T14:55:57.654+0000][15697.073s][info][gc,start    ] GC(3258) Pause Cleanup
[2024-05-30T14:55:57.654+0000][15697.073s][info][gc          ] GC(3258) Pause Cleanup 5119M->5119M(12288M) 0.610ms
[2024-05-30T14:55:57.654+0000][15697.073s][info][gc,cpu      ] GC(3258) User=0.00s Sys=0.00s Real=0.00s
[2024-05-30T14:55:57.654+0000][15697.073s][info][gc,marking  ] GC(3258) Concurrent Cleanup for Next Mark
[2024-05-30T14:55:57.671+0000][15697.091s][info][gc,marking  ] GC(3258) Concurrent Cleanup for Next Mark 17.077ms
[2024-05-30T14:55:57.671+0000][15697.091s][info][gc          ] GC(3258) Concurrent Mark Cycle 3571.483ms
[2024-05-30T14:56:07.131+0000][15706.551s][info][gc,start    ] GC(3259) Pause Young (Prepare Mixed) (G1 Evacuation Pause)
[2024-05-30T14:56:07.131+0000][15706.551s][info][gc,task     ] GC(3259) Using 6 workers of 6 for evacuation
[2024-05-30T14:56:07.179+0000][15706.598s][info][gc,phases   ] GC(3259)   Pre Evacuate Collection Set: 0.2ms
[2024-05-30T14:56:07.179+0000][15706.598s][info][gc,phases   ] GC(3259)   Merge Heap Roots: 0.3ms
[2024-05-30T14:56:07.179+0000][15706.598s][info][gc,phases   ] GC(3259)   Evacuate Collection Set: 44.6ms
[2024-05-30T14:56:07.179+0000][15706.598s][info][gc,phases   ] GC(3259)   Post Evacuate Collection Set: 2.1ms
[2024-05-30T14:56:07.179+0000][15706.598s][info][gc,phases   ] GC(3259)   Other: 0.2ms
[2024-05-30T14:56:07.179+0000][15706.598s][info][gc,heap     ] GC(3259) Eden regions: 760->0(57)
[2024-05-30T14:56:07.179+0000][15706.598s][info][gc,heap     ] GC(3259) Survivor regions: 18->19(98)
[2024-05-30T14:56:07.179+0000][15706.598s][info][gc,heap     ] GC(3259) Old regions: 389->389
[2024-05-30T14:56:07.179+0000][15706.598s][info][gc,heap     ] GC(3259) Archive regions: 2->2
[2024-05-30T14:56:07.179+0000][15706.598s][info][gc,heap     ] GC(3259) Humongous regions: 40->40
[2024-05-30T14:56:07.179+0000][15706.598s][info][gc,metaspace] GC(3259) Metaspace: 435339K(441408K)->435339K(441408K) NonClass: 381226K(384576K)->381226K(384576K) Class: 54113K(56832K)->54113K(56832K)
[2024-05-30T14:56:07.179+0000][15706.598s][info][gc          ] GC(3259) Pause Young (Prepare Mixed) (G1 Evacuation Pause) 9655M->3580M(12288M) 47.459ms
[2024-05-30T14:56:07.179+0000][15706.598s][info][gc,cpu      ] GC(3259) User=0.28s Sys=0.00s Real=0.05s
[2024-05-30T14:56:08.245+0000][15707.664s][info][gc,start    ] GC(3260) Pause Young (Mixed) (G1 Evacuation Pause)
[2024-05-30T14:56:08.245+0000][15707.664s][info][gc,task     ] GC(3260) Using 6 workers of 6 for evacuation
[2024-05-30T14:56:08.326+0000][15707.745s][info][gc,phases   ] GC(3260)   Pre Evacuate Collection Set: 0.2ms
[2024-05-30T14:56:08.326+0000][15707.745s][info][gc,phases   ] GC(3260)   Merge Heap Roots: 0.4ms
[2024-05-30T14:56:08.326+0000][15707.745s][info][gc,phases   ] GC(3260)   Evacuate Collection Set: 78.7ms
[2024-05-30T14:56:08.326+0000][15707.745s][info][gc,phases   ] GC(3260)   Post Evacuate Collection Set: 1.4ms
[2024-05-30T14:56:08.326+0000][15707.745s][info][gc,phases   ] GC(3260)   Other: 0.2ms
[2024-05-30T14:56:08.326+0000][15707.745s][info][gc,heap     ] GC(3260) Eden regions: 57->0(771)
[2024-05-30T14:56:08.326+0000][15707.745s][info][gc,heap     ] GC(3260) Survivor regions: 19->6(10)
[2024-05-30T14:56:08.326+0000][15707.745s][info][gc,heap     ] GC(3260) Old regions: 389->390
[2024-05-30T14:56:08.326+0000][15707.745s][info][gc,heap     ] GC(3260) Archive regions: 2->2
[2024-05-30T14:56:08.326+0000][15707.745s][info][gc,heap     ] GC(3260) Humongous regions: 40->40
[2024-05-30T14:56:08.326+0000][15707.745s][info][gc,metaspace] GC(3260) Metaspace: 435339K(441408K)->435339K(441408K) NonClass: 381226K(384576K)->381226K(384576K) Class: 54113K(56832K)->54113K(56832K)
[2024-05-30T14:56:08.326+0000][15707.745s][info][gc          ] GC(3260) Pause Young (Mixed) (G1 Evacuation Pause) 4036M->3490M(12288M) 80.921ms
[2024-05-30T14:56:08.326+0000][15707.745s][info][gc,cpu      ] GC(3260) User=0.48s Sys=0.00s Real=0.08s
[2024-05-30T14:56:22.416+0000][15721.836s][info][gc,start    ] GC(3261) Pause Young (Normal) (G1 Evacuation Pause)
[2024-05-30T14:56:22.416+0000][15721.836s][info][gc,task     ] GC(3261) Using 6 workers of 6 for evacuation
[2024-05-30T14:56:22.443+0000][15721.862s][info][gc,phases   ] GC(3261)   Pre Evacuate Collection Set: 0.2ms
[2024-05-30T14:56:22.443+0000][15721.862s][info][gc,phases   ] GC(3261)   Merge Heap Roots: 0.3ms
[2024-05-30T14:56:22.443+0000][15721.862s][info][gc,phases   ] GC(3261)   Evacuate Collection Set: 23.6ms
[2024-05-30T14:56:22.443+0000][15721.862s][info][gc,phases   ] GC(3261)   Post Evacuate Collection Set: 2.3ms
[2024-05-30T14:56:22.443+0000][15721.862s][info][gc,phases   ] GC(3261)   Other: 0.2ms
[2024-05-30T14:56:22.443+0000][15721.862s][info][gc,heap     ] GC(3261) Eden regions: 771->0(766)
[2024-05-30T14:56:22.443+0000][15721.862s][info][gc,heap     ] GC(3261) Survivor regions: 6->11(98)
[2024-05-30T14:56:22.443+0000][15721.862s][info][gc,heap     ] GC(3261) Old regions: 390->390
[2024-05-30T14:56:22.443+0000][15721.862s][info][gc,heap     ] GC(3261) Archive regions: 2->2
[2024-05-30T14:56:22.443+0000][15721.862s][info][gc,heap     ] GC(3261) Humongous regions: 40->40
[2024-05-30T14:56:22.443+0000][15721.862s][info][gc,metaspace] GC(3261) Metaspace: 435339K(441408K)->435339K(441408K) NonClass: 381226K(384576K)->381226K(384576K) Class: 54113K(56832K)->54113K(56832K)
[2024-05-30T14:56:22.443+0000][15721.862s][info][gc          ] GC(3261) Pause Young (Normal) (G1 Evacuation Pause) 9658M->3524M(12288M) 26.597ms
[2024-05-30T14:56:22.443+0000][15721.862s][info][gc,cpu      ] GC(3261) User=0.16s Sys=0.00s Real=0.03s
[2024-05-30T14:56:35.005+0000][15734.425s][info][gc,start    ] GC(3262) Pause Young (Normal) (G1 Evacuation Pause)
[2024-05-30T14:56:35.005+0000][15734.425s][info][gc,task     ] GC(3262) Using 6 workers of 6 for evacuation
[2024-05-30T14:56:35.037+0000][15734.456s][info][gc,phases   ] GC(3262)   Pre Evacuate Collection Set: 0.2ms
[2024-05-30T14:56:35.037+0000][15734.456s][info][gc,phases   ] GC(3262)   Merge Heap Roots: 0.3ms
[2024-05-30T14:56:35.037+0000][15734.456s][info][gc,phases   ] GC(3262)   Evacuate Collection Set: 28.8ms
[2024-05-30T14:56:35.037+0000][15734.456s][info][gc,phases   ] GC(3262)   Post Evacuate Collection Set: 2.2ms
[2024-05-30T14:56:35.037+0000][15734.456s][info][gc,phases   ] GC(3262)   Other: 0.2ms
[2024-05-30T14:56:35.037+0000][15734.456s][info][gc,heap     ] GC(3262) Eden regions: 766->0(765)
[2024-05-30T14:56:35.037+0000][15734.456s][info][gc,heap     ] GC(3262) Survivor regions: 11->12(98)
[2024-05-30T14:56:35.037+0000][15734.456s][info][gc,heap     ] GC(3262) Old regions: 390->390
[2024-05-30T14:56:35.037+0000][15734.456s][info][gc,heap     ] GC(3262) Archive regions: 2->2
[2024-05-30T14:56:35.037+0000][15734.456s][info][gc,heap     ] GC(3262) Humongous regions: 40->40
[2024-05-30T14:56:35.037+0000][15734.456s][info][gc,metaspace] GC(3262) Metaspace: 435339K(441408K)->435339K(441408K) NonClass: 381226K(384576K)->381226K(384576K) Class: 54113K(56832K)->54113K(56832K)
[2024-05-30T14:56:35.037+0000][15734.456s][info][gc          ] GC(3262) Pause Young (Normal) (G1 Evacuation Pause) 9652M->3532M(12288M) 31.737ms
[2024-05-30T14:56:35.037+0000][15734.456s][info][gc,cpu      ] GC(3262) User=0.19s Sys=0.00s Real=0.04s
[2024-05-30T14:56:48.869+0000][15748.288s][info][gc,start    ] GC(3263) Pause Young (Concurrent Start) (G1 Evacuation Pause)
[2024-05-30T14:56:48.869+0000][15748.288s][info][gc,task     ] GC(3263) Using 6 workers of 6 for evacuation
[2024-05-30T14:56:48.908+0000][15748.327s][info][gc,phases   ] GC(3263)   Pre Evacuate Collection Set: 0.5ms
[2024-05-30T14:56:48.908+0000][15748.327s][info][gc,phases   ] GC(3263)   Merge Heap Roots: 0.2ms
[2024-05-30T14:56:48.908+0000][15748.327s][info][gc,phases   ] GC(3263)   Evacuate Collection Set: 35.9ms
[2024-05-30T14:56:48.908+0000][15748.327s][info][gc,phases   ] GC(3263)   Post Evacuate Collection Set: 2.1ms
[2024-05-30T14:56:48.908+0000][15748.327s][info][gc,phases   ] GC(3263)   Other: 0.3ms
[2024-05-30T14:56:48.908+0000][15748.327s][info][gc,heap     ] GC(3263) Eden regions: 765->0(763)
[2024-05-30T14:56:48.908+0000][15748.327s][info][gc,heap     ] GC(3263) Survivor regions: 12->15(98)
[2024-05-30T14:56:48.908+0000][15748.327s][info][gc,heap     ] GC(3263) Old regions: 390->390
[2024-05-30T14:56:48.908+0000][15748.327s][info][gc,heap     ] GC(3263) Archive regions: 2->2
[2024-05-30T14:56:48.908+0000][15748.327s][info][gc,heap     ] GC(3263) Humongous regions: 40->40
[2024-05-30T14:56:48.908+0000][15748.327s][info][gc,metaspace] GC(3263) Metaspace: 435340K(441408K)->435340K(441408K) NonClass: 381227K(384576K)->381227K(384576K) Class: 54113K(56832K)->54113K(56832K)
[2024-05-30T14:56:48.908+0000][15748.327s][info][gc          ] GC(3263) Pause Young (Concurrent Start) (G1 Evacuation Pause) 9652M->3559M(12288M) 39.079ms
[2024-05-30T14:56:48.908+0000][15748.327s][info][gc,cpu      ] GC(3263) User=0.23s Sys=0.00s Real=0.03s
[2024-05-30T14:56:48.908+0000][15748.327s][info][gc          ] GC(3264) Concurrent Mark Cycle
[2024-05-30T14:56:48.908+0000][15748.327s][info][gc,marking  ] GC(3264) Concurrent Clear Claimed Marks
[2024-05-30T14:56:48.909+0000][15748.328s][info][gc,marking  ] GC(3264) Concurrent Clear Claimed Marks 0.483ms
[2024-05-30T14:56:48.909+0000][15748.328s][info][gc,marking  ] GC(3264) Concurrent Scan Root Regions
[2024-05-30T14:56:48.949+0000][15748.368s][info][gc,marking  ] GC(3264) Concurrent Scan Root Regions 40.448ms
[2024-05-30T14:56:48.949+0000][15748.368s][info][gc,marking  ] GC(3264) Concurrent Mark
[2024-05-30T14:56:48.949+0000][15748.368s][info][gc,marking  ] GC(3264) Concurrent Mark From Roots
[2024-05-30T14:56:48.949+0000][15748.368s][info][gc,task     ] GC(3264) Using 2 workers of 2 for marking
[2024-05-30T14:56:51.000+0000][15750.420s][info][gc,marking  ] GC(3264) Concurrent Mark From Roots 2051.256ms
[2024-05-30T14:56:51.000+0000][15750.420s][info][gc,marking  ] GC(3264) Concurrent Preclean
[2024-05-30T14:56:51.002+0000][15750.421s][info][gc,marking  ] GC(3264) Concurrent Preclean 1.223ms
[2024-05-30T14:56:51.002+0000][15750.421s][info][gc,start    ] GC(3264) Pause Remark
[2024-05-30T14:56:51.026+0000][15750.445s][info][gc          ] GC(3264) Pause Remark 4084M->4084M(12288M) 24.279ms
[2024-05-30T14:56:51.026+0000][15750.445s][info][gc,cpu      ] GC(3264) User=0.11s Sys=0.00s Real=0.02s
[2024-05-30T14:56:51.026+0000][15750.446s][info][gc,marking  ] GC(3264) Concurrent Mark 2077.132ms
[2024-05-30T14:56:51.026+0000][15750.446s][info][gc,marking  ] GC(3264) Concurrent Rebuild Remembered Sets
[2024-05-30T14:56:52.097+0000][15751.516s][info][gc,marking  ] GC(3264) Concurrent Rebuild Remembered Sets 1070.795ms
[2024-05-30T14:56:52.097+0000][15751.516s][info][gc,start    ] GC(3264) Pause Cleanup
[2024-05-30T14:56:52.098+0000][15751.517s][info][gc          ] GC(3264) Pause Cleanup 4299M->4299M(12288M) 0.599ms
[2024-05-30T14:56:52.098+0000][15751.517s][info][gc,cpu      ] GC(3264) User=0.00s Sys=0.00s Real=0.00s
[2024-05-30T14:56:52.098+0000][15751.517s][info][gc,marking  ] GC(3264) Concurrent Cleanup for Next Mark
[2024-05-30T14:56:52.126+0000][15751.545s][info][gc,marking  ] GC(3264) Concurrent Cleanup for Next Mark 27.967ms
[2024-05-30T14:56:52.126+0000][15751.545s][info][gc          ] GC(3264) Concurrent Mark Cycle 3217.811ms
[2024-05-30T14:57:12.396+0000][15771.815s][info][gc,start    ] GC(3265) Pause Young (Prepare Mixed) (G1 Evacuation Pause)
[2024-05-30T14:57:12.396+0000][15771.815s][info][gc,task     ] GC(3265) Using 6 workers of 6 for evacuation
[2024-05-30T14:57:12.439+0000][15771.858s][info][gc,phases   ] GC(3265)   Pre Evacuate Collection Set: 0.2ms
[2024-05-30T14:57:12.439+0000][15771.858s][info][gc,phases   ] GC(3265)   Merge Heap Roots: 0.3ms
[2024-05-30T14:57:12.439+0000][15771.858s][info][gc,phases   ] GC(3265)   Evacuate Collection Set: 40.1ms
[2024-05-30T14:57:12.439+0000][15771.858s][info][gc,phases   ] GC(3265)   Post Evacuate Collection Set: 2.2ms
[2024-05-30T14:57:12.439+0000][15771.858s][info][gc,phases   ] GC(3265)   Other: 0.2ms
[2024-05-30T14:57:12.439+0000][15771.858s][info][gc,heap     ] GC(3265) Eden regions: 763->0(58)
[2024-05-30T14:57:12.439+0000][15771.858s][info][gc,heap     ] GC(3265) Survivor regions: 15->18(98)
[2024-05-30T14:57:12.439+0000][15771.858s][info][gc,heap     ] GC(3265) Old regions: 390->390
[2024-05-30T14:57:12.439+0000][15771.858s][info][gc,heap     ] GC(3265) Archive regions: 2->2
[2024-05-30T14:57:12.439+0000][15771.858s][info][gc,heap     ] GC(3265) Humongous regions: 40->40
[2024-05-30T14:57:12.439+0000][15771.859s][info][gc,metaspace] GC(3265) Metaspace: 435341K(441408K)->435341K(441408K) NonClass: 381228K(384576K)->381228K(384576K) Class: 54113K(56832K)->54113K(56832K)
[2024-05-30T14:57:12.439+0000][15771.859s][info][gc          ] GC(3265) Pause Young (Prepare Mixed) (G1 Evacuation Pause) 9663M->3581M(12288M) 43.082ms
[2024-05-30T14:57:12.439+0000][15771.859s][info][gc,cpu      ] GC(3265) User=0.25s Sys=0.00s Real=0.05s
[2024-05-30T14:57:14.180+0000][15773.599s][info][gc,start    ] GC(3266) Pause Young (Mixed) (G1 Evacuation Pause)
[2024-05-30T14:57:14.180+0000][15773.599s][info][gc,task     ] GC(3266) Using 6 workers of 6 for evacuation
[2024-05-30T14:57:14.270+0000][15773.689s][info][gc,phases   ] GC(3266)   Pre Evacuate Collection Set: 0.2ms
[2024-05-30T14:57:14.270+0000][15773.690s][info][gc,phases   ] GC(3266)   Merge Heap Roots: 0.6ms
[2024-05-30T14:57:14.270+0000][15773.690s][info][gc,phases   ] GC(3266)   Evacuate Collection Set: 88.0ms
[2024-05-30T14:57:14.270+0000][15773.690s][info][gc,phases   ] GC(3266)   Post Evacuate Collection Set: 1.5ms
[2024-05-30T14:57:14.270+0000][15773.690s][info][gc,phases   ] GC(3266)   Other: 0.2ms
[2024-05-30T14:57:14.270+0000][15773.690s][info][gc,heap     ] GC(3266) Eden regions: 58->0(769)
[2024-05-30T14:57:14.270+0000][15773.690s][info][gc,heap     ] GC(3266) Survivor regions: 18->3(10)
[2024-05-30T14:57:14.270+0000][15773.690s][info][gc,heap     ] GC(3266) Old regions: 390->396
[2024-05-30T14:57:14.270+0000][15773.690s][info][gc,heap     ] GC(3266) Archive regions: 2->2
[2024-05-30T14:57:14.270+0000][15773.690s][info][gc,heap     ] GC(3266) Humongous regions: 40->40
[2024-05-30T14:57:14.270+0000][15773.690s][info][gc,metaspace] GC(3266) Metaspace: 435341K(441408K)->435341K(441408K) NonClass: 381228K(384576K)->381228K(384576K) Class: 54113K(56832K)->54113K(56832K)
[2024-05-30T14:57:14.270+0000][15773.690s][info][gc          ] GC(3266) Pause Young (Mixed) (G1 Evacuation Pause) 4045M->3510M(12288M) 90.571ms
[2024-05-30T14:57:14.270+0000][15773.690s][info][gc,cpu      ] GC(3266) User=0.54s Sys=0.00s Real=0.09s
[2024-05-30T14:57:30.948+0000][15790.367s][info][gc,start    ] GC(3267) Pause Young (Normal) (G1 Evacuation Pause)
[2024-05-30T14:57:30.948+0000][15790.367s][info][gc,task     ] GC(3267) Using 6 workers of 6 for evacuation
[2024-05-30T14:57:30.969+0000][15790.389s][info][gc,phases   ] GC(3267)   Pre Evacuate Collection Set: 0.2ms
[2024-05-30T14:57:30.969+0000][15790.389s][info][gc,phases   ] GC(3267)   Merge Heap Roots: 0.3ms
[2024-05-30T14:57:30.969+0000][15790.389s][info][gc,phases   ] GC(3267)   Evacuate Collection Set: 17.1ms
[2024-05-30T14:57:30.969+0000][15790.389s][info][gc,phases   ] GC(3267)   Post Evacuate Collection Set: 3.6ms
[2024-05-30T14:57:30.969+0000][15790.389s][info][gc,phases   ] GC(3267)   Other: 0.2ms
[2024-05-30T14:57:30.969+0000][15790.389s][info][gc,heap     ] GC(3267) Eden regions: 769->0(768)
[2024-05-30T14:57:30.969+0000][15790.389s][info][gc,heap     ] GC(3267) Survivor regions: 3->5(97)
[2024-05-30T14:57:30.969+0000][15790.389s][info][gc,heap     ] GC(3267) Old regions: 396->396
[2024-05-30T14:57:30.969+0000][15790.389s][info][gc,heap     ] GC(3267) Archive regions: 2->2
[2024-05-30T14:57:30.969+0000][15790.389s][info][gc,heap     ] GC(3267) Humongous regions: 40->40
[2024-05-30T14:57:30.969+0000][15790.389s][info][gc,metaspace] GC(3267) Metaspace: 435341K(441408K)->435341K(441408K) NonClass: 381228K(384576K)->381228K(384576K) Class: 54113K(56832K)->54113K(56832K)
[2024-05-30T14:57:30.969+0000][15790.389s][info][gc          ] GC(3267) Pause Young (Normal) (G1 Evacuation Pause) 9662M->3524M(12288M) 21.422ms
[2024-05-30T14:57:30.969+0000][15790.389s][info][gc,cpu      ] GC(3267) User=0.11s Sys=0.01s Real=0.03s
[2024-05-30T14:57:33.327+0000][15792.747s][info][gc,start    ] GC(3268) Pause Young (Normal) (G1 Evacuation Pause)
[2024-05-30T14:57:33.327+0000][15792.747s][info][gc,task     ] GC(3268) Using 6 workers of 6 for evacuation
[2024-05-30T14:57:33.407+0000][15792.827s][info][gc,phases   ] GC(3268)   Pre Evacuate Collection Set: 0.2ms
[2024-05-30T14:57:33.407+0000][15792.827s][info][gc,phases   ] GC(3268)   Merge Heap Roots: 0.3ms
[2024-05-30T14:57:33.407+0000][15792.827s][info][gc,phases   ] GC(3268)   Evacuate Collection Set: 61.5ms
[2024-05-30T14:57:33.407+0000][15792.827s][info][gc,phases   ] GC(3268)   Post Evacuate Collection Set: 17.8ms
[2024-05-30T14:57:33.407+0000][15792.827s][info][gc,phases   ] GC(3268)   Other: 0.2ms
[2024-05-30T14:57:33.407+0000][15792.827s][info][gc,heap     ] GC(3268) Eden regions: 768->0(762)
[2024-05-30T14:57:33.407+0000][15792.827s][info][gc,heap     ] GC(3268) Survivor regions: 5->10(97)
[2024-05-30T14:57:33.407+0000][15792.827s][info][gc,heap     ] GC(3268) Old regions: 396->396
[2024-05-30T14:57:33.407+0000][15792.827s][info][gc,heap     ] GC(3268) Archive regions: 2->2
[2024-05-30T14:57:33.407+0000][15792.827s][info][gc,heap     ] GC(3268) Humongous regions: 40->40
[2024-05-30T14:57:33.407+0000][15792.827s][info][gc,metaspace] GC(3268) Metaspace: 435341K(441408K)->435341K(441408K) NonClass: 381228K(384576K)->381228K(384576K) Class: 54113K(56832K)->54113K(56832K)
[2024-05-30T14:57:33.407+0000][15792.827s][info][gc          ] GC(3268) Pause Young (Normal) (G1 Evacuation Pause) 9668M->3563M(12288M) 80.088ms
[2024-05-30T14:57:33.407+0000][15792.827s][info][gc,cpu      ] GC(3268) User=0.47s Sys=0.00s Real=0.08s
[2024-05-30T14:57:35.602+0000][15795.022s][info][gc,start    ] GC(3269) Pause Young (Concurrent Start) (G1 Evacuation Pause)
[2024-05-30T14:57:35.603+0000][15795.022s][info][gc,task     ] GC(3269) Using 6 workers of 6 for evacuation
[2024-05-30T14:57:35.705+0000][15795.124s][info][gc,phases   ] GC(3269)   Pre Evacuate Collection Set: 0.6ms
[2024-05-30T14:57:35.705+0000][15795.124s][info][gc,phases   ] GC(3269)   Merge Heap Roots: 0.4ms
[2024-05-30T14:57:35.705+0000][15795.124s][info][gc,phases   ] GC(3269)   Evacuate Collection Set: 80.2ms
[2024-05-30T14:57:35.705+0000][15795.124s][info][gc,phases   ] GC(3269)   Post Evacuate Collection Set: 21.1ms
[2024-05-30T14:57:35.705+0000][15795.124s][info][gc,phases   ] GC(3269)   Other: 0.3ms
[2024-05-30T14:57:35.705+0000][15795.124s][info][gc,heap     ] GC(3269) Eden regions: 762->0(758)
[2024-05-30T14:57:35.705+0000][15795.124s][info][gc,heap     ] GC(3269) Survivor regions: 10->15(97)
[2024-05-30T14:57:35.705+0000][15795.124s][info][gc,heap     ] GC(3269) Old regions: 396->396
[2024-05-30T14:57:35.705+0000][15795.124s][info][gc,heap     ] GC(3269) Archive regions: 2->2
[2024-05-30T14:57:35.705+0000][15795.124s][info][gc,heap     ] GC(3269) Humongous regions: 40->40
[2024-05-30T14:57:35.705+0000][15795.124s][info][gc,metaspace] GC(3269) Metaspace: 435341K(441408K)->435341K(441408K) NonClass: 381228K(384576K)->381228K(384576K) Class: 54113K(56832K)->54113K(56832K)
[2024-05-30T14:57:35.705+0000][15795.124s][info][gc          ] GC(3269) Pause Young (Concurrent Start) (G1 Evacuation Pause) 9659M->3602M(12288M) 102.599ms
[2024-05-30T14:57:35.705+0000][15795.124s][info][gc,cpu      ] GC(3269) User=0.58s Sys=0.01s Real=0.10s
[2024-05-30T14:57:35.705+0000][15795.124s][info][gc          ] GC(3270) Concurrent Mark Cycle
[2024-05-30T14:57:35.705+0000][15795.124s][info][gc,marking  ] GC(3270) Concurrent Clear Claimed Marks
[2024-05-30T14:57:35.706+0000][15795.125s][info][gc,marking  ] GC(3270) Concurrent Clear Claimed Marks 0.413ms
[2024-05-30T14:57:35.706+0000][15795.125s][info][gc,marking  ] GC(3270) Concurrent Scan Root Regions
[2024-05-30T14:57:35.770+0000][15795.189s][info][gc,marking  ] GC(3270) Concurrent Scan Root Regions 64.483ms
[2024-05-30T14:57:35.770+0000][15795.189s][info][gc,marking  ] GC(3270) Concurrent Mark
[2024-05-30T14:57:35.770+0000][15795.189s][info][gc,marking  ] GC(3270) Concurrent Mark From Roots
[2024-05-30T14:57:35.770+0000][15795.189s][info][gc,task     ] GC(3270) Using 2 workers of 2 for marking
[2024-05-30T14:57:38.088+0000][15797.507s][info][gc,marking  ] GC(3270) Concurrent Mark From Roots 2317.881ms
[2024-05-30T14:57:38.088+0000][15797.507s][info][gc,marking  ] GC(3270) Concurrent Preclean
[2024-05-30T14:57:38.090+0000][15797.509s][info][gc,marking  ] GC(3270) Concurrent Preclean 1.765ms
[2024-05-30T14:57:38.090+0000][15797.509s][info][gc,start    ] GC(3270) Pause Remark
[2024-05-30T14:57:38.115+0000][15797.534s][info][gc          ] GC(3270) Pause Remark 6670M->6670M(12288M) 24.898ms
[2024-05-30T14:57:38.115+0000][15797.534s][info][gc,cpu      ] GC(3270) User=0.11s Sys=0.00s Real=0.02s
[2024-05-30T14:57:38.115+0000][15797.534s][info][gc,marking  ] GC(3270) Concurrent Mark 2344.883ms
[2024-05-30T14:57:38.115+0000][15797.534s][info][gc,marking  ] GC(3270) Concurrent Rebuild Remembered Sets
[2024-05-30T14:57:39.291+0000][15798.710s][info][gc,marking  ] GC(3270) Concurrent Rebuild Remembered Sets 1175.953ms
[2024-05-30T14:57:39.291+0000][15798.710s][info][gc,start    ] GC(3270) Pause Cleanup
[2024-05-30T14:57:39.292+0000][15798.711s][info][gc          ] GC(3270) Pause Cleanup 8154M->8154M(12288M) 0.643ms
[2024-05-30T14:57:39.292+0000][15798.711s][info][gc,cpu      ] GC(3270) User=0.00s Sys=0.00s Real=0.00s
[2024-05-30T14:57:39.292+0000][15798.711s][info][gc,marking  ] GC(3270) Concurrent Cleanup for Next Mark
[2024-05-30T14:57:39.308+0000][15798.727s][info][gc,marking  ] GC(3270) Concurrent Cleanup for Next Mark 16.122ms
[2024-05-30T14:57:39.308+0000][15798.727s][info][gc          ] GC(3270) Concurrent Mark Cycle 3602.976ms
[2024-05-30T14:57:40.399+0000][15799.818s][info][gc,start    ] GC(3271) Pause Young (Prepare Mixed) (G1 Evacuation Pause)
[2024-05-30T14:57:40.399+0000][15799.818s][info][gc,task     ] GC(3271) Using 6 workers of 6 for evacuation
[2024-05-30T14:57:40.447+0000][15799.867s][info][gc,phases   ] GC(3271)   Pre Evacuate Collection Set: 0.2ms
[2024-05-30T14:57:40.447+0000][15799.867s][info][gc,phases   ] GC(3271)   Merge Heap Roots: 0.7ms
[2024-05-30T14:57:40.447+0000][15799.867s][info][gc,phases   ] GC(3271)   Evacuate Collection Set: 38.6ms
[2024-05-30T14:57:40.447+0000][15799.867s][info][gc,phases   ] GC(3271)   Post Evacuate Collection Set: 8.9ms
[2024-05-30T14:57:40.447+0000][15799.867s][info][gc,phases   ] GC(3271)   Other: 0.2ms
[2024-05-30T14:57:40.447+0000][15799.867s][info][gc,heap     ] GC(3271) Eden regions: 758->0(67)
[2024-05-30T14:57:40.447+0000][15799.867s][info][gc,heap     ] GC(3271) Survivor regions: 15->9(97)
[2024-05-30T14:57:40.447+0000][15799.867s][info][gc,heap     ] GC(3271) Old regions: 396->396
[2024-05-30T14:57:40.447+0000][15799.867s][info][gc,heap     ] GC(3271) Archive regions: 2->2
[2024-05-30T14:57:40.447+0000][15799.867s][info][gc,heap     ] GC(3271) Humongous regions: 40->40
[2024-05-30T14:57:40.448+0000][15799.867s][info][gc,metaspace] GC(3271) Metaspace: 435342K(441408K)->435342K(441408K) NonClass: 381229K(384576K)->381229K(384576K) Class: 54113K(56832K)->54113K(56832K)
[2024-05-30T14:57:40.448+0000][15799.867s][info][gc          ] GC(3271) Pause Young (Prepare Mixed) (G1 Evacuation Pause) 9666M->3556M(12288M) 48.679ms
[2024-05-30T14:57:40.448+0000][15799.867s][info][gc,cpu      ] GC(3271) User=0.28s Sys=0.00s Real=0.04s
[2024-05-30T14:57:40.900+0000][15800.319s][info][gc,start    ] GC(3272) Pause Young (Mixed) (G1 Evacuation Pause)
[2024-05-30T14:57:40.900+0000][15800.319s][info][gc,task     ] GC(3272) Using 6 workers of 6 for evacuation
[2024-05-30T14:57:40.962+0000][15800.381s][info][gc,phases   ] GC(3272)   Pre Evacuate Collection Set: 0.2ms
[2024-05-30T14:57:40.962+0000][15800.381s][info][gc,phases   ] GC(3272)   Merge Heap Roots: 0.4ms
[2024-05-30T14:57:40.962+0000][15800.381s][info][gc,phases   ] GC(3272)   Evacuate Collection Set: 60.3ms
[2024-05-30T14:57:40.962+0000][15800.381s][info][gc,phases   ] GC(3272)   Post Evacuate Collection Set: 1.4ms
[2024-05-30T14:57:40.962+0000][15800.381s][info][gc,phases   ] GC(3272)   Other: 0.2ms
[2024-05-30T14:57:40.962+0000][15800.381s][info][gc,heap     ] GC(3272) Eden regions: 67->0(779)
[2024-05-30T14:57:40.962+0000][15800.381s][info][gc,heap     ] GC(3272) Survivor regions: 9->4(10)
[2024-05-30T14:57:40.962+0000][15800.381s][info][gc,heap     ] GC(3272) Old regions: 396->387
[2024-05-30T14:57:40.962+0000][15800.381s][info][gc,heap     ] GC(3272) Archive regions: 2->2
[2024-05-30T14:57:40.962+0000][15800.381s][info][gc,heap     ] GC(3272) Humongous regions: 40->40
[2024-05-30T14:57:40.962+0000][15800.381s][info][gc,metaspace] GC(3272) Metaspace: 435342K(441408K)->435342K(441408K) NonClass: 381229K(384576K)->381229K(384576K) Class: 54113K(56832K)->54113K(56832K)
[2024-05-30T14:57:40.962+0000][15800.381s][info][gc          ] GC(3272) Pause Young (Mixed) (G1 Evacuation Pause) 4092M->3449M(12288M) 62.495ms
[2024-05-30T14:57:40.962+0000][15800.382s][info][gc,cpu      ] GC(3272) User=0.37s Sys=0.00s Real=0.06s
[2024-05-30T14:57:54.134+0000][15813.553s][info][gc,start    ] GC(3273) Pause Young (Normal) (G1 Evacuation Pause)
[2024-05-30T14:57:54.134+0000][15813.553s][info][gc,task     ] GC(3273) Using 6 workers of 6 for evacuation
[2024-05-30T14:57:54.153+0000][15813.572s][info][gc,phases   ] GC(3273)   Pre Evacuate Collection Set: 0.2ms
[2024-05-30T14:57:54.153+0000][15813.572s][info][gc,phases   ] GC(3273)   Merge Heap Roots: 0.2ms
[2024-05-30T14:57:54.153+0000][15813.572s][info][gc,phases   ] GC(3273)   Evacuate Collection Set: 15.6ms
[2024-05-30T14:57:54.153+0000][15813.572s][info][gc,phases   ] GC(3273)   Post Evacuate Collection Set: 2.3ms
[2024-05-30T14:57:54.153+0000][15813.572s][info][gc,phases   ] GC(3273)   Other: 0.2ms
[2024-05-30T14:57:54.153+0000][15813.572s][info][gc,heap     ] GC(3273) Eden regions: 779->0(774)
[2024-05-30T14:57:54.153+0000][15813.572s][info][gc,heap     ] GC(3273) Survivor regions: 4->8(98)
[2024-05-30T14:57:54.153+0000][15813.572s][info][gc,heap     ] GC(3273) Old regions: 387->387
[2024-05-30T14:57:54.153+0000][15813.572s][info][gc,heap     ] GC(3273) Archive regions: 2->2
[2024-05-30T14:57:54.153+0000][15813.572s][info][gc,heap     ] GC(3273) Humongous regions: 40->40
[2024-05-30T14:57:54.153+0000][15813.572s][info][gc,metaspace] GC(3273) Metaspace: 435350K(441408K)->435350K(441408K) NonClass: 381237K(384576K)->381237K(384576K) Class: 54113K(56832K)->54113K(56832K)
[2024-05-30T14:57:54.153+0000][15813.572s][info][gc          ] GC(3273) Pause Young (Normal) (G1 Evacuation Pause) 9681M->3475M(12288M) 18.542ms
[2024-05-30T14:57:54.153+0000][15813.572s][info][gc,cpu      ] GC(3273) User=0.10s Sys=0.00s Real=0.02s
[2024-05-30T14:58:10.865+0000][15830.284s][info][gc,start    ] GC(3274) Pause Young (Normal) (G1 Evacuation Pause)
[2024-05-30T14:58:10.865+0000][15830.284s][info][gc,task     ] GC(3274) Using 6 workers of 6 for evacuation
[2024-05-30T14:58:10.893+0000][15830.312s][info][gc,phases   ] GC(3274)   Pre Evacuate Collection Set: 0.2ms
[2024-05-30T14:58:10.893+0000][15830.312s][info][gc,phases   ] GC(3274)   Merge Heap Roots: 0.2ms
[2024-05-30T14:58:10.893+0000][15830.312s][info][gc,phases   ] GC(3274)   Evacuate Collection Set: 25.5ms
[2024-05-30T14:58:10.893+0000][15830.312s][info][gc,phases   ] GC(3274)   Post Evacuate Collection Set: 2.3ms
[2024-05-30T14:58:10.893+0000][15830.312s][info][gc,phases   ] GC(3274)   Other: 0.2ms
[2024-05-30T14:58:10.893+0000][15830.312s][info][gc,heap     ] GC(3274) Eden regions: 774->0(772)
[2024-05-30T14:58:10.893+0000][15830.312s][info][gc,heap     ] GC(3274) Survivor regions: 8->10(98)
[2024-05-30T14:58:10.893+0000][15830.312s][info][gc,heap     ] GC(3274) Old regions: 387->387
[2024-05-30T14:58:10.893+0000][15830.312s][info][gc,heap     ] GC(3274) Archive regions: 2->2
[2024-05-30T14:58:10.893+0000][15830.312s][info][gc,heap     ] GC(3274) Humongous regions: 40->40
[2024-05-30T14:58:10.893+0000][15830.312s][info][gc,metaspace] GC(3274) Metaspace: 435354K(441408K)->435354K(441408K) NonClass: 381241K(384576K)->381241K(384576K) Class: 54113K(56832K)->54113K(56832K)
[2024-05-30T14:58:10.893+0000][15830.312s][info][gc          ] GC(3274) Pause Young (Normal) (G1 Evacuation Pause) 9667M->3497M(12288M) 28.433ms
[2024-05-30T14:58:10.893+0000][15830.312s][info][gc,cpu      ] GC(3274) User=0.17s Sys=0.00s Real=0.03s
[2024-05-30T14:58:26.418+0000][15845.838s][info][gc,start    ] GC(3275) Pause Young (Concurrent Start) (G1 Evacuation Pause)
[2024-05-30T14:58:26.418+0000][15845.838s][info][gc,task     ] GC(3275) Using 6 workers of 6 for evacuation
[2024-05-30T14:58:26.456+0000][15845.875s][info][gc,phases   ] GC(3275)   Pre Evacuate Collection Set: 0.6ms
[2024-05-30T14:58:26.456+0000][15845.875s][info][gc,phases   ] GC(3275)   Merge Heap Roots: 0.2ms
[2024-05-30T14:58:26.456+0000][15845.875s][info][gc,phases   ] GC(3275)   Evacuate Collection Set: 34.1ms
[2024-05-30T14:58:26.456+0000][15845.875s][info][gc,phases   ] GC(3275)   Post Evacuate Collection Set: 2.2ms
[2024-05-30T14:58:26.456+0000][15845.875s][info][gc,phases   ] GC(3275)   Other: 0.3ms
[2024-05-30T14:58:26.456+0000][15845.875s][info][gc,heap     ] GC(3275) Eden regions: 772->0(766)
[2024-05-30T14:58:26.456+0000][15845.875s][info][gc,heap     ] GC(3275) Survivor regions: 10->15(98)
[2024-05-30T14:58:26.456+0000][15845.875s][info][gc,heap     ] GC(3275) Old regions: 387->387
[2024-05-30T14:58:26.456+0000][15845.875s][info][gc,heap     ] GC(3275) Archive regions: 2->2
[2024-05-30T14:58:26.456+0000][15845.875s][info][gc,heap     ] GC(3275) Humongous regions: 40->40
[2024-05-30T14:58:26.456+0000][15845.875s][info][gc,metaspace] GC(3275) Metaspace: 435354K(441408K)->435354K(441408K) NonClass: 381241K(384576K)->381241K(384576K) Class: 54113K(56832K)->54113K(56832K)
[2024-05-30T14:58:26.456+0000][15845.875s][info][gc          ] GC(3275) Pause Young (Concurrent Start) (G1 Evacuation Pause) 9673M->3536M(12288M) 37.493ms
[2024-05-30T14:58:26.456+0000][15845.875s][info][gc,cpu      ] GC(3275) User=0.21s Sys=0.00s Real=0.03s
[2024-05-30T14:58:26.456+0000][15845.875s][info][gc          ] GC(3276) Concurrent Mark Cycle
[2024-05-30T14:58:26.456+0000][15845.875s][info][gc,marking  ] GC(3276) Concurrent Clear Claimed Marks
[2024-05-30T14:58:26.456+0000][15845.876s][info][gc,marking  ] GC(3276) Concurrent Clear Claimed Marks 0.425ms
[2024-05-30T14:58:26.456+0000][15845.876s][info][gc,marking  ] GC(3276) Concurrent Scan Root Regions
[2024-05-30T14:58:26.478+0000][15845.897s][info][gc,marking  ] GC(3276) Concurrent Scan Root Regions 21.374ms
[2024-05-30T14:58:26.478+0000][15845.897s][info][gc,marking  ] GC(3276) Concurrent Mark
[2024-05-30T14:58:26.478+0000][15845.897s][info][gc,marking  ] GC(3276) Concurrent Mark From Roots
[2024-05-30T14:58:26.478+0000][15845.897s][info][gc,task     ] GC(3276) Using 2 workers of 2 for marking
[2024-05-30T14:58:28.663+0000][15848.082s][info][gc,marking  ] GC(3276) Concurrent Mark From Roots 2185.405ms
[2024-05-30T14:58:28.663+0000][15848.082s][info][gc,marking  ] GC(3276) Concurrent Preclean
[2024-05-30T14:58:28.665+0000][15848.084s][info][gc,marking  ] GC(3276) Concurrent Preclean 1.298ms
[2024-05-30T14:58:28.665+0000][15848.084s][info][gc,start    ] GC(3276) Pause Remark
[2024-05-30T14:58:28.689+0000][15848.108s][info][gc          ] GC(3276) Pause Remark 4376M->4376M(12288M) 24.545ms
[2024-05-30T14:58:28.689+0000][15848.109s][info][gc,cpu      ] GC(3276) User=0.11s Sys=0.00s Real=0.03s
[2024-05-30T14:58:28.689+0000][15848.109s][info][gc,marking  ] GC(3276) Concurrent Mark 2211.574ms
[2024-05-30T14:58:28.689+0000][15848.109s][info][gc,marking  ] GC(3276) Concurrent Rebuild Remembered Sets
[2024-05-30T14:58:29.866+0000][15849.285s][info][gc,marking  ] GC(3276) Concurrent Rebuild Remembered Sets 1176.542ms
[2024-05-30T14:58:29.866+0000][15849.285s][info][gc,start    ] GC(3276) Pause Cleanup
[2024-05-30T14:58:29.867+0000][15849.286s][info][gc          ] GC(3276) Pause Cleanup 4832M->4832M(12288M) 0.635ms
[2024-05-30T14:58:29.867+0000][15849.286s][info][gc,cpu      ] GC(3276) User=0.01s Sys=0.00s Real=0.00s
[2024-05-30T14:58:29.867+0000][15849.286s][info][gc,marking  ] GC(3276) Concurrent Cleanup for Next Mark
[2024-05-30T14:58:29.884+0000][15849.303s][info][gc,marking  ] GC(3276) Concurrent Cleanup for Next Mark 16.728ms
[2024-05-30T14:58:29.884+0000][15849.303s][info][gc          ] GC(3276) Concurrent Mark Cycle 3427.669ms
[2024-05-30T14:58:41.459+0000][15860.878s][info][gc,start    ] GC(3277) Pause Young (Prepare Mixed) (G1 Evacuation Pause)
[2024-05-30T14:58:41.459+0000][15860.879s][info][gc,task     ] GC(3277) Using 6 workers of 6 for evacuation
[2024-05-30T14:58:41.503+0000][15860.922s][info][gc,phases   ] GC(3277)   Pre Evacuate Collection Set: 0.2ms
[2024-05-30T14:58:41.503+0000][15860.922s][info][gc,phases   ] GC(3277)   Merge Heap Roots: 0.3ms
[2024-05-30T14:58:41.503+0000][15860.922s][info][gc,phases   ] GC(3277)   Evacuate Collection Set: 40.8ms
[2024-05-30T14:58:41.503+0000][15860.922s][info][gc,phases   ] GC(3277)   Post Evacuate Collection Set: 2.3ms
[2024-05-30T14:58:41.503+0000][15860.922s][info][gc,phases   ] GC(3277)   Other: 0.2ms
[2024-05-30T14:58:41.503+0000][15860.922s][info][gc,heap     ] GC(3277) Eden regions: 766->0(60)
[2024-05-30T14:58:41.503+0000][15860.922s][info][gc,heap     ] GC(3277) Survivor regions: 15->16(98)
[2024-05-30T14:58:41.503+0000][15860.922s][info][gc,heap     ] GC(3277) Old regions: 387->387
[2024-05-30T14:58:41.503+0000][15860.922s][info][gc,heap     ] GC(3277) Archive regions: 2->2
[2024-05-30T14:58:41.503+0000][15860.922s][info][gc,heap     ] GC(3277) Humongous regions: 40->40
[2024-05-30T14:58:41.503+0000][15860.922s][info][gc,metaspace] GC(3277) Metaspace: 435354K(441408K)->435354K(441408K) NonClass: 381241K(384576K)->381241K(384576K) Class: 54113K(56832K)->54113K(56832K)
[2024-05-30T14:58:41.503+0000][15860.922s][info][gc          ] GC(3277) Pause Young (Prepare Mixed) (G1 Evacuation Pause) 9664M->3541M(12288M) 43.830ms
[2024-05-30T14:58:41.503+0000][15860.922s][info][gc,cpu      ] GC(3277) User=0.26s Sys=0.00s Real=0.04s
[2024-05-30T14:58:42.665+0000][15862.084s][info][gc,start    ] GC(3278) Pause Young (Mixed) (G1 Evacuation Pause)
[2024-05-30T14:58:42.665+0000][15862.084s][info][gc,task     ] GC(3278) Using 6 workers of 6 for evacuation
[2024-05-30T14:58:42.767+0000][15862.186s][info][gc,phases   ] GC(3278)   Pre Evacuate Collection Set: 0.2ms
[2024-05-30T14:58:42.767+0000][15862.186s][info][gc,phases   ] GC(3278)   Merge Heap Roots: 0.5ms
[2024-05-30T14:58:42.767+0000][15862.186s][info][gc,phases   ] GC(3278)   Evacuate Collection Set: 99.6ms
[2024-05-30T14:58:42.767+0000][15862.186s][info][gc,phases   ] GC(3278)   Post Evacuate Collection Set: 1.7ms
[2024-05-30T14:58:42.767+0000][15862.186s][info][gc,phases   ] GC(3278)   Other: 0.2ms
[2024-05-30T14:58:42.767+0000][15862.186s][info][gc,heap     ] GC(3278) Eden regions: 60->0(775)
[2024-05-30T14:58:42.767+0000][15862.186s][info][gc,heap     ] GC(3278) Survivor regions: 16->6(10)
[2024-05-30T14:58:42.767+0000][15862.186s][info][gc,heap     ] GC(3278) Old regions: 387->387
[2024-05-30T14:58:42.767+0000][15862.186s][info][gc,heap     ] GC(3278) Archive regions: 2->2
[2024-05-30T14:58:42.767+0000][15862.186s][info][gc,heap     ] GC(3278) Humongous regions: 40->40
[2024-05-30T14:58:42.767+0000][15862.186s][info][gc,metaspace] GC(3278) Metaspace: 435354K(441408K)->435354K(441408K) NonClass: 381241K(384576K)->381241K(384576K) Class: 54113K(56832K)->54113K(56832K)
[2024-05-30T14:58:42.767+0000][15862.186s][info][gc          ] GC(3278) Pause Young (Mixed) (G1 Evacuation Pause) 4021M->3464M(12288M) 102.308ms
[2024-05-30T14:58:42.767+0000][15862.186s][info][gc,cpu      ] GC(3278) User=0.61s Sys=0.00s Real=0.10s
[2024-05-30T14:58:57.662+0000][15877.081s][info][gc,start    ] GC(3279) Pause Young (Normal) (G1 Evacuation Pause)
[2024-05-30T14:58:57.662+0000][15877.081s][info][gc,task     ] GC(3279) Using 6 workers of 6 for evacuation
[2024-05-30T14:58:57.691+0000][15877.111s][info][gc,phases   ] GC(3279)   Pre Evacuate Collection Set: 0.2ms
[2024-05-30T14:58:57.691+0000][15877.111s][info][gc,phases   ] GC(3279)   Merge Heap Roots: 0.3ms
[2024-05-30T14:58:57.691+0000][15877.111s][info][gc,phases   ] GC(3279)   Evacuate Collection Set: 26.5ms
[2024-05-30T14:58:57.691+0000][15877.111s][info][gc,phases   ] GC(3279)   Post Evacuate Collection Set: 2.5ms
[2024-05-30T14:58:57.691+0000][15877.111s][info][gc,phases   ] GC(3279)   Other: 0.2ms
[2024-05-30T14:58:57.691+0000][15877.111s][info][gc,heap     ] GC(3279) Eden regions: 775->0(769)
[2024-05-30T14:58:57.691+0000][15877.111s][info][gc,heap     ] GC(3279) Survivor regions: 6->11(98)
[2024-05-30T14:58:57.691+0000][15877.111s][info][gc,heap     ] GC(3279) Old regions: 387->387
[2024-05-30T14:58:57.691+0000][15877.111s][info][gc,heap     ] GC(3279) Archive regions: 2->2
[2024-05-30T14:58:57.691+0000][15877.111s][info][gc,heap     ] GC(3279) Humongous regions: 40->40
[2024-05-30T14:58:57.691+0000][15877.111s][info][gc,metaspace] GC(3279) Metaspace: 435354K(441408K)->435354K(441408K) NonClass: 381241K(384576K)->381241K(384576K) Class: 54113K(56832K)->54113K(56832K)
[2024-05-30T14:58:57.692+0000][15877.111s][info][gc          ] GC(3279) Pause Young (Normal) (G1 Evacuation Pause) 9664M->3498M(12288M) 29.708ms
[2024-05-30T14:58:57.692+0000][15877.111s][info][gc,cpu      ] GC(3279) User=0.17s Sys=0.00s Real=0.03s
[2024-05-30T14:59:10.179+0000][15889.598s][info][gc,start    ] GC(3280) Pause Young (Normal) (G1 Evacuation Pause)
[2024-05-30T14:59:10.179+0000][15889.598s][info][gc,task     ] GC(3280) Using 6 workers of 6 for evacuation
[2024-05-30T14:59:10.210+0000][15889.629s][info][gc,phases   ] GC(3280)   Pre Evacuate Collection Set: 0.2ms
[2024-05-30T14:59:10.210+0000][15889.629s][info][gc,phases   ] GC(3280)   Merge Heap Roots: 0.3ms
[2024-05-30T14:59:10.210+0000][15889.629s][info][gc,phases   ] GC(3280)   Evacuate Collection Set: 28.2ms
[2024-05-30T14:59:10.210+0000][15889.629s][info][gc,phases   ] GC(3280)   Post Evacuate Collection Set: 2.2ms
[2024-05-30T14:59:10.210+0000][15889.629s][info][gc,phases   ] GC(3280)   Other: 0.2ms
[2024-05-30T14:59:10.210+0000][15889.629s][info][gc,heap     ] GC(3280) Eden regions: 769->0(772)
[2024-05-30T14:59:10.210+0000][15889.629s][info][gc,heap     ] GC(3280) Survivor regions: 11->10(98)
[2024-05-30T14:59:10.210+0000][15889.629s][info][gc,heap     ] GC(3280) Old regions: 387->387
[2024-05-30T14:59:10.210+0000][15889.629s][info][gc,heap     ] GC(3280) Archive regions: 2->2
[2024-05-30T14:59:10.210+0000][15889.629s][info][gc,heap     ] GC(3280) Humongous regions: 40->40
[2024-05-30T14:59:10.210+0000][15889.629s][info][gc,metaspace] GC(3280) Metaspace: 435354K(441408K)->435354K(441408K) NonClass: 381241K(384576K)->381241K(384576K) Class: 54113K(56832K)->54113K(56832K)
[2024-05-30T14:59:10.210+0000][15889.629s][info][gc          ] GC(3280) Pause Young (Normal) (G1 Evacuation Pause) 9650M->3495M(12288M) 31.111ms
[2024-05-30T14:59:10.210+0000][15889.629s][info][gc,cpu      ] GC(3280) User=0.18s Sys=0.00s Real=0.03s
[2024-05-30T14:59:24.263+0000][15903.682s][info][gc,start    ] GC(3281) Pause Young (Concurrent Start) (G1 Evacuation Pause)
[2024-05-30T14:59:24.263+0000][15903.682s][info][gc,task     ] GC(3281) Using 6 workers of 6 for evacuation
[2024-05-30T14:59:24.300+0000][15903.719s][info][gc,phases   ] GC(3281)   Pre Evacuate Collection Set: 0.5ms
[2024-05-30T14:59:24.300+0000][15903.719s][info][gc,phases   ] GC(3281)   Merge Heap Roots: 0.2ms
[2024-05-30T14:59:24.300+0000][15903.719s][info][gc,phases   ] GC(3281)   Evacuate Collection Set: 33.4ms
[2024-05-30T14:59:24.300+0000][15903.719s][info][gc,phases   ] GC(3281)   Post Evacuate Collection Set: 2.2ms
[2024-05-30T14:59:24.300+0000][15903.719s][info][gc,phases   ] GC(3281)   Other: 0.3ms
[2024-05-30T14:59:24.300+0000][15903.719s][info][gc,heap     ] GC(3281) Eden regions: 772->0(767)
[2024-05-30T14:59:24.300+0000][15903.719s][info][gc,heap     ] GC(3281) Survivor regions: 10->14(98)
[2024-05-30T14:59:24.300+0000][15903.719s][info][gc,heap     ] GC(3281) Old regions: 387->387
[2024-05-30T14:59:24.300+0000][15903.719s][info][gc,heap     ] GC(3281) Archive regions: 2->2
[2024-05-30T14:59:24.300+0000][15903.719s][info][gc,heap     ] GC(3281) Humongous regions: 40->40
[2024-05-30T14:59:24.300+0000][15903.719s][info][gc,metaspace] GC(3281) Metaspace: 435354K(441408K)->435354K(441408K) NonClass: 381241K(384576K)->381241K(384576K) Class: 54113K(56832K)->54113K(56832K)
[2024-05-30T14:59:24.300+0000][15903.719s][info][gc          ] GC(3281) Pause Young (Concurrent Start) (G1 Evacuation Pause) 9671M->3525M(12288M) 36.707ms
[2024-05-30T14:59:24.300+0000][15903.719s][info][gc,cpu      ] GC(3281) User=0.21s Sys=0.00s Real=0.04s
[2024-05-30T14:59:24.300+0000][15903.719s][info][gc          ] GC(3282) Concurrent Mark Cycle
[2024-05-30T14:59:24.300+0000][15903.719s][info][gc,marking  ] GC(3282) Concurrent Clear Claimed Marks
[2024-05-30T14:59:24.300+0000][15903.719s][info][gc,marking  ] GC(3282) Concurrent Clear Claimed Marks 0.388ms
[2024-05-30T14:59:24.300+0000][15903.720s][info][gc,marking  ] GC(3282) Concurrent Scan Root Regions
[2024-05-30T14:59:24.332+0000][15903.752s][info][gc,marking  ] GC(3282) Concurrent Scan Root Regions 32.019ms
[2024-05-30T14:59:24.332+0000][15903.752s][info][gc,marking  ] GC(3282) Concurrent Mark
[2024-05-30T14:59:24.332+0000][15903.752s][info][gc,marking  ] GC(3282) Concurrent Mark From Roots
[2024-05-30T14:59:24.332+0000][15903.752s][info][gc,task     ] GC(3282) Using 2 workers of 2 for marking
[2024-05-30T14:59:26.481+0000][15905.900s][info][gc,marking  ] GC(3282) Concurrent Mark From Roots 2148.161ms
[2024-05-30T14:59:26.481+0000][15905.900s][info][gc,marking  ] GC(3282) Concurrent Preclean
[2024-05-30T14:59:26.482+0000][15905.901s][info][gc,marking  ] GC(3282) Concurrent Preclean 1.244ms
[2024-05-30T14:59:26.482+0000][15905.901s][info][gc,start    ] GC(3282) Pause Remark
[2024-05-30T14:59:26.506+0000][15905.926s][info][gc          ] GC(3282) Pause Remark 4445M->4445M(12288M) 24.363ms
[2024-05-30T14:59:26.506+0000][15905.926s][info][gc,cpu      ] GC(3282) User=0.11s Sys=0.00s Real=0.02s
[2024-05-30T14:59:26.506+0000][15905.926s][info][gc,marking  ] GC(3282) Concurrent Mark 2174.099ms
[2024-05-30T14:59:26.506+0000][15905.926s][info][gc,marking  ] GC(3282) Concurrent Rebuild Remembered Sets
[2024-05-30T14:59:27.777+0000][15907.196s][info][gc,marking  ] GC(3282) Concurrent Rebuild Remembered Sets 1270.761ms
[2024-05-30T14:59:27.777+0000][15907.197s][info][gc,start    ] GC(3282) Pause Cleanup
[2024-05-30T14:59:27.778+0000][15907.197s][info][gc          ] GC(3282) Pause Cleanup 4961M->4961M(12288M) 0.635ms
[2024-05-30T14:59:27.778+0000][15907.197s][info][gc,cpu      ] GC(3282) User=0.00s Sys=0.00s Real=0.00s
[2024-05-30T14:59:27.778+0000][15907.197s][info][gc,marking  ] GC(3282) Concurrent Cleanup for Next Mark
[2024-05-30T14:59:27.795+0000][15907.214s][info][gc,marking  ] GC(3282) Concurrent Cleanup for Next Mark 16.531ms
[2024-05-30T14:59:27.795+0000][15907.214s][info][gc          ] GC(3282) Concurrent Mark Cycle 3494.863ms
[2024-05-30T14:59:33.139+0000][15912.558s][info][gc,start    ] GC(3283) Pause Young (Prepare Mixed) (G1 Evacuation Pause)
[2024-05-30T14:59:33.139+0000][15912.558s][info][gc,task     ] GC(3283) Using 6 workers of 6 for evacuation
[2024-05-30T14:59:33.204+0000][15912.623s][info][gc,phases   ] GC(3283)   Pre Evacuate Collection Set: 0.2ms
[2024-05-30T14:59:33.204+0000][15912.623s][info][gc,phases   ] GC(3283)   Merge Heap Roots: 0.3ms
[2024-05-30T14:59:33.204+0000][15912.623s][info][gc,phases   ] GC(3283)   Evacuate Collection Set: 54.1ms
[2024-05-30T14:59:33.204+0000][15912.623s][info][gc,phases   ] GC(3283)   Post Evacuate Collection Set: 10.2ms
[2024-05-30T14:59:33.204+0000][15912.623s][info][gc,phases   ] GC(3283)   Other: 0.2ms
[2024-05-30T14:59:33.204+0000][15912.623s][info][gc,heap     ] GC(3283) Eden regions: 767->0(58)
[2024-05-30T14:59:33.204+0000][15912.623s][info][gc,heap     ] GC(3283) Survivor regions: 14->18(98)
[2024-05-30T14:59:33.204+0000][15912.623s][info][gc,heap     ] GC(3283) Old regions: 387->387
[2024-05-30T14:59:33.204+0000][15912.623s][info][gc,heap     ] GC(3283) Archive regions: 2->2
[2024-05-30T14:59:33.204+0000][15912.623s][info][gc,heap     ] GC(3283) Humongous regions: 40->40
[2024-05-30T14:59:33.204+0000][15912.623s][info][gc,metaspace] GC(3283) Metaspace: 435354K(441408K)->435354K(441408K) NonClass: 381241K(384576K)->381241K(384576K) Class: 54113K(56832K)->54113K(56832K)
[2024-05-30T14:59:33.204+0000][15912.623s][info][gc          ] GC(3283) Pause Young (Prepare Mixed) (G1 Evacuation Pause) 9661M->3558M(12288M) 64.981ms
[2024-05-30T14:59:33.204+0000][15912.623s][info][gc,cpu      ] GC(3283) User=0.38s Sys=0.00s Real=0.06s
[2024-05-30T14:59:33.399+0000][15912.818s][info][gc,start    ] GC(3284) Pause Young (Mixed) (G1 Evacuation Pause)
[2024-05-30T14:59:33.399+0000][15912.818s][info][gc,task     ] GC(3284) Using 6 workers of 6 for evacuation
[2024-05-30T14:59:33.493+0000][15912.912s][info][gc,phases   ] GC(3284)   Pre Evacuate Collection Set: 0.2ms
[2024-05-30T14:59:33.493+0000][15912.912s][info][gc,phases   ] GC(3284)   Merge Heap Roots: 0.4ms
[2024-05-30T14:59:33.493+0000][15912.912s][info][gc,phases   ] GC(3284)   Evacuate Collection Set: 90.5ms
[2024-05-30T14:59:33.493+0000][15912.912s][info][gc,phases   ] GC(3284)   Post Evacuate Collection Set: 2.5ms
[2024-05-30T14:59:33.493+0000][15912.912s][info][gc,phases   ] GC(3284)   Other: 0.2ms
[2024-05-30T14:59:33.493+0000][15912.912s][info][gc,heap     ] GC(3284) Eden regions: 58->0(774)
[2024-05-30T14:59:33.493+0000][15912.912s][info][gc,heap     ] GC(3284) Survivor regions: 18->3(10)
[2024-05-30T14:59:33.493+0000][15912.912s][info][gc,heap     ] GC(3284) Old regions: 387->391
[2024-05-30T14:59:33.493+0000][15912.912s][info][gc,heap     ] GC(3284) Archive regions: 2->2
[2024-05-30T14:59:33.493+0000][15912.912s][info][gc,heap     ] GC(3284) Humongous regions: 40->40
[2024-05-30T14:59:33.493+0000][15912.912s][info][gc,metaspace] GC(3284) Metaspace: 435354K(441408K)->435354K(441408K) NonClass: 381241K(384576K)->381241K(384576K) Class: 54113K(56832K)->54113K(56832K)
[2024-05-30T14:59:33.493+0000][15912.912s][info][gc          ] GC(3284) Pause Young (Mixed) (G1 Evacuation Pause) 4022M->3475M(12288M) 93.897ms
[2024-05-30T14:59:33.493+0000][15912.912s][info][gc,cpu      ] GC(3284) User=0.56s Sys=0.00s Real=0.09s
[2024-05-30T14:59:35.982+0000][15915.401s][info][gc,start    ] GC(3285) Pause Young (Normal) (G1 Evacuation Pause)
[2024-05-30T14:59:35.982+0000][15915.401s][info][gc,task     ] GC(3285) Using 6 workers of 6 for evacuation
[2024-05-30T14:59:36.054+0000][15915.473s][info][gc,phases   ] GC(3285)   Pre Evacuate Collection Set: 0.2ms
[2024-05-30T14:59:36.054+0000][15915.473s][info][gc,phases   ] GC(3285)   Merge Heap Roots: 0.2ms
[2024-05-30T14:59:36.054+0000][15915.473s][info][gc,phases   ] GC(3285)   Evacuate Collection Set: 52.7ms
[2024-05-30T14:59:36.054+0000][15915.473s][info][gc,phases   ] GC(3285)   Post Evacuate Collection Set: 18.4ms
[2024-05-30T14:59:36.054+0000][15915.473s][info][gc,phases   ] GC(3285)   Other: 0.2ms
[2024-05-30T14:59:36.054+0000][15915.473s][info][gc,heap     ] GC(3285) Eden regions: 774->0(768)
[2024-05-30T14:59:36.054+0000][15915.473s][info][gc,heap     ] GC(3285) Survivor regions: 3->8(98)
[2024-05-30T14:59:36.054+0000][15915.473s][info][gc,heap     ] GC(3285) Old regions: 391->391
[2024-05-30T14:59:36.054+0000][15915.473s][info][gc,heap     ] GC(3285) Archive regions: 2->2
[2024-05-30T14:59:36.054+0000][15915.473s][info][gc,heap     ] GC(3285) Humongous regions: 40->40
[2024-05-30T14:59:36.054+0000][15915.473s][info][gc,metaspace] GC(3285) Metaspace: 435354K(441408K)->435354K(441408K) NonClass: 381241K(384576K)->381241K(384576K) Class: 54113K(56832K)->54113K(56832K)
[2024-05-30T14:59:36.054+0000][15915.473s][info][gc          ] GC(3285) Pause Young (Normal) (G1 Evacuation Pause) 9667M->3510M(12288M) 71.711ms
[2024-05-30T14:59:36.054+0000][15915.473s][info][gc,cpu      ] GC(3285) User=0.41s Sys=0.00s Real=0.07s
[2024-05-30T14:59:38.567+0000][15917.986s][info][gc,start    ] GC(3286) Pause Young (Normal) (G1 Evacuation Pause)
[2024-05-30T14:59:38.567+0000][15917.986s][info][gc,task     ] GC(3286) Using 6 workers of 6 for evacuation
[2024-05-30T14:59:38.673+0000][15918.092s][info][gc,phases   ] GC(3286)   Pre Evacuate Collection Set: 0.2ms
[2024-05-30T14:59:38.673+0000][15918.092s][info][gc,phases   ] GC(3286)   Merge Heap Roots: 0.3ms
[2024-05-30T14:59:38.673+0000][15918.092s][info][gc,phases   ] GC(3286)   Evacuate Collection Set: 80.6ms
[2024-05-30T14:59:38.673+0000][15918.092s][info][gc,phases   ] GC(3286)   Post Evacuate Collection Set: 24.6ms
[2024-05-30T14:59:38.673+0000][15918.092s][info][gc,phases   ] GC(3286)   Other: 0.2ms
[2024-05-30T14:59:38.673+0000][15918.092s][info][gc,heap     ] GC(3286) Eden regions: 768->0(760)
[2024-05-30T14:59:38.673+0000][15918.092s][info][gc,heap     ] GC(3286) Survivor regions: 8->14(97)
[2024-05-30T14:59:38.673+0000][15918.092s][info][gc,heap     ] GC(3286) Old regions: 391->391
[2024-05-30T14:59:38.673+0000][15918.092s][info][gc,heap     ] GC(3286) Archive regions: 2->2
[2024-05-30T14:59:38.673+0000][15918.092s][info][gc,heap     ] GC(3286) Humongous regions: 40->40
[2024-05-30T14:59:38.673+0000][15918.092s][info][gc,metaspace] GC(3286) Metaspace: 435354K(441408K)->435354K(441408K) NonClass: 381241K(384576K)->381241K(384576K) Class: 54113K(56832K)->54113K(56832K)
[2024-05-30T14:59:38.673+0000][15918.092s][info][gc          ] GC(3286) Pause Young (Normal) (G1 Evacuation Pause) 9654M->3560M(12288M) 105.892ms
[2024-05-30T14:59:38.673+0000][15918.092s][info][gc,cpu      ] GC(3286) User=0.62s Sys=0.00s Real=0.11s
[2024-05-30T14:59:41.356+0000][15920.775s][info][gc,start    ] GC(3287) Pause Young (Concurrent Start) (G1 Evacuation Pause)
[2024-05-30T14:59:41.356+0000][15920.775s][info][gc,task     ] GC(3287) Using 6 workers of 6 for evacuation
[2024-05-30T14:59:41.463+0000][15920.882s][info][gc,phases   ] GC(3287)   Pre Evacuate Collection Set: 0.5ms
[2024-05-30T14:59:41.463+0000][15920.882s][info][gc,phases   ] GC(3287)   Merge Heap Roots: 0.4ms
[2024-05-30T14:59:41.463+0000][15920.882s][info][gc,phases   ] GC(3287)   Evacuate Collection Set: 87.0ms
[2024-05-30T14:59:41.463+0000][15920.882s][info][gc,phases   ] GC(3287)   Post Evacuate Collection Set: 19.1ms
[2024-05-30T14:59:41.463+0000][15920.882s][info][gc,phases   ] GC(3287)   Other: 0.3ms
[2024-05-30T14:59:41.463+0000][15920.882s][info][gc,heap     ] GC(3287) Eden regions: 760->0(759)
[2024-05-30T14:59:41.463+0000][15920.882s][info][gc,heap     ] GC(3287) Survivor regions: 14->17(97)
[2024-05-30T14:59:41.463+0000][15920.882s][info][gc,heap     ] GC(3287) Old regions: 391->391
[2024-05-30T14:59:41.463+0000][15920.882s][info][gc,heap     ] GC(3287) Archive regions: 2->2
[2024-05-30T14:59:41.463+0000][15920.882s][info][gc,heap     ] GC(3287) Humongous regions: 40->40
[2024-05-30T14:59:41.463+0000][15920.882s][info][gc,metaspace] GC(3287) Metaspace: 435354K(441408K)->435354K(441408K) NonClass: 381241K(384576K)->381241K(384576K) Class: 54113K(56832K)->54113K(56832K)
[2024-05-30T14:59:41.463+0000][15920.882s][info][gc          ] GC(3287) Pause Young (Concurrent Start) (G1 Evacuation Pause) 9640M->3587M(12288M) 107.402ms
[2024-05-30T14:59:41.463+0000][15920.882s][info][gc,cpu      ] GC(3287) User=0.62s Sys=0.00s Real=0.11s
[2024-05-30T14:59:41.463+0000][15920.882s][info][gc          ] GC(3288) Concurrent Mark Cycle
[2024-05-30T14:59:41.463+0000][15920.882s][info][gc,marking  ] GC(3288) Concurrent Clear Claimed Marks
[2024-05-30T14:59:41.463+0000][15920.883s][info][gc,marking  ] GC(3288) Concurrent Clear Claimed Marks 0.413ms
[2024-05-30T14:59:41.463+0000][15920.883s][info][gc,marking  ] GC(3288) Concurrent Scan Root Regions
[2024-05-30T14:59:41.543+0000][15920.962s][info][gc,marking  ] GC(3288) Concurrent Scan Root Regions 79.291ms
[2024-05-30T14:59:41.543+0000][15920.962s][info][gc,marking  ] GC(3288) Concurrent Mark
[2024-05-30T14:59:41.543+0000][15920.962s][info][gc,marking  ] GC(3288) Concurrent Mark From Roots
[2024-05-30T14:59:41.543+0000][15920.962s][info][gc,task     ] GC(3288) Using 2 workers of 2 for marking
[2024-05-30T14:59:43.830+0000][15923.249s][info][gc,marking  ] GC(3288) Concurrent Mark From Roots 2287.133ms
[2024-05-30T14:59:43.830+0000][15923.249s][info][gc,marking  ] GC(3288) Concurrent Preclean
[2024-05-30T14:59:43.831+0000][15923.250s][info][gc,marking  ] GC(3288) Concurrent Preclean 1.279ms
[2024-05-30T14:59:43.831+0000][15923.251s][info][gc,start    ] GC(3288) Pause Remark
[2024-05-30T14:59:43.856+0000][15923.275s][info][gc          ] GC(3288) Pause Remark 8864M->8864M(12288M) 24.764ms
[2024-05-30T14:59:43.856+0000][15923.275s][info][gc,cpu      ] GC(3288) User=0.11s Sys=0.00s Real=0.02s
[2024-05-30T14:59:43.856+0000][15923.276s][info][gc,marking  ] GC(3288) Concurrent Mark 2313.586ms
[2024-05-30T14:59:43.856+0000][15923.276s][info][gc,marking  ] GC(3288) Concurrent Rebuild Remembered Sets
[2024-05-30T14:59:44.204+0000][15923.623s][info][gc,start    ] GC(3289) Pause Young (Normal) (G1 Evacuation Pause)
[2024-05-30T14:59:44.204+0000][15923.623s][info][gc,task     ] GC(3289) Using 6 workers of 6 for evacuation
[2024-05-30T14:59:44.324+0000][15923.743s][info][gc,phases   ] GC(3289)   Pre Evacuate Collection Set: 0.2ms
[2024-05-30T14:59:44.324+0000][15923.743s][info][gc,phases   ] GC(3289)   Merge Heap Roots: 0.4ms
[2024-05-30T14:59:44.324+0000][15923.743s][info][gc,phases   ] GC(3289)   Evacuate Collection Set: 98.6ms
[2024-05-30T14:59:44.324+0000][15923.743s][info][gc,phases   ] GC(3289)   Post Evacuate Collection Set: 20.6ms
[2024-05-30T14:59:44.324+0000][15923.743s][info][gc,phases   ] GC(3289)   Other: 0.2ms
[2024-05-30T14:59:44.324+0000][15923.743s][info][gc,heap     ] GC(3289) Eden regions: 759->0(749)
[2024-05-30T14:59:44.324+0000][15923.743s][info][gc,heap     ] GC(3289) Survivor regions: 17->23(97)
[2024-05-30T14:59:44.324+0000][15923.743s][info][gc,heap     ] GC(3289) Old regions: 391->391
[2024-05-30T14:59:44.324+0000][15923.743s][info][gc,heap     ] GC(3289) Archive regions: 2->2
[2024-05-30T14:59:44.324+0000][15923.743s][info][gc,heap     ] GC(3289) Humongous regions: 40->40
[2024-05-30T14:59:44.324+0000][15923.743s][info][gc,metaspace] GC(3289) Metaspace: 435354K(441408K)->435354K(441408K) NonClass: 381241K(384576K)->381241K(384576K) Class: 54113K(56832K)->54113K(56832K)
[2024-05-30T14:59:44.324+0000][15923.743s][info][gc          ] GC(3289) Pause Young (Normal) (G1 Evacuation Pause) 9659M->3631M(12288M) 120.134ms
[2024-05-30T14:59:44.324+0000][15923.743s][info][gc,cpu      ] GC(3289) User=0.70s Sys=0.00s Real=0.12s
[2024-05-30T14:59:45.238+0000][15924.657s][info][gc,marking  ] GC(3288) Concurrent Rebuild Remembered Sets 1381.589ms
[2024-05-30T14:59:45.238+0000][15924.657s][info][gc,start    ] GC(3288) Pause Cleanup
[2024-05-30T14:59:45.239+0000][15924.658s][info][gc          ] GC(3288) Pause Cleanup 5763M->5763M(12288M) 0.647ms
[2024-05-30T14:59:45.239+0000][15924.658s][info][gc,cpu      ] GC(3288) User=0.00s Sys=0.00s Real=0.00s
[2024-05-30T14:59:45.239+0000][15924.658s][info][gc,marking  ] GC(3288) Concurrent Cleanup for Next Mark
[2024-05-30T14:59:45.255+0000][15924.675s][info][gc,marking  ] GC(3288) Concurrent Cleanup for Next Mark 16.332ms
[2024-05-30T14:59:45.255+0000][15924.675s][info][gc          ] GC(3288) Concurrent Mark Cycle 3792.365ms
[2024-05-30T14:59:46.732+0000][15926.151s][info][gc,start    ] GC(3290) Pause Young (Prepare Mixed) (G1 Evacuation Pause)
[2024-05-30T14:59:46.732+0000][15926.151s][info][gc,task     ] GC(3290) Using 6 workers of 6 for evacuation
[2024-05-30T14:59:46.876+0000][15926.295s][info][gc,phases   ] GC(3290)   Pre Evacuate Collection Set: 0.2ms
[2024-05-30T14:59:46.876+0000][15926.295s][info][gc,phases   ] GC(3290)   Merge Heap Roots: 0.8ms
[2024-05-30T14:59:46.876+0000][15926.295s][info][gc,phases   ] GC(3290)   Evacuate Collection Set: 120.7ms
[2024-05-30T14:59:46.876+0000][15926.295s][info][gc,phases   ] GC(3290)   Post Evacuate Collection Set: 22.4ms
[2024-05-30T14:59:46.876+0000][15926.295s][info][gc,phases   ] GC(3290)   Other: 0.2ms
[2024-05-30T14:59:46.876+0000][15926.295s][info][gc,heap     ] GC(3290) Eden regions: 749->0(49)
[2024-05-30T14:59:46.876+0000][15926.295s][info][gc,heap     ] GC(3290) Survivor regions: 23->27(97)
[2024-05-30T14:59:46.876+0000][15926.295s][info][gc,heap     ] GC(3290) Old regions: 391->391
[2024-05-30T14:59:46.876+0000][15926.295s][info][gc,heap     ] GC(3290) Archive regions: 2->2
[2024-05-30T14:59:46.876+0000][15926.295s][info][gc,heap     ] GC(3290) Humongous regions: 40->40
[2024-05-30T14:59:46.876+0000][15926.295s][info][gc,metaspace] GC(3290) Metaspace: 435354K(441408K)->435354K(441408K) NonClass: 381241K(384576K)->381241K(384576K) Class: 54113K(56832K)->54113K(56832K)
[2024-05-30T14:59:46.876+0000][15926.295s][info][gc          ] GC(3290) Pause Young (Prepare Mixed) (G1 Evacuation Pause) 9623M->3663M(12288M) 144.343ms
[2024-05-30T14:59:46.876+0000][15926.295s][info][gc,cpu      ] GC(3290) User=0.84s Sys=0.00s Real=0.14s
[2024-05-30T14:59:47.023+0000][15926.443s][info][gc,start    ] GC(3291) Pause Young (Mixed) (G1 Evacuation Pause)
[2024-05-30T14:59:47.023+0000][15926.443s][info][gc,task     ] GC(3291) Using 6 workers of 6 for evacuation
[2024-05-30T14:59:47.166+0000][15926.586s][info][gc,phases   ] GC(3291)   Pre Evacuate Collection Set: 0.2ms
[2024-05-30T14:59:47.166+0000][15926.586s][info][gc,phases   ] GC(3291)   Merge Heap Roots: 0.5ms
[2024-05-30T14:59:47.166+0000][15926.586s][info][gc,phases   ] GC(3291)   Evacuate Collection Set: 139.3ms
[2024-05-30T14:59:47.166+0000][15926.586s][info][gc,phases   ] GC(3291)   Post Evacuate Collection Set: 2.8ms
[2024-05-30T14:59:47.166+0000][15926.586s][info][gc,phases   ] GC(3291)   Other: 0.2ms
[2024-05-30T14:59:47.166+0000][15926.586s][info][gc,heap     ] GC(3291) Eden regions: 49->0(760)
[2024-05-30T14:59:47.166+0000][15926.586s][info][gc,heap     ] GC(3291) Survivor regions: 27->3(10)
[2024-05-30T14:59:47.166+0000][15926.586s][info][gc,heap     ] GC(3291) Old regions: 391->405
[2024-05-30T14:59:47.166+0000][15926.586s][info][gc,heap     ] GC(3291) Archive regions: 2->2
[2024-05-30T14:59:47.166+0000][15926.586s][info][gc,heap     ] GC(3291) Humongous regions: 40->40
[2024-05-30T14:59:47.166+0000][15926.586s][info][gc,metaspace] GC(3291) Metaspace: 435354K(441408K)->435354K(441408K) NonClass: 381241K(384576K)->381241K(384576K) Class: 54113K(56832K)->54113K(56832K)
[2024-05-30T14:59:47.166+0000][15926.586s][info][gc          ] GC(3291) Pause Young (Mixed) (G1 Evacuation Pause) 4055M->3583M(12288M) 143.146ms
[2024-05-30T14:59:47.167+0000][15926.586s][info][gc,cpu      ] GC(3291) User=0.85s Sys=0.00s Real=0.14s
[2024-05-30T14:59:49.421+0000][15928.840s][info][gc,start    ] GC(3292) Pause Young (Normal) (G1 Evacuation Pause)
[2024-05-30T14:59:49.421+0000][15928.841s][info][gc,task     ] GC(3292) Using 6 workers of 6 for evacuation
[2024-05-30T14:59:49.485+0000][15928.904s][info][gc,phases   ] GC(3292)   Pre Evacuate Collection Set: 0.2ms
[2024-05-30T14:59:49.485+0000][15928.904s][info][gc,phases   ] GC(3292)   Merge Heap Roots: 0.3ms
[2024-05-30T14:59:49.485+0000][15928.904s][info][gc,phases   ] GC(3292)   Evacuate Collection Set: 47.5ms
[2024-05-30T14:59:49.485+0000][15928.904s][info][gc,phases   ] GC(3292)   Post Evacuate Collection Set: 15.7ms
[2024-05-30T14:59:49.485+0000][15928.904s][info][gc,phases   ] GC(3292)   Other: 0.2ms
[2024-05-30T14:59:49.485+0000][15928.904s][info][gc,heap     ] GC(3292) Eden regions: 760->0(758)
[2024-05-30T14:59:49.485+0000][15928.904s][info][gc,heap     ] GC(3292) Survivor regions: 3->6(96)
[2024-05-30T14:59:49.485+0000][15928.904s][info][gc,heap     ] GC(3292) Old regions: 405->405
[2024-05-30T14:59:49.485+0000][15928.904s][info][gc,heap     ] GC(3292) Archive regions: 2->2
[2024-05-30T14:59:49.485+0000][15928.904s][info][gc,heap     ] GC(3292) Humongous regions: 40->40
[2024-05-30T14:59:49.485+0000][15928.904s][info][gc,metaspace] GC(3292) Metaspace: 435354K(441408K)->435354K(441408K) NonClass: 381241K(384576K)->381241K(384576K) Class: 54113K(56832K)->54113K(56832K)
[2024-05-30T14:59:49.485+0000][15928.904s][info][gc          ] GC(3292) Pause Young (Normal) (G1 Evacuation Pause) 9663M->3605M(12288M) 63.988ms
[2024-05-30T14:59:49.485+0000][15928.905s][info][gc,cpu      ] GC(3292) User=0.37s Sys=0.00s Real=0.06s
[2024-05-30T14:59:51.735+0000][15931.154s][info][gc,start    ] GC(3293) Pause Young (Normal) (G1 Evacuation Pause)
[2024-05-30T14:59:51.735+0000][15931.154s][info][gc,task     ] GC(3293) Using 6 workers of 6 for evacuation
[2024-05-30T14:59:51.817+0000][15931.236s][info][gc,phases   ] GC(3293)   Pre Evacuate Collection Set: 0.2ms
[2024-05-30T14:59:51.817+0000][15931.236s][info][gc,phases   ] GC(3293)   Merge Heap Roots: 0.4ms
[2024-05-30T14:59:51.817+0000][15931.236s][info][gc,phases   ] GC(3293)   Evacuate Collection Set: 64.0ms
[2024-05-30T14:59:51.817+0000][15931.236s][info][gc,phases   ] GC(3293)   Post Evacuate Collection Set: 17.2ms
[2024-05-30T14:59:51.817+0000][15931.236s][info][gc,phases   ] GC(3293)   Other: 0.2ms
[2024-05-30T14:59:51.817+0000][15931.236s][info][gc,heap     ] GC(3293) Eden regions: 758->0(754)
[2024-05-30T14:59:51.817+0000][15931.236s][info][gc,heap     ] GC(3293) Survivor regions: 6->10(96)
[2024-05-30T14:59:51.817+0000][15931.236s][info][gc,heap     ] GC(3293) Old regions: 405->405
[2024-05-30T14:59:51.817+0000][15931.236s][info][gc,heap     ] GC(3293) Archive regions: 2->2
[2024-05-30T14:59:51.817+0000][15931.236s][info][gc,heap     ] GC(3293) Humongous regions: 40->40
[2024-05-30T14:59:51.817+0000][15931.236s][info][gc,metaspace] GC(3293) Metaspace: 435354K(441408K)->435354K(441408K) NonClass: 381241K(384576K)->381241K(384576K) Class: 54113K(56832K)->54113K(56832K)
[2024-05-30T14:59:51.817+0000][15931.236s][info][gc          ] GC(3293) Pause Young (Normal) (G1 Evacuation Pause) 9669M->3635M(12288M) 82.034ms
[2024-05-30T14:59:51.817+0000][15931.236s][info][gc,cpu      ] GC(3293) User=0.48s Sys=0.00s Real=0.09s
[2024-05-30T14:59:54.029+0000][15933.449s][info][gc,start    ] GC(3294) Pause Young (Concurrent Start) (G1 Evacuation Pause)
[2024-05-30T14:59:54.029+0000][15933.449s][info][gc,task     ] GC(3294) Using 6 workers of 6 for evacuation
[2024-05-30T14:59:54.116+0000][15933.535s][info][gc,phases   ] GC(3294)   Pre Evacuate Collection Set: 0.5ms
[2024-05-30T14:59:54.116+0000][15933.535s][info][gc,phases   ] GC(3294)   Merge Heap Roots: 0.4ms
[2024-05-30T14:59:54.116+0000][15933.535s][info][gc,phases   ] GC(3294)   Evacuate Collection Set: 69.1ms
[2024-05-30T14:59:54.116+0000][15933.535s][info][gc,phases   ] GC(3294)   Post Evacuate Collection Set: 16.3ms
[2024-05-30T14:59:54.116+0000][15933.535s][info][gc,phases   ] GC(3294)   Other: 0.3ms
[2024-05-30T14:59:54.116+0000][15933.535s][info][gc,heap     ] GC(3294) Eden regions: 754->0(751)
[2024-05-30T14:59:54.116+0000][15933.535s][info][gc,heap     ] GC(3294) Survivor regions: 10->13(96)
[2024-05-30T14:59:54.116+0000][15933.535s][info][gc,heap     ] GC(3294) Old regions: 405->405
[2024-05-30T14:59:54.116+0000][15933.535s][info][gc,heap     ] GC(3294) Archive regions: 2->2
[2024-05-30T14:59:54.116+0000][15933.535s][info][gc,heap     ] GC(3294) Humongous regions: 40->40
[2024-05-30T14:59:54.116+0000][15933.535s][info][gc,metaspace] GC(3294) Metaspace: 435354K(441408K)->435354K(441408K) NonClass: 381241K(384576K)->381241K(384576K) Class: 54113K(56832K)->54113K(56832K)
[2024-05-30T14:59:54.116+0000][15933.535s][info][gc          ] GC(3294) Pause Young (Concurrent Start) (G1 Evacuation Pause) 9667M->3661M(12288M) 86.687ms
[2024-05-30T14:59:54.116+0000][15933.535s][info][gc,cpu      ] GC(3294) User=0.50s Sys=0.00s Real=0.08s
[2024-05-30T14:59:54.116+0000][15933.535s][info][gc          ] GC(3295) Concurrent Mark Cycle
[2024-05-30T14:59:54.116+0000][15933.535s][info][gc,marking  ] GC(3295) Concurrent Clear Claimed Marks
[2024-05-30T14:59:54.117+0000][15933.536s][info][gc,marking  ] GC(3295) Concurrent Clear Claimed Marks 0.415ms
[2024-05-30T14:59:54.117+0000][15933.536s][info][gc,marking  ] GC(3295) Concurrent Scan Root Regions
[2024-05-30T14:59:54.146+0000][15933.565s][info][gc,marking  ] GC(3295) Concurrent Scan Root Regions 29.487ms
[2024-05-30T14:59:54.146+0000][15933.565s][info][gc,marking  ] GC(3295) Concurrent Mark
[2024-05-30T14:59:54.146+0000][15933.565s][info][gc,marking  ] GC(3295) Concurrent Mark From Roots
[2024-05-30T14:59:54.146+0000][15933.565s][info][gc,task     ] GC(3295) Using 2 workers of 2 for marking
[2024-05-30T14:59:56.375+0000][15935.794s][info][gc,marking  ] GC(3295) Concurrent Mark From Roots 2228.773ms
[2024-05-30T14:59:56.375+0000][15935.794s][info][gc,marking  ] GC(3295) Concurrent Preclean
[2024-05-30T14:59:56.376+0000][15935.796s][info][gc,marking  ] GC(3295) Concurrent Preclean 1.386ms
[2024-05-30T14:59:56.376+0000][15935.796s][info][gc,start    ] GC(3295) Pause Remark
[2024-05-30T14:59:56.401+0000][15935.820s][info][gc          ] GC(3295) Pause Remark 9637M->9637M(12288M) 24.429ms
[2024-05-30T14:59:56.401+0000][15935.820s][info][gc,cpu      ] GC(3295) User=0.11s Sys=0.00s Real=0.02s
[2024-05-30T14:59:56.401+0000][15935.820s][info][gc,marking  ] GC(3295) Concurrent Mark 2254.883ms
[2024-05-30T14:59:56.401+0000][15935.820s][info][gc,marking  ] GC(3295) Concurrent Rebuild Remembered Sets
[2024-05-30T14:59:56.416+0000][15935.835s][info][gc,start    ] GC(3296) Pause Young (Normal) (G1 Evacuation Pause)
[2024-05-30T14:59:56.416+0000][15935.835s][info][gc,task     ] GC(3296) Using 6 workers of 6 for evacuation
[2024-05-30T14:59:56.483+0000][15935.903s][info][gc,phases   ] GC(3296)   Pre Evacuate Collection Set: 0.2ms
[2024-05-30T14:59:56.483+0000][15935.903s][info][gc,phases   ] GC(3296)   Merge Heap Roots: 0.4ms
[2024-05-30T14:59:56.483+0000][15935.903s][info][gc,phases   ] GC(3296)   Evacuate Collection Set: 57.8ms
[2024-05-30T14:59:56.483+0000][15935.903s][info][gc,phases   ] GC(3296)   Post Evacuate Collection Set: 8.7ms
[2024-05-30T14:59:56.483+0000][15935.903s][info][gc,phases   ] GC(3296)   Other: 0.2ms
[2024-05-30T14:59:56.483+0000][15935.903s][info][gc,heap     ] GC(3296) Eden regions: 751->0(751)
[2024-05-30T14:59:56.483+0000][15935.903s][info][gc,heap     ] GC(3296) Survivor regions: 13->15(96)
[2024-05-30T14:59:56.483+0000][15935.903s][info][gc,heap     ] GC(3296) Old regions: 405->405
[2024-05-30T14:59:56.483+0000][15935.903s][info][gc,heap     ] GC(3296) Archive regions: 2->2
[2024-05-30T14:59:56.483+0000][15935.903s][info][gc,heap     ] GC(3296) Humongous regions: 40->40
[2024-05-30T14:59:56.483+0000][15935.903s][info][gc,metaspace] GC(3296) Metaspace: 435354K(441408K)->435354K(441408K) NonClass: 381241K(384576K)->381241K(384576K) Class: 54113K(56832K)->54113K(56832K)
[2024-05-30T14:59:56.483+0000][15935.903s][info][gc          ] GC(3296) Pause Young (Normal) (G1 Evacuation Pause) 9669M->3676M(12288M) 67.267ms
[2024-05-30T14:59:56.484+0000][15935.903s][info][gc,cpu      ] GC(3296) User=0.39s Sys=0.00s Real=0.07s
[2024-05-30T14:59:57.718+0000][15937.137s][info][gc,marking  ] GC(3295) Concurrent Rebuild Remembered Sets 1316.746ms
[2024-05-30T14:59:57.718+0000][15937.137s][info][gc,start    ] GC(3295) Pause Cleanup
[2024-05-30T14:59:57.719+0000][15937.138s][info][gc          ] GC(3295) Pause Cleanup 5436M->5436M(12288M) 0.632ms
[2024-05-30T14:59:57.719+0000][15937.138s][info][gc,cpu      ] GC(3295) User=0.00s Sys=0.00s Real=0.00s
[2024-05-30T14:59:57.719+0000][15937.138s][info][gc,marking  ] GC(3295) Concurrent Cleanup for Next Mark
[2024-05-30T14:59:57.736+0000][15937.155s][info][gc,marking  ] GC(3295) Concurrent Cleanup for Next Mark 17.045ms
[2024-05-30T14:59:57.736+0000][15937.155s][info][gc          ] GC(3295) Concurrent Mark Cycle 3619.604ms
[2024-05-30T15:00:07.418+0000][15946.837s][info][gc,start    ] GC(3297) Pause Young (Prepare Mixed) (G1 Evacuation Pause)
[2024-05-30T15:00:07.418+0000][15946.837s][info][gc,task     ] GC(3297) Using 6 workers of 6 for evacuation
[2024-05-30T15:00:07.489+0000][15946.909s][info][gc,phases   ] GC(3297)   Pre Evacuate Collection Set: 0.2ms
[2024-05-30T15:00:07.489+0000][15946.909s][info][gc,phases   ] GC(3297)   Merge Heap Roots: 0.6ms
[2024-05-30T15:00:07.489+0000][15946.909s][info][gc,phases   ] GC(3297)   Evacuate Collection Set: 63.0ms
[2024-05-30T15:00:07.489+0000][15946.909s][info][gc,phases   ] GC(3297)   Post Evacuate Collection Set: 7.6ms
[2024-05-30T15:00:07.489+0000][15946.909s][info][gc,phases   ] GC(3297)   Other: 0.2ms
[2024-05-30T15:00:07.489+0000][15946.909s][info][gc,heap     ] GC(3297) Eden regions: 751->0(59)
[2024-05-30T15:00:07.489+0000][15946.909s][info][gc,heap     ] GC(3297) Survivor regions: 15->17(96)
[2024-05-30T15:00:07.489+0000][15946.909s][info][gc,heap     ] GC(3297) Old regions: 405->405
[2024-05-30T15:00:07.489+0000][15946.909s][info][gc,heap     ] GC(3297) Archive regions: 2->2
[2024-05-30T15:00:07.489+0000][15946.909s][info][gc,heap     ] GC(3297) Humongous regions: 40->40
[2024-05-30T15:00:07.489+0000][15946.909s][info][gc,metaspace] GC(3297) Metaspace: 435362K(441408K)->435362K(441408K) NonClass: 381249K(384576K)->381249K(384576K) Class: 54113K(56832K)->54113K(56832K)
[2024-05-30T15:00:07.490+0000][15946.909s][info][gc          ] GC(3297) Pause Young (Prepare Mixed) (G1 Evacuation Pause) 9684M->3695M(12288M) 71.639ms
[2024-05-30T15:00:07.490+0000][15946.909s][info][gc,cpu      ] GC(3297) User=0.42s Sys=0.00s Real=0.07s
[2024-05-30T15:00:08.514+0000][15947.934s][info][gc,start    ] GC(3298) Pause Young (Mixed) (G1 Evacuation Pause)
[2024-05-30T15:00:08.514+0000][15947.934s][info][gc,task     ] GC(3298) Using 6 workers of 6 for evacuation
[2024-05-30T15:00:08.609+0000][15948.028s][info][gc,phases   ] GC(3298)   Pre Evacuate Collection Set: 0.2ms
[2024-05-30T15:00:08.609+0000][15948.028s][info][gc,phases   ] GC(3298)   Merge Heap Roots: 0.5ms
[2024-05-30T15:00:08.609+0000][15948.028s][info][gc,phases   ] GC(3298)   Evacuate Collection Set: 91.9ms
[2024-05-30T15:00:08.609+0000][15948.028s][info][gc,phases   ] GC(3298)   Post Evacuate Collection Set: 1.6ms
[2024-05-30T15:00:08.609+0000][15948.028s][info][gc,phases   ] GC(3298)   Other: 0.2ms
[2024-05-30T15:00:08.609+0000][15948.028s][info][gc,heap     ] GC(3298) Eden regions: 59->0(763)
[2024-05-30T15:00:08.609+0000][15948.028s][info][gc,heap     ] GC(3298) Survivor regions: 17->7(10)
[2024-05-30T15:00:08.609+0000][15948.028s][info][gc,heap     ] GC(3298) Old regions: 405->400
[2024-05-30T15:00:08.609+0000][15948.028s][info][gc,heap     ] GC(3298) Archive regions: 2->2
[2024-05-30T15:00:08.609+0000][15948.028s][info][gc,heap     ] GC(3298) Humongous regions: 40->40
[2024-05-30T15:00:08.609+0000][15948.028s][info][gc,metaspace] GC(3298) Metaspace: 435362K(441408K)->435362K(441408K) NonClass: 381249K(384576K)->381249K(384576K) Class: 54113K(56832K)->54113K(56832K)
[2024-05-30T15:00:08.609+0000][15948.028s][info][gc          ] GC(3298) Pause Young (Mixed) (G1 Evacuation Pause) 4167M->3573M(12288M) 94.403ms
[2024-05-30T15:00:08.609+0000][15948.028s][info][gc,cpu      ] GC(3298) User=0.56s Sys=0.00s Real=0.10s
[2024-05-30T15:00:22.169+0000][15961.588s][info][gc,start    ] GC(3299) Pause Young (Normal) (G1 Evacuation Pause)
[2024-05-30T15:00:22.169+0000][15961.588s][info][gc,task     ] GC(3299) Using 6 workers of 6 for evacuation
[2024-05-30T15:00:22.195+0000][15961.614s][info][gc,phases   ] GC(3299)   Pre Evacuate Collection Set: 0.2ms
[2024-05-30T15:00:22.195+0000][15961.614s][info][gc,phases   ] GC(3299)   Merge Heap Roots: 0.3ms
[2024-05-30T15:00:22.195+0000][15961.614s][info][gc,phases   ] GC(3299)   Evacuate Collection Set: 23.4ms
[2024-05-30T15:00:22.195+0000][15961.614s][info][gc,phases   ] GC(3299)   Post Evacuate Collection Set: 2.2ms
[2024-05-30T15:00:22.195+0000][15961.614s][info][gc,phases   ] GC(3299)   Other: 0.2ms
[2024-05-30T15:00:22.195+0000][15961.614s][info][gc,heap     ] GC(3299) Eden regions: 763->0(759)
[2024-05-30T15:00:22.195+0000][15961.614s][info][gc,heap     ] GC(3299) Survivor regions: 7->11(97)
[2024-05-30T15:00:22.195+0000][15961.614s][info][gc,heap     ] GC(3299) Old regions: 400->400
[2024-05-30T15:00:22.195+0000][15961.614s][info][gc,heap     ] GC(3299) Archive regions: 2->2
[2024-05-30T15:00:22.195+0000][15961.614s][info][gc,heap     ] GC(3299) Humongous regions: 40->40
[2024-05-30T15:00:22.195+0000][15961.614s][info][gc,metaspace] GC(3299) Metaspace: 435362K(441408K)->435362K(441408K) NonClass: 381249K(384576K)->381249K(384576K) Class: 54113K(56832K)->54113K(56832K)
[2024-05-30T15:00:22.195+0000][15961.614s][info][gc          ] GC(3299) Pause Young (Normal) (G1 Evacuation Pause) 9677M->3603M(12288M) 26.277ms
[2024-05-30T15:00:22.195+0000][15961.614s][info][gc,cpu      ] GC(3299) User=0.16s Sys=0.00s Real=0.02s
[2024-05-30T15:00:35.129+0000][15974.548s][info][gc,start    ] GC(3300) Pause Young (Normal) (G1 Evacuation Pause)
[2024-05-30T15:00:35.129+0000][15974.548s][info][gc,task     ] GC(3300) Using 6 workers of 6 for evacuation
[2024-05-30T15:00:35.165+0000][15974.584s][info][gc,phases   ] GC(3300)   Pre Evacuate Collection Set: 0.2ms
[2024-05-30T15:00:35.165+0000][15974.584s][info][gc,phases   ] GC(3300)   Merge Heap Roots: 0.2ms
[2024-05-30T15:00:35.165+0000][15974.585s][info][gc,phases   ] GC(3300)   Evacuate Collection Set: 33.7ms
[2024-05-30T15:00:35.165+0000][15974.585s][info][gc,phases   ] GC(3300)   Post Evacuate Collection Set: 2.2ms
[2024-05-30T15:00:35.165+0000][15974.585s][info][gc,phases   ] GC(3300)   Other: 0.2ms
[2024-05-30T15:00:35.165+0000][15974.585s][info][gc,heap     ] GC(3300) Eden regions: 759->0(756)
[2024-05-30T15:00:35.165+0000][15974.585s][info][gc,heap     ] GC(3300) Survivor regions: 11->14(97)
[2024-05-30T15:00:35.165+0000][15974.585s][info][gc,heap     ] GC(3300) Old regions: 400->400
[2024-05-30T15:00:35.165+0000][15974.585s][info][gc,heap     ] GC(3300) Archive regions: 2->2
[2024-05-30T15:00:35.165+0000][15974.585s][info][gc,heap     ] GC(3300) Humongous regions: 40->40
[2024-05-30T15:00:35.165+0000][15974.585s][info][gc,metaspace] GC(3300) Metaspace: 435362K(441408K)->435362K(441408K) NonClass: 381249K(384576K)->381249K(384576K) Class: 54113K(56832K)->54113K(56832K)
[2024-05-30T15:00:35.165+0000][15974.585s][info][gc          ] GC(3300) Pause Young (Normal) (G1 Evacuation Pause) 9675M->3630M(12288M) 36.581ms
[2024-05-30T15:00:35.165+0000][15974.585s][info][gc,cpu      ] GC(3300) User=0.21s Sys=0.00s Real=0.03s
[2024-05-30T15:00:47.488+0000][15986.907s][info][gc,start    ] GC(3301) Pause Young (Concurrent Start) (G1 Evacuation Pause)
[2024-05-30T15:00:47.488+0000][15986.907s][info][gc,task     ] GC(3301) Using 6 workers of 6 for evacuation
[2024-05-30T15:00:47.529+0000][15986.948s][info][gc,phases   ] GC(3301)   Pre Evacuate Collection Set: 0.5ms
[2024-05-30T15:00:47.529+0000][15986.949s][info][gc,phases   ] GC(3301)   Merge Heap Roots: 0.2ms
[2024-05-30T15:00:47.529+0000][15986.949s][info][gc,phases   ] GC(3301)   Evacuate Collection Set: 38.0ms
[2024-05-30T15:00:47.529+0000][15986.949s][info][gc,phases   ] GC(3301)   Post Evacuate Collection Set: 2.2ms
[2024-05-30T15:00:47.529+0000][15986.949s][info][gc,phases   ] GC(3301)   Other: 0.3ms
[2024-05-30T15:00:47.529+0000][15986.949s][info][gc,heap     ] GC(3301) Eden regions: 756->0(752)
[2024-05-30T15:00:47.529+0000][15986.949s][info][gc,heap     ] GC(3301) Survivor regions: 14->17(97)
[2024-05-30T15:00:47.529+0000][15986.949s][info][gc,heap     ] GC(3301) Old regions: 400->400
[2024-05-30T15:00:47.529+0000][15986.949s][info][gc,heap     ] GC(3301) Archive regions: 2->2
[2024-05-30T15:00:47.529+0000][15986.949s][info][gc,heap     ] GC(3301) Humongous regions: 40->40
[2024-05-30T15:00:47.529+0000][15986.949s][info][gc,metaspace] GC(3301) Metaspace: 435365K(441408K)->435365K(441408K) NonClass: 381251K(384576K)->381251K(384576K) Class: 54113K(56832K)->54113K(56832K)
[2024-05-30T15:00:47.529+0000][15986.949s][info][gc          ] GC(3301) Pause Young (Concurrent Start) (G1 Evacuation Pause) 9678M->3657M(12288M) 41.388ms
[2024-05-30T15:00:47.529+0000][15986.949s][info][gc,cpu      ] GC(3301) User=0.24s Sys=0.00s Real=0.05s
[2024-05-30T15:00:47.529+0000][15986.949s][info][gc          ] GC(3302) Concurrent Mark Cycle
[2024-05-30T15:00:47.529+0000][15986.949s][info][gc,marking  ] GC(3302) Concurrent Clear Claimed Marks
[2024-05-30T15:00:47.530+0000][15986.949s][info][gc,marking  ] GC(3302) Concurrent Clear Claimed Marks 0.362ms
[2024-05-30T15:00:47.530+0000][15986.949s][info][gc,marking  ] GC(3302) Concurrent Scan Root Regions
[2024-05-30T15:00:47.556+0000][15986.976s][info][gc,marking  ] GC(3302) Concurrent Scan Root Regions 26.547ms
[2024-05-30T15:00:47.556+0000][15986.976s][info][gc,marking  ] GC(3302) Concurrent Mark
[2024-05-30T15:00:47.556+0000][15986.976s][info][gc,marking  ] GC(3302) Concurrent Mark From Roots
[2024-05-30T15:00:47.556+0000][15986.976s][info][gc,task     ] GC(3302) Using 2 workers of 2 for marking
[2024-05-30T15:00:49.956+0000][15989.375s][info][gc,marking  ] GC(3302) Concurrent Mark From Roots 2399.164ms
[2024-05-30T15:00:49.956+0000][15989.375s][info][gc,marking  ] GC(3302) Concurrent Preclean
[2024-05-30T15:00:49.957+0000][15989.376s][info][gc,marking  ] GC(3302) Concurrent Preclean 1.613ms
[2024-05-30T15:00:49.957+0000][15989.377s][info][gc,start    ] GC(3302) Pause Remark
[2024-05-30T15:00:50.001+0000][15989.420s][info][gc          ] GC(3302) Pause Remark 4797M->4797M(12288M) 43.719ms
[2024-05-30T15:00:50.001+0000][15989.420s][info][gc,cpu      ] GC(3302) User=0.23s Sys=0.00s Real=0.04s
[2024-05-30T15:00:50.001+0000][15989.421s][info][gc,marking  ] GC(3302) Concurrent Mark 2444.882ms
[2024-05-30T15:00:50.001+0000][15989.421s][info][gc,marking  ] GC(3302) Concurrent Rebuild Remembered Sets
[2024-05-30T15:00:51.301+0000][15990.720s][info][gc,marking  ] GC(3302) Concurrent Rebuild Remembered Sets 1299.310ms
[2024-05-30T15:00:51.301+0000][15990.720s][info][gc,start    ] GC(3302) Pause Cleanup
[2024-05-30T15:00:51.301+0000][15990.721s][info][gc          ] GC(3302) Pause Cleanup 5429M->5429M(12288M) 0.641ms
[2024-05-30T15:00:51.301+0000][15990.721s][info][gc,cpu      ] GC(3302) User=0.00s Sys=0.00s Real=0.00s
[2024-05-30T15:00:51.302+0000][15990.721s][info][gc,marking  ] GC(3302) Concurrent Cleanup for Next Mark
[2024-05-30T15:00:51.319+0000][15990.738s][info][gc,marking  ] GC(3302) Concurrent Cleanup for Next Mark 17.124ms
[2024-05-30T15:00:51.319+0000][15990.738s][info][gc          ] GC(3302) Concurrent Mark Cycle 3789.308ms
[2024-05-30T15:01:00.176+0000][15999.595s][info][gc,start    ] GC(3303) Pause Young (Prepare Mixed) (G1 Evacuation Pause)
[2024-05-30T15:01:00.176+0000][15999.595s][info][gc,task     ] GC(3303) Using 6 workers of 6 for evacuation
[2024-05-30T15:01:00.221+0000][15999.641s][info][gc,phases   ] GC(3303)   Pre Evacuate Collection Set: 0.2ms
[2024-05-30T15:01:00.221+0000][15999.641s][info][gc,phases   ] GC(3303)   Merge Heap Roots: 0.3ms
[2024-05-30T15:01:00.221+0000][15999.641s][info][gc,phases   ] GC(3303)   Evacuate Collection Set: 42.3ms
[2024-05-30T15:01:00.221+0000][15999.641s][info][gc,phases   ] GC(3303)   Post Evacuate Collection Set: 2.3ms
[2024-05-30T15:01:00.221+0000][15999.641s][info][gc,phases   ] GC(3303)   Other: 0.2ms
[2024-05-30T15:01:00.221+0000][15999.641s][info][gc,heap     ] GC(3303) Eden regions: 752->0(55)
[2024-05-30T15:01:00.221+0000][15999.641s][info][gc,heap     ] GC(3303) Survivor regions: 17->21(97)
[2024-05-30T15:01:00.221+0000][15999.641s][info][gc,heap     ] GC(3303) Old regions: 400->400
[2024-05-30T15:01:00.221+0000][15999.641s][info][gc,heap     ] GC(3303) Archive regions: 2->2
[2024-05-30T15:01:00.222+0000][15999.641s][info][gc,heap     ] GC(3303) Humongous regions: 40->40
[2024-05-30T15:01:00.222+0000][15999.641s][info][gc,metaspace] GC(3303) Metaspace: 435369K(441408K)->435369K(441408K) NonClass: 381256K(384576K)->381256K(384576K) Class: 54113K(56832K)->54113K(56832K)
[2024-05-30T15:01:00.222+0000][15999.641s][info][gc          ] GC(3303) Pause Young (Prepare Mixed) (G1 Evacuation Pause) 9673M->3689M(12288M) 45.390ms
[2024-05-30T15:01:00.222+0000][15999.641s][info][gc,cpu      ] GC(3303) User=0.26s Sys=0.01s Real=0.05s
[2024-05-30T15:01:01.297+0000][16000.717s][info][gc,start    ] GC(3304) Pause Young (Mixed) (G1 Evacuation Pause)
[2024-05-30T15:01:01.297+0000][16000.717s][info][gc,task     ] GC(3304) Using 6 workers of 6 for evacuation
[2024-05-30T15:01:01.387+0000][16000.806s][info][gc,phases   ] GC(3304)   Pre Evacuate Collection Set: 0.2ms
[2024-05-30T15:01:01.387+0000][16000.806s][info][gc,phases   ] GC(3304)   Merge Heap Roots: 0.4ms
[2024-05-30T15:01:01.387+0000][16000.806s][info][gc,phases   ] GC(3304)   Evacuate Collection Set: 87.8ms
[2024-05-30T15:01:01.387+0000][16000.806s][info][gc,phases   ] GC(3304)   Post Evacuate Collection Set: 1.4ms
[2024-05-30T15:01:01.387+0000][16000.806s][info][gc,phases   ] GC(3304)   Other: 0.2ms
[2024-05-30T15:01:01.387+0000][16000.806s][info][gc,heap     ] GC(3304) Eden regions: 55->0(759)
[2024-05-30T15:01:01.387+0000][16000.807s][info][gc,heap     ] GC(3304) Survivor regions: 21->3(10)
[2024-05-30T15:01:01.387+0000][16000.807s][info][gc,heap     ] GC(3304) Old regions: 400->407
[2024-05-30T15:01:01.387+0000][16000.807s][info][gc,heap     ] GC(3304) Archive regions: 2->2
[2024-05-30T15:01:01.387+0000][16000.807s][info][gc,heap     ] GC(3304) Humongous regions: 40->40
[2024-05-30T15:01:01.387+0000][16000.807s][info][gc,metaspace] GC(3304) Metaspace: 435369K(441408K)->435369K(441408K) NonClass: 381256K(384576K)->381256K(384576K) Class: 54113K(56832K)->54113K(56832K)
[2024-05-30T15:01:01.387+0000][16000.807s][info][gc          ] GC(3304) Pause Young (Mixed) (G1 Evacuation Pause) 4129M->3601M(12288M) 90.046ms
[2024-05-30T15:01:01.387+0000][16000.807s][info][gc,cpu      ] GC(3304) User=0.53s Sys=0.00s Real=0.08s
[2024-05-30T15:01:13.591+0000][16013.011s][info][gc,start    ] GC(3305) Pause Young (Normal) (G1 Evacuation Pause)
[2024-05-30T15:01:13.591+0000][16013.011s][info][gc,task     ] GC(3305) Using 6 workers of 6 for evacuation
[2024-05-30T15:01:13.611+0000][16013.030s][info][gc,phases   ] GC(3305)   Pre Evacuate Collection Set: 0.2ms
[2024-05-30T15:01:13.611+0000][16013.030s][info][gc,phases   ] GC(3305)   Merge Heap Roots: 0.3ms
[2024-05-30T15:01:13.611+0000][16013.030s][info][gc,phases   ] GC(3305)   Evacuate Collection Set: 16.7ms
[2024-05-30T15:01:13.611+0000][16013.030s][info][gc,phases   ] GC(3305)   Post Evacuate Collection Set: 2.2ms
[2024-05-30T15:01:13.611+0000][16013.030s][info][gc,phases   ] GC(3305)   Other: 0.2ms
[2024-05-30T15:01:13.611+0000][16013.030s][info][gc,heap     ] GC(3305) Eden regions: 759->0(756)
[2024-05-30T15:01:13.611+0000][16013.030s][info][gc,heap     ] GC(3305) Survivor regions: 3->6(96)
[2024-05-30T15:01:13.611+0000][16013.030s][info][gc,heap     ] GC(3305) Old regions: 407->407
[2024-05-30T15:01:13.611+0000][16013.030s][info][gc,heap     ] GC(3305) Archive regions: 2->2
[2024-05-30T15:01:13.611+0000][16013.030s][info][gc,heap     ] GC(3305) Humongous regions: 40->40
[2024-05-30T15:01:13.611+0000][16013.030s][info][gc,metaspace] GC(3305) Metaspace: 435369K(441408K)->435369K(441408K) NonClass: 381256K(384576K)->381256K(384576K) Class: 54113K(56832K)->54113K(56832K)
[2024-05-30T15:01:13.611+0000][16013.030s][info][gc          ] GC(3305) Pause Young (Normal) (G1 Evacuation Pause) 9673M->3623M(12288M) 19.540ms
[2024-05-30T15:01:13.611+0000][16013.030s][info][gc,cpu      ] GC(3305) User=0.11s Sys=0.00s Real=0.02s
[2024-05-30T15:01:25.848+0000][16025.267s][info][gc,start    ] GC(3306) Pause Young (Normal) (G1 Evacuation Pause)
[2024-05-30T15:01:25.848+0000][16025.267s][info][gc,task     ] GC(3306) Using 6 workers of 6 for evacuation
[2024-05-30T15:01:25.873+0000][16025.293s][info][gc,phases   ] GC(3306)   Pre Evacuate Collection Set: 0.2ms
[2024-05-30T15:01:25.873+0000][16025.293s][info][gc,phases   ] GC(3306)   Merge Heap Roots: 0.3ms
[2024-05-30T15:01:25.873+0000][16025.293s][info][gc,phases   ] GC(3306)   Evacuate Collection Set: 22.7ms
[2024-05-30T15:01:25.873+0000][16025.293s][info][gc,phases   ] GC(3306)   Post Evacuate Collection Set: 2.2ms
[2024-05-30T15:01:25.873+0000][16025.293s][info][gc,phases   ] GC(3306)   Other: 0.2ms
[2024-05-30T15:01:25.873+0000][16025.293s][info][gc,heap     ] GC(3306) Eden regions: 756->0(751)
[2024-05-30T15:01:25.873+0000][16025.293s][info][gc,heap     ] GC(3306) Survivor regions: 6->10(96)
[2024-05-30T15:01:25.873+0000][16025.293s][info][gc,heap     ] GC(3306) Old regions: 407->407
[2024-05-30T15:01:25.873+0000][16025.293s][info][gc,heap     ] GC(3306) Archive regions: 2->2
[2024-05-30T15:01:25.873+0000][16025.293s][info][gc,heap     ] GC(3306) Humongous regions: 40->40
[2024-05-30T15:01:25.874+0000][16025.293s][info][gc,metaspace] GC(3306) Metaspace: 435369K(441408K)->435369K(441408K) NonClass: 381256K(384576K)->381256K(384576K) Class: 54113K(56832K)->54113K(56832K)
[2024-05-30T15:01:25.874+0000][16025.293s][info][gc          ] GC(3306) Pause Young (Normal) (G1 Evacuation Pause) 9671M->3655M(12288M) 25.629ms
[2024-05-30T15:01:25.874+0000][16025.293s][info][gc,cpu      ] GC(3306) User=0.14s Sys=0.00s Real=0.03s
[2024-05-30T15:01:32.041+0000][16031.460s][info][gc,start    ] GC(3307) Pause Young (Concurrent Start) (G1 Evacuation Pause)
[2024-05-30T15:01:32.041+0000][16031.460s][info][gc,task     ] GC(3307) Using 6 workers of 6 for evacuation
[2024-05-30T15:01:32.068+0000][16031.487s][info][gc,phases   ] GC(3307)   Pre Evacuate Collection Set: 0.6ms
[2024-05-30T15:01:32.068+0000][16031.487s][info][gc,phases   ] GC(3307)   Merge Heap Roots: 0.3ms
[2024-05-30T15:01:32.068+0000][16031.487s][info][gc,phases   ] GC(3307)   Evacuate Collection Set: 23.8ms
[2024-05-30T15:01:32.068+0000][16031.487s][info][gc,phases   ] GC(3307)   Post Evacuate Collection Set: 2.1ms
[2024-05-30T15:01:32.068+0000][16031.487s][info][gc,phases   ] GC(3307)   Other: 0.3ms
[2024-05-30T15:01:32.068+0000][16031.487s][info][gc,heap     ] GC(3307) Eden regions: 751->0(753)
[2024-05-30T15:01:32.068+0000][16031.487s][info][gc,heap     ] GC(3307) Survivor regions: 10->10(96)
[2024-05-30T15:01:32.068+0000][16031.487s][info][gc,heap     ] GC(3307) Old regions: 407->407
[2024-05-30T15:01:32.068+0000][16031.487s][info][gc,heap     ] GC(3307) Archive regions: 2->2
[2024-05-30T15:01:32.068+0000][16031.487s][info][gc,heap     ] GC(3307) Humongous regions: 40->40
[2024-05-30T15:01:32.068+0000][16031.487s][info][gc,metaspace] GC(3307) Metaspace: 435369K(441408K)->435369K(441408K) NonClass: 381256K(384576K)->381256K(384576K) Class: 54113K(56832K)->54113K(56832K)
[2024-05-30T15:01:32.068+0000][16031.487s][info][gc          ] GC(3307) Pause Young (Concurrent Start) (G1 Evacuation Pause) 9663M->3653M(12288M) 27.108ms
[2024-05-30T15:01:32.068+0000][16031.487s][info][gc,cpu      ] GC(3307) User=0.15s Sys=0.00s Real=0.02s
[2024-05-30T15:01:32.068+0000][16031.487s][info][gc          ] GC(3308) Concurrent Mark Cycle
[2024-05-30T15:01:32.068+0000][16031.487s][info][gc,marking  ] GC(3308) Concurrent Clear Claimed Marks
[2024-05-30T15:01:32.069+0000][16031.488s][info][gc,marking  ] GC(3308) Concurrent Clear Claimed Marks 0.420ms
[2024-05-30T15:01:32.069+0000][16031.488s][info][gc,marking  ] GC(3308) Concurrent Scan Root Regions
[2024-05-30T15:01:32.095+0000][16031.515s][info][gc,marking  ] GC(3308) Concurrent Scan Root Regions 26.804ms
[2024-05-30T15:01:32.095+0000][16031.515s][info][gc,marking  ] GC(3308) Concurrent Mark
[2024-05-30T15:01:32.095+0000][16031.515s][info][gc,marking  ] GC(3308) Concurrent Mark From Roots
[2024-05-30T15:01:32.095+0000][16031.515s][info][gc,task     ] GC(3308) Using 2 workers of 2 for marking
[2024-05-30T15:01:34.766+0000][16034.185s][info][gc,marking  ] GC(3308) Concurrent Mark From Roots 2670.272ms
[2024-05-30T15:01:34.766+0000][16034.185s][info][gc,marking  ] GC(3308) Concurrent Preclean
[2024-05-30T15:01:34.767+0000][16034.186s][info][gc,marking  ] GC(3308) Concurrent Preclean 1.311ms
[2024-05-30T15:01:34.767+0000][16034.186s][info][gc,start    ] GC(3308) Pause Remark
[2024-05-30T15:01:34.792+0000][16034.211s][info][gc          ] GC(3308) Pause Remark 6361M->6361M(12288M) 24.721ms
[2024-05-30T15:01:34.792+0000][16034.211s][info][gc,cpu      ] GC(3308) User=0.11s Sys=0.00s Real=0.03s
[2024-05-30T15:01:34.792+0000][16034.212s][info][gc,marking  ] GC(3308) Concurrent Mark 2696.860ms
[2024-05-30T15:01:34.792+0000][16034.212s][info][gc,marking  ] GC(3308) Concurrent Rebuild Remembered Sets
[2024-05-30T15:01:36.238+0000][16035.657s][info][gc,marking  ] GC(3308) Concurrent Rebuild Remembered Sets 1445.799ms
[2024-05-30T15:01:36.238+0000][16035.658s][info][gc,start    ] GC(3308) Pause Cleanup
[2024-05-30T15:01:36.239+0000][16035.658s][info][gc          ] GC(3308) Pause Cleanup 8257M->8257M(12288M) 0.685ms
[2024-05-30T15:01:36.239+0000][16035.658s][info][gc,cpu      ] GC(3308) User=0.00s Sys=0.00s Real=0.00s
[2024-05-30T15:01:36.239+0000][16035.658s][info][gc,marking  ] GC(3308) Concurrent Cleanup for Next Mark
[2024-05-30T15:01:36.256+0000][16035.675s][info][gc,marking  ] GC(3308) Concurrent Cleanup for Next Mark 16.905ms
[2024-05-30T15:01:36.256+0000][16035.675s][info][gc          ] GC(3308) Concurrent Mark Cycle 4187.943ms
[2024-05-30T15:01:37.142+0000][16036.561s][info][gc,start    ] GC(3309) Pause Young (Prepare Mixed) (G1 Evacuation Pause)
[2024-05-30T15:01:37.142+0000][16036.561s][info][gc,task     ] GC(3309) Using 6 workers of 6 for evacuation
[2024-05-30T15:01:37.171+0000][16036.590s][info][gc,phases   ] GC(3309)   Pre Evacuate Collection Set: 0.2ms
[2024-05-30T15:01:37.171+0000][16036.590s][info][gc,phases   ] GC(3309)   Merge Heap Roots: 0.4ms
[2024-05-30T15:01:37.171+0000][16036.590s][info][gc,phases   ] GC(3309)   Evacuate Collection Set: 26.6ms
[2024-05-30T15:01:37.171+0000][16036.590s][info][gc,phases   ] GC(3309)   Post Evacuate Collection Set: 2.0ms
[2024-05-30T15:01:37.171+0000][16036.590s][info][gc,phases   ] GC(3309)   Other: 0.2ms
[2024-05-30T15:01:37.171+0000][16036.590s][info][gc,heap     ] GC(3309) Eden regions: 753->0(65)
[2024-05-30T15:01:37.171+0000][16036.590s][info][gc,heap     ] GC(3309) Survivor regions: 10->11(96)
[2024-05-30T15:01:37.171+0000][16036.590s][info][gc,heap     ] GC(3309) Old regions: 407->407
[2024-05-30T15:01:37.171+0000][16036.590s][info][gc,heap     ] GC(3309) Archive regions: 2->2
[2024-05-30T15:01:37.171+0000][16036.590s][info][gc,heap     ] GC(3309) Humongous regions: 40->40
[2024-05-30T15:01:37.171+0000][16036.590s][info][gc,metaspace] GC(3309) Metaspace: 435369K(441408K)->435369K(441408K) NonClass: 381256K(384576K)->381256K(384576K) Class: 54113K(56832K)->54113K(56832K)
[2024-05-30T15:01:37.171+0000][16036.590s][info][gc          ] GC(3309) Pause Young (Prepare Mixed) (G1 Evacuation Pause) 9677M->3662M(12288M) 29.415ms
[2024-05-30T15:01:37.171+0000][16036.590s][info][gc,cpu      ] GC(3309) User=0.16s Sys=0.00s Real=0.03s
[2024-05-30T15:01:37.484+0000][16036.904s][info][gc,start    ] GC(3310) Pause Young (Mixed) (G1 Evacuation Pause)
[2024-05-30T15:01:37.484+0000][16036.904s][info][gc,task     ] GC(3310) Using 6 workers of 6 for evacuation
[2024-05-30T15:01:37.559+0000][16036.978s][info][gc,phases   ] GC(3310)   Pre Evacuate Collection Set: 0.2ms
[2024-05-30T15:01:37.559+0000][16036.978s][info][gc,phases   ] GC(3310)   Merge Heap Roots: 0.4ms
[2024-05-30T15:01:37.559+0000][16036.978s][info][gc,phases   ] GC(3310)   Evacuate Collection Set: 72.4ms
[2024-05-30T15:01:37.559+0000][16036.978s][info][gc,phases   ] GC(3310)   Post Evacuate Collection Set: 1.5ms
[2024-05-30T15:01:37.559+0000][16036.978s][info][gc,phases   ] GC(3310)   Other: 0.2ms
[2024-05-30T15:01:37.559+0000][16036.978s][info][gc,heap     ] GC(3310) Eden regions: 65->0(765)
[2024-05-30T15:01:37.559+0000][16036.978s][info][gc,heap     ] GC(3310) Survivor regions: 11->5(10)
[2024-05-30T15:01:37.559+0000][16036.978s][info][gc,heap     ] GC(3310) Old regions: 407->401
[2024-05-30T15:01:37.559+0000][16036.978s][info][gc,heap     ] GC(3310) Archive regions: 2->2
[2024-05-30T15:01:37.559+0000][16036.978s][info][gc,heap     ] GC(3310) Humongous regions: 40->40
[2024-05-30T15:01:37.559+0000][16036.978s][info][gc,metaspace] GC(3310) Metaspace: 435369K(441408K)->435369K(441408K) NonClass: 381256K(384576K)->381256K(384576K) Class: 54113K(56832K)->54113K(56832K)
[2024-05-30T15:01:37.559+0000][16036.978s][info][gc          ] GC(3310) Pause Young (Mixed) (G1 Evacuation Pause) 4182M->3567M(12288M) 74.807ms
[2024-05-30T15:01:37.559+0000][16036.978s][info][gc,cpu      ] GC(3310) User=0.44s Sys=0.00s Real=0.08s
[2024-05-30T15:01:50.150+0000][16049.569s][info][gc,start    ] GC(3311) Pause Young (Normal) (G1 Evacuation Pause)
[2024-05-30T15:01:50.150+0000][16049.569s][info][gc,task     ] GC(3311) Using 6 workers of 6 for evacuation
[2024-05-30T15:01:50.176+0000][16049.595s][info][gc,phases   ] GC(3311)   Pre Evacuate Collection Set: 0.2ms
[2024-05-30T15:01:50.176+0000][16049.595s][info][gc,phases   ] GC(3311)   Merge Heap Roots: 0.3ms
[2024-05-30T15:01:50.176+0000][16049.595s][info][gc,phases   ] GC(3311)   Evacuate Collection Set: 23.5ms
[2024-05-30T15:01:50.176+0000][16049.595s][info][gc,phases   ] GC(3311)   Post Evacuate Collection Set: 2.2ms
[2024-05-30T15:01:50.176+0000][16049.595s][info][gc,phases   ] GC(3311)   Other: 0.2ms
[2024-05-30T15:01:50.176+0000][16049.595s][info][gc,heap     ] GC(3311) Eden regions: 765->0(762)
[2024-05-30T15:01:50.176+0000][16049.595s][info][gc,heap     ] GC(3311) Survivor regions: 5->8(97)
[2024-05-30T15:01:50.176+0000][16049.595s][info][gc,heap     ] GC(3311) Old regions: 401->401
[2024-05-30T15:01:50.176+0000][16049.595s][info][gc,heap     ] GC(3311) Archive regions: 2->2
[2024-05-30T15:01:50.176+0000][16049.595s][info][gc,heap     ] GC(3311) Humongous regions: 40->40
[2024-05-30T15:01:50.176+0000][16049.595s][info][gc,metaspace] GC(3311) Metaspace: 435369K(441408K)->435369K(441408K) NonClass: 381256K(384576K)->381256K(384576K) Class: 54113K(56832K)->54113K(56832K)
[2024-05-30T15:01:50.176+0000][16049.595s][info][gc          ] GC(3311) Pause Young (Normal) (G1 Evacuation Pause) 9687M->3592M(12288M) 26.419ms
[2024-05-30T15:01:50.176+0000][16049.595s][info][gc,cpu      ] GC(3311) User=0.14s Sys=0.01s Real=0.02s
[2024-05-30T15:02:02.736+0000][16062.155s][info][gc,start    ] GC(3312) Pause Young (Normal) (G1 Evacuation Pause)
[2024-05-30T15:02:02.736+0000][16062.155s][info][gc,task     ] GC(3312) Using 6 workers of 6 for evacuation
[2024-05-30T15:02:02.773+0000][16062.193s][info][gc,phases   ] GC(3312)   Pre Evacuate Collection Set: 0.2ms
[2024-05-30T15:02:02.773+0000][16062.193s][info][gc,phases   ] GC(3312)   Merge Heap Roots: 0.3ms
[2024-05-30T15:02:02.773+0000][16062.193s][info][gc,phases   ] GC(3312)   Evacuate Collection Set: 34.4ms
[2024-05-30T15:02:02.773+0000][16062.193s][info][gc,phases   ] GC(3312)   Post Evacuate Collection Set: 2.3ms
[2024-05-30T15:02:02.773+0000][16062.193s][info][gc,phases   ] GC(3312)   Other: 0.2ms
[2024-05-30T15:02:02.773+0000][16062.193s][info][gc,heap     ] GC(3312) Eden regions: 762->0(758)
[2024-05-30T15:02:02.773+0000][16062.193s][info][gc,heap     ] GC(3312) Survivor regions: 8->12(97)
[2024-05-30T15:02:02.773+0000][16062.193s][info][gc,heap     ] GC(3312) Old regions: 401->401
[2024-05-30T15:02:02.773+0000][16062.193s][info][gc,heap     ] GC(3312) Archive regions: 2->2
[2024-05-30T15:02:02.774+0000][16062.193s][info][gc,heap     ] GC(3312) Humongous regions: 40->40
[2024-05-30T15:02:02.774+0000][16062.193s][info][gc,metaspace] GC(3312) Metaspace: 435371K(441408K)->435371K(441408K) NonClass: 381258K(384576K)->381258K(384576K) Class: 54113K(56832K)->54113K(56832K)
[2024-05-30T15:02:02.774+0000][16062.193s][info][gc          ] GC(3312) Pause Young (Normal) (G1 Evacuation Pause) 9688M->3623M(12288M) 37.454ms
[2024-05-30T15:02:02.774+0000][16062.193s][info][gc,cpu      ] GC(3312) User=0.22s Sys=0.00s Real=0.04s
[2024-05-30T15:02:14.754+0000][16074.173s][info][gc,start    ] GC(3313) Pause Young (Concurrent Start) (G1 Evacuation Pause)
[2024-05-30T15:02:14.754+0000][16074.173s][info][gc,task     ] GC(3313) Using 6 workers of 6 for evacuation
[2024-05-30T15:02:14.790+0000][16074.209s][info][gc,phases   ] GC(3313)   Pre Evacuate Collection Set: 0.6ms
[2024-05-30T15:02:14.790+0000][16074.209s][info][gc,phases   ] GC(3313)   Merge Heap Roots: 0.2ms
[2024-05-30T15:02:14.790+0000][16074.209s][info][gc,phases   ] GC(3313)   Evacuate Collection Set: 32.9ms
[2024-05-30T15:02:14.790+0000][16074.209s][info][gc,phases   ] GC(3313)   Post Evacuate Collection Set: 2.2ms
[2024-05-30T15:02:14.790+0000][16074.209s][info][gc,phases   ] GC(3313)   Other: 0.3ms
[2024-05-30T15:02:14.790+0000][16074.209s][info][gc,heap     ] GC(3313) Eden regions: 758->0(756)
[2024-05-30T15:02:14.790+0000][16074.209s][info][gc,heap     ] GC(3313) Survivor regions: 12->14(97)
[2024-05-30T15:02:14.790+0000][16074.209s][info][gc,heap     ] GC(3313) Old regions: 401->401
[2024-05-30T15:02:14.790+0000][16074.209s][info][gc,heap     ] GC(3313) Archive regions: 2->2
[2024-05-30T15:02:14.790+0000][16074.209s][info][gc,heap     ] GC(3313) Humongous regions: 40->40
[2024-05-30T15:02:14.790+0000][16074.209s][info][gc,metaspace] GC(3313) Metaspace: 435371K(441408K)->435371K(441408K) NonClass: 381258K(384576K)->381258K(384576K) Class: 54113K(56832K)->54113K(56832K)
[2024-05-30T15:02:14.790+0000][16074.209s][info][gc          ] GC(3313) Pause Young (Concurrent Start) (G1 Evacuation Pause) 9687M->3640M(12288M) 36.296ms
[2024-05-30T15:02:14.790+0000][16074.209s][info][gc,cpu      ] GC(3313) User=0.21s Sys=0.00s Real=0.04s
[2024-05-30T15:02:14.790+0000][16074.209s][info][gc          ] GC(3314) Concurrent Mark Cycle
[2024-05-30T15:02:14.790+0000][16074.209s][info][gc,marking  ] GC(3314) Concurrent Clear Claimed Marks
[2024-05-30T15:02:14.790+0000][16074.210s][info][gc,marking  ] GC(3314) Concurrent Clear Claimed Marks 0.403ms
[2024-05-30T15:02:14.790+0000][16074.210s][info][gc,marking  ] GC(3314) Concurrent Scan Root Regions
[2024-05-30T15:02:14.813+0000][16074.232s][info][gc,marking  ] GC(3314) Concurrent Scan Root Regions 22.524ms
[2024-05-30T15:02:14.813+0000][16074.232s][info][gc,marking  ] GC(3314) Concurrent Mark
[2024-05-30T15:02:14.813+0000][16074.232s][info][gc,marking  ] GC(3314) Concurrent Mark From Roots
[2024-05-30T15:02:14.813+0000][16074.232s][info][gc,task     ] GC(3314) Using 2 workers of 2 for marking
[2024-05-30T15:02:17.278+0000][16076.697s][info][gc,marking  ] GC(3314) Concurrent Mark From Roots 2464.724ms
[2024-05-30T15:02:17.278+0000][16076.697s][info][gc,marking  ] GC(3314) Concurrent Preclean
[2024-05-30T15:02:17.279+0000][16076.699s][info][gc,marking  ] GC(3314) Concurrent Preclean 1.613ms
[2024-05-30T15:02:17.279+0000][16076.699s][info][gc,start    ] GC(3314) Pause Remark
[2024-05-30T15:02:17.305+0000][16076.725s][info][gc          ] GC(3314) Pause Remark 4721M->4721M(12288M) 25.960ms
[2024-05-30T15:02:17.305+0000][16076.725s][info][gc,cpu      ] GC(3314) User=0.11s Sys=0.00s Real=0.02s
[2024-05-30T15:02:17.306+0000][16076.725s][info][gc,marking  ] GC(3314) Concurrent Mark 2492.622ms
[2024-05-30T15:02:17.306+0000][16076.725s][info][gc,marking  ] GC(3314) Concurrent Rebuild Remembered Sets
[2024-05-30T15:02:18.602+0000][16078.021s][info][gc,marking  ] GC(3314) Concurrent Rebuild Remembered Sets 1296.686ms
[2024-05-30T15:02:18.602+0000][16078.022s][info][gc,start    ] GC(3314) Pause Cleanup
[2024-05-30T15:02:18.603+0000][16078.022s][info][gc          ] GC(3314) Pause Cleanup 5295M->5295M(12288M) 0.658ms
[2024-05-30T15:02:18.603+0000][16078.022s][info][gc,cpu      ] GC(3314) User=0.00s Sys=0.00s Real=0.00s
[2024-05-30T15:02:18.603+0000][16078.022s][info][gc,marking  ] GC(3314) Concurrent Cleanup for Next Mark
[2024-05-30T15:02:18.620+0000][16078.039s][info][gc,marking  ] GC(3314) Concurrent Cleanup for Next Mark 16.567ms
[2024-05-30T15:02:18.620+0000][16078.039s][info][gc          ] GC(3314) Concurrent Mark Cycle 3829.877ms
[2024-05-30T15:02:27.791+0000][16087.211s][info][gc,start    ] GC(3315) Pause Young (Prepare Mixed) (G1 Evacuation Pause)
[2024-05-30T15:02:27.791+0000][16087.211s][info][gc,task     ] GC(3315) Using 6 workers of 6 for evacuation
[2024-05-30T15:02:27.837+0000][16087.256s][info][gc,phases   ] GC(3315)   Pre Evacuate Collection Set: 0.2ms
[2024-05-30T15:02:27.837+0000][16087.256s][info][gc,phases   ] GC(3315)   Merge Heap Roots: 0.3ms
[2024-05-30T15:02:27.837+0000][16087.256s][info][gc,phases   ] GC(3315)   Evacuate Collection Set: 42.5ms
[2024-05-30T15:02:27.837+0000][16087.256s][info][gc,phases   ] GC(3315)   Post Evacuate Collection Set: 2.4ms
[2024-05-30T15:02:27.837+0000][16087.256s][info][gc,phases   ] GC(3315)   Other: 0.2ms
[2024-05-30T15:02:27.837+0000][16087.256s][info][gc,heap     ] GC(3315) Eden regions: 756->0(58)
[2024-05-30T15:02:27.837+0000][16087.256s][info][gc,heap     ] GC(3315) Survivor regions: 14->18(97)
[2024-05-30T15:02:27.837+0000][16087.256s][info][gc,heap     ] GC(3315) Old regions: 401->401
[2024-05-30T15:02:27.837+0000][16087.256s][info][gc,heap     ] GC(3315) Archive regions: 2->2
[2024-05-30T15:02:27.837+0000][16087.256s][info][gc,heap     ] GC(3315) Humongous regions: 40->40
[2024-05-30T15:02:27.837+0000][16087.256s][info][gc,metaspace] GC(3315) Metaspace: 435371K(441408K)->435371K(441408K) NonClass: 381258K(384576K)->381258K(384576K) Class: 54113K(56832K)->54113K(56832K)
[2024-05-30T15:02:27.837+0000][16087.256s][info][gc          ] GC(3315) Pause Young (Prepare Mixed) (G1 Evacuation Pause) 9688M->3670M(12288M) 45.675ms
[2024-05-30T15:02:27.837+0000][16087.256s][info][gc,cpu      ] GC(3315) User=0.26s Sys=0.00s Real=0.05s
[2024-05-30T15:02:28.819+0000][16088.238s][info][gc,start    ] GC(3316) Pause Young (Mixed) (G1 Evacuation Pause)
[2024-05-30T15:02:28.819+0000][16088.238s][info][gc,task     ] GC(3316) Using 6 workers of 6 for evacuation
[2024-05-30T15:02:28.910+0000][16088.330s][info][gc,phases   ] GC(3316)   Pre Evacuate Collection Set: 0.2ms
[2024-05-30T15:02:28.911+0000][16088.330s][info][gc,phases   ] GC(3316)   Merge Heap Roots: 0.6ms
[2024-05-30T15:02:28.911+0000][16088.330s][info][gc,phases   ] GC(3316)   Evacuate Collection Set: 89.3ms
[2024-05-30T15:02:28.911+0000][16088.330s][info][gc,phases   ] GC(3316)   Post Evacuate Collection Set: 1.6ms
[2024-05-30T15:02:28.911+0000][16088.330s][info][gc,phases   ] GC(3316)   Other: 0.2ms
[2024-05-30T15:02:28.911+0000][16088.330s][info][gc,heap     ] GC(3316) Eden regions: 58->0(759)
[2024-05-30T15:02:28.911+0000][16088.330s][info][gc,heap     ] GC(3316) Survivor regions: 18->3(10)
[2024-05-30T15:02:28.911+0000][16088.330s][info][gc,heap     ] GC(3316) Old regions: 401->407
[2024-05-30T15:02:28.911+0000][16088.330s][info][gc,heap     ] GC(3316) Archive regions: 2->2
[2024-05-30T15:02:28.911+0000][16088.330s][info][gc,heap     ] GC(3316) Humongous regions: 40->40
[2024-05-30T15:02:28.911+0000][16088.330s][info][gc,metaspace] GC(3316) Metaspace: 435371K(441408K)->435371K(441408K) NonClass: 381258K(384576K)->381258K(384576K) Class: 54113K(56832K)->54113K(56832K)
[2024-05-30T15:02:28.911+0000][16088.330s][info][gc          ] GC(3316) Pause Young (Mixed) (G1 Evacuation Pause) 4134M->3602M(12288M) 91.977ms
[2024-05-30T15:02:28.911+0000][16088.330s][info][gc,cpu      ] GC(3316) User=0.54s Sys=0.00s Real=0.09s
[2024-05-30T15:02:41.526+0000][16100.946s][info][gc,start    ] GC(3317) Pause Young (Normal) (G1 Evacuation Pause)
[2024-05-30T15:02:41.526+0000][16100.946s][info][gc,task     ] GC(3317) Using 6 workers of 6 for evacuation
[2024-05-30T15:02:41.547+0000][16100.967s][info][gc,phases   ] GC(3317)   Pre Evacuate Collection Set: 0.2ms
[2024-05-30T15:02:41.547+0000][16100.967s][info][gc,phases   ] GC(3317)   Merge Heap Roots: 0.2ms
[2024-05-30T15:02:41.547+0000][16100.967s][info][gc,phases   ] GC(3317)   Evacuate Collection Set: 18.1ms
[2024-05-30T15:02:41.547+0000][16100.967s][info][gc,phases   ] GC(3317)   Post Evacuate Collection Set: 2.3ms
[2024-05-30T15:02:41.547+0000][16100.967s][info][gc,phases   ] GC(3317)   Other: 0.2ms
[2024-05-30T15:02:41.547+0000][16100.967s][info][gc,heap     ] GC(3317) Eden regions: 759->0(756)
[2024-05-30T15:02:41.547+0000][16100.967s][info][gc,heap     ] GC(3317) Survivor regions: 3->6(96)
[2024-05-30T15:02:41.547+0000][16100.967s][info][gc,heap     ] GC(3317) Old regions: 407->407
[2024-05-30T15:02:41.547+0000][16100.967s][info][gc,heap     ] GC(3317) Archive regions: 2->2
[2024-05-30T15:02:41.547+0000][16100.967s][info][gc,heap     ] GC(3317) Humongous regions: 40->40
[2024-05-30T15:02:41.547+0000][16100.967s][info][gc,metaspace] GC(3317) Metaspace: 435371K(441408K)->435371K(441408K) NonClass: 381258K(384576K)->381258K(384576K) Class: 54113K(56832K)->54113K(56832K)
[2024-05-30T15:02:41.547+0000][16100.967s][info][gc          ] GC(3317) Pause Young (Normal) (G1 Evacuation Pause) 9674M->3624M(12288M) 21.015ms
[2024-05-30T15:02:41.547+0000][16100.967s][info][gc,cpu      ] GC(3317) User=0.12s Sys=0.00s Real=0.02s
[2024-05-30T15:02:53.979+0000][16113.398s][info][gc,start    ] GC(3318) Pause Young (Normal) (G1 Evacuation Pause)
[2024-05-30T15:02:53.979+0000][16113.398s][info][gc,task     ] GC(3318) Using 6 workers of 6 for evacuation
[2024-05-30T15:02:54.009+0000][16113.428s][info][gc,phases   ] GC(3318)   Pre Evacuate Collection Set: 0.2ms
[2024-05-30T15:02:54.009+0000][16113.428s][info][gc,phases   ] GC(3318)   Merge Heap Roots: 0.3ms
[2024-05-30T15:02:54.009+0000][16113.428s][info][gc,phases   ] GC(3318)   Evacuate Collection Set: 27.4ms
[2024-05-30T15:02:54.009+0000][16113.428s][info][gc,phases   ] GC(3318)   Post Evacuate Collection Set: 2.4ms
[2024-05-30T15:02:54.009+0000][16113.428s][info][gc,phases   ] GC(3318)   Other: 0.2ms
[2024-05-30T15:02:54.009+0000][16113.428s][info][gc,heap     ] GC(3318) Eden regions: 756->0(750)
[2024-05-30T15:02:54.009+0000][16113.428s][info][gc,heap     ] GC(3318) Survivor regions: 6->11(96)
[2024-05-30T15:02:54.009+0000][16113.428s][info][gc,heap     ] GC(3318) Old regions: 407->407
[2024-05-30T15:02:54.009+0000][16113.428s][info][gc,heap     ] GC(3318) Archive regions: 2->2
[2024-05-30T15:02:54.009+0000][16113.428s][info][gc,heap     ] GC(3318) Humongous regions: 40->40
[2024-05-30T15:02:54.009+0000][16113.428s][info][gc,metaspace] GC(3318) Metaspace: 435374K(441408K)->435374K(441408K) NonClass: 381261K(384576K)->381261K(384576K) Class: 54113K(56832K)->54113K(56832K)
[2024-05-30T15:02:54.009+0000][16113.428s][info][gc          ] GC(3318) Pause Young (Normal) (G1 Evacuation Pause) 9672M->3666M(12288M) 30.545ms
[2024-05-30T15:02:54.009+0000][16113.428s][info][gc,cpu      ] GC(3318) User=0.18s Sys=0.00s Real=0.03s
[2024-05-30T15:03:06.444+0000][16125.863s][info][gc,start    ] GC(3319) Pause Young (Concurrent Start) (G1 Evacuation Pause)
[2024-05-30T15:03:06.444+0000][16125.863s][info][gc,task     ] GC(3319) Using 6 workers of 6 for evacuation
[2024-05-30T15:03:06.476+0000][16125.896s][info][gc,phases   ] GC(3319)   Pre Evacuate Collection Set: 0.6ms
[2024-05-30T15:03:06.476+0000][16125.896s][info][gc,phases   ] GC(3319)   Merge Heap Roots: 0.2ms
[2024-05-30T15:03:06.476+0000][16125.896s][info][gc,phases   ] GC(3319)   Evacuate Collection Set: 29.0ms
[2024-05-30T15:03:06.477+0000][16125.896s][info][gc,phases   ] GC(3319)   Post Evacuate Collection Set: 2.3ms
[2024-05-30T15:03:06.477+0000][16125.896s][info][gc,phases   ] GC(3319)   Other: 0.3ms
[2024-05-30T15:03:06.477+0000][16125.896s][info][gc,heap     ] GC(3319) Eden regions: 750->0(747)
[2024-05-30T15:03:06.477+0000][16125.896s][info][gc,heap     ] GC(3319) Survivor regions: 11->14(96)
[2024-05-30T15:03:06.477+0000][16125.896s][info][gc,heap     ] GC(3319) Old regions: 407->407
[2024-05-30T15:03:06.477+0000][16125.896s][info][gc,heap     ] GC(3319) Archive regions: 2->2
[2024-05-30T15:03:06.477+0000][16125.896s][info][gc,heap     ] GC(3319) Humongous regions: 40->40
[2024-05-30T15:03:06.477+0000][16125.896s][info][gc,metaspace] GC(3319) Metaspace: 435374K(441408K)->435374K(441408K) NonClass: 381261K(384576K)->381261K(384576K) Class: 54113K(56832K)->54113K(56832K)
[2024-05-30T15:03:06.477+0000][16125.896s][info][gc          ] GC(3319) Pause Young (Concurrent Start) (G1 Evacuation Pause) 9666M->3686M(12288M) 32.438ms
[2024-05-30T15:03:06.477+0000][16125.896s][info][gc,cpu      ] GC(3319) User=0.18s Sys=0.01s Real=0.04s
[2024-05-30T15:03:06.477+0000][16125.896s][info][gc          ] GC(3320) Concurrent Mark Cycle
[2024-05-30T15:03:06.477+0000][16125.896s][info][gc,marking  ] GC(3320) Concurrent Clear Claimed Marks
[2024-05-30T15:03:06.477+0000][16125.896s][info][gc,marking  ] GC(3320) Concurrent Clear Claimed Marks 0.417ms
[2024-05-30T15:03:06.477+0000][16125.896s][info][gc,marking  ] GC(3320) Concurrent Scan Root Regions
[2024-05-30T15:03:06.508+0000][16125.927s][info][gc,marking  ] GC(3320) Concurrent Scan Root Regions 30.474ms
[2024-05-30T15:03:06.508+0000][16125.927s][info][gc,marking  ] GC(3320) Concurrent Mark
[2024-05-30T15:03:06.508+0000][16125.927s][info][gc,marking  ] GC(3320) Concurrent Mark From Roots
[2024-05-30T15:03:06.508+0000][16125.927s][info][gc,task     ] GC(3320) Using 2 workers of 2 for marking
[2024-05-30T15:03:09.072+0000][16128.492s][info][gc,marking  ] GC(3320) Concurrent Mark From Roots 2564.694ms
[2024-05-30T15:03:09.072+0000][16128.492s][info][gc,marking  ] GC(3320) Concurrent Preclean
[2024-05-30T15:03:09.074+0000][16128.493s][info][gc,marking  ] GC(3320) Concurrent Preclean 1.681ms
[2024-05-30T15:03:09.074+0000][16128.494s][info][gc,start    ] GC(3320) Pause Remark
[2024-05-30T15:03:09.099+0000][16128.518s][info][gc          ] GC(3320) Pause Remark 4898M->4898M(12288M) 24.741ms
[2024-05-30T15:03:09.099+0000][16128.518s][info][gc,cpu      ] GC(3320) User=0.10s Sys=0.01s Real=0.03s
[2024-05-30T15:03:09.099+0000][16128.518s][info][gc,marking  ] GC(3320) Concurrent Mark 2591.552ms
[2024-05-30T15:03:09.099+0000][16128.518s][info][gc,marking  ] GC(3320) Concurrent Rebuild Remembered Sets
[2024-05-30T15:03:10.432+0000][16129.851s][info][gc,marking  ] GC(3320) Concurrent Rebuild Remembered Sets 1332.291ms
[2024-05-30T15:03:10.432+0000][16129.851s][info][gc,start    ] GC(3320) Pause Cleanup
[2024-05-30T15:03:10.432+0000][16129.852s][info][gc          ] GC(3320) Pause Cleanup 5494M->5494M(12288M) 0.646ms
[2024-05-30T15:03:10.432+0000][16129.852s][info][gc,cpu      ] GC(3320) User=0.00s Sys=0.00s Real=0.00s
[2024-05-30T15:03:10.432+0000][16129.852s][info][gc,marking  ] GC(3320) Concurrent Cleanup for Next Mark
[2024-05-30T15:03:10.450+0000][16129.869s][info][gc,marking  ] GC(3320) Concurrent Cleanup for Next Mark 17.192ms
[2024-05-30T15:03:10.450+0000][16129.869s][info][gc          ] GC(3320) Concurrent Mark Cycle 3973.010ms
[2024-05-30T15:03:18.391+0000][16137.810s][info][gc,start    ] GC(3321) Pause Young (Prepare Mixed) (G1 Evacuation Pause)
[2024-05-30T15:03:18.391+0000][16137.810s][info][gc,task     ] GC(3321) Using 6 workers of 6 for evacuation
[2024-05-30T15:03:18.437+0000][16137.856s][info][gc,phases   ] GC(3321)   Pre Evacuate Collection Set: 0.2ms
[2024-05-30T15:03:18.437+0000][16137.856s][info][gc,phases   ] GC(3321)   Merge Heap Roots: 0.3ms
[2024-05-30T15:03:18.437+0000][16137.856s][info][gc,phases   ] GC(3321)   Evacuate Collection Set: 43.1ms
[2024-05-30T15:03:18.437+0000][16137.856s][info][gc,phases   ] GC(3321)   Post Evacuate Collection Set: 2.3ms
[2024-05-30T15:03:18.437+0000][16137.856s][info][gc,phases   ] GC(3321)   Other: 0.2ms
[2024-05-30T15:03:18.437+0000][16137.856s][info][gc,heap     ] GC(3321) Eden regions: 747->0(61)
[2024-05-30T15:03:18.437+0000][16137.856s][info][gc,heap     ] GC(3321) Survivor regions: 14->15(96)
[2024-05-30T15:03:18.437+0000][16137.856s][info][gc,heap     ] GC(3321) Old regions: 407->407
[2024-05-30T15:03:18.437+0000][16137.856s][info][gc,heap     ] GC(3321) Archive regions: 2->2
[2024-05-30T15:03:18.437+0000][16137.856s][info][gc,heap     ] GC(3321) Humongous regions: 40->40
[2024-05-30T15:03:18.437+0000][16137.856s][info][gc,metaspace] GC(3321) Metaspace: 435374K(441408K)->435374K(441408K) NonClass: 381261K(384576K)->381261K(384576K) Class: 54113K(56832K)->54113K(56832K)
[2024-05-30T15:03:18.437+0000][16137.856s][info][gc          ] GC(3321) Pause Young (Prepare Mixed) (G1 Evacuation Pause) 9662M->3698M(12288M) 46.151ms
[2024-05-30T15:03:18.437+0000][16137.856s][info][gc,cpu      ] GC(3321) User=0.28s Sys=0.00s Real=0.05s
[2024-05-30T15:03:19.493+0000][16138.912s][info][gc,start    ] GC(3322) Pause Young (Mixed) (G1 Evacuation Pause)
[2024-05-30T15:03:19.493+0000][16138.912s][info][gc,task     ] GC(3322) Using 6 workers of 6 for evacuation
[2024-05-30T15:03:19.579+0000][16138.998s][info][gc,phases   ] GC(3322)   Pre Evacuate Collection Set: 0.2ms
[2024-05-30T15:03:19.579+0000][16138.998s][info][gc,phases   ] GC(3322)   Merge Heap Roots: 0.5ms
[2024-05-30T15:03:19.579+0000][16138.998s][info][gc,phases   ] GC(3322)   Evacuate Collection Set: 83.9ms
[2024-05-30T15:03:19.579+0000][16138.998s][info][gc,phases   ] GC(3322)   Post Evacuate Collection Set: 1.4ms
[2024-05-30T15:03:19.579+0000][16138.998s][info][gc,phases   ] GC(3322)   Other: 0.2ms
[2024-05-30T15:03:19.579+0000][16138.998s][info][gc,heap     ] GC(3322) Eden regions: 61->0(756)
[2024-05-30T15:03:19.579+0000][16138.998s][info][gc,heap     ] GC(3322) Survivor regions: 15->6(10)
[2024-05-30T15:03:19.579+0000][16138.999s][info][gc,heap     ] GC(3322) Old regions: 407->407
[2024-05-30T15:03:19.579+0000][16138.999s][info][gc,heap     ] GC(3322) Archive regions: 2->2
[2024-05-30T15:03:19.579+0000][16138.999s][info][gc,heap     ] GC(3322) Humongous regions: 40->40
[2024-05-30T15:03:19.579+0000][16138.999s][info][gc,metaspace] GC(3322) Metaspace: 435374K(441408K)->435374K(441408K) NonClass: 381261K(384576K)->381261K(384576K) Class: 54113K(56832K)->54113K(56832K)
[2024-05-30T15:03:19.579+0000][16138.999s][info][gc          ] GC(3322) Pause Young (Mixed) (G1 Evacuation Pause) 4186M->3627M(12288M) 86.211ms
[2024-05-30T15:03:19.579+0000][16138.999s][info][gc,cpu      ] GC(3322) User=0.51s Sys=0.00s Real=0.09s
[2024-05-30T15:03:31.407+0000][16150.826s][info][gc,start    ] GC(3323) Pause Young (Normal) (G1 Evacuation Pause)
[2024-05-30T15:03:31.407+0000][16150.826s][info][gc,task     ] GC(3323) Using 6 workers of 6 for evacuation
[2024-05-30T15:03:31.431+0000][16150.850s][info][gc,phases   ] GC(3323)   Pre Evacuate Collection Set: 0.2ms
[2024-05-30T15:03:31.431+0000][16150.850s][info][gc,phases   ] GC(3323)   Merge Heap Roots: 0.2ms
[2024-05-30T15:03:31.431+0000][16150.850s][info][gc,phases   ] GC(3323)   Evacuate Collection Set: 20.7ms
[2024-05-30T15:03:31.431+0000][16150.850s][info][gc,phases   ] GC(3323)   Post Evacuate Collection Set: 2.2ms
[2024-05-30T15:03:31.431+0000][16150.850s][info][gc,phases   ] GC(3323)   Other: 0.2ms
[2024-05-30T15:03:31.431+0000][16150.850s][info][gc,heap     ] GC(3323) Eden regions: 756->0(753)
[2024-05-30T15:03:31.431+0000][16150.850s][info][gc,heap     ] GC(3323) Survivor regions: 6->9(96)
[2024-05-30T15:03:31.431+0000][16150.850s][info][gc,heap     ] GC(3323) Old regions: 407->407
[2024-05-30T15:03:31.431+0000][16150.850s][info][gc,heap     ] GC(3323) Archive regions: 2->2
[2024-05-30T15:03:31.431+0000][16150.850s][info][gc,heap     ] GC(3323) Humongous regions: 40->40
[2024-05-30T15:03:31.431+0000][16150.850s][info][gc,metaspace] GC(3323) Metaspace: 435374K(441408K)->435374K(441408K) NonClass: 381261K(384576K)->381261K(384576K) Class: 54113K(56832K)->54113K(56832K)
[2024-05-30T15:03:31.431+0000][16150.850s][info][gc          ] GC(3323) Pause Young (Normal) (G1 Evacuation Pause) 9675M->3651M(12288M) 23.615ms
[2024-05-30T15:03:31.431+0000][16150.850s][info][gc,cpu      ] GC(3323) User=0.13s Sys=0.00s Real=0.03s
[2024-05-30T15:03:43.239+0000][16162.658s][info][gc,start    ] GC(3324) Pause Young (Normal) (G1 Evacuation Pause)
[2024-05-30T15:03:43.239+0000][16162.658s][info][gc,task     ] GC(3324) Using 6 workers of 6 for evacuation
[2024-05-30T15:03:43.273+0000][16162.693s][info][gc,phases   ] GC(3324)   Pre Evacuate Collection Set: 0.2ms
[2024-05-30T15:03:43.273+0000][16162.693s][info][gc,phases   ] GC(3324)   Merge Heap Roots: 0.2ms
[2024-05-30T15:03:43.273+0000][16162.693s][info][gc,phases   ] GC(3324)   Evacuate Collection Set: 31.6ms
[2024-05-30T15:03:43.273+0000][16162.693s][info][gc,phases   ] GC(3324)   Post Evacuate Collection Set: 2.3ms
[2024-05-30T15:03:43.273+0000][16162.693s][info][gc,phases   ] GC(3324)   Other: 0.2ms
[2024-05-30T15:03:43.273+0000][16162.693s][info][gc,heap     ] GC(3324) Eden regions: 753->0(752)
[2024-05-30T15:03:43.273+0000][16162.693s][info][gc,heap     ] GC(3324) Survivor regions: 9->11(96)
[2024-05-30T15:03:43.274+0000][16162.693s][info][gc,heap     ] GC(3324) Old regions: 407->407
[2024-05-30T15:03:43.274+0000][16162.693s][info][gc,heap     ] GC(3324) Archive regions: 2->2
[2024-05-30T15:03:43.274+0000][16162.693s][info][gc,heap     ] GC(3324) Humongous regions: 40->40
[2024-05-30T15:03:43.274+0000][16162.693s][info][gc,metaspace] GC(3324) Metaspace: 435375K(441408K)->435375K(441408K) NonClass: 381262K(384576K)->381262K(384576K) Class: 54113K(56832K)->54113K(56832K)
[2024-05-30T15:03:43.274+0000][16162.693s][info][gc          ] GC(3324) Pause Young (Normal) (G1 Evacuation Pause) 9675M->3668M(12288M) 34.509ms
[2024-05-30T15:03:43.274+0000][16162.693s][info][gc,cpu      ] GC(3324) User=0.20s Sys=0.00s Real=0.03s
[2024-05-30T15:03:49.495+0000][16168.914s][info][gc,start    ] GC(3325) Pause Young (Concurrent Start) (G1 Evacuation Pause)
[2024-05-30T15:03:49.495+0000][16168.914s][info][gc,task     ] GC(3325) Using 6 workers of 6 for evacuation
[2024-05-30T15:03:49.572+0000][16168.992s][info][gc,phases   ] GC(3325)   Pre Evacuate Collection Set: 0.5ms
[2024-05-30T15:03:49.572+0000][16168.992s][info][gc,phases   ] GC(3325)   Merge Heap Roots: 0.3ms
[2024-05-30T15:03:49.572+0000][16168.992s][info][gc,phases   ] GC(3325)   Evacuate Collection Set: 62.4ms
[2024-05-30T15:03:49.572+0000][16168.992s][info][gc,phases   ] GC(3325)   Post Evacuate Collection Set: 13.9ms
[2024-05-30T15:03:49.572+0000][16168.992s][info][gc,phases   ] GC(3325)   Other: 0.3ms
[2024-05-30T15:03:49.572+0000][16168.992s][info][gc,heap     ] GC(3325) Eden regions: 752->0(745)
[2024-05-30T15:03:49.572+0000][16168.992s][info][gc,heap     ] GC(3325) Survivor regions: 11->16(96)
[2024-05-30T15:03:49.572+0000][16168.992s][info][gc,heap     ] GC(3325) Old regions: 407->407
[2024-05-30T15:03:49.572+0000][16168.992s][info][gc,heap     ] GC(3325) Archive regions: 2->2
[2024-05-30T15:03:49.572+0000][16168.992s][info][gc,heap     ] GC(3325) Humongous regions: 40->40
[2024-05-30T15:03:49.572+0000][16168.992s][info][gc,metaspace] GC(3325) Metaspace: 435375K(441408K)->435375K(441408K) NonClass: 381262K(384576K)->381262K(384576K) Class: 54113K(56832K)->54113K(56832K)
[2024-05-30T15:03:49.572+0000][16168.992s][info][gc          ] GC(3325) Pause Young (Concurrent Start) (G1 Evacuation Pause) 9684M->3705M(12288M) 77.459ms
[2024-05-30T15:03:49.573+0000][16168.992s][info][gc,cpu      ] GC(3325) User=0.44s Sys=0.00s Real=0.08s
[2024-05-30T15:03:49.573+0000][16168.992s][info][gc          ] GC(3326) Concurrent Mark Cycle
[2024-05-30T15:03:49.573+0000][16168.992s][info][gc,marking  ] GC(3326) Concurrent Clear Claimed Marks
[2024-05-30T15:03:49.573+0000][16168.992s][info][gc,marking  ] GC(3326) Concurrent Clear Claimed Marks 0.417ms
[2024-05-30T15:03:49.573+0000][16168.992s][info][gc,marking  ] GC(3326) Concurrent Scan Root Regions
[2024-05-30T15:03:49.631+0000][16169.050s][info][gc,marking  ] GC(3326) Concurrent Scan Root Regions 58.141ms
[2024-05-30T15:03:49.631+0000][16169.050s][info][gc,marking  ] GC(3326) Concurrent Mark
[2024-05-30T15:03:49.631+0000][16169.050s][info][gc,marking  ] GC(3326) Concurrent Mark From Roots
[2024-05-30T15:03:49.631+0000][16169.050s][info][gc,task     ] GC(3326) Using 2 workers of 2 for marking
[2024-05-30T15:03:52.398+0000][16171.817s][info][gc,marking  ] GC(3326) Concurrent Mark From Roots 2766.954ms
[2024-05-30T15:03:52.398+0000][16171.817s][info][gc,marking  ] GC(3326) Concurrent Preclean
[2024-05-30T15:03:52.400+0000][16171.819s][info][gc,marking  ] GC(3326) Concurrent Preclean 1.349ms
[2024-05-30T15:03:52.400+0000][16171.819s][info][gc,start    ] GC(3326) Pause Remark
[2024-05-30T15:03:52.424+0000][16171.844s][info][gc          ] GC(3326) Pause Remark 9093M->9093M(12288M) 24.625ms
[2024-05-30T15:03:52.424+0000][16171.844s][info][gc,cpu      ] GC(3326) User=0.11s Sys=0.01s Real=0.02s
[2024-05-30T15:03:52.425+0000][16171.844s][info][gc,marking  ] GC(3326) Concurrent Mark 2793.331ms
[2024-05-30T15:03:52.425+0000][16171.844s][info][gc,marking  ] GC(3326) Concurrent Rebuild Remembered Sets
[2024-05-30T15:03:52.740+0000][16172.159s][info][gc,start    ] GC(3327) Pause Young (Normal) (G1 Evacuation Pause)
[2024-05-30T15:03:52.740+0000][16172.159s][info][gc,task     ] GC(3327) Using 6 workers of 6 for evacuation
[2024-05-30T15:03:52.851+0000][16172.271s][info][gc,phases   ] GC(3327)   Pre Evacuate Collection Set: 0.2ms
[2024-05-30T15:03:52.851+0000][16172.271s][info][gc,phases   ] GC(3327)   Merge Heap Roots: 0.4ms
[2024-05-30T15:03:52.851+0000][16172.271s][info][gc,phases   ] GC(3327)   Evacuate Collection Set: 91.5ms
[2024-05-30T15:03:52.851+0000][16172.271s][info][gc,phases   ] GC(3327)   Post Evacuate Collection Set: 19.3ms
[2024-05-30T15:03:52.851+0000][16172.271s][info][gc,phases   ] GC(3327)   Other: 0.2ms
[2024-05-30T15:03:52.851+0000][16172.271s][info][gc,heap     ] GC(3327) Eden regions: 745->0(737)
[2024-05-30T15:03:52.851+0000][16172.271s][info][gc,heap     ] GC(3327) Survivor regions: 16->21(96)
[2024-05-30T15:03:52.851+0000][16172.271s][info][gc,heap     ] GC(3327) Old regions: 407->407
[2024-05-30T15:03:52.851+0000][16172.271s][info][gc,heap     ] GC(3327) Archive regions: 2->2
[2024-05-30T15:03:52.851+0000][16172.271s][info][gc,heap     ] GC(3327) Humongous regions: 40->40
[2024-05-30T15:03:52.851+0000][16172.271s][info][gc,metaspace] GC(3327) Metaspace: 435408K(441472K)->435408K(441472K) NonClass: 381294K(384640K)->381294K(384640K) Class: 54113K(56832K)->54113K(56832K)
[2024-05-30T15:03:52.851+0000][16172.271s][info][gc          ] GC(3327) Pause Young (Normal) (G1 Evacuation Pause) 9665M->3748M(12288M) 111.651ms
[2024-05-30T15:03:52.852+0000][16172.271s][info][gc,cpu      ] GC(3327) User=0.65s Sys=0.00s Real=0.11s
[2024-05-30T15:03:54.060+0000][16173.479s][info][gc,marking  ] GC(3326) Concurrent Rebuild Remembered Sets 1635.127ms
[2024-05-30T15:03:54.060+0000][16173.479s][info][gc,start    ] GC(3326) Pause Cleanup
[2024-05-30T15:03:54.061+0000][16173.480s][info][gc          ] GC(3326) Pause Cleanup 5844M->5844M(12288M) 0.718ms
[2024-05-30T15:03:54.061+0000][16173.480s][info][gc,cpu      ] GC(3326) User=0.00s Sys=0.00s Real=0.00s
[2024-05-30T15:03:54.061+0000][16173.480s][info][gc,marking  ] GC(3326) Concurrent Cleanup for Next Mark
[2024-05-30T15:03:54.078+0000][16173.498s][info][gc,marking  ] GC(3326) Concurrent Cleanup for Next Mark 17.560ms
[2024-05-30T15:03:54.078+0000][16173.498s][info][gc          ] GC(3326) Concurrent Mark Cycle 4505.872ms
[2024-05-30T15:03:55.711+0000][16175.130s][info][gc,start    ] GC(3328) Pause Young (Prepare Mixed) (G1 Evacuation Pause)
[2024-05-30T15:03:55.711+0000][16175.130s][info][gc,task     ] GC(3328) Using 6 workers of 6 for evacuation
[2024-05-30T15:03:55.816+0000][16175.235s][info][gc,phases   ] GC(3328)   Pre Evacuate Collection Set: 0.2ms
[2024-05-30T15:03:55.816+0000][16175.235s][info][gc,phases   ] GC(3328)   Merge Heap Roots: 0.7ms
[2024-05-30T15:03:55.816+0000][16175.235s][info][gc,phases   ] GC(3328)   Evacuate Collection Set: 89.5ms
[2024-05-30T15:03:55.816+0000][16175.235s][info][gc,phases   ] GC(3328)   Post Evacuate Collection Set: 14.5ms
[2024-05-30T15:03:55.816+0000][16175.235s][info][gc,phases   ] GC(3328)   Other: 0.2ms
[2024-05-30T15:03:55.816+0000][16175.235s][info][gc,heap     ] GC(3328) Eden regions: 737->0(52)
[2024-05-30T15:03:55.816+0000][16175.235s][info][gc,heap     ] GC(3328) Survivor regions: 21->24(95)
[2024-05-30T15:03:55.816+0000][16175.235s][info][gc,heap     ] GC(3328) Old regions: 407->407
[2024-05-30T15:03:55.816+0000][16175.235s][info][gc,heap     ] GC(3328) Archive regions: 2->2
[2024-05-30T15:03:55.816+0000][16175.235s][info][gc,heap     ] GC(3328) Humongous regions: 40->40
[2024-05-30T15:03:55.816+0000][16175.235s][info][gc,metaspace] GC(3328) Metaspace: 435408K(441472K)->435408K(441472K) NonClass: 381294K(384640K)->381294K(384640K) Class: 54113K(56832K)->54113K(56832K)
[2024-05-30T15:03:55.816+0000][16175.235s][info][gc          ] GC(3328) Pause Young (Prepare Mixed) (G1 Evacuation Pause) 9644M->3768M(12288M) 105.157ms
[2024-05-30T15:03:55.816+0000][16175.235s][info][gc,cpu      ] GC(3328) User=0.61s Sys=0.00s Real=0.10s
[2024-05-30T15:03:55.958+0000][16175.377s][info][gc,start    ] GC(3329) Pause Young (Mixed) (G1 Evacuation Pause)
[2024-05-30T15:03:55.958+0000][16175.377s][info][gc,task     ] GC(3329) Using 6 workers of 6 for evacuation
[2024-05-30T15:03:56.088+0000][16175.508s][info][gc,phases   ] GC(3329)   Pre Evacuate Collection Set: 0.2ms
[2024-05-30T15:03:56.088+0000][16175.508s][info][gc,phases   ] GC(3329)   Merge Heap Roots: 0.6ms
[2024-05-30T15:03:56.088+0000][16175.508s][info][gc,phases   ] GC(3329)   Evacuate Collection Set: 127.7ms
[2024-05-30T15:03:56.088+0000][16175.508s][info][gc,phases   ] GC(3329)   Post Evacuate Collection Set: 1.6ms
[2024-05-30T15:03:56.088+0000][16175.508s][info][gc,phases   ] GC(3329)   Other: 0.2ms
[2024-05-30T15:03:56.088+0000][16175.508s][info][gc,heap     ] GC(3329) Eden regions: 52->0(748)
[2024-05-30T15:03:56.088+0000][16175.508s][info][gc,heap     ] GC(3329) Survivor regions: 24->6(10)
[2024-05-30T15:03:56.088+0000][16175.508s][info][gc,heap     ] GC(3329) Old regions: 407->414
[2024-05-30T15:03:56.088+0000][16175.508s][info][gc,heap     ] GC(3329) Archive regions: 2->2
[2024-05-30T15:03:56.088+0000][16175.508s][info][gc,heap     ] GC(3329) Humongous regions: 40->40
[2024-05-30T15:03:56.088+0000][16175.508s][info][gc,metaspace] GC(3329) Metaspace: 435408K(441472K)->435408K(441472K) NonClass: 381294K(384640K)->381294K(384640K) Class: 54113K(56832K)->54113K(56832K)
[2024-05-30T15:03:56.088+0000][16175.508s][info][gc          ] GC(3329) Pause Young (Mixed) (G1 Evacuation Pause) 4184M->3676M(12288M) 130.318ms
[2024-05-30T15:03:56.089+0000][16175.508s][info][gc,cpu      ] GC(3329) User=0.78s Sys=0.00s Real=0.13s
[2024-05-30T15:03:58.418+0000][16177.837s][info][gc,start    ] GC(3330) Pause Young (Normal) (G1 Evacuation Pause)
[2024-05-30T15:03:58.418+0000][16177.837s][info][gc,task     ] GC(3330) Using 6 workers of 6 for evacuation
[2024-05-30T15:03:58.496+0000][16177.916s][info][gc,phases   ] GC(3330)   Pre Evacuate Collection Set: 0.2ms
[2024-05-30T15:03:58.496+0000][16177.916s][info][gc,phases   ] GC(3330)   Merge Heap Roots: 0.3ms
[2024-05-30T15:03:58.496+0000][16177.916s][info][gc,phases   ] GC(3330)   Evacuate Collection Set: 61.0ms
[2024-05-30T15:03:58.496+0000][16177.916s][info][gc,phases   ] GC(3330)   Post Evacuate Collection Set: 17.1ms
[2024-05-30T15:03:58.496+0000][16177.916s][info][gc,phases   ] GC(3330)   Other: 0.2ms
[2024-05-30T15:03:58.496+0000][16177.916s][info][gc,heap     ] GC(3330) Eden regions: 748->0(744)
[2024-05-30T15:03:58.496+0000][16177.916s][info][gc,heap     ] GC(3330) Survivor regions: 6->10(95)
[2024-05-30T15:03:58.496+0000][16177.916s][info][gc,heap     ] GC(3330) Old regions: 414->414
[2024-05-30T15:03:58.496+0000][16177.916s][info][gc,heap     ] GC(3330) Archive regions: 2->2
[2024-05-30T15:03:58.496+0000][16177.916s][info][gc,heap     ] GC(3330) Humongous regions: 40->40
[2024-05-30T15:03:58.496+0000][16177.916s][info][gc,metaspace] GC(3330) Metaspace: 435408K(441472K)->435408K(441472K) NonClass: 381294K(384640K)->381294K(384640K) Class: 54113K(56832K)->54113K(56832K)
[2024-05-30T15:03:58.497+0000][16177.916s][info][gc          ] GC(3330) Pause Young (Normal) (G1 Evacuation Pause) 9660M->3712M(12288M) 78.931ms
[2024-05-30T15:03:58.497+0000][16177.916s][info][gc,cpu      ] GC(3330) User=0.46s Sys=0.00s Real=0.08s
[2024-05-30T15:04:01.026+0000][16180.445s][info][gc,start    ] GC(3331) Pause Young (Normal) (G1 Evacuation Pause)
[2024-05-30T15:04:01.026+0000][16180.446s][info][gc,task     ] GC(3331) Using 6 workers of 6 for evacuation
[2024-05-30T15:04:01.122+0000][16180.541s][info][gc,phases   ] GC(3331)   Pre Evacuate Collection Set: 0.2ms
[2024-05-30T15:04:01.122+0000][16180.541s][info][gc,phases   ] GC(3331)   Merge Heap Roots: 0.6ms
[2024-05-30T15:04:01.122+0000][16180.541s][info][gc,phases   ] GC(3331)   Evacuate Collection Set: 76.2ms
[2024-05-30T15:04:01.122+0000][16180.541s][info][gc,phases   ] GC(3331)   Post Evacuate Collection Set: 18.3ms
[2024-05-30T15:04:01.122+0000][16180.541s][info][gc,phases   ] GC(3331)   Other: 0.2ms
[2024-05-30T15:04:01.122+0000][16180.541s][info][gc,heap     ] GC(3331) Eden regions: 744->0(746)
[2024-05-30T15:04:01.122+0000][16180.541s][info][gc,heap     ] GC(3331) Survivor regions: 10->9(95)
[2024-05-30T15:04:01.122+0000][16180.541s][info][gc,heap     ] GC(3331) Old regions: 414->414
[2024-05-30T15:04:01.122+0000][16180.541s][info][gc,heap     ] GC(3331) Archive regions: 2->2
[2024-05-30T15:04:01.122+0000][16180.541s][info][gc,heap     ] GC(3331) Humongous regions: 40->40
[2024-05-30T15:04:01.122+0000][16180.541s][info][gc,metaspace] GC(3331) Metaspace: 435408K(441472K)->435408K(441472K) NonClass: 381294K(384640K)->381294K(384640K) Class: 54113K(56832K)->54113K(56832K)
[2024-05-30T15:04:01.122+0000][16180.541s][info][gc          ] GC(3331) Pause Young (Normal) (G1 Evacuation Pause) 9664M->3699M(12288M) 95.599ms
[2024-05-30T15:04:01.122+0000][16180.541s][info][gc,cpu      ] GC(3331) User=0.56s Sys=0.00s Real=0.10s
[2024-05-30T15:04:11.597+0000][16191.016s][info][gc,start    ] GC(3332) Pause Young (Concurrent Start) (G1 Evacuation Pause)
[2024-05-30T15:04:11.597+0000][16191.016s][info][gc,task     ] GC(3332) Using 6 workers of 6 for evacuation
[2024-05-30T15:04:11.619+0000][16191.039s][info][gc,phases   ] GC(3332)   Pre Evacuate Collection Set: 0.5ms
[2024-05-30T15:04:11.619+0000][16191.039s][info][gc,phases   ] GC(3332)   Merge Heap Roots: 0.3ms
[2024-05-30T15:04:11.619+0000][16191.039s][info][gc,phases   ] GC(3332)   Evacuate Collection Set: 19.4ms
[2024-05-30T15:04:11.619+0000][16191.039s][info][gc,phases   ] GC(3332)   Post Evacuate Collection Set: 2.1ms
[2024-05-30T15:04:11.619+0000][16191.039s][info][gc,phases   ] GC(3332)   Other: 0.3ms
[2024-05-30T15:04:11.619+0000][16191.039s][info][gc,heap     ] GC(3332) Eden regions: 746->0(747)
[2024-05-30T15:04:11.619+0000][16191.039s][info][gc,heap     ] GC(3332) Survivor regions: 9->8(95)
[2024-05-30T15:04:11.619+0000][16191.039s][info][gc,heap     ] GC(3332) Old regions: 414->414
[2024-05-30T15:04:11.619+0000][16191.039s][info][gc,heap     ] GC(3332) Archive regions: 2->2
[2024-05-30T15:04:11.619+0000][16191.039s][info][gc,heap     ] GC(3332) Humongous regions: 40->40
[2024-05-30T15:04:11.619+0000][16191.039s][info][gc,metaspace] GC(3332) Metaspace: 435408K(441472K)->435408K(441472K) NonClass: 381294K(384640K)->381294K(384640K) Class: 54113K(56832K)->54113K(56832K)
[2024-05-30T15:04:11.619+0000][16191.039s][info][gc          ] GC(3332) Pause Young (Concurrent Start) (G1 Evacuation Pause) 9667M->3692M(12288M) 22.678ms
[2024-05-30T15:04:11.619+0000][16191.039s][info][gc,cpu      ] GC(3332) User=0.13s Sys=0.00s Real=0.02s
[2024-05-30T15:04:11.620+0000][16191.039s][info][gc          ] GC(3333) Concurrent Mark Cycle
[2024-05-30T15:04:11.620+0000][16191.039s][info][gc,marking  ] GC(3333) Concurrent Clear Claimed Marks
[2024-05-30T15:04:11.620+0000][16191.039s][info][gc,marking  ] GC(3333) Concurrent Clear Claimed Marks 0.374ms
[2024-05-30T15:04:11.620+0000][16191.039s][info][gc,marking  ] GC(3333) Concurrent Scan Root Regions
[2024-05-30T15:04:11.632+0000][16191.051s][info][gc,marking  ] GC(3333) Concurrent Scan Root Regions 11.605ms
[2024-05-30T15:04:11.632+0000][16191.051s][info][gc,marking  ] GC(3333) Concurrent Mark
[2024-05-30T15:04:11.632+0000][16191.051s][info][gc,marking  ] GC(3333) Concurrent Mark From Roots
[2024-05-30T15:04:11.632+0000][16191.051s][info][gc,task     ] GC(3333) Using 2 workers of 2 for marking
[2024-05-30T15:04:14.007+0000][16193.426s][info][gc,marking  ] GC(3333) Concurrent Mark From Roots 2375.478ms
[2024-05-30T15:04:14.007+0000][16193.426s][info][gc,marking  ] GC(3333) Concurrent Preclean
[2024-05-30T15:04:14.009+0000][16193.428s][info][gc,marking  ] GC(3333) Concurrent Preclean 1.735ms
[2024-05-30T15:04:14.009+0000][16193.428s][info][gc,start    ] GC(3333) Pause Remark
[2024-05-30T15:04:14.034+0000][16193.453s][info][gc          ] GC(3333) Pause Remark 4824M->4813M(12288M) 24.713ms
[2024-05-30T15:04:14.034+0000][16193.453s][info][gc,cpu      ] GC(3333) User=0.11s Sys=0.00s Real=0.02s
[2024-05-30T15:04:14.034+0000][16193.453s][info][gc,marking  ] GC(3333) Concurrent Mark 2402.318ms
[2024-05-30T15:04:14.034+0000][16193.453s][info][gc,marking  ] GC(3333) Concurrent Rebuild Remembered Sets
[2024-05-30T15:04:15.309+0000][16194.728s][info][gc,marking  ] GC(3333) Concurrent Rebuild Remembered Sets 1274.931ms
[2024-05-30T15:04:15.309+0000][16194.728s][info][gc,start    ] GC(3333) Pause Cleanup
[2024-05-30T15:04:15.310+0000][16194.729s][info][gc          ] GC(3333) Pause Cleanup 5625M->5625M(12288M) 0.681ms
[2024-05-30T15:04:15.310+0000][16194.729s][info][gc,cpu      ] GC(3333) User=0.00s Sys=0.00s Real=0.00s
[2024-05-30T15:04:15.310+0000][16194.729s][info][gc,marking  ] GC(3333) Concurrent Cleanup for Next Mark
[2024-05-30T15:04:15.338+0000][16194.758s][info][gc,marking  ] GC(3333) Concurrent Cleanup for Next Mark 28.623ms
[2024-05-30T15:04:15.339+0000][16194.758s][info][gc          ] GC(3333) Concurrent Mark Cycle 3719.024ms
[2024-05-30T15:04:16.876+0000][16196.295s][info][gc,start    ] GC(3334) Pause Young (Prepare Mixed) (G1 Evacuation Pause)
[2024-05-30T15:04:16.876+0000][16196.295s][info][gc,task     ] GC(3334) Using 6 workers of 6 for evacuation
[2024-05-30T15:04:16.924+0000][16196.343s][info][gc,phases   ] GC(3334)   Pre Evacuate Collection Set: 0.2ms
[2024-05-30T15:04:16.924+0000][16196.343s][info][gc,phases   ] GC(3334)   Merge Heap Roots: 0.3ms
[2024-05-30T15:04:16.924+0000][16196.343s][info][gc,phases   ] GC(3334)   Evacuate Collection Set: 38.5ms
[2024-05-30T15:04:16.924+0000][16196.343s][info][gc,phases   ] GC(3334)   Post Evacuate Collection Set: 8.6ms
[2024-05-30T15:04:16.924+0000][16196.343s][info][gc,phases   ] GC(3334)   Other: 0.2ms
[2024-05-30T15:04:16.924+0000][16196.343s][info][gc,heap     ] GC(3334) Eden regions: 747->0(65)
[2024-05-30T15:04:16.924+0000][16196.343s][info][gc,heap     ] GC(3334) Survivor regions: 8->11(95)
[2024-05-30T15:04:16.924+0000][16196.343s][info][gc,heap     ] GC(3334) Old regions: 412->412
[2024-05-30T15:04:16.924+0000][16196.343s][info][gc,heap     ] GC(3334) Archive regions: 2->2
[2024-05-30T15:04:16.924+0000][16196.343s][info][gc,heap     ] GC(3334) Humongous regions: 40->40
[2024-05-30T15:04:16.924+0000][16196.343s][info][gc,metaspace] GC(3334) Metaspace: 435408K(441472K)->435408K(441472K) NonClass: 381294K(384640K)->381294K(384640K) Class: 54113K(56832K)->54113K(56832K)
[2024-05-30T15:04:16.924+0000][16196.343s][info][gc          ] GC(3334) Pause Young (Prepare Mixed) (G1 Evacuation Pause) 9657M->3704M(12288M) 47.848ms
[2024-05-30T15:04:16.924+0000][16196.343s][info][gc,cpu      ] GC(3334) User=0.28s Sys=0.00s Real=0.05s
[2024-05-30T15:04:17.136+0000][16196.556s][info][gc,start    ] GC(3335) Pause Young (Mixed) (G1 Evacuation Pause)
[2024-05-30T15:04:17.136+0000][16196.556s][info][gc,task     ] GC(3335) Using 6 workers of 6 for evacuation
[2024-05-30T15:04:17.212+0000][16196.631s][info][gc,phases   ] GC(3335)   Pre Evacuate Collection Set: 0.2ms
[2024-05-30T15:04:17.212+0000][16196.631s][info][gc,phases   ] GC(3335)   Merge Heap Roots: 0.4ms
[2024-05-30T15:04:17.212+0000][16196.631s][info][gc,phases   ] GC(3335)   Evacuate Collection Set: 72.3ms
[2024-05-30T15:04:17.212+0000][16196.631s][info][gc,phases   ] GC(3335)   Post Evacuate Collection Set: 2.7ms
[2024-05-30T15:04:17.212+0000][16196.631s][info][gc,phases   ] GC(3335)   Other: 0.2ms
[2024-05-30T15:04:17.212+0000][16196.632s][info][gc,heap     ] GC(3335) Eden regions: 65->0(763)
[2024-05-30T15:04:17.212+0000][16196.632s][info][gc,heap     ] GC(3335) Survivor regions: 11->6(10)
[2024-05-30T15:04:17.212+0000][16196.632s][info][gc,heap     ] GC(3335) Old regions: 412->400
[2024-05-30T15:04:17.212+0000][16196.632s][info][gc,heap     ] GC(3335) Archive regions: 2->2
[2024-05-30T15:04:17.212+0000][16196.632s][info][gc,heap     ] GC(3335) Humongous regions: 40->40
[2024-05-30T15:04:17.212+0000][16196.632s][info][gc,metaspace] GC(3335) Metaspace: 435408K(441472K)->435408K(441472K) NonClass: 381294K(384640K)->381294K(384640K) Class: 54113K(56832K)->54113K(56832K)
[2024-05-30T15:04:17.212+0000][16196.632s][info][gc          ] GC(3335) Pause Young (Mixed) (G1 Evacuation Pause) 4224M->3567M(12288M) 75.888ms
[2024-05-30T15:04:17.212+0000][16196.632s][info][gc,cpu      ] GC(3335) User=0.45s Sys=0.00s Real=0.07s
[2024-05-30T15:04:19.708+0000][16199.127s][info][gc,start    ] GC(3336) Pause Young (Normal) (G1 Evacuation Pause)
[2024-05-30T15:04:19.708+0000][16199.127s][info][gc,task     ] GC(3336) Using 6 workers of 6 for evacuation
[2024-05-30T15:04:19.783+0000][16199.203s][info][gc,phases   ] GC(3336)   Pre Evacuate Collection Set: 0.2ms
[2024-05-30T15:04:19.783+0000][16199.203s][info][gc,phases   ] GC(3336)   Merge Heap Roots: 0.2ms
[2024-05-30T15:04:19.783+0000][16199.203s][info][gc,phases   ] GC(3336)   Evacuate Collection Set: 57.4ms
[2024-05-30T15:04:19.783+0000][16199.203s][info][gc,phases   ] GC(3336)   Post Evacuate Collection Set: 17.1ms
[2024-05-30T15:04:19.783+0000][16199.203s][info][gc,phases   ] GC(3336)   Other: 0.2ms
[2024-05-30T15:04:19.783+0000][16199.203s][info][gc,heap     ] GC(3336) Eden regions: 763->0(758)
[2024-05-30T15:04:19.783+0000][16199.203s][info][gc,heap     ] GC(3336) Survivor regions: 6->11(97)
[2024-05-30T15:04:19.783+0000][16199.203s][info][gc,heap     ] GC(3336) Old regions: 400->400
[2024-05-30T15:04:19.783+0000][16199.203s][info][gc,heap     ] GC(3336) Archive regions: 2->2
[2024-05-30T15:04:19.783+0000][16199.203s][info][gc,heap     ] GC(3336) Humongous regions: 40->40
[2024-05-30T15:04:19.783+0000][16199.203s][info][gc,metaspace] GC(3336) Metaspace: 435408K(441472K)->435408K(441472K) NonClass: 381294K(384640K)->381294K(384640K) Class: 54113K(56832K)->54113K(56832K)
[2024-05-30T15:04:19.783+0000][16199.203s][info][gc          ] GC(3336) Pause Young (Normal) (G1 Evacuation Pause) 9671M->3604M(12288M) 75.218ms
[2024-05-30T15:04:19.783+0000][16199.203s][info][gc,cpu      ] GC(3336) User=0.44s Sys=0.00s Real=0.08s
[2024-05-30T15:04:22.224+0000][16201.643s][info][gc,start    ] GC(3337) Pause Young (Normal) (G1 Evacuation Pause)
[2024-05-30T15:04:22.224+0000][16201.643s][info][gc,task     ] GC(3337) Using 6 workers of 6 for evacuation
[2024-05-30T15:04:22.318+0000][16201.738s][info][gc,phases   ] GC(3337)   Pre Evacuate Collection Set: 0.2ms
[2024-05-30T15:04:22.318+0000][16201.738s][info][gc,phases   ] GC(3337)   Merge Heap Roots: 0.3ms
[2024-05-30T15:04:22.318+0000][16201.738s][info][gc,phases   ] GC(3337)   Evacuate Collection Set: 74.7ms
[2024-05-30T15:04:22.318+0000][16201.738s][info][gc,phases   ] GC(3337)   Post Evacuate Collection Set: 19.6ms
[2024-05-30T15:04:22.318+0000][16201.738s][info][gc,phases   ] GC(3337)   Other: 0.2ms
[2024-05-30T15:04:22.318+0000][16201.738s][info][gc,heap     ] GC(3337) Eden regions: 758->0(752)
[2024-05-30T15:04:22.318+0000][16201.738s][info][gc,heap     ] GC(3337) Survivor regions: 11->16(97)
[2024-05-30T15:04:22.319+0000][16201.738s][info][gc,heap     ] GC(3337) Old regions: 400->400
[2024-05-30T15:04:22.319+0000][16201.738s][info][gc,heap     ] GC(3337) Archive regions: 2->2
[2024-05-30T15:04:22.319+0000][16201.738s][info][gc,heap     ] GC(3337) Humongous regions: 40->40
[2024-05-30T15:04:22.319+0000][16201.738s][info][gc,metaspace] GC(3337) Metaspace: 435408K(441472K)->435408K(441472K) NonClass: 381294K(384640K)->381294K(384640K) Class: 54113K(56832K)->54113K(56832K)
[2024-05-30T15:04:22.319+0000][16201.738s][info][gc          ] GC(3337) Pause Young (Normal) (G1 Evacuation Pause) 9668M->3645M(12288M) 94.887ms
[2024-05-30T15:04:22.319+0000][16201.738s][info][gc,cpu      ] GC(3337) User=0.55s Sys=0.00s Real=0.10s
[2024-05-30T15:04:24.886+0000][16204.305s][info][gc,start    ] GC(3338) Pause Young (Concurrent Start) (G1 Evacuation Pause)
[2024-05-30T15:04:24.886+0000][16204.305s][info][gc,task     ] GC(3338) Using 6 workers of 6 for evacuation
[2024-05-30T15:04:25.004+0000][16204.423s][info][gc,phases   ] GC(3338)   Pre Evacuate Collection Set: 0.5ms
[2024-05-30T15:04:25.004+0000][16204.424s][info][gc,phases   ] GC(3338)   Merge Heap Roots: 0.3ms
[2024-05-30T15:04:25.004+0000][16204.424s][info][gc,phases   ] GC(3338)   Evacuate Collection Set: 96.6ms
[2024-05-30T15:04:25.004+0000][16204.424s][info][gc,phases   ] GC(3338)   Post Evacuate Collection Set: 21.0ms
[2024-05-30T15:04:25.004+0000][16204.424s][info][gc,phases   ] GC(3338)   Other: 0.3ms
[2024-05-30T15:04:25.004+0000][16204.424s][info][gc,heap     ] GC(3338) Eden regions: 752->0(742)
[2024-05-30T15:04:25.004+0000][16204.424s][info][gc,heap     ] GC(3338) Survivor regions: 16->22(96)
[2024-05-30T15:04:25.004+0000][16204.424s][info][gc,heap     ] GC(3338) Old regions: 400->400
[2024-05-30T15:04:25.004+0000][16204.424s][info][gc,heap     ] GC(3338) Archive regions: 2->2
[2024-05-30T15:04:25.004+0000][16204.424s][info][gc,heap     ] GC(3338) Humongous regions: 40->40
[2024-05-30T15:04:25.004+0000][16204.424s][info][gc,metaspace] GC(3338) Metaspace: 435408K(441472K)->435408K(441472K) NonClass: 381294K(384640K)->381294K(384640K) Class: 54113K(56832K)->54113K(56832K)
[2024-05-30T15:04:25.004+0000][16204.424s][info][gc          ] GC(3338) Pause Young (Concurrent Start) (G1 Evacuation Pause) 9661M->3698M(12288M) 118.802ms
[2024-05-30T15:04:25.004+0000][16204.424s][info][gc,cpu      ] GC(3338) User=0.70s Sys=0.00s Real=0.12s
[2024-05-30T15:04:25.004+0000][16204.424s][info][gc          ] GC(3339) Concurrent Mark Cycle
[2024-05-30T15:04:25.005+0000][16204.424s][info][gc,marking  ] GC(3339) Concurrent Clear Claimed Marks
[2024-05-30T15:04:25.005+0000][16204.424s][info][gc,marking  ] GC(3339) Concurrent Clear Claimed Marks 0.431ms
[2024-05-30T15:04:25.005+0000][16204.424s][info][gc,marking  ] GC(3339) Concurrent Scan Root Regions
[2024-05-30T15:04:25.093+0000][16204.512s][info][gc,marking  ] GC(3339) Concurrent Scan Root Regions 88.193ms
[2024-05-30T15:04:25.093+0000][16204.512s][info][gc,marking  ] GC(3339) Concurrent Mark
[2024-05-30T15:04:25.093+0000][16204.512s][info][gc,marking  ] GC(3339) Concurrent Mark From Roots
[2024-05-30T15:04:25.093+0000][16204.512s][info][gc,task     ] GC(3339) Using 2 workers of 2 for marking
[2024-05-30T15:04:27.565+0000][16206.984s][info][gc,marking  ] GC(3339) Concurrent Mark From Roots 2471.468ms
[2024-05-30T15:04:27.565+0000][16206.984s][info][gc,marking  ] GC(3339) Concurrent Preclean
[2024-05-30T15:04:27.566+0000][16206.985s][info][gc,marking  ] GC(3339) Concurrent Preclean 1.532ms
[2024-05-30T15:04:27.566+0000][16206.986s][info][gc,start    ] GC(3339) Pause Remark
[2024-05-30T15:04:27.591+0000][16207.010s][info][gc          ] GC(3339) Pause Remark 9602M->9602M(12288M) 24.616ms
[2024-05-30T15:04:27.591+0000][16207.010s][info][gc,cpu      ] GC(3339) User=0.11s Sys=0.00s Real=0.03s
[2024-05-30T15:04:27.591+0000][16207.010s][info][gc,marking  ] GC(3339) Concurrent Mark 2498.018ms
[2024-05-30T15:04:27.591+0000][16207.010s][info][gc,marking  ] GC(3339) Concurrent Rebuild Remembered Sets
[2024-05-30T15:04:27.607+0000][16207.026s][info][gc,start    ] GC(3340) Pause Young (Normal) (G1 Evacuation Pause)
[2024-05-30T15:04:27.607+0000][16207.026s][info][gc,task     ] GC(3340) Using 6 workers of 6 for evacuation
[2024-05-30T15:04:27.731+0000][16207.150s][info][gc,phases   ] GC(3340)   Pre Evacuate Collection Set: 0.2ms
[2024-05-30T15:04:27.731+0000][16207.150s][info][gc,phases   ] GC(3340)   Merge Heap Roots: 0.3ms
[2024-05-30T15:04:27.731+0000][16207.150s][info][gc,phases   ] GC(3340)   Evacuate Collection Set: 103.2ms
[2024-05-30T15:04:27.731+0000][16207.150s][info][gc,phases   ] GC(3340)   Post Evacuate Collection Set: 19.7ms
[2024-05-30T15:04:27.731+0000][16207.150s][info][gc,phases   ] GC(3340)   Other: 0.2ms
[2024-05-30T15:04:27.731+0000][16207.150s][info][gc,heap     ] GC(3340) Eden regions: 742->0(734)
[2024-05-30T15:04:27.731+0000][16207.150s][info][gc,heap     ] GC(3340) Survivor regions: 22->26(96)
[2024-05-30T15:04:27.731+0000][16207.150s][info][gc,heap     ] GC(3340) Old regions: 400->400
[2024-05-30T15:04:27.731+0000][16207.150s][info][gc,heap     ] GC(3340) Archive regions: 2->2
[2024-05-30T15:04:27.731+0000][16207.150s][info][gc,heap     ] GC(3340) Humongous regions: 40->40
[2024-05-30T15:04:27.731+0000][16207.150s][info][gc,metaspace] GC(3340) Metaspace: 435409K(441472K)->435409K(441472K) NonClass: 381296K(384640K)->381296K(384640K) Class: 54113K(56832K)->54113K(56832K)
[2024-05-30T15:04:27.731+0000][16207.150s][info][gc          ] GC(3340) Pause Young (Normal) (G1 Evacuation Pause) 9634M->3726M(12288M) 123.717ms
[2024-05-30T15:04:27.731+0000][16207.150s][info][gc,cpu      ] GC(3340) User=0.72s Sys=0.00s Real=0.13s
[2024-05-30T15:04:29.001+0000][16208.421s][info][gc,marking  ] GC(3339) Concurrent Rebuild Remembered Sets 1410.079ms
[2024-05-30T15:04:29.001+0000][16208.421s][info][gc,start    ] GC(3339) Pause Cleanup
[2024-05-30T15:04:29.002+0000][16208.421s][info][gc          ] GC(3339) Pause Cleanup 6674M->6674M(12288M) 0.663ms
[2024-05-30T15:04:29.002+0000][16208.421s][info][gc,cpu      ] GC(3339) User=0.00s Sys=0.00s Real=0.00s
[2024-05-30T15:04:29.002+0000][16208.421s][info][gc,marking  ] GC(3339) Concurrent Cleanup for Next Mark
[2024-05-30T15:04:29.019+0000][16208.438s][info][gc,marking  ] GC(3339) Concurrent Cleanup for Next Mark 16.786ms
[2024-05-30T15:04:29.019+0000][16208.438s][info][gc          ] GC(3339) Concurrent Mark Cycle 4014.562ms
[2024-05-30T15:04:30.160+0000][16209.579s][info][gc,start    ] GC(3341) Pause Young (Prepare Mixed) (G1 Evacuation Pause)
[2024-05-30T15:04:30.160+0000][16209.579s][info][gc,task     ] GC(3341) Using 6 workers of 6 for evacuation
[2024-05-30T15:04:30.301+0000][16209.720s][info][gc,phases   ] GC(3341)   Pre Evacuate Collection Set: 0.2ms
[2024-05-30T15:04:30.301+0000][16209.720s][info][gc,phases   ] GC(3341)   Merge Heap Roots: 0.7ms
[2024-05-30T15:04:30.301+0000][16209.720s][info][gc,phases   ] GC(3341)   Evacuate Collection Set: 117.9ms
[2024-05-30T15:04:30.301+0000][16209.720s][info][gc,phases   ] GC(3341)   Post Evacuate Collection Set: 21.6ms
[2024-05-30T15:04:30.301+0000][16209.720s][info][gc,phases   ] GC(3341)   Other: 0.2ms
[2024-05-30T15:04:30.301+0000][16209.720s][info][gc,heap     ] GC(3341) Eden regions: 734->0(48)
[2024-05-30T15:04:30.301+0000][16209.720s][info][gc,heap     ] GC(3341) Survivor regions: 26->28(95)
[2024-05-30T15:04:30.301+0000][16209.720s][info][gc,heap     ] GC(3341) Old regions: 400->400
[2024-05-30T15:04:30.301+0000][16209.720s][info][gc,heap     ] GC(3341) Archive regions: 2->2
[2024-05-30T15:04:30.301+0000][16209.720s][info][gc,heap     ] GC(3341) Humongous regions: 40->40
[2024-05-30T15:04:30.301+0000][16209.720s][info][gc,metaspace] GC(3341) Metaspace: 435409K(441472K)->435409K(441472K) NonClass: 381296K(384640K)->381296K(384640K) Class: 54113K(56832K)->54113K(56832K)
[2024-05-30T15:04:30.301+0000][16209.720s][info][gc          ] GC(3341) Pause Young (Prepare Mixed) (G1 Evacuation Pause) 9598M->3742M(12288M) 140.568ms
[2024-05-30T15:04:30.301+0000][16209.720s][info][gc,cpu      ] GC(3341) User=0.84s Sys=0.00s Real=0.14s
[2024-05-30T15:04:30.517+0000][16209.936s][info][gc,start    ] GC(3342) Pause Young (Mixed) (G1 Evacuation Pause)
[2024-05-30T15:04:30.517+0000][16209.936s][info][gc,task     ] GC(3342) Using 6 workers of 6 for evacuation
[2024-05-30T15:04:30.669+0000][16210.088s][info][gc,phases   ] GC(3342)   Pre Evacuate Collection Set: 0.2ms
[2024-05-30T15:04:30.669+0000][16210.088s][info][gc,phases   ] GC(3342)   Merge Heap Roots: 0.5ms
[2024-05-30T15:04:30.669+0000][16210.088s][info][gc,phases   ] GC(3342)   Evacuate Collection Set: 148.7ms
[2024-05-30T15:04:30.669+0000][16210.088s][info][gc,phases   ] GC(3342)   Post Evacuate Collection Set: 2.8ms
[2024-05-30T15:04:30.669+0000][16210.088s][info][gc,phases   ] GC(3342)   Other: 0.2ms
[2024-05-30T15:04:30.669+0000][16210.088s][info][gc,heap     ] GC(3342) Eden regions: 48->0(754)
[2024-05-30T15:04:30.669+0000][16210.088s][info][gc,heap     ] GC(3342) Survivor regions: 28->3(10)
[2024-05-30T15:04:30.669+0000][16210.088s][info][gc,heap     ] GC(3342) Old regions: 400->411
[2024-05-30T15:04:30.669+0000][16210.088s][info][gc,heap     ] GC(3342) Archive regions: 2->2
[2024-05-30T15:04:30.669+0000][16210.088s][info][gc,heap     ] GC(3342) Humongous regions: 40->40
[2024-05-30T15:04:30.669+0000][16210.088s][info][gc,metaspace] GC(3342) Metaspace: 435409K(441472K)->435409K(441472K) NonClass: 381296K(384640K)->381296K(384640K) Class: 54113K(56832K)->54113K(56832K)
[2024-05-30T15:04:30.669+0000][16210.088s][info][gc          ] GC(3342) Pause Young (Mixed) (G1 Evacuation Pause) 4126M->3636M(12288M) 152.343ms
[2024-05-30T15:04:30.669+0000][16210.088s][info][gc,cpu      ] GC(3342) User=0.90s Sys=0.01s Real=0.15s
[2024-05-30T15:04:32.984+0000][16212.403s][info][gc,start    ] GC(3343) Pause Young (Normal) (G1 Evacuation Pause)
[2024-05-30T15:04:32.984+0000][16212.403s][info][gc,task     ] GC(3343) Using 6 workers of 6 for evacuation
[2024-05-30T15:04:33.058+0000][16212.478s][info][gc,phases   ] GC(3343)   Pre Evacuate Collection Set: 0.2ms
[2024-05-30T15:04:33.058+0000][16212.478s][info][gc,phases   ] GC(3343)   Merge Heap Roots: 0.4ms
[2024-05-30T15:04:33.058+0000][16212.478s][info][gc,phases   ] GC(3343)   Evacuate Collection Set: 56.7ms
[2024-05-30T15:04:33.058+0000][16212.478s][info][gc,phases   ] GC(3343)   Post Evacuate Collection Set: 17.3ms
[2024-05-30T15:04:33.059+0000][16212.478s][info][gc,phases   ] GC(3343)   Other: 0.2ms
[2024-05-30T15:04:33.059+0000][16212.478s][info][gc,heap     ] GC(3343) Eden regions: 754->0(752)
[2024-05-30T15:04:33.059+0000][16212.478s][info][gc,heap     ] GC(3343) Survivor regions: 3->6(95)
[2024-05-30T15:04:33.059+0000][16212.478s][info][gc,heap     ] GC(3343) Old regions: 411->411
[2024-05-30T15:04:33.059+0000][16212.478s][info][gc,heap     ] GC(3343) Archive regions: 2->2
[2024-05-30T15:04:33.059+0000][16212.478s][info][gc,heap     ] GC(3343) Humongous regions: 40->40
[2024-05-30T15:04:33.059+0000][16212.478s][info][gc,metaspace] GC(3343) Metaspace: 435409K(441472K)->435409K(441472K) NonClass: 381296K(384640K)->381296K(384640K) Class: 54113K(56832K)->54113K(56832K)
[2024-05-30T15:04:33.059+0000][16212.478s][info][gc          ] GC(3343) Pause Young (Normal) (G1 Evacuation Pause) 9668M->3660M(12288M) 74.752ms
[2024-05-30T15:04:33.059+0000][16212.478s][info][gc,cpu      ] GC(3343) User=0.44s Sys=0.00s Real=0.08s
[2024-05-30T15:04:35.356+0000][16214.775s][info][gc,start    ] GC(3344) Pause Young (Normal) (G1 Evacuation Pause)
[2024-05-30T15:04:35.356+0000][16214.775s][info][gc,task     ] GC(3344) Using 6 workers of 6 for evacuation
[2024-05-30T15:04:35.421+0000][16214.840s][info][gc,phases   ] GC(3344)   Pre Evacuate Collection Set: 0.2ms
[2024-05-30T15:04:35.421+0000][16214.840s][info][gc,phases   ] GC(3344)   Merge Heap Roots: 0.3ms
[2024-05-30T15:04:35.421+0000][16214.840s][info][gc,phases   ] GC(3344)   Evacuate Collection Set: 50.4ms
[2024-05-30T15:04:35.421+0000][16214.840s][info][gc,phases   ] GC(3344)   Post Evacuate Collection Set: 13.9ms
[2024-05-30T15:04:35.421+0000][16214.840s][info][gc,phases   ] GC(3344)   Other: 0.2ms
[2024-05-30T15:04:35.421+0000][16214.840s][info][gc,heap     ] GC(3344) Eden regions: 752->0(751)
[2024-05-30T15:04:35.421+0000][16214.840s][info][gc,heap     ] GC(3344) Survivor regions: 6->8(95)
[2024-05-30T15:04:35.421+0000][16214.840s][info][gc,heap     ] GC(3344) Old regions: 411->411
[2024-05-30T15:04:35.421+0000][16214.840s][info][gc,heap     ] GC(3344) Archive regions: 2->2
[2024-05-30T15:04:35.421+0000][16214.840s][info][gc,heap     ] GC(3344) Humongous regions: 40->40
[2024-05-30T15:04:35.421+0000][16214.840s][info][gc,metaspace] GC(3344) Metaspace: 435409K(441472K)->435409K(441472K) NonClass: 381296K(384640K)->381296K(384640K) Class: 54113K(56832K)->54113K(56832K)
[2024-05-30T15:04:35.421+0000][16214.840s][info][gc          ] GC(3344) Pause Young (Normal) (G1 Evacuation Pause) 9676M->3674M(12288M) 65.043ms
[2024-05-30T15:04:35.421+0000][16214.840s][info][gc,cpu      ] GC(3344) User=0.38s Sys=0.00s Real=0.07s
[2024-05-30T15:04:37.913+0000][16217.332s][info][gc,start    ] GC(3345) Pause Young (Concurrent Start) (G1 Evacuation Pause)
[2024-05-30T15:04:37.913+0000][16217.332s][info][gc,task     ] GC(3345) Using 6 workers of 6 for evacuation
[2024-05-30T15:04:38.004+0000][16217.424s][info][gc,phases   ] GC(3345)   Pre Evacuate Collection Set: 0.5ms
[2024-05-30T15:04:38.004+0000][16217.424s][info][gc,phases   ] GC(3345)   Merge Heap Roots: 0.3ms
[2024-05-30T15:04:38.004+0000][16217.424s][info][gc,phases   ] GC(3345)   Evacuate Collection Set: 71.2ms
[2024-05-30T15:04:38.004+0000][16217.424s][info][gc,phases   ] GC(3345)   Post Evacuate Collection Set: 19.1ms
[2024-05-30T15:04:38.004+0000][16217.424s][info][gc,phases   ] GC(3345)   Other: 0.3ms
[2024-05-30T15:04:38.004+0000][16217.424s][info][gc,heap     ] GC(3345) Eden regions: 751->0(746)
[2024-05-30T15:04:38.004+0000][16217.424s][info][gc,heap     ] GC(3345) Survivor regions: 8->12(95)
[2024-05-30T15:04:38.004+0000][16217.424s][info][gc,heap     ] GC(3345) Old regions: 411->411
[2024-05-30T15:04:38.004+0000][16217.424s][info][gc,heap     ] GC(3345) Archive regions: 2->2
[2024-05-30T15:04:38.004+0000][16217.424s][info][gc,heap     ] GC(3345) Humongous regions: 40->40
[2024-05-30T15:04:38.004+0000][16217.424s][info][gc,metaspace] GC(3345) Metaspace: 435409K(441472K)->435409K(441472K) NonClass: 381296K(384640K)->381296K(384640K) Class: 54113K(56832K)->54113K(56832K)
[2024-05-30T15:04:38.005+0000][16217.424s][info][gc          ] GC(3345) Pause Young (Concurrent Start) (G1 Evacuation Pause) 9682M->3708M(12288M) 91.496ms
[2024-05-30T15:04:38.005+0000][16217.424s][info][gc,cpu      ] GC(3345) User=0.53s Sys=0.00s Real=0.09s
[2024-05-30T15:04:38.005+0000][16217.424s][info][gc          ] GC(3346) Concurrent Mark Cycle
[2024-05-30T15:04:38.005+0000][16217.424s][info][gc,marking  ] GC(3346) Concurrent Clear Claimed Marks
[2024-05-30T15:04:38.005+0000][16217.424s][info][gc,marking  ] GC(3346) Concurrent Clear Claimed Marks 0.410ms
[2024-05-30T15:04:38.005+0000][16217.424s][info][gc,marking  ] GC(3346) Concurrent Scan Root Regions
[2024-05-30T15:04:38.037+0000][16217.456s][info][gc,marking  ] GC(3346) Concurrent Scan Root Regions 31.507ms
[2024-05-30T15:04:38.037+0000][16217.456s][info][gc,marking  ] GC(3346) Concurrent Mark
[2024-05-30T15:04:38.037+0000][16217.456s][info][gc,marking  ] GC(3346) Concurrent Mark From Roots
[2024-05-30T15:04:38.037+0000][16217.456s][info][gc,task     ] GC(3346) Using 2 workers of 2 for marking
[2024-05-30T15:04:40.373+0000][16219.792s][info][gc,start    ] GC(3347) Pause Young (Normal) (G1 Evacuation Pause)
[2024-05-30T15:04:40.373+0000][16219.792s][info][gc,task     ] GC(3347) Using 6 workers of 6 for evacuation
[2024-05-30T15:04:40.425+0000][16219.845s][info][gc,phases   ] GC(3347)   Pre Evacuate Collection Set: 0.2ms
[2024-05-30T15:04:40.425+0000][16219.845s][info][gc,phases   ] GC(3347)   Merge Heap Roots: 0.3ms
[2024-05-30T15:04:40.425+0000][16219.845s][info][gc,phases   ] GC(3347)   Evacuate Collection Set: 46.1ms
[2024-05-30T15:04:40.425+0000][16219.845s][info][gc,phases   ] GC(3347)   Post Evacuate Collection Set: 5.7ms
[2024-05-30T15:04:40.425+0000][16219.845s][info][gc,phases   ] GC(3347)   Other: 0.2ms
[2024-05-30T15:04:40.425+0000][16219.845s][info][gc,heap     ] GC(3347) Eden regions: 746->0(748)
[2024-05-30T15:04:40.425+0000][16219.845s][info][gc,heap     ] GC(3347) Survivor regions: 12->12(95)
[2024-05-30T15:04:40.425+0000][16219.845s][info][gc,heap     ] GC(3347) Old regions: 411->411
[2024-05-30T15:04:40.425+0000][16219.845s][info][gc,heap     ] GC(3347) Archive regions: 2->2
[2024-05-30T15:04:40.425+0000][16219.845s][info][gc,heap     ] GC(3347) Humongous regions: 40->40
[2024-05-30T15:04:40.425+0000][16219.845s][info][gc,metaspace] GC(3347) Metaspace: 435409K(441472K)->435409K(441472K) NonClass: 381296K(384640K)->381296K(384640K) Class: 54113K(56832K)->54113K(56832K)
[2024-05-30T15:04:40.425+0000][16219.845s][info][gc          ] GC(3347) Pause Young (Normal) (G1 Evacuation Pause) 9676M->3706M(12288M) 52.641ms
[2024-05-30T15:04:40.426+0000][16219.845s][info][gc,cpu      ] GC(3347) User=0.31s Sys=0.00s Real=0.05s
[2024-05-30T15:04:40.471+0000][16219.890s][info][gc,marking  ] GC(3346) Concurrent Mark From Roots 2434.021ms
[2024-05-30T15:04:40.471+0000][16219.890s][info][gc,marking  ] GC(3346) Concurrent Preclean
[2024-05-30T15:04:40.472+0000][16219.891s][info][gc,marking  ] GC(3346) Concurrent Preclean 1.391ms
[2024-05-30T15:04:40.472+0000][16219.891s][info][gc,start    ] GC(3346) Pause Remark
[2024-05-30T15:04:40.500+0000][16219.919s][info][gc          ] GC(3346) Pause Remark 3734M->3734M(12288M) 27.371ms
[2024-05-30T15:04:40.500+0000][16219.919s][info][gc,cpu      ] GC(3346) User=0.10s Sys=0.01s Real=0.03s
[2024-05-30T15:04:40.500+0000][16219.919s][info][gc,marking  ] GC(3346) Concurrent Mark 2463.133ms
[2024-05-30T15:04:40.500+0000][16219.919s][info][gc,marking  ] GC(3346) Concurrent Rebuild Remembered Sets
[2024-05-30T15:04:41.814+0000][16221.233s][info][gc,marking  ] GC(3346) Concurrent Rebuild Remembered Sets 1314.003ms
[2024-05-30T15:04:41.814+0000][16221.233s][info][gc,start    ] GC(3346) Pause Cleanup
[2024-05-30T15:04:41.815+0000][16221.234s][info][gc          ] GC(3346) Pause Cleanup 5274M->5274M(12288M) 0.707ms
[2024-05-30T15:04:41.815+0000][16221.234s][info][gc,cpu      ] GC(3346) User=0.00s Sys=0.00s Real=0.00s
[2024-05-30T15:04:41.815+0000][16221.234s][info][gc,marking  ] GC(3346) Concurrent Cleanup for Next Mark
[2024-05-30T15:04:41.843+0000][16221.262s][info][gc,marking  ] GC(3346) Concurrent Cleanup for Next Mark 28.399ms
[2024-05-30T15:04:41.843+0000][16221.263s][info][gc          ] GC(3346) Concurrent Mark Cycle 3838.663ms
[2024-05-30T15:04:50.792+0000][16230.211s][info][gc,start    ] GC(3348) Pause Young (Prepare Mixed) (G1 Evacuation Pause)
[2024-05-30T15:04:50.792+0000][16230.211s][info][gc,task     ] GC(3348) Using 6 workers of 6 for evacuation
[2024-05-30T15:04:50.847+0000][16230.266s][info][gc,phases   ] GC(3348)   Pre Evacuate Collection Set: 0.2ms
[2024-05-30T15:04:50.847+0000][16230.266s][info][gc,phases   ] GC(3348)   Merge Heap Roots: 0.5ms
[2024-05-30T15:04:50.847+0000][16230.266s][info][gc,phases   ] GC(3348)   Evacuate Collection Set: 47.7ms
[2024-05-30T15:04:50.847+0000][16230.266s][info][gc,phases   ] GC(3348)   Post Evacuate Collection Set: 6.6ms
[2024-05-30T15:04:50.847+0000][16230.266s][info][gc,phases   ] GC(3348)   Other: 0.2ms
[2024-05-30T15:04:50.847+0000][16230.266s][info][gc,heap     ] GC(3348) Eden regions: 748->0(61)
[2024-05-30T15:04:50.847+0000][16230.266s][info][gc,heap     ] GC(3348) Survivor regions: 12->15(95)
[2024-05-30T15:04:50.847+0000][16230.266s][info][gc,heap     ] GC(3348) Old regions: 411->411
[2024-05-30T15:04:50.847+0000][16230.266s][info][gc,heap     ] GC(3348) Archive regions: 2->2
[2024-05-30T15:04:50.847+0000][16230.266s][info][gc,heap     ] GC(3348) Humongous regions: 40->40
[2024-05-30T15:04:50.847+0000][16230.266s][info][gc,metaspace] GC(3348) Metaspace: 435409K(441472K)->435409K(441472K) NonClass: 381296K(384640K)->381296K(384640K) Class: 54113K(56832K)->54113K(56832K)
[2024-05-30T15:04:50.847+0000][16230.266s][info][gc          ] GC(3348) Pause Young (Prepare Mixed) (G1 Evacuation Pause) 9690M->3729M(12288M) 55.299ms
[2024-05-30T15:04:50.847+0000][16230.266s][info][gc,cpu      ] GC(3348) User=0.32s Sys=0.00s Real=0.05s
[2024-05-30T15:04:51.811+0000][16231.230s][info][gc,start    ] GC(3349) Pause Young (Mixed) (G1 Evacuation Pause)
[2024-05-30T15:04:51.811+0000][16231.230s][info][gc,task     ] GC(3349) Using 6 workers of 6 for evacuation
[2024-05-30T15:04:51.895+0000][16231.314s][info][gc,phases   ] GC(3349)   Pre Evacuate Collection Set: 0.2ms
[2024-05-30T15:04:51.895+0000][16231.314s][info][gc,phases   ] GC(3349)   Merge Heap Roots: 0.5ms
[2024-05-30T15:04:51.895+0000][16231.314s][info][gc,phases   ] GC(3349)   Evacuate Collection Set: 81.8ms
[2024-05-30T15:04:51.895+0000][16231.314s][info][gc,phases   ] GC(3349)   Post Evacuate Collection Set: 1.5ms
[2024-05-30T15:04:51.895+0000][16231.314s][info][gc,phases   ] GC(3349)   Other: 0.2ms
[2024-05-30T15:04:51.895+0000][16231.314s][info][gc,heap     ] GC(3349) Eden regions: 61->0(757)
[2024-05-30T15:04:51.895+0000][16231.314s][info][gc,heap     ] GC(3349) Survivor regions: 15->7(10)
[2024-05-30T15:04:51.895+0000][16231.314s][info][gc,heap     ] GC(3349) Old regions: 411->406
[2024-05-30T15:04:51.895+0000][16231.314s][info][gc,heap     ] GC(3349) Archive regions: 2->2
[2024-05-30T15:04:51.895+0000][16231.314s][info][gc,heap     ] GC(3349) Humongous regions: 40->40
[2024-05-30T15:04:51.895+0000][16231.314s][info][gc,metaspace] GC(3349) Metaspace: 435409K(441472K)->435409K(441472K) NonClass: 381296K(384640K)->381296K(384640K) Class: 54113K(56832K)->54113K(56832K)
[2024-05-30T15:04:51.895+0000][16231.314s][info][gc          ] GC(3349) Pause Young (Mixed) (G1 Evacuation Pause) 4217M->3622M(12288M) 84.139ms
[2024-05-30T15:04:51.895+0000][16231.314s][info][gc,cpu      ] GC(3349) User=0.50s Sys=0.00s Real=0.08s
[2024-05-30T15:05:03.931+0000][16243.350s][info][gc,start    ] GC(3350) Pause Young (Normal) (G1 Evacuation Pause)
[2024-05-30T15:05:03.931+0000][16243.350s][info][gc,task     ] GC(3350) Using 6 workers of 6 for evacuation
[2024-05-30T15:05:03.958+0000][16243.377s][info][gc,phases   ] GC(3350)   Pre Evacuate Collection Set: 0.2ms
[2024-05-30T15:05:03.958+0000][16243.377s][info][gc,phases   ] GC(3350)   Merge Heap Roots: 0.2ms
[2024-05-30T15:05:03.958+0000][16243.377s][info][gc,phases   ] GC(3350)   Evacuate Collection Set: 24.8ms
[2024-05-30T15:05:03.958+0000][16243.377s][info][gc,phases   ] GC(3350)   Post Evacuate Collection Set: 2.2ms
[2024-05-30T15:05:03.958+0000][16243.377s][info][gc,phases   ] GC(3350)   Other: 0.2ms
[2024-05-30T15:05:03.958+0000][16243.377s][info][gc,heap     ] GC(3350) Eden regions: 757->0(753)
[2024-05-30T15:05:03.958+0000][16243.377s][info][gc,heap     ] GC(3350) Survivor regions: 7->10(96)
[2024-05-30T15:05:03.958+0000][16243.377s][info][gc,heap     ] GC(3350) Old regions: 406->406
[2024-05-30T15:05:03.958+0000][16243.377s][info][gc,heap     ] GC(3350) Archive regions: 2->2
[2024-05-30T15:05:03.958+0000][16243.377s][info][gc,heap     ] GC(3350) Humongous regions: 40->40
[2024-05-30T15:05:03.958+0000][16243.377s][info][gc,metaspace] GC(3350) Metaspace: 435413K(441472K)->435413K(441472K) NonClass: 381300K(384640K)->381300K(384640K) Class: 54113K(56832K)->54113K(56832K)
[2024-05-30T15:05:03.958+0000][16243.377s][info][gc          ] GC(3350) Pause Young (Normal) (G1 Evacuation Pause) 9678M->3649M(12288M) 27.612ms
[2024-05-30T15:05:03.958+0000][16243.377s][info][gc,cpu      ] GC(3350) User=0.16s Sys=0.01s Real=0.03s
[2024-05-30T15:05:07.859+0000][16247.279s][info][gc,start    ] GC(3351) Pause Young (Concurrent Start) (G1 Humongous Allocation)
[2024-05-30T15:05:07.859+0000][16247.279s][info][gc,task     ] GC(3351) Using 6 workers of 6 for evacuation
[2024-05-30T15:05:07.893+0000][16247.312s][info][gc,phases   ] GC(3351)   Pre Evacuate Collection Set: 0.6ms
[2024-05-30T15:05:07.893+0000][16247.312s][info][gc,phases   ] GC(3351)   Merge Heap Roots: 0.2ms
[2024-05-30T15:05:07.893+0000][16247.312s][info][gc,phases   ] GC(3351)   Evacuate Collection Set: 30.9ms
[2024-05-30T15:05:07.893+0000][16247.312s][info][gc,phases   ] GC(3351)   Post Evacuate Collection Set: 1.6ms
[2024-05-30T15:05:07.893+0000][16247.312s][info][gc,phases   ] GC(3351)   Other: 0.3ms
[2024-05-30T15:05:07.893+0000][16247.312s][info][gc,heap     ] GC(3351) Eden regions: 249->0(747)
[2024-05-30T15:05:07.893+0000][16247.312s][info][gc,heap     ] GC(3351) Survivor regions: 10->13(96)
[2024-05-30T15:05:07.893+0000][16247.312s][info][gc,heap     ] GC(3351) Old regions: 406->406
[2024-05-30T15:05:07.893+0000][16247.312s][info][gc,heap     ] GC(3351) Archive regions: 2->2
[2024-05-30T15:05:07.893+0000][16247.312s][info][gc,heap     ] GC(3351) Humongous regions: 40->40
[2024-05-30T15:05:07.893+0000][16247.312s][info][gc,metaspace] GC(3351) Metaspace: 435413K(441472K)->435413K(441472K) NonClass: 381300K(384640K)->381300K(384640K) Class: 54113K(56832K)->54113K(56832K)
[2024-05-30T15:05:07.893+0000][16247.312s][info][gc          ] GC(3351) Pause Young (Concurrent Start) (G1 Humongous Allocation) 5641M->3674M(12288M) 33.661ms
[2024-05-30T15:05:07.893+0000][16247.312s][info][gc,cpu      ] GC(3351) User=0.20s Sys=0.00s Real=0.03s
[2024-05-30T15:05:07.893+0000][16247.312s][info][gc          ] GC(3352) Concurrent Mark Cycle
[2024-05-30T15:05:07.893+0000][16247.312s][info][gc,marking  ] GC(3352) Concurrent Clear Claimed Marks
[2024-05-30T15:05:07.894+0000][16247.313s][info][gc,marking  ] GC(3352) Concurrent Clear Claimed Marks 0.408ms
[2024-05-30T15:05:07.894+0000][16247.313s][info][gc,marking  ] GC(3352) Concurrent Scan Root Regions
[2024-05-30T15:05:07.945+0000][16247.365s][info][gc,marking  ] GC(3352) Concurrent Scan Root Regions 51.774ms
[2024-05-30T15:05:07.945+0000][16247.365s][info][gc,marking  ] GC(3352) Concurrent Mark
[2024-05-30T15:05:07.945+0000][16247.365s][info][gc,marking  ] GC(3352) Concurrent Mark From Roots
[2024-05-30T15:05:07.945+0000][16247.365s][info][gc,task     ] GC(3352) Using 2 workers of 2 for marking
[2024-05-30T15:05:10.632+0000][16250.051s][info][gc,marking  ] GC(3352) Concurrent Mark From Roots 2686.414ms
[2024-05-30T15:05:10.632+0000][16250.051s][info][gc,marking  ] GC(3352) Concurrent Preclean
[2024-05-30T15:05:10.634+0000][16250.053s][info][gc,marking  ] GC(3352) Concurrent Preclean 1.746ms
[2024-05-30T15:05:10.634+0000][16250.053s][info][gc,start    ] GC(3352) Pause Remark
[2024-05-30T15:05:10.658+0000][16250.078s][info][gc          ] GC(3352) Pause Remark 4962M->4962M(12288M) 24.591ms
[2024-05-30T15:05:10.658+0000][16250.078s][info][gc,cpu      ] GC(3352) User=0.11s Sys=0.00s Real=0.03s
[2024-05-30T15:05:10.658+0000][16250.078s][info][gc,marking  ] GC(3352) Concurrent Mark 2713.102ms
[2024-05-30T15:05:10.658+0000][16250.078s][info][gc,marking  ] GC(3352) Concurrent Rebuild Remembered Sets
[2024-05-30T15:05:12.022+0000][16251.441s][info][gc,marking  ] GC(3352) Concurrent Rebuild Remembered Sets 1363.356ms
[2024-05-30T15:05:12.022+0000][16251.441s][info][gc,start    ] GC(3352) Pause Cleanup
[2024-05-30T15:05:12.023+0000][16251.442s][info][gc          ] GC(3352) Pause Cleanup 5626M->5626M(12288M) 0.684ms
[2024-05-30T15:05:12.023+0000][16251.442s][info][gc,cpu      ] GC(3352) User=0.00s Sys=0.00s Real=0.00s
[2024-05-30T15:05:12.023+0000][16251.442s][info][gc,marking  ] GC(3352) Concurrent Cleanup for Next Mark
[2024-05-30T15:05:12.040+0000][16251.459s][info][gc,marking  ] GC(3352) Concurrent Cleanup for Next Mark 17.004ms
[2024-05-30T15:05:12.040+0000][16251.459s][info][gc          ] GC(3352) Concurrent Mark Cycle 4146.790ms
[2024-05-30T15:05:19.814+0000][16259.233s][info][gc,start    ] GC(3353) Pause Young (Prepare Mixed) (G1 Evacuation Pause)
[2024-05-30T15:05:19.814+0000][16259.233s][info][gc,task     ] GC(3353) Using 6 workers of 6 for evacuation
[2024-05-30T15:05:19.866+0000][16259.286s][info][gc,phases   ] GC(3353)   Pre Evacuate Collection Set: 0.2ms
[2024-05-30T15:05:19.866+0000][16259.286s][info][gc,phases   ] GC(3353)   Merge Heap Roots: 0.3ms
[2024-05-30T15:05:19.866+0000][16259.286s][info][gc,phases   ] GC(3353)   Evacuate Collection Set: 49.6ms
[2024-05-30T15:05:19.866+0000][16259.286s][info][gc,phases   ] GC(3353)   Post Evacuate Collection Set: 2.4ms
[2024-05-30T15:05:19.867+0000][16259.286s][info][gc,phases   ] GC(3353)   Other: 0.2ms
[2024-05-30T15:05:19.867+0000][16259.286s][info][gc,heap     ] GC(3353) Eden regions: 747->0(60)
[2024-05-30T15:05:19.867+0000][16259.286s][info][gc,heap     ] GC(3353) Survivor regions: 13->16(95)
[2024-05-30T15:05:19.867+0000][16259.286s][info][gc,heap     ] GC(3353) Old regions: 406->406
[2024-05-30T15:05:19.867+0000][16259.286s][info][gc,heap     ] GC(3353) Archive regions: 2->2
[2024-05-30T15:05:19.867+0000][16259.286s][info][gc,heap     ] GC(3353) Humongous regions: 41->41
[2024-05-30T15:05:19.867+0000][16259.286s][info][gc,metaspace] GC(3353) Metaspace: 435413K(441472K)->435413K(441472K) NonClass: 381300K(384640K)->381300K(384640K) Class: 54113K(56832K)->54113K(56832K)
[2024-05-30T15:05:19.867+0000][16259.286s][info][gc          ] GC(3353) Pause Young (Prepare Mixed) (G1 Evacuation Pause) 9658M->3705M(12288M) 52.759ms
[2024-05-30T15:05:19.867+0000][16259.286s][info][gc,cpu      ] GC(3353) User=0.31s Sys=0.00s Real=0.05s
[2024-05-30T15:05:20.846+0000][16260.266s][info][gc,start    ] GC(3354) Pause Young (Mixed) (G1 Evacuation Pause)
[2024-05-30T15:05:20.846+0000][16260.266s][info][gc,task     ] GC(3354) Using 6 workers of 6 for evacuation
[2024-05-30T15:05:20.940+0000][16260.360s][info][gc,phases   ] GC(3354)   Pre Evacuate Collection Set: 0.2ms
[2024-05-30T15:05:20.940+0000][16260.360s][info][gc,phases   ] GC(3354)   Merge Heap Roots: 0.5ms
[2024-05-30T15:05:20.940+0000][16260.360s][info][gc,phases   ] GC(3354)   Evacuate Collection Set: 91.7ms
[2024-05-30T15:05:20.940+0000][16260.360s][info][gc,phases   ] GC(3354)   Post Evacuate Collection Set: 1.5ms
[2024-05-30T15:05:20.940+0000][16260.360s][info][gc,phases   ] GC(3354)   Other: 0.2ms
[2024-05-30T15:05:20.940+0000][16260.360s][info][gc,heap     ] GC(3354) Eden regions: 60->0(752)
[2024-05-30T15:05:20.940+0000][16260.360s][info][gc,heap     ] GC(3354) Survivor regions: 16->3(10)
[2024-05-30T15:05:20.940+0000][16260.360s][info][gc,heap     ] GC(3354) Old regions: 406->410
[2024-05-30T15:05:20.940+0000][16260.360s][info][gc,heap     ] GC(3354) Archive regions: 2->2
[2024-05-30T15:05:20.940+0000][16260.360s][info][gc,heap     ] GC(3354) Humongous regions: 41->41
[2024-05-30T15:05:20.940+0000][16260.360s][info][gc,metaspace] GC(3354) Metaspace: 435413K(441472K)->435413K(441472K) NonClass: 381300K(384640K)->381300K(384640K) Class: 54113K(56832K)->54113K(56832K)
[2024-05-30T15:05:20.941+0000][16260.360s][info][gc          ] GC(3354) Pause Young (Mixed) (G1 Evacuation Pause) 4185M->3629M(12288M) 94.179ms
[2024-05-30T15:05:20.941+0000][16260.360s][info][gc,cpu      ] GC(3354) User=0.56s Sys=0.00s Real=0.10s
[2024-05-30T15:05:33.253+0000][16272.672s][info][gc,start    ] GC(3355) Pause Young (Normal) (G1 Evacuation Pause)
[2024-05-30T15:05:33.253+0000][16272.672s][info][gc,task     ] GC(3355) Using 6 workers of 6 for evacuation
[2024-05-30T15:05:33.273+0000][16272.693s][info][gc,phases   ] GC(3355)   Pre Evacuate Collection Set: 0.2ms
[2024-05-30T15:05:33.274+0000][16272.693s][info][gc,phases   ] GC(3355)   Merge Heap Roots: 0.2ms
[2024-05-30T15:05:33.274+0000][16272.693s][info][gc,phases   ] GC(3355)   Evacuate Collection Set: 17.5ms
[2024-05-30T15:05:33.274+0000][16272.693s][info][gc,phases   ] GC(3355)   Post Evacuate Collection Set: 2.3ms
[2024-05-30T15:05:33.274+0000][16272.693s][info][gc,phases   ] GC(3355)   Other: 0.2ms
[2024-05-30T15:05:33.274+0000][16272.693s][info][gc,heap     ] GC(3355) Eden regions: 752->0(750)
[2024-05-30T15:05:33.274+0000][16272.693s][info][gc,heap     ] GC(3355) Survivor regions: 3->6(95)
[2024-05-30T15:05:33.274+0000][16272.693s][info][gc,heap     ] GC(3355) Old regions: 410->410
[2024-05-30T15:05:33.274+0000][16272.693s][info][gc,heap     ] GC(3355) Archive regions: 2->2
[2024-05-30T15:05:33.274+0000][16272.693s][info][gc,heap     ] GC(3355) Humongous regions: 41->41
[2024-05-30T15:05:33.274+0000][16272.693s][info][gc,metaspace] GC(3355) Metaspace: 435413K(441472K)->435413K(441472K) NonClass: 381300K(384640K)->381300K(384640K) Class: 54113K(56832K)->54113K(56832K)
[2024-05-30T15:05:33.274+0000][16272.693s][info][gc          ] GC(3355) Pause Young (Normal) (G1 Evacuation Pause) 9645M->3656M(12288M) 20.446ms
[2024-05-30T15:05:33.274+0000][16272.693s][info][gc,cpu      ] GC(3355) User=0.12s Sys=0.00s Real=0.02s
[2024-05-30T15:05:44.862+0000][16284.281s][info][gc,start    ] GC(3356) Pause Young (Normal) (G1 Evacuation Pause)
[2024-05-30T15:05:44.862+0000][16284.281s][info][gc,task     ] GC(3356) Using 6 workers of 6 for evacuation
[2024-05-30T15:05:44.886+0000][16284.305s][info][gc,phases   ] GC(3356)   Pre Evacuate Collection Set: 0.2ms
[2024-05-30T15:05:44.886+0000][16284.305s][info][gc,phases   ] GC(3356)   Merge Heap Roots: 0.2ms
[2024-05-30T15:05:44.886+0000][16284.305s][info][gc,phases   ] GC(3356)   Evacuate Collection Set: 21.0ms
[2024-05-30T15:05:44.886+0000][16284.305s][info][gc,phases   ] GC(3356)   Post Evacuate Collection Set: 2.2ms
[2024-05-30T15:05:44.886+0000][16284.305s][info][gc,phases   ] GC(3356)   Other: 0.2ms
[2024-05-30T15:05:44.886+0000][16284.305s][info][gc,heap     ] GC(3356) Eden regions: 750->0(749)
[2024-05-30T15:05:44.886+0000][16284.305s][info][gc,heap     ] GC(3356) Survivor regions: 6->8(95)
[2024-05-30T15:05:44.886+0000][16284.305s][info][gc,heap     ] GC(3356) Old regions: 410->410
[2024-05-30T15:05:44.886+0000][16284.305s][info][gc,heap     ] GC(3356) Archive regions: 2->2
[2024-05-30T15:05:44.886+0000][16284.305s][info][gc,heap     ] GC(3356) Humongous regions: 41->41
[2024-05-30T15:05:44.886+0000][16284.305s][info][gc,metaspace] GC(3356) Metaspace: 435414K(441472K)->435414K(441472K) NonClass: 381301K(384640K)->381301K(384640K) Class: 54113K(56832K)->54113K(56832K)
[2024-05-30T15:05:44.886+0000][16284.305s][info][gc          ] GC(3356) Pause Young (Normal) (G1 Evacuation Pause) 9656M->3673M(12288M) 23.848ms
[2024-05-30T15:05:44.886+0000][16284.305s][info][gc,cpu      ] GC(3356) User=0.14s Sys=0.00s Real=0.02s
[2024-05-30T15:05:50.235+0000][16289.654s][info][gc,start    ] GC(3357) Pause Young (Concurrent Start) (G1 Humongous Allocation)
[2024-05-30T15:05:50.235+0000][16289.654s][info][gc,task     ] GC(3357) Using 6 workers of 6 for evacuation
[2024-05-30T15:05:50.318+0000][16289.737s][info][gc,phases   ] GC(3357)   Pre Evacuate Collection Set: 0.5ms
[2024-05-30T15:05:50.318+0000][16289.737s][info][gc,phases   ] GC(3357)   Merge Heap Roots: 0.2ms
[2024-05-30T15:05:50.318+0000][16289.737s][info][gc,phases   ] GC(3357)   Evacuate Collection Set: 65.2ms
[2024-05-30T15:05:50.318+0000][16289.737s][info][gc,phases   ] GC(3357)   Post Evacuate Collection Set: 16.5ms
[2024-05-30T15:05:50.318+0000][16289.737s][info][gc,phases   ] GC(3357)   Other: 0.3ms
[2024-05-30T15:05:50.318+0000][16289.737s][info][gc,heap     ] GC(3357) Eden regions: 749->0(743)
[2024-05-30T15:05:50.318+0000][16289.737s][info][gc,heap     ] GC(3357) Survivor regions: 8->14(95)
[2024-05-30T15:05:50.318+0000][16289.737s][info][gc,heap     ] GC(3357) Old regions: 410->410
[2024-05-30T15:05:50.318+0000][16289.737s][info][gc,heap     ] GC(3357) Archive regions: 2->2
[2024-05-30T15:05:50.318+0000][16289.737s][info][gc,heap     ] GC(3357) Humongous regions: 41->41
[2024-05-30T15:05:50.318+0000][16289.737s][info][gc,metaspace] GC(3357) Metaspace: 435414K(441472K)->435414K(441472K) NonClass: 381301K(384640K)->381301K(384640K) Class: 54113K(56832K)->54113K(56832K)
[2024-05-30T15:05:50.318+0000][16289.737s][info][gc          ] GC(3357) Pause Young (Concurrent Start) (G1 Humongous Allocation) 9661M->3715M(12288M) 82.817ms
[2024-05-30T15:05:50.318+0000][16289.737s][info][gc,cpu      ] GC(3357) User=0.49s Sys=0.00s Real=0.09s
[2024-05-30T15:05:50.318+0000][16289.737s][info][gc          ] GC(3358) Concurrent Mark Cycle
[2024-05-30T15:05:50.318+0000][16289.737s][info][gc,marking  ] GC(3358) Concurrent Clear Claimed Marks
[2024-05-30T15:05:50.318+0000][16289.737s][info][gc,marking  ] GC(3358) Concurrent Clear Claimed Marks 0.430ms
[2024-05-30T15:05:50.318+0000][16289.737s][info][gc,marking  ] GC(3358) Concurrent Scan Root Regions
[2024-05-30T15:05:50.357+0000][16289.776s][info][gc,marking  ] GC(3358) Concurrent Scan Root Regions 38.739ms
[2024-05-30T15:05:50.357+0000][16289.776s][info][gc,marking  ] GC(3358) Concurrent Mark
[2024-05-30T15:05:50.357+0000][16289.776s][info][gc,marking  ] GC(3358) Concurrent Mark From Roots
[2024-05-30T15:05:50.357+0000][16289.776s][info][gc,task     ] GC(3358) Using 2 workers of 2 for marking
[2024-05-30T15:05:53.079+0000][16292.498s][info][gc,marking  ] GC(3358) Concurrent Mark From Roots 2721.839ms
[2024-05-30T15:05:53.079+0000][16292.498s][info][gc,marking  ] GC(3358) Concurrent Preclean
[2024-05-30T15:05:53.080+0000][16292.500s][info][gc,marking  ] GC(3358) Concurrent Preclean 1.489ms
[2024-05-30T15:05:53.080+0000][16292.500s][info][gc,start    ] GC(3358) Pause Remark
[2024-05-30T15:05:53.105+0000][16292.524s][info][gc          ] GC(3358) Pause Remark 9407M->9399M(12288M) 24.448ms
[2024-05-30T15:05:53.105+0000][16292.524s][info][gc,cpu      ] GC(3358) User=0.10s Sys=0.00s Real=0.02s
[2024-05-30T15:05:53.105+0000][16292.524s][info][gc,marking  ] GC(3358) Concurrent Mark 2748.204ms
[2024-05-30T15:05:53.105+0000][16292.524s][info][gc,marking  ] GC(3358) Concurrent Rebuild Remembered Sets
[2024-05-30T15:05:53.201+0000][16292.620s][info][gc,start    ] GC(3359) Pause Young (Normal) (G1 Evacuation Pause)
[2024-05-30T15:05:53.201+0000][16292.621s][info][gc,task     ] GC(3359) Using 6 workers of 6 for evacuation
[2024-05-30T15:05:53.293+0000][16292.712s][info][gc,phases   ] GC(3359)   Pre Evacuate Collection Set: 0.2ms
[2024-05-30T15:05:53.293+0000][16292.712s][info][gc,phases   ] GC(3359)   Merge Heap Roots: 0.3ms
[2024-05-30T15:05:53.293+0000][16292.712s][info][gc,phases   ] GC(3359)   Evacuate Collection Set: 74.4ms
[2024-05-30T15:05:53.293+0000][16292.712s][info][gc,phases   ] GC(3359)   Post Evacuate Collection Set: 16.8ms
[2024-05-30T15:05:53.293+0000][16292.712s][info][gc,phases   ] GC(3359)   Other: 0.2ms
[2024-05-30T15:05:53.293+0000][16292.712s][info][gc,heap     ] GC(3359) Eden regions: 743->0(741)
[2024-05-30T15:05:53.293+0000][16292.712s][info][gc,heap     ] GC(3359) Survivor regions: 14->15(95)
[2024-05-30T15:05:53.293+0000][16292.713s][info][gc,heap     ] GC(3359) Old regions: 410->410
[2024-05-30T15:05:53.293+0000][16292.713s][info][gc,heap     ] GC(3359) Archive regions: 2->2
[2024-05-30T15:05:53.293+0000][16292.713s][info][gc,heap     ] GC(3359) Humongous regions: 41->41
[2024-05-30T15:05:53.293+0000][16292.713s][info][gc,metaspace] GC(3359) Metaspace: 435416K(441472K)->435416K(441472K) NonClass: 381303K(384640K)->381303K(384640K) Class: 54113K(56832K)->54113K(56832K)
[2024-05-30T15:05:53.293+0000][16292.713s][info][gc          ] GC(3359) Pause Young (Normal) (G1 Evacuation Pause) 9659M->3729M(12288M) 92.070ms
[2024-05-30T15:05:53.293+0000][16292.713s][info][gc,cpu      ] GC(3359) User=0.54s Sys=0.00s Real=0.09s
[2024-05-30T15:05:54.489+0000][16293.908s][info][gc,marking  ] GC(3358) Concurrent Rebuild Remembered Sets 1383.398ms
[2024-05-30T15:05:54.489+0000][16293.908s][info][gc,start    ] GC(3358) Pause Cleanup
[2024-05-30T15:05:54.489+0000][16293.909s][info][gc          ] GC(3358) Pause Cleanup 6597M->6597M(12288M) 0.657ms
[2024-05-30T15:05:54.489+0000][16293.909s][info][gc,cpu      ] GC(3358) User=0.00s Sys=0.00s Real=0.00s
[2024-05-30T15:05:54.490+0000][16293.909s][info][gc,marking  ] GC(3358) Concurrent Cleanup for Next Mark
[2024-05-30T15:05:54.506+0000][16293.925s][info][gc,marking  ] GC(3358) Concurrent Cleanup for Next Mark 16.662ms
[2024-05-30T15:05:54.506+0000][16293.926s][info][gc          ] GC(3358) Concurrent Mark Cycle 4188.558ms
[2024-05-30T15:05:55.723+0000][16295.142s][info][gc,start    ] GC(3360) Pause Young (Prepare Mixed) (G1 Evacuation Pause)
[2024-05-30T15:05:55.723+0000][16295.142s][info][gc,task     ] GC(3360) Using 6 workers of 6 for evacuation
[2024-05-30T15:05:55.843+0000][16295.262s][info][gc,phases   ] GC(3360)   Pre Evacuate Collection Set: 0.2ms
[2024-05-30T15:05:55.843+0000][16295.262s][info][gc,phases   ] GC(3360)   Merge Heap Roots: 0.9ms
[2024-05-30T15:05:55.843+0000][16295.262s][info][gc,phases   ] GC(3360)   Evacuate Collection Set: 98.3ms
[2024-05-30T15:05:55.843+0000][16295.262s][info][gc,phases   ] GC(3360)   Post Evacuate Collection Set: 20.5ms
[2024-05-30T15:05:55.843+0000][16295.262s][info][gc,phases   ] GC(3360)   Other: 0.2ms
[2024-05-30T15:05:55.843+0000][16295.262s][info][gc,heap     ] GC(3360) Eden regions: 741->0(56)
[2024-05-30T15:05:55.843+0000][16295.262s][info][gc,heap     ] GC(3360) Survivor regions: 15->20(95)
[2024-05-30T15:05:55.843+0000][16295.262s][info][gc,heap     ] GC(3360) Old regions: 410->410
[2024-05-30T15:05:55.843+0000][16295.262s][info][gc,heap     ] GC(3360) Archive regions: 2->2
[2024-05-30T15:05:55.843+0000][16295.262s][info][gc,heap     ] GC(3360) Humongous regions: 41->41
[2024-05-30T15:05:55.843+0000][16295.262s][info][gc,metaspace] GC(3360) Metaspace: 435416K(441472K)->435416K(441472K) NonClass: 381303K(384640K)->381303K(384640K) Class: 54113K(56832K)->54113K(56832K)
[2024-05-30T15:05:55.843+0000][16295.262s][info][gc          ] GC(3360) Pause Young (Prepare Mixed) (G1 Evacuation Pause) 9657M->3769M(12288M) 120.169ms
[2024-05-30T15:05:55.843+0000][16295.262s][info][gc,cpu      ] GC(3360) User=0.70s Sys=0.00s Real=0.12s
[2024-05-30T15:05:56.054+0000][16295.473s][info][gc,start    ] GC(3361) Pause Young (Mixed) (G1 Evacuation Pause)
[2024-05-30T15:05:56.054+0000][16295.473s][info][gc,task     ] GC(3361) Using 6 workers of 6 for evacuation
[2024-05-30T15:05:56.184+0000][16295.603s][info][gc,phases   ] GC(3361)   Pre Evacuate Collection Set: 0.2ms
[2024-05-30T15:05:56.184+0000][16295.603s][info][gc,phases   ] GC(3361)   Merge Heap Roots: 0.6ms
[2024-05-30T15:05:56.184+0000][16295.603s][info][gc,phases   ] GC(3361)   Evacuate Collection Set: 125.8ms
[2024-05-30T15:05:56.184+0000][16295.603s][info][gc,phases   ] GC(3361)   Post Evacuate Collection Set: 2.9ms
[2024-05-30T15:05:56.184+0000][16295.603s][info][gc,phases   ] GC(3361)   Other: 0.2ms
[2024-05-30T15:05:56.184+0000][16295.603s][info][gc,heap     ] GC(3361) Eden regions: 56->0(748)
[2024-05-30T15:05:56.184+0000][16295.603s][info][gc,heap     ] GC(3361) Survivor regions: 20->3(10)
[2024-05-30T15:05:56.184+0000][16295.603s][info][gc,heap     ] GC(3361) Old regions: 410->416
[2024-05-30T15:05:56.184+0000][16295.603s][info][gc,heap     ] GC(3361) Archive regions: 2->2
[2024-05-30T15:05:56.184+0000][16295.603s][info][gc,heap     ] GC(3361) Humongous regions: 41->41
[2024-05-30T15:05:56.184+0000][16295.603s][info][gc,metaspace] GC(3361) Metaspace: 435416K(441472K)->435416K(441472K) NonClass: 381303K(384640K)->381303K(384640K) Class: 54113K(56832K)->54113K(56832K)
[2024-05-30T15:05:56.184+0000][16295.603s][info][gc          ] GC(3361) Pause Young (Mixed) (G1 Evacuation Pause) 4217M->3683M(12288M) 129.760ms
[2024-05-30T15:05:56.184+0000][16295.603s][info][gc,cpu      ] GC(3361) User=0.77s Sys=0.01s Real=0.13s
[2024-05-30T15:05:58.437+0000][16297.856s][info][gc,start    ] GC(3362) Pause Young (Normal) (G1 Evacuation Pause)
[2024-05-30T15:05:58.437+0000][16297.856s][info][gc,task     ] GC(3362) Using 6 workers of 6 for evacuation
[2024-05-30T15:05:58.515+0000][16297.934s][info][gc,phases   ] GC(3362)   Pre Evacuate Collection Set: 0.2ms
[2024-05-30T15:05:58.515+0000][16297.934s][info][gc,phases   ] GC(3362)   Merge Heap Roots: 0.4ms
[2024-05-30T15:05:58.515+0000][16297.934s][info][gc,phases   ] GC(3362)   Evacuate Collection Set: 59.0ms
[2024-05-30T15:05:58.515+0000][16297.934s][info][gc,phases   ] GC(3362)   Post Evacuate Collection Set: 18.3ms
[2024-05-30T15:05:58.515+0000][16297.934s][info][gc,phases   ] GC(3362)   Other: 0.2ms
[2024-05-30T15:05:58.515+0000][16297.934s][info][gc,heap     ] GC(3362) Eden regions: 748->0(744)
[2024-05-30T15:05:58.515+0000][16297.934s][info][gc,heap     ] GC(3362) Survivor regions: 3->7(94)
[2024-05-30T15:05:58.515+0000][16297.934s][info][gc,heap     ] GC(3362) Old regions: 416->416
[2024-05-30T15:05:58.515+0000][16297.934s][info][gc,heap     ] GC(3362) Archive regions: 2->2
[2024-05-30T15:05:58.515+0000][16297.934s][info][gc,heap     ] GC(3362) Humongous regions: 41->41
[2024-05-30T15:05:58.515+0000][16297.934s][info][gc,metaspace] GC(3362) Metaspace: 435416K(441472K)->435416K(441472K) NonClass: 381303K(384640K)->381303K(384640K) Class: 54113K(56832K)->54113K(56832K)
[2024-05-30T15:05:58.515+0000][16297.934s][info][gc          ] GC(3362) Pause Young (Normal) (G1 Evacuation Pause) 9667M->3710M(12288M) 78.156ms
[2024-05-30T15:05:58.515+0000][16297.934s][info][gc,cpu      ] GC(3362) User=0.45s Sys=0.01s Real=0.07s
[2024-05-30T15:06:00.767+0000][16300.186s][info][gc,start    ] GC(3363) Pause Young (Normal) (G1 Evacuation Pause)
[2024-05-30T15:06:00.767+0000][16300.186s][info][gc,task     ] GC(3363) Using 6 workers of 6 for evacuation
[2024-05-30T15:06:00.843+0000][16300.262s][info][gc,phases   ] GC(3363)   Pre Evacuate Collection Set: 0.2ms
[2024-05-30T15:06:00.843+0000][16300.262s][info][gc,phases   ] GC(3363)   Merge Heap Roots: 0.4ms
[2024-05-30T15:06:00.843+0000][16300.262s][info][gc,phases   ] GC(3363)   Evacuate Collection Set: 60.6ms
[2024-05-30T15:06:00.843+0000][16300.262s][info][gc,phases   ] GC(3363)   Post Evacuate Collection Set: 14.7ms
[2024-05-30T15:06:00.843+0000][16300.262s][info][gc,phases   ] GC(3363)   Other: 0.2ms
[2024-05-30T15:06:00.843+0000][16300.262s][info][gc,heap     ] GC(3363) Eden regions: 744->0(742)
[2024-05-30T15:06:00.843+0000][16300.262s][info][gc,heap     ] GC(3363) Survivor regions: 7->10(94)
[2024-05-30T15:06:00.843+0000][16300.262s][info][gc,heap     ] GC(3363) Old regions: 416->416
[2024-05-30T15:06:00.843+0000][16300.262s][info][gc,heap     ] GC(3363) Archive regions: 2->2
[2024-05-30T15:06:00.843+0000][16300.262s][info][gc,heap     ] GC(3363) Humongous regions: 41->41
[2024-05-30T15:06:00.843+0000][16300.262s][info][gc,metaspace] GC(3363) Metaspace: 435416K(441472K)->435416K(441472K) NonClass: 381303K(384640K)->381303K(384640K) Class: 54113K(56832K)->54113K(56832K)
[2024-05-30T15:06:00.843+0000][16300.262s][info][gc          ] GC(3363) Pause Young (Normal) (G1 Evacuation Pause) 9662M->3739M(12288M) 76.145ms
[2024-05-30T15:06:00.843+0000][16300.262s][info][gc,cpu      ] GC(3363) User=0.44s Sys=0.01s Real=0.08s
[2024-05-30T15:06:11.075+0000][16310.494s][info][gc,start    ] GC(3364) Pause Young (Concurrent Start) (G1 Evacuation Pause)
[2024-05-30T15:06:11.075+0000][16310.494s][info][gc,task     ] GC(3364) Using 6 workers of 6 for evacuation
[2024-05-30T15:06:11.133+0000][16310.552s][info][gc,phases   ] GC(3364)   Pre Evacuate Collection Set: 0.6ms
[2024-05-30T15:06:11.133+0000][16310.552s][info][gc,phases   ] GC(3364)   Merge Heap Roots: 0.4ms
[2024-05-30T15:06:11.133+0000][16310.552s][info][gc,phases   ] GC(3364)   Evacuate Collection Set: 52.3ms
[2024-05-30T15:06:11.133+0000][16310.552s][info][gc,phases   ] GC(3364)   Post Evacuate Collection Set: 4.3ms
[2024-05-30T15:06:11.133+0000][16310.552s][info][gc,phases   ] GC(3364)   Other: 0.3ms
[2024-05-30T15:06:11.133+0000][16310.552s][info][gc,heap     ] GC(3364) Eden regions: 742->0(739)
[2024-05-30T15:06:11.133+0000][16310.552s][info][gc,heap     ] GC(3364) Survivor regions: 10->14(94)
[2024-05-30T15:06:11.133+0000][16310.552s][info][gc,heap     ] GC(3364) Old regions: 416->416
[2024-05-30T15:06:11.133+0000][16310.552s][info][gc,heap     ] GC(3364) Archive regions: 2->2
[2024-05-30T15:06:11.133+0000][16310.552s][info][gc,heap     ] GC(3364) Humongous regions: 41->41
[2024-05-30T15:06:11.133+0000][16310.552s][info][gc,metaspace] GC(3364) Metaspace: 435416K(441472K)->435416K(441472K) NonClass: 381303K(384640K)->381303K(384640K) Class: 54113K(56832K)->54113K(56832K)
[2024-05-30T15:06:11.133+0000][16310.552s][info][gc          ] GC(3364) Pause Young (Concurrent Start) (G1 Evacuation Pause) 9675M->3771M(12288M) 57.875ms
[2024-05-30T15:06:11.133+0000][16310.552s][info][gc,cpu      ] GC(3364) User=0.34s Sys=0.00s Real=0.06s
[2024-05-30T15:06:11.133+0000][16310.552s][info][gc          ] GC(3365) Concurrent Mark Cycle
[2024-05-30T15:06:11.133+0000][16310.552s][info][gc,marking  ] GC(3365) Concurrent Clear Claimed Marks
[2024-05-30T15:06:11.133+0000][16310.552s][info][gc,marking  ] GC(3365) Concurrent Clear Claimed Marks 0.401ms
[2024-05-30T15:06:11.133+0000][16310.552s][info][gc,marking  ] GC(3365) Concurrent Scan Root Regions
[2024-05-30T15:06:11.167+0000][16310.586s][info][gc,marking  ] GC(3365) Concurrent Scan Root Regions 33.980ms
[2024-05-30T15:06:11.167+0000][16310.586s][info][gc,marking  ] GC(3365) Concurrent Mark
[2024-05-30T15:06:11.167+0000][16310.586s][info][gc,marking  ] GC(3365) Concurrent Mark From Roots
[2024-05-30T15:06:11.167+0000][16310.586s][info][gc,task     ] GC(3365) Using 2 workers of 2 for marking
[2024-05-30T15:06:13.689+0000][16313.109s][info][gc,marking  ] GC(3365) Concurrent Mark From Roots 2522.057ms
[2024-05-30T15:06:13.689+0000][16313.109s][info][gc,marking  ] GC(3365) Concurrent Preclean
[2024-05-30T15:06:13.691+0000][16313.110s][info][gc,marking  ] GC(3365) Concurrent Preclean 1.618ms
[2024-05-30T15:06:13.691+0000][16313.110s][info][gc,start    ] GC(3365) Pause Remark
[2024-05-30T15:06:13.716+0000][16313.135s][info][gc          ] GC(3365) Pause Remark 5011M->5011M(12288M) 24.742ms
[2024-05-30T15:06:13.716+0000][16313.135s][info][gc,cpu      ] GC(3365) User=0.11s Sys=0.00s Real=0.02s
[2024-05-30T15:06:13.716+0000][16313.135s][info][gc,marking  ] GC(3365) Concurrent Mark 2548.861ms
[2024-05-30T15:06:13.716+0000][16313.135s][info][gc,marking  ] GC(3365) Concurrent Rebuild Remembered Sets
[2024-05-30T15:06:14.971+0000][16314.391s][info][gc,marking  ] GC(3365) Concurrent Rebuild Remembered Sets 1255.154ms
[2024-05-30T15:06:14.971+0000][16314.391s][info][gc,start    ] GC(3365) Pause Cleanup
[2024-05-30T15:06:14.972+0000][16314.391s][info][gc          ] GC(3365) Pause Cleanup 5623M->5623M(12288M) 0.654ms
[2024-05-30T15:06:14.972+0000][16314.391s][info][gc,cpu      ] GC(3365) User=0.00s Sys=0.00s Real=0.00s
[2024-05-30T15:06:14.972+0000][16314.391s][info][gc,marking  ] GC(3365) Concurrent Cleanup for Next Mark
[2024-05-30T15:06:14.990+0000][16314.409s][info][gc,marking  ] GC(3365) Concurrent Cleanup for Next Mark 17.409ms
[2024-05-30T15:06:14.990+0000][16314.409s][info][gc          ] GC(3365) Concurrent Mark Cycle 3856.889ms
[2024-05-30T15:06:22.985+0000][16322.405s][info][gc,start    ] GC(3366) Pause Young (Prepare Mixed) (G1 Evacuation Pause)
[2024-05-30T15:06:22.985+0000][16322.405s][info][gc,task     ] GC(3366) Using 6 workers of 6 for evacuation
[2024-05-30T15:06:23.053+0000][16322.473s][info][gc,phases   ] GC(3366)   Pre Evacuate Collection Set: 0.2ms
[2024-05-30T15:06:23.053+0000][16322.473s][info][gc,phases   ] GC(3366)   Merge Heap Roots: 0.5ms
[2024-05-30T15:06:23.053+0000][16322.473s][info][gc,phases   ] GC(3366)   Evacuate Collection Set: 64.5ms
[2024-05-30T15:06:23.053+0000][16322.473s][info][gc,phases   ] GC(3366)   Post Evacuate Collection Set: 2.6ms
[2024-05-30T15:06:23.053+0000][16322.473s][info][gc,phases   ] GC(3366)   Other: 0.2ms
[2024-05-30T15:06:23.053+0000][16322.473s][info][gc,heap     ] GC(3366) Eden regions: 739->0(57)
[2024-05-30T15:06:23.053+0000][16322.473s][info][gc,heap     ] GC(3366) Survivor regions: 14->19(95)
[2024-05-30T15:06:23.053+0000][16322.473s][info][gc,heap     ] GC(3366) Old regions: 416->416
[2024-05-30T15:06:23.053+0000][16322.473s][info][gc,heap     ] GC(3366) Archive regions: 2->2
[2024-05-30T15:06:23.053+0000][16322.473s][info][gc,heap     ] GC(3366) Humongous regions: 41->41
[2024-05-30T15:06:23.053+0000][16322.473s][info][gc,metaspace] GC(3366) Metaspace: 435416K(441472K)->435416K(441472K) NonClass: 381303K(384640K)->381303K(384640K) Class: 54113K(56832K)->54113K(56832K)
[2024-05-30T15:06:23.053+0000][16322.473s][info][gc          ] GC(3366) Pause Young (Prepare Mixed) (G1 Evacuation Pause) 9683M->3811M(12288M) 68.059ms
[2024-05-30T15:06:23.053+0000][16322.473s][info][gc,cpu      ] GC(3366) User=0.40s Sys=0.00s Real=0.07s
[2024-05-30T15:06:23.934+0000][16323.354s][info][gc,start    ] GC(3367) Pause Young (Mixed) (G1 Evacuation Pause)
[2024-05-30T15:06:23.934+0000][16323.354s][info][gc,task     ] GC(3367) Using 6 workers of 6 for evacuation
[2024-05-30T15:06:24.013+0000][16323.432s][info][gc,phases   ] GC(3367)   Pre Evacuate Collection Set: 0.2ms
[2024-05-30T15:06:24.013+0000][16323.432s][info][gc,phases   ] GC(3367)   Merge Heap Roots: 0.4ms
[2024-05-30T15:06:24.013+0000][16323.432s][info][gc,phases   ] GC(3367)   Evacuate Collection Set: 76.1ms
[2024-05-30T15:06:24.013+0000][16323.432s][info][gc,phases   ] GC(3367)   Post Evacuate Collection Set: 1.4ms
[2024-05-30T15:06:24.013+0000][16323.432s][info][gc,phases   ] GC(3367)   Other: 0.2ms
[2024-05-30T15:06:24.013+0000][16323.432s][info][gc,heap     ] GC(3367) Eden regions: 57->0(751)
[2024-05-30T15:06:24.013+0000][16323.432s][info][gc,heap     ] GC(3367) Survivor regions: 19->3(10)
[2024-05-30T15:06:24.013+0000][16323.432s][info][gc,heap     ] GC(3367) Old regions: 416->414
[2024-05-30T15:06:24.013+0000][16323.432s][info][gc,heap     ] GC(3367) Archive regions: 2->2
[2024-05-30T15:06:24.013+0000][16323.432s][info][gc,heap     ] GC(3367) Humongous regions: 41->41
[2024-05-30T15:06:24.013+0000][16323.432s][info][gc,metaspace] GC(3367) Metaspace: 435416K(441472K)->435416K(441472K) NonClass: 381303K(384640K)->381303K(384640K) Class: 54113K(56832K)->54113K(56832K)
[2024-05-30T15:06:24.013+0000][16323.432s][info][gc          ] GC(3367) Pause Young (Mixed) (G1 Evacuation Pause) 4267M->3664M(12288M) 78.365ms
[2024-05-30T15:06:24.013+0000][16323.432s][info][gc,cpu      ] GC(3367) User=0.46s Sys=0.00s Real=0.08s
[2024-05-30T15:06:36.347+0000][16335.766s][info][gc,start    ] GC(3368) Pause Young (Normal) (G1 Evacuation Pause)
[2024-05-30T15:06:36.347+0000][16335.766s][info][gc,task     ] GC(3368) Using 6 workers of 6 for evacuation
[2024-05-30T15:06:36.365+0000][16335.785s][info][gc,phases   ] GC(3368)   Pre Evacuate Collection Set: 0.2ms
[2024-05-30T15:06:36.366+0000][16335.785s][info][gc,phases   ] GC(3368)   Merge Heap Roots: 0.3ms
[2024-05-30T15:06:36.366+0000][16335.785s][info][gc,phases   ] GC(3368)   Evacuate Collection Set: 15.9ms
[2024-05-30T15:06:36.366+0000][16335.785s][info][gc,phases   ] GC(3368)   Post Evacuate Collection Set: 2.2ms
[2024-05-30T15:06:36.366+0000][16335.785s][info][gc,phases   ] GC(3368)   Other: 0.3ms
[2024-05-30T15:06:36.366+0000][16335.785s][info][gc,heap     ] GC(3368) Eden regions: 751->0(748)
[2024-05-30T15:06:36.366+0000][16335.785s][info][gc,heap     ] GC(3368) Survivor regions: 3->6(95)
[2024-05-30T15:06:36.366+0000][16335.785s][info][gc,heap     ] GC(3368) Old regions: 414->414
[2024-05-30T15:06:36.366+0000][16335.785s][info][gc,heap     ] GC(3368) Archive regions: 2->2
[2024-05-30T15:06:36.366+0000][16335.785s][info][gc,heap     ] GC(3368) Humongous regions: 41->41
[2024-05-30T15:06:36.366+0000][16335.785s][info][gc,metaspace] GC(3368) Metaspace: 435416K(441472K)->435416K(441472K) NonClass: 381303K(384640K)->381303K(384640K) Class: 54113K(56832K)->54113K(56832K)
[2024-05-30T15:06:36.366+0000][16335.785s][info][gc          ] GC(3368) Pause Young (Normal) (G1 Evacuation Pause) 9672M->3684M(12288M) 18.813ms
[2024-05-30T15:06:36.366+0000][16335.785s][info][gc,cpu      ] GC(3368) User=0.11s Sys=0.00s Real=0.02s
[2024-05-30T15:06:42.462+0000][16341.881s][info][gc,start    ] GC(3369) Pause Young (Concurrent Start) (G1 Humongous Allocation)
[2024-05-30T15:06:42.462+0000][16341.881s][info][gc,task     ] GC(3369) Using 6 workers of 6 for evacuation
[2024-05-30T15:06:42.492+0000][16341.911s][info][gc,phases   ] GC(3369)   Pre Evacuate Collection Set: 0.6ms
[2024-05-30T15:06:42.492+0000][16341.911s][info][gc,phases   ] GC(3369)   Merge Heap Roots: 0.2ms
[2024-05-30T15:06:42.492+0000][16341.911s][info][gc,phases   ] GC(3369)   Evacuate Collection Set: 27.2ms
[2024-05-30T15:06:42.492+0000][16341.911s][info][gc,phases   ] GC(3369)   Post Evacuate Collection Set: 1.7ms
[2024-05-30T15:06:42.492+0000][16341.911s][info][gc,phases   ] GC(3369)   Other: 0.3ms
[2024-05-30T15:06:42.492+0000][16341.911s][info][gc,heap     ] GC(3369) Eden regions: 373->0(742)
[2024-05-30T15:06:42.492+0000][16341.911s][info][gc,heap     ] GC(3369) Survivor regions: 6->10(95)
[2024-05-30T15:06:42.492+0000][16341.911s][info][gc,heap     ] GC(3369) Old regions: 414->414
[2024-05-30T15:06:42.492+0000][16341.911s][info][gc,heap     ] GC(3369) Archive regions: 2->2
[2024-05-30T15:06:42.492+0000][16341.911s][info][gc,heap     ] GC(3369) Humongous regions: 41->41
[2024-05-30T15:06:42.492+0000][16341.911s][info][gc,metaspace] GC(3369) Metaspace: 435416K(441472K)->435416K(441472K) NonClass: 381303K(384640K)->381303K(384640K) Class: 54113K(56832K)->54113K(56832K)
[2024-05-30T15:06:42.492+0000][16341.911s][info][gc          ] GC(3369) Pause Young (Concurrent Start) (G1 Humongous Allocation) 6668M->3713M(12288M) 29.986ms
[2024-05-30T15:06:42.492+0000][16341.911s][info][gc,cpu      ] GC(3369) User=0.17s Sys=0.00s Real=0.03s
[2024-05-30T15:06:42.492+0000][16341.911s][info][gc          ] GC(3370) Concurrent Mark Cycle
[2024-05-30T15:06:42.492+0000][16341.911s][info][gc,marking  ] GC(3370) Concurrent Clear Claimed Marks
[2024-05-30T15:06:42.493+0000][16341.912s][info][gc,marking  ] GC(3370) Concurrent Clear Claimed Marks 0.441ms
[2024-05-30T15:06:42.493+0000][16341.912s][info][gc,marking  ] GC(3370) Concurrent Scan Root Regions
[2024-05-30T15:06:42.538+0000][16341.958s][info][gc,marking  ] GC(3370) Concurrent Scan Root Regions 45.613ms
[2024-05-30T15:06:42.538+0000][16341.958s][info][gc,marking  ] GC(3370) Concurrent Mark
[2024-05-30T15:06:42.538+0000][16341.958s][info][gc,marking  ] GC(3370) Concurrent Mark From Roots
[2024-05-30T15:06:42.538+0000][16341.958s][info][gc,task     ] GC(3370) Using 2 workers of 2 for marking
[2024-05-30T15:06:44.658+0000][16344.078s][info][gc,marking  ] GC(3370) Concurrent Mark From Roots 2119.922ms
[2024-05-30T15:06:44.658+0000][16344.078s][info][gc,marking  ] GC(3370) Concurrent Preclean
[2024-05-30T15:06:44.660+0000][16344.079s][info][gc,marking  ] GC(3370) Concurrent Preclean 1.293ms
[2024-05-30T15:06:44.660+0000][16344.079s][info][gc,start    ] GC(3370) Pause Remark
[2024-05-30T15:06:44.688+0000][16344.107s][info][gc          ] GC(3370) Pause Remark 7589M->7589M(12288M) 27.761ms
[2024-05-30T15:06:44.688+0000][16344.107s][info][gc,cpu      ] GC(3370) User=0.12s Sys=0.00s Real=0.02s
[2024-05-30T15:06:44.688+0000][16344.107s][info][gc,marking  ] GC(3370) Concurrent Mark 2149.283ms
[2024-05-30T15:06:44.688+0000][16344.107s][info][gc,marking  ] GC(3370) Concurrent Rebuild Remembered Sets
[2024-05-30T15:06:45.543+0000][16344.962s][info][gc,start    ] GC(3371) Pause Young (Normal) (G1 Evacuation Pause)
[2024-05-30T15:06:45.543+0000][16344.962s][info][gc,task     ] GC(3371) Using 6 workers of 6 for evacuation
[2024-05-30T15:06:45.690+0000][16345.109s][info][gc,phases   ] GC(3371)   Pre Evacuate Collection Set: 0.2ms
[2024-05-30T15:06:45.690+0000][16345.109s][info][gc,phases   ] GC(3371)   Merge Heap Roots: 0.7ms
[2024-05-30T15:06:45.690+0000][16345.109s][info][gc,phases   ] GC(3371)   Evacuate Collection Set: 122.0ms
[2024-05-30T15:06:45.690+0000][16345.109s][info][gc,phases   ] GC(3371)   Post Evacuate Collection Set: 24.1ms
[2024-05-30T15:06:45.690+0000][16345.109s][info][gc,phases   ] GC(3371)   Other: 0.2ms
[2024-05-30T15:06:45.690+0000][16345.109s][info][gc,heap     ] GC(3371) Eden regions: 742->0(723)
[2024-05-30T15:06:45.690+0000][16345.109s][info][gc,heap     ] GC(3371) Survivor regions: 10->20(94)
[2024-05-30T15:06:45.690+0000][16345.109s][info][gc,heap     ] GC(3371) Old regions: 414->414
[2024-05-30T15:06:45.690+0000][16345.109s][info][gc,heap     ] GC(3371) Archive regions: 2->2
[2024-05-30T15:06:45.690+0000][16345.109s][info][gc,heap     ] GC(3371) Humongous regions: 47->47
[2024-05-30T15:06:45.690+0000][16345.109s][info][gc,metaspace] GC(3371) Metaspace: 435417K(441472K)->435417K(441472K) NonClass: 381304K(384640K)->381304K(384640K) Class: 54113K(56832K)->54113K(56832K)
[2024-05-30T15:06:45.690+0000][16345.109s][info][gc          ] GC(3371) Pause Young (Normal) (G1 Evacuation Pause) 9697M->3846M(12288M) 147.239ms
[2024-05-30T15:06:45.690+0000][16345.109s][info][gc,cpu      ] GC(3371) User=0.86s Sys=0.00s Real=0.15s
[2024-05-30T15:06:45.877+0000][16345.297s][info][gc,marking  ] GC(3370) Concurrent Rebuild Remembered Sets 1189.823ms
[2024-05-30T15:06:45.878+0000][16345.297s][info][gc,start    ] GC(3370) Pause Cleanup
[2024-05-30T15:06:45.878+0000][16345.297s][info][gc          ] GC(3370) Pause Cleanup 3898M->3898M(12288M) 0.636ms
[2024-05-30T15:06:45.878+0000][16345.298s][info][gc,cpu      ] GC(3370) User=0.00s Sys=0.00s Real=0.00s
[2024-05-30T15:06:45.878+0000][16345.298s][info][gc,marking  ] GC(3370) Concurrent Cleanup for Next Mark
[2024-05-30T15:06:45.894+0000][16345.313s][info][gc,marking  ] GC(3370) Concurrent Cleanup for Next Mark 15.251ms
[2024-05-30T15:06:45.894+0000][16345.313s][info][gc          ] GC(3370) Concurrent Mark Cycle 3401.452ms
[2024-05-30T15:06:47.985+0000][16347.405s][info][gc,start    ] GC(3372) Pause Young (Prepare Mixed) (G1 Evacuation Pause)
[2024-05-30T15:06:47.985+0000][16347.405s][info][gc,task     ] GC(3372) Using 6 workers of 6 for evacuation
[2024-05-30T15:06:48.120+0000][16347.539s][info][gc,phases   ] GC(3372)   Pre Evacuate Collection Set: 0.2ms
[2024-05-30T15:06:48.120+0000][16347.539s][info][gc,phases   ] GC(3372)   Merge Heap Roots: 0.4ms
[2024-05-30T15:06:48.120+0000][16347.539s][info][gc,phases   ] GC(3372)   Evacuate Collection Set: 112.9ms
[2024-05-30T15:06:48.120+0000][16347.539s][info][gc,phases   ] GC(3372)   Post Evacuate Collection Set: 20.8ms
[2024-05-30T15:06:48.120+0000][16347.539s][info][gc,phases   ] GC(3372)   Other: 0.2ms
[2024-05-30T15:06:48.120+0000][16347.539s][info][gc,heap     ] GC(3372) Eden regions: 723->0(55)
[2024-05-30T15:06:48.120+0000][16347.539s][info][gc,heap     ] GC(3372) Survivor regions: 20->21(93)
[2024-05-30T15:06:48.120+0000][16347.539s][info][gc,heap     ] GC(3372) Old regions: 414->414
[2024-05-30T15:06:48.120+0000][16347.539s][info][gc,heap     ] GC(3372) Archive regions: 2->2
[2024-05-30T15:06:48.120+0000][16347.539s][info][gc,heap     ] GC(3372) Humongous regions: 47->47
[2024-05-30T15:06:48.120+0000][16347.539s][info][gc,metaspace] GC(3372) Metaspace: 435417K(441472K)->435417K(441472K) NonClass: 381304K(384640K)->381304K(384640K) Class: 54113K(56832K)->54113K(56832K)
[2024-05-30T15:06:48.120+0000][16347.539s][info][gc          ] GC(3372) Pause Young (Prepare Mixed) (G1 Evacuation Pause) 9630M->3852M(12288M) 134.544ms
[2024-05-30T15:06:48.120+0000][16347.539s][info][gc,cpu      ] GC(3372) User=0.79s Sys=0.00s Real=0.14s
[2024-05-30T15:06:48.463+0000][16347.883s][info][gc,start    ] GC(3373) Pause Young (Mixed) (G1 Evacuation Pause)
[2024-05-30T15:06:48.463+0000][16347.883s][info][gc,task     ] GC(3373) Using 6 workers of 6 for evacuation
[2024-05-30T15:06:48.571+0000][16347.990s][info][gc,phases   ] GC(3373)   Pre Evacuate Collection Set: 0.2ms
[2024-05-30T15:06:48.571+0000][16347.990s][info][gc,phases   ] GC(3373)   Merge Heap Roots: 0.7ms
[2024-05-30T15:06:48.571+0000][16347.990s][info][gc,phases   ] GC(3373)   Evacuate Collection Set: 104.0ms
[2024-05-30T15:06:48.571+0000][16347.990s][info][gc,phases   ] GC(3373)   Post Evacuate Collection Set: 2.7ms
[2024-05-30T15:06:48.571+0000][16347.990s][info][gc,phases   ] GC(3373)   Other: 0.2ms
[2024-05-30T15:06:48.571+0000][16347.990s][info][gc,heap     ] GC(3373) Eden regions: 55->0(738)
[2024-05-30T15:06:48.571+0000][16347.990s][info][gc,heap     ] GC(3373) Survivor regions: 21->3(10)
[2024-05-30T15:06:48.571+0000][16347.990s][info][gc,heap     ] GC(3373) Old regions: 414->416
[2024-05-30T15:06:48.571+0000][16347.990s][info][gc,heap     ] GC(3373) Archive regions: 2->2
[2024-05-30T15:06:48.571+0000][16347.990s][info][gc,heap     ] GC(3373) Humongous regions: 47->47
[2024-05-30T15:06:48.571+0000][16347.990s][info][gc,metaspace] GC(3373) Metaspace: 435417K(441472K)->435417K(441472K) NonClass: 381304K(384640K)->381304K(384640K) Class: 54113K(56832K)->54113K(56832K)
[2024-05-30T15:06:48.571+0000][16347.990s][info][gc          ] GC(3373) Pause Young (Mixed) (G1 Evacuation Pause) 4292M->3725M(12288M) 107.766ms
[2024-05-30T15:06:48.571+0000][16347.990s][info][gc,cpu      ] GC(3373) User=0.64s Sys=0.00s Real=0.11s
[2024-05-30T15:06:50.749+0000][16350.168s][info][gc,start    ] GC(3374) Pause Young (Normal) (G1 Evacuation Pause)
[2024-05-30T15:06:50.749+0000][16350.169s][info][gc,task     ] GC(3374) Using 6 workers of 6 for evacuation
[2024-05-30T15:06:50.821+0000][16350.240s][info][gc,phases   ] GC(3374)   Pre Evacuate Collection Set: 0.2ms
[2024-05-30T15:06:50.821+0000][16350.240s][info][gc,phases   ] GC(3374)   Merge Heap Roots: 0.4ms
[2024-05-30T15:06:50.821+0000][16350.240s][info][gc,phases   ] GC(3374)   Evacuate Collection Set: 54.3ms
[2024-05-30T15:06:50.821+0000][16350.240s][info][gc,phases   ] GC(3374)   Post Evacuate Collection Set: 16.7ms
[2024-05-30T15:06:50.821+0000][16350.240s][info][gc,phases   ] GC(3374)   Other: 0.2ms
[2024-05-30T15:06:50.821+0000][16350.240s][info][gc,heap     ] GC(3374) Eden regions: 738->0(738)
[2024-05-30T15:06:50.821+0000][16350.240s][info][gc,heap     ] GC(3374) Survivor regions: 3->5(93)
[2024-05-30T15:06:50.821+0000][16350.240s][info][gc,heap     ] GC(3374) Old regions: 416->416
[2024-05-30T15:06:50.821+0000][16350.240s][info][gc,heap     ] GC(3374) Archive regions: 2->2
[2024-05-30T15:06:50.821+0000][16350.240s][info][gc,heap     ] GC(3374) Humongous regions: 47->47
[2024-05-30T15:06:50.821+0000][16350.240s][info][gc,metaspace] GC(3374) Metaspace: 435417K(441472K)->435417K(441472K) NonClass: 381304K(384640K)->381304K(384640K) Class: 54113K(56832K)->54113K(56832K)
[2024-05-30T15:06:50.821+0000][16350.240s][info][gc          ] GC(3374) Pause Young (Normal) (G1 Evacuation Pause) 9629M->3741M(12288M) 71.772ms
[2024-05-30T15:06:50.821+0000][16350.240s][info][gc,cpu      ] GC(3374) User=0.42s Sys=0.00s Real=0.07s
[2024-05-30T15:06:53.068+0000][16352.487s][info][gc,start    ] GC(3375) Pause Young (Normal) (G1 Evacuation Pause)
[2024-05-30T15:06:53.068+0000][16352.487s][info][gc,task     ] GC(3375) Using 6 workers of 6 for evacuation
[2024-05-30T15:06:53.172+0000][16352.591s][info][gc,phases   ] GC(3375)   Pre Evacuate Collection Set: 0.2ms
[2024-05-30T15:06:53.172+0000][16352.591s][info][gc,phases   ] GC(3375)   Merge Heap Roots: 0.5ms
[2024-05-30T15:06:53.172+0000][16352.591s][info][gc,phases   ] GC(3375)   Evacuate Collection Set: 80.9ms
[2024-05-30T15:06:53.172+0000][16352.591s][info][gc,phases   ] GC(3375)   Post Evacuate Collection Set: 21.7ms
[2024-05-30T15:06:53.172+0000][16352.591s][info][gc,phases   ] GC(3375)   Other: 0.2ms
[2024-05-30T15:06:53.172+0000][16352.591s][info][gc,heap     ] GC(3375) Eden regions: 738->0(733)
[2024-05-30T15:06:53.172+0000][16352.591s][info][gc,heap     ] GC(3375) Survivor regions: 5->11(93)
[2024-05-30T15:06:53.172+0000][16352.591s][info][gc,heap     ] GC(3375) Old regions: 416->416
[2024-05-30T15:06:53.172+0000][16352.591s][info][gc,heap     ] GC(3375) Archive regions: 2->2
[2024-05-30T15:06:53.172+0000][16352.591s][info][gc,heap     ] GC(3375) Humongous regions: 47->47
[2024-05-30T15:06:53.172+0000][16352.591s][info][gc,metaspace] GC(3375) Metaspace: 435421K(441472K)->435421K(441472K) NonClass: 381308K(384640K)->381308K(384640K) Class: 54113K(56832K)->54113K(56832K)
[2024-05-30T15:06:53.172+0000][16352.591s][info][gc          ] GC(3375) Pause Young (Normal) (G1 Evacuation Pause) 9645M->3788M(12288M) 103.627ms
[2024-05-30T15:06:53.172+0000][16352.591s][info][gc,cpu      ] GC(3375) User=0.60s Sys=0.00s Real=0.11s
[2024-05-30T15:06:56.821+0000][16356.240s][info][gc,start    ] GC(3376) Pause Young (Concurrent Start) (G1 Evacuation Pause)
[2024-05-30T15:06:56.821+0000][16356.240s][info][gc,task     ] GC(3376) Using 6 workers of 6 for evacuation
[2024-05-30T15:06:56.882+0000][16356.302s][info][gc,phases   ] GC(3376)   Pre Evacuate Collection Set: 0.5ms
[2024-05-30T15:06:56.882+0000][16356.302s][info][gc,phases   ] GC(3376)   Merge Heap Roots: 0.5ms
[2024-05-30T15:06:56.882+0000][16356.302s][info][gc,phases   ] GC(3376)   Evacuate Collection Set: 51.5ms
[2024-05-30T15:06:56.882+0000][16356.302s][info][gc,phases   ] GC(3376)   Post Evacuate Collection Set: 8.7ms
[2024-05-30T15:06:56.882+0000][16356.302s][info][gc,phases   ] GC(3376)   Other: 0.3ms
[2024-05-30T15:06:56.882+0000][16356.302s][info][gc,heap     ] GC(3376) Eden regions: 733->0(734)
[2024-05-30T15:06:56.882+0000][16356.302s][info][gc,heap     ] GC(3376) Survivor regions: 11->11(93)
[2024-05-30T15:06:56.882+0000][16356.302s][info][gc,heap     ] GC(3376) Old regions: 416->416
[2024-05-30T15:06:56.882+0000][16356.302s][info][gc,heap     ] GC(3376) Archive regions: 2->2
[2024-05-30T15:06:56.882+0000][16356.302s][info][gc,heap     ] GC(3376) Humongous regions: 47->47
[2024-05-30T15:06:56.882+0000][16356.302s][info][gc,metaspace] GC(3376) Metaspace: 435421K(441472K)->435421K(441472K) NonClass: 381308K(384640K)->381308K(384640K) Class: 54113K(56832K)->54113K(56832K)
[2024-05-30T15:06:56.882+0000][16356.302s][info][gc          ] GC(3376) Pause Young (Concurrent Start) (G1 Evacuation Pause) 9652M->3788M(12288M) 61.489ms
[2024-05-30T15:06:56.883+0000][16356.302s][info][gc,cpu      ] GC(3376) User=0.36s Sys=0.00s Real=0.06s
[2024-05-30T15:06:56.883+0000][16356.302s][info][gc          ] GC(3377) Concurrent Mark Cycle
[2024-05-30T15:06:56.883+0000][16356.302s][info][gc,marking  ] GC(3377) Concurrent Clear Claimed Marks
[2024-05-30T15:06:56.883+0000][16356.302s][info][gc,marking  ] GC(3377) Concurrent Clear Claimed Marks 0.406ms
[2024-05-30T15:06:56.883+0000][16356.302s][info][gc,marking  ] GC(3377) Concurrent Scan Root Regions
[2024-05-30T15:06:56.916+0000][16356.335s][info][gc,marking  ] GC(3377) Concurrent Scan Root Regions 32.827ms
[2024-05-30T15:06:56.916+0000][16356.335s][info][gc,marking  ] GC(3377) Concurrent Mark
[2024-05-30T15:06:56.916+0000][16356.335s][info][gc,marking  ] GC(3377) Concurrent Mark From Roots
[2024-05-30T15:06:56.916+0000][16356.335s][info][gc,task     ] GC(3377) Using 2 workers of 2 for marking
[2024-05-30T15:06:58.865+0000][16358.285s][info][gc,marking  ] GC(3377) Concurrent Mark From Roots 1949.460ms
[2024-05-30T15:06:58.865+0000][16358.285s][info][gc,marking  ] GC(3377) Concurrent Preclean
[2024-05-30T15:06:58.867+0000][16358.286s][info][gc,marking  ] GC(3377) Concurrent Preclean 1.297ms
[2024-05-30T15:06:58.867+0000][16358.286s][info][gc,start    ] GC(3377) Pause Remark
[2024-05-30T15:06:58.891+0000][16358.311s][info][gc          ] GC(3377) Pause Remark 5392M->5327M(12288M) 24.600ms
[2024-05-30T15:06:58.892+0000][16358.311s][info][gc,cpu      ] GC(3377) User=0.10s Sys=0.00s Real=0.03s
[2024-05-30T15:06:58.892+0000][16358.311s][info][gc,marking  ] GC(3377) Concurrent Mark 1975.746ms
[2024-05-30T15:06:58.892+0000][16358.311s][info][gc,marking  ] GC(3377) Concurrent Rebuild Remembered Sets
[2024-05-30T15:06:59.927+0000][16359.346s][info][gc,marking  ] GC(3377) Concurrent Rebuild Remembered Sets 1034.994ms
[2024-05-30T15:06:59.927+0000][16359.346s][info][gc,start    ] GC(3377) Pause Cleanup
[2024-05-30T15:06:59.927+0000][16359.347s][info][gc          ] GC(3377) Pause Cleanup 5827M->5827M(12288M) 0.671ms
[2024-05-30T15:06:59.927+0000][16359.347s][info][gc,cpu      ] GC(3377) User=0.00s Sys=0.00s Real=0.00s
[2024-05-30T15:06:59.928+0000][16359.347s][info][gc,marking  ] GC(3377) Concurrent Cleanup for Next Mark
[2024-05-30T15:06:59.956+0000][16359.375s][info][gc,marking  ] GC(3377) Concurrent Cleanup for Next Mark 28.657ms
[2024-05-30T15:06:59.956+0000][16359.376s][info][gc          ] GC(3377) Concurrent Mark Cycle 3073.712ms
[2024-05-30T15:07:07.817+0000][16367.236s][info][gc,start    ] GC(3378) Pause Young (Prepare Mixed) (G1 Evacuation Pause)
[2024-05-30T15:07:07.817+0000][16367.236s][info][gc,task     ] GC(3378) Using 6 workers of 6 for evacuation
[2024-05-30T15:07:07.860+0000][16367.280s][info][gc,phases   ] GC(3378)   Pre Evacuate Collection Set: 0.2ms
[2024-05-30T15:07:07.861+0000][16367.280s][info][gc,phases   ] GC(3378)   Merge Heap Roots: 0.4ms
[2024-05-30T15:07:07.861+0000][16367.280s][info][gc,phases   ] GC(3378)   Evacuate Collection Set: 40.4ms
[2024-05-30T15:07:07.861+0000][16367.280s][info][gc,phases   ] GC(3378)   Post Evacuate Collection Set: 2.2ms
[2024-05-30T15:07:07.861+0000][16367.280s][info][gc,phases   ] GC(3378)   Other: 0.2ms
[2024-05-30T15:07:07.861+0000][16367.280s][info][gc,heap     ] GC(3378) Eden regions: 734->0(62)
[2024-05-30T15:07:07.861+0000][16367.280s][info][gc,heap     ] GC(3378) Survivor regions: 11->14(94)
[2024-05-30T15:07:07.861+0000][16367.280s][info][gc,heap     ] GC(3378) Old regions: 412->412
[2024-05-30T15:07:07.861+0000][16367.280s][info][gc,heap     ] GC(3378) Archive regions: 2->2
[2024-05-30T15:07:07.861+0000][16367.280s][info][gc,heap     ] GC(3378) Humongous regions: 42->42
[2024-05-30T15:07:07.861+0000][16367.280s][info][gc,metaspace] GC(3378) Metaspace: 435421K(441472K)->435421K(441472K) NonClass: 381308K(384640K)->381308K(384640K) Class: 54113K(56832K)->54113K(56832K)
[2024-05-30T15:07:07.861+0000][16367.280s][info][gc          ] GC(3378) Pause Young (Prepare Mixed) (G1 Evacuation Pause) 9595M->3743M(12288M) 43.462ms
[2024-05-30T15:07:07.861+0000][16367.280s][info][gc,cpu      ] GC(3378) User=0.26s Sys=0.01s Real=0.04s
[2024-05-30T15:07:08.879+0000][16368.298s][info][gc,start    ] GC(3379) Pause Young (Mixed) (G1 Evacuation Pause)
[2024-05-30T15:07:08.879+0000][16368.298s][info][gc,task     ] GC(3379) Using 6 workers of 6 for evacuation
[2024-05-30T15:07:08.978+0000][16368.397s][info][gc,phases   ] GC(3379)   Pre Evacuate Collection Set: 0.2ms
[2024-05-30T15:07:08.978+0000][16368.397s][info][gc,phases   ] GC(3379)   Merge Heap Roots: 0.6ms
[2024-05-30T15:07:08.978+0000][16368.397s][info][gc,phases   ] GC(3379)   Evacuate Collection Set: 96.4ms
[2024-05-30T15:07:08.978+0000][16368.397s][info][gc,phases   ] GC(3379)   Post Evacuate Collection Set: 1.8ms
[2024-05-30T15:07:08.978+0000][16368.397s][info][gc,phases   ] GC(3379)   Other: 0.2ms
[2024-05-30T15:07:08.978+0000][16368.397s][info][gc,heap     ] GC(3379) Eden regions: 62->0(807)
[2024-05-30T15:07:08.978+0000][16368.397s][info][gc,heap     ] GC(3379) Survivor regions: 14->5(10)
[2024-05-30T15:07:08.978+0000][16368.397s][info][gc,heap     ] GC(3379) Old regions: 412->353
[2024-05-30T15:07:08.978+0000][16368.397s][info][gc,heap     ] GC(3379) Archive regions: 2->2
[2024-05-30T15:07:08.978+0000][16368.397s][info][gc,heap     ] GC(3379) Humongous regions: 42->42
[2024-05-30T15:07:08.978+0000][16368.397s][info][gc,metaspace] GC(3379) Metaspace: 435421K(441472K)->435421K(441472K) NonClass: 381308K(384640K)->381308K(384640K) Class: 54113K(56832K)->54113K(56832K)
[2024-05-30T15:07:08.978+0000][16368.397s][info][gc          ] GC(3379) Pause Young (Mixed) (G1 Evacuation Pause) 4239M->3197M(12288M) 99.248ms
[2024-05-30T15:07:08.978+0000][16368.397s][info][gc,cpu      ] GC(3379) User=0.58s Sys=0.01s Real=0.10s
[2024-05-30T15:07:22.172+0000][16381.592s][info][gc,start    ] GC(3380) Pause Young (Normal) (G1 Evacuation Pause)
[2024-05-30T15:07:22.172+0000][16381.592s][info][gc,task     ] GC(3380) Using 6 workers of 6 for evacuation
[2024-05-30T15:07:22.196+0000][16381.616s][info][gc,phases   ] GC(3380)   Pre Evacuate Collection Set: 0.2ms
[2024-05-30T15:07:22.196+0000][16381.616s][info][gc,phases   ] GC(3380)   Merge Heap Roots: 0.2ms
[2024-05-30T15:07:22.196+0000][16381.616s][info][gc,phases   ] GC(3380)   Evacuate Collection Set: 21.1ms
[2024-05-30T15:07:22.196+0000][16381.616s][info][gc,phases   ] GC(3380)   Post Evacuate Collection Set: 2.3ms
[2024-05-30T15:07:22.196+0000][16381.616s][info][gc,phases   ] GC(3380)   Other: 0.2ms
[2024-05-30T15:07:22.196+0000][16381.616s][info][gc,heap     ] GC(3380) Eden regions: 807->0(803)
[2024-05-30T15:07:22.196+0000][16381.616s][info][gc,heap     ] GC(3380) Survivor regions: 5->9(102)
[2024-05-30T15:07:22.196+0000][16381.616s][info][gc,heap     ] GC(3380) Old regions: 353->353
[2024-05-30T15:07:22.196+0000][16381.616s][info][gc,heap     ] GC(3380) Archive regions: 2->2
[2024-05-30T15:07:22.196+0000][16381.616s][info][gc,heap     ] GC(3380) Humongous regions: 42->42
[2024-05-30T15:07:22.196+0000][16381.616s][info][gc,metaspace] GC(3380) Metaspace: 435421K(441472K)->435421K(441472K) NonClass: 381308K(384640K)->381308K(384640K) Class: 54113K(56832K)->54113K(56832K)
[2024-05-30T15:07:22.196+0000][16381.616s][info][gc          ] GC(3380) Pause Young (Normal) (G1 Evacuation Pause) 9653M->3226M(12288M) 24.036ms
[2024-05-30T15:07:22.197+0000][16381.616s][info][gc,cpu      ] GC(3380) User=0.14s Sys=0.00s Real=0.03s
[2024-05-30T15:07:35.544+0000][16394.963s][info][gc,start    ] GC(3381) Pause Young (Normal) (G1 Evacuation Pause)
[2024-05-30T15:07:35.544+0000][16394.963s][info][gc,task     ] GC(3381) Using 6 workers of 6 for evacuation
[2024-05-30T15:07:35.571+0000][16394.991s][info][gc,phases   ] GC(3381)   Pre Evacuate Collection Set: 0.2ms
[2024-05-30T15:07:35.571+0000][16394.991s][info][gc,phases   ] GC(3381)   Merge Heap Roots: 0.2ms
[2024-05-30T15:07:35.571+0000][16394.991s][info][gc,phases   ] GC(3381)   Evacuate Collection Set: 24.8ms
[2024-05-30T15:07:35.571+0000][16394.991s][info][gc,phases   ] GC(3381)   Post Evacuate Collection Set: 2.3ms
[2024-05-30T15:07:35.571+0000][16394.991s][info][gc,phases   ] GC(3381)   Other: 0.2ms
[2024-05-30T15:07:35.571+0000][16394.991s][info][gc,heap     ] GC(3381) Eden regions: 803->0(800)
[2024-05-30T15:07:35.571+0000][16394.991s][info][gc,heap     ] GC(3381) Survivor regions: 9->13(102)
[2024-05-30T15:07:35.571+0000][16394.991s][info][gc,heap     ] GC(3381) Old regions: 353->353
[2024-05-30T15:07:35.571+0000][16394.991s][info][gc,heap     ] GC(3381) Archive regions: 2->2
[2024-05-30T15:07:35.571+0000][16394.991s][info][gc,heap     ] GC(3381) Humongous regions: 42->42
[2024-05-30T15:07:35.571+0000][16394.991s][info][gc,metaspace] GC(3381) Metaspace: 435421K(441472K)->435421K(441472K) NonClass: 381308K(384640K)->381308K(384640K) Class: 54113K(56832K)->54113K(56832K)
[2024-05-30T15:07:35.571+0000][16394.991s][info][gc          ] GC(3381) Pause Young (Normal) (G1 Evacuation Pause) 9650M->3255M(12288M) 27.777ms
[2024-05-30T15:07:35.572+0000][16394.991s][info][gc,cpu      ] GC(3381) User=0.16s Sys=0.00s Real=0.03s
[2024-05-30T15:07:49.362+0000][16408.782s][info][gc,start    ] GC(3382) Pause Young (Concurrent Start) (G1 Evacuation Pause)
[2024-05-30T15:07:49.362+0000][16408.782s][info][gc,task     ] GC(3382) Using 6 workers of 6 for evacuation
[2024-05-30T15:07:49.397+0000][16408.816s][info][gc,phases   ] GC(3382)   Pre Evacuate Collection Set: 0.6ms
[2024-05-30T15:07:49.397+0000][16408.816s][info][gc,phases   ] GC(3382)   Merge Heap Roots: 0.2ms
[2024-05-30T15:07:49.397+0000][16408.816s][info][gc,phases   ] GC(3382)   Evacuate Collection Set: 31.0ms
[2024-05-30T15:07:49.397+0000][16408.816s][info][gc,phases   ] GC(3382)   Post Evacuate Collection Set: 2.2ms
[2024-05-30T15:07:49.397+0000][16408.816s][info][gc,phases   ] GC(3382)   Other: 0.3ms
[2024-05-30T15:07:49.397+0000][16408.816s][info][gc,heap     ] GC(3382) Eden regions: 800->0(795)
[2024-05-30T15:07:49.397+0000][16408.816s][info][gc,heap     ] GC(3382) Survivor regions: 13->17(102)
[2024-05-30T15:07:49.397+0000][16408.816s][info][gc,heap     ] GC(3382) Old regions: 353->353
[2024-05-30T15:07:49.397+0000][16408.816s][info][gc,heap     ] GC(3382) Archive regions: 2->2
[2024-05-30T15:07:49.397+0000][16408.816s][info][gc,heap     ] GC(3382) Humongous regions: 42->42
[2024-05-30T15:07:49.397+0000][16408.816s][info][gc,metaspace] GC(3382) Metaspace: 435423K(441472K)->435423K(441472K) NonClass: 381310K(384640K)->381310K(384640K) Class: 54113K(56832K)->54113K(56832K)
[2024-05-30T15:07:49.397+0000][16408.816s][info][gc          ] GC(3382) Pause Young (Concurrent Start) (G1 Evacuation Pause) 9655M->3288M(12288M) 34.276ms
[2024-05-30T15:07:49.397+0000][16408.816s][info][gc,cpu      ] GC(3382) User=0.20s Sys=0.00s Real=0.04s
[2024-05-30T15:07:49.397+0000][16408.816s][info][gc          ] GC(3383) Concurrent Mark Cycle
[2024-05-30T15:07:49.397+0000][16408.816s][info][gc,marking  ] GC(3383) Concurrent Clear Claimed Marks
[2024-05-30T15:07:49.397+0000][16408.816s][info][gc,marking  ] GC(3383) Concurrent Clear Claimed Marks 0.427ms
[2024-05-30T15:07:49.397+0000][16408.816s][info][gc,marking  ] GC(3383) Concurrent Scan Root Regions
[2024-05-30T15:07:49.418+0000][16408.837s][info][gc,marking  ] GC(3383) Concurrent Scan Root Regions 20.977ms
[2024-05-30T15:07:49.418+0000][16408.837s][info][gc,marking  ] GC(3383) Concurrent Mark
[2024-05-30T15:07:49.418+0000][16408.837s][info][gc,marking  ] GC(3383) Concurrent Mark From Roots
[2024-05-30T15:07:49.418+0000][16408.837s][info][gc,task     ] GC(3383) Using 2 workers of 2 for marking
[2024-05-30T15:07:51.264+0000][16410.683s][info][gc,marking  ] GC(3383) Concurrent Mark From Roots 1845.306ms
[2024-05-30T15:07:51.264+0000][16410.683s][info][gc,marking  ] GC(3383) Concurrent Preclean
[2024-05-30T15:07:51.265+0000][16410.684s][info][gc,marking  ] GC(3383) Concurrent Preclean 1.359ms
[2024-05-30T15:07:51.265+0000][16410.684s][info][gc,start    ] GC(3383) Pause Remark
[2024-05-30T15:07:51.289+0000][16410.709s][info][gc          ] GC(3383) Pause Remark 4140M->4140M(12288M) 24.293ms
[2024-05-30T15:07:51.289+0000][16410.709s][info][gc,cpu      ] GC(3383) User=0.11s Sys=0.00s Real=0.03s
[2024-05-30T15:07:51.290+0000][16410.709s][info][gc,marking  ] GC(3383) Concurrent Mark 1871.354ms
[2024-05-30T15:07:51.290+0000][16410.709s][info][gc,marking  ] GC(3383) Concurrent Rebuild Remembered Sets
[2024-05-30T15:07:52.335+0000][16411.754s][info][gc,marking  ] GC(3383) Concurrent Rebuild Remembered Sets 1045.436ms
[2024-05-30T15:07:52.335+0000][16411.754s][info][gc,start    ] GC(3383) Pause Cleanup
[2024-05-30T15:07:52.336+0000][16411.755s][info][gc          ] GC(3383) Pause Cleanup 4654M->4654M(12288M) 0.627ms
[2024-05-30T15:07:52.336+0000][16411.755s][info][gc,cpu      ] GC(3383) User=0.00s Sys=0.00s Real=0.00s
[2024-05-30T15:07:52.336+0000][16411.755s][info][gc,marking  ] GC(3383) Concurrent Cleanup for Next Mark
[2024-05-30T15:07:52.353+0000][16411.772s][info][gc,marking  ] GC(3383) Concurrent Cleanup for Next Mark 17.227ms
[2024-05-30T15:07:52.353+0000][16411.772s][info][gc          ] GC(3383) Concurrent Mark Cycle 2956.457ms
[2024-05-30T15:08:02.019+0000][16421.438s][info][gc,start    ] GC(3384) Pause Young (Prepare Mixed) (G1 Evacuation Pause)
[2024-05-30T15:08:02.019+0000][16421.439s][info][gc,task     ] GC(3384) Using 6 workers of 6 for evacuation
[2024-05-30T15:08:02.056+0000][16421.475s][info][gc,phases   ] GC(3384)   Pre Evacuate Collection Set: 0.2ms
[2024-05-30T15:08:02.056+0000][16421.476s][info][gc,phases   ] GC(3384)   Merge Heap Roots: 0.3ms
[2024-05-30T15:08:02.056+0000][16421.476s][info][gc,phases   ] GC(3384)   Evacuate Collection Set: 34.2ms
[2024-05-30T15:08:02.056+0000][16421.476s][info][gc,phases   ] GC(3384)   Post Evacuate Collection Set: 2.2ms
[2024-05-30T15:08:02.056+0000][16421.476s][info][gc,phases   ] GC(3384)   Other: 0.2ms
[2024-05-30T15:08:02.056+0000][16421.476s][info][gc,heap     ] GC(3384) Eden regions: 795->0(59)
[2024-05-30T15:08:02.056+0000][16421.476s][info][gc,heap     ] GC(3384) Survivor regions: 17->17(102)
[2024-05-30T15:08:02.056+0000][16421.476s][info][gc,heap     ] GC(3384) Old regions: 353->353
[2024-05-30T15:08:02.056+0000][16421.476s][info][gc,heap     ] GC(3384) Archive regions: 2->2
[2024-05-30T15:08:02.056+0000][16421.476s][info][gc,heap     ] GC(3384) Humongous regions: 42->42
[2024-05-30T15:08:02.056+0000][16421.476s][info][gc,metaspace] GC(3384) Metaspace: 435424K(441472K)->435424K(441472K) NonClass: 381311K(384640K)->381311K(384640K) Class: 54113K(56832K)->54113K(56832K)
[2024-05-30T15:08:02.056+0000][16421.476s][info][gc          ] GC(3384) Pause Young (Prepare Mixed) (G1 Evacuation Pause) 9648M->3289M(12288M) 37.164ms
[2024-05-30T15:08:02.056+0000][16421.476s][info][gc,cpu      ] GC(3384) User=0.21s Sys=0.00s Real=0.04s
[2024-05-30T15:08:03.048+0000][16422.467s][info][gc,start    ] GC(3385) Pause Young (Mixed) (G1 Evacuation Pause)
[2024-05-30T15:08:03.048+0000][16422.467s][info][gc,task     ] GC(3385) Using 6 workers of 6 for evacuation
[2024-05-30T15:08:03.103+0000][16422.522s][info][gc,phases   ] GC(3385)   Pre Evacuate Collection Set: 0.2ms
[2024-05-30T15:08:03.103+0000][16422.522s][info][gc,phases   ] GC(3385)   Merge Heap Roots: 0.2ms
[2024-05-30T15:08:03.103+0000][16422.522s][info][gc,phases   ] GC(3385)   Evacuate Collection Set: 52.8ms
[2024-05-30T15:08:03.103+0000][16422.522s][info][gc,phases   ] GC(3385)   Post Evacuate Collection Set: 1.4ms
[2024-05-30T15:08:03.103+0000][16422.522s][info][gc,phases   ] GC(3385)   Other: 0.2ms
[2024-05-30T15:08:03.103+0000][16422.522s][info][gc,heap     ] GC(3385) Eden regions: 59->0(814)
[2024-05-30T15:08:03.103+0000][16422.522s][info][gc,heap     ] GC(3385) Survivor regions: 17->7(10)
[2024-05-30T15:08:03.103+0000][16422.522s][info][gc,heap     ] GC(3385) Old regions: 353->345
[2024-05-30T15:08:03.103+0000][16422.522s][info][gc,heap     ] GC(3385) Archive regions: 2->2
[2024-05-30T15:08:03.103+0000][16422.522s][info][gc,heap     ] GC(3385) Humongous regions: 42->42
[2024-05-30T15:08:03.103+0000][16422.522s][info][gc,metaspace] GC(3385) Metaspace: 435424K(441472K)->435424K(441472K) NonClass: 381311K(384640K)->381311K(384640K) Class: 54113K(56832K)->54113K(56832K)
[2024-05-30T15:08:03.103+0000][16422.522s][info][gc          ] GC(3385) Pause Young (Mixed) (G1 Evacuation Pause) 3761M->3152M(12288M) 54.860ms
[2024-05-30T15:08:03.103+0000][16422.522s][info][gc,cpu      ] GC(3385) User=0.33s Sys=0.00s Real=0.06s
[2024-05-30T15:08:17.711+0000][16437.131s][info][gc,start    ] GC(3386) Pause Young (Normal) (G1 Evacuation Pause)
[2024-05-30T15:08:17.711+0000][16437.131s][info][gc,task     ] GC(3386) Using 6 workers of 6 for evacuation
[2024-05-30T15:08:17.738+0000][16437.157s][info][gc,phases   ] GC(3386)   Pre Evacuate Collection Set: 0.2ms
[2024-05-30T15:08:17.738+0000][16437.157s][info][gc,phases   ] GC(3386)   Merge Heap Roots: 0.3ms
[2024-05-30T15:08:17.738+0000][16437.157s][info][gc,phases   ] GC(3386)   Evacuate Collection Set: 23.4ms
[2024-05-30T15:08:17.738+0000][16437.157s][info][gc,phases   ] GC(3386)   Post Evacuate Collection Set: 2.2ms
[2024-05-30T15:08:17.738+0000][16437.157s][info][gc,phases   ] GC(3386)   Other: 0.2ms
[2024-05-30T15:08:17.738+0000][16437.157s][info][gc,heap     ] GC(3386) Eden regions: 814->0(811)
[2024-05-30T15:08:17.738+0000][16437.157s][info][gc,heap     ] GC(3386) Survivor regions: 7->10(103)
[2024-05-30T15:08:17.738+0000][16437.157s][info][gc,heap     ] GC(3386) Old regions: 345->345
[2024-05-30T15:08:17.738+0000][16437.157s][info][gc,heap     ] GC(3386) Archive regions: 2->2
[2024-05-30T15:08:17.738+0000][16437.157s][info][gc,heap     ] GC(3386) Humongous regions: 42->42
[2024-05-30T15:08:17.738+0000][16437.157s][info][gc,metaspace] GC(3386) Metaspace: 435424K(441472K)->435424K(441472K) NonClass: 381311K(384640K)->381311K(384640K) Class: 54113K(56832K)->54113K(56832K)
[2024-05-30T15:08:17.738+0000][16437.157s][info][gc          ] GC(3386) Pause Young (Normal) (G1 Evacuation Pause) 9664M->3174M(12288M) 26.430ms
[2024-05-30T15:08:17.738+0000][16437.157s][info][gc,cpu      ] GC(3386) User=0.15s Sys=0.00s Real=0.03s
[2024-05-30T15:08:30.064+0000][16449.484s][info][gc,start    ] GC(3387) Pause Young (Normal) (G1 Evacuation Pause)
[2024-05-30T15:08:30.064+0000][16449.484s][info][gc,task     ] GC(3387) Using 6 workers of 6 for evacuation
[2024-05-30T15:08:30.095+0000][16449.514s][info][gc,phases   ] GC(3387)   Pre Evacuate Collection Set: 0.2ms
[2024-05-30T15:08:30.095+0000][16449.514s][info][gc,phases   ] GC(3387)   Merge Heap Roots: 0.3ms
[2024-05-30T15:08:30.095+0000][16449.514s][info][gc,phases   ] GC(3387)   Evacuate Collection Set: 27.8ms
[2024-05-30T15:08:30.095+0000][16449.514s][info][gc,phases   ] GC(3387)   Post Evacuate Collection Set: 2.2ms
[2024-05-30T15:08:30.095+0000][16449.514s][info][gc,phases   ] GC(3387)   Other: 0.2ms
[2024-05-30T15:08:30.095+0000][16449.514s][info][gc,heap     ] GC(3387) Eden regions: 811->0(811)
[2024-05-30T15:08:30.095+0000][16449.514s][info][gc,heap     ] GC(3387) Survivor regions: 10->11(103)
[2024-05-30T15:08:30.095+0000][16449.514s][info][gc,heap     ] GC(3387) Old regions: 345->345
[2024-05-30T15:08:30.095+0000][16449.514s][info][gc,heap     ] GC(3387) Archive regions: 2->2
[2024-05-30T15:08:30.095+0000][16449.514s][info][gc,heap     ] GC(3387) Humongous regions: 42->42
[2024-05-30T15:08:30.095+0000][16449.514s][info][gc,metaspace] GC(3387) Metaspace: 435424K(441472K)->435424K(441472K) NonClass: 381311K(384640K)->381311K(384640K) Class: 54113K(56832K)->54113K(56832K)
[2024-05-30T15:08:30.095+0000][16449.514s][info][gc          ] GC(3387) Pause Young (Normal) (G1 Evacuation Pause) 9662M->3188M(12288M) 30.707ms
[2024-05-30T15:08:30.095+0000][16449.514s][info][gc,cpu      ] GC(3387) User=0.17s Sys=0.00s Real=0.03s
[2024-05-30T15:08:43.520+0000][16462.940s][info][gc,start    ] GC(3388) Pause Young (Concurrent Start) (G1 Evacuation Pause)
[2024-05-30T15:08:43.520+0000][16462.940s][info][gc,task     ] GC(3388) Using 6 workers of 6 for evacuation
[2024-05-30T15:08:43.558+0000][16462.977s][info][gc,phases   ] GC(3388)   Pre Evacuate Collection Set: 0.6ms
[2024-05-30T15:08:43.558+0000][16462.978s][info][gc,phases   ] GC(3388)   Merge Heap Roots: 0.3ms
[2024-05-30T15:08:43.558+0000][16462.978s][info][gc,phases   ] GC(3388)   Evacuate Collection Set: 34.4ms
[2024-05-30T15:08:43.558+0000][16462.978s][info][gc,phases   ] GC(3388)   Post Evacuate Collection Set: 2.3ms
[2024-05-30T15:08:43.558+0000][16462.978s][info][gc,phases   ] GC(3388)   Other: 0.3ms
[2024-05-30T15:08:43.558+0000][16462.978s][info][gc,heap     ] GC(3388) Eden regions: 811->0(807)
[2024-05-30T15:08:43.558+0000][16462.978s][info][gc,heap     ] GC(3388) Survivor regions: 11->15(103)
[2024-05-30T15:08:43.558+0000][16462.978s][info][gc,heap     ] GC(3388) Old regions: 345->345
[2024-05-30T15:08:43.558+0000][16462.978s][info][gc,heap     ] GC(3388) Archive regions: 2->2
[2024-05-30T15:08:43.558+0000][16462.978s][info][gc,heap     ] GC(3388) Humongous regions: 42->42
[2024-05-30T15:08:43.558+0000][16462.978s][info][gc,metaspace] GC(3388) Metaspace: 435424K(441472K)->435424K(441472K) NonClass: 381311K(384640K)->381311K(384640K) Class: 54113K(56832K)->54113K(56832K)
[2024-05-30T15:08:43.558+0000][16462.978s][info][gc          ] GC(3388) Pause Young (Concurrent Start) (G1 Evacuation Pause) 9676M->3218M(12288M) 37.905ms
[2024-05-30T15:08:43.558+0000][16462.978s][info][gc,cpu      ] GC(3388) User=0.22s Sys=0.00s Real=0.04s
[2024-05-30T15:08:43.558+0000][16462.978s][info][gc          ] GC(3389) Concurrent Mark Cycle
[2024-05-30T15:08:43.558+0000][16462.978s][info][gc,marking  ] GC(3389) Concurrent Clear Claimed Marks
[2024-05-30T15:08:43.559+0000][16462.978s][info][gc,marking  ] GC(3389) Concurrent Clear Claimed Marks 0.409ms
[2024-05-30T15:08:43.559+0000][16462.978s][info][gc,marking  ] GC(3389) Concurrent Scan Root Regions
[2024-05-30T15:08:43.588+0000][16463.007s][info][gc,marking  ] GC(3389) Concurrent Scan Root Regions 28.663ms
[2024-05-30T15:08:43.588+0000][16463.007s][info][gc,marking  ] GC(3389) Concurrent Mark
[2024-05-30T15:08:43.588+0000][16463.007s][info][gc,marking  ] GC(3389) Concurrent Mark From Roots
[2024-05-30T15:08:43.588+0000][16463.007s][info][gc,task     ] GC(3389) Using 2 workers of 2 for marking
[2024-05-30T15:08:45.434+0000][16464.853s][info][gc,marking  ] GC(3389) Concurrent Mark From Roots 1846.169ms
[2024-05-30T15:08:45.434+0000][16464.853s][info][gc,marking  ] GC(3389) Concurrent Preclean
[2024-05-30T15:08:45.436+0000][16464.855s][info][gc,marking  ] GC(3389) Concurrent Preclean 1.834ms
[2024-05-30T15:08:45.436+0000][16464.855s][info][gc,start    ] GC(3389) Pause Remark
[2024-05-30T15:08:45.460+0000][16464.879s][info][gc          ] GC(3389) Pause Remark 4066M->4066M(12288M) 24.368ms
[2024-05-30T15:08:45.460+0000][16464.879s][info][gc,cpu      ] GC(3389) User=0.11s Sys=0.00s Real=0.03s
[2024-05-30T15:08:45.460+0000][16464.880s][info][gc,marking  ] GC(3389) Concurrent Mark 1872.751ms
[2024-05-30T15:08:45.460+0000][16464.880s][info][gc,marking  ] GC(3389) Concurrent Rebuild Remembered Sets
[2024-05-30T15:08:46.467+0000][16465.886s][info][gc,marking  ] GC(3389) Concurrent Rebuild Remembered Sets 1006.811ms
[2024-05-30T15:08:46.467+0000][16465.887s][info][gc,start    ] GC(3389) Pause Cleanup
[2024-05-30T15:08:46.468+0000][16465.887s][info][gc          ] GC(3389) Pause Cleanup 4494M->4494M(12288M) 0.600ms
[2024-05-30T15:08:46.468+0000][16465.887s][info][gc,cpu      ] GC(3389) User=0.01s Sys=0.00s Real=0.00s
[2024-05-30T15:08:46.468+0000][16465.887s][info][gc,marking  ] GC(3389) Concurrent Cleanup for Next Mark
[2024-05-30T15:08:46.486+0000][16465.905s][info][gc,marking  ] GC(3389) Concurrent Cleanup for Next Mark 17.592ms
[2024-05-30T15:08:46.486+0000][16465.905s][info][gc          ] GC(3389) Concurrent Mark Cycle 2927.235ms
[2024-05-30T15:08:56.925+0000][16476.344s][info][gc,start    ] GC(3390) Pause Young (Prepare Mixed) (G1 Evacuation Pause)
[2024-05-30T15:08:56.925+0000][16476.344s][info][gc,task     ] GC(3390) Using 6 workers of 6 for evacuation
[2024-05-30T15:08:56.967+0000][16476.386s][info][gc,phases   ] GC(3390)   Pre Evacuate Collection Set: 0.2ms
[2024-05-30T15:08:56.967+0000][16476.386s][info][gc,phases   ] GC(3390)   Merge Heap Roots: 0.4ms
[2024-05-30T15:08:56.967+0000][16476.386s][info][gc,phases   ] GC(3390)   Evacuate Collection Set: 38.7ms
[2024-05-30T15:08:56.967+0000][16476.386s][info][gc,phases   ] GC(3390)   Post Evacuate Collection Set: 2.5ms
[2024-05-30T15:08:56.967+0000][16476.386s][info][gc,phases   ] GC(3390)   Other: 0.2ms
[2024-05-30T15:08:56.967+0000][16476.386s][info][gc,heap     ] GC(3390) Eden regions: 807->0(57)
[2024-05-30T15:08:56.967+0000][16476.386s][info][gc,heap     ] GC(3390) Survivor regions: 15->19(103)
[2024-05-30T15:08:56.967+0000][16476.386s][info][gc,heap     ] GC(3390) Old regions: 345->345
[2024-05-30T15:08:56.967+0000][16476.386s][info][gc,heap     ] GC(3390) Archive regions: 2->2
[2024-05-30T15:08:56.967+0000][16476.386s][info][gc,heap     ] GC(3390) Humongous regions: 42->42
[2024-05-30T15:08:56.967+0000][16476.386s][info][gc,metaspace] GC(3390) Metaspace: 435472K(441536K)->435472K(441536K) NonClass: 381359K(384704K)->381359K(384704K) Class: 54113K(56832K)->54113K(56832K)
[2024-05-30T15:08:56.967+0000][16476.386s][info][gc          ] GC(3390) Pause Young (Prepare Mixed) (G1 Evacuation Pause) 9674M->3248M(12288M) 42.075ms
[2024-05-30T15:08:56.967+0000][16476.386s][info][gc,cpu      ] GC(3390) User=0.24s Sys=0.00s Real=0.04s
[2024-05-30T15:08:57.890+0000][16477.309s][info][gc,start    ] GC(3391) Pause Young (Mixed) (G1 Evacuation Pause)
[2024-05-30T15:08:57.890+0000][16477.309s][info][gc,task     ] GC(3391) Using 6 workers of 6 for evacuation
[2024-05-30T15:08:57.950+0000][16477.369s][info][gc,phases   ] GC(3391)   Pre Evacuate Collection Set: 0.2ms
[2024-05-30T15:08:57.950+0000][16477.369s][info][gc,phases   ] GC(3391)   Merge Heap Roots: 0.3ms
[2024-05-30T15:08:57.950+0000][16477.369s][info][gc,phases   ] GC(3391)   Evacuate Collection Set: 57.8ms
[2024-05-30T15:08:57.950+0000][16477.369s][info][gc,phases   ] GC(3391)   Post Evacuate Collection Set: 1.4ms
[2024-05-30T15:08:57.950+0000][16477.369s][info][gc,phases   ] GC(3391)   Other: 0.2ms
[2024-05-30T15:08:57.950+0000][16477.369s][info][gc,heap     ] GC(3391) Eden regions: 57->0(818)
[2024-05-30T15:08:57.950+0000][16477.369s][info][gc,heap     ] GC(3391) Survivor regions: 19->3(10)
[2024-05-30T15:08:57.950+0000][16477.369s][info][gc,heap     ] GC(3391) Old regions: 345->345
[2024-05-30T15:08:57.950+0000][16477.369s][info][gc,heap     ] GC(3391) Archive regions: 2->2
[2024-05-30T15:08:57.950+0000][16477.369s][info][gc,heap     ] GC(3391) Humongous regions: 42->42
[2024-05-30T15:08:57.950+0000][16477.369s][info][gc,metaspace] GC(3391) Metaspace: 435472K(441536K)->435472K(441536K) NonClass: 381359K(384704K)->381359K(384704K) Class: 54113K(56832K)->54113K(56832K)
[2024-05-30T15:08:57.950+0000][16477.369s][info][gc          ] GC(3391) Pause Young (Mixed) (G1 Evacuation Pause) 3704M->3120M(12288M) 59.894ms
[2024-05-30T15:08:57.950+0000][16477.369s][info][gc,cpu      ] GC(3391) User=0.35s Sys=0.00s Real=0.06s
[2024-05-30T15:09:10.972+0000][16490.391s][info][gc,start    ] GC(3392) Pause Young (Normal) (G1 Evacuation Pause)
[2024-05-30T15:09:10.972+0000][16490.391s][info][gc,task     ] GC(3392) Using 6 workers of 6 for evacuation
[2024-05-30T15:09:10.991+0000][16490.410s][info][gc,phases   ] GC(3392)   Pre Evacuate Collection Set: 0.2ms
[2024-05-30T15:09:10.991+0000][16490.410s][info][gc,phases   ] GC(3392)   Merge Heap Roots: 0.3ms
[2024-05-30T15:09:10.991+0000][16490.410s][info][gc,phases   ] GC(3392)   Evacuate Collection Set: 16.5ms
[2024-05-30T15:09:10.991+0000][16490.410s][info][gc,phases   ] GC(3392)   Post Evacuate Collection Set: 2.1ms
[2024-05-30T15:09:10.991+0000][16490.410s][info][gc,phases   ] GC(3392)   Other: 0.2ms
[2024-05-30T15:09:10.991+0000][16490.410s][info][gc,heap     ] GC(3392) Eden regions: 818->0(814)
[2024-05-30T15:09:10.991+0000][16490.410s][info][gc,heap     ] GC(3392) Survivor regions: 3->6(103)
[2024-05-30T15:09:10.991+0000][16490.410s][info][gc,heap     ] GC(3392) Old regions: 345->345
[2024-05-30T15:09:10.991+0000][16490.410s][info][gc,heap     ] GC(3392) Archive regions: 2->2
[2024-05-30T15:09:10.991+0000][16490.410s][info][gc,heap     ] GC(3392) Humongous regions: 42->42
[2024-05-30T15:09:10.991+0000][16490.410s][info][gc,metaspace] GC(3392) Metaspace: 435472K(441536K)->435472K(441536K) NonClass: 381359K(384704K)->381359K(384704K) Class: 54113K(56832K)->54113K(56832K)
[2024-05-30T15:09:10.991+0000][16490.410s][info][gc          ] GC(3392) Pause Young (Normal) (G1 Evacuation Pause) 9664M->3144M(12288M) 19.288ms
[2024-05-30T15:09:10.991+0000][16490.410s][info][gc,cpu      ] GC(3392) User=0.11s Sys=0.00s Real=0.02s
[2024-05-30T15:09:23.734+0000][16503.153s][info][gc,start    ] GC(3393) Pause Young (Normal) (G1 Evacuation Pause)
[2024-05-30T15:09:23.734+0000][16503.153s][info][gc,task     ] GC(3393) Using 6 workers of 6 for evacuation
[2024-05-30T15:09:23.759+0000][16503.178s][info][gc,phases   ] GC(3393)   Pre Evacuate Collection Set: 0.2ms
[2024-05-30T15:09:23.759+0000][16503.178s][info][gc,phases   ] GC(3393)   Merge Heap Roots: 0.3ms
[2024-05-30T15:09:23.759+0000][16503.178s][info][gc,phases   ] GC(3393)   Evacuate Collection Set: 22.6ms
[2024-05-30T15:09:23.759+0000][16503.178s][info][gc,phases   ] GC(3393)   Post Evacuate Collection Set: 2.3ms
[2024-05-30T15:09:23.759+0000][16503.178s][info][gc,phases   ] GC(3393)   Other: 0.2ms
[2024-05-30T15:09:23.759+0000][16503.178s][info][gc,heap     ] GC(3393) Eden regions: 814->0(810)
[2024-05-30T15:09:23.759+0000][16503.178s][info][gc,heap     ] GC(3393) Survivor regions: 6->10(103)
[2024-05-30T15:09:23.759+0000][16503.178s][info][gc,heap     ] GC(3393) Old regions: 345->345
[2024-05-30T15:09:23.759+0000][16503.178s][info][gc,heap     ] GC(3393) Archive regions: 2->2
[2024-05-30T15:09:23.759+0000][16503.178s][info][gc,heap     ] GC(3393) Humongous regions: 42->42
[2024-05-30T15:09:23.759+0000][16503.178s][info][gc,metaspace] GC(3393) Metaspace: 435472K(441536K)->435472K(441536K) NonClass: 381359K(384704K)->381359K(384704K) Class: 54113K(56832K)->54113K(56832K)
[2024-05-30T15:09:23.759+0000][16503.178s][info][gc          ] GC(3393) Pause Young (Normal) (G1 Evacuation Pause) 9656M->3172M(12288M) 25.513ms
[2024-05-30T15:09:23.759+0000][16503.178s][info][gc,cpu      ] GC(3393) User=0.15s Sys=0.00s Real=0.03s
[2024-05-30T15:09:36.905+0000][16516.325s][info][gc,start    ] GC(3394) Pause Young (Concurrent Start) (G1 Evacuation Pause)
[2024-05-30T15:09:36.905+0000][16516.325s][info][gc,task     ] GC(3394) Using 6 workers of 6 for evacuation
[2024-05-30T15:09:36.939+0000][16516.359s][info][gc,phases   ] GC(3394)   Pre Evacuate Collection Set: 0.6ms
[2024-05-30T15:09:36.939+0000][16516.359s][info][gc,phases   ] GC(3394)   Merge Heap Roots: 0.3ms
[2024-05-30T15:09:36.939+0000][16516.359s][info][gc,phases   ] GC(3394)   Evacuate Collection Set: 30.7ms
[2024-05-30T15:09:36.939+0000][16516.359s][info][gc,phases   ] GC(3394)   Post Evacuate Collection Set: 2.3ms
[2024-05-30T15:09:36.939+0000][16516.359s][info][gc,phases   ] GC(3394)   Other: 0.3ms
[2024-05-30T15:09:36.939+0000][16516.359s][info][gc,heap     ] GC(3394) Eden regions: 810->0(808)
[2024-05-30T15:09:36.939+0000][16516.359s][info][gc,heap     ] GC(3394) Survivor regions: 10->13(103)
[2024-05-30T15:09:36.939+0000][16516.359s][info][gc,heap     ] GC(3394) Old regions: 345->345
[2024-05-30T15:09:36.939+0000][16516.359s][info][gc,heap     ] GC(3394) Archive regions: 2->2
[2024-05-30T15:09:36.939+0000][16516.359s][info][gc,heap     ] GC(3394) Humongous regions: 42->42
[2024-05-30T15:09:36.939+0000][16516.359s][info][gc,metaspace] GC(3394) Metaspace: 435472K(441536K)->435472K(441536K) NonClass: 381359K(384704K)->381359K(384704K) Class: 54113K(56832K)->54113K(56832K)
[2024-05-30T15:09:36.939+0000][16516.359s][info][gc          ] GC(3394) Pause Young (Concurrent Start) (G1 Evacuation Pause) 9652M->3198M(12288M) 34.162ms
[2024-05-30T15:09:36.939+0000][16516.359s][info][gc,cpu      ] GC(3394) User=0.20s Sys=0.00s Real=0.04s
[2024-05-30T15:09:36.940+0000][16516.359s][info][gc          ] GC(3395) Concurrent Mark Cycle
[2024-05-30T15:09:36.940+0000][16516.359s][info][gc,marking  ] GC(3395) Concurrent Clear Claimed Marks
[2024-05-30T15:09:36.940+0000][16516.359s][info][gc,marking  ] GC(3395) Concurrent Clear Claimed Marks 0.388ms
[2024-05-30T15:09:36.940+0000][16516.359s][info][gc,marking  ] GC(3395) Concurrent Scan Root Regions
[2024-05-30T15:09:36.962+0000][16516.382s][info][gc,marking  ] GC(3395) Concurrent Scan Root Regions 22.362ms
[2024-05-30T15:09:36.962+0000][16516.382s][info][gc,marking  ] GC(3395) Concurrent Mark
[2024-05-30T15:09:36.962+0000][16516.382s][info][gc,marking  ] GC(3395) Concurrent Mark From Roots
[2024-05-30T15:09:36.962+0000][16516.382s][info][gc,task     ] GC(3395) Using 2 workers of 2 for marking
[2024-05-30T15:09:38.862+0000][16518.281s][info][gc,marking  ] GC(3395) Concurrent Mark From Roots 1899.158ms
[2024-05-30T15:09:38.862+0000][16518.281s][info][gc,marking  ] GC(3395) Concurrent Preclean
[2024-05-30T15:09:38.863+0000][16518.282s][info][gc,marking  ] GC(3395) Concurrent Preclean 1.607ms
[2024-05-30T15:09:38.863+0000][16518.283s][info][gc,start    ] GC(3395) Pause Remark
[2024-05-30T15:09:38.888+0000][16518.307s][info][gc          ] GC(3395) Pause Remark 4082M->4082M(12288M) 24.598ms
[2024-05-30T15:09:38.888+0000][16518.307s][info][gc,cpu      ] GC(3395) User=0.11s Sys=0.00s Real=0.02s
[2024-05-30T15:09:38.888+0000][16518.307s][info][gc,marking  ] GC(3395) Concurrent Mark 1925.754ms
[2024-05-30T15:09:38.888+0000][16518.307s][info][gc,marking  ] GC(3395) Concurrent Rebuild Remembered Sets
[2024-05-30T15:09:39.922+0000][16519.341s][info][gc,marking  ] GC(3395) Concurrent Rebuild Remembered Sets 1033.984ms
[2024-05-30T15:09:39.922+0000][16519.342s][info][gc,start    ] GC(3395) Pause Cleanup
[2024-05-30T15:09:39.923+0000][16519.342s][info][gc          ] GC(3395) Pause Cleanup 4554M->4554M(12288M) 0.605ms
[2024-05-30T15:09:39.923+0000][16519.342s][info][gc,cpu      ] GC(3395) User=0.00s Sys=0.00s Real=0.00s
[2024-05-30T15:09:39.923+0000][16519.342s][info][gc,marking  ] GC(3395) Concurrent Cleanup for Next Mark
[2024-05-30T15:09:39.940+0000][16519.359s][info][gc,marking  ] GC(3395) Concurrent Cleanup for Next Mark 16.844ms
[2024-05-30T15:09:39.940+0000][16519.359s][info][gc          ] GC(3395) Concurrent Mark Cycle 3000.376ms
[2024-05-30T15:09:50.490+0000][16529.910s][info][gc,start    ] GC(3396) Pause Young (Prepare Mixed) (G1 Evacuation Pause)
[2024-05-30T15:09:50.490+0000][16529.910s][info][gc,task     ] GC(3396) Using 6 workers of 6 for evacuation
[2024-05-30T15:09:50.529+0000][16529.949s][info][gc,phases   ] GC(3396)   Pre Evacuate Collection Set: 0.2ms
[2024-05-30T15:09:50.529+0000][16529.949s][info][gc,phases   ] GC(3396)   Merge Heap Roots: 0.4ms
[2024-05-30T15:09:50.529+0000][16529.949s][info][gc,phases   ] GC(3396)   Evacuate Collection Set: 36.1ms
[2024-05-30T15:09:50.529+0000][16529.949s][info][gc,phases   ] GC(3396)   Post Evacuate Collection Set: 2.2ms
[2024-05-30T15:09:50.529+0000][16529.949s][info][gc,phases   ] GC(3396)   Other: 0.2ms
[2024-05-30T15:09:50.529+0000][16529.949s][info][gc,heap     ] GC(3396) Eden regions: 808->0(59)
[2024-05-30T15:09:50.529+0000][16529.949s][info][gc,heap     ] GC(3396) Survivor regions: 13->17(103)
[2024-05-30T15:09:50.529+0000][16529.949s][info][gc,heap     ] GC(3396) Old regions: 345->345
[2024-05-30T15:09:50.529+0000][16529.949s][info][gc,heap     ] GC(3396) Archive regions: 2->2
[2024-05-30T15:09:50.529+0000][16529.949s][info][gc,heap     ] GC(3396) Humongous regions: 42->42
[2024-05-30T15:09:50.529+0000][16529.949s][info][gc,metaspace] GC(3396) Metaspace: 435472K(441536K)->435472K(441536K) NonClass: 381359K(384704K)->381359K(384704K) Class: 54113K(56832K)->54113K(56832K)
[2024-05-30T15:09:50.529+0000][16529.949s][info][gc          ] GC(3396) Pause Young (Prepare Mixed) (G1 Evacuation Pause) 9662M->3227M(12288M) 39.138ms
[2024-05-30T15:09:50.529+0000][16529.949s][info][gc,cpu      ] GC(3396) User=0.22s Sys=0.01s Real=0.04s
[2024-05-30T15:09:51.462+0000][16530.881s][info][gc,start    ] GC(3397) Pause Young (Mixed) (G1 Evacuation Pause)
[2024-05-30T15:09:51.462+0000][16530.881s][info][gc,task     ] GC(3397) Using 6 workers of 6 for evacuation
[2024-05-30T15:09:51.527+0000][16530.946s][info][gc,phases   ] GC(3397)   Pre Evacuate Collection Set: 0.2ms
[2024-05-30T15:09:51.527+0000][16530.946s][info][gc,phases   ] GC(3397)   Merge Heap Roots: 0.5ms
[2024-05-30T15:09:51.527+0000][16530.946s][info][gc,phases   ] GC(3397)   Evacuate Collection Set: 62.7ms
[2024-05-30T15:09:51.527+0000][16530.946s][info][gc,phases   ] GC(3397)   Post Evacuate Collection Set: 1.5ms
[2024-05-30T15:09:51.527+0000][16530.946s][info][gc,phases   ] GC(3397)   Other: 0.2ms
[2024-05-30T15:09:51.527+0000][16530.946s][info][gc,heap     ] GC(3397) Eden regions: 59->0(819)
[2024-05-30T15:09:51.527+0000][16530.946s][info][gc,heap     ] GC(3397) Survivor regions: 17->3(10)
[2024-05-30T15:09:51.527+0000][16530.946s][info][gc,heap     ] GC(3397) Old regions: 345->344
[2024-05-30T15:09:51.527+0000][16530.946s][info][gc,heap     ] GC(3397) Archive regions: 2->2
[2024-05-30T15:09:51.527+0000][16530.946s][info][gc,heap     ] GC(3397) Humongous regions: 42->42
[2024-05-30T15:09:51.527+0000][16530.946s][info][gc,metaspace] GC(3397) Metaspace: 435472K(441536K)->435472K(441536K) NonClass: 381359K(384704K)->381359K(384704K) Class: 54113K(56832K)->54113K(56832K)
[2024-05-30T15:09:51.527+0000][16530.946s][info][gc          ] GC(3397) Pause Young (Mixed) (G1 Evacuation Pause) 3699M->3112M(12288M) 65.121ms
[2024-05-30T15:09:51.527+0000][16530.946s][info][gc,cpu      ] GC(3397) User=0.38s Sys=0.00s Real=0.06s
[2024-05-30T15:10:04.437+0000][16543.856s][info][gc,start    ] GC(3398) Pause Young (Normal) (G1 Evacuation Pause)
[2024-05-30T15:10:04.437+0000][16543.856s][info][gc,task     ] GC(3398) Using 6 workers of 6 for evacuation
[2024-05-30T15:10:04.459+0000][16543.878s][info][gc,phases   ] GC(3398)   Pre Evacuate Collection Set: 0.2ms
[2024-05-30T15:10:04.459+0000][16543.878s][info][gc,phases   ] GC(3398)   Merge Heap Roots: 0.3ms
[2024-05-30T15:10:04.459+0000][16543.878s][info][gc,phases   ] GC(3398)   Evacuate Collection Set: 19.0ms
[2024-05-30T15:10:04.459+0000][16543.878s][info][gc,phases   ] GC(3398)   Post Evacuate Collection Set: 2.4ms
[2024-05-30T15:10:04.459+0000][16543.878s][info][gc,phases   ] GC(3398)   Other: 0.2ms
[2024-05-30T15:10:04.459+0000][16543.878s][info][gc,heap     ] GC(3398) Eden regions: 819->0(817)
[2024-05-30T15:10:04.459+0000][16543.878s][info][gc,heap     ] GC(3398) Survivor regions: 3->5(103)
[2024-05-30T15:10:04.459+0000][16543.878s][info][gc,heap     ] GC(3398) Old regions: 344->344
[2024-05-30T15:10:04.459+0000][16543.878s][info][gc,heap     ] GC(3398) Archive regions: 2->2
[2024-05-30T15:10:04.459+0000][16543.878s][info][gc,heap     ] GC(3398) Humongous regions: 42->42
[2024-05-30T15:10:04.459+0000][16543.878s][info][gc,metaspace] GC(3398) Metaspace: 435472K(441536K)->435472K(441536K) NonClass: 381359K(384704K)->381359K(384704K) Class: 54113K(56832K)->54113K(56832K)
[2024-05-30T15:10:04.459+0000][16543.878s][info][gc          ] GC(3398) Pause Young (Normal) (G1 Evacuation Pause) 9664M->3132M(12288M) 22.110ms
[2024-05-30T15:10:04.459+0000][16543.878s][info][gc,cpu      ] GC(3398) User=0.12s Sys=0.01s Real=0.02s
[2024-05-30T15:10:18.390+0000][16557.809s][info][gc,start    ] GC(3399) Pause Young (Normal) (G1 Evacuation Pause)
[2024-05-30T15:10:18.390+0000][16557.809s][info][gc,task     ] GC(3399) Using 6 workers of 6 for evacuation
[2024-05-30T15:10:18.416+0000][16557.836s][info][gc,phases   ] GC(3399)   Pre Evacuate Collection Set: 0.2ms
[2024-05-30T15:10:18.416+0000][16557.836s][info][gc,phases   ] GC(3399)   Merge Heap Roots: 0.2ms
[2024-05-30T15:10:18.416+0000][16557.836s][info][gc,phases   ] GC(3399)   Evacuate Collection Set: 23.5ms
[2024-05-30T15:10:18.416+0000][16557.836s][info][gc,phases   ] GC(3399)   Post Evacuate Collection Set: 2.2ms
[2024-05-30T15:10:18.416+0000][16557.836s][info][gc,phases   ] GC(3399)   Other: 0.2ms
[2024-05-30T15:10:18.416+0000][16557.836s][info][gc,heap     ] GC(3399) Eden regions: 817->0(813)
[2024-05-30T15:10:18.416+0000][16557.836s][info][gc,heap     ] GC(3399) Survivor regions: 5->10(103)
[2024-05-30T15:10:18.416+0000][16557.836s][info][gc,heap     ] GC(3399) Old regions: 344->344
[2024-05-30T15:10:18.416+0000][16557.836s][info][gc,heap     ] GC(3399) Archive regions: 2->2
[2024-05-30T15:10:18.416+0000][16557.836s][info][gc,heap     ] GC(3399) Humongous regions: 42->42
[2024-05-30T15:10:18.416+0000][16557.836s][info][gc,metaspace] GC(3399) Metaspace: 435472K(441536K)->435472K(441536K) NonClass: 381359K(384704K)->381359K(384704K) Class: 54113K(56832K)->54113K(56832K)
[2024-05-30T15:10:18.416+0000][16557.836s][info][gc          ] GC(3399) Pause Young (Normal) (G1 Evacuation Pause) 9668M->3168M(12288M) 26.439ms
[2024-05-30T15:10:18.416+0000][16557.836s][info][gc,cpu      ] GC(3399) User=0.16s Sys=0.00s Real=0.03s
[2024-05-30T15:10:26.531+0000][16565.950s][info][gc,start    ] GC(3400) Pause Young (Concurrent Start) (G1 Evacuation Pause)
[2024-05-30T15:10:26.531+0000][16565.950s][info][gc,task     ] GC(3400) Using 6 workers of 6 for evacuation
[2024-05-30T15:10:26.586+0000][16566.005s][info][gc,phases   ] GC(3400)   Pre Evacuate Collection Set: 0.5ms
[2024-05-30T15:10:26.586+0000][16566.005s][info][gc,phases   ] GC(3400)   Merge Heap Roots: 0.2ms
[2024-05-30T15:10:26.586+0000][16566.005s][info][gc,phases   ] GC(3400)   Evacuate Collection Set: 44.5ms
[2024-05-30T15:10:26.586+0000][16566.005s][info][gc,phases   ] GC(3400)   Post Evacuate Collection Set: 9.1ms
[2024-05-30T15:10:26.586+0000][16566.005s][info][gc,phases   ] GC(3400)   Other: 0.3ms
[2024-05-30T15:10:26.586+0000][16566.005s][info][gc,heap     ] GC(3400) Eden regions: 813->0(808)
[2024-05-30T15:10:26.586+0000][16566.005s][info][gc,heap     ] GC(3400) Survivor regions: 10->14(103)
[2024-05-30T15:10:26.586+0000][16566.005s][info][gc,heap     ] GC(3400) Old regions: 344->344
[2024-05-30T15:10:26.586+0000][16566.005s][info][gc,heap     ] GC(3400) Archive regions: 2->2
[2024-05-30T15:10:26.586+0000][16566.005s][info][gc,heap     ] GC(3400) Humongous regions: 42->42
[2024-05-30T15:10:26.586+0000][16566.005s][info][gc,metaspace] GC(3400) Metaspace: 435472K(441536K)->435472K(441536K) NonClass: 381359K(384704K)->381359K(384704K) Class: 54113K(56832K)->54113K(56832K)
[2024-05-30T15:10:26.586+0000][16566.005s][info][gc          ] GC(3400) Pause Young (Concurrent Start) (G1 Evacuation Pause) 9672M->3198M(12288M) 54.820ms
[2024-05-30T15:10:26.586+0000][16566.005s][info][gc,cpu      ] GC(3400) User=0.31s Sys=0.00s Real=0.05s
[2024-05-30T15:10:26.586+0000][16566.005s][info][gc          ] GC(3401) Concurrent Mark Cycle
[2024-05-30T15:10:26.586+0000][16566.005s][info][gc,marking  ] GC(3401) Concurrent Clear Claimed Marks
[2024-05-30T15:10:26.587+0000][16566.006s][info][gc,marking  ] GC(3401) Concurrent Clear Claimed Marks 0.404ms
[2024-05-30T15:10:26.587+0000][16566.006s][info][gc,marking  ] GC(3401) Concurrent Scan Root Regions
[2024-05-30T15:10:26.633+0000][16566.053s][info][gc,marking  ] GC(3401) Concurrent Scan Root Regions 46.871ms
[2024-05-30T15:10:26.633+0000][16566.053s][info][gc,marking  ] GC(3401) Concurrent Mark
[2024-05-30T15:10:26.633+0000][16566.053s][info][gc,marking  ] GC(3401) Concurrent Mark From Roots
[2024-05-30T15:10:26.633+0000][16566.053s][info][gc,task     ] GC(3401) Using 2 workers of 2 for marking
[2024-05-30T15:10:28.539+0000][16567.958s][info][gc,marking  ] GC(3401) Concurrent Mark From Roots 1905.657ms
[2024-05-30T15:10:28.539+0000][16567.958s][info][gc,marking  ] GC(3401) Concurrent Preclean
[2024-05-30T15:10:28.541+0000][16567.960s][info][gc,marking  ] GC(3401) Concurrent Preclean 1.652ms
[2024-05-30T15:10:28.541+0000][16567.960s][info][gc,start    ] GC(3401) Pause Remark
[2024-05-30T15:10:28.565+0000][16567.985s][info][gc          ] GC(3401) Pause Remark 7618M->7618M(12288M) 24.338ms
[2024-05-30T15:10:28.565+0000][16567.985s][info][gc,cpu      ] GC(3401) User=0.11s Sys=0.00s Real=0.02s
[2024-05-30T15:10:28.566+0000][16567.985s][info][gc,marking  ] GC(3401) Concurrent Mark 1932.100ms
[2024-05-30T15:10:28.566+0000][16567.985s][info][gc,marking  ] GC(3401) Concurrent Rebuild Remembered Sets
[2024-05-30T15:10:29.386+0000][16568.805s][info][gc,start    ] GC(3402) Pause Young (Normal) (G1 Evacuation Pause)
[2024-05-30T15:10:29.386+0000][16568.805s][info][gc,task     ] GC(3402) Using 6 workers of 6 for evacuation
[2024-05-30T15:10:29.456+0000][16568.875s][info][gc,phases   ] GC(3402)   Pre Evacuate Collection Set: 0.2ms
[2024-05-30T15:10:29.456+0000][16568.875s][info][gc,phases   ] GC(3402)   Merge Heap Roots: 0.3ms
[2024-05-30T15:10:29.456+0000][16568.875s][info][gc,phases   ] GC(3402)   Evacuate Collection Set: 57.3ms
[2024-05-30T15:10:29.456+0000][16568.875s][info][gc,phases   ] GC(3402)   Post Evacuate Collection Set: 12.5ms
[2024-05-30T15:10:29.456+0000][16568.875s][info][gc,phases   ] GC(3402)   Other: 0.2ms
[2024-05-30T15:10:29.456+0000][16568.875s][info][gc,heap     ] GC(3402) Eden regions: 808->0(806)
[2024-05-30T15:10:29.456+0000][16568.875s][info][gc,heap     ] GC(3402) Survivor regions: 14->16(103)
[2024-05-30T15:10:29.456+0000][16568.875s][info][gc,heap     ] GC(3402) Old regions: 344->344
[2024-05-30T15:10:29.456+0000][16568.875s][info][gc,heap     ] GC(3402) Archive regions: 2->2
[2024-05-30T15:10:29.456+0000][16568.875s][info][gc,heap     ] GC(3402) Humongous regions: 42->42
[2024-05-30T15:10:29.456+0000][16568.875s][info][gc,metaspace] GC(3402) Metaspace: 435472K(441536K)->435472K(441536K) NonClass: 381359K(384704K)->381359K(384704K) Class: 54113K(56832K)->54113K(56832K)
[2024-05-30T15:10:29.456+0000][16568.875s][info][gc          ] GC(3402) Pause Young (Normal) (G1 Evacuation Pause) 9662M->3218M(12288M) 70.488ms
[2024-05-30T15:10:29.456+0000][16568.875s][info][gc,cpu      ] GC(3402) User=0.41s Sys=0.00s Real=0.07s
[2024-05-30T15:10:29.712+0000][16569.131s][info][gc,marking  ] GC(3401) Concurrent Rebuild Remembered Sets 1146.523ms
[2024-05-30T15:10:29.712+0000][16569.131s][info][gc,start    ] GC(3401) Pause Cleanup
[2024-05-30T15:10:29.713+0000][16569.132s][info][gc          ] GC(3401) Pause Cleanup 3694M->3694M(12288M) 0.639ms
[2024-05-30T15:10:29.713+0000][16569.132s][info][gc,cpu      ] GC(3401) User=0.00s Sys=0.00s Real=0.00s
[2024-05-30T15:10:29.713+0000][16569.132s][info][gc,marking  ] GC(3401) Concurrent Cleanup for Next Mark
[2024-05-30T15:10:29.730+0000][16569.149s][info][gc,marking  ] GC(3401) Concurrent Cleanup for Next Mark 16.886ms
[2024-05-30T15:10:29.730+0000][16569.149s][info][gc          ] GC(3401) Concurrent Mark Cycle 3143.830ms
[2024-05-30T15:10:32.256+0000][16571.675s][info][gc,start    ] GC(3403) Pause Young (Prepare Mixed) (G1 Evacuation Pause)
[2024-05-30T15:10:32.256+0000][16571.675s][info][gc,task     ] GC(3403) Using 6 workers of 6 for evacuation
[2024-05-30T15:10:32.350+0000][16571.770s][info][gc,phases   ] GC(3403)   Pre Evacuate Collection Set: 0.2ms
[2024-05-30T15:10:32.350+0000][16571.770s][info][gc,phases   ] GC(3403)   Merge Heap Roots: 0.3ms
[2024-05-30T15:10:32.350+0000][16571.770s][info][gc,phases   ] GC(3403)   Evacuate Collection Set: 77.8ms
[2024-05-30T15:10:32.350+0000][16571.770s][info][gc,phases   ] GC(3403)   Post Evacuate Collection Set: 16.4ms
[2024-05-30T15:10:32.350+0000][16571.770s][info][gc,phases   ] GC(3403)   Other: 0.2ms
[2024-05-30T15:10:32.350+0000][16571.770s][info][gc,heap     ] GC(3403) Eden regions: 806->0(56)
[2024-05-30T15:10:32.350+0000][16571.770s][info][gc,heap     ] GC(3403) Survivor regions: 16->20(103)
[2024-05-30T15:10:32.350+0000][16571.770s][info][gc,heap     ] GC(3403) Old regions: 344->344
[2024-05-30T15:10:32.350+0000][16571.770s][info][gc,heap     ] GC(3403) Archive regions: 2->2
[2024-05-30T15:10:32.350+0000][16571.770s][info][gc,heap     ] GC(3403) Humongous regions: 42->42
[2024-05-30T15:10:32.350+0000][16571.770s][info][gc,metaspace] GC(3403) Metaspace: 435472K(441536K)->435472K(441536K) NonClass: 381359K(384704K)->381359K(384704K) Class: 54113K(56832K)->54113K(56832K)
[2024-05-30T15:10:32.351+0000][16571.770s][info][gc          ] GC(3403) Pause Young (Prepare Mixed) (G1 Evacuation Pause) 9666M->3252M(12288M) 94.979ms
[2024-05-30T15:10:32.351+0000][16571.770s][info][gc,cpu      ] GC(3403) User=0.56s Sys=0.00s Real=0.10s
[2024-05-30T15:10:32.586+0000][16572.005s][info][gc,start    ] GC(3404) Pause Young (Mixed) (G1 Evacuation Pause)
[2024-05-30T15:10:32.586+0000][16572.005s][info][gc,task     ] GC(3404) Using 6 workers of 6 for evacuation
[2024-05-30T15:10:32.664+0000][16572.083s][info][gc,phases   ] GC(3404)   Pre Evacuate Collection Set: 0.2ms
[2024-05-30T15:10:32.664+0000][16572.084s][info][gc,phases   ] GC(3404)   Merge Heap Roots: 0.2ms
[2024-05-30T15:10:32.664+0000][16572.084s][info][gc,phases   ] GC(3404)   Evacuate Collection Set: 75.4ms
[2024-05-30T15:10:32.664+0000][16572.084s][info][gc,phases   ] GC(3404)   Post Evacuate Collection Set: 2.8ms
[2024-05-30T15:10:32.664+0000][16572.084s][info][gc,phases   ] GC(3404)   Other: 0.2ms
[2024-05-30T15:10:32.664+0000][16572.084s][info][gc,heap     ] GC(3404) Eden regions: 56->0(818)
[2024-05-30T15:10:32.664+0000][16572.084s][info][gc,heap     ] GC(3404) Survivor regions: 20->6(10)
[2024-05-30T15:10:32.664+0000][16572.084s][info][gc,heap     ] GC(3404) Old regions: 344->342
[2024-05-30T15:10:32.664+0000][16572.084s][info][gc,heap     ] GC(3404) Archive regions: 2->2
[2024-05-30T15:10:32.664+0000][16572.084s][info][gc,heap     ] GC(3404) Humongous regions: 42->42
[2024-05-30T15:10:32.664+0000][16572.084s][info][gc,metaspace] GC(3404) Metaspace: 435472K(441536K)->435472K(441536K) NonClass: 381359K(384704K)->381359K(384704K) Class: 54113K(56832K)->54113K(56832K)
[2024-05-30T15:10:32.664+0000][16572.084s][info][gc          ] GC(3404) Pause Young (Mixed) (G1 Evacuation Pause) 3700M->3119M(12288M) 78.886ms
[2024-05-30T15:10:32.664+0000][16572.084s][info][gc,cpu      ] GC(3404) User=0.47s Sys=0.00s Real=0.08s
[2024-05-30T15:10:35.231+0000][16574.650s][info][gc,start    ] GC(3405) Pause Young (Normal) (G1 Evacuation Pause)
[2024-05-30T15:10:35.231+0000][16574.650s][info][gc,task     ] GC(3405) Using 6 workers of 6 for evacuation
[2024-05-30T15:10:35.343+0000][16574.762s][info][gc,phases   ] GC(3405)   Pre Evacuate Collection Set: 0.2ms
[2024-05-30T15:10:35.343+0000][16574.763s][info][gc,phases   ] GC(3405)   Merge Heap Roots: 0.3ms
[2024-05-30T15:10:35.343+0000][16574.763s][info][gc,phases   ] GC(3405)   Evacuate Collection Set: 84.9ms
[2024-05-30T15:10:35.343+0000][16574.763s][info][gc,phases   ] GC(3405)   Post Evacuate Collection Set: 26.6ms
[2024-05-30T15:10:35.343+0000][16574.763s][info][gc,phases   ] GC(3405)   Other: 0.2ms
[2024-05-30T15:10:35.343+0000][16574.763s][info][gc,heap     ] GC(3405) Eden regions: 818->0(809)
[2024-05-30T15:10:35.343+0000][16574.763s][info][gc,heap     ] GC(3405) Survivor regions: 6->13(103)
[2024-05-30T15:10:35.343+0000][16574.763s][info][gc,heap     ] GC(3405) Old regions: 342->342
[2024-05-30T15:10:35.343+0000][16574.763s][info][gc,heap     ] GC(3405) Archive regions: 2->2
[2024-05-30T15:10:35.343+0000][16574.763s][info][gc,heap     ] GC(3405) Humongous regions: 42->42
[2024-05-30T15:10:35.343+0000][16574.763s][info][gc,metaspace] GC(3405) Metaspace: 435472K(441536K)->435472K(441536K) NonClass: 381359K(384704K)->381359K(384704K) Class: 54113K(56832K)->54113K(56832K)
[2024-05-30T15:10:35.343+0000][16574.763s][info][gc          ] GC(3405) Pause Young (Normal) (G1 Evacuation Pause) 9663M->3175M(12288M) 112.261ms
[2024-05-30T15:10:35.343+0000][16574.763s][info][gc,cpu      ] GC(3405) User=0.65s Sys=0.00s Real=0.11s
[2024-05-30T15:10:37.943+0000][16577.362s][info][gc,start    ] GC(3406) Pause Young (Normal) (G1 Evacuation Pause)
[2024-05-30T15:10:37.943+0000][16577.362s][info][gc,task     ] GC(3406) Using 6 workers of 6 for evacuation
[2024-05-30T15:10:38.053+0000][16577.472s][info][gc,phases   ] GC(3406)   Pre Evacuate Collection Set: 0.2ms
[2024-05-30T15:10:38.053+0000][16577.472s][info][gc,phases   ] GC(3406)   Merge Heap Roots: 0.3ms
[2024-05-30T15:10:38.053+0000][16577.472s][info][gc,phases   ] GC(3406)   Evacuate Collection Set: 86.6ms
[2024-05-30T15:10:38.053+0000][16577.472s][info][gc,phases   ] GC(3406)   Post Evacuate Collection Set: 22.3ms
[2024-05-30T15:10:38.053+0000][16577.472s][info][gc,phases   ] GC(3406)   Other: 0.2ms
[2024-05-30T15:10:38.053+0000][16577.472s][info][gc,heap     ] GC(3406) Eden regions: 809->0(803)
[2024-05-30T15:10:38.053+0000][16577.472s][info][gc,heap     ] GC(3406) Survivor regions: 13->19(103)
[2024-05-30T15:10:38.053+0000][16577.472s][info][gc,heap     ] GC(3406) Old regions: 342->342
[2024-05-30T15:10:38.053+0000][16577.472s][info][gc,heap     ] GC(3406) Archive regions: 2->2
[2024-05-30T15:10:38.053+0000][16577.472s][info][gc,heap     ] GC(3406) Humongous regions: 42->42
[2024-05-30T15:10:38.053+0000][16577.472s][info][gc,metaspace] GC(3406) Metaspace: 435472K(441536K)->435472K(441536K) NonClass: 381359K(384704K)->381359K(384704K) Class: 54113K(56832K)->54113K(56832K)
[2024-05-30T15:10:38.053+0000][16577.472s][info][gc          ] GC(3406) Pause Young (Normal) (G1 Evacuation Pause) 9647M->3222M(12288M) 109.613ms
[2024-05-30T15:10:38.053+0000][16577.472s][info][gc,cpu      ] GC(3406) User=0.64s Sys=0.00s Real=0.11s
[2024-05-30T15:10:40.600+0000][16580.019s][info][gc,start    ] GC(3407) Pause Young (Concurrent Start) (G1 Evacuation Pause)
[2024-05-30T15:10:40.600+0000][16580.019s][info][gc,task     ] GC(3407) Using 6 workers of 6 for evacuation
[2024-05-30T15:10:40.709+0000][16580.128s][info][gc,phases   ] GC(3407)   Pre Evacuate Collection Set: 0.6ms
[2024-05-30T15:10:40.709+0000][16580.128s][info][gc,phases   ] GC(3407)   Merge Heap Roots: 0.3ms
[2024-05-30T15:10:40.709+0000][16580.128s][info][gc,phases   ] GC(3407)   Evacuate Collection Set: 89.9ms
[2024-05-30T15:10:40.709+0000][16580.128s][info][gc,phases   ] GC(3407)   Post Evacuate Collection Set: 17.7ms
[2024-05-30T15:10:40.709+0000][16580.128s][info][gc,phases   ] GC(3407)   Other: 0.3ms
[2024-05-30T15:10:40.709+0000][16580.128s][info][gc,heap     ] GC(3407) Eden regions: 803->0(796)
[2024-05-30T15:10:40.709+0000][16580.128s][info][gc,heap     ] GC(3407) Survivor regions: 19->23(103)
[2024-05-30T15:10:40.709+0000][16580.128s][info][gc,heap     ] GC(3407) Old regions: 342->342
[2024-05-30T15:10:40.709+0000][16580.128s][info][gc,heap     ] GC(3407) Archive regions: 2->2
[2024-05-30T15:10:40.709+0000][16580.128s][info][gc,heap     ] GC(3407) Humongous regions: 42->42
[2024-05-30T15:10:40.709+0000][16580.128s][info][gc,metaspace] GC(3407) Metaspace: 435475K(441536K)->435475K(441536K) NonClass: 381362K(384704K)->381362K(384704K) Class: 54113K(56832K)->54113K(56832K)
[2024-05-30T15:10:40.709+0000][16580.128s][info][gc          ] GC(3407) Pause Young (Concurrent Start) (G1 Evacuation Pause) 9646M->3259M(12288M) 108.762ms
[2024-05-30T15:10:40.709+0000][16580.128s][info][gc,cpu      ] GC(3407) User=0.63s Sys=0.00s Real=0.11s
[2024-05-30T15:10:40.709+0000][16580.128s][info][gc          ] GC(3408) Concurrent Mark Cycle
[2024-05-30T15:10:40.709+0000][16580.128s][info][gc,marking  ] GC(3408) Concurrent Clear Claimed Marks
[2024-05-30T15:10:40.709+0000][16580.129s][info][gc,marking  ] GC(3408) Concurrent Clear Claimed Marks 0.425ms
[2024-05-30T15:10:40.709+0000][16580.129s][info][gc,marking  ] GC(3408) Concurrent Scan Root Regions
[2024-05-30T15:10:40.774+0000][16580.193s][info][gc,marking  ] GC(3408) Concurrent Scan Root Regions 64.551ms
[2024-05-30T15:10:40.774+0000][16580.193s][info][gc,marking  ] GC(3408) Concurrent Mark
[2024-05-30T15:10:40.774+0000][16580.193s][info][gc,marking  ] GC(3408) Concurrent Mark From Roots
[2024-05-30T15:10:40.774+0000][16580.193s][info][gc,task     ] GC(3408) Using 2 workers of 2 for marking
[2024-05-30T15:10:42.901+0000][16582.320s][info][gc,marking  ] GC(3408) Concurrent Mark From Roots 2126.868ms
[2024-05-30T15:10:42.901+0000][16582.320s][info][gc,marking  ] GC(3408) Concurrent Preclean
[2024-05-30T15:10:42.902+0000][16582.321s][info][gc,marking  ] GC(3408) Concurrent Preclean 1.283ms
[2024-05-30T15:10:42.902+0000][16582.322s][info][gc,start    ] GC(3408) Pause Remark
[2024-05-30T15:10:42.927+0000][16582.346s][info][gc          ] GC(3408) Pause Remark 7523M->7523M(12288M) 24.640ms
[2024-05-30T15:10:42.927+0000][16582.346s][info][gc,cpu      ] GC(3408) User=0.11s Sys=0.00s Real=0.02s
[2024-05-30T15:10:42.927+0000][16582.346s][info][gc,marking  ] GC(3408) Concurrent Mark 2153.148ms
[2024-05-30T15:10:42.927+0000][16582.346s][info][gc,marking  ] GC(3408) Concurrent Rebuild Remembered Sets
[2024-05-30T15:10:43.802+0000][16583.222s][info][gc,start    ] GC(3409) Pause Young (Normal) (G1 Evacuation Pause)
[2024-05-30T15:10:43.802+0000][16583.222s][info][gc,task     ] GC(3409) Using 6 workers of 6 for evacuation
[2024-05-30T15:10:43.945+0000][16583.364s][info][gc,phases   ] GC(3409)   Pre Evacuate Collection Set: 0.2ms
[2024-05-30T15:10:43.945+0000][16583.364s][info][gc,phases   ] GC(3409)   Merge Heap Roots: 1.1ms
[2024-05-30T15:10:43.945+0000][16583.364s][info][gc,phases   ] GC(3409)   Evacuate Collection Set: 119.6ms
[2024-05-30T15:10:43.945+0000][16583.364s][info][gc,phases   ] GC(3409)   Post Evacuate Collection Set: 21.5ms
[2024-05-30T15:10:43.945+0000][16583.364s][info][gc,phases   ] GC(3409)   Other: 0.2ms
[2024-05-30T15:10:43.945+0000][16583.364s][info][gc,heap     ] GC(3409) Eden regions: 796->0(788)
[2024-05-30T15:10:43.945+0000][16583.364s][info][gc,heap     ] GC(3409) Survivor regions: 23->27(103)
[2024-05-30T15:10:43.945+0000][16583.364s][info][gc,heap     ] GC(3409) Old regions: 342->342
[2024-05-30T15:10:43.945+0000][16583.364s][info][gc,heap     ] GC(3409) Archive regions: 2->2
[2024-05-30T15:10:43.945+0000][16583.364s][info][gc,heap     ] GC(3409) Humongous regions: 42->42
[2024-05-30T15:10:43.945+0000][16583.364s][info][gc,metaspace] GC(3409) Metaspace: 435475K(441536K)->435475K(441536K) NonClass: 381362K(384704K)->381362K(384704K) Class: 54113K(56832K)->54113K(56832K)
[2024-05-30T15:10:43.945+0000][16583.364s][info][gc          ] GC(3409) Pause Young (Normal) (G1 Evacuation Pause) 9627M->3287M(12288M) 142.613ms
[2024-05-30T15:10:43.945+0000][16583.364s][info][gc,cpu      ] GC(3409) User=0.83s Sys=0.00s Real=0.14s
[2024-05-30T15:10:44.189+0000][16583.608s][info][gc,marking  ] GC(3408) Concurrent Rebuild Remembered Sets 1261.621ms
[2024-05-30T15:10:44.189+0000][16583.608s][info][gc,start    ] GC(3408) Pause Cleanup
[2024-05-30T15:10:44.190+0000][16583.609s][info][gc          ] GC(3408) Pause Cleanup 3823M->3823M(12288M) 0.601ms
[2024-05-30T15:10:44.190+0000][16583.609s][info][gc,cpu      ] GC(3408) User=0.00s Sys=0.00s Real=0.00s
[2024-05-30T15:10:44.190+0000][16583.609s][info][gc,marking  ] GC(3408) Concurrent Cleanup for Next Mark
[2024-05-30T15:10:44.207+0000][16583.626s][info][gc,marking  ] GC(3408) Concurrent Cleanup for Next Mark 17.003ms
[2024-05-30T15:10:44.207+0000][16583.626s][info][gc          ] GC(3408) Concurrent Mark Cycle 3497.795ms
[2024-05-30T15:10:46.450+0000][16585.870s][info][gc,start    ] GC(3410) Pause Young (Prepare Mixed) (G1 Evacuation Pause)
[2024-05-30T15:10:46.451+0000][16585.870s][info][gc,task     ] GC(3410) Using 6 workers of 6 for evacuation
[2024-05-30T15:10:46.610+0000][16586.029s][info][gc,phases   ] GC(3410)   Pre Evacuate Collection Set: 0.2ms
[2024-05-30T15:10:46.610+0000][16586.029s][info][gc,phases   ] GC(3410)   Merge Heap Roots: 0.4ms
[2024-05-30T15:10:46.610+0000][16586.029s][info][gc,phases   ] GC(3410)   Evacuate Collection Set: 138.5ms
[2024-05-30T15:10:46.610+0000][16586.029s][info][gc,phases   ] GC(3410)   Post Evacuate Collection Set: 20.4ms
[2024-05-30T15:10:46.610+0000][16586.029s][info][gc,phases   ] GC(3410)   Other: 0.2ms
[2024-05-30T15:10:46.610+0000][16586.029s][info][gc,heap     ] GC(3410) Eden regions: 788->0(46)
[2024-05-30T15:10:46.610+0000][16586.029s][info][gc,heap     ] GC(3410) Survivor regions: 27->30(102)
[2024-05-30T15:10:46.610+0000][16586.029s][info][gc,heap     ] GC(3410) Old regions: 342->342
[2024-05-30T15:10:46.610+0000][16586.029s][info][gc,heap     ] GC(3410) Archive regions: 2->2
[2024-05-30T15:10:46.610+0000][16586.029s][info][gc,heap     ] GC(3410) Humongous regions: 42->42
[2024-05-30T15:10:46.610+0000][16586.029s][info][gc,metaspace] GC(3410) Metaspace: 435475K(441536K)->435475K(441536K) NonClass: 381362K(384704K)->381362K(384704K) Class: 54113K(56832K)->54113K(56832K)
[2024-05-30T15:10:46.610+0000][16586.029s][info][gc          ] GC(3410) Pause Young (Prepare Mixed) (G1 Evacuation Pause) 9591M->3315M(12288M) 159.773ms
[2024-05-30T15:10:46.610+0000][16586.030s][info][gc,cpu      ] GC(3410) User=0.94s Sys=0.00s Real=0.16s
[2024-05-30T15:10:46.766+0000][16586.185s][info][gc,start    ] GC(3411) Pause Young (Mixed) (G1 Evacuation Pause)
[2024-05-30T15:10:46.766+0000][16586.185s][info][gc,task     ] GC(3411) Using 6 workers of 6 for evacuation
[2024-05-30T15:10:46.907+0000][16586.326s][info][gc,phases   ] GC(3411)   Pre Evacuate Collection Set: 0.2ms
[2024-05-30T15:10:46.907+0000][16586.326s][info][gc,phases   ] GC(3411)   Merge Heap Roots: 0.5ms
[2024-05-30T15:10:46.907+0000][16586.326s][info][gc,phases   ] GC(3411)   Evacuate Collection Set: 137.6ms
[2024-05-30T15:10:46.907+0000][16586.326s][info][gc,phases   ] GC(3411)   Post Evacuate Collection Set: 2.8ms
[2024-05-30T15:10:46.907+0000][16586.326s][info][gc,phases   ] GC(3411)   Other: 0.2ms
[2024-05-30T15:10:46.907+0000][16586.326s][info][gc,heap     ] GC(3411) Eden regions: 46->0(804)
[2024-05-30T15:10:46.907+0000][16586.326s][info][gc,heap     ] GC(3411) Survivor regions: 30->3(10)
[2024-05-30T15:10:46.907+0000][16586.326s][info][gc,heap     ] GC(3411) Old regions: 342->359
[2024-05-30T15:10:46.907+0000][16586.326s][info][gc,heap     ] GC(3411) Archive regions: 2->2
[2024-05-30T15:10:46.907+0000][16586.326s][info][gc,heap     ] GC(3411) Humongous regions: 42->42
[2024-05-30T15:10:46.907+0000][16586.326s][info][gc,metaspace] GC(3411) Metaspace: 435475K(441536K)->435475K(441536K) NonClass: 381362K(384704K)->381362K(384704K) Class: 54113K(56832K)->54113K(56832K)
[2024-05-30T15:10:46.907+0000][16586.326s][info][gc          ] GC(3411) Pause Young (Mixed) (G1 Evacuation Pause) 3683M->3230M(12288M) 141.415ms
[2024-05-30T15:10:46.907+0000][16586.327s][info][gc,cpu      ] GC(3411) User=0.84s Sys=0.00s Real=0.14s
[2024-05-30T15:10:49.291+0000][16588.710s][info][gc,start    ] GC(3412) Pause Young (Normal) (G1 Evacuation Pause)
[2024-05-30T15:10:49.291+0000][16588.710s][info][gc,task     ] GC(3412) Using 6 workers of 6 for evacuation
[2024-05-30T15:10:49.367+0000][16588.787s][info][gc,phases   ] GC(3412)   Pre Evacuate Collection Set: 0.2ms
[2024-05-30T15:10:49.367+0000][16588.787s][info][gc,phases   ] GC(3412)   Merge Heap Roots: 0.3ms
[2024-05-30T15:10:49.367+0000][16588.787s][info][gc,phases   ] GC(3412)   Evacuate Collection Set: 56.2ms
[2024-05-30T15:10:49.367+0000][16588.787s][info][gc,phases   ] GC(3412)   Post Evacuate Collection Set: 20.1ms
[2024-05-30T15:10:49.367+0000][16588.787s][info][gc,phases   ] GC(3412)   Other: 0.2ms
[2024-05-30T15:10:49.367+0000][16588.787s][info][gc,heap     ] GC(3412) Eden regions: 804->0(800)
[2024-05-30T15:10:49.367+0000][16588.787s][info][gc,heap     ] GC(3412) Survivor regions: 3->7(101)
[2024-05-30T15:10:49.367+0000][16588.787s][info][gc,heap     ] GC(3412) Old regions: 359->359
[2024-05-30T15:10:49.367+0000][16588.787s][info][gc,heap     ] GC(3412) Archive regions: 2->2
[2024-05-30T15:10:49.367+0000][16588.787s][info][gc,heap     ] GC(3412) Humongous regions: 42->42
[2024-05-30T15:10:49.367+0000][16588.787s][info][gc,metaspace] GC(3412) Metaspace: 435475K(441536K)->435475K(441536K) NonClass: 381362K(384704K)->381362K(384704K) Class: 54113K(56832K)->54113K(56832K)
[2024-05-30T15:10:49.367+0000][16588.787s][info][gc          ] GC(3412) Pause Young (Normal) (G1 Evacuation Pause) 9662M->3262M(12288M) 76.954ms
[2024-05-30T15:10:49.368+0000][16588.787s][info][gc,cpu      ] GC(3412) User=0.45s Sys=0.00s Real=0.07s
[2024-05-30T15:10:53.593+0000][16593.012s][info][gc,start    ] GC(3413) Pause Young (Normal) (G1 Evacuation Pause)
[2024-05-30T15:10:53.593+0000][16593.012s][info][gc,task     ] GC(3413) Using 6 workers of 6 for evacuation
[2024-05-30T15:10:53.649+0000][16593.069s][info][gc,phases   ] GC(3413)   Pre Evacuate Collection Set: 0.2ms
[2024-05-30T15:10:53.649+0000][16593.069s][info][gc,phases   ] GC(3413)   Merge Heap Roots: 0.2ms
[2024-05-30T15:10:53.649+0000][16593.069s][info][gc,phases   ] GC(3413)   Evacuate Collection Set: 47.4ms
[2024-05-30T15:10:53.649+0000][16593.069s][info][gc,phases   ] GC(3413)   Post Evacuate Collection Set: 8.8ms
[2024-05-30T15:10:53.649+0000][16593.069s][info][gc,phases   ] GC(3413)   Other: 0.2ms
[2024-05-30T15:10:53.649+0000][16593.069s][info][gc,heap     ] GC(3413) Eden regions: 800->0(796)
[2024-05-30T15:10:53.649+0000][16593.069s][info][gc,heap     ] GC(3413) Survivor regions: 7->11(101)
[2024-05-30T15:10:53.649+0000][16593.069s][info][gc,heap     ] GC(3413) Old regions: 359->359
[2024-05-30T15:10:53.649+0000][16593.069s][info][gc,heap     ] GC(3413) Archive regions: 2->2
[2024-05-30T15:10:53.649+0000][16593.069s][info][gc,heap     ] GC(3413) Humongous regions: 42->42
[2024-05-30T15:10:53.649+0000][16593.069s][info][gc,metaspace] GC(3413) Metaspace: 435475K(441536K)->435475K(441536K) NonClass: 381362K(384704K)->381362K(384704K) Class: 54113K(56832K)->54113K(56832K)
[2024-05-30T15:10:53.650+0000][16593.069s][info][gc          ] GC(3413) Pause Young (Normal) (G1 Evacuation Pause) 9662M->3294M(12288M) 56.905ms
[2024-05-30T15:10:53.650+0000][16593.069s][info][gc,cpu      ] GC(3413) User=0.34s Sys=0.00s Real=0.06s
[2024-05-30T15:11:06.419+0000][16605.838s][info][gc,start    ] GC(3414) Pause Young (Concurrent Start) (G1 Evacuation Pause)
[2024-05-30T15:11:06.419+0000][16605.838s][info][gc,task     ] GC(3414) Using 6 workers of 6 for evacuation
[2024-05-30T15:11:06.467+0000][16605.886s][info][gc,phases   ] GC(3414)   Pre Evacuate Collection Set: 0.6ms
[2024-05-30T15:11:06.467+0000][16605.886s][info][gc,phases   ] GC(3414)   Merge Heap Roots: 0.3ms
[2024-05-30T15:11:06.467+0000][16605.886s][info][gc,phases   ] GC(3414)   Evacuate Collection Set: 44.5ms
[2024-05-30T15:11:06.467+0000][16605.886s][info][gc,phases   ] GC(3414)   Post Evacuate Collection Set: 2.2ms
[2024-05-30T15:11:06.467+0000][16605.886s][info][gc,phases   ] GC(3414)   Other: 0.3ms
[2024-05-30T15:11:06.467+0000][16605.886s][info][gc,heap     ] GC(3414) Eden regions: 796->0(792)
[2024-05-30T15:11:06.467+0000][16605.886s][info][gc,heap     ] GC(3414) Survivor regions: 11->15(101)
[2024-05-30T15:11:06.467+0000][16605.886s][info][gc,heap     ] GC(3414) Old regions: 359->359
[2024-05-30T15:11:06.467+0000][16605.886s][info][gc,heap     ] GC(3414) Archive regions: 2->2
[2024-05-30T15:11:06.467+0000][16605.886s][info][gc,heap     ] GC(3414) Humongous regions: 42->42
[2024-05-30T15:11:06.467+0000][16605.886s][info][gc,metaspace] GC(3414) Metaspace: 435475K(441536K)->435475K(441536K) NonClass: 381362K(384704K)->381362K(384704K) Class: 54113K(56832K)->54113K(56832K)
[2024-05-30T15:11:06.467+0000][16605.886s][info][gc          ] GC(3414) Pause Young (Concurrent Start) (G1 Evacuation Pause) 9662M->3320M(12288M) 47.894ms
[2024-05-30T15:11:06.467+0000][16605.886s][info][gc,cpu      ] GC(3414) User=0.28s Sys=0.00s Real=0.04s
[2024-05-30T15:11:06.467+0000][16605.886s][info][gc          ] GC(3415) Concurrent Mark Cycle
[2024-05-30T15:11:06.467+0000][16605.886s][info][gc,marking  ] GC(3415) Concurrent Clear Claimed Marks
[2024-05-30T15:11:06.467+0000][16605.887s][info][gc,marking  ] GC(3415) Concurrent Clear Claimed Marks 0.402ms
[2024-05-30T15:11:06.467+0000][16605.887s][info][gc,marking  ] GC(3415) Concurrent Scan Root Regions
[2024-05-30T15:11:06.504+0000][16605.923s][info][gc,marking  ] GC(3415) Concurrent Scan Root Regions 36.319ms
[2024-05-30T15:11:06.504+0000][16605.923s][info][gc,marking  ] GC(3415) Concurrent Mark
[2024-05-30T15:11:06.504+0000][16605.923s][info][gc,marking  ] GC(3415) Concurrent Mark From Roots
[2024-05-30T15:11:06.504+0000][16605.923s][info][gc,task     ] GC(3415) Using 2 workers of 2 for marking
[2024-05-30T15:11:08.644+0000][16608.063s][info][gc,marking  ] GC(3415) Concurrent Mark From Roots 2139.798ms
[2024-05-30T15:11:08.644+0000][16608.063s][info][gc,marking  ] GC(3415) Concurrent Preclean
[2024-05-30T15:11:08.645+0000][16608.065s][info][gc,marking  ] GC(3415) Concurrent Preclean 1.769ms
[2024-05-30T15:11:08.646+0000][16608.065s][info][gc,start    ] GC(3415) Pause Remark
[2024-05-30T15:11:08.670+0000][16608.089s][info][gc          ] GC(3415) Pause Remark 4372M->4372M(12288M) 24.708ms
[2024-05-30T15:11:08.670+0000][16608.090s][info][gc,cpu      ] GC(3415) User=0.11s Sys=0.00s Real=0.03s
[2024-05-30T15:11:08.670+0000][16608.090s][info][gc,marking  ] GC(3415) Concurrent Mark 2166.645ms
[2024-05-30T15:11:08.670+0000][16608.090s][info][gc,marking  ] GC(3415) Concurrent Rebuild Remembered Sets
[2024-05-30T15:11:09.864+0000][16609.283s][info][gc,marking  ] GC(3415) Concurrent Rebuild Remembered Sets 1193.606ms
[2024-05-30T15:11:09.864+0000][16609.283s][info][gc,start    ] GC(3415) Pause Cleanup
[2024-05-30T15:11:09.865+0000][16609.284s][info][gc          ] GC(3415) Pause Cleanup 4960M->4960M(12288M) 0.672ms
[2024-05-30T15:11:09.865+0000][16609.284s][info][gc,cpu      ] GC(3415) User=0.00s Sys=0.00s Real=0.00s
[2024-05-30T15:11:09.865+0000][16609.284s][info][gc,marking  ] GC(3415) Concurrent Cleanup for Next Mark
[2024-05-30T15:11:09.881+0000][16609.301s][info][gc,marking  ] GC(3415) Concurrent Cleanup for Next Mark 16.409ms
[2024-05-30T15:11:09.881+0000][16609.301s][info][gc          ] GC(3415) Concurrent Mark Cycle 3414.446ms
[2024-05-30T15:11:19.253+0000][16618.672s][info][gc,start    ] GC(3416) Pause Young (Prepare Mixed) (G1 Evacuation Pause)
[2024-05-30T15:11:19.253+0000][16618.672s][info][gc,task     ] GC(3416) Using 6 workers of 6 for evacuation
[2024-05-30T15:11:19.314+0000][16618.734s][info][gc,phases   ] GC(3416)   Pre Evacuate Collection Set: 0.2ms
[2024-05-30T15:11:19.314+0000][16618.734s][info][gc,phases   ] GC(3416)   Merge Heap Roots: 0.4ms
[2024-05-30T15:11:19.314+0000][16618.734s][info][gc,phases   ] GC(3416)   Evacuate Collection Set: 58.5ms
[2024-05-30T15:11:19.314+0000][16618.734s][info][gc,phases   ] GC(3416)   Post Evacuate Collection Set: 2.4ms
[2024-05-30T15:11:19.314+0000][16618.734s][info][gc,phases   ] GC(3416)   Other: 0.2ms
[2024-05-30T15:11:19.314+0000][16618.734s][info][gc,heap     ] GC(3416) Eden regions: 792->0(57)
[2024-05-30T15:11:19.314+0000][16618.734s][info][gc,heap     ] GC(3416) Survivor regions: 15->19(101)
[2024-05-30T15:11:19.314+0000][16618.734s][info][gc,heap     ] GC(3416) Old regions: 359->359
[2024-05-30T15:11:19.314+0000][16618.734s][info][gc,heap     ] GC(3416) Archive regions: 2->2
[2024-05-30T15:11:19.314+0000][16618.734s][info][gc,heap     ] GC(3416) Humongous regions: 42->42
[2024-05-30T15:11:19.314+0000][16618.734s][info][gc,metaspace] GC(3416) Metaspace: 435475K(441536K)->435475K(441536K) NonClass: 381362K(384704K)->381362K(384704K) Class: 54113K(56832K)->54113K(56832K)
[2024-05-30T15:11:19.314+0000][16618.734s][info][gc          ] GC(3416) Pause Young (Prepare Mixed) (G1 Evacuation Pause) 9656M->3358M(12288M) 61.694ms
[2024-05-30T15:11:19.315+0000][16618.734s][info][gc,cpu      ] GC(3416) User=0.36s Sys=0.01s Real=0.06s
[2024-05-30T15:11:20.301+0000][16619.720s][info][gc,start    ] GC(3417) Pause Young (Mixed) (G1 Evacuation Pause)
[2024-05-30T15:11:20.301+0000][16619.720s][info][gc,task     ] GC(3417) Using 6 workers of 6 for evacuation
[2024-05-30T15:11:20.374+0000][16619.793s][info][gc,phases   ] GC(3417)   Pre Evacuate Collection Set: 0.2ms
[2024-05-30T15:11:20.374+0000][16619.793s][info][gc,phases   ] GC(3417)   Merge Heap Roots: 0.3ms
[2024-05-30T15:11:20.374+0000][16619.793s][info][gc,phases   ] GC(3417)   Evacuate Collection Set: 71.1ms
[2024-05-30T15:11:20.374+0000][16619.793s][info][gc,phases   ] GC(3417)   Post Evacuate Collection Set: 1.4ms
[2024-05-30T15:11:20.374+0000][16619.793s][info][gc,phases   ] GC(3417)   Other: 0.2ms
[2024-05-30T15:11:20.374+0000][16619.793s][info][gc,heap     ] GC(3417) Eden regions: 57->0(805)
[2024-05-30T15:11:20.374+0000][16619.793s][info][gc,heap     ] GC(3417) Survivor regions: 19->3(10)
[2024-05-30T15:11:20.374+0000][16619.793s][info][gc,heap     ] GC(3417) Old regions: 359->358
[2024-05-30T15:11:20.374+0000][16619.793s][info][gc,heap     ] GC(3417) Archive regions: 2->2
[2024-05-30T15:11:20.374+0000][16619.793s][info][gc,heap     ] GC(3417) Humongous regions: 42->42
[2024-05-30T15:11:20.374+0000][16619.793s][info][gc,metaspace] GC(3417) Metaspace: 435475K(441536K)->435475K(441536K) NonClass: 381362K(384704K)->381362K(384704K) Class: 54113K(56832K)->54113K(56832K)
[2024-05-30T15:11:20.374+0000][16619.793s][info][gc          ] GC(3417) Pause Young (Mixed) (G1 Evacuation Pause) 3814M->3225M(12288M) 73.338ms
[2024-05-30T15:11:20.374+0000][16619.793s][info][gc,cpu      ] GC(3417) User=0.44s Sys=0.00s Real=0.07s
[2024-05-30T15:11:33.456+0000][16632.875s][info][gc,start    ] GC(3418) Pause Young (Normal) (G1 Evacuation Pause)
[2024-05-30T15:11:33.456+0000][16632.875s][info][gc,task     ] GC(3418) Using 6 workers of 6 for evacuation
[2024-05-30T15:11:33.476+0000][16632.896s][info][gc,phases   ] GC(3418)   Pre Evacuate Collection Set: 0.2ms
[2024-05-30T15:11:33.476+0000][16632.896s][info][gc,phases   ] GC(3418)   Merge Heap Roots: 0.3ms
[2024-05-30T15:11:33.476+0000][16632.896s][info][gc,phases   ] GC(3418)   Evacuate Collection Set: 18.0ms
[2024-05-30T15:11:33.476+0000][16632.896s][info][gc,phases   ] GC(3418)   Post Evacuate Collection Set: 2.3ms
[2024-05-30T15:11:33.476+0000][16632.896s][info][gc,phases   ] GC(3418)   Other: 0.2ms
[2024-05-30T15:11:33.476+0000][16632.896s][info][gc,heap     ] GC(3418) Eden regions: 805->0(800)
[2024-05-30T15:11:33.476+0000][16632.896s][info][gc,heap     ] GC(3418) Survivor regions: 3->7(101)
[2024-05-30T15:11:33.476+0000][16632.896s][info][gc,heap     ] GC(3418) Old regions: 358->358
[2024-05-30T15:11:33.476+0000][16632.896s][info][gc,heap     ] GC(3418) Archive regions: 2->2
[2024-05-30T15:11:33.476+0000][16632.896s][info][gc,heap     ] GC(3418) Humongous regions: 42->42
[2024-05-30T15:11:33.476+0000][16632.896s][info][gc,metaspace] GC(3418) Metaspace: 435475K(441536K)->435475K(441536K) NonClass: 381362K(384704K)->381362K(384704K) Class: 54113K(56832K)->54113K(56832K)
[2024-05-30T15:11:33.477+0000][16632.896s][info][gc          ] GC(3418) Pause Young (Normal) (G1 Evacuation Pause) 9665M->3252M(12288M) 20.937ms
[2024-05-30T15:11:33.477+0000][16632.896s][info][gc,cpu      ] GC(3418) User=0.12s Sys=0.00s Real=0.03s
[2024-05-30T15:11:46.658+0000][16646.077s][info][gc,start    ] GC(3419) Pause Young (Normal) (G1 Evacuation Pause)
[2024-05-30T15:11:46.658+0000][16646.078s][info][gc,task     ] GC(3419) Using 6 workers of 6 for evacuation
[2024-05-30T15:11:46.686+0000][16646.105s][info][gc,phases   ] GC(3419)   Pre Evacuate Collection Set: 0.2ms
[2024-05-30T15:11:46.686+0000][16646.105s][info][gc,phases   ] GC(3419)   Merge Heap Roots: 0.3ms
[2024-05-30T15:11:46.686+0000][16646.105s][info][gc,phases   ] GC(3419)   Evacuate Collection Set: 24.6ms
[2024-05-30T15:11:46.686+0000][16646.105s][info][gc,phases   ] GC(3419)   Post Evacuate Collection Set: 2.3ms
[2024-05-30T15:11:46.686+0000][16646.105s][info][gc,phases   ] GC(3419)   Other: 0.2ms
[2024-05-30T15:11:46.686+0000][16646.105s][info][gc,heap     ] GC(3419) Eden regions: 800->0(796)
[2024-05-30T15:11:46.686+0000][16646.105s][info][gc,heap     ] GC(3419) Survivor regions: 7->11(101)
[2024-05-30T15:11:46.686+0000][16646.105s][info][gc,heap     ] GC(3419) Old regions: 358->358
[2024-05-30T15:11:46.686+0000][16646.105s][info][gc,heap     ] GC(3419) Archive regions: 2->2
[2024-05-30T15:11:46.686+0000][16646.105s][info][gc,heap     ] GC(3419) Humongous regions: 42->42
[2024-05-30T15:11:46.686+0000][16646.105s][info][gc,metaspace] GC(3419) Metaspace: 435475K(441536K)->435475K(441536K) NonClass: 381362K(384704K)->381362K(384704K) Class: 54113K(56832K)->54113K(56832K)
[2024-05-30T15:11:46.686+0000][16646.105s][info][gc          ] GC(3419) Pause Young (Normal) (G1 Evacuation Pause) 9652M->3283M(12288M) 27.515ms
[2024-05-30T15:11:46.686+0000][16646.105s][info][gc,cpu      ] GC(3419) User=0.16s Sys=0.00s Real=0.02s
[2024-05-30T15:11:59.974+0000][16659.393s][info][gc,start    ] GC(3420) Pause Young (Concurrent Start) (G1 Evacuation Pause)
[2024-05-30T15:11:59.974+0000][16659.393s][info][gc,task     ] GC(3420) Using 6 workers of 6 for evacuation
[2024-05-30T15:12:00.015+0000][16659.435s][info][gc,phases   ] GC(3420)   Pre Evacuate Collection Set: 0.6ms
[2024-05-30T15:12:00.015+0000][16659.435s][info][gc,phases   ] GC(3420)   Merge Heap Roots: 0.3ms
[2024-05-30T15:12:00.015+0000][16659.435s][info][gc,phases   ] GC(3420)   Evacuate Collection Set: 37.7ms
[2024-05-30T15:12:00.016+0000][16659.435s][info][gc,phases   ] GC(3420)   Post Evacuate Collection Set: 2.4ms
[2024-05-30T15:12:00.016+0000][16659.435s][info][gc,phases   ] GC(3420)   Other: 0.3ms
[2024-05-30T15:12:00.016+0000][16659.435s][info][gc,heap     ] GC(3420) Eden regions: 796->0(791)
[2024-05-30T15:12:00.016+0000][16659.435s][info][gc,heap     ] GC(3420) Survivor regions: 11->15(101)
[2024-05-30T15:12:00.016+0000][16659.435s][info][gc,heap     ] GC(3420) Old regions: 358->358
[2024-05-30T15:12:00.016+0000][16659.435s][info][gc,heap     ] GC(3420) Archive regions: 2->2
[2024-05-30T15:12:00.016+0000][16659.435s][info][gc,heap     ] GC(3420) Humongous regions: 42->42
[2024-05-30T15:12:00.016+0000][16659.435s][info][gc,metaspace] GC(3420) Metaspace: 435475K(441536K)->435475K(441536K) NonClass: 381362K(384704K)->381362K(384704K) Class: 54113K(56832K)->54113K(56832K)
[2024-05-30T15:12:00.016+0000][16659.435s][info][gc          ] GC(3420) Pause Young (Concurrent Start) (G1 Evacuation Pause) 9651M->3319M(12288M) 41.376ms
[2024-05-30T15:12:00.016+0000][16659.435s][info][gc,cpu      ] GC(3420) User=0.24s Sys=0.00s Real=0.04s
[2024-05-30T15:12:00.016+0000][16659.435s][info][gc          ] GC(3421) Concurrent Mark Cycle
[2024-05-30T15:12:00.016+0000][16659.435s][info][gc,marking  ] GC(3421) Concurrent Clear Claimed Marks
[2024-05-30T15:12:00.016+0000][16659.435s][info][gc,marking  ] GC(3421) Concurrent Clear Claimed Marks 0.378ms
[2024-05-30T15:12:00.016+0000][16659.435s][info][gc,marking  ] GC(3421) Concurrent Scan Root Regions
[2024-05-30T15:12:00.043+0000][16659.462s][info][gc,marking  ] GC(3421) Concurrent Scan Root Regions 26.755ms
[2024-05-30T15:12:00.043+0000][16659.462s][info][gc,marking  ] GC(3421) Concurrent Mark
[2024-05-30T15:12:00.043+0000][16659.462s][info][gc,marking  ] GC(3421) Concurrent Mark From Roots
[2024-05-30T15:12:00.043+0000][16659.462s][info][gc,task     ] GC(3421) Using 2 workers of 2 for marking
[2024-05-30T15:12:02.164+0000][16661.583s][info][gc,marking  ] GC(3421) Concurrent Mark From Roots 2121.094ms
[2024-05-30T15:12:02.164+0000][16661.583s][info][gc,marking  ] GC(3421) Concurrent Preclean
[2024-05-30T15:12:02.166+0000][16661.585s][info][gc,marking  ] GC(3421) Concurrent Preclean 1.550ms
[2024-05-30T15:12:02.166+0000][16661.585s][info][gc,start    ] GC(3421) Pause Remark
[2024-05-30T15:12:02.191+0000][16661.610s][info][gc          ] GC(3421) Pause Remark 4331M->4331M(12288M) 25.081ms
[2024-05-30T15:12:02.191+0000][16661.610s][info][gc,cpu      ] GC(3421) User=0.11s Sys=0.00s Real=0.03s
[2024-05-30T15:12:02.191+0000][16661.610s][info][gc,marking  ] GC(3421) Concurrent Mark 2148.104ms
[2024-05-30T15:12:02.191+0000][16661.610s][info][gc,marking  ] GC(3421) Concurrent Rebuild Remembered Sets
[2024-05-30T15:12:03.390+0000][16662.809s][info][gc,marking  ] GC(3421) Concurrent Rebuild Remembered Sets 1199.160ms
[2024-05-30T15:12:03.390+0000][16662.810s][info][gc,start    ] GC(3421) Pause Cleanup
[2024-05-30T15:12:03.391+0000][16662.810s][info][gc          ] GC(3421) Pause Cleanup 4907M->4907M(12288M) 0.724ms
[2024-05-30T15:12:03.391+0000][16662.810s][info][gc,cpu      ] GC(3421) User=0.00s Sys=0.00s Real=0.00s
[2024-05-30T15:12:03.391+0000][16662.810s][info][gc,marking  ] GC(3421) Concurrent Cleanup for Next Mark
[2024-05-30T15:12:03.408+0000][16662.827s][info][gc,marking  ] GC(3421) Concurrent Cleanup for Next Mark 17.001ms
[2024-05-30T15:12:03.408+0000][16662.827s][info][gc          ] GC(3421) Concurrent Mark Cycle 3392.571ms
[2024-05-30T15:12:11.413+0000][16670.832s][info][gc,start    ] GC(3422) Pause Young (Prepare Mixed) (G1 Evacuation Pause)
[2024-05-30T15:12:11.413+0000][16670.832s][info][gc,task     ] GC(3422) Using 6 workers of 6 for evacuation
[2024-05-30T15:12:11.451+0000][16670.870s][info][gc,phases   ] GC(3422)   Pre Evacuate Collection Set: 0.2ms
[2024-05-30T15:12:11.451+0000][16670.870s][info][gc,phases   ] GC(3422)   Merge Heap Roots: 0.4ms
[2024-05-30T15:12:11.451+0000][16670.870s][info][gc,phases   ] GC(3422)   Evacuate Collection Set: 34.9ms
[2024-05-30T15:12:11.451+0000][16670.870s][info][gc,phases   ] GC(3422)   Post Evacuate Collection Set: 2.2ms
[2024-05-30T15:12:11.451+0000][16670.870s][info][gc,phases   ] GC(3422)   Other: 0.2ms
[2024-05-30T15:12:11.451+0000][16670.870s][info][gc,heap     ] GC(3422) Eden regions: 791->0(63)
[2024-05-30T15:12:11.451+0000][16670.870s][info][gc,heap     ] GC(3422) Survivor regions: 15->13(101)
[2024-05-30T15:12:11.451+0000][16670.870s][info][gc,heap     ] GC(3422) Old regions: 358->358
[2024-05-30T15:12:11.451+0000][16670.870s][info][gc,heap     ] GC(3422) Archive regions: 2->2
[2024-05-30T15:12:11.451+0000][16670.870s][info][gc,heap     ] GC(3422) Humongous regions: 42->42
[2024-05-30T15:12:11.451+0000][16670.870s][info][gc,metaspace] GC(3422) Metaspace: 435475K(441536K)->435475K(441536K) NonClass: 381362K(384704K)->381362K(384704K) Class: 54113K(56832K)->54113K(56832K)
[2024-05-30T15:12:11.451+0000][16670.870s][info][gc          ] GC(3422) Pause Young (Prepare Mixed) (G1 Evacuation Pause) 9647M->3305M(12288M) 37.940ms
[2024-05-30T15:12:11.451+0000][16670.870s][info][gc,cpu      ] GC(3422) User=0.22s Sys=0.01s Real=0.04s
[2024-05-30T15:12:12.503+0000][16671.922s][info][gc,start    ] GC(3423) Pause Young (Mixed) (G1 Evacuation Pause)
[2024-05-30T15:12:12.503+0000][16671.922s][info][gc,task     ] GC(3423) Using 6 workers of 6 for evacuation
[2024-05-30T15:12:12.571+0000][16671.990s][info][gc,phases   ] GC(3423)   Pre Evacuate Collection Set: 0.2ms
[2024-05-30T15:12:12.571+0000][16671.990s][info][gc,phases   ] GC(3423)   Merge Heap Roots: 0.4ms
[2024-05-30T15:12:12.571+0000][16671.990s][info][gc,phases   ] GC(3423)   Evacuate Collection Set: 66.2ms
[2024-05-30T15:12:12.571+0000][16671.990s][info][gc,phases   ] GC(3423)   Post Evacuate Collection Set: 1.5ms
[2024-05-30T15:12:12.571+0000][16671.990s][info][gc,phases   ] GC(3423)   Other: 0.2ms
[2024-05-30T15:12:12.571+0000][16671.990s][info][gc,heap     ] GC(3423) Eden regions: 63->0(808)
[2024-05-30T15:12:12.571+0000][16671.990s][info][gc,heap     ] GC(3423) Survivor regions: 13->5(10)
[2024-05-30T15:12:12.571+0000][16671.990s][info][gc,heap     ] GC(3423) Old regions: 358->353
[2024-05-30T15:12:12.571+0000][16671.990s][info][gc,heap     ] GC(3423) Archive regions: 2->2
[2024-05-30T15:12:12.571+0000][16671.990s][info][gc,heap     ] GC(3423) Humongous regions: 42->42
[2024-05-30T15:12:12.571+0000][16671.990s][info][gc,metaspace] GC(3423) Metaspace: 435475K(441536K)->435475K(441536K) NonClass: 381362K(384704K)->381362K(384704K) Class: 54113K(56832K)->54113K(56832K)
[2024-05-30T15:12:12.571+0000][16671.990s][info][gc          ] GC(3423) Pause Young (Mixed) (G1 Evacuation Pause) 3809M->3200M(12288M) 68.543ms
[2024-05-30T15:12:12.571+0000][16671.990s][info][gc,cpu      ] GC(3423) User=0.41s Sys=0.00s Real=0.07s
[2024-05-30T15:12:26.129+0000][16685.548s][info][gc,start    ] GC(3424) Pause Young (Normal) (G1 Evacuation Pause)
[2024-05-30T15:12:26.129+0000][16685.548s][info][gc,task     ] GC(3424) Using 6 workers of 6 for evacuation
[2024-05-30T15:12:26.154+0000][16685.574s][info][gc,phases   ] GC(3424)   Pre Evacuate Collection Set: 0.2ms
[2024-05-30T15:12:26.154+0000][16685.574s][info][gc,phases   ] GC(3424)   Merge Heap Roots: 0.3ms
[2024-05-30T15:12:26.154+0000][16685.574s][info][gc,phases   ] GC(3424)   Evacuate Collection Set: 22.6ms
[2024-05-30T15:12:26.154+0000][16685.574s][info][gc,phases   ] GC(3424)   Post Evacuate Collection Set: 2.4ms
[2024-05-30T15:12:26.154+0000][16685.574s][info][gc,phases   ] GC(3424)   Other: 0.2ms
[2024-05-30T15:12:26.154+0000][16685.574s][info][gc,heap     ] GC(3424) Eden regions: 808->0(804)
[2024-05-30T15:12:26.154+0000][16685.574s][info][gc,heap     ] GC(3424) Survivor regions: 5->9(102)
[2024-05-30T15:12:26.154+0000][16685.574s][info][gc,heap     ] GC(3424) Old regions: 353->353
[2024-05-30T15:12:26.154+0000][16685.574s][info][gc,heap     ] GC(3424) Archive regions: 2->2
[2024-05-30T15:12:26.154+0000][16685.574s][info][gc,heap     ] GC(3424) Humongous regions: 42->42
[2024-05-30T15:12:26.154+0000][16685.574s][info][gc,metaspace] GC(3424) Metaspace: 435475K(441536K)->435475K(441536K) NonClass: 381362K(384704K)->381362K(384704K) Class: 54113K(56832K)->54113K(56832K)
[2024-05-30T15:12:26.154+0000][16685.574s][info][gc          ] GC(3424) Pause Young (Normal) (G1 Evacuation Pause) 9664M->3232M(12288M) 25.729ms
[2024-05-30T15:12:26.154+0000][16685.574s][info][gc,cpu      ] GC(3424) User=0.15s Sys=0.00s Real=0.02s
[2024-05-30T15:12:39.653+0000][16699.072s][info][gc,start    ] GC(3425) Pause Young (Normal) (G1 Evacuation Pause)
[2024-05-30T15:12:39.653+0000][16699.073s][info][gc,task     ] GC(3425) Using 6 workers of 6 for evacuation
[2024-05-30T15:12:39.691+0000][16699.110s][info][gc,phases   ] GC(3425)   Pre Evacuate Collection Set: 0.2ms
[2024-05-30T15:12:39.691+0000][16699.110s][info][gc,phases   ] GC(3425)   Merge Heap Roots: 0.2ms
[2024-05-30T15:12:39.691+0000][16699.110s][info][gc,phases   ] GC(3425)   Evacuate Collection Set: 34.5ms
[2024-05-30T15:12:39.691+0000][16699.110s][info][gc,phases   ] GC(3425)   Post Evacuate Collection Set: 2.3ms
[2024-05-30T15:12:39.691+0000][16699.110s][info][gc,phases   ] GC(3425)   Other: 0.2ms
[2024-05-30T15:12:39.691+0000][16699.110s][info][gc,heap     ] GC(3425) Eden regions: 804->0(800)
[2024-05-30T15:12:39.691+0000][16699.110s][info][gc,heap     ] GC(3425) Survivor regions: 9->13(102)
[2024-05-30T15:12:39.691+0000][16699.110s][info][gc,heap     ] GC(3425) Old regions: 353->353
[2024-05-30T15:12:39.691+0000][16699.110s][info][gc,heap     ] GC(3425) Archive regions: 2->2
[2024-05-30T15:12:39.691+0000][16699.110s][info][gc,heap     ] GC(3425) Humongous regions: 42->42
[2024-05-30T15:12:39.691+0000][16699.110s][info][gc,metaspace] GC(3425) Metaspace: 435475K(441536K)->435475K(441536K) NonClass: 381362K(384704K)->381362K(384704K) Class: 54113K(56832K)->54113K(56832K)
[2024-05-30T15:12:39.691+0000][16699.110s][info][gc          ] GC(3425) Pause Young (Normal) (G1 Evacuation Pause) 9664M->3260M(12288M) 37.499ms
[2024-05-30T15:12:39.691+0000][16699.110s][info][gc,cpu      ] GC(3425) User=0.21s Sys=0.00s Real=0.04s
[2024-05-30T15:12:53.498+0000][16712.918s][info][gc,start    ] GC(3426) Pause Young (Concurrent Start) (G1 Evacuation Pause)
[2024-05-30T15:12:53.498+0000][16712.918s][info][gc,task     ] GC(3426) Using 6 workers of 6 for evacuation
[2024-05-30T15:12:53.545+0000][16712.964s][info][gc,phases   ] GC(3426)   Pre Evacuate Collection Set: 0.6ms
[2024-05-30T15:12:53.545+0000][16712.964s][info][gc,phases   ] GC(3426)   Merge Heap Roots: 0.2ms
[2024-05-30T15:12:53.545+0000][16712.964s][info][gc,phases   ] GC(3426)   Evacuate Collection Set: 43.2ms
[2024-05-30T15:12:53.545+0000][16712.964s][info][gc,phases   ] GC(3426)   Post Evacuate Collection Set: 2.6ms
[2024-05-30T15:12:53.545+0000][16712.965s][info][gc,phases   ] GC(3426)   Other: 0.3ms
[2024-05-30T15:12:53.545+0000][16712.965s][info][gc,heap     ] GC(3426) Eden regions: 800->0(795)
[2024-05-30T15:12:53.545+0000][16712.965s][info][gc,heap     ] GC(3426) Survivor regions: 13->17(102)
[2024-05-30T15:12:53.545+0000][16712.965s][info][gc,heap     ] GC(3426) Old regions: 353->353
[2024-05-30T15:12:53.545+0000][16712.965s][info][gc,heap     ] GC(3426) Archive regions: 2->2
[2024-05-30T15:12:53.545+0000][16712.965s][info][gc,heap     ] GC(3426) Humongous regions: 42->42
[2024-05-30T15:12:53.545+0000][16712.965s][info][gc,metaspace] GC(3426) Metaspace: 435475K(441536K)->435475K(441536K) NonClass: 381362K(384704K)->381362K(384704K) Class: 54113K(56832K)->54113K(56832K)
[2024-05-30T15:12:53.545+0000][16712.965s][info][gc          ] GC(3426) Pause Young (Concurrent Start) (G1 Evacuation Pause) 9660M->3293M(12288M) 46.969ms
[2024-05-30T15:12:53.545+0000][16712.965s][info][gc,cpu      ] GC(3426) User=0.28s Sys=0.00s Real=0.04s
[2024-05-30T15:12:53.545+0000][16712.965s][info][gc          ] GC(3427) Concurrent Mark Cycle
[2024-05-30T15:12:53.545+0000][16712.965s][info][gc,marking  ] GC(3427) Concurrent Clear Claimed Marks
[2024-05-30T15:12:53.546+0000][16712.965s][info][gc,marking  ] GC(3427) Concurrent Clear Claimed Marks 0.479ms
[2024-05-30T15:12:53.546+0000][16712.965s][info][gc,marking  ] GC(3427) Concurrent Scan Root Regions
[2024-05-30T15:12:53.576+0000][16712.995s][info][gc,marking  ] GC(3427) Concurrent Scan Root Regions 30.240ms
[2024-05-30T15:12:53.576+0000][16712.995s][info][gc,marking  ] GC(3427) Concurrent Mark
[2024-05-30T15:12:53.576+0000][16712.995s][info][gc,marking  ] GC(3427) Concurrent Mark From Roots
[2024-05-30T15:12:53.576+0000][16712.995s][info][gc,task     ] GC(3427) Using 2 workers of 2 for marking
[2024-05-30T15:12:55.707+0000][16715.126s][info][gc,marking  ] GC(3427) Concurrent Mark From Roots 2130.976ms
[2024-05-30T15:12:55.707+0000][16715.127s][info][gc,marking  ] GC(3427) Concurrent Preclean
[2024-05-30T15:12:55.709+0000][16715.128s][info][gc,marking  ] GC(3427) Concurrent Preclean 1.533ms
[2024-05-30T15:12:55.709+0000][16715.128s][info][gc,start    ] GC(3427) Pause Remark
[2024-05-30T15:12:55.738+0000][16715.157s][info][gc          ] GC(3427) Pause Remark 4301M->4301M(12288M) 28.942ms
[2024-05-30T15:12:55.738+0000][16715.157s][info][gc,cpu      ] GC(3427) User=0.11s Sys=0.00s Real=0.03s
[2024-05-30T15:12:55.738+0000][16715.157s][info][gc,marking  ] GC(3427) Concurrent Mark 2161.931ms
[2024-05-30T15:12:55.738+0000][16715.157s][info][gc,marking  ] GC(3427) Concurrent Rebuild Remembered Sets
[2024-05-30T15:12:56.877+0000][16716.296s][info][gc,marking  ] GC(3427) Concurrent Rebuild Remembered Sets 1138.947ms
[2024-05-30T15:12:56.877+0000][16716.297s][info][gc,start    ] GC(3427) Pause Cleanup
[2024-05-30T15:12:56.878+0000][16716.297s][info][gc          ] GC(3427) Pause Cleanup 4797M->4797M(12288M) 0.625ms
[2024-05-30T15:12:56.878+0000][16716.297s][info][gc,cpu      ] GC(3427) User=0.00s Sys=0.00s Real=0.00s
[2024-05-30T15:12:56.878+0000][16716.297s][info][gc,marking  ] GC(3427) Concurrent Cleanup for Next Mark
[2024-05-30T15:12:56.896+0000][16716.315s][info][gc,marking  ] GC(3427) Concurrent Cleanup for Next Mark 17.569ms
[2024-05-30T15:12:56.896+0000][16716.315s][info][gc          ] GC(3427) Concurrent Mark Cycle 3350.355ms
[2024-05-30T15:13:06.975+0000][16726.394s][info][gc,start    ] GC(3428) Pause Young (Prepare Mixed) (G1 Evacuation Pause)
[2024-05-30T15:13:06.975+0000][16726.394s][info][gc,task     ] GC(3428) Using 6 workers of 6 for evacuation
[2024-05-30T15:13:07.021+0000][16726.440s][info][gc,phases   ] GC(3428)   Pre Evacuate Collection Set: 0.2ms
[2024-05-30T15:13:07.021+0000][16726.440s][info][gc,phases   ] GC(3428)   Merge Heap Roots: 0.3ms
[2024-05-30T15:13:07.021+0000][16726.440s][info][gc,phases   ] GC(3428)   Evacuate Collection Set: 43.8ms
[2024-05-30T15:13:07.021+0000][16726.440s][info][gc,phases   ] GC(3428)   Post Evacuate Collection Set: 2.2ms
[2024-05-30T15:13:07.021+0000][16726.440s][info][gc,phases   ] GC(3428)   Other: 0.2ms
[2024-05-30T15:13:07.021+0000][16726.440s][info][gc,heap     ] GC(3428) Eden regions: 795->0(56)
[2024-05-30T15:13:07.021+0000][16726.440s][info][gc,heap     ] GC(3428) Survivor regions: 17->20(102)
[2024-05-30T15:13:07.021+0000][16726.440s][info][gc,heap     ] GC(3428) Old regions: 353->353
[2024-05-30T15:13:07.021+0000][16726.440s][info][gc,heap     ] GC(3428) Archive regions: 2->2
[2024-05-30T15:13:07.021+0000][16726.440s][info][gc,heap     ] GC(3428) Humongous regions: 42->42
[2024-05-30T15:13:07.021+0000][16726.440s][info][gc,metaspace] GC(3428) Metaspace: 435475K(441536K)->435475K(441536K) NonClass: 381362K(384704K)->381362K(384704K) Class: 54113K(56832K)->54113K(56832K)
[2024-05-30T15:13:07.021+0000][16726.441s][info][gc          ] GC(3428) Pause Young (Prepare Mixed) (G1 Evacuation Pause) 9653M->3316M(12288M) 46.730ms
[2024-05-30T15:13:07.021+0000][16726.441s][info][gc,cpu      ] GC(3428) User=0.28s Sys=0.00s Real=0.05s
[2024-05-30T15:13:07.889+0000][16727.308s][info][gc,start    ] GC(3429) Pause Young (Mixed) (G1 Evacuation Pause)
[2024-05-30T15:13:07.889+0000][16727.308s][info][gc,task     ] GC(3429) Using 6 workers of 6 for evacuation
[2024-05-30T15:13:07.981+0000][16727.400s][info][gc,phases   ] GC(3429)   Pre Evacuate Collection Set: 0.2ms
[2024-05-30T15:13:07.981+0000][16727.400s][info][gc,phases   ] GC(3429)   Merge Heap Roots: 0.5ms
[2024-05-30T15:13:07.981+0000][16727.400s][info][gc,phases   ] GC(3429)   Evacuate Collection Set: 90.1ms
[2024-05-30T15:13:07.981+0000][16727.400s][info][gc,phases   ] GC(3429)   Post Evacuate Collection Set: 1.6ms
[2024-05-30T15:13:07.981+0000][16727.400s][info][gc,phases   ] GC(3429)   Other: 0.2ms
[2024-05-30T15:13:07.981+0000][16727.400s][info][gc,heap     ] GC(3429) Eden regions: 56->0(805)
[2024-05-30T15:13:07.981+0000][16727.400s][info][gc,heap     ] GC(3429) Survivor regions: 20->3(10)
[2024-05-30T15:13:07.981+0000][16727.400s][info][gc,heap     ] GC(3429) Old regions: 353->357
[2024-05-30T15:13:07.981+0000][16727.400s][info][gc,heap     ] GC(3429) Archive regions: 2->2
[2024-05-30T15:13:07.981+0000][16727.400s][info][gc,heap     ] GC(3429) Humongous regions: 42->42
[2024-05-30T15:13:07.981+0000][16727.400s][info][gc,metaspace] GC(3429) Metaspace: 435475K(441536K)->435475K(441536K) NonClass: 381362K(384704K)->381362K(384704K) Class: 54113K(56832K)->54113K(56832K)
[2024-05-30T15:13:07.981+0000][16727.400s][info][gc          ] GC(3429) Pause Young (Mixed) (G1 Evacuation Pause) 3764M->3217M(12288M) 92.488ms
[2024-05-30T15:13:07.981+0000][16727.401s][info][gc,cpu      ] GC(3429) User=0.55s Sys=0.00s Real=0.09s
[2024-05-30T15:13:21.267+0000][16740.686s][info][gc,start    ] GC(3430) Pause Young (Normal) (G1 Evacuation Pause)
[2024-05-30T15:13:21.267+0000][16740.686s][info][gc,task     ] GC(3430) Using 6 workers of 6 for evacuation
[2024-05-30T15:13:21.286+0000][16740.705s][info][gc,phases   ] GC(3430)   Pre Evacuate Collection Set: 0.2ms
[2024-05-30T15:13:21.286+0000][16740.705s][info][gc,phases   ] GC(3430)   Merge Heap Roots: 0.3ms
[2024-05-30T15:13:21.286+0000][16740.705s][info][gc,phases   ] GC(3430)   Evacuate Collection Set: 16.4ms
[2024-05-30T15:13:21.286+0000][16740.705s][info][gc,phases   ] GC(3430)   Post Evacuate Collection Set: 2.2ms
[2024-05-30T15:13:21.286+0000][16740.705s][info][gc,phases   ] GC(3430)   Other: 0.2ms
[2024-05-30T15:13:21.286+0000][16740.705s][info][gc,heap     ] GC(3430) Eden regions: 805->0(802)
[2024-05-30T15:13:21.286+0000][16740.705s][info][gc,heap     ] GC(3430) Survivor regions: 3->6(101)
[2024-05-30T15:13:21.286+0000][16740.705s][info][gc,heap     ] GC(3430) Old regions: 357->357
[2024-05-30T15:13:21.286+0000][16740.705s][info][gc,heap     ] GC(3430) Archive regions: 2->2
[2024-05-30T15:13:21.286+0000][16740.705s][info][gc,heap     ] GC(3430) Humongous regions: 42->42
[2024-05-30T15:13:21.286+0000][16740.705s][info][gc,metaspace] GC(3430) Metaspace: 435475K(441536K)->435475K(441536K) NonClass: 381362K(384704K)->381362K(384704K) Class: 54113K(56832K)->54113K(56832K)
[2024-05-30T15:13:21.286+0000][16740.705s][info][gc          ] GC(3430) Pause Young (Normal) (G1 Evacuation Pause) 9657M->3239M(12288M) 19.317ms
[2024-05-30T15:13:21.286+0000][16740.705s][info][gc,cpu      ] GC(3430) User=0.11s Sys=0.00s Real=0.02s
[2024-05-30T15:13:35.608+0000][16755.027s][info][gc,start    ] GC(3431) Pause Young (Normal) (G1 Evacuation Pause)
[2024-05-30T15:13:35.608+0000][16755.027s][info][gc,task     ] GC(3431) Using 6 workers of 6 for evacuation
[2024-05-30T15:13:35.635+0000][16755.054s][info][gc,phases   ] GC(3431)   Pre Evacuate Collection Set: 0.2ms
[2024-05-30T15:13:35.635+0000][16755.054s][info][gc,phases   ] GC(3431)   Merge Heap Roots: 0.2ms
[2024-05-30T15:13:35.635+0000][16755.054s][info][gc,phases   ] GC(3431)   Evacuate Collection Set: 24.0ms
[2024-05-30T15:13:35.635+0000][16755.054s][info][gc,phases   ] GC(3431)   Post Evacuate Collection Set: 2.3ms
[2024-05-30T15:13:35.635+0000][16755.054s][info][gc,phases   ] GC(3431)   Other: 0.2ms
[2024-05-30T15:13:35.635+0000][16755.054s][info][gc,heap     ] GC(3431) Eden regions: 802->0(799)
[2024-05-30T15:13:35.635+0000][16755.054s][info][gc,heap     ] GC(3431) Survivor regions: 6->10(101)
[2024-05-30T15:13:35.635+0000][16755.054s][info][gc,heap     ] GC(3431) Old regions: 357->357
[2024-05-30T15:13:35.635+0000][16755.054s][info][gc,heap     ] GC(3431) Archive regions: 2->2
[2024-05-30T15:13:35.635+0000][16755.054s][info][gc,heap     ] GC(3431) Humongous regions: 42->42
[2024-05-30T15:13:35.635+0000][16755.054s][info][gc,metaspace] GC(3431) Metaspace: 435507K(441536K)->435507K(441536K) NonClass: 381394K(384704K)->381394K(384704K) Class: 54113K(56832K)->54113K(56832K)
[2024-05-30T15:13:35.635+0000][16755.054s][info][gc          ] GC(3431) Pause Young (Normal) (G1 Evacuation Pause) 9655M->3273M(12288M) 27.001ms
[2024-05-30T15:13:35.635+0000][16755.054s][info][gc,cpu      ] GC(3431) User=0.16s Sys=0.00s Real=0.03s
[2024-05-30T15:13:49.329+0000][16768.748s][info][gc,start    ] GC(3432) Pause Young (Concurrent Start) (G1 Evacuation Pause)
[2024-05-30T15:13:49.329+0000][16768.748s][info][gc,task     ] GC(3432) Using 6 workers of 6 for evacuation
[2024-05-30T15:13:49.368+0000][16768.787s][info][gc,phases   ] GC(3432)   Pre Evacuate Collection Set: 0.6ms
[2024-05-30T15:13:49.368+0000][16768.787s][info][gc,phases   ] GC(3432)   Merge Heap Roots: 0.2ms
[2024-05-30T15:13:49.368+0000][16768.787s][info][gc,phases   ] GC(3432)   Evacuate Collection Set: 35.9ms
[2024-05-30T15:13:49.368+0000][16768.787s][info][gc,phases   ] GC(3432)   Post Evacuate Collection Set: 2.4ms
[2024-05-30T15:13:49.368+0000][16768.787s][info][gc,phases   ] GC(3432)   Other: 0.3ms
[2024-05-30T15:13:49.368+0000][16768.787s][info][gc,heap     ] GC(3432) Eden regions: 799->0(795)
[2024-05-30T15:13:49.368+0000][16768.787s][info][gc,heap     ] GC(3432) Survivor regions: 10->14(102)
[2024-05-30T15:13:49.368+0000][16768.787s][info][gc,heap     ] GC(3432) Old regions: 357->357
[2024-05-30T15:13:49.368+0000][16768.787s][info][gc,heap     ] GC(3432) Archive regions: 2->2
[2024-05-30T15:13:49.368+0000][16768.787s][info][gc,heap     ] GC(3432) Humongous regions: 42->42
[2024-05-30T15:13:49.368+0000][16768.787s][info][gc,metaspace] GC(3432) Metaspace: 435510K(441536K)->435510K(441536K) NonClass: 381397K(384704K)->381397K(384704K) Class: 54113K(56832K)->54113K(56832K)
[2024-05-30T15:13:49.368+0000][16768.787s][info][gc          ] GC(3432) Pause Young (Concurrent Start) (G1 Evacuation Pause) 9665M->3304M(12288M) 39.424ms
[2024-05-30T15:13:49.368+0000][16768.787s][info][gc,cpu      ] GC(3432) User=0.23s Sys=0.00s Real=0.03s
[2024-05-30T15:13:49.368+0000][16768.788s][info][gc          ] GC(3433) Concurrent Mark Cycle
[2024-05-30T15:13:49.368+0000][16768.788s][info][gc,marking  ] GC(3433) Concurrent Clear Claimed Marks
[2024-05-30T15:13:49.369+0000][16768.788s][info][gc,marking  ] GC(3433) Concurrent Clear Claimed Marks 0.461ms
[2024-05-30T15:13:49.369+0000][16768.788s][info][gc,marking  ] GC(3433) Concurrent Scan Root Regions
[2024-05-30T15:13:49.396+0000][16768.815s][info][gc,marking  ] GC(3433) Concurrent Scan Root Regions 27.313ms
[2024-05-30T15:13:49.396+0000][16768.815s][info][gc,marking  ] GC(3433) Concurrent Mark
[2024-05-30T15:13:49.396+0000][16768.815s][info][gc,marking  ] GC(3433) Concurrent Mark From Roots
[2024-05-30T15:13:49.396+0000][16768.815s][info][gc,task     ] GC(3433) Using 2 workers of 2 for marking
[2024-05-30T15:13:51.540+0000][16770.959s][info][gc,marking  ] GC(3433) Concurrent Mark From Roots 2143.392ms
[2024-05-30T15:13:51.540+0000][16770.959s][info][gc,marking  ] GC(3433) Concurrent Preclean
[2024-05-30T15:13:51.541+0000][16770.961s][info][gc,marking  ] GC(3433) Concurrent Preclean 1.728ms
[2024-05-30T15:13:51.541+0000][16770.961s][info][gc,start    ] GC(3433) Pause Remark
[2024-05-30T15:13:51.566+0000][16770.985s][info][gc          ] GC(3433) Pause Remark 4336M->4336M(12288M) 24.546ms
[2024-05-30T15:13:51.566+0000][16770.985s][info][gc,cpu      ] GC(3433) User=0.11s Sys=0.00s Real=0.02s
[2024-05-30T15:13:51.566+0000][16770.985s][info][gc,marking  ] GC(3433) Concurrent Mark 2170.074ms
[2024-05-30T15:13:51.566+0000][16770.985s][info][gc,marking  ] GC(3433) Concurrent Rebuild Remembered Sets
[2024-05-30T15:13:52.777+0000][16772.196s][info][gc,marking  ] GC(3433) Concurrent Rebuild Remembered Sets 1210.952ms
[2024-05-30T15:13:52.777+0000][16772.197s][info][gc,start    ] GC(3433) Pause Cleanup
[2024-05-30T15:13:52.778+0000][16772.197s][info][gc          ] GC(3433) Pause Cleanup 4896M->4896M(12288M) 0.570ms
[2024-05-30T15:13:52.778+0000][16772.197s][info][gc,cpu      ] GC(3433) User=0.00s Sys=0.00s Real=0.00s
[2024-05-30T15:13:52.778+0000][16772.197s][info][gc,marking  ] GC(3433) Concurrent Cleanup for Next Mark
[2024-05-30T15:13:52.804+0000][16772.223s][info][gc,marking  ] GC(3433) Concurrent Cleanup for Next Mark 26.053ms
[2024-05-30T15:13:52.804+0000][16772.223s][info][gc          ] GC(3433) Concurrent Mark Cycle 3435.828ms
[2024-05-30T15:14:03.011+0000][16782.431s][info][gc,start    ] GC(3434) Pause Young (Prepare Mixed) (G1 Evacuation Pause)
[2024-05-30T15:14:03.011+0000][16782.431s][info][gc,task     ] GC(3434) Using 6 workers of 6 for evacuation
[2024-05-30T15:14:03.058+0000][16782.477s][info][gc,phases   ] GC(3434)   Pre Evacuate Collection Set: 0.2ms
[2024-05-30T15:14:03.058+0000][16782.477s][info][gc,phases   ] GC(3434)   Merge Heap Roots: 0.3ms
[2024-05-30T15:14:03.058+0000][16782.477s][info][gc,phases   ] GC(3434)   Evacuate Collection Set: 43.6ms
[2024-05-30T15:14:03.058+0000][16782.477s][info][gc,phases   ] GC(3434)   Post Evacuate Collection Set: 2.3ms
[2024-05-30T15:14:03.058+0000][16782.477s][info][gc,phases   ] GC(3434)   Other: 0.2ms
[2024-05-30T15:14:03.058+0000][16782.477s][info][gc,heap     ] GC(3434) Eden regions: 795->0(59)
[2024-05-30T15:14:03.058+0000][16782.477s][info][gc,heap     ] GC(3434) Survivor regions: 14->17(102)
[2024-05-30T15:14:03.058+0000][16782.477s][info][gc,heap     ] GC(3434) Old regions: 357->357
[2024-05-30T15:14:03.058+0000][16782.477s][info][gc,heap     ] GC(3434) Archive regions: 2->2
[2024-05-30T15:14:03.058+0000][16782.477s][info][gc,heap     ] GC(3434) Humongous regions: 42->42
[2024-05-30T15:14:03.058+0000][16782.477s][info][gc,metaspace] GC(3434) Metaspace: 435545K(441600K)->435545K(441600K) NonClass: 381432K(384768K)->381432K(384768K) Class: 54113K(56832K)->54113K(56832K)
[2024-05-30T15:14:03.058+0000][16782.477s][info][gc          ] GC(3434) Pause Young (Prepare Mixed) (G1 Evacuation Pause) 9664M->3329M(12288M) 46.657ms
[2024-05-30T15:14:03.058+0000][16782.477s][info][gc,cpu      ] GC(3434) User=0.27s Sys=0.00s Real=0.05s
[2024-05-30T15:14:04.492+0000][16783.911s][info][gc,start    ] GC(3435) Pause Young (Mixed) (G1 Evacuation Pause)
[2024-05-30T15:14:04.492+0000][16783.911s][info][gc,task     ] GC(3435) Using 6 workers of 6 for evacuation
[2024-05-30T15:14:04.569+0000][16783.989s][info][gc,phases   ] GC(3435)   Pre Evacuate Collection Set: 0.2ms
[2024-05-30T15:14:04.569+0000][16783.989s][info][gc,phases   ] GC(3435)   Merge Heap Roots: 0.4ms
[2024-05-30T15:14:04.569+0000][16783.989s][info][gc,phases   ] GC(3435)   Evacuate Collection Set: 74.8ms
[2024-05-30T15:14:04.569+0000][16783.989s][info][gc,phases   ] GC(3435)   Post Evacuate Collection Set: 1.6ms
[2024-05-30T15:14:04.569+0000][16783.989s][info][gc,phases   ] GC(3435)   Other: 0.2ms
[2024-05-30T15:14:04.569+0000][16783.989s][info][gc,heap     ] GC(3435) Eden regions: 59->0(800)
[2024-05-30T15:14:04.569+0000][16783.989s][info][gc,heap     ] GC(3435) Survivor regions: 17->4(10)
[2024-05-30T15:14:04.569+0000][16783.989s][info][gc,heap     ] GC(3435) Old regions: 357->361
[2024-05-30T15:14:04.569+0000][16783.989s][info][gc,heap     ] GC(3435) Archive regions: 2->2
[2024-05-30T15:14:04.569+0000][16783.989s][info][gc,heap     ] GC(3435) Humongous regions: 42->42
[2024-05-30T15:14:04.569+0000][16783.989s][info][gc,metaspace] GC(3435) Metaspace: 435545K(441600K)->435545K(441600K) NonClass: 381432K(384768K)->381432K(384768K) Class: 54113K(56832K)->54113K(56832K)
[2024-05-30T15:14:04.569+0000][16783.989s][info][gc          ] GC(3435) Pause Young (Mixed) (G1 Evacuation Pause) 3801M->3250M(12288M) 77.228ms
[2024-05-30T15:14:04.569+0000][16783.989s][info][gc,cpu      ] GC(3435) User=0.45s Sys=0.00s Real=0.08s
[2024-05-30T15:14:18.734+0000][16798.154s][info][gc,start    ] GC(3436) Pause Young (Normal) (G1 Evacuation Pause)
[2024-05-30T15:14:18.734+0000][16798.154s][info][gc,task     ] GC(3436) Using 6 workers of 6 for evacuation
[2024-05-30T15:14:18.751+0000][16798.170s][info][gc,phases   ] GC(3436)   Pre Evacuate Collection Set: 0.2ms
[2024-05-30T15:14:18.751+0000][16798.170s][info][gc,phases   ] GC(3436)   Merge Heap Roots: 0.2ms
[2024-05-30T15:14:18.751+0000][16798.170s][info][gc,phases   ] GC(3436)   Evacuate Collection Set: 13.5ms
[2024-05-30T15:14:18.751+0000][16798.170s][info][gc,phases   ] GC(3436)   Post Evacuate Collection Set: 2.1ms
[2024-05-30T15:14:18.751+0000][16798.170s][info][gc,phases   ] GC(3436)   Other: 0.2ms
[2024-05-30T15:14:18.751+0000][16798.170s][info][gc,heap     ] GC(3436) Eden regions: 800->0(799)
[2024-05-30T15:14:18.751+0000][16798.170s][info][gc,heap     ] GC(3436) Survivor regions: 4->6(101)
[2024-05-30T15:14:18.751+0000][16798.170s][info][gc,heap     ] GC(3436) Old regions: 361->361
[2024-05-30T15:14:18.751+0000][16798.170s][info][gc,heap     ] GC(3436) Archive regions: 2->2
[2024-05-30T15:14:18.751+0000][16798.170s][info][gc,heap     ] GC(3436) Humongous regions: 42->42
[2024-05-30T15:14:18.751+0000][16798.170s][info][gc,metaspace] GC(3436) Metaspace: 435545K(441600K)->435545K(441600K) NonClass: 381432K(384768K)->381432K(384768K) Class: 54113K(56832K)->54113K(56832K)
[2024-05-30T15:14:18.751+0000][16798.170s][info][gc          ] GC(3436) Pause Young (Normal) (G1 Evacuation Pause) 9650M->3262M(12288M) 16.258ms
[2024-05-30T15:14:18.751+0000][16798.170s][info][gc,cpu      ] GC(3436) User=0.10s Sys=0.00s Real=0.02s
[2024-05-30T15:14:28.484+0000][16807.904s][info][gc,start    ] GC(3437) Pause Young (Normal) (G1 Evacuation Pause)
[2024-05-30T15:14:28.485+0000][16807.904s][info][gc,task     ] GC(3437) Using 6 workers of 6 for evacuation
[2024-05-30T15:14:28.529+0000][16807.949s][info][gc,phases   ] GC(3437)   Pre Evacuate Collection Set: 0.2ms
[2024-05-30T15:14:28.529+0000][16807.949s][info][gc,phases   ] GC(3437)   Merge Heap Roots: 0.3ms
[2024-05-30T15:14:28.529+0000][16807.949s][info][gc,phases   ] GC(3437)   Evacuate Collection Set: 37.3ms
[2024-05-30T15:14:28.529+0000][16807.949s][info][gc,phases   ] GC(3437)   Post Evacuate Collection Set: 7.0ms
[2024-05-30T15:14:28.529+0000][16807.949s][info][gc,phases   ] GC(3437)   Other: 0.2ms
[2024-05-30T15:14:28.529+0000][16807.949s][info][gc,heap     ] GC(3437) Eden regions: 799->0(793)
[2024-05-30T15:14:28.529+0000][16807.949s][info][gc,heap     ] GC(3437) Survivor regions: 6->10(101)
[2024-05-30T15:14:28.529+0000][16807.949s][info][gc,heap     ] GC(3437) Old regions: 361->361
[2024-05-30T15:14:28.529+0000][16807.949s][info][gc,heap     ] GC(3437) Archive regions: 2->2
[2024-05-30T15:14:28.529+0000][16807.949s][info][gc,heap     ] GC(3437) Humongous regions: 42->42
[2024-05-30T15:14:28.529+0000][16807.949s][info][gc,metaspace] GC(3437) Metaspace: 435545K(441600K)->435545K(441600K) NonClass: 381432K(384768K)->381432K(384768K) Class: 54113K(56832K)->54113K(56832K)
[2024-05-30T15:14:28.529+0000][16807.949s][info][gc          ] GC(3437) Pause Young (Normal) (G1 Evacuation Pause) 9654M->3301M(12288M) 44.995ms
[2024-05-30T15:14:28.530+0000][16807.949s][info][gc,cpu      ] GC(3437) User=0.27s Sys=0.00s Real=0.05s
[2024-05-30T15:14:30.993+0000][16810.412s][info][gc,start    ] GC(3438) Pause Young (Concurrent Start) (G1 Evacuation Pause)
[2024-05-30T15:14:30.993+0000][16810.412s][info][gc,task     ] GC(3438) Using 6 workers of 6 for evacuation
[2024-05-30T15:14:31.097+0000][16810.516s][info][gc,phases   ] GC(3438)   Pre Evacuate Collection Set: 0.5ms
[2024-05-30T15:14:31.097+0000][16810.516s][info][gc,phases   ] GC(3438)   Merge Heap Roots: 0.3ms
[2024-05-30T15:14:31.097+0000][16810.516s][info][gc,phases   ] GC(3438)   Evacuate Collection Set: 81.1ms
[2024-05-30T15:14:31.097+0000][16810.516s][info][gc,phases   ] GC(3438)   Post Evacuate Collection Set: 22.0ms
[2024-05-30T15:14:31.097+0000][16810.516s][info][gc,phases   ] GC(3438)   Other: 0.3ms
[2024-05-30T15:14:31.097+0000][16810.516s][info][gc,heap     ] GC(3438) Eden regions: 793->0(788)
[2024-05-30T15:14:31.097+0000][16810.516s][info][gc,heap     ] GC(3438) Survivor regions: 10->15(101)
[2024-05-30T15:14:31.097+0000][16810.516s][info][gc,heap     ] GC(3438) Old regions: 361->361
[2024-05-30T15:14:31.097+0000][16810.516s][info][gc,heap     ] GC(3438) Archive regions: 2->2
[2024-05-30T15:14:31.097+0000][16810.516s][info][gc,heap     ] GC(3438) Humongous regions: 42->42
[2024-05-30T15:14:31.097+0000][16810.516s][info][gc,metaspace] GC(3438) Metaspace: 435545K(441600K)->435545K(441600K) NonClass: 381432K(384768K)->381432K(384768K) Class: 54113K(56832K)->54113K(56832K)
[2024-05-30T15:14:31.097+0000][16810.516s][info][gc          ] GC(3438) Pause Young (Concurrent Start) (G1 Evacuation Pause) 9645M->3342M(12288M) 104.289ms
[2024-05-30T15:14:31.097+0000][16810.516s][info][gc,cpu      ] GC(3438) User=0.61s Sys=0.00s Real=0.11s
[2024-05-30T15:14:31.097+0000][16810.516s][info][gc          ] GC(3439) Concurrent Mark Cycle
[2024-05-30T15:14:31.097+0000][16810.516s][info][gc,marking  ] GC(3439) Concurrent Clear Claimed Marks
[2024-05-30T15:14:31.097+0000][16810.517s][info][gc,marking  ] GC(3439) Concurrent Clear Claimed Marks 0.427ms
[2024-05-30T15:14:31.097+0000][16810.517s][info][gc,marking  ] GC(3439) Concurrent Scan Root Regions
[2024-05-30T15:14:31.162+0000][16810.582s][info][gc,marking  ] GC(3439) Concurrent Scan Root Regions 65.009ms
[2024-05-30T15:14:31.163+0000][16810.582s][info][gc,marking  ] GC(3439) Concurrent Mark
[2024-05-30T15:14:31.163+0000][16810.582s][info][gc,marking  ] GC(3439) Concurrent Mark From Roots
[2024-05-30T15:14:31.163+0000][16810.582s][info][gc,task     ] GC(3439) Using 2 workers of 2 for marking
[2024-05-30T15:14:33.155+0000][16812.575s][info][gc,marking  ] GC(3439) Concurrent Mark From Roots 1992.889ms
[2024-05-30T15:14:33.155+0000][16812.575s][info][gc,marking  ] GC(3439) Concurrent Preclean
[2024-05-30T15:14:33.157+0000][16812.576s][info][gc,marking  ] GC(3439) Concurrent Preclean 1.705ms
[2024-05-30T15:14:33.157+0000][16812.577s][info][gc,start    ] GC(3439) Pause Remark
[2024-05-30T15:14:33.182+0000][16812.601s][info][gc          ] GC(3439) Pause Remark 8082M->8082M(12288M) 24.671ms
[2024-05-30T15:14:33.182+0000][16812.601s][info][gc,cpu      ] GC(3439) User=0.11s Sys=0.00s Real=0.02s
[2024-05-30T15:14:33.182+0000][16812.601s][info][gc,marking  ] GC(3439) Concurrent Mark 2019.675ms
[2024-05-30T15:14:33.182+0000][16812.601s][info][gc,marking  ] GC(3439) Concurrent Rebuild Remembered Sets
[2024-05-30T15:14:33.813+0000][16813.232s][info][gc,start    ] GC(3440) Pause Young (Normal) (G1 Evacuation Pause)
[2024-05-30T15:14:33.813+0000][16813.232s][info][gc,task     ] GC(3440) Using 6 workers of 6 for evacuation
[2024-05-30T15:14:33.927+0000][16813.346s][info][gc,phases   ] GC(3440)   Pre Evacuate Collection Set: 0.2ms
[2024-05-30T15:14:33.927+0000][16813.346s][info][gc,phases   ] GC(3440)   Merge Heap Roots: 0.8ms
[2024-05-30T15:14:33.927+0000][16813.346s][info][gc,phases   ] GC(3440)   Evacuate Collection Set: 91.5ms
[2024-05-30T15:14:33.927+0000][16813.346s][info][gc,phases   ] GC(3440)   Post Evacuate Collection Set: 21.1ms
[2024-05-30T15:14:33.927+0000][16813.346s][info][gc,phases   ] GC(3440)   Other: 0.2ms
[2024-05-30T15:14:33.927+0000][16813.346s][info][gc,heap     ] GC(3440) Eden regions: 788->0(785)
[2024-05-30T15:14:33.927+0000][16813.346s][info][gc,heap     ] GC(3440) Survivor regions: 15->19(101)
[2024-05-30T15:14:33.927+0000][16813.346s][info][gc,heap     ] GC(3440) Old regions: 361->361
[2024-05-30T15:14:33.927+0000][16813.346s][info][gc,heap     ] GC(3440) Archive regions: 2->2
[2024-05-30T15:14:33.927+0000][16813.346s][info][gc,heap     ] GC(3440) Humongous regions: 42->42
[2024-05-30T15:14:33.927+0000][16813.346s][info][gc,metaspace] GC(3440) Metaspace: 435545K(441600K)->435545K(441600K) NonClass: 381432K(384768K)->381432K(384768K) Class: 54113K(56832K)->54113K(56832K)
[2024-05-30T15:14:33.927+0000][16813.346s][info][gc          ] GC(3440) Pause Young (Normal) (G1 Evacuation Pause) 9646M->3374M(12288M) 113.888ms
[2024-05-30T15:14:33.927+0000][16813.346s][info][gc,cpu      ] GC(3440) User=0.66s Sys=0.00s Real=0.11s
[2024-05-30T15:14:34.399+0000][16813.818s][info][gc,marking  ] GC(3439) Concurrent Rebuild Remembered Sets 1216.816ms
[2024-05-30T15:14:34.399+0000][16813.818s][info][gc,start    ] GC(3439) Pause Cleanup
[2024-05-30T15:14:34.400+0000][16813.819s][info][gc          ] GC(3439) Pause Cleanup 4530M->4530M(12288M) 0.618ms
[2024-05-30T15:14:34.400+0000][16813.819s][info][gc,cpu      ] GC(3439) User=0.00s Sys=0.00s Real=0.00s
[2024-05-30T15:14:34.400+0000][16813.819s][info][gc,marking  ] GC(3439) Concurrent Cleanup for Next Mark
[2024-05-30T15:14:34.428+0000][16813.847s][info][gc,marking  ] GC(3439) Concurrent Cleanup for Next Mark 28.128ms
[2024-05-30T15:14:34.428+0000][16813.847s][info][gc          ] GC(3439) Concurrent Mark Cycle 3331.114ms
[2024-05-30T15:14:36.319+0000][16815.738s][info][gc,start    ] GC(3441) Pause Young (Prepare Mixed) (G1 Evacuation Pause)
[2024-05-30T15:14:36.319+0000][16815.738s][info][gc,task     ] GC(3441) Using 6 workers of 6 for evacuation
[2024-05-30T15:14:36.443+0000][16815.862s][info][gc,phases   ] GC(3441)   Pre Evacuate Collection Set: 0.2ms
[2024-05-30T15:14:36.443+0000][16815.862s][info][gc,phases   ] GC(3441)   Merge Heap Roots: 0.4ms
[2024-05-30T15:14:36.443+0000][16815.862s][info][gc,phases   ] GC(3441)   Evacuate Collection Set: 103.1ms
[2024-05-30T15:14:36.443+0000][16815.862s][info][gc,phases   ] GC(3441)   Post Evacuate Collection Set: 20.1ms
[2024-05-30T15:14:36.443+0000][16815.862s][info][gc,phases   ] GC(3441)   Other: 0.2ms
[2024-05-30T15:14:36.443+0000][16815.862s][info][gc,heap     ] GC(3441) Eden regions: 785->0(51)
[2024-05-30T15:14:36.443+0000][16815.862s][info][gc,heap     ] GC(3441) Survivor regions: 19->25(101)
[2024-05-30T15:14:36.443+0000][16815.862s][info][gc,heap     ] GC(3441) Old regions: 361->361
[2024-05-30T15:14:36.443+0000][16815.862s][info][gc,heap     ] GC(3441) Archive regions: 2->2
[2024-05-30T15:14:36.443+0000][16815.862s][info][gc,heap     ] GC(3441) Humongous regions: 42->42
[2024-05-30T15:14:36.443+0000][16815.862s][info][gc,metaspace] GC(3441) Metaspace: 435545K(441600K)->435545K(441600K) NonClass: 381432K(384768K)->381432K(384768K) Class: 54113K(56832K)->54113K(56832K)
[2024-05-30T15:14:36.443+0000][16815.862s][info][gc          ] GC(3441) Pause Young (Prepare Mixed) (G1 Evacuation Pause) 9654M->3418M(12288M) 124.140ms
[2024-05-30T15:14:36.443+0000][16815.862s][info][gc,cpu      ] GC(3441) User=0.72s Sys=0.00s Real=0.12s
[2024-05-30T15:14:36.628+0000][16816.048s][info][gc,start    ] GC(3442) Pause Young (Mixed) (G1 Evacuation Pause)
[2024-05-30T15:14:36.628+0000][16816.048s][info][gc,task     ] GC(3442) Using 6 workers of 6 for evacuation
[2024-05-30T15:14:36.745+0000][16816.164s][info][gc,phases   ] GC(3442)   Pre Evacuate Collection Set: 0.2ms
[2024-05-30T15:14:36.745+0000][16816.164s][info][gc,phases   ] GC(3442)   Merge Heap Roots: 0.4ms
[2024-05-30T15:14:36.745+0000][16816.164s][info][gc,phases   ] GC(3442)   Evacuate Collection Set: 113.4ms
[2024-05-30T15:14:36.745+0000][16816.164s][info][gc,phases   ] GC(3442)   Post Evacuate Collection Set: 2.7ms
[2024-05-30T15:14:36.745+0000][16816.164s][info][gc,phases   ] GC(3442)   Other: 0.2ms
[2024-05-30T15:14:36.745+0000][16816.164s][info][gc,heap     ] GC(3442) Eden regions: 51->0(794)
[2024-05-30T15:14:36.745+0000][16816.164s][info][gc,heap     ] GC(3442) Survivor regions: 25->3(10)
[2024-05-30T15:14:36.745+0000][16816.164s][info][gc,heap     ] GC(3442) Old regions: 361->368
[2024-05-30T15:14:36.745+0000][16816.164s][info][gc,heap     ] GC(3442) Archive regions: 2->2
[2024-05-30T15:14:36.745+0000][16816.164s][info][gc,heap     ] GC(3442) Humongous regions: 42->42
[2024-05-30T15:14:36.745+0000][16816.164s][info][gc,metaspace] GC(3442) Metaspace: 435545K(441600K)->435545K(441600K) NonClass: 381432K(384768K)->381432K(384768K) Class: 54113K(56832K)->54113K(56832K)
[2024-05-30T15:14:36.745+0000][16816.164s][info][gc          ] GC(3442) Pause Young (Mixed) (G1 Evacuation Pause) 3826M->3304M(12288M) 116.883ms
[2024-05-30T15:14:36.745+0000][16816.165s][info][gc,cpu      ] GC(3442) User=0.69s Sys=0.00s Real=0.11s
[2024-05-30T15:14:41.017+0000][16820.436s][info][gc,start    ] GC(3443) Pause Young (Normal) (G1 Evacuation Pause)
[2024-05-30T15:14:41.017+0000][16820.436s][info][gc,task     ] GC(3443) Using 6 workers of 6 for evacuation
[2024-05-30T15:14:41.069+0000][16820.488s][info][gc,phases   ] GC(3443)   Pre Evacuate Collection Set: 0.2ms
[2024-05-30T15:14:41.069+0000][16820.488s][info][gc,phases   ] GC(3443)   Merge Heap Roots: 0.6ms
[2024-05-30T15:14:41.069+0000][16820.488s][info][gc,phases   ] GC(3443)   Evacuate Collection Set: 40.9ms
[2024-05-30T15:14:41.069+0000][16820.488s][info][gc,phases   ] GC(3443)   Post Evacuate Collection Set: 9.7ms
[2024-05-30T15:14:41.069+0000][16820.488s][info][gc,phases   ] GC(3443)   Other: 0.2ms
[2024-05-30T15:14:41.069+0000][16820.488s][info][gc,heap     ] GC(3443) Eden regions: 794->0(795)
[2024-05-30T15:14:41.069+0000][16820.488s][info][gc,heap     ] GC(3443) Survivor regions: 3->4(100)
[2024-05-30T15:14:41.069+0000][16820.488s][info][gc,heap     ] GC(3443) Old regions: 368->368
[2024-05-30T15:14:41.069+0000][16820.488s][info][gc,heap     ] GC(3443) Archive regions: 2->2
[2024-05-30T15:14:41.069+0000][16820.488s][info][gc,heap     ] GC(3443) Humongous regions: 42->42
[2024-05-30T15:14:41.069+0000][16820.488s][info][gc,metaspace] GC(3443) Metaspace: 435545K(441600K)->435545K(441600K) NonClass: 381432K(384768K)->381432K(384768K) Class: 54113K(56832K)->54113K(56832K)
[2024-05-30T15:14:41.069+0000][16820.488s][info][gc          ] GC(3443) Pause Young (Normal) (G1 Evacuation Pause) 9656M->3311M(12288M) 51.683ms
[2024-05-30T15:14:41.069+0000][16820.488s][info][gc,cpu      ] GC(3443) User=0.30s Sys=0.00s Real=0.05s
[2024-05-30T15:14:56.155+0000][16835.575s][info][gc,start    ] GC(3444) Pause Young (Normal) (G1 Evacuation Pause)
[2024-05-30T15:14:56.155+0000][16835.575s][info][gc,task     ] GC(3444) Using 6 workers of 6 for evacuation
[2024-05-30T15:14:56.176+0000][16835.596s][info][gc,phases   ] GC(3444)   Pre Evacuate Collection Set: 0.2ms
[2024-05-30T15:14:56.176+0000][16835.596s][info][gc,phases   ] GC(3444)   Merge Heap Roots: 0.2ms
[2024-05-30T15:14:56.176+0000][16835.596s][info][gc,phases   ] GC(3444)   Evacuate Collection Set: 18.0ms
[2024-05-30T15:14:56.176+0000][16835.596s][info][gc,phases   ] GC(3444)   Post Evacuate Collection Set: 2.5ms
[2024-05-30T15:14:56.176+0000][16835.596s][info][gc,phases   ] GC(3444)   Other: 0.2ms
[2024-05-30T15:14:56.176+0000][16835.596s][info][gc,heap     ] GC(3444) Eden regions: 795->0(792)
[2024-05-30T15:14:56.176+0000][16835.596s][info][gc,heap     ] GC(3444) Survivor regions: 4->7(100)
[2024-05-30T15:14:56.176+0000][16835.596s][info][gc,heap     ] GC(3444) Old regions: 368->368
[2024-05-30T15:14:56.176+0000][16835.596s][info][gc,heap     ] GC(3444) Archive regions: 2->2
[2024-05-30T15:14:56.176+0000][16835.596s][info][gc,heap     ] GC(3444) Humongous regions: 42->42
[2024-05-30T15:14:56.176+0000][16835.596s][info][gc,metaspace] GC(3444) Metaspace: 435545K(441600K)->435545K(441600K) NonClass: 381432K(384768K)->381432K(384768K) Class: 54113K(56832K)->54113K(56832K)
[2024-05-30T15:14:56.176+0000][16835.596s][info][gc          ] GC(3444) Pause Young (Normal) (G1 Evacuation Pause) 9671M->3333M(12288M) 21.147ms
[2024-05-30T15:14:56.176+0000][16835.596s][info][gc,cpu      ] GC(3444) User=0.12s Sys=0.00s Real=0.03s
[2024-05-30T15:15:12.362+0000][16851.781s][info][gc,start    ] GC(3445) Pause Young (Concurrent Start) (G1 Evacuation Pause)
[2024-05-30T15:15:12.362+0000][16851.781s][info][gc,task     ] GC(3445) Using 6 workers of 6 for evacuation
[2024-05-30T15:15:12.389+0000][16851.808s][info][gc,phases   ] GC(3445)   Pre Evacuate Collection Set: 0.6ms
[2024-05-30T15:15:12.389+0000][16851.808s][info][gc,phases   ] GC(3445)   Merge Heap Roots: 0.2ms
[2024-05-30T15:15:12.389+0000][16851.808s][info][gc,phases   ] GC(3445)   Evacuate Collection Set: 24.2ms
[2024-05-30T15:15:12.389+0000][16851.808s][info][gc,phases   ] GC(3445)   Post Evacuate Collection Set: 2.2ms
[2024-05-30T15:15:12.389+0000][16851.808s][info][gc,phases   ] GC(3445)   Other: 0.3ms
[2024-05-30T15:15:12.389+0000][16851.808s][info][gc,heap     ] GC(3445) Eden regions: 792->0(789)
[2024-05-30T15:15:12.389+0000][16851.808s][info][gc,heap     ] GC(3445) Survivor regions: 7->10(100)
[2024-05-30T15:15:12.389+0000][16851.808s][info][gc,heap     ] GC(3445) Old regions: 368->368
[2024-05-30T15:15:12.389+0000][16851.809s][info][gc,heap     ] GC(3445) Archive regions: 2->2
[2024-05-30T15:15:12.389+0000][16851.809s][info][gc,heap     ] GC(3445) Humongous regions: 42->42
[2024-05-30T15:15:12.389+0000][16851.809s][info][gc,metaspace] GC(3445) Metaspace: 435546K(441600K)->435546K(441600K) NonClass: 381432K(384768K)->381432K(384768K) Class: 54113K(56832K)->54113K(56832K)
[2024-05-30T15:15:12.389+0000][16851.809s][info][gc          ] GC(3445) Pause Young (Concurrent Start) (G1 Evacuation Pause) 9669M->3358M(12288M) 27.627ms
[2024-05-30T15:15:12.389+0000][16851.809s][info][gc,cpu      ] GC(3445) User=0.16s Sys=0.00s Real=0.03s
[2024-05-30T15:15:12.389+0000][16851.809s][info][gc          ] GC(3446) Concurrent Mark Cycle
[2024-05-30T15:15:12.389+0000][16851.809s][info][gc,marking  ] GC(3446) Concurrent Clear Claimed Marks
[2024-05-30T15:15:12.390+0000][16851.809s][info][gc,marking  ] GC(3446) Concurrent Clear Claimed Marks 0.443ms
[2024-05-30T15:15:12.390+0000][16851.809s][info][gc,marking  ] GC(3446) Concurrent Scan Root Regions
[2024-05-30T15:15:12.404+0000][16851.824s][info][gc,marking  ] GC(3446) Concurrent Scan Root Regions 14.461ms
[2024-05-30T15:15:12.404+0000][16851.824s][info][gc,marking  ] GC(3446) Concurrent Mark
[2024-05-30T15:15:12.404+0000][16851.824s][info][gc,marking  ] GC(3446) Concurrent Mark From Roots
[2024-05-30T15:15:12.404+0000][16851.824s][info][gc,task     ] GC(3446) Using 2 workers of 2 for marking
[2024-05-30T15:15:14.400+0000][16853.819s][info][gc,marking  ] GC(3446) Concurrent Mark From Roots 1995.268ms
[2024-05-30T15:15:14.400+0000][16853.819s][info][gc,marking  ] GC(3446) Concurrent Preclean
[2024-05-30T15:15:14.401+0000][16853.820s][info][gc,marking  ] GC(3446) Concurrent Preclean 1.357ms
[2024-05-30T15:15:14.401+0000][16853.820s][info][gc,start    ] GC(3446) Pause Remark
[2024-05-30T15:15:14.426+0000][16853.845s][info][gc          ] GC(3446) Pause Remark 4122M->4110M(12288M) 24.634ms
[2024-05-30T15:15:14.426+0000][16853.845s][info][gc,cpu      ] GC(3446) User=0.11s Sys=0.00s Real=0.02s
[2024-05-30T15:15:14.426+0000][16853.845s][info][gc,marking  ] GC(3446) Concurrent Mark 2021.598ms
[2024-05-30T15:15:14.426+0000][16853.845s][info][gc,marking  ] GC(3446) Concurrent Rebuild Remembered Sets
[2024-05-30T15:15:15.530+0000][16854.949s][info][gc,marking  ] GC(3446) Concurrent Rebuild Remembered Sets 1103.553ms
[2024-05-30T15:15:15.530+0000][16854.949s][info][gc,start    ] GC(3446) Pause Cleanup
[2024-05-30T15:15:15.530+0000][16854.950s][info][gc          ] GC(3446) Pause Cleanup 4514M->4514M(12288M) 0.625ms
[2024-05-30T15:15:15.530+0000][16854.950s][info][gc,cpu      ] GC(3446) User=0.01s Sys=0.00s Real=0.00s
[2024-05-30T15:15:15.530+0000][16854.950s][info][gc,marking  ] GC(3446) Concurrent Cleanup for Next Mark
[2024-05-30T15:15:15.547+0000][16854.966s][info][gc,marking  ] GC(3446) Concurrent Cleanup for Next Mark 16.638ms
[2024-05-30T15:15:15.547+0000][16854.966s][info][gc          ] GC(3446) Concurrent Mark Cycle 3157.816ms
[2024-05-30T15:15:29.012+0000][16868.431s][info][gc,start    ] GC(3447) Pause Young (Prepare Mixed) (G1 Evacuation Pause)
[2024-05-30T15:15:29.012+0000][16868.431s][info][gc,task     ] GC(3447) Using 6 workers of 6 for evacuation
[2024-05-30T15:15:29.051+0000][16868.470s][info][gc,phases   ] GC(3447)   Pre Evacuate Collection Set: 0.2ms
[2024-05-30T15:15:29.051+0000][16868.470s][info][gc,phases   ] GC(3447)   Merge Heap Roots: 0.3ms
[2024-05-30T15:15:29.051+0000][16868.470s][info][gc,phases   ] GC(3447)   Evacuate Collection Set: 36.0ms
[2024-05-30T15:15:29.051+0000][16868.470s][info][gc,phases   ] GC(3447)   Post Evacuate Collection Set: 2.4ms
[2024-05-30T15:15:29.051+0000][16868.470s][info][gc,phases   ] GC(3447)   Other: 0.2ms
[2024-05-30T15:15:29.051+0000][16868.470s][info][gc,heap     ] GC(3447) Eden regions: 789->0(61)
[2024-05-30T15:15:29.051+0000][16868.470s][info][gc,heap     ] GC(3447) Survivor regions: 10->15(100)
[2024-05-30T15:15:29.051+0000][16868.470s][info][gc,heap     ] GC(3447) Old regions: 366->366
[2024-05-30T15:15:29.051+0000][16868.470s][info][gc,heap     ] GC(3447) Archive regions: 2->2
[2024-05-30T15:15:29.051+0000][16868.470s][info][gc,heap     ] GC(3447) Humongous regions: 42->42
[2024-05-30T15:15:29.051+0000][16868.470s][info][gc,metaspace] GC(3447) Metaspace: 435546K(441600K)->435546K(441600K) NonClass: 381432K(384768K)->381432K(384768K) Class: 54113K(56832K)->54113K(56832K)
[2024-05-30T15:15:29.051+0000][16868.470s][info][gc          ] GC(3447) Pause Young (Prepare Mixed) (G1 Evacuation Pause) 9658M->3385M(12288M) 39.091ms
[2024-05-30T15:15:29.051+0000][16868.470s][info][gc,cpu      ] GC(3447) User=0.23s Sys=0.00s Real=0.04s
[2024-05-30T15:15:29.506+0000][16868.926s][info][gc,start    ] GC(3448) Pause Young (Mixed) (G1 Evacuation Pause)
[2024-05-30T15:15:29.507+0000][16868.926s][info][gc,task     ] GC(3448) Using 6 workers of 6 for evacuation
[2024-05-30T15:15:29.563+0000][16868.982s][info][gc,phases   ] GC(3448)   Pre Evacuate Collection Set: 0.2ms
[2024-05-30T15:15:29.563+0000][16868.982s][info][gc,phases   ] GC(3448)   Merge Heap Roots: 0.3ms
[2024-05-30T15:15:29.563+0000][16868.982s][info][gc,phases   ] GC(3448)   Evacuate Collection Set: 54.1ms
[2024-05-30T15:15:29.563+0000][16868.982s][info][gc,phases   ] GC(3448)   Post Evacuate Collection Set: 1.7ms
[2024-05-30T15:15:29.563+0000][16868.982s][info][gc,phases   ] GC(3448)   Other: 0.2ms
[2024-05-30T15:15:29.563+0000][16868.982s][info][gc,heap     ] GC(3448) Eden regions: 61->0(802)
[2024-05-30T15:15:29.563+0000][16868.982s][info][gc,heap     ] GC(3448) Survivor regions: 15->2(10)
[2024-05-30T15:15:29.563+0000][16868.982s][info][gc,heap     ] GC(3448) Old regions: 366->361
[2024-05-30T15:15:29.563+0000][16868.982s][info][gc,heap     ] GC(3448) Archive regions: 2->2
[2024-05-30T15:15:29.563+0000][16868.982s][info][gc,heap     ] GC(3448) Humongous regions: 42->42
[2024-05-30T15:15:29.563+0000][16868.982s][info][gc,metaspace] GC(3448) Metaspace: 435546K(441600K)->435546K(441600K) NonClass: 381432K(384768K)->381432K(384768K) Class: 54113K(56832K)->54113K(56832K)
[2024-05-30T15:15:29.563+0000][16868.982s][info][gc          ] GC(3448) Pause Young (Mixed) (G1 Evacuation Pause) 3873M->3237M(12288M) 56.560ms
[2024-05-30T15:15:29.563+0000][16868.982s][info][gc,cpu      ] GC(3448) User=0.33s Sys=0.00s Real=0.06s
[2024-05-30T15:15:32.125+0000][16871.544s][info][gc,start    ] GC(3449) Pause Young (Normal) (G1 Evacuation Pause)
[2024-05-30T15:15:32.125+0000][16871.544s][info][gc,task     ] GC(3449) Using 6 workers of 6 for evacuation
[2024-05-30T15:15:32.200+0000][16871.620s][info][gc,phases   ] GC(3449)   Pre Evacuate Collection Set: 0.2ms
[2024-05-30T15:15:32.201+0000][16871.620s][info][gc,phases   ] GC(3449)   Merge Heap Roots: 0.2ms
[2024-05-30T15:15:32.201+0000][16871.620s][info][gc,phases   ] GC(3449)   Evacuate Collection Set: 56.0ms
[2024-05-30T15:15:32.201+0000][16871.620s][info][gc,phases   ] GC(3449)   Post Evacuate Collection Set: 19.1ms
[2024-05-30T15:15:32.201+0000][16871.620s][info][gc,phases   ] GC(3449)   Other: 0.2ms
[2024-05-30T15:15:32.201+0000][16871.620s][info][gc,heap     ] GC(3449) Eden regions: 802->0(795)
[2024-05-30T15:15:32.201+0000][16871.620s][info][gc,heap     ] GC(3449) Survivor regions: 2->8(101)
[2024-05-30T15:15:32.201+0000][16871.620s][info][gc,heap     ] GC(3449) Old regions: 361->361
[2024-05-30T15:15:32.201+0000][16871.620s][info][gc,heap     ] GC(3449) Archive regions: 2->2
[2024-05-30T15:15:32.201+0000][16871.620s][info][gc,heap     ] GC(3449) Humongous regions: 42->42
[2024-05-30T15:15:32.201+0000][16871.620s][info][gc,metaspace] GC(3449) Metaspace: 435546K(441600K)->435546K(441600K) NonClass: 381432K(384768K)->381432K(384768K) Class: 54113K(56832K)->54113K(56832K)
[2024-05-30T15:15:32.201+0000][16871.620s][info][gc          ] GC(3449) Pause Young (Normal) (G1 Evacuation Pause) 9653M->3279M(12288M) 75.665ms
[2024-05-30T15:15:32.201+0000][16871.620s][info][gc,cpu      ] GC(3449) User=0.44s Sys=0.00s Real=0.08s
[2024-05-30T15:15:34.830+0000][16874.249s][info][gc,start    ] GC(3450) Pause Young (Normal) (G1 Evacuation Pause)
[2024-05-30T15:15:34.830+0000][16874.249s][info][gc,task     ] GC(3450) Using 6 workers of 6 for evacuation
[2024-05-30T15:15:34.925+0000][16874.344s][info][gc,phases   ] GC(3450)   Pre Evacuate Collection Set: 0.2ms
[2024-05-30T15:15:34.925+0000][16874.344s][info][gc,phases   ] GC(3450)   Merge Heap Roots: 0.2ms
[2024-05-30T15:15:34.925+0000][16874.344s][info][gc,phases   ] GC(3450)   Evacuate Collection Set: 74.4ms
[2024-05-30T15:15:34.925+0000][16874.344s][info][gc,phases   ] GC(3450)   Post Evacuate Collection Set: 20.2ms
[2024-05-30T15:15:34.925+0000][16874.344s][info][gc,phases   ] GC(3450)   Other: 0.2ms
[2024-05-30T15:15:34.925+0000][16874.344s][info][gc,heap     ] GC(3450) Eden regions: 795->0(789)
[2024-05-30T15:15:34.925+0000][16874.344s][info][gc,heap     ] GC(3450) Survivor regions: 8->14(101)
[2024-05-30T15:15:34.925+0000][16874.344s][info][gc,heap     ] GC(3450) Old regions: 361->361
[2024-05-30T15:15:34.925+0000][16874.344s][info][gc,heap     ] GC(3450) Archive regions: 2->2
[2024-05-30T15:15:34.925+0000][16874.344s][info][gc,heap     ] GC(3450) Humongous regions: 42->42
[2024-05-30T15:15:34.925+0000][16874.344s][info][gc,metaspace] GC(3450) Metaspace: 435546K(441600K)->435546K(441600K) NonClass: 381432K(384768K)->381432K(384768K) Class: 54113K(56832K)->54113K(56832K)
[2024-05-30T15:15:34.925+0000][16874.344s][info][gc          ] GC(3450) Pause Young (Normal) (G1 Evacuation Pause) 9639M->3332M(12288M) 95.242ms
[2024-05-30T15:15:34.925+0000][16874.344s][info][gc,cpu      ] GC(3450) User=0.55s Sys=0.00s Real=0.09s
[2024-05-30T15:15:37.772+0000][16877.191s][info][gc,start    ] GC(3451) Pause Young (Concurrent Start) (G1 Evacuation Pause)
[2024-05-30T15:15:37.772+0000][16877.191s][info][gc,task     ] GC(3451) Using 6 workers of 6 for evacuation
[2024-05-30T15:15:37.877+0000][16877.297s][info][gc,phases   ] GC(3451)   Pre Evacuate Collection Set: 0.6ms
[2024-05-30T15:15:37.877+0000][16877.297s][info][gc,phases   ] GC(3451)   Merge Heap Roots: 0.3ms
[2024-05-30T15:15:37.877+0000][16877.297s][info][gc,phases   ] GC(3451)   Evacuate Collection Set: 84.0ms
[2024-05-30T15:15:37.877+0000][16877.297s][info][gc,phases   ] GC(3451)   Post Evacuate Collection Set: 20.6ms
[2024-05-30T15:15:37.877+0000][16877.297s][info][gc,phases   ] GC(3451)   Other: 0.3ms
[2024-05-30T15:15:37.877+0000][16877.297s][info][gc,heap     ] GC(3451) Eden regions: 789->0(787)
[2024-05-30T15:15:37.878+0000][16877.297s][info][gc,heap     ] GC(3451) Survivor regions: 14->17(101)
[2024-05-30T15:15:37.878+0000][16877.297s][info][gc,heap     ] GC(3451) Old regions: 361->361
[2024-05-30T15:15:37.878+0000][16877.297s][info][gc,heap     ] GC(3451) Archive regions: 2->2
[2024-05-30T15:15:37.878+0000][16877.297s][info][gc,heap     ] GC(3451) Humongous regions: 42->42
[2024-05-30T15:15:37.878+0000][16877.297s][info][gc,metaspace] GC(3451) Metaspace: 435546K(441600K)->435546K(441600K) NonClass: 381432K(384768K)->381432K(384768K) Class: 54113K(56832K)->54113K(56832K)
[2024-05-30T15:15:37.878+0000][16877.297s][info][gc          ] GC(3451) Pause Young (Concurrent Start) (G1 Evacuation Pause) 9644M->3357M(12288M) 105.832ms
[2024-05-30T15:15:37.878+0000][16877.297s][info][gc,cpu      ] GC(3451) User=0.61s Sys=0.00s Real=0.11s
[2024-05-30T15:15:37.878+0000][16877.297s][info][gc          ] GC(3452) Concurrent Mark Cycle
[2024-05-30T15:15:37.878+0000][16877.297s][info][gc,marking  ] GC(3452) Concurrent Clear Claimed Marks
[2024-05-30T15:15:37.878+0000][16877.297s][info][gc,marking  ] GC(3452) Concurrent Clear Claimed Marks 0.408ms
[2024-05-30T15:15:37.878+0000][16877.297s][info][gc,marking  ] GC(3452) Concurrent Scan Root Regions
[2024-05-30T15:15:37.950+0000][16877.369s][info][gc,marking  ] GC(3452) Concurrent Scan Root Regions 71.857ms
[2024-05-30T15:15:37.950+0000][16877.369s][info][gc,marking  ] GC(3452) Concurrent Mark
[2024-05-30T15:15:37.950+0000][16877.369s][info][gc,marking  ] GC(3452) Concurrent Mark From Roots
[2024-05-30T15:15:37.950+0000][16877.369s][info][gc,task     ] GC(3452) Using 2 workers of 2 for marking
[2024-05-30T15:15:40.044+0000][16879.463s][info][gc,marking  ] GC(3452) Concurrent Mark From Roots 2093.872ms
[2024-05-30T15:15:40.044+0000][16879.463s][info][gc,marking  ] GC(3452) Concurrent Preclean
[2024-05-30T15:15:40.045+0000][16879.465s][info][gc,marking  ] GC(3452) Concurrent Preclean 1.358ms
[2024-05-30T15:15:40.045+0000][16879.465s][info][gc,start    ] GC(3452) Pause Remark
[2024-05-30T15:15:40.070+0000][16879.490s][info][gc          ] GC(3452) Pause Remark 7941M->7941M(12288M) 24.755ms
[2024-05-30T15:15:40.070+0000][16879.490s][info][gc,cpu      ] GC(3452) User=0.11s Sys=0.00s Real=0.03s
[2024-05-30T15:15:40.070+0000][16879.490s][info][gc,marking  ] GC(3452) Concurrent Mark 2120.429ms
[2024-05-30T15:15:40.070+0000][16879.490s][info][gc,marking  ] GC(3452) Concurrent Rebuild Remembered Sets
[2024-05-30T15:15:40.750+0000][16880.169s][info][gc,start    ] GC(3453) Pause Young (Normal) (G1 Evacuation Pause)
[2024-05-30T15:15:40.750+0000][16880.169s][info][gc,task     ] GC(3453) Using 6 workers of 6 for evacuation
[2024-05-30T15:15:40.909+0000][16880.329s][info][gc,phases   ] GC(3453)   Pre Evacuate Collection Set: 0.2ms
[2024-05-30T15:15:40.909+0000][16880.329s][info][gc,phases   ] GC(3453)   Merge Heap Roots: 0.8ms
[2024-05-30T15:15:40.909+0000][16880.329s][info][gc,phases   ] GC(3453)   Evacuate Collection Set: 126.7ms
[2024-05-30T15:15:40.909+0000][16880.329s][info][gc,phases   ] GC(3453)   Post Evacuate Collection Set: 31.4ms
[2024-05-30T15:15:40.909+0000][16880.329s][info][gc,phases   ] GC(3453)   Other: 0.2ms
[2024-05-30T15:15:40.909+0000][16880.329s][info][gc,heap     ] GC(3453) Eden regions: 787->0(777)
[2024-05-30T15:15:40.909+0000][16880.329s][info][gc,heap     ] GC(3453) Survivor regions: 17->23(101)
[2024-05-30T15:15:40.909+0000][16880.329s][info][gc,heap     ] GC(3453) Old regions: 361->361
[2024-05-30T15:15:40.909+0000][16880.329s][info][gc,heap     ] GC(3453) Archive regions: 2->2
[2024-05-30T15:15:40.909+0000][16880.329s][info][gc,heap     ] GC(3453) Humongous regions: 42->42
[2024-05-30T15:15:40.909+0000][16880.329s][info][gc,metaspace] GC(3453) Metaspace: 435546K(441600K)->435546K(441600K) NonClass: 381432K(384768K)->381432K(384768K) Class: 54113K(56832K)->54113K(56832K)
[2024-05-30T15:15:40.909+0000][16880.329s][info][gc          ] GC(3453) Pause Young (Normal) (G1 Evacuation Pause) 9653M->3404M(12288M) 159.346ms
[2024-05-30T15:15:40.910+0000][16880.329s][info][gc,cpu      ] GC(3453) User=0.93s Sys=0.00s Real=0.16s
[2024-05-30T15:15:41.396+0000][16880.815s][info][gc,marking  ] GC(3452) Concurrent Rebuild Remembered Sets 1325.606ms
[2024-05-30T15:15:41.396+0000][16880.815s][info][gc,start    ] GC(3452) Pause Cleanup
[2024-05-30T15:15:41.397+0000][16880.816s][info][gc          ] GC(3452) Pause Cleanup 4272M->4272M(12288M) 0.622ms
[2024-05-30T15:15:41.397+0000][16880.816s][info][gc,cpu      ] GC(3452) User=0.00s Sys=0.00s Real=0.01s
[2024-05-30T15:15:41.397+0000][16880.816s][info][gc,marking  ] GC(3452) Concurrent Cleanup for Next Mark
[2024-05-30T15:15:41.425+0000][16880.844s][info][gc,marking  ] GC(3452) Concurrent Cleanup for Next Mark 27.648ms
[2024-05-30T15:15:41.425+0000][16880.844s][info][gc          ] GC(3452) Concurrent Mark Cycle 3546.996ms
[2024-05-30T15:15:43.739+0000][16883.158s][info][gc,start    ] GC(3454) Pause Young (Prepare Mixed) (G1 Evacuation Pause)
[2024-05-30T15:15:43.739+0000][16883.158s][info][gc,task     ] GC(3454) Using 6 workers of 6 for evacuation
[2024-05-30T15:15:43.894+0000][16883.313s][info][gc,phases   ] GC(3454)   Pre Evacuate Collection Set: 0.2ms
[2024-05-30T15:15:43.894+0000][16883.313s][info][gc,phases   ] GC(3454)   Merge Heap Roots: 0.6ms
[2024-05-30T15:15:43.894+0000][16883.313s][info][gc,phases   ] GC(3454)   Evacuate Collection Set: 128.4ms
[2024-05-30T15:15:43.894+0000][16883.313s][info][gc,phases   ] GC(3454)   Post Evacuate Collection Set: 25.5ms
[2024-05-30T15:15:43.894+0000][16883.313s][info][gc,phases   ] GC(3454)   Other: 0.2ms
[2024-05-30T15:15:43.894+0000][16883.313s][info][gc,heap     ] GC(3454) Eden regions: 777->0(49)
[2024-05-30T15:15:43.894+0000][16883.313s][info][gc,heap     ] GC(3454) Survivor regions: 23->27(100)
[2024-05-30T15:15:43.894+0000][16883.313s][info][gc,heap     ] GC(3454) Old regions: 361->361
[2024-05-30T15:15:43.894+0000][16883.313s][info][gc,heap     ] GC(3454) Archive regions: 2->2
[2024-05-30T15:15:43.894+0000][16883.313s][info][gc,heap     ] GC(3454) Humongous regions: 42->42
[2024-05-30T15:15:43.894+0000][16883.313s][info][gc,metaspace] GC(3454) Metaspace: 435546K(441600K)->435546K(441600K) NonClass: 381432K(384768K)->381432K(384768K) Class: 54113K(56832K)->54113K(56832K)
[2024-05-30T15:15:43.894+0000][16883.313s][info][gc          ] GC(3454) Pause Young (Prepare Mixed) (G1 Evacuation Pause) 9620M->3437M(12288M) 155.014ms
[2024-05-30T15:15:43.894+0000][16883.314s][info][gc,cpu      ] GC(3454) User=0.91s Sys=0.00s Real=0.15s
[2024-05-30T15:15:44.068+0000][16883.487s][info][gc,start    ] GC(3455) Pause Young (Mixed) (G1 Evacuation Pause)
[2024-05-30T15:15:44.068+0000][16883.487s][info][gc,task     ] GC(3455) Using 6 workers of 6 for evacuation
[2024-05-30T15:15:44.209+0000][16883.628s][info][gc,phases   ] GC(3455)   Pre Evacuate Collection Set: 0.2ms
[2024-05-30T15:15:44.209+0000][16883.628s][info][gc,phases   ] GC(3455)   Merge Heap Roots: 0.5ms
[2024-05-30T15:15:44.209+0000][16883.628s][info][gc,phases   ] GC(3455)   Evacuate Collection Set: 137.1ms
[2024-05-30T15:15:44.209+0000][16883.628s][info][gc,phases   ] GC(3455)   Post Evacuate Collection Set: 3.0ms
[2024-05-30T15:15:44.209+0000][16883.628s][info][gc,phases   ] GC(3455)   Other: 0.2ms
[2024-05-30T15:15:44.209+0000][16883.628s][info][gc,heap     ] GC(3455) Eden regions: 49->0(789)
[2024-05-30T15:15:44.209+0000][16883.628s][info][gc,heap     ] GC(3455) Survivor regions: 27->3(10)
[2024-05-30T15:15:44.209+0000][16883.628s][info][gc,heap     ] GC(3455) Old regions: 361->371
[2024-05-30T15:15:44.209+0000][16883.628s][info][gc,heap     ] GC(3455) Archive regions: 2->2
[2024-05-30T15:15:44.209+0000][16883.628s][info][gc,heap     ] GC(3455) Humongous regions: 42->42
[2024-05-30T15:15:44.209+0000][16883.628s][info][gc,metaspace] GC(3455) Metaspace: 435546K(441600K)->435546K(441600K) NonClass: 381432K(384768K)->381432K(384768K) Class: 54113K(56832K)->54113K(56832K)
[2024-05-30T15:15:44.209+0000][16883.628s][info][gc          ] GC(3455) Pause Young (Mixed) (G1 Evacuation Pause) 3829M->3328M(12288M) 141.059ms
[2024-05-30T15:15:44.209+0000][16883.628s][info][gc,cpu      ] GC(3455) User=0.83s Sys=0.01s Real=0.15s
[2024-05-30T15:15:46.698+0000][16886.117s][info][gc,start    ] GC(3456) Pause Young (Normal) (G1 Evacuation Pause)
[2024-05-30T15:15:46.698+0000][16886.117s][info][gc,task     ] GC(3456) Using 6 workers of 6 for evacuation
[2024-05-30T15:15:46.771+0000][16886.190s][info][gc,phases   ] GC(3456)   Pre Evacuate Collection Set: 0.2ms
[2024-05-30T15:15:46.771+0000][16886.190s][info][gc,phases   ] GC(3456)   Merge Heap Roots: 0.3ms
[2024-05-30T15:15:46.771+0000][16886.190s][info][gc,phases   ] GC(3456)   Evacuate Collection Set: 54.5ms
[2024-05-30T15:15:46.771+0000][16886.190s][info][gc,phases   ] GC(3456)   Post Evacuate Collection Set: 18.2ms
[2024-05-30T15:15:46.771+0000][16886.190s][info][gc,phases   ] GC(3456)   Other: 0.2ms
[2024-05-30T15:15:46.771+0000][16886.190s][info][gc,heap     ] GC(3456) Eden regions: 789->0(786)
[2024-05-30T15:15:46.771+0000][16886.190s][info][gc,heap     ] GC(3456) Survivor regions: 3->7(99)
[2024-05-30T15:15:46.771+0000][16886.190s][info][gc,heap     ] GC(3456) Old regions: 371->371
[2024-05-30T15:15:46.771+0000][16886.190s][info][gc,heap     ] GC(3456) Archive regions: 2->2
[2024-05-30T15:15:46.771+0000][16886.190s][info][gc,heap     ] GC(3456) Humongous regions: 42->42
[2024-05-30T15:15:46.771+0000][16886.190s][info][gc,metaspace] GC(3456) Metaspace: 435546K(441600K)->435546K(441600K) NonClass: 381432K(384768K)->381432K(384768K) Class: 54113K(56832K)->54113K(56832K)
[2024-05-30T15:15:46.771+0000][16886.190s][info][gc          ] GC(3456) Pause Young (Normal) (G1 Evacuation Pause) 9640M->3359M(12288M) 73.420ms
[2024-05-30T15:15:46.771+0000][16886.190s][info][gc,cpu      ] GC(3456) User=0.42s Sys=0.00s Real=0.07s
[2024-05-30T15:15:49.208+0000][16888.627s][info][gc,start    ] GC(3457) Pause Young (Normal) (G1 Evacuation Pause)
[2024-05-30T15:15:49.208+0000][16888.627s][info][gc,task     ] GC(3457) Using 6 workers of 6 for evacuation
[2024-05-30T15:15:49.293+0000][16888.712s][info][gc,phases   ] GC(3457)   Pre Evacuate Collection Set: 0.2ms
[2024-05-30T15:15:49.293+0000][16888.712s][info][gc,phases   ] GC(3457)   Merge Heap Roots: 0.3ms
[2024-05-30T15:15:49.293+0000][16888.712s][info][gc,phases   ] GC(3457)   Evacuate Collection Set: 67.2ms
[2024-05-30T15:15:49.293+0000][16888.712s][info][gc,phases   ] GC(3457)   Post Evacuate Collection Set: 17.2ms
[2024-05-30T15:15:49.293+0000][16888.712s][info][gc,phases   ] GC(3457)   Other: 0.2ms
[2024-05-30T15:15:49.293+0000][16888.712s][info][gc,heap     ] GC(3457) Eden regions: 786->0(783)
[2024-05-30T15:15:49.293+0000][16888.712s][info][gc,heap     ] GC(3457) Survivor regions: 7->11(100)
[2024-05-30T15:15:49.293+0000][16888.712s][info][gc,heap     ] GC(3457) Old regions: 371->371
[2024-05-30T15:15:49.293+0000][16888.712s][info][gc,heap     ] GC(3457) Archive regions: 2->2
[2024-05-30T15:15:49.293+0000][16888.712s][info][gc,heap     ] GC(3457) Humongous regions: 42->42
[2024-05-30T15:15:49.293+0000][16888.712s][info][gc,metaspace] GC(3457) Metaspace: 435546K(441600K)->435546K(441600K) NonClass: 381432K(384768K)->381432K(384768K) Class: 54113K(56832K)->54113K(56832K)
[2024-05-30T15:15:49.293+0000][16888.712s][info][gc          ] GC(3457) Pause Young (Normal) (G1 Evacuation Pause) 9647M->3387M(12288M) 85.155ms
[2024-05-30T15:15:49.293+0000][16888.712s][info][gc,cpu      ] GC(3457) User=0.50s Sys=0.00s Real=0.09s
[2024-05-30T15:15:51.657+0000][16891.076s][info][gc,start    ] GC(3458) Pause Young (Concurrent Start) (G1 Evacuation Pause)
[2024-05-30T15:15:51.657+0000][16891.076s][info][gc,task     ] GC(3458) Using 6 workers of 6 for evacuation
[2024-05-30T15:15:51.771+0000][16891.191s][info][gc,phases   ] GC(3458)   Pre Evacuate Collection Set: 0.6ms
[2024-05-30T15:15:51.771+0000][16891.191s][info][gc,phases   ] GC(3458)   Merge Heap Roots: 0.4ms
[2024-05-30T15:15:51.771+0000][16891.191s][info][gc,phases   ] GC(3458)   Evacuate Collection Set: 91.1ms
[2024-05-30T15:15:51.771+0000][16891.191s][info][gc,phases   ] GC(3458)   Post Evacuate Collection Set: 22.2ms
[2024-05-30T15:15:51.772+0000][16891.191s][info][gc,phases   ] GC(3458)   Other: 0.3ms
[2024-05-30T15:15:51.772+0000][16891.191s][info][gc,heap     ] GC(3458) Eden regions: 783->0(779)
[2024-05-30T15:15:51.772+0000][16891.191s][info][gc,heap     ] GC(3458) Survivor regions: 11->16(100)
[2024-05-30T15:15:51.772+0000][16891.191s][info][gc,heap     ] GC(3458) Old regions: 371->371
[2024-05-30T15:15:51.772+0000][16891.191s][info][gc,heap     ] GC(3458) Archive regions: 2->2
[2024-05-30T15:15:51.772+0000][16891.191s][info][gc,heap     ] GC(3458) Humongous regions: 42->42
[2024-05-30T15:15:51.772+0000][16891.191s][info][gc,metaspace] GC(3458) Metaspace: 435546K(441600K)->435546K(441600K) NonClass: 381432K(384768K)->381432K(384768K) Class: 54113K(56832K)->54113K(56832K)
[2024-05-30T15:15:51.772+0000][16891.191s][info][gc          ] GC(3458) Pause Young (Concurrent Start) (G1 Evacuation Pause) 9651M->3427M(12288M) 114.576ms
[2024-05-30T15:15:51.772+0000][16891.191s][info][gc,cpu      ] GC(3458) User=0.66s Sys=0.00s Real=0.11s
[2024-05-30T15:15:51.772+0000][16891.191s][info][gc          ] GC(3459) Concurrent Mark Cycle
[2024-05-30T15:15:51.772+0000][16891.191s][info][gc,marking  ] GC(3459) Concurrent Clear Claimed Marks
[2024-05-30T15:15:51.772+0000][16891.191s][info][gc,marking  ] GC(3459) Concurrent Clear Claimed Marks 0.414ms
[2024-05-30T15:15:51.772+0000][16891.191s][info][gc,marking  ] GC(3459) Concurrent Scan Root Regions
[2024-05-30T15:15:51.829+0000][16891.248s][info][gc,marking  ] GC(3459) Concurrent Scan Root Regions 57.037ms
[2024-05-30T15:15:51.829+0000][16891.248s][info][gc,marking  ] GC(3459) Concurrent Mark
[2024-05-30T15:15:51.829+0000][16891.248s][info][gc,marking  ] GC(3459) Concurrent Mark From Roots
[2024-05-30T15:15:51.829+0000][16891.248s][info][gc,task     ] GC(3459) Using 2 workers of 2 for marking
[2024-05-30T15:15:53.902+0000][16893.321s][info][gc,marking  ] GC(3459) Concurrent Mark From Roots 2072.667ms
[2024-05-30T15:15:53.902+0000][16893.321s][info][gc,marking  ] GC(3459) Concurrent Preclean
[2024-05-30T15:15:53.904+0000][16893.323s][info][gc,marking  ] GC(3459) Concurrent Preclean 1.632ms
[2024-05-30T15:15:53.904+0000][16893.323s][info][gc,start    ] GC(3459) Pause Remark
[2024-05-30T15:15:53.930+0000][16893.349s][info][gc          ] GC(3459) Pause Remark 8939M->8939M(12288M) 26.380ms
[2024-05-30T15:15:53.930+0000][16893.349s][info][gc,cpu      ] GC(3459) User=0.11s Sys=0.01s Real=0.03s
[2024-05-30T15:15:53.930+0000][16893.350s][info][gc,marking  ] GC(3459) Concurrent Mark 2101.120ms
[2024-05-30T15:15:53.930+0000][16893.350s][info][gc,marking  ] GC(3459) Concurrent Rebuild Remembered Sets
[2024-05-30T15:15:54.198+0000][16893.617s][info][gc,start    ] GC(3460) Pause Young (Normal) (G1 Evacuation Pause)
[2024-05-30T15:15:54.198+0000][16893.617s][info][gc,task     ] GC(3460) Using 6 workers of 6 for evacuation
[2024-05-30T15:15:54.269+0000][16893.689s][info][gc,phases   ] GC(3460)   Pre Evacuate Collection Set: 0.2ms
[2024-05-30T15:15:54.269+0000][16893.689s][info][gc,phases   ] GC(3460)   Merge Heap Roots: 0.4ms
[2024-05-30T15:15:54.269+0000][16893.689s][info][gc,phases   ] GC(3460)   Evacuate Collection Set: 64.4ms
[2024-05-30T15:15:54.269+0000][16893.689s][info][gc,phases   ] GC(3460)   Post Evacuate Collection Set: 6.4ms
[2024-05-30T15:15:54.269+0000][16893.689s][info][gc,phases   ] GC(3460)   Other: 0.2ms
[2024-05-30T15:15:54.269+0000][16893.689s][info][gc,heap     ] GC(3460) Eden regions: 779->0(779)
[2024-05-30T15:15:54.269+0000][16893.689s][info][gc,heap     ] GC(3460) Survivor regions: 16->17(100)
[2024-05-30T15:15:54.269+0000][16893.689s][info][gc,heap     ] GC(3460) Old regions: 371->371
[2024-05-30T15:15:54.270+0000][16893.689s][info][gc,heap     ] GC(3460) Archive regions: 2->2
[2024-05-30T15:15:54.270+0000][16893.689s][info][gc,heap     ] GC(3460) Humongous regions: 42->42
[2024-05-30T15:15:54.270+0000][16893.689s][info][gc,metaspace] GC(3460) Metaspace: 435546K(441600K)->435546K(441600K) NonClass: 381432K(384768K)->381432K(384768K) Class: 54113K(56832K)->54113K(56832K)
[2024-05-30T15:15:54.270+0000][16893.689s][info][gc          ] GC(3460) Pause Young (Normal) (G1 Evacuation Pause) 9659M->3439M(12288M) 71.557ms
[2024-05-30T15:15:54.270+0000][16893.689s][info][gc,cpu      ] GC(3460) User=0.43s Sys=0.00s Real=0.07s
[2024-05-30T15:15:55.232+0000][16894.651s][info][gc,marking  ] GC(3459) Concurrent Rebuild Remembered Sets 1301.893ms
[2024-05-30T15:15:55.232+0000][16894.652s][info][gc,start    ] GC(3459) Pause Cleanup
[2024-05-30T15:15:55.233+0000][16894.652s][info][gc          ] GC(3459) Pause Cleanup 5731M->5731M(12288M) 0.647ms
[2024-05-30T15:15:55.233+0000][16894.652s][info][gc,cpu      ] GC(3459) User=0.00s Sys=0.00s Real=0.00s
[2024-05-30T15:15:55.233+0000][16894.652s][info][gc,marking  ] GC(3459) Concurrent Cleanup for Next Mark
[2024-05-30T15:15:55.250+0000][16894.669s][info][gc,marking  ] GC(3459) Concurrent Cleanup for Next Mark 16.985ms
[2024-05-30T15:15:55.250+0000][16894.669s][info][gc          ] GC(3459) Concurrent Mark Cycle 3478.584ms
[2024-05-30T15:16:03.201+0000][16902.621s][info][gc,start    ] GC(3461) Pause Young (Prepare Mixed) (G1 Evacuation Pause)
[2024-05-30T15:16:03.201+0000][16902.621s][info][gc,task     ] GC(3461) Using 6 workers of 6 for evacuation
[2024-05-30T15:16:03.299+0000][16902.718s][info][gc,phases   ] GC(3461)   Pre Evacuate Collection Set: 0.2ms
[2024-05-30T15:16:03.299+0000][16902.718s][info][gc,phases   ] GC(3461)   Merge Heap Roots: 0.8ms
[2024-05-30T15:16:03.299+0000][16902.718s][info][gc,phases   ] GC(3461)   Evacuate Collection Set: 84.2ms
[2024-05-30T15:16:03.299+0000][16902.718s][info][gc,phases   ] GC(3461)   Post Evacuate Collection Set: 12.4ms
[2024-05-30T15:16:03.299+0000][16902.718s][info][gc,phases   ] GC(3461)   Other: 0.2ms
[2024-05-30T15:16:03.299+0000][16902.718s][info][gc,heap     ] GC(3461) Eden regions: 779->0(54)
[2024-05-30T15:16:03.299+0000][16902.718s][info][gc,heap     ] GC(3461) Survivor regions: 17->22(100)
[2024-05-30T15:16:03.299+0000][16902.718s][info][gc,heap     ] GC(3461) Old regions: 371->371
[2024-05-30T15:16:03.299+0000][16902.718s][info][gc,heap     ] GC(3461) Archive regions: 2->2
[2024-05-30T15:16:03.299+0000][16902.718s][info][gc,heap     ] GC(3461) Humongous regions: 42->42
[2024-05-30T15:16:03.299+0000][16902.718s][info][gc,metaspace] GC(3461) Metaspace: 435546K(441600K)->435546K(441600K) NonClass: 381432K(384768K)->381432K(384768K) Class: 54113K(56832K)->54113K(56832K)
[2024-05-30T15:16:03.299+0000][16902.718s][info][gc          ] GC(3461) Pause Young (Prepare Mixed) (G1 Evacuation Pause) 9671M->3476M(12288M) 97.748ms
[2024-05-30T15:16:03.299+0000][16902.718s][info][gc,cpu      ] GC(3461) User=0.58s Sys=0.00s Real=0.10s
[2024-05-30T15:16:04.155+0000][16903.574s][info][gc,start    ] GC(3462) Pause Young (Mixed) (G1 Evacuation Pause)
[2024-05-30T15:16:04.155+0000][16903.574s][info][gc,task     ] GC(3462) Using 6 workers of 6 for evacuation
[2024-05-30T15:16:04.268+0000][16903.687s][info][gc,phases   ] GC(3462)   Pre Evacuate Collection Set: 0.2ms
[2024-05-30T15:16:04.268+0000][16903.687s][info][gc,phases   ] GC(3462)   Merge Heap Roots: 0.4ms
[2024-05-30T15:16:04.268+0000][16903.687s][info][gc,phases   ] GC(3462)   Evacuate Collection Set: 110.7ms
[2024-05-30T15:16:04.268+0000][16903.687s][info][gc,phases   ] GC(3462)   Post Evacuate Collection Set: 1.5ms
[2024-05-30T15:16:04.268+0000][16903.687s][info][gc,phases   ] GC(3462)   Other: 0.2ms
[2024-05-30T15:16:04.268+0000][16903.687s][info][gc,heap     ] GC(3462) Eden regions: 54->0(790)
[2024-05-30T15:16:04.268+0000][16903.687s][info][gc,heap     ] GC(3462) Survivor regions: 22->3(10)
[2024-05-30T15:16:04.268+0000][16903.687s][info][gc,heap     ] GC(3462) Old regions: 371->373
[2024-05-30T15:16:04.268+0000][16903.687s][info][gc,heap     ] GC(3462) Archive regions: 2->2
[2024-05-30T15:16:04.268+0000][16903.687s][info][gc,heap     ] GC(3462) Humongous regions: 42->42
[2024-05-30T15:16:04.268+0000][16903.687s][info][gc,metaspace] GC(3462) Metaspace: 435546K(441600K)->435546K(441600K) NonClass: 381432K(384768K)->381432K(384768K) Class: 54113K(56832K)->54113K(56832K)
[2024-05-30T15:16:04.268+0000][16903.687s][info][gc          ] GC(3462) Pause Young (Mixed) (G1 Evacuation Pause) 3908M->3345M(12288M) 113.038ms
[2024-05-30T15:16:04.268+0000][16903.687s][info][gc,cpu      ] GC(3462) User=0.68s Sys=0.00s Real=0.11s
[2024-05-30T15:16:18.429+0000][16917.849s][info][gc,start    ] GC(3463) Pause Young (Normal) (G1 Evacuation Pause)
[2024-05-30T15:16:18.429+0000][16917.849s][info][gc,task     ] GC(3463) Using 6 workers of 6 for evacuation
[2024-05-30T15:16:18.448+0000][16917.867s][info][gc,phases   ] GC(3463)   Pre Evacuate Collection Set: 0.2ms
[2024-05-30T15:16:18.448+0000][16917.867s][info][gc,phases   ] GC(3463)   Merge Heap Roots: 0.3ms
[2024-05-30T15:16:18.448+0000][16917.867s][info][gc,phases   ] GC(3463)   Evacuate Collection Set: 15.7ms
[2024-05-30T15:16:18.448+0000][16917.867s][info][gc,phases   ] GC(3463)   Post Evacuate Collection Set: 2.2ms
[2024-05-30T15:16:18.448+0000][16917.867s][info][gc,phases   ] GC(3463)   Other: 0.2ms
[2024-05-30T15:16:18.448+0000][16917.867s][info][gc,heap     ] GC(3463) Eden regions: 790->0(787)
[2024-05-30T15:16:18.448+0000][16917.867s][info][gc,heap     ] GC(3463) Survivor regions: 3->6(100)
[2024-05-30T15:16:18.448+0000][16917.867s][info][gc,heap     ] GC(3463) Old regions: 373->373
[2024-05-30T15:16:18.448+0000][16917.867s][info][gc,heap     ] GC(3463) Archive regions: 2->2
[2024-05-30T15:16:18.448+0000][16917.867s][info][gc,heap     ] GC(3463) Humongous regions: 42->42
[2024-05-30T15:16:18.448+0000][16917.867s][info][gc,metaspace] GC(3463) Metaspace: 435546K(441600K)->435546K(441600K) NonClass: 381433K(384768K)->381433K(384768K) Class: 54113K(56832K)->54113K(56832K)
[2024-05-30T15:16:18.448+0000][16917.867s][info][gc          ] GC(3463) Pause Young (Normal) (G1 Evacuation Pause) 9665M->3368M(12288M) 18.652ms
[2024-05-30T15:16:18.448+0000][16917.867s][info][gc,cpu      ] GC(3463) User=0.10s Sys=0.00s Real=0.01s
[2024-05-30T15:16:31.876+0000][16931.295s][info][gc,start    ] GC(3464) Pause Young (Normal) (G1 Evacuation Pause)
[2024-05-30T15:16:31.876+0000][16931.295s][info][gc,task     ] GC(3464) Using 6 workers of 6 for evacuation
[2024-05-30T15:16:31.901+0000][16931.320s][info][gc,phases   ] GC(3464)   Pre Evacuate Collection Set: 0.2ms
[2024-05-30T15:16:31.901+0000][16931.320s][info][gc,phases   ] GC(3464)   Merge Heap Roots: 0.2ms
[2024-05-30T15:16:31.901+0000][16931.320s][info][gc,phases   ] GC(3464)   Evacuate Collection Set: 22.7ms
[2024-05-30T15:16:31.901+0000][16931.320s][info][gc,phases   ] GC(3464)   Post Evacuate Collection Set: 2.2ms
[2024-05-30T15:16:31.901+0000][16931.320s][info][gc,phases   ] GC(3464)   Other: 0.2ms
[2024-05-30T15:16:31.901+0000][16931.320s][info][gc,heap     ] GC(3464) Eden regions: 787->0(783)
[2024-05-30T15:16:31.901+0000][16931.320s][info][gc,heap     ] GC(3464) Survivor regions: 6->10(100)
[2024-05-30T15:16:31.901+0000][16931.320s][info][gc,heap     ] GC(3464) Old regions: 373->373
[2024-05-30T15:16:31.901+0000][16931.320s][info][gc,heap     ] GC(3464) Archive regions: 2->2
[2024-05-30T15:16:31.901+0000][16931.320s][info][gc,heap     ] GC(3464) Humongous regions: 42->42
[2024-05-30T15:16:31.901+0000][16931.320s][info][gc,metaspace] GC(3464) Metaspace: 435546K(441600K)->435546K(441600K) NonClass: 381433K(384768K)->381433K(384768K) Class: 54113K(56832K)->54113K(56832K)
[2024-05-30T15:16:31.901+0000][16931.320s][info][gc          ] GC(3464) Pause Young (Normal) (G1 Evacuation Pause) 9664M->3397M(12288M) 25.601ms
[2024-05-30T15:16:31.901+0000][16931.320s][info][gc,cpu      ] GC(3464) User=0.15s Sys=0.00s Real=0.03s
[2024-05-30T15:16:44.708+0000][16944.127s][info][gc,start    ] GC(3465) Pause Young (Concurrent Start) (G1 Evacuation Pause)
[2024-05-30T15:16:44.708+0000][16944.127s][info][gc,task     ] GC(3465) Using 6 workers of 6 for evacuation
[2024-05-30T15:16:44.744+0000][16944.164s][info][gc,phases   ] GC(3465)   Pre Evacuate Collection Set: 0.6ms
[2024-05-30T15:16:44.744+0000][16944.164s][info][gc,phases   ] GC(3465)   Merge Heap Roots: 0.3ms
[2024-05-30T15:16:44.744+0000][16944.164s][info][gc,phases   ] GC(3465)   Evacuate Collection Set: 33.5ms
[2024-05-30T15:16:44.744+0000][16944.164s][info][gc,phases   ] GC(3465)   Post Evacuate Collection Set: 2.1ms
[2024-05-30T15:16:44.744+0000][16944.164s][info][gc,phases   ] GC(3465)   Other: 0.3ms
[2024-05-30T15:16:44.744+0000][16944.164s][info][gc,heap     ] GC(3465) Eden regions: 783->0(780)
[2024-05-30T15:16:44.744+0000][16944.164s][info][gc,heap     ] GC(3465) Survivor regions: 10->13(100)
[2024-05-30T15:16:44.744+0000][16944.164s][info][gc,heap     ] GC(3465) Old regions: 373->373
[2024-05-30T15:16:44.744+0000][16944.164s][info][gc,heap     ] GC(3465) Archive regions: 2->2
[2024-05-30T15:16:44.744+0000][16944.164s][info][gc,heap     ] GC(3465) Humongous regions: 42->42
[2024-05-30T15:16:44.744+0000][16944.164s][info][gc,metaspace] GC(3465) Metaspace: 435546K(441600K)->435546K(441600K) NonClass: 381433K(384768K)->381433K(384768K) Class: 54113K(56832K)->54113K(56832K)
[2024-05-30T15:16:44.744+0000][16944.164s][info][gc          ] GC(3465) Pause Young (Concurrent Start) (G1 Evacuation Pause) 9661M->3421M(12288M) 36.807ms
[2024-05-30T15:16:44.745+0000][16944.164s][info][gc,cpu      ] GC(3465) User=0.21s Sys=0.00s Real=0.04s
[2024-05-30T15:16:44.745+0000][16944.164s][info][gc          ] GC(3466) Concurrent Mark Cycle
[2024-05-30T15:16:44.745+0000][16944.164s][info][gc,marking  ] GC(3466) Concurrent Clear Claimed Marks
[2024-05-30T15:16:44.745+0000][16944.164s][info][gc,marking  ] GC(3466) Concurrent Clear Claimed Marks 0.385ms
[2024-05-30T15:16:44.745+0000][16944.164s][info][gc,marking  ] GC(3466) Concurrent Scan Root Regions
[2024-05-30T15:16:44.764+0000][16944.183s][info][gc,marking  ] GC(3466) Concurrent Scan Root Regions 18.893ms
[2024-05-30T15:16:44.764+0000][16944.183s][info][gc,marking  ] GC(3466) Concurrent Mark
[2024-05-30T15:16:44.764+0000][16944.183s][info][gc,marking  ] GC(3466) Concurrent Mark From Roots
[2024-05-30T15:16:44.764+0000][16944.183s][info][gc,task     ] GC(3466) Using 2 workers of 2 for marking
[2024-05-30T15:16:46.972+0000][16946.391s][info][gc,marking  ] GC(3466) Concurrent Mark From Roots 2208.307ms
[2024-05-30T15:16:46.972+0000][16946.391s][info][gc,marking  ] GC(3466) Concurrent Preclean
[2024-05-30T15:16:46.974+0000][16946.393s][info][gc,marking  ] GC(3466) Concurrent Preclean 1.290ms
[2024-05-30T15:16:46.974+0000][16946.393s][info][gc,start    ] GC(3466) Pause Remark
[2024-05-30T15:16:46.998+0000][16946.417s][info][gc          ] GC(3466) Pause Remark 4653M->4653M(12288M) 24.241ms
[2024-05-30T15:16:46.998+0000][16946.417s][info][gc,cpu      ] GC(3466) User=0.11s Sys=0.00s Real=0.03s
[2024-05-30T15:16:46.998+0000][16946.417s][info][gc,marking  ] GC(3466) Concurrent Mark 2234.172ms
[2024-05-30T15:16:46.998+0000][16946.417s][info][gc,marking  ] GC(3466) Concurrent Rebuild Remembered Sets
[2024-05-30T15:16:48.360+0000][16947.779s][info][gc,marking  ] GC(3466) Concurrent Rebuild Remembered Sets 1361.832ms
[2024-05-30T15:16:48.360+0000][16947.779s][info][gc,start    ] GC(3466) Pause Cleanup
[2024-05-30T15:16:48.361+0000][16947.780s][info][gc          ] GC(3466) Pause Cleanup 5253M->5253M(12288M) 0.637ms
[2024-05-30T15:16:48.361+0000][16947.780s][info][gc,cpu      ] GC(3466) User=0.00s Sys=0.00s Real=0.00s
[2024-05-30T15:16:48.361+0000][16947.780s][info][gc,marking  ] GC(3466) Concurrent Cleanup for Next Mark
[2024-05-30T15:16:48.377+0000][16947.797s][info][gc,marking  ] GC(3466) Concurrent Cleanup for Next Mark 16.538ms
[2024-05-30T15:16:48.378+0000][16947.797s][info][gc          ] GC(3466) Concurrent Mark Cycle 3632.965ms
[2024-05-30T15:16:57.841+0000][16957.260s][info][gc,start    ] GC(3467) Pause Young (Prepare Mixed) (G1 Evacuation Pause)
[2024-05-30T15:16:57.841+0000][16957.260s][info][gc,task     ] GC(3467) Using 6 workers of 6 for evacuation
[2024-05-30T15:16:57.884+0000][16957.304s][info][gc,phases   ] GC(3467)   Pre Evacuate Collection Set: 0.2ms
[2024-05-30T15:16:57.884+0000][16957.304s][info][gc,phases   ] GC(3467)   Merge Heap Roots: 0.4ms
[2024-05-30T15:16:57.884+0000][16957.304s][info][gc,phases   ] GC(3467)   Evacuate Collection Set: 40.4ms
[2024-05-30T15:16:57.884+0000][16957.304s][info][gc,phases   ] GC(3467)   Post Evacuate Collection Set: 2.4ms
[2024-05-30T15:16:57.884+0000][16957.304s][info][gc,phases   ] GC(3467)   Other: 0.2ms
[2024-05-30T15:16:57.884+0000][16957.304s][info][gc,heap     ] GC(3467) Eden regions: 780->0(60)
[2024-05-30T15:16:57.884+0000][16957.304s][info][gc,heap     ] GC(3467) Survivor regions: 13->16(100)
[2024-05-30T15:16:57.884+0000][16957.304s][info][gc,heap     ] GC(3467) Old regions: 373->373
[2024-05-30T15:16:57.884+0000][16957.304s][info][gc,heap     ] GC(3467) Archive regions: 2->2
[2024-05-30T15:16:57.884+0000][16957.304s][info][gc,heap     ] GC(3467) Humongous regions: 42->42
[2024-05-30T15:16:57.884+0000][16957.304s][info][gc,metaspace] GC(3467) Metaspace: 435546K(441600K)->435546K(441600K) NonClass: 381433K(384768K)->381433K(384768K) Class: 54113K(56832K)->54113K(56832K)
[2024-05-30T15:16:57.885+0000][16957.304s][info][gc          ] GC(3467) Pause Young (Prepare Mixed) (G1 Evacuation Pause) 9661M->3444M(12288M) 43.592ms
[2024-05-30T15:16:57.885+0000][16957.304s][info][gc,cpu      ] GC(3467) User=0.26s Sys=0.01s Real=0.04s
[2024-05-30T15:16:58.850+0000][16958.269s][info][gc,start    ] GC(3468) Pause Young (Mixed) (G1 Evacuation Pause)
[2024-05-30T15:16:58.850+0000][16958.269s][info][gc,task     ] GC(3468) Using 6 workers of 6 for evacuation
[2024-05-30T15:16:58.928+0000][16958.348s][info][gc,phases   ] GC(3468)   Pre Evacuate Collection Set: 0.2ms
[2024-05-30T15:16:58.928+0000][16958.348s][info][gc,phases   ] GC(3468)   Merge Heap Roots: 0.4ms
[2024-05-30T15:16:58.928+0000][16958.348s][info][gc,phases   ] GC(3468)   Evacuate Collection Set: 76.1ms
[2024-05-30T15:16:58.928+0000][16958.348s][info][gc,phases   ] GC(3468)   Post Evacuate Collection Set: 1.5ms
[2024-05-30T15:16:58.928+0000][16958.348s][info][gc,phases   ] GC(3468)   Other: 0.2ms
[2024-05-30T15:16:58.928+0000][16958.348s][info][gc,heap     ] GC(3468) Eden regions: 60->0(791)
[2024-05-30T15:16:58.928+0000][16958.348s][info][gc,heap     ] GC(3468) Survivor regions: 16->3(10)
[2024-05-30T15:16:58.928+0000][16958.348s][info][gc,heap     ] GC(3468) Old regions: 373->372
[2024-05-30T15:16:58.928+0000][16958.348s][info][gc,heap     ] GC(3468) Archive regions: 2->2
[2024-05-30T15:16:58.928+0000][16958.348s][info][gc,heap     ] GC(3468) Humongous regions: 42->42
[2024-05-30T15:16:58.928+0000][16958.348s][info][gc,metaspace] GC(3468) Metaspace: 435546K(441600K)->435546K(441600K) NonClass: 381433K(384768K)->381433K(384768K) Class: 54113K(56832K)->54113K(56832K)
[2024-05-30T15:16:58.928+0000][16958.348s][info][gc          ] GC(3468) Pause Young (Mixed) (G1 Evacuation Pause) 3924M->3331M(12288M) 78.405ms
[2024-05-30T15:16:58.929+0000][16958.348s][info][gc,cpu      ] GC(3468) User=0.47s Sys=0.00s Real=0.08s
[2024-05-30T15:17:11.131+0000][16970.550s][info][gc,start    ] GC(3469) Pause Young (Normal) (G1 Evacuation Pause)
[2024-05-30T15:17:11.131+0000][16970.550s][info][gc,task     ] GC(3469) Using 6 workers of 6 for evacuation
[2024-05-30T15:17:11.152+0000][16970.571s][info][gc,phases   ] GC(3469)   Pre Evacuate Collection Set: 0.2ms
[2024-05-30T15:17:11.152+0000][16970.572s][info][gc,phases   ] GC(3469)   Merge Heap Roots: 0.3ms
[2024-05-30T15:17:11.152+0000][16970.572s][info][gc,phases   ] GC(3469)   Evacuate Collection Set: 18.5ms
[2024-05-30T15:17:11.152+0000][16970.572s][info][gc,phases   ] GC(3469)   Post Evacuate Collection Set: 2.3ms
[2024-05-30T15:17:11.152+0000][16970.572s][info][gc,phases   ] GC(3469)   Other: 0.2ms
[2024-05-30T15:17:11.152+0000][16970.572s][info][gc,heap     ] GC(3469) Eden regions: 791->0(790)
[2024-05-30T15:17:11.152+0000][16970.572s][info][gc,heap     ] GC(3469) Survivor regions: 3->5(100)
[2024-05-30T15:17:11.152+0000][16970.572s][info][gc,heap     ] GC(3469) Old regions: 372->372
[2024-05-30T15:17:11.152+0000][16970.572s][info][gc,heap     ] GC(3469) Archive regions: 2->2
[2024-05-30T15:17:11.152+0000][16970.572s][info][gc,heap     ] GC(3469) Humongous regions: 42->42
[2024-05-30T15:17:11.152+0000][16970.572s][info][gc,metaspace] GC(3469) Metaspace: 435546K(441600K)->435546K(441600K) NonClass: 381433K(384768K)->381433K(384768K) Class: 54113K(56832K)->54113K(56832K)
[2024-05-30T15:17:11.152+0000][16970.572s][info][gc          ] GC(3469) Pause Young (Normal) (G1 Evacuation Pause) 9659M->3350M(12288M) 21.536ms
[2024-05-30T15:17:11.152+0000][16970.572s][info][gc,cpu      ] GC(3469) User=0.12s Sys=0.00s Real=0.02s
[2024-05-30T15:17:24.159+0000][16983.579s][info][gc,start    ] GC(3470) Pause Young (Normal) (G1 Evacuation Pause)
[2024-05-30T15:17:24.159+0000][16983.579s][info][gc,task     ] GC(3470) Using 6 workers of 6 for evacuation
[2024-05-30T15:17:24.188+0000][16983.607s][info][gc,phases   ] GC(3470)   Pre Evacuate Collection Set: 0.2ms
[2024-05-30T15:17:24.188+0000][16983.607s][info][gc,phases   ] GC(3470)   Merge Heap Roots: 0.3ms
[2024-05-30T15:17:24.188+0000][16983.607s][info][gc,phases   ] GC(3470)   Evacuate Collection Set: 25.5ms
[2024-05-30T15:17:24.188+0000][16983.607s][info][gc,phases   ] GC(3470)   Post Evacuate Collection Set: 2.3ms
[2024-05-30T15:17:24.188+0000][16983.607s][info][gc,phases   ] GC(3470)   Other: 0.2ms
[2024-05-30T15:17:24.188+0000][16983.607s][info][gc,heap     ] GC(3470) Eden regions: 790->0(784)
[2024-05-30T15:17:24.188+0000][16983.607s][info][gc,heap     ] GC(3470) Survivor regions: 5->10(100)
[2024-05-30T15:17:24.188+0000][16983.607s][info][gc,heap     ] GC(3470) Old regions: 372->372
[2024-05-30T15:17:24.188+0000][16983.607s][info][gc,heap     ] GC(3470) Archive regions: 2->2
[2024-05-30T15:17:24.188+0000][16983.607s][info][gc,heap     ] GC(3470) Humongous regions: 42->42
[2024-05-30T15:17:24.188+0000][16983.607s][info][gc,metaspace] GC(3470) Metaspace: 435546K(441600K)->435546K(441600K) NonClass: 381433K(384768K)->381433K(384768K) Class: 54113K(56832K)->54113K(56832K)
[2024-05-30T15:17:24.188+0000][16983.607s][info][gc          ] GC(3470) Pause Young (Normal) (G1 Evacuation Pause) 9670M->3390M(12288M) 28.622ms
[2024-05-30T15:17:24.188+0000][16983.607s][info][gc,cpu      ] GC(3470) User=0.16s Sys=0.00s Real=0.02s
[2024-05-30T15:17:36.929+0000][16996.348s][info][gc,start    ] GC(3471) Pause Young (Concurrent Start) (G1 Evacuation Pause)
[2024-05-30T15:17:36.929+0000][16996.348s][info][gc,task     ] GC(3471) Using 6 workers of 6 for evacuation
[2024-05-30T15:17:36.964+0000][16996.384s][info][gc,phases   ] GC(3471)   Pre Evacuate Collection Set: 0.5ms
[2024-05-30T15:17:36.964+0000][16996.384s][info][gc,phases   ] GC(3471)   Merge Heap Roots: 0.3ms
[2024-05-30T15:17:36.964+0000][16996.384s][info][gc,phases   ] GC(3471)   Evacuate Collection Set: 32.3ms
[2024-05-30T15:17:36.964+0000][16996.384s][info][gc,phases   ] GC(3471)   Post Evacuate Collection Set: 2.2ms
[2024-05-30T15:17:36.964+0000][16996.384s][info][gc,phases   ] GC(3471)   Other: 0.3ms
[2024-05-30T15:17:36.964+0000][16996.384s][info][gc,heap     ] GC(3471) Eden regions: 784->0(780)
[2024-05-30T15:17:36.964+0000][16996.384s][info][gc,heap     ] GC(3471) Survivor regions: 10->14(100)
[2024-05-30T15:17:36.964+0000][16996.384s][info][gc,heap     ] GC(3471) Old regions: 372->372
[2024-05-30T15:17:36.964+0000][16996.384s][info][gc,heap     ] GC(3471) Archive regions: 2->2
[2024-05-30T15:17:36.964+0000][16996.384s][info][gc,heap     ] GC(3471) Humongous regions: 42->42
[2024-05-30T15:17:36.964+0000][16996.384s][info][gc,metaspace] GC(3471) Metaspace: 435552K(441600K)->435552K(441600K) NonClass: 381439K(384768K)->381439K(384768K) Class: 54113K(56832K)->54113K(56832K)
[2024-05-30T15:17:36.964+0000][16996.384s][info][gc          ] GC(3471) Pause Young (Concurrent Start) (G1 Evacuation Pause) 9662M->3418M(12288M) 35.642ms
[2024-05-30T15:17:36.965+0000][16996.384s][info][gc,cpu      ] GC(3471) User=0.21s Sys=0.00s Real=0.03s
[2024-05-30T15:17:36.965+0000][16996.384s][info][gc          ] GC(3472) Concurrent Mark Cycle
[2024-05-30T15:17:36.965+0000][16996.384s][info][gc,marking  ] GC(3472) Concurrent Clear Claimed Marks
[2024-05-30T15:17:36.965+0000][16996.384s][info][gc,marking  ] GC(3472) Concurrent Clear Claimed Marks 0.377ms
[2024-05-30T15:17:36.965+0000][16996.384s][info][gc,marking  ] GC(3472) Concurrent Scan Root Regions
[2024-05-30T15:17:36.993+0000][16996.412s][info][gc,marking  ] GC(3472) Concurrent Scan Root Regions 28.216ms
[2024-05-30T15:17:36.993+0000][16996.412s][info][gc,marking  ] GC(3472) Concurrent Mark
[2024-05-30T15:17:36.993+0000][16996.412s][info][gc,marking  ] GC(3472) Concurrent Mark From Roots
[2024-05-30T15:17:36.993+0000][16996.412s][info][gc,task     ] GC(3472) Using 2 workers of 2 for marking
[2024-05-30T15:17:39.131+0000][16998.550s][info][gc,marking  ] GC(3472) Concurrent Mark From Roots 2137.512ms
[2024-05-30T15:17:39.131+0000][16998.550s][info][gc,marking  ] GC(3472) Concurrent Preclean
[2024-05-30T15:17:39.132+0000][16998.551s][info][gc,marking  ] GC(3472) Concurrent Preclean 1.233ms
[2024-05-30T15:17:39.132+0000][16998.551s][info][gc,start    ] GC(3472) Pause Remark
[2024-05-30T15:17:39.157+0000][16998.576s][info][gc          ] GC(3472) Pause Remark 4434M->4434M(12288M) 24.503ms
[2024-05-30T15:17:39.157+0000][16998.576s][info][gc,cpu      ] GC(3472) User=0.11s Sys=0.00s Real=0.03s
[2024-05-30T15:17:39.157+0000][16998.576s][info][gc,marking  ] GC(3472) Concurrent Mark 2163.612ms
[2024-05-30T15:17:39.157+0000][16998.576s][info][gc,marking  ] GC(3472) Concurrent Rebuild Remembered Sets
[2024-05-30T15:17:40.420+0000][16999.839s][info][gc,marking  ] GC(3472) Concurrent Rebuild Remembered Sets 1263.206ms
[2024-05-30T15:17:40.420+0000][16999.839s][info][gc,start    ] GC(3472) Pause Cleanup
[2024-05-30T15:17:40.421+0000][16999.840s][info][gc          ] GC(3472) Pause Cleanup 5026M->5026M(12288M) 0.633ms
[2024-05-30T15:17:40.421+0000][16999.840s][info][gc,cpu      ] GC(3472) User=0.00s Sys=0.00s Real=0.00s
[2024-05-30T15:17:40.421+0000][16999.840s][info][gc,marking  ] GC(3472) Concurrent Cleanup for Next Mark
[2024-05-30T15:17:40.437+0000][16999.857s][info][gc,marking  ] GC(3472) Concurrent Cleanup for Next Mark 16.465ms
[2024-05-30T15:17:40.437+0000][16999.857s][info][gc          ] GC(3472) Concurrent Mark Cycle 3472.889ms
[2024-05-30T15:17:49.702+0000][17009.121s][info][gc,start    ] GC(3473) Pause Young (Prepare Mixed) (G1 Evacuation Pause)
[2024-05-30T15:17:49.702+0000][17009.121s][info][gc,task     ] GC(3473) Using 6 workers of 6 for evacuation
[2024-05-30T15:17:49.747+0000][17009.166s][info][gc,phases   ] GC(3473)   Pre Evacuate Collection Set: 0.2ms
[2024-05-30T15:17:49.747+0000][17009.166s][info][gc,phases   ] GC(3473)   Merge Heap Roots: 0.4ms
[2024-05-30T15:17:49.747+0000][17009.166s][info][gc,phases   ] GC(3473)   Evacuate Collection Set: 42.5ms
[2024-05-30T15:17:49.747+0000][17009.166s][info][gc,phases   ] GC(3473)   Post Evacuate Collection Set: 2.2ms
[2024-05-30T15:17:49.747+0000][17009.166s][info][gc,phases   ] GC(3473)   Other: 0.2ms
[2024-05-30T15:17:49.747+0000][17009.166s][info][gc,heap     ] GC(3473) Eden regions: 780->0(59)
[2024-05-30T15:17:49.747+0000][17009.166s][info][gc,heap     ] GC(3473) Survivor regions: 14->17(100)
[2024-05-30T15:17:49.747+0000][17009.166s][info][gc,heap     ] GC(3473) Old regions: 372->372
[2024-05-30T15:17:49.747+0000][17009.166s][info][gc,heap     ] GC(3473) Archive regions: 2->2
[2024-05-30T15:17:49.747+0000][17009.166s][info][gc,heap     ] GC(3473) Humongous regions: 42->42
[2024-05-30T15:17:49.747+0000][17009.166s][info][gc,metaspace] GC(3473) Metaspace: 435552K(441600K)->435552K(441600K) NonClass: 381439K(384768K)->381439K(384768K) Class: 54113K(56832K)->54113K(56832K)
[2024-05-30T15:17:49.747+0000][17009.166s][info][gc          ] GC(3473) Pause Young (Prepare Mixed) (G1 Evacuation Pause) 9658M->3443M(12288M) 45.520ms
[2024-05-30T15:17:49.747+0000][17009.166s][info][gc,cpu      ] GC(3473) User=0.27s Sys=0.00s Real=0.04s
[2024-05-30T15:17:50.756+0000][17010.175s][info][gc,start    ] GC(3474) Pause Young (Mixed) (G1 Evacuation Pause)
[2024-05-30T15:17:50.756+0000][17010.176s][info][gc,task     ] GC(3474) Using 6 workers of 6 for evacuation
[2024-05-30T15:17:50.834+0000][17010.254s][info][gc,phases   ] GC(3474)   Pre Evacuate Collection Set: 0.2ms
[2024-05-30T15:17:50.834+0000][17010.254s][info][gc,phases   ] GC(3474)   Merge Heap Roots: 0.5ms
[2024-05-30T15:17:50.834+0000][17010.254s][info][gc,phases   ] GC(3474)   Evacuate Collection Set: 75.8ms
[2024-05-30T15:17:50.834+0000][17010.254s][info][gc,phases   ] GC(3474)   Post Evacuate Collection Set: 1.6ms
[2024-05-30T15:17:50.834+0000][17010.254s][info][gc,phases   ] GC(3474)   Other: 0.2ms
[2024-05-30T15:17:50.835+0000][17010.254s][info][gc,heap     ] GC(3474) Eden regions: 59->0(790)
[2024-05-30T15:17:50.835+0000][17010.254s][info][gc,heap     ] GC(3474) Survivor regions: 17->3(10)
[2024-05-30T15:17:50.835+0000][17010.254s][info][gc,heap     ] GC(3474) Old regions: 372->373
[2024-05-30T15:17:50.835+0000][17010.254s][info][gc,heap     ] GC(3474) Archive regions: 2->2
[2024-05-30T15:17:50.835+0000][17010.254s][info][gc,heap     ] GC(3474) Humongous regions: 42->42
[2024-05-30T15:17:50.835+0000][17010.254s][info][gc,metaspace] GC(3474) Metaspace: 435552K(441600K)->435552K(441600K) NonClass: 381439K(384768K)->381439K(384768K) Class: 54113K(56832K)->54113K(56832K)
[2024-05-30T15:17:50.835+0000][17010.254s][info][gc          ] GC(3474) Pause Young (Mixed) (G1 Evacuation Pause) 3915M->3340M(12288M) 78.320ms
[2024-05-30T15:17:50.835+0000][17010.254s][info][gc,cpu      ] GC(3474) User=0.45s Sys=0.00s Real=0.08s
[2024-05-30T15:18:03.774+0000][17023.193s][info][gc,start    ] GC(3475) Pause Young (Normal) (G1 Evacuation Pause)
[2024-05-30T15:18:03.774+0000][17023.193s][info][gc,task     ] GC(3475) Using 6 workers of 6 for evacuation
[2024-05-30T15:18:03.793+0000][17023.213s][info][gc,phases   ] GC(3475)   Pre Evacuate Collection Set: 0.2ms
[2024-05-30T15:18:03.793+0000][17023.213s][info][gc,phases   ] GC(3475)   Merge Heap Roots: 0.3ms
[2024-05-30T15:18:03.793+0000][17023.213s][info][gc,phases   ] GC(3475)   Evacuate Collection Set: 16.9ms
[2024-05-30T15:18:03.793+0000][17023.213s][info][gc,phases   ] GC(3475)   Post Evacuate Collection Set: 2.3ms
[2024-05-30T15:18:03.793+0000][17023.213s][info][gc,phases   ] GC(3475)   Other: 0.2ms
[2024-05-30T15:18:03.793+0000][17023.213s][info][gc,heap     ] GC(3475) Eden regions: 790->0(787)
[2024-05-30T15:18:03.793+0000][17023.213s][info][gc,heap     ] GC(3475) Survivor regions: 3->6(100)
[2024-05-30T15:18:03.793+0000][17023.213s][info][gc,heap     ] GC(3475) Old regions: 373->373
[2024-05-30T15:18:03.794+0000][17023.213s][info][gc,heap     ] GC(3475) Archive regions: 2->2
[2024-05-30T15:18:03.794+0000][17023.213s][info][gc,heap     ] GC(3475) Humongous regions: 42->42
[2024-05-30T15:18:03.794+0000][17023.213s][info][gc,metaspace] GC(3475) Metaspace: 435552K(441600K)->435552K(441600K) NonClass: 381439K(384768K)->381439K(384768K) Class: 54113K(56832K)->54113K(56832K)
[2024-05-30T15:18:03.794+0000][17023.213s][info][gc          ] GC(3475) Pause Young (Normal) (G1 Evacuation Pause) 9660M->3365M(12288M) 19.889ms
[2024-05-30T15:18:03.794+0000][17023.213s][info][gc,cpu      ] GC(3475) User=0.11s Sys=0.00s Real=0.02s
[2024-05-30T15:18:16.090+0000][17035.510s][info][gc,start    ] GC(3476) Pause Young (Normal) (G1 Evacuation Pause)
[2024-05-30T15:18:16.090+0000][17035.510s][info][gc,task     ] GC(3476) Using 6 workers of 6 for evacuation
[2024-05-30T15:18:16.117+0000][17035.536s][info][gc,phases   ] GC(3476)   Pre Evacuate Collection Set: 0.2ms
[2024-05-30T15:18:16.117+0000][17035.536s][info][gc,phases   ] GC(3476)   Merge Heap Roots: 0.3ms
[2024-05-30T15:18:16.117+0000][17035.536s][info][gc,phases   ] GC(3476)   Evacuate Collection Set: 24.0ms
[2024-05-30T15:18:16.117+0000][17035.536s][info][gc,phases   ] GC(3476)   Post Evacuate Collection Set: 2.1ms
[2024-05-30T15:18:16.117+0000][17035.536s][info][gc,phases   ] GC(3476)   Other: 0.2ms
[2024-05-30T15:18:16.117+0000][17035.536s][info][gc,heap     ] GC(3476) Eden regions: 787->0(784)
[2024-05-30T15:18:16.117+0000][17035.536s][info][gc,heap     ] GC(3476) Survivor regions: 6->9(100)
[2024-05-30T15:18:16.117+0000][17035.536s][info][gc,heap     ] GC(3476) Old regions: 373->373
[2024-05-30T15:18:16.117+0000][17035.536s][info][gc,heap     ] GC(3476) Archive regions: 2->2
[2024-05-30T15:18:16.117+0000][17035.536s][info][gc,heap     ] GC(3476) Humongous regions: 42->42
[2024-05-30T15:18:16.117+0000][17035.536s][info][gc,metaspace] GC(3476) Metaspace: 435552K(441600K)->435552K(441600K) NonClass: 381439K(384768K)->381439K(384768K) Class: 54113K(56832K)->54113K(56832K)
[2024-05-30T15:18:16.117+0000][17035.536s][info][gc          ] GC(3476) Pause Young (Normal) (G1 Evacuation Pause) 9661M->3391M(12288M) 26.777ms
[2024-05-30T15:18:16.117+0000][17035.536s][info][gc,cpu      ] GC(3476) User=0.16s Sys=0.00s Real=0.03s
[2024-05-30T15:18:28.834+0000][17048.253s][info][gc,start    ] GC(3477) Pause Young (Concurrent Start) (G1 Evacuation Pause)
[2024-05-30T15:18:28.834+0000][17048.253s][info][gc,task     ] GC(3477) Using 6 workers of 6 for evacuation
[2024-05-30T15:18:28.868+0000][17048.287s][info][gc,phases   ] GC(3477)   Pre Evacuate Collection Set: 0.5ms
[2024-05-30T15:18:28.868+0000][17048.287s][info][gc,phases   ] GC(3477)   Merge Heap Roots: 0.3ms
[2024-05-30T15:18:28.868+0000][17048.287s][info][gc,phases   ] GC(3477)   Evacuate Collection Set: 31.2ms
[2024-05-30T15:18:28.868+0000][17048.287s][info][gc,phases   ] GC(3477)   Post Evacuate Collection Set: 2.3ms
[2024-05-30T15:18:28.868+0000][17048.287s][info][gc,phases   ] GC(3477)   Other: 0.3ms
[2024-05-30T15:18:28.868+0000][17048.287s][info][gc,heap     ] GC(3477) Eden regions: 784->0(778)
[2024-05-30T15:18:28.868+0000][17048.287s][info][gc,heap     ] GC(3477) Survivor regions: 9->14(100)
[2024-05-30T15:18:28.868+0000][17048.287s][info][gc,heap     ] GC(3477) Old regions: 373->373
[2024-05-30T15:18:28.868+0000][17048.287s][info][gc,heap     ] GC(3477) Archive regions: 2->2
[2024-05-30T15:18:28.868+0000][17048.287s][info][gc,heap     ] GC(3477) Humongous regions: 42->42
[2024-05-30T15:18:28.868+0000][17048.287s][info][gc,metaspace] GC(3477) Metaspace: 435552K(441600K)->435552K(441600K) NonClass: 381439K(384768K)->381439K(384768K) Class: 54113K(56832K)->54113K(56832K)
[2024-05-30T15:18:28.868+0000][17048.287s][info][gc          ] GC(3477) Pause Young (Concurrent Start) (G1 Evacuation Pause) 9663M->3430M(12288M) 34.660ms
[2024-05-30T15:18:28.868+0000][17048.288s][info][gc,cpu      ] GC(3477) User=0.20s Sys=0.00s Real=0.03s
[2024-05-30T15:18:28.868+0000][17048.288s][info][gc          ] GC(3478) Concurrent Mark Cycle
[2024-05-30T15:18:28.868+0000][17048.288s][info][gc,marking  ] GC(3478) Concurrent Clear Claimed Marks
[2024-05-30T15:18:28.869+0000][17048.288s][info][gc,marking  ] GC(3478) Concurrent Clear Claimed Marks 0.375ms
[2024-05-30T15:18:28.869+0000][17048.288s][info][gc,marking  ] GC(3478) Concurrent Scan Root Regions
[2024-05-30T15:18:28.892+0000][17048.311s][info][gc,marking  ] GC(3478) Concurrent Scan Root Regions 23.286ms
[2024-05-30T15:18:28.892+0000][17048.311s][info][gc,marking  ] GC(3478) Concurrent Mark
[2024-05-30T15:18:28.892+0000][17048.311s][info][gc,marking  ] GC(3478) Concurrent Mark From Roots
[2024-05-30T15:18:28.892+0000][17048.311s][info][gc,task     ] GC(3478) Using 2 workers of 2 for marking
[2024-05-30T15:18:31.099+0000][17050.518s][info][gc,marking  ] GC(3478) Concurrent Mark From Roots 2206.604ms
[2024-05-30T15:18:31.099+0000][17050.518s][info][gc,marking  ] GC(3478) Concurrent Preclean
[2024-05-30T15:18:31.100+0000][17050.519s][info][gc,marking  ] GC(3478) Concurrent Preclean 1.470ms
[2024-05-30T15:18:31.100+0000][17050.520s][info][gc,start    ] GC(3478) Pause Remark
[2024-05-30T15:18:31.125+0000][17050.544s][info][gc          ] GC(3478) Pause Remark 4414M->4414M(12288M) 24.290ms
[2024-05-30T15:18:31.125+0000][17050.544s][info][gc,cpu      ] GC(3478) User=0.11s Sys=0.00s Real=0.02s
[2024-05-30T15:18:31.125+0000][17050.544s][info][gc,marking  ] GC(3478) Concurrent Mark 2232.744ms
[2024-05-30T15:18:31.125+0000][17050.544s][info][gc,marking  ] GC(3478) Concurrent Rebuild Remembered Sets
[2024-05-30T15:18:32.361+0000][17051.780s][info][gc,marking  ] GC(3478) Concurrent Rebuild Remembered Sets 1236.382ms
[2024-05-30T15:18:32.361+0000][17051.781s][info][gc,start    ] GC(3478) Pause Cleanup
[2024-05-30T15:18:32.362+0000][17051.781s][info][gc          ] GC(3478) Pause Cleanup 5026M->5026M(12288M) 0.724ms
[2024-05-30T15:18:32.362+0000][17051.781s][info][gc,cpu      ] GC(3478) User=0.01s Sys=0.00s Real=0.00s
[2024-05-30T15:18:32.362+0000][17051.781s][info][gc,marking  ] GC(3478) Concurrent Cleanup for Next Mark
[2024-05-30T15:18:32.379+0000][17051.798s][info][gc,marking  ] GC(3478) Concurrent Cleanup for Next Mark 16.938ms
[2024-05-30T15:18:32.379+0000][17051.798s][info][gc          ] GC(3478) Concurrent Mark Cycle 3510.878ms
[2024-05-30T15:18:41.711+0000][17061.130s][info][gc,start    ] GC(3479) Pause Young (Prepare Mixed) (G1 Evacuation Pause)
[2024-05-30T15:18:41.711+0000][17061.131s][info][gc,task     ] GC(3479) Using 6 workers of 6 for evacuation
[2024-05-30T15:18:41.753+0000][17061.172s][info][gc,phases   ] GC(3479)   Pre Evacuate Collection Set: 0.2ms
[2024-05-30T15:18:41.753+0000][17061.172s][info][gc,phases   ] GC(3479)   Merge Heap Roots: 0.4ms
[2024-05-30T15:18:41.753+0000][17061.172s][info][gc,phases   ] GC(3479)   Evacuate Collection Set: 38.9ms
[2024-05-30T15:18:41.753+0000][17061.172s][info][gc,phases   ] GC(3479)   Post Evacuate Collection Set: 2.2ms
[2024-05-30T15:18:41.753+0000][17061.172s][info][gc,phases   ] GC(3479)   Other: 0.2ms
[2024-05-30T15:18:41.753+0000][17061.172s][info][gc,heap     ] GC(3479) Eden regions: 778->0(59)
[2024-05-30T15:18:41.753+0000][17061.172s][info][gc,heap     ] GC(3479) Survivor regions: 14->17(99)
[2024-05-30T15:18:41.753+0000][17061.172s][info][gc,heap     ] GC(3479) Old regions: 373->373
[2024-05-30T15:18:41.753+0000][17061.172s][info][gc,heap     ] GC(3479) Archive regions: 2->2
[2024-05-30T15:18:41.753+0000][17061.172s][info][gc,heap     ] GC(3479) Humongous regions: 42->42
[2024-05-30T15:18:41.753+0000][17061.172s][info][gc,metaspace] GC(3479) Metaspace: 435552K(441600K)->435552K(441600K) NonClass: 381439K(384768K)->381439K(384768K) Class: 54113K(56832K)->54113K(56832K)
[2024-05-30T15:18:41.753+0000][17061.172s][info][gc          ] GC(3479) Pause Young (Prepare Mixed) (G1 Evacuation Pause) 9654M->3451M(12288M) 41.947ms
[2024-05-30T15:18:41.753+0000][17061.172s][info][gc,cpu      ] GC(3479) User=0.25s Sys=0.00s Real=0.04s
[2024-05-30T15:18:42.762+0000][17062.181s][info][gc,start    ] GC(3480) Pause Young (Mixed) (G1 Evacuation Pause)
[2024-05-30T15:18:42.762+0000][17062.182s][info][gc,task     ] GC(3480) Using 6 workers of 6 for evacuation
[2024-05-30T15:18:42.842+0000][17062.262s][info][gc,phases   ] GC(3480)   Pre Evacuate Collection Set: 0.2ms
[2024-05-30T15:18:42.842+0000][17062.262s][info][gc,phases   ] GC(3480)   Merge Heap Roots: 0.5ms
[2024-05-30T15:18:42.842+0000][17062.262s][info][gc,phases   ] GC(3480)   Evacuate Collection Set: 77.8ms
[2024-05-30T15:18:42.842+0000][17062.262s][info][gc,phases   ] GC(3480)   Post Evacuate Collection Set: 1.5ms
[2024-05-30T15:18:42.842+0000][17062.262s][info][gc,phases   ] GC(3480)   Other: 0.2ms
[2024-05-30T15:18:42.842+0000][17062.262s][info][gc,heap     ] GC(3480) Eden regions: 59->0(785)
[2024-05-30T15:18:42.842+0000][17062.262s][info][gc,heap     ] GC(3480) Survivor regions: 17->3(10)
[2024-05-30T15:18:42.842+0000][17062.262s][info][gc,heap     ] GC(3480) Old regions: 373->377
[2024-05-30T15:18:42.842+0000][17062.262s][info][gc,heap     ] GC(3480) Archive regions: 2->2
[2024-05-30T15:18:42.842+0000][17062.262s][info][gc,heap     ] GC(3480) Humongous regions: 42->42
[2024-05-30T15:18:42.842+0000][17062.262s][info][gc,metaspace] GC(3480) Metaspace: 435552K(441600K)->435552K(441600K) NonClass: 381439K(384768K)->381439K(384768K) Class: 54113K(56832K)->54113K(56832K)
[2024-05-30T15:18:42.842+0000][17062.262s][info][gc          ] GC(3480) Pause Young (Mixed) (G1 Evacuation Pause) 3923M->3373M(12288M) 80.203ms
[2024-05-30T15:18:42.843+0000][17062.262s][info][gc,cpu      ] GC(3480) User=0.48s Sys=0.00s Real=0.08s
[2024-05-30T15:18:54.578+0000][17073.997s][info][gc,start    ] GC(3481) Pause Young (Normal) (G1 Evacuation Pause)
[2024-05-30T15:18:54.578+0000][17073.997s][info][gc,task     ] GC(3481) Using 6 workers of 6 for evacuation
[2024-05-30T15:18:54.597+0000][17074.016s][info][gc,phases   ] GC(3481)   Pre Evacuate Collection Set: 0.2ms
[2024-05-30T15:18:54.597+0000][17074.016s][info][gc,phases   ] GC(3481)   Merge Heap Roots: 0.3ms
[2024-05-30T15:18:54.597+0000][17074.016s][info][gc,phases   ] GC(3481)   Evacuate Collection Set: 16.0ms
[2024-05-30T15:18:54.597+0000][17074.016s][info][gc,phases   ] GC(3481)   Post Evacuate Collection Set: 2.3ms
[2024-05-30T15:18:54.597+0000][17074.016s][info][gc,phases   ] GC(3481)   Other: 0.2ms
[2024-05-30T15:18:54.597+0000][17074.016s][info][gc,heap     ] GC(3481) Eden regions: 785->0(782)
[2024-05-30T15:18:54.597+0000][17074.016s][info][gc,heap     ] GC(3481) Survivor regions: 3->6(99)
[2024-05-30T15:18:54.597+0000][17074.016s][info][gc,heap     ] GC(3481) Old regions: 377->377
[2024-05-30T15:18:54.597+0000][17074.016s][info][gc,heap     ] GC(3481) Archive regions: 2->2
[2024-05-30T15:18:54.597+0000][17074.016s][info][gc,heap     ] GC(3481) Humongous regions: 42->42
[2024-05-30T15:18:54.597+0000][17074.016s][info][gc,metaspace] GC(3481) Metaspace: 435552K(441600K)->435552K(441600K) NonClass: 381439K(384768K)->381439K(384768K) Class: 54113K(56832K)->54113K(56832K)
[2024-05-30T15:18:54.597+0000][17074.016s][info][gc          ] GC(3481) Pause Young (Normal) (G1 Evacuation Pause) 9653M->3396M(12288M) 18.928ms
[2024-05-30T15:18:54.597+0000][17074.016s][info][gc,cpu      ] GC(3481) User=0.10s Sys=0.00s Real=0.02s
[2024-05-30T15:19:07.215+0000][17086.634s][info][gc,start    ] GC(3482) Pause Young (Normal) (G1 Evacuation Pause)
[2024-05-30T15:19:07.215+0000][17086.634s][info][gc,task     ] GC(3482) Using 6 workers of 6 for evacuation
[2024-05-30T15:19:07.240+0000][17086.659s][info][gc,phases   ] GC(3482)   Pre Evacuate Collection Set: 0.2ms
[2024-05-30T15:19:07.240+0000][17086.659s][info][gc,phases   ] GC(3482)   Merge Heap Roots: 0.2ms
[2024-05-30T15:19:07.240+0000][17086.659s][info][gc,phases   ] GC(3482)   Evacuate Collection Set: 22.4ms
[2024-05-30T15:19:07.240+0000][17086.659s][info][gc,phases   ] GC(3482)   Post Evacuate Collection Set: 2.2ms
[2024-05-30T15:19:07.240+0000][17086.659s][info][gc,phases   ] GC(3482)   Other: 0.2ms
[2024-05-30T15:19:07.240+0000][17086.659s][info][gc,heap     ] GC(3482) Eden regions: 782->0(778)
[2024-05-30T15:19:07.240+0000][17086.659s][info][gc,heap     ] GC(3482) Survivor regions: 6->10(99)
[2024-05-30T15:19:07.240+0000][17086.659s][info][gc,heap     ] GC(3482) Old regions: 377->377
[2024-05-30T15:19:07.240+0000][17086.659s][info][gc,heap     ] GC(3482) Archive regions: 2->2
[2024-05-30T15:19:07.240+0000][17086.659s][info][gc,heap     ] GC(3482) Humongous regions: 42->42
[2024-05-30T15:19:07.240+0000][17086.659s][info][gc,metaspace] GC(3482) Metaspace: 435552K(441600K)->435552K(441600K) NonClass: 381439K(384768K)->381439K(384768K) Class: 54113K(56832K)->54113K(56832K)
[2024-05-30T15:19:07.240+0000][17086.659s][info][gc          ] GC(3482) Pause Young (Normal) (G1 Evacuation Pause) 9652M->3425M(12288M) 25.267ms
[2024-05-30T15:19:07.240+0000][17086.659s][info][gc,cpu      ] GC(3482) User=0.15s Sys=0.00s Real=0.03s
[2024-05-30T15:19:19.412+0000][17098.831s][info][gc,start    ] GC(3483) Pause Young (Concurrent Start) (G1 Evacuation Pause)
[2024-05-30T15:19:19.412+0000][17098.831s][info][gc,task     ] GC(3483) Using 6 workers of 6 for evacuation
[2024-05-30T15:19:19.443+0000][17098.863s][info][gc,phases   ] GC(3483)   Pre Evacuate Collection Set: 0.6ms
[2024-05-30T15:19:19.443+0000][17098.863s][info][gc,phases   ] GC(3483)   Merge Heap Roots: 0.2ms
[2024-05-30T15:19:19.443+0000][17098.863s][info][gc,phases   ] GC(3483)   Evacuate Collection Set: 28.2ms
[2024-05-30T15:19:19.443+0000][17098.863s][info][gc,phases   ] GC(3483)   Post Evacuate Collection Set: 2.2ms
[2024-05-30T15:19:19.443+0000][17098.863s][info][gc,phases   ] GC(3483)   Other: 0.3ms
[2024-05-30T15:19:19.443+0000][17098.863s][info][gc,heap     ] GC(3483) Eden regions: 778->0(777)
[2024-05-30T15:19:19.443+0000][17098.863s][info][gc,heap     ] GC(3483) Survivor regions: 10->12(99)
[2024-05-30T15:19:19.443+0000][17098.863s][info][gc,heap     ] GC(3483) Old regions: 377->377
[2024-05-30T15:19:19.443+0000][17098.863s][info][gc,heap     ] GC(3483) Archive regions: 2->2
[2024-05-30T15:19:19.443+0000][17098.863s][info][gc,heap     ] GC(3483) Humongous regions: 42->42
[2024-05-30T15:19:19.443+0000][17098.863s][info][gc,metaspace] GC(3483) Metaspace: 435552K(441600K)->435552K(441600K) NonClass: 381439K(384768K)->381439K(384768K) Class: 54113K(56832K)->54113K(56832K)
[2024-05-30T15:19:19.443+0000][17098.863s][info][gc          ] GC(3483) Pause Young (Concurrent Start) (G1 Evacuation Pause) 9649M->3441M(12288M) 31.537ms
[2024-05-30T15:19:19.443+0000][17098.863s][info][gc,cpu      ] GC(3483) User=0.19s Sys=0.00s Real=0.03s
[2024-05-30T15:19:19.443+0000][17098.863s][info][gc          ] GC(3484) Concurrent Mark Cycle
[2024-05-30T15:19:19.443+0000][17098.863s][info][gc,marking  ] GC(3484) Concurrent Clear Claimed Marks
[2024-05-30T15:19:19.444+0000][17098.863s][info][gc,marking  ] GC(3484) Concurrent Clear Claimed Marks 0.387ms
[2024-05-30T15:19:19.444+0000][17098.863s][info][gc,marking  ] GC(3484) Concurrent Scan Root Regions
[2024-05-30T15:19:19.484+0000][17098.903s][info][gc,marking  ] GC(3484) Concurrent Scan Root Regions 39.894ms
[2024-05-30T15:19:19.484+0000][17098.903s][info][gc,marking  ] GC(3484) Concurrent Mark
[2024-05-30T15:19:19.484+0000][17098.903s][info][gc,marking  ] GC(3484) Concurrent Mark From Roots
[2024-05-30T15:19:19.484+0000][17098.903s][info][gc,task     ] GC(3484) Using 2 workers of 2 for marking
[2024-05-30T15:19:21.690+0000][17101.109s][info][gc,marking  ] GC(3484) Concurrent Mark From Roots 2205.989ms
[2024-05-30T15:19:21.690+0000][17101.109s][info][gc,marking  ] GC(3484) Concurrent Preclean
[2024-05-30T15:19:21.691+0000][17101.111s][info][gc,marking  ] GC(3484) Concurrent Preclean 1.558ms
[2024-05-30T15:19:21.692+0000][17101.111s][info][gc,start    ] GC(3484) Pause Remark
[2024-05-30T15:19:21.716+0000][17101.136s][info][gc          ] GC(3484) Pause Remark 4469M->4469M(12288M) 24.859ms
[2024-05-30T15:19:21.716+0000][17101.136s][info][gc,cpu      ] GC(3484) User=0.11s Sys=0.00s Real=0.03s
[2024-05-30T15:19:21.717+0000][17101.136s][info][gc,marking  ] GC(3484) Concurrent Mark 2232.756ms
[2024-05-30T15:19:21.717+0000][17101.136s][info][gc,marking  ] GC(3484) Concurrent Rebuild Remembered Sets
[2024-05-30T15:19:22.987+0000][17102.407s][info][gc,marking  ] GC(3484) Concurrent Rebuild Remembered Sets 1270.738ms
[2024-05-30T15:19:22.987+0000][17102.407s][info][gc,start    ] GC(3484) Pause Cleanup
[2024-05-30T15:19:22.988+0000][17102.407s][info][gc          ] GC(3484) Pause Cleanup 5081M->5081M(12288M) 0.609ms
[2024-05-30T15:19:22.988+0000][17102.407s][info][gc,cpu      ] GC(3484) User=0.00s Sys=0.00s Real=0.00s
[2024-05-30T15:19:22.988+0000][17102.407s][info][gc,marking  ] GC(3484) Concurrent Cleanup for Next Mark
[2024-05-30T15:19:23.005+0000][17102.424s][info][gc,marking  ] GC(3484) Concurrent Cleanup for Next Mark 16.703ms
[2024-05-30T15:19:23.005+0000][17102.424s][info][gc          ] GC(3484) Concurrent Mark Cycle 3561.462ms
[2024-05-30T15:19:32.307+0000][17111.726s][info][gc,start    ] GC(3485) Pause Young (Prepare Mixed) (G1 Evacuation Pause)
[2024-05-30T15:19:32.307+0000][17111.726s][info][gc,task     ] GC(3485) Using 6 workers of 6 for evacuation
[2024-05-30T15:19:32.344+0000][17111.764s][info][gc,phases   ] GC(3485)   Pre Evacuate Collection Set: 0.2ms
[2024-05-30T15:19:32.344+0000][17111.764s][info][gc,phases   ] GC(3485)   Merge Heap Roots: 0.3ms
[2024-05-30T15:19:32.344+0000][17111.764s][info][gc,phases   ] GC(3485)   Evacuate Collection Set: 34.9ms
[2024-05-30T15:19:32.344+0000][17111.764s][info][gc,phases   ] GC(3485)   Post Evacuate Collection Set: 2.3ms
[2024-05-30T15:19:32.344+0000][17111.764s][info][gc,phases   ] GC(3485)   Other: 0.2ms
[2024-05-30T15:19:32.344+0000][17111.764s][info][gc,heap     ] GC(3485) Eden regions: 777->0(61)
[2024-05-30T15:19:32.344+0000][17111.764s][info][gc,heap     ] GC(3485) Survivor regions: 12->15(99)
[2024-05-30T15:19:32.344+0000][17111.764s][info][gc,heap     ] GC(3485) Old regions: 377->377
[2024-05-30T15:19:32.344+0000][17111.764s][info][gc,heap     ] GC(3485) Archive regions: 2->2
[2024-05-30T15:19:32.344+0000][17111.764s][info][gc,heap     ] GC(3485) Humongous regions: 42->42
[2024-05-30T15:19:32.345+0000][17111.764s][info][gc,metaspace] GC(3485) Metaspace: 435552K(441600K)->435552K(441600K) NonClass: 381439K(384768K)->381439K(384768K) Class: 54113K(56832K)->54113K(56832K)
[2024-05-30T15:19:32.345+0000][17111.764s][info][gc          ] GC(3485) Pause Young (Prepare Mixed) (G1 Evacuation Pause) 9657M->3469M(12288M) 37.889ms
[2024-05-30T15:19:32.345+0000][17111.764s][info][gc,cpu      ] GC(3485) User=0.22s Sys=0.00s Real=0.04s
[2024-05-30T15:19:33.311+0000][17112.730s][info][gc,start    ] GC(3486) Pause Young (Mixed) (G1 Evacuation Pause)
[2024-05-30T15:19:33.311+0000][17112.730s][info][gc,task     ] GC(3486) Using 6 workers of 6 for evacuation
[2024-05-30T15:19:33.394+0000][17112.813s][info][gc,phases   ] GC(3486)   Pre Evacuate Collection Set: 0.2ms
[2024-05-30T15:19:33.394+0000][17112.813s][info][gc,phases   ] GC(3486)   Merge Heap Roots: 0.5ms
[2024-05-30T15:19:33.394+0000][17112.813s][info][gc,phases   ] GC(3486)   Evacuate Collection Set: 80.5ms
[2024-05-30T15:19:33.394+0000][17112.813s][info][gc,phases   ] GC(3486)   Post Evacuate Collection Set: 1.5ms
[2024-05-30T15:19:33.394+0000][17112.813s][info][gc,phases   ] GC(3486)   Other: 0.2ms
[2024-05-30T15:19:33.394+0000][17112.813s][info][gc,heap     ] GC(3486) Eden regions: 61->0(789)
[2024-05-30T15:19:33.394+0000][17112.813s][info][gc,heap     ] GC(3486) Survivor regions: 15->6(10)
[2024-05-30T15:19:33.394+0000][17112.813s][info][gc,heap     ] GC(3486) Old regions: 377->371
[2024-05-30T15:19:33.394+0000][17112.813s][info][gc,heap     ] GC(3486) Archive regions: 2->2
[2024-05-30T15:19:33.394+0000][17112.813s][info][gc,heap     ] GC(3486) Humongous regions: 42->42
[2024-05-30T15:19:33.394+0000][17112.813s][info][gc,metaspace] GC(3486) Metaspace: 435552K(441600K)->435552K(441600K) NonClass: 381439K(384768K)->381439K(384768K) Class: 54113K(56832K)->54113K(56832K)
[2024-05-30T15:19:33.394+0000][17112.813s][info][gc          ] GC(3486) Pause Young (Mixed) (G1 Evacuation Pause) 3957M->3355M(12288M) 82.889ms
[2024-05-30T15:19:33.394+0000][17112.813s][info][gc,cpu      ] GC(3486) User=0.49s Sys=0.00s Real=0.08s
[2024-05-30T15:19:47.208+0000][17126.628s][info][gc,start    ] GC(3487) Pause Young (Normal) (G1 Evacuation Pause)
[2024-05-30T15:19:47.208+0000][17126.628s][info][gc,task     ] GC(3487) Using 6 workers of 6 for evacuation
[2024-05-30T15:19:47.233+0000][17126.652s][info][gc,phases   ] GC(3487)   Pre Evacuate Collection Set: 0.2ms
[2024-05-30T15:19:47.233+0000][17126.652s][info][gc,phases   ] GC(3487)   Merge Heap Roots: 0.2ms
[2024-05-30T15:19:47.233+0000][17126.652s][info][gc,phases   ] GC(3487)   Evacuate Collection Set: 22.0ms
[2024-05-30T15:19:47.233+0000][17126.652s][info][gc,phases   ] GC(3487)   Post Evacuate Collection Set: 2.2ms
[2024-05-30T15:19:47.233+0000][17126.652s][info][gc,phases   ] GC(3487)   Other: 0.2ms
[2024-05-30T15:19:47.233+0000][17126.652s][info][gc,heap     ] GC(3487) Eden regions: 789->0(785)
[2024-05-30T15:19:47.233+0000][17126.652s][info][gc,heap     ] GC(3487) Survivor regions: 6->10(100)
[2024-05-30T15:19:47.233+0000][17126.652s][info][gc,heap     ] GC(3487) Old regions: 371->371
[2024-05-30T15:19:47.233+0000][17126.652s][info][gc,heap     ] GC(3487) Archive regions: 2->2
[2024-05-30T15:19:47.233+0000][17126.652s][info][gc,heap     ] GC(3487) Humongous regions: 42->42
[2024-05-30T15:19:47.233+0000][17126.652s][info][gc,metaspace] GC(3487) Metaspace: 435552K(441600K)->435552K(441600K) NonClass: 381439K(384768K)->381439K(384768K) Class: 54113K(56832K)->54113K(56832K)
[2024-05-30T15:19:47.233+0000][17126.652s][info][gc          ] GC(3487) Pause Young (Normal) (G1 Evacuation Pause) 9667M->3382M(12288M) 24.821ms
[2024-05-30T15:19:47.233+0000][17126.653s][info][gc,cpu      ] GC(3487) User=0.15s Sys=0.00s Real=0.02s
[2024-05-30T15:19:59.950+0000][17139.369s][info][gc,start    ] GC(3488) Pause Young (Normal) (G1 Evacuation Pause)
[2024-05-30T15:19:59.950+0000][17139.369s][info][gc,task     ] GC(3488) Using 6 workers of 6 for evacuation
[2024-05-30T15:19:59.985+0000][17139.404s][info][gc,phases   ] GC(3488)   Pre Evacuate Collection Set: 0.2ms
[2024-05-30T15:19:59.985+0000][17139.404s][info][gc,phases   ] GC(3488)   Merge Heap Roots: 0.2ms
[2024-05-30T15:19:59.985+0000][17139.404s][info][gc,phases   ] GC(3488)   Evacuate Collection Set: 32.4ms
[2024-05-30T15:19:59.985+0000][17139.404s][info][gc,phases   ] GC(3488)   Post Evacuate Collection Set: 2.2ms
[2024-05-30T15:19:59.985+0000][17139.404s][info][gc,phases   ] GC(3488)   Other: 0.2ms
[2024-05-30T15:19:59.985+0000][17139.404s][info][gc,heap     ] GC(3488) Eden regions: 785->0(781)
[2024-05-30T15:19:59.985+0000][17139.404s][info][gc,heap     ] GC(3488) Survivor regions: 10->14(100)
[2024-05-30T15:19:59.985+0000][17139.404s][info][gc,heap     ] GC(3488) Old regions: 371->371
[2024-05-30T15:19:59.985+0000][17139.404s][info][gc,heap     ] GC(3488) Archive regions: 2->2
[2024-05-30T15:19:59.985+0000][17139.404s][info][gc,heap     ] GC(3488) Humongous regions: 42->42
[2024-05-30T15:19:59.985+0000][17139.404s][info][gc,metaspace] GC(3488) Metaspace: 435552K(441600K)->435552K(441600K) NonClass: 381439K(384768K)->381439K(384768K) Class: 54113K(56832K)->54113K(56832K)
[2024-05-30T15:19:59.985+0000][17139.404s][info][gc          ] GC(3488) Pause Young (Normal) (G1 Evacuation Pause) 9662M->3413M(12288M) 35.242ms
[2024-05-30T15:19:59.985+0000][17139.404s][info][gc,cpu      ] GC(3488) User=0.20s Sys=0.00s Real=0.03s
[2024-05-30T15:20:04.235+0000][17143.655s][info][gc,start    ] GC(3489) Pause Young (Concurrent Start) (G1 Evacuation Pause)
[2024-05-30T15:20:04.235+0000][17143.655s][info][gc,task     ] GC(3489) Using 6 workers of 6 for evacuation
[2024-05-30T15:20:04.307+0000][17143.727s][info][gc,phases   ] GC(3489)   Pre Evacuate Collection Set: 0.5ms
[2024-05-30T15:20:04.307+0000][17143.727s][info][gc,phases   ] GC(3489)   Merge Heap Roots: 0.2ms
[2024-05-30T15:20:04.307+0000][17143.727s][info][gc,phases   ] GC(3489)   Evacuate Collection Set: 58.1ms
[2024-05-30T15:20:04.307+0000][17143.727s][info][gc,phases   ] GC(3489)   Post Evacuate Collection Set: 12.7ms
[2024-05-30T15:20:04.307+0000][17143.727s][info][gc,phases   ] GC(3489)   Other: 0.3ms
[2024-05-30T15:20:04.307+0000][17143.727s][info][gc,heap     ] GC(3489) Eden regions: 781->0(778)
[2024-05-30T15:20:04.307+0000][17143.727s][info][gc,heap     ] GC(3489) Survivor regions: 14->17(100)
[2024-05-30T15:20:04.307+0000][17143.727s][info][gc,heap     ] GC(3489) Old regions: 371->371
[2024-05-30T15:20:04.307+0000][17143.727s][info][gc,heap     ] GC(3489) Archive regions: 2->2
[2024-05-30T15:20:04.307+0000][17143.727s][info][gc,heap     ] GC(3489) Humongous regions: 42->42
[2024-05-30T15:20:04.307+0000][17143.727s][info][gc,metaspace] GC(3489) Metaspace: 435552K(441600K)->435552K(441600K) NonClass: 381439K(384768K)->381439K(384768K) Class: 54113K(56832K)->54113K(56832K)
[2024-05-30T15:20:04.307+0000][17143.727s][info][gc          ] GC(3489) Pause Young (Concurrent Start) (G1 Evacuation Pause) 9661M->3438M(12288M) 72.010ms
[2024-05-30T15:20:04.307+0000][17143.727s][info][gc,cpu      ] GC(3489) User=0.42s Sys=0.00s Real=0.07s
[2024-05-30T15:20:04.308+0000][17143.727s][info][gc          ] GC(3490) Concurrent Mark Cycle
[2024-05-30T15:20:04.308+0000][17143.727s][info][gc,marking  ] GC(3490) Concurrent Clear Claimed Marks
[2024-05-30T15:20:04.308+0000][17143.727s][info][gc,marking  ] GC(3490) Concurrent Clear Claimed Marks 0.407ms
[2024-05-30T15:20:04.308+0000][17143.727s][info][gc,marking  ] GC(3490) Concurrent Scan Root Regions
[2024-05-30T15:20:04.343+0000][17143.763s][info][gc,marking  ] GC(3490) Concurrent Scan Root Regions 35.402ms
[2024-05-30T15:20:04.343+0000][17143.763s][info][gc,marking  ] GC(3490) Concurrent Mark
[2024-05-30T15:20:04.343+0000][17143.763s][info][gc,marking  ] GC(3490) Concurrent Mark From Roots
[2024-05-30T15:20:04.343+0000][17143.763s][info][gc,task     ] GC(3490) Using 2 workers of 2 for marking
[2024-05-30T15:20:06.557+0000][17145.976s][info][gc,marking  ] GC(3490) Concurrent Mark From Roots 2213.817ms
[2024-05-30T15:20:06.557+0000][17145.977s][info][gc,marking  ] GC(3490) Concurrent Preclean
[2024-05-30T15:20:06.559+0000][17145.978s][info][gc,marking  ] GC(3490) Concurrent Preclean 1.261ms
[2024-05-30T15:20:06.559+0000][17145.978s][info][gc,start    ] GC(3490) Pause Remark
[2024-05-30T15:20:06.583+0000][17146.002s][info][gc          ] GC(3490) Pause Remark 8338M->8338M(12288M) 24.472ms
[2024-05-30T15:20:06.583+0000][17146.002s][info][gc,cpu      ] GC(3490) User=0.10s Sys=0.01s Real=0.02s
[2024-05-30T15:20:06.583+0000][17146.003s][info][gc,marking  ] GC(3490) Concurrent Mark 2239.878ms
[2024-05-30T15:20:06.583+0000][17146.003s][info][gc,marking  ] GC(3490) Concurrent Rebuild Remembered Sets
[2024-05-30T15:20:07.315+0000][17146.734s][info][gc,start    ] GC(3491) Pause Young (Normal) (G1 Evacuation Pause)
[2024-05-30T15:20:07.315+0000][17146.734s][info][gc,task     ] GC(3491) Using 6 workers of 6 for evacuation
[2024-05-30T15:20:07.411+0000][17146.830s][info][gc,phases   ] GC(3491)   Pre Evacuate Collection Set: 0.1ms
[2024-05-30T15:20:07.411+0000][17146.830s][info][gc,phases   ] GC(3491)   Merge Heap Roots: 0.2ms
[2024-05-30T15:20:07.411+0000][17146.830s][info][gc,phases   ] GC(3491)   Evacuate Collection Set: 77.0ms
[2024-05-30T15:20:07.411+0000][17146.830s][info][gc,phases   ] GC(3491)   Post Evacuate Collection Set: 17.9ms
[2024-05-30T15:20:07.411+0000][17146.830s][info][gc,phases   ] GC(3491)   Other: 0.2ms
[2024-05-30T15:20:07.411+0000][17146.830s][info][gc,heap     ] GC(3491) Eden regions: 778->0(771)
[2024-05-30T15:20:07.411+0000][17146.830s][info][gc,heap     ] GC(3491) Survivor regions: 17->21(100)
[2024-05-30T15:20:07.411+0000][17146.830s][info][gc,heap     ] GC(3491) Old regions: 371->371
[2024-05-30T15:20:07.411+0000][17146.830s][info][gc,heap     ] GC(3491) Archive regions: 2->2
[2024-05-30T15:20:07.411+0000][17146.830s][info][gc,heap     ] GC(3491) Humongous regions: 42->42
[2024-05-30T15:20:07.411+0000][17146.830s][info][gc,metaspace] GC(3491) Metaspace: 435552K(441600K)->435552K(441600K) NonClass: 381439K(384768K)->381439K(384768K) Class: 54113K(56832K)->54113K(56832K)
[2024-05-30T15:20:07.411+0000][17146.830s][info][gc          ] GC(3491) Pause Young (Normal) (G1 Evacuation Pause) 9662M->3474M(12288M) 95.587ms
[2024-05-30T15:20:07.411+0000][17146.830s][info][gc,cpu      ] GC(3491) User=0.56s Sys=0.00s Real=0.10s
[2024-05-30T15:20:08.014+0000][17147.434s][info][gc,marking  ] GC(3490) Concurrent Rebuild Remembered Sets 1431.016ms
[2024-05-30T15:20:08.015+0000][17147.434s][info][gc,start    ] GC(3490) Pause Cleanup
[2024-05-30T15:20:08.015+0000][17147.434s][info][gc          ] GC(3490) Pause Cleanup 4918M->4918M(12288M) 0.586ms
[2024-05-30T15:20:08.015+0000][17147.434s][info][gc,cpu      ] GC(3490) User=0.00s Sys=0.00s Real=0.00s
[2024-05-30T15:20:08.015+0000][17147.434s][info][gc,marking  ] GC(3490) Concurrent Cleanup for Next Mark
[2024-05-30T15:20:08.043+0000][17147.463s][info][gc,marking  ] GC(3490) Concurrent Cleanup for Next Mark 28.174ms
[2024-05-30T15:20:08.043+0000][17147.463s][info][gc          ] GC(3490) Concurrent Mark Cycle 3735.963ms
[2024-05-30T15:20:10.163+0000][17149.582s][info][gc,start    ] GC(3492) Pause Young (Prepare Mixed) (G1 Evacuation Pause)
[2024-05-30T15:20:10.163+0000][17149.582s][info][gc,task     ] GC(3492) Using 6 workers of 6 for evacuation
[2024-05-30T15:20:10.276+0000][17149.695s][info][gc,phases   ] GC(3492)   Pre Evacuate Collection Set: 0.2ms
[2024-05-30T15:20:10.276+0000][17149.695s][info][gc,phases   ] GC(3492)   Merge Heap Roots: 0.3ms
[2024-05-30T15:20:10.276+0000][17149.695s][info][gc,phases   ] GC(3492)   Evacuate Collection Set: 91.6ms
[2024-05-30T15:20:10.276+0000][17149.695s][info][gc,phases   ] GC(3492)   Post Evacuate Collection Set: 20.9ms
[2024-05-30T15:20:10.276+0000][17149.695s][info][gc,phases   ] GC(3492)   Other: 0.2ms
[2024-05-30T15:20:10.276+0000][17149.695s][info][gc,heap     ] GC(3492) Eden regions: 771->0(51)
[2024-05-30T15:20:10.276+0000][17149.695s][info][gc,heap     ] GC(3492) Survivor regions: 21->25(99)
[2024-05-30T15:20:10.276+0000][17149.695s][info][gc,heap     ] GC(3492) Old regions: 371->371
[2024-05-30T15:20:10.276+0000][17149.695s][info][gc,heap     ] GC(3492) Archive regions: 2->2
[2024-05-30T15:20:10.276+0000][17149.695s][info][gc,heap     ] GC(3492) Humongous regions: 42->42
[2024-05-30T15:20:10.276+0000][17149.695s][info][gc,metaspace] GC(3492) Metaspace: 435552K(441600K)->435552K(441600K) NonClass: 381439K(384768K)->381439K(384768K) Class: 54113K(56832K)->54113K(56832K)
[2024-05-30T15:20:10.276+0000][17149.695s][info][gc          ] GC(3492) Pause Young (Prepare Mixed) (G1 Evacuation Pause) 9642M->3507M(12288M) 113.232ms
[2024-05-30T15:20:10.276+0000][17149.695s][info][gc,cpu      ] GC(3492) User=0.67s Sys=0.00s Real=0.11s
[2024-05-30T15:20:10.488+0000][17149.907s][info][gc,start    ] GC(3493) Pause Young (Mixed) (G1 Evacuation Pause)
[2024-05-30T15:20:10.488+0000][17149.907s][info][gc,task     ] GC(3493) Using 6 workers of 6 for evacuation
[2024-05-30T15:20:10.610+0000][17150.030s][info][gc,phases   ] GC(3493)   Pre Evacuate Collection Set: 0.2ms
[2024-05-30T15:20:10.610+0000][17150.030s][info][gc,phases   ] GC(3493)   Merge Heap Roots: 0.5ms
[2024-05-30T15:20:10.610+0000][17150.030s][info][gc,phases   ] GC(3493)   Evacuate Collection Set: 119.2ms
[2024-05-30T15:20:10.610+0000][17150.030s][info][gc,phases   ] GC(3493)   Post Evacuate Collection Set: 2.8ms
[2024-05-30T15:20:10.610+0000][17150.030s][info][gc,phases   ] GC(3493)   Other: 0.2ms
[2024-05-30T15:20:10.610+0000][17150.030s][info][gc,heap     ] GC(3493) Eden regions: 51->0(779)
[2024-05-30T15:20:10.611+0000][17150.030s][info][gc,heap     ] GC(3493) Survivor regions: 25->3(10)
[2024-05-30T15:20:10.611+0000][17150.030s][info][gc,heap     ] GC(3493) Old regions: 371->383
[2024-05-30T15:20:10.611+0000][17150.030s][info][gc,heap     ] GC(3493) Archive regions: 2->2
[2024-05-30T15:20:10.611+0000][17150.030s][info][gc,heap     ] GC(3493) Humongous regions: 42->42
[2024-05-30T15:20:10.611+0000][17150.030s][info][gc,metaspace] GC(3493) Metaspace: 435552K(441600K)->435552K(441600K) NonClass: 381439K(384768K)->381439K(384768K) Class: 54113K(56832K)->54113K(56832K)
[2024-05-30T15:20:10.611+0000][17150.030s][info][gc          ] GC(3493) Pause Young (Mixed) (G1 Evacuation Pause) 3915M->3427M(12288M) 122.907ms
[2024-05-30T15:20:10.611+0000][17150.030s][info][gc,cpu      ] GC(3493) User=0.73s Sys=0.00s Real=0.13s
[2024-05-30T15:20:13.124+0000][17152.543s][info][gc,start    ] GC(3494) Pause Young (Normal) (G1 Evacuation Pause)
[2024-05-30T15:20:13.124+0000][17152.543s][info][gc,task     ] GC(3494) Using 6 workers of 6 for evacuation
[2024-05-30T15:20:13.200+0000][17152.619s][info][gc,phases   ] GC(3494)   Pre Evacuate Collection Set: 0.2ms
[2024-05-30T15:20:13.200+0000][17152.619s][info][gc,phases   ] GC(3494)   Merge Heap Roots: 0.4ms
[2024-05-30T15:20:13.200+0000][17152.619s][info][gc,phases   ] GC(3494)   Evacuate Collection Set: 57.5ms
[2024-05-30T15:20:13.200+0000][17152.619s][info][gc,phases   ] GC(3494)   Post Evacuate Collection Set: 18.0ms
[2024-05-30T15:20:13.200+0000][17152.619s][info][gc,phases   ] GC(3494)   Other: 0.2ms
[2024-05-30T15:20:13.200+0000][17152.619s][info][gc,heap     ] GC(3494) Eden regions: 779->0(777)
[2024-05-30T15:20:13.200+0000][17152.619s][info][gc,heap     ] GC(3494) Survivor regions: 3->6(98)
[2024-05-30T15:20:13.200+0000][17152.619s][info][gc,heap     ] GC(3494) Old regions: 383->383
[2024-05-30T15:20:13.200+0000][17152.619s][info][gc,heap     ] GC(3494) Archive regions: 2->2
[2024-05-30T15:20:13.200+0000][17152.619s][info][gc,heap     ] GC(3494) Humongous regions: 42->42
[2024-05-30T15:20:13.200+0000][17152.619s][info][gc,metaspace] GC(3494) Metaspace: 435552K(441600K)->435552K(441600K) NonClass: 381439K(384768K)->381439K(384768K) Class: 54113K(56832K)->54113K(56832K)
[2024-05-30T15:20:13.200+0000][17152.619s][info][gc          ] GC(3494) Pause Young (Normal) (G1 Evacuation Pause) 9659M->3451M(12288M) 76.324ms
[2024-05-30T15:20:13.200+0000][17152.620s][info][gc,cpu      ] GC(3494) User=0.44s Sys=0.00s Real=0.08s
[2024-05-30T15:20:15.749+0000][17155.168s][info][gc,start    ] GC(3495) Pause Young (Normal) (G1 Evacuation Pause)
[2024-05-30T15:20:15.749+0000][17155.168s][info][gc,task     ] GC(3495) Using 6 workers of 6 for evacuation
[2024-05-30T15:20:15.839+0000][17155.258s][info][gc,phases   ] GC(3495)   Pre Evacuate Collection Set: 0.2ms
[2024-05-30T15:20:15.839+0000][17155.258s][info][gc,phases   ] GC(3495)   Merge Heap Roots: 0.3ms
[2024-05-30T15:20:15.839+0000][17155.258s][info][gc,phases   ] GC(3495)   Evacuate Collection Set: 69.5ms
[2024-05-30T15:20:15.839+0000][17155.258s][info][gc,phases   ] GC(3495)   Post Evacuate Collection Set: 19.7ms
[2024-05-30T15:20:15.839+0000][17155.258s][info][gc,phases   ] GC(3495)   Other: 0.2ms
[2024-05-30T15:20:15.839+0000][17155.258s][info][gc,heap     ] GC(3495) Eden regions: 777->0(772)
[2024-05-30T15:20:15.839+0000][17155.258s][info][gc,heap     ] GC(3495) Survivor regions: 6->11(98)
[2024-05-30T15:20:15.839+0000][17155.258s][info][gc,heap     ] GC(3495) Old regions: 383->383
[2024-05-30T15:20:15.839+0000][17155.258s][info][gc,heap     ] GC(3495) Archive regions: 2->2
[2024-05-30T15:20:15.839+0000][17155.258s][info][gc,heap     ] GC(3495) Humongous regions: 42->42
[2024-05-30T15:20:15.839+0000][17155.258s][info][gc,metaspace] GC(3495) Metaspace: 435552K(441600K)->435552K(441600K) NonClass: 381439K(384768K)->381439K(384768K) Class: 54113K(56832K)->54113K(56832K)
[2024-05-30T15:20:15.839+0000][17155.258s][info][gc          ] GC(3495) Pause Young (Normal) (G1 Evacuation Pause) 9667M->3486M(12288M) 89.991ms
[2024-05-30T15:20:15.839+0000][17155.258s][info][gc,cpu      ] GC(3495) User=0.52s Sys=0.00s Real=0.09s
[2024-05-30T15:20:18.485+0000][17157.905s][info][gc,start    ] GC(3496) Pause Young (Concurrent Start) (G1 Evacuation Pause)
[2024-05-30T15:20:18.485+0000][17157.905s][info][gc,task     ] GC(3496) Using 6 workers of 6 for evacuation
[2024-05-30T15:20:18.606+0000][17158.025s][info][gc,phases   ] GC(3496)   Pre Evacuate Collection Set: 0.5ms
[2024-05-30T15:20:18.606+0000][17158.025s][info][gc,phases   ] GC(3496)   Merge Heap Roots: 0.4ms
[2024-05-30T15:20:18.606+0000][17158.025s][info][gc,phases   ] GC(3496)   Evacuate Collection Set: 94.6ms
[2024-05-30T15:20:18.606+0000][17158.025s][info][gc,phases   ] GC(3496)   Post Evacuate Collection Set: 24.8ms
[2024-05-30T15:20:18.606+0000][17158.025s][info][gc,phases   ] GC(3496)   Other: 0.3ms
[2024-05-30T15:20:18.606+0000][17158.025s][info][gc,heap     ] GC(3496) Eden regions: 772->0(766)
[2024-05-30T15:20:18.606+0000][17158.025s][info][gc,heap     ] GC(3496) Survivor regions: 11->16(98)
[2024-05-30T15:20:18.606+0000][17158.025s][info][gc,heap     ] GC(3496) Old regions: 383->383
[2024-05-30T15:20:18.606+0000][17158.025s][info][gc,heap     ] GC(3496) Archive regions: 2->2
[2024-05-30T15:20:18.606+0000][17158.025s][info][gc,heap     ] GC(3496) Humongous regions: 42->42
[2024-05-30T15:20:18.606+0000][17158.025s][info][gc,metaspace] GC(3496) Metaspace: 435552K(441600K)->435552K(441600K) NonClass: 381439K(384768K)->381439K(384768K) Class: 54113K(56832K)->54113K(56832K)
[2024-05-30T15:20:18.606+0000][17158.025s][info][gc          ] GC(3496) Pause Young (Concurrent Start) (G1 Evacuation Pause) 9662M->3527M(12288M) 120.706ms
[2024-05-30T15:20:18.606+0000][17158.025s][info][gc,cpu      ] GC(3496) User=0.71s Sys=0.00s Real=0.12s
[2024-05-30T15:20:18.606+0000][17158.025s][info][gc          ] GC(3497) Concurrent Mark Cycle
[2024-05-30T15:20:18.606+0000][17158.025s][info][gc,marking  ] GC(3497) Concurrent Clear Claimed Marks
[2024-05-30T15:20:18.607+0000][17158.026s][info][gc,marking  ] GC(3497) Concurrent Clear Claimed Marks 0.413ms
[2024-05-30T15:20:18.607+0000][17158.026s][info][gc,marking  ] GC(3497) Concurrent Scan Root Regions
[2024-05-30T15:20:18.652+0000][17158.071s][info][gc,marking  ] GC(3497) Concurrent Scan Root Regions 45.026ms
[2024-05-30T15:20:18.652+0000][17158.071s][info][gc,marking  ] GC(3497) Concurrent Mark
[2024-05-30T15:20:18.652+0000][17158.071s][info][gc,marking  ] GC(3497) Concurrent Mark From Roots
[2024-05-30T15:20:18.652+0000][17158.071s][info][gc,task     ] GC(3497) Using 2 workers of 2 for marking
[2024-05-30T15:20:21.011+0000][17160.430s][info][gc,marking  ] GC(3497) Concurrent Mark From Roots 2359.448ms
[2024-05-30T15:20:21.011+0000][17160.430s][info][gc,marking  ] GC(3497) Concurrent Preclean
[2024-05-30T15:20:21.013+0000][17160.432s][info][gc,marking  ] GC(3497) Concurrent Preclean 1.291ms
[2024-05-30T15:20:21.013+0000][17160.432s][info][gc,start    ] GC(3497) Pause Remark
[2024-05-30T15:20:21.038+0000][17160.457s][info][gc          ] GC(3497) Pause Remark 8847M->8847M(12288M) 24.790ms
[2024-05-30T15:20:21.038+0000][17160.457s][info][gc,cpu      ] GC(3497) User=0.11s Sys=0.00s Real=0.03s
[2024-05-30T15:20:21.038+0000][17160.457s][info][gc,marking  ] GC(3497) Concurrent Mark 2385.948ms
[2024-05-30T15:20:21.038+0000][17160.457s][info][gc,marking  ] GC(3497) Concurrent Rebuild Remembered Sets
[2024-05-30T15:20:21.517+0000][17160.936s][info][gc,start    ] GC(3498) Pause Young (Normal) (G1 Evacuation Pause)
[2024-05-30T15:20:21.517+0000][17160.936s][info][gc,task     ] GC(3498) Using 6 workers of 6 for evacuation
[2024-05-30T15:20:21.658+0000][17161.077s][info][gc,phases   ] GC(3498)   Pre Evacuate Collection Set: 0.2ms
[2024-05-30T15:20:21.658+0000][17161.077s][info][gc,phases   ] GC(3498)   Merge Heap Roots: 1.4ms
[2024-05-30T15:20:21.658+0000][17161.077s][info][gc,phases   ] GC(3498)   Evacuate Collection Set: 113.5ms
[2024-05-30T15:20:21.658+0000][17161.077s][info][gc,phases   ] GC(3498)   Post Evacuate Collection Set: 25.6ms
[2024-05-30T15:20:21.658+0000][17161.077s][info][gc,phases   ] GC(3498)   Other: 0.2ms
[2024-05-30T15:20:21.658+0000][17161.077s][info][gc,heap     ] GC(3498) Eden regions: 766->0(759)
[2024-05-30T15:20:21.658+0000][17161.077s][info][gc,heap     ] GC(3498) Survivor regions: 16->21(98)
[2024-05-30T15:20:21.658+0000][17161.077s][info][gc,heap     ] GC(3498) Old regions: 383->383
[2024-05-30T15:20:21.658+0000][17161.077s][info][gc,heap     ] GC(3498) Archive regions: 2->2
[2024-05-30T15:20:21.658+0000][17161.077s][info][gc,heap     ] GC(3498) Humongous regions: 42->42
[2024-05-30T15:20:21.658+0000][17161.077s][info][gc,metaspace] GC(3498) Metaspace: 435552K(441600K)->435552K(441600K) NonClass: 381439K(384768K)->381439K(384768K) Class: 54113K(56832K)->54113K(56832K)
[2024-05-30T15:20:21.658+0000][17161.077s][info][gc          ] GC(3498) Pause Young (Normal) (G1 Evacuation Pause) 9655M->3570M(12288M) 140.967ms
[2024-05-30T15:20:21.658+0000][17161.077s][info][gc,cpu      ] GC(3498) User=0.82s Sys=0.00s Real=0.14s
[2024-05-30T15:20:22.435+0000][17161.854s][info][gc,marking  ] GC(3497) Concurrent Rebuild Remembered Sets 1397.362ms
[2024-05-30T15:20:22.435+0000][17161.855s][info][gc,start    ] GC(3497) Pause Cleanup
[2024-05-30T15:20:22.436+0000][17161.855s][info][gc          ] GC(3497) Pause Cleanup 4970M->4970M(12288M) 0.583ms
[2024-05-30T15:20:22.436+0000][17161.855s][info][gc,cpu      ] GC(3497) User=0.00s Sys=0.00s Real=0.00s
[2024-05-30T15:20:22.436+0000][17161.855s][info][gc,marking  ] GC(3497) Concurrent Cleanup for Next Mark
[2024-05-30T15:20:22.453+0000][17161.872s][info][gc,marking  ] GC(3497) Concurrent Cleanup for Next Mark 16.630ms
[2024-05-30T15:20:22.453+0000][17161.872s][info][gc          ] GC(3497) Concurrent Mark Cycle 3846.432ms
[2024-05-30T15:20:24.347+0000][17163.767s][info][gc,start    ] GC(3499) Pause Young (Prepare Mixed) (G1 Evacuation Pause)
[2024-05-30T15:20:24.347+0000][17163.767s][info][gc,task     ] GC(3499) Using 6 workers of 6 for evacuation
[2024-05-30T15:20:24.487+0000][17163.907s][info][gc,phases   ] GC(3499)   Pre Evacuate Collection Set: 0.2ms
[2024-05-30T15:20:24.488+0000][17163.907s][info][gc,phases   ] GC(3499)   Merge Heap Roots: 0.6ms
[2024-05-30T15:20:24.488+0000][17163.907s][info][gc,phases   ] GC(3499)   Evacuate Collection Set: 120.5ms
[2024-05-30T15:20:24.488+0000][17163.907s][info][gc,phases   ] GC(3499)   Post Evacuate Collection Set: 18.7ms
[2024-05-30T15:20:24.488+0000][17163.907s][info][gc,phases   ] GC(3499)   Other: 0.2ms
[2024-05-30T15:20:24.488+0000][17163.907s][info][gc,heap     ] GC(3499) Eden regions: 759->0(49)
[2024-05-30T15:20:24.488+0000][17163.907s][info][gc,heap     ] GC(3499) Survivor regions: 21->27(98)
[2024-05-30T15:20:24.488+0000][17163.907s][info][gc,heap     ] GC(3499) Old regions: 383->383
[2024-05-30T15:20:24.488+0000][17163.907s][info][gc,heap     ] GC(3499) Archive regions: 2->2
[2024-05-30T15:20:24.488+0000][17163.907s][info][gc,heap     ] GC(3499) Humongous regions: 42->42
[2024-05-30T15:20:24.488+0000][17163.907s][info][gc,metaspace] GC(3499) Metaspace: 435552K(441600K)->435552K(441600K) NonClass: 381439K(384768K)->381439K(384768K) Class: 54113K(56832K)->54113K(56832K)
[2024-05-30T15:20:24.488+0000][17163.907s][info][gc          ] GC(3499) Pause Young (Prepare Mixed) (G1 Evacuation Pause) 9642M->3615M(12288M) 140.193ms
[2024-05-30T15:20:24.488+0000][17163.907s][info][gc,cpu      ] GC(3499) User=0.82s Sys=0.00s Real=0.14s
[2024-05-30T15:20:24.642+0000][17164.061s][info][gc,start    ] GC(3500) Pause Young (Mixed) (G1 Evacuation Pause)
[2024-05-30T15:20:24.642+0000][17164.061s][info][gc,task     ] GC(3500) Using 6 workers of 6 for evacuation
[2024-05-30T15:20:24.753+0000][17164.172s][info][gc,phases   ] GC(3500)   Pre Evacuate Collection Set: 0.2ms
[2024-05-30T15:20:24.753+0000][17164.172s][info][gc,phases   ] GC(3500)   Merge Heap Roots: 0.4ms
[2024-05-30T15:20:24.753+0000][17164.172s][info][gc,phases   ] GC(3500)   Evacuate Collection Set: 107.4ms
[2024-05-30T15:20:24.753+0000][17164.172s][info][gc,phases   ] GC(3500)   Post Evacuate Collection Set: 2.7ms
[2024-05-30T15:20:24.753+0000][17164.172s][info][gc,phases   ] GC(3500)   Other: 0.2ms
[2024-05-30T15:20:24.753+0000][17164.172s][info][gc,heap     ] GC(3500) Eden regions: 49->0(772)
[2024-05-30T15:20:24.753+0000][17164.172s][info][gc,heap     ] GC(3500) Survivor regions: 27->3(10)
[2024-05-30T15:20:24.753+0000][17164.172s][info][gc,heap     ] GC(3500) Old regions: 383->390
[2024-05-30T15:20:24.753+0000][17164.172s][info][gc,heap     ] GC(3500) Archive regions: 2->2
[2024-05-30T15:20:24.753+0000][17164.172s][info][gc,heap     ] GC(3500) Humongous regions: 42->42
[2024-05-30T15:20:24.753+0000][17164.172s][info][gc,metaspace] GC(3500) Metaspace: 435552K(441600K)->435552K(441600K) NonClass: 381439K(384768K)->381439K(384768K) Class: 54113K(56832K)->54113K(56832K)
[2024-05-30T15:20:24.753+0000][17164.172s][info][gc          ] GC(3500) Pause Young (Mixed) (G1 Evacuation Pause) 4007M->3482M(12288M) 110.840ms
[2024-05-30T15:20:24.753+0000][17164.172s][info][gc,cpu      ] GC(3500) User=0.66s Sys=0.00s Real=0.11s
[2024-05-30T15:20:27.087+0000][17166.506s][info][gc,start    ] GC(3501) Pause Young (Normal) (G1 Evacuation Pause)
[2024-05-30T15:20:27.087+0000][17166.506s][info][gc,task     ] GC(3501) Using 6 workers of 6 for evacuation
[2024-05-30T15:20:27.170+0000][17166.589s][info][gc,phases   ] GC(3501)   Pre Evacuate Collection Set: 0.2ms
[2024-05-30T15:20:27.170+0000][17166.589s][info][gc,phases   ] GC(3501)   Merge Heap Roots: 0.3ms
[2024-05-30T15:20:27.170+0000][17166.589s][info][gc,phases   ] GC(3501)   Evacuate Collection Set: 60.9ms
[2024-05-30T15:20:27.170+0000][17166.589s][info][gc,phases   ] GC(3501)   Post Evacuate Collection Set: 21.4ms
[2024-05-30T15:20:27.170+0000][17166.589s][info][gc,phases   ] GC(3501)   Other: 0.2ms
[2024-05-30T15:20:27.170+0000][17166.589s][info][gc,heap     ] GC(3501) Eden regions: 772->0(770)
[2024-05-30T15:20:27.170+0000][17166.589s][info][gc,heap     ] GC(3501) Survivor regions: 3->6(97)
[2024-05-30T15:20:27.170+0000][17166.589s][info][gc,heap     ] GC(3501) Old regions: 390->390
[2024-05-30T15:20:27.170+0000][17166.589s][info][gc,heap     ] GC(3501) Archive regions: 2->2
[2024-05-30T15:20:27.170+0000][17166.589s][info][gc,heap     ] GC(3501) Humongous regions: 42->42
[2024-05-30T15:20:27.170+0000][17166.589s][info][gc,metaspace] GC(3501) Metaspace: 435552K(441600K)->435552K(441600K) NonClass: 381439K(384768K)->381439K(384768K) Class: 54113K(56832K)->54113K(56832K)
[2024-05-30T15:20:27.170+0000][17166.589s][info][gc          ] GC(3501) Pause Young (Normal) (G1 Evacuation Pause) 9658M->3506M(12288M) 83.044ms
[2024-05-30T15:20:27.170+0000][17166.589s][info][gc,cpu      ] GC(3501) User=0.48s Sys=0.00s Real=0.09s
[2024-05-30T15:20:29.538+0000][17168.957s][info][gc,start    ] GC(3502) Pause Young (Normal) (G1 Evacuation Pause)
[2024-05-30T15:20:29.538+0000][17168.957s][info][gc,task     ] GC(3502) Using 6 workers of 6 for evacuation
[2024-05-30T15:20:29.606+0000][17169.025s][info][gc,phases   ] GC(3502)   Pre Evacuate Collection Set: 0.2ms
[2024-05-30T15:20:29.606+0000][17169.025s][info][gc,phases   ] GC(3502)   Merge Heap Roots: 0.4ms
[2024-05-30T15:20:29.606+0000][17169.025s][info][gc,phases   ] GC(3502)   Evacuate Collection Set: 53.8ms
[2024-05-30T15:20:29.606+0000][17169.026s][info][gc,phases   ] GC(3502)   Post Evacuate Collection Set: 14.2ms
[2024-05-30T15:20:29.606+0000][17169.026s][info][gc,phases   ] GC(3502)   Other: 0.2ms
[2024-05-30T15:20:29.606+0000][17169.026s][info][gc,heap     ] GC(3502) Eden regions: 770->0(767)
[2024-05-30T15:20:29.606+0000][17169.026s][info][gc,heap     ] GC(3502) Survivor regions: 6->10(97)
[2024-05-30T15:20:29.606+0000][17169.026s][info][gc,heap     ] GC(3502) Old regions: 390->390
[2024-05-30T15:20:29.606+0000][17169.026s][info][gc,heap     ] GC(3502) Archive regions: 2->2
[2024-05-30T15:20:29.606+0000][17169.026s][info][gc,heap     ] GC(3502) Humongous regions: 42->42
[2024-05-30T15:20:29.606+0000][17169.026s][info][gc,metaspace] GC(3502) Metaspace: 435552K(441600K)->435552K(441600K) NonClass: 381439K(384768K)->381439K(384768K) Class: 54113K(56832K)->54113K(56832K)
[2024-05-30T15:20:29.606+0000][17169.026s][info][gc          ] GC(3502) Pause Young (Normal) (G1 Evacuation Pause) 9666M->3532M(12288M) 68.784ms
[2024-05-30T15:20:29.606+0000][17169.026s][info][gc,cpu      ] GC(3502) User=0.40s Sys=0.00s Real=0.06s
[2024-05-30T15:20:31.947+0000][17171.367s][info][gc,start    ] GC(3503) Pause Young (Concurrent Start) (G1 Evacuation Pause)
[2024-05-30T15:20:31.947+0000][17171.367s][info][gc,task     ] GC(3503) Using 6 workers of 6 for evacuation
[2024-05-30T15:20:32.057+0000][17171.476s][info][gc,phases   ] GC(3503)   Pre Evacuate Collection Set: 0.5ms
[2024-05-30T15:20:32.057+0000][17171.476s][info][gc,phases   ] GC(3503)   Merge Heap Roots: 0.4ms
[2024-05-30T15:20:32.057+0000][17171.476s][info][gc,phases   ] GC(3503)   Evacuate Collection Set: 87.5ms
[2024-05-30T15:20:32.057+0000][17171.476s][info][gc,phases   ] GC(3503)   Post Evacuate Collection Set: 20.9ms
[2024-05-30T15:20:32.057+0000][17171.476s][info][gc,phases   ] GC(3503)   Other: 0.3ms
[2024-05-30T15:20:32.057+0000][17171.476s][info][gc,heap     ] GC(3503) Eden regions: 767->0(763)
[2024-05-30T15:20:32.057+0000][17171.476s][info][gc,heap     ] GC(3503) Survivor regions: 10->14(98)
[2024-05-30T15:20:32.057+0000][17171.476s][info][gc,heap     ] GC(3503) Old regions: 390->390
[2024-05-30T15:20:32.057+0000][17171.476s][info][gc,heap     ] GC(3503) Archive regions: 2->2
[2024-05-30T15:20:32.057+0000][17171.476s][info][gc,heap     ] GC(3503) Humongous regions: 42->42
[2024-05-30T15:20:32.057+0000][17171.476s][info][gc,metaspace] GC(3503) Metaspace: 435552K(441600K)->435552K(441600K) NonClass: 381439K(384768K)->381439K(384768K) Class: 54113K(56832K)->54113K(56832K)
[2024-05-30T15:20:32.057+0000][17171.476s][info][gc          ] GC(3503) Pause Young (Concurrent Start) (G1 Evacuation Pause) 9668M->3568M(12288M) 109.653ms
[2024-05-30T15:20:32.057+0000][17171.476s][info][gc,cpu      ] GC(3503) User=0.64s Sys=0.00s Real=0.12s
[2024-05-30T15:20:32.057+0000][17171.476s][info][gc          ] GC(3504) Concurrent Mark Cycle
[2024-05-30T15:20:32.057+0000][17171.476s][info][gc,marking  ] GC(3504) Concurrent Clear Claimed Marks
[2024-05-30T15:20:32.057+0000][17171.477s][info][gc,marking  ] GC(3504) Concurrent Clear Claimed Marks 0.429ms
[2024-05-30T15:20:32.057+0000][17171.477s][info][gc,marking  ] GC(3504) Concurrent Scan Root Regions
[2024-05-30T15:20:32.102+0000][17171.522s][info][gc,marking  ] GC(3504) Concurrent Scan Root Regions 44.891ms
[2024-05-30T15:20:32.102+0000][17171.522s][info][gc,marking  ] GC(3504) Concurrent Mark
[2024-05-30T15:20:32.102+0000][17171.522s][info][gc,marking  ] GC(3504) Concurrent Mark From Roots
[2024-05-30T15:20:32.102+0000][17171.522s][info][gc,task     ] GC(3504) Using 2 workers of 2 for marking
[2024-05-30T15:20:34.349+0000][17173.769s][info][gc,marking  ] GC(3504) Concurrent Mark From Roots 2246.901ms
[2024-05-30T15:20:34.349+0000][17173.769s][info][gc,marking  ] GC(3504) Concurrent Preclean
[2024-05-30T15:20:34.351+0000][17173.770s][info][gc,marking  ] GC(3504) Concurrent Preclean 1.207ms
[2024-05-30T15:20:34.351+0000][17173.770s][info][gc,start    ] GC(3504) Pause Remark
[2024-05-30T15:20:34.375+0000][17173.794s][info][gc          ] GC(3504) Pause Remark 9248M->9240M(12288M) 24.443ms
[2024-05-30T15:20:34.375+0000][17173.794s][info][gc,cpu      ] GC(3504) User=0.11s Sys=0.00s Real=0.02s
[2024-05-30T15:20:34.375+0000][17173.794s][info][gc,marking  ] GC(3504) Concurrent Mark 2272.851ms
[2024-05-30T15:20:34.375+0000][17173.795s][info][gc,marking  ] GC(3504) Concurrent Rebuild Remembered Sets
[2024-05-30T15:20:34.532+0000][17173.951s][info][gc,start    ] GC(3505) Pause Young (Normal) (G1 Evacuation Pause)
[2024-05-30T15:20:34.532+0000][17173.951s][info][gc,task     ] GC(3505) Using 6 workers of 6 for evacuation
[2024-05-30T15:20:34.599+0000][17174.018s][info][gc,phases   ] GC(3505)   Pre Evacuate Collection Set: 0.2ms
[2024-05-30T15:20:34.599+0000][17174.018s][info][gc,phases   ] GC(3505)   Merge Heap Roots: 0.4ms
[2024-05-30T15:20:34.599+0000][17174.018s][info][gc,phases   ] GC(3505)   Evacuate Collection Set: 58.5ms
[2024-05-30T15:20:34.599+0000][17174.018s][info][gc,phases   ] GC(3505)   Post Evacuate Collection Set: 7.3ms
[2024-05-30T15:20:34.599+0000][17174.018s][info][gc,phases   ] GC(3505)   Other: 0.2ms
[2024-05-30T15:20:34.599+0000][17174.018s][info][gc,heap     ] GC(3505) Eden regions: 763->0(765)
[2024-05-30T15:20:34.599+0000][17174.018s][info][gc,heap     ] GC(3505) Survivor regions: 14->15(98)
[2024-05-30T15:20:34.599+0000][17174.018s][info][gc,heap     ] GC(3505) Old regions: 389->389
[2024-05-30T15:20:34.599+0000][17174.018s][info][gc,heap     ] GC(3505) Archive regions: 2->2
[2024-05-30T15:20:34.599+0000][17174.018s][info][gc,heap     ] GC(3505) Humongous regions: 42->42
[2024-05-30T15:20:34.599+0000][17174.018s][info][gc,metaspace] GC(3505) Metaspace: 435552K(441600K)->435552K(441600K) NonClass: 381439K(384768K)->381439K(384768K) Class: 54113K(56832K)->54113K(56832K)
[2024-05-30T15:20:34.599+0000][17174.018s][info][gc          ] GC(3505) Pause Young (Normal) (G1 Evacuation Pause) 9664M->3568M(12288M) 66.604ms
[2024-05-30T15:20:34.599+0000][17174.018s][info][gc,cpu      ] GC(3505) User=0.39s Sys=0.01s Real=0.07s
[2024-05-30T15:20:35.634+0000][17175.053s][info][gc,marking  ] GC(3504) Concurrent Rebuild Remembered Sets 1258.289ms
[2024-05-30T15:20:35.634+0000][17175.053s][info][gc,start    ] GC(3504) Pause Cleanup
[2024-05-30T15:20:35.634+0000][17175.054s][info][gc          ] GC(3504) Pause Cleanup 5220M->5220M(12288M) 0.618ms
[2024-05-30T15:20:35.634+0000][17175.054s][info][gc,cpu      ] GC(3504) User=0.00s Sys=0.00s Real=0.00s
[2024-05-30T15:20:35.634+0000][17175.054s][info][gc,marking  ] GC(3504) Concurrent Cleanup for Next Mark
[2024-05-30T15:20:35.651+0000][17175.070s][info][gc,marking  ] GC(3504) Concurrent Cleanup for Next Mark 16.481ms
[2024-05-30T15:20:35.651+0000][17175.070s][info][gc          ] GC(3504) Concurrent Mark Cycle 3593.996ms
[2024-05-30T15:20:46.078+0000][17185.497s][info][gc,start    ] GC(3506) Pause Young (Prepare Mixed) (G1 Evacuation Pause)
[2024-05-30T15:20:46.078+0000][17185.497s][info][gc,task     ] GC(3506) Using 6 workers of 6 for evacuation
[2024-05-30T15:20:46.154+0000][17185.573s][info][gc,phases   ] GC(3506)   Pre Evacuate Collection Set: 0.2ms
[2024-05-30T15:20:46.154+0000][17185.573s][info][gc,phases   ] GC(3506)   Merge Heap Roots: 0.7ms
[2024-05-30T15:20:46.154+0000][17185.573s][info][gc,phases   ] GC(3506)   Evacuate Collection Set: 67.0ms
[2024-05-30T15:20:46.154+0000][17185.573s][info][gc,phases   ] GC(3506)   Post Evacuate Collection Set: 7.8ms
[2024-05-30T15:20:46.154+0000][17185.573s][info][gc,phases   ] GC(3506)   Other: 0.2ms
[2024-05-30T15:20:46.154+0000][17185.573s][info][gc,heap     ] GC(3506) Eden regions: 765->0(57)
[2024-05-30T15:20:46.154+0000][17185.573s][info][gc,heap     ] GC(3506) Survivor regions: 15->19(98)
[2024-05-30T15:20:46.154+0000][17185.573s][info][gc,heap     ] GC(3506) Old regions: 389->389
[2024-05-30T15:20:46.154+0000][17185.573s][info][gc,heap     ] GC(3506) Archive regions: 2->2
[2024-05-30T15:20:46.154+0000][17185.573s][info][gc,heap     ] GC(3506) Humongous regions: 42->42
[2024-05-30T15:20:46.154+0000][17185.573s][info][gc,metaspace] GC(3506) Metaspace: 435552K(441600K)->435552K(441600K) NonClass: 381439K(384768K)->381439K(384768K) Class: 54113K(56832K)->54113K(56832K)
[2024-05-30T15:20:46.154+0000][17185.573s][info][gc          ] GC(3506) Pause Young (Prepare Mixed) (G1 Evacuation Pause) 9688M->3597M(12288M) 75.894ms
[2024-05-30T15:20:46.154+0000][17185.573s][info][gc,cpu      ] GC(3506) User=0.44s Sys=0.00s Real=0.07s
[2024-05-30T15:20:47.155+0000][17186.574s][info][gc,start    ] GC(3507) Pause Young (Mixed) (G1 Evacuation Pause)
[2024-05-30T15:20:47.155+0000][17186.574s][info][gc,task     ] GC(3507) Using 6 workers of 6 for evacuation
[2024-05-30T15:20:47.238+0000][17186.657s][info][gc,phases   ] GC(3507)   Pre Evacuate Collection Set: 0.2ms
[2024-05-30T15:20:47.238+0000][17186.657s][info][gc,phases   ] GC(3507)   Merge Heap Roots: 0.4ms
[2024-05-30T15:20:47.238+0000][17186.657s][info][gc,phases   ] GC(3507)   Evacuate Collection Set: 81.0ms
[2024-05-30T15:20:47.238+0000][17186.657s][info][gc,phases   ] GC(3507)   Post Evacuate Collection Set: 1.4ms
[2024-05-30T15:20:47.238+0000][17186.657s][info][gc,phases   ] GC(3507)   Other: 0.2ms
[2024-05-30T15:20:47.238+0000][17186.657s][info][gc,heap     ] GC(3507) Eden regions: 57->0(775)
[2024-05-30T15:20:47.238+0000][17186.657s][info][gc,heap     ] GC(3507) Survivor regions: 19->3(10)
[2024-05-30T15:20:47.238+0000][17186.657s][info][gc,heap     ] GC(3507) Old regions: 389->389
[2024-05-30T15:20:47.238+0000][17186.657s][info][gc,heap     ] GC(3507) Archive regions: 2->2
[2024-05-30T15:20:47.238+0000][17186.657s][info][gc,heap     ] GC(3507) Humongous regions: 42->42
[2024-05-30T15:20:47.238+0000][17186.657s][info][gc,metaspace] GC(3507) Metaspace: 435552K(441600K)->435552K(441600K) NonClass: 381439K(384768K)->381439K(384768K) Class: 54113K(56832K)->54113K(56832K)
[2024-05-30T15:20:47.238+0000][17186.657s][info][gc          ] GC(3507) Pause Young (Mixed) (G1 Evacuation Pause) 4053M->3473M(12288M) 83.129ms
[2024-05-30T15:20:47.238+0000][17186.657s][info][gc,cpu      ] GC(3507) User=0.50s Sys=0.00s Real=0.09s
[2024-05-30T15:20:59.669+0000][17199.088s][info][gc,start    ] GC(3508) Pause Young (Normal) (G1 Evacuation Pause)
[2024-05-30T15:20:59.669+0000][17199.088s][info][gc,task     ] GC(3508) Using 6 workers of 6 for evacuation
[2024-05-30T15:20:59.685+0000][17199.104s][info][gc,phases   ] GC(3508)   Pre Evacuate Collection Set: 0.2ms
[2024-05-30T15:20:59.685+0000][17199.104s][info][gc,phases   ] GC(3508)   Merge Heap Roots: 0.2ms
[2024-05-30T15:20:59.685+0000][17199.104s][info][gc,phases   ] GC(3508)   Evacuate Collection Set: 13.5ms
[2024-05-30T15:20:59.685+0000][17199.104s][info][gc,phases   ] GC(3508)   Post Evacuate Collection Set: 2.2ms
[2024-05-30T15:20:59.685+0000][17199.104s][info][gc,phases   ] GC(3508)   Other: 0.2ms
[2024-05-30T15:20:59.685+0000][17199.104s][info][gc,heap     ] GC(3508) Eden regions: 775->0(774)
[2024-05-30T15:20:59.685+0000][17199.104s][info][gc,heap     ] GC(3508) Survivor regions: 3->5(98)
[2024-05-30T15:20:59.685+0000][17199.104s][info][gc,heap     ] GC(3508) Old regions: 389->389
[2024-05-30T15:20:59.685+0000][17199.104s][info][gc,heap     ] GC(3508) Archive regions: 2->2
[2024-05-30T15:20:59.685+0000][17199.104s][info][gc,heap     ] GC(3508) Humongous regions: 42->42
[2024-05-30T15:20:59.685+0000][17199.104s][info][gc,metaspace] GC(3508) Metaspace: 435552K(441600K)->435552K(441600K) NonClass: 381439K(384768K)->381439K(384768K) Class: 54113K(56832K)->54113K(56832K)
[2024-05-30T15:20:59.685+0000][17199.104s][info][gc          ] GC(3508) Pause Young (Normal) (G1 Evacuation Pause) 9673M->3487M(12288M) 16.324ms
[2024-05-30T15:20:59.685+0000][17199.104s][info][gc,cpu      ] GC(3508) User=0.09s Sys=0.00s Real=0.01s
[2024-05-30T15:21:05.527+0000][17204.947s][info][gc,start    ] GC(3509) Pause Young (Normal) (G1 Evacuation Pause)
[2024-05-30T15:21:05.527+0000][17204.947s][info][gc,task     ] GC(3509) Using 6 workers of 6 for evacuation
[2024-05-30T15:21:05.546+0000][17204.965s][info][gc,phases   ] GC(3509)   Pre Evacuate Collection Set: 0.2ms
[2024-05-30T15:21:05.546+0000][17204.965s][info][gc,phases   ] GC(3509)   Merge Heap Roots: 0.2ms
[2024-05-30T15:21:05.546+0000][17204.965s][info][gc,phases   ] GC(3509)   Evacuate Collection Set: 15.8ms
[2024-05-30T15:21:05.546+0000][17204.965s][info][gc,phases   ] GC(3509)   Post Evacuate Collection Set: 2.0ms
[2024-05-30T15:21:05.546+0000][17204.965s][info][gc,phases   ] GC(3509)   Other: 0.2ms
[2024-05-30T15:21:05.546+0000][17204.965s][info][gc,heap     ] GC(3509) Eden regions: 774->0(774)
[2024-05-30T15:21:05.546+0000][17204.965s][info][gc,heap     ] GC(3509) Survivor regions: 5->7(98)
[2024-05-30T15:21:05.546+0000][17204.965s][info][gc,heap     ] GC(3509) Old regions: 389->389
[2024-05-30T15:21:05.546+0000][17204.965s][info][gc,heap     ] GC(3509) Archive regions: 2->2
[2024-05-30T15:21:05.546+0000][17204.965s][info][gc,heap     ] GC(3509) Humongous regions: 42->42
[2024-05-30T15:21:05.546+0000][17204.965s][info][gc,metaspace] GC(3509) Metaspace: 435552K(441600K)->435552K(441600K) NonClass: 381439K(384768K)->381439K(384768K) Class: 54113K(56832K)->54113K(56832K)
[2024-05-30T15:21:05.546+0000][17204.965s][info][gc          ] GC(3509) Pause Young (Normal) (G1 Evacuation Pause) 9679M->3498M(12288M) 18.556ms
[2024-05-30T15:21:05.546+0000][17204.965s][info][gc,cpu      ] GC(3509) User=0.11s Sys=0.00s Real=0.02s
[2024-05-30T15:21:11.106+0000][17210.525s][info][gc,start    ] GC(3510) Pause Young (Concurrent Start) (G1 Evacuation Pause)
[2024-05-30T15:21:11.106+0000][17210.525s][info][gc,task     ] GC(3510) Using 6 workers of 6 for evacuation
[2024-05-30T15:21:11.128+0000][17210.547s][info][gc,phases   ] GC(3510)   Pre Evacuate Collection Set: 0.6ms
[2024-05-30T15:21:11.128+0000][17210.547s][info][gc,phases   ] GC(3510)   Merge Heap Roots: 0.2ms
[2024-05-30T15:21:11.128+0000][17210.547s][info][gc,phases   ] GC(3510)   Evacuate Collection Set: 19.0ms
[2024-05-30T15:21:11.128+0000][17210.547s][info][gc,phases   ] GC(3510)   Post Evacuate Collection Set: 2.0ms
[2024-05-30T15:21:11.128+0000][17210.547s][info][gc,phases   ] GC(3510)   Other: 0.3ms
[2024-05-30T15:21:11.128+0000][17210.547s][info][gc,heap     ] GC(3510) Eden regions: 774->0(774)
[2024-05-30T15:21:11.128+0000][17210.547s][info][gc,heap     ] GC(3510) Survivor regions: 7->8(98)
[2024-05-30T15:21:11.128+0000][17210.547s][info][gc,heap     ] GC(3510) Old regions: 389->389
[2024-05-30T15:21:11.128+0000][17210.547s][info][gc,heap     ] GC(3510) Archive regions: 2->2
[2024-05-30T15:21:11.128+0000][17210.547s][info][gc,heap     ] GC(3510) Humongous regions: 42->42
[2024-05-30T15:21:11.128+0000][17210.547s][info][gc,metaspace] GC(3510) Metaspace: 435552K(441600K)->435552K(441600K) NonClass: 381439K(384768K)->381439K(384768K) Class: 54113K(56832K)->54113K(56832K)
[2024-05-30T15:21:11.128+0000][17210.547s][info][gc          ] GC(3510) Pause Young (Concurrent Start) (G1 Evacuation Pause) 9690M->3510M(12288M) 22.062ms
[2024-05-30T15:21:11.128+0000][17210.547s][info][gc,cpu      ] GC(3510) User=0.12s Sys=0.00s Real=0.02s
[2024-05-30T15:21:11.128+0000][17210.547s][info][gc          ] GC(3511) Concurrent Mark Cycle
[2024-05-30T15:21:11.128+0000][17210.547s][info][gc,marking  ] GC(3511) Concurrent Clear Claimed Marks
[2024-05-30T15:21:11.129+0000][17210.548s][info][gc,marking  ] GC(3511) Concurrent Clear Claimed Marks 0.428ms
[2024-05-30T15:21:11.129+0000][17210.548s][info][gc,marking  ] GC(3511) Concurrent Scan Root Regions
[2024-05-30T15:21:11.144+0000][17210.563s][info][gc,marking  ] GC(3511) Concurrent Scan Root Regions 15.047ms
[2024-05-30T15:21:11.144+0000][17210.563s][info][gc,marking  ] GC(3511) Concurrent Mark
[2024-05-30T15:21:11.144+0000][17210.563s][info][gc,marking  ] GC(3511) Concurrent Mark From Roots
[2024-05-30T15:21:11.144+0000][17210.563s][info][gc,task     ] GC(3511) Using 2 workers of 2 for marking
[2024-05-30T15:21:13.439+0000][17212.858s][info][gc,marking  ] GC(3511) Concurrent Mark From Roots 2295.190ms
[2024-05-30T15:21:13.439+0000][17212.858s][info][gc,marking  ] GC(3511) Concurrent Preclean
[2024-05-30T15:21:13.440+0000][17212.860s][info][gc,marking  ] GC(3511) Concurrent Preclean 1.370ms
[2024-05-30T15:21:13.440+0000][17212.860s][info][gc,start    ] GC(3511) Pause Remark
[2024-05-30T15:21:13.467+0000][17212.886s][info][gc          ] GC(3511) Pause Remark 4550M->4550M(12288M) 26.151ms
[2024-05-30T15:21:13.467+0000][17212.886s][info][gc,cpu      ] GC(3511) User=0.12s Sys=0.00s Real=0.02s
[2024-05-30T15:21:13.467+0000][17212.886s][info][gc,marking  ] GC(3511) Concurrent Mark 2323.090ms
[2024-05-30T15:21:13.467+0000][17212.886s][info][gc,marking  ] GC(3511) Concurrent Rebuild Remembered Sets
[2024-05-30T15:21:14.711+0000][17214.130s][info][gc,marking  ] GC(3511) Concurrent Rebuild Remembered Sets 1244.062ms
[2024-05-30T15:21:14.711+0000][17214.130s][info][gc,start    ] GC(3511) Pause Cleanup
[2024-05-30T15:21:14.712+0000][17214.131s][info][gc          ] GC(3511) Pause Cleanup 5042M->5042M(12288M) 0.587ms
[2024-05-30T15:21:14.712+0000][17214.131s][info][gc,cpu      ] GC(3511) User=0.00s Sys=0.00s Real=0.00s
[2024-05-30T15:21:14.712+0000][17214.131s][info][gc,marking  ] GC(3511) Concurrent Cleanup for Next Mark
[2024-05-30T15:21:14.741+0000][17214.160s][info][gc,marking  ] GC(3511) Concurrent Cleanup for Next Mark 28.978ms
[2024-05-30T15:21:14.741+0000][17214.160s][info][gc          ] GC(3511) Concurrent Mark Cycle 3612.690ms
[2024-05-30T15:21:25.057+0000][17224.477s][info][gc,start    ] GC(3512) Pause Young (Prepare Mixed) (G1 Evacuation Pause)
[2024-05-30T15:21:25.057+0000][17224.477s][info][gc,task     ] GC(3512) Using 6 workers of 6 for evacuation
[2024-05-30T15:21:25.099+0000][17224.518s][info][gc,phases   ] GC(3512)   Pre Evacuate Collection Set: 0.2ms
[2024-05-30T15:21:25.099+0000][17224.518s][info][gc,phases   ] GC(3512)   Merge Heap Roots: 0.4ms
[2024-05-30T15:21:25.099+0000][17224.518s][info][gc,phases   ] GC(3512)   Evacuate Collection Set: 38.3ms
[2024-05-30T15:21:25.099+0000][17224.518s][info][gc,phases   ] GC(3512)   Post Evacuate Collection Set: 2.4ms
[2024-05-30T15:21:25.099+0000][17224.518s][info][gc,phases   ] GC(3512)   Other: 0.2ms
[2024-05-30T15:21:25.099+0000][17224.518s][info][gc,heap     ] GC(3512) Eden regions: 774->0(63)
[2024-05-30T15:21:25.099+0000][17224.518s][info][gc,heap     ] GC(3512) Survivor regions: 8->13(98)
[2024-05-30T15:21:25.099+0000][17224.518s][info][gc,heap     ] GC(3512) Old regions: 389->389
[2024-05-30T15:21:25.099+0000][17224.518s][info][gc,heap     ] GC(3512) Archive regions: 2->2
[2024-05-30T15:21:25.099+0000][17224.518s][info][gc,heap     ] GC(3512) Humongous regions: 42->42
[2024-05-30T15:21:25.099+0000][17224.518s][info][gc,metaspace] GC(3512) Metaspace: 435552K(441600K)->435552K(441600K) NonClass: 381439K(384768K)->381439K(384768K) Class: 54113K(56832K)->54113K(56832K)
[2024-05-30T15:21:25.099+0000][17224.518s][info][gc          ] GC(3512) Pause Young (Prepare Mixed) (G1 Evacuation Pause) 9702M->3552M(12288M) 41.529ms
[2024-05-30T15:21:25.099+0000][17224.518s][info][gc,cpu      ] GC(3512) User=0.24s Sys=0.00s Real=0.04s
[2024-05-30T15:21:26.090+0000][17225.510s][info][gc,start    ] GC(3513) Pause Young (Mixed) (G1 Evacuation Pause)
[2024-05-30T15:21:26.090+0000][17225.510s][info][gc,task     ] GC(3513) Using 6 workers of 6 for evacuation
[2024-05-30T15:21:26.151+0000][17225.571s][info][gc,phases   ] GC(3513)   Pre Evacuate Collection Set: 0.2ms
[2024-05-30T15:21:26.152+0000][17225.571s][info][gc,phases   ] GC(3513)   Merge Heap Roots: 0.4ms
[2024-05-30T15:21:26.152+0000][17225.571s][info][gc,phases   ] GC(3513)   Evacuate Collection Set: 59.2ms
[2024-05-30T15:21:26.152+0000][17225.571s][info][gc,phases   ] GC(3513)   Post Evacuate Collection Set: 1.4ms
[2024-05-30T15:21:26.152+0000][17225.571s][info][gc,phases   ] GC(3513)   Other: 0.2ms
[2024-05-30T15:21:26.152+0000][17225.571s][info][gc,heap     ] GC(3513) Eden regions: 63->0(778)
[2024-05-30T15:21:26.152+0000][17225.571s][info][gc,heap     ] GC(3513) Survivor regions: 13->3(10)
[2024-05-30T15:21:26.152+0000][17225.571s][info][gc,heap     ] GC(3513) Old regions: 389->387
[2024-05-30T15:21:26.152+0000][17225.571s][info][gc,heap     ] GC(3513) Archive regions: 2->2
[2024-05-30T15:21:26.152+0000][17225.571s][info][gc,heap     ] GC(3513) Humongous regions: 42->42
[2024-05-30T15:21:26.152+0000][17225.571s][info][gc,metaspace] GC(3513) Metaspace: 435552K(441600K)->435552K(441600K) NonClass: 381439K(384768K)->381439K(384768K) Class: 54113K(56832K)->54113K(56832K)
[2024-05-30T15:21:26.152+0000][17225.571s][info][gc          ] GC(3513) Pause Young (Mixed) (G1 Evacuation Pause) 4056M->3448M(12288M) 61.306ms
[2024-05-30T15:21:26.152+0000][17225.571s][info][gc,cpu      ] GC(3513) User=0.37s Sys=0.00s Real=0.06s
[2024-05-30T15:21:38.875+0000][17238.294s][info][gc,start    ] GC(3514) Pause Young (Normal) (G1 Evacuation Pause)
[2024-05-30T15:21:38.875+0000][17238.294s][info][gc,task     ] GC(3514) Using 6 workers of 6 for evacuation
[2024-05-30T15:21:38.896+0000][17238.315s][info][gc,phases   ] GC(3514)   Pre Evacuate Collection Set: 0.2ms
[2024-05-30T15:21:38.896+0000][17238.315s][info][gc,phases   ] GC(3514)   Merge Heap Roots: 0.3ms
[2024-05-30T15:21:38.896+0000][17238.315s][info][gc,phases   ] GC(3514)   Evacuate Collection Set: 18.6ms
[2024-05-30T15:21:38.896+0000][17238.315s][info][gc,phases   ] GC(3514)   Post Evacuate Collection Set: 2.2ms
[2024-05-30T15:21:38.896+0000][17238.315s][info][gc,phases   ] GC(3514)   Other: 0.2ms
[2024-05-30T15:21:38.896+0000][17238.315s][info][gc,heap     ] GC(3514) Eden regions: 778->0(775)
[2024-05-30T15:21:38.896+0000][17238.315s][info][gc,heap     ] GC(3514) Survivor regions: 3->6(98)
[2024-05-30T15:21:38.896+0000][17238.315s][info][gc,heap     ] GC(3514) Old regions: 387->387
[2024-05-30T15:21:38.896+0000][17238.315s][info][gc,heap     ] GC(3514) Archive regions: 2->2
[2024-05-30T15:21:38.896+0000][17238.315s][info][gc,heap     ] GC(3514) Humongous regions: 42->42
[2024-05-30T15:21:38.896+0000][17238.315s][info][gc,metaspace] GC(3514) Metaspace: 435553K(441600K)->435553K(441600K) NonClass: 381440K(384768K)->381440K(384768K) Class: 54113K(56832K)->54113K(56832K)
[2024-05-30T15:21:38.896+0000][17238.315s][info][gc          ] GC(3514) Pause Young (Normal) (G1 Evacuation Pause) 9672M->3475M(12288M) 21.508ms
[2024-05-30T15:21:38.896+0000][17238.315s][info][gc,cpu      ] GC(3514) User=0.13s Sys=0.00s Real=0.02s
[2024-05-30T15:21:51.000+0000][17250.419s][info][gc,start    ] GC(3515) Pause Young (Normal) (G1 Evacuation Pause)
[2024-05-30T15:21:51.000+0000][17250.419s][info][gc,task     ] GC(3515) Using 6 workers of 6 for evacuation
[2024-05-30T15:21:51.025+0000][17250.445s][info][gc,phases   ] GC(3515)   Pre Evacuate Collection Set: 0.2ms
[2024-05-30T15:21:51.025+0000][17250.445s][info][gc,phases   ] GC(3515)   Merge Heap Roots: 0.3ms
[2024-05-30T15:21:51.025+0000][17250.445s][info][gc,phases   ] GC(3515)   Evacuate Collection Set: 22.7ms
[2024-05-30T15:21:51.025+0000][17250.445s][info][gc,phases   ] GC(3515)   Post Evacuate Collection Set: 2.1ms
[2024-05-30T15:21:51.025+0000][17250.445s][info][gc,phases   ] GC(3515)   Other: 0.2ms
[2024-05-30T15:21:51.025+0000][17250.445s][info][gc,heap     ] GC(3515) Eden regions: 775->0(772)
[2024-05-30T15:21:51.025+0000][17250.445s][info][gc,heap     ] GC(3515) Survivor regions: 6->9(98)
[2024-05-30T15:21:51.025+0000][17250.445s][info][gc,heap     ] GC(3515) Old regions: 387->387
[2024-05-30T15:21:51.025+0000][17250.445s][info][gc,heap     ] GC(3515) Archive regions: 2->2
[2024-05-30T15:21:51.025+0000][17250.445s][info][gc,heap     ] GC(3515) Humongous regions: 42->42
[2024-05-30T15:21:51.025+0000][17250.445s][info][gc,metaspace] GC(3515) Metaspace: 435553K(441600K)->435553K(441600K) NonClass: 381440K(384768K)->381440K(384768K) Class: 54113K(56832K)->54113K(56832K)
[2024-05-30T15:21:51.025+0000][17250.445s][info][gc          ] GC(3515) Pause Young (Normal) (G1 Evacuation Pause) 9675M->3498M(12288M) 25.517ms
[2024-05-30T15:21:51.026+0000][17250.445s][info][gc,cpu      ] GC(3515) User=0.15s Sys=0.00s Real=0.02s
[2024-05-30T15:22:03.651+0000][17263.070s][info][gc,start    ] GC(3516) Pause Young (Concurrent Start) (G1 Evacuation Pause)
[2024-05-30T15:22:03.651+0000][17263.070s][info][gc,task     ] GC(3516) Using 6 workers of 6 for evacuation
[2024-05-30T15:22:03.688+0000][17263.107s][info][gc,phases   ] GC(3516)   Pre Evacuate Collection Set: 0.6ms
[2024-05-30T15:22:03.688+0000][17263.107s][info][gc,phases   ] GC(3516)   Merge Heap Roots: 0.3ms
[2024-05-30T15:22:03.688+0000][17263.107s][info][gc,phases   ] GC(3516)   Evacuate Collection Set: 33.9ms
[2024-05-30T15:22:03.688+0000][17263.107s][info][gc,phases   ] GC(3516)   Post Evacuate Collection Set: 2.3ms
[2024-05-30T15:22:03.688+0000][17263.107s][info][gc,phases   ] GC(3516)   Other: 0.3ms
[2024-05-30T15:22:03.688+0000][17263.107s][info][gc,heap     ] GC(3516) Eden regions: 772->0(767)
[2024-05-30T15:22:03.688+0000][17263.107s][info][gc,heap     ] GC(3516) Survivor regions: 9->13(98)
[2024-05-30T15:22:03.688+0000][17263.107s][info][gc,heap     ] GC(3516) Old regions: 387->387
[2024-05-30T15:22:03.688+0000][17263.107s][info][gc,heap     ] GC(3516) Archive regions: 2->2
[2024-05-30T15:22:03.688+0000][17263.107s][info][gc,heap     ] GC(3516) Humongous regions: 42->42
[2024-05-30T15:22:03.688+0000][17263.107s][info][gc,metaspace] GC(3516) Metaspace: 435553K(441600K)->435553K(441600K) NonClass: 381440K(384768K)->381440K(384768K) Class: 54113K(56832K)->54113K(56832K)
[2024-05-30T15:22:03.688+0000][17263.107s][info][gc          ] GC(3516) Pause Young (Concurrent Start) (G1 Evacuation Pause) 9674M->3529M(12288M) 37.420ms
[2024-05-30T15:22:03.688+0000][17263.107s][info][gc,cpu      ] GC(3516) User=0.22s Sys=0.00s Real=0.03s
[2024-05-30T15:22:03.688+0000][17263.107s][info][gc          ] GC(3517) Concurrent Mark Cycle
[2024-05-30T15:22:03.688+0000][17263.108s][info][gc,marking  ] GC(3517) Concurrent Clear Claimed Marks
[2024-05-30T15:22:03.689+0000][17263.108s][info][gc,marking  ] GC(3517) Concurrent Clear Claimed Marks 0.447ms
[2024-05-30T15:22:03.689+0000][17263.108s][info][gc,marking  ] GC(3517) Concurrent Scan Root Regions
[2024-05-30T15:22:03.720+0000][17263.139s][info][gc,marking  ] GC(3517) Concurrent Scan Root Regions 31.317ms
[2024-05-30T15:22:03.720+0000][17263.139s][info][gc,marking  ] GC(3517) Concurrent Mark
[2024-05-30T15:22:03.720+0000][17263.139s][info][gc,marking  ] GC(3517) Concurrent Mark From Roots
[2024-05-30T15:22:03.720+0000][17263.139s][info][gc,task     ] GC(3517) Using 2 workers of 2 for marking
[2024-05-30T15:22:06.113+0000][17265.532s][info][gc,marking  ] GC(3517) Concurrent Mark From Roots 2393.031ms
[2024-05-30T15:22:06.113+0000][17265.532s][info][gc,marking  ] GC(3517) Concurrent Preclean
[2024-05-30T15:22:06.115+0000][17265.534s][info][gc,marking  ] GC(3517) Concurrent Preclean 1.379ms
[2024-05-30T15:22:06.115+0000][17265.534s][info][gc,start    ] GC(3517) Pause Remark
[2024-05-30T15:22:06.139+0000][17265.558s][info][gc          ] GC(3517) Pause Remark 4573M->4573M(12288M) 24.504ms
[2024-05-30T15:22:06.139+0000][17265.558s][info][gc,cpu      ] GC(3517) User=0.10s Sys=0.00s Real=0.03s
[2024-05-30T15:22:06.139+0000][17265.559s][info][gc,marking  ] GC(3517) Concurrent Mark 2419.287ms
[2024-05-30T15:22:06.139+0000][17265.559s][info][gc,marking  ] GC(3517) Concurrent Rebuild Remembered Sets
[2024-05-30T15:22:07.378+0000][17266.797s][info][gc,marking  ] GC(3517) Concurrent Rebuild Remembered Sets 1238.098ms
[2024-05-30T15:22:07.378+0000][17266.797s][info][gc,start    ] GC(3517) Pause Cleanup
[2024-05-30T15:22:07.378+0000][17266.798s][info][gc          ] GC(3517) Pause Cleanup 5113M->5113M(12288M) 0.616ms
[2024-05-30T15:22:07.378+0000][17266.798s][info][gc,cpu      ] GC(3517) User=0.00s Sys=0.00s Real=0.00s
[2024-05-30T15:22:07.378+0000][17266.798s][info][gc,marking  ] GC(3517) Concurrent Cleanup for Next Mark
[2024-05-30T15:22:07.394+0000][17266.814s][info][gc,marking  ] GC(3517) Concurrent Cleanup for Next Mark 16.086ms
[2024-05-30T15:22:07.395+0000][17266.814s][info][gc          ] GC(3517) Concurrent Mark Cycle 3706.256ms
[2024-05-30T15:22:17.076+0000][17276.496s][info][gc,start    ] GC(3518) Pause Young (Prepare Mixed) (G1 Evacuation Pause)
[2024-05-30T15:22:17.076+0000][17276.496s][info][gc,task     ] GC(3518) Using 6 workers of 6 for evacuation
[2024-05-30T15:22:17.123+0000][17276.542s][info][gc,phases   ] GC(3518)   Pre Evacuate Collection Set: 0.2ms
[2024-05-30T15:22:17.123+0000][17276.542s][info][gc,phases   ] GC(3518)   Merge Heap Roots: 0.4ms
[2024-05-30T15:22:17.123+0000][17276.542s][info][gc,phases   ] GC(3518)   Evacuate Collection Set: 43.3ms
[2024-05-30T15:22:17.123+0000][17276.542s][info][gc,phases   ] GC(3518)   Post Evacuate Collection Set: 2.3ms
[2024-05-30T15:22:17.123+0000][17276.542s][info][gc,phases   ] GC(3518)   Other: 0.2ms
[2024-05-30T15:22:17.123+0000][17276.542s][info][gc,heap     ] GC(3518) Eden regions: 767->0(59)
[2024-05-30T15:22:17.123+0000][17276.542s][info][gc,heap     ] GC(3518) Survivor regions: 13->17(98)
[2024-05-30T15:22:17.123+0000][17276.542s][info][gc,heap     ] GC(3518) Old regions: 387->387
[2024-05-30T15:22:17.123+0000][17276.542s][info][gc,heap     ] GC(3518) Archive regions: 2->2
[2024-05-30T15:22:17.123+0000][17276.542s][info][gc,heap     ] GC(3518) Humongous regions: 42->42
[2024-05-30T15:22:17.123+0000][17276.542s][info][gc,metaspace] GC(3518) Metaspace: 435553K(441600K)->435553K(441600K) NonClass: 381440K(384768K)->381440K(384768K) Class: 54113K(56832K)->54113K(56832K)
[2024-05-30T15:22:17.123+0000][17276.542s][info][gc          ] GC(3518) Pause Young (Prepare Mixed) (G1 Evacuation Pause) 9665M->3560M(12288M) 46.357ms
[2024-05-30T15:22:17.123+0000][17276.542s][info][gc,cpu      ] GC(3518) User=0.26s Sys=0.01s Real=0.04s
[2024-05-30T15:22:18.258+0000][17277.677s][info][gc,start    ] GC(3519) Pause Young (Mixed) (G1 Evacuation Pause)
[2024-05-30T15:22:18.258+0000][17277.677s][info][gc,task     ] GC(3519) Using 6 workers of 6 for evacuation
[2024-05-30T15:22:18.342+0000][17277.761s][info][gc,phases   ] GC(3519)   Pre Evacuate Collection Set: 0.2ms
[2024-05-30T15:22:18.342+0000][17277.761s][info][gc,phases   ] GC(3519)   Merge Heap Roots: 0.5ms
[2024-05-30T15:22:18.342+0000][17277.761s][info][gc,phases   ] GC(3519)   Evacuate Collection Set: 81.5ms
[2024-05-30T15:22:18.342+0000][17277.761s][info][gc,phases   ] GC(3519)   Post Evacuate Collection Set: 1.5ms
[2024-05-30T15:22:18.342+0000][17277.761s][info][gc,phases   ] GC(3519)   Other: 0.2ms
[2024-05-30T15:22:18.342+0000][17277.761s][info][gc,heap     ] GC(3519) Eden regions: 59->0(774)
[2024-05-30T15:22:18.342+0000][17277.761s][info][gc,heap     ] GC(3519) Survivor regions: 17->3(10)
[2024-05-30T15:22:18.342+0000][17277.761s][info][gc,heap     ] GC(3519) Old regions: 387->390
[2024-05-30T15:22:18.342+0000][17277.761s][info][gc,heap     ] GC(3519) Archive regions: 2->2
[2024-05-30T15:22:18.342+0000][17277.761s][info][gc,heap     ] GC(3519) Humongous regions: 42->42
[2024-05-30T15:22:18.342+0000][17277.761s][info][gc,metaspace] GC(3519) Metaspace: 435553K(441600K)->435553K(441600K) NonClass: 381440K(384768K)->381440K(384768K) Class: 54113K(56832K)->54113K(56832K)
[2024-05-30T15:22:18.342+0000][17277.761s][info][gc          ] GC(3519) Pause Young (Mixed) (G1 Evacuation Pause) 4032M->3477M(12288M) 83.999ms
[2024-05-30T15:22:18.342+0000][17277.761s][info][gc,cpu      ] GC(3519) User=0.50s Sys=0.01s Real=0.08s
[2024-05-30T15:22:31.789+0000][17291.208s][info][gc,start    ] GC(3520) Pause Young (Normal) (G1 Evacuation Pause)
[2024-05-30T15:22:31.789+0000][17291.208s][info][gc,task     ] GC(3520) Using 6 workers of 6 for evacuation
[2024-05-30T15:22:31.809+0000][17291.228s][info][gc,phases   ] GC(3520)   Pre Evacuate Collection Set: 0.2ms
[2024-05-30T15:22:31.809+0000][17291.228s][info][gc,phases   ] GC(3520)   Merge Heap Roots: 0.3ms
[2024-05-30T15:22:31.809+0000][17291.228s][info][gc,phases   ] GC(3520)   Evacuate Collection Set: 16.9ms
[2024-05-30T15:22:31.809+0000][17291.228s][info][gc,phases   ] GC(3520)   Post Evacuate Collection Set: 2.2ms
[2024-05-30T15:22:31.809+0000][17291.228s][info][gc,phases   ] GC(3520)   Other: 0.2ms
[2024-05-30T15:22:31.809+0000][17291.228s][info][gc,heap     ] GC(3520) Eden regions: 774->0(771)
[2024-05-30T15:22:31.809+0000][17291.228s][info][gc,heap     ] GC(3520) Survivor regions: 3->6(98)
[2024-05-30T15:22:31.809+0000][17291.228s][info][gc,heap     ] GC(3520) Old regions: 390->390
[2024-05-30T15:22:31.809+0000][17291.228s][info][gc,heap     ] GC(3520) Archive regions: 2->2
[2024-05-30T15:22:31.809+0000][17291.228s][info][gc,heap     ] GC(3520) Humongous regions: 42->42
[2024-05-30T15:22:31.809+0000][17291.228s][info][gc,metaspace] GC(3520) Metaspace: 435553K(441600K)->435553K(441600K) NonClass: 381440K(384768K)->381440K(384768K) Class: 54113K(56832K)->54113K(56832K)
[2024-05-30T15:22:31.809+0000][17291.228s][info][gc          ] GC(3520) Pause Young (Normal) (G1 Evacuation Pause) 9669M->3502M(12288M) 19.741ms
[2024-05-30T15:22:31.809+0000][17291.228s][info][gc,cpu      ] GC(3520) User=0.12s Sys=0.00s Real=0.02s
[2024-05-30T15:22:44.060+0000][17303.479s][info][gc,start    ] GC(3521) Pause Young (Normal) (G1 Evacuation Pause)
[2024-05-30T15:22:44.060+0000][17303.479s][info][gc,task     ] GC(3521) Using 6 workers of 6 for evacuation
[2024-05-30T15:22:44.086+0000][17303.505s][info][gc,phases   ] GC(3521)   Pre Evacuate Collection Set: 0.2ms
[2024-05-30T15:22:44.086+0000][17303.505s][info][gc,phases   ] GC(3521)   Merge Heap Roots: 0.3ms
[2024-05-30T15:22:44.086+0000][17303.505s][info][gc,phases   ] GC(3521)   Evacuate Collection Set: 22.7ms
[2024-05-30T15:22:44.086+0000][17303.505s][info][gc,phases   ] GC(3521)   Post Evacuate Collection Set: 2.2ms
[2024-05-30T15:22:44.086+0000][17303.505s][info][gc,phases   ] GC(3521)   Other: 0.2ms
[2024-05-30T15:22:44.086+0000][17303.505s][info][gc,heap     ] GC(3521) Eden regions: 771->0(768)
[2024-05-30T15:22:44.086+0000][17303.505s][info][gc,heap     ] GC(3521) Survivor regions: 6->9(98)
[2024-05-30T15:22:44.086+0000][17303.505s][info][gc,heap     ] GC(3521) Old regions: 390->390
[2024-05-30T15:22:44.086+0000][17303.505s][info][gc,heap     ] GC(3521) Archive regions: 2->2
[2024-05-30T15:22:44.086+0000][17303.505s][info][gc,heap     ] GC(3521) Humongous regions: 42->42
[2024-05-30T15:22:44.086+0000][17303.505s][info][gc,metaspace] GC(3521) Metaspace: 435554K(441600K)->435554K(441600K) NonClass: 381440K(384768K)->381440K(384768K) Class: 54113K(56832K)->54113K(56832K)
[2024-05-30T15:22:44.086+0000][17303.505s][info][gc          ] GC(3521) Pause Young (Normal) (G1 Evacuation Pause) 9670M->3525M(12288M) 25.669ms
[2024-05-30T15:22:44.086+0000][17303.505s][info][gc,cpu      ] GC(3521) User=0.15s Sys=0.00s Real=0.02s
[2024-05-30T15:22:56.843+0000][17316.262s][info][gc,start    ] GC(3522) Pause Young (Concurrent Start) (G1 Evacuation Pause)
[2024-05-30T15:22:56.843+0000][17316.263s][info][gc,task     ] GC(3522) Using 6 workers of 6 for evacuation
[2024-05-30T15:22:56.878+0000][17316.297s][info][gc,phases   ] GC(3522)   Pre Evacuate Collection Set: 0.5ms
[2024-05-30T15:22:56.878+0000][17316.297s][info][gc,phases   ] GC(3522)   Merge Heap Roots: 0.3ms
[2024-05-30T15:22:56.878+0000][17316.297s][info][gc,phases   ] GC(3522)   Evacuate Collection Set: 31.1ms
[2024-05-30T15:22:56.878+0000][17316.297s][info][gc,phases   ] GC(3522)   Post Evacuate Collection Set: 2.2ms
[2024-05-30T15:22:56.878+0000][17316.297s][info][gc,phases   ] GC(3522)   Other: 0.3ms
[2024-05-30T15:22:56.878+0000][17316.297s][info][gc,heap     ] GC(3522) Eden regions: 768->0(762)
[2024-05-30T15:22:56.878+0000][17316.297s][info][gc,heap     ] GC(3522) Survivor regions: 9->14(98)
[2024-05-30T15:22:56.878+0000][17316.297s][info][gc,heap     ] GC(3522) Old regions: 390->390
[2024-05-30T15:22:56.878+0000][17316.297s][info][gc,heap     ] GC(3522) Archive regions: 2->2
[2024-05-30T15:22:56.878+0000][17316.297s][info][gc,heap     ] GC(3522) Humongous regions: 42->42
[2024-05-30T15:22:56.878+0000][17316.297s][info][gc,metaspace] GC(3522) Metaspace: 435554K(441600K)->435554K(441600K) NonClass: 381440K(384768K)->381440K(384768K) Class: 54113K(56832K)->54113K(56832K)
[2024-05-30T15:22:56.878+0000][17316.297s][info][gc          ] GC(3522) Pause Young (Concurrent Start) (G1 Evacuation Pause) 9669M->3565M(12288M) 34.510ms
[2024-05-30T15:22:56.878+0000][17316.297s][info][gc,cpu      ] GC(3522) User=0.20s Sys=0.00s Real=0.04s
[2024-05-30T15:22:56.878+0000][17316.297s][info][gc          ] GC(3523) Concurrent Mark Cycle
[2024-05-30T15:22:56.878+0000][17316.297s][info][gc,marking  ] GC(3523) Concurrent Clear Claimed Marks
[2024-05-30T15:22:56.878+0000][17316.298s][info][gc,marking  ] GC(3523) Concurrent Clear Claimed Marks 0.392ms
[2024-05-30T15:22:56.878+0000][17316.298s][info][gc,marking  ] GC(3523) Concurrent Scan Root Regions
[2024-05-30T15:22:56.901+0000][17316.321s][info][gc,marking  ] GC(3523) Concurrent Scan Root Regions 23.142ms
[2024-05-30T15:22:56.901+0000][17316.321s][info][gc,marking  ] GC(3523) Concurrent Mark
[2024-05-30T15:22:56.901+0000][17316.321s][info][gc,marking  ] GC(3523) Concurrent Mark From Roots
[2024-05-30T15:22:56.901+0000][17316.321s][info][gc,task     ] GC(3523) Using 2 workers of 2 for marking
[2024-05-30T15:22:59.246+0000][17318.665s][info][gc,marking  ] GC(3523) Concurrent Mark From Roots 2344.353ms
[2024-05-30T15:22:59.246+0000][17318.665s][info][gc,marking  ] GC(3523) Concurrent Preclean
[2024-05-30T15:22:59.248+0000][17318.667s][info][gc,marking  ] GC(3523) Concurrent Preclean 1.711ms
[2024-05-30T15:22:59.248+0000][17318.667s][info][gc,start    ] GC(3523) Pause Remark
[2024-05-30T15:22:59.274+0000][17318.693s][info][gc          ] GC(3523) Pause Remark 4649M->4649M(12288M) 26.222ms
[2024-05-30T15:22:59.274+0000][17318.693s][info][gc,cpu      ] GC(3523) User=0.11s Sys=0.00s Real=0.03s
[2024-05-30T15:22:59.274+0000][17318.693s][info][gc,marking  ] GC(3523) Concurrent Mark 2372.687ms
[2024-05-30T15:22:59.274+0000][17318.693s][info][gc,marking  ] GC(3523) Concurrent Rebuild Remembered Sets
[2024-05-30T15:23:00.550+0000][17319.969s][info][gc,marking  ] GC(3523) Concurrent Rebuild Remembered Sets 1276.038ms
[2024-05-30T15:23:00.550+0000][17319.970s][info][gc,start    ] GC(3523) Pause Cleanup
[2024-05-30T15:23:00.551+0000][17319.970s][info][gc          ] GC(3523) Pause Cleanup 5257M->5257M(12288M) 0.625ms
[2024-05-30T15:23:00.551+0000][17319.970s][info][gc,cpu      ] GC(3523) User=0.01s Sys=0.00s Real=0.00s
[2024-05-30T15:23:00.551+0000][17319.970s][info][gc,marking  ] GC(3523) Concurrent Cleanup for Next Mark
[2024-05-30T15:23:00.569+0000][17319.988s][info][gc,marking  ] GC(3523) Concurrent Cleanup for Next Mark 17.605ms
[2024-05-30T15:23:00.569+0000][17319.988s][info][gc          ] GC(3523) Concurrent Mark Cycle 3690.969ms
[2024-05-30T15:23:05.268+0000][17324.687s][info][gc,start    ] GC(3524) Pause Young (Prepare Mixed) (G1 Evacuation Pause)
[2024-05-30T15:23:05.268+0000][17324.688s][info][gc,task     ] GC(3524) Using 6 workers of 6 for evacuation
[2024-05-30T15:23:05.377+0000][17324.796s][info][gc,phases   ] GC(3524)   Pre Evacuate Collection Set: 0.2ms
[2024-05-30T15:23:05.377+0000][17324.796s][info][gc,phases   ] GC(3524)   Merge Heap Roots: 0.4ms
[2024-05-30T15:23:05.377+0000][17324.796s][info][gc,phases   ] GC(3524)   Evacuate Collection Set: 95.4ms
[2024-05-30T15:23:05.377+0000][17324.796s][info][gc,phases   ] GC(3524)   Post Evacuate Collection Set: 12.3ms
[2024-05-30T15:23:05.377+0000][17324.796s][info][gc,phases   ] GC(3524)   Other: 0.2ms
[2024-05-30T15:23:05.377+0000][17324.796s][info][gc,heap     ] GC(3524) Eden regions: 762->0(57)
[2024-05-30T15:23:05.377+0000][17324.796s][info][gc,heap     ] GC(3524) Survivor regions: 14->19(97)
[2024-05-30T15:23:05.377+0000][17324.796s][info][gc,heap     ] GC(3524) Old regions: 390->390
[2024-05-30T15:23:05.377+0000][17324.796s][info][gc,heap     ] GC(3524) Archive regions: 2->2
[2024-05-30T15:23:05.377+0000][17324.796s][info][gc,heap     ] GC(3524) Humongous regions: 44->44
[2024-05-30T15:23:05.377+0000][17324.796s][info][gc,metaspace] GC(3524) Metaspace: 435554K(441600K)->435554K(441600K) NonClass: 381440K(384768K)->381440K(384768K) Class: 54113K(56832K)->54113K(56832K)
[2024-05-30T15:23:05.377+0000][17324.796s][info][gc          ] GC(3524) Pause Young (Prepare Mixed) (G1 Evacuation Pause) 9677M->3624M(12288M) 108.629ms
[2024-05-30T15:23:05.377+0000][17324.796s][info][gc,cpu      ] GC(3524) User=0.63s Sys=0.00s Real=0.12s
[2024-05-30T15:23:05.630+0000][17325.049s][info][gc,start    ] GC(3525) Pause Young (Mixed) (G1 Evacuation Pause)
[2024-05-30T15:23:05.630+0000][17325.049s][info][gc,task     ] GC(3525) Using 6 workers of 6 for evacuation
[2024-05-30T15:23:05.731+0000][17325.150s][info][gc,phases   ] GC(3525)   Pre Evacuate Collection Set: 0.2ms
[2024-05-30T15:23:05.731+0000][17325.150s][info][gc,phases   ] GC(3525)   Merge Heap Roots: 0.5ms
[2024-05-30T15:23:05.731+0000][17325.150s][info][gc,phases   ] GC(3525)   Evacuate Collection Set: 95.7ms
[2024-05-30T15:23:05.731+0000][17325.150s][info][gc,phases   ] GC(3525)   Post Evacuate Collection Set: 5.0ms
[2024-05-30T15:23:05.731+0000][17325.150s][info][gc,phases   ] GC(3525)   Other: 0.2ms
[2024-05-30T15:23:05.731+0000][17325.150s][info][gc,heap     ] GC(3525) Eden regions: 57->0(762)
[2024-05-30T15:23:05.731+0000][17325.150s][info][gc,heap     ] GC(3525) Survivor regions: 19->3(10)
[2024-05-30T15:23:05.731+0000][17325.150s][info][gc,heap     ] GC(3525) Old regions: 390->395
[2024-05-30T15:23:05.731+0000][17325.150s][info][gc,heap     ] GC(3525) Archive regions: 2->2
[2024-05-30T15:23:05.731+0000][17325.150s][info][gc,heap     ] GC(3525) Humongous regions: 44->44
[2024-05-30T15:23:05.731+0000][17325.150s][info][gc,metaspace] GC(3525) Metaspace: 435554K(441600K)->435554K(441600K) NonClass: 381440K(384768K)->381440K(384768K) Class: 54113K(56832K)->54113K(56832K)
[2024-05-30T15:23:05.731+0000][17325.150s][info][gc          ] GC(3525) Pause Young (Mixed) (G1 Evacuation Pause) 4080M->3535M(12288M) 101.627ms
[2024-05-30T15:23:05.731+0000][17325.150s][info][gc,cpu      ] GC(3525) User=0.60s Sys=0.00s Real=0.10s
[2024-05-30T15:23:08.040+0000][17327.459s][info][gc,start    ] GC(3526) Pause Young (Normal) (G1 Evacuation Pause)
[2024-05-30T15:23:08.040+0000][17327.459s][info][gc,task     ] GC(3526) Using 6 workers of 6 for evacuation
[2024-05-30T15:23:08.120+0000][17327.539s][info][gc,phases   ] GC(3526)   Pre Evacuate Collection Set: 0.2ms
[2024-05-30T15:23:08.120+0000][17327.539s][info][gc,phases   ] GC(3526)   Merge Heap Roots: 0.2ms
[2024-05-30T15:23:08.120+0000][17327.539s][info][gc,phases   ] GC(3526)   Evacuate Collection Set: 58.8ms
[2024-05-30T15:23:08.120+0000][17327.539s][info][gc,phases   ] GC(3526)   Post Evacuate Collection Set: 21.2ms
[2024-05-30T15:23:08.120+0000][17327.539s][info][gc,phases   ] GC(3526)   Other: 0.2ms
[2024-05-30T15:23:08.120+0000][17327.539s][info][gc,heap     ] GC(3526) Eden regions: 762->0(756)
[2024-05-30T15:23:08.120+0000][17327.539s][info][gc,heap     ] GC(3526) Survivor regions: 3->8(96)
[2024-05-30T15:23:08.120+0000][17327.539s][info][gc,heap     ] GC(3526) Old regions: 395->395
[2024-05-30T15:23:08.120+0000][17327.539s][info][gc,heap     ] GC(3526) Archive regions: 2->2
[2024-05-30T15:23:08.120+0000][17327.539s][info][gc,heap     ] GC(3526) Humongous regions: 44->44
[2024-05-30T15:23:08.120+0000][17327.539s][info][gc,metaspace] GC(3526) Metaspace: 435554K(441600K)->435554K(441600K) NonClass: 381440K(384768K)->381440K(384768K) Class: 54113K(56832K)->54113K(56832K)
[2024-05-30T15:23:08.120+0000][17327.539s][info][gc          ] GC(3526) Pause Young (Normal) (G1 Evacuation Pause) 9631M->3571M(12288M) 80.623ms
[2024-05-30T15:23:08.120+0000][17327.539s][info][gc,cpu      ] GC(3526) User=0.47s Sys=0.00s Real=0.08s
[2024-05-30T15:23:10.515+0000][17329.934s][info][gc,start    ] GC(3527) Pause Young (Normal) (G1 Evacuation Pause)
[2024-05-30T15:23:10.515+0000][17329.934s][info][gc,task     ] GC(3527) Using 6 workers of 6 for evacuation
[2024-05-30T15:23:10.606+0000][17330.025s][info][gc,phases   ] GC(3527)   Pre Evacuate Collection Set: 0.2ms
[2024-05-30T15:23:10.606+0000][17330.025s][info][gc,phases   ] GC(3527)   Merge Heap Roots: 0.3ms
[2024-05-30T15:23:10.606+0000][17330.025s][info][gc,phases   ] GC(3527)   Evacuate Collection Set: 70.0ms
[2024-05-30T15:23:10.606+0000][17330.025s][info][gc,phases   ] GC(3527)   Post Evacuate Collection Set: 19.8ms
[2024-05-30T15:23:10.606+0000][17330.025s][info][gc,phases   ] GC(3527)   Other: 0.2ms
[2024-05-30T15:23:10.606+0000][17330.025s][info][gc,heap     ] GC(3527) Eden regions: 756->0(754)
[2024-05-30T15:23:10.606+0000][17330.025s][info][gc,heap     ] GC(3527) Survivor regions: 8->12(96)
[2024-05-30T15:23:10.606+0000][17330.025s][info][gc,heap     ] GC(3527) Old regions: 395->395
[2024-05-30T15:23:10.606+0000][17330.025s][info][gc,heap     ] GC(3527) Archive regions: 2->2
[2024-05-30T15:23:10.606+0000][17330.025s][info][gc,heap     ] GC(3527) Humongous regions: 44->44
[2024-05-30T15:23:10.606+0000][17330.025s][info][gc,metaspace] GC(3527) Metaspace: 435554K(441600K)->435554K(441600K) NonClass: 381440K(384768K)->381440K(384768K) Class: 54113K(56832K)->54113K(56832K)
[2024-05-30T15:23:10.606+0000][17330.025s][info][gc          ] GC(3527) Pause Young (Normal) (G1 Evacuation Pause) 9619M->3601M(12288M) 90.557ms
[2024-05-30T15:23:10.606+0000][17330.025s][info][gc,cpu      ] GC(3527) User=0.53s Sys=0.00s Real=0.09s
[2024-05-30T15:23:13.150+0000][17332.569s][info][gc,start    ] GC(3528) Pause Young (Concurrent Start) (G1 Evacuation Pause)
[2024-05-30T15:23:13.150+0000][17332.569s][info][gc,task     ] GC(3528) Using 6 workers of 6 for evacuation
[2024-05-30T15:23:13.270+0000][17332.690s][info][gc,phases   ] GC(3528)   Pre Evacuate Collection Set: 0.5ms
[2024-05-30T15:23:13.270+0000][17332.690s][info][gc,phases   ] GC(3528)   Merge Heap Roots: 0.4ms
[2024-05-30T15:23:13.270+0000][17332.690s][info][gc,phases   ] GC(3528)   Evacuate Collection Set: 100.0ms
[2024-05-30T15:23:13.270+0000][17332.690s][info][gc,phases   ] GC(3528)   Post Evacuate Collection Set: 19.3ms
[2024-05-30T15:23:13.270+0000][17332.690s][info][gc,phases   ] GC(3528)   Other: 0.3ms
[2024-05-30T15:23:13.270+0000][17332.690s][info][gc,heap     ] GC(3528) Eden regions: 754->0(750)
[2024-05-30T15:23:13.270+0000][17332.690s][info][gc,heap     ] GC(3528) Survivor regions: 12->17(96)
[2024-05-30T15:23:13.270+0000][17332.690s][info][gc,heap     ] GC(3528) Old regions: 395->395
[2024-05-30T15:23:13.270+0000][17332.690s][info][gc,heap     ] GC(3528) Archive regions: 2->2
[2024-05-30T15:23:13.270+0000][17332.690s][info][gc,heap     ] GC(3528) Humongous regions: 44->44
[2024-05-30T15:23:13.270+0000][17332.690s][info][gc,metaspace] GC(3528) Metaspace: 435554K(441600K)->435554K(441600K) NonClass: 381440K(384768K)->381440K(384768K) Class: 54113K(56832K)->54113K(56832K)
[2024-05-30T15:23:13.270+0000][17332.690s][info][gc          ] GC(3528) Pause Young (Concurrent Start) (G1 Evacuation Pause) 9633M->3642M(12288M) 120.652ms
[2024-05-30T15:23:13.270+0000][17332.690s][info][gc,cpu      ] GC(3528) User=0.70s Sys=0.01s Real=0.12s
[2024-05-30T15:23:13.270+0000][17332.690s][info][gc          ] GC(3529) Concurrent Mark Cycle
[2024-05-30T15:23:13.271+0000][17332.690s][info][gc,marking  ] GC(3529) Concurrent Clear Claimed Marks
[2024-05-30T15:23:13.271+0000][17332.690s][info][gc,marking  ] GC(3529) Concurrent Clear Claimed Marks 0.421ms
[2024-05-30T15:23:13.271+0000][17332.690s][info][gc,marking  ] GC(3529) Concurrent Scan Root Regions
[2024-05-30T15:23:13.332+0000][17332.751s][info][gc,marking  ] GC(3529) Concurrent Scan Root Regions 61.117ms
[2024-05-30T15:23:13.332+0000][17332.751s][info][gc,marking  ] GC(3529) Concurrent Mark
[2024-05-30T15:23:13.332+0000][17332.751s][info][gc,marking  ] GC(3529) Concurrent Mark From Roots
[2024-05-30T15:23:13.332+0000][17332.751s][info][gc,task     ] GC(3529) Using 2 workers of 2 for marking
[2024-05-30T15:23:15.588+0000][17335.007s][info][gc,marking  ] GC(3529) Concurrent Mark From Roots 2255.746ms
[2024-05-30T15:23:15.588+0000][17335.007s][info][gc,marking  ] GC(3529) Concurrent Preclean
[2024-05-30T15:23:15.589+0000][17335.009s][info][gc,marking  ] GC(3529) Concurrent Preclean 1.418ms
[2024-05-30T15:23:15.590+0000][17335.009s][info][gc,start    ] GC(3529) Pause Remark
[2024-05-30T15:23:15.614+0000][17335.033s][info][gc          ] GC(3529) Pause Remark 8226M->8218M(12288M) 24.517ms
[2024-05-30T15:23:15.614+0000][17335.033s][info][gc,cpu      ] GC(3529) User=0.11s Sys=0.00s Real=0.02s
[2024-05-30T15:23:15.614+0000][17335.033s][info][gc,marking  ] GC(3529) Concurrent Mark 2282.075ms
[2024-05-30T15:23:15.614+0000][17335.033s][info][gc,marking  ] GC(3529) Concurrent Rebuild Remembered Sets
[2024-05-30T15:23:16.174+0000][17335.593s][info][gc,start    ] GC(3530) Pause Young (Normal) (G1 Evacuation Pause)
[2024-05-30T15:23:16.174+0000][17335.593s][info][gc,task     ] GC(3530) Using 6 workers of 6 for evacuation
[2024-05-30T15:23:16.301+0000][17335.721s][info][gc,phases   ] GC(3530)   Pre Evacuate Collection Set: 0.2ms
[2024-05-30T15:23:16.302+0000][17335.721s][info][gc,phases   ] GC(3530)   Merge Heap Roots: 1.1ms
[2024-05-30T15:23:16.302+0000][17335.721s][info][gc,phases   ] GC(3530)   Evacuate Collection Set: 104.1ms
[2024-05-30T15:23:16.302+0000][17335.721s][info][gc,phases   ] GC(3530)   Post Evacuate Collection Set: 21.8ms
[2024-05-30T15:23:16.302+0000][17335.721s][info][gc,phases   ] GC(3530)   Other: 0.2ms
[2024-05-30T15:23:16.302+0000][17335.721s][info][gc,heap     ] GC(3530) Eden regions: 750->0(744)
[2024-05-30T15:23:16.302+0000][17335.721s][info][gc,heap     ] GC(3530) Survivor regions: 17->22(96)
[2024-05-30T15:23:16.302+0000][17335.721s][info][gc,heap     ] GC(3530) Old regions: 395->395
[2024-05-30T15:23:16.302+0000][17335.721s][info][gc,heap     ] GC(3530) Archive regions: 2->2
[2024-05-30T15:23:16.302+0000][17335.721s][info][gc,heap     ] GC(3530) Humongous regions: 43->43
[2024-05-30T15:23:16.302+0000][17335.721s][info][gc,metaspace] GC(3530) Metaspace: 435554K(441600K)->435554K(441600K) NonClass: 381440K(384768K)->381440K(384768K) Class: 54113K(56832K)->54113K(56832K)
[2024-05-30T15:23:16.302+0000][17335.721s][info][gc          ] GC(3530) Pause Young (Normal) (G1 Evacuation Pause) 9634M->3679M(12288M) 127.398ms
[2024-05-30T15:23:16.302+0000][17335.721s][info][gc,cpu      ] GC(3530) User=0.75s Sys=0.00s Real=0.13s
[2024-05-30T15:23:17.084+0000][17336.503s][info][gc,marking  ] GC(3529) Concurrent Rebuild Remembered Sets 1469.806ms
[2024-05-30T15:23:17.084+0000][17336.503s][info][gc,start    ] GC(3529) Pause Cleanup
[2024-05-30T15:23:17.085+0000][17336.504s][info][gc          ] GC(3529) Pause Cleanup 4951M->4951M(12288M) 0.651ms
[2024-05-30T15:23:17.085+0000][17336.504s][info][gc,cpu      ] GC(3529) User=0.00s Sys=0.00s Real=0.00s
[2024-05-30T15:23:17.085+0000][17336.504s][info][gc,marking  ] GC(3529) Concurrent Cleanup for Next Mark
[2024-05-30T15:23:17.102+0000][17336.521s][info][gc,marking  ] GC(3529) Concurrent Cleanup for Next Mark 16.620ms
[2024-05-30T15:23:17.102+0000][17336.521s][info][gc          ] GC(3529) Concurrent Mark Cycle 3831.170ms
[2024-05-30T15:23:18.894+0000][17338.313s][info][gc,start    ] GC(3531) Pause Young (Prepare Mixed) (G1 Evacuation Pause)
[2024-05-30T15:23:18.894+0000][17338.313s][info][gc,task     ] GC(3531) Using 6 workers of 6 for evacuation
[2024-05-30T15:23:19.071+0000][17338.490s][info][gc,phases   ] GC(3531)   Pre Evacuate Collection Set: 0.2ms
[2024-05-30T15:23:19.071+0000][17338.490s][info][gc,phases   ] GC(3531)   Merge Heap Roots: 0.6ms
[2024-05-30T15:23:19.071+0000][17338.490s][info][gc,phases   ] GC(3531)   Evacuate Collection Set: 150.3ms
[2024-05-30T15:23:19.071+0000][17338.490s][info][gc,phases   ] GC(3531)   Post Evacuate Collection Set: 26.0ms
[2024-05-30T15:23:19.071+0000][17338.490s][info][gc,phases   ] GC(3531)   Other: 0.2ms
[2024-05-30T15:23:19.071+0000][17338.490s][info][gc,heap     ] GC(3531) Eden regions: 744->0(45)
[2024-05-30T15:23:19.071+0000][17338.490s][info][gc,heap     ] GC(3531) Survivor regions: 22->31(96)
[2024-05-30T15:23:19.071+0000][17338.490s][info][gc,heap     ] GC(3531) Old regions: 395->395
[2024-05-30T15:23:19.071+0000][17338.490s][info][gc,heap     ] GC(3531) Archive regions: 2->2
[2024-05-30T15:23:19.071+0000][17338.490s][info][gc,heap     ] GC(3531) Humongous regions: 44->44
[2024-05-30T15:23:19.071+0000][17338.490s][info][gc,metaspace] GC(3531) Metaspace: 435554K(441600K)->435554K(441600K) NonClass: 381440K(384768K)->381440K(384768K) Class: 54113K(56832K)->54113K(56832K)
[2024-05-30T15:23:19.071+0000][17338.490s][info][gc          ] GC(3531) Pause Young (Prepare Mixed) (G1 Evacuation Pause) 9639M->3754M(12288M) 177.425ms
[2024-05-30T15:23:19.071+0000][17338.490s][info][gc,cpu      ] GC(3531) User=1.04s Sys=0.00s Real=0.18s
[2024-05-30T15:23:19.229+0000][17338.648s][info][gc,start    ] GC(3532) Pause Young (Mixed) (G1 Evacuation Pause)
[2024-05-30T15:23:19.229+0000][17338.648s][info][gc,task     ] GC(3532) Using 6 workers of 6 for evacuation
[2024-05-30T15:23:19.378+0000][17338.797s][info][gc,phases   ] GC(3532)   Pre Evacuate Collection Set: 0.2ms
[2024-05-30T15:23:19.378+0000][17338.797s][info][gc,phases   ] GC(3532)   Merge Heap Roots: 0.6ms
[2024-05-30T15:23:19.378+0000][17338.797s][info][gc,phases   ] GC(3532)   Evacuate Collection Set: 145.7ms
[2024-05-30T15:23:19.378+0000][17338.797s][info][gc,phases   ] GC(3532)   Post Evacuate Collection Set: 2.8ms
[2024-05-30T15:23:19.378+0000][17338.797s][info][gc,phases   ] GC(3532)   Other: 0.2ms
[2024-05-30T15:23:19.378+0000][17338.797s][info][gc,heap     ] GC(3532) Eden regions: 45->0(748)
[2024-05-30T15:23:19.378+0000][17338.797s][info][gc,heap     ] GC(3532) Survivor regions: 31->3(10)
[2024-05-30T15:23:19.378+0000][17338.797s][info][gc,heap     ] GC(3532) Old regions: 395->408
[2024-05-30T15:23:19.378+0000][17338.797s][info][gc,heap     ] GC(3532) Archive regions: 2->2
[2024-05-30T15:23:19.378+0000][17338.797s][info][gc,heap     ] GC(3532) Humongous regions: 44->44
[2024-05-30T15:23:19.378+0000][17338.797s][info][gc,metaspace] GC(3532) Metaspace: 435554K(441600K)->435554K(441600K) NonClass: 381440K(384768K)->381440K(384768K) Class: 54113K(56832K)->54113K(56832K)
[2024-05-30T15:23:19.378+0000][17338.797s][info][gc          ] GC(3532) Pause Young (Mixed) (G1 Evacuation Pause) 4114M->3643M(12288M) 149.530ms
[2024-05-30T15:23:19.378+0000][17338.798s][info][gc,cpu      ] GC(3532) User=0.89s Sys=0.00s Real=0.15s
[2024-05-30T15:23:21.807+0000][17341.226s][info][gc,start    ] GC(3533) Pause Young (Normal) (G1 Evacuation Pause)
[2024-05-30T15:23:21.807+0000][17341.226s][info][gc,task     ] GC(3533) Using 6 workers of 6 for evacuation
[2024-05-30T15:23:21.895+0000][17341.314s][info][gc,phases   ] GC(3533)   Pre Evacuate Collection Set: 0.2ms
[2024-05-30T15:23:21.895+0000][17341.314s][info][gc,phases   ] GC(3533)   Merge Heap Roots: 0.5ms
[2024-05-30T15:23:21.895+0000][17341.314s][info][gc,phases   ] GC(3533)   Evacuate Collection Set: 66.4ms
[2024-05-30T15:23:21.895+0000][17341.314s][info][gc,phases   ] GC(3533)   Post Evacuate Collection Set: 20.7ms
[2024-05-30T15:23:21.895+0000][17341.314s][info][gc,phases   ] GC(3533)   Other: 0.2ms
[2024-05-30T15:23:21.895+0000][17341.314s][info][gc,heap     ] GC(3533) Eden regions: 748->0(745)
[2024-05-30T15:23:21.895+0000][17341.314s][info][gc,heap     ] GC(3533) Survivor regions: 3->7(94)
[2024-05-30T15:23:21.895+0000][17341.314s][info][gc,heap     ] GC(3533) Old regions: 408->408
[2024-05-30T15:23:21.895+0000][17341.314s][info][gc,heap     ] GC(3533) Archive regions: 2->2
[2024-05-30T15:23:21.895+0000][17341.314s][info][gc,heap     ] GC(3533) Humongous regions: 44->44
[2024-05-30T15:23:21.895+0000][17341.314s][info][gc,metaspace] GC(3533) Metaspace: 435554K(441600K)->435554K(441600K) NonClass: 381440K(384768K)->381440K(384768K) Class: 54113K(56832K)->54113K(56832K)
[2024-05-30T15:23:21.895+0000][17341.314s][info][gc          ] GC(3533) Pause Young (Normal) (G1 Evacuation Pause) 9627M->3669M(12288M) 88.056ms
[2024-05-30T15:23:21.895+0000][17341.314s][info][gc,cpu      ] GC(3533) User=0.51s Sys=0.00s Real=0.09s
[2024-05-30T15:23:24.056+0000][17343.475s][info][gc,start    ] GC(3534) Pause Young (Normal) (G1 Evacuation Pause)
[2024-05-30T15:23:24.056+0000][17343.475s][info][gc,task     ] GC(3534) Using 6 workers of 6 for evacuation
[2024-05-30T15:23:24.144+0000][17343.564s][info][gc,phases   ] GC(3534)   Pre Evacuate Collection Set: 0.2ms
[2024-05-30T15:23:24.144+0000][17343.564s][info][gc,phases   ] GC(3534)   Merge Heap Roots: 0.4ms
[2024-05-30T15:23:24.144+0000][17343.564s][info][gc,phases   ] GC(3534)   Evacuate Collection Set: 69.9ms
[2024-05-30T15:23:24.144+0000][17343.564s][info][gc,phases   ] GC(3534)   Post Evacuate Collection Set: 17.6ms
[2024-05-30T15:23:24.144+0000][17343.564s][info][gc,phases   ] GC(3534)   Other: 0.2ms
[2024-05-30T15:23:24.144+0000][17343.564s][info][gc,heap     ] GC(3534) Eden regions: 745->0(741)
[2024-05-30T15:23:24.145+0000][17343.564s][info][gc,heap     ] GC(3534) Survivor regions: 7->12(94)
[2024-05-30T15:23:24.145+0000][17343.564s][info][gc,heap     ] GC(3534) Old regions: 408->408
[2024-05-30T15:23:24.145+0000][17343.564s][info][gc,heap     ] GC(3534) Archive regions: 2->2
[2024-05-30T15:23:24.145+0000][17343.564s][info][gc,heap     ] GC(3534) Humongous regions: 44->44
[2024-05-30T15:23:24.145+0000][17343.564s][info][gc,metaspace] GC(3534) Metaspace: 435554K(441600K)->435554K(441600K) NonClass: 381440K(384768K)->381440K(384768K) Class: 54113K(56832K)->54113K(56832K)
[2024-05-30T15:23:24.145+0000][17343.564s][info][gc          ] GC(3534) Pause Young (Normal) (G1 Evacuation Pause) 9629M->3709M(12288M) 88.382ms
[2024-05-30T15:23:24.145+0000][17343.564s][info][gc,cpu      ] GC(3534) User=0.51s Sys=0.00s Real=0.09s
[2024-05-30T15:23:26.417+0000][17345.836s][info][gc,start    ] GC(3535) Pause Young (Concurrent Start) (G1 Evacuation Pause)
[2024-05-30T15:23:26.417+0000][17345.836s][info][gc,task     ] GC(3535) Using 6 workers of 6 for evacuation
[2024-05-30T15:23:26.517+0000][17345.936s][info][gc,phases   ] GC(3535)   Pre Evacuate Collection Set: 0.5ms
[2024-05-30T15:23:26.517+0000][17345.936s][info][gc,phases   ] GC(3535)   Merge Heap Roots: 0.4ms
[2024-05-30T15:23:26.517+0000][17345.936s][info][gc,phases   ] GC(3535)   Evacuate Collection Set: 82.3ms
[2024-05-30T15:23:26.517+0000][17345.936s][info][gc,phases   ] GC(3535)   Post Evacuate Collection Set: 16.8ms
[2024-05-30T15:23:26.517+0000][17345.936s][info][gc,phases   ] GC(3535)   Other: 0.3ms
[2024-05-30T15:23:26.517+0000][17345.936s][info][gc,heap     ] GC(3535) Eden regions: 741->0(739)
[2024-05-30T15:23:26.517+0000][17345.936s][info][gc,heap     ] GC(3535) Survivor regions: 12->16(95)
[2024-05-30T15:23:26.517+0000][17345.936s][info][gc,heap     ] GC(3535) Old regions: 408->408
[2024-05-30T15:23:26.517+0000][17345.936s][info][gc,heap     ] GC(3535) Archive regions: 2->2
[2024-05-30T15:23:26.517+0000][17345.936s][info][gc,heap     ] GC(3535) Humongous regions: 44->44
[2024-05-30T15:23:26.517+0000][17345.936s][info][gc,metaspace] GC(3535) Metaspace: 435554K(441600K)->435554K(441600K) NonClass: 381440K(384768K)->381440K(384768K) Class: 54113K(56832K)->54113K(56832K)
[2024-05-30T15:23:26.517+0000][17345.936s][info][gc          ] GC(3535) Pause Young (Concurrent Start) (G1 Evacuation Pause) 9637M->3744M(12288M) 100.453ms
[2024-05-30T15:23:26.517+0000][17345.936s][info][gc,cpu      ] GC(3535) User=0.59s Sys=0.00s Real=0.10s
[2024-05-30T15:23:26.517+0000][17345.936s][info][gc          ] GC(3536) Concurrent Mark Cycle
[2024-05-30T15:23:26.517+0000][17345.936s][info][gc,marking  ] GC(3536) Concurrent Clear Claimed Marks
[2024-05-30T15:23:26.518+0000][17345.937s][info][gc,marking  ] GC(3536) Concurrent Clear Claimed Marks 0.403ms
[2024-05-30T15:23:26.518+0000][17345.937s][info][gc,marking  ] GC(3536) Concurrent Scan Root Regions
[2024-05-30T15:23:26.558+0000][17345.977s][info][gc,marking  ] GC(3536) Concurrent Scan Root Regions 40.153ms
[2024-05-30T15:23:26.558+0000][17345.977s][info][gc,marking  ] GC(3536) Concurrent Mark
[2024-05-30T15:23:26.558+0000][17345.977s][info][gc,marking  ] GC(3536) Concurrent Mark From Roots
[2024-05-30T15:23:26.558+0000][17345.977s][info][gc,task     ] GC(3536) Using 2 workers of 2 for marking
[2024-05-30T15:23:28.632+0000][17348.051s][info][gc,marking  ] GC(3536) Concurrent Mark From Roots 2073.804ms
[2024-05-30T15:23:28.632+0000][17348.051s][info][gc,marking  ] GC(3536) Concurrent Preclean
[2024-05-30T15:23:28.634+0000][17348.053s][info][gc,marking  ] GC(3536) Concurrent Preclean 1.967ms
[2024-05-30T15:23:28.634+0000][17348.053s][info][gc,start    ] GC(3536) Pause Remark
[2024-05-30T15:23:28.678+0000][17348.097s][info][gc          ] GC(3536) Pause Remark 8276M->8276M(12288M) 44.062ms
[2024-05-30T15:23:28.678+0000][17348.097s][info][gc,cpu      ] GC(3536) User=0.23s Sys=0.00s Real=0.05s
[2024-05-30T15:23:28.678+0000][17348.097s][info][gc,marking  ] GC(3536) Concurrent Mark 2120.229ms
[2024-05-30T15:23:28.678+0000][17348.097s][info][gc,marking  ] GC(3536) Concurrent Rebuild Remembered Sets
[2024-05-30T15:23:29.232+0000][17348.651s][info][gc,start    ] GC(3537) Pause Young (Normal) (G1 Evacuation Pause)
[2024-05-30T15:23:29.232+0000][17348.651s][info][gc,task     ] GC(3537) Using 6 workers of 6 for evacuation
[2024-05-30T15:23:29.341+0000][17348.760s][info][gc,phases   ] GC(3537)   Pre Evacuate Collection Set: 0.2ms
[2024-05-30T15:23:29.341+0000][17348.760s][info][gc,phases   ] GC(3537)   Merge Heap Roots: 1.1ms
[2024-05-30T15:23:29.341+0000][17348.760s][info][gc,phases   ] GC(3537)   Evacuate Collection Set: 92.2ms
[2024-05-30T15:23:29.341+0000][17348.760s][info][gc,phases   ] GC(3537)   Post Evacuate Collection Set: 15.4ms
[2024-05-30T15:23:29.341+0000][17348.760s][info][gc,phases   ] GC(3537)   Other: 0.2ms
[2024-05-30T15:23:29.341+0000][17348.760s][info][gc,heap     ] GC(3537) Eden regions: 739->0(739)
[2024-05-30T15:23:29.341+0000][17348.760s][info][gc,heap     ] GC(3537) Survivor regions: 16->17(95)
[2024-05-30T15:23:29.341+0000][17348.760s][info][gc,heap     ] GC(3537) Old regions: 408->408
[2024-05-30T15:23:29.341+0000][17348.760s][info][gc,heap     ] GC(3537) Archive regions: 2->2
[2024-05-30T15:23:29.341+0000][17348.760s][info][gc,heap     ] GC(3537) Humongous regions: 44->44
[2024-05-30T15:23:29.341+0000][17348.760s][info][gc,metaspace] GC(3537) Metaspace: 435479K(441600K)->435479K(441600K) NonClass: 381382K(384768K)->381382K(384768K) Class: 54096K(56832K)->54096K(56832K)
[2024-05-30T15:23:29.341+0000][17348.760s][info][gc          ] GC(3537) Pause Young (Normal) (G1 Evacuation Pause) 9656M->3755M(12288M) 109.112ms
[2024-05-30T15:23:29.341+0000][17348.760s][info][gc,cpu      ] GC(3537) User=0.63s Sys=0.01s Real=0.11s
[2024-05-30T15:23:30.044+0000][17349.463s][info][gc,marking  ] GC(3536) Concurrent Rebuild Remembered Sets 1365.869ms
[2024-05-30T15:23:30.044+0000][17349.463s][info][gc,start    ] GC(3536) Pause Cleanup
[2024-05-30T15:23:30.045+0000][17349.464s][info][gc          ] GC(3536) Pause Cleanup 5439M->5439M(12288M) 0.684ms
[2024-05-30T15:23:30.045+0000][17349.464s][info][gc,cpu      ] GC(3536) User=0.00s Sys=0.00s Real=0.00s
[2024-05-30T15:23:30.045+0000][17349.464s][info][gc,marking  ] GC(3536) Concurrent Cleanup for Next Mark
[2024-05-30T15:23:30.062+0000][17349.481s][info][gc,marking  ] GC(3536) Concurrent Cleanup for Next Mark 16.524ms
[2024-05-30T15:23:30.062+0000][17349.481s][info][gc          ] GC(3536) Concurrent Mark Cycle 3544.381ms
[2024-05-30T15:23:31.695+0000][17351.114s][info][gc,start    ] GC(3538) Pause Young (Prepare Mixed) (G1 Evacuation Pause)
[2024-05-30T15:23:31.695+0000][17351.114s][info][gc,task     ] GC(3538) Using 6 workers of 6 for evacuation
[2024-05-30T15:23:31.854+0000][17351.274s][info][gc,phases   ] GC(3538)   Pre Evacuate Collection Set: 0.2ms
[2024-05-30T15:23:31.854+0000][17351.274s][info][gc,phases   ] GC(3538)   Merge Heap Roots: 0.6ms
[2024-05-30T15:23:31.854+0000][17351.274s][info][gc,phases   ] GC(3538)   Evacuate Collection Set: 132.8ms
[2024-05-30T15:23:31.854+0000][17351.274s][info][gc,phases   ] GC(3538)   Post Evacuate Collection Set: 25.9ms
[2024-05-30T15:23:31.854+0000][17351.274s][info][gc,phases   ] GC(3538)   Other: 0.2ms
[2024-05-30T15:23:31.854+0000][17351.274s][info][gc,heap     ] GC(3538) Eden regions: 739->0(53)
[2024-05-30T15:23:31.854+0000][17351.274s][info][gc,heap     ] GC(3538) Survivor regions: 17->23(95)
[2024-05-30T15:23:31.854+0000][17351.274s][info][gc,heap     ] GC(3538) Old regions: 408->408
[2024-05-30T15:23:31.854+0000][17351.274s][info][gc,heap     ] GC(3538) Archive regions: 2->2
[2024-05-30T15:23:31.854+0000][17351.274s][info][gc,heap     ] GC(3538) Humongous regions: 45->45
[2024-05-30T15:23:31.855+0000][17351.274s][info][gc,metaspace] GC(3538) Metaspace: 435479K(441600K)->435479K(441600K) NonClass: 381382K(384768K)->381382K(384768K) Class: 54096K(56832K)->54096K(56832K)
[2024-05-30T15:23:31.855+0000][17351.274s][info][gc          ] GC(3538) Pause Young (Prepare Mixed) (G1 Evacuation Pause) 9675M->3807M(12288M) 159.786ms
[2024-05-30T15:23:31.855+0000][17351.274s][info][gc,cpu      ] GC(3538) User=0.94s Sys=0.00s Real=0.16s
[2024-05-30T15:23:32.095+0000][17351.514s][info][gc,start    ] GC(3539) Pause Young (Mixed) (G1 Evacuation Pause)
[2024-05-30T15:23:32.095+0000][17351.514s][info][gc,task     ] GC(3539) Using 6 workers of 6 for evacuation
[2024-05-30T15:23:32.194+0000][17351.613s][info][gc,phases   ] GC(3539)   Pre Evacuate Collection Set: 0.2ms
[2024-05-30T15:23:32.194+0000][17351.613s][info][gc,phases   ] GC(3539)   Merge Heap Roots: 0.6ms
[2024-05-30T15:23:32.194+0000][17351.613s][info][gc,phases   ] GC(3539)   Evacuate Collection Set: 95.5ms
[2024-05-30T15:23:32.194+0000][17351.613s][info][gc,phases   ] GC(3539)   Post Evacuate Collection Set: 2.6ms
[2024-05-30T15:23:32.194+0000][17351.613s][info][gc,phases   ] GC(3539)   Other: 0.2ms
[2024-05-30T15:23:32.194+0000][17351.613s][info][gc,heap     ] GC(3539) Eden regions: 53->0(753)
[2024-05-30T15:23:32.194+0000][17351.613s][info][gc,heap     ] GC(3539) Survivor regions: 23->3(10)
[2024-05-30T15:23:32.194+0000][17351.613s][info][gc,heap     ] GC(3539) Old regions: 408->404
[2024-05-30T15:23:32.194+0000][17351.613s][info][gc,heap     ] GC(3539) Archive regions: 2->2
[2024-05-30T15:23:32.194+0000][17351.613s][info][gc,heap     ] GC(3539) Humongous regions: 45->45
[2024-05-30T15:23:32.194+0000][17351.613s][info][gc,metaspace] GC(3539) Metaspace: 435479K(441600K)->435479K(441600K) NonClass: 381382K(384768K)->381382K(384768K) Class: 54096K(56832K)->54096K(56832K)
[2024-05-30T15:23:32.194+0000][17351.613s][info][gc          ] GC(3539) Pause Young (Mixed) (G1 Evacuation Pause) 4231M->3617M(12288M) 99.172ms
[2024-05-30T15:23:32.194+0000][17351.613s][info][gc,cpu      ] GC(3539) User=0.59s Sys=0.01s Real=0.10s
[2024-05-30T15:23:39.742+0000][17359.161s][info][gc,start    ] GC(3540) Pause Young (Normal) (G1 Evacuation Pause)
[2024-05-30T15:23:39.742+0000][17359.161s][info][gc,task     ] GC(3540) Using 6 workers of 6 for evacuation
[2024-05-30T15:23:39.796+0000][17359.215s][info][gc,phases   ] GC(3540)   Pre Evacuate Collection Set: 0.2ms
[2024-05-30T15:23:39.796+0000][17359.215s][info][gc,phases   ] GC(3540)   Merge Heap Roots: 0.9ms
[2024-05-30T15:23:39.796+0000][17359.215s][info][gc,phases   ] GC(3540)   Evacuate Collection Set: 44.0ms
[2024-05-30T15:23:39.796+0000][17359.215s][info][gc,phases   ] GC(3540)   Post Evacuate Collection Set: 8.9ms
[2024-05-30T15:23:39.796+0000][17359.215s][info][gc,phases   ] GC(3540)   Other: 0.2ms
[2024-05-30T15:23:39.796+0000][17359.215s][info][gc,heap     ] GC(3540) Eden regions: 753->0(751)
[2024-05-30T15:23:39.796+0000][17359.215s][info][gc,heap     ] GC(3540) Survivor regions: 3->6(95)
[2024-05-30T15:23:39.796+0000][17359.215s][info][gc,heap     ] GC(3540) Old regions: 404->404
[2024-05-30T15:23:39.796+0000][17359.215s][info][gc,heap     ] GC(3540) Archive regions: 2->2
[2024-05-30T15:23:39.796+0000][17359.215s][info][gc,heap     ] GC(3540) Humongous regions: 45->45
[2024-05-30T15:23:39.796+0000][17359.215s][info][gc,metaspace] GC(3540) Metaspace: 435479K(441600K)->435479K(441600K) NonClass: 381382K(384768K)->381382K(384768K) Class: 54096K(56832K)->54096K(56832K)
[2024-05-30T15:23:39.796+0000][17359.215s][info][gc          ] GC(3540) Pause Young (Normal) (G1 Evacuation Pause) 9641M->3640M(12288M) 54.294ms
[2024-05-30T15:23:39.796+0000][17359.216s][info][gc,cpu      ] GC(3540) User=0.31s Sys=0.01s Real=0.05s
[2024-05-30T15:23:52.161+0000][17371.580s][info][gc,start    ] GC(3541) Pause Young (Normal) (G1 Evacuation Pause)
[2024-05-30T15:23:52.161+0000][17371.581s][info][gc,task     ] GC(3541) Using 6 workers of 6 for evacuation
[2024-05-30T15:23:52.194+0000][17371.613s][info][gc,phases   ] GC(3541)   Pre Evacuate Collection Set: 0.2ms
[2024-05-30T15:23:52.194+0000][17371.613s][info][gc,phases   ] GC(3541)   Merge Heap Roots: 0.4ms
[2024-05-30T15:23:52.194+0000][17371.613s][info][gc,phases   ] GC(3541)   Evacuate Collection Set: 29.4ms
[2024-05-30T15:23:52.194+0000][17371.613s][info][gc,phases   ] GC(3541)   Post Evacuate Collection Set: 2.3ms
[2024-05-30T15:23:52.194+0000][17371.613s][info][gc,phases   ] GC(3541)   Other: 0.2ms
[2024-05-30T15:23:52.194+0000][17371.613s][info][gc,heap     ] GC(3541) Eden regions: 751->0(748)
[2024-05-30T15:23:52.194+0000][17371.613s][info][gc,heap     ] GC(3541) Survivor regions: 6->10(95)
[2024-05-30T15:23:52.194+0000][17371.613s][info][gc,heap     ] GC(3541) Old regions: 404->404
[2024-05-30T15:23:52.194+0000][17371.613s][info][gc,heap     ] GC(3541) Archive regions: 2->2
[2024-05-30T15:23:52.194+0000][17371.613s][info][gc,heap     ] GC(3541) Humongous regions: 45->45
[2024-05-30T15:23:52.194+0000][17371.613s][info][gc,metaspace] GC(3541) Metaspace: 435479K(441600K)->435479K(441600K) NonClass: 381383K(384768K)->381383K(384768K) Class: 54096K(56832K)->54096K(56832K)
[2024-05-30T15:23:52.194+0000][17371.613s][info][gc          ] GC(3541) Pause Young (Normal) (G1 Evacuation Pause) 9648M->3671M(12288M) 32.490ms
[2024-05-30T15:23:52.194+0000][17371.613s][info][gc,cpu      ] GC(3541) User=0.19s Sys=0.00s Real=0.03s
[2024-05-30T15:24:04.483+0000][17383.902s][info][gc,start    ] GC(3542) Pause Young (Concurrent Start) (G1 Evacuation Pause)
[2024-05-30T15:24:04.483+0000][17383.902s][info][gc,task     ] GC(3542) Using 6 workers of 6 for evacuation
[2024-05-30T15:24:04.529+0000][17383.948s][info][gc,phases   ] GC(3542)   Pre Evacuate Collection Set: 0.6ms
[2024-05-30T15:24:04.529+0000][17383.948s][info][gc,phases   ] GC(3542)   Merge Heap Roots: 0.4ms
[2024-05-30T15:24:04.529+0000][17383.948s][info][gc,phases   ] GC(3542)   Evacuate Collection Set: 42.3ms
[2024-05-30T15:24:04.529+0000][17383.948s][info][gc,phases   ] GC(3542)   Post Evacuate Collection Set: 2.4ms
[2024-05-30T15:24:04.529+0000][17383.948s][info][gc,phases   ] GC(3542)   Other: 0.3ms
[2024-05-30T15:24:04.529+0000][17383.948s][info][gc,heap     ] GC(3542) Eden regions: 748->0(744)
[2024-05-30T15:24:04.529+0000][17383.948s][info][gc,heap     ] GC(3542) Survivor regions: 10->14(95)
[2024-05-30T15:24:04.529+0000][17383.948s][info][gc,heap     ] GC(3542) Old regions: 404->404
[2024-05-30T15:24:04.529+0000][17383.948s][info][gc,heap     ] GC(3542) Archive regions: 2->2
[2024-05-30T15:24:04.529+0000][17383.948s][info][gc,heap     ] GC(3542) Humongous regions: 45->45
[2024-05-30T15:24:04.529+0000][17383.948s][info][gc,metaspace] GC(3542) Metaspace: 435479K(441600K)->435479K(441600K) NonClass: 381383K(384768K)->381383K(384768K) Class: 54096K(56832K)->54096K(56832K)
[2024-05-30T15:24:04.529+0000][17383.948s][info][gc          ] GC(3542) Pause Young (Concurrent Start) (G1 Evacuation Pause) 9655M->3705M(12288M) 46.062ms
[2024-05-30T15:24:04.529+0000][17383.948s][info][gc,cpu      ] GC(3542) User=0.27s Sys=0.00s Real=0.05s
[2024-05-30T15:24:04.529+0000][17383.948s][info][gc          ] GC(3543) Concurrent Mark Cycle
[2024-05-30T15:24:04.529+0000][17383.948s][info][gc,marking  ] GC(3543) Concurrent Clear Claimed Marks
[2024-05-30T15:24:04.529+0000][17383.949s][info][gc,marking  ] GC(3543) Concurrent Clear Claimed Marks 0.385ms
[2024-05-30T15:24:04.529+0000][17383.949s][info][gc,marking  ] GC(3543) Concurrent Scan Root Regions
[2024-05-30T15:24:04.554+0000][17383.973s][info][gc,marking  ] GC(3543) Concurrent Scan Root Regions 24.394ms
[2024-05-30T15:24:04.554+0000][17383.973s][info][gc,marking  ] GC(3543) Concurrent Mark
[2024-05-30T15:24:04.554+0000][17383.973s][info][gc,marking  ] GC(3543) Concurrent Mark From Roots
[2024-05-30T15:24:04.554+0000][17383.973s][info][gc,task     ] GC(3543) Using 2 workers of 2 for marking
[2024-05-30T15:24:06.469+0000][17385.888s][info][gc,marking  ] GC(3543) Concurrent Mark From Roots 1915.354ms
[2024-05-30T15:24:06.469+0000][17385.888s][info][gc,marking  ] GC(3543) Concurrent Preclean
[2024-05-30T15:24:06.471+0000][17385.890s][info][gc,marking  ] GC(3543) Concurrent Preclean 1.381ms
[2024-05-30T15:24:06.471+0000][17385.890s][info][gc,start    ] GC(3543) Pause Remark
[2024-05-30T15:24:06.495+0000][17385.914s][info][gc          ] GC(3543) Pause Remark 4585M->4577M(12288M) 24.468ms
[2024-05-30T15:24:06.495+0000][17385.914s][info][gc,cpu      ] GC(3543) User=0.11s Sys=0.00s Real=0.02s
[2024-05-30T15:24:06.495+0000][17385.915s][info][gc,marking  ] GC(3543) Concurrent Mark 1941.618ms
[2024-05-30T15:24:06.495+0000][17385.915s][info][gc,marking  ] GC(3543) Concurrent Rebuild Remembered Sets
[2024-05-30T15:24:07.563+0000][17386.983s][info][gc,marking  ] GC(3543) Concurrent Rebuild Remembered Sets 1068.092ms
[2024-05-30T15:24:07.564+0000][17386.983s][info][gc,start    ] GC(3543) Pause Cleanup
[2024-05-30T15:24:07.564+0000][17386.984s][info][gc          ] GC(3543) Pause Cleanup 5069M->5069M(12288M) 0.749ms
[2024-05-30T15:24:07.564+0000][17386.984s][info][gc,cpu      ] GC(3543) User=0.00s Sys=0.00s Real=0.00s
[2024-05-30T15:24:07.565+0000][17386.984s][info][gc,marking  ] GC(3543) Concurrent Cleanup for Next Mark
[2024-05-30T15:24:07.581+0000][17387.000s][info][gc,marking  ] GC(3543) Concurrent Cleanup for Next Mark 16.730ms
[2024-05-30T15:24:07.581+0000][17387.001s][info][gc          ] GC(3543) Concurrent Mark Cycle 3052.457ms
[2024-05-30T15:24:17.186+0000][17396.605s][info][gc,start    ] GC(3544) Pause Young (Prepare Mixed) (G1 Evacuation Pause)
[2024-05-30T15:24:17.186+0000][17396.605s][info][gc,task     ] GC(3544) Using 6 workers of 6 for evacuation
[2024-05-30T15:24:17.240+0000][17396.659s][info][gc,phases   ] GC(3544)   Pre Evacuate Collection Set: 0.2ms
[2024-05-30T15:24:17.240+0000][17396.659s][info][gc,phases   ] GC(3544)   Merge Heap Roots: 0.5ms
[2024-05-30T15:24:17.240+0000][17396.659s][info][gc,phases   ] GC(3544)   Evacuate Collection Set: 51.5ms
[2024-05-30T15:24:17.240+0000][17396.659s][info][gc,phases   ] GC(3544)   Post Evacuate Collection Set: 2.3ms
[2024-05-30T15:24:17.240+0000][17396.659s][info][gc,phases   ] GC(3544)   Other: 0.2ms
[2024-05-30T15:24:17.240+0000][17396.659s][info][gc,heap     ] GC(3544) Eden regions: 744->0(58)
[2024-05-30T15:24:17.240+0000][17396.659s][info][gc,heap     ] GC(3544) Survivor regions: 14->18(95)
[2024-05-30T15:24:17.240+0000][17396.660s][info][gc,heap     ] GC(3544) Old regions: 404->404
[2024-05-30T15:24:17.240+0000][17396.660s][info][gc,heap     ] GC(3544) Archive regions: 2->2
[2024-05-30T15:24:17.240+0000][17396.660s][info][gc,heap     ] GC(3544) Humongous regions: 44->44
[2024-05-30T15:24:17.240+0000][17396.660s][info][gc,metaspace] GC(3544) Metaspace: 435479K(441600K)->435479K(441600K) NonClass: 381383K(384768K)->381383K(384768K) Class: 54096K(56832K)->54096K(56832K)
[2024-05-30T15:24:17.240+0000][17396.660s][info][gc          ] GC(3544) Pause Young (Prepare Mixed) (G1 Evacuation Pause) 9649M->3724M(12288M) 54.789ms
[2024-05-30T15:24:17.240+0000][17396.660s][info][gc,cpu      ] GC(3544) User=0.33s Sys=0.00s Real=0.06s
[2024-05-30T15:24:18.261+0000][17397.681s][info][gc,start    ] GC(3545) Pause Young (Mixed) (G1 Evacuation Pause)
[2024-05-30T15:24:18.261+0000][17397.681s][info][gc,task     ] GC(3545) Using 6 workers of 6 for evacuation
[2024-05-30T15:24:18.340+0000][17397.759s][info][gc,phases   ] GC(3545)   Pre Evacuate Collection Set: 0.2ms
[2024-05-30T15:24:18.340+0000][17397.759s][info][gc,phases   ] GC(3545)   Merge Heap Roots: 0.5ms
[2024-05-30T15:24:18.340+0000][17397.759s][info][gc,phases   ] GC(3545)   Evacuate Collection Set: 75.8ms
[2024-05-30T15:24:18.340+0000][17397.759s][info][gc,phases   ] GC(3545)   Post Evacuate Collection Set: 1.5ms
[2024-05-30T15:24:18.340+0000][17397.759s][info][gc,phases   ] GC(3545)   Other: 0.2ms
[2024-05-30T15:24:18.340+0000][17397.759s][info][gc,heap     ] GC(3545) Eden regions: 58->0(788)
[2024-05-30T15:24:18.340+0000][17397.759s][info][gc,heap     ] GC(3545) Survivor regions: 18->3(10)
[2024-05-30T15:24:18.340+0000][17397.759s][info][gc,heap     ] GC(3545) Old regions: 404->371
[2024-05-30T15:24:18.340+0000][17397.759s][info][gc,heap     ] GC(3545) Archive regions: 2->2
[2024-05-30T15:24:18.340+0000][17397.759s][info][gc,heap     ] GC(3545) Humongous regions: 44->44
[2024-05-30T15:24:18.340+0000][17397.759s][info][gc,metaspace] GC(3545) Metaspace: 435479K(441600K)->435479K(441600K) NonClass: 381383K(384768K)->381383K(384768K) Class: 54096K(56832K)->54096K(56832K)
[2024-05-30T15:24:18.340+0000][17397.759s][info][gc          ] GC(3545) Pause Young (Mixed) (G1 Evacuation Pause) 4188M->3341M(12288M) 78.283ms
[2024-05-30T15:24:18.340+0000][17397.759s][info][gc,cpu      ] GC(3545) User=0.46s Sys=0.01s Real=0.08s
[2024-05-30T15:24:31.774+0000][17411.193s][info][gc,start    ] GC(3546) Pause Young (Normal) (G1 Evacuation Pause)
[2024-05-30T15:24:31.774+0000][17411.193s][info][gc,task     ] GC(3546) Using 6 workers of 6 for evacuation
[2024-05-30T15:24:31.796+0000][17411.215s][info][gc,phases   ] GC(3546)   Pre Evacuate Collection Set: 0.2ms
[2024-05-30T15:24:31.796+0000][17411.215s][info][gc,phases   ] GC(3546)   Merge Heap Roots: 0.3ms
[2024-05-30T15:24:31.796+0000][17411.215s][info][gc,phases   ] GC(3546)   Evacuate Collection Set: 19.3ms
[2024-05-30T15:24:31.796+0000][17411.215s][info][gc,phases   ] GC(3546)   Post Evacuate Collection Set: 2.1ms
[2024-05-30T15:24:31.796+0000][17411.215s][info][gc,phases   ] GC(3546)   Other: 0.2ms
[2024-05-30T15:24:31.796+0000][17411.215s][info][gc,heap     ] GC(3546) Eden regions: 788->0(784)
[2024-05-30T15:24:31.796+0000][17411.215s][info][gc,heap     ] GC(3546) Survivor regions: 3->7(99)
[2024-05-30T15:24:31.796+0000][17411.215s][info][gc,heap     ] GC(3546) Old regions: 371->371
[2024-05-30T15:24:31.796+0000][17411.215s][info][gc,heap     ] GC(3546) Archive regions: 2->2
[2024-05-30T15:24:31.796+0000][17411.215s][info][gc,heap     ] GC(3546) Humongous regions: 44->44
[2024-05-30T15:24:31.796+0000][17411.215s][info][gc,metaspace] GC(3546) Metaspace: 435479K(441600K)->435479K(441600K) NonClass: 381383K(384768K)->381383K(384768K) Class: 54096K(56832K)->54096K(56832K)
[2024-05-30T15:24:31.796+0000][17411.215s][info][gc          ] GC(3546) Pause Young (Normal) (G1 Evacuation Pause) 9645M->3368M(12288M) 22.129ms
[2024-05-30T15:24:31.796+0000][17411.215s][info][gc,cpu      ] GC(3546) User=0.13s Sys=0.00s Real=0.02s
[2024-05-30T15:24:43.573+0000][17422.992s][info][gc,start    ] GC(3547) Pause Young (Normal) (G1 Evacuation Pause)
[2024-05-30T15:24:43.573+0000][17422.992s][info][gc,task     ] GC(3547) Using 6 workers of 6 for evacuation
[2024-05-30T15:24:43.601+0000][17423.020s][info][gc,phases   ] GC(3547)   Pre Evacuate Collection Set: 0.2ms
[2024-05-30T15:24:43.601+0000][17423.020s][info][gc,phases   ] GC(3547)   Merge Heap Roots: 0.3ms
[2024-05-30T15:24:43.601+0000][17423.020s][info][gc,phases   ] GC(3547)   Evacuate Collection Set: 25.5ms
[2024-05-30T15:24:43.601+0000][17423.020s][info][gc,phases   ] GC(3547)   Post Evacuate Collection Set: 2.1ms
[2024-05-30T15:24:43.601+0000][17423.020s][info][gc,phases   ] GC(3547)   Other: 0.2ms
[2024-05-30T15:24:43.601+0000][17423.020s][info][gc,heap     ] GC(3547) Eden regions: 784->0(783)
[2024-05-30T15:24:43.601+0000][17423.020s][info][gc,heap     ] GC(3547) Survivor regions: 7->9(99)
[2024-05-30T15:24:43.601+0000][17423.020s][info][gc,heap     ] GC(3547) Old regions: 371->371
[2024-05-30T15:24:43.601+0000][17423.020s][info][gc,heap     ] GC(3547) Archive regions: 2->2
[2024-05-30T15:24:43.601+0000][17423.020s][info][gc,heap     ] GC(3547) Humongous regions: 44->44
[2024-05-30T15:24:43.601+0000][17423.020s][info][gc,metaspace] GC(3547) Metaspace: 435479K(441600K)->435479K(441600K) NonClass: 381383K(384768K)->381383K(384768K) Class: 54096K(56832K)->54096K(56832K)
[2024-05-30T15:24:43.601+0000][17423.020s][info][gc          ] GC(3547) Pause Young (Normal) (G1 Evacuation Pause) 9640M->3384M(12288M) 28.336ms
[2024-05-30T15:24:43.601+0000][17423.020s][info][gc,cpu      ] GC(3547) User=0.16s Sys=0.00s Real=0.03s
[2024-05-30T15:24:56.732+0000][17436.151s][info][gc,start    ] GC(3548) Pause Young (Concurrent Start) (G1 Evacuation Pause)
[2024-05-30T15:24:56.732+0000][17436.151s][info][gc,task     ] GC(3548) Using 6 workers of 6 for evacuation
[2024-05-30T15:24:56.766+0000][17436.185s][info][gc,phases   ] GC(3548)   Pre Evacuate Collection Set: 0.6ms
[2024-05-30T15:24:56.766+0000][17436.185s][info][gc,phases   ] GC(3548)   Merge Heap Roots: 0.3ms
[2024-05-30T15:24:56.766+0000][17436.185s][info][gc,phases   ] GC(3548)   Evacuate Collection Set: 30.4ms
[2024-05-30T15:24:56.766+0000][17436.185s][info][gc,phases   ] GC(3548)   Post Evacuate Collection Set: 2.4ms
[2024-05-30T15:24:56.766+0000][17436.185s][info][gc,phases   ] GC(3548)   Other: 0.3ms
[2024-05-30T15:24:56.766+0000][17436.185s][info][gc,heap     ] GC(3548) Eden regions: 783->0(777)
[2024-05-30T15:24:56.766+0000][17436.185s][info][gc,heap     ] GC(3548) Survivor regions: 9->14(99)
[2024-05-30T15:24:56.766+0000][17436.185s][info][gc,heap     ] GC(3548) Old regions: 371->371
[2024-05-30T15:24:56.766+0000][17436.185s][info][gc,heap     ] GC(3548) Archive regions: 2->2
[2024-05-30T15:24:56.766+0000][17436.185s][info][gc,heap     ] GC(3548) Humongous regions: 44->44
[2024-05-30T15:24:56.766+0000][17436.185s][info][gc,metaspace] GC(3548) Metaspace: 435479K(441600K)->435479K(441600K) NonClass: 381383K(384768K)->381383K(384768K) Class: 54096K(56832K)->54096K(56832K)
[2024-05-30T15:24:56.766+0000][17436.185s][info][gc          ] GC(3548) Pause Young (Concurrent Start) (G1 Evacuation Pause) 9648M->3428M(12288M) 33.969ms
[2024-05-30T15:24:56.766+0000][17436.185s][info][gc,cpu      ] GC(3548) User=0.20s Sys=0.00s Real=0.03s
[2024-05-30T15:24:56.766+0000][17436.185s][info][gc          ] GC(3549) Concurrent Mark Cycle
[2024-05-30T15:24:56.766+0000][17436.185s][info][gc,marking  ] GC(3549) Concurrent Clear Claimed Marks
[2024-05-30T15:24:56.766+0000][17436.185s][info][gc,marking  ] GC(3549) Concurrent Clear Claimed Marks 0.373ms
[2024-05-30T15:24:56.766+0000][17436.185s][info][gc,marking  ] GC(3549) Concurrent Scan Root Regions
[2024-05-30T15:24:56.794+0000][17436.214s][info][gc,marking  ] GC(3549) Concurrent Scan Root Regions 28.210ms
[2024-05-30T15:24:56.794+0000][17436.214s][info][gc,marking  ] GC(3549) Concurrent Mark
[2024-05-30T15:24:56.794+0000][17436.214s][info][gc,marking  ] GC(3549) Concurrent Mark From Roots
[2024-05-30T15:24:56.794+0000][17436.214s][info][gc,task     ] GC(3549) Using 2 workers of 2 for marking
[2024-05-30T15:24:58.751+0000][17438.171s][info][gc,marking  ] GC(3549) Concurrent Mark From Roots 1956.794ms
[2024-05-30T15:24:58.751+0000][17438.171s][info][gc,marking  ] GC(3549) Concurrent Preclean
[2024-05-30T15:24:58.753+0000][17438.172s][info][gc,marking  ] GC(3549) Concurrent Preclean 1.632ms
[2024-05-30T15:24:58.753+0000][17438.172s][info][gc,start    ] GC(3549) Pause Remark
[2024-05-30T15:24:58.777+0000][17438.197s][info][gc          ] GC(3549) Pause Remark 4345M->4321M(12288M) 24.336ms
[2024-05-30T15:24:58.777+0000][17438.197s][info][gc,cpu      ] GC(3549) User=0.11s Sys=0.00s Real=0.03s
[2024-05-30T15:24:58.778+0000][17438.197s][info][gc,marking  ] GC(3549) Concurrent Mark 1983.090ms
[2024-05-30T15:24:58.778+0000][17438.197s][info][gc,marking  ] GC(3549) Concurrent Rebuild Remembered Sets
[2024-05-30T15:24:59.848+0000][17439.267s][info][gc,marking  ] GC(3549) Concurrent Rebuild Remembered Sets 1070.117ms
[2024-05-30T15:24:59.848+0000][17439.267s][info][gc,start    ] GC(3549) Pause Cleanup
[2024-05-30T15:24:59.849+0000][17439.268s][info][gc          ] GC(3549) Pause Cleanup 4816M->4816M(12288M) 0.676ms
[2024-05-30T15:24:59.849+0000][17439.268s][info][gc,cpu      ] GC(3549) User=0.00s Sys=0.00s Real=0.01s
[2024-05-30T15:24:59.849+0000][17439.268s][info][gc,marking  ] GC(3549) Concurrent Cleanup for Next Mark
[2024-05-30T15:24:59.866+0000][17439.285s][info][gc,marking  ] GC(3549) Concurrent Cleanup for Next Mark 17.346ms
[2024-05-30T15:24:59.866+0000][17439.285s][info][gc          ] GC(3549) Concurrent Mark Cycle 3100.311ms
[2024-05-30T15:25:09.645+0000][17449.064s][info][gc,start    ] GC(3550) Pause Young (Prepare Mixed) (G1 Evacuation Pause)
[2024-05-30T15:25:09.645+0000][17449.064s][info][gc,task     ] GC(3550) Using 6 workers of 6 for evacuation
[2024-05-30T15:25:09.684+0000][17449.103s][info][gc,phases   ] GC(3550)   Pre Evacuate Collection Set: 0.2ms
[2024-05-30T15:25:09.684+0000][17449.103s][info][gc,phases   ] GC(3550)   Merge Heap Roots: 0.4ms
[2024-05-30T15:25:09.684+0000][17449.103s][info][gc,phases   ] GC(3550)   Evacuate Collection Set: 36.3ms
[2024-05-30T15:25:09.684+0000][17449.103s][info][gc,phases   ] GC(3550)   Post Evacuate Collection Set: 2.1ms
[2024-05-30T15:25:09.684+0000][17449.103s][info][gc,phases   ] GC(3550)   Other: 0.2ms
[2024-05-30T15:25:09.684+0000][17449.103s][info][gc,heap     ] GC(3550) Eden regions: 777->0(59)
[2024-05-30T15:25:09.684+0000][17449.103s][info][gc,heap     ] GC(3550) Survivor regions: 14->17(99)
[2024-05-30T15:25:09.684+0000][17449.103s][info][gc,heap     ] GC(3550) Old regions: 371->371
[2024-05-30T15:25:09.684+0000][17449.103s][info][gc,heap     ] GC(3550) Archive regions: 2->2
[2024-05-30T15:25:09.684+0000][17449.103s][info][gc,heap     ] GC(3550) Humongous regions: 41->41
[2024-05-30T15:25:09.684+0000][17449.103s][info][gc,metaspace] GC(3550) Metaspace: 435484K(441600K)->435484K(441600K) NonClass: 381387K(384768K)->381387K(384768K) Class: 54096K(56832K)->54096K(56832K)
[2024-05-30T15:25:09.684+0000][17449.103s][info][gc          ] GC(3550) Pause Young (Prepare Mixed) (G1 Evacuation Pause) 9620M->3424M(12288M) 39.217ms
[2024-05-30T15:25:09.684+0000][17449.104s][info][gc,cpu      ] GC(3550) User=0.23s Sys=0.00s Real=0.04s
[2024-05-30T15:25:10.657+0000][17450.076s][info][gc,start    ] GC(3551) Pause Young (Mixed) (G1 Evacuation Pause)
[2024-05-30T15:25:10.657+0000][17450.076s][info][gc,task     ] GC(3551) Using 6 workers of 6 for evacuation
[2024-05-30T15:25:10.720+0000][17450.139s][info][gc,phases   ] GC(3551)   Pre Evacuate Collection Set: 0.2ms
[2024-05-30T15:25:10.720+0000][17450.139s][info][gc,phases   ] GC(3551)   Merge Heap Roots: 0.3ms
[2024-05-30T15:25:10.720+0000][17450.139s][info][gc,phases   ] GC(3551)   Evacuate Collection Set: 60.6ms
[2024-05-30T15:25:10.720+0000][17450.139s][info][gc,phases   ] GC(3551)   Post Evacuate Collection Set: 1.5ms
[2024-05-30T15:25:10.720+0000][17450.139s][info][gc,phases   ] GC(3551)   Other: 0.2ms
[2024-05-30T15:25:10.720+0000][17450.139s][info][gc,heap     ] GC(3551) Eden regions: 59->0(797)
[2024-05-30T15:25:10.720+0000][17450.139s][info][gc,heap     ] GC(3551) Survivor regions: 17->3(10)
[2024-05-30T15:25:10.720+0000][17450.139s][info][gc,heap     ] GC(3551) Old regions: 371->365
[2024-05-30T15:25:10.720+0000][17450.139s][info][gc,heap     ] GC(3551) Archive regions: 2->2
[2024-05-30T15:25:10.720+0000][17450.139s][info][gc,heap     ] GC(3551) Humongous regions: 41->41
[2024-05-30T15:25:10.720+0000][17450.139s][info][gc,metaspace] GC(3551) Metaspace: 435484K(441600K)->435484K(441600K) NonClass: 381387K(384768K)->381387K(384768K) Class: 54096K(56832K)->54096K(56832K)
[2024-05-30T15:25:10.720+0000][17450.139s][info][gc          ] GC(3551) Pause Young (Mixed) (G1 Evacuation Pause) 3896M->3270M(12288M) 62.829ms
[2024-05-30T15:25:10.720+0000][17450.139s][info][gc,cpu      ] GC(3551) User=0.37s Sys=0.00s Real=0.06s
[2024-05-30T15:25:22.893+0000][17462.312s][info][gc,start    ] GC(3552) Pause Young (Normal) (G1 Evacuation Pause)
[2024-05-30T15:25:22.893+0000][17462.312s][info][gc,task     ] GC(3552) Using 6 workers of 6 for evacuation
[2024-05-30T15:25:22.911+0000][17462.330s][info][gc,phases   ] GC(3552)   Pre Evacuate Collection Set: 0.2ms
[2024-05-30T15:25:22.911+0000][17462.330s][info][gc,phases   ] GC(3552)   Merge Heap Roots: 0.2ms
[2024-05-30T15:25:22.911+0000][17462.330s][info][gc,phases   ] GC(3552)   Evacuate Collection Set: 15.6ms
[2024-05-30T15:25:22.911+0000][17462.330s][info][gc,phases   ] GC(3552)   Post Evacuate Collection Set: 2.2ms
[2024-05-30T15:25:22.911+0000][17462.330s][info][gc,phases   ] GC(3552)   Other: 0.2ms
[2024-05-30T15:25:22.911+0000][17462.330s][info][gc,heap     ] GC(3552) Eden regions: 797->0(794)
[2024-05-30T15:25:22.911+0000][17462.330s][info][gc,heap     ] GC(3552) Survivor regions: 3->6(100)
[2024-05-30T15:25:22.911+0000][17462.330s][info][gc,heap     ] GC(3552) Old regions: 365->365
[2024-05-30T15:25:22.911+0000][17462.330s][info][gc,heap     ] GC(3552) Archive regions: 2->2
[2024-05-30T15:25:22.911+0000][17462.330s][info][gc,heap     ] GC(3552) Humongous regions: 41->41
[2024-05-30T15:25:22.911+0000][17462.330s][info][gc,metaspace] GC(3552) Metaspace: 435484K(441600K)->435484K(441600K) NonClass: 381387K(384768K)->381387K(384768K) Class: 54096K(56832K)->54096K(56832K)
[2024-05-30T15:25:22.911+0000][17462.330s][info][gc          ] GC(3552) Pause Young (Normal) (G1 Evacuation Pause) 9646M->3292M(12288M) 18.512ms
[2024-05-30T15:25:22.911+0000][17462.330s][info][gc,cpu      ] GC(3552) User=0.11s Sys=0.00s Real=0.02s
[2024-05-30T15:25:35.918+0000][17475.337s][info][gc,start    ] GC(3553) Pause Young (Normal) (G1 Evacuation Pause)
[2024-05-30T15:25:35.918+0000][17475.337s][info][gc,task     ] GC(3553) Using 6 workers of 6 for evacuation
[2024-05-30T15:25:35.944+0000][17475.363s][info][gc,phases   ] GC(3553)   Pre Evacuate Collection Set: 0.2ms
[2024-05-30T15:25:35.944+0000][17475.363s][info][gc,phases   ] GC(3553)   Merge Heap Roots: 0.2ms
[2024-05-30T15:25:35.944+0000][17475.363s][info][gc,phases   ] GC(3553)   Evacuate Collection Set: 23.6ms
[2024-05-30T15:25:35.944+0000][17475.363s][info][gc,phases   ] GC(3553)   Post Evacuate Collection Set: 2.2ms
[2024-05-30T15:25:35.944+0000][17475.363s][info][gc,phases   ] GC(3553)   Other: 0.2ms
[2024-05-30T15:25:35.944+0000][17475.363s][info][gc,heap     ] GC(3553) Eden regions: 794->0(792)
[2024-05-30T15:25:35.944+0000][17475.363s][info][gc,heap     ] GC(3553) Survivor regions: 6->9(100)
[2024-05-30T15:25:35.944+0000][17475.363s][info][gc,heap     ] GC(3553) Old regions: 365->365
[2024-05-30T15:25:35.944+0000][17475.363s][info][gc,heap     ] GC(3553) Archive regions: 2->2
[2024-05-30T15:25:35.944+0000][17475.363s][info][gc,heap     ] GC(3553) Humongous regions: 41->41
[2024-05-30T15:25:35.944+0000][17475.363s][info][gc,metaspace] GC(3553) Metaspace: 435484K(441600K)->435484K(441600K) NonClass: 381387K(384768K)->381387K(384768K) Class: 54096K(56832K)->54096K(56832K)
[2024-05-30T15:25:35.944+0000][17475.363s][info][gc          ] GC(3553) Pause Young (Normal) (G1 Evacuation Pause) 9644M->3318M(12288M) 26.479ms
[2024-05-30T15:25:35.944+0000][17475.363s][info][gc,cpu      ] GC(3553) User=0.15s Sys=0.00s Real=0.02s
[2024-05-30T15:25:48.635+0000][17488.054s][info][gc,start    ] GC(3554) Pause Young (Concurrent Start) (G1 Evacuation Pause)
[2024-05-30T15:25:48.635+0000][17488.054s][info][gc,task     ] GC(3554) Using 6 workers of 6 for evacuation
[2024-05-30T15:25:48.672+0000][17488.091s][info][gc,phases   ] GC(3554)   Pre Evacuate Collection Set: 0.6ms
[2024-05-30T15:25:48.672+0000][17488.091s][info][gc,phases   ] GC(3554)   Merge Heap Roots: 0.3ms
[2024-05-30T15:25:48.672+0000][17488.091s][info][gc,phases   ] GC(3554)   Evacuate Collection Set: 33.6ms
[2024-05-30T15:25:48.672+0000][17488.091s][info][gc,phases   ] GC(3554)   Post Evacuate Collection Set: 2.2ms
[2024-05-30T15:25:48.672+0000][17488.091s][info][gc,phases   ] GC(3554)   Other: 0.3ms
[2024-05-30T15:25:48.672+0000][17488.091s][info][gc,heap     ] GC(3554) Eden regions: 792->0(787)
[2024-05-30T15:25:48.672+0000][17488.091s][info][gc,heap     ] GC(3554) Survivor regions: 9->14(101)
[2024-05-30T15:25:48.672+0000][17488.091s][info][gc,heap     ] GC(3554) Old regions: 365->365
[2024-05-30T15:25:48.672+0000][17488.091s][info][gc,heap     ] GC(3554) Archive regions: 2->2
[2024-05-30T15:25:48.672+0000][17488.091s][info][gc,heap     ] GC(3554) Humongous regions: 41->41
[2024-05-30T15:25:48.672+0000][17488.091s][info][gc,metaspace] GC(3554) Metaspace: 435484K(441600K)->435484K(441600K) NonClass: 381387K(384768K)->381387K(384768K) Class: 54096K(56832K)->54096K(56832K)
[2024-05-30T15:25:48.672+0000][17488.091s][info][gc          ] GC(3554) Pause Young (Concurrent Start) (G1 Evacuation Pause) 9654M->3356M(12288M) 36.972ms
[2024-05-30T15:25:48.672+0000][17488.091s][info][gc,cpu      ] GC(3554) User=0.21s Sys=0.00s Real=0.04s
[2024-05-30T15:25:48.672+0000][17488.091s][info][gc          ] GC(3555) Concurrent Mark Cycle
[2024-05-30T15:25:48.672+0000][17488.091s][info][gc,marking  ] GC(3555) Concurrent Clear Claimed Marks
[2024-05-30T15:25:48.672+0000][17488.092s][info][gc,marking  ] GC(3555) Concurrent Clear Claimed Marks 0.429ms
[2024-05-30T15:25:48.672+0000][17488.092s][info][gc,marking  ] GC(3555) Concurrent Scan Root Regions
[2024-05-30T15:25:48.701+0000][17488.120s][info][gc,marking  ] GC(3555) Concurrent Scan Root Regions 28.454ms
[2024-05-30T15:25:48.701+0000][17488.120s][info][gc,marking  ] GC(3555) Concurrent Mark
[2024-05-30T15:25:48.701+0000][17488.120s][info][gc,marking  ] GC(3555) Concurrent Mark From Roots
[2024-05-30T15:25:48.701+0000][17488.120s][info][gc,task     ] GC(3555) Using 2 workers of 2 for marking
[2024-05-30T15:25:50.614+0000][17490.034s][info][gc,marking  ] GC(3555) Concurrent Mark From Roots 1913.426ms
[2024-05-30T15:25:50.614+0000][17490.034s][info][gc,marking  ] GC(3555) Concurrent Preclean
[2024-05-30T15:25:50.616+0000][17490.035s][info][gc,marking  ] GC(3555) Concurrent Preclean 1.308ms
[2024-05-30T15:25:50.616+0000][17490.035s][info][gc,start    ] GC(3555) Pause Remark
[2024-05-30T15:25:50.640+0000][17490.060s][info][gc          ] GC(3555) Pause Remark 4492M->4492M(12288M) 24.599ms
[2024-05-30T15:25:50.640+0000][17490.060s][info][gc,cpu      ] GC(3555) User=0.11s Sys=0.00s Real=0.03s
[2024-05-30T15:25:50.640+0000][17490.060s][info][gc,marking  ] GC(3555) Concurrent Mark 1939.656ms
[2024-05-30T15:25:50.641+0000][17490.060s][info][gc,marking  ] GC(3555) Concurrent Rebuild Remembered Sets
[2024-05-30T15:25:51.719+0000][17491.138s][info][gc,marking  ] GC(3555) Concurrent Rebuild Remembered Sets 1078.486ms
[2024-05-30T15:25:51.719+0000][17491.138s][info][gc,start    ] GC(3555) Pause Cleanup
[2024-05-30T15:25:51.720+0000][17491.139s][info][gc          ] GC(3555) Pause Cleanup 5016M->5016M(12288M) 0.664ms
[2024-05-30T15:25:51.720+0000][17491.139s][info][gc,cpu      ] GC(3555) User=0.00s Sys=0.00s Real=0.00s
[2024-05-30T15:25:51.720+0000][17491.139s][info][gc,marking  ] GC(3555) Concurrent Cleanup for Next Mark
[2024-05-30T15:25:51.737+0000][17491.156s][info][gc,marking  ] GC(3555) Concurrent Cleanup for Next Mark 16.768ms
[2024-05-30T15:25:51.737+0000][17491.156s][info][gc          ] GC(3555) Concurrent Mark Cycle 3064.858ms
[2024-05-30T15:26:02.328+0000][17501.747s][info][gc,start    ] GC(3556) Pause Young (Prepare Mixed) (G1 Evacuation Pause)
[2024-05-30T15:26:02.328+0000][17501.747s][info][gc,task     ] GC(3556) Using 6 workers of 6 for evacuation
[2024-05-30T15:26:02.370+0000][17501.790s][info][gc,phases   ] GC(3556)   Pre Evacuate Collection Set: 0.2ms
[2024-05-30T15:26:02.371+0000][17501.790s][info][gc,phases   ] GC(3556)   Merge Heap Roots: 0.4ms
[2024-05-30T15:26:02.371+0000][17501.790s][info][gc,phases   ] GC(3556)   Evacuate Collection Set: 39.7ms
[2024-05-30T15:26:02.371+0000][17501.790s][info][gc,phases   ] GC(3556)   Post Evacuate Collection Set: 2.3ms
[2024-05-30T15:26:02.371+0000][17501.790s][info][gc,phases   ] GC(3556)   Other: 0.2ms
[2024-05-30T15:26:02.371+0000][17501.790s][info][gc,heap     ] GC(3556) Eden regions: 787->0(60)
[2024-05-30T15:26:02.371+0000][17501.790s][info][gc,heap     ] GC(3556) Survivor regions: 14->16(101)
[2024-05-30T15:26:02.371+0000][17501.790s][info][gc,heap     ] GC(3556) Old regions: 365->365
[2024-05-30T15:26:02.371+0000][17501.790s][info][gc,heap     ] GC(3556) Archive regions: 2->2
[2024-05-30T15:26:02.371+0000][17501.790s][info][gc,heap     ] GC(3556) Humongous regions: 41->41
[2024-05-30T15:26:02.371+0000][17501.790s][info][gc,metaspace] GC(3556) Metaspace: 435484K(441600K)->435484K(441600K) NonClass: 381387K(384768K)->381387K(384768K) Class: 54096K(56832K)->54096K(56832K)
[2024-05-30T15:26:02.371+0000][17501.790s][info][gc          ] GC(3556) Pause Young (Prepare Mixed) (G1 Evacuation Pause) 9652M->3369M(12288M) 42.857ms
[2024-05-30T15:26:02.371+0000][17501.790s][info][gc,cpu      ] GC(3556) User=0.26s Sys=0.00s Real=0.05s
[2024-05-30T15:26:03.523+0000][17502.942s][info][gc,start    ] GC(3557) Pause Young (Mixed) (G1 Evacuation Pause)
[2024-05-30T15:26:03.523+0000][17502.942s][info][gc,task     ] GC(3557) Using 6 workers of 6 for evacuation
[2024-05-30T15:26:03.597+0000][17503.017s][info][gc,phases   ] GC(3557)   Pre Evacuate Collection Set: 0.2ms
[2024-05-30T15:26:03.597+0000][17503.017s][info][gc,phases   ] GC(3557)   Merge Heap Roots: 0.5ms
[2024-05-30T15:26:03.597+0000][17503.017s][info][gc,phases   ] GC(3557)   Evacuate Collection Set: 72.6ms
[2024-05-30T15:26:03.597+0000][17503.017s][info][gc,phases   ] GC(3557)   Post Evacuate Collection Set: 1.6ms
[2024-05-30T15:26:03.597+0000][17503.017s][info][gc,phases   ] GC(3557)   Other: 0.2ms
[2024-05-30T15:26:03.597+0000][17503.017s][info][gc,heap     ] GC(3557) Eden regions: 60->0(805)
[2024-05-30T15:26:03.597+0000][17503.017s][info][gc,heap     ] GC(3557) Survivor regions: 16->6(10)
[2024-05-30T15:26:03.597+0000][17503.017s][info][gc,heap     ] GC(3557) Old regions: 365->356
[2024-05-30T15:26:03.597+0000][17503.017s][info][gc,heap     ] GC(3557) Archive regions: 2->2
[2024-05-30T15:26:03.597+0000][17503.017s][info][gc,heap     ] GC(3557) Humongous regions: 41->41
[2024-05-30T15:26:03.597+0000][17503.017s][info][gc,metaspace] GC(3557) Metaspace: 435484K(441600K)->435484K(441600K) NonClass: 381387K(384768K)->381387K(384768K) Class: 54096K(56832K)->54096K(56832K)
[2024-05-30T15:26:03.598+0000][17503.017s][info][gc          ] GC(3557) Pause Young (Mixed) (G1 Evacuation Pause) 3849M->3227M(12288M) 75.006ms
[2024-05-30T15:26:03.598+0000][17503.017s][info][gc,cpu      ] GC(3557) User=0.43s Sys=0.00s Real=0.08s
[2024-05-30T15:26:17.477+0000][17516.896s][info][gc,start    ] GC(3558) Pause Young (Normal) (G1 Evacuation Pause)
[2024-05-30T15:26:17.477+0000][17516.896s][info][gc,task     ] GC(3558) Using 6 workers of 6 for evacuation
[2024-05-30T15:26:17.504+0000][17516.923s][info][gc,phases   ] GC(3558)   Pre Evacuate Collection Set: 0.2ms
[2024-05-30T15:26:17.504+0000][17516.923s][info][gc,phases   ] GC(3558)   Merge Heap Roots: 0.2ms
[2024-05-30T15:26:17.504+0000][17516.923s][info][gc,phases   ] GC(3558)   Evacuate Collection Set: 23.8ms
[2024-05-30T15:26:17.504+0000][17516.923s][info][gc,phases   ] GC(3558)   Post Evacuate Collection Set: 2.1ms
[2024-05-30T15:26:17.504+0000][17516.923s][info][gc,phases   ] GC(3558)   Other: 0.2ms
[2024-05-30T15:26:17.504+0000][17516.923s][info][gc,heap     ] GC(3558) Eden regions: 805->0(801)
[2024-05-30T15:26:17.504+0000][17516.923s][info][gc,heap     ] GC(3558) Survivor regions: 6->10(102)
[2024-05-30T15:26:17.504+0000][17516.923s][info][gc,heap     ] GC(3558) Old regions: 356->356
[2024-05-30T15:26:17.504+0000][17516.923s][info][gc,heap     ] GC(3558) Archive regions: 2->2
[2024-05-30T15:26:17.504+0000][17516.923s][info][gc,heap     ] GC(3558) Humongous regions: 41->41
[2024-05-30T15:26:17.504+0000][17516.923s][info][gc,metaspace] GC(3558) Metaspace: 435484K(441600K)->435484K(441600K) NonClass: 381387K(384768K)->381387K(384768K) Class: 54096K(56832K)->54096K(56832K)
[2024-05-30T15:26:17.504+0000][17516.923s][info][gc          ] GC(3558) Pause Young (Normal) (G1 Evacuation Pause) 9667M->3256M(12288M) 26.559ms
[2024-05-30T15:26:17.504+0000][17516.923s][info][gc,cpu      ] GC(3558) User=0.15s Sys=0.00s Real=0.02s
[2024-05-30T15:26:31.175+0000][17530.595s][info][gc,start    ] GC(3559) Pause Young (Normal) (G1 Evacuation Pause)
[2024-05-30T15:26:31.176+0000][17530.595s][info][gc,task     ] GC(3559) Using 6 workers of 6 for evacuation
[2024-05-30T15:26:31.212+0000][17530.632s][info][gc,phases   ] GC(3559)   Pre Evacuate Collection Set: 0.2ms
[2024-05-30T15:26:31.212+0000][17530.632s][info][gc,phases   ] GC(3559)   Merge Heap Roots: 0.3ms
[2024-05-30T15:26:31.212+0000][17530.632s][info][gc,phases   ] GC(3559)   Evacuate Collection Set: 34.0ms
[2024-05-30T15:26:31.212+0000][17530.632s][info][gc,phases   ] GC(3559)   Post Evacuate Collection Set: 2.3ms
[2024-05-30T15:26:31.212+0000][17530.632s][info][gc,phases   ] GC(3559)   Other: 0.2ms
[2024-05-30T15:26:31.212+0000][17530.632s][info][gc,heap     ] GC(3559) Eden regions: 801->0(796)
[2024-05-30T15:26:31.212+0000][17530.632s][info][gc,heap     ] GC(3559) Survivor regions: 10->14(102)
[2024-05-30T15:26:31.212+0000][17530.632s][info][gc,heap     ] GC(3559) Old regions: 356->356
[2024-05-30T15:26:31.212+0000][17530.632s][info][gc,heap     ] GC(3559) Archive regions: 2->2
[2024-05-30T15:26:31.212+0000][17530.632s][info][gc,heap     ] GC(3559) Humongous regions: 41->41
[2024-05-30T15:26:31.212+0000][17530.632s][info][gc,metaspace] GC(3559) Metaspace: 435484K(441600K)->435484K(441600K) NonClass: 381387K(384768K)->381387K(384768K) Class: 54096K(56832K)->54096K(56832K)
[2024-05-30T15:26:31.213+0000][17530.632s][info][gc          ] GC(3559) Pause Young (Normal) (G1 Evacuation Pause) 9664M->3291M(12288M) 37.018ms
[2024-05-30T15:26:31.213+0000][17530.632s][info][gc,cpu      ] GC(3559) User=0.21s Sys=0.00s Real=0.04s
[2024-05-30T15:26:44.314+0000][17543.734s][info][gc,start    ] GC(3560) Pause Young (Concurrent Start) (G1 Evacuation Pause)
[2024-05-30T15:26:44.314+0000][17543.734s][info][gc,task     ] GC(3560) Using 6 workers of 6 for evacuation
[2024-05-30T15:26:44.352+0000][17543.772s][info][gc,phases   ] GC(3560)   Pre Evacuate Collection Set: 0.6ms
[2024-05-30T15:26:44.352+0000][17543.772s][info][gc,phases   ] GC(3560)   Merge Heap Roots: 0.2ms
[2024-05-30T15:26:44.352+0000][17543.772s][info][gc,phases   ] GC(3560)   Evacuate Collection Set: 34.7ms
[2024-05-30T15:26:44.352+0000][17543.772s][info][gc,phases   ] GC(3560)   Post Evacuate Collection Set: 2.2ms
[2024-05-30T15:26:44.352+0000][17543.772s][info][gc,phases   ] GC(3560)   Other: 0.3ms
[2024-05-30T15:26:44.352+0000][17543.772s][info][gc,heap     ] GC(3560) Eden regions: 796->0(793)
[2024-05-30T15:26:44.352+0000][17543.772s][info][gc,heap     ] GC(3560) Survivor regions: 14->17(102)
[2024-05-30T15:26:44.352+0000][17543.772s][info][gc,heap     ] GC(3560) Old regions: 356->356
[2024-05-30T15:26:44.352+0000][17543.772s][info][gc,heap     ] GC(3560) Archive regions: 2->2
[2024-05-30T15:26:44.352+0000][17543.772s][info][gc,heap     ] GC(3560) Humongous regions: 41->41
[2024-05-30T15:26:44.352+0000][17543.772s][info][gc,metaspace] GC(3560) Metaspace: 435484K(441600K)->435484K(441600K) NonClass: 381387K(384768K)->381387K(384768K) Class: 54096K(56832K)->54096K(56832K)
[2024-05-30T15:26:44.352+0000][17543.772s][info][gc          ] GC(3560) Pause Young (Concurrent Start) (G1 Evacuation Pause) 9659M->3315M(12288M) 38.074ms
[2024-05-30T15:26:44.353+0000][17543.772s][info][gc,cpu      ] GC(3560) User=0.22s Sys=0.00s Real=0.04s
[2024-05-30T15:26:44.353+0000][17543.772s][info][gc          ] GC(3561) Concurrent Mark Cycle
[2024-05-30T15:26:44.353+0000][17543.772s][info][gc,marking  ] GC(3561) Concurrent Clear Claimed Marks
[2024-05-30T15:26:44.353+0000][17543.772s][info][gc,marking  ] GC(3561) Concurrent Clear Claimed Marks 0.398ms
[2024-05-30T15:26:44.353+0000][17543.772s][info][gc,marking  ] GC(3561) Concurrent Scan Root Regions
[2024-05-30T15:26:44.388+0000][17543.807s][info][gc,marking  ] GC(3561) Concurrent Scan Root Regions 34.982ms
[2024-05-30T15:26:44.388+0000][17543.807s][info][gc,marking  ] GC(3561) Concurrent Mark
[2024-05-30T15:26:44.388+0000][17543.807s][info][gc,marking  ] GC(3561) Concurrent Mark From Roots
[2024-05-30T15:26:44.388+0000][17543.807s][info][gc,task     ] GC(3561) Using 2 workers of 2 for marking
[2024-05-30T15:26:46.328+0000][17545.747s][info][gc,marking  ] GC(3561) Concurrent Mark From Roots 1939.726ms
[2024-05-30T15:26:46.328+0000][17545.747s][info][gc,marking  ] GC(3561) Concurrent Preclean
[2024-05-30T15:26:46.329+0000][17545.748s][info][gc,marking  ] GC(3561) Concurrent Preclean 1.370ms
[2024-05-30T15:26:46.329+0000][17545.749s][info][gc,start    ] GC(3561) Pause Remark
[2024-05-30T15:26:46.354+0000][17545.773s][info][gc          ] GC(3561) Pause Remark 4351M->4351M(12288M) 24.400ms
[2024-05-30T15:26:46.354+0000][17545.773s][info][gc,cpu      ] GC(3561) User=0.10s Sys=0.00s Real=0.02s
[2024-05-30T15:26:46.354+0000][17545.773s][info][gc,marking  ] GC(3561) Concurrent Mark 1965.882ms
[2024-05-30T15:26:46.354+0000][17545.773s][info][gc,marking  ] GC(3561) Concurrent Rebuild Remembered Sets
[2024-05-30T15:26:47.601+0000][17547.020s][info][gc,marking  ] GC(3561) Concurrent Rebuild Remembered Sets 1247.055ms
[2024-05-30T15:26:47.601+0000][17547.020s][info][gc,start    ] GC(3561) Pause Cleanup
[2024-05-30T15:26:47.602+0000][17547.021s][info][gc          ] GC(3561) Pause Cleanup 4939M->4939M(12288M) 0.609ms
[2024-05-30T15:26:47.602+0000][17547.021s][info][gc,cpu      ] GC(3561) User=0.00s Sys=0.00s Real=0.00s
[2024-05-30T15:26:47.602+0000][17547.021s][info][gc,marking  ] GC(3561) Concurrent Cleanup for Next Mark
[2024-05-30T15:26:47.619+0000][17547.038s][info][gc,marking  ] GC(3561) Concurrent Cleanup for Next Mark 16.818ms
[2024-05-30T15:26:47.619+0000][17547.038s][info][gc          ] GC(3561) Concurrent Mark Cycle 3266.224ms
[2024-05-30T15:26:57.387+0000][17556.807s][info][gc,start    ] GC(3562) Pause Young (Prepare Mixed) (G1 Evacuation Pause)
[2024-05-30T15:26:57.387+0000][17556.807s][info][gc,task     ] GC(3562) Using 6 workers of 6 for evacuation
[2024-05-30T15:26:57.440+0000][17556.859s][info][gc,phases   ] GC(3562)   Pre Evacuate Collection Set: 0.2ms
[2024-05-30T15:26:57.440+0000][17556.859s][info][gc,phases   ] GC(3562)   Merge Heap Roots: 0.3ms
[2024-05-30T15:26:57.440+0000][17556.859s][info][gc,phases   ] GC(3562)   Evacuate Collection Set: 49.6ms
[2024-05-30T15:26:57.440+0000][17556.859s][info][gc,phases   ] GC(3562)   Post Evacuate Collection Set: 2.4ms
[2024-05-30T15:26:57.440+0000][17556.859s][info][gc,phases   ] GC(3562)   Other: 0.2ms
[2024-05-30T15:26:57.440+0000][17556.859s][info][gc,heap     ] GC(3562) Eden regions: 793->0(57)
[2024-05-30T15:26:57.440+0000][17556.859s][info][gc,heap     ] GC(3562) Survivor regions: 17->19(102)
[2024-05-30T15:26:57.440+0000][17556.859s][info][gc,heap     ] GC(3562) Old regions: 356->356
[2024-05-30T15:26:57.440+0000][17556.859s][info][gc,heap     ] GC(3562) Archive regions: 2->2
[2024-05-30T15:26:57.440+0000][17556.859s][info][gc,heap     ] GC(3562) Humongous regions: 41->41
[2024-05-30T15:26:57.440+0000][17556.859s][info][gc,metaspace] GC(3562) Metaspace: 435484K(441600K)->435484K(441600K) NonClass: 381387K(384768K)->381387K(384768K) Class: 54096K(56832K)->54096K(56832K)
[2024-05-30T15:26:57.440+0000][17556.859s][info][gc          ] GC(3562) Pause Young (Prepare Mixed) (G1 Evacuation Pause) 9659M->3331M(12288M) 52.745ms
[2024-05-30T15:26:57.440+0000][17556.859s][info][gc,cpu      ] GC(3562) User=0.31s Sys=0.00s Real=0.06s
[2024-05-30T15:26:58.337+0000][17557.756s][info][gc,start    ] GC(3563) Pause Young (Mixed) (G1 Evacuation Pause)
[2024-05-30T15:26:58.337+0000][17557.756s][info][gc,task     ] GC(3563) Using 6 workers of 6 for evacuation
[2024-05-30T15:26:58.416+0000][17557.835s][info][gc,phases   ] GC(3563)   Pre Evacuate Collection Set: 0.2ms
[2024-05-30T15:26:58.416+0000][17557.835s][info][gc,phases   ] GC(3563)   Merge Heap Roots: 0.4ms
[2024-05-30T15:26:58.416+0000][17557.835s][info][gc,phases   ] GC(3563)   Evacuate Collection Set: 76.8ms
[2024-05-30T15:26:58.416+0000][17557.835s][info][gc,phases   ] GC(3563)   Post Evacuate Collection Set: 1.6ms
[2024-05-30T15:26:58.416+0000][17557.835s][info][gc,phases   ] GC(3563)   Other: 0.2ms
[2024-05-30T15:26:58.416+0000][17557.835s][info][gc,heap     ] GC(3563) Eden regions: 57->0(804)
[2024-05-30T15:26:58.416+0000][17557.835s][info][gc,heap     ] GC(3563) Survivor regions: 19->3(10)
[2024-05-30T15:26:58.416+0000][17557.835s][info][gc,heap     ] GC(3563) Old regions: 356->359
[2024-05-30T15:26:58.416+0000][17557.835s][info][gc,heap     ] GC(3563) Archive regions: 2->2
[2024-05-30T15:26:58.416+0000][17557.835s][info][gc,heap     ] GC(3563) Humongous regions: 41->41
[2024-05-30T15:26:58.416+0000][17557.835s][info][gc,metaspace] GC(3563) Metaspace: 435484K(441600K)->435484K(441600K) NonClass: 381387K(384768K)->381387K(384768K) Class: 54096K(56832K)->54096K(56832K)
[2024-05-30T15:26:58.416+0000][17557.835s][info][gc          ] GC(3563) Pause Young (Mixed) (G1 Evacuation Pause) 3787M->3223M(12288M) 79.233ms
[2024-05-30T15:26:58.416+0000][17557.835s][info][gc,cpu      ] GC(3563) User=0.47s Sys=0.00s Real=0.07s
[2024-05-30T15:27:11.591+0000][17571.011s][info][gc,start    ] GC(3564) Pause Young (Normal) (G1 Evacuation Pause)
[2024-05-30T15:27:11.591+0000][17571.011s][info][gc,task     ] GC(3564) Using 6 workers of 6 for evacuation
[2024-05-30T15:27:11.611+0000][17571.030s][info][gc,phases   ] GC(3564)   Pre Evacuate Collection Set: 0.2ms
[2024-05-30T15:27:11.611+0000][17571.030s][info][gc,phases   ] GC(3564)   Merge Heap Roots: 0.2ms
[2024-05-30T15:27:11.611+0000][17571.030s][info][gc,phases   ] GC(3564)   Evacuate Collection Set: 16.9ms
[2024-05-30T15:27:11.611+0000][17571.030s][info][gc,phases   ] GC(3564)   Post Evacuate Collection Set: 2.1ms
[2024-05-30T15:27:11.611+0000][17571.030s][info][gc,phases   ] GC(3564)   Other: 0.2ms
[2024-05-30T15:27:11.611+0000][17571.030s][info][gc,heap     ] GC(3564) Eden regions: 804->0(801)
[2024-05-30T15:27:11.611+0000][17571.030s][info][gc,heap     ] GC(3564) Survivor regions: 3->6(101)
[2024-05-30T15:27:11.611+0000][17571.030s][info][gc,heap     ] GC(3564) Old regions: 359->359
[2024-05-30T15:27:11.611+0000][17571.030s][info][gc,heap     ] GC(3564) Archive regions: 2->2
[2024-05-30T15:27:11.611+0000][17571.030s][info][gc,heap     ] GC(3564) Humongous regions: 41->41
[2024-05-30T15:27:11.611+0000][17571.030s][info][gc,metaspace] GC(3564) Metaspace: 435486K(441600K)->435486K(441600K) NonClass: 381389K(384768K)->381389K(384768K) Class: 54096K(56832K)->54096K(56832K)
[2024-05-30T15:27:11.611+0000][17571.030s][info][gc          ] GC(3564) Pause Young (Normal) (G1 Evacuation Pause) 9655M->3247M(12288M) 19.625ms
[2024-05-30T15:27:11.611+0000][17571.030s][info][gc,cpu      ] GC(3564) User=0.12s Sys=0.00s Real=0.02s
[2024-05-30T15:27:23.230+0000][17582.649s][info][gc,start    ] GC(3565) Pause Young (Normal) (G1 Evacuation Pause)
[2024-05-30T15:27:23.230+0000][17582.649s][info][gc,task     ] GC(3565) Using 6 workers of 6 for evacuation
[2024-05-30T15:27:23.254+0000][17582.673s][info][gc,phases   ] GC(3565)   Pre Evacuate Collection Set: 0.2ms
[2024-05-30T15:27:23.254+0000][17582.673s][info][gc,phases   ] GC(3565)   Merge Heap Roots: 0.2ms
[2024-05-30T15:27:23.254+0000][17582.673s][info][gc,phases   ] GC(3565)   Evacuate Collection Set: 21.2ms
[2024-05-30T15:27:23.254+0000][17582.673s][info][gc,phases   ] GC(3565)   Post Evacuate Collection Set: 2.1ms
[2024-05-30T15:27:23.254+0000][17582.673s][info][gc,phases   ] GC(3565)   Other: 0.2ms
[2024-05-30T15:27:23.254+0000][17582.673s][info][gc,heap     ] GC(3565) Eden regions: 801->0(798)
[2024-05-30T15:27:23.254+0000][17582.673s][info][gc,heap     ] GC(3565) Survivor regions: 6->9(101)
[2024-05-30T15:27:23.254+0000][17582.673s][info][gc,heap     ] GC(3565) Old regions: 359->359
[2024-05-30T15:27:23.254+0000][17582.673s][info][gc,heap     ] GC(3565) Archive regions: 2->2
[2024-05-30T15:27:23.254+0000][17582.673s][info][gc,heap     ] GC(3565) Humongous regions: 41->41
[2024-05-30T15:27:23.254+0000][17582.673s][info][gc,metaspace] GC(3565) Metaspace: 435486K(441600K)->435486K(441600K) NonClass: 381389K(384768K)->381389K(384768K) Class: 54096K(56832K)->54096K(56832K)
[2024-05-30T15:27:23.254+0000][17582.673s][info][gc          ] GC(3565) Pause Young (Normal) (G1 Evacuation Pause) 9655M->3266M(12288M) 23.981ms
[2024-05-30T15:27:23.254+0000][17582.673s][info][gc,cpu      ] GC(3565) User=0.14s Sys=0.00s Real=0.02s
[2024-05-30T15:27:36.196+0000][17595.615s][info][gc,start    ] GC(3566) Pause Young (Concurrent Start) (G1 Evacuation Pause)
[2024-05-30T15:27:36.196+0000][17595.616s][info][gc,task     ] GC(3566) Using 6 workers of 6 for evacuation
[2024-05-30T15:27:36.228+0000][17595.647s][info][gc,phases   ] GC(3566)   Pre Evacuate Collection Set: 0.6ms
