[2024-08-15T15:30:55.379+0000][10951.324s][info][gc,phases   ] GC(2412)   Other: 0.3ms
[2024-08-15T15:30:55.379+0000][10951.324s][info][gc,heap     ] GC(2412) Eden regions: 739->0(737)
[2024-08-15T15:30:55.379+0000][10951.324s][info][gc,heap     ] GC(2412) Survivor regions: 7->9(94)
[2024-08-15T15:30:55.379+0000][10951.324s][info][gc,heap     ] GC(2412) Old regions: 462->462
[2024-08-15T15:30:55.379+0000][10951.324s][info][gc,heap     ] GC(2412) Archive regions: 2->2
[2024-08-15T15:30:55.379+0000][10951.324s][info][gc,heap     ] GC(2412) Humongous regions: 6->6
[2024-08-15T15:30:55.379+0000][10951.324s][info][gc,metaspace] GC(2412) Metaspace: 442129K(448704K)->442129K(448704K) NonClass: 387240K(390976K)->387240K(390976K) Class: 54889K(57728K)->54889K(57728K)
[2024-08-15T15:30:55.379+0000][10951.324s][info][gc          ] GC(2412) Pause Young (Concurrent Start) (G1 Evacuation Pause) 9712M->3816M(12288M) 19.231ms
[2024-08-15T15:30:55.379+0000][10951.324s][info][gc,cpu      ] GC(2412) User=0.11s Sys=0.00s Real=0.02s
[2024-08-15T15:30:55.380+0000][10951.324s][info][gc          ] GC(2413) Concurrent Mark Cycle
[2024-08-15T15:30:55.380+0000][10951.324s][info][gc,marking  ] GC(2413) Concurrent Clear Claimed Marks
[2024-08-15T15:30:55.380+0000][10951.325s][info][gc,marking  ] GC(2413) Concurrent Clear Claimed Marks 0.403ms
[2024-08-15T15:30:55.380+0000][10951.325s][info][gc,marking  ] GC(2413) Concurrent Scan Root Regions
[2024-08-15T15:30:55.394+0000][10951.339s][info][gc,marking  ] GC(2413) Concurrent Scan Root Regions 14.413ms
[2024-08-15T15:30:55.394+0000][10951.339s][info][gc,marking  ] GC(2413) Concurrent Mark
[2024-08-15T15:30:55.394+0000][10951.339s][info][gc,marking  ] GC(2413) Concurrent Mark From Roots
[2024-08-15T15:30:55.394+0000][10951.339s][info][gc,task     ] GC(2413) Using 2 workers of 2 for marking
[2024-08-15T15:30:58.477+0000][10954.421s][info][gc,marking  ] GC(2413) Concurrent Mark From Roots 3082.305ms
[2024-08-15T15:30:58.477+0000][10954.421s][info][gc,marking  ] GC(2413) Concurrent Preclean
[2024-08-15T15:30:58.478+0000][10954.423s][info][gc,marking  ] GC(2413) Concurrent Preclean 1.590ms
[2024-08-15T15:30:58.478+0000][10954.423s][info][gc,start    ] GC(2413) Pause Remark
[2024-08-15T15:30:58.502+0000][10954.447s][info][gc          ] GC(2413) Pause Remark 8488M->8480M(12288M) 23.536ms
[2024-08-15T15:30:58.502+0000][10954.447s][info][gc,cpu      ] GC(2413) User=0.10s Sys=0.00s Real=0.02s
[2024-08-15T15:30:58.502+0000][10954.447s][info][gc,marking  ] GC(2413) Concurrent Mark 3107.879ms
[2024-08-15T15:30:58.502+0000][10954.447s][info][gc,marking  ] GC(2413) Concurrent Rebuild Remembered Sets
[2024-08-15T15:30:59.343+0000][10955.288s][info][gc,start    ] GC(2414) Pause Young (Normal) (G1 Evacuation Pause)
[2024-08-15T15:30:59.343+0000][10955.288s][info][gc,task     ] GC(2414) Using 6 workers of 6 for evacuation
[2024-08-15T15:30:59.365+0000][10955.310s][info][gc,phases   ] GC(2414)   Pre Evacuate Collection Set: 0.2ms
[2024-08-15T15:30:59.365+0000][10955.310s][info][gc,phases   ] GC(2414)   Merge Heap Roots: 0.3ms
[2024-08-15T15:30:59.365+0000][10955.310s][info][gc,phases   ] GC(2414)   Evacuate Collection Set: 19.3ms
[2024-08-15T15:30:59.365+0000][10955.310s][info][gc,phases   ] GC(2414)   Post Evacuate Collection Set: 1.9ms
[2024-08-15T15:30:59.365+0000][10955.310s][info][gc,phases   ] GC(2414)   Other: 0.2ms
[2024-08-15T15:30:59.365+0000][10955.310s][info][gc,heap     ] GC(2414) Eden regions: 737->0(737)
[2024-08-15T15:30:59.365+0000][10955.310s][info][gc,heap     ] GC(2414) Survivor regions: 9->11(94)
[2024-08-15T15:30:59.365+0000][10955.310s][info][gc,heap     ] GC(2414) Old regions: 462->462
[2024-08-15T15:30:59.365+0000][10955.310s][info][gc,heap     ] GC(2414) Archive regions: 2->2
[2024-08-15T15:30:59.365+0000][10955.310s][info][gc,heap     ] GC(2414) Humongous regions: 5->5
[2024-08-15T15:30:59.365+0000][10955.310s][info][gc,metaspace] GC(2414) Metaspace: 442130K(448704K)->442130K(448704K) NonClass: 387241K(390976K)->387241K(390976K) Class: 54889K(57728K)->54889K(57728K)
[2024-08-15T15:30:59.365+0000][10955.310s][info][gc          ] GC(2414) Pause Young (Normal) (G1 Evacuation Pause) 9704M->3823M(12288M) 21.944ms
[2024-08-15T15:30:59.365+0000][10955.310s][info][gc,cpu      ] GC(2414) User=0.12s Sys=0.01s Real=0.02s
[2024-08-15T15:31:00.421+0000][10956.366s][info][gc,marking  ] GC(2413) Concurrent Rebuild Remembered Sets 1918.739ms
[2024-08-15T15:31:00.421+0000][10956.366s][info][gc,start    ] GC(2413) Pause Cleanup
[2024-08-15T15:31:00.422+0000][10956.367s][info][gc          ] GC(2413) Pause Cleanup 5407M->5407M(12288M) 0.717ms
[2024-08-15T15:31:00.422+0000][10956.367s][info][gc,cpu      ] GC(2413) User=0.00s Sys=0.00s Real=0.00s
[2024-08-15T15:31:00.422+0000][10956.367s][info][gc,marking  ] GC(2413) Concurrent Cleanup for Next Mark
[2024-08-15T15:31:00.441+0000][10956.386s][info][gc,marking  ] GC(2413) Concurrent Cleanup for Next Mark 19.313ms
[2024-08-15T15:31:00.441+0000][10956.386s][info][gc          ] GC(2413) Concurrent Mark Cycle 5061.912ms
[2024-08-15T15:31:03.013+0000][10958.958s][info][gc,start    ] GC(2415) Pause Young (Prepare Mixed) (G1 Evacuation Pause)
[2024-08-15T15:31:03.013+0000][10958.958s][info][gc,task     ] GC(2415) Using 6 workers of 6 for evacuation
[2024-08-15T15:31:03.035+0000][10958.980s][info][gc,phases   ] GC(2415)   Pre Evacuate Collection Set: 0.2ms
[2024-08-15T15:31:03.035+0000][10958.980s][info][gc,phases   ] GC(2415)   Merge Heap Roots: 0.3ms
[2024-08-15T15:31:03.035+0000][10958.980s][info][gc,phases   ] GC(2415)   Evacuate Collection Set: 19.6ms
[2024-08-15T15:31:03.035+0000][10958.980s][info][gc,phases   ] GC(2415)   Post Evacuate Collection Set: 1.7ms
[2024-08-15T15:31:03.035+0000][10958.980s][info][gc,phases   ] GC(2415)   Other: 0.2ms
[2024-08-15T15:31:03.035+0000][10958.980s][info][gc,heap     ] GC(2415) Eden regions: 737->0(66)
[2024-08-15T15:31:03.035+0000][10958.980s][info][gc,heap     ] GC(2415) Survivor regions: 11->10(94)
[2024-08-15T15:31:03.035+0000][10958.980s][info][gc,heap     ] GC(2415) Old regions: 462->462
[2024-08-15T15:31:03.035+0000][10958.980s][info][gc,heap     ] GC(2415) Archive regions: 2->2
[2024-08-15T15:31:03.035+0000][10958.980s][info][gc,heap     ] GC(2415) Humongous regions: 5->5
[2024-08-15T15:31:03.035+0000][10958.980s][info][gc,metaspace] GC(2415) Metaspace: 442131K(448704K)->442131K(448704K) NonClass: 387242K(390976K)->387242K(390976K) Class: 54889K(57728K)->54889K(57728K)
[2024-08-15T15:31:03.035+0000][10958.980s][info][gc          ] GC(2415) Pause Young (Prepare Mixed) (G1 Evacuation Pause) 9719M->3816M(12288M) 22.074ms
[2024-08-15T15:31:03.035+0000][10958.980s][info][gc,cpu      ] GC(2415) User=0.12s Sys=0.01s Real=0.03s
[2024-08-15T15:31:03.348+0000][10959.293s][info][gc,start    ] GC(2416) Pause Young (Mixed) (G1 Evacuation Pause)
[2024-08-15T15:31:03.348+0000][10959.293s][info][gc,task     ] GC(2416) Using 6 workers of 6 for evacuation
[2024-08-15T15:31:03.428+0000][10959.373s][info][gc,phases   ] GC(2416)   Pre Evacuate Collection Set: 0.2ms
[2024-08-15T15:31:03.429+0000][10959.373s][info][gc,phases   ] GC(2416)   Merge Heap Roots: 0.4ms
[2024-08-15T15:31:03.429+0000][10959.373s][info][gc,phases   ] GC(2416)   Evacuate Collection Set: 78.5ms
[2024-08-15T15:31:03.429+0000][10959.373s][info][gc,phases   ] GC(2416)   Post Evacuate Collection Set: 1.3ms
[2024-08-15T15:31:03.429+0000][10959.373s][info][gc,phases   ] GC(2416)   Other: 0.2ms
[2024-08-15T15:31:03.429+0000][10959.373s][info][gc,heap     ] GC(2416) Eden regions: 66->0(747)
[2024-08-15T15:31:03.429+0000][10959.373s][info][gc,heap     ] GC(2416) Survivor regions: 10->6(10)
[2024-08-15T15:31:03.429+0000][10959.373s][info][gc,heap     ] GC(2416) Old regions: 462->457
[2024-08-15T15:31:03.429+0000][10959.373s][info][gc,heap     ] GC(2416) Archive regions: 2->2
[2024-08-15T15:31:03.429+0000][10959.373s][info][gc,heap     ] GC(2416) Humongous regions: 5->5
[2024-08-15T15:31:03.429+0000][10959.373s][info][gc,metaspace] GC(2416) Metaspace: 442131K(448704K)->442131K(448704K) NonClass: 387242K(390976K)->387242K(390976K) Class: 54889K(57728K)->54889K(57728K)
[2024-08-15T15:31:03.429+0000][10959.373s][info][gc          ] GC(2416) Pause Young (Mixed) (G1 Evacuation Pause) 4344M->3746M(12288M) 80.648ms
[2024-08-15T15:31:03.429+0000][10959.373s][info][gc,cpu      ] GC(2416) User=0.47s Sys=0.01s Real=0.08s
[2024-08-15T15:31:06.675+0000][10962.620s][info][gc,start    ] GC(2417) Pause Young (Normal) (G1 Evacuation Pause)
[2024-08-15T15:31:06.675+0000][10962.620s][info][gc,task     ] GC(2417) Using 6 workers of 6 for evacuation
[2024-08-15T15:31:06.689+0000][10962.634s][info][gc,phases   ] GC(2417)   Pre Evacuate Collection Set: 0.2ms
[2024-08-15T15:31:06.689+0000][10962.634s][info][gc,phases   ] GC(2417)   Merge Heap Roots: 0.3ms
[2024-08-15T15:31:06.689+0000][10962.634s][info][gc,phases   ] GC(2417)   Evacuate Collection Set: 11.9ms
[2024-08-15T15:31:06.689+0000][10962.634s][info][gc,phases   ] GC(2417)   Post Evacuate Collection Set: 1.7ms
[2024-08-15T15:31:06.689+0000][10962.634s][info][gc,phases   ] GC(2417)   Other: 0.2ms
[2024-08-15T15:31:06.689+0000][10962.634s][info][gc,heap     ] GC(2417) Eden regions: 747->0(746)
[2024-08-15T15:31:06.689+0000][10962.634s][info][gc,heap     ] GC(2417) Survivor regions: 6->7(95)
[2024-08-15T15:31:06.689+0000][10962.634s][info][gc,heap     ] GC(2417) Old regions: 457->457
[2024-08-15T15:31:06.689+0000][10962.634s][info][gc,heap     ] GC(2417) Archive regions: 2->2
[2024-08-15T15:31:06.689+0000][10962.634s][info][gc,heap     ] GC(2417) Humongous regions: 5->5
[2024-08-15T15:31:06.689+0000][10962.634s][info][gc,metaspace] GC(2417) Metaspace: 442131K(448704K)->442131K(448704K) NonClass: 387242K(390976K)->387242K(390976K) Class: 54889K(57728K)->54889K(57728K)
[2024-08-15T15:31:06.689+0000][10962.634s][info][gc          ] GC(2417) Pause Young (Normal) (G1 Evacuation Pause) 9722M->3753M(12288M) 14.345ms
[2024-08-15T15:31:06.689+0000][10962.634s][info][gc,cpu      ] GC(2417) User=0.08s Sys=0.01s Real=0.02s
[2024-08-15T15:31:09.895+0000][10965.839s][info][gc,start    ] GC(2418) Pause Young (Normal) (G1 Evacuation Pause)
[2024-08-15T15:31:09.895+0000][10965.840s][info][gc,task     ] GC(2418) Using 6 workers of 6 for evacuation
[2024-08-15T15:31:09.909+0000][10965.854s][info][gc,phases   ] GC(2418)   Pre Evacuate Collection Set: 0.2ms
[2024-08-15T15:31:09.909+0000][10965.854s][info][gc,phases   ] GC(2418)   Merge Heap Roots: 0.2ms
[2024-08-15T15:31:09.909+0000][10965.854s][info][gc,phases   ] GC(2418)   Evacuate Collection Set: 11.8ms
[2024-08-15T15:31:09.909+0000][10965.854s][info][gc,phases   ] GC(2418)   Post Evacuate Collection Set: 1.7ms
[2024-08-15T15:31:09.909+0000][10965.854s][info][gc,phases   ] GC(2418)   Other: 0.2ms
[2024-08-15T15:31:09.909+0000][10965.854s][info][gc,heap     ] GC(2418) Eden regions: 746->0(747)
[2024-08-15T15:31:09.909+0000][10965.854s][info][gc,heap     ] GC(2418) Survivor regions: 7->7(95)
[2024-08-15T15:31:09.909+0000][10965.854s][info][gc,heap     ] GC(2418) Old regions: 457->457
[2024-08-15T15:31:09.909+0000][10965.854s][info][gc,heap     ] GC(2418) Archive regions: 2->2
[2024-08-15T15:31:09.909+0000][10965.854s][info][gc,heap     ] GC(2418) Humongous regions: 5->5
[2024-08-15T15:31:09.909+0000][10965.854s][info][gc,metaspace] GC(2418) Metaspace: 442131K(448704K)->442131K(448704K) NonClass: 387242K(390976K)->387242K(390976K) Class: 54889K(57728K)->54889K(57728K)
[2024-08-15T15:31:09.909+0000][10965.854s][info][gc          ] GC(2418) Pause Young (Normal) (G1 Evacuation Pause) 9721M->3748M(12288M) 14.180ms
[2024-08-15T15:31:09.909+0000][10965.854s][info][gc,cpu      ] GC(2418) User=0.08s Sys=0.00s Real=0.02s
[2024-08-15T15:31:13.082+0000][10969.027s][info][gc,start    ] GC(2419) Pause Young (Concurrent Start) (G1 Evacuation Pause)
[2024-08-15T15:31:13.082+0000][10969.027s][info][gc,task     ] GC(2419) Using 6 workers of 6 for evacuation
[2024-08-15T15:31:13.099+0000][10969.044s][info][gc,phases   ] GC(2419)   Pre Evacuate Collection Set: 0.5ms
[2024-08-15T15:31:13.099+0000][10969.044s][info][gc,phases   ] GC(2419)   Merge Heap Roots: 0.2ms
[2024-08-15T15:31:13.099+0000][10969.044s][info][gc,phases   ] GC(2419)   Evacuate Collection Set: 14.1ms
[2024-08-15T15:31:13.099+0000][10969.044s][info][gc,phases   ] GC(2419)   Post Evacuate Collection Set: 1.8ms
[2024-08-15T15:31:13.099+0000][10969.044s][info][gc,phases   ] GC(2419)   Other: 0.3ms
[2024-08-15T15:31:13.099+0000][10969.044s][info][gc,heap     ] GC(2419) Eden regions: 747->0(746)
[2024-08-15T15:31:13.099+0000][10969.044s][info][gc,heap     ] GC(2419) Survivor regions: 7->8(95)
[2024-08-15T15:31:13.099+0000][10969.044s][info][gc,heap     ] GC(2419) Old regions: 457->457
[2024-08-15T15:31:13.099+0000][10969.044s][info][gc,heap     ] GC(2419) Archive regions: 2->2
[2024-08-15T15:31:13.099+0000][10969.044s][info][gc,heap     ] GC(2419) Humongous regions: 5->5
[2024-08-15T15:31:13.099+0000][10969.044s][info][gc,metaspace] GC(2419) Metaspace: 442131K(448704K)->442131K(448704K) NonClass: 387242K(390976K)->387242K(390976K) Class: 54889K(57728K)->54889K(57728K)
[2024-08-15T15:31:13.099+0000][10969.044s][info][gc          ] GC(2419) Pause Young (Concurrent Start) (G1 Evacuation Pause) 9724M->3761M(12288M) 17.003ms
[2024-08-15T15:31:13.099+0000][10969.044s][info][gc,cpu      ] GC(2419) User=0.10s Sys=0.00s Real=0.02s
[2024-08-15T15:31:13.099+0000][10969.044s][info][gc          ] GC(2420) Concurrent Mark Cycle
[2024-08-15T15:31:13.099+0000][10969.044s][info][gc,marking  ] GC(2420) Concurrent Clear Claimed Marks
[2024-08-15T15:31:13.100+0000][10969.044s][info][gc,marking  ] GC(2420) Concurrent Clear Claimed Marks 0.371ms
[2024-08-15T15:31:13.100+0000][10969.044s][info][gc,marking  ] GC(2420) Concurrent Scan Root Regions
[2024-08-15T15:31:13.112+0000][10969.057s][info][gc,marking  ] GC(2420) Concurrent Scan Root Regions 12.590ms
[2024-08-15T15:31:13.112+0000][10969.057s][info][gc,marking  ] GC(2420) Concurrent Mark
[2024-08-15T15:31:13.112+0000][10969.057s][info][gc,marking  ] GC(2420) Concurrent Mark From Roots
[2024-08-15T15:31:13.112+0000][10969.057s][info][gc,task     ] GC(2420) Using 2 workers of 2 for marking
[2024-08-15T15:31:16.159+0000][10972.103s][info][gc,marking  ] GC(2420) Concurrent Mark From Roots 3046.056ms
[2024-08-15T15:31:16.159+0000][10972.103s][info][gc,marking  ] GC(2420) Concurrent Preclean
[2024-08-15T15:31:16.160+0000][10972.105s][info][gc,marking  ] GC(2420) Concurrent Preclean 1.572ms
[2024-08-15T15:31:16.160+0000][10972.105s][info][gc,start    ] GC(2420) Pause Remark
[2024-08-15T15:31:16.184+0000][10972.128s][info][gc          ] GC(2420) Pause Remark 8425M->8425M(12288M) 23.412ms
[2024-08-15T15:31:16.184+0000][10972.128s][info][gc,cpu      ] GC(2420) User=0.10s Sys=0.00s Real=0.03s
[2024-08-15T15:31:16.184+0000][10972.129s][info][gc,marking  ] GC(2420) Concurrent Mark 3071.485ms
[2024-08-15T15:31:16.184+0000][10972.129s][info][gc,marking  ] GC(2420) Concurrent Rebuild Remembered Sets
[2024-08-15T15:31:16.990+0000][10972.935s][info][gc,start    ] GC(2421) Pause Young (Normal) (G1 Evacuation Pause)
[2024-08-15T15:31:16.990+0000][10972.935s][info][gc,task     ] GC(2421) Using 6 workers of 6 for evacuation
[2024-08-15T15:31:17.009+0000][10972.954s][info][gc,phases   ] GC(2421)   Pre Evacuate Collection Set: 0.2ms
[2024-08-15T15:31:17.009+0000][10972.954s][info][gc,phases   ] GC(2421)   Merge Heap Roots: 0.3ms
[2024-08-15T15:31:17.009+0000][10972.954s][info][gc,phases   ] GC(2421)   Evacuate Collection Set: 16.7ms
[2024-08-15T15:31:17.009+0000][10972.954s][info][gc,phases   ] GC(2421)   Post Evacuate Collection Set: 1.7ms
[2024-08-15T15:31:17.009+0000][10972.954s][info][gc,phases   ] GC(2421)   Other: 0.2ms
[2024-08-15T15:31:17.009+0000][10972.954s][info][gc,heap     ] GC(2421) Eden regions: 746->0(744)
[2024-08-15T15:31:17.009+0000][10972.954s][info][gc,heap     ] GC(2421) Survivor regions: 8->10(95)
[2024-08-15T15:31:17.009+0000][10972.954s][info][gc,heap     ] GC(2421) Old regions: 457->457
[2024-08-15T15:31:17.009+0000][10972.954s][info][gc,heap     ] GC(2421) Archive regions: 2->2
[2024-08-15T15:31:17.009+0000][10972.954s][info][gc,heap     ] GC(2421) Humongous regions: 5->5
[2024-08-15T15:31:17.009+0000][10972.954s][info][gc,metaspace] GC(2421) Metaspace: 442131K(448704K)->442131K(448704K) NonClass: 387242K(390976K)->387242K(390976K) Class: 54889K(57728K)->54889K(57728K)
[2024-08-15T15:31:17.009+0000][10972.954s][info][gc          ] GC(2421) Pause Young (Normal) (G1 Evacuation Pause) 9729M->3772M(12288M) 19.118ms
[2024-08-15T15:31:17.009+0000][10972.954s][info][gc,cpu      ] GC(2421) User=0.11s Sys=0.00s Real=0.02s
[2024-08-15T15:31:18.083+0000][10974.027s][info][gc,marking  ] GC(2420) Concurrent Rebuild Remembered Sets 1898.681ms
[2024-08-15T15:31:18.083+0000][10974.027s][info][gc,start    ] GC(2420) Pause Cleanup
[2024-08-15T15:31:18.084+0000][10974.028s][info][gc          ] GC(2420) Pause Cleanup 5680M->5680M(12288M) 0.708ms
[2024-08-15T15:31:18.084+0000][10974.028s][info][gc,cpu      ] GC(2420) User=0.00s Sys=0.00s Real=0.01s
[2024-08-15T15:31:18.084+0000][10974.028s][info][gc,marking  ] GC(2420) Concurrent Cleanup for Next Mark
[2024-08-15T15:31:18.102+0000][10974.047s][info][gc,marking  ] GC(2420) Concurrent Cleanup for Next Mark 18.206ms
[2024-08-15T15:31:18.102+0000][10974.047s][info][gc          ] GC(2420) Concurrent Mark Cycle 5002.533ms
[2024-08-15T15:31:21.678+0000][10977.622s][info][gc,start    ] GC(2422) Pause Young (Prepare Mixed) (G1 Evacuation Pause)
[2024-08-15T15:31:21.678+0000][10977.622s][info][gc,task     ] GC(2422) Using 6 workers of 6 for evacuation
[2024-08-15T15:31:21.702+0000][10977.646s][info][gc,phases   ] GC(2422)   Pre Evacuate Collection Set: 0.2ms
[2024-08-15T15:31:21.702+0000][10977.646s][info][gc,phases   ] GC(2422)   Merge Heap Roots: 0.3ms
[2024-08-15T15:31:21.702+0000][10977.646s][info][gc,phases   ] GC(2422)   Evacuate Collection Set: 21.7ms
[2024-08-15T15:31:21.702+0000][10977.646s][info][gc,phases   ] GC(2422)   Post Evacuate Collection Set: 1.8ms
[2024-08-15T15:31:21.702+0000][10977.646s][info][gc,phases   ] GC(2422)   Other: 0.2ms
[2024-08-15T15:31:21.702+0000][10977.646s][info][gc,heap     ] GC(2422) Eden regions: 744->0(65)
[2024-08-15T15:31:21.702+0000][10977.646s][info][gc,heap     ] GC(2422) Survivor regions: 10->11(95)
[2024-08-15T15:31:21.702+0000][10977.646s][info][gc,heap     ] GC(2422) Old regions: 457->457
[2024-08-15T15:31:21.702+0000][10977.646s][info][gc,heap     ] GC(2422) Archive regions: 2->2
[2024-08-15T15:31:21.702+0000][10977.646s][info][gc,heap     ] GC(2422) Humongous regions: 5->5
[2024-08-15T15:31:21.702+0000][10977.646s][info][gc,metaspace] GC(2422) Metaspace: 442131K(448704K)->442131K(448704K) NonClass: 387242K(390976K)->387242K(390976K) Class: 54889K(57728K)->54889K(57728K)
[2024-08-15T15:31:21.702+0000][10977.647s][info][gc          ] GC(2422) Pause Young (Prepare Mixed) (G1 Evacuation Pause) 9724M->3787M(12288M) 24.286ms
[2024-08-15T15:31:21.702+0000][10977.647s][info][gc,cpu      ] GC(2422) User=0.14s Sys=0.00s Real=0.02s
[2024-08-15T15:31:22.182+0000][10978.126s][info][gc,start    ] GC(2423) Pause Young (Mixed) (G1 Evacuation Pause)
[2024-08-15T15:31:22.182+0000][10978.126s][info][gc,task     ] GC(2423) Using 6 workers of 6 for evacuation
[2024-08-15T15:31:22.269+0000][10978.214s][info][gc,phases   ] GC(2423)   Pre Evacuate Collection Set: 0.2ms
[2024-08-15T15:31:22.269+0000][10978.214s][info][gc,phases   ] GC(2423)   Merge Heap Roots: 0.5ms
[2024-08-15T15:31:22.269+0000][10978.214s][info][gc,phases   ] GC(2423)   Evacuate Collection Set: 85.1ms
[2024-08-15T15:31:22.269+0000][10978.214s][info][gc,phases   ] GC(2423)   Post Evacuate Collection Set: 1.6ms
[2024-08-15T15:31:22.269+0000][10978.214s][info][gc,phases   ] GC(2423)   Other: 0.2ms
[2024-08-15T15:31:22.269+0000][10978.214s][info][gc,heap     ] GC(2423) Eden regions: 65->0(745)
[2024-08-15T15:31:22.269+0000][10978.214s][info][gc,heap     ] GC(2423) Survivor regions: 11->6(10)
[2024-08-15T15:31:22.269+0000][10978.214s][info][gc,heap     ] GC(2423) Old regions: 457->458
[2024-08-15T15:31:22.269+0000][10978.214s][info][gc,heap     ] GC(2423) Archive regions: 2->2
[2024-08-15T15:31:22.269+0000][10978.214s][info][gc,heap     ] GC(2423) Humongous regions: 5->5
[2024-08-15T15:31:22.269+0000][10978.214s][info][gc,metaspace] GC(2423) Metaspace: 442131K(448704K)->442131K(448704K) NonClass: 387242K(390976K)->387242K(390976K) Class: 54889K(57728K)->54889K(57728K)
[2024-08-15T15:31:22.269+0000][10978.214s][info][gc          ] GC(2423) Pause Young (Mixed) (G1 Evacuation Pause) 4307M->3744M(12288M) 87.668ms
[2024-08-15T15:31:22.270+0000][10978.214s][info][gc,cpu      ] GC(2423) User=0.52s Sys=0.09s Real=0.09s
[2024-08-15T15:31:27.374+0000][10983.319s][info][gc,start    ] GC(2424) Pause Young (Normal) (G1 Evacuation Pause)
[2024-08-15T15:31:27.374+0000][10983.319s][info][gc,task     ] GC(2424) Using 6 workers of 6 for evacuation
[2024-08-15T15:31:27.386+0000][10983.331s][info][gc,phases   ] GC(2424)   Pre Evacuate Collection Set: 0.2ms
[2024-08-15T15:31:27.386+0000][10983.331s][info][gc,phases   ] GC(2424)   Merge Heap Roots: 0.3ms
[2024-08-15T15:31:27.386+0000][10983.331s][info][gc,phases   ] GC(2424)   Evacuate Collection Set: 10.1ms
[2024-08-15T15:31:27.386+0000][10983.331s][info][gc,phases   ] GC(2424)   Post Evacuate Collection Set: 1.7ms
[2024-08-15T15:31:27.386+0000][10983.331s][info][gc,phases   ] GC(2424)   Other: 0.2ms
[2024-08-15T15:31:27.386+0000][10983.331s][info][gc,heap     ] GC(2424) Eden regions: 745->0(743)
[2024-08-15T15:31:27.386+0000][10983.331s][info][gc,heap     ] GC(2424) Survivor regions: 6->8(94)
[2024-08-15T15:31:27.386+0000][10983.331s][info][gc,heap     ] GC(2424) Old regions: 458->458
[2024-08-15T15:31:27.386+0000][10983.331s][info][gc,heap     ] GC(2424) Archive regions: 2->2
[2024-08-15T15:31:27.386+0000][10983.331s][info][gc,heap     ] GC(2424) Humongous regions: 5->5
[2024-08-15T15:31:27.386+0000][10983.331s][info][gc,metaspace] GC(2424) Metaspace: 442131K(448704K)->442131K(448704K) NonClass: 387242K(390976K)->387242K(390976K) Class: 54889K(57728K)->54889K(57728K)
[2024-08-15T15:31:27.387+0000][10983.331s][info][gc          ] GC(2424) Pause Young (Normal) (G1 Evacuation Pause) 9704M->3761M(12288M) 12.470ms
[2024-08-15T15:31:27.387+0000][10983.331s][info][gc,cpu      ] GC(2424) User=0.07s Sys=0.00s Real=0.02s
[2024-08-15T15:31:32.382+0000][10988.327s][info][gc,start    ] GC(2425) Pause Young (Normal) (G1 Evacuation Pause)
[2024-08-15T15:31:32.382+0000][10988.327s][info][gc,task     ] GC(2425) Using 6 workers of 6 for evacuation
[2024-08-15T15:31:32.398+0000][10988.343s][info][gc,phases   ] GC(2425)   Pre Evacuate Collection Set: 0.2ms
[2024-08-15T15:31:32.398+0000][10988.343s][info][gc,phases   ] GC(2425)   Merge Heap Roots: 0.5ms
[2024-08-15T15:31:32.398+0000][10988.343s][info][gc,phases   ] GC(2425)   Evacuate Collection Set: 12.8ms
[2024-08-15T15:31:32.398+0000][10988.343s][info][gc,phases   ] GC(2425)   Post Evacuate Collection Set: 1.8ms
[2024-08-15T15:31:32.398+0000][10988.343s][info][gc,phases   ] GC(2425)   Other: 0.3ms
[2024-08-15T15:31:32.398+0000][10988.343s][info][gc,heap     ] GC(2425) Eden regions: 743->0(743)
[2024-08-15T15:31:32.398+0000][10988.343s][info][gc,heap     ] GC(2425) Survivor regions: 8->8(94)
[2024-08-15T15:31:32.398+0000][10988.343s][info][gc,heap     ] GC(2425) Old regions: 458->458
[2024-08-15T15:31:32.398+0000][10988.343s][info][gc,heap     ] GC(2425) Archive regions: 2->2
[2024-08-15T15:31:32.398+0000][10988.343s][info][gc,heap     ] GC(2425) Humongous regions: 5->5
[2024-08-15T15:31:32.398+0000][10988.343s][info][gc,metaspace] GC(2425) Metaspace: 442131K(448704K)->442131K(448704K) NonClass: 387242K(390976K)->387242K(390976K) Class: 54889K(57728K)->54889K(57728K)
[2024-08-15T15:31:32.398+0000][10988.343s][info][gc          ] GC(2425) Pause Young (Normal) (G1 Evacuation Pause) 9705M->3764M(12288M) 15.572ms
[2024-08-15T15:31:32.398+0000][10988.343s][info][gc,cpu      ] GC(2425) User=0.09s Sys=0.00s Real=0.02s
[2024-08-15T15:31:36.825+0000][10992.769s][info][gc,start    ] GC(2426) Pause Young (Concurrent Start) (G1 Evacuation Pause)
[2024-08-15T15:31:36.825+0000][10992.769s][info][gc,task     ] GC(2426) Using 6 workers of 6 for evacuation
[2024-08-15T15:31:36.842+0000][10992.786s][info][gc,phases   ] GC(2426)   Pre Evacuate Collection Set: 0.6ms
[2024-08-15T15:31:36.842+0000][10992.786s][info][gc,phases   ] GC(2426)   Merge Heap Roots: 0.2ms
[2024-08-15T15:31:36.842+0000][10992.786s][info][gc,phases   ] GC(2426)   Evacuate Collection Set: 14.2ms
[2024-08-15T15:31:36.842+0000][10992.786s][info][gc,phases   ] GC(2426)   Post Evacuate Collection Set: 1.8ms
[2024-08-15T15:31:36.842+0000][10992.786s][info][gc,phases   ] GC(2426)   Other: 0.3ms
[2024-08-15T15:31:36.842+0000][10992.786s][info][gc,heap     ] GC(2426) Eden regions: 743->0(742)
[2024-08-15T15:31:36.842+0000][10992.786s][info][gc,heap     ] GC(2426) Survivor regions: 8->9(94)
[2024-08-15T15:31:36.842+0000][10992.786s][info][gc,heap     ] GC(2426) Old regions: 458->458
[2024-08-15T15:31:36.842+0000][10992.786s][info][gc,heap     ] GC(2426) Archive regions: 2->2
[2024-08-15T15:31:36.842+0000][10992.786s][info][gc,heap     ] GC(2426) Humongous regions: 5->5
[2024-08-15T15:31:36.842+0000][10992.786s][info][gc,metaspace] GC(2426) Metaspace: 442142K(448704K)->442142K(448704K) NonClass: 387253K(390976K)->387253K(390976K) Class: 54889K(57728K)->54889K(57728K)
[2024-08-15T15:31:36.842+0000][10992.786s][info][gc          ] GC(2426) Pause Young (Concurrent Start) (G1 Evacuation Pause) 9708M->3773M(12288M) 17.158ms
[2024-08-15T15:31:36.842+0000][10992.786s][info][gc,cpu      ] GC(2426) User=0.09s Sys=0.00s Real=0.01s
[2024-08-15T15:31:36.842+0000][10992.787s][info][gc          ] GC(2427) Concurrent Mark Cycle
[2024-08-15T15:31:36.842+0000][10992.787s][info][gc,marking  ] GC(2427) Concurrent Clear Claimed Marks
[2024-08-15T15:31:36.842+0000][10992.787s][info][gc,marking  ] GC(2427) Concurrent Clear Claimed Marks 0.411ms
[2024-08-15T15:31:36.842+0000][10992.787s][info][gc,marking  ] GC(2427) Concurrent Scan Root Regions
[2024-08-15T15:31:36.857+0000][10992.801s][info][gc,marking  ] GC(2427) Concurrent Scan Root Regions 14.142ms
[2024-08-15T15:31:36.857+0000][10992.801s][info][gc,marking  ] GC(2427) Concurrent Mark
[2024-08-15T15:31:36.857+0000][10992.801s][info][gc,marking  ] GC(2427) Concurrent Mark From Roots
[2024-08-15T15:31:36.857+0000][10992.801s][info][gc,task     ] GC(2427) Using 2 workers of 2 for marking
[2024-08-15T15:31:39.840+0000][10995.785s][info][gc,marking  ] GC(2427) Concurrent Mark From Roots 2983.432ms
[2024-08-15T15:31:39.840+0000][10995.785s][info][gc,marking  ] GC(2427) Concurrent Preclean
[2024-08-15T15:31:39.842+0000][10995.786s][info][gc,marking  ] GC(2427) Concurrent Preclean 1.654ms
[2024-08-15T15:31:39.842+0000][10995.786s][info][gc,start    ] GC(2427) Pause Remark
[2024-08-15T15:31:39.867+0000][10995.812s][info][gc          ] GC(2427) Pause Remark 6865M->6865M(12288M) 25.507ms
[2024-08-15T15:31:39.867+0000][10995.812s][info][gc,cpu      ] GC(2427) User=0.11s Sys=0.00s Real=0.03s
[2024-08-15T15:31:39.868+0000][10995.812s][info][gc,marking  ] GC(2427) Concurrent Mark 3011.186ms
[2024-08-15T15:31:39.868+0000][10995.812s][info][gc,marking  ] GC(2427) Concurrent Rebuild Remembered Sets
[2024-08-15T15:31:41.640+0000][10997.584s][info][gc,marking  ] GC(2427) Concurrent Rebuild Remembered Sets 1771.959ms
[2024-08-15T15:31:41.640+0000][10997.585s][info][gc,start    ] GC(2427) Pause Cleanup
[2024-08-15T15:31:41.641+0000][10997.585s][info][gc          ] GC(2427) Pause Cleanup 8789M->8789M(12288M) 0.657ms
[2024-08-15T15:31:41.641+0000][10997.585s][info][gc,cpu      ] GC(2427) User=0.00s Sys=0.00s Real=0.00s
[2024-08-15T15:31:41.641+0000][10997.585s][info][gc,marking  ] GC(2427) Concurrent Cleanup for Next Mark
[2024-08-15T15:31:41.658+0000][10997.602s][info][gc,marking  ] GC(2427) Concurrent Cleanup for Next Mark 17.156ms
[2024-08-15T15:31:41.658+0000][10997.603s][info][gc          ] GC(2427) Concurrent Mark Cycle 4816.006ms
[2024-08-15T15:31:42.445+0000][10998.390s][info][gc,start    ] GC(2428) Pause Young (Prepare Mixed) (G1 Evacuation Pause)
[2024-08-15T15:31:42.445+0000][10998.390s][info][gc,task     ] GC(2428) Using 6 workers of 6 for evacuation
[2024-08-15T15:31:42.464+0000][10998.409s][info][gc,phases   ] GC(2428)   Pre Evacuate Collection Set: 0.2ms
[2024-08-15T15:31:42.464+0000][10998.409s][info][gc,phases   ] GC(2428)   Merge Heap Roots: 0.3ms
[2024-08-15T15:31:42.464+0000][10998.409s][info][gc,phases   ] GC(2428)   Evacuate Collection Set: 16.5ms
[2024-08-15T15:31:42.464+0000][10998.409s][info][gc,phases   ] GC(2428)   Post Evacuate Collection Set: 1.9ms
[2024-08-15T15:31:42.464+0000][10998.409s][info][gc,phases   ] GC(2428)   Other: 0.2ms
[2024-08-15T15:31:42.464+0000][10998.409s][info][gc,heap     ] GC(2428) Eden regions: 742->0(67)
[2024-08-15T15:31:42.464+0000][10998.409s][info][gc,heap     ] GC(2428) Survivor regions: 9->9(94)
[2024-08-15T15:31:42.464+0000][10998.409s][info][gc,heap     ] GC(2428) Old regions: 458->458
[2024-08-15T15:31:42.464+0000][10998.409s][info][gc,heap     ] GC(2428) Archive regions: 2->2
[2024-08-15T15:31:42.464+0000][10998.409s][info][gc,heap     ] GC(2428) Humongous regions: 5->5
[2024-08-15T15:31:42.464+0000][10998.409s][info][gc,metaspace] GC(2428) Metaspace: 442143K(448704K)->442143K(448704K) NonClass: 387254K(390976K)->387254K(390976K) Class: 54889K(57728K)->54889K(57728K)
[2024-08-15T15:31:42.464+0000][10998.409s][info][gc          ] GC(2428) Pause Young (Prepare Mixed) (G1 Evacuation Pause) 9709M->3770M(12288M) 19.188ms
[2024-08-15T15:31:42.464+0000][10998.409s][info][gc,cpu      ] GC(2428) User=0.11s Sys=0.00s Real=0.02s
[2024-08-15T15:31:42.980+0000][10998.924s][info][gc,start    ] GC(2429) Pause Young (Mixed) (G1 Evacuation Pause)
[2024-08-15T15:31:42.980+0000][10998.924s][info][gc,task     ] GC(2429) Using 6 workers of 6 for evacuation
[2024-08-15T15:31:43.037+0000][10998.982s][info][gc,phases   ] GC(2429)   Pre Evacuate Collection Set: 0.2ms
[2024-08-15T15:31:43.037+0000][10998.982s][info][gc,phases   ] GC(2429)   Merge Heap Roots: 0.3ms
[2024-08-15T15:31:43.037+0000][10998.982s][info][gc,phases   ] GC(2429)   Evacuate Collection Set: 55.7ms
[2024-08-15T15:31:43.037+0000][10998.982s][info][gc,phases   ] GC(2429)   Post Evacuate Collection Set: 1.3ms
[2024-08-15T15:31:43.037+0000][10998.982s][info][gc,phases   ] GC(2429)   Other: 0.2ms
[2024-08-15T15:31:43.037+0000][10998.982s][info][gc,heap     ] GC(2429) Eden regions: 67->0(751)
[2024-08-15T15:31:43.037+0000][10998.982s][info][gc,heap     ] GC(2429) Survivor regions: 9->6(10)
[2024-08-15T15:31:43.037+0000][10998.982s][info][gc,heap     ] GC(2429) Old regions: 458->453
[2024-08-15T15:31:43.037+0000][10998.982s][info][gc,heap     ] GC(2429) Archive regions: 2->2
[2024-08-15T15:31:43.037+0000][10998.982s][info][gc,heap     ] GC(2429) Humongous regions: 5->5
[2024-08-15T15:31:43.037+0000][10998.982s][info][gc,metaspace] GC(2429) Metaspace: 442145K(448704K)->442145K(448704K) NonClass: 387256K(390976K)->387256K(390976K) Class: 54889K(57728K)->54889K(57728K)
[2024-08-15T15:31:43.037+0000][10998.982s][info][gc          ] GC(2429) Pause Young (Mixed) (G1 Evacuation Pause) 4306M->3714M(12288M) 57.693ms
[2024-08-15T15:31:43.037+0000][10998.982s][info][gc,cpu      ] GC(2429) User=0.33s Sys=0.01s Real=0.06s
[2024-08-15T15:31:48.202+0000][11004.147s][info][gc,start    ] GC(2430) Pause Young (Normal) (G1 Evacuation Pause)
[2024-08-15T15:31:48.202+0000][11004.147s][info][gc,task     ] GC(2430) Using 6 workers of 6 for evacuation
[2024-08-15T15:31:48.218+0000][11004.163s][info][gc,phases   ] GC(2430)   Pre Evacuate Collection Set: 0.2ms
[2024-08-15T15:31:48.218+0000][11004.163s][info][gc,phases   ] GC(2430)   Merge Heap Roots: 0.2ms
[2024-08-15T15:31:48.218+0000][11004.163s][info][gc,phases   ] GC(2430)   Evacuate Collection Set: 13.6ms
[2024-08-15T15:31:48.218+0000][11004.163s][info][gc,phases   ] GC(2430)   Post Evacuate Collection Set: 1.7ms
[2024-08-15T15:31:48.218+0000][11004.163s][info][gc,phases   ] GC(2430)   Other: 0.2ms
[2024-08-15T15:31:48.218+0000][11004.163s][info][gc,heap     ] GC(2430) Eden regions: 751->0(748)
[2024-08-15T15:31:48.218+0000][11004.163s][info][gc,heap     ] GC(2430) Survivor regions: 6->8(95)
[2024-08-15T15:31:48.218+0000][11004.163s][info][gc,heap     ] GC(2430) Old regions: 453->453
[2024-08-15T15:31:48.218+0000][11004.163s][info][gc,heap     ] GC(2430) Archive regions: 2->2
[2024-08-15T15:31:48.218+0000][11004.163s][info][gc,heap     ] GC(2430) Humongous regions: 5->5
[2024-08-15T15:31:48.218+0000][11004.163s][info][gc,metaspace] GC(2430) Metaspace: 442145K(448704K)->442145K(448704K) NonClass: 387256K(390976K)->387256K(390976K) Class: 54889K(57728K)->54889K(57728K)
[2024-08-15T15:31:48.218+0000][11004.163s][info][gc          ] GC(2430) Pause Young (Normal) (G1 Evacuation Pause) 9722M->3727M(12288M) 16.019ms
[2024-08-15T15:31:48.218+0000][11004.163s][info][gc,cpu      ] GC(2430) User=0.09s Sys=0.00s Real=0.02s
[2024-08-15T15:31:53.422+0000][11009.367s][info][gc,start    ] GC(2431) Pause Young (Normal) (G1 Evacuation Pause)
[2024-08-15T15:31:53.422+0000][11009.367s][info][gc,task     ] GC(2431) Using 6 workers of 6 for evacuation
[2024-08-15T15:31:53.443+0000][11009.387s][info][gc,phases   ] GC(2431)   Pre Evacuate Collection Set: 0.2ms
[2024-08-15T15:31:53.443+0000][11009.387s][info][gc,phases   ] GC(2431)   Merge Heap Roots: 0.2ms
[2024-08-15T15:31:53.443+0000][11009.387s][info][gc,phases   ] GC(2431)   Evacuate Collection Set: 18.3ms
[2024-08-15T15:31:53.443+0000][11009.388s][info][gc,phases   ] GC(2431)   Post Evacuate Collection Set: 1.7ms
[2024-08-15T15:31:53.443+0000][11009.388s][info][gc,phases   ] GC(2431)   Other: 0.2ms
[2024-08-15T15:31:53.443+0000][11009.388s][info][gc,heap     ] GC(2431) Eden regions: 748->0(747)
[2024-08-15T15:31:53.443+0000][11009.388s][info][gc,heap     ] GC(2431) Survivor regions: 8->10(95)
[2024-08-15T15:31:53.443+0000][11009.388s][info][gc,heap     ] GC(2431) Old regions: 453->453
[2024-08-15T15:31:53.443+0000][11009.388s][info][gc,heap     ] GC(2431) Archive regions: 2->2
[2024-08-15T15:31:53.443+0000][11009.388s][info][gc,heap     ] GC(2431) Humongous regions: 5->5
[2024-08-15T15:31:53.443+0000][11009.388s][info][gc,metaspace] GC(2431) Metaspace: 442145K(448704K)->442145K(448704K) NonClass: 387256K(390976K)->387256K(390976K) Class: 54889K(57728K)->54889K(57728K)
[2024-08-15T15:31:53.443+0000][11009.388s][info][gc          ] GC(2431) Pause Young (Normal) (G1 Evacuation Pause) 9711M->3745M(12288M) 20.719ms
[2024-08-15T15:31:53.443+0000][11009.388s][info][gc,cpu      ] GC(2431) User=0.12s Sys=0.00s Real=0.02s
[2024-08-15T15:31:58.439+0000][11014.384s][info][gc,start    ] GC(2432) Pause Young (Concurrent Start) (G1 Evacuation Pause)
[2024-08-15T15:31:58.439+0000][11014.384s][info][gc,task     ] GC(2432) Using 6 workers of 6 for evacuation
[2024-08-15T15:31:58.460+0000][11014.405s][info][gc,phases   ] GC(2432)   Pre Evacuate Collection Set: 0.5ms
[2024-08-15T15:31:58.460+0000][11014.405s][info][gc,phases   ] GC(2432)   Merge Heap Roots: 0.3ms
[2024-08-15T15:31:58.460+0000][11014.405s][info][gc,phases   ] GC(2432)   Evacuate Collection Set: 18.2ms
[2024-08-15T15:31:58.460+0000][11014.405s][info][gc,phases   ] GC(2432)   Post Evacuate Collection Set: 1.8ms
[2024-08-15T15:31:58.460+0000][11014.405s][info][gc,phases   ] GC(2432)   Other: 0.3ms
[2024-08-15T15:31:58.460+0000][11014.405s][info][gc,heap     ] GC(2432) Eden regions: 747->0(746)
[2024-08-15T15:31:58.460+0000][11014.405s][info][gc,heap     ] GC(2432) Survivor regions: 10->10(95)
[2024-08-15T15:31:58.460+0000][11014.405s][info][gc,heap     ] GC(2432) Old regions: 453->453
[2024-08-15T15:31:58.460+0000][11014.405s][info][gc,heap     ] GC(2432) Archive regions: 2->2
[2024-08-15T15:31:58.460+0000][11014.405s][info][gc,heap     ] GC(2432) Humongous regions: 5->5
[2024-08-15T15:31:58.460+0000][11014.405s][info][gc,metaspace] GC(2432) Metaspace: 442145K(448704K)->442145K(448704K) NonClass: 387256K(390976K)->387256K(390976K) Class: 54889K(57728K)->54889K(57728K)
[2024-08-15T15:31:58.460+0000][11014.405s][info][gc          ] GC(2432) Pause Young (Concurrent Start) (G1 Evacuation Pause) 9721M->3748M(12288M) 21.145ms
[2024-08-15T15:31:58.460+0000][11014.405s][info][gc,cpu      ] GC(2432) User=0.12s Sys=0.00s Real=0.02s
[2024-08-15T15:31:58.460+0000][11014.405s][info][gc          ] GC(2433) Concurrent Mark Cycle
[2024-08-15T15:31:58.460+0000][11014.405s][info][gc,marking  ] GC(2433) Concurrent Clear Claimed Marks
[2024-08-15T15:31:58.461+0000][11014.405s][info][gc,marking  ] GC(2433) Concurrent Clear Claimed Marks 0.388ms
[2024-08-15T15:31:58.461+0000][11014.405s][info][gc,marking  ] GC(2433) Concurrent Scan Root Regions
[2024-08-15T15:31:58.481+0000][11014.426s][info][gc,marking  ] GC(2433) Concurrent Scan Root Regions 20.429ms
[2024-08-15T15:31:58.481+0000][11014.426s][info][gc,marking  ] GC(2433) Concurrent Mark
[2024-08-15T15:31:58.481+0000][11014.426s][info][gc,marking  ] GC(2433) Concurrent Mark From Roots
[2024-08-15T15:31:58.481+0000][11014.426s][info][gc,task     ] GC(2433) Using 2 workers of 2 for marking
[2024-08-15T15:32:01.757+0000][11017.701s][info][gc,marking  ] GC(2433) Concurrent Mark From Roots 3275.384ms
[2024-08-15T15:32:01.757+0000][11017.701s][info][gc,marking  ] GC(2433) Concurrent Preclean
[2024-08-15T15:32:01.758+0000][11017.703s][info][gc,marking  ] GC(2433) Concurrent Preclean 1.642ms
[2024-08-15T15:32:01.803+0000][11017.747s][info][gc,start    ] GC(2433) Pause Remark
[2024-08-15T15:32:01.826+0000][11017.771s][info][gc          ] GC(2433) Pause Remark 6952M->6952M(12288M) 23.597ms
[2024-08-15T15:32:01.827+0000][11017.771s][info][gc,cpu      ] GC(2433) User=0.10s Sys=0.00s Real=0.03s
[2024-08-15T15:32:01.827+0000][11017.771s][info][gc,marking  ] GC(2433) Concurrent Mark 3345.402ms
[2024-08-15T15:32:01.827+0000][11017.771s][info][gc,marking  ] GC(2433) Concurrent Rebuild Remembered Sets
[2024-08-15T15:32:03.636+0000][11019.581s][info][gc,marking  ] GC(2433) Concurrent Rebuild Remembered Sets 1809.233ms
[2024-08-15T15:32:03.636+0000][11019.581s][info][gc,start    ] GC(2433) Pause Cleanup
[2024-08-15T15:32:03.637+0000][11019.581s][info][gc          ] GC(2433) Pause Cleanup 8750M->8750M(12288M) 0.671ms
[2024-08-15T15:32:03.637+0000][11019.581s][info][gc,cpu      ] GC(2433) User=0.00s Sys=0.00s Real=0.00s
[2024-08-15T15:32:03.637+0000][11019.582s][info][gc,marking  ] GC(2433) Concurrent Cleanup for Next Mark
[2024-08-15T15:32:03.655+0000][11019.599s][info][gc,marking  ] GC(2433) Concurrent Cleanup for Next Mark 17.650ms
[2024-08-15T15:32:03.655+0000][11019.599s][info][gc          ] GC(2433) Concurrent Mark Cycle 5194.284ms
[2024-08-15T15:32:04.387+0000][11020.332s][info][gc,start    ] GC(2434) Pause Young (Prepare Mixed) (G1 Evacuation Pause)
[2024-08-15T15:32:04.387+0000][11020.332s][info][gc,task     ] GC(2434) Using 6 workers of 6 for evacuation
[2024-08-15T15:32:04.415+0000][11020.359s][info][gc,phases   ] GC(2434)   Pre Evacuate Collection Set: 0.2ms
[2024-08-15T15:32:04.415+0000][11020.360s][info][gc,phases   ] GC(2434)   Merge Heap Roots: 0.4ms
[2024-08-15T15:32:04.415+0000][11020.360s][info][gc,phases   ] GC(2434)   Evacuate Collection Set: 25.0ms
[2024-08-15T15:32:04.415+0000][11020.360s][info][gc,phases   ] GC(2434)   Post Evacuate Collection Set: 1.8ms
[2024-08-15T15:32:04.415+0000][11020.360s][info][gc,phases   ] GC(2434)   Other: 0.2ms
[2024-08-15T15:32:04.415+0000][11020.360s][info][gc,heap     ] GC(2434) Eden regions: 746->0(64)
[2024-08-15T15:32:04.415+0000][11020.360s][info][gc,heap     ] GC(2434) Survivor regions: 10->12(95)
[2024-08-15T15:32:04.415+0000][11020.360s][info][gc,heap     ] GC(2434) Old regions: 453->453
[2024-08-15T15:32:04.415+0000][11020.360s][info][gc,heap     ] GC(2434) Archive regions: 2->2
[2024-08-15T15:32:04.415+0000][11020.360s][info][gc,heap     ] GC(2434) Humongous regions: 5->5
[2024-08-15T15:32:04.415+0000][11020.360s][info][gc,metaspace] GC(2434) Metaspace: 442148K(448704K)->442148K(448704K) NonClass: 387259K(390976K)->387259K(390976K) Class: 54889K(57728K)->54889K(57728K)
[2024-08-15T15:32:04.415+0000][11020.360s][info][gc          ] GC(2434) Pause Young (Prepare Mixed) (G1 Evacuation Pause) 9716M->3764M(12288M) 27.594ms
[2024-08-15T15:32:04.415+0000][11020.360s][info][gc,cpu      ] GC(2434) User=0.16s Sys=0.00s Real=0.02s
[2024-08-15T15:32:04.746+0000][11020.691s][info][gc,start    ] GC(2435) Pause Young (Mixed) (G1 Evacuation Pause)
[2024-08-15T15:32:04.746+0000][11020.691s][info][gc,task     ] GC(2435) Using 6 workers of 6 for evacuation
[2024-08-15T15:32:04.822+0000][11020.767s][info][gc,phases   ] GC(2435)   Pre Evacuate Collection Set: 0.2ms
[2024-08-15T15:32:04.823+0000][11020.767s][info][gc,phases   ] GC(2435)   Merge Heap Roots: 0.5ms
[2024-08-15T15:32:04.823+0000][11020.767s][info][gc,phases   ] GC(2435)   Evacuate Collection Set: 74.2ms
[2024-08-15T15:32:04.823+0000][11020.767s][info][gc,phases   ] GC(2435)   Post Evacuate Collection Set: 1.4ms
[2024-08-15T15:32:04.823+0000][11020.767s][info][gc,phases   ] GC(2435)   Other: 0.2ms
[2024-08-15T15:32:04.823+0000][11020.767s][info][gc,heap     ] GC(2435) Eden regions: 64->0(749)
[2024-08-15T15:32:04.823+0000][11020.767s][info][gc,heap     ] GC(2435) Survivor regions: 12->4(10)
[2024-08-15T15:32:04.823+0000][11020.767s][info][gc,heap     ] GC(2435) Old regions: 453->456
[2024-08-15T15:32:04.823+0000][11020.767s][info][gc,heap     ] GC(2435) Archive regions: 2->2
[2024-08-15T15:32:04.823+0000][11020.767s][info][gc,heap     ] GC(2435) Humongous regions: 5->5
[2024-08-15T15:32:04.823+0000][11020.767s][info][gc,metaspace] GC(2435) Metaspace: 442148K(448704K)->442148K(448704K) NonClass: 387259K(390976K)->387259K(390976K) Class: 54889K(57728K)->54889K(57728K)
[2024-08-15T15:32:04.823+0000][11020.767s][info][gc          ] GC(2435) Pause Young (Mixed) (G1 Evacuation Pause) 4276M->3719M(12288M) 76.426ms
[2024-08-15T15:32:04.823+0000][11020.767s][info][gc,cpu      ] GC(2435) User=0.46s Sys=0.00s Real=0.07s
[2024-08-15T15:32:08.482+0000][11024.427s][info][gc,start    ] GC(2436) Pause Young (Normal) (G1 Evacuation Pause)
[2024-08-15T15:32:08.482+0000][11024.427s][info][gc,task     ] GC(2436) Using 6 workers of 6 for evacuation
[2024-08-15T15:32:08.493+0000][11024.437s][info][gc,phases   ] GC(2436)   Pre Evacuate Collection Set: 0.2ms
[2024-08-15T15:32:08.493+0000][11024.437s][info][gc,phases   ] GC(2436)   Merge Heap Roots: 0.2ms
[2024-08-15T15:32:08.493+0000][11024.437s][info][gc,phases   ] GC(2436)   Evacuate Collection Set: 8.7ms
[2024-08-15T15:32:08.493+0000][11024.437s][info][gc,phases   ] GC(2436)   Post Evacuate Collection Set: 1.6ms
[2024-08-15T15:32:08.493+0000][11024.437s][info][gc,phases   ] GC(2436)   Other: 0.2ms
[2024-08-15T15:32:08.493+0000][11024.437s][info][gc,heap     ] GC(2436) Eden regions: 749->0(748)
[2024-08-15T15:32:08.493+0000][11024.437s][info][gc,heap     ] GC(2436) Survivor regions: 4->5(95)
[2024-08-15T15:32:08.493+0000][11024.437s][info][gc,heap     ] GC(2436) Old regions: 456->456
[2024-08-15T15:32:08.493+0000][11024.437s][info][gc,heap     ] GC(2436) Archive regions: 2->2
[2024-08-15T15:32:08.493+0000][11024.437s][info][gc,heap     ] GC(2436) Humongous regions: 5->5
[2024-08-15T15:32:08.493+0000][11024.437s][info][gc,metaspace] GC(2436) Metaspace: 442148K(448704K)->442148K(448704K) NonClass: 387259K(390976K)->387259K(390976K) Class: 54889K(57728K)->54889K(57728K)
[2024-08-15T15:32:08.493+0000][11024.438s][info][gc          ] GC(2436) Pause Young (Normal) (G1 Evacuation Pause) 9711M->3725M(12288M) 10.947ms
[2024-08-15T15:32:08.493+0000][11024.438s][info][gc,cpu      ] GC(2436) User=0.05s Sys=0.01s Real=0.01s
[2024-08-15T15:32:12.160+0000][11028.105s][info][gc,start    ] GC(2437) Pause Young (Normal) (G1 Evacuation Pause)
[2024-08-15T15:32:12.160+0000][11028.105s][info][gc,task     ] GC(2437) Using 6 workers of 6 for evacuation
[2024-08-15T15:32:12.173+0000][11028.117s][info][gc,phases   ] GC(2437)   Pre Evacuate Collection Set: 0.2ms
[2024-08-15T15:32:12.173+0000][11028.117s][info][gc,phases   ] GC(2437)   Merge Heap Roots: 0.2ms
[2024-08-15T15:32:12.173+0000][11028.117s][info][gc,phases   ] GC(2437)   Evacuate Collection Set: 10.4ms
[2024-08-15T15:32:12.173+0000][11028.117s][info][gc,phases   ] GC(2437)   Post Evacuate Collection Set: 1.8ms
[2024-08-15T15:32:12.173+0000][11028.117s][info][gc,phases   ] GC(2437)   Other: 0.2ms
[2024-08-15T15:32:12.173+0000][11028.117s][info][gc,heap     ] GC(2437) Eden regions: 748->0(747)
[2024-08-15T15:32:12.173+0000][11028.117s][info][gc,heap     ] GC(2437) Survivor regions: 5->7(95)
[2024-08-15T15:32:12.173+0000][11028.117s][info][gc,heap     ] GC(2437) Old regions: 456->456
[2024-08-15T15:32:12.173+0000][11028.117s][info][gc,heap     ] GC(2437) Archive regions: 2->2
[2024-08-15T15:32:12.173+0000][11028.117s][info][gc,heap     ] GC(2437) Humongous regions: 5->5
[2024-08-15T15:32:12.173+0000][11028.117s][info][gc,metaspace] GC(2437) Metaspace: 442148K(448704K)->442148K(448704K) NonClass: 387259K(390976K)->387259K(390976K) Class: 54889K(57728K)->54889K(57728K)
[2024-08-15T15:32:12.173+0000][11028.117s][info][gc          ] GC(2437) Pause Young (Normal) (G1 Evacuation Pause) 9709M->3736M(12288M) 12.821ms
[2024-08-15T15:32:12.173+0000][11028.118s][info][gc,cpu      ] GC(2437) User=0.08s Sys=0.00s Real=0.01s
[2024-08-15T15:32:15.740+0000][11031.684s][info][gc,start    ] GC(2438) Pause Young (Concurrent Start) (G1 Evacuation Pause)
[2024-08-15T15:32:15.740+0000][11031.684s][info][gc,task     ] GC(2438) Using 6 workers of 6 for evacuation
[2024-08-15T15:32:15.755+0000][11031.699s][info][gc,phases   ] GC(2438)   Pre Evacuate Collection Set: 0.6ms
[2024-08-15T15:32:15.755+0000][11031.699s][info][gc,phases   ] GC(2438)   Merge Heap Roots: 0.2ms
[2024-08-15T15:32:15.755+0000][11031.699s][info][gc,phases   ] GC(2438)   Evacuate Collection Set: 12.3ms
[2024-08-15T15:32:15.755+0000][11031.699s][info][gc,phases   ] GC(2438)   Post Evacuate Collection Set: 1.7ms
[2024-08-15T15:32:15.755+0000][11031.699s][info][gc,phases   ] GC(2438)   Other: 0.3ms
[2024-08-15T15:32:15.755+0000][11031.699s][info][gc,heap     ] GC(2438) Eden regions: 747->0(746)
[2024-08-15T15:32:15.755+0000][11031.699s][info][gc,heap     ] GC(2438) Survivor regions: 7->8(95)
[2024-08-15T15:32:15.755+0000][11031.699s][info][gc,heap     ] GC(2438) Old regions: 456->456
[2024-08-15T15:32:15.755+0000][11031.699s][info][gc,heap     ] GC(2438) Archive regions: 2->2
[2024-08-15T15:32:15.755+0000][11031.699s][info][gc,heap     ] GC(2438) Humongous regions: 5->5
[2024-08-15T15:32:15.755+0000][11031.699s][info][gc,metaspace] GC(2438) Metaspace: 442148K(448704K)->442148K(448704K) NonClass: 387259K(390976K)->387259K(390976K) Class: 54889K(57728K)->54889K(57728K)
[2024-08-15T15:32:15.755+0000][11031.699s][info][gc          ] GC(2438) Pause Young (Concurrent Start) (G1 Evacuation Pause) 9712M->3746M(12288M) 15.147ms
[2024-08-15T15:32:15.755+0000][11031.700s][info][gc,cpu      ] GC(2438) User=0.09s Sys=0.00s Real=0.01s
[2024-08-15T15:32:15.755+0000][11031.700s][info][gc          ] GC(2439) Concurrent Mark Cycle
[2024-08-15T15:32:15.755+0000][11031.700s][info][gc,marking  ] GC(2439) Concurrent Clear Claimed Marks
[2024-08-15T15:32:15.755+0000][11031.700s][info][gc,marking  ] GC(2439) Concurrent Clear Claimed Marks 0.396ms
[2024-08-15T15:32:15.755+0000][11031.700s][info][gc,marking  ] GC(2439) Concurrent Scan Root Regions
[2024-08-15T15:32:15.767+0000][11031.711s][info][gc,marking  ] GC(2439) Concurrent Scan Root Regions 11.424ms
[2024-08-15T15:32:15.767+0000][11031.711s][info][gc,marking  ] GC(2439) Concurrent Mark
[2024-08-15T15:32:15.767+0000][11031.711s][info][gc,marking  ] GC(2439) Concurrent Mark From Roots
[2024-08-15T15:32:15.767+0000][11031.711s][info][gc,task     ] GC(2439) Using 2 workers of 2 for marking
[2024-08-15T15:32:18.881+0000][11034.825s][info][gc,marking  ] GC(2439) Concurrent Mark From Roots 3113.814ms
[2024-08-15T15:32:18.881+0000][11034.825s][info][gc,marking  ] GC(2439) Concurrent Preclean
[2024-08-15T15:32:18.882+0000][11034.827s][info][gc,marking  ] GC(2439) Concurrent Preclean 1.777ms
[2024-08-15T15:32:18.883+0000][11034.827s][info][gc,start    ] GC(2439) Pause Remark
[2024-08-15T15:32:18.906+0000][11034.851s][info][gc          ] GC(2439) Pause Remark 9006M->9006M(12288M) 23.622ms
[2024-08-15T15:32:18.906+0000][11034.851s][info][gc,cpu      ] GC(2439) User=0.10s Sys=0.00s Real=0.03s
[2024-08-15T15:32:18.908+0000][11034.852s][info][gc,marking  ] GC(2439) Concurrent Mark 3140.895ms
[2024-08-15T15:32:18.908+0000][11034.852s][info][gc,marking  ] GC(2439) Concurrent Rebuild Remembered Sets
[2024-08-15T15:32:19.277+0000][11035.221s][info][gc,start    ] GC(2440) Pause Young (Normal) (G1 Evacuation Pause)
[2024-08-15T15:32:19.277+0000][11035.221s][info][gc,task     ] GC(2440) Using 6 workers of 6 for evacuation
[2024-08-15T15:32:19.294+0000][11035.238s][info][gc,phases   ] GC(2440)   Pre Evacuate Collection Set: 0.2ms
[2024-08-15T15:32:19.294+0000][11035.238s][info][gc,phases   ] GC(2440)   Merge Heap Roots: 0.3ms
[2024-08-15T15:32:19.294+0000][11035.238s][info][gc,phases   ] GC(2440)   Evacuate Collection Set: 14.6ms
[2024-08-15T15:32:19.294+0000][11035.238s][info][gc,phases   ] GC(2440)   Post Evacuate Collection Set: 1.7ms
[2024-08-15T15:32:19.294+0000][11035.238s][info][gc,phases   ] GC(2440)   Other: 0.2ms
[2024-08-15T15:32:19.294+0000][11035.238s][info][gc,heap     ] GC(2440) Eden regions: 746->0(746)
[2024-08-15T15:32:19.294+0000][11035.238s][info][gc,heap     ] GC(2440) Survivor regions: 8->9(95)
[2024-08-15T15:32:19.294+0000][11035.238s][info][gc,heap     ] GC(2440) Old regions: 456->456
[2024-08-15T15:32:19.294+0000][11035.238s][info][gc,heap     ] GC(2440) Archive regions: 2->2
[2024-08-15T15:32:19.294+0000][11035.238s][info][gc,heap     ] GC(2440) Humongous regions: 5->5
[2024-08-15T15:32:19.294+0000][11035.238s][info][gc,metaspace] GC(2440) Metaspace: 442148K(448704K)->442148K(448704K) NonClass: 387259K(390976K)->387259K(390976K) Class: 54889K(57728K)->54889K(57728K)
[2024-08-15T15:32:19.294+0000][11035.238s][info][gc          ] GC(2440) Pause Young (Normal) (G1 Evacuation Pause) 9714M->3754M(12288M) 17.064ms
[2024-08-15T15:32:19.294+0000][11035.238s][info][gc,cpu      ] GC(2440) User=0.09s Sys=0.00s Real=0.01s
[2024-08-15T15:32:20.818+0000][11036.763s][info][gc,marking  ] GC(2439) Concurrent Rebuild Remembered Sets 1910.121ms
[2024-08-15T15:32:20.818+0000][11036.763s][info][gc,start    ] GC(2439) Pause Cleanup
[2024-08-15T15:32:20.819+0000][11036.763s][info][gc          ] GC(2439) Pause Cleanup 5730M->5730M(12288M) 0.604ms
[2024-08-15T15:32:20.819+0000][11036.763s][info][gc,cpu      ] GC(2439) User=0.00s Sys=0.00s Real=0.00s
[2024-08-15T15:32:20.819+0000][11036.763s][info][gc,marking  ] GC(2439) Concurrent Cleanup for Next Mark
[2024-08-15T15:32:20.835+0000][11036.780s][info][gc,marking  ] GC(2439) Concurrent Cleanup for Next Mark 16.704ms
[2024-08-15T15:32:20.836+0000][11036.780s][info][gc          ] GC(2439) Concurrent Mark Cycle 5080.585ms
[2024-08-15T15:32:24.253+0000][11040.198s][info][gc,start    ] GC(2441) Pause Young (Prepare Mixed) (G1 Evacuation Pause)
[2024-08-15T15:32:24.253+0000][11040.198s][info][gc,task     ] GC(2441) Using 6 workers of 6 for evacuation
[2024-08-15T15:32:24.272+0000][11040.217s][info][gc,phases   ] GC(2441)   Pre Evacuate Collection Set: 0.2ms
[2024-08-15T15:32:24.273+0000][11040.217s][info][gc,phases   ] GC(2441)   Merge Heap Roots: 0.3ms
[2024-08-15T15:32:24.273+0000][11040.217s][info][gc,phases   ] GC(2441)   Evacuate Collection Set: 16.8ms
[2024-08-15T15:32:24.273+0000][11040.217s][info][gc,phases   ] GC(2441)   Post Evacuate Collection Set: 1.8ms
[2024-08-15T15:32:24.273+0000][11040.217s][info][gc,phases   ] GC(2441)   Other: 0.2ms
[2024-08-15T15:32:24.273+0000][11040.217s][info][gc,heap     ] GC(2441) Eden regions: 746->0(69)
[2024-08-15T15:32:24.273+0000][11040.217s][info][gc,heap     ] GC(2441) Survivor regions: 9->7(95)
[2024-08-15T15:32:24.273+0000][11040.217s][info][gc,heap     ] GC(2441) Old regions: 456->456
[2024-08-15T15:32:24.273+0000][11040.217s][info][gc,heap     ] GC(2441) Archive regions: 2->2
[2024-08-15T15:32:24.273+0000][11040.217s][info][gc,heap     ] GC(2441) Humongous regions: 5->5
[2024-08-15T15:32:24.273+0000][11040.217s][info][gc,metaspace] GC(2441) Metaspace: 442148K(448704K)->442148K(448704K) NonClass: 387259K(390976K)->387259K(390976K) Class: 54889K(57728K)->54889K(57728K)
[2024-08-15T15:32:24.273+0000][11040.217s][info][gc          ] GC(2441) Pause Young (Prepare Mixed) (G1 Evacuation Pause) 9722M->3743M(12288M) 19.313ms
[2024-08-15T15:32:24.273+0000][11040.217s][info][gc,cpu      ] GC(2441) User=0.11s Sys=0.00s Real=0.02s
[2024-08-15T15:32:24.719+0000][11040.664s][info][gc,start    ] GC(2442) Pause Young (Mixed) (G1 Evacuation Pause)
[2024-08-15T15:32:24.719+0000][11040.664s][info][gc,task     ] GC(2442) Using 6 workers of 6 for evacuation
[2024-08-15T15:32:24.784+0000][11040.729s][info][gc,phases   ] GC(2442)   Pre Evacuate Collection Set: 0.2ms
[2024-08-15T15:32:24.784+0000][11040.729s][info][gc,phases   ] GC(2442)   Merge Heap Roots: 0.4ms
[2024-08-15T15:32:24.784+0000][11040.729s][info][gc,phases   ] GC(2442)   Evacuate Collection Set: 63.1ms
[2024-08-15T15:32:24.784+0000][11040.729s][info][gc,phases   ] GC(2442)   Post Evacuate Collection Set: 1.4ms
[2024-08-15T15:32:24.784+0000][11040.729s][info][gc,phases   ] GC(2442)   Other: 0.2ms
[2024-08-15T15:32:24.784+0000][11040.729s][info][gc,heap     ] GC(2442) Eden regions: 69->0(752)
[2024-08-15T15:32:24.784+0000][11040.729s][info][gc,heap     ] GC(2442) Survivor regions: 7->6(10)
[2024-08-15T15:32:24.784+0000][11040.729s][info][gc,heap     ] GC(2442) Old regions: 456->452
[2024-08-15T15:32:24.784+0000][11040.729s][info][gc,heap     ] GC(2442) Archive regions: 2->2
[2024-08-15T15:32:24.784+0000][11040.729s][info][gc,heap     ] GC(2442) Humongous regions: 5->5
[2024-08-15T15:32:24.784+0000][11040.729s][info][gc,metaspace] GC(2442) Metaspace: 442148K(448704K)->442148K(448704K) NonClass: 387259K(390976K)->387259K(390976K) Class: 54889K(57728K)->54889K(57728K)
[2024-08-15T15:32:24.784+0000][11040.729s][info][gc          ] GC(2442) Pause Young (Mixed) (G1 Evacuation Pause) 4295M->3706M(12288M) 65.327ms
[2024-08-15T15:32:24.784+0000][11040.729s][info][gc,cpu      ] GC(2442) User=0.39s Sys=0.00s Real=0.07s
[2024-08-15T15:32:30.054+0000][11045.999s][info][gc,start    ] GC(2443) Pause Young (Normal) (G1 Evacuation Pause)
[2024-08-15T15:32:30.054+0000][11045.999s][info][gc,task     ] GC(2443) Using 6 workers of 6 for evacuation
[2024-08-15T15:32:30.071+0000][11046.015s][info][gc,phases   ] GC(2443)   Pre Evacuate Collection Set: 0.2ms
[2024-08-15T15:32:30.071+0000][11046.015s][info][gc,phases   ] GC(2443)   Merge Heap Roots: 0.3ms
[2024-08-15T15:32:30.071+0000][11046.015s][info][gc,phases   ] GC(2443)   Evacuate Collection Set: 14.3ms
[2024-08-15T15:32:30.071+0000][11046.015s][info][gc,phases   ] GC(2443)   Post Evacuate Collection Set: 1.7ms
[2024-08-15T15:32:30.071+0000][11046.015s][info][gc,phases   ] GC(2443)   Other: 0.2ms
[2024-08-15T15:32:30.071+0000][11046.015s][info][gc,heap     ] GC(2443) Eden regions: 752->0(750)
[2024-08-15T15:32:30.071+0000][11046.015s][info][gc,heap     ] GC(2443) Survivor regions: 6->8(95)
[2024-08-15T15:32:30.071+0000][11046.015s][info][gc,heap     ] GC(2443) Old regions: 452->452
[2024-08-15T15:32:30.071+0000][11046.015s][info][gc,heap     ] GC(2443) Archive regions: 2->2
[2024-08-15T15:32:30.071+0000][11046.015s][info][gc,heap     ] GC(2443) Humongous regions: 5->5
[2024-08-15T15:32:30.071+0000][11046.015s][info][gc,metaspace] GC(2443) Metaspace: 442149K(448704K)->442149K(448704K) NonClass: 387260K(390976K)->387260K(390976K) Class: 54889K(57728K)->54889K(57728K)
[2024-08-15T15:32:30.071+0000][11046.015s][info][gc          ] GC(2443) Pause Young (Normal) (G1 Evacuation Pause) 9722M->3720M(12288M) 16.708ms
[2024-08-15T15:32:30.071+0000][11046.016s][info][gc,cpu      ] GC(2443) User=0.10s Sys=0.00s Real=0.02s
[2024-08-15T15:32:34.832+0000][11050.777s][info][gc,start    ] GC(2444) Pause Young (Normal) (G1 Evacuation Pause)
[2024-08-15T15:32:34.832+0000][11050.777s][info][gc,task     ] GC(2444) Using 6 workers of 6 for evacuation
[2024-08-15T15:32:34.852+0000][11050.797s][info][gc,phases   ] GC(2444)   Pre Evacuate Collection Set: 0.2ms
[2024-08-15T15:32:34.852+0000][11050.797s][info][gc,phases   ] GC(2444)   Merge Heap Roots: 0.3ms
[2024-08-15T15:32:34.852+0000][11050.797s][info][gc,phases   ] GC(2444)   Evacuate Collection Set: 17.1ms
[2024-08-15T15:32:34.852+0000][11050.797s][info][gc,phases   ] GC(2444)   Post Evacuate Collection Set: 1.8ms
[2024-08-15T15:32:34.852+0000][11050.797s][info][gc,phases   ] GC(2444)   Other: 0.2ms
[2024-08-15T15:32:34.852+0000][11050.797s][info][gc,heap     ] GC(2444) Eden regions: 750->0(749)
[2024-08-15T15:32:34.852+0000][11050.797s][info][gc,heap     ] GC(2444) Survivor regions: 8->9(95)
[2024-08-15T15:32:34.852+0000][11050.797s][info][gc,heap     ] GC(2444) Old regions: 452->452
[2024-08-15T15:32:34.852+0000][11050.797s][info][gc,heap     ] GC(2444) Archive regions: 2->2
[2024-08-15T15:32:34.852+0000][11050.797s][info][gc,heap     ] GC(2444) Humongous regions: 5->5
[2024-08-15T15:32:34.852+0000][11050.797s][info][gc,metaspace] GC(2444) Metaspace: 442149K(448704K)->442149K(448704K) NonClass: 387260K(390976K)->387260K(390976K) Class: 54889K(57728K)->54889K(57728K)
[2024-08-15T15:32:34.852+0000][11050.797s][info][gc          ] GC(2444) Pause Young (Normal) (G1 Evacuation Pause) 9720M->3730M(12288M) 19.644ms
[2024-08-15T15:32:34.852+0000][11050.797s][info][gc,cpu      ] GC(2444) User=0.11s Sys=0.00s Real=0.02s
[2024-08-15T15:32:40.112+0000][11056.057s][info][gc,start    ] GC(2445) Pause Young (Concurrent Start) (G1 Evacuation Pause)
[2024-08-15T15:32:40.112+0000][11056.057s][info][gc,task     ] GC(2445) Using 6 workers of 6 for evacuation
[2024-08-15T15:32:40.133+0000][11056.078s][info][gc,phases   ] GC(2445)   Pre Evacuate Collection Set: 0.6ms
[2024-08-15T15:32:40.133+0000][11056.078s][info][gc,phases   ] GC(2445)   Merge Heap Roots: 0.2ms
[2024-08-15T15:32:40.133+0000][11056.078s][info][gc,phases   ] GC(2445)   Evacuate Collection Set: 18.0ms
[2024-08-15T15:32:40.133+0000][11056.078s][info][gc,phases   ] GC(2445)   Post Evacuate Collection Set: 1.9ms
[2024-08-15T15:32:40.133+0000][11056.078s][info][gc,phases   ] GC(2445)   Other: 0.3ms
[2024-08-15T15:32:40.133+0000][11056.078s][info][gc,heap     ] GC(2445) Eden regions: 749->0(749)
[2024-08-15T15:32:40.133+0000][11056.078s][info][gc,heap     ] GC(2445) Survivor regions: 9->9(95)
[2024-08-15T15:32:40.133+0000][11056.078s][info][gc,heap     ] GC(2445) Old regions: 452->452
[2024-08-15T15:32:40.133+0000][11056.078s][info][gc,heap     ] GC(2445) Archive regions: 2->2
[2024-08-15T15:32:40.133+0000][11056.078s][info][gc,heap     ] GC(2445) Humongous regions: 5->5
[2024-08-15T15:32:40.133+0000][11056.078s][info][gc,metaspace] GC(2445) Metaspace: 442150K(448704K)->442150K(448704K) NonClass: 387261K(390976K)->387261K(390976K) Class: 54889K(57728K)->54889K(57728K)
[2024-08-15T15:32:40.133+0000][11056.078s][info][gc          ] GC(2445) Pause Young (Concurrent Start) (G1 Evacuation Pause) 9722M->3730M(12288M) 20.965ms
[2024-08-15T15:32:40.133+0000][11056.078s][info][gc,cpu      ] GC(2445) User=0.12s Sys=0.01s Real=0.02s
[2024-08-15T15:32:40.133+0000][11056.078s][info][gc          ] GC(2446) Concurrent Mark Cycle
[2024-08-15T15:32:40.133+0000][11056.078s][info][gc,marking  ] GC(2446) Concurrent Clear Claimed Marks
[2024-08-15T15:32:40.134+0000][11056.078s][info][gc,marking  ] GC(2446) Concurrent Clear Claimed Marks 0.390ms
[2024-08-15T15:32:40.134+0000][11056.078s][info][gc,marking  ] GC(2446) Concurrent Scan Root Regions
[2024-08-15T15:32:40.159+0000][11056.104s][info][gc,marking  ] GC(2446) Concurrent Scan Root Regions 25.510ms
[2024-08-15T15:32:40.159+0000][11056.104s][info][gc,marking  ] GC(2446) Concurrent Mark
[2024-08-15T15:32:40.159+0000][11056.104s][info][gc,marking  ] GC(2446) Concurrent Mark From Roots
[2024-08-15T15:32:40.159+0000][11056.104s][info][gc,task     ] GC(2446) Using 2 workers of 2 for marking
[2024-08-15T15:32:43.330+0000][11059.274s][info][gc,marking  ] GC(2446) Concurrent Mark From Roots 3170.498ms
[2024-08-15T15:32:43.330+0000][11059.274s][info][gc,marking  ] GC(2446) Concurrent Preclean
[2024-08-15T15:32:43.331+0000][11059.276s][info][gc,marking  ] GC(2446) Concurrent Preclean 1.602ms
[2024-08-15T15:32:43.332+0000][11059.276s][info][gc,start    ] GC(2446) Pause Remark
[2024-08-15T15:32:43.355+0000][11059.299s][info][gc          ] GC(2446) Pause Remark 6522M->6522M(12288M) 23.315ms
[2024-08-15T15:32:43.355+0000][11059.300s][info][gc,cpu      ] GC(2446) User=0.10s Sys=0.00s Real=0.02s
[2024-08-15T15:32:43.355+0000][11059.300s][info][gc,marking  ] GC(2446) Concurrent Mark 3195.924ms
[2024-08-15T15:32:43.355+0000][11059.300s][info][gc,marking  ] GC(2446) Concurrent Rebuild Remembered Sets
[2024-08-15T15:32:45.228+0000][11061.173s][info][gc,marking  ] GC(2446) Concurrent Rebuild Remembered Sets 1873.117ms
[2024-08-15T15:32:45.228+0000][11061.173s][info][gc,start    ] GC(2446) Pause Cleanup
[2024-08-15T15:32:45.229+0000][11061.174s][info][gc          ] GC(2446) Pause Cleanup 8278M->8278M(12288M) 0.560ms
[2024-08-15T15:32:45.229+0000][11061.174s][info][gc,cpu      ] GC(2446) User=0.01s Sys=0.00s Real=0.00s
[2024-08-15T15:32:45.229+0000][11061.174s][info][gc,marking  ] GC(2446) Concurrent Cleanup for Next Mark
[2024-08-15T15:32:45.247+0000][11061.192s][info][gc,marking  ] GC(2446) Concurrent Cleanup for Next Mark 18.351ms
[2024-08-15T15:32:45.248+0000][11061.192s][info][gc          ] GC(2446) Concurrent Mark Cycle 5114.368ms
[2024-08-15T15:32:46.503+0000][11062.448s][info][gc,start    ] GC(2447) Pause Young (Prepare Mixed) (G1 Evacuation Pause)
[2024-08-15T15:32:46.503+0000][11062.448s][info][gc,task     ] GC(2447) Using 6 workers of 6 for evacuation
[2024-08-15T15:32:46.529+0000][11062.473s][info][gc,phases   ] GC(2447)   Pre Evacuate Collection Set: 0.2ms
[2024-08-15T15:32:46.529+0000][11062.473s][info][gc,phases   ] GC(2447)   Merge Heap Roots: 0.3ms
[2024-08-15T15:32:46.529+0000][11062.473s][info][gc,phases   ] GC(2447)   Evacuate Collection Set: 23.1ms
[2024-08-15T15:32:46.529+0000][11062.473s][info][gc,phases   ] GC(2447)   Post Evacuate Collection Set: 1.7ms
[2024-08-15T15:32:46.529+0000][11062.473s][info][gc,phases   ] GC(2447)   Other: 0.2ms
[2024-08-15T15:32:46.529+0000][11062.473s][info][gc,heap     ] GC(2447) Eden regions: 749->0(65)
[2024-08-15T15:32:46.529+0000][11062.473s][info][gc,heap     ] GC(2447) Survivor regions: 9->11(95)
[2024-08-15T15:32:46.529+0000][11062.473s][info][gc,heap     ] GC(2447) Old regions: 452->452
[2024-08-15T15:32:46.529+0000][11062.473s][info][gc,heap     ] GC(2447) Archive regions: 2->2
[2024-08-15T15:32:46.529+0000][11062.473s][info][gc,heap     ] GC(2447) Humongous regions: 5->5
[2024-08-15T15:32:46.529+0000][11062.473s][info][gc,metaspace] GC(2447) Metaspace: 442150K(448704K)->442150K(448704K) NonClass: 387261K(390976K)->387261K(390976K) Class: 54889K(57728K)->54889K(57728K)
[2024-08-15T15:32:46.529+0000][11062.473s][info][gc          ] GC(2447) Pause Young (Prepare Mixed) (G1 Evacuation Pause) 9722M->3746M(12288M) 25.662ms
[2024-08-15T15:32:46.529+0000][11062.473s][info][gc,cpu      ] GC(2447) User=0.15s Sys=0.00s Real=0.03s
[2024-08-15T15:32:46.985+0000][11062.929s][info][gc,start    ] GC(2448) Pause Young (Mixed) (G1 Evacuation Pause)
[2024-08-15T15:32:46.985+0000][11062.929s][info][gc,task     ] GC(2448) Using 6 workers of 6 for evacuation
[2024-08-15T15:32:47.053+0000][11062.997s][info][gc,phases   ] GC(2448)   Pre Evacuate Collection Set: 0.2ms
[2024-08-15T15:32:47.053+0000][11062.997s][info][gc,phases   ] GC(2448)   Merge Heap Roots: 0.3ms
[2024-08-15T15:32:47.053+0000][11062.997s][info][gc,phases   ] GC(2448)   Evacuate Collection Set: 66.0ms
[2024-08-15T15:32:47.053+0000][11062.997s][info][gc,phases   ] GC(2448)   Post Evacuate Collection Set: 1.3ms
[2024-08-15T15:32:47.053+0000][11062.997s][info][gc,phases   ] GC(2448)   Other: 0.2ms
[2024-08-15T15:32:47.053+0000][11062.997s][info][gc,heap     ] GC(2448) Eden regions: 65->0(750)
[2024-08-15T15:32:47.053+0000][11062.997s][info][gc,heap     ] GC(2448) Survivor regions: 11->5(10)
[2024-08-15T15:32:47.053+0000][11062.997s][info][gc,heap     ] GC(2448) Old regions: 452->455
[2024-08-15T15:32:47.053+0000][11062.997s][info][gc,heap     ] GC(2448) Archive regions: 2->2
[2024-08-15T15:32:47.053+0000][11062.997s][info][gc,heap     ] GC(2448) Humongous regions: 5->5
[2024-08-15T15:32:47.053+0000][11062.997s][info][gc,metaspace] GC(2448) Metaspace: 442150K(448704K)->442150K(448704K) NonClass: 387261K(390976K)->387261K(390976K) Class: 54889K(57728K)->54889K(57728K)
[2024-08-15T15:32:47.053+0000][11062.997s][info][gc          ] GC(2448) Pause Young (Mixed) (G1 Evacuation Pause) 4266M->3715M(12288M) 68.008ms
[2024-08-15T15:32:47.053+0000][11062.997s][info][gc,cpu      ] GC(2448) User=0.40s Sys=0.00s Real=0.06s
[2024-08-15T15:32:52.320+0000][11068.264s][info][gc,start    ] GC(2449) Pause Young (Normal) (G1 Evacuation Pause)
[2024-08-15T15:32:52.320+0000][11068.264s][info][gc,task     ] GC(2449) Using 6 workers of 6 for evacuation
[2024-08-15T15:32:52.331+0000][11068.276s][info][gc,phases   ] GC(2449)   Pre Evacuate Collection Set: 0.2ms
[2024-08-15T15:32:52.331+0000][11068.276s][info][gc,phases   ] GC(2449)   Merge Heap Roots: 0.3ms
[2024-08-15T15:32:52.331+0000][11068.276s][info][gc,phases   ] GC(2449)   Evacuate Collection Set: 9.1ms
[2024-08-15T15:32:52.331+0000][11068.276s][info][gc,phases   ] GC(2449)   Post Evacuate Collection Set: 1.7ms
[2024-08-15T15:32:52.331+0000][11068.276s][info][gc,phases   ] GC(2449)   Other: 0.2ms
[2024-08-15T15:32:52.331+0000][11068.276s][info][gc,heap     ] GC(2449) Eden regions: 750->0(750)
[2024-08-15T15:32:52.331+0000][11068.276s][info][gc,heap     ] GC(2449) Survivor regions: 5->5(95)
[2024-08-15T15:32:52.331+0000][11068.276s][info][gc,heap     ] GC(2449) Old regions: 455->455
[2024-08-15T15:32:52.331+0000][11068.276s][info][gc,heap     ] GC(2449) Archive regions: 2->2
[2024-08-15T15:32:52.331+0000][11068.276s][info][gc,heap     ] GC(2449) Humongous regions: 5->5
[2024-08-15T15:32:52.331+0000][11068.276s][info][gc,metaspace] GC(2449) Metaspace: 442150K(448704K)->442150K(448704K) NonClass: 387261K(390976K)->387261K(390976K) Class: 54889K(57728K)->54889K(57728K)
[2024-08-15T15:32:52.331+0000][11068.276s][info][gc          ] GC(2449) Pause Young (Normal) (G1 Evacuation Pause) 9715M->3717M(12288M) 11.541ms
[2024-08-15T15:32:52.331+0000][11068.276s][info][gc,cpu      ] GC(2449) User=0.06s Sys=0.00s Real=0.01s
[2024-08-15T15:32:57.775+0000][11073.720s][info][gc,start    ] GC(2450) Pause Young (Normal) (G1 Evacuation Pause)
[2024-08-15T15:32:57.775+0000][11073.720s][info][gc,task     ] GC(2450) Using 6 workers of 6 for evacuation
[2024-08-15T15:32:57.790+0000][11073.734s][info][gc,phases   ] GC(2450)   Pre Evacuate Collection Set: 0.2ms
[2024-08-15T15:32:57.790+0000][11073.734s][info][gc,phases   ] GC(2450)   Merge Heap Roots: 0.2ms
[2024-08-15T15:32:57.790+0000][11073.734s][info][gc,phases   ] GC(2450)   Evacuate Collection Set: 12.2ms
[2024-08-15T15:32:57.790+0000][11073.734s][info][gc,phases   ] GC(2450)   Post Evacuate Collection Set: 1.7ms
[2024-08-15T15:32:57.790+0000][11073.734s][info][gc,phases   ] GC(2450)   Other: 0.2ms
[2024-08-15T15:32:57.790+0000][11073.734s][info][gc,heap     ] GC(2450) Eden regions: 750->0(747)
[2024-08-15T15:32:57.790+0000][11073.734s][info][gc,heap     ] GC(2450) Survivor regions: 5->8(95)
[2024-08-15T15:32:57.790+0000][11073.734s][info][gc,heap     ] GC(2450) Old regions: 455->455
[2024-08-15T15:32:57.790+0000][11073.734s][info][gc,heap     ] GC(2450) Archive regions: 2->2
[2024-08-15T15:32:57.790+0000][11073.734s][info][gc,heap     ] GC(2450) Humongous regions: 5->5
[2024-08-15T15:32:57.790+0000][11073.734s][info][gc,metaspace] GC(2450) Metaspace: 442150K(448704K)->442150K(448704K) NonClass: 387261K(390976K)->387261K(390976K) Class: 54889K(57728K)->54889K(57728K)
[2024-08-15T15:32:57.790+0000][11073.734s][info][gc          ] GC(2450) Pause Young (Normal) (G1 Evacuation Pause) 9717M->3738M(12288M) 14.514ms
[2024-08-15T15:32:57.790+0000][11073.734s][info][gc,cpu      ] GC(2450) User=0.08s Sys=0.00s Real=0.01s
[2024-08-15T15:33:02.915+0000][11078.860s][info][gc,start    ] GC(2451) Pause Young (Concurrent Start) (G1 Evacuation Pause)
[2024-08-15T15:33:02.915+0000][11078.860s][info][gc,task     ] GC(2451) Using 6 workers of 6 for evacuation
[2024-08-15T15:33:02.938+0000][11078.883s][info][gc,phases   ] GC(2451)   Pre Evacuate Collection Set: 0.6ms
[2024-08-15T15:33:02.938+0000][11078.883s][info][gc,phases   ] GC(2451)   Merge Heap Roots: 0.2ms
[2024-08-15T15:33:02.938+0000][11078.883s][info][gc,phases   ] GC(2451)   Evacuate Collection Set: 20.1ms
[2024-08-15T15:33:02.938+0000][11078.883s][info][gc,phases   ] GC(2451)   Post Evacuate Collection Set: 1.7ms
[2024-08-15T15:33:02.938+0000][11078.883s][info][gc,phases   ] GC(2451)   Other: 0.3ms
[2024-08-15T15:33:02.938+0000][11078.883s][info][gc,heap     ] GC(2451) Eden regions: 747->0(744)
[2024-08-15T15:33:02.938+0000][11078.883s][info][gc,heap     ] GC(2451) Survivor regions: 8->9(95)
[2024-08-15T15:33:02.938+0000][11078.883s][info][gc,heap     ] GC(2451) Old regions: 455->455
[2024-08-15T15:33:02.938+0000][11078.883s][info][gc,heap     ] GC(2451) Archive regions: 2->2
[2024-08-15T15:33:02.938+0000][11078.883s][info][gc,heap     ] GC(2451) Humongous regions: 5->5
[2024-08-15T15:33:02.938+0000][11078.883s][info][gc,metaspace] GC(2451) Metaspace: 442150K(448704K)->442150K(448704K) NonClass: 387261K(390976K)->387261K(390976K) Class: 54889K(57728K)->54889K(57728K)
[2024-08-15T15:33:02.938+0000][11078.883s][info][gc          ] GC(2451) Pause Young (Concurrent Start) (G1 Evacuation Pause) 9714M->3752M(12288M) 22.959ms
[2024-08-15T15:33:02.938+0000][11078.883s][info][gc,cpu      ] GC(2451) User=0.13s Sys=0.00s Real=0.02s
[2024-08-15T15:33:02.938+0000][11078.883s][info][gc          ] GC(2452) Concurrent Mark Cycle
[2024-08-15T15:33:02.938+0000][11078.883s][info][gc,marking  ] GC(2452) Concurrent Clear Claimed Marks
[2024-08-15T15:33:02.939+0000][11078.883s][info][gc,marking  ] GC(2452) Concurrent Clear Claimed Marks 0.413ms
[2024-08-15T15:33:02.939+0000][11078.883s][info][gc,marking  ] GC(2452) Concurrent Scan Root Regions
[2024-08-15T15:33:02.979+0000][11078.924s][info][gc,marking  ] GC(2452) Concurrent Scan Root Regions 40.811ms
[2024-08-15T15:33:02.979+0000][11078.924s][info][gc,marking  ] GC(2452) Concurrent Mark
[2024-08-15T15:33:02.979+0000][11078.924s][info][gc,marking  ] GC(2452) Concurrent Mark From Roots
[2024-08-15T15:33:02.979+0000][11078.924s][info][gc,task     ] GC(2452) Using 2 workers of 2 for marking
[2024-08-15T15:33:05.766+0000][11081.710s][info][gc,start    ] GC(2453) Pause Young (Normal) (G1 Evacuation Pause)
[2024-08-15T15:33:05.766+0000][11081.710s][info][gc,task     ] GC(2453) Using 6 workers of 6 for evacuation
[2024-08-15T15:33:05.839+0000][11081.784s][info][gc,phases   ] GC(2453)   Pre Evacuate Collection Set: 0.2ms
[2024-08-15T15:33:05.839+0000][11081.784s][info][gc,phases   ] GC(2453)   Merge Heap Roots: 0.3ms
[2024-08-15T15:33:05.839+0000][11081.784s][info][gc,phases   ] GC(2453)   Evacuate Collection Set: 56.1ms
[2024-08-15T15:33:05.839+0000][11081.784s][info][gc,phases   ] GC(2453)   Post Evacuate Collection Set: 16.8ms
[2024-08-15T15:33:05.839+0000][11081.784s][info][gc,phases   ] GC(2453)   Other: 0.2ms
[2024-08-15T15:33:05.839+0000][11081.784s][info][gc,heap     ] GC(2453) Eden regions: 744->0(736)
[2024-08-15T15:33:05.839+0000][11081.784s][info][gc,heap     ] GC(2453) Survivor regions: 9->15(95)
[2024-08-15T15:33:05.839+0000][11081.784s][info][gc,heap     ] GC(2453) Old regions: 455->455
[2024-08-15T15:33:05.839+0000][11081.784s][info][gc,heap     ] GC(2453) Archive regions: 2->2
[2024-08-15T15:33:05.839+0000][11081.784s][info][gc,heap     ] GC(2453) Humongous regions: 5->5
[2024-08-15T15:33:05.839+0000][11081.784s][info][gc,metaspace] GC(2453) Metaspace: 442150K(448704K)->442150K(448704K) NonClass: 387261K(390976K)->387261K(390976K) Class: 54889K(57728K)->54889K(57728K)
[2024-08-15T15:33:05.839+0000][11081.784s][info][gc          ] GC(2453) Pause Young (Normal) (G1 Evacuation Pause) 9704M->3798M(12288M) 73.700ms
[2024-08-15T15:33:05.839+0000][11081.784s][info][gc,cpu      ] GC(2453) User=0.43s Sys=0.00s Real=0.07s
[2024-08-15T15:33:06.127+0000][11082.071s][info][gc,marking  ] GC(2452) Concurrent Mark From Roots 3147.200ms
[2024-08-15T15:33:06.127+0000][11082.071s][info][gc,marking  ] GC(2452) Concurrent Preclean
[2024-08-15T15:33:06.128+0000][11082.073s][info][gc,marking  ] GC(2452) Concurrent Preclean 1.756ms
[2024-08-15T15:33:06.129+0000][11082.073s][info][gc,start    ] GC(2452) Pause Remark
[2024-08-15T15:33:06.160+0000][11082.105s][info][gc          ] GC(2452) Pause Remark 4586M->4586M(12288M) 31.576ms
[2024-08-15T15:33:06.160+0000][11082.105s][info][gc,cpu      ] GC(2452) User=0.15s Sys=0.00s Real=0.03s
[2024-08-15T15:33:06.161+0000][11082.105s][info][gc,marking  ] GC(2452) Concurrent Mark 3181.094ms
[2024-08-15T15:33:06.161+0000][11082.105s][info][gc,marking  ] GC(2452) Concurrent Rebuild Remembered Sets
[2024-08-15T15:33:08.059+0000][11084.003s][info][gc,start    ] GC(2454) Pause Young (Normal) (G1 Evacuation Pause)
[2024-08-15T15:33:08.059+0000][11084.003s][info][gc,task     ] GC(2454) Using 6 workers of 6 for evacuation
[2024-08-15T15:33:08.121+0000][11084.066s][info][gc,phases   ] GC(2454)   Pre Evacuate Collection Set: 0.2ms
[2024-08-15T15:33:08.121+0000][11084.066s][info][gc,phases   ] GC(2454)   Merge Heap Roots: 0.3ms
[2024-08-15T15:33:08.121+0000][11084.066s][info][gc,phases   ] GC(2454)   Evacuate Collection Set: 52.2ms
[2024-08-15T15:33:08.121+0000][11084.066s][info][gc,phases   ] GC(2454)   Post Evacuate Collection Set: 10.0ms
[2024-08-15T15:33:08.121+0000][11084.066s][info][gc,phases   ] GC(2454)   Other: 0.2ms
[2024-08-15T15:33:08.121+0000][11084.066s][info][gc,heap     ] GC(2454) Eden regions: 736->0(728)
[2024-08-15T15:33:08.121+0000][11084.066s][info][gc,heap     ] GC(2454) Survivor regions: 15->19(94)
[2024-08-15T15:33:08.121+0000][11084.066s][info][gc,heap     ] GC(2454) Old regions: 455->455
[2024-08-15T15:33:08.121+0000][11084.066s][info][gc,heap     ] GC(2454) Archive regions: 2->2
[2024-08-15T15:33:08.122+0000][11084.066s][info][gc,heap     ] GC(2454) Humongous regions: 5->5
[2024-08-15T15:33:08.122+0000][11084.066s][info][gc,metaspace] GC(2454) Metaspace: 442150K(448704K)->442150K(448704K) NonClass: 387261K(390976K)->387261K(390976K) Class: 54889K(57728K)->54889K(57728K)
[2024-08-15T15:33:08.122+0000][11084.066s][info][gc          ] GC(2454) Pause Young (Normal) (G1 Evacuation Pause) 9686M->3827M(12288M) 62.932ms
[2024-08-15T15:33:08.122+0000][11084.066s][info][gc,cpu      ] GC(2454) User=0.36s Sys=0.00s Real=0.06s
[2024-08-15T15:33:08.140+0000][11084.084s][info][gc,marking  ] GC(2452) Concurrent Rebuild Remembered Sets 1979.018ms
[2024-08-15T15:33:08.140+0000][11084.084s][info][gc,start    ] GC(2452) Pause Cleanup
[2024-08-15T15:33:08.140+0000][11084.085s][info][gc          ] GC(2452) Pause Cleanup 3887M->3887M(12288M) 0.567ms
[2024-08-15T15:33:08.140+0000][11084.085s][info][gc,cpu      ] GC(2452) User=0.00s Sys=0.00s Real=0.00s
[2024-08-15T15:33:08.141+0000][11084.085s][info][gc,marking  ] GC(2452) Concurrent Cleanup for Next Mark
[2024-08-15T15:33:08.157+0000][11084.102s][info][gc,marking  ] GC(2452) Concurrent Cleanup for Next Mark 16.645ms
[2024-08-15T15:33:08.157+0000][11084.102s][info][gc          ] GC(2452) Concurrent Mark Cycle 5219.121ms
[2024-08-15T15:33:09.924+0000][11085.869s][info][gc,start    ] GC(2455) Pause Young (Prepare Mixed) (G1 Evacuation Pause)
[2024-08-15T15:33:09.924+0000][11085.869s][info][gc,task     ] GC(2455) Using 6 workers of 6 for evacuation
[2024-08-15T15:33:09.997+0000][11085.942s][info][gc,phases   ] GC(2455)   Pre Evacuate Collection Set: 0.2ms
[2024-08-15T15:33:09.997+0000][11085.942s][info][gc,phases   ] GC(2455)   Merge Heap Roots: 0.3ms
[2024-08-15T15:33:09.997+0000][11085.942s][info][gc,phases   ] GC(2455)   Evacuate Collection Set: 62.5ms
[2024-08-15T15:33:09.997+0000][11085.942s][info][gc,phases   ] GC(2455)   Post Evacuate Collection Set: 10.3ms
[2024-08-15T15:33:09.997+0000][11085.942s][info][gc,phases   ] GC(2455)   Other: 0.2ms
[2024-08-15T15:33:09.997+0000][11085.942s][info][gc,heap     ] GC(2455) Eden regions: 728->0(55)
[2024-08-15T15:33:09.997+0000][11085.942s][info][gc,heap     ] GC(2455) Survivor regions: 19->21(94)
[2024-08-15T15:33:09.997+0000][11085.942s][info][gc,heap     ] GC(2455) Old regions: 455->455
[2024-08-15T15:33:09.997+0000][11085.942s][info][gc,heap     ] GC(2455) Archive regions: 2->2
[2024-08-15T15:33:09.997+0000][11085.942s][info][gc,heap     ] GC(2455) Humongous regions: 5->5
[2024-08-15T15:33:09.997+0000][11085.942s][info][gc,metaspace] GC(2455) Metaspace: 442150K(448704K)->442150K(448704K) NonClass: 387261K(390976K)->387261K(390976K) Class: 54889K(57728K)->54889K(57728K)
[2024-08-15T15:33:09.998+0000][11085.942s][info][gc          ] GC(2455) Pause Young (Prepare Mixed) (G1 Evacuation Pause) 9651M->3844M(12288M) 73.535ms
[2024-08-15T15:33:09.998+0000][11085.942s][info][gc,cpu      ] GC(2455) User=0.43s Sys=0.00s Real=0.07s
[2024-08-15T15:33:10.131+0000][11086.076s][info][gc,start    ] GC(2456) Pause Young (Mixed) (G1 Evacuation Pause)
[2024-08-15T15:33:10.131+0000][11086.076s][info][gc,task     ] GC(2456) Using 6 workers of 6 for evacuation
[2024-08-15T15:33:10.250+0000][11086.194s][info][gc,phases   ] GC(2456)   Pre Evacuate Collection Set: 0.2ms
[2024-08-15T15:33:10.250+0000][11086.194s][info][gc,phases   ] GC(2456)   Merge Heap Roots: 0.4ms
[2024-08-15T15:33:10.250+0000][11086.194s][info][gc,phases   ] GC(2456)   Evacuate Collection Set: 115.7ms
[2024-08-15T15:33:10.250+0000][11086.194s][info][gc,phases   ] GC(2456)   Post Evacuate Collection Set: 2.2ms
[2024-08-15T15:33:10.250+0000][11086.194s][info][gc,phases   ] GC(2456)   Other: 0.2ms
[2024-08-15T15:33:10.250+0000][11086.194s][info][gc,heap     ] GC(2456) Eden regions: 55->0(735)
[2024-08-15T15:33:10.250+0000][11086.194s][info][gc,heap     ] GC(2456) Survivor regions: 21->5(10)
[2024-08-15T15:33:10.250+0000][11086.194s][info][gc,heap     ] GC(2456) Old regions: 455->466
[2024-08-15T15:33:10.250+0000][11086.194s][info][gc,heap     ] GC(2456) Archive regions: 2->2
[2024-08-15T15:33:10.250+0000][11086.194s][info][gc,heap     ] GC(2456) Humongous regions: 5->5
[2024-08-15T15:33:10.250+0000][11086.194s][info][gc,metaspace] GC(2456) Metaspace: 442150K(448704K)->442150K(448704K) NonClass: 387261K(390976K)->387261K(390976K) Class: 54889K(57728K)->54889K(57728K)
[2024-08-15T15:33:10.250+0000][11086.194s][info][gc          ] GC(2456) Pause Young (Mixed) (G1 Evacuation Pause) 4284M->3806M(12288M) 118.805ms
[2024-08-15T15:33:10.250+0000][11086.195s][info][gc,cpu      ] GC(2456) User=0.70s Sys=0.00s Real=0.12s
[2024-08-15T15:33:12.022+0000][11087.966s][info][gc,start    ] GC(2457) Pause Young (Normal) (G1 Evacuation Pause)
[2024-08-15T15:33:12.022+0000][11087.966s][info][gc,task     ] GC(2457) Using 6 workers of 6 for evacuation
[2024-08-15T15:33:12.063+0000][11088.008s][info][gc,phases   ] GC(2457)   Pre Evacuate Collection Set: 0.2ms
[2024-08-15T15:33:12.063+0000][11088.008s][info][gc,phases   ] GC(2457)   Merge Heap Roots: 0.3ms
[2024-08-15T15:33:12.063+0000][11088.008s][info][gc,phases   ] GC(2457)   Evacuate Collection Set: 32.1ms
[2024-08-15T15:33:12.063+0000][11088.008s][info][gc,phases   ] GC(2457)   Post Evacuate Collection Set: 8.6ms
[2024-08-15T15:33:12.063+0000][11088.008s][info][gc,phases   ] GC(2457)   Other: 0.2ms
[2024-08-15T15:33:12.063+0000][11088.008s][info][gc,heap     ] GC(2457) Eden regions: 735->0(734)
[2024-08-15T15:33:12.063+0000][11088.008s][info][gc,heap     ] GC(2457) Survivor regions: 5->7(93)
[2024-08-15T15:33:12.063+0000][11088.008s][info][gc,heap     ] GC(2457) Old regions: 466->466
[2024-08-15T15:33:12.063+0000][11088.008s][info][gc,heap     ] GC(2457) Archive regions: 2->2
[2024-08-15T15:33:12.063+0000][11088.008s][info][gc,heap     ] GC(2457) Humongous regions: 5->5
[2024-08-15T15:33:12.063+0000][11088.008s][info][gc,metaspace] GC(2457) Metaspace: 442151K(448704K)->442151K(448704K) NonClass: 387262K(390976K)->387262K(390976K) Class: 54889K(57728K)->54889K(57728K)
[2024-08-15T15:33:12.063+0000][11088.008s][info][gc          ] GC(2457) Pause Young (Normal) (G1 Evacuation Pause) 9686M->3823M(12288M) 41.467ms
[2024-08-15T15:33:12.063+0000][11088.008s][info][gc,cpu      ] GC(2457) User=0.24s Sys=0.00s Real=0.05s
[2024-08-15T15:33:14.087+0000][11090.032s][info][gc,start    ] GC(2458) Pause Young (Normal) (G1 Evacuation Pause)
[2024-08-15T15:33:14.087+0000][11090.032s][info][gc,task     ] GC(2458) Using 6 workers of 6 for evacuation
[2024-08-15T15:33:14.152+0000][11090.097s][info][gc,phases   ] GC(2458)   Pre Evacuate Collection Set: 0.2ms
[2024-08-15T15:33:14.152+0000][11090.097s][info][gc,phases   ] GC(2458)   Merge Heap Roots: 0.3ms
[2024-08-15T15:33:14.152+0000][11090.097s][info][gc,phases   ] GC(2458)   Evacuate Collection Set: 51.8ms
[2024-08-15T15:33:14.152+0000][11090.097s][info][gc,phases   ] GC(2458)   Post Evacuate Collection Set: 12.6ms
[2024-08-15T15:33:14.152+0000][11090.097s][info][gc,phases   ] GC(2458)   Other: 0.2ms
[2024-08-15T15:33:14.152+0000][11090.097s][info][gc,heap     ] GC(2458) Eden regions: 734->0(729)
[2024-08-15T15:33:14.152+0000][11090.097s][info][gc,heap     ] GC(2458) Survivor regions: 7->11(93)
[2024-08-15T15:33:14.152+0000][11090.097s][info][gc,heap     ] GC(2458) Old regions: 466->466
[2024-08-15T15:33:14.152+0000][11090.097s][info][gc,heap     ] GC(2458) Archive regions: 2->2
[2024-08-15T15:33:14.152+0000][11090.097s][info][gc,heap     ] GC(2458) Humongous regions: 5->5
[2024-08-15T15:33:14.152+0000][11090.097s][info][gc,metaspace] GC(2458) Metaspace: 442151K(448704K)->442151K(448704K) NonClass: 387262K(390976K)->387262K(390976K) Class: 54889K(57728K)->54889K(57728K)
[2024-08-15T15:33:14.152+0000][11090.097s][info][gc          ] GC(2458) Pause Young (Normal) (G1 Evacuation Pause) 9695M->3851M(12288M) 65.196ms
[2024-08-15T15:33:14.152+0000][11090.097s][info][gc,cpu      ] GC(2458) User=0.39s Sys=0.00s Real=0.06s
[2024-08-15T15:33:16.107+0000][11092.052s][info][gc,start    ] GC(2459) Pause Young (Concurrent Start) (G1 Evacuation Pause)
[2024-08-15T15:33:16.107+0000][11092.052s][info][gc,task     ] GC(2459) Using 6 workers of 6 for evacuation
[2024-08-15T15:33:16.178+0000][11092.122s][info][gc,phases   ] GC(2459)   Pre Evacuate Collection Set: 0.6ms
[2024-08-15T15:33:16.178+0000][11092.122s][info][gc,phases   ] GC(2459)   Merge Heap Roots: 0.3ms
[2024-08-15T15:33:16.178+0000][11092.122s][info][gc,phases   ] GC(2459)   Evacuate Collection Set: 56.8ms
[2024-08-15T15:33:16.178+0000][11092.122s][info][gc,phases   ] GC(2459)   Post Evacuate Collection Set: 12.2ms
[2024-08-15T15:33:16.178+0000][11092.122s][info][gc,phases   ] GC(2459)   Other: 0.3ms
[2024-08-15T15:33:16.178+0000][11092.122s][info][gc,heap     ] GC(2459) Eden regions: 729->0(726)
[2024-08-15T15:33:16.178+0000][11092.122s][info][gc,heap     ] GC(2459) Survivor regions: 11->14(93)
[2024-08-15T15:33:16.178+0000][11092.122s][info][gc,heap     ] GC(2459) Old regions: 466->466
[2024-08-15T15:33:16.178+0000][11092.122s][info][gc,heap     ] GC(2459) Archive regions: 2->2
[2024-08-15T15:33:16.178+0000][11092.122s][info][gc,heap     ] GC(2459) Humongous regions: 5->5
[2024-08-15T15:33:16.178+0000][11092.122s][info][gc,metaspace] GC(2459) Metaspace: 442151K(448704K)->442151K(448704K) NonClass: 387262K(390976K)->387262K(390976K) Class: 54889K(57728K)->54889K(57728K)
[2024-08-15T15:33:16.178+0000][11092.122s][info][gc          ] GC(2459) Pause Young (Concurrent Start) (G1 Evacuation Pause) 9683M->3876M(12288M) 70.307ms
[2024-08-15T15:33:16.178+0000][11092.122s][info][gc,cpu      ] GC(2459) User=0.41s Sys=0.00s Real=0.07s
[2024-08-15T15:33:16.178+0000][11092.122s][info][gc          ] GC(2460) Concurrent Mark Cycle
[2024-08-15T15:33:16.178+0000][11092.122s][info][gc,marking  ] GC(2460) Concurrent Clear Claimed Marks
[2024-08-15T15:33:16.178+0000][11092.123s][info][gc,marking  ] GC(2460) Concurrent Clear Claimed Marks 0.407ms
[2024-08-15T15:33:16.178+0000][11092.123s][info][gc,marking  ] GC(2460) Concurrent Scan Root Regions
[2024-08-15T15:33:16.236+0000][11092.180s][info][gc,marking  ] GC(2460) Concurrent Scan Root Regions 57.321ms
[2024-08-15T15:33:16.236+0000][11092.180s][info][gc,marking  ] GC(2460) Concurrent Mark
[2024-08-15T15:33:16.236+0000][11092.180s][info][gc,marking  ] GC(2460) Concurrent Mark From Roots
[2024-08-15T15:33:16.236+0000][11092.180s][info][gc,task     ] GC(2460) Using 2 workers of 2 for marking
[2024-08-15T15:33:18.742+0000][11094.687s][info][gc,start    ] GC(2461) Pause Young (Normal) (G1 Evacuation Pause)
[2024-08-15T15:33:18.742+0000][11094.687s][info][gc,task     ] GC(2461) Using 6 workers of 6 for evacuation
[2024-08-15T15:33:18.814+0000][11094.759s][info][gc,phases   ] GC(2461)   Pre Evacuate Collection Set: 0.2ms
[2024-08-15T15:33:18.814+0000][11094.759s][info][gc,phases   ] GC(2461)   Merge Heap Roots: 0.5ms
[2024-08-15T15:33:18.814+0000][11094.759s][info][gc,phases   ] GC(2461)   Evacuate Collection Set: 61.2ms
[2024-08-15T15:33:18.814+0000][11094.759s][info][gc,phases   ] GC(2461)   Post Evacuate Collection Set: 9.7ms
[2024-08-15T15:33:18.814+0000][11094.759s][info][gc,phases   ] GC(2461)   Other: 0.2ms
[2024-08-15T15:33:18.814+0000][11094.759s][info][gc,heap     ] GC(2461) Eden regions: 726->0(721)
[2024-08-15T15:33:18.814+0000][11094.759s][info][gc,heap     ] GC(2461) Survivor regions: 14->17(93)
[2024-08-15T15:33:18.814+0000][11094.759s][info][gc,heap     ] GC(2461) Old regions: 466->466
[2024-08-15T15:33:18.814+0000][11094.759s][info][gc,heap     ] GC(2461) Archive regions: 2->2
[2024-08-15T15:33:18.814+0000][11094.759s][info][gc,heap     ] GC(2461) Humongous regions: 5->5
[2024-08-15T15:33:18.814+0000][11094.759s][info][gc,metaspace] GC(2461) Metaspace: 442151K(448704K)->442151K(448704K) NonClass: 387262K(390976K)->387262K(390976K) Class: 54889K(57728K)->54889K(57728K)
[2024-08-15T15:33:18.814+0000][11094.759s][info][gc          ] GC(2461) Pause Young (Normal) (G1 Evacuation Pause) 9684M->3904M(12288M) 71.769ms
[2024-08-15T15:33:18.814+0000][11094.759s][info][gc,cpu      ] GC(2461) User=0.42s Sys=0.00s Real=0.07s
[2024-08-15T15:33:19.474+0000][11095.418s][info][gc,marking  ] GC(2460) Concurrent Mark From Roots 3238.148ms
[2024-08-15T15:33:19.474+0000][11095.418s][info][gc,marking  ] GC(2460) Concurrent Preclean
[2024-08-15T15:33:19.476+0000][11095.421s][info][gc,marking  ] GC(2460) Concurrent Preclean 2.041ms
[2024-08-15T15:33:19.476+0000][11095.421s][info][gc,start    ] GC(2460) Pause Remark
[2024-08-15T15:33:19.501+0000][11095.446s][info][gc          ] GC(2460) Pause Remark 5480M->5472M(12288M) 24.892ms
[2024-08-15T15:33:19.501+0000][11095.446s][info][gc,cpu      ] GC(2460) User=0.11s Sys=0.00s Real=0.02s
[2024-08-15T15:33:19.501+0000][11095.446s][info][gc,marking  ] GC(2460) Concurrent Mark 3265.575ms
[2024-08-15T15:33:19.501+0000][11095.446s][info][gc,marking  ] GC(2460) Concurrent Rebuild Remembered Sets
[2024-08-15T15:33:21.005+0000][11096.950s][info][gc,start    ] GC(2462) Pause Young (Normal) (G1 Evacuation Pause)
[2024-08-15T15:33:21.005+0000][11096.950s][info][gc,task     ] GC(2462) Using 6 workers of 6 for evacuation
[2024-08-15T15:33:21.081+0000][11097.025s][info][gc,phases   ] GC(2462)   Pre Evacuate Collection Set: 0.2ms
[2024-08-15T15:33:21.081+0000][11097.025s][info][gc,phases   ] GC(2462)   Merge Heap Roots: 0.5ms
[2024-08-15T15:33:21.081+0000][11097.025s][info][gc,phases   ] GC(2462)   Evacuate Collection Set: 65.2ms
[2024-08-15T15:33:21.081+0000][11097.025s][info][gc,phases   ] GC(2462)   Post Evacuate Collection Set: 9.2ms
[2024-08-15T15:33:21.081+0000][11097.025s][info][gc,phases   ] GC(2462)   Other: 0.2ms
[2024-08-15T15:33:21.081+0000][11097.025s][info][gc,heap     ] GC(2462) Eden regions: 721->0(720)
[2024-08-15T15:33:21.081+0000][11097.025s][info][gc,heap     ] GC(2462) Survivor regions: 17->18(93)
[2024-08-15T15:33:21.081+0000][11097.025s][info][gc,heap     ] GC(2462) Old regions: 465->465
[2024-08-15T15:33:21.081+0000][11097.025s][info][gc,heap     ] GC(2462) Archive regions: 2->2
[2024-08-15T15:33:21.081+0000][11097.025s][info][gc,heap     ] GC(2462) Humongous regions: 5->5
[2024-08-15T15:33:21.081+0000][11097.025s][info][gc,metaspace] GC(2462) Metaspace: 442151K(448704K)->442151K(448704K) NonClass: 387262K(390976K)->387262K(390976K) Class: 54889K(57728K)->54889K(57728K)
[2024-08-15T15:33:21.081+0000][11097.025s][info][gc          ] GC(2462) Pause Young (Normal) (G1 Evacuation Pause) 9664M->3906M(12288M) 75.349ms
[2024-08-15T15:33:21.081+0000][11097.025s][info][gc,cpu      ] GC(2462) User=0.44s Sys=0.00s Real=0.07s
[2024-08-15T15:33:21.531+0000][11097.475s][info][gc,marking  ] GC(2460) Concurrent Rebuild Remembered Sets 2029.458ms
[2024-08-15T15:33:21.531+0000][11097.476s][info][gc,start    ] GC(2460) Pause Cleanup
[2024-08-15T15:33:21.532+0000][11097.476s][info][gc          ] GC(2460) Pause Cleanup 5178M->5178M(12288M) 0.635ms
[2024-08-15T15:33:21.532+0000][11097.476s][info][gc,cpu      ] GC(2460) User=0.00s Sys=0.00s Real=0.00s
[2024-08-15T15:33:21.532+0000][11097.476s][info][gc,marking  ] GC(2460) Concurrent Cleanup for Next Mark
[2024-08-15T15:33:21.548+0000][11097.493s][info][gc,marking  ] GC(2460) Concurrent Cleanup for Next Mark 16.306ms
[2024-08-15T15:33:21.548+0000][11097.493s][info][gc          ] GC(2460) Concurrent Mark Cycle 5370.233ms
[2024-08-15T15:33:22.976+0000][11098.920s][info][gc,start    ] GC(2463) Pause Young (Prepare Mixed) (G1 Evacuation Pause)
[2024-08-15T15:33:22.976+0000][11098.920s][info][gc,task     ] GC(2463) Using 6 workers of 6 for evacuation
[2024-08-15T15:33:23.044+0000][11098.989s][info][gc,phases   ] GC(2463)   Pre Evacuate Collection Set: 0.2ms
[2024-08-15T15:33:23.044+0000][11098.989s][info][gc,phases   ] GC(2463)   Merge Heap Roots: 0.5ms
[2024-08-15T15:33:23.044+0000][11098.989s][info][gc,phases   ] GC(2463)   Evacuate Collection Set: 61.8ms
[2024-08-15T15:33:23.044+0000][11098.989s][info][gc,phases   ] GC(2463)   Post Evacuate Collection Set: 5.7ms
[2024-08-15T15:33:23.044+0000][11098.989s][info][gc,phases   ] GC(2463)   Other: 0.2ms
[2024-08-15T15:33:23.044+0000][11098.989s][info][gc,heap     ] GC(2463) Eden regions: 720->0(57)
[2024-08-15T15:33:23.044+0000][11098.989s][info][gc,heap     ] GC(2463) Survivor regions: 18->19(93)
[2024-08-15T15:33:23.044+0000][11098.989s][info][gc,heap     ] GC(2463) Old regions: 465->465
[2024-08-15T15:33:23.044+0000][11098.989s][info][gc,heap     ] GC(2463) Archive regions: 2->2
[2024-08-15T15:33:23.044+0000][11098.989s][info][gc,heap     ] GC(2463) Humongous regions: 5->5
[2024-08-15T15:33:23.044+0000][11098.989s][info][gc,metaspace] GC(2463) Metaspace: 442151K(448704K)->442151K(448704K) NonClass: 387262K(390976K)->387262K(390976K) Class: 54889K(57728K)->54889K(57728K)
[2024-08-15T15:33:23.044+0000][11098.989s][info][gc          ] GC(2463) Pause Young (Prepare Mixed) (G1 Evacuation Pause) 9666M->3910M(12288M) 68.511ms
[2024-08-15T15:33:23.044+0000][11098.989s][info][gc,cpu      ] GC(2463) User=0.41s Sys=0.00s Real=0.07s
[2024-08-15T15:33:23.218+0000][11099.163s][info][gc,start    ] GC(2464) Pause Young (Mixed) (G1 Evacuation Pause)
[2024-08-15T15:33:23.218+0000][11099.163s][info][gc,task     ] GC(2464) Using 6 workers of 6 for evacuation
[2024-08-15T15:33:23.323+0000][11099.267s][info][gc,phases   ] GC(2464)   Pre Evacuate Collection Set: 0.2ms
[2024-08-15T15:33:23.323+0000][11099.267s][info][gc,phases   ] GC(2464)   Merge Heap Roots: 0.5ms
[2024-08-15T15:33:23.323+0000][11099.267s][info][gc,phases   ] GC(2464)   Evacuate Collection Set: 101.7ms
[2024-08-15T15:33:23.323+0000][11099.267s][info][gc,phases   ] GC(2464)   Post Evacuate Collection Set: 2.1ms
[2024-08-15T15:33:23.323+0000][11099.267s][info][gc,phases   ] GC(2464)   Other: 0.2ms
[2024-08-15T15:33:23.323+0000][11099.267s][info][gc,heap     ] GC(2464) Eden regions: 57->0(734)
[2024-08-15T15:33:23.323+0000][11099.267s][info][gc,heap     ] GC(2464) Survivor regions: 19->6(10)
[2024-08-15T15:33:23.323+0000][11099.267s][info][gc,heap     ] GC(2464) Old regions: 465->469
[2024-08-15T15:33:23.323+0000][11099.267s][info][gc,heap     ] GC(2464) Archive regions: 2->2
[2024-08-15T15:33:23.323+0000][11099.267s][info][gc,heap     ] GC(2464) Humongous regions: 5->5
[2024-08-15T15:33:23.323+0000][11099.267s][info][gc,metaspace] GC(2464) Metaspace: 442151K(448704K)->442151K(448704K) NonClass: 387262K(390976K)->387262K(390976K) Class: 54889K(57728K)->54889K(57728K)
[2024-08-15T15:33:23.323+0000][11099.267s][info][gc          ] GC(2464) Pause Young (Mixed) (G1 Evacuation Pause) 4366M->3836M(12288M) 104.657ms
[2024-08-15T15:33:23.323+0000][11099.267s][info][gc,cpu      ] GC(2464) User=0.60s Sys=0.02s Real=0.10s
[2024-08-15T15:33:25.062+0000][11101.007s][info][gc,start    ] GC(2465) Pause Young (Normal) (G1 Evacuation Pause)
[2024-08-15T15:33:25.062+0000][11101.007s][info][gc,task     ] GC(2465) Using 6 workers of 6 for evacuation
[2024-08-15T15:33:25.098+0000][11101.042s][info][gc,phases   ] GC(2465)   Pre Evacuate Collection Set: 0.2ms
[2024-08-15T15:33:25.098+0000][11101.042s][info][gc,phases   ] GC(2465)   Merge Heap Roots: 0.3ms
[2024-08-15T15:33:25.098+0000][11101.042s][info][gc,phases   ] GC(2465)   Evacuate Collection Set: 28.0ms
[2024-08-15T15:33:25.098+0000][11101.042s][info][gc,phases   ] GC(2465)   Post Evacuate Collection Set: 6.8ms
[2024-08-15T15:33:25.098+0000][11101.042s][info][gc,phases   ] GC(2465)   Other: 0.2ms
[2024-08-15T15:33:25.098+0000][11101.042s][info][gc,heap     ] GC(2465) Eden regions: 734->0(733)
[2024-08-15T15:33:25.098+0000][11101.042s][info][gc,heap     ] GC(2465) Survivor regions: 6->7(93)
[2024-08-15T15:33:25.098+0000][11101.042s][info][gc,heap     ] GC(2465) Old regions: 469->469
[2024-08-15T15:33:25.098+0000][11101.042s][info][gc,heap     ] GC(2465) Archive regions: 2->2
[2024-08-15T15:33:25.098+0000][11101.042s][info][gc,heap     ] GC(2465) Humongous regions: 5->5
[2024-08-15T15:33:25.098+0000][11101.042s][info][gc,metaspace] GC(2465) Metaspace: 442151K(448704K)->442151K(448704K) NonClass: 387262K(390976K)->387262K(390976K) Class: 54889K(57728K)->54889K(57728K)
[2024-08-15T15:33:25.098+0000][11101.042s][info][gc          ] GC(2465) Pause Young (Normal) (G1 Evacuation Pause) 9708M->3847M(12288M) 35.563ms
[2024-08-15T15:33:25.098+0000][11101.042s][info][gc,cpu      ] GC(2465) User=0.20s Sys=0.00s Real=0.04s
[2024-08-15T15:33:26.796+0000][11102.741s][info][gc,start    ] GC(2466) Pause Young (Normal) (G1 Evacuation Pause)
[2024-08-15T15:33:26.796+0000][11102.741s][info][gc,task     ] GC(2466) Using 6 workers of 6 for evacuation
[2024-08-15T15:33:26.831+0000][11102.775s][info][gc,phases   ] GC(2466)   Pre Evacuate Collection Set: 0.2ms
[2024-08-15T15:33:26.831+0000][11102.775s][info][gc,phases   ] GC(2466)   Merge Heap Roots: 0.4ms
[2024-08-15T15:33:26.831+0000][11102.775s][info][gc,phases   ] GC(2466)   Evacuate Collection Set: 28.4ms
[2024-08-15T15:33:26.831+0000][11102.775s][info][gc,phases   ] GC(2466)   Post Evacuate Collection Set: 5.5ms
[2024-08-15T15:33:26.831+0000][11102.775s][info][gc,phases   ] GC(2466)   Other: 0.2ms
[2024-08-15T15:33:26.831+0000][11102.775s][info][gc,heap     ] GC(2466) Eden regions: 733->0(732)
[2024-08-15T15:33:26.831+0000][11102.775s][info][gc,heap     ] GC(2466) Survivor regions: 7->9(93)
[2024-08-15T15:33:26.831+0000][11102.775s][info][gc,heap     ] GC(2466) Old regions: 469->469
[2024-08-15T15:33:26.831+0000][11102.775s][info][gc,heap     ] GC(2466) Archive regions: 2->2
[2024-08-15T15:33:26.831+0000][11102.775s][info][gc,heap     ] GC(2466) Humongous regions: 5->5
[2024-08-15T15:33:26.831+0000][11102.775s][info][gc,metaspace] GC(2466) Metaspace: 442151K(448704K)->442151K(448704K) NonClass: 387262K(390976K)->387262K(390976K) Class: 54889K(57728K)->54889K(57728K)
[2024-08-15T15:33:26.831+0000][11102.775s][info][gc          ] GC(2466) Pause Young (Normal) (G1 Evacuation Pause) 9711M->3857M(12288M) 34.667ms
[2024-08-15T15:33:26.831+0000][11102.775s][info][gc,cpu      ] GC(2466) User=0.20s Sys=0.00s Real=0.03s
[2024-08-15T15:33:28.562+0000][11104.506s][info][gc,start    ] GC(2467) Pause Young (Concurrent Start) (G1 Evacuation Pause)
[2024-08-15T15:33:28.562+0000][11104.506s][info][gc,task     ] GC(2467) Using 6 workers of 6 for evacuation
[2024-08-15T15:33:28.609+0000][11104.553s][info][gc,phases   ] GC(2467)   Pre Evacuate Collection Set: 0.6ms
[2024-08-15T15:33:28.609+0000][11104.553s][info][gc,phases   ] GC(2467)   Merge Heap Roots: 0.4ms
[2024-08-15T15:33:28.609+0000][11104.553s][info][gc,phases   ] GC(2467)   Evacuate Collection Set: 38.6ms
[2024-08-15T15:33:28.609+0000][11104.553s][info][gc,phases   ] GC(2467)   Post Evacuate Collection Set: 7.2ms
[2024-08-15T15:33:28.609+0000][11104.553s][info][gc,phases   ] GC(2467)   Other: 0.3ms
[2024-08-15T15:33:28.609+0000][11104.553s][info][gc,heap     ] GC(2467) Eden regions: 732->0(731)
[2024-08-15T15:33:28.609+0000][11104.553s][info][gc,heap     ] GC(2467) Survivor regions: 9->10(93)
[2024-08-15T15:33:28.609+0000][11104.553s][info][gc,heap     ] GC(2467) Old regions: 469->469
[2024-08-15T15:33:28.609+0000][11104.553s][info][gc,heap     ] GC(2467) Archive regions: 2->2
[2024-08-15T15:33:28.609+0000][11104.553s][info][gc,heap     ] GC(2467) Humongous regions: 5->5
[2024-08-15T15:33:28.609+0000][11104.553s][info][gc,metaspace] GC(2467) Metaspace: 442151K(448704K)->442151K(448704K) NonClass: 387262K(390976K)->387262K(390976K) Class: 54889K(57728K)->54889K(57728K)
[2024-08-15T15:33:28.609+0000][11104.553s][info][gc          ] GC(2467) Pause Young (Concurrent Start) (G1 Evacuation Pause) 9713M->3872M(12288M) 47.068ms
[2024-08-15T15:33:28.609+0000][11104.553s][info][gc,cpu      ] GC(2467) User=0.27s Sys=0.00s Real=0.05s
[2024-08-15T15:33:28.609+0000][11104.553s][info][gc          ] GC(2468) Concurrent Mark Cycle
[2024-08-15T15:33:28.609+0000][11104.553s][info][gc,marking  ] GC(2468) Concurrent Clear Claimed Marks
[2024-08-15T15:33:28.609+0000][11104.554s][info][gc,marking  ] GC(2468) Concurrent Clear Claimed Marks 0.409ms
[2024-08-15T15:33:28.609+0000][11104.554s][info][gc,marking  ] GC(2468) Concurrent Scan Root Regions
[2024-08-15T15:33:28.640+0000][11104.585s][info][gc,marking  ] GC(2468) Concurrent Scan Root Regions 31.165ms
[2024-08-15T15:33:28.640+0000][11104.585s][info][gc,marking  ] GC(2468) Concurrent Mark
[2024-08-15T15:33:28.640+0000][11104.585s][info][gc,marking  ] GC(2468) Concurrent Mark From Roots
[2024-08-15T15:33:28.640+0000][11104.585s][info][gc,task     ] GC(2468) Using 2 workers of 2 for marking
[2024-08-15T15:33:31.242+0000][11107.187s][info][gc,start    ] GC(2469) Pause Young (Normal) (G1 Evacuation Pause)
[2024-08-15T15:33:31.242+0000][11107.187s][info][gc,task     ] GC(2469) Using 6 workers of 6 for evacuation
[2024-08-15T15:33:31.287+0000][11107.232s][info][gc,phases   ] GC(2469)   Pre Evacuate Collection Set: 0.2ms
[2024-08-15T15:33:31.287+0000][11107.232s][info][gc,phases   ] GC(2469)   Merge Heap Roots: 0.4ms
[2024-08-15T15:33:31.287+0000][11107.232s][info][gc,phases   ] GC(2469)   Evacuate Collection Set: 38.8ms
[2024-08-15T15:33:31.287+0000][11107.232s][info][gc,phases   ] GC(2469)   Post Evacuate Collection Set: 5.8ms
[2024-08-15T15:33:31.287+0000][11107.232s][info][gc,phases   ] GC(2469)   Other: 0.2ms
[2024-08-15T15:33:31.287+0000][11107.232s][info][gc,heap     ] GC(2469) Eden regions: 731->0(728)
[2024-08-15T15:33:31.287+0000][11107.232s][info][gc,heap     ] GC(2469) Survivor regions: 10->12(93)
[2024-08-15T15:33:31.287+0000][11107.232s][info][gc,heap     ] GC(2469) Old regions: 469->469
[2024-08-15T15:33:31.287+0000][11107.232s][info][gc,heap     ] GC(2469) Archive regions: 2->2
[2024-08-15T15:33:31.287+0000][11107.232s][info][gc,heap     ] GC(2469) Humongous regions: 5->5
[2024-08-15T15:33:31.287+0000][11107.232s][info][gc,metaspace] GC(2469) Metaspace: 442151K(448704K)->442151K(448704K) NonClass: 387262K(390976K)->387262K(390976K) Class: 54889K(57728K)->54889K(57728K)
[2024-08-15T15:33:31.287+0000][11107.232s][info][gc          ] GC(2469) Pause Young (Normal) (G1 Evacuation Pause) 9720M->3884M(12288M) 45.442ms
[2024-08-15T15:33:31.287+0000][11107.232s][info][gc,cpu      ] GC(2469) User=0.26s Sys=0.00s Real=0.05s
[2024-08-15T15:33:31.915+0000][11107.859s][info][gc,marking  ] GC(2468) Concurrent Mark From Roots 3274.149ms
[2024-08-15T15:33:31.915+0000][11107.859s][info][gc,marking  ] GC(2468) Concurrent Preclean
[2024-08-15T15:33:31.916+0000][11107.861s][info][gc,marking  ] GC(2468) Concurrent Preclean 1.668ms
[2024-08-15T15:33:31.916+0000][11107.861s][info][gc,start    ] GC(2468) Pause Remark
[2024-08-15T15:33:31.940+0000][11107.885s][info][gc          ] GC(2468) Pause Remark 4888M->4888M(12288M) 23.504ms
[2024-08-15T15:33:31.940+0000][11107.885s][info][gc,cpu      ] GC(2468) User=0.10s Sys=0.00s Real=0.02s
[2024-08-15T15:33:31.940+0000][11107.885s][info][gc,marking  ] GC(2468) Concurrent Mark 3299.752ms
[2024-08-15T15:33:31.940+0000][11107.885s][info][gc,marking  ] GC(2468) Concurrent Rebuild Remembered Sets
[2024-08-15T15:33:33.861+0000][11109.805s][info][gc,marking  ] GC(2468) Concurrent Rebuild Remembered Sets 1920.412ms
[2024-08-15T15:33:33.861+0000][11109.805s][info][gc,start    ] GC(2468) Pause Cleanup
[2024-08-15T15:33:33.861+0000][11109.806s][info][gc          ] GC(2468) Pause Cleanup 8396M->8396M(12288M) 0.614ms
[2024-08-15T15:33:33.861+0000][11109.806s][info][gc,cpu      ] GC(2468) User=0.00s Sys=0.00s Real=0.00s
[2024-08-15T15:33:33.862+0000][11109.806s][info][gc,marking  ] GC(2468) Concurrent Cleanup for Next Mark
[2024-08-15T15:33:33.882+0000][11109.826s][info][gc,marking  ] GC(2468) Concurrent Cleanup for Next Mark 20.004ms
[2024-08-15T15:33:33.882+0000][11109.826s][info][gc          ] GC(2468) Concurrent Mark Cycle 5272.825ms
[2024-08-15T15:33:34.505+0000][11110.449s][info][gc,start    ] GC(2470) Pause Young (Prepare Mixed) (G1 Evacuation Pause)
[2024-08-15T15:33:34.505+0000][11110.449s][info][gc,task     ] GC(2470) Using 6 workers of 6 for evacuation
[2024-08-15T15:33:34.537+0000][11110.482s][info][gc,phases   ] GC(2470)   Pre Evacuate Collection Set: 0.2ms
[2024-08-15T15:33:34.537+0000][11110.482s][info][gc,phases   ] GC(2470)   Merge Heap Roots: 0.4ms
[2024-08-15T15:33:34.537+0000][11110.482s][info][gc,phases   ] GC(2470)   Evacuate Collection Set: 29.9ms
[2024-08-15T15:33:34.537+0000][11110.482s][info][gc,phases   ] GC(2470)   Post Evacuate Collection Set: 1.9ms
[2024-08-15T15:33:34.537+0000][11110.482s][info][gc,phases   ] GC(2470)   Other: 0.2ms
[2024-08-15T15:33:34.537+0000][11110.482s][info][gc,heap     ] GC(2470) Eden regions: 728->0(63)
[2024-08-15T15:33:34.537+0000][11110.482s][info][gc,heap     ] GC(2470) Survivor regions: 12->13(93)
[2024-08-15T15:33:34.537+0000][11110.482s][info][gc,heap     ] GC(2470) Old regions: 469->469
[2024-08-15T15:33:34.537+0000][11110.482s][info][gc,heap     ] GC(2470) Archive regions: 2->2
[2024-08-15T15:33:34.537+0000][11110.482s][info][gc,heap     ] GC(2470) Humongous regions: 5->5
[2024-08-15T15:33:34.537+0000][11110.482s][info][gc,metaspace] GC(2470) Metaspace: 442151K(448704K)->442151K(448704K) NonClass: 387262K(390976K)->387262K(390976K) Class: 54889K(57728K)->54889K(57728K)
[2024-08-15T15:33:34.537+0000][11110.482s][info][gc          ] GC(2470) Pause Young (Prepare Mixed) (G1 Evacuation Pause) 9708M->3893M(12288M) 32.602ms
[2024-08-15T15:33:34.537+0000][11110.482s][info][gc,cpu      ] GC(2470) User=0.19s Sys=0.00s Real=0.03s
[2024-08-15T15:33:34.775+0000][11110.719s][info][gc,start    ] GC(2471) Pause Young (Mixed) (G1 Evacuation Pause)
[2024-08-15T15:33:34.775+0000][11110.719s][info][gc,task     ] GC(2471) Using 6 workers of 6 for evacuation
[2024-08-15T15:33:34.840+0000][11110.785s][info][gc,phases   ] GC(2471)   Pre Evacuate Collection Set: 0.2ms
[2024-08-15T15:33:34.840+0000][11110.785s][info][gc,phases   ] GC(2471)   Merge Heap Roots: 0.5ms
[2024-08-15T15:33:34.840+0000][11110.785s][info][gc,phases   ] GC(2471)   Evacuate Collection Set: 63.3ms
[2024-08-15T15:33:34.840+0000][11110.785s][info][gc,phases   ] GC(2471)   Post Evacuate Collection Set: 1.3ms
[2024-08-15T15:33:34.840+0000][11110.785s][info][gc,phases   ] GC(2471)   Other: 0.2ms
[2024-08-15T15:33:34.840+0000][11110.785s][info][gc,heap     ] GC(2471) Eden regions: 63->0(740)
[2024-08-15T15:33:34.840+0000][11110.785s][info][gc,heap     ] GC(2471) Survivor regions: 13->6(10)
[2024-08-15T15:33:34.840+0000][11110.785s][info][gc,heap     ] GC(2471) Old regions: 469->464
[2024-08-15T15:33:34.840+0000][11110.785s][info][gc,heap     ] GC(2471) Archive regions: 2->2
[2024-08-15T15:33:34.840+0000][11110.785s][info][gc,heap     ] GC(2471) Humongous regions: 5->5
[2024-08-15T15:33:34.840+0000][11110.785s][info][gc,metaspace] GC(2471) Metaspace: 442151K(448704K)->442151K(448704K) NonClass: 387262K(390976K)->387262K(390976K) Class: 54889K(57728K)->54889K(57728K)
[2024-08-15T15:33:34.840+0000][11110.785s][info][gc          ] GC(2471) Pause Young (Mixed) (G1 Evacuation Pause) 4397M->3800M(12288M) 65.486ms
[2024-08-15T15:33:34.840+0000][11110.785s][info][gc,cpu      ] GC(2471) User=0.39s Sys=0.00s Real=0.07s
[2024-08-15T15:33:37.663+0000][11113.608s][info][gc,start    ] GC(2472) Pause Young (Normal) (G1 Evacuation Pause)
[2024-08-15T15:33:37.663+0000][11113.608s][info][gc,task     ] GC(2472) Using 6 workers of 6 for evacuation
[2024-08-15T15:33:37.676+0000][11113.621s][info][gc,phases   ] GC(2472)   Pre Evacuate Collection Set: 0.2ms
[2024-08-15T15:33:37.677+0000][11113.621s][info][gc,phases   ] GC(2472)   Merge Heap Roots: 0.3ms
[2024-08-15T15:33:37.677+0000][11113.621s][info][gc,phases   ] GC(2472)   Evacuate Collection Set: 11.1ms
[2024-08-15T15:33:37.677+0000][11113.621s][info][gc,phases   ] GC(2472)   Post Evacuate Collection Set: 1.7ms
[2024-08-15T15:33:37.677+0000][11113.621s][info][gc,phases   ] GC(2472)   Other: 0.2ms
[2024-08-15T15:33:37.677+0000][11113.621s][info][gc,heap     ] GC(2472) Eden regions: 740->0(741)
[2024-08-15T15:33:37.677+0000][11113.621s][info][gc,heap     ] GC(2472) Survivor regions: 6->6(94)
[2024-08-15T15:33:37.677+0000][11113.621s][info][gc,heap     ] GC(2472) Old regions: 464->464
[2024-08-15T15:33:37.677+0000][11113.621s][info][gc,heap     ] GC(2472) Archive regions: 2->2
[2024-08-15T15:33:37.677+0000][11113.621s][info][gc,heap     ] GC(2472) Humongous regions: 5->5
[2024-08-15T15:33:37.677+0000][11113.621s][info][gc,metaspace] GC(2472) Metaspace: 442151K(448704K)->442151K(448704K) NonClass: 387262K(390976K)->387262K(390976K) Class: 54889K(57728K)->54889K(57728K)
[2024-08-15T15:33:37.677+0000][11113.621s][info][gc          ] GC(2472) Pause Young (Normal) (G1 Evacuation Pause) 9720M->3802M(12288M) 13.455ms
[2024-08-15T15:33:37.677+0000][11113.621s][info][gc,cpu      ] GC(2472) User=0.07s Sys=0.00s Real=0.01s
[2024-08-15T15:33:41.233+0000][11117.178s][info][gc,start    ] GC(2473) Pause Young (Normal) (G1 Evacuation Pause)
[2024-08-15T15:33:41.233+0000][11117.178s][info][gc,task     ] GC(2473) Using 6 workers of 6 for evacuation
[2024-08-15T15:33:41.249+0000][11117.194s][info][gc,phases   ] GC(2473)   Pre Evacuate Collection Set: 0.2ms
[2024-08-15T15:33:41.249+0000][11117.194s][info][gc,phases   ] GC(2473)   Merge Heap Roots: 0.2ms
[2024-08-15T15:33:41.249+0000][11117.194s][info][gc,phases   ] GC(2473)   Evacuate Collection Set: 13.3ms
[2024-08-15T15:33:41.249+0000][11117.194s][info][gc,phases   ] GC(2473)   Post Evacuate Collection Set: 1.9ms
[2024-08-15T15:33:41.249+0000][11117.194s][info][gc,phases   ] GC(2473)   Other: 0.2ms
[2024-08-15T15:33:41.249+0000][11117.194s][info][gc,heap     ] GC(2473) Eden regions: 741->0(739)
[2024-08-15T15:33:41.249+0000][11117.194s][info][gc,heap     ] GC(2473) Survivor regions: 6->7(94)
[2024-08-15T15:33:41.249+0000][11117.194s][info][gc,heap     ] GC(2473) Old regions: 464->464
[2024-08-15T15:33:41.249+0000][11117.194s][info][gc,heap     ] GC(2473) Archive regions: 2->2
[2024-08-15T15:33:41.249+0000][11117.194s][info][gc,heap     ] GC(2473) Humongous regions: 5->5
[2024-08-15T15:33:41.249+0000][11117.194s][info][gc,metaspace] GC(2473) Metaspace: 442165K(448704K)->442165K(448704K) NonClass: 387274K(390976K)->387274K(390976K) Class: 54890K(57728K)->54890K(57728K)
[2024-08-15T15:33:41.249+0000][11117.194s][info][gc          ] GC(2473) Pause Young (Normal) (G1 Evacuation Pause) 9730M->3809M(12288M) 15.976ms
[2024-08-15T15:33:41.249+0000][11117.194s][info][gc,cpu      ] GC(2473) User=0.09s Sys=0.00s Real=0.02s
[2024-08-15T15:33:44.973+0000][11120.918s][info][gc,start    ] GC(2474) Pause Young (Concurrent Start) (G1 Evacuation Pause)
[2024-08-15T15:33:44.973+0000][11120.918s][info][gc,task     ] GC(2474) Using 6 workers of 6 for evacuation
[2024-08-15T15:33:44.991+0000][11120.936s][info][gc,phases   ] GC(2474)   Pre Evacuate Collection Set: 0.5ms
[2024-08-15T15:33:44.992+0000][11120.936s][info][gc,phases   ] GC(2474)   Merge Heap Roots: 0.2ms
[2024-08-15T15:33:44.992+0000][11120.936s][info][gc,phases   ] GC(2474)   Evacuate Collection Set: 15.4ms
[2024-08-15T15:33:44.992+0000][11120.936s][info][gc,phases   ] GC(2474)   Post Evacuate Collection Set: 1.9ms
[2024-08-15T15:33:44.992+0000][11120.936s][info][gc,phases   ] GC(2474)   Other: 0.3ms
[2024-08-15T15:33:44.992+0000][11120.936s][info][gc,heap     ] GC(2474) Eden regions: 739->0(737)
[2024-08-15T15:33:44.992+0000][11120.936s][info][gc,heap     ] GC(2474) Survivor regions: 7->9(94)
[2024-08-15T15:33:44.992+0000][11120.936s][info][gc,heap     ] GC(2474) Old regions: 464->464
[2024-08-15T15:33:44.992+0000][11120.936s][info][gc,heap     ] GC(2474) Archive regions: 2->2
[2024-08-15T15:33:44.992+0000][11120.936s][info][gc,heap     ] GC(2474) Humongous regions: 5->5
[2024-08-15T15:33:44.992+0000][11120.936s][info][gc,metaspace] GC(2474) Metaspace: 442165K(448704K)->442165K(448704K) NonClass: 387274K(390976K)->387274K(390976K) Class: 54890K(57728K)->54890K(57728K)
[2024-08-15T15:33:44.992+0000][11120.936s][info][gc          ] GC(2474) Pause Young (Concurrent Start) (G1 Evacuation Pause) 9721M->3824M(12288M) 18.356ms
[2024-08-15T15:33:44.992+0000][11120.936s][info][gc,cpu      ] GC(2474) User=0.11s Sys=0.00s Real=0.02s
[2024-08-15T15:33:44.992+0000][11120.936s][info][gc          ] GC(2475) Concurrent Mark Cycle
[2024-08-15T15:33:44.992+0000][11120.936s][info][gc,marking  ] GC(2475) Concurrent Clear Claimed Marks
[2024-08-15T15:33:44.992+0000][11120.937s][info][gc,marking  ] GC(2475) Concurrent Clear Claimed Marks 0.401ms
[2024-08-15T15:33:44.992+0000][11120.937s][info][gc,marking  ] GC(2475) Concurrent Scan Root Regions
[2024-08-15T15:33:45.007+0000][11120.951s][info][gc,marking  ] GC(2475) Concurrent Scan Root Regions 14.685ms
[2024-08-15T15:33:45.007+0000][11120.951s][info][gc,marking  ] GC(2475) Concurrent Mark
[2024-08-15T15:33:45.007+0000][11120.951s][info][gc,marking  ] GC(2475) Concurrent Mark From Roots
[2024-08-15T15:33:45.007+0000][11120.951s][info][gc,task     ] GC(2475) Using 2 workers of 2 for marking
[2024-08-15T15:33:48.181+0000][11124.126s][info][gc,marking  ] GC(2475) Concurrent Mark From Roots 3174.106ms
[2024-08-15T15:33:48.181+0000][11124.126s][info][gc,marking  ] GC(2475) Concurrent Preclean
[2024-08-15T15:33:48.183+0000][11124.127s][info][gc,marking  ] GC(2475) Concurrent Preclean 1.859ms
[2024-08-15T15:33:48.183+0000][11124.128s][info][gc,start    ] GC(2475) Pause Remark
[2024-08-15T15:33:48.208+0000][11124.152s][info][gc          ] GC(2475) Pause Remark 8980M->8980M(12288M) 24.813ms
[2024-08-15T15:33:48.208+0000][11124.153s][info][gc,cpu      ] GC(2475) User=0.10s Sys=0.01s Real=0.03s
[2024-08-15T15:33:48.208+0000][11124.153s][info][gc,marking  ] GC(2475) Concurrent Mark 3201.166ms
[2024-08-15T15:33:48.208+0000][11124.153s][info][gc,marking  ] GC(2475) Concurrent Rebuild Remembered Sets
[2024-08-15T15:33:48.616+0000][11124.560s][info][gc,start    ] GC(2476) Pause Young (Normal) (G1 Evacuation Pause)
[2024-08-15T15:33:48.616+0000][11124.560s][info][gc,task     ] GC(2476) Using 6 workers of 6 for evacuation
[2024-08-15T15:33:48.638+0000][11124.582s][info][gc,phases   ] GC(2476)   Pre Evacuate Collection Set: 0.2ms
[2024-08-15T15:33:48.638+0000][11124.582s][info][gc,phases   ] GC(2476)   Merge Heap Roots: 0.3ms
[2024-08-15T15:33:48.638+0000][11124.582s][info][gc,phases   ] GC(2476)   Evacuate Collection Set: 19.8ms
[2024-08-15T15:33:48.638+0000][11124.582s][info][gc,phases   ] GC(2476)   Post Evacuate Collection Set: 1.8ms
[2024-08-15T15:33:48.638+0000][11124.582s][info][gc,phases   ] GC(2476)   Other: 0.2ms
[2024-08-15T15:33:48.638+0000][11124.582s][info][gc,heap     ] GC(2476) Eden regions: 737->0(737)
[2024-08-15T15:33:48.638+0000][11124.582s][info][gc,heap     ] GC(2476) Survivor regions: 9->10(94)
[2024-08-15T15:33:48.638+0000][11124.582s][info][gc,heap     ] GC(2476) Old regions: 464->464
[2024-08-15T15:33:48.638+0000][11124.583s][info][gc,heap     ] GC(2476) Archive regions: 2->2
[2024-08-15T15:33:48.638+0000][11124.583s][info][gc,heap     ] GC(2476) Humongous regions: 5->5
[2024-08-15T15:33:48.638+0000][11124.583s][info][gc,metaspace] GC(2476) Metaspace: 442165K(448704K)->442165K(448704K) NonClass: 387274K(390976K)->387274K(390976K) Class: 54890K(57728K)->54890K(57728K)
[2024-08-15T15:33:48.638+0000][11124.583s][info][gc          ] GC(2476) Pause Young (Normal) (G1 Evacuation Pause) 9720M->3827M(12288M) 22.348ms
[2024-08-15T15:33:48.638+0000][11124.583s][info][gc,cpu      ] GC(2476) User=0.13s Sys=0.00s Real=0.02s
[2024-08-15T15:33:50.128+0000][11126.072s][info][gc,marking  ] GC(2475) Concurrent Rebuild Remembered Sets 1919.685ms
[2024-08-15T15:33:50.189+0000][11126.134s][info][gc,start    ] GC(2475) Pause Cleanup
[2024-08-15T15:33:50.190+0000][11126.134s][info][gc          ] GC(2475) Pause Cleanup 6571M->6571M(12288M) 0.632ms
[2024-08-15T15:33:50.190+0000][11126.134s][info][gc,cpu      ] GC(2475) User=0.00s Sys=0.01s Real=0.00s
[2024-08-15T15:33:50.190+0000][11126.135s][info][gc,marking  ] GC(2475) Concurrent Cleanup for Next Mark
[2024-08-15T15:33:50.207+0000][11126.152s][info][gc,marking  ] GC(2475) Concurrent Cleanup for Next Mark 17.017ms
[2024-08-15T15:33:50.207+0000][11126.152s][info][gc          ] GC(2475) Concurrent Mark Cycle 5215.366ms
[2024-08-15T15:33:51.665+0000][11127.609s][info][gc,start    ] GC(2477) Pause Young (Prepare Mixed) (G1 Evacuation Pause)
[2024-08-15T15:33:51.665+0000][11127.609s][info][gc,task     ] GC(2477) Using 6 workers of 6 for evacuation
[2024-08-15T15:33:51.687+0000][11127.632s][info][gc,phases   ] GC(2477)   Pre Evacuate Collection Set: 0.2ms
[2024-08-15T15:33:51.687+0000][11127.632s][info][gc,phases   ] GC(2477)   Merge Heap Roots: 0.3ms
[2024-08-15T15:33:51.687+0000][11127.632s][info][gc,phases   ] GC(2477)   Evacuate Collection Set: 20.0ms
[2024-08-15T15:33:51.687+0000][11127.632s][info][gc,phases   ] GC(2477)   Post Evacuate Collection Set: 1.7ms
[2024-08-15T15:33:51.687+0000][11127.632s][info][gc,phases   ] GC(2477)   Other: 0.2ms
[2024-08-15T15:33:51.687+0000][11127.632s][info][gc,heap     ] GC(2477) Eden regions: 737->0(65)
[2024-08-15T15:33:51.687+0000][11127.632s][info][gc,heap     ] GC(2477) Survivor regions: 10->11(94)
[2024-08-15T15:33:51.687+0000][11127.632s][info][gc,heap     ] GC(2477) Old regions: 464->464
[2024-08-15T15:33:51.687+0000][11127.632s][info][gc,heap     ] GC(2477) Archive regions: 2->2
[2024-08-15T15:33:51.687+0000][11127.632s][info][gc,heap     ] GC(2477) Humongous regions: 5->5
[2024-08-15T15:33:51.687+0000][11127.632s][info][gc,metaspace] GC(2477) Metaspace: 442165K(448704K)->442165K(448704K) NonClass: 387274K(390976K)->387274K(390976K) Class: 54890K(57728K)->54890K(57728K)
[2024-08-15T15:33:51.687+0000][11127.632s][info][gc          ] GC(2477) Pause Young (Prepare Mixed) (G1 Evacuation Pause) 9723M->3836M(12288M) 22.501ms
[2024-08-15T15:33:51.687+0000][11127.632s][info][gc,cpu      ] GC(2477) User=0.13s Sys=0.01s Real=0.02s
[2024-08-15T15:33:51.991+0000][11127.936s][info][gc,start    ] GC(2478) Pause Young (Mixed) (G1 Evacuation Pause)
[2024-08-15T15:33:51.991+0000][11127.936s][info][gc,task     ] GC(2478) Using 6 workers of 6 for evacuation
[2024-08-15T15:33:52.055+0000][11127.999s][info][gc,phases   ] GC(2478)   Pre Evacuate Collection Set: 0.2ms
[2024-08-15T15:33:52.055+0000][11127.999s][info][gc,phases   ] GC(2478)   Merge Heap Roots: 0.4ms
[2024-08-15T15:33:52.055+0000][11127.999s][info][gc,phases   ] GC(2478)   Evacuate Collection Set: 61.5ms
[2024-08-15T15:33:52.055+0000][11127.999s][info][gc,phases   ] GC(2478)   Post Evacuate Collection Set: 1.3ms
[2024-08-15T15:33:52.055+0000][11127.999s][info][gc,phases   ] GC(2478)   Other: 0.2ms
[2024-08-15T15:33:52.055+0000][11127.999s][info][gc,heap     ] GC(2478) Eden regions: 65->0(744)
[2024-08-15T15:33:52.055+0000][11127.999s][info][gc,heap     ] GC(2478) Survivor regions: 11->5(10)
[2024-08-15T15:33:52.055+0000][11127.999s][info][gc,heap     ] GC(2478) Old regions: 464->462
[2024-08-15T15:33:52.055+0000][11127.999s][info][gc,heap     ] GC(2478) Archive regions: 2->2
[2024-08-15T15:33:52.055+0000][11127.999s][info][gc,heap     ] GC(2478) Humongous regions: 5->5
[2024-08-15T15:33:52.055+0000][11127.999s][info][gc,metaspace] GC(2478) Metaspace: 442165K(448704K)->442165K(448704K) NonClass: 387274K(390976K)->387274K(390976K) Class: 54890K(57728K)->54890K(57728K)
[2024-08-15T15:33:52.055+0000][11127.999s][info][gc          ] GC(2478) Pause Young (Mixed) (G1 Evacuation Pause) 4356M->3774M(12288M) 63.685ms
[2024-08-15T15:33:52.055+0000][11127.999s][info][gc,cpu      ] GC(2478) User=0.38s Sys=0.01s Real=0.06s
[2024-08-15T15:33:55.484+0000][11131.428s][info][gc,start    ] GC(2479) Pause Young (Normal) (G1 Evacuation Pause)
[2024-08-15T15:33:55.484+0000][11131.428s][info][gc,task     ] GC(2479) Using 6 workers of 6 for evacuation
[2024-08-15T15:33:55.495+0000][11131.440s][info][gc,phases   ] GC(2479)   Pre Evacuate Collection Set: 0.2ms
[2024-08-15T15:33:55.495+0000][11131.440s][info][gc,phases   ] GC(2479)   Merge Heap Roots: 0.2ms
[2024-08-15T15:33:55.495+0000][11131.440s][info][gc,phases   ] GC(2479)   Evacuate Collection Set: 9.3ms
[2024-08-15T15:33:55.495+0000][11131.440s][info][gc,phases   ] GC(2479)   Post Evacuate Collection Set: 1.7ms
[2024-08-15T15:33:55.495+0000][11131.440s][info][gc,phases   ] GC(2479)   Other: 0.2ms
[2024-08-15T15:33:55.495+0000][11131.440s][info][gc,heap     ] GC(2479) Eden regions: 744->0(738)
[2024-08-15T15:33:55.495+0000][11131.440s][info][gc,heap     ] GC(2479) Survivor regions: 5->8(94)
[2024-08-15T15:33:55.495+0000][11131.440s][info][gc,heap     ] GC(2479) Old regions: 462->462
[2024-08-15T15:33:55.495+0000][11131.440s][info][gc,heap     ] GC(2479) Archive regions: 2->2
[2024-08-15T15:33:55.495+0000][11131.440s][info][gc,heap     ] GC(2479) Humongous regions: 5->5
[2024-08-15T15:33:55.495+0000][11131.440s][info][gc,metaspace] GC(2479) Metaspace: 442165K(448704K)->442165K(448704K) NonClass: 387275K(390976K)->387275K(390976K) Class: 54890K(57728K)->54890K(57728K)
[2024-08-15T15:33:55.495+0000][11131.440s][info][gc          ] GC(2479) Pause Young (Normal) (G1 Evacuation Pause) 9726M->3797M(12288M) 11.744ms
[2024-08-15T15:33:55.495+0000][11131.440s][info][gc,cpu      ] GC(2479) User=0.06s Sys=0.00s Real=0.01s
[2024-08-15T15:34:00.549+0000][11136.494s][info][gc,start    ] GC(2480) Pause Young (Normal) (G1 Evacuation Pause)
[2024-08-15T15:34:00.549+0000][11136.494s][info][gc,task     ] GC(2480) Using 6 workers of 6 for evacuation
[2024-08-15T15:34:00.564+0000][11136.508s][info][gc,phases   ] GC(2480)   Pre Evacuate Collection Set: 0.2ms
[2024-08-15T15:34:00.564+0000][11136.508s][info][gc,phases   ] GC(2480)   Merge Heap Roots: 0.2ms
[2024-08-15T15:34:00.564+0000][11136.508s][info][gc,phases   ] GC(2480)   Evacuate Collection Set: 12.3ms
[2024-08-15T15:34:00.564+0000][11136.508s][info][gc,phases   ] GC(2480)   Post Evacuate Collection Set: 1.7ms
[2024-08-15T15:34:00.564+0000][11136.508s][info][gc,phases   ] GC(2480)   Other: 0.2ms
[2024-08-15T15:34:00.564+0000][11136.508s][info][gc,heap     ] GC(2480) Eden regions: 738->0(732)
[2024-08-15T15:34:00.564+0000][11136.508s][info][gc,heap     ] GC(2480) Survivor regions: 8->12(94)
[2024-08-15T15:34:00.564+0000][11136.508s][info][gc,heap     ] GC(2480) Old regions: 462->462
[2024-08-15T15:34:00.564+0000][11136.508s][info][gc,heap     ] GC(2480) Archive regions: 2->2
[2024-08-15T15:34:00.564+0000][11136.508s][info][gc,heap     ] GC(2480) Humongous regions: 5->5
[2024-08-15T15:34:00.564+0000][11136.508s][info][gc,metaspace] GC(2480) Metaspace: 442166K(448704K)->442166K(448704K) NonClass: 387275K(390976K)->387275K(390976K) Class: 54890K(57728K)->54890K(57728K)
[2024-08-15T15:34:00.564+0000][11136.508s][info][gc          ] GC(2480) Pause Young (Normal) (G1 Evacuation Pause) 9701M->3826M(12288M) 14.711ms
[2024-08-15T15:34:00.564+0000][11136.508s][info][gc,cpu      ] GC(2480) User=0.08s Sys=0.00s Real=0.02s
[2024-08-15T15:34:05.421+0000][11141.366s][info][gc,start    ] GC(2481) Pause Young (Concurrent Start) (G1 Evacuation Pause)
[2024-08-15T15:34:05.421+0000][11141.366s][info][gc,task     ] GC(2481) Using 6 workers of 6 for evacuation
[2024-08-15T15:34:05.438+0000][11141.383s][info][gc,phases   ] GC(2481)   Pre Evacuate Collection Set: 0.6ms
[2024-08-15T15:34:05.438+0000][11141.383s][info][gc,phases   ] GC(2481)   Merge Heap Roots: 0.2ms
[2024-08-15T15:34:05.438+0000][11141.383s][info][gc,phases   ] GC(2481)   Evacuate Collection Set: 14.4ms
[2024-08-15T15:34:05.438+0000][11141.383s][info][gc,phases   ] GC(2481)   Post Evacuate Collection Set: 1.7ms
[2024-08-15T15:34:05.438+0000][11141.383s][info][gc,phases   ] GC(2481)   Other: 0.3ms
[2024-08-15T15:34:05.438+0000][11141.383s][info][gc,heap     ] GC(2481) Eden regions: 732->0(732)
[2024-08-15T15:34:05.438+0000][11141.383s][info][gc,heap     ] GC(2481) Survivor regions: 12->12(93)
[2024-08-15T15:34:05.438+0000][11141.383s][info][gc,heap     ] GC(2481) Old regions: 462->462
[2024-08-15T15:34:05.438+0000][11141.383s][info][gc,heap     ] GC(2481) Archive regions: 2->2
[2024-08-15T15:34:05.438+0000][11141.383s][info][gc,heap     ] GC(2481) Humongous regions: 5->5
[2024-08-15T15:34:05.438+0000][11141.383s][info][gc,metaspace] GC(2481) Metaspace: 442166K(448704K)->442166K(448704K) NonClass: 387275K(390976K)->387275K(390976K) Class: 54890K(57728K)->54890K(57728K)
[2024-08-15T15:34:05.438+0000][11141.383s][info][gc          ] GC(2481) Pause Young (Concurrent Start) (G1 Evacuation Pause) 9682M->3827M(12288M) 17.349ms
[2024-08-15T15:34:05.439+0000][11141.383s][info][gc,cpu      ] GC(2481) User=0.10s Sys=0.00s Real=0.02s
[2024-08-15T15:34:05.439+0000][11141.383s][info][gc          ] GC(2482) Concurrent Mark Cycle
[2024-08-15T15:34:05.439+0000][11141.383s][info][gc,marking  ] GC(2482) Concurrent Clear Claimed Marks
[2024-08-15T15:34:05.439+0000][11141.384s][info][gc,marking  ] GC(2482) Concurrent Clear Claimed Marks 0.393ms
[2024-08-15T15:34:05.439+0000][11141.384s][info][gc,marking  ] GC(2482) Concurrent Scan Root Regions
[2024-08-15T15:34:05.455+0000][11141.399s][info][gc,marking  ] GC(2482) Concurrent Scan Root Regions 15.521ms
[2024-08-15T15:34:05.455+0000][11141.399s][info][gc,marking  ] GC(2482) Concurrent Mark
[2024-08-15T15:34:05.455+0000][11141.399s][info][gc,marking  ] GC(2482) Concurrent Mark From Roots
[2024-08-15T15:34:05.455+0000][11141.399s][info][gc,task     ] GC(2482) Using 2 workers of 2 for marking
[2024-08-15T15:34:08.516+0000][11144.461s][info][gc,marking  ] GC(2482) Concurrent Mark From Roots 3061.649ms
[2024-08-15T15:34:08.516+0000][11144.461s][info][gc,marking  ] GC(2482) Concurrent Preclean
[2024-08-15T15:34:08.518+0000][11144.463s][info][gc,marking  ] GC(2482) Concurrent Preclean 1.803ms
[2024-08-15T15:34:08.518+0000][11144.463s][info][gc,start    ] GC(2482) Pause Remark
[2024-08-15T15:34:08.542+0000][11144.486s][info][gc          ] GC(2482) Pause Remark 6943M->6943M(12288M) 23.622ms
[2024-08-15T15:34:08.542+0000][11144.487s][info][gc,cpu      ] GC(2482) User=0.10s Sys=0.00s Real=0.02s
[2024-08-15T15:34:08.542+0000][11144.487s][info][gc,marking  ] GC(2482) Concurrent Mark 3087.432ms
[2024-08-15T15:34:08.542+0000][11144.487s][info][gc,marking  ] GC(2482) Concurrent Rebuild Remembered Sets
[2024-08-15T15:34:10.342+0000][11146.287s][info][gc,marking  ] GC(2482) Concurrent Rebuild Remembered Sets 1800.068ms
[2024-08-15T15:34:10.342+0000][11146.287s][info][gc,start    ] GC(2482) Pause Cleanup
[2024-08-15T15:34:10.343+0000][11146.288s][info][gc          ] GC(2482) Pause Cleanup 8887M->8887M(12288M) 0.610ms
[2024-08-15T15:34:10.343+0000][11146.288s][info][gc,cpu      ] GC(2482) User=0.00s Sys=0.00s Real=0.00s
[2024-08-15T15:34:10.343+0000][11146.288s][info][gc,marking  ] GC(2482) Concurrent Cleanup for Next Mark
[2024-08-15T15:34:10.360+0000][11146.305s][info][gc,marking  ] GC(2482) Concurrent Cleanup for Next Mark 16.917ms
[2024-08-15T15:34:10.360+0000][11146.305s][info][gc          ] GC(2482) Concurrent Mark Cycle 4921.494ms
[2024-08-15T15:34:10.979+0000][11146.924s][info][gc,start    ] GC(2483) Pause Young (Prepare Mixed) (G1 Evacuation Pause)
[2024-08-15T15:34:10.979+0000][11146.924s][info][gc,task     ] GC(2483) Using 6 workers of 6 for evacuation
[2024-08-15T15:34:10.999+0000][11146.944s][info][gc,phases   ] GC(2483)   Pre Evacuate Collection Set: 0.2ms
[2024-08-15T15:34:10.999+0000][11146.944s][info][gc,phases   ] GC(2483)   Merge Heap Roots: 0.4ms
[2024-08-15T15:34:10.999+0000][11146.944s][info][gc,phases   ] GC(2483)   Evacuate Collection Set: 17.6ms
[2024-08-15T15:34:10.999+0000][11146.944s][info][gc,phases   ] GC(2483)   Post Evacuate Collection Set: 1.8ms
[2024-08-15T15:34:10.999+0000][11146.944s][info][gc,phases   ] GC(2483)   Other: 0.2ms
[2024-08-15T15:34:10.999+0000][11146.944s][info][gc,heap     ] GC(2483) Eden regions: 732->0(63)
[2024-08-15T15:34:10.999+0000][11146.944s][info][gc,heap     ] GC(2483) Survivor regions: 12->13(93)
[2024-08-15T15:34:10.999+0000][11146.944s][info][gc,heap     ] GC(2483) Old regions: 462->462
[2024-08-15T15:34:10.999+0000][11146.944s][info][gc,heap     ] GC(2483) Archive regions: 2->2
[2024-08-15T15:34:10.999+0000][11146.944s][info][gc,heap     ] GC(2483) Humongous regions: 5->5
[2024-08-15T15:34:10.999+0000][11146.944s][info][gc,metaspace] GC(2483) Metaspace: 442166K(448704K)->442166K(448704K) NonClass: 387275K(390976K)->387275K(390976K) Class: 54890K(57728K)->54890K(57728K)
[2024-08-15T15:34:11.000+0000][11146.944s][info][gc          ] GC(2483) Pause Young (Prepare Mixed) (G1 Evacuation Pause) 9683M->3838M(12288M) 20.202ms
[2024-08-15T15:34:11.000+0000][11146.944s][info][gc,cpu      ] GC(2483) User=0.11s Sys=0.00s Real=0.02s
[2024-08-15T15:34:11.406+0000][11147.351s][info][gc,start    ] GC(2484) Pause Young (Mixed) (G1 Evacuation Pause)
[2024-08-15T15:34:11.406+0000][11147.351s][info][gc,task     ] GC(2484) Using 6 workers of 6 for evacuation
[2024-08-15T15:34:11.465+0000][11147.410s][info][gc,phases   ] GC(2484)   Pre Evacuate Collection Set: 0.2ms
[2024-08-15T15:34:11.465+0000][11147.410s][info][gc,phases   ] GC(2484)   Merge Heap Roots: 0.4ms
[2024-08-15T15:34:11.465+0000][11147.410s][info][gc,phases   ] GC(2484)   Evacuate Collection Set: 56.7ms
[2024-08-15T15:34:11.465+0000][11147.410s][info][gc,phases   ] GC(2484)   Post Evacuate Collection Set: 1.3ms
[2024-08-15T15:34:11.465+0000][11147.410s][info][gc,phases   ] GC(2484)   Other: 0.2ms
[2024-08-15T15:34:11.465+0000][11147.410s][info][gc,heap     ] GC(2484) Eden regions: 63->0(738)
[2024-08-15T15:34:11.465+0000][11147.410s][info][gc,heap     ] GC(2484) Survivor regions: 13->4(10)
[2024-08-15T15:34:11.465+0000][11147.410s][info][gc,heap     ] GC(2484) Old regions: 462->465
[2024-08-15T15:34:11.465+0000][11147.410s][info][gc,heap     ] GC(2484) Archive regions: 2->2
[2024-08-15T15:34:11.465+0000][11147.410s][info][gc,heap     ] GC(2484) Humongous regions: 5->5
[2024-08-15T15:34:11.465+0000][11147.410s][info][gc,metaspace] GC(2484) Metaspace: 442166K(448704K)->442166K(448704K) NonClass: 387275K(390976K)->387275K(390976K) Class: 54890K(57728K)->54890K(57728K)
[2024-08-15T15:34:11.465+0000][11147.410s][info][gc          ] GC(2484) Pause Young (Mixed) (G1 Evacuation Pause) 4342M->3790M(12288M) 58.823ms
[2024-08-15T15:34:11.465+0000][11147.410s][info][gc,cpu      ] GC(2484) User=0.35s Sys=0.00s Real=0.06s
[2024-08-15T15:34:16.474+0000][11152.419s][info][gc,start    ] GC(2485) Pause Young (Normal) (G1 Evacuation Pause)
[2024-08-15T15:34:16.474+0000][11152.419s][info][gc,task     ] GC(2485) Using 6 workers of 6 for evacuation
[2024-08-15T15:34:16.487+0000][11152.431s][info][gc,phases   ] GC(2485)   Pre Evacuate Collection Set: 0.2ms
[2024-08-15T15:34:16.487+0000][11152.431s][info][gc,phases   ] GC(2485)   Merge Heap Roots: 0.2ms
[2024-08-15T15:34:16.487+0000][11152.431s][info][gc,phases   ] GC(2485)   Evacuate Collection Set: 10.1ms
[2024-08-15T15:34:16.487+0000][11152.431s][info][gc,phases   ] GC(2485)   Post Evacuate Collection Set: 1.7ms
[2024-08-15T15:34:16.487+0000][11152.431s][info][gc,phases   ] GC(2485)   Other: 0.2ms
[2024-08-15T15:34:16.487+0000][11152.431s][info][gc,heap     ] GC(2485) Eden regions: 738->0(735)
[2024-08-15T15:34:16.487+0000][11152.431s][info][gc,heap     ] GC(2485) Survivor regions: 4->7(93)
[2024-08-15T15:34:16.487+0000][11152.431s][info][gc,heap     ] GC(2485) Old regions: 465->465
[2024-08-15T15:34:16.487+0000][11152.431s][info][gc,heap     ] GC(2485) Archive regions: 2->2
[2024-08-15T15:34:16.487+0000][11152.431s][info][gc,heap     ] GC(2485) Humongous regions: 5->5
[2024-08-15T15:34:16.487+0000][11152.431s][info][gc,metaspace] GC(2485) Metaspace: 442166K(448704K)->442166K(448704K) NonClass: 387275K(390976K)->387275K(390976K) Class: 54890K(57728K)->54890K(57728K)
[2024-08-15T15:34:16.487+0000][11152.432s][info][gc          ] GC(2485) Pause Young (Normal) (G1 Evacuation Pause) 9694M->3814M(12288M) 12.433ms
[2024-08-15T15:34:16.487+0000][11152.432s][info][gc,cpu      ] GC(2485) User=0.07s Sys=0.00s Real=0.02s
[2024-08-15T15:34:21.290+0000][11157.235s][info][gc,start    ] GC(2486) Pause Young (Normal) (G1 Evacuation Pause)
[2024-08-15T15:34:21.290+0000][11157.235s][info][gc,task     ] GC(2486) Using 6 workers of 6 for evacuation
[2024-08-15T15:34:21.304+0000][11157.249s][info][gc,phases   ] GC(2486)   Pre Evacuate Collection Set: 0.2ms
[2024-08-15T15:34:21.304+0000][11157.249s][info][gc,phases   ] GC(2486)   Merge Heap Roots: 0.2ms
[2024-08-15T15:34:21.304+0000][11157.249s][info][gc,phases   ] GC(2486)   Evacuate Collection Set: 11.5ms
[2024-08-15T15:34:21.304+0000][11157.249s][info][gc,phases   ] GC(2486)   Post Evacuate Collection Set: 1.7ms
[2024-08-15T15:34:21.304+0000][11157.249s][info][gc,phases   ] GC(2486)   Other: 0.2ms
[2024-08-15T15:34:21.304+0000][11157.249s][info][gc,heap     ] GC(2486) Eden regions: 735->0(736)
[2024-08-15T15:34:21.304+0000][11157.249s][info][gc,heap     ] GC(2486) Survivor regions: 7->7(93)
[2024-08-15T15:34:21.304+0000][11157.249s][info][gc,heap     ] GC(2486) Old regions: 465->465
[2024-08-15T15:34:21.304+0000][11157.249s][info][gc,heap     ] GC(2486) Archive regions: 2->2
[2024-08-15T15:34:21.304+0000][11157.249s][info][gc,heap     ] GC(2486) Humongous regions: 5->5
[2024-08-15T15:34:21.304+0000][11157.249s][info][gc,metaspace] GC(2486) Metaspace: 442166K(448704K)->442166K(448704K) NonClass: 387275K(390976K)->387275K(390976K) Class: 54890K(57728K)->54890K(57728K)
[2024-08-15T15:34:21.304+0000][11157.249s][info][gc          ] GC(2486) Pause Young (Normal) (G1 Evacuation Pause) 9694M->3812M(12288M) 13.953ms
[2024-08-15T15:34:21.304+0000][11157.249s][info][gc,cpu      ] GC(2486) User=0.08s Sys=0.00s Real=0.02s
[2024-08-15T15:34:26.299+0000][11162.243s][info][gc,start    ] GC(2487) Pause Young (Concurrent Start) (G1 Evacuation Pause)
[2024-08-15T15:34:26.299+0000][11162.243s][info][gc,task     ] GC(2487) Using 6 workers of 6 for evacuation
[2024-08-15T15:34:26.317+0000][11162.262s][info][gc,phases   ] GC(2487)   Pre Evacuate Collection Set: 0.6ms
[2024-08-15T15:34:26.317+0000][11162.262s][info][gc,phases   ] GC(2487)   Merge Heap Roots: 0.2ms
[2024-08-15T15:34:26.317+0000][11162.262s][info][gc,phases   ] GC(2487)   Evacuate Collection Set: 16.0ms
[2024-08-15T15:34:26.317+0000][11162.262s][info][gc,phases   ] GC(2487)   Post Evacuate Collection Set: 1.7ms
[2024-08-15T15:34:26.317+0000][11162.262s][info][gc,phases   ] GC(2487)   Other: 0.3ms
[2024-08-15T15:34:26.317+0000][11162.262s][info][gc,heap     ] GC(2487) Eden regions: 736->0(734)
[2024-08-15T15:34:26.317+0000][11162.262s][info][gc,heap     ] GC(2487) Survivor regions: 7->9(93)
[2024-08-15T15:34:26.317+0000][11162.262s][info][gc,heap     ] GC(2487) Old regions: 465->465
[2024-08-15T15:34:26.317+0000][11162.262s][info][gc,heap     ] GC(2487) Archive regions: 2->2
[2024-08-15T15:34:26.317+0000][11162.262s][info][gc,heap     ] GC(2487) Humongous regions: 5->5
[2024-08-15T15:34:26.317+0000][11162.262s][info][gc,metaspace] GC(2487) Metaspace: 442166K(448704K)->442166K(448704K) NonClass: 387275K(390976K)->387275K(390976K) Class: 54890K(57728K)->54890K(57728K)
[2024-08-15T15:34:26.317+0000][11162.262s][info][gc          ] GC(2487) Pause Young (Concurrent Start) (G1 Evacuation Pause) 9700M->3833M(12288M) 18.868ms
[2024-08-15T15:34:26.318+0000][11162.262s][info][gc,cpu      ] GC(2487) User=0.11s Sys=0.00s Real=0.02s
[2024-08-15T15:34:26.318+0000][11162.262s][info][gc          ] GC(2488) Concurrent Mark Cycle
[2024-08-15T15:34:26.318+0000][11162.262s][info][gc,marking  ] GC(2488) Concurrent Clear Claimed Marks
[2024-08-15T15:34:26.318+0000][11162.263s][info][gc,marking  ] GC(2488) Concurrent Clear Claimed Marks 0.392ms
[2024-08-15T15:34:26.318+0000][11162.263s][info][gc,marking  ] GC(2488) Concurrent Scan Root Regions
[2024-08-15T15:34:26.331+0000][11162.276s][info][gc,marking  ] GC(2488) Concurrent Scan Root Regions 13.319ms
[2024-08-15T15:34:26.331+0000][11162.276s][info][gc,marking  ] GC(2488) Concurrent Mark
[2024-08-15T15:34:26.331+0000][11162.276s][info][gc,marking  ] GC(2488) Concurrent Mark From Roots
[2024-08-15T15:34:26.331+0000][11162.276s][info][gc,task     ] GC(2488) Using 2 workers of 2 for marking
[2024-08-15T15:34:29.227+0000][11165.172s][info][gc,marking  ] GC(2488) Concurrent Mark From Roots 2896.006ms
[2024-08-15T15:34:29.227+0000][11165.172s][info][gc,marking  ] GC(2488) Concurrent Preclean
[2024-08-15T15:34:29.229+0000][11165.173s][info][gc,marking  ] GC(2488) Concurrent Preclean 1.361ms
[2024-08-15T15:34:29.229+0000][11165.173s][info][gc,start    ] GC(2488) Pause Remark
[2024-08-15T15:34:29.253+0000][11165.197s][info][gc          ] GC(2488) Pause Remark 6713M->6713M(12288M) 23.878ms
[2024-08-15T15:34:29.253+0000][11165.197s][info][gc,cpu      ] GC(2488) User=0.10s Sys=0.00s Real=0.02s
[2024-08-15T15:34:29.253+0000][11165.198s][info][gc,marking  ] GC(2488) Concurrent Mark 2921.599ms
[2024-08-15T15:34:29.253+0000][11165.198s][info][gc,marking  ] GC(2488) Concurrent Rebuild Remembered Sets
[2024-08-15T15:34:30.526+0000][11166.471s][info][gc,marking  ] GC(2488) Concurrent Rebuild Remembered Sets 1272.959ms
[2024-08-15T15:34:30.526+0000][11166.471s][info][gc,start    ] GC(2488) Pause Cleanup
[2024-08-15T15:34:30.527+0000][11166.471s][info][gc          ] GC(2488) Pause Cleanup 8217M->8217M(12288M) 0.552ms
[2024-08-15T15:34:30.527+0000][11166.471s][info][gc,cpu      ] GC(2488) User=0.00s Sys=0.00s Real=0.00s
[2024-08-15T15:34:30.527+0000][11166.471s][info][gc,marking  ] GC(2488) Concurrent Cleanup for Next Mark
[2024-08-15T15:34:30.542+0000][11166.487s][info][gc,marking  ] GC(2488) Concurrent Cleanup for Next Mark 15.343ms
[2024-08-15T15:34:30.542+0000][11166.487s][info][gc          ] GC(2488) Concurrent Mark Cycle 4224.640ms
[2024-08-15T15:34:31.952+0000][11167.897s][info][gc,start    ] GC(2489) Pause Young (Prepare Mixed) (G1 Evacuation Pause)
[2024-08-15T15:34:31.952+0000][11167.897s][info][gc,task     ] GC(2489) Using 6 workers of 6 for evacuation
[2024-08-15T15:34:31.972+0000][11167.916s][info][gc,phases   ] GC(2489)   Pre Evacuate Collection Set: 0.2ms
[2024-08-15T15:34:31.972+0000][11167.916s][info][gc,phases   ] GC(2489)   Merge Heap Roots: 0.3ms
[2024-08-15T15:34:31.972+0000][11167.916s][info][gc,phases   ] GC(2489)   Evacuate Collection Set: 17.2ms
[2024-08-15T15:34:31.972+0000][11167.916s][info][gc,phases   ] GC(2489)   Post Evacuate Collection Set: 1.9ms
[2024-08-15T15:34:31.972+0000][11167.916s][info][gc,phases   ] GC(2489)   Other: 0.2ms
[2024-08-15T15:34:31.972+0000][11167.916s][info][gc,heap     ] GC(2489) Eden regions: 734->0(67)
[2024-08-15T15:34:31.972+0000][11167.916s][info][gc,heap     ] GC(2489) Survivor regions: 9->9(93)
[2024-08-15T15:34:31.972+0000][11167.916s][info][gc,heap     ] GC(2489) Old regions: 465->465
[2024-08-15T15:34:31.972+0000][11167.916s][info][gc,heap     ] GC(2489) Archive regions: 2->2
[2024-08-15T15:34:31.972+0000][11167.916s][info][gc,heap     ] GC(2489) Humongous regions: 5->5
[2024-08-15T15:34:31.972+0000][11167.916s][info][gc,metaspace] GC(2489) Metaspace: 442166K(448704K)->442166K(448704K) NonClass: 387275K(390976K)->387275K(390976K) Class: 54890K(57728K)->54890K(57728K)
[2024-08-15T15:34:31.972+0000][11167.917s][info][gc          ] GC(2489) Pause Young (Prepare Mixed) (G1 Evacuation Pause) 9705M->3834M(12288M) 19.817ms
[2024-08-15T15:34:31.972+0000][11167.917s][info][gc,cpu      ] GC(2489) User=0.11s Sys=0.00s Real=0.02s
[2024-08-15T15:34:32.419+0000][11168.363s][info][gc,start    ] GC(2490) Pause Young (Mixed) (G1 Evacuation Pause)
[2024-08-15T15:34:32.419+0000][11168.363s][info][gc,task     ] GC(2490) Using 6 workers of 6 for evacuation
[2024-08-15T15:34:32.471+0000][11168.416s][info][gc,phases   ] GC(2490)   Pre Evacuate Collection Set: 0.2ms
[2024-08-15T15:34:32.471+0000][11168.416s][info][gc,phases   ] GC(2490)   Merge Heap Roots: 0.4ms
[2024-08-15T15:34:32.471+0000][11168.416s][info][gc,phases   ] GC(2490)   Evacuate Collection Set: 50.6ms
[2024-08-15T15:34:32.471+0000][11168.416s][info][gc,phases   ] GC(2490)   Post Evacuate Collection Set: 1.3ms
[2024-08-15T15:34:32.471+0000][11168.416s][info][gc,phases   ] GC(2490)   Other: 0.2ms
[2024-08-15T15:34:32.471+0000][11168.416s][info][gc,heap     ] GC(2490) Eden regions: 67->0(743)
[2024-08-15T15:34:32.471+0000][11168.416s][info][gc,heap     ] GC(2490) Survivor regions: 9->6(10)
[2024-08-15T15:34:32.471+0000][11168.416s][info][gc,heap     ] GC(2490) Old regions: 465->459
[2024-08-15T15:34:32.471+0000][11168.416s][info][gc,heap     ] GC(2490) Archive regions: 2->2
[2024-08-15T15:34:32.471+0000][11168.416s][info][gc,heap     ] GC(2490) Humongous regions: 5->5
[2024-08-15T15:34:32.471+0000][11168.416s][info][gc,metaspace] GC(2490) Metaspace: 442166K(448704K)->442166K(448704K) NonClass: 387275K(390976K)->387275K(390976K) Class: 54890K(57728K)->54890K(57728K)
[2024-08-15T15:34:32.471+0000][11168.416s][info][gc          ] GC(2490) Pause Young (Mixed) (G1 Evacuation Pause) 4370M->3762M(12288M) 52.672ms
[2024-08-15T15:34:32.471+0000][11168.416s][info][gc,cpu      ] GC(2490) User=0.32s Sys=0.00s Real=0.05s
[2024-08-15T15:34:37.330+0000][11173.275s][info][gc,start    ] GC(2491) Pause Young (Normal) (G1 Evacuation Pause)
[2024-08-15T15:34:37.330+0000][11173.275s][info][gc,task     ] GC(2491) Using 6 workers of 6 for evacuation
[2024-08-15T15:34:37.344+0000][11173.289s][info][gc,phases   ] GC(2491)   Pre Evacuate Collection Set: 0.2ms
[2024-08-15T15:34:37.344+0000][11173.289s][info][gc,phases   ] GC(2491)   Merge Heap Roots: 0.3ms
[2024-08-15T15:34:37.344+0000][11173.289s][info][gc,phases   ] GC(2491)   Evacuate Collection Set: 11.7ms
[2024-08-15T15:34:37.344+0000][11173.289s][info][gc,phases   ] GC(2491)   Post Evacuate Collection Set: 1.7ms
[2024-08-15T15:34:37.344+0000][11173.289s][info][gc,phases   ] GC(2491)   Other: 0.2ms
[2024-08-15T15:34:37.344+0000][11173.289s][info][gc,heap     ] GC(2491) Eden regions: 743->0(743)
[2024-08-15T15:34:37.344+0000][11173.289s][info][gc,heap     ] GC(2491) Survivor regions: 6->6(94)
[2024-08-15T15:34:37.344+0000][11173.289s][info][gc,heap     ] GC(2491) Old regions: 459->459
[2024-08-15T15:34:37.344+0000][11173.289s][info][gc,heap     ] GC(2491) Archive regions: 2->2
[2024-08-15T15:34:37.344+0000][11173.289s][info][gc,heap     ] GC(2491) Humongous regions: 5->5
[2024-08-15T15:34:37.344+0000][11173.289s][info][gc,metaspace] GC(2491) Metaspace: 442168K(448704K)->442168K(448704K) NonClass: 387278K(390976K)->387278K(390976K) Class: 54890K(57728K)->54890K(57728K)
[2024-08-15T15:34:37.344+0000][11173.289s][info][gc          ] GC(2491) Pause Young (Normal) (G1 Evacuation Pause) 9706M->3761M(12288M) 14.130ms
[2024-08-15T15:34:37.345+0000][11173.289s][info][gc,cpu      ] GC(2491) User=0.08s Sys=0.00s Real=0.02s
[2024-08-15T15:34:42.244+0000][11178.189s][info][gc,start    ] GC(2492) Pause Young (Normal) (G1 Evacuation Pause)
[2024-08-15T15:34:42.244+0000][11178.189s][info][gc,task     ] GC(2492) Using 6 workers of 6 for evacuation
[2024-08-15T15:34:42.261+0000][11178.205s][info][gc,phases   ] GC(2492)   Pre Evacuate Collection Set: 0.2ms
[2024-08-15T15:34:42.261+0000][11178.205s][info][gc,phases   ] GC(2492)   Merge Heap Roots: 0.2ms
[2024-08-15T15:34:42.261+0000][11178.205s][info][gc,phases   ] GC(2492)   Evacuate Collection Set: 13.9ms
[2024-08-15T15:34:42.261+0000][11178.205s][info][gc,phases   ] GC(2492)   Post Evacuate Collection Set: 1.8ms
[2024-08-15T15:34:42.261+0000][11178.205s][info][gc,phases   ] GC(2492)   Other: 0.2ms
[2024-08-15T15:34:42.261+0000][11178.205s][info][gc,heap     ] GC(2492) Eden regions: 743->0(741)
[2024-08-15T15:34:42.261+0000][11178.205s][info][gc,heap     ] GC(2492) Survivor regions: 6->9(94)
[2024-08-15T15:34:42.261+0000][11178.205s][info][gc,heap     ] GC(2492) Old regions: 459->459
[2024-08-15T15:34:42.261+0000][11178.205s][info][gc,heap     ] GC(2492) Archive regions: 2->2
[2024-08-15T15:34:42.261+0000][11178.205s][info][gc,heap     ] GC(2492) Humongous regions: 5->5
[2024-08-15T15:34:42.261+0000][11178.205s][info][gc,metaspace] GC(2492) Metaspace: 442168K(448704K)->442168K(448704K) NonClass: 387278K(390976K)->387278K(390976K) Class: 54890K(57728K)->54890K(57728K)
[2024-08-15T15:34:42.261+0000][11178.205s][info][gc          ] GC(2492) Pause Young (Normal) (G1 Evacuation Pause) 9705M->3781M(12288M) 16.416ms
[2024-08-15T15:34:42.261+0000][11178.205s][info][gc,cpu      ] GC(2492) User=0.10s Sys=0.00s Real=0.01s
[2024-08-15T15:34:47.135+0000][11183.080s][info][gc,start    ] GC(2493) Pause Young (Concurrent Start) (G1 Evacuation Pause)
[2024-08-15T15:34:47.135+0000][11183.080s][info][gc,task     ] GC(2493) Using 6 workers of 6 for evacuation
[2024-08-15T15:34:47.154+0000][11183.099s][info][gc,phases   ] GC(2493)   Pre Evacuate Collection Set: 0.6ms
[2024-08-15T15:34:47.154+0000][11183.099s][info][gc,phases   ] GC(2493)   Merge Heap Roots: 0.2ms
[2024-08-15T15:34:47.154+0000][11183.099s][info][gc,phases   ] GC(2493)   Evacuate Collection Set: 16.1ms
[2024-08-15T15:34:47.154+0000][11183.099s][info][gc,phases   ] GC(2493)   Post Evacuate Collection Set: 1.7ms
[2024-08-15T15:34:47.154+0000][11183.099s][info][gc,phases   ] GC(2493)   Other: 0.3ms
[2024-08-15T15:34:47.154+0000][11183.099s][info][gc,heap     ] GC(2493) Eden regions: 741->0(741)
[2024-08-15T15:34:47.154+0000][11183.099s][info][gc,heap     ] GC(2493) Survivor regions: 9->9(94)
[2024-08-15T15:34:47.154+0000][11183.099s][info][gc,heap     ] GC(2493) Old regions: 459->459
[2024-08-15T15:34:47.154+0000][11183.099s][info][gc,heap     ] GC(2493) Archive regions: 2->2
[2024-08-15T15:34:47.154+0000][11183.099s][info][gc,heap     ] GC(2493) Humongous regions: 5->5
[2024-08-15T15:34:47.154+0000][11183.099s][info][gc,metaspace] GC(2493) Metaspace: 442168K(448704K)->442168K(448704K) NonClass: 387278K(390976K)->387278K(390976K) Class: 54890K(57728K)->54890K(57728K)
[2024-08-15T15:34:47.154+0000][11183.099s][info][gc          ] GC(2493) Pause Young (Concurrent Start) (G1 Evacuation Pause) 9709M->3780M(12288M) 18.926ms
[2024-08-15T15:34:47.154+0000][11183.099s][info][gc,cpu      ] GC(2493) User=0.10s Sys=0.00s Real=0.01s
[2024-08-15T15:34:47.154+0000][11183.099s][info][gc          ] GC(2494) Concurrent Mark Cycle
[2024-08-15T15:34:47.154+0000][11183.099s][info][gc,marking  ] GC(2494) Concurrent Clear Claimed Marks
[2024-08-15T15:34:47.155+0000][11183.099s][info][gc,marking  ] GC(2494) Concurrent Clear Claimed Marks 0.413ms
[2024-08-15T15:34:47.155+0000][11183.099s][info][gc,marking  ] GC(2494) Concurrent Scan Root Regions
[2024-08-15T15:34:47.175+0000][11183.120s][info][gc,marking  ] GC(2494) Concurrent Scan Root Regions 20.224ms
[2024-08-15T15:34:47.175+0000][11183.120s][info][gc,marking  ] GC(2494) Concurrent Mark
[2024-08-15T15:34:47.175+0000][11183.120s][info][gc,marking  ] GC(2494) Concurrent Mark From Roots
[2024-08-15T15:34:47.175+0000][11183.120s][info][gc,task     ] GC(2494) Using 2 workers of 2 for marking
[2024-08-15T15:34:50.129+0000][11186.074s][info][gc,marking  ] GC(2494) Concurrent Mark From Roots 2953.984ms
[2024-08-15T15:34:50.129+0000][11186.074s][info][gc,marking  ] GC(2494) Concurrent Preclean
[2024-08-15T15:34:50.131+0000][11186.076s][info][gc,marking  ] GC(2494) Concurrent Preclean 2.234ms
[2024-08-15T15:34:50.131+0000][11186.076s][info][gc,start    ] GC(2494) Pause Remark
[2024-08-15T15:34:50.155+0000][11186.100s][info][gc          ] GC(2494) Pause Remark 6868M->6868M(12288M) 23.688ms
[2024-08-15T15:34:50.155+0000][11186.100s][info][gc,cpu      ] GC(2494) User=0.10s Sys=0.00s Real=0.03s
[2024-08-15T15:34:50.155+0000][11186.100s][info][gc,marking  ] GC(2494) Concurrent Mark 2980.270ms
[2024-08-15T15:34:50.155+0000][11186.100s][info][gc,marking  ] GC(2494) Concurrent Rebuild Remembered Sets
[2024-08-15T15:34:51.998+0000][11187.943s][info][gc,marking  ] GC(2494) Concurrent Rebuild Remembered Sets 1843.215ms
[2024-08-15T15:34:51.999+0000][11187.943s][info][gc,start    ] GC(2494) Pause Cleanup
[2024-08-15T15:34:51.999+0000][11187.944s][info][gc          ] GC(2494) Pause Cleanup 8892M->8892M(12288M) 0.606ms
[2024-08-15T15:34:51.999+0000][11187.944s][info][gc,cpu      ] GC(2494) User=0.00s Sys=0.00s Real=0.00s
[2024-08-15T15:34:51.999+0000][11187.944s][info][gc,marking  ] GC(2494) Concurrent Cleanup for Next Mark
[2024-08-15T15:34:52.016+0000][11187.961s][info][gc,marking  ] GC(2494) Concurrent Cleanup for Next Mark 16.887ms
[2024-08-15T15:34:52.016+0000][11187.961s][info][gc          ] GC(2494) Concurrent Mark Cycle 4862.023ms
[2024-08-15T15:34:52.704+0000][11188.649s][info][gc,start    ] GC(2495) Pause Young (Prepare Mixed) (G1 Evacuation Pause)
[2024-08-15T15:34:52.704+0000][11188.649s][info][gc,task     ] GC(2495) Using 6 workers of 6 for evacuation
[2024-08-15T15:34:52.725+0000][11188.670s][info][gc,phases   ] GC(2495)   Pre Evacuate Collection Set: 0.2ms
[2024-08-15T15:34:52.725+0000][11188.670s][info][gc,phases   ] GC(2495)   Merge Heap Roots: 0.3ms
[2024-08-15T15:34:52.726+0000][11188.670s][info][gc,phases   ] GC(2495)   Evacuate Collection Set: 19.1ms
[2024-08-15T15:34:52.726+0000][11188.670s][info][gc,phases   ] GC(2495)   Post Evacuate Collection Set: 1.7ms
[2024-08-15T15:34:52.726+0000][11188.670s][info][gc,phases   ] GC(2495)   Other: 0.2ms
[2024-08-15T15:34:52.726+0000][11188.670s][info][gc,heap     ] GC(2495) Eden regions: 741->0(65)
[2024-08-15T15:34:52.726+0000][11188.670s][info][gc,heap     ] GC(2495) Survivor regions: 9->11(94)
[2024-08-15T15:34:52.726+0000][11188.670s][info][gc,heap     ] GC(2495) Old regions: 459->459
[2024-08-15T15:34:52.726+0000][11188.670s][info][gc,heap     ] GC(2495) Archive regions: 2->2
[2024-08-15T15:34:52.726+0000][11188.670s][info][gc,heap     ] GC(2495) Humongous regions: 5->5
[2024-08-15T15:34:52.726+0000][11188.670s][info][gc,metaspace] GC(2495) Metaspace: 442168K(448704K)->442168K(448704K) NonClass: 387278K(390976K)->387278K(390976K) Class: 54890K(57728K)->54890K(57728K)
[2024-08-15T15:34:52.726+0000][11188.670s][info][gc          ] GC(2495) Pause Young (Prepare Mixed) (G1 Evacuation Pause) 9708M->3796M(12288M) 21.565ms
[2024-08-15T15:34:52.726+0000][11188.670s][info][gc,cpu      ] GC(2495) User=0.12s Sys=0.00s Real=0.02s
[2024-08-15T15:34:53.129+0000][11189.074s][info][gc,start    ] GC(2496) Pause Young (Mixed) (G1 Evacuation Pause)
[2024-08-15T15:34:53.129+0000][11189.074s][info][gc,task     ] GC(2496) Using 6 workers of 6 for evacuation
[2024-08-15T15:34:53.193+0000][11189.137s][info][gc,phases   ] GC(2496)   Pre Evacuate Collection Set: 0.2ms
[2024-08-15T15:34:53.193+0000][11189.137s][info][gc,phases   ] GC(2496)   Merge Heap Roots: 0.4ms
[2024-08-15T15:34:53.193+0000][11189.137s][info][gc,phases   ] GC(2496)   Evacuate Collection Set: 61.4ms
[2024-08-15T15:34:53.193+0000][11189.137s][info][gc,phases   ] GC(2496)   Post Evacuate Collection Set: 1.3ms
[2024-08-15T15:34:53.193+0000][11189.137s][info][gc,phases   ] GC(2496)   Other: 0.2ms
[2024-08-15T15:34:53.193+0000][11189.137s][info][gc,heap     ] GC(2496) Eden regions: 65->0(746)
[2024-08-15T15:34:53.193+0000][11189.137s][info][gc,heap     ] GC(2496) Survivor regions: 11->4(10)
[2024-08-15T15:34:53.193+0000][11189.137s][info][gc,heap     ] GC(2496) Old regions: 459->459
[2024-08-15T15:34:53.193+0000][11189.137s][info][gc,heap     ] GC(2496) Archive regions: 2->2
[2024-08-15T15:34:53.193+0000][11189.137s][info][gc,heap     ] GC(2496) Humongous regions: 5->5
[2024-08-15T15:34:53.193+0000][11189.137s][info][gc,metaspace] GC(2496) Metaspace: 442168K(448704K)->442168K(448704K) NonClass: 387278K(390976K)->387278K(390976K) Class: 54890K(57728K)->54890K(57728K)
[2024-08-15T15:34:53.193+0000][11189.137s][info][gc          ] GC(2496) Pause Young (Mixed) (G1 Evacuation Pause) 4316M->3745M(12288M) 63.567ms
[2024-08-15T15:34:53.193+0000][11189.137s][info][gc,cpu      ] GC(2496) User=0.37s Sys=0.00s Real=0.06s
[2024-08-15T15:34:57.259+0000][11193.203s][info][gc,start    ] GC(2497) Pause Young (Normal) (G1 Evacuation Pause)
[2024-08-15T15:34:57.259+0000][11193.203s][info][gc,task     ] GC(2497) Using 6 workers of 6 for evacuation
[2024-08-15T15:34:57.270+0000][11193.214s][info][gc,phases   ] GC(2497)   Pre Evacuate Collection Set: 0.2ms
[2024-08-15T15:34:57.270+0000][11193.214s][info][gc,phases   ] GC(2497)   Merge Heap Roots: 0.2ms
[2024-08-15T15:34:57.270+0000][11193.214s][info][gc,phases   ] GC(2497)   Evacuate Collection Set: 8.7ms
[2024-08-15T15:34:57.270+0000][11193.214s][info][gc,phases   ] GC(2497)   Post Evacuate Collection Set: 1.8ms
[2024-08-15T15:34:57.270+0000][11193.214s][info][gc,phases   ] GC(2497)   Other: 0.2ms
[2024-08-15T15:34:57.270+0000][11193.214s][info][gc,heap     ] GC(2497) Eden regions: 746->0(745)
[2024-08-15T15:34:57.270+0000][11193.214s][info][gc,heap     ] GC(2497) Survivor regions: 4->5(94)
[2024-08-15T15:34:57.270+0000][11193.214s][info][gc,heap     ] GC(2497) Old regions: 459->459
[2024-08-15T15:34:57.270+0000][11193.214s][info][gc,heap     ] GC(2497) Archive regions: 2->2
[2024-08-15T15:34:57.270+0000][11193.214s][info][gc,heap     ] GC(2497) Humongous regions: 5->5
[2024-08-15T15:34:57.270+0000][11193.214s][info][gc,metaspace] GC(2497) Metaspace: 442168K(448704K)->442168K(448704K) NonClass: 387278K(390976K)->387278K(390976K) Class: 54890K(57728K)->54890K(57728K)
[2024-08-15T15:34:57.270+0000][11193.214s][info][gc          ] GC(2497) Pause Young (Normal) (G1 Evacuation Pause) 9713M->3750M(12288M) 11.124ms
[2024-08-15T15:34:57.270+0000][11193.214s][info][gc,cpu      ] GC(2497) User=0.06s Sys=0.00s Real=0.01s
[2024-08-15T15:35:02.289+0000][11198.234s][info][gc,start    ] GC(2498) Pause Young (Normal) (G1 Evacuation Pause)
[2024-08-15T15:35:02.289+0000][11198.234s][info][gc,task     ] GC(2498) Using 6 workers of 6 for evacuation
[2024-08-15T15:35:02.303+0000][11198.248s][info][gc,phases   ] GC(2498)   Pre Evacuate Collection Set: 0.2ms
[2024-08-15T15:35:02.303+0000][11198.248s][info][gc,phases   ] GC(2498)   Merge Heap Roots: 0.2ms
[2024-08-15T15:35:02.303+0000][11198.248s][info][gc,phases   ] GC(2498)   Evacuate Collection Set: 11.4ms
[2024-08-15T15:35:02.303+0000][11198.248s][info][gc,phases   ] GC(2498)   Post Evacuate Collection Set: 1.9ms
[2024-08-15T15:35:02.303+0000][11198.248s][info][gc,phases   ] GC(2498)   Other: 0.2ms
[2024-08-15T15:35:02.303+0000][11198.248s][info][gc,heap     ] GC(2498) Eden regions: 745->0(743)
[2024-08-15T15:35:02.303+0000][11198.248s][info][gc,heap     ] GC(2498) Survivor regions: 5->7(94)
[2024-08-15T15:35:02.303+0000][11198.248s][info][gc,heap     ] GC(2498) Old regions: 459->459
[2024-08-15T15:35:02.303+0000][11198.248s][info][gc,heap     ] GC(2498) Archive regions: 2->2
[2024-08-15T15:35:02.303+0000][11198.248s][info][gc,heap     ] GC(2498) Humongous regions: 5->5
[2024-08-15T15:35:02.303+0000][11198.248s][info][gc,metaspace] GC(2498) Metaspace: 442168K(448704K)->442168K(448704K) NonClass: 387278K(390976K)->387278K(390976K) Class: 54890K(57728K)->54890K(57728K)
[2024-08-15T15:35:02.303+0000][11198.248s][info][gc          ] GC(2498) Pause Young (Normal) (G1 Evacuation Pause) 9710M->3762M(12288M) 13.949ms
[2024-08-15T15:35:02.303+0000][11198.248s][info][gc,cpu      ] GC(2498) User=0.08s Sys=0.00s Real=0.02s
[2024-08-15T15:35:07.347+0000][11203.292s][info][gc,start    ] GC(2499) Pause Young (Concurrent Start) (G1 Evacuation Pause)
[2024-08-15T15:35:07.347+0000][11203.292s][info][gc,task     ] GC(2499) Using 6 workers of 6 for evacuation
[2024-08-15T15:35:07.364+0000][11203.309s][info][gc,phases   ] GC(2499)   Pre Evacuate Collection Set: 0.6ms
[2024-08-15T15:35:07.364+0000][11203.309s][info][gc,phases   ] GC(2499)   Merge Heap Roots: 0.2ms
[2024-08-15T15:35:07.364+0000][11203.309s][info][gc,phases   ] GC(2499)   Evacuate Collection Set: 14.5ms
[2024-08-15T15:35:07.364+0000][11203.309s][info][gc,phases   ] GC(2499)   Post Evacuate Collection Set: 1.8ms
[2024-08-15T15:35:07.364+0000][11203.309s][info][gc,phases   ] GC(2499)   Other: 0.3ms
[2024-08-15T15:35:07.364+0000][11203.309s][info][gc,heap     ] GC(2499) Eden regions: 743->0(741)
[2024-08-15T15:35:07.364+0000][11203.309s][info][gc,heap     ] GC(2499) Survivor regions: 7->9(94)
[2024-08-15T15:35:07.364+0000][11203.309s][info][gc,heap     ] GC(2499) Old regions: 459->459
[2024-08-15T15:35:07.364+0000][11203.309s][info][gc,heap     ] GC(2499) Archive regions: 2->2
[2024-08-15T15:35:07.364+0000][11203.309s][info][gc,heap     ] GC(2499) Humongous regions: 5->5
[2024-08-15T15:35:07.364+0000][11203.309s][info][gc,metaspace] GC(2499) Metaspace: 442168K(448704K)->442168K(448704K) NonClass: 387278K(390976K)->387278K(390976K) Class: 54890K(57728K)->54890K(57728K)
[2024-08-15T15:35:07.364+0000][11203.309s][info][gc          ] GC(2499) Pause Young (Concurrent Start) (G1 Evacuation Pause) 9706M->3782M(12288M) 17.315ms
[2024-08-15T15:35:07.364+0000][11203.309s][info][gc,cpu      ] GC(2499) User=0.10s Sys=0.00s Real=0.02s
[2024-08-15T15:35:07.364+0000][11203.309s][info][gc          ] GC(2500) Concurrent Mark Cycle
[2024-08-15T15:35:07.364+0000][11203.309s][info][gc,marking  ] GC(2500) Concurrent Clear Claimed Marks
[2024-08-15T15:35:07.365+0000][11203.309s][info][gc,marking  ] GC(2500) Concurrent Clear Claimed Marks 0.386ms
[2024-08-15T15:35:07.365+0000][11203.309s][info][gc,marking  ] GC(2500) Concurrent Scan Root Regions
[2024-08-15T15:35:07.378+0000][11203.322s][info][gc,marking  ] GC(2500) Concurrent Scan Root Regions 12.737ms
[2024-08-15T15:35:07.378+0000][11203.322s][info][gc,marking  ] GC(2500) Concurrent Mark
[2024-08-15T15:35:07.378+0000][11203.322s][info][gc,marking  ] GC(2500) Concurrent Mark From Roots
[2024-08-15T15:35:07.378+0000][11203.322s][info][gc,task     ] GC(2500) Using 2 workers of 2 for marking
[2024-08-15T15:35:10.320+0000][11206.265s][info][gc,marking  ] GC(2500) Concurrent Mark From Roots 2942.750ms
[2024-08-15T15:35:10.320+0000][11206.265s][info][gc,marking  ] GC(2500) Concurrent Preclean
[2024-08-15T15:35:10.322+0000][11206.267s][info][gc,marking  ] GC(2500) Concurrent Preclean 1.732ms
[2024-08-15T15:35:10.322+0000][11206.267s][info][gc,start    ] GC(2500) Pause Remark
[2024-08-15T15:35:10.346+0000][11206.291s][info][gc          ] GC(2500) Pause Remark 6854M->6854M(12288M) 23.765ms
[2024-08-15T15:35:10.346+0000][11206.291s][info][gc,cpu      ] GC(2500) User=0.10s Sys=0.00s Real=0.03s
[2024-08-15T15:35:10.346+0000][11206.291s][info][gc,marking  ] GC(2500) Concurrent Mark 2968.814ms
[2024-08-15T15:35:10.346+0000][11206.291s][info][gc,marking  ] GC(2500) Concurrent Rebuild Remembered Sets
[2024-08-15T15:35:12.136+0000][11208.081s][info][gc,marking  ] GC(2500) Concurrent Rebuild Remembered Sets 1789.614ms
[2024-08-15T15:35:12.136+0000][11208.081s][info][gc,start    ] GC(2500) Pause Cleanup
[2024-08-15T15:35:12.137+0000][11208.081s][info][gc          ] GC(2500) Pause Cleanup 8814M->8814M(12288M) 0.584ms
[2024-08-15T15:35:12.137+0000][11208.081s][info][gc,cpu      ] GC(2500) User=0.01s Sys=0.00s Real=0.00s
[2024-08-15T15:35:12.137+0000][11208.081s][info][gc,marking  ] GC(2500) Concurrent Cleanup for Next Mark
[2024-08-15T15:35:12.165+0000][11208.109s][info][gc,marking  ] GC(2500) Concurrent Cleanup for Next Mark 28.036ms
[2024-08-15T15:35:12.165+0000][11208.110s][info][gc          ] GC(2500) Concurrent Mark Cycle 4800.586ms
[2024-08-15T15:35:12.885+0000][11208.829s][info][gc,start    ] GC(2501) Pause Young (Prepare Mixed) (G1 Evacuation Pause)
[2024-08-15T15:35:12.885+0000][11208.829s][info][gc,task     ] GC(2501) Using 6 workers of 6 for evacuation
[2024-08-15T15:35:12.903+0000][11208.848s][info][gc,phases   ] GC(2501)   Pre Evacuate Collection Set: 0.2ms
[2024-08-15T15:35:12.903+0000][11208.848s][info][gc,phases   ] GC(2501)   Merge Heap Roots: 0.3ms
[2024-08-15T15:35:12.903+0000][11208.848s][info][gc,phases   ] GC(2501)   Evacuate Collection Set: 15.9ms
[2024-08-15T15:35:12.903+0000][11208.848s][info][gc,phases   ] GC(2501)   Post Evacuate Collection Set: 1.8ms
[2024-08-15T15:35:12.903+0000][11208.848s][info][gc,phases   ] GC(2501)   Other: 0.2ms
[2024-08-15T15:35:12.903+0000][11208.848s][info][gc,heap     ] GC(2501) Eden regions: 741->0(68)
[2024-08-15T15:35:12.903+0000][11208.848s][info][gc,heap     ] GC(2501) Survivor regions: 9->8(94)
[2024-08-15T15:35:12.903+0000][11208.848s][info][gc,heap     ] GC(2501) Old regions: 459->459
[2024-08-15T15:35:12.903+0000][11208.848s][info][gc,heap     ] GC(2501) Archive regions: 2->2
[2024-08-15T15:35:12.903+0000][11208.848s][info][gc,heap     ] GC(2501) Humongous regions: 5->5
[2024-08-15T15:35:12.903+0000][11208.848s][info][gc,metaspace] GC(2501) Metaspace: 442168K(448704K)->442168K(448704K) NonClass: 387278K(390976K)->387278K(390976K) Class: 54890K(57728K)->54890K(57728K)
[2024-08-15T15:35:12.903+0000][11208.848s][info][gc          ] GC(2501) Pause Young (Prepare Mixed) (G1 Evacuation Pause) 9710M->3773M(12288M) 18.448ms
[2024-08-15T15:35:12.903+0000][11208.848s][info][gc,cpu      ] GC(2501) User=0.10s Sys=0.01s Real=0.02s
[2024-08-15T15:35:13.354+0000][11209.299s][info][gc,start    ] GC(2502) Pause Young (Mixed) (G1 Evacuation Pause)
[2024-08-15T15:35:13.354+0000][11209.299s][info][gc,task     ] GC(2502) Using 6 workers of 6 for evacuation
[2024-08-15T15:35:13.415+0000][11209.360s][info][gc,phases   ] GC(2502)   Pre Evacuate Collection Set: 0.2ms
[2024-08-15T15:35:13.415+0000][11209.360s][info][gc,phases   ] GC(2502)   Merge Heap Roots: 0.4ms
[2024-08-15T15:35:13.415+0000][11209.360s][info][gc,phases   ] GC(2502)   Evacuate Collection Set: 59.0ms
[2024-08-15T15:35:13.415+0000][11209.360s][info][gc,phases   ] GC(2502)   Post Evacuate Collection Set: 1.4ms
[2024-08-15T15:35:13.415+0000][11209.360s][info][gc,phases   ] GC(2502)   Other: 0.2ms
[2024-08-15T15:35:13.415+0000][11209.360s][info][gc,heap     ] GC(2502) Eden regions: 68->0(748)
[2024-08-15T15:35:13.415+0000][11209.360s][info][gc,heap     ] GC(2502) Survivor regions: 8->5(10)
[2024-08-15T15:35:13.415+0000][11209.360s][info][gc,heap     ] GC(2502) Old regions: 459->456
[2024-08-15T15:35:13.415+0000][11209.360s][info][gc,heap     ] GC(2502) Archive regions: 2->2
[2024-08-15T15:35:13.415+0000][11209.360s][info][gc,heap     ] GC(2502) Humongous regions: 5->5
[2024-08-15T15:35:13.415+0000][11209.360s][info][gc,metaspace] GC(2502) Metaspace: 442168K(448704K)->442168K(448704K) NonClass: 387278K(390976K)->387278K(390976K) Class: 54890K(57728K)->54890K(57728K)
[2024-08-15T15:35:13.415+0000][11209.360s][info][gc          ] GC(2502) Pause Young (Mixed) (G1 Evacuation Pause) 4317M->3731M(12288M) 61.232ms
[2024-08-15T15:35:13.415+0000][11209.360s][info][gc,cpu      ] GC(2502) User=0.36s Sys=0.00s Real=0.07s
[2024-08-15T15:35:18.402+0000][11214.346s][info][gc,start    ] GC(2503) Pause Young (Normal) (G1 Evacuation Pause)
[2024-08-15T15:35:18.402+0000][11214.346s][info][gc,task     ] GC(2503) Using 6 workers of 6 for evacuation
[2024-08-15T15:35:18.417+0000][11214.361s][info][gc,phases   ] GC(2503)   Pre Evacuate Collection Set: 0.2ms
[2024-08-15T15:35:18.417+0000][11214.361s][info][gc,phases   ] GC(2503)   Merge Heap Roots: 0.2ms
[2024-08-15T15:35:18.417+0000][11214.361s][info][gc,phases   ] GC(2503)   Evacuate Collection Set: 12.7ms
[2024-08-15T15:35:18.417+0000][11214.361s][info][gc,phases   ] GC(2503)   Post Evacuate Collection Set: 1.7ms
[2024-08-15T15:35:18.417+0000][11214.361s][info][gc,phases   ] GC(2503)   Other: 0.2ms
[2024-08-15T15:35:18.417+0000][11214.361s][info][gc,heap     ] GC(2503) Eden regions: 748->0(745)
[2024-08-15T15:35:18.417+0000][11214.361s][info][gc,heap     ] GC(2503) Survivor regions: 5->8(95)
[2024-08-15T15:35:18.417+0000][11214.361s][info][gc,heap     ] GC(2503) Old regions: 456->456
[2024-08-15T15:35:18.417+0000][11214.361s][info][gc,heap     ] GC(2503) Archive regions: 2->2
[2024-08-15T15:35:18.417+0000][11214.361s][info][gc,heap     ] GC(2503) Humongous regions: 5->5
[2024-08-15T15:35:18.417+0000][11214.361s][info][gc,metaspace] GC(2503) Metaspace: 442168K(448704K)->442168K(448704K) NonClass: 387278K(390976K)->387278K(390976K) Class: 54890K(57728K)->54890K(57728K)
[2024-08-15T15:35:18.417+0000][11214.361s][info][gc          ] GC(2503) Pause Young (Normal) (G1 Evacuation Pause) 9715M->3750M(12288M) 15.042ms
[2024-08-15T15:35:18.417+0000][11214.362s][info][gc,cpu      ] GC(2503) User=0.08s Sys=0.00s Real=0.02s
[2024-08-15T15:35:23.325+0000][11219.270s][info][gc,start    ] GC(2504) Pause Young (Normal) (G1 Evacuation Pause)
[2024-08-15T15:35:23.325+0000][11219.270s][info][gc,task     ] GC(2504) Using 6 workers of 6 for evacuation
[2024-08-15T15:35:23.341+0000][11219.286s][info][gc,phases   ] GC(2504)   Pre Evacuate Collection Set: 0.2ms
[2024-08-15T15:35:23.341+0000][11219.286s][info][gc,phases   ] GC(2504)   Merge Heap Roots: 0.3ms
[2024-08-15T15:35:23.341+0000][11219.286s][info][gc,phases   ] GC(2504)   Evacuate Collection Set: 13.9ms
[2024-08-15T15:35:23.341+0000][11219.286s][info][gc,phases   ] GC(2504)   Post Evacuate Collection Set: 1.7ms
[2024-08-15T15:35:23.341+0000][11219.286s][info][gc,phases   ] GC(2504)   Other: 0.2ms
[2024-08-15T15:35:23.342+0000][11219.286s][info][gc,heap     ] GC(2504) Eden regions: 745->0(747)
[2024-08-15T15:35:23.342+0000][11219.286s][info][gc,heap     ] GC(2504) Survivor regions: 8->7(95)
[2024-08-15T15:35:23.342+0000][11219.286s][info][gc,heap     ] GC(2504) Old regions: 456->456
[2024-08-15T15:35:23.342+0000][11219.286s][info][gc,heap     ] GC(2504) Archive regions: 2->2
[2024-08-15T15:35:23.342+0000][11219.286s][info][gc,heap     ] GC(2504) Humongous regions: 5->5
[2024-08-15T15:35:23.342+0000][11219.286s][info][gc,metaspace] GC(2504) Metaspace: 442168K(448704K)->442168K(448704K) NonClass: 387278K(390976K)->387278K(390976K) Class: 54890K(57728K)->54890K(57728K)
[2024-08-15T15:35:23.342+0000][11219.286s][info][gc          ] GC(2504) Pause Young (Normal) (G1 Evacuation Pause) 9710M->3745M(12288M) 16.366ms
[2024-08-15T15:35:23.342+0000][11219.286s][info][gc,cpu      ] GC(2504) User=0.09s Sys=0.00s Real=0.01s
[2024-08-15T15:35:28.386+0000][11224.331s][info][gc,start    ] GC(2505) Pause Young (Concurrent Start) (G1 Evacuation Pause)
[2024-08-15T15:35:28.386+0000][11224.331s][info][gc,task     ] GC(2505) Using 6 workers of 6 for evacuation
[2024-08-15T15:35:28.406+0000][11224.350s][info][gc,phases   ] GC(2505)   Pre Evacuate Collection Set: 0.6ms
[2024-08-15T15:35:28.406+0000][11224.350s][info][gc,phases   ] GC(2505)   Merge Heap Roots: 0.2ms
[2024-08-15T15:35:28.406+0000][11224.350s][info][gc,phases   ] GC(2505)   Evacuate Collection Set: 17.0ms
[2024-08-15T15:35:28.406+0000][11224.350s][info][gc,phases   ] GC(2505)   Post Evacuate Collection Set: 1.7ms
[2024-08-15T15:35:28.406+0000][11224.350s][info][gc,phases   ] GC(2505)   Other: 0.3ms
[2024-08-15T15:35:28.406+0000][11224.350s][info][gc,heap     ] GC(2505) Eden regions: 747->0(743)
[2024-08-15T15:35:28.406+0000][11224.350s][info][gc,heap     ] GC(2505) Survivor regions: 7->10(95)
[2024-08-15T15:35:28.406+0000][11224.350s][info][gc,heap     ] GC(2505) Old regions: 456->456
[2024-08-15T15:35:28.406+0000][11224.350s][info][gc,heap     ] GC(2505) Archive regions: 2->2
[2024-08-15T15:35:28.406+0000][11224.350s][info][gc,heap     ] GC(2505) Humongous regions: 5->5
[2024-08-15T15:35:28.406+0000][11224.350s][info][gc,metaspace] GC(2505) Metaspace: 442168K(448704K)->442168K(448704K) NonClass: 387278K(390976K)->387278K(390976K) Class: 54890K(57728K)->54890K(57728K)
[2024-08-15T15:35:28.406+0000][11224.350s][info][gc          ] GC(2505) Pause Young (Concurrent Start) (G1 Evacuation Pause) 9721M->3765M(12288M) 19.900ms
[2024-08-15T15:35:28.406+0000][11224.350s][info][gc,cpu      ] GC(2505) User=0.11s Sys=0.00s Real=0.02s
[2024-08-15T15:35:28.406+0000][11224.351s][info][gc          ] GC(2506) Concurrent Mark Cycle
[2024-08-15T15:35:28.406+0000][11224.351s][info][gc,marking  ] GC(2506) Concurrent Clear Claimed Marks
[2024-08-15T15:35:28.406+0000][11224.351s][info][gc,marking  ] GC(2506) Concurrent Clear Claimed Marks 0.376ms
[2024-08-15T15:35:28.406+0000][11224.351s][info][gc,marking  ] GC(2506) Concurrent Scan Root Regions
[2024-08-15T15:35:28.422+0000][11224.367s][info][gc,marking  ] GC(2506) Concurrent Scan Root Regions 15.562ms
[2024-08-15T15:35:28.422+0000][11224.367s][info][gc,marking  ] GC(2506) Concurrent Mark
[2024-08-15T15:35:28.422+0000][11224.367s][info][gc,marking  ] GC(2506) Concurrent Mark From Roots
[2024-08-15T15:35:28.422+0000][11224.367s][info][gc,task     ] GC(2506) Using 2 workers of 2 for marking
[2024-08-15T15:35:31.516+0000][11227.461s][info][gc,marking  ] GC(2506) Concurrent Mark From Roots 3094.206ms
[2024-08-15T15:35:31.516+0000][11227.461s][info][gc,marking  ] GC(2506) Concurrent Preclean
[2024-08-15T15:35:31.518+0000][11227.462s][info][gc,marking  ] GC(2506) Concurrent Preclean 1.623ms
[2024-08-15T15:35:31.518+0000][11227.463s][info][gc,start    ] GC(2506) Pause Remark
[2024-08-15T15:35:31.542+0000][11227.486s][info][gc          ] GC(2506) Pause Remark 6997M->6997M(12288M) 23.662ms
[2024-08-15T15:35:31.542+0000][11227.486s][info][gc,cpu      ] GC(2506) User=0.10s Sys=0.00s Real=0.02s
[2024-08-15T15:35:31.542+0000][11227.486s][info][gc,marking  ] GC(2506) Concurrent Mark 3119.946ms
[2024-08-15T15:35:31.542+0000][11227.486s][info][gc,marking  ] GC(2506) Concurrent Rebuild Remembered Sets
[2024-08-15T15:35:33.333+0000][11229.278s][info][gc,marking  ] GC(2506) Concurrent Rebuild Remembered Sets 1791.276ms
[2024-08-15T15:35:33.333+0000][11229.278s][info][gc,start    ] GC(2506) Pause Cleanup
[2024-08-15T15:35:33.334+0000][11229.279s][info][gc          ] GC(2506) Pause Cleanup 8881M->8881M(12288M) 0.560ms
[2024-08-15T15:35:33.334+0000][11229.279s][info][gc,cpu      ] GC(2506) User=0.00s Sys=0.00s Real=0.00s
[2024-08-15T15:35:33.334+0000][11229.279s][info][gc,marking  ] GC(2506) Concurrent Cleanup for Next Mark
[2024-08-15T15:35:33.351+0000][11229.296s][info][gc,marking  ] GC(2506) Concurrent Cleanup for Next Mark 17.148ms
[2024-08-15T15:35:33.351+0000][11229.296s][info][gc          ] GC(2506) Concurrent Mark Cycle 4945.325ms
[2024-08-15T15:35:33.984+0000][11229.929s][info][gc,start    ] GC(2507) Pause Young (Prepare Mixed) (G1 Evacuation Pause)
[2024-08-15T15:35:33.984+0000][11229.929s][info][gc,task     ] GC(2507) Using 6 workers of 6 for evacuation
[2024-08-15T15:35:34.010+0000][11229.955s][info][gc,phases   ] GC(2507)   Pre Evacuate Collection Set: 0.2ms
[2024-08-15T15:35:34.010+0000][11229.955s][info][gc,phases   ] GC(2507)   Merge Heap Roots: 0.4ms
[2024-08-15T15:35:34.010+0000][11229.955s][info][gc,phases   ] GC(2507)   Evacuate Collection Set: 23.1ms
[2024-08-15T15:35:34.010+0000][11229.955s][info][gc,phases   ] GC(2507)   Post Evacuate Collection Set: 2.0ms
[2024-08-15T15:35:34.010+0000][11229.955s][info][gc,phases   ] GC(2507)   Other: 0.2ms
[2024-08-15T15:35:34.010+0000][11229.955s][info][gc,heap     ] GC(2507) Eden regions: 743->0(64)
[2024-08-15T15:35:34.010+0000][11229.955s][info][gc,heap     ] GC(2507) Survivor regions: 10->12(95)
[2024-08-15T15:35:34.010+0000][11229.955s][info][gc,heap     ] GC(2507) Old regions: 456->456
[2024-08-15T15:35:34.010+0000][11229.955s][info][gc,heap     ] GC(2507) Archive regions: 2->2
[2024-08-15T15:35:34.010+0000][11229.955s][info][gc,heap     ] GC(2507) Humongous regions: 5->5
[2024-08-15T15:35:34.010+0000][11229.955s][info][gc,metaspace] GC(2507) Metaspace: 442172K(448704K)->442172K(448704K) NonClass: 387281K(390976K)->387281K(390976K) Class: 54890K(57728K)->54890K(57728K)
[2024-08-15T15:35:34.010+0000][11229.955s][info][gc          ] GC(2507) Pause Young (Prepare Mixed) (G1 Evacuation Pause) 9709M->3784M(12288M) 25.895ms
[2024-08-15T15:35:34.010+0000][11229.955s][info][gc,cpu      ] GC(2507) User=0.16s Sys=0.00s Real=0.02s
[2024-08-15T15:35:34.391+0000][11230.335s][info][gc,start    ] GC(2508) Pause Young (Mixed) (G1 Evacuation Pause)
[2024-08-15T15:35:34.391+0000][11230.335s][info][gc,task     ] GC(2508) Using 6 workers of 6 for evacuation
[2024-08-15T15:35:34.455+0000][11230.399s][info][gc,phases   ] GC(2508)   Pre Evacuate Collection Set: 0.2ms
[2024-08-15T15:35:34.455+0000][11230.399s][info][gc,phases   ] GC(2508)   Merge Heap Roots: 0.4ms
[2024-08-15T15:35:34.455+0000][11230.399s][info][gc,phases   ] GC(2508)   Evacuate Collection Set: 61.9ms
[2024-08-15T15:35:34.455+0000][11230.399s][info][gc,phases   ] GC(2508)   Post Evacuate Collection Set: 1.4ms
[2024-08-15T15:35:34.455+0000][11230.399s][info][gc,phases   ] GC(2508)   Other: 0.2ms
[2024-08-15T15:35:34.455+0000][11230.399s][info][gc,heap     ] GC(2508) Eden regions: 64->0(747)
[2024-08-15T15:35:34.455+0000][11230.399s][info][gc,heap     ] GC(2508) Survivor regions: 12->4(10)
[2024-08-15T15:35:34.455+0000][11230.399s][info][gc,heap     ] GC(2508) Old regions: 456->458
[2024-08-15T15:35:34.455+0000][11230.399s][info][gc,heap     ] GC(2508) Archive regions: 2->2
[2024-08-15T15:35:34.455+0000][11230.399s][info][gc,heap     ] GC(2508) Humongous regions: 5->5
[2024-08-15T15:35:34.455+0000][11230.399s][info][gc,metaspace] GC(2508) Metaspace: 442172K(448704K)->442172K(448704K) NonClass: 387281K(390976K)->387281K(390976K) Class: 54890K(57728K)->54890K(57728K)
[2024-08-15T15:35:34.455+0000][11230.399s][info][gc          ] GC(2508) Pause Young (Mixed) (G1 Evacuation Pause) 4296M->3733M(12288M) 64.118ms
[2024-08-15T15:35:34.455+0000][11230.399s][info][gc,cpu      ] GC(2508) User=0.37s Sys=0.00s Real=0.06s
[2024-08-15T15:35:39.488+0000][11235.432s][info][gc,start    ] GC(2509) Pause Young (Normal) (G1 Evacuation Pause)
[2024-08-15T15:35:39.488+0000][11235.432s][info][gc,task     ] GC(2509) Using 6 workers of 6 for evacuation
[2024-08-15T15:35:39.501+0000][11235.446s][info][gc,phases   ] GC(2509)   Pre Evacuate Collection Set: 0.2ms
[2024-08-15T15:35:39.501+0000][11235.446s][info][gc,phases   ] GC(2509)   Merge Heap Roots: 0.3ms
[2024-08-15T15:35:39.501+0000][11235.446s][info][gc,phases   ] GC(2509)   Evacuate Collection Set: 11.1ms
[2024-08-15T15:35:39.501+0000][11235.446s][info][gc,phases   ] GC(2509)   Post Evacuate Collection Set: 1.7ms
[2024-08-15T15:35:39.501+0000][11235.446s][info][gc,phases   ] GC(2509)   Other: 0.2ms
[2024-08-15T15:35:39.501+0000][11235.446s][info][gc,heap     ] GC(2509) Eden regions: 747->0(745)
[2024-08-15T15:35:39.501+0000][11235.446s][info][gc,heap     ] GC(2509) Survivor regions: 4->6(94)
[2024-08-15T15:35:39.501+0000][11235.446s][info][gc,heap     ] GC(2509) Old regions: 458->458
[2024-08-15T15:35:39.501+0000][11235.446s][info][gc,heap     ] GC(2509) Archive regions: 2->2
[2024-08-15T15:35:39.501+0000][11235.446s][info][gc,heap     ] GC(2509) Humongous regions: 5->5
[2024-08-15T15:35:39.501+0000][11235.446s][info][gc,metaspace] GC(2509) Metaspace: 442174K(448704K)->442174K(448704K) NonClass: 387283K(390976K)->387283K(390976K) Class: 54890K(57728K)->54890K(57728K)
[2024-08-15T15:35:39.501+0000][11235.446s][info][gc          ] GC(2509) Pause Young (Normal) (G1 Evacuation Pause) 9709M->3753M(12288M) 13.514ms
[2024-08-15T15:35:39.501+0000][11235.446s][info][gc,cpu      ] GC(2509) User=0.08s Sys=0.00s Real=0.01s
[2024-08-15T15:35:44.389+0000][11240.333s][info][gc,start    ] GC(2510) Pause Young (Normal) (G1 Evacuation Pause)
[2024-08-15T15:35:44.389+0000][11240.333s][info][gc,task     ] GC(2510) Using 6 workers of 6 for evacuation
[2024-08-15T15:35:44.403+0000][11240.348s][info][gc,phases   ] GC(2510)   Pre Evacuate Collection Set: 0.2ms
[2024-08-15T15:35:44.403+0000][11240.348s][info][gc,phases   ] GC(2510)   Merge Heap Roots: 0.2ms
[2024-08-15T15:35:44.403+0000][11240.348s][info][gc,phases   ] GC(2510)   Evacuate Collection Set: 12.0ms
[2024-08-15T15:35:44.403+0000][11240.348s][info][gc,phases   ] GC(2510)   Post Evacuate Collection Set: 1.8ms
[2024-08-15T15:35:44.403+0000][11240.348s][info][gc,phases   ] GC(2510)   Other: 0.2ms
[2024-08-15T15:35:44.403+0000][11240.348s][info][gc,heap     ] GC(2510) Eden regions: 745->0(745)
[2024-08-15T15:35:44.403+0000][11240.348s][info][gc,heap     ] GC(2510) Survivor regions: 6->6(94)
[2024-08-15T15:35:44.403+0000][11240.348s][info][gc,heap     ] GC(2510) Old regions: 458->458
[2024-08-15T15:35:44.403+0000][11240.348s][info][gc,heap     ] GC(2510) Archive regions: 2->2
[2024-08-15T15:35:44.403+0000][11240.348s][info][gc,heap     ] GC(2510) Humongous regions: 5->5
[2024-08-15T15:35:44.403+0000][11240.348s][info][gc,metaspace] GC(2510) Metaspace: 442174K(448704K)->442174K(448704K) NonClass: 387283K(390976K)->387283K(390976K) Class: 54890K(57728K)->54890K(57728K)
[2024-08-15T15:35:44.403+0000][11240.348s][info][gc          ] GC(2510) Pause Young (Normal) (G1 Evacuation Pause) 9713M->3753M(12288M) 14.497ms
[2024-08-15T15:35:44.403+0000][11240.348s][info][gc,cpu      ] GC(2510) User=0.08s Sys=0.01s Real=0.02s
[2024-08-15T15:35:49.343+0000][11245.288s][info][gc,start    ] GC(2511) Pause Young (Concurrent Start) (G1 Evacuation Pause)
[2024-08-15T15:35:49.343+0000][11245.288s][info][gc,task     ] GC(2511) Using 6 workers of 6 for evacuation
[2024-08-15T15:35:49.362+0000][11245.307s][info][gc,phases   ] GC(2511)   Pre Evacuate Collection Set: 0.5ms
[2024-08-15T15:35:49.362+0000][11245.307s][info][gc,phases   ] GC(2511)   Merge Heap Roots: 0.2ms
[2024-08-15T15:35:49.362+0000][11245.307s][info][gc,phases   ] GC(2511)   Evacuate Collection Set: 16.0ms
[2024-08-15T15:35:49.362+0000][11245.307s][info][gc,phases   ] GC(2511)   Post Evacuate Collection Set: 1.9ms
[2024-08-15T15:35:49.362+0000][11245.307s][info][gc,phases   ] GC(2511)   Other: 0.3ms
[2024-08-15T15:35:49.362+0000][11245.307s][info][gc,heap     ] GC(2511) Eden regions: 745->0(743)
[2024-08-15T15:35:49.362+0000][11245.307s][info][gc,heap     ] GC(2511) Survivor regions: 6->9(94)
[2024-08-15T15:35:49.362+0000][11245.307s][info][gc,heap     ] GC(2511) Old regions: 458->458
[2024-08-15T15:35:49.362+0000][11245.307s][info][gc,heap     ] GC(2511) Archive regions: 2->2
[2024-08-15T15:35:49.362+0000][11245.307s][info][gc,heap     ] GC(2511) Humongous regions: 5->5
[2024-08-15T15:35:49.362+0000][11245.307s][info][gc,metaspace] GC(2511) Metaspace: 442174K(448704K)->442174K(448704K) NonClass: 387283K(390976K)->387283K(390976K) Class: 54890K(57728K)->54890K(57728K)
[2024-08-15T15:35:49.362+0000][11245.307s][info][gc          ] GC(2511) Pause Young (Concurrent Start) (G1 Evacuation Pause) 9713M->3774M(12288M) 19.047ms
[2024-08-15T15:35:49.362+0000][11245.307s][info][gc,cpu      ] GC(2511) User=0.10s Sys=0.01s Real=0.01s
[2024-08-15T15:35:49.362+0000][11245.307s][info][gc          ] GC(2512) Concurrent Mark Cycle
[2024-08-15T15:35:49.362+0000][11245.307s][info][gc,marking  ] GC(2512) Concurrent Clear Claimed Marks
[2024-08-15T15:35:49.363+0000][11245.307s][info][gc,marking  ] GC(2512) Concurrent Clear Claimed Marks 0.404ms
[2024-08-15T15:35:49.363+0000][11245.307s][info][gc,marking  ] GC(2512) Concurrent Scan Root Regions
[2024-08-15T15:35:49.381+0000][11245.325s][info][gc,marking  ] GC(2512) Concurrent Scan Root Regions 18.002ms
[2024-08-15T15:35:49.381+0000][11245.325s][info][gc,marking  ] GC(2512) Concurrent Mark
[2024-08-15T15:35:49.381+0000][11245.325s][info][gc,marking  ] GC(2512) Concurrent Mark From Roots
[2024-08-15T15:35:49.381+0000][11245.325s][info][gc,task     ] GC(2512) Using 2 workers of 2 for marking
[2024-08-15T15:35:52.332+0000][11248.277s][info][gc,marking  ] GC(2512) Concurrent Mark From Roots 2951.586ms
[2024-08-15T15:35:52.332+0000][11248.277s][info][gc,marking  ] GC(2512) Concurrent Preclean
[2024-08-15T15:35:52.334+0000][11248.279s][info][gc,marking  ] GC(2512) Concurrent Preclean 1.682ms
[2024-08-15T15:35:52.334+0000][11248.279s][info][gc,start    ] GC(2512) Pause Remark
[2024-08-15T15:35:52.359+0000][11248.304s][info][gc          ] GC(2512) Pause Remark 7550M->7550M(12288M) 25.100ms
[2024-08-15T15:35:52.359+0000][11248.304s][info][gc,cpu      ] GC(2512) User=0.11s Sys=0.00s Real=0.03s
[2024-08-15T15:35:52.360+0000][11248.304s][info][gc,marking  ] GC(2512) Concurrent Mark 2978.770ms
[2024-08-15T15:35:52.360+0000][11248.304s][info][gc,marking  ] GC(2512) Concurrent Rebuild Remembered Sets
[2024-08-15T15:35:54.194+0000][11250.138s][info][gc,marking  ] GC(2512) Concurrent Rebuild Remembered Sets 1834.219ms
[2024-08-15T15:35:54.194+0000][11250.139s][info][gc,start    ] GC(2512) Pause Cleanup
[2024-08-15T15:35:54.195+0000][11250.139s][info][gc          ] GC(2512) Pause Cleanup 9582M->9582M(12288M) 0.563ms
[2024-08-15T15:35:54.195+0000][11250.139s][info][gc,cpu      ] GC(2512) User=0.00s Sys=0.00s Real=0.00s
[2024-08-15T15:35:54.195+0000][11250.139s][info][gc,marking  ] GC(2512) Concurrent Cleanup for Next Mark
[2024-08-15T15:35:54.212+0000][11250.156s][info][gc,marking  ] GC(2512) Concurrent Cleanup for Next Mark 16.923ms
[2024-08-15T15:35:54.212+0000][11250.156s][info][gc          ] GC(2512) Concurrent Mark Cycle 4849.391ms
[2024-08-15T15:35:54.308+0000][11250.253s][info][gc,start    ] GC(2513) Pause Young (Prepare Mixed) (G1 Evacuation Pause)
[2024-08-15T15:35:54.308+0000][11250.253s][info][gc,task     ] GC(2513) Using 6 workers of 6 for evacuation
[2024-08-15T15:35:54.328+0000][11250.272s][info][gc,phases   ] GC(2513)   Pre Evacuate Collection Set: 0.2ms
[2024-08-15T15:35:54.328+0000][11250.272s][info][gc,phases   ] GC(2513)   Merge Heap Roots: 0.3ms
[2024-08-15T15:35:54.328+0000][11250.272s][info][gc,phases   ] GC(2513)   Evacuate Collection Set: 17.0ms
[2024-08-15T15:35:54.328+0000][11250.272s][info][gc,phases   ] GC(2513)   Post Evacuate Collection Set: 1.8ms
[2024-08-15T15:35:54.328+0000][11250.272s][info][gc,phases   ] GC(2513)   Other: 0.2ms
[2024-08-15T15:35:54.328+0000][11250.272s][info][gc,heap     ] GC(2513) Eden regions: 743->0(67)
[2024-08-15T15:35:54.328+0000][11250.272s][info][gc,heap     ] GC(2513) Survivor regions: 9->9(94)
[2024-08-15T15:35:54.328+0000][11250.272s][info][gc,heap     ] GC(2513) Old regions: 458->458
[2024-08-15T15:35:54.328+0000][11250.273s][info][gc,heap     ] GC(2513) Archive regions: 2->2
[2024-08-15T15:35:54.328+0000][11250.273s][info][gc,heap     ] GC(2513) Humongous regions: 5->5
[2024-08-15T15:35:54.328+0000][11250.273s][info][gc,metaspace] GC(2513) Metaspace: 442174K(448704K)->442174K(448704K) NonClass: 387283K(390976K)->387283K(390976K) Class: 54890K(57728K)->54890K(57728K)
[2024-08-15T15:35:54.328+0000][11250.273s][info][gc          ] GC(2513) Pause Young (Prepare Mixed) (G1 Evacuation Pause) 9718M->3776M(12288M) 19.555ms
[2024-08-15T15:35:54.328+0000][11250.273s][info][gc,cpu      ] GC(2513) User=0.11s Sys=0.00s Real=0.02s
[2024-08-15T15:35:54.785+0000][11250.730s][info][gc,start    ] GC(2514) Pause Young (Mixed) (G1 Evacuation Pause)
[2024-08-15T15:35:54.785+0000][11250.730s][info][gc,task     ] GC(2514) Using 6 workers of 6 for evacuation
[2024-08-15T15:35:54.846+0000][11250.790s][info][gc,phases   ] GC(2514)   Pre Evacuate Collection Set: 0.2ms
[2024-08-15T15:35:54.846+0000][11250.790s][info][gc,phases   ] GC(2514)   Merge Heap Roots: 0.4ms
[2024-08-15T15:35:54.846+0000][11250.790s][info][gc,phases   ] GC(2514)   Evacuate Collection Set: 58.5ms
[2024-08-15T15:35:54.846+0000][11250.790s][info][gc,phases   ] GC(2514)   Post Evacuate Collection Set: 1.2ms
[2024-08-15T15:35:54.846+0000][11250.790s][info][gc,phases   ] GC(2514)   Other: 0.2ms
[2024-08-15T15:35:54.846+0000][11250.790s][info][gc,heap     ] GC(2514) Eden regions: 67->0(746)
[2024-08-15T15:35:54.846+0000][11250.790s][info][gc,heap     ] GC(2514) Survivor regions: 9->6(10)
[2024-08-15T15:35:54.846+0000][11250.790s][info][gc,heap     ] GC(2514) Old regions: 458->458
[2024-08-15T15:35:54.846+0000][11250.790s][info][gc,heap     ] GC(2514) Archive regions: 2->2
[2024-08-15T15:35:54.846+0000][11250.790s][info][gc,heap     ] GC(2514) Humongous regions: 5->5
[2024-08-15T15:35:54.846+0000][11250.790s][info][gc,metaspace] GC(2514) Metaspace: 442174K(448704K)->442174K(448704K) NonClass: 387283K(390976K)->387283K(390976K) Class: 54890K(57728K)->54890K(57728K)
[2024-08-15T15:35:54.846+0000][11250.790s][info][gc          ] GC(2514) Pause Young (Mixed) (G1 Evacuation Pause) 4312M->3744M(12288M) 60.552ms
[2024-08-15T15:35:54.846+0000][11250.790s][info][gc,cpu      ] GC(2514) User=0.36s Sys=0.00s Real=0.06s
[2024-08-15T15:35:59.711+0000][11255.655s][info][gc,start    ] GC(2515) Pause Young (Normal) (G1 Evacuation Pause)
[2024-08-15T15:35:59.711+0000][11255.655s][info][gc,task     ] GC(2515) Using 6 workers of 6 for evacuation
[2024-08-15T15:35:59.724+0000][11255.669s][info][gc,phases   ] GC(2515)   Pre Evacuate Collection Set: 0.2ms
[2024-08-15T15:35:59.724+0000][11255.669s][info][gc,phases   ] GC(2515)   Merge Heap Roots: 0.3ms
[2024-08-15T15:35:59.724+0000][11255.669s][info][gc,phases   ] GC(2515)   Evacuate Collection Set: 11.1ms
[2024-08-15T15:35:59.724+0000][11255.669s][info][gc,phases   ] GC(2515)   Post Evacuate Collection Set: 1.7ms
[2024-08-15T15:35:59.724+0000][11255.669s][info][gc,phases   ] GC(2515)   Other: 0.2ms
[2024-08-15T15:35:59.724+0000][11255.669s][info][gc,heap     ] GC(2515) Eden regions: 746->0(746)
[2024-08-15T15:35:59.724+0000][11255.669s][info][gc,heap     ] GC(2515) Survivor regions: 6->6(94)
[2024-08-15T15:35:59.724+0000][11255.669s][info][gc,heap     ] GC(2515) Old regions: 458->458
[2024-08-15T15:35:59.724+0000][11255.669s][info][gc,heap     ] GC(2515) Archive regions: 2->2
[2024-08-15T15:35:59.724+0000][11255.669s][info][gc,heap     ] GC(2515) Humongous regions: 5->5
[2024-08-15T15:35:59.724+0000][11255.669s][info][gc,metaspace] GC(2515) Metaspace: 442174K(448704K)->442174K(448704K) NonClass: 387283K(390976K)->387283K(390976K) Class: 54890K(57728K)->54890K(57728K)
[2024-08-15T15:35:59.724+0000][11255.669s][info][gc          ] GC(2515) Pause Young (Normal) (G1 Evacuation Pause) 9712M->3742M(12288M) 13.580ms
[2024-08-15T15:35:59.724+0000][11255.669s][info][gc,cpu      ] GC(2515) User=0.08s Sys=0.00s Real=0.02s
[2024-08-15T15:36:04.623+0000][11260.568s][info][gc,start    ] GC(2516) Pause Young (Normal) (G1 Evacuation Pause)
[2024-08-15T15:36:04.623+0000][11260.568s][info][gc,task     ] GC(2516) Using 6 workers of 6 for evacuation
[2024-08-15T15:36:04.640+0000][11260.584s][info][gc,phases   ] GC(2516)   Pre Evacuate Collection Set: 0.2ms
[2024-08-15T15:36:04.640+0000][11260.584s][info][gc,phases   ] GC(2516)   Merge Heap Roots: 0.2ms
[2024-08-15T15:36:04.640+0000][11260.584s][info][gc,phases   ] GC(2516)   Evacuate Collection Set: 14.0ms
[2024-08-15T15:36:04.640+0000][11260.584s][info][gc,phases   ] GC(2516)   Post Evacuate Collection Set: 1.7ms
[2024-08-15T15:36:04.640+0000][11260.584s][info][gc,phases   ] GC(2516)   Other: 0.2ms
[2024-08-15T15:36:04.640+0000][11260.584s][info][gc,heap     ] GC(2516) Eden regions: 746->0(744)
[2024-08-15T15:36:04.640+0000][11260.584s][info][gc,heap     ] GC(2516) Survivor regions: 6->8(94)
[2024-08-15T15:36:04.640+0000][11260.584s][info][gc,heap     ] GC(2516) Old regions: 458->458
[2024-08-15T15:36:04.640+0000][11260.584s][info][gc,heap     ] GC(2516) Archive regions: 2->2
[2024-08-15T15:36:04.640+0000][11260.584s][info][gc,heap     ] GC(2516) Humongous regions: 5->5
[2024-08-15T15:36:04.640+0000][11260.584s][info][gc,metaspace] GC(2516) Metaspace: 442174K(448704K)->442174K(448704K) NonClass: 387283K(390976K)->387283K(390976K) Class: 54890K(57728K)->54890K(57728K)
[2024-08-15T15:36:04.640+0000][11260.584s][info][gc          ] GC(2516) Pause Young (Normal) (G1 Evacuation Pause) 9710M->3759M(12288M) 16.386ms
[2024-08-15T15:36:04.640+0000][11260.584s][info][gc,cpu      ] GC(2516) User=0.09s Sys=0.00s Real=0.01s
[2024-08-15T15:36:09.504+0000][11265.449s][info][gc,start    ] GC(2517) Pause Young (Concurrent Start) (G1 Evacuation Pause)
[2024-08-15T15:36:09.504+0000][11265.449s][info][gc,task     ] GC(2517) Using 6 workers of 6 for evacuation
[2024-08-15T15:36:09.523+0000][11265.468s][info][gc,phases   ] GC(2517)   Pre Evacuate Collection Set: 0.5ms
[2024-08-15T15:36:09.523+0000][11265.468s][info][gc,phases   ] GC(2517)   Merge Heap Roots: 0.2ms
[2024-08-15T15:36:09.523+0000][11265.468s][info][gc,phases   ] GC(2517)   Evacuate Collection Set: 16.8ms
[2024-08-15T15:36:09.523+0000][11265.468s][info][gc,phases   ] GC(2517)   Post Evacuate Collection Set: 1.6ms
[2024-08-15T15:36:09.523+0000][11265.468s][info][gc,phases   ] GC(2517)   Other: 0.3ms
[2024-08-15T15:36:09.523+0000][11265.468s][info][gc,heap     ] GC(2517) Eden regions: 744->0(742)
[2024-08-15T15:36:09.523+0000][11265.468s][info][gc,heap     ] GC(2517) Survivor regions: 8->10(94)
[2024-08-15T15:36:09.523+0000][11265.468s][info][gc,heap     ] GC(2517) Old regions: 458->458
[2024-08-15T15:36:09.523+0000][11265.468s][info][gc,heap     ] GC(2517) Archive regions: 2->2
[2024-08-15T15:36:09.523+0000][11265.468s][info][gc,heap     ] GC(2517) Humongous regions: 5->5
[2024-08-15T15:36:09.523+0000][11265.468s][info][gc,metaspace] GC(2517) Metaspace: 442174K(448704K)->442174K(448704K) NonClass: 387283K(390976K)->387283K(390976K) Class: 54890K(57728K)->54890K(57728K)
[2024-08-15T15:36:09.523+0000][11265.468s][info][gc          ] GC(2517) Pause Young (Concurrent Start) (G1 Evacuation Pause) 9711M->3778M(12288M) 19.537ms
[2024-08-15T15:36:09.524+0000][11265.468s][info][gc,cpu      ] GC(2517) User=0.11s Sys=0.00s Real=0.02s
[2024-08-15T15:36:09.524+0000][11265.468s][info][gc          ] GC(2518) Concurrent Mark Cycle
[2024-08-15T15:36:09.524+0000][11265.468s][info][gc,marking  ] GC(2518) Concurrent Clear Claimed Marks
[2024-08-15T15:36:09.524+0000][11265.469s][info][gc,marking  ] GC(2518) Concurrent Clear Claimed Marks 0.382ms
[2024-08-15T15:36:09.524+0000][11265.469s][info][gc,marking  ] GC(2518) Concurrent Scan Root Regions
[2024-08-15T15:36:09.541+0000][11265.486s][info][gc,marking  ] GC(2518) Concurrent Scan Root Regions 17.348ms
[2024-08-15T15:36:09.541+0000][11265.486s][info][gc,marking  ] GC(2518) Concurrent Mark
[2024-08-15T15:36:09.541+0000][11265.486s][info][gc,marking  ] GC(2518) Concurrent Mark From Roots
[2024-08-15T15:36:09.541+0000][11265.486s][info][gc,task     ] GC(2518) Using 2 workers of 2 for marking
[2024-08-15T15:36:12.504+0000][11268.448s][info][gc,marking  ] GC(2518) Concurrent Mark From Roots 2962.249ms
[2024-08-15T15:36:12.504+0000][11268.448s][info][gc,marking  ] GC(2518) Concurrent Preclean
[2024-08-15T15:36:12.505+0000][11268.450s][info][gc,marking  ] GC(2518) Concurrent Preclean 1.328ms
[2024-08-15T15:36:12.505+0000][11268.450s][info][gc,start    ] GC(2518) Pause Remark
[2024-08-15T15:36:12.529+0000][11268.473s][info][gc          ] GC(2518) Pause Remark 6886M->6886M(12288M) 23.369ms
[2024-08-15T15:36:12.529+0000][11268.473s][info][gc,cpu      ] GC(2518) User=0.10s Sys=0.01s Real=0.02s
[2024-08-15T15:36:12.529+0000][11268.473s][info][gc,marking  ] GC(2518) Concurrent Mark 2987.392ms
[2024-08-15T15:36:12.529+0000][11268.473s][info][gc,marking  ] GC(2518) Concurrent Rebuild Remembered Sets
[2024-08-15T15:36:14.316+0000][11270.260s][info][gc,marking  ] GC(2518) Concurrent Rebuild Remembered Sets 1787.046ms
[2024-08-15T15:36:14.316+0000][11270.261s][info][gc,start    ] GC(2518) Pause Cleanup
[2024-08-15T15:36:14.317+0000][11270.261s][info][gc          ] GC(2518) Pause Cleanup 8782M->8782M(12288M) 0.532ms
[2024-08-15T15:36:14.317+0000][11270.261s][info][gc,cpu      ] GC(2518) User=0.00s Sys=0.00s Real=0.00s
[2024-08-15T15:36:14.317+0000][11270.261s][info][gc,marking  ] GC(2518) Concurrent Cleanup for Next Mark
[2024-08-15T15:36:14.334+0000][11270.278s][info][gc,marking  ] GC(2518) Concurrent Cleanup for Next Mark 17.036ms
[2024-08-15T15:36:14.334+0000][11270.278s][info][gc          ] GC(2518) Concurrent Mark Cycle 4810.144ms
[2024-08-15T15:36:15.134+0000][11271.079s][info][gc,start    ] GC(2519) Pause Young (Prepare Mixed) (G1 Evacuation Pause)
[2024-08-15T15:36:15.134+0000][11271.079s][info][gc,task     ] GC(2519) Using 6 workers of 6 for evacuation
[2024-08-15T15:36:15.156+0000][11271.101s][info][gc,phases   ] GC(2519)   Pre Evacuate Collection Set: 0.2ms
[2024-08-15T15:36:15.156+0000][11271.101s][info][gc,phases   ] GC(2519)   Merge Heap Roots: 0.3ms
[2024-08-15T15:36:15.156+0000][11271.101s][info][gc,phases   ] GC(2519)   Evacuate Collection Set: 19.6ms
[2024-08-15T15:36:15.156+0000][11271.101s][info][gc,phases   ] GC(2519)   Post Evacuate Collection Set: 1.8ms
[2024-08-15T15:36:15.156+0000][11271.101s][info][gc,phases   ] GC(2519)   Other: 0.2ms
[2024-08-15T15:36:15.156+0000][11271.101s][info][gc,heap     ] GC(2519) Eden regions: 742->0(66)
[2024-08-15T15:36:15.156+0000][11271.101s][info][gc,heap     ] GC(2519) Survivor regions: 10->10(94)
[2024-08-15T15:36:15.156+0000][11271.101s][info][gc,heap     ] GC(2519) Old regions: 458->458
[2024-08-15T15:36:15.156+0000][11271.101s][info][gc,heap     ] GC(2519) Archive regions: 2->2
[2024-08-15T15:36:15.156+0000][11271.101s][info][gc,heap     ] GC(2519) Humongous regions: 5->5
[2024-08-15T15:36:15.156+0000][11271.101s][info][gc,metaspace] GC(2519) Metaspace: 442174K(448704K)->442174K(448704K) NonClass: 387283K(390976K)->387283K(390976K) Class: 54890K(57728K)->54890K(57728K)
[2024-08-15T15:36:15.156+0000][11271.101s][info][gc          ] GC(2519) Pause Young (Prepare Mixed) (G1 Evacuation Pause) 9714M->3775M(12288M) 22.089ms
[2024-08-15T15:36:15.156+0000][11271.101s][info][gc,cpu      ] GC(2519) User=0.12s Sys=0.00s Real=0.03s
[2024-08-15T15:36:15.580+0000][11271.524s][info][gc,start    ] GC(2520) Pause Young (Mixed) (G1 Evacuation Pause)
[2024-08-15T15:36:15.580+0000][11271.524s][info][gc,task     ] GC(2520) Using 6 workers of 6 for evacuation
[2024-08-15T15:36:15.634+0000][11271.579s][info][gc,phases   ] GC(2520)   Pre Evacuate Collection Set: 0.2ms
[2024-08-15T15:36:15.634+0000][11271.579s][info][gc,phases   ] GC(2520)   Merge Heap Roots: 0.4ms
[2024-08-15T15:36:15.634+0000][11271.579s][info][gc,phases   ] GC(2520)   Evacuate Collection Set: 52.5ms
[2024-08-15T15:36:15.634+0000][11271.579s][info][gc,phases   ] GC(2520)   Post Evacuate Collection Set: 1.2ms
[2024-08-15T15:36:15.634+0000][11271.579s][info][gc,phases   ] GC(2520)   Other: 0.2ms
[2024-08-15T15:36:15.634+0000][11271.579s][info][gc,heap     ] GC(2520) Eden regions: 66->0(748)
[2024-08-15T15:36:15.634+0000][11271.579s][info][gc,heap     ] GC(2520) Survivor regions: 10->6(10)
[2024-08-15T15:36:15.634+0000][11271.579s][info][gc,heap     ] GC(2520) Old regions: 458->456
[2024-08-15T15:36:15.634+0000][11271.579s][info][gc,heap     ] GC(2520) Archive regions: 2->2
[2024-08-15T15:36:15.634+0000][11271.579s][info][gc,heap     ] GC(2520) Humongous regions: 5->5
[2024-08-15T15:36:15.634+0000][11271.579s][info][gc,metaspace] GC(2520) Metaspace: 442174K(448704K)->442174K(448704K) NonClass: 387283K(390976K)->387283K(390976K) Class: 54890K(57728K)->54890K(57728K)
[2024-08-15T15:36:15.634+0000][11271.579s][info][gc          ] GC(2520) Pause Young (Mixed) (G1 Evacuation Pause) 4303M->3731M(12288M) 54.561ms
[2024-08-15T15:36:15.634+0000][11271.579s][info][gc,cpu      ] GC(2520) User=0.32s Sys=0.00s Real=0.05s
[2024-08-15T15:36:20.621+0000][11276.566s][info][gc,start    ] GC(2521) Pause Young (Normal) (G1 Evacuation Pause)
[2024-08-15T15:36:20.621+0000][11276.566s][info][gc,task     ] GC(2521) Using 6 workers of 6 for evacuation
[2024-08-15T15:36:20.637+0000][11276.581s][info][gc,phases   ] GC(2521)   Pre Evacuate Collection Set: 0.2ms
[2024-08-15T15:36:20.637+0000][11276.581s][info][gc,phases   ] GC(2521)   Merge Heap Roots: 0.2ms
[2024-08-15T15:36:20.637+0000][11276.581s][info][gc,phases   ] GC(2521)   Evacuate Collection Set: 13.2ms
[2024-08-15T15:36:20.637+0000][11276.581s][info][gc,phases   ] GC(2521)   Post Evacuate Collection Set: 1.7ms
[2024-08-15T15:36:20.637+0000][11276.581s][info][gc,phases   ] GC(2521)   Other: 0.2ms
[2024-08-15T15:36:20.637+0000][11276.581s][info][gc,heap     ] GC(2521) Eden regions: 748->0(746)
[2024-08-15T15:36:20.637+0000][11276.581s][info][gc,heap     ] GC(2521) Survivor regions: 6->8(95)
[2024-08-15T15:36:20.637+0000][11276.581s][info][gc,heap     ] GC(2521) Old regions: 456->456
[2024-08-15T15:36:20.637+0000][11276.581s][info][gc,heap     ] GC(2521) Archive regions: 2->2
[2024-08-15T15:36:20.637+0000][11276.581s][info][gc,heap     ] GC(2521) Humongous regions: 5->5
[2024-08-15T15:36:20.637+0000][11276.581s][info][gc,metaspace] GC(2521) Metaspace: 442174K(448704K)->442174K(448704K) NonClass: 387283K(390976K)->387283K(390976K) Class: 54890K(57728K)->54890K(57728K)
[2024-08-15T15:36:20.637+0000][11276.581s][info][gc          ] GC(2521) Pause Young (Normal) (G1 Evacuation Pause) 9715M->3748M(12288M) 15.593ms
[2024-08-15T15:36:20.637+0000][11276.581s][info][gc,cpu      ] GC(2521) User=0.09s Sys=0.00s Real=0.02s
[2024-08-15T15:36:25.375+0000][11281.320s][info][gc,start    ] GC(2522) Pause Young (Normal) (G1 Evacuation Pause)
[2024-08-15T15:36:25.375+0000][11281.320s][info][gc,task     ] GC(2522) Using 6 workers of 6 for evacuation
[2024-08-15T15:36:25.391+0000][11281.335s][info][gc,phases   ] GC(2522)   Pre Evacuate Collection Set: 0.2ms
[2024-08-15T15:36:25.391+0000][11281.335s][info][gc,phases   ] GC(2522)   Merge Heap Roots: 0.2ms
[2024-08-15T15:36:25.391+0000][11281.335s][info][gc,phases   ] GC(2522)   Evacuate Collection Set: 13.6ms
[2024-08-15T15:36:25.391+0000][11281.335s][info][gc,phases   ] GC(2522)   Post Evacuate Collection Set: 1.7ms
[2024-08-15T15:36:25.391+0000][11281.335s][info][gc,phases   ] GC(2522)   Other: 0.2ms
[2024-08-15T15:36:25.391+0000][11281.335s][info][gc,heap     ] GC(2522) Eden regions: 746->0(746)
[2024-08-15T15:36:25.391+0000][11281.335s][info][gc,heap     ] GC(2522) Survivor regions: 8->8(95)
[2024-08-15T15:36:25.391+0000][11281.335s][info][gc,heap     ] GC(2522) Old regions: 456->456
[2024-08-15T15:36:25.391+0000][11281.335s][info][gc,heap     ] GC(2522) Archive regions: 2->2
[2024-08-15T15:36:25.391+0000][11281.335s][info][gc,heap     ] GC(2522) Humongous regions: 5->5
[2024-08-15T15:36:25.391+0000][11281.335s][info][gc,metaspace] GC(2522) Metaspace: 442174K(448704K)->442174K(448704K) NonClass: 387283K(390976K)->387283K(390976K) Class: 54890K(57728K)->54890K(57728K)
[2024-08-15T15:36:25.391+0000][11281.336s][info][gc          ] GC(2522) Pause Young (Normal) (G1 Evacuation Pause) 9716M->3747M(12288M) 15.978ms
[2024-08-15T15:36:25.391+0000][11281.336s][info][gc,cpu      ] GC(2522) User=0.09s Sys=0.00s Real=0.02s
[2024-08-15T15:36:29.443+0000][11285.388s][info][gc,start    ] GC(2523) Pause Young (Concurrent Start) (G1 Evacuation Pause)
[2024-08-15T15:36:29.443+0000][11285.388s][info][gc,task     ] GC(2523) Using 6 workers of 6 for evacuation
[2024-08-15T15:36:29.465+0000][11285.409s][info][gc,phases   ] GC(2523)   Pre Evacuate Collection Set: 0.6ms
[2024-08-15T15:36:29.465+0000][11285.409s][info][gc,phases   ] GC(2523)   Merge Heap Roots: 0.2ms
[2024-08-15T15:36:29.465+0000][11285.409s][info][gc,phases   ] GC(2523)   Evacuate Collection Set: 18.5ms
[2024-08-15T15:36:29.465+0000][11285.409s][info][gc,phases   ] GC(2523)   Post Evacuate Collection Set: 1.8ms
[2024-08-15T15:36:29.465+0000][11285.409s][info][gc,phases   ] GC(2523)   Other: 0.3ms
[2024-08-15T15:36:29.465+0000][11285.409s][info][gc,heap     ] GC(2523) Eden regions: 746->0(745)
[2024-08-15T15:36:29.465+0000][11285.409s][info][gc,heap     ] GC(2523) Survivor regions: 8->9(95)
[2024-08-15T15:36:29.465+0000][11285.409s][info][gc,heap     ] GC(2523) Old regions: 456->456
[2024-08-15T15:36:29.465+0000][11285.409s][info][gc,heap     ] GC(2523) Archive regions: 2->2
[2024-08-15T15:36:29.465+0000][11285.409s][info][gc,heap     ] GC(2523) Humongous regions: 5->5
[2024-08-15T15:36:29.465+0000][11285.409s][info][gc,metaspace] GC(2523) Metaspace: 442174K(448704K)->442174K(448704K) NonClass: 387283K(390976K)->387283K(390976K) Class: 54890K(57728K)->54890K(57728K)
[2024-08-15T15:36:29.465+0000][11285.409s][info][gc          ] GC(2523) Pause Young (Concurrent Start) (G1 Evacuation Pause) 9715M->3760M(12288M) 21.417ms
[2024-08-15T15:36:29.465+0000][11285.409s][info][gc,cpu      ] GC(2523) User=0.12s Sys=0.00s Real=0.02s
[2024-08-15T15:36:29.465+0000][11285.409s][info][gc          ] GC(2524) Concurrent Mark Cycle
[2024-08-15T15:36:29.465+0000][11285.409s][info][gc,marking  ] GC(2524) Concurrent Clear Claimed Marks
[2024-08-15T15:36:29.465+0000][11285.410s][info][gc,marking  ] GC(2524) Concurrent Clear Claimed Marks 0.382ms
[2024-08-15T15:36:29.465+0000][11285.410s][info][gc,marking  ] GC(2524) Concurrent Scan Root Regions
[2024-08-15T15:36:29.477+0000][11285.421s][info][gc,marking  ] GC(2524) Concurrent Scan Root Regions 11.655ms
[2024-08-15T15:36:29.477+0000][11285.422s][info][gc,marking  ] GC(2524) Concurrent Mark
[2024-08-15T15:36:29.477+0000][11285.422s][info][gc,marking  ] GC(2524) Concurrent Mark From Roots
[2024-08-15T15:36:29.477+0000][11285.422s][info][gc,task     ] GC(2524) Using 2 workers of 2 for marking
[2024-08-15T15:36:32.395+0000][11288.339s][info][gc,marking  ] GC(2524) Concurrent Mark From Roots 2917.775ms
[2024-08-15T15:36:32.395+0000][11288.339s][info][gc,marking  ] GC(2524) Concurrent Preclean
[2024-08-15T15:36:32.396+0000][11288.341s][info][gc,marking  ] GC(2524) Concurrent Preclean 1.632ms
[2024-08-15T15:36:32.396+0000][11288.341s][info][gc,start    ] GC(2524) Pause Remark
[2024-08-15T15:36:32.421+0000][11288.366s][info][gc          ] GC(2524) Pause Remark 6772M->6772M(12288M) 24.923ms
[2024-08-15T15:36:32.421+0000][11288.366s][info][gc,cpu      ] GC(2524) User=0.10s Sys=0.00s Real=0.02s
[2024-08-15T15:36:32.422+0000][11288.366s][info][gc,marking  ] GC(2524) Concurrent Mark 2944.700ms
[2024-08-15T15:36:32.422+0000][11288.366s][info][gc,marking  ] GC(2524) Concurrent Rebuild Remembered Sets
[2024-08-15T15:36:34.238+0000][11290.183s][info][gc,marking  ] GC(2524) Concurrent Rebuild Remembered Sets 1816.352ms
[2024-08-15T15:36:34.238+0000][11290.183s][info][gc,start    ] GC(2524) Pause Cleanup
[2024-08-15T15:36:34.239+0000][11290.183s][info][gc          ] GC(2524) Pause Cleanup 8780M->8780M(12288M) 0.518ms
[2024-08-15T15:36:34.239+0000][11290.183s][info][gc,cpu      ] GC(2524) User=0.00s Sys=0.00s Real=0.00s
[2024-08-15T15:36:34.239+0000][11290.183s][info][gc,marking  ] GC(2524) Concurrent Cleanup for Next Mark
[2024-08-15T15:36:34.256+0000][11290.200s][info][gc,marking  ] GC(2524) Concurrent Cleanup for Next Mark 17.016ms
[2024-08-15T15:36:34.256+0000][11290.200s][info][gc          ] GC(2524) Concurrent Mark Cycle 4791.109ms
[2024-08-15T15:36:35.015+0000][11290.960s][info][gc,start    ] GC(2525) Pause Young (Prepare Mixed) (G1 Evacuation Pause)
[2024-08-15T15:36:35.016+0000][11290.960s][info][gc,task     ] GC(2525) Using 6 workers of 6 for evacuation
[2024-08-15T15:36:35.037+0000][11290.981s][info][gc,phases   ] GC(2525)   Pre Evacuate Collection Set: 0.2ms
[2024-08-15T15:36:35.037+0000][11290.981s][info][gc,phases   ] GC(2525)   Merge Heap Roots: 0.3ms
[2024-08-15T15:36:35.037+0000][11290.981s][info][gc,phases   ] GC(2525)   Evacuate Collection Set: 18.7ms
[2024-08-15T15:36:35.037+0000][11290.981s][info][gc,phases   ] GC(2525)   Post Evacuate Collection Set: 1.8ms
[2024-08-15T15:36:35.037+0000][11290.981s][info][gc,phases   ] GC(2525)   Other: 0.2ms
[2024-08-15T15:36:35.037+0000][11290.981s][info][gc,heap     ] GC(2525) Eden regions: 745->0(66)
[2024-08-15T15:36:35.037+0000][11290.981s][info][gc,heap     ] GC(2525) Survivor regions: 9->10(95)
[2024-08-15T15:36:35.037+0000][11290.981s][info][gc,heap     ] GC(2525) Old regions: 456->456
[2024-08-15T15:36:35.037+0000][11290.981s][info][gc,heap     ] GC(2525) Archive regions: 2->2
[2024-08-15T15:36:35.037+0000][11290.981s][info][gc,heap     ] GC(2525) Humongous regions: 5->5
[2024-08-15T15:36:35.037+0000][11290.981s][info][gc,metaspace] GC(2525) Metaspace: 442179K(448704K)->442179K(448704K) NonClass: 387288K(390976K)->387288K(390976K) Class: 54890K(57728K)->54890K(57728K)
[2024-08-15T15:36:35.037+0000][11290.981s][info][gc          ] GC(2525) Pause Young (Prepare Mixed) (G1 Evacuation Pause) 9720M->3767M(12288M) 21.242ms
[2024-08-15T15:36:35.037+0000][11290.981s][info][gc,cpu      ] GC(2525) User=0.13s Sys=0.00s Real=0.02s
[2024-08-15T15:36:35.475+0000][11291.420s][info][gc,start    ] GC(2526) Pause Young (Mixed) (G1 Evacuation Pause)
[2024-08-15T15:36:35.475+0000][11291.420s][info][gc,task     ] GC(2526) Using 6 workers of 6 for evacuation
[2024-08-15T15:36:35.535+0000][11291.480s][info][gc,phases   ] GC(2526)   Pre Evacuate Collection Set: 0.2ms
[2024-08-15T15:36:35.535+0000][11291.480s][info][gc,phases   ] GC(2526)   Merge Heap Roots: 0.4ms
[2024-08-15T15:36:35.535+0000][11291.480s][info][gc,phases   ] GC(2526)   Evacuate Collection Set: 58.1ms
[2024-08-15T15:36:35.535+0000][11291.480s][info][gc,phases   ] GC(2526)   Post Evacuate Collection Set: 1.5ms
[2024-08-15T15:36:35.536+0000][11291.480s][info][gc,phases   ] GC(2526)   Other: 0.2ms
[2024-08-15T15:36:35.536+0000][11291.480s][info][gc,heap     ] GC(2526) Eden regions: 66->0(748)
[2024-08-15T15:36:35.536+0000][11291.480s][info][gc,heap     ] GC(2526) Survivor regions: 10->5(10)
[2024-08-15T15:36:35.536+0000][11291.480s][info][gc,heap     ] GC(2526) Old regions: 456->457
[2024-08-15T15:36:35.536+0000][11291.480s][info][gc,heap     ] GC(2526) Archive regions: 2->2
[2024-08-15T15:36:35.536+0000][11291.480s][info][gc,heap     ] GC(2526) Humongous regions: 5->5
[2024-08-15T15:36:35.536+0000][11291.480s][info][gc,metaspace] GC(2526) Metaspace: 442179K(448704K)->442179K(448704K) NonClass: 387288K(390976K)->387288K(390976K) Class: 54890K(57728K)->54890K(57728K)
[2024-08-15T15:36:35.536+0000][11291.480s][info][gc          ] GC(2526) Pause Young (Mixed) (G1 Evacuation Pause) 4295M->3739M(12288M) 60.417ms
[2024-08-15T15:36:35.536+0000][11291.480s][info][gc,cpu      ] GC(2526) User=0.35s Sys=0.00s Real=0.06s
[2024-08-15T15:36:40.429+0000][11296.373s][info][gc,start    ] GC(2527) Pause Young (Normal) (G1 Evacuation Pause)
[2024-08-15T15:36:40.429+0000][11296.373s][info][gc,task     ] GC(2527) Using 6 workers of 6 for evacuation
[2024-08-15T15:36:40.443+0000][11296.388s][info][gc,phases   ] GC(2527)   Pre Evacuate Collection Set: 0.2ms
[2024-08-15T15:36:40.443+0000][11296.388s][info][gc,phases   ] GC(2527)   Merge Heap Roots: 0.3ms
[2024-08-15T15:36:40.443+0000][11296.388s][info][gc,phases   ] GC(2527)   Evacuate Collection Set: 11.9ms
[2024-08-15T15:36:40.443+0000][11296.388s][info][gc,phases   ] GC(2527)   Post Evacuate Collection Set: 1.8ms
[2024-08-15T15:36:40.443+0000][11296.388s][info][gc,phases   ] GC(2527)   Other: 0.2ms
[2024-08-15T15:36:40.443+0000][11296.388s][info][gc,heap     ] GC(2527) Eden regions: 748->0(745)
[2024-08-15T15:36:40.443+0000][11296.388s][info][gc,heap     ] GC(2527) Survivor regions: 5->7(95)
[2024-08-15T15:36:40.443+0000][11296.388s][info][gc,heap     ] GC(2527) Old regions: 457->457
[2024-08-15T15:36:40.443+0000][11296.388s][info][gc,heap     ] GC(2527) Archive regions: 2->2
[2024-08-15T15:36:40.443+0000][11296.388s][info][gc,heap     ] GC(2527) Humongous regions: 5->5
[2024-08-15T15:36:40.443+0000][11296.388s][info][gc,metaspace] GC(2527) Metaspace: 442188K(448704K)->442188K(448704K) NonClass: 387297K(390976K)->387297K(390976K) Class: 54890K(57728K)->54890K(57728K)
[2024-08-15T15:36:40.443+0000][11296.388s][info][gc          ] GC(2527) Pause Young (Normal) (G1 Evacuation Pause) 9723M->3753M(12288M) 14.417ms
[2024-08-15T15:36:40.443+0000][11296.388s][info][gc,cpu      ] GC(2527) User=0.09s Sys=0.01s Real=0.02s
[2024-08-15T15:36:45.462+0000][11301.407s][info][gc,start    ] GC(2528) Pause Young (Normal) (G1 Evacuation Pause)
[2024-08-15T15:36:45.463+0000][11301.407s][info][gc,task     ] GC(2528) Using 6 workers of 6 for evacuation
[2024-08-15T15:36:45.480+0000][11301.424s][info][gc,phases   ] GC(2528)   Pre Evacuate Collection Set: 0.2ms
[2024-08-15T15:36:45.480+0000][11301.425s][info][gc,phases   ] GC(2528)   Merge Heap Roots: 0.3ms
[2024-08-15T15:36:45.480+0000][11301.425s][info][gc,phases   ] GC(2528)   Evacuate Collection Set: 15.0ms
[2024-08-15T15:36:45.480+0000][11301.425s][info][gc,phases   ] GC(2528)   Post Evacuate Collection Set: 1.7ms
[2024-08-15T15:36:45.480+0000][11301.425s][info][gc,phases   ] GC(2528)   Other: 0.2ms
[2024-08-15T15:36:45.480+0000][11301.425s][info][gc,heap     ] GC(2528) Eden regions: 745->0(743)
[2024-08-15T15:36:45.480+0000][11301.425s][info][gc,heap     ] GC(2528) Survivor regions: 7->9(94)
[2024-08-15T15:36:45.480+0000][11301.425s][info][gc,heap     ] GC(2528) Old regions: 457->457
[2024-08-15T15:36:45.480+0000][11301.425s][info][gc,heap     ] GC(2528) Archive regions: 2->2
[2024-08-15T15:36:45.480+0000][11301.425s][info][gc,heap     ] GC(2528) Humongous regions: 5->5
[2024-08-15T15:36:45.480+0000][11301.425s][info][gc,metaspace] GC(2528) Metaspace: 442188K(448704K)->442188K(448704K) NonClass: 387297K(390976K)->387297K(390976K) Class: 54890K(57728K)->54890K(57728K)
[2024-08-15T15:36:45.480+0000][11301.425s][info][gc          ] GC(2528) Pause Young (Normal) (G1 Evacuation Pause) 9713M->3771M(12288M) 17.468ms
[2024-08-15T15:36:45.480+0000][11301.425s][info][gc,cpu      ] GC(2528) User=0.10s Sys=0.01s Real=0.02s
[2024-08-15T15:36:50.277+0000][11306.222s][info][gc,start    ] GC(2529) Pause Young (Concurrent Start) (G1 Evacuation Pause)
[2024-08-15T15:36:50.278+0000][11306.222s][info][gc,task     ] GC(2529) Using 6 workers of 6 for evacuation
[2024-08-15T15:36:50.298+0000][11306.243s][info][gc,phases   ] GC(2529)   Pre Evacuate Collection Set: 0.6ms
[2024-08-15T15:36:50.298+0000][11306.243s][info][gc,phases   ] GC(2529)   Merge Heap Roots: 0.2ms
[2024-08-15T15:36:50.298+0000][11306.243s][info][gc,phases   ] GC(2529)   Evacuate Collection Set: 18.0ms
[2024-08-15T15:36:50.298+0000][11306.243s][info][gc,phases   ] GC(2529)   Post Evacuate Collection Set: 1.7ms
[2024-08-15T15:36:50.298+0000][11306.243s][info][gc,phases   ] GC(2529)   Other: 0.3ms
[2024-08-15T15:36:50.298+0000][11306.243s][info][gc,heap     ] GC(2529) Eden regions: 743->0(744)
[2024-08-15T15:36:50.298+0000][11306.243s][info][gc,heap     ] GC(2529) Survivor regions: 9->8(94)
[2024-08-15T15:36:50.298+0000][11306.243s][info][gc,heap     ] GC(2529) Old regions: 457->457
[2024-08-15T15:36:50.298+0000][11306.243s][info][gc,heap     ] GC(2529) Archive regions: 2->2
[2024-08-15T15:36:50.298+0000][11306.243s][info][gc,heap     ] GC(2529) Humongous regions: 5->5
[2024-08-15T15:36:50.298+0000][11306.243s][info][gc,metaspace] GC(2529) Metaspace: 442188K(448704K)->442188K(448704K) NonClass: 387297K(390976K)->387297K(390976K) Class: 54890K(57728K)->54890K(57728K)
[2024-08-15T15:36:50.298+0000][11306.243s][info][gc          ] GC(2529) Pause Young (Concurrent Start) (G1 Evacuation Pause) 9715M->3763M(12288M) 20.879ms
[2024-08-15T15:36:50.298+0000][11306.243s][info][gc,cpu      ] GC(2529) User=0.12s Sys=0.00s Real=0.02s
[2024-08-15T15:36:50.298+0000][11306.243s][info][gc          ] GC(2530) Concurrent Mark Cycle
[2024-08-15T15:36:50.298+0000][11306.243s][info][gc,marking  ] GC(2530) Concurrent Clear Claimed Marks
[2024-08-15T15:36:50.299+0000][11306.243s][info][gc,marking  ] GC(2530) Concurrent Clear Claimed Marks 0.383ms
[2024-08-15T15:36:50.299+0000][11306.243s][info][gc,marking  ] GC(2530) Concurrent Scan Root Regions
[2024-08-15T15:36:50.312+0000][11306.256s][info][gc,marking  ] GC(2530) Concurrent Scan Root Regions 12.626ms
[2024-08-15T15:36:50.312+0000][11306.256s][info][gc,marking  ] GC(2530) Concurrent Mark
[2024-08-15T15:36:50.312+0000][11306.256s][info][gc,marking  ] GC(2530) Concurrent Mark From Roots
[2024-08-15T15:36:50.312+0000][11306.256s][info][gc,task     ] GC(2530) Using 2 workers of 2 for marking
[2024-08-15T15:36:53.359+0000][11309.304s][info][gc,marking  ] GC(2530) Concurrent Mark From Roots 3047.768ms
[2024-08-15T15:36:53.359+0000][11309.304s][info][gc,marking  ] GC(2530) Concurrent Preclean
[2024-08-15T15:36:53.361+0000][11309.306s][info][gc,marking  ] GC(2530) Concurrent Preclean 1.790ms
[2024-08-15T15:36:53.361+0000][11309.306s][info][gc,start    ] GC(2530) Pause Remark
[2024-08-15T15:36:53.385+0000][11309.330s][info][gc          ] GC(2530) Pause Remark 7475M->7475M(12288M) 23.703ms
[2024-08-15T15:36:53.385+0000][11309.330s][info][gc,cpu      ] GC(2530) User=0.10s Sys=0.00s Real=0.03s
[2024-08-15T15:36:53.385+0000][11309.330s][info][gc,marking  ] GC(2530) Concurrent Mark 3073.749ms
[2024-08-15T15:36:53.385+0000][11309.330s][info][gc,marking  ] GC(2530) Concurrent Rebuild Remembered Sets
[2024-08-15T15:36:55.179+0000][11311.123s][info][gc,marking  ] GC(2530) Concurrent Rebuild Remembered Sets 1793.461ms
[2024-08-15T15:36:55.179+0000][11311.124s][info][gc,start    ] GC(2530) Pause Cleanup
[2024-08-15T15:36:55.180+0000][11311.124s][info][gc          ] GC(2530) Pause Cleanup 9403M->9403M(12288M) 0.529ms
[2024-08-15T15:36:55.180+0000][11311.124s][info][gc,cpu      ] GC(2530) User=0.00s Sys=0.00s Real=0.00s
[2024-08-15T15:36:55.180+0000][11311.124s][info][gc,marking  ] GC(2530) Concurrent Cleanup for Next Mark
[2024-08-15T15:36:55.208+0000][11311.152s][info][gc,marking  ] GC(2530) Concurrent Cleanup for Next Mark 27.927ms
[2024-08-15T15:36:55.208+0000][11311.152s][info][gc          ] GC(2530) Concurrent Mark Cycle 4909.159ms
[2024-08-15T15:36:55.435+0000][11311.379s][info][gc,start    ] GC(2531) Pause Young (Prepare Mixed) (G1 Evacuation Pause)
[2024-08-15T15:36:55.435+0000][11311.379s][info][gc,task     ] GC(2531) Using 6 workers of 6 for evacuation
[2024-08-15T15:36:55.456+0000][11311.401s][info][gc,phases   ] GC(2531)   Pre Evacuate Collection Set: 0.2ms
[2024-08-15T15:36:55.456+0000][11311.401s][info][gc,phases   ] GC(2531)   Merge Heap Roots: 0.4ms
[2024-08-15T15:36:55.456+0000][11311.401s][info][gc,phases   ] GC(2531)   Evacuate Collection Set: 19.4ms
[2024-08-15T15:36:55.456+0000][11311.401s][info][gc,phases   ] GC(2531)   Post Evacuate Collection Set: 1.8ms
[2024-08-15T15:36:55.456+0000][11311.401s][info][gc,phases   ] GC(2531)   Other: 0.2ms
[2024-08-15T15:36:55.456+0000][11311.401s][info][gc,heap     ] GC(2531) Eden regions: 744->0(67)
[2024-08-15T15:36:55.456+0000][11311.401s][info][gc,heap     ] GC(2531) Survivor regions: 8->9(94)
[2024-08-15T15:36:55.457+0000][11311.401s][info][gc,heap     ] GC(2531) Old regions: 457->457
[2024-08-15T15:36:55.457+0000][11311.401s][info][gc,heap     ] GC(2531) Archive regions: 2->2
[2024-08-15T15:36:55.457+0000][11311.401s][info][gc,heap     ] GC(2531) Humongous regions: 5->5
[2024-08-15T15:36:55.457+0000][11311.401s][info][gc,metaspace] GC(2531) Metaspace: 442188K(448704K)->442188K(448704K) NonClass: 387297K(390976K)->387297K(390976K) Class: 54890K(57728K)->54890K(57728K)
[2024-08-15T15:36:55.457+0000][11311.401s][info][gc          ] GC(2531) Pause Young (Prepare Mixed) (G1 Evacuation Pause) 9715M->3769M(12288M) 22.043ms
[2024-08-15T15:36:55.457+0000][11311.401s][info][gc,cpu      ] GC(2531) User=0.13s Sys=0.00s Real=0.03s
[2024-08-15T15:36:55.892+0000][11311.837s][info][gc,start    ] GC(2532) Pause Young (Mixed) (G1 Evacuation Pause)
[2024-08-15T15:36:55.892+0000][11311.837s][info][gc,task     ] GC(2532) Using 6 workers of 6 for evacuation
[2024-08-15T15:36:55.950+0000][11311.895s][info][gc,phases   ] GC(2532)   Pre Evacuate Collection Set: 0.2ms
[2024-08-15T15:36:55.950+0000][11311.895s][info][gc,phases   ] GC(2532)   Merge Heap Roots: 0.4ms
[2024-08-15T15:36:55.950+0000][11311.895s][info][gc,phases   ] GC(2532)   Evacuate Collection Set: 56.1ms
[2024-08-15T15:36:55.950+0000][11311.895s][info][gc,phases   ] GC(2532)   Post Evacuate Collection Set: 1.4ms
[2024-08-15T15:36:55.950+0000][11311.895s][info][gc,phases   ] GC(2532)   Other: 0.2ms
[2024-08-15T15:36:55.950+0000][11311.895s][info][gc,heap     ] GC(2532) Eden regions: 67->0(746)
[2024-08-15T15:36:55.950+0000][11311.895s][info][gc,heap     ] GC(2532) Survivor regions: 9->6(10)
[2024-08-15T15:36:55.950+0000][11311.895s][info][gc,heap     ] GC(2532) Old regions: 457->457
[2024-08-15T15:36:55.950+0000][11311.895s][info][gc,heap     ] GC(2532) Archive regions: 2->2
[2024-08-15T15:36:55.950+0000][11311.895s][info][gc,heap     ] GC(2532) Humongous regions: 5->5
[2024-08-15T15:36:55.950+0000][11311.895s][info][gc,metaspace] GC(2532) Metaspace: 442188K(448704K)->442188K(448704K) NonClass: 387297K(390976K)->387297K(390976K) Class: 54890K(57728K)->54890K(57728K)
[2024-08-15T15:36:55.950+0000][11311.895s][info][gc          ] GC(2532) Pause Young (Mixed) (G1 Evacuation Pause) 4305M->3741M(12288M) 58.271ms
[2024-08-15T15:36:55.951+0000][11311.895s][info][gc,cpu      ] GC(2532) User=0.34s Sys=0.00s Real=0.06s
[2024-08-15T15:37:00.874+0000][11316.819s][info][gc,start    ] GC(2533) Pause Young (Normal) (G1 Evacuation Pause)
[2024-08-15T15:37:00.874+0000][11316.819s][info][gc,task     ] GC(2533) Using 6 workers of 6 for evacuation
[2024-08-15T15:37:00.889+0000][11316.833s][info][gc,phases   ] GC(2533)   Pre Evacuate Collection Set: 0.2ms
[2024-08-15T15:37:00.889+0000][11316.833s][info][gc,phases   ] GC(2533)   Merge Heap Roots: 0.2ms
[2024-08-15T15:37:00.889+0000][11316.833s][info][gc,phases   ] GC(2533)   Evacuate Collection Set: 12.0ms
[2024-08-15T15:37:00.889+0000][11316.833s][info][gc,phases   ] GC(2533)   Post Evacuate Collection Set: 1.7ms
[2024-08-15T15:37:00.889+0000][11316.833s][info][gc,phases   ] GC(2533)   Other: 0.2ms
[2024-08-15T15:37:00.889+0000][11316.833s][info][gc,heap     ] GC(2533) Eden regions: 746->0(748)
[2024-08-15T15:37:00.889+0000][11316.833s][info][gc,heap     ] GC(2533) Survivor regions: 6->5(94)
[2024-08-15T15:37:00.889+0000][11316.833s][info][gc,heap     ] GC(2533) Old regions: 457->457
[2024-08-15T15:37:00.889+0000][11316.833s][info][gc,heap     ] GC(2533) Archive regions: 2->2
[2024-08-15T15:37:00.889+0000][11316.833s][info][gc,heap     ] GC(2533) Humongous regions: 5->5
[2024-08-15T15:37:00.889+0000][11316.833s][info][gc,metaspace] GC(2533) Metaspace: 442188K(448704K)->442188K(448704K) NonClass: 387297K(390976K)->387297K(390976K) Class: 54890K(57728K)->54890K(57728K)
[2024-08-15T15:37:00.889+0000][11316.833s][info][gc          ] GC(2533) Pause Young (Normal) (G1 Evacuation Pause) 9709M->3737M(12288M) 14.343ms
[2024-08-15T15:37:00.889+0000][11316.833s][info][gc,cpu      ] GC(2533) User=0.09s Sys=0.00s Real=0.02s
[2024-08-15T15:37:02.259+0000][11318.204s][info][gc,start    ] GC(2534) Pause Young (Concurrent Start) (G1 Humongous Allocation)
[2024-08-15T15:37:02.259+0000][11318.204s][info][gc,task     ] GC(2534) Using 6 workers of 6 for evacuation
[2024-08-15T15:37:02.280+0000][11318.225s][info][gc,phases   ] GC(2534)   Pre Evacuate Collection Set: 0.5ms
[2024-08-15T15:37:02.280+0000][11318.225s][info][gc,phases   ] GC(2534)   Merge Heap Roots: 0.2ms
[2024-08-15T15:37:02.280+0000][11318.225s][info][gc,phases   ] GC(2534)   Evacuate Collection Set: 18.8ms
[2024-08-15T15:37:02.280+0000][11318.225s][info][gc,phases   ] GC(2534)   Post Evacuate Collection Set: 1.2ms
[2024-08-15T15:37:02.280+0000][11318.225s][info][gc,phases   ] GC(2534)   Other: 0.3ms
[2024-08-15T15:37:02.280+0000][11318.225s][info][gc,heap     ] GC(2534) Eden regions: 207->0(744)
[2024-08-15T15:37:02.280+0000][11318.225s][info][gc,heap     ] GC(2534) Survivor regions: 5->8(95)
[2024-08-15T15:37:02.280+0000][11318.225s][info][gc,heap     ] GC(2534) Old regions: 457->457
[2024-08-15T15:37:02.280+0000][11318.225s][info][gc,heap     ] GC(2534) Archive regions: 2->2
[2024-08-15T15:37:02.280+0000][11318.225s][info][gc,heap     ] GC(2534) Humongous regions: 5->5
[2024-08-15T15:37:02.280+0000][11318.225s][info][gc,metaspace] GC(2534) Metaspace: 442188K(448704K)->442188K(448704K) NonClass: 387297K(390976K)->387297K(390976K) Class: 54890K(57728K)->54890K(57728K)
[2024-08-15T15:37:02.280+0000][11318.225s][info][gc          ] GC(2534) Pause Young (Concurrent Start) (G1 Humongous Allocation) 5389M->3757M(12288M) 21.084ms
[2024-08-15T15:37:02.280+0000][11318.225s][info][gc,cpu      ] GC(2534) User=0.12s Sys=0.00s Real=0.02s
[2024-08-15T15:37:02.281+0000][11318.225s][info][gc          ] GC(2535) Concurrent Mark Cycle
[2024-08-15T15:37:02.281+0000][11318.225s][info][gc,marking  ] GC(2535) Concurrent Clear Claimed Marks
[2024-08-15T15:37:02.281+0000][11318.226s][info][gc,marking  ] GC(2535) Concurrent Clear Claimed Marks 0.384ms
[2024-08-15T15:37:02.281+0000][11318.226s][info][gc,marking  ] GC(2535) Concurrent Scan Root Regions
[2024-08-15T15:37:02.335+0000][11318.280s][info][gc,marking  ] GC(2535) Concurrent Scan Root Regions 54.141ms
[2024-08-15T15:37:02.335+0000][11318.280s][info][gc,marking  ] GC(2535) Concurrent Mark
[2024-08-15T15:37:02.335+0000][11318.280s][info][gc,marking  ] GC(2535) Concurrent Mark From Roots
[2024-08-15T15:37:02.335+0000][11318.280s][info][gc,task     ] GC(2535) Using 2 workers of 2 for marking
[2024-08-15T15:37:04.985+0000][11320.930s][info][gc,start    ] GC(2536) Pause Young (Normal) (G1 Evacuation Pause)
[2024-08-15T15:37:04.985+0000][11320.930s][info][gc,task     ] GC(2536) Using 6 workers of 6 for evacuation
[2024-08-15T15:37:05.107+0000][11321.051s][info][gc,phases   ] GC(2536)   Pre Evacuate Collection Set: 0.2ms
[2024-08-15T15:37:05.107+0000][11321.051s][info][gc,phases   ] GC(2536)   Merge Heap Roots: 0.3ms
[2024-08-15T15:37:05.107+0000][11321.051s][info][gc,phases   ] GC(2536)   Evacuate Collection Set: 96.0ms
[2024-08-15T15:37:05.107+0000][11321.051s][info][gc,phases   ] GC(2536)   Post Evacuate Collection Set: 25.0ms
[2024-08-15T15:37:05.107+0000][11321.051s][info][gc,phases   ] GC(2536)   Other: 0.2ms
[2024-08-15T15:37:05.107+0000][11321.052s][info][gc,heap     ] GC(2536) Eden regions: 744->0(728)
[2024-08-15T15:37:05.107+0000][11321.052s][info][gc,heap     ] GC(2536) Survivor regions: 8->17(94)
[2024-08-15T15:37:05.107+0000][11321.052s][info][gc,heap     ] GC(2536) Old regions: 457->457
[2024-08-15T15:37:05.107+0000][11321.052s][info][gc,heap     ] GC(2536) Archive regions: 2->2
[2024-08-15T15:37:05.107+0000][11321.052s][info][gc,heap     ] GC(2536) Humongous regions: 7->7
[2024-08-15T15:37:05.107+0000][11321.052s][info][gc,metaspace] GC(2536) Metaspace: 442188K(448704K)->442188K(448704K) NonClass: 387297K(390976K)->387297K(390976K) Class: 54890K(57728K)->54890K(57728K)
[2024-08-15T15:37:05.107+0000][11321.052s][info][gc          ] GC(2536) Pause Young (Normal) (G1 Evacuation Pause) 9725M->3848M(12288M) 121.699ms
[2024-08-15T15:37:05.107+0000][11321.052s][info][gc,cpu      ] GC(2536) User=0.71s Sys=0.00s Real=0.12s
[2024-08-15T15:37:05.244+0000][11321.188s][info][gc,marking  ] GC(2535) Concurrent Mark From Roots 2908.581ms
[2024-08-15T15:37:05.244+0000][11321.188s][info][gc,marking  ] GC(2535) Concurrent Preclean
[2024-08-15T15:37:05.245+0000][11321.190s][info][gc,marking  ] GC(2535) Concurrent Preclean 1.267ms
[2024-08-15T15:37:05.245+0000][11321.190s][info][gc,start    ] GC(2535) Pause Remark
[2024-08-15T15:37:05.274+0000][11321.219s][info][gc          ] GC(2535) Pause Remark 4156M->4156M(12288M) 29.106ms
[2024-08-15T15:37:05.274+0000][11321.219s][info][gc,cpu      ] GC(2535) User=0.12s Sys=0.01s Real=0.02s
[2024-08-15T15:37:05.275+0000][11321.219s][info][gc,marking  ] GC(2535) Concurrent Mark 2939.467ms
[2024-08-15T15:37:05.275+0000][11321.219s][info][gc,marking  ] GC(2535) Concurrent Rebuild Remembered Sets
[2024-08-15T15:37:06.969+0000][11322.914s][info][gc,marking  ] GC(2535) Concurrent Rebuild Remembered Sets 1694.725ms
[2024-08-15T15:37:06.970+0000][11322.914s][info][gc,start    ] GC(2535) Pause Cleanup
[2024-08-15T15:37:06.970+0000][11322.915s][info][gc          ] GC(2535) Pause Cleanup 8252M->8252M(12288M) 0.536ms
[2024-08-15T15:37:06.970+0000][11322.915s][info][gc,cpu      ] GC(2535) User=0.00s Sys=0.00s Real=0.00s
[2024-08-15T15:37:06.970+0000][11322.915s][info][gc,marking  ] GC(2535) Concurrent Cleanup for Next Mark
[2024-08-15T15:37:06.999+0000][11322.943s][info][gc,marking  ] GC(2535) Concurrent Cleanup for Next Mark 28.464ms
[2024-08-15T15:37:06.999+0000][11322.943s][info][gc          ] GC(2535) Concurrent Mark Cycle 4718.267ms
[2024-08-15T15:37:07.462+0000][11323.406s][info][gc,start    ] GC(2537) Pause Young (Prepare Mixed) (G1 Evacuation Pause)
[2024-08-15T15:37:07.462+0000][11323.406s][info][gc,task     ] GC(2537) Using 6 workers of 6 for evacuation
[2024-08-15T15:37:07.557+0000][11323.501s][info][gc,phases   ] GC(2537)   Pre Evacuate Collection Set: 0.2ms
[2024-08-15T15:37:07.557+0000][11323.501s][info][gc,phases   ] GC(2537)   Merge Heap Roots: 0.4ms
[2024-08-15T15:37:07.557+0000][11323.501s][info][gc,phases   ] GC(2537)   Evacuate Collection Set: 78.3ms
[2024-08-15T15:37:07.557+0000][11323.501s][info][gc,phases   ] GC(2537)   Post Evacuate Collection Set: 15.9ms
[2024-08-15T15:37:07.557+0000][11323.501s][info][gc,phases   ] GC(2537)   Other: 0.2ms
[2024-08-15T15:37:07.557+0000][11323.501s][info][gc,heap     ] GC(2537) Eden regions: 728->0(54)
[2024-08-15T15:37:07.557+0000][11323.501s][info][gc,heap     ] GC(2537) Survivor regions: 17->22(94)
[2024-08-15T15:37:07.557+0000][11323.501s][info][gc,heap     ] GC(2537) Old regions: 457->457
[2024-08-15T15:37:07.557+0000][11323.501s][info][gc,heap     ] GC(2537) Archive regions: 2->2
[2024-08-15T15:37:07.557+0000][11323.501s][info][gc,heap     ] GC(2537) Humongous regions: 7->7
[2024-08-15T15:37:07.557+0000][11323.501s][info][gc,metaspace] GC(2537) Metaspace: 442188K(448704K)->442188K(448704K) NonClass: 387297K(390976K)->387297K(390976K) Class: 54890K(57728K)->54890K(57728K)
[2024-08-15T15:37:07.557+0000][11323.501s][info][gc          ] GC(2537) Pause Young (Prepare Mixed) (G1 Evacuation Pause) 9672M->3888M(12288M) 94.929ms
[2024-08-15T15:37:07.557+0000][11323.501s][info][gc,cpu      ] GC(2537) User=0.55s Sys=0.00s Real=0.10s
[2024-08-15T15:37:07.734+0000][11323.678s][info][gc,start    ] GC(2538) Pause Young (Mixed) (G1 Evacuation Pause)
[2024-08-15T15:37:07.734+0000][11323.678s][info][gc,task     ] GC(2538) Using 6 workers of 6 for evacuation
[2024-08-15T15:37:07.834+0000][11323.778s][info][gc,phases   ] GC(2538)   Pre Evacuate Collection Set: 0.2ms
[2024-08-15T15:37:07.834+0000][11323.778s][info][gc,phases   ] GC(2538)   Merge Heap Roots: 0.5ms
[2024-08-15T15:37:07.834+0000][11323.778s][info][gc,phases   ] GC(2538)   Evacuate Collection Set: 96.9ms
[2024-08-15T15:37:07.834+0000][11323.778s][info][gc,phases   ] GC(2538)   Post Evacuate Collection Set: 2.4ms
[2024-08-15T15:37:07.834+0000][11323.778s][info][gc,phases   ] GC(2538)   Other: 0.2ms
[2024-08-15T15:37:07.834+0000][11323.779s][info][gc,heap     ] GC(2538) Eden regions: 54->0(727)
[2024-08-15T15:37:07.834+0000][11323.779s][info][gc,heap     ] GC(2538) Survivor regions: 22->3(10)
[2024-08-15T15:37:07.834+0000][11323.779s][info][gc,heap     ] GC(2538) Old regions: 457->472
[2024-08-15T15:37:07.834+0000][11323.779s][info][gc,heap     ] GC(2538) Archive regions: 2->2
[2024-08-15T15:37:07.834+0000][11323.779s][info][gc,heap     ] GC(2538) Humongous regions: 7->7
[2024-08-15T15:37:07.834+0000][11323.779s][info][gc,metaspace] GC(2538) Metaspace: 442188K(448704K)->442188K(448704K) NonClass: 387297K(390976K)->387297K(390976K) Class: 54890K(57728K)->54890K(57728K)
[2024-08-15T15:37:07.834+0000][11323.779s][info][gc          ] GC(2538) Pause Young (Mixed) (G1 Evacuation Pause) 4320M->3858M(12288M) 100.171ms
[2024-08-15T15:37:07.834+0000][11323.779s][info][gc,cpu      ] GC(2538) User=0.59s Sys=0.00s Real=0.10s
[2024-08-15T15:37:09.734+0000][11325.678s][info][gc,start    ] GC(2539) Pause Young (Normal) (G1 Evacuation Pause)
[2024-08-15T15:37:09.734+0000][11325.678s][info][gc,task     ] GC(2539) Using 6 workers of 6 for evacuation
[2024-08-15T15:37:09.774+0000][11325.718s][info][gc,phases   ] GC(2539)   Pre Evacuate Collection Set: 0.2ms
[2024-08-15T15:37:09.774+0000][11325.718s][info][gc,phases   ] GC(2539)   Merge Heap Roots: 0.4ms
[2024-08-15T15:37:09.774+0000][11325.718s][info][gc,phases   ] GC(2539)   Evacuate Collection Set: 30.7ms
[2024-08-15T15:37:09.774+0000][11325.718s][info][gc,phases   ] GC(2539)   Post Evacuate Collection Set: 8.5ms
[2024-08-15T15:37:09.774+0000][11325.718s][info][gc,phases   ] GC(2539)   Other: 0.2ms
[2024-08-15T15:37:09.774+0000][11325.718s][info][gc,heap     ] GC(2539) Eden regions: 727->0(727)
[2024-08-15T15:37:09.774+0000][11325.718s][info][gc,heap     ] GC(2539) Survivor regions: 3->4(92)
[2024-08-15T15:37:09.774+0000][11325.718s][info][gc,heap     ] GC(2539) Old regions: 472->472
[2024-08-15T15:37:09.774+0000][11325.718s][info][gc,heap     ] GC(2539) Archive regions: 2->2
[2024-08-15T15:37:09.774+0000][11325.718s][info][gc,heap     ] GC(2539) Humongous regions: 7->7
[2024-08-15T15:37:09.774+0000][11325.718s][info][gc,metaspace] GC(2539) Metaspace: 442190K(448704K)->442190K(448704K) NonClass: 387299K(390976K)->387299K(390976K) Class: 54890K(57728K)->54890K(57728K)
[2024-08-15T15:37:09.774+0000][11325.718s][info][gc          ] GC(2539) Pause Young (Normal) (G1 Evacuation Pause) 9674M->3865M(12288M) 40.081ms
[2024-08-15T15:37:09.774+0000][11325.719s][info][gc,cpu      ] GC(2539) User=0.23s Sys=0.00s Real=0.04s
[2024-08-15T15:37:11.869+0000][11327.814s][info][gc,start    ] GC(2540) Pause Young (Normal) (G1 Evacuation Pause)
[2024-08-15T15:37:11.869+0000][11327.814s][info][gc,task     ] GC(2540) Using 6 workers of 6 for evacuation
[2024-08-15T15:37:11.925+0000][11327.870s][info][gc,phases   ] GC(2540)   Pre Evacuate Collection Set: 0.2ms
[2024-08-15T15:37:11.925+0000][11327.870s][info][gc,phases   ] GC(2540)   Merge Heap Roots: 0.3ms
[2024-08-15T15:37:11.925+0000][11327.870s][info][gc,phases   ] GC(2540)   Evacuate Collection Set: 44.0ms
[2024-08-15T15:37:11.925+0000][11327.870s][info][gc,phases   ] GC(2540)   Post Evacuate Collection Set: 11.5ms
[2024-08-15T15:37:11.925+0000][11327.870s][info][gc,phases   ] GC(2540)   Other: 0.2ms
[2024-08-15T15:37:11.925+0000][11327.870s][info][gc,heap     ] GC(2540) Eden regions: 727->0(725)
[2024-08-15T15:37:11.925+0000][11327.870s][info][gc,heap     ] GC(2540) Survivor regions: 4->7(92)
[2024-08-15T15:37:11.925+0000][11327.870s][info][gc,heap     ] GC(2540) Old regions: 472->472
[2024-08-15T15:37:11.925+0000][11327.870s][info][gc,heap     ] GC(2540) Archive regions: 2->2
[2024-08-15T15:37:11.925+0000][11327.870s][info][gc,heap     ] GC(2540) Humongous regions: 7->7
[2024-08-15T15:37:11.925+0000][11327.870s][info][gc,metaspace] GC(2540) Metaspace: 442190K(448704K)->442190K(448704K) NonClass: 387299K(390976K)->387299K(390976K) Class: 54890K(57728K)->54890K(57728K)
[2024-08-15T15:37:11.925+0000][11327.870s][info][gc          ] GC(2540) Pause Young (Normal) (G1 Evacuation Pause) 9681M->3887M(12288M) 56.275ms
[2024-08-15T15:37:11.925+0000][11327.870s][info][gc,cpu      ] GC(2540) User=0.33s Sys=0.00s Real=0.06s
[2024-08-15T15:37:14.059+0000][11330.004s][info][gc,start    ] GC(2541) Pause Young (Concurrent Start) (G1 Evacuation Pause)
[2024-08-15T15:37:14.059+0000][11330.004s][info][gc,task     ] GC(2541) Using 6 workers of 6 for evacuation
[2024-08-15T15:37:14.136+0000][11330.081s][info][gc,phases   ] GC(2541)   Pre Evacuate Collection Set: 0.5ms
[2024-08-15T15:37:14.136+0000][11330.081s][info][gc,phases   ] GC(2541)   Merge Heap Roots: 0.4ms
[2024-08-15T15:37:14.136+0000][11330.081s][info][gc,phases   ] GC(2541)   Evacuate Collection Set: 60.0ms
[2024-08-15T15:37:14.136+0000][11330.081s][info][gc,phases   ] GC(2541)   Post Evacuate Collection Set: 15.8ms
[2024-08-15T15:37:14.136+0000][11330.081s][info][gc,phases   ] GC(2541)   Other: 0.3ms
[2024-08-15T15:37:14.136+0000][11330.081s][info][gc,heap     ] GC(2541) Eden regions: 725->0(722)
[2024-08-15T15:37:14.136+0000][11330.081s][info][gc,heap     ] GC(2541) Survivor regions: 7->10(92)
[2024-08-15T15:37:14.136+0000][11330.081s][info][gc,heap     ] GC(2541) Old regions: 472->472
[2024-08-15T15:37:14.136+0000][11330.081s][info][gc,heap     ] GC(2541) Archive regions: 2->2
[2024-08-15T15:37:14.136+0000][11330.081s][info][gc,heap     ] GC(2541) Humongous regions: 7->7
[2024-08-15T15:37:14.136+0000][11330.081s][info][gc,metaspace] GC(2541) Metaspace: 442190K(448704K)->442190K(448704K) NonClass: 387299K(390976K)->387299K(390976K) Class: 54890K(57728K)->54890K(57728K)
[2024-08-15T15:37:14.136+0000][11330.081s][info][gc          ] GC(2541) Pause Young (Concurrent Start) (G1 Evacuation Pause) 9687M->3914M(12288M) 77.141ms
[2024-08-15T15:37:14.136+0000][11330.081s][info][gc,cpu      ] GC(2541) User=0.44s Sys=0.00s Real=0.08s
[2024-08-15T15:37:14.136+0000][11330.081s][info][gc          ] GC(2542) Concurrent Mark Cycle
[2024-08-15T15:37:14.136+0000][11330.081s][info][gc,marking  ] GC(2542) Concurrent Clear Claimed Marks
[2024-08-15T15:37:14.137+0000][11330.081s][info][gc,marking  ] GC(2542) Concurrent Clear Claimed Marks 0.401ms
[2024-08-15T15:37:14.137+0000][11330.081s][info][gc,marking  ] GC(2542) Concurrent Scan Root Regions
[2024-08-15T15:37:14.169+0000][11330.114s][info][gc,marking  ] GC(2542) Concurrent Scan Root Regions 32.746ms
[2024-08-15T15:37:14.169+0000][11330.114s][info][gc,marking  ] GC(2542) Concurrent Mark
[2024-08-15T15:37:14.169+0000][11330.114s][info][gc,marking  ] GC(2542) Concurrent Mark From Roots
[2024-08-15T15:37:14.169+0000][11330.114s][info][gc,task     ] GC(2542) Using 2 workers of 2 for marking
[2024-08-15T15:37:16.740+0000][11332.685s][info][gc,start    ] GC(2543) Pause Young (Normal) (G1 Evacuation Pause)
[2024-08-15T15:37:16.740+0000][11332.685s][info][gc,task     ] GC(2543) Using 6 workers of 6 for evacuation
[2024-08-15T15:37:16.812+0000][11332.757s][info][gc,phases   ] GC(2543)   Pre Evacuate Collection Set: 0.2ms
[2024-08-15T15:37:16.812+0000][11332.757s][info][gc,phases   ] GC(2543)   Merge Heap Roots: 0.4ms
[2024-08-15T15:37:16.812+0000][11332.757s][info][gc,phases   ] GC(2543)   Evacuate Collection Set: 59.7ms
[2024-08-15T15:37:16.812+0000][11332.757s][info][gc,phases   ] GC(2543)   Post Evacuate Collection Set: 12.0ms
[2024-08-15T15:37:16.812+0000][11332.757s][info][gc,phases   ] GC(2543)   Other: 0.2ms
[2024-08-15T15:37:16.812+0000][11332.757s][info][gc,heap     ] GC(2543) Eden regions: 722->0(720)
[2024-08-15T15:37:16.812+0000][11332.757s][info][gc,heap     ] GC(2543) Survivor regions: 10->13(92)
[2024-08-15T15:37:16.812+0000][11332.757s][info][gc,heap     ] GC(2543) Old regions: 472->472
[2024-08-15T15:37:16.812+0000][11332.757s][info][gc,heap     ] GC(2543) Archive regions: 2->2
[2024-08-15T15:37:16.812+0000][11332.757s][info][gc,heap     ] GC(2543) Humongous regions: 7->7
[2024-08-15T15:37:16.812+0000][11332.757s][info][gc,metaspace] GC(2543) Metaspace: 442190K(448704K)->442190K(448704K) NonClass: 387299K(390976K)->387299K(390976K) Class: 54890K(57728K)->54890K(57728K)
[2024-08-15T15:37:16.812+0000][11332.757s][info][gc          ] GC(2543) Pause Young (Normal) (G1 Evacuation Pause) 9690M->3935M(12288M) 72.536ms
[2024-08-15T15:37:16.813+0000][11332.757s][info][gc,cpu      ] GC(2543) User=0.42s Sys=0.00s Real=0.07s
[2024-08-15T15:37:17.026+0000][11332.971s][info][gc,marking  ] GC(2542) Concurrent Mark From Roots 2856.596ms
[2024-08-15T15:37:17.026+0000][11332.971s][info][gc,marking  ] GC(2542) Concurrent Preclean
[2024-08-15T15:37:17.027+0000][11332.972s][info][gc,marking  ] GC(2542) Concurrent Preclean 1.332ms
[2024-08-15T15:37:17.028+0000][11332.972s][info][gc,start    ] GC(2542) Pause Remark
[2024-08-15T15:37:17.051+0000][11332.996s][info][gc          ] GC(2542) Pause Remark 4491M->4475M(12288M) 23.519ms
[2024-08-15T15:37:17.051+0000][11332.996s][info][gc,cpu      ] GC(2542) User=0.10s Sys=0.00s Real=0.02s
[2024-08-15T15:37:17.051+0000][11332.996s][info][gc,marking  ] GC(2542) Concurrent Mark 2881.813ms
[2024-08-15T15:37:17.051+0000][11332.996s][info][gc,marking  ] GC(2542) Concurrent Rebuild Remembered Sets
[2024-08-15T15:37:18.748+0000][11334.693s][info][gc,marking  ] GC(2542) Concurrent Rebuild Remembered Sets 1697.009ms
[2024-08-15T15:37:18.748+0000][11334.693s][info][gc,start    ] GC(2542) Pause Cleanup
[2024-08-15T15:37:18.749+0000][11334.694s][info][gc          ] GC(2542) Pause Cleanup 8291M->8291M(12288M) 0.525ms
[2024-08-15T15:37:18.749+0000][11334.694s][info][gc,cpu      ] GC(2542) User=0.00s Sys=0.00s Real=0.00s
[2024-08-15T15:37:18.749+0000][11334.694s][info][gc,marking  ] GC(2542) Concurrent Cleanup for Next Mark
[2024-08-15T15:37:18.778+0000][11334.722s][info][gc,marking  ] GC(2542) Concurrent Cleanup for Next Mark 28.412ms
[2024-08-15T15:37:18.778+0000][11334.722s][info][gc          ] GC(2542) Concurrent Mark Cycle 4641.371ms
[2024-08-15T15:37:19.160+0000][11335.105s][info][gc,start    ] GC(2544) Pause Young (Prepare Mixed) (G1 Evacuation Pause)
[2024-08-15T15:37:19.160+0000][11335.105s][info][gc,task     ] GC(2544) Using 6 workers of 6 for evacuation
[2024-08-15T15:37:19.220+0000][11335.165s][info][gc,phases   ] GC(2544)   Pre Evacuate Collection Set: 0.2ms
[2024-08-15T15:37:19.220+0000][11335.165s][info][gc,phases   ] GC(2544)   Merge Heap Roots: 0.5ms
[2024-08-15T15:37:19.220+0000][11335.165s][info][gc,phases   ] GC(2544)   Evacuate Collection Set: 53.2ms
[2024-08-15T15:37:19.220+0000][11335.165s][info][gc,phases   ] GC(2544)   Post Evacuate Collection Set: 5.6ms
[2024-08-15T15:37:19.220+0000][11335.165s][info][gc,phases   ] GC(2544)   Other: 0.2ms
[2024-08-15T15:37:19.220+0000][11335.165s][info][gc,heap     ] GC(2544) Eden regions: 720->0(61)
[2024-08-15T15:37:19.220+0000][11335.165s][info][gc,heap     ] GC(2544) Survivor regions: 13->15(92)
[2024-08-15T15:37:19.220+0000][11335.165s][info][gc,heap     ] GC(2544) Old regions: 471->471
[2024-08-15T15:37:19.220+0000][11335.165s][info][gc,heap     ] GC(2544) Archive regions: 2->2
[2024-08-15T15:37:19.220+0000][11335.165s][info][gc,heap     ] GC(2544) Humongous regions: 6->6
[2024-08-15T15:37:19.220+0000][11335.165s][info][gc,metaspace] GC(2544) Metaspace: 442190K(448704K)->442190K(448704K) NonClass: 387299K(390976K)->387299K(390976K) Class: 54890K(57728K)->54890K(57728K)
[2024-08-15T15:37:19.220+0000][11335.165s][info][gc          ] GC(2544) Pause Young (Prepare Mixed) (G1 Evacuation Pause) 9679M->3936M(12288M) 59.727ms
[2024-08-15T15:37:19.220+0000][11335.165s][info][gc,cpu      ] GC(2544) User=0.35s Sys=0.00s Real=0.06s
[2024-08-15T15:37:19.377+0000][11335.321s][info][gc,start    ] GC(2545) Pause Young (Mixed) (G1 Evacuation Pause)
[2024-08-15T15:37:19.377+0000][11335.321s][info][gc,task     ] GC(2545) Using 6 workers of 6 for evacuation
[2024-08-15T15:37:19.462+0000][11335.407s][info][gc,phases   ] GC(2545)   Pre Evacuate Collection Set: 0.2ms
[2024-08-15T15:37:19.462+0000][11335.407s][info][gc,phases   ] GC(2545)   Merge Heap Roots: 0.5ms
[2024-08-15T15:37:19.462+0000][11335.407s][info][gc,phases   ] GC(2545)   Evacuate Collection Set: 83.5ms
[2024-08-15T15:37:19.462+0000][11335.407s][info][gc,phases   ] GC(2545)   Post Evacuate Collection Set: 1.3ms
[2024-08-15T15:37:19.462+0000][11335.407s][info][gc,phases   ] GC(2545)   Other: 0.2ms
[2024-08-15T15:37:19.462+0000][11335.407s][info][gc,heap     ] GC(2545) Eden regions: 61->0(731)
[2024-08-15T15:37:19.462+0000][11335.407s][info][gc,heap     ] GC(2545) Survivor regions: 15->5(10)
[2024-08-15T15:37:19.462+0000][11335.407s][info][gc,heap     ] GC(2545) Old regions: 471->471
[2024-08-15T15:37:19.462+0000][11335.407s][info][gc,heap     ] GC(2545) Archive regions: 2->2
[2024-08-15T15:37:19.462+0000][11335.407s][info][gc,heap     ] GC(2545) Humongous regions: 6->6
[2024-08-15T15:37:19.462+0000][11335.407s][info][gc,metaspace] GC(2545) Metaspace: 442190K(448704K)->442190K(448704K) NonClass: 387299K(390976K)->387299K(390976K) Class: 54890K(57728K)->54890K(57728K)
[2024-08-15T15:37:19.462+0000][11335.407s][info][gc          ] GC(2545) Pause Young (Mixed) (G1 Evacuation Pause) 4424M->3855M(12288M) 85.789ms
[2024-08-15T15:37:19.462+0000][11335.407s][info][gc,cpu      ] GC(2545) User=0.51s Sys=0.00s Real=0.08s
[2024-08-15T15:37:21.408+0000][11337.352s][info][gc,start    ] GC(2546) Pause Young (Normal) (G1 Evacuation Pause)
[2024-08-15T15:37:21.408+0000][11337.352s][info][gc,task     ] GC(2546) Using 6 workers of 6 for evacuation
[2024-08-15T15:37:21.437+0000][11337.381s][info][gc,phases   ] GC(2546)   Pre Evacuate Collection Set: 0.2ms
[2024-08-15T15:37:21.437+0000][11337.381s][info][gc,phases   ] GC(2546)   Merge Heap Roots: 0.2ms
[2024-08-15T15:37:21.437+0000][11337.381s][info][gc,phases   ] GC(2546)   Evacuate Collection Set: 22.5ms
[2024-08-15T15:37:21.437+0000][11337.381s][info][gc,phases   ] GC(2546)   Post Evacuate Collection Set: 5.7ms
[2024-08-15T15:37:21.437+0000][11337.381s][info][gc,phases   ] GC(2546)   Other: 0.2ms
[2024-08-15T15:37:21.437+0000][11337.381s][info][gc,heap     ] GC(2546) Eden regions: 731->0(731)
[2024-08-15T15:37:21.437+0000][11337.381s][info][gc,heap     ] GC(2546) Survivor regions: 5->6(92)
[2024-08-15T15:37:21.437+0000][11337.381s][info][gc,heap     ] GC(2546) Old regions: 471->471
[2024-08-15T15:37:21.437+0000][11337.381s][info][gc,heap     ] GC(2546) Archive regions: 2->2
[2024-08-15T15:37:21.437+0000][11337.381s][info][gc,heap     ] GC(2546) Humongous regions: 6->6
[2024-08-15T15:37:21.437+0000][11337.381s][info][gc,metaspace] GC(2546) Metaspace: 442190K(448704K)->442190K(448704K) NonClass: 387299K(390976K)->387299K(390976K) Class: 54890K(57728K)->54890K(57728K)
[2024-08-15T15:37:21.437+0000][11337.381s][info][gc          ] GC(2546) Pause Young (Normal) (G1 Evacuation Pause) 9703M->3861M(12288M) 28.914ms
[2024-08-15T15:37:21.437+0000][11337.381s][info][gc,cpu      ] GC(2546) User=0.17s Sys=0.00s Real=0.03s
[2024-08-15T15:37:23.248+0000][11339.193s][info][gc,start    ] GC(2547) Pause Young (Normal) (G1 Evacuation Pause)
[2024-08-15T15:37:23.248+0000][11339.193s][info][gc,task     ] GC(2547) Using 6 workers of 6 for evacuation
[2024-08-15T15:37:23.283+0000][11339.228s][info][gc,phases   ] GC(2547)   Pre Evacuate Collection Set: 0.2ms
[2024-08-15T15:37:23.283+0000][11339.228s][info][gc,phases   ] GC(2547)   Merge Heap Roots: 0.2ms
[2024-08-15T15:37:23.283+0000][11339.228s][info][gc,phases   ] GC(2547)   Evacuate Collection Set: 27.9ms
[2024-08-15T15:37:23.283+0000][11339.228s][info][gc,phases   ] GC(2547)   Post Evacuate Collection Set: 6.1ms
[2024-08-15T15:37:23.283+0000][11339.228s][info][gc,phases   ] GC(2547)   Other: 0.2ms
[2024-08-15T15:37:23.283+0000][11339.228s][info][gc,heap     ] GC(2547) Eden regions: 731->0(730)
[2024-08-15T15:37:23.283+0000][11339.228s][info][gc,heap     ] GC(2547) Survivor regions: 6->7(93)
[2024-08-15T15:37:23.283+0000][11339.228s][info][gc,heap     ] GC(2547) Old regions: 471->471
[2024-08-15T15:37:23.283+0000][11339.228s][info][gc,heap     ] GC(2547) Archive regions: 2->2
[2024-08-15T15:37:23.283+0000][11339.228s][info][gc,heap     ] GC(2547) Humongous regions: 6->6
[2024-08-15T15:37:23.283+0000][11339.228s][info][gc,metaspace] GC(2547) Metaspace: 442190K(448704K)->442190K(448704K) NonClass: 387299K(390976K)->387299K(390976K) Class: 54890K(57728K)->54890K(57728K)
[2024-08-15T15:37:23.283+0000][11339.228s][info][gc          ] GC(2547) Pause Young (Normal) (G1 Evacuation Pause) 9709M->3875M(12288M) 34.686ms
[2024-08-15T15:37:23.283+0000][11339.228s][info][gc,cpu      ] GC(2547) User=0.20s Sys=0.00s Real=0.04s
[2024-08-15T15:37:26.584+0000][11342.529s][info][gc,start    ] GC(2548) Pause Young (Concurrent Start) (G1 Evacuation Pause)
[2024-08-15T15:37:26.584+0000][11342.529s][info][gc,task     ] GC(2548) Using 6 workers of 6 for evacuation
[2024-08-15T15:37:26.615+0000][11342.560s][info][gc,phases   ] GC(2548)   Pre Evacuate Collection Set: 0.6ms
[2024-08-15T15:37:26.616+0000][11342.560s][info][gc,phases   ] GC(2548)   Merge Heap Roots: 0.4ms
[2024-08-15T15:37:26.616+0000][11342.560s][info][gc,phases   ] GC(2548)   Evacuate Collection Set: 28.5ms
[2024-08-15T15:37:26.616+0000][11342.560s][info][gc,phases   ] GC(2548)   Post Evacuate Collection Set: 1.8ms
[2024-08-15T15:37:26.616+0000][11342.560s][info][gc,phases   ] GC(2548)   Other: 0.3ms
[2024-08-15T15:37:26.616+0000][11342.560s][info][gc,heap     ] GC(2548) Eden regions: 730->0(729)
[2024-08-15T15:37:26.616+0000][11342.560s][info][gc,heap     ] GC(2548) Survivor regions: 7->9(93)
[2024-08-15T15:37:26.616+0000][11342.560s][info][gc,heap     ] GC(2548) Old regions: 471->471
[2024-08-15T15:37:26.616+0000][11342.560s][info][gc,heap     ] GC(2548) Archive regions: 2->2
[2024-08-15T15:37:26.616+0000][11342.560s][info][gc,heap     ] GC(2548) Humongous regions: 6->6
[2024-08-15T15:37:26.616+0000][11342.560s][info][gc,metaspace] GC(2548) Metaspace: 442190K(448704K)->442190K(448704K) NonClass: 387299K(390976K)->387299K(390976K) Class: 54890K(57728K)->54890K(57728K)
[2024-08-15T15:37:26.616+0000][11342.560s][info][gc          ] GC(2548) Pause Young (Concurrent Start) (G1 Evacuation Pause) 9715M->3889M(12288M) 31.580ms
[2024-08-15T15:37:26.616+0000][11342.560s][info][gc,cpu      ] GC(2548) User=0.18s Sys=0.00s Real=0.03s
[2024-08-15T15:37:26.616+0000][11342.560s][info][gc          ] GC(2549) Concurrent Mark Cycle
[2024-08-15T15:37:26.616+0000][11342.560s][info][gc,marking  ] GC(2549) Concurrent Clear Claimed Marks
[2024-08-15T15:37:26.616+0000][11342.561s][info][gc,marking  ] GC(2549) Concurrent Clear Claimed Marks 0.409ms
[2024-08-15T15:37:26.616+0000][11342.561s][info][gc,marking  ] GC(2549) Concurrent Scan Root Regions
[2024-08-15T15:37:26.639+0000][11342.584s][info][gc,marking  ] GC(2549) Concurrent Scan Root Regions 22.796ms
[2024-08-15T15:37:26.639+0000][11342.584s][info][gc,marking  ] GC(2549) Concurrent Mark
[2024-08-15T15:37:26.639+0000][11342.584s][info][gc,marking  ] GC(2549) Concurrent Mark From Roots
[2024-08-15T15:37:26.639+0000][11342.584s][info][gc,task     ] GC(2549) Using 2 workers of 2 for marking
[2024-08-15T15:37:29.749+0000][11345.694s][info][gc,marking  ] GC(2549) Concurrent Mark From Roots 3110.071ms
[2024-08-15T15:37:29.749+0000][11345.694s][info][gc,marking  ] GC(2549) Concurrent Preclean
[2024-08-15T15:37:29.750+0000][11345.695s][info][gc,marking  ] GC(2549) Concurrent Preclean 1.285ms
[2024-08-15T15:37:29.751+0000][11345.695s][info][gc,start    ] GC(2549) Pause Remark
[2024-08-15T15:37:29.774+0000][11345.719s][info][gc          ] GC(2549) Pause Remark 9513M->9513M(12288M) 23.386ms
[2024-08-15T15:37:29.774+0000][11345.719s][info][gc,cpu      ] GC(2549) User=0.10s Sys=0.00s Real=0.02s
[2024-08-15T15:37:29.774+0000][11345.719s][info][gc,marking  ] GC(2549) Concurrent Mark 3135.193ms
[2024-08-15T15:37:29.774+0000][11345.719s][info][gc,marking  ] GC(2549) Concurrent Rebuild Remembered Sets
[2024-08-15T15:37:29.915+0000][11345.860s][info][gc,start    ] GC(2550) Pause Young (Normal) (G1 Evacuation Pause)
[2024-08-15T15:37:29.915+0000][11345.860s][info][gc,task     ] GC(2550) Using 6 workers of 6 for evacuation
[2024-08-15T15:37:29.940+0000][11345.885s][info][gc,phases   ] GC(2550)   Pre Evacuate Collection Set: 0.2ms
[2024-08-15T15:37:29.940+0000][11345.885s][info][gc,phases   ] GC(2550)   Merge Heap Roots: 0.3ms
[2024-08-15T15:37:29.940+0000][11345.885s][info][gc,phases   ] GC(2550)   Evacuate Collection Set: 22.3ms
[2024-08-15T15:37:29.940+0000][11345.885s][info][gc,phases   ] GC(2550)   Post Evacuate Collection Set: 1.8ms
[2024-08-15T15:37:29.940+0000][11345.885s][info][gc,phases   ] GC(2550)   Other: 0.2ms
[2024-08-15T15:37:29.940+0000][11345.885s][info][gc,heap     ] GC(2550) Eden regions: 729->0(731)
[2024-08-15T15:37:29.940+0000][11345.885s][info][gc,heap     ] GC(2550) Survivor regions: 9->8(93)
[2024-08-15T15:37:29.940+0000][11345.885s][info][gc,heap     ] GC(2550) Old regions: 471->471
[2024-08-15T15:37:29.940+0000][11345.885s][info][gc,heap     ] GC(2550) Archive regions: 2->2
[2024-08-15T15:37:29.940+0000][11345.885s][info][gc,heap     ] GC(2550) Humongous regions: 6->6
[2024-08-15T15:37:29.940+0000][11345.885s][info][gc,metaspace] GC(2550) Metaspace: 442190K(448704K)->442190K(448704K) NonClass: 387299K(390976K)->387299K(390976K) Class: 54890K(57728K)->54890K(57728K)
[2024-08-15T15:37:29.940+0000][11345.885s][info][gc          ] GC(2550) Pause Young (Normal) (G1 Evacuation Pause) 9721M->3884M(12288M) 24.742ms
[2024-08-15T15:37:29.940+0000][11345.885s][info][gc,cpu      ] GC(2550) User=0.14s Sys=0.00s Real=0.02s
[2024-08-15T15:37:31.660+0000][11347.604s][info][gc,marking  ] GC(2549) Concurrent Rebuild Remembered Sets 1885.319ms
[2024-08-15T15:37:31.660+0000][11347.604s][info][gc,start    ] GC(2549) Pause Cleanup
[2024-08-15T15:37:31.660+0000][11347.605s][info][gc          ] GC(2549) Pause Cleanup 6660M->6660M(12288M) 0.620ms
[2024-08-15T15:37:31.660+0000][11347.605s][info][gc,cpu      ] GC(2549) User=0.00s Sys=0.00s Real=0.00s
[2024-08-15T15:37:31.660+0000][11347.605s][info][gc,marking  ] GC(2549) Concurrent Cleanup for Next Mark
[2024-08-15T15:37:31.677+0000][11347.622s][info][gc,marking  ] GC(2549) Concurrent Cleanup for Next Mark 16.995ms
[2024-08-15T15:37:31.677+0000][11347.622s][info][gc          ] GC(2549) Concurrent Mark Cycle 5061.803ms
[2024-08-15T15:37:34.125+0000][11350.069s][info][gc,start    ] GC(2551) Pause Young (Prepare Mixed) (G1 Evacuation Pause)
[2024-08-15T15:37:34.125+0000][11350.069s][info][gc,task     ] GC(2551) Using 6 workers of 6 for evacuation
[2024-08-15T15:37:34.152+0000][11350.097s][info][gc,phases   ] GC(2551)   Pre Evacuate Collection Set: 0.2ms
[2024-08-15T15:37:34.152+0000][11350.097s][info][gc,phases   ] GC(2551)   Merge Heap Roots: 0.3ms
[2024-08-15T15:37:34.152+0000][11350.097s][info][gc,phases   ] GC(2551)   Evacuate Collection Set: 24.9ms
[2024-08-15T15:37:34.152+0000][11350.097s][info][gc,phases   ] GC(2551)   Post Evacuate Collection Set: 1.8ms
[2024-08-15T15:37:34.152+0000][11350.097s][info][gc,phases   ] GC(2551)   Other: 0.2ms
[2024-08-15T15:37:34.152+0000][11350.097s][info][gc,heap     ] GC(2551) Eden regions: 731->0(66)
[2024-08-15T15:37:34.152+0000][11350.097s][info][gc,heap     ] GC(2551) Survivor regions: 8->10(93)
[2024-08-15T15:37:34.152+0000][11350.097s][info][gc,heap     ] GC(2551) Old regions: 471->471
[2024-08-15T15:37:34.152+0000][11350.097s][info][gc,heap     ] GC(2551) Archive regions: 2->2
[2024-08-15T15:37:34.152+0000][11350.097s][info][gc,heap     ] GC(2551) Humongous regions: 6->6
[2024-08-15T15:37:34.152+0000][11350.097s][info][gc,metaspace] GC(2551) Metaspace: 442197K(448704K)->442197K(448704K) NonClass: 387307K(390976K)->387307K(390976K) Class: 54890K(57728K)->54890K(57728K)
[2024-08-15T15:37:34.152+0000][11350.097s][info][gc          ] GC(2551) Pause Young (Prepare Mixed) (G1 Evacuation Pause) 9732M->3900M(12288M) 27.524ms
[2024-08-15T15:37:34.152+0000][11350.097s][info][gc,cpu      ] GC(2551) User=0.16s Sys=0.00s Real=0.02s
[2024-08-15T15:37:34.593+0000][11350.537s][info][gc,start    ] GC(2552) Pause Young (Mixed) (G1 Evacuation Pause)
[2024-08-15T15:37:34.593+0000][11350.537s][info][gc,task     ] GC(2552) Using 6 workers of 6 for evacuation
[2024-08-15T15:37:34.657+0000][11350.601s][info][gc,phases   ] GC(2552)   Pre Evacuate Collection Set: 0.2ms
[2024-08-15T15:37:34.657+0000][11350.601s][info][gc,phases   ] GC(2552)   Merge Heap Roots: 0.3ms
[2024-08-15T15:37:34.657+0000][11350.601s][info][gc,phases   ] GC(2552)   Evacuate Collection Set: 61.9ms
[2024-08-15T15:37:34.657+0000][11350.601s][info][gc,phases   ] GC(2552)   Post Evacuate Collection Set: 1.3ms
[2024-08-15T15:37:34.657+0000][11350.601s][info][gc,phases   ] GC(2552)   Other: 0.2ms
[2024-08-15T15:37:34.657+0000][11350.601s][info][gc,heap     ] GC(2552) Eden regions: 66->0(738)
[2024-08-15T15:37:34.657+0000][11350.601s][info][gc,heap     ] GC(2552) Survivor regions: 10->6(10)
[2024-08-15T15:37:34.657+0000][11350.601s][info][gc,heap     ] GC(2552) Old regions: 471->465
[2024-08-15T15:37:34.657+0000][11350.601s][info][gc,heap     ] GC(2552) Archive regions: 2->2
[2024-08-15T15:37:34.657+0000][11350.601s][info][gc,heap     ] GC(2552) Humongous regions: 6->6
[2024-08-15T15:37:34.657+0000][11350.601s][info][gc,metaspace] GC(2552) Metaspace: 442197K(448704K)->442197K(448704K) NonClass: 387307K(390976K)->387307K(390976K) Class: 54890K(57728K)->54890K(57728K)
[2024-08-15T15:37:34.657+0000][11350.601s][info][gc          ] GC(2552) Pause Young (Mixed) (G1 Evacuation Pause) 4428M->3819M(12288M) 63.939ms
[2024-08-15T15:37:34.657+0000][11350.601s][info][gc,cpu      ] GC(2552) User=0.38s Sys=0.00s Real=0.07s
[2024-08-15T15:37:39.564+0000][11355.509s][info][gc,start    ] GC(2553) Pause Young (Normal) (G1 Evacuation Pause)
[2024-08-15T15:37:39.564+0000][11355.509s][info][gc,task     ] GC(2553) Using 6 workers of 6 for evacuation
[2024-08-15T15:37:39.577+0000][11355.521s][info][gc,phases   ] GC(2553)   Pre Evacuate Collection Set: 0.2ms
[2024-08-15T15:37:39.577+0000][11355.521s][info][gc,phases   ] GC(2553)   Merge Heap Roots: 0.2ms
[2024-08-15T15:37:39.577+0000][11355.521s][info][gc,phases   ] GC(2553)   Evacuate Collection Set: 10.5ms
[2024-08-15T15:37:39.577+0000][11355.521s][info][gc,phases   ] GC(2553)   Post Evacuate Collection Set: 1.7ms
[2024-08-15T15:37:39.577+0000][11355.521s][info][gc,phases   ] GC(2553)   Other: 0.2ms
[2024-08-15T15:37:39.577+0000][11355.521s][info][gc,heap     ] GC(2553) Eden regions: 738->0(738)
[2024-08-15T15:37:39.577+0000][11355.521s][info][gc,heap     ] GC(2553) Survivor regions: 6->6(93)
[2024-08-15T15:37:39.577+0000][11355.521s][info][gc,heap     ] GC(2553) Old regions: 465->465
[2024-08-15T15:37:39.577+0000][11355.521s][info][gc,heap     ] GC(2553) Archive regions: 2->2
[2024-08-15T15:37:39.577+0000][11355.521s][info][gc,heap     ] GC(2553) Humongous regions: 6->6
[2024-08-15T15:37:39.577+0000][11355.521s][info][gc,metaspace] GC(2553) Metaspace: 442197K(448704K)->442197K(448704K) NonClass: 387307K(390976K)->387307K(390976K) Class: 54890K(57728K)->54890K(57728K)
[2024-08-15T15:37:39.577+0000][11355.521s][info][gc          ] GC(2553) Pause Young (Normal) (G1 Evacuation Pause) 9723M->3820M(12288M) 12.861ms
[2024-08-15T15:37:39.577+0000][11355.522s][info][gc,cpu      ] GC(2553) User=0.08s Sys=0.00s Real=0.01s
[2024-08-15T15:37:44.486+0000][11360.430s][info][gc,start    ] GC(2554) Pause Young (Normal) (G1 Evacuation Pause)
[2024-08-15T15:37:44.486+0000][11360.430s][info][gc,task     ] GC(2554) Using 6 workers of 6 for evacuation
[2024-08-15T15:37:44.501+0000][11360.445s][info][gc,phases   ] GC(2554)   Pre Evacuate Collection Set: 0.2ms
[2024-08-15T15:37:44.501+0000][11360.445s][info][gc,phases   ] GC(2554)   Merge Heap Roots: 0.2ms
[2024-08-15T15:37:44.501+0000][11360.445s][info][gc,phases   ] GC(2554)   Evacuate Collection Set: 12.7ms
[2024-08-15T15:37:44.501+0000][11360.445s][info][gc,phases   ] GC(2554)   Post Evacuate Collection Set: 1.8ms
[2024-08-15T15:37:44.501+0000][11360.445s][info][gc,phases   ] GC(2554)   Other: 0.2ms
[2024-08-15T15:37:44.501+0000][11360.445s][info][gc,heap     ] GC(2554) Eden regions: 738->0(736)
[2024-08-15T15:37:44.501+0000][11360.445s][info][gc,heap     ] GC(2554) Survivor regions: 6->8(93)
[2024-08-15T15:37:44.501+0000][11360.445s][info][gc,heap     ] GC(2554) Old regions: 465->465
[2024-08-15T15:37:44.501+0000][11360.445s][info][gc,heap     ] GC(2554) Archive regions: 2->2
[2024-08-15T15:37:44.501+0000][11360.445s][info][gc,heap     ] GC(2554) Humongous regions: 6->6
[2024-08-15T15:37:44.501+0000][11360.445s][info][gc,metaspace] GC(2554) Metaspace: 442197K(448704K)->442197K(448704K) NonClass: 387307K(390976K)->387307K(390976K) Class: 54890K(57728K)->54890K(57728K)
[2024-08-15T15:37:44.501+0000][11360.445s][info][gc          ] GC(2554) Pause Young (Normal) (G1 Evacuation Pause) 9724M->3830M(12288M) 15.199ms
[2024-08-15T15:37:44.501+0000][11360.445s][info][gc,cpu      ] GC(2554) User=0.09s Sys=0.00s Real=0.01s
[2024-08-15T15:37:49.423+0000][11365.368s][info][gc,start    ] GC(2555) Pause Young (Concurrent Start) (G1 Evacuation Pause)
[2024-08-15T15:37:49.423+0000][11365.368s][info][gc,task     ] GC(2555) Using 6 workers of 6 for evacuation
[2024-08-15T15:37:49.442+0000][11365.386s][info][gc,phases   ] GC(2555)   Pre Evacuate Collection Set: 0.6ms
[2024-08-15T15:37:49.442+0000][11365.386s][info][gc,phases   ] GC(2555)   Merge Heap Roots: 0.2ms
[2024-08-15T15:37:49.442+0000][11365.386s][info][gc,phases   ] GC(2555)   Evacuate Collection Set: 15.5ms
[2024-08-15T15:37:49.442+0000][11365.386s][info][gc,phases   ] GC(2555)   Post Evacuate Collection Set: 1.7ms
[2024-08-15T15:37:49.442+0000][11365.386s][info][gc,phases   ] GC(2555)   Other: 0.3ms
[2024-08-15T15:37:49.442+0000][11365.386s][info][gc,heap     ] GC(2555) Eden regions: 736->0(733)
[2024-08-15T15:37:49.442+0000][11365.386s][info][gc,heap     ] GC(2555) Survivor regions: 8->10(93)
[2024-08-15T15:37:49.442+0000][11365.386s][info][gc,heap     ] GC(2555) Old regions: 465->465
[2024-08-15T15:37:49.442+0000][11365.386s][info][gc,heap     ] GC(2555) Archive regions: 2->2
[2024-08-15T15:37:49.442+0000][11365.386s][info][gc,heap     ] GC(2555) Humongous regions: 6->6
[2024-08-15T15:37:49.442+0000][11365.386s][info][gc,metaspace] GC(2555) Metaspace: 442197K(448704K)->442197K(448704K) NonClass: 387307K(390976K)->387307K(390976K) Class: 54890K(57728K)->54890K(57728K)
[2024-08-15T15:37:49.442+0000][11365.386s][info][gc          ] GC(2555) Pause Young (Concurrent Start) (G1 Evacuation Pause) 9718M->3850M(12288M) 18.298ms
[2024-08-15T15:37:49.442+0000][11365.386s][info][gc,cpu      ] GC(2555) User=0.10s Sys=0.00s Real=0.01s
[2024-08-15T15:37:49.442+0000][11365.386s][info][gc          ] GC(2556) Concurrent Mark Cycle
[2024-08-15T15:37:49.442+0000][11365.386s][info][gc,marking  ] GC(2556) Concurrent Clear Claimed Marks
[2024-08-15T15:37:49.442+0000][11365.387s][info][gc,marking  ] GC(2556) Concurrent Clear Claimed Marks 0.399ms
[2024-08-15T15:37:49.442+0000][11365.387s][info][gc,marking  ] GC(2556) Concurrent Scan Root Regions
[2024-08-15T15:37:49.457+0000][11365.401s][info][gc,marking  ] GC(2556) Concurrent Scan Root Regions 14.490ms
[2024-08-15T15:37:49.457+0000][11365.401s][info][gc,marking  ] GC(2556) Concurrent Mark
[2024-08-15T15:37:49.457+0000][11365.401s][info][gc,marking  ] GC(2556) Concurrent Mark From Roots
[2024-08-15T15:37:49.457+0000][11365.401s][info][gc,task     ] GC(2556) Using 2 workers of 2 for marking
[2024-08-15T15:37:52.462+0000][11368.407s][info][gc,marking  ] GC(2556) Concurrent Mark From Roots 3005.346ms
[2024-08-15T15:37:52.462+0000][11368.407s][info][gc,marking  ] GC(2556) Concurrent Preclean
[2024-08-15T15:37:52.464+0000][11368.409s][info][gc,marking  ] GC(2556) Concurrent Preclean 1.952ms
[2024-08-15T15:37:52.464+0000][11368.409s][info][gc,start    ] GC(2556) Pause Remark
[2024-08-15T15:37:52.488+0000][11368.432s][info][gc          ] GC(2556) Pause Remark 7034M->7034M(12288M) 23.286ms
[2024-08-15T15:37:52.488+0000][11368.432s][info][gc,cpu      ] GC(2556) User=0.10s Sys=0.00s Real=0.02s
[2024-08-15T15:37:52.488+0000][11368.432s][info][gc,marking  ] GC(2556) Concurrent Mark 3031.087ms
[2024-08-15T15:37:52.488+0000][11368.432s][info][gc,marking  ] GC(2556) Concurrent Rebuild Remembered Sets
[2024-08-15T15:37:54.338+0000][11370.283s][info][gc,marking  ] GC(2556) Concurrent Rebuild Remembered Sets 1850.177ms
[2024-08-15T15:37:54.338+0000][11370.283s][info][gc,start    ] GC(2556) Pause Cleanup
[2024-08-15T15:37:54.339+0000][11370.283s][info][gc          ] GC(2556) Pause Cleanup 9366M->9366M(12288M) 0.591ms
[2024-08-15T15:37:54.339+0000][11370.283s][info][gc,cpu      ] GC(2556) User=0.00s Sys=0.00s Real=0.00s
[2024-08-15T15:37:54.339+0000][11370.283s][info][gc,marking  ] GC(2556) Concurrent Cleanup for Next Mark
[2024-08-15T15:37:54.356+0000][11370.300s][info][gc,marking  ] GC(2556) Concurrent Cleanup for Next Mark 16.954ms
[2024-08-15T15:37:54.356+0000][11370.300s][info][gc          ] GC(2556) Concurrent Mark Cycle 4914.125ms
[2024-08-15T15:37:54.637+0000][11370.582s][info][gc,start    ] GC(2557) Pause Young (Prepare Mixed) (G1 Evacuation Pause)
[2024-08-15T15:37:54.637+0000][11370.582s][info][gc,task     ] GC(2557) Using 6 workers of 6 for evacuation
[2024-08-15T15:37:54.657+0000][11370.601s][info][gc,phases   ] GC(2557)   Pre Evacuate Collection Set: 0.2ms
[2024-08-15T15:37:54.657+0000][11370.601s][info][gc,phases   ] GC(2557)   Merge Heap Roots: 0.3ms
[2024-08-15T15:37:54.657+0000][11370.601s][info][gc,phases   ] GC(2557)   Evacuate Collection Set: 17.0ms
[2024-08-15T15:37:54.657+0000][11370.601s][info][gc,phases   ] GC(2557)   Post Evacuate Collection Set: 1.7ms
[2024-08-15T15:37:54.657+0000][11370.601s][info][gc,phases   ] GC(2557)   Other: 0.2ms
[2024-08-15T15:37:54.657+0000][11370.601s][info][gc,heap     ] GC(2557) Eden regions: 733->0(67)
[2024-08-15T15:37:54.657+0000][11370.601s][info][gc,heap     ] GC(2557) Survivor regions: 10->9(93)
[2024-08-15T15:37:54.657+0000][11370.601s][info][gc,heap     ] GC(2557) Old regions: 465->465
[2024-08-15T15:37:54.657+0000][11370.601s][info][gc,heap     ] GC(2557) Archive regions: 2->2
[2024-08-15T15:37:54.657+0000][11370.601s][info][gc,heap     ] GC(2557) Humongous regions: 6->6
[2024-08-15T15:37:54.657+0000][11370.601s][info][gc,metaspace] GC(2557) Metaspace: 442197K(448704K)->442197K(448704K) NonClass: 387307K(390976K)->387307K(390976K) Class: 54890K(57728K)->54890K(57728K)
[2024-08-15T15:37:54.657+0000][11370.601s][info][gc          ] GC(2557) Pause Young (Prepare Mixed) (G1 Evacuation Pause) 9714M->3844M(12288M) 19.519ms
[2024-08-15T15:37:54.657+0000][11370.601s][info][gc,cpu      ] GC(2557) User=0.11s Sys=0.00s Real=0.02s
[2024-08-15T15:37:55.137+0000][11371.082s][info][gc,start    ] GC(2558) Pause Young (Mixed) (G1 Evacuation Pause)
[2024-08-15T15:37:55.137+0000][11371.082s][info][gc,task     ] GC(2558) Using 6 workers of 6 for evacuation
[2024-08-15T15:37:55.197+0000][11371.142s][info][gc,phases   ] GC(2558)   Pre Evacuate Collection Set: 0.2ms
[2024-08-15T15:37:55.197+0000][11371.142s][info][gc,phases   ] GC(2558)   Merge Heap Roots: 0.4ms
[2024-08-15T15:37:55.197+0000][11371.142s][info][gc,phases   ] GC(2558)   Evacuate Collection Set: 58.0ms
[2024-08-15T15:37:55.197+0000][11371.142s][info][gc,phases   ] GC(2558)   Post Evacuate Collection Set: 1.3ms
[2024-08-15T15:37:55.197+0000][11371.142s][info][gc,phases   ] GC(2558)   Other: 0.2ms
[2024-08-15T15:37:55.197+0000][11371.142s][info][gc,heap     ] GC(2558) Eden regions: 67->0(741)
[2024-08-15T15:37:55.197+0000][11371.142s][info][gc,heap     ] GC(2558) Survivor regions: 9->6(10)
[2024-08-15T15:37:55.197+0000][11371.142s][info][gc,heap     ] GC(2558) Old regions: 465->462
[2024-08-15T15:37:55.197+0000][11371.142s][info][gc,heap     ] GC(2558) Archive regions: 2->2
[2024-08-15T15:37:55.197+0000][11371.142s][info][gc,heap     ] GC(2558) Humongous regions: 6->6
[2024-08-15T15:37:55.197+0000][11371.142s][info][gc,metaspace] GC(2558) Metaspace: 442197K(448704K)->442197K(448704K) NonClass: 387307K(390976K)->387307K(390976K) Class: 54890K(57728K)->54890K(57728K)
[2024-08-15T15:37:55.197+0000][11371.142s][info][gc          ] GC(2558) Pause Young (Mixed) (G1 Evacuation Pause) 4380M->3790M(12288M) 60.088ms
[2024-08-15T15:37:55.197+0000][11371.142s][info][gc,cpu      ] GC(2558) User=0.36s Sys=0.00s Real=0.06s
[2024-08-15T15:37:59.131+0000][11375.076s][info][gc,start    ] GC(2559) Pause Young (Normal) (G1 Evacuation Pause)
[2024-08-15T15:37:59.131+0000][11375.076s][info][gc,task     ] GC(2559) Using 6 workers of 6 for evacuation
[2024-08-15T15:37:59.146+0000][11375.091s][info][gc,phases   ] GC(2559)   Pre Evacuate Collection Set: 0.2ms
[2024-08-15T15:37:59.146+0000][11375.091s][info][gc,phases   ] GC(2559)   Merge Heap Roots: 0.2ms
[2024-08-15T15:37:59.146+0000][11375.091s][info][gc,phases   ] GC(2559)   Evacuate Collection Set: 12.4ms
[2024-08-15T15:37:59.146+0000][11375.091s][info][gc,phases   ] GC(2559)   Post Evacuate Collection Set: 1.9ms
[2024-08-15T15:37:59.146+0000][11375.091s][info][gc,phases   ] GC(2559)   Other: 0.2ms
[2024-08-15T15:37:59.146+0000][11375.091s][info][gc,heap     ] GC(2559) Eden regions: 741->0(740)
[2024-08-15T15:37:59.146+0000][11375.091s][info][gc,heap     ] GC(2559) Survivor regions: 6->7(94)
[2024-08-15T15:37:59.146+0000][11375.091s][info][gc,heap     ] GC(2559) Old regions: 462->462
[2024-08-15T15:37:59.146+0000][11375.091s][info][gc,heap     ] GC(2559) Archive regions: 2->2
[2024-08-15T15:37:59.146+0000][11375.091s][info][gc,heap     ] GC(2559) Humongous regions: 6->6
[2024-08-15T15:37:59.146+0000][11375.091s][info][gc,metaspace] GC(2559) Metaspace: 442197K(448704K)->442197K(448704K) NonClass: 387307K(390976K)->387307K(390976K) Class: 54890K(57728K)->54890K(57728K)
[2024-08-15T15:37:59.146+0000][11375.091s][info][gc          ] GC(2559) Pause Young (Normal) (G1 Evacuation Pause) 9718M->3799M(12288M) 15.010ms
[2024-08-15T15:37:59.146+0000][11375.091s][info][gc,cpu      ] GC(2559) User=0.08s Sys=0.01s Real=0.02s
[2024-08-15T15:38:04.117+0000][11380.061s][info][gc,start    ] GC(2560) Pause Young (Normal) (G1 Evacuation Pause)
[2024-08-15T15:38:04.117+0000][11380.061s][info][gc,task     ] GC(2560) Using 6 workers of 6 for evacuation
[2024-08-15T15:38:04.133+0000][11380.077s][info][gc,phases   ] GC(2560)   Pre Evacuate Collection Set: 0.2ms
[2024-08-15T15:38:04.133+0000][11380.077s][info][gc,phases   ] GC(2560)   Merge Heap Roots: 0.2ms
[2024-08-15T15:38:04.133+0000][11380.078s][info][gc,phases   ] GC(2560)   Evacuate Collection Set: 14.0ms
[2024-08-15T15:38:04.133+0000][11380.078s][info][gc,phases   ] GC(2560)   Post Evacuate Collection Set: 1.7ms
[2024-08-15T15:38:04.133+0000][11380.078s][info][gc,phases   ] GC(2560)   Other: 0.2ms
[2024-08-15T15:38:04.133+0000][11380.078s][info][gc,heap     ] GC(2560) Eden regions: 740->0(737)
[2024-08-15T15:38:04.133+0000][11380.078s][info][gc,heap     ] GC(2560) Survivor regions: 7->9(94)
[2024-08-15T15:38:04.133+0000][11380.078s][info][gc,heap     ] GC(2560) Old regions: 462->462
[2024-08-15T15:38:04.133+0000][11380.078s][info][gc,heap     ] GC(2560) Archive regions: 2->2
[2024-08-15T15:38:04.133+0000][11380.078s][info][gc,heap     ] GC(2560) Humongous regions: 6->6
[2024-08-15T15:38:04.133+0000][11380.078s][info][gc,metaspace] GC(2560) Metaspace: 442197K(448704K)->442197K(448704K) NonClass: 387307K(390976K)->387307K(390976K) Class: 54890K(57728K)->54890K(57728K)
[2024-08-15T15:38:04.133+0000][11380.078s][info][gc          ] GC(2560) Pause Young (Normal) (G1 Evacuation Pause) 9719M->3814M(12288M) 16.381ms
[2024-08-15T15:38:04.133+0000][11380.078s][info][gc,cpu      ] GC(2560) User=0.08s Sys=0.01s Real=0.01s
[2024-08-15T15:38:09.078+0000][11385.022s][info][gc,start    ] GC(2561) Pause Young (Concurrent Start) (G1 Evacuation Pause)
[2024-08-15T15:38:09.078+0000][11385.022s][info][gc,task     ] GC(2561) Using 6 workers of 6 for evacuation
[2024-08-15T15:38:09.096+0000][11385.041s][info][gc,phases   ] GC(2561)   Pre Evacuate Collection Set: 0.6ms
[2024-08-15T15:38:09.096+0000][11385.041s][info][gc,phases   ] GC(2561)   Merge Heap Roots: 0.2ms
[2024-08-15T15:38:09.096+0000][11385.041s][info][gc,phases   ] GC(2561)   Evacuate Collection Set: 15.7ms
[2024-08-15T15:38:09.096+0000][11385.041s][info][gc,phases   ] GC(2561)   Post Evacuate Collection Set: 1.7ms
[2024-08-15T15:38:09.096+0000][11385.041s][info][gc,phases   ] GC(2561)   Other: 0.3ms
[2024-08-15T15:38:09.096+0000][11385.041s][info][gc,heap     ] GC(2561) Eden regions: 737->0(737)
[2024-08-15T15:38:09.096+0000][11385.041s][info][gc,heap     ] GC(2561) Survivor regions: 9->9(94)
[2024-08-15T15:38:09.096+0000][11385.041s][info][gc,heap     ] GC(2561) Old regions: 462->462
[2024-08-15T15:38:09.096+0000][11385.041s][info][gc,heap     ] GC(2561) Archive regions: 2->2
[2024-08-15T15:38:09.096+0000][11385.041s][info][gc,heap     ] GC(2561) Humongous regions: 6->6
[2024-08-15T15:38:09.096+0000][11385.041s][info][gc,metaspace] GC(2561) Metaspace: 442197K(448704K)->442197K(448704K) NonClass: 387307K(390976K)->387307K(390976K) Class: 54890K(57728K)->54890K(57728K)
[2024-08-15T15:38:09.096+0000][11385.041s][info][gc          ] GC(2561) Pause Young (Concurrent Start) (G1 Evacuation Pause) 9710M->3815M(12288M) 18.477ms
[2024-08-15T15:38:09.096+0000][11385.041s][info][gc,cpu      ] GC(2561) User=0.10s Sys=0.00s Real=0.02s
[2024-08-15T15:38:09.096+0000][11385.041s][info][gc          ] GC(2562) Concurrent Mark Cycle
[2024-08-15T15:38:09.096+0000][11385.041s][info][gc,marking  ] GC(2562) Concurrent Clear Claimed Marks
[2024-08-15T15:38:09.097+0000][11385.041s][info][gc,marking  ] GC(2562) Concurrent Clear Claimed Marks 0.374ms
[2024-08-15T15:38:09.097+0000][11385.041s][info][gc,marking  ] GC(2562) Concurrent Scan Root Regions
[2024-08-15T15:38:09.111+0000][11385.056s][info][gc,marking  ] GC(2562) Concurrent Scan Root Regions 14.488ms
[2024-08-15T15:38:09.111+0000][11385.056s][info][gc,marking  ] GC(2562) Concurrent Mark
[2024-08-15T15:38:09.111+0000][11385.056s][info][gc,marking  ] GC(2562) Concurrent Mark From Roots
[2024-08-15T15:38:09.111+0000][11385.056s][info][gc,task     ] GC(2562) Using 2 workers of 2 for marking
[2024-08-15T15:38:11.955+0000][11387.899s][info][gc,marking  ] GC(2562) Concurrent Mark From Roots 2843.711ms
[2024-08-15T15:38:11.955+0000][11387.899s][info][gc,marking  ] GC(2562) Concurrent Preclean
[2024-08-15T15:38:11.957+0000][11387.901s][info][gc,marking  ] GC(2562) Concurrent Preclean 1.710ms
[2024-08-15T15:38:11.957+0000][11387.901s][info][gc,start    ] GC(2562) Pause Remark
[2024-08-15T15:38:11.980+0000][11387.925s][info][gc          ] GC(2562) Pause Remark 6479M->6479M(12288M) 23.407ms
[2024-08-15T15:38:11.980+0000][11387.925s][info][gc,cpu      ] GC(2562) User=0.10s Sys=0.00s Real=0.02s
[2024-08-15T15:38:11.980+0000][11387.925s][info][gc,marking  ] GC(2562) Concurrent Mark 2869.295ms
[2024-08-15T15:38:11.980+0000][11387.925s][info][gc,marking  ] GC(2562) Concurrent Rebuild Remembered Sets
[2024-08-15T15:38:13.746+0000][11389.690s][info][gc,marking  ] GC(2562) Concurrent Rebuild Remembered Sets 1765.468ms
[2024-08-15T15:38:13.746+0000][11389.691s][info][gc,start    ] GC(2562) Pause Cleanup
[2024-08-15T15:38:13.747+0000][11389.691s][info][gc          ] GC(2562) Pause Cleanup 8363M->8363M(12288M) 0.585ms
[2024-08-15T15:38:13.747+0000][11389.691s][info][gc,cpu      ] GC(2562) User=0.01s Sys=0.00s Real=0.00s
[2024-08-15T15:38:13.747+0000][11389.691s][info][gc,marking  ] GC(2562) Concurrent Cleanup for Next Mark
[2024-08-15T15:38:13.763+0000][11389.708s][info][gc,marking  ] GC(2562) Concurrent Cleanup for Next Mark 16.650ms
[2024-08-15T15:38:13.763+0000][11389.708s][info][gc          ] GC(2562) Concurrent Mark Cycle 4667.326ms
[2024-08-15T15:38:14.883+0000][11390.828s][info][gc,start    ] GC(2563) Pause Young (Prepare Mixed) (G1 Evacuation Pause)
[2024-08-15T15:38:14.883+0000][11390.828s][info][gc,task     ] GC(2563) Using 6 workers of 6 for evacuation
[2024-08-15T15:38:14.905+0000][11390.849s][info][gc,phases   ] GC(2563)   Pre Evacuate Collection Set: 0.2ms
[2024-08-15T15:38:14.905+0000][11390.849s][info][gc,phases   ] GC(2563)   Merge Heap Roots: 0.3ms
[2024-08-15T15:38:14.905+0000][11390.849s][info][gc,phases   ] GC(2563)   Evacuate Collection Set: 19.1ms
[2024-08-15T15:38:14.905+0000][11390.849s][info][gc,phases   ] GC(2563)   Post Evacuate Collection Set: 1.8ms
[2024-08-15T15:38:14.905+0000][11390.849s][info][gc,phases   ] GC(2563)   Other: 0.2ms
[2024-08-15T15:38:14.905+0000][11390.849s][info][gc,heap     ] GC(2563) Eden regions: 737->0(65)
[2024-08-15T15:38:14.905+0000][11390.849s][info][gc,heap     ] GC(2563) Survivor regions: 9->11(94)
[2024-08-15T15:38:14.905+0000][11390.849s][info][gc,heap     ] GC(2563) Old regions: 462->462
[2024-08-15T15:38:14.905+0000][11390.849s][info][gc,heap     ] GC(2563) Archive regions: 2->2
[2024-08-15T15:38:14.905+0000][11390.849s][info][gc,heap     ] GC(2563) Humongous regions: 6->6
[2024-08-15T15:38:14.905+0000][11390.849s][info][gc,metaspace] GC(2563) Metaspace: 442197K(448704K)->442197K(448704K) NonClass: 387307K(390976K)->387307K(390976K) Class: 54890K(57728K)->54890K(57728K)
[2024-08-15T15:38:14.905+0000][11390.849s][info][gc          ] GC(2563) Pause Young (Prepare Mixed) (G1 Evacuation Pause) 9711M->3833M(12288M) 21.603ms
[2024-08-15T15:38:14.905+0000][11390.849s][info][gc,cpu      ] GC(2563) User=0.13s Sys=0.00s Real=0.02s
[2024-08-15T15:38:15.339+0000][11391.283s][info][gc,start    ] GC(2564) Pause Young (Mixed) (G1 Evacuation Pause)
[2024-08-15T15:38:15.339+0000][11391.283s][info][gc,task     ] GC(2564) Using 6 workers of 6 for evacuation
[2024-08-15T15:38:15.399+0000][11391.343s][info][gc,phases   ] GC(2564)   Pre Evacuate Collection Set: 0.2ms
[2024-08-15T15:38:15.399+0000][11391.343s][info][gc,phases   ] GC(2564)   Merge Heap Roots: 0.4ms
[2024-08-15T15:38:15.399+0000][11391.343s][info][gc,phases   ] GC(2564)   Evacuate Collection Set: 58.0ms
[2024-08-15T15:38:15.399+0000][11391.343s][info][gc,phases   ] GC(2564)   Post Evacuate Collection Set: 1.4ms
[2024-08-15T15:38:15.399+0000][11391.343s][info][gc,phases   ] GC(2564)   Other: 0.2ms
[2024-08-15T15:38:15.399+0000][11391.343s][info][gc,heap     ] GC(2564) Eden regions: 65->0(740)
[2024-08-15T15:38:15.399+0000][11391.343s][info][gc,heap     ] GC(2564) Survivor regions: 11->5(10)
[2024-08-15T15:38:15.399+0000][11391.343s][info][gc,heap     ] GC(2564) Old regions: 462->463
[2024-08-15T15:38:15.399+0000][11391.343s][info][gc,heap     ] GC(2564) Archive regions: 2->2
[2024-08-15T15:38:15.399+0000][11391.343s][info][gc,heap     ] GC(2564) Humongous regions: 6->6
[2024-08-15T15:38:15.399+0000][11391.343s][info][gc,metaspace] GC(2564) Metaspace: 442197K(448704K)->442197K(448704K) NonClass: 387307K(390976K)->387307K(390976K) Class: 54890K(57728K)->54890K(57728K)
[2024-08-15T15:38:15.399+0000][11391.344s][info][gc          ] GC(2564) Pause Young (Mixed) (G1 Evacuation Pause) 4353M->3790M(12288M) 60.283ms
[2024-08-15T15:38:15.399+0000][11391.344s][info][gc,cpu      ] GC(2564) User=0.36s Sys=0.00s Real=0.06s
[2024-08-15T15:38:20.440+0000][11396.384s][info][gc,start    ] GC(2565) Pause Young (Normal) (G1 Evacuation Pause)
[2024-08-15T15:38:20.440+0000][11396.384s][info][gc,task     ] GC(2565) Using 6 workers of 6 for evacuation
[2024-08-15T15:38:20.452+0000][11396.397s][info][gc,phases   ] GC(2565)   Pre Evacuate Collection Set: 0.2ms
[2024-08-15T15:38:20.452+0000][11396.397s][info][gc,phases   ] GC(2565)   Merge Heap Roots: 0.3ms
[2024-08-15T15:38:20.452+0000][11396.397s][info][gc,phases   ] GC(2565)   Evacuate Collection Set: 10.3ms
[2024-08-15T15:38:20.452+0000][11396.397s][info][gc,phases   ] GC(2565)   Post Evacuate Collection Set: 1.7ms
[2024-08-15T15:38:20.452+0000][11396.397s][info][gc,phases   ] GC(2565)   Other: 0.2ms
[2024-08-15T15:38:20.452+0000][11396.397s][info][gc,heap     ] GC(2565) Eden regions: 740->0(739)
[2024-08-15T15:38:20.452+0000][11396.397s][info][gc,heap     ] GC(2565) Survivor regions: 5->6(94)
[2024-08-15T15:38:20.452+0000][11396.397s][info][gc,heap     ] GC(2565) Old regions: 463->463
[2024-08-15T15:38:20.452+0000][11396.397s][info][gc,heap     ] GC(2565) Archive regions: 2->2
[2024-08-15T15:38:20.453+0000][11396.397s][info][gc,heap     ] GC(2565) Humongous regions: 6->6
[2024-08-15T15:38:20.453+0000][11396.397s][info][gc,metaspace] GC(2565) Metaspace: 442197K(448704K)->442197K(448704K) NonClass: 387307K(390976K)->387307K(390976K) Class: 54890K(57728K)->54890K(57728K)
[2024-08-15T15:38:20.453+0000][11396.397s][info][gc          ] GC(2565) Pause Young (Normal) (G1 Evacuation Pause) 9710M->3796M(12288M) 12.710ms
[2024-08-15T15:38:20.453+0000][11396.397s][info][gc,cpu      ] GC(2565) User=0.07s Sys=0.00s Real=0.01s
[2024-08-15T15:38:25.396+0000][11401.341s][info][gc,start    ] GC(2566) Pause Young (Normal) (G1 Evacuation Pause)
[2024-08-15T15:38:25.396+0000][11401.341s][info][gc,task     ] GC(2566) Using 6 workers of 6 for evacuation
[2024-08-15T15:38:25.411+0000][11401.355s][info][gc,phases   ] GC(2566)   Pre Evacuate Collection Set: 0.2ms
[2024-08-15T15:38:25.411+0000][11401.355s][info][gc,phases   ] GC(2566)   Merge Heap Roots: 0.2ms
[2024-08-15T15:38:25.411+0000][11401.355s][info][gc,phases   ] GC(2566)   Evacuate Collection Set: 11.9ms
[2024-08-15T15:38:25.411+0000][11401.355s][info][gc,phases   ] GC(2566)   Post Evacuate Collection Set: 1.7ms
[2024-08-15T15:38:25.411+0000][11401.355s][info][gc,phases   ] GC(2566)   Other: 0.2ms
[2024-08-15T15:38:25.411+0000][11401.355s][info][gc,heap     ] GC(2566) Eden regions: 739->0(738)
[2024-08-15T15:38:25.411+0000][11401.355s][info][gc,heap     ] GC(2566) Survivor regions: 6->7(94)
[2024-08-15T15:38:25.411+0000][11401.355s][info][gc,heap     ] GC(2566) Old regions: 463->463
[2024-08-15T15:38:25.411+0000][11401.355s][info][gc,heap     ] GC(2566) Archive regions: 2->2
[2024-08-15T15:38:25.411+0000][11401.355s][info][gc,heap     ] GC(2566) Humongous regions: 6->6
[2024-08-15T15:38:25.411+0000][11401.355s][info][gc,metaspace] GC(2566) Metaspace: 442197K(448704K)->442197K(448704K) NonClass: 387307K(390976K)->387307K(390976K) Class: 54890K(57728K)->54890K(57728K)
[2024-08-15T15:38:25.411+0000][11401.355s][info][gc          ] GC(2566) Pause Young (Normal) (G1 Evacuation Pause) 9708M->3800M(12288M) 14.309ms
[2024-08-15T15:38:25.411+0000][11401.355s][info][gc,cpu      ] GC(2566) User=0.08s Sys=0.00s Real=0.01s
[2024-08-15T15:38:29.663+0000][11405.608s][info][gc,start    ] GC(2567) Pause Young (Concurrent Start) (G1 Evacuation Pause)
[2024-08-15T15:38:29.663+0000][11405.608s][info][gc,task     ] GC(2567) Using 6 workers of 6 for evacuation
[2024-08-15T15:38:29.681+0000][11405.626s][info][gc,phases   ] GC(2567)   Pre Evacuate Collection Set: 0.5ms
[2024-08-15T15:38:29.681+0000][11405.626s][info][gc,phases   ] GC(2567)   Merge Heap Roots: 0.2ms
[2024-08-15T15:38:29.681+0000][11405.626s][info][gc,phases   ] GC(2567)   Evacuate Collection Set: 15.7ms
[2024-08-15T15:38:29.681+0000][11405.626s][info][gc,phases   ] GC(2567)   Post Evacuate Collection Set: 1.8ms
[2024-08-15T15:38:29.681+0000][11405.626s][info][gc,phases   ] GC(2567)   Other: 0.3ms
[2024-08-15T15:38:29.681+0000][11405.626s][info][gc,heap     ] GC(2567) Eden regions: 738->0(738)
[2024-08-15T15:38:29.681+0000][11405.626s][info][gc,heap     ] GC(2567) Survivor regions: 7->8(94)
[2024-08-15T15:38:29.681+0000][11405.626s][info][gc,heap     ] GC(2567) Old regions: 463->463
[2024-08-15T15:38:29.681+0000][11405.626s][info][gc,heap     ] GC(2567) Archive regions: 2->2
[2024-08-15T15:38:29.681+0000][11405.626s][info][gc,heap     ] GC(2567) Humongous regions: 6->6
[2024-08-15T15:38:29.681+0000][11405.626s][info][gc,metaspace] GC(2567) Metaspace: 442197K(448704K)->442197K(448704K) NonClass: 387307K(390976K)->387307K(390976K) Class: 54890K(57728K)->54890K(57728K)
[2024-08-15T15:38:29.681+0000][11405.626s][info][gc          ] GC(2567) Pause Young (Concurrent Start) (G1 Evacuation Pause) 9704M->3814M(12288M) 18.565ms
[2024-08-15T15:38:29.682+0000][11405.626s][info][gc,cpu      ] GC(2567) User=0.11s Sys=0.00s Real=0.02s
[2024-08-15T15:38:29.682+0000][11405.626s][info][gc          ] GC(2568) Concurrent Mark Cycle
[2024-08-15T15:38:29.682+0000][11405.626s][info][gc,marking  ] GC(2568) Concurrent Clear Claimed Marks
[2024-08-15T15:38:29.682+0000][11405.627s][info][gc,marking  ] GC(2568) Concurrent Clear Claimed Marks 0.378ms
[2024-08-15T15:38:29.682+0000][11405.627s][info][gc,marking  ] GC(2568) Concurrent Scan Root Regions
[2024-08-15T15:38:29.698+0000][11405.642s][info][gc,marking  ] GC(2568) Concurrent Scan Root Regions 15.654ms
[2024-08-15T15:38:29.698+0000][11405.642s][info][gc,marking  ] GC(2568) Concurrent Mark
[2024-08-15T15:38:29.698+0000][11405.642s][info][gc,marking  ] GC(2568) Concurrent Mark From Roots
[2024-08-15T15:38:29.698+0000][11405.642s][info][gc,task     ] GC(2568) Using 2 workers of 2 for marking
[2024-08-15T15:38:32.601+0000][11408.546s][info][gc,marking  ] GC(2568) Concurrent Mark From Roots 2903.718ms
[2024-08-15T15:38:32.601+0000][11408.546s][info][gc,marking  ] GC(2568) Concurrent Preclean
[2024-08-15T15:38:32.603+0000][11408.548s][info][gc,marking  ] GC(2568) Concurrent Preclean 1.869ms
[2024-08-15T15:38:32.604+0000][11408.548s][info][gc,start    ] GC(2568) Pause Remark
[2024-08-15T15:38:32.627+0000][11408.571s][info][gc          ] GC(2568) Pause Remark 6838M->6838M(12288M) 23.252ms
[2024-08-15T15:38:32.627+0000][11408.571s][info][gc,cpu      ] GC(2568) User=0.10s Sys=0.00s Real=0.02s
[2024-08-15T15:38:32.627+0000][11408.572s][info][gc,marking  ] GC(2568) Concurrent Mark 2929.297ms
[2024-08-15T15:38:32.627+0000][11408.572s][info][gc,marking  ] GC(2568) Concurrent Rebuild Remembered Sets
[2024-08-15T15:38:34.419+0000][11410.363s][info][gc,marking  ] GC(2568) Concurrent Rebuild Remembered Sets 1791.724ms
[2024-08-15T15:38:34.419+0000][11410.363s][info][gc,start    ] GC(2568) Pause Cleanup
[2024-08-15T15:38:34.419+0000][11410.364s][info][gc          ] GC(2568) Pause Cleanup 8734M->8734M(12288M) 0.587ms
[2024-08-15T15:38:34.420+0000][11410.364s][info][gc,cpu      ] GC(2568) User=0.00s Sys=0.00s Real=0.00s
[2024-08-15T15:38:34.420+0000][11410.364s][info][gc,marking  ] GC(2568) Concurrent Cleanup for Next Mark
[2024-08-15T15:38:34.437+0000][11410.381s][info][gc,marking  ] GC(2568) Concurrent Cleanup for Next Mark 17.181ms
[2024-08-15T15:38:34.437+0000][11410.382s][info][gc          ] GC(2568) Concurrent Mark Cycle 4755.328ms
[2024-08-15T15:38:35.238+0000][11411.182s][info][gc,start    ] GC(2569) Pause Young (Prepare Mixed) (G1 Evacuation Pause)
[2024-08-15T15:38:35.238+0000][11411.182s][info][gc,task     ] GC(2569) Using 6 workers of 6 for evacuation
[2024-08-15T15:38:35.257+0000][11411.202s][info][gc,phases   ] GC(2569)   Pre Evacuate Collection Set: 0.2ms
[2024-08-15T15:38:35.257+0000][11411.202s][info][gc,phases   ] GC(2569)   Merge Heap Roots: 0.3ms
[2024-08-15T15:38:35.257+0000][11411.202s][info][gc,phases   ] GC(2569)   Evacuate Collection Set: 17.1ms
[2024-08-15T15:38:35.257+0000][11411.202s][info][gc,phases   ] GC(2569)   Post Evacuate Collection Set: 1.7ms
[2024-08-15T15:38:35.257+0000][11411.202s][info][gc,phases   ] GC(2569)   Other: 0.2ms
[2024-08-15T15:38:35.257+0000][11411.202s][info][gc,heap     ] GC(2569) Eden regions: 738->0(67)
[2024-08-15T15:38:35.257+0000][11411.202s][info][gc,heap     ] GC(2569) Survivor regions: 8->9(94)
[2024-08-15T15:38:35.257+0000][11411.202s][info][gc,heap     ] GC(2569) Old regions: 463->463
[2024-08-15T15:38:35.257+0000][11411.202s][info][gc,heap     ] GC(2569) Archive regions: 2->2
[2024-08-15T15:38:35.257+0000][11411.202s][info][gc,heap     ] GC(2569) Humongous regions: 6->6
[2024-08-15T15:38:35.257+0000][11411.202s][info][gc,metaspace] GC(2569) Metaspace: 442197K(448704K)->442197K(448704K) NonClass: 387307K(390976K)->387307K(390976K) Class: 54890K(57728K)->54890K(57728K)
[2024-08-15T15:38:35.257+0000][11411.202s][info][gc          ] GC(2569) Pause Young (Prepare Mixed) (G1 Evacuation Pause) 9718M->3820M(12288M) 19.509ms
[2024-08-15T15:38:35.257+0000][11411.202s][info][gc,cpu      ] GC(2569) User=0.11s Sys=0.00s Real=0.02s
[2024-08-15T15:38:35.704+0000][11411.649s][info][gc,start    ] GC(2570) Pause Young (Mixed) (G1 Evacuation Pause)
[2024-08-15T15:38:35.704+0000][11411.649s][info][gc,task     ] GC(2570) Using 6 workers of 6 for evacuation
[2024-08-15T15:38:35.759+0000][11411.703s][info][gc,phases   ] GC(2570)   Pre Evacuate Collection Set: 0.2ms
[2024-08-15T15:38:35.759+0000][11411.703s][info][gc,phases   ] GC(2570)   Merge Heap Roots: 0.4ms
[2024-08-15T15:38:35.759+0000][11411.703s][info][gc,phases   ] GC(2570)   Evacuate Collection Set: 52.2ms
[2024-08-15T15:38:35.759+0000][11411.703s][info][gc,phases   ] GC(2570)   Post Evacuate Collection Set: 1.4ms
[2024-08-15T15:38:35.759+0000][11411.703s][info][gc,phases   ] GC(2570)   Other: 0.2ms
[2024-08-15T15:38:35.759+0000][11411.703s][info][gc,heap     ] GC(2570) Eden regions: 67->0(741)
[2024-08-15T15:38:35.759+0000][11411.703s][info][gc,heap     ] GC(2570) Survivor regions: 9->6(10)
[2024-08-15T15:38:35.759+0000][11411.703s][info][gc,heap     ] GC(2570) Old regions: 463->461
[2024-08-15T15:38:35.759+0000][11411.703s][info][gc,heap     ] GC(2570) Archive regions: 2->2
[2024-08-15T15:38:35.759+0000][11411.703s][info][gc,heap     ] GC(2570) Humongous regions: 6->6
[2024-08-15T15:38:35.759+0000][11411.703s][info][gc,metaspace] GC(2570) Metaspace: 442197K(448704K)->442197K(448704K) NonClass: 387307K(390976K)->387307K(390976K) Class: 54890K(57728K)->54890K(57728K)
[2024-08-15T15:38:35.759+0000][11411.703s][info][gc          ] GC(2570) Pause Young (Mixed) (G1 Evacuation Pause) 4356M->3780M(12288M) 54.389ms
[2024-08-15T15:38:35.759+0000][11411.703s][info][gc,cpu      ] GC(2570) User=0.32s Sys=0.00s Real=0.05s
[2024-08-15T15:38:40.610+0000][11416.555s][info][gc,start    ] GC(2571) Pause Young (Normal) (G1 Evacuation Pause)
[2024-08-15T15:38:40.610+0000][11416.555s][info][gc,task     ] GC(2571) Using 6 workers of 6 for evacuation
[2024-08-15T15:38:40.625+0000][11416.569s][info][gc,phases   ] GC(2571)   Pre Evacuate Collection Set: 0.2ms
[2024-08-15T15:38:40.625+0000][11416.569s][info][gc,phases   ] GC(2571)   Merge Heap Roots: 0.2ms
[2024-08-15T15:38:40.625+0000][11416.569s][info][gc,phases   ] GC(2571)   Evacuate Collection Set: 12.2ms
[2024-08-15T15:38:40.625+0000][11416.569s][info][gc,phases   ] GC(2571)   Post Evacuate Collection Set: 1.9ms
[2024-08-15T15:38:40.625+0000][11416.569s][info][gc,phases   ] GC(2571)   Other: 0.2ms
[2024-08-15T15:38:40.625+0000][11416.569s][info][gc,heap     ] GC(2571) Eden regions: 741->0(742)
[2024-08-15T15:38:40.625+0000][11416.569s][info][gc,heap     ] GC(2571) Survivor regions: 6->6(94)
[2024-08-15T15:38:40.625+0000][11416.569s][info][gc,heap     ] GC(2571) Old regions: 461->461
[2024-08-15T15:38:40.625+0000][11416.569s][info][gc,heap     ] GC(2571) Archive regions: 2->2
[2024-08-15T15:38:40.625+0000][11416.569s][info][gc,heap     ] GC(2571) Humongous regions: 6->6
[2024-08-15T15:38:40.625+0000][11416.569s][info][gc,metaspace] GC(2571) Metaspace: 442205K(448704K)->442205K(448704K) NonClass: 387314K(390976K)->387314K(390976K) Class: 54890K(57728K)->54890K(57728K)
[2024-08-15T15:38:40.625+0000][11416.569s][info][gc          ] GC(2571) Pause Young (Normal) (G1 Evacuation Pause) 9708M->3777M(12288M) 14.680ms
[2024-08-15T15:38:40.625+0000][11416.569s][info][gc,cpu      ] GC(2571) User=0.08s Sys=0.00s Real=0.02s
[2024-08-15T15:38:45.629+0000][11421.574s][info][gc,start    ] GC(2572) Pause Young (Normal) (G1 Evacuation Pause)
[2024-08-15T15:38:45.629+0000][11421.574s][info][gc,task     ] GC(2572) Using 6 workers of 6 for evacuation
[2024-08-15T15:38:45.647+0000][11421.591s][info][gc,phases   ] GC(2572)   Pre Evacuate Collection Set: 0.2ms
[2024-08-15T15:38:45.647+0000][11421.591s][info][gc,phases   ] GC(2572)   Merge Heap Roots: 0.2ms
[2024-08-15T15:38:45.647+0000][11421.591s][info][gc,phases   ] GC(2572)   Evacuate Collection Set: 15.4ms
[2024-08-15T15:38:45.647+0000][11421.591s][info][gc,phases   ] GC(2572)   Post Evacuate Collection Set: 1.7ms
[2024-08-15T15:38:45.647+0000][11421.591s][info][gc,phases   ] GC(2572)   Other: 0.2ms
[2024-08-15T15:38:45.647+0000][11421.591s][info][gc,heap     ] GC(2572) Eden regions: 742->0(740)
[2024-08-15T15:38:45.647+0000][11421.591s][info][gc,heap     ] GC(2572) Survivor regions: 6->8(94)
[2024-08-15T15:38:45.647+0000][11421.591s][info][gc,heap     ] GC(2572) Old regions: 461->461
[2024-08-15T15:38:45.647+0000][11421.591s][info][gc,heap     ] GC(2572) Archive regions: 2->2
[2024-08-15T15:38:45.647+0000][11421.591s][info][gc,heap     ] GC(2572) Humongous regions: 6->6
[2024-08-15T15:38:45.647+0000][11421.591s][info][gc,metaspace] GC(2572) Metaspace: 442205K(448704K)->442205K(448704K) NonClass: 387314K(390976K)->387314K(390976K) Class: 54890K(57728K)->54890K(57728K)
[2024-08-15T15:38:45.647+0000][11421.591s][info][gc          ] GC(2572) Pause Young (Normal) (G1 Evacuation Pause) 9713M->3794M(12288M) 17.721ms
[2024-08-15T15:38:45.647+0000][11421.591s][info][gc,cpu      ] GC(2572) User=0.10s Sys=0.00s Real=0.02s
[2024-08-15T15:38:50.657+0000][11426.601s][info][gc,start    ] GC(2573) Pause Young (Concurrent Start) (G1 Evacuation Pause)
[2024-08-15T15:38:50.657+0000][11426.601s][info][gc,task     ] GC(2573) Using 6 workers of 6 for evacuation
[2024-08-15T15:38:50.677+0000][11426.622s][info][gc,phases   ] GC(2573)   Pre Evacuate Collection Set: 0.5ms
[2024-08-15T15:38:50.677+0000][11426.622s][info][gc,phases   ] GC(2573)   Merge Heap Roots: 0.2ms
[2024-08-15T15:38:50.677+0000][11426.622s][info][gc,phases   ] GC(2573)   Evacuate Collection Set: 17.9ms
[2024-08-15T15:38:50.677+0000][11426.622s][info][gc,phases   ] GC(2573)   Post Evacuate Collection Set: 1.8ms
[2024-08-15T15:38:50.677+0000][11426.622s][info][gc,phases   ] GC(2573)   Other: 0.3ms
[2024-08-15T15:38:50.677+0000][11426.622s][info][gc,heap     ] GC(2573) Eden regions: 740->0(738)
[2024-08-15T15:38:50.677+0000][11426.622s][info][gc,heap     ] GC(2573) Survivor regions: 8->10(94)
[2024-08-15T15:38:50.677+0000][11426.622s][info][gc,heap     ] GC(2573) Old regions: 461->461
[2024-08-15T15:38:50.677+0000][11426.622s][info][gc,heap     ] GC(2573) Archive regions: 2->2
[2024-08-15T15:38:50.677+0000][11426.622s][info][gc,heap     ] GC(2573) Humongous regions: 6->6
[2024-08-15T15:38:50.677+0000][11426.622s][info][gc,metaspace] GC(2573) Metaspace: 442205K(448704K)->442205K(448704K) NonClass: 387314K(390976K)->387314K(390976K) Class: 54890K(57728K)->54890K(57728K)
[2024-08-15T15:38:50.677+0000][11426.622s][info][gc          ] GC(2573) Pause Young (Concurrent Start) (G1 Evacuation Pause) 9714M->3814M(12288M) 20.701ms
[2024-08-15T15:38:50.677+0000][11426.622s][info][gc,cpu      ] GC(2573) User=0.12s Sys=0.00s Real=0.02s
[2024-08-15T15:38:50.677+0000][11426.622s][info][gc          ] GC(2574) Concurrent Mark Cycle
[2024-08-15T15:38:50.677+0000][11426.622s][info][gc,marking  ] GC(2574) Concurrent Clear Claimed Marks
[2024-08-15T15:38:50.678+0000][11426.622s][info][gc,marking  ] GC(2574) Concurrent Clear Claimed Marks 0.366ms
[2024-08-15T15:38:50.678+0000][11426.622s][info][gc,marking  ] GC(2574) Concurrent Scan Root Regions
[2024-08-15T15:38:50.696+0000][11426.640s][info][gc,marking  ] GC(2574) Concurrent Scan Root Regions 17.886ms
[2024-08-15T15:38:50.696+0000][11426.640s][info][gc,marking  ] GC(2574) Concurrent Mark
[2024-08-15T15:38:50.696+0000][11426.640s][info][gc,marking  ] GC(2574) Concurrent Mark From Roots
[2024-08-15T15:38:50.696+0000][11426.640s][info][gc,task     ] GC(2574) Using 2 workers of 2 for marking
[2024-08-15T15:38:53.787+0000][11429.732s][info][gc,marking  ] GC(2574) Concurrent Mark From Roots 3091.713ms
[2024-08-15T15:38:53.787+0000][11429.732s][info][gc,marking  ] GC(2574) Concurrent Preclean
[2024-08-15T15:38:53.789+0000][11429.734s][info][gc,marking  ] GC(2574) Concurrent Preclean 1.516ms
[2024-08-15T15:38:53.789+0000][11429.734s][info][gc,start    ] GC(2574) Pause Remark
[2024-08-15T15:38:53.813+0000][11429.757s][info][gc          ] GC(2574) Pause Remark 7094M->7094M(12288M) 23.337ms
[2024-08-15T15:38:53.813+0000][11429.757s][info][gc,cpu      ] GC(2574) User=0.09s Sys=0.00s Real=0.02s
[2024-08-15T15:38:53.813+0000][11429.757s][info][gc,marking  ] GC(2574) Concurrent Mark 3116.993ms
[2024-08-15T15:38:53.813+0000][11429.757s][info][gc,marking  ] GC(2574) Concurrent Rebuild Remembered Sets
[2024-08-15T15:38:55.616+0000][11431.561s][info][gc,marking  ] GC(2574) Concurrent Rebuild Remembered Sets 1803.240ms
[2024-08-15T15:38:55.616+0000][11431.561s][info][gc,start    ] GC(2574) Pause Cleanup
[2024-08-15T15:38:55.617+0000][11431.561s][info][gc          ] GC(2574) Pause Cleanup 9038M->9038M(12288M) 0.558ms
[2024-08-15T15:38:55.617+0000][11431.561s][info][gc,cpu      ] GC(2574) User=0.00s Sys=0.00s Real=0.00s
[2024-08-15T15:38:55.617+0000][11431.561s][info][gc,marking  ] GC(2574) Concurrent Cleanup for Next Mark
[2024-08-15T15:38:55.634+0000][11431.578s][info][gc,marking  ] GC(2574) Concurrent Cleanup for Next Mark 16.774ms
[2024-08-15T15:38:55.634+0000][11431.578s][info][gc          ] GC(2574) Concurrent Mark Cycle 4956.301ms
[2024-08-15T15:38:56.184+0000][11432.128s][info][gc,start    ] GC(2575) Pause Young (Prepare Mixed) (G1 Evacuation Pause)
[2024-08-15T15:38:56.184+0000][11432.128s][info][gc,task     ] GC(2575) Using 6 workers of 6 for evacuation
[2024-08-15T15:38:56.204+0000][11432.149s][info][gc,phases   ] GC(2575)   Pre Evacuate Collection Set: 0.2ms
[2024-08-15T15:38:56.204+0000][11432.149s][info][gc,phases   ] GC(2575)   Merge Heap Roots: 0.3ms
[2024-08-15T15:38:56.204+0000][11432.149s][info][gc,phases   ] GC(2575)   Evacuate Collection Set: 17.9ms
[2024-08-15T15:38:56.204+0000][11432.149s][info][gc,phases   ] GC(2575)   Post Evacuate Collection Set: 1.8ms
[2024-08-15T15:38:56.204+0000][11432.149s][info][gc,phases   ] GC(2575)   Other: 0.2ms
[2024-08-15T15:38:56.204+0000][11432.149s][info][gc,heap     ] GC(2575) Eden regions: 738->0(66)
[2024-08-15T15:38:56.204+0000][11432.149s][info][gc,heap     ] GC(2575) Survivor regions: 10->10(94)
[2024-08-15T15:38:56.204+0000][11432.149s][info][gc,heap     ] GC(2575) Old regions: 461->461
[2024-08-15T15:38:56.204+0000][11432.149s][info][gc,heap     ] GC(2575) Archive regions: 2->2
[2024-08-15T15:38:56.204+0000][11432.149s][info][gc,heap     ] GC(2575) Humongous regions: 6->6
[2024-08-15T15:38:56.204+0000][11432.149s][info][gc,metaspace] GC(2575) Metaspace: 442205K(448704K)->442205K(448704K) NonClass: 387314K(390976K)->387314K(390976K) Class: 54890K(57728K)->54890K(57728K)
[2024-08-15T15:38:56.204+0000][11432.149s][info][gc          ] GC(2575) Pause Young (Prepare Mixed) (G1 Evacuation Pause) 9718M->3813M(12288M) 20.429ms
[2024-08-15T15:38:56.204+0000][11432.149s][info][gc,cpu      ] GC(2575) User=0.12s Sys=0.00s Real=0.02s
[2024-08-15T15:38:56.631+0000][11432.576s][info][gc,start    ] GC(2576) Pause Young (Mixed) (G1 Evacuation Pause)
[2024-08-15T15:38:56.632+0000][11432.576s][info][gc,task     ] GC(2576) Using 6 workers of 6 for evacuation
[2024-08-15T15:38:56.688+0000][11432.632s][info][gc,phases   ] GC(2576)   Pre Evacuate Collection Set: 0.2ms
[2024-08-15T15:38:56.688+0000][11432.632s][info][gc,phases   ] GC(2576)   Merge Heap Roots: 0.4ms
[2024-08-15T15:38:56.688+0000][11432.632s][info][gc,phases   ] GC(2576)   Evacuate Collection Set: 54.3ms
[2024-08-15T15:38:56.688+0000][11432.632s][info][gc,phases   ] GC(2576)   Post Evacuate Collection Set: 1.3ms
[2024-08-15T15:38:56.688+0000][11432.632s][info][gc,phases   ] GC(2576)   Other: 0.2ms
[2024-08-15T15:38:56.688+0000][11432.632s][info][gc,heap     ] GC(2576) Eden regions: 66->0(743)
[2024-08-15T15:38:56.688+0000][11432.632s][info][gc,heap     ] GC(2576) Survivor regions: 10->6(10)
[2024-08-15T15:38:56.688+0000][11432.632s][info][gc,heap     ] GC(2576) Old regions: 461->459
[2024-08-15T15:38:56.688+0000][11432.632s][info][gc,heap     ] GC(2576) Archive regions: 2->2
[2024-08-15T15:38:56.688+0000][11432.632s][info][gc,heap     ] GC(2576) Humongous regions: 6->6
[2024-08-15T15:38:56.688+0000][11432.632s][info][gc,metaspace] GC(2576) Metaspace: 442205K(448704K)->442205K(448704K) NonClass: 387314K(390976K)->387314K(390976K) Class: 54890K(57728K)->54890K(57728K)
[2024-08-15T15:38:56.688+0000][11432.632s][info][gc          ] GC(2576) Pause Young (Mixed) (G1 Evacuation Pause) 4341M->3768M(12288M) 56.372ms
[2024-08-15T15:38:56.688+0000][11432.633s][info][gc,cpu      ] GC(2576) User=0.33s Sys=0.00s Real=0.06s
[2024-08-15T15:39:01.766+0000][11437.710s][info][gc,start    ] GC(2577) Pause Young (Normal) (G1 Evacuation Pause)
[2024-08-15T15:39:01.766+0000][11437.710s][info][gc,task     ] GC(2577) Using 6 workers of 6 for evacuation
[2024-08-15T15:39:01.784+0000][11437.728s][info][gc,phases   ] GC(2577)   Pre Evacuate Collection Set: 0.3ms
[2024-08-15T15:39:01.784+0000][11437.728s][info][gc,phases   ] GC(2577)   Merge Heap Roots: 0.4ms
[2024-08-15T15:39:01.784+0000][11437.728s][info][gc,phases   ] GC(2577)   Evacuate Collection Set: 15.5ms
[2024-08-15T15:39:01.784+0000][11437.728s][info][gc,phases   ] GC(2577)   Post Evacuate Collection Set: 1.7ms
[2024-08-15T15:39:01.784+0000][11437.728s][info][gc,phases   ] GC(2577)   Other: 0.2ms
[2024-08-15T15:39:01.784+0000][11437.728s][info][gc,heap     ] GC(2577) Eden regions: 743->0(741)
[2024-08-15T15:39:01.784+0000][11437.728s][info][gc,heap     ] GC(2577) Survivor regions: 6->8(94)
[2024-08-15T15:39:01.784+0000][11437.728s][info][gc,heap     ] GC(2577) Old regions: 459->459
[2024-08-15T15:39:01.784+0000][11437.728s][info][gc,heap     ] GC(2577) Archive regions: 2->2
[2024-08-15T15:39:01.784+0000][11437.728s][info][gc,heap     ] GC(2577) Humongous regions: 6->6
[2024-08-15T15:39:01.784+0000][11437.728s][info][gc,metaspace] GC(2577) Metaspace: 442205K(448704K)->442205K(448704K) NonClass: 387314K(390976K)->387314K(390976K) Class: 54890K(57728K)->54890K(57728K)
[2024-08-15T15:39:01.784+0000][11437.728s][info][gc          ] GC(2577) Pause Young (Normal) (G1 Evacuation Pause) 9712M->3783M(12288M) 18.097ms
[2024-08-15T15:39:01.784+0000][11437.728s][info][gc,cpu      ] GC(2577) User=0.09s Sys=0.00s Real=0.02s
[2024-08-15T15:39:06.606+0000][11442.550s][info][gc,start    ] GC(2578) Pause Young (Normal) (G1 Evacuation Pause)
[2024-08-15T15:39:06.606+0000][11442.550s][info][gc,task     ] GC(2578) Using 6 workers of 6 for evacuation
[2024-08-15T15:39:06.621+0000][11442.566s][info][gc,phases   ] GC(2578)   Pre Evacuate Collection Set: 0.2ms
[2024-08-15T15:39:06.621+0000][11442.566s][info][gc,phases   ] GC(2578)   Merge Heap Roots: 0.2ms
[2024-08-15T15:39:06.621+0000][11442.566s][info][gc,phases   ] GC(2578)   Evacuate Collection Set: 13.6ms
[2024-08-15T15:39:06.621+0000][11442.566s][info][gc,phases   ] GC(2578)   Post Evacuate Collection Set: 1.7ms
[2024-08-15T15:39:06.621+0000][11442.566s][info][gc,phases   ] GC(2578)   Other: 0.2ms
[2024-08-15T15:39:06.621+0000][11442.566s][info][gc,heap     ] GC(2578) Eden regions: 741->0(741)
[2024-08-15T15:39:06.621+0000][11442.566s][info][gc,heap     ] GC(2578) Survivor regions: 8->8(94)
[2024-08-15T15:39:06.621+0000][11442.566s][info][gc,heap     ] GC(2578) Old regions: 459->459
[2024-08-15T15:39:06.621+0000][11442.566s][info][gc,heap     ] GC(2578) Archive regions: 2->2
[2024-08-15T15:39:06.621+0000][11442.566s][info][gc,heap     ] GC(2578) Humongous regions: 6->6
[2024-08-15T15:39:06.621+0000][11442.566s][info][gc,metaspace] GC(2578) Metaspace: 442205K(448704K)->442205K(448704K) NonClass: 387314K(390976K)->387314K(390976K) Class: 54890K(57728K)->54890K(57728K)
[2024-08-15T15:39:06.621+0000][11442.566s][info][gc          ] GC(2578) Pause Young (Normal) (G1 Evacuation Pause) 9711M->3785M(12288M) 15.977ms
[2024-08-15T15:39:06.622+0000][11442.566s][info][gc,cpu      ] GC(2578) User=0.09s Sys=0.00s Real=0.01s
[2024-08-15T15:39:11.609+0000][11447.554s][info][gc,start    ] GC(2579) Pause Young (Concurrent Start) (G1 Evacuation Pause)
[2024-08-15T15:39:11.609+0000][11447.554s][info][gc,task     ] GC(2579) Using 6 workers of 6 for evacuation
[2024-08-15T15:39:11.630+0000][11447.575s][info][gc,phases   ] GC(2579)   Pre Evacuate Collection Set: 0.6ms
[2024-08-15T15:39:11.630+0000][11447.575s][info][gc,phases   ] GC(2579)   Merge Heap Roots: 0.2ms
[2024-08-15T15:39:11.630+0000][11447.575s][info][gc,phases   ] GC(2579)   Evacuate Collection Set: 18.2ms
[2024-08-15T15:39:11.630+0000][11447.575s][info][gc,phases   ] GC(2579)   Post Evacuate Collection Set: 1.6ms
[2024-08-15T15:39:11.630+0000][11447.575s][info][gc,phases   ] GC(2579)   Other: 0.3ms
[2024-08-15T15:39:11.630+0000][11447.575s][info][gc,heap     ] GC(2579) Eden regions: 741->0(742)
[2024-08-15T15:39:11.630+0000][11447.575s][info][gc,heap     ] GC(2579) Survivor regions: 8->8(94)
[2024-08-15T15:39:11.630+0000][11447.575s][info][gc,heap     ] GC(2579) Old regions: 459->459
[2024-08-15T15:39:11.630+0000][11447.575s][info][gc,heap     ] GC(2579) Archive regions: 2->2
[2024-08-15T15:39:11.630+0000][11447.575s][info][gc,heap     ] GC(2579) Humongous regions: 6->6
[2024-08-15T15:39:11.630+0000][11447.575s][info][gc,metaspace] GC(2579) Metaspace: 442206K(448704K)->442206K(448704K) NonClass: 387315K(390976K)->387315K(390976K) Class: 54890K(57728K)->54890K(57728K)
[2024-08-15T15:39:11.630+0000][11447.575s][info][gc          ] GC(2579) Pause Young (Concurrent Start) (G1 Evacuation Pause) 9713M->3788M(12288M) 20.973ms
[2024-08-15T15:39:11.630+0000][11447.575s][info][gc,cpu      ] GC(2579) User=0.12s Sys=0.00s Real=0.02s
[2024-08-15T15:39:11.631+0000][11447.575s][info][gc          ] GC(2580) Concurrent Mark Cycle
[2024-08-15T15:39:11.631+0000][11447.575s][info][gc,marking  ] GC(2580) Concurrent Clear Claimed Marks
[2024-08-15T15:39:11.631+0000][11447.576s][info][gc,marking  ] GC(2580) Concurrent Clear Claimed Marks 0.370ms
[2024-08-15T15:39:11.631+0000][11447.576s][info][gc,marking  ] GC(2580) Concurrent Scan Root Regions
[2024-08-15T15:39:11.648+0000][11447.592s][info][gc,marking  ] GC(2580) Concurrent Scan Root Regions 16.594ms
[2024-08-15T15:39:11.648+0000][11447.592s][info][gc,marking  ] GC(2580) Concurrent Mark
[2024-08-15T15:39:11.648+0000][11447.592s][info][gc,marking  ] GC(2580) Concurrent Mark From Roots
[2024-08-15T15:39:11.648+0000][11447.592s][info][gc,task     ] GC(2580) Using 2 workers of 2 for marking
[2024-08-15T15:39:14.572+0000][11450.516s][info][gc,marking  ] GC(2580) Concurrent Mark From Roots 2924.191ms
[2024-08-15T15:39:14.572+0000][11450.516s][info][gc,marking  ] GC(2580) Concurrent Preclean
[2024-08-15T15:39:14.573+0000][11450.518s][info][gc,marking  ] GC(2580) Concurrent Preclean 1.654ms
[2024-08-15T15:39:14.574+0000][11450.518s][info][gc,start    ] GC(2580) Pause Remark
[2024-08-15T15:39:14.599+0000][11450.543s][info][gc          ] GC(2580) Pause Remark 6769M->6769M(12288M) 24.914ms
[2024-08-15T15:39:14.599+0000][11450.543s][info][gc,cpu      ] GC(2580) User=0.10s Sys=0.00s Real=0.03s
[2024-08-15T15:39:14.599+0000][11450.543s][info][gc,marking  ] GC(2580) Concurrent Mark 2951.287ms
[2024-08-15T15:39:14.599+0000][11450.543s][info][gc,marking  ] GC(2580) Concurrent Rebuild Remembered Sets
[2024-08-15T15:39:16.406+0000][11452.351s][info][gc,marking  ] GC(2580) Concurrent Rebuild Remembered Sets 1807.272ms
[2024-08-15T15:39:16.406+0000][11452.351s][info][gc,start    ] GC(2580) Pause Cleanup
[2024-08-15T15:39:16.407+0000][11452.351s][info][gc          ] GC(2580) Pause Cleanup 8777M->8777M(12288M) 0.533ms
[2024-08-15T15:39:16.407+0000][11452.352s][info][gc,cpu      ] GC(2580) User=0.00s Sys=0.00s Real=0.00s
[2024-08-15T15:39:16.407+0000][11452.352s][info][gc,marking  ] GC(2580) Concurrent Cleanup for Next Mark
[2024-08-15T15:39:16.424+0000][11452.369s][info][gc,marking  ] GC(2580) Concurrent Cleanup for Next Mark 17.096ms
[2024-08-15T15:39:16.424+0000][11452.369s][info][gc          ] GC(2580) Concurrent Mark Cycle 4793.609ms
[2024-08-15T15:39:17.199+0000][11453.143s][info][gc,start    ] GC(2581) Pause Young (Prepare Mixed) (G1 Evacuation Pause)
[2024-08-15T15:39:17.199+0000][11453.143s][info][gc,task     ] GC(2581) Using 6 workers of 6 for evacuation
[2024-08-15T15:39:17.221+0000][11453.165s][info][gc,phases   ] GC(2581)   Pre Evacuate Collection Set: 0.2ms
[2024-08-15T15:39:17.221+0000][11453.165s][info][gc,phases   ] GC(2581)   Merge Heap Roots: 0.4ms
[2024-08-15T15:39:17.221+0000][11453.165s][info][gc,phases   ] GC(2581)   Evacuate Collection Set: 19.7ms
[2024-08-15T15:39:17.221+0000][11453.166s][info][gc,phases   ] GC(2581)   Post Evacuate Collection Set: 1.8ms
[2024-08-15T15:39:17.221+0000][11453.166s][info][gc,phases   ] GC(2581)   Other: 0.2ms
[2024-08-15T15:39:17.221+0000][11453.166s][info][gc,heap     ] GC(2581) Eden regions: 742->0(65)
[2024-08-15T15:39:17.221+0000][11453.166s][info][gc,heap     ] GC(2581) Survivor regions: 8->11(94)
[2024-08-15T15:39:17.221+0000][11453.166s][info][gc,heap     ] GC(2581) Old regions: 459->459
[2024-08-15T15:39:17.221+0000][11453.166s][info][gc,heap     ] GC(2581) Archive regions: 2->2
[2024-08-15T15:39:17.221+0000][11453.166s][info][gc,heap     ] GC(2581) Humongous regions: 6->6
[2024-08-15T15:39:17.221+0000][11453.166s][info][gc,metaspace] GC(2581) Metaspace: 442206K(448704K)->442206K(448704K) NonClass: 387315K(390976K)->387315K(390976K) Class: 54890K(57728K)->54890K(57728K)
[2024-08-15T15:39:17.221+0000][11453.166s][info][gc          ] GC(2581) Pause Young (Prepare Mixed) (G1 Evacuation Pause) 9724M->3808M(12288M) 22.268ms
[2024-08-15T15:39:17.221+0000][11453.166s][info][gc,cpu      ] GC(2581) User=0.13s Sys=0.00s Real=0.02s
[2024-08-15T15:39:17.665+0000][11453.609s][info][gc,start    ] GC(2582) Pause Young (Mixed) (G1 Evacuation Pause)
[2024-08-15T15:39:17.665+0000][11453.609s][info][gc,task     ] GC(2582) Using 6 workers of 6 for evacuation
[2024-08-15T15:39:17.725+0000][11453.670s][info][gc,phases   ] GC(2582)   Pre Evacuate Collection Set: 0.2ms
[2024-08-15T15:39:17.725+0000][11453.670s][info][gc,phases   ] GC(2582)   Merge Heap Roots: 0.4ms
[2024-08-15T15:39:17.725+0000][11453.670s][info][gc,phases   ] GC(2582)   Evacuate Collection Set: 58.2ms
[2024-08-15T15:39:17.725+0000][11453.670s][info][gc,phases   ] GC(2582)   Post Evacuate Collection Set: 1.3ms
[2024-08-15T15:39:17.725+0000][11453.670s][info][gc,phases   ] GC(2582)   Other: 0.2ms
[2024-08-15T15:39:17.725+0000][11453.670s][info][gc,heap     ] GC(2582) Eden regions: 65->0(741)
[2024-08-15T15:39:17.725+0000][11453.670s][info][gc,heap     ] GC(2582) Survivor regions: 11->5(10)
[2024-08-15T15:39:17.725+0000][11453.670s][info][gc,heap     ] GC(2582) Old regions: 459->462
[2024-08-15T15:39:17.725+0000][11453.670s][info][gc,heap     ] GC(2582) Archive regions: 2->2
[2024-08-15T15:39:17.725+0000][11453.670s][info][gc,heap     ] GC(2582) Humongous regions: 6->6
[2024-08-15T15:39:17.725+0000][11453.670s][info][gc,metaspace] GC(2582) Metaspace: 442206K(448704K)->442206K(448704K) NonClass: 387315K(390976K)->387315K(390976K) Class: 54890K(57728K)->54890K(57728K)
[2024-08-15T15:39:17.725+0000][11453.670s][info][gc          ] GC(2582) Pause Young (Mixed) (G1 Evacuation Pause) 4328M->3778M(12288M) 60.310ms
[2024-08-15T15:39:17.725+0000][11453.670s][info][gc,cpu      ] GC(2582) User=0.36s Sys=0.00s Real=0.06s
[2024-08-15T15:39:21.931+0000][11457.875s][info][gc,start    ] GC(2583) Pause Young (Normal) (G1 Evacuation Pause)
[2024-08-15T15:39:21.931+0000][11457.875s][info][gc,task     ] GC(2583) Using 6 workers of 6 for evacuation
[2024-08-15T15:39:21.943+0000][11457.887s][info][gc,phases   ] GC(2583)   Pre Evacuate Collection Set: 0.2ms
[2024-08-15T15:39:21.943+0000][11457.887s][info][gc,phases   ] GC(2583)   Merge Heap Roots: 0.2ms
[2024-08-15T15:39:21.943+0000][11457.887s][info][gc,phases   ] GC(2583)   Evacuate Collection Set: 9.7ms
[2024-08-15T15:39:21.943+0000][11457.887s][info][gc,phases   ] GC(2583)   Post Evacuate Collection Set: 1.6ms
[2024-08-15T15:39:21.943+0000][11457.887s][info][gc,phases   ] GC(2583)   Other: 0.2ms
[2024-08-15T15:39:21.943+0000][11457.887s][info][gc,heap     ] GC(2583) Eden regions: 741->0(740)
[2024-08-15T15:39:21.943+0000][11457.887s][info][gc,heap     ] GC(2583) Survivor regions: 5->6(94)
[2024-08-15T15:39:21.943+0000][11457.887s][info][gc,heap     ] GC(2583) Old regions: 462->462
[2024-08-15T15:39:21.943+0000][11457.887s][info][gc,heap     ] GC(2583) Archive regions: 2->2
[2024-08-15T15:39:21.943+0000][11457.887s][info][gc,heap     ] GC(2583) Humongous regions: 6->6
[2024-08-15T15:39:21.943+0000][11457.887s][info][gc,metaspace] GC(2583) Metaspace: 442206K(448704K)->442206K(448704K) NonClass: 387315K(390976K)->387315K(390976K) Class: 54890K(57728K)->54890K(57728K)
[2024-08-15T15:39:21.943+0000][11457.887s][info][gc          ] GC(2583) Pause Young (Normal) (G1 Evacuation Pause) 9706M->3789M(12288M) 11.942ms
[2024-08-15T15:39:21.943+0000][11457.887s][info][gc,cpu      ] GC(2583) User=0.07s Sys=0.00s Real=0.01s
[2024-08-15T15:39:26.221+0000][11462.166s][info][gc,start    ] GC(2584) Pause Young (Normal) (G1 Evacuation Pause)
[2024-08-15T15:39:26.221+0000][11462.166s][info][gc,task     ] GC(2584) Using 6 workers of 6 for evacuation
[2024-08-15T15:39:26.236+0000][11462.181s][info][gc,phases   ] GC(2584)   Pre Evacuate Collection Set: 0.2ms
[2024-08-15T15:39:26.236+0000][11462.181s][info][gc,phases   ] GC(2584)   Merge Heap Roots: 0.2ms
[2024-08-15T15:39:26.236+0000][11462.181s][info][gc,phases   ] GC(2584)   Evacuate Collection Set: 13.1ms
[2024-08-15T15:39:26.236+0000][11462.181s][info][gc,phases   ] GC(2584)   Post Evacuate Collection Set: 1.7ms
[2024-08-15T15:39:26.236+0000][11462.181s][info][gc,phases   ] GC(2584)   Other: 0.2ms
[2024-08-15T15:39:26.236+0000][11462.181s][info][gc,heap     ] GC(2584) Eden regions: 740->0(740)
[2024-08-15T15:39:26.236+0000][11462.181s][info][gc,heap     ] GC(2584) Survivor regions: 6->6(94)
[2024-08-15T15:39:26.236+0000][11462.181s][info][gc,heap     ] GC(2584) Old regions: 462->462
[2024-08-15T15:39:26.236+0000][11462.181s][info][gc,heap     ] GC(2584) Archive regions: 2->2
[2024-08-15T15:39:26.236+0000][11462.181s][info][gc,heap     ] GC(2584) Humongous regions: 6->6
[2024-08-15T15:39:26.236+0000][11462.181s][info][gc,metaspace] GC(2584) Metaspace: 442206K(448704K)->442206K(448704K) NonClass: 387315K(390976K)->387315K(390976K) Class: 54890K(57728K)->54890K(57728K)
[2024-08-15T15:39:26.236+0000][11462.181s][info][gc          ] GC(2584) Pause Young (Normal) (G1 Evacuation Pause) 9709M->3784M(12288M) 15.499ms
[2024-08-15T15:39:26.236+0000][11462.181s][info][gc,cpu      ] GC(2584) User=0.09s Sys=0.00s Real=0.02s
[2024-08-15T15:39:31.113+0000][11467.058s][info][gc,start    ] GC(2585) Pause Young (Concurrent Start) (G1 Evacuation Pause)
[2024-08-15T15:39:31.114+0000][11467.058s][info][gc,task     ] GC(2585) Using 6 workers of 6 for evacuation
[2024-08-15T15:39:31.132+0000][11467.076s][info][gc,phases   ] GC(2585)   Pre Evacuate Collection Set: 0.5ms
[2024-08-15T15:39:31.132+0000][11467.076s][info][gc,phases   ] GC(2585)   Merge Heap Roots: 0.2ms
[2024-08-15T15:39:31.132+0000][11467.076s][info][gc,phases   ] GC(2585)   Evacuate Collection Set: 15.6ms
[2024-08-15T15:39:31.132+0000][11467.076s][info][gc,phases   ] GC(2585)   Post Evacuate Collection Set: 1.6ms
[2024-08-15T15:39:31.132+0000][11467.076s][info][gc,phases   ] GC(2585)   Other: 0.3ms
[2024-08-15T15:39:31.132+0000][11467.076s][info][gc,heap     ] GC(2585) Eden regions: 740->0(738)
[2024-08-15T15:39:31.132+0000][11467.076s][info][gc,heap     ] GC(2585) Survivor regions: 6->8(94)
[2024-08-15T15:39:31.132+0000][11467.076s][info][gc,heap     ] GC(2585) Old regions: 462->462
[2024-08-15T15:39:31.132+0000][11467.076s][info][gc,heap     ] GC(2585) Archive regions: 2->2
[2024-08-15T15:39:31.132+0000][11467.076s][info][gc,heap     ] GC(2585) Humongous regions: 6->6
[2024-08-15T15:39:31.132+0000][11467.076s][info][gc,metaspace] GC(2585) Metaspace: 442206K(448704K)->442206K(448704K) NonClass: 387315K(390976K)->387315K(390976K) Class: 54890K(57728K)->54890K(57728K)
[2024-08-15T15:39:31.132+0000][11467.076s][info][gc          ] GC(2585) Pause Young (Concurrent Start) (G1 Evacuation Pause) 9704M->3800M(12288M) 18.368ms
[2024-08-15T15:39:31.132+0000][11467.077s][info][gc,cpu      ] GC(2585) User=0.10s Sys=0.00s Real=0.02s
[2024-08-15T15:39:31.132+0000][11467.077s][info][gc          ] GC(2586) Concurrent Mark Cycle
[2024-08-15T15:39:31.132+0000][11467.077s][info][gc,marking  ] GC(2586) Concurrent Clear Claimed Marks
[2024-08-15T15:39:31.132+0000][11467.077s][info][gc,marking  ] GC(2586) Concurrent Clear Claimed Marks 0.382ms
[2024-08-15T15:39:31.132+0000][11467.077s][info][gc,marking  ] GC(2586) Concurrent Scan Root Regions
[2024-08-15T15:39:31.158+0000][11467.103s][info][gc,marking  ] GC(2586) Concurrent Scan Root Regions 26.018ms
[2024-08-15T15:39:31.158+0000][11467.103s][info][gc,marking  ] GC(2586) Concurrent Mark
[2024-08-15T15:39:31.158+0000][11467.103s][info][gc,marking  ] GC(2586) Concurrent Mark From Roots
[2024-08-15T15:39:31.158+0000][11467.103s][info][gc,task     ] GC(2586) Using 2 workers of 2 for marking
[2024-08-15T15:39:34.120+0000][11470.064s][info][gc,marking  ] GC(2586) Concurrent Mark From Roots 2961.412ms
[2024-08-15T15:39:34.120+0000][11470.064s][info][gc,marking  ] GC(2586) Concurrent Preclean
[2024-08-15T15:39:34.122+0000][11470.066s][info][gc,marking  ] GC(2586) Concurrent Preclean 1.994ms
[2024-08-15T15:39:34.122+0000][11470.067s][info][gc,start    ] GC(2586) Pause Remark
[2024-08-15T15:39:34.145+0000][11470.090s][info][gc          ] GC(2586) Pause Remark 6764M->6764M(12288M) 23.474ms
[2024-08-15T15:39:34.146+0000][11470.090s][info][gc,cpu      ] GC(2586) User=0.10s Sys=0.00s Real=0.03s
[2024-08-15T15:39:34.146+0000][11470.090s][info][gc,marking  ] GC(2586) Concurrent Mark 2987.265ms
[2024-08-15T15:39:34.146+0000][11470.090s][info][gc,marking  ] GC(2586) Concurrent Rebuild Remembered Sets
[2024-08-15T15:39:35.934+0000][11471.879s][info][gc,marking  ] GC(2586) Concurrent Rebuild Remembered Sets 1788.609ms
[2024-08-15T15:39:35.934+0000][11471.879s][info][gc,start    ] GC(2586) Pause Cleanup
[2024-08-15T15:39:35.935+0000][11471.880s][info][gc          ] GC(2586) Pause Cleanup 8700M->8700M(12288M) 0.545ms
[2024-08-15T15:39:35.935+0000][11471.880s][info][gc,cpu      ] GC(2586) User=0.00s Sys=0.00s Real=0.00s
[2024-08-15T15:39:35.935+0000][11471.880s][info][gc,marking  ] GC(2586) Concurrent Cleanup for Next Mark
[2024-08-15T15:39:35.952+0000][11471.897s][info][gc,marking  ] GC(2586) Concurrent Cleanup for Next Mark 16.844ms
[2024-08-15T15:39:35.952+0000][11471.897s][info][gc          ] GC(2586) Concurrent Mark Cycle 4820.098ms
[2024-08-15T15:39:36.770+0000][11472.715s][info][gc,start    ] GC(2587) Pause Young (Prepare Mixed) (G1 Evacuation Pause)
[2024-08-15T15:39:36.770+0000][11472.715s][info][gc,task     ] GC(2587) Using 6 workers of 6 for evacuation
[2024-08-15T15:39:36.794+0000][11472.738s][info][gc,phases   ] GC(2587)   Pre Evacuate Collection Set: 0.2ms
[2024-08-15T15:39:36.794+0000][11472.739s][info][gc,phases   ] GC(2587)   Merge Heap Roots: 0.3ms
[2024-08-15T15:39:36.794+0000][11472.739s][info][gc,phases   ] GC(2587)   Evacuate Collection Set: 21.2ms
[2024-08-15T15:39:36.794+0000][11472.739s][info][gc,phases   ] GC(2587)   Post Evacuate Collection Set: 1.9ms
[2024-08-15T15:39:36.794+0000][11472.739s][info][gc,phases   ] GC(2587)   Other: 0.2ms
[2024-08-15T15:39:36.794+0000][11472.739s][info][gc,heap     ] GC(2587) Eden regions: 738->0(66)
[2024-08-15T15:39:36.794+0000][11472.739s][info][gc,heap     ] GC(2587) Survivor regions: 8->10(94)
[2024-08-15T15:39:36.794+0000][11472.739s][info][gc,heap     ] GC(2587) Old regions: 462->462
[2024-08-15T15:39:36.794+0000][11472.739s][info][gc,heap     ] GC(2587) Archive regions: 2->2
[2024-08-15T15:39:36.794+0000][11472.739s][info][gc,heap     ] GC(2587) Humongous regions: 6->6
[2024-08-15T15:39:36.794+0000][11472.739s][info][gc,metaspace] GC(2587) Metaspace: 442231K(448768K)->442231K(448768K) NonClass: 387340K(391040K)->387340K(391040K) Class: 54890K(57728K)->54890K(57728K)
[2024-08-15T15:39:36.794+0000][11472.739s][info][gc          ] GC(2587) Pause Young (Prepare Mixed) (G1 Evacuation Pause) 9704M->3820M(12288M) 23.811ms
[2024-08-15T15:39:36.794+0000][11472.739s][info][gc,cpu      ] GC(2587) User=0.14s Sys=0.00s Real=0.02s
[2024-08-15T15:39:37.234+0000][11473.179s][info][gc,start    ] GC(2588) Pause Young (Mixed) (G1 Evacuation Pause)
[2024-08-15T15:39:37.234+0000][11473.179s][info][gc,task     ] GC(2588) Using 6 workers of 6 for evacuation
[2024-08-15T15:39:37.291+0000][11473.235s][info][gc,phases   ] GC(2588)   Pre Evacuate Collection Set: 0.2ms
[2024-08-15T15:39:37.291+0000][11473.235s][info][gc,phases   ] GC(2588)   Merge Heap Roots: 0.5ms
[2024-08-15T15:39:37.291+0000][11473.235s][info][gc,phases   ] GC(2588)   Evacuate Collection Set: 54.7ms
[2024-08-15T15:39:37.291+0000][11473.235s][info][gc,phases   ] GC(2588)   Post Evacuate Collection Set: 1.3ms
[2024-08-15T15:39:37.291+0000][11473.235s][info][gc,phases   ] GC(2588)   Other: 0.2ms
[2024-08-15T15:39:37.291+0000][11473.235s][info][gc,heap     ] GC(2588) Eden regions: 66->0(741)
[2024-08-15T15:39:37.291+0000][11473.235s][info][gc,heap     ] GC(2588) Survivor regions: 10->5(10)
[2024-08-15T15:39:37.291+0000][11473.235s][info][gc,heap     ] GC(2588) Old regions: 462->462
[2024-08-15T15:39:37.291+0000][11473.235s][info][gc,heap     ] GC(2588) Archive regions: 2->2
[2024-08-15T15:39:37.291+0000][11473.235s][info][gc,heap     ] GC(2588) Humongous regions: 6->6
[2024-08-15T15:39:37.291+0000][11473.235s][info][gc,metaspace] GC(2588) Metaspace: 442231K(448768K)->442231K(448768K) NonClass: 387340K(391040K)->387340K(391040K) Class: 54890K(57728K)->54890K(57728K)
[2024-08-15T15:39:37.291+0000][11473.235s][info][gc          ] GC(2588) Pause Young (Mixed) (G1 Evacuation Pause) 4348M->3779M(12288M) 56.876ms
[2024-08-15T15:39:37.291+0000][11473.235s][info][gc,cpu      ] GC(2588) User=0.34s Sys=0.00s Real=0.06s
[2024-08-15T15:39:42.152+0000][11478.097s][info][gc,start    ] GC(2589) Pause Young (Normal) (G1 Evacuation Pause)
[2024-08-15T15:39:42.153+0000][11478.097s][info][gc,task     ] GC(2589) Using 6 workers of 6 for evacuation
[2024-08-15T15:39:42.164+0000][11478.108s][info][gc,phases   ] GC(2589)   Pre Evacuate Collection Set: 0.2ms
[2024-08-15T15:39:42.164+0000][11478.108s][info][gc,phases   ] GC(2589)   Merge Heap Roots: 0.2ms
[2024-08-15T15:39:42.164+0000][11478.108s][info][gc,phases   ] GC(2589)   Evacuate Collection Set: 8.8ms
[2024-08-15T15:39:42.164+0000][11478.108s][info][gc,phases   ] GC(2589)   Post Evacuate Collection Set: 1.8ms
[2024-08-15T15:39:42.164+0000][11478.108s][info][gc,phases   ] GC(2589)   Other: 0.2ms
[2024-08-15T15:39:42.164+0000][11478.108s][info][gc,heap     ] GC(2589) Eden regions: 741->0(741)
[2024-08-15T15:39:42.164+0000][11478.108s][info][gc,heap     ] GC(2589) Survivor regions: 5->5(94)
[2024-08-15T15:39:42.164+0000][11478.108s][info][gc,heap     ] GC(2589) Old regions: 462->462
[2024-08-15T15:39:42.164+0000][11478.108s][info][gc,heap     ] GC(2589) Archive regions: 2->2
[2024-08-15T15:39:42.164+0000][11478.108s][info][gc,heap     ] GC(2589) Humongous regions: 6->6
[2024-08-15T15:39:42.164+0000][11478.108s][info][gc,metaspace] GC(2589) Metaspace: 442264K(448768K)->442264K(448768K) NonClass: 387374K(391040K)->387374K(391040K) Class: 54890K(57728K)->54890K(57728K)
[2024-08-15T15:39:42.164+0000][11478.108s][info][gc          ] GC(2589) Pause Young (Normal) (G1 Evacuation Pause) 9707M->3781M(12288M) 11.281ms
[2024-08-15T15:39:42.164+0000][11478.108s][info][gc,cpu      ] GC(2589) User=0.06s Sys=0.00s Real=0.02s
[2024-08-15T15:39:47.078+0000][11483.022s][info][gc,start    ] GC(2590) Pause Young (Normal) (G1 Evacuation Pause)
[2024-08-15T15:39:47.078+0000][11483.022s][info][gc,task     ] GC(2590) Using 6 workers of 6 for evacuation
[2024-08-15T15:39:47.091+0000][11483.036s][info][gc,phases   ] GC(2590)   Pre Evacuate Collection Set: 0.2ms
[2024-08-15T15:39:47.092+0000][11483.036s][info][gc,phases   ] GC(2590)   Merge Heap Roots: 0.2ms
[2024-08-15T15:39:47.092+0000][11483.036s][info][gc,phases   ] GC(2590)   Evacuate Collection Set: 11.6ms
[2024-08-15T15:39:47.092+0000][11483.036s][info][gc,phases   ] GC(2590)   Post Evacuate Collection Set: 1.7ms
[2024-08-15T15:39:47.092+0000][11483.036s][info][gc,phases   ] GC(2590)   Other: 0.2ms
[2024-08-15T15:39:47.092+0000][11483.036s][info][gc,heap     ] GC(2590) Eden regions: 741->0(739)
[2024-08-15T15:39:47.092+0000][11483.036s][info][gc,heap     ] GC(2590) Survivor regions: 5->7(94)
[2024-08-15T15:39:47.092+0000][11483.036s][info][gc,heap     ] GC(2590) Old regions: 462->462
[2024-08-15T15:39:47.092+0000][11483.036s][info][gc,heap     ] GC(2590) Archive regions: 2->2
[2024-08-15T15:39:47.092+0000][11483.036s][info][gc,heap     ] GC(2590) Humongous regions: 6->6
[2024-08-15T15:39:47.092+0000][11483.036s][info][gc,metaspace] GC(2590) Metaspace: 442264K(448768K)->442264K(448768K) NonClass: 387374K(391040K)->387374K(391040K) Class: 54890K(57728K)->54890K(57728K)
[2024-08-15T15:39:47.092+0000][11483.036s][info][gc          ] GC(2590) Pause Young (Normal) (G1 Evacuation Pause) 9709M->3799M(12288M) 13.985ms
[2024-08-15T15:39:47.092+0000][11483.036s][info][gc,cpu      ] GC(2590) User=0.08s Sys=0.00s Real=0.01s
[2024-08-15T15:39:51.953+0000][11487.898s][info][gc,start    ] GC(2591) Pause Young (Concurrent Start) (G1 Evacuation Pause)
[2024-08-15T15:39:51.953+0000][11487.898s][info][gc,task     ] GC(2591) Using 6 workers of 6 for evacuation
[2024-08-15T15:39:51.969+0000][11487.914s][info][gc,phases   ] GC(2591)   Pre Evacuate Collection Set: 0.5ms
[2024-08-15T15:39:51.969+0000][11487.914s][info][gc,phases   ] GC(2591)   Merge Heap Roots: 0.2ms
[2024-08-15T15:39:51.969+0000][11487.914s][info][gc,phases   ] GC(2591)   Evacuate Collection Set: 13.3ms
[2024-08-15T15:39:51.969+0000][11487.914s][info][gc,phases   ] GC(2591)   Post Evacuate Collection Set: 1.7ms
[2024-08-15T15:39:51.969+0000][11487.914s][info][gc,phases   ] GC(2591)   Other: 0.3ms
[2024-08-15T15:39:51.969+0000][11487.914s][info][gc,heap     ] GC(2591) Eden regions: 739->0(739)
[2024-08-15T15:39:51.969+0000][11487.914s][info][gc,heap     ] GC(2591) Survivor regions: 7->8(94)
[2024-08-15T15:39:51.969+0000][11487.914s][info][gc,heap     ] GC(2591) Old regions: 462->462
[2024-08-15T15:39:51.969+0000][11487.914s][info][gc,heap     ] GC(2591) Archive regions: 2->2
[2024-08-15T15:39:51.969+0000][11487.914s][info][gc,heap     ] GC(2591) Humongous regions: 6->6
[2024-08-15T15:39:51.969+0000][11487.914s][info][gc,metaspace] GC(2591) Metaspace: 442264K(448768K)->442264K(448768K) NonClass: 387374K(391040K)->387374K(391040K) Class: 54890K(57728K)->54890K(57728K)
[2024-08-15T15:39:51.969+0000][11487.914s][info][gc          ] GC(2591) Pause Young (Concurrent Start) (G1 Evacuation Pause) 9711M->3802M(12288M) 16.120ms
[2024-08-15T15:39:51.969+0000][11487.914s][info][gc,cpu      ] GC(2591) User=0.09s Sys=0.00s Real=0.02s
[2024-08-15T15:39:51.969+0000][11487.914s][info][gc          ] GC(2592) Concurrent Mark Cycle
[2024-08-15T15:39:51.969+0000][11487.914s][info][gc,marking  ] GC(2592) Concurrent Clear Claimed Marks
[2024-08-15T15:39:51.970+0000][11487.914s][info][gc,marking  ] GC(2592) Concurrent Clear Claimed Marks 0.349ms
[2024-08-15T15:39:51.970+0000][11487.914s][info][gc,marking  ] GC(2592) Concurrent Scan Root Regions
[2024-08-15T15:39:51.983+0000][11487.927s][info][gc,marking  ] GC(2592) Concurrent Scan Root Regions 12.964ms
[2024-08-15T15:39:51.983+0000][11487.927s][info][gc,marking  ] GC(2592) Concurrent Mark
[2024-08-15T15:39:51.983+0000][11487.927s][info][gc,marking  ] GC(2592) Concurrent Mark From Roots
[2024-08-15T15:39:51.983+0000][11487.927s][info][gc,task     ] GC(2592) Using 2 workers of 2 for marking
[2024-08-15T15:39:54.916+0000][11490.861s][info][gc,marking  ] GC(2592) Concurrent Mark From Roots 2933.539ms
[2024-08-15T15:39:54.916+0000][11490.861s][info][gc,marking  ] GC(2592) Concurrent Preclean
[2024-08-15T15:39:54.918+0000][11490.863s][info][gc,marking  ] GC(2592) Concurrent Preclean 2.098ms
[2024-08-15T15:39:54.918+0000][11490.863s][info][gc,start    ] GC(2592) Pause Remark
[2024-08-15T15:39:54.942+0000][11490.886s][info][gc          ] GC(2592) Pause Remark 6822M->6822M(12288M) 23.424ms
[2024-08-15T15:39:54.942+0000][11490.886s][info][gc,cpu      ] GC(2592) User=0.09s Sys=0.00s Real=0.02s
[2024-08-15T15:39:54.942+0000][11490.887s][info][gc,marking  ] GC(2592) Concurrent Mark 2959.488ms
[2024-08-15T15:39:54.942+0000][11490.887s][info][gc,marking  ] GC(2592) Concurrent Rebuild Remembered Sets
[2024-08-15T15:39:56.774+0000][11492.719s][info][gc,marking  ] GC(2592) Concurrent Rebuild Remembered Sets 1832.416ms
[2024-08-15T15:39:56.775+0000][11492.719s][info][gc,start    ] GC(2592) Pause Cleanup
[2024-08-15T15:39:56.775+0000][11492.720s][info][gc          ] GC(2592) Pause Cleanup 8758M->8758M(12288M) 0.545ms
[2024-08-15T15:39:56.775+0000][11492.720s][info][gc,cpu      ] GC(2592) User=0.00s Sys=0.00s Real=0.01s
[2024-08-15T15:39:56.775+0000][11492.720s][info][gc,marking  ] GC(2592) Concurrent Cleanup for Next Mark
[2024-08-15T15:39:56.804+0000][11492.748s][info][gc,marking  ] GC(2592) Concurrent Cleanup for Next Mark 28.442ms
[2024-08-15T15:39:56.804+0000][11492.748s][info][gc          ] GC(2592) Concurrent Mark Cycle 4834.706ms
[2024-08-15T15:39:57.568+0000][11493.512s][info][gc,start    ] GC(2593) Pause Young (Prepare Mixed) (G1 Evacuation Pause)
[2024-08-15T15:39:57.568+0000][11493.512s][info][gc,task     ] GC(2593) Using 6 workers of 6 for evacuation
[2024-08-15T15:39:57.589+0000][11493.534s][info][gc,phases   ] GC(2593)   Pre Evacuate Collection Set: 0.2ms
[2024-08-15T15:39:57.589+0000][11493.534s][info][gc,phases   ] GC(2593)   Merge Heap Roots: 0.3ms
[2024-08-15T15:39:57.589+0000][11493.534s][info][gc,phases   ] GC(2593)   Evacuate Collection Set: 19.0ms
[2024-08-15T15:39:57.589+0000][11493.534s][info][gc,phases   ] GC(2593)   Post Evacuate Collection Set: 1.7ms
[2024-08-15T15:39:57.589+0000][11493.534s][info][gc,phases   ] GC(2593)   Other: 0.2ms
[2024-08-15T15:39:57.589+0000][11493.534s][info][gc,heap     ] GC(2593) Eden regions: 739->0(66)
[2024-08-15T15:39:57.589+0000][11493.534s][info][gc,heap     ] GC(2593) Survivor regions: 8->10(94)
[2024-08-15T15:39:57.589+0000][11493.534s][info][gc,heap     ] GC(2593) Old regions: 462->462
[2024-08-15T15:39:57.589+0000][11493.534s][info][gc,heap     ] GC(2593) Archive regions: 2->2
[2024-08-15T15:39:57.589+0000][11493.534s][info][gc,heap     ] GC(2593) Humongous regions: 6->6
[2024-08-15T15:39:57.589+0000][11493.534s][info][gc,metaspace] GC(2593) Metaspace: 442264K(448768K)->442264K(448768K) NonClass: 387374K(391040K)->387374K(391040K) Class: 54890K(57728K)->54890K(57728K)
[2024-08-15T15:39:57.589+0000][11493.534s][info][gc          ] GC(2593) Pause Young (Prepare Mixed) (G1 Evacuation Pause) 9714M->3823M(12288M) 21.511ms
[2024-08-15T15:39:57.589+0000][11493.534s][info][gc,cpu      ] GC(2593) User=0.12s Sys=0.00s Real=0.02s
[2024-08-15T15:39:57.998+0000][11493.943s][info][gc,start    ] GC(2594) Pause Young (Mixed) (G1 Evacuation Pause)
[2024-08-15T15:39:57.998+0000][11493.943s][info][gc,task     ] GC(2594) Using 6 workers of 6 for evacuation
[2024-08-15T15:39:58.053+0000][11493.998s][info][gc,phases   ] GC(2594)   Pre Evacuate Collection Set: 0.2ms
[2024-08-15T15:39:58.053+0000][11493.998s][info][gc,phases   ] GC(2594)   Merge Heap Roots: 0.4ms
[2024-08-15T15:39:58.053+0000][11493.998s][info][gc,phases   ] GC(2594)   Evacuate Collection Set: 53.4ms
[2024-08-15T15:39:58.053+0000][11493.998s][info][gc,phases   ] GC(2594)   Post Evacuate Collection Set: 1.3ms
[2024-08-15T15:39:58.053+0000][11493.998s][info][gc,phases   ] GC(2594)   Other: 0.2ms
[2024-08-15T15:39:58.053+0000][11493.998s][info][gc,heap     ] GC(2594) Eden regions: 66->0(741)
[2024-08-15T15:39:58.053+0000][11493.998s][info][gc,heap     ] GC(2594) Survivor regions: 10->4(10)
[2024-08-15T15:39:58.053+0000][11493.998s][info][gc,heap     ] GC(2594) Old regions: 462->463
[2024-08-15T15:39:58.053+0000][11493.998s][info][gc,heap     ] GC(2594) Archive regions: 2->2
[2024-08-15T15:39:58.053+0000][11493.998s][info][gc,heap     ] GC(2594) Humongous regions: 6->6
[2024-08-15T15:39:58.053+0000][11493.998s][info][gc,metaspace] GC(2594) Metaspace: 442264K(448768K)->442264K(448768K) NonClass: 387374K(391040K)->387374K(391040K) Class: 54890K(57728K)->54890K(57728K)
[2024-08-15T15:39:58.053+0000][11493.998s][info][gc          ] GC(2594) Pause Young (Mixed) (G1 Evacuation Pause) 4351M->3779M(12288M) 55.500ms
[2024-08-15T15:39:58.053+0000][11493.998s][info][gc,cpu      ] GC(2594) User=0.33s Sys=0.00s Real=0.05s
[2024-08-15T15:40:02.987+0000][11498.932s][info][gc,start    ] GC(2595) Pause Young (Normal) (G1 Evacuation Pause)
[2024-08-15T15:40:02.987+0000][11498.932s][info][gc,task     ] GC(2595) Using 6 workers of 6 for evacuation
[2024-08-15T15:40:03.001+0000][11498.946s][info][gc,phases   ] GC(2595)   Pre Evacuate Collection Set: 0.2ms
[2024-08-15T15:40:03.001+0000][11498.946s][info][gc,phases   ] GC(2595)   Merge Heap Roots: 0.3ms
[2024-08-15T15:40:03.001+0000][11498.946s][info][gc,phases   ] GC(2595)   Evacuate Collection Set: 11.7ms
[2024-08-15T15:40:03.001+0000][11498.946s][info][gc,phases   ] GC(2595)   Post Evacuate Collection Set: 1.8ms
[2024-08-15T15:40:03.001+0000][11498.946s][info][gc,phases   ] GC(2595)   Other: 0.2ms
[2024-08-15T15:40:03.001+0000][11498.946s][info][gc,heap     ] GC(2595) Eden regions: 741->0(739)
[2024-08-15T15:40:03.001+0000][11498.946s][info][gc,heap     ] GC(2595) Survivor regions: 4->6(94)
[2024-08-15T15:40:03.001+0000][11498.946s][info][gc,heap     ] GC(2595) Old regions: 463->463
[2024-08-15T15:40:03.001+0000][11498.946s][info][gc,heap     ] GC(2595) Archive regions: 2->2
[2024-08-15T15:40:03.001+0000][11498.946s][info][gc,heap     ] GC(2595) Humongous regions: 6->6
[2024-08-15T15:40:03.001+0000][11498.946s][info][gc,metaspace] GC(2595) Metaspace: 442266K(448768K)->442266K(448768K) NonClass: 387375K(391040K)->387375K(391040K) Class: 54890K(57728K)->54890K(57728K)
[2024-08-15T15:40:03.001+0000][11498.946s][info][gc          ] GC(2595) Pause Young (Normal) (G1 Evacuation Pause) 9707M->3794M(12288M) 14.185ms
[2024-08-15T15:40:03.001+0000][11498.946s][info][gc,cpu      ] GC(2595) User=0.08s Sys=0.01s Real=0.01s
[2024-08-15T15:40:07.931+0000][11503.875s][info][gc,start    ] GC(2596) Pause Young (Normal) (G1 Evacuation Pause)
[2024-08-15T15:40:07.931+0000][11503.875s][info][gc,task     ] GC(2596) Using 6 workers of 6 for evacuation
[2024-08-15T15:40:07.947+0000][11503.892s][info][gc,phases   ] GC(2596)   Pre Evacuate Collection Set: 0.2ms
[2024-08-15T15:40:07.947+0000][11503.892s][info][gc,phases   ] GC(2596)   Merge Heap Roots: 0.3ms
[2024-08-15T15:40:07.947+0000][11503.892s][info][gc,phases   ] GC(2596)   Evacuate Collection Set: 14.1ms
[2024-08-15T15:40:07.947+0000][11503.892s][info][gc,phases   ] GC(2596)   Post Evacuate Collection Set: 1.7ms
[2024-08-15T15:40:07.947+0000][11503.892s][info][gc,phases   ] GC(2596)   Other: 0.2ms
[2024-08-15T15:40:07.947+0000][11503.892s][info][gc,heap     ] GC(2596) Eden regions: 739->0(737)
[2024-08-15T15:40:07.947+0000][11503.892s][info][gc,heap     ] GC(2596) Survivor regions: 6->8(94)
[2024-08-15T15:40:07.947+0000][11503.892s][info][gc,heap     ] GC(2596) Old regions: 463->463
[2024-08-15T15:40:07.947+0000][11503.892s][info][gc,heap     ] GC(2596) Archive regions: 2->2
[2024-08-15T15:40:07.947+0000][11503.892s][info][gc,heap     ] GC(2596) Humongous regions: 6->6
[2024-08-15T15:40:07.947+0000][11503.892s][info][gc,metaspace] GC(2596) Metaspace: 442266K(448768K)->442266K(448768K) NonClass: 387375K(391040K)->387375K(391040K) Class: 54890K(57728K)->54890K(57728K)
[2024-08-15T15:40:07.947+0000][11503.892s][info][gc          ] GC(2596) Pause Young (Normal) (G1 Evacuation Pause) 9706M->3811M(12288M) 16.529ms
[2024-08-15T15:40:07.947+0000][11503.892s][info][gc,cpu      ] GC(2596) User=0.09s Sys=0.00s Real=0.02s
[2024-08-15T15:40:12.348+0000][11508.292s][info][gc,start    ] GC(2597) Pause Young (Concurrent Start) (G1 Evacuation Pause)
[2024-08-15T15:40:12.348+0000][11508.293s][info][gc,task     ] GC(2597) Using 6 workers of 6 for evacuation
[2024-08-15T15:40:12.366+0000][11508.310s][info][gc,phases   ] GC(2597)   Pre Evacuate Collection Set: 0.6ms
[2024-08-15T15:40:12.366+0000][11508.310s][info][gc,phases   ] GC(2597)   Merge Heap Roots: 0.2ms
[2024-08-15T15:40:12.366+0000][11508.310s][info][gc,phases   ] GC(2597)   Evacuate Collection Set: 15.2ms
[2024-08-15T15:40:12.366+0000][11508.310s][info][gc,phases   ] GC(2597)   Post Evacuate Collection Set: 1.7ms
[2024-08-15T15:40:12.366+0000][11508.310s][info][gc,phases   ] GC(2597)   Other: 0.3ms
[2024-08-15T15:40:12.366+0000][11508.310s][info][gc,heap     ] GC(2597) Eden regions: 737->0(740)
[2024-08-15T15:40:12.366+0000][11508.310s][info][gc,heap     ] GC(2597) Survivor regions: 8->6(94)
[2024-08-15T15:40:12.366+0000][11508.310s][info][gc,heap     ] GC(2597) Old regions: 463->463
[2024-08-15T15:40:12.366+0000][11508.310s][info][gc,heap     ] GC(2597) Archive regions: 2->2
[2024-08-15T15:40:12.366+0000][11508.310s][info][gc,heap     ] GC(2597) Humongous regions: 6->6
[2024-08-15T15:40:12.366+0000][11508.310s][info][gc,metaspace] GC(2597) Metaspace: 442279K(448768K)->442279K(448768K) NonClass: 387389K(391040K)->387389K(391040K) Class: 54890K(57728K)->54890K(57728K)
[2024-08-15T15:40:12.366+0000][11508.310s][info][gc          ] GC(2597) Pause Young (Concurrent Start) (G1 Evacuation Pause) 9707M->3797M(12288M) 18.007ms
[2024-08-15T15:40:12.366+0000][11508.311s][info][gc,cpu      ] GC(2597) User=0.11s Sys=0.00s Real=0.02s
[2024-08-15T15:40:12.366+0000][11508.311s][info][gc          ] GC(2598) Concurrent Mark Cycle
[2024-08-15T15:40:12.366+0000][11508.311s][info][gc,marking  ] GC(2598) Concurrent Clear Claimed Marks
[2024-08-15T15:40:12.366+0000][11508.311s][info][gc,marking  ] GC(2598) Concurrent Clear Claimed Marks 0.366ms
[2024-08-15T15:40:12.366+0000][11508.311s][info][gc,marking  ] GC(2598) Concurrent Scan Root Regions
[2024-08-15T15:40:12.400+0000][11508.345s][info][gc,marking  ] GC(2598) Concurrent Scan Root Regions 33.715ms
[2024-08-15T15:40:12.400+0000][11508.345s][info][gc,marking  ] GC(2598) Concurrent Mark
[2024-08-15T15:40:12.400+0000][11508.345s][info][gc,marking  ] GC(2598) Concurrent Mark From Roots
[2024-08-15T15:40:12.400+0000][11508.345s][info][gc,task     ] GC(2598) Using 2 workers of 2 for marking
[2024-08-15T15:40:15.324+0000][11511.269s][info][gc,marking  ] GC(2598) Concurrent Mark From Roots 2924.064ms
[2024-08-15T15:40:15.324+0000][11511.269s][info][gc,marking  ] GC(2598) Concurrent Preclean
[2024-08-15T15:40:15.325+0000][11511.270s][info][gc,marking  ] GC(2598) Concurrent Preclean 1.275ms
[2024-08-15T15:40:15.326+0000][11511.270s][info][gc,start    ] GC(2598) Pause Remark
[2024-08-15T15:40:15.349+0000][11511.294s][info][gc          ] GC(2598) Pause Remark 6825M->6825M(12288M) 23.437ms
[2024-08-15T15:40:15.349+0000][11511.294s][info][gc,cpu      ] GC(2598) User=0.10s Sys=0.00s Real=0.02s
[2024-08-15T15:40:15.349+0000][11511.294s][info][gc,marking  ] GC(2598) Concurrent Mark 2949.120ms
[2024-08-15T15:40:15.349+0000][11511.294s][info][gc,marking  ] GC(2598) Concurrent Rebuild Remembered Sets
[2024-08-15T15:40:17.166+0000][11513.111s][info][gc,marking  ] GC(2598) Concurrent Rebuild Remembered Sets 1816.801ms
[2024-08-15T15:40:17.166+0000][11513.111s][info][gc,start    ] GC(2598) Pause Cleanup
[2024-08-15T15:40:17.167+0000][11513.111s][info][gc          ] GC(2598) Pause Cleanup 8865M->8865M(12288M) 0.505ms
[2024-08-15T15:40:17.167+0000][11513.111s][info][gc,cpu      ] GC(2598) User=0.00s Sys=0.00s Real=0.00s
[2024-08-15T15:40:17.167+0000][11513.111s][info][gc,marking  ] GC(2598) Concurrent Cleanup for Next Mark
[2024-08-15T15:40:17.195+0000][11513.139s][info][gc,marking  ] GC(2598) Concurrent Cleanup for Next Mark 27.965ms
[2024-08-15T15:40:17.195+0000][11513.139s][info][gc          ] GC(2598) Concurrent Mark Cycle 4828.871ms
[2024-08-15T15:40:17.895+0000][11513.839s][info][gc,start    ] GC(2599) Pause Young (Prepare Mixed) (G1 Evacuation Pause)
[2024-08-15T15:40:17.895+0000][11513.839s][info][gc,task     ] GC(2599) Using 6 workers of 6 for evacuation
[2024-08-15T15:40:17.915+0000][11513.860s][info][gc,phases   ] GC(2599)   Pre Evacuate Collection Set: 0.2ms
[2024-08-15T15:40:17.915+0000][11513.860s][info][gc,phases   ] GC(2599)   Merge Heap Roots: 0.4ms
[2024-08-15T15:40:17.915+0000][11513.860s][info][gc,phases   ] GC(2599)   Evacuate Collection Set: 18.3ms
[2024-08-15T15:40:17.915+0000][11513.860s][info][gc,phases   ] GC(2599)   Post Evacuate Collection Set: 1.8ms
[2024-08-15T15:40:17.915+0000][11513.860s][info][gc,phases   ] GC(2599)   Other: 0.2ms
[2024-08-15T15:40:17.915+0000][11513.860s][info][gc,heap     ] GC(2599) Eden regions: 740->0(68)
[2024-08-15T15:40:17.915+0000][11513.860s][info][gc,heap     ] GC(2599) Survivor regions: 6->8(94)
[2024-08-15T15:40:17.915+0000][11513.860s][info][gc,heap     ] GC(2599) Old regions: 463->463
[2024-08-15T15:40:17.915+0000][11513.860s][info][gc,heap     ] GC(2599) Archive regions: 2->2
[2024-08-15T15:40:17.915+0000][11513.860s][info][gc,heap     ] GC(2599) Humongous regions: 6->6
[2024-08-15T15:40:17.915+0000][11513.860s][info][gc,metaspace] GC(2599) Metaspace: 442279K(448768K)->442279K(448768K) NonClass: 387389K(391040K)->387389K(391040K) Class: 54890K(57728K)->54890K(57728K)
[2024-08-15T15:40:17.916+0000][11513.860s][info][gc          ] GC(2599) Pause Young (Prepare Mixed) (G1 Evacuation Pause) 9717M->3813M(12288M) 20.873ms
[2024-08-15T15:40:17.916+0000][11513.860s][info][gc,cpu      ] GC(2599) User=0.12s Sys=0.00s Real=0.03s
[2024-08-15T15:40:18.353+0000][11514.298s][info][gc,start    ] GC(2600) Pause Young (Mixed) (G1 Evacuation Pause)
[2024-08-15T15:40:18.353+0000][11514.298s][info][gc,task     ] GC(2600) Using 6 workers of 6 for evacuation
[2024-08-15T15:40:18.401+0000][11514.345s][info][gc,phases   ] GC(2600)   Pre Evacuate Collection Set: 0.2ms
[2024-08-15T15:40:18.401+0000][11514.345s][info][gc,phases   ] GC(2600)   Merge Heap Roots: 0.4ms
[2024-08-15T15:40:18.401+0000][11514.345s][info][gc,phases   ] GC(2600)   Evacuate Collection Set: 45.4ms
[2024-08-15T15:40:18.401+0000][11514.345s][info][gc,phases   ] GC(2600)   Post Evacuate Collection Set: 1.3ms
[2024-08-15T15:40:18.401+0000][11514.345s][info][gc,phases   ] GC(2600)   Other: 0.2ms
[2024-08-15T15:40:18.401+0000][11514.345s][info][gc,heap     ] GC(2600) Eden regions: 68->0(743)
[2024-08-15T15:40:18.401+0000][11514.345s][info][gc,heap     ] GC(2600) Survivor regions: 8->6(10)
[2024-08-15T15:40:18.401+0000][11514.345s][info][gc,heap     ] GC(2600) Old regions: 463->460
[2024-08-15T15:40:18.401+0000][11514.345s][info][gc,heap     ] GC(2600) Archive regions: 2->2
[2024-08-15T15:40:18.401+0000][11514.345s][info][gc,heap     ] GC(2600) Humongous regions: 6->6
[2024-08-15T15:40:18.401+0000][11514.345s][info][gc,metaspace] GC(2600) Metaspace: 442279K(448768K)->442279K(448768K) NonClass: 387389K(391040K)->387389K(391040K) Class: 54890K(57728K)->54890K(57728K)
[2024-08-15T15:40:18.401+0000][11514.345s][info][gc          ] GC(2600) Pause Young (Mixed) (G1 Evacuation Pause) 4357M->3768M(12288M) 47.480ms
[2024-08-15T15:40:18.401+0000][11514.345s][info][gc,cpu      ] GC(2600) User=0.28s Sys=0.00s Real=0.05s
[2024-08-15T15:40:23.340+0000][11519.284s][info][gc,start    ] GC(2601) Pause Young (Normal) (G1 Evacuation Pause)
[2024-08-15T15:40:23.340+0000][11519.284s][info][gc,task     ] GC(2601) Using 6 workers of 6 for evacuation
[2024-08-15T15:40:23.353+0000][11519.298s][info][gc,phases   ] GC(2601)   Pre Evacuate Collection Set: 0.2ms
[2024-08-15T15:40:23.353+0000][11519.298s][info][gc,phases   ] GC(2601)   Merge Heap Roots: 0.2ms
[2024-08-15T15:40:23.353+0000][11519.298s][info][gc,phases   ] GC(2601)   Evacuate Collection Set: 11.1ms
[2024-08-15T15:40:23.353+0000][11519.298s][info][gc,phases   ] GC(2601)   Post Evacuate Collection Set: 1.7ms
[2024-08-15T15:40:23.353+0000][11519.298s][info][gc,phases   ] GC(2601)   Other: 0.2ms
[2024-08-15T15:40:23.353+0000][11519.298s][info][gc,heap     ] GC(2601) Eden regions: 743->0(740)
[2024-08-15T15:40:23.353+0000][11519.298s][info][gc,heap     ] GC(2601) Survivor regions: 6->8(94)
[2024-08-15T15:40:23.353+0000][11519.298s][info][gc,heap     ] GC(2601) Old regions: 460->460
[2024-08-15T15:40:23.353+0000][11519.298s][info][gc,heap     ] GC(2601) Archive regions: 2->2
[2024-08-15T15:40:23.353+0000][11519.298s][info][gc,heap     ] GC(2601) Humongous regions: 6->6
[2024-08-15T15:40:23.353+0000][11519.298s][info][gc,metaspace] GC(2601) Metaspace: 442279K(448768K)->442279K(448768K) NonClass: 387389K(391040K)->387389K(391040K) Class: 54890K(57728K)->54890K(57728K)
[2024-08-15T15:40:23.353+0000][11519.298s][info][gc          ] GC(2601) Pause Young (Normal) (G1 Evacuation Pause) 9712M->3785M(12288M) 13.451ms
[2024-08-15T15:40:23.353+0000][11519.298s][info][gc,cpu      ] GC(2601) User=0.08s Sys=0.00s Real=0.01s
[2024-08-15T15:40:28.367+0000][11524.312s][info][gc,start    ] GC(2602) Pause Young (Normal) (G1 Evacuation Pause)
[2024-08-15T15:40:28.367+0000][11524.312s][info][gc,task     ] GC(2602) Using 6 workers of 6 for evacuation
[2024-08-15T15:40:28.382+0000][11524.327s][info][gc,phases   ] GC(2602)   Pre Evacuate Collection Set: 0.2ms
[2024-08-15T15:40:28.382+0000][11524.327s][info][gc,phases   ] GC(2602)   Merge Heap Roots: 0.2ms
[2024-08-15T15:40:28.382+0000][11524.327s][info][gc,phases   ] GC(2602)   Evacuate Collection Set: 13.0ms
[2024-08-15T15:40:28.382+0000][11524.327s][info][gc,phases   ] GC(2602)   Post Evacuate Collection Set: 1.7ms
[2024-08-15T15:40:28.382+0000][11524.327s][info][gc,phases   ] GC(2602)   Other: 0.2ms
[2024-08-15T15:40:28.382+0000][11524.327s][info][gc,heap     ] GC(2602) Eden regions: 740->0(741)
[2024-08-15T15:40:28.382+0000][11524.327s][info][gc,heap     ] GC(2602) Survivor regions: 8->8(94)
[2024-08-15T15:40:28.382+0000][11524.327s][info][gc,heap     ] GC(2602) Old regions: 460->460
[2024-08-15T15:40:28.382+0000][11524.327s][info][gc,heap     ] GC(2602) Archive regions: 2->2
[2024-08-15T15:40:28.382+0000][11524.327s][info][gc,heap     ] GC(2602) Humongous regions: 6->6
[2024-08-15T15:40:28.382+0000][11524.327s][info][gc,metaspace] GC(2602) Metaspace: 442279K(448768K)->442279K(448768K) NonClass: 387389K(391040K)->387389K(391040K) Class: 54890K(57728K)->54890K(57728K)
[2024-08-15T15:40:28.382+0000][11524.327s][info][gc          ] GC(2602) Pause Young (Normal) (G1 Evacuation Pause) 9705M->3786M(12288M) 15.320ms
[2024-08-15T15:40:28.382+0000][11524.327s][info][gc,cpu      ] GC(2602) User=0.09s Sys=0.00s Real=0.01s
[2024-08-15T15:40:33.350+0000][11529.294s][info][gc,start    ] GC(2603) Pause Young (Concurrent Start) (G1 Evacuation Pause)
[2024-08-15T15:40:33.350+0000][11529.294s][info][gc,task     ] GC(2603) Using 6 workers of 6 for evacuation
[2024-08-15T15:40:33.369+0000][11529.313s][info][gc,phases   ] GC(2603)   Pre Evacuate Collection Set: 0.5ms
[2024-08-15T15:40:33.369+0000][11529.313s][info][gc,phases   ] GC(2603)   Merge Heap Roots: 0.2ms
[2024-08-15T15:40:33.369+0000][11529.313s][info][gc,phases   ] GC(2603)   Evacuate Collection Set: 16.3ms
[2024-08-15T15:40:33.369+0000][11529.313s][info][gc,phases   ] GC(2603)   Post Evacuate Collection Set: 1.8ms
[2024-08-15T15:40:33.369+0000][11529.313s][info][gc,phases   ] GC(2603)   Other: 0.3ms
[2024-08-15T15:40:33.369+0000][11529.313s][info][gc,heap     ] GC(2603) Eden regions: 741->0(739)
[2024-08-15T15:40:33.369+0000][11529.313s][info][gc,heap     ] GC(2603) Survivor regions: 8->10(94)
[2024-08-15T15:40:33.369+0000][11529.313s][info][gc,heap     ] GC(2603) Old regions: 460->460
[2024-08-15T15:40:33.369+0000][11529.313s][info][gc,heap     ] GC(2603) Archive regions: 2->2
[2024-08-15T15:40:33.369+0000][11529.313s][info][gc,heap     ] GC(2603) Humongous regions: 6->6
[2024-08-15T15:40:33.369+0000][11529.313s][info][gc,metaspace] GC(2603) Metaspace: 442281K(448768K)->442281K(448768K) NonClass: 387390K(391040K)->387390K(391040K) Class: 54890K(57728K)->54890K(57728K)
[2024-08-15T15:40:33.369+0000][11529.314s][info][gc          ] GC(2603) Pause Young (Concurrent Start) (G1 Evacuation Pause) 9714M->3802M(12288M) 19.151ms
[2024-08-15T15:40:33.369+0000][11529.314s][info][gc,cpu      ] GC(2603) User=0.11s Sys=0.00s Real=0.02s
[2024-08-15T15:40:33.369+0000][11529.314s][info][gc          ] GC(2604) Concurrent Mark Cycle
[2024-08-15T15:40:33.369+0000][11529.314s][info][gc,marking  ] GC(2604) Concurrent Clear Claimed Marks
[2024-08-15T15:40:33.369+0000][11529.314s][info][gc,marking  ] GC(2604) Concurrent Clear Claimed Marks 0.365ms
[2024-08-15T15:40:33.369+0000][11529.314s][info][gc,marking  ] GC(2604) Concurrent Scan Root Regions
[2024-08-15T15:40:33.385+0000][11529.330s][info][gc,marking  ] GC(2604) Concurrent Scan Root Regions 16.044ms
[2024-08-15T15:40:33.385+0000][11529.330s][info][gc,marking  ] GC(2604) Concurrent Mark
[2024-08-15T15:40:33.385+0000][11529.330s][info][gc,marking  ] GC(2604) Concurrent Mark From Roots
[2024-08-15T15:40:33.385+0000][11529.330s][info][gc,task     ] GC(2604) Using 2 workers of 2 for marking
[2024-08-15T15:40:36.467+0000][11532.412s][info][gc,marking  ] GC(2604) Concurrent Mark From Roots 3081.998ms
[2024-08-15T15:40:36.468+0000][11532.412s][info][gc,marking  ] GC(2604) Concurrent Preclean
[2024-08-15T15:40:36.469+0000][11532.414s][info][gc,marking  ] GC(2604) Concurrent Preclean 1.759ms
[2024-08-15T15:40:36.469+0000][11532.414s][info][gc,start    ] GC(2604) Pause Remark
[2024-08-15T15:40:36.493+0000][11532.438s][info][gc          ] GC(2604) Pause Remark 7090M->7090M(12288M) 23.623ms
[2024-08-15T15:40:36.493+0000][11532.438s][info][gc,cpu      ] GC(2604) User=0.10s Sys=0.00s Real=0.02s
[2024-08-15T15:40:36.493+0000][11532.438s][info][gc,marking  ] GC(2604) Concurrent Mark 3107.818ms
[2024-08-15T15:40:36.493+0000][11532.438s][info][gc,marking  ] GC(2604) Concurrent Rebuild Remembered Sets
[2024-08-15T15:40:38.285+0000][11534.230s][info][gc,marking  ] GC(2604) Concurrent Rebuild Remembered Sets 1792.042ms
[2024-08-15T15:40:38.285+0000][11534.230s][info][gc,start    ] GC(2604) Pause Cleanup
[2024-08-15T15:40:38.286+0000][11534.231s][info][gc          ] GC(2604) Pause Cleanup 9062M->9062M(12288M) 0.510ms
[2024-08-15T15:40:38.286+0000][11534.231s][info][gc,cpu      ] GC(2604) User=0.01s Sys=0.00s Real=0.00s
[2024-08-15T15:40:38.286+0000][11534.231s][info][gc,marking  ] GC(2604) Concurrent Cleanup for Next Mark
[2024-08-15T15:40:38.303+0000][11534.248s][info][gc,marking  ] GC(2604) Concurrent Cleanup for Next Mark 17.141ms
[2024-08-15T15:40:38.303+0000][11534.248s][info][gc          ] GC(2604) Concurrent Mark Cycle 4934.357ms
[2024-08-15T15:40:38.843+0000][11534.788s][info][gc,start    ] GC(2605) Pause Young (Prepare Mixed) (G1 Evacuation Pause)
[2024-08-15T15:40:38.843+0000][11534.788s][info][gc,task     ] GC(2605) Using 6 workers of 6 for evacuation
[2024-08-15T15:40:38.864+0000][11534.809s][info][gc,phases   ] GC(2605)   Pre Evacuate Collection Set: 0.2ms
[2024-08-15T15:40:38.864+0000][11534.809s][info][gc,phases   ] GC(2605)   Merge Heap Roots: 0.3ms
[2024-08-15T15:40:38.864+0000][11534.809s][info][gc,phases   ] GC(2605)   Evacuate Collection Set: 18.3ms
[2024-08-15T15:40:38.864+0000][11534.809s][info][gc,phases   ] GC(2605)   Post Evacuate Collection Set: 1.7ms
[2024-08-15T15:40:38.864+0000][11534.809s][info][gc,phases   ] GC(2605)   Other: 0.2ms
[2024-08-15T15:40:38.864+0000][11534.809s][info][gc,heap     ] GC(2605) Eden regions: 739->0(66)
[2024-08-15T15:40:38.864+0000][11534.809s][info][gc,heap     ] GC(2605) Survivor regions: 10->10(94)
[2024-08-15T15:40:38.864+0000][11534.809s][info][gc,heap     ] GC(2605) Old regions: 460->460
[2024-08-15T15:40:38.864+0000][11534.809s][info][gc,heap     ] GC(2605) Archive regions: 2->2
[2024-08-15T15:40:38.864+0000][11534.809s][info][gc,heap     ] GC(2605) Humongous regions: 6->6
[2024-08-15T15:40:38.864+0000][11534.809s][info][gc,metaspace] GC(2605) Metaspace: 442293K(448832K)->442293K(448832K) NonClass: 387403K(391104K)->387403K(391104K) Class: 54890K(57728K)->54890K(57728K)
[2024-08-15T15:40:38.864+0000][11534.809s][info][gc          ] GC(2605) Pause Young (Prepare Mixed) (G1 Evacuation Pause) 9714M->3803M(12288M) 20.820ms
[2024-08-15T15:40:38.864+0000][11534.809s][info][gc,cpu      ] GC(2605) User=0.12s Sys=0.00s Real=0.02s
[2024-08-15T15:40:39.313+0000][11535.258s][info][gc,start    ] GC(2606) Pause Young (Mixed) (G1 Evacuation Pause)
[2024-08-15T15:40:39.313+0000][11535.258s][info][gc,task     ] GC(2606) Using 6 workers of 6 for evacuation
[2024-08-15T15:40:39.384+0000][11535.328s][info][gc,phases   ] GC(2606)   Pre Evacuate Collection Set: 0.2ms
[2024-08-15T15:40:39.384+0000][11535.328s][info][gc,phases   ] GC(2606)   Merge Heap Roots: 0.6ms
[2024-08-15T15:40:39.384+0000][11535.328s][info][gc,phases   ] GC(2606)   Evacuate Collection Set: 67.8ms
[2024-08-15T15:40:39.384+0000][11535.328s][info][gc,phases   ] GC(2606)   Post Evacuate Collection Set: 1.8ms
[2024-08-15T15:40:39.384+0000][11535.328s][info][gc,phases   ] GC(2606)   Other: 0.2ms
[2024-08-15T15:40:39.384+0000][11535.328s][info][gc,heap     ] GC(2606) Eden regions: 66->0(741)
[2024-08-15T15:40:39.384+0000][11535.328s][info][gc,heap     ] GC(2606) Survivor regions: 10->6(10)
[2024-08-15T15:40:39.384+0000][11535.328s][info][gc,heap     ] GC(2606) Old regions: 460->461
[2024-08-15T15:40:39.384+0000][11535.328s][info][gc,heap     ] GC(2606) Archive regions: 2->2
[2024-08-15T15:40:39.384+0000][11535.328s][info][gc,heap     ] GC(2606) Humongous regions: 6->6
[2024-08-15T15:40:39.384+0000][11535.328s][info][gc,metaspace] GC(2606) Metaspace: 442295K(448832K)->442295K(448832K) NonClass: 387405K(391104K)->387405K(391104K) Class: 54890K(57728K)->54890K(57728K)
[2024-08-15T15:40:39.384+0000][11535.328s][info][gc          ] GC(2606) Pause Young (Mixed) (G1 Evacuation Pause) 4331M->3777M(12288M) 70.523ms
[2024-08-15T15:40:39.384+0000][11535.328s][info][gc,cpu      ] GC(2606) User=0.42s Sys=0.00s Real=0.08s
[2024-08-15T15:40:44.094+0000][11540.038s][info][gc,start    ] GC(2607) Pause Young (Normal) (G1 Evacuation Pause)
[2024-08-15T15:40:44.094+0000][11540.038s][info][gc,task     ] GC(2607) Using 6 workers of 6 for evacuation
[2024-08-15T15:40:44.109+0000][11540.053s][info][gc,phases   ] GC(2607)   Pre Evacuate Collection Set: 0.2ms
[2024-08-15T15:40:44.109+0000][11540.053s][info][gc,phases   ] GC(2607)   Merge Heap Roots: 0.2ms
[2024-08-15T15:40:44.109+0000][11540.053s][info][gc,phases   ] GC(2607)   Evacuate Collection Set: 12.9ms
[2024-08-15T15:40:44.109+0000][11540.053s][info][gc,phases   ] GC(2607)   Post Evacuate Collection Set: 1.9ms
[2024-08-15T15:40:44.109+0000][11540.053s][info][gc,phases   ] GC(2607)   Other: 0.2ms
[2024-08-15T15:40:44.109+0000][11540.053s][info][gc,heap     ] GC(2607) Eden regions: 741->0(742)
[2024-08-15T15:40:44.109+0000][11540.053s][info][gc,heap     ] GC(2607) Survivor regions: 6->6(94)
[2024-08-15T15:40:44.109+0000][11540.053s][info][gc,heap     ] GC(2607) Old regions: 461->461
[2024-08-15T15:40:44.109+0000][11540.053s][info][gc,heap     ] GC(2607) Archive regions: 2->2
[2024-08-15T15:40:44.109+0000][11540.053s][info][gc,heap     ] GC(2607) Humongous regions: 6->6
[2024-08-15T15:40:44.109+0000][11540.053s][info][gc,metaspace] GC(2607) Metaspace: 442296K(448832K)->442296K(448832K) NonClass: 387405K(391104K)->387405K(391104K) Class: 54890K(57728K)->54890K(57728K)
[2024-08-15T15:40:44.109+0000][11540.054s][info][gc          ] GC(2607) Pause Young (Normal) (G1 Evacuation Pause) 9705M->3780M(12288M) 15.383ms
[2024-08-15T15:40:44.109+0000][11540.054s][info][gc,cpu      ] GC(2607) User=0.08s Sys=0.01s Real=0.02s
[2024-08-15T15:40:47.924+0000][11543.868s][info][gc,start    ] GC(2608) Pause Young (Normal) (G1 Evacuation Pause)
[2024-08-15T15:40:47.924+0000][11543.868s][info][gc,task     ] GC(2608) Using 6 workers of 6 for evacuation
[2024-08-15T15:40:47.939+0000][11543.883s][info][gc,phases   ] GC(2608)   Pre Evacuate Collection Set: 0.2ms
[2024-08-15T15:40:47.939+0000][11543.883s][info][gc,phases   ] GC(2608)   Merge Heap Roots: 0.2ms
[2024-08-15T15:40:47.939+0000][11543.883s][info][gc,phases   ] GC(2608)   Evacuate Collection Set: 12.9ms
[2024-08-15T15:40:47.939+0000][11543.883s][info][gc,phases   ] GC(2608)   Post Evacuate Collection Set: 1.6ms
[2024-08-15T15:40:47.939+0000][11543.883s][info][gc,phases   ] GC(2608)   Other: 0.2ms
[2024-08-15T15:40:47.939+0000][11543.883s][info][gc,heap     ] GC(2608) Eden regions: 742->0(741)
[2024-08-15T15:40:47.939+0000][11543.883s][info][gc,heap     ] GC(2608) Survivor regions: 6->7(94)
[2024-08-15T15:40:47.939+0000][11543.883s][info][gc,heap     ] GC(2608) Old regions: 461->461
[2024-08-15T15:40:47.939+0000][11543.883s][info][gc,heap     ] GC(2608) Archive regions: 2->2
[2024-08-15T15:40:47.939+0000][11543.883s][info][gc,heap     ] GC(2608) Humongous regions: 6->6
[2024-08-15T15:40:47.939+0000][11543.883s][info][gc,metaspace] GC(2608) Metaspace: 442296K(448832K)->442296K(448832K) NonClass: 387405K(391104K)->387405K(391104K) Class: 54890K(57728K)->54890K(57728K)
[2024-08-15T15:40:47.939+0000][11543.884s][info][gc          ] GC(2608) Pause Young (Normal) (G1 Evacuation Pause) 9716M->3787M(12288M) 15.150ms
[2024-08-15T15:40:47.939+0000][11543.884s][info][gc,cpu      ] GC(2608) User=0.09s Sys=0.00s Real=0.01s
[2024-08-15T15:40:52.633+0000][11548.578s][info][gc,start    ] GC(2609) Pause Young (Concurrent Start) (G1 Evacuation Pause)
[2024-08-15T15:40:52.633+0000][11548.578s][info][gc,task     ] GC(2609) Using 6 workers of 6 for evacuation
[2024-08-15T15:40:52.652+0000][11548.596s][info][gc,phases   ] GC(2609)   Pre Evacuate Collection Set: 0.5ms
[2024-08-15T15:40:52.652+0000][11548.596s][info][gc,phases   ] GC(2609)   Merge Heap Roots: 0.2ms
[2024-08-15T15:40:52.652+0000][11548.596s][info][gc,phases   ] GC(2609)   Evacuate Collection Set: 16.1ms
[2024-08-15T15:40:52.652+0000][11548.596s][info][gc,phases   ] GC(2609)   Post Evacuate Collection Set: 1.7ms
[2024-08-15T15:40:52.652+0000][11548.596s][info][gc,phases   ] GC(2609)   Other: 0.3ms
[2024-08-15T15:40:52.652+0000][11548.596s][info][gc,heap     ] GC(2609) Eden regions: 741->0(740)
[2024-08-15T15:40:52.652+0000][11548.596s][info][gc,heap     ] GC(2609) Survivor regions: 7->8(94)
[2024-08-15T15:40:52.652+0000][11548.596s][info][gc,heap     ] GC(2609) Old regions: 461->461
[2024-08-15T15:40:52.652+0000][11548.596s][info][gc,heap     ] GC(2609) Archive regions: 2->2
[2024-08-15T15:40:52.652+0000][11548.596s][info][gc,heap     ] GC(2609) Humongous regions: 6->6
[2024-08-15T15:40:52.652+0000][11548.596s][info][gc,metaspace] GC(2609) Metaspace: 442296K(448832K)->442296K(448832K) NonClass: 387405K(391104K)->387405K(391104K) Class: 54890K(57728K)->54890K(57728K)
[2024-08-15T15:40:52.652+0000][11548.596s][info][gc          ] GC(2609) Pause Young (Concurrent Start) (G1 Evacuation Pause) 9715M->3799M(12288M) 18.949ms
[2024-08-15T15:40:52.652+0000][11548.596s][info][gc,cpu      ] GC(2609) User=0.11s Sys=0.00s Real=0.02s
[2024-08-15T15:40:52.652+0000][11548.597s][info][gc          ] GC(2610) Concurrent Mark Cycle
[2024-08-15T15:40:52.652+0000][11548.597s][info][gc,marking  ] GC(2610) Concurrent Clear Claimed Marks
[2024-08-15T15:40:52.652+0000][11548.597s][info][gc,marking  ] GC(2610) Concurrent Clear Claimed Marks 0.405ms
[2024-08-15T15:40:52.652+0000][11548.597s][info][gc,marking  ] GC(2610) Concurrent Scan Root Regions
[2024-08-15T15:40:52.666+0000][11548.611s][info][gc,marking  ] GC(2610) Concurrent Scan Root Regions 13.646ms
[2024-08-15T15:40:52.666+0000][11548.611s][info][gc,marking  ] GC(2610) Concurrent Mark
[2024-08-15T15:40:52.666+0000][11548.611s][info][gc,marking  ] GC(2610) Concurrent Mark From Roots
[2024-08-15T15:40:52.666+0000][11548.611s][info][gc,task     ] GC(2610) Using 2 workers of 2 for marking
[2024-08-15T15:40:55.684+0000][11551.628s][info][gc,marking  ] GC(2610) Concurrent Mark From Roots 3017.488ms
[2024-08-15T15:40:55.684+0000][11551.628s][info][gc,marking  ] GC(2610) Concurrent Preclean
[2024-08-15T15:40:55.685+0000][11551.630s][info][gc,marking  ] GC(2610) Concurrent Preclean 1.438ms
[2024-08-15T15:40:55.685+0000][11551.630s][info][gc,start    ] GC(2610) Pause Remark
[2024-08-15T15:40:55.709+0000][11551.654s][info][gc          ] GC(2610) Pause Remark 6943M->6943M(12288M) 23.697ms
[2024-08-15T15:40:55.709+0000][11551.654s][info][gc,cpu      ] GC(2610) User=0.10s Sys=0.00s Real=0.02s
[2024-08-15T15:40:55.709+0000][11551.654s][info][gc,marking  ] GC(2610) Concurrent Mark 3043.208ms
[2024-08-15T15:40:55.709+0000][11551.654s][info][gc,marking  ] GC(2610) Concurrent Rebuild Remembered Sets
[2024-08-15T15:40:57.539+0000][11553.484s][info][gc,marking  ] GC(2610) Concurrent Rebuild Remembered Sets 1829.941ms
[2024-08-15T15:40:57.539+0000][11553.484s][info][gc,start    ] GC(2610) Pause Cleanup
[2024-08-15T15:40:57.540+0000][11553.484s][info][gc          ] GC(2610) Pause Cleanup 8963M->8963M(12288M) 0.497ms
[2024-08-15T15:40:57.540+0000][11553.485s][info][gc,cpu      ] GC(2610) User=0.00s Sys=0.00s Real=0.00s
[2024-08-15T15:40:57.540+0000][11553.485s][info][gc,marking  ] GC(2610) Concurrent Cleanup for Next Mark
[2024-08-15T15:40:57.557+0000][11553.502s][info][gc,marking  ] GC(2610) Concurrent Cleanup for Next Mark 17.040ms
[2024-08-15T15:40:57.557+0000][11553.502s][info][gc          ] GC(2610) Concurrent Mark Cycle 4905.189ms
[2024-08-15T15:40:58.202+0000][11554.147s][info][gc,start    ] GC(2611) Pause Young (Prepare Mixed) (G1 Evacuation Pause)
[2024-08-15T15:40:58.202+0000][11554.147s][info][gc,task     ] GC(2611) Using 6 workers of 6 for evacuation
[2024-08-15T15:40:58.225+0000][11554.170s][info][gc,phases   ] GC(2611)   Pre Evacuate Collection Set: 0.2ms
[2024-08-15T15:40:58.225+0000][11554.170s][info][gc,phases   ] GC(2611)   Merge Heap Roots: 0.3ms
[2024-08-15T15:40:58.225+0000][11554.170s][info][gc,phases   ] GC(2611)   Evacuate Collection Set: 20.9ms
[2024-08-15T15:40:58.225+0000][11554.170s][info][gc,phases   ] GC(2611)   Post Evacuate Collection Set: 1.8ms
[2024-08-15T15:40:58.225+0000][11554.170s][info][gc,phases   ] GC(2611)   Other: 0.2ms
[2024-08-15T15:40:58.225+0000][11554.170s][info][gc,heap     ] GC(2611) Eden regions: 740->0(66)
[2024-08-15T15:40:58.225+0000][11554.170s][info][gc,heap     ] GC(2611) Survivor regions: 8->10(94)
[2024-08-15T15:40:58.225+0000][11554.170s][info][gc,heap     ] GC(2611) Old regions: 461->461
[2024-08-15T15:40:58.225+0000][11554.170s][info][gc,heap     ] GC(2611) Archive regions: 2->2
[2024-08-15T15:40:58.225+0000][11554.170s][info][gc,heap     ] GC(2611) Humongous regions: 6->6
[2024-08-15T15:40:58.225+0000][11554.170s][info][gc,metaspace] GC(2611) Metaspace: 442296K(448832K)->442296K(448832K) NonClass: 387405K(391104K)->387405K(391104K) Class: 54890K(57728K)->54890K(57728K)
[2024-08-15T15:40:58.225+0000][11554.170s][info][gc          ] GC(2611) Pause Young (Prepare Mixed) (G1 Evacuation Pause) 9719M->3815M(12288M) 23.447ms
[2024-08-15T15:40:58.225+0000][11554.170s][info][gc,cpu      ] GC(2611) User=0.14s Sys=0.00s Real=0.03s
[2024-08-15T15:40:58.570+0000][11554.514s][info][gc,start    ] GC(2612) Pause Young (Mixed) (G1 Evacuation Pause)
[2024-08-15T15:40:58.570+0000][11554.514s][info][gc,task     ] GC(2612) Using 6 workers of 6 for evacuation
[2024-08-15T15:40:58.622+0000][11554.567s][info][gc,phases   ] GC(2612)   Pre Evacuate Collection Set: 0.2ms
[2024-08-15T15:40:58.622+0000][11554.567s][info][gc,phases   ] GC(2612)   Merge Heap Roots: 0.4ms
[2024-08-15T15:40:58.622+0000][11554.567s][info][gc,phases   ] GC(2612)   Evacuate Collection Set: 50.4ms
[2024-08-15T15:40:58.622+0000][11554.567s][info][gc,phases   ] GC(2612)   Post Evacuate Collection Set: 1.2ms
[2024-08-15T15:40:58.622+0000][11554.567s][info][gc,phases   ] GC(2612)   Other: 0.2ms
[2024-08-15T15:40:58.622+0000][11554.567s][info][gc,heap     ] GC(2612) Eden regions: 66->0(744)
[2024-08-15T15:40:58.622+0000][11554.567s][info][gc,heap     ] GC(2612) Survivor regions: 10->4(10)
[2024-08-15T15:40:58.622+0000][11554.567s][info][gc,heap     ] GC(2612) Old regions: 461->461
[2024-08-15T15:40:58.622+0000][11554.567s][info][gc,heap     ] GC(2612) Archive regions: 2->2
[2024-08-15T15:40:58.622+0000][11554.567s][info][gc,heap     ] GC(2612) Humongous regions: 6->6
[2024-08-15T15:40:58.622+0000][11554.567s][info][gc,metaspace] GC(2612) Metaspace: 442296K(448832K)->442296K(448832K) NonClass: 387405K(391104K)->387405K(391104K) Class: 54890K(57728K)->54890K(57728K)
[2024-08-15T15:40:58.622+0000][11554.567s][info][gc          ] GC(2612) Pause Young (Mixed) (G1 Evacuation Pause) 4343M->3765M(12288M) 52.433ms
[2024-08-15T15:40:58.622+0000][11554.567s][info][gc,cpu      ] GC(2612) User=0.31s Sys=0.00s Real=0.05s
[2024-08-15T15:41:03.616+0000][11559.561s][info][gc,start    ] GC(2613) Pause Young (Normal) (G1 Evacuation Pause)
[2024-08-15T15:41:03.616+0000][11559.561s][info][gc,task     ] GC(2613) Using 6 workers of 6 for evacuation
[2024-08-15T15:41:03.628+0000][11559.573s][info][gc,phases   ] GC(2613)   Pre Evacuate Collection Set: 0.2ms
[2024-08-15T15:41:03.628+0000][11559.573s][info][gc,phases   ] GC(2613)   Merge Heap Roots: 0.2ms
[2024-08-15T15:41:03.628+0000][11559.573s][info][gc,phases   ] GC(2613)   Evacuate Collection Set: 9.5ms
[2024-08-15T15:41:03.628+0000][11559.573s][info][gc,phases   ] GC(2613)   Post Evacuate Collection Set: 1.7ms
[2024-08-15T15:41:03.628+0000][11559.573s][info][gc,phases   ] GC(2613)   Other: 0.2ms
[2024-08-15T15:41:03.628+0000][11559.573s][info][gc,heap     ] GC(2613) Eden regions: 744->0(743)
[2024-08-15T15:41:03.628+0000][11559.573s][info][gc,heap     ] GC(2613) Survivor regions: 4->5(94)
[2024-08-15T15:41:03.628+0000][11559.573s][info][gc,heap     ] GC(2613) Old regions: 461->461
[2024-08-15T15:41:03.628+0000][11559.573s][info][gc,heap     ] GC(2613) Archive regions: 2->2
[2024-08-15T15:41:03.628+0000][11559.573s][info][gc,heap     ] GC(2613) Humongous regions: 6->6
[2024-08-15T15:41:03.628+0000][11559.573s][info][gc,metaspace] GC(2613) Metaspace: 442297K(448832K)->442297K(448832K) NonClass: 387406K(391104K)->387406K(391104K) Class: 54890K(57728K)->54890K(57728K)
[2024-08-15T15:41:03.628+0000][11559.573s][info][gc          ] GC(2613) Pause Young (Normal) (G1 Evacuation Pause) 9717M->3779M(12288M) 11.833ms
[2024-08-15T15:41:03.628+0000][11559.573s][info][gc,cpu      ] GC(2613) User=0.07s Sys=0.00s Real=0.01s
[2024-08-15T15:41:08.622+0000][11564.567s][info][gc,start    ] GC(2614) Pause Young (Normal) (G1 Evacuation Pause)
[2024-08-15T15:41:08.622+0000][11564.567s][info][gc,task     ] GC(2614) Using 6 workers of 6 for evacuation
[2024-08-15T15:41:08.637+0000][11564.581s][info][gc,phases   ] GC(2614)   Pre Evacuate Collection Set: 0.2ms
[2024-08-15T15:41:08.637+0000][11564.581s][info][gc,phases   ] GC(2614)   Merge Heap Roots: 0.2ms
[2024-08-15T15:41:08.637+0000][11564.581s][info][gc,phases   ] GC(2614)   Evacuate Collection Set: 12.2ms
[2024-08-15T15:41:08.637+0000][11564.581s][info][gc,phases   ] GC(2614)   Post Evacuate Collection Set: 1.7ms
[2024-08-15T15:41:08.637+0000][11564.581s][info][gc,phases   ] GC(2614)   Other: 0.2ms
[2024-08-15T15:41:08.637+0000][11564.581s][info][gc,heap     ] GC(2614) Eden regions: 743->0(740)
[2024-08-15T15:41:08.637+0000][11564.581s][info][gc,heap     ] GC(2614) Survivor regions: 5->8(94)
[2024-08-15T15:41:08.637+0000][11564.581s][info][gc,heap     ] GC(2614) Old regions: 461->461
[2024-08-15T15:41:08.637+0000][11564.581s][info][gc,heap     ] GC(2614) Archive regions: 2->2
[2024-08-15T15:41:08.637+0000][11564.581s][info][gc,heap     ] GC(2614) Humongous regions: 6->6
[2024-08-15T15:41:08.637+0000][11564.581s][info][gc,metaspace] GC(2614) Metaspace: 442297K(448832K)->442297K(448832K) NonClass: 387406K(391104K)->387406K(391104K) Class: 54890K(57728K)->54890K(57728K)
[2024-08-15T15:41:08.637+0000][11564.581s][info][gc          ] GC(2614) Pause Young (Normal) (G1 Evacuation Pause) 9723M->3800M(12288M) 14.558ms
[2024-08-15T15:41:08.637+0000][11564.582s][info][gc,cpu      ] GC(2614) User=0.09s Sys=0.00s Real=0.02s
[2024-08-15T15:41:13.631+0000][11569.576s][info][gc,start    ] GC(2615) Pause Young (Concurrent Start) (G1 Evacuation Pause)
[2024-08-15T15:41:13.631+0000][11569.576s][info][gc,task     ] GC(2615) Using 6 workers of 6 for evacuation
[2024-08-15T15:41:13.650+0000][11569.594s][info][gc,phases   ] GC(2615)   Pre Evacuate Collection Set: 0.6ms
[2024-08-15T15:41:13.650+0000][11569.594s][info][gc,phases   ] GC(2615)   Merge Heap Roots: 0.2ms
[2024-08-15T15:41:13.650+0000][11569.594s][info][gc,phases   ] GC(2615)   Evacuate Collection Set: 15.7ms
[2024-08-15T15:41:13.650+0000][11569.594s][info][gc,phases   ] GC(2615)   Post Evacuate Collection Set: 1.8ms
[2024-08-15T15:41:13.650+0000][11569.594s][info][gc,phases   ] GC(2615)   Other: 0.3ms
[2024-08-15T15:41:13.650+0000][11569.594s][info][gc,heap     ] GC(2615) Eden regions: 740->0(740)
[2024-08-15T15:41:13.650+0000][11569.595s][info][gc,heap     ] GC(2615) Survivor regions: 8->8(94)
[2024-08-15T15:41:13.650+0000][11569.595s][info][gc,heap     ] GC(2615) Old regions: 461->461
[2024-08-15T15:41:13.650+0000][11569.595s][info][gc,heap     ] GC(2615) Archive regions: 2->2
[2024-08-15T15:41:13.650+0000][11569.595s][info][gc,heap     ] GC(2615) Humongous regions: 6->6
[2024-08-15T15:41:13.650+0000][11569.595s][info][gc,metaspace] GC(2615) Metaspace: 442317K(448832K)->442317K(448832K) NonClass: 387426K(391104K)->387426K(391104K) Class: 54890K(57728K)->54890K(57728K)
[2024-08-15T15:41:13.650+0000][11569.595s][info][gc          ] GC(2615) Pause Young (Concurrent Start) (G1 Evacuation Pause) 9720M->3798M(12288M) 18.661ms
[2024-08-15T15:41:13.650+0000][11569.595s][info][gc,cpu      ] GC(2615) User=0.10s Sys=0.00s Real=0.02s
[2024-08-15T15:41:13.650+0000][11569.595s][info][gc          ] GC(2616) Concurrent Mark Cycle
[2024-08-15T15:41:13.650+0000][11569.595s][info][gc,marking  ] GC(2616) Concurrent Clear Claimed Marks
[2024-08-15T15:41:13.650+0000][11569.595s][info][gc,marking  ] GC(2616) Concurrent Clear Claimed Marks 0.341ms
[2024-08-15T15:41:13.650+0000][11569.595s][info][gc,marking  ] GC(2616) Concurrent Scan Root Regions
[2024-08-15T15:41:13.663+0000][11569.608s][info][gc,marking  ] GC(2616) Concurrent Scan Root Regions 12.510ms
[2024-08-15T15:41:13.663+0000][11569.608s][info][gc,marking  ] GC(2616) Concurrent Mark
[2024-08-15T15:41:13.663+0000][11569.608s][info][gc,marking  ] GC(2616) Concurrent Mark From Roots
[2024-08-15T15:41:13.663+0000][11569.608s][info][gc,task     ] GC(2616) Using 2 workers of 2 for marking
[2024-08-15T15:41:16.382+0000][11572.327s][info][gc,start    ] GC(2617) Pause Young (Normal) (G1 Evacuation Pause)
[2024-08-15T15:41:16.383+0000][11572.327s][info][gc,task     ] GC(2617) Using 6 workers of 6 for evacuation
[2024-08-15T15:41:16.452+0000][11572.396s][info][gc,phases   ] GC(2617)   Pre Evacuate Collection Set: 0.2ms
[2024-08-15T15:41:16.452+0000][11572.396s][info][gc,phases   ] GC(2617)   Merge Heap Roots: 0.2ms
[2024-08-15T15:41:16.452+0000][11572.396s][info][gc,phases   ] GC(2617)   Evacuate Collection Set: 53.6ms
[2024-08-15T15:41:16.452+0000][11572.396s][info][gc,phases   ] GC(2617)   Post Evacuate Collection Set: 14.9ms
[2024-08-15T15:41:16.452+0000][11572.396s][info][gc,phases   ] GC(2617)   Other: 0.2ms
[2024-08-15T15:41:16.452+0000][11572.396s][info][gc,heap     ] GC(2617) Eden regions: 740->0(732)
[2024-08-15T15:41:16.452+0000][11572.396s][info][gc,heap     ] GC(2617) Survivor regions: 8->13(94)
[2024-08-15T15:41:16.452+0000][11572.396s][info][gc,heap     ] GC(2617) Old regions: 461->461
[2024-08-15T15:41:16.452+0000][11572.396s][info][gc,heap     ] GC(2617) Archive regions: 2->2
[2024-08-15T15:41:16.452+0000][11572.396s][info][gc,heap     ] GC(2617) Humongous regions: 6->6
[2024-08-15T15:41:16.452+0000][11572.396s][info][gc,metaspace] GC(2617) Metaspace: 442317K(448832K)->442317K(448832K) NonClass: 387426K(391104K)->387426K(391104K) Class: 54890K(57728K)->54890K(57728K)
[2024-08-15T15:41:16.452+0000][11572.396s][info][gc          ] GC(2617) Pause Young (Normal) (G1 Evacuation Pause) 9718M->3840M(12288M) 69.193ms
[2024-08-15T15:41:16.452+0000][11572.396s][info][gc,cpu      ] GC(2617) User=0.40s Sys=0.00s Real=0.07s
[2024-08-15T15:41:16.815+0000][11572.760s][info][gc,marking  ] GC(2616) Concurrent Mark From Roots 3152.170ms
[2024-08-15T15:41:16.815+0000][11572.760s][info][gc,marking  ] GC(2616) Concurrent Preclean
[2024-08-15T15:41:16.817+0000][11572.762s][info][gc,marking  ] GC(2616) Concurrent Preclean 1.793ms
[2024-08-15T15:41:16.817+0000][11572.762s][info][gc,start    ] GC(2616) Pause Remark
[2024-08-15T15:41:16.842+0000][11572.787s][info][gc          ] GC(2616) Pause Remark 4664M->4664M(12288M) 25.097ms
[2024-08-15T15:41:16.842+0000][11572.787s][info][gc,cpu      ] GC(2616) User=0.11s Sys=0.00s Real=0.02s
[2024-08-15T15:41:16.843+0000][11572.787s][info][gc,marking  ] GC(2616) Concurrent Mark 3179.590ms
[2024-08-15T15:41:16.843+0000][11572.787s][info][gc,marking  ] GC(2616) Concurrent Rebuild Remembered Sets
[2024-08-15T15:41:18.609+0000][11574.554s][info][gc,marking  ] GC(2616) Concurrent Rebuild Remembered Sets 1766.428ms
[2024-08-15T15:41:18.609+0000][11574.554s][info][gc,start    ] GC(2616) Pause Cleanup
[2024-08-15T15:41:18.610+0000][11574.554s][info][gc          ] GC(2616) Pause Cleanup 8628M->8628M(12288M) 0.476ms
[2024-08-15T15:41:18.610+0000][11574.554s][info][gc,cpu      ] GC(2616) User=0.00s Sys=0.00s Real=0.00s
[2024-08-15T15:41:18.610+0000][11574.554s][info][gc,marking  ] GC(2616) Concurrent Cleanup for Next Mark
[2024-08-15T15:41:18.626+0000][11574.571s][info][gc,marking  ] GC(2616) Concurrent Cleanup for Next Mark 16.524ms
[2024-08-15T15:41:18.626+0000][11574.571s][info][gc          ] GC(2616) Concurrent Mark Cycle 4976.372ms
[2024-08-15T15:41:19.038+0000][11574.983s][info][gc,start    ] GC(2618) Pause Young (Prepare Mixed) (G1 Evacuation Pause)
[2024-08-15T15:41:19.039+0000][11574.983s][info][gc,task     ] GC(2618) Using 6 workers of 6 for evacuation
[2024-08-15T15:41:19.118+0000][11575.063s][info][gc,phases   ] GC(2618)   Pre Evacuate Collection Set: 0.3ms
[2024-08-15T15:41:19.118+0000][11575.063s][info][gc,phases   ] GC(2618)   Merge Heap Roots: 0.4ms
[2024-08-15T15:41:19.118+0000][11575.063s][info][gc,phases   ] GC(2618)   Evacuate Collection Set: 63.7ms
[2024-08-15T15:41:19.118+0000][11575.063s][info][gc,phases   ] GC(2618)   Post Evacuate Collection Set: 15.3ms
[2024-08-15T15:41:19.118+0000][11575.063s][info][gc,phases   ] GC(2618)   Other: 0.2ms
[2024-08-15T15:41:19.118+0000][11575.063s][info][gc,heap     ] GC(2618) Eden regions: 732->0(59)
[2024-08-15T15:41:19.118+0000][11575.063s][info][gc,heap     ] GC(2618) Survivor regions: 13->17(94)
[2024-08-15T15:41:19.118+0000][11575.063s][info][gc,heap     ] GC(2618) Old regions: 461->461
[2024-08-15T15:41:19.118+0000][11575.063s][info][gc,heap     ] GC(2618) Archive regions: 2->2
[2024-08-15T15:41:19.118+0000][11575.063s][info][gc,heap     ] GC(2618) Humongous regions: 6->6
[2024-08-15T15:41:19.118+0000][11575.063s][info][gc,metaspace] GC(2618) Metaspace: 442317K(448832K)->442317K(448832K) NonClass: 387426K(391104K)->387426K(391104K) Class: 54890K(57728K)->54890K(57728K)
[2024-08-15T15:41:19.118+0000][11575.063s][info][gc          ] GC(2618) Pause Young (Prepare Mixed) (G1 Evacuation Pause) 9696M->3872M(12288M) 79.971ms
[2024-08-15T15:41:19.118+0000][11575.063s][info][gc,cpu      ] GC(2618) User=0.45s Sys=0.00s Real=0.08s
[2024-08-15T15:41:19.315+0000][11575.259s][info][gc,start    ] GC(2619) Pause Young (Mixed) (G1 Evacuation Pause)
[2024-08-15T15:41:19.315+0000][11575.259s][info][gc,task     ] GC(2619) Using 6 workers of 6 for evacuation
[2024-08-15T15:41:19.407+0000][11575.351s][info][gc,phases   ] GC(2619)   Pre Evacuate Collection Set: 0.2ms
[2024-08-15T15:41:19.407+0000][11575.351s][info][gc,phases   ] GC(2619)   Merge Heap Roots: 0.5ms
[2024-08-15T15:41:19.407+0000][11575.351s][info][gc,phases   ] GC(2619)   Evacuate Collection Set: 89.0ms
[2024-08-15T15:41:19.407+0000][11575.351s][info][gc,phases   ] GC(2619)   Post Evacuate Collection Set: 2.4ms
[2024-08-15T15:41:19.407+0000][11575.351s][info][gc,phases   ] GC(2619)   Other: 0.2ms
[2024-08-15T15:41:19.407+0000][11575.352s][info][gc,heap     ] GC(2619) Eden regions: 59->0(729)
[2024-08-15T15:41:19.407+0000][11575.352s][info][gc,heap     ] GC(2619) Survivor regions: 17->3(10)
[2024-08-15T15:41:19.407+0000][11575.352s][info][gc,heap     ] GC(2619) Old regions: 461->473
[2024-08-15T15:41:19.407+0000][11575.352s][info][gc,heap     ] GC(2619) Archive regions: 2->2
[2024-08-15T15:41:19.407+0000][11575.352s][info][gc,heap     ] GC(2619) Humongous regions: 6->6
[2024-08-15T15:41:19.407+0000][11575.352s][info][gc,metaspace] GC(2619) Metaspace: 442317K(448832K)->442317K(448832K) NonClass: 387426K(391104K)->387426K(391104K) Class: 54890K(57728K)->54890K(57728K)
[2024-08-15T15:41:19.407+0000][11575.352s][info][gc          ] GC(2619) Pause Young (Mixed) (G1 Evacuation Pause) 4344M->3856M(12288M) 92.296ms
[2024-08-15T15:41:19.407+0000][11575.352s][info][gc,cpu      ] GC(2619) User=0.54s Sys=0.00s Real=0.10s
[2024-08-15T15:41:21.709+0000][11577.654s][info][gc,start    ] GC(2620) Pause Young (Normal) (G1 Evacuation Pause)
[2024-08-15T15:41:21.709+0000][11577.654s][info][gc,task     ] GC(2620) Using 6 workers of 6 for evacuation
[2024-08-15T15:41:21.761+0000][11577.706s][info][gc,phases   ] GC(2620)   Pre Evacuate Collection Set: 0.2ms
[2024-08-15T15:41:21.761+0000][11577.706s][info][gc,phases   ] GC(2620)   Merge Heap Roots: 0.2ms
[2024-08-15T15:41:21.761+0000][11577.706s][info][gc,phases   ] GC(2620)   Evacuate Collection Set: 35.7ms
[2024-08-15T15:41:21.761+0000][11577.706s][info][gc,phases   ] GC(2620)   Post Evacuate Collection Set: 16.2ms
[2024-08-15T15:41:21.761+0000][11577.706s][info][gc,phases   ] GC(2620)   Other: 0.2ms
[2024-08-15T15:41:21.761+0000][11577.706s][info][gc,heap     ] GC(2620) Eden regions: 729->0(726)
[2024-08-15T15:41:21.762+0000][11577.706s][info][gc,heap     ] GC(2620) Survivor regions: 3->6(92)
[2024-08-15T15:41:21.762+0000][11577.706s][info][gc,heap     ] GC(2620) Old regions: 473->473
[2024-08-15T15:41:21.762+0000][11577.706s][info][gc,heap     ] GC(2620) Archive regions: 2->2
[2024-08-15T15:41:21.762+0000][11577.706s][info][gc,heap     ] GC(2620) Humongous regions: 6->6
[2024-08-15T15:41:21.762+0000][11577.706s][info][gc,metaspace] GC(2620) Metaspace: 442317K(448832K)->442317K(448832K) NonClass: 387426K(391104K)->387426K(391104K) Class: 54890K(57728K)->54890K(57728K)
[2024-08-15T15:41:21.762+0000][11577.706s][info][gc          ] GC(2620) Pause Young (Normal) (G1 Evacuation Pause) 9688M->3877M(12288M) 52.571ms
[2024-08-15T15:41:21.762+0000][11577.706s][info][gc,cpu      ] GC(2620) User=0.29s Sys=0.00s Real=0.05s
[2024-08-15T15:41:23.970+0000][11579.914s][info][gc,start    ] GC(2621) Pause Young (Normal) (G1 Evacuation Pause)
[2024-08-15T15:41:23.970+0000][11579.915s][info][gc,task     ] GC(2621) Using 6 workers of 6 for evacuation
[2024-08-15T15:41:24.040+0000][11579.984s][info][gc,phases   ] GC(2621)   Pre Evacuate Collection Set: 0.2ms
[2024-08-15T15:41:24.040+0000][11579.984s][info][gc,phases   ] GC(2621)   Merge Heap Roots: 0.4ms
[2024-08-15T15:41:24.040+0000][11579.984s][info][gc,phases   ] GC(2621)   Evacuate Collection Set: 53.0ms
[2024-08-15T15:41:24.040+0000][11579.984s][info][gc,phases   ] GC(2621)   Post Evacuate Collection Set: 16.0ms
[2024-08-15T15:41:24.040+0000][11579.984s][info][gc,phases   ] GC(2621)   Other: 0.2ms
[2024-08-15T15:41:24.040+0000][11579.984s][info][gc,heap     ] GC(2621) Eden regions: 726->0(722)
[2024-08-15T15:41:24.040+0000][11579.984s][info][gc,heap     ] GC(2621) Survivor regions: 6->9(92)
[2024-08-15T15:41:24.040+0000][11579.984s][info][gc,heap     ] GC(2621) Old regions: 473->473
[2024-08-15T15:41:24.040+0000][11579.984s][info][gc,heap     ] GC(2621) Archive regions: 2->2
[2024-08-15T15:41:24.040+0000][11579.984s][info][gc,heap     ] GC(2621) Humongous regions: 6->6
[2024-08-15T15:41:24.040+0000][11579.984s][info][gc,metaspace] GC(2621) Metaspace: 442317K(448832K)->442317K(448832K) NonClass: 387426K(391104K)->387426K(391104K) Class: 54890K(57728K)->54890K(57728K)
[2024-08-15T15:41:24.040+0000][11579.984s][info][gc          ] GC(2621) Pause Young (Normal) (G1 Evacuation Pause) 9685M->3901M(12288M) 69.871ms
[2024-08-15T15:41:24.040+0000][11579.984s][info][gc,cpu      ] GC(2621) User=0.40s Sys=0.00s Real=0.07s
[2024-08-15T15:41:25.920+0000][11581.864s][info][gc,start    ] GC(2622) Pause Young (Concurrent Start) (G1 Evacuation Pause)
[2024-08-15T15:41:25.920+0000][11581.864s][info][gc,task     ] GC(2622) Using 6 workers of 6 for evacuation
[2024-08-15T15:41:25.990+0000][11581.934s][info][gc,phases   ] GC(2622)   Pre Evacuate Collection Set: 0.6ms
[2024-08-15T15:41:25.990+0000][11581.934s][info][gc,phases   ] GC(2622)   Merge Heap Roots: 0.3ms
[2024-08-15T15:41:25.990+0000][11581.934s][info][gc,phases   ] GC(2622)   Evacuate Collection Set: 55.4ms
[2024-08-15T15:41:25.990+0000][11581.934s][info][gc,phases   ] GC(2622)   Post Evacuate Collection Set: 13.7ms
[2024-08-15T15:41:25.990+0000][11581.934s][info][gc,phases   ] GC(2622)   Other: 0.3ms
[2024-08-15T15:41:25.990+0000][11581.934s][info][gc,heap     ] GC(2622) Eden regions: 722->0(719)
[2024-08-15T15:41:25.990+0000][11581.934s][info][gc,heap     ] GC(2622) Survivor regions: 9->12(92)
[2024-08-15T15:41:25.990+0000][11581.934s][info][gc,heap     ] GC(2622) Old regions: 473->473
[2024-08-15T15:41:25.990+0000][11581.934s][info][gc,heap     ] GC(2622) Archive regions: 2->2
[2024-08-15T15:41:25.990+0000][11581.934s][info][gc,heap     ] GC(2622) Humongous regions: 6->6
[2024-08-15T15:41:25.990+0000][11581.934s][info][gc,metaspace] GC(2622) Metaspace: 442317K(448832K)->442317K(448832K) NonClass: 387426K(391104K)->387426K(391104K) Class: 54890K(57728K)->54890K(57728K)
[2024-08-15T15:41:25.990+0000][11581.934s][info][gc          ] GC(2622) Pause Young (Concurrent Start) (G1 Evacuation Pause) 9677M->3929M(12288M) 70.234ms
[2024-08-15T15:41:25.990+0000][11581.934s][info][gc,cpu      ] GC(2622) User=0.41s Sys=0.00s Real=0.07s
[2024-08-15T15:41:25.990+0000][11581.934s][info][gc          ] GC(2623) Concurrent Mark Cycle
[2024-08-15T15:41:25.990+0000][11581.934s][info][gc,marking  ] GC(2623) Concurrent Clear Claimed Marks
[2024-08-15T15:41:25.990+0000][11581.935s][info][gc,marking  ] GC(2623) Concurrent Clear Claimed Marks 0.422ms
[2024-08-15T15:41:25.990+0000][11581.935s][info][gc,marking  ] GC(2623) Concurrent Scan Root Regions
[2024-08-15T15:41:26.028+0000][11581.973s][info][gc,marking  ] GC(2623) Concurrent Scan Root Regions 37.992ms
[2024-08-15T15:41:26.028+0000][11581.973s][info][gc,marking  ] GC(2623) Concurrent Mark
[2024-08-15T15:41:26.028+0000][11581.973s][info][gc,marking  ] GC(2623) Concurrent Mark From Roots
[2024-08-15T15:41:26.028+0000][11581.973s][info][gc,task     ] GC(2623) Using 2 workers of 2 for marking
[2024-08-15T15:41:28.724+0000][11584.668s][info][gc,start    ] GC(2624) Pause Young (Normal) (G1 Evacuation Pause)
[2024-08-15T15:41:28.724+0000][11584.668s][info][gc,task     ] GC(2624) Using 6 workers of 6 for evacuation
[2024-08-15T15:41:28.801+0000][11584.746s][info][gc,phases   ] GC(2624)   Pre Evacuate Collection Set: 0.2ms
[2024-08-15T15:41:28.801+0000][11584.746s][info][gc,phases   ] GC(2624)   Merge Heap Roots: 0.3ms
[2024-08-15T15:41:28.801+0000][11584.746s][info][gc,phases   ] GC(2624)   Evacuate Collection Set: 64.1ms
[2024-08-15T15:41:28.801+0000][11584.746s][info][gc,phases   ] GC(2624)   Post Evacuate Collection Set: 12.7ms
[2024-08-15T15:41:28.801+0000][11584.746s][info][gc,phases   ] GC(2624)   Other: 0.2ms
[2024-08-15T15:41:28.801+0000][11584.746s][info][gc,heap     ] GC(2624) Eden regions: 719->0(715)
[2024-08-15T15:41:28.801+0000][11584.746s][info][gc,heap     ] GC(2624) Survivor regions: 12->16(92)
[2024-08-15T15:41:28.801+0000][11584.746s][info][gc,heap     ] GC(2624) Old regions: 473->473
[2024-08-15T15:41:28.801+0000][11584.746s][info][gc,heap     ] GC(2624) Archive regions: 2->2
[2024-08-15T15:41:28.801+0000][11584.746s][info][gc,heap     ] GC(2624) Humongous regions: 6->6
[2024-08-15T15:41:28.801+0000][11584.746s][info][gc,metaspace] GC(2624) Metaspace: 442317K(448832K)->442317K(448832K) NonClass: 387426K(391104K)->387426K(391104K) Class: 54890K(57728K)->54890K(57728K)
[2024-08-15T15:41:28.801+0000][11584.746s][info][gc          ] GC(2624) Pause Young (Normal) (G1 Evacuation Pause) 9681M->3961M(12288M) 77.637ms
[2024-08-15T15:41:28.801+0000][11584.746s][info][gc,cpu      ] GC(2624) User=0.45s Sys=0.00s Real=0.07s
[2024-08-15T15:41:29.171+0000][11585.116s][info][gc,marking  ] GC(2623) Concurrent Mark From Roots 3142.972ms
[2024-08-15T15:41:29.171+0000][11585.116s][info][gc,marking  ] GC(2623) Concurrent Preclean
[2024-08-15T15:41:29.173+0000][11585.118s][info][gc,marking  ] GC(2623) Concurrent Preclean 1.759ms
[2024-08-15T15:41:29.173+0000][11585.118s][info][gc,start    ] GC(2623) Pause Remark
[2024-08-15T15:41:29.197+0000][11585.142s][info][gc          ] GC(2623) Pause Remark 4897M->4897M(12288M) 23.652ms
[2024-08-15T15:41:29.197+0000][11585.142s][info][gc,cpu      ] GC(2623) User=0.10s Sys=0.00s Real=0.03s
[2024-08-15T15:41:29.197+0000][11585.142s][info][gc,marking  ] GC(2623) Concurrent Mark 3168.784ms
[2024-08-15T15:41:29.197+0000][11585.142s][info][gc,marking  ] GC(2623) Concurrent Rebuild Remembered Sets
[2024-08-15T15:41:31.002+0000][11586.946s][info][gc,marking  ] GC(2623) Concurrent Rebuild Remembered Sets 1804.399ms
[2024-08-15T15:41:31.002+0000][11586.946s][info][gc,start    ] GC(2623) Pause Cleanup
[2024-08-15T15:41:31.002+0000][11586.947s][info][gc          ] GC(2623) Pause Cleanup 9013M->9013M(12288M) 0.499ms
[2024-08-15T15:41:31.002+0000][11586.947s][info][gc,cpu      ] GC(2623) User=0.00s Sys=0.00s Real=0.00s
[2024-08-15T15:41:31.002+0000][11586.947s][info][gc,marking  ] GC(2623) Concurrent Cleanup for Next Mark
[2024-08-15T15:41:31.019+0000][11586.964s][info][gc,marking  ] GC(2623) Concurrent Cleanup for Next Mark 16.648ms
[2024-08-15T15:41:31.019+0000][11586.964s][info][gc          ] GC(2623) Concurrent Mark Cycle 5029.230ms
[2024-08-15T15:41:31.245+0000][11587.189s][info][gc,start    ] GC(2625) Pause Young (Prepare Mixed) (G1 Evacuation Pause)
[2024-08-15T15:41:31.245+0000][11587.189s][info][gc,task     ] GC(2625) Using 6 workers of 6 for evacuation
[2024-08-15T15:41:31.310+0000][11587.255s][info][gc,phases   ] GC(2625)   Pre Evacuate Collection Set: 0.2ms
[2024-08-15T15:41:31.310+0000][11587.255s][info][gc,phases   ] GC(2625)   Merge Heap Roots: 0.4ms
[2024-08-15T15:41:31.310+0000][11587.255s][info][gc,phases   ] GC(2625)   Evacuate Collection Set: 58.3ms
[2024-08-15T15:41:31.310+0000][11587.255s][info][gc,phases   ] GC(2625)   Post Evacuate Collection Set: 6.7ms
[2024-08-15T15:41:31.310+0000][11587.255s][info][gc,phases   ] GC(2625)   Other: 0.2ms
[2024-08-15T15:41:31.310+0000][11587.255s][info][gc,heap     ] GC(2625) Eden regions: 715->0(58)
[2024-08-15T15:41:31.310+0000][11587.255s][info][gc,heap     ] GC(2625) Survivor regions: 16->18(92)
[2024-08-15T15:41:31.310+0000][11587.255s][info][gc,heap     ] GC(2625) Old regions: 473->473
[2024-08-15T15:41:31.310+0000][11587.255s][info][gc,heap     ] GC(2625) Archive regions: 2->2
[2024-08-15T15:41:31.310+0000][11587.255s][info][gc,heap     ] GC(2625) Humongous regions: 6->6
[2024-08-15T15:41:31.310+0000][11587.255s][info][gc,metaspace] GC(2625) Metaspace: 442317K(448832K)->442317K(448832K) NonClass: 387426K(391104K)->387426K(391104K) Class: 54890K(57728K)->54890K(57728K)
[2024-08-15T15:41:31.310+0000][11587.255s][info][gc          ] GC(2625) Pause Young (Prepare Mixed) (G1 Evacuation Pause) 9681M->3977M(12288M) 65.905ms
[2024-08-15T15:41:31.311+0000][11587.255s][info][gc,cpu      ] GC(2625) User=0.39s Sys=0.00s Real=0.06s
[2024-08-15T15:41:31.471+0000][11587.416s][info][gc,start    ] GC(2626) Pause Young (Mixed) (G1 Evacuation Pause)
[2024-08-15T15:41:31.471+0000][11587.416s][info][gc,task     ] GC(2626) Using 6 workers of 6 for evacuation
[2024-08-15T15:41:31.549+0000][11587.493s][info][gc,phases   ] GC(2626)   Pre Evacuate Collection Set: 0.2ms
[2024-08-15T15:41:31.549+0000][11587.493s][info][gc,phases   ] GC(2626)   Merge Heap Roots: 0.3ms
[2024-08-15T15:41:31.549+0000][11587.493s][info][gc,phases   ] GC(2626)   Evacuate Collection Set: 75.6ms
[2024-08-15T15:41:31.549+0000][11587.493s][info][gc,phases   ] GC(2626)   Post Evacuate Collection Set: 1.2ms
[2024-08-15T15:41:31.549+0000][11587.493s][info][gc,phases   ] GC(2626)   Other: 0.2ms
[2024-08-15T15:41:31.549+0000][11587.493s][info][gc,heap     ] GC(2626) Eden regions: 58->0(725)
[2024-08-15T15:41:31.549+0000][11587.493s][info][gc,heap     ] GC(2626) Survivor regions: 18->4(10)
[2024-08-15T15:41:31.549+0000][11587.493s][info][gc,heap     ] GC(2626) Old regions: 473->477
[2024-08-15T15:41:31.549+0000][11587.493s][info][gc,heap     ] GC(2626) Archive regions: 2->2
[2024-08-15T15:41:31.549+0000][11587.493s][info][gc,heap     ] GC(2626) Humongous regions: 6->6
[2024-08-15T15:41:31.549+0000][11587.493s][info][gc,metaspace] GC(2626) Metaspace: 442317K(448832K)->442317K(448832K) NonClass: 387426K(391104K)->387426K(391104K) Class: 54890K(57728K)->54890K(57728K)
[2024-08-15T15:41:31.549+0000][11587.493s][info][gc          ] GC(2626) Pause Young (Mixed) (G1 Evacuation Pause) 4441M->3896M(12288M) 77.650ms
[2024-08-15T15:41:31.549+0000][11587.493s][info][gc,cpu      ] GC(2626) User=0.45s Sys=0.01s Real=0.08s
[2024-08-15T15:41:33.575+0000][11589.519s][info][gc,start    ] GC(2627) Pause Young (Normal) (G1 Evacuation Pause)
[2024-08-15T15:41:33.575+0000][11589.519s][info][gc,task     ] GC(2627) Using 6 workers of 6 for evacuation
[2024-08-15T15:41:33.607+0000][11589.551s][info][gc,phases   ] GC(2627)   Pre Evacuate Collection Set: 0.2ms
[2024-08-15T15:41:33.607+0000][11589.551s][info][gc,phases   ] GC(2627)   Merge Heap Roots: 0.3ms
[2024-08-15T15:41:33.607+0000][11589.551s][info][gc,phases   ] GC(2627)   Evacuate Collection Set: 25.3ms
[2024-08-15T15:41:33.607+0000][11589.551s][info][gc,phases   ] GC(2627)   Post Evacuate Collection Set: 5.9ms
[2024-08-15T15:41:33.607+0000][11589.551s][info][gc,phases   ] GC(2627)   Other: 0.2ms
[2024-08-15T15:41:33.607+0000][11589.551s][info][gc,heap     ] GC(2627) Eden regions: 725->0(724)
[2024-08-15T15:41:33.607+0000][11589.551s][info][gc,heap     ] GC(2627) Survivor regions: 4->6(92)
[2024-08-15T15:41:33.607+0000][11589.551s][info][gc,heap     ] GC(2627) Old regions: 477->477
[2024-08-15T15:41:33.607+0000][11589.551s][info][gc,heap     ] GC(2627) Archive regions: 2->2
[2024-08-15T15:41:33.607+0000][11589.551s][info][gc,heap     ] GC(2627) Humongous regions: 6->6
[2024-08-15T15:41:33.607+0000][11589.551s][info][gc,metaspace] GC(2627) Metaspace: 442334K(448832K)->442334K(448832K) NonClass: 387443K(391104K)->387443K(391104K) Class: 54890K(57728K)->54890K(57728K)
[2024-08-15T15:41:33.607+0000][11589.551s][info][gc          ] GC(2627) Pause Young (Normal) (G1 Evacuation Pause) 9696M->3906M(12288M) 31.967ms
[2024-08-15T15:41:33.607+0000][11589.551s][info][gc,cpu      ] GC(2627) User=0.18s Sys=0.00s Real=0.04s
[2024-08-15T15:41:35.338+0000][11591.283s][info][gc,start    ] GC(2628) Pause Young (Normal) (G1 Evacuation Pause)
[2024-08-15T15:41:35.338+0000][11591.283s][info][gc,task     ] GC(2628) Using 6 workers of 6 for evacuation
[2024-08-15T15:41:35.355+0000][11591.299s][info][gc,phases   ] GC(2628)   Pre Evacuate Collection Set: 0.2ms
[2024-08-15T15:41:35.355+0000][11591.299s][info][gc,phases   ] GC(2628)   Merge Heap Roots: 0.2ms
[2024-08-15T15:41:35.355+0000][11591.299s][info][gc,phases   ] GC(2628)   Evacuate Collection Set: 14.5ms
[2024-08-15T15:41:35.355+0000][11591.299s][info][gc,phases   ] GC(2628)   Post Evacuate Collection Set: 1.6ms
[2024-08-15T15:41:35.355+0000][11591.299s][info][gc,phases   ] GC(2628)   Other: 0.2ms
[2024-08-15T15:41:35.355+0000][11591.299s][info][gc,heap     ] GC(2628) Eden regions: 724->0(726)
[2024-08-15T15:41:35.355+0000][11591.299s][info][gc,heap     ] GC(2628) Survivor regions: 6->6(92)
[2024-08-15T15:41:35.355+0000][11591.299s][info][gc,heap     ] GC(2628) Old regions: 477->477
[2024-08-15T15:41:35.355+0000][11591.299s][info][gc,heap     ] GC(2628) Archive regions: 2->2
[2024-08-15T15:41:35.355+0000][11591.299s][info][gc,heap     ] GC(2628) Humongous regions: 6->6
[2024-08-15T15:41:35.355+0000][11591.299s][info][gc,metaspace] GC(2628) Metaspace: 442334K(448832K)->442334K(448832K) NonClass: 387443K(391104K)->387443K(391104K) Class: 54890K(57728K)->54890K(57728K)
[2024-08-15T15:41:35.355+0000][11591.299s][info][gc          ] GC(2628) Pause Young (Normal) (G1 Evacuation Pause) 9698M->3912M(12288M) 16.775ms
[2024-08-15T15:41:35.355+0000][11591.299s][info][gc,cpu      ] GC(2628) User=0.10s Sys=0.00s Real=0.01s
[2024-08-15T15:41:37.673+0000][11593.618s][info][gc,start    ] GC(2629) Pause Young (Concurrent Start) (G1 Evacuation Pause)
[2024-08-15T15:41:37.673+0000][11593.618s][info][gc,task     ] GC(2629) Using 6 workers of 6 for evacuation
[2024-08-15T15:41:37.712+0000][11593.656s][info][gc,phases   ] GC(2629)   Pre Evacuate Collection Set: 0.5ms
[2024-08-15T15:41:37.712+0000][11593.656s][info][gc,phases   ] GC(2629)   Merge Heap Roots: 0.3ms
[2024-08-15T15:41:37.712+0000][11593.656s][info][gc,phases   ] GC(2629)   Evacuate Collection Set: 30.9ms
[2024-08-15T15:41:37.712+0000][11593.656s][info][gc,phases   ] GC(2629)   Post Evacuate Collection Set: 6.2ms
[2024-08-15T15:41:37.712+0000][11593.656s][info][gc,phases   ] GC(2629)   Other: 0.3ms
[2024-08-15T15:41:37.712+0000][11593.656s][info][gc,heap     ] GC(2629) Eden regions: 726->0(724)
[2024-08-15T15:41:37.712+0000][11593.656s][info][gc,heap     ] GC(2629) Survivor regions: 6->8(92)
[2024-08-15T15:41:37.712+0000][11593.656s][info][gc,heap     ] GC(2629) Old regions: 477->477
[2024-08-15T15:41:37.712+0000][11593.656s][info][gc,heap     ] GC(2629) Archive regions: 2->2
[2024-08-15T15:41:37.712+0000][11593.656s][info][gc,heap     ] GC(2629) Humongous regions: 6->6
[2024-08-15T15:41:37.712+0000][11593.656s][info][gc,metaspace] GC(2629) Metaspace: 442334K(448832K)->442334K(448832K) NonClass: 387443K(391104K)->387443K(391104K) Class: 54890K(57728K)->54890K(57728K)
[2024-08-15T15:41:37.712+0000][11593.656s][info][gc          ] GC(2629) Pause Young (Concurrent Start) (G1 Evacuation Pause) 9720M->3928M(12288M) 38.263ms
[2024-08-15T15:41:37.712+0000][11593.656s][info][gc,cpu      ] GC(2629) User=0.22s Sys=0.00s Real=0.04s
[2024-08-15T15:41:37.712+0000][11593.656s][info][gc          ] GC(2630) Concurrent Mark Cycle
[2024-08-15T15:41:37.712+0000][11593.656s][info][gc,marking  ] GC(2630) Concurrent Clear Claimed Marks
[2024-08-15T15:41:37.712+0000][11593.657s][info][gc,marking  ] GC(2630) Concurrent Clear Claimed Marks 0.390ms
[2024-08-15T15:41:37.712+0000][11593.657s][info][gc,marking  ] GC(2630) Concurrent Scan Root Regions
[2024-08-15T15:41:37.736+0000][11593.680s][info][gc,marking  ] GC(2630) Concurrent Scan Root Regions 23.410ms
[2024-08-15T15:41:37.736+0000][11593.680s][info][gc,marking  ] GC(2630) Concurrent Mark
[2024-08-15T15:41:37.736+0000][11593.680s][info][gc,marking  ] GC(2630) Concurrent Mark From Roots
[2024-08-15T15:41:37.736+0000][11593.680s][info][gc,task     ] GC(2630) Using 2 workers of 2 for marking
[2024-08-15T15:41:40.725+0000][11596.670s][info][gc,marking  ] GC(2630) Concurrent Mark From Roots 2989.838ms
[2024-08-15T15:41:40.725+0000][11596.670s][info][gc,marking  ] GC(2630) Concurrent Preclean
[2024-08-15T15:41:40.727+0000][11596.672s][info][gc,marking  ] GC(2630) Concurrent Preclean 1.891ms
[2024-08-15T15:41:40.728+0000][11596.672s][info][gc,start    ] GC(2630) Pause Remark
[2024-08-15T15:41:40.751+0000][11596.696s][info][gc          ] GC(2630) Pause Remark 7016M->7016M(12288M) 23.430ms
[2024-08-15T15:41:40.751+0000][11596.696s][info][gc,cpu      ] GC(2630) User=0.10s Sys=0.00s Real=0.02s
[2024-08-15T15:41:40.751+0000][11596.696s][info][gc,marking  ] GC(2630) Concurrent Mark 3015.585ms
[2024-08-15T15:41:40.751+0000][11596.696s][info][gc,marking  ] GC(2630) Concurrent Rebuild Remembered Sets
[2024-08-15T15:41:42.553+0000][11598.497s][info][gc,marking  ] GC(2630) Concurrent Rebuild Remembered Sets 1801.424ms
[2024-08-15T15:41:42.553+0000][11598.497s][info][gc,start    ] GC(2630) Pause Cleanup
[2024-08-15T15:41:42.553+0000][11598.498s][info][gc          ] GC(2630) Pause Cleanup 8944M->8944M(12288M) 0.540ms
[2024-08-15T15:41:42.553+0000][11598.498s][info][gc,cpu      ] GC(2630) User=0.00s Sys=0.00s Real=0.00s
[2024-08-15T15:41:42.554+0000][11598.498s][info][gc,marking  ] GC(2630) Concurrent Cleanup for Next Mark
[2024-08-15T15:41:42.571+0000][11598.515s][info][gc,marking  ] GC(2630) Concurrent Cleanup for Next Mark 17.077ms
[2024-08-15T15:41:42.571+0000][11598.515s][info][gc          ] GC(2630) Concurrent Mark Cycle 4858.941ms
[2024-08-15T15:41:43.215+0000][11599.160s][info][gc,start    ] GC(2631) Pause Young (Prepare Mixed) (G1 Evacuation Pause)
[2024-08-15T15:41:43.215+0000][11599.160s][info][gc,task     ] GC(2631) Using 6 workers of 6 for evacuation
[2024-08-15T15:41:43.246+0000][11599.190s][info][gc,phases   ] GC(2631)   Pre Evacuate Collection Set: 0.2ms
[2024-08-15T15:41:43.246+0000][11599.190s][info][gc,phases   ] GC(2631)   Merge Heap Roots: 0.3ms
[2024-08-15T15:41:43.246+0000][11599.190s][info][gc,phases   ] GC(2631)   Evacuate Collection Set: 27.9ms
[2024-08-15T15:41:43.246+0000][11599.190s][info][gc,phases   ] GC(2631)   Post Evacuate Collection Set: 1.9ms
[2024-08-15T15:41:43.246+0000][11599.190s][info][gc,phases   ] GC(2631)   Other: 0.2ms
[2024-08-15T15:41:43.246+0000][11599.190s][info][gc,heap     ] GC(2631) Eden regions: 724->0(67)
[2024-08-15T15:41:43.246+0000][11599.190s][info][gc,heap     ] GC(2631) Survivor regions: 8->9(92)
[2024-08-15T15:41:43.246+0000][11599.190s][info][gc,heap     ] GC(2631) Old regions: 477->477
[2024-08-15T15:41:43.246+0000][11599.190s][info][gc,heap     ] GC(2631) Archive regions: 2->2
[2024-08-15T15:41:43.246+0000][11599.190s][info][gc,heap     ] GC(2631) Humongous regions: 6->6
[2024-08-15T15:41:43.246+0000][11599.190s][info][gc,metaspace] GC(2631) Metaspace: 442341K(448832K)->442341K(448832K) NonClass: 387450K(391104K)->387450K(391104K) Class: 54890K(57728K)->54890K(57728K)
[2024-08-15T15:41:43.246+0000][11599.190s][info][gc          ] GC(2631) Pause Young (Prepare Mixed) (G1 Evacuation Pause) 9720M->3932M(12288M) 30.578ms
[2024-08-15T15:41:43.246+0000][11599.191s][info][gc,cpu      ] GC(2631) User=0.18s Sys=0.01s Real=0.03s
[2024-08-15T15:41:43.666+0000][11599.610s][info][gc,start    ] GC(2632) Pause Young (Mixed) (G1 Evacuation Pause)
[2024-08-15T15:41:43.666+0000][11599.610s][info][gc,task     ] GC(2632) Using 6 workers of 6 for evacuation
[2024-08-15T15:41:43.723+0000][11599.667s][info][gc,phases   ] GC(2632)   Pre Evacuate Collection Set: 0.2ms
[2024-08-15T15:41:43.723+0000][11599.668s][info][gc,phases   ] GC(2632)   Merge Heap Roots: 0.3ms
[2024-08-15T15:41:43.723+0000][11599.668s][info][gc,phases   ] GC(2632)   Evacuate Collection Set: 55.4ms
[2024-08-15T15:41:43.723+0000][11599.668s][info][gc,phases   ] GC(2632)   Post Evacuate Collection Set: 1.3ms
[2024-08-15T15:41:43.723+0000][11599.668s][info][gc,phases   ] GC(2632)   Other: 0.2ms
[2024-08-15T15:41:43.723+0000][11599.668s][info][gc,heap     ] GC(2632) Eden regions: 67->0(734)
[2024-08-15T15:41:43.723+0000][11599.668s][info][gc,heap     ] GC(2632) Survivor regions: 9->6(10)
[2024-08-15T15:41:43.723+0000][11599.668s][info][gc,heap     ] GC(2632) Old regions: 477->469
[2024-08-15T15:41:43.723+0000][11599.668s][info][gc,heap     ] GC(2632) Archive regions: 2->2
[2024-08-15T15:41:43.723+0000][11599.668s][info][gc,heap     ] GC(2632) Humongous regions: 6->6
[2024-08-15T15:41:43.723+0000][11599.668s][info][gc,metaspace] GC(2632) Metaspace: 442341K(448832K)->442341K(448832K) NonClass: 387450K(391104K)->387450K(391104K) Class: 54890K(57728K)->54890K(57728K)
[2024-08-15T15:41:43.723+0000][11599.668s][info][gc          ] GC(2632) Pause Young (Mixed) (G1 Evacuation Pause) 4468M->3847M(12288M) 57.333ms
[2024-08-15T15:41:43.723+0000][11599.668s][info][gc,cpu      ] GC(2632) User=0.34s Sys=0.00s Real=0.05s
[2024-08-15T15:41:48.601+0000][11604.546s][info][gc,start    ] GC(2633) Pause Young (Normal) (G1 Evacuation Pause)
[2024-08-15T15:41:48.601+0000][11604.546s][info][gc,task     ] GC(2633) Using 6 workers of 6 for evacuation
[2024-08-15T15:41:48.618+0000][11604.563s][info][gc,phases   ] GC(2633)   Pre Evacuate Collection Set: 0.2ms
[2024-08-15T15:41:48.618+0000][11604.563s][info][gc,phases   ] GC(2633)   Merge Heap Roots: 0.2ms
[2024-08-15T15:41:48.618+0000][11604.563s][info][gc,phases   ] GC(2633)   Evacuate Collection Set: 14.8ms
[2024-08-15T15:41:48.618+0000][11604.563s][info][gc,phases   ] GC(2633)   Post Evacuate Collection Set: 1.7ms
[2024-08-15T15:41:48.618+0000][11604.563s][info][gc,phases   ] GC(2633)   Other: 0.2ms
[2024-08-15T15:41:48.618+0000][11604.563s][info][gc,heap     ] GC(2633) Eden regions: 734->0(733)
[2024-08-15T15:41:48.618+0000][11604.563s][info][gc,heap     ] GC(2633) Survivor regions: 6->7(93)
[2024-08-15T15:41:48.618+0000][11604.563s][info][gc,heap     ] GC(2633) Old regions: 469->469
[2024-08-15T15:41:48.618+0000][11604.563s][info][gc,heap     ] GC(2633) Archive regions: 2->2
[2024-08-15T15:41:48.618+0000][11604.563s][info][gc,heap     ] GC(2633) Humongous regions: 6->6
[2024-08-15T15:41:48.618+0000][11604.563s][info][gc,metaspace] GC(2633) Metaspace: 442341K(448832K)->442341K(448832K) NonClass: 387450K(391104K)->387450K(391104K) Class: 54890K(57728K)->54890K(57728K)
[2024-08-15T15:41:48.618+0000][11604.563s][info][gc          ] GC(2633) Pause Young (Normal) (G1 Evacuation Pause) 9719M->3859M(12288M) 17.096ms
[2024-08-15T15:41:48.618+0000][11604.563s][info][gc,cpu      ] GC(2633) User=0.10s Sys=0.00s Real=0.02s
[2024-08-15T15:41:53.534+0000][11609.478s][info][gc,start    ] GC(2634) Pause Young (Normal) (G1 Evacuation Pause)
[2024-08-15T15:41:53.534+0000][11609.478s][info][gc,task     ] GC(2634) Using 6 workers of 6 for evacuation
[2024-08-15T15:41:53.553+0000][11609.497s][info][gc,phases   ] GC(2634)   Pre Evacuate Collection Set: 0.2ms
[2024-08-15T15:41:53.553+0000][11609.497s][info][gc,phases   ] GC(2634)   Merge Heap Roots: 0.2ms
[2024-08-15T15:41:53.553+0000][11609.497s][info][gc,phases   ] GC(2634)   Evacuate Collection Set: 16.6ms
[2024-08-15T15:41:53.553+0000][11609.497s][info][gc,phases   ] GC(2634)   Post Evacuate Collection Set: 1.7ms
[2024-08-15T15:41:53.553+0000][11609.497s][info][gc,phases   ] GC(2634)   Other: 0.2ms
[2024-08-15T15:41:53.553+0000][11609.497s][info][gc,heap     ] GC(2634) Eden regions: 733->0(730)
[2024-08-15T15:41:53.553+0000][11609.497s][info][gc,heap     ] GC(2634) Survivor regions: 7->10(93)
[2024-08-15T15:41:53.553+0000][11609.497s][info][gc,heap     ] GC(2634) Old regions: 469->469
[2024-08-15T15:41:53.553+0000][11609.497s][info][gc,heap     ] GC(2634) Archive regions: 2->2
[2024-08-15T15:41:53.553+0000][11609.497s][info][gc,heap     ] GC(2634) Humongous regions: 6->6
[2024-08-15T15:41:53.553+0000][11609.497s][info][gc,metaspace] GC(2634) Metaspace: 442341K(448832K)->442341K(448832K) NonClass: 387450K(391104K)->387450K(391104K) Class: 54890K(57728K)->54890K(57728K)
[2024-08-15T15:41:53.553+0000][11609.497s][info][gc          ] GC(2634) Pause Young (Normal) (G1 Evacuation Pause) 9723M->3879M(12288M) 18.941ms
[2024-08-15T15:41:53.553+0000][11609.497s][info][gc,cpu      ] GC(2634) User=0.11s Sys=0.00s Real=0.02s
[2024-08-15T15:41:58.499+0000][11614.443s][info][gc,start    ] GC(2635) Pause Young (Concurrent Start) (G1 Evacuation Pause)
[2024-08-15T15:41:58.499+0000][11614.443s][info][gc,task     ] GC(2635) Using 6 workers of 6 for evacuation
[2024-08-15T15:41:58.520+0000][11614.465s][info][gc,phases   ] GC(2635)   Pre Evacuate Collection Set: 0.6ms
[2024-08-15T15:41:58.520+0000][11614.465s][info][gc,phases   ] GC(2635)   Merge Heap Roots: 0.2ms
[2024-08-15T15:41:58.520+0000][11614.465s][info][gc,phases   ] GC(2635)   Evacuate Collection Set: 18.8ms
[2024-08-15T15:41:58.520+0000][11614.465s][info][gc,phases   ] GC(2635)   Post Evacuate Collection Set: 1.8ms
[2024-08-15T15:41:58.520+0000][11614.465s][info][gc,phases   ] GC(2635)   Other: 0.3ms
[2024-08-15T15:41:58.520+0000][11614.465s][info][gc,heap     ] GC(2635) Eden regions: 730->0(731)
[2024-08-15T15:41:58.520+0000][11614.465s][info][gc,heap     ] GC(2635) Survivor regions: 10->9(93)
[2024-08-15T15:41:58.520+0000][11614.465s][info][gc,heap     ] GC(2635) Old regions: 469->469
[2024-08-15T15:41:58.520+0000][11614.465s][info][gc,heap     ] GC(2635) Archive regions: 2->2
[2024-08-15T15:41:58.520+0000][11614.465s][info][gc,heap     ] GC(2635) Humongous regions: 6->6
[2024-08-15T15:41:58.520+0000][11614.465s][info][gc,metaspace] GC(2635) Metaspace: 442341K(448832K)->442341K(448832K) NonClass: 387450K(391104K)->387450K(391104K) Class: 54890K(57728K)->54890K(57728K)
[2024-08-15T15:41:58.520+0000][11614.465s][info][gc          ] GC(2635) Pause Young (Concurrent Start) (G1 Evacuation Pause) 9719M->3874M(12288M) 21.752ms
[2024-08-15T15:41:58.520+0000][11614.465s][info][gc,cpu      ] GC(2635) User=0.12s Sys=0.00s Real=0.02s
[2024-08-15T15:41:58.520+0000][11614.465s][info][gc          ] GC(2636) Concurrent Mark Cycle
[2024-08-15T15:41:58.521+0000][11614.465s][info][gc,marking  ] GC(2636) Concurrent Clear Claimed Marks
[2024-08-15T15:41:58.521+0000][11614.466s][info][gc,marking  ] GC(2636) Concurrent Clear Claimed Marks 0.385ms
[2024-08-15T15:41:58.521+0000][11614.466s][info][gc,marking  ] GC(2636) Concurrent Scan Root Regions
[2024-08-15T15:41:58.542+0000][11614.486s][info][gc,marking  ] GC(2636) Concurrent Scan Root Regions 20.610ms
[2024-08-15T15:41:58.542+0000][11614.486s][info][gc,marking  ] GC(2636) Concurrent Mark
[2024-08-15T15:41:58.542+0000][11614.486s][info][gc,marking  ] GC(2636) Concurrent Mark From Roots
[2024-08-15T15:41:58.542+0000][11614.486s][info][gc,task     ] GC(2636) Using 2 workers of 2 for marking
[2024-08-15T15:42:01.739+0000][11617.683s][info][gc,marking  ] GC(2636) Concurrent Mark From Roots 3197.034ms
[2024-08-15T15:42:01.739+0000][11617.683s][info][gc,marking  ] GC(2636) Concurrent Preclean
[2024-08-15T15:42:01.740+0000][11617.685s][info][gc,marking  ] GC(2636) Concurrent Preclean 1.508ms
[2024-08-15T15:42:01.740+0000][11617.685s][info][gc,start    ] GC(2636) Pause Remark
[2024-08-15T15:42:01.767+0000][11617.711s][info][gc          ] GC(2636) Pause Remark 7174M->7174M(12288M) 26.265ms
[2024-08-15T15:42:01.767+0000][11617.711s][info][gc,cpu      ] GC(2636) User=0.11s Sys=0.00s Real=0.03s
[2024-08-15T15:42:01.767+0000][11617.712s][info][gc,marking  ] GC(2636) Concurrent Mark 3225.409ms
[2024-08-15T15:42:01.767+0000][11617.712s][info][gc,marking  ] GC(2636) Concurrent Rebuild Remembered Sets
[2024-08-15T15:42:03.608+0000][11619.553s][info][gc,marking  ] GC(2636) Concurrent Rebuild Remembered Sets 1841.128ms
[2024-08-15T15:42:03.608+0000][11619.553s][info][gc,start    ] GC(2636) Pause Cleanup
[2024-08-15T15:42:03.609+0000][11619.554s][info][gc          ] GC(2636) Pause Cleanup 9202M->9202M(12288M) 0.550ms
[2024-08-15T15:42:03.609+0000][11619.554s][info][gc,cpu      ] GC(2636) User=0.00s Sys=0.00s Real=0.00s
[2024-08-15T15:42:03.609+0000][11619.554s][info][gc,marking  ] GC(2636) Concurrent Cleanup for Next Mark
[2024-08-15T15:42:03.627+0000][11619.571s][info][gc,marking  ] GC(2636) Concurrent Cleanup for Next Mark 17.490ms
[2024-08-15T15:42:03.627+0000][11619.571s][info][gc          ] GC(2636) Concurrent Mark Cycle 5106.077ms
[2024-08-15T15:42:04.064+0000][11620.008s][info][gc,start    ] GC(2637) Pause Young (Prepare Mixed) (G1 Evacuation Pause)
[2024-08-15T15:42:04.064+0000][11620.008s][info][gc,task     ] GC(2637) Using 6 workers of 6 for evacuation
[2024-08-15T15:42:04.088+0000][11620.032s][info][gc,phases   ] GC(2637)   Pre Evacuate Collection Set: 0.2ms
[2024-08-15T15:42:04.088+0000][11620.032s][info][gc,phases   ] GC(2637)   Merge Heap Roots: 0.3ms
[2024-08-15T15:42:04.088+0000][11620.032s][info][gc,phases   ] GC(2637)   Evacuate Collection Set: 21.5ms
[2024-08-15T15:42:04.088+0000][11620.032s][info][gc,phases   ] GC(2637)   Post Evacuate Collection Set: 1.8ms
[2024-08-15T15:42:04.088+0000][11620.032s][info][gc,phases   ] GC(2637)   Other: 0.2ms
[2024-08-15T15:42:04.088+0000][11620.032s][info][gc,heap     ] GC(2637) Eden regions: 731->0(65)
[2024-08-15T15:42:04.088+0000][11620.032s][info][gc,heap     ] GC(2637) Survivor regions: 9->11(93)
[2024-08-15T15:42:04.088+0000][11620.032s][info][gc,heap     ] GC(2637) Old regions: 469->469
[2024-08-15T15:42:04.088+0000][11620.032s][info][gc,heap     ] GC(2637) Archive regions: 2->2
[2024-08-15T15:42:04.088+0000][11620.032s][info][gc,heap     ] GC(2637) Humongous regions: 6->6
[2024-08-15T15:42:04.088+0000][11620.032s][info][gc,metaspace] GC(2637) Metaspace: 442346K(448832K)->442346K(448832K) NonClass: 387456K(391104K)->387456K(391104K) Class: 54890K(57728K)->54890K(57728K)
[2024-08-15T15:42:04.088+0000][11620.032s][info][gc          ] GC(2637) Pause Young (Prepare Mixed) (G1 Evacuation Pause) 9722M->3891M(12288M) 23.968ms
[2024-08-15T15:42:04.088+0000][11620.032s][info][gc,cpu      ] GC(2637) User=0.14s Sys=0.00s Real=0.02s
[2024-08-15T15:42:04.507+0000][11620.452s][info][gc,start    ] GC(2638) Pause Young (Mixed) (G1 Evacuation Pause)
[2024-08-15T15:42:04.507+0000][11620.452s][info][gc,task     ] GC(2638) Using 6 workers of 6 for evacuation
[2024-08-15T15:42:04.570+0000][11620.514s][info][gc,phases   ] GC(2638)   Pre Evacuate Collection Set: 0.2ms
[2024-08-15T15:42:04.570+0000][11620.514s][info][gc,phases   ] GC(2638)   Merge Heap Roots: 0.4ms
[2024-08-15T15:42:04.570+0000][11620.515s][info][gc,phases   ] GC(2638)   Evacuate Collection Set: 60.5ms
[2024-08-15T15:42:04.570+0000][11620.515s][info][gc,phases   ] GC(2638)   Post Evacuate Collection Set: 1.4ms
[2024-08-15T15:42:04.570+0000][11620.515s][info][gc,phases   ] GC(2638)   Other: 0.2ms
[2024-08-15T15:42:04.570+0000][11620.515s][info][gc,heap     ] GC(2638) Eden regions: 65->0(734)
[2024-08-15T15:42:04.570+0000][11620.515s][info][gc,heap     ] GC(2638) Survivor regions: 11->5(10)
[2024-08-15T15:42:04.570+0000][11620.515s][info][gc,heap     ] GC(2638) Old regions: 469->470
[2024-08-15T15:42:04.570+0000][11620.515s][info][gc,heap     ] GC(2638) Archive regions: 2->2
[2024-08-15T15:42:04.570+0000][11620.515s][info][gc,heap     ] GC(2638) Humongous regions: 6->6
[2024-08-15T15:42:04.570+0000][11620.515s][info][gc,metaspace] GC(2638) Metaspace: 442346K(448832K)->442346K(448832K) NonClass: 387456K(391104K)->387456K(391104K) Class: 54890K(57728K)->54890K(57728K)
[2024-08-15T15:42:04.570+0000][11620.515s][info][gc          ] GC(2638) Pause Young (Mixed) (G1 Evacuation Pause) 4411M->3849M(12288M) 62.629ms
[2024-08-15T15:42:04.570+0000][11620.515s][info][gc,cpu      ] GC(2638) User=0.37s Sys=0.00s Real=0.06s
[2024-08-15T15:42:09.132+0000][11625.077s][info][gc,start    ] GC(2639) Pause Young (Normal) (G1 Evacuation Pause)
[2024-08-15T15:42:09.132+0000][11625.077s][info][gc,task     ] GC(2639) Using 6 workers of 6 for evacuation
[2024-08-15T15:42:09.143+0000][11625.088s][info][gc,phases   ] GC(2639)   Pre Evacuate Collection Set: 0.2ms
[2024-08-15T15:42:09.143+0000][11625.088s][info][gc,phases   ] GC(2639)   Merge Heap Roots: 0.2ms
[2024-08-15T15:42:09.143+0000][11625.088s][info][gc,phases   ] GC(2639)   Evacuate Collection Set: 8.4ms
[2024-08-15T15:42:09.143+0000][11625.088s][info][gc,phases   ] GC(2639)   Post Evacuate Collection Set: 1.7ms
[2024-08-15T15:42:09.143+0000][11625.088s][info][gc,phases   ] GC(2639)   Other: 0.2ms
[2024-08-15T15:42:09.143+0000][11625.088s][info][gc,heap     ] GC(2639) Eden regions: 734->0(734)
[2024-08-15T15:42:09.143+0000][11625.088s][info][gc,heap     ] GC(2639) Survivor regions: 5->5(93)
[2024-08-15T15:42:09.143+0000][11625.088s][info][gc,heap     ] GC(2639) Old regions: 470->470
[2024-08-15T15:42:09.143+0000][11625.088s][info][gc,heap     ] GC(2639) Archive regions: 2->2
[2024-08-15T15:42:09.143+0000][11625.088s][info][gc,heap     ] GC(2639) Humongous regions: 6->6
[2024-08-15T15:42:09.143+0000][11625.088s][info][gc,metaspace] GC(2639) Metaspace: 442346K(448832K)->442346K(448832K) NonClass: 387456K(391104K)->387456K(391104K) Class: 54890K(57728K)->54890K(57728K)
[2024-08-15T15:42:09.143+0000][11625.088s][info][gc          ] GC(2639) Pause Young (Normal) (G1 Evacuation Pause) 9721M->3847M(12288M) 10.776ms
[2024-08-15T15:42:09.143+0000][11625.088s][info][gc,cpu      ] GC(2639) User=0.06s Sys=0.00s Real=0.02s
[2024-08-15T15:42:13.404+0000][11629.349s][info][gc,start    ] GC(2640) Pause Young (Normal) (G1 Evacuation Pause)
[2024-08-15T15:42:13.404+0000][11629.349s][info][gc,task     ] GC(2640) Using 6 workers of 6 for evacuation
[2024-08-15T15:42:13.417+0000][11629.361s][info][gc,phases   ] GC(2640)   Pre Evacuate Collection Set: 0.2ms
[2024-08-15T15:42:13.417+0000][11629.361s][info][gc,phases   ] GC(2640)   Merge Heap Roots: 0.2ms
[2024-08-15T15:42:13.417+0000][11629.361s][info][gc,phases   ] GC(2640)   Evacuate Collection Set: 10.2ms
[2024-08-15T15:42:13.417+0000][11629.361s][info][gc,phases   ] GC(2640)   Post Evacuate Collection Set: 1.7ms
[2024-08-15T15:42:13.417+0000][11629.361s][info][gc,phases   ] GC(2640)   Other: 0.2ms
[2024-08-15T15:42:13.417+0000][11629.361s][info][gc,heap     ] GC(2640) Eden regions: 734->0(732)
[2024-08-15T15:42:13.417+0000][11629.361s][info][gc,heap     ] GC(2640) Survivor regions: 5->7(93)
[2024-08-15T15:42:13.417+0000][11629.361s][info][gc,heap     ] GC(2640) Old regions: 470->470
[2024-08-15T15:42:13.417+0000][11629.361s][info][gc,heap     ] GC(2640) Archive regions: 2->2
[2024-08-15T15:42:13.417+0000][11629.361s][info][gc,heap     ] GC(2640) Humongous regions: 6->6
[2024-08-15T15:42:13.417+0000][11629.361s][info][gc,metaspace] GC(2640) Metaspace: 442346K(448832K)->442346K(448832K) NonClass: 387456K(391104K)->387456K(391104K) Class: 54890K(57728K)->54890K(57728K)
[2024-08-15T15:42:13.417+0000][11629.361s][info][gc          ] GC(2640) Pause Young (Normal) (G1 Evacuation Pause) 9719M->3861M(12288M) 12.580ms
[2024-08-15T15:42:13.417+0000][11629.361s][info][gc,cpu      ] GC(2640) User=0.07s Sys=0.00s Real=0.01s
[2024-08-15T15:42:18.312+0000][11634.256s][info][gc,start    ] GC(2641) Pause Young (Concurrent Start) (G1 Evacuation Pause)
[2024-08-15T15:42:18.312+0000][11634.256s][info][gc,task     ] GC(2641) Using 6 workers of 6 for evacuation
[2024-08-15T15:42:18.326+0000][11634.271s][info][gc,phases   ] GC(2641)   Pre Evacuate Collection Set: 0.5ms
[2024-08-15T15:42:18.326+0000][11634.271s][info][gc,phases   ] GC(2641)   Merge Heap Roots: 0.2ms
[2024-08-15T15:42:18.326+0000][11634.271s][info][gc,phases   ] GC(2641)   Evacuate Collection Set: 12.3ms
[2024-08-15T15:42:18.326+0000][11634.271s][info][gc,phases   ] GC(2641)   Post Evacuate Collection Set: 1.7ms
[2024-08-15T15:42:18.326+0000][11634.271s][info][gc,phases   ] GC(2641)   Other: 0.3ms
[2024-08-15T15:42:18.326+0000][11634.271s][info][gc,heap     ] GC(2641) Eden regions: 732->0(733)
[2024-08-15T15:42:18.327+0000][11634.271s][info][gc,heap     ] GC(2641) Survivor regions: 7->7(93)
[2024-08-15T15:42:18.327+0000][11634.271s][info][gc,heap     ] GC(2641) Old regions: 470->470
[2024-08-15T15:42:18.327+0000][11634.271s][info][gc,heap     ] GC(2641) Archive regions: 2->2
[2024-08-15T15:42:18.327+0000][11634.271s][info][gc,heap     ] GC(2641) Humongous regions: 6->6
[2024-08-15T15:42:18.327+0000][11634.271s][info][gc,metaspace] GC(2641) Metaspace: 442346K(448832K)->442346K(448832K) NonClass: 387456K(391104K)->387456K(391104K) Class: 54890K(57728K)->54890K(57728K)
[2024-08-15T15:42:18.327+0000][11634.271s][info][gc          ] GC(2641) Pause Young (Concurrent Start) (G1 Evacuation Pause) 9717M->3862M(12288M) 15.020ms
[2024-08-15T15:42:18.327+0000][11634.271s][info][gc,cpu      ] GC(2641) User=0.09s Sys=0.00s Real=0.02s
[2024-08-15T15:42:18.327+0000][11634.271s][info][gc          ] GC(2642) Concurrent Mark Cycle
[2024-08-15T15:42:18.327+0000][11634.271s][info][gc,marking  ] GC(2642) Concurrent Clear Claimed Marks
[2024-08-15T15:42:18.327+0000][11634.272s][info][gc,marking  ] GC(2642) Concurrent Clear Claimed Marks 0.364ms
[2024-08-15T15:42:18.327+0000][11634.272s][info][gc,marking  ] GC(2642) Concurrent Scan Root Regions
[2024-08-15T15:42:18.339+0000][11634.284s][info][gc,marking  ] GC(2642) Concurrent Scan Root Regions 11.847ms
[2024-08-15T15:42:18.339+0000][11634.284s][info][gc,marking  ] GC(2642) Concurrent Mark
[2024-08-15T15:42:18.339+0000][11634.284s][info][gc,marking  ] GC(2642) Concurrent Mark From Roots
[2024-08-15T15:42:18.339+0000][11634.284s][info][gc,task     ] GC(2642) Using 2 workers of 2 for marking
[2024-08-15T15:42:21.427+0000][11637.372s][info][gc,marking  ] GC(2642) Concurrent Mark From Roots 3088.278ms
[2024-08-15T15:42:21.427+0000][11637.372s][info][gc,marking  ] GC(2642) Concurrent Preclean
[2024-08-15T15:42:21.429+0000][11637.374s][info][gc,marking  ] GC(2642) Concurrent Preclean 1.929ms
[2024-08-15T15:42:21.429+0000][11637.374s][info][gc,start    ] GC(2642) Pause Remark
[2024-08-15T15:42:21.453+0000][11637.398s][info][gc          ] GC(2642) Pause Remark 7106M->7106M(12288M) 23.576ms
[2024-08-15T15:42:21.453+0000][11637.398s][info][gc,cpu      ] GC(2642) User=0.10s Sys=0.00s Real=0.02s
[2024-08-15T15:42:21.453+0000][11637.398s][info][gc,marking  ] GC(2642) Concurrent Mark 3114.171ms
[2024-08-15T15:42:21.453+0000][11637.398s][info][gc,marking  ] GC(2642) Concurrent Rebuild Remembered Sets
[2024-08-15T15:42:23.273+0000][11639.218s][info][gc,marking  ] GC(2642) Concurrent Rebuild Remembered Sets 1819.794ms
[2024-08-15T15:42:23.273+0000][11639.218s][info][gc,start    ] GC(2642) Pause Cleanup
[2024-08-15T15:42:23.274+0000][11639.218s][info][gc          ] GC(2642) Pause Cleanup 9006M->9006M(12288M) 0.540ms
[2024-08-15T15:42:23.274+0000][11639.218s][info][gc,cpu      ] GC(2642) User=0.00s Sys=0.00s Real=0.00s
[2024-08-15T15:42:23.274+0000][11639.218s][info][gc,marking  ] GC(2642) Concurrent Cleanup for Next Mark
[2024-08-15T15:42:23.290+0000][11639.235s][info][gc,marking  ] GC(2642) Concurrent Cleanup for Next Mark 16.618ms
[2024-08-15T15:42:23.290+0000][11639.235s][info][gc          ] GC(2642) Concurrent Mark Cycle 4963.820ms
[2024-08-15T15:42:23.891+0000][11639.836s][info][gc,start    ] GC(2643) Pause Young (Prepare Mixed) (G1 Evacuation Pause)
[2024-08-15T15:42:23.891+0000][11639.836s][info][gc,task     ] GC(2643) Using 6 workers of 6 for evacuation
[2024-08-15T15:42:23.909+0000][11639.853s][info][gc,phases   ] GC(2643)   Pre Evacuate Collection Set: 0.2ms
[2024-08-15T15:42:23.909+0000][11639.853s][info][gc,phases   ] GC(2643)   Merge Heap Roots: 0.3ms
[2024-08-15T15:42:23.909+0000][11639.853s][info][gc,phases   ] GC(2643)   Evacuate Collection Set: 15.4ms
[2024-08-15T15:42:23.909+0000][11639.853s][info][gc,phases   ] GC(2643)   Post Evacuate Collection Set: 1.7ms
[2024-08-15T15:42:23.909+0000][11639.853s][info][gc,phases   ] GC(2643)   Other: 0.2ms
[2024-08-15T15:42:23.909+0000][11639.853s][info][gc,heap     ] GC(2643) Eden regions: 733->0(67)
[2024-08-15T15:42:23.909+0000][11639.853s][info][gc,heap     ] GC(2643) Survivor regions: 7->9(93)
[2024-08-15T15:42:23.909+0000][11639.853s][info][gc,heap     ] GC(2643) Old regions: 470->470
[2024-08-15T15:42:23.909+0000][11639.853s][info][gc,heap     ] GC(2643) Archive regions: 2->2
[2024-08-15T15:42:23.909+0000][11639.853s][info][gc,heap     ] GC(2643) Humongous regions: 6->6
[2024-08-15T15:42:23.909+0000][11639.853s][info][gc,metaspace] GC(2643) Metaspace: 442346K(448832K)->442346K(448832K) NonClass: 387456K(391104K)->387456K(391104K) Class: 54890K(57728K)->54890K(57728K)
[2024-08-15T15:42:23.909+0000][11639.853s][info][gc          ] GC(2643) Pause Young (Prepare Mixed) (G1 Evacuation Pause) 9726M->3882M(12288M) 17.866ms
[2024-08-15T15:42:23.909+0000][11639.853s][info][gc,cpu      ] GC(2643) User=0.10s Sys=0.00s Real=0.02s
[2024-08-15T15:42:24.356+0000][11640.301s][info][gc,start    ] GC(2644) Pause Young (Mixed) (G1 Evacuation Pause)
[2024-08-15T15:42:24.357+0000][11640.301s][info][gc,task     ] GC(2644) Using 6 workers of 6 for evacuation
[2024-08-15T15:42:24.408+0000][11640.353s][info][gc,phases   ] GC(2644)   Pre Evacuate Collection Set: 0.1ms
[2024-08-15T15:42:24.408+0000][11640.353s][info][gc,phases   ] GC(2644)   Merge Heap Roots: 0.3ms
[2024-08-15T15:42:24.408+0000][11640.353s][info][gc,phases   ] GC(2644)   Evacuate Collection Set: 49.7ms
[2024-08-15T15:42:24.408+0000][11640.353s][info][gc,phases   ] GC(2644)   Post Evacuate Collection Set: 1.2ms
[2024-08-15T15:42:24.408+0000][11640.353s][info][gc,phases   ] GC(2644)   Other: 0.2ms
[2024-08-15T15:42:24.408+0000][11640.353s][info][gc,heap     ] GC(2644) Eden regions: 67->0(734)
[2024-08-15T15:42:24.408+0000][11640.353s][info][gc,heap     ] GC(2644) Survivor regions: 9->6(10)
[2024-08-15T15:42:24.408+0000][11640.353s][info][gc,heap     ] GC(2644) Old regions: 470->469
[2024-08-15T15:42:24.408+0000][11640.353s][info][gc,heap     ] GC(2644) Archive regions: 2->2
[2024-08-15T15:42:24.408+0000][11640.353s][info][gc,heap     ] GC(2644) Humongous regions: 6->6
[2024-08-15T15:42:24.408+0000][11640.353s][info][gc,metaspace] GC(2644) Metaspace: 442346K(448832K)->442346K(448832K) NonClass: 387456K(391104K)->387456K(391104K) Class: 54890K(57728K)->54890K(57728K)
[2024-08-15T15:42:24.408+0000][11640.353s][info][gc          ] GC(2644) Pause Young (Mixed) (G1 Evacuation Pause) 4418M->3852M(12288M) 51.666ms
[2024-08-15T15:42:24.408+0000][11640.353s][info][gc,cpu      ] GC(2644) User=0.30s Sys=0.00s Real=0.05s
[2024-08-15T15:42:29.389+0000][11645.334s][info][gc,start    ] GC(2645) Pause Young (Normal) (G1 Evacuation Pause)
[2024-08-15T15:42:29.389+0000][11645.334s][info][gc,task     ] GC(2645) Using 6 workers of 6 for evacuation
[2024-08-15T15:42:29.403+0000][11645.347s][info][gc,phases   ] GC(2645)   Pre Evacuate Collection Set: 0.2ms
[2024-08-15T15:42:29.403+0000][11645.347s][info][gc,phases   ] GC(2645)   Merge Heap Roots: 0.2ms
[2024-08-15T15:42:29.403+0000][11645.347s][info][gc,phases   ] GC(2645)   Evacuate Collection Set: 11.3ms
[2024-08-15T15:42:29.403+0000][11645.347s][info][gc,phases   ] GC(2645)   Post Evacuate Collection Set: 1.7ms
[2024-08-15T15:42:29.403+0000][11645.347s][info][gc,phases   ] GC(2645)   Other: 0.2ms
[2024-08-15T15:42:29.403+0000][11645.347s][info][gc,heap     ] GC(2645) Eden regions: 734->0(733)
[2024-08-15T15:42:29.403+0000][11645.347s][info][gc,heap     ] GC(2645) Survivor regions: 6->7(93)
[2024-08-15T15:42:29.403+0000][11645.347s][info][gc,heap     ] GC(2645) Old regions: 469->469
[2024-08-15T15:42:29.403+0000][11645.347s][info][gc,heap     ] GC(2645) Archive regions: 2->2
[2024-08-15T15:42:29.403+0000][11645.347s][info][gc,heap     ] GC(2645) Humongous regions: 6->6
[2024-08-15T15:42:29.403+0000][11645.347s][info][gc,metaspace] GC(2645) Metaspace: 442346K(448832K)->442346K(448832K) NonClass: 387456K(391104K)->387456K(391104K) Class: 54890K(57728K)->54890K(57728K)
[2024-08-15T15:42:29.403+0000][11645.347s][info][gc          ] GC(2645) Pause Young (Normal) (G1 Evacuation Pause) 9724M->3857M(12288M) 13.653ms
[2024-08-15T15:42:29.403+0000][11645.347s][info][gc,cpu      ] GC(2645) User=0.08s Sys=0.00s Real=0.01s
[2024-08-15T15:42:34.326+0000][11650.271s][info][gc,start    ] GC(2646) Pause Young (Normal) (G1 Evacuation Pause)
[2024-08-15T15:42:34.326+0000][11650.271s][info][gc,task     ] GC(2646) Using 6 workers of 6 for evacuation
[2024-08-15T15:42:34.342+0000][11650.286s][info][gc,phases   ] GC(2646)   Pre Evacuate Collection Set: 0.2ms
[2024-08-15T15:42:34.342+0000][11650.286s][info][gc,phases   ] GC(2646)   Merge Heap Roots: 0.2ms
[2024-08-15T15:42:34.342+0000][11650.286s][info][gc,phases   ] GC(2646)   Evacuate Collection Set: 13.2ms
[2024-08-15T15:42:34.342+0000][11650.286s][info][gc,phases   ] GC(2646)   Post Evacuate Collection Set: 1.7ms
[2024-08-15T15:42:34.342+0000][11650.286s][info][gc,phases   ] GC(2646)   Other: 0.2ms
[2024-08-15T15:42:34.342+0000][11650.286s][info][gc,heap     ] GC(2646) Eden regions: 733->0(731)
[2024-08-15T15:42:34.342+0000][11650.287s][info][gc,heap     ] GC(2646) Survivor regions: 7->8(93)
[2024-08-15T15:42:34.342+0000][11650.287s][info][gc,heap     ] GC(2646) Old regions: 469->469
[2024-08-15T15:42:34.342+0000][11650.287s][info][gc,heap     ] GC(2646) Archive regions: 2->2
[2024-08-15T15:42:34.342+0000][11650.287s][info][gc,heap     ] GC(2646) Humongous regions: 6->6
[2024-08-15T15:42:34.342+0000][11650.287s][info][gc,metaspace] GC(2646) Metaspace: 442346K(448832K)->442346K(448832K) NonClass: 387456K(391104K)->387456K(391104K) Class: 54890K(57728K)->54890K(57728K)
[2024-08-15T15:42:34.342+0000][11650.287s][info][gc          ] GC(2646) Pause Young (Normal) (G1 Evacuation Pause) 9721M->3866M(12288M) 15.561ms
[2024-08-15T15:42:34.342+0000][11650.287s][info][gc,cpu      ] GC(2646) User=0.09s Sys=0.00s Real=0.01s
[2024-08-15T15:42:39.171+0000][11655.115s][info][gc,start    ] GC(2647) Pause Young (Concurrent Start) (G1 Evacuation Pause)
[2024-08-15T15:42:39.171+0000][11655.115s][info][gc,task     ] GC(2647) Using 6 workers of 6 for evacuation
[2024-08-15T15:42:39.192+0000][11655.136s][info][gc,phases   ] GC(2647)   Pre Evacuate Collection Set: 0.6ms
[2024-08-15T15:42:39.192+0000][11655.136s][info][gc,phases   ] GC(2647)   Merge Heap Roots: 0.2ms
[2024-08-15T15:42:39.192+0000][11655.136s][info][gc,phases   ] GC(2647)   Evacuate Collection Set: 18.4ms
[2024-08-15T15:42:39.192+0000][11655.136s][info][gc,phases   ] GC(2647)   Post Evacuate Collection Set: 1.7ms
[2024-08-15T15:42:39.192+0000][11655.136s][info][gc,phases   ] GC(2647)   Other: 0.3ms
[2024-08-15T15:42:39.192+0000][11655.136s][info][gc,heap     ] GC(2647) Eden regions: 731->0(730)
[2024-08-15T15:42:39.192+0000][11655.136s][info][gc,heap     ] GC(2647) Survivor regions: 8->10(93)
[2024-08-15T15:42:39.192+0000][11655.136s][info][gc,heap     ] GC(2647) Old regions: 469->469
[2024-08-15T15:42:39.192+0000][11655.136s][info][gc,heap     ] GC(2647) Archive regions: 2->2
[2024-08-15T15:42:39.192+0000][11655.136s][info][gc,heap     ] GC(2647) Humongous regions: 6->6
[2024-08-15T15:42:39.192+0000][11655.136s][info][gc,metaspace] GC(2647) Metaspace: 442356K(448832K)->442356K(448832K) NonClass: 387466K(391104K)->387466K(391104K) Class: 54890K(57728K)->54890K(57728K)
[2024-08-15T15:42:39.192+0000][11655.136s][info][gc          ] GC(2647) Pause Young (Concurrent Start) (G1 Evacuation Pause) 9714M->3883M(12288M) 21.173ms
[2024-08-15T15:42:39.192+0000][11655.136s][info][gc,cpu      ] GC(2647) User=0.12s Sys=0.00s Real=0.02s
[2024-08-15T15:42:39.192+0000][11655.136s][info][gc          ] GC(2648) Concurrent Mark Cycle
[2024-08-15T15:42:39.192+0000][11655.136s][info][gc,marking  ] GC(2648) Concurrent Clear Claimed Marks
[2024-08-15T15:42:39.192+0000][11655.137s][info][gc,marking  ] GC(2648) Concurrent Clear Claimed Marks 0.367ms
[2024-08-15T15:42:39.192+0000][11655.137s][info][gc,marking  ] GC(2648) Concurrent Scan Root Regions
[2024-08-15T15:42:39.207+0000][11655.151s][info][gc,marking  ] GC(2648) Concurrent Scan Root Regions 14.354ms
[2024-08-15T15:42:39.207+0000][11655.151s][info][gc,marking  ] GC(2648) Concurrent Mark
[2024-08-15T15:42:39.207+0000][11655.151s][info][gc,marking  ] GC(2648) Concurrent Mark From Roots
[2024-08-15T15:42:39.207+0000][11655.151s][info][gc,task     ] GC(2648) Using 2 workers of 2 for marking
[2024-08-15T15:42:42.260+0000][11658.205s][info][gc,marking  ] GC(2648) Concurrent Mark From Roots 3053.398ms
[2024-08-15T15:42:42.260+0000][11658.205s][info][gc,marking  ] GC(2648) Concurrent Preclean
[2024-08-15T15:42:42.262+0000][11658.207s][info][gc,marking  ] GC(2648) Concurrent Preclean 2.056ms
[2024-08-15T15:42:42.262+0000][11658.207s][info][gc,start    ] GC(2648) Pause Remark
[2024-08-15T15:42:42.286+0000][11658.231s][info][gc          ] GC(2648) Pause Remark 7099M->7099M(12288M) 23.447ms
[2024-08-15T15:42:42.286+0000][11658.231s][info][gc,cpu      ] GC(2648) User=0.09s Sys=0.01s Real=0.03s
[2024-08-15T15:42:42.286+0000][11658.231s][info][gc,marking  ] GC(2648) Concurrent Mark 3079.515ms
[2024-08-15T15:42:42.286+0000][11658.231s][info][gc,marking  ] GC(2648) Concurrent Rebuild Remembered Sets
[2024-08-15T15:42:44.118+0000][11660.063s][info][gc,marking  ] GC(2648) Concurrent Rebuild Remembered Sets 1832.054ms
[2024-08-15T15:42:44.118+0000][11660.063s][info][gc,start    ] GC(2648) Pause Cleanup
[2024-08-15T15:42:44.119+0000][11660.064s][info][gc          ] GC(2648) Pause Cleanup 9083M->9083M(12288M) 0.500ms
[2024-08-15T15:42:44.119+0000][11660.064s][info][gc,cpu      ] GC(2648) User=0.00s Sys=0.00s Real=0.00s
[2024-08-15T15:42:44.119+0000][11660.064s][info][gc,marking  ] GC(2648) Concurrent Cleanup for Next Mark
[2024-08-15T15:42:44.136+0000][11660.081s][info][gc,marking  ] GC(2648) Concurrent Cleanup for Next Mark 17.059ms
[2024-08-15T15:42:44.136+0000][11660.081s][info][gc          ] GC(2648) Concurrent Mark Cycle 4944.361ms
[2024-08-15T15:42:44.639+0000][11660.583s][info][gc,start    ] GC(2649) Pause Young (Prepare Mixed) (G1 Evacuation Pause)
[2024-08-15T15:42:44.639+0000][11660.583s][info][gc,task     ] GC(2649) Using 6 workers of 6 for evacuation
[2024-08-15T15:42:44.660+0000][11660.605s][info][gc,phases   ] GC(2649)   Pre Evacuate Collection Set: 0.2ms
[2024-08-15T15:42:44.660+0000][11660.605s][info][gc,phases   ] GC(2649)   Merge Heap Roots: 0.4ms
[2024-08-15T15:42:44.660+0000][11660.605s][info][gc,phases   ] GC(2649)   Evacuate Collection Set: 19.1ms
[2024-08-15T15:42:44.660+0000][11660.605s][info][gc,phases   ] GC(2649)   Post Evacuate Collection Set: 1.9ms
[2024-08-15T15:42:44.660+0000][11660.605s][info][gc,phases   ] GC(2649)   Other: 0.2ms
[2024-08-15T15:42:44.660+0000][11660.605s][info][gc,heap     ] GC(2649) Eden regions: 730->0(66)
[2024-08-15T15:42:44.660+0000][11660.605s][info][gc,heap     ] GC(2649) Survivor regions: 10->10(93)
[2024-08-15T15:42:44.660+0000][11660.605s][info][gc,heap     ] GC(2649) Old regions: 469->469
[2024-08-15T15:42:44.660+0000][11660.605s][info][gc,heap     ] GC(2649) Archive regions: 2->2
[2024-08-15T15:42:44.660+0000][11660.605s][info][gc,heap     ] GC(2649) Humongous regions: 6->6
[2024-08-15T15:42:44.660+0000][11660.605s][info][gc,metaspace] GC(2649) Metaspace: 442356K(448832K)->442356K(448832K) NonClass: 387466K(391104K)->387466K(391104K) Class: 54890K(57728K)->54890K(57728K)
[2024-08-15T15:42:44.660+0000][11660.605s][info][gc          ] GC(2649) Pause Young (Prepare Mixed) (G1 Evacuation Pause) 9723M->3883M(12288M) 21.806ms
[2024-08-15T15:42:44.661+0000][11660.605s][info][gc,cpu      ] GC(2649) User=0.13s Sys=0.00s Real=0.02s
[2024-08-15T15:42:45.096+0000][11661.041s][info][gc,start    ] GC(2650) Pause Young (Mixed) (G1 Evacuation Pause)
[2024-08-15T15:42:45.096+0000][11661.041s][info][gc,task     ] GC(2650) Using 6 workers of 6 for evacuation
[2024-08-15T15:42:45.150+0000][11661.095s][info][gc,phases   ] GC(2650)   Pre Evacuate Collection Set: 0.2ms
[2024-08-15T15:42:45.150+0000][11661.095s][info][gc,phases   ] GC(2650)   Merge Heap Roots: 0.3ms
[2024-08-15T15:42:45.150+0000][11661.095s][info][gc,phases   ] GC(2650)   Evacuate Collection Set: 52.1ms
[2024-08-15T15:42:45.150+0000][11661.095s][info][gc,phases   ] GC(2650)   Post Evacuate Collection Set: 1.3ms
[2024-08-15T15:42:45.150+0000][11661.095s][info][gc,phases   ] GC(2650)   Other: 0.2ms
[2024-08-15T15:42:45.150+0000][11661.095s][info][gc,heap     ] GC(2650) Eden regions: 66->0(733)
[2024-08-15T15:42:45.150+0000][11661.095s][info][gc,heap     ] GC(2650) Survivor regions: 10->6(10)
[2024-08-15T15:42:45.150+0000][11661.095s][info][gc,heap     ] GC(2650) Old regions: 469->469
[2024-08-15T15:42:45.150+0000][11661.095s][info][gc,heap     ] GC(2650) Archive regions: 2->2
[2024-08-15T15:42:45.150+0000][11661.095s][info][gc,heap     ] GC(2650) Humongous regions: 6->6
[2024-08-15T15:42:45.150+0000][11661.095s][info][gc,metaspace] GC(2650) Metaspace: 442356K(448832K)->442356K(448832K) NonClass: 387466K(391104K)->387466K(391104K) Class: 54890K(57728K)->54890K(57728K)
[2024-08-15T15:42:45.150+0000][11661.095s][info][gc          ] GC(2650) Pause Young (Mixed) (G1 Evacuation Pause) 4411M->3849M(12288M) 54.050ms
[2024-08-15T15:42:45.150+0000][11661.095s][info][gc,cpu      ] GC(2650) User=0.32s Sys=0.00s Real=0.05s
[2024-08-15T15:42:50.060+0000][11666.004s][info][gc,start    ] GC(2651) Pause Young (Normal) (G1 Evacuation Pause)
[2024-08-15T15:42:50.060+0000][11666.005s][info][gc,task     ] GC(2651) Using 6 workers of 6 for evacuation
[2024-08-15T15:42:50.075+0000][11666.020s][info][gc,phases   ] GC(2651)   Pre Evacuate Collection Set: 0.2ms
[2024-08-15T15:42:50.075+0000][11666.020s][info][gc,phases   ] GC(2651)   Merge Heap Roots: 0.2ms
[2024-08-15T15:42:50.075+0000][11666.020s][info][gc,phases   ] GC(2651)   Evacuate Collection Set: 12.9ms
[2024-08-15T15:42:50.075+0000][11666.020s][info][gc,phases   ] GC(2651)   Post Evacuate Collection Set: 1.7ms
[2024-08-15T15:42:50.075+0000][11666.020s][info][gc,phases   ] GC(2651)   Other: 0.2ms
[2024-08-15T15:42:50.075+0000][11666.020s][info][gc,heap     ] GC(2651) Eden regions: 733->0(731)
[2024-08-15T15:42:50.075+0000][11666.020s][info][gc,heap     ] GC(2651) Survivor regions: 6->8(93)
[2024-08-15T15:42:50.075+0000][11666.020s][info][gc,heap     ] GC(2651) Old regions: 469->469
[2024-08-15T15:42:50.075+0000][11666.020s][info][gc,heap     ] GC(2651) Archive regions: 2->2
[2024-08-15T15:42:50.075+0000][11666.020s][info][gc,heap     ] GC(2651) Humongous regions: 6->6
[2024-08-15T15:42:50.075+0000][11666.020s][info][gc,metaspace] GC(2651) Metaspace: 442356K(448832K)->442356K(448832K) NonClass: 387466K(391104K)->387466K(391104K) Class: 54890K(57728K)->54890K(57728K)
[2024-08-15T15:42:50.075+0000][11666.020s][info][gc          ] GC(2651) Pause Young (Normal) (G1 Evacuation Pause) 9713M->3866M(12288M) 15.232ms
[2024-08-15T15:42:50.075+0000][11666.020s][info][gc,cpu      ] GC(2651) User=0.09s Sys=0.01s Real=0.02s
[2024-08-15T15:42:54.848+0000][11670.793s][info][gc,start    ] GC(2652) Pause Young (Normal) (G1 Evacuation Pause)
[2024-08-15T15:42:54.848+0000][11670.793s][info][gc,task     ] GC(2652) Using 6 workers of 6 for evacuation
[2024-08-15T15:42:54.864+0000][11670.809s][info][gc,phases   ] GC(2652)   Pre Evacuate Collection Set: 0.2ms
[2024-08-15T15:42:54.864+0000][11670.809s][info][gc,phases   ] GC(2652)   Merge Heap Roots: 0.2ms
[2024-08-15T15:42:54.864+0000][11670.809s][info][gc,phases   ] GC(2652)   Evacuate Collection Set: 13.7ms
[2024-08-15T15:42:54.864+0000][11670.809s][info][gc,phases   ] GC(2652)   Post Evacuate Collection Set: 1.7ms
[2024-08-15T15:42:54.864+0000][11670.809s][info][gc,phases   ] GC(2652)   Other: 0.2ms
[2024-08-15T15:42:54.864+0000][11670.809s][info][gc,heap     ] GC(2652) Eden regions: 731->0(731)
[2024-08-15T15:42:54.864+0000][11670.809s][info][gc,heap     ] GC(2652) Survivor regions: 8->8(93)
[2024-08-15T15:42:54.864+0000][11670.809s][info][gc,heap     ] GC(2652) Old regions: 469->469
[2024-08-15T15:42:54.864+0000][11670.809s][info][gc,heap     ] GC(2652) Archive regions: 2->2
[2024-08-15T15:42:54.864+0000][11670.809s][info][gc,heap     ] GC(2652) Humongous regions: 6->6
[2024-08-15T15:42:54.864+0000][11670.809s][info][gc,metaspace] GC(2652) Metaspace: 442356K(448832K)->442356K(448832K) NonClass: 387466K(391104K)->387466K(391104K) Class: 54890K(57728K)->54890K(57728K)
[2024-08-15T15:42:54.864+0000][11670.809s][info][gc          ] GC(2652) Pause Young (Normal) (G1 Evacuation Pause) 9714M->3865M(12288M) 16.119ms
[2024-08-15T15:42:54.864+0000][11670.809s][info][gc,cpu      ] GC(2652) User=0.09s Sys=0.00s Real=0.02s
[2024-08-15T15:42:59.829+0000][11675.773s][info][gc,start    ] GC(2653) Pause Young (Concurrent Start) (G1 Evacuation Pause)
[2024-08-15T15:42:59.829+0000][11675.773s][info][gc,task     ] GC(2653) Using 6 workers of 6 for evacuation
[2024-08-15T15:42:59.848+0000][11675.793s][info][gc,phases   ] GC(2653)   Pre Evacuate Collection Set: 0.5ms
[2024-08-15T15:42:59.848+0000][11675.793s][info][gc,phases   ] GC(2653)   Merge Heap Roots: 0.2ms
[2024-08-15T15:42:59.848+0000][11675.793s][info][gc,phases   ] GC(2653)   Evacuate Collection Set: 16.8ms
[2024-08-15T15:42:59.848+0000][11675.793s][info][gc,phases   ] GC(2653)   Post Evacuate Collection Set: 1.7ms
[2024-08-15T15:42:59.848+0000][11675.793s][info][gc,phases   ] GC(2653)   Other: 0.3ms
[2024-08-15T15:42:59.848+0000][11675.793s][info][gc,heap     ] GC(2653) Eden regions: 731->0(729)
[2024-08-15T15:42:59.848+0000][11675.793s][info][gc,heap     ] GC(2653) Survivor regions: 8->10(93)
[2024-08-15T15:42:59.848+0000][11675.793s][info][gc,heap     ] GC(2653) Old regions: 469->469
[2024-08-15T15:42:59.848+0000][11675.793s][info][gc,heap     ] GC(2653) Archive regions: 2->2
[2024-08-15T15:42:59.848+0000][11675.793s][info][gc,heap     ] GC(2653) Humongous regions: 6->6
[2024-08-15T15:42:59.848+0000][11675.793s][info][gc,metaspace] GC(2653) Metaspace: 442356K(448832K)->442356K(448832K) NonClass: 387466K(391104K)->387466K(391104K) Class: 54890K(57728K)->54890K(57728K)
[2024-08-15T15:42:59.848+0000][11675.793s][info][gc          ] GC(2653) Pause Young (Concurrent Start) (G1 Evacuation Pause) 9713M->3882M(12288M) 19.549ms
[2024-08-15T15:42:59.848+0000][11675.793s][info][gc,cpu      ] GC(2653) User=0.11s Sys=0.00s Real=0.02s
[2024-08-15T15:42:59.848+0000][11675.793s][info][gc          ] GC(2654) Concurrent Mark Cycle
[2024-08-15T15:42:59.848+0000][11675.793s][info][gc,marking  ] GC(2654) Concurrent Clear Claimed Marks
[2024-08-15T15:42:59.849+0000][11675.793s][info][gc,marking  ] GC(2654) Concurrent Clear Claimed Marks 0.366ms
[2024-08-15T15:42:59.849+0000][11675.793s][info][gc,marking  ] GC(2654) Concurrent Scan Root Regions
[2024-08-15T15:42:59.865+0000][11675.809s][info][gc,marking  ] GC(2654) Concurrent Scan Root Regions 15.914ms
[2024-08-15T15:42:59.865+0000][11675.809s][info][gc,marking  ] GC(2654) Concurrent Mark
[2024-08-15T15:42:59.865+0000][11675.809s][info][gc,marking  ] GC(2654) Concurrent Mark From Roots
[2024-08-15T15:42:59.865+0000][11675.809s][info][gc,task     ] GC(2654) Using 2 workers of 2 for marking
[2024-08-15T15:43:02.898+0000][11678.842s][info][gc,marking  ] GC(2654) Concurrent Mark From Roots 3033.072ms
[2024-08-15T15:43:02.898+0000][11678.843s][info][gc,marking  ] GC(2654) Concurrent Preclean
[2024-08-15T15:43:02.900+0000][11678.844s][info][gc,marking  ] GC(2654) Concurrent Preclean 1.965ms
[2024-08-15T15:43:02.900+0000][11678.845s][info][gc,start    ] GC(2654) Pause Remark
[2024-08-15T15:43:02.925+0000][11678.870s][info][gc          ] GC(2654) Pause Remark 7006M->7006M(12288M) 24.915ms
[2024-08-15T15:43:02.925+0000][11678.870s][info][gc,cpu      ] GC(2654) User=0.11s Sys=0.00s Real=0.03s
[2024-08-15T15:43:02.925+0000][11678.870s][info][gc,marking  ] GC(2654) Concurrent Mark 3060.433ms
[2024-08-15T15:43:02.925+0000][11678.870s][info][gc,marking  ] GC(2654) Concurrent Rebuild Remembered Sets
[2024-08-15T15:43:04.732+0000][11680.677s][info][gc,marking  ] GC(2654) Concurrent Rebuild Remembered Sets 1807.136ms
[2024-08-15T15:43:04.733+0000][11680.677s][info][gc,start    ] GC(2654) Pause Cleanup
[2024-08-15T15:43:04.733+0000][11680.678s][info][gc          ] GC(2654) Pause Cleanup 8958M->8958M(12288M) 0.474ms
[2024-08-15T15:43:04.733+0000][11680.678s][info][gc,cpu      ] GC(2654) User=0.00s Sys=0.00s Real=0.00s
[2024-08-15T15:43:04.733+0000][11680.678s][info][gc,marking  ] GC(2654) Concurrent Cleanup for Next Mark
[2024-08-15T15:43:04.750+0000][11680.694s][info][gc,marking  ] GC(2654) Concurrent Cleanup for Next Mark 16.604ms
[2024-08-15T15:43:04.750+0000][11680.694s][info][gc          ] GC(2654) Concurrent Mark Cycle 4901.409ms
[2024-08-15T15:43:05.383+0000][11681.327s][info][gc,start    ] GC(2655) Pause Young (Prepare Mixed) (G1 Evacuation Pause)
[2024-08-15T15:43:05.383+0000][11681.327s][info][gc,task     ] GC(2655) Using 6 workers of 6 for evacuation
[2024-08-15T15:43:05.404+0000][11681.349s][info][gc,phases   ] GC(2655)   Pre Evacuate Collection Set: 0.2ms
[2024-08-15T15:43:05.404+0000][11681.349s][info][gc,phases   ] GC(2655)   Merge Heap Roots: 0.3ms
[2024-08-15T15:43:05.404+0000][11681.349s][info][gc,phases   ] GC(2655)   Evacuate Collection Set: 19.3ms
[2024-08-15T15:43:05.404+0000][11681.349s][info][gc,phases   ] GC(2655)   Post Evacuate Collection Set: 1.8ms
[2024-08-15T15:43:05.405+0000][11681.349s][info][gc,phases   ] GC(2655)   Other: 0.2ms
[2024-08-15T15:43:05.405+0000][11681.349s][info][gc,heap     ] GC(2655) Eden regions: 729->0(66)
[2024-08-15T15:43:05.405+0000][11681.349s][info][gc,heap     ] GC(2655) Survivor regions: 10->10(93)
[2024-08-15T15:43:05.405+0000][11681.349s][info][gc,heap     ] GC(2655) Old regions: 469->469
[2024-08-15T15:43:05.405+0000][11681.349s][info][gc,heap     ] GC(2655) Archive regions: 2->2
[2024-08-15T15:43:05.405+0000][11681.349s][info][gc,heap     ] GC(2655) Humongous regions: 6->6
[2024-08-15T15:43:05.405+0000][11681.349s][info][gc,metaspace] GC(2655) Metaspace: 442357K(448832K)->442357K(448832K) NonClass: 387466K(391104K)->387466K(391104K) Class: 54891K(57728K)->54891K(57728K)
[2024-08-15T15:43:05.405+0000][11681.349s][info][gc          ] GC(2655) Pause Young (Prepare Mixed) (G1 Evacuation Pause) 9714M->3884M(12288M) 21.844ms
[2024-08-15T15:43:05.405+0000][11681.349s][info][gc,cpu      ] GC(2655) User=0.13s Sys=0.00s Real=0.03s
[2024-08-15T15:43:05.816+0000][11681.761s][info][gc,start    ] GC(2656) Pause Young (Mixed) (G1 Evacuation Pause)
[2024-08-15T15:43:05.816+0000][11681.761s][info][gc,task     ] GC(2656) Using 6 workers of 6 for evacuation
[2024-08-15T15:43:05.878+0000][11681.823s][info][gc,phases   ] GC(2656)   Pre Evacuate Collection Set: 0.2ms
[2024-08-15T15:43:05.878+0000][11681.823s][info][gc,phases   ] GC(2656)   Merge Heap Roots: 0.4ms
[2024-08-15T15:43:05.878+0000][11681.823s][info][gc,phases   ] GC(2656)   Evacuate Collection Set: 59.5ms
[2024-08-15T15:43:05.878+0000][11681.823s][info][gc,phases   ] GC(2656)   Post Evacuate Collection Set: 1.5ms
[2024-08-15T15:43:05.878+0000][11681.823s][info][gc,phases   ] GC(2656)   Other: 0.2ms
[2024-08-15T15:43:05.878+0000][11681.823s][info][gc,heap     ] GC(2656) Eden regions: 66->0(731)
[2024-08-15T15:43:05.878+0000][11681.823s][info][gc,heap     ] GC(2656) Survivor regions: 10->6(10)
[2024-08-15T15:43:05.878+0000][11681.823s][info][gc,heap     ] GC(2656) Old regions: 469->471
[2024-08-15T15:43:05.878+0000][11681.823s][info][gc,heap     ] GC(2656) Archive regions: 2->2
[2024-08-15T15:43:05.878+0000][11681.823s][info][gc,heap     ] GC(2656) Humongous regions: 6->6
[2024-08-15T15:43:05.878+0000][11681.823s][info][gc,metaspace] GC(2656) Metaspace: 442357K(448832K)->442357K(448832K) NonClass: 387466K(391104K)->387466K(391104K) Class: 54891K(57728K)->54891K(57728K)
[2024-08-15T15:43:05.878+0000][11681.823s][info][gc          ] GC(2656) Pause Young (Mixed) (G1 Evacuation Pause) 4412M->3857M(12288M) 61.774ms
[2024-08-15T15:43:05.878+0000][11681.823s][info][gc,cpu      ] GC(2656) User=0.36s Sys=0.00s Real=0.06s
[2024-08-15T15:43:09.948+0000][11685.893s][info][gc,start    ] GC(2657) Pause Young (Normal) (G1 Evacuation Pause)
[2024-08-15T15:43:09.948+0000][11685.893s][info][gc,task     ] GC(2657) Using 6 workers of 6 for evacuation
[2024-08-15T15:43:09.961+0000][11685.906s][info][gc,phases   ] GC(2657)   Pre Evacuate Collection Set: 0.2ms
[2024-08-15T15:43:09.962+0000][11685.906s][info][gc,phases   ] GC(2657)   Merge Heap Roots: 0.2ms
[2024-08-15T15:43:09.962+0000][11685.906s][info][gc,phases   ] GC(2657)   Evacuate Collection Set: 10.9ms
[2024-08-15T15:43:09.962+0000][11685.906s][info][gc,phases   ] GC(2657)   Post Evacuate Collection Set: 1.7ms
[2024-08-15T15:43:09.962+0000][11685.906s][info][gc,phases   ] GC(2657)   Other: 0.2ms
[2024-08-15T15:43:09.962+0000][11685.906s][info][gc,heap     ] GC(2657) Eden regions: 731->0(733)
[2024-08-15T15:43:09.962+0000][11685.906s][info][gc,heap     ] GC(2657) Survivor regions: 6->5(93)
[2024-08-15T15:43:09.962+0000][11685.906s][info][gc,heap     ] GC(2657) Old regions: 471->471
[2024-08-15T15:43:09.962+0000][11685.906s][info][gc,heap     ] GC(2657) Archive regions: 2->2
[2024-08-15T15:43:09.962+0000][11685.906s][info][gc,heap     ] GC(2657) Humongous regions: 6->6
[2024-08-15T15:43:09.962+0000][11685.906s][info][gc,metaspace] GC(2657) Metaspace: 442358K(448832K)->442358K(448832K) NonClass: 387467K(391104K)->387467K(391104K) Class: 54891K(57728K)->54891K(57728K)
[2024-08-15T15:43:09.962+0000][11685.906s][info][gc          ] GC(2657) Pause Young (Normal) (G1 Evacuation Pause) 9705M->3851M(12288M) 13.212ms
[2024-08-15T15:43:09.962+0000][11685.906s][info][gc,cpu      ] GC(2657) User=0.08s Sys=0.00s Real=0.01s
[2024-08-15T15:43:14.877+0000][11690.822s][info][gc,start    ] GC(2658) Pause Young (Normal) (G1 Evacuation Pause)
[2024-08-15T15:43:14.877+0000][11690.822s][info][gc,task     ] GC(2658) Using 6 workers of 6 for evacuation
[2024-08-15T15:43:14.893+0000][11690.837s][info][gc,phases   ] GC(2658)   Pre Evacuate Collection Set: 0.2ms
[2024-08-15T15:43:14.893+0000][11690.837s][info][gc,phases   ] GC(2658)   Merge Heap Roots: 0.2ms
[2024-08-15T15:43:14.893+0000][11690.837s][info][gc,phases   ] GC(2658)   Evacuate Collection Set: 12.9ms
[2024-08-15T15:43:14.893+0000][11690.837s][info][gc,phases   ] GC(2658)   Post Evacuate Collection Set: 1.7ms
[2024-08-15T15:43:14.893+0000][11690.837s][info][gc,phases   ] GC(2658)   Other: 0.2ms
[2024-08-15T15:43:14.893+0000][11690.837s][info][gc,heap     ] GC(2658) Eden regions: 733->0(731)
[2024-08-15T15:43:14.893+0000][11690.837s][info][gc,heap     ] GC(2658) Survivor regions: 5->7(93)
[2024-08-15T15:43:14.893+0000][11690.837s][info][gc,heap     ] GC(2658) Old regions: 471->471
[2024-08-15T15:43:14.893+0000][11690.837s][info][gc,heap     ] GC(2658) Archive regions: 2->2
[2024-08-15T15:43:14.893+0000][11690.837s][info][gc,heap     ] GC(2658) Humongous regions: 6->6
[2024-08-15T15:43:14.893+0000][11690.837s][info][gc,metaspace] GC(2658) Metaspace: 442358K(448832K)->442358K(448832K) NonClass: 387467K(391104K)->387467K(391104K) Class: 54891K(57728K)->54891K(57728K)
[2024-08-15T15:43:14.893+0000][11690.837s][info][gc          ] GC(2658) Pause Young (Normal) (G1 Evacuation Pause) 9715M->3868M(12288M) 15.239ms
[2024-08-15T15:43:14.893+0000][11690.837s][info][gc,cpu      ] GC(2658) User=0.08s Sys=0.00s Real=0.01s
[2024-08-15T15:43:19.689+0000][11695.634s][info][gc,start    ] GC(2659) Pause Young (Concurrent Start) (G1 Evacuation Pause)
[2024-08-15T15:43:19.689+0000][11695.634s][info][gc,task     ] GC(2659) Using 6 workers of 6 for evacuation
[2024-08-15T15:43:19.708+0000][11695.653s][info][gc,phases   ] GC(2659)   Pre Evacuate Collection Set: 0.6ms
[2024-08-15T15:43:19.708+0000][11695.653s][info][gc,phases   ] GC(2659)   Merge Heap Roots: 0.2ms
[2024-08-15T15:43:19.708+0000][11695.653s][info][gc,phases   ] GC(2659)   Evacuate Collection Set: 16.2ms
[2024-08-15T15:43:19.708+0000][11695.653s][info][gc,phases   ] GC(2659)   Post Evacuate Collection Set: 1.7ms
[2024-08-15T15:43:19.708+0000][11695.653s][info][gc,phases   ] GC(2659)   Other: 0.3ms
[2024-08-15T15:43:19.708+0000][11695.653s][info][gc,heap     ] GC(2659) Eden regions: 731->0(729)
[2024-08-15T15:43:19.708+0000][11695.653s][info][gc,heap     ] GC(2659) Survivor regions: 7->9(93)
[2024-08-15T15:43:19.708+0000][11695.653s][info][gc,heap     ] GC(2659) Old regions: 471->471
[2024-08-15T15:43:19.708+0000][11695.653s][info][gc,heap     ] GC(2659) Archive regions: 2->2
[2024-08-15T15:43:19.708+0000][11695.653s][info][gc,heap     ] GC(2659) Humongous regions: 6->6
[2024-08-15T15:43:19.708+0000][11695.653s][info][gc,metaspace] GC(2659) Metaspace: 442358K(448832K)->442358K(448832K) NonClass: 387467K(391104K)->387467K(391104K) Class: 54891K(57728K)->54891K(57728K)
[2024-08-15T15:43:19.708+0000][11695.653s][info][gc          ] GC(2659) Pause Young (Concurrent Start) (G1 Evacuation Pause) 9716M->3881M(12288M) 19.051ms
[2024-08-15T15:43:19.709+0000][11695.653s][info][gc,cpu      ] GC(2659) User=0.10s Sys=0.00s Real=0.02s
[2024-08-15T15:43:19.709+0000][11695.653s][info][gc          ] GC(2660) Concurrent Mark Cycle
[2024-08-15T15:43:19.709+0000][11695.653s][info][gc,marking  ] GC(2660) Concurrent Clear Claimed Marks
[2024-08-15T15:43:19.709+0000][11695.654s][info][gc,marking  ] GC(2660) Concurrent Clear Claimed Marks 0.377ms
[2024-08-15T15:43:19.709+0000][11695.654s][info][gc,marking  ] GC(2660) Concurrent Scan Root Regions
[2024-08-15T15:43:19.725+0000][11695.669s][info][gc,marking  ] GC(2660) Concurrent Scan Root Regions 15.746ms
[2024-08-15T15:43:19.725+0000][11695.669s][info][gc,marking  ] GC(2660) Concurrent Mark
[2024-08-15T15:43:19.725+0000][11695.669s][info][gc,marking  ] GC(2660) Concurrent Mark From Roots
[2024-08-15T15:43:19.725+0000][11695.669s][info][gc,task     ] GC(2660) Using 2 workers of 2 for marking
[2024-08-15T15:43:22.786+0000][11698.730s][info][gc,marking  ] GC(2660) Concurrent Mark From Roots 3060.903ms
[2024-08-15T15:43:22.786+0000][11698.730s][info][gc,marking  ] GC(2660) Concurrent Preclean
[2024-08-15T15:43:22.788+0000][11698.732s][info][gc,marking  ] GC(2660) Concurrent Preclean 1.851ms
[2024-08-15T15:43:22.788+0000][11698.732s][info][gc,start    ] GC(2660) Pause Remark
[2024-08-15T15:43:22.811+0000][11698.756s][info][gc          ] GC(2660) Pause Remark 7045M->7045M(12288M) 23.425ms
[2024-08-15T15:43:22.811+0000][11698.756s][info][gc,cpu      ] GC(2660) User=0.10s Sys=0.00s Real=0.02s
[2024-08-15T15:43:22.811+0000][11698.756s][info][gc,marking  ] GC(2660) Concurrent Mark 3086.666ms
[2024-08-15T15:43:22.811+0000][11698.756s][info][gc,marking  ] GC(2660) Concurrent Rebuild Remembered Sets
[2024-08-15T15:43:24.680+0000][11700.624s][info][gc,marking  ] GC(2660) Concurrent Rebuild Remembered Sets 1868.160ms
[2024-08-15T15:43:24.680+0000][11700.624s][info][gc,start    ] GC(2660) Pause Cleanup
[2024-08-15T15:43:24.680+0000][11700.625s][info][gc          ] GC(2660) Pause Cleanup 9073M->9073M(12288M) 0.487ms
[2024-08-15T15:43:24.680+0000][11700.625s][info][gc,cpu      ] GC(2660) User=0.00s Sys=0.00s Real=0.00s
[2024-08-15T15:43:24.680+0000][11700.625s][info][gc,marking  ] GC(2660) Concurrent Cleanup for Next Mark
[2024-08-15T15:43:24.698+0000][11700.642s][info][gc,marking  ] GC(2660) Concurrent Cleanup for Next Mark 17.335ms
[2024-08-15T15:43:24.698+0000][11700.642s][info][gc          ] GC(2660) Concurrent Mark Cycle 4989.234ms
[2024-08-15T15:43:25.295+0000][11701.240s][info][gc,start    ] GC(2661) Pause Young (Prepare Mixed) (G1 Evacuation Pause)
[2024-08-15T15:43:25.295+0000][11701.240s][info][gc,task     ] GC(2661) Using 6 workers of 6 for evacuation
[2024-08-15T15:43:25.318+0000][11701.263s][info][gc,phases   ] GC(2661)   Pre Evacuate Collection Set: 0.2ms
[2024-08-15T15:43:25.318+0000][11701.263s][info][gc,phases   ] GC(2661)   Merge Heap Roots: 0.3ms
[2024-08-15T15:43:25.318+0000][11701.263s][info][gc,phases   ] GC(2661)   Evacuate Collection Set: 20.6ms
[2024-08-15T15:43:25.318+0000][11701.263s][info][gc,phases   ] GC(2661)   Post Evacuate Collection Set: 1.8ms
[2024-08-15T15:43:25.318+0000][11701.263s][info][gc,phases   ] GC(2661)   Other: 0.2ms
[2024-08-15T15:43:25.318+0000][11701.263s][info][gc,heap     ] GC(2661) Eden regions: 729->0(68)
[2024-08-15T15:43:25.318+0000][11701.263s][info][gc,heap     ] GC(2661) Survivor regions: 9->8(93)
[2024-08-15T15:43:25.318+0000][11701.263s][info][gc,heap     ] GC(2661) Old regions: 471->471
[2024-08-15T15:43:25.318+0000][11701.263s][info][gc,heap     ] GC(2661) Archive regions: 2->2
[2024-08-15T15:43:25.318+0000][11701.263s][info][gc,heap     ] GC(2661) Humongous regions: 6->6
[2024-08-15T15:43:25.318+0000][11701.263s][info][gc,metaspace] GC(2661) Metaspace: 442358K(448832K)->442358K(448832K) NonClass: 387467K(391104K)->387467K(391104K) Class: 54891K(57728K)->54891K(57728K)
[2024-08-15T15:43:25.318+0000][11701.263s][info][gc          ] GC(2661) Pause Young (Prepare Mixed) (G1 Evacuation Pause) 9713M->3876M(12288M) 23.115ms
[2024-08-15T15:43:25.318+0000][11701.263s][info][gc,cpu      ] GC(2661) User=0.13s Sys=0.01s Real=0.02s
[2024-08-15T15:43:25.752+0000][11701.697s][info][gc,start    ] GC(2662) Pause Young (Mixed) (G1 Evacuation Pause)
[2024-08-15T15:43:25.752+0000][11701.697s][info][gc,task     ] GC(2662) Using 6 workers of 6 for evacuation
[2024-08-15T15:43:25.800+0000][11701.745s][info][gc,phases   ] GC(2662)   Pre Evacuate Collection Set: 0.2ms
[2024-08-15T15:43:25.800+0000][11701.745s][info][gc,phases   ] GC(2662)   Merge Heap Roots: 0.3ms
[2024-08-15T15:43:25.800+0000][11701.745s][info][gc,phases   ] GC(2662)   Evacuate Collection Set: 46.6ms
[2024-08-15T15:43:25.800+0000][11701.745s][info][gc,phases   ] GC(2662)   Post Evacuate Collection Set: 1.2ms
[2024-08-15T15:43:25.800+0000][11701.745s][info][gc,phases   ] GC(2662)   Other: 0.2ms
[2024-08-15T15:43:25.800+0000][11701.745s][info][gc,heap     ] GC(2662) Eden regions: 68->0(735)
[2024-08-15T15:43:25.800+0000][11701.745s][info][gc,heap     ] GC(2662) Survivor regions: 8->6(10)
[2024-08-15T15:43:25.800+0000][11701.745s][info][gc,heap     ] GC(2662) Old regions: 471->468
[2024-08-15T15:43:25.800+0000][11701.745s][info][gc,heap     ] GC(2662) Archive regions: 2->2
[2024-08-15T15:43:25.800+0000][11701.745s][info][gc,heap     ] GC(2662) Humongous regions: 6->6
[2024-08-15T15:43:25.800+0000][11701.745s][info][gc,metaspace] GC(2662) Metaspace: 442358K(448832K)->442358K(448832K) NonClass: 387467K(391104K)->387467K(391104K) Class: 54891K(57728K)->54891K(57728K)
[2024-08-15T15:43:25.800+0000][11701.745s][info][gc          ] GC(2662) Pause Young (Mixed) (G1 Evacuation Pause) 4420M->3841M(12288M) 48.547ms
[2024-08-15T15:43:25.801+0000][11701.745s][info][gc,cpu      ] GC(2662) User=0.28s Sys=0.00s Real=0.05s
[2024-08-15T15:43:30.844+0000][11706.789s][info][gc,start    ] GC(2663) Pause Young (Normal) (G1 Evacuation Pause)
[2024-08-15T15:43:30.844+0000][11706.789s][info][gc,task     ] GC(2663) Using 6 workers of 6 for evacuation
[2024-08-15T15:43:30.860+0000][11706.805s][info][gc,phases   ] GC(2663)   Pre Evacuate Collection Set: 0.2ms
[2024-08-15T15:43:30.860+0000][11706.805s][info][gc,phases   ] GC(2663)   Merge Heap Roots: 0.2ms
[2024-08-15T15:43:30.860+0000][11706.805s][info][gc,phases   ] GC(2663)   Evacuate Collection Set: 13.9ms
[2024-08-15T15:43:30.860+0000][11706.805s][info][gc,phases   ] GC(2663)   Post Evacuate Collection Set: 1.7ms
[2024-08-15T15:43:30.860+0000][11706.805s][info][gc,phases   ] GC(2663)   Other: 0.2ms
[2024-08-15T15:43:30.860+0000][11706.805s][info][gc,heap     ] GC(2663) Eden regions: 735->0(733)
[2024-08-15T15:43:30.860+0000][11706.805s][info][gc,heap     ] GC(2663) Survivor regions: 6->8(93)
[2024-08-15T15:43:30.860+0000][11706.805s][info][gc,heap     ] GC(2663) Old regions: 468->468
[2024-08-15T15:43:30.860+0000][11706.805s][info][gc,heap     ] GC(2663) Archive regions: 2->2
[2024-08-15T15:43:30.860+0000][11706.805s][info][gc,heap     ] GC(2663) Humongous regions: 6->6
[2024-08-15T15:43:30.860+0000][11706.805s][info][gc,metaspace] GC(2663) Metaspace: 442358K(448832K)->442358K(448832K) NonClass: 387467K(391104K)->387467K(391104K) Class: 54891K(57728K)->54891K(57728K)
[2024-08-15T15:43:30.860+0000][11706.805s][info][gc          ] GC(2663) Pause Young (Normal) (G1 Evacuation Pause) 9721M->3855M(12288M) 16.280ms
[2024-08-15T15:43:30.860+0000][11706.805s][info][gc,cpu      ] GC(2663) User=0.09s Sys=0.00s Real=0.01s
[2024-08-15T15:43:35.578+0000][11711.523s][info][gc,start    ] GC(2664) Pause Young (Normal) (G1 Evacuation Pause)
[2024-08-15T15:43:35.578+0000][11711.523s][info][gc,task     ] GC(2664) Using 6 workers of 6 for evacuation
[2024-08-15T15:43:35.596+0000][11711.540s][info][gc,phases   ] GC(2664)   Pre Evacuate Collection Set: 0.2ms
[2024-08-15T15:43:35.596+0000][11711.540s][info][gc,phases   ] GC(2664)   Merge Heap Roots: 0.2ms
[2024-08-15T15:43:35.596+0000][11711.540s][info][gc,phases   ] GC(2664)   Evacuate Collection Set: 15.1ms
[2024-08-15T15:43:35.596+0000][11711.540s][info][gc,phases   ] GC(2664)   Post Evacuate Collection Set: 1.8ms
[2024-08-15T15:43:35.596+0000][11711.540s][info][gc,phases   ] GC(2664)   Other: 0.2ms
[2024-08-15T15:43:35.596+0000][11711.540s][info][gc,heap     ] GC(2664) Eden regions: 733->0(733)
[2024-08-15T15:43:35.596+0000][11711.540s][info][gc,heap     ] GC(2664) Survivor regions: 8->8(93)
[2024-08-15T15:43:35.596+0000][11711.540s][info][gc,heap     ] GC(2664) Old regions: 468->468
[2024-08-15T15:43:35.596+0000][11711.540s][info][gc,heap     ] GC(2664) Archive regions: 2->2
[2024-08-15T15:43:35.596+0000][11711.540s][info][gc,heap     ] GC(2664) Humongous regions: 6->6
[2024-08-15T15:43:35.596+0000][11711.540s][info][gc,metaspace] GC(2664) Metaspace: 442358K(448832K)->442358K(448832K) NonClass: 387467K(391104K)->387467K(391104K) Class: 54891K(57728K)->54891K(57728K)
[2024-08-15T15:43:35.596+0000][11711.540s][info][gc          ] GC(2664) Pause Young (Normal) (G1 Evacuation Pause) 9719M->3857M(12288M) 17.573ms
[2024-08-15T15:43:35.596+0000][11711.540s][info][gc,cpu      ] GC(2664) User=0.10s Sys=0.00s Real=0.02s
[2024-08-15T15:43:39.804+0000][11715.748s][info][gc,start    ] GC(2665) Pause Young (Concurrent Start) (G1 Evacuation Pause)
[2024-08-15T15:43:39.804+0000][11715.748s][info][gc,task     ] GC(2665) Using 6 workers of 6 for evacuation
[2024-08-15T15:43:39.824+0000][11715.768s][info][gc,phases   ] GC(2665)   Pre Evacuate Collection Set: 0.5ms
[2024-08-15T15:43:39.824+0000][11715.768s][info][gc,phases   ] GC(2665)   Merge Heap Roots: 0.2ms
[2024-08-15T15:43:39.824+0000][11715.768s][info][gc,phases   ] GC(2665)   Evacuate Collection Set: 17.4ms
[2024-08-15T15:43:39.824+0000][11715.768s][info][gc,phases   ] GC(2665)   Post Evacuate Collection Set: 1.8ms
[2024-08-15T15:43:39.824+0000][11715.768s][info][gc,phases   ] GC(2665)   Other: 0.3ms
[2024-08-15T15:43:39.824+0000][11715.768s][info][gc,heap     ] GC(2665) Eden regions: 733->0(731)
[2024-08-15T15:43:39.824+0000][11715.768s][info][gc,heap     ] GC(2665) Survivor regions: 8->10(93)
[2024-08-15T15:43:39.824+0000][11715.768s][info][gc,heap     ] GC(2665) Old regions: 468->468
[2024-08-15T15:43:39.824+0000][11715.768s][info][gc,heap     ] GC(2665) Archive regions: 2->2
[2024-08-15T15:43:39.824+0000][11715.768s][info][gc,heap     ] GC(2665) Humongous regions: 6->6
[2024-08-15T15:43:39.824+0000][11715.768s][info][gc,metaspace] GC(2665) Metaspace: 442358K(448832K)->442358K(448832K) NonClass: 387467K(391104K)->387467K(391104K) Class: 54891K(57728K)->54891K(57728K)
[2024-08-15T15:43:39.824+0000][11715.768s][info][gc          ] GC(2665) Pause Young (Concurrent Start) (G1 Evacuation Pause) 9721M->3871M(12288M) 20.276ms
[2024-08-15T15:43:39.824+0000][11715.768s][info][gc,cpu      ] GC(2665) User=0.12s Sys=0.00s Real=0.02s
[2024-08-15T15:43:39.824+0000][11715.768s][info][gc          ] GC(2666) Concurrent Mark Cycle
[2024-08-15T15:43:39.824+0000][11715.769s][info][gc,marking  ] GC(2666) Concurrent Clear Claimed Marks
[2024-08-15T15:43:39.824+0000][11715.769s][info][gc,marking  ] GC(2666) Concurrent Clear Claimed Marks 0.364ms
[2024-08-15T15:43:39.824+0000][11715.769s][info][gc,marking  ] GC(2666) Concurrent Scan Root Regions
[2024-08-15T15:43:39.846+0000][11715.791s][info][gc,marking  ] GC(2666) Concurrent Scan Root Regions 21.917ms
[2024-08-15T15:43:39.846+0000][11715.791s][info][gc,marking  ] GC(2666) Concurrent Mark
[2024-08-15T15:43:39.846+0000][11715.791s][info][gc,marking  ] GC(2666) Concurrent Mark From Roots
[2024-08-15T15:43:39.846+0000][11715.791s][info][gc,task     ] GC(2666) Using 2 workers of 2 for marking
[2024-08-15T15:43:42.988+0000][11718.933s][info][gc,marking  ] GC(2666) Concurrent Mark From Roots 3141.732ms
[2024-08-15T15:43:42.988+0000][11718.933s][info][gc,marking  ] GC(2666) Concurrent Preclean
[2024-08-15T15:43:42.990+0000][11718.934s][info][gc,marking  ] GC(2666) Concurrent Preclean 1.753ms
[2024-08-15T15:43:42.990+0000][11718.935s][info][gc,start    ] GC(2666) Pause Remark
[2024-08-15T15:43:43.013+0000][11718.958s][info][gc          ] GC(2666) Pause Remark 7435M->7435M(12288M) 23.282ms
[2024-08-15T15:43:43.013+0000][11718.958s][info][gc,cpu      ] GC(2666) User=0.10s Sys=0.00s Real=0.02s
[2024-08-15T15:43:43.013+0000][11718.958s][info][gc,marking  ] GC(2666) Concurrent Mark 3167.193ms
[2024-08-15T15:43:43.013+0000][11718.958s][info][gc,marking  ] GC(2666) Concurrent Rebuild Remembered Sets
[2024-08-15T15:43:44.806+0000][11720.750s][info][gc,marking  ] GC(2666) Concurrent Rebuild Remembered Sets 1792.299ms
[2024-08-15T15:43:44.806+0000][11720.751s][info][gc,start    ] GC(2666) Pause Cleanup
[2024-08-15T15:43:44.806+0000][11720.751s][info][gc          ] GC(2666) Pause Cleanup 9387M->9387M(12288M) 0.503ms
[2024-08-15T15:43:44.806+0000][11720.751s][info][gc,cpu      ] GC(2666) User=0.00s Sys=0.01s Real=0.00s
[2024-08-15T15:43:44.807+0000][11720.751s][info][gc,marking  ] GC(2666) Concurrent Cleanup for Next Mark
[2024-08-15T15:43:44.823+0000][11720.767s][info][gc,marking  ] GC(2666) Concurrent Cleanup for Next Mark 16.246ms
[2024-08-15T15:43:44.823+0000][11720.767s][info][gc          ] GC(2666) Concurrent Mark Cycle 4998.976ms
[2024-08-15T15:43:45.080+0000][11721.024s][info][gc,start    ] GC(2667) Pause Young (Prepare Mixed) (G1 Evacuation Pause)
[2024-08-15T15:43:45.080+0000][11721.024s][info][gc,task     ] GC(2667) Using 6 workers of 6 for evacuation
[2024-08-15T15:43:45.102+0000][11721.047s][info][gc,phases   ] GC(2667)   Pre Evacuate Collection Set: 0.2ms
[2024-08-15T15:43:45.102+0000][11721.047s][info][gc,phases   ] GC(2667)   Merge Heap Roots: 0.3ms
[2024-08-15T15:43:45.102+0000][11721.047s][info][gc,phases   ] GC(2667)   Evacuate Collection Set: 20.3ms
[2024-08-15T15:43:45.102+0000][11721.047s][info][gc,phases   ] GC(2667)   Post Evacuate Collection Set: 1.8ms
[2024-08-15T15:43:45.102+0000][11721.047s][info][gc,phases   ] GC(2667)   Other: 0.2ms
[2024-08-15T15:43:45.102+0000][11721.047s][info][gc,heap     ] GC(2667) Eden regions: 731->0(64)
[2024-08-15T15:43:45.102+0000][11721.047s][info][gc,heap     ] GC(2667) Survivor regions: 10->12(93)
[2024-08-15T15:43:45.102+0000][11721.047s][info][gc,heap     ] GC(2667) Old regions: 468->468
[2024-08-15T15:43:45.102+0000][11721.047s][info][gc,heap     ] GC(2667) Archive regions: 2->2
[2024-08-15T15:43:45.102+0000][11721.047s][info][gc,heap     ] GC(2667) Humongous regions: 6->6
[2024-08-15T15:43:45.102+0000][11721.047s][info][gc,metaspace] GC(2667) Metaspace: 442358K(448832K)->442358K(448832K) NonClass: 387467K(391104K)->387467K(391104K) Class: 54891K(57728K)->54891K(57728K)
[2024-08-15T15:43:45.102+0000][11721.047s][info][gc          ] GC(2667) Pause Young (Prepare Mixed) (G1 Evacuation Pause) 9719M->3886M(12288M) 22.808ms
[2024-08-15T15:43:45.102+0000][11721.047s][info][gc,cpu      ] GC(2667) User=0.13s Sys=0.00s Real=0.02s
[2024-08-15T15:43:45.470+0000][11721.415s][info][gc,start    ] GC(2668) Pause Young (Mixed) (G1 Evacuation Pause)
[2024-08-15T15:43:45.470+0000][11721.415s][info][gc,task     ] GC(2668) Using 6 workers of 6 for evacuation
[2024-08-15T15:43:45.522+0000][11721.467s][info][gc,phases   ] GC(2668)   Pre Evacuate Collection Set: 0.2ms
[2024-08-15T15:43:45.522+0000][11721.467s][info][gc,phases   ] GC(2668)   Merge Heap Roots: 0.3ms
[2024-08-15T15:43:45.522+0000][11721.467s][info][gc,phases   ] GC(2668)   Evacuate Collection Set: 50.4ms
[2024-08-15T15:43:45.522+0000][11721.467s][info][gc,phases   ] GC(2668)   Post Evacuate Collection Set: 1.2ms
[2024-08-15T15:43:45.522+0000][11721.467s][info][gc,phases   ] GC(2668)   Other: 0.2ms
[2024-08-15T15:43:45.522+0000][11721.467s][info][gc,heap     ] GC(2668) Eden regions: 64->0(734)
[2024-08-15T15:43:45.522+0000][11721.467s][info][gc,heap     ] GC(2668) Survivor regions: 12->4(10)
[2024-08-15T15:43:45.522+0000][11721.467s][info][gc,heap     ] GC(2668) Old regions: 468->471
[2024-08-15T15:43:45.522+0000][11721.467s][info][gc,heap     ] GC(2668) Archive regions: 2->2
[2024-08-15T15:43:45.522+0000][11721.467s][info][gc,heap     ] GC(2668) Humongous regions: 6->6
[2024-08-15T15:43:45.523+0000][11721.467s][info][gc,metaspace] GC(2668) Metaspace: 442358K(448832K)->442358K(448832K) NonClass: 387467K(391104K)->387467K(391104K) Class: 54891K(57728K)->54891K(57728K)
[2024-08-15T15:43:45.523+0000][11721.467s][info][gc          ] GC(2668) Pause Young (Mixed) (G1 Evacuation Pause) 4398M->3850M(12288M) 52.424ms
[2024-08-15T15:43:45.523+0000][11721.467s][info][gc,cpu      ] GC(2668) User=0.31s Sys=0.00s Real=0.05s
[2024-08-15T15:43:50.571+0000][11726.516s][info][gc,start    ] GC(2669) Pause Young (Normal) (G1 Evacuation Pause)
[2024-08-15T15:43:50.571+0000][11726.516s][info][gc,task     ] GC(2669) Using 6 workers of 6 for evacuation
[2024-08-15T15:43:50.585+0000][11726.530s][info][gc,phases   ] GC(2669)   Pre Evacuate Collection Set: 0.2ms
[2024-08-15T15:43:50.585+0000][11726.530s][info][gc,phases   ] GC(2669)   Merge Heap Roots: 0.2ms
[2024-08-15T15:43:50.585+0000][11726.530s][info][gc,phases   ] GC(2669)   Evacuate Collection Set: 11.7ms
[2024-08-15T15:43:50.585+0000][11726.530s][info][gc,phases   ] GC(2669)   Post Evacuate Collection Set: 1.7ms
[2024-08-15T15:43:50.585+0000][11726.530s][info][gc,phases   ] GC(2669)   Other: 0.2ms
[2024-08-15T15:43:50.585+0000][11726.530s][info][gc,heap     ] GC(2669) Eden regions: 734->0(731)
[2024-08-15T15:43:50.585+0000][11726.530s][info][gc,heap     ] GC(2669) Survivor regions: 4->7(93)
[2024-08-15T15:43:50.585+0000][11726.530s][info][gc,heap     ] GC(2669) Old regions: 471->471
[2024-08-15T15:43:50.585+0000][11726.530s][info][gc,heap     ] GC(2669) Archive regions: 2->2
[2024-08-15T15:43:50.585+0000][11726.530s][info][gc,heap     ] GC(2669) Humongous regions: 6->6
[2024-08-15T15:43:50.585+0000][11726.530s][info][gc,metaspace] GC(2669) Metaspace: 442358K(448832K)->442358K(448832K) NonClass: 387467K(391104K)->387467K(391104K) Class: 54891K(57728K)->54891K(57728K)
[2024-08-15T15:43:50.585+0000][11726.530s][info][gc          ] GC(2669) Pause Young (Normal) (G1 Evacuation Pause) 9722M->3868M(12288M) 14.068ms
[2024-08-15T15:43:50.585+0000][11726.530s][info][gc,cpu      ] GC(2669) User=0.08s Sys=0.00s Real=0.02s
[2024-08-15T15:43:55.484+0000][11731.429s][info][gc,start    ] GC(2670) Pause Young (Normal) (G1 Evacuation Pause)
[2024-08-15T15:43:55.484+0000][11731.429s][info][gc,task     ] GC(2670) Using 6 workers of 6 for evacuation
[2024-08-15T15:43:55.500+0000][11731.445s][info][gc,phases   ] GC(2670)   Pre Evacuate Collection Set: 0.2ms
[2024-08-15T15:43:55.500+0000][11731.445s][info][gc,phases   ] GC(2670)   Merge Heap Roots: 0.2ms
[2024-08-15T15:43:55.500+0000][11731.445s][info][gc,phases   ] GC(2670)   Evacuate Collection Set: 13.5ms
[2024-08-15T15:43:55.500+0000][11731.445s][info][gc,phases   ] GC(2670)   Post Evacuate Collection Set: 1.7ms
[2024-08-15T15:43:55.500+0000][11731.445s][info][gc,phases   ] GC(2670)   Other: 0.2ms
[2024-08-15T15:43:55.500+0000][11731.445s][info][gc,heap     ] GC(2670) Eden regions: 731->0(731)
[2024-08-15T15:43:55.500+0000][11731.445s][info][gc,heap     ] GC(2670) Survivor regions: 7->7(93)
[2024-08-15T15:43:55.500+0000][11731.445s][info][gc,heap     ] GC(2670) Old regions: 471->471
[2024-08-15T15:43:55.500+0000][11731.445s][info][gc,heap     ] GC(2670) Archive regions: 2->2
[2024-08-15T15:43:55.500+0000][11731.445s][info][gc,heap     ] GC(2670) Humongous regions: 6->6
[2024-08-15T15:43:55.500+0000][11731.445s][info][gc,metaspace] GC(2670) Metaspace: 442358K(448832K)->442358K(448832K) NonClass: 387467K(391104K)->387467K(391104K) Class: 54891K(57728K)->54891K(57728K)
[2024-08-15T15:43:55.500+0000][11731.445s][info][gc          ] GC(2670) Pause Young (Normal) (G1 Evacuation Pause) 9716M->3874M(12288M) 15.858ms
[2024-08-15T15:43:55.500+0000][11731.445s][info][gc,cpu      ] GC(2670) User=0.09s Sys=0.01s Real=0.01s
[2024-08-15T15:44:00.329+0000][11736.273s][info][gc,start    ] GC(2671) Pause Young (Concurrent Start) (G1 Evacuation Pause)
[2024-08-15T15:44:00.329+0000][11736.274s][info][gc,task     ] GC(2671) Using 6 workers of 6 for evacuation
[2024-08-15T15:44:00.348+0000][11736.293s][info][gc,phases   ] GC(2671)   Pre Evacuate Collection Set: 0.5ms
[2024-08-15T15:44:00.348+0000][11736.293s][info][gc,phases   ] GC(2671)   Merge Heap Roots: 0.2ms
[2024-08-15T15:44:00.348+0000][11736.293s][info][gc,phases   ] GC(2671)   Evacuate Collection Set: 16.3ms
[2024-08-15T15:44:00.348+0000][11736.293s][info][gc,phases   ] GC(2671)   Post Evacuate Collection Set: 1.7ms
[2024-08-15T15:44:00.348+0000][11736.293s][info][gc,phases   ] GC(2671)   Other: 0.3ms
[2024-08-15T15:44:00.348+0000][11736.293s][info][gc,heap     ] GC(2671) Eden regions: 731->0(728)
[2024-08-15T15:44:00.348+0000][11736.293s][info][gc,heap     ] GC(2671) Survivor regions: 7->9(93)
[2024-08-15T15:44:00.348+0000][11736.293s][info][gc,heap     ] GC(2671) Old regions: 471->471
[2024-08-15T15:44:00.348+0000][11736.293s][info][gc,heap     ] GC(2671) Archive regions: 2->2
[2024-08-15T15:44:00.348+0000][11736.293s][info][gc,heap     ] GC(2671) Humongous regions: 6->6
[2024-08-15T15:44:00.348+0000][11736.293s][info][gc,metaspace] GC(2671) Metaspace: 442358K(448832K)->442358K(448832K) NonClass: 387467K(391104K)->387467K(391104K) Class: 54891K(57728K)->54891K(57728K)
[2024-08-15T15:44:00.348+0000][11736.293s][info][gc          ] GC(2671) Pause Young (Concurrent Start) (G1 Evacuation Pause) 9722M->3884M(12288M) 19.158ms
[2024-08-15T15:44:00.348+0000][11736.293s][info][gc,cpu      ] GC(2671) User=0.11s Sys=0.00s Real=0.02s
[2024-08-15T15:44:00.348+0000][11736.293s][info][gc          ] GC(2672) Concurrent Mark Cycle
[2024-08-15T15:44:00.348+0000][11736.293s][info][gc,marking  ] GC(2672) Concurrent Clear Claimed Marks
[2024-08-15T15:44:00.349+0000][11736.293s][info][gc,marking  ] GC(2672) Concurrent Clear Claimed Marks 0.386ms
[2024-08-15T15:44:00.349+0000][11736.293s][info][gc,marking  ] GC(2672) Concurrent Scan Root Regions
[2024-08-15T15:44:00.365+0000][11736.309s][info][gc,marking  ] GC(2672) Concurrent Scan Root Regions 16.107ms
[2024-08-15T15:44:00.365+0000][11736.309s][info][gc,marking  ] GC(2672) Concurrent Mark
[2024-08-15T15:44:00.365+0000][11736.309s][info][gc,marking  ] GC(2672) Concurrent Mark From Roots
[2024-08-15T15:44:00.365+0000][11736.309s][info][gc,task     ] GC(2672) Using 2 workers of 2 for marking
[2024-08-15T15:44:03.463+0000][11739.408s][info][gc,marking  ] GC(2672) Concurrent Mark From Roots 3098.757ms
[2024-08-15T15:44:03.463+0000][11739.408s][info][gc,marking  ] GC(2672) Concurrent Preclean
[2024-08-15T15:44:03.465+0000][11739.410s][info][gc,marking  ] GC(2672) Concurrent Preclean 1.765ms
[2024-08-15T15:44:03.465+0000][11739.410s][info][gc,start    ] GC(2672) Pause Remark
[2024-08-15T15:44:03.489+0000][11739.434s][info][gc          ] GC(2672) Pause Remark 7052M->7052M(12288M) 23.447ms
[2024-08-15T15:44:03.489+0000][11739.434s][info][gc,cpu      ] GC(2672) User=0.10s Sys=0.00s Real=0.02s
[2024-08-15T15:44:03.489+0000][11739.434s][info][gc,marking  ] GC(2672) Concurrent Mark 3124.461ms
[2024-08-15T15:44:03.489+0000][11739.434s][info][gc,marking  ] GC(2672) Concurrent Rebuild Remembered Sets
[2024-08-15T15:44:05.338+0000][11741.283s][info][gc,marking  ] GC(2672) Concurrent Rebuild Remembered Sets 1848.872ms
[2024-08-15T15:44:05.338+0000][11741.283s][info][gc,start    ] GC(2672) Pause Cleanup
[2024-08-15T15:44:05.339+0000][11741.283s][info][gc          ] GC(2672) Pause Cleanup 9032M->9032M(12288M) 0.494ms
[2024-08-15T15:44:05.339+0000][11741.283s][info][gc,cpu      ] GC(2672) User=0.00s Sys=0.00s Real=0.00s
[2024-08-15T15:44:05.339+0000][11741.283s][info][gc,marking  ] GC(2672) Concurrent Cleanup for Next Mark
[2024-08-15T15:44:05.356+0000][11741.300s][info][gc,marking  ] GC(2672) Concurrent Cleanup for Next Mark 16.889ms
[2024-08-15T15:44:05.356+0000][11741.300s][info][gc          ] GC(2672) Concurrent Mark Cycle 5007.710ms
[2024-08-15T15:44:05.902+0000][11741.846s][info][gc,start    ] GC(2673) Pause Young (Prepare Mixed) (G1 Evacuation Pause)
[2024-08-15T15:44:05.902+0000][11741.846s][info][gc,task     ] GC(2673) Using 6 workers of 6 for evacuation
[2024-08-15T15:44:05.925+0000][11741.870s][info][gc,phases   ] GC(2673)   Pre Evacuate Collection Set: 0.2ms
[2024-08-15T15:44:05.925+0000][11741.870s][info][gc,phases   ] GC(2673)   Merge Heap Roots: 0.3ms
[2024-08-15T15:44:05.925+0000][11741.870s][info][gc,phases   ] GC(2673)   Evacuate Collection Set: 21.2ms
[2024-08-15T15:44:05.925+0000][11741.870s][info][gc,phases   ] GC(2673)   Post Evacuate Collection Set: 1.8ms
[2024-08-15T15:44:05.925+0000][11741.870s][info][gc,phases   ] GC(2673)   Other: 0.2ms
[2024-08-15T15:44:05.925+0000][11741.870s][info][gc,heap     ] GC(2673) Eden regions: 728->0(65)
[2024-08-15T15:44:05.925+0000][11741.870s][info][gc,heap     ] GC(2673) Survivor regions: 9->11(93)
[2024-08-15T15:44:05.925+0000][11741.870s][info][gc,heap     ] GC(2673) Old regions: 471->471
[2024-08-15T15:44:05.925+0000][11741.870s][info][gc,heap     ] GC(2673) Archive regions: 2->2
[2024-08-15T15:44:05.925+0000][11741.870s][info][gc,heap     ] GC(2673) Humongous regions: 6->6
[2024-08-15T15:44:05.925+0000][11741.870s][info][gc,metaspace] GC(2673) Metaspace: 442358K(448832K)->442358K(448832K) NonClass: 387467K(391104K)->387467K(391104K) Class: 54891K(57728K)->54891K(57728K)
[2024-08-15T15:44:05.925+0000][11741.870s][info][gc          ] GC(2673) Pause Young (Prepare Mixed) (G1 Evacuation Pause) 9708M->3906M(12288M) 23.766ms
[2024-08-15T15:44:05.925+0000][11741.870s][info][gc,cpu      ] GC(2673) User=0.13s Sys=0.00s Real=0.03s
[2024-08-15T15:44:06.341+0000][11742.286s][info][gc,start    ] GC(2674) Pause Young (Mixed) (G1 Evacuation Pause)
[2024-08-15T15:44:06.341+0000][11742.286s][info][gc,task     ] GC(2674) Using 6 workers of 6 for evacuation
[2024-08-15T15:44:06.395+0000][11742.340s][info][gc,phases   ] GC(2674)   Pre Evacuate Collection Set: 0.2ms
[2024-08-15T15:44:06.395+0000][11742.340s][info][gc,phases   ] GC(2674)   Merge Heap Roots: 0.4ms
[2024-08-15T15:44:06.395+0000][11742.340s][info][gc,phases   ] GC(2674)   Evacuate Collection Set: 52.4ms
[2024-08-15T15:44:06.395+0000][11742.340s][info][gc,phases   ] GC(2674)   Post Evacuate Collection Set: 1.2ms
[2024-08-15T15:44:06.395+0000][11742.340s][info][gc,phases   ] GC(2674)   Other: 0.2ms
[2024-08-15T15:44:06.395+0000][11742.340s][info][gc,heap     ] GC(2674) Eden regions: 65->0(728)
[2024-08-15T15:44:06.395+0000][11742.340s][info][gc,heap     ] GC(2674) Survivor regions: 11->5(10)
[2024-08-15T15:44:06.395+0000][11742.340s][info][gc,heap     ] GC(2674) Old regions: 471->475
[2024-08-15T15:44:06.395+0000][11742.340s][info][gc,heap     ] GC(2674) Archive regions: 2->2
[2024-08-15T15:44:06.395+0000][11742.340s][info][gc,heap     ] GC(2674) Humongous regions: 6->6
[2024-08-15T15:44:06.395+0000][11742.340s][info][gc,metaspace] GC(2674) Metaspace: 442358K(448832K)->442358K(448832K) NonClass: 387467K(391104K)->387467K(391104K) Class: 54891K(57728K)->54891K(57728K)
[2024-08-15T15:44:06.395+0000][11742.340s][info][gc          ] GC(2674) Pause Young (Mixed) (G1 Evacuation Pause) 4426M->3881M(12288M) 54.379ms
[2024-08-15T15:44:06.395+0000][11742.340s][info][gc,cpu      ] GC(2674) User=0.33s Sys=0.00s Real=0.06s
[2024-08-15T15:44:11.152+0000][11747.096s][info][gc,start    ] GC(2675) Pause Young (Normal) (G1 Evacuation Pause)
[2024-08-15T15:44:11.152+0000][11747.096s][info][gc,task     ] GC(2675) Using 6 workers of 6 for evacuation
[2024-08-15T15:44:11.164+0000][11747.108s][info][gc,phases   ] GC(2675)   Pre Evacuate Collection Set: 0.2ms
[2024-08-15T15:44:11.164+0000][11747.108s][info][gc,phases   ] GC(2675)   Merge Heap Roots: 0.2ms
[2024-08-15T15:44:11.164+0000][11747.108s][info][gc,phases   ] GC(2675)   Evacuate Collection Set: 9.7ms
[2024-08-15T15:44:11.164+0000][11747.108s][info][gc,phases   ] GC(2675)   Post Evacuate Collection Set: 1.7ms
[2024-08-15T15:44:11.164+0000][11747.108s][info][gc,phases   ] GC(2675)   Other: 0.2ms
[2024-08-15T15:44:11.164+0000][11747.108s][info][gc,heap     ] GC(2675) Eden regions: 728->0(727)
[2024-08-15T15:44:11.164+0000][11747.108s][info][gc,heap     ] GC(2675) Survivor regions: 5->6(92)
[2024-08-15T15:44:11.164+0000][11747.108s][info][gc,heap     ] GC(2675) Old regions: 475->475
[2024-08-15T15:44:11.164+0000][11747.108s][info][gc,heap     ] GC(2675) Archive regions: 2->2
[2024-08-15T15:44:11.164+0000][11747.108s][info][gc,heap     ] GC(2675) Humongous regions: 6->6
[2024-08-15T15:44:11.164+0000][11747.108s][info][gc,metaspace] GC(2675) Metaspace: 442358K(448832K)->442358K(448832K) NonClass: 387467K(391104K)->387467K(391104K) Class: 54891K(57728K)->54891K(57728K)
[2024-08-15T15:44:11.164+0000][11747.108s][info][gc          ] GC(2675) Pause Young (Normal) (G1 Evacuation Pause) 9705M->3886M(12288M) 12.073ms
[2024-08-15T15:44:11.164+0000][11747.108s][info][gc,cpu      ] GC(2675) User=0.07s Sys=0.00s Real=0.02s
[2024-08-15T15:44:16.022+0000][11751.966s][info][gc,start    ] GC(2676) Pause Young (Normal) (G1 Evacuation Pause)
[2024-08-15T15:44:16.022+0000][11751.967s][info][gc,task     ] GC(2676) Using 6 workers of 6 for evacuation
[2024-08-15T15:44:16.036+0000][11751.981s][info][gc,phases   ] GC(2676)   Pre Evacuate Collection Set: 0.2ms
[2024-08-15T15:44:16.036+0000][11751.981s][info][gc,phases   ] GC(2676)   Merge Heap Roots: 0.2ms
[2024-08-15T15:44:16.036+0000][11751.981s][info][gc,phases   ] GC(2676)   Evacuate Collection Set: 12.2ms
[2024-08-15T15:44:16.036+0000][11751.981s][info][gc,phases   ] GC(2676)   Post Evacuate Collection Set: 1.7ms
[2024-08-15T15:44:16.036+0000][11751.981s][info][gc,phases   ] GC(2676)   Other: 0.2ms
[2024-08-15T15:44:16.036+0000][11751.981s][info][gc,heap     ] GC(2676) Eden regions: 727->0(725)
[2024-08-15T15:44:16.036+0000][11751.981s][info][gc,heap     ] GC(2676) Survivor regions: 6->8(92)
[2024-08-15T15:44:16.036+0000][11751.981s][info][gc,heap     ] GC(2676) Old regions: 475->475
[2024-08-15T15:44:16.036+0000][11751.981s][info][gc,heap     ] GC(2676) Archive regions: 2->2
[2024-08-15T15:44:16.036+0000][11751.981s][info][gc,heap     ] GC(2676) Humongous regions: 6->6
[2024-08-15T15:44:16.036+0000][11751.981s][info][gc,metaspace] GC(2676) Metaspace: 442358K(448832K)->442358K(448832K) NonClass: 387467K(391104K)->387467K(391104K) Class: 54891K(57728K)->54891K(57728K)
[2024-08-15T15:44:16.036+0000][11751.981s][info][gc          ] GC(2676) Pause Young (Normal) (G1 Evacuation Pause) 9702M->3903M(12288M) 14.592ms
[2024-08-15T15:44:16.037+0000][11751.981s][info][gc,cpu      ] GC(2676) User=0.08s Sys=0.00s Real=0.02s
[2024-08-15T15:44:20.397+0000][11756.342s][info][gc,start    ] GC(2677) Pause Young (Concurrent Start) (G1 Evacuation Pause)
[2024-08-15T15:44:20.397+0000][11756.342s][info][gc,task     ] GC(2677) Using 6 workers of 6 for evacuation
[2024-08-15T15:44:20.413+0000][11756.358s][info][gc,phases   ] GC(2677)   Pre Evacuate Collection Set: 0.6ms
[2024-08-15T15:44:20.413+0000][11756.358s][info][gc,phases   ] GC(2677)   Merge Heap Roots: 0.2ms
[2024-08-15T15:44:20.413+0000][11756.358s][info][gc,phases   ] GC(2677)   Evacuate Collection Set: 13.7ms
[2024-08-15T15:44:20.413+0000][11756.358s][info][gc,phases   ] GC(2677)   Post Evacuate Collection Set: 1.7ms
[2024-08-15T15:44:20.413+0000][11756.358s][info][gc,phases   ] GC(2677)   Other: 0.3ms
[2024-08-15T15:44:20.413+0000][11756.358s][info][gc,heap     ] GC(2677) Eden regions: 725->0(726)
[2024-08-15T15:44:20.413+0000][11756.358s][info][gc,heap     ] GC(2677) Survivor regions: 8->7(92)
[2024-08-15T15:44:20.413+0000][11756.358s][info][gc,heap     ] GC(2677) Old regions: 475->475
[2024-08-15T15:44:20.413+0000][11756.358s][info][gc,heap     ] GC(2677) Archive regions: 2->2
[2024-08-15T15:44:20.413+0000][11756.358s][info][gc,heap     ] GC(2677) Humongous regions: 6->6
[2024-08-15T15:44:20.413+0000][11756.358s][info][gc,metaspace] GC(2677) Metaspace: 442358K(448832K)->442358K(448832K) NonClass: 387467K(391104K)->387467K(391104K) Class: 54891K(57728K)->54891K(57728K)
[2024-08-15T15:44:20.413+0000][11756.358s][info][gc          ] GC(2677) Pause Young (Concurrent Start) (G1 Evacuation Pause) 9703M->3900M(12288M) 16.599ms
[2024-08-15T15:44:20.414+0000][11756.358s][info][gc,cpu      ] GC(2677) User=0.10s Sys=0.00s Real=0.01s
[2024-08-15T15:44:20.414+0000][11756.358s][info][gc          ] GC(2678) Concurrent Mark Cycle
[2024-08-15T15:44:20.414+0000][11756.358s][info][gc,marking  ] GC(2678) Concurrent Clear Claimed Marks
[2024-08-15T15:44:20.414+0000][11756.359s][info][gc,marking  ] GC(2678) Concurrent Clear Claimed Marks 0.378ms
[2024-08-15T15:44:20.414+0000][11756.359s][info][gc,marking  ] GC(2678) Concurrent Scan Root Regions
[2024-08-15T15:44:20.429+0000][11756.373s][info][gc,marking  ] GC(2678) Concurrent Scan Root Regions 14.610ms
[2024-08-15T15:44:20.429+0000][11756.373s][info][gc,marking  ] GC(2678) Concurrent Mark
[2024-08-15T15:44:20.429+0000][11756.373s][info][gc,marking  ] GC(2678) Concurrent Mark From Roots
[2024-08-15T15:44:20.429+0000][11756.373s][info][gc,task     ] GC(2678) Using 2 workers of 2 for marking
[2024-08-15T15:44:23.093+0000][11759.037s][info][gc,start    ] GC(2679) Pause Young (Normal) (G1 Evacuation Pause)
[2024-08-15T15:44:23.093+0000][11759.037s][info][gc,task     ] GC(2679) Using 6 workers of 6 for evacuation
[2024-08-15T15:44:23.111+0000][11759.056s][info][gc,phases   ] GC(2679)   Pre Evacuate Collection Set: 0.2ms
[2024-08-15T15:44:23.111+0000][11759.056s][info][gc,phases   ] GC(2679)   Merge Heap Roots: 0.2ms
[2024-08-15T15:44:23.111+0000][11759.056s][info][gc,phases   ] GC(2679)   Evacuate Collection Set: 16.5ms
[2024-08-15T15:44:23.111+0000][11759.056s][info][gc,phases   ] GC(2679)   Post Evacuate Collection Set: 1.7ms
[2024-08-15T15:44:23.111+0000][11759.056s][info][gc,phases   ] GC(2679)   Other: 0.2ms
[2024-08-15T15:44:23.111+0000][11759.056s][info][gc,heap     ] GC(2679) Eden regions: 726->0(726)
[2024-08-15T15:44:23.111+0000][11759.056s][info][gc,heap     ] GC(2679) Survivor regions: 7->8(92)
[2024-08-15T15:44:23.111+0000][11759.056s][info][gc,heap     ] GC(2679) Old regions: 475->475
[2024-08-15T15:44:23.111+0000][11759.056s][info][gc,heap     ] GC(2679) Archive regions: 2->2
[2024-08-15T15:44:23.112+0000][11759.056s][info][gc,heap     ] GC(2679) Humongous regions: 6->6
[2024-08-15T15:44:23.112+0000][11759.056s][info][gc,metaspace] GC(2679) Metaspace: 442358K(448832K)->442358K(448832K) NonClass: 387467K(391104K)->387467K(391104K) Class: 54891K(57728K)->54891K(57728K)
[2024-08-15T15:44:23.112+0000][11759.056s][info][gc          ] GC(2679) Pause Young (Normal) (G1 Evacuation Pause) 9708M->3905M(12288M) 18.873ms
[2024-08-15T15:44:23.112+0000][11759.056s][info][gc,cpu      ] GC(2679) User=0.11s Sys=0.01s Real=0.02s
[2024-08-15T15:44:23.642+0000][11759.587s][info][gc,marking  ] GC(2678) Concurrent Mark From Roots 3213.541ms
[2024-08-15T15:44:23.642+0000][11759.587s][info][gc,marking  ] GC(2678) Concurrent Preclean
[2024-08-15T15:44:23.644+0000][11759.589s][info][gc,marking  ] GC(2678) Concurrent Preclean 2.116ms
[2024-08-15T15:44:23.645+0000][11759.589s][info][gc,start    ] GC(2678) Pause Remark
[2024-08-15T15:44:23.668+0000][11759.613s][info][gc          ] GC(2678) Pause Remark 5217M->5217M(12288M) 23.512ms
[2024-08-15T15:44:23.668+0000][11759.613s][info][gc,cpu      ] GC(2678) User=0.10s Sys=0.00s Real=0.02s
[2024-08-15T15:44:23.668+0000][11759.613s][info][gc,marking  ] GC(2678) Concurrent Mark 3239.704ms
[2024-08-15T15:44:23.668+0000][11759.613s][info][gc,marking  ] GC(2678) Concurrent Rebuild Remembered Sets
[2024-08-15T15:44:25.571+0000][11761.516s][info][gc,start    ] GC(2680) Pause Young (Normal) (G1 Evacuation Pause)
[2024-08-15T15:44:25.571+0000][11761.516s][info][gc,task     ] GC(2680) Using 6 workers of 6 for evacuation
[2024-08-15T15:44:25.610+0000][11761.554s][info][gc,phases   ] GC(2680)   Pre Evacuate Collection Set: 0.2ms
[2024-08-15T15:44:25.610+0000][11761.554s][info][gc,phases   ] GC(2680)   Merge Heap Roots: 0.3ms
[2024-08-15T15:44:25.610+0000][11761.554s][info][gc,phases   ] GC(2680)   Evacuate Collection Set: 31.8ms
[2024-08-15T15:44:25.610+0000][11761.554s][info][gc,phases   ] GC(2680)   Post Evacuate Collection Set: 5.9ms
[2024-08-15T15:44:25.610+0000][11761.554s][info][gc,phases   ] GC(2680)   Other: 0.2ms
[2024-08-15T15:44:25.610+0000][11761.554s][info][gc,heap     ] GC(2680) Eden regions: 726->0(724)
[2024-08-15T15:44:25.610+0000][11761.554s][info][gc,heap     ] GC(2680) Survivor regions: 8->10(92)
[2024-08-15T15:44:25.610+0000][11761.554s][info][gc,heap     ] GC(2680) Old regions: 475->475
[2024-08-15T15:44:25.610+0000][11761.554s][info][gc,heap     ] GC(2680) Archive regions: 2->2
[2024-08-15T15:44:25.610+0000][11761.554s][info][gc,heap     ] GC(2680) Humongous regions: 6->6
[2024-08-15T15:44:25.610+0000][11761.554s][info][gc,metaspace] GC(2680) Metaspace: 442358K(448832K)->442358K(448832K) NonClass: 387467K(391104K)->387467K(391104K) Class: 54891K(57728K)->54891K(57728K)
[2024-08-15T15:44:25.610+0000][11761.554s][info][gc          ] GC(2680) Pause Young (Normal) (G1 Evacuation Pause) 9713M->3924M(12288M) 38.454ms
[2024-08-15T15:44:25.610+0000][11761.554s][info][gc,cpu      ] GC(2680) User=0.22s Sys=0.01s Real=0.04s
[2024-08-15T15:44:25.659+0000][11761.603s][info][gc,marking  ] GC(2678) Concurrent Rebuild Remembered Sets 1990.196ms
[2024-08-15T15:44:25.659+0000][11761.603s][info][gc,start    ] GC(2678) Pause Cleanup
[2024-08-15T15:44:25.659+0000][11761.604s][info][gc          ] GC(2678) Pause Cleanup 4024M->4024M(12288M) 0.534ms
[2024-08-15T15:44:25.659+0000][11761.604s][info][gc,cpu      ] GC(2678) User=0.00s Sys=0.00s Real=0.00s
[2024-08-15T15:44:25.659+0000][11761.604s][info][gc,marking  ] GC(2678) Concurrent Cleanup for Next Mark
[2024-08-15T15:44:25.677+0000][11761.621s][info][gc,marking  ] GC(2678) Concurrent Cleanup for Next Mark 17.051ms
[2024-08-15T15:44:25.677+0000][11761.621s][info][gc          ] GC(2678) Concurrent Mark Cycle 5262.994ms
[2024-08-15T15:44:28.402+0000][11764.347s][info][gc,start    ] GC(2681) Pause Young (Prepare Mixed) (G1 Evacuation Pause)
[2024-08-15T15:44:28.402+0000][11764.347s][info][gc,task     ] GC(2681) Using 6 workers of 6 for evacuation
[2024-08-15T15:44:28.432+0000][11764.376s][info][gc,phases   ] GC(2681)   Pre Evacuate Collection Set: 0.2ms
[2024-08-15T15:44:28.432+0000][11764.376s][info][gc,phases   ] GC(2681)   Merge Heap Roots: 0.4ms
[2024-08-15T15:44:28.432+0000][11764.376s][info][gc,phases   ] GC(2681)   Evacuate Collection Set: 25.2ms
[2024-08-15T15:44:28.432+0000][11764.376s][info][gc,phases   ] GC(2681)   Post Evacuate Collection Set: 3.4ms
[2024-08-15T15:44:28.432+0000][11764.376s][info][gc,phases   ] GC(2681)   Other: 0.2ms
[2024-08-15T15:44:28.432+0000][11764.376s][info][gc,heap     ] GC(2681) Eden regions: 724->0(67)
[2024-08-15T15:44:28.432+0000][11764.376s][info][gc,heap     ] GC(2681) Survivor regions: 10->9(92)
[2024-08-15T15:44:28.432+0000][11764.376s][info][gc,heap     ] GC(2681) Old regions: 475->475
[2024-08-15T15:44:28.432+0000][11764.376s][info][gc,heap     ] GC(2681) Archive regions: 2->2
[2024-08-15T15:44:28.432+0000][11764.376s][info][gc,heap     ] GC(2681) Humongous regions: 6->6
[2024-08-15T15:44:28.432+0000][11764.376s][info][gc,metaspace] GC(2681) Metaspace: 442360K(448832K)->442360K(448832K) NonClass: 387468K(391104K)->387468K(391104K) Class: 54891K(57728K)->54891K(57728K)
[2024-08-15T15:44:28.432+0000][11764.376s][info][gc          ] GC(2681) Pause Young (Prepare Mixed) (G1 Evacuation Pause) 9716M->3913M(12288M) 29.464ms
[2024-08-15T15:44:28.432+0000][11764.376s][info][gc,cpu      ] GC(2681) User=0.17s Sys=0.00s Real=0.03s
[2024-08-15T15:44:28.893+0000][11764.838s][info][gc,start    ] GC(2682) Pause Young (Mixed) (G1 Evacuation Pause)
[2024-08-15T15:44:28.893+0000][11764.838s][info][gc,task     ] GC(2682) Using 6 workers of 6 for evacuation
[2024-08-15T15:44:28.954+0000][11764.899s][info][gc,phases   ] GC(2682)   Pre Evacuate Collection Set: 0.2ms
[2024-08-15T15:44:28.954+0000][11764.899s][info][gc,phases   ] GC(2682)   Merge Heap Roots: 0.4ms
[2024-08-15T15:44:28.954+0000][11764.899s][info][gc,phases   ] GC(2682)   Evacuate Collection Set: 59.1ms
[2024-08-15T15:44:28.954+0000][11764.899s][info][gc,phases   ] GC(2682)   Post Evacuate Collection Set: 1.3ms
[2024-08-15T15:44:28.954+0000][11764.899s][info][gc,phases   ] GC(2682)   Other: 0.2ms
[2024-08-15T15:44:28.954+0000][11764.899s][info][gc,heap     ] GC(2682) Eden regions: 67->0(730)
[2024-08-15T15:44:28.954+0000][11764.899s][info][gc,heap     ] GC(2682) Survivor regions: 9->5(10)
[2024-08-15T15:44:28.954+0000][11764.899s][info][gc,heap     ] GC(2682) Old regions: 475->474
[2024-08-15T15:44:28.954+0000][11764.899s][info][gc,heap     ] GC(2682) Archive regions: 2->2
[2024-08-15T15:44:28.954+0000][11764.899s][info][gc,heap     ] GC(2682) Humongous regions: 6->6
[2024-08-15T15:44:28.954+0000][11764.899s][info][gc,metaspace] GC(2682) Metaspace: 442360K(448832K)->442360K(448832K) NonClass: 387468K(391104K)->387468K(391104K) Class: 54891K(57728K)->54891K(57728K)
[2024-08-15T15:44:28.954+0000][11764.899s][info][gc          ] GC(2682) Pause Young (Mixed) (G1 Evacuation Pause) 4449M->3877M(12288M) 61.209ms
[2024-08-15T15:44:28.955+0000][11764.899s][info][gc,cpu      ] GC(2682) User=0.35s Sys=0.01s Real=0.06s
[2024-08-15T15:44:33.402+0000][11769.347s][info][gc,start    ] GC(2683) Pause Young (Normal) (G1 Evacuation Pause)
[2024-08-15T15:44:33.402+0000][11769.347s][info][gc,task     ] GC(2683) Using 6 workers of 6 for evacuation
[2024-08-15T15:44:33.421+0000][11769.366s][info][gc,phases   ] GC(2683)   Pre Evacuate Collection Set: 0.2ms
[2024-08-15T15:44:33.421+0000][11769.366s][info][gc,phases   ] GC(2683)   Merge Heap Roots: 0.3ms
[2024-08-15T15:44:33.421+0000][11769.366s][info][gc,phases   ] GC(2683)   Evacuate Collection Set: 16.7ms
[2024-08-15T15:44:33.421+0000][11769.366s][info][gc,phases   ] GC(2683)   Post Evacuate Collection Set: 1.8ms
[2024-08-15T15:44:33.421+0000][11769.366s][info][gc,phases   ] GC(2683)   Other: 0.2ms
[2024-08-15T15:44:33.421+0000][11769.366s][info][gc,heap     ] GC(2683) Eden regions: 730->0(728)
[2024-08-15T15:44:33.421+0000][11769.366s][info][gc,heap     ] GC(2683) Survivor regions: 5->7(92)
[2024-08-15T15:44:33.421+0000][11769.366s][info][gc,heap     ] GC(2683) Old regions: 474->474
[2024-08-15T15:44:33.421+0000][11769.366s][info][gc,heap     ] GC(2683) Archive regions: 2->2
[2024-08-15T15:44:33.421+0000][11769.366s][info][gc,heap     ] GC(2683) Humongous regions: 6->6
[2024-08-15T15:44:33.421+0000][11769.366s][info][gc,metaspace] GC(2683) Metaspace: 442360K(448832K)->442360K(448832K) NonClass: 387468K(391104K)->387468K(391104K) Class: 54891K(57728K)->54891K(57728K)
[2024-08-15T15:44:33.421+0000][11769.366s][info][gc          ] GC(2683) Pause Young (Normal) (G1 Evacuation Pause) 9717M->3889M(12288M) 19.226ms
[2024-08-15T15:44:33.421+0000][11769.366s][info][gc,cpu      ] GC(2683) User=0.11s Sys=0.00s Real=0.02s
[2024-08-15T15:44:36.499+0000][11772.444s][info][gc,start    ] GC(2684) Pause Young (Normal) (G1 Evacuation Pause)
[2024-08-15T15:44:36.499+0000][11772.444s][info][gc,task     ] GC(2684) Using 6 workers of 6 for evacuation
[2024-08-15T15:44:36.514+0000][11772.459s][info][gc,phases   ] GC(2684)   Pre Evacuate Collection Set: 0.2ms
[2024-08-15T15:44:36.514+0000][11772.459s][info][gc,phases   ] GC(2684)   Merge Heap Roots: 0.2ms
[2024-08-15T15:44:36.514+0000][11772.459s][info][gc,phases   ] GC(2684)   Evacuate Collection Set: 12.9ms
[2024-08-15T15:44:36.514+0000][11772.459s][info][gc,phases   ] GC(2684)   Post Evacuate Collection Set: 1.7ms
[2024-08-15T15:44:36.514+0000][11772.459s][info][gc,phases   ] GC(2684)   Other: 0.2ms
[2024-08-15T15:44:36.514+0000][11772.459s][info][gc,heap     ] GC(2684) Eden regions: 728->0(729)
[2024-08-15T15:44:36.514+0000][11772.459s][info][gc,heap     ] GC(2684) Survivor regions: 7->7(92)
[2024-08-15T15:44:36.514+0000][11772.459s][info][gc,heap     ] GC(2684) Old regions: 474->474
[2024-08-15T15:44:36.514+0000][11772.459s][info][gc,heap     ] GC(2684) Archive regions: 2->2
[2024-08-15T15:44:36.514+0000][11772.459s][info][gc,heap     ] GC(2684) Humongous regions: 6->6
[2024-08-15T15:44:36.514+0000][11772.459s][info][gc,metaspace] GC(2684) Metaspace: 442360K(448832K)->442360K(448832K) NonClass: 387468K(391104K)->387468K(391104K) Class: 54891K(57728K)->54891K(57728K)
[2024-08-15T15:44:36.514+0000][11772.459s][info][gc          ] GC(2684) Pause Young (Normal) (G1 Evacuation Pause) 9713M->3888M(12288M) 15.242ms
[2024-08-15T15:44:36.515+0000][11772.459s][info][gc,cpu      ] GC(2684) User=0.09s Sys=0.00s Real=0.01s
[2024-08-15T15:44:39.432+0000][11775.377s][info][gc,start    ] GC(2685) Pause Young (Concurrent Start) (G1 Evacuation Pause)
[2024-08-15T15:44:39.432+0000][11775.377s][info][gc,task     ] GC(2685) Using 6 workers of 6 for evacuation
[2024-08-15T15:44:39.450+0000][11775.395s][info][gc,phases   ] GC(2685)   Pre Evacuate Collection Set: 0.6ms
[2024-08-15T15:44:39.450+0000][11775.395s][info][gc,phases   ] GC(2685)   Merge Heap Roots: 0.2ms
[2024-08-15T15:44:39.450+0000][11775.395s][info][gc,phases   ] GC(2685)   Evacuate Collection Set: 15.1ms
[2024-08-15T15:44:39.450+0000][11775.395s][info][gc,phases   ] GC(2685)   Post Evacuate Collection Set: 1.7ms
[2024-08-15T15:44:39.450+0000][11775.395s][info][gc,phases   ] GC(2685)   Other: 0.3ms
[2024-08-15T15:44:39.450+0000][11775.395s][info][gc,heap     ] GC(2685) Eden regions: 729->0(728)
[2024-08-15T15:44:39.450+0000][11775.395s][info][gc,heap     ] GC(2685) Survivor regions: 7->8(92)
[2024-08-15T15:44:39.450+0000][11775.395s][info][gc,heap     ] GC(2685) Old regions: 474->474
[2024-08-15T15:44:39.450+0000][11775.395s][info][gc,heap     ] GC(2685) Archive regions: 2->2
[2024-08-15T15:44:39.450+0000][11775.395s][info][gc,heap     ] GC(2685) Humongous regions: 6->6
[2024-08-15T15:44:39.450+0000][11775.395s][info][gc,metaspace] GC(2685) Metaspace: 442361K(448832K)->442361K(448832K) NonClass: 387469K(391104K)->387469K(391104K) Class: 54891K(57728K)->54891K(57728K)
[2024-08-15T15:44:39.450+0000][11775.395s][info][gc          ] GC(2685) Pause Young (Concurrent Start) (G1 Evacuation Pause) 9720M->3899M(12288M) 17.964ms
[2024-08-15T15:44:39.450+0000][11775.395s][info][gc,cpu      ] GC(2685) User=0.10s Sys=0.00s Real=0.02s
[2024-08-15T15:44:39.450+0000][11775.395s][info][gc          ] GC(2686) Concurrent Mark Cycle
[2024-08-15T15:44:39.450+0000][11775.395s][info][gc,marking  ] GC(2686) Concurrent Clear Claimed Marks
[2024-08-15T15:44:39.451+0000][11775.395s][info][gc,marking  ] GC(2686) Concurrent Clear Claimed Marks 0.364ms
[2024-08-15T15:44:39.451+0000][11775.395s][info][gc,marking  ] GC(2686) Concurrent Scan Root Regions
[2024-08-15T15:44:39.469+0000][11775.414s][info][gc,marking  ] GC(2686) Concurrent Scan Root Regions 18.698ms
[2024-08-15T15:44:39.469+0000][11775.414s][info][gc,marking  ] GC(2686) Concurrent Mark
[2024-08-15T15:44:39.469+0000][11775.414s][info][gc,marking  ] GC(2686) Concurrent Mark From Roots
[2024-08-15T15:44:39.469+0000][11775.414s][info][gc,task     ] GC(2686) Using 2 workers of 2 for marking
[2024-08-15T15:44:42.637+0000][11778.582s][info][gc,marking  ] GC(2686) Concurrent Mark From Roots 3167.990ms
[2024-08-15T15:44:42.637+0000][11778.582s][info][gc,marking  ] GC(2686) Concurrent Preclean
[2024-08-15T15:44:42.639+0000][11778.584s][info][gc,marking  ] GC(2686) Concurrent Preclean 1.584ms
[2024-08-15T15:44:42.639+0000][11778.584s][info][gc,start    ] GC(2686) Pause Remark
[2024-08-15T15:44:42.664+0000][11778.609s][info][gc          ] GC(2686) Pause Remark 8739M->8739M(12288M) 24.887ms
[2024-08-15T15:44:42.664+0000][11778.609s][info][gc,cpu      ] GC(2686) User=0.11s Sys=0.00s Real=0.03s
[2024-08-15T15:44:42.664+0000][11778.609s][info][gc,marking  ] GC(2686) Concurrent Mark 3194.942ms
[2024-08-15T15:44:42.664+0000][11778.609s][info][gc,marking  ] GC(2686) Concurrent Rebuild Remembered Sets
[2024-08-15T15:44:43.240+0000][11779.184s][info][gc,start    ] GC(2687) Pause Young (Normal) (G1 Evacuation Pause)
[2024-08-15T15:44:43.240+0000][11779.184s][info][gc,task     ] GC(2687) Using 6 workers of 6 for evacuation
[2024-08-15T15:44:43.260+0000][11779.204s][info][gc,phases   ] GC(2687)   Pre Evacuate Collection Set: 0.2ms
[2024-08-15T15:44:43.260+0000][11779.204s][info][gc,phases   ] GC(2687)   Merge Heap Roots: 0.3ms
[2024-08-15T15:44:43.260+0000][11779.204s][info][gc,phases   ] GC(2687)   Evacuate Collection Set: 17.3ms
[2024-08-15T15:44:43.260+0000][11779.204s][info][gc,phases   ] GC(2687)   Post Evacuate Collection Set: 1.9ms
[2024-08-15T15:44:43.260+0000][11779.204s][info][gc,phases   ] GC(2687)   Other: 0.2ms
[2024-08-15T15:44:43.260+0000][11779.204s][info][gc,heap     ] GC(2687) Eden regions: 728->0(728)
[2024-08-15T15:44:43.260+0000][11779.204s][info][gc,heap     ] GC(2687) Survivor regions: 8->9(92)
[2024-08-15T15:44:43.260+0000][11779.204s][info][gc,heap     ] GC(2687) Old regions: 474->474
[2024-08-15T15:44:43.260+0000][11779.204s][info][gc,heap     ] GC(2687) Archive regions: 2->2
[2024-08-15T15:44:43.260+0000][11779.204s][info][gc,heap     ] GC(2687) Humongous regions: 6->6
[2024-08-15T15:44:43.260+0000][11779.204s][info][gc,metaspace] GC(2687) Metaspace: 442361K(448832K)->442361K(448832K) NonClass: 387469K(391104K)->387469K(391104K) Class: 54891K(57728K)->54891K(57728K)
[2024-08-15T15:44:43.260+0000][11779.204s][info][gc          ] GC(2687) Pause Young (Normal) (G1 Evacuation Pause) 9723M->3909M(12288M) 19.885ms
[2024-08-15T15:44:43.260+0000][11779.204s][info][gc,cpu      ] GC(2687) User=0.11s Sys=0.00s Real=0.02s
[2024-08-15T15:44:44.630+0000][11780.574s][info][gc,marking  ] GC(2686) Concurrent Rebuild Remembered Sets 1965.258ms
[2024-08-15T15:44:44.630+0000][11780.574s][info][gc,start    ] GC(2686) Pause Cleanup
[2024-08-15T15:44:44.630+0000][11780.575s][info][gc          ] GC(2686) Pause Cleanup 6349M->6349M(12288M) 0.504ms
[2024-08-15T15:44:44.630+0000][11780.575s][info][gc,cpu      ] GC(2686) User=0.01s Sys=0.00s Real=0.00s
[2024-08-15T15:44:44.630+0000][11780.575s][info][gc,marking  ] GC(2686) Concurrent Cleanup for Next Mark
[2024-08-15T15:44:44.647+0000][11780.592s][info][gc,marking  ] GC(2686) Concurrent Cleanup for Next Mark 17.075ms
[2024-08-15T15:44:44.648+0000][11780.592s][info][gc          ] GC(2686) Concurrent Mark Cycle 5197.338ms
[2024-08-15T15:44:46.331+0000][11782.275s][info][gc,start    ] GC(2688) Pause Young (Prepare Mixed) (G1 Evacuation Pause)
[2024-08-15T15:44:46.331+0000][11782.275s][info][gc,task     ] GC(2688) Using 6 workers of 6 for evacuation
[2024-08-15T15:44:46.352+0000][11782.296s][info][gc,phases   ] GC(2688)   Pre Evacuate Collection Set: 0.2ms
[2024-08-15T15:44:46.352+0000][11782.296s][info][gc,phases   ] GC(2688)   Merge Heap Roots: 0.3ms
[2024-08-15T15:44:46.352+0000][11782.296s][info][gc,phases   ] GC(2688)   Evacuate Collection Set: 18.6ms
[2024-08-15T15:44:46.352+0000][11782.296s][info][gc,phases   ] GC(2688)   Post Evacuate Collection Set: 1.6ms
[2024-08-15T15:44:46.352+0000][11782.296s][info][gc,phases   ] GC(2688)   Other: 0.2ms
[2024-08-15T15:44:46.352+0000][11782.296s][info][gc,heap     ] GC(2688) Eden regions: 728->0(66)
[2024-08-15T15:44:46.352+0000][11782.296s][info][gc,heap     ] GC(2688) Survivor regions: 9->10(93)
[2024-08-15T15:44:46.352+0000][11782.296s][info][gc,heap     ] GC(2688) Old regions: 474->474
[2024-08-15T15:44:46.352+0000][11782.296s][info][gc,heap     ] GC(2688) Archive regions: 2->2
[2024-08-15T15:44:46.352+0000][11782.296s][info][gc,heap     ] GC(2688) Humongous regions: 6->6
[2024-08-15T15:44:46.352+0000][11782.296s][info][gc,metaspace] GC(2688) Metaspace: 442361K(448832K)->442361K(448832K) NonClass: 387469K(391104K)->387469K(391104K) Class: 54891K(57728K)->54891K(57728K)
[2024-08-15T15:44:46.352+0000][11782.296s][info][gc          ] GC(2688) Pause Young (Prepare Mixed) (G1 Evacuation Pause) 9733M->3913M(12288M) 20.979ms
[2024-08-15T15:44:46.352+0000][11782.296s][info][gc,cpu      ] GC(2688) User=0.12s Sys=0.00s Real=0.02s
[2024-08-15T15:44:46.706+0000][11782.650s][info][gc,start    ] GC(2689) Pause Young (Mixed) (G1 Evacuation Pause)
[2024-08-15T15:44:46.706+0000][11782.650s][info][gc,task     ] GC(2689) Using 6 workers of 6 for evacuation
[2024-08-15T15:44:46.758+0000][11782.703s][info][gc,phases   ] GC(2689)   Pre Evacuate Collection Set: 0.2ms
[2024-08-15T15:44:46.758+0000][11782.703s][info][gc,phases   ] GC(2689)   Merge Heap Roots: 0.4ms
[2024-08-15T15:44:46.758+0000][11782.703s][info][gc,phases   ] GC(2689)   Evacuate Collection Set: 50.8ms
[2024-08-15T15:44:46.758+0000][11782.703s][info][gc,phases   ] GC(2689)   Post Evacuate Collection Set: 1.2ms
[2024-08-15T15:44:46.758+0000][11782.703s][info][gc,phases   ] GC(2689)   Other: 0.2ms
[2024-08-15T15:44:46.758+0000][11782.703s][info][gc,heap     ] GC(2689) Eden regions: 66->0(732)
[2024-08-15T15:44:46.758+0000][11782.703s][info][gc,heap     ] GC(2689) Survivor regions: 10->6(10)
[2024-08-15T15:44:46.758+0000][11782.703s][info][gc,heap     ] GC(2689) Old regions: 474->472
[2024-08-15T15:44:46.758+0000][11782.703s][info][gc,heap     ] GC(2689) Archive regions: 2->2
[2024-08-15T15:44:46.758+0000][11782.703s][info][gc,heap     ] GC(2689) Humongous regions: 6->6
[2024-08-15T15:44:46.758+0000][11782.703s][info][gc,metaspace] GC(2689) Metaspace: 442361K(448832K)->442361K(448832K) NonClass: 387469K(391104K)->387469K(391104K) Class: 54891K(57728K)->54891K(57728K)
[2024-08-15T15:44:46.758+0000][11782.703s][info][gc          ] GC(2689) Pause Young (Mixed) (G1 Evacuation Pause) 4441M->3869M(12288M) 52.842ms
[2024-08-15T15:44:46.759+0000][11782.703s][info][gc,cpu      ] GC(2689) User=0.31s Sys=0.00s Real=0.05s
[2024-08-15T15:44:50.271+0000][11786.216s][info][gc,start    ] GC(2690) Pause Young (Normal) (G1 Evacuation Pause)
[2024-08-15T15:44:50.271+0000][11786.216s][info][gc,task     ] GC(2690) Using 6 workers of 6 for evacuation
[2024-08-15T15:44:50.284+0000][11786.228s][info][gc,phases   ] GC(2690)   Pre Evacuate Collection Set: 0.2ms
[2024-08-15T15:44:50.284+0000][11786.228s][info][gc,phases   ] GC(2690)   Merge Heap Roots: 0.2ms
[2024-08-15T15:44:50.284+0000][11786.228s][info][gc,phases   ] GC(2690)   Evacuate Collection Set: 10.6ms
[2024-08-15T15:44:50.284+0000][11786.228s][info][gc,phases   ] GC(2690)   Post Evacuate Collection Set: 1.7ms
[2024-08-15T15:44:50.284+0000][11786.228s][info][gc,phases   ] GC(2690)   Other: 0.2ms
[2024-08-15T15:44:50.284+0000][11786.228s][info][gc,heap     ] GC(2690) Eden regions: 732->0(731)
[2024-08-15T15:44:50.284+0000][11786.228s][info][gc,heap     ] GC(2690) Survivor regions: 6->7(93)
[2024-08-15T15:44:50.284+0000][11786.228s][info][gc,heap     ] GC(2690) Old regions: 472->472
[2024-08-15T15:44:50.284+0000][11786.228s][info][gc,heap     ] GC(2690) Archive regions: 2->2
[2024-08-15T15:44:50.284+0000][11786.228s][info][gc,heap     ] GC(2690) Humongous regions: 6->6
[2024-08-15T15:44:50.284+0000][11786.228s][info][gc,metaspace] GC(2690) Metaspace: 442361K(448832K)->442361K(448832K) NonClass: 387469K(391104K)->387469K(391104K) Class: 54891K(57728K)->54891K(57728K)
[2024-08-15T15:44:50.284+0000][11786.229s][info][gc          ] GC(2690) Pause Young (Normal) (G1 Evacuation Pause) 9725M->3878M(12288M) 12.917ms
[2024-08-15T15:44:50.284+0000][11786.229s][info][gc,cpu      ] GC(2690) User=0.07s Sys=0.00s Real=0.02s
[2024-08-15T15:44:53.623+0000][11789.567s][info][gc,start    ] GC(2691) Pause Young (Normal) (G1 Evacuation Pause)
[2024-08-15T15:44:53.623+0000][11789.567s][info][gc,task     ] GC(2691) Using 6 workers of 6 for evacuation
[2024-08-15T15:44:53.636+0000][11789.581s][info][gc,phases   ] GC(2691)   Pre Evacuate Collection Set: 0.2ms
[2024-08-15T15:44:53.636+0000][11789.581s][info][gc,phases   ] GC(2691)   Merge Heap Roots: 0.2ms
[2024-08-15T15:44:53.636+0000][11789.581s][info][gc,phases   ] GC(2691)   Evacuate Collection Set: 11.4ms
[2024-08-15T15:44:53.636+0000][11789.581s][info][gc,phases   ] GC(2691)   Post Evacuate Collection Set: 1.8ms
[2024-08-15T15:44:53.636+0000][11789.581s][info][gc,phases   ] GC(2691)   Other: 0.2ms
[2024-08-15T15:44:53.636+0000][11789.581s][info][gc,heap     ] GC(2691) Eden regions: 731->0(732)
[2024-08-15T15:44:53.636+0000][11789.581s][info][gc,heap     ] GC(2691) Survivor regions: 7->6(93)
[2024-08-15T15:44:53.636+0000][11789.581s][info][gc,heap     ] GC(2691) Old regions: 472->472
[2024-08-15T15:44:53.636+0000][11789.581s][info][gc,heap     ] GC(2691) Archive regions: 2->2
[2024-08-15T15:44:53.636+0000][11789.581s][info][gc,heap     ] GC(2691) Humongous regions: 6->6
[2024-08-15T15:44:53.636+0000][11789.581s][info][gc,metaspace] GC(2691) Metaspace: 442361K(448832K)->442361K(448832K) NonClass: 387469K(391104K)->387469K(391104K) Class: 54891K(57728K)->54891K(57728K)
[2024-08-15T15:44:53.636+0000][11789.581s][info][gc          ] GC(2691) Pause Young (Normal) (G1 Evacuation Pause) 9726M->3870M(12288M) 13.807ms
[2024-08-15T15:44:53.636+0000][11789.581s][info][gc,cpu      ] GC(2691) User=0.08s Sys=0.00s Real=0.02s
[2024-08-15T15:44:56.481+0000][11792.426s][info][gc,start    ] GC(2692) Pause Young (Concurrent Start) (G1 Evacuation Pause)
[2024-08-15T15:44:56.481+0000][11792.426s][info][gc,task     ] GC(2692) Using 6 workers of 6 for evacuation
[2024-08-15T15:44:56.497+0000][11792.442s][info][gc,phases   ] GC(2692)   Pre Evacuate Collection Set: 0.6ms
[2024-08-15T15:44:56.497+0000][11792.442s][info][gc,phases   ] GC(2692)   Merge Heap Roots: 0.2ms
[2024-08-15T15:44:56.497+0000][11792.442s][info][gc,phases   ] GC(2692)   Evacuate Collection Set: 13.1ms
[2024-08-15T15:44:56.497+0000][11792.442s][info][gc,phases   ] GC(2692)   Post Evacuate Collection Set: 1.7ms
[2024-08-15T15:44:56.497+0000][11792.442s][info][gc,phases   ] GC(2692)   Other: 0.3ms
[2024-08-15T15:44:56.497+0000][11792.442s][info][gc,heap     ] GC(2692) Eden regions: 732->0(731)
[2024-08-15T15:44:56.497+0000][11792.442s][info][gc,heap     ] GC(2692) Survivor regions: 6->8(93)
[2024-08-15T15:44:56.497+0000][11792.442s][info][gc,heap     ] GC(2692) Old regions: 472->472
[2024-08-15T15:44:56.497+0000][11792.442s][info][gc,heap     ] GC(2692) Archive regions: 2->2
[2024-08-15T15:44:56.497+0000][11792.442s][info][gc,heap     ] GC(2692) Humongous regions: 6->6
[2024-08-15T15:44:56.497+0000][11792.442s][info][gc,metaspace] GC(2692) Metaspace: 442361K(448832K)->442361K(448832K) NonClass: 387469K(391104K)->387469K(391104K) Class: 54891K(57728K)->54891K(57728K)
[2024-08-15T15:44:56.497+0000][11792.442s][info][gc          ] GC(2692) Pause Young (Concurrent Start) (G1 Evacuation Pause) 9726M->3881M(12288M) 15.928ms
[2024-08-15T15:44:56.497+0000][11792.442s][info][gc,cpu      ] GC(2692) User=0.09s Sys=0.00s Real=0.02s
[2024-08-15T15:44:56.497+0000][11792.442s][info][gc          ] GC(2693) Concurrent Mark Cycle
[2024-08-15T15:44:56.497+0000][11792.442s][info][gc,marking  ] GC(2693) Concurrent Clear Claimed Marks
[2024-08-15T15:44:56.498+0000][11792.442s][info][gc,marking  ] GC(2693) Concurrent Clear Claimed Marks 0.376ms
[2024-08-15T15:44:56.498+0000][11792.442s][info][gc,marking  ] GC(2693) Concurrent Scan Root Regions
[2024-08-15T15:44:56.510+0000][11792.455s][info][gc,marking  ] GC(2693) Concurrent Scan Root Regions 12.484ms
[2024-08-15T15:44:56.510+0000][11792.455s][info][gc,marking  ] GC(2693) Concurrent Mark
[2024-08-15T15:44:56.510+0000][11792.455s][info][gc,marking  ] GC(2693) Concurrent Mark From Roots
[2024-08-15T15:44:56.510+0000][11792.455s][info][gc,task     ] GC(2693) Using 2 workers of 2 for marking
[2024-08-15T15:44:59.709+0000][11795.653s][info][gc,marking  ] GC(2693) Concurrent Mark From Roots 3198.461ms
[2024-08-15T15:44:59.709+0000][11795.653s][info][gc,marking  ] GC(2693) Concurrent Preclean
[2024-08-15T15:44:59.710+0000][11795.655s][info][gc,marking  ] GC(2693) Concurrent Preclean 1.751ms
[2024-08-15T15:44:59.711+0000][11795.655s][info][gc,start    ] GC(2693) Pause Remark
[2024-08-15T15:44:59.734+0000][11795.679s][info][gc          ] GC(2693) Pause Remark 9401M->9401M(12288M) 23.402ms
[2024-08-15T15:44:59.734+0000][11795.679s][info][gc,cpu      ] GC(2693) User=0.10s Sys=0.00s Real=0.02s
[2024-08-15T15:44:59.734+0000][11795.679s][info][gc,marking  ] GC(2693) Concurrent Mark 3224.193ms
[2024-08-15T15:44:59.734+0000][11795.679s][info][gc,marking  ] GC(2693) Concurrent Rebuild Remembered Sets
[2024-08-15T15:44:59.970+0000][11795.914s][info][gc,start    ] GC(2694) Pause Young (Normal) (G1 Evacuation Pause)
[2024-08-15T15:44:59.970+0000][11795.915s][info][gc,task     ] GC(2694) Using 6 workers of 6 for evacuation
[2024-08-15T15:44:59.987+0000][11795.932s][info][gc,phases   ] GC(2694)   Pre Evacuate Collection Set: 0.2ms
[2024-08-15T15:44:59.987+0000][11795.932s][info][gc,phases   ] GC(2694)   Merge Heap Roots: 0.3ms
[2024-08-15T15:44:59.987+0000][11795.932s][info][gc,phases   ] GC(2694)   Evacuate Collection Set: 15.0ms
[2024-08-15T15:44:59.987+0000][11795.932s][info][gc,phases   ] GC(2694)   Post Evacuate Collection Set: 1.7ms
[2024-08-15T15:44:59.987+0000][11795.932s][info][gc,phases   ] GC(2694)   Other: 0.2ms
[2024-08-15T15:44:59.987+0000][11795.932s][info][gc,heap     ] GC(2694) Eden regions: 731->0(730)
[2024-08-15T15:44:59.987+0000][11795.932s][info][gc,heap     ] GC(2694) Survivor regions: 8->9(93)
[2024-08-15T15:44:59.987+0000][11795.932s][info][gc,heap     ] GC(2694) Old regions: 472->472
[2024-08-15T15:44:59.987+0000][11795.932s][info][gc,heap     ] GC(2694) Archive regions: 2->2
[2024-08-15T15:44:59.987+0000][11795.932s][info][gc,heap     ] GC(2694) Humongous regions: 6->6
[2024-08-15T15:44:59.987+0000][11795.932s][info][gc,metaspace] GC(2694) Metaspace: 442361K(448832K)->442361K(448832K) NonClass: 387469K(391104K)->387469K(391104K) Class: 54891K(57728K)->54891K(57728K)
[2024-08-15T15:44:59.987+0000][11795.932s][info][gc          ] GC(2694) Pause Young (Normal) (G1 Evacuation Pause) 9729M->3889M(12288M) 17.383ms
[2024-08-15T15:44:59.987+0000][11795.932s][info][gc,cpu      ] GC(2694) User=0.10s Sys=0.00s Real=0.02s
[2024-08-15T15:45:01.700+0000][11797.645s][info][gc,marking  ] GC(2693) Concurrent Rebuild Remembered Sets 1965.954ms
[2024-08-15T15:45:01.701+0000][11797.645s][info][gc,start    ] GC(2693) Pause Cleanup
[2024-08-15T15:45:01.701+0000][11797.646s][info][gc          ] GC(2693) Pause Cleanup 6657M->6657M(12288M) 0.506ms
[2024-08-15T15:45:01.701+0000][11797.646s][info][gc,cpu      ] GC(2693) User=0.00s Sys=0.00s Real=0.00s
[2024-08-15T15:45:01.701+0000][11797.646s][info][gc,marking  ] GC(2693) Concurrent Cleanup for Next Mark
[2024-08-15T15:45:01.718+0000][11797.663s][info][gc,marking  ] GC(2693) Concurrent Cleanup for Next Mark 17.039ms
[2024-08-15T15:45:01.718+0000][11797.663s][info][gc          ] GC(2693) Concurrent Mark Cycle 5221.064ms
[2024-08-15T15:45:03.322+0000][11799.266s][info][gc,start    ] GC(2695) Pause Young (Prepare Mixed) (G1 Evacuation Pause)
[2024-08-15T15:45:03.322+0000][11799.266s][info][gc,task     ] GC(2695) Using 6 workers of 6 for evacuation
[2024-08-15T15:45:03.343+0000][11799.288s][info][gc,phases   ] GC(2695)   Pre Evacuate Collection Set: 0.2ms
[2024-08-15T15:45:03.343+0000][11799.288s][info][gc,phases   ] GC(2695)   Merge Heap Roots: 0.3ms
[2024-08-15T15:45:03.343+0000][11799.288s][info][gc,phases   ] GC(2695)   Evacuate Collection Set: 18.9ms
[2024-08-15T15:45:03.343+0000][11799.288s][info][gc,phases   ] GC(2695)   Post Evacuate Collection Set: 1.8ms
[2024-08-15T15:45:03.343+0000][11799.288s][info][gc,phases   ] GC(2695)   Other: 0.2ms
[2024-08-15T15:45:03.343+0000][11799.288s][info][gc,heap     ] GC(2695) Eden regions: 730->0(66)
[2024-08-15T15:45:03.343+0000][11799.288s][info][gc,heap     ] GC(2695) Survivor regions: 9->10(93)
[2024-08-15T15:45:03.343+0000][11799.288s][info][gc,heap     ] GC(2695) Old regions: 472->472
[2024-08-15T15:45:03.343+0000][11799.288s][info][gc,heap     ] GC(2695) Archive regions: 2->2
[2024-08-15T15:45:03.343+0000][11799.288s][info][gc,heap     ] GC(2695) Humongous regions: 6->6
[2024-08-15T15:45:03.343+0000][11799.288s][info][gc,metaspace] GC(2695) Metaspace: 442362K(448832K)->442362K(448832K) NonClass: 387471K(391104K)->387471K(391104K) Class: 54891K(57728K)->54891K(57728K)
[2024-08-15T15:45:03.343+0000][11799.288s][info][gc          ] GC(2695) Pause Young (Prepare Mixed) (G1 Evacuation Pause) 9729M->3900M(12288M) 21.469ms
[2024-08-15T15:45:03.343+0000][11799.288s][info][gc,cpu      ] GC(2695) User=0.12s Sys=0.00s Real=0.03s
[2024-08-15T15:45:03.623+0000][11799.568s][info][gc,start    ] GC(2696) Pause Young (Mixed) (G1 Evacuation Pause)
[2024-08-15T15:45:03.623+0000][11799.568s][info][gc,task     ] GC(2696) Using 6 workers of 6 for evacuation
[2024-08-15T15:45:03.683+0000][11799.628s][info][gc,phases   ] GC(2696)   Pre Evacuate Collection Set: 0.2ms
[2024-08-15T15:45:03.683+0000][11799.628s][info][gc,phases   ] GC(2696)   Merge Heap Roots: 0.4ms
[2024-08-15T15:45:03.683+0000][11799.628s][info][gc,phases   ] GC(2696)   Evacuate Collection Set: 58.0ms
[2024-08-15T15:45:03.683+0000][11799.628s][info][gc,phases   ] GC(2696)   Post Evacuate Collection Set: 1.2ms
[2024-08-15T15:45:03.683+0000][11799.628s][info][gc,phases   ] GC(2696)   Other: 0.2ms
[2024-08-15T15:45:03.683+0000][11799.628s][info][gc,heap     ] GC(2696) Eden regions: 66->0(733)
[2024-08-15T15:45:03.683+0000][11799.628s][info][gc,heap     ] GC(2696) Survivor regions: 10->6(10)
[2024-08-15T15:45:03.683+0000][11799.628s][info][gc,heap     ] GC(2696) Old regions: 472->472
[2024-08-15T15:45:03.683+0000][11799.628s][info][gc,heap     ] GC(2696) Archive regions: 2->2
[2024-08-15T15:45:03.683+0000][11799.628s][info][gc,heap     ] GC(2696) Humongous regions: 6->6
[2024-08-15T15:45:03.683+0000][11799.628s][info][gc,metaspace] GC(2696) Metaspace: 442362K(448832K)->442362K(448832K) NonClass: 387471K(391104K)->387471K(391104K) Class: 54891K(57728K)->54891K(57728K)
[2024-08-15T15:45:03.683+0000][11799.628s][info][gc          ] GC(2696) Pause Young (Mixed) (G1 Evacuation Pause) 4428M->3871M(12288M) 60.032ms
[2024-08-15T15:45:03.683+0000][11799.628s][info][gc,cpu      ] GC(2696) User=0.35s Sys=0.01s Real=0.06s
[2024-08-15T15:45:06.550+0000][11802.495s][info][gc,start    ] GC(2697) Pause Young (Normal) (G1 Evacuation Pause)
[2024-08-15T15:45:06.550+0000][11802.495s][info][gc,task     ] GC(2697) Using 6 workers of 6 for evacuation
[2024-08-15T15:45:06.562+0000][11802.507s][info][gc,phases   ] GC(2697)   Pre Evacuate Collection Set: 0.2ms
[2024-08-15T15:45:06.562+0000][11802.507s][info][gc,phases   ] GC(2697)   Merge Heap Roots: 0.2ms
[2024-08-15T15:45:06.562+0000][11802.507s][info][gc,phases   ] GC(2697)   Evacuate Collection Set: 9.4ms
[2024-08-15T15:45:06.562+0000][11802.507s][info][gc,phases   ] GC(2697)   Post Evacuate Collection Set: 1.7ms
[2024-08-15T15:45:06.562+0000][11802.507s][info][gc,phases   ] GC(2697)   Other: 0.2ms
[2024-08-15T15:45:06.562+0000][11802.507s][info][gc,heap     ] GC(2697) Eden regions: 733->0(733)
[2024-08-15T15:45:06.562+0000][11802.507s][info][gc,heap     ] GC(2697) Survivor regions: 6->6(93)
[2024-08-15T15:45:06.562+0000][11802.507s][info][gc,heap     ] GC(2697) Old regions: 472->472
[2024-08-15T15:45:06.562+0000][11802.507s][info][gc,heap     ] GC(2697) Archive regions: 2->2
[2024-08-15T15:45:06.562+0000][11802.507s][info][gc,heap     ] GC(2697) Humongous regions: 6->6
[2024-08-15T15:45:06.562+0000][11802.507s][info][gc,metaspace] GC(2697) Metaspace: 442362K(448832K)->442362K(448832K) NonClass: 387471K(391104K)->387471K(391104K) Class: 54891K(57728K)->54891K(57728K)
[2024-08-15T15:45:06.562+0000][11802.507s][info][gc          ] GC(2697) Pause Young (Normal) (G1 Evacuation Pause) 9735M->3866M(12288M) 11.735ms
[2024-08-15T15:45:06.562+0000][11802.507s][info][gc,cpu      ] GC(2697) User=0.07s Sys=0.00s Real=0.01s
[2024-08-15T15:45:09.786+0000][11805.731s][info][gc,start    ] GC(2698) Pause Young (Normal) (G1 Evacuation Pause)
[2024-08-15T15:45:09.786+0000][11805.731s][info][gc,task     ] GC(2698) Using 6 workers of 6 for evacuation
[2024-08-15T15:45:09.800+0000][11805.745s][info][gc,phases   ] GC(2698)   Pre Evacuate Collection Set: 0.2ms
[2024-08-15T15:45:09.800+0000][11805.745s][info][gc,phases   ] GC(2698)   Merge Heap Roots: 0.2ms
[2024-08-15T15:45:09.800+0000][11805.745s][info][gc,phases   ] GC(2698)   Evacuate Collection Set: 11.5ms
[2024-08-15T15:45:09.800+0000][11805.745s][info][gc,phases   ] GC(2698)   Post Evacuate Collection Set: 1.7ms
[2024-08-15T15:45:09.800+0000][11805.745s][info][gc,phases   ] GC(2698)   Other: 0.2ms
[2024-08-15T15:45:09.800+0000][11805.745s][info][gc,heap     ] GC(2698) Eden regions: 733->0(731)
[2024-08-15T15:45:09.800+0000][11805.745s][info][gc,heap     ] GC(2698) Survivor regions: 6->7(93)
[2024-08-15T15:45:09.800+0000][11805.745s][info][gc,heap     ] GC(2698) Old regions: 472->472
[2024-08-15T15:45:09.800+0000][11805.745s][info][gc,heap     ] GC(2698) Archive regions: 2->2
[2024-08-15T15:45:09.800+0000][11805.745s][info][gc,heap     ] GC(2698) Humongous regions: 6->6
[2024-08-15T15:45:09.800+0000][11805.745s][info][gc,metaspace] GC(2698) Metaspace: 442362K(448832K)->442362K(448832K) NonClass: 387471K(391104K)->387471K(391104K) Class: 54891K(57728K)->54891K(57728K)
[2024-08-15T15:45:09.800+0000][11805.745s][info][gc          ] GC(2698) Pause Young (Normal) (G1 Evacuation Pause) 9730M->3878M(12288M) 13.907ms
[2024-08-15T15:45:09.800+0000][11805.745s][info][gc,cpu      ] GC(2698) User=0.08s Sys=0.00s Real=0.01s
[2024-08-15T15:45:13.272+0000][11809.217s][info][gc,start    ] GC(2699) Pause Young (Concurrent Start) (G1 Evacuation Pause)
[2024-08-15T15:45:13.272+0000][11809.217s][info][gc,task     ] GC(2699) Using 6 workers of 6 for evacuation
[2024-08-15T15:45:13.289+0000][11809.234s][info][gc,phases   ] GC(2699)   Pre Evacuate Collection Set: 0.5ms
[2024-08-15T15:45:13.289+0000][11809.234s][info][gc,phases   ] GC(2699)   Merge Heap Roots: 0.2ms
[2024-08-15T15:45:13.289+0000][11809.234s][info][gc,phases   ] GC(2699)   Evacuate Collection Set: 14.2ms
[2024-08-15T15:45:13.289+0000][11809.234s][info][gc,phases   ] GC(2699)   Post Evacuate Collection Set: 1.7ms
[2024-08-15T15:45:13.289+0000][11809.234s][info][gc,phases   ] GC(2699)   Other: 0.3ms
[2024-08-15T15:45:13.289+0000][11809.234s][info][gc,heap     ] GC(2699) Eden regions: 731->0(732)
[2024-08-15T15:45:13.289+0000][11809.234s][info][gc,heap     ] GC(2699) Survivor regions: 7->7(93)
[2024-08-15T15:45:13.289+0000][11809.234s][info][gc,heap     ] GC(2699) Old regions: 472->472
[2024-08-15T15:45:13.289+0000][11809.234s][info][gc,heap     ] GC(2699) Archive regions: 2->2
[2024-08-15T15:45:13.289+0000][11809.234s][info][gc,heap     ] GC(2699) Humongous regions: 6->6
[2024-08-15T15:45:13.289+0000][11809.234s][info][gc,metaspace] GC(2699) Metaspace: 442362K(448832K)->442362K(448832K) NonClass: 387471K(391104K)->387471K(391104K) Class: 54891K(57728K)->54891K(57728K)
[2024-08-15T15:45:13.289+0000][11809.234s][info][gc          ] GC(2699) Pause Young (Concurrent Start) (G1 Evacuation Pause) 9726M->3875M(12288M) 17.005ms
[2024-08-15T15:45:13.290+0000][11809.234s][info][gc,cpu      ] GC(2699) User=0.10s Sys=0.00s Real=0.02s
[2024-08-15T15:45:13.290+0000][11809.234s][info][gc          ] GC(2700) Concurrent Mark Cycle
[2024-08-15T15:45:13.290+0000][11809.234s][info][gc,marking  ] GC(2700) Concurrent Clear Claimed Marks
[2024-08-15T15:45:13.290+0000][11809.235s][info][gc,marking  ] GC(2700) Concurrent Clear Claimed Marks 0.429ms
[2024-08-15T15:45:13.290+0000][11809.235s][info][gc,marking  ] GC(2700) Concurrent Scan Root Regions
[2024-08-15T15:45:13.302+0000][11809.247s][info][gc,marking  ] GC(2700) Concurrent Scan Root Regions 11.947ms
[2024-08-15T15:45:13.302+0000][11809.247s][info][gc,marking  ] GC(2700) Concurrent Mark
[2024-08-15T15:45:13.302+0000][11809.247s][info][gc,marking  ] GC(2700) Concurrent Mark From Roots
[2024-08-15T15:45:13.302+0000][11809.247s][info][gc,task     ] GC(2700) Using 2 workers of 2 for marking
[2024-08-15T15:45:16.495+0000][11812.440s][info][gc,marking  ] GC(2700) Concurrent Mark From Roots 3193.278ms
[2024-08-15T15:45:16.495+0000][11812.440s][info][gc,marking  ] GC(2700) Concurrent Preclean
[2024-08-15T15:45:16.497+0000][11812.442s][info][gc,marking  ] GC(2700) Concurrent Preclean 2.017ms
[2024-08-15T15:45:16.497+0000][11812.442s][info][gc,start    ] GC(2700) Pause Remark
[2024-08-15T15:45:16.521+0000][11812.466s][info][gc          ] GC(2700) Pause Remark 8203M->8203M(12288M) 23.522ms
[2024-08-15T15:45:16.521+0000][11812.466s][info][gc,cpu      ] GC(2700) User=0.10s Sys=0.00s Real=0.02s
[2024-08-15T15:45:16.521+0000][11812.466s][info][gc,marking  ] GC(2700) Concurrent Mark 3219.209ms
[2024-08-15T15:45:16.521+0000][11812.466s][info][gc,marking  ] GC(2700) Concurrent Rebuild Remembered Sets
[2024-08-15T15:45:17.554+0000][11813.499s][info][gc,start    ] GC(2701) Pause Young (Normal) (G1 Evacuation Pause)
[2024-08-15T15:45:17.554+0000][11813.499s][info][gc,task     ] GC(2701) Using 6 workers of 6 for evacuation
[2024-08-15T15:45:17.574+0000][11813.519s][info][gc,phases   ] GC(2701)   Pre Evacuate Collection Set: 0.2ms
[2024-08-15T15:45:17.574+0000][11813.519s][info][gc,phases   ] GC(2701)   Merge Heap Roots: 0.3ms
[2024-08-15T15:45:17.574+0000][11813.519s][info][gc,phases   ] GC(2701)   Evacuate Collection Set: 17.9ms
[2024-08-15T15:45:17.574+0000][11813.519s][info][gc,phases   ] GC(2701)   Post Evacuate Collection Set: 1.8ms
[2024-08-15T15:45:17.574+0000][11813.519s][info][gc,phases   ] GC(2701)   Other: 0.2ms
[2024-08-15T15:45:17.574+0000][11813.519s][info][gc,heap     ] GC(2701) Eden regions: 732->0(730)
[2024-08-15T15:45:17.575+0000][11813.519s][info][gc,heap     ] GC(2701) Survivor regions: 7->8(93)
[2024-08-15T15:45:17.575+0000][11813.519s][info][gc,heap     ] GC(2701) Old regions: 472->472
[2024-08-15T15:45:17.575+0000][11813.519s][info][gc,heap     ] GC(2701) Archive regions: 2->2
[2024-08-15T15:45:17.575+0000][11813.519s][info][gc,heap     ] GC(2701) Humongous regions: 6->6
[2024-08-15T15:45:17.575+0000][11813.519s][info][gc,metaspace] GC(2701) Metaspace: 442362K(448832K)->442362K(448832K) NonClass: 387471K(391104K)->387471K(391104K) Class: 54891K(57728K)->54891K(57728K)
[2024-08-15T15:45:17.575+0000][11813.519s][info][gc          ] GC(2701) Pause Young (Normal) (G1 Evacuation Pause) 9731M->3886M(12288M) 20.495ms
[2024-08-15T15:45:17.575+0000][11813.519s][info][gc,cpu      ] GC(2701) User=0.11s Sys=0.00s Real=0.02s
[2024-08-15T15:45:18.522+0000][11814.467s][info][gc,marking  ] GC(2700) Concurrent Rebuild Remembered Sets 2001.133ms
[2024-08-15T15:45:18.523+0000][11814.467s][info][gc,start    ] GC(2700) Pause Cleanup
[2024-08-15T15:45:18.523+0000][11814.468s][info][gc          ] GC(2700) Pause Cleanup 6018M->6018M(12288M) 0.491ms
[2024-08-15T15:45:18.523+0000][11814.468s][info][gc,cpu      ] GC(2700) User=0.00s Sys=0.00s Real=0.00s
[2024-08-15T15:45:18.523+0000][11814.468s][info][gc,marking  ] GC(2700) Concurrent Cleanup for Next Mark
[2024-08-15T15:45:18.542+0000][11814.486s][info][gc,marking  ] GC(2700) Concurrent Cleanup for Next Mark 18.551ms
[2024-08-15T15:45:18.542+0000][11814.486s][info][gc          ] GC(2700) Concurrent Mark Cycle 5252.245ms
[2024-08-15T15:45:20.347+0000][11816.291s][info][gc,start    ] GC(2702) Pause Young (Prepare Mixed) (G1 Evacuation Pause)
[2024-08-15T15:45:20.347+0000][11816.291s][info][gc,task     ] GC(2702) Using 6 workers of 6 for evacuation
[2024-08-15T15:45:20.366+0000][11816.311s][info][gc,phases   ] GC(2702)   Pre Evacuate Collection Set: 0.2ms
[2024-08-15T15:45:20.366+0000][11816.311s][info][gc,phases   ] GC(2702)   Merge Heap Roots: 0.3ms
[2024-08-15T15:45:20.366+0000][11816.311s][info][gc,phases   ] GC(2702)   Evacuate Collection Set: 17.0ms
[2024-08-15T15:45:20.366+0000][11816.311s][info][gc,phases   ] GC(2702)   Post Evacuate Collection Set: 1.7ms
[2024-08-15T15:45:20.366+0000][11816.311s][info][gc,phases   ] GC(2702)   Other: 0.2ms
[2024-08-15T15:45:20.366+0000][11816.311s][info][gc,heap     ] GC(2702) Eden regions: 730->0(68)
[2024-08-15T15:45:20.366+0000][11816.311s][info][gc,heap     ] GC(2702) Survivor regions: 8->8(93)
[2024-08-15T15:45:20.366+0000][11816.311s][info][gc,heap     ] GC(2702) Old regions: 472->472
[2024-08-15T15:45:20.366+0000][11816.311s][info][gc,heap     ] GC(2702) Archive regions: 2->2
[2024-08-15T15:45:20.366+0000][11816.311s][info][gc,heap     ] GC(2702) Humongous regions: 6->6
[2024-08-15T15:45:20.366+0000][11816.311s][info][gc,metaspace] GC(2702) Metaspace: 442362K(448832K)->442362K(448832K) NonClass: 387471K(391104K)->387471K(391104K) Class: 54891K(57728K)->54891K(57728K)
[2024-08-15T15:45:20.366+0000][11816.311s][info][gc          ] GC(2702) Pause Young (Prepare Mixed) (G1 Evacuation Pause) 9726M->3888M(12288M) 19.459ms
[2024-08-15T15:45:20.366+0000][11816.311s][info][gc,cpu      ] GC(2702) User=0.11s Sys=0.00s Real=0.02s
[2024-08-15T15:45:20.612+0000][11816.556s][info][gc,start    ] GC(2703) Pause Young (Mixed) (G1 Evacuation Pause)
[2024-08-15T15:45:20.612+0000][11816.556s][info][gc,task     ] GC(2703) Using 6 workers of 6 for evacuation
[2024-08-15T15:45:20.668+0000][11816.613s][info][gc,phases   ] GC(2703)   Pre Evacuate Collection Set: 0.2ms
[2024-08-15T15:45:20.668+0000][11816.613s][info][gc,phases   ] GC(2703)   Merge Heap Roots: 0.4ms
[2024-08-15T15:45:20.668+0000][11816.613s][info][gc,phases   ] GC(2703)   Evacuate Collection Set: 54.6ms
[2024-08-15T15:45:20.668+0000][11816.613s][info][gc,phases   ] GC(2703)   Post Evacuate Collection Set: 1.3ms
[2024-08-15T15:45:20.668+0000][11816.613s][info][gc,phases   ] GC(2703)   Other: 0.2ms
[2024-08-15T15:45:20.668+0000][11816.613s][info][gc,heap     ] GC(2703) Eden regions: 68->0(733)
[2024-08-15T15:45:20.668+0000][11816.613s][info][gc,heap     ] GC(2703) Survivor regions: 8->6(10)
[2024-08-15T15:45:20.668+0000][11816.613s][info][gc,heap     ] GC(2703) Old regions: 472->472
[2024-08-15T15:45:20.668+0000][11816.613s][info][gc,heap     ] GC(2703) Archive regions: 2->2
[2024-08-15T15:45:20.668+0000][11816.613s][info][gc,heap     ] GC(2703) Humongous regions: 6->6
[2024-08-15T15:45:20.668+0000][11816.613s][info][gc,metaspace] GC(2703) Metaspace: 442362K(448832K)->442362K(448832K) NonClass: 387471K(391104K)->387471K(391104K) Class: 54891K(57728K)->54891K(57728K)
[2024-08-15T15:45:20.668+0000][11816.613s][info][gc          ] GC(2703) Pause Young (Mixed) (G1 Evacuation Pause) 4432M->3866M(12288M) 56.633ms
[2024-08-15T15:45:20.668+0000][11816.613s][info][gc,cpu      ] GC(2703) User=0.33s Sys=0.00s Real=0.06s
[2024-08-15T15:45:23.580+0000][11819.524s][info][gc,start    ] GC(2704) Pause Young (Normal) (G1 Evacuation Pause)
[2024-08-15T15:45:23.580+0000][11819.524s][info][gc,task     ] GC(2704) Using 6 workers of 6 for evacuation
[2024-08-15T15:45:23.591+0000][11819.536s][info][gc,phases   ] GC(2704)   Pre Evacuate Collection Set: 0.2ms
[2024-08-15T15:45:23.591+0000][11819.536s][info][gc,phases   ] GC(2704)   Merge Heap Roots: 0.2ms
[2024-08-15T15:45:23.591+0000][11819.536s][info][gc,phases   ] GC(2704)   Evacuate Collection Set: 9.4ms
[2024-08-15T15:45:23.591+0000][11819.536s][info][gc,phases   ] GC(2704)   Post Evacuate Collection Set: 1.7ms
[2024-08-15T15:45:23.591+0000][11819.536s][info][gc,phases   ] GC(2704)   Other: 0.3ms
[2024-08-15T15:45:23.591+0000][11819.536s][info][gc,heap     ] GC(2704) Eden regions: 733->0(734)
[2024-08-15T15:45:23.591+0000][11819.536s][info][gc,heap     ] GC(2704) Survivor regions: 6->5(93)
[2024-08-15T15:45:23.591+0000][11819.536s][info][gc,heap     ] GC(2704) Old regions: 472->472
[2024-08-15T15:45:23.591+0000][11819.536s][info][gc,heap     ] GC(2704) Archive regions: 2->2
[2024-08-15T15:45:23.591+0000][11819.536s][info][gc,heap     ] GC(2704) Humongous regions: 6->6
[2024-08-15T15:45:23.592+0000][11819.536s][info][gc,metaspace] GC(2704) Metaspace: 442362K(448832K)->442362K(448832K) NonClass: 387471K(391104K)->387471K(391104K) Class: 54891K(57728K)->54891K(57728K)
[2024-08-15T15:45:23.592+0000][11819.536s][info][gc          ] GC(2704) Pause Young (Normal) (G1 Evacuation Pause) 9730M->3859M(12288M) 11.807ms
[2024-08-15T15:45:23.592+0000][11819.536s][info][gc,cpu      ] GC(2704) User=0.07s Sys=0.00s Real=0.01s
[2024-08-15T15:45:26.551+0000][11822.496s][info][gc,start    ] GC(2705) Pause Young (Normal) (G1 Evacuation Pause)
[2024-08-15T15:45:26.551+0000][11822.496s][info][gc,task     ] GC(2705) Using 6 workers of 6 for evacuation
[2024-08-15T15:45:26.564+0000][11822.509s][info][gc,phases   ] GC(2705)   Pre Evacuate Collection Set: 0.2ms
[2024-08-15T15:45:26.564+0000][11822.509s][info][gc,phases   ] GC(2705)   Merge Heap Roots: 0.2ms
[2024-08-15T15:45:26.564+0000][11822.509s][info][gc,phases   ] GC(2705)   Evacuate Collection Set: 10.8ms
[2024-08-15T15:45:26.564+0000][11822.509s][info][gc,phases   ] GC(2705)   Post Evacuate Collection Set: 1.7ms
[2024-08-15T15:45:26.564+0000][11822.509s][info][gc,phases   ] GC(2705)   Other: 0.2ms
[2024-08-15T15:45:26.564+0000][11822.509s][info][gc,heap     ] GC(2705) Eden regions: 734->0(733)
[2024-08-15T15:45:26.564+0000][11822.509s][info][gc,heap     ] GC(2705) Survivor regions: 5->6(93)
[2024-08-15T15:45:26.564+0000][11822.509s][info][gc,heap     ] GC(2705) Old regions: 472->472
[2024-08-15T15:45:26.564+0000][11822.509s][info][gc,heap     ] GC(2705) Archive regions: 2->2
[2024-08-15T15:45:26.564+0000][11822.509s][info][gc,heap     ] GC(2705) Humongous regions: 6->6
[2024-08-15T15:45:26.564+0000][11822.509s][info][gc,metaspace] GC(2705) Metaspace: 442362K(448832K)->442362K(448832K) NonClass: 387471K(391104K)->387471K(391104K) Class: 54891K(57728K)->54891K(57728K)
[2024-08-15T15:45:26.564+0000][11822.509s][info][gc          ] GC(2705) Pause Young (Normal) (G1 Evacuation Pause) 9731M->3870M(12288M) 13.174ms
[2024-08-15T15:45:26.564+0000][11822.509s][info][gc,cpu      ] GC(2705) User=0.08s Sys=0.00s Real=0.02s
[2024-08-15T15:45:31.077+0000][11827.022s][info][gc,start    ] GC(2706) Pause Young (Concurrent Start) (G1 Evacuation Pause)
[2024-08-15T15:45:31.077+0000][11827.022s][info][gc,task     ] GC(2706) Using 6 workers of 6 for evacuation
[2024-08-15T15:45:31.094+0000][11827.039s][info][gc,phases   ] GC(2706)   Pre Evacuate Collection Set: 0.6ms
[2024-08-15T15:45:31.094+0000][11827.039s][info][gc,phases   ] GC(2706)   Merge Heap Roots: 0.2ms
[2024-08-15T15:45:31.094+0000][11827.039s][info][gc,phases   ] GC(2706)   Evacuate Collection Set: 14.3ms
[2024-08-15T15:45:31.094+0000][11827.039s][info][gc,phases   ] GC(2706)   Post Evacuate Collection Set: 1.7ms
[2024-08-15T15:45:31.094+0000][11827.039s][info][gc,phases   ] GC(2706)   Other: 0.3ms
[2024-08-15T15:45:31.094+0000][11827.039s][info][gc,heap     ] GC(2706) Eden regions: 733->0(729)
[2024-08-15T15:45:31.094+0000][11827.039s][info][gc,heap     ] GC(2706) Survivor regions: 6->8(93)
[2024-08-15T15:45:31.094+0000][11827.039s][info][gc,heap     ] GC(2706) Old regions: 472->472
[2024-08-15T15:45:31.094+0000][11827.039s][info][gc,heap     ] GC(2706) Archive regions: 2->2
[2024-08-15T15:45:31.094+0000][11827.039s][info][gc,heap     ] GC(2706) Humongous regions: 6->6
[2024-08-15T15:45:31.094+0000][11827.039s][info][gc,metaspace] GC(2706) Metaspace: 442362K(448832K)->442362K(448832K) NonClass: 387471K(391104K)->387471K(391104K) Class: 54891K(57728K)->54891K(57728K)
[2024-08-15T15:45:31.094+0000][11827.039s][info][gc          ] GC(2706) Pause Young (Concurrent Start) (G1 Evacuation Pause) 9734M->3886M(12288M) 17.103ms
[2024-08-15T15:45:31.095+0000][11827.039s][info][gc,cpu      ] GC(2706) User=0.10s Sys=0.00s Real=0.01s
[2024-08-15T15:45:31.095+0000][11827.039s][info][gc          ] GC(2707) Concurrent Mark Cycle
[2024-08-15T15:45:31.095+0000][11827.039s][info][gc,marking  ] GC(2707) Concurrent Clear Claimed Marks
[2024-08-15T15:45:31.095+0000][11827.040s][info][gc,marking  ] GC(2707) Concurrent Clear Claimed Marks 0.430ms
[2024-08-15T15:45:31.095+0000][11827.040s][info][gc,marking  ] GC(2707) Concurrent Scan Root Regions
[2024-08-15T15:45:31.109+0000][11827.054s][info][gc,marking  ] GC(2707) Concurrent Scan Root Regions 14.232ms
[2024-08-15T15:45:31.109+0000][11827.054s][info][gc,marking  ] GC(2707) Concurrent Mark
[2024-08-15T15:45:31.109+0000][11827.054s][info][gc,marking  ] GC(2707) Concurrent Mark From Roots
[2024-08-15T15:45:31.109+0000][11827.054s][info][gc,task     ] GC(2707) Using 2 workers of 2 for marking
[2024-08-15T15:45:34.201+0000][11830.146s][info][gc,marking  ] GC(2707) Concurrent Mark From Roots 3091.810ms
[2024-08-15T15:45:34.201+0000][11830.146s][info][gc,marking  ] GC(2707) Concurrent Preclean
[2024-08-15T15:45:34.203+0000][11830.148s][info][gc,marking  ] GC(2707) Concurrent Preclean 2.118ms
[2024-08-15T15:45:34.203+0000][11830.148s][info][gc,start    ] GC(2707) Pause Remark
[2024-08-15T15:45:34.227+0000][11830.172s][info][gc          ] GC(2707) Pause Remark 7070M->7070M(12288M) 23.613ms
[2024-08-15T15:45:34.227+0000][11830.172s][info][gc,cpu      ] GC(2707) User=0.10s Sys=0.00s Real=0.02s
[2024-08-15T15:45:34.227+0000][11830.172s][info][gc,marking  ] GC(2707) Concurrent Mark 3117.973ms
[2024-08-15T15:45:34.227+0000][11830.172s][info][gc,marking  ] GC(2707) Concurrent Rebuild Remembered Sets
[2024-08-15T15:45:36.044+0000][11831.988s][info][gc,marking  ] GC(2707) Concurrent Rebuild Remembered Sets 1816.482ms
[2024-08-15T15:45:36.044+0000][11831.989s][info][gc,start    ] GC(2707) Pause Cleanup
[2024-08-15T15:45:36.044+0000][11831.989s][info][gc          ] GC(2707) Pause Cleanup 9018M->9018M(12288M) 0.491ms
[2024-08-15T15:45:36.045+0000][11831.989s][info][gc,cpu      ] GC(2707) User=0.00s Sys=0.00s Real=0.00s
[2024-08-15T15:45:36.045+0000][11831.989s][info][gc,marking  ] GC(2707) Concurrent Cleanup for Next Mark
[2024-08-15T15:45:36.061+0000][11832.006s][info][gc,marking  ] GC(2707) Concurrent Cleanup for Next Mark 16.828ms
[2024-08-15T15:45:36.061+0000][11832.006s][info][gc          ] GC(2707) Concurrent Mark Cycle 4966.904ms
[2024-08-15T15:45:36.542+0000][11832.487s][info][gc,start    ] GC(2708) Pause Young (Prepare Mixed) (G1 Evacuation Pause)
[2024-08-15T15:45:36.542+0000][11832.487s][info][gc,task     ] GC(2708) Using 6 workers of 6 for evacuation
[2024-08-15T15:45:36.561+0000][11832.506s][info][gc,phases   ] GC(2708)   Pre Evacuate Collection Set: 0.2ms
[2024-08-15T15:45:36.561+0000][11832.506s][info][gc,phases   ] GC(2708)   Merge Heap Roots: 0.3ms
[2024-08-15T15:45:36.562+0000][11832.506s][info][gc,phases   ] GC(2708)   Evacuate Collection Set: 16.6ms
[2024-08-15T15:45:36.562+0000][11832.506s][info][gc,phases   ] GC(2708)   Post Evacuate Collection Set: 1.8ms
[2024-08-15T15:45:36.562+0000][11832.506s][info][gc,phases   ] GC(2708)   Other: 0.2ms
[2024-08-15T15:45:36.562+0000][11832.506s][info][gc,heap     ] GC(2708) Eden regions: 729->0(68)
[2024-08-15T15:45:36.562+0000][11832.506s][info][gc,heap     ] GC(2708) Survivor regions: 8->8(93)
[2024-08-15T15:45:36.562+0000][11832.506s][info][gc,heap     ] GC(2708) Old regions: 472->472
[2024-08-15T15:45:36.562+0000][11832.506s][info][gc,heap     ] GC(2708) Archive regions: 2->2
[2024-08-15T15:45:36.562+0000][11832.506s][info][gc,heap     ] GC(2708) Humongous regions: 6->6
[2024-08-15T15:45:36.562+0000][11832.506s][info][gc,metaspace] GC(2708) Metaspace: 442364K(448832K)->442364K(448832K) NonClass: 387472K(391104K)->387472K(391104K) Class: 54891K(57728K)->54891K(57728K)
[2024-08-15T15:45:36.562+0000][11832.506s][info][gc          ] GC(2708) Pause Young (Prepare Mixed) (G1 Evacuation Pause) 9718M->3882M(12288M) 19.226ms
[2024-08-15T15:45:36.562+0000][11832.506s][info][gc,cpu      ] GC(2708) User=0.11s Sys=0.00s Real=0.02s
[2024-08-15T15:45:37.012+0000][11832.957s][info][gc,start    ] GC(2709) Pause Young (Mixed) (G1 Evacuation Pause)
[2024-08-15T15:45:37.012+0000][11832.957s][info][gc,task     ] GC(2709) Using 6 workers of 6 for evacuation
[2024-08-15T15:45:37.066+0000][11833.011s][info][gc,phases   ] GC(2709)   Pre Evacuate Collection Set: 0.2ms
[2024-08-15T15:45:37.066+0000][11833.011s][info][gc,phases   ] GC(2709)   Merge Heap Roots: 0.4ms
[2024-08-15T15:45:37.066+0000][11833.011s][info][gc,phases   ] GC(2709)   Evacuate Collection Set: 52.2ms
[2024-08-15T15:45:37.066+0000][11833.011s][info][gc,phases   ] GC(2709)   Post Evacuate Collection Set: 1.4ms
[2024-08-15T15:45:37.066+0000][11833.011s][info][gc,phases   ] GC(2709)   Other: 0.2ms
[2024-08-15T15:45:37.066+0000][11833.011s][info][gc,heap     ] GC(2709) Eden regions: 68->0(735)
[2024-08-15T15:45:37.066+0000][11833.011s][info][gc,heap     ] GC(2709) Survivor regions: 8->5(10)
[2024-08-15T15:45:37.066+0000][11833.011s][info][gc,heap     ] GC(2709) Old regions: 472->470
[2024-08-15T15:45:37.066+0000][11833.011s][info][gc,heap     ] GC(2709) Archive regions: 2->2
[2024-08-15T15:45:37.066+0000][11833.011s][info][gc,heap     ] GC(2709) Humongous regions: 6->6
[2024-08-15T15:45:37.066+0000][11833.011s][info][gc,metaspace] GC(2709) Metaspace: 442364K(448832K)->442364K(448832K) NonClass: 387472K(391104K)->387472K(391104K) Class: 54891K(57728K)->54891K(57728K)
[2024-08-15T15:45:37.066+0000][11833.011s][info][gc          ] GC(2709) Pause Young (Mixed) (G1 Evacuation Pause) 4426M->3846M(12288M) 54.451ms
[2024-08-15T15:45:37.067+0000][11833.011s][info][gc,cpu      ] GC(2709) User=0.31s Sys=0.00s Real=0.06s
[2024-08-15T15:45:41.956+0000][11837.901s][info][gc,start    ] GC(2710) Pause Young (Normal) (G1 Evacuation Pause)
[2024-08-15T15:45:41.956+0000][11837.901s][info][gc,task     ] GC(2710) Using 6 workers of 6 for evacuation
[2024-08-15T15:45:41.972+0000][11837.916s][info][gc,phases   ] GC(2710)   Pre Evacuate Collection Set: 0.2ms
[2024-08-15T15:45:41.972+0000][11837.916s][info][gc,phases   ] GC(2710)   Merge Heap Roots: 0.2ms
[2024-08-15T15:45:41.972+0000][11837.916s][info][gc,phases   ] GC(2710)   Evacuate Collection Set: 13.1ms
[2024-08-15T15:45:41.972+0000][11837.916s][info][gc,phases   ] GC(2710)   Post Evacuate Collection Set: 1.8ms
[2024-08-15T15:45:41.972+0000][11837.916s][info][gc,phases   ] GC(2710)   Other: 0.2ms
[2024-08-15T15:45:41.972+0000][11837.916s][info][gc,heap     ] GC(2710) Eden regions: 735->0(731)
[2024-08-15T15:45:41.972+0000][11837.916s][info][gc,heap     ] GC(2710) Survivor regions: 5->8(93)
[2024-08-15T15:45:41.972+0000][11837.916s][info][gc,heap     ] GC(2710) Old regions: 470->470
[2024-08-15T15:45:41.972+0000][11837.916s][info][gc,heap     ] GC(2710) Archive regions: 2->2
[2024-08-15T15:45:41.972+0000][11837.916s][info][gc,heap     ] GC(2710) Humongous regions: 6->6
[2024-08-15T15:45:41.972+0000][11837.916s][info][gc,metaspace] GC(2710) Metaspace: 442364K(448832K)->442364K(448832K) NonClass: 387473K(391104K)->387473K(391104K) Class: 54891K(57728K)->54891K(57728K)
[2024-08-15T15:45:41.972+0000][11837.916s][info][gc          ] GC(2710) Pause Young (Normal) (G1 Evacuation Pause) 9726M->3866M(12288M) 15.624ms
[2024-08-15T15:45:41.972+0000][11837.916s][info][gc,cpu      ] GC(2710) User=0.09s Sys=0.00s Real=0.01s
[2024-08-15T15:45:46.789+0000][11842.733s][info][gc,start    ] GC(2711) Pause Young (Normal) (G1 Evacuation Pause)
[2024-08-15T15:45:46.789+0000][11842.733s][info][gc,task     ] GC(2711) Using 6 workers of 6 for evacuation
[2024-08-15T15:45:46.805+0000][11842.750s][info][gc,phases   ] GC(2711)   Pre Evacuate Collection Set: 0.2ms
[2024-08-15T15:45:46.805+0000][11842.750s][info][gc,phases   ] GC(2711)   Merge Heap Roots: 0.2ms
[2024-08-15T15:45:46.805+0000][11842.750s][info][gc,phases   ] GC(2711)   Evacuate Collection Set: 14.4ms
[2024-08-15T15:45:46.805+0000][11842.750s][info][gc,phases   ] GC(2711)   Post Evacuate Collection Set: 1.7ms
[2024-08-15T15:45:46.805+0000][11842.750s][info][gc,phases   ] GC(2711)   Other: 0.2ms
[2024-08-15T15:45:46.805+0000][11842.750s][info][gc,heap     ] GC(2711) Eden regions: 731->0(732)
[2024-08-15T15:45:46.805+0000][11842.750s][info][gc,heap     ] GC(2711) Survivor regions: 8->8(93)
[2024-08-15T15:45:46.805+0000][11842.750s][info][gc,heap     ] GC(2711) Old regions: 470->470
[2024-08-15T15:45:46.805+0000][11842.750s][info][gc,heap     ] GC(2711) Archive regions: 2->2
[2024-08-15T15:45:46.805+0000][11842.750s][info][gc,heap     ] GC(2711) Humongous regions: 6->6
[2024-08-15T15:45:46.805+0000][11842.750s][info][gc,metaspace] GC(2711) Metaspace: 442364K(448832K)->442364K(448832K) NonClass: 387473K(391104K)->387473K(391104K) Class: 54891K(57728K)->54891K(57728K)
[2024-08-15T15:45:46.805+0000][11842.750s][info][gc          ] GC(2711) Pause Young (Normal) (G1 Evacuation Pause) 9714M->3865M(12288M) 16.708ms
[2024-08-15T15:45:46.805+0000][11842.750s][info][gc,cpu      ] GC(2711) User=0.09s Sys=0.00s Real=0.02s
[2024-08-15T15:45:51.774+0000][11847.719s][info][gc,start    ] GC(2712) Pause Young (Concurrent Start) (G1 Evacuation Pause)
[2024-08-15T15:45:51.774+0000][11847.719s][info][gc,task     ] GC(2712) Using 6 workers of 6 for evacuation
[2024-08-15T15:45:51.795+0000][11847.740s][info][gc,phases   ] GC(2712)   Pre Evacuate Collection Set: 0.6ms
[2024-08-15T15:45:51.795+0000][11847.740s][info][gc,phases   ] GC(2712)   Merge Heap Roots: 0.2ms
[2024-08-15T15:45:51.795+0000][11847.740s][info][gc,phases   ] GC(2712)   Evacuate Collection Set: 18.2ms
[2024-08-15T15:45:51.795+0000][11847.740s][info][gc,phases   ] GC(2712)   Post Evacuate Collection Set: 1.8ms
[2024-08-15T15:45:51.795+0000][11847.740s][info][gc,phases   ] GC(2712)   Other: 0.3ms
[2024-08-15T15:45:51.795+0000][11847.740s][info][gc,heap     ] GC(2712) Eden regions: 732->0(729)
[2024-08-15T15:45:51.795+0000][11847.740s][info][gc,heap     ] GC(2712) Survivor regions: 8->10(93)
[2024-08-15T15:45:51.795+0000][11847.740s][info][gc,heap     ] GC(2712) Old regions: 470->470
[2024-08-15T15:45:51.795+0000][11847.740s][info][gc,heap     ] GC(2712) Archive regions: 2->2
[2024-08-15T15:45:51.795+0000][11847.740s][info][gc,heap     ] GC(2712) Humongous regions: 6->6
[2024-08-15T15:45:51.795+0000][11847.740s][info][gc,metaspace] GC(2712) Metaspace: 442364K(448832K)->442364K(448832K) NonClass: 387473K(391104K)->387473K(391104K) Class: 54891K(57728K)->54891K(57728K)
[2024-08-15T15:45:51.796+0000][11847.740s][info][gc          ] GC(2712) Pause Young (Concurrent Start) (G1 Evacuation Pause) 9721M->3883M(12288M) 21.144ms
[2024-08-15T15:45:51.796+0000][11847.740s][info][gc,cpu      ] GC(2712) User=0.12s Sys=0.00s Real=0.03s
[2024-08-15T15:45:51.796+0000][11847.740s][info][gc          ] GC(2713) Concurrent Mark Cycle
[2024-08-15T15:45:51.796+0000][11847.740s][info][gc,marking  ] GC(2713) Concurrent Clear Claimed Marks
[2024-08-15T15:45:51.796+0000][11847.741s][info][gc,marking  ] GC(2713) Concurrent Clear Claimed Marks 0.365ms
[2024-08-15T15:45:51.796+0000][11847.741s][info][gc,marking  ] GC(2713) Concurrent Scan Root Regions
[2024-08-15T15:45:51.813+0000][11847.757s][info][gc,marking  ] GC(2713) Concurrent Scan Root Regions 16.772ms
[2024-08-15T15:45:51.813+0000][11847.757s][info][gc,marking  ] GC(2713) Concurrent Mark
[2024-08-15T15:45:51.813+0000][11847.757s][info][gc,marking  ] GC(2713) Concurrent Mark From Roots
[2024-08-15T15:45:51.813+0000][11847.757s][info][gc,task     ] GC(2713) Using 2 workers of 2 for marking
[2024-08-15T15:45:54.854+0000][11850.798s][info][gc,marking  ] GC(2713) Concurrent Mark From Roots 3041.024ms
[2024-08-15T15:45:54.854+0000][11850.798s][info][gc,marking  ] GC(2713) Concurrent Preclean
[2024-08-15T15:45:54.855+0000][11850.800s][info][gc,marking  ] GC(2713) Concurrent Preclean 1.526ms
[2024-08-15T15:45:54.856+0000][11850.800s][info][gc,start    ] GC(2713) Pause Remark
[2024-08-15T15:45:54.879+0000][11850.824s][info][gc          ] GC(2713) Pause Remark 7003M->7003M(12288M) 23.340ms
[2024-08-15T15:45:54.879+0000][11850.824s][info][gc,cpu      ] GC(2713) User=0.10s Sys=0.00s Real=0.02s
[2024-08-15T15:45:54.879+0000][11850.824s][info][gc,marking  ] GC(2713) Concurrent Mark 3066.374ms
[2024-08-15T15:45:54.879+0000][11850.824s][info][gc,marking  ] GC(2713) Concurrent Rebuild Remembered Sets
[2024-08-15T15:45:56.731+0000][11852.676s][info][gc,marking  ] GC(2713) Concurrent Rebuild Remembered Sets 1852.206ms
[2024-08-15T15:45:56.732+0000][11852.676s][info][gc,start    ] GC(2713) Pause Cleanup
[2024-08-15T15:45:56.732+0000][11852.677s][info][gc          ] GC(2713) Pause Cleanup 9123M->9123M(12288M) 0.497ms
[2024-08-15T15:45:56.732+0000][11852.677s][info][gc,cpu      ] GC(2713) User=0.01s Sys=0.01s Real=0.00s
[2024-08-15T15:45:56.732+0000][11852.677s][info][gc,marking  ] GC(2713) Concurrent Cleanup for Next Mark
[2024-08-15T15:45:56.749+0000][11852.694s][info][gc,marking  ] GC(2713) Concurrent Cleanup for Next Mark 17.159ms
[2024-08-15T15:45:56.749+0000][11852.694s][info][gc          ] GC(2713) Concurrent Mark Cycle 4953.891ms
[2024-08-15T15:45:57.225+0000][11853.170s][info][gc,start    ] GC(2714) Pause Young (Prepare Mixed) (G1 Evacuation Pause)
[2024-08-15T15:45:57.225+0000][11853.170s][info][gc,task     ] GC(2714) Using 6 workers of 6 for evacuation
[2024-08-15T15:45:57.249+0000][11853.194s][info][gc,phases   ] GC(2714)   Pre Evacuate Collection Set: 0.2ms
[2024-08-15T15:45:57.249+0000][11853.194s][info][gc,phases   ] GC(2714)   Merge Heap Roots: 0.4ms
[2024-08-15T15:45:57.249+0000][11853.194s][info][gc,phases   ] GC(2714)   Evacuate Collection Set: 21.6ms
[2024-08-15T15:45:57.249+0000][11853.194s][info][gc,phases   ] GC(2714)   Post Evacuate Collection Set: 1.8ms
[2024-08-15T15:45:57.249+0000][11853.194s][info][gc,phases   ] GC(2714)   Other: 0.2ms
[2024-08-15T15:45:57.249+0000][11853.194s][info][gc,heap     ] GC(2714) Eden regions: 729->0(65)
[2024-08-15T15:45:57.249+0000][11853.194s][info][gc,heap     ] GC(2714) Survivor regions: 10->11(93)
[2024-08-15T15:45:57.249+0000][11853.194s][info][gc,heap     ] GC(2714) Old regions: 470->470
[2024-08-15T15:45:57.249+0000][11853.194s][info][gc,heap     ] GC(2714) Archive regions: 2->2
[2024-08-15T15:45:57.249+0000][11853.194s][info][gc,heap     ] GC(2714) Humongous regions: 6->6
[2024-08-15T15:45:57.249+0000][11853.194s][info][gc,metaspace] GC(2714) Metaspace: 442364K(448832K)->442364K(448832K) NonClass: 387473K(391104K)->387473K(391104K) Class: 54891K(57728K)->54891K(57728K)
[2024-08-15T15:45:57.249+0000][11853.194s][info][gc          ] GC(2714) Pause Young (Prepare Mixed) (G1 Evacuation Pause) 9715M->3890M(12288M) 24.228ms
[2024-08-15T15:45:57.250+0000][11853.194s][info][gc,cpu      ] GC(2714) User=0.15s Sys=0.00s Real=0.02s
[2024-08-15T15:45:57.685+0000][11853.630s][info][gc,start    ] GC(2715) Pause Young (Mixed) (G1 Evacuation Pause)
[2024-08-15T15:45:57.686+0000][11853.630s][info][gc,task     ] GC(2715) Using 6 workers of 6 for evacuation
[2024-08-15T15:45:57.744+0000][11853.688s][info][gc,phases   ] GC(2715)   Pre Evacuate Collection Set: 0.2ms
[2024-08-15T15:45:57.744+0000][11853.688s][info][gc,phases   ] GC(2715)   Merge Heap Roots: 0.4ms
[2024-08-15T15:45:57.744+0000][11853.688s][info][gc,phases   ] GC(2715)   Evacuate Collection Set: 56.2ms
[2024-08-15T15:45:57.744+0000][11853.688s][info][gc,phases   ] GC(2715)   Post Evacuate Collection Set: 1.3ms
[2024-08-15T15:45:57.744+0000][11853.688s][info][gc,phases   ] GC(2715)   Other: 0.2ms
[2024-08-15T15:45:57.744+0000][11853.688s][info][gc,heap     ] GC(2715) Eden regions: 65->0(731)
[2024-08-15T15:45:57.744+0000][11853.688s][info][gc,heap     ] GC(2715) Survivor regions: 11->7(10)
[2024-08-15T15:45:57.744+0000][11853.688s][info][gc,heap     ] GC(2715) Old regions: 470->471
[2024-08-15T15:45:57.744+0000][11853.688s][info][gc,heap     ] GC(2715) Archive regions: 2->2
[2024-08-15T15:45:57.744+0000][11853.688s][info][gc,heap     ] GC(2715) Humongous regions: 6->6
[2024-08-15T15:45:57.744+0000][11853.688s][info][gc,metaspace] GC(2715) Metaspace: 442364K(448832K)->442364K(448832K) NonClass: 387473K(391104K)->387473K(391104K) Class: 54891K(57728K)->54891K(57728K)
[2024-08-15T15:45:57.744+0000][11853.688s][info][gc          ] GC(2715) Pause Young (Mixed) (G1 Evacuation Pause) 4410M->3870M(12288M) 58.252ms
[2024-08-15T15:45:57.744+0000][11853.688s][info][gc,cpu      ] GC(2715) User=0.35s Sys=0.00s Real=0.06s
[2024-08-15T15:46:02.315+0000][11858.260s][info][gc,start    ] GC(2716) Pause Young (Normal) (G1 Evacuation Pause)
[2024-08-15T15:46:02.315+0000][11858.260s][info][gc,task     ] GC(2716) Using 6 workers of 6 for evacuation
[2024-08-15T15:46:02.332+0000][11858.276s][info][gc,phases   ] GC(2716)   Pre Evacuate Collection Set: 0.2ms
[2024-08-15T15:46:02.332+0000][11858.276s][info][gc,phases   ] GC(2716)   Merge Heap Roots: 0.2ms
[2024-08-15T15:46:02.332+0000][11858.276s][info][gc,phases   ] GC(2716)   Evacuate Collection Set: 14.1ms
[2024-08-15T15:46:02.332+0000][11858.276s][info][gc,phases   ] GC(2716)   Post Evacuate Collection Set: 1.7ms
[2024-08-15T15:46:02.332+0000][11858.276s][info][gc,phases   ] GC(2716)   Other: 0.2ms
[2024-08-15T15:46:02.332+0000][11858.276s][info][gc,heap     ] GC(2716) Eden regions: 731->0(730)
[2024-08-15T15:46:02.332+0000][11858.276s][info][gc,heap     ] GC(2716) Survivor regions: 7->8(93)
[2024-08-15T15:46:02.332+0000][11858.276s][info][gc,heap     ] GC(2716) Old regions: 471->471
[2024-08-15T15:46:02.332+0000][11858.276s][info][gc,heap     ] GC(2716) Archive regions: 2->2
[2024-08-15T15:46:02.332+0000][11858.276s][info][gc,heap     ] GC(2716) Humongous regions: 6->6
[2024-08-15T15:46:02.332+0000][11858.276s][info][gc,metaspace] GC(2716) Metaspace: 442364K(448832K)->442364K(448832K) NonClass: 387473K(391104K)->387473K(391104K) Class: 54891K(57728K)->54891K(57728K)
[2024-08-15T15:46:02.332+0000][11858.276s][info][gc          ] GC(2716) Pause Young (Normal) (G1 Evacuation Pause) 9718M->3876M(12288M) 16.504ms
[2024-08-15T15:46:02.332+0000][11858.276s][info][gc,cpu      ] GC(2716) User=0.09s Sys=0.00s Real=0.01s
[2024-08-15T15:46:07.093+0000][11863.037s][info][gc,start    ] GC(2717) Pause Young (Normal) (G1 Evacuation Pause)
[2024-08-15T15:46:07.093+0000][11863.037s][info][gc,task     ] GC(2717) Using 6 workers of 6 for evacuation
[2024-08-15T15:46:07.111+0000][11863.055s][info][gc,phases   ] GC(2717)   Pre Evacuate Collection Set: 0.2ms
[2024-08-15T15:46:07.111+0000][11863.055s][info][gc,phases   ] GC(2717)   Merge Heap Roots: 0.2ms
[2024-08-15T15:46:07.111+0000][11863.055s][info][gc,phases   ] GC(2717)   Evacuate Collection Set: 15.7ms
[2024-08-15T15:46:07.111+0000][11863.055s][info][gc,phases   ] GC(2717)   Post Evacuate Collection Set: 1.7ms
[2024-08-15T15:46:07.111+0000][11863.055s][info][gc,phases   ] GC(2717)   Other: 0.2ms
[2024-08-15T15:46:07.111+0000][11863.055s][info][gc,heap     ] GC(2717) Eden regions: 730->0(730)
[2024-08-15T15:46:07.111+0000][11863.055s][info][gc,heap     ] GC(2717) Survivor regions: 8->8(93)
[2024-08-15T15:46:07.111+0000][11863.055s][info][gc,heap     ] GC(2717) Old regions: 471->471
[2024-08-15T15:46:07.111+0000][11863.055s][info][gc,heap     ] GC(2717) Archive regions: 2->2
[2024-08-15T15:46:07.111+0000][11863.055s][info][gc,heap     ] GC(2717) Humongous regions: 6->6
[2024-08-15T15:46:07.111+0000][11863.055s][info][gc,metaspace] GC(2717) Metaspace: 442364K(448832K)->442364K(448832K) NonClass: 387473K(391104K)->387473K(391104K) Class: 54891K(57728K)->54891K(57728K)
[2024-08-15T15:46:07.111+0000][11863.055s][info][gc          ] GC(2717) Pause Young (Normal) (G1 Evacuation Pause) 9716M->3880M(12288M) 18.090ms
[2024-08-15T15:46:07.111+0000][11863.055s][info][gc,cpu      ] GC(2717) User=0.11s Sys=0.00s Real=0.02s
[2024-08-15T15:46:11.812+0000][11867.757s][info][gc,start    ] GC(2718) Pause Young (Concurrent Start) (G1 Evacuation Pause)
[2024-08-15T15:46:11.812+0000][11867.757s][info][gc,task     ] GC(2718) Using 6 workers of 6 for evacuation
[2024-08-15T15:46:11.833+0000][11867.778s][info][gc,phases   ] GC(2718)   Pre Evacuate Collection Set: 0.5ms
[2024-08-15T15:46:11.833+0000][11867.778s][info][gc,phases   ] GC(2718)   Merge Heap Roots: 0.2ms
[2024-08-15T15:46:11.833+0000][11867.778s][info][gc,phases   ] GC(2718)   Evacuate Collection Set: 18.0ms
[2024-08-15T15:46:11.833+0000][11867.778s][info][gc,phases   ] GC(2718)   Post Evacuate Collection Set: 1.8ms
[2024-08-15T15:46:11.833+0000][11867.778s][info][gc,phases   ] GC(2718)   Other: 0.3ms
[2024-08-15T15:46:11.833+0000][11867.778s][info][gc,heap     ] GC(2718) Eden regions: 730->0(729)
[2024-08-15T15:46:11.833+0000][11867.778s][info][gc,heap     ] GC(2718) Survivor regions: 8->9(93)
[2024-08-15T15:46:11.833+0000][11867.778s][info][gc,heap     ] GC(2718) Old regions: 471->471
[2024-08-15T15:46:11.833+0000][11867.778s][info][gc,heap     ] GC(2718) Archive regions: 2->2
[2024-08-15T15:46:11.833+0000][11867.778s][info][gc,heap     ] GC(2718) Humongous regions: 6->6
[2024-08-15T15:46:11.833+0000][11867.778s][info][gc,metaspace] GC(2718) Metaspace: 442364K(448832K)->442364K(448832K) NonClass: 387473K(391104K)->387473K(391104K) Class: 54891K(57728K)->54891K(57728K)
[2024-08-15T15:46:11.833+0000][11867.778s][info][gc          ] GC(2718) Pause Young (Concurrent Start) (G1 Evacuation Pause) 9720M->3889M(12288M) 20.867ms
[2024-08-15T15:46:11.833+0000][11867.778s][info][gc,cpu      ] GC(2718) User=0.12s Sys=0.00s Real=0.02s
[2024-08-15T15:46:11.833+0000][11867.778s][info][gc          ] GC(2719) Concurrent Mark Cycle
[2024-08-15T15:46:11.833+0000][11867.778s][info][gc,marking  ] GC(2719) Concurrent Clear Claimed Marks
[2024-08-15T15:46:11.834+0000][11867.778s][info][gc,marking  ] GC(2719) Concurrent Clear Claimed Marks 0.394ms
[2024-08-15T15:46:11.834+0000][11867.778s][info][gc,marking  ] GC(2719) Concurrent Scan Root Regions
[2024-08-15T15:46:11.863+0000][11867.807s][info][gc,marking  ] GC(2719) Concurrent Scan Root Regions 28.968ms
[2024-08-15T15:46:11.863+0000][11867.807s][info][gc,marking  ] GC(2719) Concurrent Mark
[2024-08-15T15:46:11.863+0000][11867.807s][info][gc,marking  ] GC(2719) Concurrent Mark From Roots
[2024-08-15T15:46:11.863+0000][11867.807s][info][gc,task     ] GC(2719) Using 2 workers of 2 for marking
[2024-08-15T15:46:15.058+0000][11871.002s][info][gc,marking  ] GC(2719) Concurrent Mark From Roots 3194.927ms
[2024-08-15T15:46:15.058+0000][11871.002s][info][gc,marking  ] GC(2719) Concurrent Preclean
[2024-08-15T15:46:15.059+0000][11871.004s][info][gc,marking  ] GC(2719) Concurrent Preclean 1.818ms
[2024-08-15T15:46:15.060+0000][11871.004s][info][gc,start    ] GC(2719) Pause Remark
[2024-08-15T15:46:15.083+0000][11871.027s][info][gc          ] GC(2719) Pause Remark 7813M->7813M(12288M) 23.297ms
[2024-08-15T15:46:15.083+0000][11871.028s][info][gc,cpu      ] GC(2719) User=0.10s Sys=0.00s Real=0.02s
[2024-08-15T15:46:15.083+0000][11871.028s][info][gc,marking  ] GC(2719) Concurrent Mark 3220.350ms
[2024-08-15T15:46:15.083+0000][11871.028s][info][gc,marking  ] GC(2719) Concurrent Rebuild Remembered Sets
[2024-08-15T15:46:16.850+0000][11872.795s][info][gc,start    ] GC(2720) Pause Young (Normal) (G1 Evacuation Pause)
[2024-08-15T15:46:16.850+0000][11872.795s][info][gc,task     ] GC(2720) Using 6 workers of 6 for evacuation
[2024-08-15T15:46:16.873+0000][11872.818s][info][gc,phases   ] GC(2720)   Pre Evacuate Collection Set: 0.2ms
[2024-08-15T15:46:16.873+0000][11872.818s][info][gc,phases   ] GC(2720)   Merge Heap Roots: 0.3ms
[2024-08-15T15:46:16.873+0000][11872.818s][info][gc,phases   ] GC(2720)   Evacuate Collection Set: 20.7ms
[2024-08-15T15:46:16.873+0000][11872.818s][info][gc,phases   ] GC(2720)   Post Evacuate Collection Set: 1.7ms
[2024-08-15T15:46:16.873+0000][11872.818s][info][gc,phases   ] GC(2720)   Other: 0.2ms
[2024-08-15T15:46:16.873+0000][11872.818s][info][gc,heap     ] GC(2720) Eden regions: 729->0(727)
[2024-08-15T15:46:16.873+0000][11872.818s][info][gc,heap     ] GC(2720) Survivor regions: 9->11(93)
[2024-08-15T15:46:16.873+0000][11872.818s][info][gc,heap     ] GC(2720) Old regions: 471->471
[2024-08-15T15:46:16.873+0000][11872.818s][info][gc,heap     ] GC(2720) Archive regions: 2->2
[2024-08-15T15:46:16.873+0000][11872.818s][info][gc,heap     ] GC(2720) Humongous regions: 6->6
[2024-08-15T15:46:16.873+0000][11872.818s][info][gc,metaspace] GC(2720) Metaspace: 442364K(448832K)->442364K(448832K) NonClass: 387473K(391104K)->387473K(391104K) Class: 54891K(57728K)->54891K(57728K)
[2024-08-15T15:46:16.873+0000][11872.818s][info][gc          ] GC(2720) Pause Young (Normal) (G1 Evacuation Pause) 9721M->3905M(12288M) 23.189ms
[2024-08-15T15:46:16.873+0000][11872.818s][info][gc,cpu      ] GC(2720) User=0.14s Sys=0.00s Real=0.02s
[2024-08-15T15:46:16.952+0000][11872.896s][info][gc,marking  ] GC(2719) Concurrent Rebuild Remembered Sets 1868.680ms
[2024-08-15T15:46:16.952+0000][11872.896s][info][gc,start    ] GC(2719) Pause Cleanup
[2024-08-15T15:46:16.952+0000][11872.897s][info][gc          ] GC(2719) Pause Cleanup 3993M->3993M(12288M) 0.490ms
[2024-08-15T15:46:16.952+0000][11872.897s][info][gc,cpu      ] GC(2719) User=0.00s Sys=0.00s Real=0.00s
[2024-08-15T15:46:16.952+0000][11872.897s][info][gc,marking  ] GC(2719) Concurrent Cleanup for Next Mark
[2024-08-15T15:46:16.970+0000][11872.914s][info][gc,marking  ] GC(2719) Concurrent Cleanup for Next Mark 17.110ms
[2024-08-15T15:46:16.970+0000][11872.914s][info][gc          ] GC(2719) Concurrent Mark Cycle 5136.438ms
[2024-08-15T15:46:21.648+0000][11877.593s][info][gc,start    ] GC(2721) Pause Young (Prepare Mixed) (G1 Evacuation Pause)
[2024-08-15T15:46:21.648+0000][11877.593s][info][gc,task     ] GC(2721) Using 6 workers of 6 for evacuation
[2024-08-15T15:46:21.673+0000][11877.618s][info][gc,phases   ] GC(2721)   Pre Evacuate Collection Set: 0.2ms
[2024-08-15T15:46:21.673+0000][11877.618s][info][gc,phases   ] GC(2721)   Merge Heap Roots: 0.3ms
[2024-08-15T15:46:21.673+0000][11877.618s][info][gc,phases   ] GC(2721)   Evacuate Collection Set: 22.3ms
[2024-08-15T15:46:21.673+0000][11877.618s][info][gc,phases   ] GC(2721)   Post Evacuate Collection Set: 1.7ms
[2024-08-15T15:46:21.673+0000][11877.618s][info][gc,phases   ] GC(2721)   Other: 0.2ms
[2024-08-15T15:46:21.673+0000][11877.618s][info][gc,heap     ] GC(2721) Eden regions: 727->0(65)
[2024-08-15T15:46:21.673+0000][11877.618s][info][gc,heap     ] GC(2721) Survivor regions: 11->11(93)
[2024-08-15T15:46:21.673+0000][11877.618s][info][gc,heap     ] GC(2721) Old regions: 471->471
[2024-08-15T15:46:21.673+0000][11877.618s][info][gc,heap     ] GC(2721) Archive regions: 2->2
[2024-08-15T15:46:21.673+0000][11877.618s][info][gc,heap     ] GC(2721) Humongous regions: 6->6
[2024-08-15T15:46:21.673+0000][11877.618s][info][gc,metaspace] GC(2721) Metaspace: 442364K(448832K)->442364K(448832K) NonClass: 387473K(391104K)->387473K(391104K) Class: 54891K(57728K)->54891K(57728K)
[2024-08-15T15:46:21.673+0000][11877.618s][info][gc          ] GC(2721) Pause Young (Prepare Mixed) (G1 Evacuation Pause) 9721M->3902M(12288M) 24.754ms
[2024-08-15T15:46:21.673+0000][11877.618s][info][gc,cpu      ] GC(2721) User=0.14s Sys=0.00s Real=0.02s
[2024-08-15T15:46:22.125+0000][11878.070s][info][gc,start    ] GC(2722) Pause Young (Mixed) (G1 Evacuation Pause)
[2024-08-15T15:46:22.125+0000][11878.070s][info][gc,task     ] GC(2722) Using 6 workers of 6 for evacuation
[2024-08-15T15:46:22.183+0000][11878.127s][info][gc,phases   ] GC(2722)   Pre Evacuate Collection Set: 0.2ms
[2024-08-15T15:46:22.183+0000][11878.128s][info][gc,phases   ] GC(2722)   Merge Heap Roots: 0.4ms
[2024-08-15T15:46:22.183+0000][11878.128s][info][gc,phases   ] GC(2722)   Evacuate Collection Set: 55.6ms
[2024-08-15T15:46:22.183+0000][11878.128s][info][gc,phases   ] GC(2722)   Post Evacuate Collection Set: 1.3ms
[2024-08-15T15:46:22.183+0000][11878.128s][info][gc,phases   ] GC(2722)   Other: 0.2ms
[2024-08-15T15:46:22.183+0000][11878.128s][info][gc,heap     ] GC(2722) Eden regions: 65->0(733)
[2024-08-15T15:46:22.183+0000][11878.128s][info][gc,heap     ] GC(2722) Survivor regions: 11->5(10)
[2024-08-15T15:46:22.183+0000][11878.128s][info][gc,heap     ] GC(2722) Old regions: 471->471
[2024-08-15T15:46:22.183+0000][11878.128s][info][gc,heap     ] GC(2722) Archive regions: 2->2
[2024-08-15T15:46:22.183+0000][11878.128s][info][gc,heap     ] GC(2722) Humongous regions: 6->6
[2024-08-15T15:46:22.183+0000][11878.128s][info][gc,metaspace] GC(2722) Metaspace: 442364K(448832K)->442364K(448832K) NonClass: 387473K(391104K)->387473K(391104K) Class: 54891K(57728K)->54891K(57728K)
[2024-08-15T15:46:22.183+0000][11878.128s][info][gc          ] GC(2722) Pause Young (Mixed) (G1 Evacuation Pause) 4422M->3860M(12288M) 57.622ms
[2024-08-15T15:46:22.183+0000][11878.128s][info][gc,cpu      ] GC(2722) User=0.35s Sys=0.00s Real=0.05s
[2024-08-15T15:46:27.125+0000][11883.070s][info][gc,start    ] GC(2723) Pause Young (Normal) (G1 Evacuation Pause)
[2024-08-15T15:46:27.125+0000][11883.070s][info][gc,task     ] GC(2723) Using 6 workers of 6 for evacuation
[2024-08-15T15:46:27.139+0000][11883.084s][info][gc,phases   ] GC(2723)   Pre Evacuate Collection Set: 0.2ms
[2024-08-15T15:46:27.139+0000][11883.084s][info][gc,phases   ] GC(2723)   Merge Heap Roots: 0.2ms
[2024-08-15T15:46:27.139+0000][11883.084s][info][gc,phases   ] GC(2723)   Evacuate Collection Set: 11.7ms
[2024-08-15T15:46:27.139+0000][11883.084s][info][gc,phases   ] GC(2723)   Post Evacuate Collection Set: 1.7ms
[2024-08-15T15:46:27.139+0000][11883.084s][info][gc,phases   ] GC(2723)   Other: 0.2ms
[2024-08-15T15:46:27.139+0000][11883.084s][info][gc,heap     ] GC(2723) Eden regions: 733->0(730)
[2024-08-15T15:46:27.139+0000][11883.084s][info][gc,heap     ] GC(2723) Survivor regions: 5->8(93)
[2024-08-15T15:46:27.139+0000][11883.084s][info][gc,heap     ] GC(2723) Old regions: 471->471
[2024-08-15T15:46:27.139+0000][11883.084s][info][gc,heap     ] GC(2723) Archive regions: 2->2
[2024-08-15T15:46:27.139+0000][11883.084s][info][gc,heap     ] GC(2723) Humongous regions: 6->6
[2024-08-15T15:46:27.139+0000][11883.084s][info][gc,metaspace] GC(2723) Metaspace: 442364K(448832K)->442364K(448832K) NonClass: 387473K(391104K)->387473K(391104K) Class: 54891K(57728K)->54891K(57728K)
[2024-08-15T15:46:27.139+0000][11883.084s][info][gc          ] GC(2723) Pause Young (Normal) (G1 Evacuation Pause) 9724M->3879M(12288M) 14.052ms
[2024-08-15T15:46:27.139+0000][11883.084s][info][gc,cpu      ] GC(2723) User=0.08s Sys=0.00s Real=0.01s
[2024-08-15T15:46:32.027+0000][11887.972s][info][gc,start    ] GC(2724) Pause Young (Normal) (G1 Evacuation Pause)
[2024-08-15T15:46:32.027+0000][11887.972s][info][gc,task     ] GC(2724) Using 6 workers of 6 for evacuation
[2024-08-15T15:46:32.043+0000][11887.988s][info][gc,phases   ] GC(2724)   Pre Evacuate Collection Set: 0.2ms
[2024-08-15T15:46:32.043+0000][11887.988s][info][gc,phases   ] GC(2724)   Merge Heap Roots: 0.2ms
[2024-08-15T15:46:32.043+0000][11887.988s][info][gc,phases   ] GC(2724)   Evacuate Collection Set: 13.3ms
[2024-08-15T15:46:32.043+0000][11887.988s][info][gc,phases   ] GC(2724)   Post Evacuate Collection Set: 1.7ms
[2024-08-15T15:46:32.043+0000][11887.988s][info][gc,phases   ] GC(2724)   Other: 0.2ms
[2024-08-15T15:46:32.043+0000][11887.988s][info][gc,heap     ] GC(2724) Eden regions: 730->0(731)
[2024-08-15T15:46:32.043+0000][11887.988s][info][gc,heap     ] GC(2724) Survivor regions: 8->7(93)
[2024-08-15T15:46:32.043+0000][11887.988s][info][gc,heap     ] GC(2724) Old regions: 471->471
[2024-08-15T15:46:32.043+0000][11887.988s][info][gc,heap     ] GC(2724) Archive regions: 2->2
[2024-08-15T15:46:32.043+0000][11887.988s][info][gc,heap     ] GC(2724) Humongous regions: 6->6
[2024-08-15T15:46:32.043+0000][11887.988s][info][gc,metaspace] GC(2724) Metaspace: 442364K(448832K)->442364K(448832K) NonClass: 387473K(391104K)->387473K(391104K) Class: 54891K(57728K)->54891K(57728K)
[2024-08-15T15:46:32.043+0000][11887.988s][info][gc          ] GC(2724) Pause Young (Normal) (G1 Evacuation Pause) 9719M->3876M(12288M) 15.730ms
[2024-08-15T15:46:32.043+0000][11887.988s][info][gc,cpu      ] GC(2724) User=0.08s Sys=0.00s Real=0.02s
[2024-08-15T15:46:36.948+0000][11892.892s][info][gc,start    ] GC(2725) Pause Young (Concurrent Start) (G1 Evacuation Pause)
[2024-08-15T15:46:36.948+0000][11892.892s][info][gc,task     ] GC(2725) Using 6 workers of 6 for evacuation
[2024-08-15T15:46:36.967+0000][11892.911s][info][gc,phases   ] GC(2725)   Pre Evacuate Collection Set: 0.5ms
[2024-08-15T15:46:36.967+0000][11892.911s][info][gc,phases   ] GC(2725)   Merge Heap Roots: 0.2ms
[2024-08-15T15:46:36.967+0000][11892.911s][info][gc,phases   ] GC(2725)   Evacuate Collection Set: 16.3ms
[2024-08-15T15:46:36.967+0000][11892.911s][info][gc,phases   ] GC(2725)   Post Evacuate Collection Set: 1.7ms
[2024-08-15T15:46:36.967+0000][11892.911s][info][gc,phases   ] GC(2725)   Other: 0.3ms
[2024-08-15T15:46:36.967+0000][11892.911s][info][gc,heap     ] GC(2725) Eden regions: 731->0(727)
[2024-08-15T15:46:36.967+0000][11892.911s][info][gc,heap     ] GC(2725) Survivor regions: 7->10(93)
[2024-08-15T15:46:36.967+0000][11892.911s][info][gc,heap     ] GC(2725) Old regions: 471->471
[2024-08-15T15:46:36.967+0000][11892.911s][info][gc,heap     ] GC(2725) Archive regions: 2->2
[2024-08-15T15:46:36.967+0000][11892.911s][info][gc,heap     ] GC(2725) Humongous regions: 6->6
[2024-08-15T15:46:36.967+0000][11892.911s][info][gc,metaspace] GC(2725) Metaspace: 442368K(448832K)->442368K(448832K) NonClass: 387477K(391104K)->387477K(391104K) Class: 54891K(57728K)->54891K(57728K)
[2024-08-15T15:46:36.967+0000][11892.911s][info][gc          ] GC(2725) Pause Young (Concurrent Start) (G1 Evacuation Pause) 9724M->3894M(12288M) 19.153ms
[2024-08-15T15:46:36.967+0000][11892.912s][info][gc,cpu      ] GC(2725) User=0.10s Sys=0.01s Real=0.02s
[2024-08-15T15:46:36.967+0000][11892.912s][info][gc          ] GC(2726) Concurrent Mark Cycle
[2024-08-15T15:46:36.967+0000][11892.912s][info][gc,marking  ] GC(2726) Concurrent Clear Claimed Marks
[2024-08-15T15:46:36.967+0000][11892.912s][info][gc,marking  ] GC(2726) Concurrent Clear Claimed Marks 0.412ms
[2024-08-15T15:46:36.967+0000][11892.912s][info][gc,marking  ] GC(2726) Concurrent Scan Root Regions
[2024-08-15T15:46:36.998+0000][11892.943s][info][gc,marking  ] GC(2726) Concurrent Scan Root Regions 30.701ms
[2024-08-15T15:46:36.998+0000][11892.943s][info][gc,marking  ] GC(2726) Concurrent Mark
[2024-08-15T15:46:36.998+0000][11892.943s][info][gc,marking  ] GC(2726) Concurrent Mark From Roots
[2024-08-15T15:46:36.998+0000][11892.943s][info][gc,task     ] GC(2726) Using 2 workers of 2 for marking
[2024-08-15T15:46:40.117+0000][11896.062s][info][gc,marking  ] GC(2726) Concurrent Mark From Roots 3119.090ms
[2024-08-15T15:46:40.117+0000][11896.062s][info][gc,marking  ] GC(2726) Concurrent Preclean
[2024-08-15T15:46:40.119+0000][11896.063s][info][gc,marking  ] GC(2726) Concurrent Preclean 1.548ms
[2024-08-15T15:46:40.119+0000][11896.064s][info][gc,start    ] GC(2726) Pause Remark
[2024-08-15T15:46:40.143+0000][11896.087s][info][gc          ] GC(2726) Pause Remark 7174M->7174M(12288M) 23.509ms
[2024-08-15T15:46:40.143+0000][11896.087s][info][gc,cpu      ] GC(2726) User=0.10s Sys=0.00s Real=0.02s
[2024-08-15T15:46:40.143+0000][11896.087s][info][gc,marking  ] GC(2726) Concurrent Mark 3144.560ms
[2024-08-15T15:46:40.143+0000][11896.087s][info][gc,marking  ] GC(2726) Concurrent Rebuild Remembered Sets
[2024-08-15T15:46:41.983+0000][11897.928s][info][gc,marking  ] GC(2726) Concurrent Rebuild Remembered Sets 1840.684ms
[2024-08-15T15:46:41.984+0000][11897.928s][info][gc,start    ] GC(2726) Pause Cleanup
[2024-08-15T15:46:41.984+0000][11897.929s][info][gc          ] GC(2726) Pause Cleanup 9162M->9162M(12288M) 0.492ms
[2024-08-15T15:46:41.984+0000][11897.929s][info][gc,cpu      ] GC(2726) User=0.00s Sys=0.00s Real=0.00s
[2024-08-15T15:46:41.984+0000][11897.929s][info][gc,marking  ] GC(2726) Concurrent Cleanup for Next Mark
[2024-08-15T15:46:42.001+0000][11897.946s][info][gc,marking  ] GC(2726) Concurrent Cleanup for Next Mark 16.956ms
[2024-08-15T15:46:42.001+0000][11897.946s][info][gc          ] GC(2726) Concurrent Mark Cycle 5034.305ms
[2024-08-15T15:46:42.476+0000][11898.420s][info][gc,start    ] GC(2727) Pause Young (Prepare Mixed) (G1 Evacuation Pause)
[2024-08-15T15:46:42.476+0000][11898.420s][info][gc,task     ] GC(2727) Using 6 workers of 6 for evacuation
[2024-08-15T15:46:42.497+0000][11898.441s][info][gc,phases   ] GC(2727)   Pre Evacuate Collection Set: 0.2ms
[2024-08-15T15:46:42.497+0000][11898.441s][info][gc,phases   ] GC(2727)   Merge Heap Roots: 0.3ms
[2024-08-15T15:46:42.497+0000][11898.441s][info][gc,phases   ] GC(2727)   Evacuate Collection Set: 18.6ms
[2024-08-15T15:46:42.497+0000][11898.441s][info][gc,phases   ] GC(2727)   Post Evacuate Collection Set: 1.9ms
[2024-08-15T15:46:42.497+0000][11898.441s][info][gc,phases   ] GC(2727)   Other: 0.2ms
[2024-08-15T15:46:42.497+0000][11898.441s][info][gc,heap     ] GC(2727) Eden regions: 727->0(66)
[2024-08-15T15:46:42.497+0000][11898.441s][info][gc,heap     ] GC(2727) Survivor regions: 10->10(93)
[2024-08-15T15:46:42.497+0000][11898.441s][info][gc,heap     ] GC(2727) Old regions: 471->471
[2024-08-15T15:46:42.497+0000][11898.441s][info][gc,heap     ] GC(2727) Archive regions: 2->2
[2024-08-15T15:46:42.497+0000][11898.442s][info][gc,heap     ] GC(2727) Humongous regions: 6->6
[2024-08-15T15:46:42.497+0000][11898.442s][info][gc,metaspace] GC(2727) Metaspace: 442369K(448832K)->442369K(448832K) NonClass: 387478K(391104K)->387478K(391104K) Class: 54891K(57728K)->54891K(57728K)
[2024-08-15T15:46:42.497+0000][11898.442s][info][gc          ] GC(2727) Pause Young (Prepare Mixed) (G1 Evacuation Pause) 9710M->3895M(12288M) 21.219ms
[2024-08-15T15:46:42.497+0000][11898.442s][info][gc,cpu      ] GC(2727) User=0.12s Sys=0.00s Real=0.02s
[2024-08-15T15:46:42.924+0000][11898.869s][info][gc,start    ] GC(2728) Pause Young (Mixed) (G1 Evacuation Pause)
[2024-08-15T15:46:42.924+0000][11898.869s][info][gc,task     ] GC(2728) Using 6 workers of 6 for evacuation
[2024-08-15T15:46:42.980+0000][11898.925s][info][gc,phases   ] GC(2728)   Pre Evacuate Collection Set: 0.2ms
[2024-08-15T15:46:42.980+0000][11898.925s][info][gc,phases   ] GC(2728)   Merge Heap Roots: 0.4ms
[2024-08-15T15:46:42.980+0000][11898.925s][info][gc,phases   ] GC(2728)   Evacuate Collection Set: 53.8ms
[2024-08-15T15:46:42.980+0000][11898.925s][info][gc,phases   ] GC(2728)   Post Evacuate Collection Set: 1.2ms
[2024-08-15T15:46:42.980+0000][11898.925s][info][gc,phases   ] GC(2728)   Other: 0.2ms
[2024-08-15T15:46:42.980+0000][11898.925s][info][gc,heap     ] GC(2728) Eden regions: 66->0(729)
[2024-08-15T15:46:42.980+0000][11898.925s][info][gc,heap     ] GC(2728) Survivor regions: 10->6(10)
[2024-08-15T15:46:42.980+0000][11898.925s][info][gc,heap     ] GC(2728) Old regions: 471->473
[2024-08-15T15:46:42.980+0000][11898.925s][info][gc,heap     ] GC(2728) Archive regions: 2->2
[2024-08-15T15:46:42.980+0000][11898.925s][info][gc,heap     ] GC(2728) Humongous regions: 6->6
[2024-08-15T15:46:42.980+0000][11898.925s][info][gc,metaspace] GC(2728) Metaspace: 442369K(448832K)->442369K(448832K) NonClass: 387478K(391104K)->387478K(391104K) Class: 54891K(57728K)->54891K(57728K)
[2024-08-15T15:46:42.980+0000][11898.925s][info][gc          ] GC(2728) Pause Young (Mixed) (G1 Evacuation Pause) 4423M->3876M(12288M) 55.810ms
[2024-08-15T15:46:42.980+0000][11898.925s][info][gc,cpu      ] GC(2728) User=0.33s Sys=0.00s Real=0.05s
[2024-08-15T15:46:47.821+0000][11903.765s][info][gc,start    ] GC(2729) Pause Young (Normal) (G1 Evacuation Pause)
[2024-08-15T15:46:47.821+0000][11903.765s][info][gc,task     ] GC(2729) Using 6 workers of 6 for evacuation
[2024-08-15T15:46:47.837+0000][11903.782s][info][gc,phases   ] GC(2729)   Pre Evacuate Collection Set: 0.2ms
[2024-08-15T15:46:47.837+0000][11903.782s][info][gc,phases   ] GC(2729)   Merge Heap Roots: 0.2ms
[2024-08-15T15:46:47.837+0000][11903.782s][info][gc,phases   ] GC(2729)   Evacuate Collection Set: 13.9ms
[2024-08-15T15:46:47.837+0000][11903.782s][info][gc,phases   ] GC(2729)   Post Evacuate Collection Set: 1.8ms
[2024-08-15T15:46:47.837+0000][11903.782s][info][gc,phases   ] GC(2729)   Other: 0.2ms
[2024-08-15T15:46:47.837+0000][11903.782s][info][gc,heap     ] GC(2729) Eden regions: 729->0(728)
[2024-08-15T15:46:47.837+0000][11903.782s][info][gc,heap     ] GC(2729) Survivor regions: 6->7(92)
[2024-08-15T15:46:47.837+0000][11903.782s][info][gc,heap     ] GC(2729) Old regions: 473->473
[2024-08-15T15:46:47.837+0000][11903.782s][info][gc,heap     ] GC(2729) Archive regions: 2->2
[2024-08-15T15:46:47.837+0000][11903.782s][info][gc,heap     ] GC(2729) Humongous regions: 6->6
[2024-08-15T15:46:47.837+0000][11903.782s][info][gc,metaspace] GC(2729) Metaspace: 442369K(448832K)->442369K(448832K) NonClass: 387478K(391104K)->387478K(391104K) Class: 54891K(57728K)->54891K(57728K)
[2024-08-15T15:46:47.837+0000][11903.782s][info][gc          ] GC(2729) Pause Young (Normal) (G1 Evacuation Pause) 9708M->3878M(12288M) 16.303ms
[2024-08-15T15:46:47.837+0000][11903.782s][info][gc,cpu      ] GC(2729) User=0.09s Sys=0.00s Real=0.02s
[2024-08-15T15:46:52.606+0000][11908.551s][info][gc,start    ] GC(2730) Pause Young (Normal) (G1 Evacuation Pause)
[2024-08-15T15:46:52.606+0000][11908.551s][info][gc,task     ] GC(2730) Using 6 workers of 6 for evacuation
[2024-08-15T15:46:52.622+0000][11908.566s][info][gc,phases   ] GC(2730)   Pre Evacuate Collection Set: 0.2ms
[2024-08-15T15:46:52.622+0000][11908.566s][info][gc,phases   ] GC(2730)   Merge Heap Roots: 0.2ms
[2024-08-15T15:46:52.622+0000][11908.566s][info][gc,phases   ] GC(2730)   Evacuate Collection Set: 13.2ms
[2024-08-15T15:46:52.622+0000][11908.566s][info][gc,phases   ] GC(2730)   Post Evacuate Collection Set: 1.7ms
[2024-08-15T15:46:52.622+0000][11908.566s][info][gc,phases   ] GC(2730)   Other: 0.2ms
[2024-08-15T15:46:52.622+0000][11908.566s][info][gc,heap     ] GC(2730) Eden regions: 728->0(727)
[2024-08-15T15:46:52.622+0000][11908.566s][info][gc,heap     ] GC(2730) Survivor regions: 7->8(92)
[2024-08-15T15:46:52.622+0000][11908.566s][info][gc,heap     ] GC(2730) Old regions: 473->473
[2024-08-15T15:46:52.622+0000][11908.566s][info][gc,heap     ] GC(2730) Archive regions: 2->2
[2024-08-15T15:46:52.622+0000][11908.566s][info][gc,heap     ] GC(2730) Humongous regions: 6->6
[2024-08-15T15:46:52.622+0000][11908.566s][info][gc,metaspace] GC(2730) Metaspace: 442369K(448832K)->442369K(448832K) NonClass: 387478K(391104K)->387478K(391104K) Class: 54891K(57728K)->54891K(57728K)
[2024-08-15T15:46:52.622+0000][11908.566s][info][gc          ] GC(2730) Pause Young (Normal) (G1 Evacuation Pause) 9702M->3891M(12288M) 15.570ms
[2024-08-15T15:46:52.622+0000][11908.566s][info][gc,cpu      ] GC(2730) User=0.09s Sys=0.00s Real=0.01s
[2024-08-15T15:46:57.493+0000][11913.438s][info][gc,start    ] GC(2731) Pause Young (Concurrent Start) (G1 Evacuation Pause)
[2024-08-15T15:46:57.493+0000][11913.438s][info][gc,task     ] GC(2731) Using 6 workers of 6 for evacuation
[2024-08-15T15:46:57.512+0000][11913.456s][info][gc,phases   ] GC(2731)   Pre Evacuate Collection Set: 0.6ms
[2024-08-15T15:46:57.512+0000][11913.456s][info][gc,phases   ] GC(2731)   Merge Heap Roots: 0.2ms
[2024-08-15T15:46:57.512+0000][11913.456s][info][gc,phases   ] GC(2731)   Evacuate Collection Set: 16.2ms
[2024-08-15T15:46:57.512+0000][11913.456s][info][gc,phases   ] GC(2731)   Post Evacuate Collection Set: 1.7ms
[2024-08-15T15:46:57.512+0000][11913.456s][info][gc,phases   ] GC(2731)   Other: 0.3ms
[2024-08-15T15:46:57.512+0000][11913.456s][info][gc,heap     ] GC(2731) Eden regions: 727->0(725)
[2024-08-15T15:46:57.512+0000][11913.456s][info][gc,heap     ] GC(2731) Survivor regions: 8->10(92)
[2024-08-15T15:46:57.512+0000][11913.456s][info][gc,heap     ] GC(2731) Old regions: 473->473
[2024-08-15T15:46:57.512+0000][11913.456s][info][gc,heap     ] GC(2731) Archive regions: 2->2
[2024-08-15T15:46:57.512+0000][11913.456s][info][gc,heap     ] GC(2731) Humongous regions: 6->6
[2024-08-15T15:46:57.512+0000][11913.456s][info][gc,metaspace] GC(2731) Metaspace: 442369K(448832K)->442369K(448832K) NonClass: 387478K(391104K)->387478K(391104K) Class: 54891K(57728K)->54891K(57728K)
[2024-08-15T15:46:57.512+0000][11913.457s][info][gc          ] GC(2731) Pause Young (Concurrent Start) (G1 Evacuation Pause) 9707M->3909M(12288M) 19.014ms
[2024-08-15T15:46:57.512+0000][11913.457s][info][gc,cpu      ] GC(2731) User=0.11s Sys=0.00s Real=0.02s
[2024-08-15T15:46:57.512+0000][11913.457s][info][gc          ] GC(2732) Concurrent Mark Cycle
[2024-08-15T15:46:57.512+0000][11913.457s][info][gc,marking  ] GC(2732) Concurrent Clear Claimed Marks
[2024-08-15T15:46:57.512+0000][11913.457s][info][gc,marking  ] GC(2732) Concurrent Clear Claimed Marks 0.377ms
[2024-08-15T15:46:57.512+0000][11913.457s][info][gc,marking  ] GC(2732) Concurrent Scan Root Regions
[2024-08-15T15:46:57.546+0000][11913.491s][info][gc,marking  ] GC(2732) Concurrent Scan Root Regions 33.779ms
[2024-08-15T15:46:57.546+0000][11913.491s][info][gc,marking  ] GC(2732) Concurrent Mark
[2024-08-15T15:46:57.546+0000][11913.491s][info][gc,marking  ] GC(2732) Concurrent Mark From Roots
[2024-08-15T15:46:57.546+0000][11913.491s][info][gc,task     ] GC(2732) Using 2 workers of 2 for marking
[2024-08-15T15:47:00.634+0000][11916.579s][info][gc,marking  ] GC(2732) Concurrent Mark From Roots 3088.234ms
[2024-08-15T15:47:00.635+0000][11916.579s][info][gc,marking  ] GC(2732) Concurrent Preclean
[2024-08-15T15:47:00.636+0000][11916.581s][info][gc,marking  ] GC(2732) Concurrent Preclean 1.388ms
[2024-08-15T15:47:00.636+0000][11916.581s][info][gc,start    ] GC(2732) Pause Remark
[2024-08-15T15:47:00.660+0000][11916.604s][info][gc          ] GC(2732) Pause Remark 7745M->7745M(12288M) 23.424ms
[2024-08-15T15:47:00.660+0000][11916.604s][info][gc,cpu      ] GC(2732) User=0.10s Sys=0.00s Real=0.02s
[2024-08-15T15:47:00.660+0000][11916.604s][info][gc,marking  ] GC(2732) Concurrent Mark 3113.459ms
[2024-08-15T15:47:00.660+0000][11916.604s][info][gc,marking  ] GC(2732) Concurrent Rebuild Remembered Sets
[2024-08-15T15:47:02.441+0000][11918.386s][info][gc,start    ] GC(2733) Pause Young (Normal) (G1 Evacuation Pause)
[2024-08-15T15:47:02.441+0000][11918.386s][info][gc,task     ] GC(2733) Using 6 workers of 6 for evacuation
[2024-08-15T15:47:02.460+0000][11918.405s][info][gc,phases   ] GC(2733)   Pre Evacuate Collection Set: 0.2ms
[2024-08-15T15:47:02.460+0000][11918.405s][info][gc,phases   ] GC(2733)   Merge Heap Roots: 0.3ms
[2024-08-15T15:47:02.460+0000][11918.405s][info][gc,phases   ] GC(2733)   Evacuate Collection Set: 16.9ms
[2024-08-15T15:47:02.460+0000][11918.405s][info][gc,phases   ] GC(2733)   Post Evacuate Collection Set: 1.7ms
[2024-08-15T15:47:02.460+0000][11918.405s][info][gc,phases   ] GC(2733)   Other: 0.2ms
[2024-08-15T15:47:02.460+0000][11918.405s][info][gc,heap     ] GC(2733) Eden regions: 725->0(726)
[2024-08-15T15:47:02.460+0000][11918.405s][info][gc,heap     ] GC(2733) Survivor regions: 10->9(92)
[2024-08-15T15:47:02.461+0000][11918.405s][info][gc,heap     ] GC(2733) Old regions: 473->473
[2024-08-15T15:47:02.461+0000][11918.405s][info][gc,heap     ] GC(2733) Archive regions: 2->2
[2024-08-15T15:47:02.461+0000][11918.405s][info][gc,heap     ] GC(2733) Humongous regions: 6->6
[2024-08-15T15:47:02.461+0000][11918.405s][info][gc,metaspace] GC(2733) Metaspace: 442369K(448832K)->442369K(448832K) NonClass: 387478K(391104K)->387478K(391104K) Class: 54891K(57728K)->54891K(57728K)
[2024-08-15T15:47:02.461+0000][11918.405s][info][gc          ] GC(2733) Pause Young (Normal) (G1 Evacuation Pause) 9709M->3894M(12288M) 19.334ms
[2024-08-15T15:47:02.461+0000][11918.405s][info][gc,cpu      ] GC(2733) User=0.11s Sys=0.00s Real=0.02s
[2024-08-15T15:47:02.478+0000][11918.423s][info][gc,marking  ] GC(2732) Concurrent Rebuild Remembered Sets 1818.606ms
[2024-08-15T15:47:02.478+0000][11918.423s][info][gc,start    ] GC(2732) Pause Cleanup
[2024-08-15T15:47:02.479+0000][11918.424s][info][gc          ] GC(2732) Pause Cleanup 3926M->3926M(12288M) 0.477ms
[2024-08-15T15:47:02.479+0000][11918.424s][info][gc,cpu      ] GC(2732) User=0.00s Sys=0.00s Real=0.00s
[2024-08-15T15:47:02.479+0000][11918.424s][info][gc,marking  ] GC(2732) Concurrent Cleanup for Next Mark
[2024-08-15T15:47:02.496+0000][11918.441s][info][gc,marking  ] GC(2732) Concurrent Cleanup for Next Mark 16.937ms
[2024-08-15T15:47:02.496+0000][11918.441s][info][gc          ] GC(2732) Concurrent Mark Cycle 4984.075ms
[2024-08-15T15:47:07.308+0000][11923.253s][info][gc,start    ] GC(2734) Pause Young (Prepare Mixed) (G1 Evacuation Pause)
[2024-08-15T15:47:07.308+0000][11923.253s][info][gc,task     ] GC(2734) Using 6 workers of 6 for evacuation
[2024-08-15T15:47:07.330+0000][11923.275s][info][gc,phases   ] GC(2734)   Pre Evacuate Collection Set: 0.2ms
[2024-08-15T15:47:07.330+0000][11923.275s][info][gc,phases   ] GC(2734)   Merge Heap Roots: 0.3ms
[2024-08-15T15:47:07.330+0000][11923.275s][info][gc,phases   ] GC(2734)   Evacuate Collection Set: 19.6ms
[2024-08-15T15:47:07.330+0000][11923.275s][info][gc,phases   ] GC(2734)   Post Evacuate Collection Set: 1.7ms
[2024-08-15T15:47:07.330+0000][11923.275s][info][gc,phases   ] GC(2734)   Other: 0.2ms
[2024-08-15T15:47:07.330+0000][11923.275s][info][gc,heap     ] GC(2734) Eden regions: 726->0(65)
[2024-08-15T15:47:07.330+0000][11923.275s][info][gc,heap     ] GC(2734) Survivor regions: 9->11(92)
[2024-08-15T15:47:07.330+0000][11923.275s][info][gc,heap     ] GC(2734) Old regions: 473->473
[2024-08-15T15:47:07.330+0000][11923.275s][info][gc,heap     ] GC(2734) Archive regions: 2->2
[2024-08-15T15:47:07.330+0000][11923.275s][info][gc,heap     ] GC(2734) Humongous regions: 6->6
[2024-08-15T15:47:07.330+0000][11923.275s][info][gc,metaspace] GC(2734) Metaspace: 442369K(448832K)->442369K(448832K) NonClass: 387478K(391104K)->387478K(391104K) Class: 54891K(57728K)->54891K(57728K)
[2024-08-15T15:47:07.330+0000][11923.275s][info][gc          ] GC(2734) Pause Young (Prepare Mixed) (G1 Evacuation Pause) 9702M->3911M(12288M) 22.032ms
[2024-08-15T15:47:07.331+0000][11923.275s][info][gc,cpu      ] GC(2734) User=0.13s Sys=0.00s Real=0.02s
[2024-08-15T15:47:07.766+0000][11923.710s][info][gc,start    ] GC(2735) Pause Young (Mixed) (G1 Evacuation Pause)
[2024-08-15T15:47:07.766+0000][11923.710s][info][gc,task     ] GC(2735) Using 6 workers of 6 for evacuation
[2024-08-15T15:47:07.825+0000][11923.770s][info][gc,phases   ] GC(2735)   Pre Evacuate Collection Set: 0.1ms
[2024-08-15T15:47:07.825+0000][11923.770s][info][gc,phases   ] GC(2735)   Merge Heap Roots: 0.3ms
[2024-08-15T15:47:07.825+0000][11923.770s][info][gc,phases   ] GC(2735)   Evacuate Collection Set: 57.5ms
[2024-08-15T15:47:07.825+0000][11923.770s][info][gc,phases   ] GC(2735)   Post Evacuate Collection Set: 1.3ms
[2024-08-15T15:47:07.825+0000][11923.770s][info][gc,phases   ] GC(2735)   Other: 0.2ms
[2024-08-15T15:47:07.825+0000][11923.770s][info][gc,heap     ] GC(2735) Eden regions: 65->0(730)
[2024-08-15T15:47:07.825+0000][11923.770s][info][gc,heap     ] GC(2735) Survivor regions: 11->4(10)
[2024-08-15T15:47:07.825+0000][11923.770s][info][gc,heap     ] GC(2735) Old regions: 473->475
[2024-08-15T15:47:07.825+0000][11923.770s][info][gc,heap     ] GC(2735) Archive regions: 2->2
[2024-08-15T15:47:07.825+0000][11923.770s][info][gc,heap     ] GC(2735) Humongous regions: 6->6
[2024-08-15T15:47:07.825+0000][11923.770s][info][gc,metaspace] GC(2735) Metaspace: 442369K(448832K)->442369K(448832K) NonClass: 387478K(391104K)->387478K(391104K) Class: 54891K(57728K)->54891K(57728K)
[2024-08-15T15:47:07.825+0000][11923.770s][info][gc          ] GC(2735) Pause Young (Mixed) (G1 Evacuation Pause) 4431M->3880M(12288M) 59.547ms
[2024-08-15T15:47:07.825+0000][11923.770s][info][gc,cpu      ] GC(2735) User=0.35s Sys=0.01s Real=0.06s
[2024-08-15T15:47:12.596+0000][11928.540s][info][gc,start    ] GC(2736) Pause Young (Normal) (G1 Evacuation Pause)
[2024-08-15T15:47:12.596+0000][11928.540s][info][gc,task     ] GC(2736) Using 6 workers of 6 for evacuation
[2024-08-15T15:47:12.606+0000][11928.551s][info][gc,phases   ] GC(2736)   Pre Evacuate Collection Set: 0.2ms
[2024-08-15T15:47:12.606+0000][11928.551s][info][gc,phases   ] GC(2736)   Merge Heap Roots: 0.2ms
[2024-08-15T15:47:12.606+0000][11928.551s][info][gc,phases   ] GC(2736)   Evacuate Collection Set: 8.1ms
[2024-08-15T15:47:12.606+0000][11928.551s][info][gc,phases   ] GC(2736)   Post Evacuate Collection Set: 1.7ms
[2024-08-15T15:47:12.606+0000][11928.551s][info][gc,phases   ] GC(2736)   Other: 0.2ms
[2024-08-15T15:47:12.606+0000][11928.551s][info][gc,heap     ] GC(2736) Eden regions: 730->0(729)
[2024-08-15T15:47:12.606+0000][11928.551s][info][gc,heap     ] GC(2736) Survivor regions: 4->5(92)
[2024-08-15T15:47:12.606+0000][11928.551s][info][gc,heap     ] GC(2736) Old regions: 475->475
[2024-08-15T15:47:12.606+0000][11928.551s][info][gc,heap     ] GC(2736) Archive regions: 2->2
[2024-08-15T15:47:12.606+0000][11928.551s][info][gc,heap     ] GC(2736) Humongous regions: 6->6
[2024-08-15T15:47:12.606+0000][11928.551s][info][gc,metaspace] GC(2736) Metaspace: 442369K(448832K)->442369K(448832K) NonClass: 387478K(391104K)->387478K(391104K) Class: 54891K(57728K)->54891K(57728K)
[2024-08-15T15:47:12.606+0000][11928.551s][info][gc          ] GC(2736) Pause Young (Normal) (G1 Evacuation Pause) 9720M->3885M(12288M) 10.385ms
[2024-08-15T15:47:12.606+0000][11928.551s][info][gc,cpu      ] GC(2736) User=0.05s Sys=0.00s Real=0.01s
[2024-08-15T15:47:17.510+0000][11933.455s][info][gc,start    ] GC(2737) Pause Young (Normal) (G1 Evacuation Pause)
[2024-08-15T15:47:17.510+0000][11933.455s][info][gc,task     ] GC(2737) Using 6 workers of 6 for evacuation
[2024-08-15T15:47:17.522+0000][11933.467s][info][gc,phases   ] GC(2737)   Pre Evacuate Collection Set: 0.2ms
[2024-08-15T15:47:17.523+0000][11933.467s][info][gc,phases   ] GC(2737)   Merge Heap Roots: 0.2ms
[2024-08-15T15:47:17.523+0000][11933.467s][info][gc,phases   ] GC(2737)   Evacuate Collection Set: 10.3ms
[2024-08-15T15:47:17.523+0000][11933.467s][info][gc,phases   ] GC(2737)   Post Evacuate Collection Set: 1.6ms
[2024-08-15T15:47:17.523+0000][11933.467s][info][gc,phases   ] GC(2737)   Other: 0.2ms
[2024-08-15T15:47:17.523+0000][11933.467s][info][gc,heap     ] GC(2737) Eden regions: 729->0(727)
[2024-08-15T15:47:17.523+0000][11933.467s][info][gc,heap     ] GC(2737) Survivor regions: 5->7(92)
[2024-08-15T15:47:17.523+0000][11933.467s][info][gc,heap     ] GC(2737) Old regions: 475->475
[2024-08-15T15:47:17.523+0000][11933.467s][info][gc,heap     ] GC(2737) Archive regions: 2->2
[2024-08-15T15:47:17.523+0000][11933.467s][info][gc,heap     ] GC(2737) Humongous regions: 6->6
[2024-08-15T15:47:17.523+0000][11933.467s][info][gc,metaspace] GC(2737) Metaspace: 442369K(448832K)->442369K(448832K) NonClass: 387478K(391104K)->387478K(391104K) Class: 54891K(57728K)->54891K(57728K)
[2024-08-15T15:47:17.523+0000][11933.467s][info][gc          ] GC(2737) Pause Young (Normal) (G1 Evacuation Pause) 9717M->3904M(12288M) 12.577ms
[2024-08-15T15:47:17.523+0000][11933.467s][info][gc,cpu      ] GC(2737) User=0.07s Sys=0.00s Real=0.01s
[2024-08-15T15:47:22.387+0000][11938.332s][info][gc,start    ] GC(2738) Pause Young (Concurrent Start) (G1 Evacuation Pause)
[2024-08-15T15:47:22.387+0000][11938.332s][info][gc,task     ] GC(2738) Using 6 workers of 6 for evacuation
[2024-08-15T15:47:22.404+0000][11938.349s][info][gc,phases   ] GC(2738)   Pre Evacuate Collection Set: 0.6ms
[2024-08-15T15:47:22.404+0000][11938.349s][info][gc,phases   ] GC(2738)   Merge Heap Roots: 0.2ms
[2024-08-15T15:47:22.404+0000][11938.349s][info][gc,phases   ] GC(2738)   Evacuate Collection Set: 14.4ms
[2024-08-15T15:47:22.404+0000][11938.349s][info][gc,phases   ] GC(2738)   Post Evacuate Collection Set: 1.7ms
[2024-08-15T15:47:22.404+0000][11938.349s][info][gc,phases   ] GC(2738)   Other: 0.3ms
[2024-08-15T15:47:22.404+0000][11938.349s][info][gc,heap     ] GC(2738) Eden regions: 727->0(726)
[2024-08-15T15:47:22.404+0000][11938.349s][info][gc,heap     ] GC(2738) Survivor regions: 7->8(92)
[2024-08-15T15:47:22.404+0000][11938.349s][info][gc,heap     ] GC(2738) Old regions: 475->475
[2024-08-15T15:47:22.404+0000][11938.349s][info][gc,heap     ] GC(2738) Archive regions: 2->2
[2024-08-15T15:47:22.404+0000][11938.349s][info][gc,heap     ] GC(2738) Humongous regions: 6->6
[2024-08-15T15:47:22.404+0000][11938.349s][info][gc,metaspace] GC(2738) Metaspace: 442369K(448832K)->442369K(448832K) NonClass: 387478K(391104K)->387478K(391104K) Class: 54891K(57728K)->54891K(57728K)
[2024-08-15T15:47:22.404+0000][11938.349s][info][gc          ] GC(2738) Pause Young (Concurrent Start) (G1 Evacuation Pause) 9720M->3909M(12288M) 17.182ms
[2024-08-15T15:47:22.404+0000][11938.349s][info][gc,cpu      ] GC(2738) User=0.09s Sys=0.00s Real=0.02s
[2024-08-15T15:47:22.405+0000][11938.349s][info][gc          ] GC(2739) Concurrent Mark Cycle
[2024-08-15T15:47:22.405+0000][11938.349s][info][gc,marking  ] GC(2739) Concurrent Clear Claimed Marks
[2024-08-15T15:47:22.405+0000][11938.350s][info][gc,marking  ] GC(2739) Concurrent Clear Claimed Marks 0.393ms
[2024-08-15T15:47:22.405+0000][11938.350s][info][gc,marking  ] GC(2739) Concurrent Scan Root Regions
[2024-08-15T15:47:22.419+0000][11938.364s][info][gc,marking  ] GC(2739) Concurrent Scan Root Regions 14.419ms
[2024-08-15T15:47:22.419+0000][11938.364s][info][gc,marking  ] GC(2739) Concurrent Mark
[2024-08-15T15:47:22.419+0000][11938.364s][info][gc,marking  ] GC(2739) Concurrent Mark From Roots
[2024-08-15T15:47:22.419+0000][11938.364s][info][gc,task     ] GC(2739) Using 2 workers of 2 for marking
[2024-08-15T15:47:25.467+0000][11941.412s][info][gc,marking  ] GC(2739) Concurrent Mark From Roots 3047.519ms
[2024-08-15T15:47:25.467+0000][11941.412s][info][gc,marking  ] GC(2739) Concurrent Preclean
[2024-08-15T15:47:25.469+0000][11941.413s][info][gc,marking  ] GC(2739) Concurrent Preclean 1.860ms
[2024-08-15T15:47:25.469+0000][11941.414s][info][gc,start    ] GC(2739) Pause Remark
[2024-08-15T15:47:25.493+0000][11941.437s][info][gc          ] GC(2739) Pause Remark 7013M->7013M(12288M) 23.493ms
[2024-08-15T15:47:25.493+0000][11941.437s][info][gc,cpu      ] GC(2739) User=0.10s Sys=0.00s Real=0.02s
[2024-08-15T15:47:25.493+0000][11941.437s][info][gc,marking  ] GC(2739) Concurrent Mark 3073.235ms
[2024-08-15T15:47:25.493+0000][11941.437s][info][gc,marking  ] GC(2739) Concurrent Rebuild Remembered Sets
[2024-08-15T15:47:27.437+0000][11943.382s][info][gc,marking  ] GC(2739) Concurrent Rebuild Remembered Sets 1944.198ms
[2024-08-15T15:47:27.437+0000][11943.382s][info][gc,start    ] GC(2739) Pause Cleanup
[2024-08-15T15:47:27.438+0000][11943.382s][info][gc          ] GC(2739) Pause Cleanup 9437M->9437M(12288M) 0.495ms
[2024-08-15T15:47:27.438+0000][11943.382s][info][gc,cpu      ] GC(2739) User=0.00s Sys=0.00s Real=0.00s
[2024-08-15T15:47:27.438+0000][11943.382s][info][gc,marking  ] GC(2739) Concurrent Cleanup for Next Mark
[2024-08-15T15:47:27.455+0000][11943.399s][info][gc,marking  ] GC(2739) Concurrent Cleanup for Next Mark 17.039ms
[2024-08-15T15:47:27.455+0000][11943.399s][info][gc          ] GC(2739) Concurrent Mark Cycle 5050.268ms
[2024-08-15T15:47:27.685+0000][11943.629s][info][gc,start    ] GC(2740) Pause Young (Prepare Mixed) (G1 Evacuation Pause)
[2024-08-15T15:47:27.685+0000][11943.629s][info][gc,task     ] GC(2740) Using 6 workers of 6 for evacuation
[2024-08-15T15:47:27.702+0000][11943.646s][info][gc,phases   ] GC(2740)   Pre Evacuate Collection Set: 0.2ms
[2024-08-15T15:47:27.702+0000][11943.647s][info][gc,phases   ] GC(2740)   Merge Heap Roots: 0.3ms
[2024-08-15T15:47:27.702+0000][11943.647s][info][gc,phases   ] GC(2740)   Evacuate Collection Set: 14.8ms
[2024-08-15T15:47:27.702+0000][11943.647s][info][gc,phases   ] GC(2740)   Post Evacuate Collection Set: 1.8ms
[2024-08-15T15:47:27.702+0000][11943.647s][info][gc,phases   ] GC(2740)   Other: 0.2ms
[2024-08-15T15:47:27.702+0000][11943.647s][info][gc,heap     ] GC(2740) Eden regions: 726->0(68)
[2024-08-15T15:47:27.702+0000][11943.647s][info][gc,heap     ] GC(2740) Survivor regions: 8->8(92)
[2024-08-15T15:47:27.702+0000][11943.647s][info][gc,heap     ] GC(2740) Old regions: 475->475
[2024-08-15T15:47:27.702+0000][11943.647s][info][gc,heap     ] GC(2740) Archive regions: 2->2
[2024-08-15T15:47:27.702+0000][11943.647s][info][gc,heap     ] GC(2740) Humongous regions: 6->6
[2024-08-15T15:47:27.702+0000][11943.647s][info][gc,metaspace] GC(2740) Metaspace: 442369K(448832K)->442369K(448832K) NonClass: 387478K(391104K)->387478K(391104K) Class: 54891K(57728K)->54891K(57728K)
[2024-08-15T15:47:27.702+0000][11943.647s][info][gc          ] GC(2740) Pause Young (Prepare Mixed) (G1 Evacuation Pause) 9717M->3912M(12288M) 17.268ms
[2024-08-15T15:47:27.702+0000][11943.647s][info][gc,cpu      ] GC(2740) User=0.10s Sys=0.00s Real=0.01s
[2024-08-15T15:47:28.163+0000][11944.108s][info][gc,start    ] GC(2741) Pause Young (Mixed) (G1 Evacuation Pause)
[2024-08-15T15:47:28.163+0000][11944.108s][info][gc,task     ] GC(2741) Using 6 workers of 6 for evacuation
[2024-08-15T15:47:28.215+0000][11944.160s][info][gc,phases   ] GC(2741)   Pre Evacuate Collection Set: 0.2ms
[2024-08-15T15:47:28.215+0000][11944.160s][info][gc,phases   ] GC(2741)   Merge Heap Roots: 0.4ms
[2024-08-15T15:47:28.215+0000][11944.160s][info][gc,phases   ] GC(2741)   Evacuate Collection Set: 49.9ms
[2024-08-15T15:47:28.215+0000][11944.160s][info][gc,phases   ] GC(2741)   Post Evacuate Collection Set: 1.4ms
[2024-08-15T15:47:28.215+0000][11944.160s][info][gc,phases   ] GC(2741)   Other: 0.2ms
[2024-08-15T15:47:28.215+0000][11944.160s][info][gc,heap     ] GC(2741) Eden regions: 68->0(731)
[2024-08-15T15:47:28.215+0000][11944.160s][info][gc,heap     ] GC(2741) Survivor regions: 8->6(10)
[2024-08-15T15:47:28.215+0000][11944.160s][info][gc,heap     ] GC(2741) Old regions: 475->472
[2024-08-15T15:47:28.215+0000][11944.160s][info][gc,heap     ] GC(2741) Archive regions: 2->2
[2024-08-15T15:47:28.215+0000][11944.160s][info][gc,heap     ] GC(2741) Humongous regions: 6->6
[2024-08-15T15:47:28.215+0000][11944.160s][info][gc,metaspace] GC(2741) Metaspace: 442369K(448832K)->442369K(448832K) NonClass: 387478K(391104K)->387478K(391104K) Class: 54891K(57728K)->54891K(57728K)
[2024-08-15T15:47:28.215+0000][11944.160s][info][gc          ] GC(2741) Pause Young (Mixed) (G1 Evacuation Pause) 4456M->3873M(12288M) 52.120ms
[2024-08-15T15:47:28.215+0000][11944.160s][info][gc,cpu      ] GC(2741) User=0.30s Sys=0.00s Real=0.06s
[2024-08-15T15:47:32.332+0000][11948.277s][info][gc,start    ] GC(2742) Pause Young (Normal) (G1 Evacuation Pause)
[2024-08-15T15:47:32.332+0000][11948.277s][info][gc,task     ] GC(2742) Using 6 workers of 6 for evacuation
[2024-08-15T15:47:32.347+0000][11948.291s][info][gc,phases   ] GC(2742)   Pre Evacuate Collection Set: 0.2ms
[2024-08-15T15:47:32.347+0000][11948.291s][info][gc,phases   ] GC(2742)   Merge Heap Roots: 0.2ms
[2024-08-15T15:47:32.347+0000][11948.291s][info][gc,phases   ] GC(2742)   Evacuate Collection Set: 12.2ms
[2024-08-15T15:47:32.347+0000][11948.291s][info][gc,phases   ] GC(2742)   Post Evacuate Collection Set: 1.7ms
[2024-08-15T15:47:32.347+0000][11948.291s][info][gc,phases   ] GC(2742)   Other: 0.2ms
[2024-08-15T15:47:32.347+0000][11948.291s][info][gc,heap     ] GC(2742) Eden regions: 731->0(729)
[2024-08-15T15:47:32.347+0000][11948.291s][info][gc,heap     ] GC(2742) Survivor regions: 6->8(93)
[2024-08-15T15:47:32.347+0000][11948.291s][info][gc,heap     ] GC(2742) Old regions: 472->472
[2024-08-15T15:47:32.347+0000][11948.291s][info][gc,heap     ] GC(2742) Archive regions: 2->2
[2024-08-15T15:47:32.347+0000][11948.291s][info][gc,heap     ] GC(2742) Humongous regions: 6->6
[2024-08-15T15:47:32.347+0000][11948.291s][info][gc,metaspace] GC(2742) Metaspace: 442369K(448832K)->442369K(448832K) NonClass: 387478K(391104K)->387478K(391104K) Class: 54891K(57728K)->54891K(57728K)
[2024-08-15T15:47:32.347+0000][11948.291s][info][gc          ] GC(2742) Pause Young (Normal) (G1 Evacuation Pause) 9721M->3887M(12288M) 14.552ms
[2024-08-15T15:47:32.347+0000][11948.291s][info][gc,cpu      ] GC(2742) User=0.08s Sys=0.00s Real=0.02s
[2024-08-15T15:47:37.162+0000][11953.107s][info][gc,start    ] GC(2743) Pause Young (Normal) (G1 Evacuation Pause)
[2024-08-15T15:47:37.162+0000][11953.107s][info][gc,task     ] GC(2743) Using 6 workers of 6 for evacuation
[2024-08-15T15:47:37.179+0000][11953.124s][info][gc,phases   ] GC(2743)   Pre Evacuate Collection Set: 0.2ms
[2024-08-15T15:47:37.179+0000][11953.124s][info][gc,phases   ] GC(2743)   Merge Heap Roots: 0.2ms
[2024-08-15T15:47:37.179+0000][11953.124s][info][gc,phases   ] GC(2743)   Evacuate Collection Set: 14.4ms
[2024-08-15T15:47:37.179+0000][11953.124s][info][gc,phases   ] GC(2743)   Post Evacuate Collection Set: 1.8ms
[2024-08-15T15:47:37.179+0000][11953.124s][info][gc,phases   ] GC(2743)   Other: 0.2ms
[2024-08-15T15:47:37.179+0000][11953.124s][info][gc,heap     ] GC(2743) Eden regions: 729->0(728)
[2024-08-15T15:47:37.179+0000][11953.124s][info][gc,heap     ] GC(2743) Survivor regions: 8->9(93)
[2024-08-15T15:47:37.179+0000][11953.124s][info][gc,heap     ] GC(2743) Old regions: 472->472
[2024-08-15T15:47:37.179+0000][11953.124s][info][gc,heap     ] GC(2743) Archive regions: 2->2
[2024-08-15T15:47:37.179+0000][11953.124s][info][gc,heap     ] GC(2743) Humongous regions: 6->6
[2024-08-15T15:47:37.179+0000][11953.124s][info][gc,metaspace] GC(2743) Metaspace: 442369K(448832K)->442369K(448832K) NonClass: 387478K(391104K)->387478K(391104K) Class: 54891K(57728K)->54891K(57728K)
[2024-08-15T15:47:37.179+0000][11953.124s][info][gc          ] GC(2743) Pause Young (Normal) (G1 Evacuation Pause) 9719M->3899M(12288M) 16.840ms
[2024-08-15T15:47:37.179+0000][11953.124s][info][gc,cpu      ] GC(2743) User=0.10s Sys=0.00s Real=0.02s
[2024-08-15T15:47:41.929+0000][11957.874s][info][gc,start    ] GC(2744) Pause Young (Concurrent Start) (G1 Evacuation Pause)
[2024-08-15T15:47:41.929+0000][11957.874s][info][gc,task     ] GC(2744) Using 6 workers of 6 for evacuation
[2024-08-15T15:47:41.953+0000][11957.898s][info][gc,phases   ] GC(2744)   Pre Evacuate Collection Set: 0.5ms
[2024-08-15T15:47:41.953+0000][11957.898s][info][gc,phases   ] GC(2744)   Merge Heap Roots: 0.2ms
[2024-08-15T15:47:41.953+0000][11957.898s][info][gc,phases   ] GC(2744)   Evacuate Collection Set: 21.2ms
[2024-08-15T15:47:41.953+0000][11957.898s][info][gc,phases   ] GC(2744)   Post Evacuate Collection Set: 1.9ms
[2024-08-15T15:47:41.953+0000][11957.898s][info][gc,phases   ] GC(2744)   Other: 0.3ms
[2024-08-15T15:47:41.953+0000][11957.898s][info][gc,heap     ] GC(2744) Eden regions: 728->0(728)
[2024-08-15T15:47:41.953+0000][11957.898s][info][gc,heap     ] GC(2744) Survivor regions: 9->9(93)
[2024-08-15T15:47:41.953+0000][11957.898s][info][gc,heap     ] GC(2744) Old regions: 472->472
[2024-08-15T15:47:41.953+0000][11957.898s][info][gc,heap     ] GC(2744) Archive regions: 2->2
[2024-08-15T15:47:41.953+0000][11957.898s][info][gc,heap     ] GC(2744) Humongous regions: 6->6
[2024-08-15T15:47:41.953+0000][11957.898s][info][gc,metaspace] GC(2744) Metaspace: 442369K(448832K)->442369K(448832K) NonClass: 387478K(391104K)->387478K(391104K) Class: 54891K(57728K)->54891K(57728K)
[2024-08-15T15:47:41.953+0000][11957.898s][info][gc          ] GC(2744) Pause Young (Concurrent Start) (G1 Evacuation Pause) 9723M->3898M(12288M) 24.110ms
[2024-08-15T15:47:41.953+0000][11957.898s][info][gc,cpu      ] GC(2744) User=0.14s Sys=0.00s Real=0.02s
[2024-08-15T15:47:41.953+0000][11957.898s][info][gc          ] GC(2745) Concurrent Mark Cycle
[2024-08-15T15:47:41.953+0000][11957.898s][info][gc,marking  ] GC(2745) Concurrent Clear Claimed Marks
[2024-08-15T15:47:41.954+0000][11957.898s][info][gc,marking  ] GC(2745) Concurrent Clear Claimed Marks 0.370ms
[2024-08-15T15:47:41.954+0000][11957.898s][info][gc,marking  ] GC(2745) Concurrent Scan Root Regions
[2024-08-15T15:47:41.971+0000][11957.915s][info][gc,marking  ] GC(2745) Concurrent Scan Root Regions 17.017ms
[2024-08-15T15:47:41.971+0000][11957.915s][info][gc,marking  ] GC(2745) Concurrent Mark
[2024-08-15T15:47:41.971+0000][11957.915s][info][gc,marking  ] GC(2745) Concurrent Mark From Roots
[2024-08-15T15:47:41.971+0000][11957.915s][info][gc,task     ] GC(2745) Using 2 workers of 2 for marking
[2024-08-15T15:47:45.140+0000][11961.085s][info][gc,marking  ] GC(2745) Concurrent Mark From Roots 3169.295ms
[2024-08-15T15:47:45.140+0000][11961.085s][info][gc,marking  ] GC(2745) Concurrent Preclean
[2024-08-15T15:47:45.142+0000][11961.086s][info][gc,marking  ] GC(2745) Concurrent Preclean 1.670ms
[2024-08-15T15:47:45.142+0000][11961.087s][info][gc,start    ] GC(2745) Pause Remark
[2024-08-15T15:47:45.165+0000][11961.110s][info][gc          ] GC(2745) Pause Remark 9406M->9406M(12288M) 23.519ms
[2024-08-15T15:47:45.165+0000][11961.110s][info][gc,cpu      ] GC(2745) User=0.10s Sys=0.00s Real=0.03s
[2024-08-15T15:47:45.166+0000][11961.110s][info][gc,marking  ] GC(2745) Concurrent Mark 3194.855ms
[2024-08-15T15:47:45.166+0000][11961.110s][info][gc,marking  ] GC(2745) Concurrent Rebuild Remembered Sets
[2024-08-15T15:47:45.293+0000][11961.238s][info][gc,start    ] GC(2746) Pause Young (Normal) (G1 Evacuation Pause)
[2024-08-15T15:47:45.293+0000][11961.238s][info][gc,task     ] GC(2746) Using 6 workers of 6 for evacuation
[2024-08-15T15:47:45.338+0000][11961.283s][info][gc,phases   ] GC(2746)   Pre Evacuate Collection Set: 0.2ms
[2024-08-15T15:47:45.338+0000][11961.283s][info][gc,phases   ] GC(2746)   Merge Heap Roots: 0.3ms
[2024-08-15T15:47:45.338+0000][11961.283s][info][gc,phases   ] GC(2746)   Evacuate Collection Set: 36.1ms
[2024-08-15T15:47:45.338+0000][11961.283s][info][gc,phases   ] GC(2746)   Post Evacuate Collection Set: 8.5ms
[2024-08-15T15:47:45.339+0000][11961.283s][info][gc,phases   ] GC(2746)   Other: 0.2ms
[2024-08-15T15:47:45.339+0000][11961.283s][info][gc,heap     ] GC(2746) Eden regions: 728->0(725)
[2024-08-15T15:47:45.339+0000][11961.283s][info][gc,heap     ] GC(2746) Survivor regions: 9->11(93)
[2024-08-15T15:47:45.339+0000][11961.283s][info][gc,heap     ] GC(2746) Old regions: 472->472
[2024-08-15T15:47:45.339+0000][11961.283s][info][gc,heap     ] GC(2746) Archive regions: 2->2
[2024-08-15T15:47:45.339+0000][11961.283s][info][gc,heap     ] GC(2746) Humongous regions: 6->6
[2024-08-15T15:47:45.339+0000][11961.283s][info][gc,metaspace] GC(2746) Metaspace: 442369K(448832K)->442369K(448832K) NonClass: 387478K(391104K)->387478K(391104K) Class: 54891K(57728K)->54891K(57728K)
[2024-08-15T15:47:45.339+0000][11961.283s][info][gc          ] GC(2746) Pause Young (Normal) (G1 Evacuation Pause) 9722M->3914M(12288M) 45.377ms
[2024-08-15T15:47:45.339+0000][11961.283s][info][gc,cpu      ] GC(2746) User=0.27s Sys=0.00s Real=0.05s
[2024-08-15T15:47:47.070+0000][11963.015s][info][gc,marking  ] GC(2745) Concurrent Rebuild Remembered Sets 1904.697ms
[2024-08-15T15:47:47.071+0000][11963.015s][info][gc,start    ] GC(2745) Pause Cleanup
[2024-08-15T15:47:47.071+0000][11963.016s][info][gc          ] GC(2745) Pause Cleanup 8038M->8038M(12288M) 0.467ms
[2024-08-15T15:47:47.071+0000][11963.016s][info][gc,cpu      ] GC(2745) User=0.00s Sys=0.00s Real=0.00s
[2024-08-15T15:47:47.071+0000][11963.016s][info][gc,marking  ] GC(2745) Concurrent Cleanup for Next Mark
[2024-08-15T15:47:47.099+0000][11963.044s][info][gc,marking  ] GC(2745) Concurrent Cleanup for Next Mark 28.206ms
[2024-08-15T15:47:47.099+0000][11963.044s][info][gc          ] GC(2745) Concurrent Mark Cycle 5146.142ms
[2024-08-15T15:47:47.685+0000][11963.629s][info][gc,start    ] GC(2747) Pause Young (Prepare Mixed) (G1 Evacuation Pause)
[2024-08-15T15:47:47.685+0000][11963.629s][info][gc,task     ] GC(2747) Using 6 workers of 6 for evacuation
[2024-08-15T15:47:47.746+0000][11963.690s][info][gc,phases   ] GC(2747)   Pre Evacuate Collection Set: 0.2ms
[2024-08-15T15:47:47.746+0000][11963.690s][info][gc,phases   ] GC(2747)   Merge Heap Roots: 0.3ms
[2024-08-15T15:47:47.746+0000][11963.690s][info][gc,phases   ] GC(2747)   Evacuate Collection Set: 48.5ms
[2024-08-15T15:47:47.746+0000][11963.690s][info][gc,phases   ] GC(2747)   Post Evacuate Collection Set: 11.8ms
[2024-08-15T15:47:47.746+0000][11963.690s][info][gc,phases   ] GC(2747)   Other: 0.2ms
[2024-08-15T15:47:47.746+0000][11963.690s][info][gc,heap     ] GC(2747) Eden regions: 725->0(62)
[2024-08-15T15:47:47.746+0000][11963.690s][info][gc,heap     ] GC(2747) Survivor regions: 11->14(92)
[2024-08-15T15:47:47.746+0000][11963.690s][info][gc,heap     ] GC(2747) Old regions: 472->472
[2024-08-15T15:47:47.746+0000][11963.690s][info][gc,heap     ] GC(2747) Archive regions: 2->2
[2024-08-15T15:47:47.746+0000][11963.690s][info][gc,heap     ] GC(2747) Humongous regions: 6->6
[2024-08-15T15:47:47.746+0000][11963.690s][info][gc,metaspace] GC(2747) Metaspace: 442369K(448832K)->442369K(448832K) NonClass: 387478K(391104K)->387478K(391104K) Class: 54891K(57728K)->54891K(57728K)
[2024-08-15T15:47:47.746+0000][11963.690s][info][gc          ] GC(2747) Pause Young (Prepare Mixed) (G1 Evacuation Pause) 9714M->3939M(12288M) 61.000ms
[2024-08-15T15:47:47.746+0000][11963.690s][info][gc,cpu      ] GC(2747) User=0.36s Sys=0.00s Real=0.06s
[2024-08-15T15:47:47.950+0000][11963.895s][info][gc,start    ] GC(2748) Pause Young (Mixed) (G1 Evacuation Pause)
[2024-08-15T15:47:47.950+0000][11963.895s][info][gc,task     ] GC(2748) Using 6 workers of 6 for evacuation
[2024-08-15T15:47:48.028+0000][11963.973s][info][gc,phases   ] GC(2748)   Pre Evacuate Collection Set: 0.2ms
[2024-08-15T15:47:48.028+0000][11963.973s][info][gc,phases   ] GC(2748)   Merge Heap Roots: 0.4ms
[2024-08-15T15:47:48.028+0000][11963.973s][info][gc,phases   ] GC(2748)   Evacuate Collection Set: 75.1ms
[2024-08-15T15:47:48.028+0000][11963.973s][info][gc,phases   ] GC(2748)   Post Evacuate Collection Set: 2.0ms
[2024-08-15T15:47:48.028+0000][11963.973s][info][gc,phases   ] GC(2748)   Other: 0.2ms
[2024-08-15T15:47:48.028+0000][11963.973s][info][gc,heap     ] GC(2748) Eden regions: 62->0(724)
[2024-08-15T15:47:48.028+0000][11963.973s][info][gc,heap     ] GC(2748) Survivor regions: 14->6(10)
[2024-08-15T15:47:48.028+0000][11963.973s][info][gc,heap     ] GC(2748) Old regions: 472->476
[2024-08-15T15:47:48.028+0000][11963.973s][info][gc,heap     ] GC(2748) Archive regions: 2->2
[2024-08-15T15:47:48.028+0000][11963.973s][info][gc,heap     ] GC(2748) Humongous regions: 6->6
[2024-08-15T15:47:48.028+0000][11963.973s][info][gc,metaspace] GC(2748) Metaspace: 442369K(448832K)->442369K(448832K) NonClass: 387478K(391104K)->387478K(391104K) Class: 54891K(57728K)->54891K(57728K)
[2024-08-15T15:47:48.028+0000][11963.973s][info][gc          ] GC(2748) Pause Young (Mixed) (G1 Evacuation Pause) 4435M->3906M(12288M) 77.960ms
[2024-08-15T15:47:48.028+0000][11963.973s][info][gc,cpu      ] GC(2748) User=0.46s Sys=0.00s Real=0.08s
[2024-08-15T15:47:49.993+0000][11965.938s][info][gc,start    ] GC(2749) Pause Young (Normal) (G1 Evacuation Pause)
[2024-08-15T15:47:49.993+0000][11965.938s][info][gc,task     ] GC(2749) Using 6 workers of 6 for evacuation
[2024-08-15T15:47:50.044+0000][11965.988s][info][gc,phases   ] GC(2749)   Pre Evacuate Collection Set: 0.2ms
[2024-08-15T15:47:50.044+0000][11965.988s][info][gc,phases   ] GC(2749)   Merge Heap Roots: 0.2ms
[2024-08-15T15:47:50.044+0000][11965.988s][info][gc,phases   ] GC(2749)   Evacuate Collection Set: 38.5ms
[2024-08-15T15:47:50.044+0000][11965.988s][info][gc,phases   ] GC(2749)   Post Evacuate Collection Set: 11.4ms
[2024-08-15T15:47:50.044+0000][11965.988s][info][gc,phases   ] GC(2749)   Other: 0.2ms
[2024-08-15T15:47:50.044+0000][11965.988s][info][gc,heap     ] GC(2749) Eden regions: 724->0(719)
[2024-08-15T15:47:50.044+0000][11965.988s][info][gc,heap     ] GC(2749) Survivor regions: 6->10(92)
[2024-08-15T15:47:50.044+0000][11965.988s][info][gc,heap     ] GC(2749) Old regions: 476->476
[2024-08-15T15:47:50.044+0000][11965.988s][info][gc,heap     ] GC(2749) Archive regions: 2->2
[2024-08-15T15:47:50.044+0000][11965.988s][info][gc,heap     ] GC(2749) Humongous regions: 6->6
[2024-08-15T15:47:50.044+0000][11965.988s][info][gc,metaspace] GC(2749) Metaspace: 442369K(448832K)->442369K(448832K) NonClass: 387478K(391104K)->387478K(391104K) Class: 54891K(57728K)->54891K(57728K)
[2024-08-15T15:47:50.044+0000][11965.988s][info][gc          ] GC(2749) Pause Young (Normal) (G1 Evacuation Pause) 9698M->3932M(12288M) 50.529ms
[2024-08-15T15:47:50.044+0000][11965.988s][info][gc,cpu      ] GC(2749) User=0.30s Sys=0.00s Real=0.06s
[2024-08-15T15:47:52.171+0000][11968.116s][info][gc,start    ] GC(2750) Pause Young (Normal) (G1 Evacuation Pause)
[2024-08-15T15:47:52.171+0000][11968.116s][info][gc,task     ] GC(2750) Using 6 workers of 6 for evacuation
[2024-08-15T15:47:52.234+0000][11968.179s][info][gc,phases   ] GC(2750)   Pre Evacuate Collection Set: 0.2ms
[2024-08-15T15:47:52.234+0000][11968.179s][info][gc,phases   ] GC(2750)   Merge Heap Roots: 0.2ms
[2024-08-15T15:47:52.234+0000][11968.179s][info][gc,phases   ] GC(2750)   Evacuate Collection Set: 49.2ms
[2024-08-15T15:47:52.234+0000][11968.179s][info][gc,phases   ] GC(2750)   Post Evacuate Collection Set: 13.5ms
[2024-08-15T15:47:52.234+0000][11968.179s][info][gc,phases   ] GC(2750)   Other: 0.2ms
[2024-08-15T15:47:52.234+0000][11968.179s][info][gc,heap     ] GC(2750) Eden regions: 719->0(717)
[2024-08-15T15:47:52.234+0000][11968.179s][info][gc,heap     ] GC(2750) Survivor regions: 10->12(92)
[2024-08-15T15:47:52.234+0000][11968.179s][info][gc,heap     ] GC(2750) Old regions: 476->476
[2024-08-15T15:47:52.234+0000][11968.179s][info][gc,heap     ] GC(2750) Archive regions: 2->2
[2024-08-15T15:47:52.234+0000][11968.179s][info][gc,heap     ] GC(2750) Humongous regions: 6->6
[2024-08-15T15:47:52.234+0000][11968.179s][info][gc,metaspace] GC(2750) Metaspace: 442369K(448832K)->442369K(448832K) NonClass: 387478K(391104K)->387478K(391104K) Class: 54891K(57728K)->54891K(57728K)
[2024-08-15T15:47:52.234+0000][11968.179s][info][gc          ] GC(2750) Pause Young (Normal) (G1 Evacuation Pause) 9684M->3954M(12288M) 63.358ms
[2024-08-15T15:47:52.234+0000][11968.179s][info][gc,cpu      ] GC(2750) User=0.36s Sys=0.00s Real=0.06s
[2024-08-15T15:47:54.429+0000][11970.374s][info][gc,start    ] GC(2751) Pause Young (Concurrent Start) (G1 Evacuation Pause)
[2024-08-15T15:47:54.429+0000][11970.374s][info][gc,task     ] GC(2751) Using 6 workers of 6 for evacuation
[2024-08-15T15:47:54.500+0000][11970.445s][info][gc,phases   ] GC(2751)   Pre Evacuate Collection Set: 0.5ms
[2024-08-15T15:47:54.500+0000][11970.445s][info][gc,phases   ] GC(2751)   Merge Heap Roots: 0.3ms
[2024-08-15T15:47:54.500+0000][11970.445s][info][gc,phases   ] GC(2751)   Evacuate Collection Set: 56.3ms
[2024-08-15T15:47:54.501+0000][11970.445s][info][gc,phases   ] GC(2751)   Post Evacuate Collection Set: 14.3ms
[2024-08-15T15:47:54.501+0000][11970.445s][info][gc,phases   ] GC(2751)   Other: 0.3ms
[2024-08-15T15:47:54.501+0000][11970.445s][info][gc,heap     ] GC(2751) Eden regions: 717->0(714)
[2024-08-15T15:47:54.501+0000][11970.445s][info][gc,heap     ] GC(2751) Survivor regions: 12->15(92)
[2024-08-15T15:47:54.501+0000][11970.445s][info][gc,heap     ] GC(2751) Old regions: 476->476
[2024-08-15T15:47:54.501+0000][11970.445s][info][gc,heap     ] GC(2751) Archive regions: 2->2
[2024-08-15T15:47:54.501+0000][11970.445s][info][gc,heap     ] GC(2751) Humongous regions: 6->6
[2024-08-15T15:47:54.501+0000][11970.445s][info][gc,metaspace] GC(2751) Metaspace: 442369K(448832K)->442369K(448832K) NonClass: 387478K(391104K)->387478K(391104K) Class: 54891K(57728K)->54891K(57728K)
[2024-08-15T15:47:54.501+0000][11970.445s][info][gc          ] GC(2751) Pause Young (Concurrent Start) (G1 Evacuation Pause) 9690M->3975M(12288M) 71.676ms
[2024-08-15T15:47:54.501+0000][11970.445s][info][gc,cpu      ] GC(2751) User=0.41s Sys=0.00s Real=0.07s
[2024-08-15T15:47:54.501+0000][11970.445s][info][gc          ] GC(2752) Concurrent Mark Cycle
[2024-08-15T15:47:54.501+0000][11970.445s][info][gc,marking  ] GC(2752) Concurrent Clear Claimed Marks
[2024-08-15T15:47:54.501+0000][11970.446s][info][gc,marking  ] GC(2752) Concurrent Clear Claimed Marks 0.394ms
[2024-08-15T15:47:54.501+0000][11970.446s][info][gc,marking  ] GC(2752) Concurrent Scan Root Regions
[2024-08-15T15:47:54.563+0000][11970.508s][info][gc,marking  ] GC(2752) Concurrent Scan Root Regions 62.135ms
[2024-08-15T15:47:54.563+0000][11970.508s][info][gc,marking  ] GC(2752) Concurrent Mark
[2024-08-15T15:47:54.563+0000][11970.508s][info][gc,marking  ] GC(2752) Concurrent Mark From Roots
[2024-08-15T15:47:54.563+0000][11970.508s][info][gc,task     ] GC(2752) Using 2 workers of 2 for marking
[2024-08-15T15:47:57.178+0000][11973.122s][info][gc,start    ] GC(2753) Pause Young (Normal) (G1 Evacuation Pause)
[2024-08-15T15:47:57.178+0000][11973.122s][info][gc,task     ] GC(2753) Using 6 workers of 6 for evacuation
[2024-08-15T15:47:57.263+0000][11973.208s][info][gc,phases   ] GC(2753)   Pre Evacuate Collection Set: 0.2ms
[2024-08-15T15:47:57.263+0000][11973.208s][info][gc,phases   ] GC(2753)   Merge Heap Roots: 0.3ms
[2024-08-15T15:47:57.263+0000][11973.208s][info][gc,phases   ] GC(2753)   Evacuate Collection Set: 69.4ms
[2024-08-15T15:47:57.263+0000][11973.208s][info][gc,phases   ] GC(2753)   Post Evacuate Collection Set: 15.6ms
[2024-08-15T15:47:57.263+0000][11973.208s][info][gc,phases   ] GC(2753)   Other: 0.2ms
[2024-08-15T15:47:57.263+0000][11973.208s][info][gc,heap     ] GC(2753) Eden regions: 714->0(706)
[2024-08-15T15:47:57.263+0000][11973.208s][info][gc,heap     ] GC(2753) Survivor regions: 15->19(92)
[2024-08-15T15:47:57.263+0000][11973.208s][info][gc,heap     ] GC(2753) Old regions: 476->476
[2024-08-15T15:47:57.263+0000][11973.208s][info][gc,heap     ] GC(2753) Archive regions: 2->2
[2024-08-15T15:47:57.263+0000][11973.208s][info][gc,heap     ] GC(2753) Humongous regions: 6->6
[2024-08-15T15:47:57.263+0000][11973.208s][info][gc,metaspace] GC(2753) Metaspace: 442369K(448832K)->442369K(448832K) NonClass: 387478K(391104K)->387478K(391104K) Class: 54891K(57728K)->54891K(57728K)
[2024-08-15T15:47:57.263+0000][11973.208s][info][gc          ] GC(2753) Pause Young (Normal) (G1 Evacuation Pause) 9687M->4010M(12288M) 85.779ms
[2024-08-15T15:47:57.263+0000][11973.208s][info][gc,cpu      ] GC(2753) User=0.49s Sys=0.00s Real=0.09s
[2024-08-15T15:47:57.726+0000][11973.670s][info][gc,marking  ] GC(2752) Concurrent Mark From Roots 3162.411ms
[2024-08-15T15:47:57.726+0000][11973.670s][info][gc,marking  ] GC(2752) Concurrent Preclean
[2024-08-15T15:47:57.728+0000][11973.672s][info][gc,marking  ] GC(2752) Concurrent Preclean 1.988ms
[2024-08-15T15:47:57.728+0000][11973.673s][info][gc,start    ] GC(2752) Pause Remark
[2024-08-15T15:47:57.751+0000][11973.696s][info][gc          ] GC(2752) Pause Remark 4926M->4926M(12288M) 23.362ms
[2024-08-15T15:47:57.751+0000][11973.696s][info][gc,cpu      ] GC(2752) User=0.10s Sys=0.00s Real=0.02s
[2024-08-15T15:47:57.752+0000][11973.696s][info][gc,marking  ] GC(2752) Concurrent Mark 3188.296ms
[2024-08-15T15:47:57.752+0000][11973.696s][info][gc,marking  ] GC(2752) Concurrent Rebuild Remembered Sets
[2024-08-15T15:47:59.613+0000][11975.558s][info][gc,marking  ] GC(2752) Concurrent Rebuild Remembered Sets 1861.548ms
[2024-08-15T15:47:59.613+0000][11975.558s][info][gc,start    ] GC(2752) Pause Cleanup
[2024-08-15T15:47:59.614+0000][11975.558s][info][gc          ] GC(2752) Pause Cleanup 9610M->9610M(12288M) 0.504ms
[2024-08-15T15:47:59.614+0000][11975.558s][info][gc,cpu      ] GC(2752) User=0.00s Sys=0.00s Real=0.00s
[2024-08-15T15:47:59.614+0000][11975.559s][info][gc,marking  ] GC(2752) Concurrent Cleanup for Next Mark
[2024-08-15T15:47:59.631+0000][11975.576s][info][gc,marking  ] GC(2752) Concurrent Cleanup for Next Mark 17.312ms
[2024-08-15T15:47:59.631+0000][11975.576s][info][gc          ] GC(2752) Concurrent Mark Cycle 5130.622ms
[2024-08-15T15:47:59.639+0000][11975.584s][info][gc,start    ] GC(2754) Pause Young (Prepare Mixed) (G1 Evacuation Pause)
[2024-08-15T15:47:59.639+0000][11975.584s][info][gc,task     ] GC(2754) Using 6 workers of 6 for evacuation
[2024-08-15T15:47:59.743+0000][11975.688s][info][gc,phases   ] GC(2754)   Pre Evacuate Collection Set: 0.2ms
[2024-08-15T15:47:59.743+0000][11975.688s][info][gc,phases   ] GC(2754)   Merge Heap Roots: 0.3ms
[2024-08-15T15:47:59.743+0000][11975.688s][info][gc,phases   ] GC(2754)   Evacuate Collection Set: 84.2ms
[2024-08-15T15:47:59.743+0000][11975.688s][info][gc,phases   ] GC(2754)   Post Evacuate Collection Set: 18.7ms
[2024-08-15T15:47:59.743+0000][11975.688s][info][gc,phases   ] GC(2754)   Other: 0.2ms
[2024-08-15T15:47:59.743+0000][11975.688s][info][gc,heap     ] GC(2754) Eden regions: 706->0(52)
[2024-08-15T15:47:59.743+0000][11975.688s][info][gc,heap     ] GC(2754) Survivor regions: 19->24(91)
[2024-08-15T15:47:59.743+0000][11975.688s][info][gc,heap     ] GC(2754) Old regions: 476->476
[2024-08-15T15:47:59.743+0000][11975.688s][info][gc,heap     ] GC(2754) Archive regions: 2->2
[2024-08-15T15:47:59.743+0000][11975.688s][info][gc,heap     ] GC(2754) Humongous regions: 6->6
[2024-08-15T15:47:59.743+0000][11975.688s][info][gc,metaspace] GC(2754) Metaspace: 442369K(448832K)->442369K(448832K) NonClass: 387478K(391104K)->387478K(391104K) Class: 54891K(57728K)->54891K(57728K)
[2024-08-15T15:47:59.743+0000][11975.688s][info][gc          ] GC(2754) Pause Young (Prepare Mixed) (G1 Evacuation Pause) 9658M->4046M(12288M) 103.711ms
[2024-08-15T15:47:59.743+0000][11975.688s][info][gc,cpu      ] GC(2754) User=0.60s Sys=0.00s Real=0.11s
[2024-08-15T15:47:59.928+0000][11975.873s][info][gc,start    ] GC(2755) Pause Young (Mixed) (G1 Evacuation Pause)
[2024-08-15T15:47:59.928+0000][11975.873s][info][gc,task     ] GC(2755) Using 6 workers of 6 for evacuation
[2024-08-15T15:48:00.030+0000][11975.974s][info][gc,phases   ] GC(2755)   Pre Evacuate Collection Set: 0.2ms
[2024-08-15T15:48:00.030+0000][11975.974s][info][gc,phases   ] GC(2755)   Merge Heap Roots: 0.4ms
[2024-08-15T15:48:00.030+0000][11975.974s][info][gc,phases   ] GC(2755)   Evacuate Collection Set: 98.5ms
[2024-08-15T15:48:00.030+0000][11975.974s][info][gc,phases   ] GC(2755)   Post Evacuate Collection Set: 2.3ms
[2024-08-15T15:48:00.030+0000][11975.974s][info][gc,phases   ] GC(2755)   Other: 0.2ms
[2024-08-15T15:48:00.030+0000][11975.974s][info][gc,heap     ] GC(2755) Eden regions: 52->0(708)
[2024-08-15T15:48:00.030+0000][11975.974s][info][gc,heap     ] GC(2755) Survivor regions: 24->3(10)
[2024-08-15T15:48:00.030+0000][11975.974s][info][gc,heap     ] GC(2755) Old regions: 476->492
[2024-08-15T15:48:00.030+0000][11975.974s][info][gc,heap     ] GC(2755) Archive regions: 2->2
[2024-08-15T15:48:00.030+0000][11975.974s][info][gc,heap     ] GC(2755) Humongous regions: 6->6
[2024-08-15T15:48:00.030+0000][11975.974s][info][gc,metaspace] GC(2755) Metaspace: 442369K(448832K)->442369K(448832K) NonClass: 387478K(391104K)->387478K(391104K) Class: 54891K(57728K)->54891K(57728K)
[2024-08-15T15:48:00.030+0000][11975.974s][info][gc          ] GC(2755) Pause Young (Mixed) (G1 Evacuation Pause) 4462M->4007M(12288M) 101.596ms
[2024-08-15T15:48:00.030+0000][11975.975s][info][gc,cpu      ] GC(2755) User=0.60s Sys=0.01s Real=0.10s
[2024-08-15T15:48:02.096+0000][11978.040s][info][gc,start    ] GC(2756) Pause Young (Normal) (G1 Evacuation Pause)
[2024-08-15T15:48:02.096+0000][11978.040s][info][gc,task     ] GC(2756) Using 6 workers of 6 for evacuation
[2024-08-15T15:48:02.150+0000][11978.094s][info][gc,phases   ] GC(2756)   Pre Evacuate Collection Set: 0.2ms
[2024-08-15T15:48:02.150+0000][11978.094s][info][gc,phases   ] GC(2756)   Merge Heap Roots: 0.3ms
[2024-08-15T15:48:02.150+0000][11978.094s][info][gc,phases   ] GC(2756)   Evacuate Collection Set: 39.6ms
[2024-08-15T15:48:02.150+0000][11978.094s][info][gc,phases   ] GC(2756)   Post Evacuate Collection Set: 13.7ms
[2024-08-15T15:48:02.150+0000][11978.094s][info][gc,phases   ] GC(2756)   Other: 0.2ms
[2024-08-15T15:48:02.150+0000][11978.094s][info][gc,heap     ] GC(2756) Eden regions: 708->0(705)
[2024-08-15T15:48:02.150+0000][11978.094s][info][gc,heap     ] GC(2756) Survivor regions: 3->6(89)
[2024-08-15T15:48:02.150+0000][11978.094s][info][gc,heap     ] GC(2756) Old regions: 492->492
[2024-08-15T15:48:02.150+0000][11978.094s][info][gc,heap     ] GC(2756) Archive regions: 2->2
[2024-08-15T15:48:02.150+0000][11978.094s][info][gc,heap     ] GC(2756) Humongous regions: 6->6
[2024-08-15T15:48:02.150+0000][11978.094s][info][gc,metaspace] GC(2756) Metaspace: 442369K(448832K)->442369K(448832K) NonClass: 387478K(391104K)->387478K(391104K) Class: 54891K(57728K)->54891K(57728K)
[2024-08-15T15:48:02.150+0000][11978.094s][info][gc          ] GC(2756) Pause Young (Normal) (G1 Evacuation Pause) 9671M->4030M(12288M) 54.083ms
[2024-08-15T15:48:02.150+0000][11978.094s][info][gc,cpu      ] GC(2756) User=0.31s Sys=0.00s Real=0.05s
[2024-08-15T15:48:03.958+0000][11979.903s][info][gc,start    ] GC(2757) Pause Young (Normal) (G1 Evacuation Pause)
[2024-08-15T15:48:03.958+0000][11979.903s][info][gc,task     ] GC(2757) Using 6 workers of 6 for evacuation
[2024-08-15T15:48:04.038+0000][11979.983s][info][gc,phases   ] GC(2757)   Pre Evacuate Collection Set: 0.2ms
[2024-08-15T15:48:04.038+0000][11979.983s][info][gc,phases   ] GC(2757)   Merge Heap Roots: 0.3ms
[2024-08-15T15:48:04.038+0000][11979.983s][info][gc,phases   ] GC(2757)   Evacuate Collection Set: 61.8ms
[2024-08-15T15:48:04.038+0000][11979.983s][info][gc,phases   ] GC(2757)   Post Evacuate Collection Set: 17.5ms
[2024-08-15T15:48:04.038+0000][11979.983s][info][gc,phases   ] GC(2757)   Other: 0.2ms
[2024-08-15T15:48:04.038+0000][11979.983s][info][gc,heap     ] GC(2757) Eden regions: 705->0(701)
[2024-08-15T15:48:04.038+0000][11979.983s][info][gc,heap     ] GC(2757) Survivor regions: 6->10(89)
[2024-08-15T15:48:04.038+0000][11979.983s][info][gc,heap     ] GC(2757) Old regions: 492->492
[2024-08-15T15:48:04.038+0000][11979.983s][info][gc,heap     ] GC(2757) Archive regions: 2->2
[2024-08-15T15:48:04.038+0000][11979.983s][info][gc,heap     ] GC(2757) Humongous regions: 6->6
[2024-08-15T15:48:04.038+0000][11979.983s][info][gc,metaspace] GC(2757) Metaspace: 442369K(448832K)->442369K(448832K) NonClass: 387478K(391104K)->387478K(391104K) Class: 54891K(57728K)->54891K(57728K)
[2024-08-15T15:48:04.038+0000][11979.983s][info][gc          ] GC(2757) Pause Young (Normal) (G1 Evacuation Pause) 9670M->4060M(12288M) 80.082ms
[2024-08-15T15:48:04.038+0000][11979.983s][info][gc,cpu      ] GC(2757) User=0.46s Sys=0.00s Real=0.08s
[2024-08-15T15:48:06.105+0000][11982.050s][info][gc,start    ] GC(2758) Pause Young (Concurrent Start) (G1 Evacuation Pause)
[2024-08-15T15:48:06.105+0000][11982.050s][info][gc,task     ] GC(2758) Using 6 workers of 6 for evacuation
[2024-08-15T15:48:06.185+0000][11982.129s][info][gc,phases   ] GC(2758)   Pre Evacuate Collection Set: 0.6ms
[2024-08-15T15:48:06.185+0000][11982.129s][info][gc,phases   ] GC(2758)   Merge Heap Roots: 0.3ms
[2024-08-15T15:48:06.185+0000][11982.129s][info][gc,phases   ] GC(2758)   Evacuate Collection Set: 64.2ms
[2024-08-15T15:48:06.185+0000][11982.130s][info][gc,phases   ] GC(2758)   Post Evacuate Collection Set: 14.1ms
[2024-08-15T15:48:06.185+0000][11982.130s][info][gc,phases   ] GC(2758)   Other: 0.3ms
[2024-08-15T15:48:06.185+0000][11982.130s][info][gc,heap     ] GC(2758) Eden regions: 701->0(698)
[2024-08-15T15:48:06.185+0000][11982.130s][info][gc,heap     ] GC(2758) Survivor regions: 10->14(89)
[2024-08-15T15:48:06.185+0000][11982.130s][info][gc,heap     ] GC(2758) Old regions: 492->492
[2024-08-15T15:48:06.185+0000][11982.130s][info][gc,heap     ] GC(2758) Archive regions: 2->2
[2024-08-15T15:48:06.185+0000][11982.130s][info][gc,heap     ] GC(2758) Humongous regions: 6->6
[2024-08-15T15:48:06.185+0000][11982.130s][info][gc,metaspace] GC(2758) Metaspace: 442369K(448832K)->442369K(448832K) NonClass: 387478K(391104K)->387478K(391104K) Class: 54891K(57728K)->54891K(57728K)
[2024-08-15T15:48:06.185+0000][11982.130s][info][gc          ] GC(2758) Pause Young (Concurrent Start) (G1 Evacuation Pause) 9668M->4091M(12288M) 79.544ms
[2024-08-15T15:48:06.185+0000][11982.130s][info][gc,cpu      ] GC(2758) User=0.46s Sys=0.00s Real=0.08s
[2024-08-15T15:48:06.185+0000][11982.130s][info][gc          ] GC(2759) Concurrent Mark Cycle
[2024-08-15T15:48:06.185+0000][11982.130s][info][gc,marking  ] GC(2759) Concurrent Clear Claimed Marks
[2024-08-15T15:48:06.185+0000][11982.130s][info][gc,marking  ] GC(2759) Concurrent Clear Claimed Marks 0.407ms
[2024-08-15T15:48:06.185+0000][11982.130s][info][gc,marking  ] GC(2759) Concurrent Scan Root Regions
[2024-08-15T15:48:06.231+0000][11982.176s][info][gc,marking  ] GC(2759) Concurrent Scan Root Regions 45.799ms
[2024-08-15T15:48:06.231+0000][11982.176s][info][gc,marking  ] GC(2759) Concurrent Mark
[2024-08-15T15:48:06.231+0000][11982.176s][info][gc,marking  ] GC(2759) Concurrent Mark From Roots
[2024-08-15T15:48:06.231+0000][11982.176s][info][gc,task     ] GC(2759) Using 2 workers of 2 for marking
[2024-08-15T15:48:08.676+0000][11984.620s][info][gc,start    ] GC(2760) Pause Young (Normal) (G1 Evacuation Pause)
[2024-08-15T15:48:08.676+0000][11984.620s][info][gc,task     ] GC(2760) Using 6 workers of 6 for evacuation
[2024-08-15T15:48:08.775+0000][11984.720s][info][gc,phases   ] GC(2760)   Pre Evacuate Collection Set: 0.2ms
[2024-08-15T15:48:08.775+0000][11984.720s][info][gc,phases   ] GC(2760)   Merge Heap Roots: 0.6ms
[2024-08-15T15:48:08.775+0000][11984.720s][info][gc,phases   ] GC(2760)   Evacuate Collection Set: 82.5ms
[2024-08-15T15:48:08.775+0000][11984.720s][info][gc,phases   ] GC(2760)   Post Evacuate Collection Set: 16.3ms
[2024-08-15T15:48:08.775+0000][11984.720s][info][gc,phases   ] GC(2760)   Other: 0.2ms
[2024-08-15T15:48:08.775+0000][11984.720s][info][gc,heap     ] GC(2760) Eden regions: 698->0(694)
[2024-08-15T15:48:08.775+0000][11984.720s][info][gc,heap     ] GC(2760) Survivor regions: 14->17(89)
[2024-08-15T15:48:08.775+0000][11984.720s][info][gc,heap     ] GC(2760) Old regions: 492->492
[2024-08-15T15:48:08.775+0000][11984.720s][info][gc,heap     ] GC(2760) Archive regions: 2->2
[2024-08-15T15:48:08.775+0000][11984.720s][info][gc,heap     ] GC(2760) Humongous regions: 6->6
[2024-08-15T15:48:08.775+0000][11984.720s][info][gc,metaspace] GC(2760) Metaspace: 442369K(448832K)->442369K(448832K) NonClass: 387478K(391104K)->387478K(391104K) Class: 54891K(57728K)->54891K(57728K)
[2024-08-15T15:48:08.775+0000][11984.720s][info][gc          ] GC(2760) Pause Young (Normal) (G1 Evacuation Pause) 9675M->4114M(12288M) 99.913ms
[2024-08-15T15:48:08.775+0000][11984.720s][info][gc,cpu      ] GC(2760) User=0.58s Sys=0.00s Real=0.10s
[2024-08-15T15:48:09.538+0000][11985.482s][info][gc,marking  ] GC(2759) Concurrent Mark From Roots 3306.338ms
[2024-08-15T15:48:09.538+0000][11985.482s][info][gc,marking  ] GC(2759) Concurrent Preclean
[2024-08-15T15:48:09.540+0000][11985.484s][info][gc,marking  ] GC(2759) Concurrent Preclean 2.039ms
[2024-08-15T15:48:09.540+0000][11985.485s][info][gc,start    ] GC(2759) Pause Remark
[2024-08-15T15:48:09.583+0000][11985.528s][info][gc          ] GC(2759) Pause Remark 5646M->5646M(12288M) 43.062ms
[2024-08-15T15:48:09.583+0000][11985.528s][info][gc,cpu      ] GC(2759) User=0.21s Sys=0.00s Real=0.05s
[2024-08-15T15:48:09.583+0000][11985.528s][info][gc,marking  ] GC(2759) Concurrent Mark 3351.913ms
[2024-08-15T15:48:09.583+0000][11985.528s][info][gc,marking  ] GC(2759) Concurrent Rebuild Remembered Sets
[2024-08-15T15:48:11.427+0000][11987.372s][info][gc,start    ] GC(2761) Pause Young (Normal) (G1 Evacuation Pause)
[2024-08-15T15:48:11.427+0000][11987.372s][info][gc,task     ] GC(2761) Using 6 workers of 6 for evacuation
[2024-08-15T15:48:11.525+0000][11987.469s][info][gc,phases   ] GC(2761)   Pre Evacuate Collection Set: 0.2ms
[2024-08-15T15:48:11.525+0000][11987.469s][info][gc,phases   ] GC(2761)   Merge Heap Roots: 0.7ms
[2024-08-15T15:48:11.525+0000][11987.469s][info][gc,phases   ] GC(2761)   Evacuate Collection Set: 81.4ms
[2024-08-15T15:48:11.525+0000][11987.469s][info][gc,phases   ] GC(2761)   Post Evacuate Collection Set: 15.3ms
[2024-08-15T15:48:11.525+0000][11987.469s][info][gc,phases   ] GC(2761)   Other: 0.2ms
[2024-08-15T15:48:11.525+0000][11987.469s][info][gc,heap     ] GC(2761) Eden regions: 694->0(688)
[2024-08-15T15:48:11.525+0000][11987.469s][info][gc,heap     ] GC(2761) Survivor regions: 17->20(89)
[2024-08-15T15:48:11.525+0000][11987.469s][info][gc,heap     ] GC(2761) Old regions: 492->492
[2024-08-15T15:48:11.525+0000][11987.469s][info][gc,heap     ] GC(2761) Archive regions: 2->2
[2024-08-15T15:48:11.525+0000][11987.469s][info][gc,heap     ] GC(2761) Humongous regions: 6->6
[2024-08-15T15:48:11.525+0000][11987.469s][info][gc,metaspace] GC(2761) Metaspace: 442349K(448832K)->442349K(448832K) NonClass: 387461K(391104K)->387461K(391104K) Class: 54887K(57728K)->54887K(57728K)
[2024-08-15T15:48:11.525+0000][11987.469s][info][gc          ] GC(2761) Pause Young (Normal) (G1 Evacuation Pause) 9666M->4143M(12288M) 97.858ms
[2024-08-15T15:48:11.525+0000][11987.470s][info][gc,cpu      ] GC(2761) User=0.58s Sys=0.00s Real=0.10s
[2024-08-15T15:48:11.602+0000][11987.546s][info][gc,marking  ] GC(2759) Concurrent Rebuild Remembered Sets 2018.553ms
[2024-08-15T15:48:11.602+0000][11987.547s][info][gc,start    ] GC(2759) Pause Cleanup
[2024-08-15T15:48:11.603+0000][11987.547s][info][gc          ] GC(2759) Pause Cleanup 4291M->4291M(12288M) 0.590ms
[2024-08-15T15:48:11.603+0000][11987.547s][info][gc,cpu      ] GC(2759) User=0.00s Sys=0.00s Real=0.00s
[2024-08-15T15:48:11.603+0000][11987.547s][info][gc,marking  ] GC(2759) Concurrent Cleanup for Next Mark
[2024-08-15T15:48:11.620+0000][11987.565s][info][gc,marking  ] GC(2759) Concurrent Cleanup for Next Mark 17.252ms
[2024-08-15T15:48:11.620+0000][11987.565s][info][gc          ] GC(2759) Concurrent Mark Cycle 5434.940ms
[2024-08-15T15:48:13.545+0000][11989.489s][info][gc,start    ] GC(2762) Pause Young (Prepare Mixed) (G1 Evacuation Pause)
[2024-08-15T15:48:13.545+0000][11989.489s][info][gc,task     ] GC(2762) Using 6 workers of 6 for evacuation
[2024-08-15T15:48:13.625+0000][11989.570s][info][gc,phases   ] GC(2762)   Pre Evacuate Collection Set: 0.1ms
[2024-08-15T15:48:13.625+0000][11989.570s][info][gc,phases   ] GC(2762)   Merge Heap Roots: 0.4ms
[2024-08-15T15:48:13.625+0000][11989.570s][info][gc,phases   ] GC(2762)   Evacuate Collection Set: 71.9ms
[2024-08-15T15:48:13.625+0000][11989.570s][info][gc,phases   ] GC(2762)   Post Evacuate Collection Set: 7.9ms
[2024-08-15T15:48:13.625+0000][11989.570s][info][gc,phases   ] GC(2762)   Other: 0.2ms
[2024-08-15T15:48:13.625+0000][11989.570s][info][gc,heap     ] GC(2762) Eden regions: 688->0(54)
[2024-08-15T15:48:13.625+0000][11989.570s][info][gc,heap     ] GC(2762) Survivor regions: 20->22(89)
[2024-08-15T15:48:13.625+0000][11989.570s][info][gc,heap     ] GC(2762) Old regions: 492->492
[2024-08-15T15:48:13.625+0000][11989.570s][info][gc,heap     ] GC(2762) Archive regions: 2->2
[2024-08-15T15:48:13.625+0000][11989.570s][info][gc,heap     ] GC(2762) Humongous regions: 6->6
[2024-08-15T15:48:13.625+0000][11989.570s][info][gc,metaspace] GC(2762) Metaspace: 442349K(448832K)->442349K(448832K) NonClass: 387461K(391104K)->387461K(391104K) Class: 54887K(57728K)->54887K(57728K)
[2024-08-15T15:48:13.625+0000][11989.570s][info][gc          ] GC(2762) Pause Young (Prepare Mixed) (G1 Evacuation Pause) 9647M->4155M(12288M) 80.668ms
[2024-08-15T15:48:13.625+0000][11989.570s][info][gc,cpu      ] GC(2762) User=0.48s Sys=0.00s Real=0.08s
[2024-08-15T15:48:13.808+0000][11989.752s][info][gc,start    ] GC(2763) Pause Young (Mixed) (G1 Evacuation Pause)
[2024-08-15T15:48:13.808+0000][11989.752s][info][gc,task     ] GC(2763) Using 6 workers of 6 for evacuation
[2024-08-15T15:48:13.907+0000][11989.852s][info][gc,phases   ] GC(2763)   Pre Evacuate Collection Set: 0.2ms
[2024-08-15T15:48:13.908+0000][11989.852s][info][gc,phases   ] GC(2763)   Merge Heap Roots: 0.4ms
[2024-08-15T15:48:13.908+0000][11989.852s][info][gc,phases   ] GC(2763)   Evacuate Collection Set: 97.0ms
[2024-08-15T15:48:13.908+0000][11989.852s][info][gc,phases   ] GC(2763)   Post Evacuate Collection Set: 2.2ms
[2024-08-15T15:48:13.908+0000][11989.852s][info][gc,phases   ] GC(2763)   Other: 0.2ms
[2024-08-15T15:48:13.908+0000][11989.852s][info][gc,heap     ] GC(2763) Eden regions: 54->0(700)
[2024-08-15T15:48:13.908+0000][11989.852s][info][gc,heap     ] GC(2763) Survivor regions: 22->5(10)
[2024-08-15T15:48:13.908+0000][11989.852s][info][gc,heap     ] GC(2763) Old regions: 492->500
[2024-08-15T15:48:13.908+0000][11989.852s][info][gc,heap     ] GC(2763) Archive regions: 2->2
[2024-08-15T15:48:13.908+0000][11989.852s][info][gc,heap     ] GC(2763) Humongous regions: 6->6
[2024-08-15T15:48:13.908+0000][11989.852s][info][gc,metaspace] GC(2763) Metaspace: 442349K(448832K)->442349K(448832K) NonClass: 387461K(391104K)->387461K(391104K) Class: 54887K(57728K)->54887K(57728K)
[2024-08-15T15:48:13.908+0000][11989.852s][info][gc          ] GC(2763) Pause Young (Mixed) (G1 Evacuation Pause) 4587M->4086M(12288M) 99.929ms
[2024-08-15T15:48:13.908+0000][11989.852s][info][gc,cpu      ] GC(2763) User=0.58s Sys=0.01s Real=0.10s
[2024-08-15T15:48:16.068+0000][11992.013s][info][gc,start    ] GC(2764) Pause Young (Normal) (G1 Evacuation Pause)
[2024-08-15T15:48:16.068+0000][11992.013s][info][gc,task     ] GC(2764) Using 6 workers of 6 for evacuation
[2024-08-15T15:48:16.126+0000][11992.070s][info][gc,phases   ] GC(2764)   Pre Evacuate Collection Set: 0.2ms
[2024-08-15T15:48:16.126+0000][11992.070s][info][gc,phases   ] GC(2764)   Merge Heap Roots: 0.3ms
[2024-08-15T15:48:16.126+0000][11992.070s][info][gc,phases   ] GC(2764)   Evacuate Collection Set: 44.3ms
[2024-08-15T15:48:16.126+0000][11992.070s][info][gc,phases   ] GC(2764)   Post Evacuate Collection Set: 13.0ms
[2024-08-15T15:48:16.126+0000][11992.070s][info][gc,phases   ] GC(2764)   Other: 0.2ms
[2024-08-15T15:48:16.126+0000][11992.070s][info][gc,heap     ] GC(2764) Eden regions: 700->0(697)
[2024-08-15T15:48:16.126+0000][11992.070s][info][gc,heap     ] GC(2764) Survivor regions: 5->8(89)
[2024-08-15T15:48:16.126+0000][11992.071s][info][gc,heap     ] GC(2764) Old regions: 500->500
[2024-08-15T15:48:16.126+0000][11992.071s][info][gc,heap     ] GC(2764) Archive regions: 2->2
[2024-08-15T15:48:16.126+0000][11992.071s][info][gc,heap     ] GC(2764) Humongous regions: 6->6
[2024-08-15T15:48:16.126+0000][11992.071s][info][gc,metaspace] GC(2764) Metaspace: 442349K(448832K)->442349K(448832K) NonClass: 387461K(391104K)->387461K(391104K) Class: 54887K(57728K)->54887K(57728K)
[2024-08-15T15:48:16.126+0000][11992.071s][info][gc          ] GC(2764) Pause Young (Normal) (G1 Evacuation Pause) 9686M->4108M(12288M) 57.996ms
[2024-08-15T15:48:16.126+0000][11992.071s][info][gc,cpu      ] GC(2764) User=0.33s Sys=0.00s Real=0.06s
[2024-08-15T15:48:18.969+0000][11994.914s][info][gc,start    ] GC(2765) Pause Young (Normal) (G1 Evacuation Pause)
[2024-08-15T15:48:18.969+0000][11994.914s][info][gc,task     ] GC(2765) Using 6 workers of 6 for evacuation
[2024-08-15T15:48:18.997+0000][11994.941s][info][gc,phases   ] GC(2765)   Pre Evacuate Collection Set: 0.2ms
[2024-08-15T15:48:18.997+0000][11994.942s][info][gc,phases   ] GC(2765)   Merge Heap Roots: 0.2ms
[2024-08-15T15:48:18.997+0000][11994.942s][info][gc,phases   ] GC(2765)   Evacuate Collection Set: 23.8ms
[2024-08-15T15:48:18.997+0000][11994.942s][info][gc,phases   ] GC(2765)   Post Evacuate Collection Set: 3.5ms
[2024-08-15T15:48:18.997+0000][11994.942s][info][gc,phases   ] GC(2765)   Other: 0.2ms
[2024-08-15T15:48:18.997+0000][11994.942s][info][gc,heap     ] GC(2765) Eden regions: 697->0(698)
[2024-08-15T15:48:18.997+0000][11994.942s][info][gc,heap     ] GC(2765) Survivor regions: 8->8(89)
[2024-08-15T15:48:18.997+0000][11994.942s][info][gc,heap     ] GC(2765) Old regions: 500->500
[2024-08-15T15:48:18.997+0000][11994.942s][info][gc,heap     ] GC(2765) Archive regions: 2->2
[2024-08-15T15:48:18.997+0000][11994.942s][info][gc,heap     ] GC(2765) Humongous regions: 6->6
[2024-08-15T15:48:18.997+0000][11994.942s][info][gc,metaspace] GC(2765) Metaspace: 442349K(448832K)->442349K(448832K) NonClass: 387461K(391104K)->387461K(391104K) Class: 54887K(57728K)->54887K(57728K)
[2024-08-15T15:48:18.997+0000][11994.942s][info][gc          ] GC(2765) Pause Young (Normal) (G1 Evacuation Pause) 9684M->4110M(12288M) 27.893ms
[2024-08-15T15:48:18.997+0000][11994.942s][info][gc,cpu      ] GC(2765) User=0.16s Sys=0.00s Real=0.03s
[2024-08-15T15:48:23.597+0000][11999.542s][info][gc,start    ] GC(2766) Pause Young (Concurrent Start) (G1 Evacuation Pause)
[2024-08-15T15:48:23.597+0000][11999.542s][info][gc,task     ] GC(2766) Using 6 workers of 6 for evacuation
[2024-08-15T15:48:23.625+0000][11999.569s][info][gc,phases   ] GC(2766)   Pre Evacuate Collection Set: 0.5ms
[2024-08-15T15:48:23.625+0000][11999.569s][info][gc,phases   ] GC(2766)   Merge Heap Roots: 0.2ms
[2024-08-15T15:48:23.625+0000][11999.569s][info][gc,phases   ] GC(2766)   Evacuate Collection Set: 24.5ms
[2024-08-15T15:48:23.625+0000][11999.569s][info][gc,phases   ] GC(2766)   Post Evacuate Collection Set: 1.7ms
[2024-08-15T15:48:23.625+0000][11999.569s][info][gc,phases   ] GC(2766)   Other: 0.3ms
[2024-08-15T15:48:23.625+0000][11999.569s][info][gc,heap     ] GC(2766) Eden regions: 698->0(698)
[2024-08-15T15:48:23.625+0000][11999.569s][info][gc,heap     ] GC(2766) Survivor regions: 8->9(89)
[2024-08-15T15:48:23.625+0000][11999.569s][info][gc,heap     ] GC(2766) Old regions: 500->500
[2024-08-15T15:48:23.625+0000][11999.569s][info][gc,heap     ] GC(2766) Archive regions: 2->2
[2024-08-15T15:48:23.625+0000][11999.569s][info][gc,heap     ] GC(2766) Humongous regions: 6->6
[2024-08-15T15:48:23.625+0000][11999.569s][info][gc,metaspace] GC(2766) Metaspace: 442349K(448832K)->442349K(448832K) NonClass: 387461K(391104K)->387461K(391104K) Class: 54887K(57728K)->54887K(57728K)
[2024-08-15T15:48:23.625+0000][11999.569s][info][gc          ] GC(2766) Pause Young (Concurrent Start) (G1 Evacuation Pause) 9694M->4115M(12288M) 27.295ms
[2024-08-15T15:48:23.625+0000][11999.569s][info][gc,cpu      ] GC(2766) User=0.16s Sys=0.00s Real=0.03s
[2024-08-15T15:48:23.625+0000][11999.569s][info][gc          ] GC(2767) Concurrent Mark Cycle
[2024-08-15T15:48:23.625+0000][11999.569s][info][gc,marking  ] GC(2767) Concurrent Clear Claimed Marks
[2024-08-15T15:48:23.625+0000][11999.570s][info][gc,marking  ] GC(2767) Concurrent Clear Claimed Marks 0.413ms
[2024-08-15T15:48:23.625+0000][11999.570s][info][gc,marking  ] GC(2767) Concurrent Scan Root Regions
[2024-08-15T15:48:23.648+0000][11999.592s][info][gc,marking  ] GC(2767) Concurrent Scan Root Regions 22.331ms
[2024-08-15T15:48:23.648+0000][11999.592s][info][gc,marking  ] GC(2767) Concurrent Mark
[2024-08-15T15:48:23.648+0000][11999.592s][info][gc,marking  ] GC(2767) Concurrent Mark From Roots
[2024-08-15T15:48:23.648+0000][11999.592s][info][gc,task     ] GC(2767) Using 2 workers of 2 for marking
[2024-08-15T15:48:26.858+0000][12002.803s][info][gc,marking  ] GC(2767) Concurrent Mark From Roots 3210.648ms
[2024-08-15T15:48:26.858+0000][12002.803s][info][gc,marking  ] GC(2767) Concurrent Preclean
[2024-08-15T15:48:26.860+0000][12002.805s][info][gc,marking  ] GC(2767) Concurrent Preclean 1.785ms
[2024-08-15T15:48:26.860+0000][12002.805s][info][gc,start    ] GC(2767) Pause Remark
[2024-08-15T15:48:26.884+0000][12002.828s][info][gc          ] GC(2767) Pause Remark 7459M->7459M(12288M) 23.539ms
[2024-08-15T15:48:26.884+0000][12002.828s][info][gc,cpu      ] GC(2767) User=0.10s Sys=0.00s Real=0.03s
[2024-08-15T15:48:26.884+0000][12002.829s][info][gc,marking  ] GC(2767) Concurrent Mark 3236.334ms
[2024-08-15T15:48:26.884+0000][12002.829s][info][gc,marking  ] GC(2767) Concurrent Rebuild Remembered Sets
[2024-08-15T15:48:28.821+0000][12004.765s][info][gc,start    ] GC(2768) Pause Young (Normal) (G1 Evacuation Pause)
[2024-08-15T15:48:28.821+0000][12004.765s][info][gc,task     ] GC(2768) Using 6 workers of 6 for evacuation
[2024-08-15T15:48:28.848+0000][12004.793s][info][gc,phases   ] GC(2768)   Pre Evacuate Collection Set: 0.2ms
[2024-08-15T15:48:28.848+0000][12004.793s][info][gc,phases   ] GC(2768)   Merge Heap Roots: 0.4ms
[2024-08-15T15:48:28.848+0000][12004.793s][info][gc,phases   ] GC(2768)   Evacuate Collection Set: 25.1ms
[2024-08-15T15:48:28.848+0000][12004.793s][info][gc,phases   ] GC(2768)   Post Evacuate Collection Set: 1.7ms
[2024-08-15T15:48:28.848+0000][12004.793s][info][gc,phases   ] GC(2768)   Other: 0.3ms
[2024-08-15T15:48:28.848+0000][12004.793s][info][gc,heap     ] GC(2768) Eden regions: 698->0(697)
[2024-08-15T15:48:28.848+0000][12004.793s][info][gc,heap     ] GC(2768) Survivor regions: 9->11(89)
[2024-08-15T15:48:28.848+0000][12004.793s][info][gc,heap     ] GC(2768) Old regions: 500->500
[2024-08-15T15:48:28.848+0000][12004.793s][info][gc,heap     ] GC(2768) Archive regions: 2->2
[2024-08-15T15:48:28.848+0000][12004.793s][info][gc,heap     ] GC(2768) Humongous regions: 6->6
[2024-08-15T15:48:28.848+0000][12004.793s][info][gc,metaspace] GC(2768) Metaspace: 442349K(448832K)->442349K(448832K) NonClass: 387461K(391104K)->387461K(391104K) Class: 54887K(57728K)->54887K(57728K)
[2024-08-15T15:48:28.848+0000][12004.793s][info][gc          ] GC(2768) Pause Young (Normal) (G1 Evacuation Pause) 9699M->4128M(12288M) 27.585ms
[2024-08-15T15:48:28.848+0000][12004.793s][info][gc,cpu      ] GC(2768) User=0.17s Sys=0.00s Real=0.03s
[2024-08-15T15:48:28.941+0000][12004.886s][info][gc,marking  ] GC(2767) Concurrent Rebuild Remembered Sets 2056.953ms
[2024-08-15T15:48:28.941+0000][12004.886s][info][gc,start    ] GC(2767) Pause Cleanup
[2024-08-15T15:48:28.942+0000][12004.886s][info][gc          ] GC(2767) Pause Cleanup 4248M->4248M(12288M) 0.596ms
[2024-08-15T15:48:28.942+0000][12004.886s][info][gc,cpu      ] GC(2767) User=0.01s Sys=0.00s Real=0.00s
[2024-08-15T15:48:28.942+0000][12004.886s][info][gc,marking  ] GC(2767) Concurrent Cleanup for Next Mark
[2024-08-15T15:48:28.959+0000][12004.904s][info][gc,marking  ] GC(2767) Concurrent Cleanup for Next Mark 17.238ms
[2024-08-15T15:48:28.959+0000][12004.904s][info][gc          ] GC(2767) Concurrent Mark Cycle 5334.336ms
[2024-08-15T15:48:33.441+0000][12009.385s][info][gc,start    ] GC(2769) Pause Young (Prepare Mixed) (G1 Evacuation Pause)
[2024-08-15T15:48:33.441+0000][12009.385s][info][gc,task     ] GC(2769) Using 6 workers of 6 for evacuation
[2024-08-15T15:48:33.471+0000][12009.416s][info][gc,phases   ] GC(2769)   Pre Evacuate Collection Set: 0.2ms
[2024-08-15T15:48:33.471+0000][12009.416s][info][gc,phases   ] GC(2769)   Merge Heap Roots: 0.3ms
[2024-08-15T15:48:33.471+0000][12009.416s][info][gc,phases   ] GC(2769)   Evacuate Collection Set: 28.1ms
[2024-08-15T15:48:33.471+0000][12009.416s][info][gc,phases   ] GC(2769)   Post Evacuate Collection Set: 1.7ms
[2024-08-15T15:48:33.471+0000][12009.416s][info][gc,phases   ] GC(2769)   Other: 0.2ms
[2024-08-15T15:48:33.471+0000][12009.416s][info][gc,heap     ] GC(2769) Eden regions: 697->0(63)
[2024-08-15T15:48:33.471+0000][12009.416s][info][gc,heap     ] GC(2769) Survivor regions: 11->13(89)
[2024-08-15T15:48:33.471+0000][12009.416s][info][gc,heap     ] GC(2769) Old regions: 500->500
[2024-08-15T15:48:33.471+0000][12009.416s][info][gc,heap     ] GC(2769) Archive regions: 2->2
[2024-08-15T15:48:33.471+0000][12009.416s][info][gc,heap     ] GC(2769) Humongous regions: 6->6
[2024-08-15T15:48:33.471+0000][12009.416s][info][gc,metaspace] GC(2769) Metaspace: 442349K(448832K)->442349K(448832K) NonClass: 387461K(391104K)->387461K(391104K) Class: 54887K(57728K)->54887K(57728K)
[2024-08-15T15:48:33.471+0000][12009.416s][info][gc          ] GC(2769) Pause Young (Prepare Mixed) (G1 Evacuation Pause) 9704M->4144M(12288M) 30.550ms
[2024-08-15T15:48:33.471+0000][12009.416s][info][gc,cpu      ] GC(2769) User=0.17s Sys=0.01s Real=0.03s
[2024-08-15T15:48:33.887+0000][12009.832s][info][gc,start    ] GC(2770) Pause Young (Mixed) (G1 Evacuation Pause)
[2024-08-15T15:48:33.887+0000][12009.832s][info][gc,task     ] GC(2770) Using 6 workers of 6 for evacuation
[2024-08-15T15:48:33.950+0000][12009.895s][info][gc,phases   ] GC(2770)   Pre Evacuate Collection Set: 0.2ms
[2024-08-15T15:48:33.950+0000][12009.895s][info][gc,phases   ] GC(2770)   Merge Heap Roots: 0.3ms
[2024-08-15T15:48:33.950+0000][12009.895s][info][gc,phases   ] GC(2770)   Evacuate Collection Set: 60.9ms
[2024-08-15T15:48:33.950+0000][12009.895s][info][gc,phases   ] GC(2770)   Post Evacuate Collection Set: 1.3ms
[2024-08-15T15:48:33.950+0000][12009.895s][info][gc,phases   ] GC(2770)   Other: 0.2ms
[2024-08-15T15:48:33.950+0000][12009.895s][info][gc,heap     ] GC(2770) Eden regions: 63->0(704)
[2024-08-15T15:48:33.950+0000][12009.895s][info][gc,heap     ] GC(2770) Survivor regions: 13->6(10)
[2024-08-15T15:48:33.950+0000][12009.895s][info][gc,heap     ] GC(2770) Old regions: 500->497
[2024-08-15T15:48:33.950+0000][12009.895s][info][gc,heap     ] GC(2770) Archive regions: 2->2
[2024-08-15T15:48:33.950+0000][12009.895s][info][gc,heap     ] GC(2770) Humongous regions: 6->6
[2024-08-15T15:48:33.950+0000][12009.895s][info][gc,metaspace] GC(2770) Metaspace: 442349K(448832K)->442349K(448832K) NonClass: 387461K(391104K)->387461K(391104K) Class: 54887K(57728K)->54887K(57728K)
[2024-08-15T15:48:33.950+0000][12009.895s][info][gc          ] GC(2770) Pause Young (Mixed) (G1 Evacuation Pause) 4648M->4074M(12288M) 62.952ms
[2024-08-15T15:48:33.950+0000][12009.895s][info][gc,cpu      ] GC(2770) User=0.37s Sys=0.01s Real=0.06s
[2024-08-15T15:48:38.590+0000][12014.535s][info][gc,start    ] GC(2771) Pause Young (Normal) (G1 Evacuation Pause)
[2024-08-15T15:48:38.590+0000][12014.535s][info][gc,task     ] GC(2771) Using 6 workers of 6 for evacuation
[2024-08-15T15:48:38.604+0000][12014.549s][info][gc,phases   ] GC(2771)   Pre Evacuate Collection Set: 0.2ms
[2024-08-15T15:48:38.604+0000][12014.549s][info][gc,phases   ] GC(2771)   Merge Heap Roots: 0.2ms
[2024-08-15T15:48:38.604+0000][12014.549s][info][gc,phases   ] GC(2771)   Evacuate Collection Set: 11.7ms
[2024-08-15T15:48:38.604+0000][12014.549s][info][gc,phases   ] GC(2771)   Post Evacuate Collection Set: 1.7ms
[2024-08-15T15:48:38.604+0000][12014.549s][info][gc,phases   ] GC(2771)   Other: 0.2ms
[2024-08-15T15:48:38.604+0000][12014.549s][info][gc,heap     ] GC(2771) Eden regions: 704->0(704)
[2024-08-15T15:48:38.604+0000][12014.549s][info][gc,heap     ] GC(2771) Survivor regions: 6->7(89)
[2024-08-15T15:48:38.604+0000][12014.549s][info][gc,heap     ] GC(2771) Old regions: 497->497
[2024-08-15T15:48:38.604+0000][12014.549s][info][gc,heap     ] GC(2771) Archive regions: 2->2
[2024-08-15T15:48:38.604+0000][12014.549s][info][gc,heap     ] GC(2771) Humongous regions: 6->6
[2024-08-15T15:48:38.604+0000][12014.549s][info][gc,metaspace] GC(2771) Metaspace: 442349K(448832K)->442349K(448832K) NonClass: 387461K(391104K)->387461K(391104K) Class: 54887K(57728K)->54887K(57728K)
[2024-08-15T15:48:38.604+0000][12014.549s][info][gc          ] GC(2771) Pause Young (Normal) (G1 Evacuation Pause) 9706M->4076M(12288M) 14.083ms
[2024-08-15T15:48:38.605+0000][12014.549s][info][gc,cpu      ] GC(2771) User=0.08s Sys=0.00s Real=0.02s
[2024-08-15T15:48:43.338+0000][12019.283s][info][gc,start    ] GC(2772) Pause Young (Normal) (G1 Evacuation Pause)
[2024-08-15T15:48:43.338+0000][12019.283s][info][gc,task     ] GC(2772) Using 6 workers of 6 for evacuation
[2024-08-15T15:48:43.354+0000][12019.299s][info][gc,phases   ] GC(2772)   Pre Evacuate Collection Set: 0.2ms
[2024-08-15T15:48:43.354+0000][12019.299s][info][gc,phases   ] GC(2772)   Merge Heap Roots: 0.2ms
[2024-08-15T15:48:43.354+0000][12019.299s][info][gc,phases   ] GC(2772)   Evacuate Collection Set: 13.8ms
[2024-08-15T15:48:43.354+0000][12019.299s][info][gc,phases   ] GC(2772)   Post Evacuate Collection Set: 1.8ms
[2024-08-15T15:48:43.354+0000][12019.299s][info][gc,phases   ] GC(2772)   Other: 0.2ms
[2024-08-15T15:48:43.354+0000][12019.299s][info][gc,heap     ] GC(2772) Eden regions: 704->0(702)
[2024-08-15T15:48:43.354+0000][12019.299s][info][gc,heap     ] GC(2772) Survivor regions: 7->9(89)
[2024-08-15T15:48:43.354+0000][12019.299s][info][gc,heap     ] GC(2772) Old regions: 497->497
[2024-08-15T15:48:43.354+0000][12019.299s][info][gc,heap     ] GC(2772) Archive regions: 2->2
[2024-08-15T15:48:43.354+0000][12019.299s][info][gc,heap     ] GC(2772) Humongous regions: 6->6
[2024-08-15T15:48:43.354+0000][12019.299s][info][gc,metaspace] GC(2772) Metaspace: 442349K(448832K)->442349K(448832K) NonClass: 387461K(391104K)->387461K(391104K) Class: 54887K(57728K)->54887K(57728K)
[2024-08-15T15:48:43.354+0000][12019.299s][info][gc          ] GC(2772) Pause Young (Normal) (G1 Evacuation Pause) 9708M->4095M(12288M) 16.213ms
[2024-08-15T15:48:43.354+0000][12019.299s][info][gc,cpu      ] GC(2772) User=0.09s Sys=0.00s Real=0.01s
[2024-08-15T15:48:47.699+0000][12023.644s][info][gc,start    ] GC(2773) Pause Young (Concurrent Start) (G1 Evacuation Pause)
[2024-08-15T15:48:47.699+0000][12023.644s][info][gc,task     ] GC(2773) Using 6 workers of 6 for evacuation
[2024-08-15T15:48:47.720+0000][12023.664s][info][gc,phases   ] GC(2773)   Pre Evacuate Collection Set: 0.6ms
[2024-08-15T15:48:47.720+0000][12023.664s][info][gc,phases   ] GC(2773)   Merge Heap Roots: 0.2ms
[2024-08-15T15:48:47.720+0000][12023.664s][info][gc,phases   ] GC(2773)   Evacuate Collection Set: 18.1ms
[2024-08-15T15:48:47.720+0000][12023.664s][info][gc,phases   ] GC(2773)   Post Evacuate Collection Set: 1.8ms
[2024-08-15T15:48:47.720+0000][12023.664s][info][gc,phases   ] GC(2773)   Other: 0.3ms
[2024-08-15T15:48:47.720+0000][12023.664s][info][gc,heap     ] GC(2773) Eden regions: 702->0(702)
[2024-08-15T15:48:47.720+0000][12023.664s][info][gc,heap     ] GC(2773) Survivor regions: 9->9(89)
[2024-08-15T15:48:47.720+0000][12023.664s][info][gc,heap     ] GC(2773) Old regions: 497->497
[2024-08-15T15:48:47.720+0000][12023.664s][info][gc,heap     ] GC(2773) Archive regions: 2->2
[2024-08-15T15:48:47.720+0000][12023.664s][info][gc,heap     ] GC(2773) Humongous regions: 6->6
[2024-08-15T15:48:47.720+0000][12023.664s][info][gc,metaspace] GC(2773) Metaspace: 442349K(448832K)->442349K(448832K) NonClass: 387461K(391104K)->387461K(391104K) Class: 54887K(57728K)->54887K(57728K)
[2024-08-15T15:48:47.720+0000][12023.664s][info][gc          ] GC(2773) Pause Young (Concurrent Start) (G1 Evacuation Pause) 9711M->4094M(12288M) 20.971ms
[2024-08-15T15:48:47.720+0000][12023.665s][info][gc,cpu      ] GC(2773) User=0.11s Sys=0.01s Real=0.02s
[2024-08-15T15:48:47.720+0000][12023.665s][info][gc          ] GC(2774) Concurrent Mark Cycle
[2024-08-15T15:48:47.720+0000][12023.665s][info][gc,marking  ] GC(2774) Concurrent Clear Claimed Marks
[2024-08-15T15:48:47.720+0000][12023.665s][info][gc,marking  ] GC(2774) Concurrent Clear Claimed Marks 0.379ms
[2024-08-15T15:48:47.720+0000][12023.665s][info][gc,marking  ] GC(2774) Concurrent Scan Root Regions
[2024-08-15T15:48:47.738+0000][12023.683s][info][gc,marking  ] GC(2774) Concurrent Scan Root Regions 17.530ms
[2024-08-15T15:48:47.738+0000][12023.683s][info][gc,marking  ] GC(2774) Concurrent Mark
[2024-08-15T15:48:47.738+0000][12023.683s][info][gc,marking  ] GC(2774) Concurrent Mark From Roots
[2024-08-15T15:48:47.738+0000][12023.683s][info][gc,task     ] GC(2774) Using 2 workers of 2 for marking
[2024-08-15T15:48:51.108+0000][12027.053s][info][gc,marking  ] GC(2774) Concurrent Mark From Roots 3370.383ms
[2024-08-15T15:48:51.108+0000][12027.053s][info][gc,marking  ] GC(2774) Concurrent Preclean
[2024-08-15T15:48:51.110+0000][12027.055s][info][gc,marking  ] GC(2774) Concurrent Preclean 2.011ms
[2024-08-15T15:48:51.111+0000][12027.055s][info][gc,start    ] GC(2774) Pause Remark
[2024-08-15T15:48:51.134+0000][12027.078s][info][gc          ] GC(2774) Pause Remark 8422M->8422M(12288M) 23.281ms
[2024-08-15T15:48:51.134+0000][12027.079s][info][gc,cpu      ] GC(2774) User=0.10s Sys=0.00s Real=0.02s
[2024-08-15T15:48:51.134+0000][12027.079s][info][gc,marking  ] GC(2774) Concurrent Mark 3396.154ms
[2024-08-15T15:48:51.134+0000][12027.079s][info][gc,marking  ] GC(2774) Concurrent Rebuild Remembered Sets
[2024-08-15T15:48:52.407+0000][12028.351s][info][gc,start    ] GC(2775) Pause Young (Normal) (G1 Evacuation Pause)
[2024-08-15T15:48:52.407+0000][12028.351s][info][gc,task     ] GC(2775) Using 6 workers of 6 for evacuation
[2024-08-15T15:48:52.430+0000][12028.375s][info][gc,phases   ] GC(2775)   Pre Evacuate Collection Set: 0.2ms
[2024-08-15T15:48:52.430+0000][12028.375s][info][gc,phases   ] GC(2775)   Merge Heap Roots: 0.4ms
[2024-08-15T15:48:52.430+0000][12028.375s][info][gc,phases   ] GC(2775)   Evacuate Collection Set: 21.1ms
[2024-08-15T15:48:52.430+0000][12028.375s][info][gc,phases   ] GC(2775)   Post Evacuate Collection Set: 1.8ms
[2024-08-15T15:48:52.430+0000][12028.375s][info][gc,phases   ] GC(2775)   Other: 0.2ms
[2024-08-15T15:48:52.430+0000][12028.375s][info][gc,heap     ] GC(2775) Eden regions: 702->0(702)
[2024-08-15T15:48:52.430+0000][12028.375s][info][gc,heap     ] GC(2775) Survivor regions: 9->10(89)
[2024-08-15T15:48:52.430+0000][12028.375s][info][gc,heap     ] GC(2775) Old regions: 497->497
[2024-08-15T15:48:52.430+0000][12028.375s][info][gc,heap     ] GC(2775) Archive regions: 2->2
[2024-08-15T15:48:52.430+0000][12028.375s][info][gc,heap     ] GC(2775) Humongous regions: 6->6
[2024-08-15T15:48:52.430+0000][12028.375s][info][gc,metaspace] GC(2775) Metaspace: 442349K(448832K)->442349K(448832K) NonClass: 387461K(391104K)->387461K(391104K) Class: 54887K(57728K)->54887K(57728K)
[2024-08-15T15:48:52.430+0000][12028.375s][info][gc          ] GC(2775) Pause Young (Normal) (G1 Evacuation Pause) 9710M->4106M(12288M) 23.634ms
[2024-08-15T15:48:52.430+0000][12028.375s][info][gc,cpu      ] GC(2775) User=0.14s Sys=0.00s Real=0.02s
[2024-08-15T15:48:53.134+0000][12029.079s][info][gc,marking  ] GC(2774) Concurrent Rebuild Remembered Sets 2000.110ms
[2024-08-15T15:48:53.134+0000][12029.079s][info][gc,start    ] GC(2774) Pause Cleanup
[2024-08-15T15:48:53.135+0000][12029.080s][info][gc          ] GC(2774) Pause Cleanup 4870M->4870M(12288M) 0.566ms
[2024-08-15T15:48:53.135+0000][12029.080s][info][gc,cpu      ] GC(2774) User=0.00s Sys=0.00s Real=0.00s
[2024-08-15T15:48:53.135+0000][12029.080s][info][gc,marking  ] GC(2774) Concurrent Cleanup for Next Mark
[2024-08-15T15:48:53.153+0000][12029.098s][info][gc,marking  ] GC(2774) Concurrent Cleanup for Next Mark 18.124ms
[2024-08-15T15:48:53.153+0000][12029.098s][info][gc          ] GC(2774) Concurrent Mark Cycle 5433.352ms
[2024-08-15T15:48:57.111+0000][12033.055s][info][gc,start    ] GC(2776) Pause Young (Prepare Mixed) (G1 Evacuation Pause)
[2024-08-15T15:48:57.111+0000][12033.055s][info][gc,task     ] GC(2776) Using 6 workers of 6 for evacuation
[2024-08-15T15:48:57.137+0000][12033.081s][info][gc,phases   ] GC(2776)   Pre Evacuate Collection Set: 0.2ms
[2024-08-15T15:48:57.137+0000][12033.081s][info][gc,phases   ] GC(2776)   Merge Heap Roots: 0.3ms
[2024-08-15T15:48:57.137+0000][12033.081s][info][gc,phases   ] GC(2776)   Evacuate Collection Set: 23.6ms
[2024-08-15T15:48:57.137+0000][12033.081s][info][gc,phases   ] GC(2776)   Post Evacuate Collection Set: 1.8ms
[2024-08-15T15:48:57.137+0000][12033.081s][info][gc,phases   ] GC(2776)   Other: 0.2ms
[2024-08-15T15:48:57.137+0000][12033.081s][info][gc,heap     ] GC(2776) Eden regions: 702->0(65)
[2024-08-15T15:48:57.137+0000][12033.081s][info][gc,heap     ] GC(2776) Survivor regions: 10->11(89)
[2024-08-15T15:48:57.137+0000][12033.081s][info][gc,heap     ] GC(2776) Old regions: 497->497
[2024-08-15T15:48:57.137+0000][12033.081s][info][gc,heap     ] GC(2776) Archive regions: 2->2
[2024-08-15T15:48:57.137+0000][12033.081s][info][gc,heap     ] GC(2776) Humongous regions: 6->6
[2024-08-15T15:48:57.137+0000][12033.081s][info][gc,metaspace] GC(2776) Metaspace: 442349K(448832K)->442349K(448832K) NonClass: 387461K(391104K)->387461K(391104K) Class: 54887K(57728K)->54887K(57728K)
[2024-08-15T15:48:57.137+0000][12033.081s][info][gc          ] GC(2776) Pause Young (Prepare Mixed) (G1 Evacuation Pause) 9722M->4109M(12288M) 26.144ms
[2024-08-15T15:48:57.137+0000][12033.082s][info][gc,cpu      ] GC(2776) User=0.15s Sys=0.01s Real=0.03s
[2024-08-15T15:48:57.571+0000][12033.516s][info][gc,start    ] GC(2777) Pause Young (Mixed) (G1 Evacuation Pause)
[2024-08-15T15:48:57.571+0000][12033.516s][info][gc,task     ] GC(2777) Using 6 workers of 6 for evacuation
[2024-08-15T15:48:57.635+0000][12033.580s][info][gc,phases   ] GC(2777)   Pre Evacuate Collection Set: 0.2ms
[2024-08-15T15:48:57.635+0000][12033.580s][info][gc,phases   ] GC(2777)   Merge Heap Roots: 0.4ms
[2024-08-15T15:48:57.635+0000][12033.580s][info][gc,phases   ] GC(2777)   Evacuate Collection Set: 62.0ms
[2024-08-15T15:48:57.635+0000][12033.580s][info][gc,phases   ] GC(2777)   Post Evacuate Collection Set: 1.3ms
[2024-08-15T15:48:57.635+0000][12033.580s][info][gc,phases   ] GC(2777)   Other: 0.2ms
[2024-08-15T15:48:57.635+0000][12033.580s][info][gc,heap     ] GC(2777) Eden regions: 65->0(708)
[2024-08-15T15:48:57.635+0000][12033.580s][info][gc,heap     ] GC(2777) Survivor regions: 11->6(10)
[2024-08-15T15:48:57.635+0000][12033.580s][info][gc,heap     ] GC(2777) Old regions: 497->495
[2024-08-15T15:48:57.635+0000][12033.580s][info][gc,heap     ] GC(2777) Archive regions: 2->2
[2024-08-15T15:48:57.635+0000][12033.580s][info][gc,heap     ] GC(2777) Humongous regions: 6->6
[2024-08-15T15:48:57.635+0000][12033.580s][info][gc,metaspace] GC(2777) Metaspace: 442349K(448832K)->442349K(448832K) NonClass: 387461K(391104K)->387461K(391104K) Class: 54887K(57728K)->54887K(57728K)
[2024-08-15T15:48:57.635+0000][12033.580s][info][gc          ] GC(2777) Pause Young (Mixed) (G1 Evacuation Pause) 4629M->4057M(12288M) 64.184ms
[2024-08-15T15:48:57.635+0000][12033.580s][info][gc,cpu      ] GC(2777) User=0.37s Sys=0.01s Real=0.07s
[2024-08-15T15:49:02.264+0000][12038.209s][info][gc,start    ] GC(2778) Pause Young (Normal) (G1 Evacuation Pause)
[2024-08-15T15:49:02.264+0000][12038.209s][info][gc,task     ] GC(2778) Using 6 workers of 6 for evacuation
[2024-08-15T15:49:02.282+0000][12038.227s][info][gc,phases   ] GC(2778)   Pre Evacuate Collection Set: 0.2ms
[2024-08-15T15:49:02.282+0000][12038.227s][info][gc,phases   ] GC(2778)   Merge Heap Roots: 0.2ms
[2024-08-15T15:49:02.282+0000][12038.227s][info][gc,phases   ] GC(2778)   Evacuate Collection Set: 15.8ms
[2024-08-15T15:49:02.282+0000][12038.227s][info][gc,phases   ] GC(2778)   Post Evacuate Collection Set: 1.8ms
[2024-08-15T15:49:02.282+0000][12038.227s][info][gc,phases   ] GC(2778)   Other: 0.2ms
[2024-08-15T15:49:02.282+0000][12038.227s][info][gc,heap     ] GC(2778) Eden regions: 708->0(707)
[2024-08-15T15:49:02.282+0000][12038.227s][info][gc,heap     ] GC(2778) Survivor regions: 6->7(90)
[2024-08-15T15:49:02.282+0000][12038.227s][info][gc,heap     ] GC(2778) Old regions: 495->495
[2024-08-15T15:49:02.282+0000][12038.227s][info][gc,heap     ] GC(2778) Archive regions: 2->2
[2024-08-15T15:49:02.282+0000][12038.227s][info][gc,heap     ] GC(2778) Humongous regions: 6->6
[2024-08-15T15:49:02.282+0000][12038.227s][info][gc,metaspace] GC(2778) Metaspace: 442349K(448832K)->442349K(448832K) NonClass: 387461K(391104K)->387461K(391104K) Class: 54887K(57728K)->54887K(57728K)
[2024-08-15T15:49:02.282+0000][12038.227s][info][gc          ] GC(2778) Pause Young (Normal) (G1 Evacuation Pause) 9721M->4059M(12288M) 18.271ms
[2024-08-15T15:49:02.282+0000][12038.227s][info][gc,cpu      ] GC(2778) User=0.10s Sys=0.00s Real=0.01s
[2024-08-15T15:49:06.980+0000][12042.925s][info][gc,start    ] GC(2779) Pause Young (Normal) (G1 Evacuation Pause)
[2024-08-15T15:49:06.980+0000][12042.925s][info][gc,task     ] GC(2779) Using 6 workers of 6 for evacuation
[2024-08-15T15:49:06.998+0000][12042.942s][info][gc,phases   ] GC(2779)   Pre Evacuate Collection Set: 0.2ms
[2024-08-15T15:49:06.998+0000][12042.942s][info][gc,phases   ] GC(2779)   Merge Heap Roots: 0.2ms
[2024-08-15T15:49:06.998+0000][12042.942s][info][gc,phases   ] GC(2779)   Evacuate Collection Set: 15.0ms
[2024-08-15T15:49:06.998+0000][12042.942s][info][gc,phases   ] GC(2779)   Post Evacuate Collection Set: 1.7ms
[2024-08-15T15:49:06.998+0000][12042.942s][info][gc,phases   ] GC(2779)   Other: 0.2ms
[2024-08-15T15:49:06.998+0000][12042.942s][info][gc,heap     ] GC(2779) Eden regions: 707->0(705)
[2024-08-15T15:49:06.998+0000][12042.942s][info][gc,heap     ] GC(2779) Survivor regions: 7->9(90)
[2024-08-15T15:49:06.998+0000][12042.942s][info][gc,heap     ] GC(2779) Old regions: 495->495
[2024-08-15T15:49:06.998+0000][12042.942s][info][gc,heap     ] GC(2779) Archive regions: 2->2
[2024-08-15T15:49:06.998+0000][12042.942s][info][gc,heap     ] GC(2779) Humongous regions: 6->6
[2024-08-15T15:49:06.998+0000][12042.942s][info][gc,metaspace] GC(2779) Metaspace: 442349K(448832K)->442349K(448832K) NonClass: 387461K(391104K)->387461K(391104K) Class: 54887K(57728K)->54887K(57728K)
[2024-08-15T15:49:06.998+0000][12042.942s][info][gc          ] GC(2779) Pause Young (Normal) (G1 Evacuation Pause) 9715M->4078M(12288M) 17.382ms
[2024-08-15T15:49:06.998+0000][12042.942s][info][gc,cpu      ] GC(2779) User=0.10s Sys=0.00s Real=0.02s
[2024-08-15T15:49:11.665+0000][12047.609s][info][gc,start    ] GC(2780) Pause Young (Concurrent Start) (G1 Evacuation Pause)
[2024-08-15T15:49:11.665+0000][12047.609s][info][gc,task     ] GC(2780) Using 6 workers of 6 for evacuation
[2024-08-15T15:49:11.685+0000][12047.629s][info][gc,phases   ] GC(2780)   Pre Evacuate Collection Set: 0.6ms
[2024-08-15T15:49:11.685+0000][12047.629s][info][gc,phases   ] GC(2780)   Merge Heap Roots: 0.2ms
[2024-08-15T15:49:11.685+0000][12047.629s][info][gc,phases   ] GC(2780)   Evacuate Collection Set: 17.2ms
[2024-08-15T15:49:11.685+0000][12047.629s][info][gc,phases   ] GC(2780)   Post Evacuate Collection Set: 1.7ms
[2024-08-15T15:49:11.685+0000][12047.629s][info][gc,phases   ] GC(2780)   Other: 0.3ms
[2024-08-15T15:49:11.685+0000][12047.629s][info][gc,heap     ] GC(2780) Eden regions: 705->0(703)
[2024-08-15T15:49:11.685+0000][12047.629s][info][gc,heap     ] GC(2780) Survivor regions: 9->10(90)
[2024-08-15T15:49:11.685+0000][12047.629s][info][gc,heap     ] GC(2780) Old regions: 495->495
[2024-08-15T15:49:11.685+0000][12047.629s][info][gc,heap     ] GC(2780) Archive regions: 2->2
[2024-08-15T15:49:11.685+0000][12047.629s][info][gc,heap     ] GC(2780) Humongous regions: 6->6
[2024-08-15T15:49:11.685+0000][12047.629s][info][gc,metaspace] GC(2780) Metaspace: 442349K(448832K)->442349K(448832K) NonClass: 387461K(391104K)->387461K(391104K) Class: 54887K(57728K)->54887K(57728K)
[2024-08-15T15:49:11.685+0000][12047.629s][info][gc          ] GC(2780) Pause Young (Concurrent Start) (G1 Evacuation Pause) 9718M->4087M(12288M) 20.003ms
[2024-08-15T15:49:11.685+0000][12047.629s][info][gc,cpu      ] GC(2780) User=0.11s Sys=0.00s Real=0.02s
[2024-08-15T15:49:11.685+0000][12047.629s][info][gc          ] GC(2781) Concurrent Mark Cycle
[2024-08-15T15:49:11.685+0000][12047.629s][info][gc,marking  ] GC(2781) Concurrent Clear Claimed Marks
[2024-08-15T15:49:11.685+0000][12047.630s][info][gc,marking  ] GC(2781) Concurrent Clear Claimed Marks 0.384ms
[2024-08-15T15:49:11.685+0000][12047.630s][info][gc,marking  ] GC(2781) Concurrent Scan Root Regions
[2024-08-15T15:49:11.704+0000][12047.649s][info][gc,marking  ] GC(2781) Concurrent Scan Root Regions 18.760ms
[2024-08-15T15:49:11.704+0000][12047.649s][info][gc,marking  ] GC(2781) Concurrent Mark
[2024-08-15T15:49:11.704+0000][12047.649s][info][gc,marking  ] GC(2781) Concurrent Mark From Roots
[2024-08-15T15:49:11.704+0000][12047.649s][info][gc,task     ] GC(2781) Using 2 workers of 2 for marking
[2024-08-15T15:49:14.871+0000][12050.815s][info][gc,marking  ] GC(2781) Concurrent Mark From Roots 3166.819ms
[2024-08-15T15:49:14.871+0000][12050.816s][info][gc,marking  ] GC(2781) Concurrent Preclean
[2024-08-15T15:49:14.873+0000][12050.817s][info][gc,marking  ] GC(2781) Concurrent Preclean 1.940ms
[2024-08-15T15:49:14.873+0000][12050.818s][info][gc,start    ] GC(2781) Pause Remark
[2024-08-15T15:49:14.897+0000][12050.842s][info][gc          ] GC(2781) Pause Remark 7323M->7323M(12288M) 24.135ms
[2024-08-15T15:49:14.897+0000][12050.842s][info][gc,cpu      ] GC(2781) User=0.10s Sys=0.01s Real=0.03s
[2024-08-15T15:49:14.897+0000][12050.842s][info][gc,marking  ] GC(2781) Concurrent Mark 3193.385ms
[2024-08-15T15:49:14.897+0000][12050.842s][info][gc,marking  ] GC(2781) Concurrent Rebuild Remembered Sets
[2024-08-15T15:49:16.823+0000][12052.768s][info][gc,marking  ] GC(2781) Concurrent Rebuild Remembered Sets 1925.904ms
[2024-08-15T15:49:16.824+0000][12052.768s][info][gc,start    ] GC(2781) Pause Cleanup
[2024-08-15T15:49:16.824+0000][12052.769s][info][gc          ] GC(2781) Pause Cleanup 9475M->9475M(12288M) 0.541ms
[2024-08-15T15:49:16.824+0000][12052.769s][info][gc,cpu      ] GC(2781) User=0.00s Sys=0.00s Real=0.00s
[2024-08-15T15:49:16.824+0000][12052.769s][info][gc,marking  ] GC(2781) Concurrent Cleanup for Next Mark
[2024-08-15T15:49:16.853+0000][12052.797s][info][gc,marking  ] GC(2781) Concurrent Cleanup for Next Mark 28.441ms
[2024-08-15T15:49:16.853+0000][12052.797s][info][gc          ] GC(2781) Concurrent Mark Cycle 5167.900ms
[2024-08-15T15:49:17.018+0000][12052.963s][info][gc,start    ] GC(2782) Pause Young (Prepare Mixed) (G1 Evacuation Pause)
[2024-08-15T15:49:17.018+0000][12052.963s][info][gc,task     ] GC(2782) Using 6 workers of 6 for evacuation
[2024-08-15T15:49:17.040+0000][12052.984s][info][gc,phases   ] GC(2782)   Pre Evacuate Collection Set: 0.2ms
[2024-08-15T15:49:17.040+0000][12052.985s][info][gc,phases   ] GC(2782)   Merge Heap Roots: 0.3ms
[2024-08-15T15:49:17.040+0000][12052.985s][info][gc,phases   ] GC(2782)   Evacuate Collection Set: 19.6ms
[2024-08-15T15:49:17.040+0000][12052.985s][info][gc,phases   ] GC(2782)   Post Evacuate Collection Set: 1.7ms
[2024-08-15T15:49:17.040+0000][12052.985s][info][gc,phases   ] GC(2782)   Other: 0.2ms
[2024-08-15T15:49:17.040+0000][12052.985s][info][gc,heap     ] GC(2782) Eden regions: 703->0(66)
[2024-08-15T15:49:17.040+0000][12052.985s][info][gc,heap     ] GC(2782) Survivor regions: 10->10(90)
[2024-08-15T15:49:17.040+0000][12052.985s][info][gc,heap     ] GC(2782) Old regions: 495->495
[2024-08-15T15:49:17.040+0000][12052.985s][info][gc,heap     ] GC(2782) Archive regions: 2->2
[2024-08-15T15:49:17.040+0000][12052.985s][info][gc,heap     ] GC(2782) Humongous regions: 6->6
[2024-08-15T15:49:17.040+0000][12052.985s][info][gc,metaspace] GC(2782) Metaspace: 442349K(448832K)->442349K(448832K) NonClass: 387461K(391104K)->387461K(391104K) Class: 54887K(57728K)->54887K(57728K)
[2024-08-15T15:49:17.040+0000][12052.985s][info][gc          ] GC(2782) Pause Young (Prepare Mixed) (G1 Evacuation Pause) 9711M->4084M(12288M) 22.086ms
[2024-08-15T15:49:17.040+0000][12052.985s][info][gc,cpu      ] GC(2782) User=0.13s Sys=0.00s Real=0.02s
[2024-08-15T15:49:17.502+0000][12053.447s][info][gc,start    ] GC(2783) Pause Young (Mixed) (G1 Evacuation Pause)
[2024-08-15T15:49:17.502+0000][12053.447s][info][gc,task     ] GC(2783) Using 6 workers of 6 for evacuation
[2024-08-15T15:49:17.565+0000][12053.509s][info][gc,phases   ] GC(2783)   Pre Evacuate Collection Set: 0.2ms
[2024-08-15T15:49:17.565+0000][12053.509s][info][gc,phases   ] GC(2783)   Merge Heap Roots: 0.4ms
[2024-08-15T15:49:17.565+0000][12053.509s][info][gc,phases   ] GC(2783)   Evacuate Collection Set: 60.5ms
[2024-08-15T15:49:17.565+0000][12053.509s][info][gc,phases   ] GC(2783)   Post Evacuate Collection Set: 1.3ms
[2024-08-15T15:49:17.565+0000][12053.509s][info][gc,phases   ] GC(2783)   Other: 0.2ms
[2024-08-15T15:49:17.565+0000][12053.509s][info][gc,heap     ] GC(2783) Eden regions: 66->0(710)
[2024-08-15T15:49:17.565+0000][12053.509s][info][gc,heap     ] GC(2783) Survivor regions: 10->6(10)
[2024-08-15T15:49:17.565+0000][12053.509s][info][gc,heap     ] GC(2783) Old regions: 495->493
[2024-08-15T15:49:17.565+0000][12053.509s][info][gc,heap     ] GC(2783) Archive regions: 2->2
[2024-08-15T15:49:17.565+0000][12053.509s][info][gc,heap     ] GC(2783) Humongous regions: 6->6
[2024-08-15T15:49:17.565+0000][12053.509s][info][gc,metaspace] GC(2783) Metaspace: 442349K(448832K)->442349K(448832K) NonClass: 387461K(391104K)->387461K(391104K) Class: 54887K(57728K)->54887K(57728K)
[2024-08-15T15:49:17.565+0000][12053.510s][info][gc          ] GC(2783) Pause Young (Mixed) (G1 Evacuation Pause) 4612M->4040M(12288M) 62.637ms
[2024-08-15T15:49:17.565+0000][12053.510s][info][gc,cpu      ] GC(2783) User=0.37s Sys=0.00s Real=0.07s
[2024-08-15T15:49:21.606+0000][12057.550s][info][gc,start    ] GC(2784) Pause Young (Normal) (G1 Evacuation Pause)
[2024-08-15T15:49:21.606+0000][12057.550s][info][gc,task     ] GC(2784) Using 6 workers of 6 for evacuation
[2024-08-15T15:49:21.621+0000][12057.566s][info][gc,phases   ] GC(2784)   Pre Evacuate Collection Set: 0.2ms
[2024-08-15T15:49:21.621+0000][12057.566s][info][gc,phases   ] GC(2784)   Merge Heap Roots: 0.3ms
[2024-08-15T15:49:21.621+0000][12057.566s][info][gc,phases   ] GC(2784)   Evacuate Collection Set: 13.2ms
[2024-08-15T15:49:21.621+0000][12057.566s][info][gc,phases   ] GC(2784)   Post Evacuate Collection Set: 1.7ms
[2024-08-15T15:49:21.621+0000][12057.566s][info][gc,phases   ] GC(2784)   Other: 0.2ms
[2024-08-15T15:49:21.621+0000][12057.566s][info][gc,heap     ] GC(2784) Eden regions: 710->0(709)
[2024-08-15T15:49:21.621+0000][12057.566s][info][gc,heap     ] GC(2784) Survivor regions: 6->7(90)
[2024-08-15T15:49:21.621+0000][12057.566s][info][gc,heap     ] GC(2784) Old regions: 493->493
[2024-08-15T15:49:21.621+0000][12057.566s][info][gc,heap     ] GC(2784) Archive regions: 2->2
[2024-08-15T15:49:21.621+0000][12057.566s][info][gc,heap     ] GC(2784) Humongous regions: 6->6
[2024-08-15T15:49:21.621+0000][12057.566s][info][gc,metaspace] GC(2784) Metaspace: 442349K(448832K)->442349K(448832K) NonClass: 387461K(391104K)->387461K(391104K) Class: 54887K(57728K)->54887K(57728K)
[2024-08-15T15:49:21.621+0000][12057.566s][info][gc          ] GC(2784) Pause Young (Normal) (G1 Evacuation Pause) 9720M->4045M(12288M) 15.620ms
[2024-08-15T15:49:21.621+0000][12057.566s][info][gc,cpu      ] GC(2784) User=0.09s Sys=0.00s Real=0.01s
[2024-08-15T15:49:26.299+0000][12062.244s][info][gc,start    ] GC(2785) Pause Young (Normal) (G1 Evacuation Pause)
[2024-08-15T15:49:26.299+0000][12062.244s][info][gc,task     ] GC(2785) Using 6 workers of 6 for evacuation
[2024-08-15T15:49:26.316+0000][12062.260s][info][gc,phases   ] GC(2785)   Pre Evacuate Collection Set: 0.2ms
[2024-08-15T15:49:26.316+0000][12062.260s][info][gc,phases   ] GC(2785)   Merge Heap Roots: 0.3ms
[2024-08-15T15:49:26.316+0000][12062.260s][info][gc,phases   ] GC(2785)   Evacuate Collection Set: 14.4ms
[2024-08-15T15:49:26.316+0000][12062.260s][info][gc,phases   ] GC(2785)   Post Evacuate Collection Set: 1.7ms
[2024-08-15T15:49:26.316+0000][12062.260s][info][gc,phases   ] GC(2785)   Other: 0.2ms
[2024-08-15T15:49:26.316+0000][12062.260s][info][gc,heap     ] GC(2785) Eden regions: 709->0(710)
[2024-08-15T15:49:26.316+0000][12062.260s][info][gc,heap     ] GC(2785) Survivor regions: 7->7(90)
[2024-08-15T15:49:26.316+0000][12062.260s][info][gc,heap     ] GC(2785) Old regions: 493->493
[2024-08-15T15:49:26.316+0000][12062.260s][info][gc,heap     ] GC(2785) Archive regions: 2->2
[2024-08-15T15:49:26.316+0000][12062.260s][info][gc,heap     ] GC(2785) Humongous regions: 6->6
[2024-08-15T15:49:26.316+0000][12062.260s][info][gc,metaspace] GC(2785) Metaspace: 442349K(448832K)->442349K(448832K) NonClass: 387461K(391104K)->387461K(391104K) Class: 54887K(57728K)->54887K(57728K)
[2024-08-15T15:49:26.316+0000][12062.260s][info][gc          ] GC(2785) Pause Young (Normal) (G1 Evacuation Pause) 9717M->4045M(12288M) 16.836ms
[2024-08-15T15:49:26.316+0000][12062.260s][info][gc,cpu      ] GC(2785) User=0.09s Sys=0.00s Real=0.02s
[2024-08-15T15:49:31.034+0000][12066.979s][info][gc,start    ] GC(2786) Pause Young (Concurrent Start) (G1 Evacuation Pause)
[2024-08-15T15:49:31.034+0000][12066.979s][info][gc,task     ] GC(2786) Using 6 workers of 6 for evacuation
[2024-08-15T15:49:31.054+0000][12066.999s][info][gc,phases   ] GC(2786)   Pre Evacuate Collection Set: 0.6ms
[2024-08-15T15:49:31.054+0000][12066.999s][info][gc,phases   ] GC(2786)   Merge Heap Roots: 0.3ms
[2024-08-15T15:49:31.054+0000][12066.999s][info][gc,phases   ] GC(2786)   Evacuate Collection Set: 17.5ms
[2024-08-15T15:49:31.054+0000][12066.999s][info][gc,phases   ] GC(2786)   Post Evacuate Collection Set: 1.7ms
[2024-08-15T15:49:31.054+0000][12066.999s][info][gc,phases   ] GC(2786)   Other: 0.3ms
[2024-08-15T15:49:31.054+0000][12066.999s][info][gc,heap     ] GC(2786) Eden regions: 710->0(707)
[2024-08-15T15:49:31.054+0000][12066.999s][info][gc,heap     ] GC(2786) Survivor regions: 7->9(90)
[2024-08-15T15:49:31.054+0000][12066.999s][info][gc,heap     ] GC(2786) Old regions: 493->493
[2024-08-15T15:49:31.054+0000][12066.999s][info][gc,heap     ] GC(2786) Archive regions: 2->2
[2024-08-15T15:49:31.054+0000][12066.999s][info][gc,heap     ] GC(2786) Humongous regions: 6->6
[2024-08-15T15:49:31.054+0000][12066.999s][info][gc,metaspace] GC(2786) Metaspace: 442353K(448832K)->442353K(448832K) NonClass: 387465K(391104K)->387465K(391104K) Class: 54887K(57728K)->54887K(57728K)
[2024-08-15T15:49:31.055+0000][12066.999s][info][gc          ] GC(2786) Pause Young (Concurrent Start) (G1 Evacuation Pause) 9725M->4065M(12288M) 20.362ms
[2024-08-15T15:49:31.055+0000][12066.999s][info][gc,cpu      ] GC(2786) User=0.11s Sys=0.00s Real=0.02s
[2024-08-15T15:49:31.055+0000][12066.999s][info][gc          ] GC(2787) Concurrent Mark Cycle
[2024-08-15T15:49:31.055+0000][12066.999s][info][gc,marking  ] GC(2787) Concurrent Clear Claimed Marks
[2024-08-15T15:49:31.055+0000][12067.000s][info][gc,marking  ] GC(2787) Concurrent Clear Claimed Marks 0.391ms
[2024-08-15T15:49:31.055+0000][12067.000s][info][gc,marking  ] GC(2787) Concurrent Scan Root Regions
[2024-08-15T15:49:31.075+0000][12067.020s][info][gc,marking  ] GC(2787) Concurrent Scan Root Regions 20.293ms
[2024-08-15T15:49:31.075+0000][12067.020s][info][gc,marking  ] GC(2787) Concurrent Mark
[2024-08-15T15:49:31.075+0000][12067.020s][info][gc,marking  ] GC(2787) Concurrent Mark From Roots
[2024-08-15T15:49:31.075+0000][12067.020s][info][gc,task     ] GC(2787) Using 2 workers of 2 for marking
[2024-08-15T15:49:34.217+0000][12070.162s][info][gc,marking  ] GC(2787) Concurrent Mark From Roots 3141.660ms
[2024-08-15T15:49:34.217+0000][12070.162s][info][gc,marking  ] GC(2787) Concurrent Preclean
[2024-08-15T15:49:34.219+0000][12070.164s][info][gc,marking  ] GC(2787) Concurrent Preclean 1.891ms
[2024-08-15T15:49:34.219+0000][12070.164s][info][gc,start    ] GC(2787) Pause Remark
[2024-08-15T15:49:34.243+0000][12070.187s][info][gc          ] GC(2787) Pause Remark 7321M->7321M(12288M) 23.537ms
[2024-08-15T15:49:34.243+0000][12070.187s][info][gc,cpu      ] GC(2787) User=0.10s Sys=0.00s Real=0.02s
[2024-08-15T15:49:34.243+0000][12070.188s][info][gc,marking  ] GC(2787) Concurrent Mark 3167.562ms
[2024-08-15T15:49:34.243+0000][12070.188s][info][gc,marking  ] GC(2787) Concurrent Rebuild Remembered Sets
[2024-08-15T15:49:36.167+0000][12072.112s][info][gc,marking  ] GC(2787) Concurrent Rebuild Remembered Sets 1924.264ms
[2024-08-15T15:49:36.167+0000][12072.112s][info][gc,start    ] GC(2787) Pause Cleanup
[2024-08-15T15:49:36.168+0000][12072.113s][info][gc          ] GC(2787) Pause Cleanup 9529M->9529M(12288M) 0.549ms
[2024-08-15T15:49:36.168+0000][12072.113s][info][gc,cpu      ] GC(2787) User=0.00s Sys=0.00s Real=0.00s
[2024-08-15T15:49:36.168+0000][12072.113s][info][gc,marking  ] GC(2787) Concurrent Cleanup for Next Mark
[2024-08-15T15:49:36.185+0000][12072.130s][info][gc,marking  ] GC(2787) Concurrent Cleanup for Next Mark 16.781ms
[2024-08-15T15:49:36.185+0000][12072.130s][info][gc          ] GC(2787) Concurrent Mark Cycle 5130.363ms
[2024-08-15T15:49:36.322+0000][12072.266s][info][gc,start    ] GC(2788) Pause Young (Prepare Mixed) (G1 Evacuation Pause)
[2024-08-15T15:49:36.322+0000][12072.266s][info][gc,task     ] GC(2788) Using 6 workers of 6 for evacuation
[2024-08-15T15:49:36.344+0000][12072.288s][info][gc,phases   ] GC(2788)   Pre Evacuate Collection Set: 0.2ms
[2024-08-15T15:49:36.344+0000][12072.288s][info][gc,phases   ] GC(2788)   Merge Heap Roots: 0.3ms
[2024-08-15T15:49:36.344+0000][12072.288s][info][gc,phases   ] GC(2788)   Evacuate Collection Set: 19.8ms
[2024-08-15T15:49:36.344+0000][12072.288s][info][gc,phases   ] GC(2788)   Post Evacuate Collection Set: 1.8ms
[2024-08-15T15:49:36.344+0000][12072.288s][info][gc,phases   ] GC(2788)   Other: 0.2ms
[2024-08-15T15:49:36.344+0000][12072.289s][info][gc,heap     ] GC(2788) Eden regions: 707->0(66)
[2024-08-15T15:49:36.344+0000][12072.289s][info][gc,heap     ] GC(2788) Survivor regions: 9->10(90)
[2024-08-15T15:49:36.344+0000][12072.289s][info][gc,heap     ] GC(2788) Old regions: 493->493
[2024-08-15T15:49:36.344+0000][12072.289s][info][gc,heap     ] GC(2788) Archive regions: 2->2
[2024-08-15T15:49:36.344+0000][12072.289s][info][gc,heap     ] GC(2788) Humongous regions: 6->6
[2024-08-15T15:49:36.344+0000][12072.289s][info][gc,metaspace] GC(2788) Metaspace: 442353K(448832K)->442353K(448832K) NonClass: 387465K(391104K)->387465K(391104K) Class: 54887K(57728K)->54887K(57728K)
[2024-08-15T15:49:36.344+0000][12072.289s][info][gc          ] GC(2788) Pause Young (Prepare Mixed) (G1 Evacuation Pause) 9721M->4068M(12288M) 22.377ms
[2024-08-15T15:49:36.344+0000][12072.289s][info][gc,cpu      ] GC(2788) User=0.13s Sys=0.00s Real=0.03s
[2024-08-15T15:49:36.767+0000][12072.712s][info][gc,start    ] GC(2789) Pause Young (Mixed) (G1 Evacuation Pause)
[2024-08-15T15:49:36.768+0000][12072.712s][info][gc,task     ] GC(2789) Using 6 workers of 6 for evacuation
[2024-08-15T15:49:36.829+0000][12072.773s][info][gc,phases   ] GC(2789)   Pre Evacuate Collection Set: 0.2ms
[2024-08-15T15:49:36.829+0000][12072.774s][info][gc,phases   ] GC(2789)   Merge Heap Roots: 0.4ms
[2024-08-15T15:49:36.829+0000][12072.774s][info][gc,phases   ] GC(2789)   Evacuate Collection Set: 59.3ms
[2024-08-15T15:49:36.829+0000][12072.774s][info][gc,phases   ] GC(2789)   Post Evacuate Collection Set: 1.4ms
[2024-08-15T15:49:36.829+0000][12072.774s][info][gc,phases   ] GC(2789)   Other: 0.2ms
[2024-08-15T15:49:36.829+0000][12072.774s][info][gc,heap     ] GC(2789) Eden regions: 66->0(712)
[2024-08-15T15:49:36.829+0000][12072.774s][info][gc,heap     ] GC(2789) Survivor regions: 10->6(10)
[2024-08-15T15:49:36.829+0000][12072.774s][info][gc,heap     ] GC(2789) Old regions: 493->491
[2024-08-15T15:49:36.829+0000][12072.774s][info][gc,heap     ] GC(2789) Archive regions: 2->2
[2024-08-15T15:49:36.829+0000][12072.774s][info][gc,heap     ] GC(2789) Humongous regions: 6->6
[2024-08-15T15:49:36.829+0000][12072.774s][info][gc,metaspace] GC(2789) Metaspace: 442353K(448832K)->442353K(448832K) NonClass: 387465K(391104K)->387465K(391104K) Class: 54887K(57728K)->54887K(57728K)
[2024-08-15T15:49:36.829+0000][12072.774s][info][gc          ] GC(2789) Pause Young (Mixed) (G1 Evacuation Pause) 4596M->4025M(12288M) 61.504ms
[2024-08-15T15:49:36.829+0000][12072.774s][info][gc,cpu      ] GC(2789) User=0.36s Sys=0.00s Real=0.06s
[2024-08-15T15:49:41.493+0000][12077.438s][info][gc,start    ] GC(2790) Pause Young (Normal) (G1 Evacuation Pause)
[2024-08-15T15:49:41.493+0000][12077.438s][info][gc,task     ] GC(2790) Using 6 workers of 6 for evacuation
[2024-08-15T15:49:41.513+0000][12077.458s][info][gc,phases   ] GC(2790)   Pre Evacuate Collection Set: 0.2ms
[2024-08-15T15:49:41.513+0000][12077.458s][info][gc,phases   ] GC(2790)   Merge Heap Roots: 0.3ms
[2024-08-15T15:49:41.513+0000][12077.458s][info][gc,phases   ] GC(2790)   Evacuate Collection Set: 17.6ms
[2024-08-15T15:49:41.513+0000][12077.458s][info][gc,phases   ] GC(2790)   Post Evacuate Collection Set: 1.8ms
[2024-08-15T15:49:41.513+0000][12077.458s][info][gc,phases   ] GC(2790)   Other: 0.2ms
[2024-08-15T15:49:41.513+0000][12077.458s][info][gc,heap     ] GC(2790) Eden regions: 712->0(707)
[2024-08-15T15:49:41.513+0000][12077.458s][info][gc,heap     ] GC(2790) Survivor regions: 6->10(90)
[2024-08-15T15:49:41.513+0000][12077.458s][info][gc,heap     ] GC(2790) Old regions: 491->491
[2024-08-15T15:49:41.513+0000][12077.458s][info][gc,heap     ] GC(2790) Archive regions: 2->2
[2024-08-15T15:49:41.513+0000][12077.458s][info][gc,heap     ] GC(2790) Humongous regions: 6->6
[2024-08-15T15:49:41.513+0000][12077.458s][info][gc,metaspace] GC(2790) Metaspace: 442353K(448832K)->442353K(448832K) NonClass: 387465K(391104K)->387465K(391104K) Class: 54887K(57728K)->54887K(57728K)
[2024-08-15T15:49:41.513+0000][12077.458s][info][gc          ] GC(2790) Pause Young (Normal) (G1 Evacuation Pause) 9721M->4052M(12288M) 20.065ms
[2024-08-15T15:49:41.514+0000][12077.458s][info][gc,cpu      ] GC(2790) User=0.12s Sys=0.00s Real=0.02s
[2024-08-15T15:49:46.238+0000][12082.182s][info][gc,start    ] GC(2791) Pause Young (Normal) (G1 Evacuation Pause)
[2024-08-15T15:49:46.238+0000][12082.182s][info][gc,task     ] GC(2791) Using 6 workers of 6 for evacuation
[2024-08-15T15:49:46.259+0000][12082.204s][info][gc,phases   ] GC(2791)   Pre Evacuate Collection Set: 0.2ms
[2024-08-15T15:49:46.259+0000][12082.204s][info][gc,phases   ] GC(2791)   Merge Heap Roots: 0.2ms
[2024-08-15T15:49:46.259+0000][12082.204s][info][gc,phases   ] GC(2791)   Evacuate Collection Set: 19.3ms
[2024-08-15T15:49:46.259+0000][12082.204s][info][gc,phases   ] GC(2791)   Post Evacuate Collection Set: 1.7ms
[2024-08-15T15:49:46.259+0000][12082.204s][info][gc,phases   ] GC(2791)   Other: 0.2ms
[2024-08-15T15:49:46.259+0000][12082.204s][info][gc,heap     ] GC(2791) Eden regions: 707->0(707)
[2024-08-15T15:49:46.259+0000][12082.204s][info][gc,heap     ] GC(2791) Survivor regions: 10->10(90)
[2024-08-15T15:49:46.259+0000][12082.204s][info][gc,heap     ] GC(2791) Old regions: 491->491
[2024-08-15T15:49:46.260+0000][12082.204s][info][gc,heap     ] GC(2791) Archive regions: 2->2
[2024-08-15T15:49:46.260+0000][12082.204s][info][gc,heap     ] GC(2791) Humongous regions: 6->6
[2024-08-15T15:49:46.260+0000][12082.204s][info][gc,metaspace] GC(2791) Metaspace: 442353K(448832K)->442353K(448832K) NonClass: 387465K(391104K)->387465K(391104K) Class: 54887K(57728K)->54887K(57728K)
[2024-08-15T15:49:46.260+0000][12082.204s][info][gc          ] GC(2791) Pause Young (Normal) (G1 Evacuation Pause) 9708M->4053M(12288M) 21.704ms
[2024-08-15T15:49:46.260+0000][12082.204s][info][gc,cpu      ] GC(2791) User=0.12s Sys=0.01s Real=0.02s
[2024-08-15T15:49:50.855+0000][12086.800s][info][gc,start    ] GC(2792) Pause Young (Concurrent Start) (G1 Evacuation Pause)
[2024-08-15T15:49:50.855+0000][12086.800s][info][gc,task     ] GC(2792) Using 6 workers of 6 for evacuation
[2024-08-15T15:49:50.880+0000][12086.825s][info][gc,phases   ] GC(2792)   Pre Evacuate Collection Set: 0.6ms
[2024-08-15T15:49:50.880+0000][12086.825s][info][gc,phases   ] GC(2792)   Merge Heap Roots: 0.2ms
[2024-08-15T15:49:50.880+0000][12086.825s][info][gc,phases   ] GC(2792)   Evacuate Collection Set: 22.7ms
[2024-08-15T15:49:50.880+0000][12086.825s][info][gc,phases   ] GC(2792)   Post Evacuate Collection Set: 1.7ms
[2024-08-15T15:49:50.880+0000][12086.825s][info][gc,phases   ] GC(2792)   Other: 0.3ms
[2024-08-15T15:49:50.880+0000][12086.825s][info][gc,heap     ] GC(2792) Eden regions: 707->0(706)
[2024-08-15T15:49:50.881+0000][12086.825s][info][gc,heap     ] GC(2792) Survivor regions: 10->11(90)
[2024-08-15T15:49:50.881+0000][12086.825s][info][gc,heap     ] GC(2792) Old regions: 491->491
[2024-08-15T15:49:50.881+0000][12086.825s][info][gc,heap     ] GC(2792) Archive regions: 2->2
[2024-08-15T15:49:50.881+0000][12086.825s][info][gc,heap     ] GC(2792) Humongous regions: 6->6
[2024-08-15T15:49:50.881+0000][12086.825s][info][gc,metaspace] GC(2792) Metaspace: 442353K(448832K)->442353K(448832K) NonClass: 387465K(391104K)->387465K(391104K) Class: 54887K(57728K)->54887K(57728K)
[2024-08-15T15:49:50.881+0000][12086.825s][info][gc          ] GC(2792) Pause Young (Concurrent Start) (G1 Evacuation Pause) 9709M->4065M(12288M) 25.540ms
[2024-08-15T15:49:50.881+0000][12086.825s][info][gc,cpu      ] GC(2792) User=0.15s Sys=0.00s Real=0.03s
[2024-08-15T15:49:50.881+0000][12086.825s][info][gc          ] GC(2793) Concurrent Mark Cycle
[2024-08-15T15:49:50.881+0000][12086.825s][info][gc,marking  ] GC(2793) Concurrent Clear Claimed Marks
[2024-08-15T15:49:50.881+0000][12086.826s][info][gc,marking  ] GC(2793) Concurrent Clear Claimed Marks 0.375ms
[2024-08-15T15:49:50.881+0000][12086.826s][info][gc,marking  ] GC(2793) Concurrent Scan Root Regions
[2024-08-15T15:49:50.916+0000][12086.861s][info][gc,marking  ] GC(2793) Concurrent Scan Root Regions 35.391ms
[2024-08-15T15:49:50.916+0000][12086.861s][info][gc,marking  ] GC(2793) Concurrent Mark
[2024-08-15T15:49:50.916+0000][12086.861s][info][gc,marking  ] GC(2793) Concurrent Mark From Roots
[2024-08-15T15:49:50.916+0000][12086.861s][info][gc,task     ] GC(2793) Using 2 workers of 2 for marking
[2024-08-15T15:49:54.082+0000][12090.026s][info][gc,marking  ] GC(2793) Concurrent Mark From Roots 3165.125ms
[2024-08-15T15:49:54.082+0000][12090.026s][info][gc,marking  ] GC(2793) Concurrent Preclean
[2024-08-15T15:49:54.083+0000][12090.028s][info][gc,marking  ] GC(2793) Concurrent Preclean 1.338ms
[2024-08-15T15:49:54.083+0000][12090.028s][info][gc,start    ] GC(2793) Pause Remark
[2024-08-15T15:49:54.107+0000][12090.051s][info][gc          ] GC(2793) Pause Remark 7389M->7389M(12288M) 23.367ms
[2024-08-15T15:49:54.107+0000][12090.051s][info][gc,cpu      ] GC(2793) User=0.10s Sys=0.00s Real=0.02s
[2024-08-15T15:49:54.107+0000][12090.051s][info][gc,marking  ] GC(2793) Concurrent Mark 3190.339ms
[2024-08-15T15:49:54.107+0000][12090.051s][info][gc,marking  ] GC(2793) Concurrent Rebuild Remembered Sets
[2024-08-15T15:49:55.922+0000][12091.867s][info][gc,start    ] GC(2794) Pause Young (Normal) (G1 Evacuation Pause)
[2024-08-15T15:49:55.922+0000][12091.867s][info][gc,task     ] GC(2794) Using 6 workers of 6 for evacuation
[2024-08-15T15:49:55.949+0000][12091.894s][info][gc,phases   ] GC(2794)   Pre Evacuate Collection Set: 0.2ms
[2024-08-15T15:49:55.949+0000][12091.894s][info][gc,phases   ] GC(2794)   Merge Heap Roots: 0.3ms
[2024-08-15T15:49:55.949+0000][12091.894s][info][gc,phases   ] GC(2794)   Evacuate Collection Set: 24.3ms
[2024-08-15T15:49:55.949+0000][12091.894s][info][gc,phases   ] GC(2794)   Post Evacuate Collection Set: 1.7ms
[2024-08-15T15:49:55.949+0000][12091.894s][info][gc,phases   ] GC(2794)   Other: 0.2ms
[2024-08-15T15:49:55.949+0000][12091.894s][info][gc,heap     ] GC(2794) Eden regions: 706->0(706)
[2024-08-15T15:49:55.949+0000][12091.894s][info][gc,heap     ] GC(2794) Survivor regions: 11->11(90)
[2024-08-15T15:49:55.949+0000][12091.894s][info][gc,heap     ] GC(2794) Old regions: 491->491
[2024-08-15T15:49:55.949+0000][12091.894s][info][gc,heap     ] GC(2794) Archive regions: 2->2
[2024-08-15T15:49:55.949+0000][12091.894s][info][gc,heap     ] GC(2794) Humongous regions: 6->6
[2024-08-15T15:49:55.949+0000][12091.894s][info][gc,metaspace] GC(2794) Metaspace: 442353K(448832K)->442353K(448832K) NonClass: 387465K(391104K)->387465K(391104K) Class: 54887K(57728K)->54887K(57728K)
[2024-08-15T15:49:55.949+0000][12091.894s][info][gc          ] GC(2794) Pause Young (Normal) (G1 Evacuation Pause) 9713M->4060M(12288M) 26.790ms
[2024-08-15T15:49:55.949+0000][12091.894s][info][gc,cpu      ] GC(2794) User=0.16s Sys=0.01s Real=0.03s
[2024-08-15T15:49:56.129+0000][12092.074s][info][gc,marking  ] GC(2793) Concurrent Rebuild Remembered Sets 2022.560ms
[2024-08-15T15:49:56.130+0000][12092.074s][info][gc,start    ] GC(2793) Pause Cleanup
[2024-08-15T15:49:56.130+0000][12092.075s][info][gc          ] GC(2793) Pause Cleanup 4252M->4252M(12288M) 0.573ms
[2024-08-15T15:49:56.130+0000][12092.075s][info][gc,cpu      ] GC(2793) User=0.00s Sys=0.00s Real=0.00s
[2024-08-15T15:49:56.130+0000][12092.075s][info][gc,marking  ] GC(2793) Concurrent Cleanup for Next Mark
[2024-08-15T15:49:56.147+0000][12092.092s][info][gc,marking  ] GC(2793) Concurrent Cleanup for Next Mark 16.709ms
[2024-08-15T15:49:56.147+0000][12092.092s][info][gc          ] GC(2793) Concurrent Mark Cycle 5266.490ms
[2024-08-15T15:50:00.085+0000][12096.029s][info][gc,start    ] GC(2795) Pause Young (Prepare Mixed) (G1 Evacuation Pause)
[2024-08-15T15:50:00.085+0000][12096.029s][info][gc,task     ] GC(2795) Using 6 workers of 6 for evacuation
[2024-08-15T15:50:00.113+0000][12096.057s][info][gc,phases   ] GC(2795)   Pre Evacuate Collection Set: 0.2ms
[2024-08-15T15:50:00.113+0000][12096.057s][info][gc,phases   ] GC(2795)   Merge Heap Roots: 0.3ms
[2024-08-15T15:50:00.113+0000][12096.057s][info][gc,phases   ] GC(2795)   Evacuate Collection Set: 25.8ms
[2024-08-15T15:50:00.113+0000][12096.057s][info][gc,phases   ] GC(2795)   Post Evacuate Collection Set: 1.8ms
[2024-08-15T15:50:00.113+0000][12096.057s][info][gc,phases   ] GC(2795)   Other: 0.2ms
[2024-08-15T15:50:00.113+0000][12096.057s][info][gc,heap     ] GC(2795) Eden regions: 706->0(64)
[2024-08-15T15:50:00.113+0000][12096.057s][info][gc,heap     ] GC(2795) Survivor regions: 11->12(90)
[2024-08-15T15:50:00.113+0000][12096.057s][info][gc,heap     ] GC(2795) Old regions: 491->491
[2024-08-15T15:50:00.113+0000][12096.057s][info][gc,heap     ] GC(2795) Archive regions: 2->2
[2024-08-15T15:50:00.113+0000][12096.057s][info][gc,heap     ] GC(2795) Humongous regions: 6->6
[2024-08-15T15:50:00.113+0000][12096.057s][info][gc,metaspace] GC(2795) Metaspace: 442356K(448832K)->442356K(448832K) NonClass: 387468K(391104K)->387468K(391104K) Class: 54887K(57728K)->54887K(57728K)
[2024-08-15T15:50:00.113+0000][12096.057s][info][gc          ] GC(2795) Pause Young (Prepare Mixed) (G1 Evacuation Pause) 9708M->4073M(12288M) 28.320ms
[2024-08-15T15:50:00.113+0000][12096.058s][info][gc,cpu      ] GC(2795) User=0.17s Sys=0.00s Real=0.02s
[2024-08-15T15:50:00.524+0000][12096.468s][info][gc,start    ] GC(2796) Pause Young (Mixed) (G1 Evacuation Pause)
[2024-08-15T15:50:00.524+0000][12096.468s][info][gc,task     ] GC(2796) Using 6 workers of 6 for evacuation
[2024-08-15T15:50:00.600+0000][12096.544s][info][gc,phases   ] GC(2796)   Pre Evacuate Collection Set: 0.2ms
[2024-08-15T15:50:00.600+0000][12096.544s][info][gc,phases   ] GC(2796)   Merge Heap Roots: 0.4ms
[2024-08-15T15:50:00.600+0000][12096.544s][info][gc,phases   ] GC(2796)   Evacuate Collection Set: 73.7ms
[2024-08-15T15:50:00.600+0000][12096.545s][info][gc,phases   ] GC(2796)   Post Evacuate Collection Set: 1.6ms
[2024-08-15T15:50:00.600+0000][12096.545s][info][gc,phases   ] GC(2796)   Other: 0.2ms
[2024-08-15T15:50:00.600+0000][12096.545s][info][gc,heap     ] GC(2796) Eden regions: 64->0(709)
[2024-08-15T15:50:00.600+0000][12096.545s][info][gc,heap     ] GC(2796) Survivor regions: 12->6(10)
[2024-08-15T15:50:00.600+0000][12096.545s][info][gc,heap     ] GC(2796) Old regions: 491->494
[2024-08-15T15:50:00.600+0000][12096.545s][info][gc,heap     ] GC(2796) Archive regions: 2->2
[2024-08-15T15:50:00.600+0000][12096.545s][info][gc,heap     ] GC(2796) Humongous regions: 6->6
[2024-08-15T15:50:00.600+0000][12096.545s][info][gc,metaspace] GC(2796) Metaspace: 442356K(448832K)->442356K(448832K) NonClass: 387468K(391104K)->387468K(391104K) Class: 54887K(57728K)->54887K(57728K)
[2024-08-15T15:50:00.600+0000][12096.545s][info][gc          ] GC(2796) Pause Young (Mixed) (G1 Evacuation Pause) 4585M->4049M(12288M) 76.130ms
[2024-08-15T15:50:00.600+0000][12096.545s][info][gc,cpu      ] GC(2796) User=0.43s Sys=0.01s Real=0.07s
[2024-08-15T15:50:05.442+0000][12101.387s][info][gc,start    ] GC(2797) Pause Young (Normal) (G1 Evacuation Pause)
[2024-08-15T15:50:05.443+0000][12101.387s][info][gc,task     ] GC(2797) Using 6 workers of 6 for evacuation
[2024-08-15T15:50:05.457+0000][12101.402s][info][gc,phases   ] GC(2797)   Pre Evacuate Collection Set: 0.2ms
[2024-08-15T15:50:05.457+0000][12101.402s][info][gc,phases   ] GC(2797)   Merge Heap Roots: 0.3ms
[2024-08-15T15:50:05.457+0000][12101.402s][info][gc,phases   ] GC(2797)   Evacuate Collection Set: 12.4ms
[2024-08-15T15:50:05.457+0000][12101.402s][info][gc,phases   ] GC(2797)   Post Evacuate Collection Set: 1.7ms
[2024-08-15T15:50:05.457+0000][12101.402s][info][gc,phases   ] GC(2797)   Other: 0.2ms
[2024-08-15T15:50:05.457+0000][12101.402s][info][gc,heap     ] GC(2797) Eden regions: 709->0(709)
[2024-08-15T15:50:05.457+0000][12101.402s][info][gc,heap     ] GC(2797) Survivor regions: 6->6(90)
[2024-08-15T15:50:05.457+0000][12101.402s][info][gc,heap     ] GC(2797) Old regions: 494->494
[2024-08-15T15:50:05.457+0000][12101.402s][info][gc,heap     ] GC(2797) Archive regions: 2->2
[2024-08-15T15:50:05.457+0000][12101.402s][info][gc,heap     ] GC(2797) Humongous regions: 6->6
[2024-08-15T15:50:05.457+0000][12101.402s][info][gc,metaspace] GC(2797) Metaspace: 442356K(448832K)->442356K(448832K) NonClass: 387468K(391104K)->387468K(391104K) Class: 54887K(57728K)->54887K(57728K)
[2024-08-15T15:50:05.457+0000][12101.402s][info][gc          ] GC(2797) Pause Young (Normal) (G1 Evacuation Pause) 9721M->4046M(12288M) 14.735ms
[2024-08-15T15:50:05.457+0000][12101.402s][info][gc,cpu      ] GC(2797) User=0.09s Sys=0.00s Real=0.02s
[2024-08-15T15:50:10.349+0000][12106.293s][info][gc,start    ] GC(2798) Pause Young (Normal) (G1 Evacuation Pause)
[2024-08-15T15:50:10.349+0000][12106.294s][info][gc,task     ] GC(2798) Using 6 workers of 6 for evacuation
[2024-08-15T15:50:10.366+0000][12106.311s][info][gc,phases   ] GC(2798)   Pre Evacuate Collection Set: 0.2ms
[2024-08-15T15:50:10.366+0000][12106.311s][info][gc,phases   ] GC(2798)   Merge Heap Roots: 0.3ms
[2024-08-15T15:50:10.366+0000][12106.311s][info][gc,phases   ] GC(2798)   Evacuate Collection Set: 15.0ms
[2024-08-15T15:50:10.366+0000][12106.311s][info][gc,phases   ] GC(2798)   Post Evacuate Collection Set: 1.7ms
[2024-08-15T15:50:10.366+0000][12106.311s][info][gc,phases   ] GC(2798)   Other: 0.2ms
[2024-08-15T15:50:10.366+0000][12106.311s][info][gc,heap     ] GC(2798) Eden regions: 709->0(706)
[2024-08-15T15:50:10.366+0000][12106.311s][info][gc,heap     ] GC(2798) Survivor regions: 6->8(90)
[2024-08-15T15:50:10.366+0000][12106.311s][info][gc,heap     ] GC(2798) Old regions: 494->494
[2024-08-15T15:50:10.366+0000][12106.311s][info][gc,heap     ] GC(2798) Archive regions: 2->2
[2024-08-15T15:50:10.366+0000][12106.311s][info][gc,heap     ] GC(2798) Humongous regions: 6->6
[2024-08-15T15:50:10.366+0000][12106.311s][info][gc,metaspace] GC(2798) Metaspace: 442356K(448832K)->442356K(448832K) NonClass: 387468K(391104K)->387468K(391104K) Class: 54887K(57728K)->54887K(57728K)
[2024-08-15T15:50:10.366+0000][12106.311s][info][gc          ] GC(2798) Pause Young (Normal) (G1 Evacuation Pause) 9718M->4064M(12288M) 17.377ms
[2024-08-15T15:50:10.366+0000][12106.311s][info][gc,cpu      ] GC(2798) User=0.10s Sys=0.00s Real=0.02s
[2024-08-15T15:50:14.806+0000][12110.751s][info][gc,start    ] GC(2799) Pause Young (Concurrent Start) (G1 Evacuation Pause)
[2024-08-15T15:50:14.806+0000][12110.751s][info][gc,task     ] GC(2799) Using 6 workers of 6 for evacuation
[2024-08-15T15:50:14.825+0000][12110.770s][info][gc,phases   ] GC(2799)   Pre Evacuate Collection Set: 0.5ms
[2024-08-15T15:50:14.825+0000][12110.770s][info][gc,phases   ] GC(2799)   Merge Heap Roots: 0.3ms
[2024-08-15T15:50:14.825+0000][12110.770s][info][gc,phases   ] GC(2799)   Evacuate Collection Set: 16.2ms
[2024-08-15T15:50:14.825+0000][12110.770s][info][gc,phases   ] GC(2799)   Post Evacuate Collection Set: 1.7ms
[2024-08-15T15:50:14.825+0000][12110.770s][info][gc,phases   ] GC(2799)   Other: 0.3ms
[2024-08-15T15:50:14.825+0000][12110.770s][info][gc,heap     ] GC(2799) Eden regions: 706->0(707)
[2024-08-15T15:50:14.825+0000][12110.770s][info][gc,heap     ] GC(2799) Survivor regions: 8->8(90)
[2024-08-15T15:50:14.825+0000][12110.770s][info][gc,heap     ] GC(2799) Old regions: 494->494
[2024-08-15T15:50:14.825+0000][12110.770s][info][gc,heap     ] GC(2799) Archive regions: 2->2
[2024-08-15T15:50:14.825+0000][12110.770s][info][gc,heap     ] GC(2799) Humongous regions: 6->6
[2024-08-15T15:50:14.825+0000][12110.770s][info][gc,metaspace] GC(2799) Metaspace: 442356K(448832K)->442356K(448832K) NonClass: 387468K(391104K)->387468K(391104K) Class: 54887K(57728K)->54887K(57728K)
[2024-08-15T15:50:14.825+0000][12110.770s][info][gc          ] GC(2799) Pause Young (Concurrent Start) (G1 Evacuation Pause) 9712M->4064M(12288M) 19.063ms
[2024-08-15T15:50:14.825+0000][12110.770s][info][gc,cpu      ] GC(2799) User=0.11s Sys=0.00s Real=0.02s
[2024-08-15T15:50:14.825+0000][12110.770s][info][gc          ] GC(2800) Concurrent Mark Cycle
[2024-08-15T15:50:14.825+0000][12110.770s][info][gc,marking  ] GC(2800) Concurrent Clear Claimed Marks
[2024-08-15T15:50:14.826+0000][12110.771s][info][gc,marking  ] GC(2800) Concurrent Clear Claimed Marks 0.411ms
[2024-08-15T15:50:14.826+0000][12110.771s][info][gc,marking  ] GC(2800) Concurrent Scan Root Regions
[2024-08-15T15:50:14.863+0000][12110.807s][info][gc,marking  ] GC(2800) Concurrent Scan Root Regions 36.704ms
[2024-08-15T15:50:14.863+0000][12110.807s][info][gc,marking  ] GC(2800) Concurrent Mark
[2024-08-15T15:50:14.863+0000][12110.807s][info][gc,marking  ] GC(2800) Concurrent Mark From Roots
[2024-08-15T15:50:14.863+0000][12110.807s][info][gc,task     ] GC(2800) Using 2 workers of 2 for marking
[2024-08-15T15:50:18.061+0000][12114.006s][info][gc,marking  ] GC(2800) Concurrent Mark From Roots 3198.272ms
[2024-08-15T15:50:18.061+0000][12114.006s][info][gc,marking  ] GC(2800) Concurrent Preclean
[2024-08-15T15:50:18.063+0000][12114.007s][info][gc,marking  ] GC(2800) Concurrent Preclean 1.758ms
[2024-08-15T15:50:18.063+0000][12114.007s][info][gc,start    ] GC(2800) Pause Remark
[2024-08-15T15:50:18.086+0000][12114.031s][info][gc          ] GC(2800) Pause Remark 7668M->7668M(12288M) 23.561ms
[2024-08-15T15:50:18.086+0000][12114.031s][info][gc,cpu      ] GC(2800) User=0.10s Sys=0.00s Real=0.03s
[2024-08-15T15:50:18.087+0000][12114.031s][info][gc,marking  ] GC(2800) Concurrent Mark 3223.933ms
[2024-08-15T15:50:18.087+0000][12114.031s][info][gc,marking  ] GC(2800) Concurrent Rebuild Remembered Sets
[2024-08-15T15:50:19.971+0000][12115.915s][info][gc,start    ] GC(2801) Pause Young (Normal) (G1 Evacuation Pause)
[2024-08-15T15:50:19.971+0000][12115.915s][info][gc,task     ] GC(2801) Using 6 workers of 6 for evacuation
[2024-08-15T15:50:19.996+0000][12115.941s][info][gc,phases   ] GC(2801)   Pre Evacuate Collection Set: 0.2ms
[2024-08-15T15:50:19.996+0000][12115.941s][info][gc,phases   ] GC(2801)   Merge Heap Roots: 0.4ms
[2024-08-15T15:50:19.996+0000][12115.941s][info][gc,phases   ] GC(2801)   Evacuate Collection Set: 22.8ms
[2024-08-15T15:50:19.996+0000][12115.941s][info][gc,phases   ] GC(2801)   Post Evacuate Collection Set: 1.8ms
[2024-08-15T15:50:19.996+0000][12115.941s][info][gc,phases   ] GC(2801)   Other: 0.2ms
[2024-08-15T15:50:19.996+0000][12115.941s][info][gc,heap     ] GC(2801) Eden regions: 707->0(706)
[2024-08-15T15:50:19.996+0000][12115.941s][info][gc,heap     ] GC(2801) Survivor regions: 8->9(90)
[2024-08-15T15:50:19.996+0000][12115.941s][info][gc,heap     ] GC(2801) Old regions: 494->494
[2024-08-15T15:50:19.996+0000][12115.941s][info][gc,heap     ] GC(2801) Archive regions: 2->2
[2024-08-15T15:50:19.996+0000][12115.941s][info][gc,heap     ] GC(2801) Humongous regions: 6->6
[2024-08-15T15:50:19.996+0000][12115.941s][info][gc,metaspace] GC(2801) Metaspace: 442356K(448832K)->442356K(448832K) NonClass: 387468K(391104K)->387468K(391104K) Class: 54887K(57728K)->54887K(57728K)
[2024-08-15T15:50:19.996+0000][12115.941s][info][gc          ] GC(2801) Pause Young (Normal) (G1 Evacuation Pause) 9720M->4071M(12288M) 25.422ms
[2024-08-15T15:50:19.996+0000][12115.941s][info][gc,cpu      ] GC(2801) User=0.15s Sys=0.00s Real=0.03s
[2024-08-15T15:50:20.029+0000][12115.974s][info][gc,marking  ] GC(2800) Concurrent Rebuild Remembered Sets 1942.663ms
[2024-08-15T15:50:20.029+0000][12115.974s][info][gc,start    ] GC(2800) Pause Cleanup
[2024-08-15T15:50:20.030+0000][12115.975s][info][gc          ] GC(2800) Pause Cleanup 4115M->4115M(12288M) 0.493ms
[2024-08-15T15:50:20.030+0000][12115.975s][info][gc,cpu      ] GC(2800) User=0.00s Sys=0.00s Real=0.00s
[2024-08-15T15:50:20.030+0000][12115.975s][info][gc,marking  ] GC(2800) Concurrent Cleanup for Next Mark
[2024-08-15T15:50:20.047+0000][12115.991s][info][gc,marking  ] GC(2800) Concurrent Cleanup for Next Mark 16.781ms
[2024-08-15T15:50:20.047+0000][12115.991s][info][gc          ] GC(2800) Concurrent Mark Cycle 5221.389ms
[2024-08-15T15:50:24.674+0000][12120.619s][info][gc,start    ] GC(2802) Pause Young (Prepare Mixed) (G1 Evacuation Pause)
[2024-08-15T15:50:24.674+0000][12120.619s][info][gc,task     ] GC(2802) Using 6 workers of 6 for evacuation
[2024-08-15T15:50:24.698+0000][12120.643s][info][gc,phases   ] GC(2802)   Pre Evacuate Collection Set: 0.2ms
[2024-08-15T15:50:24.698+0000][12120.643s][info][gc,phases   ] GC(2802)   Merge Heap Roots: 0.4ms
[2024-08-15T15:50:24.698+0000][12120.643s][info][gc,phases   ] GC(2802)   Evacuate Collection Set: 21.6ms
[2024-08-15T15:50:24.698+0000][12120.643s][info][gc,phases   ] GC(2802)   Post Evacuate Collection Set: 1.7ms
[2024-08-15T15:50:24.698+0000][12120.643s][info][gc,phases   ] GC(2802)   Other: 0.2ms
[2024-08-15T15:50:24.698+0000][12120.643s][info][gc,heap     ] GC(2802) Eden regions: 706->0(66)
[2024-08-15T15:50:24.698+0000][12120.643s][info][gc,heap     ] GC(2802) Survivor regions: 9->10(90)
[2024-08-15T15:50:24.698+0000][12120.643s][info][gc,heap     ] GC(2802) Old regions: 494->494
[2024-08-15T15:50:24.698+0000][12120.643s][info][gc,heap     ] GC(2802) Archive regions: 2->2
[2024-08-15T15:50:24.698+0000][12120.643s][info][gc,heap     ] GC(2802) Humongous regions: 6->6
[2024-08-15T15:50:24.698+0000][12120.643s][info][gc,metaspace] GC(2802) Metaspace: 442356K(448832K)->442356K(448832K) NonClass: 387468K(391104K)->387468K(391104K) Class: 54887K(57728K)->54887K(57728K)
[2024-08-15T15:50:24.698+0000][12120.643s][info][gc          ] GC(2802) Pause Young (Prepare Mixed) (G1 Evacuation Pause) 9719M->4078M(12288M) 24.106ms
[2024-08-15T15:50:24.698+0000][12120.643s][info][gc,cpu      ] GC(2802) User=0.14s Sys=0.00s Real=0.03s
[2024-08-15T15:50:25.136+0000][12121.080s][info][gc,start    ] GC(2803) Pause Young (Mixed) (G1 Evacuation Pause)
[2024-08-15T15:50:25.136+0000][12121.080s][info][gc,task     ] GC(2803) Using 6 workers of 6 for evacuation
[2024-08-15T15:50:25.200+0000][12121.144s][info][gc,phases   ] GC(2803)   Pre Evacuate Collection Set: 0.2ms
[2024-08-15T15:50:25.200+0000][12121.144s][info][gc,phases   ] GC(2803)   Merge Heap Roots: 0.5ms
[2024-08-15T15:50:25.200+0000][12121.144s][info][gc,phases   ] GC(2803)   Evacuate Collection Set: 61.9ms
[2024-08-15T15:50:25.200+0000][12121.144s][info][gc,phases   ] GC(2803)   Post Evacuate Collection Set: 1.2ms
[2024-08-15T15:50:25.200+0000][12121.144s][info][gc,phases   ] GC(2803)   Other: 0.2ms
[2024-08-15T15:50:25.200+0000][12121.144s][info][gc,heap     ] GC(2803) Eden regions: 66->0(708)
[2024-08-15T15:50:25.200+0000][12121.144s][info][gc,heap     ] GC(2803) Survivor regions: 10->6(10)
[2024-08-15T15:50:25.200+0000][12121.144s][info][gc,heap     ] GC(2803) Old regions: 494->495
[2024-08-15T15:50:25.200+0000][12121.144s][info][gc,heap     ] GC(2803) Archive regions: 2->2
[2024-08-15T15:50:25.200+0000][12121.144s][info][gc,heap     ] GC(2803) Humongous regions: 6->6
[2024-08-15T15:50:25.200+0000][12121.144s][info][gc,metaspace] GC(2803) Metaspace: 442356K(448832K)->442356K(448832K) NonClass: 387468K(391104K)->387468K(391104K) Class: 54887K(57728K)->54887K(57728K)
[2024-08-15T15:50:25.200+0000][12121.144s][info][gc          ] GC(2803) Pause Young (Mixed) (G1 Evacuation Pause) 4606M->4053M(12288M) 64.086ms
[2024-08-15T15:50:25.200+0000][12121.144s][info][gc,cpu      ] GC(2803) User=0.38s Sys=0.00s Real=0.06s
[2024-08-15T15:50:29.902+0000][12125.846s][info][gc,start    ] GC(2804) Pause Young (Normal) (G1 Evacuation Pause)
[2024-08-15T15:50:29.902+0000][12125.846s][info][gc,task     ] GC(2804) Using 6 workers of 6 for evacuation
[2024-08-15T15:50:29.916+0000][12125.861s][info][gc,phases   ] GC(2804)   Pre Evacuate Collection Set: 0.2ms
[2024-08-15T15:50:29.916+0000][12125.861s][info][gc,phases   ] GC(2804)   Merge Heap Roots: 0.2ms
[2024-08-15T15:50:29.916+0000][12125.861s][info][gc,phases   ] GC(2804)   Evacuate Collection Set: 12.6ms
[2024-08-15T15:50:29.916+0000][12125.861s][info][gc,phases   ] GC(2804)   Post Evacuate Collection Set: 1.7ms
[2024-08-15T15:50:29.916+0000][12125.861s][info][gc,phases   ] GC(2804)   Other: 0.2ms
[2024-08-15T15:50:29.916+0000][12125.861s][info][gc,heap     ] GC(2804) Eden regions: 708->0(707)
[2024-08-15T15:50:29.916+0000][12125.861s][info][gc,heap     ] GC(2804) Survivor regions: 6->7(90)
[2024-08-15T15:50:29.916+0000][12125.861s][info][gc,heap     ] GC(2804) Old regions: 495->495
[2024-08-15T15:50:29.916+0000][12125.861s][info][gc,heap     ] GC(2804) Archive regions: 2->2
[2024-08-15T15:50:29.916+0000][12125.861s][info][gc,heap     ] GC(2804) Humongous regions: 6->6
[2024-08-15T15:50:29.916+0000][12125.861s][info][gc,metaspace] GC(2804) Metaspace: 442356K(448832K)->442356K(448832K) NonClass: 387468K(391104K)->387468K(391104K) Class: 54887K(57728K)->54887K(57728K)
[2024-08-15T15:50:29.916+0000][12125.861s][info][gc          ] GC(2804) Pause Young (Normal) (G1 Evacuation Pause) 9717M->4061M(12288M) 14.955ms
[2024-08-15T15:50:29.917+0000][12125.861s][info][gc,cpu      ] GC(2804) User=0.09s Sys=0.00s Real=0.02s
[2024-08-15T15:50:34.545+0000][12130.490s][info][gc,start    ] GC(2805) Pause Young (Normal) (G1 Evacuation Pause)
[2024-08-15T15:50:34.545+0000][12130.490s][info][gc,task     ] GC(2805) Using 6 workers of 6 for evacuation
[2024-08-15T15:50:34.562+0000][12130.507s][info][gc,phases   ] GC(2805)   Pre Evacuate Collection Set: 0.2ms
[2024-08-15T15:50:34.562+0000][12130.507s][info][gc,phases   ] GC(2805)   Merge Heap Roots: 0.2ms
[2024-08-15T15:50:34.562+0000][12130.507s][info][gc,phases   ] GC(2805)   Evacuate Collection Set: 14.7ms
[2024-08-15T15:50:34.562+0000][12130.507s][info][gc,phases   ] GC(2805)   Post Evacuate Collection Set: 1.6ms
[2024-08-15T15:50:34.562+0000][12130.507s][info][gc,phases   ] GC(2805)   Other: 0.2ms
[2024-08-15T15:50:34.562+0000][12130.507s][info][gc,heap     ] GC(2805) Eden regions: 707->0(707)
[2024-08-15T15:50:34.562+0000][12130.507s][info][gc,heap     ] GC(2805) Survivor regions: 7->7(90)
[2024-08-15T15:50:34.562+0000][12130.507s][info][gc,heap     ] GC(2805) Old regions: 495->495
[2024-08-15T15:50:34.562+0000][12130.507s][info][gc,heap     ] GC(2805) Archive regions: 2->2
[2024-08-15T15:50:34.562+0000][12130.507s][info][gc,heap     ] GC(2805) Humongous regions: 6->6
[2024-08-15T15:50:34.562+0000][12130.507s][info][gc,metaspace] GC(2805) Metaspace: 442356K(448832K)->442356K(448832K) NonClass: 387468K(391104K)->387468K(391104K) Class: 54887K(57728K)->54887K(57728K)
[2024-08-15T15:50:34.562+0000][12130.507s][info][gc          ] GC(2805) Pause Young (Normal) (G1 Evacuation Pause) 9717M->4061M(12288M) 16.929ms
[2024-08-15T15:50:34.562+0000][12130.507s][info][gc,cpu      ] GC(2805) User=0.10s Sys=0.00s Real=0.01s
[2024-08-15T15:50:39.284+0000][12135.229s][info][gc,start    ] GC(2806) Pause Young (Concurrent Start) (G1 Evacuation Pause)
[2024-08-15T15:50:39.284+0000][12135.229s][info][gc,task     ] GC(2806) Using 6 workers of 6 for evacuation
[2024-08-15T15:50:39.305+0000][12135.249s][info][gc,phases   ] GC(2806)   Pre Evacuate Collection Set: 0.6ms
[2024-08-15T15:50:39.305+0000][12135.249s][info][gc,phases   ] GC(2806)   Merge Heap Roots: 0.3ms
[2024-08-15T15:50:39.305+0000][12135.249s][info][gc,phases   ] GC(2806)   Evacuate Collection Set: 17.8ms
[2024-08-15T15:50:39.305+0000][12135.249s][info][gc,phases   ] GC(2806)   Post Evacuate Collection Set: 1.6ms
[2024-08-15T15:50:39.305+0000][12135.249s][info][gc,phases   ] GC(2806)   Other: 0.3ms
[2024-08-15T15:50:39.305+0000][12135.249s][info][gc,heap     ] GC(2806) Eden regions: 707->0(705)
[2024-08-15T15:50:39.305+0000][12135.249s][info][gc,heap     ] GC(2806) Survivor regions: 7->9(90)
[2024-08-15T15:50:39.305+0000][12135.249s][info][gc,heap     ] GC(2806) Old regions: 495->495
[2024-08-15T15:50:39.305+0000][12135.249s][info][gc,heap     ] GC(2806) Archive regions: 2->2
[2024-08-15T15:50:39.305+0000][12135.249s][info][gc,heap     ] GC(2806) Humongous regions: 6->6
[2024-08-15T15:50:39.305+0000][12135.249s][info][gc,metaspace] GC(2806) Metaspace: 442359K(448832K)->442359K(448832K) NonClass: 387471K(391104K)->387471K(391104K) Class: 54887K(57728K)->54887K(57728K)
[2024-08-15T15:50:39.305+0000][12135.250s][info][gc          ] GC(2806) Pause Young (Concurrent Start) (G1 Evacuation Pause) 9717M->4077M(12288M) 20.502ms
[2024-08-15T15:50:39.305+0000][12135.250s][info][gc,cpu      ] GC(2806) User=0.10s Sys=0.01s Real=0.02s
[2024-08-15T15:50:39.305+0000][12135.250s][info][gc          ] GC(2807) Concurrent Mark Cycle
[2024-08-15T15:50:39.305+0000][12135.250s][info][gc,marking  ] GC(2807) Concurrent Clear Claimed Marks
[2024-08-15T15:50:39.305+0000][12135.250s][info][gc,marking  ] GC(2807) Concurrent Clear Claimed Marks 0.386ms
[2024-08-15T15:50:39.305+0000][12135.250s][info][gc,marking  ] GC(2807) Concurrent Scan Root Regions
[2024-08-15T15:50:39.323+0000][12135.268s][info][gc,marking  ] GC(2807) Concurrent Scan Root Regions 18.071ms
[2024-08-15T15:50:39.324+0000][12135.268s][info][gc,marking  ] GC(2807) Concurrent Mark
[2024-08-15T15:50:39.324+0000][12135.268s][info][gc,marking  ] GC(2807) Concurrent Mark From Roots
[2024-08-15T15:50:39.324+0000][12135.268s][info][gc,task     ] GC(2807) Using 2 workers of 2 for marking
[2024-08-15T15:50:42.622+0000][12138.567s][info][gc,marking  ] GC(2807) Concurrent Mark From Roots 3298.892ms
[2024-08-15T15:50:42.622+0000][12138.567s][info][gc,marking  ] GC(2807) Concurrent Preclean
[2024-08-15T15:50:42.624+0000][12138.569s][info][gc,marking  ] GC(2807) Concurrent Preclean 1.937ms
[2024-08-15T15:50:42.625+0000][12138.569s][info][gc,start    ] GC(2807) Pause Remark
[2024-08-15T15:50:42.648+0000][12138.593s][info][gc          ] GC(2807) Pause Remark 7465M->7465M(12288M) 23.636ms
[2024-08-15T15:50:42.648+0000][12138.593s][info][gc,cpu      ] GC(2807) User=0.10s Sys=0.00s Real=0.02s
[2024-08-15T15:50:42.648+0000][12138.593s][info][gc,marking  ] GC(2807) Concurrent Mark 3324.899ms
[2024-08-15T15:50:42.648+0000][12138.593s][info][gc,marking  ] GC(2807) Concurrent Rebuild Remembered Sets
[2024-08-15T15:50:44.589+0000][12140.534s][info][gc,start    ] GC(2808) Pause Young (Normal) (G1 Evacuation Pause)
[2024-08-15T15:50:44.589+0000][12140.534s][info][gc,task     ] GC(2808) Using 6 workers of 6 for evacuation
[2024-08-15T15:50:44.616+0000][12140.561s][info][gc,phases   ] GC(2808)   Pre Evacuate Collection Set: 0.2ms
[2024-08-15T15:50:44.616+0000][12140.561s][info][gc,phases   ] GC(2808)   Merge Heap Roots: 0.3ms
[2024-08-15T15:50:44.616+0000][12140.561s][info][gc,phases   ] GC(2808)   Evacuate Collection Set: 24.7ms
[2024-08-15T15:50:44.616+0000][12140.561s][info][gc,phases   ] GC(2808)   Post Evacuate Collection Set: 1.7ms
[2024-08-15T15:50:44.616+0000][12140.561s][info][gc,phases   ] GC(2808)   Other: 0.2ms
[2024-08-15T15:50:44.616+0000][12140.561s][info][gc,heap     ] GC(2808) Eden regions: 705->0(705)
[2024-08-15T15:50:44.616+0000][12140.561s][info][gc,heap     ] GC(2808) Survivor regions: 9->10(90)
[2024-08-15T15:50:44.616+0000][12140.561s][info][gc,heap     ] GC(2808) Old regions: 495->495
[2024-08-15T15:50:44.616+0000][12140.561s][info][gc,heap     ] GC(2808) Archive regions: 2->2
[2024-08-15T15:50:44.616+0000][12140.561s][info][gc,heap     ] GC(2808) Humongous regions: 6->6
[2024-08-15T15:50:44.616+0000][12140.561s][info][gc,metaspace] GC(2808) Metaspace: 442359K(448832K)->442359K(448832K) NonClass: 387471K(391104K)->387471K(391104K) Class: 54887K(57728K)->54887K(57728K)
[2024-08-15T15:50:44.616+0000][12140.561s][info][gc          ] GC(2808) Pause Young (Normal) (G1 Evacuation Pause) 9717M->4080M(12288M) 27.255ms
[2024-08-15T15:50:44.616+0000][12140.561s][info][gc,cpu      ] GC(2808) User=0.15s Sys=0.00s Real=0.03s
[2024-08-15T15:50:44.634+0000][12140.579s][info][gc,marking  ] GC(2807) Concurrent Rebuild Remembered Sets 1985.860ms
[2024-08-15T15:50:44.635+0000][12140.579s][info][gc,start    ] GC(2807) Pause Cleanup
[2024-08-15T15:50:44.635+0000][12140.580s][info][gc          ] GC(2807) Pause Cleanup 4112M->4112M(12288M) 0.513ms
[2024-08-15T15:50:44.635+0000][12140.580s][info][gc,cpu      ] GC(2807) User=0.00s Sys=0.00s Real=0.01s
[2024-08-15T15:50:44.635+0000][12140.580s][info][gc,marking  ] GC(2807) Concurrent Cleanup for Next Mark
[2024-08-15T15:50:44.652+0000][12140.597s][info][gc,marking  ] GC(2807) Concurrent Cleanup for Next Mark 16.721ms
[2024-08-15T15:50:44.652+0000][12140.597s][info][gc          ] GC(2807) Concurrent Mark Cycle 5346.990ms
[2024-08-15T15:50:49.383+0000][12145.328s][info][gc,start    ] GC(2809) Pause Young (Prepare Mixed) (G1 Evacuation Pause)
[2024-08-15T15:50:49.383+0000][12145.328s][info][gc,task     ] GC(2809) Using 6 workers of 6 for evacuation
[2024-08-15T15:50:49.409+0000][12145.354s][info][gc,phases   ] GC(2809)   Pre Evacuate Collection Set: 0.2ms
[2024-08-15T15:50:49.409+0000][12145.354s][info][gc,phases   ] GC(2809)   Merge Heap Roots: 0.3ms
[2024-08-15T15:50:49.409+0000][12145.354s][info][gc,phases   ] GC(2809)   Evacuate Collection Set: 23.5ms
[2024-08-15T15:50:49.409+0000][12145.354s][info][gc,phases   ] GC(2809)   Post Evacuate Collection Set: 1.7ms
[2024-08-15T15:50:49.409+0000][12145.354s][info][gc,phases   ] GC(2809)   Other: 0.2ms
[2024-08-15T15:50:49.409+0000][12145.354s][info][gc,heap     ] GC(2809) Eden regions: 705->0(65)
[2024-08-15T15:50:49.409+0000][12145.354s][info][gc,heap     ] GC(2809) Survivor regions: 10->11(90)
[2024-08-15T15:50:49.409+0000][12145.354s][info][gc,heap     ] GC(2809) Old regions: 495->495
[2024-08-15T15:50:49.409+0000][12145.354s][info][gc,heap     ] GC(2809) Archive regions: 2->2
[2024-08-15T15:50:49.409+0000][12145.354s][info][gc,heap     ] GC(2809) Humongous regions: 6->6
[2024-08-15T15:50:49.409+0000][12145.354s][info][gc,metaspace] GC(2809) Metaspace: 442359K(448832K)->442359K(448832K) NonClass: 387471K(391104K)->387471K(391104K) Class: 54887K(57728K)->54887K(57728K)
[2024-08-15T15:50:49.409+0000][12145.354s][info][gc          ] GC(2809) Pause Young (Prepare Mixed) (G1 Evacuation Pause) 9720M->4093M(12288M) 25.945ms
[2024-08-15T15:50:49.409+0000][12145.354s][info][gc,cpu      ] GC(2809) User=0.15s Sys=0.00s Real=0.02s
[2024-08-15T15:50:49.820+0000][12145.765s][info][gc,start    ] GC(2810) Pause Young (Mixed) (G1 Evacuation Pause)
[2024-08-15T15:50:49.820+0000][12145.765s][info][gc,task     ] GC(2810) Using 6 workers of 6 for evacuation
[2024-08-15T15:50:49.880+0000][12145.824s][info][gc,phases   ] GC(2810)   Pre Evacuate Collection Set: 0.2ms
[2024-08-15T15:50:49.880+0000][12145.824s][info][gc,phases   ] GC(2810)   Merge Heap Roots: 0.4ms
[2024-08-15T15:50:49.880+0000][12145.824s][info][gc,phases   ] GC(2810)   Evacuate Collection Set: 57.5ms
[2024-08-15T15:50:49.880+0000][12145.824s][info][gc,phases   ] GC(2810)   Post Evacuate Collection Set: 1.3ms
[2024-08-15T15:50:49.880+0000][12145.824s][info][gc,phases   ] GC(2810)   Other: 0.2ms
[2024-08-15T15:50:49.880+0000][12145.824s][info][gc,heap     ] GC(2810) Eden regions: 65->0(707)
[2024-08-15T15:50:49.880+0000][12145.824s][info][gc,heap     ] GC(2810) Survivor regions: 11->6(10)
[2024-08-15T15:50:49.880+0000][12145.824s][info][gc,heap     ] GC(2810) Old regions: 495->496
[2024-08-15T15:50:49.880+0000][12145.824s][info][gc,heap     ] GC(2810) Archive regions: 2->2
[2024-08-15T15:50:49.880+0000][12145.824s][info][gc,heap     ] GC(2810) Humongous regions: 6->6
[2024-08-15T15:50:49.880+0000][12145.824s][info][gc,metaspace] GC(2810) Metaspace: 442359K(448832K)->442359K(448832K) NonClass: 387471K(391104K)->387471K(391104K) Class: 54887K(57728K)->54887K(57728K)
[2024-08-15T15:50:49.880+0000][12145.824s][info][gc          ] GC(2810) Pause Young (Mixed) (G1 Evacuation Pause) 4613M->4057M(12288M) 59.560ms
[2024-08-15T15:50:49.880+0000][12145.825s][info][gc,cpu      ] GC(2810) User=0.36s Sys=0.00s Real=0.06s
[2024-08-15T15:50:54.577+0000][12150.522s][info][gc,start    ] GC(2811) Pause Young (Normal) (G1 Evacuation Pause)
[2024-08-15T15:50:54.577+0000][12150.522s][info][gc,task     ] GC(2811) Using 6 workers of 6 for evacuation
[2024-08-15T15:50:54.591+0000][12150.535s][info][gc,phases   ] GC(2811)   Pre Evacuate Collection Set: 0.2ms
[2024-08-15T15:50:54.591+0000][12150.535s][info][gc,phases   ] GC(2811)   Merge Heap Roots: 0.2ms
[2024-08-15T15:50:54.591+0000][12150.535s][info][gc,phases   ] GC(2811)   Evacuate Collection Set: 11.1ms
[2024-08-15T15:50:54.591+0000][12150.535s][info][gc,phases   ] GC(2811)   Post Evacuate Collection Set: 1.7ms
[2024-08-15T15:50:54.591+0000][12150.535s][info][gc,phases   ] GC(2811)   Other: 0.2ms
[2024-08-15T15:50:54.591+0000][12150.535s][info][gc,heap     ] GC(2811) Eden regions: 707->0(707)
[2024-08-15T15:50:54.591+0000][12150.535s][info][gc,heap     ] GC(2811) Survivor regions: 6->6(90)
[2024-08-15T15:50:54.591+0000][12150.535s][info][gc,heap     ] GC(2811) Old regions: 496->496
[2024-08-15T15:50:54.591+0000][12150.535s][info][gc,heap     ] GC(2811) Archive regions: 2->2
[2024-08-15T15:50:54.591+0000][12150.535s][info][gc,heap     ] GC(2811) Humongous regions: 6->6
[2024-08-15T15:50:54.591+0000][12150.535s][info][gc,metaspace] GC(2811) Metaspace: 442359K(448832K)->442359K(448832K) NonClass: 387471K(391104K)->387471K(391104K) Class: 54887K(57728K)->54887K(57728K)
[2024-08-15T15:50:54.591+0000][12150.535s][info][gc          ] GC(2811) Pause Young (Normal) (G1 Evacuation Pause) 9713M->4061M(12288M) 13.457ms
[2024-08-15T15:50:54.591+0000][12150.536s][info][gc,cpu      ] GC(2811) User=0.07s Sys=0.00s Real=0.01s
[2024-08-15T15:50:58.846+0000][12154.791s][info][gc,start    ] GC(2812) Pause Young (Normal) (G1 Evacuation Pause)
[2024-08-15T15:50:58.846+0000][12154.791s][info][gc,task     ] GC(2812) Using 6 workers of 6 for evacuation
[2024-08-15T15:50:58.864+0000][12154.809s][info][gc,phases   ] GC(2812)   Pre Evacuate Collection Set: 0.2ms
[2024-08-15T15:50:58.865+0000][12154.809s][info][gc,phases   ] GC(2812)   Merge Heap Roots: 0.2ms
[2024-08-15T15:50:58.865+0000][12154.809s][info][gc,phases   ] GC(2812)   Evacuate Collection Set: 15.1ms
[2024-08-15T15:50:58.865+0000][12154.809s][info][gc,phases   ] GC(2812)   Post Evacuate Collection Set: 2.5ms
[2024-08-15T15:50:58.865+0000][12154.809s][info][gc,phases   ] GC(2812)   Other: 0.2ms
[2024-08-15T15:50:58.865+0000][12154.809s][info][gc,heap     ] GC(2812) Eden regions: 707->0(706)
[2024-08-15T15:50:58.865+0000][12154.809s][info][gc,heap     ] GC(2812) Survivor regions: 6->7(90)
[2024-08-15T15:50:58.865+0000][12154.809s][info][gc,heap     ] GC(2812) Old regions: 496->496
[2024-08-15T15:50:58.865+0000][12154.809s][info][gc,heap     ] GC(2812) Archive regions: 2->2
[2024-08-15T15:50:58.865+0000][12154.809s][info][gc,heap     ] GC(2812) Humongous regions: 6->6
[2024-08-15T15:50:58.865+0000][12154.809s][info][gc,metaspace] GC(2812) Metaspace: 442359K(448832K)->442359K(448832K) NonClass: 387471K(391104K)->387471K(391104K) Class: 54887K(57728K)->54887K(57728K)
[2024-08-15T15:50:58.865+0000][12154.809s][info][gc          ] GC(2812) Pause Young (Normal) (G1 Evacuation Pause) 9717M->4070M(12288M) 18.294ms
[2024-08-15T15:50:58.865+0000][12154.809s][info][gc,cpu      ] GC(2812) User=0.11s Sys=0.00s Real=0.02s
[2024-08-15T15:51:00.723+0000][12156.668s][info][gc,start    ] GC(2813) Pause Young (Concurrent Start) (G1 Evacuation Pause)
[2024-08-15T15:51:00.723+0000][12156.668s][info][gc,task     ] GC(2813) Using 6 workers of 6 for evacuation
[2024-08-15T15:51:00.826+0000][12156.770s][info][gc,phases   ] GC(2813)   Pre Evacuate Collection Set: 0.5ms
[2024-08-15T15:51:00.826+0000][12156.770s][info][gc,phases   ] GC(2813)   Merge Heap Roots: 0.5ms
[2024-08-15T15:51:00.826+0000][12156.770s][info][gc,phases   ] GC(2813)   Evacuate Collection Set: 80.6ms
[2024-08-15T15:51:00.826+0000][12156.770s][info][gc,phases   ] GC(2813)   Post Evacuate Collection Set: 20.6ms
[2024-08-15T15:51:00.826+0000][12156.770s][info][gc,phases   ] GC(2813)   Other: 0.3ms
[2024-08-15T15:51:00.826+0000][12156.770s][info][gc,heap     ] GC(2813) Eden regions: 706->0(696)
[2024-08-15T15:51:00.826+0000][12156.770s][info][gc,heap     ] GC(2813) Survivor regions: 7->13(90)
[2024-08-15T15:51:00.826+0000][12156.770s][info][gc,heap     ] GC(2813) Old regions: 496->496
[2024-08-15T15:51:00.826+0000][12156.770s][info][gc,heap     ] GC(2813) Archive regions: 2->2
[2024-08-15T15:51:00.826+0000][12156.770s][info][gc,heap     ] GC(2813) Humongous regions: 6->6
[2024-08-15T15:51:00.826+0000][12156.770s][info][gc,metaspace] GC(2813) Metaspace: 442359K(448832K)->442359K(448832K) NonClass: 387471K(391104K)->387471K(391104K) Class: 54887K(57728K)->54887K(57728K)
[2024-08-15T15:51:00.826+0000][12156.770s][info][gc          ] GC(2813) Pause Young (Concurrent Start) (G1 Evacuation Pause) 9718M->4114M(12288M) 102.539ms
[2024-08-15T15:51:00.826+0000][12156.770s][info][gc,cpu      ] GC(2813) User=0.60s Sys=0.00s Real=0.10s
[2024-08-15T15:51:00.826+0000][12156.770s][info][gc          ] GC(2814) Concurrent Mark Cycle
[2024-08-15T15:51:00.826+0000][12156.770s][info][gc,marking  ] GC(2814) Concurrent Clear Claimed Marks
[2024-08-15T15:51:00.826+0000][12156.771s][info][gc,marking  ] GC(2814) Concurrent Clear Claimed Marks 0.395ms
[2024-08-15T15:51:00.826+0000][12156.771s][info][gc,marking  ] GC(2814) Concurrent Scan Root Regions
[2024-08-15T15:51:00.880+0000][12156.824s][info][gc,marking  ] GC(2814) Concurrent Scan Root Regions 53.491ms
[2024-08-15T15:51:00.880+0000][12156.824s][info][gc,marking  ] GC(2814) Concurrent Mark
[2024-08-15T15:51:00.880+0000][12156.824s][info][gc,marking  ] GC(2814) Concurrent Mark From Roots
[2024-08-15T15:51:00.880+0000][12156.824s][info][gc,task     ] GC(2814) Using 2 workers of 2 for marking
[2024-08-15T15:51:03.288+0000][12159.233s][info][gc,start    ] GC(2815) Pause Young (Normal) (G1 Evacuation Pause)
[2024-08-15T15:51:03.288+0000][12159.233s][info][gc,task     ] GC(2815) Using 6 workers of 6 for evacuation
[2024-08-15T15:51:03.372+0000][12159.316s][info][gc,phases   ] GC(2815)   Pre Evacuate Collection Set: 0.2ms
[2024-08-15T15:51:03.372+0000][12159.316s][info][gc,phases   ] GC(2815)   Merge Heap Roots: 0.5ms
[2024-08-15T15:51:03.372+0000][12159.316s][info][gc,phases   ] GC(2815)   Evacuate Collection Set: 70.1ms
[2024-08-15T15:51:03.372+0000][12159.316s][info][gc,phases   ] GC(2815)   Post Evacuate Collection Set: 12.9ms
[2024-08-15T15:51:03.372+0000][12159.316s][info][gc,phases   ] GC(2815)   Other: 0.2ms
[2024-08-15T15:51:03.372+0000][12159.316s][info][gc,heap     ] GC(2815) Eden regions: 696->0(690)
[2024-08-15T15:51:03.372+0000][12159.316s][info][gc,heap     ] GC(2815) Survivor regions: 13->17(89)
[2024-08-15T15:51:03.372+0000][12159.316s][info][gc,heap     ] GC(2815) Old regions: 496->496
[2024-08-15T15:51:03.372+0000][12159.316s][info][gc,heap     ] GC(2815) Archive regions: 2->2
[2024-08-15T15:51:03.372+0000][12159.316s][info][gc,heap     ] GC(2815) Humongous regions: 6->6
[2024-08-15T15:51:03.372+0000][12159.316s][info][gc,metaspace] GC(2815) Metaspace: 442359K(448832K)->442359K(448832K) NonClass: 387471K(391104K)->387471K(391104K) Class: 54887K(57728K)->54887K(57728K)
[2024-08-15T15:51:03.372+0000][12159.316s][info][gc          ] GC(2815) Pause Young (Normal) (G1 Evacuation Pause) 9682M->4145M(12288M) 83.909ms
[2024-08-15T15:51:03.372+0000][12159.316s][info][gc,cpu      ] GC(2815) User=0.48s Sys=0.00s Real=0.08s
[2024-08-15T15:51:04.310+0000][12160.254s][info][gc,marking  ] GC(2814) Concurrent Mark From Roots 3429.747ms
[2024-08-15T15:51:04.310+0000][12160.254s][info][gc,marking  ] GC(2814) Concurrent Preclean
[2024-08-15T15:51:04.311+0000][12160.256s][info][gc,marking  ] GC(2814) Concurrent Preclean 1.848ms
[2024-08-15T15:51:04.312+0000][12160.256s][info][gc,start    ] GC(2814) Pause Remark
[2024-08-15T15:51:04.335+0000][12160.280s][info][gc          ] GC(2814) Pause Remark 6105M->6105M(12288M) 23.451ms
[2024-08-15T15:51:04.335+0000][12160.280s][info][gc,cpu      ] GC(2814) User=0.10s Sys=0.00s Real=0.03s
[2024-08-15T15:51:04.335+0000][12160.280s][info][gc,marking  ] GC(2814) Concurrent Mark 3455.472ms
[2024-08-15T15:51:04.335+0000][12160.280s][info][gc,marking  ] GC(2814) Concurrent Rebuild Remembered Sets
[2024-08-15T15:51:06.000+0000][12161.944s][info][gc,start    ] GC(2816) Pause Young (Normal) (G1 Evacuation Pause)
[2024-08-15T15:51:06.000+0000][12161.944s][info][gc,task     ] GC(2816) Using 6 workers of 6 for evacuation
[2024-08-15T15:51:06.092+0000][12162.037s][info][gc,phases   ] GC(2816)   Pre Evacuate Collection Set: 0.2ms
[2024-08-15T15:51:06.092+0000][12162.037s][info][gc,phases   ] GC(2816)   Merge Heap Roots: 0.8ms
[2024-08-15T15:51:06.092+0000][12162.037s][info][gc,phases   ] GC(2816)   Evacuate Collection Set: 78.2ms
[2024-08-15T15:51:06.092+0000][12162.037s][info][gc,phases   ] GC(2816)   Post Evacuate Collection Set: 13.1ms
[2024-08-15T15:51:06.092+0000][12162.037s][info][gc,phases   ] GC(2816)   Other: 0.2ms
[2024-08-15T15:51:06.092+0000][12162.037s][info][gc,heap     ] GC(2816) Eden regions: 690->0(682)
[2024-08-15T15:51:06.092+0000][12162.037s][info][gc,heap     ] GC(2816) Survivor regions: 17->21(89)
[2024-08-15T15:51:06.092+0000][12162.037s][info][gc,heap     ] GC(2816) Old regions: 496->496
[2024-08-15T15:51:06.092+0000][12162.037s][info][gc,heap     ] GC(2816) Archive regions: 2->2
[2024-08-15T15:51:06.092+0000][12162.037s][info][gc,heap     ] GC(2816) Humongous regions: 6->6
[2024-08-15T15:51:06.092+0000][12162.037s][info][gc,metaspace] GC(2816) Metaspace: 442359K(448832K)->442359K(448832K) NonClass: 387471K(391104K)->387471K(391104K) Class: 54887K(57728K)->54887K(57728K)
[2024-08-15T15:51:06.092+0000][12162.037s][info][gc          ] GC(2816) Pause Young (Normal) (G1 Evacuation Pause) 9665M->4178M(12288M) 92.438ms
[2024-08-15T15:51:06.092+0000][12162.037s][info][gc,cpu      ] GC(2816) User=0.54s Sys=0.00s Real=0.09s
[2024-08-15T15:51:06.403+0000][12162.348s][info][gc,marking  ] GC(2814) Concurrent Rebuild Remembered Sets 2067.737ms
[2024-08-15T15:51:06.403+0000][12162.348s][info][gc,start    ] GC(2814) Pause Cleanup
[2024-08-15T15:51:06.404+0000][12162.348s][info][gc          ] GC(2814) Pause Cleanup 4754M->4754M(12288M) 0.596ms
[2024-08-15T15:51:06.404+0000][12162.348s][info][gc,cpu      ] GC(2814) User=0.00s Sys=0.00s Real=0.00s
[2024-08-15T15:51:06.404+0000][12162.349s][info][gc,marking  ] GC(2814) Concurrent Cleanup for Next Mark
[2024-08-15T15:51:06.422+0000][12162.366s][info][gc,marking  ] GC(2814) Concurrent Cleanup for Next Mark 17.798ms
[2024-08-15T15:51:06.422+0000][12162.366s][info][gc          ] GC(2814) Concurrent Mark Cycle 5596.026ms
[2024-08-15T15:51:10.260+0000][12166.205s][info][gc,start    ] GC(2817) Pause Young (Prepare Mixed) (G1 Evacuation Pause)
[2024-08-15T15:51:10.261+0000][12166.205s][info][gc,task     ] GC(2817) Using 6 workers of 6 for evacuation
[2024-08-15T15:51:10.290+0000][12166.235s][info][gc,phases   ] GC(2817)   Pre Evacuate Collection Set: 0.2ms
[2024-08-15T15:51:10.290+0000][12166.235s][info][gc,phases   ] GC(2817)   Merge Heap Roots: 0.5ms
[2024-08-15T15:51:10.290+0000][12166.235s][info][gc,phases   ] GC(2817)   Evacuate Collection Set: 27.4ms
[2024-08-15T15:51:10.290+0000][12166.235s][info][gc,phases   ] GC(2817)   Post Evacuate Collection Set: 1.7ms
[2024-08-15T15:51:10.290+0000][12166.235s][info][gc,phases   ] GC(2817)   Other: 0.2ms
[2024-08-15T15:51:10.290+0000][12166.235s][info][gc,heap     ] GC(2817) Eden regions: 682->0(66)
[2024-08-15T15:51:10.290+0000][12166.235s][info][gc,heap     ] GC(2817) Survivor regions: 21->10(88)
[2024-08-15T15:51:10.290+0000][12166.235s][info][gc,heap     ] GC(2817) Old regions: 496->496
[2024-08-15T15:51:10.290+0000][12166.235s][info][gc,heap     ] GC(2817) Archive regions: 2->2
[2024-08-15T15:51:10.290+0000][12166.235s][info][gc,heap     ] GC(2817) Humongous regions: 6->6
[2024-08-15T15:51:10.290+0000][12166.235s][info][gc,metaspace] GC(2817) Metaspace: 442359K(448832K)->442359K(448832K) NonClass: 387471K(391104K)->387471K(391104K) Class: 54887K(57728K)->54887K(57728K)
[2024-08-15T15:51:10.291+0000][12166.235s][info][gc          ] GC(2817) Pause Young (Prepare Mixed) (G1 Evacuation Pause) 9634M->4094M(12288M) 30.038ms
[2024-08-15T15:51:10.291+0000][12166.235s][info][gc,cpu      ] GC(2817) User=0.18s Sys=0.00s Real=0.03s
[2024-08-15T15:51:10.716+0000][12166.660s][info][gc,start    ] GC(2818) Pause Young (Mixed) (G1 Evacuation Pause)
[2024-08-15T15:51:10.716+0000][12166.660s][info][gc,task     ] GC(2818) Using 6 workers of 6 for evacuation
[2024-08-15T15:51:10.772+0000][12166.717s][info][gc,phases   ] GC(2818)   Pre Evacuate Collection Set: 0.2ms
[2024-08-15T15:51:10.772+0000][12166.717s][info][gc,phases   ] GC(2818)   Merge Heap Roots: 0.4ms
[2024-08-15T15:51:10.772+0000][12166.717s][info][gc,phases   ] GC(2818)   Evacuate Collection Set: 54.6ms
[2024-08-15T15:51:10.772+0000][12166.717s][info][gc,phases   ] GC(2818)   Post Evacuate Collection Set: 1.2ms
[2024-08-15T15:51:10.772+0000][12166.717s][info][gc,phases   ] GC(2818)   Other: 0.2ms
[2024-08-15T15:51:10.772+0000][12166.717s][info][gc,heap     ] GC(2818) Eden regions: 66->0(710)
[2024-08-15T15:51:10.772+0000][12166.717s][info][gc,heap     ] GC(2818) Survivor regions: 10->6(10)
[2024-08-15T15:51:10.772+0000][12166.717s][info][gc,heap     ] GC(2818) Old regions: 496->490
[2024-08-15T15:51:10.772+0000][12166.717s][info][gc,heap     ] GC(2818) Archive regions: 2->2
[2024-08-15T15:51:10.772+0000][12166.717s][info][gc,heap     ] GC(2818) Humongous regions: 6->6
[2024-08-15T15:51:10.772+0000][12166.717s][info][gc,metaspace] GC(2818) Metaspace: 442359K(448832K)->442359K(448832K) NonClass: 387471K(391104K)->387471K(391104K) Class: 54887K(57728K)->54887K(57728K)
[2024-08-15T15:51:10.772+0000][12166.717s][info][gc          ] GC(2818) Pause Young (Mixed) (G1 Evacuation Pause) 4622M->4013M(12288M) 56.661ms
[2024-08-15T15:51:10.772+0000][12166.717s][info][gc,cpu      ] GC(2818) User=0.34s Sys=0.00s Real=0.05s
[2024-08-15T15:51:15.234+0000][12171.178s][info][gc,start    ] GC(2819) Pause Young (Normal) (G1 Evacuation Pause)
[2024-08-15T15:51:15.234+0000][12171.179s][info][gc,task     ] GC(2819) Using 6 workers of 6 for evacuation
[2024-08-15T15:51:15.247+0000][12171.192s][info][gc,phases   ] GC(2819)   Pre Evacuate Collection Set: 0.2ms
[2024-08-15T15:51:15.247+0000][12171.192s][info][gc,phases   ] GC(2819)   Merge Heap Roots: 0.2ms
[2024-08-15T15:51:15.247+0000][12171.192s][info][gc,phases   ] GC(2819)   Evacuate Collection Set: 10.9ms
[2024-08-15T15:51:15.247+0000][12171.192s][info][gc,phases   ] GC(2819)   Post Evacuate Collection Set: 1.7ms
[2024-08-15T15:51:15.247+0000][12171.192s][info][gc,phases   ] GC(2819)   Other: 0.2ms
[2024-08-15T15:51:15.247+0000][12171.192s][info][gc,heap     ] GC(2819) Eden regions: 710->0(711)
[2024-08-15T15:51:15.247+0000][12171.192s][info][gc,heap     ] GC(2819) Survivor regions: 6->6(90)
[2024-08-15T15:51:15.247+0000][12171.192s][info][gc,heap     ] GC(2819) Old regions: 490->490
[2024-08-15T15:51:15.247+0000][12171.192s][info][gc,heap     ] GC(2819) Archive regions: 2->2
[2024-08-15T15:51:15.247+0000][12171.192s][info][gc,heap     ] GC(2819) Humongous regions: 6->6
[2024-08-15T15:51:15.247+0000][12171.192s][info][gc,metaspace] GC(2819) Metaspace: 442359K(448832K)->442359K(448832K) NonClass: 387471K(391104K)->387471K(391104K) Class: 54887K(57728K)->54887K(57728K)
[2024-08-15T15:51:15.247+0000][12171.192s][info][gc          ] GC(2819) Pause Young (Normal) (G1 Evacuation Pause) 9693M->4012M(12288M) 13.268ms
[2024-08-15T15:51:15.247+0000][12171.192s][info][gc,cpu      ] GC(2819) User=0.08s Sys=0.00s Real=0.02s
[2024-08-15T15:51:19.370+0000][12175.315s][info][gc,start    ] GC(2820) Pause Young (Normal) (G1 Evacuation Pause)
[2024-08-15T15:51:19.370+0000][12175.315s][info][gc,task     ] GC(2820) Using 6 workers of 6 for evacuation
[2024-08-15T15:51:19.387+0000][12175.331s][info][gc,phases   ] GC(2820)   Pre Evacuate Collection Set: 0.2ms
[2024-08-15T15:51:19.387+0000][12175.331s][info][gc,phases   ] GC(2820)   Merge Heap Roots: 0.3ms
[2024-08-15T15:51:19.387+0000][12175.331s][info][gc,phases   ] GC(2820)   Evacuate Collection Set: 14.0ms
[2024-08-15T15:51:19.387+0000][12175.331s][info][gc,phases   ] GC(2820)   Post Evacuate Collection Set: 1.7ms
[2024-08-15T15:51:19.387+0000][12175.331s][info][gc,phases   ] GC(2820)   Other: 0.2ms
[2024-08-15T15:51:19.387+0000][12175.331s][info][gc,heap     ] GC(2820) Eden regions: 711->0(711)
[2024-08-15T15:51:19.387+0000][12175.331s][info][gc,heap     ] GC(2820) Survivor regions: 6->7(90)
[2024-08-15T15:51:19.387+0000][12175.331s][info][gc,heap     ] GC(2820) Old regions: 490->490
[2024-08-15T15:51:19.387+0000][12175.331s][info][gc,heap     ] GC(2820) Archive regions: 2->2
[2024-08-15T15:51:19.387+0000][12175.331s][info][gc,heap     ] GC(2820) Humongous regions: 6->6
[2024-08-15T15:51:19.387+0000][12175.331s][info][gc,metaspace] GC(2820) Metaspace: 442359K(448832K)->442359K(448832K) NonClass: 387471K(391104K)->387471K(391104K) Class: 54887K(57728K)->54887K(57728K)
[2024-08-15T15:51:19.387+0000][12175.331s][info][gc          ] GC(2820) Pause Young (Normal) (G1 Evacuation Pause) 9700M->4025M(12288M) 16.471ms
[2024-08-15T15:51:19.387+0000][12175.331s][info][gc,cpu      ] GC(2820) User=0.09s Sys=0.00s Real=0.02s
[2024-08-15T15:51:24.171+0000][12180.116s][info][gc,start    ] GC(2821) Pause Young (Concurrent Start) (G1 Evacuation Pause)
[2024-08-15T15:51:24.171+0000][12180.116s][info][gc,task     ] GC(2821) Using 6 workers of 6 for evacuation
[2024-08-15T15:51:24.189+0000][12180.134s][info][gc,phases   ] GC(2821)   Pre Evacuate Collection Set: 0.5ms
[2024-08-15T15:51:24.189+0000][12180.134s][info][gc,phases   ] GC(2821)   Merge Heap Roots: 0.2ms
[2024-08-15T15:51:24.189+0000][12180.134s][info][gc,phases   ] GC(2821)   Evacuate Collection Set: 15.2ms
[2024-08-15T15:51:24.189+0000][12180.134s][info][gc,phases   ] GC(2821)   Post Evacuate Collection Set: 1.7ms
[2024-08-15T15:51:24.189+0000][12180.134s][info][gc,phases   ] GC(2821)   Other: 0.3ms
[2024-08-15T15:51:24.189+0000][12180.134s][info][gc,heap     ] GC(2821) Eden regions: 711->0(711)
[2024-08-15T15:51:24.189+0000][12180.134s][info][gc,heap     ] GC(2821) Survivor regions: 7->8(90)
[2024-08-15T15:51:24.189+0000][12180.134s][info][gc,heap     ] GC(2821) Old regions: 490->490
[2024-08-15T15:51:24.189+0000][12180.134s][info][gc,heap     ] GC(2821) Archive regions: 2->2
[2024-08-15T15:51:24.189+0000][12180.134s][info][gc,heap     ] GC(2821) Humongous regions: 6->6
[2024-08-15T15:51:24.189+0000][12180.134s][info][gc,metaspace] GC(2821) Metaspace: 442359K(448832K)->442359K(448832K) NonClass: 387471K(391104K)->387471K(391104K) Class: 54887K(57728K)->54887K(57728K)
[2024-08-15T15:51:24.189+0000][12180.134s][info][gc          ] GC(2821) Pause Young (Concurrent Start) (G1 Evacuation Pause) 9713M->4031M(12288M) 17.934ms
[2024-08-15T15:51:24.189+0000][12180.134s][info][gc,cpu      ] GC(2821) User=0.11s Sys=0.00s Real=0.02s
[2024-08-15T15:51:24.189+0000][12180.134s][info][gc          ] GC(2822) Concurrent Mark Cycle
[2024-08-15T15:51:24.189+0000][12180.134s][info][gc,marking  ] GC(2822) Concurrent Clear Claimed Marks
[2024-08-15T15:51:24.190+0000][12180.134s][info][gc,marking  ] GC(2822) Concurrent Clear Claimed Marks 0.362ms
[2024-08-15T15:51:24.190+0000][12180.134s][info][gc,marking  ] GC(2822) Concurrent Scan Root Regions
[2024-08-15T15:51:24.218+0000][12180.162s][info][gc,marking  ] GC(2822) Concurrent Scan Root Regions 28.139ms
[2024-08-15T15:51:24.218+0000][12180.162s][info][gc,marking  ] GC(2822) Concurrent Mark
[2024-08-15T15:51:24.218+0000][12180.162s][info][gc,marking  ] GC(2822) Concurrent Mark From Roots
[2024-08-15T15:51:24.218+0000][12180.162s][info][gc,task     ] GC(2822) Using 2 workers of 2 for marking
[2024-08-15T15:51:27.285+0000][12183.230s][info][gc,marking  ] GC(2822) Concurrent Mark From Roots 3067.215ms
[2024-08-15T15:51:27.285+0000][12183.230s][info][gc,marking  ] GC(2822) Concurrent Preclean
[2024-08-15T15:51:27.287+0000][12183.231s][info][gc,marking  ] GC(2822) Concurrent Preclean 1.448ms
[2024-08-15T15:51:27.287+0000][12183.231s][info][gc,start    ] GC(2822) Pause Remark
[2024-08-15T15:51:27.312+0000][12183.256s][info][gc          ] GC(2822) Pause Remark 7223M->7223M(12288M) 25.002ms
[2024-08-15T15:51:27.312+0000][12183.256s][info][gc,cpu      ] GC(2822) User=0.12s Sys=0.00s Real=0.02s
[2024-08-15T15:51:27.312+0000][12183.257s][info][gc,marking  ] GC(2822) Concurrent Mark 3094.114ms
[2024-08-15T15:51:27.312+0000][12183.257s][info][gc,marking  ] GC(2822) Concurrent Rebuild Remembered Sets
[2024-08-15T15:51:29.111+0000][12185.055s][info][gc,marking  ] GC(2822) Concurrent Rebuild Remembered Sets 1798.881ms
[2024-08-15T15:51:29.111+0000][12185.056s][info][gc,start    ] GC(2822) Pause Cleanup
[2024-08-15T15:51:29.112+0000][12185.056s][info][gc          ] GC(2822) Pause Cleanup 9055M->9055M(12288M) 0.590ms
[2024-08-15T15:51:29.112+0000][12185.056s][info][gc,cpu      ] GC(2822) User=0.00s Sys=0.00s Real=0.00s
[2024-08-15T15:51:29.112+0000][12185.056s][info][gc,marking  ] GC(2822) Concurrent Cleanup for Next Mark
[2024-08-15T15:51:29.128+0000][12185.073s][info][gc,marking  ] GC(2822) Concurrent Cleanup for Next Mark 16.660ms
[2024-08-15T15:51:29.128+0000][12185.073s][info][gc          ] GC(2822) Concurrent Mark Cycle 4939.169ms
[2024-08-15T15:51:29.687+0000][12185.632s][info][gc,start    ] GC(2823) Pause Young (Prepare Mixed) (G1 Evacuation Pause)
[2024-08-15T15:51:29.687+0000][12185.632s][info][gc,task     ] GC(2823) Using 6 workers of 6 for evacuation
[2024-08-15T15:51:29.707+0000][12185.652s][info][gc,phases   ] GC(2823)   Pre Evacuate Collection Set: 0.2ms
[2024-08-15T15:51:29.707+0000][12185.652s][info][gc,phases   ] GC(2823)   Merge Heap Roots: 0.3ms
[2024-08-15T15:51:29.707+0000][12185.652s][info][gc,phases   ] GC(2823)   Evacuate Collection Set: 17.6ms
[2024-08-15T15:51:29.707+0000][12185.652s][info][gc,phases   ] GC(2823)   Post Evacuate Collection Set: 1.8ms
[2024-08-15T15:51:29.707+0000][12185.652s][info][gc,phases   ] GC(2823)   Other: 0.2ms
[2024-08-15T15:51:29.707+0000][12185.652s][info][gc,heap     ] GC(2823) Eden regions: 711->0(66)
[2024-08-15T15:51:29.707+0000][12185.652s][info][gc,heap     ] GC(2823) Survivor regions: 8->10(90)
[2024-08-15T15:51:29.707+0000][12185.652s][info][gc,heap     ] GC(2823) Old regions: 490->490
[2024-08-15T15:51:29.707+0000][12185.652s][info][gc,heap     ] GC(2823) Archive regions: 2->2
[2024-08-15T15:51:29.707+0000][12185.652s][info][gc,heap     ] GC(2823) Humongous regions: 6->6
[2024-08-15T15:51:29.707+0000][12185.652s][info][gc,metaspace] GC(2823) Metaspace: 442359K(448832K)->442359K(448832K) NonClass: 387471K(391104K)->387471K(391104K) Class: 54887K(57728K)->54887K(57728K)
[2024-08-15T15:51:29.707+0000][12185.652s][info][gc          ] GC(2823) Pause Young (Prepare Mixed) (G1 Evacuation Pause) 9719M->4045M(12288M) 20.127ms
[2024-08-15T15:51:29.707+0000][12185.652s][info][gc,cpu      ] GC(2823) User=0.11s Sys=0.01s Real=0.02s
[2024-08-15T15:51:30.141+0000][12186.086s][info][gc,start    ] GC(2824) Pause Young (Mixed) (G1 Evacuation Pause)
[2024-08-15T15:51:30.141+0000][12186.086s][info][gc,task     ] GC(2824) Using 6 workers of 6 for evacuation
[2024-08-15T15:51:30.197+0000][12186.142s][info][gc,phases   ] GC(2824)   Pre Evacuate Collection Set: 0.2ms
[2024-08-15T15:51:30.197+0000][12186.142s][info][gc,phases   ] GC(2824)   Merge Heap Roots: 0.3ms
[2024-08-15T15:51:30.197+0000][12186.142s][info][gc,phases   ] GC(2824)   Evacuate Collection Set: 54.3ms
[2024-08-15T15:51:30.197+0000][12186.142s][info][gc,phases   ] GC(2824)   Post Evacuate Collection Set: 1.3ms
[2024-08-15T15:51:30.197+0000][12186.142s][info][gc,phases   ] GC(2824)   Other: 0.2ms
[2024-08-15T15:51:30.197+0000][12186.142s][info][gc,heap     ] GC(2824) Eden regions: 66->0(716)
[2024-08-15T15:51:30.197+0000][12186.142s][info][gc,heap     ] GC(2824) Survivor regions: 10->6(10)
[2024-08-15T15:51:30.197+0000][12186.142s][info][gc,heap     ] GC(2824) Old regions: 490->486
[2024-08-15T15:51:30.197+0000][12186.142s][info][gc,heap     ] GC(2824) Archive regions: 2->2
[2024-08-15T15:51:30.197+0000][12186.142s][info][gc,heap     ] GC(2824) Humongous regions: 6->6
[2024-08-15T15:51:30.197+0000][12186.142s][info][gc,metaspace] GC(2824) Metaspace: 442359K(448832K)->442359K(448832K) NonClass: 387471K(391104K)->387471K(391104K) Class: 54887K(57728K)->54887K(57728K)
[2024-08-15T15:51:30.197+0000][12186.142s][info][gc          ] GC(2824) Pause Young (Mixed) (G1 Evacuation Pause) 4573M->3983M(12288M) 56.334ms
[2024-08-15T15:51:30.197+0000][12186.142s][info][gc,cpu      ] GC(2824) User=0.34s Sys=0.01s Real=0.06s
[2024-08-15T15:51:34.859+0000][12190.803s][info][gc,start    ] GC(2825) Pause Young (Normal) (G1 Evacuation Pause)
[2024-08-15T15:51:34.859+0000][12190.803s][info][gc,task     ] GC(2825) Using 6 workers of 6 for evacuation
[2024-08-15T15:51:34.872+0000][12190.817s][info][gc,phases   ] GC(2825)   Pre Evacuate Collection Set: 0.2ms
[2024-08-15T15:51:34.873+0000][12190.817s][info][gc,phases   ] GC(2825)   Merge Heap Roots: 0.3ms
[2024-08-15T15:51:34.873+0000][12190.817s][info][gc,phases   ] GC(2825)   Evacuate Collection Set: 11.5ms
[2024-08-15T15:51:34.873+0000][12190.817s][info][gc,phases   ] GC(2825)   Post Evacuate Collection Set: 1.7ms
[2024-08-15T15:51:34.873+0000][12190.817s][info][gc,phases   ] GC(2825)   Other: 0.2ms
[2024-08-15T15:51:34.873+0000][12190.817s][info][gc,heap     ] GC(2825) Eden regions: 716->0(717)
[2024-08-15T15:51:34.873+0000][12190.817s][info][gc,heap     ] GC(2825) Survivor regions: 6->6(91)
[2024-08-15T15:51:34.873+0000][12190.817s][info][gc,heap     ] GC(2825) Old regions: 486->486
[2024-08-15T15:51:34.873+0000][12190.817s][info][gc,heap     ] GC(2825) Archive regions: 2->2
[2024-08-15T15:51:34.873+0000][12190.817s][info][gc,heap     ] GC(2825) Humongous regions: 6->6
[2024-08-15T15:51:34.873+0000][12190.817s][info][gc,metaspace] GC(2825) Metaspace: 442359K(448832K)->442359K(448832K) NonClass: 387471K(391104K)->387471K(391104K) Class: 54887K(57728K)->54887K(57728K)
[2024-08-15T15:51:34.873+0000][12190.817s][info][gc          ] GC(2825) Pause Young (Normal) (G1 Evacuation Pause) 9711M->3986M(12288M) 13.863ms
[2024-08-15T15:51:34.873+0000][12190.817s][info][gc,cpu      ] GC(2825) User=0.08s Sys=0.00s Real=0.01s
[2024-08-15T15:51:39.589+0000][12195.533s][info][gc,start    ] GC(2826) Pause Young (Normal) (G1 Evacuation Pause)
[2024-08-15T15:51:39.589+0000][12195.533s][info][gc,task     ] GC(2826) Using 6 workers of 6 for evacuation
[2024-08-15T15:51:39.604+0000][12195.548s][info][gc,phases   ] GC(2826)   Pre Evacuate Collection Set: 0.2ms
[2024-08-15T15:51:39.604+0000][12195.548s][info][gc,phases   ] GC(2826)   Merge Heap Roots: 0.2ms
[2024-08-15T15:51:39.604+0000][12195.548s][info][gc,phases   ] GC(2826)   Evacuate Collection Set: 12.9ms
[2024-08-15T15:51:39.604+0000][12195.548s][info][gc,phases   ] GC(2826)   Post Evacuate Collection Set: 1.6ms
[2024-08-15T15:51:39.604+0000][12195.548s][info][gc,phases   ] GC(2826)   Other: 0.2ms
[2024-08-15T15:51:39.604+0000][12195.548s][info][gc,heap     ] GC(2826) Eden regions: 717->0(716)
[2024-08-15T15:51:39.604+0000][12195.548s][info][gc,heap     ] GC(2826) Survivor regions: 6->7(91)
[2024-08-15T15:51:39.604+0000][12195.548s][info][gc,heap     ] GC(2826) Old regions: 486->486
[2024-08-15T15:51:39.604+0000][12195.548s][info][gc,heap     ] GC(2826) Archive regions: 2->2
[2024-08-15T15:51:39.604+0000][12195.549s][info][gc,heap     ] GC(2826) Humongous regions: 6->6
[2024-08-15T15:51:39.604+0000][12195.549s][info][gc,metaspace] GC(2826) Metaspace: 442359K(448832K)->442359K(448832K) NonClass: 387471K(391104K)->387471K(391104K) Class: 54887K(57728K)->54887K(57728K)
[2024-08-15T15:51:39.604+0000][12195.549s][info][gc          ] GC(2826) Pause Young (Normal) (G1 Evacuation Pause) 9722M->3989M(12288M) 15.226ms
[2024-08-15T15:51:39.604+0000][12195.549s][info][gc,cpu      ] GC(2826) User=0.09s Sys=0.00s Real=0.02s
[2024-08-15T15:51:44.560+0000][12200.505s][info][gc,start    ] GC(2827) Pause Young (Concurrent Start) (G1 Evacuation Pause)
[2024-08-15T15:51:44.560+0000][12200.505s][info][gc,task     ] GC(2827) Using 6 workers of 6 for evacuation
[2024-08-15T15:51:44.579+0000][12200.524s][info][gc,phases   ] GC(2827)   Pre Evacuate Collection Set: 0.5ms
[2024-08-15T15:51:44.579+0000][12200.524s][info][gc,phases   ] GC(2827)   Merge Heap Roots: 0.2ms
[2024-08-15T15:51:44.579+0000][12200.524s][info][gc,phases   ] GC(2827)   Evacuate Collection Set: 15.9ms
[2024-08-15T15:51:44.579+0000][12200.524s][info][gc,phases   ] GC(2827)   Post Evacuate Collection Set: 1.7ms
[2024-08-15T15:51:44.579+0000][12200.524s][info][gc,phases   ] GC(2827)   Other: 0.3ms
[2024-08-15T15:51:44.579+0000][12200.524s][info][gc,heap     ] GC(2827) Eden regions: 716->0(714)
[2024-08-15T15:51:44.579+0000][12200.524s][info][gc,heap     ] GC(2827) Survivor regions: 7->9(91)
[2024-08-15T15:51:44.579+0000][12200.524s][info][gc,heap     ] GC(2827) Old regions: 486->486
[2024-08-15T15:51:44.579+0000][12200.524s][info][gc,heap     ] GC(2827) Archive regions: 2->2
[2024-08-15T15:51:44.579+0000][12200.524s][info][gc,heap     ] GC(2827) Humongous regions: 6->6
[2024-08-15T15:51:44.579+0000][12200.524s][info][gc,metaspace] GC(2827) Metaspace: 442359K(448832K)->442359K(448832K) NonClass: 387471K(391104K)->387471K(391104K) Class: 54887K(57728K)->54887K(57728K)
[2024-08-15T15:51:44.579+0000][12200.524s][info][gc          ] GC(2827) Pause Young (Concurrent Start) (G1 Evacuation Pause) 9717M->4007M(12288M) 18.790ms
[2024-08-15T15:51:44.579+0000][12200.524s][info][gc,cpu      ] GC(2827) User=0.11s Sys=0.01s Real=0.02s
[2024-08-15T15:51:44.579+0000][12200.524s][info][gc          ] GC(2828) Concurrent Mark Cycle
[2024-08-15T15:51:44.579+0000][12200.524s][info][gc,marking  ] GC(2828) Concurrent Clear Claimed Marks
[2024-08-15T15:51:44.580+0000][12200.524s][info][gc,marking  ] GC(2828) Concurrent Clear Claimed Marks 0.368ms
[2024-08-15T15:51:44.580+0000][12200.524s][info][gc,marking  ] GC(2828) Concurrent Scan Root Regions
[2024-08-15T15:51:44.612+0000][12200.557s][info][gc,marking  ] GC(2828) Concurrent Scan Root Regions 32.833ms
[2024-08-15T15:51:44.612+0000][12200.557s][info][gc,marking  ] GC(2828) Concurrent Mark
[2024-08-15T15:51:44.612+0000][12200.557s][info][gc,marking  ] GC(2828) Concurrent Mark From Roots
[2024-08-15T15:51:44.612+0000][12200.557s][info][gc,task     ] GC(2828) Using 2 workers of 2 for marking
[2024-08-15T15:51:47.668+0000][12203.613s][info][gc,marking  ] GC(2828) Concurrent Mark From Roots 3055.920ms
[2024-08-15T15:51:47.668+0000][12203.613s][info][gc,marking  ] GC(2828) Concurrent Preclean
[2024-08-15T15:51:47.670+0000][12203.615s][info][gc,marking  ] GC(2828) Concurrent Preclean 1.540ms
[2024-08-15T15:51:47.670+0000][12203.615s][info][gc,start    ] GC(2828) Pause Remark
[2024-08-15T15:51:47.694+0000][12203.638s][info][gc          ] GC(2828) Pause Remark 7207M->7199M(12288M) 23.439ms
[2024-08-15T15:51:47.694+0000][12203.638s][info][gc,cpu      ] GC(2828) User=0.10s Sys=0.00s Real=0.02s
[2024-08-15T15:51:47.694+0000][12203.638s][info][gc,marking  ] GC(2828) Concurrent Mark 3081.348ms
[2024-08-15T15:51:47.694+0000][12203.638s][info][gc,marking  ] GC(2828) Concurrent Rebuild Remembered Sets
[2024-08-15T15:51:49.516+0000][12205.461s][info][gc,marking  ] GC(2828) Concurrent Rebuild Remembered Sets 1822.163ms
[2024-08-15T15:51:49.516+0000][12205.461s][info][gc,start    ] GC(2828) Pause Cleanup
[2024-08-15T15:51:49.517+0000][12205.461s][info][gc          ] GC(2828) Pause Cleanup 9159M->9159M(12288M) 0.529ms
[2024-08-15T15:51:49.517+0000][12205.461s][info][gc,cpu      ] GC(2828) User=0.00s Sys=0.00s Real=0.00s
[2024-08-15T15:51:49.517+0000][12205.461s][info][gc,marking  ] GC(2828) Concurrent Cleanup for Next Mark
[2024-08-15T15:51:49.534+0000][12205.478s][info][gc,marking  ] GC(2828) Concurrent Cleanup for Next Mark 16.746ms
[2024-08-15T15:51:49.534+0000][12205.478s][info][gc          ] GC(2828) Concurrent Mark Cycle 4954.466ms
[2024-08-15T15:51:49.988+0000][12205.933s][info][gc,start    ] GC(2829) Pause Young (Prepare Mixed) (G1 Evacuation Pause)
[2024-08-15T15:51:49.988+0000][12205.933s][info][gc,task     ] GC(2829) Using 6 workers of 6 for evacuation
[2024-08-15T15:51:50.009+0000][12205.954s][info][gc,phases   ] GC(2829)   Pre Evacuate Collection Set: 0.2ms
[2024-08-15T15:51:50.009+0000][12205.954s][info][gc,phases   ] GC(2829)   Merge Heap Roots: 0.3ms
[2024-08-15T15:51:50.009+0000][12205.954s][info][gc,phases   ] GC(2829)   Evacuate Collection Set: 18.6ms
[2024-08-15T15:51:50.009+0000][12205.954s][info][gc,phases   ] GC(2829)   Post Evacuate Collection Set: 1.8ms
[2024-08-15T15:51:50.009+0000][12205.954s][info][gc,phases   ] GC(2829)   Other: 0.2ms
[2024-08-15T15:51:50.009+0000][12205.954s][info][gc,heap     ] GC(2829) Eden regions: 714->0(65)
[2024-08-15T15:51:50.009+0000][12205.954s][info][gc,heap     ] GC(2829) Survivor regions: 9->11(91)
[2024-08-15T15:51:50.009+0000][12205.954s][info][gc,heap     ] GC(2829) Old regions: 486->486
[2024-08-15T15:51:50.009+0000][12205.954s][info][gc,heap     ] GC(2829) Archive regions: 2->2
[2024-08-15T15:51:50.009+0000][12205.954s][info][gc,heap     ] GC(2829) Humongous regions: 5->5
[2024-08-15T15:51:50.009+0000][12205.954s][info][gc,metaspace] GC(2829) Metaspace: 442359K(448832K)->442359K(448832K) NonClass: 387471K(391104K)->387471K(391104K) Class: 54887K(57728K)->54887K(57728K)
[2024-08-15T15:51:50.009+0000][12205.954s][info][gc          ] GC(2829) Pause Young (Prepare Mixed) (G1 Evacuation Pause) 9711M->4015M(12288M) 21.097ms
[2024-08-15T15:51:50.009+0000][12205.954s][info][gc,cpu      ] GC(2829) User=0.12s Sys=0.00s Real=0.02s
[2024-08-15T15:51:50.444+0000][12206.389s][info][gc,start    ] GC(2830) Pause Young (Mixed) (G1 Evacuation Pause)
[2024-08-15T15:51:50.445+0000][12206.389s][info][gc,task     ] GC(2830) Using 6 workers of 6 for evacuation
[2024-08-15T15:51:50.509+0000][12206.453s][info][gc,phases   ] GC(2830)   Pre Evacuate Collection Set: 0.2ms
[2024-08-15T15:51:50.509+0000][12206.453s][info][gc,phases   ] GC(2830)   Merge Heap Roots: 0.6ms
[2024-08-15T15:51:50.509+0000][12206.453s][info][gc,phases   ] GC(2830)   Evacuate Collection Set: 61.8ms
[2024-08-15T15:51:50.509+0000][12206.453s][info][gc,phases   ] GC(2830)   Post Evacuate Collection Set: 1.4ms
[2024-08-15T15:51:50.509+0000][12206.453s][info][gc,phases   ] GC(2830)   Other: 0.2ms
[2024-08-15T15:51:50.509+0000][12206.453s][info][gc,heap     ] GC(2830) Eden regions: 65->0(718)
[2024-08-15T15:51:50.509+0000][12206.453s][info][gc,heap     ] GC(2830) Survivor regions: 11->5(10)
[2024-08-15T15:51:50.509+0000][12206.453s][info][gc,heap     ] GC(2830) Old regions: 486->486
[2024-08-15T15:51:50.509+0000][12206.453s][info][gc,heap     ] GC(2830) Archive regions: 2->2
[2024-08-15T15:51:50.509+0000][12206.453s][info][gc,heap     ] GC(2830) Humongous regions: 5->5
[2024-08-15T15:51:50.509+0000][12206.453s][info][gc,metaspace] GC(2830) Metaspace: 442359K(448832K)->442359K(448832K) NonClass: 387471K(391104K)->387471K(391104K) Class: 54887K(57728K)->54887K(57728K)
[2024-08-15T15:51:50.509+0000][12206.453s][info][gc          ] GC(2830) Pause Young (Mixed) (G1 Evacuation Pause) 4535M->3960M(12288M) 64.191ms
[2024-08-15T15:51:50.509+0000][12206.453s][info][gc,cpu      ] GC(2830) User=0.37s Sys=0.00s Real=0.06s
[2024-08-15T15:51:55.092+0000][12211.037s][info][gc,start    ] GC(2831) Pause Young (Normal) (G1 Evacuation Pause)
[2024-08-15T15:51:55.092+0000][12211.037s][info][gc,task     ] GC(2831) Using 6 workers of 6 for evacuation
[2024-08-15T15:51:55.103+0000][12211.047s][info][gc,phases   ] GC(2831)   Pre Evacuate Collection Set: 0.2ms
[2024-08-15T15:51:55.103+0000][12211.047s][info][gc,phases   ] GC(2831)   Merge Heap Roots: 0.2ms
[2024-08-15T15:51:55.103+0000][12211.047s][info][gc,phases   ] GC(2831)   Evacuate Collection Set: 8.2ms
[2024-08-15T15:51:55.103+0000][12211.047s][info][gc,phases   ] GC(2831)   Post Evacuate Collection Set: 1.7ms
[2024-08-15T15:51:55.103+0000][12211.047s][info][gc,phases   ] GC(2831)   Other: 0.2ms
[2024-08-15T15:51:55.103+0000][12211.047s][info][gc,heap     ] GC(2831) Eden regions: 718->0(719)
[2024-08-15T15:51:55.103+0000][12211.047s][info][gc,heap     ] GC(2831) Survivor regions: 5->5(91)
[2024-08-15T15:51:55.103+0000][12211.047s][info][gc,heap     ] GC(2831) Old regions: 486->486
[2024-08-15T15:51:55.103+0000][12211.047s][info][gc,heap     ] GC(2831) Archive regions: 2->2
[2024-08-15T15:51:55.103+0000][12211.047s][info][gc,heap     ] GC(2831) Humongous regions: 5->5
[2024-08-15T15:51:55.103+0000][12211.047s][info][gc,metaspace] GC(2831) Metaspace: 442359K(448832K)->442359K(448832K) NonClass: 387471K(391104K)->387471K(391104K) Class: 54887K(57728K)->54887K(57728K)
[2024-08-15T15:51:55.103+0000][12211.047s][info][gc          ] GC(2831) Pause Young (Normal) (G1 Evacuation Pause) 9704M->3963M(12288M) 10.496ms
[2024-08-15T15:51:55.103+0000][12211.047s][info][gc,cpu      ] GC(2831) User=0.06s Sys=0.00s Real=0.01s
[2024-08-15T15:51:57.334+0000][12213.279s][info][gc,start    ] GC(2832) Pause Young (Normal) (G1 Evacuation Pause)
[2024-08-15T15:51:57.334+0000][12213.279s][info][gc,task     ] GC(2832) Using 6 workers of 6 for evacuation
[2024-08-15T15:51:57.379+0000][12213.324s][info][gc,phases   ] GC(2832)   Pre Evacuate Collection Set: 0.2ms
[2024-08-15T15:51:57.379+0000][12213.324s][info][gc,phases   ] GC(2832)   Merge Heap Roots: 0.2ms
[2024-08-15T15:51:57.379+0000][12213.324s][info][gc,phases   ] GC(2832)   Evacuate Collection Set: 33.6ms
[2024-08-15T15:51:57.379+0000][12213.324s][info][gc,phases   ] GC(2832)   Post Evacuate Collection Set: 10.9ms
[2024-08-15T15:51:57.379+0000][12213.324s][info][gc,phases   ] GC(2832)   Other: 0.2ms
[2024-08-15T15:51:57.379+0000][12213.324s][info][gc,heap     ] GC(2832) Eden regions: 719->0(714)
[2024-08-15T15:51:57.379+0000][12213.324s][info][gc,heap     ] GC(2832) Survivor regions: 5->8(91)
[2024-08-15T15:51:57.379+0000][12213.324s][info][gc,heap     ] GC(2832) Old regions: 486->486
[2024-08-15T15:51:57.379+0000][12213.324s][info][gc,heap     ] GC(2832) Archive regions: 2->2
[2024-08-15T15:51:57.379+0000][12213.324s][info][gc,heap     ] GC(2832) Humongous regions: 5->5
[2024-08-15T15:51:57.379+0000][12213.324s][info][gc,metaspace] GC(2832) Metaspace: 442359K(448832K)->442359K(448832K) NonClass: 387471K(391104K)->387471K(391104K) Class: 54887K(57728K)->54887K(57728K)
[2024-08-15T15:51:57.379+0000][12213.324s][info][gc          ] GC(2832) Pause Young (Normal) (G1 Evacuation Pause) 9715M->3989M(12288M) 45.149ms
[2024-08-15T15:51:57.379+0000][12213.324s][info][gc,cpu      ] GC(2832) User=0.26s Sys=0.00s Real=0.05s
[2024-08-15T15:51:59.412+0000][12215.357s][info][gc,start    ] GC(2833) Pause Young (Concurrent Start) (G1 Evacuation Pause)
[2024-08-15T15:51:59.412+0000][12215.357s][info][gc,task     ] GC(2833) Using 6 workers of 6 for evacuation
[2024-08-15T15:51:59.472+0000][12215.416s][info][gc,phases   ] GC(2833)   Pre Evacuate Collection Set: 0.5ms
[2024-08-15T15:51:59.472+0000][12215.417s][info][gc,phases   ] GC(2833)   Merge Heap Roots: 0.2ms
[2024-08-15T15:51:59.472+0000][12215.417s][info][gc,phases   ] GC(2833)   Evacuate Collection Set: 46.7ms
[2024-08-15T15:51:59.472+0000][12215.417s][info][gc,phases   ] GC(2833)   Post Evacuate Collection Set: 11.9ms
[2024-08-15T15:51:59.472+0000][12215.417s][info][gc,phases   ] GC(2833)   Other: 0.3ms
[2024-08-15T15:51:59.472+0000][12215.417s][info][gc,heap     ] GC(2833) Eden regions: 714->0(708)
[2024-08-15T15:51:59.472+0000][12215.417s][info][gc,heap     ] GC(2833) Survivor regions: 8->13(91)
[2024-08-15T15:51:59.472+0000][12215.417s][info][gc,heap     ] GC(2833) Old regions: 486->486
[2024-08-15T15:51:59.472+0000][12215.417s][info][gc,heap     ] GC(2833) Archive regions: 2->2
[2024-08-15T15:51:59.472+0000][12215.417s][info][gc,heap     ] GC(2833) Humongous regions: 5->5
[2024-08-15T15:51:59.472+0000][12215.417s][info][gc,metaspace] GC(2833) Metaspace: 442359K(448832K)->442359K(448832K) NonClass: 387471K(391104K)->387471K(391104K) Class: 54887K(57728K)->54887K(57728K)
[2024-08-15T15:51:59.472+0000][12215.417s][info][gc          ] GC(2833) Pause Young (Concurrent Start) (G1 Evacuation Pause) 9701M->4025M(12288M) 59.634ms
[2024-08-15T15:51:59.472+0000][12215.417s][info][gc,cpu      ] GC(2833) User=0.34s Sys=0.00s Real=0.06s
[2024-08-15T15:51:59.472+0000][12215.417s][info][gc          ] GC(2834) Concurrent Mark Cycle
[2024-08-15T15:51:59.472+0000][12215.417s][info][gc,marking  ] GC(2834) Concurrent Clear Claimed Marks
[2024-08-15T15:51:59.473+0000][12215.417s][info][gc,marking  ] GC(2834) Concurrent Clear Claimed Marks 0.404ms
[2024-08-15T15:51:59.473+0000][12215.417s][info][gc,marking  ] GC(2834) Concurrent Scan Root Regions
[2024-08-15T15:51:59.519+0000][12215.464s][info][gc,marking  ] GC(2834) Concurrent Scan Root Regions 46.877ms
[2024-08-15T15:51:59.519+0000][12215.464s][info][gc,marking  ] GC(2834) Concurrent Mark
[2024-08-15T15:51:59.519+0000][12215.464s][info][gc,marking  ] GC(2834) Concurrent Mark From Roots
[2024-08-15T15:51:59.520+0000][12215.464s][info][gc,task     ] GC(2834) Using 2 workers of 2 for marking
[2024-08-15T15:52:02.194+0000][12218.138s][info][gc,start    ] GC(2835) Pause Young (Normal) (G1 Evacuation Pause)
[2024-08-15T15:52:02.194+0000][12218.138s][info][gc,task     ] GC(2835) Using 6 workers of 6 for evacuation
[2024-08-15T15:52:02.272+0000][12218.217s][info][gc,phases   ] GC(2835)   Pre Evacuate Collection Set: 0.2ms
[2024-08-15T15:52:02.272+0000][12218.217s][info][gc,phases   ] GC(2835)   Merge Heap Roots: 0.3ms
[2024-08-15T15:52:02.272+0000][12218.217s][info][gc,phases   ] GC(2835)   Evacuate Collection Set: 63.0ms
[2024-08-15T15:52:02.272+0000][12218.217s][info][gc,phases   ] GC(2835)   Post Evacuate Collection Set: 14.7ms
[2024-08-15T15:52:02.272+0000][12218.217s][info][gc,phases   ] GC(2835)   Other: 0.2ms
[2024-08-15T15:52:02.272+0000][12218.217s][info][gc,heap     ] GC(2835) Eden regions: 708->0(701)
[2024-08-15T15:52:02.272+0000][12218.217s][info][gc,heap     ] GC(2835) Survivor regions: 13->17(91)
[2024-08-15T15:52:02.272+0000][12218.217s][info][gc,heap     ] GC(2835) Old regions: 486->486
[2024-08-15T15:52:02.272+0000][12218.217s][info][gc,heap     ] GC(2835) Archive regions: 2->2
[2024-08-15T15:52:02.272+0000][12218.217s][info][gc,heap     ] GC(2835) Humongous regions: 5->5
[2024-08-15T15:52:02.272+0000][12218.217s][info][gc,metaspace] GC(2835) Metaspace: 442359K(448832K)->442359K(448832K) NonClass: 387471K(391104K)->387471K(391104K) Class: 54887K(57728K)->54887K(57728K)
[2024-08-15T15:52:02.272+0000][12218.217s][info][gc          ] GC(2835) Pause Young (Normal) (G1 Evacuation Pause) 9689M->4062M(12288M) 78.393ms
[2024-08-15T15:52:02.272+0000][12218.217s][info][gc,cpu      ] GC(2835) User=0.46s Sys=0.01s Real=0.08s
[2024-08-15T15:52:03.365+0000][12219.310s][info][gc,marking  ] GC(2834) Concurrent Mark From Roots 3845.397ms
[2024-08-15T15:52:03.365+0000][12219.310s][info][gc,marking  ] GC(2834) Concurrent Preclean
[2024-08-15T15:52:03.367+0000][12219.311s][info][gc,marking  ] GC(2834) Concurrent Preclean 1.899ms
[2024-08-15T15:52:03.367+0000][12219.312s][info][gc,start    ] GC(2834) Pause Remark
[2024-08-15T15:52:03.391+0000][12219.335s][info][gc          ] GC(2834) Pause Remark 6510M->6510M(12288M) 23.474ms
[2024-08-15T15:52:03.391+0000][12219.335s][info][gc,cpu      ] GC(2834) User=0.10s Sys=0.01s Real=0.02s
[2024-08-15T15:52:03.391+0000][12219.335s][info][gc,marking  ] GC(2834) Concurrent Mark 3871.382ms
[2024-08-15T15:52:03.391+0000][12219.336s][info][gc,marking  ] GC(2834) Concurrent Rebuild Remembered Sets
[2024-08-15T15:52:04.656+0000][12220.601s][info][gc,start    ] GC(2836) Pause Young (Normal) (G1 Evacuation Pause)
[2024-08-15T15:52:04.656+0000][12220.601s][info][gc,task     ] GC(2836) Using 6 workers of 6 for evacuation
[2024-08-15T15:52:04.747+0000][12220.692s][info][gc,phases   ] GC(2836)   Pre Evacuate Collection Set: 0.2ms
[2024-08-15T15:52:04.747+0000][12220.692s][info][gc,phases   ] GC(2836)   Merge Heap Roots: 0.6ms
[2024-08-15T15:52:04.747+0000][12220.692s][info][gc,phases   ] GC(2836)   Evacuate Collection Set: 75.4ms
[2024-08-15T15:52:04.747+0000][12220.692s][info][gc,phases   ] GC(2836)   Post Evacuate Collection Set: 14.1ms
[2024-08-15T15:52:04.747+0000][12220.692s][info][gc,phases   ] GC(2836)   Other: 0.2ms
[2024-08-15T15:52:04.747+0000][12220.692s][info][gc,heap     ] GC(2836) Eden regions: 701->0(693)
[2024-08-15T15:52:04.747+0000][12220.692s][info][gc,heap     ] GC(2836) Survivor regions: 17->21(90)
[2024-08-15T15:52:04.747+0000][12220.692s][info][gc,heap     ] GC(2836) Old regions: 486->486
[2024-08-15T15:52:04.747+0000][12220.692s][info][gc,heap     ] GC(2836) Archive regions: 2->2
[2024-08-15T15:52:04.747+0000][12220.692s][info][gc,heap     ] GC(2836) Humongous regions: 5->5
[2024-08-15T15:52:04.747+0000][12220.692s][info][gc,metaspace] GC(2836) Metaspace: 442359K(448832K)->442359K(448832K) NonClass: 387471K(391104K)->387471K(391104K) Class: 54887K(57728K)->54887K(57728K)
[2024-08-15T15:52:04.747+0000][12220.692s][info][gc          ] GC(2836) Pause Young (Normal) (G1 Evacuation Pause) 9670M->4089M(12288M) 90.643ms
[2024-08-15T15:52:04.747+0000][12220.692s][info][gc,cpu      ] GC(2836) User=0.53s Sys=0.00s Real=0.09s
[2024-08-15T15:52:05.407+0000][12221.352s][info][gc,marking  ] GC(2834) Concurrent Rebuild Remembered Sets 2016.494ms
[2024-08-15T15:52:05.408+0000][12221.352s][info][gc,start    ] GC(2834) Pause Cleanup
[2024-08-15T15:52:05.408+0000][12221.353s][info][gc          ] GC(2834) Pause Cleanup 5665M->5665M(12288M) 0.528ms
[2024-08-15T15:52:05.408+0000][12221.353s][info][gc,cpu      ] GC(2834) User=0.00s Sys=0.00s Real=0.00s
[2024-08-15T15:52:05.408+0000][12221.353s][info][gc,marking  ] GC(2834) Concurrent Cleanup for Next Mark
[2024-08-15T15:52:05.425+0000][12221.370s][info][gc,marking  ] GC(2834) Concurrent Cleanup for Next Mark 16.942ms
[2024-08-15T15:52:05.425+0000][12221.370s][info][gc          ] GC(2834) Concurrent Mark Cycle 5953.176ms
[2024-08-15T15:52:06.929+0000][12222.874s][info][gc,start    ] GC(2837) Pause Young (Prepare Mixed) (G1 Evacuation Pause)
[2024-08-15T15:52:06.929+0000][12222.874s][info][gc,task     ] GC(2837) Using 6 workers of 6 for evacuation
[2024-08-15T15:52:07.024+0000][12222.968s][info][gc,phases   ] GC(2837)   Pre Evacuate Collection Set: 0.2ms
[2024-08-15T15:52:07.024+0000][12222.968s][info][gc,phases   ] GC(2837)   Merge Heap Roots: 0.4ms
[2024-08-15T15:52:07.024+0000][12222.968s][info][gc,phases   ] GC(2837)   Evacuate Collection Set: 80.4ms
[2024-08-15T15:52:07.024+0000][12222.968s][info][gc,phases   ] GC(2837)   Post Evacuate Collection Set: 13.4ms
[2024-08-15T15:52:07.024+0000][12222.968s][info][gc,phases   ] GC(2837)   Other: 0.2ms
[2024-08-15T15:52:07.024+0000][12222.968s][info][gc,heap     ] GC(2837) Eden regions: 693->0(54)
[2024-08-15T15:52:07.024+0000][12222.968s][info][gc,heap     ] GC(2837) Survivor regions: 21->22(90)
[2024-08-15T15:52:07.024+0000][12222.968s][info][gc,heap     ] GC(2837) Old regions: 486->486
[2024-08-15T15:52:07.024+0000][12222.968s][info][gc,heap     ] GC(2837) Archive regions: 2->2
[2024-08-15T15:52:07.024+0000][12222.968s][info][gc,heap     ] GC(2837) Humongous regions: 5->5
[2024-08-15T15:52:07.024+0000][12222.968s][info][gc,metaspace] GC(2837) Metaspace: 442359K(448832K)->442359K(448832K) NonClass: 387471K(391104K)->387471K(391104K) Class: 54887K(57728K)->54887K(57728K)
[2024-08-15T15:52:07.024+0000][12222.969s][info][gc          ] GC(2837) Pause Young (Prepare Mixed) (G1 Evacuation Pause) 9633M->4098M(12288M) 94.683ms
[2024-08-15T15:52:07.024+0000][12222.969s][info][gc,cpu      ] GC(2837) User=0.55s Sys=0.00s Real=0.10s
[2024-08-15T15:52:07.176+0000][12223.120s][info][gc,start    ] GC(2838) Pause Young (Mixed) (G1 Evacuation Pause)
[2024-08-15T15:52:07.176+0000][12223.120s][info][gc,task     ] GC(2838) Using 6 workers of 6 for evacuation
[2024-08-15T15:52:07.291+0000][12223.236s][info][gc,phases   ] GC(2838)   Pre Evacuate Collection Set: 0.1ms
[2024-08-15T15:52:07.292+0000][12223.236s][info][gc,phases   ] GC(2838)   Merge Heap Roots: 0.5ms
[2024-08-15T15:52:07.292+0000][12223.236s][info][gc,phases   ] GC(2838)   Evacuate Collection Set: 112.6ms
[2024-08-15T15:52:07.292+0000][12223.236s][info][gc,phases   ] GC(2838)   Post Evacuate Collection Set: 2.5ms
[2024-08-15T15:52:07.292+0000][12223.236s][info][gc,phases   ] GC(2838)   Other: 0.2ms
[2024-08-15T15:52:07.292+0000][12223.236s][info][gc,heap     ] GC(2838) Eden regions: 54->0(707)
[2024-08-15T15:52:07.292+0000][12223.236s][info][gc,heap     ] GC(2838) Survivor regions: 22->6(10)
[2024-08-15T15:52:07.292+0000][12223.236s][info][gc,heap     ] GC(2838) Old regions: 486->493
[2024-08-15T15:52:07.292+0000][12223.236s][info][gc,heap     ] GC(2838) Archive regions: 2->2
[2024-08-15T15:52:07.292+0000][12223.236s][info][gc,heap     ] GC(2838) Humongous regions: 5->5
[2024-08-15T15:52:07.292+0000][12223.236s][info][gc,metaspace] GC(2838) Metaspace: 442359K(448832K)->442359K(448832K) NonClass: 387471K(391104K)->387471K(391104K) Class: 54887K(57728K)->54887K(57728K)
[2024-08-15T15:52:07.292+0000][12223.236s][info][gc          ] GC(2838) Pause Young (Mixed) (G1 Evacuation Pause) 4530M->4035M(12288M) 115.928ms
[2024-08-15T15:52:07.292+0000][12223.236s][info][gc,cpu      ] GC(2838) User=0.69s Sys=0.01s Real=0.11s
[2024-08-15T15:52:09.308+0000][12225.253s][info][gc,start    ] GC(2839) Pause Young (Normal) (G1 Evacuation Pause)
[2024-08-15T15:52:09.308+0000][12225.253s][info][gc,task     ] GC(2839) Using 6 workers of 6 for evacuation
[2024-08-15T15:52:09.377+0000][12225.321s][info][gc,phases   ] GC(2839)   Pre Evacuate Collection Set: 0.2ms
[2024-08-15T15:52:09.377+0000][12225.321s][info][gc,phases   ] GC(2839)   Merge Heap Roots: 0.3ms
[2024-08-15T15:52:09.377+0000][12225.321s][info][gc,phases   ] GC(2839)   Evacuate Collection Set: 51.5ms
[2024-08-15T15:52:09.377+0000][12225.321s][info][gc,phases   ] GC(2839)   Post Evacuate Collection Set: 16.1ms
[2024-08-15T15:52:09.377+0000][12225.321s][info][gc,phases   ] GC(2839)   Other: 0.2ms
[2024-08-15T15:52:09.377+0000][12225.321s][info][gc,heap     ] GC(2839) Eden regions: 707->0(703)
[2024-08-15T15:52:09.377+0000][12225.321s][info][gc,heap     ] GC(2839) Survivor regions: 6->10(90)
[2024-08-15T15:52:09.377+0000][12225.321s][info][gc,heap     ] GC(2839) Old regions: 493->493
[2024-08-15T15:52:09.377+0000][12225.321s][info][gc,heap     ] GC(2839) Archive regions: 2->2
[2024-08-15T15:52:09.377+0000][12225.321s][info][gc,heap     ] GC(2839) Humongous regions: 5->5
[2024-08-15T15:52:09.377+0000][12225.321s][info][gc,metaspace] GC(2839) Metaspace: 442359K(448832K)->442359K(448832K) NonClass: 387471K(391104K)->387471K(391104K) Class: 54887K(57728K)->54887K(57728K)
[2024-08-15T15:52:09.377+0000][12225.321s][info][gc          ] GC(2839) Pause Young (Normal) (G1 Evacuation Pause) 9691M->4061M(12288M) 68.396ms
[2024-08-15T15:52:09.377+0000][12225.321s][info][gc,cpu      ] GC(2839) User=0.40s Sys=0.00s Real=0.07s
[2024-08-15T15:52:11.321+0000][12227.266s][info][gc,start    ] GC(2840) Pause Young (Normal) (G1 Evacuation Pause)
[2024-08-15T15:52:11.321+0000][12227.266s][info][gc,task     ] GC(2840) Using 6 workers of 6 for evacuation
[2024-08-15T15:52:11.397+0000][12227.342s][info][gc,phases   ] GC(2840)   Pre Evacuate Collection Set: 0.2ms
[2024-08-15T15:52:11.397+0000][12227.342s][info][gc,phases   ] GC(2840)   Merge Heap Roots: 0.4ms
[2024-08-15T15:52:11.397+0000][12227.342s][info][gc,phases   ] GC(2840)   Evacuate Collection Set: 62.2ms
[2024-08-15T15:52:11.397+0000][12227.342s][info][gc,phases   ] GC(2840)   Post Evacuate Collection Set: 13.4ms
[2024-08-15T15:52:11.397+0000][12227.342s][info][gc,phases   ] GC(2840)   Other: 0.2ms
[2024-08-15T15:52:11.397+0000][12227.342s][info][gc,heap     ] GC(2840) Eden regions: 703->0(700)
[2024-08-15T15:52:11.397+0000][12227.342s][info][gc,heap     ] GC(2840) Survivor regions: 10->13(90)
[2024-08-15T15:52:11.397+0000][12227.342s][info][gc,heap     ] GC(2840) Old regions: 493->493
[2024-08-15T15:52:11.397+0000][12227.342s][info][gc,heap     ] GC(2840) Archive regions: 2->2
[2024-08-15T15:52:11.397+0000][12227.342s][info][gc,heap     ] GC(2840) Humongous regions: 5->5
[2024-08-15T15:52:11.397+0000][12227.342s][info][gc,metaspace] GC(2840) Metaspace: 442359K(448832K)->442359K(448832K) NonClass: 387471K(391104K)->387471K(391104K) Class: 54887K(57728K)->54887K(57728K)
[2024-08-15T15:52:11.398+0000][12227.342s][info][gc          ] GC(2840) Pause Young (Normal) (G1 Evacuation Pause) 9685M->4091M(12288M) 76.461ms
[2024-08-15T15:52:11.398+0000][12227.342s][info][gc,cpu      ] GC(2840) User=0.45s Sys=0.00s Real=0.08s
[2024-08-15T15:52:13.356+0000][12229.301s][info][gc,start    ] GC(2841) Pause Young (Concurrent Start) (G1 Evacuation Pause)
[2024-08-15T15:52:13.356+0000][12229.301s][info][gc,task     ] GC(2841) Using 6 workers of 6 for evacuation
[2024-08-15T15:52:13.433+0000][12229.377s][info][gc,phases   ] GC(2841)   Pre Evacuate Collection Set: 0.5ms
[2024-08-15T15:52:13.433+0000][12229.377s][info][gc,phases   ] GC(2841)   Merge Heap Roots: 0.3ms
[2024-08-15T15:52:13.433+0000][12229.377s][info][gc,phases   ] GC(2841)   Evacuate Collection Set: 63.5ms
[2024-08-15T15:52:13.433+0000][12229.377s][info][gc,phases   ] GC(2841)   Post Evacuate Collection Set: 11.8ms
[2024-08-15T15:52:13.433+0000][12229.377s][info][gc,phases   ] GC(2841)   Other: 0.3ms
[2024-08-15T15:52:13.433+0000][12229.377s][info][gc,heap     ] GC(2841) Eden regions: 700->0(696)
[2024-08-15T15:52:13.433+0000][12229.377s][info][gc,heap     ] GC(2841) Survivor regions: 13->16(90)
[2024-08-15T15:52:13.433+0000][12229.377s][info][gc,heap     ] GC(2841) Old regions: 493->493
[2024-08-15T15:52:13.433+0000][12229.377s][info][gc,heap     ] GC(2841) Archive regions: 2->2
[2024-08-15T15:52:13.433+0000][12229.377s][info][gc,heap     ] GC(2841) Humongous regions: 5->5
[2024-08-15T15:52:13.433+0000][12229.377s][info][gc,metaspace] GC(2841) Metaspace: 442359K(448832K)->442359K(448832K) NonClass: 387471K(391104K)->387471K(391104K) Class: 54887K(57728K)->54887K(57728K)
[2024-08-15T15:52:13.433+0000][12229.377s][info][gc          ] GC(2841) Pause Young (Concurrent Start) (G1 Evacuation Pause) 9691M->4115M(12288M) 76.423ms
[2024-08-15T15:52:13.433+0000][12229.377s][info][gc,cpu      ] GC(2841) User=0.44s Sys=0.00s Real=0.07s
[2024-08-15T15:52:13.433+0000][12229.377s][info][gc          ] GC(2842) Concurrent Mark Cycle
[2024-08-15T15:52:13.433+0000][12229.377s][info][gc,marking  ] GC(2842) Concurrent Clear Claimed Marks
[2024-08-15T15:52:13.433+0000][12229.378s][info][gc,marking  ] GC(2842) Concurrent Clear Claimed Marks 0.405ms
[2024-08-15T15:52:13.433+0000][12229.378s][info][gc,marking  ] GC(2842) Concurrent Scan Root Regions
[2024-08-15T15:52:13.481+0000][12229.425s][info][gc,marking  ] GC(2842) Concurrent Scan Root Regions 47.571ms
[2024-08-15T15:52:13.481+0000][12229.425s][info][gc,marking  ] GC(2842) Concurrent Mark
[2024-08-15T15:52:13.481+0000][12229.425s][info][gc,marking  ] GC(2842) Concurrent Mark From Roots
[2024-08-15T15:52:13.481+0000][12229.425s][info][gc,task     ] GC(2842) Using 2 workers of 2 for marking
[2024-08-15T15:52:15.935+0000][12231.880s][info][gc,start    ] GC(2843) Pause Young (Normal) (G1 Evacuation Pause)
[2024-08-15T15:52:15.935+0000][12231.880s][info][gc,task     ] GC(2843) Using 6 workers of 6 for evacuation
[2024-08-15T15:52:16.021+0000][12231.966s][info][gc,phases   ] GC(2843)   Pre Evacuate Collection Set: 0.2ms
[2024-08-15T15:52:16.021+0000][12231.966s][info][gc,phases   ] GC(2843)   Merge Heap Roots: 0.3ms
[2024-08-15T15:52:16.021+0000][12231.966s][info][gc,phases   ] GC(2843)   Evacuate Collection Set: 73.1ms
[2024-08-15T15:52:16.021+0000][12231.966s][info][gc,phases   ] GC(2843)   Post Evacuate Collection Set: 12.2ms
[2024-08-15T15:52:16.021+0000][12231.966s][info][gc,phases   ] GC(2843)   Other: 0.2ms
[2024-08-15T15:52:16.021+0000][12231.966s][info][gc,heap     ] GC(2843) Eden regions: 696->0(692)
[2024-08-15T15:52:16.021+0000][12231.966s][info][gc,heap     ] GC(2843) Survivor regions: 16->18(89)
[2024-08-15T15:52:16.021+0000][12231.966s][info][gc,heap     ] GC(2843) Old regions: 493->493
[2024-08-15T15:52:16.021+0000][12231.966s][info][gc,heap     ] GC(2843) Archive regions: 2->2
[2024-08-15T15:52:16.021+0000][12231.966s][info][gc,heap     ] GC(2843) Humongous regions: 5->5
[2024-08-15T15:52:16.021+0000][12231.966s][info][gc,metaspace] GC(2843) Metaspace: 442359K(448832K)->442359K(448832K) NonClass: 387471K(391104K)->387471K(391104K) Class: 54887K(57728K)->54887K(57728K)
[2024-08-15T15:52:16.022+0000][12231.966s][info][gc          ] GC(2843) Pause Young (Normal) (G1 Evacuation Pause) 9683M->4131M(12288M) 86.174ms
[2024-08-15T15:52:16.022+0000][12231.966s][info][gc,cpu      ] GC(2843) User=0.51s Sys=0.00s Real=0.08s
[2024-08-15T15:52:16.692+0000][12232.637s][info][gc,marking  ] GC(2842) Concurrent Mark From Roots 3211.395ms
[2024-08-15T15:52:16.692+0000][12232.637s][info][gc,marking  ] GC(2842) Concurrent Preclean
[2024-08-15T15:52:16.694+0000][12232.639s][info][gc,marking  ] GC(2842) Concurrent Preclean 1.763ms
[2024-08-15T15:52:16.694+0000][12232.639s][info][gc,start    ] GC(2842) Pause Remark
[2024-08-15T15:52:16.717+0000][12232.662s][info][gc          ] GC(2842) Pause Remark 5411M->5411M(12288M) 23.240ms
[2024-08-15T15:52:16.717+0000][12232.662s][info][gc,cpu      ] GC(2842) User=0.10s Sys=0.00s Real=0.03s
[2024-08-15T15:52:16.718+0000][12232.662s][info][gc,marking  ] GC(2842) Concurrent Mark 3236.748ms
[2024-08-15T15:52:16.718+0000][12232.662s][info][gc,marking  ] GC(2842) Concurrent Rebuild Remembered Sets
[2024-08-15T15:52:18.556+0000][12234.501s][info][gc,marking  ] GC(2842) Concurrent Rebuild Remembered Sets 1838.429ms
[2024-08-15T15:52:18.556+0000][12234.501s][info][gc,start    ] GC(2842) Pause Cleanup
[2024-08-15T15:52:18.557+0000][12234.501s][info][gc          ] GC(2842) Pause Cleanup 7387M->7387M(12288M) 0.600ms
[2024-08-15T15:52:18.557+0000][12234.501s][info][gc,cpu      ] GC(2842) User=0.00s Sys=0.00s Real=0.00s
[2024-08-15T15:52:18.557+0000][12234.502s][info][gc,marking  ] GC(2842) Concurrent Cleanup for Next Mark
[2024-08-15T15:52:18.574+0000][12234.518s][info][gc,marking  ] GC(2842) Concurrent Cleanup for Next Mark 16.904ms
[2024-08-15T15:52:18.574+0000][12234.518s][info][gc          ] GC(2842) Concurrent Mark Cycle 5141.091ms
[2024-08-15T15:52:20.447+0000][12236.391s][info][gc,start    ] GC(2844) Pause Young (Prepare Mixed) (G1 Evacuation Pause)
[2024-08-15T15:52:20.447+0000][12236.391s][info][gc,task     ] GC(2844) Using 6 workers of 6 for evacuation
[2024-08-15T15:52:20.506+0000][12236.451s][info][gc,phases   ] GC(2844)   Pre Evacuate Collection Set: 0.2ms
[2024-08-15T15:52:20.506+0000][12236.451s][info][gc,phases   ] GC(2844)   Merge Heap Roots: 0.4ms
[2024-08-15T15:52:20.506+0000][12236.451s][info][gc,phases   ] GC(2844)   Evacuate Collection Set: 56.7ms
[2024-08-15T15:52:20.506+0000][12236.451s][info][gc,phases   ] GC(2844)   Post Evacuate Collection Set: 1.8ms
[2024-08-15T15:52:20.506+0000][12236.451s][info][gc,phases   ] GC(2844)   Other: 0.2ms
[2024-08-15T15:52:20.506+0000][12236.451s][info][gc,heap     ] GC(2844) Eden regions: 692->0(55)
[2024-08-15T15:52:20.506+0000][12236.451s][info][gc,heap     ] GC(2844) Survivor regions: 18->21(89)
[2024-08-15T15:52:20.506+0000][12236.451s][info][gc,heap     ] GC(2844) Old regions: 493->493
[2024-08-15T15:52:20.506+0000][12236.451s][info][gc,heap     ] GC(2844) Archive regions: 2->2
[2024-08-15T15:52:20.506+0000][12236.451s][info][gc,heap     ] GC(2844) Humongous regions: 5->5
[2024-08-15T15:52:20.506+0000][12236.451s][info][gc,metaspace] GC(2844) Metaspace: 442359K(448832K)->442359K(448832K) NonClass: 387471K(391104K)->387471K(391104K) Class: 54887K(57728K)->54887K(57728K)
[2024-08-15T15:52:20.506+0000][12236.451s][info][gc          ] GC(2844) Pause Young (Prepare Mixed) (G1 Evacuation Pause) 9667M->4151M(12288M) 59.344ms
[2024-08-15T15:52:20.506+0000][12236.451s][info][gc,cpu      ] GC(2844) User=0.35s Sys=0.00s Real=0.06s
[2024-08-15T15:52:20.873+0000][12236.818s][info][gc,start    ] GC(2845) Pause Young (Mixed) (G1 Evacuation Pause)
[2024-08-15T15:52:20.873+0000][12236.818s][info][gc,task     ] GC(2845) Using 6 workers of 6 for evacuation
[2024-08-15T15:52:20.964+0000][12236.908s][info][gc,phases   ] GC(2845)   Pre Evacuate Collection Set: 0.2ms
[2024-08-15T15:52:20.964+0000][12236.908s][info][gc,phases   ] GC(2845)   Merge Heap Roots: 0.5ms
[2024-08-15T15:52:20.964+0000][12236.908s][info][gc,phases   ] GC(2845)   Evacuate Collection Set: 88.3ms
[2024-08-15T15:52:20.964+0000][12236.908s][info][gc,phases   ] GC(2845)   Post Evacuate Collection Set: 1.2ms
[2024-08-15T15:52:20.964+0000][12236.908s][info][gc,phases   ] GC(2845)   Other: 0.2ms
[2024-08-15T15:52:20.964+0000][12236.908s][info][gc,heap     ] GC(2845) Eden regions: 55->0(705)
[2024-08-15T15:52:20.964+0000][12236.908s][info][gc,heap     ] GC(2845) Survivor regions: 21->5(10)
[2024-08-15T15:52:20.964+0000][12236.908s][info][gc,heap     ] GC(2845) Old regions: 493->498
[2024-08-15T15:52:20.964+0000][12236.908s][info][gc,heap     ] GC(2845) Archive regions: 2->2
[2024-08-15T15:52:20.964+0000][12236.908s][info][gc,heap     ] GC(2845) Humongous regions: 5->5
[2024-08-15T15:52:20.964+0000][12236.908s][info][gc,metaspace] GC(2845) Metaspace: 442359K(448832K)->442359K(448832K) NonClass: 387471K(391104K)->387471K(391104K) Class: 54887K(57728K)->54887K(57728K)
[2024-08-15T15:52:20.964+0000][12236.908s][info][gc          ] GC(2845) Pause Young (Mixed) (G1 Evacuation Pause) 4591M->4061M(12288M) 90.460ms
[2024-08-15T15:52:20.964+0000][12236.908s][info][gc,cpu      ] GC(2845) User=0.54s Sys=0.00s Real=0.10s
[2024-08-15T15:52:25.715+0000][12241.659s][info][gc,start    ] GC(2846) Pause Young (Normal) (G1 Evacuation Pause)
[2024-08-15T15:52:25.715+0000][12241.659s][info][gc,task     ] GC(2846) Using 6 workers of 6 for evacuation
[2024-08-15T15:52:25.724+0000][12241.669s][info][gc,phases   ] GC(2846)   Pre Evacuate Collection Set: 0.2ms
[2024-08-15T15:52:25.724+0000][12241.669s][info][gc,phases   ] GC(2846)   Merge Heap Roots: 0.2ms
[2024-08-15T15:52:25.724+0000][12241.669s][info][gc,phases   ] GC(2846)   Evacuate Collection Set: 7.7ms
[2024-08-15T15:52:25.724+0000][12241.669s][info][gc,phases   ] GC(2846)   Post Evacuate Collection Set: 1.7ms
[2024-08-15T15:52:25.724+0000][12241.669s][info][gc,phases   ] GC(2846)   Other: 0.2ms
[2024-08-15T15:52:25.724+0000][12241.669s][info][gc,heap     ] GC(2846) Eden regions: 705->0(705)
[2024-08-15T15:52:25.724+0000][12241.669s][info][gc,heap     ] GC(2846) Survivor regions: 5->5(89)
[2024-08-15T15:52:25.724+0000][12241.669s][info][gc,heap     ] GC(2846) Old regions: 498->498
[2024-08-15T15:52:25.724+0000][12241.669s][info][gc,heap     ] GC(2846) Archive regions: 2->2
[2024-08-15T15:52:25.724+0000][12241.669s][info][gc,heap     ] GC(2846) Humongous regions: 5->5
[2024-08-15T15:52:25.724+0000][12241.669s][info][gc,metaspace] GC(2846) Metaspace: 442359K(448832K)->442359K(448832K) NonClass: 387471K(391104K)->387471K(391104K) Class: 54887K(57728K)->54887K(57728K)
[2024-08-15T15:52:25.724+0000][12241.669s][info][gc          ] GC(2846) Pause Young (Normal) (G1 Evacuation Pause) 9701M->4059M(12288M) 9.979ms
[2024-08-15T15:52:25.725+0000][12241.669s][info][gc,cpu      ] GC(2846) User=0.06s Sys=0.00s Real=0.02s
[2024-08-15T15:52:30.414+0000][12246.359s][info][gc,start    ] GC(2847) Pause Young (Normal) (G1 Evacuation Pause)
[2024-08-15T15:52:30.414+0000][12246.359s][info][gc,task     ] GC(2847) Using 6 workers of 6 for evacuation
[2024-08-15T15:52:30.428+0000][12246.373s][info][gc,phases   ] GC(2847)   Pre Evacuate Collection Set: 0.2ms
[2024-08-15T15:52:30.428+0000][12246.373s][info][gc,phases   ] GC(2847)   Merge Heap Roots: 0.2ms
[2024-08-15T15:52:30.428+0000][12246.373s][info][gc,phases   ] GC(2847)   Evacuate Collection Set: 11.4ms
[2024-08-15T15:52:30.428+0000][12246.373s][info][gc,phases   ] GC(2847)   Post Evacuate Collection Set: 1.7ms
[2024-08-15T15:52:30.428+0000][12246.373s][info][gc,phases   ] GC(2847)   Other: 0.2ms
[2024-08-15T15:52:30.428+0000][12246.373s][info][gc,heap     ] GC(2847) Eden regions: 705->0(704)
[2024-08-15T15:52:30.428+0000][12246.373s][info][gc,heap     ] GC(2847) Survivor regions: 5->7(89)
[2024-08-15T15:52:30.428+0000][12246.373s][info][gc,heap     ] GC(2847) Old regions: 498->498
[2024-08-15T15:52:30.428+0000][12246.373s][info][gc,heap     ] GC(2847) Archive regions: 2->2
[2024-08-15T15:52:30.428+0000][12246.373s][info][gc,heap     ] GC(2847) Humongous regions: 5->5
[2024-08-15T15:52:30.428+0000][12246.373s][info][gc,metaspace] GC(2847) Metaspace: 442359K(448832K)->442359K(448832K) NonClass: 387471K(391104K)->387471K(391104K) Class: 54887K(57728K)->54887K(57728K)
[2024-08-15T15:52:30.428+0000][12246.373s][info][gc          ] GC(2847) Pause Young (Normal) (G1 Evacuation Pause) 9699M->4077M(12288M) 13.823ms
[2024-08-15T15:52:30.428+0000][12246.373s][info][gc,cpu      ] GC(2847) User=0.08s Sys=0.00s Real=0.02s
[2024-08-15T15:52:34.542+0000][12250.487s][info][gc,start    ] GC(2848) Pause Young (Concurrent Start) (G1 Evacuation Pause)
[2024-08-15T15:52:34.542+0000][12250.487s][info][gc,task     ] GC(2848) Using 6 workers of 6 for evacuation
[2024-08-15T15:52:34.557+0000][12250.502s][info][gc,phases   ] GC(2848)   Pre Evacuate Collection Set: 0.5ms
[2024-08-15T15:52:34.557+0000][12250.502s][info][gc,phases   ] GC(2848)   Merge Heap Roots: 0.3ms
[2024-08-15T15:52:34.557+0000][12250.502s][info][gc,phases   ] GC(2848)   Evacuate Collection Set: 12.5ms
[2024-08-15T15:52:34.557+0000][12250.502s][info][gc,phases   ] GC(2848)   Post Evacuate Collection Set: 1.7ms
[2024-08-15T15:52:34.557+0000][12250.502s][info][gc,phases   ] GC(2848)   Other: 0.3ms
[2024-08-15T15:52:34.557+0000][12250.502s][info][gc,heap     ] GC(2848) Eden regions: 704->0(704)
[2024-08-15T15:52:34.557+0000][12250.502s][info][gc,heap     ] GC(2848) Survivor regions: 7->7(89)
[2024-08-15T15:52:34.557+0000][12250.502s][info][gc,heap     ] GC(2848) Old regions: 498->498
[2024-08-15T15:52:34.557+0000][12250.502s][info][gc,heap     ] GC(2848) Archive regions: 2->2
[2024-08-15T15:52:34.557+0000][12250.502s][info][gc,heap     ] GC(2848) Humongous regions: 5->5
[2024-08-15T15:52:34.557+0000][12250.502s][info][gc,metaspace] GC(2848) Metaspace: 442359K(448832K)->442359K(448832K) NonClass: 387471K(391104K)->387471K(391104K) Class: 54887K(57728K)->54887K(57728K)
[2024-08-15T15:52:34.557+0000][12250.502s][info][gc          ] GC(2848) Pause Young (Concurrent Start) (G1 Evacuation Pause) 9709M->4080M(12288M) 15.313ms
[2024-08-15T15:52:34.558+0000][12250.502s][info][gc,cpu      ] GC(2848) User=0.09s Sys=0.00s Real=0.02s
[2024-08-15T15:52:34.558+0000][12250.502s][info][gc          ] GC(2849) Concurrent Mark Cycle
[2024-08-15T15:52:34.558+0000][12250.502s][info][gc,marking  ] GC(2849) Concurrent Clear Claimed Marks
[2024-08-15T15:52:34.558+0000][12250.503s][info][gc,marking  ] GC(2849) Concurrent Clear Claimed Marks 0.372ms
[2024-08-15T15:52:34.558+0000][12250.503s][info][gc,marking  ] GC(2849) Concurrent Scan Root Regions
[2024-08-15T15:52:34.570+0000][12250.515s][info][gc,marking  ] GC(2849) Concurrent Scan Root Regions 12.038ms
[2024-08-15T15:52:34.570+0000][12250.515s][info][gc,marking  ] GC(2849) Concurrent Mark
[2024-08-15T15:52:34.570+0000][12250.515s][info][gc,marking  ] GC(2849) Concurrent Mark From Roots
[2024-08-15T15:52:34.570+0000][12250.515s][info][gc,task     ] GC(2849) Using 2 workers of 2 for marking
[2024-08-15T15:52:37.799+0000][12253.744s][info][gc,marking  ] GC(2849) Concurrent Mark From Roots 3229.233ms
[2024-08-15T15:52:37.799+0000][12253.744s][info][gc,marking  ] GC(2849) Concurrent Preclean
[2024-08-15T15:52:37.801+0000][12253.745s][info][gc,marking  ] GC(2849) Concurrent Preclean 1.269ms
[2024-08-15T15:52:37.801+0000][12253.745s][info][gc,start    ] GC(2849) Pause Remark
[2024-08-15T15:52:37.824+0000][12253.769s][info][gc          ] GC(2849) Pause Remark 7932M->7932M(12288M) 23.324ms
[2024-08-15T15:52:37.824+0000][12253.769s][info][gc,cpu      ] GC(2849) User=0.10s Sys=0.00s Real=0.03s
[2024-08-15T15:52:37.824+0000][12253.769s][info][gc,marking  ] GC(2849) Concurrent Mark 3254.343ms
[2024-08-15T15:52:37.824+0000][12253.769s][info][gc,marking  ] GC(2849) Concurrent Rebuild Remembered Sets
[2024-08-15T15:52:39.454+0000][12255.398s][info][gc,start    ] GC(2850) Pause Young (Normal) (G1 Evacuation Pause)
[2024-08-15T15:52:39.454+0000][12255.399s][info][gc,task     ] GC(2850) Using 6 workers of 6 for evacuation
[2024-08-15T15:52:39.471+0000][12255.415s][info][gc,phases   ] GC(2850)   Pre Evacuate Collection Set: 0.2ms
[2024-08-15T15:52:39.471+0000][12255.415s][info][gc,phases   ] GC(2850)   Merge Heap Roots: 0.3ms
[2024-08-15T15:52:39.471+0000][12255.415s][info][gc,phases   ] GC(2850)   Evacuate Collection Set: 14.8ms
[2024-08-15T15:52:39.471+0000][12255.416s][info][gc,phases   ] GC(2850)   Post Evacuate Collection Set: 1.6ms
[2024-08-15T15:52:39.471+0000][12255.416s][info][gc,phases   ] GC(2850)   Other: 0.2ms
[2024-08-15T15:52:39.471+0000][12255.416s][info][gc,heap     ] GC(2850) Eden regions: 704->0(702)
[2024-08-15T15:52:39.471+0000][12255.416s][info][gc,heap     ] GC(2850) Survivor regions: 7->9(89)
[2024-08-15T15:52:39.471+0000][12255.416s][info][gc,heap     ] GC(2850) Old regions: 498->498
[2024-08-15T15:52:39.471+0000][12255.416s][info][gc,heap     ] GC(2850) Archive regions: 2->2
[2024-08-15T15:52:39.471+0000][12255.416s][info][gc,heap     ] GC(2850) Humongous regions: 5->5
[2024-08-15T15:52:39.471+0000][12255.416s][info][gc,metaspace] GC(2850) Metaspace: 442359K(448832K)->442359K(448832K) NonClass: 387471K(391104K)->387471K(391104K) Class: 54887K(57728K)->54887K(57728K)
[2024-08-15T15:52:39.471+0000][12255.416s][info][gc          ] GC(2850) Pause Young (Normal) (G1 Evacuation Pause) 9712M->4091M(12288M) 17.090ms
[2024-08-15T15:52:39.471+0000][12255.416s][info][gc,cpu      ] GC(2850) User=0.10s Sys=0.01s Real=0.02s
[2024-08-15T15:52:39.753+0000][12255.697s][info][gc,marking  ] GC(2849) Concurrent Rebuild Remembered Sets 1928.120ms
[2024-08-15T15:52:39.753+0000][12255.697s][info][gc,start    ] GC(2849) Pause Cleanup
[2024-08-15T15:52:39.753+0000][12255.698s][info][gc          ] GC(2849) Pause Cleanup 4415M->4415M(12288M) 0.554ms
[2024-08-15T15:52:39.753+0000][12255.698s][info][gc,cpu      ] GC(2849) User=0.00s Sys=0.00s Real=0.00s
[2024-08-15T15:52:39.753+0000][12255.698s][info][gc,marking  ] GC(2849) Concurrent Cleanup for Next Mark
[2024-08-15T15:52:39.770+0000][12255.715s][info][gc,marking  ] GC(2849) Concurrent Cleanup for Next Mark 16.958ms
[2024-08-15T15:52:39.770+0000][12255.715s][info][gc          ] GC(2849) Concurrent Mark Cycle 5212.829ms
[2024-08-15T15:52:44.027+0000][12259.971s][info][gc,start    ] GC(2851) Pause Young (Prepare Mixed) (G1 Evacuation Pause)
[2024-08-15T15:52:44.027+0000][12259.972s][info][gc,task     ] GC(2851) Using 6 workers of 6 for evacuation
[2024-08-15T15:52:44.047+0000][12259.991s][info][gc,phases   ] GC(2851)   Pre Evacuate Collection Set: 0.2ms
[2024-08-15T15:52:44.047+0000][12259.991s][info][gc,phases   ] GC(2851)   Merge Heap Roots: 0.3ms
[2024-08-15T15:52:44.047+0000][12259.991s][info][gc,phases   ] GC(2851)   Evacuate Collection Set: 17.3ms
[2024-08-15T15:52:44.047+0000][12259.991s][info][gc,phases   ] GC(2851)   Post Evacuate Collection Set: 1.8ms
[2024-08-15T15:52:44.047+0000][12259.991s][info][gc,phases   ] GC(2851)   Other: 0.2ms
[2024-08-15T15:52:44.047+0000][12259.991s][info][gc,heap     ] GC(2851) Eden regions: 702->0(68)
[2024-08-15T15:52:44.047+0000][12259.991s][info][gc,heap     ] GC(2851) Survivor regions: 9->8(89)
[2024-08-15T15:52:44.047+0000][12259.991s][info][gc,heap     ] GC(2851) Old regions: 498->498
[2024-08-15T15:52:44.047+0000][12259.991s][info][gc,heap     ] GC(2851) Archive regions: 2->2
[2024-08-15T15:52:44.047+0000][12259.991s][info][gc,heap     ] GC(2851) Humongous regions: 5->5
[2024-08-15T15:52:44.047+0000][12259.991s][info][gc,metaspace] GC(2851) Metaspace: 442359K(448832K)->442359K(448832K) NonClass: 387471K(391104K)->387471K(391104K) Class: 54887K(57728K)->54887K(57728K)
[2024-08-15T15:52:44.047+0000][12259.991s][info][gc          ] GC(2851) Pause Young (Prepare Mixed) (G1 Evacuation Pause) 9707M->4085M(12288M) 19.823ms
[2024-08-15T15:52:44.047+0000][12259.991s][info][gc,cpu      ] GC(2851) User=0.12s Sys=0.00s Real=0.02s
[2024-08-15T15:52:44.519+0000][12260.463s][info][gc,start    ] GC(2852) Pause Young (Mixed) (G1 Evacuation Pause)
[2024-08-15T15:52:44.519+0000][12260.463s][info][gc,task     ] GC(2852) Using 6 workers of 6 for evacuation
[2024-08-15T15:52:44.569+0000][12260.514s][info][gc,phases   ] GC(2852)   Pre Evacuate Collection Set: 0.2ms
[2024-08-15T15:52:44.569+0000][12260.514s][info][gc,phases   ] GC(2852)   Merge Heap Roots: 0.4ms
[2024-08-15T15:52:44.569+0000][12260.514s][info][gc,phases   ] GC(2852)   Evacuate Collection Set: 48.7ms
[2024-08-15T15:52:44.569+0000][12260.514s][info][gc,phases   ] GC(2852)   Post Evacuate Collection Set: 1.3ms
[2024-08-15T15:52:44.569+0000][12260.514s][info][gc,phases   ] GC(2852)   Other: 0.2ms
[2024-08-15T15:52:44.569+0000][12260.514s][info][gc,heap     ] GC(2852) Eden regions: 68->0(711)
[2024-08-15T15:52:44.569+0000][12260.514s][info][gc,heap     ] GC(2852) Survivor regions: 8->6(10)
[2024-08-15T15:52:44.569+0000][12260.514s][info][gc,heap     ] GC(2852) Old regions: 498->493
[2024-08-15T15:52:44.569+0000][12260.514s][info][gc,heap     ] GC(2852) Archive regions: 2->2
[2024-08-15T15:52:44.570+0000][12260.514s][info][gc,heap     ] GC(2852) Humongous regions: 5->5
[2024-08-15T15:52:44.570+0000][12260.514s][info][gc,metaspace] GC(2852) Metaspace: 442359K(448832K)->442359K(448832K) NonClass: 387471K(391104K)->387471K(391104K) Class: 54887K(57728K)->54887K(57728K)
[2024-08-15T15:52:44.570+0000][12260.514s][info][gc          ] GC(2852) Pause Young (Mixed) (G1 Evacuation Pause) 4629M->4031M(12288M) 50.744ms
[2024-08-15T15:52:44.570+0000][12260.514s][info][gc,cpu      ] GC(2852) User=0.30s Sys=0.01s Real=0.05s
[2024-08-15T15:52:49.378+0000][12265.322s][info][gc,start    ] GC(2853) Pause Young (Normal) (G1 Evacuation Pause)
[2024-08-15T15:52:49.378+0000][12265.322s][info][gc,task     ] GC(2853) Using 6 workers of 6 for evacuation
[2024-08-15T15:52:49.395+0000][12265.339s][info][gc,phases   ] GC(2853)   Pre Evacuate Collection Set: 0.2ms
[2024-08-15T15:52:49.395+0000][12265.339s][info][gc,phases   ] GC(2853)   Merge Heap Roots: 0.3ms
[2024-08-15T15:52:49.395+0000][12265.339s][info][gc,phases   ] GC(2853)   Evacuate Collection Set: 14.7ms
[2024-08-15T15:52:49.395+0000][12265.339s][info][gc,phases   ] GC(2853)   Post Evacuate Collection Set: 1.8ms
[2024-08-15T15:52:49.395+0000][12265.339s][info][gc,phases   ] GC(2853)   Other: 0.2ms
[2024-08-15T15:52:49.395+0000][12265.339s][info][gc,heap     ] GC(2853) Eden regions: 711->0(708)
[2024-08-15T15:52:49.395+0000][12265.339s][info][gc,heap     ] GC(2853) Survivor regions: 6->9(90)
[2024-08-15T15:52:49.395+0000][12265.339s][info][gc,heap     ] GC(2853) Old regions: 493->493
[2024-08-15T15:52:49.395+0000][12265.339s][info][gc,heap     ] GC(2853) Archive regions: 2->2
[2024-08-15T15:52:49.395+0000][12265.339s][info][gc,heap     ] GC(2853) Humongous regions: 5->5
[2024-08-15T15:52:49.395+0000][12265.339s][info][gc,metaspace] GC(2853) Metaspace: 442359K(448832K)->442359K(448832K) NonClass: 387471K(391104K)->387471K(391104K) Class: 54887K(57728K)->54887K(57728K)
[2024-08-15T15:52:49.395+0000][12265.339s][info][gc          ] GC(2853) Pause Young (Normal) (G1 Evacuation Pause) 9719M->4050M(12288M) 17.151ms
[2024-08-15T15:52:49.395+0000][12265.339s][info][gc,cpu      ] GC(2853) User=0.09s Sys=0.00s Real=0.01s
[2024-08-15T15:52:53.933+0000][12269.878s][info][gc,start    ] GC(2854) Pause Young (Normal) (G1 Evacuation Pause)
[2024-08-15T15:52:53.933+0000][12269.878s][info][gc,task     ] GC(2854) Using 6 workers of 6 for evacuation
[2024-08-15T15:52:53.951+0000][12269.896s][info][gc,phases   ] GC(2854)   Pre Evacuate Collection Set: 0.2ms
[2024-08-15T15:52:53.951+0000][12269.896s][info][gc,phases   ] GC(2854)   Merge Heap Roots: 0.2ms
[2024-08-15T15:52:53.951+0000][12269.896s][info][gc,phases   ] GC(2854)   Evacuate Collection Set: 15.8ms
[2024-08-15T15:52:53.951+0000][12269.896s][info][gc,phases   ] GC(2854)   Post Evacuate Collection Set: 1.6ms
[2024-08-15T15:52:53.951+0000][12269.896s][info][gc,phases   ] GC(2854)   Other: 0.2ms
[2024-08-15T15:52:53.951+0000][12269.896s][info][gc,heap     ] GC(2854) Eden regions: 708->0(708)
[2024-08-15T15:52:53.951+0000][12269.896s][info][gc,heap     ] GC(2854) Survivor regions: 9->9(90)
[2024-08-15T15:52:53.951+0000][12269.896s][info][gc,heap     ] GC(2854) Old regions: 493->493
[2024-08-15T15:52:53.951+0000][12269.896s][info][gc,heap     ] GC(2854) Archive regions: 2->2
[2024-08-15T15:52:53.951+0000][12269.896s][info][gc,heap     ] GC(2854) Humongous regions: 5->5
[2024-08-15T15:52:53.951+0000][12269.896s][info][gc,metaspace] GC(2854) Metaspace: 442359K(448832K)->442359K(448832K) NonClass: 387471K(391104K)->387471K(391104K) Class: 54887K(57728K)->54887K(57728K)
[2024-08-15T15:52:53.952+0000][12269.896s][info][gc          ] GC(2854) Pause Young (Normal) (G1 Evacuation Pause) 9714M->4051M(12288M) 18.065ms
[2024-08-15T15:52:53.952+0000][12269.896s][info][gc,cpu      ] GC(2854) User=0.10s Sys=0.00s Real=0.02s
[2024-08-15T15:52:58.654+0000][12274.598s][info][gc,start    ] GC(2855) Pause Young (Concurrent Start) (G1 Evacuation Pause)
[2024-08-15T15:52:58.654+0000][12274.598s][info][gc,task     ] GC(2855) Using 6 workers of 6 for evacuation
[2024-08-15T15:52:58.675+0000][12274.620s][info][gc,phases   ] GC(2855)   Pre Evacuate Collection Set: 0.5ms
[2024-08-15T15:52:58.675+0000][12274.620s][info][gc,phases   ] GC(2855)   Merge Heap Roots: 0.2ms
[2024-08-15T15:52:58.675+0000][12274.620s][info][gc,phases   ] GC(2855)   Evacuate Collection Set: 19.3ms
[2024-08-15T15:52:58.676+0000][12274.620s][info][gc,phases   ] GC(2855)   Post Evacuate Collection Set: 1.6ms
[2024-08-15T15:52:58.676+0000][12274.620s][info][gc,phases   ] GC(2855)   Other: 0.3ms
[2024-08-15T15:52:58.676+0000][12274.620s][info][gc,heap     ] GC(2855) Eden regions: 708->0(706)
[2024-08-15T15:52:58.676+0000][12274.620s][info][gc,heap     ] GC(2855) Survivor regions: 9->11(90)
[2024-08-15T15:52:58.676+0000][12274.620s][info][gc,heap     ] GC(2855) Old regions: 493->493
[2024-08-15T15:52:58.676+0000][12274.620s][info][gc,heap     ] GC(2855) Archive regions: 2->2
[2024-08-15T15:52:58.676+0000][12274.620s][info][gc,heap     ] GC(2855) Humongous regions: 5->5
[2024-08-15T15:52:58.676+0000][12274.620s][info][gc,metaspace] GC(2855) Metaspace: 442359K(448832K)->442359K(448832K) NonClass: 387471K(391104K)->387471K(391104K) Class: 54887K(57728K)->54887K(57728K)
[2024-08-15T15:52:58.676+0000][12274.620s][info][gc          ] GC(2855) Pause Young (Concurrent Start) (G1 Evacuation Pause) 9715M->4069M(12288M) 22.048ms
[2024-08-15T15:52:58.676+0000][12274.620s][info][gc,cpu      ] GC(2855) User=0.13s Sys=0.00s Real=0.03s
[2024-08-15T15:52:58.676+0000][12274.620s][info][gc          ] GC(2856) Concurrent Mark Cycle
[2024-08-15T15:52:58.676+0000][12274.620s][info][gc,marking  ] GC(2856) Concurrent Clear Claimed Marks
[2024-08-15T15:52:58.676+0000][12274.621s][info][gc,marking  ] GC(2856) Concurrent Clear Claimed Marks 0.366ms
[2024-08-15T15:52:58.676+0000][12274.621s][info][gc,marking  ] GC(2856) Concurrent Scan Root Regions
[2024-08-15T15:52:58.695+0000][12274.639s][info][gc,marking  ] GC(2856) Concurrent Scan Root Regions 18.476ms
[2024-08-15T15:52:58.695+0000][12274.639s][info][gc,marking  ] GC(2856) Concurrent Mark
[2024-08-15T15:52:58.695+0000][12274.639s][info][gc,marking  ] GC(2856) Concurrent Mark From Roots
[2024-08-15T15:52:58.695+0000][12274.639s][info][gc,task     ] GC(2856) Using 2 workers of 2 for marking
[2024-08-15T15:53:02.435+0000][12278.380s][info][gc,marking  ] GC(2856) Concurrent Mark From Roots 3740.749ms
[2024-08-15T15:53:02.435+0000][12278.380s][info][gc,marking  ] GC(2856) Concurrent Preclean
[2024-08-15T15:53:02.437+0000][12278.382s][info][gc,marking  ] GC(2856) Concurrent Preclean 1.684ms
[2024-08-15T15:53:02.437+0000][12278.382s][info][gc,start    ] GC(2856) Pause Remark
[2024-08-15T15:53:02.461+0000][12278.405s][info][gc          ] GC(2856) Pause Remark 8009M->8009M(12288M) 23.463ms
[2024-08-15T15:53:02.461+0000][12278.405s][info][gc,cpu      ] GC(2856) User=0.10s Sys=0.01s Real=0.02s
[2024-08-15T15:53:02.461+0000][12278.406s][info][gc,marking  ] GC(2856) Concurrent Mark 3766.310ms
[2024-08-15T15:53:02.461+0000][12278.406s][info][gc,marking  ] GC(2856) Concurrent Rebuild Remembered Sets
[2024-08-15T15:53:04.033+0000][12279.977s][info][gc,start    ] GC(2857) Pause Young (Normal) (G1 Evacuation Pause)
[2024-08-15T15:53:04.033+0000][12279.977s][info][gc,task     ] GC(2857) Using 6 workers of 6 for evacuation
[2024-08-15T15:53:04.056+0000][12280.001s][info][gc,phases   ] GC(2857)   Pre Evacuate Collection Set: 0.2ms
[2024-08-15T15:53:04.056+0000][12280.001s][info][gc,phases   ] GC(2857)   Merge Heap Roots: 0.3ms
[2024-08-15T15:53:04.056+0000][12280.001s][info][gc,phases   ] GC(2857)   Evacuate Collection Set: 20.9ms
[2024-08-15T15:53:04.056+0000][12280.001s][info][gc,phases   ] GC(2857)   Post Evacuate Collection Set: 1.6ms
[2024-08-15T15:53:04.056+0000][12280.001s][info][gc,phases   ] GC(2857)   Other: 0.2ms
[2024-08-15T15:53:04.056+0000][12280.001s][info][gc,heap     ] GC(2857) Eden regions: 706->0(706)
[2024-08-15T15:53:04.056+0000][12280.001s][info][gc,heap     ] GC(2857) Survivor regions: 11->11(90)
[2024-08-15T15:53:04.056+0000][12280.001s][info][gc,heap     ] GC(2857) Old regions: 493->493
[2024-08-15T15:53:04.056+0000][12280.001s][info][gc,heap     ] GC(2857) Archive regions: 2->2
[2024-08-15T15:53:04.056+0000][12280.001s][info][gc,heap     ] GC(2857) Humongous regions: 5->5
[2024-08-15T15:53:04.056+0000][12280.001s][info][gc,metaspace] GC(2857) Metaspace: 442359K(448832K)->442359K(448832K) NonClass: 387471K(391104K)->387471K(391104K) Class: 54887K(57728K)->54887K(57728K)
[2024-08-15T15:53:04.056+0000][12280.001s][info][gc          ] GC(2857) Pause Young (Normal) (G1 Evacuation Pause) 9717M->4071M(12288M) 23.280ms
[2024-08-15T15:53:04.056+0000][12280.001s][info][gc,cpu      ] GC(2857) User=0.14s Sys=0.00s Real=0.03s
[2024-08-15T15:53:04.350+0000][12280.295s][info][gc,marking  ] GC(2856) Concurrent Rebuild Remembered Sets 1889.052ms
[2024-08-15T15:53:04.350+0000][12280.295s][info][gc,start    ] GC(2856) Pause Cleanup
[2024-08-15T15:53:04.351+0000][12280.295s][info][gc          ] GC(2856) Pause Cleanup 4395M->4395M(12288M) 0.558ms
[2024-08-15T15:53:04.351+0000][12280.295s][info][gc,cpu      ] GC(2856) User=0.00s Sys=0.00s Real=0.00s
[2024-08-15T15:53:04.351+0000][12280.295s][info][gc,marking  ] GC(2856) Concurrent Cleanup for Next Mark
[2024-08-15T15:53:04.368+0000][12280.312s][info][gc,marking  ] GC(2856) Concurrent Cleanup for Next Mark 16.886ms
[2024-08-15T15:53:04.368+0000][12280.312s][info][gc          ] GC(2856) Concurrent Mark Cycle 5692.088ms
[2024-08-15T15:53:08.732+0000][12284.677s][info][gc,start    ] GC(2858) Pause Young (Prepare Mixed) (G1 Evacuation Pause)
[2024-08-15T15:53:08.732+0000][12284.677s][info][gc,task     ] GC(2858) Using 6 workers of 6 for evacuation
[2024-08-15T15:53:08.757+0000][12284.702s][info][gc,phases   ] GC(2858)   Pre Evacuate Collection Set: 0.2ms
[2024-08-15T15:53:08.757+0000][12284.702s][info][gc,phases   ] GC(2858)   Merge Heap Roots: 0.3ms
[2024-08-15T15:53:08.757+0000][12284.702s][info][gc,phases   ] GC(2858)   Evacuate Collection Set: 23.1ms
[2024-08-15T15:53:08.757+0000][12284.702s][info][gc,phases   ] GC(2858)   Post Evacuate Collection Set: 1.6ms
[2024-08-15T15:53:08.757+0000][12284.702s][info][gc,phases   ] GC(2858)   Other: 0.2ms
[2024-08-15T15:53:08.757+0000][12284.702s][info][gc,heap     ] GC(2858) Eden regions: 706->0(64)
[2024-08-15T15:53:08.757+0000][12284.702s][info][gc,heap     ] GC(2858) Survivor regions: 11->12(90)
[2024-08-15T15:53:08.757+0000][12284.702s][info][gc,heap     ] GC(2858) Old regions: 493->493
[2024-08-15T15:53:08.757+0000][12284.702s][info][gc,heap     ] GC(2858) Archive regions: 2->2
[2024-08-15T15:53:08.757+0000][12284.702s][info][gc,heap     ] GC(2858) Humongous regions: 5->5
[2024-08-15T15:53:08.757+0000][12284.702s][info][gc,metaspace] GC(2858) Metaspace: 442359K(448832K)->442359K(448832K) NonClass: 387471K(391104K)->387471K(391104K) Class: 54887K(57728K)->54887K(57728K)
[2024-08-15T15:53:08.757+0000][12284.702s][info][gc          ] GC(2858) Pause Young (Prepare Mixed) (G1 Evacuation Pause) 9719M->4077M(12288M) 25.346ms
[2024-08-15T15:53:08.758+0000][12284.702s][info][gc,cpu      ] GC(2858) User=0.15s Sys=0.00s Real=0.03s
[2024-08-15T15:53:09.163+0000][12285.107s][info][gc,start    ] GC(2859) Pause Young (Mixed) (G1 Evacuation Pause)
[2024-08-15T15:53:09.163+0000][12285.107s][info][gc,task     ] GC(2859) Using 6 workers of 6 for evacuation
[2024-08-15T15:53:09.230+0000][12285.175s][info][gc,phases   ] GC(2859)   Pre Evacuate Collection Set: 0.2ms
[2024-08-15T15:53:09.230+0000][12285.175s][info][gc,phases   ] GC(2859)   Merge Heap Roots: 0.4ms
[2024-08-15T15:53:09.230+0000][12285.175s][info][gc,phases   ] GC(2859)   Evacuate Collection Set: 65.7ms
[2024-08-15T15:53:09.230+0000][12285.175s][info][gc,phases   ] GC(2859)   Post Evacuate Collection Set: 1.2ms
[2024-08-15T15:53:09.230+0000][12285.175s][info][gc,phases   ] GC(2859)   Other: 0.2ms
[2024-08-15T15:53:09.230+0000][12285.175s][info][gc,heap     ] GC(2859) Eden regions: 64->0(711)
[2024-08-15T15:53:09.230+0000][12285.175s][info][gc,heap     ] GC(2859) Survivor regions: 12->7(10)
[2024-08-15T15:53:09.230+0000][12285.175s][info][gc,heap     ] GC(2859) Old regions: 493->493
[2024-08-15T15:53:09.230+0000][12285.175s][info][gc,heap     ] GC(2859) Archive regions: 2->2
[2024-08-15T15:53:09.230+0000][12285.175s][info][gc,heap     ] GC(2859) Humongous regions: 5->5
[2024-08-15T15:53:09.230+0000][12285.175s][info][gc,metaspace] GC(2859) Metaspace: 442359K(448832K)->442359K(448832K) NonClass: 387471K(391104K)->387471K(391104K) Class: 54887K(57728K)->54887K(57728K)
[2024-08-15T15:53:09.230+0000][12285.175s][info][gc          ] GC(2859) Pause Young (Mixed) (G1 Evacuation Pause) 4589M->4039M(12288M) 67.706ms
[2024-08-15T15:53:09.230+0000][12285.175s][info][gc,cpu      ] GC(2859) User=0.40s Sys=0.00s Real=0.07s
[2024-08-15T15:53:14.117+0000][12290.061s][info][gc,start    ] GC(2860) Pause Young (Normal) (G1 Evacuation Pause)
[2024-08-15T15:53:14.117+0000][12290.061s][info][gc,task     ] GC(2860) Using 6 workers of 6 for evacuation
[2024-08-15T15:53:14.132+0000][12290.077s][info][gc,phases   ] GC(2860)   Pre Evacuate Collection Set: 0.2ms
[2024-08-15T15:53:14.132+0000][12290.077s][info][gc,phases   ] GC(2860)   Merge Heap Roots: 0.3ms
[2024-08-15T15:53:14.132+0000][12290.077s][info][gc,phases   ] GC(2860)   Evacuate Collection Set: 13.2ms
[2024-08-15T15:53:14.132+0000][12290.077s][info][gc,phases   ] GC(2860)   Post Evacuate Collection Set: 1.6ms
[2024-08-15T15:53:14.132+0000][12290.077s][info][gc,phases   ] GC(2860)   Other: 0.2ms
[2024-08-15T15:53:14.132+0000][12290.077s][info][gc,heap     ] GC(2860) Eden regions: 711->0(709)
[2024-08-15T15:53:14.132+0000][12290.077s][info][gc,heap     ] GC(2860) Survivor regions: 7->8(90)
[2024-08-15T15:53:14.132+0000][12290.077s][info][gc,heap     ] GC(2860) Old regions: 493->493
[2024-08-15T15:53:14.132+0000][12290.077s][info][gc,heap     ] GC(2860) Archive regions: 2->2
[2024-08-15T15:53:14.132+0000][12290.077s][info][gc,heap     ] GC(2860) Humongous regions: 5->5
[2024-08-15T15:53:14.132+0000][12290.077s][info][gc,metaspace] GC(2860) Metaspace: 442359K(448832K)->442359K(448832K) NonClass: 387471K(391104K)->387471K(391104K) Class: 54887K(57728K)->54887K(57728K)
[2024-08-15T15:53:14.132+0000][12290.077s][info][gc          ] GC(2860) Pause Young (Normal) (G1 Evacuation Pause) 9727M->4049M(12288M) 15.510ms
[2024-08-15T15:53:14.132+0000][12290.077s][info][gc,cpu      ] GC(2860) User=0.09s Sys=0.00s Real=0.01s
[2024-08-15T15:53:18.862+0000][12294.807s][info][gc,start    ] GC(2861) Pause Young (Normal) (G1 Evacuation Pause)
[2024-08-15T15:53:18.862+0000][12294.807s][info][gc,task     ] GC(2861) Using 6 workers of 6 for evacuation
[2024-08-15T15:53:18.881+0000][12294.826s][info][gc,phases   ] GC(2861)   Pre Evacuate Collection Set: 0.2ms
[2024-08-15T15:53:18.881+0000][12294.826s][info][gc,phases   ] GC(2861)   Merge Heap Roots: 0.3ms
[2024-08-15T15:53:18.881+0000][12294.826s][info][gc,phases   ] GC(2861)   Evacuate Collection Set: 16.8ms
[2024-08-15T15:53:18.881+0000][12294.826s][info][gc,phases   ] GC(2861)   Post Evacuate Collection Set: 1.7ms
[2024-08-15T15:53:18.881+0000][12294.826s][info][gc,phases   ] GC(2861)   Other: 0.2ms
[2024-08-15T15:53:18.881+0000][12294.826s][info][gc,heap     ] GC(2861) Eden regions: 709->0(707)
[2024-08-15T15:53:18.881+0000][12294.826s][info][gc,heap     ] GC(2861) Survivor regions: 8->10(90)
[2024-08-15T15:53:18.881+0000][12294.826s][info][gc,heap     ] GC(2861) Old regions: 493->493
[2024-08-15T15:53:18.881+0000][12294.826s][info][gc,heap     ] GC(2861) Archive regions: 2->2
[2024-08-15T15:53:18.881+0000][12294.826s][info][gc,heap     ] GC(2861) Humongous regions: 5->5
[2024-08-15T15:53:18.881+0000][12294.826s][info][gc,metaspace] GC(2861) Metaspace: 442359K(448832K)->442359K(448832K) NonClass: 387471K(391104K)->387471K(391104K) Class: 54887K(57728K)->54887K(57728K)
[2024-08-15T15:53:18.881+0000][12294.826s][info][gc          ] GC(2861) Pause Young (Normal) (G1 Evacuation Pause) 9721M->4063M(12288M) 19.175ms
[2024-08-15T15:53:18.882+0000][12294.826s][info][gc,cpu      ] GC(2861) User=0.11s Sys=0.00s Real=0.02s
[2024-08-15T15:53:23.454+0000][12299.398s][info][gc,start    ] GC(2862) Pause Young (Concurrent Start) (G1 Evacuation Pause)
[2024-08-15T15:53:23.454+0000][12299.398s][info][gc,task     ] GC(2862) Using 6 workers of 6 for evacuation
[2024-08-15T15:53:23.475+0000][12299.420s][info][gc,phases   ] GC(2862)   Pre Evacuate Collection Set: 0.5ms
[2024-08-15T15:53:23.475+0000][12299.420s][info][gc,phases   ] GC(2862)   Merge Heap Roots: 0.2ms
[2024-08-15T15:53:23.475+0000][12299.420s][info][gc,phases   ] GC(2862)   Evacuate Collection Set: 18.7ms
[2024-08-15T15:53:23.475+0000][12299.420s][info][gc,phases   ] GC(2862)   Post Evacuate Collection Set: 1.7ms
[2024-08-15T15:53:23.475+0000][12299.420s][info][gc,phases   ] GC(2862)   Other: 0.3ms
[2024-08-15T15:53:23.475+0000][12299.420s][info][gc,heap     ] GC(2862) Eden regions: 707->0(707)
[2024-08-15T15:53:23.475+0000][12299.420s][info][gc,heap     ] GC(2862) Survivor regions: 10->10(90)
[2024-08-15T15:53:23.475+0000][12299.420s][info][gc,heap     ] GC(2862) Old regions: 493->493
[2024-08-15T15:53:23.475+0000][12299.420s][info][gc,heap     ] GC(2862) Archive regions: 2->2
[2024-08-15T15:53:23.475+0000][12299.420s][info][gc,heap     ] GC(2862) Humongous regions: 5->5
[2024-08-15T15:53:23.475+0000][12299.420s][info][gc,metaspace] GC(2862) Metaspace: 442359K(448832K)->442359K(448832K) NonClass: 387471K(391104K)->387471K(391104K) Class: 54887K(57728K)->54887K(57728K)
[2024-08-15T15:53:23.475+0000][12299.420s][info][gc          ] GC(2862) Pause Young (Concurrent Start) (G1 Evacuation Pause) 9719M->4062M(12288M) 21.508ms
[2024-08-15T15:53:23.475+0000][12299.420s][info][gc,cpu      ] GC(2862) User=0.12s Sys=0.00s Real=0.03s
[2024-08-15T15:53:23.475+0000][12299.420s][info][gc          ] GC(2863) Concurrent Mark Cycle
[2024-08-15T15:53:23.475+0000][12299.420s][info][gc,marking  ] GC(2863) Concurrent Clear Claimed Marks
[2024-08-15T15:53:23.476+0000][12299.420s][info][gc,marking  ] GC(2863) Concurrent Clear Claimed Marks 0.447ms
[2024-08-15T15:53:23.476+0000][12299.420s][info][gc,marking  ] GC(2863) Concurrent Scan Root Regions
[2024-08-15T15:53:23.497+0000][12299.441s][info][gc,marking  ] GC(2863) Concurrent Scan Root Regions 20.932ms
[2024-08-15T15:53:23.497+0000][12299.441s][info][gc,marking  ] GC(2863) Concurrent Mark
[2024-08-15T15:53:23.497+0000][12299.441s][info][gc,marking  ] GC(2863) Concurrent Mark From Roots
[2024-08-15T15:53:23.497+0000][12299.441s][info][gc,task     ] GC(2863) Using 2 workers of 2 for marking
[2024-08-15T15:53:26.707+0000][12302.652s][info][gc,marking  ] GC(2863) Concurrent Mark From Roots 3210.606ms
[2024-08-15T15:53:26.707+0000][12302.652s][info][gc,marking  ] GC(2863) Concurrent Preclean
[2024-08-15T15:53:26.709+0000][12302.654s][info][gc,marking  ] GC(2863) Concurrent Preclean 2.059ms
[2024-08-15T15:53:26.711+0000][12302.656s][info][gc,start    ] GC(2863) Pause Remark
[2024-08-15T15:53:26.735+0000][12302.679s][info][gc          ] GC(2863) Pause Remark 7382M->7382M(12288M) 23.634ms
[2024-08-15T15:53:26.735+0000][12302.679s][info][gc,cpu      ] GC(2863) User=0.10s Sys=0.00s Real=0.02s
[2024-08-15T15:53:26.735+0000][12302.679s][info][gc,marking  ] GC(2863) Concurrent Mark 3238.180ms
[2024-08-15T15:53:26.735+0000][12302.679s][info][gc,marking  ] GC(2863) Concurrent Rebuild Remembered Sets
[2024-08-15T15:53:28.644+0000][12304.589s][info][gc,marking  ] GC(2863) Concurrent Rebuild Remembered Sets 1909.080ms
[2024-08-15T15:53:28.644+0000][12304.589s][info][gc,start    ] GC(2863) Pause Cleanup
[2024-08-15T15:53:28.645+0000][12304.589s][info][gc          ] GC(2863) Pause Cleanup 9462M->9462M(12288M) 0.574ms
[2024-08-15T15:53:28.645+0000][12304.589s][info][gc,cpu      ] GC(2863) User=0.00s Sys=0.00s Real=0.00s
[2024-08-15T15:53:28.645+0000][12304.589s][info][gc,marking  ] GC(2863) Concurrent Cleanup for Next Mark
[2024-08-15T15:53:28.662+0000][12304.606s][info][gc,marking  ] GC(2863) Concurrent Cleanup for Next Mark 16.847ms
[2024-08-15T15:53:28.662+0000][12304.606s][info][gc          ] GC(2863) Concurrent Mark Cycle 5186.543ms
[2024-08-15T15:53:28.867+0000][12304.811s][info][gc,start    ] GC(2864) Pause Young (Prepare Mixed) (G1 Evacuation Pause)
[2024-08-15T15:53:28.867+0000][12304.811s][info][gc,task     ] GC(2864) Using 6 workers of 6 for evacuation
[2024-08-15T15:53:28.890+0000][12304.835s][info][gc,phases   ] GC(2864)   Pre Evacuate Collection Set: 0.2ms
[2024-08-15T15:53:28.890+0000][12304.835s][info][gc,phases   ] GC(2864)   Merge Heap Roots: 0.4ms
[2024-08-15T15:53:28.890+0000][12304.835s][info][gc,phases   ] GC(2864)   Evacuate Collection Set: 20.7ms
[2024-08-15T15:53:28.890+0000][12304.835s][info][gc,phases   ] GC(2864)   Post Evacuate Collection Set: 1.8ms
[2024-08-15T15:53:28.890+0000][12304.835s][info][gc,phases   ] GC(2864)   Other: 0.2ms
[2024-08-15T15:53:28.890+0000][12304.835s][info][gc,heap     ] GC(2864) Eden regions: 707->0(65)
[2024-08-15T15:53:28.890+0000][12304.835s][info][gc,heap     ] GC(2864) Survivor regions: 10->11(90)
[2024-08-15T15:53:28.890+0000][12304.835s][info][gc,heap     ] GC(2864) Old regions: 493->493
[2024-08-15T15:53:28.890+0000][12304.835s][info][gc,heap     ] GC(2864) Archive regions: 2->2
[2024-08-15T15:53:28.890+0000][12304.835s][info][gc,heap     ] GC(2864) Humongous regions: 5->5
[2024-08-15T15:53:28.890+0000][12304.835s][info][gc,metaspace] GC(2864) Metaspace: 442359K(448832K)->442359K(448832K) NonClass: 387471K(391104K)->387471K(391104K) Class: 54887K(57728K)->54887K(57728K)
[2024-08-15T15:53:28.890+0000][12304.835s][info][gc          ] GC(2864) Pause Young (Prepare Mixed) (G1 Evacuation Pause) 9718M->4076M(12288M) 23.304ms
[2024-08-15T15:53:28.890+0000][12304.835s][info][gc,cpu      ] GC(2864) User=0.14s Sys=0.01s Real=0.02s
[2024-08-15T15:53:29.322+0000][12305.267s][info][gc,start    ] GC(2865) Pause Young (Mixed) (G1 Evacuation Pause)
[2024-08-15T15:53:29.322+0000][12305.267s][info][gc,task     ] GC(2865) Using 6 workers of 6 for evacuation
[2024-08-15T15:53:29.386+0000][12305.330s][info][gc,phases   ] GC(2865)   Pre Evacuate Collection Set: 0.2ms
[2024-08-15T15:53:29.386+0000][12305.330s][info][gc,phases   ] GC(2865)   Merge Heap Roots: 0.4ms
[2024-08-15T15:53:29.386+0000][12305.330s][info][gc,phases   ] GC(2865)   Evacuate Collection Set: 61.4ms
[2024-08-15T15:53:29.386+0000][12305.330s][info][gc,phases   ] GC(2865)   Post Evacuate Collection Set: 1.6ms
[2024-08-15T15:53:29.386+0000][12305.330s][info][gc,phases   ] GC(2865)   Other: 0.2ms
[2024-08-15T15:53:29.386+0000][12305.330s][info][gc,heap     ] GC(2865) Eden regions: 65->0(708)
[2024-08-15T15:53:29.386+0000][12305.330s][info][gc,heap     ] GC(2865) Survivor regions: 11->5(10)
[2024-08-15T15:53:29.386+0000][12305.330s][info][gc,heap     ] GC(2865) Old regions: 493->496
[2024-08-15T15:53:29.386+0000][12305.330s][info][gc,heap     ] GC(2865) Archive regions: 2->2
[2024-08-15T15:53:29.386+0000][12305.330s][info][gc,heap     ] GC(2865) Humongous regions: 5->5
[2024-08-15T15:53:29.386+0000][12305.330s][info][gc,metaspace] GC(2865) Metaspace: 442359K(448832K)->442359K(448832K) NonClass: 387471K(391104K)->387471K(391104K) Class: 54887K(57728K)->54887K(57728K)
[2024-08-15T15:53:29.386+0000][12305.330s][info][gc          ] GC(2865) Pause Young (Mixed) (G1 Evacuation Pause) 4596M->4041M(12288M) 63.778ms
[2024-08-15T15:53:29.386+0000][12305.330s][info][gc,cpu      ] GC(2865) User=0.37s Sys=0.00s Real=0.07s
[2024-08-15T15:53:33.336+0000][12309.280s][info][gc,start    ] GC(2866) Pause Young (Normal) (G1 Evacuation Pause)
[2024-08-15T15:53:33.336+0000][12309.280s][info][gc,task     ] GC(2866) Using 6 workers of 6 for evacuation
[2024-08-15T15:53:33.346+0000][12309.291s][info][gc,phases   ] GC(2866)   Pre Evacuate Collection Set: 0.2ms
[2024-08-15T15:53:33.346+0000][12309.291s][info][gc,phases   ] GC(2866)   Merge Heap Roots: 0.2ms
[2024-08-15T15:53:33.346+0000][12309.291s][info][gc,phases   ] GC(2866)   Evacuate Collection Set: 8.6ms
[2024-08-15T15:53:33.346+0000][12309.291s][info][gc,phases   ] GC(2866)   Post Evacuate Collection Set: 1.8ms
[2024-08-15T15:53:33.346+0000][12309.291s][info][gc,phases   ] GC(2866)   Other: 0.2ms
[2024-08-15T15:53:33.346+0000][12309.291s][info][gc,heap     ] GC(2866) Eden regions: 708->0(709)
[2024-08-15T15:53:33.346+0000][12309.291s][info][gc,heap     ] GC(2866) Survivor regions: 5->5(90)
[2024-08-15T15:53:33.346+0000][12309.291s][info][gc,heap     ] GC(2866) Old regions: 496->496
[2024-08-15T15:53:33.346+0000][12309.291s][info][gc,heap     ] GC(2866) Archive regions: 2->2
[2024-08-15T15:53:33.346+0000][12309.291s][info][gc,heap     ] GC(2866) Humongous regions: 5->5
[2024-08-15T15:53:33.346+0000][12309.291s][info][gc,metaspace] GC(2866) Metaspace: 442359K(448832K)->442359K(448832K) NonClass: 387471K(391104K)->387471K(391104K) Class: 54887K(57728K)->54887K(57728K)
[2024-08-15T15:53:33.347+0000][12309.291s][info][gc          ] GC(2866) Pause Young (Normal) (G1 Evacuation Pause) 9705M->4039M(12288M) 11.021ms
[2024-08-15T15:53:33.347+0000][12309.291s][info][gc,cpu      ] GC(2866) User=0.06s Sys=0.00s Real=0.01s
[2024-08-15T15:53:38.053+0000][12313.998s][info][gc,start    ] GC(2867) Pause Young (Normal) (G1 Evacuation Pause)
[2024-08-15T15:53:38.053+0000][12313.998s][info][gc,task     ] GC(2867) Using 6 workers of 6 for evacuation
[2024-08-15T15:53:38.066+0000][12314.010s][info][gc,phases   ] GC(2867)   Pre Evacuate Collection Set: 0.2ms
[2024-08-15T15:53:38.066+0000][12314.011s][info][gc,phases   ] GC(2867)   Merge Heap Roots: 0.2ms
[2024-08-15T15:53:38.066+0000][12314.011s][info][gc,phases   ] GC(2867)   Evacuate Collection Set: 10.7ms
[2024-08-15T15:53:38.066+0000][12314.011s][info][gc,phases   ] GC(2867)   Post Evacuate Collection Set: 1.7ms
[2024-08-15T15:53:38.066+0000][12314.011s][info][gc,phases   ] GC(2867)   Other: 0.2ms
[2024-08-15T15:53:38.066+0000][12314.011s][info][gc,heap     ] GC(2867) Eden regions: 709->0(707)
[2024-08-15T15:53:38.066+0000][12314.011s][info][gc,heap     ] GC(2867) Survivor regions: 5->7(90)
[2024-08-15T15:53:38.066+0000][12314.011s][info][gc,heap     ] GC(2867) Old regions: 496->496
[2024-08-15T15:53:38.066+0000][12314.011s][info][gc,heap     ] GC(2867) Archive regions: 2->2
[2024-08-15T15:53:38.066+0000][12314.011s][info][gc,heap     ] GC(2867) Humongous regions: 5->5
[2024-08-15T15:53:38.066+0000][12314.011s][info][gc,metaspace] GC(2867) Metaspace: 442359K(448832K)->442359K(448832K) NonClass: 387471K(391104K)->387471K(391104K) Class: 54887K(57728K)->54887K(57728K)
[2024-08-15T15:53:38.066+0000][12314.011s][info][gc          ] GC(2867) Pause Young (Normal) (G1 Evacuation Pause) 9711M->4057M(12288M) 13.071ms
[2024-08-15T15:53:38.066+0000][12314.011s][info][gc,cpu      ] GC(2867) User=0.08s Sys=0.00s Real=0.02s
[2024-08-15T15:53:41.904+0000][12317.849s][info][gc,start    ] GC(2868) Pause Young (Concurrent Start) (G1 Evacuation Pause)
[2024-08-15T15:53:41.904+0000][12317.849s][info][gc,task     ] GC(2868) Using 6 workers of 6 for evacuation
[2024-08-15T15:53:41.920+0000][12317.864s][info][gc,phases   ] GC(2868)   Pre Evacuate Collection Set: 0.6ms
[2024-08-15T15:53:41.920+0000][12317.864s][info][gc,phases   ] GC(2868)   Merge Heap Roots: 0.2ms
[2024-08-15T15:53:41.920+0000][12317.864s][info][gc,phases   ] GC(2868)   Evacuate Collection Set: 12.9ms
[2024-08-15T15:53:41.920+0000][12317.864s][info][gc,phases   ] GC(2868)   Post Evacuate Collection Set: 1.9ms
[2024-08-15T15:53:41.920+0000][12317.864s][info][gc,phases   ] GC(2868)   Other: 0.3ms
[2024-08-15T15:53:41.920+0000][12317.864s][info][gc,heap     ] GC(2868) Eden regions: 707->0(707)
[2024-08-15T15:53:41.920+0000][12317.864s][info][gc,heap     ] GC(2868) Survivor regions: 7->7(90)
[2024-08-15T15:53:41.920+0000][12317.864s][info][gc,heap     ] GC(2868) Old regions: 496->496
[2024-08-15T15:53:41.920+0000][12317.864s][info][gc,heap     ] GC(2868) Archive regions: 2->2
[2024-08-15T15:53:41.920+0000][12317.864s][info][gc,heap     ] GC(2868) Humongous regions: 5->5
[2024-08-15T15:53:41.920+0000][12317.864s][info][gc,metaspace] GC(2868) Metaspace: 442359K(448832K)->442359K(448832K) NonClass: 387471K(391104K)->387471K(391104K) Class: 54887K(57728K)->54887K(57728K)
[2024-08-15T15:53:41.920+0000][12317.865s][info][gc          ] GC(2868) Pause Young (Concurrent Start) (G1 Evacuation Pause) 9713M->4059M(12288M) 15.926ms
[2024-08-15T15:53:41.920+0000][12317.865s][info][gc,cpu      ] GC(2868) User=0.09s Sys=0.00s Real=0.01s
[2024-08-15T15:53:41.920+0000][12317.865s][info][gc          ] GC(2869) Concurrent Mark Cycle
[2024-08-15T15:53:41.920+0000][12317.865s][info][gc,marking  ] GC(2869) Concurrent Clear Claimed Marks
[2024-08-15T15:53:41.920+0000][12317.865s][info][gc,marking  ] GC(2869) Concurrent Clear Claimed Marks 0.372ms
[2024-08-15T15:53:41.920+0000][12317.865s][info][gc,marking  ] GC(2869) Concurrent Scan Root Regions
[2024-08-15T15:53:41.937+0000][12317.882s][info][gc,marking  ] GC(2869) Concurrent Scan Root Regions 16.632ms
[2024-08-15T15:53:41.937+0000][12317.882s][info][gc,marking  ] GC(2869) Concurrent Mark
[2024-08-15T15:53:41.937+0000][12317.882s][info][gc,marking  ] GC(2869) Concurrent Mark From Roots
[2024-08-15T15:53:41.937+0000][12317.882s][info][gc,task     ] GC(2869) Using 2 workers of 2 for marking
[2024-08-15T15:53:45.074+0000][12321.018s][info][gc,marking  ] GC(2869) Concurrent Mark From Roots 3136.654ms
[2024-08-15T15:53:45.074+0000][12321.018s][info][gc,marking  ] GC(2869) Concurrent Preclean
[2024-08-15T15:53:45.075+0000][12321.020s][info][gc,marking  ] GC(2869) Concurrent Preclean 1.301ms
[2024-08-15T15:53:45.075+0000][12321.020s][info][gc,start    ] GC(2869) Pause Remark
[2024-08-15T15:53:45.099+0000][12321.043s][info][gc          ] GC(2869) Pause Remark 7167M->7167M(12288M) 23.417ms
[2024-08-15T15:53:45.099+0000][12321.043s][info][gc,cpu      ] GC(2869) User=0.10s Sys=0.00s Real=0.02s
[2024-08-15T15:53:45.099+0000][12321.043s][info][gc,marking  ] GC(2869) Concurrent Mark 3161.675ms
[2024-08-15T15:53:45.099+0000][12321.043s][info][gc,marking  ] GC(2869) Concurrent Rebuild Remembered Sets
[2024-08-15T15:53:46.945+0000][12322.889s][info][gc,marking  ] GC(2869) Concurrent Rebuild Remembered Sets 1845.974ms
[2024-08-15T15:53:46.945+0000][12322.889s][info][gc,start    ] GC(2869) Pause Cleanup
[2024-08-15T15:53:46.945+0000][12322.890s][info][gc          ] GC(2869) Pause Cleanup 9239M->9239M(12288M) 0.503ms
[2024-08-15T15:53:46.945+0000][12322.890s][info][gc,cpu      ] GC(2869) User=0.00s Sys=0.00s Real=0.00s
[2024-08-15T15:53:46.945+0000][12322.890s][info][gc,marking  ] GC(2869) Concurrent Cleanup for Next Mark
[2024-08-15T15:53:46.962+0000][12322.907s][info][gc,marking  ] GC(2869) Concurrent Cleanup for Next Mark 16.506ms
[2024-08-15T15:53:46.962+0000][12322.907s][info][gc          ] GC(2869) Concurrent Mark Cycle 5042.099ms
[2024-08-15T15:53:47.346+0000][12323.290s][info][gc,start    ] GC(2870) Pause Young (Prepare Mixed) (G1 Evacuation Pause)
[2024-08-15T15:53:47.346+0000][12323.290s][info][gc,task     ] GC(2870) Using 6 workers of 6 for evacuation
[2024-08-15T15:53:47.364+0000][12323.308s][info][gc,phases   ] GC(2870)   Pre Evacuate Collection Set: 0.2ms
[2024-08-15T15:53:47.364+0000][12323.308s][info][gc,phases   ] GC(2870)   Merge Heap Roots: 0.3ms
[2024-08-15T15:53:47.364+0000][12323.308s][info][gc,phases   ] GC(2870)   Evacuate Collection Set: 15.7ms
[2024-08-15T15:53:47.364+0000][12323.308s][info][gc,phases   ] GC(2870)   Post Evacuate Collection Set: 1.8ms
[2024-08-15T15:53:47.364+0000][12323.308s][info][gc,phases   ] GC(2870)   Other: 0.2ms
[2024-08-15T15:53:47.364+0000][12323.308s][info][gc,heap     ] GC(2870) Eden regions: 707->0(69)
[2024-08-15T15:53:47.364+0000][12323.308s][info][gc,heap     ] GC(2870) Survivor regions: 7->7(90)
[2024-08-15T15:53:47.364+0000][12323.308s][info][gc,heap     ] GC(2870) Old regions: 496->496
[2024-08-15T15:53:47.364+0000][12323.308s][info][gc,heap     ] GC(2870) Archive regions: 2->2
[2024-08-15T15:53:47.364+0000][12323.308s][info][gc,heap     ] GC(2870) Humongous regions: 5->5
[2024-08-15T15:53:47.364+0000][12323.309s][info][gc,metaspace] GC(2870) Metaspace: 442359K(448832K)->442359K(448832K) NonClass: 387471K(391104K)->387471K(391104K) Class: 54887K(57728K)->54887K(57728K)
[2024-08-15T15:53:47.364+0000][12323.309s][info][gc          ] GC(2870) Pause Young (Prepare Mixed) (G1 Evacuation Pause) 9715M->4061M(12288M) 18.273ms
[2024-08-15T15:53:47.364+0000][12323.309s][info][gc,cpu      ] GC(2870) User=0.11s Sys=0.00s Real=0.02s
[2024-08-15T15:53:47.824+0000][12323.769s][info][gc,start    ] GC(2871) Pause Young (Mixed) (G1 Evacuation Pause)
[2024-08-15T15:53:47.824+0000][12323.769s][info][gc,task     ] GC(2871) Using 6 workers of 6 for evacuation
[2024-08-15T15:53:47.876+0000][12323.821s][info][gc,phases   ] GC(2871)   Pre Evacuate Collection Set: 0.2ms
[2024-08-15T15:53:47.876+0000][12323.821s][info][gc,phases   ] GC(2871)   Merge Heap Roots: 0.4ms
[2024-08-15T15:53:47.876+0000][12323.821s][info][gc,phases   ] GC(2871)   Evacuate Collection Set: 50.4ms
[2024-08-15T15:53:47.876+0000][12323.821s][info][gc,phases   ] GC(2871)   Post Evacuate Collection Set: 1.2ms
[2024-08-15T15:53:47.876+0000][12323.821s][info][gc,phases   ] GC(2871)   Other: 0.2ms
[2024-08-15T15:53:47.876+0000][12323.821s][info][gc,heap     ] GC(2871) Eden regions: 69->0(712)
[2024-08-15T15:53:47.876+0000][12323.821s][info][gc,heap     ] GC(2871) Survivor regions: 7->6(10)
[2024-08-15T15:53:47.876+0000][12323.821s][info][gc,heap     ] GC(2871) Old regions: 496->492
[2024-08-15T15:53:47.876+0000][12323.821s][info][gc,heap     ] GC(2871) Archive regions: 2->2
[2024-08-15T15:53:47.876+0000][12323.821s][info][gc,heap     ] GC(2871) Humongous regions: 5->5
[2024-08-15T15:53:47.876+0000][12323.821s][info][gc,metaspace] GC(2871) Metaspace: 442359K(448832K)->442359K(448832K) NonClass: 387471K(391104K)->387471K(391104K) Class: 54887K(57728K)->54887K(57728K)
[2024-08-15T15:53:47.876+0000][12323.821s][info][gc          ] GC(2871) Pause Young (Mixed) (G1 Evacuation Pause) 4613M->4018M(12288M) 52.435ms
[2024-08-15T15:53:47.876+0000][12323.821s][info][gc,cpu      ] GC(2871) User=0.31s Sys=0.00s Real=0.05s
[2024-08-15T15:53:52.615+0000][12328.560s][info][gc,start    ] GC(2872) Pause Young (Normal) (G1 Evacuation Pause)
[2024-08-15T15:53:52.615+0000][12328.560s][info][gc,task     ] GC(2872) Using 6 workers of 6 for evacuation
[2024-08-15T15:53:52.632+0000][12328.576s][info][gc,phases   ] GC(2872)   Pre Evacuate Collection Set: 0.2ms
[2024-08-15T15:53:52.632+0000][12328.576s][info][gc,phases   ] GC(2872)   Merge Heap Roots: 0.2ms
[2024-08-15T15:53:52.632+0000][12328.576s][info][gc,phases   ] GC(2872)   Evacuate Collection Set: 14.3ms
[2024-08-15T15:53:52.632+0000][12328.576s][info][gc,phases   ] GC(2872)   Post Evacuate Collection Set: 1.6ms
[2024-08-15T15:53:52.632+0000][12328.576s][info][gc,phases   ] GC(2872)   Other: 0.2ms
[2024-08-15T15:53:52.632+0000][12328.576s][info][gc,heap     ] GC(2872) Eden regions: 712->0(711)
[2024-08-15T15:53:52.632+0000][12328.576s][info][gc,heap     ] GC(2872) Survivor regions: 6->7(90)
[2024-08-15T15:53:52.632+0000][12328.576s][info][gc,heap     ] GC(2872) Old regions: 492->492
[2024-08-15T15:53:52.632+0000][12328.576s][info][gc,heap     ] GC(2872) Archive regions: 2->2
[2024-08-15T15:53:52.632+0000][12328.576s][info][gc,heap     ] GC(2872) Humongous regions: 5->5
[2024-08-15T15:53:52.632+0000][12328.576s][info][gc,metaspace] GC(2872) Metaspace: 442359K(448832K)->442359K(448832K) NonClass: 387471K(391104K)->387471K(391104K) Class: 54887K(57728K)->54887K(57728K)
[2024-08-15T15:53:52.632+0000][12328.576s][info][gc          ] GC(2872) Pause Young (Normal) (G1 Evacuation Pause) 9714M->4031M(12288M) 16.535ms
[2024-08-15T15:53:52.632+0000][12328.576s][info][gc,cpu      ] GC(2872) User=0.09s Sys=0.00s Real=0.01s
[2024-08-15T15:53:57.336+0000][12333.280s][info][gc,start    ] GC(2873) Pause Young (Normal) (G1 Evacuation Pause)
[2024-08-15T15:53:57.336+0000][12333.280s][info][gc,task     ] GC(2873) Using 6 workers of 6 for evacuation
[2024-08-15T15:53:57.353+0000][12333.297s][info][gc,phases   ] GC(2873)   Pre Evacuate Collection Set: 0.2ms
[2024-08-15T15:53:57.353+0000][12333.297s][info][gc,phases   ] GC(2873)   Merge Heap Roots: 0.2ms
[2024-08-15T15:53:57.353+0000][12333.297s][info][gc,phases   ] GC(2873)   Evacuate Collection Set: 15.1ms
[2024-08-15T15:53:57.353+0000][12333.297s][info][gc,phases   ] GC(2873)   Post Evacuate Collection Set: 1.6ms
[2024-08-15T15:53:57.353+0000][12333.297s][info][gc,phases   ] GC(2873)   Other: 0.2ms
[2024-08-15T15:53:57.353+0000][12333.297s][info][gc,heap     ] GC(2873) Eden regions: 711->0(708)
[2024-08-15T15:53:57.353+0000][12333.297s][info][gc,heap     ] GC(2873) Survivor regions: 7->10(90)
[2024-08-15T15:53:57.353+0000][12333.297s][info][gc,heap     ] GC(2873) Old regions: 492->492
[2024-08-15T15:53:57.353+0000][12333.297s][info][gc,heap     ] GC(2873) Archive regions: 2->2
[2024-08-15T15:53:57.353+0000][12333.297s][info][gc,heap     ] GC(2873) Humongous regions: 5->5
[2024-08-15T15:53:57.353+0000][12333.297s][info][gc,metaspace] GC(2873) Metaspace: 442359K(448832K)->442359K(448832K) NonClass: 387471K(391104K)->387471K(391104K) Class: 54887K(57728K)->54887K(57728K)
[2024-08-15T15:53:57.353+0000][12333.298s][info][gc          ] GC(2873) Pause Young (Normal) (G1 Evacuation Pause) 9719M->4049M(12288M) 17.350ms
[2024-08-15T15:53:57.353+0000][12333.298s][info][gc,cpu      ] GC(2873) User=0.09s Sys=0.01s Real=0.01s
[2024-08-15T15:54:02.259+0000][12338.204s][info][gc,start    ] GC(2874) Pause Young (Concurrent Start) (G1 Evacuation Pause)
[2024-08-15T15:54:02.259+0000][12338.204s][info][gc,task     ] GC(2874) Using 6 workers of 6 for evacuation
[2024-08-15T15:54:02.278+0000][12338.223s][info][gc,phases   ] GC(2874)   Pre Evacuate Collection Set: 0.5ms
[2024-08-15T15:54:02.278+0000][12338.223s][info][gc,phases   ] GC(2874)   Merge Heap Roots: 0.2ms
[2024-08-15T15:54:02.278+0000][12338.223s][info][gc,phases   ] GC(2874)   Evacuate Collection Set: 16.7ms
[2024-08-15T15:54:02.278+0000][12338.223s][info][gc,phases   ] GC(2874)   Post Evacuate Collection Set: 1.7ms
[2024-08-15T15:54:02.278+0000][12338.223s][info][gc,phases   ] GC(2874)   Other: 0.3ms
[2024-08-15T15:54:02.278+0000][12338.223s][info][gc,heap     ] GC(2874) Eden regions: 708->0(709)
[2024-08-15T15:54:02.278+0000][12338.223s][info][gc,heap     ] GC(2874) Survivor regions: 10->9(90)
[2024-08-15T15:54:02.278+0000][12338.223s][info][gc,heap     ] GC(2874) Old regions: 492->492
[2024-08-15T15:54:02.278+0000][12338.223s][info][gc,heap     ] GC(2874) Archive regions: 2->2
[2024-08-15T15:54:02.278+0000][12338.223s][info][gc,heap     ] GC(2874) Humongous regions: 5->5
[2024-08-15T15:54:02.278+0000][12338.223s][info][gc,metaspace] GC(2874) Metaspace: 442359K(448832K)->442359K(448832K) NonClass: 387471K(391104K)->387471K(391104K) Class: 54887K(57728K)->54887K(57728K)
[2024-08-15T15:54:02.278+0000][12338.223s][info][gc          ] GC(2874) Pause Young (Concurrent Start) (G1 Evacuation Pause) 9713M->4047M(12288M) 19.461ms
[2024-08-15T15:54:02.278+0000][12338.223s][info][gc,cpu      ] GC(2874) User=0.11s Sys=0.01s Real=0.02s
[2024-08-15T15:54:02.278+0000][12338.223s][info][gc          ] GC(2875) Concurrent Mark Cycle
[2024-08-15T15:54:02.279+0000][12338.223s][info][gc,marking  ] GC(2875) Concurrent Clear Claimed Marks
[2024-08-15T15:54:02.279+0000][12338.224s][info][gc,marking  ] GC(2875) Concurrent Clear Claimed Marks 0.389ms
[2024-08-15T15:54:02.279+0000][12338.224s][info][gc,marking  ] GC(2875) Concurrent Scan Root Regions
[2024-08-15T15:54:02.307+0000][12338.251s][info][gc,marking  ] GC(2875) Concurrent Scan Root Regions 27.686ms
[2024-08-15T15:54:02.307+0000][12338.251s][info][gc,marking  ] GC(2875) Concurrent Mark
[2024-08-15T15:54:02.307+0000][12338.251s][info][gc,marking  ] GC(2875) Concurrent Mark From Roots
[2024-08-15T15:54:02.307+0000][12338.251s][info][gc,task     ] GC(2875) Using 2 workers of 2 for marking
[2024-08-15T15:54:05.631+0000][12341.575s][info][gc,marking  ] GC(2875) Concurrent Mark From Roots 3323.936ms
[2024-08-15T15:54:05.631+0000][12341.575s][info][gc,marking  ] GC(2875) Concurrent Preclean
[2024-08-15T15:54:05.633+0000][12341.577s][info][gc,marking  ] GC(2875) Concurrent Preclean 1.921ms
[2024-08-15T15:54:05.633+0000][12341.577s][info][gc,start    ] GC(2875) Pause Remark
[2024-08-15T15:54:05.656+0000][12341.601s][info][gc          ] GC(2875) Pause Remark 7535M->7535M(12288M) 23.481ms
[2024-08-15T15:54:05.656+0000][12341.601s][info][gc,cpu      ] GC(2875) User=0.10s Sys=0.00s Real=0.03s
[2024-08-15T15:54:05.656+0000][12341.601s][info][gc,marking  ] GC(2875) Concurrent Mark 3349.810ms
[2024-08-15T15:54:05.656+0000][12341.601s][info][gc,marking  ] GC(2875) Concurrent Rebuild Remembered Sets
[2024-08-15T15:54:07.549+0000][12343.494s][info][gc,marking  ] GC(2875) Concurrent Rebuild Remembered Sets 1892.783ms
[2024-08-15T15:54:07.549+0000][12343.494s][info][gc,start    ] GC(2875) Pause Cleanup
[2024-08-15T15:54:07.550+0000][12343.495s][info][gc          ] GC(2875) Pause Cleanup 9555M->9555M(12288M) 0.550ms
[2024-08-15T15:54:07.550+0000][12343.495s][info][gc,cpu      ] GC(2875) User=0.00s Sys=0.00s Real=0.00s
[2024-08-15T15:54:07.550+0000][12343.495s][info][gc,marking  ] GC(2875) Concurrent Cleanup for Next Mark
[2024-08-15T15:54:07.568+0000][12343.512s][info][gc,marking  ] GC(2875) Concurrent Cleanup for Next Mark 17.533ms
[2024-08-15T15:54:07.568+0000][12343.512s][info][gc          ] GC(2875) Concurrent Mark Cycle 5289.261ms
[2024-08-15T15:54:07.694+0000][12343.638s][info][gc,start    ] GC(2876) Pause Young (Prepare Mixed) (G1 Evacuation Pause)
[2024-08-15T15:54:07.694+0000][12343.638s][info][gc,task     ] GC(2876) Using 6 workers of 6 for evacuation
[2024-08-15T15:54:07.716+0000][12343.660s][info][gc,phases   ] GC(2876)   Pre Evacuate Collection Set: 0.2ms
[2024-08-15T15:54:07.716+0000][12343.660s][info][gc,phases   ] GC(2876)   Merge Heap Roots: 0.3ms
[2024-08-15T15:54:07.716+0000][12343.660s][info][gc,phases   ] GC(2876)   Evacuate Collection Set: 19.9ms
[2024-08-15T15:54:07.716+0000][12343.660s][info][gc,phases   ] GC(2876)   Post Evacuate Collection Set: 1.7ms
[2024-08-15T15:54:07.716+0000][12343.660s][info][gc,phases   ] GC(2876)   Other: 0.2ms
[2024-08-15T15:54:07.716+0000][12343.660s][info][gc,heap     ] GC(2876) Eden regions: 709->0(65)
[2024-08-15T15:54:07.716+0000][12343.660s][info][gc,heap     ] GC(2876) Survivor regions: 9->11(90)
[2024-08-15T15:54:07.716+0000][12343.660s][info][gc,heap     ] GC(2876) Old regions: 492->492
[2024-08-15T15:54:07.716+0000][12343.660s][info][gc,heap     ] GC(2876) Archive regions: 2->2
[2024-08-15T15:54:07.716+0000][12343.660s][info][gc,heap     ] GC(2876) Humongous regions: 5->5
[2024-08-15T15:54:07.716+0000][12343.660s][info][gc,metaspace] GC(2876) Metaspace: 442359K(448832K)->442359K(448832K) NonClass: 387471K(391104K)->387471K(391104K) Class: 54887K(57728K)->54887K(57728K)
[2024-08-15T15:54:07.716+0000][12343.661s][info][gc          ] GC(2876) Pause Young (Prepare Mixed) (G1 Evacuation Pause) 9719M->4063M(12288M) 22.387ms
[2024-08-15T15:54:07.716+0000][12343.661s][info][gc,cpu      ] GC(2876) User=0.13s Sys=0.00s Real=0.03s
[2024-08-15T15:54:08.151+0000][12344.096s][info][gc,start    ] GC(2877) Pause Young (Mixed) (G1 Evacuation Pause)
[2024-08-15T15:54:08.151+0000][12344.096s][info][gc,task     ] GC(2877) Using 6 workers of 6 for evacuation
[2024-08-15T15:54:08.216+0000][12344.161s][info][gc,phases   ] GC(2877)   Pre Evacuate Collection Set: 0.2ms
[2024-08-15T15:54:08.216+0000][12344.161s][info][gc,phases   ] GC(2877)   Merge Heap Roots: 0.5ms
[2024-08-15T15:54:08.216+0000][12344.161s][info][gc,phases   ] GC(2877)   Evacuate Collection Set: 62.7ms
[2024-08-15T15:54:08.216+0000][12344.161s][info][gc,phases   ] GC(2877)   Post Evacuate Collection Set: 1.5ms
[2024-08-15T15:54:08.216+0000][12344.161s][info][gc,phases   ] GC(2877)   Other: 0.2ms
[2024-08-15T15:54:08.216+0000][12344.161s][info][gc,heap     ] GC(2877) Eden regions: 65->0(710)
[2024-08-15T15:54:08.216+0000][12344.161s][info][gc,heap     ] GC(2877) Survivor regions: 11->5(10)
[2024-08-15T15:54:08.216+0000][12344.161s][info][gc,heap     ] GC(2877) Old regions: 492->495
[2024-08-15T15:54:08.216+0000][12344.161s][info][gc,heap     ] GC(2877) Archive regions: 2->2
[2024-08-15T15:54:08.216+0000][12344.161s][info][gc,heap     ] GC(2877) Humongous regions: 5->5
[2024-08-15T15:54:08.216+0000][12344.161s][info][gc,metaspace] GC(2877) Metaspace: 442359K(448832K)->442359K(448832K) NonClass: 387471K(391104K)->387471K(391104K) Class: 54887K(57728K)->54887K(57728K)
[2024-08-15T15:54:08.216+0000][12344.161s][info][gc          ] GC(2877) Pause Young (Mixed) (G1 Evacuation Pause) 4583M->4032M(12288M) 65.101ms
[2024-08-15T15:54:08.216+0000][12344.161s][info][gc,cpu      ] GC(2877) User=0.37s Sys=0.00s Real=0.07s
[2024-08-15T15:54:12.866+0000][12348.811s][info][gc,start    ] GC(2878) Pause Young (Normal) (G1 Evacuation Pause)
[2024-08-15T15:54:12.866+0000][12348.811s][info][gc,task     ] GC(2878) Using 6 workers of 6 for evacuation
[2024-08-15T15:54:12.878+0000][12348.822s][info][gc,phases   ] GC(2878)   Pre Evacuate Collection Set: 0.2ms
[2024-08-15T15:54:12.878+0000][12348.822s][info][gc,phases   ] GC(2878)   Merge Heap Roots: 0.2ms
[2024-08-15T15:54:12.878+0000][12348.822s][info][gc,phases   ] GC(2878)   Evacuate Collection Set: 9.3ms
[2024-08-15T15:54:12.878+0000][12348.822s][info][gc,phases   ] GC(2878)   Post Evacuate Collection Set: 1.9ms
[2024-08-15T15:54:12.878+0000][12348.822s][info][gc,phases   ] GC(2878)   Other: 0.2ms
[2024-08-15T15:54:12.878+0000][12348.822s][info][gc,heap     ] GC(2878) Eden regions: 710->0(710)
[2024-08-15T15:54:12.878+0000][12348.822s][info][gc,heap     ] GC(2878) Survivor regions: 5->5(90)
[2024-08-15T15:54:12.878+0000][12348.822s][info][gc,heap     ] GC(2878) Old regions: 495->495
[2024-08-15T15:54:12.878+0000][12348.822s][info][gc,heap     ] GC(2878) Archive regions: 2->2
[2024-08-15T15:54:12.878+0000][12348.822s][info][gc,heap     ] GC(2878) Humongous regions: 5->5
[2024-08-15T15:54:12.878+0000][12348.822s][info][gc,metaspace] GC(2878) Metaspace: 442359K(448832K)->442359K(448832K) NonClass: 387471K(391104K)->387471K(391104K) Class: 54887K(57728K)->54887K(57728K)
[2024-08-15T15:54:12.878+0000][12348.822s][info][gc          ] GC(2878) Pause Young (Normal) (G1 Evacuation Pause) 9712M->4037M(12288M) 11.878ms
[2024-08-15T15:54:12.878+0000][12348.822s][info][gc,cpu      ] GC(2878) User=0.06s Sys=0.00s Real=0.01s
[2024-08-15T15:54:17.459+0000][12353.403s][info][gc,start    ] GC(2879) Pause Young (Normal) (G1 Evacuation Pause)
[2024-08-15T15:54:17.459+0000][12353.403s][info][gc,task     ] GC(2879) Using 6 workers of 6 for evacuation
[2024-08-15T15:54:17.472+0000][12353.416s][info][gc,phases   ] GC(2879)   Pre Evacuate Collection Set: 0.2ms
[2024-08-15T15:54:17.472+0000][12353.416s][info][gc,phases   ] GC(2879)   Merge Heap Roots: 0.2ms
[2024-08-15T15:54:17.472+0000][12353.416s][info][gc,phases   ] GC(2879)   Evacuate Collection Set: 10.9ms
[2024-08-15T15:54:17.472+0000][12353.416s][info][gc,phases   ] GC(2879)   Post Evacuate Collection Set: 1.7ms
[2024-08-15T15:54:17.472+0000][12353.416s][info][gc,phases   ] GC(2879)   Other: 0.2ms
[2024-08-15T15:54:17.472+0000][12353.416s][info][gc,heap     ] GC(2879) Eden regions: 710->0(709)
[2024-08-15T15:54:17.472+0000][12353.416s][info][gc,heap     ] GC(2879) Survivor regions: 5->6(90)
[2024-08-15T15:54:17.472+0000][12353.416s][info][gc,heap     ] GC(2879) Old regions: 495->495
[2024-08-15T15:54:17.472+0000][12353.416s][info][gc,heap     ] GC(2879) Archive regions: 2->2
[2024-08-15T15:54:17.472+0000][12353.416s][info][gc,heap     ] GC(2879) Humongous regions: 5->5
[2024-08-15T15:54:17.472+0000][12353.416s][info][gc,metaspace] GC(2879) Metaspace: 442359K(448832K)->442359K(448832K) NonClass: 387471K(391104K)->387471K(391104K) Class: 54887K(57728K)->54887K(57728K)
[2024-08-15T15:54:17.472+0000][12353.416s][info][gc          ] GC(2879) Pause Young (Normal) (G1 Evacuation Pause) 9717M->4041M(12288M) 13.325ms
[2024-08-15T15:54:17.472+0000][12353.417s][info][gc,cpu      ] GC(2879) User=0.08s Sys=0.00s Real=0.01s
[2024-08-15T15:54:22.217+0000][12358.162s][info][gc,start    ] GC(2880) Pause Young (Concurrent Start) (G1 Evacuation Pause)
[2024-08-15T15:54:22.218+0000][12358.162s][info][gc,task     ] GC(2880) Using 6 workers of 6 for evacuation
[2024-08-15T15:54:22.236+0000][12358.181s][info][gc,phases   ] GC(2880)   Pre Evacuate Collection Set: 0.6ms
[2024-08-15T15:54:22.236+0000][12358.181s][info][gc,phases   ] GC(2880)   Merge Heap Roots: 0.2ms
[2024-08-15T15:54:22.236+0000][12358.181s][info][gc,phases   ] GC(2880)   Evacuate Collection Set: 15.7ms
[2024-08-15T15:54:22.236+0000][12358.181s][info][gc,phases   ] GC(2880)   Post Evacuate Collection Set: 1.8ms
[2024-08-15T15:54:22.236+0000][12358.181s][info][gc,phases   ] GC(2880)   Other: 0.3ms
[2024-08-15T15:54:22.236+0000][12358.181s][info][gc,heap     ] GC(2880) Eden regions: 709->0(707)
[2024-08-15T15:54:22.236+0000][12358.181s][info][gc,heap     ] GC(2880) Survivor regions: 6->8(90)
[2024-08-15T15:54:22.236+0000][12358.181s][info][gc,heap     ] GC(2880) Old regions: 495->495
[2024-08-15T15:54:22.236+0000][12358.181s][info][gc,heap     ] GC(2880) Archive regions: 2->2
[2024-08-15T15:54:22.236+0000][12358.181s][info][gc,heap     ] GC(2880) Humongous regions: 5->5
[2024-08-15T15:54:22.236+0000][12358.181s][info][gc,metaspace] GC(2880) Metaspace: 442359K(448832K)->442359K(448832K) NonClass: 387471K(391104K)->387471K(391104K) Class: 54887K(57728K)->54887K(57728K)
[2024-08-15T15:54:22.236+0000][12358.181s][info][gc          ] GC(2880) Pause Young (Concurrent Start) (G1 Evacuation Pause) 9713M->4060M(12288M) 18.645ms
[2024-08-15T15:54:22.236+0000][12358.181s][info][gc,cpu      ] GC(2880) User=0.10s Sys=0.00s Real=0.02s
[2024-08-15T15:54:22.236+0000][12358.181s][info][gc          ] GC(2881) Concurrent Mark Cycle
[2024-08-15T15:54:22.236+0000][12358.181s][info][gc,marking  ] GC(2881) Concurrent Clear Claimed Marks
[2024-08-15T15:54:22.237+0000][12358.181s][info][gc,marking  ] GC(2881) Concurrent Clear Claimed Marks 0.374ms
[2024-08-15T15:54:22.237+0000][12358.181s][info][gc,marking  ] GC(2881) Concurrent Scan Root Regions
[2024-08-15T15:54:22.250+0000][12358.194s][info][gc,marking  ] GC(2881) Concurrent Scan Root Regions 13.148ms
[2024-08-15T15:54:22.250+0000][12358.194s][info][gc,marking  ] GC(2881) Concurrent Mark
[2024-08-15T15:54:22.250+0000][12358.194s][info][gc,marking  ] GC(2881) Concurrent Mark From Roots
[2024-08-15T15:54:22.250+0000][12358.194s][info][gc,task     ] GC(2881) Using 2 workers of 2 for marking
[2024-08-15T15:54:25.396+0000][12361.340s][info][gc,marking  ] GC(2881) Concurrent Mark From Roots 3145.730ms
[2024-08-15T15:54:25.396+0000][12361.340s][info][gc,marking  ] GC(2881) Concurrent Preclean
[2024-08-15T15:54:25.397+0000][12361.342s][info][gc,marking  ] GC(2881) Concurrent Preclean 1.800ms
[2024-08-15T15:54:25.397+0000][12361.342s][info][gc,start    ] GC(2881) Pause Remark
[2024-08-15T15:54:25.421+0000][12361.366s][info][gc          ] GC(2881) Pause Remark 7336M->7336M(12288M) 23.592ms
[2024-08-15T15:54:25.421+0000][12361.366s][info][gc,cpu      ] GC(2881) User=0.10s Sys=0.00s Real=0.02s
[2024-08-15T15:54:25.421+0000][12361.366s][info][gc,marking  ] GC(2881) Concurrent Mark 3171.477ms
[2024-08-15T15:54:25.421+0000][12361.366s][info][gc,marking  ] GC(2881) Concurrent Rebuild Remembered Sets
[2024-08-15T15:54:27.348+0000][12363.293s][info][gc,marking  ] GC(2881) Concurrent Rebuild Remembered Sets 1926.931ms
[2024-08-15T15:54:27.348+0000][12363.293s][info][gc,start    ] GC(2881) Pause Cleanup
[2024-08-15T15:54:27.349+0000][12363.293s][info][gc          ] GC(2881) Pause Cleanup 9468M->9468M(12288M) 0.522ms
[2024-08-15T15:54:27.349+0000][12363.294s][info][gc,cpu      ] GC(2881) User=0.00s Sys=0.00s Real=0.00s
[2024-08-15T15:54:27.349+0000][12363.294s][info][gc,marking  ] GC(2881) Concurrent Cleanup for Next Mark
[2024-08-15T15:54:27.366+0000][12363.311s][info][gc,marking  ] GC(2881) Concurrent Cleanup for Next Mark 16.969ms
[2024-08-15T15:54:27.366+0000][12363.311s][info][gc          ] GC(2881) Concurrent Mark Cycle 5129.823ms
[2024-08-15T15:54:27.579+0000][12363.524s][info][gc,start    ] GC(2882) Pause Young (Prepare Mixed) (G1 Evacuation Pause)
[2024-08-15T15:54:27.579+0000][12363.524s][info][gc,task     ] GC(2882) Using 6 workers of 6 for evacuation
[2024-08-15T15:54:27.600+0000][12363.545s][info][gc,phases   ] GC(2882)   Pre Evacuate Collection Set: 0.2ms
[2024-08-15T15:54:27.600+0000][12363.545s][info][gc,phases   ] GC(2882)   Merge Heap Roots: 0.3ms
[2024-08-15T15:54:27.600+0000][12363.545s][info][gc,phases   ] GC(2882)   Evacuate Collection Set: 18.8ms
[2024-08-15T15:54:27.600+0000][12363.545s][info][gc,phases   ] GC(2882)   Post Evacuate Collection Set: 1.8ms
[2024-08-15T15:54:27.600+0000][12363.545s][info][gc,phases   ] GC(2882)   Other: 0.2ms
[2024-08-15T15:54:27.600+0000][12363.545s][info][gc,heap     ] GC(2882) Eden regions: 707->0(67)
[2024-08-15T15:54:27.600+0000][12363.545s][info][gc,heap     ] GC(2882) Survivor regions: 8->9(90)
[2024-08-15T15:54:27.600+0000][12363.545s][info][gc,heap     ] GC(2882) Old regions: 495->495
[2024-08-15T15:54:27.600+0000][12363.545s][info][gc,heap     ] GC(2882) Archive regions: 2->2
[2024-08-15T15:54:27.600+0000][12363.545s][info][gc,heap     ] GC(2882) Humongous regions: 5->5
[2024-08-15T15:54:27.600+0000][12363.545s][info][gc,metaspace] GC(2882) Metaspace: 442359K(448832K)->442359K(448832K) NonClass: 387471K(391104K)->387471K(391104K) Class: 54887K(57728K)->54887K(57728K)
[2024-08-15T15:54:27.600+0000][12363.545s][info][gc          ] GC(2882) Pause Young (Prepare Mixed) (G1 Evacuation Pause) 9716M->4065M(12288M) 21.426ms
[2024-08-15T15:54:27.601+0000][12363.545s][info][gc,cpu      ] GC(2882) User=0.12s Sys=0.01s Real=0.02s
[2024-08-15T15:54:28.071+0000][12364.016s][info][gc,start    ] GC(2883) Pause Young (Mixed) (G1 Evacuation Pause)
[2024-08-15T15:54:28.071+0000][12364.016s][info][gc,task     ] GC(2883) Using 6 workers of 6 for evacuation
[2024-08-15T15:54:28.126+0000][12364.071s][info][gc,phases   ] GC(2883)   Pre Evacuate Collection Set: 0.2ms
[2024-08-15T15:54:28.126+0000][12364.071s][info][gc,phases   ] GC(2883)   Merge Heap Roots: 0.4ms
[2024-08-15T15:54:28.126+0000][12364.071s][info][gc,phases   ] GC(2883)   Evacuate Collection Set: 52.8ms
[2024-08-15T15:54:28.126+0000][12364.071s][info][gc,phases   ] GC(2883)   Post Evacuate Collection Set: 1.3ms
[2024-08-15T15:54:28.126+0000][12364.071s][info][gc,phases   ] GC(2883)   Other: 0.2ms
[2024-08-15T15:54:28.126+0000][12364.071s][info][gc,heap     ] GC(2883) Eden regions: 67->0(710)
[2024-08-15T15:54:28.126+0000][12364.071s][info][gc,heap     ] GC(2883) Survivor regions: 9->6(10)
[2024-08-15T15:54:28.126+0000][12364.071s][info][gc,heap     ] GC(2883) Old regions: 495->494
[2024-08-15T15:54:28.126+0000][12364.071s][info][gc,heap     ] GC(2883) Archive regions: 2->2
[2024-08-15T15:54:28.126+0000][12364.071s][info][gc,heap     ] GC(2883) Humongous regions: 5->5
[2024-08-15T15:54:28.126+0000][12364.071s][info][gc,metaspace] GC(2883) Metaspace: 442360K(448832K)->442360K(448832K) NonClass: 387472K(391104K)->387472K(391104K) Class: 54887K(57728K)->54887K(57728K)
[2024-08-15T15:54:28.126+0000][12364.071s][info][gc          ] GC(2883) Pause Young (Mixed) (G1 Evacuation Pause) 4601M->4037M(12288M) 54.970ms
[2024-08-15T15:54:28.126+0000][12364.071s][info][gc,cpu      ] GC(2883) User=0.33s Sys=0.00s Real=0.06s
[2024-08-15T15:54:32.849+0000][12368.793s][info][gc,start    ] GC(2884) Pause Young (Normal) (G1 Evacuation Pause)
[2024-08-15T15:54:32.849+0000][12368.793s][info][gc,task     ] GC(2884) Using 6 workers of 6 for evacuation
[2024-08-15T15:54:32.863+0000][12368.807s][info][gc,phases   ] GC(2884)   Pre Evacuate Collection Set: 0.2ms
[2024-08-15T15:54:32.863+0000][12368.807s][info][gc,phases   ] GC(2884)   Merge Heap Roots: 0.2ms
[2024-08-15T15:54:32.863+0000][12368.807s][info][gc,phases   ] GC(2884)   Evacuate Collection Set: 11.9ms
[2024-08-15T15:54:32.863+0000][12368.807s][info][gc,phases   ] GC(2884)   Post Evacuate Collection Set: 1.7ms
[2024-08-15T15:54:32.863+0000][12368.807s][info][gc,phases   ] GC(2884)   Other: 0.2ms
[2024-08-15T15:54:32.863+0000][12368.807s][info][gc,heap     ] GC(2884) Eden regions: 710->0(709)
[2024-08-15T15:54:32.863+0000][12368.807s][info][gc,heap     ] GC(2884) Survivor regions: 6->7(90)
[2024-08-15T15:54:32.863+0000][12368.807s][info][gc,heap     ] GC(2884) Old regions: 494->494
[2024-08-15T15:54:32.863+0000][12368.807s][info][gc,heap     ] GC(2884) Archive regions: 2->2
[2024-08-15T15:54:32.863+0000][12368.807s][info][gc,heap     ] GC(2884) Humongous regions: 5->5
[2024-08-15T15:54:32.863+0000][12368.807s][info][gc,metaspace] GC(2884) Metaspace: 442360K(448832K)->442360K(448832K) NonClass: 387472K(391104K)->387472K(391104K) Class: 54887K(57728K)->54887K(57728K)
[2024-08-15T15:54:32.863+0000][12368.807s][info][gc          ] GC(2884) Pause Young (Normal) (G1 Evacuation Pause) 9717M->4046M(12288M) 14.269ms
[2024-08-15T15:54:32.863+0000][12368.807s][info][gc,cpu      ] GC(2884) User=0.08s Sys=0.00s Real=0.01s
[2024-08-15T15:54:37.497+0000][12373.441s][info][gc,start    ] GC(2885) Pause Young (Normal) (G1 Evacuation Pause)
[2024-08-15T15:54:37.497+0000][12373.441s][info][gc,task     ] GC(2885) Using 6 workers of 6 for evacuation
[2024-08-15T15:54:37.514+0000][12373.459s][info][gc,phases   ] GC(2885)   Pre Evacuate Collection Set: 0.2ms
[2024-08-15T15:54:37.514+0000][12373.459s][info][gc,phases   ] GC(2885)   Merge Heap Roots: 0.2ms
[2024-08-15T15:54:37.514+0000][12373.459s][info][gc,phases   ] GC(2885)   Evacuate Collection Set: 15.1ms
[2024-08-15T15:54:37.514+0000][12373.459s][info][gc,phases   ] GC(2885)   Post Evacuate Collection Set: 1.8ms
[2024-08-15T15:54:37.514+0000][12373.459s][info][gc,phases   ] GC(2885)   Other: 0.2ms
[2024-08-15T15:54:37.514+0000][12373.459s][info][gc,heap     ] GC(2885) Eden regions: 709->0(709)
[2024-08-15T15:54:37.514+0000][12373.459s][info][gc,heap     ] GC(2885) Survivor regions: 7->7(90)
[2024-08-15T15:54:37.514+0000][12373.459s][info][gc,heap     ] GC(2885) Old regions: 494->494
[2024-08-15T15:54:37.514+0000][12373.459s][info][gc,heap     ] GC(2885) Archive regions: 2->2
[2024-08-15T15:54:37.514+0000][12373.459s][info][gc,heap     ] GC(2885) Humongous regions: 5->5
[2024-08-15T15:54:37.514+0000][12373.459s][info][gc,metaspace] GC(2885) Metaspace: 442360K(448832K)->442360K(448832K) NonClass: 387472K(391104K)->387472K(391104K) Class: 54887K(57728K)->54887K(57728K)
[2024-08-15T15:54:37.514+0000][12373.459s][info][gc          ] GC(2885) Pause Young (Normal) (G1 Evacuation Pause) 9718M->4045M(12288M) 17.578ms
[2024-08-15T15:54:37.514+0000][12373.459s][info][gc,cpu      ] GC(2885) User=0.10s Sys=0.00s Real=0.01s
[2024-08-15T15:54:42.272+0000][12378.217s][info][gc,start    ] GC(2886) Pause Young (Concurrent Start) (G1 Evacuation Pause)
[2024-08-15T15:54:42.272+0000][12378.217s][info][gc,task     ] GC(2886) Using 6 workers of 6 for evacuation
[2024-08-15T15:54:42.296+0000][12378.241s][info][gc,phases   ] GC(2886)   Pre Evacuate Collection Set: 0.5ms
[2024-08-15T15:54:42.296+0000][12378.241s][info][gc,phases   ] GC(2886)   Merge Heap Roots: 0.2ms
[2024-08-15T15:54:42.296+0000][12378.241s][info][gc,phases   ] GC(2886)   Evacuate Collection Set: 20.8ms
[2024-08-15T15:54:42.296+0000][12378.241s][info][gc,phases   ] GC(2886)   Post Evacuate Collection Set: 1.9ms
[2024-08-15T15:54:42.296+0000][12378.241s][info][gc,phases   ] GC(2886)   Other: 0.3ms
[2024-08-15T15:54:42.296+0000][12378.241s][info][gc,heap     ] GC(2886) Eden regions: 709->0(707)
[2024-08-15T15:54:42.296+0000][12378.241s][info][gc,heap     ] GC(2886) Survivor regions: 7->9(90)
[2024-08-15T15:54:42.296+0000][12378.241s][info][gc,heap     ] GC(2886) Old regions: 494->494
[2024-08-15T15:54:42.296+0000][12378.241s][info][gc,heap     ] GC(2886) Archive regions: 2->2
[2024-08-15T15:54:42.296+0000][12378.241s][info][gc,heap     ] GC(2886) Humongous regions: 5->5
[2024-08-15T15:54:42.296+0000][12378.241s][info][gc,metaspace] GC(2886) Metaspace: 442360K(448832K)->442360K(448832K) NonClass: 387472K(391104K)->387472K(391104K) Class: 54887K(57728K)->54887K(57728K)
[2024-08-15T15:54:42.296+0000][12378.241s][info][gc          ] GC(2886) Pause Young (Concurrent Start) (G1 Evacuation Pause) 9717M->4063M(12288M) 23.792ms
[2024-08-15T15:54:42.296+0000][12378.241s][info][gc,cpu      ] GC(2886) User=0.14s Sys=0.00s Real=0.03s
[2024-08-15T15:54:42.296+0000][12378.241s][info][gc          ] GC(2887) Concurrent Mark Cycle
[2024-08-15T15:54:42.296+0000][12378.241s][info][gc,marking  ] GC(2887) Concurrent Clear Claimed Marks
[2024-08-15T15:54:42.297+0000][12378.241s][info][gc,marking  ] GC(2887) Concurrent Clear Claimed Marks 0.336ms
[2024-08-15T15:54:42.297+0000][12378.241s][info][gc,marking  ] GC(2887) Concurrent Scan Root Regions
[2024-08-15T15:54:42.310+0000][12378.254s][info][gc,marking  ] GC(2887) Concurrent Scan Root Regions 12.965ms
[2024-08-15T15:54:42.310+0000][12378.254s][info][gc,marking  ] GC(2887) Concurrent Mark
[2024-08-15T15:54:42.310+0000][12378.254s][info][gc,marking  ] GC(2887) Concurrent Mark From Roots
[2024-08-15T15:54:42.310+0000][12378.254s][info][gc,task     ] GC(2887) Using 2 workers of 2 for marking
[2024-08-15T15:54:45.396+0000][12381.341s][info][gc,marking  ] GC(2887) Concurrent Mark From Roots 3086.349ms
[2024-08-15T15:54:45.396+0000][12381.341s][info][gc,marking  ] GC(2887) Concurrent Preclean
[2024-08-15T15:54:45.397+0000][12381.342s][info][gc,marking  ] GC(2887) Concurrent Preclean 1.474ms
[2024-08-15T15:54:45.398+0000][12381.342s][info][gc,start    ] GC(2887) Pause Remark
[2024-08-15T15:54:45.421+0000][12381.366s][info][gc          ] GC(2887) Pause Remark 7207M->7207M(12288M) 23.374ms
[2024-08-15T15:54:45.421+0000][12381.366s][info][gc,cpu      ] GC(2887) User=0.11s Sys=0.00s Real=0.02s
[2024-08-15T15:54:45.421+0000][12381.366s][info][gc,marking  ] GC(2887) Concurrent Mark 3111.591ms
[2024-08-15T15:54:45.421+0000][12381.366s][info][gc,marking  ] GC(2887) Concurrent Rebuild Remembered Sets
[2024-08-15T15:54:47.383+0000][12383.328s][info][gc,marking  ] GC(2887) Concurrent Rebuild Remembered Sets 1962.057ms
[2024-08-15T15:54:47.383+0000][12383.328s][info][gc,start    ] GC(2887) Pause Cleanup
[2024-08-15T15:54:47.384+0000][12383.329s][info][gc          ] GC(2887) Pause Cleanup 9612M->9612M(12288M) 0.523ms
[2024-08-15T15:54:47.384+0000][12383.329s][info][gc,cpu      ] GC(2887) User=0.00s Sys=0.00s Real=0.00s
[2024-08-15T15:54:47.384+0000][12383.329s][info][gc,marking  ] GC(2887) Concurrent Cleanup for Next Mark
[2024-08-15T15:54:47.401+0000][12383.346s][info][gc,marking  ] GC(2887) Concurrent Cleanup for Next Mark 16.970ms
[2024-08-15T15:54:47.401+0000][12383.346s][info][gc          ] GC(2887) Concurrent Mark Cycle 5104.911ms
[2024-08-15T15:54:47.480+0000][12383.425s][info][gc,start    ] GC(2888) Pause Young (Prepare Mixed) (G1 Evacuation Pause)
[2024-08-15T15:54:47.481+0000][12383.425s][info][gc,task     ] GC(2888) Using 6 workers of 6 for evacuation
[2024-08-15T15:54:47.502+0000][12383.446s][info][gc,phases   ] GC(2888)   Pre Evacuate Collection Set: 0.2ms
[2024-08-15T15:54:47.502+0000][12383.446s][info][gc,phases   ] GC(2888)   Merge Heap Roots: 0.4ms
[2024-08-15T15:54:47.502+0000][12383.446s][info][gc,phases   ] GC(2888)   Evacuate Collection Set: 18.8ms
[2024-08-15T15:54:47.502+0000][12383.446s][info][gc,phases   ] GC(2888)   Post Evacuate Collection Set: 1.7ms
[2024-08-15T15:54:47.502+0000][12383.446s][info][gc,phases   ] GC(2888)   Other: 0.2ms
[2024-08-15T15:54:47.502+0000][12383.446s][info][gc,heap     ] GC(2888) Eden regions: 707->0(67)
[2024-08-15T15:54:47.502+0000][12383.446s][info][gc,heap     ] GC(2888) Survivor regions: 9->9(90)
[2024-08-15T15:54:47.502+0000][12383.446s][info][gc,heap     ] GC(2888) Old regions: 494->494
[2024-08-15T15:54:47.502+0000][12383.446s][info][gc,heap     ] GC(2888) Archive regions: 2->2
[2024-08-15T15:54:47.502+0000][12383.446s][info][gc,heap     ] GC(2888) Humongous regions: 5->5
[2024-08-15T15:54:47.502+0000][12383.446s][info][gc,metaspace] GC(2888) Metaspace: 442360K(448832K)->442360K(448832K) NonClass: 387472K(391104K)->387472K(391104K) Class: 54887K(57728K)->54887K(57728K)
[2024-08-15T15:54:47.502+0000][12383.446s][info][gc          ] GC(2888) Pause Young (Prepare Mixed) (G1 Evacuation Pause) 9719M->4063M(12288M) 21.359ms
[2024-08-15T15:54:47.502+0000][12383.447s][info][gc,cpu      ] GC(2888) User=0.13s Sys=0.00s Real=0.02s
[2024-08-15T15:54:47.944+0000][12383.889s][info][gc,start    ] GC(2889) Pause Young (Mixed) (G1 Evacuation Pause)
[2024-08-15T15:54:47.944+0000][12383.889s][info][gc,task     ] GC(2889) Using 6 workers of 6 for evacuation
[2024-08-15T15:54:47.997+0000][12383.942s][info][gc,phases   ] GC(2889)   Pre Evacuate Collection Set: 0.2ms
[2024-08-15T15:54:47.997+0000][12383.942s][info][gc,phases   ] GC(2889)   Merge Heap Roots: 0.4ms
[2024-08-15T15:54:47.997+0000][12383.942s][info][gc,phases   ] GC(2889)   Evacuate Collection Set: 50.7ms
[2024-08-15T15:54:47.997+0000][12383.942s][info][gc,phases   ] GC(2889)   Post Evacuate Collection Set: 1.2ms
[2024-08-15T15:54:47.997+0000][12383.942s][info][gc,phases   ] GC(2889)   Other: 0.2ms
[2024-08-15T15:54:47.997+0000][12383.942s][info][gc,heap     ] GC(2889) Eden regions: 67->0(711)
[2024-08-15T15:54:47.997+0000][12383.942s][info][gc,heap     ] GC(2889) Survivor regions: 9->5(10)
[2024-08-15T15:54:47.997+0000][12383.942s][info][gc,heap     ] GC(2889) Old regions: 494->494
[2024-08-15T15:54:47.997+0000][12383.942s][info][gc,heap     ] GC(2889) Archive regions: 2->2
[2024-08-15T15:54:47.997+0000][12383.942s][info][gc,heap     ] GC(2889) Humongous regions: 5->5
[2024-08-15T15:54:47.997+0000][12383.942s][info][gc,metaspace] GC(2889) Metaspace: 442360K(448832K)->442360K(448832K) NonClass: 387472K(391104K)->387472K(391104K) Class: 54887K(57728K)->54887K(57728K)
[2024-08-15T15:54:47.997+0000][12383.942s][info][gc          ] GC(2889) Pause Young (Mixed) (G1 Evacuation Pause) 4599M->4035M(12288M) 52.769ms
[2024-08-15T15:54:47.997+0000][12383.942s][info][gc,cpu      ] GC(2889) User=0.32s Sys=0.00s Real=0.05s
[2024-08-15T15:54:51.454+0000][12387.398s][info][gc,start    ] GC(2890) Pause Young (Normal) (G1 Evacuation Pause)
[2024-08-15T15:54:51.454+0000][12387.398s][info][gc,task     ] GC(2890) Using 6 workers of 6 for evacuation
[2024-08-15T15:54:51.466+0000][12387.411s][info][gc,phases   ] GC(2890)   Pre Evacuate Collection Set: 0.2ms
[2024-08-15T15:54:51.466+0000][12387.411s][info][gc,phases   ] GC(2890)   Merge Heap Roots: 0.2ms
[2024-08-15T15:54:51.466+0000][12387.411s][info][gc,phases   ] GC(2890)   Evacuate Collection Set: 10.5ms
[2024-08-15T15:54:51.466+0000][12387.411s][info][gc,phases   ] GC(2890)   Post Evacuate Collection Set: 1.7ms
[2024-08-15T15:54:51.466+0000][12387.411s][info][gc,phases   ] GC(2890)   Other: 0.2ms
[2024-08-15T15:54:51.466+0000][12387.411s][info][gc,heap     ] GC(2890) Eden regions: 711->0(710)
[2024-08-15T15:54:51.466+0000][12387.411s][info][gc,heap     ] GC(2890) Survivor regions: 5->6(90)
[2024-08-15T15:54:51.466+0000][12387.411s][info][gc,heap     ] GC(2890) Old regions: 494->494
[2024-08-15T15:54:51.466+0000][12387.411s][info][gc,heap     ] GC(2890) Archive regions: 2->2
[2024-08-15T15:54:51.467+0000][12387.411s][info][gc,heap     ] GC(2890) Humongous regions: 5->5
[2024-08-15T15:54:51.467+0000][12387.411s][info][gc,metaspace] GC(2890) Metaspace: 442360K(448832K)->442360K(448832K) NonClass: 387472K(391104K)->387472K(391104K) Class: 54887K(57728K)->54887K(57728K)
[2024-08-15T15:54:51.467+0000][12387.411s][info][gc          ] GC(2890) Pause Young (Normal) (G1 Evacuation Pause) 9723M->4039M(12288M) 12.811ms
[2024-08-15T15:54:51.467+0000][12387.411s][info][gc,cpu      ] GC(2890) User=0.07s Sys=0.00s Real=0.02s
[2024-08-15T15:54:56.215+0000][12392.159s][info][gc,start    ] GC(2891) Pause Young (Normal) (G1 Evacuation Pause)
[2024-08-15T15:54:56.215+0000][12392.159s][info][gc,task     ] GC(2891) Using 6 workers of 6 for evacuation
[2024-08-15T15:54:56.229+0000][12392.174s][info][gc,phases   ] GC(2891)   Pre Evacuate Collection Set: 0.2ms
[2024-08-15T15:54:56.229+0000][12392.174s][info][gc,phases   ] GC(2891)   Merge Heap Roots: 0.2ms
[2024-08-15T15:54:56.229+0000][12392.174s][info][gc,phases   ] GC(2891)   Evacuate Collection Set: 12.4ms
[2024-08-15T15:54:56.229+0000][12392.174s][info][gc,phases   ] GC(2891)   Post Evacuate Collection Set: 1.6ms
[2024-08-15T15:54:56.229+0000][12392.174s][info][gc,phases   ] GC(2891)   Other: 0.2ms
[2024-08-15T15:54:56.229+0000][12392.174s][info][gc,heap     ] GC(2891) Eden regions: 710->0(710)
[2024-08-15T15:54:56.229+0000][12392.174s][info][gc,heap     ] GC(2891) Survivor regions: 6->6(90)
[2024-08-15T15:54:56.229+0000][12392.174s][info][gc,heap     ] GC(2891) Old regions: 494->494
[2024-08-15T15:54:56.229+0000][12392.174s][info][gc,heap     ] GC(2891) Archive regions: 2->2
[2024-08-15T15:54:56.229+0000][12392.174s][info][gc,heap     ] GC(2891) Humongous regions: 5->5
[2024-08-15T15:54:56.229+0000][12392.174s][info][gc,metaspace] GC(2891) Metaspace: 442360K(448832K)->442360K(448832K) NonClass: 387472K(391104K)->387472K(391104K) Class: 54887K(57728K)->54887K(57728K)
[2024-08-15T15:54:56.229+0000][12392.174s][info][gc          ] GC(2891) Pause Young (Normal) (G1 Evacuation Pause) 9719M->4043M(12288M) 14.702ms
[2024-08-15T15:54:56.229+0000][12392.174s][info][gc,cpu      ] GC(2891) User=0.09s Sys=0.00s Real=0.02s
[2024-08-15T15:55:01.176+0000][12397.121s][info][gc,start    ] GC(2892) Pause Young (Concurrent Start) (G1 Evacuation Pause)
[2024-08-15T15:55:01.176+0000][12397.121s][info][gc,task     ] GC(2892) Using 6 workers of 6 for evacuation
[2024-08-15T15:55:01.197+0000][12397.141s][info][gc,phases   ] GC(2892)   Pre Evacuate Collection Set: 0.5ms
[2024-08-15T15:55:01.197+0000][12397.141s][info][gc,phases   ] GC(2892)   Merge Heap Roots: 0.2ms
[2024-08-15T15:55:01.197+0000][12397.141s][info][gc,phases   ] GC(2892)   Evacuate Collection Set: 17.7ms
[2024-08-15T15:55:01.197+0000][12397.141s][info][gc,phases   ] GC(2892)   Post Evacuate Collection Set: 1.9ms
[2024-08-15T15:55:01.197+0000][12397.141s][info][gc,phases   ] GC(2892)   Other: 0.2ms
[2024-08-15T15:55:01.197+0000][12397.141s][info][gc,heap     ] GC(2892) Eden regions: 710->0(708)
[2024-08-15T15:55:01.197+0000][12397.141s][info][gc,heap     ] GC(2892) Survivor regions: 6->8(90)
[2024-08-15T15:55:01.197+0000][12397.141s][info][gc,heap     ] GC(2892) Old regions: 494->494
[2024-08-15T15:55:01.197+0000][12397.141s][info][gc,heap     ] GC(2892) Archive regions: 2->2
[2024-08-15T15:55:01.197+0000][12397.141s][info][gc,heap     ] GC(2892) Humongous regions: 5->5
[2024-08-15T15:55:01.197+0000][12397.141s][info][gc,metaspace] GC(2892) Metaspace: 442369K(448832K)->442369K(448832K) NonClass: 387481K(391104K)->387481K(391104K) Class: 54887K(57728K)->54887K(57728K)
[2024-08-15T15:55:01.197+0000][12397.141s][info][gc          ] GC(2892) Pause Young (Concurrent Start) (G1 Evacuation Pause) 9723M->4059M(12288M) 20.633ms
[2024-08-15T15:55:01.197+0000][12397.141s][info][gc,cpu      ] GC(2892) User=0.12s Sys=0.00s Real=0.02s
[2024-08-15T15:55:01.197+0000][12397.141s][info][gc          ] GC(2893) Concurrent Mark Cycle
[2024-08-15T15:55:01.197+0000][12397.141s][info][gc,marking  ] GC(2893) Concurrent Clear Claimed Marks
[2024-08-15T15:55:01.197+0000][12397.142s][info][gc,marking  ] GC(2893) Concurrent Clear Claimed Marks 0.340ms
[2024-08-15T15:55:01.197+0000][12397.142s][info][gc,marking  ] GC(2893) Concurrent Scan Root Regions
[2024-08-15T15:55:01.216+0000][12397.160s][info][gc,marking  ] GC(2893) Concurrent Scan Root Regions 18.332ms
[2024-08-15T15:55:01.216+0000][12397.160s][info][gc,marking  ] GC(2893) Concurrent Mark
[2024-08-15T15:55:01.216+0000][12397.160s][info][gc,marking  ] GC(2893) Concurrent Mark From Roots
[2024-08-15T15:55:01.216+0000][12397.160s][info][gc,task     ] GC(2893) Using 2 workers of 2 for marking
[2024-08-15T15:55:04.372+0000][12400.317s][info][gc,marking  ] GC(2893) Concurrent Mark From Roots 3156.625ms
[2024-08-15T15:55:04.372+0000][12400.317s][info][gc,marking  ] GC(2893) Concurrent Preclean
[2024-08-15T15:55:04.374+0000][12400.319s][info][gc,marking  ] GC(2893) Concurrent Preclean 1.900ms
[2024-08-15T15:55:04.374+0000][12400.319s][info][gc,start    ] GC(2893) Pause Remark
[2024-08-15T15:55:04.399+0000][12400.344s][info][gc          ] GC(2893) Pause Remark 7367M->7367M(12288M) 24.848ms
[2024-08-15T15:55:04.399+0000][12400.344s][info][gc,cpu      ] GC(2893) User=0.11s Sys=0.00s Real=0.03s
[2024-08-15T15:55:04.399+0000][12400.344s][info][gc,marking  ] GC(2893) Concurrent Mark 3183.840ms
[2024-08-15T15:55:04.399+0000][12400.344s][info][gc,marking  ] GC(2893) Concurrent Rebuild Remembered Sets
[2024-08-15T15:55:06.306+0000][12402.251s][info][gc,marking  ] GC(2893) Concurrent Rebuild Remembered Sets 1907.047ms
[2024-08-15T15:55:06.307+0000][12402.251s][info][gc,start    ] GC(2893) Pause Cleanup
[2024-08-15T15:55:06.307+0000][12402.252s][info][gc          ] GC(2893) Pause Cleanup 9443M->9443M(12288M) 0.529ms
[2024-08-15T15:55:06.307+0000][12402.252s][info][gc,cpu      ] GC(2893) User=0.01s Sys=0.00s Real=0.00s
[2024-08-15T15:55:06.307+0000][12402.252s][info][gc,marking  ] GC(2893) Concurrent Cleanup for Next Mark
[2024-08-15T15:55:06.324+0000][12402.269s][info][gc,marking  ] GC(2893) Concurrent Cleanup for Next Mark 16.824ms
[2024-08-15T15:55:06.324+0000][12402.269s][info][gc          ] GC(2893) Concurrent Mark Cycle 5127.483ms
[2024-08-15T15:55:06.545+0000][12402.489s][info][gc,start    ] GC(2894) Pause Young (Prepare Mixed) (G1 Evacuation Pause)
[2024-08-15T15:55:06.545+0000][12402.489s][info][gc,task     ] GC(2894) Using 6 workers of 6 for evacuation
[2024-08-15T15:55:06.565+0000][12402.510s][info][gc,phases   ] GC(2894)   Pre Evacuate Collection Set: 0.2ms
[2024-08-15T15:55:06.565+0000][12402.510s][info][gc,phases   ] GC(2894)   Merge Heap Roots: 0.3ms
[2024-08-15T15:55:06.565+0000][12402.510s][info][gc,phases   ] GC(2894)   Evacuate Collection Set: 18.3ms
[2024-08-15T15:55:06.565+0000][12402.510s][info][gc,phases   ] GC(2894)   Post Evacuate Collection Set: 1.7ms
[2024-08-15T15:55:06.565+0000][12402.510s][info][gc,phases   ] GC(2894)   Other: 0.2ms
[2024-08-15T15:55:06.565+0000][12402.510s][info][gc,heap     ] GC(2894) Eden regions: 708->0(67)
[2024-08-15T15:55:06.565+0000][12402.510s][info][gc,heap     ] GC(2894) Survivor regions: 8->9(90)
[2024-08-15T15:55:06.565+0000][12402.510s][info][gc,heap     ] GC(2894) Old regions: 494->494
[2024-08-15T15:55:06.565+0000][12402.510s][info][gc,heap     ] GC(2894) Archive regions: 2->2
[2024-08-15T15:55:06.565+0000][12402.510s][info][gc,heap     ] GC(2894) Humongous regions: 5->5
[2024-08-15T15:55:06.565+0000][12402.510s][info][gc,metaspace] GC(2894) Metaspace: 442369K(448832K)->442369K(448832K) NonClass: 387481K(391104K)->387481K(391104K) Class: 54887K(57728K)->54887K(57728K)
[2024-08-15T15:55:06.565+0000][12402.510s][info][gc          ] GC(2894) Pause Young (Prepare Mixed) (G1 Evacuation Pause) 9723M->4066M(12288M) 20.806ms
[2024-08-15T15:55:06.566+0000][12402.510s][info][gc,cpu      ] GC(2894) User=0.12s Sys=0.00s Real=0.02s
[2024-08-15T15:55:06.987+0000][12402.931s][info][gc,start    ] GC(2895) Pause Young (Mixed) (G1 Evacuation Pause)
[2024-08-15T15:55:06.987+0000][12402.932s][info][gc,task     ] GC(2895) Using 6 workers of 6 for evacuation
[2024-08-15T15:55:07.046+0000][12402.991s][info][gc,phases   ] GC(2895)   Pre Evacuate Collection Set: 0.2ms
[2024-08-15T15:55:07.046+0000][12402.991s][info][gc,phases   ] GC(2895)   Merge Heap Roots: 0.5ms
[2024-08-15T15:55:07.046+0000][12402.991s][info][gc,phases   ] GC(2895)   Evacuate Collection Set: 56.9ms
[2024-08-15T15:55:07.046+0000][12402.991s][info][gc,phases   ] GC(2895)   Post Evacuate Collection Set: 1.3ms
[2024-08-15T15:55:07.046+0000][12402.991s][info][gc,phases   ] GC(2895)   Other: 0.2ms
[2024-08-15T15:55:07.046+0000][12402.991s][info][gc,heap     ] GC(2895) Eden regions: 67->0(710)
[2024-08-15T15:55:07.046+0000][12402.991s][info][gc,heap     ] GC(2895) Survivor regions: 9->6(10)
[2024-08-15T15:55:07.046+0000][12402.991s][info][gc,heap     ] GC(2895) Old regions: 494->494
[2024-08-15T15:55:07.046+0000][12402.991s][info][gc,heap     ] GC(2895) Archive regions: 2->2
[2024-08-15T15:55:07.046+0000][12402.991s][info][gc,heap     ] GC(2895) Humongous regions: 5->5
[2024-08-15T15:55:07.046+0000][12402.991s][info][gc,metaspace] GC(2895) Metaspace: 442369K(448832K)->442369K(448832K) NonClass: 387481K(391104K)->387481K(391104K) Class: 54887K(57728K)->54887K(57728K)
[2024-08-15T15:55:07.046+0000][12402.991s][info][gc          ] GC(2895) Pause Young (Mixed) (G1 Evacuation Pause) 4602M->4031M(12288M) 59.140ms
[2024-08-15T15:55:07.046+0000][12402.991s][info][gc,cpu      ] GC(2895) User=0.34s Sys=0.00s Real=0.06s
[2024-08-15T15:55:11.774+0000][12407.719s][info][gc,start    ] GC(2896) Pause Young (Normal) (G1 Evacuation Pause)
[2024-08-15T15:55:11.774+0000][12407.719s][info][gc,task     ] GC(2896) Using 6 workers of 6 for evacuation
[2024-08-15T15:55:11.789+0000][12407.733s][info][gc,phases   ] GC(2896)   Pre Evacuate Collection Set: 0.2ms
[2024-08-15T15:55:11.789+0000][12407.734s][info][gc,phases   ] GC(2896)   Merge Heap Roots: 0.2ms
[2024-08-15T15:55:11.789+0000][12407.734s][info][gc,phases   ] GC(2896)   Evacuate Collection Set: 12.2ms
[2024-08-15T15:55:11.789+0000][12407.734s][info][gc,phases   ] GC(2896)   Post Evacuate Collection Set: 1.9ms
[2024-08-15T15:55:11.789+0000][12407.734s][info][gc,phases   ] GC(2896)   Other: 0.2ms
[2024-08-15T15:55:11.789+0000][12407.734s][info][gc,heap     ] GC(2896) Eden regions: 710->0(709)
[2024-08-15T15:55:11.789+0000][12407.734s][info][gc,heap     ] GC(2896) Survivor regions: 6->7(90)
[2024-08-15T15:55:11.789+0000][12407.734s][info][gc,heap     ] GC(2896) Old regions: 494->494
[2024-08-15T15:55:11.789+0000][12407.734s][info][gc,heap     ] GC(2896) Archive regions: 2->2
[2024-08-15T15:55:11.789+0000][12407.734s][info][gc,heap     ] GC(2896) Humongous regions: 5->5
[2024-08-15T15:55:11.789+0000][12407.734s][info][gc,metaspace] GC(2896) Metaspace: 442378K(448832K)->442378K(448832K) NonClass: 387490K(391104K)->387490K(391104K) Class: 54887K(57728K)->54887K(57728K)
[2024-08-15T15:55:11.789+0000][12407.734s][info][gc          ] GC(2896) Pause Young (Normal) (G1 Evacuation Pause) 9711M->4045M(12288M) 14.679ms
[2024-08-15T15:55:11.789+0000][12407.734s][info][gc,cpu      ] GC(2896) User=0.08s Sys=0.00s Real=0.02s
[2024-08-15T15:55:16.484+0000][12412.429s][info][gc,start    ] GC(2897) Pause Young (Normal) (G1 Evacuation Pause)
[2024-08-15T15:55:16.485+0000][12412.429s][info][gc,task     ] GC(2897) Using 6 workers of 6 for evacuation
[2024-08-15T15:55:16.500+0000][12412.444s][info][gc,phases   ] GC(2897)   Pre Evacuate Collection Set: 0.2ms
[2024-08-15T15:55:16.500+0000][12412.444s][info][gc,phases   ] GC(2897)   Merge Heap Roots: 0.2ms
[2024-08-15T15:55:16.500+0000][12412.444s][info][gc,phases   ] GC(2897)   Evacuate Collection Set: 13.0ms
[2024-08-15T15:55:16.500+0000][12412.444s][info][gc,phases   ] GC(2897)   Post Evacuate Collection Set: 1.7ms
[2024-08-15T15:55:16.500+0000][12412.444s][info][gc,phases   ] GC(2897)   Other: 0.2ms
[2024-08-15T15:55:16.500+0000][12412.444s][info][gc,heap     ] GC(2897) Eden regions: 709->0(709)
[2024-08-15T15:55:16.500+0000][12412.444s][info][gc,heap     ] GC(2897) Survivor regions: 7->7(90)
[2024-08-15T15:55:16.500+0000][12412.444s][info][gc,heap     ] GC(2897) Old regions: 494->494
[2024-08-15T15:55:16.500+0000][12412.444s][info][gc,heap     ] GC(2897) Archive regions: 2->2
[2024-08-15T15:55:16.500+0000][12412.444s][info][gc,heap     ] GC(2897) Humongous regions: 5->5
[2024-08-15T15:55:16.500+0000][12412.444s][info][gc,metaspace] GC(2897) Metaspace: 442378K(448832K)->442378K(448832K) NonClass: 387490K(391104K)->387490K(391104K) Class: 54887K(57728K)->54887K(57728K)
[2024-08-15T15:55:16.500+0000][12412.444s][info][gc          ] GC(2897) Pause Young (Normal) (G1 Evacuation Pause) 9717M->4042M(12288M) 15.365ms
[2024-08-15T15:55:16.500+0000][12412.445s][info][gc,cpu      ] GC(2897) User=0.08s Sys=0.00s Real=0.01s
[2024-08-15T15:55:21.199+0000][12417.144s][info][gc,start    ] GC(2898) Pause Young (Concurrent Start) (G1 Evacuation Pause)
[2024-08-15T15:55:21.200+0000][12417.144s][info][gc,task     ] GC(2898) Using 6 workers of 6 for evacuation
[2024-08-15T15:55:21.218+0000][12417.163s][info][gc,phases   ] GC(2898)   Pre Evacuate Collection Set: 0.5ms
[2024-08-15T15:55:21.218+0000][12417.163s][info][gc,phases   ] GC(2898)   Merge Heap Roots: 0.2ms
[2024-08-15T15:55:21.218+0000][12417.163s][info][gc,phases   ] GC(2898)   Evacuate Collection Set: 16.3ms
[2024-08-15T15:55:21.218+0000][12417.163s][info][gc,phases   ] GC(2898)   Post Evacuate Collection Set: 1.7ms
[2024-08-15T15:55:21.218+0000][12417.163s][info][gc,phases   ] GC(2898)   Other: 0.3ms
[2024-08-15T15:55:21.219+0000][12417.163s][info][gc,heap     ] GC(2898) Eden regions: 709->0(707)
[2024-08-15T15:55:21.219+0000][12417.163s][info][gc,heap     ] GC(2898) Survivor regions: 7->9(90)
[2024-08-15T15:55:21.219+0000][12417.163s][info][gc,heap     ] GC(2898) Old regions: 494->494
[2024-08-15T15:55:21.219+0000][12417.163s][info][gc,heap     ] GC(2898) Archive regions: 2->2
[2024-08-15T15:55:21.219+0000][12417.163s][info][gc,heap     ] GC(2898) Humongous regions: 5->5
[2024-08-15T15:55:21.219+0000][12417.163s][info][gc,metaspace] GC(2898) Metaspace: 442378K(448832K)->442378K(448832K) NonClass: 387490K(391104K)->387490K(391104K) Class: 54887K(57728K)->54887K(57728K)
[2024-08-15T15:55:21.219+0000][12417.163s][info][gc          ] GC(2898) Pause Young (Concurrent Start) (G1 Evacuation Pause) 9714M->4061M(12288M) 19.069ms
[2024-08-15T15:55:21.219+0000][12417.163s][info][gc,cpu      ] GC(2898) User=0.11s Sys=0.00s Real=0.02s
[2024-08-15T15:55:21.219+0000][12417.163s][info][gc          ] GC(2899) Concurrent Mark Cycle
[2024-08-15T15:55:21.219+0000][12417.163s][info][gc,marking  ] GC(2899) Concurrent Clear Claimed Marks
[2024-08-15T15:55:21.219+0000][12417.164s][info][gc,marking  ] GC(2899) Concurrent Clear Claimed Marks 0.383ms
[2024-08-15T15:55:21.219+0000][12417.164s][info][gc,marking  ] GC(2899) Concurrent Scan Root Regions
[2024-08-15T15:55:21.232+0000][12417.177s][info][gc,marking  ] GC(2899) Concurrent Scan Root Regions 12.893ms
[2024-08-15T15:55:21.232+0000][12417.177s][info][gc,marking  ] GC(2899) Concurrent Mark
[2024-08-15T15:55:21.232+0000][12417.177s][info][gc,marking  ] GC(2899) Concurrent Mark From Roots
[2024-08-15T15:55:21.232+0000][12417.177s][info][gc,task     ] GC(2899) Using 2 workers of 2 for marking
[2024-08-15T15:55:24.322+0000][12420.266s][info][gc,marking  ] GC(2899) Concurrent Mark From Roots 3089.739ms
[2024-08-15T15:55:24.322+0000][12420.266s][info][gc,marking  ] GC(2899) Concurrent Preclean
[2024-08-15T15:55:24.324+0000][12420.268s][info][gc,marking  ] GC(2899) Concurrent Preclean 1.912ms
[2024-08-15T15:55:24.324+0000][12420.268s][info][gc,start    ] GC(2899) Pause Remark
[2024-08-15T15:55:24.347+0000][12420.292s][info][gc          ] GC(2899) Pause Remark 7185M->7185M(12288M) 23.380ms
[2024-08-15T15:55:24.347+0000][12420.292s][info][gc,cpu      ] GC(2899) User=0.10s Sys=0.00s Real=0.02s
[2024-08-15T15:55:24.347+0000][12420.292s][info][gc,marking  ] GC(2899) Concurrent Mark 3115.370ms
[2024-08-15T15:55:24.347+0000][12420.292s][info][gc,marking  ] GC(2899) Concurrent Rebuild Remembered Sets
[2024-08-15T15:55:26.241+0000][12422.186s][info][gc,marking  ] GC(2899) Concurrent Rebuild Remembered Sets 1893.511ms
[2024-08-15T15:55:26.241+0000][12422.186s][info][gc,start    ] GC(2899) Pause Cleanup
[2024-08-15T15:55:26.242+0000][12422.186s][info][gc          ] GC(2899) Pause Cleanup 9209M->9209M(12288M) 0.482ms
[2024-08-15T15:55:26.242+0000][12422.186s][info][gc,cpu      ] GC(2899) User=0.00s Sys=0.00s Real=0.00s
[2024-08-15T15:55:26.242+0000][12422.186s][info][gc,marking  ] GC(2899) Concurrent Cleanup for Next Mark
[2024-08-15T15:55:26.259+0000][12422.203s][info][gc,marking  ] GC(2899) Concurrent Cleanup for Next Mark 16.897ms
[2024-08-15T15:55:26.259+0000][12422.203s][info][gc          ] GC(2899) Concurrent Mark Cycle 5040.043ms
[2024-08-15T15:55:26.671+0000][12422.616s][info][gc,start    ] GC(2900) Pause Young (Prepare Mixed) (G1 Evacuation Pause)
[2024-08-15T15:55:26.671+0000][12422.616s][info][gc,task     ] GC(2900) Using 6 workers of 6 for evacuation
[2024-08-15T15:55:26.695+0000][12422.639s][info][gc,phases   ] GC(2900)   Pre Evacuate Collection Set: 0.2ms
[2024-08-15T15:55:26.695+0000][12422.639s][info][gc,phases   ] GC(2900)   Merge Heap Roots: 0.3ms
[2024-08-15T15:55:26.695+0000][12422.639s][info][gc,phases   ] GC(2900)   Evacuate Collection Set: 21.2ms
[2024-08-15T15:55:26.695+0000][12422.639s][info][gc,phases   ] GC(2900)   Post Evacuate Collection Set: 1.8ms
[2024-08-15T15:55:26.695+0000][12422.639s][info][gc,phases   ] GC(2900)   Other: 0.2ms
[2024-08-15T15:55:26.695+0000][12422.639s][info][gc,heap     ] GC(2900) Eden regions: 707->0(66)
[2024-08-15T15:55:26.695+0000][12422.639s][info][gc,heap     ] GC(2900) Survivor regions: 9->10(90)
[2024-08-15T15:55:26.695+0000][12422.639s][info][gc,heap     ] GC(2900) Old regions: 494->494
[2024-08-15T15:55:26.695+0000][12422.639s][info][gc,heap     ] GC(2900) Archive regions: 2->2
[2024-08-15T15:55:26.695+0000][12422.639s][info][gc,heap     ] GC(2900) Humongous regions: 5->5
[2024-08-15T15:55:26.695+0000][12422.639s][info][gc,metaspace] GC(2900) Metaspace: 442378K(448832K)->442378K(448832K) NonClass: 387490K(391104K)->387490K(391104K) Class: 54887K(57728K)->54887K(57728K)
[2024-08-15T15:55:26.695+0000][12422.639s][info][gc          ] GC(2900) Pause Young (Prepare Mixed) (G1 Evacuation Pause) 9717M->4063M(12288M) 23.820ms
[2024-08-15T15:55:26.695+0000][12422.639s][info][gc,cpu      ] GC(2900) User=0.13s Sys=0.01s Real=0.02s
[2024-08-15T15:55:27.138+0000][12423.082s][info][gc,start    ] GC(2901) Pause Young (Mixed) (G1 Evacuation Pause)
[2024-08-15T15:55:27.138+0000][12423.082s][info][gc,task     ] GC(2901) Using 6 workers of 6 for evacuation
[2024-08-15T15:55:27.201+0000][12423.145s][info][gc,phases   ] GC(2901)   Pre Evacuate Collection Set: 0.2ms
[2024-08-15T15:55:27.201+0000][12423.145s][info][gc,phases   ] GC(2901)   Merge Heap Roots: 0.5ms
[2024-08-15T15:55:27.201+0000][12423.145s][info][gc,phases   ] GC(2901)   Evacuate Collection Set: 60.8ms
[2024-08-15T15:55:27.201+0000][12423.145s][info][gc,phases   ] GC(2901)   Post Evacuate Collection Set: 1.4ms
[2024-08-15T15:55:27.201+0000][12423.145s][info][gc,phases   ] GC(2901)   Other: 0.2ms
[2024-08-15T15:55:27.201+0000][12423.145s][info][gc,heap     ] GC(2901) Eden regions: 66->0(711)
[2024-08-15T15:55:27.201+0000][12423.145s][info][gc,heap     ] GC(2901) Survivor regions: 10->5(10)
[2024-08-15T15:55:27.201+0000][12423.145s][info][gc,heap     ] GC(2901) Old regions: 494->494
[2024-08-15T15:55:27.201+0000][12423.145s][info][gc,heap     ] GC(2901) Archive regions: 2->2
[2024-08-15T15:55:27.201+0000][12423.145s][info][gc,heap     ] GC(2901) Humongous regions: 5->5
[2024-08-15T15:55:27.201+0000][12423.145s][info][gc,metaspace] GC(2901) Metaspace: 442378K(448832K)->442378K(448832K) NonClass: 387490K(391104K)->387490K(391104K) Class: 54887K(57728K)->54887K(57728K)
[2024-08-15T15:55:27.201+0000][12423.145s][info][gc          ] GC(2901) Pause Young (Mixed) (G1 Evacuation Pause) 4591M->4030M(12288M) 63.034ms
[2024-08-15T15:55:27.201+0000][12423.145s][info][gc,cpu      ] GC(2901) User=0.35s Sys=0.01s Real=0.06s
[2024-08-15T15:55:31.778+0000][12427.723s][info][gc,start    ] GC(2902) Pause Young (Normal) (G1 Evacuation Pause)
[2024-08-15T15:55:31.779+0000][12427.723s][info][gc,task     ] GC(2902) Using 6 workers of 6 for evacuation
[2024-08-15T15:55:31.793+0000][12427.737s][info][gc,phases   ] GC(2902)   Pre Evacuate Collection Set: 0.2ms
[2024-08-15T15:55:31.793+0000][12427.737s][info][gc,phases   ] GC(2902)   Merge Heap Roots: 0.3ms
[2024-08-15T15:55:31.793+0000][12427.737s][info][gc,phases   ] GC(2902)   Evacuate Collection Set: 11.9ms
[2024-08-15T15:55:31.793+0000][12427.737s][info][gc,phases   ] GC(2902)   Post Evacuate Collection Set: 1.6ms
[2024-08-15T15:55:31.793+0000][12427.737s][info][gc,phases   ] GC(2902)   Other: 0.2ms
[2024-08-15T15:55:31.793+0000][12427.737s][info][gc,heap     ] GC(2902) Eden regions: 711->0(712)
[2024-08-15T15:55:31.793+0000][12427.737s][info][gc,heap     ] GC(2902) Survivor regions: 5->5(90)
[2024-08-15T15:55:31.793+0000][12427.737s][info][gc,heap     ] GC(2902) Old regions: 494->494
[2024-08-15T15:55:31.793+0000][12427.737s][info][gc,heap     ] GC(2902) Archive regions: 2->2
[2024-08-15T15:55:31.793+0000][12427.737s][info][gc,heap     ] GC(2902) Humongous regions: 5->5
[2024-08-15T15:55:31.793+0000][12427.737s][info][gc,metaspace] GC(2902) Metaspace: 442378K(448832K)->442378K(448832K) NonClass: 387490K(391104K)->387490K(391104K) Class: 54887K(57728K)->54887K(57728K)
[2024-08-15T15:55:31.793+0000][12427.737s][info][gc          ] GC(2902) Pause Young (Normal) (G1 Evacuation Pause) 9718M->4031M(12288M) 14.163ms
[2024-08-15T15:55:31.793+0000][12427.737s][info][gc,cpu      ] GC(2902) User=0.07s Sys=0.00s Real=0.01s
[2024-08-15T15:55:36.572+0000][12432.517s][info][gc,start    ] GC(2903) Pause Young (Normal) (G1 Evacuation Pause)
[2024-08-15T15:55:36.572+0000][12432.517s][info][gc,task     ] GC(2903) Using 6 workers of 6 for evacuation
[2024-08-15T15:55:36.588+0000][12432.533s][info][gc,phases   ] GC(2903)   Pre Evacuate Collection Set: 0.2ms
[2024-08-15T15:55:36.588+0000][12432.533s][info][gc,phases   ] GC(2903)   Merge Heap Roots: 0.2ms
[2024-08-15T15:55:36.588+0000][12432.533s][info][gc,phases   ] GC(2903)   Evacuate Collection Set: 13.8ms
[2024-08-15T15:55:36.588+0000][12432.533s][info][gc,phases   ] GC(2903)   Post Evacuate Collection Set: 1.8ms
[2024-08-15T15:55:36.588+0000][12432.533s][info][gc,phases   ] GC(2903)   Other: 0.2ms
[2024-08-15T15:55:36.588+0000][12432.533s][info][gc,heap     ] GC(2903) Eden regions: 712->0(708)
[2024-08-15T15:55:36.588+0000][12432.533s][info][gc,heap     ] GC(2903) Survivor regions: 5->8(90)
[2024-08-15T15:55:36.588+0000][12432.533s][info][gc,heap     ] GC(2903) Old regions: 494->494
[2024-08-15T15:55:36.588+0000][12432.533s][info][gc,heap     ] GC(2903) Archive regions: 2->2
[2024-08-15T15:55:36.588+0000][12432.533s][info][gc,heap     ] GC(2903) Humongous regions: 5->5
[2024-08-15T15:55:36.588+0000][12432.533s][info][gc,metaspace] GC(2903) Metaspace: 442378K(448832K)->442378K(448832K) NonClass: 387490K(391104K)->387490K(391104K) Class: 54887K(57728K)->54887K(57728K)
[2024-08-15T15:55:36.588+0000][12432.533s][info][gc          ] GC(2903) Pause Young (Normal) (G1 Evacuation Pause) 9727M->4053M(12288M) 16.231ms
[2024-08-15T15:55:36.588+0000][12432.533s][info][gc,cpu      ] GC(2903) User=0.09s Sys=0.00s Real=0.02s
[2024-08-15T15:55:41.355+0000][12437.299s][info][gc,start    ] GC(2904) Pause Young (Concurrent Start) (G1 Evacuation Pause)
[2024-08-15T15:55:41.355+0000][12437.299s][info][gc,task     ] GC(2904) Using 6 workers of 6 for evacuation
[2024-08-15T15:55:41.377+0000][12437.321s][info][gc,phases   ] GC(2904)   Pre Evacuate Collection Set: 0.5ms
[2024-08-15T15:55:41.377+0000][12437.321s][info][gc,phases   ] GC(2904)   Merge Heap Roots: 0.2ms
[2024-08-15T15:55:41.377+0000][12437.321s][info][gc,phases   ] GC(2904)   Evacuate Collection Set: 19.3ms
[2024-08-15T15:55:41.377+0000][12437.321s][info][gc,phases   ] GC(2904)   Post Evacuate Collection Set: 1.8ms
[2024-08-15T15:55:41.377+0000][12437.321s][info][gc,phases   ] GC(2904)   Other: 0.3ms
[2024-08-15T15:55:41.377+0000][12437.321s][info][gc,heap     ] GC(2904) Eden regions: 708->0(707)
[2024-08-15T15:55:41.377+0000][12437.321s][info][gc,heap     ] GC(2904) Survivor regions: 8->9(90)
[2024-08-15T15:55:41.377+0000][12437.321s][info][gc,heap     ] GC(2904) Old regions: 494->494
[2024-08-15T15:55:41.377+0000][12437.322s][info][gc,heap     ] GC(2904) Archive regions: 2->2
[2024-08-15T15:55:41.377+0000][12437.322s][info][gc,heap     ] GC(2904) Humongous regions: 5->5
[2024-08-15T15:55:41.377+0000][12437.322s][info][gc,metaspace] GC(2904) Metaspace: 442378K(448832K)->442378K(448832K) NonClass: 387490K(391104K)->387490K(391104K) Class: 54887K(57728K)->54887K(57728K)
[2024-08-15T15:55:41.377+0000][12437.322s][info][gc          ] GC(2904) Pause Young (Concurrent Start) (G1 Evacuation Pause) 9717M->4059M(12288M) 22.152ms
[2024-08-15T15:55:41.377+0000][12437.322s][info][gc,cpu      ] GC(2904) User=0.12s Sys=0.01s Real=0.03s
[2024-08-15T15:55:41.377+0000][12437.322s][info][gc          ] GC(2905) Concurrent Mark Cycle
[2024-08-15T15:55:41.377+0000][12437.322s][info][gc,marking  ] GC(2905) Concurrent Clear Claimed Marks
[2024-08-15T15:55:41.377+0000][12437.322s][info][gc,marking  ] GC(2905) Concurrent Clear Claimed Marks 0.380ms
[2024-08-15T15:55:41.377+0000][12437.322s][info][gc,marking  ] GC(2905) Concurrent Scan Root Regions
[2024-08-15T15:55:41.393+0000][12437.338s][info][gc,marking  ] GC(2905) Concurrent Scan Root Regions 15.566ms
[2024-08-15T15:55:41.393+0000][12437.338s][info][gc,marking  ] GC(2905) Concurrent Mark
[2024-08-15T15:55:41.393+0000][12437.338s][info][gc,marking  ] GC(2905) Concurrent Mark From Roots
[2024-08-15T15:55:41.393+0000][12437.338s][info][gc,task     ] GC(2905) Using 2 workers of 2 for marking
[2024-08-15T15:55:44.500+0000][12440.444s][info][gc,marking  ] GC(2905) Concurrent Mark From Roots 3106.612ms
[2024-08-15T15:55:44.500+0000][12440.444s][info][gc,marking  ] GC(2905) Concurrent Preclean
[2024-08-15T15:55:44.501+0000][12440.446s][info][gc,marking  ] GC(2905) Concurrent Preclean 1.435ms
[2024-08-15T15:55:44.501+0000][12440.446s][info][gc,start    ] GC(2905) Pause Remark
[2024-08-15T15:55:44.525+0000][12440.470s][info][gc          ] GC(2905) Pause Remark 7151M->7151M(12288M) 23.698ms
[2024-08-15T15:55:44.525+0000][12440.470s][info][gc,cpu      ] GC(2905) User=0.10s Sys=0.00s Real=0.03s
[2024-08-15T15:55:44.525+0000][12440.470s][info][gc,marking  ] GC(2905) Concurrent Mark 3132.101ms
[2024-08-15T15:55:44.525+0000][12440.470s][info][gc,marking  ] GC(2905) Concurrent Rebuild Remembered Sets
[2024-08-15T15:55:46.398+0000][12442.342s][info][gc,marking  ] GC(2905) Concurrent Rebuild Remembered Sets 1872.558ms
[2024-08-15T15:55:46.398+0000][12442.343s][info][gc,start    ] GC(2905) Pause Cleanup
[2024-08-15T15:55:46.398+0000][12442.343s][info][gc          ] GC(2905) Pause Cleanup 9183M->9183M(12288M) 0.478ms
[2024-08-15T15:55:46.398+0000][12442.343s][info][gc,cpu      ] GC(2905) User=0.00s Sys=0.00s Real=0.00s
[2024-08-15T15:55:46.399+0000][12442.343s][info][gc,marking  ] GC(2905) Concurrent Cleanup for Next Mark
[2024-08-15T15:55:46.415+0000][12442.360s][info][gc,marking  ] GC(2905) Concurrent Cleanup for Next Mark 16.698ms
[2024-08-15T15:55:46.415+0000][12442.360s][info][gc          ] GC(2905) Concurrent Mark Cycle 5038.290ms
[2024-08-15T15:55:46.858+0000][12442.802s][info][gc,start    ] GC(2906) Pause Young (Prepare Mixed) (G1 Evacuation Pause)
[2024-08-15T15:55:46.858+0000][12442.802s][info][gc,task     ] GC(2906) Using 6 workers of 6 for evacuation
[2024-08-15T15:55:46.880+0000][12442.824s][info][gc,phases   ] GC(2906)   Pre Evacuate Collection Set: 0.2ms
[2024-08-15T15:55:46.880+0000][12442.824s][info][gc,phases   ] GC(2906)   Merge Heap Roots: 0.4ms
[2024-08-15T15:55:46.880+0000][12442.824s][info][gc,phases   ] GC(2906)   Evacuate Collection Set: 19.8ms
[2024-08-15T15:55:46.880+0000][12442.824s][info][gc,phases   ] GC(2906)   Post Evacuate Collection Set: 1.7ms
[2024-08-15T15:55:46.880+0000][12442.824s][info][gc,phases   ] GC(2906)   Other: 0.2ms
[2024-08-15T15:55:46.880+0000][12442.824s][info][gc,heap     ] GC(2906) Eden regions: 707->0(66)
[2024-08-15T15:55:46.880+0000][12442.824s][info][gc,heap     ] GC(2906) Survivor regions: 9->10(90)
[2024-08-15T15:55:46.880+0000][12442.824s][info][gc,heap     ] GC(2906) Old regions: 494->494
[2024-08-15T15:55:46.880+0000][12442.824s][info][gc,heap     ] GC(2906) Archive regions: 2->2
[2024-08-15T15:55:46.880+0000][12442.824s][info][gc,heap     ] GC(2906) Humongous regions: 5->5
[2024-08-15T15:55:46.880+0000][12442.824s][info][gc,metaspace] GC(2906) Metaspace: 442378K(448832K)->442378K(448832K) NonClass: 387490K(391104K)->387490K(391104K) Class: 54887K(57728K)->54887K(57728K)
[2024-08-15T15:55:46.880+0000][12442.825s][info][gc          ] GC(2906) Pause Young (Prepare Mixed) (G1 Evacuation Pause) 9715M->4070M(12288M) 22.307ms
[2024-08-15T15:55:46.880+0000][12442.825s][info][gc,cpu      ] GC(2906) User=0.13s Sys=0.00s Real=0.02s
[2024-08-15T15:55:47.312+0000][12443.256s][info][gc,start    ] GC(2907) Pause Young (Mixed) (G1 Evacuation Pause)
[2024-08-15T15:55:47.312+0000][12443.256s][info][gc,task     ] GC(2907) Using 6 workers of 6 for evacuation
[2024-08-15T15:55:47.368+0000][12443.313s][info][gc,phases   ] GC(2907)   Pre Evacuate Collection Set: 0.2ms
[2024-08-15T15:55:47.368+0000][12443.313s][info][gc,phases   ] GC(2907)   Merge Heap Roots: 0.4ms
[2024-08-15T15:55:47.368+0000][12443.313s][info][gc,phases   ] GC(2907)   Evacuate Collection Set: 54.5ms
[2024-08-15T15:55:47.368+0000][12443.313s][info][gc,phases   ] GC(2907)   Post Evacuate Collection Set: 1.3ms
[2024-08-15T15:55:47.368+0000][12443.313s][info][gc,phases   ] GC(2907)   Other: 0.2ms
[2024-08-15T15:55:47.368+0000][12443.313s][info][gc,heap     ] GC(2907) Eden regions: 66->0(707)
[2024-08-15T15:55:47.368+0000][12443.313s][info][gc,heap     ] GC(2907) Survivor regions: 10->5(10)
[2024-08-15T15:55:47.368+0000][12443.313s][info][gc,heap     ] GC(2907) Old regions: 494->497
[2024-08-15T15:55:47.368+0000][12443.313s][info][gc,heap     ] GC(2907) Archive regions: 2->2
[2024-08-15T15:55:47.368+0000][12443.313s][info][gc,heap     ] GC(2907) Humongous regions: 5->5
[2024-08-15T15:55:47.368+0000][12443.313s][info][gc,metaspace] GC(2907) Metaspace: 442378K(448832K)->442378K(448832K) NonClass: 387490K(391104K)->387490K(391104K) Class: 54887K(57728K)->54887K(57728K)
[2024-08-15T15:55:47.368+0000][12443.313s][info][gc          ] GC(2907) Pause Young (Mixed) (G1 Evacuation Pause) 4598M->4048M(12288M) 56.661ms
[2024-08-15T15:55:47.368+0000][12443.313s][info][gc,cpu      ] GC(2907) User=0.34s Sys=0.00s Real=0.06s
[2024-08-15T15:55:51.574+0000][12447.519s][info][gc,start    ] GC(2908) Pause Young (Normal) (G1 Evacuation Pause)
[2024-08-15T15:55:51.574+0000][12447.519s][info][gc,task     ] GC(2908) Using 6 workers of 6 for evacuation
[2024-08-15T15:55:51.585+0000][12447.529s][info][gc,phases   ] GC(2908)   Pre Evacuate Collection Set: 0.2ms
[2024-08-15T15:55:51.585+0000][12447.529s][info][gc,phases   ] GC(2908)   Merge Heap Roots: 0.2ms
[2024-08-15T15:55:51.585+0000][12447.529s][info][gc,phases   ] GC(2908)   Evacuate Collection Set: 8.7ms
[2024-08-15T15:55:51.585+0000][12447.529s][info][gc,phases   ] GC(2908)   Post Evacuate Collection Set: 1.6ms
[2024-08-15T15:55:51.585+0000][12447.529s][info][gc,phases   ] GC(2908)   Other: 0.2ms
[2024-08-15T15:55:51.585+0000][12447.529s][info][gc,heap     ] GC(2908) Eden regions: 707->0(709)
[2024-08-15T15:55:51.585+0000][12447.529s][info][gc,heap     ] GC(2908) Survivor regions: 5->4(89)
[2024-08-15T15:55:51.585+0000][12447.529s][info][gc,heap     ] GC(2908) Old regions: 497->497
[2024-08-15T15:55:51.585+0000][12447.529s][info][gc,heap     ] GC(2908) Archive regions: 2->2
[2024-08-15T15:55:51.585+0000][12447.529s][info][gc,heap     ] GC(2908) Humongous regions: 5->5
[2024-08-15T15:55:51.585+0000][12447.529s][info][gc,metaspace] GC(2908) Metaspace: 442378K(448832K)->442378K(448832K) NonClass: 387490K(391104K)->387490K(391104K) Class: 54887K(57728K)->54887K(57728K)
[2024-08-15T15:55:51.585+0000][12447.530s][info][gc          ] GC(2908) Pause Young (Normal) (G1 Evacuation Pause) 9704M->4044M(12288M) 10.885ms
[2024-08-15T15:55:51.585+0000][12447.530s][info][gc,cpu      ] GC(2908) User=0.06s Sys=0.00s Real=0.02s
[2024-08-15T15:55:56.247+0000][12452.192s][info][gc,start    ] GC(2909) Pause Young (Normal) (G1 Evacuation Pause)
[2024-08-15T15:55:56.247+0000][12452.192s][info][gc,task     ] GC(2909) Using 6 workers of 6 for evacuation
[2024-08-15T15:55:56.262+0000][12452.206s][info][gc,phases   ] GC(2909)   Pre Evacuate Collection Set: 0.2ms
[2024-08-15T15:55:56.262+0000][12452.206s][info][gc,phases   ] GC(2909)   Merge Heap Roots: 0.2ms
[2024-08-15T15:55:56.262+0000][12452.206s][info][gc,phases   ] GC(2909)   Evacuate Collection Set: 12.2ms
[2024-08-15T15:55:56.262+0000][12452.206s][info][gc,phases   ] GC(2909)   Post Evacuate Collection Set: 1.7ms
[2024-08-15T15:55:56.262+0000][12452.206s][info][gc,phases   ] GC(2909)   Other: 0.2ms
[2024-08-15T15:55:56.262+0000][12452.206s][info][gc,heap     ] GC(2909) Eden regions: 709->0(707)
[2024-08-15T15:55:56.262+0000][12452.206s][info][gc,heap     ] GC(2909) Survivor regions: 4->6(90)
[2024-08-15T15:55:56.262+0000][12452.206s][info][gc,heap     ] GC(2909) Old regions: 497->497
[2024-08-15T15:55:56.262+0000][12452.206s][info][gc,heap     ] GC(2909) Archive regions: 2->2
[2024-08-15T15:55:56.262+0000][12452.206s][info][gc,heap     ] GC(2909) Humongous regions: 5->5
[2024-08-15T15:55:56.262+0000][12452.206s][info][gc,metaspace] GC(2909) Metaspace: 442378K(448832K)->442378K(448832K) NonClass: 387490K(391104K)->387490K(391104K) Class: 54887K(57728K)->54887K(57728K)
[2024-08-15T15:55:56.262+0000][12452.206s][info][gc          ] GC(2909) Pause Young (Normal) (G1 Evacuation Pause) 9716M->4061M(12288M) 14.612ms
[2024-08-15T15:55:56.262+0000][12452.206s][info][gc,cpu      ] GC(2909) User=0.08s Sys=0.00s Real=0.01s
[2024-08-15T15:55:59.802+0000][12455.746s][info][gc,start    ] GC(2910) Pause Young (Concurrent Start) (G1 Evacuation Pause)
[2024-08-15T15:55:59.802+0000][12455.746s][info][gc,task     ] GC(2910) Using 6 workers of 6 for evacuation
[2024-08-15T15:55:59.818+0000][12455.763s][info][gc,phases   ] GC(2910)   Pre Evacuate Collection Set: 0.5ms
[2024-08-15T15:55:59.818+0000][12455.763s][info][gc,phases   ] GC(2910)   Merge Heap Roots: 0.2ms
[2024-08-15T15:55:59.818+0000][12455.763s][info][gc,phases   ] GC(2910)   Evacuate Collection Set: 14.1ms
[2024-08-15T15:55:59.818+0000][12455.763s][info][gc,phases   ] GC(2910)   Post Evacuate Collection Set: 1.6ms
[2024-08-15T15:55:59.819+0000][12455.763s][info][gc,phases   ] GC(2910)   Other: 0.3ms
[2024-08-15T15:55:59.819+0000][12455.763s][info][gc,heap     ] GC(2910) Eden regions: 707->0(705)
[2024-08-15T15:55:59.819+0000][12455.763s][info][gc,heap     ] GC(2910) Survivor regions: 6->8(90)
[2024-08-15T15:55:59.819+0000][12455.763s][info][gc,heap     ] GC(2910) Old regions: 497->497
[2024-08-15T15:55:59.819+0000][12455.763s][info][gc,heap     ] GC(2910) Archive regions: 2->2
[2024-08-15T15:55:59.819+0000][12455.763s][info][gc,heap     ] GC(2910) Humongous regions: 5->5
[2024-08-15T15:55:59.819+0000][12455.763s][info][gc,metaspace] GC(2910) Metaspace: 442378K(448832K)->442378K(448832K) NonClass: 387490K(391104K)->387490K(391104K) Class: 54887K(57728K)->54887K(57728K)
[2024-08-15T15:55:59.819+0000][12455.763s][info][gc          ] GC(2910) Pause Young (Concurrent Start) (G1 Evacuation Pause) 9717M->4076M(12288M) 16.787ms
[2024-08-15T15:55:59.819+0000][12455.763s][info][gc,cpu      ] GC(2910) User=0.09s Sys=0.00s Real=0.02s
[2024-08-15T15:55:59.819+0000][12455.763s][info][gc          ] GC(2911) Concurrent Mark Cycle
[2024-08-15T15:55:59.819+0000][12455.763s][info][gc,marking  ] GC(2911) Concurrent Clear Claimed Marks
[2024-08-15T15:55:59.819+0000][12455.764s][info][gc,marking  ] GC(2911) Concurrent Clear Claimed Marks 0.455ms
[2024-08-15T15:55:59.819+0000][12455.764s][info][gc,marking  ] GC(2911) Concurrent Scan Root Regions
[2024-08-15T15:55:59.830+0000][12455.775s][info][gc,marking  ] GC(2911) Concurrent Scan Root Regions 11.297ms
[2024-08-15T15:55:59.830+0000][12455.775s][info][gc,marking  ] GC(2911) Concurrent Mark
[2024-08-15T15:55:59.830+0000][12455.775s][info][gc,marking  ] GC(2911) Concurrent Mark From Roots
[2024-08-15T15:55:59.830+0000][12455.775s][info][gc,task     ] GC(2911) Using 2 workers of 2 for marking
[2024-08-15T15:56:03.882+0000][12459.826s][info][gc,marking  ] GC(2911) Concurrent Mark From Roots 4051.080ms
[2024-08-15T15:56:03.882+0000][12459.826s][info][gc,marking  ] GC(2911) Concurrent Preclean
[2024-08-15T15:56:03.884+0000][12459.828s][info][gc,marking  ] GC(2911) Concurrent Preclean 1.896ms
[2024-08-15T15:56:03.884+0000][12459.828s][info][gc,start    ] GC(2911) Pause Remark
[2024-08-15T15:56:03.908+0000][12459.852s][info][gc          ] GC(2911) Pause Remark 9548M->9548M(12288M) 23.926ms
[2024-08-15T15:56:03.908+0000][12459.852s][info][gc,cpu      ] GC(2911) User=0.10s Sys=0.00s Real=0.02s
[2024-08-15T15:56:03.908+0000][12459.853s][info][gc,marking  ] GC(2911) Concurrent Mark 4077.421ms
[2024-08-15T15:56:03.908+0000][12459.853s][info][gc,marking  ] GC(2911) Concurrent Rebuild Remembered Sets
[2024-08-15T15:56:04.090+0000][12460.035s][info][gc,start    ] GC(2912) Pause Young (Normal) (G1 Evacuation Pause)
[2024-08-15T15:56:04.090+0000][12460.035s][info][gc,task     ] GC(2912) Using 6 workers of 6 for evacuation
[2024-08-15T15:56:04.109+0000][12460.053s][info][gc,phases   ] GC(2912)   Pre Evacuate Collection Set: 0.2ms
[2024-08-15T15:56:04.109+0000][12460.053s][info][gc,phases   ] GC(2912)   Merge Heap Roots: 0.2ms
[2024-08-15T15:56:04.109+0000][12460.053s][info][gc,phases   ] GC(2912)   Evacuate Collection Set: 16.1ms
[2024-08-15T15:56:04.109+0000][12460.053s][info][gc,phases   ] GC(2912)   Post Evacuate Collection Set: 1.8ms
[2024-08-15T15:56:04.109+0000][12460.053s][info][gc,phases   ] GC(2912)   Other: 0.2ms
[2024-08-15T15:56:04.109+0000][12460.053s][info][gc,heap     ] GC(2912) Eden regions: 705->0(706)
[2024-08-15T15:56:04.109+0000][12460.053s][info][gc,heap     ] GC(2912) Survivor regions: 8->8(90)
[2024-08-15T15:56:04.109+0000][12460.053s][info][gc,heap     ] GC(2912) Old regions: 497->497
[2024-08-15T15:56:04.109+0000][12460.053s][info][gc,heap     ] GC(2912) Archive regions: 2->2
[2024-08-15T15:56:04.109+0000][12460.053s][info][gc,heap     ] GC(2912) Humongous regions: 5->5
[2024-08-15T15:56:04.109+0000][12460.053s][info][gc,metaspace] GC(2912) Metaspace: 442378K(448832K)->442378K(448832K) NonClass: 387490K(391104K)->387490K(391104K) Class: 54887K(57728K)->54887K(57728K)
[2024-08-15T15:56:04.109+0000][12460.053s][info][gc          ] GC(2912) Pause Young (Normal) (G1 Evacuation Pause) 9716M->4071M(12288M) 18.522ms
[2024-08-15T15:56:04.109+0000][12460.053s][info][gc,cpu      ] GC(2912) User=0.11s Sys=0.00s Real=0.02s
[2024-08-15T15:56:05.936+0000][12461.880s][info][gc,marking  ] GC(2911) Concurrent Rebuild Remembered Sets 2027.791ms
[2024-08-15T15:56:05.936+0000][12461.880s][info][gc,start    ] GC(2911) Pause Cleanup
[2024-08-15T15:56:05.936+0000][12461.881s][info][gc          ] GC(2911) Pause Cleanup 5863M->5863M(12288M) 0.512ms
[2024-08-15T15:56:05.936+0000][12461.881s][info][gc,cpu      ] GC(2911) User=0.00s Sys=0.00s Real=0.00s
[2024-08-15T15:56:05.936+0000][12461.881s][info][gc,marking  ] GC(2911) Concurrent Cleanup for Next Mark
[2024-08-15T15:56:05.965+0000][12461.909s][info][gc,marking  ] GC(2911) Concurrent Cleanup for Next Mark 28.327ms
[2024-08-15T15:56:05.965+0000][12461.909s][info][gc          ] GC(2911) Concurrent Mark Cycle 6146.204ms
[2024-08-15T15:56:09.208+0000][12465.153s][info][gc,start    ] GC(2913) Pause Young (Prepare Mixed) (G1 Evacuation Pause)
[2024-08-15T15:56:09.208+0000][12465.153s][info][gc,task     ] GC(2913) Using 6 workers of 6 for evacuation
[2024-08-15T15:56:09.229+0000][12465.173s][info][gc,phases   ] GC(2913)   Pre Evacuate Collection Set: 0.2ms
[2024-08-15T15:56:09.229+0000][12465.173s][info][gc,phases   ] GC(2913)   Merge Heap Roots: 0.3ms
[2024-08-15T15:56:09.229+0000][12465.173s][info][gc,phases   ] GC(2913)   Evacuate Collection Set: 18.4ms
[2024-08-15T15:56:09.229+0000][12465.173s][info][gc,phases   ] GC(2913)   Post Evacuate Collection Set: 1.6ms
[2024-08-15T15:56:09.229+0000][12465.173s][info][gc,phases   ] GC(2913)   Other: 0.2ms
[2024-08-15T15:56:09.229+0000][12465.173s][info][gc,heap     ] GC(2913) Eden regions: 706->0(66)
[2024-08-15T15:56:09.229+0000][12465.173s][info][gc,heap     ] GC(2913) Survivor regions: 8->10(90)
[2024-08-15T15:56:09.229+0000][12465.173s][info][gc,heap     ] GC(2913) Old regions: 497->497
[2024-08-15T15:56:09.229+0000][12465.173s][info][gc,heap     ] GC(2913) Archive regions: 2->2
[2024-08-15T15:56:09.229+0000][12465.173s][info][gc,heap     ] GC(2913) Humongous regions: 5->5
[2024-08-15T15:56:09.229+0000][12465.173s][info][gc,metaspace] GC(2913) Metaspace: 442378K(448832K)->442378K(448832K) NonClass: 387490K(391104K)->387490K(391104K) Class: 54887K(57728K)->54887K(57728K)
[2024-08-15T15:56:09.229+0000][12465.173s][info][gc          ] GC(2913) Pause Young (Prepare Mixed) (G1 Evacuation Pause) 9719M->4091M(12288M) 20.782ms
[2024-08-15T15:56:09.229+0000][12465.174s][info][gc,cpu      ] GC(2913) User=0.11s Sys=0.01s Real=0.02s
[2024-08-15T15:56:09.675+0000][12465.619s][info][gc,start    ] GC(2914) Pause Young (Mixed) (G1 Evacuation Pause)
[2024-08-15T15:56:09.675+0000][12465.619s][info][gc,task     ] GC(2914) Using 6 workers of 6 for evacuation
[2024-08-15T15:56:09.730+0000][12465.675s][info][gc,phases   ] GC(2914)   Pre Evacuate Collection Set: 0.2ms
[2024-08-15T15:56:09.730+0000][12465.675s][info][gc,phases   ] GC(2914)   Merge Heap Roots: 0.5ms
[2024-08-15T15:56:09.730+0000][12465.675s][info][gc,phases   ] GC(2914)   Evacuate Collection Set: 53.3ms
[2024-08-15T15:56:09.730+0000][12465.675s][info][gc,phases   ] GC(2914)   Post Evacuate Collection Set: 1.3ms
[2024-08-15T15:56:09.730+0000][12465.675s][info][gc,phases   ] GC(2914)   Other: 0.2ms
[2024-08-15T15:56:09.730+0000][12465.675s][info][gc,heap     ] GC(2914) Eden regions: 66->0(708)
[2024-08-15T15:56:09.730+0000][12465.675s][info][gc,heap     ] GC(2914) Survivor regions: 10->6(10)
[2024-08-15T15:56:09.730+0000][12465.675s][info][gc,heap     ] GC(2914) Old regions: 497->496
[2024-08-15T15:56:09.730+0000][12465.675s][info][gc,heap     ] GC(2914) Archive regions: 2->2
[2024-08-15T15:56:09.730+0000][12465.675s][info][gc,heap     ] GC(2914) Humongous regions: 5->5
[2024-08-15T15:56:09.730+0000][12465.675s][info][gc,metaspace] GC(2914) Metaspace: 442378K(448832K)->442378K(448832K) NonClass: 387490K(391104K)->387490K(391104K) Class: 54887K(57728K)->54887K(57728K)
[2024-08-15T15:56:09.730+0000][12465.675s][info][gc          ] GC(2914) Pause Young (Mixed) (G1 Evacuation Pause) 4619M->4054M(12288M) 55.425ms
[2024-08-15T15:56:09.730+0000][12465.675s][info][gc,cpu      ] GC(2914) User=0.33s Sys=0.00s Real=0.06s
[2024-08-15T15:56:14.597+0000][12470.542s][info][gc,start    ] GC(2915) Pause Young (Normal) (G1 Evacuation Pause)
[2024-08-15T15:56:14.597+0000][12470.542s][info][gc,task     ] GC(2915) Using 6 workers of 6 for evacuation
[2024-08-15T15:56:14.612+0000][12470.556s][info][gc,phases   ] GC(2915)   Pre Evacuate Collection Set: 0.2ms
[2024-08-15T15:56:14.612+0000][12470.556s][info][gc,phases   ] GC(2915)   Merge Heap Roots: 0.3ms
[2024-08-15T15:56:14.612+0000][12470.557s][info][gc,phases   ] GC(2915)   Evacuate Collection Set: 12.3ms
[2024-08-15T15:56:14.612+0000][12470.557s][info][gc,phases   ] GC(2915)   Post Evacuate Collection Set: 1.7ms
[2024-08-15T15:56:14.612+0000][12470.557s][info][gc,phases   ] GC(2915)   Other: 0.2ms
[2024-08-15T15:56:14.612+0000][12470.557s][info][gc,heap     ] GC(2915) Eden regions: 708->0(708)
[2024-08-15T15:56:14.612+0000][12470.557s][info][gc,heap     ] GC(2915) Survivor regions: 6->6(90)
[2024-08-15T15:56:14.612+0000][12470.557s][info][gc,heap     ] GC(2915) Old regions: 496->496
[2024-08-15T15:56:14.612+0000][12470.557s][info][gc,heap     ] GC(2915) Archive regions: 2->2
[2024-08-15T15:56:14.612+0000][12470.557s][info][gc,heap     ] GC(2915) Humongous regions: 5->5
[2024-08-15T15:56:14.612+0000][12470.557s][info][gc,metaspace] GC(2915) Metaspace: 442378K(448832K)->442378K(448832K) NonClass: 387490K(391104K)->387490K(391104K) Class: 54887K(57728K)->54887K(57728K)
[2024-08-15T15:56:14.612+0000][12470.557s][info][gc          ] GC(2915) Pause Young (Normal) (G1 Evacuation Pause) 9718M->4058M(12288M) 14.752ms
[2024-08-15T15:56:14.612+0000][12470.557s][info][gc,cpu      ] GC(2915) User=0.09s Sys=0.00s Real=0.01s
[2024-08-15T15:56:19.433+0000][12475.378s][info][gc,start    ] GC(2916) Pause Young (Normal) (G1 Evacuation Pause)
[2024-08-15T15:56:19.433+0000][12475.378s][info][gc,task     ] GC(2916) Using 6 workers of 6 for evacuation
[2024-08-15T15:56:19.450+0000][12475.394s][info][gc,phases   ] GC(2916)   Pre Evacuate Collection Set: 0.2ms
[2024-08-15T15:56:19.450+0000][12475.394s][info][gc,phases   ] GC(2916)   Merge Heap Roots: 0.2ms
[2024-08-15T15:56:19.450+0000][12475.394s][info][gc,phases   ] GC(2916)   Evacuate Collection Set: 14.1ms
[2024-08-15T15:56:19.450+0000][12475.394s][info][gc,phases   ] GC(2916)   Post Evacuate Collection Set: 1.8ms
[2024-08-15T15:56:19.450+0000][12475.394s][info][gc,phases   ] GC(2916)   Other: 0.2ms
[2024-08-15T15:56:19.450+0000][12475.394s][info][gc,heap     ] GC(2916) Eden regions: 708->0(707)
[2024-08-15T15:56:19.450+0000][12475.394s][info][gc,heap     ] GC(2916) Survivor regions: 6->7(90)
[2024-08-15T15:56:19.450+0000][12475.394s][info][gc,heap     ] GC(2916) Old regions: 496->496
[2024-08-15T15:56:19.450+0000][12475.394s][info][gc,heap     ] GC(2916) Archive regions: 2->2
[2024-08-15T15:56:19.450+0000][12475.394s][info][gc,heap     ] GC(2916) Humongous regions: 5->5
[2024-08-15T15:56:19.450+0000][12475.394s][info][gc,metaspace] GC(2916) Metaspace: 442378K(448832K)->442378K(448832K) NonClass: 387490K(391104K)->387490K(391104K) Class: 54887K(57728K)->54887K(57728K)
[2024-08-15T15:56:19.450+0000][12475.394s][info][gc          ] GC(2916) Pause Young (Normal) (G1 Evacuation Pause) 9722M->4066M(12288M) 16.524ms
[2024-08-15T15:56:19.450+0000][12475.395s][info][gc,cpu      ] GC(2916) User=0.09s Sys=0.00s Real=0.02s
[2024-08-15T15:56:24.180+0000][12480.125s][info][gc,start    ] GC(2917) Pause Young (Concurrent Start) (G1 Evacuation Pause)
[2024-08-15T15:56:24.180+0000][12480.125s][info][gc,task     ] GC(2917) Using 6 workers of 6 for evacuation
[2024-08-15T15:56:24.198+0000][12480.143s][info][gc,phases   ] GC(2917)   Pre Evacuate Collection Set: 0.5ms
[2024-08-15T15:56:24.198+0000][12480.143s][info][gc,phases   ] GC(2917)   Merge Heap Roots: 0.2ms
[2024-08-15T15:56:24.198+0000][12480.143s][info][gc,phases   ] GC(2917)   Evacuate Collection Set: 15.0ms
[2024-08-15T15:56:24.198+0000][12480.143s][info][gc,phases   ] GC(2917)   Post Evacuate Collection Set: 1.7ms
[2024-08-15T15:56:24.198+0000][12480.143s][info][gc,phases   ] GC(2917)   Other: 0.3ms
[2024-08-15T15:56:24.198+0000][12480.143s][info][gc,heap     ] GC(2917) Eden regions: 707->0(706)
[2024-08-15T15:56:24.198+0000][12480.143s][info][gc,heap     ] GC(2917) Survivor regions: 7->8(90)
[2024-08-15T15:56:24.198+0000][12480.143s][info][gc,heap     ] GC(2917) Old regions: 496->496
[2024-08-15T15:56:24.198+0000][12480.143s][info][gc,heap     ] GC(2917) Archive regions: 2->2
[2024-08-15T15:56:24.198+0000][12480.143s][info][gc,heap     ] GC(2917) Humongous regions: 5->5
[2024-08-15T15:56:24.198+0000][12480.143s][info][gc,metaspace] GC(2917) Metaspace: 442378K(448832K)->442378K(448832K) NonClass: 387490K(391104K)->387490K(391104K) Class: 54887K(57728K)->54887K(57728K)
[2024-08-15T15:56:24.198+0000][12480.143s][info][gc          ] GC(2917) Pause Young (Concurrent Start) (G1 Evacuation Pause) 9722M->4076M(12288M) 17.794ms
[2024-08-15T15:56:24.198+0000][12480.143s][info][gc,cpu      ] GC(2917) User=0.10s Sys=0.00s Real=0.02s
[2024-08-15T15:56:24.198+0000][12480.143s][info][gc          ] GC(2918) Concurrent Mark Cycle
[2024-08-15T15:56:24.198+0000][12480.143s][info][gc,marking  ] GC(2918) Concurrent Clear Claimed Marks
[2024-08-15T15:56:24.199+0000][12480.143s][info][gc,marking  ] GC(2918) Concurrent Clear Claimed Marks 0.379ms
[2024-08-15T15:56:24.199+0000][12480.143s][info][gc,marking  ] GC(2918) Concurrent Scan Root Regions
[2024-08-15T15:56:24.220+0000][12480.164s][info][gc,marking  ] GC(2918) Concurrent Scan Root Regions 21.045ms
[2024-08-15T15:56:24.220+0000][12480.164s][info][gc,marking  ] GC(2918) Concurrent Mark
[2024-08-15T15:56:24.220+0000][12480.164s][info][gc,marking  ] GC(2918) Concurrent Mark From Roots
[2024-08-15T15:56:24.220+0000][12480.164s][info][gc,task     ] GC(2918) Using 2 workers of 2 for marking
[2024-08-15T15:56:27.599+0000][12483.543s][info][gc,start    ] GC(2919) Pause Young (Normal) (G1 Evacuation Pause)
[2024-08-15T15:56:27.599+0000][12483.543s][info][gc,task     ] GC(2919) Using 6 workers of 6 for evacuation
[2024-08-15T15:56:27.619+0000][12483.563s][info][gc,phases   ] GC(2919)   Pre Evacuate Collection Set: 0.2ms
[2024-08-15T15:56:27.619+0000][12483.563s][info][gc,phases   ] GC(2919)   Merge Heap Roots: 0.3ms
[2024-08-15T15:56:27.619+0000][12483.563s][info][gc,phases   ] GC(2919)   Evacuate Collection Set: 17.6ms
[2024-08-15T15:56:27.619+0000][12483.563s][info][gc,phases   ] GC(2919)   Post Evacuate Collection Set: 1.7ms
[2024-08-15T15:56:27.619+0000][12483.563s][info][gc,phases   ] GC(2919)   Other: 0.2ms
[2024-08-15T15:56:27.619+0000][12483.563s][info][gc,heap     ] GC(2919) Eden regions: 706->0(706)
[2024-08-15T15:56:27.619+0000][12483.563s][info][gc,heap     ] GC(2919) Survivor regions: 8->9(90)
[2024-08-15T15:56:27.619+0000][12483.563s][info][gc,heap     ] GC(2919) Old regions: 496->496
[2024-08-15T15:56:27.619+0000][12483.563s][info][gc,heap     ] GC(2919) Archive regions: 2->2
[2024-08-15T15:56:27.619+0000][12483.563s][info][gc,heap     ] GC(2919) Humongous regions: 5->5
[2024-08-15T15:56:27.619+0000][12483.563s][info][gc,metaspace] GC(2919) Metaspace: 442378K(448832K)->442378K(448832K) NonClass: 387490K(391104K)->387490K(391104K) Class: 54887K(57728K)->54887K(57728K)
[2024-08-15T15:56:27.619+0000][12483.563s][info][gc          ] GC(2919) Pause Young (Normal) (G1 Evacuation Pause) 9724M->4083M(12288M) 19.993ms
[2024-08-15T15:56:27.619+0000][12483.563s][info][gc,cpu      ] GC(2919) User=0.11s Sys=0.00s Real=0.02s
[2024-08-15T15:56:27.645+0000][12483.590s][info][gc,marking  ] GC(2918) Concurrent Mark From Roots 3425.337ms
[2024-08-15T15:56:27.645+0000][12483.590s][info][gc,marking  ] GC(2918) Concurrent Preclean
[2024-08-15T15:56:27.647+0000][12483.592s][info][gc,marking  ] GC(2918) Concurrent Preclean 2.196ms
[2024-08-15T15:56:27.647+0000][12483.592s][info][gc,start    ] GC(2918) Pause Remark
[2024-08-15T15:56:27.671+0000][12483.615s][info][gc          ] GC(2918) Pause Remark 4151M->4151M(12288M) 23.409ms
[2024-08-15T15:56:27.671+0000][12483.616s][info][gc,cpu      ] GC(2918) User=0.10s Sys=0.00s Real=0.02s
[2024-08-15T15:56:27.671+0000][12483.616s][info][gc,marking  ] GC(2918) Concurrent Mark 3451.377ms
[2024-08-15T15:56:27.671+0000][12483.616s][info][gc,marking  ] GC(2918) Concurrent Rebuild Remembered Sets
[2024-08-15T15:56:29.772+0000][12485.717s][info][gc,marking  ] GC(2918) Concurrent Rebuild Remembered Sets 2101.225ms
[2024-08-15T15:56:29.772+0000][12485.717s][info][gc,start    ] GC(2918) Pause Cleanup
[2024-08-15T15:56:29.773+0000][12485.718s][info][gc          ] GC(2918) Pause Cleanup 8423M->8423M(12288M) 0.538ms
[2024-08-15T15:56:29.773+0000][12485.718s][info][gc,cpu      ] GC(2918) User=0.00s Sys=0.00s Real=0.00s
[2024-08-15T15:56:29.773+0000][12485.718s][info][gc,marking  ] GC(2918) Concurrent Cleanup for Next Mark
[2024-08-15T15:56:29.797+0000][12485.742s][info][gc,marking  ] GC(2918) Concurrent Cleanup for Next Mark 23.924ms
[2024-08-15T15:56:29.797+0000][12485.742s][info][gc          ] GC(2918) Concurrent Mark Cycle 5598.929ms
[2024-08-15T15:56:30.516+0000][12486.461s][info][gc,start    ] GC(2920) Pause Young (Prepare Mixed) (G1 Evacuation Pause)
[2024-08-15T15:56:30.516+0000][12486.461s][info][gc,task     ] GC(2920) Using 6 workers of 6 for evacuation
[2024-08-15T15:56:30.537+0000][12486.481s][info][gc,phases   ] GC(2920)   Pre Evacuate Collection Set: 0.2ms
[2024-08-15T15:56:30.537+0000][12486.481s][info][gc,phases   ] GC(2920)   Merge Heap Roots: 0.3ms
[2024-08-15T15:56:30.537+0000][12486.481s][info][gc,phases   ] GC(2920)   Evacuate Collection Set: 18.2ms
[2024-08-15T15:56:30.537+0000][12486.481s][info][gc,phases   ] GC(2920)   Post Evacuate Collection Set: 1.8ms
[2024-08-15T15:56:30.537+0000][12486.481s][info][gc,phases   ] GC(2920)   Other: 0.2ms
[2024-08-15T15:56:30.537+0000][12486.481s][info][gc,heap     ] GC(2920) Eden regions: 706->0(68)
[2024-08-15T15:56:30.537+0000][12486.481s][info][gc,heap     ] GC(2920) Survivor regions: 9->8(90)
[2024-08-15T15:56:30.537+0000][12486.481s][info][gc,heap     ] GC(2920) Old regions: 496->496
[2024-08-15T15:56:30.537+0000][12486.481s][info][gc,heap     ] GC(2920) Archive regions: 2->2
[2024-08-15T15:56:30.537+0000][12486.481s][info][gc,heap     ] GC(2920) Humongous regions: 5->5
[2024-08-15T15:56:30.537+0000][12486.481s][info][gc,metaspace] GC(2920) Metaspace: 442378K(448832K)->442378K(448832K) NonClass: 387490K(391104K)->387490K(391104K) Class: 54887K(57728K)->54887K(57728K)
[2024-08-15T15:56:30.537+0000][12486.481s][info][gc          ] GC(2920) Pause Young (Prepare Mixed) (G1 Evacuation Pause) 9731M->4075M(12288M) 20.690ms
[2024-08-15T15:56:30.537+0000][12486.481s][info][gc,cpu      ] GC(2920) User=0.12s Sys=0.00s Real=0.02s
[2024-08-15T15:56:30.853+0000][12486.797s][info][gc,start    ] GC(2921) Pause Young (Mixed) (G1 Evacuation Pause)
[2024-08-15T15:56:30.853+0000][12486.798s][info][gc,task     ] GC(2921) Using 6 workers of 6 for evacuation
[2024-08-15T15:56:30.917+0000][12486.861s][info][gc,phases   ] GC(2921)   Pre Evacuate Collection Set: 0.2ms
[2024-08-15T15:56:30.917+0000][12486.861s][info][gc,phases   ] GC(2921)   Merge Heap Roots: 0.4ms
[2024-08-15T15:56:30.917+0000][12486.861s][info][gc,phases   ] GC(2921)   Evacuate Collection Set: 61.9ms
[2024-08-15T15:56:30.917+0000][12486.861s][info][gc,phases   ] GC(2921)   Post Evacuate Collection Set: 1.3ms
[2024-08-15T15:56:30.917+0000][12486.861s][info][gc,phases   ] GC(2921)   Other: 0.2ms
[2024-08-15T15:56:30.917+0000][12486.861s][info][gc,heap     ] GC(2921) Eden regions: 68->0(708)
[2024-08-15T15:56:30.917+0000][12486.861s][info][gc,heap     ] GC(2921) Survivor regions: 8->6(10)
[2024-08-15T15:56:30.917+0000][12486.861s][info][gc,heap     ] GC(2921) Old regions: 496->497
[2024-08-15T15:56:30.917+0000][12486.862s][info][gc,heap     ] GC(2921) Archive regions: 2->2
[2024-08-15T15:56:30.917+0000][12486.862s][info][gc,heap     ] GC(2921) Humongous regions: 5->5
[2024-08-15T15:56:30.917+0000][12486.862s][info][gc,metaspace] GC(2921) Metaspace: 442378K(448832K)->442378K(448832K) NonClass: 387490K(391104K)->387490K(391104K) Class: 54887K(57728K)->54887K(57728K)
[2024-08-15T15:56:30.917+0000][12486.862s][info][gc          ] GC(2921) Pause Young (Mixed) (G1 Evacuation Pause) 4619M->4055M(12288M) 64.063ms
[2024-08-15T15:56:30.917+0000][12486.862s][info][gc,cpu      ] GC(2921) User=0.37s Sys=0.00s Real=0.07s
[2024-08-15T15:56:33.899+0000][12489.844s][info][gc,start    ] GC(2922) Pause Young (Normal) (G1 Evacuation Pause)
[2024-08-15T15:56:33.900+0000][12489.844s][info][gc,task     ] GC(2922) Using 6 workers of 6 for evacuation
[2024-08-15T15:56:33.914+0000][12489.859s][info][gc,phases   ] GC(2922)   Pre Evacuate Collection Set: 0.2ms
[2024-08-15T15:56:33.914+0000][12489.859s][info][gc,phases   ] GC(2922)   Merge Heap Roots: 0.2ms
[2024-08-15T15:56:33.914+0000][12489.859s][info][gc,phases   ] GC(2922)   Evacuate Collection Set: 12.6ms
[2024-08-15T15:56:33.914+0000][12489.859s][info][gc,phases   ] GC(2922)   Post Evacuate Collection Set: 1.7ms
[2024-08-15T15:56:33.914+0000][12489.859s][info][gc,phases   ] GC(2922)   Other: 0.2ms
[2024-08-15T15:56:33.914+0000][12489.859s][info][gc,heap     ] GC(2922) Eden regions: 708->0(707)
[2024-08-15T15:56:33.914+0000][12489.859s][info][gc,heap     ] GC(2922) Survivor regions: 6->7(90)
[2024-08-15T15:56:33.914+0000][12489.859s][info][gc,heap     ] GC(2922) Old regions: 497->497
[2024-08-15T15:56:33.914+0000][12489.859s][info][gc,heap     ] GC(2922) Archive regions: 2->2
[2024-08-15T15:56:33.914+0000][12489.859s][info][gc,heap     ] GC(2922) Humongous regions: 5->5
[2024-08-15T15:56:33.914+0000][12489.859s][info][gc,metaspace] GC(2922) Metaspace: 442378K(448832K)->442378K(448832K) NonClass: 387490K(391104K)->387490K(391104K) Class: 54887K(57728K)->54887K(57728K)
[2024-08-15T15:56:33.914+0000][12489.859s][info][gc          ] GC(2922) Pause Young (Normal) (G1 Evacuation Pause) 9719M->4064M(12288M) 14.982ms
[2024-08-15T15:56:33.915+0000][12489.859s][info][gc,cpu      ] GC(2922) User=0.09s Sys=0.00s Real=0.01s
[2024-08-15T15:56:36.422+0000][12492.367s][info][gc,start    ] GC(2923) Pause Young (Normal) (G1 Evacuation Pause)
[2024-08-15T15:56:36.422+0000][12492.367s][info][gc,task     ] GC(2923) Using 6 workers of 6 for evacuation
[2024-08-15T15:56:36.438+0000][12492.383s][info][gc,phases   ] GC(2923)   Pre Evacuate Collection Set: 0.2ms
[2024-08-15T15:56:36.438+0000][12492.383s][info][gc,phases   ] GC(2923)   Merge Heap Roots: 0.2ms
[2024-08-15T15:56:36.438+0000][12492.383s][info][gc,phases   ] GC(2923)   Evacuate Collection Set: 13.6ms
[2024-08-15T15:56:36.438+0000][12492.383s][info][gc,phases   ] GC(2923)   Post Evacuate Collection Set: 1.7ms
[2024-08-15T15:56:36.438+0000][12492.383s][info][gc,phases   ] GC(2923)   Other: 0.2ms
[2024-08-15T15:56:36.438+0000][12492.383s][info][gc,heap     ] GC(2923) Eden regions: 707->0(707)
[2024-08-15T15:56:36.438+0000][12492.383s][info][gc,heap     ] GC(2923) Survivor regions: 7->8(90)
[2024-08-15T15:56:36.438+0000][12492.383s][info][gc,heap     ] GC(2923) Old regions: 497->497
[2024-08-15T15:56:36.438+0000][12492.383s][info][gc,heap     ] GC(2923) Archive regions: 2->2
[2024-08-15T15:56:36.438+0000][12492.383s][info][gc,heap     ] GC(2923) Humongous regions: 5->5
[2024-08-15T15:56:36.438+0000][12492.383s][info][gc,metaspace] GC(2923) Metaspace: 442378K(448832K)->442378K(448832K) NonClass: 387490K(391104K)->387490K(391104K) Class: 54887K(57728K)->54887K(57728K)
[2024-08-15T15:56:36.438+0000][12492.383s][info][gc          ] GC(2923) Pause Young (Normal) (G1 Evacuation Pause) 9720M->4072M(12288M) 15.911ms
[2024-08-15T15:56:36.438+0000][12492.383s][info][gc,cpu      ] GC(2923) User=0.09s Sys=0.00s Real=0.02s
[2024-08-15T15:56:40.395+0000][12496.339s][info][gc,start    ] GC(2924) Pause Young (Concurrent Start) (G1 Evacuation Pause)
[2024-08-15T15:56:40.395+0000][12496.339s][info][gc,task     ] GC(2924) Using 6 workers of 6 for evacuation
[2024-08-15T15:56:40.415+0000][12496.360s][info][gc,phases   ] GC(2924)   Pre Evacuate Collection Set: 0.6ms
[2024-08-15T15:56:40.415+0000][12496.360s][info][gc,phases   ] GC(2924)   Merge Heap Roots: 0.2ms
[2024-08-15T15:56:40.415+0000][12496.360s][info][gc,phases   ] GC(2924)   Evacuate Collection Set: 17.7ms
[2024-08-15T15:56:40.415+0000][12496.360s][info][gc,phases   ] GC(2924)   Post Evacuate Collection Set: 1.9ms
[2024-08-15T15:56:40.415+0000][12496.360s][info][gc,phases   ] GC(2924)   Other: 0.3ms
[2024-08-15T15:56:40.415+0000][12496.360s][info][gc,heap     ] GC(2924) Eden regions: 707->0(707)
[2024-08-15T15:56:40.415+0000][12496.360s][info][gc,heap     ] GC(2924) Survivor regions: 8->7(90)
[2024-08-15T15:56:40.415+0000][12496.360s][info][gc,heap     ] GC(2924) Old regions: 497->497
[2024-08-15T15:56:40.415+0000][12496.360s][info][gc,heap     ] GC(2924) Archive regions: 2->2
[2024-08-15T15:56:40.415+0000][12496.360s][info][gc,heap     ] GC(2924) Humongous regions: 5->5
[2024-08-15T15:56:40.415+0000][12496.360s][info][gc,metaspace] GC(2924) Metaspace: 442379K(448832K)->442379K(448832K) NonClass: 387491K(391104K)->387491K(391104K) Class: 54887K(57728K)->54887K(57728K)
[2024-08-15T15:56:40.415+0000][12496.360s][info][gc          ] GC(2924) Pause Young (Concurrent Start) (G1 Evacuation Pause) 9728M->4069M(12288M) 20.797ms
[2024-08-15T15:56:40.415+0000][12496.360s][info][gc,cpu      ] GC(2924) User=0.11s Sys=0.00s Real=0.03s
[2024-08-15T15:56:40.415+0000][12496.360s][info][gc          ] GC(2925) Concurrent Mark Cycle
[2024-08-15T15:56:40.415+0000][12496.360s][info][gc,marking  ] GC(2925) Concurrent Clear Claimed Marks
[2024-08-15T15:56:40.416+0000][12496.360s][info][gc,marking  ] GC(2925) Concurrent Clear Claimed Marks 0.337ms
[2024-08-15T15:56:40.416+0000][12496.360s][info][gc,marking  ] GC(2925) Concurrent Scan Root Regions
[2024-08-15T15:56:40.435+0000][12496.380s][info][gc,marking  ] GC(2925) Concurrent Scan Root Regions 19.638ms
[2024-08-15T15:56:40.435+0000][12496.380s][info][gc,marking  ] GC(2925) Concurrent Mark
[2024-08-15T15:56:40.435+0000][12496.380s][info][gc,marking  ] GC(2925) Concurrent Mark From Roots
[2024-08-15T15:56:40.435+0000][12496.380s][info][gc,task     ] GC(2925) Using 2 workers of 2 for marking
[2024-08-15T15:56:43.779+0000][12499.723s][info][gc,marking  ] GC(2925) Concurrent Mark From Roots 3343.204ms
[2024-08-15T15:56:43.779+0000][12499.723s][info][gc,marking  ] GC(2925) Concurrent Preclean
[2024-08-15T15:56:43.780+0000][12499.725s][info][gc,marking  ] GC(2925) Concurrent Preclean 1.509ms
[2024-08-15T15:56:43.780+0000][12499.725s][info][gc,start    ] GC(2925) Pause Remark
[2024-08-15T15:56:43.804+0000][12499.749s][info][gc          ] GC(2925) Pause Remark 7069M->7069M(12288M) 23.612ms
[2024-08-15T15:56:43.804+0000][12499.749s][info][gc,cpu      ] GC(2925) User=0.11s Sys=0.00s Real=0.03s
[2024-08-15T15:56:43.804+0000][12499.749s][info][gc,marking  ] GC(2925) Concurrent Mark 3368.720ms
[2024-08-15T15:56:43.804+0000][12499.749s][info][gc,marking  ] GC(2925) Concurrent Rebuild Remembered Sets
[2024-08-15T15:56:45.784+0000][12501.728s][info][gc,marking  ] GC(2925) Concurrent Rebuild Remembered Sets 1979.407ms
[2024-08-15T15:56:45.784+0000][12501.728s][info][gc,start    ] GC(2925) Pause Cleanup
[2024-08-15T15:56:45.784+0000][12501.729s][info][gc          ] GC(2925) Pause Cleanup 9165M->9165M(12288M) 0.489ms
[2024-08-15T15:56:45.784+0000][12501.729s][info][gc,cpu      ] GC(2925) User=0.00s Sys=0.00s Real=0.00s
[2024-08-15T15:56:45.784+0000][12501.729s][info][gc,marking  ] GC(2925) Concurrent Cleanup for Next Mark
[2024-08-15T15:56:45.801+0000][12501.746s][info][gc,marking  ] GC(2925) Concurrent Cleanup for Next Mark 17.011ms
[2024-08-15T15:56:45.802+0000][12501.746s][info][gc          ] GC(2925) Concurrent Mark Cycle 5386.131ms
[2024-08-15T15:56:46.254+0000][12502.199s][info][gc,start    ] GC(2926) Pause Young (Prepare Mixed) (G1 Evacuation Pause)
[2024-08-15T15:56:46.254+0000][12502.199s][info][gc,task     ] GC(2926) Using 6 workers of 6 for evacuation
[2024-08-15T15:56:46.275+0000][12502.220s][info][gc,phases   ] GC(2926)   Pre Evacuate Collection Set: 0.2ms
[2024-08-15T15:56:46.275+0000][12502.220s][info][gc,phases   ] GC(2926)   Merge Heap Roots: 0.4ms
[2024-08-15T15:56:46.275+0000][12502.220s][info][gc,phases   ] GC(2926)   Evacuate Collection Set: 18.5ms
[2024-08-15T15:56:46.275+0000][12502.220s][info][gc,phases   ] GC(2926)   Post Evacuate Collection Set: 1.8ms
[2024-08-15T15:56:46.275+0000][12502.220s][info][gc,phases   ] GC(2926)   Other: 0.2ms
[2024-08-15T15:56:46.275+0000][12502.220s][info][gc,heap     ] GC(2926) Eden regions: 707->0(66)
[2024-08-15T15:56:46.275+0000][12502.220s][info][gc,heap     ] GC(2926) Survivor regions: 7->10(90)
[2024-08-15T15:56:46.275+0000][12502.220s][info][gc,heap     ] GC(2926) Old regions: 497->497
[2024-08-15T15:56:46.275+0000][12502.220s][info][gc,heap     ] GC(2926) Archive regions: 2->2
[2024-08-15T15:56:46.275+0000][12502.220s][info][gc,heap     ] GC(2926) Humongous regions: 5->5
[2024-08-15T15:56:46.275+0000][12502.220s][info][gc,metaspace] GC(2926) Metaspace: 442379K(448832K)->442379K(448832K) NonClass: 387491K(391104K)->387491K(391104K) Class: 54887K(57728K)->54887K(57728K)
[2024-08-15T15:56:46.275+0000][12502.220s][info][gc          ] GC(2926) Pause Young (Prepare Mixed) (G1 Evacuation Pause) 9725M->4087M(12288M) 21.005ms
[2024-08-15T15:56:46.275+0000][12502.220s][info][gc,cpu      ] GC(2926) User=0.12s Sys=0.00s Real=0.03s
[2024-08-15T15:56:46.724+0000][12502.669s][info][gc,start    ] GC(2927) Pause Young (Mixed) (G1 Evacuation Pause)
[2024-08-15T15:56:46.724+0000][12502.669s][info][gc,task     ] GC(2927) Using 6 workers of 6 for evacuation
[2024-08-15T15:56:46.777+0000][12502.721s][info][gc,phases   ] GC(2927)   Pre Evacuate Collection Set: 0.2ms
[2024-08-15T15:56:46.777+0000][12502.721s][info][gc,phases   ] GC(2927)   Merge Heap Roots: 0.4ms
[2024-08-15T15:56:46.777+0000][12502.721s][info][gc,phases   ] GC(2927)   Evacuate Collection Set: 50.7ms
[2024-08-15T15:56:46.777+0000][12502.721s][info][gc,phases   ] GC(2927)   Post Evacuate Collection Set: 1.3ms
[2024-08-15T15:56:46.777+0000][12502.721s][info][gc,phases   ] GC(2927)   Other: 0.2ms
[2024-08-15T15:56:46.777+0000][12502.721s][info][gc,heap     ] GC(2927) Eden regions: 66->0(708)
[2024-08-15T15:56:46.777+0000][12502.721s][info][gc,heap     ] GC(2927) Survivor regions: 10->4(10)
[2024-08-15T15:56:46.777+0000][12502.721s][info][gc,heap     ] GC(2927) Old regions: 497->498
[2024-08-15T15:56:46.777+0000][12502.721s][info][gc,heap     ] GC(2927) Archive regions: 2->2
[2024-08-15T15:56:46.777+0000][12502.721s][info][gc,heap     ] GC(2927) Humongous regions: 5->5
[2024-08-15T15:56:46.777+0000][12502.721s][info][gc,metaspace] GC(2927) Metaspace: 442379K(448832K)->442379K(448832K) NonClass: 387491K(391104K)->387491K(391104K) Class: 54887K(57728K)->54887K(57728K)
[2024-08-15T15:56:46.777+0000][12502.721s][info][gc          ] GC(2927) Pause Young (Mixed) (G1 Evacuation Pause) 4615M->4060M(12288M) 52.827ms
[2024-08-15T15:56:46.777+0000][12502.721s][info][gc,cpu      ] GC(2927) User=0.31s Sys=0.00s Real=0.05s
[2024-08-15T15:56:51.485+0000][12507.430s][info][gc,start    ] GC(2928) Pause Young (Normal) (G1 Evacuation Pause)
[2024-08-15T15:56:51.485+0000][12507.430s][info][gc,task     ] GC(2928) Using 6 workers of 6 for evacuation
[2024-08-15T15:56:51.496+0000][12507.441s][info][gc,phases   ] GC(2928)   Pre Evacuate Collection Set: 0.2ms
[2024-08-15T15:56:51.496+0000][12507.441s][info][gc,phases   ] GC(2928)   Merge Heap Roots: 0.2ms
[2024-08-15T15:56:51.496+0000][12507.441s][info][gc,phases   ] GC(2928)   Evacuate Collection Set: 8.6ms
[2024-08-15T15:56:51.496+0000][12507.441s][info][gc,phases   ] GC(2928)   Post Evacuate Collection Set: 1.7ms
[2024-08-15T15:56:51.496+0000][12507.441s][info][gc,phases   ] GC(2928)   Other: 0.2ms
[2024-08-15T15:56:51.496+0000][12507.441s][info][gc,heap     ] GC(2928) Eden regions: 708->0(707)
[2024-08-15T15:56:51.496+0000][12507.441s][info][gc,heap     ] GC(2928) Survivor regions: 4->5(89)
[2024-08-15T15:56:51.496+0000][12507.441s][info][gc,heap     ] GC(2928) Old regions: 498->498
[2024-08-15T15:56:51.496+0000][12507.441s][info][gc,heap     ] GC(2928) Archive regions: 2->2
[2024-08-15T15:56:51.496+0000][12507.441s][info][gc,heap     ] GC(2928) Humongous regions: 5->5
[2024-08-15T15:56:51.496+0000][12507.441s][info][gc,metaspace] GC(2928) Metaspace: 442379K(448832K)->442379K(448832K) NonClass: 387491K(391104K)->387491K(391104K) Class: 54887K(57728K)->54887K(57728K)
[2024-08-15T15:56:51.496+0000][12507.441s][info][gc          ] GC(2928) Pause Young (Normal) (G1 Evacuation Pause) 9724M->4065M(12288M) 10.943ms
[2024-08-15T15:56:51.496+0000][12507.441s][info][gc,cpu      ] GC(2928) User=0.07s Sys=0.00s Real=0.01s
[2024-08-15T15:56:56.157+0000][12512.102s][info][gc,start    ] GC(2929) Pause Young (Normal) (G1 Evacuation Pause)
[2024-08-15T15:56:56.157+0000][12512.102s][info][gc,task     ] GC(2929) Using 6 workers of 6 for evacuation
[2024-08-15T15:56:56.170+0000][12512.114s][info][gc,phases   ] GC(2929)   Pre Evacuate Collection Set: 0.2ms
[2024-08-15T15:56:56.170+0000][12512.115s][info][gc,phases   ] GC(2929)   Merge Heap Roots: 0.2ms
[2024-08-15T15:56:56.170+0000][12512.115s][info][gc,phases   ] GC(2929)   Evacuate Collection Set: 10.5ms
[2024-08-15T15:56:56.170+0000][12512.115s][info][gc,phases   ] GC(2929)   Post Evacuate Collection Set: 1.7ms
[2024-08-15T15:56:56.170+0000][12512.115s][info][gc,phases   ] GC(2929)   Other: 0.2ms
[2024-08-15T15:56:56.170+0000][12512.115s][info][gc,heap     ] GC(2929) Eden regions: 707->0(707)
[2024-08-15T15:56:56.170+0000][12512.115s][info][gc,heap     ] GC(2929) Survivor regions: 5->6(89)
[2024-08-15T15:56:56.170+0000][12512.115s][info][gc,heap     ] GC(2929) Old regions: 498->498
[2024-08-15T15:56:56.170+0000][12512.115s][info][gc,heap     ] GC(2929) Archive regions: 2->2
[2024-08-15T15:56:56.170+0000][12512.115s][info][gc,heap     ] GC(2929) Humongous regions: 5->5
[2024-08-15T15:56:56.170+0000][12512.115s][info][gc,metaspace] GC(2929) Metaspace: 442379K(448832K)->442379K(448832K) NonClass: 387491K(391104K)->387491K(391104K) Class: 54887K(57728K)->54887K(57728K)
[2024-08-15T15:56:56.170+0000][12512.115s][info][gc          ] GC(2929) Pause Young (Normal) (G1 Evacuation Pause) 9721M->4070M(12288M) 12.824ms
[2024-08-15T15:56:56.170+0000][12512.115s][info][gc,cpu      ] GC(2929) User=0.07s Sys=0.00s Real=0.01s
[2024-08-15T15:57:00.652+0000][12516.596s][info][gc,start    ] GC(2930) Pause Young (Concurrent Start) (G1 Evacuation Pause)
[2024-08-15T15:57:00.652+0000][12516.596s][info][gc,task     ] GC(2930) Using 6 workers of 6 for evacuation
[2024-08-15T15:57:00.668+0000][12516.613s][info][gc,phases   ] GC(2930)   Pre Evacuate Collection Set: 0.6ms
[2024-08-15T15:57:00.668+0000][12516.613s][info][gc,phases   ] GC(2930)   Merge Heap Roots: 0.2ms
[2024-08-15T15:57:00.668+0000][12516.613s][info][gc,phases   ] GC(2930)   Evacuate Collection Set: 13.7ms
[2024-08-15T15:57:00.668+0000][12516.613s][info][gc,phases   ] GC(2930)   Post Evacuate Collection Set: 1.7ms
[2024-08-15T15:57:00.668+0000][12516.613s][info][gc,phases   ] GC(2930)   Other: 0.3ms
[2024-08-15T15:57:00.668+0000][12516.613s][info][gc,heap     ] GC(2930) Eden regions: 707->0(706)
[2024-08-15T15:57:00.668+0000][12516.613s][info][gc,heap     ] GC(2930) Survivor regions: 6->7(90)
[2024-08-15T15:57:00.668+0000][12516.613s][info][gc,heap     ] GC(2930) Old regions: 498->498
[2024-08-15T15:57:00.668+0000][12516.613s][info][gc,heap     ] GC(2930) Archive regions: 2->2
[2024-08-15T15:57:00.668+0000][12516.613s][info][gc,heap     ] GC(2930) Humongous regions: 5->5
[2024-08-15T15:57:00.668+0000][12516.613s][info][gc,metaspace] GC(2930) Metaspace: 442379K(448832K)->442379K(448832K) NonClass: 387491K(391104K)->387491K(391104K) Class: 54887K(57728K)->54887K(57728K)
[2024-08-15T15:57:00.668+0000][12516.613s][info][gc          ] GC(2930) Pause Young (Concurrent Start) (G1 Evacuation Pause) 9726M->4083M(12288M) 16.465ms
[2024-08-15T15:57:00.668+0000][12516.613s][info][gc,cpu      ] GC(2930) User=0.09s Sys=0.00s Real=0.02s
[2024-08-15T15:57:00.668+0000][12516.613s][info][gc          ] GC(2931) Concurrent Mark Cycle
[2024-08-15T15:57:00.668+0000][12516.613s][info][gc,marking  ] GC(2931) Concurrent Clear Claimed Marks
[2024-08-15T15:57:00.668+0000][12516.613s][info][gc,marking  ] GC(2931) Concurrent Clear Claimed Marks 0.387ms
[2024-08-15T15:57:00.669+0000][12516.613s][info][gc,marking  ] GC(2931) Concurrent Scan Root Regions
[2024-08-15T15:57:00.681+0000][12516.626s][info][gc,marking  ] GC(2931) Concurrent Scan Root Regions 12.399ms
[2024-08-15T15:57:00.681+0000][12516.626s][info][gc,marking  ] GC(2931) Concurrent Mark
[2024-08-15T15:57:00.681+0000][12516.626s][info][gc,marking  ] GC(2931) Concurrent Mark From Roots
[2024-08-15T15:57:00.681+0000][12516.626s][info][gc,task     ] GC(2931) Using 2 workers of 2 for marking
[2024-08-15T15:57:04.011+0000][12519.956s][info][gc,marking  ] GC(2931) Concurrent Mark From Roots 3330.020ms
[2024-08-15T15:57:04.011+0000][12519.956s][info][gc,marking  ] GC(2931) Concurrent Preclean
[2024-08-15T15:57:04.013+0000][12519.957s][info][gc,marking  ] GC(2931) Concurrent Preclean 1.568ms
[2024-08-15T15:57:04.013+0000][12519.957s][info][gc,start    ] GC(2931) Pause Remark
[2024-08-15T15:57:04.036+0000][12519.981s][info][gc          ] GC(2931) Pause Remark 7875M->7875M(12288M) 23.385ms
[2024-08-15T15:57:04.036+0000][12519.981s][info][gc,cpu      ] GC(2931) User=0.10s Sys=0.00s Real=0.03s
[2024-08-15T15:57:04.036+0000][12519.981s][info][gc,marking  ] GC(2931) Concurrent Mark 3355.365ms
[2024-08-15T15:57:04.036+0000][12519.981s][info][gc,marking  ] GC(2931) Concurrent Rebuild Remembered Sets
[2024-08-15T15:57:05.721+0000][12521.666s][info][gc,start    ] GC(2932) Pause Young (Normal) (G1 Evacuation Pause)
[2024-08-15T15:57:05.721+0000][12521.666s][info][gc,task     ] GC(2932) Using 6 workers of 6 for evacuation
[2024-08-15T15:57:05.740+0000][12521.685s][info][gc,phases   ] GC(2932)   Pre Evacuate Collection Set: 0.2ms
[2024-08-15T15:57:05.740+0000][12521.685s][info][gc,phases   ] GC(2932)   Merge Heap Roots: 0.3ms
[2024-08-15T15:57:05.740+0000][12521.685s][info][gc,phases   ] GC(2932)   Evacuate Collection Set: 16.6ms
[2024-08-15T15:57:05.740+0000][12521.685s][info][gc,phases   ] GC(2932)   Post Evacuate Collection Set: 1.7ms
[2024-08-15T15:57:05.740+0000][12521.685s][info][gc,phases   ] GC(2932)   Other: 0.2ms
[2024-08-15T15:57:05.740+0000][12521.685s][info][gc,heap     ] GC(2932) Eden regions: 706->0(704)
[2024-08-15T15:57:05.740+0000][12521.685s][info][gc,heap     ] GC(2932) Survivor regions: 7->9(90)
[2024-08-15T15:57:05.740+0000][12521.685s][info][gc,heap     ] GC(2932) Old regions: 498->498
[2024-08-15T15:57:05.740+0000][12521.685s][info][gc,heap     ] GC(2932) Archive regions: 2->2
[2024-08-15T15:57:05.740+0000][12521.685s][info][gc,heap     ] GC(2932) Humongous regions: 5->5
[2024-08-15T15:57:05.740+0000][12521.685s][info][gc,metaspace] GC(2932) Metaspace: 442379K(448832K)->442379K(448832K) NonClass: 387491K(391104K)->387491K(391104K) Class: 54887K(57728K)->54887K(57728K)
[2024-08-15T15:57:05.740+0000][12521.685s][info][gc          ] GC(2932) Pause Young (Normal) (G1 Evacuation Pause) 9731M->4099M(12288M) 19.054ms
[2024-08-15T15:57:05.740+0000][12521.685s][info][gc,cpu      ] GC(2932) User=0.11s Sys=0.00s Real=0.02s
[2024-08-15T15:57:05.995+0000][12521.939s][info][gc,marking  ] GC(2931) Concurrent Rebuild Remembered Sets 1958.206ms
[2024-08-15T15:57:05.995+0000][12521.939s][info][gc,start    ] GC(2931) Pause Cleanup
[2024-08-15T15:57:05.995+0000][12521.940s][info][gc          ] GC(2931) Pause Cleanup 4391M->4391M(12288M) 0.518ms
[2024-08-15T15:57:05.995+0000][12521.940s][info][gc,cpu      ] GC(2931) User=0.00s Sys=0.00s Real=0.01s
[2024-08-15T15:57:05.995+0000][12521.940s][info][gc,marking  ] GC(2931) Concurrent Cleanup for Next Mark
[2024-08-15T15:57:06.012+0000][12521.957s][info][gc,marking  ] GC(2931) Concurrent Cleanup for Next Mark 17.058ms
[2024-08-15T15:57:06.012+0000][12521.957s][info][gc          ] GC(2931) Concurrent Mark Cycle 5344.391ms
[2024-08-15T15:57:10.394+0000][12526.338s][info][gc,start    ] GC(2933) Pause Young (Prepare Mixed) (G1 Evacuation Pause)
[2024-08-15T15:57:10.394+0000][12526.338s][info][gc,task     ] GC(2933) Using 6 workers of 6 for evacuation
[2024-08-15T15:57:10.414+0000][12526.359s][info][gc,phases   ] GC(2933)   Pre Evacuate Collection Set: 0.2ms
[2024-08-15T15:57:10.414+0000][12526.359s][info][gc,phases   ] GC(2933)   Merge Heap Roots: 0.3ms
[2024-08-15T15:57:10.414+0000][12526.359s][info][gc,phases   ] GC(2933)   Evacuate Collection Set: 18.5ms
[2024-08-15T15:57:10.415+0000][12526.359s][info][gc,phases   ] GC(2933)   Post Evacuate Collection Set: 1.7ms
[2024-08-15T15:57:10.415+0000][12526.359s][info][gc,phases   ] GC(2933)   Other: 0.2ms
[2024-08-15T15:57:10.415+0000][12526.359s][info][gc,heap     ] GC(2933) Eden regions: 704->0(67)
[2024-08-15T15:57:10.415+0000][12526.359s][info][gc,heap     ] GC(2933) Survivor regions: 9->9(90)
[2024-08-15T15:57:10.415+0000][12526.359s][info][gc,heap     ] GC(2933) Old regions: 498->498
[2024-08-15T15:57:10.415+0000][12526.359s][info][gc,heap     ] GC(2933) Archive regions: 2->2
[2024-08-15T15:57:10.415+0000][12526.359s][info][gc,heap     ] GC(2933) Humongous regions: 5->5
[2024-08-15T15:57:10.415+0000][12526.359s][info][gc,metaspace] GC(2933) Metaspace: 442379K(448832K)->442379K(448832K) NonClass: 387491K(391104K)->387491K(391104K) Class: 54887K(57728K)->54887K(57728K)
[2024-08-15T15:57:10.415+0000][12526.359s][info][gc          ] GC(2933) Pause Young (Prepare Mixed) (G1 Evacuation Pause) 9731M->4100M(12288M) 20.945ms
[2024-08-15T15:57:10.415+0000][12526.359s][info][gc,cpu      ] GC(2933) User=0.13s Sys=0.00s Real=0.02s
[2024-08-15T15:57:10.843+0000][12526.787s][info][gc,start    ] GC(2934) Pause Young (Mixed) (G1 Evacuation Pause)
[2024-08-15T15:57:10.843+0000][12526.787s][info][gc,task     ] GC(2934) Using 6 workers of 6 for evacuation
[2024-08-15T15:57:10.895+0000][12526.840s][info][gc,phases   ] GC(2934)   Pre Evacuate Collection Set: 0.2ms
[2024-08-15T15:57:10.895+0000][12526.840s][info][gc,phases   ] GC(2934)   Merge Heap Roots: 0.4ms
[2024-08-15T15:57:10.895+0000][12526.840s][info][gc,phases   ] GC(2934)   Evacuate Collection Set: 50.8ms
[2024-08-15T15:57:10.895+0000][12526.840s][info][gc,phases   ] GC(2934)   Post Evacuate Collection Set: 1.2ms
[2024-08-15T15:57:10.895+0000][12526.840s][info][gc,phases   ] GC(2934)   Other: 0.2ms
[2024-08-15T15:57:10.895+0000][12526.840s][info][gc,heap     ] GC(2934) Eden regions: 67->0(707)
[2024-08-15T15:57:10.895+0000][12526.840s][info][gc,heap     ] GC(2934) Survivor regions: 9->6(10)
[2024-08-15T15:57:10.895+0000][12526.840s][info][gc,heap     ] GC(2934) Old regions: 498->497
[2024-08-15T15:57:10.895+0000][12526.840s][info][gc,heap     ] GC(2934) Archive regions: 2->2
[2024-08-15T15:57:10.895+0000][12526.840s][info][gc,heap     ] GC(2934) Humongous regions: 5->5
[2024-08-15T15:57:10.895+0000][12526.840s][info][gc,metaspace] GC(2934) Metaspace: 442379K(448832K)->442379K(448832K) NonClass: 387491K(391104K)->387491K(391104K) Class: 54887K(57728K)->54887K(57728K)
[2024-08-15T15:57:10.895+0000][12526.840s][info][gc          ] GC(2934) Pause Young (Mixed) (G1 Evacuation Pause) 4636M->4066M(12288M) 52.840ms
[2024-08-15T15:57:10.895+0000][12526.840s][info][gc,cpu      ] GC(2934) User=0.31s Sys=0.00s Real=0.06s
[2024-08-15T15:57:15.613+0000][12531.557s][info][gc,start    ] GC(2935) Pause Young (Normal) (G1 Evacuation Pause)
[2024-08-15T15:57:15.613+0000][12531.557s][info][gc,task     ] GC(2935) Using 6 workers of 6 for evacuation
[2024-08-15T15:57:15.630+0000][12531.575s][info][gc,phases   ] GC(2935)   Pre Evacuate Collection Set: 0.2ms
[2024-08-15T15:57:15.630+0000][12531.575s][info][gc,phases   ] GC(2935)   Merge Heap Roots: 0.2ms
[2024-08-15T15:57:15.630+0000][12531.575s][info][gc,phases   ] GC(2935)   Evacuate Collection Set: 15.0ms
[2024-08-15T15:57:15.630+0000][12531.575s][info][gc,phases   ] GC(2935)   Post Evacuate Collection Set: 1.7ms
[2024-08-15T15:57:15.630+0000][12531.575s][info][gc,phases   ] GC(2935)   Other: 0.2ms
[2024-08-15T15:57:15.630+0000][12531.575s][info][gc,heap     ] GC(2935) Eden regions: 707->0(705)
[2024-08-15T15:57:15.630+0000][12531.575s][info][gc,heap     ] GC(2935) Survivor regions: 6->8(90)
[2024-08-15T15:57:15.630+0000][12531.575s][info][gc,heap     ] GC(2935) Old regions: 497->497
[2024-08-15T15:57:15.630+0000][12531.575s][info][gc,heap     ] GC(2935) Archive regions: 2->2
[2024-08-15T15:57:15.630+0000][12531.575s][info][gc,heap     ] GC(2935) Humongous regions: 5->5
[2024-08-15T15:57:15.630+0000][12531.575s][info][gc,metaspace] GC(2935) Metaspace: 442379K(448832K)->442379K(448832K) NonClass: 387491K(391104K)->387491K(391104K) Class: 54887K(57728K)->54887K(57728K)
[2024-08-15T15:57:15.630+0000][12531.575s][info][gc          ] GC(2935) Pause Young (Normal) (G1 Evacuation Pause) 9722M->4080M(12288M) 17.299ms
[2024-08-15T15:57:15.630+0000][12531.575s][info][gc,cpu      ] GC(2935) User=0.10s Sys=0.00s Real=0.02s
[2024-08-15T15:57:20.234+0000][12536.179s][info][gc,start    ] GC(2936) Pause Young (Normal) (G1 Evacuation Pause)
[2024-08-15T15:57:20.234+0000][12536.179s][info][gc,task     ] GC(2936) Using 6 workers of 6 for evacuation
[2024-08-15T15:57:20.252+0000][12536.197s][info][gc,phases   ] GC(2936)   Pre Evacuate Collection Set: 0.2ms
[2024-08-15T15:57:20.252+0000][12536.197s][info][gc,phases   ] GC(2936)   Merge Heap Roots: 0.2ms
[2024-08-15T15:57:20.252+0000][12536.197s][info][gc,phases   ] GC(2936)   Evacuate Collection Set: 15.4ms
[2024-08-15T15:57:20.252+0000][12536.197s][info][gc,phases   ] GC(2936)   Post Evacuate Collection Set: 1.6ms
[2024-08-15T15:57:20.252+0000][12536.197s][info][gc,phases   ] GC(2936)   Other: 0.2ms
[2024-08-15T15:57:20.252+0000][12536.197s][info][gc,heap     ] GC(2936) Eden regions: 705->0(704)
[2024-08-15T15:57:20.252+0000][12536.197s][info][gc,heap     ] GC(2936) Survivor regions: 8->9(90)
[2024-08-15T15:57:20.252+0000][12536.197s][info][gc,heap     ] GC(2936) Old regions: 497->497
[2024-08-15T15:57:20.252+0000][12536.197s][info][gc,heap     ] GC(2936) Archive regions: 2->2
[2024-08-15T15:57:20.252+0000][12536.197s][info][gc,heap     ] GC(2936) Humongous regions: 5->5
[2024-08-15T15:57:20.252+0000][12536.197s][info][gc,metaspace] GC(2936) Metaspace: 442379K(448832K)->442379K(448832K) NonClass: 387491K(391104K)->387491K(391104K) Class: 54887K(57728K)->54887K(57728K)
[2024-08-15T15:57:20.252+0000][12536.197s][info][gc          ] GC(2936) Pause Young (Normal) (G1 Evacuation Pause) 9720M->4085M(12288M) 17.677ms
[2024-08-15T15:57:20.252+0000][12536.197s][info][gc,cpu      ] GC(2936) User=0.11s Sys=0.00s Real=0.02s
[2024-08-15T15:57:24.910+0000][12540.855s][info][gc,start    ] GC(2937) Pause Young (Concurrent Start) (G1 Evacuation Pause)
[2024-08-15T15:57:24.910+0000][12540.855s][info][gc,task     ] GC(2937) Using 6 workers of 6 for evacuation
[2024-08-15T15:57:24.932+0000][12540.877s][info][gc,phases   ] GC(2937)   Pre Evacuate Collection Set: 0.5ms
[2024-08-15T15:57:24.932+0000][12540.877s][info][gc,phases   ] GC(2937)   Merge Heap Roots: 0.2ms
[2024-08-15T15:57:24.932+0000][12540.877s][info][gc,phases   ] GC(2937)   Evacuate Collection Set: 18.9ms
[2024-08-15T15:57:24.932+0000][12540.877s][info][gc,phases   ] GC(2937)   Post Evacuate Collection Set: 1.7ms
[2024-08-15T15:57:24.932+0000][12540.877s][info][gc,phases   ] GC(2937)   Other: 0.3ms
[2024-08-15T15:57:24.932+0000][12540.877s][info][gc,heap     ] GC(2937) Eden regions: 704->0(704)
[2024-08-15T15:57:24.932+0000][12540.877s][info][gc,heap     ] GC(2937) Survivor regions: 9->9(90)
[2024-08-15T15:57:24.932+0000][12540.877s][info][gc,heap     ] GC(2937) Old regions: 497->497
[2024-08-15T15:57:24.932+0000][12540.877s][info][gc,heap     ] GC(2937) Archive regions: 2->2
[2024-08-15T15:57:24.932+0000][12540.877s][info][gc,heap     ] GC(2937) Humongous regions: 5->5
[2024-08-15T15:57:24.932+0000][12540.877s][info][gc,metaspace] GC(2937) Metaspace: 442379K(448832K)->442379K(448832K) NonClass: 387491K(391104K)->387491K(391104K) Class: 54887K(57728K)->54887K(57728K)
[2024-08-15T15:57:24.932+0000][12540.877s][info][gc          ] GC(2937) Pause Young (Concurrent Start) (G1 Evacuation Pause) 9717M->4091M(12288M) 21.734ms
[2024-08-15T15:57:24.932+0000][12540.877s][info][gc,cpu      ] GC(2937) User=0.12s Sys=0.00s Real=0.02s
[2024-08-15T15:57:24.932+0000][12540.877s][info][gc          ] GC(2938) Concurrent Mark Cycle
[2024-08-15T15:57:24.932+0000][12540.877s][info][gc,marking  ] GC(2938) Concurrent Clear Claimed Marks
[2024-08-15T15:57:24.933+0000][12540.877s][info][gc,marking  ] GC(2938) Concurrent Clear Claimed Marks 0.375ms
[2024-08-15T15:57:24.933+0000][12540.877s][info][gc,marking  ] GC(2938) Concurrent Scan Root Regions
[2024-08-15T15:57:24.964+0000][12540.909s][info][gc,marking  ] GC(2938) Concurrent Scan Root Regions 31.310ms
[2024-08-15T15:57:24.964+0000][12540.909s][info][gc,marking  ] GC(2938) Concurrent Mark
[2024-08-15T15:57:24.964+0000][12540.909s][info][gc,marking  ] GC(2938) Concurrent Mark From Roots
[2024-08-15T15:57:24.964+0000][12540.909s][info][gc,task     ] GC(2938) Using 2 workers of 2 for marking
[2024-08-15T15:57:28.218+0000][12544.162s][info][gc,marking  ] GC(2938) Concurrent Mark From Roots 3253.844ms
[2024-08-15T15:57:28.218+0000][12544.162s][info][gc,marking  ] GC(2938) Concurrent Preclean
[2024-08-15T15:57:28.219+0000][12544.164s][info][gc,marking  ] GC(2938) Concurrent Preclean 1.670ms
[2024-08-15T15:57:28.220+0000][12544.164s][info][gc,start    ] GC(2938) Pause Remark
[2024-08-15T15:57:28.243+0000][12544.188s][info][gc          ] GC(2938) Pause Remark 7451M->7451M(12288M) 23.427ms
[2024-08-15T15:57:28.243+0000][12544.188s][info][gc,cpu      ] GC(2938) User=0.10s Sys=0.00s Real=0.03s
[2024-08-15T15:57:28.243+0000][12544.188s][info][gc,marking  ] GC(2938) Concurrent Mark 3279.385ms
[2024-08-15T15:57:28.243+0000][12544.188s][info][gc,marking  ] GC(2938) Concurrent Rebuild Remembered Sets
[2024-08-15T15:57:30.166+0000][12546.110s][info][gc,marking  ] GC(2938) Concurrent Rebuild Remembered Sets 1922.514ms
[2024-08-15T15:57:30.166+0000][12546.111s][info][gc,start    ] GC(2938) Pause Cleanup
[2024-08-15T15:57:30.167+0000][12546.111s][info][gc          ] GC(2938) Pause Cleanup 9519M->9519M(12288M) 0.480ms
[2024-08-15T15:57:30.167+0000][12546.111s][info][gc,cpu      ] GC(2938) User=0.00s Sys=0.00s Real=0.00s
[2024-08-15T15:57:30.167+0000][12546.111s][info][gc,marking  ] GC(2938) Concurrent Cleanup for Next Mark
[2024-08-15T15:57:30.183+0000][12546.128s][info][gc,marking  ] GC(2938) Concurrent Cleanup for Next Mark 16.712ms
[2024-08-15T15:57:30.183+0000][12546.128s][info][gc          ] GC(2938) Concurrent Mark Cycle 5251.285ms
[2024-08-15T15:57:30.338+0000][12546.282s][info][gc,start    ] GC(2939) Pause Young (Prepare Mixed) (G1 Evacuation Pause)
[2024-08-15T15:57:30.338+0000][12546.282s][info][gc,task     ] GC(2939) Using 6 workers of 6 for evacuation
[2024-08-15T15:57:30.365+0000][12546.310s][info][gc,phases   ] GC(2939)   Pre Evacuate Collection Set: 0.2ms
[2024-08-15T15:57:30.365+0000][12546.310s][info][gc,phases   ] GC(2939)   Merge Heap Roots: 0.4ms
[2024-08-15T15:57:30.365+0000][12546.310s][info][gc,phases   ] GC(2939)   Evacuate Collection Set: 25.0ms
[2024-08-15T15:57:30.365+0000][12546.310s][info][gc,phases   ] GC(2939)   Post Evacuate Collection Set: 1.7ms
[2024-08-15T15:57:30.365+0000][12546.310s][info][gc,phases   ] GC(2939)   Other: 0.2ms
[2024-08-15T15:57:30.365+0000][12546.310s][info][gc,heap     ] GC(2939) Eden regions: 704->0(64)
[2024-08-15T15:57:30.365+0000][12546.310s][info][gc,heap     ] GC(2939) Survivor regions: 9->12(90)
[2024-08-15T15:57:30.365+0000][12546.310s][info][gc,heap     ] GC(2939) Old regions: 497->497
[2024-08-15T15:57:30.365+0000][12546.310s][info][gc,heap     ] GC(2939) Archive regions: 2->2
[2024-08-15T15:57:30.365+0000][12546.310s][info][gc,heap     ] GC(2939) Humongous regions: 5->5
[2024-08-15T15:57:30.365+0000][12546.310s][info][gc,metaspace] GC(2939) Metaspace: 442379K(448832K)->442379K(448832K) NonClass: 387491K(391104K)->387491K(391104K) Class: 54887K(57728K)->54887K(57728K)
[2024-08-15T15:57:30.365+0000][12546.310s][info][gc          ] GC(2939) Pause Young (Prepare Mixed) (G1 Evacuation Pause) 9723M->4110M(12288M) 27.467ms
[2024-08-15T15:57:30.365+0000][12546.310s][info][gc,cpu      ] GC(2939) User=0.15s Sys=0.00s Real=0.03s
[2024-08-15T15:57:30.719+0000][12546.663s][info][gc,start    ] GC(2940) Pause Young (Mixed) (G1 Evacuation Pause)
[2024-08-15T15:57:30.719+0000][12546.663s][info][gc,task     ] GC(2940) Using 6 workers of 6 for evacuation
[2024-08-15T15:57:30.775+0000][12546.720s][info][gc,phases   ] GC(2940)   Pre Evacuate Collection Set: 0.2ms
[2024-08-15T15:57:30.775+0000][12546.720s][info][gc,phases   ] GC(2940)   Merge Heap Roots: 0.5ms
[2024-08-15T15:57:30.775+0000][12546.720s][info][gc,phases   ] GC(2940)   Evacuate Collection Set: 54.2ms
[2024-08-15T15:57:30.775+0000][12546.720s][info][gc,phases   ] GC(2940)   Post Evacuate Collection Set: 1.3ms
[2024-08-15T15:57:30.775+0000][12546.720s][info][gc,phases   ] GC(2940)   Other: 0.2ms
[2024-08-15T15:57:30.775+0000][12546.720s][info][gc,heap     ] GC(2940) Eden regions: 64->0(702)
[2024-08-15T15:57:30.775+0000][12546.720s][info][gc,heap     ] GC(2940) Survivor regions: 12->7(10)
[2024-08-15T15:57:30.775+0000][12546.720s][info][gc,heap     ] GC(2940) Old regions: 497->500
[2024-08-15T15:57:30.775+0000][12546.720s][info][gc,heap     ] GC(2940) Archive regions: 2->2
[2024-08-15T15:57:30.775+0000][12546.720s][info][gc,heap     ] GC(2940) Humongous regions: 5->5
[2024-08-15T15:57:30.775+0000][12546.720s][info][gc,metaspace] GC(2940) Metaspace: 442379K(448832K)->442379K(448832K) NonClass: 387491K(391104K)->387491K(391104K) Class: 54887K(57728K)->54887K(57728K)
[2024-08-15T15:57:30.775+0000][12546.720s][info][gc          ] GC(2940) Pause Young (Mixed) (G1 Evacuation Pause) 4622M->4090M(12288M) 56.473ms
[2024-08-15T15:57:30.775+0000][12546.720s][info][gc,cpu      ] GC(2940) User=0.34s Sys=0.00s Real=0.06s
[2024-08-15T15:57:35.413+0000][12551.358s][info][gc,start    ] GC(2941) Pause Young (Normal) (G1 Evacuation Pause)
[2024-08-15T15:57:35.413+0000][12551.358s][info][gc,task     ] GC(2941) Using 6 workers of 6 for evacuation
[2024-08-15T15:57:35.427+0000][12551.372s][info][gc,phases   ] GC(2941)   Pre Evacuate Collection Set: 0.2ms
[2024-08-15T15:57:35.427+0000][12551.372s][info][gc,phases   ] GC(2941)   Merge Heap Roots: 0.2ms
[2024-08-15T15:57:35.427+0000][12551.372s][info][gc,phases   ] GC(2941)   Evacuate Collection Set: 11.7ms
[2024-08-15T15:57:35.427+0000][12551.372s][info][gc,phases   ] GC(2941)   Post Evacuate Collection Set: 1.8ms
[2024-08-15T15:57:35.427+0000][12551.372s][info][gc,phases   ] GC(2941)   Other: 0.2ms
[2024-08-15T15:57:35.427+0000][12551.372s][info][gc,heap     ] GC(2941) Eden regions: 702->0(702)
[2024-08-15T15:57:35.427+0000][12551.372s][info][gc,heap     ] GC(2941) Survivor regions: 7->7(89)
[2024-08-15T15:57:35.427+0000][12551.372s][info][gc,heap     ] GC(2941) Old regions: 500->500
[2024-08-15T15:57:35.427+0000][12551.372s][info][gc,heap     ] GC(2941) Archive regions: 2->2
[2024-08-15T15:57:35.427+0000][12551.372s][info][gc,heap     ] GC(2941) Humongous regions: 5->5
[2024-08-15T15:57:35.427+0000][12551.372s][info][gc,metaspace] GC(2941) Metaspace: 442379K(448832K)->442379K(448832K) NonClass: 387491K(391104K)->387491K(391104K) Class: 54887K(57728K)->54887K(57728K)
[2024-08-15T15:57:35.427+0000][12551.372s][info][gc          ] GC(2941) Pause Young (Normal) (G1 Evacuation Pause) 9706M->4093M(12288M) 14.151ms
[2024-08-15T15:57:35.427+0000][12551.372s][info][gc,cpu      ] GC(2941) User=0.07s Sys=0.00s Real=0.02s
[2024-08-15T15:57:40.045+0000][12555.990s][info][gc,start    ] GC(2942) Pause Young (Normal) (G1 Evacuation Pause)
[2024-08-15T15:57:40.045+0000][12555.990s][info][gc,task     ] GC(2942) Using 6 workers of 6 for evacuation
[2024-08-15T15:57:40.060+0000][12556.005s][info][gc,phases   ] GC(2942)   Pre Evacuate Collection Set: 0.2ms
[2024-08-15T15:57:40.060+0000][12556.005s][info][gc,phases   ] GC(2942)   Merge Heap Roots: 0.2ms
[2024-08-15T15:57:40.060+0000][12556.005s][info][gc,phases   ] GC(2942)   Evacuate Collection Set: 12.8ms
[2024-08-15T15:57:40.060+0000][12556.005s][info][gc,phases   ] GC(2942)   Post Evacuate Collection Set: 1.7ms
[2024-08-15T15:57:40.060+0000][12556.005s][info][gc,phases   ] GC(2942)   Other: 0.2ms
[2024-08-15T15:57:40.060+0000][12556.005s][info][gc,heap     ] GC(2942) Eden regions: 702->0(700)
[2024-08-15T15:57:40.060+0000][12556.005s][info][gc,heap     ] GC(2942) Survivor regions: 7->9(89)
[2024-08-15T15:57:40.060+0000][12556.005s][info][gc,heap     ] GC(2942) Old regions: 500->500
[2024-08-15T15:57:40.060+0000][12556.005s][info][gc,heap     ] GC(2942) Archive regions: 2->2
[2024-08-15T15:57:40.060+0000][12556.005s][info][gc,heap     ] GC(2942) Humongous regions: 5->5
[2024-08-15T15:57:40.060+0000][12556.005s][info][gc,metaspace] GC(2942) Metaspace: 442379K(448832K)->442379K(448832K) NonClass: 387491K(391104K)->387491K(391104K) Class: 54887K(57728K)->54887K(57728K)
[2024-08-15T15:57:40.060+0000][12556.005s][info][gc          ] GC(2942) Pause Young (Normal) (G1 Evacuation Pause) 9709M->4109M(12288M) 15.107ms
[2024-08-15T15:57:40.060+0000][12556.005s][info][gc,cpu      ] GC(2942) User=0.08s Sys=0.00s Real=0.01s
[2024-08-15T15:57:44.174+0000][12560.119s][info][gc,start    ] GC(2943) Pause Young (Concurrent Start) (G1 Evacuation Pause)
[2024-08-15T15:57:44.174+0000][12560.119s][info][gc,task     ] GC(2943) Using 6 workers of 6 for evacuation
[2024-08-15T15:57:44.191+0000][12560.135s][info][gc,phases   ] GC(2943)   Pre Evacuate Collection Set: 0.5ms
[2024-08-15T15:57:44.191+0000][12560.135s][info][gc,phases   ] GC(2943)   Merge Heap Roots: 0.2ms
[2024-08-15T15:57:44.191+0000][12560.135s][info][gc,phases   ] GC(2943)   Evacuate Collection Set: 13.9ms
[2024-08-15T15:57:44.191+0000][12560.135s][info][gc,phases   ] GC(2943)   Post Evacuate Collection Set: 1.7ms
[2024-08-15T15:57:44.191+0000][12560.135s][info][gc,phases   ] GC(2943)   Other: 0.3ms
[2024-08-15T15:57:44.191+0000][12560.135s][info][gc,heap     ] GC(2943) Eden regions: 700->0(703)
[2024-08-15T15:57:44.191+0000][12560.135s][info][gc,heap     ] GC(2943) Survivor regions: 9->7(89)
[2024-08-15T15:57:44.191+0000][12560.135s][info][gc,heap     ] GC(2943) Old regions: 500->500
[2024-08-15T15:57:44.191+0000][12560.135s][info][gc,heap     ] GC(2943) Archive regions: 2->2
[2024-08-15T15:57:44.191+0000][12560.135s][info][gc,heap     ] GC(2943) Humongous regions: 5->5
[2024-08-15T15:57:44.191+0000][12560.135s][info][gc,metaspace] GC(2943) Metaspace: 442379K(448832K)->442379K(448832K) NonClass: 387491K(391104K)->387491K(391104K) Class: 54887K(57728K)->54887K(57728K)
[2024-08-15T15:57:44.191+0000][12560.135s][info][gc          ] GC(2943) Pause Young (Concurrent Start) (G1 Evacuation Pause) 9709M->4094M(12288M) 16.584ms
[2024-08-15T15:57:44.191+0000][12560.135s][info][gc,cpu      ] GC(2943) User=0.09s Sys=0.01s Real=0.02s
[2024-08-15T15:57:44.191+0000][12560.135s][info][gc          ] GC(2944) Concurrent Mark Cycle
[2024-08-15T15:57:44.191+0000][12560.135s][info][gc,marking  ] GC(2944) Concurrent Clear Claimed Marks
[2024-08-15T15:57:44.191+0000][12560.136s][info][gc,marking  ] GC(2944) Concurrent Clear Claimed Marks 0.395ms
[2024-08-15T15:57:44.191+0000][12560.136s][info][gc,marking  ] GC(2944) Concurrent Scan Root Regions
[2024-08-15T15:57:44.207+0000][12560.152s][info][gc,marking  ] GC(2944) Concurrent Scan Root Regions 15.887ms
[2024-08-15T15:57:44.207+0000][12560.152s][info][gc,marking  ] GC(2944) Concurrent Mark
[2024-08-15T15:57:44.207+0000][12560.152s][info][gc,marking  ] GC(2944) Concurrent Mark From Roots
[2024-08-15T15:57:44.207+0000][12560.152s][info][gc,task     ] GC(2944) Using 2 workers of 2 for marking
[2024-08-15T15:57:47.349+0000][12563.294s][info][gc,marking  ] GC(2944) Concurrent Mark From Roots 3142.199ms
[2024-08-15T15:57:47.349+0000][12563.294s][info][gc,marking  ] GC(2944) Concurrent Preclean
[2024-08-15T15:57:47.351+0000][12563.295s][info][gc,marking  ] GC(2944) Concurrent Preclean 1.432ms
[2024-08-15T15:57:47.351+0000][12563.296s][info][gc,start    ] GC(2944) Pause Remark
[2024-08-15T15:57:47.376+0000][12563.321s][info][gc          ] GC(2944) Pause Remark 7322M->7322M(12288M) 24.944ms
[2024-08-15T15:57:47.376+0000][12563.321s][info][gc,cpu      ] GC(2944) User=0.11s Sys=0.00s Real=0.03s
[2024-08-15T15:57:47.376+0000][12563.321s][info][gc,marking  ] GC(2944) Concurrent Mark 3168.986ms
[2024-08-15T15:57:47.376+0000][12563.321s][info][gc,marking  ] GC(2944) Concurrent Rebuild Remembered Sets
[2024-08-15T15:57:49.405+0000][12565.350s][info][gc,marking  ] GC(2944) Concurrent Rebuild Remembered Sets 2029.121ms
[2024-08-15T15:57:49.406+0000][12565.350s][info][gc,start    ] GC(2944) Pause Cleanup
[2024-08-15T15:57:49.406+0000][12565.351s][info][gc          ] GC(2944) Pause Cleanup 9558M->9558M(12288M) 0.503ms
[2024-08-15T15:57:49.406+0000][12565.351s][info][gc,cpu      ] GC(2944) User=0.00s Sys=0.00s Real=0.00s
[2024-08-15T15:57:49.406+0000][12565.351s][info][gc,marking  ] GC(2944) Concurrent Cleanup for Next Mark
[2024-08-15T15:57:49.423+0000][12565.368s][info][gc,marking  ] GC(2944) Concurrent Cleanup for Next Mark 17.341ms
[2024-08-15T15:57:49.424+0000][12565.368s][info][gc          ] GC(2944) Concurrent Mark Cycle 5232.752ms
[2024-08-15T15:57:49.542+0000][12565.487s][info][gc,start    ] GC(2945) Pause Young (Prepare Mixed) (G1 Evacuation Pause)
[2024-08-15T15:57:49.542+0000][12565.487s][info][gc,task     ] GC(2945) Using 6 workers of 6 for evacuation
[2024-08-15T15:57:49.560+0000][12565.505s][info][gc,phases   ] GC(2945)   Pre Evacuate Collection Set: 0.2ms
[2024-08-15T15:57:49.560+0000][12565.505s][info][gc,phases   ] GC(2945)   Merge Heap Roots: 0.3ms
[2024-08-15T15:57:49.560+0000][12565.505s][info][gc,phases   ] GC(2945)   Evacuate Collection Set: 16.2ms
[2024-08-15T15:57:49.560+0000][12565.505s][info][gc,phases   ] GC(2945)   Post Evacuate Collection Set: 1.7ms
[2024-08-15T15:57:49.560+0000][12565.505s][info][gc,phases   ] GC(2945)   Other: 0.2ms
[2024-08-15T15:57:49.561+0000][12565.505s][info][gc,heap     ] GC(2945) Eden regions: 703->0(67)
[2024-08-15T15:57:49.561+0000][12565.505s][info][gc,heap     ] GC(2945) Survivor regions: 7->9(89)
[2024-08-15T15:57:49.561+0000][12565.505s][info][gc,heap     ] GC(2945) Old regions: 500->500
[2024-08-15T15:57:49.561+0000][12565.505s][info][gc,heap     ] GC(2945) Archive regions: 2->2
[2024-08-15T15:57:49.561+0000][12565.505s][info][gc,heap     ] GC(2945) Humongous regions: 5->5
[2024-08-15T15:57:49.561+0000][12565.505s][info][gc,metaspace] GC(2945) Metaspace: 442379K(448832K)->442379K(448832K) NonClass: 387491K(391104K)->387491K(391104K) Class: 54887K(57728K)->54887K(57728K)
[2024-08-15T15:57:49.561+0000][12565.505s][info][gc          ] GC(2945) Pause Young (Prepare Mixed) (G1 Evacuation Pause) 9718M->4109M(12288M) 18.655ms
[2024-08-15T15:57:49.561+0000][12565.505s][info][gc,cpu      ] GC(2945) User=0.10s Sys=0.00s Real=0.02s
[2024-08-15T15:57:50.028+0000][12565.972s][info][gc,start    ] GC(2946) Pause Young (Mixed) (G1 Evacuation Pause)
[2024-08-15T15:57:50.028+0000][12565.972s][info][gc,task     ] GC(2946) Using 6 workers of 6 for evacuation
[2024-08-15T15:57:50.080+0000][12566.025s][info][gc,phases   ] GC(2946)   Pre Evacuate Collection Set: 0.2ms
[2024-08-15T15:57:50.080+0000][12566.025s][info][gc,phases   ] GC(2946)   Merge Heap Roots: 0.4ms
[2024-08-15T15:57:50.080+0000][12566.025s][info][gc,phases   ] GC(2946)   Evacuate Collection Set: 50.7ms
[2024-08-15T15:57:50.080+0000][12566.025s][info][gc,phases   ] GC(2946)   Post Evacuate Collection Set: 1.3ms
[2024-08-15T15:57:50.080+0000][12566.025s][info][gc,phases   ] GC(2946)   Other: 0.2ms
[2024-08-15T15:57:50.080+0000][12566.025s][info][gc,heap     ] GC(2946) Eden regions: 67->0(705)
[2024-08-15T15:57:50.080+0000][12566.025s][info][gc,heap     ] GC(2946) Survivor regions: 9->6(10)
[2024-08-15T15:57:50.080+0000][12566.025s][info][gc,heap     ] GC(2946) Old regions: 500->499
[2024-08-15T15:57:50.080+0000][12566.025s][info][gc,heap     ] GC(2946) Archive regions: 2->2
[2024-08-15T15:57:50.080+0000][12566.025s][info][gc,heap     ] GC(2946) Humongous regions: 5->5
[2024-08-15T15:57:50.080+0000][12566.025s][info][gc,metaspace] GC(2946) Metaspace: 442379K(448832K)->442379K(448832K) NonClass: 387491K(391104K)->387491K(391104K) Class: 54887K(57728K)->54887K(57728K)
[2024-08-15T15:57:50.080+0000][12566.025s][info][gc          ] GC(2946) Pause Young (Mixed) (G1 Evacuation Pause) 4645M->4072M(12288M) 52.769ms
[2024-08-15T15:57:50.080+0000][12566.025s][info][gc,cpu      ] GC(2946) User=0.30s Sys=0.00s Real=0.05s
[2024-08-15T15:57:54.992+0000][12570.937s][info][gc,start    ] GC(2947) Pause Young (Normal) (G1 Evacuation Pause)
[2024-08-15T15:57:54.993+0000][12570.937s][info][gc,task     ] GC(2947) Using 6 workers of 6 for evacuation
[2024-08-15T15:57:55.005+0000][12570.950s][info][gc,phases   ] GC(2947)   Pre Evacuate Collection Set: 0.2ms
[2024-08-15T15:57:55.005+0000][12570.950s][info][gc,phases   ] GC(2947)   Merge Heap Roots: 0.2ms
[2024-08-15T15:57:55.005+0000][12570.950s][info][gc,phases   ] GC(2947)   Evacuate Collection Set: 10.3ms
[2024-08-15T15:57:55.005+0000][12570.950s][info][gc,phases   ] GC(2947)   Post Evacuate Collection Set: 1.7ms
[2024-08-15T15:57:55.005+0000][12570.950s][info][gc,phases   ] GC(2947)   Other: 0.2ms
[2024-08-15T15:57:55.005+0000][12570.950s][info][gc,heap     ] GC(2947) Eden regions: 705->0(705)
[2024-08-15T15:57:55.005+0000][12570.950s][info][gc,heap     ] GC(2947) Survivor regions: 6->6(89)
[2024-08-15T15:57:55.005+0000][12570.950s][info][gc,heap     ] GC(2947) Old regions: 499->499
[2024-08-15T15:57:55.005+0000][12570.950s][info][gc,heap     ] GC(2947) Archive regions: 2->2
[2024-08-15T15:57:55.005+0000][12570.950s][info][gc,heap     ] GC(2947) Humongous regions: 5->5
[2024-08-15T15:57:55.005+0000][12570.950s][info][gc,metaspace] GC(2947) Metaspace: 442379K(448832K)->442379K(448832K) NonClass: 387491K(391104K)->387491K(391104K) Class: 54887K(57728K)->54887K(57728K)
[2024-08-15T15:57:55.005+0000][12570.950s][info][gc          ] GC(2947) Pause Young (Normal) (G1 Evacuation Pause) 9712M->4075M(12288M) 12.641ms
[2024-08-15T15:57:55.005+0000][12570.950s][info][gc,cpu      ] GC(2947) User=0.07s Sys=0.00s Real=0.02s
[2024-08-15T15:58:00.325+0000][12576.270s][info][gc,start    ] GC(2948) Pause Young (Normal) (G1 Evacuation Pause)
[2024-08-15T15:58:00.325+0000][12576.270s][info][gc,task     ] GC(2948) Using 6 workers of 6 for evacuation
[2024-08-15T15:58:00.340+0000][12576.284s][info][gc,phases   ] GC(2948)   Pre Evacuate Collection Set: 0.2ms
[2024-08-15T15:58:00.340+0000][12576.284s][info][gc,phases   ] GC(2948)   Merge Heap Roots: 0.2ms
[2024-08-15T15:58:00.340+0000][12576.284s][info][gc,phases   ] GC(2948)   Evacuate Collection Set: 12.4ms
[2024-08-15T15:58:00.340+0000][12576.284s][info][gc,phases   ] GC(2948)   Post Evacuate Collection Set: 1.7ms
[2024-08-15T15:58:00.340+0000][12576.284s][info][gc,phases   ] GC(2948)   Other: 0.2ms
[2024-08-15T15:58:00.340+0000][12576.284s][info][gc,heap     ] GC(2948) Eden regions: 705->0(703)
[2024-08-15T15:58:00.340+0000][12576.284s][info][gc,heap     ] GC(2948) Survivor regions: 6->8(89)
[2024-08-15T15:58:00.340+0000][12576.284s][info][gc,heap     ] GC(2948) Old regions: 499->499
[2024-08-15T15:58:00.340+0000][12576.284s][info][gc,heap     ] GC(2948) Archive regions: 2->2
[2024-08-15T15:58:00.340+0000][12576.284s][info][gc,heap     ] GC(2948) Humongous regions: 5->5
[2024-08-15T15:58:00.340+0000][12576.284s][info][gc,metaspace] GC(2948) Metaspace: 442379K(448832K)->442379K(448832K) NonClass: 387491K(391104K)->387491K(391104K) Class: 54887K(57728K)->54887K(57728K)
[2024-08-15T15:58:00.340+0000][12576.284s][info][gc          ] GC(2948) Pause Young (Normal) (G1 Evacuation Pause) 9715M->4090M(12288M) 14.716ms
[2024-08-15T15:58:00.340+0000][12576.284s][info][gc,cpu      ] GC(2948) User=0.08s Sys=0.00s Real=0.01s
[2024-08-15T15:58:05.046+0000][12580.991s][info][gc,start    ] GC(2949) Pause Young (Concurrent Start) (G1 Evacuation Pause)
[2024-08-15T15:58:05.046+0000][12580.991s][info][gc,task     ] GC(2949) Using 6 workers of 6 for evacuation
[2024-08-15T15:58:05.063+0000][12581.008s][info][gc,phases   ] GC(2949)   Pre Evacuate Collection Set: 0.5ms
[2024-08-15T15:58:05.063+0000][12581.008s][info][gc,phases   ] GC(2949)   Merge Heap Roots: 0.2ms
[2024-08-15T15:58:05.063+0000][12581.008s][info][gc,phases   ] GC(2949)   Evacuate Collection Set: 14.8ms
[2024-08-15T15:58:05.063+0000][12581.008s][info][gc,phases   ] GC(2949)   Post Evacuate Collection Set: 1.7ms
[2024-08-15T15:58:05.063+0000][12581.008s][info][gc,phases   ] GC(2949)   Other: 0.3ms
[2024-08-15T15:58:05.063+0000][12581.008s][info][gc,heap     ] GC(2949) Eden regions: 703->0(702)
[2024-08-15T15:58:05.063+0000][12581.008s][info][gc,heap     ] GC(2949) Survivor regions: 8->9(89)
[2024-08-15T15:58:05.063+0000][12581.008s][info][gc,heap     ] GC(2949) Old regions: 499->499
[2024-08-15T15:58:05.063+0000][12581.008s][info][gc,heap     ] GC(2949) Archive regions: 2->2
[2024-08-15T15:58:05.063+0000][12581.008s][info][gc,heap     ] GC(2949) Humongous regions: 5->5
[2024-08-15T15:58:05.063+0000][12581.008s][info][gc,metaspace] GC(2949) Metaspace: 442379K(448832K)->442379K(448832K) NonClass: 387491K(391104K)->387491K(391104K) Class: 54887K(57728K)->54887K(57728K)
[2024-08-15T15:58:05.063+0000][12581.008s][info][gc          ] GC(2949) Pause Young (Concurrent Start) (G1 Evacuation Pause) 9714M->4102M(12288M) 17.524ms
[2024-08-15T15:58:05.063+0000][12581.008s][info][gc,cpu      ] GC(2949) User=0.10s Sys=0.00s Real=0.02s
[2024-08-15T15:58:05.063+0000][12581.008s][info][gc          ] GC(2950) Concurrent Mark Cycle
[2024-08-15T15:58:05.064+0000][12581.008s][info][gc,marking  ] GC(2950) Concurrent Clear Claimed Marks
[2024-08-15T15:58:05.064+0000][12581.009s][info][gc,marking  ] GC(2950) Concurrent Clear Claimed Marks 0.372ms
[2024-08-15T15:58:05.064+0000][12581.009s][info][gc,marking  ] GC(2950) Concurrent Scan Root Regions
[2024-08-15T15:58:05.082+0000][12581.026s][info][gc,marking  ] GC(2950) Concurrent Scan Root Regions 17.725ms
[2024-08-15T15:58:05.082+0000][12581.026s][info][gc,marking  ] GC(2950) Concurrent Mark
[2024-08-15T15:58:05.082+0000][12581.026s][info][gc,marking  ] GC(2950) Concurrent Mark From Roots
[2024-08-15T15:58:05.082+0000][12581.026s][info][gc,task     ] GC(2950) Using 2 workers of 2 for marking
[2024-08-15T15:58:08.297+0000][12584.242s][info][gc,marking  ] GC(2950) Concurrent Mark From Roots 3215.623ms
[2024-08-15T15:58:08.297+0000][12584.242s][info][gc,marking  ] GC(2950) Concurrent Preclean
[2024-08-15T15:58:08.299+0000][12584.243s][info][gc,marking  ] GC(2950) Concurrent Preclean 1.416ms
[2024-08-15T15:58:08.299+0000][12584.244s][info][gc,start    ] GC(2950) Pause Remark
[2024-08-15T15:58:08.322+0000][12584.267s][info][gc          ] GC(2950) Pause Remark 7366M->7366M(12288M) 23.515ms
[2024-08-15T15:58:08.323+0000][12584.267s][info][gc,cpu      ] GC(2950) User=0.10s Sys=0.00s Real=0.02s
[2024-08-15T15:58:08.323+0000][12584.267s][info][gc,marking  ] GC(2950) Concurrent Mark 3240.973ms
[2024-08-15T15:58:08.323+0000][12584.267s][info][gc,marking  ] GC(2950) Concurrent Rebuild Remembered Sets
[2024-08-15T15:58:10.182+0000][12586.127s][info][gc,marking  ] GC(2950) Concurrent Rebuild Remembered Sets 1859.470ms
[2024-08-15T15:58:10.182+0000][12586.127s][info][gc,start    ] GC(2950) Pause Cleanup
[2024-08-15T15:58:10.183+0000][12586.127s][info][gc          ] GC(2950) Pause Cleanup 9310M->9310M(12288M) 0.486ms
[2024-08-15T15:58:10.183+0000][12586.127s][info][gc,cpu      ] GC(2950) User=0.00s Sys=0.00s Real=0.00s
[2024-08-15T15:58:10.183+0000][12586.128s][info][gc,marking  ] GC(2950) Concurrent Cleanup for Next Mark
[2024-08-15T15:58:10.199+0000][12586.144s][info][gc,marking  ] GC(2950) Concurrent Cleanup for Next Mark 16.479ms
[2024-08-15T15:58:10.199+0000][12586.144s][info][gc          ] GC(2950) Concurrent Mark Cycle 5135.961ms
[2024-08-15T15:58:10.536+0000][12586.481s][info][gc,start    ] GC(2951) Pause Young (Prepare Mixed) (G1 Evacuation Pause)
[2024-08-15T15:58:10.536+0000][12586.481s][info][gc,task     ] GC(2951) Using 6 workers of 6 for evacuation
[2024-08-15T15:58:10.556+0000][12586.501s][info][gc,phases   ] GC(2951)   Pre Evacuate Collection Set: 0.2ms
[2024-08-15T15:58:10.556+0000][12586.501s][info][gc,phases   ] GC(2951)   Merge Heap Roots: 0.3ms
[2024-08-15T15:58:10.556+0000][12586.501s][info][gc,phases   ] GC(2951)   Evacuate Collection Set: 17.5ms
[2024-08-15T15:58:10.556+0000][12586.501s][info][gc,phases   ] GC(2951)   Post Evacuate Collection Set: 1.8ms
[2024-08-15T15:58:10.556+0000][12586.501s][info][gc,phases   ] GC(2951)   Other: 0.2ms
[2024-08-15T15:58:10.556+0000][12586.501s][info][gc,heap     ] GC(2951) Eden regions: 702->0(64)
[2024-08-15T15:58:10.556+0000][12586.501s][info][gc,heap     ] GC(2951) Survivor regions: 9->12(89)
[2024-08-15T15:58:10.556+0000][12586.501s][info][gc,heap     ] GC(2951) Old regions: 499->499
[2024-08-15T15:58:10.556+0000][12586.501s][info][gc,heap     ] GC(2951) Archive regions: 2->2
[2024-08-15T15:58:10.556+0000][12586.501s][info][gc,heap     ] GC(2951) Humongous regions: 5->5
[2024-08-15T15:58:10.556+0000][12586.501s][info][gc,metaspace] GC(2951) Metaspace: 442379K(448832K)->442379K(448832K) NonClass: 387491K(391104K)->387491K(391104K) Class: 54887K(57728K)->54887K(57728K)
[2024-08-15T15:58:10.556+0000][12586.501s][info][gc          ] GC(2951) Pause Young (Prepare Mixed) (G1 Evacuation Pause) 9718M->4123M(12288M) 20.015ms
[2024-08-15T15:58:10.556+0000][12586.501s][info][gc,cpu      ] GC(2951) User=0.12s Sys=0.00s Real=0.02s
[2024-08-15T15:58:10.972+0000][12586.917s][info][gc,start    ] GC(2952) Pause Young (Mixed) (G1 Evacuation Pause)
[2024-08-15T15:58:10.972+0000][12586.917s][info][gc,task     ] GC(2952) Using 6 workers of 6 for evacuation
[2024-08-15T15:58:11.027+0000][12586.971s][info][gc,phases   ] GC(2952)   Pre Evacuate Collection Set: 0.2ms
[2024-08-15T15:58:11.027+0000][12586.971s][info][gc,phases   ] GC(2952)   Merge Heap Roots: 0.4ms
[2024-08-15T15:58:11.027+0000][12586.971s][info][gc,phases   ] GC(2952)   Evacuate Collection Set: 52.6ms
[2024-08-15T15:58:11.027+0000][12586.971s][info][gc,phases   ] GC(2952)   Post Evacuate Collection Set: 1.3ms
[2024-08-15T15:58:11.027+0000][12586.971s][info][gc,phases   ] GC(2952)   Other: 0.2ms
[2024-08-15T15:58:11.027+0000][12586.971s][info][gc,heap     ] GC(2952) Eden regions: 64->0(703)
[2024-08-15T15:58:11.027+0000][12586.971s][info][gc,heap     ] GC(2952) Survivor regions: 12->5(10)
[2024-08-15T15:58:11.027+0000][12586.971s][info][gc,heap     ] GC(2952) Old regions: 499->502
[2024-08-15T15:58:11.027+0000][12586.971s][info][gc,heap     ] GC(2952) Archive regions: 2->2
[2024-08-15T15:58:11.027+0000][12586.971s][info][gc,heap     ] GC(2952) Humongous regions: 5->5
[2024-08-15T15:58:11.027+0000][12586.971s][info][gc,metaspace] GC(2952) Metaspace: 442379K(448832K)->442379K(448832K) NonClass: 387491K(391104K)->387491K(391104K) Class: 54887K(57728K)->54887K(57728K)
[2024-08-15T15:58:11.027+0000][12586.971s][info][gc          ] GC(2952) Pause Young (Mixed) (G1 Evacuation Pause) 4635M->4091M(12288M) 54.693ms
[2024-08-15T15:58:11.027+0000][12586.972s][info][gc,cpu      ] GC(2952) User=0.32s Sys=0.00s Real=0.06s
[2024-08-15T15:58:15.382+0000][12591.327s][info][gc,start    ] GC(2953) Pause Young (Normal) (G1 Evacuation Pause)
[2024-08-15T15:58:15.382+0000][12591.327s][info][gc,task     ] GC(2953) Using 6 workers of 6 for evacuation
[2024-08-15T15:58:15.393+0000][12591.338s][info][gc,phases   ] GC(2953)   Pre Evacuate Collection Set: 0.2ms
[2024-08-15T15:58:15.393+0000][12591.338s][info][gc,phases   ] GC(2953)   Merge Heap Roots: 0.2ms
[2024-08-15T15:58:15.393+0000][12591.338s][info][gc,phases   ] GC(2953)   Evacuate Collection Set: 8.5ms
[2024-08-15T15:58:15.393+0000][12591.338s][info][gc,phases   ] GC(2953)   Post Evacuate Collection Set: 1.7ms
[2024-08-15T15:58:15.393+0000][12591.338s][info][gc,phases   ] GC(2953)   Other: 0.2ms
[2024-08-15T15:58:15.393+0000][12591.338s][info][gc,heap     ] GC(2953) Eden regions: 703->0(703)
[2024-08-15T15:58:15.393+0000][12591.338s][info][gc,heap     ] GC(2953) Survivor regions: 5->5(89)
[2024-08-15T15:58:15.393+0000][12591.338s][info][gc,heap     ] GC(2953) Old regions: 502->502
[2024-08-15T15:58:15.393+0000][12591.338s][info][gc,heap     ] GC(2953) Archive regions: 2->2
[2024-08-15T15:58:15.393+0000][12591.338s][info][gc,heap     ] GC(2953) Humongous regions: 5->5
[2024-08-15T15:58:15.393+0000][12591.338s][info][gc,metaspace] GC(2953) Metaspace: 442379K(448832K)->442379K(448832K) NonClass: 387491K(391104K)->387491K(391104K) Class: 54887K(57728K)->54887K(57728K)
[2024-08-15T15:58:15.393+0000][12591.338s][info][gc          ] GC(2953) Pause Young (Normal) (G1 Evacuation Pause) 9715M->4092M(12288M) 10.801ms
[2024-08-15T15:58:15.393+0000][12591.338s][info][gc,cpu      ] GC(2953) User=0.06s Sys=0.00s Real=0.01s
[2024-08-15T15:58:19.318+0000][12595.263s][info][gc,start    ] GC(2954) Pause Young (Normal) (G1 Evacuation Pause)
[2024-08-15T15:58:19.318+0000][12595.263s][info][gc,task     ] GC(2954) Using 6 workers of 6 for evacuation
[2024-08-15T15:58:19.332+0000][12595.276s][info][gc,phases   ] GC(2954)   Pre Evacuate Collection Set: 0.2ms
[2024-08-15T15:58:19.332+0000][12595.276s][info][gc,phases   ] GC(2954)   Merge Heap Roots: 0.2ms
[2024-08-15T15:58:19.332+0000][12595.276s][info][gc,phases   ] GC(2954)   Evacuate Collection Set: 11.3ms
[2024-08-15T15:58:19.332+0000][12595.276s][info][gc,phases   ] GC(2954)   Post Evacuate Collection Set: 1.8ms
[2024-08-15T15:58:19.332+0000][12595.276s][info][gc,phases   ] GC(2954)   Other: 0.2ms
[2024-08-15T15:58:19.332+0000][12595.276s][info][gc,heap     ] GC(2954) Eden regions: 703->0(701)
[2024-08-15T15:58:19.332+0000][12595.276s][info][gc,heap     ] GC(2954) Survivor regions: 5->7(89)
[2024-08-15T15:58:19.332+0000][12595.276s][info][gc,heap     ] GC(2954) Old regions: 502->502
[2024-08-15T15:58:19.332+0000][12595.276s][info][gc,heap     ] GC(2954) Archive regions: 2->2
[2024-08-15T15:58:19.332+0000][12595.276s][info][gc,heap     ] GC(2954) Humongous regions: 5->5
[2024-08-15T15:58:19.332+0000][12595.276s][info][gc,metaspace] GC(2954) Metaspace: 442379K(448832K)->442379K(448832K) NonClass: 387491K(391104K)->387491K(391104K) Class: 54887K(57728K)->54887K(57728K)
[2024-08-15T15:58:19.332+0000][12595.276s][info][gc          ] GC(2954) Pause Young (Normal) (G1 Evacuation Pause) 9716M->4107M(12288M) 13.664ms
[2024-08-15T15:58:19.332+0000][12595.276s][info][gc,cpu      ] GC(2954) User=0.08s Sys=0.00s Real=0.01s
[2024-08-15T15:58:24.088+0000][12600.032s][info][gc,start    ] GC(2955) Pause Young (Concurrent Start) (G1 Evacuation Pause)
[2024-08-15T15:58:24.088+0000][12600.032s][info][gc,task     ] GC(2955) Using 6 workers of 6 for evacuation
[2024-08-15T15:58:24.105+0000][12600.050s][info][gc,phases   ] GC(2955)   Pre Evacuate Collection Set: 0.5ms
[2024-08-15T15:58:24.105+0000][12600.050s][info][gc,phases   ] GC(2955)   Merge Heap Roots: 0.2ms
[2024-08-15T15:58:24.105+0000][12600.050s][info][gc,phases   ] GC(2955)   Evacuate Collection Set: 14.7ms
[2024-08-15T15:58:24.105+0000][12600.050s][info][gc,phases   ] GC(2955)   Post Evacuate Collection Set: 1.7ms
[2024-08-15T15:58:24.105+0000][12600.050s][info][gc,phases   ] GC(2955)   Other: 0.3ms
[2024-08-15T15:58:24.105+0000][12600.050s][info][gc,heap     ] GC(2955) Eden regions: 701->0(699)
[2024-08-15T15:58:24.105+0000][12600.050s][info][gc,heap     ] GC(2955) Survivor regions: 7->9(89)
[2024-08-15T15:58:24.105+0000][12600.050s][info][gc,heap     ] GC(2955) Old regions: 502->502
[2024-08-15T15:58:24.105+0000][12600.050s][info][gc,heap     ] GC(2955) Archive regions: 2->2
[2024-08-15T15:58:24.105+0000][12600.050s][info][gc,heap     ] GC(2955) Humongous regions: 5->5
[2024-08-15T15:58:24.105+0000][12600.050s][info][gc,metaspace] GC(2955) Metaspace: 442379K(448832K)->442379K(448832K) NonClass: 387491K(391104K)->387491K(391104K) Class: 54887K(57728K)->54887K(57728K)
[2024-08-15T15:58:24.105+0000][12600.050s][info][gc          ] GC(2955) Pause Young (Concurrent Start) (G1 Evacuation Pause) 9715M->4123M(12288M) 17.512ms
[2024-08-15T15:58:24.105+0000][12600.050s][info][gc,cpu      ] GC(2955) User=0.10s Sys=0.00s Real=0.02s
[2024-08-15T15:58:24.105+0000][12600.050s][info][gc          ] GC(2956) Concurrent Mark Cycle
[2024-08-15T15:58:24.105+0000][12600.050s][info][gc,marking  ] GC(2956) Concurrent Clear Claimed Marks
[2024-08-15T15:58:24.106+0000][12600.050s][info][gc,marking  ] GC(2956) Concurrent Clear Claimed Marks 0.322ms
[2024-08-15T15:58:24.106+0000][12600.050s][info][gc,marking  ] GC(2956) Concurrent Scan Root Regions
[2024-08-15T15:58:24.116+0000][12600.061s][info][gc,marking  ] GC(2956) Concurrent Scan Root Regions 10.590ms
[2024-08-15T15:58:24.116+0000][12600.061s][info][gc,marking  ] GC(2956) Concurrent Mark
[2024-08-15T15:58:24.116+0000][12600.061s][info][gc,marking  ] GC(2956) Concurrent Mark From Roots
[2024-08-15T15:58:24.116+0000][12600.061s][info][gc,task     ] GC(2956) Using 2 workers of 2 for marking
[2024-08-15T15:58:27.313+0000][12603.258s][info][gc,marking  ] GC(2956) Concurrent Mark From Roots 3196.593ms
[2024-08-15T15:58:27.313+0000][12603.258s][info][gc,marking  ] GC(2956) Concurrent Preclean
[2024-08-15T15:58:27.315+0000][12603.260s][info][gc,marking  ] GC(2956) Concurrent Preclean 2.015ms
[2024-08-15T15:58:27.315+0000][12603.260s][info][gc,start    ] GC(2956) Pause Remark
[2024-08-15T15:58:27.339+0000][12603.283s][info][gc          ] GC(2956) Pause Remark 7403M->7399M(12288M) 23.525ms
[2024-08-15T15:58:27.339+0000][12603.283s][info][gc,cpu      ] GC(2956) User=0.10s Sys=0.00s Real=0.02s
[2024-08-15T15:58:27.339+0000][12603.284s][info][gc,marking  ] GC(2956) Concurrent Mark 3222.623ms
[2024-08-15T15:58:27.339+0000][12603.284s][info][gc,marking  ] GC(2956) Concurrent Rebuild Remembered Sets
[2024-08-15T15:58:29.245+0000][12605.189s][info][gc,marking  ] GC(2956) Concurrent Rebuild Remembered Sets 1905.728ms
[2024-08-15T15:58:29.245+0000][12605.190s][info][gc,start    ] GC(2956) Pause Cleanup
[2024-08-15T15:58:29.245+0000][12605.190s][info][gc          ] GC(2956) Pause Cleanup 9539M->9539M(12288M) 0.570ms
[2024-08-15T15:58:29.246+0000][12605.190s][info][gc,cpu      ] GC(2956) User=0.01s Sys=0.00s Real=0.00s
[2024-08-15T15:58:29.246+0000][12605.190s][info][gc,marking  ] GC(2956) Concurrent Cleanup for Next Mark
[2024-08-15T15:58:29.274+0000][12605.218s][info][gc,marking  ] GC(2956) Concurrent Cleanup for Next Mark 28.267ms
[2024-08-15T15:58:29.274+0000][12605.219s][info][gc          ] GC(2956) Concurrent Mark Cycle 5168.560ms
[2024-08-15T15:58:29.347+0000][12605.291s][info][gc,start    ] GC(2957) Pause Young (Prepare Mixed) (G1 Evacuation Pause)
[2024-08-15T15:58:29.347+0000][12605.291s][info][gc,task     ] GC(2957) Using 6 workers of 6 for evacuation
[2024-08-15T15:58:29.365+0000][12605.310s][info][gc,phases   ] GC(2957)   Pre Evacuate Collection Set: 0.2ms
[2024-08-15T15:58:29.365+0000][12605.310s][info][gc,phases   ] GC(2957)   Merge Heap Roots: 0.4ms
[2024-08-15T15:58:29.365+0000][12605.310s][info][gc,phases   ] GC(2957)   Evacuate Collection Set: 15.9ms
[2024-08-15T15:58:29.365+0000][12605.310s][info][gc,phases   ] GC(2957)   Post Evacuate Collection Set: 1.9ms
[2024-08-15T15:58:29.365+0000][12605.310s][info][gc,phases   ] GC(2957)   Other: 0.2ms
[2024-08-15T15:58:29.365+0000][12605.310s][info][gc,heap     ] GC(2957) Eden regions: 699->0(68)
[2024-08-15T15:58:29.365+0000][12605.310s][info][gc,heap     ] GC(2957) Survivor regions: 9->8(89)
[2024-08-15T15:58:29.365+0000][12605.310s][info][gc,heap     ] GC(2957) Old regions: 501->501
[2024-08-15T15:58:29.365+0000][12605.310s][info][gc,heap     ] GC(2957) Archive regions: 2->2
[2024-08-15T15:58:29.365+0000][12605.310s][info][gc,heap     ] GC(2957) Humongous regions: 5->5
[2024-08-15T15:58:29.365+0000][12605.310s][info][gc,metaspace] GC(2957) Metaspace: 442379K(448832K)->442379K(448832K) NonClass: 387491K(391104K)->387491K(391104K) Class: 54887K(57728K)->54887K(57728K)
[2024-08-15T15:58:29.365+0000][12605.310s][info][gc          ] GC(2957) Pause Young (Prepare Mixed) (G1 Evacuation Pause) 9711M->4114M(12288M) 18.668ms
[2024-08-15T15:58:29.365+0000][12605.310s][info][gc,cpu      ] GC(2957) User=0.10s Sys=0.00s Real=0.02s
[2024-08-15T15:58:29.617+0000][12605.562s][info][gc,start    ] GC(2958) Pause Young (Mixed) (G1 Evacuation Pause)
[2024-08-15T15:58:29.617+0000][12605.562s][info][gc,task     ] GC(2958) Using 6 workers of 6 for evacuation
[2024-08-15T15:58:29.663+0000][12605.608s][info][gc,phases   ] GC(2958)   Pre Evacuate Collection Set: 0.2ms
[2024-08-15T15:58:29.663+0000][12605.608s][info][gc,phases   ] GC(2958)   Merge Heap Roots: 0.3ms
[2024-08-15T15:58:29.663+0000][12605.608s][info][gc,phases   ] GC(2958)   Evacuate Collection Set: 44.2ms
[2024-08-15T15:58:29.663+0000][12605.608s][info][gc,phases   ] GC(2958)   Post Evacuate Collection Set: 1.2ms
[2024-08-15T15:58:29.663+0000][12605.608s][info][gc,phases   ] GC(2958)   Other: 0.2ms
[2024-08-15T15:58:29.663+0000][12605.608s][info][gc,heap     ] GC(2958) Eden regions: 68->0(705)
[2024-08-15T15:58:29.663+0000][12605.608s][info][gc,heap     ] GC(2958) Survivor regions: 8->6(10)
[2024-08-15T15:58:29.663+0000][12605.608s][info][gc,heap     ] GC(2958) Old regions: 501->499
[2024-08-15T15:58:29.663+0000][12605.608s][info][gc,heap     ] GC(2958) Archive regions: 2->2
[2024-08-15T15:58:29.663+0000][12605.608s][info][gc,heap     ] GC(2958) Humongous regions: 5->5
[2024-08-15T15:58:29.663+0000][12605.608s][info][gc,metaspace] GC(2958) Metaspace: 442379K(448832K)->442379K(448832K) NonClass: 387491K(391104K)->387491K(391104K) Class: 54887K(57728K)->54887K(57728K)
[2024-08-15T15:58:29.663+0000][12605.608s][info][gc          ] GC(2958) Pause Young (Mixed) (G1 Evacuation Pause) 4658M->4079M(12288M) 46.207ms
[2024-08-15T15:58:29.663+0000][12605.608s][info][gc,cpu      ] GC(2958) User=0.27s Sys=0.00s Real=0.05s
[2024-08-15T15:58:31.807+0000][12607.752s][info][gc,start    ] GC(2959) Pause Young (Normal) (G1 Evacuation Pause)
[2024-08-15T15:58:31.807+0000][12607.752s][info][gc,task     ] GC(2959) Using 6 workers of 6 for evacuation
[2024-08-15T15:58:31.858+0000][12607.802s][info][gc,phases   ] GC(2959)   Pre Evacuate Collection Set: 0.2ms
[2024-08-15T15:58:31.858+0000][12607.802s][info][gc,phases   ] GC(2959)   Merge Heap Roots: 0.2ms
[2024-08-15T15:58:31.858+0000][12607.802s][info][gc,phases   ] GC(2959)   Evacuate Collection Set: 38.5ms
[2024-08-15T15:58:31.858+0000][12607.802s][info][gc,phases   ] GC(2959)   Post Evacuate Collection Set: 11.8ms
[2024-08-15T15:58:31.858+0000][12607.802s][info][gc,phases   ] GC(2959)   Other: 0.2ms
[2024-08-15T15:58:31.858+0000][12607.802s][info][gc,heap     ] GC(2959) Eden regions: 705->0(701)
[2024-08-15T15:58:31.858+0000][12607.802s][info][gc,heap     ] GC(2959) Survivor regions: 6->9(89)
[2024-08-15T15:58:31.858+0000][12607.802s][info][gc,heap     ] GC(2959) Old regions: 499->499
[2024-08-15T15:58:31.858+0000][12607.802s][info][gc,heap     ] GC(2959) Archive regions: 2->2
[2024-08-15T15:58:31.858+0000][12607.802s][info][gc,heap     ] GC(2959) Humongous regions: 5->5
[2024-08-15T15:58:31.858+0000][12607.803s][info][gc,metaspace] GC(2959) Metaspace: 442379K(448832K)->442379K(448832K) NonClass: 387491K(391104K)->387491K(391104K) Class: 54887K(57728K)->54887K(57728K)
[2024-08-15T15:58:31.858+0000][12607.803s][info][gc          ] GC(2959) Pause Young (Normal) (G1 Evacuation Pause) 9719M->4106M(12288M) 50.957ms
[2024-08-15T15:58:31.858+0000][12607.803s][info][gc,cpu      ] GC(2959) User=0.30s Sys=0.00s Real=0.05s
[2024-08-15T15:58:33.963+0000][12609.908s][info][gc,start    ] GC(2960) Pause Young (Normal) (G1 Evacuation Pause)
[2024-08-15T15:58:33.964+0000][12609.908s][info][gc,task     ] GC(2960) Using 6 workers of 6 for evacuation
[2024-08-15T15:58:34.023+0000][12609.968s][info][gc,phases   ] GC(2960)   Pre Evacuate Collection Set: 0.2ms
[2024-08-15T15:58:34.023+0000][12609.968s][info][gc,phases   ] GC(2960)   Merge Heap Roots: 0.2ms
[2024-08-15T15:58:34.023+0000][12609.968s][info][gc,phases   ] GC(2960)   Evacuate Collection Set: 46.2ms
[2024-08-15T15:58:34.023+0000][12609.968s][info][gc,phases   ] GC(2960)   Post Evacuate Collection Set: 13.0ms
[2024-08-15T15:58:34.023+0000][12609.968s][info][gc,phases   ] GC(2960)   Other: 0.2ms
[2024-08-15T15:58:34.023+0000][12609.968s][info][gc,heap     ] GC(2960) Eden regions: 701->0(696)
[2024-08-15T15:58:34.023+0000][12609.968s][info][gc,heap     ] GC(2960) Survivor regions: 9->12(89)
[2024-08-15T15:58:34.023+0000][12609.968s][info][gc,heap     ] GC(2960) Old regions: 499->499
[2024-08-15T15:58:34.023+0000][12609.968s][info][gc,heap     ] GC(2960) Archive regions: 2->2
[2024-08-15T15:58:34.023+0000][12609.968s][info][gc,heap     ] GC(2960) Humongous regions: 5->5
[2024-08-15T15:58:34.023+0000][12609.968s][info][gc,metaspace] GC(2960) Metaspace: 442379K(448832K)->442379K(448832K) NonClass: 387491K(391104K)->387491K(391104K) Class: 54887K(57728K)->54887K(57728K)
[2024-08-15T15:58:34.023+0000][12609.968s][info][gc          ] GC(2960) Pause Young (Normal) (G1 Evacuation Pause) 9714M->4129M(12288M) 59.851ms
[2024-08-15T15:58:34.023+0000][12609.968s][info][gc,cpu      ] GC(2960) User=0.34s Sys=0.00s Real=0.06s
[2024-08-15T15:58:35.911+0000][12611.855s][info][gc,start    ] GC(2961) Pause Young (Concurrent Start) (G1 Evacuation Pause)
[2024-08-15T15:58:35.911+0000][12611.855s][info][gc,task     ] GC(2961) Using 6 workers of 6 for evacuation
[2024-08-15T15:58:35.962+0000][12611.907s][info][gc,phases   ] GC(2961)   Pre Evacuate Collection Set: 0.5ms
[2024-08-15T15:58:35.962+0000][12611.907s][info][gc,phases   ] GC(2961)   Merge Heap Roots: 0.2ms
[2024-08-15T15:58:35.962+0000][12611.907s][info][gc,phases   ] GC(2961)   Evacuate Collection Set: 42.5ms
[2024-08-15T15:58:35.962+0000][12611.907s][info][gc,phases   ] GC(2961)   Post Evacuate Collection Set: 8.3ms
[2024-08-15T15:58:35.962+0000][12611.907s][info][gc,phases   ] GC(2961)   Other: 0.3ms
[2024-08-15T15:58:35.962+0000][12611.907s][info][gc,heap     ] GC(2961) Eden regions: 696->0(694)
[2024-08-15T15:58:35.962+0000][12611.907s][info][gc,heap     ] GC(2961) Survivor regions: 12->14(89)
[2024-08-15T15:58:35.962+0000][12611.907s][info][gc,heap     ] GC(2961) Old regions: 499->499
[2024-08-15T15:58:35.962+0000][12611.907s][info][gc,heap     ] GC(2961) Archive regions: 2->2
[2024-08-15T15:58:35.962+0000][12611.907s][info][gc,heap     ] GC(2961) Humongous regions: 5->5
[2024-08-15T15:58:35.962+0000][12611.907s][info][gc,metaspace] GC(2961) Metaspace: 442379K(448832K)->442379K(448832K) NonClass: 387491K(391104K)->387491K(391104K) Class: 54887K(57728K)->54887K(57728K)
[2024-08-15T15:58:35.962+0000][12611.907s][info][gc          ] GC(2961) Pause Young (Concurrent Start) (G1 Evacuation Pause) 9697M->4147M(12288M) 51.898ms
[2024-08-15T15:58:35.962+0000][12611.907s][info][gc,cpu      ] GC(2961) User=0.30s Sys=0.00s Real=0.05s
[2024-08-15T15:58:35.963+0000][12611.907s][info][gc          ] GC(2962) Concurrent Mark Cycle
[2024-08-15T15:58:35.963+0000][12611.907s][info][gc,marking  ] GC(2962) Concurrent Clear Claimed Marks
[2024-08-15T15:58:35.963+0000][12611.908s][info][gc,marking  ] GC(2962) Concurrent Clear Claimed Marks 0.407ms
[2024-08-15T15:58:35.963+0000][12611.908s][info][gc,marking  ] GC(2962) Concurrent Scan Root Regions
[2024-08-15T15:58:36.014+0000][12611.959s][info][gc,marking  ] GC(2962) Concurrent Scan Root Regions 51.494ms
[2024-08-15T15:58:36.015+0000][12611.959s][info][gc,marking  ] GC(2962) Concurrent Mark
[2024-08-15T15:58:36.015+0000][12611.959s][info][gc,marking  ] GC(2962) Concurrent Mark From Roots
[2024-08-15T15:58:36.015+0000][12611.959s][info][gc,task     ] GC(2962) Using 2 workers of 2 for marking
[2024-08-15T15:58:38.717+0000][12614.662s][info][gc,start    ] GC(2963) Pause Young (Normal) (G1 Evacuation Pause)
[2024-08-15T15:58:38.717+0000][12614.662s][info][gc,task     ] GC(2963) Using 6 workers of 6 for evacuation
[2024-08-15T15:58:38.797+0000][12614.742s][info][gc,phases   ] GC(2963)   Pre Evacuate Collection Set: 0.2ms
[2024-08-15T15:58:38.797+0000][12614.742s][info][gc,phases   ] GC(2963)   Merge Heap Roots: 0.3ms
[2024-08-15T15:58:38.797+0000][12614.742s][info][gc,phases   ] GC(2963)   Evacuate Collection Set: 65.4ms
[2024-08-15T15:58:38.797+0000][12614.742s][info][gc,phases   ] GC(2963)   Post Evacuate Collection Set: 13.8ms
[2024-08-15T15:58:38.797+0000][12614.742s][info][gc,phases   ] GC(2963)   Other: 0.2ms
[2024-08-15T15:58:38.797+0000][12614.742s][info][gc,heap     ] GC(2963) Eden regions: 694->0(684)
[2024-08-15T15:58:38.797+0000][12614.742s][info][gc,heap     ] GC(2963) Survivor regions: 14->19(89)
[2024-08-15T15:58:38.797+0000][12614.742s][info][gc,heap     ] GC(2963) Old regions: 499->499
[2024-08-15T15:58:38.797+0000][12614.742s][info][gc,heap     ] GC(2963) Archive regions: 2->2
[2024-08-15T15:58:38.797+0000][12614.742s][info][gc,heap     ] GC(2963) Humongous regions: 5->5
[2024-08-15T15:58:38.797+0000][12614.742s][info][gc,metaspace] GC(2963) Metaspace: 442379K(448832K)->442379K(448832K) NonClass: 387491K(391104K)->387491K(391104K) Class: 54887K(57728K)->54887K(57728K)
[2024-08-15T15:58:38.797+0000][12614.742s][info][gc          ] GC(2963) Pause Young (Normal) (G1 Evacuation Pause) 9699M->4182M(12288M) 79.948ms
[2024-08-15T15:58:38.797+0000][12614.742s][info][gc,cpu      ] GC(2963) User=0.46s Sys=0.00s Real=0.08s
[2024-08-15T15:58:39.278+0000][12615.223s][info][gc,marking  ] GC(2962) Concurrent Mark From Roots 3263.770ms
[2024-08-15T15:58:39.278+0000][12615.223s][info][gc,marking  ] GC(2962) Concurrent Preclean
[2024-08-15T15:58:39.280+0000][12615.225s][info][gc,marking  ] GC(2962) Concurrent Preclean 2.016ms
[2024-08-15T15:58:39.281+0000][12615.225s][info][gc,start    ] GC(2962) Pause Remark
[2024-08-15T15:58:39.304+0000][12615.249s][info][gc          ] GC(2962) Pause Remark 5206M->5206M(12288M) 23.504ms
[2024-08-15T15:58:39.304+0000][12615.249s][info][gc,cpu      ] GC(2962) User=0.10s Sys=0.00s Real=0.03s
[2024-08-15T15:58:39.304+0000][12615.249s][info][gc,marking  ] GC(2962) Concurrent Mark 3289.736ms
[2024-08-15T15:58:39.304+0000][12615.249s][info][gc,marking  ] GC(2962) Concurrent Rebuild Remembered Sets
[2024-08-15T15:58:41.213+0000][12617.158s][info][gc,marking  ] GC(2962) Concurrent Rebuild Remembered Sets 1908.891ms
[2024-08-15T15:58:41.214+0000][12617.158s][info][gc,start    ] GC(2962) Pause Cleanup
[2024-08-15T15:58:41.214+0000][12617.159s][info][gc          ] GC(2962) Pause Cleanup 9474M->9474M(12288M) 0.479ms
[2024-08-15T15:58:41.214+0000][12617.159s][info][gc,cpu      ] GC(2962) User=0.00s Sys=0.00s Real=0.00s
[2024-08-15T15:58:41.214+0000][12617.159s][info][gc,marking  ] GC(2962) Concurrent Cleanup for Next Mark
[2024-08-15T15:58:41.231+0000][12617.176s][info][gc,marking  ] GC(2962) Concurrent Cleanup for Next Mark 16.882ms
[2024-08-15T15:58:41.231+0000][12617.176s][info][gc          ] GC(2962) Concurrent Mark Cycle 5268.582ms
[2024-08-15T15:58:41.290+0000][12617.234s][info][gc,start    ] GC(2964) Pause Young (Prepare Mixed) (G1 Evacuation Pause)
[2024-08-15T15:58:41.290+0000][12617.234s][info][gc,task     ] GC(2964) Using 6 workers of 6 for evacuation
[2024-08-15T15:58:41.380+0000][12617.325s][info][gc,phases   ] GC(2964)   Pre Evacuate Collection Set: 0.2ms
[2024-08-15T15:58:41.380+0000][12617.325s][info][gc,phases   ] GC(2964)   Merge Heap Roots: 0.5ms
[2024-08-15T15:58:41.380+0000][12617.325s][info][gc,phases   ] GC(2964)   Evacuate Collection Set: 74.6ms
[2024-08-15T15:58:41.380+0000][12617.325s][info][gc,phases   ] GC(2964)   Post Evacuate Collection Set: 15.0ms
[2024-08-15T15:58:41.380+0000][12617.325s][info][gc,phases   ] GC(2964)   Other: 0.2ms
[2024-08-15T15:58:41.380+0000][12617.325s][info][gc,heap     ] GC(2964) Eden regions: 684->0(53)
[2024-08-15T15:58:41.380+0000][12617.325s][info][gc,heap     ] GC(2964) Survivor regions: 19->23(88)
[2024-08-15T15:58:41.380+0000][12617.325s][info][gc,heap     ] GC(2964) Old regions: 499->499
[2024-08-15T15:58:41.380+0000][12617.325s][info][gc,heap     ] GC(2964) Archive regions: 2->2
[2024-08-15T15:58:41.380+0000][12617.325s][info][gc,heap     ] GC(2964) Humongous regions: 5->5
[2024-08-15T15:58:41.380+0000][12617.325s][info][gc,metaspace] GC(2964) Metaspace: 442379K(448832K)->442379K(448832K) NonClass: 387491K(391104K)->387491K(391104K) Class: 54887K(57728K)->54887K(57728K)
[2024-08-15T15:58:41.380+0000][12617.325s][info][gc          ] GC(2964) Pause Young (Prepare Mixed) (G1 Evacuation Pause) 9654M->4215M(12288M) 90.596ms
[2024-08-15T15:58:41.380+0000][12617.325s][info][gc,cpu      ] GC(2964) User=0.53s Sys=0.00s Real=0.09s
[2024-08-15T15:58:41.583+0000][12617.528s][info][gc,start    ] GC(2965) Pause Young (Mixed) (G1 Evacuation Pause)
[2024-08-15T15:58:41.583+0000][12617.528s][info][gc,task     ] GC(2965) Using 6 workers of 6 for evacuation
[2024-08-15T15:58:41.683+0000][12617.627s][info][gc,phases   ] GC(2965)   Pre Evacuate Collection Set: 0.2ms
[2024-08-15T15:58:41.683+0000][12617.627s][info][gc,phases   ] GC(2965)   Merge Heap Roots: 0.4ms
[2024-08-15T15:58:41.683+0000][12617.627s][info][gc,phases   ] GC(2965)   Evacuate Collection Set: 96.5ms
[2024-08-15T15:58:41.683+0000][12617.627s][info][gc,phases   ] GC(2965)   Post Evacuate Collection Set: 2.4ms
[2024-08-15T15:58:41.683+0000][12617.627s][info][gc,phases   ] GC(2965)   Other: 0.2ms
[2024-08-15T15:58:41.683+0000][12617.627s][info][gc,heap     ] GC(2965) Eden regions: 53->0(689)
[2024-08-15T15:58:41.683+0000][12617.627s][info][gc,heap     ] GC(2965) Survivor regions: 23->5(10)
[2024-08-15T15:58:41.683+0000][12617.627s][info][gc,heap     ] GC(2965) Old regions: 499->512
[2024-08-15T15:58:41.683+0000][12617.627s][info][gc,heap     ] GC(2965) Archive regions: 2->2
[2024-08-15T15:58:41.683+0000][12617.627s][info][gc,heap     ] GC(2965) Humongous regions: 5->5
[2024-08-15T15:58:41.683+0000][12617.627s][info][gc,metaspace] GC(2965) Metaspace: 442379K(448832K)->442379K(448832K) NonClass: 387491K(391104K)->387491K(391104K) Class: 54887K(57728K)->54887K(57728K)
[2024-08-15T15:58:41.683+0000][12617.628s][info][gc          ] GC(2965) Pause Young (Mixed) (G1 Evacuation Pause) 4639M->4176M(12288M) 99.734ms
[2024-08-15T15:58:41.683+0000][12617.628s][info][gc,cpu      ] GC(2965) User=0.60s Sys=0.00s Real=0.09s
[2024-08-15T15:58:43.719+0000][12619.663s][info][gc,start    ] GC(2966) Pause Young (Normal) (G1 Evacuation Pause)
[2024-08-15T15:58:43.719+0000][12619.663s][info][gc,task     ] GC(2966) Using 6 workers of 6 for evacuation
[2024-08-15T15:58:43.778+0000][12619.723s][info][gc,phases   ] GC(2966)   Pre Evacuate Collection Set: 0.2ms
[2024-08-15T15:58:43.778+0000][12619.723s][info][gc,phases   ] GC(2966)   Merge Heap Roots: 0.3ms
[2024-08-15T15:58:43.778+0000][12619.723s][info][gc,phases   ] GC(2966)   Evacuate Collection Set: 45.5ms
[2024-08-15T15:58:43.778+0000][12619.723s][info][gc,phases   ] GC(2966)   Post Evacuate Collection Set: 13.2ms
[2024-08-15T15:58:43.778+0000][12619.723s][info][gc,phases   ] GC(2966)   Other: 0.2ms
[2024-08-15T15:58:43.778+0000][12619.723s][info][gc,heap     ] GC(2966) Eden regions: 689->0(686)
[2024-08-15T15:58:43.778+0000][12619.723s][info][gc,heap     ] GC(2966) Survivor regions: 5->8(87)
[2024-08-15T15:58:43.778+0000][12619.723s][info][gc,heap     ] GC(2966) Old regions: 512->512
[2024-08-15T15:58:43.778+0000][12619.723s][info][gc,heap     ] GC(2966) Archive regions: 2->2
[2024-08-15T15:58:43.778+0000][12619.723s][info][gc,heap     ] GC(2966) Humongous regions: 5->5
[2024-08-15T15:58:43.778+0000][12619.723s][info][gc,metaspace] GC(2966) Metaspace: 442379K(448832K)->442379K(448832K) NonClass: 387491K(391104K)->387491K(391104K) Class: 54887K(57728K)->54887K(57728K)
[2024-08-15T15:58:43.778+0000][12619.723s][info][gc          ] GC(2966) Pause Young (Normal) (G1 Evacuation Pause) 9688M->4196M(12288M) 59.383ms
[2024-08-15T15:58:43.778+0000][12619.723s][info][gc,cpu      ] GC(2966) User=0.34s Sys=0.00s Real=0.06s
[2024-08-15T15:58:45.852+0000][12621.797s][info][gc,start    ] GC(2967) Pause Young (Normal) (G1 Evacuation Pause)
[2024-08-15T15:58:45.852+0000][12621.797s][info][gc,task     ] GC(2967) Using 6 workers of 6 for evacuation
[2024-08-15T15:58:45.923+0000][12621.867s][info][gc,phases   ] GC(2967)   Pre Evacuate Collection Set: 0.2ms
[2024-08-15T15:58:45.923+0000][12621.867s][info][gc,phases   ] GC(2967)   Merge Heap Roots: 0.2ms
[2024-08-15T15:58:45.923+0000][12621.867s][info][gc,phases   ] GC(2967)   Evacuate Collection Set: 56.3ms
[2024-08-15T15:58:45.923+0000][12621.867s][info][gc,phases   ] GC(2967)   Post Evacuate Collection Set: 13.5ms
[2024-08-15T15:58:45.923+0000][12621.867s][info][gc,phases   ] GC(2967)   Other: 0.2ms
[2024-08-15T15:58:45.923+0000][12621.867s][info][gc,heap     ] GC(2967) Eden regions: 686->0(683)
[2024-08-15T15:58:45.923+0000][12621.867s][info][gc,heap     ] GC(2967) Survivor regions: 8->11(87)
[2024-08-15T15:58:45.923+0000][12621.867s][info][gc,heap     ] GC(2967) Old regions: 512->512
[2024-08-15T15:58:45.923+0000][12621.867s][info][gc,heap     ] GC(2967) Archive regions: 2->2
[2024-08-15T15:58:45.923+0000][12621.867s][info][gc,heap     ] GC(2967) Humongous regions: 5->5
[2024-08-15T15:58:45.923+0000][12621.867s][info][gc,metaspace] GC(2967) Metaspace: 442379K(448832K)->442379K(448832K) NonClass: 387491K(391104K)->387491K(391104K) Class: 54887K(57728K)->54887K(57728K)
[2024-08-15T15:58:45.923+0000][12621.867s][info][gc          ] GC(2967) Pause Young (Normal) (G1 Evacuation Pause) 9684M->4224M(12288M) 70.539ms
[2024-08-15T15:58:45.923+0000][12621.868s][info][gc,cpu      ] GC(2967) User=0.41s Sys=0.00s Real=0.07s
[2024-08-15T15:58:47.950+0000][12623.894s][info][gc,start    ] GC(2968) Pause Young (Concurrent Start) (G1 Evacuation Pause)
[2024-08-15T15:58:47.950+0000][12623.894s][info][gc,task     ] GC(2968) Using 6 workers of 6 for evacuation
[2024-08-15T15:58:48.030+0000][12623.975s][info][gc,phases   ] GC(2968)   Pre Evacuate Collection Set: 0.5ms
[2024-08-15T15:58:48.030+0000][12623.975s][info][gc,phases   ] GC(2968)   Merge Heap Roots: 0.3ms
[2024-08-15T15:58:48.030+0000][12623.975s][info][gc,phases   ] GC(2968)   Evacuate Collection Set: 64.9ms
[2024-08-15T15:58:48.030+0000][12623.975s][info][gc,phases   ] GC(2968)   Post Evacuate Collection Set: 14.8ms
[2024-08-15T15:58:48.030+0000][12623.975s][info][gc,phases   ] GC(2968)   Other: 0.3ms
[2024-08-15T15:58:48.030+0000][12623.975s][info][gc,heap     ] GC(2968) Eden regions: 683->0(680)
[2024-08-15T15:58:48.030+0000][12623.975s][info][gc,heap     ] GC(2968) Survivor regions: 11->14(87)
[2024-08-15T15:58:48.030+0000][12623.975s][info][gc,heap     ] GC(2968) Old regions: 512->512
[2024-08-15T15:58:48.030+0000][12623.975s][info][gc,heap     ] GC(2968) Archive regions: 2->2
[2024-08-15T15:58:48.030+0000][12623.975s][info][gc,heap     ] GC(2968) Humongous regions: 5->5
[2024-08-15T15:58:48.030+0000][12623.975s][info][gc,metaspace] GC(2968) Metaspace: 442379K(448832K)->442379K(448832K) NonClass: 387491K(391104K)->387491K(391104K) Class: 54887K(57728K)->54887K(57728K)
[2024-08-15T15:58:48.031+0000][12623.975s][info][gc          ] GC(2968) Pause Young (Concurrent Start) (G1 Evacuation Pause) 9688M->4245M(12288M) 80.794ms
[2024-08-15T15:58:48.031+0000][12623.975s][info][gc,cpu      ] GC(2968) User=0.46s Sys=0.00s Real=0.08s
[2024-08-15T15:58:48.031+0000][12623.975s][info][gc          ] GC(2969) Concurrent Mark Cycle
[2024-08-15T15:58:48.031+0000][12623.975s][info][gc,marking  ] GC(2969) Concurrent Clear Claimed Marks
[2024-08-15T15:58:48.031+0000][12623.976s][info][gc,marking  ] GC(2969) Concurrent Clear Claimed Marks 0.402ms
[2024-08-15T15:58:48.031+0000][12623.976s][info][gc,marking  ] GC(2969) Concurrent Scan Root Regions
[2024-08-15T15:58:48.072+0000][12624.017s][info][gc,marking  ] GC(2969) Concurrent Scan Root Regions 41.426ms
[2024-08-15T15:58:48.073+0000][12624.017s][info][gc,marking  ] GC(2969) Concurrent Mark
[2024-08-15T15:58:48.073+0000][12624.017s][info][gc,marking  ] GC(2969) Concurrent Mark From Roots
[2024-08-15T15:58:48.073+0000][12624.017s][info][gc,task     ] GC(2969) Using 2 workers of 2 for marking
[2024-08-15T15:58:50.568+0000][12626.513s][info][gc,start    ] GC(2970) Pause Young (Normal) (G1 Evacuation Pause)
[2024-08-15T15:58:50.568+0000][12626.513s][info][gc,task     ] GC(2970) Using 6 workers of 6 for evacuation
[2024-08-15T15:58:50.658+0000][12626.602s][info][gc,phases   ] GC(2970)   Pre Evacuate Collection Set: 0.2ms
[2024-08-15T15:58:50.658+0000][12626.602s][info][gc,phases   ] GC(2970)   Merge Heap Roots: 0.3ms
[2024-08-15T15:58:50.658+0000][12626.602s][info][gc,phases   ] GC(2970)   Evacuate Collection Set: 74.8ms
[2024-08-15T15:58:50.658+0000][12626.602s][info][gc,phases   ] GC(2970)   Post Evacuate Collection Set: 13.8ms
[2024-08-15T15:58:50.658+0000][12626.602s][info][gc,phases   ] GC(2970)   Other: 0.2ms
[2024-08-15T15:58:50.658+0000][12626.602s][info][gc,heap     ] GC(2970) Eden regions: 680->0(673)
[2024-08-15T15:58:50.658+0000][12626.602s][info][gc,heap     ] GC(2970) Survivor regions: 14->18(87)
[2024-08-15T15:58:50.658+0000][12626.602s][info][gc,heap     ] GC(2970) Old regions: 512->512
[2024-08-15T15:58:50.658+0000][12626.602s][info][gc,heap     ] GC(2970) Archive regions: 2->2
[2024-08-15T15:58:50.658+0000][12626.602s][info][gc,heap     ] GC(2970) Humongous regions: 5->5
[2024-08-15T15:58:50.658+0000][12626.602s][info][gc,metaspace] GC(2970) Metaspace: 442379K(448832K)->442379K(448832K) NonClass: 387491K(391104K)->387491K(391104K) Class: 54887K(57728K)->54887K(57728K)
[2024-08-15T15:58:50.658+0000][12626.602s][info][gc          ] GC(2970) Pause Young (Normal) (G1 Evacuation Pause) 9685M->4278M(12288M) 89.429ms
[2024-08-15T15:58:50.658+0000][12626.603s][info][gc,cpu      ] GC(2970) User=0.52s Sys=0.00s Real=0.09s
[2024-08-15T15:58:51.426+0000][12627.370s][info][gc,marking  ] GC(2969) Concurrent Mark From Roots 3353.089ms
[2024-08-15T15:58:51.426+0000][12627.370s][info][gc,marking  ] GC(2969) Concurrent Preclean
[2024-08-15T15:58:51.428+0000][12627.372s][info][gc,marking  ] GC(2969) Concurrent Preclean 1.933ms
[2024-08-15T15:58:51.428+0000][12627.372s][info][gc,start    ] GC(2969) Pause Remark
[2024-08-15T15:58:51.453+0000][12627.397s][info][gc          ] GC(2969) Pause Remark 5878M->5878M(12288M) 25.135ms
[2024-08-15T15:58:51.453+0000][12627.398s][info][gc,cpu      ] GC(2969) User=0.11s Sys=0.00s Real=0.02s
[2024-08-15T15:58:51.453+0000][12627.398s][info][gc,marking  ] GC(2969) Concurrent Mark 3380.517ms
[2024-08-15T15:58:51.453+0000][12627.398s][info][gc,marking  ] GC(2969) Concurrent Rebuild Remembered Sets
[2024-08-15T15:58:53.000+0000][12628.945s][info][gc,start    ] GC(2971) Pause Young (Normal) (G1 Evacuation Pause)
[2024-08-15T15:58:53.000+0000][12628.945s][info][gc,task     ] GC(2971) Using 6 workers of 6 for evacuation
[2024-08-15T15:58:53.090+0000][12629.035s][info][gc,phases   ] GC(2971)   Pre Evacuate Collection Set: 0.2ms
[2024-08-15T15:58:53.090+0000][12629.035s][info][gc,phases   ] GC(2971)   Merge Heap Roots: 0.4ms
[2024-08-15T15:58:53.090+0000][12629.035s][info][gc,phases   ] GC(2971)   Evacuate Collection Set: 74.1ms
[2024-08-15T15:58:53.090+0000][12629.035s][info][gc,phases   ] GC(2971)   Post Evacuate Collection Set: 15.4ms
[2024-08-15T15:58:53.090+0000][12629.035s][info][gc,phases   ] GC(2971)   Other: 0.2ms
[2024-08-15T15:58:53.090+0000][12629.035s][info][gc,heap     ] GC(2971) Eden regions: 673->0(667)
[2024-08-15T15:58:53.090+0000][12629.035s][info][gc,heap     ] GC(2971) Survivor regions: 18->21(87)
[2024-08-15T15:58:53.090+0000][12629.035s][info][gc,heap     ] GC(2971) Old regions: 512->512
[2024-08-15T15:58:53.090+0000][12629.035s][info][gc,heap     ] GC(2971) Archive regions: 2->2
[2024-08-15T15:58:53.090+0000][12629.035s][info][gc,heap     ] GC(2971) Humongous regions: 5->5
[2024-08-15T15:58:53.090+0000][12629.035s][info][gc,metaspace] GC(2971) Metaspace: 442379K(448832K)->442379K(448832K) NonClass: 387491K(391104K)->387491K(391104K) Class: 54887K(57728K)->54887K(57728K)
[2024-08-15T15:58:53.090+0000][12629.035s][info][gc          ] GC(2971) Pause Young (Normal) (G1 Evacuation Pause) 9662M->4304M(12288M) 90.388ms
[2024-08-15T15:58:53.090+0000][12629.035s][info][gc,cpu      ] GC(2971) User=0.52s Sys=0.00s Real=0.09s
[2024-08-15T15:58:53.565+0000][12629.510s][info][gc,marking  ] GC(2969) Concurrent Rebuild Remembered Sets 2111.940ms
[2024-08-15T15:58:53.565+0000][12629.510s][info][gc,start    ] GC(2969) Pause Cleanup
[2024-08-15T15:58:53.566+0000][12629.510s][info][gc          ] GC(2969) Pause Cleanup 5420M->5420M(12288M) 0.538ms
[2024-08-15T15:58:53.566+0000][12629.510s][info][gc,cpu      ] GC(2969) User=0.00s Sys=0.00s Real=0.00s
[2024-08-15T15:58:53.566+0000][12629.510s][info][gc,marking  ] GC(2969) Concurrent Cleanup for Next Mark
[2024-08-15T15:58:53.583+0000][12629.527s][info][gc,marking  ] GC(2969) Concurrent Cleanup for Next Mark 16.709ms
[2024-08-15T15:58:53.583+0000][12629.527s][info][gc          ] GC(2969) Concurrent Mark Cycle 5552.015ms
[2024-08-15T15:58:55.123+0000][12631.067s][info][gc,start    ] GC(2972) Pause Young (Prepare Mixed) (G1 Evacuation Pause)
[2024-08-15T15:58:55.123+0000][12631.067s][info][gc,task     ] GC(2972) Using 6 workers of 6 for evacuation
[2024-08-15T15:58:55.228+0000][12631.173s][info][gc,phases   ] GC(2972)   Pre Evacuate Collection Set: 0.2ms
[2024-08-15T15:58:55.228+0000][12631.173s][info][gc,phases   ] GC(2972)   Merge Heap Roots: 0.4ms
[2024-08-15T15:58:55.228+0000][12631.173s][info][gc,phases   ] GC(2972)   Evacuate Collection Set: 90.4ms
[2024-08-15T15:58:55.228+0000][12631.173s][info][gc,phases   ] GC(2972)   Post Evacuate Collection Set: 14.5ms
[2024-08-15T15:58:55.228+0000][12631.173s][info][gc,phases   ] GC(2972)   Other: 0.2ms
[2024-08-15T15:58:55.228+0000][12631.173s][info][gc,heap     ] GC(2972) Eden regions: 667->0(51)
[2024-08-15T15:58:55.228+0000][12631.173s][info][gc,heap     ] GC(2972) Survivor regions: 21->25(86)
[2024-08-15T15:58:55.228+0000][12631.173s][info][gc,heap     ] GC(2972) Old regions: 512->512
[2024-08-15T15:58:55.228+0000][12631.173s][info][gc,heap     ] GC(2972) Archive regions: 2->2
[2024-08-15T15:58:55.228+0000][12631.173s][info][gc,heap     ] GC(2972) Humongous regions: 5->5
[2024-08-15T15:58:55.228+0000][12631.173s][info][gc,metaspace] GC(2972) Metaspace: 442379K(448832K)->442379K(448832K) NonClass: 387491K(391104K)->387491K(391104K) Class: 54887K(57728K)->54887K(57728K)
[2024-08-15T15:58:55.228+0000][12631.173s][info][gc          ] GC(2972) Pause Young (Prepare Mixed) (G1 Evacuation Pause) 9640M->4332M(12288M) 105.751ms
[2024-08-15T15:58:55.228+0000][12631.173s][info][gc,cpu      ] GC(2972) User=0.62s Sys=0.00s Real=0.11s
[2024-08-15T15:58:55.403+0000][12631.348s][info][gc,start    ] GC(2973) Pause Young (Mixed) (G1 Evacuation Pause)
[2024-08-15T15:58:55.403+0000][12631.348s][info][gc,task     ] GC(2973) Using 6 workers of 6 for evacuation
[2024-08-15T15:58:55.509+0000][12631.453s][info][gc,phases   ] GC(2973)   Pre Evacuate Collection Set: 0.1ms
[2024-08-15T15:58:55.509+0000][12631.453s][info][gc,phases   ] GC(2973)   Merge Heap Roots: 0.4ms
[2024-08-15T15:58:55.509+0000][12631.453s][info][gc,phases   ] GC(2973)   Evacuate Collection Set: 102.7ms
[2024-08-15T15:58:55.509+0000][12631.453s][info][gc,phases   ] GC(2973)   Post Evacuate Collection Set: 2.3ms
[2024-08-15T15:58:55.509+0000][12631.453s][info][gc,phases   ] GC(2973)   Other: 0.2ms
[2024-08-15T15:58:55.509+0000][12631.453s][info][gc,heap     ] GC(2973) Eden regions: 51->0(678)
[2024-08-15T15:58:55.509+0000][12631.453s][info][gc,heap     ] GC(2973) Survivor regions: 25->6(10)
[2024-08-15T15:58:55.509+0000][12631.453s][info][gc,heap     ] GC(2973) Old regions: 512->521
[2024-08-15T15:58:55.509+0000][12631.453s][info][gc,heap     ] GC(2973) Archive regions: 2->2
[2024-08-15T15:58:55.509+0000][12631.453s][info][gc,heap     ] GC(2973) Humongous regions: 5->5
[2024-08-15T15:58:55.509+0000][12631.453s][info][gc,metaspace] GC(2973) Metaspace: 442379K(448832K)->442379K(448832K) NonClass: 387491K(391104K)->387491K(391104K) Class: 54887K(57728K)->54887K(57728K)
[2024-08-15T15:58:55.509+0000][12631.454s][info][gc          ] GC(2973) Pause Young (Mixed) (G1 Evacuation Pause) 4740M->4252M(12288M) 105.819ms
[2024-08-15T15:58:55.509+0000][12631.454s][info][gc,cpu      ] GC(2973) User=0.61s Sys=0.01s Real=0.11s
[2024-08-15T15:58:57.564+0000][12633.508s][info][gc,start    ] GC(2974) Pause Young (Normal) (G1 Evacuation Pause)
[2024-08-15T15:58:57.564+0000][12633.508s][info][gc,task     ] GC(2974) Using 6 workers of 6 for evacuation
[2024-08-15T15:58:57.623+0000][12633.568s][info][gc,phases   ] GC(2974)   Pre Evacuate Collection Set: 0.2ms
[2024-08-15T15:58:57.623+0000][12633.568s][info][gc,phases   ] GC(2974)   Merge Heap Roots: 0.3ms
[2024-08-15T15:58:57.623+0000][12633.568s][info][gc,phases   ] GC(2974)   Evacuate Collection Set: 46.6ms
[2024-08-15T15:58:57.623+0000][12633.568s][info][gc,phases   ] GC(2974)   Post Evacuate Collection Set: 12.3ms
[2024-08-15T15:58:57.623+0000][12633.568s][info][gc,phases   ] GC(2974)   Other: 0.2ms
[2024-08-15T15:58:57.623+0000][12633.568s][info][gc,heap     ] GC(2974) Eden regions: 678->0(676)
[2024-08-15T15:58:57.623+0000][12633.568s][info][gc,heap     ] GC(2974) Survivor regions: 6->8(86)
[2024-08-15T15:58:57.623+0000][12633.568s][info][gc,heap     ] GC(2974) Old regions: 521->521
[2024-08-15T15:58:57.623+0000][12633.568s][info][gc,heap     ] GC(2974) Archive regions: 2->2
[2024-08-15T15:58:57.623+0000][12633.568s][info][gc,heap     ] GC(2974) Humongous regions: 5->5
[2024-08-15T15:58:57.623+0000][12633.568s][info][gc,metaspace] GC(2974) Metaspace: 442379K(448832K)->442379K(448832K) NonClass: 387491K(391104K)->387491K(391104K) Class: 54887K(57728K)->54887K(57728K)
[2024-08-15T15:58:57.623+0000][12633.568s][info][gc          ] GC(2974) Pause Young (Normal) (G1 Evacuation Pause) 9676M->4272M(12288M) 59.595ms
[2024-08-15T15:58:57.623+0000][12633.568s][info][gc,cpu      ] GC(2974) User=0.34s Sys=0.00s Real=0.06s
[2024-08-15T15:58:59.457+0000][12635.401s][info][gc,start    ] GC(2975) Pause Young (Normal) (G1 Evacuation Pause)
[2024-08-15T15:58:59.457+0000][12635.401s][info][gc,task     ] GC(2975) Using 6 workers of 6 for evacuation
[2024-08-15T15:58:59.525+0000][12635.470s][info][gc,phases   ] GC(2975)   Pre Evacuate Collection Set: 0.2ms
[2024-08-15T15:58:59.526+0000][12635.470s][info][gc,phases   ] GC(2975)   Merge Heap Roots: 0.2ms
[2024-08-15T15:58:59.526+0000][12635.470s][info][gc,phases   ] GC(2975)   Evacuate Collection Set: 54.8ms
[2024-08-15T15:58:59.526+0000][12635.470s][info][gc,phases   ] GC(2975)   Post Evacuate Collection Set: 13.5ms
[2024-08-15T15:58:59.526+0000][12635.470s][info][gc,phases   ] GC(2975)   Other: 0.2ms
[2024-08-15T15:58:59.526+0000][12635.470s][info][gc,heap     ] GC(2975) Eden regions: 676->0(673)
[2024-08-15T15:58:59.526+0000][12635.470s][info][gc,heap     ] GC(2975) Survivor regions: 8->12(86)
[2024-08-15T15:58:59.526+0000][12635.470s][info][gc,heap     ] GC(2975) Old regions: 521->521
[2024-08-15T15:58:59.526+0000][12635.470s][info][gc,heap     ] GC(2975) Archive regions: 2->2
[2024-08-15T15:58:59.526+0000][12635.470s][info][gc,heap     ] GC(2975) Humongous regions: 5->5
[2024-08-15T15:58:59.526+0000][12635.470s][info][gc,metaspace] GC(2975) Metaspace: 442379K(448832K)->442379K(448832K) NonClass: 387491K(391104K)->387491K(391104K) Class: 54887K(57728K)->54887K(57728K)
[2024-08-15T15:58:59.526+0000][12635.470s][info][gc          ] GC(2975) Pause Young (Normal) (G1 Evacuation Pause) 9680M->4298M(12288M) 68.937ms
[2024-08-15T15:58:59.526+0000][12635.470s][info][gc,cpu      ] GC(2975) User=0.40s Sys=0.00s Real=0.07s
[2024-08-15T15:59:01.482+0000][12637.426s][info][gc,start    ] GC(2976) Pause Young (Concurrent Start) (G1 Evacuation Pause)
[2024-08-15T15:59:01.482+0000][12637.426s][info][gc,task     ] GC(2976) Using 6 workers of 6 for evacuation
[2024-08-15T15:59:01.563+0000][12637.508s][info][gc,phases   ] GC(2976)   Pre Evacuate Collection Set: 0.6ms
[2024-08-15T15:59:01.563+0000][12637.508s][info][gc,phases   ] GC(2976)   Merge Heap Roots: 0.3ms
[2024-08-15T15:59:01.563+0000][12637.508s][info][gc,phases   ] GC(2976)   Evacuate Collection Set: 66.8ms
[2024-08-15T15:59:01.563+0000][12637.508s][info][gc,phases   ] GC(2976)   Post Evacuate Collection Set: 13.8ms
[2024-08-15T15:59:01.563+0000][12637.508s][info][gc,phases   ] GC(2976)   Other: 0.3ms
[2024-08-15T15:59:01.563+0000][12637.508s][info][gc,heap     ] GC(2976) Eden regions: 673->0(670)
[2024-08-15T15:59:01.563+0000][12637.508s][info][gc,heap     ] GC(2976) Survivor regions: 12->15(86)
[2024-08-15T15:59:01.563+0000][12637.508s][info][gc,heap     ] GC(2976) Old regions: 521->521
[2024-08-15T15:59:01.563+0000][12637.508s][info][gc,heap     ] GC(2976) Archive regions: 2->2
[2024-08-15T15:59:01.563+0000][12637.508s][info][gc,heap     ] GC(2976) Humongous regions: 5->5
[2024-08-15T15:59:01.563+0000][12637.508s][info][gc,metaspace] GC(2976) Metaspace: 442379K(448832K)->442379K(448832K) NonClass: 387491K(391104K)->387491K(391104K) Class: 54887K(57728K)->54887K(57728K)
[2024-08-15T15:59:01.563+0000][12637.508s][info][gc          ] GC(2976) Pause Young (Concurrent Start) (G1 Evacuation Pause) 9682M->4323M(12288M) 81.824ms
[2024-08-15T15:59:01.564+0000][12637.508s][info][gc,cpu      ] GC(2976) User=0.47s Sys=0.00s Real=0.09s
[2024-08-15T15:59:01.564+0000][12637.508s][info][gc          ] GC(2977) Concurrent Mark Cycle
[2024-08-15T15:59:01.564+0000][12637.508s][info][gc,marking  ] GC(2977) Concurrent Clear Claimed Marks
[2024-08-15T15:59:01.564+0000][12637.509s][info][gc,marking  ] GC(2977) Concurrent Clear Claimed Marks 0.396ms
[2024-08-15T15:59:01.564+0000][12637.509s][info][gc,marking  ] GC(2977) Concurrent Scan Root Regions
[2024-08-15T15:59:01.610+0000][12637.554s][info][gc,marking  ] GC(2977) Concurrent Scan Root Regions 45.785ms
[2024-08-15T15:59:01.610+0000][12637.554s][info][gc,marking  ] GC(2977) Concurrent Mark
[2024-08-15T15:59:01.610+0000][12637.554s][info][gc,marking  ] GC(2977) Concurrent Mark From Roots
[2024-08-15T15:59:01.610+0000][12637.554s][info][gc,task     ] GC(2977) Using 2 workers of 2 for marking
[2024-08-15T15:59:03.971+0000][12639.916s][info][gc,start    ] GC(2978) Pause Young (Normal) (G1 Evacuation Pause)
[2024-08-15T15:59:03.971+0000][12639.916s][info][gc,task     ] GC(2978) Using 6 workers of 6 for evacuation
[2024-08-15T15:59:04.068+0000][12640.012s][info][gc,phases   ] GC(2978)   Pre Evacuate Collection Set: 0.2ms
[2024-08-15T15:59:04.068+0000][12640.012s][info][gc,phases   ] GC(2978)   Merge Heap Roots: 0.3ms
[2024-08-15T15:59:04.068+0000][12640.012s][info][gc,phases   ] GC(2978)   Evacuate Collection Set: 80.7ms
[2024-08-15T15:59:04.068+0000][12640.012s][info][gc,phases   ] GC(2978)   Post Evacuate Collection Set: 15.4ms
[2024-08-15T15:59:04.068+0000][12640.012s][info][gc,phases   ] GC(2978)   Other: 0.2ms
[2024-08-15T15:59:04.068+0000][12640.012s][info][gc,heap     ] GC(2978) Eden regions: 670->0(662)
[2024-08-15T15:59:04.068+0000][12640.012s][info][gc,heap     ] GC(2978) Survivor regions: 15->19(86)
[2024-08-15T15:59:04.068+0000][12640.012s][info][gc,heap     ] GC(2978) Old regions: 521->521
[2024-08-15T15:59:04.068+0000][12640.012s][info][gc,heap     ] GC(2978) Archive regions: 2->2
[2024-08-15T15:59:04.068+0000][12640.012s][info][gc,heap     ] GC(2978) Humongous regions: 5->5
[2024-08-15T15:59:04.068+0000][12640.012s][info][gc,metaspace] GC(2978) Metaspace: 442379K(448832K)->442379K(448832K) NonClass: 387491K(391104K)->387491K(391104K) Class: 54887K(57728K)->54887K(57728K)
[2024-08-15T15:59:04.068+0000][12640.012s][info][gc          ] GC(2978) Pause Young (Normal) (G1 Evacuation Pause) 9683M->4359M(12288M) 96.859ms
[2024-08-15T15:59:04.068+0000][12640.012s][info][gc,cpu      ] GC(2978) User=0.56s Sys=0.00s Real=0.10s
[2024-08-15T15:59:05.056+0000][12641.001s][info][gc,marking  ] GC(2977) Concurrent Mark From Roots 3446.312ms
[2024-08-15T15:59:05.056+0000][12641.001s][info][gc,marking  ] GC(2977) Concurrent Preclean
[2024-08-15T15:59:05.058+0000][12641.003s][info][gc,marking  ] GC(2977) Concurrent Preclean 2.031ms
[2024-08-15T15:59:05.058+0000][12641.003s][info][gc,start    ] GC(2977) Pause Remark
[2024-08-15T15:59:05.082+0000][12641.027s][info][gc          ] GC(2977) Pause Remark 6539M->6539M(12288M) 23.612ms
[2024-08-15T15:59:05.082+0000][12641.027s][info][gc,cpu      ] GC(2977) User=0.09s Sys=0.00s Real=0.02s
[2024-08-15T15:59:05.082+0000][12641.027s][info][gc,marking  ] GC(2977) Concurrent Mark 3472.356ms
[2024-08-15T15:59:05.082+0000][12641.027s][info][gc,marking  ] GC(2977) Concurrent Rebuild Remembered Sets
[2024-08-15T15:59:06.445+0000][12642.390s][info][gc,start    ] GC(2979) Pause Young (Normal) (G1 Evacuation Pause)
[2024-08-15T15:59:06.445+0000][12642.390s][info][gc,task     ] GC(2979) Using 6 workers of 6 for evacuation
[2024-08-15T15:59:06.550+0000][12642.494s][info][gc,phases   ] GC(2979)   Pre Evacuate Collection Set: 0.2ms
[2024-08-15T15:59:06.550+0000][12642.494s][info][gc,phases   ] GC(2979)   Merge Heap Roots: 0.8ms
[2024-08-15T15:59:06.550+0000][12642.494s][info][gc,phases   ] GC(2979)   Evacuate Collection Set: 87.6ms
[2024-08-15T15:59:06.550+0000][12642.494s][info][gc,phases   ] GC(2979)   Post Evacuate Collection Set: 15.7ms
[2024-08-15T15:59:06.550+0000][12642.494s][info][gc,phases   ] GC(2979)   Other: 0.2ms
[2024-08-15T15:59:06.550+0000][12642.494s][info][gc,heap     ] GC(2979) Eden regions: 662->0(656)
[2024-08-15T15:59:06.550+0000][12642.494s][info][gc,heap     ] GC(2979) Survivor regions: 19->22(86)
[2024-08-15T15:59:06.550+0000][12642.494s][info][gc,heap     ] GC(2979) Old regions: 521->521
[2024-08-15T15:59:06.550+0000][12642.494s][info][gc,heap     ] GC(2979) Archive regions: 2->2
[2024-08-15T15:59:06.550+0000][12642.494s][info][gc,heap     ] GC(2979) Humongous regions: 5->5
[2024-08-15T15:59:06.550+0000][12642.494s][info][gc,metaspace] GC(2979) Metaspace: 442379K(448832K)->442379K(448832K) NonClass: 387491K(391104K)->387491K(391104K) Class: 54887K(57728K)->54887K(57728K)
[2024-08-15T15:59:06.550+0000][12642.494s][info][gc          ] GC(2979) Pause Young (Normal) (G1 Evacuation Pause) 9655M->4384M(12288M) 104.548ms
[2024-08-15T15:59:06.550+0000][12642.494s][info][gc,cpu      ] GC(2979) User=0.61s Sys=0.00s Real=0.10s
[2024-08-15T15:59:07.292+0000][12643.237s][info][gc,marking  ] GC(2977) Concurrent Rebuild Remembered Sets 2209.661ms
[2024-08-15T15:59:07.292+0000][12643.237s][info][gc,start    ] GC(2977) Pause Cleanup
[2024-08-15T15:59:07.293+0000][12643.237s][info][gc          ] GC(2977) Pause Cleanup 6188M->6188M(12288M) 0.613ms
[2024-08-15T15:59:07.293+0000][12643.237s][info][gc,cpu      ] GC(2977) User=0.00s Sys=0.00s Real=0.00s
[2024-08-15T15:59:07.293+0000][12643.237s][info][gc,marking  ] GC(2977) Concurrent Cleanup for Next Mark
[2024-08-15T15:59:07.311+0000][12643.256s][info][gc,marking  ] GC(2977) Concurrent Cleanup for Next Mark 18.179ms
[2024-08-15T15:59:07.311+0000][12643.256s][info][gc          ] GC(2977) Concurrent Mark Cycle 5747.538ms
[2024-08-15T15:59:08.552+0000][12644.497s][info][gc,start    ] GC(2980) Pause Young (Prepare Mixed) (G1 Evacuation Pause)
[2024-08-15T15:59:08.552+0000][12644.497s][info][gc,task     ] GC(2980) Using 6 workers of 6 for evacuation
[2024-08-15T15:59:08.630+0000][12644.575s][info][gc,phases   ] GC(2980)   Pre Evacuate Collection Set: 0.2ms
[2024-08-15T15:59:08.630+0000][12644.575s][info][gc,phases   ] GC(2980)   Merge Heap Roots: 0.4ms
[2024-08-15T15:59:08.630+0000][12644.575s][info][gc,phases   ] GC(2980)   Evacuate Collection Set: 70.4ms
[2024-08-15T15:59:08.630+0000][12644.575s][info][gc,phases   ] GC(2980)   Post Evacuate Collection Set: 7.1ms
[2024-08-15T15:59:08.630+0000][12644.575s][info][gc,phases   ] GC(2980)   Other: 0.2ms
[2024-08-15T15:59:08.631+0000][12644.575s][info][gc,heap     ] GC(2980) Eden regions: 656->0(53)
[2024-08-15T15:59:08.631+0000][12644.575s][info][gc,heap     ] GC(2980) Survivor regions: 22->23(85)
[2024-08-15T15:59:08.631+0000][12644.575s][info][gc,heap     ] GC(2980) Old regions: 521->521
[2024-08-15T15:59:08.631+0000][12644.575s][info][gc,heap     ] GC(2980) Archive regions: 2->2
[2024-08-15T15:59:08.631+0000][12644.575s][info][gc,heap     ] GC(2980) Humongous regions: 5->5
[2024-08-15T15:59:08.631+0000][12644.575s][info][gc,metaspace] GC(2980) Metaspace: 442379K(448832K)->442379K(448832K) NonClass: 387491K(391104K)->387491K(391104K) Class: 54887K(57728K)->54887K(57728K)
[2024-08-15T15:59:08.631+0000][12644.575s][info][gc          ] GC(2980) Pause Young (Prepare Mixed) (G1 Evacuation Pause) 9632M->4388M(12288M) 78.336ms
[2024-08-15T15:59:08.631+0000][12644.575s][info][gc,cpu      ] GC(2980) User=0.46s Sys=0.00s Real=0.08s
[2024-08-15T15:59:08.833+0000][12644.778s][info][gc,start    ] GC(2981) Pause Young (Mixed) (G1 Evacuation Pause)
[2024-08-15T15:59:08.833+0000][12644.778s][info][gc,task     ] GC(2981) Using 6 workers of 6 for evacuation
[2024-08-15T15:59:08.933+0000][12644.878s][info][gc,phases   ] GC(2981)   Pre Evacuate Collection Set: 0.1ms
[2024-08-15T15:59:08.933+0000][12644.878s][info][gc,phases   ] GC(2981)   Merge Heap Roots: 0.3ms
[2024-08-15T15:59:08.933+0000][12644.878s][info][gc,phases   ] GC(2981)   Evacuate Collection Set: 97.5ms
[2024-08-15T15:59:08.933+0000][12644.878s][info][gc,phases   ] GC(2981)   Post Evacuate Collection Set: 2.2ms
[2024-08-15T15:59:08.933+0000][12644.878s][info][gc,phases   ] GC(2981)   Other: 0.2ms
[2024-08-15T15:59:08.933+0000][12644.878s][info][gc,heap     ] GC(2981) Eden regions: 53->0(676)
[2024-08-15T15:59:08.933+0000][12644.878s][info][gc,heap     ] GC(2981) Survivor regions: 23->3(10)
[2024-08-15T15:59:08.933+0000][12644.878s][info][gc,heap     ] GC(2981) Old regions: 521->528
[2024-08-15T15:59:08.933+0000][12644.878s][info][gc,heap     ] GC(2981) Archive regions: 2->2
[2024-08-15T15:59:08.933+0000][12644.878s][info][gc,heap     ] GC(2981) Humongous regions: 5->5
[2024-08-15T15:59:08.933+0000][12644.878s][info][gc,metaspace] GC(2981) Metaspace: 442379K(448832K)->442379K(448832K) NonClass: 387491K(391104K)->387491K(391104K) Class: 54887K(57728K)->54887K(57728K)
[2024-08-15T15:59:08.933+0000][12644.878s][info][gc          ] GC(2981) Pause Young (Mixed) (G1 Evacuation Pause) 4812M->4291M(12288M) 100.432ms
[2024-08-15T15:59:08.934+0000][12644.878s][info][gc,cpu      ] GC(2981) User=0.59s Sys=0.01s Real=0.10s
[2024-08-15T15:59:10.832+0000][12646.776s][info][gc,start    ] GC(2982) Pause Young (Normal) (G1 Evacuation Pause)
[2024-08-15T15:59:10.832+0000][12646.776s][info][gc,task     ] GC(2982) Using 6 workers of 6 for evacuation
[2024-08-15T15:59:10.872+0000][12646.816s][info][gc,phases   ] GC(2982)   Pre Evacuate Collection Set: 0.2ms
[2024-08-15T15:59:10.872+0000][12646.816s][info][gc,phases   ] GC(2982)   Merge Heap Roots: 0.3ms
[2024-08-15T15:59:10.872+0000][12646.816s][info][gc,phases   ] GC(2982)   Evacuate Collection Set: 30.7ms
[2024-08-15T15:59:10.872+0000][12646.816s][info][gc,phases   ] GC(2982)   Post Evacuate Collection Set: 9.0ms
[2024-08-15T15:59:10.872+0000][12646.816s][info][gc,phases   ] GC(2982)   Other: 0.2ms
[2024-08-15T15:59:10.872+0000][12646.816s][info][gc,heap     ] GC(2982) Eden regions: 676->0(675)
[2024-08-15T15:59:10.872+0000][12646.816s][info][gc,heap     ] GC(2982) Survivor regions: 3->5(85)
[2024-08-15T15:59:10.872+0000][12646.816s][info][gc,heap     ] GC(2982) Old regions: 528->528
[2024-08-15T15:59:10.872+0000][12646.816s][info][gc,heap     ] GC(2982) Archive regions: 2->2
[2024-08-15T15:59:10.872+0000][12646.816s][info][gc,heap     ] GC(2982) Humongous regions: 5->5
[2024-08-15T15:59:10.872+0000][12646.816s][info][gc,metaspace] GC(2982) Metaspace: 442379K(448832K)->442379K(448832K) NonClass: 387491K(391104K)->387491K(391104K) Class: 54887K(57728K)->54887K(57728K)
[2024-08-15T15:59:10.872+0000][12646.816s][info][gc          ] GC(2982) Pause Young (Normal) (G1 Evacuation Pause) 9699M->4307M(12288M) 40.339ms
[2024-08-15T15:59:10.872+0000][12646.817s][info][gc,cpu      ] GC(2982) User=0.23s Sys=0.00s Real=0.04s
[2024-08-15T15:59:12.772+0000][12648.717s][info][gc,start    ] GC(2983) Pause Young (Normal) (G1 Evacuation Pause)
[2024-08-15T15:59:12.772+0000][12648.717s][info][gc,task     ] GC(2983) Using 6 workers of 6 for evacuation
[2024-08-15T15:59:12.812+0000][12648.757s][info][gc,phases   ] GC(2983)   Pre Evacuate Collection Set: 0.2ms
[2024-08-15T15:59:12.812+0000][12648.757s][info][gc,phases   ] GC(2983)   Merge Heap Roots: 0.2ms
[2024-08-15T15:59:12.812+0000][12648.757s][info][gc,phases   ] GC(2983)   Evacuate Collection Set: 32.2ms
[2024-08-15T15:59:12.812+0000][12648.757s][info][gc,phases   ] GC(2983)   Post Evacuate Collection Set: 7.3ms
[2024-08-15T15:59:12.812+0000][12648.757s][info][gc,phases   ] GC(2983)   Other: 0.2ms
[2024-08-15T15:59:12.812+0000][12648.757s][info][gc,heap     ] GC(2983) Eden regions: 675->0(673)
[2024-08-15T15:59:12.812+0000][12648.757s][info][gc,heap     ] GC(2983) Survivor regions: 5->7(85)
[2024-08-15T15:59:12.812+0000][12648.757s][info][gc,heap     ] GC(2983) Old regions: 528->528
[2024-08-15T15:59:12.812+0000][12648.757s][info][gc,heap     ] GC(2983) Archive regions: 2->2
[2024-08-15T15:59:12.812+0000][12648.757s][info][gc,heap     ] GC(2983) Humongous regions: 5->5
[2024-08-15T15:59:12.812+0000][12648.757s][info][gc,metaspace] GC(2983) Metaspace: 442379K(448832K)->442379K(448832K) NonClass: 387491K(391104K)->387491K(391104K) Class: 54887K(57728K)->54887K(57728K)
[2024-08-15T15:59:12.812+0000][12648.757s][info][gc          ] GC(2983) Pause Young (Normal) (G1 Evacuation Pause) 9707M->4322M(12288M) 40.148ms
[2024-08-15T15:59:12.812+0000][12648.757s][info][gc,cpu      ] GC(2983) User=0.23s Sys=0.00s Real=0.04s
[2024-08-15T15:59:16.087+0000][12652.032s][info][gc,start    ] GC(2984) Pause Young (Concurrent Start) (G1 Evacuation Pause)
[2024-08-15T15:59:16.087+0000][12652.032s][info][gc,task     ] GC(2984) Using 6 workers of 6 for evacuation
[2024-08-15T15:59:16.126+0000][12652.071s][info][gc,phases   ] GC(2984)   Pre Evacuate Collection Set: 0.5ms
[2024-08-15T15:59:16.126+0000][12652.071s][info][gc,phases   ] GC(2984)   Merge Heap Roots: 0.6ms
[2024-08-15T15:59:16.126+0000][12652.071s][info][gc,phases   ] GC(2984)   Evacuate Collection Set: 36.0ms
[2024-08-15T15:59:16.126+0000][12652.071s][info][gc,phases   ] GC(2984)   Post Evacuate Collection Set: 1.7ms
[2024-08-15T15:59:16.126+0000][12652.071s][info][gc,phases   ] GC(2984)   Other: 0.3ms
[2024-08-15T15:59:16.126+0000][12652.071s][info][gc,heap     ] GC(2984) Eden regions: 673->0(672)
[2024-08-15T15:59:16.126+0000][12652.071s][info][gc,heap     ] GC(2984) Survivor regions: 7->9(85)
[2024-08-15T15:59:16.126+0000][12652.071s][info][gc,heap     ] GC(2984) Old regions: 528->528
[2024-08-15T15:59:16.126+0000][12652.071s][info][gc,heap     ] GC(2984) Archive regions: 2->2
[2024-08-15T15:59:16.126+0000][12652.071s][info][gc,heap     ] GC(2984) Humongous regions: 5->5
[2024-08-15T15:59:16.126+0000][12652.071s][info][gc,metaspace] GC(2984) Metaspace: 442379K(448832K)->442379K(448832K) NonClass: 387491K(391104K)->387491K(391104K) Class: 54887K(57728K)->54887K(57728K)
[2024-08-15T15:59:16.126+0000][12652.071s][info][gc          ] GC(2984) Pause Young (Concurrent Start) (G1 Evacuation Pause) 9706M->4335M(12288M) 39.264ms
[2024-08-15T15:59:16.126+0000][12652.071s][info][gc,cpu      ] GC(2984) User=0.22s Sys=0.01s Real=0.04s
[2024-08-15T15:59:16.126+0000][12652.071s][info][gc          ] GC(2985) Concurrent Mark Cycle
[2024-08-15T15:59:16.126+0000][12652.071s][info][gc,marking  ] GC(2985) Concurrent Clear Claimed Marks
[2024-08-15T15:59:16.127+0000][12652.071s][info][gc,marking  ] GC(2985) Concurrent Clear Claimed Marks 0.406ms
[2024-08-15T15:59:16.127+0000][12652.071s][info][gc,marking  ] GC(2985) Concurrent Scan Root Regions
[2024-08-15T15:59:16.152+0000][12652.097s][info][gc,marking  ] GC(2985) Concurrent Scan Root Regions 25.043ms
[2024-08-15T15:59:16.152+0000][12652.097s][info][gc,marking  ] GC(2985) Concurrent Mark
[2024-08-15T15:59:16.152+0000][12652.097s][info][gc,marking  ] GC(2985) Concurrent Mark From Roots
[2024-08-15T15:59:16.152+0000][12652.097s][info][gc,task     ] GC(2985) Using 2 workers of 2 for marking
[2024-08-15T15:59:19.108+0000][12655.053s][info][gc,start    ] GC(2986) Pause Young (Normal) (G1 Evacuation Pause)
[2024-08-15T15:59:19.109+0000][12655.053s][info][gc,task     ] GC(2986) Using 6 workers of 6 for evacuation
[2024-08-15T15:59:19.136+0000][12655.080s][info][gc,phases   ] GC(2986)   Pre Evacuate Collection Set: 0.2ms
[2024-08-15T15:59:19.136+0000][12655.080s][info][gc,phases   ] GC(2986)   Merge Heap Roots: 0.3ms
[2024-08-15T15:59:19.136+0000][12655.080s][info][gc,phases   ] GC(2986)   Evacuate Collection Set: 24.7ms
[2024-08-15T15:59:19.136+0000][12655.080s][info][gc,phases   ] GC(2986)   Post Evacuate Collection Set: 1.7ms
[2024-08-15T15:59:19.136+0000][12655.080s][info][gc,phases   ] GC(2986)   Other: 0.2ms
[2024-08-15T15:59:19.136+0000][12655.080s][info][gc,heap     ] GC(2986) Eden regions: 672->0(672)
[2024-08-15T15:59:19.136+0000][12655.080s][info][gc,heap     ] GC(2986) Survivor regions: 9->10(86)
[2024-08-15T15:59:19.136+0000][12655.080s][info][gc,heap     ] GC(2986) Old regions: 528->528
[2024-08-15T15:59:19.136+0000][12655.080s][info][gc,heap     ] GC(2986) Archive regions: 2->2
[2024-08-15T15:59:19.136+0000][12655.080s][info][gc,heap     ] GC(2986) Humongous regions: 5->5
[2024-08-15T15:59:19.136+0000][12655.080s][info][gc,metaspace] GC(2986) Metaspace: 442379K(448832K)->442379K(448832K) NonClass: 387491K(391104K)->387491K(391104K) Class: 54887K(57728K)->54887K(57728K)
[2024-08-15T15:59:19.136+0000][12655.080s][info][gc          ] GC(2986) Pause Young (Normal) (G1 Evacuation Pause) 9711M->4347M(12288M) 27.154ms
[2024-08-15T15:59:19.136+0000][12655.080s][info][gc,cpu      ] GC(2986) User=0.16s Sys=0.00s Real=0.03s
[2024-08-15T15:59:19.607+0000][12655.552s][info][gc,marking  ] GC(2985) Concurrent Mark From Roots 3455.191ms
[2024-08-15T15:59:19.607+0000][12655.552s][info][gc,marking  ] GC(2985) Concurrent Preclean
[2024-08-15T15:59:19.609+0000][12655.554s][info][gc,marking  ] GC(2985) Concurrent Preclean 1.879ms
[2024-08-15T15:59:19.609+0000][12655.554s][info][gc,start    ] GC(2985) Pause Remark
[2024-08-15T15:59:19.633+0000][12655.577s][info][gc          ] GC(2985) Pause Remark 5323M->5323M(12288M) 23.516ms
[2024-08-15T15:59:19.633+0000][12655.577s][info][gc,cpu      ] GC(2985) User=0.10s Sys=0.00s Real=0.02s
[2024-08-15T15:59:19.633+0000][12655.578s][info][gc,marking  ] GC(2985) Concurrent Mark 3480.953ms
[2024-08-15T15:59:19.633+0000][12655.578s][info][gc,marking  ] GC(2985) Concurrent Rebuild Remembered Sets
[2024-08-15T15:59:21.634+0000][12657.579s][info][gc,marking  ] GC(2985) Concurrent Rebuild Remembered Sets 2001.032ms
[2024-08-15T15:59:21.634+0000][12657.579s][info][gc,start    ] GC(2985) Pause Cleanup
[2024-08-15T15:59:21.635+0000][12657.580s][info][gc          ] GC(2985) Pause Cleanup 9063M->9063M(12288M) 0.651ms
[2024-08-15T15:59:21.635+0000][12657.580s][info][gc,cpu      ] GC(2985) User=0.00s Sys=0.00s Real=0.00s
[2024-08-15T15:59:21.635+0000][12657.580s][info][gc,marking  ] GC(2985) Concurrent Cleanup for Next Mark
[2024-08-15T15:59:21.664+0000][12657.608s][info][gc,marking  ] GC(2985) Concurrent Cleanup for Next Mark 28.732ms
[2024-08-15T15:59:21.664+0000][12657.608s][info][gc          ] GC(2985) Concurrent Mark Cycle 5537.445ms
[2024-08-15T15:59:22.211+0000][12658.156s][info][gc,start    ] GC(2987) Pause Young (Prepare Mixed) (G1 Evacuation Pause)
[2024-08-15T15:59:22.211+0000][12658.156s][info][gc,task     ] GC(2987) Using 6 workers of 6 for evacuation
[2024-08-15T15:59:22.237+0000][12658.182s][info][gc,phases   ] GC(2987)   Pre Evacuate Collection Set: 0.2ms
[2024-08-15T15:59:22.237+0000][12658.182s][info][gc,phases   ] GC(2987)   Merge Heap Roots: 0.3ms
[2024-08-15T15:59:22.237+0000][12658.182s][info][gc,phases   ] GC(2987)   Evacuate Collection Set: 23.9ms
[2024-08-15T15:59:22.237+0000][12658.182s][info][gc,phases   ] GC(2987)   Post Evacuate Collection Set: 1.7ms
[2024-08-15T15:59:22.237+0000][12658.182s][info][gc,phases   ] GC(2987)   Other: 0.2ms
[2024-08-15T15:59:22.237+0000][12658.182s][info][gc,heap     ] GC(2987) Eden regions: 672->0(65)
[2024-08-15T15:59:22.237+0000][12658.182s][info][gc,heap     ] GC(2987) Survivor regions: 10->11(86)
[2024-08-15T15:59:22.237+0000][12658.182s][info][gc,heap     ] GC(2987) Old regions: 528->528
[2024-08-15T15:59:22.237+0000][12658.182s][info][gc,heap     ] GC(2987) Archive regions: 2->2
[2024-08-15T15:59:22.237+0000][12658.182s][info][gc,heap     ] GC(2987) Humongous regions: 5->5
[2024-08-15T15:59:22.237+0000][12658.182s][info][gc,metaspace] GC(2987) Metaspace: 442379K(448832K)->442379K(448832K) NonClass: 387491K(391104K)->387491K(391104K) Class: 54887K(57728K)->54887K(57728K)
[2024-08-15T15:59:22.238+0000][12658.182s][info][gc          ] GC(2987) Pause Young (Prepare Mixed) (G1 Evacuation Pause) 9723M->4351M(12288M) 26.273ms
[2024-08-15T15:59:22.238+0000][12658.182s][info][gc,cpu      ] GC(2987) User=0.15s Sys=0.01s Real=0.03s
[2024-08-15T15:59:22.656+0000][12658.601s][info][gc,start    ] GC(2988) Pause Young (Mixed) (G1 Evacuation Pause)
[2024-08-15T15:59:22.656+0000][12658.601s][info][gc,task     ] GC(2988) Using 6 workers of 6 for evacuation
[2024-08-15T15:59:22.713+0000][12658.658s][info][gc,phases   ] GC(2988)   Pre Evacuate Collection Set: 0.2ms
[2024-08-15T15:59:22.713+0000][12658.658s][info][gc,phases   ] GC(2988)   Merge Heap Roots: 0.4ms
[2024-08-15T15:59:22.713+0000][12658.658s][info][gc,phases   ] GC(2988)   Evacuate Collection Set: 55.0ms
[2024-08-15T15:59:22.713+0000][12658.658s][info][gc,phases   ] GC(2988)   Post Evacuate Collection Set: 1.3ms
[2024-08-15T15:59:22.713+0000][12658.658s][info][gc,phases   ] GC(2988)   Other: 0.2ms
[2024-08-15T15:59:22.713+0000][12658.658s][info][gc,heap     ] GC(2988) Eden regions: 65->0(684)
[2024-08-15T15:59:22.713+0000][12658.658s][info][gc,heap     ] GC(2988) Survivor regions: 11->6(10)
[2024-08-15T15:59:22.713+0000][12658.658s][info][gc,heap     ] GC(2988) Old regions: 528->520
[2024-08-15T15:59:22.713+0000][12658.658s][info][gc,heap     ] GC(2988) Archive regions: 2->2
[2024-08-15T15:59:22.713+0000][12658.658s][info][gc,heap     ] GC(2988) Humongous regions: 5->5
[2024-08-15T15:59:22.713+0000][12658.658s][info][gc,metaspace] GC(2988) Metaspace: 442379K(448832K)->442379K(448832K) NonClass: 387491K(391104K)->387491K(391104K) Class: 54887K(57728K)->54887K(57728K)
[2024-08-15T15:59:22.713+0000][12658.658s][info][gc          ] GC(2988) Pause Young (Mixed) (G1 Evacuation Pause) 4871M->4251M(12288M) 57.096ms
[2024-08-15T15:59:22.713+0000][12658.658s][info][gc,cpu      ] GC(2988) User=0.34s Sys=0.00s Real=0.05s
[2024-08-15T15:59:27.310+0000][12663.255s][info][gc,start    ] GC(2989) Pause Young (Normal) (G1 Evacuation Pause)
[2024-08-15T15:59:27.310+0000][12663.255s][info][gc,task     ] GC(2989) Using 6 workers of 6 for evacuation
[2024-08-15T15:59:27.323+0000][12663.268s][info][gc,phases   ] GC(2989)   Pre Evacuate Collection Set: 0.2ms
[2024-08-15T15:59:27.324+0000][12663.268s][info][gc,phases   ] GC(2989)   Merge Heap Roots: 0.2ms
[2024-08-15T15:59:27.324+0000][12663.268s][info][gc,phases   ] GC(2989)   Evacuate Collection Set: 11.2ms
[2024-08-15T15:59:27.324+0000][12663.268s][info][gc,phases   ] GC(2989)   Post Evacuate Collection Set: 1.7ms
[2024-08-15T15:59:27.324+0000][12663.268s][info][gc,phases   ] GC(2989)   Other: 0.2ms
[2024-08-15T15:59:27.324+0000][12663.268s][info][gc,heap     ] GC(2989) Eden regions: 684->0(682)
[2024-08-15T15:59:27.324+0000][12663.268s][info][gc,heap     ] GC(2989) Survivor regions: 6->8(87)
[2024-08-15T15:59:27.324+0000][12663.268s][info][gc,heap     ] GC(2989) Old regions: 520->520
[2024-08-15T15:59:27.324+0000][12663.268s][info][gc,heap     ] GC(2989) Archive regions: 2->2
[2024-08-15T15:59:27.324+0000][12663.268s][info][gc,heap     ] GC(2989) Humongous regions: 5->5
[2024-08-15T15:59:27.324+0000][12663.268s][info][gc,metaspace] GC(2989) Metaspace: 442379K(448832K)->442379K(448832K) NonClass: 387491K(391104K)->387491K(391104K) Class: 54887K(57728K)->54887K(57728K)
[2024-08-15T15:59:27.324+0000][12663.268s][info][gc          ] GC(2989) Pause Young (Normal) (G1 Evacuation Pause) 9723M->4265M(12288M) 13.510ms
[2024-08-15T15:59:27.324+0000][12663.268s][info][gc,cpu      ] GC(2989) User=0.08s Sys=0.00s Real=0.02s
[2024-08-15T15:59:31.737+0000][12667.682s][info][gc,start    ] GC(2990) Pause Young (Normal) (G1 Evacuation Pause)
[2024-08-15T15:59:31.737+0000][12667.682s][info][gc,task     ] GC(2990) Using 6 workers of 6 for evacuation
[2024-08-15T15:59:31.753+0000][12667.697s][info][gc,phases   ] GC(2990)   Pre Evacuate Collection Set: 0.2ms
[2024-08-15T15:59:31.753+0000][12667.697s][info][gc,phases   ] GC(2990)   Merge Heap Roots: 0.2ms
[2024-08-15T15:59:31.753+0000][12667.697s][info][gc,phases   ] GC(2990)   Evacuate Collection Set: 13.2ms
[2024-08-15T15:59:31.753+0000][12667.697s][info][gc,phases   ] GC(2990)   Post Evacuate Collection Set: 2.0ms
[2024-08-15T15:59:31.753+0000][12667.697s][info][gc,phases   ] GC(2990)   Other: 0.2ms
[2024-08-15T15:59:31.753+0000][12667.697s][info][gc,heap     ] GC(2990) Eden regions: 682->0(683)
[2024-08-15T15:59:31.753+0000][12667.697s][info][gc,heap     ] GC(2990) Survivor regions: 8->7(87)
[2024-08-15T15:59:31.753+0000][12667.697s][info][gc,heap     ] GC(2990) Old regions: 520->520
[2024-08-15T15:59:31.753+0000][12667.697s][info][gc,heap     ] GC(2990) Archive regions: 2->2
[2024-08-15T15:59:31.753+0000][12667.697s][info][gc,heap     ] GC(2990) Humongous regions: 5->5
[2024-08-15T15:59:31.753+0000][12667.697s][info][gc,metaspace] GC(2990) Metaspace: 442407K(448832K)->442407K(448832K) NonClass: 387519K(391104K)->387519K(391104K) Class: 54887K(57728K)->54887K(57728K)
[2024-08-15T15:59:31.753+0000][12667.697s][info][gc          ] GC(2990) Pause Young (Normal) (G1 Evacuation Pause) 9721M->4259M(12288M) 15.979ms
[2024-08-15T15:59:31.753+0000][12667.698s][info][gc,cpu      ] GC(2990) User=0.09s Sys=0.00s Real=0.01s
[2024-08-15T15:59:36.289+0000][12672.234s][info][gc,start    ] GC(2991) Pause Young (Concurrent Start) (G1 Evacuation Pause)
[2024-08-15T15:59:36.290+0000][12672.234s][info][gc,task     ] GC(2991) Using 6 workers of 6 for evacuation
[2024-08-15T15:59:36.308+0000][12672.252s][info][gc,phases   ] GC(2991)   Pre Evacuate Collection Set: 0.6ms
[2024-08-15T15:59:36.308+0000][12672.252s][info][gc,phases   ] GC(2991)   Merge Heap Roots: 0.2ms
[2024-08-15T15:59:36.308+0000][12672.252s][info][gc,phases   ] GC(2991)   Evacuate Collection Set: 15.4ms
[2024-08-15T15:59:36.308+0000][12672.252s][info][gc,phases   ] GC(2991)   Post Evacuate Collection Set: 1.8ms
[2024-08-15T15:59:36.308+0000][12672.252s][info][gc,phases   ] GC(2991)   Other: 0.3ms
[2024-08-15T15:59:36.308+0000][12672.252s][info][gc,heap     ] GC(2991) Eden regions: 683->0(681)
[2024-08-15T15:59:36.308+0000][12672.252s][info][gc,heap     ] GC(2991) Survivor regions: 7->9(87)
[2024-08-15T15:59:36.308+0000][12672.252s][info][gc,heap     ] GC(2991) Old regions: 520->520
[2024-08-15T15:59:36.308+0000][12672.252s][info][gc,heap     ] GC(2991) Archive regions: 2->2
[2024-08-15T15:59:36.308+0000][12672.252s][info][gc,heap     ] GC(2991) Humongous regions: 5->5
[2024-08-15T15:59:36.308+0000][12672.252s][info][gc,metaspace] GC(2991) Metaspace: 442409K(448832K)->442409K(448832K) NonClass: 387521K(391104K)->387521K(391104K) Class: 54887K(57728K)->54887K(57728K)
[2024-08-15T15:59:36.308+0000][12672.252s][info][gc          ] GC(2991) Pause Young (Concurrent Start) (G1 Evacuation Pause) 9723M->4273M(12288M) 18.330ms
[2024-08-15T15:59:36.308+0000][12672.252s][info][gc,cpu      ] GC(2991) User=0.10s Sys=0.00s Real=0.02s
[2024-08-15T15:59:36.308+0000][12672.253s][info][gc          ] GC(2992) Concurrent Mark Cycle
[2024-08-15T15:59:36.308+0000][12672.253s][info][gc,marking  ] GC(2992) Concurrent Clear Claimed Marks
[2024-08-15T15:59:36.308+0000][12672.253s][info][gc,marking  ] GC(2992) Concurrent Clear Claimed Marks 0.350ms
[2024-08-15T15:59:36.308+0000][12672.253s][info][gc,marking  ] GC(2992) Concurrent Scan Root Regions
[2024-08-15T15:59:36.325+0000][12672.269s][info][gc,marking  ] GC(2992) Concurrent Scan Root Regions 16.571ms
[2024-08-15T15:59:36.325+0000][12672.269s][info][gc,marking  ] GC(2992) Concurrent Mark
[2024-08-15T15:59:36.325+0000][12672.269s][info][gc,marking  ] GC(2992) Concurrent Mark From Roots
[2024-08-15T15:59:36.325+0000][12672.270s][info][gc,task     ] GC(2992) Using 2 workers of 2 for marking
[2024-08-15T15:59:39.545+0000][12675.490s][info][gc,marking  ] GC(2992) Concurrent Mark From Roots 3220.379ms
[2024-08-15T15:59:39.545+0000][12675.490s][info][gc,marking  ] GC(2992) Concurrent Preclean
[2024-08-15T15:59:39.547+0000][12675.491s][info][gc,marking  ] GC(2992) Concurrent Preclean 1.385ms
[2024-08-15T15:59:39.547+0000][12675.491s][info][gc,start    ] GC(2992) Pause Remark
[2024-08-15T15:59:39.570+0000][12675.515s][info][gc          ] GC(2992) Pause Remark 7533M->7533M(12288M) 23.464ms
[2024-08-15T15:59:39.570+0000][12675.515s][info][gc,cpu      ] GC(2992) User=0.10s Sys=0.00s Real=0.02s
[2024-08-15T15:59:39.570+0000][12675.515s][info][gc,marking  ] GC(2992) Concurrent Mark 3245.548ms
[2024-08-15T15:59:39.570+0000][12675.515s][info][gc,marking  ] GC(2992) Concurrent Rebuild Remembered Sets
[2024-08-15T15:59:41.541+0000][12677.485s][info][gc,start    ] GC(2993) Pause Young (Normal) (G1 Evacuation Pause)
[2024-08-15T15:59:41.541+0000][12677.485s][info][gc,task     ] GC(2993) Using 6 workers of 6 for evacuation
[2024-08-15T15:59:41.562+0000][12677.507s][info][gc,phases   ] GC(2993)   Pre Evacuate Collection Set: 0.2ms
[2024-08-15T15:59:41.562+0000][12677.507s][info][gc,phases   ] GC(2993)   Merge Heap Roots: 0.3ms
[2024-08-15T15:59:41.562+0000][12677.507s][info][gc,phases   ] GC(2993)   Evacuate Collection Set: 18.7ms
[2024-08-15T15:59:41.562+0000][12677.507s][info][gc,phases   ] GC(2993)   Post Evacuate Collection Set: 1.9ms
[2024-08-15T15:59:41.562+0000][12677.507s][info][gc,phases   ] GC(2993)   Other: 0.2ms
[2024-08-15T15:59:41.562+0000][12677.507s][info][gc,heap     ] GC(2993) Eden regions: 681->0(679)
[2024-08-15T15:59:41.562+0000][12677.507s][info][gc,heap     ] GC(2993) Survivor regions: 9->11(87)
[2024-08-15T15:59:41.562+0000][12677.507s][info][gc,heap     ] GC(2993) Old regions: 520->520
[2024-08-15T15:59:41.562+0000][12677.507s][info][gc,heap     ] GC(2993) Archive regions: 2->2
[2024-08-15T15:59:41.562+0000][12677.507s][info][gc,heap     ] GC(2993) Humongous regions: 5->5
[2024-08-15T15:59:41.562+0000][12677.507s][info][gc,metaspace] GC(2993) Metaspace: 442409K(448832K)->442409K(448832K) NonClass: 387521K(391104K)->387521K(391104K) Class: 54887K(57728K)->54887K(57728K)
[2024-08-15T15:59:41.562+0000][12677.507s][info][gc          ] GC(2993) Pause Young (Normal) (G1 Evacuation Pause) 9721M->4288M(12288M) 21.329ms
[2024-08-15T15:59:41.562+0000][12677.507s][info][gc,cpu      ] GC(2993) User=0.13s Sys=0.00s Real=0.02s
[2024-08-15T15:59:41.567+0000][12677.512s][info][gc,marking  ] GC(2992) Concurrent Rebuild Remembered Sets 1996.713ms
[2024-08-15T15:59:41.567+0000][12677.512s][info][gc,start    ] GC(2992) Pause Cleanup
[2024-08-15T15:59:41.568+0000][12677.513s][info][gc          ] GC(2992) Pause Cleanup 4312M->4312M(12288M) 0.625ms
[2024-08-15T15:59:41.568+0000][12677.513s][info][gc,cpu      ] GC(2992) User=0.00s Sys=0.00s Real=0.00s
[2024-08-15T15:59:41.568+0000][12677.513s][info][gc,marking  ] GC(2992) Concurrent Cleanup for Next Mark
[2024-08-15T15:59:41.585+0000][12677.529s][info][gc,marking  ] GC(2992) Concurrent Cleanup for Next Mark 16.664ms
[2024-08-15T15:59:41.585+0000][12677.529s][info][gc          ] GC(2992) Concurrent Mark Cycle 5276.933ms
[2024-08-15T15:59:46.055+0000][12681.999s][info][gc,start    ] GC(2994) Pause Young (Prepare Mixed) (G1 Evacuation Pause)
[2024-08-15T15:59:46.055+0000][12681.999s][info][gc,task     ] GC(2994) Using 6 workers of 6 for evacuation
[2024-08-15T15:59:46.077+0000][12682.021s][info][gc,phases   ] GC(2994)   Pre Evacuate Collection Set: 0.2ms
[2024-08-15T15:59:46.077+0000][12682.021s][info][gc,phases   ] GC(2994)   Merge Heap Roots: 0.3ms
[2024-08-15T15:59:46.077+0000][12682.021s][info][gc,phases   ] GC(2994)   Evacuate Collection Set: 19.8ms
[2024-08-15T15:59:46.077+0000][12682.021s][info][gc,phases   ] GC(2994)   Post Evacuate Collection Set: 1.6ms
[2024-08-15T15:59:46.077+0000][12682.021s][info][gc,phases   ] GC(2994)   Other: 0.2ms
[2024-08-15T15:59:46.077+0000][12682.021s][info][gc,heap     ] GC(2994) Eden regions: 679->0(66)
[2024-08-15T15:59:46.077+0000][12682.021s][info][gc,heap     ] GC(2994) Survivor regions: 11->10(87)
[2024-08-15T15:59:46.077+0000][12682.021s][info][gc,heap     ] GC(2994) Old regions: 520->520
[2024-08-15T15:59:46.077+0000][12682.021s][info][gc,heap     ] GC(2994) Archive regions: 2->2
[2024-08-15T15:59:46.077+0000][12682.021s][info][gc,heap     ] GC(2994) Humongous regions: 5->5
[2024-08-15T15:59:46.077+0000][12682.021s][info][gc,metaspace] GC(2994) Metaspace: 442409K(448832K)->442409K(448832K) NonClass: 387521K(391104K)->387521K(391104K) Class: 54887K(57728K)->54887K(57728K)
[2024-08-15T15:59:46.077+0000][12682.021s][info][gc          ] GC(2994) Pause Young (Prepare Mixed) (G1 Evacuation Pause) 9720M->4278M(12288M) 22.161ms
[2024-08-15T15:59:46.077+0000][12682.021s][info][gc,cpu      ] GC(2994) User=0.13s Sys=0.00s Real=0.03s
[2024-08-15T15:59:46.513+0000][12682.458s][info][gc,start    ] GC(2995) Pause Young (Mixed) (G1 Evacuation Pause)
[2024-08-15T15:59:46.513+0000][12682.458s][info][gc,task     ] GC(2995) Using 6 workers of 6 for evacuation
[2024-08-15T15:59:46.583+0000][12682.528s][info][gc,phases   ] GC(2995)   Pre Evacuate Collection Set: 0.2ms
[2024-08-15T15:59:46.583+0000][12682.528s][info][gc,phases   ] GC(2995)   Merge Heap Roots: 0.5ms
[2024-08-15T15:59:46.584+0000][12682.528s][info][gc,phases   ] GC(2995)   Evacuate Collection Set: 68.2ms
[2024-08-15T15:59:46.584+0000][12682.528s][info][gc,phases   ] GC(2995)   Post Evacuate Collection Set: 1.4ms
[2024-08-15T15:59:46.584+0000][12682.528s][info][gc,phases   ] GC(2995)   Other: 0.2ms
[2024-08-15T15:59:46.584+0000][12682.528s][info][gc,heap     ] GC(2995) Eden regions: 66->0(688)
[2024-08-15T15:59:46.584+0000][12682.528s][info][gc,heap     ] GC(2995) Survivor regions: 10->6(10)
[2024-08-15T15:59:46.584+0000][12682.528s][info][gc,heap     ] GC(2995) Old regions: 520->516
[2024-08-15T15:59:46.584+0000][12682.528s][info][gc,heap     ] GC(2995) Archive regions: 2->2
[2024-08-15T15:59:46.584+0000][12682.528s][info][gc,heap     ] GC(2995) Humongous regions: 5->5
[2024-08-15T15:59:46.584+0000][12682.528s][info][gc,metaspace] GC(2995) Metaspace: 442409K(448832K)->442409K(448832K) NonClass: 387521K(391104K)->387521K(391104K) Class: 54887K(57728K)->54887K(57728K)
[2024-08-15T15:59:46.584+0000][12682.528s][info][gc          ] GC(2995) Pause Young (Mixed) (G1 Evacuation Pause) 4806M->4214M(12288M) 70.472ms
[2024-08-15T15:59:46.584+0000][12682.528s][info][gc,cpu      ] GC(2995) User=0.41s Sys=0.00s Real=0.08s
[2024-08-15T15:59:51.142+0000][12687.086s][info][gc,start    ] GC(2996) Pause Young (Normal) (G1 Evacuation Pause)
[2024-08-15T15:59:51.142+0000][12687.086s][info][gc,task     ] GC(2996) Using 6 workers of 6 for evacuation
[2024-08-15T15:59:51.158+0000][12687.102s][info][gc,phases   ] GC(2996)   Pre Evacuate Collection Set: 0.2ms
[2024-08-15T15:59:51.158+0000][12687.102s][info][gc,phases   ] GC(2996)   Merge Heap Roots: 0.2ms
[2024-08-15T15:59:51.158+0000][12687.102s][info][gc,phases   ] GC(2996)   Evacuate Collection Set: 13.8ms
[2024-08-15T15:59:51.158+0000][12687.102s][info][gc,phases   ] GC(2996)   Post Evacuate Collection Set: 1.7ms
[2024-08-15T15:59:51.158+0000][12687.102s][info][gc,phases   ] GC(2996)   Other: 0.2ms
[2024-08-15T15:59:51.158+0000][12687.102s][info][gc,heap     ] GC(2996) Eden regions: 688->0(686)
[2024-08-15T15:59:51.158+0000][12687.102s][info][gc,heap     ] GC(2996) Survivor regions: 6->8(87)
[2024-08-15T15:59:51.158+0000][12687.102s][info][gc,heap     ] GC(2996) Old regions: 516->516
[2024-08-15T15:59:51.158+0000][12687.102s][info][gc,heap     ] GC(2996) Archive regions: 2->2
[2024-08-15T15:59:51.158+0000][12687.102s][info][gc,heap     ] GC(2996) Humongous regions: 5->5
[2024-08-15T15:59:51.158+0000][12687.102s][info][gc,metaspace] GC(2996) Metaspace: 442409K(448832K)->442409K(448832K) NonClass: 387521K(391104K)->387521K(391104K) Class: 54887K(57728K)->54887K(57728K)
[2024-08-15T15:59:51.158+0000][12687.102s][info][gc          ] GC(2996) Pause Young (Normal) (G1 Evacuation Pause) 9718M->4230M(12288M) 16.128ms
[2024-08-15T15:59:51.158+0000][12687.102s][info][gc,cpu      ] GC(2996) User=0.09s Sys=0.00s Real=0.02s
[2024-08-15T15:59:55.757+0000][12691.702s][info][gc,start    ] GC(2997) Pause Young (Normal) (G1 Evacuation Pause)
[2024-08-15T15:59:55.757+0000][12691.702s][info][gc,task     ] GC(2997) Using 6 workers of 6 for evacuation
[2024-08-15T15:59:55.777+0000][12691.721s][info][gc,phases   ] GC(2997)   Pre Evacuate Collection Set: 0.2ms
[2024-08-15T15:59:55.777+0000][12691.721s][info][gc,phases   ] GC(2997)   Merge Heap Roots: 0.2ms
[2024-08-15T15:59:55.777+0000][12691.721s][info][gc,phases   ] GC(2997)   Evacuate Collection Set: 16.3ms
[2024-08-15T15:59:55.777+0000][12691.721s][info][gc,phases   ] GC(2997)   Post Evacuate Collection Set: 2.4ms
[2024-08-15T15:59:55.777+0000][12691.721s][info][gc,phases   ] GC(2997)   Other: 0.2ms
[2024-08-15T15:59:55.777+0000][12691.721s][info][gc,heap     ] GC(2997) Eden regions: 686->0(684)
[2024-08-15T15:59:55.777+0000][12691.721s][info][gc,heap     ] GC(2997) Survivor regions: 8->10(87)
[2024-08-15T15:59:55.777+0000][12691.721s][info][gc,heap     ] GC(2997) Old regions: 516->516
[2024-08-15T15:59:55.777+0000][12691.721s][info][gc,heap     ] GC(2997) Archive regions: 2->2
[2024-08-15T15:59:55.777+0000][12691.721s][info][gc,heap     ] GC(2997) Humongous regions: 5->5
[2024-08-15T15:59:55.777+0000][12691.721s][info][gc,metaspace] GC(2997) Metaspace: 442409K(448832K)->442409K(448832K) NonClass: 387521K(391104K)->387521K(391104K) Class: 54887K(57728K)->54887K(57728K)
[2024-08-15T15:59:55.777+0000][12691.721s][info][gc          ] GC(2997) Pause Young (Normal) (G1 Evacuation Pause) 9718M->4244M(12288M) 19.360ms
[2024-08-15T15:59:55.777+0000][12691.721s][info][gc,cpu      ] GC(2997) User=0.10s Sys=0.00s Real=0.02s
[2024-08-15T16:00:00.293+0000][12696.237s][info][gc,start    ] GC(2998) Pause Young (Concurrent Start) (G1 Evacuation Pause)
[2024-08-15T16:00:00.293+0000][12696.237s][info][gc,task     ] GC(2998) Using 6 workers of 6 for evacuation
[2024-08-15T16:00:00.313+0000][12696.258s][info][gc,phases   ] GC(2998)   Pre Evacuate Collection Set: 0.6ms
[2024-08-15T16:00:00.313+0000][12696.258s][info][gc,phases   ] GC(2998)   Merge Heap Roots: 0.2ms
[2024-08-15T16:00:00.313+0000][12696.258s][info][gc,phases   ] GC(2998)   Evacuate Collection Set: 17.6ms
[2024-08-15T16:00:00.313+0000][12696.258s][info][gc,phases   ] GC(2998)   Post Evacuate Collection Set: 1.8ms
[2024-08-15T16:00:00.313+0000][12696.258s][info][gc,phases   ] GC(2998)   Other: 0.3ms
[2024-08-15T16:00:00.313+0000][12696.258s][info][gc,heap     ] GC(2998) Eden regions: 684->0(684)
[2024-08-15T16:00:00.313+0000][12696.258s][info][gc,heap     ] GC(2998) Survivor regions: 10->10(87)
[2024-08-15T16:00:00.313+0000][12696.258s][info][gc,heap     ] GC(2998) Old regions: 516->516
[2024-08-15T16:00:00.313+0000][12696.258s][info][gc,heap     ] GC(2998) Archive regions: 2->2
[2024-08-15T16:00:00.313+0000][12696.258s][info][gc,heap     ] GC(2998) Humongous regions: 5->5
[2024-08-15T16:00:00.313+0000][12696.258s][info][gc,metaspace] GC(2998) Metaspace: 442426K(448832K)->442426K(448832K) NonClass: 387538K(391104K)->387538K(391104K) Class: 54887K(57728K)->54887K(57728K)
[2024-08-15T16:00:00.313+0000][12696.258s][info][gc          ] GC(2998) Pause Young (Concurrent Start) (G1 Evacuation Pause) 9716M->4246M(12288M) 20.518ms
[2024-08-15T16:00:00.313+0000][12696.258s][info][gc,cpu      ] GC(2998) User=0.12s Sys=0.00s Real=0.02s
[2024-08-15T16:00:00.313+0000][12696.258s][info][gc          ] GC(2999) Concurrent Mark Cycle
[2024-08-15T16:00:00.313+0000][12696.258s][info][gc,marking  ] GC(2999) Concurrent Clear Claimed Marks
[2024-08-15T16:00:00.314+0000][12696.258s][info][gc,marking  ] GC(2999) Concurrent Clear Claimed Marks 0.380ms
[2024-08-15T16:00:00.314+0000][12696.258s][info][gc,marking  ] GC(2999) Concurrent Scan Root Regions
[2024-08-15T16:00:00.337+0000][12696.281s][info][gc,marking  ] GC(2999) Concurrent Scan Root Regions 22.673ms
[2024-08-15T16:00:00.337+0000][12696.281s][info][gc,marking  ] GC(2999) Concurrent Mark
[2024-08-15T16:00:00.337+0000][12696.281s][info][gc,marking  ] GC(2999) Concurrent Mark From Roots
[2024-08-15T16:00:00.337+0000][12696.281s][info][gc,task     ] GC(2999) Using 2 workers of 2 for marking
[2024-08-15T16:00:03.553+0000][12699.498s][info][gc,marking  ] GC(2999) Concurrent Mark From Roots 3216.794ms
[2024-08-15T16:00:03.553+0000][12699.498s][info][gc,marking  ] GC(2999) Concurrent Preclean
[2024-08-15T16:00:03.555+0000][12699.500s][info][gc,marking  ] GC(2999) Concurrent Preclean 1.887ms
[2024-08-15T16:00:03.555+0000][12699.500s][info][gc,start    ] GC(2999) Pause Remark
[2024-08-15T16:00:03.581+0000][12699.525s][info][gc          ] GC(2999) Pause Remark 7550M->7550M(12288M) 25.164ms
[2024-08-15T16:00:03.581+0000][12699.525s][info][gc,cpu      ] GC(2999) User=0.11s Sys=0.00s Real=0.02s
[2024-08-15T16:00:03.581+0000][12699.525s][info][gc,marking  ] GC(2999) Concurrent Mark 3244.272ms
[2024-08-15T16:00:03.581+0000][12699.525s][info][gc,marking  ] GC(2999) Concurrent Rebuild Remembered Sets
[2024-08-15T16:00:05.523+0000][12701.468s][info][gc,marking  ] GC(2999) Concurrent Rebuild Remembered Sets 1942.527ms
[2024-08-15T16:00:05.524+0000][12701.468s][info][gc,start    ] GC(2999) Pause Cleanup
[2024-08-15T16:00:05.524+0000][12701.469s][info][gc          ] GC(2999) Pause Cleanup 9690M->9690M(12288M) 0.583ms
[2024-08-15T16:00:05.524+0000][12701.469s][info][gc,cpu      ] GC(2999) User=0.00s Sys=0.00s Real=0.00s
[2024-08-15T16:00:05.524+0000][12701.469s][info][gc,marking  ] GC(2999) Concurrent Cleanup for Next Mark
[2024-08-15T16:00:05.541+0000][12701.486s][info][gc,marking  ] GC(2999) Concurrent Cleanup for Next Mark 16.737ms
[2024-08-15T16:00:05.541+0000][12701.486s][info][gc          ] GC(2999) Concurrent Mark Cycle 5227.647ms
[2024-08-15T16:00:05.553+0000][12701.497s][info][gc,start    ] GC(3000) Pause Young (Prepare Mixed) (G1 Evacuation Pause)
[2024-08-15T16:00:05.553+0000][12701.497s][info][gc,task     ] GC(3000) Using 6 workers of 6 for evacuation
[2024-08-15T16:00:05.579+0000][12701.524s][info][gc,phases   ] GC(3000)   Pre Evacuate Collection Set: 0.2ms
[2024-08-15T16:00:05.579+0000][12701.524s][info][gc,phases   ] GC(3000)   Merge Heap Roots: 0.3ms
[2024-08-15T16:00:05.579+0000][12701.524s][info][gc,phases   ] GC(3000)   Evacuate Collection Set: 24.2ms
[2024-08-15T16:00:05.579+0000][12701.524s][info][gc,phases   ] GC(3000)   Post Evacuate Collection Set: 1.7ms
[2024-08-15T16:00:05.579+0000][12701.524s][info][gc,phases   ] GC(3000)   Other: 0.2ms
[2024-08-15T16:00:05.579+0000][12701.524s][info][gc,heap     ] GC(3000) Eden regions: 684->0(64)
[2024-08-15T16:00:05.579+0000][12701.524s][info][gc,heap     ] GC(3000) Survivor regions: 10->12(87)
[2024-08-15T16:00:05.579+0000][12701.524s][info][gc,heap     ] GC(3000) Old regions: 516->516
[2024-08-15T16:00:05.579+0000][12701.524s][info][gc,heap     ] GC(3000) Archive regions: 2->2
[2024-08-15T16:00:05.579+0000][12701.524s][info][gc,heap     ] GC(3000) Humongous regions: 5->5
[2024-08-15T16:00:05.579+0000][12701.524s][info][gc,metaspace] GC(3000) Metaspace: 442426K(448832K)->442426K(448832K) NonClass: 387538K(391104K)->387538K(391104K) Class: 54887K(57728K)->54887K(57728K)
[2024-08-15T16:00:05.579+0000][12701.524s][info][gc          ] GC(3000) Pause Young (Prepare Mixed) (G1 Evacuation Pause) 9718M->4259M(12288M) 26.625ms
[2024-08-15T16:00:05.580+0000][12701.524s][info][gc,cpu      ] GC(3000) User=0.15s Sys=0.00s Real=0.03s
[2024-08-15T16:00:05.999+0000][12701.943s][info][gc,start    ] GC(3001) Pause Young (Mixed) (G1 Evacuation Pause)
[2024-08-15T16:00:05.999+0000][12701.943s][info][gc,task     ] GC(3001) Using 6 workers of 6 for evacuation
[2024-08-15T16:00:06.061+0000][12702.006s][info][gc,phases   ] GC(3001)   Pre Evacuate Collection Set: 0.2ms
[2024-08-15T16:00:06.061+0000][12702.006s][info][gc,phases   ] GC(3001)   Merge Heap Roots: 0.5ms
[2024-08-15T16:00:06.061+0000][12702.006s][info][gc,phases   ] GC(3001)   Evacuate Collection Set: 60.4ms
[2024-08-15T16:00:06.061+0000][12702.006s][info][gc,phases   ] GC(3001)   Post Evacuate Collection Set: 1.2ms
[2024-08-15T16:00:06.061+0000][12702.006s][info][gc,phases   ] GC(3001)   Other: 0.2ms
[2024-08-15T16:00:06.061+0000][12702.006s][info][gc,heap     ] GC(3001) Eden regions: 64->0(690)
[2024-08-15T16:00:06.061+0000][12702.006s][info][gc,heap     ] GC(3001) Survivor regions: 12->4(10)
[2024-08-15T16:00:06.061+0000][12702.006s][info][gc,heap     ] GC(3001) Old regions: 516->516
[2024-08-15T16:00:06.061+0000][12702.006s][info][gc,heap     ] GC(3001) Archive regions: 2->2
[2024-08-15T16:00:06.061+0000][12702.006s][info][gc,heap     ] GC(3001) Humongous regions: 5->5
[2024-08-15T16:00:06.061+0000][12702.006s][info][gc,metaspace] GC(3001) Metaspace: 442426K(448832K)->442426K(448832K) NonClass: 387538K(391104K)->387538K(391104K) Class: 54887K(57728K)->54887K(57728K)
[2024-08-15T16:00:06.061+0000][12702.006s][info][gc          ] GC(3001) Pause Young (Mixed) (G1 Evacuation Pause) 4771M->4201M(12288M) 62.551ms
[2024-08-15T16:00:06.061+0000][12702.006s][info][gc,cpu      ] GC(3001) User=0.37s Sys=0.00s Real=0.06s
[2024-08-15T16:00:09.762+0000][12705.706s][info][gc,start    ] GC(3002) Pause Young (Normal) (G1 Evacuation Pause)
[2024-08-15T16:00:09.762+0000][12705.706s][info][gc,task     ] GC(3002) Using 6 workers of 6 for evacuation
[2024-08-15T16:00:09.772+0000][12705.717s][info][gc,phases   ] GC(3002)   Pre Evacuate Collection Set: 0.2ms
[2024-08-15T16:00:09.772+0000][12705.717s][info][gc,phases   ] GC(3002)   Merge Heap Roots: 0.2ms
[2024-08-15T16:00:09.772+0000][12705.717s][info][gc,phases   ] GC(3002)   Evacuate Collection Set: 8.2ms
[2024-08-15T16:00:09.772+0000][12705.717s][info][gc,phases   ] GC(3002)   Post Evacuate Collection Set: 1.7ms
[2024-08-15T16:00:09.772+0000][12705.717s][info][gc,phases   ] GC(3002)   Other: 0.2ms
[2024-08-15T16:00:09.772+0000][12705.717s][info][gc,heap     ] GC(3002) Eden regions: 690->0(690)
[2024-08-15T16:00:09.772+0000][12705.717s][info][gc,heap     ] GC(3002) Survivor regions: 4->4(87)
[2024-08-15T16:00:09.772+0000][12705.717s][info][gc,heap     ] GC(3002) Old regions: 516->516
[2024-08-15T16:00:09.772+0000][12705.717s][info][gc,heap     ] GC(3002) Archive regions: 2->2
[2024-08-15T16:00:09.772+0000][12705.717s][info][gc,heap     ] GC(3002) Humongous regions: 5->5
[2024-08-15T16:00:09.772+0000][12705.717s][info][gc,metaspace] GC(3002) Metaspace: 442426K(448832K)->442426K(448832K) NonClass: 387538K(391104K)->387538K(391104K) Class: 54887K(57728K)->54887K(57728K)
[2024-08-15T16:00:09.772+0000][12705.717s][info][gc          ] GC(3002) Pause Young (Normal) (G1 Evacuation Pause) 9721M->4202M(12288M) 10.579ms
[2024-08-15T16:00:09.772+0000][12705.717s][info][gc,cpu      ] GC(3002) User=0.06s Sys=0.00s Real=0.01s
[2024-08-15T16:00:13.723+0000][12709.667s][info][gc,start    ] GC(3003) Pause Young (Normal) (G1 Evacuation Pause)
[2024-08-15T16:00:13.723+0000][12709.667s][info][gc,task     ] GC(3003) Using 6 workers of 6 for evacuation
[2024-08-15T16:00:13.735+0000][12709.680s][info][gc,phases   ] GC(3003)   Pre Evacuate Collection Set: 0.2ms
[2024-08-15T16:00:13.735+0000][12709.680s][info][gc,phases   ] GC(3003)   Merge Heap Roots: 0.2ms
[2024-08-15T16:00:13.735+0000][12709.680s][info][gc,phases   ] GC(3003)   Evacuate Collection Set: 9.9ms
[2024-08-15T16:00:13.735+0000][12709.680s][info][gc,phases   ] GC(3003)   Post Evacuate Collection Set: 1.7ms
[2024-08-15T16:00:13.735+0000][12709.680s][info][gc,phases   ] GC(3003)   Other: 0.2ms
[2024-08-15T16:00:13.735+0000][12709.680s][info][gc,heap     ] GC(3003) Eden regions: 690->0(688)
[2024-08-15T16:00:13.735+0000][12709.680s][info][gc,heap     ] GC(3003) Survivor regions: 4->6(87)
[2024-08-15T16:00:13.735+0000][12709.680s][info][gc,heap     ] GC(3003) Old regions: 516->516
[2024-08-15T16:00:13.735+0000][12709.680s][info][gc,heap     ] GC(3003) Archive regions: 2->2
[2024-08-15T16:00:13.735+0000][12709.680s][info][gc,heap     ] GC(3003) Humongous regions: 5->5
[2024-08-15T16:00:13.735+0000][12709.680s][info][gc,metaspace] GC(3003) Metaspace: 442426K(448832K)->442426K(448832K) NonClass: 387538K(391104K)->387538K(391104K) Class: 54887K(57728K)->54887K(57728K)
[2024-08-15T16:00:13.735+0000][12709.680s][info][gc          ] GC(3003) Pause Young (Normal) (G1 Evacuation Pause) 9722M->4214M(12288M) 12.216ms
[2024-08-15T16:00:13.735+0000][12709.680s][info][gc,cpu      ] GC(3003) User=0.07s Sys=0.00s Real=0.02s
[2024-08-15T16:00:18.313+0000][12714.257s][info][gc,start    ] GC(3004) Pause Young (Concurrent Start) (G1 Evacuation Pause)
[2024-08-15T16:00:18.313+0000][12714.257s][info][gc,task     ] GC(3004) Using 6 workers of 6 for evacuation
[2024-08-15T16:00:18.328+0000][12714.273s][info][gc,phases   ] GC(3004)   Pre Evacuate Collection Set: 0.5ms
[2024-08-15T16:00:18.328+0000][12714.273s][info][gc,phases   ] GC(3004)   Merge Heap Roots: 0.2ms
[2024-08-15T16:00:18.328+0000][12714.273s][info][gc,phases   ] GC(3004)   Evacuate Collection Set: 12.9ms
[2024-08-15T16:00:18.328+0000][12714.273s][info][gc,phases   ] GC(3004)   Post Evacuate Collection Set: 1.7ms
[2024-08-15T16:00:18.328+0000][12714.273s][info][gc,phases   ] GC(3004)   Other: 0.3ms
[2024-08-15T16:00:18.328+0000][12714.273s][info][gc,heap     ] GC(3004) Eden regions: 688->0(687)
[2024-08-15T16:00:18.328+0000][12714.273s][info][gc,heap     ] GC(3004) Survivor regions: 6->7(87)
[2024-08-15T16:00:18.328+0000][12714.273s][info][gc,heap     ] GC(3004) Old regions: 516->516
[2024-08-15T16:00:18.328+0000][12714.273s][info][gc,heap     ] GC(3004) Archive regions: 2->2
[2024-08-15T16:00:18.328+0000][12714.273s][info][gc,heap     ] GC(3004) Humongous regions: 5->5
[2024-08-15T16:00:18.328+0000][12714.273s][info][gc,metaspace] GC(3004) Metaspace: 442426K(448832K)->442426K(448832K) NonClass: 387538K(391104K)->387538K(391104K) Class: 54887K(57728K)->54887K(57728K)
[2024-08-15T16:00:18.328+0000][12714.273s][info][gc          ] GC(3004) Pause Young (Concurrent Start) (G1 Evacuation Pause) 9718M->4227M(12288M) 15.605ms
[2024-08-15T16:00:18.328+0000][12714.273s][info][gc,cpu      ] GC(3004) User=0.08s Sys=0.01s Real=0.02s
[2024-08-15T16:00:18.328+0000][12714.273s][info][gc          ] GC(3005) Concurrent Mark Cycle
[2024-08-15T16:00:18.328+0000][12714.273s][info][gc,marking  ] GC(3005) Concurrent Clear Claimed Marks
[2024-08-15T16:00:18.329+0000][12714.273s][info][gc,marking  ] GC(3005) Concurrent Clear Claimed Marks 0.343ms
[2024-08-15T16:00:18.329+0000][12714.273s][info][gc,marking  ] GC(3005) Concurrent Scan Root Regions
[2024-08-15T16:00:18.344+0000][12714.289s][info][gc,marking  ] GC(3005) Concurrent Scan Root Regions 15.373ms
[2024-08-15T16:00:18.344+0000][12714.289s][info][gc,marking  ] GC(3005) Concurrent Mark
[2024-08-15T16:00:18.344+0000][12714.289s][info][gc,marking  ] GC(3005) Concurrent Mark From Roots
[2024-08-15T16:00:18.344+0000][12714.289s][info][gc,task     ] GC(3005) Using 2 workers of 2 for marking
[2024-08-15T16:00:21.549+0000][12717.494s][info][gc,marking  ] GC(3005) Concurrent Mark From Roots 3205.147ms
[2024-08-15T16:00:21.549+0000][12717.494s][info][gc,marking  ] GC(3005) Concurrent Preclean
[2024-08-15T16:00:21.551+0000][12717.496s][info][gc,marking  ] GC(3005) Concurrent Preclean 2.132ms
[2024-08-15T16:00:21.552+0000][12717.496s][info][gc,start    ] GC(3005) Pause Remark
[2024-08-15T16:00:21.575+0000][12717.520s][info][gc          ] GC(3005) Pause Remark 7595M->7595M(12288M) 23.460ms
[2024-08-15T16:00:21.575+0000][12717.520s][info][gc,cpu      ] GC(3005) User=0.11s Sys=0.00s Real=0.03s
[2024-08-15T16:00:21.575+0000][12717.520s][info][gc,marking  ] GC(3005) Concurrent Mark 3231.193ms
[2024-08-15T16:00:21.575+0000][12717.520s][info][gc,marking  ] GC(3005) Concurrent Rebuild Remembered Sets
[2024-08-15T16:00:23.511+0000][12719.456s][info][gc,start    ] GC(3006) Pause Young (Normal) (G1 Evacuation Pause)
[2024-08-15T16:00:23.511+0000][12719.456s][info][gc,task     ] GC(3006) Using 6 workers of 6 for evacuation
[2024-08-15T16:00:23.533+0000][12719.478s][info][gc,phases   ] GC(3006)   Pre Evacuate Collection Set: 0.2ms
[2024-08-15T16:00:23.533+0000][12719.478s][info][gc,phases   ] GC(3006)   Merge Heap Roots: 0.3ms
[2024-08-15T16:00:23.533+0000][12719.478s][info][gc,phases   ] GC(3006)   Evacuate Collection Set: 19.8ms
[2024-08-15T16:00:23.533+0000][12719.478s][info][gc,phases   ] GC(3006)   Post Evacuate Collection Set: 1.8ms
[2024-08-15T16:00:23.533+0000][12719.478s][info][gc,phases   ] GC(3006)   Other: 0.2ms
[2024-08-15T16:00:23.533+0000][12719.478s][info][gc,heap     ] GC(3006) Eden regions: 687->0(685)
[2024-08-15T16:00:23.533+0000][12719.478s][info][gc,heap     ] GC(3006) Survivor regions: 7->9(87)
[2024-08-15T16:00:23.533+0000][12719.478s][info][gc,heap     ] GC(3006) Old regions: 516->516
[2024-08-15T16:00:23.533+0000][12719.478s][info][gc,heap     ] GC(3006) Archive regions: 2->2
[2024-08-15T16:00:23.533+0000][12719.478s][info][gc,heap     ] GC(3006) Humongous regions: 5->5
[2024-08-15T16:00:23.533+0000][12719.478s][info][gc,metaspace] GC(3006) Metaspace: 442427K(448832K)->442427K(448832K) NonClass: 387539K(391104K)->387539K(391104K) Class: 54887K(57728K)->54887K(57728K)
[2024-08-15T16:00:23.533+0000][12719.478s][info][gc          ] GC(3006) Pause Young (Normal) (G1 Evacuation Pause) 9723M->4243M(12288M) 22.344ms
[2024-08-15T16:00:23.533+0000][12719.478s][info][gc,cpu      ] GC(3006) User=0.13s Sys=0.00s Real=0.02s
[2024-08-15T16:00:23.596+0000][12719.541s][info][gc,marking  ] GC(3005) Concurrent Rebuild Remembered Sets 2020.835ms
[2024-08-15T16:00:23.596+0000][12719.541s][info][gc,start    ] GC(3005) Pause Cleanup
[2024-08-15T16:00:23.597+0000][12719.541s][info][gc          ] GC(3005) Pause Cleanup 4323M->4323M(12288M) 0.598ms
[2024-08-15T16:00:23.597+0000][12719.542s][info][gc,cpu      ] GC(3005) User=0.00s Sys=0.00s Real=0.00s
[2024-08-15T16:00:23.597+0000][12719.542s][info][gc,marking  ] GC(3005) Concurrent Cleanup for Next Mark
[2024-08-15T16:00:23.626+0000][12719.570s][info][gc,marking  ] GC(3005) Concurrent Cleanup for Next Mark 28.641ms
[2024-08-15T16:00:23.626+0000][12719.570s][info][gc          ] GC(3005) Concurrent Mark Cycle 5297.440ms
[2024-08-15T16:00:28.012+0000][12723.957s][info][gc,start    ] GC(3007) Pause Young (Prepare Mixed) (G1 Evacuation Pause)
[2024-08-15T16:00:28.012+0000][12723.957s][info][gc,task     ] GC(3007) Using 6 workers of 6 for evacuation
[2024-08-15T16:00:28.034+0000][12723.979s][info][gc,phases   ] GC(3007)   Pre Evacuate Collection Set: 0.2ms
[2024-08-15T16:00:28.034+0000][12723.979s][info][gc,phases   ] GC(3007)   Merge Heap Roots: 0.3ms
[2024-08-15T16:00:28.034+0000][12723.979s][info][gc,phases   ] GC(3007)   Evacuate Collection Set: 19.3ms
[2024-08-15T16:00:28.034+0000][12723.979s][info][gc,phases   ] GC(3007)   Post Evacuate Collection Set: 1.8ms
[2024-08-15T16:00:28.034+0000][12723.979s][info][gc,phases   ] GC(3007)   Other: 0.2ms
[2024-08-15T16:00:28.034+0000][12723.979s][info][gc,heap     ] GC(3007) Eden regions: 685->0(68)
[2024-08-15T16:00:28.034+0000][12723.979s][info][gc,heap     ] GC(3007) Survivor regions: 9->8(87)
[2024-08-15T16:00:28.034+0000][12723.979s][info][gc,heap     ] GC(3007) Old regions: 516->516
[2024-08-15T16:00:28.034+0000][12723.979s][info][gc,heap     ] GC(3007) Archive regions: 2->2
[2024-08-15T16:00:28.034+0000][12723.979s][info][gc,heap     ] GC(3007) Humongous regions: 5->5
[2024-08-15T16:00:28.034+0000][12723.979s][info][gc,metaspace] GC(3007) Metaspace: 442427K(448832K)->442427K(448832K) NonClass: 387539K(391104K)->387539K(391104K) Class: 54887K(57728K)->54887K(57728K)
[2024-08-15T16:00:28.034+0000][12723.979s][info][gc          ] GC(3007) Pause Young (Prepare Mixed) (G1 Evacuation Pause) 9723M->4230M(12288M) 21.830ms
[2024-08-15T16:00:28.034+0000][12723.979s][info][gc,cpu      ] GC(3007) User=0.13s Sys=0.00s Real=0.02s
[2024-08-15T16:00:28.492+0000][12724.436s][info][gc,start    ] GC(3008) Pause Young (Mixed) (G1 Evacuation Pause)
[2024-08-15T16:00:28.492+0000][12724.436s][info][gc,task     ] GC(3008) Using 6 workers of 6 for evacuation
[2024-08-15T16:00:28.555+0000][12724.500s][info][gc,phases   ] GC(3008)   Pre Evacuate Collection Set: 0.2ms
[2024-08-15T16:00:28.555+0000][12724.500s][info][gc,phases   ] GC(3008)   Merge Heap Roots: 0.4ms
[2024-08-15T16:00:28.555+0000][12724.500s][info][gc,phases   ] GC(3008)   Evacuate Collection Set: 61.5ms
[2024-08-15T16:00:28.555+0000][12724.500s][info][gc,phases   ] GC(3008)   Post Evacuate Collection Set: 1.2ms
[2024-08-15T16:00:28.555+0000][12724.500s][info][gc,phases   ] GC(3008)   Other: 0.2ms
[2024-08-15T16:00:28.555+0000][12724.500s][info][gc,heap     ] GC(3008) Eden regions: 68->0(694)
[2024-08-15T16:00:28.555+0000][12724.500s][info][gc,heap     ] GC(3008) Survivor regions: 8->6(10)
[2024-08-15T16:00:28.555+0000][12724.500s][info][gc,heap     ] GC(3008) Old regions: 516->511
[2024-08-15T16:00:28.555+0000][12724.500s][info][gc,heap     ] GC(3008) Archive regions: 2->2
[2024-08-15T16:00:28.555+0000][12724.500s][info][gc,heap     ] GC(3008) Humongous regions: 5->5
[2024-08-15T16:00:28.555+0000][12724.500s][info][gc,metaspace] GC(3008) Metaspace: 442427K(448832K)->442427K(448832K) NonClass: 387539K(391104K)->387539K(391104K) Class: 54887K(57728K)->54887K(57728K)
[2024-08-15T16:00:28.555+0000][12724.500s][info][gc          ] GC(3008) Pause Young (Mixed) (G1 Evacuation Pause) 4774M->4175M(12288M) 63.631ms
[2024-08-15T16:00:28.555+0000][12724.500s][info][gc,cpu      ] GC(3008) User=0.38s Sys=0.00s Real=0.07s
[2024-08-15T16:00:33.212+0000][12729.157s][info][gc,start    ] GC(3009) Pause Young (Normal) (G1 Evacuation Pause)
[2024-08-15T16:00:33.212+0000][12729.157s][info][gc,task     ] GC(3009) Using 6 workers of 6 for evacuation
[2024-08-15T16:00:33.229+0000][12729.174s][info][gc,phases   ] GC(3009)   Pre Evacuate Collection Set: 0.2ms
[2024-08-15T16:00:33.229+0000][12729.174s][info][gc,phases   ] GC(3009)   Merge Heap Roots: 0.2ms
[2024-08-15T16:00:33.229+0000][12729.174s][info][gc,phases   ] GC(3009)   Evacuate Collection Set: 14.6ms
[2024-08-15T16:00:33.229+0000][12729.174s][info][gc,phases   ] GC(3009)   Post Evacuate Collection Set: 1.7ms
[2024-08-15T16:00:33.229+0000][12729.174s][info][gc,phases   ] GC(3009)   Other: 0.2ms
[2024-08-15T16:00:33.229+0000][12729.174s][info][gc,heap     ] GC(3009) Eden regions: 694->0(691)
[2024-08-15T16:00:33.229+0000][12729.174s][info][gc,heap     ] GC(3009) Survivor regions: 6->8(88)
[2024-08-15T16:00:33.229+0000][12729.174s][info][gc,heap     ] GC(3009) Old regions: 511->511
[2024-08-15T16:00:33.229+0000][12729.174s][info][gc,heap     ] GC(3009) Archive regions: 2->2
[2024-08-15T16:00:33.229+0000][12729.174s][info][gc,heap     ] GC(3009) Humongous regions: 5->5
[2024-08-15T16:00:33.229+0000][12729.174s][info][gc,metaspace] GC(3009) Metaspace: 442427K(448832K)->442427K(448832K) NonClass: 387539K(391104K)->387539K(391104K) Class: 54887K(57728K)->54887K(57728K)
[2024-08-15T16:00:33.229+0000][12729.174s][info][gc          ] GC(3009) Pause Young (Normal) (G1 Evacuation Pause) 9727M->4190M(12288M) 16.898ms
[2024-08-15T16:00:33.229+0000][12729.174s][info][gc,cpu      ] GC(3009) User=0.10s Sys=0.00s Real=0.02s
[2024-08-15T16:00:37.900+0000][12733.845s][info][gc,start    ] GC(3010) Pause Young (Normal) (G1 Evacuation Pause)
[2024-08-15T16:00:37.900+0000][12733.845s][info][gc,task     ] GC(3010) Using 6 workers of 6 for evacuation
[2024-08-15T16:00:37.918+0000][12733.862s][info][gc,phases   ] GC(3010)   Pre Evacuate Collection Set: 0.2ms
[2024-08-15T16:00:37.918+0000][12733.862s][info][gc,phases   ] GC(3010)   Merge Heap Roots: 0.2ms
[2024-08-15T16:00:37.918+0000][12733.862s][info][gc,phases   ] GC(3010)   Evacuate Collection Set: 15.1ms
[2024-08-15T16:00:37.918+0000][12733.862s][info][gc,phases   ] GC(3010)   Post Evacuate Collection Set: 1.7ms
[2024-08-15T16:00:37.918+0000][12733.862s][info][gc,phases   ] GC(3010)   Other: 0.2ms
[2024-08-15T16:00:37.918+0000][12733.862s][info][gc,heap     ] GC(3010) Eden regions: 691->0(689)
[2024-08-15T16:00:37.918+0000][12733.862s][info][gc,heap     ] GC(3010) Survivor regions: 8->10(88)
[2024-08-15T16:00:37.918+0000][12733.862s][info][gc,heap     ] GC(3010) Old regions: 511->511
[2024-08-15T16:00:37.918+0000][12733.862s][info][gc,heap     ] GC(3010) Archive regions: 2->2
[2024-08-15T16:00:37.918+0000][12733.862s][info][gc,heap     ] GC(3010) Humongous regions: 5->5
[2024-08-15T16:00:37.918+0000][12733.862s][info][gc,metaspace] GC(3010) Metaspace: 442427K(448832K)->442427K(448832K) NonClass: 387539K(391104K)->387539K(391104K) Class: 54887K(57728K)->54887K(57728K)
[2024-08-15T16:00:37.918+0000][12733.863s][info][gc          ] GC(3010) Pause Young (Normal) (G1 Evacuation Pause) 9718M->4207M(12288M) 17.452ms
[2024-08-15T16:00:37.918+0000][12733.863s][info][gc,cpu      ] GC(3010) User=0.10s Sys=0.00s Real=0.02s
[2024-08-15T16:00:42.427+0000][12738.372s][info][gc,start    ] GC(3011) Pause Young (Concurrent Start) (G1 Evacuation Pause)
[2024-08-15T16:00:42.427+0000][12738.372s][info][gc,task     ] GC(3011) Using 6 workers of 6 for evacuation
[2024-08-15T16:00:42.447+0000][12738.391s][info][gc,phases   ] GC(3011)   Pre Evacuate Collection Set: 0.5ms
[2024-08-15T16:00:42.447+0000][12738.391s][info][gc,phases   ] GC(3011)   Merge Heap Roots: 0.2ms
[2024-08-15T16:00:42.447+0000][12738.391s][info][gc,phases   ] GC(3011)   Evacuate Collection Set: 16.6ms
[2024-08-15T16:00:42.447+0000][12738.391s][info][gc,phases   ] GC(3011)   Post Evacuate Collection Set: 1.8ms
[2024-08-15T16:00:42.447+0000][12738.391s][info][gc,phases   ] GC(3011)   Other: 0.3ms
[2024-08-15T16:00:42.447+0000][12738.391s][info][gc,heap     ] GC(3011) Eden regions: 689->0(691)
[2024-08-15T16:00:42.447+0000][12738.391s][info][gc,heap     ] GC(3011) Survivor regions: 10->9(88)
[2024-08-15T16:00:42.447+0000][12738.391s][info][gc,heap     ] GC(3011) Old regions: 511->511
[2024-08-15T16:00:42.447+0000][12738.391s][info][gc,heap     ] GC(3011) Archive regions: 2->2
[2024-08-15T16:00:42.447+0000][12738.391s][info][gc,heap     ] GC(3011) Humongous regions: 5->5
[2024-08-15T16:00:42.447+0000][12738.391s][info][gc,metaspace] GC(3011) Metaspace: 442432K(448832K)->442432K(448832K) NonClass: 387544K(391104K)->387544K(391104K) Class: 54887K(57728K)->54887K(57728K)
[2024-08-15T16:00:42.447+0000][12738.391s][info][gc          ] GC(3011) Pause Young (Concurrent Start) (G1 Evacuation Pause) 9719M->4200M(12288M) 19.515ms
[2024-08-15T16:00:42.447+0000][12738.391s][info][gc,cpu      ] GC(3011) User=0.11s Sys=0.00s Real=0.02s
[2024-08-15T16:00:42.447+0000][12738.391s][info][gc          ] GC(3012) Concurrent Mark Cycle
[2024-08-15T16:00:42.447+0000][12738.392s][info][gc,marking  ] GC(3012) Concurrent Clear Claimed Marks
[2024-08-15T16:00:42.447+0000][12738.392s][info][gc,marking  ] GC(3012) Concurrent Clear Claimed Marks 0.392ms
[2024-08-15T16:00:42.447+0000][12738.392s][info][gc,marking  ] GC(3012) Concurrent Scan Root Regions
[2024-08-15T16:00:42.462+0000][12738.407s][info][gc,marking  ] GC(3012) Concurrent Scan Root Regions 15.001ms
[2024-08-15T16:00:42.462+0000][12738.407s][info][gc,marking  ] GC(3012) Concurrent Mark
[2024-08-15T16:00:42.462+0000][12738.407s][info][gc,marking  ] GC(3012) Concurrent Mark From Roots
[2024-08-15T16:00:42.462+0000][12738.407s][info][gc,task     ] GC(3012) Using 2 workers of 2 for marking
[2024-08-15T16:00:45.676+0000][12741.621s][info][gc,marking  ] GC(3012) Concurrent Mark From Roots 3213.730ms
[2024-08-15T16:00:45.676+0000][12741.621s][info][gc,marking  ] GC(3012) Concurrent Preclean
[2024-08-15T16:00:45.678+0000][12741.622s][info][gc,marking  ] GC(3012) Concurrent Preclean 1.458ms
[2024-08-15T16:00:45.678+0000][12741.622s][info][gc,start    ] GC(3012) Pause Remark
[2024-08-15T16:00:45.702+0000][12741.646s][info][gc          ] GC(3012) Pause Remark 7496M->7496M(12288M) 23.808ms
[2024-08-15T16:00:45.702+0000][12741.646s][info][gc,cpu      ] GC(3012) User=0.10s Sys=0.00s Real=0.02s
[2024-08-15T16:00:45.702+0000][12741.646s][info][gc,marking  ] GC(3012) Concurrent Mark 3239.437ms
[2024-08-15T16:00:45.702+0000][12741.646s][info][gc,marking  ] GC(3012) Concurrent Rebuild Remembered Sets
[2024-08-15T16:00:47.714+0000][12743.658s][info][gc,marking  ] GC(3012) Concurrent Rebuild Remembered Sets 2011.847ms
[2024-08-15T16:00:47.714+0000][12743.658s][info][gc,start    ] GC(3012) Pause Cleanup
[2024-08-15T16:00:47.714+0000][12743.659s][info][gc          ] GC(3012) Pause Cleanup 9708M->9708M(12288M) 0.603ms
[2024-08-15T16:00:47.714+0000][12743.659s][info][gc,cpu      ] GC(3012) User=0.00s Sys=0.00s Real=0.00s
[2024-08-15T16:00:47.714+0000][12743.659s][info][gc,marking  ] GC(3012) Concurrent Cleanup for Next Mark
[2024-08-15T16:00:47.731+0000][12743.676s][info][gc,marking  ] GC(3012) Concurrent Cleanup for Next Mark 16.939ms
[2024-08-15T16:00:47.731+0000][12743.676s][info][gc          ] GC(3012) Concurrent Mark Cycle 5284.601ms
[2024-08-15T16:00:47.739+0000][12743.683s][info][gc,start    ] GC(3013) Pause Young (Prepare Mixed) (G1 Evacuation Pause)
[2024-08-15T16:00:47.739+0000][12743.683s][info][gc,task     ] GC(3013) Using 6 workers of 6 for evacuation
[2024-08-15T16:00:47.764+0000][12743.709s][info][gc,phases   ] GC(3013)   Pre Evacuate Collection Set: 0.2ms
[2024-08-15T16:00:47.764+0000][12743.709s][info][gc,phases   ] GC(3013)   Merge Heap Roots: 0.4ms
[2024-08-15T16:00:47.764+0000][12743.709s][info][gc,phases   ] GC(3013)   Evacuate Collection Set: 23.2ms
[2024-08-15T16:00:47.764+0000][12743.709s][info][gc,phases   ] GC(3013)   Post Evacuate Collection Set: 1.9ms
[2024-08-15T16:00:47.764+0000][12743.709s][info][gc,phases   ] GC(3013)   Other: 0.2ms
[2024-08-15T16:00:47.764+0000][12743.709s][info][gc,heap     ] GC(3013) Eden regions: 691->0(65)
[2024-08-15T16:00:47.764+0000][12743.709s][info][gc,heap     ] GC(3013) Survivor regions: 9->11(88)
[2024-08-15T16:00:47.764+0000][12743.709s][info][gc,heap     ] GC(3013) Old regions: 511->511
[2024-08-15T16:00:47.764+0000][12743.709s][info][gc,heap     ] GC(3013) Archive regions: 2->2
[2024-08-15T16:00:47.764+0000][12743.709s][info][gc,heap     ] GC(3013) Humongous regions: 5->5
[2024-08-15T16:00:47.764+0000][12743.709s][info][gc,metaspace] GC(3013) Metaspace: 442432K(448832K)->442432K(448832K) NonClass: 387544K(391104K)->387544K(391104K) Class: 54887K(57728K)->54887K(57728K)
[2024-08-15T16:00:47.765+0000][12743.709s][info][gc          ] GC(3013) Pause Young (Prepare Mixed) (G1 Evacuation Pause) 9728M->4216M(12288M) 25.860ms
[2024-08-15T16:00:47.765+0000][12743.709s][info][gc,cpu      ] GC(3013) User=0.15s Sys=0.00s Real=0.03s
[2024-08-15T16:00:48.196+0000][12744.140s][info][gc,start    ] GC(3014) Pause Young (Mixed) (G1 Evacuation Pause)
[2024-08-15T16:00:48.196+0000][12744.140s][info][gc,task     ] GC(3014) Using 6 workers of 6 for evacuation
[2024-08-15T16:00:48.262+0000][12744.207s][info][gc,phases   ] GC(3014)   Pre Evacuate Collection Set: 0.2ms
[2024-08-15T16:00:48.262+0000][12744.207s][info][gc,phases   ] GC(3014)   Merge Heap Roots: 0.5ms
[2024-08-15T16:00:48.262+0000][12744.207s][info][gc,phases   ] GC(3014)   Evacuate Collection Set: 64.2ms
[2024-08-15T16:00:48.262+0000][12744.207s][info][gc,phases   ] GC(3014)   Post Evacuate Collection Set: 1.2ms
[2024-08-15T16:00:48.262+0000][12744.207s][info][gc,phases   ] GC(3014)   Other: 0.2ms
[2024-08-15T16:00:48.262+0000][12744.207s][info][gc,heap     ] GC(3014) Eden regions: 65->0(694)
[2024-08-15T16:00:48.262+0000][12744.207s][info][gc,heap     ] GC(3014) Survivor regions: 11->6(10)
[2024-08-15T16:00:48.262+0000][12744.207s][info][gc,heap     ] GC(3014) Old regions: 511->510
[2024-08-15T16:00:48.262+0000][12744.207s][info][gc,heap     ] GC(3014) Archive regions: 2->2
[2024-08-15T16:00:48.262+0000][12744.207s][info][gc,heap     ] GC(3014) Humongous regions: 5->5
[2024-08-15T16:00:48.262+0000][12744.207s][info][gc,metaspace] GC(3014) Metaspace: 442432K(448832K)->442432K(448832K) NonClass: 387544K(391104K)->387544K(391104K) Class: 54887K(57728K)->54887K(57728K)
[2024-08-15T16:00:48.262+0000][12744.207s][info][gc          ] GC(3014) Pause Young (Mixed) (G1 Evacuation Pause) 4736M->4171M(12288M) 66.298ms
[2024-08-15T16:00:48.262+0000][12744.207s][info][gc,cpu      ] GC(3014) User=0.39s Sys=0.00s Real=0.06s
[2024-08-15T16:00:52.943+0000][12748.888s][info][gc,start    ] GC(3015) Pause Young (Normal) (G1 Evacuation Pause)
[2024-08-15T16:00:52.943+0000][12748.888s][info][gc,task     ] GC(3015) Using 6 workers of 6 for evacuation
[2024-08-15T16:00:52.957+0000][12748.902s][info][gc,phases   ] GC(3015)   Pre Evacuate Collection Set: 0.2ms
[2024-08-15T16:00:52.957+0000][12748.902s][info][gc,phases   ] GC(3015)   Merge Heap Roots: 0.2ms
[2024-08-15T16:00:52.957+0000][12748.902s][info][gc,phases   ] GC(3015)   Evacuate Collection Set: 11.9ms
[2024-08-15T16:00:52.957+0000][12748.902s][info][gc,phases   ] GC(3015)   Post Evacuate Collection Set: 1.7ms
[2024-08-15T16:00:52.957+0000][12748.902s][info][gc,phases   ] GC(3015)   Other: 0.2ms
[2024-08-15T16:00:52.957+0000][12748.902s][info][gc,heap     ] GC(3015) Eden regions: 694->0(692)
[2024-08-15T16:00:52.957+0000][12748.902s][info][gc,heap     ] GC(3015) Survivor regions: 6->8(88)
[2024-08-15T16:00:52.957+0000][12748.902s][info][gc,heap     ] GC(3015) Old regions: 510->510
[2024-08-15T16:00:52.957+0000][12748.902s][info][gc,heap     ] GC(3015) Archive regions: 2->2
[2024-08-15T16:00:52.957+0000][12748.902s][info][gc,heap     ] GC(3015) Humongous regions: 5->5
[2024-08-15T16:00:52.957+0000][12748.902s][info][gc,metaspace] GC(3015) Metaspace: 442432K(448832K)->442432K(448832K) NonClass: 387544K(391104K)->387544K(391104K) Class: 54887K(57728K)->54887K(57728K)
[2024-08-15T16:00:52.958+0000][12748.902s][info][gc          ] GC(3015) Pause Young (Normal) (G1 Evacuation Pause) 9723M->4184M(12288M) 14.197ms
[2024-08-15T16:00:52.958+0000][12748.902s][info][gc,cpu      ] GC(3015) User=0.08s Sys=0.00s Real=0.01s
[2024-08-15T16:00:57.535+0000][12753.479s][info][gc,start    ] GC(3016) Pause Young (Normal) (G1 Evacuation Pause)
[2024-08-15T16:00:57.535+0000][12753.479s][info][gc,task     ] GC(3016) Using 6 workers of 6 for evacuation
[2024-08-15T16:00:57.550+0000][12753.495s][info][gc,phases   ] GC(3016)   Pre Evacuate Collection Set: 0.2ms
[2024-08-15T16:00:57.550+0000][12753.495s][info][gc,phases   ] GC(3016)   Merge Heap Roots: 0.3ms
[2024-08-15T16:00:57.550+0000][12753.495s][info][gc,phases   ] GC(3016)   Evacuate Collection Set: 13.4ms
[2024-08-15T16:00:57.550+0000][12753.495s][info][gc,phases   ] GC(3016)   Post Evacuate Collection Set: 1.7ms
[2024-08-15T16:00:57.550+0000][12753.495s][info][gc,phases   ] GC(3016)   Other: 0.2ms
[2024-08-15T16:00:57.550+0000][12753.495s][info][gc,heap     ] GC(3016) Eden regions: 692->0(691)
[2024-08-15T16:00:57.550+0000][12753.495s][info][gc,heap     ] GC(3016) Survivor regions: 8->8(88)
[2024-08-15T16:00:57.550+0000][12753.495s][info][gc,heap     ] GC(3016) Old regions: 510->510
[2024-08-15T16:00:57.550+0000][12753.495s][info][gc,heap     ] GC(3016) Archive regions: 2->2
[2024-08-15T16:00:57.550+0000][12753.495s][info][gc,heap     ] GC(3016) Humongous regions: 5->5
[2024-08-15T16:00:57.550+0000][12753.495s][info][gc,metaspace] GC(3016) Metaspace: 442432K(448832K)->442432K(448832K) NonClass: 387544K(391104K)->387544K(391104K) Class: 54887K(57728K)->54887K(57728K)
[2024-08-15T16:00:57.550+0000][12753.495s][info][gc          ] GC(3016) Pause Young (Normal) (G1 Evacuation Pause) 9720M->4185M(12288M) 15.793ms
[2024-08-15T16:00:57.550+0000][12753.495s][info][gc,cpu      ] GC(3016) User=0.08s Sys=0.00s Real=0.02s
[2024-08-15T16:01:02.217+0000][12758.161s][info][gc,start    ] GC(3017) Pause Young (Concurrent Start) (G1 Evacuation Pause)
[2024-08-15T16:01:02.217+0000][12758.161s][info][gc,task     ] GC(3017) Using 6 workers of 6 for evacuation
[2024-08-15T16:01:02.236+0000][12758.180s][info][gc,phases   ] GC(3017)   Pre Evacuate Collection Set: 0.6ms
[2024-08-15T16:01:02.236+0000][12758.180s][info][gc,phases   ] GC(3017)   Merge Heap Roots: 0.2ms
[2024-08-15T16:01:02.236+0000][12758.180s][info][gc,phases   ] GC(3017)   Evacuate Collection Set: 16.2ms
[2024-08-15T16:01:02.236+0000][12758.180s][info][gc,phases   ] GC(3017)   Post Evacuate Collection Set: 1.7ms
[2024-08-15T16:01:02.236+0000][12758.180s][info][gc,phases   ] GC(3017)   Other: 0.3ms
[2024-08-15T16:01:02.236+0000][12758.180s][info][gc,heap     ] GC(3017) Eden regions: 691->0(690)
[2024-08-15T16:01:02.236+0000][12758.180s][info][gc,heap     ] GC(3017) Survivor regions: 8->9(88)
[2024-08-15T16:01:02.236+0000][12758.180s][info][gc,heap     ] GC(3017) Old regions: 510->510
[2024-08-15T16:01:02.236+0000][12758.180s][info][gc,heap     ] GC(3017) Archive regions: 2->2
[2024-08-15T16:01:02.236+0000][12758.180s][info][gc,heap     ] GC(3017) Humongous regions: 5->5
[2024-08-15T16:01:02.236+0000][12758.180s][info][gc,metaspace] GC(3017) Metaspace: 442432K(448832K)->442432K(448832K) NonClass: 387544K(391104K)->387544K(391104K) Class: 54887K(57728K)->54887K(57728K)
[2024-08-15T16:01:02.236+0000][12758.180s][info][gc          ] GC(3017) Pause Young (Concurrent Start) (G1 Evacuation Pause) 9713M->4195M(12288M) 18.987ms
[2024-08-15T16:01:02.236+0000][12758.180s][info][gc,cpu      ] GC(3017) User=0.11s Sys=0.00s Real=0.02s
[2024-08-15T16:01:02.236+0000][12758.180s][info][gc          ] GC(3018) Concurrent Mark Cycle
[2024-08-15T16:01:02.236+0000][12758.180s][info][gc,marking  ] GC(3018) Concurrent Clear Claimed Marks
[2024-08-15T16:01:02.236+0000][12758.181s][info][gc,marking  ] GC(3018) Concurrent Clear Claimed Marks 0.372ms
[2024-08-15T16:01:02.236+0000][12758.181s][info][gc,marking  ] GC(3018) Concurrent Scan Root Regions
[2024-08-15T16:01:02.251+0000][12758.196s][info][gc,marking  ] GC(3018) Concurrent Scan Root Regions 14.799ms
[2024-08-15T16:01:02.251+0000][12758.196s][info][gc,marking  ] GC(3018) Concurrent Mark
[2024-08-15T16:01:02.251+0000][12758.196s][info][gc,marking  ] GC(3018) Concurrent Mark From Roots
[2024-08-15T16:01:02.251+0000][12758.196s][info][gc,task     ] GC(3018) Using 2 workers of 2 for marking
[2024-08-15T16:01:05.524+0000][12761.469s][info][gc,marking  ] GC(3018) Concurrent Mark From Roots 3273.079ms
[2024-08-15T16:01:05.524+0000][12761.469s][info][gc,marking  ] GC(3018) Concurrent Preclean
[2024-08-15T16:01:05.526+0000][12761.470s][info][gc,marking  ] GC(3018) Concurrent Preclean 1.582ms
[2024-08-15T16:01:05.526+0000][12761.471s][info][gc,start    ] GC(3018) Pause Remark
[2024-08-15T16:01:05.550+0000][12761.494s][info][gc          ] GC(3018) Pause Remark 7647M->7647M(12288M) 23.626ms
[2024-08-15T16:01:05.550+0000][12761.494s][info][gc,cpu      ] GC(3018) User=0.10s Sys=0.00s Real=0.02s
[2024-08-15T16:01:05.550+0000][12761.494s][info][gc,marking  ] GC(3018) Concurrent Mark 3298.709ms
[2024-08-15T16:01:05.550+0000][12761.494s][info][gc,marking  ] GC(3018) Concurrent Rebuild Remembered Sets
[2024-08-15T16:01:07.466+0000][12763.410s][info][gc,start    ] GC(3019) Pause Young (Normal) (G1 Evacuation Pause)
[2024-08-15T16:01:07.466+0000][12763.410s][info][gc,task     ] GC(3019) Using 6 workers of 6 for evacuation
[2024-08-15T16:01:07.487+0000][12763.432s][info][gc,phases   ] GC(3019)   Pre Evacuate Collection Set: 0.2ms
[2024-08-15T16:01:07.487+0000][12763.432s][info][gc,phases   ] GC(3019)   Merge Heap Roots: 0.3ms
[2024-08-15T16:01:07.487+0000][12763.432s][info][gc,phases   ] GC(3019)   Evacuate Collection Set: 19.0ms
[2024-08-15T16:01:07.487+0000][12763.432s][info][gc,phases   ] GC(3019)   Post Evacuate Collection Set: 1.8ms
[2024-08-15T16:01:07.487+0000][12763.432s][info][gc,phases   ] GC(3019)   Other: 0.2ms
[2024-08-15T16:01:07.487+0000][12763.432s][info][gc,heap     ] GC(3019) Eden regions: 690->0(690)
[2024-08-15T16:01:07.487+0000][12763.432s][info][gc,heap     ] GC(3019) Survivor regions: 9->10(88)
[2024-08-15T16:01:07.487+0000][12763.432s][info][gc,heap     ] GC(3019) Old regions: 510->510
[2024-08-15T16:01:07.487+0000][12763.432s][info][gc,heap     ] GC(3019) Archive regions: 2->2
[2024-08-15T16:01:07.487+0000][12763.432s][info][gc,heap     ] GC(3019) Humongous regions: 5->5
[2024-08-15T16:01:07.487+0000][12763.432s][info][gc,metaspace] GC(3019) Metaspace: 442432K(448832K)->442432K(448832K) NonClass: 387544K(391104K)->387544K(391104K) Class: 54887K(57728K)->54887K(57728K)
[2024-08-15T16:01:07.487+0000][12763.432s][info][gc          ] GC(3019) Pause Young (Normal) (G1 Evacuation Pause) 9715M->4197M(12288M) 21.496ms
[2024-08-15T16:01:07.487+0000][12763.432s][info][gc,cpu      ] GC(3019) User=0.12s Sys=0.01s Real=0.02s
[2024-08-15T16:01:07.497+0000][12763.442s][info][gc,marking  ] GC(3018) Concurrent Rebuild Remembered Sets 1947.481ms
[2024-08-15T16:01:07.498+0000][12763.442s][info][gc,start    ] GC(3018) Pause Cleanup
[2024-08-15T16:01:07.498+0000][12763.443s][info][gc          ] GC(3018) Pause Cleanup 4221M->4221M(12288M) 0.543ms
[2024-08-15T16:01:07.498+0000][12763.443s][info][gc,cpu      ] GC(3018) User=0.00s Sys=0.00s Real=0.00s
[2024-08-15T16:01:07.498+0000][12763.443s][info][gc,marking  ] GC(3018) Concurrent Cleanup for Next Mark
[2024-08-15T16:01:07.527+0000][12763.471s][info][gc,marking  ] GC(3018) Concurrent Cleanup for Next Mark 28.546ms
[2024-08-15T16:01:07.527+0000][12763.471s][info][gc          ] GC(3018) Concurrent Mark Cycle 5290.916ms
[2024-08-15T16:01:12.184+0000][12768.129s][info][gc,start    ] GC(3020) Pause Young (Prepare Mixed) (G1 Evacuation Pause)
[2024-08-15T16:01:12.184+0000][12768.129s][info][gc,task     ] GC(3020) Using 6 workers of 6 for evacuation
[2024-08-15T16:01:12.207+0000][12768.152s][info][gc,phases   ] GC(3020)   Pre Evacuate Collection Set: 0.2ms
[2024-08-15T16:01:12.208+0000][12768.152s][info][gc,phases   ] GC(3020)   Merge Heap Roots: 0.3ms
[2024-08-15T16:01:12.208+0000][12768.152s][info][gc,phases   ] GC(3020)   Evacuate Collection Set: 21.1ms
[2024-08-15T16:01:12.208+0000][12768.152s][info][gc,phases   ] GC(3020)   Post Evacuate Collection Set: 1.7ms
[2024-08-15T16:01:12.208+0000][12768.152s][info][gc,phases   ] GC(3020)   Other: 0.2ms
[2024-08-15T16:01:12.208+0000][12768.152s][info][gc,heap     ] GC(3020) Eden regions: 690->0(64)
[2024-08-15T16:01:12.208+0000][12768.152s][info][gc,heap     ] GC(3020) Survivor regions: 10->12(88)
[2024-08-15T16:01:12.208+0000][12768.152s][info][gc,heap     ] GC(3020) Old regions: 510->510
[2024-08-15T16:01:12.208+0000][12768.152s][info][gc,heap     ] GC(3020) Archive regions: 2->2
[2024-08-15T16:01:12.208+0000][12768.152s][info][gc,heap     ] GC(3020) Humongous regions: 5->5
[2024-08-15T16:01:12.208+0000][12768.152s][info][gc,metaspace] GC(3020) Metaspace: 442432K(448832K)->442432K(448832K) NonClass: 387544K(391104K)->387544K(391104K) Class: 54887K(57728K)->54887K(57728K)
[2024-08-15T16:01:12.208+0000][12768.152s][info][gc          ] GC(3020) Pause Young (Prepare Mixed) (G1 Evacuation Pause) 9717M->4214M(12288M) 23.509ms
[2024-08-15T16:01:12.208+0000][12768.152s][info][gc,cpu      ] GC(3020) User=0.14s Sys=0.00s Real=0.02s
[2024-08-15T16:01:12.497+0000][12768.442s][info][gc,start    ] GC(3021) Pause Young (Mixed) (G1 Evacuation Pause)
[2024-08-15T16:01:12.497+0000][12768.442s][info][gc,task     ] GC(3021) Using 6 workers of 6 for evacuation
[2024-08-15T16:01:12.561+0000][12768.505s][info][gc,phases   ] GC(3021)   Pre Evacuate Collection Set: 0.2ms
[2024-08-15T16:01:12.561+0000][12768.505s][info][gc,phases   ] GC(3021)   Merge Heap Roots: 0.4ms
[2024-08-15T16:01:12.561+0000][12768.505s][info][gc,phases   ] GC(3021)   Evacuate Collection Set: 61.6ms
[2024-08-15T16:01:12.561+0000][12768.505s][info][gc,phases   ] GC(3021)   Post Evacuate Collection Set: 1.3ms
[2024-08-15T16:01:12.561+0000][12768.505s][info][gc,phases   ] GC(3021)   Other: 0.2ms
[2024-08-15T16:01:12.561+0000][12768.505s][info][gc,heap     ] GC(3021) Eden regions: 64->0(692)
[2024-08-15T16:01:12.561+0000][12768.505s][info][gc,heap     ] GC(3021) Survivor regions: 12->5(10)
[2024-08-15T16:01:12.561+0000][12768.505s][info][gc,heap     ] GC(3021) Old regions: 510->513
[2024-08-15T16:01:12.561+0000][12768.505s][info][gc,heap     ] GC(3021) Archive regions: 2->2
[2024-08-15T16:01:12.561+0000][12768.505s][info][gc,heap     ] GC(3021) Humongous regions: 5->5
[2024-08-15T16:01:12.561+0000][12768.505s][info][gc,metaspace] GC(3021) Metaspace: 442432K(448832K)->442432K(448832K) NonClass: 387544K(391104K)->387544K(391104K) Class: 54887K(57728K)->54887K(57728K)
[2024-08-15T16:01:12.561+0000][12768.505s][info][gc          ] GC(3021) Pause Young (Mixed) (G1 Evacuation Pause) 4726M->4178M(12288M) 63.680ms
[2024-08-15T16:01:12.561+0000][12768.505s][info][gc,cpu      ] GC(3021) User=0.37s Sys=0.00s Real=0.06s
[2024-08-15T16:01:16.726+0000][12772.671s][info][gc,start    ] GC(3022) Pause Young (Normal) (G1 Evacuation Pause)
[2024-08-15T16:01:16.726+0000][12772.671s][info][gc,task     ] GC(3022) Using 6 workers of 6 for evacuation
[2024-08-15T16:01:16.737+0000][12772.681s][info][gc,phases   ] GC(3022)   Pre Evacuate Collection Set: 0.2ms
[2024-08-15T16:01:16.737+0000][12772.682s][info][gc,phases   ] GC(3022)   Merge Heap Roots: 0.2ms
[2024-08-15T16:01:16.737+0000][12772.682s][info][gc,phases   ] GC(3022)   Evacuate Collection Set: 8.8ms
[2024-08-15T16:01:16.737+0000][12772.682s][info][gc,phases   ] GC(3022)   Post Evacuate Collection Set: 1.7ms
[2024-08-15T16:01:16.737+0000][12772.682s][info][gc,phases   ] GC(3022)   Other: 0.2ms
[2024-08-15T16:01:16.737+0000][12772.682s][info][gc,heap     ] GC(3022) Eden regions: 692->0(692)
[2024-08-15T16:01:16.737+0000][12772.682s][info][gc,heap     ] GC(3022) Survivor regions: 5->5(88)
[2024-08-15T16:01:16.737+0000][12772.682s][info][gc,heap     ] GC(3022) Old regions: 513->513
[2024-08-15T16:01:16.737+0000][12772.682s][info][gc,heap     ] GC(3022) Archive regions: 2->2
[2024-08-15T16:01:16.737+0000][12772.682s][info][gc,heap     ] GC(3022) Humongous regions: 5->5
[2024-08-15T16:01:16.737+0000][12772.682s][info][gc,metaspace] GC(3022) Metaspace: 442432K(448832K)->442432K(448832K) NonClass: 387544K(391104K)->387544K(391104K) Class: 54887K(57728K)->54887K(57728K)
[2024-08-15T16:01:16.737+0000][12772.682s][info][gc          ] GC(3022) Pause Young (Normal) (G1 Evacuation Pause) 9714M->4183M(12288M) 11.068ms
[2024-08-15T16:01:16.737+0000][12772.682s][info][gc,cpu      ] GC(3022) User=0.04s Sys=0.01s Real=0.01s
[2024-08-15T16:01:21.410+0000][12777.354s][info][gc,start    ] GC(3023) Pause Young (Normal) (G1 Evacuation Pause)
[2024-08-15T16:01:21.410+0000][12777.354s][info][gc,task     ] GC(3023) Using 6 workers of 6 for evacuation
[2024-08-15T16:01:21.423+0000][12777.368s][info][gc,phases   ] GC(3023)   Pre Evacuate Collection Set: 0.2ms
[2024-08-15T16:01:21.423+0000][12777.368s][info][gc,phases   ] GC(3023)   Merge Heap Roots: 0.2ms
[2024-08-15T16:01:21.423+0000][12777.368s][info][gc,phases   ] GC(3023)   Evacuate Collection Set: 11.2ms
[2024-08-15T16:01:21.423+0000][12777.368s][info][gc,phases   ] GC(3023)   Post Evacuate Collection Set: 1.7ms
[2024-08-15T16:01:21.423+0000][12777.368s][info][gc,phases   ] GC(3023)   Other: 0.2ms
[2024-08-15T16:01:21.423+0000][12777.368s][info][gc,heap     ] GC(3023) Eden regions: 692->0(690)
[2024-08-15T16:01:21.423+0000][12777.368s][info][gc,heap     ] GC(3023) Survivor regions: 5->7(88)
[2024-08-15T16:01:21.423+0000][12777.368s][info][gc,heap     ] GC(3023) Old regions: 513->513
[2024-08-15T16:01:21.423+0000][12777.368s][info][gc,heap     ] GC(3023) Archive regions: 2->2
[2024-08-15T16:01:21.423+0000][12777.368s][info][gc,heap     ] GC(3023) Humongous regions: 5->5
[2024-08-15T16:01:21.423+0000][12777.368s][info][gc,metaspace] GC(3023) Metaspace: 442432K(448832K)->442432K(448832K) NonClass: 387544K(391104K)->387544K(391104K) Class: 54887K(57728K)->54887K(57728K)
[2024-08-15T16:01:21.423+0000][12777.368s][info][gc          ] GC(3023) Pause Young (Normal) (G1 Evacuation Pause) 9719M->4198M(12288M) 13.597ms
[2024-08-15T16:01:21.423+0000][12777.368s][info][gc,cpu      ] GC(3023) User=0.07s Sys=0.00s Real=0.02s
[2024-08-15T16:01:25.894+0000][12781.838s][info][gc,start    ] GC(3024) Pause Young (Concurrent Start) (G1 Evacuation Pause)
[2024-08-15T16:01:25.894+0000][12781.838s][info][gc,task     ] GC(3024) Using 6 workers of 6 for evacuation
[2024-08-15T16:01:25.909+0000][12781.854s][info][gc,phases   ] GC(3024)   Pre Evacuate Collection Set: 0.5ms
[2024-08-15T16:01:25.909+0000][12781.854s][info][gc,phases   ] GC(3024)   Merge Heap Roots: 0.2ms
[2024-08-15T16:01:25.909+0000][12781.854s][info][gc,phases   ] GC(3024)   Evacuate Collection Set: 13.1ms
[2024-08-15T16:01:25.909+0000][12781.854s][info][gc,phases   ] GC(3024)   Post Evacuate Collection Set: 1.7ms
[2024-08-15T16:01:25.909+0000][12781.854s][info][gc,phases   ] GC(3024)   Other: 0.3ms
[2024-08-15T16:01:25.909+0000][12781.854s][info][gc,heap     ] GC(3024) Eden regions: 690->0(690)
[2024-08-15T16:01:25.909+0000][12781.854s][info][gc,heap     ] GC(3024) Survivor regions: 7->7(88)
[2024-08-15T16:01:25.909+0000][12781.854s][info][gc,heap     ] GC(3024) Old regions: 513->513
[2024-08-15T16:01:25.909+0000][12781.854s][info][gc,heap     ] GC(3024) Archive regions: 2->2
[2024-08-15T16:01:25.909+0000][12781.854s][info][gc,heap     ] GC(3024) Humongous regions: 5->5
[2024-08-15T16:01:25.909+0000][12781.854s][info][gc,metaspace] GC(3024) Metaspace: 442432K(448832K)->442432K(448832K) NonClass: 387544K(391104K)->387544K(391104K) Class: 54887K(57728K)->54887K(57728K)
[2024-08-15T16:01:25.910+0000][12781.854s][info][gc          ] GC(3024) Pause Young (Concurrent Start) (G1 Evacuation Pause) 9718M->4194M(12288M) 15.849ms
[2024-08-15T16:01:25.910+0000][12781.854s][info][gc,cpu      ] GC(3024) User=0.08s Sys=0.00s Real=0.02s
[2024-08-15T16:01:25.910+0000][12781.854s][info][gc          ] GC(3025) Concurrent Mark Cycle
[2024-08-15T16:01:25.910+0000][12781.854s][info][gc,marking  ] GC(3025) Concurrent Clear Claimed Marks
[2024-08-15T16:01:25.910+0000][12781.855s][info][gc,marking  ] GC(3025) Concurrent Clear Claimed Marks 0.399ms
[2024-08-15T16:01:25.910+0000][12781.855s][info][gc,marking  ] GC(3025) Concurrent Scan Root Regions
[2024-08-15T16:01:25.924+0000][12781.869s][info][gc,marking  ] GC(3025) Concurrent Scan Root Regions 14.068ms
[2024-08-15T16:01:25.924+0000][12781.869s][info][gc,marking  ] GC(3025) Concurrent Mark
[2024-08-15T16:01:25.924+0000][12781.869s][info][gc,marking  ] GC(3025) Concurrent Mark From Roots
[2024-08-15T16:01:25.924+0000][12781.869s][info][gc,task     ] GC(3025) Using 2 workers of 2 for marking
[2024-08-15T16:01:29.135+0000][12785.080s][info][gc,marking  ] GC(3025) Concurrent Mark From Roots 3210.864ms
[2024-08-15T16:01:29.135+0000][12785.080s][info][gc,marking  ] GC(3025) Concurrent Preclean
[2024-08-15T16:01:29.137+0000][12785.082s][info][gc,marking  ] GC(3025) Concurrent Preclean 2.047ms
[2024-08-15T16:01:29.137+0000][12785.082s][info][gc,start    ] GC(3025) Pause Remark
[2024-08-15T16:01:29.161+0000][12785.105s][info][gc          ] GC(3025) Pause Remark 7474M->7472M(12288M) 23.382ms
[2024-08-15T16:01:29.161+0000][12785.105s][info][gc,cpu      ] GC(3025) User=0.10s Sys=0.01s Real=0.02s
[2024-08-15T16:01:29.161+0000][12785.105s][info][gc,marking  ] GC(3025) Concurrent Mark 3236.671ms
[2024-08-15T16:01:29.161+0000][12785.105s][info][gc,marking  ] GC(3025) Concurrent Rebuild Remembered Sets
[2024-08-15T16:01:31.133+0000][12787.078s][info][gc,marking  ] GC(3025) Concurrent Rebuild Remembered Sets 1972.121ms
[2024-08-15T16:01:31.133+0000][12787.078s][info][gc,start    ] GC(3025) Pause Cleanup
[2024-08-15T16:01:31.134+0000][12787.078s][info][gc          ] GC(3025) Pause Cleanup 9592M->9592M(12288M) 0.524ms
[2024-08-15T16:01:31.134+0000][12787.078s][info][gc,cpu      ] GC(3025) User=0.00s Sys=0.00s Real=0.00s
[2024-08-15T16:01:31.134+0000][12787.078s][info][gc,marking  ] GC(3025) Concurrent Cleanup for Next Mark
[2024-08-15T16:01:31.150+0000][12787.095s][info][gc,marking  ] GC(3025) Concurrent Cleanup for Next Mark 16.628ms
[2024-08-15T16:01:31.150+0000][12787.095s][info][gc          ] GC(3025) Concurrent Mark Cycle 5240.908ms
[2024-08-15T16:01:31.236+0000][12787.180s][info][gc,start    ] GC(3026) Pause Young (Prepare Mixed) (G1 Evacuation Pause)
[2024-08-15T16:01:31.236+0000][12787.180s][info][gc,task     ] GC(3026) Using 6 workers of 6 for evacuation
[2024-08-15T16:01:31.255+0000][12787.200s][info][gc,phases   ] GC(3026)   Pre Evacuate Collection Set: 0.2ms
[2024-08-15T16:01:31.255+0000][12787.200s][info][gc,phases   ] GC(3026)   Merge Heap Roots: 0.3ms
[2024-08-15T16:01:31.255+0000][12787.200s][info][gc,phases   ] GC(3026)   Evacuate Collection Set: 16.9ms
[2024-08-15T16:01:31.255+0000][12787.200s][info][gc,phases   ] GC(3026)   Post Evacuate Collection Set: 1.7ms
[2024-08-15T16:01:31.255+0000][12787.200s][info][gc,phases   ] GC(3026)   Other: 0.3ms
[2024-08-15T16:01:31.255+0000][12787.200s][info][gc,heap     ] GC(3026) Eden regions: 690->0(67)
[2024-08-15T16:01:31.255+0000][12787.200s][info][gc,heap     ] GC(3026) Survivor regions: 7->9(88)
[2024-08-15T16:01:31.255+0000][12787.200s][info][gc,heap     ] GC(3026) Old regions: 512->512
[2024-08-15T16:01:31.255+0000][12787.200s][info][gc,heap     ] GC(3026) Archive regions: 2->2
[2024-08-15T16:01:31.255+0000][12787.200s][info][gc,heap     ] GC(3026) Humongous regions: 5->5
[2024-08-15T16:01:31.255+0000][12787.200s][info][gc,metaspace] GC(3026) Metaspace: 442432K(448832K)->442432K(448832K) NonClass: 387544K(391104K)->387544K(391104K) Class: 54887K(57728K)->54887K(57728K)
[2024-08-15T16:01:31.255+0000][12787.200s][info][gc          ] GC(3026) Pause Young (Prepare Mixed) (G1 Evacuation Pause) 9712M->4208M(12288M) 19.442ms
[2024-08-15T16:01:31.255+0000][12787.200s][info][gc,cpu      ] GC(3026) User=0.11s Sys=0.00s Real=0.02s
[2024-08-15T16:01:31.701+0000][12787.645s][info][gc,start    ] GC(3027) Pause Young (Mixed) (G1 Evacuation Pause)
[2024-08-15T16:01:31.701+0000][12787.645s][info][gc,task     ] GC(3027) Using 6 workers of 6 for evacuation
[2024-08-15T16:01:31.753+0000][12787.697s][info][gc,phases   ] GC(3027)   Pre Evacuate Collection Set: 0.2ms
[2024-08-15T16:01:31.753+0000][12787.697s][info][gc,phases   ] GC(3027)   Merge Heap Roots: 0.4ms
[2024-08-15T16:01:31.753+0000][12787.697s][info][gc,phases   ] GC(3027)   Evacuate Collection Set: 50.0ms
[2024-08-15T16:01:31.753+0000][12787.697s][info][gc,phases   ] GC(3027)   Post Evacuate Collection Set: 1.3ms
[2024-08-15T16:01:31.753+0000][12787.697s][info][gc,phases   ] GC(3027)   Other: 0.2ms
[2024-08-15T16:01:31.753+0000][12787.697s][info][gc,heap     ] GC(3027) Eden regions: 67->0(694)
[2024-08-15T16:01:31.753+0000][12787.697s][info][gc,heap     ] GC(3027) Survivor regions: 9->7(10)
[2024-08-15T16:01:31.753+0000][12787.697s][info][gc,heap     ] GC(3027) Old regions: 512->509
[2024-08-15T16:01:31.753+0000][12787.697s][info][gc,heap     ] GC(3027) Archive regions: 2->2
[2024-08-15T16:01:31.753+0000][12787.697s][info][gc,heap     ] GC(3027) Humongous regions: 5->5
[2024-08-15T16:01:31.753+0000][12787.697s][info][gc,metaspace] GC(3027) Metaspace: 442432K(448832K)->442432K(448832K) NonClass: 387544K(391104K)->387544K(391104K) Class: 54887K(57728K)->54887K(57728K)
[2024-08-15T16:01:31.753+0000][12787.697s][info][gc          ] GC(3027) Pause Young (Mixed) (G1 Evacuation Pause) 4744M->4163M(12288M) 52.094ms
[2024-08-15T16:01:31.753+0000][12787.697s][info][gc,cpu      ] GC(3027) User=0.30s Sys=0.00s Real=0.05s
[2024-08-15T16:01:36.397+0000][12792.342s][info][gc,start    ] GC(3028) Pause Young (Normal) (G1 Evacuation Pause)
[2024-08-15T16:01:36.397+0000][12792.342s][info][gc,task     ] GC(3028) Using 6 workers of 6 for evacuation
[2024-08-15T16:01:36.411+0000][12792.356s][info][gc,phases   ] GC(3028)   Pre Evacuate Collection Set: 0.2ms
[2024-08-15T16:01:36.411+0000][12792.356s][info][gc,phases   ] GC(3028)   Merge Heap Roots: 0.2ms
[2024-08-15T16:01:36.411+0000][12792.356s][info][gc,phases   ] GC(3028)   Evacuate Collection Set: 11.8ms
[2024-08-15T16:01:36.411+0000][12792.356s][info][gc,phases   ] GC(3028)   Post Evacuate Collection Set: 1.8ms
[2024-08-15T16:01:36.411+0000][12792.356s][info][gc,phases   ] GC(3028)   Other: 0.2ms
[2024-08-15T16:01:36.411+0000][12792.356s][info][gc,heap     ] GC(3028) Eden regions: 694->0(693)
[2024-08-15T16:01:36.411+0000][12792.356s][info][gc,heap     ] GC(3028) Survivor regions: 7->8(88)
[2024-08-15T16:01:36.411+0000][12792.356s][info][gc,heap     ] GC(3028) Old regions: 509->509
[2024-08-15T16:01:36.411+0000][12792.356s][info][gc,heap     ] GC(3028) Archive regions: 2->2
[2024-08-15T16:01:36.411+0000][12792.356s][info][gc,heap     ] GC(3028) Humongous regions: 5->5
[2024-08-15T16:01:36.411+0000][12792.356s][info][gc,metaspace] GC(3028) Metaspace: 442441K(448832K)->442441K(448832K) NonClass: 387553K(391104K)->387553K(391104K) Class: 54887K(57728K)->54887K(57728K)
[2024-08-15T16:01:36.411+0000][12792.356s][info][gc          ] GC(3028) Pause Young (Normal) (G1 Evacuation Pause) 9715M->4177M(12288M) 14.252ms
[2024-08-15T16:01:36.412+0000][12792.356s][info][gc,cpu      ] GC(3028) User=0.08s Sys=0.00s Real=0.01s
[2024-08-15T16:01:40.964+0000][12796.908s][info][gc,start    ] GC(3029) Pause Young (Normal) (G1 Evacuation Pause)
[2024-08-15T16:01:40.964+0000][12796.908s][info][gc,task     ] GC(3029) Using 6 workers of 6 for evacuation
[2024-08-15T16:01:40.979+0000][12796.924s][info][gc,phases   ] GC(3029)   Pre Evacuate Collection Set: 0.2ms
[2024-08-15T16:01:40.979+0000][12796.924s][info][gc,phases   ] GC(3029)   Merge Heap Roots: 0.2ms
[2024-08-15T16:01:40.979+0000][12796.924s][info][gc,phases   ] GC(3029)   Evacuate Collection Set: 13.5ms
[2024-08-15T16:01:40.979+0000][12796.924s][info][gc,phases   ] GC(3029)   Post Evacuate Collection Set: 1.8ms
[2024-08-15T16:01:40.979+0000][12796.924s][info][gc,phases   ] GC(3029)   Other: 0.2ms
[2024-08-15T16:01:40.979+0000][12796.924s][info][gc,heap     ] GC(3029) Eden regions: 693->0(693)
[2024-08-15T16:01:40.979+0000][12796.924s][info][gc,heap     ] GC(3029) Survivor regions: 8->8(88)
[2024-08-15T16:01:40.979+0000][12796.924s][info][gc,heap     ] GC(3029) Old regions: 509->509
[2024-08-15T16:01:40.979+0000][12796.924s][info][gc,heap     ] GC(3029) Archive regions: 2->2
[2024-08-15T16:01:40.979+0000][12796.924s][info][gc,heap     ] GC(3029) Humongous regions: 5->5
[2024-08-15T16:01:40.979+0000][12796.924s][info][gc,metaspace] GC(3029) Metaspace: 442441K(448832K)->442441K(448832K) NonClass: 387553K(391104K)->387553K(391104K) Class: 54887K(57728K)->54887K(57728K)
[2024-08-15T16:01:40.979+0000][12796.924s][info][gc          ] GC(3029) Pause Young (Normal) (G1 Evacuation Pause) 9721M->4171M(12288M) 15.962ms
[2024-08-15T16:01:40.980+0000][12796.924s][info][gc,cpu      ] GC(3029) User=0.09s Sys=0.00s Real=0.01s
[2024-08-15T16:01:45.862+0000][12801.807s][info][gc,start    ] GC(3030) Pause Young (Concurrent Start) (G1 Evacuation Pause)
[2024-08-15T16:01:45.862+0000][12801.807s][info][gc,task     ] GC(3030) Using 6 workers of 6 for evacuation
[2024-08-15T16:01:45.882+0000][12801.827s][info][gc,phases   ] GC(3030)   Pre Evacuate Collection Set: 0.5ms
[2024-08-15T16:01:45.882+0000][12801.827s][info][gc,phases   ] GC(3030)   Merge Heap Roots: 0.2ms
[2024-08-15T16:01:45.882+0000][12801.827s][info][gc,phases   ] GC(3030)   Evacuate Collection Set: 17.3ms
[2024-08-15T16:01:45.882+0000][12801.827s][info][gc,phases   ] GC(3030)   Post Evacuate Collection Set: 1.7ms
[2024-08-15T16:01:45.882+0000][12801.827s][info][gc,phases   ] GC(3030)   Other: 0.3ms
[2024-08-15T16:01:45.882+0000][12801.827s][info][gc,heap     ] GC(3030) Eden regions: 693->0(692)
[2024-08-15T16:01:45.882+0000][12801.827s][info][gc,heap     ] GC(3030) Survivor regions: 8->9(88)
[2024-08-15T16:01:45.882+0000][12801.827s][info][gc,heap     ] GC(3030) Old regions: 509->509
[2024-08-15T16:01:45.882+0000][12801.827s][info][gc,heap     ] GC(3030) Archive regions: 2->2
[2024-08-15T16:01:45.882+0000][12801.827s][info][gc,heap     ] GC(3030) Humongous regions: 5->5
[2024-08-15T16:01:45.882+0000][12801.827s][info][gc,metaspace] GC(3030) Metaspace: 442441K(448832K)->442441K(448832K) NonClass: 387553K(391104K)->387553K(391104K) Class: 54887K(57728K)->54887K(57728K)
[2024-08-15T16:01:45.882+0000][12801.827s][info][gc          ] GC(3030) Pause Young (Concurrent Start) (G1 Evacuation Pause) 9715M->4184M(12288M) 20.087ms
[2024-08-15T16:01:45.882+0000][12801.827s][info][gc,cpu      ] GC(3030) User=0.12s Sys=0.00s Real=0.02s
[2024-08-15T16:01:45.882+0000][12801.827s][info][gc          ] GC(3031) Concurrent Mark Cycle
[2024-08-15T16:01:45.882+0000][12801.827s][info][gc,marking  ] GC(3031) Concurrent Clear Claimed Marks
[2024-08-15T16:01:45.883+0000][12801.827s][info][gc,marking  ] GC(3031) Concurrent Clear Claimed Marks 0.375ms
[2024-08-15T16:01:45.883+0000][12801.827s][info][gc,marking  ] GC(3031) Concurrent Scan Root Regions
[2024-08-15T16:01:45.898+0000][12801.843s][info][gc,marking  ] GC(3031) Concurrent Scan Root Regions 15.447ms
[2024-08-15T16:01:45.898+0000][12801.843s][info][gc,marking  ] GC(3031) Concurrent Mark
[2024-08-15T16:01:45.898+0000][12801.843s][info][gc,marking  ] GC(3031) Concurrent Mark From Roots
[2024-08-15T16:01:45.898+0000][12801.843s][info][gc,task     ] GC(3031) Using 2 workers of 2 for marking
[2024-08-15T16:01:49.202+0000][12805.147s][info][gc,marking  ] GC(3031) Concurrent Mark From Roots 3304.049ms
[2024-08-15T16:01:49.202+0000][12805.147s][info][gc,marking  ] GC(3031) Concurrent Preclean
[2024-08-15T16:01:49.204+0000][12805.149s][info][gc,marking  ] GC(3031) Concurrent Preclean 1.963ms
[2024-08-15T16:01:49.204+0000][12805.149s][info][gc,start    ] GC(3031) Pause Remark
[2024-08-15T16:01:49.228+0000][12805.173s][info][gc          ] GC(3031) Pause Remark 7656M->7656M(12288M) 23.551ms
[2024-08-15T16:01:49.228+0000][12805.173s][info][gc,cpu      ] GC(3031) User=0.10s Sys=0.00s Real=0.02s
[2024-08-15T16:01:49.228+0000][12805.173s][info][gc,marking  ] GC(3031) Concurrent Mark 3330.047ms
[2024-08-15T16:01:49.228+0000][12805.173s][info][gc,marking  ] GC(3031) Concurrent Rebuild Remembered Sets
[2024-08-15T16:01:50.757+0000][12806.701s][info][gc,start    ] GC(3032) Pause Young (Normal) (G1 Evacuation Pause)
[2024-08-15T16:01:50.757+0000][12806.701s][info][gc,task     ] GC(3032) Using 6 workers of 6 for evacuation
[2024-08-15T16:01:50.777+0000][12806.722s][info][gc,phases   ] GC(3032)   Pre Evacuate Collection Set: 0.2ms
[2024-08-15T16:01:50.777+0000][12806.722s][info][gc,phases   ] GC(3032)   Merge Heap Roots: 0.3ms
[2024-08-15T16:01:50.777+0000][12806.722s][info][gc,phases   ] GC(3032)   Evacuate Collection Set: 18.2ms
[2024-08-15T16:01:50.777+0000][12806.722s][info][gc,phases   ] GC(3032)   Post Evacuate Collection Set: 1.8ms
[2024-08-15T16:01:50.777+0000][12806.722s][info][gc,phases   ] GC(3032)   Other: 0.2ms
[2024-08-15T16:01:50.777+0000][12806.722s][info][gc,heap     ] GC(3032) Eden regions: 692->0(692)
[2024-08-15T16:01:50.777+0000][12806.722s][info][gc,heap     ] GC(3032) Survivor regions: 9->9(88)
[2024-08-15T16:01:50.777+0000][12806.722s][info][gc,heap     ] GC(3032) Old regions: 509->509
[2024-08-15T16:01:50.777+0000][12806.722s][info][gc,heap     ] GC(3032) Archive regions: 2->2
[2024-08-15T16:01:50.777+0000][12806.722s][info][gc,heap     ] GC(3032) Humongous regions: 5->5
[2024-08-15T16:01:50.777+0000][12806.722s][info][gc,metaspace] GC(3032) Metaspace: 442441K(448832K)->442441K(448832K) NonClass: 387553K(391104K)->387553K(391104K) Class: 54887K(57728K)->54887K(57728K)
[2024-08-15T16:01:50.777+0000][12806.722s][info][gc          ] GC(3032) Pause Young (Normal) (G1 Evacuation Pause) 9720M->4183M(12288M) 20.664ms
[2024-08-15T16:01:50.777+0000][12806.722s][info][gc,cpu      ] GC(3032) User=0.12s Sys=0.00s Real=0.02s
[2024-08-15T16:01:51.326+0000][12807.271s][info][gc,marking  ] GC(3031) Concurrent Rebuild Remembered Sets 2098.212ms
[2024-08-15T16:01:51.327+0000][12807.271s][info][gc,start    ] GC(3031) Pause Cleanup
[2024-08-15T16:01:51.327+0000][12807.272s][info][gc          ] GC(3031) Pause Cleanup 4735M->4735M(12288M) 0.548ms
[2024-08-15T16:01:51.327+0000][12807.272s][info][gc,cpu      ] GC(3031) User=0.00s Sys=0.00s Real=0.00s
[2024-08-15T16:01:51.327+0000][12807.272s][info][gc,marking  ] GC(3031) Concurrent Cleanup for Next Mark
[2024-08-15T16:01:51.356+0000][12807.301s][info][gc,marking  ] GC(3031) Concurrent Cleanup for Next Mark 28.767ms
[2024-08-15T16:01:51.356+0000][12807.301s][info][gc          ] GC(3031) Concurrent Mark Cycle 5473.875ms
[2024-08-15T16:01:54.779+0000][12810.724s][info][gc,start    ] GC(3033) Pause Young (Prepare Mixed) (G1 Evacuation Pause)
[2024-08-15T16:01:54.779+0000][12810.724s][info][gc,task     ] GC(3033) Using 6 workers of 6 for evacuation
[2024-08-15T16:01:54.802+0000][12810.747s][info][gc,phases   ] GC(3033)   Pre Evacuate Collection Set: 0.2ms
[2024-08-15T16:01:54.802+0000][12810.747s][info][gc,phases   ] GC(3033)   Merge Heap Roots: 0.3ms
[2024-08-15T16:01:54.802+0000][12810.747s][info][gc,phases   ] GC(3033)   Evacuate Collection Set: 20.5ms
[2024-08-15T16:01:54.802+0000][12810.747s][info][gc,phases   ] GC(3033)   Post Evacuate Collection Set: 1.8ms
[2024-08-15T16:01:54.802+0000][12810.747s][info][gc,phases   ] GC(3033)   Other: 0.2ms
[2024-08-15T16:01:54.802+0000][12810.747s][info][gc,heap     ] GC(3033) Eden regions: 692->0(65)
[2024-08-15T16:01:54.802+0000][12810.747s][info][gc,heap     ] GC(3033) Survivor regions: 9->11(88)
[2024-08-15T16:01:54.802+0000][12810.747s][info][gc,heap     ] GC(3033) Old regions: 509->509
[2024-08-15T16:01:54.802+0000][12810.747s][info][gc,heap     ] GC(3033) Archive regions: 2->2
[2024-08-15T16:01:54.802+0000][12810.747s][info][gc,heap     ] GC(3033) Humongous regions: 5->5
[2024-08-15T16:01:54.802+0000][12810.747s][info][gc,metaspace] GC(3033) Metaspace: 442441K(448832K)->442441K(448832K) NonClass: 387553K(391104K)->387553K(391104K) Class: 54887K(57728K)->54887K(57728K)
[2024-08-15T16:01:54.802+0000][12810.747s][info][gc          ] GC(3033) Pause Young (Prepare Mixed) (G1 Evacuation Pause) 9719M->4197M(12288M) 22.948ms
[2024-08-15T16:01:54.802+0000][12810.747s][info][gc,cpu      ] GC(3033) User=0.13s Sys=0.00s Real=0.02s
[2024-08-15T16:01:55.334+0000][12811.279s][info][gc,start    ] GC(3034) Pause Young (Mixed) (G1 Evacuation Pause)
[2024-08-15T16:01:55.334+0000][12811.279s][info][gc,task     ] GC(3034) Using 6 workers of 6 for evacuation
[2024-08-15T16:01:55.403+0000][12811.348s][info][gc,phases   ] GC(3034)   Pre Evacuate Collection Set: 0.2ms
[2024-08-15T16:01:55.403+0000][12811.348s][info][gc,phases   ] GC(3034)   Merge Heap Roots: 0.5ms
[2024-08-15T16:01:55.403+0000][12811.348s][info][gc,phases   ] GC(3034)   Evacuate Collection Set: 67.0ms
[2024-08-15T16:01:55.403+0000][12811.348s][info][gc,phases   ] GC(3034)   Post Evacuate Collection Set: 1.3ms
[2024-08-15T16:01:55.403+0000][12811.348s][info][gc,phases   ] GC(3034)   Other: 0.2ms
[2024-08-15T16:01:55.403+0000][12811.348s][info][gc,heap     ] GC(3034) Eden regions: 65->0(695)
[2024-08-15T16:01:55.403+0000][12811.348s][info][gc,heap     ] GC(3034) Survivor regions: 11->6(10)
[2024-08-15T16:01:55.403+0000][12811.348s][info][gc,heap     ] GC(3034) Old regions: 509->509
[2024-08-15T16:01:55.403+0000][12811.348s][info][gc,heap     ] GC(3034) Archive regions: 2->2
[2024-08-15T16:01:55.403+0000][12811.348s][info][gc,heap     ] GC(3034) Humongous regions: 5->5
[2024-08-15T16:01:55.403+0000][12811.348s][info][gc,metaspace] GC(3034) Metaspace: 442441K(448832K)->442441K(448832K) NonClass: 387553K(391104K)->387553K(391104K) Class: 54887K(57728K)->54887K(57728K)
[2024-08-15T16:01:55.403+0000][12811.348s][info][gc          ] GC(3034) Pause Young (Mixed) (G1 Evacuation Pause) 4717M->4162M(12288M) 69.216ms
[2024-08-15T16:01:55.403+0000][12811.348s][info][gc,cpu      ] GC(3034) User=0.41s Sys=0.00s Real=0.08s
[2024-08-15T16:02:00.127+0000][12816.072s][info][gc,start    ] GC(3035) Pause Young (Normal) (G1 Evacuation Pause)
[2024-08-15T16:02:00.127+0000][12816.072s][info][gc,task     ] GC(3035) Using 6 workers of 6 for evacuation
[2024-08-15T16:02:00.145+0000][12816.090s][info][gc,phases   ] GC(3035)   Pre Evacuate Collection Set: 0.2ms
[2024-08-15T16:02:00.145+0000][12816.090s][info][gc,phases   ] GC(3035)   Merge Heap Roots: 0.3ms
[2024-08-15T16:02:00.145+0000][12816.090s][info][gc,phases   ] GC(3035)   Evacuate Collection Set: 15.8ms
[2024-08-15T16:02:00.145+0000][12816.090s][info][gc,phases   ] GC(3035)   Post Evacuate Collection Set: 1.6ms
[2024-08-15T16:02:00.145+0000][12816.090s][info][gc,phases   ] GC(3035)   Other: 0.2ms
[2024-08-15T16:02:00.145+0000][12816.090s][info][gc,heap     ] GC(3035) Eden regions: 695->0(692)
[2024-08-15T16:02:00.145+0000][12816.090s][info][gc,heap     ] GC(3035) Survivor regions: 6->9(88)
[2024-08-15T16:02:00.145+0000][12816.090s][info][gc,heap     ] GC(3035) Old regions: 509->509
[2024-08-15T16:02:00.145+0000][12816.090s][info][gc,heap     ] GC(3035) Archive regions: 2->2
[2024-08-15T16:02:00.145+0000][12816.090s][info][gc,heap     ] GC(3035) Humongous regions: 5->5
[2024-08-15T16:02:00.145+0000][12816.090s][info][gc,metaspace] GC(3035) Metaspace: 442441K(448832K)->442441K(448832K) NonClass: 387553K(391104K)->387553K(391104K) Class: 54887K(57728K)->54887K(57728K)
[2024-08-15T16:02:00.145+0000][12816.090s][info][gc          ] GC(3035) Pause Young (Normal) (G1 Evacuation Pause) 9722M->4181M(12288M) 18.089ms
[2024-08-15T16:02:00.146+0000][12816.090s][info][gc,cpu      ] GC(3035) User=0.10s Sys=0.01s Real=0.02s
[2024-08-15T16:02:04.407+0000][12820.352s][info][gc,start    ] GC(3036) Pause Young (Normal) (G1 Evacuation Pause)
[2024-08-15T16:02:04.407+0000][12820.352s][info][gc,task     ] GC(3036) Using 6 workers of 6 for evacuation
[2024-08-15T16:02:04.427+0000][12820.371s][info][gc,phases   ] GC(3036)   Pre Evacuate Collection Set: 0.2ms
[2024-08-15T16:02:04.427+0000][12820.371s][info][gc,phases   ] GC(3036)   Merge Heap Roots: 0.3ms
[2024-08-15T16:02:04.427+0000][12820.371s][info][gc,phases   ] GC(3036)   Evacuate Collection Set: 17.2ms
[2024-08-15T16:02:04.427+0000][12820.371s][info][gc,phases   ] GC(3036)   Post Evacuate Collection Set: 1.7ms
[2024-08-15T16:02:04.427+0000][12820.371s][info][gc,phases   ] GC(3036)   Other: 0.2ms
[2024-08-15T16:02:04.427+0000][12820.371s][info][gc,heap     ] GC(3036) Eden regions: 692->0(693)
[2024-08-15T16:02:04.427+0000][12820.371s][info][gc,heap     ] GC(3036) Survivor regions: 9->8(88)
[2024-08-15T16:02:04.427+0000][12820.371s][info][gc,heap     ] GC(3036) Old regions: 509->509
[2024-08-15T16:02:04.427+0000][12820.371s][info][gc,heap     ] GC(3036) Archive regions: 2->2
[2024-08-15T16:02:04.427+0000][12820.371s][info][gc,heap     ] GC(3036) Humongous regions: 5->5
[2024-08-15T16:02:04.427+0000][12820.371s][info][gc,metaspace] GC(3036) Metaspace: 442441K(448832K)->442441K(448832K) NonClass: 387553K(391104K)->387553K(391104K) Class: 54887K(57728K)->54887K(57728K)
[2024-08-15T16:02:04.427+0000][12820.371s][info][gc          ] GC(3036) Pause Young (Normal) (G1 Evacuation Pause) 9717M->4177M(12288M) 19.624ms
[2024-08-15T16:02:04.427+0000][12820.371s][info][gc,cpu      ] GC(3036) User=0.11s Sys=0.00s Real=0.02s
[2024-08-15T16:02:09.068+0000][12825.013s][info][gc,start    ] GC(3037) Pause Young (Concurrent Start) (G1 Evacuation Pause)
[2024-08-15T16:02:09.068+0000][12825.013s][info][gc,task     ] GC(3037) Using 6 workers of 6 for evacuation
[2024-08-15T16:02:09.088+0000][12825.033s][info][gc,phases   ] GC(3037)   Pre Evacuate Collection Set: 0.5ms
[2024-08-15T16:02:09.088+0000][12825.033s][info][gc,phases   ] GC(3037)   Merge Heap Roots: 0.2ms
[2024-08-15T16:02:09.088+0000][12825.033s][info][gc,phases   ] GC(3037)   Evacuate Collection Set: 17.6ms
[2024-08-15T16:02:09.088+0000][12825.033s][info][gc,phases   ] GC(3037)   Post Evacuate Collection Set: 1.7ms
[2024-08-15T16:02:09.088+0000][12825.033s][info][gc,phases   ] GC(3037)   Other: 0.3ms
[2024-08-15T16:02:09.088+0000][12825.033s][info][gc,heap     ] GC(3037) Eden regions: 693->0(692)
[2024-08-15T16:02:09.088+0000][12825.033s][info][gc,heap     ] GC(3037) Survivor regions: 8->9(88)
[2024-08-15T16:02:09.088+0000][12825.033s][info][gc,heap     ] GC(3037) Old regions: 509->509
[2024-08-15T16:02:09.088+0000][12825.033s][info][gc,heap     ] GC(3037) Archive regions: 2->2
[2024-08-15T16:02:09.088+0000][12825.033s][info][gc,heap     ] GC(3037) Humongous regions: 5->5
[2024-08-15T16:02:09.088+0000][12825.033s][info][gc,metaspace] GC(3037) Metaspace: 442441K(448832K)->442441K(448832K) NonClass: 387553K(391104K)->387553K(391104K) Class: 54887K(57728K)->54887K(57728K)
[2024-08-15T16:02:09.088+0000][12825.033s][info][gc          ] GC(3037) Pause Young (Concurrent Start) (G1 Evacuation Pause) 9721M->4182M(12288M) 20.345ms
[2024-08-15T16:02:09.088+0000][12825.033s][info][gc,cpu      ] GC(3037) User=0.12s Sys=0.00s Real=0.02s
[2024-08-15T16:02:09.088+0000][12825.033s][info][gc          ] GC(3038) Concurrent Mark Cycle
[2024-08-15T16:02:09.088+0000][12825.033s][info][gc,marking  ] GC(3038) Concurrent Clear Claimed Marks
[2024-08-15T16:02:09.089+0000][12825.033s][info][gc,marking  ] GC(3038) Concurrent Clear Claimed Marks 0.402ms
[2024-08-15T16:02:09.089+0000][12825.034s][info][gc,marking  ] GC(3038) Concurrent Scan Root Regions
[2024-08-15T16:02:09.117+0000][12825.061s][info][gc,marking  ] GC(3038) Concurrent Scan Root Regions 27.686ms
[2024-08-15T16:02:09.117+0000][12825.061s][info][gc,marking  ] GC(3038) Concurrent Mark
[2024-08-15T16:02:09.117+0000][12825.061s][info][gc,marking  ] GC(3038) Concurrent Mark From Roots
[2024-08-15T16:02:09.117+0000][12825.061s][info][gc,task     ] GC(3038) Using 2 workers of 2 for marking
[2024-08-15T16:02:12.302+0000][12828.247s][info][gc,marking  ] GC(3038) Concurrent Mark From Roots 3185.354ms
[2024-08-15T16:02:12.302+0000][12828.247s][info][gc,marking  ] GC(3038) Concurrent Preclean
[2024-08-15T16:02:12.304+0000][12828.248s][info][gc,marking  ] GC(3038) Concurrent Preclean 1.728ms
[2024-08-15T16:02:12.304+0000][12828.249s][info][gc,start    ] GC(3038) Pause Remark
[2024-08-15T16:02:12.327+0000][12828.272s][info][gc          ] GC(3038) Pause Remark 7398M->7398M(12288M) 23.460ms
[2024-08-15T16:02:12.327+0000][12828.272s][info][gc,cpu      ] GC(3038) User=0.10s Sys=0.00s Real=0.02s
[2024-08-15T16:02:12.328+0000][12828.272s][info][gc,marking  ] GC(3038) Concurrent Mark 3211.061ms
[2024-08-15T16:02:12.328+0000][12828.272s][info][gc,marking  ] GC(3038) Concurrent Rebuild Remembered Sets
[2024-08-15T16:02:14.326+0000][12830.270s][info][gc,marking  ] GC(3038) Concurrent Rebuild Remembered Sets 1998.090ms
[2024-08-15T16:02:14.326+0000][12830.271s][info][gc,start    ] GC(3038) Pause Cleanup
[2024-08-15T16:02:14.327+0000][12830.271s][info][gc          ] GC(3038) Pause Cleanup 9614M->9614M(12288M) 0.521ms
[2024-08-15T16:02:14.327+0000][12830.271s][info][gc,cpu      ] GC(3038) User=0.01s Sys=0.00s Real=0.00s
[2024-08-15T16:02:14.327+0000][12830.271s][info][gc,marking  ] GC(3038) Concurrent Cleanup for Next Mark
[2024-08-15T16:02:14.343+0000][12830.288s][info][gc,marking  ] GC(3038) Concurrent Cleanup for Next Mark 16.645ms
[2024-08-15T16:02:14.343+0000][12830.288s][info][gc          ] GC(3038) Concurrent Mark Cycle 5254.879ms
[2024-08-15T16:02:14.410+0000][12830.355s][info][gc,start    ] GC(3039) Pause Young (Prepare Mixed) (G1 Evacuation Pause)
[2024-08-15T16:02:14.410+0000][12830.355s][info][gc,task     ] GC(3039) Using 6 workers of 6 for evacuation
[2024-08-15T16:02:14.435+0000][12830.380s][info][gc,phases   ] GC(3039)   Pre Evacuate Collection Set: 0.2ms
[2024-08-15T16:02:14.435+0000][12830.380s][info][gc,phases   ] GC(3039)   Merge Heap Roots: 0.3ms
[2024-08-15T16:02:14.435+0000][12830.380s][info][gc,phases   ] GC(3039)   Evacuate Collection Set: 22.7ms
[2024-08-15T16:02:14.435+0000][12830.380s][info][gc,phases   ] GC(3039)   Post Evacuate Collection Set: 1.6ms
[2024-08-15T16:02:14.435+0000][12830.380s][info][gc,phases   ] GC(3039)   Other: 0.2ms
[2024-08-15T16:02:14.435+0000][12830.380s][info][gc,heap     ] GC(3039) Eden regions: 692->0(65)
[2024-08-15T16:02:14.435+0000][12830.380s][info][gc,heap     ] GC(3039) Survivor regions: 9->11(88)
[2024-08-15T16:02:14.435+0000][12830.380s][info][gc,heap     ] GC(3039) Old regions: 509->509
[2024-08-15T16:02:14.435+0000][12830.380s][info][gc,heap     ] GC(3039) Archive regions: 2->2
[2024-08-15T16:02:14.435+0000][12830.380s][info][gc,heap     ] GC(3039) Humongous regions: 5->5
[2024-08-15T16:02:14.435+0000][12830.380s][info][gc,metaspace] GC(3039) Metaspace: 442441K(448832K)->442441K(448832K) NonClass: 387553K(391104K)->387553K(391104K) Class: 54887K(57728K)->54887K(57728K)
[2024-08-15T16:02:14.435+0000][12830.380s][info][gc          ] GC(3039) Pause Young (Prepare Mixed) (G1 Evacuation Pause) 9718M->4203M(12288M) 25.081ms
[2024-08-15T16:02:14.435+0000][12830.380s][info][gc,cpu      ] GC(3039) User=0.14s Sys=0.00s Real=0.03s
[2024-08-15T16:02:14.843+0000][12830.788s][info][gc,start    ] GC(3040) Pause Young (Mixed) (G1 Evacuation Pause)
[2024-08-15T16:02:14.843+0000][12830.788s][info][gc,task     ] GC(3040) Using 6 workers of 6 for evacuation
[2024-08-15T16:02:14.899+0000][12830.844s][info][gc,phases   ] GC(3040)   Pre Evacuate Collection Set: 0.2ms
[2024-08-15T16:02:14.899+0000][12830.844s][info][gc,phases   ] GC(3040)   Merge Heap Roots: 0.4ms
[2024-08-15T16:02:14.899+0000][12830.844s][info][gc,phases   ] GC(3040)   Evacuate Collection Set: 54.2ms
[2024-08-15T16:02:14.899+0000][12830.844s][info][gc,phases   ] GC(3040)   Post Evacuate Collection Set: 1.3ms
[2024-08-15T16:02:14.899+0000][12830.844s][info][gc,phases   ] GC(3040)   Other: 0.2ms
[2024-08-15T16:02:14.899+0000][12830.844s][info][gc,heap     ] GC(3040) Eden regions: 65->0(695)
[2024-08-15T16:02:14.899+0000][12830.844s][info][gc,heap     ] GC(3040) Survivor regions: 11->6(10)
[2024-08-15T16:02:14.899+0000][12830.844s][info][gc,heap     ] GC(3040) Old regions: 509->509
[2024-08-15T16:02:14.899+0000][12830.844s][info][gc,heap     ] GC(3040) Archive regions: 2->2
[2024-08-15T16:02:14.899+0000][12830.844s][info][gc,heap     ] GC(3040) Humongous regions: 5->5
[2024-08-15T16:02:14.899+0000][12830.844s][info][gc,metaspace] GC(3040) Metaspace: 442441K(448832K)->442441K(448832K) NonClass: 387553K(391104K)->387553K(391104K) Class: 54887K(57728K)->54887K(57728K)
[2024-08-15T16:02:14.899+0000][12830.844s][info][gc          ] GC(3040) Pause Young (Mixed) (G1 Evacuation Pause) 4723M->4163M(12288M) 56.299ms
[2024-08-15T16:02:14.899+0000][12830.844s][info][gc,cpu      ] GC(3040) User=0.33s Sys=0.01s Real=0.06s
[2024-08-15T16:02:19.553+0000][12835.497s][info][gc,start    ] GC(3041) Pause Young (Normal) (G1 Evacuation Pause)
[2024-08-15T16:02:19.553+0000][12835.497s][info][gc,task     ] GC(3041) Using 6 workers of 6 for evacuation
[2024-08-15T16:02:19.566+0000][12835.510s][info][gc,phases   ] GC(3041)   Pre Evacuate Collection Set: 0.2ms
[2024-08-15T16:02:19.566+0000][12835.510s][info][gc,phases   ] GC(3041)   Merge Heap Roots: 0.2ms
[2024-08-15T16:02:19.566+0000][12835.510s][info][gc,phases   ] GC(3041)   Evacuate Collection Set: 10.8ms
[2024-08-15T16:02:19.566+0000][12835.510s][info][gc,phases   ] GC(3041)   Post Evacuate Collection Set: 1.7ms
[2024-08-15T16:02:19.566+0000][12835.510s][info][gc,phases   ] GC(3041)   Other: 0.2ms
[2024-08-15T16:02:19.566+0000][12835.510s][info][gc,heap     ] GC(3041) Eden regions: 695->0(697)
[2024-08-15T16:02:19.566+0000][12835.510s][info][gc,heap     ] GC(3041) Survivor regions: 6->5(88)
[2024-08-15T16:02:19.566+0000][12835.510s][info][gc,heap     ] GC(3041) Old regions: 509->509
[2024-08-15T16:02:19.566+0000][12835.510s][info][gc,heap     ] GC(3041) Archive regions: 2->2
[2024-08-15T16:02:19.566+0000][12835.510s][info][gc,heap     ] GC(3041) Humongous regions: 5->5
[2024-08-15T16:02:19.566+0000][12835.510s][info][gc,metaspace] GC(3041) Metaspace: 442441K(448832K)->442441K(448832K) NonClass: 387553K(391104K)->387553K(391104K) Class: 54887K(57728K)->54887K(57728K)
[2024-08-15T16:02:19.566+0000][12835.510s][info][gc          ] GC(3041) Pause Young (Normal) (G1 Evacuation Pause) 9723M->4156M(12288M) 13.083ms
[2024-08-15T16:02:19.566+0000][12835.511s][info][gc,cpu      ] GC(3041) User=0.07s Sys=0.00s Real=0.02s
[2024-08-15T16:02:24.321+0000][12840.266s][info][gc,start    ] GC(3042) Pause Young (Normal) (G1 Evacuation Pause)
[2024-08-15T16:02:24.321+0000][12840.266s][info][gc,task     ] GC(3042) Using 6 workers of 6 for evacuation
[2024-08-15T16:02:24.337+0000][12840.281s][info][gc,phases   ] GC(3042)   Pre Evacuate Collection Set: 0.2ms
[2024-08-15T16:02:24.337+0000][12840.281s][info][gc,phases   ] GC(3042)   Merge Heap Roots: 0.2ms
[2024-08-15T16:02:24.337+0000][12840.281s][info][gc,phases   ] GC(3042)   Evacuate Collection Set: 12.9ms
[2024-08-15T16:02:24.337+0000][12840.281s][info][gc,phases   ] GC(3042)   Post Evacuate Collection Set: 1.7ms
[2024-08-15T16:02:24.337+0000][12840.281s][info][gc,phases   ] GC(3042)   Other: 0.2ms
[2024-08-15T16:02:24.337+0000][12840.281s][info][gc,heap     ] GC(3042) Eden regions: 697->0(693)
[2024-08-15T16:02:24.337+0000][12840.281s][info][gc,heap     ] GC(3042) Survivor regions: 5->8(88)
[2024-08-15T16:02:24.337+0000][12840.281s][info][gc,heap     ] GC(3042) Old regions: 509->509
[2024-08-15T16:02:24.337+0000][12840.281s][info][gc,heap     ] GC(3042) Archive regions: 2->2
[2024-08-15T16:02:24.337+0000][12840.281s][info][gc,heap     ] GC(3042) Humongous regions: 5->5
[2024-08-15T16:02:24.337+0000][12840.281s][info][gc,metaspace] GC(3042) Metaspace: 442441K(448832K)->442441K(448832K) NonClass: 387553K(391104K)->387553K(391104K) Class: 54887K(57728K)->54887K(57728K)
[2024-08-15T16:02:24.337+0000][12840.281s][info][gc          ] GC(3042) Pause Young (Normal) (G1 Evacuation Pause) 9732M->4173M(12288M) 15.306ms
[2024-08-15T16:02:24.337+0000][12840.281s][info][gc,cpu      ] GC(3042) User=0.09s Sys=0.00s Real=0.02s
[2024-08-15T16:02:29.021+0000][12844.966s][info][gc,start    ] GC(3043) Pause Young (Concurrent Start) (G1 Evacuation Pause)
[2024-08-15T16:02:29.021+0000][12844.966s][info][gc,task     ] GC(3043) Using 6 workers of 6 for evacuation
[2024-08-15T16:02:29.040+0000][12844.984s][info][gc,phases   ] GC(3043)   Pre Evacuate Collection Set: 0.5ms
[2024-08-15T16:02:29.040+0000][12844.984s][info][gc,phases   ] GC(3043)   Merge Heap Roots: 0.2ms
[2024-08-15T16:02:29.040+0000][12844.984s][info][gc,phases   ] GC(3043)   Evacuate Collection Set: 15.9ms
[2024-08-15T16:02:29.040+0000][12844.984s][info][gc,phases   ] GC(3043)   Post Evacuate Collection Set: 1.7ms
[2024-08-15T16:02:29.040+0000][12844.984s][info][gc,phases   ] GC(3043)   Other: 0.3ms
[2024-08-15T16:02:29.040+0000][12844.984s][info][gc,heap     ] GC(3043) Eden regions: 693->0(691)
[2024-08-15T16:02:29.040+0000][12844.984s][info][gc,heap     ] GC(3043) Survivor regions: 8->10(88)
[2024-08-15T16:02:29.040+0000][12844.984s][info][gc,heap     ] GC(3043) Old regions: 509->509
[2024-08-15T16:02:29.040+0000][12844.984s][info][gc,heap     ] GC(3043) Archive regions: 2->2
[2024-08-15T16:02:29.040+0000][12844.984s][info][gc,heap     ] GC(3043) Humongous regions: 5->5
[2024-08-15T16:02:29.040+0000][12844.984s][info][gc,metaspace] GC(3043) Metaspace: 442441K(448832K)->442441K(448832K) NonClass: 387553K(391104K)->387553K(391104K) Class: 54887K(57728K)->54887K(57728K)
[2024-08-15T16:02:29.040+0000][12844.984s][info][gc          ] GC(3043) Pause Young (Concurrent Start) (G1 Evacuation Pause) 9717M->4193M(12288M) 18.720ms
[2024-08-15T16:02:29.040+0000][12844.984s][info][gc,cpu      ] GC(3043) User=0.11s Sys=0.00s Real=0.02s
[2024-08-15T16:02:29.040+0000][12844.984s][info][gc          ] GC(3044) Concurrent Mark Cycle
[2024-08-15T16:02:29.040+0000][12844.984s][info][gc,marking  ] GC(3044) Concurrent Clear Claimed Marks
[2024-08-15T16:02:29.040+0000][12844.985s][info][gc,marking  ] GC(3044) Concurrent Clear Claimed Marks 0.367ms
[2024-08-15T16:02:29.040+0000][12844.985s][info][gc,marking  ] GC(3044) Concurrent Scan Root Regions
[2024-08-15T16:02:29.054+0000][12844.999s][info][gc,marking  ] GC(3044) Concurrent Scan Root Regions 13.948ms
[2024-08-15T16:02:29.054+0000][12844.999s][info][gc,marking  ] GC(3044) Concurrent Mark
[2024-08-15T16:02:29.054+0000][12844.999s][info][gc,marking  ] GC(3044) Concurrent Mark From Roots
[2024-08-15T16:02:29.054+0000][12844.999s][info][gc,task     ] GC(3044) Using 2 workers of 2 for marking
[2024-08-15T16:02:32.343+0000][12848.287s][info][gc,marking  ] GC(3044) Concurrent Mark From Roots 3288.621ms
[2024-08-15T16:02:32.343+0000][12848.287s][info][gc,marking  ] GC(3044) Concurrent Preclean
[2024-08-15T16:02:32.344+0000][12848.289s][info][gc,marking  ] GC(3044) Concurrent Preclean 1.401ms
[2024-08-15T16:02:32.344+0000][12848.289s][info][gc,start    ] GC(3044) Pause Remark
[2024-08-15T16:02:32.368+0000][12848.313s][info][gc          ] GC(3044) Pause Remark 7577M->7577M(12288M) 23.744ms
[2024-08-15T16:02:32.368+0000][12848.313s][info][gc,cpu      ] GC(3044) User=0.10s Sys=0.00s Real=0.02s
[2024-08-15T16:02:32.368+0000][12848.313s][info][gc,marking  ] GC(3044) Concurrent Mark 3314.303ms
[2024-08-15T16:02:32.368+0000][12848.313s][info][gc,marking  ] GC(3044) Concurrent Rebuild Remembered Sets
[2024-08-15T16:02:34.225+0000][12850.170s][info][gc,start    ] GC(3045) Pause Young (Normal) (G1 Evacuation Pause)
[2024-08-15T16:02:34.225+0000][12850.170s][info][gc,task     ] GC(3045) Using 6 workers of 6 for evacuation
[2024-08-15T16:02:34.249+0000][12850.193s][info][gc,phases   ] GC(3045)   Pre Evacuate Collection Set: 0.2ms
[2024-08-15T16:02:34.249+0000][12850.193s][info][gc,phases   ] GC(3045)   Merge Heap Roots: 0.3ms
[2024-08-15T16:02:34.249+0000][12850.193s][info][gc,phases   ] GC(3045)   Evacuate Collection Set: 21.1ms
[2024-08-15T16:02:34.249+0000][12850.193s][info][gc,phases   ] GC(3045)   Post Evacuate Collection Set: 1.6ms
[2024-08-15T16:02:34.249+0000][12850.193s][info][gc,phases   ] GC(3045)   Other: 0.2ms
[2024-08-15T16:02:34.249+0000][12850.193s][info][gc,heap     ] GC(3045) Eden regions: 691->0(693)
[2024-08-15T16:02:34.249+0000][12850.193s][info][gc,heap     ] GC(3045) Survivor regions: 10->9(88)
[2024-08-15T16:02:34.249+0000][12850.193s][info][gc,heap     ] GC(3045) Old regions: 509->509
[2024-08-15T16:02:34.249+0000][12850.193s][info][gc,heap     ] GC(3045) Archive regions: 2->2
[2024-08-15T16:02:34.249+0000][12850.193s][info][gc,heap     ] GC(3045) Humongous regions: 5->5
[2024-08-15T16:02:34.249+0000][12850.193s][info][gc,metaspace] GC(3045) Metaspace: 442441K(448832K)->442441K(448832K) NonClass: 387553K(391104K)->387553K(391104K) Class: 54887K(57728K)->54887K(57728K)
[2024-08-15T16:02:34.249+0000][12850.193s][info][gc          ] GC(3045) Pause Young (Normal) (G1 Evacuation Pause) 9721M->4184M(12288M) 23.449ms
[2024-08-15T16:02:34.249+0000][12850.194s][info][gc,cpu      ] GC(3045) User=0.13s Sys=0.01s Real=0.02s
[2024-08-15T16:02:34.376+0000][12850.321s][info][gc,marking  ] GC(3044) Concurrent Rebuild Remembered Sets 2007.856ms
[2024-08-15T16:02:34.376+0000][12850.321s][info][gc,start    ] GC(3044) Pause Cleanup
[2024-08-15T16:02:34.377+0000][12850.322s][info][gc          ] GC(3044) Pause Cleanup 4340M->4340M(12288M) 0.530ms
[2024-08-15T16:02:34.377+0000][12850.322s][info][gc,cpu      ] GC(3044) User=0.00s Sys=0.00s Real=0.00s
[2024-08-15T16:02:34.377+0000][12850.322s][info][gc,marking  ] GC(3044) Concurrent Cleanup for Next Mark
[2024-08-15T16:02:34.394+0000][12850.339s][info][gc,marking  ] GC(3044) Concurrent Cleanup for Next Mark 16.908ms
[2024-08-15T16:02:34.394+0000][12850.339s][info][gc          ] GC(3044) Concurrent Mark Cycle 5354.388ms
[2024-08-15T16:02:39.066+0000][12855.011s][info][gc,start    ] GC(3046) Pause Young (Prepare Mixed) (G1 Evacuation Pause)
[2024-08-15T16:02:39.066+0000][12855.011s][info][gc,task     ] GC(3046) Using 6 workers of 6 for evacuation
[2024-08-15T16:02:39.091+0000][12855.035s][info][gc,phases   ] GC(3046)   Pre Evacuate Collection Set: 0.2ms
[2024-08-15T16:02:39.091+0000][12855.035s][info][gc,phases   ] GC(3046)   Merge Heap Roots: 0.3ms
[2024-08-15T16:02:39.091+0000][12855.035s][info][gc,phases   ] GC(3046)   Evacuate Collection Set: 22.0ms
[2024-08-15T16:02:39.091+0000][12855.035s][info][gc,phases   ] GC(3046)   Post Evacuate Collection Set: 1.6ms
[2024-08-15T16:02:39.091+0000][12855.035s][info][gc,phases   ] GC(3046)   Other: 0.2ms
[2024-08-15T16:02:39.091+0000][12855.035s][info][gc,heap     ] GC(3046) Eden regions: 693->0(64)
[2024-08-15T16:02:39.091+0000][12855.035s][info][gc,heap     ] GC(3046) Survivor regions: 9->12(88)
[2024-08-15T16:02:39.091+0000][12855.035s][info][gc,heap     ] GC(3046) Old regions: 509->509
[2024-08-15T16:02:39.091+0000][12855.035s][info][gc,heap     ] GC(3046) Archive regions: 2->2
[2024-08-15T16:02:39.091+0000][12855.035s][info][gc,heap     ] GC(3046) Humongous regions: 5->5
[2024-08-15T16:02:39.091+0000][12855.035s][info][gc,metaspace] GC(3046) Metaspace: 442441K(448832K)->442441K(448832K) NonClass: 387553K(391104K)->387553K(391104K) Class: 54887K(57728K)->54887K(57728K)
[2024-08-15T16:02:39.091+0000][12855.035s][info][gc          ] GC(3046) Pause Young (Prepare Mixed) (G1 Evacuation Pause) 9728M->4206M(12288M) 24.330ms
[2024-08-15T16:02:39.091+0000][12855.035s][info][gc,cpu      ] GC(3046) User=0.14s Sys=0.00s Real=0.02s
[2024-08-15T16:02:39.520+0000][12855.464s][info][gc,start    ] GC(3047) Pause Young (Mixed) (G1 Evacuation Pause)
[2024-08-15T16:02:39.520+0000][12855.465s][info][gc,task     ] GC(3047) Using 6 workers of 6 for evacuation
[2024-08-15T16:02:39.585+0000][12855.529s][info][gc,phases   ] GC(3047)   Pre Evacuate Collection Set: 0.2ms
[2024-08-15T16:02:39.585+0000][12855.529s][info][gc,phases   ] GC(3047)   Merge Heap Roots: 0.4ms
[2024-08-15T16:02:39.585+0000][12855.529s][info][gc,phases   ] GC(3047)   Evacuate Collection Set: 62.8ms
[2024-08-15T16:02:39.585+0000][12855.529s][info][gc,phases   ] GC(3047)   Post Evacuate Collection Set: 1.2ms
[2024-08-15T16:02:39.585+0000][12855.529s][info][gc,phases   ] GC(3047)   Other: 0.2ms
[2024-08-15T16:02:39.585+0000][12855.529s][info][gc,heap     ] GC(3047) Eden regions: 64->0(693)
[2024-08-15T16:02:39.585+0000][12855.529s][info][gc,heap     ] GC(3047) Survivor regions: 12->6(10)
[2024-08-15T16:02:39.585+0000][12855.529s][info][gc,heap     ] GC(3047) Old regions: 509->511
[2024-08-15T16:02:39.585+0000][12855.529s][info][gc,heap     ] GC(3047) Archive regions: 2->2
[2024-08-15T16:02:39.585+0000][12855.529s][info][gc,heap     ] GC(3047) Humongous regions: 5->5
[2024-08-15T16:02:39.585+0000][12855.529s][info][gc,metaspace] GC(3047) Metaspace: 442441K(448832K)->442441K(448832K) NonClass: 387553K(391104K)->387553K(391104K) Class: 54887K(57728K)->54887K(57728K)
[2024-08-15T16:02:39.585+0000][12855.529s][info][gc          ] GC(3047) Pause Young (Mixed) (G1 Evacuation Pause) 4718M->4169M(12288M) 64.840ms
[2024-08-15T16:02:39.585+0000][12855.529s][info][gc,cpu      ] GC(3047) User=0.39s Sys=0.00s Real=0.07s
[2024-08-15T16:02:44.357+0000][12860.301s][info][gc,start    ] GC(3048) Pause Young (Normal) (G1 Evacuation Pause)
[2024-08-15T16:02:44.357+0000][12860.301s][info][gc,task     ] GC(3048) Using 6 workers of 6 for evacuation
[2024-08-15T16:02:44.371+0000][12860.316s][info][gc,phases   ] GC(3048)   Pre Evacuate Collection Set: 0.2ms
[2024-08-15T16:02:44.371+0000][12860.316s][info][gc,phases   ] GC(3048)   Merge Heap Roots: 0.2ms
[2024-08-15T16:02:44.371+0000][12860.316s][info][gc,phases   ] GC(3048)   Evacuate Collection Set: 12.3ms
[2024-08-15T16:02:44.371+0000][12860.316s][info][gc,phases   ] GC(3048)   Post Evacuate Collection Set: 1.8ms
[2024-08-15T16:02:44.371+0000][12860.316s][info][gc,phases   ] GC(3048)   Other: 0.2ms
[2024-08-15T16:02:44.371+0000][12860.316s][info][gc,heap     ] GC(3048) Eden regions: 693->0(691)
[2024-08-15T16:02:44.371+0000][12860.316s][info][gc,heap     ] GC(3048) Survivor regions: 6->8(88)
[2024-08-15T16:02:44.371+0000][12860.316s][info][gc,heap     ] GC(3048) Old regions: 511->511
[2024-08-15T16:02:44.371+0000][12860.316s][info][gc,heap     ] GC(3048) Archive regions: 2->2
[2024-08-15T16:02:44.371+0000][12860.316s][info][gc,heap     ] GC(3048) Humongous regions: 5->5
[2024-08-15T16:02:44.371+0000][12860.316s][info][gc,metaspace] GC(3048) Metaspace: 442441K(448832K)->442441K(448832K) NonClass: 387553K(391104K)->387553K(391104K) Class: 54887K(57728K)->54887K(57728K)
[2024-08-15T16:02:44.371+0000][12860.316s][info][gc          ] GC(3048) Pause Young (Normal) (G1 Evacuation Pause) 9713M->4189M(12288M) 14.779ms
[2024-08-15T16:02:44.372+0000][12860.316s][info][gc,cpu      ] GC(3048) User=0.08s Sys=0.00s Real=0.01s
[2024-08-15T16:02:49.092+0000][12865.037s][info][gc,start    ] GC(3049) Pause Young (Normal) (G1 Evacuation Pause)
[2024-08-15T16:02:49.093+0000][12865.037s][info][gc,task     ] GC(3049) Using 6 workers of 6 for evacuation
[2024-08-15T16:02:49.108+0000][12865.053s][info][gc,phases   ] GC(3049)   Pre Evacuate Collection Set: 0.2ms
[2024-08-15T16:02:49.108+0000][12865.053s][info][gc,phases   ] GC(3049)   Merge Heap Roots: 0.2ms
[2024-08-15T16:02:49.108+0000][12865.053s][info][gc,phases   ] GC(3049)   Evacuate Collection Set: 13.5ms
[2024-08-15T16:02:49.108+0000][12865.053s][info][gc,phases   ] GC(3049)   Post Evacuate Collection Set: 1.7ms
[2024-08-15T16:02:49.108+0000][12865.053s][info][gc,phases   ] GC(3049)   Other: 0.2ms
[2024-08-15T16:02:49.108+0000][12865.053s][info][gc,heap     ] GC(3049) Eden regions: 691->0(690)
[2024-08-15T16:02:49.108+0000][12865.053s][info][gc,heap     ] GC(3049) Survivor regions: 8->8(88)
[2024-08-15T16:02:49.108+0000][12865.053s][info][gc,heap     ] GC(3049) Old regions: 511->511
[2024-08-15T16:02:49.108+0000][12865.053s][info][gc,heap     ] GC(3049) Archive regions: 2->2
[2024-08-15T16:02:49.108+0000][12865.053s][info][gc,heap     ] GC(3049) Humongous regions: 5->5
[2024-08-15T16:02:49.108+0000][12865.053s][info][gc,metaspace] GC(3049) Metaspace: 442441K(448832K)->442441K(448832K) NonClass: 387553K(391104K)->387553K(391104K) Class: 54887K(57728K)->54887K(57728K)
[2024-08-15T16:02:49.108+0000][12865.053s][info][gc          ] GC(3049) Pause Young (Normal) (G1 Evacuation Pause) 9717M->4188M(12288M) 15.836ms
[2024-08-15T16:02:49.108+0000][12865.053s][info][gc,cpu      ] GC(3049) User=0.09s Sys=0.00s Real=0.02s
[2024-08-15T16:02:53.785+0000][12869.730s][info][gc,start    ] GC(3050) Pause Young (Concurrent Start) (G1 Evacuation Pause)
[2024-08-15T16:02:53.785+0000][12869.730s][info][gc,task     ] GC(3050) Using 6 workers of 6 for evacuation
[2024-08-15T16:02:53.805+0000][12869.749s][info][gc,phases   ] GC(3050)   Pre Evacuate Collection Set: 0.6ms
[2024-08-15T16:02:53.805+0000][12869.749s][info][gc,phases   ] GC(3050)   Merge Heap Roots: 0.2ms
[2024-08-15T16:02:53.805+0000][12869.749s][info][gc,phases   ] GC(3050)   Evacuate Collection Set: 17.0ms
[2024-08-15T16:02:53.805+0000][12869.749s][info][gc,phases   ] GC(3050)   Post Evacuate Collection Set: 1.7ms
[2024-08-15T16:02:53.805+0000][12869.749s][info][gc,phases   ] GC(3050)   Other: 0.3ms
[2024-08-15T16:02:53.805+0000][12869.749s][info][gc,heap     ] GC(3050) Eden regions: 690->0(688)
[2024-08-15T16:02:53.805+0000][12869.749s][info][gc,heap     ] GC(3050) Survivor regions: 8->10(88)
[2024-08-15T16:02:53.805+0000][12869.749s][info][gc,heap     ] GC(3050) Old regions: 511->511
[2024-08-15T16:02:53.805+0000][12869.749s][info][gc,heap     ] GC(3050) Archive regions: 2->2
[2024-08-15T16:02:53.805+0000][12869.749s][info][gc,heap     ] GC(3050) Humongous regions: 5->5
[2024-08-15T16:02:53.805+0000][12869.749s][info][gc,metaspace] GC(3050) Metaspace: 442441K(448832K)->442441K(448832K) NonClass: 387553K(391104K)->387553K(391104K) Class: 54887K(57728K)->54887K(57728K)
[2024-08-15T16:02:53.805+0000][12869.749s][info][gc          ] GC(3050) Pause Young (Concurrent Start) (G1 Evacuation Pause) 9708M->4206M(12288M) 19.852ms
[2024-08-15T16:02:53.805+0000][12869.749s][info][gc,cpu      ] GC(3050) User=0.11s Sys=0.00s Real=0.02s
[2024-08-15T16:02:53.805+0000][12869.749s][info][gc          ] GC(3051) Concurrent Mark Cycle
[2024-08-15T16:02:53.805+0000][12869.749s][info][gc,marking  ] GC(3051) Concurrent Clear Claimed Marks
[2024-08-15T16:02:53.805+0000][12869.750s][info][gc,marking  ] GC(3051) Concurrent Clear Claimed Marks 0.385ms
[2024-08-15T16:02:53.805+0000][12869.750s][info][gc,marking  ] GC(3051) Concurrent Scan Root Regions
[2024-08-15T16:02:53.832+0000][12869.777s][info][gc,marking  ] GC(3051) Concurrent Scan Root Regions 26.944ms
[2024-08-15T16:02:53.832+0000][12869.777s][info][gc,marking  ] GC(3051) Concurrent Mark
[2024-08-15T16:02:53.832+0000][12869.777s][info][gc,marking  ] GC(3051) Concurrent Mark From Roots
[2024-08-15T16:02:53.832+0000][12869.777s][info][gc,task     ] GC(3051) Using 2 workers of 2 for marking
[2024-08-15T16:02:57.100+0000][12873.045s][info][gc,marking  ] GC(3051) Concurrent Mark From Roots 3267.765ms
[2024-08-15T16:02:57.100+0000][12873.045s][info][gc,marking  ] GC(3051) Concurrent Preclean
[2024-08-15T16:02:57.102+0000][12873.047s][info][gc,marking  ] GC(3051) Concurrent Preclean 1.971ms
[2024-08-15T16:02:57.102+0000][12873.047s][info][gc,start    ] GC(3051) Pause Remark
[2024-08-15T16:02:57.127+0000][12873.072s][info][gc          ] GC(3051) Pause Remark 7586M->7586M(12288M) 24.994ms
[2024-08-15T16:02:57.127+0000][12873.072s][info][gc,cpu      ] GC(3051) User=0.11s Sys=0.00s Real=0.03s
[2024-08-15T16:02:57.127+0000][12873.072s][info][gc,marking  ] GC(3051) Concurrent Mark 3295.207ms
[2024-08-15T16:02:57.127+0000][12873.072s][info][gc,marking  ] GC(3051) Concurrent Rebuild Remembered Sets
[2024-08-15T16:02:59.075+0000][12875.020s][info][gc,start    ] GC(3052) Pause Young (Normal) (G1 Evacuation Pause)
[2024-08-15T16:02:59.075+0000][12875.020s][info][gc,task     ] GC(3052) Using 6 workers of 6 for evacuation
[2024-08-15T16:02:59.096+0000][12875.041s][info][gc,phases   ] GC(3052)   Pre Evacuate Collection Set: 0.2ms
[2024-08-15T16:02:59.096+0000][12875.041s][info][gc,phases   ] GC(3052)   Merge Heap Roots: 0.3ms
[2024-08-15T16:02:59.096+0000][12875.041s][info][gc,phases   ] GC(3052)   Evacuate Collection Set: 18.5ms
[2024-08-15T16:02:59.096+0000][12875.041s][info][gc,phases   ] GC(3052)   Post Evacuate Collection Set: 1.8ms
[2024-08-15T16:02:59.096+0000][12875.041s][info][gc,phases   ] GC(3052)   Other: 0.2ms
[2024-08-15T16:02:59.096+0000][12875.041s][info][gc,heap     ] GC(3052) Eden regions: 688->0(689)
[2024-08-15T16:02:59.096+0000][12875.041s][info][gc,heap     ] GC(3052) Survivor regions: 10->10(88)
[2024-08-15T16:02:59.096+0000][12875.041s][info][gc,heap     ] GC(3052) Old regions: 511->511
[2024-08-15T16:02:59.096+0000][12875.041s][info][gc,heap     ] GC(3052) Archive regions: 2->2
[2024-08-15T16:02:59.096+0000][12875.041s][info][gc,heap     ] GC(3052) Humongous regions: 5->5
[2024-08-15T16:02:59.096+0000][12875.041s][info][gc,metaspace] GC(3052) Metaspace: 442441K(448832K)->442441K(448832K) NonClass: 387553K(391104K)->387553K(391104K) Class: 54887K(57728K)->54887K(57728K)
[2024-08-15T16:02:59.096+0000][12875.041s][info][gc          ] GC(3052) Pause Young (Normal) (G1 Evacuation Pause) 9710M->4205M(12288M) 21.040ms
[2024-08-15T16:02:59.097+0000][12875.041s][info][gc,cpu      ] GC(3052) User=0.12s Sys=0.00s Real=0.02s
[2024-08-15T16:02:59.173+0000][12875.117s][info][gc,marking  ] GC(3051) Concurrent Rebuild Remembered Sets 2045.189ms
[2024-08-15T16:02:59.173+0000][12875.117s][info][gc,start    ] GC(3051) Pause Cleanup
[2024-08-15T16:02:59.173+0000][12875.118s][info][gc          ] GC(3051) Pause Cleanup 4301M->4301M(12288M) 0.487ms
[2024-08-15T16:02:59.173+0000][12875.118s][info][gc,cpu      ] GC(3051) User=0.01s Sys=0.00s Real=0.00s
[2024-08-15T16:02:59.173+0000][12875.118s][info][gc,marking  ] GC(3051) Concurrent Cleanup for Next Mark
[2024-08-15T16:02:59.190+0000][12875.135s][info][gc,marking  ] GC(3051) Concurrent Cleanup for Next Mark 16.820ms
[2024-08-15T16:02:59.190+0000][12875.135s][info][gc          ] GC(3051) Concurrent Mark Cycle 5385.503ms
[2024-08-15T16:03:03.747+0000][12879.691s][info][gc,start    ] GC(3053) Pause Young (Prepare Mixed) (G1 Evacuation Pause)
[2024-08-15T16:03:03.747+0000][12879.692s][info][gc,task     ] GC(3053) Using 6 workers of 6 for evacuation
[2024-08-15T16:03:03.770+0000][12879.715s][info][gc,phases   ] GC(3053)   Pre Evacuate Collection Set: 0.2ms
[2024-08-15T16:03:03.770+0000][12879.715s][info][gc,phases   ] GC(3053)   Merge Heap Roots: 0.3ms
[2024-08-15T16:03:03.770+0000][12879.715s][info][gc,phases   ] GC(3053)   Evacuate Collection Set: 20.9ms
[2024-08-15T16:03:03.770+0000][12879.715s][info][gc,phases   ] GC(3053)   Post Evacuate Collection Set: 1.7ms
[2024-08-15T16:03:03.770+0000][12879.715s][info][gc,phases   ] GC(3053)   Other: 0.2ms
[2024-08-15T16:03:03.770+0000][12879.715s][info][gc,heap     ] GC(3053) Eden regions: 689->0(64)
[2024-08-15T16:03:03.770+0000][12879.715s][info][gc,heap     ] GC(3053) Survivor regions: 10->12(88)
[2024-08-15T16:03:03.770+0000][12879.715s][info][gc,heap     ] GC(3053) Old regions: 511->511
[2024-08-15T16:03:03.770+0000][12879.715s][info][gc,heap     ] GC(3053) Archive regions: 2->2
[2024-08-15T16:03:03.770+0000][12879.715s][info][gc,heap     ] GC(3053) Humongous regions: 5->5
[2024-08-15T16:03:03.770+0000][12879.715s][info][gc,metaspace] GC(3053) Metaspace: 442441K(448832K)->442441K(448832K) NonClass: 387553K(391104K)->387553K(391104K) Class: 54887K(57728K)->54887K(57728K)
[2024-08-15T16:03:03.770+0000][12879.715s][info][gc          ] GC(3053) Pause Young (Prepare Mixed) (G1 Evacuation Pause) 9717M->4222M(12288M) 23.339ms
[2024-08-15T16:03:03.770+0000][12879.715s][info][gc,cpu      ] GC(3053) User=0.13s Sys=0.00s Real=0.02s
[2024-08-15T16:03:04.136+0000][12880.080s][info][gc,start    ] GC(3054) Pause Young (Mixed) (G1 Evacuation Pause)
[2024-08-15T16:03:04.136+0000][12880.080s][info][gc,task     ] GC(3054) Using 6 workers of 6 for evacuation
[2024-08-15T16:03:04.197+0000][12880.142s][info][gc,phases   ] GC(3054)   Pre Evacuate Collection Set: 0.2ms
[2024-08-15T16:03:04.197+0000][12880.142s][info][gc,phases   ] GC(3054)   Merge Heap Roots: 0.4ms
[2024-08-15T16:03:04.197+0000][12880.142s][info][gc,phases   ] GC(3054)   Evacuate Collection Set: 59.6ms
[2024-08-15T16:03:04.197+0000][12880.142s][info][gc,phases   ] GC(3054)   Post Evacuate Collection Set: 1.3ms
[2024-08-15T16:03:04.197+0000][12880.142s][info][gc,phases   ] GC(3054)   Other: 0.2ms
[2024-08-15T16:03:04.197+0000][12880.142s][info][gc,heap     ] GC(3054) Eden regions: 64->0(691)
[2024-08-15T16:03:04.197+0000][12880.142s][info][gc,heap     ] GC(3054) Survivor regions: 12->4(10)
[2024-08-15T16:03:04.197+0000][12880.142s][info][gc,heap     ] GC(3054) Old regions: 511->515
[2024-08-15T16:03:04.197+0000][12880.142s][info][gc,heap     ] GC(3054) Archive regions: 2->2
[2024-08-15T16:03:04.197+0000][12880.142s][info][gc,heap     ] GC(3054) Humongous regions: 5->5
[2024-08-15T16:03:04.197+0000][12880.142s][info][gc,metaspace] GC(3054) Metaspace: 442441K(448832K)->442441K(448832K) NonClass: 387553K(391104K)->387553K(391104K) Class: 54887K(57728K)->54887K(57728K)
[2024-08-15T16:03:04.197+0000][12880.142s][info][gc          ] GC(3054) Pause Young (Mixed) (G1 Evacuation Pause) 4734M->4194M(12288M) 61.709ms
[2024-08-15T16:03:04.197+0000][12880.142s][info][gc,cpu      ] GC(3054) User=0.35s Sys=0.01s Real=0.06s
[2024-08-15T16:03:08.910+0000][12884.855s][info][gc,start    ] GC(3055) Pause Young (Normal) (G1 Evacuation Pause)
[2024-08-15T16:03:08.911+0000][12884.855s][info][gc,task     ] GC(3055) Using 6 workers of 6 for evacuation
[2024-08-15T16:03:08.921+0000][12884.866s][info][gc,phases   ] GC(3055)   Pre Evacuate Collection Set: 0.2ms
[2024-08-15T16:03:08.921+0000][12884.866s][info][gc,phases   ] GC(3055)   Merge Heap Roots: 0.2ms
[2024-08-15T16:03:08.921+0000][12884.866s][info][gc,phases   ] GC(3055)   Evacuate Collection Set: 8.6ms
[2024-08-15T16:03:08.921+0000][12884.866s][info][gc,phases   ] GC(3055)   Post Evacuate Collection Set: 1.6ms
[2024-08-15T16:03:08.921+0000][12884.866s][info][gc,phases   ] GC(3055)   Other: 0.2ms
[2024-08-15T16:03:08.921+0000][12884.866s][info][gc,heap     ] GC(3055) Eden regions: 691->0(688)
[2024-08-15T16:03:08.921+0000][12884.866s][info][gc,heap     ] GC(3055) Survivor regions: 4->6(87)
[2024-08-15T16:03:08.921+0000][12884.866s][info][gc,heap     ] GC(3055) Old regions: 515->515
[2024-08-15T16:03:08.921+0000][12884.866s][info][gc,heap     ] GC(3055) Archive regions: 2->2
[2024-08-15T16:03:08.921+0000][12884.866s][info][gc,heap     ] GC(3055) Humongous regions: 5->5
[2024-08-15T16:03:08.921+0000][12884.866s][info][gc,metaspace] GC(3055) Metaspace: 442441K(448832K)->442441K(448832K) NonClass: 387553K(391104K)->387553K(391104K) Class: 54887K(57728K)->54887K(57728K)
[2024-08-15T16:03:08.921+0000][12884.866s][info][gc          ] GC(3055) Pause Young (Normal) (G1 Evacuation Pause) 9722M->4207M(12288M) 10.843ms
[2024-08-15T16:03:08.921+0000][12884.866s][info][gc,cpu      ] GC(3055) User=0.06s Sys=0.00s Real=0.01s
[2024-08-15T16:03:12.928+0000][12888.873s][info][gc,start    ] GC(3056) Pause Young (Normal) (G1 Evacuation Pause)
[2024-08-15T16:03:12.928+0000][12888.873s][info][gc,task     ] GC(3056) Using 6 workers of 6 for evacuation
[2024-08-15T16:03:12.940+0000][12888.884s][info][gc,phases   ] GC(3056)   Pre Evacuate Collection Set: 0.2ms
[2024-08-15T16:03:12.940+0000][12888.884s][info][gc,phases   ] GC(3056)   Merge Heap Roots: 0.2ms
[2024-08-15T16:03:12.940+0000][12888.884s][info][gc,phases   ] GC(3056)   Evacuate Collection Set: 9.4ms
[2024-08-15T16:03:12.940+0000][12888.884s][info][gc,phases   ] GC(3056)   Post Evacuate Collection Set: 1.7ms
[2024-08-15T16:03:12.940+0000][12888.884s][info][gc,phases   ] GC(3056)   Other: 0.2ms
[2024-08-15T16:03:12.940+0000][12888.884s][info][gc,heap     ] GC(3056) Eden regions: 688->0(691)
[2024-08-15T16:03:12.940+0000][12888.884s][info][gc,heap     ] GC(3056) Survivor regions: 6->4(87)
[2024-08-15T16:03:12.940+0000][12888.884s][info][gc,heap     ] GC(3056) Old regions: 515->515
[2024-08-15T16:03:12.940+0000][12888.884s][info][gc,heap     ] GC(3056) Archive regions: 2->2
[2024-08-15T16:03:12.940+0000][12888.884s][info][gc,heap     ] GC(3056) Humongous regions: 5->5
[2024-08-15T16:03:12.940+0000][12888.884s][info][gc,metaspace] GC(3056) Metaspace: 442441K(448832K)->442441K(448832K) NonClass: 387553K(391104K)->387553K(391104K) Class: 54887K(57728K)->54887K(57728K)
[2024-08-15T16:03:12.940+0000][12888.884s][info][gc          ] GC(3056) Pause Young (Normal) (G1 Evacuation Pause) 9711M->4194M(12288M) 11.759ms
[2024-08-15T16:03:12.940+0000][12888.884s][info][gc,cpu      ] GC(3056) User=0.07s Sys=0.01s Real=0.01s
[2024-08-15T16:03:17.607+0000][12893.551s][info][gc,start    ] GC(3057) Pause Young (Concurrent Start) (G1 Evacuation Pause)
[2024-08-15T16:03:17.607+0000][12893.551s][info][gc,task     ] GC(3057) Using 6 workers of 6 for evacuation
[2024-08-15T16:03:17.621+0000][12893.566s][info][gc,phases   ] GC(3057)   Pre Evacuate Collection Set: 0.6ms
[2024-08-15T16:03:17.621+0000][12893.566s][info][gc,phases   ] GC(3057)   Merge Heap Roots: 0.2ms
[2024-08-15T16:03:17.621+0000][12893.566s][info][gc,phases   ] GC(3057)   Evacuate Collection Set: 11.9ms
[2024-08-15T16:03:17.621+0000][12893.566s][info][gc,phases   ] GC(3057)   Post Evacuate Collection Set: 1.7ms
[2024-08-15T16:03:17.621+0000][12893.566s][info][gc,phases   ] GC(3057)   Other: 0.3ms
[2024-08-15T16:03:17.621+0000][12893.566s][info][gc,heap     ] GC(3057) Eden regions: 691->0(688)
[2024-08-15T16:03:17.621+0000][12893.566s][info][gc,heap     ] GC(3057) Survivor regions: 4->7(87)
[2024-08-15T16:03:17.621+0000][12893.566s][info][gc,heap     ] GC(3057) Old regions: 515->515
[2024-08-15T16:03:17.621+0000][12893.566s][info][gc,heap     ] GC(3057) Archive regions: 2->2
[2024-08-15T16:03:17.621+0000][12893.566s][info][gc,heap     ] GC(3057) Humongous regions: 5->5
[2024-08-15T16:03:17.621+0000][12893.566s][info][gc,metaspace] GC(3057) Metaspace: 442441K(448832K)->442441K(448832K) NonClass: 387553K(391104K)->387553K(391104K) Class: 54887K(57728K)->54887K(57728K)
[2024-08-15T16:03:17.622+0000][12893.566s][info][gc          ] GC(3057) Pause Young (Concurrent Start) (G1 Evacuation Pause) 9722M->4213M(12288M) 14.686ms
[2024-08-15T16:03:17.622+0000][12893.566s][info][gc,cpu      ] GC(3057) User=0.08s Sys=0.00s Real=0.01s
[2024-08-15T16:03:17.622+0000][12893.566s][info][gc          ] GC(3058) Concurrent Mark Cycle
[2024-08-15T16:03:17.622+0000][12893.566s][info][gc,marking  ] GC(3058) Concurrent Clear Claimed Marks
[2024-08-15T16:03:17.622+0000][12893.567s][info][gc,marking  ] GC(3058) Concurrent Clear Claimed Marks 0.386ms
[2024-08-15T16:03:17.622+0000][12893.567s][info][gc,marking  ] GC(3058) Concurrent Scan Root Regions
[2024-08-15T16:03:17.635+0000][12893.580s][info][gc,marking  ] GC(3058) Concurrent Scan Root Regions 13.417ms
[2024-08-15T16:03:17.635+0000][12893.580s][info][gc,marking  ] GC(3058) Concurrent Mark
[2024-08-15T16:03:17.635+0000][12893.580s][info][gc,marking  ] GC(3058) Concurrent Mark From Roots
[2024-08-15T16:03:17.636+0000][12893.580s][info][gc,task     ] GC(3058) Using 2 workers of 2 for marking
[2024-08-15T16:03:20.910+0000][12896.855s][info][gc,marking  ] GC(3058) Concurrent Mark From Roots 3274.927ms
[2024-08-15T16:03:20.910+0000][12896.855s][info][gc,marking  ] GC(3058) Concurrent Preclean
[2024-08-15T16:03:20.912+0000][12896.857s][info][gc,marking  ] GC(3058) Concurrent Preclean 1.845ms
[2024-08-15T16:03:20.913+0000][12896.857s][info][gc,start    ] GC(3058) Pause Remark
[2024-08-15T16:03:20.936+0000][12896.881s][info][gc          ] GC(3058) Pause Remark 7541M->7541M(12288M) 23.906ms
[2024-08-15T16:03:20.936+0000][12896.881s][info][gc,cpu      ] GC(3058) User=0.10s Sys=0.00s Real=0.03s
[2024-08-15T16:03:20.937+0000][12896.881s][info][gc,marking  ] GC(3058) Concurrent Mark 3301.239ms
[2024-08-15T16:03:20.937+0000][12896.881s][info][gc,marking  ] GC(3058) Concurrent Rebuild Remembered Sets
[2024-08-15T16:03:22.852+0000][12898.797s][info][gc,marking  ] GC(3058) Concurrent Rebuild Remembered Sets 1915.165ms
[2024-08-15T16:03:22.852+0000][12898.797s][info][gc,start    ] GC(3058) Pause Cleanup
[2024-08-15T16:03:22.853+0000][12898.797s][info][gc          ] GC(3058) Pause Cleanup 9589M->9589M(12288M) 0.529ms
[2024-08-15T16:03:22.853+0000][12898.797s][info][gc,cpu      ] GC(3058) User=0.00s Sys=0.00s Real=0.00s
[2024-08-15T16:03:22.853+0000][12898.797s][info][gc,marking  ] GC(3058) Concurrent Cleanup for Next Mark
[2024-08-15T16:03:22.870+0000][12898.815s][info][gc,marking  ] GC(3058) Concurrent Cleanup for Next Mark 17.228ms
[2024-08-15T16:03:22.870+0000][12898.815s][info][gc          ] GC(3058) Concurrent Mark Cycle 5248.354ms
[2024-08-15T16:03:22.988+0000][12898.932s][info][gc,start    ] GC(3059) Pause Young (Prepare Mixed) (G1 Evacuation Pause)
[2024-08-15T16:03:22.988+0000][12898.932s][info][gc,task     ] GC(3059) Using 6 workers of 6 for evacuation
[2024-08-15T16:03:23.005+0000][12898.950s][info][gc,phases   ] GC(3059)   Pre Evacuate Collection Set: 0.2ms
[2024-08-15T16:03:23.005+0000][12898.950s][info][gc,phases   ] GC(3059)   Merge Heap Roots: 0.3ms
[2024-08-15T16:03:23.005+0000][12898.950s][info][gc,phases   ] GC(3059)   Evacuate Collection Set: 15.0ms
[2024-08-15T16:03:23.005+0000][12898.950s][info][gc,phases   ] GC(3059)   Post Evacuate Collection Set: 1.6ms
[2024-08-15T16:03:23.005+0000][12898.950s][info][gc,phases   ] GC(3059)   Other: 0.3ms
[2024-08-15T16:03:23.005+0000][12898.950s][info][gc,heap     ] GC(3059) Eden regions: 688->0(67)
[2024-08-15T16:03:23.005+0000][12898.950s][info][gc,heap     ] GC(3059) Survivor regions: 7->9(87)
[2024-08-15T16:03:23.005+0000][12898.950s][info][gc,heap     ] GC(3059) Old regions: 515->515
[2024-08-15T16:03:23.005+0000][12898.950s][info][gc,heap     ] GC(3059) Archive regions: 2->2
[2024-08-15T16:03:23.005+0000][12898.950s][info][gc,heap     ] GC(3059) Humongous regions: 5->5
[2024-08-15T16:03:23.005+0000][12898.950s][info][gc,metaspace] GC(3059) Metaspace: 442441K(448832K)->442441K(448832K) NonClass: 387553K(391104K)->387553K(391104K) Class: 54887K(57728K)->54887K(57728K)
[2024-08-15T16:03:23.005+0000][12898.950s][info][gc          ] GC(3059) Pause Young (Prepare Mixed) (G1 Evacuation Pause) 9717M->4229M(12288M) 17.467ms
[2024-08-15T16:03:23.005+0000][12898.950s][info][gc,cpu      ] GC(3059) User=0.10s Sys=0.00s Real=0.02s
[2024-08-15T16:03:23.539+0000][12899.483s][info][gc,start    ] GC(3060) Pause Young (Mixed) (G1 Evacuation Pause)
[2024-08-15T16:03:23.539+0000][12899.483s][info][gc,task     ] GC(3060) Using 6 workers of 6 for evacuation
[2024-08-15T16:03:23.586+0000][12899.530s][info][gc,phases   ] GC(3060)   Pre Evacuate Collection Set: 0.2ms
[2024-08-15T16:03:23.586+0000][12899.530s][info][gc,phases   ] GC(3060)   Merge Heap Roots: 0.4ms
[2024-08-15T16:03:23.586+0000][12899.531s][info][gc,phases   ] GC(3060)   Evacuate Collection Set: 45.4ms
[2024-08-15T16:03:23.586+0000][12899.531s][info][gc,phases   ] GC(3060)   Post Evacuate Collection Set: 1.2ms
[2024-08-15T16:03:23.586+0000][12899.531s][info][gc,phases   ] GC(3060)   Other: 0.2ms
[2024-08-15T16:03:23.586+0000][12899.531s][info][gc,heap     ] GC(3060) Eden regions: 67->0(693)
[2024-08-15T16:03:23.586+0000][12899.531s][info][gc,heap     ] GC(3060) Survivor regions: 9->4(10)
[2024-08-15T16:03:23.586+0000][12899.531s][info][gc,heap     ] GC(3060) Old regions: 515->513
[2024-08-15T16:03:23.586+0000][12899.531s][info][gc,heap     ] GC(3060) Archive regions: 2->2
[2024-08-15T16:03:23.586+0000][12899.531s][info][gc,heap     ] GC(3060) Humongous regions: 5->5
[2024-08-15T16:03:23.586+0000][12899.531s][info][gc,metaspace] GC(3060) Metaspace: 442441K(448832K)->442441K(448832K) NonClass: 387553K(391104K)->387553K(391104K) Class: 54887K(57728K)->54887K(57728K)
[2024-08-15T16:03:23.586+0000][12899.531s][info][gc          ] GC(3060) Pause Young (Mixed) (G1 Evacuation Pause) 4765M->4179M(12288M) 47.432ms
[2024-08-15T16:03:23.586+0000][12899.531s][info][gc,cpu      ] GC(3060) User=0.28s Sys=0.00s Real=0.05s
[2024-08-15T16:03:28.164+0000][12904.109s][info][gc,start    ] GC(3061) Pause Young (Normal) (G1 Evacuation Pause)
[2024-08-15T16:03:28.164+0000][12904.109s][info][gc,task     ] GC(3061) Using 6 workers of 6 for evacuation
[2024-08-15T16:03:28.175+0000][12904.119s][info][gc,phases   ] GC(3061)   Pre Evacuate Collection Set: 0.2ms
[2024-08-15T16:03:28.175+0000][12904.119s][info][gc,phases   ] GC(3061)   Merge Heap Roots: 0.2ms
[2024-08-15T16:03:28.175+0000][12904.119s][info][gc,phases   ] GC(3061)   Evacuate Collection Set: 8.7ms
[2024-08-15T16:03:28.175+0000][12904.119s][info][gc,phases   ] GC(3061)   Post Evacuate Collection Set: 1.6ms
[2024-08-15T16:03:28.175+0000][12904.119s][info][gc,phases   ] GC(3061)   Other: 0.2ms
[2024-08-15T16:03:28.175+0000][12904.119s][info][gc,heap     ] GC(3061) Eden regions: 693->0(694)
[2024-08-15T16:03:28.175+0000][12904.119s][info][gc,heap     ] GC(3061) Survivor regions: 4->4(88)
[2024-08-15T16:03:28.175+0000][12904.119s][info][gc,heap     ] GC(3061) Old regions: 513->513
[2024-08-15T16:03:28.175+0000][12904.119s][info][gc,heap     ] GC(3061) Archive regions: 2->2
[2024-08-15T16:03:28.175+0000][12904.119s][info][gc,heap     ] GC(3061) Humongous regions: 5->5
[2024-08-15T16:03:28.175+0000][12904.119s][info][gc,metaspace] GC(3061) Metaspace: 442441K(448832K)->442441K(448832K) NonClass: 387553K(391104K)->387553K(391104K) Class: 54887K(57728K)->54887K(57728K)
[2024-08-15T16:03:28.175+0000][12904.119s][info][gc          ] GC(3061) Pause Young (Normal) (G1 Evacuation Pause) 9723M->4178M(12288M) 10.923ms
[2024-08-15T16:03:28.175+0000][12904.120s][info][gc,cpu      ] GC(3061) User=0.06s Sys=0.00s Real=0.00s
[2024-08-15T16:03:32.756+0000][12908.700s][info][gc,start    ] GC(3062) Pause Young (Normal) (G1 Evacuation Pause)
[2024-08-15T16:03:32.756+0000][12908.700s][info][gc,task     ] GC(3062) Using 6 workers of 6 for evacuation
[2024-08-15T16:03:32.768+0000][12908.713s][info][gc,phases   ] GC(3062)   Pre Evacuate Collection Set: 0.2ms
[2024-08-15T16:03:32.768+0000][12908.713s][info][gc,phases   ] GC(3062)   Merge Heap Roots: 0.2ms
[2024-08-15T16:03:32.768+0000][12908.713s][info][gc,phases   ] GC(3062)   Evacuate Collection Set: 9.9ms
[2024-08-15T16:03:32.768+0000][12908.713s][info][gc,phases   ] GC(3062)   Post Evacuate Collection Set: 1.7ms
[2024-08-15T16:03:32.768+0000][12908.713s][info][gc,phases   ] GC(3062)   Other: 0.2ms
[2024-08-15T16:03:32.768+0000][12908.713s][info][gc,heap     ] GC(3062) Eden regions: 694->0(691)
[2024-08-15T16:03:32.768+0000][12908.713s][info][gc,heap     ] GC(3062) Survivor regions: 4->7(88)
[2024-08-15T16:03:32.768+0000][12908.713s][info][gc,heap     ] GC(3062) Old regions: 513->513
[2024-08-15T16:03:32.768+0000][12908.713s][info][gc,heap     ] GC(3062) Archive regions: 2->2
[2024-08-15T16:03:32.768+0000][12908.713s][info][gc,heap     ] GC(3062) Humongous regions: 5->5
[2024-08-15T16:03:32.768+0000][12908.713s][info][gc,metaspace] GC(3062) Metaspace: 442441K(448832K)->442441K(448832K) NonClass: 387553K(391104K)->387553K(391104K) Class: 54887K(57728K)->54887K(57728K)
[2024-08-15T16:03:32.768+0000][12908.713s][info][gc          ] GC(3062) Pause Young (Normal) (G1 Evacuation Pause) 9730M->4197M(12288M) 12.308ms
[2024-08-15T16:03:32.768+0000][12908.713s][info][gc,cpu      ] GC(3062) User=0.07s Sys=0.00s Real=0.01s
[2024-08-15T16:03:37.381+0000][12913.326s][info][gc,start    ] GC(3063) Pause Young (Concurrent Start) (G1 Evacuation Pause)
[2024-08-15T16:03:37.381+0000][12913.326s][info][gc,task     ] GC(3063) Using 6 workers of 6 for evacuation
[2024-08-15T16:03:37.398+0000][12913.342s][info][gc,phases   ] GC(3063)   Pre Evacuate Collection Set: 0.6ms
[2024-08-15T16:03:37.398+0000][12913.342s][info][gc,phases   ] GC(3063)   Merge Heap Roots: 0.2ms
[2024-08-15T16:03:37.398+0000][12913.342s][info][gc,phases   ] GC(3063)   Evacuate Collection Set: 13.5ms
[2024-08-15T16:03:37.398+0000][12913.342s][info][gc,phases   ] GC(3063)   Post Evacuate Collection Set: 1.8ms
[2024-08-15T16:03:37.398+0000][12913.342s][info][gc,phases   ] GC(3063)   Other: 0.3ms
[2024-08-15T16:03:37.398+0000][12913.342s][info][gc,heap     ] GC(3063) Eden regions: 691->0(688)
[2024-08-15T16:03:37.398+0000][12913.342s][info][gc,heap     ] GC(3063) Survivor regions: 7->9(88)
[2024-08-15T16:03:37.398+0000][12913.342s][info][gc,heap     ] GC(3063) Old regions: 513->513
[2024-08-15T16:03:37.398+0000][12913.342s][info][gc,heap     ] GC(3063) Archive regions: 2->2
[2024-08-15T16:03:37.398+0000][12913.342s][info][gc,heap     ] GC(3063) Humongous regions: 5->5
[2024-08-15T16:03:37.398+0000][12913.342s][info][gc,metaspace] GC(3063) Metaspace: 442443K(448832K)->442443K(448832K) NonClass: 387555K(391104K)->387555K(391104K) Class: 54887K(57728K)->54887K(57728K)
[2024-08-15T16:03:37.398+0000][12913.342s][info][gc          ] GC(3063) Pause Young (Concurrent Start) (G1 Evacuation Pause) 9725M->4215M(12288M) 16.402ms
[2024-08-15T16:03:37.398+0000][12913.342s][info][gc,cpu      ] GC(3063) User=0.09s Sys=0.00s Real=0.02s
[2024-08-15T16:03:37.398+0000][12913.342s][info][gc          ] GC(3064) Concurrent Mark Cycle
[2024-08-15T16:03:37.398+0000][12913.343s][info][gc,marking  ] GC(3064) Concurrent Clear Claimed Marks
[2024-08-15T16:03:37.398+0000][12913.343s][info][gc,marking  ] GC(3064) Concurrent Clear Claimed Marks 0.376ms
[2024-08-15T16:03:37.398+0000][12913.343s][info][gc,marking  ] GC(3064) Concurrent Scan Root Regions
[2024-08-15T16:03:37.411+0000][12913.356s][info][gc,marking  ] GC(3064) Concurrent Scan Root Regions 13.095ms
[2024-08-15T16:03:37.411+0000][12913.356s][info][gc,marking  ] GC(3064) Concurrent Mark
[2024-08-15T16:03:37.411+0000][12913.356s][info][gc,marking  ] GC(3064) Concurrent Mark From Roots
[2024-08-15T16:03:37.411+0000][12913.356s][info][gc,task     ] GC(3064) Using 2 workers of 2 for marking
[2024-08-15T16:03:40.882+0000][12916.827s][info][gc,marking  ] GC(3064) Concurrent Mark From Roots 3470.596ms
[2024-08-15T16:03:40.882+0000][12916.827s][info][gc,marking  ] GC(3064) Concurrent Preclean
[2024-08-15T16:03:40.884+0000][12916.829s][info][gc,marking  ] GC(3064) Concurrent Preclean 1.806ms
[2024-08-15T16:03:40.884+0000][12916.829s][info][gc,start    ] GC(3064) Pause Remark
[2024-08-15T16:03:40.908+0000][12916.852s][info][gc          ] GC(3064) Pause Remark 7934M->7934M(12288M) 23.627ms
[2024-08-15T16:03:40.908+0000][12916.852s][info][gc,cpu      ] GC(3064) User=0.10s Sys=0.00s Real=0.02s
[2024-08-15T16:03:40.908+0000][12916.853s][info][gc,marking  ] GC(3064) Concurrent Mark 3496.507ms
[2024-08-15T16:03:40.908+0000][12916.853s][info][gc,marking  ] GC(3064) Concurrent Rebuild Remembered Sets
[2024-08-15T16:03:42.499+0000][12918.443s][info][gc,start    ] GC(3065) Pause Young (Normal) (G1 Evacuation Pause)
[2024-08-15T16:03:42.499+0000][12918.443s][info][gc,task     ] GC(3065) Using 6 workers of 6 for evacuation
[2024-08-15T16:03:42.516+0000][12918.461s][info][gc,phases   ] GC(3065)   Pre Evacuate Collection Set: 0.2ms
[2024-08-15T16:03:42.516+0000][12918.461s][info][gc,phases   ] GC(3065)   Merge Heap Roots: 0.3ms
[2024-08-15T16:03:42.516+0000][12918.461s][info][gc,phases   ] GC(3065)   Evacuate Collection Set: 14.8ms
[2024-08-15T16:03:42.516+0000][12918.461s][info][gc,phases   ] GC(3065)   Post Evacuate Collection Set: 1.9ms
[2024-08-15T16:03:42.516+0000][12918.461s][info][gc,phases   ] GC(3065)   Other: 0.2ms
[2024-08-15T16:03:42.516+0000][12918.461s][info][gc,heap     ] GC(3065) Eden regions: 688->0(690)
[2024-08-15T16:03:42.516+0000][12918.461s][info][gc,heap     ] GC(3065) Survivor regions: 9->8(88)
[2024-08-15T16:03:42.516+0000][12918.461s][info][gc,heap     ] GC(3065) Old regions: 513->513
[2024-08-15T16:03:42.516+0000][12918.461s][info][gc,heap     ] GC(3065) Archive regions: 2->2
[2024-08-15T16:03:42.516+0000][12918.461s][info][gc,heap     ] GC(3065) Humongous regions: 5->5
[2024-08-15T16:03:42.516+0000][12918.461s][info][gc,metaspace] GC(3065) Metaspace: 442443K(448832K)->442443K(448832K) NonClass: 387555K(391104K)->387555K(391104K) Class: 54887K(57728K)->54887K(57728K)
[2024-08-15T16:03:42.516+0000][12918.461s][info][gc          ] GC(3065) Pause Young (Normal) (G1 Evacuation Pause) 9719M->4211M(12288M) 17.408ms
[2024-08-15T16:03:42.516+0000][12918.461s][info][gc,cpu      ] GC(3065) User=0.10s Sys=0.00s Real=0.02s
[2024-08-15T16:03:42.919+0000][12918.864s][info][gc,marking  ] GC(3064) Concurrent Rebuild Remembered Sets 2011.445ms
[2024-08-15T16:03:42.920+0000][12918.864s][info][gc,start    ] GC(3064) Pause Cleanup
[2024-08-15T16:03:42.920+0000][12918.865s][info][gc          ] GC(3064) Pause Cleanup 4611M->4611M(12288M) 0.530ms
[2024-08-15T16:03:42.920+0000][12918.865s][info][gc,cpu      ] GC(3064) User=0.01s Sys=0.00s Real=0.00s
[2024-08-15T16:03:42.920+0000][12918.865s][info][gc,marking  ] GC(3064) Concurrent Cleanup for Next Mark
[2024-08-15T16:03:42.938+0000][12918.882s][info][gc,marking  ] GC(3064) Concurrent Cleanup for Next Mark 17.457ms
[2024-08-15T16:03:42.938+0000][12918.882s][info][gc          ] GC(3064) Concurrent Mark Cycle 5539.953ms
[2024-08-15T16:03:46.256+0000][12922.201s][info][gc,start    ] GC(3066) Pause Young (Prepare Mixed) (G1 Evacuation Pause)
[2024-08-15T16:03:46.256+0000][12922.201s][info][gc,task     ] GC(3066) Using 6 workers of 6 for evacuation
[2024-08-15T16:03:46.275+0000][12922.220s][info][gc,phases   ] GC(3066)   Pre Evacuate Collection Set: 0.2ms
[2024-08-15T16:03:46.275+0000][12922.220s][info][gc,phases   ] GC(3066)   Merge Heap Roots: 0.2ms
[2024-08-15T16:03:46.275+0000][12922.220s][info][gc,phases   ] GC(3066)   Evacuate Collection Set: 16.5ms
[2024-08-15T16:03:46.275+0000][12922.220s][info][gc,phases   ] GC(3066)   Post Evacuate Collection Set: 1.7ms
[2024-08-15T16:03:46.275+0000][12922.220s][info][gc,phases   ] GC(3066)   Other: 0.2ms
[2024-08-15T16:03:46.275+0000][12922.220s][info][gc,heap     ] GC(3066) Eden regions: 690->0(67)
[2024-08-15T16:03:46.275+0000][12922.220s][info][gc,heap     ] GC(3066) Survivor regions: 8->9(88)
[2024-08-15T16:03:46.275+0000][12922.220s][info][gc,heap     ] GC(3066) Old regions: 513->513
[2024-08-15T16:03:46.275+0000][12922.220s][info][gc,heap     ] GC(3066) Archive regions: 2->2
[2024-08-15T16:03:46.275+0000][12922.220s][info][gc,heap     ] GC(3066) Humongous regions: 5->5
[2024-08-15T16:03:46.275+0000][12922.220s][info][gc,metaspace] GC(3066) Metaspace: 442443K(448832K)->442443K(448832K) NonClass: 387555K(391104K)->387555K(391104K) Class: 54887K(57728K)->54887K(57728K)
[2024-08-15T16:03:46.275+0000][12922.220s][info][gc          ] GC(3066) Pause Young (Prepare Mixed) (G1 Evacuation Pause) 9731M->4219M(12288M) 18.882ms
[2024-08-15T16:03:46.275+0000][12922.220s][info][gc,cpu      ] GC(3066) User=0.10s Sys=0.01s Real=0.02s
[2024-08-15T16:03:46.587+0000][12922.532s][info][gc,start    ] GC(3067) Pause Young (Mixed) (G1 Evacuation Pause)
[2024-08-15T16:03:46.587+0000][12922.532s][info][gc,task     ] GC(3067) Using 6 workers of 6 for evacuation
[2024-08-15T16:03:46.650+0000][12922.594s][info][gc,phases   ] GC(3067)   Pre Evacuate Collection Set: 0.2ms
[2024-08-15T16:03:46.650+0000][12922.594s][info][gc,phases   ] GC(3067)   Merge Heap Roots: 0.3ms
[2024-08-15T16:03:46.650+0000][12922.594s][info][gc,phases   ] GC(3067)   Evacuate Collection Set: 60.1ms
[2024-08-15T16:03:46.650+0000][12922.594s][info][gc,phases   ] GC(3067)   Post Evacuate Collection Set: 1.3ms
[2024-08-15T16:03:46.650+0000][12922.594s][info][gc,phases   ] GC(3067)   Other: 0.2ms
[2024-08-15T16:03:46.650+0000][12922.594s][info][gc,heap     ] GC(3067) Eden regions: 67->0(691)
[2024-08-15T16:03:46.650+0000][12922.594s][info][gc,heap     ] GC(3067) Survivor regions: 9->6(10)
[2024-08-15T16:03:46.650+0000][12922.594s][info][gc,heap     ] GC(3067) Old regions: 513->513
[2024-08-15T16:03:46.650+0000][12922.594s][info][gc,heap     ] GC(3067) Archive regions: 2->2
[2024-08-15T16:03:46.650+0000][12922.594s][info][gc,heap     ] GC(3067) Humongous regions: 5->5
[2024-08-15T16:03:46.650+0000][12922.594s][info][gc,metaspace] GC(3067) Metaspace: 442443K(448832K)->442443K(448832K) NonClass: 387555K(391104K)->387555K(391104K) Class: 54887K(57728K)->54887K(57728K)
[2024-08-15T16:03:46.650+0000][12922.594s][info][gc          ] GC(3067) Pause Young (Mixed) (G1 Evacuation Pause) 4755M->4189M(12288M) 62.152ms
[2024-08-15T16:03:46.650+0000][12922.594s][info][gc,cpu      ] GC(3067) User=0.37s Sys=0.00s Real=0.06s
[2024-08-15T16:03:51.272+0000][12927.217s][info][gc,start    ] GC(3068) Pause Young (Normal) (G1 Evacuation Pause)
[2024-08-15T16:03:51.272+0000][12927.217s][info][gc,task     ] GC(3068) Using 6 workers of 6 for evacuation
[2024-08-15T16:03:51.283+0000][12927.228s][info][gc,phases   ] GC(3068)   Pre Evacuate Collection Set: 0.2ms
[2024-08-15T16:03:51.283+0000][12927.228s][info][gc,phases   ] GC(3068)   Merge Heap Roots: 0.2ms
[2024-08-15T16:03:51.283+0000][12927.228s][info][gc,phases   ] GC(3068)   Evacuate Collection Set: 9.0ms
[2024-08-15T16:03:51.283+0000][12927.228s][info][gc,phases   ] GC(3068)   Post Evacuate Collection Set: 1.7ms
[2024-08-15T16:03:51.283+0000][12927.228s][info][gc,phases   ] GC(3068)   Other: 0.2ms
[2024-08-15T16:03:51.283+0000][12927.228s][info][gc,heap     ] GC(3068) Eden regions: 691->0(693)
[2024-08-15T16:03:51.283+0000][12927.228s][info][gc,heap     ] GC(3068) Survivor regions: 6->5(88)
[2024-08-15T16:03:51.283+0000][12927.228s][info][gc,heap     ] GC(3068) Old regions: 513->513
[2024-08-15T16:03:51.283+0000][12927.228s][info][gc,heap     ] GC(3068) Archive regions: 2->2
[2024-08-15T16:03:51.283+0000][12927.228s][info][gc,heap     ] GC(3068) Humongous regions: 5->5
[2024-08-15T16:03:51.283+0000][12927.228s][info][gc,metaspace] GC(3068) Metaspace: 442443K(448832K)->442443K(448832K) NonClass: 387555K(391104K)->387555K(391104K) Class: 54887K(57728K)->54887K(57728K)
[2024-08-15T16:03:51.283+0000][12927.228s][info][gc          ] GC(3068) Pause Young (Normal) (G1 Evacuation Pause) 9717M->4184M(12288M) 11.322ms
[2024-08-15T16:03:51.283+0000][12927.228s][info][gc,cpu      ] GC(3068) User=0.06s Sys=0.01s Real=0.02s
[2024-08-15T16:03:56.002+0000][12931.946s][info][gc,start    ] GC(3069) Pause Young (Normal) (G1 Evacuation Pause)
[2024-08-15T16:03:56.002+0000][12931.946s][info][gc,task     ] GC(3069) Using 6 workers of 6 for evacuation
[2024-08-15T16:03:56.016+0000][12931.960s][info][gc,phases   ] GC(3069)   Pre Evacuate Collection Set: 0.2ms
[2024-08-15T16:03:56.016+0000][12931.960s][info][gc,phases   ] GC(3069)   Merge Heap Roots: 0.2ms
[2024-08-15T16:03:56.016+0000][12931.960s][info][gc,phases   ] GC(3069)   Evacuate Collection Set: 11.6ms
[2024-08-15T16:03:56.016+0000][12931.960s][info][gc,phases   ] GC(3069)   Post Evacuate Collection Set: 1.7ms
[2024-08-15T16:03:56.016+0000][12931.960s][info][gc,phases   ] GC(3069)   Other: 0.2ms
[2024-08-15T16:03:56.016+0000][12931.960s][info][gc,heap     ] GC(3069) Eden regions: 693->0(690)
[2024-08-15T16:03:56.016+0000][12931.960s][info][gc,heap     ] GC(3069) Survivor regions: 5->7(88)
[2024-08-15T16:03:56.016+0000][12931.960s][info][gc,heap     ] GC(3069) Old regions: 513->513
[2024-08-15T16:03:56.016+0000][12931.960s][info][gc,heap     ] GC(3069) Archive regions: 2->2
[2024-08-15T16:03:56.016+0000][12931.960s][info][gc,heap     ] GC(3069) Humongous regions: 5->5
[2024-08-15T16:03:56.016+0000][12931.960s][info][gc,metaspace] GC(3069) Metaspace: 442443K(448832K)->442443K(448832K) NonClass: 387555K(391104K)->387555K(391104K) Class: 54887K(57728K)->54887K(57728K)
[2024-08-15T16:03:56.016+0000][12931.960s][info][gc          ] GC(3069) Pause Young (Normal) (G1 Evacuation Pause) 9728M->4203M(12288M) 13.991ms
[2024-08-15T16:03:56.016+0000][12931.960s][info][gc,cpu      ] GC(3069) User=0.08s Sys=0.00s Real=0.02s
[2024-08-15T16:04:00.216+0000][12936.161s][info][gc,start    ] GC(3070) Pause Young (Concurrent Start) (G1 Evacuation Pause)
[2024-08-15T16:04:00.216+0000][12936.161s][info][gc,task     ] GC(3070) Using 6 workers of 6 for evacuation
[2024-08-15T16:04:00.232+0000][12936.177s][info][gc,phases   ] GC(3070)   Pre Evacuate Collection Set: 0.5ms
[2024-08-15T16:04:00.232+0000][12936.177s][info][gc,phases   ] GC(3070)   Merge Heap Roots: 0.2ms
[2024-08-15T16:04:00.232+0000][12936.177s][info][gc,phases   ] GC(3070)   Evacuate Collection Set: 13.4ms
[2024-08-15T16:04:00.232+0000][12936.177s][info][gc,phases   ] GC(3070)   Post Evacuate Collection Set: 1.7ms
[2024-08-15T16:04:00.232+0000][12936.177s][info][gc,phases   ] GC(3070)   Other: 0.3ms
[2024-08-15T16:04:00.232+0000][12936.177s][info][gc,heap     ] GC(3070) Eden regions: 690->0(691)
[2024-08-15T16:04:00.232+0000][12936.177s][info][gc,heap     ] GC(3070) Survivor regions: 7->7(88)
[2024-08-15T16:04:00.232+0000][12936.177s][info][gc,heap     ] GC(3070) Old regions: 513->513
[2024-08-15T16:04:00.232+0000][12936.177s][info][gc,heap     ] GC(3070) Archive regions: 2->2
[2024-08-15T16:04:00.232+0000][12936.177s][info][gc,heap     ] GC(3070) Humongous regions: 5->5
[2024-08-15T16:04:00.232+0000][12936.177s][info][gc,metaspace] GC(3070) Metaspace: 442443K(448832K)->442443K(448832K) NonClass: 387555K(391104K)->387555K(391104K) Class: 54887K(57728K)->54887K(57728K)
[2024-08-15T16:04:00.232+0000][12936.177s][info][gc          ] GC(3070) Pause Young (Concurrent Start) (G1 Evacuation Pause) 9723M->4202M(12288M) 16.228ms
[2024-08-15T16:04:00.232+0000][12936.177s][info][gc,cpu      ] GC(3070) User=0.10s Sys=0.00s Real=0.01s
[2024-08-15T16:04:00.232+0000][12936.177s][info][gc          ] GC(3071) Concurrent Mark Cycle
[2024-08-15T16:04:00.232+0000][12936.177s][info][gc,marking  ] GC(3071) Concurrent Clear Claimed Marks
[2024-08-15T16:04:00.233+0000][12936.177s][info][gc,marking  ] GC(3071) Concurrent Clear Claimed Marks 0.377ms
[2024-08-15T16:04:00.233+0000][12936.177s][info][gc,marking  ] GC(3071) Concurrent Scan Root Regions
[2024-08-15T16:04:00.249+0000][12936.194s][info][gc,marking  ] GC(3071) Concurrent Scan Root Regions 16.139ms
[2024-08-15T16:04:00.249+0000][12936.194s][info][gc,marking  ] GC(3071) Concurrent Mark
[2024-08-15T16:04:00.249+0000][12936.194s][info][gc,marking  ] GC(3071) Concurrent Mark From Roots
[2024-08-15T16:04:00.249+0000][12936.194s][info][gc,task     ] GC(3071) Using 2 workers of 2 for marking
[2024-08-15T16:04:03.524+0000][12939.469s][info][gc,marking  ] GC(3071) Concurrent Mark From Roots 3275.378ms
[2024-08-15T16:04:03.524+0000][12939.469s][info][gc,marking  ] GC(3071) Concurrent Preclean
[2024-08-15T16:04:03.526+0000][12939.471s][info][gc,marking  ] GC(3071) Concurrent Preclean 1.653ms
[2024-08-15T16:04:03.526+0000][12939.471s][info][gc,start    ] GC(3071) Pause Remark
[2024-08-15T16:04:03.550+0000][12939.494s][info][gc          ] GC(3071) Pause Remark 7594M->7594M(12288M) 23.620ms
[2024-08-15T16:04:03.550+0000][12939.495s][info][gc,cpu      ] GC(3071) User=0.10s Sys=0.00s Real=0.02s
[2024-08-15T16:04:03.550+0000][12939.495s][info][gc,marking  ] GC(3071) Concurrent Mark 3301.227ms
[2024-08-15T16:04:03.550+0000][12939.495s][info][gc,marking  ] GC(3071) Concurrent Rebuild Remembered Sets
[2024-08-15T16:04:05.512+0000][12941.457s][info][gc,start    ] GC(3072) Pause Young (Normal) (G1 Evacuation Pause)
[2024-08-15T16:04:05.512+0000][12941.457s][info][gc,task     ] GC(3072) Using 6 workers of 6 for evacuation
[2024-08-15T16:04:05.530+0000][12941.475s][info][gc,phases   ] GC(3072)   Pre Evacuate Collection Set: 0.2ms
[2024-08-15T16:04:05.530+0000][12941.475s][info][gc,phases   ] GC(3072)   Merge Heap Roots: 0.3ms
[2024-08-15T16:04:05.530+0000][12941.475s][info][gc,phases   ] GC(3072)   Evacuate Collection Set: 15.7ms
[2024-08-15T16:04:05.530+0000][12941.475s][info][gc,phases   ] GC(3072)   Post Evacuate Collection Set: 1.7ms
[2024-08-15T16:04:05.530+0000][12941.475s][info][gc,phases   ] GC(3072)   Other: 0.2ms
[2024-08-15T16:04:05.530+0000][12941.475s][info][gc,heap     ] GC(3072) Eden regions: 691->0(689)
[2024-08-15T16:04:05.530+0000][12941.475s][info][gc,heap     ] GC(3072) Survivor regions: 7->9(88)
[2024-08-15T16:04:05.530+0000][12941.475s][info][gc,heap     ] GC(3072) Old regions: 513->513
[2024-08-15T16:04:05.530+0000][12941.475s][info][gc,heap     ] GC(3072) Archive regions: 2->2
[2024-08-15T16:04:05.530+0000][12941.475s][info][gc,heap     ] GC(3072) Humongous regions: 5->5
[2024-08-15T16:04:05.530+0000][12941.475s][info][gc,metaspace] GC(3072) Metaspace: 442443K(448832K)->442443K(448832K) NonClass: 387555K(391104K)->387555K(391104K) Class: 54887K(57728K)->54887K(57728K)
[2024-08-15T16:04:05.530+0000][12941.475s][info][gc          ] GC(3072) Pause Young (Normal) (G1 Evacuation Pause) 9730M->4219M(12288M) 18.147ms
[2024-08-15T16:04:05.531+0000][12941.475s][info][gc,cpu      ] GC(3072) User=0.10s Sys=0.00s Real=0.02s
[2024-08-15T16:04:05.571+0000][12941.516s][info][gc,marking  ] GC(3071) Concurrent Rebuild Remembered Sets 2021.181ms
[2024-08-15T16:04:05.572+0000][12941.517s][info][gc,start    ] GC(3071) Pause Cleanup
[2024-08-15T16:04:05.572+0000][12941.517s][info][gc          ] GC(3071) Pause Cleanup 4283M->4283M(12288M) 0.513ms
[2024-08-15T16:04:05.572+0000][12941.517s][info][gc,cpu      ] GC(3071) User=0.00s Sys=0.00s Real=0.00s
[2024-08-15T16:04:05.573+0000][12941.517s][info][gc,marking  ] GC(3071) Concurrent Cleanup for Next Mark
[2024-08-15T16:04:05.590+0000][12941.534s][info][gc,marking  ] GC(3071) Concurrent Cleanup for Next Mark 17.155ms
[2024-08-15T16:04:05.590+0000][12941.534s][info][gc          ] GC(3071) Concurrent Mark Cycle 5357.411ms
[2024-08-15T16:04:10.074+0000][12946.019s][info][gc,start    ] GC(3073) Pause Young (Prepare Mixed) (G1 Evacuation Pause)
[2024-08-15T16:04:10.074+0000][12946.019s][info][gc,task     ] GC(3073) Using 6 workers of 6 for evacuation
[2024-08-15T16:04:10.094+0000][12946.039s][info][gc,phases   ] GC(3073)   Pre Evacuate Collection Set: 0.2ms
[2024-08-15T16:04:10.094+0000][12946.039s][info][gc,phases   ] GC(3073)   Merge Heap Roots: 0.2ms
[2024-08-15T16:04:10.094+0000][12946.039s][info][gc,phases   ] GC(3073)   Evacuate Collection Set: 17.6ms
[2024-08-15T16:04:10.094+0000][12946.039s][info][gc,phases   ] GC(3073)   Post Evacuate Collection Set: 1.7ms
[2024-08-15T16:04:10.094+0000][12946.039s][info][gc,phases   ] GC(3073)   Other: 0.2ms
[2024-08-15T16:04:10.094+0000][12946.039s][info][gc,heap     ] GC(3073) Eden regions: 689->0(68)
[2024-08-15T16:04:10.094+0000][12946.039s][info][gc,heap     ] GC(3073) Survivor regions: 9->8(88)
[2024-08-15T16:04:10.094+0000][12946.039s][info][gc,heap     ] GC(3073) Old regions: 513->513
[2024-08-15T16:04:10.094+0000][12946.039s][info][gc,heap     ] GC(3073) Archive regions: 2->2
[2024-08-15T16:04:10.094+0000][12946.039s][info][gc,heap     ] GC(3073) Humongous regions: 5->5
[2024-08-15T16:04:10.094+0000][12946.039s][info][gc,metaspace] GC(3073) Metaspace: 442443K(448832K)->442443K(448832K) NonClass: 387555K(391104K)->387555K(391104K) Class: 54887K(57728K)->54887K(57728K)
[2024-08-15T16:04:10.094+0000][12946.039s][info][gc          ] GC(3073) Pause Young (Prepare Mixed) (G1 Evacuation Pause) 9731M->4211M(12288M) 20.036ms
[2024-08-15T16:04:10.095+0000][12946.039s][info][gc,cpu      ] GC(3073) User=0.12s Sys=0.00s Real=0.02s
[2024-08-15T16:04:10.521+0000][12946.466s][info][gc,start    ] GC(3074) Pause Young (Mixed) (G1 Evacuation Pause)
[2024-08-15T16:04:10.521+0000][12946.466s][info][gc,task     ] GC(3074) Using 6 workers of 6 for evacuation
[2024-08-15T16:04:10.579+0000][12946.523s][info][gc,phases   ] GC(3074)   Pre Evacuate Collection Set: 0.2ms
[2024-08-15T16:04:10.579+0000][12946.523s][info][gc,phases   ] GC(3074)   Merge Heap Roots: 0.4ms
[2024-08-15T16:04:10.579+0000][12946.523s][info][gc,phases   ] GC(3074)   Evacuate Collection Set: 55.9ms
[2024-08-15T16:04:10.579+0000][12946.523s][info][gc,phases   ] GC(3074)   Post Evacuate Collection Set: 1.2ms
[2024-08-15T16:04:10.579+0000][12946.523s][info][gc,phases   ] GC(3074)   Other: 0.2ms
[2024-08-15T16:04:10.579+0000][12946.523s][info][gc,heap     ] GC(3074) Eden regions: 68->0(694)
[2024-08-15T16:04:10.579+0000][12946.523s][info][gc,heap     ] GC(3074) Survivor regions: 8->6(10)
[2024-08-15T16:04:10.579+0000][12946.523s][info][gc,heap     ] GC(3074) Old regions: 513->511
[2024-08-15T16:04:10.579+0000][12946.523s][info][gc,heap     ] GC(3074) Archive regions: 2->2
[2024-08-15T16:04:10.579+0000][12946.523s][info][gc,heap     ] GC(3074) Humongous regions: 5->5
[2024-08-15T16:04:10.579+0000][12946.523s][info][gc,metaspace] GC(3074) Metaspace: 442443K(448832K)->442443K(448832K) NonClass: 387555K(391104K)->387555K(391104K) Class: 54887K(57728K)->54887K(57728K)
[2024-08-15T16:04:10.579+0000][12946.523s][info][gc          ] GC(3074) Pause Young (Mixed) (G1 Evacuation Pause) 4755M->4174M(12288M) 57.935ms
[2024-08-15T16:04:10.579+0000][12946.524s][info][gc,cpu      ] GC(3074) User=0.34s Sys=0.01s Real=0.06s
[2024-08-15T16:04:15.328+0000][12951.272s][info][gc,start    ] GC(3075) Pause Young (Normal) (G1 Evacuation Pause)
[2024-08-15T16:04:15.328+0000][12951.272s][info][gc,task     ] GC(3075) Using 6 workers of 6 for evacuation
[2024-08-15T16:04:15.342+0000][12951.287s][info][gc,phases   ] GC(3075)   Pre Evacuate Collection Set: 0.2ms
[2024-08-15T16:04:15.342+0000][12951.287s][info][gc,phases   ] GC(3075)   Merge Heap Roots: 0.2ms
[2024-08-15T16:04:15.342+0000][12951.287s][info][gc,phases   ] GC(3075)   Evacuate Collection Set: 12.1ms
[2024-08-15T16:04:15.342+0000][12951.287s][info][gc,phases   ] GC(3075)   Post Evacuate Collection Set: 1.7ms
[2024-08-15T16:04:15.342+0000][12951.287s][info][gc,phases   ] GC(3075)   Other: 0.2ms
[2024-08-15T16:04:15.342+0000][12951.287s][info][gc,heap     ] GC(3075) Eden regions: 694->0(692)
[2024-08-15T16:04:15.342+0000][12951.287s][info][gc,heap     ] GC(3075) Survivor regions: 6->8(88)
[2024-08-15T16:04:15.342+0000][12951.287s][info][gc,heap     ] GC(3075) Old regions: 511->511
[2024-08-15T16:04:15.342+0000][12951.287s][info][gc,heap     ] GC(3075) Archive regions: 2->2
[2024-08-15T16:04:15.342+0000][12951.287s][info][gc,heap     ] GC(3075) Humongous regions: 5->5
[2024-08-15T16:04:15.342+0000][12951.287s][info][gc,metaspace] GC(3075) Metaspace: 442443K(448832K)->442443K(448832K) NonClass: 387555K(391104K)->387555K(391104K) Class: 54887K(57728K)->54887K(57728K)
[2024-08-15T16:04:15.342+0000][12951.287s][info][gc          ] GC(3075) Pause Young (Normal) (G1 Evacuation Pause) 9726M->4188M(12288M) 14.400ms
[2024-08-15T16:04:15.342+0000][12951.287s][info][gc,cpu      ] GC(3075) User=0.08s Sys=0.00s Real=0.01s
[2024-08-15T16:04:20.158+0000][12956.102s][info][gc,start    ] GC(3076) Pause Young (Normal) (G1 Evacuation Pause)
[2024-08-15T16:04:20.158+0000][12956.102s][info][gc,task     ] GC(3076) Using 6 workers of 6 for evacuation
[2024-08-15T16:04:20.174+0000][12956.119s][info][gc,phases   ] GC(3076)   Pre Evacuate Collection Set: 0.2ms
[2024-08-15T16:04:20.174+0000][12956.119s][info][gc,phases   ] GC(3076)   Merge Heap Roots: 0.2ms
[2024-08-15T16:04:20.174+0000][12956.119s][info][gc,phases   ] GC(3076)   Evacuate Collection Set: 14.3ms
[2024-08-15T16:04:20.174+0000][12956.119s][info][gc,phases   ] GC(3076)   Post Evacuate Collection Set: 1.7ms
[2024-08-15T16:04:20.174+0000][12956.119s][info][gc,phases   ] GC(3076)   Other: 0.2ms
[2024-08-15T16:04:20.174+0000][12956.119s][info][gc,heap     ] GC(3076) Eden regions: 692->0(690)
[2024-08-15T16:04:20.174+0000][12956.119s][info][gc,heap     ] GC(3076) Survivor regions: 8->10(88)
[2024-08-15T16:04:20.174+0000][12956.119s][info][gc,heap     ] GC(3076) Old regions: 511->511
[2024-08-15T16:04:20.174+0000][12956.119s][info][gc,heap     ] GC(3076) Archive regions: 2->2
[2024-08-15T16:04:20.174+0000][12956.119s][info][gc,heap     ] GC(3076) Humongous regions: 5->5
[2024-08-15T16:04:20.174+0000][12956.119s][info][gc,metaspace] GC(3076) Metaspace: 442445K(448832K)->442445K(448832K) NonClass: 387557K(391104K)->387557K(391104K) Class: 54887K(57728K)->54887K(57728K)
[2024-08-15T16:04:20.174+0000][12956.119s][info][gc          ] GC(3076) Pause Young (Normal) (G1 Evacuation Pause) 9724M->4207M(12288M) 16.614ms
[2024-08-15T16:04:20.174+0000][12956.119s][info][gc,cpu      ] GC(3076) User=0.09s Sys=0.00s Real=0.01s
[2024-08-15T16:04:25.018+0000][12960.962s][info][gc,start    ] GC(3077) Pause Young (Concurrent Start) (G1 Evacuation Pause)
[2024-08-15T16:04:25.018+0000][12960.962s][info][gc,task     ] GC(3077) Using 6 workers of 6 for evacuation
[2024-08-15T16:04:25.036+0000][12960.981s][info][gc,phases   ] GC(3077)   Pre Evacuate Collection Set: 0.5ms
[2024-08-15T16:04:25.036+0000][12960.981s][info][gc,phases   ] GC(3077)   Merge Heap Roots: 0.2ms
[2024-08-15T16:04:25.036+0000][12960.981s][info][gc,phases   ] GC(3077)   Evacuate Collection Set: 15.9ms
[2024-08-15T16:04:25.036+0000][12960.981s][info][gc,phases   ] GC(3077)   Post Evacuate Collection Set: 1.6ms
[2024-08-15T16:04:25.036+0000][12960.981s][info][gc,phases   ] GC(3077)   Other: 0.3ms
[2024-08-15T16:04:25.036+0000][12960.981s][info][gc,heap     ] GC(3077) Eden regions: 690->0(690)
[2024-08-15T16:04:25.036+0000][12960.981s][info][gc,heap     ] GC(3077) Survivor regions: 10->9(88)
[2024-08-15T16:04:25.036+0000][12960.981s][info][gc,heap     ] GC(3077) Old regions: 511->511
[2024-08-15T16:04:25.036+0000][12960.981s][info][gc,heap     ] GC(3077) Archive regions: 2->2
[2024-08-15T16:04:25.036+0000][12960.981s][info][gc,heap     ] GC(3077) Humongous regions: 5->5
[2024-08-15T16:04:25.036+0000][12960.981s][info][gc,metaspace] GC(3077) Metaspace: 442445K(448832K)->442445K(448832K) NonClass: 387557K(391104K)->387557K(391104K) Class: 54887K(57728K)->54887K(57728K)
[2024-08-15T16:04:25.036+0000][12960.981s][info][gc          ] GC(3077) Pause Young (Concurrent Start) (G1 Evacuation Pause) 9727M->4202M(12288M) 18.586ms
[2024-08-15T16:04:25.036+0000][12960.981s][info][gc,cpu      ] GC(3077) User=0.11s Sys=0.00s Real=0.02s
[2024-08-15T16:04:25.036+0000][12960.981s][info][gc          ] GC(3078) Concurrent Mark Cycle
[2024-08-15T16:04:25.036+0000][12960.981s][info][gc,marking  ] GC(3078) Concurrent Clear Claimed Marks
[2024-08-15T16:04:25.037+0000][12960.981s][info][gc,marking  ] GC(3078) Concurrent Clear Claimed Marks 0.359ms
[2024-08-15T16:04:25.037+0000][12960.981s][info][gc,marking  ] GC(3078) Concurrent Scan Root Regions
[2024-08-15T16:04:25.053+0000][12960.998s][info][gc,marking  ] GC(3078) Concurrent Scan Root Regions 16.578ms
[2024-08-15T16:04:25.053+0000][12960.998s][info][gc,marking  ] GC(3078) Concurrent Mark
[2024-08-15T16:04:25.053+0000][12960.998s][info][gc,marking  ] GC(3078) Concurrent Mark From Roots
[2024-08-15T16:04:25.053+0000][12960.998s][info][gc,task     ] GC(3078) Using 2 workers of 2 for marking
[2024-08-15T16:04:28.306+0000][12964.250s][info][gc,marking  ] GC(3078) Concurrent Mark From Roots 3252.409ms
[2024-08-15T16:04:28.306+0000][12964.250s][info][gc,marking  ] GC(3078) Concurrent Preclean
[2024-08-15T16:04:28.308+0000][12964.252s][info][gc,marking  ] GC(3078) Concurrent Preclean 1.928ms
[2024-08-15T16:04:28.308+0000][12964.252s][info][gc,start    ] GC(3078) Pause Remark
[2024-08-15T16:04:28.331+0000][12964.276s][info][gc          ] GC(3078) Pause Remark 7558M->7558M(12288M) 23.672ms
[2024-08-15T16:04:28.332+0000][12964.276s][info][gc,cpu      ] GC(3078) User=0.10s Sys=0.00s Real=0.02s
[2024-08-15T16:04:28.332+0000][12964.276s][info][gc,marking  ] GC(3078) Concurrent Mark 3278.430ms
[2024-08-15T16:04:28.332+0000][12964.276s][info][gc,marking  ] GC(3078) Concurrent Rebuild Remembered Sets
[2024-08-15T16:04:30.298+0000][12966.243s][info][gc,marking  ] GC(3078) Concurrent Rebuild Remembered Sets 1966.845ms
[2024-08-15T16:04:30.299+0000][12966.243s][info][gc,start    ] GC(3078) Pause Cleanup
[2024-08-15T16:04:30.299+0000][12966.244s][info][gc          ] GC(3078) Pause Cleanup 9654M->9654M(12288M) 0.546ms
[2024-08-15T16:04:30.299+0000][12966.244s][info][gc,cpu      ] GC(3078) User=0.00s Sys=0.00s Real=0.00s
[2024-08-15T16:04:30.299+0000][12966.244s][info][gc,marking  ] GC(3078) Concurrent Cleanup for Next Mark
[2024-08-15T16:04:30.316+0000][12966.261s][info][gc,marking  ] GC(3078) Concurrent Cleanup for Next Mark 16.778ms
[2024-08-15T16:04:30.316+0000][12966.261s][info][gc          ] GC(3078) Concurrent Mark Cycle 5280.002ms
[2024-08-15T16:04:30.369+0000][12966.313s][info][gc,start    ] GC(3079) Pause Young (Prepare Mixed) (G1 Evacuation Pause)
[2024-08-15T16:04:30.369+0000][12966.313s][info][gc,task     ] GC(3079) Using 6 workers of 6 for evacuation
[2024-08-15T16:04:30.392+0000][12966.336s][info][gc,phases   ] GC(3079)   Pre Evacuate Collection Set: 0.2ms
[2024-08-15T16:04:30.392+0000][12966.336s][info][gc,phases   ] GC(3079)   Merge Heap Roots: 0.3ms
[2024-08-15T16:04:30.392+0000][12966.336s][info][gc,phases   ] GC(3079)   Evacuate Collection Set: 20.6ms
[2024-08-15T16:04:30.392+0000][12966.336s][info][gc,phases   ] GC(3079)   Post Evacuate Collection Set: 1.7ms
[2024-08-15T16:04:30.392+0000][12966.336s][info][gc,phases   ] GC(3079)   Other: 0.2ms
[2024-08-15T16:04:30.392+0000][12966.336s][info][gc,heap     ] GC(3079) Eden regions: 690->0(64)
[2024-08-15T16:04:30.392+0000][12966.336s][info][gc,heap     ] GC(3079) Survivor regions: 9->12(88)
[2024-08-15T16:04:30.392+0000][12966.336s][info][gc,heap     ] GC(3079) Old regions: 511->511
[2024-08-15T16:04:30.392+0000][12966.336s][info][gc,heap     ] GC(3079) Archive regions: 2->2
[2024-08-15T16:04:30.392+0000][12966.337s][info][gc,heap     ] GC(3079) Humongous regions: 5->5
[2024-08-15T16:04:30.392+0000][12966.337s][info][gc,metaspace] GC(3079) Metaspace: 442445K(448832K)->442445K(448832K) NonClass: 387557K(391104K)->387557K(391104K) Class: 54887K(57728K)->54887K(57728K)
[2024-08-15T16:04:30.392+0000][12966.337s][info][gc          ] GC(3079) Pause Young (Prepare Mixed) (G1 Evacuation Pause) 9722M->4220M(12288M) 23.072ms
[2024-08-15T16:04:30.392+0000][12966.337s][info][gc,cpu      ] GC(3079) User=0.14s Sys=0.00s Real=0.02s
[2024-08-15T16:04:30.817+0000][12966.762s][info][gc,start    ] GC(3080) Pause Young (Mixed) (G1 Evacuation Pause)
[2024-08-15T16:04:30.817+0000][12966.762s][info][gc,task     ] GC(3080) Using 6 workers of 6 for evacuation
[2024-08-15T16:04:30.875+0000][12966.819s][info][gc,phases   ] GC(3080)   Pre Evacuate Collection Set: 0.2ms
[2024-08-15T16:04:30.875+0000][12966.819s][info][gc,phases   ] GC(3080)   Merge Heap Roots: 0.4ms
[2024-08-15T16:04:30.875+0000][12966.819s][info][gc,phases   ] GC(3080)   Evacuate Collection Set: 55.8ms
[2024-08-15T16:04:30.875+0000][12966.819s][info][gc,phases   ] GC(3080)   Post Evacuate Collection Set: 1.2ms
[2024-08-15T16:04:30.875+0000][12966.819s][info][gc,phases   ] GC(3080)   Other: 0.2ms
[2024-08-15T16:04:30.875+0000][12966.819s][info][gc,heap     ] GC(3080) Eden regions: 64->0(690)
[2024-08-15T16:04:30.875+0000][12966.819s][info][gc,heap     ] GC(3080) Survivor regions: 12->5(10)
[2024-08-15T16:04:30.875+0000][12966.819s][info][gc,heap     ] GC(3080) Old regions: 511->515
[2024-08-15T16:04:30.875+0000][12966.819s][info][gc,heap     ] GC(3080) Archive regions: 2->2
[2024-08-15T16:04:30.875+0000][12966.819s][info][gc,heap     ] GC(3080) Humongous regions: 5->5
[2024-08-15T16:04:30.875+0000][12966.819s][info][gc,metaspace] GC(3080) Metaspace: 442445K(448832K)->442445K(448832K) NonClass: 387557K(391104K)->387557K(391104K) Class: 54887K(57728K)->54887K(57728K)
[2024-08-15T16:04:30.875+0000][12966.820s][info][gc          ] GC(3080) Pause Young (Mixed) (G1 Evacuation Pause) 4732M->4199M(12288M) 57.852ms
[2024-08-15T16:04:30.875+0000][12966.820s][info][gc,cpu      ] GC(3080) User=0.34s Sys=0.00s Real=0.05s
[2024-08-15T16:04:35.500+0000][12971.445s][info][gc,start    ] GC(3081) Pause Young (Normal) (G1 Evacuation Pause)
[2024-08-15T16:04:35.500+0000][12971.445s][info][gc,task     ] GC(3081) Using 6 workers of 6 for evacuation
[2024-08-15T16:04:35.511+0000][12971.456s][info][gc,phases   ] GC(3081)   Pre Evacuate Collection Set: 0.2ms
[2024-08-15T16:04:35.511+0000][12971.456s][info][gc,phases   ] GC(3081)   Merge Heap Roots: 0.2ms
[2024-08-15T16:04:35.511+0000][12971.456s][info][gc,phases   ] GC(3081)   Evacuate Collection Set: 8.9ms
[2024-08-15T16:04:35.511+0000][12971.456s][info][gc,phases   ] GC(3081)   Post Evacuate Collection Set: 1.7ms
[2024-08-15T16:04:35.511+0000][12971.456s][info][gc,phases   ] GC(3081)   Other: 0.2ms
[2024-08-15T16:04:35.511+0000][12971.456s][info][gc,heap     ] GC(3081) Eden regions: 690->0(690)
[2024-08-15T16:04:35.511+0000][12971.456s][info][gc,heap     ] GC(3081) Survivor regions: 5->5(87)
[2024-08-15T16:04:35.511+0000][12971.456s][info][gc,heap     ] GC(3081) Old regions: 515->515
[2024-08-15T16:04:35.511+0000][12971.456s][info][gc,heap     ] GC(3081) Archive regions: 2->2
[2024-08-15T16:04:35.511+0000][12971.456s][info][gc,heap     ] GC(3081) Humongous regions: 5->5
[2024-08-15T16:04:35.511+0000][12971.456s][info][gc,metaspace] GC(3081) Metaspace: 442445K(448832K)->442445K(448832K) NonClass: 387557K(391104K)->387557K(391104K) Class: 54887K(57728K)->54887K(57728K)
[2024-08-15T16:04:35.511+0000][12971.456s][info][gc          ] GC(3081) Pause Young (Normal) (G1 Evacuation Pause) 9719M->4198M(12288M) 11.284ms
[2024-08-15T16:04:35.511+0000][12971.456s][info][gc,cpu      ] GC(3081) User=0.06s Sys=0.00s Real=0.01s
[2024-08-15T16:04:39.820+0000][12975.765s][info][gc,start    ] GC(3082) Pause Young (Normal) (G1 Evacuation Pause)
[2024-08-15T16:04:39.820+0000][12975.765s][info][gc,task     ] GC(3082) Using 6 workers of 6 for evacuation
[2024-08-15T16:04:39.833+0000][12975.777s][info][gc,phases   ] GC(3082)   Pre Evacuate Collection Set: 0.2ms
[2024-08-15T16:04:39.833+0000][12975.777s][info][gc,phases   ] GC(3082)   Merge Heap Roots: 0.2ms
[2024-08-15T16:04:39.833+0000][12975.777s][info][gc,phases   ] GC(3082)   Evacuate Collection Set: 10.5ms
[2024-08-15T16:04:39.833+0000][12975.777s][info][gc,phases   ] GC(3082)   Post Evacuate Collection Set: 1.8ms
[2024-08-15T16:04:39.833+0000][12975.777s][info][gc,phases   ] GC(3082)   Other: 0.2ms
[2024-08-15T16:04:39.833+0000][12975.777s][info][gc,heap     ] GC(3082) Eden regions: 690->0(689)
[2024-08-15T16:04:39.833+0000][12975.777s][info][gc,heap     ] GC(3082) Survivor regions: 5->6(87)
[2024-08-15T16:04:39.833+0000][12975.777s][info][gc,heap     ] GC(3082) Old regions: 515->515
[2024-08-15T16:04:39.833+0000][12975.777s][info][gc,heap     ] GC(3082) Archive regions: 2->2
[2024-08-15T16:04:39.833+0000][12975.777s][info][gc,heap     ] GC(3082) Humongous regions: 5->5
[2024-08-15T16:04:39.833+0000][12975.777s][info][gc,metaspace] GC(3082) Metaspace: 442445K(448832K)->442445K(448832K) NonClass: 387557K(391104K)->387557K(391104K) Class: 54887K(57728K)->54887K(57728K)
[2024-08-15T16:04:39.833+0000][12975.778s][info][gc          ] GC(3082) Pause Young (Normal) (G1 Evacuation Pause) 9718M->4209M(12288M) 12.985ms
[2024-08-15T16:04:39.833+0000][12975.778s][info][gc,cpu      ] GC(3082) User=0.07s Sys=0.01s Real=0.01s
[2024-08-15T16:04:44.486+0000][12980.430s][info][gc,start    ] GC(3083) Pause Young (Concurrent Start) (G1 Evacuation Pause)
[2024-08-15T16:04:44.486+0000][12980.430s][info][gc,task     ] GC(3083) Using 6 workers of 6 for evacuation
[2024-08-15T16:04:44.501+0000][12980.445s][info][gc,phases   ] GC(3083)   Pre Evacuate Collection Set: 0.6ms
[2024-08-15T16:04:44.501+0000][12980.445s][info][gc,phases   ] GC(3083)   Merge Heap Roots: 0.2ms
[2024-08-15T16:04:44.501+0000][12980.445s][info][gc,phases   ] GC(3083)   Evacuate Collection Set: 12.4ms
[2024-08-15T16:04:44.501+0000][12980.445s][info][gc,phases   ] GC(3083)   Post Evacuate Collection Set: 1.7ms
[2024-08-15T16:04:44.501+0000][12980.445s][info][gc,phases   ] GC(3083)   Other: 0.3ms
[2024-08-15T16:04:44.501+0000][12980.445s][info][gc,heap     ] GC(3083) Eden regions: 689->0(690)
[2024-08-15T16:04:44.501+0000][12980.445s][info][gc,heap     ] GC(3083) Survivor regions: 6->6(87)
[2024-08-15T16:04:44.501+0000][12980.445s][info][gc,heap     ] GC(3083) Old regions: 515->515
[2024-08-15T16:04:44.501+0000][12980.445s][info][gc,heap     ] GC(3083) Archive regions: 2->2
[2024-08-15T16:04:44.501+0000][12980.445s][info][gc,heap     ] GC(3083) Humongous regions: 5->5
[2024-08-15T16:04:44.501+0000][12980.445s][info][gc,metaspace] GC(3083) Metaspace: 442445K(448832K)->442445K(448832K) NonClass: 387557K(391104K)->387557K(391104K) Class: 54887K(57728K)->54887K(57728K)
[2024-08-15T16:04:44.501+0000][12980.446s][info][gc          ] GC(3083) Pause Young (Concurrent Start) (G1 Evacuation Pause) 9721M->4209M(12288M) 15.204ms
[2024-08-15T16:04:44.501+0000][12980.446s][info][gc,cpu      ] GC(3083) User=0.09s Sys=0.00s Real=0.01s
[2024-08-15T16:04:44.501+0000][12980.446s][info][gc          ] GC(3084) Concurrent Mark Cycle
[2024-08-15T16:04:44.501+0000][12980.446s][info][gc,marking  ] GC(3084) Concurrent Clear Claimed Marks
[2024-08-15T16:04:44.501+0000][12980.446s][info][gc,marking  ] GC(3084) Concurrent Clear Claimed Marks 0.367ms
[2024-08-15T16:04:44.501+0000][12980.446s][info][gc,marking  ] GC(3084) Concurrent Scan Root Regions
[2024-08-15T16:04:44.515+0000][12980.460s][info][gc,marking  ] GC(3084) Concurrent Scan Root Regions 14.108ms
[2024-08-15T16:04:44.516+0000][12980.460s][info][gc,marking  ] GC(3084) Concurrent Mark
[2024-08-15T16:04:44.516+0000][12980.460s][info][gc,marking  ] GC(3084) Concurrent Mark From Roots
[2024-08-15T16:04:44.516+0000][12980.460s][info][gc,task     ] GC(3084) Using 2 workers of 2 for marking
[2024-08-15T16:04:47.745+0000][12983.690s][info][gc,marking  ] GC(3084) Concurrent Mark From Roots 3229.931ms
[2024-08-15T16:04:47.745+0000][12983.690s][info][gc,marking  ] GC(3084) Concurrent Preclean
[2024-08-15T16:04:47.747+0000][12983.692s][info][gc,marking  ] GC(3084) Concurrent Preclean 1.943ms
[2024-08-15T16:04:47.748+0000][12983.692s][info][gc,start    ] GC(3084) Pause Remark
[2024-08-15T16:04:47.771+0000][12983.716s][info][gc          ] GC(3084) Pause Remark 7529M->7529M(12288M) 23.589ms
[2024-08-15T16:04:47.771+0000][12983.716s][info][gc,cpu      ] GC(3084) User=0.11s Sys=0.00s Real=0.02s
[2024-08-15T16:04:47.771+0000][12983.716s][info][gc,marking  ] GC(3084) Concurrent Mark 3255.828ms
[2024-08-15T16:04:47.771+0000][12983.716s][info][gc,marking  ] GC(3084) Concurrent Rebuild Remembered Sets
[2024-08-15T16:04:49.737+0000][12985.682s][info][gc,marking  ] GC(3084) Concurrent Rebuild Remembered Sets 1965.733ms
[2024-08-15T16:04:49.737+0000][12985.682s][info][gc,start    ] GC(3084) Pause Cleanup
[2024-08-15T16:04:49.738+0000][12985.682s][info][gc          ] GC(3084) Pause Cleanup 9697M->9697M(12288M) 0.532ms
[2024-08-15T16:04:49.738+0000][12985.682s][info][gc,cpu      ] GC(3084) User=0.01s Sys=0.00s Real=0.00s
[2024-08-15T16:04:49.738+0000][12985.683s][info][gc,marking  ] GC(3084) Concurrent Cleanup for Next Mark
[2024-08-15T16:04:49.755+0000][12985.700s][info][gc,marking  ] GC(3084) Concurrent Cleanup for Next Mark 17.009ms
[2024-08-15T16:04:49.755+0000][12985.700s][info][gc          ] GC(3084) Concurrent Mark Cycle 5254.060ms
[2024-08-15T16:04:49.761+0000][12985.705s][info][gc,start    ] GC(3085) Pause Young (Prepare Mixed) (G1 Evacuation Pause)
[2024-08-15T16:04:49.761+0000][12985.705s][info][gc,task     ] GC(3085) Using 6 workers of 6 for evacuation
[2024-08-15T16:04:49.778+0000][12985.723s][info][gc,phases   ] GC(3085)   Pre Evacuate Collection Set: 0.2ms
[2024-08-15T16:04:49.779+0000][12985.723s][info][gc,phases   ] GC(3085)   Merge Heap Roots: 0.3ms
[2024-08-15T16:04:49.779+0000][12985.723s][info][gc,phases   ] GC(3085)   Evacuate Collection Set: 15.4ms
[2024-08-15T16:04:49.779+0000][12985.723s][info][gc,phases   ] GC(3085)   Post Evacuate Collection Set: 1.7ms
[2024-08-15T16:04:49.779+0000][12985.723s][info][gc,phases   ] GC(3085)   Other: 0.2ms
[2024-08-15T16:04:49.779+0000][12985.723s][info][gc,heap     ] GC(3085) Eden regions: 690->0(68)
[2024-08-15T16:04:49.779+0000][12985.723s][info][gc,heap     ] GC(3085) Survivor regions: 6->8(87)
[2024-08-15T16:04:49.779+0000][12985.723s][info][gc,heap     ] GC(3085) Old regions: 515->515
[2024-08-15T16:04:49.779+0000][12985.723s][info][gc,heap     ] GC(3085) Archive regions: 2->2
[2024-08-15T16:04:49.779+0000][12985.723s][info][gc,heap     ] GC(3085) Humongous regions: 5->5
[2024-08-15T16:04:49.779+0000][12985.723s][info][gc,metaspace] GC(3085) Metaspace: 442445K(448832K)->442445K(448832K) NonClass: 387557K(391104K)->387557K(391104K) Class: 54887K(57728K)->54887K(57728K)
[2024-08-15T16:04:49.779+0000][12985.723s][info][gc          ] GC(3085) Pause Young (Prepare Mixed) (G1 Evacuation Pause) 9729M->4227M(12288M) 17.805ms
[2024-08-15T16:04:49.779+0000][12985.723s][info][gc,cpu      ] GC(3085) User=0.10s Sys=0.00s Real=0.02s
[2024-08-15T16:04:50.232+0000][12986.176s][info][gc,start    ] GC(3086) Pause Young (Mixed) (G1 Evacuation Pause)
[2024-08-15T16:04:50.232+0000][12986.176s][info][gc,task     ] GC(3086) Using 6 workers of 6 for evacuation
[2024-08-15T16:04:50.285+0000][12986.230s][info][gc,phases   ] GC(3086)   Pre Evacuate Collection Set: 0.2ms
[2024-08-15T16:04:50.285+0000][12986.230s][info][gc,phases   ] GC(3086)   Merge Heap Roots: 0.4ms
[2024-08-15T16:04:50.285+0000][12986.230s][info][gc,phases   ] GC(3086)   Evacuate Collection Set: 51.6ms
[2024-08-15T16:04:50.285+0000][12986.230s][info][gc,phases   ] GC(3086)   Post Evacuate Collection Set: 1.3ms
[2024-08-15T16:04:50.285+0000][12986.230s][info][gc,phases   ] GC(3086)   Other: 0.2ms
[2024-08-15T16:04:50.285+0000][12986.230s][info][gc,heap     ] GC(3086) Eden regions: 68->0(692)
[2024-08-15T16:04:50.285+0000][12986.230s][info][gc,heap     ] GC(3086) Survivor regions: 8->5(10)
[2024-08-15T16:04:50.285+0000][12986.230s][info][gc,heap     ] GC(3086) Old regions: 515->514
[2024-08-15T16:04:50.285+0000][12986.230s][info][gc,heap     ] GC(3086) Archive regions: 2->2
[2024-08-15T16:04:50.285+0000][12986.230s][info][gc,heap     ] GC(3086) Humongous regions: 5->5
[2024-08-15T16:04:50.285+0000][12986.230s][info][gc,metaspace] GC(3086) Metaspace: 442445K(448832K)->442445K(448832K) NonClass: 387557K(391104K)->387557K(391104K) Class: 54887K(57728K)->54887K(57728K)
[2024-08-15T16:04:50.285+0000][12986.230s][info][gc          ] GC(3086) Pause Young (Mixed) (G1 Evacuation Pause) 4771M->4192M(12288M) 53.698ms
[2024-08-15T16:04:50.286+0000][12986.230s][info][gc,cpu      ] GC(3086) User=0.32s Sys=0.00s Real=0.06s
[2024-08-15T16:04:54.899+0000][12990.844s][info][gc,start    ] GC(3087) Pause Young (Normal) (G1 Evacuation Pause)
[2024-08-15T16:04:54.899+0000][12990.844s][info][gc,task     ] GC(3087) Using 6 workers of 6 for evacuation
[2024-08-15T16:04:54.912+0000][12990.856s][info][gc,phases   ] GC(3087)   Pre Evacuate Collection Set: 0.2ms
[2024-08-15T16:04:54.912+0000][12990.856s][info][gc,phases   ] GC(3087)   Merge Heap Roots: 0.2ms
[2024-08-15T16:04:54.912+0000][12990.856s][info][gc,phases   ] GC(3087)   Evacuate Collection Set: 10.4ms
[2024-08-15T16:04:54.912+0000][12990.856s][info][gc,phases   ] GC(3087)   Post Evacuate Collection Set: 1.7ms
[2024-08-15T16:04:54.912+0000][12990.856s][info][gc,phases   ] GC(3087)   Other: 0.2ms
[2024-08-15T16:04:54.912+0000][12990.856s][info][gc,heap     ] GC(3087) Eden regions: 692->0(690)
[2024-08-15T16:04:54.912+0000][12990.856s][info][gc,heap     ] GC(3087) Survivor regions: 5->7(88)
[2024-08-15T16:04:54.912+0000][12990.856s][info][gc,heap     ] GC(3087) Old regions: 514->514
[2024-08-15T16:04:54.912+0000][12990.856s][info][gc,heap     ] GC(3087) Archive regions: 2->2
[2024-08-15T16:04:54.912+0000][12990.856s][info][gc,heap     ] GC(3087) Humongous regions: 5->5
[2024-08-15T16:04:54.912+0000][12990.856s][info][gc,metaspace] GC(3087) Metaspace: 442445K(448832K)->442445K(448832K) NonClass: 387557K(391104K)->387557K(391104K) Class: 54887K(57728K)->54887K(57728K)
[2024-08-15T16:04:54.912+0000][12990.856s][info][gc          ] GC(3087) Pause Young (Normal) (G1 Evacuation Pause) 9728M->4205M(12288M) 12.831ms
[2024-08-15T16:04:54.912+0000][12990.856s][info][gc,cpu      ] GC(3087) User=0.07s Sys=0.00s Real=0.01s
[2024-08-15T16:04:59.638+0000][12995.583s][info][gc,start    ] GC(3088) Pause Young (Normal) (G1 Evacuation Pause)
[2024-08-15T16:04:59.638+0000][12995.583s][info][gc,task     ] GC(3088) Using 6 workers of 6 for evacuation
[2024-08-15T16:04:59.653+0000][12995.598s][info][gc,phases   ] GC(3088)   Pre Evacuate Collection Set: 0.2ms
[2024-08-15T16:04:59.653+0000][12995.598s][info][gc,phases   ] GC(3088)   Merge Heap Roots: 0.2ms
[2024-08-15T16:04:59.653+0000][12995.598s][info][gc,phases   ] GC(3088)   Evacuate Collection Set: 13.1ms
[2024-08-15T16:04:59.653+0000][12995.598s][info][gc,phases   ] GC(3088)   Post Evacuate Collection Set: 1.7ms
[2024-08-15T16:04:59.653+0000][12995.598s][info][gc,phases   ] GC(3088)   Other: 0.2ms
[2024-08-15T16:04:59.653+0000][12995.598s][info][gc,heap     ] GC(3088) Eden regions: 690->0(688)
[2024-08-15T16:04:59.653+0000][12995.598s][info][gc,heap     ] GC(3088) Survivor regions: 7->9(88)
[2024-08-15T16:04:59.653+0000][12995.598s][info][gc,heap     ] GC(3088) Old regions: 514->514
[2024-08-15T16:04:59.653+0000][12995.598s][info][gc,heap     ] GC(3088) Archive regions: 2->2
[2024-08-15T16:04:59.653+0000][12995.598s][info][gc,heap     ] GC(3088) Humongous regions: 5->5
[2024-08-15T16:04:59.653+0000][12995.598s][info][gc,metaspace] GC(3088) Metaspace: 442445K(448832K)->442445K(448832K) NonClass: 387557K(391104K)->387557K(391104K) Class: 54887K(57728K)->54887K(57728K)
[2024-08-15T16:04:59.653+0000][12995.598s][info][gc          ] GC(3088) Pause Young (Normal) (G1 Evacuation Pause) 9725M->4225M(12288M) 15.391ms
[2024-08-15T16:04:59.653+0000][12995.598s][info][gc,cpu      ] GC(3088) User=0.08s Sys=0.00s Real=0.01s
[2024-08-15T16:05:04.210+0000][13000.155s][info][gc,start    ] GC(3089) Pause Young (Concurrent Start) (G1 Evacuation Pause)
[2024-08-15T16:05:04.210+0000][13000.155s][info][gc,task     ] GC(3089) Using 6 workers of 6 for evacuation
[2024-08-15T16:05:04.228+0000][13000.172s][info][gc,phases   ] GC(3089)   Pre Evacuate Collection Set: 0.5ms
[2024-08-15T16:05:04.228+0000][13000.173s][info][gc,phases   ] GC(3089)   Merge Heap Roots: 0.2ms
[2024-08-15T16:05:04.228+0000][13000.173s][info][gc,phases   ] GC(3089)   Evacuate Collection Set: 15.0ms
[2024-08-15T16:05:04.228+0000][13000.173s][info][gc,phases   ] GC(3089)   Post Evacuate Collection Set: 1.8ms
[2024-08-15T16:05:04.228+0000][13000.173s][info][gc,phases   ] GC(3089)   Other: 0.3ms
[2024-08-15T16:05:04.228+0000][13000.173s][info][gc,heap     ] GC(3089) Eden regions: 688->0(687)
[2024-08-15T16:05:04.228+0000][13000.173s][info][gc,heap     ] GC(3089) Survivor regions: 9->9(88)
[2024-08-15T16:05:04.228+0000][13000.173s][info][gc,heap     ] GC(3089) Old regions: 514->514
[2024-08-15T16:05:04.228+0000][13000.173s][info][gc,heap     ] GC(3089) Archive regions: 2->2
[2024-08-15T16:05:04.228+0000][13000.173s][info][gc,heap     ] GC(3089) Humongous regions: 5->5
[2024-08-15T16:05:04.228+0000][13000.173s][info][gc,metaspace] GC(3089) Metaspace: 442447K(448832K)->442447K(448832K) NonClass: 387559K(391104K)->387559K(391104K) Class: 54887K(57728K)->54887K(57728K)
[2024-08-15T16:05:04.228+0000][13000.173s][info][gc          ] GC(3089) Pause Young (Concurrent Start) (G1 Evacuation Pause) 9729M->4219M(12288M) 17.927ms
[2024-08-15T16:05:04.228+0000][13000.173s][info][gc,cpu      ] GC(3089) User=0.10s Sys=0.00s Real=0.02s
[2024-08-15T16:05:04.228+0000][13000.173s][info][gc          ] GC(3090) Concurrent Mark Cycle
[2024-08-15T16:05:04.228+0000][13000.173s][info][gc,marking  ] GC(3090) Concurrent Clear Claimed Marks
[2024-08-15T16:05:04.228+0000][13000.173s][info][gc,marking  ] GC(3090) Concurrent Clear Claimed Marks 0.379ms
[2024-08-15T16:05:04.228+0000][13000.173s][info][gc,marking  ] GC(3090) Concurrent Scan Root Regions
[2024-08-15T16:05:04.245+0000][13000.190s][info][gc,marking  ] GC(3090) Concurrent Scan Root Regions 16.799ms
[2024-08-15T16:05:04.245+0000][13000.190s][info][gc,marking  ] GC(3090) Concurrent Mark
[2024-08-15T16:05:04.245+0000][13000.190s][info][gc,marking  ] GC(3090) Concurrent Mark From Roots
[2024-08-15T16:05:04.245+0000][13000.190s][info][gc,task     ] GC(3090) Using 2 workers of 2 for marking
[2024-08-15T16:05:07.502+0000][13003.447s][info][gc,marking  ] GC(3090) Concurrent Mark From Roots 3256.922ms
[2024-08-15T16:05:07.502+0000][13003.447s][info][gc,marking  ] GC(3090) Concurrent Preclean
[2024-08-15T16:05:07.504+0000][13003.449s][info][gc,marking  ] GC(3090) Concurrent Preclean 1.929ms
[2024-08-15T16:05:07.504+0000][13003.449s][info][gc,start    ] GC(3090) Pause Remark
[2024-08-15T16:05:07.528+0000][13003.473s][info][gc          ] GC(3090) Pause Remark 7655M->7655M(12288M) 23.601ms
[2024-08-15T16:05:07.528+0000][13003.473s][info][gc,cpu      ] GC(3090) User=0.10s Sys=0.00s Real=0.02s
[2024-08-15T16:05:07.528+0000][13003.473s][info][gc,marking  ] GC(3090) Concurrent Mark 3283.108ms
[2024-08-15T16:05:07.528+0000][13003.473s][info][gc,marking  ] GC(3090) Concurrent Rebuild Remembered Sets
[2024-08-15T16:05:08.445+0000][13004.390s][info][gc,start    ] GC(3091) Pause Young (Normal) (G1 Evacuation Pause)
[2024-08-15T16:05:08.445+0000][13004.390s][info][gc,task     ] GC(3091) Using 6 workers of 6 for evacuation
[2024-08-15T16:05:08.473+0000][13004.418s][info][gc,phases   ] GC(3091)   Pre Evacuate Collection Set: 0.2ms
[2024-08-15T16:05:08.473+0000][13004.418s][info][gc,phases   ] GC(3091)   Merge Heap Roots: 0.3ms
[2024-08-15T16:05:08.473+0000][13004.418s][info][gc,phases   ] GC(3091)   Evacuate Collection Set: 22.8ms
[2024-08-15T16:05:08.473+0000][13004.418s][info][gc,phases   ] GC(3091)   Post Evacuate Collection Set: 4.2ms
[2024-08-15T16:05:08.473+0000][13004.418s][info][gc,phases   ] GC(3091)   Other: 0.2ms
[2024-08-15T16:05:08.473+0000][13004.418s][info][gc,heap     ] GC(3091) Eden regions: 687->0(686)
[2024-08-15T16:05:08.473+0000][13004.418s][info][gc,heap     ] GC(3091) Survivor regions: 9->10(87)
[2024-08-15T16:05:08.473+0000][13004.418s][info][gc,heap     ] GC(3091) Old regions: 514->514
[2024-08-15T16:05:08.473+0000][13004.418s][info][gc,heap     ] GC(3091) Archive regions: 2->2
[2024-08-15T16:05:08.473+0000][13004.418s][info][gc,heap     ] GC(3091) Humongous regions: 5->5
[2024-08-15T16:05:08.473+0000][13004.418s][info][gc,metaspace] GC(3091) Metaspace: 442447K(448832K)->442447K(448832K) NonClass: 387559K(391104K)->387559K(391104K) Class: 54887K(57728K)->54887K(57728K)
[2024-08-15T16:05:08.473+0000][13004.418s][info][gc          ] GC(3091) Pause Young (Normal) (G1 Evacuation Pause) 9715M->4227M(12288M) 27.747ms
[2024-08-15T16:05:08.473+0000][13004.418s][info][gc,cpu      ] GC(3091) User=0.16s Sys=0.00s Real=0.02s
[2024-08-15T16:05:09.602+0000][13005.546s][info][gc,marking  ] GC(3090) Concurrent Rebuild Remembered Sets 2073.226ms
[2024-08-15T16:05:09.602+0000][13005.546s][info][gc,start    ] GC(3090) Pause Cleanup
[2024-08-15T16:05:09.602+0000][13005.547s][info][gc          ] GC(3090) Pause Cleanup 6995M->6995M(12288M) 0.562ms
[2024-08-15T16:05:09.602+0000][13005.547s][info][gc,cpu      ] GC(3090) User=0.00s Sys=0.00s Real=0.00s
[2024-08-15T16:05:09.603+0000][13005.547s][info][gc,marking  ] GC(3090) Concurrent Cleanup for Next Mark
[2024-08-15T16:05:09.620+0000][13005.564s][info][gc,marking  ] GC(3090) Concurrent Cleanup for Next Mark 17.030ms
[2024-08-15T16:05:09.620+0000][13005.564s][info][gc          ] GC(3090) Concurrent Mark Cycle 5391.593ms
[2024-08-15T16:05:10.596+0000][13006.541s][info][gc,start    ] GC(3092) Pause Young (Prepare Mixed) (G1 Evacuation Pause)
[2024-08-15T16:05:10.596+0000][13006.541s][info][gc,task     ] GC(3092) Using 6 workers of 6 for evacuation
[2024-08-15T16:05:10.660+0000][13006.605s][info][gc,phases   ] GC(3092)   Pre Evacuate Collection Set: 0.2ms
[2024-08-15T16:05:10.660+0000][13006.605s][info][gc,phases   ] GC(3092)   Merge Heap Roots: 0.3ms
[2024-08-15T16:05:10.660+0000][13006.605s][info][gc,phases   ] GC(3092)   Evacuate Collection Set: 51.6ms
[2024-08-15T16:05:10.660+0000][13006.605s][info][gc,phases   ] GC(3092)   Post Evacuate Collection Set: 12.0ms
[2024-08-15T16:05:10.660+0000][13006.605s][info][gc,phases   ] GC(3092)   Other: 0.2ms
[2024-08-15T16:05:10.660+0000][13006.605s][info][gc,heap     ] GC(3092) Eden regions: 686->0(63)
[2024-08-15T16:05:10.660+0000][13006.605s][info][gc,heap     ] GC(3092) Survivor regions: 10->13(87)
[2024-08-15T16:05:10.660+0000][13006.605s][info][gc,heap     ] GC(3092) Old regions: 514->514
[2024-08-15T16:05:10.660+0000][13006.605s][info][gc,heap     ] GC(3092) Archive regions: 2->2
[2024-08-15T16:05:10.660+0000][13006.605s][info][gc,heap     ] GC(3092) Humongous regions: 5->5
[2024-08-15T16:05:10.660+0000][13006.605s][info][gc,metaspace] GC(3092) Metaspace: 442447K(448832K)->442447K(448832K) NonClass: 387559K(391104K)->387559K(391104K) Class: 54887K(57728K)->54887K(57728K)
[2024-08-15T16:05:10.660+0000][13006.605s][info][gc          ] GC(3092) Pause Young (Prepare Mixed) (G1 Evacuation Pause) 9715M->4257M(12288M) 64.308ms
[2024-08-15T16:05:10.660+0000][13006.605s][info][gc,cpu      ] GC(3092) User=0.38s Sys=0.00s Real=0.06s
[2024-08-15T16:05:10.865+0000][13006.809s][info][gc,start    ] GC(3093) Pause Young (Mixed) (G1 Evacuation Pause)
[2024-08-15T16:05:10.865+0000][13006.809s][info][gc,task     ] GC(3093) Using 6 workers of 6 for evacuation
[2024-08-15T16:05:10.936+0000][13006.881s][info][gc,phases   ] GC(3093)   Pre Evacuate Collection Set: 0.2ms
[2024-08-15T16:05:10.936+0000][13006.881s][info][gc,phases   ] GC(3093)   Merge Heap Roots: 0.4ms
[2024-08-15T16:05:10.936+0000][13006.881s][info][gc,phases   ] GC(3093)   Evacuate Collection Set: 68.6ms
[2024-08-15T16:05:10.936+0000][13006.881s][info][gc,phases   ] GC(3093)   Post Evacuate Collection Set: 2.3ms
[2024-08-15T16:05:10.936+0000][13006.881s][info][gc,phases   ] GC(3093)   Other: 0.2ms
[2024-08-15T16:05:10.936+0000][13006.881s][info][gc,heap     ] GC(3093) Eden regions: 63->0(687)
[2024-08-15T16:05:10.936+0000][13006.881s][info][gc,heap     ] GC(3093) Survivor regions: 13->5(10)
[2024-08-15T16:05:10.936+0000][13006.881s][info][gc,heap     ] GC(3093) Old regions: 514->517
[2024-08-15T16:05:10.936+0000][13006.881s][info][gc,heap     ] GC(3093) Archive regions: 2->2
[2024-08-15T16:05:10.936+0000][13006.881s][info][gc,heap     ] GC(3093) Humongous regions: 5->5
[2024-08-15T16:05:10.936+0000][13006.881s][info][gc,metaspace] GC(3093) Metaspace: 442447K(448832K)->442447K(448832K) NonClass: 387559K(391104K)->387559K(391104K) Class: 54887K(57728K)->54887K(57728K)
[2024-08-15T16:05:10.936+0000][13006.881s][info][gc          ] GC(3093) Pause Young (Mixed) (G1 Evacuation Pause) 4761M->4219M(12288M) 71.756ms
[2024-08-15T16:05:10.936+0000][13006.881s][info][gc,cpu      ] GC(3093) User=0.43s Sys=0.00s Real=0.07s
[2024-08-15T16:05:13.002+0000][13008.947s][info][gc,start    ] GC(3094) Pause Young (Normal) (G1 Evacuation Pause)
[2024-08-15T16:05:13.003+0000][13008.947s][info][gc,task     ] GC(3094) Using 6 workers of 6 for evacuation
[2024-08-15T16:05:13.058+0000][13009.002s][info][gc,phases   ] GC(3094)   Pre Evacuate Collection Set: 0.2ms
[2024-08-15T16:05:13.058+0000][13009.002s][info][gc,phases   ] GC(3094)   Merge Heap Roots: 0.2ms
[2024-08-15T16:05:13.058+0000][13009.002s][info][gc,phases   ] GC(3094)   Evacuate Collection Set: 41.7ms
[2024-08-15T16:05:13.058+0000][13009.002s][info][gc,phases   ] GC(3094)   Post Evacuate Collection Set: 13.1ms
[2024-08-15T16:05:13.058+0000][13009.003s][info][gc,phases   ] GC(3094)   Other: 0.2ms
[2024-08-15T16:05:13.058+0000][13009.003s][info][gc,heap     ] GC(3094) Eden regions: 687->0(682)
[2024-08-15T16:05:13.058+0000][13009.003s][info][gc,heap     ] GC(3094) Survivor regions: 5->9(87)
[2024-08-15T16:05:13.058+0000][13009.003s][info][gc,heap     ] GC(3094) Old regions: 517->517
[2024-08-15T16:05:13.058+0000][13009.003s][info][gc,heap     ] GC(3094) Archive regions: 2->2
[2024-08-15T16:05:13.058+0000][13009.003s][info][gc,heap     ] GC(3094) Humongous regions: 5->5
[2024-08-15T16:05:13.058+0000][13009.003s][info][gc,metaspace] GC(3094) Metaspace: 442447K(448832K)->442447K(448832K) NonClass: 387559K(391104K)->387559K(391104K) Class: 54887K(57728K)->54887K(57728K)
[2024-08-15T16:05:13.058+0000][13009.003s][info][gc          ] GC(3094) Pause Young (Normal) (G1 Evacuation Pause) 9715M->4244M(12288M) 55.457ms
[2024-08-15T16:05:13.058+0000][13009.003s][info][gc,cpu      ] GC(3094) User=0.32s Sys=0.00s Real=0.06s
[2024-08-15T16:05:15.019+0000][13010.963s][info][gc,start    ] GC(3095) Pause Young (Normal) (G1 Evacuation Pause)
[2024-08-15T16:05:15.019+0000][13010.963s][info][gc,task     ] GC(3095) Using 6 workers of 6 for evacuation
[2024-08-15T16:05:15.080+0000][13011.025s][info][gc,phases   ] GC(3095)   Pre Evacuate Collection Set: 0.2ms
[2024-08-15T16:05:15.080+0000][13011.025s][info][gc,phases   ] GC(3095)   Merge Heap Roots: 0.2ms
[2024-08-15T16:05:15.080+0000][13011.025s][info][gc,phases   ] GC(3095)   Evacuate Collection Set: 47.9ms
[2024-08-15T16:05:15.080+0000][13011.025s][info][gc,phases   ] GC(3095)   Post Evacuate Collection Set: 13.2ms
[2024-08-15T16:05:15.080+0000][13011.025s][info][gc,phases   ] GC(3095)   Other: 0.2ms
[2024-08-15T16:05:15.080+0000][13011.025s][info][gc,heap     ] GC(3095) Eden regions: 682->0(678)
[2024-08-15T16:05:15.080+0000][13011.025s][info][gc,heap     ] GC(3095) Survivor regions: 9->12(87)
[2024-08-15T16:05:15.080+0000][13011.025s][info][gc,heap     ] GC(3095) Old regions: 517->517
[2024-08-15T16:05:15.080+0000][13011.025s][info][gc,heap     ] GC(3095) Archive regions: 2->2
[2024-08-15T16:05:15.080+0000][13011.025s][info][gc,heap     ] GC(3095) Humongous regions: 5->5
[2024-08-15T16:05:15.080+0000][13011.025s][info][gc,metaspace] GC(3095) Metaspace: 442447K(448832K)->442447K(448832K) NonClass: 387559K(391104K)->387559K(391104K) Class: 54887K(57728K)->54887K(57728K)
[2024-08-15T16:05:15.081+0000][13011.025s][info][gc          ] GC(3095) Pause Young (Normal) (G1 Evacuation Pause) 9700M->4272M(12288M) 61.840ms
[2024-08-15T16:05:15.081+0000][13011.025s][info][gc,cpu      ] GC(3095) User=0.35s Sys=0.00s Real=0.06s
[2024-08-15T16:05:17.063+0000][13013.008s][info][gc,start    ] GC(3096) Pause Young (Concurrent Start) (G1 Evacuation Pause)
[2024-08-15T16:05:17.063+0000][13013.008s][info][gc,task     ] GC(3096) Using 6 workers of 6 for evacuation
[2024-08-15T16:05:17.137+0000][13013.082s][info][gc,phases   ] GC(3096)   Pre Evacuate Collection Set: 0.6ms
[2024-08-15T16:05:17.137+0000][13013.082s][info][gc,phases   ] GC(3096)   Merge Heap Roots: 0.2ms
[2024-08-15T16:05:17.137+0000][13013.082s][info][gc,phases   ] GC(3096)   Evacuate Collection Set: 59.0ms
[2024-08-15T16:05:17.137+0000][13013.082s][info][gc,phases   ] GC(3096)   Post Evacuate Collection Set: 14.4ms
[2024-08-15T16:05:17.137+0000][13013.082s][info][gc,phases   ] GC(3096)   Other: 0.3ms
[2024-08-15T16:05:17.137+0000][13013.082s][info][gc,heap     ] GC(3096) Eden regions: 678->0(675)
[2024-08-15T16:05:17.137+0000][13013.082s][info][gc,heap     ] GC(3096) Survivor regions: 12->14(87)
[2024-08-15T16:05:17.137+0000][13013.082s][info][gc,heap     ] GC(3096) Old regions: 517->517
[2024-08-15T16:05:17.137+0000][13013.082s][info][gc,heap     ] GC(3096) Archive regions: 2->2
[2024-08-15T16:05:17.137+0000][13013.082s][info][gc,heap     ] GC(3096) Humongous regions: 5->5
[2024-08-15T16:05:17.137+0000][13013.082s][info][gc,metaspace] GC(3096) Metaspace: 442447K(448832K)->442447K(448832K) NonClass: 387559K(391104K)->387559K(391104K) Class: 54887K(57728K)->54887K(57728K)
[2024-08-15T16:05:17.138+0000][13013.082s][info][gc          ] GC(3096) Pause Young (Concurrent Start) (G1 Evacuation Pause) 9696M->4291M(12288M) 74.614ms
[2024-08-15T16:05:17.138+0000][13013.082s][info][gc,cpu      ] GC(3096) User=0.42s Sys=0.01s Real=0.08s
[2024-08-15T16:05:17.138+0000][13013.082s][info][gc          ] GC(3097) Concurrent Mark Cycle
[2024-08-15T16:05:17.138+0000][13013.082s][info][gc,marking  ] GC(3097) Concurrent Clear Claimed Marks
[2024-08-15T16:05:17.138+0000][13013.083s][info][gc,marking  ] GC(3097) Concurrent Clear Claimed Marks 0.396ms
[2024-08-15T16:05:17.138+0000][13013.083s][info][gc,marking  ] GC(3097) Concurrent Scan Root Regions
[2024-08-15T16:05:17.204+0000][13013.148s][info][gc,marking  ] GC(3097) Concurrent Scan Root Regions 65.788ms
[2024-08-15T16:05:17.204+0000][13013.148s][info][gc,marking  ] GC(3097) Concurrent Mark
[2024-08-15T16:05:17.204+0000][13013.149s][info][gc,marking  ] GC(3097) Concurrent Mark From Roots
[2024-08-15T16:05:17.204+0000][13013.149s][info][gc,task     ] GC(3097) Using 2 workers of 2 for marking
[2024-08-15T16:05:19.744+0000][13015.688s][info][gc,start    ] GC(3098) Pause Young (Normal) (G1 Evacuation Pause)
[2024-08-15T16:05:19.744+0000][13015.689s][info][gc,task     ] GC(3098) Using 6 workers of 6 for evacuation
[2024-08-15T16:05:19.820+0000][13015.764s][info][gc,phases   ] GC(3098)   Pre Evacuate Collection Set: 0.2ms
[2024-08-15T16:05:19.820+0000][13015.764s][info][gc,phases   ] GC(3098)   Merge Heap Roots: 0.3ms
[2024-08-15T16:05:19.820+0000][13015.764s][info][gc,phases   ] GC(3098)   Evacuate Collection Set: 62.0ms
[2024-08-15T16:05:19.820+0000][13015.764s][info][gc,phases   ] GC(3098)   Post Evacuate Collection Set: 13.0ms
[2024-08-15T16:05:19.820+0000][13015.764s][info][gc,phases   ] GC(3098)   Other: 0.2ms
[2024-08-15T16:05:19.820+0000][13015.764s][info][gc,heap     ] GC(3098) Eden regions: 675->0(672)
[2024-08-15T16:05:19.820+0000][13015.764s][info][gc,heap     ] GC(3098) Survivor regions: 14->16(87)
[2024-08-15T16:05:19.820+0000][13015.764s][info][gc,heap     ] GC(3098) Old regions: 517->517
[2024-08-15T16:05:19.820+0000][13015.764s][info][gc,heap     ] GC(3098) Archive regions: 2->2
[2024-08-15T16:05:19.820+0000][13015.764s][info][gc,heap     ] GC(3098) Humongous regions: 5->5
[2024-08-15T16:05:19.820+0000][13015.764s][info][gc,metaspace] GC(3098) Metaspace: 442447K(448832K)->442447K(448832K) NonClass: 387559K(391104K)->387559K(391104K) Class: 54887K(57728K)->54887K(57728K)
[2024-08-15T16:05:19.820+0000][13015.764s][info][gc          ] GC(3098) Pause Young (Normal) (G1 Evacuation Pause) 9691M->4302M(12288M) 75.762ms
[2024-08-15T16:05:19.820+0000][13015.764s][info][gc,cpu      ] GC(3098) User=0.44s Sys=0.01s Real=0.07s
[2024-08-15T16:05:20.748+0000][13016.692s][info][gc,marking  ] GC(3097) Concurrent Mark From Roots 3543.952ms
[2024-08-15T16:05:20.748+0000][13016.692s][info][gc,marking  ] GC(3097) Concurrent Preclean
[2024-08-15T16:05:20.750+0000][13016.695s][info][gc,marking  ] GC(3097) Concurrent Preclean 2.071ms
[2024-08-15T16:05:20.750+0000][13016.695s][info][gc,start    ] GC(3097) Pause Remark
[2024-08-15T16:05:20.774+0000][13016.718s][info][gc          ] GC(3097) Pause Remark 6126M->6126M(12288M) 23.683ms
[2024-08-15T16:05:20.774+0000][13016.719s][info][gc,cpu      ] GC(3097) User=0.10s Sys=0.00s Real=0.02s
[2024-08-15T16:05:20.774+0000][13016.719s][info][gc,marking  ] GC(3097) Concurrent Mark 3570.186ms
[2024-08-15T16:05:20.774+0000][13016.719s][info][gc,marking  ] GC(3097) Concurrent Rebuild Remembered Sets
[2024-08-15T16:05:22.039+0000][13017.984s][info][gc,start    ] GC(3099) Pause Young (Normal) (G1 Evacuation Pause)
[2024-08-15T16:05:22.039+0000][13017.984s][info][gc,task     ] GC(3099) Using 6 workers of 6 for evacuation
[2024-08-15T16:05:22.090+0000][13018.035s][info][gc,phases   ] GC(3099)   Pre Evacuate Collection Set: 0.2ms
[2024-08-15T16:05:22.090+0000][13018.035s][info][gc,phases   ] GC(3099)   Merge Heap Roots: 0.3ms
[2024-08-15T16:05:22.090+0000][13018.035s][info][gc,phases   ] GC(3099)   Evacuate Collection Set: 45.3ms
[2024-08-15T16:05:22.090+0000][13018.035s][info][gc,phases   ] GC(3099)   Post Evacuate Collection Set: 5.1ms
[2024-08-15T16:05:22.090+0000][13018.035s][info][gc,phases   ] GC(3099)   Other: 0.2ms
[2024-08-15T16:05:22.090+0000][13018.035s][info][gc,heap     ] GC(3099) Eden regions: 672->0(672)
[2024-08-15T16:05:22.090+0000][13018.035s][info][gc,heap     ] GC(3099) Survivor regions: 16->16(86)
[2024-08-15T16:05:22.090+0000][13018.035s][info][gc,heap     ] GC(3099) Old regions: 517->517
[2024-08-15T16:05:22.090+0000][13018.035s][info][gc,heap     ] GC(3099) Archive regions: 2->2
[2024-08-15T16:05:22.090+0000][13018.035s][info][gc,heap     ] GC(3099) Humongous regions: 5->5
[2024-08-15T16:05:22.090+0000][13018.035s][info][gc,metaspace] GC(3099) Metaspace: 442447K(448832K)->442447K(448832K) NonClass: 387559K(391104K)->387559K(391104K) Class: 54887K(57728K)->54887K(57728K)
[2024-08-15T16:05:22.090+0000][13018.035s][info][gc          ] GC(3099) Pause Young (Normal) (G1 Evacuation Pause) 9678M->4306M(12288M) 51.250ms
[2024-08-15T16:05:22.090+0000][13018.035s][info][gc,cpu      ] GC(3099) User=0.30s Sys=0.00s Real=0.05s
[2024-08-15T16:05:22.905+0000][13018.849s][info][gc,marking  ] GC(3097) Concurrent Rebuild Remembered Sets 2130.529ms
[2024-08-15T16:05:22.905+0000][13018.849s][info][gc,start    ] GC(3097) Pause Cleanup
[2024-08-15T16:05:22.905+0000][13018.850s][info][gc          ] GC(3097) Pause Cleanup 6026M->6026M(12288M) 0.475ms
[2024-08-15T16:05:22.905+0000][13018.850s][info][gc,cpu      ] GC(3097) User=0.01s Sys=0.00s Real=0.00s
[2024-08-15T16:05:22.905+0000][13018.850s][info][gc,marking  ] GC(3097) Concurrent Cleanup for Next Mark
[2024-08-15T16:05:22.922+0000][13018.866s][info][gc,marking  ] GC(3097) Concurrent Cleanup for Next Mark 16.250ms
[2024-08-15T16:05:22.922+0000][13018.866s][info][gc          ] GC(3097) Concurrent Mark Cycle 5784.095ms
[2024-08-15T16:05:24.219+0000][13020.164s][info][gc,start    ] GC(3100) Pause Young (Prepare Mixed) (G1 Evacuation Pause)
[2024-08-15T16:05:24.219+0000][13020.164s][info][gc,task     ] GC(3100) Using 6 workers of 6 for evacuation
[2024-08-15T16:05:24.308+0000][13020.252s][info][gc,phases   ] GC(3100)   Pre Evacuate Collection Set: 0.2ms
[2024-08-15T16:05:24.308+0000][13020.252s][info][gc,phases   ] GC(3100)   Merge Heap Roots: 0.5ms
[2024-08-15T16:05:24.308+0000][13020.252s][info][gc,phases   ] GC(3100)   Evacuate Collection Set: 73.4ms
[2024-08-15T16:05:24.308+0000][13020.252s][info][gc,phases   ] GC(3100)   Post Evacuate Collection Set: 14.3ms
[2024-08-15T16:05:24.308+0000][13020.252s][info][gc,phases   ] GC(3100)   Other: 0.2ms
[2024-08-15T16:05:24.308+0000][13020.252s][info][gc,heap     ] GC(3100) Eden regions: 672->0(57)
[2024-08-15T16:05:24.308+0000][13020.252s][info][gc,heap     ] GC(3100) Survivor regions: 16->19(86)
[2024-08-15T16:05:24.308+0000][13020.252s][info][gc,heap     ] GC(3100) Old regions: 517->517
[2024-08-15T16:05:24.308+0000][13020.252s][info][gc,heap     ] GC(3100) Archive regions: 2->2
[2024-08-15T16:05:24.308+0000][13020.252s][info][gc,heap     ] GC(3100) Humongous regions: 5->5
[2024-08-15T16:05:24.308+0000][13020.252s][info][gc,metaspace] GC(3100) Metaspace: 442447K(448832K)->442447K(448832K) NonClass: 387559K(391104K)->387559K(391104K) Class: 54887K(57728K)->54887K(57728K)
[2024-08-15T16:05:24.308+0000][13020.252s][info][gc          ] GC(3100) Pause Young (Prepare Mixed) (G1 Evacuation Pause) 9682M->4331M(12288M) 88.674ms
[2024-08-15T16:05:24.308+0000][13020.253s][info][gc,cpu      ] GC(3100) User=0.51s Sys=0.00s Real=0.09s
[2024-08-15T16:05:24.515+0000][13020.459s][info][gc,start    ] GC(3101) Pause Young (Mixed) (G1 Evacuation Pause)
[2024-08-15T16:05:24.515+0000][13020.459s][info][gc,task     ] GC(3101) Using 6 workers of 6 for evacuation
[2024-08-15T16:05:24.621+0000][13020.565s][info][gc,phases   ] GC(3101)   Pre Evacuate Collection Set: 0.2ms
[2024-08-15T16:05:24.621+0000][13020.565s][info][gc,phases   ] GC(3101)   Merge Heap Roots: 0.5ms
[2024-08-15T16:05:24.621+0000][13020.565s][info][gc,phases   ] GC(3101)   Evacuate Collection Set: 102.7ms
[2024-08-15T16:05:24.621+0000][13020.565s][info][gc,phases   ] GC(3101)   Post Evacuate Collection Set: 2.5ms
[2024-08-15T16:05:24.621+0000][13020.565s][info][gc,phases   ] GC(3101)   Other: 0.2ms
[2024-08-15T16:05:24.621+0000][13020.565s][info][gc,heap     ] GC(3101) Eden regions: 57->0(675)
[2024-08-15T16:05:24.621+0000][13020.565s][info][gc,heap     ] GC(3101) Survivor regions: 19->5(10)
[2024-08-15T16:05:24.621+0000][13020.565s][info][gc,heap     ] GC(3101) Old regions: 517->527
[2024-08-15T16:05:24.621+0000][13020.565s][info][gc,heap     ] GC(3101) Archive regions: 2->2
[2024-08-15T16:05:24.621+0000][13020.565s][info][gc,heap     ] GC(3101) Humongous regions: 5->5
[2024-08-15T16:05:24.621+0000][13020.565s][info][gc,metaspace] GC(3101) Metaspace: 442447K(448832K)->442447K(448832K) NonClass: 387559K(391104K)->387559K(391104K) Class: 54887K(57728K)->54887K(57728K)
[2024-08-15T16:05:24.621+0000][13020.565s][info][gc          ] GC(3101) Pause Young (Mixed) (G1 Evacuation Pause) 4787M->4296M(12288M) 106.098ms
[2024-08-15T16:05:24.621+0000][13020.566s][info][gc,cpu      ] GC(3101) User=0.63s Sys=0.00s Real=0.11s
[2024-08-15T16:05:26.816+0000][13022.761s][info][gc,start    ] GC(3102) Pause Young (Normal) (G1 Evacuation Pause)
[2024-08-15T16:05:26.816+0000][13022.761s][info][gc,task     ] GC(3102) Using 6 workers of 6 for evacuation
[2024-08-15T16:05:26.873+0000][13022.817s][info][gc,phases   ] GC(3102)   Pre Evacuate Collection Set: 0.2ms
[2024-08-15T16:05:26.873+0000][13022.817s][info][gc,phases   ] GC(3102)   Merge Heap Roots: 0.3ms
[2024-08-15T16:05:26.873+0000][13022.817s][info][gc,phases   ] GC(3102)   Evacuate Collection Set: 43.4ms
[2024-08-15T16:05:26.873+0000][13022.817s][info][gc,phases   ] GC(3102)   Post Evacuate Collection Set: 12.4ms
[2024-08-15T16:05:26.873+0000][13022.817s][info][gc,phases   ] GC(3102)   Other: 0.2ms
[2024-08-15T16:05:26.873+0000][13022.817s][info][gc,heap     ] GC(3102) Eden regions: 675->0(671)
[2024-08-15T16:05:26.873+0000][13022.817s][info][gc,heap     ] GC(3102) Survivor regions: 5->9(85)
[2024-08-15T16:05:26.873+0000][13022.817s][info][gc,heap     ] GC(3102) Old regions: 527->527
[2024-08-15T16:05:26.873+0000][13022.817s][info][gc,heap     ] GC(3102) Archive regions: 2->2
[2024-08-15T16:05:26.873+0000][13022.817s][info][gc,heap     ] GC(3102) Humongous regions: 5->5
[2024-08-15T16:05:26.873+0000][13022.817s][info][gc,metaspace] GC(3102) Metaspace: 442447K(448832K)->442447K(448832K) NonClass: 387559K(391104K)->387559K(391104K) Class: 54887K(57728K)->54887K(57728K)
[2024-08-15T16:05:26.873+0000][13022.817s][info][gc          ] GC(3102) Pause Young (Normal) (G1 Evacuation Pause) 9696M->4322M(12288M) 56.583ms
[2024-08-15T16:05:26.873+0000][13022.817s][info][gc,cpu      ] GC(3102) User=0.33s Sys=0.00s Real=0.05s
[2024-08-15T16:05:28.897+0000][13024.841s][info][gc,start    ] GC(3103) Pause Young (Normal) (G1 Evacuation Pause)
[2024-08-15T16:05:28.897+0000][13024.841s][info][gc,task     ] GC(3103) Using 6 workers of 6 for evacuation
[2024-08-15T16:05:28.960+0000][13024.905s][info][gc,phases   ] GC(3103)   Pre Evacuate Collection Set: 0.2ms
[2024-08-15T16:05:28.960+0000][13024.905s][info][gc,phases   ] GC(3103)   Merge Heap Roots: 0.3ms
[2024-08-15T16:05:28.960+0000][13024.905s][info][gc,phases   ] GC(3103)   Evacuate Collection Set: 50.8ms
[2024-08-15T16:05:28.960+0000][13024.905s][info][gc,phases   ] GC(3103)   Post Evacuate Collection Set: 12.1ms
[2024-08-15T16:05:28.960+0000][13024.905s][info][gc,phases   ] GC(3103)   Other: 0.2ms
[2024-08-15T16:05:28.960+0000][13024.905s][info][gc,heap     ] GC(3103) Eden regions: 671->0(670)
[2024-08-15T16:05:28.960+0000][13024.905s][info][gc,heap     ] GC(3103) Survivor regions: 9->10(85)
[2024-08-15T16:05:28.960+0000][13024.905s][info][gc,heap     ] GC(3103) Old regions: 527->527
[2024-08-15T16:05:28.960+0000][13024.905s][info][gc,heap     ] GC(3103) Archive regions: 2->2
[2024-08-15T16:05:28.960+0000][13024.905s][info][gc,heap     ] GC(3103) Humongous regions: 5->5
[2024-08-15T16:05:28.960+0000][13024.905s][info][gc,metaspace] GC(3103) Metaspace: 442447K(448832K)->442447K(448832K) NonClass: 387559K(391104K)->387559K(391104K) Class: 54887K(57728K)->54887K(57728K)
[2024-08-15T16:05:28.960+0000][13024.905s][info][gc          ] GC(3103) Pause Young (Normal) (G1 Evacuation Pause) 9690M->4335M(12288M) 63.685ms
[2024-08-15T16:05:28.960+0000][13024.905s][info][gc,cpu      ] GC(3103) User=0.37s Sys=0.00s Real=0.06s
[2024-08-15T16:05:31.025+0000][13026.969s][info][gc,start    ] GC(3104) Pause Young (Concurrent Start) (G1 Evacuation Pause)
[2024-08-15T16:05:31.025+0000][13026.969s][info][gc,task     ] GC(3104) Using 6 workers of 6 for evacuation
[2024-08-15T16:05:31.097+0000][13027.041s][info][gc,phases   ] GC(3104)   Pre Evacuate Collection Set: 0.6ms
[2024-08-15T16:05:31.097+0000][13027.042s][info][gc,phases   ] GC(3104)   Merge Heap Roots: 0.3ms
[2024-08-15T16:05:31.097+0000][13027.042s][info][gc,phases   ] GC(3104)   Evacuate Collection Set: 58.2ms
[2024-08-15T16:05:31.097+0000][13027.042s][info][gc,phases   ] GC(3104)   Post Evacuate Collection Set: 12.8ms
[2024-08-15T16:05:31.097+0000][13027.042s][info][gc,phases   ] GC(3104)   Other: 0.3ms
[2024-08-15T16:05:31.097+0000][13027.042s][info][gc,heap     ] GC(3104) Eden regions: 670->0(667)
[2024-08-15T16:05:31.097+0000][13027.042s][info][gc,heap     ] GC(3104) Survivor regions: 10->13(85)
[2024-08-15T16:05:31.097+0000][13027.042s][info][gc,heap     ] GC(3104) Old regions: 527->527
[2024-08-15T16:05:31.097+0000][13027.042s][info][gc,heap     ] GC(3104) Archive regions: 2->2
[2024-08-15T16:05:31.097+0000][13027.042s][info][gc,heap     ] GC(3104) Humongous regions: 5->5
[2024-08-15T16:05:31.097+0000][13027.042s][info][gc,metaspace] GC(3104) Metaspace: 442447K(448832K)->442447K(448832K) NonClass: 387559K(391104K)->387559K(391104K) Class: 54887K(57728K)->54887K(57728K)
[2024-08-15T16:05:31.097+0000][13027.042s][info][gc          ] GC(3104) Pause Young (Concurrent Start) (G1 Evacuation Pause) 9695M->4356M(12288M) 72.237ms
[2024-08-15T16:05:31.097+0000][13027.042s][info][gc,cpu      ] GC(3104) User=0.42s Sys=0.00s Real=0.07s
[2024-08-15T16:05:31.097+0000][13027.042s][info][gc          ] GC(3105) Concurrent Mark Cycle
[2024-08-15T16:05:31.097+0000][13027.042s][info][gc,marking  ] GC(3105) Concurrent Clear Claimed Marks
[2024-08-15T16:05:31.097+0000][13027.042s][info][gc,marking  ] GC(3105) Concurrent Clear Claimed Marks 0.399ms
[2024-08-15T16:05:31.097+0000][13027.042s][info][gc,marking  ] GC(3105) Concurrent Scan Root Regions
[2024-08-15T16:05:31.140+0000][13027.085s][info][gc,marking  ] GC(3105) Concurrent Scan Root Regions 42.687ms
[2024-08-15T16:05:31.140+0000][13027.085s][info][gc,marking  ] GC(3105) Concurrent Mark
[2024-08-15T16:05:31.140+0000][13027.085s][info][gc,marking  ] GC(3105) Concurrent Mark From Roots
[2024-08-15T16:05:31.140+0000][13027.085s][info][gc,task     ] GC(3105) Using 2 workers of 2 for marking
[2024-08-15T16:05:33.502+0000][13029.447s][info][gc,start    ] GC(3106) Pause Young (Normal) (G1 Evacuation Pause)
[2024-08-15T16:05:33.502+0000][13029.447s][info][gc,task     ] GC(3106) Using 6 workers of 6 for evacuation
[2024-08-15T16:05:33.581+0000][13029.526s][info][gc,phases   ] GC(3106)   Pre Evacuate Collection Set: 0.2ms
[2024-08-15T16:05:33.581+0000][13029.526s][info][gc,phases   ] GC(3106)   Merge Heap Roots: 0.4ms
[2024-08-15T16:05:33.581+0000][13029.526s][info][gc,phases   ] GC(3106)   Evacuate Collection Set: 66.1ms
[2024-08-15T16:05:33.581+0000][13029.526s][info][gc,phases   ] GC(3106)   Post Evacuate Collection Set: 12.1ms
[2024-08-15T16:05:33.581+0000][13029.526s][info][gc,phases   ] GC(3106)   Other: 0.2ms
[2024-08-15T16:05:33.581+0000][13029.526s][info][gc,heap     ] GC(3106) Eden regions: 667->0(666)
[2024-08-15T16:05:33.581+0000][13029.526s][info][gc,heap     ] GC(3106) Survivor regions: 13->14(85)
[2024-08-15T16:05:33.581+0000][13029.526s][info][gc,heap     ] GC(3106) Old regions: 527->527
[2024-08-15T16:05:33.581+0000][13029.526s][info][gc,heap     ] GC(3106) Archive regions: 2->2
[2024-08-15T16:05:33.581+0000][13029.526s][info][gc,heap     ] GC(3106) Humongous regions: 5->5
[2024-08-15T16:05:33.581+0000][13029.526s][info][gc,metaspace] GC(3106) Metaspace: 442449K(448832K)->442449K(448832K) NonClass: 387561K(391104K)->387561K(391104K) Class: 54887K(57728K)->54887K(57728K)
[2024-08-15T16:05:33.581+0000][13029.526s][info][gc          ] GC(3106) Pause Young (Normal) (G1 Evacuation Pause) 9692M->4363M(12288M) 79.092ms
[2024-08-15T16:05:33.581+0000][13029.526s][info][gc,cpu      ] GC(3106) User=0.46s Sys=0.00s Real=0.08s
[2024-08-15T16:05:34.705+0000][13030.650s][info][gc,marking  ] GC(3105) Concurrent Mark From Roots 3564.944ms
[2024-08-15T16:05:34.705+0000][13030.650s][info][gc,marking  ] GC(3105) Concurrent Preclean
[2024-08-15T16:05:34.707+0000][13030.652s][info][gc,marking  ] GC(3105) Concurrent Preclean 1.989ms
[2024-08-15T16:05:34.707+0000][13030.652s][info][gc,start    ] GC(3105) Pause Remark
[2024-08-15T16:05:34.731+0000][13030.676s][info][gc          ] GC(3105) Pause Remark 6691M->6691M(12288M) 23.670ms
[2024-08-15T16:05:34.731+0000][13030.676s][info][gc,cpu      ] GC(3105) User=0.10s Sys=0.00s Real=0.02s
[2024-08-15T16:05:34.731+0000][13030.676s][info][gc,marking  ] GC(3105) Concurrent Mark 3591.032ms
[2024-08-15T16:05:34.731+0000][13030.676s][info][gc,marking  ] GC(3105) Concurrent Rebuild Remembered Sets
[2024-08-15T16:05:36.026+0000][13031.971s][info][gc,start    ] GC(3107) Pause Young (Normal) (G1 Evacuation Pause)
[2024-08-15T16:05:36.026+0000][13031.971s][info][gc,task     ] GC(3107) Using 6 workers of 6 for evacuation
[2024-08-15T16:05:36.110+0000][13032.054s][info][gc,phases   ] GC(3107)   Pre Evacuate Collection Set: 0.2ms
[2024-08-15T16:05:36.110+0000][13032.054s][info][gc,phases   ] GC(3107)   Merge Heap Roots: 0.3ms
[2024-08-15T16:05:36.110+0000][13032.054s][info][gc,phases   ] GC(3107)   Evacuate Collection Set: 70.1ms
[2024-08-15T16:05:36.110+0000][13032.054s][info][gc,phases   ] GC(3107)   Post Evacuate Collection Set: 12.8ms
[2024-08-15T16:05:36.110+0000][13032.054s][info][gc,phases   ] GC(3107)   Other: 0.2ms
[2024-08-15T16:05:36.110+0000][13032.054s][info][gc,heap     ] GC(3107) Eden regions: 666->0(660)
[2024-08-15T16:05:36.110+0000][13032.054s][info][gc,heap     ] GC(3107) Survivor regions: 14->17(85)
[2024-08-15T16:05:36.110+0000][13032.055s][info][gc,heap     ] GC(3107) Old regions: 527->527
[2024-08-15T16:05:36.110+0000][13032.055s][info][gc,heap     ] GC(3107) Archive regions: 2->2
[2024-08-15T16:05:36.110+0000][13032.055s][info][gc,heap     ] GC(3107) Humongous regions: 5->5
[2024-08-15T16:05:36.110+0000][13032.055s][info][gc,metaspace] GC(3107) Metaspace: 442449K(448832K)->442449K(448832K) NonClass: 387561K(391104K)->387561K(391104K) Class: 54887K(57728K)->54887K(57728K)
[2024-08-15T16:05:36.110+0000][13032.055s][info][gc          ] GC(3107) Pause Young (Normal) (G1 Evacuation Pause) 9691M->4392M(12288M) 83.550ms
[2024-08-15T16:05:36.110+0000][13032.055s][info][gc,cpu      ] GC(3107) User=0.49s Sys=0.00s Real=0.08s
[2024-08-15T16:05:36.846+0000][13032.791s][info][gc,marking  ] GC(3105) Concurrent Rebuild Remembered Sets 2114.656ms
[2024-08-15T16:05:36.846+0000][13032.791s][info][gc,start    ] GC(3105) Pause Cleanup
[2024-08-15T16:05:36.847+0000][13032.791s][info][gc          ] GC(3105) Pause Cleanup 6132M->6132M(12288M) 0.544ms
[2024-08-15T16:05:36.847+0000][13032.791s][info][gc,cpu      ] GC(3105) User=0.00s Sys=0.00s Real=0.00s
[2024-08-15T16:05:36.847+0000][13032.791s][info][gc,marking  ] GC(3105) Concurrent Cleanup for Next Mark
[2024-08-15T16:05:36.863+0000][13032.808s][info][gc,marking  ] GC(3105) Concurrent Cleanup for Next Mark 16.581ms
[2024-08-15T16:05:36.863+0000][13032.808s][info][gc          ] GC(3105) Concurrent Mark Cycle 5766.373ms
[2024-08-15T16:05:38.182+0000][13034.127s][info][gc,start    ] GC(3108) Pause Young (Prepare Mixed) (G1 Evacuation Pause)
[2024-08-15T16:05:38.182+0000][13034.127s][info][gc,task     ] GC(3108) Using 6 workers of 6 for evacuation
[2024-08-15T16:05:38.275+0000][13034.220s][info][gc,phases   ] GC(3108)   Pre Evacuate Collection Set: 0.2ms
[2024-08-15T16:05:38.275+0000][13034.220s][info][gc,phases   ] GC(3108)   Merge Heap Roots: 0.4ms
[2024-08-15T16:05:38.275+0000][13034.220s][info][gc,phases   ] GC(3108)   Evacuate Collection Set: 78.7ms
[2024-08-15T16:05:38.275+0000][13034.220s][info][gc,phases   ] GC(3108)   Post Evacuate Collection Set: 13.4ms
[2024-08-15T16:05:38.275+0000][13034.220s][info][gc,phases   ] GC(3108)   Other: 0.2ms
[2024-08-15T16:05:38.275+0000][13034.220s][info][gc,heap     ] GC(3108) Eden regions: 660->0(57)
[2024-08-15T16:05:38.275+0000][13034.220s][info][gc,heap     ] GC(3108) Survivor regions: 17->19(85)
[2024-08-15T16:05:38.275+0000][13034.220s][info][gc,heap     ] GC(3108) Old regions: 527->527
[2024-08-15T16:05:38.275+0000][13034.220s][info][gc,heap     ] GC(3108) Archive regions: 2->2
[2024-08-15T16:05:38.275+0000][13034.220s][info][gc,heap     ] GC(3108) Humongous regions: 5->5
[2024-08-15T16:05:38.275+0000][13034.220s][info][gc,metaspace] GC(3108) Metaspace: 442449K(448832K)->442449K(448832K) NonClass: 387561K(391104K)->387561K(391104K) Class: 54887K(57728K)->54887K(57728K)
[2024-08-15T16:05:38.275+0000][13034.220s][info][gc          ] GC(3108) Pause Young (Prepare Mixed) (G1 Evacuation Pause) 9672M->4408M(12288M) 92.955ms
[2024-08-15T16:05:38.275+0000][13034.220s][info][gc,cpu      ] GC(3108) User=0.54s Sys=0.00s Real=0.10s
[2024-08-15T16:05:38.537+0000][13034.482s][info][gc,start    ] GC(3109) Pause Young (Mixed) (G1 Evacuation Pause)
[2024-08-15T16:05:38.537+0000][13034.482s][info][gc,task     ] GC(3109) Using 6 workers of 6 for evacuation
[2024-08-15T16:05:38.634+0000][13034.578s][info][gc,phases   ] GC(3109)   Pre Evacuate Collection Set: 0.2ms
[2024-08-15T16:05:38.634+0000][13034.578s][info][gc,phases   ] GC(3109)   Merge Heap Roots: 0.5ms
[2024-08-15T16:05:38.634+0000][13034.578s][info][gc,phases   ] GC(3109)   Evacuate Collection Set: 93.9ms
[2024-08-15T16:05:38.634+0000][13034.578s][info][gc,phases   ] GC(3109)   Post Evacuate Collection Set: 2.2ms
[2024-08-15T16:05:38.634+0000][13034.578s][info][gc,phases   ] GC(3109)   Other: 0.2ms
[2024-08-15T16:05:38.634+0000][13034.578s][info][gc,heap     ] GC(3109) Eden regions: 57->0(670)
[2024-08-15T16:05:38.634+0000][13034.578s][info][gc,heap     ] GC(3109) Survivor regions: 19->5(10)
[2024-08-15T16:05:38.634+0000][13034.578s][info][gc,heap     ] GC(3109) Old regions: 527->532
[2024-08-15T16:05:38.634+0000][13034.578s][info][gc,heap     ] GC(3109) Archive regions: 2->2
[2024-08-15T16:05:38.634+0000][13034.578s][info][gc,heap     ] GC(3109) Humongous regions: 5->5
[2024-08-15T16:05:38.634+0000][13034.578s][info][gc,metaspace] GC(3109) Metaspace: 442449K(448832K)->442449K(448832K) NonClass: 387561K(391104K)->387561K(391104K) Class: 54887K(57728K)->54887K(57728K)
[2024-08-15T16:05:38.634+0000][13034.579s][info][gc          ] GC(3109) Pause Young (Mixed) (G1 Evacuation Pause) 4864M->4336M(12288M) 96.971ms
[2024-08-15T16:05:38.634+0000][13034.579s][info][gc,cpu      ] GC(3109) User=0.57s Sys=0.00s Real=0.09s
[2024-08-15T16:05:40.434+0000][13036.378s][info][gc,start    ] GC(3110) Pause Young (Normal) (G1 Evacuation Pause)
[2024-08-15T16:05:40.434+0000][13036.378s][info][gc,task     ] GC(3110) Using 6 workers of 6 for evacuation
[2024-08-15T16:05:40.496+0000][13036.440s][info][gc,phases   ] GC(3110)   Pre Evacuate Collection Set: 0.2ms
[2024-08-15T16:05:40.496+0000][13036.440s][info][gc,phases   ] GC(3110)   Merge Heap Roots: 0.3ms
[2024-08-15T16:05:40.496+0000][13036.440s][info][gc,phases   ] GC(3110)   Evacuate Collection Set: 47.1ms
[2024-08-15T16:05:40.496+0000][13036.440s][info][gc,phases   ] GC(3110)   Post Evacuate Collection Set: 14.1ms
[2024-08-15T16:05:40.496+0000][13036.440s][info][gc,phases   ] GC(3110)   Other: 0.2ms
[2024-08-15T16:05:40.496+0000][13036.440s][info][gc,heap     ] GC(3110) Eden regions: 670->0(667)
[2024-08-15T16:05:40.496+0000][13036.440s][info][gc,heap     ] GC(3110) Survivor regions: 5->8(85)
[2024-08-15T16:05:40.496+0000][13036.440s][info][gc,heap     ] GC(3110) Old regions: 532->532
[2024-08-15T16:05:40.496+0000][13036.440s][info][gc,heap     ] GC(3110) Archive regions: 2->2
[2024-08-15T16:05:40.496+0000][13036.440s][info][gc,heap     ] GC(3110) Humongous regions: 5->5
[2024-08-15T16:05:40.496+0000][13036.440s][info][gc,metaspace] GC(3110) Metaspace: 442449K(448832K)->442449K(448832K) NonClass: 387561K(391104K)->387561K(391104K) Class: 54887K(57728K)->54887K(57728K)
[2024-08-15T16:05:40.496+0000][13036.440s][info][gc          ] GC(3110) Pause Young (Normal) (G1 Evacuation Pause) 9696M->4357M(12288M) 61.928ms
[2024-08-15T16:05:40.496+0000][13036.440s][info][gc,cpu      ] GC(3110) User=0.36s Sys=0.00s Real=0.07s
[2024-08-15T16:05:42.369+0000][13038.314s][info][gc,start    ] GC(3111) Pause Young (Normal) (G1 Evacuation Pause)
[2024-08-15T16:05:42.369+0000][13038.314s][info][gc,task     ] GC(3111) Using 6 workers of 6 for evacuation
[2024-08-15T16:05:42.427+0000][13038.372s][info][gc,phases   ] GC(3111)   Pre Evacuate Collection Set: 0.2ms
[2024-08-15T16:05:42.427+0000][13038.372s][info][gc,phases   ] GC(3111)   Merge Heap Roots: 0.2ms
[2024-08-15T16:05:42.427+0000][13038.372s][info][gc,phases   ] GC(3111)   Evacuate Collection Set: 46.3ms
[2024-08-15T16:05:42.427+0000][13038.372s][info][gc,phases   ] GC(3111)   Post Evacuate Collection Set: 11.2ms
[2024-08-15T16:05:42.427+0000][13038.372s][info][gc,phases   ] GC(3111)   Other: 0.2ms
[2024-08-15T16:05:42.427+0000][13038.372s][info][gc,heap     ] GC(3111) Eden regions: 667->0(665)
[2024-08-15T16:05:42.427+0000][13038.372s][info][gc,heap     ] GC(3111) Survivor regions: 8->10(85)
[2024-08-15T16:05:42.427+0000][13038.372s][info][gc,heap     ] GC(3111) Old regions: 532->532
[2024-08-15T16:05:42.427+0000][13038.372s][info][gc,heap     ] GC(3111) Archive regions: 2->2
[2024-08-15T16:05:42.427+0000][13038.372s][info][gc,heap     ] GC(3111) Humongous regions: 5->5
[2024-08-15T16:05:42.427+0000][13038.372s][info][gc,metaspace] GC(3111) Metaspace: 442449K(448832K)->442449K(448832K) NonClass: 387561K(391104K)->387561K(391104K) Class: 54887K(57728K)->54887K(57728K)
[2024-08-15T16:05:42.427+0000][13038.372s][info][gc          ] GC(3111) Pause Young (Normal) (G1 Evacuation Pause) 9693M->4375M(12288M) 58.167ms
[2024-08-15T16:05:42.427+0000][13038.372s][info][gc,cpu      ] GC(3111) User=0.33s Sys=0.00s Real=0.06s
[2024-08-15T16:05:44.249+0000][13040.194s][info][gc,start    ] GC(3112) Pause Young (Concurrent Start) (G1 Evacuation Pause)
[2024-08-15T16:05:44.249+0000][13040.194s][info][gc,task     ] GC(3112) Using 6 workers of 6 for evacuation
[2024-08-15T16:05:44.317+0000][13040.262s][info][gc,phases   ] GC(3112)   Pre Evacuate Collection Set: 0.5ms
[2024-08-15T16:05:44.317+0000][13040.262s][info][gc,phases   ] GC(3112)   Merge Heap Roots: 0.3ms
[2024-08-15T16:05:44.317+0000][13040.262s][info][gc,phases   ] GC(3112)   Evacuate Collection Set: 55.5ms
[2024-08-15T16:05:44.317+0000][13040.262s][info][gc,phases   ] GC(3112)   Post Evacuate Collection Set: 11.5ms
[2024-08-15T16:05:44.317+0000][13040.262s][info][gc,phases   ] GC(3112)   Other: 0.3ms
[2024-08-15T16:05:44.317+0000][13040.262s][info][gc,heap     ] GC(3112) Eden regions: 665->0(663)
[2024-08-15T16:05:44.317+0000][13040.262s][info][gc,heap     ] GC(3112) Survivor regions: 10->13(85)
[2024-08-15T16:05:44.317+0000][13040.262s][info][gc,heap     ] GC(3112) Old regions: 532->532
[2024-08-15T16:05:44.317+0000][13040.262s][info][gc,heap     ] GC(3112) Archive regions: 2->2
[2024-08-15T16:05:44.317+0000][13040.262s][info][gc,heap     ] GC(3112) Humongous regions: 5->5
[2024-08-15T16:05:44.317+0000][13040.262s][info][gc,metaspace] GC(3112) Metaspace: 442449K(448832K)->442449K(448832K) NonClass: 387561K(391104K)->387561K(391104K) Class: 54887K(57728K)->54887K(57728K)
[2024-08-15T16:05:44.317+0000][13040.262s][info][gc          ] GC(3112) Pause Young (Concurrent Start) (G1 Evacuation Pause) 9695M->4402M(12288M) 68.139ms
[2024-08-15T16:05:44.318+0000][13040.262s][info][gc,cpu      ] GC(3112) User=0.39s Sys=0.00s Real=0.07s
[2024-08-15T16:05:44.318+0000][13040.262s][info][gc          ] GC(3113) Concurrent Mark Cycle
[2024-08-15T16:05:44.318+0000][13040.262s][info][gc,marking  ] GC(3113) Concurrent Clear Claimed Marks
[2024-08-15T16:05:44.318+0000][13040.263s][info][gc,marking  ] GC(3113) Concurrent Clear Claimed Marks 0.427ms
[2024-08-15T16:05:44.318+0000][13040.263s][info][gc,marking  ] GC(3113) Concurrent Scan Root Regions
[2024-08-15T16:05:44.361+0000][13040.305s][info][gc,marking  ] GC(3113) Concurrent Scan Root Regions 42.538ms
[2024-08-15T16:05:44.361+0000][13040.305s][info][gc,marking  ] GC(3113) Concurrent Mark
[2024-08-15T16:05:44.361+0000][13040.305s][info][gc,marking  ] GC(3113) Concurrent Mark From Roots
[2024-08-15T16:05:44.361+0000][13040.305s][info][gc,task     ] GC(3113) Using 2 workers of 2 for marking
[2024-08-15T16:05:46.905+0000][13042.850s][info][gc,start    ] GC(3114) Pause Young (Normal) (G1 Evacuation Pause)
[2024-08-15T16:05:46.905+0000][13042.850s][info][gc,task     ] GC(3114) Using 6 workers of 6 for evacuation
[2024-08-15T16:05:46.985+0000][13042.929s][info][gc,phases   ] GC(3114)   Pre Evacuate Collection Set: 0.2ms
[2024-08-15T16:05:46.985+0000][13042.929s][info][gc,phases   ] GC(3114)   Merge Heap Roots: 0.4ms
[2024-08-15T16:05:46.985+0000][13042.929s][info][gc,phases   ] GC(3114)   Evacuate Collection Set: 66.8ms
[2024-08-15T16:05:46.985+0000][13042.929s][info][gc,phases   ] GC(3114)   Post Evacuate Collection Set: 12.2ms
[2024-08-15T16:05:46.985+0000][13042.929s][info][gc,phases   ] GC(3114)   Other: 0.2ms
[2024-08-15T16:05:46.985+0000][13042.929s][info][gc,heap     ] GC(3114) Eden regions: 663->0(657)
[2024-08-15T16:05:46.985+0000][13042.929s][info][gc,heap     ] GC(3114) Survivor regions: 13->16(85)
[2024-08-15T16:05:46.985+0000][13042.929s][info][gc,heap     ] GC(3114) Old regions: 532->532
[2024-08-15T16:05:46.985+0000][13042.929s][info][gc,heap     ] GC(3114) Archive regions: 2->2
[2024-08-15T16:05:46.985+0000][13042.929s][info][gc,heap     ] GC(3114) Humongous regions: 5->5
[2024-08-15T16:05:46.985+0000][13042.929s][info][gc,metaspace] GC(3114) Metaspace: 442449K(448832K)->442449K(448832K) NonClass: 387561K(391104K)->387561K(391104K) Class: 54887K(57728K)->54887K(57728K)
[2024-08-15T16:05:46.985+0000][13042.929s][info][gc          ] GC(3114) Pause Young (Normal) (G1 Evacuation Pause) 9706M->4428M(12288M) 79.807ms
[2024-08-15T16:05:46.985+0000][13042.930s][info][gc,cpu      ] GC(3114) User=0.47s Sys=0.00s Real=0.08s
[2024-08-15T16:05:47.507+0000][13043.451s][info][gc,marking  ] GC(3113) Concurrent Mark From Roots 3145.991ms
[2024-08-15T16:05:47.507+0000][13043.451s][info][gc,marking  ] GC(3113) Concurrent Preclean
[2024-08-15T16:05:47.509+0000][13043.453s][info][gc,marking  ] GC(3113) Concurrent Preclean 1.961ms
[2024-08-15T16:05:47.509+0000][13043.453s][info][gc,start    ] GC(3113) Pause Remark
[2024-08-15T16:05:47.532+0000][13043.477s][info][gc          ] GC(3113) Pause Remark 5528M->5528M(12288M) 23.589ms
[2024-08-15T16:05:47.532+0000][13043.477s][info][gc,cpu      ] GC(3113) User=0.10s Sys=0.00s Real=0.02s
[2024-08-15T16:05:47.533+0000][13043.477s][info][gc,marking  ] GC(3113) Concurrent Mark 3172.001ms
[2024-08-15T16:05:47.533+0000][13043.477s][info][gc,marking  ] GC(3113) Concurrent Rebuild Remembered Sets
[2024-08-15T16:05:49.255+0000][13045.200s][info][gc,start    ] GC(3115) Pause Young (Normal) (G1 Evacuation Pause)
[2024-08-15T16:05:49.255+0000][13045.200s][info][gc,task     ] GC(3115) Using 6 workers of 6 for evacuation
[2024-08-15T16:05:49.317+0000][13045.261s][info][gc,phases   ] GC(3115)   Pre Evacuate Collection Set: 0.2ms
[2024-08-15T16:05:49.317+0000][13045.261s][info][gc,phases   ] GC(3115)   Merge Heap Roots: 0.5ms
[2024-08-15T16:05:49.317+0000][13045.261s][info][gc,phases   ] GC(3115)   Evacuate Collection Set: 52.7ms
[2024-08-15T16:05:49.317+0000][13045.261s][info][gc,phases   ] GC(3115)   Post Evacuate Collection Set: 7.9ms
[2024-08-15T16:05:49.317+0000][13045.261s][info][gc,phases   ] GC(3115)   Other: 0.2ms
[2024-08-15T16:05:49.317+0000][13045.261s][info][gc,heap     ] GC(3115) Eden regions: 657->0(659)
[2024-08-15T16:05:49.317+0000][13045.261s][info][gc,heap     ] GC(3115) Survivor regions: 16->15(85)
[2024-08-15T16:05:49.317+0000][13045.261s][info][gc,heap     ] GC(3115) Old regions: 532->532
[2024-08-15T16:05:49.317+0000][13045.261s][info][gc,heap     ] GC(3115) Archive regions: 2->2
[2024-08-15T16:05:49.317+0000][13045.261s][info][gc,heap     ] GC(3115) Humongous regions: 5->5
[2024-08-15T16:05:49.317+0000][13045.261s][info][gc,metaspace] GC(3115) Metaspace: 442449K(448832K)->442449K(448832K) NonClass: 387561K(391104K)->387561K(391104K) Class: 54887K(57728K)->54887K(57728K)
[2024-08-15T16:05:49.317+0000][13045.261s][info][gc          ] GC(3115) Pause Young (Normal) (G1 Evacuation Pause) 9684M->4419M(12288M) 61.529ms
[2024-08-15T16:05:49.317+0000][13045.261s][info][gc,cpu      ] GC(3115) User=0.36s Sys=0.00s Real=0.06s
[2024-08-15T16:05:49.545+0000][13045.489s][info][gc,marking  ] GC(3113) Concurrent Rebuild Remembered Sets 2012.229ms
[2024-08-15T16:05:49.545+0000][13045.490s][info][gc,start    ] GC(3113) Pause Cleanup
[2024-08-15T16:05:49.546+0000][13045.490s][info][gc          ] GC(3113) Pause Cleanup 5003M->5003M(12288M) 0.578ms
[2024-08-15T16:05:49.546+0000][13045.490s][info][gc,cpu      ] GC(3113) User=0.00s Sys=0.00s Real=0.00s
[2024-08-15T16:05:49.546+0000][13045.490s][info][gc,marking  ] GC(3113) Concurrent Cleanup for Next Mark
[2024-08-15T16:05:49.563+0000][13045.507s][info][gc,marking  ] GC(3113) Concurrent Cleanup for Next Mark 16.914ms
[2024-08-15T16:05:49.563+0000][13045.507s][info][gc          ] GC(3113) Concurrent Mark Cycle 5245.173ms
[2024-08-15T16:05:52.481+0000][13048.426s][info][gc,start    ] GC(3116) Pause Young (Prepare Mixed) (G1 Evacuation Pause)
[2024-08-15T16:05:52.481+0000][13048.426s][info][gc,task     ] GC(3116) Using 6 workers of 6 for evacuation
[2024-08-15T16:05:52.534+0000][13048.478s][info][gc,phases   ] GC(3116)   Pre Evacuate Collection Set: 0.2ms
[2024-08-15T16:05:52.534+0000][13048.478s][info][gc,phases   ] GC(3116)   Merge Heap Roots: 0.6ms
[2024-08-15T16:05:52.534+0000][13048.478s][info][gc,phases   ] GC(3116)   Evacuate Collection Set: 48.7ms
[2024-08-15T16:05:52.534+0000][13048.478s][info][gc,phases   ] GC(3116)   Post Evacuate Collection Set: 3.3ms
[2024-08-15T16:05:52.534+0000][13048.478s][info][gc,phases   ] GC(3116)   Other: 0.2ms
[2024-08-15T16:05:52.534+0000][13048.478s][info][gc,heap     ] GC(3116) Eden regions: 659->0(61)
[2024-08-15T16:05:52.534+0000][13048.478s][info][gc,heap     ] GC(3116) Survivor regions: 15->15(85)
[2024-08-15T16:05:52.534+0000][13048.478s][info][gc,heap     ] GC(3116) Old regions: 532->532
[2024-08-15T16:05:52.534+0000][13048.478s][info][gc,heap     ] GC(3116) Archive regions: 2->2
[2024-08-15T16:05:52.534+0000][13048.478s][info][gc,heap     ] GC(3116) Humongous regions: 5->5
[2024-08-15T16:05:52.534+0000][13048.478s][info][gc,metaspace] GC(3116) Metaspace: 442449K(448832K)->442449K(448832K) NonClass: 387561K(391104K)->387561K(391104K) Class: 54887K(57728K)->54887K(57728K)
[2024-08-15T16:05:52.534+0000][13048.479s][info][gc          ] GC(3116) Pause Young (Prepare Mixed) (G1 Evacuation Pause) 9691M->4415M(12288M) 52.998ms
[2024-08-15T16:05:52.534+0000][13048.479s][info][gc,cpu      ] GC(3116) User=0.31s Sys=0.00s Real=0.05s
[2024-08-15T16:05:52.829+0000][13048.774s][info][gc,start    ] GC(3117) Pause Young (Mixed) (G1 Evacuation Pause)
[2024-08-15T16:05:52.829+0000][13048.774s][info][gc,task     ] GC(3117) Using 6 workers of 6 for evacuation
[2024-08-15T16:05:52.907+0000][13048.851s][info][gc,phases   ] GC(3117)   Pre Evacuate Collection Set: 0.2ms
[2024-08-15T16:05:52.907+0000][13048.852s][info][gc,phases   ] GC(3117)   Merge Heap Roots: 0.5ms
[2024-08-15T16:05:52.907+0000][13048.852s][info][gc,phases   ] GC(3117)   Evacuate Collection Set: 75.4ms
[2024-08-15T16:05:52.907+0000][13048.852s][info][gc,phases   ] GC(3117)   Post Evacuate Collection Set: 1.3ms
[2024-08-15T16:05:52.907+0000][13048.852s][info][gc,phases   ] GC(3117)   Other: 0.2ms
[2024-08-15T16:05:52.907+0000][13048.852s][info][gc,heap     ] GC(3117) Eden regions: 61->0(673)
[2024-08-15T16:05:52.907+0000][13048.852s][info][gc,heap     ] GC(3117) Survivor regions: 15->5(10)
[2024-08-15T16:05:52.907+0000][13048.852s][info][gc,heap     ] GC(3117) Old regions: 532->531
[2024-08-15T16:05:52.907+0000][13048.852s][info][gc,heap     ] GC(3117) Archive regions: 2->2
[2024-08-15T16:05:52.907+0000][13048.852s][info][gc,heap     ] GC(3117) Humongous regions: 5->5
[2024-08-15T16:05:52.907+0000][13048.852s][info][gc,metaspace] GC(3117) Metaspace: 442449K(448832K)->442449K(448832K) NonClass: 387561K(391104K)->387561K(391104K) Class: 54887K(57728K)->54887K(57728K)
[2024-08-15T16:05:52.907+0000][13048.852s][info][gc          ] GC(3117) Pause Young (Mixed) (G1 Evacuation Pause) 4903M->4328M(12288M) 77.610ms
[2024-08-15T16:05:52.907+0000][13048.852s][info][gc,cpu      ] GC(3117) User=0.45s Sys=0.01s Real=0.08s
[2024-08-15T16:05:55.168+0000][13051.113s][info][gc,start    ] GC(3118) Pause Young (Normal) (G1 Evacuation Pause)
[2024-08-15T16:05:55.168+0000][13051.113s][info][gc,task     ] GC(3118) Using 6 workers of 6 for evacuation
[2024-08-15T16:05:55.180+0000][13051.125s][info][gc,phases   ] GC(3118)   Pre Evacuate Collection Set: 0.2ms
[2024-08-15T16:05:55.180+0000][13051.125s][info][gc,phases   ] GC(3118)   Merge Heap Roots: 0.2ms
[2024-08-15T16:05:55.180+0000][13051.125s][info][gc,phases   ] GC(3118)   Evacuate Collection Set: 9.4ms
[2024-08-15T16:05:55.180+0000][13051.125s][info][gc,phases   ] GC(3118)   Post Evacuate Collection Set: 1.6ms
[2024-08-15T16:05:55.180+0000][13051.125s][info][gc,phases   ] GC(3118)   Other: 0.2ms
[2024-08-15T16:05:55.180+0000][13051.125s][info][gc,heap     ] GC(3118) Eden regions: 673->0(673)
[2024-08-15T16:05:55.180+0000][13051.125s][info][gc,heap     ] GC(3118) Survivor regions: 5->6(85)
[2024-08-15T16:05:55.180+0000][13051.125s][info][gc,heap     ] GC(3118) Old regions: 531->531
[2024-08-15T16:05:55.180+0000][13051.125s][info][gc,heap     ] GC(3118) Archive regions: 2->2
[2024-08-15T16:05:55.180+0000][13051.125s][info][gc,heap     ] GC(3118) Humongous regions: 5->5
[2024-08-15T16:05:55.180+0000][13051.125s][info][gc,metaspace] GC(3118) Metaspace: 442449K(448832K)->442449K(448832K) NonClass: 387561K(391104K)->387561K(391104K) Class: 54887K(57728K)->54887K(57728K)
[2024-08-15T16:05:55.180+0000][13051.125s][info][gc          ] GC(3118) Pause Young (Normal) (G1 Evacuation Pause) 9712M->4329M(12288M) 11.583ms
[2024-08-15T16:05:55.180+0000][13051.125s][info][gc,cpu      ] GC(3118) User=0.06s Sys=0.01s Real=0.01s
[2024-08-15T16:05:57.152+0000][13053.096s][info][gc,start    ] GC(3119) Pause Young (Normal) (G1 Evacuation Pause)
[2024-08-15T16:05:57.152+0000][13053.096s][info][gc,task     ] GC(3119) Using 6 workers of 6 for evacuation
[2024-08-15T16:05:57.164+0000][13053.109s][info][gc,phases   ] GC(3119)   Pre Evacuate Collection Set: 0.2ms
[2024-08-15T16:05:57.164+0000][13053.109s][info][gc,phases   ] GC(3119)   Merge Heap Roots: 0.2ms
[2024-08-15T16:05:57.164+0000][13053.109s][info][gc,phases   ] GC(3119)   Evacuate Collection Set: 10.2ms
[2024-08-15T16:05:57.164+0000][13053.109s][info][gc,phases   ] GC(3119)   Post Evacuate Collection Set: 1.6ms
[2024-08-15T16:05:57.164+0000][13053.109s][info][gc,phases   ] GC(3119)   Other: 0.2ms
[2024-08-15T16:05:57.164+0000][13053.109s][info][gc,heap     ] GC(3119) Eden regions: 673->0(674)
[2024-08-15T16:05:57.164+0000][13053.109s][info][gc,heap     ] GC(3119) Survivor regions: 6->6(85)
[2024-08-15T16:05:57.164+0000][13053.109s][info][gc,heap     ] GC(3119) Old regions: 531->531
[2024-08-15T16:05:57.164+0000][13053.109s][info][gc,heap     ] GC(3119) Archive regions: 2->2
[2024-08-15T16:05:57.164+0000][13053.109s][info][gc,heap     ] GC(3119) Humongous regions: 5->5
[2024-08-15T16:05:57.164+0000][13053.109s][info][gc,metaspace] GC(3119) Metaspace: 442449K(448832K)->442449K(448832K) NonClass: 387561K(391104K)->387561K(391104K) Class: 54887K(57728K)->54887K(57728K)
[2024-08-15T16:05:57.164+0000][13053.109s][info][gc          ] GC(3119) Pause Young (Normal) (G1 Evacuation Pause) 9713M->4336M(12288M) 12.434ms
[2024-08-15T16:05:57.164+0000][13053.109s][info][gc,cpu      ] GC(3119) User=0.07s Sys=0.00s Real=0.02s
[2024-08-15T16:06:00.199+0000][13056.144s][info][gc,start    ] GC(3120) Pause Young (Concurrent Start) (G1 Evacuation Pause)
[2024-08-15T16:06:00.199+0000][13056.144s][info][gc,task     ] GC(3120) Using 6 workers of 6 for evacuation
[2024-08-15T16:06:00.214+0000][13056.159s][info][gc,phases   ] GC(3120)   Pre Evacuate Collection Set: 0.6ms
[2024-08-15T16:06:00.214+0000][13056.159s][info][gc,phases   ] GC(3120)   Merge Heap Roots: 0.2ms
[2024-08-15T16:06:00.214+0000][13056.159s][info][gc,phases   ] GC(3120)   Evacuate Collection Set: 12.3ms
[2024-08-15T16:06:00.214+0000][13056.159s][info][gc,phases   ] GC(3120)   Post Evacuate Collection Set: 1.6ms
[2024-08-15T16:06:00.214+0000][13056.159s][info][gc,phases   ] GC(3120)   Other: 0.3ms
[2024-08-15T16:06:00.214+0000][13056.159s][info][gc,heap     ] GC(3120) Eden regions: 674->0(674)
[2024-08-15T16:06:00.214+0000][13056.159s][info][gc,heap     ] GC(3120) Survivor regions: 6->6(85)
[2024-08-15T16:06:00.214+0000][13056.159s][info][gc,heap     ] GC(3120) Old regions: 531->531
[2024-08-15T16:06:00.214+0000][13056.159s][info][gc,heap     ] GC(3120) Archive regions: 2->2
[2024-08-15T16:06:00.214+0000][13056.159s][info][gc,heap     ] GC(3120) Humongous regions: 5->5
[2024-08-15T16:06:00.214+0000][13056.159s][info][gc,metaspace] GC(3120) Metaspace: 442449K(448832K)->442449K(448832K) NonClass: 387561K(391104K)->387561K(391104K) Class: 54887K(57728K)->54887K(57728K)
[2024-08-15T16:06:00.214+0000][13056.159s][info][gc          ] GC(3120) Pause Young (Concurrent Start) (G1 Evacuation Pause) 9728M->4329M(12288M) 15.012ms
[2024-08-15T16:06:00.214+0000][13056.159s][info][gc,cpu      ] GC(3120) User=0.08s Sys=0.00s Real=0.01s
[2024-08-15T16:06:00.214+0000][13056.159s][info][gc          ] GC(3121) Concurrent Mark Cycle
[2024-08-15T16:06:00.214+0000][13056.159s][info][gc,marking  ] GC(3121) Concurrent Clear Claimed Marks
[2024-08-15T16:06:00.215+0000][13056.159s][info][gc,marking  ] GC(3121) Concurrent Clear Claimed Marks 0.365ms
[2024-08-15T16:06:00.215+0000][13056.159s][info][gc,marking  ] GC(3121) Concurrent Scan Root Regions
[2024-08-15T16:06:00.227+0000][13056.172s][info][gc,marking  ] GC(3121) Concurrent Scan Root Regions 12.661ms
[2024-08-15T16:06:00.227+0000][13056.172s][info][gc,marking  ] GC(3121) Concurrent Mark
[2024-08-15T16:06:00.227+0000][13056.172s][info][gc,marking  ] GC(3121) Concurrent Mark From Roots
[2024-08-15T16:06:00.227+0000][13056.172s][info][gc,task     ] GC(3121) Using 2 workers of 2 for marking
[2024-08-15T16:06:03.564+0000][13059.509s][info][gc,marking  ] GC(3121) Concurrent Mark From Roots 3336.827ms
[2024-08-15T16:06:03.564+0000][13059.509s][info][gc,marking  ] GC(3121) Concurrent Preclean
[2024-08-15T16:06:03.566+0000][13059.510s][info][gc,marking  ] GC(3121) Concurrent Preclean 1.760ms
[2024-08-15T16:06:03.566+0000][13059.511s][info][gc,start    ] GC(3121) Pause Remark
[2024-08-15T16:06:03.590+0000][13059.534s][info][gc          ] GC(3121) Pause Remark 7773M->7765M(12288M) 23.633ms
[2024-08-15T16:06:03.590+0000][13059.534s][info][gc,cpu      ] GC(3121) User=0.10s Sys=0.00s Real=0.02s
[2024-08-15T16:06:03.590+0000][13059.535s][info][gc,marking  ] GC(3121) Concurrent Mark 3362.663ms
[2024-08-15T16:06:03.590+0000][13059.535s][info][gc,marking  ] GC(3121) Concurrent Rebuild Remembered Sets
[2024-08-15T16:06:05.373+0000][13061.318s][info][gc,start    ] GC(3122) Pause Young (Normal) (G1 Evacuation Pause)
[2024-08-15T16:06:05.373+0000][13061.318s][info][gc,task     ] GC(3122) Using 6 workers of 6 for evacuation
[2024-08-15T16:06:05.391+0000][13061.335s][info][gc,phases   ] GC(3122)   Pre Evacuate Collection Set: 0.2ms
[2024-08-15T16:06:05.391+0000][13061.336s][info][gc,phases   ] GC(3122)   Merge Heap Roots: 0.4ms
[2024-08-15T16:06:05.391+0000][13061.336s][info][gc,phases   ] GC(3122)   Evacuate Collection Set: 15.3ms
[2024-08-15T16:06:05.391+0000][13061.336s][info][gc,phases   ] GC(3122)   Post Evacuate Collection Set: 1.7ms
[2024-08-15T16:06:05.391+0000][13061.336s][info][gc,phases   ] GC(3122)   Other: 0.2ms
[2024-08-15T16:06:05.391+0000][13061.336s][info][gc,heap     ] GC(3122) Eden regions: 674->0(673)
[2024-08-15T16:06:05.391+0000][13061.336s][info][gc,heap     ] GC(3122) Survivor regions: 6->8(85)
[2024-08-15T16:06:05.391+0000][13061.336s][info][gc,heap     ] GC(3122) Old regions: 530->530
[2024-08-15T16:06:05.391+0000][13061.336s][info][gc,heap     ] GC(3122) Archive regions: 2->2
[2024-08-15T16:06:05.391+0000][13061.336s][info][gc,heap     ] GC(3122) Humongous regions: 5->5
[2024-08-15T16:06:05.391+0000][13061.336s][info][gc,metaspace] GC(3122) Metaspace: 442449K(448832K)->442449K(448832K) NonClass: 387561K(391104K)->387561K(391104K) Class: 54887K(57728K)->54887K(57728K)
[2024-08-15T16:06:05.391+0000][13061.336s][info][gc          ] GC(3122) Pause Young (Normal) (G1 Evacuation Pause) 9713M->4338M(12288M) 17.755ms
[2024-08-15T16:06:05.391+0000][13061.336s][info][gc,cpu      ] GC(3122) User=0.10s Sys=0.00s Real=0.02s
[2024-08-15T16:06:05.680+0000][13061.625s][info][gc,marking  ] GC(3121) Concurrent Rebuild Remembered Sets 2090.247ms
[2024-08-15T16:06:05.680+0000][13061.625s][info][gc,start    ] GC(3121) Pause Cleanup
[2024-08-15T16:06:05.681+0000][13061.626s][info][gc          ] GC(3121) Pause Cleanup 4662M->4662M(12288M) 0.628ms
[2024-08-15T16:06:05.681+0000][13061.626s][info][gc,cpu      ] GC(3121) User=0.00s Sys=0.00s Real=0.00s
[2024-08-15T16:06:05.681+0000][13061.626s][info][gc,marking  ] GC(3121) Concurrent Cleanup for Next Mark
[2024-08-15T16:06:05.698+0000][13061.642s][info][gc,marking  ] GC(3121) Concurrent Cleanup for Next Mark 16.716ms
[2024-08-15T16:06:05.698+0000][13061.643s][info][gc          ] GC(3121) Concurrent Mark Cycle 5483.750ms
[2024-08-15T16:06:09.920+0000][13065.865s][info][gc,start    ] GC(3123) Pause Young (Prepare Mixed) (G1 Evacuation Pause)
[2024-08-15T16:06:09.921+0000][13065.865s][info][gc,task     ] GC(3123) Using 6 workers of 6 for evacuation
[2024-08-15T16:06:09.943+0000][13065.888s][info][gc,phases   ] GC(3123)   Pre Evacuate Collection Set: 0.2ms
[2024-08-15T16:06:09.943+0000][13065.888s][info][gc,phases   ] GC(3123)   Merge Heap Roots: 0.3ms
[2024-08-15T16:06:09.943+0000][13065.888s][info][gc,phases   ] GC(3123)   Evacuate Collection Set: 20.5ms
[2024-08-15T16:06:09.943+0000][13065.888s][info][gc,phases   ] GC(3123)   Post Evacuate Collection Set: 1.8ms
[2024-08-15T16:06:09.943+0000][13065.888s][info][gc,phases   ] GC(3123)   Other: 0.2ms
[2024-08-15T16:06:09.943+0000][13065.888s][info][gc,heap     ] GC(3123) Eden regions: 673->0(67)
[2024-08-15T16:06:09.943+0000][13065.888s][info][gc,heap     ] GC(3123) Survivor regions: 8->9(86)
[2024-08-15T16:06:09.943+0000][13065.888s][info][gc,heap     ] GC(3123) Old regions: 530->530
[2024-08-15T16:06:09.943+0000][13065.888s][info][gc,heap     ] GC(3123) Archive regions: 2->2
[2024-08-15T16:06:09.943+0000][13065.888s][info][gc,heap     ] GC(3123) Humongous regions: 5->5
[2024-08-15T16:06:09.943+0000][13065.888s][info][gc,metaspace] GC(3123) Metaspace: 442449K(448832K)->442449K(448832K) NonClass: 387561K(391104K)->387561K(391104K) Class: 54887K(57728K)->54887K(57728K)
[2024-08-15T16:06:09.943+0000][13065.888s][info][gc          ] GC(3123) Pause Young (Prepare Mixed) (G1 Evacuation Pause) 9722M->4350M(12288M) 22.938ms
[2024-08-15T16:06:09.943+0000][13065.888s][info][gc,cpu      ] GC(3123) User=0.13s Sys=0.00s Real=0.03s
[2024-08-15T16:06:10.383+0000][13066.327s][info][gc,start    ] GC(3124) Pause Young (Mixed) (G1 Evacuation Pause)
[2024-08-15T16:06:10.383+0000][13066.327s][info][gc,task     ] GC(3124) Using 6 workers of 6 for evacuation
[2024-08-15T16:06:10.438+0000][13066.383s][info][gc,phases   ] GC(3124)   Pre Evacuate Collection Set: 0.2ms
[2024-08-15T16:06:10.438+0000][13066.383s][info][gc,phases   ] GC(3124)   Merge Heap Roots: 0.4ms
[2024-08-15T16:06:10.438+0000][13066.383s][info][gc,phases   ] GC(3124)   Evacuate Collection Set: 53.8ms
[2024-08-15T16:06:10.439+0000][13066.383s][info][gc,phases   ] GC(3124)   Post Evacuate Collection Set: 1.3ms
[2024-08-15T16:06:10.439+0000][13066.383s][info][gc,phases   ] GC(3124)   Other: 0.2ms
[2024-08-15T16:06:10.439+0000][13066.383s][info][gc,heap     ] GC(3124) Eden regions: 67->0(682)
[2024-08-15T16:06:10.439+0000][13066.383s][info][gc,heap     ] GC(3124) Survivor regions: 9->6(10)
[2024-08-15T16:06:10.439+0000][13066.383s][info][gc,heap     ] GC(3124) Old regions: 530->523
[2024-08-15T16:06:10.439+0000][13066.383s][info][gc,heap     ] GC(3124) Archive regions: 2->2
[2024-08-15T16:06:10.439+0000][13066.383s][info][gc,heap     ] GC(3124) Humongous regions: 5->5
[2024-08-15T16:06:10.439+0000][13066.383s][info][gc,metaspace] GC(3124) Metaspace: 442449K(448832K)->442449K(448832K) NonClass: 387561K(391104K)->387561K(391104K) Class: 54887K(57728K)->54887K(57728K)
[2024-08-15T16:06:10.439+0000][13066.383s][info][gc          ] GC(3124) Pause Young (Mixed) (G1 Evacuation Pause) 4886M->4270M(12288M) 55.993ms
[2024-08-15T16:06:10.439+0000][13066.383s][info][gc,cpu      ] GC(3124) User=0.32s Sys=0.01s Real=0.06s
[2024-08-15T16:06:15.140+0000][13071.085s][info][gc,start    ] GC(3125) Pause Young (Normal) (G1 Evacuation Pause)
[2024-08-15T16:06:15.140+0000][13071.085s][info][gc,task     ] GC(3125) Using 6 workers of 6 for evacuation
[2024-08-15T16:06:15.154+0000][13071.099s][info][gc,phases   ] GC(3125)   Pre Evacuate Collection Set: 0.2ms
[2024-08-15T16:06:15.154+0000][13071.099s][info][gc,phases   ] GC(3125)   Merge Heap Roots: 0.2ms
[2024-08-15T16:06:15.154+0000][13071.099s][info][gc,phases   ] GC(3125)   Evacuate Collection Set: 11.7ms
[2024-08-15T16:06:15.154+0000][13071.099s][info][gc,phases   ] GC(3125)   Post Evacuate Collection Set: 1.7ms
[2024-08-15T16:06:15.154+0000][13071.099s][info][gc,phases   ] GC(3125)   Other: 0.2ms
[2024-08-15T16:06:15.154+0000][13071.099s][info][gc,heap     ] GC(3125) Eden regions: 682->0(680)
[2024-08-15T16:06:15.154+0000][13071.099s][info][gc,heap     ] GC(3125) Survivor regions: 6->8(86)
[2024-08-15T16:06:15.154+0000][13071.099s][info][gc,heap     ] GC(3125) Old regions: 523->523
[2024-08-15T16:06:15.154+0000][13071.099s][info][gc,heap     ] GC(3125) Archive regions: 2->2
[2024-08-15T16:06:15.154+0000][13071.099s][info][gc,heap     ] GC(3125) Humongous regions: 5->5
[2024-08-15T16:06:15.154+0000][13071.099s][info][gc,metaspace] GC(3125) Metaspace: 442449K(448832K)->442449K(448832K) NonClass: 387561K(391104K)->387561K(391104K) Class: 54887K(57728K)->54887K(57728K)
[2024-08-15T16:06:15.154+0000][13071.099s][info][gc          ] GC(3125) Pause Young (Normal) (G1 Evacuation Pause) 9726M->4288M(12288M) 14.037ms
[2024-08-15T16:06:15.154+0000][13071.099s][info][gc,cpu      ] GC(3125) User=0.08s Sys=0.00s Real=0.01s
[2024-08-15T16:06:19.594+0000][13075.539s][info][gc,start    ] GC(3126) Pause Young (Normal) (G1 Evacuation Pause)
[2024-08-15T16:06:19.594+0000][13075.539s][info][gc,task     ] GC(3126) Using 6 workers of 6 for evacuation
[2024-08-15T16:06:19.609+0000][13075.553s][info][gc,phases   ] GC(3126)   Pre Evacuate Collection Set: 0.2ms
[2024-08-15T16:06:19.609+0000][13075.553s][info][gc,phases   ] GC(3126)   Merge Heap Roots: 0.2ms
[2024-08-15T16:06:19.609+0000][13075.553s][info][gc,phases   ] GC(3126)   Evacuate Collection Set: 12.3ms
[2024-08-15T16:06:19.609+0000][13075.553s][info][gc,phases   ] GC(3126)   Post Evacuate Collection Set: 1.7ms
[2024-08-15T16:06:19.609+0000][13075.553s][info][gc,phases   ] GC(3126)   Other: 0.2ms
[2024-08-15T16:06:19.609+0000][13075.553s][info][gc,heap     ] GC(3126) Eden regions: 680->0(681)
[2024-08-15T16:06:19.609+0000][13075.553s][info][gc,heap     ] GC(3126) Survivor regions: 8->7(86)
[2024-08-15T16:06:19.609+0000][13075.553s][info][gc,heap     ] GC(3126) Old regions: 523->523
[2024-08-15T16:06:19.609+0000][13075.553s][info][gc,heap     ] GC(3126) Archive regions: 2->2
[2024-08-15T16:06:19.609+0000][13075.553s][info][gc,heap     ] GC(3126) Humongous regions: 5->5
[2024-08-15T16:06:19.609+0000][13075.553s][info][gc,metaspace] GC(3126) Metaspace: 442449K(448832K)->442449K(448832K) NonClass: 387561K(391104K)->387561K(391104K) Class: 54887K(57728K)->54887K(57728K)
[2024-08-15T16:06:19.609+0000][13075.553s][info][gc          ] GC(3126) Pause Young (Normal) (G1 Evacuation Pause) 9728M->4281M(12288M) 14.638ms
[2024-08-15T16:06:19.609+0000][13075.553s][info][gc,cpu      ] GC(3126) User=0.09s Sys=0.00s Real=0.02s
[2024-08-15T16:06:24.313+0000][13080.257s][info][gc,start    ] GC(3127) Pause Young (Concurrent Start) (G1 Evacuation Pause)
[2024-08-15T16:06:24.313+0000][13080.257s][info][gc,task     ] GC(3127) Using 6 workers of 6 for evacuation
[2024-08-15T16:06:24.331+0000][13080.276s][info][gc,phases   ] GC(3127)   Pre Evacuate Collection Set: 0.5ms
[2024-08-15T16:06:24.331+0000][13080.276s][info][gc,phases   ] GC(3127)   Merge Heap Roots: 0.2ms
[2024-08-15T16:06:24.331+0000][13080.276s][info][gc,phases   ] GC(3127)   Evacuate Collection Set: 15.5ms
[2024-08-15T16:06:24.331+0000][13080.276s][info][gc,phases   ] GC(3127)   Post Evacuate Collection Set: 1.7ms
[2024-08-15T16:06:24.331+0000][13080.276s][info][gc,phases   ] GC(3127)   Other: 0.3ms
[2024-08-15T16:06:24.331+0000][13080.276s][info][gc,heap     ] GC(3127) Eden regions: 681->0(678)
[2024-08-15T16:06:24.331+0000][13080.276s][info][gc,heap     ] GC(3127) Survivor regions: 7->9(86)
[2024-08-15T16:06:24.331+0000][13080.276s][info][gc,heap     ] GC(3127) Old regions: 523->523
[2024-08-15T16:06:24.331+0000][13080.276s][info][gc,heap     ] GC(3127) Archive regions: 2->2
[2024-08-15T16:06:24.331+0000][13080.276s][info][gc,heap     ] GC(3127) Humongous regions: 5->5
[2024-08-15T16:06:24.331+0000][13080.276s][info][gc,metaspace] GC(3127) Metaspace: 442449K(448832K)->442449K(448832K) NonClass: 387561K(391104K)->387561K(391104K) Class: 54887K(57728K)->54887K(57728K)
[2024-08-15T16:06:24.331+0000][13080.276s][info][gc          ] GC(3127) Pause Young (Concurrent Start) (G1 Evacuation Pause) 9729M->4295M(12288M) 18.257ms
[2024-08-15T16:06:24.331+0000][13080.276s][info][gc,cpu      ] GC(3127) User=0.11s Sys=0.00s Real=0.02s
[2024-08-15T16:06:24.331+0000][13080.276s][info][gc          ] GC(3128) Concurrent Mark Cycle
[2024-08-15T16:06:24.331+0000][13080.276s][info][gc,marking  ] GC(3128) Concurrent Clear Claimed Marks
[2024-08-15T16:06:24.332+0000][13080.276s][info][gc,marking  ] GC(3128) Concurrent Clear Claimed Marks 0.372ms
[2024-08-15T16:06:24.332+0000][13080.276s][info][gc,marking  ] GC(3128) Concurrent Scan Root Regions
[2024-08-15T16:06:24.345+0000][13080.290s][info][gc,marking  ] GC(3128) Concurrent Scan Root Regions 13.526ms
[2024-08-15T16:06:24.345+0000][13080.290s][info][gc,marking  ] GC(3128) Concurrent Mark
[2024-08-15T16:06:24.345+0000][13080.290s][info][gc,marking  ] GC(3128) Concurrent Mark From Roots
[2024-08-15T16:06:24.345+0000][13080.290s][info][gc,task     ] GC(3128) Using 2 workers of 2 for marking
[2024-08-15T16:06:27.543+0000][13083.487s][info][gc,marking  ] GC(3128) Concurrent Mark From Roots 3197.379ms
[2024-08-15T16:06:27.543+0000][13083.487s][info][gc,marking  ] GC(3128) Concurrent Preclean
[2024-08-15T16:06:27.544+0000][13083.489s][info][gc,marking  ] GC(3128) Concurrent Preclean 1.817ms
[2024-08-15T16:06:27.545+0000][13083.489s][info][gc,start    ] GC(3128) Pause Remark
[2024-08-15T16:06:27.568+0000][13083.513s][info][gc          ] GC(3128) Pause Remark 7495M->7495M(12288M) 23.485ms
[2024-08-15T16:06:27.568+0000][13083.513s][info][gc,cpu      ] GC(3128) User=0.10s Sys=0.00s Real=0.02s
[2024-08-15T16:06:27.568+0000][13083.513s][info][gc,marking  ] GC(3128) Concurrent Mark 3223.042ms
[2024-08-15T16:06:27.568+0000][13083.513s][info][gc,marking  ] GC(3128) Concurrent Rebuild Remembered Sets
[2024-08-15T16:06:29.540+0000][13085.485s][info][gc,marking  ] GC(3128) Concurrent Rebuild Remembered Sets 1972.202ms
[2024-08-15T16:06:29.541+0000][13085.485s][info][gc,start    ] GC(3128) Pause Cleanup
[2024-08-15T16:06:29.541+0000][13085.486s][info][gc          ] GC(3128) Pause Cleanup 9599M->9599M(12288M) 0.617ms
[2024-08-15T16:06:29.541+0000][13085.486s][info][gc,cpu      ] GC(3128) User=0.00s Sys=0.00s Real=0.00s
[2024-08-15T16:06:29.541+0000][13085.486s][info][gc,marking  ] GC(3128) Concurrent Cleanup for Next Mark
[2024-08-15T16:06:29.570+0000][13085.514s][info][gc,marking  ] GC(3128) Concurrent Cleanup for Next Mark 28.120ms
[2024-08-15T16:06:29.570+0000][13085.514s][info][gc          ] GC(3128) Concurrent Mark Cycle 5238.387ms
[2024-08-15T16:06:29.648+0000][13085.592s][info][gc,start    ] GC(3129) Pause Young (Prepare Mixed) (G1 Evacuation Pause)
[2024-08-15T16:06:29.648+0000][13085.592s][info][gc,task     ] GC(3129) Using 6 workers of 6 for evacuation
[2024-08-15T16:06:29.672+0000][13085.616s][info][gc,phases   ] GC(3129)   Pre Evacuate Collection Set: 0.2ms
[2024-08-15T16:06:29.672+0000][13085.616s][info][gc,phases   ] GC(3129)   Merge Heap Roots: 0.3ms
[2024-08-15T16:06:29.672+0000][13085.616s][info][gc,phases   ] GC(3129)   Evacuate Collection Set: 21.2ms
[2024-08-15T16:06:29.672+0000][13085.616s][info][gc,phases   ] GC(3129)   Post Evacuate Collection Set: 1.8ms
[2024-08-15T16:06:29.672+0000][13085.616s][info][gc,phases   ] GC(3129)   Other: 0.2ms
[2024-08-15T16:06:29.672+0000][13085.616s][info][gc,heap     ] GC(3129) Eden regions: 678->0(65)
[2024-08-15T16:06:29.672+0000][13085.616s][info][gc,heap     ] GC(3129) Survivor regions: 9->11(86)
[2024-08-15T16:06:29.672+0000][13085.616s][info][gc,heap     ] GC(3129) Old regions: 523->523
[2024-08-15T16:06:29.672+0000][13085.616s][info][gc,heap     ] GC(3129) Archive regions: 2->2
[2024-08-15T16:06:29.672+0000][13085.616s][info][gc,heap     ] GC(3129) Humongous regions: 5->5
[2024-08-15T16:06:29.672+0000][13085.616s][info][gc,metaspace] GC(3129) Metaspace: 442449K(448832K)->442449K(448832K) NonClass: 387561K(391104K)->387561K(391104K) Class: 54887K(57728K)->54887K(57728K)
[2024-08-15T16:06:29.672+0000][13085.616s][info][gc          ] GC(3129) Pause Young (Prepare Mixed) (G1 Evacuation Pause) 9719M->4312M(12288M) 23.827ms
[2024-08-15T16:06:29.672+0000][13085.616s][info][gc,cpu      ] GC(3129) User=0.13s Sys=0.00s Real=0.02s
[2024-08-15T16:06:30.092+0000][13086.037s][info][gc,start    ] GC(3130) Pause Young (Mixed) (G1 Evacuation Pause)
[2024-08-15T16:06:30.092+0000][13086.037s][info][gc,task     ] GC(3130) Using 6 workers of 6 for evacuation
[2024-08-15T16:06:30.146+0000][13086.091s][info][gc,phases   ] GC(3130)   Pre Evacuate Collection Set: 0.2ms
[2024-08-15T16:06:30.146+0000][13086.091s][info][gc,phases   ] GC(3130)   Merge Heap Roots: 0.4ms
[2024-08-15T16:06:30.146+0000][13086.091s][info][gc,phases   ] GC(3130)   Evacuate Collection Set: 52.0ms
[2024-08-15T16:06:30.146+0000][13086.091s][info][gc,phases   ] GC(3130)   Post Evacuate Collection Set: 1.3ms
[2024-08-15T16:06:30.146+0000][13086.091s][info][gc,phases   ] GC(3130)   Other: 0.2ms
[2024-08-15T16:06:30.146+0000][13086.091s][info][gc,heap     ] GC(3130) Eden regions: 65->0(684)
[2024-08-15T16:06:30.146+0000][13086.091s][info][gc,heap     ] GC(3130) Survivor regions: 11->5(10)
[2024-08-15T16:06:30.146+0000][13086.091s][info][gc,heap     ] GC(3130) Old regions: 523->521
[2024-08-15T16:06:30.146+0000][13086.091s][info][gc,heap     ] GC(3130) Archive regions: 2->2
[2024-08-15T16:06:30.146+0000][13086.091s][info][gc,heap     ] GC(3130) Humongous regions: 5->5
[2024-08-15T16:06:30.146+0000][13086.091s][info][gc,metaspace] GC(3130) Metaspace: 442449K(448832K)->442449K(448832K) NonClass: 387561K(391104K)->387561K(391104K) Class: 54887K(57728K)->54887K(57728K)
[2024-08-15T16:06:30.146+0000][13086.091s][info][gc          ] GC(3130) Pause Young (Mixed) (G1 Evacuation Pause) 4832M->4248M(12288M) 54.171ms
[2024-08-15T16:06:30.147+0000][13086.091s][info][gc,cpu      ] GC(3130) User=0.32s Sys=0.00s Real=0.06s
[2024-08-15T16:06:34.711+0000][13090.656s][info][gc,start    ] GC(3131) Pause Young (Normal) (G1 Evacuation Pause)
[2024-08-15T16:06:34.711+0000][13090.656s][info][gc,task     ] GC(3131) Using 6 workers of 6 for evacuation
[2024-08-15T16:06:34.724+0000][13090.668s][info][gc,phases   ] GC(3131)   Pre Evacuate Collection Set: 0.2ms
[2024-08-15T16:06:34.724+0000][13090.668s][info][gc,phases   ] GC(3131)   Merge Heap Roots: 0.2ms
[2024-08-15T16:06:34.724+0000][13090.668s][info][gc,phases   ] GC(3131)   Evacuate Collection Set: 10.2ms
[2024-08-15T16:06:34.724+0000][13090.668s][info][gc,phases   ] GC(3131)   Post Evacuate Collection Set: 1.7ms
[2024-08-15T16:06:34.724+0000][13090.668s][info][gc,phases   ] GC(3131)   Other: 0.2ms
[2024-08-15T16:06:34.724+0000][13090.668s][info][gc,heap     ] GC(3131) Eden regions: 684->0(683)
[2024-08-15T16:06:34.724+0000][13090.668s][info][gc,heap     ] GC(3131) Survivor regions: 5->6(87)
[2024-08-15T16:06:34.724+0000][13090.668s][info][gc,heap     ] GC(3131) Old regions: 521->521
[2024-08-15T16:06:34.724+0000][13090.668s][info][gc,heap     ] GC(3131) Archive regions: 2->2
[2024-08-15T16:06:34.724+0000][13090.668s][info][gc,heap     ] GC(3131) Humongous regions: 5->5
[2024-08-15T16:06:34.724+0000][13090.668s][info][gc,metaspace] GC(3131) Metaspace: 442449K(448832K)->442449K(448832K) NonClass: 387561K(391104K)->387561K(391104K) Class: 54887K(57728K)->54887K(57728K)
[2024-08-15T16:06:34.724+0000][13090.668s][info][gc          ] GC(3131) Pause Young (Normal) (G1 Evacuation Pause) 9720M->4254M(12288M) 12.555ms
[2024-08-15T16:06:34.724+0000][13090.668s][info][gc,cpu      ] GC(3131) User=0.07s Sys=0.00s Real=0.02s
[2024-08-15T16:06:39.343+0000][13095.287s][info][gc,start    ] GC(3132) Pause Young (Normal) (G1 Evacuation Pause)
[2024-08-15T16:06:39.343+0000][13095.287s][info][gc,task     ] GC(3132) Using 6 workers of 6 for evacuation
[2024-08-15T16:06:39.358+0000][13095.303s][info][gc,phases   ] GC(3132)   Pre Evacuate Collection Set: 0.2ms
[2024-08-15T16:06:39.358+0000][13095.303s][info][gc,phases   ] GC(3132)   Merge Heap Roots: 0.2ms
[2024-08-15T16:06:39.358+0000][13095.303s][info][gc,phases   ] GC(3132)   Evacuate Collection Set: 13.0ms
[2024-08-15T16:06:39.358+0000][13095.303s][info][gc,phases   ] GC(3132)   Post Evacuate Collection Set: 1.8ms
[2024-08-15T16:06:39.358+0000][13095.303s][info][gc,phases   ] GC(3132)   Other: 0.2ms
[2024-08-15T16:06:39.358+0000][13095.303s][info][gc,heap     ] GC(3132) Eden regions: 683->0(680)
[2024-08-15T16:06:39.358+0000][13095.303s][info][gc,heap     ] GC(3132) Survivor regions: 6->8(87)
[2024-08-15T16:06:39.358+0000][13095.303s][info][gc,heap     ] GC(3132) Old regions: 521->521
[2024-08-15T16:06:39.358+0000][13095.303s][info][gc,heap     ] GC(3132) Archive regions: 2->2
[2024-08-15T16:06:39.358+0000][13095.303s][info][gc,heap     ] GC(3132) Humongous regions: 5->5
[2024-08-15T16:06:39.358+0000][13095.303s][info][gc,metaspace] GC(3132) Metaspace: 442450K(448832K)->442450K(448832K) NonClass: 387562K(391104K)->387562K(391104K) Class: 54887K(57728K)->54887K(57728K)
[2024-08-15T16:06:39.358+0000][13095.303s][info][gc          ] GC(3132) Pause Young (Normal) (G1 Evacuation Pause) 9718M->4268M(12288M) 15.500ms
[2024-08-15T16:06:39.358+0000][13095.303s][info][gc,cpu      ] GC(3132) User=0.08s Sys=0.01s Real=0.02s
[2024-08-15T16:06:43.968+0000][13099.913s][info][gc,start    ] GC(3133) Pause Young (Concurrent Start) (G1 Evacuation Pause)
[2024-08-15T16:06:43.968+0000][13099.913s][info][gc,task     ] GC(3133) Using 6 workers of 6 for evacuation
[2024-08-15T16:06:43.987+0000][13099.931s][info][gc,phases   ] GC(3133)   Pre Evacuate Collection Set: 0.6ms
[2024-08-15T16:06:43.987+0000][13099.931s][info][gc,phases   ] GC(3133)   Merge Heap Roots: 0.2ms
[2024-08-15T16:06:43.987+0000][13099.931s][info][gc,phases   ] GC(3133)   Evacuate Collection Set: 15.7ms
[2024-08-15T16:06:43.987+0000][13099.931s][info][gc,phases   ] GC(3133)   Post Evacuate Collection Set: 1.7ms
[2024-08-15T16:06:43.987+0000][13099.931s][info][gc,phases   ] GC(3133)   Other: 0.3ms
[2024-08-15T16:06:43.987+0000][13099.931s][info][gc,heap     ] GC(3133) Eden regions: 680->0(682)
[2024-08-15T16:06:43.987+0000][13099.931s][info][gc,heap     ] GC(3133) Survivor regions: 8->7(86)
[2024-08-15T16:06:43.987+0000][13099.931s][info][gc,heap     ] GC(3133) Old regions: 521->521
[2024-08-15T16:06:43.987+0000][13099.931s][info][gc,heap     ] GC(3133) Archive regions: 2->2
[2024-08-15T16:06:43.987+0000][13099.931s][info][gc,heap     ] GC(3133) Humongous regions: 5->5
[2024-08-15T16:06:43.987+0000][13099.931s][info][gc,metaspace] GC(3133) Metaspace: 442450K(448832K)->442450K(448832K) NonClass: 387562K(391104K)->387562K(391104K) Class: 54887K(57728K)->54887K(57728K)
[2024-08-15T16:06:43.987+0000][13099.931s][info][gc          ] GC(3133) Pause Young (Concurrent Start) (G1 Evacuation Pause) 9708M->4266M(12288M) 18.518ms
[2024-08-15T16:06:43.987+0000][13099.932s][info][gc,cpu      ] GC(3133) User=0.10s Sys=0.00s Real=0.02s
[2024-08-15T16:06:43.987+0000][13099.932s][info][gc          ] GC(3134) Concurrent Mark Cycle
[2024-08-15T16:06:43.987+0000][13099.932s][info][gc,marking  ] GC(3134) Concurrent Clear Claimed Marks
[2024-08-15T16:06:43.987+0000][13099.932s][info][gc,marking  ] GC(3134) Concurrent Clear Claimed Marks 0.384ms
[2024-08-15T16:06:43.987+0000][13099.932s][info][gc,marking  ] GC(3134) Concurrent Scan Root Regions
[2024-08-15T16:06:43.999+0000][13099.944s][info][gc,marking  ] GC(3134) Concurrent Scan Root Regions 11.850ms
[2024-08-15T16:06:43.999+0000][13099.944s][info][gc,marking  ] GC(3134) Concurrent Mark
[2024-08-15T16:06:43.999+0000][13099.944s][info][gc,marking  ] GC(3134) Concurrent Mark From Roots
[2024-08-15T16:06:43.999+0000][13099.944s][info][gc,task     ] GC(3134) Using 2 workers of 2 for marking
[2024-08-15T16:06:47.174+0000][13103.118s][info][gc,marking  ] GC(3134) Concurrent Mark From Roots 3174.513ms
[2024-08-15T16:06:47.174+0000][13103.118s][info][gc,marking  ] GC(3134) Concurrent Preclean
[2024-08-15T16:06:47.176+0000][13103.120s][info][gc,marking  ] GC(3134) Concurrent Preclean 1.724ms
[2024-08-15T16:06:47.176+0000][13103.120s][info][gc,start    ] GC(3134) Pause Remark
[2024-08-15T16:06:47.199+0000][13103.144s][info][gc          ] GC(3134) Pause Remark 7198M->7198M(12288M) 23.550ms
[2024-08-15T16:06:47.199+0000][13103.144s][info][gc,cpu      ] GC(3134) User=0.11s Sys=0.00s Real=0.02s
[2024-08-15T16:06:47.199+0000][13103.144s][info][gc,marking  ] GC(3134) Concurrent Mark 3200.188ms
[2024-08-15T16:06:47.199+0000][13103.144s][info][gc,marking  ] GC(3134) Concurrent Rebuild Remembered Sets
[2024-08-15T16:06:49.157+0000][13105.102s][info][gc,marking  ] GC(3134) Concurrent Rebuild Remembered Sets 1957.522ms
[2024-08-15T16:06:49.157+0000][13105.102s][info][gc,start    ] GC(3134) Pause Cleanup
[2024-08-15T16:06:49.158+0000][13105.102s][info][gc          ] GC(3134) Pause Cleanup 9330M->9330M(12288M) 0.560ms
[2024-08-15T16:06:49.158+0000][13105.102s][info][gc,cpu      ] GC(3134) User=0.01s Sys=0.00s Real=0.00s
[2024-08-15T16:06:49.158+0000][13105.103s][info][gc,marking  ] GC(3134) Concurrent Cleanup for Next Mark
[2024-08-15T16:06:49.175+0000][13105.120s][info][gc,marking  ] GC(3134) Concurrent Cleanup for Next Mark 17.371ms
[2024-08-15T16:06:49.175+0000][13105.120s][info][gc          ] GC(3134) Concurrent Mark Cycle 5188.385ms
[2024-08-15T16:06:49.509+0000][13105.453s][info][gc,start    ] GC(3135) Pause Young (Prepare Mixed) (G1 Evacuation Pause)
[2024-08-15T16:06:49.509+0000][13105.453s][info][gc,task     ] GC(3135) Using 6 workers of 6 for evacuation
[2024-08-15T16:06:49.532+0000][13105.477s][info][gc,phases   ] GC(3135)   Pre Evacuate Collection Set: 0.2ms
[2024-08-15T16:06:49.532+0000][13105.477s][info][gc,phases   ] GC(3135)   Merge Heap Roots: 0.4ms
[2024-08-15T16:06:49.532+0000][13105.477s][info][gc,phases   ] GC(3135)   Evacuate Collection Set: 21.1ms
[2024-08-15T16:06:49.532+0000][13105.477s][info][gc,phases   ] GC(3135)   Post Evacuate Collection Set: 1.9ms
[2024-08-15T16:06:49.532+0000][13105.477s][info][gc,phases   ] GC(3135)   Other: 0.2ms
[2024-08-15T16:06:49.532+0000][13105.477s][info][gc,heap     ] GC(3135) Eden regions: 682->0(66)
[2024-08-15T16:06:49.532+0000][13105.477s][info][gc,heap     ] GC(3135) Survivor regions: 7->10(87)
[2024-08-15T16:06:49.532+0000][13105.477s][info][gc,heap     ] GC(3135) Old regions: 521->521
[2024-08-15T16:06:49.532+0000][13105.477s][info][gc,heap     ] GC(3135) Archive regions: 2->2
[2024-08-15T16:06:49.532+0000][13105.477s][info][gc,heap     ] GC(3135) Humongous regions: 5->5
[2024-08-15T16:06:49.532+0000][13105.477s][info][gc,metaspace] GC(3135) Metaspace: 442450K(448832K)->442450K(448832K) NonClass: 387562K(391104K)->387562K(391104K) Class: 54887K(57728K)->54887K(57728K)
[2024-08-15T16:06:49.532+0000][13105.477s][info][gc          ] GC(3135) Pause Young (Prepare Mixed) (G1 Evacuation Pause) 9722M->4285M(12288M) 23.752ms
[2024-08-15T16:06:49.533+0000][13105.477s][info][gc,cpu      ] GC(3135) User=0.14s Sys=0.00s Real=0.02s
[2024-08-15T16:06:49.976+0000][13105.921s][info][gc,start    ] GC(3136) Pause Young (Mixed) (G1 Evacuation Pause)
[2024-08-15T16:06:49.976+0000][13105.921s][info][gc,task     ] GC(3136) Using 6 workers of 6 for evacuation
[2024-08-15T16:06:50.038+0000][13105.983s][info][gc,phases   ] GC(3136)   Pre Evacuate Collection Set: 0.2ms
[2024-08-15T16:06:50.038+0000][13105.983s][info][gc,phases   ] GC(3136)   Merge Heap Roots: 0.5ms
[2024-08-15T16:06:50.038+0000][13105.983s][info][gc,phases   ] GC(3136)   Evacuate Collection Set: 59.6ms
[2024-08-15T16:06:50.038+0000][13105.983s][info][gc,phases   ] GC(3136)   Post Evacuate Collection Set: 1.4ms
[2024-08-15T16:06:50.038+0000][13105.983s][info][gc,phases   ] GC(3136)   Other: 0.2ms
[2024-08-15T16:06:50.038+0000][13105.983s][info][gc,heap     ] GC(3136) Eden regions: 66->0(685)
[2024-08-15T16:06:50.038+0000][13105.983s][info][gc,heap     ] GC(3136) Survivor regions: 10->5(10)
[2024-08-15T16:06:50.038+0000][13105.983s][info][gc,heap     ] GC(3136) Old regions: 521->520
[2024-08-15T16:06:50.038+0000][13105.983s][info][gc,heap     ] GC(3136) Archive regions: 2->2
[2024-08-15T16:06:50.038+0000][13105.983s][info][gc,heap     ] GC(3136) Humongous regions: 5->5
[2024-08-15T16:06:50.038+0000][13105.983s][info][gc,metaspace] GC(3136) Metaspace: 442450K(448832K)->442450K(448832K) NonClass: 387562K(391104K)->387562K(391104K) Class: 54887K(57728K)->54887K(57728K)
[2024-08-15T16:06:50.038+0000][13105.983s][info][gc          ] GC(3136) Pause Young (Mixed) (G1 Evacuation Pause) 4813M->4233M(12288M) 61.918ms
[2024-08-15T16:06:50.038+0000][13105.983s][info][gc,cpu      ] GC(3136) User=0.36s Sys=0.00s Real=0.06s
[2024-08-15T16:06:54.076+0000][13110.020s][info][gc,start    ] GC(3137) Pause Young (Normal) (G1 Evacuation Pause)
[2024-08-15T16:06:54.076+0000][13110.020s][info][gc,task     ] GC(3137) Using 6 workers of 6 for evacuation
[2024-08-15T16:06:54.086+0000][13110.031s][info][gc,phases   ] GC(3137)   Pre Evacuate Collection Set: 0.2ms
[2024-08-15T16:06:54.086+0000][13110.031s][info][gc,phases   ] GC(3137)   Merge Heap Roots: 0.2ms
[2024-08-15T16:06:54.086+0000][13110.031s][info][gc,phases   ] GC(3137)   Evacuate Collection Set: 8.7ms
[2024-08-15T16:06:54.086+0000][13110.031s][info][gc,phases   ] GC(3137)   Post Evacuate Collection Set: 1.6ms
[2024-08-15T16:06:54.086+0000][13110.031s][info][gc,phases   ] GC(3137)   Other: 0.2ms
[2024-08-15T16:06:54.086+0000][13110.031s][info][gc,heap     ] GC(3137) Eden regions: 685->0(685)
[2024-08-15T16:06:54.086+0000][13110.031s][info][gc,heap     ] GC(3137) Survivor regions: 5->5(87)
[2024-08-15T16:06:54.086+0000][13110.031s][info][gc,heap     ] GC(3137) Old regions: 520->520
[2024-08-15T16:06:54.086+0000][13110.031s][info][gc,heap     ] GC(3137) Archive regions: 2->2
[2024-08-15T16:06:54.086+0000][13110.031s][info][gc,heap     ] GC(3137) Humongous regions: 5->5
[2024-08-15T16:06:54.086+0000][13110.031s][info][gc,metaspace] GC(3137) Metaspace: 442450K(448832K)->442450K(448832K) NonClass: 387562K(391104K)->387562K(391104K) Class: 54887K(57728K)->54887K(57728K)
[2024-08-15T16:06:54.086+0000][13110.031s][info][gc          ] GC(3137) Pause Young (Normal) (G1 Evacuation Pause) 9713M->4232M(12288M) 10.927ms
[2024-08-15T16:06:54.087+0000][13110.031s][info][gc,cpu      ] GC(3137) User=0.06s Sys=0.00s Real=0.01s
[2024-08-15T16:06:58.745+0000][13114.689s][info][gc,start    ] GC(3138) Pause Young (Normal) (G1 Evacuation Pause)
[2024-08-15T16:06:58.745+0000][13114.689s][info][gc,task     ] GC(3138) Using 6 workers of 6 for evacuation
[2024-08-15T16:06:58.758+0000][13114.703s][info][gc,phases   ] GC(3138)   Pre Evacuate Collection Set: 0.2ms
[2024-08-15T16:06:58.758+0000][13114.703s][info][gc,phases   ] GC(3138)   Merge Heap Roots: 0.2ms
[2024-08-15T16:06:58.758+0000][13114.703s][info][gc,phases   ] GC(3138)   Evacuate Collection Set: 11.2ms
[2024-08-15T16:06:58.758+0000][13114.703s][info][gc,phases   ] GC(3138)   Post Evacuate Collection Set: 1.7ms
[2024-08-15T16:06:58.758+0000][13114.703s][info][gc,phases   ] GC(3138)   Other: 0.2ms
[2024-08-15T16:06:58.758+0000][13114.703s][info][gc,heap     ] GC(3138) Eden regions: 685->0(684)
[2024-08-15T16:06:58.758+0000][13114.703s][info][gc,heap     ] GC(3138) Survivor regions: 5->6(87)
[2024-08-15T16:06:58.758+0000][13114.703s][info][gc,heap     ] GC(3138) Old regions: 520->520
[2024-08-15T16:06:58.758+0000][13114.703s][info][gc,heap     ] GC(3138) Archive regions: 2->2
[2024-08-15T16:06:58.758+0000][13114.703s][info][gc,heap     ] GC(3138) Humongous regions: 5->5
[2024-08-15T16:06:58.758+0000][13114.703s][info][gc,metaspace] GC(3138) Metaspace: 442450K(448832K)->442450K(448832K) NonClass: 387562K(391104K)->387562K(391104K) Class: 54887K(57728K)->54887K(57728K)
[2024-08-15T16:06:58.758+0000][13114.703s][info][gc          ] GC(3138) Pause Young (Normal) (G1 Evacuation Pause) 9712M->4246M(12288M) 13.508ms
[2024-08-15T16:06:58.758+0000][13114.703s][info][gc,cpu      ] GC(3138) User=0.08s Sys=0.00s Real=0.01s
[2024-08-15T16:07:03.035+0000][13118.979s][info][gc,start    ] GC(3139) Pause Young (Concurrent Start) (G1 Evacuation Pause)
[2024-08-15T16:07:03.035+0000][13118.979s][info][gc,task     ] GC(3139) Using 6 workers of 6 for evacuation
[2024-08-15T16:07:03.051+0000][13118.996s][info][gc,phases   ] GC(3139)   Pre Evacuate Collection Set: 0.6ms
[2024-08-15T16:07:03.051+0000][13118.996s][info][gc,phases   ] GC(3139)   Merge Heap Roots: 0.2ms
[2024-08-15T16:07:03.051+0000][13118.996s][info][gc,phases   ] GC(3139)   Evacuate Collection Set: 13.7ms
[2024-08-15T16:07:03.051+0000][13118.996s][info][gc,phases   ] GC(3139)   Post Evacuate Collection Set: 1.6ms
[2024-08-15T16:07:03.051+0000][13118.996s][info][gc,phases   ] GC(3139)   Other: 0.3ms
[2024-08-15T16:07:03.051+0000][13118.996s][info][gc,heap     ] GC(3139) Eden regions: 684->0(682)
[2024-08-15T16:07:03.051+0000][13118.996s][info][gc,heap     ] GC(3139) Survivor regions: 6->8(87)
[2024-08-15T16:07:03.051+0000][13118.996s][info][gc,heap     ] GC(3139) Old regions: 520->520
[2024-08-15T16:07:03.051+0000][13118.996s][info][gc,heap     ] GC(3139) Archive regions: 2->2
[2024-08-15T16:07:03.051+0000][13118.996s][info][gc,heap     ] GC(3139) Humongous regions: 5->5
[2024-08-15T16:07:03.051+0000][13118.996s][info][gc,metaspace] GC(3139) Metaspace: 442450K(448832K)->442450K(448832K) NonClass: 387562K(391104K)->387562K(391104K) Class: 54887K(57728K)->54887K(57728K)
[2024-08-15T16:07:03.051+0000][13118.996s][info][gc          ] GC(3139) Pause Young (Concurrent Start) (G1 Evacuation Pause) 9718M->4258M(12288M) 16.475ms
[2024-08-15T16:07:03.051+0000][13118.996s][info][gc,cpu      ] GC(3139) User=0.09s Sys=0.00s Real=0.02s
[2024-08-15T16:07:03.051+0000][13118.996s][info][gc          ] GC(3140) Concurrent Mark Cycle
[2024-08-15T16:07:03.051+0000][13118.996s][info][gc,marking  ] GC(3140) Concurrent Clear Claimed Marks
[2024-08-15T16:07:03.052+0000][13118.996s][info][gc,marking  ] GC(3140) Concurrent Clear Claimed Marks 0.376ms
[2024-08-15T16:07:03.052+0000][13118.996s][info][gc,marking  ] GC(3140) Concurrent Scan Root Regions
[2024-08-15T16:07:03.068+0000][13119.013s][info][gc,marking  ] GC(3140) Concurrent Scan Root Regions 16.741ms
[2024-08-15T16:07:03.068+0000][13119.013s][info][gc,marking  ] GC(3140) Concurrent Mark
[2024-08-15T16:07:03.068+0000][13119.013s][info][gc,marking  ] GC(3140) Concurrent Mark From Roots
[2024-08-15T16:07:03.068+0000][13119.013s][info][gc,task     ] GC(3140) Using 2 workers of 2 for marking
[2024-08-15T16:07:06.489+0000][13122.433s][info][gc,marking  ] GC(3140) Concurrent Mark From Roots 3420.158ms
[2024-08-15T16:07:06.489+0000][13122.433s][info][gc,marking  ] GC(3140) Concurrent Preclean
[2024-08-15T16:07:06.491+0000][13122.435s][info][gc,marking  ] GC(3140) Concurrent Preclean 1.895ms
[2024-08-15T16:07:06.491+0000][13122.435s][info][gc,start    ] GC(3140) Pause Remark
[2024-08-15T16:07:06.514+0000][13122.459s][info][gc          ] GC(3140) Pause Remark 8410M->8410M(12288M) 23.412ms
[2024-08-15T16:07:06.514+0000][13122.459s][info][gc,cpu      ] GC(3140) User=0.11s Sys=0.01s Real=0.02s
[2024-08-15T16:07:06.514+0000][13122.459s][info][gc,marking  ] GC(3140) Concurrent Mark 3445.872ms
[2024-08-15T16:07:06.514+0000][13122.459s][info][gc,marking  ] GC(3140) Concurrent Rebuild Remembered Sets
[2024-08-15T16:07:07.772+0000][13123.717s][info][gc,start    ] GC(3141) Pause Young (Normal) (G1 Evacuation Pause)
[2024-08-15T16:07:07.772+0000][13123.717s][info][gc,task     ] GC(3141) Using 6 workers of 6 for evacuation
[2024-08-15T16:07:07.793+0000][13123.738s][info][gc,phases   ] GC(3141)   Pre Evacuate Collection Set: 0.2ms
[2024-08-15T16:07:07.793+0000][13123.738s][info][gc,phases   ] GC(3141)   Merge Heap Roots: 0.3ms
[2024-08-15T16:07:07.793+0000][13123.738s][info][gc,phases   ] GC(3141)   Evacuate Collection Set: 18.6ms
[2024-08-15T16:07:07.793+0000][13123.738s][info][gc,phases   ] GC(3141)   Post Evacuate Collection Set: 1.8ms
[2024-08-15T16:07:07.793+0000][13123.738s][info][gc,phases   ] GC(3141)   Other: 0.2ms
[2024-08-15T16:07:07.793+0000][13123.738s][info][gc,heap     ] GC(3141) Eden regions: 682->0(682)
[2024-08-15T16:07:07.793+0000][13123.738s][info][gc,heap     ] GC(3141) Survivor regions: 8->9(87)
[2024-08-15T16:07:07.793+0000][13123.738s][info][gc,heap     ] GC(3141) Old regions: 520->520
[2024-08-15T16:07:07.793+0000][13123.738s][info][gc,heap     ] GC(3141) Archive regions: 2->2
[2024-08-15T16:07:07.793+0000][13123.738s][info][gc,heap     ] GC(3141) Humongous regions: 5->5
[2024-08-15T16:07:07.793+0000][13123.738s][info][gc,metaspace] GC(3141) Metaspace: 442450K(448832K)->442450K(448832K) NonClass: 387562K(391104K)->387562K(391104K) Class: 54887K(57728K)->54887K(57728K)
[2024-08-15T16:07:07.793+0000][13123.738s][info][gc          ] GC(3141) Pause Young (Normal) (G1 Evacuation Pause) 9714M->4271M(12288M) 21.135ms
[2024-08-15T16:07:07.793+0000][13123.738s][info][gc,cpu      ] GC(3141) User=0.12s Sys=0.00s Real=0.02s
[2024-08-15T16:07:08.470+0000][13124.415s][info][gc,marking  ] GC(3140) Concurrent Rebuild Remembered Sets 1955.608ms
[2024-08-15T16:07:08.470+0000][13124.415s][info][gc,start    ] GC(3140) Pause Cleanup
[2024-08-15T16:07:08.471+0000][13124.415s][info][gc          ] GC(3140) Pause Cleanup 5011M->5011M(12288M) 0.581ms
[2024-08-15T16:07:08.471+0000][13124.415s][info][gc,cpu      ] GC(3140) User=0.00s Sys=0.00s Real=0.00s
[2024-08-15T16:07:08.471+0000][13124.416s][info][gc,marking  ] GC(3140) Concurrent Cleanup for Next Mark
[2024-08-15T16:07:08.489+0000][13124.433s][info][gc,marking  ] GC(3140) Concurrent Cleanup for Next Mark 17.603ms
[2024-08-15T16:07:08.489+0000][13124.433s][info][gc          ] GC(3140) Concurrent Mark Cycle 5437.345ms
[2024-08-15T16:07:12.328+0000][13128.272s][info][gc,start    ] GC(3142) Pause Young (Prepare Mixed) (G1 Evacuation Pause)
[2024-08-15T16:07:12.328+0000][13128.272s][info][gc,task     ] GC(3142) Using 6 workers of 6 for evacuation
[2024-08-15T16:07:12.348+0000][13128.293s][info][gc,phases   ] GC(3142)   Pre Evacuate Collection Set: 0.2ms
[2024-08-15T16:07:12.348+0000][13128.293s][info][gc,phases   ] GC(3142)   Merge Heap Roots: 0.3ms
[2024-08-15T16:07:12.348+0000][13128.293s][info][gc,phases   ] GC(3142)   Evacuate Collection Set: 17.9ms
[2024-08-15T16:07:12.348+0000][13128.293s][info][gc,phases   ] GC(3142)   Post Evacuate Collection Set: 1.7ms
[2024-08-15T16:07:12.348+0000][13128.293s][info][gc,phases   ] GC(3142)   Other: 0.2ms
[2024-08-15T16:07:12.348+0000][13128.293s][info][gc,heap     ] GC(3142) Eden regions: 682->0(68)
[2024-08-15T16:07:12.348+0000][13128.293s][info][gc,heap     ] GC(3142) Survivor regions: 9->8(87)
[2024-08-15T16:07:12.348+0000][13128.293s][info][gc,heap     ] GC(3142) Old regions: 520->520
[2024-08-15T16:07:12.348+0000][13128.293s][info][gc,heap     ] GC(3142) Archive regions: 2->2
[2024-08-15T16:07:12.348+0000][13128.293s][info][gc,heap     ] GC(3142) Humongous regions: 5->5
[2024-08-15T16:07:12.348+0000][13128.293s][info][gc,metaspace] GC(3142) Metaspace: 442450K(448832K)->442450K(448832K) NonClass: 387562K(391104K)->387562K(391104K) Class: 54887K(57728K)->54887K(57728K)
[2024-08-15T16:07:12.348+0000][13128.293s][info][gc          ] GC(3142) Pause Young (Prepare Mixed) (G1 Evacuation Pause) 9727M->4261M(12288M) 20.291ms
[2024-08-15T16:07:12.348+0000][13128.293s][info][gc,cpu      ] GC(3142) User=0.12s Sys=0.00s Real=0.02s
[2024-08-15T16:07:12.840+0000][13128.785s][info][gc,start    ] GC(3143) Pause Young (Mixed) (G1 Evacuation Pause)
[2024-08-15T16:07:12.840+0000][13128.785s][info][gc,task     ] GC(3143) Using 6 workers of 6 for evacuation
[2024-08-15T16:07:12.898+0000][13128.843s][info][gc,phases   ] GC(3143)   Pre Evacuate Collection Set: 0.2ms
[2024-08-15T16:07:12.898+0000][13128.843s][info][gc,phases   ] GC(3143)   Merge Heap Roots: 0.5ms
[2024-08-15T16:07:12.898+0000][13128.843s][info][gc,phases   ] GC(3143)   Evacuate Collection Set: 56.1ms
[2024-08-15T16:07:12.898+0000][13128.843s][info][gc,phases   ] GC(3143)   Post Evacuate Collection Set: 1.4ms
[2024-08-15T16:07:12.898+0000][13128.843s][info][gc,phases   ] GC(3143)   Other: 0.2ms
[2024-08-15T16:07:12.898+0000][13128.843s][info][gc,heap     ] GC(3143) Eden regions: 68->0(689)
[2024-08-15T16:07:12.898+0000][13128.843s][info][gc,heap     ] GC(3143) Survivor regions: 8->6(10)
[2024-08-15T16:07:12.898+0000][13128.843s][info][gc,heap     ] GC(3143) Old regions: 520->516
[2024-08-15T16:07:12.898+0000][13128.843s][info][gc,heap     ] GC(3143) Archive regions: 2->2
[2024-08-15T16:07:12.898+0000][13128.843s][info][gc,heap     ] GC(3143) Humongous regions: 5->5
[2024-08-15T16:07:12.898+0000][13128.843s][info][gc,metaspace] GC(3143) Metaspace: 442450K(448832K)->442450K(448832K) NonClass: 387562K(391104K)->387562K(391104K) Class: 54887K(57728K)->54887K(57728K)
[2024-08-15T16:07:12.898+0000][13128.843s][info][gc          ] GC(3143) Pause Young (Mixed) (G1 Evacuation Pause) 4805M->4208M(12288M) 58.326ms
[2024-08-15T16:07:12.898+0000][13128.843s][info][gc,cpu      ] GC(3143) User=0.35s Sys=0.00s Real=0.06s
[2024-08-15T16:07:17.775+0000][13133.720s][info][gc,start    ] GC(3144) Pause Young (Normal) (G1 Evacuation Pause)
[2024-08-15T16:07:17.775+0000][13133.720s][info][gc,task     ] GC(3144) Using 6 workers of 6 for evacuation
[2024-08-15T16:07:17.791+0000][13133.735s][info][gc,phases   ] GC(3144)   Pre Evacuate Collection Set: 0.2ms
[2024-08-15T16:07:17.791+0000][13133.735s][info][gc,phases   ] GC(3144)   Merge Heap Roots: 0.3ms
[2024-08-15T16:07:17.791+0000][13133.735s][info][gc,phases   ] GC(3144)   Evacuate Collection Set: 13.0ms
[2024-08-15T16:07:17.791+0000][13133.735s][info][gc,phases   ] GC(3144)   Post Evacuate Collection Set: 1.8ms
[2024-08-15T16:07:17.791+0000][13133.735s][info][gc,phases   ] GC(3144)   Other: 0.2ms
[2024-08-15T16:07:17.791+0000][13133.735s][info][gc,heap     ] GC(3144) Eden regions: 689->0(686)
[2024-08-15T16:07:17.791+0000][13133.735s][info][gc,heap     ] GC(3144) Survivor regions: 6->8(87)
[2024-08-15T16:07:17.791+0000][13133.735s][info][gc,heap     ] GC(3144) Old regions: 516->516
[2024-08-15T16:07:17.791+0000][13133.735s][info][gc,heap     ] GC(3144) Archive regions: 2->2
[2024-08-15T16:07:17.791+0000][13133.735s][info][gc,heap     ] GC(3144) Humongous regions: 5->5
[2024-08-15T16:07:17.791+0000][13133.735s][info][gc,metaspace] GC(3144) Metaspace: 442450K(448832K)->442450K(448832K) NonClass: 387562K(391104K)->387562K(391104K) Class: 54887K(57728K)->54887K(57728K)
[2024-08-15T16:07:17.791+0000][13133.735s][info][gc          ] GC(3144) Pause Young (Normal) (G1 Evacuation Pause) 9720M->4223M(12288M) 15.422ms
[2024-08-15T16:07:17.791+0000][13133.735s][info][gc,cpu      ] GC(3144) User=0.08s Sys=0.00s Real=0.01s
[2024-08-15T16:07:22.604+0000][13138.549s][info][gc,start    ] GC(3145) Pause Young (Normal) (G1 Evacuation Pause)
[2024-08-15T16:07:22.604+0000][13138.549s][info][gc,task     ] GC(3145) Using 6 workers of 6 for evacuation
[2024-08-15T16:07:22.622+0000][13138.566s][info][gc,phases   ] GC(3145)   Pre Evacuate Collection Set: 0.2ms
[2024-08-15T16:07:22.622+0000][13138.566s][info][gc,phases   ] GC(3145)   Merge Heap Roots: 0.2ms
[2024-08-15T16:07:22.622+0000][13138.566s][info][gc,phases   ] GC(3145)   Evacuate Collection Set: 15.2ms
[2024-08-15T16:07:22.622+0000][13138.566s][info][gc,phases   ] GC(3145)   Post Evacuate Collection Set: 1.7ms
[2024-08-15T16:07:22.622+0000][13138.566s][info][gc,phases   ] GC(3145)   Other: 0.2ms
[2024-08-15T16:07:22.622+0000][13138.566s][info][gc,heap     ] GC(3145) Eden regions: 686->0(684)
[2024-08-15T16:07:22.622+0000][13138.567s][info][gc,heap     ] GC(3145) Survivor regions: 8->10(87)
[2024-08-15T16:07:22.622+0000][13138.567s][info][gc,heap     ] GC(3145) Old regions: 516->516
[2024-08-15T16:07:22.622+0000][13138.567s][info][gc,heap     ] GC(3145) Archive regions: 2->2
[2024-08-15T16:07:22.622+0000][13138.567s][info][gc,heap     ] GC(3145) Humongous regions: 5->5
[2024-08-15T16:07:22.622+0000][13138.567s][info][gc,metaspace] GC(3145) Metaspace: 442450K(448832K)->442450K(448832K) NonClass: 387562K(391104K)->387562K(391104K) Class: 54887K(57728K)->54887K(57728K)
[2024-08-15T16:07:22.622+0000][13138.567s][info][gc          ] GC(3145) Pause Young (Normal) (G1 Evacuation Pause) 9711M->4242M(12288M) 17.611ms
[2024-08-15T16:07:22.622+0000][13138.567s][info][gc,cpu      ] GC(3145) User=0.10s Sys=0.00s Real=0.01s
[2024-08-15T16:07:27.308+0000][13143.253s][info][gc,start    ] GC(3146) Pause Young (Concurrent Start) (G1 Evacuation Pause)
[2024-08-15T16:07:27.308+0000][13143.253s][info][gc,task     ] GC(3146) Using 6 workers of 6 for evacuation
[2024-08-15T16:07:27.328+0000][13143.273s][info][gc,phases   ] GC(3146)   Pre Evacuate Collection Set: 0.5ms
[2024-08-15T16:07:27.328+0000][13143.273s][info][gc,phases   ] GC(3146)   Merge Heap Roots: 0.2ms
[2024-08-15T16:07:27.328+0000][13143.273s][info][gc,phases   ] GC(3146)   Evacuate Collection Set: 17.5ms
[2024-08-15T16:07:27.328+0000][13143.273s][info][gc,phases   ] GC(3146)   Post Evacuate Collection Set: 1.7ms
[2024-08-15T16:07:27.328+0000][13143.273s][info][gc,phases   ] GC(3146)   Other: 0.3ms
[2024-08-15T16:07:27.328+0000][13143.273s][info][gc,heap     ] GC(3146) Eden regions: 684->0(684)
[2024-08-15T16:07:27.328+0000][13143.273s][info][gc,heap     ] GC(3146) Survivor regions: 10->10(87)
[2024-08-15T16:07:27.328+0000][13143.273s][info][gc,heap     ] GC(3146) Old regions: 516->516
[2024-08-15T16:07:27.328+0000][13143.273s][info][gc,heap     ] GC(3146) Archive regions: 2->2
[2024-08-15T16:07:27.328+0000][13143.273s][info][gc,heap     ] GC(3146) Humongous regions: 5->5
[2024-08-15T16:07:27.328+0000][13143.273s][info][gc,metaspace] GC(3146) Metaspace: 442450K(448832K)->442450K(448832K) NonClass: 387562K(391104K)->387562K(391104K) Class: 54887K(57728K)->54887K(57728K)
[2024-08-15T16:07:27.328+0000][13143.273s][info][gc          ] GC(3146) Pause Young (Concurrent Start) (G1 Evacuation Pause) 9714M->4239M(12288M) 20.324ms
[2024-08-15T16:07:27.329+0000][13143.273s][info][gc,cpu      ] GC(3146) User=0.12s Sys=0.00s Real=0.02s
[2024-08-15T16:07:27.329+0000][13143.273s][info][gc          ] GC(3147) Concurrent Mark Cycle
[2024-08-15T16:07:27.329+0000][13143.273s][info][gc,marking  ] GC(3147) Concurrent Clear Claimed Marks
[2024-08-15T16:07:27.329+0000][13143.274s][info][gc,marking  ] GC(3147) Concurrent Clear Claimed Marks 0.379ms
[2024-08-15T16:07:27.329+0000][13143.274s][info][gc,marking  ] GC(3147) Concurrent Scan Root Regions
[2024-08-15T16:07:27.347+0000][13143.291s][info][gc,marking  ] GC(3147) Concurrent Scan Root Regions 17.630ms
[2024-08-15T16:07:27.347+0000][13143.291s][info][gc,marking  ] GC(3147) Concurrent Mark
[2024-08-15T16:07:27.347+0000][13143.291s][info][gc,marking  ] GC(3147) Concurrent Mark From Roots
[2024-08-15T16:07:27.347+0000][13143.291s][info][gc,task     ] GC(3147) Using 2 workers of 2 for marking
[2024-08-15T16:07:30.615+0000][13146.559s][info][gc,marking  ] GC(3147) Concurrent Mark From Roots 3268.021ms
[2024-08-15T16:07:30.615+0000][13146.559s][info][gc,marking  ] GC(3147) Concurrent Preclean
[2024-08-15T16:07:30.617+0000][13146.561s][info][gc,marking  ] GC(3147) Concurrent Preclean 1.893ms
[2024-08-15T16:07:30.617+0000][13146.561s][info][gc,start    ] GC(3147) Pause Remark
[2024-08-15T16:07:30.640+0000][13146.585s][info][gc          ] GC(3147) Pause Remark 7431M->7431M(12288M) 23.684ms
[2024-08-15T16:07:30.641+0000][13146.585s][info][gc,cpu      ] GC(3147) User=0.09s Sys=0.01s Real=0.02s
[2024-08-15T16:07:30.641+0000][13146.585s][info][gc,marking  ] GC(3147) Concurrent Mark 3293.984ms
[2024-08-15T16:07:30.641+0000][13146.585s][info][gc,marking  ] GC(3147) Concurrent Rebuild Remembered Sets
[2024-08-15T16:07:32.631+0000][13148.575s][info][gc,marking  ] GC(3147) Concurrent Rebuild Remembered Sets 1990.163ms
[2024-08-15T16:07:32.631+0000][13148.576s][info][gc,start    ] GC(3147) Pause Cleanup
[2024-08-15T16:07:32.632+0000][13148.576s][info][gc          ] GC(3147) Pause Cleanup 9571M->9571M(12288M) 0.567ms
[2024-08-15T16:07:32.632+0000][13148.576s][info][gc,cpu      ] GC(3147) User=0.00s Sys=0.00s Real=0.00s
[2024-08-15T16:07:32.632+0000][13148.576s][info][gc,marking  ] GC(3147) Concurrent Cleanup for Next Mark
[2024-08-15T16:07:32.649+0000][13148.593s][info][gc,marking  ] GC(3147) Concurrent Cleanup for Next Mark 16.987ms
[2024-08-15T16:07:32.649+0000][13148.593s][info][gc          ] GC(3147) Concurrent Mark Cycle 5320.253ms
[2024-08-15T16:07:32.760+0000][13148.705s][info][gc,start    ] GC(3148) Pause Young (Prepare Mixed) (G1 Evacuation Pause)
[2024-08-15T16:07:32.760+0000][13148.705s][info][gc,task     ] GC(3148) Using 6 workers of 6 for evacuation
[2024-08-15T16:07:32.783+0000][13148.728s][info][gc,phases   ] GC(3148)   Pre Evacuate Collection Set: 0.2ms
[2024-08-15T16:07:32.784+0000][13148.728s][info][gc,phases   ] GC(3148)   Merge Heap Roots: 0.3ms
[2024-08-15T16:07:32.784+0000][13148.728s][info][gc,phases   ] GC(3148)   Evacuate Collection Set: 20.6ms
[2024-08-15T16:07:32.784+0000][13148.728s][info][gc,phases   ] GC(3148)   Post Evacuate Collection Set: 1.8ms
[2024-08-15T16:07:32.784+0000][13148.728s][info][gc,phases   ] GC(3148)   Other: 0.2ms
[2024-08-15T16:07:32.784+0000][13148.728s][info][gc,heap     ] GC(3148) Eden regions: 684->0(64)
[2024-08-15T16:07:32.784+0000][13148.728s][info][gc,heap     ] GC(3148) Survivor regions: 10->12(87)
[2024-08-15T16:07:32.784+0000][13148.728s][info][gc,heap     ] GC(3148) Old regions: 516->516
[2024-08-15T16:07:32.784+0000][13148.728s][info][gc,heap     ] GC(3148) Archive regions: 2->2
[2024-08-15T16:07:32.784+0000][13148.728s][info][gc,heap     ] GC(3148) Humongous regions: 5->5
[2024-08-15T16:07:32.784+0000][13148.728s][info][gc,metaspace] GC(3148) Metaspace: 442450K(448832K)->442450K(448832K) NonClass: 387562K(391104K)->387562K(391104K) Class: 54887K(57728K)->54887K(57728K)
[2024-08-15T16:07:32.784+0000][13148.728s][info][gc          ] GC(3148) Pause Young (Prepare Mixed) (G1 Evacuation Pause) 9711M->4255M(12288M) 23.161ms
[2024-08-15T16:07:32.784+0000][13148.728s][info][gc,cpu      ] GC(3148) User=0.14s Sys=0.00s Real=0.03s
[2024-08-15T16:07:33.211+0000][13149.155s][info][gc,start    ] GC(3149) Pause Young (Mixed) (G1 Evacuation Pause)
[2024-08-15T16:07:33.211+0000][13149.155s][info][gc,task     ] GC(3149) Using 6 workers of 6 for evacuation
[2024-08-15T16:07:33.269+0000][13149.213s][info][gc,phases   ] GC(3149)   Pre Evacuate Collection Set: 0.2ms
[2024-08-15T16:07:33.269+0000][13149.213s][info][gc,phases   ] GC(3149)   Merge Heap Roots: 0.4ms
[2024-08-15T16:07:33.269+0000][13149.213s][info][gc,phases   ] GC(3149)   Evacuate Collection Set: 55.7ms
[2024-08-15T16:07:33.269+0000][13149.213s][info][gc,phases   ] GC(3149)   Post Evacuate Collection Set: 1.3ms
[2024-08-15T16:07:33.269+0000][13149.213s][info][gc,phases   ] GC(3149)   Other: 0.2ms
[2024-08-15T16:07:33.269+0000][13149.213s][info][gc,heap     ] GC(3149) Eden regions: 64->0(687)
[2024-08-15T16:07:33.269+0000][13149.213s][info][gc,heap     ] GC(3149) Survivor regions: 12->5(10)
[2024-08-15T16:07:33.269+0000][13149.213s][info][gc,heap     ] GC(3149) Old regions: 516->518
[2024-08-15T16:07:33.269+0000][13149.213s][info][gc,heap     ] GC(3149) Archive regions: 2->2
[2024-08-15T16:07:33.269+0000][13149.213s][info][gc,heap     ] GC(3149) Humongous regions: 5->5
[2024-08-15T16:07:33.269+0000][13149.213s][info][gc,metaspace] GC(3149) Metaspace: 442450K(448832K)->442450K(448832K) NonClass: 387562K(391104K)->387562K(391104K) Class: 54887K(57728K)->54887K(57728K)
[2024-08-15T16:07:33.269+0000][13149.213s][info][gc          ] GC(3149) Pause Young (Mixed) (G1 Evacuation Pause) 4767M->4222M(12288M) 57.857ms
[2024-08-15T16:07:33.269+0000][13149.213s][info][gc,cpu      ] GC(3149) User=0.34s Sys=0.00s Real=0.06s
[2024-08-15T16:07:37.975+0000][13153.919s][info][gc,start    ] GC(3150) Pause Young (Normal) (G1 Evacuation Pause)
[2024-08-15T16:07:37.975+0000][13153.919s][info][gc,task     ] GC(3150) Using 6 workers of 6 for evacuation
[2024-08-15T16:07:37.989+0000][13153.933s][info][gc,phases   ] GC(3150)   Pre Evacuate Collection Set: 0.2ms
[2024-08-15T16:07:37.989+0000][13153.933s][info][gc,phases   ] GC(3150)   Merge Heap Roots: 0.3ms
[2024-08-15T16:07:37.989+0000][13153.933s][info][gc,phases   ] GC(3150)   Evacuate Collection Set: 11.6ms
[2024-08-15T16:07:37.989+0000][13153.933s][info][gc,phases   ] GC(3150)   Post Evacuate Collection Set: 1.8ms
[2024-08-15T16:07:37.989+0000][13153.933s][info][gc,phases   ] GC(3150)   Other: 0.2ms
[2024-08-15T16:07:37.989+0000][13153.933s][info][gc,heap     ] GC(3150) Eden regions: 687->0(687)
[2024-08-15T16:07:37.989+0000][13153.933s][info][gc,heap     ] GC(3150) Survivor regions: 5->5(87)
[2024-08-15T16:07:37.989+0000][13153.933s][info][gc,heap     ] GC(3150) Old regions: 518->518
[2024-08-15T16:07:37.989+0000][13153.933s][info][gc,heap     ] GC(3150) Archive regions: 2->2
[2024-08-15T16:07:37.989+0000][13153.933s][info][gc,heap     ] GC(3150) Humongous regions: 5->5
[2024-08-15T16:07:37.989+0000][13153.933s][info][gc,metaspace] GC(3150) Metaspace: 442450K(448832K)->442450K(448832K) NonClass: 387562K(391104K)->387562K(391104K) Class: 54887K(57728K)->54887K(57728K)
[2024-08-15T16:07:37.989+0000][13153.933s][info][gc          ] GC(3150) Pause Young (Normal) (G1 Evacuation Pause) 9718M->4227M(12288M) 14.120ms
[2024-08-15T16:07:37.989+0000][13153.933s][info][gc,cpu      ] GC(3150) User=0.08s Sys=0.00s Real=0.02s
[2024-08-15T16:07:42.616+0000][13158.561s][info][gc,start    ] GC(3151) Pause Young (Normal) (G1 Evacuation Pause)
[2024-08-15T16:07:42.616+0000][13158.561s][info][gc,task     ] GC(3151) Using 6 workers of 6 for evacuation
[2024-08-15T16:07:42.630+0000][13158.575s][info][gc,phases   ] GC(3151)   Pre Evacuate Collection Set: 0.2ms
[2024-08-15T16:07:42.630+0000][13158.575s][info][gc,phases   ] GC(3151)   Merge Heap Roots: 0.2ms
[2024-08-15T16:07:42.630+0000][13158.575s][info][gc,phases   ] GC(3151)   Evacuate Collection Set: 11.7ms
[2024-08-15T16:07:42.630+0000][13158.575s][info][gc,phases   ] GC(3151)   Post Evacuate Collection Set: 1.7ms
[2024-08-15T16:07:42.630+0000][13158.575s][info][gc,phases   ] GC(3151)   Other: 0.2ms
[2024-08-15T16:07:42.630+0000][13158.575s][info][gc,heap     ] GC(3151) Eden regions: 687->0(683)
[2024-08-15T16:07:42.630+0000][13158.575s][info][gc,heap     ] GC(3151) Survivor regions: 5->8(87)
[2024-08-15T16:07:42.630+0000][13158.575s][info][gc,heap     ] GC(3151) Old regions: 518->518
[2024-08-15T16:07:42.630+0000][13158.575s][info][gc,heap     ] GC(3151) Archive regions: 2->2
[2024-08-15T16:07:42.630+0000][13158.575s][info][gc,heap     ] GC(3151) Humongous regions: 5->5
[2024-08-15T16:07:42.630+0000][13158.575s][info][gc,metaspace] GC(3151) Metaspace: 442450K(448832K)->442450K(448832K) NonClass: 387562K(391104K)->387562K(391104K) Class: 54887K(57728K)->54887K(57728K)
[2024-08-15T16:07:42.630+0000][13158.575s][info][gc          ] GC(3151) Pause Young (Normal) (G1 Evacuation Pause) 9723M->4244M(12288M) 13.961ms
[2024-08-15T16:07:42.630+0000][13158.575s][info][gc,cpu      ] GC(3151) User=0.08s Sys=0.00s Real=0.01s
[2024-08-15T16:07:46.695+0000][13162.640s][info][gc,start    ] GC(3152) Pause Young (Concurrent Start) (G1 Evacuation Pause)
[2024-08-15T16:07:46.696+0000][13162.640s][info][gc,task     ] GC(3152) Using 6 workers of 6 for evacuation
[2024-08-15T16:07:46.712+0000][13162.656s][info][gc,phases   ] GC(3152)   Pre Evacuate Collection Set: 0.5ms
[2024-08-15T16:07:46.712+0000][13162.656s][info][gc,phases   ] GC(3152)   Merge Heap Roots: 0.2ms
[2024-08-15T16:07:46.712+0000][13162.656s][info][gc,phases   ] GC(3152)   Evacuate Collection Set: 13.5ms
[2024-08-15T16:07:46.712+0000][13162.656s][info][gc,phases   ] GC(3152)   Post Evacuate Collection Set: 1.7ms
[2024-08-15T16:07:46.712+0000][13162.656s][info][gc,phases   ] GC(3152)   Other: 0.3ms
[2024-08-15T16:07:46.712+0000][13162.656s][info][gc,heap     ] GC(3152) Eden regions: 683->0(686)
[2024-08-15T16:07:46.712+0000][13162.656s][info][gc,heap     ] GC(3152) Survivor regions: 8->6(87)
[2024-08-15T16:07:46.712+0000][13162.656s][info][gc,heap     ] GC(3152) Old regions: 518->518
[2024-08-15T16:07:46.712+0000][13162.656s][info][gc,heap     ] GC(3152) Archive regions: 2->2
[2024-08-15T16:07:46.712+0000][13162.656s][info][gc,heap     ] GC(3152) Humongous regions: 5->5
[2024-08-15T16:07:46.712+0000][13162.656s][info][gc,metaspace] GC(3152) Metaspace: 442450K(448832K)->442450K(448832K) NonClass: 387562K(391104K)->387562K(391104K) Class: 54887K(57728K)->54887K(57728K)
[2024-08-15T16:07:46.712+0000][13162.656s][info][gc          ] GC(3152) Pause Young (Concurrent Start) (G1 Evacuation Pause) 9708M->4235M(12288M) 16.241ms
[2024-08-15T16:07:46.712+0000][13162.656s][info][gc,cpu      ] GC(3152) User=0.09s Sys=0.00s Real=0.01s
[2024-08-15T16:07:46.712+0000][13162.656s][info][gc          ] GC(3153) Concurrent Mark Cycle
[2024-08-15T16:07:46.712+0000][13162.656s][info][gc,marking  ] GC(3153) Concurrent Clear Claimed Marks
[2024-08-15T16:07:46.712+0000][13162.657s][info][gc,marking  ] GC(3153) Concurrent Clear Claimed Marks 0.385ms
[2024-08-15T16:07:46.712+0000][13162.657s][info][gc,marking  ] GC(3153) Concurrent Scan Root Regions
[2024-08-15T16:07:46.737+0000][13162.682s][info][gc,marking  ] GC(3153) Concurrent Scan Root Regions 24.872ms
[2024-08-15T16:07:46.737+0000][13162.682s][info][gc,marking  ] GC(3153) Concurrent Mark
[2024-08-15T16:07:46.737+0000][13162.682s][info][gc,marking  ] GC(3153) Concurrent Mark From Roots
[2024-08-15T16:07:46.737+0000][13162.682s][info][gc,task     ] GC(3153) Using 2 workers of 2 for marking
[2024-08-15T16:07:50.118+0000][13166.063s][info][gc,marking  ] GC(3153) Concurrent Mark From Roots 3381.149ms
[2024-08-15T16:07:50.118+0000][13166.063s][info][gc,marking  ] GC(3153) Concurrent Preclean
[2024-08-15T16:07:50.120+0000][13166.065s][info][gc,marking  ] GC(3153) Concurrent Preclean 2.018ms
[2024-08-15T16:07:50.120+0000][13166.065s][info][gc,start    ] GC(3153) Pause Remark
[2024-08-15T16:07:50.144+0000][13166.089s][info][gc          ] GC(3153) Pause Remark 7783M->7783M(12288M) 23.533ms
[2024-08-15T16:07:50.144+0000][13166.089s][info][gc,cpu      ] GC(3153) User=0.10s Sys=0.00s Real=0.03s
[2024-08-15T16:07:50.144+0000][13166.089s][info][gc,marking  ] GC(3153) Concurrent Mark 3407.037ms
[2024-08-15T16:07:50.144+0000][13166.089s][info][gc,marking  ] GC(3153) Concurrent Rebuild Remembered Sets
[2024-08-15T16:07:51.910+0000][13167.855s][info][gc,start    ] GC(3154) Pause Young (Normal) (G1 Evacuation Pause)
[2024-08-15T16:07:51.910+0000][13167.855s][info][gc,task     ] GC(3154) Using 6 workers of 6 for evacuation
[2024-08-15T16:07:51.929+0000][13167.874s][info][gc,phases   ] GC(3154)   Pre Evacuate Collection Set: 0.2ms
[2024-08-15T16:07:51.929+0000][13167.874s][info][gc,phases   ] GC(3154)   Merge Heap Roots: 0.3ms
[2024-08-15T16:07:51.929+0000][13167.874s][info][gc,phases   ] GC(3154)   Evacuate Collection Set: 16.5ms
[2024-08-15T16:07:51.929+0000][13167.874s][info][gc,phases   ] GC(3154)   Post Evacuate Collection Set: 1.7ms
[2024-08-15T16:07:51.929+0000][13167.874s][info][gc,phases   ] GC(3154)   Other: 0.2ms
[2024-08-15T16:07:51.929+0000][13167.874s][info][gc,heap     ] GC(3154) Eden regions: 686->0(684)
[2024-08-15T16:07:51.929+0000][13167.874s][info][gc,heap     ] GC(3154) Survivor regions: 6->8(87)
[2024-08-15T16:07:51.929+0000][13167.874s][info][gc,heap     ] GC(3154) Old regions: 518->518
[2024-08-15T16:07:51.929+0000][13167.874s][info][gc,heap     ] GC(3154) Archive regions: 2->2
[2024-08-15T16:07:51.929+0000][13167.874s][info][gc,heap     ] GC(3154) Humongous regions: 5->5
[2024-08-15T16:07:51.929+0000][13167.874s][info][gc,metaspace] GC(3154) Metaspace: 442450K(448832K)->442450K(448832K) NonClass: 387562K(391104K)->387562K(391104K) Class: 54887K(57728K)->54887K(57728K)
[2024-08-15T16:07:51.929+0000][13167.874s][info][gc          ] GC(3154) Pause Young (Normal) (G1 Evacuation Pause) 9723M->4251M(12288M) 18.876ms
[2024-08-15T16:07:51.929+0000][13167.874s][info][gc,cpu      ] GC(3154) User=0.11s Sys=0.00s Real=0.02s
[2024-08-15T16:07:52.198+0000][13168.143s][info][gc,marking  ] GC(3153) Concurrent Rebuild Remembered Sets 2053.802ms
[2024-08-15T16:07:52.198+0000][13168.143s][info][gc,start    ] GC(3153) Pause Cleanup
[2024-08-15T16:07:52.199+0000][13168.143s][info][gc          ] GC(3153) Pause Cleanup 4567M->4567M(12288M) 0.516ms
[2024-08-15T16:07:52.199+0000][13168.143s][info][gc,cpu      ] GC(3153) User=0.00s Sys=0.00s Real=0.00s
[2024-08-15T16:07:52.199+0000][13168.143s][info][gc,marking  ] GC(3153) Concurrent Cleanup for Next Mark
[2024-08-15T16:07:52.216+0000][13168.160s][info][gc,marking  ] GC(3153) Concurrent Cleanup for Next Mark 16.867ms
[2024-08-15T16:07:52.216+0000][13168.160s][info][gc          ] GC(3153) Concurrent Mark Cycle 5503.958ms
[2024-08-15T16:07:56.460+0000][13172.405s][info][gc,start    ] GC(3155) Pause Young (Prepare Mixed) (G1 Evacuation Pause)
[2024-08-15T16:07:56.460+0000][13172.405s][info][gc,task     ] GC(3155) Using 6 workers of 6 for evacuation
[2024-08-15T16:07:56.482+0000][13172.426s][info][gc,phases   ] GC(3155)   Pre Evacuate Collection Set: 0.2ms
[2024-08-15T16:07:56.482+0000][13172.426s][info][gc,phases   ] GC(3155)   Merge Heap Roots: 0.3ms
[2024-08-15T16:07:56.482+0000][13172.426s][info][gc,phases   ] GC(3155)   Evacuate Collection Set: 19.1ms
[2024-08-15T16:07:56.482+0000][13172.426s][info][gc,phases   ] GC(3155)   Post Evacuate Collection Set: 1.7ms
[2024-08-15T16:07:56.482+0000][13172.426s][info][gc,phases   ] GC(3155)   Other: 0.2ms
[2024-08-15T16:07:56.482+0000][13172.426s][info][gc,heap     ] GC(3155) Eden regions: 684->0(66)
[2024-08-15T16:07:56.482+0000][13172.426s][info][gc,heap     ] GC(3155) Survivor regions: 8->10(87)
[2024-08-15T16:07:56.482+0000][13172.427s][info][gc,heap     ] GC(3155) Old regions: 518->518
[2024-08-15T16:07:56.482+0000][13172.427s][info][gc,heap     ] GC(3155) Archive regions: 2->2
[2024-08-15T16:07:56.482+0000][13172.427s][info][gc,heap     ] GC(3155) Humongous regions: 5->5
[2024-08-15T16:07:56.482+0000][13172.427s][info][gc,metaspace] GC(3155) Metaspace: 442450K(448832K)->442450K(448832K) NonClass: 387562K(391104K)->387562K(391104K) Class: 54887K(57728K)->54887K(57728K)
[2024-08-15T16:07:56.482+0000][13172.427s][info][gc          ] GC(3155) Pause Young (Prepare Mixed) (G1 Evacuation Pause) 9723M->4263M(12288M) 21.524ms
[2024-08-15T16:07:56.482+0000][13172.427s][info][gc,cpu      ] GC(3155) User=0.12s Sys=0.00s Real=0.02s
[2024-08-15T16:07:56.898+0000][13172.842s][info][gc,start    ] GC(3156) Pause Young (Mixed) (G1 Evacuation Pause)
[2024-08-15T16:07:56.898+0000][13172.842s][info][gc,task     ] GC(3156) Using 6 workers of 6 for evacuation
[2024-08-15T16:07:56.956+0000][13172.900s][info][gc,phases   ] GC(3156)   Pre Evacuate Collection Set: 0.2ms
[2024-08-15T16:07:56.956+0000][13172.900s][info][gc,phases   ] GC(3156)   Merge Heap Roots: 0.4ms
[2024-08-15T16:07:56.956+0000][13172.900s][info][gc,phases   ] GC(3156)   Evacuate Collection Set: 56.4ms
[2024-08-15T16:07:56.956+0000][13172.901s][info][gc,phases   ] GC(3156)   Post Evacuate Collection Set: 1.3ms
[2024-08-15T16:07:56.956+0000][13172.901s][info][gc,phases   ] GC(3156)   Other: 0.2ms
[2024-08-15T16:07:56.956+0000][13172.901s][info][gc,heap     ] GC(3156) Eden regions: 66->0(687)
[2024-08-15T16:07:56.956+0000][13172.901s][info][gc,heap     ] GC(3156) Survivor regions: 10->6(10)
[2024-08-15T16:07:56.956+0000][13172.901s][info][gc,heap     ] GC(3156) Old regions: 518->517
[2024-08-15T16:07:56.956+0000][13172.901s][info][gc,heap     ] GC(3156) Archive regions: 2->2
[2024-08-15T16:07:56.956+0000][13172.901s][info][gc,heap     ] GC(3156) Humongous regions: 5->5
[2024-08-15T16:07:56.956+0000][13172.901s][info][gc,metaspace] GC(3156) Metaspace: 442450K(448832K)->442450K(448832K) NonClass: 387562K(391104K)->387562K(391104K) Class: 54887K(57728K)->54887K(57728K)
[2024-08-15T16:07:56.956+0000][13172.901s][info][gc          ] GC(3156) Pause Young (Mixed) (G1 Evacuation Pause) 4791M->4224M(12288M) 58.455ms
[2024-08-15T16:07:56.956+0000][13172.901s][info][gc,cpu      ] GC(3156) User=0.35s Sys=0.00s Real=0.06s
[2024-08-15T16:08:01.588+0000][13177.532s][info][gc,start    ] GC(3157) Pause Young (Normal) (G1 Evacuation Pause)
[2024-08-15T16:08:01.588+0000][13177.532s][info][gc,task     ] GC(3157) Using 6 workers of 6 for evacuation
[2024-08-15T16:08:01.603+0000][13177.548s][info][gc,phases   ] GC(3157)   Pre Evacuate Collection Set: 0.2ms
[2024-08-15T16:08:01.603+0000][13177.548s][info][gc,phases   ] GC(3157)   Merge Heap Roots: 0.2ms
[2024-08-15T16:08:01.603+0000][13177.548s][info][gc,phases   ] GC(3157)   Evacuate Collection Set: 12.9ms
[2024-08-15T16:08:01.603+0000][13177.548s][info][gc,phases   ] GC(3157)   Post Evacuate Collection Set: 1.8ms
[2024-08-15T16:08:01.603+0000][13177.548s][info][gc,phases   ] GC(3157)   Other: 0.2ms
[2024-08-15T16:08:01.603+0000][13177.548s][info][gc,heap     ] GC(3157) Eden regions: 687->0(685)
[2024-08-15T16:08:01.603+0000][13177.548s][info][gc,heap     ] GC(3157) Survivor regions: 6->8(87)
[2024-08-15T16:08:01.603+0000][13177.548s][info][gc,heap     ] GC(3157) Old regions: 517->517
[2024-08-15T16:08:01.603+0000][13177.548s][info][gc,heap     ] GC(3157) Archive regions: 2->2
[2024-08-15T16:08:01.603+0000][13177.548s][info][gc,heap     ] GC(3157) Humongous regions: 5->5
[2024-08-15T16:08:01.603+0000][13177.548s][info][gc,metaspace] GC(3157) Metaspace: 442450K(448832K)->442450K(448832K) NonClass: 387562K(391104K)->387562K(391104K) Class: 54887K(57728K)->54887K(57728K)
[2024-08-15T16:08:01.603+0000][13177.548s][info][gc          ] GC(3157) Pause Young (Normal) (G1 Evacuation Pause) 9720M->4238M(12288M) 15.380ms
[2024-08-15T16:08:01.603+0000][13177.548s][info][gc,cpu      ] GC(3157) User=0.08s Sys=0.01s Real=0.02s
[2024-08-15T16:08:06.150+0000][13182.095s][info][gc,start    ] GC(3158) Pause Young (Normal) (G1 Evacuation Pause)
[2024-08-15T16:08:06.150+0000][13182.095s][info][gc,task     ] GC(3158) Using 6 workers of 6 for evacuation
[2024-08-15T16:08:06.165+0000][13182.110s][info][gc,phases   ] GC(3158)   Pre Evacuate Collection Set: 0.2ms
[2024-08-15T16:08:06.165+0000][13182.110s][info][gc,phases   ] GC(3158)   Merge Heap Roots: 0.2ms
[2024-08-15T16:08:06.165+0000][13182.110s][info][gc,phases   ] GC(3158)   Evacuate Collection Set: 12.7ms
[2024-08-15T16:08:06.165+0000][13182.110s][info][gc,phases   ] GC(3158)   Post Evacuate Collection Set: 1.7ms
[2024-08-15T16:08:06.165+0000][13182.110s][info][gc,phases   ] GC(3158)   Other: 0.2ms
[2024-08-15T16:08:06.165+0000][13182.110s][info][gc,heap     ] GC(3158) Eden regions: 685->0(686)
[2024-08-15T16:08:06.165+0000][13182.110s][info][gc,heap     ] GC(3158) Survivor regions: 8->7(87)
[2024-08-15T16:08:06.165+0000][13182.110s][info][gc,heap     ] GC(3158) Old regions: 517->517
[2024-08-15T16:08:06.165+0000][13182.110s][info][gc,heap     ] GC(3158) Archive regions: 2->2
[2024-08-15T16:08:06.165+0000][13182.110s][info][gc,heap     ] GC(3158) Humongous regions: 5->5
[2024-08-15T16:08:06.165+0000][13182.110s][info][gc,metaspace] GC(3158) Metaspace: 442450K(448832K)->442450K(448832K) NonClass: 387562K(391104K)->387562K(391104K) Class: 54887K(57728K)->54887K(57728K)
[2024-08-15T16:08:06.165+0000][13182.110s][info][gc          ] GC(3158) Pause Young (Normal) (G1 Evacuation Pause) 9718M->4232M(12288M) 15.120ms
[2024-08-15T16:08:06.166+0000][13182.110s][info][gc,cpu      ] GC(3158) User=0.09s Sys=0.00s Real=0.02s
[2024-08-15T16:08:10.853+0000][13186.798s][info][gc,start    ] GC(3159) Pause Young (Concurrent Start) (G1 Evacuation Pause)
[2024-08-15T16:08:10.853+0000][13186.798s][info][gc,task     ] GC(3159) Using 6 workers of 6 for evacuation
[2024-08-15T16:08:10.875+0000][13186.820s][info][gc,phases   ] GC(3159)   Pre Evacuate Collection Set: 0.6ms
[2024-08-15T16:08:10.875+0000][13186.820s][info][gc,phases   ] GC(3159)   Merge Heap Roots: 0.2ms
[2024-08-15T16:08:10.875+0000][13186.820s][info][gc,phases   ] GC(3159)   Evacuate Collection Set: 19.3ms
[2024-08-15T16:08:10.875+0000][13186.820s][info][gc,phases   ] GC(3159)   Post Evacuate Collection Set: 1.8ms
[2024-08-15T16:08:10.875+0000][13186.820s][info][gc,phases   ] GC(3159)   Other: 0.3ms
[2024-08-15T16:08:10.875+0000][13186.820s][info][gc,heap     ] GC(3159) Eden regions: 686->0(683)
[2024-08-15T16:08:10.876+0000][13186.820s][info][gc,heap     ] GC(3159) Survivor regions: 7->10(87)
[2024-08-15T16:08:10.876+0000][13186.820s][info][gc,heap     ] GC(3159) Old regions: 517->517
[2024-08-15T16:08:10.876+0000][13186.820s][info][gc,heap     ] GC(3159) Archive regions: 2->2
[2024-08-15T16:08:10.876+0000][13186.820s][info][gc,heap     ] GC(3159) Humongous regions: 5->5
[2024-08-15T16:08:10.876+0000][13186.820s][info][gc,metaspace] GC(3159) Metaspace: 442450K(448832K)->442450K(448832K) NonClass: 387562K(391104K)->387562K(391104K) Class: 54887K(57728K)->54887K(57728K)
[2024-08-15T16:08:10.876+0000][13186.820s][info][gc          ] GC(3159) Pause Young (Concurrent Start) (G1 Evacuation Pause) 9720M->4250M(12288M) 22.182ms
[2024-08-15T16:08:10.876+0000][13186.820s][info][gc,cpu      ] GC(3159) User=0.12s Sys=0.00s Real=0.03s
[2024-08-15T16:08:10.876+0000][13186.820s][info][gc          ] GC(3160) Concurrent Mark Cycle
[2024-08-15T16:08:10.876+0000][13186.820s][info][gc,marking  ] GC(3160) Concurrent Clear Claimed Marks
[2024-08-15T16:08:10.876+0000][13186.821s][info][gc,marking  ] GC(3160) Concurrent Clear Claimed Marks 0.367ms
[2024-08-15T16:08:10.876+0000][13186.821s][info][gc,marking  ] GC(3160) Concurrent Scan Root Regions
[2024-08-15T16:08:10.888+0000][13186.833s][info][gc,marking  ] GC(3160) Concurrent Scan Root Regions 12.243ms
[2024-08-15T16:08:10.888+0000][13186.833s][info][gc,marking  ] GC(3160) Concurrent Mark
[2024-08-15T16:08:10.888+0000][13186.833s][info][gc,marking  ] GC(3160) Concurrent Mark From Roots
[2024-08-15T16:08:10.888+0000][13186.833s][info][gc,task     ] GC(3160) Using 2 workers of 2 for marking
[2024-08-15T16:08:14.415+0000][13190.360s][info][gc,marking  ] GC(3160) Concurrent Mark From Roots 3526.916ms
[2024-08-15T16:08:14.415+0000][13190.360s][info][gc,marking  ] GC(3160) Concurrent Preclean
[2024-08-15T16:08:14.417+0000][13190.362s][info][gc,marking  ] GC(3160) Concurrent Preclean 1.923ms
[2024-08-15T16:08:14.417+0000][13190.362s][info][gc,start    ] GC(3160) Pause Remark
[2024-08-15T16:08:14.442+0000][13190.387s][info][gc          ] GC(3160) Pause Remark 7882M->7882M(12288M) 25.054ms
[2024-08-15T16:08:14.442+0000][13190.387s][info][gc,cpu      ] GC(3160) User=0.11s Sys=0.00s Real=0.02s
[2024-08-15T16:08:14.443+0000][13190.387s][info][gc,marking  ] GC(3160) Concurrent Mark 3554.269ms
[2024-08-15T16:08:14.443+0000][13190.387s][info][gc,marking  ] GC(3160) Concurrent Rebuild Remembered Sets
[2024-08-15T16:08:16.046+0000][13191.991s][info][gc,start    ] GC(3161) Pause Young (Normal) (G1 Evacuation Pause)
[2024-08-15T16:08:16.046+0000][13191.991s][info][gc,task     ] GC(3161) Using 6 workers of 6 for evacuation
[2024-08-15T16:08:16.066+0000][13192.011s][info][gc,phases   ] GC(3161)   Pre Evacuate Collection Set: 0.2ms
[2024-08-15T16:08:16.066+0000][13192.011s][info][gc,phases   ] GC(3161)   Merge Heap Roots: 0.3ms
[2024-08-15T16:08:16.066+0000][13192.011s][info][gc,phases   ] GC(3161)   Evacuate Collection Set: 17.9ms
[2024-08-15T16:08:16.066+0000][13192.011s][info][gc,phases   ] GC(3161)   Post Evacuate Collection Set: 1.6ms
[2024-08-15T16:08:16.066+0000][13192.011s][info][gc,phases   ] GC(3161)   Other: 0.2ms
[2024-08-15T16:08:16.066+0000][13192.011s][info][gc,heap     ] GC(3161) Eden regions: 683->0(686)
[2024-08-15T16:08:16.066+0000][13192.011s][info][gc,heap     ] GC(3161) Survivor regions: 10->8(87)
[2024-08-15T16:08:16.066+0000][13192.011s][info][gc,heap     ] GC(3161) Old regions: 517->517
[2024-08-15T16:08:16.066+0000][13192.011s][info][gc,heap     ] GC(3161) Archive regions: 2->2
[2024-08-15T16:08:16.066+0000][13192.011s][info][gc,heap     ] GC(3161) Humongous regions: 5->5
[2024-08-15T16:08:16.066+0000][13192.011s][info][gc,metaspace] GC(3161) Metaspace: 442450K(448832K)->442450K(448832K) NonClass: 387562K(391104K)->387562K(391104K) Class: 54887K(57728K)->54887K(57728K)
[2024-08-15T16:08:16.066+0000][13192.011s][info][gc          ] GC(3161) Pause Young (Normal) (G1 Evacuation Pause) 9714M->4239M(12288M) 20.289ms
[2024-08-15T16:08:16.066+0000][13192.011s][info][gc,cpu      ] GC(3161) User=0.11s Sys=0.00s Real=0.02s
[2024-08-15T16:08:16.463+0000][13192.407s][info][gc,marking  ] GC(3160) Concurrent Rebuild Remembered Sets 2019.994ms
[2024-08-15T16:08:16.463+0000][13192.407s][info][gc,start    ] GC(3160) Pause Cleanup
[2024-08-15T16:08:16.463+0000][13192.408s][info][gc          ] GC(3160) Pause Cleanup 4699M->4699M(12288M) 0.578ms
[2024-08-15T16:08:16.463+0000][13192.408s][info][gc,cpu      ] GC(3160) User=0.00s Sys=0.00s Real=0.01s
[2024-08-15T16:08:16.463+0000][13192.408s][info][gc,marking  ] GC(3160) Concurrent Cleanup for Next Mark
[2024-08-15T16:08:16.481+0000][13192.425s][info][gc,marking  ] GC(3160) Concurrent Cleanup for Next Mark 17.064ms
[2024-08-15T16:08:16.481+0000][13192.425s][info][gc          ] GC(3160) Concurrent Mark Cycle 5604.946ms
[2024-08-15T16:08:20.615+0000][13196.559s][info][gc,start    ] GC(3162) Pause Young (Prepare Mixed) (G1 Evacuation Pause)
[2024-08-15T16:08:20.615+0000][13196.559s][info][gc,task     ] GC(3162) Using 6 workers of 6 for evacuation
[2024-08-15T16:08:20.637+0000][13196.582s][info][gc,phases   ] GC(3162)   Pre Evacuate Collection Set: 0.2ms
[2024-08-15T16:08:20.637+0000][13196.582s][info][gc,phases   ] GC(3162)   Merge Heap Roots: 0.3ms
[2024-08-15T16:08:20.637+0000][13196.582s][info][gc,phases   ] GC(3162)   Evacuate Collection Set: 20.4ms
[2024-08-15T16:08:20.637+0000][13196.582s][info][gc,phases   ] GC(3162)   Post Evacuate Collection Set: 1.7ms
[2024-08-15T16:08:20.637+0000][13196.582s][info][gc,phases   ] GC(3162)   Other: 0.2ms
[2024-08-15T16:08:20.637+0000][13196.582s][info][gc,heap     ] GC(3162) Eden regions: 686->0(65)
[2024-08-15T16:08:20.637+0000][13196.582s][info][gc,heap     ] GC(3162) Survivor regions: 8->11(87)
[2024-08-15T16:08:20.637+0000][13196.582s][info][gc,heap     ] GC(3162) Old regions: 517->517
[2024-08-15T16:08:20.637+0000][13196.582s][info][gc,heap     ] GC(3162) Archive regions: 2->2
[2024-08-15T16:08:20.637+0000][13196.582s][info][gc,heap     ] GC(3162) Humongous regions: 5->5
[2024-08-15T16:08:20.637+0000][13196.582s][info][gc,metaspace] GC(3162) Metaspace: 442450K(448832K)->442450K(448832K) NonClass: 387562K(391104K)->387562K(391104K) Class: 54887K(57728K)->54887K(57728K)
[2024-08-15T16:08:20.637+0000][13196.582s][info][gc          ] GC(3162) Pause Young (Prepare Mixed) (G1 Evacuation Pause) 9727M->4260M(12288M) 22.757ms
[2024-08-15T16:08:20.637+0000][13196.582s][info][gc,cpu      ] GC(3162) User=0.13s Sys=0.00s Real=0.03s
[2024-08-15T16:08:21.081+0000][13197.026s][info][gc,start    ] GC(3163) Pause Young (Mixed) (G1 Evacuation Pause)
[2024-08-15T16:08:21.081+0000][13197.026s][info][gc,task     ] GC(3163) Using 6 workers of 6 for evacuation
[2024-08-15T16:08:21.147+0000][13197.091s][info][gc,phases   ] GC(3163)   Pre Evacuate Collection Set: 0.2ms
[2024-08-15T16:08:21.147+0000][13197.092s][info][gc,phases   ] GC(3163)   Merge Heap Roots: 0.4ms
[2024-08-15T16:08:21.147+0000][13197.092s][info][gc,phases   ] GC(3163)   Evacuate Collection Set: 63.6ms
[2024-08-15T16:08:21.147+0000][13197.092s][info][gc,phases   ] GC(3163)   Post Evacuate Collection Set: 1.2ms
[2024-08-15T16:08:21.147+0000][13197.092s][info][gc,phases   ] GC(3163)   Other: 0.2ms
[2024-08-15T16:08:21.147+0000][13197.092s][info][gc,heap     ] GC(3163) Eden regions: 65->0(686)
[2024-08-15T16:08:21.147+0000][13197.092s][info][gc,heap     ] GC(3163) Survivor regions: 11->6(10)
[2024-08-15T16:08:21.147+0000][13197.092s][info][gc,heap     ] GC(3163) Old regions: 517->518
[2024-08-15T16:08:21.147+0000][13197.092s][info][gc,heap     ] GC(3163) Archive regions: 2->2
[2024-08-15T16:08:21.147+0000][13197.092s][info][gc,heap     ] GC(3163) Humongous regions: 5->5
[2024-08-15T16:08:21.147+0000][13197.092s][info][gc,metaspace] GC(3163) Metaspace: 442450K(448832K)->442450K(448832K) NonClass: 387562K(391104K)->387562K(391104K) Class: 54887K(57728K)->54887K(57728K)
[2024-08-15T16:08:21.147+0000][13197.092s][info][gc          ] GC(3163) Pause Young (Mixed) (G1 Evacuation Pause) 4780M->4225M(12288M) 65.635ms
[2024-08-15T16:08:21.147+0000][13197.092s][info][gc,cpu      ] GC(3163) User=0.37s Sys=0.01s Real=0.07s
[2024-08-15T16:08:25.741+0000][13201.686s][info][gc,start    ] GC(3164) Pause Young (Normal) (G1 Evacuation Pause)
[2024-08-15T16:08:25.741+0000][13201.686s][info][gc,task     ] GC(3164) Using 6 workers of 6 for evacuation
[2024-08-15T16:08:25.755+0000][13201.699s][info][gc,phases   ] GC(3164)   Pre Evacuate Collection Set: 0.2ms
[2024-08-15T16:08:25.755+0000][13201.700s][info][gc,phases   ] GC(3164)   Merge Heap Roots: 0.2ms
[2024-08-15T16:08:25.755+0000][13201.700s][info][gc,phases   ] GC(3164)   Evacuate Collection Set: 11.6ms
[2024-08-15T16:08:25.755+0000][13201.700s][info][gc,phases   ] GC(3164)   Post Evacuate Collection Set: 1.7ms
[2024-08-15T16:08:25.755+0000][13201.700s][info][gc,phases   ] GC(3164)   Other: 0.2ms
[2024-08-15T16:08:25.755+0000][13201.700s][info][gc,heap     ] GC(3164) Eden regions: 686->0(685)
[2024-08-15T16:08:25.755+0000][13201.700s][info][gc,heap     ] GC(3164) Survivor regions: 6->7(87)
[2024-08-15T16:08:25.755+0000][13201.700s][info][gc,heap     ] GC(3164) Old regions: 518->518
[2024-08-15T16:08:25.755+0000][13201.700s][info][gc,heap     ] GC(3164) Archive regions: 2->2
[2024-08-15T16:08:25.755+0000][13201.700s][info][gc,heap     ] GC(3164) Humongous regions: 5->5
[2024-08-15T16:08:25.755+0000][13201.700s][info][gc,metaspace] GC(3164) Metaspace: 442450K(448832K)->442450K(448832K) NonClass: 387562K(391104K)->387562K(391104K) Class: 54887K(57728K)->54887K(57728K)
[2024-08-15T16:08:25.755+0000][13201.700s][info][gc          ] GC(3164) Pause Young (Normal) (G1 Evacuation Pause) 9713M->4238M(12288M) 13.888ms
[2024-08-15T16:08:25.755+0000][13201.700s][info][gc,cpu      ] GC(3164) User=0.07s Sys=0.00s Real=0.01s
[2024-08-15T16:08:30.265+0000][13206.209s][info][gc,start    ] GC(3165) Pause Young (Normal) (G1 Evacuation Pause)
[2024-08-15T16:08:30.265+0000][13206.209s][info][gc,task     ] GC(3165) Using 6 workers of 6 for evacuation
[2024-08-15T16:08:30.281+0000][13206.226s][info][gc,phases   ] GC(3165)   Pre Evacuate Collection Set: 0.2ms
[2024-08-15T16:08:30.281+0000][13206.226s][info][gc,phases   ] GC(3165)   Merge Heap Roots: 0.2ms
[2024-08-15T16:08:30.281+0000][13206.226s][info][gc,phases   ] GC(3165)   Evacuate Collection Set: 14.1ms
[2024-08-15T16:08:30.281+0000][13206.226s][info][gc,phases   ] GC(3165)   Post Evacuate Collection Set: 1.7ms
[2024-08-15T16:08:30.281+0000][13206.226s][info][gc,phases   ] GC(3165)   Other: 0.2ms
[2024-08-15T16:08:30.281+0000][13206.226s][info][gc,heap     ] GC(3165) Eden regions: 685->0(684)
[2024-08-15T16:08:30.281+0000][13206.226s][info][gc,heap     ] GC(3165) Survivor regions: 7->8(87)
[2024-08-15T16:08:30.281+0000][13206.226s][info][gc,heap     ] GC(3165) Old regions: 518->518
[2024-08-15T16:08:30.281+0000][13206.226s][info][gc,heap     ] GC(3165) Archive regions: 2->2
[2024-08-15T16:08:30.281+0000][13206.226s][info][gc,heap     ] GC(3165) Humongous regions: 5->5
[2024-08-15T16:08:30.281+0000][13206.226s][info][gc,metaspace] GC(3165) Metaspace: 442450K(448832K)->442450K(448832K) NonClass: 387562K(391104K)->387562K(391104K) Class: 54887K(57728K)->54887K(57728K)
[2024-08-15T16:08:30.281+0000][13206.226s][info][gc          ] GC(3165) Pause Young (Normal) (G1 Evacuation Pause) 9718M->4240M(12288M) 16.474ms
[2024-08-15T16:08:30.281+0000][13206.226s][info][gc,cpu      ] GC(3165) User=0.10s Sys=0.00s Real=0.01s
[2024-08-15T16:08:34.876+0000][13210.821s][info][gc,start    ] GC(3166) Pause Young (Concurrent Start) (G1 Evacuation Pause)
[2024-08-15T16:08:34.876+0000][13210.821s][info][gc,task     ] GC(3166) Using 6 workers of 6 for evacuation
[2024-08-15T16:08:34.895+0000][13210.839s][info][gc,phases   ] GC(3166)   Pre Evacuate Collection Set: 0.5ms
[2024-08-15T16:08:34.895+0000][13210.840s][info][gc,phases   ] GC(3166)   Merge Heap Roots: 0.2ms
[2024-08-15T16:08:34.895+0000][13210.840s][info][gc,phases   ] GC(3166)   Evacuate Collection Set: 16.1ms
[2024-08-15T16:08:34.895+0000][13210.840s][info][gc,phases   ] GC(3166)   Post Evacuate Collection Set: 1.7ms
[2024-08-15T16:08:34.895+0000][13210.840s][info][gc,phases   ] GC(3166)   Other: 0.3ms
[2024-08-15T16:08:34.895+0000][13210.840s][info][gc,heap     ] GC(3166) Eden regions: 684->0(682)
[2024-08-15T16:08:34.895+0000][13210.840s][info][gc,heap     ] GC(3166) Survivor regions: 8->10(87)
[2024-08-15T16:08:34.895+0000][13210.840s][info][gc,heap     ] GC(3166) Old regions: 518->518
[2024-08-15T16:08:34.895+0000][13210.840s][info][gc,heap     ] GC(3166) Archive regions: 2->2
[2024-08-15T16:08:34.895+0000][13210.840s][info][gc,heap     ] GC(3166) Humongous regions: 5->5
[2024-08-15T16:08:34.895+0000][13210.840s][info][gc,metaspace] GC(3166) Metaspace: 442450K(448832K)->442450K(448832K) NonClass: 387562K(391104K)->387562K(391104K) Class: 54887K(57728K)->54887K(57728K)
[2024-08-15T16:08:34.895+0000][13210.840s][info][gc          ] GC(3166) Pause Young (Concurrent Start) (G1 Evacuation Pause) 9712M->4255M(12288M) 18.867ms
[2024-08-15T16:08:34.895+0000][13210.840s][info][gc,cpu      ] GC(3166) User=0.11s Sys=0.00s Real=0.01s
[2024-08-15T16:08:34.895+0000][13210.840s][info][gc          ] GC(3167) Concurrent Mark Cycle
[2024-08-15T16:08:34.895+0000][13210.840s][info][gc,marking  ] GC(3167) Concurrent Clear Claimed Marks
[2024-08-15T16:08:34.895+0000][13210.840s][info][gc,marking  ] GC(3167) Concurrent Clear Claimed Marks 0.371ms
[2024-08-15T16:08:34.895+0000][13210.840s][info][gc,marking  ] GC(3167) Concurrent Scan Root Regions
[2024-08-15T16:08:34.931+0000][13210.875s][info][gc,marking  ] GC(3167) Concurrent Scan Root Regions 35.305ms
[2024-08-15T16:08:34.931+0000][13210.875s][info][gc,marking  ] GC(3167) Concurrent Mark
[2024-08-15T16:08:34.931+0000][13210.875s][info][gc,marking  ] GC(3167) Concurrent Mark From Roots
[2024-08-15T16:08:34.931+0000][13210.875s][info][gc,task     ] GC(3167) Using 2 workers of 2 for marking
[2024-08-15T16:08:38.363+0000][13214.308s][info][gc,marking  ] GC(3167) Concurrent Mark From Roots 3432.346ms
[2024-08-15T16:08:38.363+0000][13214.308s][info][gc,marking  ] GC(3167) Concurrent Preclean
[2024-08-15T16:08:38.365+0000][13214.309s][info][gc,marking  ] GC(3167) Concurrent Preclean 1.621ms
[2024-08-15T16:08:38.365+0000][13214.310s][info][gc,start    ] GC(3167) Pause Remark
[2024-08-15T16:08:38.389+0000][13214.334s][info][gc          ] GC(3167) Pause Remark 8155M->8155M(12288M) 23.871ms
[2024-08-15T16:08:38.389+0000][13214.334s][info][gc,cpu      ] GC(3167) User=0.10s Sys=0.00s Real=0.02s
[2024-08-15T16:08:38.389+0000][13214.334s][info][gc,marking  ] GC(3167) Concurrent Mark 3458.331ms
[2024-08-15T16:08:38.389+0000][13214.334s][info][gc,marking  ] GC(3167) Concurrent Rebuild Remembered Sets
[2024-08-15T16:08:39.947+0000][13215.892s][info][gc,start    ] GC(3168) Pause Young (Normal) (G1 Evacuation Pause)
[2024-08-15T16:08:39.947+0000][13215.892s][info][gc,task     ] GC(3168) Using 6 workers of 6 for evacuation
[2024-08-15T16:08:39.969+0000][13215.913s][info][gc,phases   ] GC(3168)   Pre Evacuate Collection Set: 0.2ms
[2024-08-15T16:08:39.969+0000][13215.914s][info][gc,phases   ] GC(3168)   Merge Heap Roots: 0.3ms
[2024-08-15T16:08:39.969+0000][13215.914s][info][gc,phases   ] GC(3168)   Evacuate Collection Set: 19.1ms
[2024-08-15T16:08:39.969+0000][13215.914s][info][gc,phases   ] GC(3168)   Post Evacuate Collection Set: 1.8ms
[2024-08-15T16:08:39.969+0000][13215.914s][info][gc,phases   ] GC(3168)   Other: 0.2ms
[2024-08-15T16:08:39.969+0000][13215.914s][info][gc,heap     ] GC(3168) Eden regions: 682->0(682)
[2024-08-15T16:08:39.969+0000][13215.914s][info][gc,heap     ] GC(3168) Survivor regions: 10->10(87)
[2024-08-15T16:08:39.969+0000][13215.914s][info][gc,heap     ] GC(3168) Old regions: 518->518
[2024-08-15T16:08:39.969+0000][13215.914s][info][gc,heap     ] GC(3168) Archive regions: 2->2
[2024-08-15T16:08:39.969+0000][13215.914s][info][gc,heap     ] GC(3168) Humongous regions: 5->5
[2024-08-15T16:08:39.969+0000][13215.914s][info][gc,metaspace] GC(3168) Metaspace: 442450K(448832K)->442450K(448832K) NonClass: 387562K(391104K)->387562K(391104K) Class: 54887K(57728K)->54887K(57728K)
[2024-08-15T16:08:39.969+0000][13215.914s][info][gc          ] GC(3168) Pause Young (Normal) (G1 Evacuation Pause) 9711M->4259M(12288M) 21.594ms
[2024-08-15T16:08:39.969+0000][13215.914s][info][gc,cpu      ] GC(3168) User=0.12s Sys=0.00s Real=0.02s
[2024-08-15T16:08:40.528+0000][13216.472s][info][gc,marking  ] GC(3167) Concurrent Rebuild Remembered Sets 2138.332ms
[2024-08-15T16:08:40.528+0000][13216.472s][info][gc,start    ] GC(3167) Pause Cleanup
[2024-08-15T16:08:40.528+0000][13216.473s][info][gc          ] GC(3167) Pause Cleanup 4823M->4823M(12288M) 0.516ms
[2024-08-15T16:08:40.528+0000][13216.473s][info][gc,cpu      ] GC(3167) User=0.00s Sys=0.00s Real=0.00s
[2024-08-15T16:08:40.528+0000][13216.473s][info][gc,marking  ] GC(3167) Concurrent Cleanup for Next Mark
[2024-08-15T16:08:40.545+0000][13216.490s][info][gc,marking  ] GC(3167) Concurrent Cleanup for Next Mark 16.855ms
[2024-08-15T16:08:40.545+0000][13216.490s][info][gc          ] GC(3167) Concurrent Mark Cycle 5650.242ms
[2024-08-15T16:08:43.536+0000][13219.481s][info][gc,start    ] GC(3169) Pause Young (Prepare Mixed) (G1 Evacuation Pause)
[2024-08-15T16:08:43.536+0000][13219.481s][info][gc,task     ] GC(3169) Using 6 workers of 6 for evacuation
[2024-08-15T16:08:43.558+0000][13219.503s][info][gc,phases   ] GC(3169)   Pre Evacuate Collection Set: 0.2ms
[2024-08-15T16:08:43.558+0000][13219.503s][info][gc,phases   ] GC(3169)   Merge Heap Roots: 0.3ms
[2024-08-15T16:08:43.558+0000][13219.503s][info][gc,phases   ] GC(3169)   Evacuate Collection Set: 19.8ms
[2024-08-15T16:08:43.558+0000][13219.503s][info][gc,phases   ] GC(3169)   Post Evacuate Collection Set: 1.7ms
[2024-08-15T16:08:43.558+0000][13219.503s][info][gc,phases   ] GC(3169)   Other: 0.2ms
[2024-08-15T16:08:43.558+0000][13219.503s][info][gc,heap     ] GC(3169) Eden regions: 682->0(64)
[2024-08-15T16:08:43.558+0000][13219.503s][info][gc,heap     ] GC(3169) Survivor regions: 10->12(87)
[2024-08-15T16:08:43.558+0000][13219.503s][info][gc,heap     ] GC(3169) Old regions: 518->518
[2024-08-15T16:08:43.558+0000][13219.503s][info][gc,heap     ] GC(3169) Archive regions: 2->2
[2024-08-15T16:08:43.558+0000][13219.503s][info][gc,heap     ] GC(3169) Humongous regions: 5->5
[2024-08-15T16:08:43.558+0000][13219.503s][info][gc,metaspace] GC(3169) Metaspace: 442450K(448832K)->442450K(448832K) NonClass: 387562K(391104K)->387562K(391104K) Class: 54887K(57728K)->54887K(57728K)
[2024-08-15T16:08:43.558+0000][13219.503s][info][gc          ] GC(3169) Pause Young (Prepare Mixed) (G1 Evacuation Pause) 9715M->4273M(12288M) 22.214ms
[2024-08-15T16:08:43.558+0000][13219.503s][info][gc,cpu      ] GC(3169) User=0.13s Sys=0.00s Real=0.02s
[2024-08-15T16:08:43.981+0000][13219.925s][info][gc,start    ] GC(3170) Pause Young (Mixed) (G1 Evacuation Pause)
[2024-08-15T16:08:43.981+0000][13219.925s][info][gc,task     ] GC(3170) Using 6 workers of 6 for evacuation
[2024-08-15T16:08:44.048+0000][13219.993s][info][gc,phases   ] GC(3170)   Pre Evacuate Collection Set: 0.2ms
[2024-08-15T16:08:44.048+0000][13219.993s][info][gc,phases   ] GC(3170)   Merge Heap Roots: 0.5ms
[2024-08-15T16:08:44.048+0000][13219.993s][info][gc,phases   ] GC(3170)   Evacuate Collection Set: 65.6ms
[2024-08-15T16:08:44.048+0000][13219.993s][info][gc,phases   ] GC(3170)   Post Evacuate Collection Set: 1.2ms
[2024-08-15T16:08:44.048+0000][13219.993s][info][gc,phases   ] GC(3170)   Other: 0.2ms
[2024-08-15T16:08:44.048+0000][13219.993s][info][gc,heap     ] GC(3170) Eden regions: 64->0(684)
[2024-08-15T16:08:44.048+0000][13219.993s][info][gc,heap     ] GC(3170) Survivor regions: 12->6(10)
[2024-08-15T16:08:44.048+0000][13219.993s][info][gc,heap     ] GC(3170) Old regions: 518->520
[2024-08-15T16:08:44.048+0000][13219.993s][info][gc,heap     ] GC(3170) Archive regions: 2->2
[2024-08-15T16:08:44.048+0000][13219.993s][info][gc,heap     ] GC(3170) Humongous regions: 5->5
[2024-08-15T16:08:44.048+0000][13219.993s][info][gc,metaspace] GC(3170) Metaspace: 442450K(448832K)->442450K(448832K) NonClass: 387562K(391104K)->387562K(391104K) Class: 54887K(57728K)->54887K(57728K)
[2024-08-15T16:08:44.048+0000][13219.993s][info][gc          ] GC(3170) Pause Young (Mixed) (G1 Evacuation Pause) 4785M->4247M(12288M) 67.724ms
[2024-08-15T16:08:44.048+0000][13219.993s][info][gc,cpu      ] GC(3170) User=0.40s Sys=0.00s Real=0.07s
[2024-08-15T16:08:48.586+0000][13224.531s][info][gc,start    ] GC(3171) Pause Young (Normal) (G1 Evacuation Pause)
[2024-08-15T16:08:48.586+0000][13224.531s][info][gc,task     ] GC(3171) Using 6 workers of 6 for evacuation
[2024-08-15T16:08:48.598+0000][13224.542s][info][gc,phases   ] GC(3171)   Pre Evacuate Collection Set: 0.2ms
[2024-08-15T16:08:48.598+0000][13224.542s][info][gc,phases   ] GC(3171)   Merge Heap Roots: 0.2ms
[2024-08-15T16:08:48.598+0000][13224.542s][info][gc,phases   ] GC(3171)   Evacuate Collection Set: 9.5ms
[2024-08-15T16:08:48.598+0000][13224.542s][info][gc,phases   ] GC(3171)   Post Evacuate Collection Set: 1.7ms
[2024-08-15T16:08:48.598+0000][13224.542s][info][gc,phases   ] GC(3171)   Other: 0.2ms
[2024-08-15T16:08:48.598+0000][13224.542s][info][gc,heap     ] GC(3171) Eden regions: 684->0(683)
[2024-08-15T16:08:48.598+0000][13224.542s][info][gc,heap     ] GC(3171) Survivor regions: 6->7(87)
[2024-08-15T16:08:48.598+0000][13224.542s][info][gc,heap     ] GC(3171) Old regions: 520->520
[2024-08-15T16:08:48.598+0000][13224.542s][info][gc,heap     ] GC(3171) Archive regions: 2->2
[2024-08-15T16:08:48.598+0000][13224.542s][info][gc,heap     ] GC(3171) Humongous regions: 5->5
[2024-08-15T16:08:48.598+0000][13224.542s][info][gc,metaspace] GC(3171) Metaspace: 442450K(448832K)->442450K(448832K) NonClass: 387562K(391104K)->387562K(391104K) Class: 54887K(57728K)->54887K(57728K)
[2024-08-15T16:08:48.598+0000][13224.542s][info][gc          ] GC(3171) Pause Young (Normal) (G1 Evacuation Pause) 9719M->4254M(12288M) 11.795ms
[2024-08-15T16:08:48.598+0000][13224.542s][info][gc,cpu      ] GC(3171) User=0.07s Sys=0.00s Real=0.01s
[2024-08-15T16:08:53.043+0000][13228.988s][info][gc,start    ] GC(3172) Pause Young (Normal) (G1 Evacuation Pause)
[2024-08-15T16:08:53.043+0000][13228.988s][info][gc,task     ] GC(3172) Using 6 workers of 6 for evacuation
[2024-08-15T16:08:53.056+0000][13229.001s][info][gc,phases   ] GC(3172)   Pre Evacuate Collection Set: 0.2ms
[2024-08-15T16:08:53.056+0000][13229.001s][info][gc,phases   ] GC(3172)   Merge Heap Roots: 0.2ms
[2024-08-15T16:08:53.056+0000][13229.001s][info][gc,phases   ] GC(3172)   Evacuate Collection Set: 10.9ms
[2024-08-15T16:08:53.056+0000][13229.001s][info][gc,phases   ] GC(3172)   Post Evacuate Collection Set: 1.7ms
[2024-08-15T16:08:53.056+0000][13229.001s][info][gc,phases   ] GC(3172)   Other: 0.2ms
[2024-08-15T16:08:53.056+0000][13229.001s][info][gc,heap     ] GC(3172) Eden regions: 683->0(685)
[2024-08-15T16:08:53.056+0000][13229.001s][info][gc,heap     ] GC(3172) Survivor regions: 7->6(87)
[2024-08-15T16:08:53.056+0000][13229.001s][info][gc,heap     ] GC(3172) Old regions: 520->520
[2024-08-15T16:08:53.056+0000][13229.001s][info][gc,heap     ] GC(3172) Archive regions: 2->2
[2024-08-15T16:08:53.056+0000][13229.001s][info][gc,heap     ] GC(3172) Humongous regions: 5->5
[2024-08-15T16:08:53.056+0000][13229.001s][info][gc,metaspace] GC(3172) Metaspace: 442450K(448832K)->442450K(448832K) NonClass: 387562K(391104K)->387562K(391104K) Class: 54887K(57728K)->54887K(57728K)
[2024-08-15T16:08:53.056+0000][13229.001s][info][gc          ] GC(3172) Pause Young (Normal) (G1 Evacuation Pause) 9718M->4246M(12288M) 13.292ms
[2024-08-15T16:08:53.056+0000][13229.001s][info][gc,cpu      ] GC(3172) User=0.07s Sys=0.00s Real=0.02s
[2024-08-15T16:08:57.101+0000][13233.045s][info][gc,start    ] GC(3173) Pause Young (Concurrent Start) (G1 Evacuation Pause)
[2024-08-15T16:08:57.101+0000][13233.045s][info][gc,task     ] GC(3173) Using 6 workers of 6 for evacuation
[2024-08-15T16:08:57.116+0000][13233.060s][info][gc,phases   ] GC(3173)   Pre Evacuate Collection Set: 0.5ms
[2024-08-15T16:08:57.116+0000][13233.060s][info][gc,phases   ] GC(3173)   Merge Heap Roots: 0.2ms
[2024-08-15T16:08:57.116+0000][13233.060s][info][gc,phases   ] GC(3173)   Evacuate Collection Set: 12.5ms
[2024-08-15T16:08:57.116+0000][13233.060s][info][gc,phases   ] GC(3173)   Post Evacuate Collection Set: 1.6ms
[2024-08-15T16:08:57.116+0000][13233.060s][info][gc,phases   ] GC(3173)   Other: 0.3ms
[2024-08-15T16:08:57.116+0000][13233.060s][info][gc,heap     ] GC(3173) Eden regions: 685->0(684)
[2024-08-15T16:08:57.116+0000][13233.060s][info][gc,heap     ] GC(3173) Survivor regions: 6->7(87)
[2024-08-15T16:08:57.116+0000][13233.060s][info][gc,heap     ] GC(3173) Old regions: 520->520
[2024-08-15T16:08:57.116+0000][13233.060s][info][gc,heap     ] GC(3173) Archive regions: 2->2
[2024-08-15T16:08:57.116+0000][13233.060s][info][gc,heap     ] GC(3173) Humongous regions: 5->5
[2024-08-15T16:08:57.116+0000][13233.060s][info][gc,metaspace] GC(3173) Metaspace: 442450K(448832K)->442450K(448832K) NonClass: 387562K(391104K)->387562K(391104K) Class: 54887K(57728K)->54887K(57728K)
[2024-08-15T16:08:57.116+0000][13233.060s][info][gc          ] GC(3173) Pause Young (Concurrent Start) (G1 Evacuation Pause) 9726M->4254M(12288M) 15.200ms
[2024-08-15T16:08:57.116+0000][13233.061s][info][gc,cpu      ] GC(3173) User=0.08s Sys=0.00s Real=0.02s
[2024-08-15T16:08:57.116+0000][13233.061s][info][gc          ] GC(3174) Concurrent Mark Cycle
[2024-08-15T16:08:57.116+0000][13233.061s][info][gc,marking  ] GC(3174) Concurrent Clear Claimed Marks
[2024-08-15T16:08:57.116+0000][13233.061s][info][gc,marking  ] GC(3174) Concurrent Clear Claimed Marks 0.376ms
[2024-08-15T16:08:57.116+0000][13233.061s][info][gc,marking  ] GC(3174) Concurrent Scan Root Regions
[2024-08-15T16:08:57.132+0000][13233.077s][info][gc,marking  ] GC(3174) Concurrent Scan Root Regions 15.941ms
[2024-08-15T16:08:57.132+0000][13233.077s][info][gc,marking  ] GC(3174) Concurrent Mark
[2024-08-15T16:08:57.132+0000][13233.077s][info][gc,marking  ] GC(3174) Concurrent Mark From Roots
[2024-08-15T16:08:57.132+0000][13233.077s][info][gc,task     ] GC(3174) Using 2 workers of 2 for marking
[2024-08-15T16:09:00.604+0000][13236.549s][info][gc,marking  ] GC(3174) Concurrent Mark From Roots 3472.069ms
[2024-08-15T16:09:00.604+0000][13236.549s][info][gc,marking  ] GC(3174) Concurrent Preclean
[2024-08-15T16:09:00.606+0000][13236.551s][info][gc,marking  ] GC(3174) Concurrent Preclean 1.878ms
[2024-08-15T16:09:00.607+0000][13236.551s][info][gc,start    ] GC(3174) Pause Remark
[2024-08-15T16:09:00.630+0000][13236.575s][info][gc          ] GC(3174) Pause Remark 7854M->7854M(12288M) 23.703ms
[2024-08-15T16:09:00.630+0000][13236.575s][info][gc,cpu      ] GC(3174) User=0.09s Sys=0.01s Real=0.02s
[2024-08-15T16:09:00.630+0000][13236.575s][info][gc,marking  ] GC(3174) Concurrent Mark 3498.139ms
[2024-08-15T16:09:00.630+0000][13236.575s][info][gc,marking  ] GC(3174) Concurrent Rebuild Remembered Sets
[2024-08-15T16:09:02.326+0000][13238.270s][info][gc,start    ] GC(3175) Pause Young (Normal) (G1 Evacuation Pause)
[2024-08-15T16:09:02.326+0000][13238.271s][info][gc,task     ] GC(3175) Using 6 workers of 6 for evacuation
[2024-08-15T16:09:02.344+0000][13238.288s][info][gc,phases   ] GC(3175)   Pre Evacuate Collection Set: 0.2ms
[2024-08-15T16:09:02.344+0000][13238.288s][info][gc,phases   ] GC(3175)   Merge Heap Roots: 0.3ms
[2024-08-15T16:09:02.344+0000][13238.289s][info][gc,phases   ] GC(3175)   Evacuate Collection Set: 15.7ms
[2024-08-15T16:09:02.344+0000][13238.289s][info][gc,phases   ] GC(3175)   Post Evacuate Collection Set: 1.6ms
[2024-08-15T16:09:02.344+0000][13238.289s][info][gc,phases   ] GC(3175)   Other: 0.2ms
[2024-08-15T16:09:02.344+0000][13238.289s][info][gc,heap     ] GC(3175) Eden regions: 684->0(681)
[2024-08-15T16:09:02.344+0000][13238.289s][info][gc,heap     ] GC(3175) Survivor regions: 7->9(87)
[2024-08-15T16:09:02.344+0000][13238.289s][info][gc,heap     ] GC(3175) Old regions: 520->520
[2024-08-15T16:09:02.344+0000][13238.289s][info][gc,heap     ] GC(3175) Archive regions: 2->2
[2024-08-15T16:09:02.344+0000][13238.289s][info][gc,heap     ] GC(3175) Humongous regions: 5->5
[2024-08-15T16:09:02.344+0000][13238.289s][info][gc,metaspace] GC(3175) Metaspace: 442450K(448832K)->442450K(448832K) NonClass: 387562K(391104K)->387562K(391104K) Class: 54887K(57728K)->54887K(57728K)
[2024-08-15T16:09:02.344+0000][13238.289s][info][gc          ] GC(3175) Pause Young (Normal) (G1 Evacuation Pause) 9726M->4270M(12288M) 18.109ms
[2024-08-15T16:09:02.344+0000][13238.289s][info][gc,cpu      ] GC(3175) User=0.10s Sys=0.00s Real=0.02s
[2024-08-15T16:09:02.665+0000][13238.610s][info][gc,marking  ] GC(3174) Concurrent Rebuild Remembered Sets 2034.909ms
[2024-08-15T16:09:02.666+0000][13238.610s][info][gc,start    ] GC(3174) Pause Cleanup
[2024-08-15T16:09:02.666+0000][13238.611s][info][gc          ] GC(3174) Pause Cleanup 4646M->4646M(12288M) 0.535ms
[2024-08-15T16:09:02.666+0000][13238.611s][info][gc,cpu      ] GC(3174) User=0.00s Sys=0.00s Real=0.00s
[2024-08-15T16:09:02.666+0000][13238.611s][info][gc,marking  ] GC(3174) Concurrent Cleanup for Next Mark
[2024-08-15T16:09:02.683+0000][13238.628s][info][gc,marking  ] GC(3174) Concurrent Cleanup for Next Mark 17.091ms
[2024-08-15T16:09:02.683+0000][13238.628s][info][gc          ] GC(3174) Concurrent Mark Cycle 5567.475ms
[2024-08-15T16:09:06.808+0000][13242.753s][info][gc,start    ] GC(3176) Pause Young (Prepare Mixed) (G1 Evacuation Pause)
[2024-08-15T16:09:06.808+0000][13242.753s][info][gc,task     ] GC(3176) Using 6 workers of 6 for evacuation
[2024-08-15T16:09:06.828+0000][13242.773s][info][gc,phases   ] GC(3176)   Pre Evacuate Collection Set: 0.2ms
[2024-08-15T16:09:06.828+0000][13242.773s][info][gc,phases   ] GC(3176)   Merge Heap Roots: 0.3ms
[2024-08-15T16:09:06.828+0000][13242.773s][info][gc,phases   ] GC(3176)   Evacuate Collection Set: 17.4ms
[2024-08-15T16:09:06.828+0000][13242.773s][info][gc,phases   ] GC(3176)   Post Evacuate Collection Set: 1.6ms
[2024-08-15T16:09:06.828+0000][13242.773s][info][gc,phases   ] GC(3176)   Other: 0.2ms
[2024-08-15T16:09:06.828+0000][13242.773s][info][gc,heap     ] GC(3176) Eden regions: 681->0(68)
[2024-08-15T16:09:06.828+0000][13242.773s][info][gc,heap     ] GC(3176) Survivor regions: 9->8(87)
[2024-08-15T16:09:06.828+0000][13242.773s][info][gc,heap     ] GC(3176) Old regions: 520->520
[2024-08-15T16:09:06.828+0000][13242.773s][info][gc,heap     ] GC(3176) Archive regions: 2->2
[2024-08-15T16:09:06.828+0000][13242.773s][info][gc,heap     ] GC(3176) Humongous regions: 5->5
[2024-08-15T16:09:06.828+0000][13242.773s][info][gc,metaspace] GC(3176) Metaspace: 442450K(448832K)->442450K(448832K) NonClass: 387562K(391104K)->387562K(391104K) Class: 54887K(57728K)->54887K(57728K)
[2024-08-15T16:09:06.828+0000][13242.773s][info][gc          ] GC(3176) Pause Young (Prepare Mixed) (G1 Evacuation Pause) 9718M->4266M(12288M) 19.752ms
[2024-08-15T16:09:06.828+0000][13242.773s][info][gc,cpu      ] GC(3176) User=0.11s Sys=0.00s Real=0.02s
[2024-08-15T16:09:07.282+0000][13243.227s][info][gc,start    ] GC(3177) Pause Young (Mixed) (G1 Evacuation Pause)
[2024-08-15T16:09:07.282+0000][13243.227s][info][gc,task     ] GC(3177) Using 6 workers of 6 for evacuation
[2024-08-15T16:09:07.332+0000][13243.276s][info][gc,phases   ] GC(3177)   Pre Evacuate Collection Set: 0.2ms
[2024-08-15T16:09:07.332+0000][13243.277s][info][gc,phases   ] GC(3177)   Merge Heap Roots: 0.3ms
[2024-08-15T16:09:07.332+0000][13243.277s][info][gc,phases   ] GC(3177)   Evacuate Collection Set: 48.1ms
[2024-08-15T16:09:07.332+0000][13243.277s][info][gc,phases   ] GC(3177)   Post Evacuate Collection Set: 1.2ms
[2024-08-15T16:09:07.332+0000][13243.277s][info][gc,phases   ] GC(3177)   Other: 0.2ms
[2024-08-15T16:09:07.332+0000][13243.277s][info][gc,heap     ] GC(3177) Eden regions: 68->0(688)
[2024-08-15T16:09:07.332+0000][13243.277s][info][gc,heap     ] GC(3177) Survivor regions: 8->6(10)
[2024-08-15T16:09:07.332+0000][13243.277s][info][gc,heap     ] GC(3177) Old regions: 520->517
[2024-08-15T16:09:07.332+0000][13243.277s][info][gc,heap     ] GC(3177) Archive regions: 2->2
[2024-08-15T16:09:07.332+0000][13243.277s][info][gc,heap     ] GC(3177) Humongous regions: 5->5
[2024-08-15T16:09:07.332+0000][13243.277s][info][gc,metaspace] GC(3177) Metaspace: 442450K(448832K)->442450K(448832K) NonClass: 387562K(391104K)->387562K(391104K) Class: 54887K(57728K)->54887K(57728K)
[2024-08-15T16:09:07.332+0000][13243.277s][info][gc          ] GC(3177) Pause Young (Mixed) (G1 Evacuation Pause) 4810M->4221M(12288M) 50.052ms
[2024-08-15T16:09:07.332+0000][13243.277s][info][gc,cpu      ] GC(3177) User=0.29s Sys=0.00s Real=0.05s
[2024-08-15T16:09:11.898+0000][13247.842s][info][gc,start    ] GC(3178) Pause Young (Normal) (G1 Evacuation Pause)
[2024-08-15T16:09:11.898+0000][13247.842s][info][gc,task     ] GC(3178) Using 6 workers of 6 for evacuation
[2024-08-15T16:09:11.912+0000][13247.856s][info][gc,phases   ] GC(3178)   Pre Evacuate Collection Set: 0.2ms
[2024-08-15T16:09:11.912+0000][13247.856s][info][gc,phases   ] GC(3178)   Merge Heap Roots: 0.2ms
[2024-08-15T16:09:11.912+0000][13247.856s][info][gc,phases   ] GC(3178)   Evacuate Collection Set: 11.7ms
[2024-08-15T16:09:11.912+0000][13247.856s][info][gc,phases   ] GC(3178)   Post Evacuate Collection Set: 1.7ms
[2024-08-15T16:09:11.912+0000][13247.856s][info][gc,phases   ] GC(3178)   Other: 0.2ms
[2024-08-15T16:09:11.912+0000][13247.856s][info][gc,heap     ] GC(3178) Eden regions: 688->0(686)
[2024-08-15T16:09:11.912+0000][13247.856s][info][gc,heap     ] GC(3178) Survivor regions: 6->8(87)
[2024-08-15T16:09:11.912+0000][13247.856s][info][gc,heap     ] GC(3178) Old regions: 517->517
[2024-08-15T16:09:11.912+0000][13247.856s][info][gc,heap     ] GC(3178) Archive regions: 2->2
[2024-08-15T16:09:11.912+0000][13247.856s][info][gc,heap     ] GC(3178) Humongous regions: 5->5
[2024-08-15T16:09:11.912+0000][13247.856s][info][gc,metaspace] GC(3178) Metaspace: 442450K(448832K)->442450K(448832K) NonClass: 387562K(391104K)->387562K(391104K) Class: 54887K(57728K)->54887K(57728K)
[2024-08-15T16:09:11.912+0000][13247.856s][info][gc          ] GC(3178) Pause Young (Normal) (G1 Evacuation Pause) 9725M->4234M(12288M) 14.060ms
[2024-08-15T16:09:11.912+0000][13247.856s][info][gc,cpu      ] GC(3178) User=0.08s Sys=0.00s Real=0.01s
[2024-08-15T16:09:16.453+0000][13252.398s][info][gc,start    ] GC(3179) Pause Young (Normal) (G1 Evacuation Pause)
[2024-08-15T16:09:16.453+0000][13252.398s][info][gc,task     ] GC(3179) Using 6 workers of 6 for evacuation
[2024-08-15T16:09:16.469+0000][13252.414s][info][gc,phases   ] GC(3179)   Pre Evacuate Collection Set: 0.2ms
[2024-08-15T16:09:16.469+0000][13252.414s][info][gc,phases   ] GC(3179)   Merge Heap Roots: 0.2ms
[2024-08-15T16:09:16.469+0000][13252.414s][info][gc,phases   ] GC(3179)   Evacuate Collection Set: 13.6ms
[2024-08-15T16:09:16.469+0000][13252.414s][info][gc,phases   ] GC(3179)   Post Evacuate Collection Set: 1.6ms
[2024-08-15T16:09:16.469+0000][13252.414s][info][gc,phases   ] GC(3179)   Other: 0.2ms
[2024-08-15T16:09:16.469+0000][13252.414s][info][gc,heap     ] GC(3179) Eden regions: 686->0(683)
[2024-08-15T16:09:16.469+0000][13252.414s][info][gc,heap     ] GC(3179) Survivor regions: 8->10(87)
[2024-08-15T16:09:16.469+0000][13252.414s][info][gc,heap     ] GC(3179) Old regions: 517->517
[2024-08-15T16:09:16.469+0000][13252.414s][info][gc,heap     ] GC(3179) Archive regions: 2->2
[2024-08-15T16:09:16.469+0000][13252.414s][info][gc,heap     ] GC(3179) Humongous regions: 5->5
[2024-08-15T16:09:16.469+0000][13252.414s][info][gc,metaspace] GC(3179) Metaspace: 442450K(448832K)->442450K(448832K) NonClass: 387562K(391104K)->387562K(391104K) Class: 54887K(57728K)->54887K(57728K)
[2024-08-15T16:09:16.469+0000][13252.414s][info][gc          ] GC(3179) Pause Young (Normal) (G1 Evacuation Pause) 9722M->4251M(12288M) 15.797ms
[2024-08-15T16:09:16.469+0000][13252.414s][info][gc,cpu      ] GC(3179) User=0.09s Sys=0.00s Real=0.02s
[2024-08-15T16:09:20.990+0000][13256.934s][info][gc,start    ] GC(3180) Pause Young (Concurrent Start) (G1 Evacuation Pause)
[2024-08-15T16:09:20.990+0000][13256.934s][info][gc,task     ] GC(3180) Using 6 workers of 6 for evacuation
[2024-08-15T16:09:21.008+0000][13256.952s][info][gc,phases   ] GC(3180)   Pre Evacuate Collection Set: 0.6ms
[2024-08-15T16:09:21.008+0000][13256.952s][info][gc,phases   ] GC(3180)   Merge Heap Roots: 0.2ms
[2024-08-15T16:09:21.008+0000][13256.952s][info][gc,phases   ] GC(3180)   Evacuate Collection Set: 15.5ms
[2024-08-15T16:09:21.008+0000][13256.952s][info][gc,phases   ] GC(3180)   Post Evacuate Collection Set: 1.7ms
[2024-08-15T16:09:21.008+0000][13256.952s][info][gc,phases   ] GC(3180)   Other: 0.3ms
[2024-08-15T16:09:21.008+0000][13256.952s][info][gc,heap     ] GC(3180) Eden regions: 683->0(683)
[2024-08-15T16:09:21.008+0000][13256.952s][info][gc,heap     ] GC(3180) Survivor regions: 10->10(87)
[2024-08-15T16:09:21.008+0000][13256.952s][info][gc,heap     ] GC(3180) Old regions: 517->517
[2024-08-15T16:09:21.008+0000][13256.952s][info][gc,heap     ] GC(3180) Archive regions: 2->2
[2024-08-15T16:09:21.008+0000][13256.952s][info][gc,heap     ] GC(3180) Humongous regions: 5->5
[2024-08-15T16:09:21.008+0000][13256.952s][info][gc,metaspace] GC(3180) Metaspace: 442450K(448832K)->442450K(448832K) NonClass: 387562K(391104K)->387562K(391104K) Class: 54887K(57728K)->54887K(57728K)
[2024-08-15T16:09:21.008+0000][13256.952s][info][gc          ] GC(3180) Pause Young (Concurrent Start) (G1 Evacuation Pause) 9715M->4253M(12288M) 18.286ms
[2024-08-15T16:09:21.008+0000][13256.952s][info][gc,cpu      ] GC(3180) User=0.10s Sys=0.00s Real=0.02s
[2024-08-15T16:09:21.008+0000][13256.953s][info][gc          ] GC(3181) Concurrent Mark Cycle
[2024-08-15T16:09:21.008+0000][13256.953s][info][gc,marking  ] GC(3181) Concurrent Clear Claimed Marks
[2024-08-15T16:09:21.008+0000][13256.953s][info][gc,marking  ] GC(3181) Concurrent Clear Claimed Marks 0.404ms
[2024-08-15T16:09:21.008+0000][13256.953s][info][gc,marking  ] GC(3181) Concurrent Scan Root Regions
[2024-08-15T16:09:21.027+0000][13256.972s][info][gc,marking  ] GC(3181) Concurrent Scan Root Regions 18.818ms
[2024-08-15T16:09:21.027+0000][13256.972s][info][gc,marking  ] GC(3181) Concurrent Mark
[2024-08-15T16:09:21.027+0000][13256.972s][info][gc,marking  ] GC(3181) Concurrent Mark From Roots
[2024-08-15T16:09:21.027+0000][13256.972s][info][gc,task     ] GC(3181) Using 2 workers of 2 for marking
[2024-08-15T16:09:24.357+0000][13260.302s][info][gc,marking  ] GC(3181) Concurrent Mark From Roots 3330.196ms
[2024-08-15T16:09:24.357+0000][13260.302s][info][gc,marking  ] GC(3181) Concurrent Preclean
[2024-08-15T16:09:24.359+0000][13260.304s][info][gc,marking  ] GC(3181) Concurrent Preclean 1.489ms
[2024-08-15T16:09:24.359+0000][13260.304s][info][gc,start    ] GC(3181) Pause Remark
[2024-08-15T16:09:24.383+0000][13260.328s][info][gc          ] GC(3181) Pause Remark 7581M->7581M(12288M) 23.981ms
[2024-08-15T16:09:24.383+0000][13260.328s][info][gc,cpu      ] GC(3181) User=0.10s Sys=0.00s Real=0.03s
[2024-08-15T16:09:24.383+0000][13260.328s][info][gc,marking  ] GC(3181) Concurrent Mark 3356.164ms
[2024-08-15T16:09:24.383+0000][13260.328s][info][gc,marking  ] GC(3181) Concurrent Rebuild Remembered Sets
[2024-08-15T16:09:26.348+0000][13262.292s][info][gc,start    ] GC(3182) Pause Young (Normal) (G1 Evacuation Pause)
[2024-08-15T16:09:26.348+0000][13262.293s][info][gc,task     ] GC(3182) Using 6 workers of 6 for evacuation
[2024-08-15T16:09:26.373+0000][13262.318s][info][gc,phases   ] GC(3182)   Pre Evacuate Collection Set: 0.2ms
[2024-08-15T16:09:26.373+0000][13262.318s][info][gc,phases   ] GC(3182)   Merge Heap Roots: 0.3ms
[2024-08-15T16:09:26.373+0000][13262.318s][info][gc,phases   ] GC(3182)   Evacuate Collection Set: 22.8ms
[2024-08-15T16:09:26.373+0000][13262.318s][info][gc,phases   ] GC(3182)   Post Evacuate Collection Set: 1.8ms
[2024-08-15T16:09:26.373+0000][13262.318s][info][gc,phases   ] GC(3182)   Other: 0.2ms
[2024-08-15T16:09:26.373+0000][13262.318s][info][gc,heap     ] GC(3182) Eden regions: 683->0(680)
[2024-08-15T16:09:26.373+0000][13262.318s][info][gc,heap     ] GC(3182) Survivor regions: 10->12(87)
[2024-08-15T16:09:26.373+0000][13262.318s][info][gc,heap     ] GC(3182) Old regions: 517->517
[2024-08-15T16:09:26.373+0000][13262.318s][info][gc,heap     ] GC(3182) Archive regions: 2->2
[2024-08-15T16:09:26.373+0000][13262.318s][info][gc,heap     ] GC(3182) Humongous regions: 5->5
[2024-08-15T16:09:26.373+0000][13262.318s][info][gc,metaspace] GC(3182) Metaspace: 442450K(448832K)->442450K(448832K) NonClass: 387562K(391104K)->387562K(391104K) Class: 54887K(57728K)->54887K(57728K)
[2024-08-15T16:09:26.373+0000][13262.318s][info][gc          ] GC(3182) Pause Young (Normal) (G1 Evacuation Pause) 9717M->4272M(12288M) 25.297ms
[2024-08-15T16:09:26.373+0000][13262.318s][info][gc,cpu      ] GC(3182) User=0.15s Sys=0.00s Real=0.02s
[2024-08-15T16:09:26.396+0000][13262.340s][info][gc,marking  ] GC(3181) Concurrent Rebuild Remembered Sets 2012.457ms
[2024-08-15T16:09:26.396+0000][13262.341s][info][gc,start    ] GC(3181) Pause Cleanup
[2024-08-15T16:09:26.396+0000][13262.341s][info][gc          ] GC(3181) Pause Cleanup 4328M->4328M(12288M) 0.490ms
[2024-08-15T16:09:26.397+0000][13262.341s][info][gc,cpu      ] GC(3181) User=0.00s Sys=0.00s Real=0.00s
[2024-08-15T16:09:26.397+0000][13262.341s][info][gc,marking  ] GC(3181) Concurrent Cleanup for Next Mark
[2024-08-15T16:09:26.426+0000][13262.370s][info][gc,marking  ] GC(3181) Concurrent Cleanup for Next Mark 29.034ms
[2024-08-15T16:09:26.426+0000][13262.370s][info][gc          ] GC(3181) Concurrent Mark Cycle 5417.759ms
[2024-08-15T16:09:30.863+0000][13266.807s][info][gc,start    ] GC(3183) Pause Young (Prepare Mixed) (G1 Evacuation Pause)
[2024-08-15T16:09:30.863+0000][13266.807s][info][gc,task     ] GC(3183) Using 6 workers of 6 for evacuation
[2024-08-15T16:09:30.885+0000][13266.830s][info][gc,phases   ] GC(3183)   Pre Evacuate Collection Set: 0.2ms
[2024-08-15T16:09:30.885+0000][13266.830s][info][gc,phases   ] GC(3183)   Merge Heap Roots: 0.3ms
[2024-08-15T16:09:30.885+0000][13266.830s][info][gc,phases   ] GC(3183)   Evacuate Collection Set: 20.1ms
[2024-08-15T16:09:30.885+0000][13266.830s][info][gc,phases   ] GC(3183)   Post Evacuate Collection Set: 1.6ms
[2024-08-15T16:09:30.885+0000][13266.830s][info][gc,phases   ] GC(3183)   Other: 0.2ms
[2024-08-15T16:09:30.885+0000][13266.830s][info][gc,heap     ] GC(3183) Eden regions: 680->0(64)
[2024-08-15T16:09:30.885+0000][13266.830s][info][gc,heap     ] GC(3183) Survivor regions: 12->12(87)
[2024-08-15T16:09:30.885+0000][13266.830s][info][gc,heap     ] GC(3183) Old regions: 517->517
[2024-08-15T16:09:30.885+0000][13266.830s][info][gc,heap     ] GC(3183) Archive regions: 2->2
[2024-08-15T16:09:30.885+0000][13266.830s][info][gc,heap     ] GC(3183) Humongous regions: 5->5
[2024-08-15T16:09:30.885+0000][13266.830s][info][gc,metaspace] GC(3183) Metaspace: 442450K(448832K)->442450K(448832K) NonClass: 387562K(391104K)->387562K(391104K) Class: 54887K(57728K)->54887K(57728K)
[2024-08-15T16:09:30.885+0000][13266.830s][info][gc          ] GC(3183) Pause Young (Prepare Mixed) (G1 Evacuation Pause) 9712M->4270M(12288M) 22.432ms
[2024-08-15T16:09:30.885+0000][13266.830s][info][gc,cpu      ] GC(3183) User=0.14s Sys=0.00s Real=0.03s
[2024-08-15T16:09:31.293+0000][13267.237s][info][gc,start    ] GC(3184) Pause Young (Mixed) (G1 Evacuation Pause)
[2024-08-15T16:09:31.293+0000][13267.237s][info][gc,task     ] GC(3184) Using 6 workers of 6 for evacuation
[2024-08-15T16:09:31.359+0000][13267.304s][info][gc,phases   ] GC(3184)   Pre Evacuate Collection Set: 0.2ms
[2024-08-15T16:09:31.359+0000][13267.304s][info][gc,phases   ] GC(3184)   Merge Heap Roots: 0.5ms
[2024-08-15T16:09:31.359+0000][13267.304s][info][gc,phases   ] GC(3184)   Evacuate Collection Set: 64.5ms
[2024-08-15T16:09:31.359+0000][13267.304s][info][gc,phases   ] GC(3184)   Post Evacuate Collection Set: 1.2ms
[2024-08-15T16:09:31.359+0000][13267.304s][info][gc,phases   ] GC(3184)   Other: 0.2ms
[2024-08-15T16:09:31.359+0000][13267.304s][info][gc,heap     ] GC(3184) Eden regions: 64->0(684)
[2024-08-15T16:09:31.359+0000][13267.304s][info][gc,heap     ] GC(3184) Survivor regions: 12->6(10)
[2024-08-15T16:09:31.359+0000][13267.304s][info][gc,heap     ] GC(3184) Old regions: 517->520
[2024-08-15T16:09:31.359+0000][13267.304s][info][gc,heap     ] GC(3184) Archive regions: 2->2
[2024-08-15T16:09:31.359+0000][13267.304s][info][gc,heap     ] GC(3184) Humongous regions: 5->5
[2024-08-15T16:09:31.359+0000][13267.304s][info][gc,metaspace] GC(3184) Metaspace: 442450K(448832K)->442450K(448832K) NonClass: 387562K(391104K)->387562K(391104K) Class: 54887K(57728K)->54887K(57728K)
[2024-08-15T16:09:31.359+0000][13267.304s][info][gc          ] GC(3184) Pause Young (Mixed) (G1 Evacuation Pause) 4782M->4241M(12288M) 66.567ms
[2024-08-15T16:09:31.359+0000][13267.304s][info][gc,cpu      ] GC(3184) User=0.39s Sys=0.00s Real=0.07s
[2024-08-15T16:09:35.965+0000][13271.909s][info][gc,start    ] GC(3185) Pause Young (Normal) (G1 Evacuation Pause)
[2024-08-15T16:09:35.965+0000][13271.909s][info][gc,task     ] GC(3185) Using 6 workers of 6 for evacuation
[2024-08-15T16:09:35.978+0000][13271.922s][info][gc,phases   ] GC(3185)   Pre Evacuate Collection Set: 0.2ms
[2024-08-15T16:09:35.978+0000][13271.922s][info][gc,phases   ] GC(3185)   Merge Heap Roots: 0.2ms
[2024-08-15T16:09:35.978+0000][13271.922s][info][gc,phases   ] GC(3185)   Evacuate Collection Set: 10.8ms
[2024-08-15T16:09:35.978+0000][13271.922s][info][gc,phases   ] GC(3185)   Post Evacuate Collection Set: 1.6ms
[2024-08-15T16:09:35.978+0000][13271.922s][info][gc,phases   ] GC(3185)   Other: 0.2ms
[2024-08-15T16:09:35.978+0000][13271.922s][info][gc,heap     ] GC(3185) Eden regions: 684->0(683)
[2024-08-15T16:09:35.978+0000][13271.922s][info][gc,heap     ] GC(3185) Survivor regions: 6->7(87)
[2024-08-15T16:09:35.978+0000][13271.922s][info][gc,heap     ] GC(3185) Old regions: 520->520
[2024-08-15T16:09:35.978+0000][13271.922s][info][gc,heap     ] GC(3185) Archive regions: 2->2
[2024-08-15T16:09:35.978+0000][13271.922s][info][gc,heap     ] GC(3185) Humongous regions: 5->5
[2024-08-15T16:09:35.978+0000][13271.922s][info][gc,metaspace] GC(3185) Metaspace: 442452K(448832K)->442452K(448832K) NonClass: 387564K(391104K)->387564K(391104K) Class: 54887K(57728K)->54887K(57728K)
[2024-08-15T16:09:35.978+0000][13271.922s][info][gc          ] GC(3185) Pause Young (Normal) (G1 Evacuation Pause) 9713M->4253M(12288M) 13.145ms
[2024-08-15T16:09:35.978+0000][13271.922s][info][gc,cpu      ] GC(3185) User=0.08s Sys=0.00s Real=0.01s
[2024-08-15T16:09:40.512+0000][13276.456s][info][gc,start    ] GC(3186) Pause Young (Normal) (G1 Evacuation Pause)
[2024-08-15T16:09:40.512+0000][13276.456s][info][gc,task     ] GC(3186) Using 6 workers of 6 for evacuation
[2024-08-15T16:09:40.528+0000][13276.472s][info][gc,phases   ] GC(3186)   Pre Evacuate Collection Set: 0.2ms
[2024-08-15T16:09:40.528+0000][13276.472s][info][gc,phases   ] GC(3186)   Merge Heap Roots: 0.2ms
[2024-08-15T16:09:40.528+0000][13276.472s][info][gc,phases   ] GC(3186)   Evacuate Collection Set: 13.5ms
[2024-08-15T16:09:40.528+0000][13276.472s][info][gc,phases   ] GC(3186)   Post Evacuate Collection Set: 1.8ms
[2024-08-15T16:09:40.528+0000][13276.472s][info][gc,phases   ] GC(3186)   Other: 0.2ms
[2024-08-15T16:09:40.528+0000][13276.472s][info][gc,heap     ] GC(3186) Eden regions: 683->0(681)
[2024-08-15T16:09:40.528+0000][13276.472s][info][gc,heap     ] GC(3186) Survivor regions: 7->9(87)
[2024-08-15T16:09:40.528+0000][13276.472s][info][gc,heap     ] GC(3186) Old regions: 520->520
[2024-08-15T16:09:40.528+0000][13276.472s][info][gc,heap     ] GC(3186) Archive regions: 2->2
[2024-08-15T16:09:40.528+0000][13276.472s][info][gc,heap     ] GC(3186) Humongous regions: 5->5
[2024-08-15T16:09:40.528+0000][13276.472s][info][gc,metaspace] GC(3186) Metaspace: 442452K(448832K)->442452K(448832K) NonClass: 387564K(391104K)->387564K(391104K) Class: 54887K(57728K)->54887K(57728K)
[2024-08-15T16:09:40.528+0000][13276.472s][info][gc          ] GC(3186) Pause Young (Normal) (G1 Evacuation Pause) 9717M->4270M(12288M) 15.944ms
[2024-08-15T16:09:40.528+0000][13276.472s][info][gc,cpu      ] GC(3186) User=0.09s Sys=0.00s Real=0.02s
[2024-08-15T16:09:44.987+0000][13280.932s][info][gc,start    ] GC(3187) Pause Young (Concurrent Start) (G1 Evacuation Pause)
[2024-08-15T16:09:44.987+0000][13280.932s][info][gc,task     ] GC(3187) Using 6 workers of 6 for evacuation
[2024-08-15T16:09:45.005+0000][13280.950s][info][gc,phases   ] GC(3187)   Pre Evacuate Collection Set: 0.5ms
[2024-08-15T16:09:45.005+0000][13280.950s][info][gc,phases   ] GC(3187)   Merge Heap Roots: 0.2ms
[2024-08-15T16:09:45.005+0000][13280.950s][info][gc,phases   ] GC(3187)   Evacuate Collection Set: 15.5ms
[2024-08-15T16:09:45.005+0000][13280.950s][info][gc,phases   ] GC(3187)   Post Evacuate Collection Set: 1.7ms
[2024-08-15T16:09:45.005+0000][13280.950s][info][gc,phases   ] GC(3187)   Other: 0.3ms
[2024-08-15T16:09:45.005+0000][13280.950s][info][gc,heap     ] GC(3187) Eden regions: 681->0(682)
[2024-08-15T16:09:45.005+0000][13280.950s][info][gc,heap     ] GC(3187) Survivor regions: 9->8(87)
[2024-08-15T16:09:45.005+0000][13280.950s][info][gc,heap     ] GC(3187) Old regions: 520->520
[2024-08-15T16:09:45.005+0000][13280.950s][info][gc,heap     ] GC(3187) Archive regions: 2->2
[2024-08-15T16:09:45.005+0000][13280.950s][info][gc,heap     ] GC(3187) Humongous regions: 5->5
[2024-08-15T16:09:45.005+0000][13280.950s][info][gc,metaspace] GC(3187) Metaspace: 442452K(448832K)->442452K(448832K) NonClass: 387564K(391104K)->387564K(391104K) Class: 54887K(57728K)->54887K(57728K)
[2024-08-15T16:09:45.005+0000][13280.950s][info][gc          ] GC(3187) Pause Young (Concurrent Start) (G1 Evacuation Pause) 9718M->4261M(12288M) 18.319ms
[2024-08-15T16:09:45.005+0000][13280.950s][info][gc,cpu      ] GC(3187) User=0.10s Sys=0.00s Real=0.02s
[2024-08-15T16:09:45.005+0000][13280.950s][info][gc          ] GC(3188) Concurrent Mark Cycle
[2024-08-15T16:09:45.006+0000][13280.950s][info][gc,marking  ] GC(3188) Concurrent Clear Claimed Marks
[2024-08-15T16:09:45.006+0000][13280.951s][info][gc,marking  ] GC(3188) Concurrent Clear Claimed Marks 0.377ms
[2024-08-15T16:09:45.006+0000][13280.951s][info][gc,marking  ] GC(3188) Concurrent Scan Root Regions
[2024-08-15T16:09:45.022+0000][13280.966s][info][gc,marking  ] GC(3188) Concurrent Scan Root Regions 15.718ms
[2024-08-15T16:09:45.022+0000][13280.966s][info][gc,marking  ] GC(3188) Concurrent Mark
[2024-08-15T16:09:45.022+0000][13280.966s][info][gc,marking  ] GC(3188) Concurrent Mark From Roots
[2024-08-15T16:09:45.022+0000][13280.966s][info][gc,task     ] GC(3188) Using 2 workers of 2 for marking
[2024-08-15T16:09:48.415+0000][13284.359s][info][gc,marking  ] GC(3188) Concurrent Mark From Roots 3393.089ms
[2024-08-15T16:09:48.415+0000][13284.359s][info][gc,marking  ] GC(3188) Concurrent Preclean
[2024-08-15T16:09:48.416+0000][13284.361s][info][gc,marking  ] GC(3188) Concurrent Preclean 1.359ms
[2024-08-15T16:09:48.416+0000][13284.361s][info][gc,start    ] GC(3188) Pause Remark
[2024-08-15T16:09:48.440+0000][13284.385s][info][gc          ] GC(3188) Pause Remark 8257M->8257M(12288M) 23.720ms
[2024-08-15T16:09:48.440+0000][13284.385s][info][gc,cpu      ] GC(3188) User=0.11s Sys=0.00s Real=0.02s
[2024-08-15T16:09:48.440+0000][13284.385s][info][gc,marking  ] GC(3188) Concurrent Mark 3418.524ms
[2024-08-15T16:09:48.440+0000][13284.385s][info][gc,marking  ] GC(3188) Concurrent Rebuild Remembered Sets
[2024-08-15T16:09:49.766+0000][13285.711s][info][gc,start    ] GC(3189) Pause Young (Normal) (G1 Evacuation Pause)
[2024-08-15T16:09:49.766+0000][13285.711s][info][gc,task     ] GC(3189) Using 6 workers of 6 for evacuation
[2024-08-15T16:09:49.788+0000][13285.732s][info][gc,phases   ] GC(3189)   Pre Evacuate Collection Set: 0.2ms
[2024-08-15T16:09:49.788+0000][13285.732s][info][gc,phases   ] GC(3189)   Merge Heap Roots: 0.3ms
[2024-08-15T16:09:49.788+0000][13285.732s][info][gc,phases   ] GC(3189)   Evacuate Collection Set: 18.9ms
[2024-08-15T16:09:49.788+0000][13285.732s][info][gc,phases   ] GC(3189)   Post Evacuate Collection Set: 1.8ms
[2024-08-15T16:09:49.788+0000][13285.732s][info][gc,phases   ] GC(3189)   Other: 0.2ms
[2024-08-15T16:09:49.788+0000][13285.732s][info][gc,heap     ] GC(3189) Eden regions: 682->0(681)
[2024-08-15T16:09:49.788+0000][13285.732s][info][gc,heap     ] GC(3189) Survivor regions: 8->9(87)
[2024-08-15T16:09:49.788+0000][13285.732s][info][gc,heap     ] GC(3189) Old regions: 520->520
[2024-08-15T16:09:49.788+0000][13285.732s][info][gc,heap     ] GC(3189) Archive regions: 2->2
[2024-08-15T16:09:49.788+0000][13285.732s][info][gc,heap     ] GC(3189) Humongous regions: 5->5
[2024-08-15T16:09:49.788+0000][13285.732s][info][gc,metaspace] GC(3189) Metaspace: 442452K(448832K)->442452K(448832K) NonClass: 387564K(391104K)->387564K(391104K) Class: 54887K(57728K)->54887K(57728K)
[2024-08-15T16:09:49.788+0000][13285.732s][info][gc          ] GC(3189) Pause Young (Normal) (G1 Evacuation Pause) 9717M->4266M(12288M) 21.422ms
[2024-08-15T16:09:49.788+0000][13285.732s][info][gc,cpu      ] GC(3189) User=0.12s Sys=0.00s Real=0.02s
[2024-08-15T16:09:50.542+0000][13286.487s][info][gc,marking  ] GC(3188) Concurrent Rebuild Remembered Sets 2101.845ms
[2024-08-15T16:09:50.542+0000][13286.487s][info][gc,start    ] GC(3188) Pause Cleanup
[2024-08-15T16:09:50.543+0000][13286.487s][info][gc          ] GC(3188) Pause Cleanup 5094M->5094M(12288M) 0.520ms
[2024-08-15T16:09:50.543+0000][13286.487s][info][gc,cpu      ] GC(3188) User=0.00s Sys=0.00s Real=0.00s
[2024-08-15T16:09:50.543+0000][13286.488s][info][gc,marking  ] GC(3188) Concurrent Cleanup for Next Mark
[2024-08-15T16:09:50.560+0000][13286.504s][info][gc,marking  ] GC(3188) Concurrent Cleanup for Next Mark 16.883ms
[2024-08-15T16:09:50.560+0000][13286.504s][info][gc          ] GC(3188) Concurrent Mark Cycle 5554.336ms
[2024-08-15T16:09:54.342+0000][13290.286s][info][gc,start    ] GC(3190) Pause Young (Prepare Mixed) (G1 Evacuation Pause)
[2024-08-15T16:09:54.342+0000][13290.286s][info][gc,task     ] GC(3190) Using 6 workers of 6 for evacuation
[2024-08-15T16:09:54.366+0000][13290.311s][info][gc,phases   ] GC(3190)   Pre Evacuate Collection Set: 0.2ms
[2024-08-15T16:09:54.366+0000][13290.311s][info][gc,phases   ] GC(3190)   Merge Heap Roots: 0.3ms
[2024-08-15T16:09:54.366+0000][13290.311s][info][gc,phases   ] GC(3190)   Evacuate Collection Set: 21.8ms
[2024-08-15T16:09:54.366+0000][13290.311s][info][gc,phases   ] GC(3190)   Post Evacuate Collection Set: 1.7ms
[2024-08-15T16:09:54.366+0000][13290.311s][info][gc,phases   ] GC(3190)   Other: 0.2ms
[2024-08-15T16:09:54.366+0000][13290.311s][info][gc,heap     ] GC(3190) Eden regions: 681->0(65)
[2024-08-15T16:09:54.366+0000][13290.311s][info][gc,heap     ] GC(3190) Survivor regions: 9->11(87)
[2024-08-15T16:09:54.366+0000][13290.311s][info][gc,heap     ] GC(3190) Old regions: 520->520
[2024-08-15T16:09:54.366+0000][13290.311s][info][gc,heap     ] GC(3190) Archive regions: 2->2
[2024-08-15T16:09:54.366+0000][13290.311s][info][gc,heap     ] GC(3190) Humongous regions: 5->5
[2024-08-15T16:09:54.366+0000][13290.311s][info][gc,metaspace] GC(3190) Metaspace: 442452K(448832K)->442452K(448832K) NonClass: 387564K(391104K)->387564K(391104K) Class: 54887K(57728K)->54887K(57728K)
[2024-08-15T16:09:54.366+0000][13290.311s][info][gc          ] GC(3190) Pause Young (Prepare Mixed) (G1 Evacuation Pause) 9714M->4284M(12288M) 24.178ms
[2024-08-15T16:09:54.366+0000][13290.311s][info][gc,cpu      ] GC(3190) User=0.14s Sys=0.00s Real=0.03s
[2024-08-15T16:09:54.796+0000][13290.740s][info][gc,start    ] GC(3191) Pause Young (Mixed) (G1 Evacuation Pause)
[2024-08-15T16:09:54.796+0000][13290.740s][info][gc,task     ] GC(3191) Using 6 workers of 6 for evacuation
[2024-08-15T16:09:54.857+0000][13290.801s][info][gc,phases   ] GC(3191)   Pre Evacuate Collection Set: 0.2ms
[2024-08-15T16:09:54.857+0000][13290.801s][info][gc,phases   ] GC(3191)   Merge Heap Roots: 0.4ms
[2024-08-15T16:09:54.857+0000][13290.801s][info][gc,phases   ] GC(3191)   Evacuate Collection Set: 58.9ms
[2024-08-15T16:09:54.857+0000][13290.801s][info][gc,phases   ] GC(3191)   Post Evacuate Collection Set: 1.4ms
[2024-08-15T16:09:54.857+0000][13290.801s][info][gc,phases   ] GC(3191)   Other: 0.2ms
[2024-08-15T16:09:54.857+0000][13290.801s][info][gc,heap     ] GC(3191) Eden regions: 65->0(684)
[2024-08-15T16:09:54.857+0000][13290.801s][info][gc,heap     ] GC(3191) Survivor regions: 11->6(10)
[2024-08-15T16:09:54.857+0000][13290.801s][info][gc,heap     ] GC(3191) Old regions: 520->520
[2024-08-15T16:09:54.857+0000][13290.801s][info][gc,heap     ] GC(3191) Archive regions: 2->2
[2024-08-15T16:09:54.857+0000][13290.801s][info][gc,heap     ] GC(3191) Humongous regions: 5->5
[2024-08-15T16:09:54.857+0000][13290.801s][info][gc,metaspace] GC(3191) Metaspace: 442452K(448832K)->442452K(448832K) NonClass: 387564K(391104K)->387564K(391104K) Class: 54887K(57728K)->54887K(57728K)
[2024-08-15T16:09:54.857+0000][13290.801s][info][gc          ] GC(3191) Pause Young (Mixed) (G1 Evacuation Pause) 4804M->4251M(12288M) 61.104ms
[2024-08-15T16:09:54.857+0000][13290.801s][info][gc,cpu      ] GC(3191) User=0.35s Sys=0.00s Real=0.06s
[2024-08-15T16:09:59.422+0000][13295.367s][info][gc,start    ] GC(3192) Pause Young (Normal) (G1 Evacuation Pause)
[2024-08-15T16:09:59.422+0000][13295.367s][info][gc,task     ] GC(3192) Using 6 workers of 6 for evacuation
[2024-08-15T16:09:59.435+0000][13295.379s][info][gc,phases   ] GC(3192)   Pre Evacuate Collection Set: 0.2ms
[2024-08-15T16:09:59.435+0000][13295.379s][info][gc,phases   ] GC(3192)   Merge Heap Roots: 0.2ms
[2024-08-15T16:09:59.435+0000][13295.379s][info][gc,phases   ] GC(3192)   Evacuate Collection Set: 10.1ms
[2024-08-15T16:09:59.435+0000][13295.379s][info][gc,phases   ] GC(3192)   Post Evacuate Collection Set: 1.6ms
[2024-08-15T16:09:59.435+0000][13295.379s][info][gc,phases   ] GC(3192)   Other: 0.2ms
[2024-08-15T16:09:59.435+0000][13295.379s][info][gc,heap     ] GC(3192) Eden regions: 684->0(684)
[2024-08-15T16:09:59.435+0000][13295.379s][info][gc,heap     ] GC(3192) Survivor regions: 6->6(87)
[2024-08-15T16:09:59.435+0000][13295.379s][info][gc,heap     ] GC(3192) Old regions: 520->520
[2024-08-15T16:09:59.435+0000][13295.379s][info][gc,heap     ] GC(3192) Archive regions: 2->2
[2024-08-15T16:09:59.435+0000][13295.379s][info][gc,heap     ] GC(3192) Humongous regions: 5->5
[2024-08-15T16:09:59.435+0000][13295.379s][info][gc,metaspace] GC(3192) Metaspace: 442452K(448832K)->442452K(448832K) NonClass: 387564K(391104K)->387564K(391104K) Class: 54887K(57728K)->54887K(57728K)
[2024-08-15T16:09:59.435+0000][13295.379s][info][gc          ] GC(3192) Pause Young (Normal) (G1 Evacuation Pause) 9723M->4252M(12288M) 12.298ms
[2024-08-15T16:09:59.435+0000][13295.379s][info][gc,cpu      ] GC(3192) User=0.07s Sys=0.00s Real=0.01s
[2024-08-15T16:10:04.049+0000][13299.993s][info][gc,start    ] GC(3193) Pause Young (Normal) (G1 Evacuation Pause)
[2024-08-15T16:10:04.049+0000][13299.993s][info][gc,task     ] GC(3193) Using 6 workers of 6 for evacuation
[2024-08-15T16:10:04.064+0000][13300.008s][info][gc,phases   ] GC(3193)   Pre Evacuate Collection Set: 0.2ms
[2024-08-15T16:10:04.064+0000][13300.008s][info][gc,phases   ] GC(3193)   Merge Heap Roots: 0.2ms
[2024-08-15T16:10:04.064+0000][13300.008s][info][gc,phases   ] GC(3193)   Evacuate Collection Set: 12.7ms
[2024-08-15T16:10:04.064+0000][13300.008s][info][gc,phases   ] GC(3193)   Post Evacuate Collection Set: 1.8ms
[2024-08-15T16:10:04.064+0000][13300.008s][info][gc,phases   ] GC(3193)   Other: 0.2ms
[2024-08-15T16:10:04.064+0000][13300.008s][info][gc,heap     ] GC(3193) Eden regions: 684->0(682)
[2024-08-15T16:10:04.064+0000][13300.008s][info][gc,heap     ] GC(3193) Survivor regions: 6->8(87)
[2024-08-15T16:10:04.064+0000][13300.008s][info][gc,heap     ] GC(3193) Old regions: 520->520
[2024-08-15T16:10:04.064+0000][13300.008s][info][gc,heap     ] GC(3193) Archive regions: 2->2
[2024-08-15T16:10:04.064+0000][13300.008s][info][gc,heap     ] GC(3193) Humongous regions: 5->5
[2024-08-15T16:10:04.064+0000][13300.008s][info][gc,metaspace] GC(3193) Metaspace: 442453K(448832K)->442453K(448832K) NonClass: 387565K(391104K)->387565K(391104K) Class: 54887K(57728K)->54887K(57728K)
[2024-08-15T16:10:04.064+0000][13300.009s][info][gc          ] GC(3193) Pause Young (Normal) (G1 Evacuation Pause) 9724M->4268M(12288M) 15.118ms
[2024-08-15T16:10:04.064+0000][13300.009s][info][gc,cpu      ] GC(3193) User=0.09s Sys=0.00s Real=0.02s
[2024-08-15T16:10:08.412+0000][13304.356s][info][gc,start    ] GC(3194) Pause Young (Concurrent Start) (G1 Evacuation Pause)
[2024-08-15T16:10:08.412+0000][13304.356s][info][gc,task     ] GC(3194) Using 6 workers of 6 for evacuation
[2024-08-15T16:10:08.429+0000][13304.374s][info][gc,phases   ] GC(3194)   Pre Evacuate Collection Set: 0.6ms
[2024-08-15T16:10:08.429+0000][13304.374s][info][gc,phases   ] GC(3194)   Merge Heap Roots: 0.2ms
[2024-08-15T16:10:08.429+0000][13304.374s][info][gc,phases   ] GC(3194)   Evacuate Collection Set: 14.4ms
[2024-08-15T16:10:08.429+0000][13304.374s][info][gc,phases   ] GC(3194)   Post Evacuate Collection Set: 1.7ms
[2024-08-15T16:10:08.429+0000][13304.374s][info][gc,phases   ] GC(3194)   Other: 0.3ms
[2024-08-15T16:10:08.429+0000][13304.374s][info][gc,heap     ] GC(3194) Eden regions: 682->0(682)
[2024-08-15T16:10:08.429+0000][13304.374s][info][gc,heap     ] GC(3194) Survivor regions: 8->8(87)
[2024-08-15T16:10:08.429+0000][13304.374s][info][gc,heap     ] GC(3194) Old regions: 520->520
[2024-08-15T16:10:08.429+0000][13304.374s][info][gc,heap     ] GC(3194) Archive regions: 2->2
[2024-08-15T16:10:08.429+0000][13304.374s][info][gc,heap     ] GC(3194) Humongous regions: 5->5
[2024-08-15T16:10:08.429+0000][13304.374s][info][gc,metaspace] GC(3194) Metaspace: 442453K(448832K)->442453K(448832K) NonClass: 387565K(391104K)->387565K(391104K) Class: 54887K(57728K)->54887K(57728K)
[2024-08-15T16:10:08.429+0000][13304.374s][info][gc          ] GC(3194) Pause Young (Concurrent Start) (G1 Evacuation Pause) 9724M->4268M(12288M) 17.197ms
[2024-08-15T16:10:08.429+0000][13304.374s][info][gc,cpu      ] GC(3194) User=0.10s Sys=0.00s Real=0.02s
[2024-08-15T16:10:08.429+0000][13304.374s][info][gc          ] GC(3195) Concurrent Mark Cycle
[2024-08-15T16:10:08.429+0000][13304.374s][info][gc,marking  ] GC(3195) Concurrent Clear Claimed Marks
[2024-08-15T16:10:08.430+0000][13304.374s][info][gc,marking  ] GC(3195) Concurrent Clear Claimed Marks 0.382ms
[2024-08-15T16:10:08.430+0000][13304.374s][info][gc,marking  ] GC(3195) Concurrent Scan Root Regions
[2024-08-15T16:10:08.445+0000][13304.389s][info][gc,marking  ] GC(3195) Concurrent Scan Root Regions 15.352ms
[2024-08-15T16:10:08.445+0000][13304.390s][info][gc,marking  ] GC(3195) Concurrent Mark
[2024-08-15T16:10:08.445+0000][13304.390s][info][gc,marking  ] GC(3195) Concurrent Mark From Roots
[2024-08-15T16:10:08.445+0000][13304.390s][info][gc,task     ] GC(3195) Using 2 workers of 2 for marking
[2024-08-15T16:10:11.829+0000][13307.773s][info][gc,marking  ] GC(3195) Concurrent Mark From Roots 3383.604ms
[2024-08-15T16:10:11.829+0000][13307.773s][info][gc,marking  ] GC(3195) Concurrent Preclean
[2024-08-15T16:10:11.830+0000][13307.775s][info][gc,marking  ] GC(3195) Concurrent Preclean 1.446ms
[2024-08-15T16:10:11.830+0000][13307.775s][info][gc,start    ] GC(3195) Pause Remark
[2024-08-15T16:10:11.854+0000][13307.798s][info][gc          ] GC(3195) Pause Remark 8344M->8344M(12288M) 23.550ms
[2024-08-15T16:10:11.854+0000][13307.798s][info][gc,cpu      ] GC(3195) User=0.10s Sys=0.00s Real=0.02s
[2024-08-15T16:10:11.854+0000][13307.799s][info][gc,marking  ] GC(3195) Concurrent Mark 3409.008ms
[2024-08-15T16:10:11.854+0000][13307.799s][info][gc,marking  ] GC(3195) Concurrent Rebuild Remembered Sets
[2024-08-15T16:10:13.170+0000][13309.115s][info][gc,start    ] GC(3196) Pause Young (Normal) (G1 Evacuation Pause)
[2024-08-15T16:10:13.170+0000][13309.115s][info][gc,task     ] GC(3196) Using 6 workers of 6 for evacuation
[2024-08-15T16:10:13.189+0000][13309.134s][info][gc,phases   ] GC(3196)   Pre Evacuate Collection Set: 0.2ms
[2024-08-15T16:10:13.189+0000][13309.134s][info][gc,phases   ] GC(3196)   Merge Heap Roots: 0.3ms
[2024-08-15T16:10:13.189+0000][13309.134s][info][gc,phases   ] GC(3196)   Evacuate Collection Set: 17.0ms
[2024-08-15T16:10:13.189+0000][13309.134s][info][gc,phases   ] GC(3196)   Post Evacuate Collection Set: 1.6ms
[2024-08-15T16:10:13.189+0000][13309.134s][info][gc,phases   ] GC(3196)   Other: 0.2ms
[2024-08-15T16:10:13.189+0000][13309.134s][info][gc,heap     ] GC(3196) Eden regions: 682->0(680)
[2024-08-15T16:10:13.189+0000][13309.134s][info][gc,heap     ] GC(3196) Survivor regions: 8->10(87)
[2024-08-15T16:10:13.189+0000][13309.134s][info][gc,heap     ] GC(3196) Old regions: 520->520
[2024-08-15T16:10:13.189+0000][13309.134s][info][gc,heap     ] GC(3196) Archive regions: 2->2
[2024-08-15T16:10:13.189+0000][13309.134s][info][gc,heap     ] GC(3196) Humongous regions: 5->5
[2024-08-15T16:10:13.189+0000][13309.134s][info][gc,metaspace] GC(3196) Metaspace: 442453K(448832K)->442453K(448832K) NonClass: 387565K(391104K)->387565K(391104K) Class: 54887K(57728K)->54887K(57728K)
[2024-08-15T16:10:13.189+0000][13309.134s][info][gc          ] GC(3196) Pause Young (Normal) (G1 Evacuation Pause) 9724M->4284M(12288M) 19.299ms
[2024-08-15T16:10:13.189+0000][13309.134s][info][gc,cpu      ] GC(3196) User=0.12s Sys=0.00s Real=0.02s
[2024-08-15T16:10:13.837+0000][13309.782s][info][gc,marking  ] GC(3195) Concurrent Rebuild Remembered Sets 1983.215ms
[2024-08-15T16:10:13.837+0000][13309.782s][info][gc,start    ] GC(3195) Pause Cleanup
[2024-08-15T16:10:13.838+0000][13309.782s][info][gc          ] GC(3195) Pause Cleanup 5032M->5032M(12288M) 0.537ms
[2024-08-15T16:10:13.838+0000][13309.783s][info][gc,cpu      ] GC(3195) User=0.00s Sys=0.00s Real=0.00s
[2024-08-15T16:10:13.838+0000][13309.783s][info][gc,marking  ] GC(3195) Concurrent Cleanup for Next Mark
[2024-08-15T16:10:13.855+0000][13309.800s][info][gc,marking  ] GC(3195) Concurrent Cleanup for Next Mark 17.243ms
[2024-08-15T16:10:13.855+0000][13309.800s][info][gc          ] GC(3195) Concurrent Mark Cycle 5426.152ms
[2024-08-15T16:10:17.700+0000][13313.645s][info][gc,start    ] GC(3197) Pause Young (Prepare Mixed) (G1 Evacuation Pause)
[2024-08-15T16:10:17.700+0000][13313.645s][info][gc,task     ] GC(3197) Using 6 workers of 6 for evacuation
[2024-08-15T16:10:17.725+0000][13313.669s][info][gc,phases   ] GC(3197)   Pre Evacuate Collection Set: 0.2ms
[2024-08-15T16:10:17.725+0000][13313.669s][info][gc,phases   ] GC(3197)   Merge Heap Roots: 0.3ms
[2024-08-15T16:10:17.725+0000][13313.669s][info][gc,phases   ] GC(3197)   Evacuate Collection Set: 22.3ms
[2024-08-15T16:10:17.725+0000][13313.669s][info][gc,phases   ] GC(3197)   Post Evacuate Collection Set: 1.7ms
[2024-08-15T16:10:17.725+0000][13313.669s][info][gc,phases   ] GC(3197)   Other: 0.2ms
[2024-08-15T16:10:17.725+0000][13313.669s][info][gc,heap     ] GC(3197) Eden regions: 680->0(66)
[2024-08-15T16:10:17.725+0000][13313.669s][info][gc,heap     ] GC(3197) Survivor regions: 10->10(87)
[2024-08-15T16:10:17.725+0000][13313.669s][info][gc,heap     ] GC(3197) Old regions: 520->520
[2024-08-15T16:10:17.725+0000][13313.669s][info][gc,heap     ] GC(3197) Archive regions: 2->2
[2024-08-15T16:10:17.725+0000][13313.669s][info][gc,heap     ] GC(3197) Humongous regions: 5->5
[2024-08-15T16:10:17.725+0000][13313.669s][info][gc,metaspace] GC(3197) Metaspace: 442453K(448832K)->442453K(448832K) NonClass: 387565K(391104K)->387565K(391104K) Class: 54887K(57728K)->54887K(57728K)
[2024-08-15T16:10:17.725+0000][13313.669s][info][gc          ] GC(3197) Pause Young (Prepare Mixed) (G1 Evacuation Pause) 9724M->4283M(12288M) 24.713ms
[2024-08-15T16:10:17.725+0000][13313.669s][info][gc,cpu      ] GC(3197) User=0.14s Sys=0.00s Real=0.03s
[2024-08-15T16:10:18.161+0000][13314.106s][info][gc,start    ] GC(3198) Pause Young (Mixed) (G1 Evacuation Pause)
[2024-08-15T16:10:18.161+0000][13314.106s][info][gc,task     ] GC(3198) Using 6 workers of 6 for evacuation
[2024-08-15T16:10:18.220+0000][13314.164s][info][gc,phases   ] GC(3198)   Pre Evacuate Collection Set: 0.2ms
[2024-08-15T16:10:18.220+0000][13314.164s][info][gc,phases   ] GC(3198)   Merge Heap Roots: 0.4ms
[2024-08-15T16:10:18.220+0000][13314.164s][info][gc,phases   ] GC(3198)   Evacuate Collection Set: 56.8ms
[2024-08-15T16:10:18.220+0000][13314.164s][info][gc,phases   ] GC(3198)   Post Evacuate Collection Set: 1.3ms
[2024-08-15T16:10:18.220+0000][13314.165s][info][gc,phases   ] GC(3198)   Other: 0.2ms
[2024-08-15T16:10:18.220+0000][13314.165s][info][gc,heap     ] GC(3198) Eden regions: 66->0(685)
[2024-08-15T16:10:18.220+0000][13314.165s][info][gc,heap     ] GC(3198) Survivor regions: 10->6(10)
[2024-08-15T16:10:18.220+0000][13314.165s][info][gc,heap     ] GC(3198) Old regions: 520->520
[2024-08-15T16:10:18.220+0000][13314.165s][info][gc,heap     ] GC(3198) Archive regions: 2->2
[2024-08-15T16:10:18.220+0000][13314.165s][info][gc,heap     ] GC(3198) Humongous regions: 5->5
[2024-08-15T16:10:18.220+0000][13314.165s][info][gc,metaspace] GC(3198) Metaspace: 442453K(448832K)->442453K(448832K) NonClass: 387565K(391104K)->387565K(391104K) Class: 54887K(57728K)->54887K(57728K)
[2024-08-15T16:10:18.220+0000][13314.165s][info][gc          ] GC(3198) Pause Young (Mixed) (G1 Evacuation Pause) 4811M->4250M(12288M) 58.882ms
[2024-08-15T16:10:18.220+0000][13314.165s][info][gc,cpu      ] GC(3198) User=0.34s Sys=0.00s Real=0.06s
[2024-08-15T16:10:22.795+0000][13318.740s][info][gc,start    ] GC(3199) Pause Young (Normal) (G1 Evacuation Pause)
[2024-08-15T16:10:22.795+0000][13318.740s][info][gc,task     ] GC(3199) Using 6 workers of 6 for evacuation
[2024-08-15T16:10:22.810+0000][13318.754s][info][gc,phases   ] GC(3199)   Pre Evacuate Collection Set: 0.2ms
[2024-08-15T16:10:22.810+0000][13318.754s][info][gc,phases   ] GC(3199)   Merge Heap Roots: 0.2ms
[2024-08-15T16:10:22.810+0000][13318.754s][info][gc,phases   ] GC(3199)   Evacuate Collection Set: 12.4ms
[2024-08-15T16:10:22.810+0000][13318.754s][info][gc,phases   ] GC(3199)   Post Evacuate Collection Set: 1.7ms
[2024-08-15T16:10:22.810+0000][13318.754s][info][gc,phases   ] GC(3199)   Other: 0.2ms
[2024-08-15T16:10:22.810+0000][13318.754s][info][gc,heap     ] GC(3199) Eden regions: 685->0(682)
[2024-08-15T16:10:22.810+0000][13318.754s][info][gc,heap     ] GC(3199) Survivor regions: 6->8(87)
[2024-08-15T16:10:22.810+0000][13318.754s][info][gc,heap     ] GC(3199) Old regions: 520->520
[2024-08-15T16:10:22.810+0000][13318.754s][info][gc,heap     ] GC(3199) Archive regions: 2->2
[2024-08-15T16:10:22.810+0000][13318.754s][info][gc,heap     ] GC(3199) Humongous regions: 5->5
[2024-08-15T16:10:22.810+0000][13318.754s][info][gc,metaspace] GC(3199) Metaspace: 442453K(448832K)->442453K(448832K) NonClass: 387565K(391104K)->387565K(391104K) Class: 54887K(57728K)->54887K(57728K)
[2024-08-15T16:10:22.810+0000][13318.754s][info][gc          ] GC(3199) Pause Young (Normal) (G1 Evacuation Pause) 9730M->4264M(12288M) 14.772ms
[2024-08-15T16:10:22.810+0000][13318.754s][info][gc,cpu      ] GC(3199) User=0.08s Sys=0.00s Real=0.02s
[2024-08-15T16:10:26.981+0000][13322.926s][info][gc,start    ] GC(3200) Pause Young (Normal) (G1 Evacuation Pause)
[2024-08-15T16:10:26.981+0000][13322.926s][info][gc,task     ] GC(3200) Using 6 workers of 6 for evacuation
[2024-08-15T16:10:26.998+0000][13322.943s][info][gc,phases   ] GC(3200)   Pre Evacuate Collection Set: 0.2ms
[2024-08-15T16:10:26.998+0000][13322.943s][info][gc,phases   ] GC(3200)   Merge Heap Roots: 0.2ms
[2024-08-15T16:10:26.998+0000][13322.943s][info][gc,phases   ] GC(3200)   Evacuate Collection Set: 14.3ms
[2024-08-15T16:10:26.998+0000][13322.943s][info][gc,phases   ] GC(3200)   Post Evacuate Collection Set: 2.1ms
[2024-08-15T16:10:26.998+0000][13322.943s][info][gc,phases   ] GC(3200)   Other: 0.2ms
[2024-08-15T16:10:26.998+0000][13322.943s][info][gc,heap     ] GC(3200) Eden regions: 682->0(683)
[2024-08-15T16:10:26.998+0000][13322.943s][info][gc,heap     ] GC(3200) Survivor regions: 8->8(87)
[2024-08-15T16:10:26.998+0000][13322.943s][info][gc,heap     ] GC(3200) Old regions: 520->520
[2024-08-15T16:10:26.998+0000][13322.943s][info][gc,heap     ] GC(3200) Archive regions: 2->2
[2024-08-15T16:10:26.998+0000][13322.943s][info][gc,heap     ] GC(3200) Humongous regions: 5->5
[2024-08-15T16:10:26.998+0000][13322.943s][info][gc,metaspace] GC(3200) Metaspace: 442453K(448832K)->442453K(448832K) NonClass: 387565K(391104K)->387565K(391104K) Class: 54887K(57728K)->54887K(57728K)
[2024-08-15T16:10:26.998+0000][13322.943s][info][gc          ] GC(3200) Pause Young (Normal) (G1 Evacuation Pause) 9720M->4266M(12288M) 17.051ms
[2024-08-15T16:10:26.998+0000][13322.943s][info][gc,cpu      ] GC(3200) User=0.09s Sys=0.00s Real=0.02s
[2024-08-15T16:10:31.580+0000][13327.524s][info][gc,start    ] GC(3201) Pause Young (Concurrent Start) (G1 Evacuation Pause)
[2024-08-15T16:10:31.580+0000][13327.524s][info][gc,task     ] GC(3201) Using 6 workers of 6 for evacuation
[2024-08-15T16:10:31.600+0000][13327.545s][info][gc,phases   ] GC(3201)   Pre Evacuate Collection Set: 0.5ms
[2024-08-15T16:10:31.600+0000][13327.545s][info][gc,phases   ] GC(3201)   Merge Heap Roots: 0.2ms
[2024-08-15T16:10:31.600+0000][13327.545s][info][gc,phases   ] GC(3201)   Evacuate Collection Set: 17.5ms
[2024-08-15T16:10:31.600+0000][13327.545s][info][gc,phases   ] GC(3201)   Post Evacuate Collection Set: 1.8ms
[2024-08-15T16:10:31.600+0000][13327.545s][info][gc,phases   ] GC(3201)   Other: 0.3ms
[2024-08-15T16:10:31.600+0000][13327.545s][info][gc,heap     ] GC(3201) Eden regions: 683->0(684)
[2024-08-15T16:10:31.600+0000][13327.545s][info][gc,heap     ] GC(3201) Survivor regions: 8->7(87)
[2024-08-15T16:10:31.600+0000][13327.545s][info][gc,heap     ] GC(3201) Old regions: 520->520
[2024-08-15T16:10:31.600+0000][13327.545s][info][gc,heap     ] GC(3201) Archive regions: 2->2
[2024-08-15T16:10:31.600+0000][13327.545s][info][gc,heap     ] GC(3201) Humongous regions: 5->5
[2024-08-15T16:10:31.600+0000][13327.545s][info][gc,metaspace] GC(3201) Metaspace: 442453K(448832K)->442453K(448832K) NonClass: 387565K(391104K)->387565K(391104K) Class: 54887K(57728K)->54887K(57728K)
[2024-08-15T16:10:31.600+0000][13327.545s][info][gc          ] GC(3201) Pause Young (Concurrent Start) (G1 Evacuation Pause) 9730M->4257M(12288M) 20.396ms
[2024-08-15T16:10:31.600+0000][13327.545s][info][gc,cpu      ] GC(3201) User=0.12s Sys=0.00s Real=0.02s
[2024-08-15T16:10:31.600+0000][13327.545s][info][gc          ] GC(3202) Concurrent Mark Cycle
[2024-08-15T16:10:31.600+0000][13327.545s][info][gc,marking  ] GC(3202) Concurrent Clear Claimed Marks
[2024-08-15T16:10:31.601+0000][13327.545s][info][gc,marking  ] GC(3202) Concurrent Clear Claimed Marks 0.373ms
[2024-08-15T16:10:31.601+0000][13327.545s][info][gc,marking  ] GC(3202) Concurrent Scan Root Regions
[2024-08-15T16:10:31.617+0000][13327.562s][info][gc,marking  ] GC(3202) Concurrent Scan Root Regions 16.604ms
[2024-08-15T16:10:31.617+0000][13327.562s][info][gc,marking  ] GC(3202) Concurrent Mark
[2024-08-15T16:10:31.617+0000][13327.562s][info][gc,marking  ] GC(3202) Concurrent Mark From Roots
[2024-08-15T16:10:31.617+0000][13327.562s][info][gc,task     ] GC(3202) Using 2 workers of 2 for marking
[2024-08-15T16:10:34.885+0000][13330.830s][info][gc,marking  ] GC(3202) Concurrent Mark From Roots 3268.058ms
[2024-08-15T16:10:34.885+0000][13330.830s][info][gc,marking  ] GC(3202) Concurrent Preclean
[2024-08-15T16:10:34.887+0000][13330.832s][info][gc,marking  ] GC(3202) Concurrent Preclean 1.806ms
[2024-08-15T16:10:34.887+0000][13330.832s][info][gc,start    ] GC(3202) Pause Remark
[2024-08-15T16:10:34.911+0000][13330.856s][info][gc          ] GC(3202) Pause Remark 7561M->7561M(12288M) 23.757ms
[2024-08-15T16:10:34.911+0000][13330.856s][info][gc,cpu      ] GC(3202) User=0.10s Sys=0.00s Real=0.02s
[2024-08-15T16:10:34.912+0000][13330.856s][info][gc,marking  ] GC(3202) Concurrent Mark 3294.219ms
[2024-08-15T16:10:34.912+0000][13330.856s][info][gc,marking  ] GC(3202) Concurrent Rebuild Remembered Sets
[2024-08-15T16:10:36.898+0000][13332.843s][info][gc,start    ] GC(3203) Pause Young (Normal) (G1 Evacuation Pause)
[2024-08-15T16:10:36.898+0000][13332.843s][info][gc,task     ] GC(3203) Using 6 workers of 6 for evacuation
[2024-08-15T16:10:36.919+0000][13332.863s][info][gc,phases   ] GC(3203)   Pre Evacuate Collection Set: 0.2ms
[2024-08-15T16:10:36.919+0000][13332.863s][info][gc,phases   ] GC(3203)   Merge Heap Roots: 0.3ms
[2024-08-15T16:10:36.919+0000][13332.863s][info][gc,phases   ] GC(3203)   Evacuate Collection Set: 18.2ms
[2024-08-15T16:10:36.919+0000][13332.863s][info][gc,phases   ] GC(3203)   Post Evacuate Collection Set: 1.7ms
[2024-08-15T16:10:36.919+0000][13332.864s][info][gc,phases   ] GC(3203)   Other: 0.2ms
[2024-08-15T16:10:36.919+0000][13332.864s][info][gc,heap     ] GC(3203) Eden regions: 684->0(682)
[2024-08-15T16:10:36.919+0000][13332.864s][info][gc,heap     ] GC(3203) Survivor regions: 7->9(87)
[2024-08-15T16:10:36.919+0000][13332.864s][info][gc,heap     ] GC(3203) Old regions: 520->520
[2024-08-15T16:10:36.919+0000][13332.864s][info][gc,heap     ] GC(3203) Archive regions: 2->2
[2024-08-15T16:10:36.919+0000][13332.864s][info][gc,heap     ] GC(3203) Humongous regions: 5->5
[2024-08-15T16:10:36.919+0000][13332.864s][info][gc,metaspace] GC(3203) Metaspace: 442453K(448832K)->442453K(448832K) NonClass: 387565K(391104K)->387565K(391104K) Class: 54887K(57728K)->54887K(57728K)
[2024-08-15T16:10:36.919+0000][13332.864s][info][gc          ] GC(3203) Pause Young (Normal) (G1 Evacuation Pause) 9729M->4274M(12288M) 20.743ms
[2024-08-15T16:10:36.919+0000][13332.864s][info][gc,cpu      ] GC(3203) User=0.12s Sys=0.00s Real=0.02s
[2024-08-15T16:10:36.928+0000][13332.873s][info][gc,marking  ] GC(3202) Concurrent Rebuild Remembered Sets 2016.604ms
[2024-08-15T16:10:36.928+0000][13332.873s][info][gc,start    ] GC(3202) Pause Cleanup
[2024-08-15T16:10:36.929+0000][13332.874s][info][gc          ] GC(3202) Pause Cleanup 4298M->4298M(12288M) 0.522ms
[2024-08-15T16:10:36.929+0000][13332.874s][info][gc,cpu      ] GC(3202) User=0.00s Sys=0.00s Real=0.00s
[2024-08-15T16:10:36.929+0000][13332.874s][info][gc,marking  ] GC(3202) Concurrent Cleanup for Next Mark
[2024-08-15T16:10:36.946+0000][13332.891s][info][gc,marking  ] GC(3202) Concurrent Cleanup for Next Mark 16.877ms
[2024-08-15T16:10:36.946+0000][13332.891s][info][gc          ] GC(3202) Concurrent Mark Cycle 5345.681ms
[2024-08-15T16:10:41.612+0000][13337.556s][info][gc,start    ] GC(3204) Pause Young (Prepare Mixed) (G1 Evacuation Pause)
[2024-08-15T16:10:41.612+0000][13337.556s][info][gc,task     ] GC(3204) Using 6 workers of 6 for evacuation
[2024-08-15T16:10:41.635+0000][13337.579s][info][gc,phases   ] GC(3204)   Pre Evacuate Collection Set: 0.2ms
[2024-08-15T16:10:41.635+0000][13337.579s][info][gc,phases   ] GC(3204)   Merge Heap Roots: 0.3ms
[2024-08-15T16:10:41.635+0000][13337.580s][info][gc,phases   ] GC(3204)   Evacuate Collection Set: 20.9ms
[2024-08-15T16:10:41.635+0000][13337.580s][info][gc,phases   ] GC(3204)   Post Evacuate Collection Set: 1.8ms
[2024-08-15T16:10:41.635+0000][13337.580s][info][gc,phases   ] GC(3204)   Other: 0.2ms
[2024-08-15T16:10:41.635+0000][13337.580s][info][gc,heap     ] GC(3204) Eden regions: 682->0(65)
[2024-08-15T16:10:41.635+0000][13337.580s][info][gc,heap     ] GC(3204) Survivor regions: 9->11(87)
[2024-08-15T16:10:41.635+0000][13337.580s][info][gc,heap     ] GC(3204) Old regions: 520->520
[2024-08-15T16:10:41.635+0000][13337.580s][info][gc,heap     ] GC(3204) Archive regions: 2->2
[2024-08-15T16:10:41.635+0000][13337.580s][info][gc,heap     ] GC(3204) Humongous regions: 5->5
[2024-08-15T16:10:41.635+0000][13337.580s][info][gc,metaspace] GC(3204) Metaspace: 442453K(448832K)->442453K(448832K) NonClass: 387565K(391104K)->387565K(391104K) Class: 54887K(57728K)->54887K(57728K)
[2024-08-15T16:10:41.635+0000][13337.580s][info][gc          ] GC(3204) Pause Young (Prepare Mixed) (G1 Evacuation Pause) 9730M->4291M(12288M) 23.427ms
[2024-08-15T16:10:41.635+0000][13337.580s][info][gc,cpu      ] GC(3204) User=0.13s Sys=0.00s Real=0.02s
[2024-08-15T16:10:42.094+0000][13338.038s][info][gc,start    ] GC(3205) Pause Young (Mixed) (G1 Evacuation Pause)
[2024-08-15T16:10:42.094+0000][13338.038s][info][gc,task     ] GC(3205) Using 6 workers of 6 for evacuation
[2024-08-15T16:10:42.153+0000][13338.098s][info][gc,phases   ] GC(3205)   Pre Evacuate Collection Set: 0.2ms
[2024-08-15T16:10:42.153+0000][13338.098s][info][gc,phases   ] GC(3205)   Merge Heap Roots: 0.4ms
[2024-08-15T16:10:42.153+0000][13338.098s][info][gc,phases   ] GC(3205)   Evacuate Collection Set: 57.5ms
[2024-08-15T16:10:42.153+0000][13338.098s][info][gc,phases   ] GC(3205)   Post Evacuate Collection Set: 1.2ms
[2024-08-15T16:10:42.153+0000][13338.098s][info][gc,phases   ] GC(3205)   Other: 0.2ms
[2024-08-15T16:10:42.153+0000][13338.098s][info][gc,heap     ] GC(3205) Eden regions: 65->0(683)
[2024-08-15T16:10:42.153+0000][13338.098s][info][gc,heap     ] GC(3205) Survivor regions: 11->4(10)
[2024-08-15T16:10:42.153+0000][13338.098s][info][gc,heap     ] GC(3205) Old regions: 520->523
[2024-08-15T16:10:42.153+0000][13338.098s][info][gc,heap     ] GC(3205) Archive regions: 2->2
[2024-08-15T16:10:42.153+0000][13338.098s][info][gc,heap     ] GC(3205) Humongous regions: 5->5
[2024-08-15T16:10:42.153+0000][13338.098s][info][gc,metaspace] GC(3205) Metaspace: 442453K(448832K)->442453K(448832K) NonClass: 387565K(391104K)->387565K(391104K) Class: 54887K(57728K)->54887K(57728K)
[2024-08-15T16:10:42.153+0000][13338.098s][info][gc          ] GC(3205) Pause Young (Mixed) (G1 Evacuation Pause) 4811M->4257M(12288M) 59.553ms
[2024-08-15T16:10:42.153+0000][13338.098s][info][gc,cpu      ] GC(3205) User=0.35s Sys=0.00s Real=0.06s
[2024-08-15T16:10:46.590+0000][13342.534s][info][gc,start    ] GC(3206) Pause Young (Normal) (G1 Evacuation Pause)
[2024-08-15T16:10:46.590+0000][13342.534s][info][gc,task     ] GC(3206) Using 6 workers of 6 for evacuation
[2024-08-15T16:10:46.601+0000][13342.546s][info][gc,phases   ] GC(3206)   Pre Evacuate Collection Set: 0.2ms
[2024-08-15T16:10:46.601+0000][13342.546s][info][gc,phases   ] GC(3206)   Merge Heap Roots: 0.2ms
[2024-08-15T16:10:46.601+0000][13342.546s][info][gc,phases   ] GC(3206)   Evacuate Collection Set: 9.3ms
[2024-08-15T16:10:46.601+0000][13342.546s][info][gc,phases   ] GC(3206)   Post Evacuate Collection Set: 1.7ms
[2024-08-15T16:10:46.601+0000][13342.546s][info][gc,phases   ] GC(3206)   Other: 0.2ms
[2024-08-15T16:10:46.601+0000][13342.546s][info][gc,heap     ] GC(3206) Eden regions: 683->0(683)
[2024-08-15T16:10:46.601+0000][13342.546s][info][gc,heap     ] GC(3206) Survivor regions: 4->5(86)
[2024-08-15T16:10:46.601+0000][13342.546s][info][gc,heap     ] GC(3206) Old regions: 523->523
[2024-08-15T16:10:46.601+0000][13342.546s][info][gc,heap     ] GC(3206) Archive regions: 2->2
[2024-08-15T16:10:46.601+0000][13342.546s][info][gc,heap     ] GC(3206) Humongous regions: 5->5
[2024-08-15T16:10:46.601+0000][13342.546s][info][gc,metaspace] GC(3206) Metaspace: 442453K(448832K)->442453K(448832K) NonClass: 387565K(391104K)->387565K(391104K) Class: 54887K(57728K)->54887K(57728K)
[2024-08-15T16:10:46.601+0000][13342.546s][info][gc          ] GC(3206) Pause Young (Normal) (G1 Evacuation Pause) 9721M->4261M(12288M) 11.616ms
[2024-08-15T16:10:46.601+0000][13342.546s][info][gc,cpu      ] GC(3206) User=0.07s Sys=0.00s Real=0.01s
[2024-08-15T16:10:51.235+0000][13347.180s][info][gc,start    ] GC(3207) Pause Young (Normal) (G1 Evacuation Pause)
[2024-08-15T16:10:51.235+0000][13347.180s][info][gc,task     ] GC(3207) Using 6 workers of 6 for evacuation
[2024-08-15T16:10:51.249+0000][13347.194s][info][gc,phases   ] GC(3207)   Pre Evacuate Collection Set: 0.2ms
[2024-08-15T16:10:51.249+0000][13347.194s][info][gc,phases   ] GC(3207)   Merge Heap Roots: 0.2ms
[2024-08-15T16:10:51.249+0000][13347.194s][info][gc,phases   ] GC(3207)   Evacuate Collection Set: 11.5ms
[2024-08-15T16:10:51.249+0000][13347.194s][info][gc,phases   ] GC(3207)   Post Evacuate Collection Set: 1.7ms
[2024-08-15T16:10:51.249+0000][13347.194s][info][gc,phases   ] GC(3207)   Other: 0.2ms
[2024-08-15T16:10:51.249+0000][13347.194s][info][gc,heap     ] GC(3207) Eden regions: 683->0(680)
[2024-08-15T16:10:51.249+0000][13347.194s][info][gc,heap     ] GC(3207) Survivor regions: 5->7(86)
[2024-08-15T16:10:51.249+0000][13347.194s][info][gc,heap     ] GC(3207) Old regions: 523->523
[2024-08-15T16:10:51.249+0000][13347.194s][info][gc,heap     ] GC(3207) Archive regions: 2->2
[2024-08-15T16:10:51.249+0000][13347.194s][info][gc,heap     ] GC(3207) Humongous regions: 5->5
[2024-08-15T16:10:51.249+0000][13347.194s][info][gc,metaspace] GC(3207) Metaspace: 442453K(448832K)->442453K(448832K) NonClass: 387565K(391104K)->387565K(391104K) Class: 54887K(57728K)->54887K(57728K)
[2024-08-15T16:10:51.249+0000][13347.194s][info][gc          ] GC(3207) Pause Young (Normal) (G1 Evacuation Pause) 9725M->4279M(12288M) 13.804ms
[2024-08-15T16:10:51.249+0000][13347.194s][info][gc,cpu      ] GC(3207) User=0.08s Sys=0.00s Real=0.01s
[2024-08-15T16:10:55.763+0000][13351.707s][info][gc,start    ] GC(3208) Pause Young (Concurrent Start) (G1 Evacuation Pause)
[2024-08-15T16:10:55.763+0000][13351.707s][info][gc,task     ] GC(3208) Using 6 workers of 6 for evacuation
[2024-08-15T16:10:55.779+0000][13351.723s][info][gc,phases   ] GC(3208)   Pre Evacuate Collection Set: 0.6ms
[2024-08-15T16:10:55.779+0000][13351.724s][info][gc,phases   ] GC(3208)   Merge Heap Roots: 0.2ms
[2024-08-15T16:10:55.779+0000][13351.724s][info][gc,phases   ] GC(3208)   Evacuate Collection Set: 13.4ms
[2024-08-15T16:10:55.779+0000][13351.724s][info][gc,phases   ] GC(3208)   Post Evacuate Collection Set: 1.7ms
[2024-08-15T16:10:55.779+0000][13351.724s][info][gc,phases   ] GC(3208)   Other: 0.3ms
[2024-08-15T16:10:55.779+0000][13351.724s][info][gc,heap     ] GC(3208) Eden regions: 680->0(681)
[2024-08-15T16:10:55.779+0000][13351.724s][info][gc,heap     ] GC(3208) Survivor regions: 7->7(86)
[2024-08-15T16:10:55.779+0000][13351.724s][info][gc,heap     ] GC(3208) Old regions: 523->523
[2024-08-15T16:10:55.779+0000][13351.724s][info][gc,heap     ] GC(3208) Archive regions: 2->2
[2024-08-15T16:10:55.779+0000][13351.724s][info][gc,heap     ] GC(3208) Humongous regions: 5->5
[2024-08-15T16:10:55.779+0000][13351.724s][info][gc,metaspace] GC(3208) Metaspace: 442453K(448832K)->442453K(448832K) NonClass: 387565K(391104K)->387565K(391104K) Class: 54887K(57728K)->54887K(57728K)
[2024-08-15T16:10:55.779+0000][13351.724s][info][gc          ] GC(3208) Pause Young (Concurrent Start) (G1 Evacuation Pause) 9719M->4276M(12288M) 16.141ms
[2024-08-15T16:10:55.779+0000][13351.724s][info][gc,cpu      ] GC(3208) User=0.09s Sys=0.00s Real=0.02s
[2024-08-15T16:10:55.779+0000][13351.724s][info][gc          ] GC(3209) Concurrent Mark Cycle
[2024-08-15T16:10:55.779+0000][13351.724s][info][gc,marking  ] GC(3209) Concurrent Clear Claimed Marks
[2024-08-15T16:10:55.779+0000][13351.724s][info][gc,marking  ] GC(3209) Concurrent Clear Claimed Marks 0.368ms
[2024-08-15T16:10:55.779+0000][13351.724s][info][gc,marking  ] GC(3209) Concurrent Scan Root Regions
[2024-08-15T16:10:55.798+0000][13351.743s][info][gc,marking  ] GC(3209) Concurrent Scan Root Regions 18.408ms
[2024-08-15T16:10:55.798+0000][13351.743s][info][gc,marking  ] GC(3209) Concurrent Mark
[2024-08-15T16:10:55.798+0000][13351.743s][info][gc,marking  ] GC(3209) Concurrent Mark From Roots
[2024-08-15T16:10:55.798+0000][13351.743s][info][gc,task     ] GC(3209) Using 2 workers of 2 for marking
[2024-08-15T16:10:59.169+0000][13355.113s][info][gc,marking  ] GC(3209) Concurrent Mark From Roots 3370.792ms
[2024-08-15T16:10:59.169+0000][13355.113s][info][gc,marking  ] GC(3209) Concurrent Preclean
[2024-08-15T16:10:59.171+0000][13355.115s][info][gc,marking  ] GC(3209) Concurrent Preclean 2.012ms
[2024-08-15T16:10:59.171+0000][13355.116s][info][gc,start    ] GC(3209) Pause Remark
[2024-08-15T16:10:59.195+0000][13355.140s][info][gc          ] GC(3209) Pause Remark 8084M->8079M(12288M) 23.900ms
[2024-08-15T16:10:59.195+0000][13355.140s][info][gc,cpu      ] GC(3209) User=0.11s Sys=0.00s Real=0.02s
[2024-08-15T16:10:59.195+0000][13355.140s][info][gc,marking  ] GC(3209) Concurrent Mark 3397.159ms
[2024-08-15T16:10:59.195+0000][13355.140s][info][gc,marking  ] GC(3209) Concurrent Rebuild Remembered Sets
[2024-08-15T16:11:00.772+0000][13356.716s][info][gc,start    ] GC(3210) Pause Young (Normal) (G1 Evacuation Pause)
[2024-08-15T16:11:00.772+0000][13356.716s][info][gc,task     ] GC(3210) Using 6 workers of 6 for evacuation
[2024-08-15T16:11:00.792+0000][13356.736s][info][gc,phases   ] GC(3210)   Pre Evacuate Collection Set: 0.2ms
[2024-08-15T16:11:00.792+0000][13356.736s][info][gc,phases   ] GC(3210)   Merge Heap Roots: 0.3ms
[2024-08-15T16:11:00.792+0000][13356.736s][info][gc,phases   ] GC(3210)   Evacuate Collection Set: 17.8ms
[2024-08-15T16:11:00.792+0000][13356.736s][info][gc,phases   ] GC(3210)   Post Evacuate Collection Set: 1.6ms
[2024-08-15T16:11:00.792+0000][13356.736s][info][gc,phases   ] GC(3210)   Other: 0.2ms
[2024-08-15T16:11:00.792+0000][13356.736s][info][gc,heap     ] GC(3210) Eden regions: 681->0(682)
[2024-08-15T16:11:00.792+0000][13356.736s][info][gc,heap     ] GC(3210) Survivor regions: 7->7(86)
[2024-08-15T16:11:00.792+0000][13356.736s][info][gc,heap     ] GC(3210) Old regions: 522->522
[2024-08-15T16:11:00.792+0000][13356.736s][info][gc,heap     ] GC(3210) Archive regions: 2->2
[2024-08-15T16:11:00.792+0000][13356.736s][info][gc,heap     ] GC(3210) Humongous regions: 5->5
[2024-08-15T16:11:00.792+0000][13356.736s][info][gc,metaspace] GC(3210) Metaspace: 442453K(448832K)->442453K(448832K) NonClass: 387565K(391104K)->387565K(391104K) Class: 54887K(57728K)->54887K(57728K)
[2024-08-15T16:11:00.792+0000][13356.736s][info][gc          ] GC(3210) Pause Young (Normal) (G1 Evacuation Pause) 9719M->4276M(12288M) 20.175ms
[2024-08-15T16:11:00.792+0000][13356.736s][info][gc,cpu      ] GC(3210) User=0.11s Sys=0.00s Real=0.02s
[2024-08-15T16:11:01.186+0000][13357.131s][info][gc,marking  ] GC(3209) Concurrent Rebuild Remembered Sets 1991.087ms
[2024-08-15T16:11:01.186+0000][13357.131s][info][gc,start    ] GC(3209) Pause Cleanup
[2024-08-15T16:11:01.187+0000][13357.132s][info][gc          ] GC(3209) Pause Cleanup 4628M->4628M(12288M) 0.545ms
[2024-08-15T16:11:01.187+0000][13357.132s][info][gc,cpu      ] GC(3209) User=0.00s Sys=0.00s Real=0.00s
[2024-08-15T16:11:01.187+0000][13357.132s][info][gc,marking  ] GC(3209) Concurrent Cleanup for Next Mark
[2024-08-15T16:11:01.205+0000][13357.149s][info][gc,marking  ] GC(3209) Concurrent Cleanup for Next Mark 17.720ms
[2024-08-15T16:11:01.205+0000][13357.149s][info][gc          ] GC(3209) Concurrent Mark Cycle 5425.780ms
[2024-08-15T16:11:05.463+0000][13361.408s][info][gc,start    ] GC(3211) Pause Young (Prepare Mixed) (G1 Evacuation Pause)
[2024-08-15T16:11:05.463+0000][13361.408s][info][gc,task     ] GC(3211) Using 6 workers of 6 for evacuation
[2024-08-15T16:11:05.483+0000][13361.427s][info][gc,phases   ] GC(3211)   Pre Evacuate Collection Set: 0.2ms
[2024-08-15T16:11:05.483+0000][13361.427s][info][gc,phases   ] GC(3211)   Merge Heap Roots: 0.3ms
[2024-08-15T16:11:05.483+0000][13361.427s][info][gc,phases   ] GC(3211)   Evacuate Collection Set: 17.3ms
[2024-08-15T16:11:05.483+0000][13361.427s][info][gc,phases   ] GC(3211)   Post Evacuate Collection Set: 1.7ms
[2024-08-15T16:11:05.483+0000][13361.427s][info][gc,phases   ] GC(3211)   Other: 0.2ms
[2024-08-15T16:11:05.483+0000][13361.427s][info][gc,heap     ] GC(3211) Eden regions: 682->0(68)
[2024-08-15T16:11:05.483+0000][13361.427s][info][gc,heap     ] GC(3211) Survivor regions: 7->8(87)
[2024-08-15T16:11:05.483+0000][13361.427s][info][gc,heap     ] GC(3211) Old regions: 522->522
[2024-08-15T16:11:05.483+0000][13361.427s][info][gc,heap     ] GC(3211) Archive regions: 2->2
[2024-08-15T16:11:05.483+0000][13361.427s][info][gc,heap     ] GC(3211) Humongous regions: 5->5
[2024-08-15T16:11:05.483+0000][13361.427s][info][gc,metaspace] GC(3211) Metaspace: 442453K(448832K)->442453K(448832K) NonClass: 387565K(391104K)->387565K(391104K) Class: 54887K(57728K)->54887K(57728K)
[2024-08-15T16:11:05.483+0000][13361.427s][info][gc          ] GC(3211) Pause Young (Prepare Mixed) (G1 Evacuation Pause) 9732M->4283M(12288M) 19.675ms
[2024-08-15T16:11:05.483+0000][13361.428s][info][gc,cpu      ] GC(3211) User=0.12s Sys=0.00s Real=0.01s
[2024-08-15T16:11:05.956+0000][13361.900s][info][gc,start    ] GC(3212) Pause Young (Mixed) (G1 Evacuation Pause)
[2024-08-15T16:11:05.956+0000][13361.900s][info][gc,task     ] GC(3212) Using 6 workers of 6 for evacuation
[2024-08-15T16:11:06.014+0000][13361.959s][info][gc,phases   ] GC(3212)   Pre Evacuate Collection Set: 0.2ms
[2024-08-15T16:11:06.014+0000][13361.959s][info][gc,phases   ] GC(3212)   Merge Heap Roots: 0.4ms
[2024-08-15T16:11:06.014+0000][13361.959s][info][gc,phases   ] GC(3212)   Evacuate Collection Set: 56.3ms
[2024-08-15T16:11:06.014+0000][13361.959s][info][gc,phases   ] GC(3212)   Post Evacuate Collection Set: 1.3ms
[2024-08-15T16:11:06.014+0000][13361.959s][info][gc,phases   ] GC(3212)   Other: 0.2ms
[2024-08-15T16:11:06.014+0000][13361.959s][info][gc,heap     ] GC(3212) Eden regions: 68->0(684)
[2024-08-15T16:11:06.014+0000][13361.959s][info][gc,heap     ] GC(3212) Survivor regions: 8->6(10)
[2024-08-15T16:11:06.014+0000][13361.959s][info][gc,heap     ] GC(3212) Old regions: 522->521
[2024-08-15T16:11:06.014+0000][13361.959s][info][gc,heap     ] GC(3212) Archive regions: 2->2
[2024-08-15T16:11:06.014+0000][13361.959s][info][gc,heap     ] GC(3212) Humongous regions: 5->5
[2024-08-15T16:11:06.014+0000][13361.959s][info][gc,metaspace] GC(3212) Metaspace: 442453K(448832K)->442453K(448832K) NonClass: 387565K(391104K)->387565K(391104K) Class: 54887K(57728K)->54887K(57728K)
[2024-08-15T16:11:06.014+0000][13361.959s][info][gc          ] GC(3212) Pause Young (Mixed) (G1 Evacuation Pause) 4827M->4252M(12288M) 58.388ms
[2024-08-15T16:11:06.014+0000][13361.959s][info][gc,cpu      ] GC(3212) User=0.34s Sys=0.00s Real=0.05s
[2024-08-15T16:11:10.647+0000][13366.591s][info][gc,start    ] GC(3213) Pause Young (Normal) (G1 Evacuation Pause)
[2024-08-15T16:11:10.647+0000][13366.591s][info][gc,task     ] GC(3213) Using 6 workers of 6 for evacuation
[2024-08-15T16:11:10.662+0000][13366.607s][info][gc,phases   ] GC(3213)   Pre Evacuate Collection Set: 0.2ms
[2024-08-15T16:11:10.663+0000][13366.607s][info][gc,phases   ] GC(3213)   Merge Heap Roots: 0.3ms
[2024-08-15T16:11:10.663+0000][13366.607s][info][gc,phases   ] GC(3213)   Evacuate Collection Set: 13.6ms
[2024-08-15T16:11:10.663+0000][13366.607s][info][gc,phases   ] GC(3213)   Post Evacuate Collection Set: 1.7ms
[2024-08-15T16:11:10.663+0000][13366.607s][info][gc,phases   ] GC(3213)   Other: 0.2ms
[2024-08-15T16:11:10.663+0000][13366.607s][info][gc,heap     ] GC(3213) Eden regions: 684->0(682)
[2024-08-15T16:11:10.663+0000][13366.607s][info][gc,heap     ] GC(3213) Survivor regions: 6->8(87)
[2024-08-15T16:11:10.663+0000][13366.607s][info][gc,heap     ] GC(3213) Old regions: 521->521
[2024-08-15T16:11:10.663+0000][13366.607s][info][gc,heap     ] GC(3213) Archive regions: 2->2
[2024-08-15T16:11:10.663+0000][13366.607s][info][gc,heap     ] GC(3213) Humongous regions: 5->5
[2024-08-15T16:11:10.663+0000][13366.607s][info][gc,metaspace] GC(3213) Metaspace: 442453K(448832K)->442453K(448832K) NonClass: 387565K(391104K)->387565K(391104K) Class: 54887K(57728K)->54887K(57728K)
[2024-08-15T16:11:10.663+0000][13366.607s][info][gc          ] GC(3213) Pause Young (Normal) (G1 Evacuation Pause) 9724M->4268M(12288M) 15.966ms
[2024-08-15T16:11:10.663+0000][13366.607s][info][gc,cpu      ] GC(3213) User=0.09s Sys=0.00s Real=0.01s
[2024-08-15T16:11:15.197+0000][13371.142s][info][gc,start    ] GC(3214) Pause Young (Normal) (G1 Evacuation Pause)
[2024-08-15T16:11:15.197+0000][13371.142s][info][gc,task     ] GC(3214) Using 6 workers of 6 for evacuation
[2024-08-15T16:11:15.214+0000][13371.159s][info][gc,phases   ] GC(3214)   Pre Evacuate Collection Set: 0.2ms
[2024-08-15T16:11:15.214+0000][13371.159s][info][gc,phases   ] GC(3214)   Merge Heap Roots: 0.2ms
[2024-08-15T16:11:15.214+0000][13371.159s][info][gc,phases   ] GC(3214)   Evacuate Collection Set: 14.9ms
[2024-08-15T16:11:15.214+0000][13371.159s][info][gc,phases   ] GC(3214)   Post Evacuate Collection Set: 1.7ms
[2024-08-15T16:11:15.214+0000][13371.159s][info][gc,phases   ] GC(3214)   Other: 0.2ms
[2024-08-15T16:11:15.214+0000][13371.159s][info][gc,heap     ] GC(3214) Eden regions: 682->0(681)
[2024-08-15T16:11:15.214+0000][13371.159s][info][gc,heap     ] GC(3214) Survivor regions: 8->9(87)
[2024-08-15T16:11:15.214+0000][13371.159s][info][gc,heap     ] GC(3214) Old regions: 521->521
[2024-08-15T16:11:15.214+0000][13371.159s][info][gc,heap     ] GC(3214) Archive regions: 2->2
[2024-08-15T16:11:15.214+0000][13371.159s][info][gc,heap     ] GC(3214) Humongous regions: 5->5
[2024-08-15T16:11:15.214+0000][13371.159s][info][gc,metaspace] GC(3214) Metaspace: 442453K(448832K)->442453K(448832K) NonClass: 387565K(391104K)->387565K(391104K) Class: 54887K(57728K)->54887K(57728K)
[2024-08-15T16:11:15.214+0000][13371.159s][info][gc          ] GC(3214) Pause Young (Normal) (G1 Evacuation Pause) 9724M->4280M(12288M) 17.197ms
[2024-08-15T16:11:15.214+0000][13371.159s][info][gc,cpu      ] GC(3214) User=0.10s Sys=0.00s Real=0.01s
[2024-08-15T16:11:19.810+0000][13375.754s][info][gc,start    ] GC(3215) Pause Young (Concurrent Start) (G1 Evacuation Pause)
[2024-08-15T16:11:19.810+0000][13375.754s][info][gc,task     ] GC(3215) Using 6 workers of 6 for evacuation
[2024-08-15T16:11:19.830+0000][13375.775s][info][gc,phases   ] GC(3215)   Pre Evacuate Collection Set: 0.6ms
[2024-08-15T16:11:19.830+0000][13375.775s][info][gc,phases   ] GC(3215)   Merge Heap Roots: 0.2ms
[2024-08-15T16:11:19.830+0000][13375.775s][info][gc,phases   ] GC(3215)   Evacuate Collection Set: 17.6ms
[2024-08-15T16:11:19.830+0000][13375.775s][info][gc,phases   ] GC(3215)   Post Evacuate Collection Set: 1.7ms
[2024-08-15T16:11:19.830+0000][13375.775s][info][gc,phases   ] GC(3215)   Other: 0.3ms
[2024-08-15T16:11:19.830+0000][13375.775s][info][gc,heap     ] GC(3215) Eden regions: 681->0(678)
[2024-08-15T16:11:19.830+0000][13375.775s][info][gc,heap     ] GC(3215) Survivor regions: 9->11(87)
[2024-08-15T16:11:19.830+0000][13375.775s][info][gc,heap     ] GC(3215) Old regions: 521->521
[2024-08-15T16:11:19.830+0000][13375.775s][info][gc,heap     ] GC(3215) Archive regions: 2->2
[2024-08-15T16:11:19.830+0000][13375.775s][info][gc,heap     ] GC(3215) Humongous regions: 5->5
[2024-08-15T16:11:19.830+0000][13375.775s][info][gc,metaspace] GC(3215) Metaspace: 442453K(448832K)->442453K(448832K) NonClass: 387565K(391104K)->387565K(391104K) Class: 54887K(57728K)->54887K(57728K)
[2024-08-15T16:11:19.830+0000][13375.775s][info][gc          ] GC(3215) Pause Young (Concurrent Start) (G1 Evacuation Pause) 9728M->4297M(12288M) 20.450ms
[2024-08-15T16:11:19.830+0000][13375.775s][info][gc,cpu      ] GC(3215) User=0.12s Sys=0.00s Real=0.02s
[2024-08-15T16:11:19.830+0000][13375.775s][info][gc          ] GC(3216) Concurrent Mark Cycle
[2024-08-15T16:11:19.830+0000][13375.775s][info][gc,marking  ] GC(3216) Concurrent Clear Claimed Marks
[2024-08-15T16:11:19.830+0000][13375.775s][info][gc,marking  ] GC(3216) Concurrent Clear Claimed Marks 0.382ms
[2024-08-15T16:11:19.831+0000][13375.775s][info][gc,marking  ] GC(3216) Concurrent Scan Root Regions
[2024-08-15T16:11:19.845+0000][13375.790s][info][gc,marking  ] GC(3216) Concurrent Scan Root Regions 14.802ms
[2024-08-15T16:11:19.845+0000][13375.790s][info][gc,marking  ] GC(3216) Concurrent Mark
[2024-08-15T16:11:19.845+0000][13375.790s][info][gc,marking  ] GC(3216) Concurrent Mark From Roots
[2024-08-15T16:11:19.845+0000][13375.790s][info][gc,task     ] GC(3216) Using 2 workers of 2 for marking
[2024-08-15T16:11:23.202+0000][13379.146s][info][gc,marking  ] GC(3216) Concurrent Mark From Roots 3356.377ms
[2024-08-15T16:11:23.202+0000][13379.146s][info][gc,marking  ] GC(3216) Concurrent Preclean
[2024-08-15T16:11:23.204+0000][13379.148s][info][gc,marking  ] GC(3216) Concurrent Preclean 1.966ms
[2024-08-15T16:11:23.204+0000][13379.149s][info][gc,start    ] GC(3216) Pause Remark
[2024-08-15T16:11:23.227+0000][13379.172s][info][gc          ] GC(3216) Pause Remark 7853M->7853M(12288M) 23.452ms
[2024-08-15T16:11:23.227+0000][13379.172s][info][gc,cpu      ] GC(3216) User=0.11s Sys=0.00s Real=0.02s
[2024-08-15T16:11:23.228+0000][13379.172s][info][gc,marking  ] GC(3216) Concurrent Mark 3382.198ms
[2024-08-15T16:11:23.228+0000][13379.172s][info][gc,marking  ] GC(3216) Concurrent Rebuild Remembered Sets
[2024-08-15T16:11:24.768+0000][13380.713s][info][gc,start    ] GC(3217) Pause Young (Normal) (G1 Evacuation Pause)
[2024-08-15T16:11:24.768+0000][13380.713s][info][gc,task     ] GC(3217) Using 6 workers of 6 for evacuation
[2024-08-15T16:11:24.788+0000][13380.733s][info][gc,phases   ] GC(3217)   Pre Evacuate Collection Set: 0.2ms
[2024-08-15T16:11:24.788+0000][13380.733s][info][gc,phases   ] GC(3217)   Merge Heap Roots: 0.3ms
[2024-08-15T16:11:24.788+0000][13380.733s][info][gc,phases   ] GC(3217)   Evacuate Collection Set: 17.7ms
[2024-08-15T16:11:24.788+0000][13380.733s][info][gc,phases   ] GC(3217)   Post Evacuate Collection Set: 1.7ms
[2024-08-15T16:11:24.788+0000][13380.733s][info][gc,phases   ] GC(3217)   Other: 0.2ms
[2024-08-15T16:11:24.788+0000][13380.733s][info][gc,heap     ] GC(3217) Eden regions: 678->0(682)
[2024-08-15T16:11:24.788+0000][13380.733s][info][gc,heap     ] GC(3217) Survivor regions: 11->8(87)
[2024-08-15T16:11:24.788+0000][13380.733s][info][gc,heap     ] GC(3217) Old regions: 521->521
[2024-08-15T16:11:24.788+0000][13380.733s][info][gc,heap     ] GC(3217) Archive regions: 2->2
[2024-08-15T16:11:24.788+0000][13380.733s][info][gc,heap     ] GC(3217) Humongous regions: 5->5
[2024-08-15T16:11:24.788+0000][13380.733s][info][gc,metaspace] GC(3217) Metaspace: 442453K(448832K)->442453K(448832K) NonClass: 387565K(391104K)->387565K(391104K) Class: 54887K(57728K)->54887K(57728K)
[2024-08-15T16:11:24.788+0000][13380.733s][info][gc          ] GC(3217) Pause Young (Normal) (G1 Evacuation Pause) 9721M->4275M(12288M) 20.135ms
[2024-08-15T16:11:24.788+0000][13380.733s][info][gc,cpu      ] GC(3217) User=0.12s Sys=0.00s Real=0.02s
[2024-08-15T16:11:25.213+0000][13381.157s][info][gc,marking  ] GC(3216) Concurrent Rebuild Remembered Sets 1984.979ms
[2024-08-15T16:11:25.213+0000][13381.157s][info][gc,start    ] GC(3216) Pause Cleanup
[2024-08-15T16:11:25.213+0000][13381.158s][info][gc          ] GC(3216) Pause Cleanup 4743M->4743M(12288M) 0.542ms
[2024-08-15T16:11:25.213+0000][13381.158s][info][gc,cpu      ] GC(3216) User=0.00s Sys=0.00s Real=0.00s
[2024-08-15T16:11:25.213+0000][13381.158s][info][gc,marking  ] GC(3216) Concurrent Cleanup for Next Mark
[2024-08-15T16:11:25.242+0000][13381.187s][info][gc,marking  ] GC(3216) Concurrent Cleanup for Next Mark 29.149ms
[2024-08-15T16:11:25.243+0000][13381.187s][info][gc          ] GC(3216) Concurrent Mark Cycle 5412.438ms
[2024-08-15T16:11:29.490+0000][13385.435s][info][gc,start    ] GC(3218) Pause Young (Prepare Mixed) (G1 Evacuation Pause)
[2024-08-15T16:11:29.490+0000][13385.435s][info][gc,task     ] GC(3218) Using 6 workers of 6 for evacuation
[2024-08-15T16:11:29.520+0000][13385.464s][info][gc,phases   ] GC(3218)   Pre Evacuate Collection Set: 0.2ms
[2024-08-15T16:11:29.520+0000][13385.464s][info][gc,phases   ] GC(3218)   Merge Heap Roots: 0.3ms
[2024-08-15T16:11:29.520+0000][13385.464s][info][gc,phases   ] GC(3218)   Evacuate Collection Set: 27.0ms
[2024-08-15T16:11:29.520+0000][13385.464s][info][gc,phases   ] GC(3218)   Post Evacuate Collection Set: 1.8ms
[2024-08-15T16:11:29.520+0000][13385.464s][info][gc,phases   ] GC(3218)   Other: 0.2ms
[2024-08-15T16:11:29.520+0000][13385.464s][info][gc,heap     ] GC(3218) Eden regions: 682->0(65)
[2024-08-15T16:11:29.520+0000][13385.464s][info][gc,heap     ] GC(3218) Survivor regions: 8->11(87)
[2024-08-15T16:11:29.520+0000][13385.464s][info][gc,heap     ] GC(3218) Old regions: 521->521
[2024-08-15T16:11:29.520+0000][13385.464s][info][gc,heap     ] GC(3218) Archive regions: 2->2
[2024-08-15T16:11:29.520+0000][13385.464s][info][gc,heap     ] GC(3218) Humongous regions: 5->5
[2024-08-15T16:11:29.520+0000][13385.464s][info][gc,metaspace] GC(3218) Metaspace: 442453K(448832K)->442453K(448832K) NonClass: 387565K(391104K)->387565K(391104K) Class: 54887K(57728K)->54887K(57728K)
[2024-08-15T16:11:29.520+0000][13385.464s][info][gc          ] GC(3218) Pause Young (Prepare Mixed) (G1 Evacuation Pause) 9731M->4295M(12288M) 29.536ms
[2024-08-15T16:11:29.520+0000][13385.464s][info][gc,cpu      ] GC(3218) User=0.18s Sys=0.00s Real=0.03s
[2024-08-15T16:11:29.940+0000][13385.885s][info][gc,start    ] GC(3219) Pause Young (Mixed) (G1 Evacuation Pause)
[2024-08-15T16:11:29.940+0000][13385.885s][info][gc,task     ] GC(3219) Using 6 workers of 6 for evacuation
[2024-08-15T16:11:30.004+0000][13385.948s][info][gc,phases   ] GC(3219)   Pre Evacuate Collection Set: 0.2ms
[2024-08-15T16:11:30.004+0000][13385.948s][info][gc,phases   ] GC(3219)   Merge Heap Roots: 0.4ms
[2024-08-15T16:11:30.004+0000][13385.948s][info][gc,phases   ] GC(3219)   Evacuate Collection Set: 61.5ms
[2024-08-15T16:11:30.004+0000][13385.948s][info][gc,phases   ] GC(3219)   Post Evacuate Collection Set: 1.3ms
[2024-08-15T16:11:30.004+0000][13385.948s][info][gc,phases   ] GC(3219)   Other: 0.2ms
[2024-08-15T16:11:30.004+0000][13385.948s][info][gc,heap     ] GC(3219) Eden regions: 65->0(683)
[2024-08-15T16:11:30.004+0000][13385.948s][info][gc,heap     ] GC(3219) Survivor regions: 11->6(10)
[2024-08-15T16:11:30.004+0000][13385.948s][info][gc,heap     ] GC(3219) Old regions: 521->522
[2024-08-15T16:11:30.004+0000][13385.948s][info][gc,heap     ] GC(3219) Archive regions: 2->2
[2024-08-15T16:11:30.004+0000][13385.948s][info][gc,heap     ] GC(3219) Humongous regions: 5->5
[2024-08-15T16:11:30.004+0000][13385.948s][info][gc,metaspace] GC(3219) Metaspace: 442453K(448832K)->442453K(448832K) NonClass: 387565K(391104K)->387565K(391104K) Class: 54887K(57728K)->54887K(57728K)
[2024-08-15T16:11:30.004+0000][13385.948s][info][gc          ] GC(3219) Pause Young (Mixed) (G1 Evacuation Pause) 4815M->4262M(12288M) 63.650ms
[2024-08-15T16:11:30.004+0000][13385.948s][info][gc,cpu      ] GC(3219) User=0.37s Sys=0.00s Real=0.07s
[2024-08-15T16:11:34.509+0000][13390.453s][info][gc,start    ] GC(3220) Pause Young (Normal) (G1 Evacuation Pause)
[2024-08-15T16:11:34.509+0000][13390.453s][info][gc,task     ] GC(3220) Using 6 workers of 6 for evacuation
[2024-08-15T16:11:34.521+0000][13390.465s][info][gc,phases   ] GC(3220)   Pre Evacuate Collection Set: 0.2ms
[2024-08-15T16:11:34.521+0000][13390.465s][info][gc,phases   ] GC(3220)   Merge Heap Roots: 0.2ms
[2024-08-15T16:11:34.521+0000][13390.465s][info][gc,phases   ] GC(3220)   Evacuate Collection Set: 9.6ms
[2024-08-15T16:11:34.521+0000][13390.465s][info][gc,phases   ] GC(3220)   Post Evacuate Collection Set: 1.7ms
[2024-08-15T16:11:34.521+0000][13390.465s][info][gc,phases   ] GC(3220)   Other: 0.2ms
[2024-08-15T16:11:34.521+0000][13390.465s][info][gc,heap     ] GC(3220) Eden regions: 683->0(684)
[2024-08-15T16:11:34.521+0000][13390.465s][info][gc,heap     ] GC(3220) Survivor regions: 6->5(87)
[2024-08-15T16:11:34.521+0000][13390.465s][info][gc,heap     ] GC(3220) Old regions: 522->522
[2024-08-15T16:11:34.521+0000][13390.465s][info][gc,heap     ] GC(3220) Archive regions: 2->2
[2024-08-15T16:11:34.521+0000][13390.465s][info][gc,heap     ] GC(3220) Humongous regions: 5->5
[2024-08-15T16:11:34.521+0000][13390.465s][info][gc,metaspace] GC(3220) Metaspace: 442453K(448832K)->442453K(448832K) NonClass: 387565K(391104K)->387565K(391104K) Class: 54887K(57728K)->54887K(57728K)
[2024-08-15T16:11:34.521+0000][13390.465s][info][gc          ] GC(3220) Pause Young (Normal) (G1 Evacuation Pause) 9726M->4257M(12288M) 11.965ms
[2024-08-15T16:11:34.521+0000][13390.465s][info][gc,cpu      ] GC(3220) User=0.07s Sys=0.00s Real=0.01s
[2024-08-15T16:11:39.223+0000][13395.167s][info][gc,start    ] GC(3221) Pause Young (Normal) (G1 Evacuation Pause)
[2024-08-15T16:11:39.223+0000][13395.167s][info][gc,task     ] GC(3221) Using 6 workers of 6 for evacuation
[2024-08-15T16:11:39.239+0000][13395.183s][info][gc,phases   ] GC(3221)   Pre Evacuate Collection Set: 0.2ms
[2024-08-15T16:11:39.239+0000][13395.183s][info][gc,phases   ] GC(3221)   Merge Heap Roots: 0.2ms
[2024-08-15T16:11:39.239+0000][13395.183s][info][gc,phases   ] GC(3221)   Evacuate Collection Set: 13.9ms
[2024-08-15T16:11:39.239+0000][13395.183s][info][gc,phases   ] GC(3221)   Post Evacuate Collection Set: 1.7ms
[2024-08-15T16:11:39.239+0000][13395.183s][info][gc,phases   ] GC(3221)   Other: 0.2ms
[2024-08-15T16:11:39.239+0000][13395.183s][info][gc,heap     ] GC(3221) Eden regions: 684->0(681)
[2024-08-15T16:11:39.239+0000][13395.183s][info][gc,heap     ] GC(3221) Survivor regions: 5->8(87)
[2024-08-15T16:11:39.239+0000][13395.183s][info][gc,heap     ] GC(3221) Old regions: 522->522
[2024-08-15T16:11:39.239+0000][13395.183s][info][gc,heap     ] GC(3221) Archive regions: 2->2
[2024-08-15T16:11:39.239+0000][13395.183s][info][gc,heap     ] GC(3221) Humongous regions: 5->5
[2024-08-15T16:11:39.239+0000][13395.184s][info][gc,metaspace] GC(3221) Metaspace: 442453K(448832K)->442453K(448832K) NonClass: 387565K(391104K)->387565K(391104K) Class: 54887K(57728K)->54887K(57728K)
[2024-08-15T16:11:39.239+0000][13395.184s][info][gc          ] GC(3221) Pause Young (Normal) (G1 Evacuation Pause) 9729M->4276M(12288M) 16.244ms
[2024-08-15T16:11:39.239+0000][13395.184s][info][gc,cpu      ] GC(3221) User=0.09s Sys=0.00s Real=0.02s
[2024-08-15T16:11:43.891+0000][13399.835s][info][gc,start    ] GC(3222) Pause Young (Concurrent Start) (G1 Evacuation Pause)
[2024-08-15T16:11:43.891+0000][13399.835s][info][gc,task     ] GC(3222) Using 6 workers of 6 for evacuation
[2024-08-15T16:11:43.909+0000][13399.854s][info][gc,phases   ] GC(3222)   Pre Evacuate Collection Set: 0.6ms
[2024-08-15T16:11:43.909+0000][13399.854s][info][gc,phases   ] GC(3222)   Merge Heap Roots: 0.2ms
[2024-08-15T16:11:43.909+0000][13399.854s][info][gc,phases   ] GC(3222)   Evacuate Collection Set: 15.4ms
[2024-08-15T16:11:43.909+0000][13399.854s][info][gc,phases   ] GC(3222)   Post Evacuate Collection Set: 1.8ms
[2024-08-15T16:11:43.909+0000][13399.854s][info][gc,phases   ] GC(3222)   Other: 0.3ms
[2024-08-15T16:11:43.909+0000][13399.854s][info][gc,heap     ] GC(3222) Eden regions: 681->0(679)
[2024-08-15T16:11:43.909+0000][13399.854s][info][gc,heap     ] GC(3222) Survivor regions: 8->10(87)
[2024-08-15T16:11:43.909+0000][13399.854s][info][gc,heap     ] GC(3222) Old regions: 522->522
[2024-08-15T16:11:43.909+0000][13399.854s][info][gc,heap     ] GC(3222) Archive regions: 2->2
[2024-08-15T16:11:43.909+0000][13399.854s][info][gc,heap     ] GC(3222) Humongous regions: 5->5
[2024-08-15T16:11:43.909+0000][13399.854s][info][gc,metaspace] GC(3222) Metaspace: 442453K(448832K)->442453K(448832K) NonClass: 387565K(391104K)->387565K(391104K) Class: 54887K(57728K)->54887K(57728K)
[2024-08-15T16:11:43.909+0000][13399.854s][info][gc          ] GC(3222) Pause Young (Concurrent Start) (G1 Evacuation Pause) 9724M->4293M(12288M) 18.294ms
[2024-08-15T16:11:43.909+0000][13399.854s][info][gc,cpu      ] GC(3222) User=0.10s Sys=0.00s Real=0.02s
[2024-08-15T16:11:43.909+0000][13399.854s][info][gc          ] GC(3223) Concurrent Mark Cycle
[2024-08-15T16:11:43.909+0000][13399.854s][info][gc,marking  ] GC(3223) Concurrent Clear Claimed Marks
[2024-08-15T16:11:43.909+0000][13399.854s][info][gc,marking  ] GC(3223) Concurrent Clear Claimed Marks 0.368ms
[2024-08-15T16:11:43.910+0000][13399.854s][info][gc,marking  ] GC(3223) Concurrent Scan Root Regions
[2024-08-15T16:11:43.925+0000][13399.869s][info][gc,marking  ] GC(3223) Concurrent Scan Root Regions 14.986ms
[2024-08-15T16:11:43.925+0000][13399.869s][info][gc,marking  ] GC(3223) Concurrent Mark
[2024-08-15T16:11:43.925+0000][13399.869s][info][gc,marking  ] GC(3223) Concurrent Mark From Roots
[2024-08-15T16:11:43.925+0000][13399.869s][info][gc,task     ] GC(3223) Using 2 workers of 2 for marking
[2024-08-15T16:11:46.414+0000][13402.358s][info][gc,start    ] GC(3224) Pause Young (Normal) (G1 Evacuation Pause)
[2024-08-15T16:11:46.414+0000][13402.358s][info][gc,task     ] GC(3224) Using 6 workers of 6 for evacuation
[2024-08-15T16:11:46.460+0000][13402.405s][info][gc,phases   ] GC(3224)   Pre Evacuate Collection Set: 0.2ms
[2024-08-15T16:11:46.460+0000][13402.405s][info][gc,phases   ] GC(3224)   Merge Heap Roots: 0.2ms
[2024-08-15T16:11:46.460+0000][13402.405s][info][gc,phases   ] GC(3224)   Evacuate Collection Set: 36.7ms
[2024-08-15T16:11:46.460+0000][13402.405s][info][gc,phases   ] GC(3224)   Post Evacuate Collection Set: 9.3ms
[2024-08-15T16:11:46.460+0000][13402.405s][info][gc,phases   ] GC(3224)   Other: 0.2ms
[2024-08-15T16:11:46.460+0000][13402.405s][info][gc,heap     ] GC(3224) Eden regions: 679->0(676)
[2024-08-15T16:11:46.460+0000][13402.405s][info][gc,heap     ] GC(3224) Survivor regions: 10->11(87)
[2024-08-15T16:11:46.460+0000][13402.405s][info][gc,heap     ] GC(3224) Old regions: 522->522
[2024-08-15T16:11:46.460+0000][13402.405s][info][gc,heap     ] GC(3224) Archive regions: 2->2
[2024-08-15T16:11:46.460+0000][13402.405s][info][gc,heap     ] GC(3224) Humongous regions: 5->5
[2024-08-15T16:11:46.460+0000][13402.405s][info][gc,metaspace] GC(3224) Metaspace: 442453K(448832K)->442453K(448832K) NonClass: 387565K(391104K)->387565K(391104K) Class: 54887K(57728K)->54887K(57728K)
[2024-08-15T16:11:46.460+0000][13402.405s][info][gc          ] GC(3224) Pause Young (Normal) (G1 Evacuation Pause) 9725M->4305M(12288M) 46.682ms
[2024-08-15T16:11:46.460+0000][13402.405s][info][gc,cpu      ] GC(3224) User=0.27s Sys=0.00s Real=0.05s
[2024-08-15T16:11:47.563+0000][13403.507s][info][gc,marking  ] GC(3223) Concurrent Mark From Roots 3637.990ms
[2024-08-15T16:11:47.563+0000][13403.507s][info][gc,marking  ] GC(3223) Concurrent Preclean
[2024-08-15T16:11:47.564+0000][13403.509s][info][gc,marking  ] GC(3223) Concurrent Preclean 1.924ms
[2024-08-15T16:11:47.565+0000][13403.509s][info][gc,start    ] GC(3223) Pause Remark
[2024-08-15T16:11:47.592+0000][13403.537s][info][gc          ] GC(3223) Pause Remark 6537M->6537M(12288M) 27.700ms
[2024-08-15T16:11:47.592+0000][13403.537s][info][gc,cpu      ] GC(3223) User=0.13s Sys=0.00s Real=0.02s
[2024-08-15T16:11:47.593+0000][13403.537s][info][gc,marking  ] GC(3223) Concurrent Mark 3668.024ms
[2024-08-15T16:11:47.593+0000][13403.537s][info][gc,marking  ] GC(3223) Concurrent Rebuild Remembered Sets
[2024-08-15T16:11:49.144+0000][13405.089s][info][gc,start    ] GC(3225) Pause Young (Normal) (G1 Evacuation Pause)
[2024-08-15T16:11:49.144+0000][13405.089s][info][gc,task     ] GC(3225) Using 6 workers of 6 for evacuation
[2024-08-15T16:11:49.195+0000][13405.140s][info][gc,phases   ] GC(3225)   Pre Evacuate Collection Set: 0.2ms
[2024-08-15T16:11:49.195+0000][13405.140s][info][gc,phases   ] GC(3225)   Merge Heap Roots: 0.2ms
[2024-08-15T16:11:49.195+0000][13405.140s][info][gc,phases   ] GC(3225)   Evacuate Collection Set: 42.1ms
[2024-08-15T16:11:49.195+0000][13405.140s][info][gc,phases   ] GC(3225)   Post Evacuate Collection Set: 8.5ms
[2024-08-15T16:11:49.195+0000][13405.140s][info][gc,phases   ] GC(3225)   Other: 0.2ms
[2024-08-15T16:11:49.195+0000][13405.140s][info][gc,heap     ] GC(3225) Eden regions: 676->0(671)
[2024-08-15T16:11:49.195+0000][13405.140s][info][gc,heap     ] GC(3225) Survivor regions: 11->14(86)
[2024-08-15T16:11:49.195+0000][13405.140s][info][gc,heap     ] GC(3225) Old regions: 522->522
[2024-08-15T16:11:49.195+0000][13405.140s][info][gc,heap     ] GC(3225) Archive regions: 2->2
[2024-08-15T16:11:49.195+0000][13405.140s][info][gc,heap     ] GC(3225) Humongous regions: 5->5
[2024-08-15T16:11:49.195+0000][13405.140s][info][gc,metaspace] GC(3225) Metaspace: 442453K(448832K)->442453K(448832K) NonClass: 387565K(391104K)->387565K(391104K) Class: 54887K(57728K)->54887K(57728K)
[2024-08-15T16:11:49.195+0000][13405.140s][info][gc          ] GC(3225) Pause Young (Normal) (G1 Evacuation Pause) 9713M->4326M(12288M) 51.230ms
[2024-08-15T16:11:49.195+0000][13405.140s][info][gc,cpu      ] GC(3225) User=0.30s Sys=0.00s Real=0.05s
[2024-08-15T16:11:49.726+0000][13405.671s][info][gc,marking  ] GC(3223) Concurrent Rebuild Remembered Sets 2133.783ms
[2024-08-15T16:11:49.727+0000][13405.671s][info][gc,start    ] GC(3223) Pause Cleanup
[2024-08-15T16:11:49.727+0000][13405.672s][info][gc          ] GC(3223) Pause Cleanup 5522M->5522M(12288M) 0.487ms
[2024-08-15T16:11:49.727+0000][13405.672s][info][gc,cpu      ] GC(3223) User=0.00s Sys=0.00s Real=0.00s
[2024-08-15T16:11:49.727+0000][13405.672s][info][gc,marking  ] GC(3223) Concurrent Cleanup for Next Mark
[2024-08-15T16:11:49.757+0000][13405.701s][info][gc,marking  ] GC(3223) Concurrent Cleanup for Next Mark 29.622ms
[2024-08-15T16:11:49.757+0000][13405.702s][info][gc          ] GC(3223) Concurrent Mark Cycle 5847.795ms
[2024-08-15T16:11:50.905+0000][13406.849s][info][gc,start    ] GC(3226) Pause Young (Prepare Mixed) (G1 Evacuation Pause)
[2024-08-15T16:11:50.905+0000][13406.849s][info][gc,task     ] GC(3226) Using 6 workers of 6 for evacuation
[2024-08-15T16:11:50.971+0000][13406.916s][info][gc,phases   ] GC(3226)   Pre Evacuate Collection Set: 0.2ms
[2024-08-15T16:11:50.971+0000][13406.916s][info][gc,phases   ] GC(3226)   Merge Heap Roots: 0.2ms
[2024-08-15T16:11:50.971+0000][13406.916s][info][gc,phases   ] GC(3226)   Evacuate Collection Set: 55.1ms
[2024-08-15T16:11:50.971+0000][13406.916s][info][gc,phases   ] GC(3226)   Post Evacuate Collection Set: 10.5ms
[2024-08-15T16:11:50.971+0000][13406.916s][info][gc,phases   ] GC(3226)   Other: 0.2ms
[2024-08-15T16:11:50.971+0000][13406.916s][info][gc,heap     ] GC(3226) Eden regions: 671->0(58)
[2024-08-15T16:11:50.971+0000][13406.916s][info][gc,heap     ] GC(3226) Survivor regions: 14->18(86)
[2024-08-15T16:11:50.971+0000][13406.916s][info][gc,heap     ] GC(3226) Old regions: 522->522
[2024-08-15T16:11:50.971+0000][13406.916s][info][gc,heap     ] GC(3226) Archive regions: 2->2
[2024-08-15T16:11:50.971+0000][13406.916s][info][gc,heap     ] GC(3226) Humongous regions: 5->5
[2024-08-15T16:11:50.971+0000][13406.916s][info][gc,metaspace] GC(3226) Metaspace: 442453K(448832K)->442453K(448832K) NonClass: 387565K(391104K)->387565K(391104K) Class: 54887K(57728K)->54887K(57728K)
[2024-08-15T16:11:50.971+0000][13406.916s][info][gc          ] GC(3226) Pause Young (Prepare Mixed) (G1 Evacuation Pause) 9694M->4360M(12288M) 66.360ms
[2024-08-15T16:11:50.971+0000][13406.916s][info][gc,cpu      ] GC(3226) User=0.38s Sys=0.00s Real=0.06s
[2024-08-15T16:11:51.154+0000][13407.099s][info][gc,start    ] GC(3227) Pause Young (Mixed) (G1 Evacuation Pause)
[2024-08-15T16:11:51.154+0000][13407.099s][info][gc,task     ] GC(3227) Using 6 workers of 6 for evacuation
[2024-08-15T16:11:51.253+0000][13407.197s][info][gc,phases   ] GC(3227)   Pre Evacuate Collection Set: 0.2ms
[2024-08-15T16:11:51.253+0000][13407.197s][info][gc,phases   ] GC(3227)   Merge Heap Roots: 0.6ms
[2024-08-15T16:11:51.253+0000][13407.197s][info][gc,phases   ] GC(3227)   Evacuate Collection Set: 94.8ms
[2024-08-15T16:11:51.253+0000][13407.197s][info][gc,phases   ] GC(3227)   Post Evacuate Collection Set: 2.8ms
[2024-08-15T16:11:51.253+0000][13407.197s][info][gc,phases   ] GC(3227)   Other: 0.2ms
[2024-08-15T16:11:51.253+0000][13407.197s][info][gc,heap     ] GC(3227) Eden regions: 58->0(671)
[2024-08-15T16:11:51.253+0000][13407.197s][info][gc,heap     ] GC(3227) Survivor regions: 18->6(10)
[2024-08-15T16:11:51.253+0000][13407.197s][info][gc,heap     ] GC(3227) Old regions: 522->531
[2024-08-15T16:11:51.253+0000][13407.197s][info][gc,heap     ] GC(3227) Archive regions: 2->2
[2024-08-15T16:11:51.253+0000][13407.197s][info][gc,heap     ] GC(3227) Humongous regions: 5->5
[2024-08-15T16:11:51.253+0000][13407.197s][info][gc,metaspace] GC(3227) Metaspace: 442453K(448832K)->442453K(448832K) NonClass: 387565K(391104K)->387565K(391104K) Class: 54887K(57728K)->54887K(57728K)
[2024-08-15T16:11:51.253+0000][13407.197s][info][gc          ] GC(3227) Pause Young (Mixed) (G1 Evacuation Pause) 4824M->4331M(12288M) 98.703ms
[2024-08-15T16:11:51.253+0000][13407.197s][info][gc,cpu      ] GC(3227) User=0.58s Sys=0.01s Real=0.10s
[2024-08-15T16:11:53.399+0000][13409.344s][info][gc,start    ] GC(3228) Pause Young (Normal) (G1 Evacuation Pause)
[2024-08-15T16:11:53.399+0000][13409.344s][info][gc,task     ] GC(3228) Using 6 workers of 6 for evacuation
[2024-08-15T16:11:53.456+0000][13409.401s][info][gc,phases   ] GC(3228)   Pre Evacuate Collection Set: 0.2ms
[2024-08-15T16:11:53.456+0000][13409.401s][info][gc,phases   ] GC(3228)   Merge Heap Roots: 0.3ms
[2024-08-15T16:11:53.456+0000][13409.401s][info][gc,phases   ] GC(3228)   Evacuate Collection Set: 44.2ms
[2024-08-15T16:11:53.456+0000][13409.401s][info][gc,phases   ] GC(3228)   Post Evacuate Collection Set: 12.6ms
[2024-08-15T16:11:53.456+0000][13409.401s][info][gc,phases   ] GC(3228)   Other: 0.2ms
[2024-08-15T16:11:53.457+0000][13409.401s][info][gc,heap     ] GC(3228) Eden regions: 671->0(667)
[2024-08-15T16:11:53.457+0000][13409.401s][info][gc,heap     ] GC(3228) Survivor regions: 6->9(85)
[2024-08-15T16:11:53.457+0000][13409.401s][info][gc,heap     ] GC(3228) Old regions: 531->531
[2024-08-15T16:11:53.457+0000][13409.401s][info][gc,heap     ] GC(3228) Archive regions: 2->2
[2024-08-15T16:11:53.457+0000][13409.401s][info][gc,heap     ] GC(3228) Humongous regions: 5->5
[2024-08-15T16:11:53.457+0000][13409.401s][info][gc,metaspace] GC(3228) Metaspace: 442453K(448832K)->442453K(448832K) NonClass: 387565K(391104K)->387565K(391104K) Class: 54887K(57728K)->54887K(57728K)
[2024-08-15T16:11:53.457+0000][13409.401s][info][gc          ] GC(3228) Pause Young (Normal) (G1 Evacuation Pause) 9699M->4358M(12288M) 57.431ms
[2024-08-15T16:11:53.457+0000][13409.401s][info][gc,cpu      ] GC(3228) User=0.34s Sys=0.01s Real=0.06s
[2024-08-15T16:11:55.431+0000][13411.376s][info][gc,start    ] GC(3229) Pause Young (Normal) (G1 Evacuation Pause)
[2024-08-15T16:11:55.431+0000][13411.376s][info][gc,task     ] GC(3229) Using 6 workers of 6 for evacuation
[2024-08-15T16:11:55.490+0000][13411.435s][info][gc,phases   ] GC(3229)   Pre Evacuate Collection Set: 0.2ms
[2024-08-15T16:11:55.490+0000][13411.435s][info][gc,phases   ] GC(3229)   Merge Heap Roots: 0.2ms
[2024-08-15T16:11:55.490+0000][13411.435s][info][gc,phases   ] GC(3229)   Evacuate Collection Set: 46.6ms
[2024-08-15T16:11:55.490+0000][13411.435s][info][gc,phases   ] GC(3229)   Post Evacuate Collection Set: 12.1ms
[2024-08-15T16:11:55.491+0000][13411.435s][info][gc,phases   ] GC(3229)   Other: 0.2ms
[2024-08-15T16:11:55.491+0000][13411.435s][info][gc,heap     ] GC(3229) Eden regions: 667->0(665)
[2024-08-15T16:11:55.491+0000][13411.435s][info][gc,heap     ] GC(3229) Survivor regions: 9->11(85)
[2024-08-15T16:11:55.491+0000][13411.435s][info][gc,heap     ] GC(3229) Old regions: 531->531
[2024-08-15T16:11:55.491+0000][13411.435s][info][gc,heap     ] GC(3229) Archive regions: 2->2
[2024-08-15T16:11:55.491+0000][13411.435s][info][gc,heap     ] GC(3229) Humongous regions: 5->5
[2024-08-15T16:11:55.491+0000][13411.435s][info][gc,metaspace] GC(3229) Metaspace: 442453K(448832K)->442453K(448832K) NonClass: 387565K(391104K)->387565K(391104K) Class: 54887K(57728K)->54887K(57728K)
[2024-08-15T16:11:55.491+0000][13411.435s][info][gc          ] GC(3229) Pause Young (Normal) (G1 Evacuation Pause) 9694M->4374M(12288M) 59.309ms
[2024-08-15T16:11:55.491+0000][13411.435s][info][gc,cpu      ] GC(3229) User=0.33s Sys=0.00s Real=0.06s
[2024-08-15T16:11:57.434+0000][13413.379s][info][gc,start    ] GC(3230) Pause Young (Concurrent Start) (G1 Evacuation Pause)
[2024-08-15T16:11:57.434+0000][13413.379s][info][gc,task     ] GC(3230) Using 6 workers of 6 for evacuation
[2024-08-15T16:11:57.494+0000][13413.439s][info][gc,phases   ] GC(3230)   Pre Evacuate Collection Set: 0.5ms
[2024-08-15T16:11:57.494+0000][13413.439s][info][gc,phases   ] GC(3230)   Merge Heap Roots: 0.2ms
[2024-08-15T16:11:57.494+0000][13413.439s][info][gc,phases   ] GC(3230)   Evacuate Collection Set: 48.2ms
[2024-08-15T16:11:57.494+0000][13413.439s][info][gc,phases   ] GC(3230)   Post Evacuate Collection Set: 10.7ms
[2024-08-15T16:11:57.494+0000][13413.439s][info][gc,phases   ] GC(3230)   Other: 0.3ms
[2024-08-15T16:11:57.494+0000][13413.439s][info][gc,heap     ] GC(3230) Eden regions: 665->0(662)
[2024-08-15T16:11:57.494+0000][13413.439s][info][gc,heap     ] GC(3230) Survivor regions: 11->14(85)
[2024-08-15T16:11:57.494+0000][13413.439s][info][gc,heap     ] GC(3230) Old regions: 531->531
[2024-08-15T16:11:57.494+0000][13413.439s][info][gc,heap     ] GC(3230) Archive regions: 2->2
[2024-08-15T16:11:57.494+0000][13413.439s][info][gc,heap     ] GC(3230) Humongous regions: 5->5
[2024-08-15T16:11:57.494+0000][13413.439s][info][gc,metaspace] GC(3230) Metaspace: 442453K(448832K)->442453K(448832K) NonClass: 387565K(391104K)->387565K(391104K) Class: 54887K(57728K)->54887K(57728K)
[2024-08-15T16:11:57.494+0000][13413.439s][info][gc          ] GC(3230) Pause Young (Concurrent Start) (G1 Evacuation Pause) 9694M->4393M(12288M) 60.047ms
[2024-08-15T16:11:57.494+0000][13413.439s][info][gc,cpu      ] GC(3230) User=0.34s Sys=0.00s Real=0.06s
[2024-08-15T16:11:57.494+0000][13413.439s][info][gc          ] GC(3231) Concurrent Mark Cycle
[2024-08-15T16:11:57.494+0000][13413.439s][info][gc,marking  ] GC(3231) Concurrent Clear Claimed Marks
[2024-08-15T16:11:57.495+0000][13413.439s][info][gc,marking  ] GC(3231) Concurrent Clear Claimed Marks 0.416ms
[2024-08-15T16:11:57.495+0000][13413.439s][info][gc,marking  ] GC(3231) Concurrent Scan Root Regions
[2024-08-15T16:11:57.555+0000][13413.499s][info][gc,marking  ] GC(3231) Concurrent Scan Root Regions 60.209ms
[2024-08-15T16:11:57.555+0000][13413.500s][info][gc,marking  ] GC(3231) Concurrent Mark
[2024-08-15T16:11:57.555+0000][13413.500s][info][gc,marking  ] GC(3231) Concurrent Mark From Roots
[2024-08-15T16:11:57.555+0000][13413.500s][info][gc,task     ] GC(3231) Using 2 workers of 2 for marking
[2024-08-15T16:12:00.172+0000][13416.116s][info][gc,start    ] GC(3232) Pause Young (Normal) (G1 Evacuation Pause)
[2024-08-15T16:12:00.172+0000][13416.116s][info][gc,task     ] GC(3232) Using 6 workers of 6 for evacuation
[2024-08-15T16:12:00.253+0000][13416.197s][info][gc,phases   ] GC(3232)   Pre Evacuate Collection Set: 0.2ms
[2024-08-15T16:12:00.253+0000][13416.197s][info][gc,phases   ] GC(3232)   Merge Heap Roots: 0.3ms
[2024-08-15T16:12:00.253+0000][13416.197s][info][gc,phases   ] GC(3232)   Evacuate Collection Set: 65.8ms
[2024-08-15T16:12:00.253+0000][13416.197s][info][gc,phases   ] GC(3232)   Post Evacuate Collection Set: 14.6ms
[2024-08-15T16:12:00.253+0000][13416.197s][info][gc,phases   ] GC(3232)   Other: 0.2ms
[2024-08-15T16:12:00.253+0000][13416.197s][info][gc,heap     ] GC(3232) Eden regions: 662->0(658)
[2024-08-15T16:12:00.253+0000][13416.197s][info][gc,heap     ] GC(3232) Survivor regions: 14->16(85)
[2024-08-15T16:12:00.253+0000][13416.197s][info][gc,heap     ] GC(3232) Old regions: 531->531
[2024-08-15T16:12:00.253+0000][13416.197s][info][gc,heap     ] GC(3232) Archive regions: 2->2
[2024-08-15T16:12:00.253+0000][13416.197s][info][gc,heap     ] GC(3232) Humongous regions: 5->5
[2024-08-15T16:12:00.253+0000][13416.197s][info][gc,metaspace] GC(3232) Metaspace: 442453K(448832K)->442453K(448832K) NonClass: 387565K(391104K)->387565K(391104K) Class: 54887K(57728K)->54887K(57728K)
[2024-08-15T16:12:00.253+0000][13416.197s][info][gc          ] GC(3232) Pause Young (Normal) (G1 Evacuation Pause) 9689M->4415M(12288M) 81.160ms
[2024-08-15T16:12:00.253+0000][13416.197s][info][gc,cpu      ] GC(3232) User=0.47s Sys=0.00s Real=0.08s
[2024-08-15T16:12:01.066+0000][13417.010s][info][gc,marking  ] GC(3231) Concurrent Mark From Roots 3510.624ms
[2024-08-15T16:12:01.066+0000][13417.010s][info][gc,marking  ] GC(3231) Concurrent Preclean
[2024-08-15T16:12:01.067+0000][13417.012s][info][gc,marking  ] GC(3231) Concurrent Preclean 1.781ms
[2024-08-15T16:12:01.067+0000][13417.012s][info][gc,start    ] GC(3231) Pause Remark
[2024-08-15T16:12:01.092+0000][13417.037s][info][gc          ] GC(3231) Pause Remark 5959M->5959M(12288M) 24.777ms
[2024-08-15T16:12:01.092+0000][13417.037s][info][gc,cpu      ] GC(3231) User=0.14s Sys=0.00s Real=0.02s
[2024-08-15T16:12:01.092+0000][13417.037s][info][gc,marking  ] GC(3231) Concurrent Mark 3537.555ms
[2024-08-15T16:12:01.092+0000][13417.037s][info][gc,marking  ] GC(3231) Concurrent Rebuild Remembered Sets
[2024-08-15T16:12:02.731+0000][13418.675s][info][gc,marking  ] GC(3231) Concurrent Rebuild Remembered Sets 1638.229ms
[2024-08-15T16:12:02.731+0000][13418.675s][info][gc,start    ] GC(3231) Pause Cleanup
[2024-08-15T16:12:02.731+0000][13418.676s][info][gc          ] GC(3231) Pause Cleanup 9419M->9419M(12288M) 0.460ms
[2024-08-15T16:12:02.731+0000][13418.676s][info][gc,cpu      ] GC(3231) User=0.00s Sys=0.00s Real=0.00s
[2024-08-15T16:12:02.731+0000][13418.676s][info][gc,marking  ] GC(3231) Concurrent Cleanup for Next Mark
[2024-08-15T16:12:02.747+0000][13418.691s][info][gc,marking  ] GC(3231) Concurrent Cleanup for Next Mark 15.246ms
[2024-08-15T16:12:02.747+0000][13418.691s][info][gc          ] GC(3231) Concurrent Mark Cycle 5252.542ms
[2024-08-15T16:12:02.852+0000][13418.797s][info][gc,start    ] GC(3233) Pause Young (Prepare Mixed) (G1 Evacuation Pause)
[2024-08-15T16:12:02.852+0000][13418.797s][info][gc,task     ] GC(3233) Using 6 workers of 6 for evacuation
[2024-08-15T16:12:02.944+0000][13418.889s][info][gc,phases   ] GC(3233)   Pre Evacuate Collection Set: 0.2ms
[2024-08-15T16:12:02.944+0000][13418.889s][info][gc,phases   ] GC(3233)   Merge Heap Roots: 0.3ms
[2024-08-15T16:12:02.944+0000][13418.889s][info][gc,phases   ] GC(3233)   Evacuate Collection Set: 75.2ms
[2024-08-15T16:12:02.944+0000][13418.889s][info][gc,phases   ] GC(3233)   Post Evacuate Collection Set: 16.4ms
[2024-08-15T16:12:02.944+0000][13418.889s][info][gc,phases   ] GC(3233)   Other: 0.2ms
[2024-08-15T16:12:02.944+0000][13418.889s][info][gc,heap     ] GC(3233) Eden regions: 658->0(55)
[2024-08-15T16:12:02.944+0000][13418.889s][info][gc,heap     ] GC(3233) Survivor regions: 16->21(85)
[2024-08-15T16:12:02.944+0000][13418.889s][info][gc,heap     ] GC(3233) Old regions: 531->531
[2024-08-15T16:12:02.944+0000][13418.889s][info][gc,heap     ] GC(3233) Archive regions: 2->2
[2024-08-15T16:12:02.944+0000][13418.889s][info][gc,heap     ] GC(3233) Humongous regions: 5->5
[2024-08-15T16:12:02.944+0000][13418.889s][info][gc,metaspace] GC(3233) Metaspace: 442453K(448832K)->442453K(448832K) NonClass: 387565K(391104K)->387565K(391104K) Class: 54887K(57728K)->54887K(57728K)
[2024-08-15T16:12:02.944+0000][13418.889s][info][gc          ] GC(3233) Pause Young (Prepare Mixed) (G1 Evacuation Pause) 9679M->4450M(12288M) 92.303ms
[2024-08-15T16:12:02.944+0000][13418.889s][info][gc,cpu      ] GC(3233) User=0.54s Sys=0.00s Real=0.10s
[2024-08-15T16:12:03.222+0000][13419.166s][info][gc,start    ] GC(3234) Pause Young (Mixed) (G1 Evacuation Pause)
[2024-08-15T16:12:03.222+0000][13419.166s][info][gc,task     ] GC(3234) Using 6 workers of 6 for evacuation
[2024-08-15T16:12:03.324+0000][13419.268s][info][gc,phases   ] GC(3234)   Pre Evacuate Collection Set: 0.2ms
[2024-08-15T16:12:03.324+0000][13419.268s][info][gc,phases   ] GC(3234)   Merge Heap Roots: 0.5ms
[2024-08-15T16:12:03.324+0000][13419.268s][info][gc,phases   ] GC(3234)   Evacuate Collection Set: 97.9ms
[2024-08-15T16:12:03.324+0000][13419.268s][info][gc,phases   ] GC(3234)   Post Evacuate Collection Set: 3.3ms
[2024-08-15T16:12:03.324+0000][13419.268s][info][gc,phases   ] GC(3234)   Other: 0.2ms
[2024-08-15T16:12:03.324+0000][13419.268s][info][gc,heap     ] GC(3234) Eden regions: 55->0(659)
[2024-08-15T16:12:03.324+0000][13419.268s][info][gc,heap     ] GC(3234) Survivor regions: 21->3(10)
[2024-08-15T16:12:03.324+0000][13419.268s][info][gc,heap     ] GC(3234) Old regions: 531->544
[2024-08-15T16:12:03.324+0000][13419.268s][info][gc,heap     ] GC(3234) Archive regions: 2->2
[2024-08-15T16:12:03.324+0000][13419.268s][info][gc,heap     ] GC(3234) Humongous regions: 5->5
[2024-08-15T16:12:03.324+0000][13419.268s][info][gc,metaspace] GC(3234) Metaspace: 442453K(448832K)->442453K(448832K) NonClass: 387565K(391104K)->387565K(391104K) Class: 54887K(57728K)->54887K(57728K)
[2024-08-15T16:12:03.324+0000][13419.268s][info][gc          ] GC(3234) Pause Young (Mixed) (G1 Evacuation Pause) 4890M->4420M(12288M) 102.012ms
[2024-08-15T16:12:03.324+0000][13419.268s][info][gc,cpu      ] GC(3234) User=0.61s Sys=0.00s Real=0.11s
[2024-08-15T16:12:05.388+0000][13421.332s][info][gc,start    ] GC(3235) Pause Young (Normal) (G1 Evacuation Pause)
[2024-08-15T16:12:05.388+0000][13421.332s][info][gc,task     ] GC(3235) Using 6 workers of 6 for evacuation
[2024-08-15T16:12:05.424+0000][13421.368s][info][gc,phases   ] GC(3235)   Pre Evacuate Collection Set: 0.2ms
[2024-08-15T16:12:05.424+0000][13421.368s][info][gc,phases   ] GC(3235)   Merge Heap Roots: 0.2ms
[2024-08-15T16:12:05.424+0000][13421.368s][info][gc,phases   ] GC(3235)   Evacuate Collection Set: 25.7ms
[2024-08-15T16:12:05.424+0000][13421.368s][info][gc,phases   ] GC(3235)   Post Evacuate Collection Set: 9.9ms
[2024-08-15T16:12:05.424+0000][13421.368s][info][gc,phases   ] GC(3235)   Other: 0.2ms
[2024-08-15T16:12:05.424+0000][13421.368s][info][gc,heap     ] GC(3235) Eden regions: 659->0(659)
[2024-08-15T16:12:05.424+0000][13421.368s][info][gc,heap     ] GC(3235) Survivor regions: 3->4(83)
[2024-08-15T16:12:05.424+0000][13421.368s][info][gc,heap     ] GC(3235) Old regions: 544->544
[2024-08-15T16:12:05.424+0000][13421.368s][info][gc,heap     ] GC(3235) Archive regions: 2->2
[2024-08-15T16:12:05.424+0000][13421.368s][info][gc,heap     ] GC(3235) Humongous regions: 5->5
[2024-08-15T16:12:05.424+0000][13421.368s][info][gc,metaspace] GC(3235) Metaspace: 442453K(448832K)->442453K(448832K) NonClass: 387565K(391104K)->387565K(391104K) Class: 54887K(57728K)->54887K(57728K)
[2024-08-15T16:12:05.424+0000][13421.368s][info][gc          ] GC(3235) Pause Young (Normal) (G1 Evacuation Pause) 9692M->4422M(12288M) 36.191ms
[2024-08-15T16:12:05.424+0000][13421.368s][info][gc,cpu      ] GC(3235) User=0.21s Sys=0.00s Real=0.04s
[2024-08-15T16:12:07.625+0000][13423.569s][info][gc,start    ] GC(3236) Pause Young (Normal) (G1 Evacuation Pause)
[2024-08-15T16:12:07.625+0000][13423.569s][info][gc,task     ] GC(3236) Using 6 workers of 6 for evacuation
[2024-08-15T16:12:07.696+0000][13423.640s][info][gc,phases   ] GC(3236)   Pre Evacuate Collection Set: 0.2ms
[2024-08-15T16:12:07.696+0000][13423.640s][info][gc,phases   ] GC(3236)   Merge Heap Roots: 0.3ms
[2024-08-15T16:12:07.696+0000][13423.640s][info][gc,phases   ] GC(3236)   Evacuate Collection Set: 53.9ms
[2024-08-15T16:12:07.696+0000][13423.640s][info][gc,phases   ] GC(3236)   Post Evacuate Collection Set: 16.6ms
[2024-08-15T16:12:07.696+0000][13423.640s][info][gc,phases   ] GC(3236)   Other: 0.2ms
[2024-08-15T16:12:07.696+0000][13423.640s][info][gc,heap     ] GC(3236) Eden regions: 659->0(657)
[2024-08-15T16:12:07.696+0000][13423.640s][info][gc,heap     ] GC(3236) Survivor regions: 4->7(83)
[2024-08-15T16:12:07.696+0000][13423.640s][info][gc,heap     ] GC(3236) Old regions: 544->544
[2024-08-15T16:12:07.696+0000][13423.640s][info][gc,heap     ] GC(3236) Archive regions: 2->2
[2024-08-15T16:12:07.696+0000][13423.640s][info][gc,heap     ] GC(3236) Humongous regions: 5->5
[2024-08-15T16:12:07.696+0000][13423.640s][info][gc,metaspace] GC(3236) Metaspace: 442453K(448832K)->442453K(448832K) NonClass: 387565K(391104K)->387565K(391104K) Class: 54887K(57728K)->54887K(57728K)
[2024-08-15T16:12:07.696+0000][13423.641s][info][gc          ] GC(3236) Pause Young (Normal) (G1 Evacuation Pause) 9694M->4452M(12288M) 71.238ms
[2024-08-15T16:12:07.696+0000][13423.641s][info][gc,cpu      ] GC(3236) User=0.41s Sys=0.00s Real=0.07s
[2024-08-15T16:12:09.967+0000][13425.911s][info][gc,start    ] GC(3237) Pause Young (Concurrent Start) (G1 Evacuation Pause)
[2024-08-15T16:12:09.967+0000][13425.911s][info][gc,task     ] GC(3237) Using 6 workers of 6 for evacuation
[2024-08-15T16:12:10.064+0000][13426.009s][info][gc,phases   ] GC(3237)   Pre Evacuate Collection Set: 0.5ms
[2024-08-15T16:12:10.065+0000][13426.009s][info][gc,phases   ] GC(3237)   Merge Heap Roots: 0.4ms
[2024-08-15T16:12:10.065+0000][13426.009s][info][gc,phases   ] GC(3237)   Evacuate Collection Set: 75.5ms
[2024-08-15T16:12:10.065+0000][13426.009s][info][gc,phases   ] GC(3237)   Post Evacuate Collection Set: 21.2ms
[2024-08-15T16:12:10.065+0000][13426.009s][info][gc,phases   ] GC(3237)   Other: 0.3ms
[2024-08-15T16:12:10.065+0000][13426.009s][info][gc,heap     ] GC(3237) Eden regions: 657->0(653)
[2024-08-15T16:12:10.065+0000][13426.009s][info][gc,heap     ] GC(3237) Survivor regions: 7->10(83)
[2024-08-15T16:12:10.065+0000][13426.009s][info][gc,heap     ] GC(3237) Old regions: 544->544
[2024-08-15T16:12:10.065+0000][13426.009s][info][gc,heap     ] GC(3237) Archive regions: 2->2
[2024-08-15T16:12:10.065+0000][13426.009s][info][gc,heap     ] GC(3237) Humongous regions: 5->5
[2024-08-15T16:12:10.065+0000][13426.009s][info][gc,metaspace] GC(3237) Metaspace: 442453K(448832K)->442453K(448832K) NonClass: 387565K(391104K)->387565K(391104K) Class: 54887K(57728K)->54887K(57728K)
[2024-08-15T16:12:10.065+0000][13426.009s][info][gc          ] GC(3237) Pause Young (Concurrent Start) (G1 Evacuation Pause) 9708M->4476M(12288M) 97.949ms
[2024-08-15T16:12:10.065+0000][13426.009s][info][gc,cpu      ] GC(3237) User=0.57s Sys=0.00s Real=0.10s
[2024-08-15T16:12:10.065+0000][13426.009s][info][gc          ] GC(3238) Concurrent Mark Cycle
[2024-08-15T16:12:10.065+0000][13426.009s][info][gc,marking  ] GC(3238) Concurrent Clear Claimed Marks
[2024-08-15T16:12:10.065+0000][13426.010s][info][gc,marking  ] GC(3238) Concurrent Clear Claimed Marks 0.385ms
[2024-08-15T16:12:10.065+0000][13426.010s][info][gc,marking  ] GC(3238) Concurrent Scan Root Regions
[2024-08-15T16:12:10.097+0000][13426.041s][info][gc,marking  ] GC(3238) Concurrent Scan Root Regions 31.684ms
[2024-08-15T16:12:10.097+0000][13426.041s][info][gc,marking  ] GC(3238) Concurrent Mark
[2024-08-15T16:12:10.097+0000][13426.041s][info][gc,marking  ] GC(3238) Concurrent Mark From Roots
[2024-08-15T16:12:10.097+0000][13426.041s][info][gc,task     ] GC(3238) Using 2 workers of 2 for marking
[2024-08-15T16:12:12.375+0000][13428.320s][info][gc,marking  ] GC(3238) Concurrent Mark From Roots 2278.347ms
[2024-08-15T16:12:12.375+0000][13428.320s][info][gc,marking  ] GC(3238) Concurrent Preclean
[2024-08-15T16:12:12.377+0000][13428.321s][info][gc,marking  ] GC(3238) Concurrent Preclean 1.356ms
[2024-08-15T16:12:12.377+0000][13428.321s][info][gc,start    ] GC(3238) Pause Remark
[2024-08-15T16:12:12.400+0000][13428.345s][info][gc          ] GC(3238) Pause Remark 9204M->9204M(12288M) 23.431ms
[2024-08-15T16:12:12.400+0000][13428.345s][info][gc,cpu      ] GC(3238) User=0.10s Sys=0.00s Real=0.02s
[2024-08-15T16:12:12.400+0000][13428.345s][info][gc,marking  ] GC(3238) Concurrent Mark 2303.446ms
[2024-08-15T16:12:12.400+0000][13428.345s][info][gc,marking  ] GC(3238) Concurrent Rebuild Remembered Sets
[2024-08-15T16:12:12.610+0000][13428.554s][info][gc,start    ] GC(3239) Pause Young (Normal) (G1 Evacuation Pause)
[2024-08-15T16:12:12.610+0000][13428.554s][info][gc,task     ] GC(3239) Using 6 workers of 6 for evacuation
[2024-08-15T16:12:12.717+0000][13428.662s][info][gc,phases   ] GC(3239)   Pre Evacuate Collection Set: 0.2ms
[2024-08-15T16:12:12.717+0000][13428.662s][info][gc,phases   ] GC(3239)   Merge Heap Roots: 0.3ms
[2024-08-15T16:12:12.717+0000][13428.662s][info][gc,phases   ] GC(3239)   Evacuate Collection Set: 85.4ms
[2024-08-15T16:12:12.717+0000][13428.662s][info][gc,phases   ] GC(3239)   Post Evacuate Collection Set: 21.8ms
[2024-08-15T16:12:12.717+0000][13428.662s][info][gc,phases   ] GC(3239)   Other: 0.2ms
[2024-08-15T16:12:12.717+0000][13428.662s][info][gc,heap     ] GC(3239) Eden regions: 653->0(645)
[2024-08-15T16:12:12.717+0000][13428.662s][info][gc,heap     ] GC(3239) Survivor regions: 10->16(83)
[2024-08-15T16:12:12.717+0000][13428.662s][info][gc,heap     ] GC(3239) Old regions: 544->544
[2024-08-15T16:12:12.717+0000][13428.662s][info][gc,heap     ] GC(3239) Archive regions: 2->2
[2024-08-15T16:12:12.717+0000][13428.662s][info][gc,heap     ] GC(3239) Humongous regions: 5->5
[2024-08-15T16:12:12.717+0000][13428.662s][info][gc,metaspace] GC(3239) Metaspace: 442453K(448832K)->442453K(448832K) NonClass: 387565K(391104K)->387565K(391104K) Class: 54887K(57728K)->54887K(57728K)
[2024-08-15T16:12:12.718+0000][13428.662s][info][gc          ] GC(3239) Pause Young (Normal) (G1 Evacuation Pause) 9700M->4518M(12288M) 107.961ms
[2024-08-15T16:12:12.718+0000][13428.662s][info][gc,cpu      ] GC(3239) User=0.63s Sys=0.00s Real=0.11s
[2024-08-15T16:12:13.885+0000][13429.830s][info][gc,marking  ] GC(3238) Concurrent Rebuild Remembered Sets 1484.988ms
[2024-08-15T16:12:13.885+0000][13429.830s][info][gc,start    ] GC(3238) Pause Cleanup
[2024-08-15T16:12:13.886+0000][13429.831s][info][gc          ] GC(3238) Pause Cleanup 7106M->7106M(12288M) 0.506ms
[2024-08-15T16:12:13.886+0000][13429.831s][info][gc,cpu      ] GC(3238) User=0.00s Sys=0.00s Real=0.00s
[2024-08-15T16:12:13.886+0000][13429.831s][info][gc,marking  ] GC(3238) Concurrent Cleanup for Next Mark
[2024-08-15T16:12:13.914+0000][13429.858s][info][gc,marking  ] GC(3238) Concurrent Cleanup for Next Mark 27.748ms
[2024-08-15T16:12:13.914+0000][13429.858s][info][gc          ] GC(3238) Concurrent Mark Cycle 3849.215ms
[2024-08-15T16:12:14.831+0000][13430.776s][info][gc,start    ] GC(3240) Pause Young (Prepare Mixed) (G1 Evacuation Pause)
[2024-08-15T16:12:14.831+0000][13430.776s][info][gc,task     ] GC(3240) Using 6 workers of 6 for evacuation
[2024-08-15T16:12:14.935+0000][13430.880s][info][gc,phases   ] GC(3240)   Pre Evacuate Collection Set: 0.1ms
[2024-08-15T16:12:14.935+0000][13430.880s][info][gc,phases   ] GC(3240)   Merge Heap Roots: 0.6ms
[2024-08-15T16:12:14.935+0000][13430.880s][info][gc,phases   ] GC(3240)   Evacuate Collection Set: 86.5ms
[2024-08-15T16:12:14.935+0000][13430.880s][info][gc,phases   ] GC(3240)   Post Evacuate Collection Set: 16.6ms
[2024-08-15T16:12:14.935+0000][13430.880s][info][gc,phases   ] GC(3240)   Other: 0.2ms
[2024-08-15T16:12:14.935+0000][13430.880s][info][gc,heap     ] GC(3240) Eden regions: 645->0(58)
[2024-08-15T16:12:14.935+0000][13430.880s][info][gc,heap     ] GC(3240) Survivor regions: 16->18(83)
[2024-08-15T16:12:14.935+0000][13430.880s][info][gc,heap     ] GC(3240) Old regions: 544->544
[2024-08-15T16:12:14.935+0000][13430.880s][info][gc,heap     ] GC(3240) Archive regions: 2->2
[2024-08-15T16:12:14.935+0000][13430.880s][info][gc,heap     ] GC(3240) Humongous regions: 5->5
[2024-08-15T16:12:14.935+0000][13430.880s][info][gc,metaspace] GC(3240) Metaspace: 442453K(448832K)->442453K(448832K) NonClass: 387565K(391104K)->387565K(391104K) Class: 54887K(57728K)->54887K(57728K)
[2024-08-15T16:12:14.935+0000][13430.880s][info][gc          ] GC(3240) Pause Young (Prepare Mixed) (G1 Evacuation Pause) 9678M->4540M(12288M) 104.182ms
[2024-08-15T16:12:14.935+0000][13430.880s][info][gc,cpu      ] GC(3240) User=0.61s Sys=0.00s Real=0.11s
[2024-08-15T16:12:15.133+0000][13431.077s][info][gc,start    ] GC(3241) Pause Young (Mixed) (G1 Evacuation Pause)
[2024-08-15T16:12:15.133+0000][13431.077s][info][gc,task     ] GC(3241) Using 6 workers of 6 for evacuation
[2024-08-15T16:12:15.231+0000][13431.175s][info][gc,phases   ] GC(3241)   Pre Evacuate Collection Set: 0.2ms
[2024-08-15T16:12:15.231+0000][13431.175s][info][gc,phases   ] GC(3241)   Merge Heap Roots: 0.4ms
[2024-08-15T16:12:15.231+0000][13431.175s][info][gc,phases   ] GC(3241)   Evacuate Collection Set: 94.9ms
[2024-08-15T16:12:15.231+0000][13431.175s][info][gc,phases   ] GC(3241)   Post Evacuate Collection Set: 2.7ms
[2024-08-15T16:12:15.231+0000][13431.175s][info][gc,phases   ] GC(3241)   Other: 0.2ms
[2024-08-15T16:12:15.231+0000][13431.175s][info][gc,heap     ] GC(3241) Eden regions: 58->0(652)
[2024-08-15T16:12:15.231+0000][13431.175s][info][gc,heap     ] GC(3241) Survivor regions: 18->6(10)
[2024-08-15T16:12:15.231+0000][13431.176s][info][gc,heap     ] GC(3241) Old regions: 544->550
[2024-08-15T16:12:15.231+0000][13431.176s][info][gc,heap     ] GC(3241) Archive regions: 2->2
[2024-08-15T16:12:15.231+0000][13431.176s][info][gc,heap     ] GC(3241) Humongous regions: 5->5
[2024-08-15T16:12:15.231+0000][13431.176s][info][gc,metaspace] GC(3241) Metaspace: 442453K(448832K)->442453K(448832K) NonClass: 387565K(391104K)->387565K(391104K) Class: 54887K(57728K)->54887K(57728K)
[2024-08-15T16:12:15.231+0000][13431.176s][info][gc          ] GC(3241) Pause Young (Mixed) (G1 Evacuation Pause) 5004M->4485M(12288M) 98.424ms
[2024-08-15T16:12:15.231+0000][13431.176s][info][gc,cpu      ] GC(3241) User=0.58s Sys=0.00s Real=0.10s
[2024-08-15T16:12:17.282+0000][13433.227s][info][gc,start    ] GC(3242) Pause Young (Normal) (G1 Evacuation Pause)
[2024-08-15T16:12:17.282+0000][13433.227s][info][gc,task     ] GC(3242) Using 6 workers of 6 for evacuation
[2024-08-15T16:12:17.343+0000][13433.288s][info][gc,phases   ] GC(3242)   Pre Evacuate Collection Set: 0.2ms
[2024-08-15T16:12:17.343+0000][13433.288s][info][gc,phases   ] GC(3242)   Merge Heap Roots: 0.3ms
[2024-08-15T16:12:17.343+0000][13433.288s][info][gc,phases   ] GC(3242)   Evacuate Collection Set: 47.3ms
[2024-08-15T16:12:17.343+0000][13433.288s][info][gc,phases   ] GC(3242)   Post Evacuate Collection Set: 12.7ms
[2024-08-15T16:12:17.343+0000][13433.288s][info][gc,phases   ] GC(3242)   Other: 0.2ms
[2024-08-15T16:12:17.343+0000][13433.288s][info][gc,heap     ] GC(3242) Eden regions: 652->0(651)
[2024-08-15T16:12:17.343+0000][13433.288s][info][gc,heap     ] GC(3242) Survivor regions: 6->8(83)
[2024-08-15T16:12:17.343+0000][13433.288s][info][gc,heap     ] GC(3242) Old regions: 550->550
[2024-08-15T16:12:17.343+0000][13433.288s][info][gc,heap     ] GC(3242) Archive regions: 2->2
[2024-08-15T16:12:17.343+0000][13433.288s][info][gc,heap     ] GC(3242) Humongous regions: 5->5
[2024-08-15T16:12:17.343+0000][13433.288s][info][gc,metaspace] GC(3242) Metaspace: 442453K(448832K)->442453K(448832K) NonClass: 387565K(391104K)->387565K(391104K) Class: 54887K(57728K)->54887K(57728K)
[2024-08-15T16:12:17.343+0000][13433.288s][info][gc          ] GC(3242) Pause Young (Normal) (G1 Evacuation Pause) 9701M->4494M(12288M) 60.671ms
[2024-08-15T16:12:17.343+0000][13433.288s][info][gc,cpu      ] GC(3242) User=0.36s Sys=0.00s Real=0.07s
[2024-08-15T16:12:20.420+0000][13436.365s][info][gc,start    ] GC(3243) Pause Young (Normal) (G1 Evacuation Pause)
[2024-08-15T16:12:20.421+0000][13436.365s][info][gc,task     ] GC(3243) Using 6 workers of 6 for evacuation
[2024-08-15T16:12:20.477+0000][13436.422s][info][gc,phases   ] GC(3243)   Pre Evacuate Collection Set: 0.2ms
[2024-08-15T16:12:20.478+0000][13436.422s][info][gc,phases   ] GC(3243)   Merge Heap Roots: 0.9ms
[2024-08-15T16:12:20.478+0000][13436.422s][info][gc,phases   ] GC(3243)   Evacuate Collection Set: 50.8ms
[2024-08-15T16:12:20.478+0000][13436.422s][info][gc,phases   ] GC(3243)   Post Evacuate Collection Set: 5.0ms
[2024-08-15T16:12:20.478+0000][13436.422s][info][gc,phases   ] GC(3243)   Other: 0.2ms
[2024-08-15T16:12:20.478+0000][13436.422s][info][gc,heap     ] GC(3243) Eden regions: 651->0(650)
[2024-08-15T16:12:20.478+0000][13436.422s][info][gc,heap     ] GC(3243) Survivor regions: 8->9(83)
[2024-08-15T16:12:20.478+0000][13436.422s][info][gc,heap     ] GC(3243) Old regions: 550->550
[2024-08-15T16:12:20.478+0000][13436.422s][info][gc,heap     ] GC(3243) Archive regions: 2->2
[2024-08-15T16:12:20.478+0000][13436.422s][info][gc,heap     ] GC(3243) Humongous regions: 5->5
[2024-08-15T16:12:20.478+0000][13436.422s][info][gc,metaspace] GC(3243) Metaspace: 442453K(448832K)->442453K(448832K) NonClass: 387565K(391104K)->387565K(391104K) Class: 54887K(57728K)->54887K(57728K)
[2024-08-15T16:12:20.478+0000][13436.422s][info][gc          ] GC(3243) Pause Young (Normal) (G1 Evacuation Pause) 9702M->4508M(12288M) 57.120ms
[2024-08-15T16:12:20.478+0000][13436.422s][info][gc,cpu      ] GC(3243) User=0.34s Sys=0.00s Real=0.06s
[2024-08-15T16:12:22.862+0000][13438.807s][info][gc,start    ] GC(3244) Pause Young (Concurrent Start) (G1 Evacuation Pause)
[2024-08-15T16:12:22.862+0000][13438.807s][info][gc,task     ] GC(3244) Using 6 workers of 6 for evacuation
[2024-08-15T16:12:22.895+0000][13438.839s][info][gc,phases   ] GC(3244)   Pre Evacuate Collection Set: 0.5ms
[2024-08-15T16:12:22.895+0000][13438.839s][info][gc,phases   ] GC(3244)   Merge Heap Roots: 0.2ms
[2024-08-15T16:12:22.895+0000][13438.839s][info][gc,phases   ] GC(3244)   Evacuate Collection Set: 30.3ms
[2024-08-15T16:12:22.895+0000][13438.839s][info][gc,phases   ] GC(3244)   Post Evacuate Collection Set: 1.7ms
[2024-08-15T16:12:22.895+0000][13438.839s][info][gc,phases   ] GC(3244)   Other: 0.3ms
[2024-08-15T16:12:22.895+0000][13438.839s][info][gc,heap     ] GC(3244) Eden regions: 650->0(649)
[2024-08-15T16:12:22.895+0000][13438.839s][info][gc,heap     ] GC(3244) Survivor regions: 9->11(83)
[2024-08-15T16:12:22.895+0000][13438.839s][info][gc,heap     ] GC(3244) Old regions: 550->550
[2024-08-15T16:12:22.895+0000][13438.840s][info][gc,heap     ] GC(3244) Archive regions: 2->2
[2024-08-15T16:12:22.895+0000][13438.840s][info][gc,heap     ] GC(3244) Humongous regions: 5->5
[2024-08-15T16:12:22.895+0000][13438.840s][info][gc,metaspace] GC(3244) Metaspace: 442453K(448832K)->442453K(448832K) NonClass: 387565K(391104K)->387565K(391104K) Class: 54887K(57728K)->54887K(57728K)
[2024-08-15T16:12:22.895+0000][13438.840s][info][gc          ] GC(3244) Pause Young (Concurrent Start) (G1 Evacuation Pause) 9708M->4519M(12288M) 33.023ms
[2024-08-15T16:12:22.895+0000][13438.840s][info][gc,cpu      ] GC(3244) User=0.19s Sys=0.00s Real=0.03s
[2024-08-15T16:12:22.895+0000][13438.840s][info][gc          ] GC(3245) Concurrent Mark Cycle
[2024-08-15T16:12:22.895+0000][13438.840s][info][gc,marking  ] GC(3245) Concurrent Clear Claimed Marks
[2024-08-15T16:12:22.895+0000][13438.840s][info][gc,marking  ] GC(3245) Concurrent Clear Claimed Marks 0.408ms
[2024-08-15T16:12:22.895+0000][13438.840s][info][gc,marking  ] GC(3245) Concurrent Scan Root Regions
[2024-08-15T16:12:22.925+0000][13438.869s][info][gc,marking  ] GC(3245) Concurrent Scan Root Regions 29.383ms
[2024-08-15T16:12:22.925+0000][13438.870s][info][gc,marking  ] GC(3245) Concurrent Mark
[2024-08-15T16:12:22.925+0000][13438.870s][info][gc,marking  ] GC(3245) Concurrent Mark From Roots
[2024-08-15T16:12:22.925+0000][13438.870s][info][gc,task     ] GC(3245) Using 2 workers of 2 for marking
[2024-08-15T16:12:26.125+0000][13442.070s][info][gc,marking  ] GC(3245) Concurrent Mark From Roots 3200.255ms
[2024-08-15T16:12:26.125+0000][13442.070s][info][gc,marking  ] GC(3245) Concurrent Preclean
[2024-08-15T16:12:26.127+0000][13442.071s][info][gc,marking  ] GC(3245) Concurrent Preclean 1.360ms
[2024-08-15T16:12:26.127+0000][13442.071s][info][gc,start    ] GC(3245) Pause Remark
[2024-08-15T16:12:26.150+0000][13442.095s][info][gc          ] GC(3245) Pause Remark 8007M->8007M(12288M) 23.694ms
[2024-08-15T16:12:26.150+0000][13442.095s][info][gc,cpu      ] GC(3245) User=0.10s Sys=0.00s Real=0.02s
[2024-08-15T16:12:26.151+0000][13442.095s][info][gc,marking  ] GC(3245) Concurrent Mark 3225.695ms
[2024-08-15T16:12:26.151+0000][13442.095s][info][gc,marking  ] GC(3245) Concurrent Rebuild Remembered Sets
[2024-08-15T16:12:27.950+0000][13443.895s][info][gc,marking  ] GC(3245) Concurrent Rebuild Remembered Sets 1799.869ms
[2024-08-15T16:12:27.951+0000][13443.895s][info][gc,start    ] GC(3245) Pause Cleanup
[2024-08-15T16:12:27.951+0000][13443.896s][info][gc          ] GC(3245) Pause Cleanup 9563M->9563M(12288M) 0.647ms
[2024-08-15T16:12:27.951+0000][13443.896s][info][gc,cpu      ] GC(3245) User=0.00s Sys=0.00s Real=0.00s
[2024-08-15T16:12:27.951+0000][13443.896s][info][gc,marking  ] GC(3245) Concurrent Cleanup for Next Mark
[2024-08-15T16:12:27.980+0000][13443.924s][info][gc,marking  ] GC(3245) Concurrent Cleanup for Next Mark 28.396ms
[2024-08-15T16:12:27.980+0000][13443.925s][info][gc          ] GC(3245) Concurrent Mark Cycle 5084.922ms
[2024-08-15T16:12:28.180+0000][13444.125s][info][gc,start    ] GC(3246) Pause Young (Prepare Mixed) (G1 Evacuation Pause)
[2024-08-15T16:12:28.180+0000][13444.125s][info][gc,task     ] GC(3246) Using 6 workers of 6 for evacuation
[2024-08-15T16:12:28.223+0000][13444.167s][info][gc,phases   ] GC(3246)   Pre Evacuate Collection Set: 0.2ms
[2024-08-15T16:12:28.223+0000][13444.167s][info][gc,phases   ] GC(3246)   Merge Heap Roots: 0.4ms
[2024-08-15T16:12:28.223+0000][13444.167s][info][gc,phases   ] GC(3246)   Evacuate Collection Set: 40.1ms
[2024-08-15T16:12:28.223+0000][13444.167s][info][gc,phases   ] GC(3246)   Post Evacuate Collection Set: 1.8ms
[2024-08-15T16:12:28.223+0000][13444.167s][info][gc,phases   ] GC(3246)   Other: 0.2ms
[2024-08-15T16:12:28.223+0000][13444.167s][info][gc,heap     ] GC(3246) Eden regions: 649->0(62)
[2024-08-15T16:12:28.223+0000][13444.167s][info][gc,heap     ] GC(3246) Survivor regions: 11->14(83)
[2024-08-15T16:12:28.223+0000][13444.167s][info][gc,heap     ] GC(3246) Old regions: 549->549
[2024-08-15T16:12:28.223+0000][13444.167s][info][gc,heap     ] GC(3246) Archive regions: 2->2
[2024-08-15T16:12:28.223+0000][13444.167s][info][gc,heap     ] GC(3246) Humongous regions: 5->5
[2024-08-15T16:12:28.223+0000][13444.167s][info][gc,metaspace] GC(3246) Metaspace: 442453K(448832K)->442453K(448832K) NonClass: 387565K(391104K)->387565K(391104K) Class: 54887K(57728K)->54887K(57728K)
[2024-08-15T16:12:28.223+0000][13444.167s][info][gc          ] GC(3246) Pause Young (Prepare Mixed) (G1 Evacuation Pause) 9711M->4545M(12288M) 42.684ms
[2024-08-15T16:12:28.223+0000][13444.167s][info][gc,cpu      ] GC(3246) User=0.25s Sys=0.00s Real=0.04s
[2024-08-15T16:12:28.922+0000][13444.867s][info][gc,start    ] GC(3247) Pause Young (Mixed) (G1 Evacuation Pause)
[2024-08-15T16:12:28.922+0000][13444.867s][info][gc,task     ] GC(3247) Using 6 workers of 6 for evacuation
[2024-08-15T16:12:28.993+0000][13444.938s][info][gc,phases   ] GC(3247)   Pre Evacuate Collection Set: 0.2ms
[2024-08-15T16:12:28.993+0000][13444.938s][info][gc,phases   ] GC(3247)   Merge Heap Roots: 0.3ms
[2024-08-15T16:12:28.993+0000][13444.938s][info][gc,phases   ] GC(3247)   Evacuate Collection Set: 69.1ms
[2024-08-15T16:12:28.993+0000][13444.938s][info][gc,phases   ] GC(3247)   Post Evacuate Collection Set: 1.3ms
[2024-08-15T16:12:28.993+0000][13444.938s][info][gc,phases   ] GC(3247)   Other: 0.2ms
[2024-08-15T16:12:28.993+0000][13444.938s][info][gc,heap     ] GC(3247) Eden regions: 62->0(658)
[2024-08-15T16:12:28.993+0000][13444.938s][info][gc,heap     ] GC(3247) Survivor regions: 14->6(10)
[2024-08-15T16:12:28.993+0000][13444.938s][info][gc,heap     ] GC(3247) Old regions: 549->544
[2024-08-15T16:12:28.993+0000][13444.938s][info][gc,heap     ] GC(3247) Archive regions: 2->2
[2024-08-15T16:12:28.993+0000][13444.938s][info][gc,heap     ] GC(3247) Humongous regions: 5->5
[2024-08-15T16:12:28.993+0000][13444.938s][info][gc,metaspace] GC(3247) Metaspace: 442453K(448832K)->442453K(448832K) NonClass: 387565K(391104K)->387565K(391104K) Class: 54887K(57728K)->54887K(57728K)
[2024-08-15T16:12:28.993+0000][13444.938s][info][gc          ] GC(3247) Pause Young (Mixed) (G1 Evacuation Pause) 5041M->4437M(12288M) 71.077ms
[2024-08-15T16:12:28.993+0000][13444.938s][info][gc,cpu      ] GC(3247) User=0.43s Sys=0.00s Real=0.07s
[2024-08-15T16:12:32.970+0000][13448.915s][info][gc,start    ] GC(3248) Pause Young (Normal) (G1 Evacuation Pause)
[2024-08-15T16:12:32.970+0000][13448.915s][info][gc,task     ] GC(3248) Using 6 workers of 6 for evacuation
[2024-08-15T16:12:32.989+0000][13448.934s][info][gc,phases   ] GC(3248)   Pre Evacuate Collection Set: 0.2ms
[2024-08-15T16:12:32.989+0000][13448.934s][info][gc,phases   ] GC(3248)   Merge Heap Roots: 0.2ms
[2024-08-15T16:12:32.989+0000][13448.934s][info][gc,phases   ] GC(3248)   Evacuate Collection Set: 16.3ms
[2024-08-15T16:12:32.989+0000][13448.934s][info][gc,phases   ] GC(3248)   Post Evacuate Collection Set: 1.8ms
[2024-08-15T16:12:32.989+0000][13448.934s][info][gc,phases   ] GC(3248)   Other: 0.2ms
[2024-08-15T16:12:32.989+0000][13448.934s][info][gc,heap     ] GC(3248) Eden regions: 658->0(652)
[2024-08-15T16:12:32.989+0000][13448.934s][info][gc,heap     ] GC(3248) Survivor regions: 6->10(83)
[2024-08-15T16:12:32.989+0000][13448.934s][info][gc,heap     ] GC(3248) Old regions: 544->544
[2024-08-15T16:12:32.989+0000][13448.934s][info][gc,heap     ] GC(3248) Archive regions: 2->2
[2024-08-15T16:12:32.989+0000][13448.934s][info][gc,heap     ] GC(3248) Humongous regions: 5->5
[2024-08-15T16:12:32.989+0000][13448.934s][info][gc,metaspace] GC(3248) Metaspace: 442487K(448832K)->442487K(448832K) NonClass: 387594K(391104K)->387594K(391104K) Class: 54893K(57728K)->54893K(57728K)
[2024-08-15T16:12:32.989+0000][13448.934s][info][gc          ] GC(3248) Pause Young (Normal) (G1 Evacuation Pause) 9701M->4474M(12288M) 18.693ms
[2024-08-15T16:12:32.989+0000][13448.934s][info][gc,cpu      ] GC(3248) User=0.11s Sys=0.00s Real=0.02s
[2024-08-15T16:12:36.610+0000][13452.554s][info][gc,start    ] GC(3249) Pause Young (Normal) (G1 Evacuation Pause)
[2024-08-15T16:12:36.610+0000][13452.554s][info][gc,task     ] GC(3249) Using 6 workers of 6 for evacuation
[2024-08-15T16:12:36.628+0000][13452.573s][info][gc,phases   ] GC(3249)   Pre Evacuate Collection Set: 0.2ms
[2024-08-15T16:12:36.628+0000][13452.573s][info][gc,phases   ] GC(3249)   Merge Heap Roots: 0.2ms
[2024-08-15T16:12:36.628+0000][13452.573s][info][gc,phases   ] GC(3249)   Evacuate Collection Set: 16.3ms
[2024-08-15T16:12:36.628+0000][13452.573s][info][gc,phases   ] GC(3249)   Post Evacuate Collection Set: 1.6ms
[2024-08-15T16:12:36.628+0000][13452.573s][info][gc,phases   ] GC(3249)   Other: 0.2ms
[2024-08-15T16:12:36.628+0000][13452.573s][info][gc,heap     ] GC(3249) Eden regions: 652->0(652)
[2024-08-15T16:12:36.628+0000][13452.573s][info][gc,heap     ] GC(3249) Survivor regions: 10->11(83)
[2024-08-15T16:12:36.628+0000][13452.573s][info][gc,heap     ] GC(3249) Old regions: 544->544
[2024-08-15T16:12:36.628+0000][13452.573s][info][gc,heap     ] GC(3249) Archive regions: 2->2
[2024-08-15T16:12:36.628+0000][13452.573s][info][gc,heap     ] GC(3249) Humongous regions: 5->5
[2024-08-15T16:12:36.628+0000][13452.573s][info][gc,metaspace] GC(3249) Metaspace: 442490K(448832K)->442490K(448832K) NonClass: 387596K(391104K)->387596K(391104K) Class: 54893K(57728K)->54893K(57728K)
[2024-08-15T16:12:36.628+0000][13452.573s][info][gc          ] GC(3249) Pause Young (Normal) (G1 Evacuation Pause) 9690M->4476M(12288M) 18.582ms
[2024-08-15T16:12:36.628+0000][13452.573s][info][gc,cpu      ] GC(3249) User=0.11s Sys=0.00s Real=0.02s
[2024-08-15T16:12:40.250+0000][13456.195s][info][gc,start    ] GC(3250) Pause Young (Concurrent Start) (G1 Evacuation Pause)
[2024-08-15T16:12:40.250+0000][13456.195s][info][gc,task     ] GC(3250) Using 6 workers of 6 for evacuation
[2024-08-15T16:12:40.272+0000][13456.216s][info][gc,phases   ] GC(3250)   Pre Evacuate Collection Set: 0.5ms
[2024-08-15T16:12:40.272+0000][13456.216s][info][gc,phases   ] GC(3250)   Merge Heap Roots: 0.2ms
[2024-08-15T16:12:40.272+0000][13456.216s][info][gc,phases   ] GC(3250)   Evacuate Collection Set: 18.7ms
[2024-08-15T16:12:40.272+0000][13456.216s][info][gc,phases   ] GC(3250)   Post Evacuate Collection Set: 1.8ms
[2024-08-15T16:12:40.272+0000][13456.216s][info][gc,phases   ] GC(3250)   Other: 0.3ms
[2024-08-15T16:12:40.272+0000][13456.216s][info][gc,heap     ] GC(3250) Eden regions: 652->0(654)
[2024-08-15T16:12:40.272+0000][13456.216s][info][gc,heap     ] GC(3250) Survivor regions: 11->10(83)
[2024-08-15T16:12:40.272+0000][13456.216s][info][gc,heap     ] GC(3250) Old regions: 544->544
[2024-08-15T16:12:40.272+0000][13456.217s][info][gc,heap     ] GC(3250) Archive regions: 2->2
[2024-08-15T16:12:40.272+0000][13456.217s][info][gc,heap     ] GC(3250) Humongous regions: 5->5
[2024-08-15T16:12:40.272+0000][13456.217s][info][gc,metaspace] GC(3250) Metaspace: 442490K(448832K)->442490K(448832K) NonClass: 387597K(391104K)->387597K(391104K) Class: 54893K(57728K)->54893K(57728K)
[2024-08-15T16:12:40.272+0000][13456.217s][info][gc          ] GC(3250) Pause Young (Concurrent Start) (G1 Evacuation Pause) 9692M->4469M(12288M) 21.555ms
[2024-08-15T16:12:40.272+0000][13456.217s][info][gc,cpu      ] GC(3250) User=0.11s Sys=0.00s Real=0.02s
[2024-08-15T16:12:40.272+0000][13456.217s][info][gc          ] GC(3251) Concurrent Mark Cycle
[2024-08-15T16:12:40.272+0000][13456.217s][info][gc,marking  ] GC(3251) Concurrent Clear Claimed Marks
[2024-08-15T16:12:40.272+0000][13456.217s][info][gc,marking  ] GC(3251) Concurrent Clear Claimed Marks 0.378ms
[2024-08-15T16:12:40.272+0000][13456.217s][info][gc,marking  ] GC(3251) Concurrent Scan Root Regions
[2024-08-15T16:12:40.317+0000][13456.261s][info][gc,marking  ] GC(3251) Concurrent Scan Root Regions 44.295ms
[2024-08-15T16:12:40.317+0000][13456.261s][info][gc,marking  ] GC(3251) Concurrent Mark
[2024-08-15T16:12:40.317+0000][13456.261s][info][gc,marking  ] GC(3251) Concurrent Mark From Roots
[2024-08-15T16:12:40.317+0000][13456.261s][info][gc,task     ] GC(3251) Using 2 workers of 2 for marking
[2024-08-15T16:12:43.666+0000][13459.610s][info][gc,marking  ] GC(3251) Concurrent Mark From Roots 3348.746ms
[2024-08-15T16:12:43.666+0000][13459.610s][info][gc,marking  ] GC(3251) Concurrent Preclean
[2024-08-15T16:12:43.667+0000][13459.612s][info][gc,marking  ] GC(3251) Concurrent Preclean 1.722ms
[2024-08-15T16:12:43.667+0000][13459.612s][info][gc,start    ] GC(3251) Pause Remark
[2024-08-15T16:12:43.691+0000][13459.636s][info][gc          ] GC(3251) Pause Remark 8597M->8597M(12288M) 23.694ms
[2024-08-15T16:12:43.691+0000][13459.636s][info][gc,cpu      ] GC(3251) User=0.10s Sys=0.00s Real=0.02s
[2024-08-15T16:12:43.691+0000][13459.636s][info][gc,marking  ] GC(3251) Concurrent Mark 3374.594ms
[2024-08-15T16:12:43.691+0000][13459.636s][info][gc,marking  ] GC(3251) Concurrent Rebuild Remembered Sets
[2024-08-15T16:12:44.535+0000][13460.480s][info][gc,start    ] GC(3252) Pause Young (Normal) (G1 Evacuation Pause)
[2024-08-15T16:12:44.535+0000][13460.480s][info][gc,task     ] GC(3252) Using 6 workers of 6 for evacuation
[2024-08-15T16:12:44.558+0000][13460.503s][info][gc,phases   ] GC(3252)   Pre Evacuate Collection Set: 0.2ms
[2024-08-15T16:12:44.558+0000][13460.503s][info][gc,phases   ] GC(3252)   Merge Heap Roots: 0.3ms
[2024-08-15T16:12:44.558+0000][13460.503s][info][gc,phases   ] GC(3252)   Evacuate Collection Set: 21.0ms
[2024-08-15T16:12:44.558+0000][13460.503s][info][gc,phases   ] GC(3252)   Post Evacuate Collection Set: 1.7ms
[2024-08-15T16:12:44.558+0000][13460.503s][info][gc,phases   ] GC(3252)   Other: 0.2ms
[2024-08-15T16:12:44.558+0000][13460.503s][info][gc,heap     ] GC(3252) Eden regions: 654->0(651)
[2024-08-15T16:12:44.558+0000][13460.503s][info][gc,heap     ] GC(3252) Survivor regions: 10->13(83)
[2024-08-15T16:12:44.558+0000][13460.503s][info][gc,heap     ] GC(3252) Old regions: 544->544
[2024-08-15T16:12:44.558+0000][13460.503s][info][gc,heap     ] GC(3252) Archive regions: 2->2
[2024-08-15T16:12:44.558+0000][13460.503s][info][gc,heap     ] GC(3252) Humongous regions: 5->5
[2024-08-15T16:12:44.558+0000][13460.503s][info][gc,metaspace] GC(3252) Metaspace: 442490K(448832K)->442490K(448832K) NonClass: 387597K(391104K)->387597K(391104K) Class: 54893K(57728K)->54893K(57728K)
[2024-08-15T16:12:44.558+0000][13460.503s][info][gc          ] GC(3252) Pause Young (Normal) (G1 Evacuation Pause) 9701M->4494M(12288M) 23.314ms
[2024-08-15T16:12:44.559+0000][13460.503s][info][gc,cpu      ] GC(3252) User=0.14s Sys=0.00s Real=0.02s
[2024-08-15T16:12:45.733+0000][13461.678s][info][gc,marking  ] GC(3251) Concurrent Rebuild Remembered Sets 2041.748ms
[2024-08-15T16:12:45.733+0000][13461.678s][info][gc,start    ] GC(3251) Pause Cleanup
[2024-08-15T16:12:45.734+0000][13461.679s][info][gc          ] GC(3251) Pause Cleanup 6022M->6022M(12288M) 0.737ms
[2024-08-15T16:12:45.734+0000][13461.679s][info][gc,cpu      ] GC(3251) User=0.00s Sys=0.00s Real=0.00s
[2024-08-15T16:12:45.734+0000][13461.679s][info][gc,marking  ] GC(3251) Concurrent Cleanup for Next Mark
[2024-08-15T16:12:45.751+0000][13461.695s][info][gc,marking  ] GC(3251) Concurrent Cleanup for Next Mark 16.492ms
[2024-08-15T16:12:45.751+0000][13461.695s][info][gc          ] GC(3251) Concurrent Mark Cycle 5478.695ms
[2024-08-15T16:12:48.347+0000][13464.291s][info][gc,start    ] GC(3253) Pause Young (Prepare Mixed) (G1 Evacuation Pause)
[2024-08-15T16:12:48.347+0000][13464.291s][info][gc,task     ] GC(3253) Using 6 workers of 6 for evacuation
[2024-08-15T16:12:48.374+0000][13464.319s][info][gc,phases   ] GC(3253)   Pre Evacuate Collection Set: 0.2ms
[2024-08-15T16:12:48.374+0000][13464.319s][info][gc,phases   ] GC(3253)   Merge Heap Roots: 0.3ms
[2024-08-15T16:12:48.374+0000][13464.319s][info][gc,phases   ] GC(3253)   Evacuate Collection Set: 25.4ms
[2024-08-15T16:12:48.374+0000][13464.319s][info][gc,phases   ] GC(3253)   Post Evacuate Collection Set: 1.6ms
[2024-08-15T16:12:48.374+0000][13464.319s][info][gc,phases   ] GC(3253)   Other: 0.2ms
[2024-08-15T16:12:48.374+0000][13464.319s][info][gc,heap     ] GC(3253) Eden regions: 651->0(63)
[2024-08-15T16:12:48.374+0000][13464.319s][info][gc,heap     ] GC(3253) Survivor regions: 13->13(83)
[2024-08-15T16:12:48.374+0000][13464.319s][info][gc,heap     ] GC(3253) Old regions: 544->544
[2024-08-15T16:12:48.374+0000][13464.319s][info][gc,heap     ] GC(3253) Archive regions: 2->2
[2024-08-15T16:12:48.374+0000][13464.319s][info][gc,heap     ] GC(3253) Humongous regions: 5->5
[2024-08-15T16:12:48.374+0000][13464.319s][info][gc,metaspace] GC(3253) Metaspace: 442490K(448832K)->442490K(448832K) NonClass: 387597K(391104K)->387597K(391104K) Class: 54893K(57728K)->54893K(57728K)
[2024-08-15T16:12:48.374+0000][13464.319s][info][gc          ] GC(3253) Pause Young (Prepare Mixed) (G1 Evacuation Pause) 9702M->4498M(12288M) 27.724ms
[2024-08-15T16:12:48.375+0000][13464.319s][info][gc,cpu      ] GC(3253) User=0.16s Sys=0.00s Real=0.02s
[2024-08-15T16:12:48.736+0000][13464.680s][info][gc,start    ] GC(3254) Pause Young (Mixed) (G1 Evacuation Pause)
[2024-08-15T16:12:48.736+0000][13464.680s][info][gc,task     ] GC(3254) Using 6 workers of 6 for evacuation
[2024-08-15T16:12:48.802+0000][13464.746s][info][gc,phases   ] GC(3254)   Pre Evacuate Collection Set: 0.2ms
[2024-08-15T16:12:48.802+0000][13464.746s][info][gc,phases   ] GC(3254)   Merge Heap Roots: 0.4ms
[2024-08-15T16:12:48.802+0000][13464.746s][info][gc,phases   ] GC(3254)   Evacuate Collection Set: 63.9ms
[2024-08-15T16:12:48.802+0000][13464.746s][info][gc,phases   ] GC(3254)   Post Evacuate Collection Set: 1.3ms
[2024-08-15T16:12:48.802+0000][13464.746s][info][gc,phases   ] GC(3254)   Other: 0.2ms
[2024-08-15T16:12:48.802+0000][13464.746s][info][gc,heap     ] GC(3254) Eden regions: 63->0(661)
[2024-08-15T16:12:48.802+0000][13464.746s][info][gc,heap     ] GC(3254) Survivor regions: 13->6(10)
[2024-08-15T16:12:48.802+0000][13464.746s][info][gc,heap     ] GC(3254) Old regions: 544->542
[2024-08-15T16:12:48.802+0000][13464.746s][info][gc,heap     ] GC(3254) Archive regions: 2->2
[2024-08-15T16:12:48.802+0000][13464.746s][info][gc,heap     ] GC(3254) Humongous regions: 5->5
[2024-08-15T16:12:48.802+0000][13464.746s][info][gc,metaspace] GC(3254) Metaspace: 442490K(448832K)->442490K(448832K) NonClass: 387597K(391104K)->387597K(391104K) Class: 54893K(57728K)->54893K(57728K)
[2024-08-15T16:12:48.802+0000][13464.746s][info][gc          ] GC(3254) Pause Young (Mixed) (G1 Evacuation Pause) 5002M->4421M(12288M) 65.950ms
[2024-08-15T16:12:48.802+0000][13464.746s][info][gc,cpu      ] GC(3254) User=0.40s Sys=0.00s Real=0.06s
[2024-08-15T16:12:52.530+0000][13468.474s][info][gc,start    ] GC(3255) Pause Young (Normal) (G1 Evacuation Pause)
[2024-08-15T16:12:52.530+0000][13468.474s][info][gc,task     ] GC(3255) Using 6 workers of 6 for evacuation
[2024-08-15T16:12:52.541+0000][13468.486s][info][gc,phases   ] GC(3255)   Pre Evacuate Collection Set: 0.2ms
[2024-08-15T16:12:52.541+0000][13468.486s][info][gc,phases   ] GC(3255)   Merge Heap Roots: 0.2ms
[2024-08-15T16:12:52.541+0000][13468.486s][info][gc,phases   ] GC(3255)   Evacuate Collection Set: 9.3ms
[2024-08-15T16:12:52.541+0000][13468.486s][info][gc,phases   ] GC(3255)   Post Evacuate Collection Set: 1.6ms
[2024-08-15T16:12:52.541+0000][13468.486s][info][gc,phases   ] GC(3255)   Other: 0.2ms
[2024-08-15T16:12:52.541+0000][13468.486s][info][gc,heap     ] GC(3255) Eden regions: 661->0(660)
[2024-08-15T16:12:52.541+0000][13468.486s][info][gc,heap     ] GC(3255) Survivor regions: 6->7(84)
[2024-08-15T16:12:52.541+0000][13468.486s][info][gc,heap     ] GC(3255) Old regions: 542->542
[2024-08-15T16:12:52.541+0000][13468.486s][info][gc,heap     ] GC(3255) Archive regions: 2->2
[2024-08-15T16:12:52.541+0000][13468.486s][info][gc,heap     ] GC(3255) Humongous regions: 5->5
[2024-08-15T16:12:52.541+0000][13468.486s][info][gc,metaspace] GC(3255) Metaspace: 442490K(448832K)->442490K(448832K) NonClass: 387597K(391104K)->387597K(391104K) Class: 54893K(57728K)->54893K(57728K)
[2024-08-15T16:12:52.541+0000][13468.486s][info][gc          ] GC(3255) Pause Young (Normal) (G1 Evacuation Pause) 9709M->4429M(12288M) 11.590ms
[2024-08-15T16:12:52.541+0000][13468.486s][info][gc,cpu      ] GC(3255) User=0.06s Sys=0.00s Real=0.01s
[2024-08-15T16:12:56.202+0000][13472.146s][info][gc,start    ] GC(3256) Pause Young (Normal) (G1 Evacuation Pause)
[2024-08-15T16:12:56.202+0000][13472.146s][info][gc,task     ] GC(3256) Using 6 workers of 6 for evacuation
[2024-08-15T16:12:56.214+0000][13472.159s][info][gc,phases   ] GC(3256)   Pre Evacuate Collection Set: 0.2ms
[2024-08-15T16:12:56.214+0000][13472.159s][info][gc,phases   ] GC(3256)   Merge Heap Roots: 0.2ms
[2024-08-15T16:12:56.214+0000][13472.159s][info][gc,phases   ] GC(3256)   Evacuate Collection Set: 10.3ms
[2024-08-15T16:12:56.214+0000][13472.159s][info][gc,phases   ] GC(3256)   Post Evacuate Collection Set: 1.7ms
[2024-08-15T16:12:56.214+0000][13472.159s][info][gc,phases   ] GC(3256)   Other: 0.2ms
[2024-08-15T16:12:56.214+0000][13472.159s][info][gc,heap     ] GC(3256) Eden regions: 660->0(660)
[2024-08-15T16:12:56.214+0000][13472.159s][info][gc,heap     ] GC(3256) Survivor regions: 7->7(84)
[2024-08-15T16:12:56.214+0000][13472.159s][info][gc,heap     ] GC(3256) Old regions: 542->542
[2024-08-15T16:12:56.214+0000][13472.159s][info][gc,heap     ] GC(3256) Archive regions: 2->2
[2024-08-15T16:12:56.214+0000][13472.159s][info][gc,heap     ] GC(3256) Humongous regions: 5->5
[2024-08-15T16:12:56.214+0000][13472.159s][info][gc,metaspace] GC(3256) Metaspace: 442490K(448832K)->442490K(448832K) NonClass: 387597K(391104K)->387597K(391104K) Class: 54893K(57728K)->54893K(57728K)
[2024-08-15T16:12:56.214+0000][13472.159s][info][gc          ] GC(3256) Pause Young (Normal) (G1 Evacuation Pause) 9709M->4428M(12288M) 12.648ms
[2024-08-15T16:12:56.214+0000][13472.159s][info][gc,cpu      ] GC(3256) User=0.07s Sys=0.00s Real=0.01s
[2024-08-15T16:12:59.782+0000][13475.727s][info][gc,start    ] GC(3257) Pause Young (Concurrent Start) (G1 Evacuation Pause)
[2024-08-15T16:12:59.782+0000][13475.727s][info][gc,task     ] GC(3257) Using 6 workers of 6 for evacuation
[2024-08-15T16:12:59.797+0000][13475.742s][info][gc,phases   ] GC(3257)   Pre Evacuate Collection Set: 0.6ms
[2024-08-15T16:12:59.797+0000][13475.742s][info][gc,phases   ] GC(3257)   Merge Heap Roots: 0.2ms
[2024-08-15T16:12:59.797+0000][13475.742s][info][gc,phases   ] GC(3257)   Evacuate Collection Set: 12.3ms
[2024-08-15T16:12:59.797+0000][13475.742s][info][gc,phases   ] GC(3257)   Post Evacuate Collection Set: 1.7ms
[2024-08-15T16:12:59.797+0000][13475.742s][info][gc,phases   ] GC(3257)   Other: 0.3ms
[2024-08-15T16:12:59.797+0000][13475.742s][info][gc,heap     ] GC(3257) Eden regions: 660->0(658)
[2024-08-15T16:12:59.797+0000][13475.742s][info][gc,heap     ] GC(3257) Survivor regions: 7->9(84)
[2024-08-15T16:12:59.797+0000][13475.742s][info][gc,heap     ] GC(3257) Old regions: 542->542
[2024-08-15T16:12:59.797+0000][13475.742s][info][gc,heap     ] GC(3257) Archive regions: 2->2
[2024-08-15T16:12:59.797+0000][13475.742s][info][gc,heap     ] GC(3257) Humongous regions: 5->5
[2024-08-15T16:12:59.797+0000][13475.742s][info][gc,metaspace] GC(3257) Metaspace: 442490K(448832K)->442490K(448832K) NonClass: 387597K(391104K)->387597K(391104K) Class: 54893K(57728K)->54893K(57728K)
[2024-08-15T16:12:59.797+0000][13475.742s][info][gc          ] GC(3257) Pause Young (Concurrent Start) (G1 Evacuation Pause) 9708M->4442M(12288M) 15.138ms
[2024-08-15T16:12:59.797+0000][13475.742s][info][gc,cpu      ] GC(3257) User=0.09s Sys=0.00s Real=0.02s
[2024-08-15T16:12:59.797+0000][13475.742s][info][gc          ] GC(3258) Concurrent Mark Cycle
[2024-08-15T16:12:59.797+0000][13475.742s][info][gc,marking  ] GC(3258) Concurrent Clear Claimed Marks
[2024-08-15T16:12:59.798+0000][13475.742s][info][gc,marking  ] GC(3258) Concurrent Clear Claimed Marks 0.382ms
[2024-08-15T16:12:59.798+0000][13475.742s][info][gc,marking  ] GC(3258) Concurrent Scan Root Regions
[2024-08-15T16:12:59.810+0000][13475.755s][info][gc,marking  ] GC(3258) Concurrent Scan Root Regions 12.403ms
[2024-08-15T16:12:59.810+0000][13475.755s][info][gc,marking  ] GC(3258) Concurrent Mark
[2024-08-15T16:12:59.810+0000][13475.755s][info][gc,marking  ] GC(3258) Concurrent Mark From Roots
[2024-08-15T16:12:59.810+0000][13475.755s][info][gc,task     ] GC(3258) Using 2 workers of 2 for marking
[2024-08-15T16:13:03.784+0000][13479.729s][info][gc,marking  ] GC(3258) Concurrent Mark From Roots 3973.726ms
[2024-08-15T16:13:03.784+0000][13479.729s][info][gc,marking  ] GC(3258) Concurrent Preclean
[2024-08-15T16:13:03.785+0000][13479.730s][info][gc,marking  ] GC(3258) Concurrent Preclean 1.347ms
[2024-08-15T16:13:03.786+0000][13479.730s][info][gc,start    ] GC(3258) Pause Remark
[2024-08-15T16:13:03.809+0000][13479.754s][info][gc          ] GC(3258) Pause Remark 9518M->9518M(12288M) 23.481ms
[2024-08-15T16:13:03.809+0000][13479.754s][info][gc,cpu      ] GC(3258) User=0.10s Sys=0.00s Real=0.02s
[2024-08-15T16:13:03.809+0000][13479.754s][info][gc,marking  ] GC(3258) Concurrent Mark 3998.906ms
[2024-08-15T16:13:03.809+0000][13479.754s][info][gc,marking  ] GC(3258) Concurrent Rebuild Remembered Sets
[2024-08-15T16:13:03.962+0000][13479.906s][info][gc,start    ] GC(3259) Pause Young (Normal) (G1 Evacuation Pause)
[2024-08-15T16:13:03.962+0000][13479.906s][info][gc,task     ] GC(3259) Using 6 workers of 6 for evacuation
[2024-08-15T16:13:03.979+0000][13479.923s][info][gc,phases   ] GC(3259)   Pre Evacuate Collection Set: 0.2ms
[2024-08-15T16:13:03.979+0000][13479.923s][info][gc,phases   ] GC(3259)   Merge Heap Roots: 0.2ms
[2024-08-15T16:13:03.979+0000][13479.923s][info][gc,phases   ] GC(3259)   Evacuate Collection Set: 15.1ms
[2024-08-15T16:13:03.979+0000][13479.923s][info][gc,phases   ] GC(3259)   Post Evacuate Collection Set: 1.6ms
[2024-08-15T16:13:03.979+0000][13479.923s][info][gc,phases   ] GC(3259)   Other: 0.2ms
[2024-08-15T16:13:03.979+0000][13479.923s][info][gc,heap     ] GC(3259) Eden regions: 658->0(659)
[2024-08-15T16:13:03.979+0000][13479.923s][info][gc,heap     ] GC(3259) Survivor regions: 9->9(84)
[2024-08-15T16:13:03.979+0000][13479.923s][info][gc,heap     ] GC(3259) Old regions: 542->542
[2024-08-15T16:13:03.979+0000][13479.923s][info][gc,heap     ] GC(3259) Archive regions: 2->2
[2024-08-15T16:13:03.979+0000][13479.923s][info][gc,heap     ] GC(3259) Humongous regions: 5->5
[2024-08-15T16:13:03.979+0000][13479.923s][info][gc,metaspace] GC(3259) Metaspace: 442490K(448832K)->442490K(448832K) NonClass: 387597K(391104K)->387597K(391104K) Class: 54893K(57728K)->54893K(57728K)
[2024-08-15T16:13:03.979+0000][13479.923s][info][gc          ] GC(3259) Pause Young (Normal) (G1 Evacuation Pause) 9706M->4443M(12288M) 17.322ms
[2024-08-15T16:13:03.979+0000][13479.924s][info][gc,cpu      ] GC(3259) User=0.10s Sys=0.00s Real=0.02s
[2024-08-15T16:13:05.899+0000][13481.844s][info][gc,marking  ] GC(3258) Concurrent Rebuild Remembered Sets 2089.721ms
[2024-08-15T16:13:05.899+0000][13481.844s][info][gc,start    ] GC(3258) Pause Cleanup
[2024-08-15T16:13:05.900+0000][13481.844s][info][gc          ] GC(3258) Pause Cleanup 7107M->7107M(12288M) 0.633ms
[2024-08-15T16:13:05.900+0000][13481.844s][info][gc,cpu      ] GC(3258) User=0.00s Sys=0.00s Real=0.00s
[2024-08-15T16:13:05.900+0000][13481.844s][info][gc,marking  ] GC(3258) Concurrent Cleanup for Next Mark
[2024-08-15T16:13:05.917+0000][13481.861s][info][gc,marking  ] GC(3258) Concurrent Cleanup for Next Mark 16.704ms
[2024-08-15T16:13:05.917+0000][13481.861s][info][gc          ] GC(3258) Concurrent Mark Cycle 6119.213ms
[2024-08-15T16:13:07.792+0000][13483.737s][info][gc,start    ] GC(3260) Pause Young (Prepare Mixed) (G1 Evacuation Pause)
[2024-08-15T16:13:07.792+0000][13483.737s][info][gc,task     ] GC(3260) Using 6 workers of 6 for evacuation
[2024-08-15T16:13:07.810+0000][13483.755s][info][gc,phases   ] GC(3260)   Pre Evacuate Collection Set: 0.2ms
[2024-08-15T16:13:07.810+0000][13483.755s][info][gc,phases   ] GC(3260)   Merge Heap Roots: 0.3ms
[2024-08-15T16:13:07.810+0000][13483.755s][info][gc,phases   ] GC(3260)   Evacuate Collection Set: 16.1ms
[2024-08-15T16:13:07.810+0000][13483.755s][info][gc,phases   ] GC(3260)   Post Evacuate Collection Set: 1.7ms
[2024-08-15T16:13:07.810+0000][13483.755s][info][gc,phases   ] GC(3260)   Other: 0.2ms
[2024-08-15T16:13:07.810+0000][13483.755s][info][gc,heap     ] GC(3260) Eden regions: 659->0(67)
[2024-08-15T16:13:07.811+0000][13483.755s][info][gc,heap     ] GC(3260) Survivor regions: 9->9(84)
[2024-08-15T16:13:07.811+0000][13483.755s][info][gc,heap     ] GC(3260) Old regions: 542->542
[2024-08-15T16:13:07.811+0000][13483.755s][info][gc,heap     ] GC(3260) Archive regions: 2->2
[2024-08-15T16:13:07.811+0000][13483.755s][info][gc,heap     ] GC(3260) Humongous regions: 5->5
[2024-08-15T16:13:07.811+0000][13483.755s][info][gc,metaspace] GC(3260) Metaspace: 442490K(448832K)->442490K(448832K) NonClass: 387597K(391104K)->387597K(391104K) Class: 54893K(57728K)->54893K(57728K)
[2024-08-15T16:13:07.811+0000][13483.755s][info][gc          ] GC(3260) Pause Young (Prepare Mixed) (G1 Evacuation Pause) 9715M->4443M(12288M) 18.520ms
[2024-08-15T16:13:07.811+0000][13483.755s][info][gc,cpu      ] GC(3260) User=0.11s Sys=0.00s Real=0.02s
[2024-08-15T16:13:08.047+0000][13483.991s][info][gc,start    ] GC(3261) Pause Young (Mixed) (G1 Evacuation Pause)
[2024-08-15T16:13:08.047+0000][13483.991s][info][gc,task     ] GC(3261) Using 6 workers of 6 for evacuation
[2024-08-15T16:13:08.111+0000][13484.056s][info][gc,phases   ] GC(3261)   Pre Evacuate Collection Set: 0.2ms
[2024-08-15T16:13:08.111+0000][13484.056s][info][gc,phases   ] GC(3261)   Merge Heap Roots: 0.5ms
[2024-08-15T16:13:08.111+0000][13484.056s][info][gc,phases   ] GC(3261)   Evacuate Collection Set: 62.1ms
[2024-08-15T16:13:08.111+0000][13484.056s][info][gc,phases   ] GC(3261)   Post Evacuate Collection Set: 1.3ms
[2024-08-15T16:13:08.111+0000][13484.056s][info][gc,phases   ] GC(3261)   Other: 0.2ms
[2024-08-15T16:13:08.111+0000][13484.056s][info][gc,heap     ] GC(3261) Eden regions: 67->0(668)
[2024-08-15T16:13:08.111+0000][13484.056s][info][gc,heap     ] GC(3261) Survivor regions: 9->6(10)
[2024-08-15T16:13:08.111+0000][13484.056s][info][gc,heap     ] GC(3261) Old regions: 542->536
[2024-08-15T16:13:08.111+0000][13484.056s][info][gc,heap     ] GC(3261) Archive regions: 2->2
[2024-08-15T16:13:08.111+0000][13484.056s][info][gc,heap     ] GC(3261) Humongous regions: 5->5
[2024-08-15T16:13:08.111+0000][13484.056s][info][gc,metaspace] GC(3261) Metaspace: 442490K(448832K)->442490K(448832K) NonClass: 387597K(391104K)->387597K(391104K) Class: 54893K(57728K)->54893K(57728K)
[2024-08-15T16:13:08.111+0000][13484.056s][info][gc          ] GC(3261) Pause Young (Mixed) (G1 Evacuation Pause) 4979M->4374M(12288M) 64.271ms
[2024-08-15T16:13:08.111+0000][13484.056s][info][gc,cpu      ] GC(3261) User=0.38s Sys=0.00s Real=0.06s
[2024-08-15T16:13:11.533+0000][13487.478s][info][gc,start    ] GC(3262) Pause Young (Normal) (G1 Evacuation Pause)
[2024-08-15T16:13:11.533+0000][13487.478s][info][gc,task     ] GC(3262) Using 6 workers of 6 for evacuation
[2024-08-15T16:13:11.544+0000][13487.488s][info][gc,phases   ] GC(3262)   Pre Evacuate Collection Set: 0.2ms
[2024-08-15T16:13:11.544+0000][13487.488s][info][gc,phases   ] GC(3262)   Merge Heap Roots: 0.3ms
[2024-08-15T16:13:11.544+0000][13487.488s][info][gc,phases   ] GC(3262)   Evacuate Collection Set: 8.1ms
[2024-08-15T16:13:11.544+0000][13487.488s][info][gc,phases   ] GC(3262)   Post Evacuate Collection Set: 1.7ms
[2024-08-15T16:13:11.544+0000][13487.488s][info][gc,phases   ] GC(3262)   Other: 0.2ms
[2024-08-15T16:13:11.544+0000][13487.488s][info][gc,heap     ] GC(3262) Eden regions: 668->0(668)
[2024-08-15T16:13:11.544+0000][13487.488s][info][gc,heap     ] GC(3262) Survivor regions: 6->6(85)
[2024-08-15T16:13:11.544+0000][13487.488s][info][gc,heap     ] GC(3262) Old regions: 536->536
[2024-08-15T16:13:11.544+0000][13487.488s][info][gc,heap     ] GC(3262) Archive regions: 2->2
[2024-08-15T16:13:11.544+0000][13487.488s][info][gc,heap     ] GC(3262) Humongous regions: 5->5
[2024-08-15T16:13:11.544+0000][13487.488s][info][gc,metaspace] GC(3262) Metaspace: 442490K(448832K)->442490K(448832K) NonClass: 387597K(391104K)->387597K(391104K) Class: 54893K(57728K)->54893K(57728K)
[2024-08-15T16:13:11.544+0000][13487.489s][info][gc          ] GC(3262) Pause Young (Normal) (G1 Evacuation Pause) 9718M->4374M(12288M) 10.425ms
[2024-08-15T16:13:11.544+0000][13487.489s][info][gc,cpu      ] GC(3262) User=0.05s Sys=0.00s Real=0.02s
[2024-08-15T16:13:15.343+0000][13491.288s][info][gc,start    ] GC(3263) Pause Young (Normal) (G1 Evacuation Pause)
[2024-08-15T16:13:15.344+0000][13491.288s][info][gc,task     ] GC(3263) Using 6 workers of 6 for evacuation
[2024-08-15T16:13:15.355+0000][13491.300s][info][gc,phases   ] GC(3263)   Pre Evacuate Collection Set: 0.2ms
[2024-08-15T16:13:15.355+0000][13491.300s][info][gc,phases   ] GC(3263)   Merge Heap Roots: 0.2ms
[2024-08-15T16:13:15.355+0000][13491.300s][info][gc,phases   ] GC(3263)   Evacuate Collection Set: 9.5ms
[2024-08-15T16:13:15.355+0000][13491.300s][info][gc,phases   ] GC(3263)   Post Evacuate Collection Set: 1.6ms
[2024-08-15T16:13:15.355+0000][13491.300s][info][gc,phases   ] GC(3263)   Other: 0.2ms
[2024-08-15T16:13:15.355+0000][13491.300s][info][gc,heap     ] GC(3263) Eden regions: 668->0(669)
[2024-08-15T16:13:15.355+0000][13491.300s][info][gc,heap     ] GC(3263) Survivor regions: 6->6(85)
[2024-08-15T16:13:15.355+0000][13491.300s][info][gc,heap     ] GC(3263) Old regions: 536->536
[2024-08-15T16:13:15.355+0000][13491.300s][info][gc,heap     ] GC(3263) Archive regions: 2->2
[2024-08-15T16:13:15.355+0000][13491.300s][info][gc,heap     ] GC(3263) Humongous regions: 5->5
[2024-08-15T16:13:15.355+0000][13491.300s][info][gc,metaspace] GC(3263) Metaspace: 442490K(448832K)->442490K(448832K) NonClass: 387597K(391104K)->387597K(391104K) Class: 54893K(57728K)->54893K(57728K)
[2024-08-15T16:13:15.355+0000][13491.300s][info][gc          ] GC(3263) Pause Young (Normal) (G1 Evacuation Pause) 9718M->4378M(12288M) 11.697ms
[2024-08-15T16:13:15.355+0000][13491.300s][info][gc,cpu      ] GC(3263) User=0.06s Sys=0.00s Real=0.01s
[2024-08-15T16:13:19.127+0000][13495.072s][info][gc,start    ] GC(3264) Pause Young (Concurrent Start) (G1 Evacuation Pause)
[2024-08-15T16:13:19.127+0000][13495.072s][info][gc,task     ] GC(3264) Using 6 workers of 6 for evacuation
[2024-08-15T16:13:19.142+0000][13495.086s][info][gc,phases   ] GC(3264)   Pre Evacuate Collection Set: 0.6ms
[2024-08-15T16:13:19.142+0000][13495.086s][info][gc,phases   ] GC(3264)   Merge Heap Roots: 0.2ms
[2024-08-15T16:13:19.142+0000][13495.086s][info][gc,phases   ] GC(3264)   Evacuate Collection Set: 12.0ms
[2024-08-15T16:13:19.142+0000][13495.086s][info][gc,phases   ] GC(3264)   Post Evacuate Collection Set: 1.6ms
[2024-08-15T16:13:19.142+0000][13495.086s][info][gc,phases   ] GC(3264)   Other: 0.3ms
[2024-08-15T16:13:19.142+0000][13495.086s][info][gc,heap     ] GC(3264) Eden regions: 669->0(666)
[2024-08-15T16:13:19.142+0000][13495.086s][info][gc,heap     ] GC(3264) Survivor regions: 6->9(85)
[2024-08-15T16:13:19.142+0000][13495.086s][info][gc,heap     ] GC(3264) Old regions: 536->536
[2024-08-15T16:13:19.142+0000][13495.086s][info][gc,heap     ] GC(3264) Archive regions: 2->2
[2024-08-15T16:13:19.142+0000][13495.086s][info][gc,heap     ] GC(3264) Humongous regions: 5->5
[2024-08-15T16:13:19.142+0000][13495.086s][info][gc,metaspace] GC(3264) Metaspace: 442490K(448832K)->442490K(448832K) NonClass: 387597K(391104K)->387597K(391104K) Class: 54893K(57728K)->54893K(57728K)
[2024-08-15T16:13:19.142+0000][13495.086s][info][gc          ] GC(3264) Pause Young (Concurrent Start) (G1 Evacuation Pause) 9730M->4398M(12288M) 14.658ms
[2024-08-15T16:13:19.142+0000][13495.086s][info][gc,cpu      ] GC(3264) User=0.08s Sys=0.00s Real=0.01s
[2024-08-15T16:13:19.142+0000][13495.087s][info][gc          ] GC(3265) Concurrent Mark Cycle
[2024-08-15T16:13:19.142+0000][13495.087s][info][gc,marking  ] GC(3265) Concurrent Clear Claimed Marks
[2024-08-15T16:13:19.142+0000][13495.087s][info][gc,marking  ] GC(3265) Concurrent Clear Claimed Marks 0.387ms
[2024-08-15T16:13:19.142+0000][13495.087s][info][gc,marking  ] GC(3265) Concurrent Scan Root Regions
[2024-08-15T16:13:19.157+0000][13495.102s][info][gc,marking  ] GC(3265) Concurrent Scan Root Regions 14.870ms
[2024-08-15T16:13:19.157+0000][13495.102s][info][gc,marking  ] GC(3265) Concurrent Mark
[2024-08-15T16:13:19.157+0000][13495.102s][info][gc,marking  ] GC(3265) Concurrent Mark From Roots
[2024-08-15T16:13:19.157+0000][13495.102s][info][gc,task     ] GC(3265) Using 2 workers of 2 for marking
[2024-08-15T16:13:22.729+0000][13498.674s][info][gc,marking  ] GC(3265) Concurrent Mark From Roots 3571.649ms
[2024-08-15T16:13:22.729+0000][13498.674s][info][gc,marking  ] GC(3265) Concurrent Preclean
[2024-08-15T16:13:22.731+0000][13498.676s][info][gc,marking  ] GC(3265) Concurrent Preclean 1.966ms
[2024-08-15T16:13:22.731+0000][13498.676s][info][gc,start    ] GC(3265) Pause Remark
[2024-08-15T16:13:22.754+0000][13498.699s][info][gc          ] GC(3265) Pause Remark 8738M->8738M(12288M) 23.279ms
[2024-08-15T16:13:22.754+0000][13498.699s][info][gc,cpu      ] GC(3265) User=0.10s Sys=0.00s Real=0.02s
[2024-08-15T16:13:22.755+0000][13498.699s][info][gc,marking  ] GC(3265) Concurrent Mark 3597.407ms
[2024-08-15T16:13:22.755+0000][13498.699s][info][gc,marking  ] GC(3265) Concurrent Rebuild Remembered Sets
[2024-08-15T16:13:23.580+0000][13499.524s][info][gc,start    ] GC(3266) Pause Young (Normal) (G1 Evacuation Pause)
[2024-08-15T16:13:23.580+0000][13499.524s][info][gc,task     ] GC(3266) Using 6 workers of 6 for evacuation
[2024-08-15T16:13:23.596+0000][13499.541s][info][gc,phases   ] GC(3266)   Pre Evacuate Collection Set: 0.2ms
[2024-08-15T16:13:23.596+0000][13499.541s][info][gc,phases   ] GC(3266)   Merge Heap Roots: 0.2ms
[2024-08-15T16:13:23.596+0000][13499.541s][info][gc,phases   ] GC(3266)   Evacuate Collection Set: 14.2ms
[2024-08-15T16:13:23.596+0000][13499.541s][info][gc,phases   ] GC(3266)   Post Evacuate Collection Set: 1.7ms
[2024-08-15T16:13:23.596+0000][13499.541s][info][gc,phases   ] GC(3266)   Other: 0.2ms
[2024-08-15T16:13:23.596+0000][13499.541s][info][gc,heap     ] GC(3266) Eden regions: 666->0(664)
[2024-08-15T16:13:23.596+0000][13499.541s][info][gc,heap     ] GC(3266) Survivor regions: 9->10(85)
[2024-08-15T16:13:23.596+0000][13499.541s][info][gc,heap     ] GC(3266) Old regions: 536->536
[2024-08-15T16:13:23.596+0000][13499.541s][info][gc,heap     ] GC(3266) Archive regions: 2->2
[2024-08-15T16:13:23.596+0000][13499.541s][info][gc,heap     ] GC(3266) Humongous regions: 5->5
[2024-08-15T16:13:23.596+0000][13499.541s][info][gc,metaspace] GC(3266) Metaspace: 442490K(448832K)->442490K(448832K) NonClass: 387597K(391104K)->387597K(391104K) Class: 54893K(57728K)->54893K(57728K)
[2024-08-15T16:13:23.596+0000][13499.541s][info][gc          ] GC(3266) Pause Young (Normal) (G1 Evacuation Pause) 9726M->4406M(12288M) 16.463ms
[2024-08-15T16:13:23.596+0000][13499.541s][info][gc,cpu      ] GC(3266) User=0.09s Sys=0.00s Real=0.02s
[2024-08-15T16:13:24.844+0000][13500.788s][info][gc,marking  ] GC(3265) Concurrent Rebuild Remembered Sets 2088.885ms
[2024-08-15T16:13:24.844+0000][13500.788s][info][gc,start    ] GC(3265) Pause Cleanup
[2024-08-15T16:13:24.844+0000][13500.789s][info][gc          ] GC(3265) Pause Cleanup 6038M->6038M(12288M) 0.600ms
[2024-08-15T16:13:24.844+0000][13500.789s][info][gc,cpu      ] GC(3265) User=0.00s Sys=0.00s Real=0.00s
[2024-08-15T16:13:24.845+0000][13500.789s][info][gc,marking  ] GC(3265) Concurrent Cleanup for Next Mark
[2024-08-15T16:13:24.873+0000][13500.817s][info][gc,marking  ] GC(3265) Concurrent Cleanup for Next Mark 28.141ms
[2024-08-15T16:13:24.873+0000][13500.817s][info][gc          ] GC(3265) Concurrent Mark Cycle 5730.777ms
[2024-08-15T16:13:27.499+0000][13503.444s][info][gc,start    ] GC(3267) Pause Young (Prepare Mixed) (G1 Evacuation Pause)
[2024-08-15T16:13:27.499+0000][13503.444s][info][gc,task     ] GC(3267) Using 6 workers of 6 for evacuation
[2024-08-15T16:13:27.519+0000][13503.464s][info][gc,phases   ] GC(3267)   Pre Evacuate Collection Set: 0.2ms
[2024-08-15T16:13:27.519+0000][13503.464s][info][gc,phases   ] GC(3267)   Merge Heap Roots: 0.3ms
[2024-08-15T16:13:27.519+0000][13503.464s][info][gc,phases   ] GC(3267)   Evacuate Collection Set: 17.6ms
[2024-08-15T16:13:27.519+0000][13503.464s][info][gc,phases   ] GC(3267)   Post Evacuate Collection Set: 1.6ms
[2024-08-15T16:13:27.519+0000][13503.464s][info][gc,phases   ] GC(3267)   Other: 0.2ms
[2024-08-15T16:13:27.519+0000][13503.464s][info][gc,heap     ] GC(3267) Eden regions: 664->0(67)
[2024-08-15T16:13:27.519+0000][13503.464s][info][gc,heap     ] GC(3267) Survivor regions: 10->9(85)
[2024-08-15T16:13:27.519+0000][13503.464s][info][gc,heap     ] GC(3267) Old regions: 536->536
[2024-08-15T16:13:27.519+0000][13503.464s][info][gc,heap     ] GC(3267) Archive regions: 2->2
[2024-08-15T16:13:27.519+0000][13503.464s][info][gc,heap     ] GC(3267) Humongous regions: 5->5
[2024-08-15T16:13:27.519+0000][13503.464s][info][gc,metaspace] GC(3267) Metaspace: 442490K(448832K)->442490K(448832K) NonClass: 387597K(391104K)->387597K(391104K) Class: 54893K(57728K)->54893K(57728K)
[2024-08-15T16:13:27.519+0000][13503.464s][info][gc          ] GC(3267) Pause Young (Prepare Mixed) (G1 Evacuation Pause) 9718M->4402M(12288M) 19.865ms
[2024-08-15T16:13:27.519+0000][13503.464s][info][gc,cpu      ] GC(3267) User=0.12s Sys=0.00s Real=0.02s
[2024-08-15T16:13:27.901+0000][13503.845s][info][gc,start    ] GC(3268) Pause Young (Mixed) (G1 Evacuation Pause)
[2024-08-15T16:13:27.901+0000][13503.845s][info][gc,task     ] GC(3268) Using 6 workers of 6 for evacuation
[2024-08-15T16:13:27.963+0000][13503.908s][info][gc,phases   ] GC(3268)   Pre Evacuate Collection Set: 0.2ms
[2024-08-15T16:13:27.963+0000][13503.908s][info][gc,phases   ] GC(3268)   Merge Heap Roots: 0.5ms
[2024-08-15T16:13:27.963+0000][13503.908s][info][gc,phases   ] GC(3268)   Evacuate Collection Set: 60.1ms
[2024-08-15T16:13:27.963+0000][13503.908s][info][gc,phases   ] GC(3268)   Post Evacuate Collection Set: 1.3ms
[2024-08-15T16:13:27.963+0000][13503.908s][info][gc,phases   ] GC(3268)   Other: 0.2ms
[2024-08-15T16:13:27.963+0000][13503.908s][info][gc,heap     ] GC(3268) Eden regions: 67->0(670)
[2024-08-15T16:13:27.963+0000][13503.908s][info][gc,heap     ] GC(3268) Survivor regions: 9->6(10)
[2024-08-15T16:13:27.963+0000][13503.908s][info][gc,heap     ] GC(3268) Old regions: 536->534
[2024-08-15T16:13:27.963+0000][13503.908s][info][gc,heap     ] GC(3268) Archive regions: 2->2
[2024-08-15T16:13:27.963+0000][13503.908s][info][gc,heap     ] GC(3268) Humongous regions: 5->5
[2024-08-15T16:13:27.963+0000][13503.908s][info][gc,metaspace] GC(3268) Metaspace: 442490K(448832K)->442490K(448832K) NonClass: 387597K(391104K)->387597K(391104K) Class: 54893K(57728K)->54893K(57728K)
[2024-08-15T16:13:27.963+0000][13503.908s][info][gc          ] GC(3268) Pause Young (Mixed) (G1 Evacuation Pause) 4938M->4355M(12288M) 62.347ms
[2024-08-15T16:13:27.963+0000][13503.908s][info][gc,cpu      ] GC(3268) User=0.35s Sys=0.02s Real=0.07s
[2024-08-15T16:13:31.804+0000][13507.749s][info][gc,start    ] GC(3269) Pause Young (Normal) (G1 Evacuation Pause)
[2024-08-15T16:13:31.804+0000][13507.749s][info][gc,task     ] GC(3269) Using 6 workers of 6 for evacuation
[2024-08-15T16:13:31.816+0000][13507.761s][info][gc,phases   ] GC(3269)   Pre Evacuate Collection Set: 0.2ms
[2024-08-15T16:13:31.816+0000][13507.761s][info][gc,phases   ] GC(3269)   Merge Heap Roots: 0.2ms
[2024-08-15T16:13:31.816+0000][13507.761s][info][gc,phases   ] GC(3269)   Evacuate Collection Set: 9.3ms
[2024-08-15T16:13:31.816+0000][13507.761s][info][gc,phases   ] GC(3269)   Post Evacuate Collection Set: 1.7ms
[2024-08-15T16:13:31.816+0000][13507.761s][info][gc,phases   ] GC(3269)   Other: 0.2ms
[2024-08-15T16:13:31.816+0000][13507.761s][info][gc,heap     ] GC(3269) Eden regions: 670->0(669)
[2024-08-15T16:13:31.816+0000][13507.761s][info][gc,heap     ] GC(3269) Survivor regions: 6->7(85)
[2024-08-15T16:13:31.816+0000][13507.761s][info][gc,heap     ] GC(3269) Old regions: 534->534
[2024-08-15T16:13:31.816+0000][13507.761s][info][gc,heap     ] GC(3269) Archive regions: 2->2
[2024-08-15T16:13:31.816+0000][13507.761s][info][gc,heap     ] GC(3269) Humongous regions: 5->5
[2024-08-15T16:13:31.816+0000][13507.761s][info][gc,metaspace] GC(3269) Metaspace: 442490K(448832K)->442490K(448832K) NonClass: 387597K(391104K)->387597K(391104K) Class: 54893K(57728K)->54893K(57728K)
[2024-08-15T16:13:31.816+0000][13507.761s][info][gc          ] GC(3269) Pause Young (Normal) (G1 Evacuation Pause) 9715M->4360M(12288M) 11.699ms
[2024-08-15T16:13:31.816+0000][13507.761s][info][gc,cpu      ] GC(3269) User=0.07s Sys=0.00s Real=0.01s
[2024-08-15T16:13:35.657+0000][13511.602s][info][gc,start    ] GC(3270) Pause Young (Normal) (G1 Evacuation Pause)
[2024-08-15T16:13:35.657+0000][13511.602s][info][gc,task     ] GC(3270) Using 6 workers of 6 for evacuation
[2024-08-15T16:13:35.670+0000][13511.614s][info][gc,phases   ] GC(3270)   Pre Evacuate Collection Set: 0.2ms
[2024-08-15T16:13:35.670+0000][13511.614s][info][gc,phases   ] GC(3270)   Merge Heap Roots: 0.2ms
[2024-08-15T16:13:35.670+0000][13511.614s][info][gc,phases   ] GC(3270)   Evacuate Collection Set: 10.7ms
[2024-08-15T16:13:35.670+0000][13511.614s][info][gc,phases   ] GC(3270)   Post Evacuate Collection Set: 1.6ms
[2024-08-15T16:13:35.670+0000][13511.614s][info][gc,phases   ] GC(3270)   Other: 0.2ms
[2024-08-15T16:13:35.670+0000][13511.614s][info][gc,heap     ] GC(3270) Eden regions: 669->0(669)
[2024-08-15T16:13:35.670+0000][13511.614s][info][gc,heap     ] GC(3270) Survivor regions: 7->7(85)
[2024-08-15T16:13:35.670+0000][13511.614s][info][gc,heap     ] GC(3270) Old regions: 534->534
[2024-08-15T16:13:35.670+0000][13511.614s][info][gc,heap     ] GC(3270) Archive regions: 2->2
[2024-08-15T16:13:35.670+0000][13511.614s][info][gc,heap     ] GC(3270) Humongous regions: 5->5
[2024-08-15T16:13:35.670+0000][13511.614s][info][gc,metaspace] GC(3270) Metaspace: 442501K(448832K)->442501K(448832K) NonClass: 387608K(391104K)->387608K(391104K) Class: 54893K(57728K)->54893K(57728K)
[2024-08-15T16:13:35.670+0000][13511.614s][info][gc          ] GC(3270) Pause Young (Normal) (G1 Evacuation Pause) 9712M->4366M(12288M) 12.959ms
[2024-08-15T16:13:35.670+0000][13511.615s][info][gc,cpu      ] GC(3270) User=0.08s Sys=0.00s Real=0.01s
[2024-08-15T16:13:39.455+0000][13515.399s][info][gc,start    ] GC(3271) Pause Young (Concurrent Start) (G1 Evacuation Pause)
[2024-08-15T16:13:39.455+0000][13515.399s][info][gc,task     ] GC(3271) Using 6 workers of 6 for evacuation
[2024-08-15T16:13:39.472+0000][13515.417s][info][gc,phases   ] GC(3271)   Pre Evacuate Collection Set: 0.6ms
[2024-08-15T16:13:39.472+0000][13515.417s][info][gc,phases   ] GC(3271)   Merge Heap Roots: 0.2ms
[2024-08-15T16:13:39.472+0000][13515.417s][info][gc,phases   ] GC(3271)   Evacuate Collection Set: 14.6ms
[2024-08-15T16:13:39.472+0000][13515.417s][info][gc,phases   ] GC(3271)   Post Evacuate Collection Set: 1.7ms
[2024-08-15T16:13:39.472+0000][13515.417s][info][gc,phases   ] GC(3271)   Other: 0.3ms
[2024-08-15T16:13:39.472+0000][13515.417s][info][gc,heap     ] GC(3271) Eden regions: 669->0(668)
[2024-08-15T16:13:39.472+0000][13515.417s][info][gc,heap     ] GC(3271) Survivor regions: 7->8(85)
[2024-08-15T16:13:39.472+0000][13515.417s][info][gc,heap     ] GC(3271) Old regions: 534->534
[2024-08-15T16:13:39.472+0000][13515.417s][info][gc,heap     ] GC(3271) Archive regions: 2->2
[2024-08-15T16:13:39.472+0000][13515.417s][info][gc,heap     ] GC(3271) Humongous regions: 5->5
[2024-08-15T16:13:39.472+0000][13515.417s][info][gc,metaspace] GC(3271) Metaspace: 442502K(448832K)->442502K(448832K) NonClass: 387609K(391104K)->387609K(391104K) Class: 54893K(57728K)->54893K(57728K)
[2024-08-15T16:13:39.472+0000][13515.417s][info][gc          ] GC(3271) Pause Young (Concurrent Start) (G1 Evacuation Pause) 9718M->4368M(12288M) 17.404ms
[2024-08-15T16:13:39.472+0000][13515.417s][info][gc,cpu      ] GC(3271) User=0.10s Sys=0.00s Real=0.02s
[2024-08-15T16:13:39.472+0000][13515.417s][info][gc          ] GC(3272) Concurrent Mark Cycle
[2024-08-15T16:13:39.472+0000][13515.417s][info][gc,marking  ] GC(3272) Concurrent Clear Claimed Marks
[2024-08-15T16:13:39.473+0000][13515.417s][info][gc,marking  ] GC(3272) Concurrent Clear Claimed Marks 0.340ms
[2024-08-15T16:13:39.473+0000][13515.417s][info][gc,marking  ] GC(3272) Concurrent Scan Root Regions
[2024-08-15T16:13:39.486+0000][13515.431s][info][gc,marking  ] GC(3272) Concurrent Scan Root Regions 13.454ms
[2024-08-15T16:13:39.486+0000][13515.431s][info][gc,marking  ] GC(3272) Concurrent Mark
[2024-08-15T16:13:39.486+0000][13515.431s][info][gc,marking  ] GC(3272) Concurrent Mark From Roots
[2024-08-15T16:13:39.486+0000][13515.431s][info][gc,task     ] GC(3272) Using 2 workers of 2 for marking
[2024-08-15T16:13:42.797+0000][13518.742s][info][gc,marking  ] GC(3272) Concurrent Mark From Roots 3310.999ms
[2024-08-15T16:13:42.797+0000][13518.742s][info][gc,marking  ] GC(3272) Concurrent Preclean
[2024-08-15T16:13:42.799+0000][13518.744s][info][gc,marking  ] GC(3272) Concurrent Preclean 1.957ms
[2024-08-15T16:13:42.799+0000][13518.744s][info][gc,start    ] GC(3272) Pause Remark
[2024-08-15T16:13:42.822+0000][13518.767s][info][gc          ] GC(3272) Pause Remark 8312M->8312M(12288M) 23.107ms
[2024-08-15T16:13:42.822+0000][13518.767s][info][gc,cpu      ] GC(3272) User=0.09s Sys=0.00s Real=0.02s
[2024-08-15T16:13:42.823+0000][13518.767s][info][gc,marking  ] GC(3272) Concurrent Mark 3336.640ms
[2024-08-15T16:13:42.823+0000][13518.767s][info][gc,marking  ] GC(3272) Concurrent Rebuild Remembered Sets
[2024-08-15T16:13:43.925+0000][13519.869s][info][gc,start    ] GC(3273) Pause Young (Normal) (G1 Evacuation Pause)
[2024-08-15T16:13:43.925+0000][13519.869s][info][gc,task     ] GC(3273) Using 6 workers of 6 for evacuation
[2024-08-15T16:13:43.942+0000][13519.887s][info][gc,phases   ] GC(3273)   Pre Evacuate Collection Set: 0.2ms
[2024-08-15T16:13:43.942+0000][13519.887s][info][gc,phases   ] GC(3273)   Merge Heap Roots: 0.3ms
[2024-08-15T16:13:43.942+0000][13519.887s][info][gc,phases   ] GC(3273)   Evacuate Collection Set: 15.0ms
[2024-08-15T16:13:43.942+0000][13519.887s][info][gc,phases   ] GC(3273)   Post Evacuate Collection Set: 1.7ms
[2024-08-15T16:13:43.942+0000][13519.887s][info][gc,phases   ] GC(3273)   Other: 0.2ms
[2024-08-15T16:13:43.942+0000][13519.887s][info][gc,heap     ] GC(3273) Eden regions: 668->0(669)
[2024-08-15T16:13:43.942+0000][13519.887s][info][gc,heap     ] GC(3273) Survivor regions: 8->8(85)
[2024-08-15T16:13:43.942+0000][13519.887s][info][gc,heap     ] GC(3273) Old regions: 534->534
[2024-08-15T16:13:43.942+0000][13519.887s][info][gc,heap     ] GC(3273) Archive regions: 2->2
[2024-08-15T16:13:43.942+0000][13519.887s][info][gc,heap     ] GC(3273) Humongous regions: 5->5
[2024-08-15T16:13:43.942+0000][13519.887s][info][gc,metaspace] GC(3273) Metaspace: 442502K(448832K)->442502K(448832K) NonClass: 387609K(391104K)->387609K(391104K) Class: 54893K(57728K)->54893K(57728K)
[2024-08-15T16:13:43.942+0000][13519.887s][info][gc          ] GC(3273) Pause Young (Normal) (G1 Evacuation Pause) 9712M->4374M(12288M) 17.376ms
[2024-08-15T16:13:43.942+0000][13519.887s][info][gc,cpu      ] GC(3273) User=0.10s Sys=0.00s Real=0.01s
[2024-08-15T16:13:44.883+0000][13520.828s][info][gc,marking  ] GC(3272) Concurrent Rebuild Remembered Sets 2060.656ms
[2024-08-15T16:13:44.884+0000][13520.828s][info][gc,start    ] GC(3272) Pause Cleanup
[2024-08-15T16:13:44.884+0000][13520.829s][info][gc          ] GC(3272) Pause Cleanup 5579M->5579M(12288M) 0.581ms
[2024-08-15T16:13:44.884+0000][13520.829s][info][gc,cpu      ] GC(3272) User=0.00s Sys=0.00s Real=0.00s
[2024-08-15T16:13:44.884+0000][13520.829s][info][gc,marking  ] GC(3272) Concurrent Cleanup for Next Mark
[2024-08-15T16:13:44.901+0000][13520.845s][info][gc,marking  ] GC(3272) Concurrent Cleanup for Next Mark 16.491ms
[2024-08-15T16:13:44.901+0000][13520.845s][info][gc          ] GC(3272) Concurrent Mark Cycle 5428.553ms
[2024-08-15T16:13:47.712+0000][13523.656s][info][gc,start    ] GC(3274) Pause Young (Prepare Mixed) (G1 Evacuation Pause)
[2024-08-15T16:13:47.712+0000][13523.656s][info][gc,task     ] GC(3274) Using 6 workers of 6 for evacuation
[2024-08-15T16:13:47.731+0000][13523.676s][info][gc,phases   ] GC(3274)   Pre Evacuate Collection Set: 0.2ms
[2024-08-15T16:13:47.731+0000][13523.676s][info][gc,phases   ] GC(3274)   Merge Heap Roots: 0.3ms
[2024-08-15T16:13:47.731+0000][13523.676s][info][gc,phases   ] GC(3274)   Evacuate Collection Set: 17.1ms
[2024-08-15T16:13:47.731+0000][13523.676s][info][gc,phases   ] GC(3274)   Post Evacuate Collection Set: 1.7ms
[2024-08-15T16:13:47.731+0000][13523.676s][info][gc,phases   ] GC(3274)   Other: 0.2ms
[2024-08-15T16:13:47.731+0000][13523.676s][info][gc,heap     ] GC(3274) Eden regions: 669->0(67)
[2024-08-15T16:13:47.731+0000][13523.676s][info][gc,heap     ] GC(3274) Survivor regions: 8->9(85)
[2024-08-15T16:13:47.731+0000][13523.676s][info][gc,heap     ] GC(3274) Old regions: 534->534
[2024-08-15T16:13:47.731+0000][13523.676s][info][gc,heap     ] GC(3274) Archive regions: 2->2
[2024-08-15T16:13:47.731+0000][13523.676s][info][gc,heap     ] GC(3274) Humongous regions: 5->5
[2024-08-15T16:13:47.731+0000][13523.676s][info][gc,metaspace] GC(3274) Metaspace: 442502K(448832K)->442502K(448832K) NonClass: 387609K(391104K)->387609K(391104K) Class: 54893K(57728K)->54893K(57728K)
[2024-08-15T16:13:47.731+0000][13523.676s][info][gc          ] GC(3274) Pause Young (Prepare Mixed) (G1 Evacuation Pause) 9726M->4382M(12288M) 19.501ms
[2024-08-15T16:13:47.731+0000][13523.676s][info][gc,cpu      ] GC(3274) User=0.10s Sys=0.01s Real=0.02s
[2024-08-15T16:13:48.130+0000][13524.075s][info][gc,start    ] GC(3275) Pause Young (Mixed) (G1 Evacuation Pause)
[2024-08-15T16:13:48.130+0000][13524.075s][info][gc,task     ] GC(3275) Using 6 workers of 6 for evacuation
[2024-08-15T16:13:48.194+0000][13524.139s][info][gc,phases   ] GC(3275)   Pre Evacuate Collection Set: 0.2ms
[2024-08-15T16:13:48.194+0000][13524.139s][info][gc,phases   ] GC(3275)   Merge Heap Roots: 0.5ms
[2024-08-15T16:13:48.194+0000][13524.139s][info][gc,phases   ] GC(3275)   Evacuate Collection Set: 61.8ms
[2024-08-15T16:13:48.194+0000][13524.139s][info][gc,phases   ] GC(3275)   Post Evacuate Collection Set: 1.3ms
[2024-08-15T16:13:48.194+0000][13524.139s][info][gc,phases   ] GC(3275)   Other: 0.2ms
[2024-08-15T16:13:48.194+0000][13524.139s][info][gc,heap     ] GC(3275) Eden regions: 67->0(673)
[2024-08-15T16:13:48.194+0000][13524.139s][info][gc,heap     ] GC(3275) Survivor regions: 9->6(10)
[2024-08-15T16:13:48.194+0000][13524.139s][info][gc,heap     ] GC(3275) Old regions: 534->532
[2024-08-15T16:13:48.194+0000][13524.139s][info][gc,heap     ] GC(3275) Archive regions: 2->2
[2024-08-15T16:13:48.194+0000][13524.139s][info][gc,heap     ] GC(3275) Humongous regions: 5->5
[2024-08-15T16:13:48.194+0000][13524.139s][info][gc,metaspace] GC(3275) Metaspace: 442502K(448832K)->442502K(448832K) NonClass: 387609K(391104K)->387609K(391104K) Class: 54893K(57728K)->54893K(57728K)
[2024-08-15T16:13:48.194+0000][13524.139s][info][gc          ] GC(3275) Pause Young (Mixed) (G1 Evacuation Pause) 4918M->4341M(12288M) 64.047ms
[2024-08-15T16:13:48.194+0000][13524.139s][info][gc,cpu      ] GC(3275) User=0.38s Sys=0.00s Real=0.06s
[2024-08-15T16:13:51.822+0000][13527.766s][info][gc,start    ] GC(3276) Pause Young (Normal) (G1 Evacuation Pause)
[2024-08-15T16:13:51.822+0000][13527.766s][info][gc,task     ] GC(3276) Using 6 workers of 6 for evacuation
[2024-08-15T16:13:51.834+0000][13527.779s][info][gc,phases   ] GC(3276)   Pre Evacuate Collection Set: 0.2ms
[2024-08-15T16:13:51.834+0000][13527.779s][info][gc,phases   ] GC(3276)   Merge Heap Roots: 0.2ms
[2024-08-15T16:13:51.834+0000][13527.779s][info][gc,phases   ] GC(3276)   Evacuate Collection Set: 10.6ms
[2024-08-15T16:13:51.834+0000][13527.779s][info][gc,phases   ] GC(3276)   Post Evacuate Collection Set: 1.6ms
[2024-08-15T16:13:51.834+0000][13527.779s][info][gc,phases   ] GC(3276)   Other: 0.2ms
[2024-08-15T16:13:51.834+0000][13527.779s][info][gc,heap     ] GC(3276) Eden regions: 673->0(673)
[2024-08-15T16:13:51.834+0000][13527.779s][info][gc,heap     ] GC(3276) Survivor regions: 6->6(85)
[2024-08-15T16:13:51.834+0000][13527.779s][info][gc,heap     ] GC(3276) Old regions: 532->532
[2024-08-15T16:13:51.834+0000][13527.779s][info][gc,heap     ] GC(3276) Archive regions: 2->2
[2024-08-15T16:13:51.834+0000][13527.779s][info][gc,heap     ] GC(3276) Humongous regions: 5->5
[2024-08-15T16:13:51.834+0000][13527.779s][info][gc,metaspace] GC(3276) Metaspace: 442502K(448832K)->442502K(448832K) NonClass: 387609K(391104K)->387609K(391104K) Class: 54893K(57728K)->54893K(57728K)
[2024-08-15T16:13:51.835+0000][13527.779s][info][gc          ] GC(3276) Pause Young (Normal) (G1 Evacuation Pause) 9725M->4341M(12288M) 12.917ms
[2024-08-15T16:13:51.835+0000][13527.779s][info][gc,cpu      ] GC(3276) User=0.07s Sys=0.00s Real=0.01s
[2024-08-15T16:13:55.662+0000][13531.606s][info][gc,start    ] GC(3277) Pause Young (Normal) (G1 Evacuation Pause)
[2024-08-15T16:13:55.662+0000][13531.606s][info][gc,task     ] GC(3277) Using 6 workers of 6 for evacuation
[2024-08-15T16:13:55.676+0000][13531.621s][info][gc,phases   ] GC(3277)   Pre Evacuate Collection Set: 0.2ms
[2024-08-15T16:13:55.676+0000][13531.621s][info][gc,phases   ] GC(3277)   Merge Heap Roots: 0.2ms
[2024-08-15T16:13:55.676+0000][13531.621s][info][gc,phases   ] GC(3277)   Evacuate Collection Set: 12.5ms
[2024-08-15T16:13:55.676+0000][13531.621s][info][gc,phases   ] GC(3277)   Post Evacuate Collection Set: 1.6ms
[2024-08-15T16:13:55.676+0000][13531.621s][info][gc,phases   ] GC(3277)   Other: 0.2ms
[2024-08-15T16:13:55.676+0000][13531.621s][info][gc,heap     ] GC(3277) Eden regions: 673->0(670)
[2024-08-15T16:13:55.676+0000][13531.621s][info][gc,heap     ] GC(3277) Survivor regions: 6->9(85)
[2024-08-15T16:13:55.676+0000][13531.621s][info][gc,heap     ] GC(3277) Old regions: 532->532
[2024-08-15T16:13:55.676+0000][13531.621s][info][gc,heap     ] GC(3277) Archive regions: 2->2
[2024-08-15T16:13:55.676+0000][13531.621s][info][gc,heap     ] GC(3277) Humongous regions: 5->5
[2024-08-15T16:13:55.676+0000][13531.621s][info][gc,metaspace] GC(3277) Metaspace: 442502K(448832K)->442502K(448832K) NonClass: 387609K(391104K)->387609K(391104K) Class: 54893K(57728K)->54893K(57728K)
[2024-08-15T16:13:55.676+0000][13531.621s][info][gc          ] GC(3277) Pause Young (Normal) (G1 Evacuation Pause) 9725M->4358M(12288M) 14.772ms
[2024-08-15T16:13:55.676+0000][13531.621s][info][gc,cpu      ] GC(3277) User=0.08s Sys=0.00s Real=0.02s
[2024-08-15T16:13:59.548+0000][13535.493s][info][gc,start    ] GC(3278) Pause Young (Concurrent Start) (G1 Evacuation Pause)
[2024-08-15T16:13:59.548+0000][13535.493s][info][gc,task     ] GC(3278) Using 6 workers of 6 for evacuation
[2024-08-15T16:13:59.565+0000][13535.509s][info][gc,phases   ] GC(3278)   Pre Evacuate Collection Set: 0.5ms
[2024-08-15T16:13:59.565+0000][13535.509s][info][gc,phases   ] GC(3278)   Merge Heap Roots: 0.2ms
[2024-08-15T16:13:59.565+0000][13535.509s][info][gc,phases   ] GC(3278)   Evacuate Collection Set: 14.1ms
[2024-08-15T16:13:59.565+0000][13535.509s][info][gc,phases   ] GC(3278)   Post Evacuate Collection Set: 1.6ms
[2024-08-15T16:13:59.565+0000][13535.509s][info][gc,phases   ] GC(3278)   Other: 0.3ms
[2024-08-15T16:13:59.565+0000][13535.509s][info][gc,heap     ] GC(3278) Eden regions: 670->0(671)
[2024-08-15T16:13:59.565+0000][13535.509s][info][gc,heap     ] GC(3278) Survivor regions: 9->8(85)
[2024-08-15T16:13:59.565+0000][13535.509s][info][gc,heap     ] GC(3278) Old regions: 532->532
[2024-08-15T16:13:59.565+0000][13535.509s][info][gc,heap     ] GC(3278) Archive regions: 2->2
[2024-08-15T16:13:59.565+0000][13535.509s][info][gc,heap     ] GC(3278) Humongous regions: 5->5
[2024-08-15T16:13:59.565+0000][13535.509s][info][gc,metaspace] GC(3278) Metaspace: 442502K(448832K)->442502K(448832K) NonClass: 387609K(391104K)->387609K(391104K) Class: 54893K(57728K)->54893K(57728K)
[2024-08-15T16:13:59.565+0000][13535.509s][info][gc          ] GC(3278) Pause Young (Concurrent Start) (G1 Evacuation Pause) 9718M->4353M(12288M) 16.862ms
[2024-08-15T16:13:59.565+0000][13535.510s][info][gc,cpu      ] GC(3278) User=0.09s Sys=0.00s Real=0.02s
[2024-08-15T16:13:59.565+0000][13535.510s][info][gc          ] GC(3279) Concurrent Mark Cycle
[2024-08-15T16:13:59.565+0000][13535.510s][info][gc,marking  ] GC(3279) Concurrent Clear Claimed Marks
[2024-08-15T16:13:59.565+0000][13535.510s][info][gc,marking  ] GC(3279) Concurrent Clear Claimed Marks 0.379ms
[2024-08-15T16:13:59.565+0000][13535.510s][info][gc,marking  ] GC(3279) Concurrent Scan Root Regions
[2024-08-15T16:13:59.578+0000][13535.523s][info][gc,marking  ] GC(3279) Concurrent Scan Root Regions 13.023ms
[2024-08-15T16:13:59.578+0000][13535.523s][info][gc,marking  ] GC(3279) Concurrent Mark
[2024-08-15T16:13:59.578+0000][13535.523s][info][gc,marking  ] GC(3279) Concurrent Mark From Roots
[2024-08-15T16:13:59.578+0000][13535.523s][info][gc,task     ] GC(3279) Using 2 workers of 2 for marking
[2024-08-15T16:14:03.722+0000][13539.666s][info][gc,marking  ] GC(3279) Concurrent Mark From Roots 4143.321ms
[2024-08-15T16:14:03.722+0000][13539.666s][info][gc,marking  ] GC(3279) Concurrent Preclean
[2024-08-15T16:14:03.723+0000][13539.668s][info][gc,marking  ] GC(3279) Concurrent Preclean 1.512ms
[2024-08-15T16:14:03.724+0000][13539.668s][info][gc,start    ] GC(3279) Pause Remark
[2024-08-15T16:14:03.747+0000][13539.692s][info][gc          ] GC(3279) Pause Remark 9377M->9377M(12288M) 23.638ms
[2024-08-15T16:14:03.747+0000][13539.692s][info][gc,cpu      ] GC(3279) User=0.10s Sys=0.00s Real=0.02s
[2024-08-15T16:14:03.747+0000][13539.692s][info][gc,marking  ] GC(3279) Concurrent Mark 4168.893ms
[2024-08-15T16:14:03.747+0000][13539.692s][info][gc,marking  ] GC(3279) Concurrent Rebuild Remembered Sets
[2024-08-15T16:14:04.019+0000][13539.964s][info][gc,start    ] GC(3280) Pause Young (Normal) (G1 Evacuation Pause)
[2024-08-15T16:14:04.019+0000][13539.964s][info][gc,task     ] GC(3280) Using 6 workers of 6 for evacuation
[2024-08-15T16:14:04.039+0000][13539.983s][info][gc,phases   ] GC(3280)   Pre Evacuate Collection Set: 0.2ms
[2024-08-15T16:14:04.039+0000][13539.983s][info][gc,phases   ] GC(3280)   Merge Heap Roots: 0.3ms
[2024-08-15T16:14:04.039+0000][13539.983s][info][gc,phases   ] GC(3280)   Evacuate Collection Set: 17.4ms
[2024-08-15T16:14:04.039+0000][13539.983s][info][gc,phases   ] GC(3280)   Post Evacuate Collection Set: 1.6ms
[2024-08-15T16:14:04.039+0000][13539.983s][info][gc,phases   ] GC(3280)   Other: 0.2ms
[2024-08-15T16:14:04.039+0000][13539.983s][info][gc,heap     ] GC(3280) Eden regions: 671->0(671)
[2024-08-15T16:14:04.039+0000][13539.983s][info][gc,heap     ] GC(3280) Survivor regions: 8->8(85)
[2024-08-15T16:14:04.039+0000][13539.983s][info][gc,heap     ] GC(3280) Old regions: 532->532
[2024-08-15T16:14:04.039+0000][13539.983s][info][gc,heap     ] GC(3280) Archive regions: 2->2
[2024-08-15T16:14:04.039+0000][13539.983s][info][gc,heap     ] GC(3280) Humongous regions: 5->5
[2024-08-15T16:14:04.039+0000][13539.983s][info][gc,metaspace] GC(3280) Metaspace: 442502K(448832K)->442502K(448832K) NonClass: 387609K(391104K)->387609K(391104K) Class: 54893K(57728K)->54893K(57728K)
[2024-08-15T16:14:04.039+0000][13539.983s][info][gc          ] GC(3280) Pause Young (Normal) (G1 Evacuation Pause) 9721M->4356M(12288M) 19.746ms
[2024-08-15T16:14:04.039+0000][13539.983s][info][gc,cpu      ] GC(3280) User=0.13s Sys=0.00s Real=0.02s
[2024-08-15T16:14:05.845+0000][13541.790s][info][gc,marking  ] GC(3279) Concurrent Rebuild Remembered Sets 2097.564ms
[2024-08-15T16:14:05.845+0000][13541.790s][info][gc,start    ] GC(3279) Pause Cleanup
[2024-08-15T16:14:05.846+0000][13541.790s][info][gc          ] GC(3279) Pause Cleanup 7044M->7044M(12288M) 0.521ms
[2024-08-15T16:14:05.846+0000][13541.790s][info][gc,cpu      ] GC(3279) User=0.00s Sys=0.00s Real=0.00s
[2024-08-15T16:14:05.846+0000][13541.790s][info][gc,marking  ] GC(3279) Concurrent Cleanup for Next Mark
[2024-08-15T16:14:05.863+0000][13541.807s][info][gc,marking  ] GC(3279) Concurrent Cleanup for Next Mark 17.039ms
[2024-08-15T16:14:05.863+0000][13541.807s][info][gc          ] GC(3279) Concurrent Mark Cycle 6297.847ms
[2024-08-15T16:14:07.867+0000][13543.812s][info][gc,start    ] GC(3281) Pause Young (Prepare Mixed) (G1 Evacuation Pause)
[2024-08-15T16:14:07.868+0000][13543.812s][info][gc,task     ] GC(3281) Using 6 workers of 6 for evacuation
[2024-08-15T16:14:07.888+0000][13543.832s][info][gc,phases   ] GC(3281)   Pre Evacuate Collection Set: 0.2ms
[2024-08-15T16:14:07.888+0000][13543.832s][info][gc,phases   ] GC(3281)   Merge Heap Roots: 0.3ms
[2024-08-15T16:14:07.888+0000][13543.832s][info][gc,phases   ] GC(3281)   Evacuate Collection Set: 17.9ms
[2024-08-15T16:14:07.888+0000][13543.832s][info][gc,phases   ] GC(3281)   Post Evacuate Collection Set: 1.7ms
[2024-08-15T16:14:07.888+0000][13543.832s][info][gc,phases   ] GC(3281)   Other: 0.2ms
[2024-08-15T16:14:07.888+0000][13543.832s][info][gc,heap     ] GC(3281) Eden regions: 671->0(67)
[2024-08-15T16:14:07.888+0000][13543.832s][info][gc,heap     ] GC(3281) Survivor regions: 8->9(85)
[2024-08-15T16:14:07.888+0000][13543.832s][info][gc,heap     ] GC(3281) Old regions: 532->532
[2024-08-15T16:14:07.888+0000][13543.832s][info][gc,heap     ] GC(3281) Archive regions: 2->2
[2024-08-15T16:14:07.888+0000][13543.832s][info][gc,heap     ] GC(3281) Humongous regions: 5->5
[2024-08-15T16:14:07.888+0000][13543.832s][info][gc,metaspace] GC(3281) Metaspace: 442502K(448832K)->442502K(448832K) NonClass: 387609K(391104K)->387609K(391104K) Class: 54893K(57728K)->54893K(57728K)
[2024-08-15T16:14:07.888+0000][13543.832s][info][gc          ] GC(3281) Pause Young (Prepare Mixed) (G1 Evacuation Pause) 9724M->4364M(12288M) 20.307ms
[2024-08-15T16:14:07.888+0000][13543.832s][info][gc,cpu      ] GC(3281) User=0.12s Sys=0.00s Real=0.02s
[2024-08-15T16:14:08.310+0000][13544.255s][info][gc,start    ] GC(3282) Pause Young (Mixed) (G1 Evacuation Pause)
[2024-08-15T16:14:08.310+0000][13544.255s][info][gc,task     ] GC(3282) Using 6 workers of 6 for evacuation
[2024-08-15T16:14:08.373+0000][13544.318s][info][gc,phases   ] GC(3282)   Pre Evacuate Collection Set: 0.2ms
[2024-08-15T16:14:08.373+0000][13544.318s][info][gc,phases   ] GC(3282)   Merge Heap Roots: 0.5ms
[2024-08-15T16:14:08.373+0000][13544.318s][info][gc,phases   ] GC(3282)   Evacuate Collection Set: 61.3ms
[2024-08-15T16:14:08.373+0000][13544.318s][info][gc,phases   ] GC(3282)   Post Evacuate Collection Set: 1.2ms
[2024-08-15T16:14:08.373+0000][13544.318s][info][gc,phases   ] GC(3282)   Other: 0.2ms
[2024-08-15T16:14:08.373+0000][13544.318s][info][gc,heap     ] GC(3282) Eden regions: 67->0(673)
[2024-08-15T16:14:08.373+0000][13544.318s][info][gc,heap     ] GC(3282) Survivor regions: 9->7(10)
[2024-08-15T16:14:08.373+0000][13544.318s][info][gc,heap     ] GC(3282) Old regions: 532->531
[2024-08-15T16:14:08.373+0000][13544.318s][info][gc,heap     ] GC(3282) Archive regions: 2->2
[2024-08-15T16:14:08.373+0000][13544.318s][info][gc,heap     ] GC(3282) Humongous regions: 5->5
[2024-08-15T16:14:08.373+0000][13544.318s][info][gc,metaspace] GC(3282) Metaspace: 442502K(448832K)->442502K(448832K) NonClass: 387609K(391104K)->387609K(391104K) Class: 54893K(57728K)->54893K(57728K)
[2024-08-15T16:14:08.373+0000][13544.318s][info][gc          ] GC(3282) Pause Young (Mixed) (G1 Evacuation Pause) 4900M->4335M(12288M) 63.406ms
[2024-08-15T16:14:08.374+0000][13544.318s][info][gc,cpu      ] GC(3282) User=0.37s Sys=0.01s Real=0.06s
[2024-08-15T16:14:12.139+0000][13548.084s][info][gc,start    ] GC(3283) Pause Young (Normal) (G1 Evacuation Pause)
[2024-08-15T16:14:12.139+0000][13548.084s][info][gc,task     ] GC(3283) Using 6 workers of 6 for evacuation
[2024-08-15T16:14:12.152+0000][13548.097s][info][gc,phases   ] GC(3283)   Pre Evacuate Collection Set: 0.2ms
[2024-08-15T16:14:12.152+0000][13548.097s][info][gc,phases   ] GC(3283)   Merge Heap Roots: 0.2ms
[2024-08-15T16:14:12.152+0000][13548.097s][info][gc,phases   ] GC(3283)   Evacuate Collection Set: 10.8ms
[2024-08-15T16:14:12.152+0000][13548.097s][info][gc,phases   ] GC(3283)   Post Evacuate Collection Set: 1.6ms
[2024-08-15T16:14:12.152+0000][13548.097s][info][gc,phases   ] GC(3283)   Other: 0.2ms
[2024-08-15T16:14:12.152+0000][13548.097s][info][gc,heap     ] GC(3283) Eden regions: 673->0(673)
[2024-08-15T16:14:12.152+0000][13548.097s][info][gc,heap     ] GC(3283) Survivor regions: 7->7(85)
[2024-08-15T16:14:12.152+0000][13548.097s][info][gc,heap     ] GC(3283) Old regions: 531->531
[2024-08-15T16:14:12.152+0000][13548.097s][info][gc,heap     ] GC(3283) Archive regions: 2->2
[2024-08-15T16:14:12.152+0000][13548.097s][info][gc,heap     ] GC(3283) Humongous regions: 5->5
[2024-08-15T16:14:12.152+0000][13548.097s][info][gc,metaspace] GC(3283) Metaspace: 442502K(448832K)->442502K(448832K) NonClass: 387609K(391104K)->387609K(391104K) Class: 54893K(57728K)->54893K(57728K)
[2024-08-15T16:14:12.152+0000][13548.097s][info][gc          ] GC(3283) Pause Young (Normal) (G1 Evacuation Pause) 9719M->4338M(12288M) 13.093ms
[2024-08-15T16:14:12.152+0000][13548.097s][info][gc,cpu      ] GC(3283) User=0.07s Sys=0.00s Real=0.01s
[2024-08-15T16:14:16.070+0000][13552.014s][info][gc,start    ] GC(3284) Pause Young (Normal) (G1 Evacuation Pause)
[2024-08-15T16:14:16.070+0000][13552.014s][info][gc,task     ] GC(3284) Using 6 workers of 6 for evacuation
[2024-08-15T16:14:16.086+0000][13552.031s][info][gc,phases   ] GC(3284)   Pre Evacuate Collection Set: 0.2ms
[2024-08-15T16:14:16.086+0000][13552.031s][info][gc,phases   ] GC(3284)   Merge Heap Roots: 0.2ms
[2024-08-15T16:14:16.086+0000][13552.031s][info][gc,phases   ] GC(3284)   Evacuate Collection Set: 14.0ms
[2024-08-15T16:14:16.086+0000][13552.031s][info][gc,phases   ] GC(3284)   Post Evacuate Collection Set: 1.7ms
[2024-08-15T16:14:16.086+0000][13552.031s][info][gc,phases   ] GC(3284)   Other: 0.2ms
[2024-08-15T16:14:16.086+0000][13552.031s][info][gc,heap     ] GC(3284) Eden regions: 673->0(672)
[2024-08-15T16:14:16.086+0000][13552.031s][info][gc,heap     ] GC(3284) Survivor regions: 7->8(85)
[2024-08-15T16:14:16.086+0000][13552.031s][info][gc,heap     ] GC(3284) Old regions: 531->531
[2024-08-15T16:14:16.086+0000][13552.031s][info][gc,heap     ] GC(3284) Archive regions: 2->2
[2024-08-15T16:14:16.086+0000][13552.031s][info][gc,heap     ] GC(3284) Humongous regions: 5->5
[2024-08-15T16:14:16.086+0000][13552.031s][info][gc,metaspace] GC(3284) Metaspace: 442502K(448832K)->442502K(448832K) NonClass: 387609K(391104K)->387609K(391104K) Class: 54893K(57728K)->54893K(57728K)
[2024-08-15T16:14:16.086+0000][13552.031s][info][gc          ] GC(3284) Pause Young (Normal) (G1 Evacuation Pause) 9722M->4348M(12288M) 16.422ms
[2024-08-15T16:14:16.086+0000][13552.031s][info][gc,cpu      ] GC(3284) User=0.09s Sys=0.00s Real=0.02s
[2024-08-15T16:14:19.909+0000][13555.853s][info][gc,start    ] GC(3285) Pause Young (Concurrent Start) (G1 Evacuation Pause)
[2024-08-15T16:14:19.909+0000][13555.853s][info][gc,task     ] GC(3285) Using 6 workers of 6 for evacuation
[2024-08-15T16:14:19.926+0000][13555.870s][info][gc,phases   ] GC(3285)   Pre Evacuate Collection Set: 0.6ms
[2024-08-15T16:14:19.926+0000][13555.871s][info][gc,phases   ] GC(3285)   Merge Heap Roots: 0.2ms
[2024-08-15T16:14:19.926+0000][13555.871s][info][gc,phases   ] GC(3285)   Evacuate Collection Set: 14.6ms
[2024-08-15T16:14:19.926+0000][13555.871s][info][gc,phases   ] GC(3285)   Post Evacuate Collection Set: 1.6ms
[2024-08-15T16:14:19.926+0000][13555.871s][info][gc,phases   ] GC(3285)   Other: 0.3ms
[2024-08-15T16:14:19.926+0000][13555.871s][info][gc,heap     ] GC(3285) Eden regions: 672->0(670)
[2024-08-15T16:14:19.926+0000][13555.871s][info][gc,heap     ] GC(3285) Survivor regions: 8->9(85)
[2024-08-15T16:14:19.926+0000][13555.871s][info][gc,heap     ] GC(3285) Old regions: 531->531
[2024-08-15T16:14:19.926+0000][13555.871s][info][gc,heap     ] GC(3285) Archive regions: 2->2
[2024-08-15T16:14:19.926+0000][13555.871s][info][gc,heap     ] GC(3285) Humongous regions: 5->5
[2024-08-15T16:14:19.926+0000][13555.871s][info][gc,metaspace] GC(3285) Metaspace: 442502K(448832K)->442502K(448832K) NonClass: 387609K(391104K)->387609K(391104K) Class: 54893K(57728K)->54893K(57728K)
[2024-08-15T16:14:19.926+0000][13555.871s][info][gc          ] GC(3285) Pause Young (Concurrent Start) (G1 Evacuation Pause) 9724M->4351M(12288M) 17.361ms
[2024-08-15T16:14:19.926+0000][13555.871s][info][gc,cpu      ] GC(3285) User=0.10s Sys=0.00s Real=0.02s
[2024-08-15T16:14:19.926+0000][13555.871s][info][gc          ] GC(3286) Concurrent Mark Cycle
[2024-08-15T16:14:19.926+0000][13555.871s][info][gc,marking  ] GC(3286) Concurrent Clear Claimed Marks
[2024-08-15T16:14:19.927+0000][13555.871s][info][gc,marking  ] GC(3286) Concurrent Clear Claimed Marks 0.418ms
[2024-08-15T16:14:19.927+0000][13555.871s][info][gc,marking  ] GC(3286) Concurrent Scan Root Regions
[2024-08-15T16:14:19.945+0000][13555.889s][info][gc,marking  ] GC(3286) Concurrent Scan Root Regions 18.258ms
[2024-08-15T16:14:19.945+0000][13555.889s][info][gc,marking  ] GC(3286) Concurrent Mark
[2024-08-15T16:14:19.945+0000][13555.889s][info][gc,marking  ] GC(3286) Concurrent Mark From Roots
[2024-08-15T16:14:19.945+0000][13555.889s][info][gc,task     ] GC(3286) Using 2 workers of 2 for marking
[2024-08-15T16:14:23.317+0000][13559.262s][info][gc,marking  ] GC(3286) Concurrent Mark From Roots 3372.615ms
[2024-08-15T16:14:23.317+0000][13559.262s][info][gc,marking  ] GC(3286) Concurrent Preclean
[2024-08-15T16:14:23.319+0000][13559.264s][info][gc,marking  ] GC(3286) Concurrent Preclean 1.764ms
[2024-08-15T16:14:23.319+0000][13559.264s][info][gc,start    ] GC(3286) Pause Remark
[2024-08-15T16:14:23.343+0000][13559.288s][info][gc          ] GC(3286) Pause Remark 8527M->8527M(12288M) 23.455ms
[2024-08-15T16:14:23.343+0000][13559.288s][info][gc,cpu      ] GC(3286) User=0.10s Sys=0.00s Real=0.02s
[2024-08-15T16:14:23.343+0000][13559.288s][info][gc,marking  ] GC(3286) Concurrent Mark 3398.243ms
[2024-08-15T16:14:23.343+0000][13559.288s][info][gc,marking  ] GC(3286) Concurrent Rebuild Remembered Sets
[2024-08-15T16:14:24.272+0000][13560.217s][info][gc,start    ] GC(3287) Pause Young (Normal) (G1 Evacuation Pause)
[2024-08-15T16:14:24.272+0000][13560.217s][info][gc,task     ] GC(3287) Using 6 workers of 6 for evacuation
[2024-08-15T16:14:24.291+0000][13560.236s][info][gc,phases   ] GC(3287)   Pre Evacuate Collection Set: 0.2ms
[2024-08-15T16:14:24.291+0000][13560.236s][info][gc,phases   ] GC(3287)   Merge Heap Roots: 0.3ms
[2024-08-15T16:14:24.291+0000][13560.236s][info][gc,phases   ] GC(3287)   Evacuate Collection Set: 16.8ms
[2024-08-15T16:14:24.291+0000][13560.236s][info][gc,phases   ] GC(3287)   Post Evacuate Collection Set: 1.6ms
[2024-08-15T16:14:24.291+0000][13560.236s][info][gc,phases   ] GC(3287)   Other: 0.2ms
[2024-08-15T16:14:24.291+0000][13560.236s][info][gc,heap     ] GC(3287) Eden regions: 670->0(668)
[2024-08-15T16:14:24.291+0000][13560.236s][info][gc,heap     ] GC(3287) Survivor regions: 9->11(85)
[2024-08-15T16:14:24.291+0000][13560.236s][info][gc,heap     ] GC(3287) Old regions: 531->531
[2024-08-15T16:14:24.291+0000][13560.236s][info][gc,heap     ] GC(3287) Archive regions: 2->2
[2024-08-15T16:14:24.291+0000][13560.236s][info][gc,heap     ] GC(3287) Humongous regions: 5->5
[2024-08-15T16:14:24.291+0000][13560.236s][info][gc,metaspace] GC(3287) Metaspace: 442502K(448832K)->442502K(448832K) NonClass: 387609K(391104K)->387609K(391104K) Class: 54893K(57728K)->54893K(57728K)
[2024-08-15T16:14:24.291+0000][13560.236s][info][gc          ] GC(3287) Pause Young (Normal) (G1 Evacuation Pause) 9711M->4367M(12288M) 19.178ms
[2024-08-15T16:14:24.291+0000][13560.236s][info][gc,cpu      ] GC(3287) User=0.11s Sys=0.00s Real=0.02s
[2024-08-15T16:14:25.417+0000][13561.362s][info][gc,marking  ] GC(3286) Concurrent Rebuild Remembered Sets 2073.898ms
[2024-08-15T16:14:25.417+0000][13561.362s][info][gc,start    ] GC(3286) Pause Cleanup
[2024-08-15T16:14:25.418+0000][13561.362s][info][gc          ] GC(3286) Pause Cleanup 5815M->5815M(12288M) 0.524ms
[2024-08-15T16:14:25.418+0000][13561.362s][info][gc,cpu      ] GC(3286) User=0.00s Sys=0.00s Real=0.00s
[2024-08-15T16:14:25.418+0000][13561.362s][info][gc,marking  ] GC(3286) Concurrent Cleanup for Next Mark
[2024-08-15T16:14:25.435+0000][13561.379s][info][gc,marking  ] GC(3286) Concurrent Cleanup for Next Mark 16.779ms
[2024-08-15T16:14:25.435+0000][13561.379s][info][gc          ] GC(3286) Concurrent Mark Cycle 5508.537ms
[2024-08-15T16:14:28.293+0000][13564.238s][info][gc,start    ] GC(3288) Pause Young (Prepare Mixed) (G1 Evacuation Pause)
[2024-08-15T16:14:28.293+0000][13564.238s][info][gc,task     ] GC(3288) Using 6 workers of 6 for evacuation
[2024-08-15T16:14:28.315+0000][13564.259s][info][gc,phases   ] GC(3288)   Pre Evacuate Collection Set: 0.2ms
[2024-08-15T16:14:28.315+0000][13564.259s][info][gc,phases   ] GC(3288)   Merge Heap Roots: 0.3ms
[2024-08-15T16:14:28.315+0000][13564.259s][info][gc,phases   ] GC(3288)   Evacuate Collection Set: 19.0ms
[2024-08-15T16:14:28.315+0000][13564.259s][info][gc,phases   ] GC(3288)   Post Evacuate Collection Set: 1.7ms
[2024-08-15T16:14:28.315+0000][13564.259s][info][gc,phases   ] GC(3288)   Other: 0.2ms
[2024-08-15T16:14:28.315+0000][13564.259s][info][gc,heap     ] GC(3288) Eden regions: 668->0(65)
[2024-08-15T16:14:28.315+0000][13564.259s][info][gc,heap     ] GC(3288) Survivor regions: 11->11(85)
[2024-08-15T16:14:28.315+0000][13564.259s][info][gc,heap     ] GC(3288) Old regions: 531->531
[2024-08-15T16:14:28.315+0000][13564.259s][info][gc,heap     ] GC(3288) Archive regions: 2->2
[2024-08-15T16:14:28.315+0000][13564.259s][info][gc,heap     ] GC(3288) Humongous regions: 5->5
[2024-08-15T16:14:28.315+0000][13564.259s][info][gc,metaspace] GC(3288) Metaspace: 442502K(448832K)->442502K(448832K) NonClass: 387609K(391104K)->387609K(391104K) Class: 54893K(57728K)->54893K(57728K)
[2024-08-15T16:14:28.315+0000][13564.259s][info][gc          ] GC(3288) Pause Young (Prepare Mixed) (G1 Evacuation Pause) 9711M->4373M(12288M) 21.484ms
[2024-08-15T16:14:28.315+0000][13564.259s][info][gc,cpu      ] GC(3288) User=0.13s Sys=0.00s Real=0.02s
[2024-08-15T16:14:28.704+0000][13564.649s][info][gc,start    ] GC(3289) Pause Young (Mixed) (G1 Evacuation Pause)
[2024-08-15T16:14:28.704+0000][13564.649s][info][gc,task     ] GC(3289) Using 6 workers of 6 for evacuation
[2024-08-15T16:14:28.766+0000][13564.710s][info][gc,phases   ] GC(3289)   Pre Evacuate Collection Set: 0.2ms
[2024-08-15T16:14:28.766+0000][13564.711s][info][gc,phases   ] GC(3289)   Merge Heap Roots: 0.4ms
[2024-08-15T16:14:28.766+0000][13564.711s][info][gc,phases   ] GC(3289)   Evacuate Collection Set: 59.5ms
[2024-08-15T16:14:28.766+0000][13564.711s][info][gc,phases   ] GC(3289)   Post Evacuate Collection Set: 1.3ms
[2024-08-15T16:14:28.766+0000][13564.711s][info][gc,phases   ] GC(3289)   Other: 0.2ms
[2024-08-15T16:14:28.766+0000][13564.711s][info][gc,heap     ] GC(3289) Eden regions: 65->0(673)
[2024-08-15T16:14:28.766+0000][13564.711s][info][gc,heap     ] GC(3289) Survivor regions: 11->6(10)
[2024-08-15T16:14:28.766+0000][13564.711s][info][gc,heap     ] GC(3289) Old regions: 531->531
[2024-08-15T16:14:28.766+0000][13564.711s][info][gc,heap     ] GC(3289) Archive regions: 2->2
[2024-08-15T16:14:28.766+0000][13564.711s][info][gc,heap     ] GC(3289) Humongous regions: 5->5
[2024-08-15T16:14:28.766+0000][13564.711s][info][gc,metaspace] GC(3289) Metaspace: 442502K(448832K)->442502K(448832K) NonClass: 387609K(391104K)->387609K(391104K) Class: 54893K(57728K)->54893K(57728K)
[2024-08-15T16:14:28.766+0000][13564.711s][info][gc          ] GC(3289) Pause Young (Mixed) (G1 Evacuation Pause) 4893M->4337M(12288M) 61.658ms
[2024-08-15T16:14:28.766+0000][13564.711s][info][gc,cpu      ] GC(3289) User=0.34s Sys=0.02s Real=0.06s
[2024-08-15T16:14:32.704+0000][13568.649s][info][gc,start    ] GC(3290) Pause Young (Normal) (G1 Evacuation Pause)
[2024-08-15T16:14:32.704+0000][13568.649s][info][gc,task     ] GC(3290) Using 6 workers of 6 for evacuation
[2024-08-15T16:14:32.717+0000][13568.661s][info][gc,phases   ] GC(3290)   Pre Evacuate Collection Set: 0.2ms
[2024-08-15T16:14:32.717+0000][13568.661s][info][gc,phases   ] GC(3290)   Merge Heap Roots: 0.2ms
[2024-08-15T16:14:32.717+0000][13568.661s][info][gc,phases   ] GC(3290)   Evacuate Collection Set: 10.5ms
[2024-08-15T16:14:32.717+0000][13568.661s][info][gc,phases   ] GC(3290)   Post Evacuate Collection Set: 1.7ms
[2024-08-15T16:14:32.717+0000][13568.661s][info][gc,phases   ] GC(3290)   Other: 0.2ms
[2024-08-15T16:14:32.717+0000][13568.661s][info][gc,heap     ] GC(3290) Eden regions: 673->0(672)
[2024-08-15T16:14:32.717+0000][13568.661s][info][gc,heap     ] GC(3290) Survivor regions: 6->7(85)
[2024-08-15T16:14:32.717+0000][13568.661s][info][gc,heap     ] GC(3290) Old regions: 531->531
[2024-08-15T16:14:32.717+0000][13568.661s][info][gc,heap     ] GC(3290) Archive regions: 2->2
[2024-08-15T16:14:32.717+0000][13568.661s][info][gc,heap     ] GC(3290) Humongous regions: 5->5
[2024-08-15T16:14:32.717+0000][13568.661s][info][gc,metaspace] GC(3290) Metaspace: 442502K(448832K)->442502K(448832K) NonClass: 387609K(391104K)->387609K(391104K) Class: 54893K(57728K)->54893K(57728K)
[2024-08-15T16:14:32.717+0000][13568.661s][info][gc          ] GC(3290) Pause Young (Normal) (G1 Evacuation Pause) 9721M->4342M(12288M) 12.856ms
[2024-08-15T16:14:32.717+0000][13568.661s][info][gc,cpu      ] GC(3290) User=0.08s Sys=0.00s Real=0.01s
[2024-08-15T16:14:36.590+0000][13572.534s][info][gc,start    ] GC(3291) Pause Young (Normal) (G1 Evacuation Pause)
[2024-08-15T16:14:36.590+0000][13572.534s][info][gc,task     ] GC(3291) Using 6 workers of 6 for evacuation
[2024-08-15T16:14:36.605+0000][13572.550s][info][gc,phases   ] GC(3291)   Pre Evacuate Collection Set: 0.2ms
[2024-08-15T16:14:36.605+0000][13572.550s][info][gc,phases   ] GC(3291)   Merge Heap Roots: 0.2ms
[2024-08-15T16:14:36.605+0000][13572.550s][info][gc,phases   ] GC(3291)   Evacuate Collection Set: 13.1ms
[2024-08-15T16:14:36.605+0000][13572.550s][info][gc,phases   ] GC(3291)   Post Evacuate Collection Set: 1.7ms
[2024-08-15T16:14:36.605+0000][13572.550s][info][gc,phases   ] GC(3291)   Other: 0.2ms
[2024-08-15T16:14:36.605+0000][13572.550s][info][gc,heap     ] GC(3291) Eden regions: 672->0(670)
[2024-08-15T16:14:36.605+0000][13572.550s][info][gc,heap     ] GC(3291) Survivor regions: 7->9(85)
[2024-08-15T16:14:36.605+0000][13572.550s][info][gc,heap     ] GC(3291) Old regions: 531->531
[2024-08-15T16:14:36.605+0000][13572.550s][info][gc,heap     ] GC(3291) Archive regions: 2->2
[2024-08-15T16:14:36.605+0000][13572.550s][info][gc,heap     ] GC(3291) Humongous regions: 5->5
[2024-08-15T16:14:36.605+0000][13572.550s][info][gc,metaspace] GC(3291) Metaspace: 442502K(448832K)->442502K(448832K) NonClass: 387609K(391104K)->387609K(391104K) Class: 54893K(57728K)->54893K(57728K)
[2024-08-15T16:14:36.605+0000][13572.550s][info][gc          ] GC(3291) Pause Young (Normal) (G1 Evacuation Pause) 9718M->4364M(12288M) 15.459ms
[2024-08-15T16:14:36.605+0000][13572.550s][info][gc,cpu      ] GC(3291) User=0.09s Sys=0.00s Real=0.02s
[2024-08-15T16:14:39.716+0000][13575.660s][info][gc,start    ] GC(3292) Pause Young (Concurrent Start) (G1 Evacuation Pause)
[2024-08-15T16:14:39.716+0000][13575.661s][info][gc,task     ] GC(3292) Using 6 workers of 6 for evacuation
[2024-08-15T16:14:39.731+0000][13575.676s][info][gc,phases   ] GC(3292)   Pre Evacuate Collection Set: 0.5ms
[2024-08-15T16:14:39.731+0000][13575.676s][info][gc,phases   ] GC(3292)   Merge Heap Roots: 0.2ms
[2024-08-15T16:14:39.731+0000][13575.676s][info][gc,phases   ] GC(3292)   Evacuate Collection Set: 12.8ms
[2024-08-15T16:14:39.731+0000][13575.676s][info][gc,phases   ] GC(3292)   Post Evacuate Collection Set: 1.7ms
[2024-08-15T16:14:39.731+0000][13575.676s][info][gc,phases   ] GC(3292)   Other: 0.3ms
[2024-08-15T16:14:39.731+0000][13575.676s][info][gc,heap     ] GC(3292) Eden regions: 670->0(671)
[2024-08-15T16:14:39.731+0000][13575.676s][info][gc,heap     ] GC(3292) Survivor regions: 9->8(85)
[2024-08-15T16:14:39.731+0000][13575.676s][info][gc,heap     ] GC(3292) Old regions: 531->531
[2024-08-15T16:14:39.731+0000][13575.676s][info][gc,heap     ] GC(3292) Archive regions: 2->2
[2024-08-15T16:14:39.731+0000][13575.676s][info][gc,heap     ] GC(3292) Humongous regions: 5->5
[2024-08-15T16:14:39.731+0000][13575.676s][info][gc,metaspace] GC(3292) Metaspace: 442502K(448832K)->442502K(448832K) NonClass: 387609K(391104K)->387609K(391104K) Class: 54893K(57728K)->54893K(57728K)
[2024-08-15T16:14:39.731+0000][13575.676s][info][gc          ] GC(3292) Pause Young (Concurrent Start) (G1 Evacuation Pause) 9724M->4352M(12288M) 15.575ms
[2024-08-15T16:14:39.732+0000][13575.676s][info][gc,cpu      ] GC(3292) User=0.09s Sys=0.00s Real=0.01s
[2024-08-15T16:14:39.732+0000][13575.676s][info][gc          ] GC(3293) Concurrent Mark Cycle
[2024-08-15T16:14:39.732+0000][13575.676s][info][gc,marking  ] GC(3293) Concurrent Clear Claimed Marks
[2024-08-15T16:14:39.732+0000][13575.677s][info][gc,marking  ] GC(3293) Concurrent Clear Claimed Marks 0.323ms
[2024-08-15T16:14:39.732+0000][13575.677s][info][gc,marking  ] GC(3293) Concurrent Scan Root Regions
[2024-08-15T16:14:39.745+0000][13575.689s][info][gc,marking  ] GC(3293) Concurrent Scan Root Regions 12.925ms
[2024-08-15T16:14:39.745+0000][13575.689s][info][gc,marking  ] GC(3293) Concurrent Mark
[2024-08-15T16:14:39.745+0000][13575.689s][info][gc,marking  ] GC(3293) Concurrent Mark From Roots
[2024-08-15T16:14:39.745+0000][13575.689s][info][gc,task     ] GC(3293) Using 2 workers of 2 for marking
[2024-08-15T16:14:42.896+0000][13578.840s][info][gc,start    ] GC(3294) Pause Young (Normal) (G1 Evacuation Pause)
[2024-08-15T16:14:42.896+0000][13578.840s][info][gc,task     ] GC(3294) Using 6 workers of 6 for evacuation
[2024-08-15T16:14:42.913+0000][13578.858s][info][gc,phases   ] GC(3294)   Pre Evacuate Collection Set: 0.2ms
[2024-08-15T16:14:42.913+0000][13578.858s][info][gc,phases   ] GC(3294)   Merge Heap Roots: 0.3ms
[2024-08-15T16:14:42.913+0000][13578.858s][info][gc,phases   ] GC(3294)   Evacuate Collection Set: 15.0ms
[2024-08-15T16:14:42.913+0000][13578.858s][info][gc,phases   ] GC(3294)   Post Evacuate Collection Set: 1.7ms
[2024-08-15T16:14:42.913+0000][13578.858s][info][gc,phases   ] GC(3294)   Other: 0.2ms
[2024-08-15T16:14:42.913+0000][13578.858s][info][gc,heap     ] GC(3294) Eden regions: 671->0(671)
[2024-08-15T16:14:42.913+0000][13578.858s][info][gc,heap     ] GC(3294) Survivor regions: 8->9(85)
[2024-08-15T16:14:42.913+0000][13578.858s][info][gc,heap     ] GC(3294) Old regions: 531->531
[2024-08-15T16:14:42.913+0000][13578.858s][info][gc,heap     ] GC(3294) Archive regions: 2->2
[2024-08-15T16:14:42.913+0000][13578.858s][info][gc,heap     ] GC(3294) Humongous regions: 5->5
[2024-08-15T16:14:42.913+0000][13578.858s][info][gc,metaspace] GC(3294) Metaspace: 442502K(448832K)->442502K(448832K) NonClass: 387609K(391104K)->387609K(391104K) Class: 54893K(57728K)->54893K(57728K)
[2024-08-15T16:14:42.913+0000][13578.858s][info][gc          ] GC(3294) Pause Young (Normal) (G1 Evacuation Pause) 9720M->4364M(12288M) 17.362ms
[2024-08-15T16:14:42.913+0000][13578.858s][info][gc,cpu      ] GC(3294) User=0.10s Sys=0.00s Real=0.01s
[2024-08-15T16:14:43.267+0000][13579.212s][info][gc,marking  ] GC(3293) Concurrent Mark From Roots 3522.534ms
[2024-08-15T16:14:43.267+0000][13579.212s][info][gc,marking  ] GC(3293) Concurrent Preclean
[2024-08-15T16:14:43.269+0000][13579.214s][info][gc,marking  ] GC(3293) Concurrent Preclean 1.880ms
[2024-08-15T16:14:43.269+0000][13579.214s][info][gc,start    ] GC(3293) Pause Remark
[2024-08-15T16:14:43.293+0000][13579.237s][info][gc          ] GC(3293) Pause Remark 5104M->5104M(12288M) 23.350ms
[2024-08-15T16:14:43.293+0000][13579.238s][info][gc,cpu      ] GC(3293) User=0.10s Sys=0.00s Real=0.02s
[2024-08-15T16:14:43.293+0000][13579.238s][info][gc,marking  ] GC(3293) Concurrent Mark 3548.183ms
[2024-08-15T16:14:43.293+0000][13579.238s][info][gc,marking  ] GC(3293) Concurrent Rebuild Remembered Sets
[2024-08-15T16:14:45.429+0000][13581.374s][info][gc,marking  ] GC(3293) Concurrent Rebuild Remembered Sets 2136.091ms
[2024-08-15T16:14:45.429+0000][13581.374s][info][gc,start    ] GC(3293) Pause Cleanup
[2024-08-15T16:14:45.430+0000][13581.375s][info][gc          ] GC(3293) Pause Cleanup 7716M->7716M(12288M) 0.556ms
[2024-08-15T16:14:45.430+0000][13581.375s][info][gc,cpu      ] GC(3293) User=0.00s Sys=0.00s Real=0.00s
[2024-08-15T16:14:45.430+0000][13581.375s][info][gc,marking  ] GC(3293) Concurrent Cleanup for Next Mark
[2024-08-15T16:14:45.447+0000][13581.391s][info][gc,marking  ] GC(3293) Concurrent Cleanup for Next Mark 16.623ms
[2024-08-15T16:14:45.447+0000][13581.391s][info][gc          ] GC(3293) Concurrent Mark Cycle 5715.251ms
[2024-08-15T16:14:46.915+0000][13582.860s][info][gc,start    ] GC(3295) Pause Young (Prepare Mixed) (G1 Evacuation Pause)
[2024-08-15T16:14:46.915+0000][13582.860s][info][gc,task     ] GC(3295) Using 6 workers of 6 for evacuation
[2024-08-15T16:14:46.935+0000][13582.879s][info][gc,phases   ] GC(3295)   Pre Evacuate Collection Set: 0.2ms
[2024-08-15T16:14:46.935+0000][13582.879s][info][gc,phases   ] GC(3295)   Merge Heap Roots: 0.3ms
[2024-08-15T16:14:46.935+0000][13582.879s][info][gc,phases   ] GC(3295)   Evacuate Collection Set: 16.7ms
[2024-08-15T16:14:46.935+0000][13582.879s][info][gc,phases   ] GC(3295)   Post Evacuate Collection Set: 1.7ms
[2024-08-15T16:14:46.935+0000][13582.879s][info][gc,phases   ] GC(3295)   Other: 0.2ms
[2024-08-15T16:14:46.935+0000][13582.879s][info][gc,heap     ] GC(3295) Eden regions: 671->0(67)
[2024-08-15T16:14:46.935+0000][13582.879s][info][gc,heap     ] GC(3295) Survivor regions: 9->9(85)
[2024-08-15T16:14:46.935+0000][13582.879s][info][gc,heap     ] GC(3295) Old regions: 531->531
[2024-08-15T16:14:46.935+0000][13582.879s][info][gc,heap     ] GC(3295) Archive regions: 2->2
[2024-08-15T16:14:46.935+0000][13582.879s][info][gc,heap     ] GC(3295) Humongous regions: 5->5
[2024-08-15T16:14:46.935+0000][13582.879s][info][gc,metaspace] GC(3295) Metaspace: 442502K(448832K)->442502K(448832K) NonClass: 387609K(391104K)->387609K(391104K) Class: 54893K(57728K)->54893K(57728K)
[2024-08-15T16:14:46.935+0000][13582.879s][info][gc          ] GC(3295) Pause Young (Prepare Mixed) (G1 Evacuation Pause) 9732M->4363M(12288M) 19.190ms
[2024-08-15T16:14:46.935+0000][13582.879s][info][gc,cpu      ] GC(3295) User=0.11s Sys=0.00s Real=0.01s
[2024-08-15T16:14:47.337+0000][13583.281s][info][gc,start    ] GC(3296) Pause Young (Mixed) (G1 Evacuation Pause)
[2024-08-15T16:14:47.337+0000][13583.281s][info][gc,task     ] GC(3296) Using 6 workers of 6 for evacuation
[2024-08-15T16:14:47.398+0000][13583.343s][info][gc,phases   ] GC(3296)   Pre Evacuate Collection Set: 0.2ms
[2024-08-15T16:14:47.398+0000][13583.343s][info][gc,phases   ] GC(3296)   Merge Heap Roots: 0.5ms
[2024-08-15T16:14:47.398+0000][13583.343s][info][gc,phases   ] GC(3296)   Evacuate Collection Set: 59.6ms
[2024-08-15T16:14:47.398+0000][13583.343s][info][gc,phases   ] GC(3296)   Post Evacuate Collection Set: 1.2ms
[2024-08-15T16:14:47.398+0000][13583.343s][info][gc,phases   ] GC(3296)   Other: 0.2ms
[2024-08-15T16:14:47.398+0000][13583.343s][info][gc,heap     ] GC(3296) Eden regions: 67->0(674)
[2024-08-15T16:14:47.398+0000][13583.343s][info][gc,heap     ] GC(3296) Survivor regions: 9->6(10)
[2024-08-15T16:14:47.398+0000][13583.343s][info][gc,heap     ] GC(3296) Old regions: 531->531
[2024-08-15T16:14:47.398+0000][13583.343s][info][gc,heap     ] GC(3296) Archive regions: 2->2
[2024-08-15T16:14:47.398+0000][13583.343s][info][gc,heap     ] GC(3296) Humongous regions: 5->5
[2024-08-15T16:14:47.398+0000][13583.343s][info][gc,metaspace] GC(3296) Metaspace: 442502K(448832K)->442502K(448832K) NonClass: 387609K(391104K)->387609K(391104K) Class: 54893K(57728K)->54893K(57728K)
[2024-08-15T16:14:47.398+0000][13583.343s][info][gc          ] GC(3296) Pause Young (Mixed) (G1 Evacuation Pause) 4899M->4330M(12288M) 61.735ms
[2024-08-15T16:14:47.398+0000][13583.343s][info][gc,cpu      ] GC(3296) User=0.36s Sys=0.01s Real=0.06s
[2024-08-15T16:14:51.437+0000][13587.381s][info][gc,start    ] GC(3297) Pause Young (Normal) (G1 Evacuation Pause)
[2024-08-15T16:14:51.437+0000][13587.381s][info][gc,task     ] GC(3297) Using 6 workers of 6 for evacuation
[2024-08-15T16:14:51.450+0000][13587.395s][info][gc,phases   ] GC(3297)   Pre Evacuate Collection Set: 0.2ms
[2024-08-15T16:14:51.450+0000][13587.395s][info][gc,phases   ] GC(3297)   Merge Heap Roots: 0.2ms
[2024-08-15T16:14:51.450+0000][13587.395s][info][gc,phases   ] GC(3297)   Evacuate Collection Set: 11.3ms
[2024-08-15T16:14:51.450+0000][13587.395s][info][gc,phases   ] GC(3297)   Post Evacuate Collection Set: 1.7ms
[2024-08-15T16:14:51.450+0000][13587.395s][info][gc,phases   ] GC(3297)   Other: 0.2ms
[2024-08-15T16:14:51.450+0000][13587.395s][info][gc,heap     ] GC(3297) Eden regions: 674->0(674)
[2024-08-15T16:14:51.450+0000][13587.395s][info][gc,heap     ] GC(3297) Survivor regions: 6->6(85)
[2024-08-15T16:14:51.450+0000][13587.395s][info][gc,heap     ] GC(3297) Old regions: 531->531
[2024-08-15T16:14:51.450+0000][13587.395s][info][gc,heap     ] GC(3297) Archive regions: 2->2
[2024-08-15T16:14:51.450+0000][13587.395s][info][gc,heap     ] GC(3297) Humongous regions: 5->5
[2024-08-15T16:14:51.450+0000][13587.395s][info][gc,metaspace] GC(3297) Metaspace: 442502K(448832K)->442502K(448832K) NonClass: 387609K(391104K)->387609K(391104K) Class: 54893K(57728K)->54893K(57728K)
[2024-08-15T16:14:51.450+0000][13587.395s][info][gc          ] GC(3297) Pause Young (Normal) (G1 Evacuation Pause) 9722M->4336M(12288M) 13.663ms
[2024-08-15T16:14:51.451+0000][13587.395s][info][gc,cpu      ] GC(3297) User=0.08s Sys=0.00s Real=0.01s
[2024-08-15T16:14:55.190+0000][13591.135s][info][gc,start    ] GC(3298) Pause Young (Normal) (G1 Evacuation Pause)
[2024-08-15T16:14:55.190+0000][13591.135s][info][gc,task     ] GC(3298) Using 6 workers of 6 for evacuation
[2024-08-15T16:14:55.205+0000][13591.150s][info][gc,phases   ] GC(3298)   Pre Evacuate Collection Set: 0.2ms
[2024-08-15T16:14:55.205+0000][13591.150s][info][gc,phases   ] GC(3298)   Merge Heap Roots: 0.2ms
[2024-08-15T16:14:55.205+0000][13591.150s][info][gc,phases   ] GC(3298)   Evacuate Collection Set: 13.2ms
[2024-08-15T16:14:55.205+0000][13591.150s][info][gc,phases   ] GC(3298)   Post Evacuate Collection Set: 1.7ms
[2024-08-15T16:14:55.205+0000][13591.150s][info][gc,phases   ] GC(3298)   Other: 0.2ms
[2024-08-15T16:14:55.205+0000][13591.150s][info][gc,heap     ] GC(3298) Eden regions: 674->0(672)
[2024-08-15T16:14:55.205+0000][13591.150s][info][gc,heap     ] GC(3298) Survivor regions: 6->8(85)
[2024-08-15T16:14:55.205+0000][13591.150s][info][gc,heap     ] GC(3298) Old regions: 531->531
[2024-08-15T16:14:55.205+0000][13591.150s][info][gc,heap     ] GC(3298) Archive regions: 2->2
[2024-08-15T16:14:55.206+0000][13591.150s][info][gc,heap     ] GC(3298) Humongous regions: 5->5
[2024-08-15T16:14:55.206+0000][13591.150s][info][gc,metaspace] GC(3298) Metaspace: 442502K(448832K)->442502K(448832K) NonClass: 387609K(391104K)->387609K(391104K) Class: 54893K(57728K)->54893K(57728K)
[2024-08-15T16:14:55.206+0000][13591.150s][info][gc          ] GC(3298) Pause Young (Normal) (G1 Evacuation Pause) 9728M->4347M(12288M) 15.613ms
[2024-08-15T16:14:55.206+0000][13591.150s][info][gc,cpu      ] GC(3298) User=0.09s Sys=0.00s Real=0.02s
[2024-08-15T16:14:59.150+0000][13595.095s][info][gc,start    ] GC(3299) Pause Young (Concurrent Start) (G1 Evacuation Pause)
[2024-08-15T16:14:59.150+0000][13595.095s][info][gc,task     ] GC(3299) Using 6 workers of 6 for evacuation
[2024-08-15T16:14:59.166+0000][13595.110s][info][gc,phases   ] GC(3299)   Pre Evacuate Collection Set: 0.5ms
[2024-08-15T16:14:59.166+0000][13595.110s][info][gc,phases   ] GC(3299)   Merge Heap Roots: 0.2ms
[2024-08-15T16:14:59.166+0000][13595.110s][info][gc,phases   ] GC(3299)   Evacuate Collection Set: 12.9ms
[2024-08-15T16:14:59.166+0000][13595.110s][info][gc,phases   ] GC(3299)   Post Evacuate Collection Set: 1.6ms
[2024-08-15T16:14:59.166+0000][13595.110s][info][gc,phases   ] GC(3299)   Other: 0.3ms
[2024-08-15T16:14:59.166+0000][13595.111s][info][gc,heap     ] GC(3299) Eden regions: 672->0(673)
[2024-08-15T16:14:59.166+0000][13595.111s][info][gc,heap     ] GC(3299) Survivor regions: 8->7(85)
[2024-08-15T16:14:59.166+0000][13595.111s][info][gc,heap     ] GC(3299) Old regions: 531->531
[2024-08-15T16:14:59.166+0000][13595.111s][info][gc,heap     ] GC(3299) Archive regions: 2->2
[2024-08-15T16:14:59.166+0000][13595.111s][info][gc,heap     ] GC(3299) Humongous regions: 5->5
[2024-08-15T16:14:59.166+0000][13595.111s][info][gc,metaspace] GC(3299) Metaspace: 442502K(448832K)->442502K(448832K) NonClass: 387609K(391104K)->387609K(391104K) Class: 54893K(57728K)->54893K(57728K)
[2024-08-15T16:14:59.166+0000][13595.111s][info][gc          ] GC(3299) Pause Young (Concurrent Start) (G1 Evacuation Pause) 9723M->4343M(12288M) 15.695ms
[2024-08-15T16:14:59.166+0000][13595.111s][info][gc,cpu      ] GC(3299) User=0.09s Sys=0.00s Real=0.02s
[2024-08-15T16:14:59.166+0000][13595.111s][info][gc          ] GC(3300) Concurrent Mark Cycle
[2024-08-15T16:14:59.166+0000][13595.111s][info][gc,marking  ] GC(3300) Concurrent Clear Claimed Marks
[2024-08-15T16:14:59.166+0000][13595.111s][info][gc,marking  ] GC(3300) Concurrent Clear Claimed Marks 0.367ms
[2024-08-15T16:14:59.166+0000][13595.111s][info][gc,marking  ] GC(3300) Concurrent Scan Root Regions
[2024-08-15T16:14:59.182+0000][13595.126s][info][gc,marking  ] GC(3300) Concurrent Scan Root Regions 15.093ms
[2024-08-15T16:14:59.182+0000][13595.126s][info][gc,marking  ] GC(3300) Concurrent Mark
[2024-08-15T16:14:59.182+0000][13595.126s][info][gc,marking  ] GC(3300) Concurrent Mark From Roots
[2024-08-15T16:14:59.182+0000][13595.126s][info][gc,task     ] GC(3300) Using 2 workers of 2 for marking
[2024-08-15T16:15:03.391+0000][13599.336s][info][gc,marking  ] GC(3300) Concurrent Mark From Roots 4209.689ms
[2024-08-15T16:15:03.391+0000][13599.336s][info][gc,marking  ] GC(3300) Concurrent Preclean
[2024-08-15T16:15:03.393+0000][13599.338s][info][gc,marking  ] GC(3300) Concurrent Preclean 1.644ms
[2024-08-15T16:15:03.393+0000][13599.338s][info][gc,start    ] GC(3300) Pause Remark
[2024-08-15T16:15:03.418+0000][13599.363s][info][gc          ] GC(3300) Pause Remark 8839M->8839M(12288M) 24.896ms
[2024-08-15T16:15:03.418+0000][13599.363s][info][gc,cpu      ] GC(3300) User=0.11s Sys=0.00s Real=0.03s
[2024-08-15T16:15:03.418+0000][13599.363s][info][gc,marking  ] GC(3300) Concurrent Mark 4236.713ms
[2024-08-15T16:15:03.418+0000][13599.363s][info][gc,marking  ] GC(3300) Concurrent Rebuild Remembered Sets
[2024-08-15T16:15:04.222+0000][13600.166s][info][gc,start    ] GC(3301) Pause Young (Normal) (G1 Evacuation Pause)
[2024-08-15T16:15:04.222+0000][13600.166s][info][gc,task     ] GC(3301) Using 6 workers of 6 for evacuation
[2024-08-15T16:15:04.241+0000][13600.186s][info][gc,phases   ] GC(3301)   Pre Evacuate Collection Set: 0.2ms
[2024-08-15T16:15:04.241+0000][13600.186s][info][gc,phases   ] GC(3301)   Merge Heap Roots: 0.3ms
[2024-08-15T16:15:04.241+0000][13600.186s][info][gc,phases   ] GC(3301)   Evacuate Collection Set: 17.2ms
[2024-08-15T16:15:04.241+0000][13600.186s][info][gc,phases   ] GC(3301)   Post Evacuate Collection Set: 1.7ms
[2024-08-15T16:15:04.241+0000][13600.186s][info][gc,phases   ] GC(3301)   Other: 0.2ms
[2024-08-15T16:15:04.241+0000][13600.186s][info][gc,heap     ] GC(3301) Eden regions: 673->0(670)
[2024-08-15T16:15:04.241+0000][13600.186s][info][gc,heap     ] GC(3301) Survivor regions: 7->10(85)
[2024-08-15T16:15:04.241+0000][13600.186s][info][gc,heap     ] GC(3301) Old regions: 531->531
[2024-08-15T16:15:04.241+0000][13600.186s][info][gc,heap     ] GC(3301) Archive regions: 2->2
[2024-08-15T16:15:04.241+0000][13600.186s][info][gc,heap     ] GC(3301) Humongous regions: 5->5
[2024-08-15T16:15:04.241+0000][13600.186s][info][gc,metaspace] GC(3301) Metaspace: 442502K(448832K)->442502K(448832K) NonClass: 387609K(391104K)->387609K(391104K) Class: 54893K(57728K)->54893K(57728K)
[2024-08-15T16:15:04.241+0000][13600.186s][info][gc          ] GC(3301) Pause Young (Normal) (G1 Evacuation Pause) 9727M->4362M(12288M) 19.689ms
[2024-08-15T16:15:04.242+0000][13600.186s][info][gc,cpu      ] GC(3301) User=0.12s Sys=0.00s Real=0.02s
[2024-08-15T16:15:05.562+0000][13601.507s][info][gc,marking  ] GC(3300) Concurrent Rebuild Remembered Sets 2143.915ms
[2024-08-15T16:15:05.562+0000][13601.507s][info][gc,start    ] GC(3300) Pause Cleanup
[2024-08-15T16:15:05.563+0000][13601.508s][info][gc          ] GC(3300) Pause Cleanup 5834M->5834M(12288M) 0.482ms
[2024-08-15T16:15:05.563+0000][13601.508s][info][gc,cpu      ] GC(3300) User=0.00s Sys=0.00s Real=0.00s
[2024-08-15T16:15:05.563+0000][13601.508s][info][gc,marking  ] GC(3300) Concurrent Cleanup for Next Mark
[2024-08-15T16:15:05.580+0000][13601.525s][info][gc,marking  ] GC(3300) Concurrent Cleanup for Next Mark 17.258ms
[2024-08-15T16:15:05.580+0000][13601.525s][info][gc          ] GC(3300) Concurrent Mark Cycle 6414.313ms
[2024-08-15T16:15:08.391+0000][13604.335s][info][gc,start    ] GC(3302) Pause Young (Prepare Mixed) (G1 Evacuation Pause)
[2024-08-15T16:15:08.391+0000][13604.335s][info][gc,task     ] GC(3302) Using 6 workers of 6 for evacuation
[2024-08-15T16:15:08.413+0000][13604.358s][info][gc,phases   ] GC(3302)   Pre Evacuate Collection Set: 0.2ms
[2024-08-15T16:15:08.413+0000][13604.358s][info][gc,phases   ] GC(3302)   Merge Heap Roots: 0.4ms
[2024-08-15T16:15:08.413+0000][13604.358s][info][gc,phases   ] GC(3302)   Evacuate Collection Set: 20.1ms
[2024-08-15T16:15:08.413+0000][13604.358s][info][gc,phases   ] GC(3302)   Post Evacuate Collection Set: 1.7ms
[2024-08-15T16:15:08.413+0000][13604.358s][info][gc,phases   ] GC(3302)   Other: 0.2ms
[2024-08-15T16:15:08.413+0000][13604.358s][info][gc,heap     ] GC(3302) Eden regions: 670->0(66)
[2024-08-15T16:15:08.413+0000][13604.358s][info][gc,heap     ] GC(3302) Survivor regions: 10->10(85)
[2024-08-15T16:15:08.413+0000][13604.358s][info][gc,heap     ] GC(3302) Old regions: 531->531
[2024-08-15T16:15:08.413+0000][13604.358s][info][gc,heap     ] GC(3302) Archive regions: 2->2
[2024-08-15T16:15:08.413+0000][13604.358s][info][gc,heap     ] GC(3302) Humongous regions: 5->5
[2024-08-15T16:15:08.413+0000][13604.358s][info][gc,metaspace] GC(3302) Metaspace: 442502K(448832K)->442502K(448832K) NonClass: 387609K(391104K)->387609K(391104K) Class: 54893K(57728K)->54893K(57728K)
[2024-08-15T16:15:08.413+0000][13604.358s][info][gc          ] GC(3302) Pause Young (Prepare Mixed) (G1 Evacuation Pause) 9722M->4364M(12288M) 22.546ms
[2024-08-15T16:15:08.413+0000][13604.358s][info][gc,cpu      ] GC(3302) User=0.14s Sys=0.00s Real=0.02s
[2024-08-15T16:15:08.793+0000][13604.738s][info][gc,start    ] GC(3303) Pause Young (Mixed) (G1 Evacuation Pause)
[2024-08-15T16:15:08.793+0000][13604.738s][info][gc,task     ] GC(3303) Using 6 workers of 6 for evacuation
[2024-08-15T16:15:08.858+0000][13604.803s][info][gc,phases   ] GC(3303)   Pre Evacuate Collection Set: 0.2ms
[2024-08-15T16:15:08.858+0000][13604.803s][info][gc,phases   ] GC(3303)   Merge Heap Roots: 0.5ms
[2024-08-15T16:15:08.858+0000][13604.803s][info][gc,phases   ] GC(3303)   Evacuate Collection Set: 62.9ms
[2024-08-15T16:15:08.858+0000][13604.803s][info][gc,phases   ] GC(3303)   Post Evacuate Collection Set: 1.3ms
[2024-08-15T16:15:08.858+0000][13604.803s][info][gc,phases   ] GC(3303)   Other: 0.2ms
[2024-08-15T16:15:08.858+0000][13604.803s][info][gc,heap     ] GC(3303) Eden regions: 66->0(675)
[2024-08-15T16:15:08.858+0000][13604.803s][info][gc,heap     ] GC(3303) Survivor regions: 10->5(10)
[2024-08-15T16:15:08.858+0000][13604.803s][info][gc,heap     ] GC(3303) Old regions: 531->531
[2024-08-15T16:15:08.858+0000][13604.803s][info][gc,heap     ] GC(3303) Archive regions: 2->2
[2024-08-15T16:15:08.858+0000][13604.803s][info][gc,heap     ] GC(3303) Humongous regions: 5->5
[2024-08-15T16:15:08.858+0000][13604.803s][info][gc,metaspace] GC(3303) Metaspace: 442502K(448832K)->442502K(448832K) NonClass: 387609K(391104K)->387609K(391104K) Class: 54893K(57728K)->54893K(57728K)
[2024-08-15T16:15:08.858+0000][13604.803s][info][gc          ] GC(3303) Pause Young (Mixed) (G1 Evacuation Pause) 4892M->4332M(12288M) 65.060ms
[2024-08-15T16:15:08.858+0000][13604.803s][info][gc,cpu      ] GC(3303) User=0.39s Sys=0.00s Real=0.07s
[2024-08-15T16:15:11.698+0000][13607.643s][info][gc,start    ] GC(3304) Pause Young (Normal) (G1 Evacuation Pause)
[2024-08-15T16:15:11.698+0000][13607.643s][info][gc,task     ] GC(3304) Using 6 workers of 6 for evacuation
[2024-08-15T16:15:11.709+0000][13607.653s][info][gc,phases   ] GC(3304)   Pre Evacuate Collection Set: 0.2ms
[2024-08-15T16:15:11.709+0000][13607.653s][info][gc,phases   ] GC(3304)   Merge Heap Roots: 0.2ms
[2024-08-15T16:15:11.709+0000][13607.653s][info][gc,phases   ] GC(3304)   Evacuate Collection Set: 8.5ms
[2024-08-15T16:15:11.709+0000][13607.653s][info][gc,phases   ] GC(3304)   Post Evacuate Collection Set: 1.6ms
[2024-08-15T16:15:11.709+0000][13607.653s][info][gc,phases   ] GC(3304)   Other: 0.2ms
[2024-08-15T16:15:11.709+0000][13607.653s][info][gc,heap     ] GC(3304) Eden regions: 675->0(674)
[2024-08-15T16:15:11.709+0000][13607.653s][info][gc,heap     ] GC(3304) Survivor regions: 5->6(85)
[2024-08-15T16:15:11.709+0000][13607.653s][info][gc,heap     ] GC(3304) Old regions: 531->531
[2024-08-15T16:15:11.709+0000][13607.653s][info][gc,heap     ] GC(3304) Archive regions: 2->2
[2024-08-15T16:15:11.709+0000][13607.653s][info][gc,heap     ] GC(3304) Humongous regions: 5->5
[2024-08-15T16:15:11.709+0000][13607.653s][info][gc,metaspace] GC(3304) Metaspace: 442502K(448832K)->442502K(448832K) NonClass: 387609K(391104K)->387609K(391104K) Class: 54893K(57728K)->54893K(57728K)
[2024-08-15T16:15:11.709+0000][13607.654s][info][gc          ] GC(3304) Pause Young (Normal) (G1 Evacuation Pause) 9732M->4338M(12288M) 10.732ms
[2024-08-15T16:15:11.709+0000][13607.654s][info][gc,cpu      ] GC(3304) User=0.05s Sys=0.01s Real=0.01s
[2024-08-15T16:15:13.614+0000][13609.558s][info][gc,start    ] GC(3305) Pause Young (Normal) (G1 Evacuation Pause)
[2024-08-15T16:15:13.614+0000][13609.559s][info][gc,task     ] GC(3305) Using 6 workers of 6 for evacuation
[2024-08-15T16:15:13.625+0000][13609.570s][info][gc,phases   ] GC(3305)   Pre Evacuate Collection Set: 0.2ms
[2024-08-15T16:15:13.625+0000][13609.570s][info][gc,phases   ] GC(3305)   Merge Heap Roots: 0.2ms
[2024-08-15T16:15:13.625+0000][13609.570s][info][gc,phases   ] GC(3305)   Evacuate Collection Set: 8.9ms
[2024-08-15T16:15:13.625+0000][13609.570s][info][gc,phases   ] GC(3305)   Post Evacuate Collection Set: 1.7ms
[2024-08-15T16:15:13.625+0000][13609.570s][info][gc,phases   ] GC(3305)   Other: 0.2ms
[2024-08-15T16:15:13.625+0000][13609.570s][info][gc,heap     ] GC(3305) Eden regions: 674->0(674)
[2024-08-15T16:15:13.625+0000][13609.570s][info][gc,heap     ] GC(3305) Survivor regions: 6->7(85)
[2024-08-15T16:15:13.625+0000][13609.570s][info][gc,heap     ] GC(3305) Old regions: 531->531
[2024-08-15T16:15:13.625+0000][13609.570s][info][gc,heap     ] GC(3305) Archive regions: 2->2
[2024-08-15T16:15:13.625+0000][13609.570s][info][gc,heap     ] GC(3305) Humongous regions: 5->5
[2024-08-15T16:15:13.625+0000][13609.570s][info][gc,metaspace] GC(3305) Metaspace: 442502K(448832K)->442502K(448832K) NonClass: 387609K(391104K)->387609K(391104K) Class: 54893K(57728K)->54893K(57728K)
[2024-08-15T16:15:13.625+0000][13609.570s][info][gc          ] GC(3305) Pause Young (Normal) (G1 Evacuation Pause) 9730M->4346M(12288M) 11.306ms
[2024-08-15T16:15:13.625+0000][13609.570s][info][gc,cpu      ] GC(3305) User=0.07s Sys=0.00s Real=0.02s
[2024-08-15T16:15:15.988+0000][13611.932s][info][gc,start    ] GC(3306) Pause Young (Concurrent Start) (G1 Evacuation Pause)
[2024-08-15T16:15:15.988+0000][13611.933s][info][gc,task     ] GC(3306) Using 6 workers of 6 for evacuation
[2024-08-15T16:15:16.001+0000][13611.946s][info][gc,phases   ] GC(3306)   Pre Evacuate Collection Set: 0.5ms
[2024-08-15T16:15:16.001+0000][13611.946s][info][gc,phases   ] GC(3306)   Merge Heap Roots: 0.2ms
[2024-08-15T16:15:16.001+0000][13611.946s][info][gc,phases   ] GC(3306)   Evacuate Collection Set: 10.6ms
[2024-08-15T16:15:16.001+0000][13611.946s][info][gc,phases   ] GC(3306)   Post Evacuate Collection Set: 1.7ms
[2024-08-15T16:15:16.001+0000][13611.946s][info][gc,phases   ] GC(3306)   Other: 0.3ms
[2024-08-15T16:15:16.001+0000][13611.946s][info][gc,heap     ] GC(3306) Eden regions: 674->0(672)
[2024-08-15T16:15:16.001+0000][13611.946s][info][gc,heap     ] GC(3306) Survivor regions: 7->9(86)
[2024-08-15T16:15:16.001+0000][13611.946s][info][gc,heap     ] GC(3306) Old regions: 531->531
[2024-08-15T16:15:16.001+0000][13611.946s][info][gc,heap     ] GC(3306) Archive regions: 2->2
[2024-08-15T16:15:16.001+0000][13611.946s][info][gc,heap     ] GC(3306) Humongous regions: 5->5
[2024-08-15T16:15:16.001+0000][13611.946s][info][gc,metaspace] GC(3306) Metaspace: 442502K(448832K)->442502K(448832K) NonClass: 387609K(391104K)->387609K(391104K) Class: 54893K(57728K)->54893K(57728K)
[2024-08-15T16:15:16.001+0000][13611.946s][info][gc          ] GC(3306) Pause Young (Concurrent Start) (G1 Evacuation Pause) 9738M->4359M(12288M) 13.312ms
[2024-08-15T16:15:16.001+0000][13611.946s][info][gc,cpu      ] GC(3306) User=0.07s Sys=0.00s Real=0.01s
[2024-08-15T16:15:16.001+0000][13611.946s][info][gc          ] GC(3307) Concurrent Mark Cycle
[2024-08-15T16:15:16.001+0000][13611.946s][info][gc,marking  ] GC(3307) Concurrent Clear Claimed Marks
[2024-08-15T16:15:16.002+0000][13611.946s][info][gc,marking  ] GC(3307) Concurrent Clear Claimed Marks 0.359ms
[2024-08-15T16:15:16.002+0000][13611.946s][info][gc,marking  ] GC(3307) Concurrent Scan Root Regions
[2024-08-15T16:15:16.012+0000][13611.957s][info][gc,marking  ] GC(3307) Concurrent Scan Root Regions 10.536ms
[2024-08-15T16:15:16.012+0000][13611.957s][info][gc,marking  ] GC(3307) Concurrent Mark
[2024-08-15T16:15:16.012+0000][13611.957s][info][gc,marking  ] GC(3307) Concurrent Mark From Roots
[2024-08-15T16:15:16.012+0000][13611.957s][info][gc,task     ] GC(3307) Using 2 workers of 2 for marking
[2024-08-15T16:15:18.948+0000][13614.893s][info][gc,start    ] GC(3308) Pause Young (Normal) (G1 Evacuation Pause)
[2024-08-15T16:15:18.948+0000][13614.893s][info][gc,task     ] GC(3308) Using 6 workers of 6 for evacuation
[2024-08-15T16:15:18.964+0000][13614.909s][info][gc,phases   ] GC(3308)   Pre Evacuate Collection Set: 0.2ms
[2024-08-15T16:15:18.964+0000][13614.909s][info][gc,phases   ] GC(3308)   Merge Heap Roots: 0.3ms
[2024-08-15T16:15:18.964+0000][13614.909s][info][gc,phases   ] GC(3308)   Evacuate Collection Set: 13.7ms
[2024-08-15T16:15:18.964+0000][13614.909s][info][gc,phases   ] GC(3308)   Post Evacuate Collection Set: 1.6ms
[2024-08-15T16:15:18.964+0000][13614.909s][info][gc,phases   ] GC(3308)   Other: 0.2ms
[2024-08-15T16:15:18.964+0000][13614.909s][info][gc,heap     ] GC(3308) Eden regions: 672->0(674)
[2024-08-15T16:15:18.964+0000][13614.909s][info][gc,heap     ] GC(3308) Survivor regions: 9->7(86)
[2024-08-15T16:15:18.964+0000][13614.909s][info][gc,heap     ] GC(3308) Old regions: 531->531
[2024-08-15T16:15:18.964+0000][13614.909s][info][gc,heap     ] GC(3308) Archive regions: 2->2
[2024-08-15T16:15:18.964+0000][13614.909s][info][gc,heap     ] GC(3308) Humongous regions: 5->5
[2024-08-15T16:15:18.964+0000][13614.909s][info][gc,metaspace] GC(3308) Metaspace: 442502K(448832K)->442502K(448832K) NonClass: 387609K(391104K)->387609K(391104K) Class: 54893K(57728K)->54893K(57728K)
[2024-08-15T16:15:18.964+0000][13614.909s][info][gc          ] GC(3308) Pause Young (Normal) (G1 Evacuation Pause) 9735M->4348M(12288M) 16.042ms
[2024-08-15T16:15:18.965+0000][13614.909s][info][gc,cpu      ] GC(3308) User=0.09s Sys=0.00s Real=0.02s
[2024-08-15T16:15:19.582+0000][13615.527s][info][gc,marking  ] GC(3307) Concurrent Mark From Roots 3570.142ms
[2024-08-15T16:15:19.582+0000][13615.527s][info][gc,marking  ] GC(3307) Concurrent Preclean
[2024-08-15T16:15:19.584+0000][13615.529s][info][gc,marking  ] GC(3307) Concurrent Preclean 1.990ms
[2024-08-15T16:15:19.585+0000][13615.529s][info][gc,start    ] GC(3307) Pause Remark
[2024-08-15T16:15:19.608+0000][13615.553s][info][gc          ] GC(3307) Pause Remark 5528M->5528M(12288M) 23.369ms
[2024-08-15T16:15:19.608+0000][13615.553s][info][gc,cpu      ] GC(3307) User=0.11s Sys=0.00s Real=0.02s
[2024-08-15T16:15:19.608+0000][13615.553s][info][gc,marking  ] GC(3307) Concurrent Mark 3595.872ms
[2024-08-15T16:15:19.608+0000][13615.553s][info][gc,marking  ] GC(3307) Concurrent Rebuild Remembered Sets
[2024-08-15T16:15:21.780+0000][13617.724s][info][gc,marking  ] GC(3307) Concurrent Rebuild Remembered Sets 2171.390ms
[2024-08-15T16:15:21.780+0000][13617.725s][info][gc,start    ] GC(3307) Pause Cleanup
[2024-08-15T16:15:21.781+0000][13617.725s][info][gc          ] GC(3307) Pause Cleanup 7896M->7896M(12288M) 0.593ms
[2024-08-15T16:15:21.781+0000][13617.725s][info][gc,cpu      ] GC(3307) User=0.00s Sys=0.00s Real=0.00s
[2024-08-15T16:15:21.781+0000][13617.726s][info][gc,marking  ] GC(3307) Concurrent Cleanup for Next Mark
[2024-08-15T16:15:21.799+0000][13617.743s][info][gc,marking  ] GC(3307) Concurrent Cleanup for Next Mark 17.804ms
[2024-08-15T16:15:21.799+0000][13617.743s][info][gc          ] GC(3307) Concurrent Mark Cycle 5797.506ms
[2024-08-15T16:15:23.180+0000][13619.124s][info][gc,start    ] GC(3309) Pause Young (Prepare Mixed) (G1 Evacuation Pause)
[2024-08-15T16:15:23.180+0000][13619.124s][info][gc,task     ] GC(3309) Using 6 workers of 6 for evacuation
[2024-08-15T16:15:23.196+0000][13619.141s][info][gc,phases   ] GC(3309)   Pre Evacuate Collection Set: 0.2ms
[2024-08-15T16:15:23.196+0000][13619.141s][info][gc,phases   ] GC(3309)   Merge Heap Roots: 0.3ms
[2024-08-15T16:15:23.196+0000][13619.141s][info][gc,phases   ] GC(3309)   Evacuate Collection Set: 14.5ms
[2024-08-15T16:15:23.196+0000][13619.141s][info][gc,phases   ] GC(3309)   Post Evacuate Collection Set: 1.7ms
[2024-08-15T16:15:23.196+0000][13619.141s][info][gc,phases   ] GC(3309)   Other: 0.2ms
[2024-08-15T16:15:23.196+0000][13619.141s][info][gc,heap     ] GC(3309) Eden regions: 674->0(66)
[2024-08-15T16:15:23.196+0000][13619.141s][info][gc,heap     ] GC(3309) Survivor regions: 7->10(86)
[2024-08-15T16:15:23.196+0000][13619.141s][info][gc,heap     ] GC(3309) Old regions: 531->531
[2024-08-15T16:15:23.196+0000][13619.141s][info][gc,heap     ] GC(3309) Archive regions: 2->2
[2024-08-15T16:15:23.196+0000][13619.141s][info][gc,heap     ] GC(3309) Humongous regions: 5->5
[2024-08-15T16:15:23.196+0000][13619.141s][info][gc,metaspace] GC(3309) Metaspace: 442502K(448832K)->442502K(448832K) NonClass: 387609K(391104K)->387609K(391104K) Class: 54893K(57728K)->54893K(57728K)
[2024-08-15T16:15:23.196+0000][13619.141s][info][gc          ] GC(3309) Pause Young (Prepare Mixed) (G1 Evacuation Pause) 9740M->4369M(12288M) 16.945ms
[2024-08-15T16:15:23.197+0000][13619.141s][info][gc,cpu      ] GC(3309) User=0.10s Sys=0.00s Real=0.02s
[2024-08-15T16:15:23.606+0000][13619.551s][info][gc,start    ] GC(3310) Pause Young (Mixed) (G1 Evacuation Pause)
[2024-08-15T16:15:23.606+0000][13619.551s][info][gc,task     ] GC(3310) Using 6 workers of 6 for evacuation
[2024-08-15T16:15:23.662+0000][13619.607s][info][gc,phases   ] GC(3310)   Pre Evacuate Collection Set: 0.2ms
[2024-08-15T16:15:23.662+0000][13619.607s][info][gc,phases   ] GC(3310)   Merge Heap Roots: 0.4ms
[2024-08-15T16:15:23.662+0000][13619.607s][info][gc,phases   ] GC(3310)   Evacuate Collection Set: 54.1ms
[2024-08-15T16:15:23.662+0000][13619.607s][info][gc,phases   ] GC(3310)   Post Evacuate Collection Set: 1.3ms
[2024-08-15T16:15:23.662+0000][13619.607s][info][gc,phases   ] GC(3310)   Other: 0.2ms
[2024-08-15T16:15:23.662+0000][13619.607s][info][gc,heap     ] GC(3310) Eden regions: 66->0(673)
[2024-08-15T16:15:23.662+0000][13619.607s][info][gc,heap     ] GC(3310) Survivor regions: 10->6(10)
[2024-08-15T16:15:23.662+0000][13619.607s][info][gc,heap     ] GC(3310) Old regions: 531->532
[2024-08-15T16:15:23.662+0000][13619.607s][info][gc,heap     ] GC(3310) Archive regions: 2->2
[2024-08-15T16:15:23.662+0000][13619.607s][info][gc,heap     ] GC(3310) Humongous regions: 5->5
[2024-08-15T16:15:23.662+0000][13619.607s][info][gc,metaspace] GC(3310) Metaspace: 442502K(448832K)->442502K(448832K) NonClass: 387609K(391104K)->387609K(391104K) Class: 54893K(57728K)->54893K(57728K)
[2024-08-15T16:15:23.662+0000][13619.607s][info][gc          ] GC(3310) Pause Young (Mixed) (G1 Evacuation Pause) 4897M->4340M(12288M) 56.268ms
[2024-08-15T16:15:23.662+0000][13619.607s][info][gc,cpu      ] GC(3310) User=0.33s Sys=0.01s Real=0.05s
[2024-08-15T16:15:27.700+0000][13623.644s][info][gc,start    ] GC(3311) Pause Young (Normal) (G1 Evacuation Pause)
[2024-08-15T16:15:27.700+0000][13623.644s][info][gc,task     ] GC(3311) Using 6 workers of 6 for evacuation
[2024-08-15T16:15:27.711+0000][13623.656s][info][gc,phases   ] GC(3311)   Pre Evacuate Collection Set: 0.2ms
[2024-08-15T16:15:27.711+0000][13623.656s][info][gc,phases   ] GC(3311)   Merge Heap Roots: 0.2ms
[2024-08-15T16:15:27.711+0000][13623.656s][info][gc,phases   ] GC(3311)   Evacuate Collection Set: 9.2ms
[2024-08-15T16:15:27.711+0000][13623.656s][info][gc,phases   ] GC(3311)   Post Evacuate Collection Set: 1.6ms
[2024-08-15T16:15:27.711+0000][13623.656s][info][gc,phases   ] GC(3311)   Other: 0.2ms
[2024-08-15T16:15:27.711+0000][13623.656s][info][gc,heap     ] GC(3311) Eden regions: 673->0(671)
[2024-08-15T16:15:27.711+0000][13623.656s][info][gc,heap     ] GC(3311) Survivor regions: 6->7(85)
[2024-08-15T16:15:27.711+0000][13623.656s][info][gc,heap     ] GC(3311) Old regions: 532->532
[2024-08-15T16:15:27.711+0000][13623.656s][info][gc,heap     ] GC(3311) Archive regions: 2->2
[2024-08-15T16:15:27.711+0000][13623.656s][info][gc,heap     ] GC(3311) Humongous regions: 5->5
[2024-08-15T16:15:27.711+0000][13623.656s][info][gc,metaspace] GC(3311) Metaspace: 442502K(448832K)->442502K(448832K) NonClass: 387609K(391104K)->387609K(391104K) Class: 54893K(57728K)->54893K(57728K)
[2024-08-15T16:15:27.711+0000][13623.656s][info][gc          ] GC(3311) Pause Young (Normal) (G1 Evacuation Pause) 9724M->4344M(12288M) 11.515ms
[2024-08-15T16:15:27.711+0000][13623.656s][info][gc,cpu      ] GC(3311) User=0.06s Sys=0.00s Real=0.01s
[2024-08-15T16:15:31.584+0000][13627.529s][info][gc,start    ] GC(3312) Pause Young (Normal) (G1 Evacuation Pause)
[2024-08-15T16:15:31.584+0000][13627.529s][info][gc,task     ] GC(3312) Using 6 workers of 6 for evacuation
[2024-08-15T16:15:31.597+0000][13627.542s][info][gc,phases   ] GC(3312)   Pre Evacuate Collection Set: 0.2ms
[2024-08-15T16:15:31.597+0000][13627.542s][info][gc,phases   ] GC(3312)   Merge Heap Roots: 0.2ms
[2024-08-15T16:15:31.597+0000][13627.542s][info][gc,phases   ] GC(3312)   Evacuate Collection Set: 11.1ms
[2024-08-15T16:15:31.597+0000][13627.542s][info][gc,phases   ] GC(3312)   Post Evacuate Collection Set: 1.6ms
[2024-08-15T16:15:31.597+0000][13627.542s][info][gc,phases   ] GC(3312)   Other: 0.2ms
[2024-08-15T16:15:31.597+0000][13627.542s][info][gc,heap     ] GC(3312) Eden regions: 671->0(670)
[2024-08-15T16:15:31.597+0000][13627.542s][info][gc,heap     ] GC(3312) Survivor regions: 7->8(85)
[2024-08-15T16:15:31.597+0000][13627.542s][info][gc,heap     ] GC(3312) Old regions: 532->532
[2024-08-15T16:15:31.597+0000][13627.542s][info][gc,heap     ] GC(3312) Archive regions: 2->2
[2024-08-15T16:15:31.597+0000][13627.542s][info][gc,heap     ] GC(3312) Humongous regions: 5->5
[2024-08-15T16:15:31.597+0000][13627.542s][info][gc,metaspace] GC(3312) Metaspace: 442502K(448832K)->442502K(448832K) NonClass: 387609K(391104K)->387609K(391104K) Class: 54893K(57728K)->54893K(57728K)
[2024-08-15T16:15:31.597+0000][13627.542s][info][gc          ] GC(3312) Pause Young (Normal) (G1 Evacuation Pause) 9712M->4354M(12288M) 13.430ms
[2024-08-15T16:15:31.597+0000][13627.542s][info][gc,cpu      ] GC(3312) User=0.07s Sys=0.00s Real=0.01s
[2024-08-15T16:15:35.003+0000][13630.948s][info][gc,start    ] GC(3313) Pause Young (Concurrent Start) (G1 Evacuation Pause)
[2024-08-15T16:15:35.003+0000][13630.948s][info][gc,task     ] GC(3313) Using 6 workers of 6 for evacuation
[2024-08-15T16:15:35.021+0000][13630.965s][info][gc,phases   ] GC(3313)   Pre Evacuate Collection Set: 0.6ms
[2024-08-15T16:15:35.021+0000][13630.965s][info][gc,phases   ] GC(3313)   Merge Heap Roots: 0.2ms
[2024-08-15T16:15:35.021+0000][13630.965s][info][gc,phases   ] GC(3313)   Evacuate Collection Set: 14.5ms
[2024-08-15T16:15:35.021+0000][13630.965s][info][gc,phases   ] GC(3313)   Post Evacuate Collection Set: 1.8ms
[2024-08-15T16:15:35.021+0000][13630.965s][info][gc,phases   ] GC(3313)   Other: 0.3ms
[2024-08-15T16:15:35.021+0000][13630.965s][info][gc,heap     ] GC(3313) Eden regions: 670->0(673)
[2024-08-15T16:15:35.021+0000][13630.965s][info][gc,heap     ] GC(3313) Survivor regions: 8->6(85)
[2024-08-15T16:15:35.021+0000][13630.965s][info][gc,heap     ] GC(3313) Old regions: 532->532
[2024-08-15T16:15:35.021+0000][13630.965s][info][gc,heap     ] GC(3313) Archive regions: 2->2
[2024-08-15T16:15:35.021+0000][13630.965s][info][gc,heap     ] GC(3313) Humongous regions: 5->5
[2024-08-15T16:15:35.021+0000][13630.965s][info][gc,metaspace] GC(3313) Metaspace: 442520K(448896K)->442520K(448896K) NonClass: 387627K(391168K)->387627K(391168K) Class: 54893K(57728K)->54893K(57728K)
[2024-08-15T16:15:35.021+0000][13630.965s][info][gc          ] GC(3313) Pause Young (Concurrent Start) (G1 Evacuation Pause) 9714M->4341M(12288M) 17.389ms
[2024-08-15T16:15:35.021+0000][13630.965s][info][gc,cpu      ] GC(3313) User=0.10s Sys=0.00s Real=0.01s
[2024-08-15T16:15:35.021+0000][13630.965s][info][gc          ] GC(3314) Concurrent Mark Cycle
[2024-08-15T16:15:35.021+0000][13630.965s][info][gc,marking  ] GC(3314) Concurrent Clear Claimed Marks
[2024-08-15T16:15:35.021+0000][13630.966s][info][gc,marking  ] GC(3314) Concurrent Clear Claimed Marks 0.360ms
[2024-08-15T16:15:35.021+0000][13630.966s][info][gc,marking  ] GC(3314) Concurrent Scan Root Regions
[2024-08-15T16:15:35.034+0000][13630.979s][info][gc,marking  ] GC(3314) Concurrent Scan Root Regions 12.679ms
[2024-08-15T16:15:35.034+0000][13630.979s][info][gc,marking  ] GC(3314) Concurrent Mark
[2024-08-15T16:15:35.034+0000][13630.979s][info][gc,marking  ] GC(3314) Concurrent Mark From Roots
[2024-08-15T16:15:35.034+0000][13630.979s][info][gc,task     ] GC(3314) Using 2 workers of 2 for marking
[2024-08-15T16:15:38.397+0000][13634.342s][info][gc,marking  ] GC(3314) Concurrent Mark From Roots 3363.302ms
[2024-08-15T16:15:38.397+0000][13634.342s][info][gc,marking  ] GC(3314) Concurrent Preclean
[2024-08-15T16:15:38.399+0000][13634.344s][info][gc,marking  ] GC(3314) Concurrent Preclean 2.078ms
[2024-08-15T16:15:38.400+0000][13634.344s][info][gc,start    ] GC(3314) Pause Remark
[2024-08-15T16:15:38.423+0000][13634.368s][info][gc          ] GC(3314) Pause Remark 8477M->8477M(12288M) 23.397ms
[2024-08-15T16:15:38.423+0000][13634.368s][info][gc,cpu      ] GC(3314) User=0.10s Sys=0.00s Real=0.03s
[2024-08-15T16:15:38.423+0000][13634.368s][info][gc,marking  ] GC(3314) Concurrent Mark 3389.295ms
[2024-08-15T16:15:38.423+0000][13634.368s][info][gc,marking  ] GC(3314) Concurrent Rebuild Remembered Sets
[2024-08-15T16:15:39.389+0000][13635.334s][info][gc,start    ] GC(3315) Pause Young (Normal) (G1 Evacuation Pause)
[2024-08-15T16:15:39.389+0000][13635.334s][info][gc,task     ] GC(3315) Using 6 workers of 6 for evacuation
[2024-08-15T16:15:39.407+0000][13635.351s][info][gc,phases   ] GC(3315)   Pre Evacuate Collection Set: 0.3ms
[2024-08-15T16:15:39.407+0000][13635.351s][info][gc,phases   ] GC(3315)   Merge Heap Roots: 0.5ms
[2024-08-15T16:15:39.407+0000][13635.351s][info][gc,phases   ] GC(3315)   Evacuate Collection Set: 15.1ms
[2024-08-15T16:15:39.407+0000][13635.351s][info][gc,phases   ] GC(3315)   Post Evacuate Collection Set: 1.6ms
[2024-08-15T16:15:39.407+0000][13635.351s][info][gc,phases   ] GC(3315)   Other: 0.2ms
[2024-08-15T16:15:39.407+0000][13635.351s][info][gc,heap     ] GC(3315) Eden regions: 673->0(670)
[2024-08-15T16:15:39.407+0000][13635.351s][info][gc,heap     ] GC(3315) Survivor regions: 6->9(85)
[2024-08-15T16:15:39.407+0000][13635.351s][info][gc,heap     ] GC(3315) Old regions: 532->532
[2024-08-15T16:15:39.407+0000][13635.351s][info][gc,heap     ] GC(3315) Archive regions: 2->2
[2024-08-15T16:15:39.407+0000][13635.351s][info][gc,heap     ] GC(3315) Humongous regions: 5->5
[2024-08-15T16:15:39.407+0000][13635.351s][info][gc,metaspace] GC(3315) Metaspace: 442520K(448896K)->442520K(448896K) NonClass: 387627K(391168K)->387627K(391168K) Class: 54893K(57728K)->54893K(57728K)
[2024-08-15T16:15:39.407+0000][13635.351s][info][gc          ] GC(3315) Pause Young (Normal) (G1 Evacuation Pause) 9725M->4360M(12288M) 17.706ms
[2024-08-15T16:15:39.407+0000][13635.351s][info][gc,cpu      ] GC(3315) User=0.10s Sys=0.00s Real=0.02s
[2024-08-15T16:15:40.494+0000][13636.439s][info][gc,marking  ] GC(3314) Concurrent Rebuild Remembered Sets 2070.618ms
[2024-08-15T16:15:40.494+0000][13636.439s][info][gc,start    ] GC(3314) Pause Cleanup
[2024-08-15T16:15:40.495+0000][13636.439s][info][gc          ] GC(3314) Pause Cleanup 5764M->5764M(12288M) 0.509ms
[2024-08-15T16:15:40.495+0000][13636.439s][info][gc,cpu      ] GC(3314) User=0.00s Sys=0.00s Real=0.00s
[2024-08-15T16:15:40.495+0000][13636.439s][info][gc,marking  ] GC(3314) Concurrent Cleanup for Next Mark
[2024-08-15T16:15:40.512+0000][13636.456s][info][gc,marking  ] GC(3314) Concurrent Cleanup for Next Mark 16.980ms
[2024-08-15T16:15:40.512+0000][13636.456s][info][gc          ] GC(3314) Concurrent Mark Cycle 5490.965ms
[2024-08-15T16:15:43.326+0000][13639.270s][info][gc,start    ] GC(3316) Pause Young (Prepare Mixed) (G1 Evacuation Pause)
[2024-08-15T16:15:43.326+0000][13639.270s][info][gc,task     ] GC(3316) Using 6 workers of 6 for evacuation
[2024-08-15T16:15:43.347+0000][13639.291s][info][gc,phases   ] GC(3316)   Pre Evacuate Collection Set: 0.2ms
[2024-08-15T16:15:43.347+0000][13639.292s][info][gc,phases   ] GC(3316)   Merge Heap Roots: 0.3ms
[2024-08-15T16:15:43.347+0000][13639.292s][info][gc,phases   ] GC(3316)   Evacuate Collection Set: 18.9ms
[2024-08-15T16:15:43.347+0000][13639.292s][info][gc,phases   ] GC(3316)   Post Evacuate Collection Set: 1.7ms
[2024-08-15T16:15:43.347+0000][13639.292s][info][gc,phases   ] GC(3316)   Other: 0.2ms
[2024-08-15T16:15:43.347+0000][13639.292s][info][gc,heap     ] GC(3316) Eden regions: 670->0(67)
[2024-08-15T16:15:43.347+0000][13639.292s][info][gc,heap     ] GC(3316) Survivor regions: 9->9(85)
[2024-08-15T16:15:43.347+0000][13639.292s][info][gc,heap     ] GC(3316) Old regions: 532->532
[2024-08-15T16:15:43.347+0000][13639.292s][info][gc,heap     ] GC(3316) Archive regions: 2->2
[2024-08-15T16:15:43.347+0000][13639.292s][info][gc,heap     ] GC(3316) Humongous regions: 5->5
[2024-08-15T16:15:43.347+0000][13639.292s][info][gc,metaspace] GC(3316) Metaspace: 442520K(448896K)->442520K(448896K) NonClass: 387627K(391168K)->387627K(391168K) Class: 54893K(57728K)->54893K(57728K)
[2024-08-15T16:15:43.347+0000][13639.292s][info][gc          ] GC(3316) Pause Young (Prepare Mixed) (G1 Evacuation Pause) 9720M->4365M(12288M) 21.389ms
[2024-08-15T16:15:43.347+0000][13639.292s][info][gc,cpu      ] GC(3316) User=0.13s Sys=0.00s Real=0.02s
[2024-08-15T16:15:43.737+0000][13639.682s][info][gc,start    ] GC(3317) Pause Young (Mixed) (G1 Evacuation Pause)
[2024-08-15T16:15:43.737+0000][13639.682s][info][gc,task     ] GC(3317) Using 6 workers of 6 for evacuation
[2024-08-15T16:15:43.796+0000][13639.741s][info][gc,phases   ] GC(3317)   Pre Evacuate Collection Set: 0.2ms
[2024-08-15T16:15:43.796+0000][13639.741s][info][gc,phases   ] GC(3317)   Merge Heap Roots: 0.5ms
[2024-08-15T16:15:43.796+0000][13639.741s][info][gc,phases   ] GC(3317)   Evacuate Collection Set: 56.9ms
[2024-08-15T16:15:43.796+0000][13639.741s][info][gc,phases   ] GC(3317)   Post Evacuate Collection Set: 1.2ms
[2024-08-15T16:15:43.796+0000][13639.741s][info][gc,phases   ] GC(3317)   Other: 0.2ms
[2024-08-15T16:15:43.796+0000][13639.741s][info][gc,heap     ] GC(3317) Eden regions: 67->0(674)
[2024-08-15T16:15:43.796+0000][13639.741s][info][gc,heap     ] GC(3317) Survivor regions: 9->5(10)
[2024-08-15T16:15:43.796+0000][13639.741s][info][gc,heap     ] GC(3317) Old regions: 532->532
[2024-08-15T16:15:43.796+0000][13639.741s][info][gc,heap     ] GC(3317) Archive regions: 2->2
[2024-08-15T16:15:43.796+0000][13639.741s][info][gc,heap     ] GC(3317) Humongous regions: 5->5
[2024-08-15T16:15:43.796+0000][13639.741s][info][gc,metaspace] GC(3317) Metaspace: 442520K(448896K)->442520K(448896K) NonClass: 387627K(391168K)->387627K(391168K) Class: 54893K(57728K)->54893K(57728K)
[2024-08-15T16:15:43.796+0000][13639.741s][info][gc          ] GC(3317) Pause Young (Mixed) (G1 Evacuation Pause) 4901M->4336M(12288M) 58.973ms
[2024-08-15T16:15:43.796+0000][13639.741s][info][gc,cpu      ] GC(3317) User=0.35s Sys=0.00s Real=0.06s
[2024-08-15T16:15:47.640+0000][13643.584s][info][gc,start    ] GC(3318) Pause Young (Normal) (G1 Evacuation Pause)
[2024-08-15T16:15:47.640+0000][13643.584s][info][gc,task     ] GC(3318) Using 6 workers of 6 for evacuation
[2024-08-15T16:15:47.652+0000][13643.597s][info][gc,phases   ] GC(3318)   Pre Evacuate Collection Set: 0.2ms
[2024-08-15T16:15:47.652+0000][13643.597s][info][gc,phases   ] GC(3318)   Merge Heap Roots: 0.2ms
[2024-08-15T16:15:47.652+0000][13643.597s][info][gc,phases   ] GC(3318)   Evacuate Collection Set: 10.7ms
[2024-08-15T16:15:47.652+0000][13643.597s][info][gc,phases   ] GC(3318)   Post Evacuate Collection Set: 1.7ms
[2024-08-15T16:15:47.652+0000][13643.597s][info][gc,phases   ] GC(3318)   Other: 0.2ms
[2024-08-15T16:15:47.652+0000][13643.597s][info][gc,heap     ] GC(3318) Eden regions: 674->0(672)
[2024-08-15T16:15:47.652+0000][13643.597s][info][gc,heap     ] GC(3318) Survivor regions: 5->7(85)
[2024-08-15T16:15:47.652+0000][13643.597s][info][gc,heap     ] GC(3318) Old regions: 532->532
[2024-08-15T16:15:47.653+0000][13643.597s][info][gc,heap     ] GC(3318) Archive regions: 2->2
[2024-08-15T16:15:47.653+0000][13643.597s][info][gc,heap     ] GC(3318) Humongous regions: 5->5
[2024-08-15T16:15:47.653+0000][13643.597s][info][gc,metaspace] GC(3318) Metaspace: 442520K(448896K)->442520K(448896K) NonClass: 387627K(391168K)->387627K(391168K) Class: 54893K(57728K)->54893K(57728K)
[2024-08-15T16:15:47.653+0000][13643.597s][info][gc          ] GC(3318) Pause Young (Normal) (G1 Evacuation Pause) 9728M->4346M(12288M) 12.992ms
[2024-08-15T16:15:47.653+0000][13643.597s][info][gc,cpu      ] GC(3318) User=0.07s Sys=0.00s Real=0.01s
[2024-08-15T16:15:51.395+0000][13647.340s][info][gc,start    ] GC(3319) Pause Young (Normal) (G1 Evacuation Pause)
[2024-08-15T16:15:51.395+0000][13647.340s][info][gc,task     ] GC(3319) Using 6 workers of 6 for evacuation
[2024-08-15T16:15:51.409+0000][13647.354s][info][gc,phases   ] GC(3319)   Pre Evacuate Collection Set: 0.2ms
[2024-08-15T16:15:51.409+0000][13647.354s][info][gc,phases   ] GC(3319)   Merge Heap Roots: 0.2ms
[2024-08-15T16:15:51.409+0000][13647.354s][info][gc,phases   ] GC(3319)   Evacuate Collection Set: 12.0ms
[2024-08-15T16:15:51.409+0000][13647.354s][info][gc,phases   ] GC(3319)   Post Evacuate Collection Set: 1.5ms
[2024-08-15T16:15:51.409+0000][13647.354s][info][gc,phases   ] GC(3319)   Other: 0.2ms
[2024-08-15T16:15:51.409+0000][13647.354s][info][gc,heap     ] GC(3319) Eden regions: 672->0(673)
[2024-08-15T16:15:51.409+0000][13647.354s][info][gc,heap     ] GC(3319) Survivor regions: 7->6(85)
[2024-08-15T16:15:51.409+0000][13647.354s][info][gc,heap     ] GC(3319) Old regions: 532->532
[2024-08-15T16:15:51.409+0000][13647.354s][info][gc,heap     ] GC(3319) Archive regions: 2->2
[2024-08-15T16:15:51.409+0000][13647.354s][info][gc,heap     ] GC(3319) Humongous regions: 5->5
[2024-08-15T16:15:51.409+0000][13647.354s][info][gc,metaspace] GC(3319) Metaspace: 442520K(448896K)->442520K(448896K) NonClass: 387627K(391168K)->387627K(391168K) Class: 54893K(57728K)->54893K(57728K)
[2024-08-15T16:15:51.409+0000][13647.354s][info][gc          ] GC(3319) Pause Young (Normal) (G1 Evacuation Pause) 9722M->4344M(12288M) 14.136ms
[2024-08-15T16:15:51.409+0000][13647.354s][info][gc,cpu      ] GC(3319) User=0.07s Sys=0.01s Real=0.01s
[2024-08-15T16:15:55.161+0000][13651.106s][info][gc,start    ] GC(3320) Pause Young (Concurrent Start) (G1 Evacuation Pause)
[2024-08-15T16:15:55.161+0000][13651.106s][info][gc,task     ] GC(3320) Using 6 workers of 6 for evacuation
[2024-08-15T16:15:55.177+0000][13651.122s][info][gc,phases   ] GC(3320)   Pre Evacuate Collection Set: 0.6ms
[2024-08-15T16:15:55.177+0000][13651.122s][info][gc,phases   ] GC(3320)   Merge Heap Roots: 0.2ms
[2024-08-15T16:15:55.177+0000][13651.122s][info][gc,phases   ] GC(3320)   Evacuate Collection Set: 13.4ms
[2024-08-15T16:15:55.177+0000][13651.122s][info][gc,phases   ] GC(3320)   Post Evacuate Collection Set: 1.6ms
[2024-08-15T16:15:55.177+0000][13651.122s][info][gc,phases   ] GC(3320)   Other: 0.3ms
[2024-08-15T16:15:55.177+0000][13651.122s][info][gc,heap     ] GC(3320) Eden regions: 673->0(670)
[2024-08-15T16:15:55.177+0000][13651.122s][info][gc,heap     ] GC(3320) Survivor regions: 6->9(85)
[2024-08-15T16:15:55.177+0000][13651.122s][info][gc,heap     ] GC(3320) Old regions: 532->532
[2024-08-15T16:15:55.177+0000][13651.122s][info][gc,heap     ] GC(3320) Archive regions: 2->2
[2024-08-15T16:15:55.177+0000][13651.122s][info][gc,heap     ] GC(3320) Humongous regions: 5->5
[2024-08-15T16:15:55.177+0000][13651.122s][info][gc,metaspace] GC(3320) Metaspace: 442520K(448896K)->442520K(448896K) NonClass: 387627K(391168K)->387627K(391168K) Class: 54893K(57728K)->54893K(57728K)
[2024-08-15T16:15:55.177+0000][13651.122s][info][gc          ] GC(3320) Pause Young (Concurrent Start) (G1 Evacuation Pause) 9728M->4365M(12288M) 16.105ms
[2024-08-15T16:15:55.178+0000][13651.122s][info][gc,cpu      ] GC(3320) User=0.09s Sys=0.00s Real=0.02s
[2024-08-15T16:15:55.178+0000][13651.122s][info][gc          ] GC(3321) Concurrent Mark Cycle
[2024-08-15T16:15:55.178+0000][13651.122s][info][gc,marking  ] GC(3321) Concurrent Clear Claimed Marks
[2024-08-15T16:15:55.178+0000][13651.123s][info][gc,marking  ] GC(3321) Concurrent Clear Claimed Marks 0.387ms
[2024-08-15T16:15:55.178+0000][13651.123s][info][gc,marking  ] GC(3321) Concurrent Scan Root Regions
[2024-08-15T16:15:55.189+0000][13651.134s][info][gc,marking  ] GC(3321) Concurrent Scan Root Regions 11.053ms
[2024-08-15T16:15:55.189+0000][13651.134s][info][gc,marking  ] GC(3321) Concurrent Mark
[2024-08-15T16:15:55.189+0000][13651.134s][info][gc,marking  ] GC(3321) Concurrent Mark From Roots
[2024-08-15T16:15:55.189+0000][13651.134s][info][gc,task     ] GC(3321) Using 2 workers of 2 for marking
[2024-08-15T16:15:58.551+0000][13654.495s][info][gc,marking  ] GC(3321) Concurrent Mark From Roots 3361.416ms
[2024-08-15T16:15:58.551+0000][13654.495s][info][gc,marking  ] GC(3321) Concurrent Preclean
[2024-08-15T16:15:58.553+0000][13654.497s][info][gc,marking  ] GC(3321) Concurrent Preclean 2.128ms
[2024-08-15T16:15:58.553+0000][13654.498s][info][gc,start    ] GC(3321) Pause Remark
[2024-08-15T16:15:58.576+0000][13654.521s][info][gc          ] GC(3321) Pause Remark 8517M->8517M(12288M) 23.363ms
[2024-08-15T16:15:58.576+0000][13654.521s][info][gc,cpu      ] GC(3321) User=0.10s Sys=0.01s Real=0.03s
[2024-08-15T16:15:58.576+0000][13654.521s][info][gc,marking  ] GC(3321) Concurrent Mark 3387.340ms
[2024-08-15T16:15:58.576+0000][13654.521s][info][gc,marking  ] GC(3321) Concurrent Rebuild Remembered Sets
[2024-08-15T16:15:59.515+0000][13655.460s][info][gc,start    ] GC(3322) Pause Young (Normal) (G1 Evacuation Pause)
[2024-08-15T16:15:59.515+0000][13655.460s][info][gc,task     ] GC(3322) Using 6 workers of 6 for evacuation
[2024-08-15T16:15:59.534+0000][13655.478s][info][gc,phases   ] GC(3322)   Pre Evacuate Collection Set: 0.2ms
[2024-08-15T16:15:59.534+0000][13655.478s][info][gc,phases   ] GC(3322)   Merge Heap Roots: 0.3ms
[2024-08-15T16:15:59.534+0000][13655.478s][info][gc,phases   ] GC(3322)   Evacuate Collection Set: 16.1ms
[2024-08-15T16:15:59.534+0000][13655.478s][info][gc,phases   ] GC(3322)   Post Evacuate Collection Set: 1.6ms
[2024-08-15T16:15:59.534+0000][13655.478s][info][gc,phases   ] GC(3322)   Other: 0.2ms
[2024-08-15T16:15:59.534+0000][13655.478s][info][gc,heap     ] GC(3322) Eden regions: 670->0(670)
[2024-08-15T16:15:59.534+0000][13655.478s][info][gc,heap     ] GC(3322) Survivor regions: 9->9(85)
[2024-08-15T16:15:59.534+0000][13655.478s][info][gc,heap     ] GC(3322) Old regions: 532->532
[2024-08-15T16:15:59.534+0000][13655.478s][info][gc,heap     ] GC(3322) Archive regions: 2->2
[2024-08-15T16:15:59.534+0000][13655.478s][info][gc,heap     ] GC(3322) Humongous regions: 5->5
[2024-08-15T16:15:59.534+0000][13655.478s][info][gc,metaspace] GC(3322) Metaspace: 442520K(448896K)->442520K(448896K) NonClass: 387627K(391168K)->387627K(391168K) Class: 54893K(57728K)->54893K(57728K)
[2024-08-15T16:15:59.534+0000][13655.478s][info][gc          ] GC(3322) Pause Young (Normal) (G1 Evacuation Pause) 9725M->4369M(12288M) 18.444ms
[2024-08-15T16:15:59.534+0000][13655.479s][info][gc,cpu      ] GC(3322) User=0.11s Sys=0.00s Real=0.01s
[2024-08-15T16:16:00.637+0000][13656.581s][info][gc,marking  ] GC(3321) Concurrent Rebuild Remembered Sets 2060.384ms
[2024-08-15T16:16:00.637+0000][13656.582s][info][gc,start    ] GC(3321) Pause Cleanup
[2024-08-15T16:16:00.637+0000][13656.582s][info][gc          ] GC(3321) Pause Cleanup 5801M->5801M(12288M) 0.506ms
[2024-08-15T16:16:00.638+0000][13656.582s][info][gc,cpu      ] GC(3321) User=0.00s Sys=0.00s Real=0.00s
[2024-08-15T16:16:00.638+0000][13656.582s][info][gc,marking  ] GC(3321) Concurrent Cleanup for Next Mark
[2024-08-15T16:16:00.654+0000][13656.599s][info][gc,marking  ] GC(3321) Concurrent Cleanup for Next Mark 16.825ms
[2024-08-15T16:16:00.655+0000][13656.599s][info][gc          ] GC(3321) Concurrent Mark Cycle 5476.944ms
[2024-08-15T16:16:02.746+0000][13658.690s][info][gc,start    ] GC(3323) Pause Young (Prepare Mixed) (G1 Evacuation Pause)
[2024-08-15T16:16:02.746+0000][13658.690s][info][gc,task     ] GC(3323) Using 6 workers of 6 for evacuation
[2024-08-15T16:16:02.779+0000][13658.723s][info][gc,phases   ] GC(3323)   Pre Evacuate Collection Set: 0.2ms
[2024-08-15T16:16:02.779+0000][13658.723s][info][gc,phases   ] GC(3323)   Merge Heap Roots: 0.3ms
[2024-08-15T16:16:02.779+0000][13658.723s][info][gc,phases   ] GC(3323)   Evacuate Collection Set: 26.9ms
[2024-08-15T16:16:02.779+0000][13658.723s][info][gc,phases   ] GC(3323)   Post Evacuate Collection Set: 5.5ms
[2024-08-15T16:16:02.779+0000][13658.723s][info][gc,phases   ] GC(3323)   Other: 0.2ms
[2024-08-15T16:16:02.779+0000][13658.723s][info][gc,heap     ] GC(3323) Eden regions: 670->0(66)
[2024-08-15T16:16:02.779+0000][13658.723s][info][gc,heap     ] GC(3323) Survivor regions: 9->10(85)
[2024-08-15T16:16:02.779+0000][13658.723s][info][gc,heap     ] GC(3323) Old regions: 532->532
[2024-08-15T16:16:02.779+0000][13658.723s][info][gc,heap     ] GC(3323) Archive regions: 2->2
[2024-08-15T16:16:02.779+0000][13658.723s][info][gc,heap     ] GC(3323) Humongous regions: 5->5
[2024-08-15T16:16:02.779+0000][13658.723s][info][gc,metaspace] GC(3323) Metaspace: 442521K(448896K)->442521K(448896K) NonClass: 387628K(391168K)->387628K(391168K) Class: 54893K(57728K)->54893K(57728K)
[2024-08-15T16:16:02.779+0000][13658.723s][info][gc          ] GC(3323) Pause Young (Prepare Mixed) (G1 Evacuation Pause) 9729M->4377M(12288M) 33.121ms
[2024-08-15T16:16:02.779+0000][13658.723s][info][gc,cpu      ] GC(3323) User=0.20s Sys=0.00s Real=0.03s
[2024-08-15T16:16:02.989+0000][13658.934s][info][gc,start    ] GC(3324) Pause Young (Mixed) (G1 Evacuation Pause)
[2024-08-15T16:16:02.989+0000][13658.934s][info][gc,task     ] GC(3324) Using 6 workers of 6 for evacuation
[2024-08-15T16:16:03.045+0000][13658.990s][info][gc,phases   ] GC(3324)   Pre Evacuate Collection Set: 0.2ms
[2024-08-15T16:16:03.045+0000][13658.990s][info][gc,phases   ] GC(3324)   Merge Heap Roots: 0.4ms
[2024-08-15T16:16:03.045+0000][13658.990s][info][gc,phases   ] GC(3324)   Evacuate Collection Set: 53.2ms
[2024-08-15T16:16:03.045+0000][13658.990s][info][gc,phases   ] GC(3324)   Post Evacuate Collection Set: 2.1ms
[2024-08-15T16:16:03.045+0000][13658.990s][info][gc,phases   ] GC(3324)   Other: 0.2ms
[2024-08-15T16:16:03.045+0000][13658.990s][info][gc,heap     ] GC(3324) Eden regions: 66->0(672)
[2024-08-15T16:16:03.045+0000][13658.990s][info][gc,heap     ] GC(3324) Survivor regions: 10->4(10)
[2024-08-15T16:16:03.045+0000][13658.990s][info][gc,heap     ] GC(3324) Old regions: 532->534
[2024-08-15T16:16:03.045+0000][13658.990s][info][gc,heap     ] GC(3324) Archive regions: 2->2
[2024-08-15T16:16:03.045+0000][13658.990s][info][gc,heap     ] GC(3324) Humongous regions: 5->5
[2024-08-15T16:16:03.045+0000][13658.990s][info][gc,metaspace] GC(3324) Metaspace: 442521K(448896K)->442521K(448896K) NonClass: 387628K(391168K)->387628K(391168K) Class: 54893K(57728K)->54893K(57728K)
[2024-08-15T16:16:03.045+0000][13658.990s][info][gc          ] GC(3324) Pause Young (Mixed) (G1 Evacuation Pause) 4905M->4344M(12288M) 56.116ms
[2024-08-15T16:16:03.045+0000][13658.990s][info][gc,cpu      ] GC(3324) User=0.33s Sys=0.00s Real=0.06s
[2024-08-15T16:16:04.825+0000][13660.770s][info][gc,start    ] GC(3325) Pause Young (Normal) (G1 Evacuation Pause)
[2024-08-15T16:16:04.825+0000][13660.770s][info][gc,task     ] GC(3325) Using 6 workers of 6 for evacuation
[2024-08-15T16:16:04.866+0000][13660.811s][info][gc,phases   ] GC(3325)   Pre Evacuate Collection Set: 0.2ms
[2024-08-15T16:16:04.866+0000][13660.811s][info][gc,phases   ] GC(3325)   Merge Heap Roots: 0.2ms
[2024-08-15T16:16:04.866+0000][13660.811s][info][gc,phases   ] GC(3325)   Evacuate Collection Set: 30.6ms
[2024-08-15T16:16:04.866+0000][13660.811s][info][gc,phases   ] GC(3325)   Post Evacuate Collection Set: 10.2ms
[2024-08-15T16:16:04.866+0000][13660.811s][info][gc,phases   ] GC(3325)   Other: 0.2ms
[2024-08-15T16:16:04.866+0000][13660.811s][info][gc,heap     ] GC(3325) Eden regions: 672->0(667)
[2024-08-15T16:16:04.866+0000][13660.811s][info][gc,heap     ] GC(3325) Survivor regions: 4->8(85)
[2024-08-15T16:16:04.866+0000][13660.811s][info][gc,heap     ] GC(3325) Old regions: 534->534
[2024-08-15T16:16:04.866+0000][13660.811s][info][gc,heap     ] GC(3325) Archive regions: 2->2
[2024-08-15T16:16:04.866+0000][13660.811s][info][gc,heap     ] GC(3325) Humongous regions: 5->5
[2024-08-15T16:16:04.866+0000][13660.811s][info][gc,metaspace] GC(3325) Metaspace: 442521K(448896K)->442521K(448896K) NonClass: 387628K(391168K)->387628K(391168K) Class: 54893K(57728K)->54893K(57728K)
[2024-08-15T16:16:04.866+0000][13660.811s][info][gc          ] GC(3325) Pause Young (Normal) (G1 Evacuation Pause) 9720M->4374M(12288M) 41.477ms
[2024-08-15T16:16:04.866+0000][13660.811s][info][gc,cpu      ] GC(3325) User=0.24s Sys=0.00s Real=0.04s
[2024-08-15T16:16:06.421+0000][13662.366s][info][gc,start    ] GC(3326) Pause Young (Concurrent Start) (G1 Humongous Allocation)
[2024-08-15T16:16:06.421+0000][13662.366s][info][gc,task     ] GC(3326) Using 6 workers of 6 for evacuation
[2024-08-15T16:16:06.495+0000][13662.440s][info][gc,phases   ] GC(3326)   Pre Evacuate Collection Set: 0.5ms
[2024-08-15T16:16:06.495+0000][13662.440s][info][gc,phases   ] GC(3326)   Merge Heap Roots: 0.2ms
[2024-08-15T16:16:06.495+0000][13662.440s][info][gc,phases   ] GC(3326)   Evacuate Collection Set: 56.9ms
[2024-08-15T16:16:06.495+0000][13662.440s][info][gc,phases   ] GC(3326)   Post Evacuate Collection Set: 16.3ms
[2024-08-15T16:16:06.495+0000][13662.440s][info][gc,phases   ] GC(3326)   Other: 0.3ms
[2024-08-15T16:16:06.495+0000][13662.440s][info][gc,heap     ] GC(3326) Eden regions: 611->0(662)
[2024-08-15T16:16:06.495+0000][13662.440s][info][gc,heap     ] GC(3326) Survivor regions: 8->11(85)
[2024-08-15T16:16:06.495+0000][13662.440s][info][gc,heap     ] GC(3326) Old regions: 534->534
[2024-08-15T16:16:06.495+0000][13662.440s][info][gc,heap     ] GC(3326) Archive regions: 2->2
[2024-08-15T16:16:06.495+0000][13662.440s][info][gc,heap     ] GC(3326) Humongous regions: 5->5
[2024-08-15T16:16:06.495+0000][13662.440s][info][gc,metaspace] GC(3326) Metaspace: 442523K(448896K)->442523K(448896K) NonClass: 387630K(391168K)->387630K(391168K) Class: 54893K(57728K)->54893K(57728K)
[2024-08-15T16:16:06.495+0000][13662.440s][info][gc          ] GC(3326) Pause Young (Concurrent Start) (G1 Humongous Allocation) 9262M->4397M(12288M) 74.268ms
[2024-08-15T16:16:06.495+0000][13662.440s][info][gc,cpu      ] GC(3326) User=0.44s Sys=0.00s Real=0.08s
[2024-08-15T16:16:06.496+0000][13662.440s][info][gc          ] GC(3327) Concurrent Mark Cycle
[2024-08-15T16:16:06.496+0000][13662.440s][info][gc,marking  ] GC(3327) Concurrent Clear Claimed Marks
[2024-08-15T16:16:06.496+0000][13662.441s][info][gc,marking  ] GC(3327) Concurrent Clear Claimed Marks 0.400ms
[2024-08-15T16:16:06.496+0000][13662.441s][info][gc,marking  ] GC(3327) Concurrent Scan Root Regions
[2024-08-15T16:16:06.545+0000][13662.490s][info][gc,marking  ] GC(3327) Concurrent Scan Root Regions 49.234ms
[2024-08-15T16:16:06.545+0000][13662.490s][info][gc,marking  ] GC(3327) Concurrent Mark
[2024-08-15T16:16:06.545+0000][13662.490s][info][gc,marking  ] GC(3327) Concurrent Mark From Roots
[2024-08-15T16:16:06.545+0000][13662.490s][info][gc,task     ] GC(3327) Using 2 workers of 2 for marking
[2024-08-15T16:16:08.860+0000][13664.805s][info][gc,start    ] GC(3328) Pause Young (Normal) (G1 Evacuation Pause)
[2024-08-15T16:16:08.860+0000][13664.805s][info][gc,task     ] GC(3328) Using 6 workers of 6 for evacuation
[2024-08-15T16:16:08.919+0000][13664.864s][info][gc,phases   ] GC(3328)   Pre Evacuate Collection Set: 0.2ms
[2024-08-15T16:16:08.919+0000][13664.864s][info][gc,phases   ] GC(3328)   Merge Heap Roots: 0.3ms
[2024-08-15T16:16:08.919+0000][13664.864s][info][gc,phases   ] GC(3328)   Evacuate Collection Set: 48.4ms
[2024-08-15T16:16:08.919+0000][13664.864s][info][gc,phases   ] GC(3328)   Post Evacuate Collection Set: 10.2ms
[2024-08-15T16:16:08.919+0000][13664.864s][info][gc,phases   ] GC(3328)   Other: 0.2ms
[2024-08-15T16:16:08.919+0000][13664.864s][info][gc,heap     ] GC(3328) Eden regions: 662->0(660)
[2024-08-15T16:16:08.919+0000][13664.864s][info][gc,heap     ] GC(3328) Survivor regions: 11->12(85)
[2024-08-15T16:16:08.919+0000][13664.864s][info][gc,heap     ] GC(3328) Old regions: 534->534
[2024-08-15T16:16:08.919+0000][13664.864s][info][gc,heap     ] GC(3328) Archive regions: 2->2
[2024-08-15T16:16:08.919+0000][13664.864s][info][gc,heap     ] GC(3328) Humongous regions: 6->6
[2024-08-15T16:16:08.920+0000][13664.864s][info][gc,metaspace] GC(3328) Metaspace: 442523K(448896K)->442523K(448896K) NonClass: 387630K(391168K)->387630K(391168K) Class: 54893K(57728K)->54893K(57728K)
[2024-08-15T16:16:08.920+0000][13664.864s][info][gc          ] GC(3328) Pause Young (Normal) (G1 Evacuation Pause) 9701M->4410M(12288M) 59.371ms
[2024-08-15T16:16:08.920+0000][13664.864s][info][gc,cpu      ] GC(3328) User=0.34s Sys=0.00s Real=0.06s
[2024-08-15T16:16:10.250+0000][13666.195s][info][gc,marking  ] GC(3327) Concurrent Mark From Roots 3705.216ms
[2024-08-15T16:16:10.251+0000][13666.195s][info][gc,marking  ] GC(3327) Concurrent Preclean
[2024-08-15T16:16:10.252+0000][13666.197s][info][gc,marking  ] GC(3327) Concurrent Preclean 1.419ms
[2024-08-15T16:16:10.252+0000][13666.197s][info][gc,start    ] GC(3327) Pause Remark
[2024-08-15T16:16:10.275+0000][13666.220s][info][gc          ] GC(3327) Pause Remark 7738M->7738M(12288M) 23.417ms
[2024-08-15T16:16:10.276+0000][13666.220s][info][gc,cpu      ] GC(3327) User=0.10s Sys=0.00s Real=0.03s
[2024-08-15T16:16:10.276+0000][13666.220s][info][gc,marking  ] GC(3327) Concurrent Mark 3730.450ms
[2024-08-15T16:16:10.276+0000][13666.220s][info][gc,marking  ] GC(3327) Concurrent Rebuild Remembered Sets
[2024-08-15T16:16:11.025+0000][13666.970s][info][gc,start    ] GC(3329) Pause Young (Normal) (G1 Evacuation Pause)
[2024-08-15T16:16:11.025+0000][13666.970s][info][gc,task     ] GC(3329) Using 6 workers of 6 for evacuation
[2024-08-15T16:16:11.073+0000][13667.017s][info][gc,phases   ] GC(3329)   Pre Evacuate Collection Set: 0.2ms
[2024-08-15T16:16:11.073+0000][13667.017s][info][gc,phases   ] GC(3329)   Merge Heap Roots: 0.4ms
[2024-08-15T16:16:11.073+0000][13667.017s][info][gc,phases   ] GC(3329)   Evacuate Collection Set: 41.4ms
[2024-08-15T16:16:11.073+0000][13667.017s][info][gc,phases   ] GC(3329)   Post Evacuate Collection Set: 5.6ms
[2024-08-15T16:16:11.073+0000][13667.017s][info][gc,phases   ] GC(3329)   Other: 0.2ms
[2024-08-15T16:16:11.073+0000][13667.017s][info][gc,heap     ] GC(3329) Eden regions: 660->0(660)
[2024-08-15T16:16:11.073+0000][13667.017s][info][gc,heap     ] GC(3329) Survivor regions: 12->13(84)
[2024-08-15T16:16:11.073+0000][13667.017s][info][gc,heap     ] GC(3329) Old regions: 534->534
[2024-08-15T16:16:11.073+0000][13667.017s][info][gc,heap     ] GC(3329) Archive regions: 2->2
[2024-08-15T16:16:11.073+0000][13667.017s][info][gc,heap     ] GC(3329) Humongous regions: 6->6
[2024-08-15T16:16:11.073+0000][13667.017s][info][gc,metaspace] GC(3329) Metaspace: 442523K(448896K)->442523K(448896K) NonClass: 387630K(391168K)->387630K(391168K) Class: 54893K(57728K)->54893K(57728K)
[2024-08-15T16:16:11.073+0000][13667.017s][info][gc          ] GC(3329) Pause Young (Normal) (G1 Evacuation Pause) 9690M->4422M(12288M) 47.697ms
[2024-08-15T16:16:11.073+0000][13667.018s][info][gc,cpu      ] GC(3329) User=0.27s Sys=0.01s Real=0.04s
[2024-08-15T16:16:12.397+0000][13668.342s][info][gc,marking  ] GC(3327) Concurrent Rebuild Remembered Sets 2121.459ms
[2024-08-15T16:16:12.397+0000][13668.342s][info][gc,start    ] GC(3327) Pause Cleanup
[2024-08-15T16:16:12.398+0000][13668.342s][info][gc          ] GC(3327) Pause Cleanup 8062M->8062M(12288M) 0.475ms
[2024-08-15T16:16:12.398+0000][13668.342s][info][gc,cpu      ] GC(3327) User=0.00s Sys=0.00s Real=0.00s
[2024-08-15T16:16:12.398+0000][13668.343s][info][gc,marking  ] GC(3327) Concurrent Cleanup for Next Mark
[2024-08-15T16:16:12.414+0000][13668.359s][info][gc,marking  ] GC(3327) Concurrent Cleanup for Next Mark 16.527ms
[2024-08-15T16:16:12.415+0000][13668.359s][info][gc          ] GC(3327) Concurrent Mark Cycle 5919.024ms
[2024-08-15T16:16:12.904+0000][13668.848s][info][gc,start    ] GC(3330) Pause Young (Prepare Mixed) (G1 Evacuation Pause)
[2024-08-15T16:16:12.904+0000][13668.849s][info][gc,task     ] GC(3330) Using 6 workers of 6 for evacuation
[2024-08-15T16:16:12.963+0000][13668.908s][info][gc,phases   ] GC(3330)   Pre Evacuate Collection Set: 0.2ms
[2024-08-15T16:16:12.963+0000][13668.908s][info][gc,phases   ] GC(3330)   Merge Heap Roots: 0.4ms
[2024-08-15T16:16:12.963+0000][13668.908s][info][gc,phases   ] GC(3330)   Evacuate Collection Set: 51.1ms
[2024-08-15T16:16:12.963+0000][13668.908s][info][gc,phases   ] GC(3330)   Post Evacuate Collection Set: 7.2ms
[2024-08-15T16:16:12.963+0000][13668.908s][info][gc,phases   ] GC(3330)   Other: 0.2ms
[2024-08-15T16:16:12.963+0000][13668.908s][info][gc,heap     ] GC(3330) Eden regions: 660->0(61)
[2024-08-15T16:16:12.963+0000][13668.908s][info][gc,heap     ] GC(3330) Survivor regions: 13->15(85)
[2024-08-15T16:16:12.963+0000][13668.908s][info][gc,heap     ] GC(3330) Old regions: 534->534
[2024-08-15T16:16:12.963+0000][13668.908s][info][gc,heap     ] GC(3330) Archive regions: 2->2
[2024-08-15T16:16:12.963+0000][13668.908s][info][gc,heap     ] GC(3330) Humongous regions: 6->6
[2024-08-15T16:16:12.963+0000][13668.908s][info][gc,metaspace] GC(3330) Metaspace: 442523K(448896K)->442523K(448896K) NonClass: 387630K(391168K)->387630K(391168K) Class: 54893K(57728K)->54893K(57728K)
[2024-08-15T16:16:12.963+0000][13668.908s][info][gc          ] GC(3330) Pause Young (Prepare Mixed) (G1 Evacuation Pause) 9702M->4440M(12288M) 59.154ms
[2024-08-15T16:16:12.963+0000][13668.908s][info][gc,cpu      ] GC(3330) User=0.35s Sys=0.00s Real=0.06s
[2024-08-15T16:16:13.141+0000][13669.086s][info][gc,start    ] GC(3331) Pause Young (Mixed) (G1 Evacuation Pause)
[2024-08-15T16:16:13.141+0000][13669.086s][info][gc,task     ] GC(3331) Using 6 workers of 6 for evacuation
[2024-08-15T16:16:13.218+0000][13669.163s][info][gc,phases   ] GC(3331)   Pre Evacuate Collection Set: 0.2ms
[2024-08-15T16:16:13.218+0000][13669.163s][info][gc,phases   ] GC(3331)   Merge Heap Roots: 0.4ms
[2024-08-15T16:16:13.218+0000][13669.163s][info][gc,phases   ] GC(3331)   Evacuate Collection Set: 75.1ms
[2024-08-15T16:16:13.218+0000][13669.163s][info][gc,phases   ] GC(3331)   Post Evacuate Collection Set: 1.5ms
[2024-08-15T16:16:13.218+0000][13669.163s][info][gc,phases   ] GC(3331)   Other: 0.2ms
[2024-08-15T16:16:13.218+0000][13669.163s][info][gc,heap     ] GC(3331) Eden regions: 61->0(663)
[2024-08-15T16:16:13.218+0000][13669.163s][info][gc,heap     ] GC(3331) Survivor regions: 15->6(10)
[2024-08-15T16:16:13.218+0000][13669.163s][info][gc,heap     ] GC(3331) Old regions: 534->539
[2024-08-15T16:16:13.218+0000][13669.163s][info][gc,heap     ] GC(3331) Archive regions: 2->2
[2024-08-15T16:16:13.218+0000][13669.163s][info][gc,heap     ] GC(3331) Humongous regions: 6->6
[2024-08-15T16:16:13.218+0000][13669.163s][info][gc,metaspace] GC(3331) Metaspace: 442523K(448896K)->442523K(448896K) NonClass: 387630K(391168K)->387630K(391168K) Class: 54893K(57728K)->54893K(57728K)
[2024-08-15T16:16:13.218+0000][13669.163s][info][gc          ] GC(3331) Pause Young (Mixed) (G1 Evacuation Pause) 4928M->4411M(12288M) 77.447ms
[2024-08-15T16:16:13.218+0000][13669.163s][info][gc,cpu      ] GC(3331) User=0.46s Sys=0.01s Real=0.08s
[2024-08-15T16:16:14.970+0000][13670.914s][info][gc,start    ] GC(3332) Pause Young (Normal) (G1 Evacuation Pause)
[2024-08-15T16:16:14.970+0000][13670.914s][info][gc,task     ] GC(3332) Using 6 workers of 6 for evacuation
[2024-08-15T16:16:15.004+0000][13670.949s][info][gc,phases   ] GC(3332)   Pre Evacuate Collection Set: 0.2ms
[2024-08-15T16:16:15.004+0000][13670.949s][info][gc,phases   ] GC(3332)   Merge Heap Roots: 0.3ms
[2024-08-15T16:16:15.004+0000][13670.949s][info][gc,phases   ] GC(3332)   Evacuate Collection Set: 27.5ms
[2024-08-15T16:16:15.004+0000][13670.949s][info][gc,phases   ] GC(3332)   Post Evacuate Collection Set: 6.3ms
[2024-08-15T16:16:15.004+0000][13670.949s][info][gc,phases   ] GC(3332)   Other: 0.2ms
[2024-08-15T16:16:15.004+0000][13670.949s][info][gc,heap     ] GC(3332) Eden regions: 663->0(661)
[2024-08-15T16:16:15.004+0000][13670.949s][info][gc,heap     ] GC(3332) Survivor regions: 6->8(84)
[2024-08-15T16:16:15.004+0000][13670.949s][info][gc,heap     ] GC(3332) Old regions: 539->539
[2024-08-15T16:16:15.004+0000][13670.949s][info][gc,heap     ] GC(3332) Archive regions: 2->2
[2024-08-15T16:16:15.004+0000][13670.949s][info][gc,heap     ] GC(3332) Humongous regions: 6->6
[2024-08-15T16:16:15.004+0000][13670.949s][info][gc,metaspace] GC(3332) Metaspace: 442523K(448896K)->442523K(448896K) NonClass: 387630K(391168K)->387630K(391168K) Class: 54893K(57728K)->54893K(57728K)
[2024-08-15T16:16:15.004+0000][13670.949s][info][gc          ] GC(3332) Pause Young (Normal) (G1 Evacuation Pause) 9715M->4426M(12288M) 34.425ms
[2024-08-15T16:16:15.004+0000][13670.949s][info][gc,cpu      ] GC(3332) User=0.20s Sys=0.00s Real=0.04s
[2024-08-15T16:16:16.736+0000][13672.681s][info][gc,start    ] GC(3333) Pause Young (Normal) (G1 Evacuation Pause)
[2024-08-15T16:16:16.736+0000][13672.681s][info][gc,task     ] GC(3333) Using 6 workers of 6 for evacuation
[2024-08-15T16:16:16.783+0000][13672.727s][info][gc,phases   ] GC(3333)   Pre Evacuate Collection Set: 0.2ms
[2024-08-15T16:16:16.783+0000][13672.727s][info][gc,phases   ] GC(3333)   Merge Heap Roots: 0.4ms
[2024-08-15T16:16:16.783+0000][13672.727s][info][gc,phases   ] GC(3333)   Evacuate Collection Set: 39.0ms
[2024-08-15T16:16:16.783+0000][13672.727s][info][gc,phases   ] GC(3333)   Post Evacuate Collection Set: 7.0ms
[2024-08-15T16:16:16.783+0000][13672.727s][info][gc,phases   ] GC(3333)   Other: 0.2ms
[2024-08-15T16:16:16.783+0000][13672.727s][info][gc,heap     ] GC(3333) Eden regions: 661->0(661)
[2024-08-15T16:16:16.783+0000][13672.727s][info][gc,heap     ] GC(3333) Survivor regions: 8->9(84)
[2024-08-15T16:16:16.783+0000][13672.727s][info][gc,heap     ] GC(3333) Old regions: 539->539
[2024-08-15T16:16:16.783+0000][13672.727s][info][gc,heap     ] GC(3333) Archive regions: 2->2
[2024-08-15T16:16:16.783+0000][13672.727s][info][gc,heap     ] GC(3333) Humongous regions: 6->6
[2024-08-15T16:16:16.783+0000][13672.727s][info][gc,metaspace] GC(3333) Metaspace: 442523K(448896K)->442523K(448896K) NonClass: 387630K(391168K)->387630K(391168K) Class: 54893K(57728K)->54893K(57728K)
[2024-08-15T16:16:16.783+0000][13672.728s][info][gc          ] GC(3333) Pause Young (Normal) (G1 Evacuation Pause) 9714M->4436M(12288M) 46.834ms
[2024-08-15T16:16:16.783+0000][13672.728s][info][gc,cpu      ] GC(3333) User=0.27s Sys=0.00s Real=0.04s
[2024-08-15T16:16:18.569+0000][13674.514s][info][gc,start    ] GC(3334) Pause Young (Concurrent Start) (G1 Evacuation Pause)
[2024-08-15T16:16:18.569+0000][13674.514s][info][gc,task     ] GC(3334) Using 6 workers of 6 for evacuation
[2024-08-15T16:16:18.607+0000][13674.552s][info][gc,phases   ] GC(3334)   Pre Evacuate Collection Set: 0.6ms
[2024-08-15T16:16:18.607+0000][13674.552s][info][gc,phases   ] GC(3334)   Merge Heap Roots: 0.4ms
[2024-08-15T16:16:18.607+0000][13674.552s][info][gc,phases   ] GC(3334)   Evacuate Collection Set: 33.1ms
[2024-08-15T16:16:18.607+0000][13674.552s][info][gc,phases   ] GC(3334)   Post Evacuate Collection Set: 3.8ms
[2024-08-15T16:16:18.607+0000][13674.552s][info][gc,phases   ] GC(3334)   Other: 0.3ms
[2024-08-15T16:16:18.607+0000][13674.552s][info][gc,heap     ] GC(3334) Eden regions: 661->0(659)
[2024-08-15T16:16:18.607+0000][13674.552s][info][gc,heap     ] GC(3334) Survivor regions: 9->11(84)
[2024-08-15T16:16:18.607+0000][13674.552s][info][gc,heap     ] GC(3334) Old regions: 539->539
[2024-08-15T16:16:18.607+0000][13674.552s][info][gc,heap     ] GC(3334) Archive regions: 2->2
[2024-08-15T16:16:18.607+0000][13674.552s][info][gc,heap     ] GC(3334) Humongous regions: 6->6
[2024-08-15T16:16:18.607+0000][13674.552s][info][gc,metaspace] GC(3334) Metaspace: 442523K(448896K)->442523K(448896K) NonClass: 387630K(391168K)->387630K(391168K) Class: 54893K(57728K)->54893K(57728K)
[2024-08-15T16:16:18.607+0000][13674.552s][info][gc          ] GC(3334) Pause Young (Concurrent Start) (G1 Evacuation Pause) 9724M->4448M(12288M) 38.098ms
[2024-08-15T16:16:18.607+0000][13674.552s][info][gc,cpu      ] GC(3334) User=0.22s Sys=0.01s Real=0.04s
[2024-08-15T16:16:18.607+0000][13674.552s][info][gc          ] GC(3335) Concurrent Mark Cycle
[2024-08-15T16:16:18.607+0000][13674.552s][info][gc,marking  ] GC(3335) Concurrent Clear Claimed Marks
[2024-08-15T16:16:18.608+0000][13674.552s][info][gc,marking  ] GC(3335) Concurrent Clear Claimed Marks 0.376ms
[2024-08-15T16:16:18.608+0000][13674.552s][info][gc,marking  ] GC(3335) Concurrent Scan Root Regions
[2024-08-15T16:16:18.635+0000][13674.580s][info][gc,marking  ] GC(3335) Concurrent Scan Root Regions 27.340ms
[2024-08-15T16:16:18.635+0000][13674.580s][info][gc,marking  ] GC(3335) Concurrent Mark
[2024-08-15T16:16:18.635+0000][13674.580s][info][gc,marking  ] GC(3335) Concurrent Mark From Roots
[2024-08-15T16:16:18.635+0000][13674.580s][info][gc,task     ] GC(3335) Using 2 workers of 2 for marking
[2024-08-15T16:16:20.752+0000][13676.696s][info][gc,start    ] GC(3336) Pause Young (Normal) (G1 Evacuation Pause)
[2024-08-15T16:16:20.752+0000][13676.696s][info][gc,task     ] GC(3336) Using 6 workers of 6 for evacuation
[2024-08-15T16:16:20.804+0000][13676.749s][info][gc,phases   ] GC(3336)   Pre Evacuate Collection Set: 0.2ms
[2024-08-15T16:16:20.804+0000][13676.749s][info][gc,phases   ] GC(3336)   Merge Heap Roots: 0.4ms
[2024-08-15T16:16:20.804+0000][13676.749s][info][gc,phases   ] GC(3336)   Evacuate Collection Set: 45.2ms
[2024-08-15T16:16:20.804+0000][13676.749s][info][gc,phases   ] GC(3336)   Post Evacuate Collection Set: 6.5ms
[2024-08-15T16:16:20.804+0000][13676.749s][info][gc,phases   ] GC(3336)   Other: 0.2ms
[2024-08-15T16:16:20.804+0000][13676.749s][info][gc,heap     ] GC(3336) Eden regions: 659->0(655)
[2024-08-15T16:16:20.804+0000][13676.749s][info][gc,heap     ] GC(3336) Survivor regions: 11->13(84)
[2024-08-15T16:16:20.804+0000][13676.749s][info][gc,heap     ] GC(3336) Old regions: 539->539
[2024-08-15T16:16:20.804+0000][13676.749s][info][gc,heap     ] GC(3336) Archive regions: 2->2
[2024-08-15T16:16:20.804+0000][13676.749s][info][gc,heap     ] GC(3336) Humongous regions: 6->6
[2024-08-15T16:16:20.804+0000][13676.749s][info][gc,metaspace] GC(3336) Metaspace: 442523K(448896K)->442523K(448896K) NonClass: 387630K(391168K)->387630K(391168K) Class: 54893K(57728K)->54893K(57728K)
[2024-08-15T16:16:20.804+0000][13676.749s][info][gc          ] GC(3336) Pause Young (Normal) (G1 Evacuation Pause) 9720M->4465M(12288M) 52.589ms
[2024-08-15T16:16:20.804+0000][13676.749s][info][gc,cpu      ] GC(3336) User=0.31s Sys=0.00s Real=0.06s
[2024-08-15T16:16:21.946+0000][13677.891s][info][gc,marking  ] GC(3335) Concurrent Mark From Roots 3311.205ms
[2024-08-15T16:16:21.946+0000][13677.891s][info][gc,marking  ] GC(3335) Concurrent Preclean
[2024-08-15T16:16:21.948+0000][13677.893s][info][gc,marking  ] GC(3335) Concurrent Preclean 2.065ms
[2024-08-15T16:16:21.948+0000][13677.893s][info][gc,start    ] GC(3335) Pause Remark
[2024-08-15T16:16:21.972+0000][13677.917s][info][gc          ] GC(3335) Pause Remark 7209M->7209M(12288M) 23.616ms
[2024-08-15T16:16:21.972+0000][13677.917s][info][gc,cpu      ] GC(3335) User=0.10s Sys=0.00s Real=0.02s
[2024-08-15T16:16:21.972+0000][13677.917s][info][gc,marking  ] GC(3335) Concurrent Mark 3337.393ms
[2024-08-15T16:16:21.972+0000][13677.917s][info][gc,marking  ] GC(3335) Concurrent Rebuild Remembered Sets
[2024-08-15T16:16:22.956+0000][13678.900s][info][gc,start    ] GC(3337) Pause Young (Normal) (G1 Evacuation Pause)
[2024-08-15T16:16:22.956+0000][13678.900s][info][gc,task     ] GC(3337) Using 6 workers of 6 for evacuation
[2024-08-15T16:16:23.026+0000][13678.971s][info][gc,phases   ] GC(3337)   Pre Evacuate Collection Set: 0.2ms
[2024-08-15T16:16:23.026+0000][13678.971s][info][gc,phases   ] GC(3337)   Merge Heap Roots: 0.4ms
[2024-08-15T16:16:23.026+0000][13678.971s][info][gc,phases   ] GC(3337)   Evacuate Collection Set: 58.5ms
[2024-08-15T16:16:23.026+0000][13678.971s][info][gc,phases   ] GC(3337)   Post Evacuate Collection Set: 11.5ms
[2024-08-15T16:16:23.026+0000][13678.971s][info][gc,phases   ] GC(3337)   Other: 0.2ms
[2024-08-15T16:16:23.026+0000][13678.971s][info][gc,heap     ] GC(3337) Eden regions: 655->0(649)
[2024-08-15T16:16:23.026+0000][13678.971s][info][gc,heap     ] GC(3337) Survivor regions: 13->16(84)
[2024-08-15T16:16:23.026+0000][13678.971s][info][gc,heap     ] GC(3337) Old regions: 539->539
[2024-08-15T16:16:23.026+0000][13678.971s][info][gc,heap     ] GC(3337) Archive regions: 2->2
[2024-08-15T16:16:23.026+0000][13678.971s][info][gc,heap     ] GC(3337) Humongous regions: 6->6
[2024-08-15T16:16:23.026+0000][13678.971s][info][gc,metaspace] GC(3337) Metaspace: 442523K(448896K)->442523K(448896K) NonClass: 387630K(391168K)->387630K(391168K) Class: 54893K(57728K)->54893K(57728K)
[2024-08-15T16:16:23.026+0000][13678.971s][info][gc          ] GC(3337) Pause Young (Normal) (G1 Evacuation Pause) 9705M->4487M(12288M) 70.810ms
[2024-08-15T16:16:23.026+0000][13678.971s][info][gc,cpu      ] GC(3337) User=0.40s Sys=0.00s Real=0.07s
[2024-08-15T16:16:24.068+0000][13680.013s][info][gc,marking  ] GC(3335) Concurrent Rebuild Remembered Sets 2095.833ms
[2024-08-15T16:16:24.068+0000][13680.013s][info][gc,start    ] GC(3335) Pause Cleanup
[2024-08-15T16:16:24.069+0000][13680.014s][info][gc          ] GC(3335) Pause Cleanup 7023M->7023M(12288M) 0.565ms
[2024-08-15T16:16:24.069+0000][13680.014s][info][gc,cpu      ] GC(3335) User=0.00s Sys=0.00s Real=0.00s
[2024-08-15T16:16:24.069+0000][13680.014s][info][gc,marking  ] GC(3335) Concurrent Cleanup for Next Mark
[2024-08-15T16:16:24.086+0000][13680.030s][info][gc,marking  ] GC(3335) Concurrent Cleanup for Next Mark 16.724ms
[2024-08-15T16:16:24.086+0000][13680.030s][info][gc          ] GC(3335) Concurrent Mark Cycle 5478.687ms
[2024-08-15T16:16:26.012+0000][13681.956s][info][gc,start    ] GC(3338) Pause Young (Prepare Mixed) (G1 Evacuation Pause)
[2024-08-15T16:16:26.012+0000][13681.956s][info][gc,task     ] GC(3338) Using 6 workers of 6 for evacuation
[2024-08-15T16:16:26.058+0000][13682.003s][info][gc,phases   ] GC(3338)   Pre Evacuate Collection Set: 0.2ms
[2024-08-15T16:16:26.058+0000][13682.003s][info][gc,phases   ] GC(3338)   Merge Heap Roots: 0.5ms
[2024-08-15T16:16:26.058+0000][13682.003s][info][gc,phases   ] GC(3338)   Evacuate Collection Set: 43.0ms
[2024-08-15T16:16:26.058+0000][13682.003s][info][gc,phases   ] GC(3338)   Post Evacuate Collection Set: 2.4ms
[2024-08-15T16:16:26.058+0000][13682.003s][info][gc,phases   ] GC(3338)   Other: 0.2ms
[2024-08-15T16:16:26.058+0000][13682.003s][info][gc,heap     ] GC(3338) Eden regions: 649->0(59)
[2024-08-15T16:16:26.058+0000][13682.003s][info][gc,heap     ] GC(3338) Survivor regions: 16->17(84)
[2024-08-15T16:16:26.058+0000][13682.003s][info][gc,heap     ] GC(3338) Old regions: 539->539
[2024-08-15T16:16:26.058+0000][13682.003s][info][gc,heap     ] GC(3338) Archive regions: 2->2
[2024-08-15T16:16:26.058+0000][13682.003s][info][gc,heap     ] GC(3338) Humongous regions: 6->6
[2024-08-15T16:16:26.058+0000][13682.003s][info][gc,metaspace] GC(3338) Metaspace: 442523K(448896K)->442523K(448896K) NonClass: 387630K(391168K)->387630K(391168K) Class: 54893K(57728K)->54893K(57728K)
[2024-08-15T16:16:26.058+0000][13682.003s][info][gc          ] GC(3338) Pause Young (Prepare Mixed) (G1 Evacuation Pause) 9679M->4496M(12288M) 46.346ms
[2024-08-15T16:16:26.058+0000][13682.003s][info][gc,cpu      ] GC(3338) User=0.27s Sys=0.00s Real=0.05s
[2024-08-15T16:16:26.372+0000][13682.317s][info][gc,start    ] GC(3339) Pause Young (Mixed) (G1 Evacuation Pause)
[2024-08-15T16:16:26.372+0000][13682.317s][info][gc,task     ] GC(3339) Using 6 workers of 6 for evacuation
[2024-08-15T16:16:26.444+0000][13682.389s][info][gc,phases   ] GC(3339)   Pre Evacuate Collection Set: 0.2ms
[2024-08-15T16:16:26.444+0000][13682.389s][info][gc,phases   ] GC(3339)   Merge Heap Roots: 0.4ms
[2024-08-15T16:16:26.444+0000][13682.389s][info][gc,phases   ] GC(3339)   Evacuate Collection Set: 70.0ms
[2024-08-15T16:16:26.444+0000][13682.389s][info][gc,phases   ] GC(3339)   Post Evacuate Collection Set: 1.2ms
[2024-08-15T16:16:26.444+0000][13682.389s][info][gc,phases   ] GC(3339)   Other: 0.2ms
[2024-08-15T16:16:26.444+0000][13682.389s][info][gc,heap     ] GC(3339) Eden regions: 59->0(666)
[2024-08-15T16:16:26.444+0000][13682.389s][info][gc,heap     ] GC(3339) Survivor regions: 17->5(10)
[2024-08-15T16:16:26.444+0000][13682.389s][info][gc,heap     ] GC(3339) Old regions: 539->538
[2024-08-15T16:16:26.444+0000][13682.389s][info][gc,heap     ] GC(3339) Archive regions: 2->2
[2024-08-15T16:16:26.444+0000][13682.389s][info][gc,heap     ] GC(3339) Humongous regions: 6->6
[2024-08-15T16:16:26.444+0000][13682.389s][info][gc,metaspace] GC(3339) Metaspace: 442523K(448896K)->442523K(448896K) NonClass: 387630K(391168K)->387630K(391168K) Class: 54893K(57728K)->54893K(57728K)
[2024-08-15T16:16:26.444+0000][13682.389s][info][gc          ] GC(3339) Pause Young (Mixed) (G1 Evacuation Pause) 4968M->4392M(12288M) 72.029ms
[2024-08-15T16:16:26.444+0000][13682.389s][info][gc,cpu      ] GC(3339) User=0.42s Sys=0.00s Real=0.08s
[2024-08-15T16:16:30.297+0000][13686.242s][info][gc,start    ] GC(3340) Pause Young (Normal) (G1 Evacuation Pause)
[2024-08-15T16:16:30.297+0000][13686.242s][info][gc,task     ] GC(3340) Using 6 workers of 6 for evacuation
[2024-08-15T16:16:30.307+0000][13686.251s][info][gc,phases   ] GC(3340)   Pre Evacuate Collection Set: 0.2ms
[2024-08-15T16:16:30.307+0000][13686.251s][info][gc,phases   ] GC(3340)   Merge Heap Roots: 0.2ms
[2024-08-15T16:16:30.307+0000][13686.251s][info][gc,phases   ] GC(3340)   Evacuate Collection Set: 7.6ms
[2024-08-15T16:16:30.307+0000][13686.251s][info][gc,phases   ] GC(3340)   Post Evacuate Collection Set: 1.6ms
[2024-08-15T16:16:30.307+0000][13686.251s][info][gc,phases   ] GC(3340)   Other: 0.2ms
[2024-08-15T16:16:30.307+0000][13686.251s][info][gc,heap     ] GC(3340) Eden regions: 666->0(665)
[2024-08-15T16:16:30.307+0000][13686.251s][info][gc,heap     ] GC(3340) Survivor regions: 5->6(84)
[2024-08-15T16:16:30.307+0000][13686.251s][info][gc,heap     ] GC(3340) Old regions: 538->538
[2024-08-15T16:16:30.307+0000][13686.252s][info][gc,heap     ] GC(3340) Archive regions: 2->2
[2024-08-15T16:16:30.307+0000][13686.252s][info][gc,heap     ] GC(3340) Humongous regions: 6->6
[2024-08-15T16:16:30.307+0000][13686.252s][info][gc,metaspace] GC(3340) Metaspace: 442523K(448896K)->442523K(448896K) NonClass: 387630K(391168K)->387630K(391168K) Class: 54893K(57728K)->54893K(57728K)
[2024-08-15T16:16:30.307+0000][13686.252s][info][gc          ] GC(3340) Pause Young (Normal) (G1 Evacuation Pause) 9720M->4401M(12288M) 9.866ms
[2024-08-15T16:16:30.307+0000][13686.252s][info][gc,cpu      ] GC(3340) User=0.06s Sys=0.00s Real=0.01s
[2024-08-15T16:16:34.097+0000][13690.042s][info][gc,start    ] GC(3341) Pause Young (Normal) (G1 Evacuation Pause)
[2024-08-15T16:16:34.098+0000][13690.042s][info][gc,task     ] GC(3341) Using 6 workers of 6 for evacuation
[2024-08-15T16:16:34.109+0000][13690.054s][info][gc,phases   ] GC(3341)   Pre Evacuate Collection Set: 0.2ms
[2024-08-15T16:16:34.109+0000][13690.054s][info][gc,phases   ] GC(3341)   Merge Heap Roots: 0.2ms
[2024-08-15T16:16:34.109+0000][13690.054s][info][gc,phases   ] GC(3341)   Evacuate Collection Set: 9.4ms
[2024-08-15T16:16:34.109+0000][13690.054s][info][gc,phases   ] GC(3341)   Post Evacuate Collection Set: 1.6ms
[2024-08-15T16:16:34.109+0000][13690.054s][info][gc,phases   ] GC(3341)   Other: 0.2ms
[2024-08-15T16:16:34.109+0000][13690.054s][info][gc,heap     ] GC(3341) Eden regions: 665->0(665)
[2024-08-15T16:16:34.109+0000][13690.054s][info][gc,heap     ] GC(3341) Survivor regions: 6->6(84)
[2024-08-15T16:16:34.109+0000][13690.054s][info][gc,heap     ] GC(3341) Old regions: 538->538
[2024-08-15T16:16:34.109+0000][13690.054s][info][gc,heap     ] GC(3341) Archive regions: 2->2
[2024-08-15T16:16:34.109+0000][13690.054s][info][gc,heap     ] GC(3341) Humongous regions: 6->6
[2024-08-15T16:16:34.109+0000][13690.054s][info][gc,metaspace] GC(3341) Metaspace: 442523K(448896K)->442523K(448896K) NonClass: 387630K(391168K)->387630K(391168K) Class: 54893K(57728K)->54893K(57728K)
[2024-08-15T16:16:34.109+0000][13690.054s][info][gc          ] GC(3341) Pause Young (Normal) (G1 Evacuation Pause) 9721M->4403M(12288M) 11.656ms
[2024-08-15T16:16:34.109+0000][13690.054s][info][gc,cpu      ] GC(3341) User=0.07s Sys=0.00s Real=0.01s
[2024-08-15T16:16:39.150+0000][13695.095s][info][gc,start    ] GC(3342) Pause Young (Concurrent Start) (G1 Evacuation Pause)
[2024-08-15T16:16:39.150+0000][13695.095s][info][gc,task     ] GC(3342) Using 6 workers of 6 for evacuation
[2024-08-15T16:16:39.164+0000][13695.109s][info][gc,phases   ] GC(3342)   Pre Evacuate Collection Set: 0.5ms
[2024-08-15T16:16:39.164+0000][13695.109s][info][gc,phases   ] GC(3342)   Merge Heap Roots: 0.2ms
[2024-08-15T16:16:39.164+0000][13695.109s][info][gc,phases   ] GC(3342)   Evacuate Collection Set: 11.9ms
[2024-08-15T16:16:39.164+0000][13695.109s][info][gc,phases   ] GC(3342)   Post Evacuate Collection Set: 1.6ms
[2024-08-15T16:16:39.164+0000][13695.109s][info][gc,phases   ] GC(3342)   Other: 0.3ms
[2024-08-15T16:16:39.164+0000][13695.109s][info][gc,heap     ] GC(3342) Eden regions: 665->0(663)
[2024-08-15T16:16:39.164+0000][13695.109s][info][gc,heap     ] GC(3342) Survivor regions: 6->8(84)
[2024-08-15T16:16:39.164+0000][13695.109s][info][gc,heap     ] GC(3342) Old regions: 538->538
[2024-08-15T16:16:39.164+0000][13695.109s][info][gc,heap     ] GC(3342) Archive regions: 2->2
[2024-08-15T16:16:39.164+0000][13695.109s][info][gc,heap     ] GC(3342) Humongous regions: 6->6
[2024-08-15T16:16:39.164+0000][13695.109s][info][gc,metaspace] GC(3342) Metaspace: 442523K(448896K)->442523K(448896K) NonClass: 387630K(391168K)->387630K(391168K) Class: 54893K(57728K)->54893K(57728K)
[2024-08-15T16:16:39.165+0000][13695.109s][info][gc          ] GC(3342) Pause Young (Concurrent Start) (G1 Evacuation Pause) 9723M->4414M(12288M) 14.606ms
[2024-08-15T16:16:39.165+0000][13695.109s][info][gc,cpu      ] GC(3342) User=0.08s Sys=0.00s Real=0.02s
[2024-08-15T16:16:39.165+0000][13695.109s][info][gc          ] GC(3343) Concurrent Mark Cycle
[2024-08-15T16:16:39.165+0000][13695.109s][info][gc,marking  ] GC(3343) Concurrent Clear Claimed Marks
[2024-08-15T16:16:39.165+0000][13695.110s][info][gc,marking  ] GC(3343) Concurrent Clear Claimed Marks 0.357ms
[2024-08-15T16:16:39.165+0000][13695.110s][info][gc,marking  ] GC(3343) Concurrent Scan Root Regions
[2024-08-15T16:16:39.174+0000][13695.119s][info][gc,marking  ] GC(3343) Concurrent Scan Root Regions 9.429ms
[2024-08-15T16:16:39.174+0000][13695.119s][info][gc,marking  ] GC(3343) Concurrent Mark
[2024-08-15T16:16:39.174+0000][13695.119s][info][gc,marking  ] GC(3343) Concurrent Mark From Roots
[2024-08-15T16:16:39.174+0000][13695.119s][info][gc,task     ] GC(3343) Using 2 workers of 2 for marking
[2024-08-15T16:16:42.229+0000][13698.174s][info][gc,marking  ] GC(3343) Concurrent Mark From Roots 3054.594ms
[2024-08-15T16:16:42.229+0000][13698.174s][info][gc,marking  ] GC(3343) Concurrent Preclean
[2024-08-15T16:16:42.231+0000][13698.176s][info][gc,marking  ] GC(3343) Concurrent Preclean 2.150ms
[2024-08-15T16:16:42.231+0000][13698.176s][info][gc,start    ] GC(3343) Pause Remark
[2024-08-15T16:16:42.256+0000][13698.201s][info][gc          ] GC(3343) Pause Remark 7418M->7418M(12288M) 24.812ms
[2024-08-15T16:16:42.256+0000][13698.201s][info][gc,cpu      ] GC(3343) User=0.11s Sys=0.00s Real=0.03s
[2024-08-15T16:16:42.256+0000][13698.201s][info][gc,marking  ] GC(3343) Concurrent Mark 3081.921ms
[2024-08-15T16:16:42.256+0000][13698.201s][info][gc,marking  ] GC(3343) Concurrent Rebuild Remembered Sets
[2024-08-15T16:16:44.076+0000][13700.020s][info][gc,start    ] GC(3344) Pause Young (Normal) (G1 Evacuation Pause)
[2024-08-15T16:16:44.076+0000][13700.020s][info][gc,task     ] GC(3344) Using 6 workers of 6 for evacuation
[2024-08-15T16:16:44.092+0000][13700.036s][info][gc,phases   ] GC(3344)   Pre Evacuate Collection Set: 0.2ms
[2024-08-15T16:16:44.092+0000][13700.036s][info][gc,phases   ] GC(3344)   Merge Heap Roots: 0.3ms
[2024-08-15T16:16:44.092+0000][13700.036s][info][gc,phases   ] GC(3344)   Evacuate Collection Set: 13.6ms
[2024-08-15T16:16:44.092+0000][13700.036s][info][gc,phases   ] GC(3344)   Post Evacuate Collection Set: 1.6ms
[2024-08-15T16:16:44.092+0000][13700.036s][info][gc,phases   ] GC(3344)   Other: 0.2ms
[2024-08-15T16:16:44.092+0000][13700.036s][info][gc,heap     ] GC(3344) Eden regions: 663->0(664)
[2024-08-15T16:16:44.092+0000][13700.036s][info][gc,heap     ] GC(3344) Survivor regions: 8->7(84)
[2024-08-15T16:16:44.092+0000][13700.036s][info][gc,heap     ] GC(3344) Old regions: 538->538
[2024-08-15T16:16:44.092+0000][13700.036s][info][gc,heap     ] GC(3344) Archive regions: 2->2
[2024-08-15T16:16:44.092+0000][13700.036s][info][gc,heap     ] GC(3344) Humongous regions: 6->6
[2024-08-15T16:16:44.092+0000][13700.036s][info][gc,metaspace] GC(3344) Metaspace: 442523K(448896K)->442523K(448896K) NonClass: 387630K(391168K)->387630K(391168K) Class: 54893K(57728K)->54893K(57728K)
[2024-08-15T16:16:44.092+0000][13700.036s][info][gc          ] GC(3344) Pause Young (Normal) (G1 Evacuation Pause) 9718M->4411M(12288M) 15.980ms
[2024-08-15T16:16:44.092+0000][13700.036s][info][gc,cpu      ] GC(3344) User=0.09s Sys=0.00s Real=0.01s
[2024-08-15T16:16:44.255+0000][13700.200s][info][gc,marking  ] GC(3343) Concurrent Rebuild Remembered Sets 1998.518ms
[2024-08-15T16:16:44.255+0000][13700.200s][info][gc,start    ] GC(3343) Pause Cleanup
[2024-08-15T16:16:44.256+0000][13700.200s][info][gc          ] GC(3343) Pause Cleanup 4639M->4639M(12288M) 0.534ms
[2024-08-15T16:16:44.256+0000][13700.201s][info][gc,cpu      ] GC(3343) User=0.00s Sys=0.00s Real=0.00s
[2024-08-15T16:16:44.256+0000][13700.201s][info][gc,marking  ] GC(3343) Concurrent Cleanup for Next Mark
[2024-08-15T16:16:44.273+0000][13700.218s][info][gc,marking  ] GC(3343) Concurrent Cleanup for Next Mark 16.965ms
[2024-08-15T16:16:44.273+0000][13700.218s][info][gc          ] GC(3343) Concurrent Mark Cycle 5108.402ms
[2024-08-15T16:16:47.837+0000][13703.781s][info][gc,start    ] GC(3345) Pause Young (Prepare Mixed) (G1 Evacuation Pause)
[2024-08-15T16:16:47.837+0000][13703.781s][info][gc,task     ] GC(3345) Using 6 workers of 6 for evacuation
[2024-08-15T16:16:47.855+0000][13703.800s][info][gc,phases   ] GC(3345)   Pre Evacuate Collection Set: 0.2ms
[2024-08-15T16:16:47.855+0000][13703.800s][info][gc,phases   ] GC(3345)   Merge Heap Roots: 0.3ms
[2024-08-15T16:16:47.855+0000][13703.800s][info][gc,phases   ] GC(3345)   Evacuate Collection Set: 16.4ms
[2024-08-15T16:16:47.855+0000][13703.800s][info][gc,phases   ] GC(3345)   Post Evacuate Collection Set: 1.6ms
[2024-08-15T16:16:47.855+0000][13703.800s][info][gc,phases   ] GC(3345)   Other: 0.2ms
[2024-08-15T16:16:47.855+0000][13703.800s][info][gc,heap     ] GC(3345) Eden regions: 664->0(67)
[2024-08-15T16:16:47.855+0000][13703.800s][info][gc,heap     ] GC(3345) Survivor regions: 7->9(84)
[2024-08-15T16:16:47.855+0000][13703.800s][info][gc,heap     ] GC(3345) Old regions: 538->538
[2024-08-15T16:16:47.855+0000][13703.800s][info][gc,heap     ] GC(3345) Archive regions: 2->2
[2024-08-15T16:16:47.855+0000][13703.800s][info][gc,heap     ] GC(3345) Humongous regions: 6->6
[2024-08-15T16:16:47.855+0000][13703.800s][info][gc,metaspace] GC(3345) Metaspace: 442523K(448896K)->442523K(448896K) NonClass: 387630K(391168K)->387630K(391168K) Class: 54893K(57728K)->54893K(57728K)
[2024-08-15T16:16:47.855+0000][13703.800s][info][gc          ] GC(3345) Pause Young (Prepare Mixed) (G1 Evacuation Pause) 9723M->4428M(12288M) 18.757ms
[2024-08-15T16:16:47.855+0000][13703.800s][info][gc,cpu      ] GC(3345) User=0.11s Sys=0.00s Real=0.02s
[2024-08-15T16:16:48.236+0000][13704.181s][info][gc,start    ] GC(3346) Pause Young (Mixed) (G1 Evacuation Pause)
[2024-08-15T16:16:48.236+0000][13704.181s][info][gc,task     ] GC(3346) Using 6 workers of 6 for evacuation
[2024-08-15T16:16:48.281+0000][13704.226s][info][gc,phases   ] GC(3346)   Pre Evacuate Collection Set: 0.2ms
[2024-08-15T16:16:48.281+0000][13704.226s][info][gc,phases   ] GC(3346)   Merge Heap Roots: 0.3ms
[2024-08-15T16:16:48.281+0000][13704.226s][info][gc,phases   ] GC(3346)   Evacuate Collection Set: 42.8ms
[2024-08-15T16:16:48.281+0000][13704.226s][info][gc,phases   ] GC(3346)   Post Evacuate Collection Set: 1.2ms
[2024-08-15T16:16:48.281+0000][13704.226s][info][gc,phases   ] GC(3346)   Other: 0.2ms
[2024-08-15T16:16:48.281+0000][13704.226s][info][gc,heap     ] GC(3346) Eden regions: 67->0(669)
[2024-08-15T16:16:48.281+0000][13704.226s][info][gc,heap     ] GC(3346) Survivor regions: 9->5(10)
[2024-08-15T16:16:48.281+0000][13704.226s][info][gc,heap     ] GC(3346) Old regions: 538->535
[2024-08-15T16:16:48.281+0000][13704.226s][info][gc,heap     ] GC(3346) Archive regions: 2->2
[2024-08-15T16:16:48.281+0000][13704.226s][info][gc,heap     ] GC(3346) Humongous regions: 6->6
[2024-08-15T16:16:48.281+0000][13704.226s][info][gc,metaspace] GC(3346) Metaspace: 442523K(448896K)->442523K(448896K) NonClass: 387630K(391168K)->387630K(391168K) Class: 54893K(57728K)->54893K(57728K)
[2024-08-15T16:16:48.281+0000][13704.226s][info][gc          ] GC(3346) Pause Young (Mixed) (G1 Evacuation Pause) 4964M->4361M(12288M) 44.723ms
[2024-08-15T16:16:48.281+0000][13704.226s][info][gc,cpu      ] GC(3346) User=0.27s Sys=0.00s Real=0.04s
[2024-08-15T16:16:51.981+0000][13707.926s][info][gc,start    ] GC(3347) Pause Young (Normal) (G1 Evacuation Pause)
[2024-08-15T16:16:51.981+0000][13707.926s][info][gc,task     ] GC(3347) Using 6 workers of 6 for evacuation
[2024-08-15T16:16:51.991+0000][13707.935s][info][gc,phases   ] GC(3347)   Pre Evacuate Collection Set: 0.2ms
[2024-08-15T16:16:51.991+0000][13707.935s][info][gc,phases   ] GC(3347)   Merge Heap Roots: 0.2ms
[2024-08-15T16:16:51.991+0000][13707.935s][info][gc,phases   ] GC(3347)   Evacuate Collection Set: 7.6ms
[2024-08-15T16:16:51.991+0000][13707.935s][info][gc,phases   ] GC(3347)   Post Evacuate Collection Set: 1.6ms
[2024-08-15T16:16:51.991+0000][13707.935s][info][gc,phases   ] GC(3347)   Other: 0.2ms
[2024-08-15T16:16:51.991+0000][13707.935s][info][gc,heap     ] GC(3347) Eden regions: 669->0(668)
[2024-08-15T16:16:51.991+0000][13707.935s][info][gc,heap     ] GC(3347) Survivor regions: 5->6(85)
[2024-08-15T16:16:51.991+0000][13707.935s][info][gc,heap     ] GC(3347) Old regions: 535->535
[2024-08-15T16:16:51.991+0000][13707.935s][info][gc,heap     ] GC(3347) Archive regions: 2->2
[2024-08-15T16:16:51.991+0000][13707.935s][info][gc,heap     ] GC(3347) Humongous regions: 6->6
[2024-08-15T16:16:51.991+0000][13707.935s][info][gc,metaspace] GC(3347) Metaspace: 442523K(448896K)->442523K(448896K) NonClass: 387630K(391168K)->387630K(391168K) Class: 54893K(57728K)->54893K(57728K)
[2024-08-15T16:16:51.991+0000][13707.935s][info][gc          ] GC(3347) Pause Young (Normal) (G1 Evacuation Pause) 9713M->4370M(12288M) 9.738ms
[2024-08-15T16:16:51.991+0000][13707.935s][info][gc,cpu      ] GC(3347) User=0.05s Sys=0.00s Real=0.01s
[2024-08-15T16:16:55.705+0000][13711.649s][info][gc,start    ] GC(3348) Pause Young (Normal) (G1 Evacuation Pause)
[2024-08-15T16:16:55.705+0000][13711.650s][info][gc,task     ] GC(3348) Using 6 workers of 6 for evacuation
[2024-08-15T16:16:55.716+0000][13711.661s][info][gc,phases   ] GC(3348)   Pre Evacuate Collection Set: 0.2ms
[2024-08-15T16:16:55.716+0000][13711.661s][info][gc,phases   ] GC(3348)   Merge Heap Roots: 0.2ms
[2024-08-15T16:16:55.716+0000][13711.661s][info][gc,phases   ] GC(3348)   Evacuate Collection Set: 9.2ms
[2024-08-15T16:16:55.716+0000][13711.661s][info][gc,phases   ] GC(3348)   Post Evacuate Collection Set: 1.6ms
[2024-08-15T16:16:55.716+0000][13711.661s][info][gc,phases   ] GC(3348)   Other: 0.2ms
[2024-08-15T16:16:55.716+0000][13711.661s][info][gc,heap     ] GC(3348) Eden regions: 668->0(667)
[2024-08-15T16:16:55.716+0000][13711.661s][info][gc,heap     ] GC(3348) Survivor regions: 6->7(85)
[2024-08-15T16:16:55.716+0000][13711.661s][info][gc,heap     ] GC(3348) Old regions: 535->535
[2024-08-15T16:16:55.716+0000][13711.661s][info][gc,heap     ] GC(3348) Archive regions: 2->2
[2024-08-15T16:16:55.716+0000][13711.661s][info][gc,heap     ] GC(3348) Humongous regions: 6->6
[2024-08-15T16:16:55.716+0000][13711.661s][info][gc,metaspace] GC(3348) Metaspace: 442523K(448896K)->442523K(448896K) NonClass: 387630K(391168K)->387630K(391168K) Class: 54893K(57728K)->54893K(57728K)
[2024-08-15T16:16:55.716+0000][13711.661s][info][gc          ] GC(3348) Pause Young (Normal) (G1 Evacuation Pause) 9714M->4381M(12288M) 11.391ms
[2024-08-15T16:16:55.716+0000][13711.661s][info][gc,cpu      ] GC(3348) User=0.07s Sys=0.00s Real=0.01s
[2024-08-15T16:16:59.427+0000][13715.372s][info][gc,start    ] GC(3349) Pause Young (Concurrent Start) (G1 Evacuation Pause)
[2024-08-15T16:16:59.427+0000][13715.372s][info][gc,task     ] GC(3349) Using 6 workers of 6 for evacuation
[2024-08-15T16:16:59.441+0000][13715.386s][info][gc,phases   ] GC(3349)   Pre Evacuate Collection Set: 0.6ms
[2024-08-15T16:16:59.441+0000][13715.386s][info][gc,phases   ] GC(3349)   Merge Heap Roots: 0.2ms
[2024-08-15T16:16:59.441+0000][13715.386s][info][gc,phases   ] GC(3349)   Evacuate Collection Set: 11.2ms
[2024-08-15T16:16:59.441+0000][13715.386s][info][gc,phases   ] GC(3349)   Post Evacuate Collection Set: 1.6ms
[2024-08-15T16:16:59.441+0000][13715.386s][info][gc,phases   ] GC(3349)   Other: 0.3ms
[2024-08-15T16:16:59.441+0000][13715.386s][info][gc,heap     ] GC(3349) Eden regions: 667->0(667)
[2024-08-15T16:16:59.441+0000][13715.386s][info][gc,heap     ] GC(3349) Survivor regions: 7->7(85)
[2024-08-15T16:16:59.441+0000][13715.386s][info][gc,heap     ] GC(3349) Old regions: 535->535
[2024-08-15T16:16:59.441+0000][13715.386s][info][gc,heap     ] GC(3349) Archive regions: 2->2
[2024-08-15T16:16:59.441+0000][13715.386s][info][gc,heap     ] GC(3349) Humongous regions: 6->6
[2024-08-15T16:16:59.441+0000][13715.386s][info][gc,metaspace] GC(3349) Metaspace: 442523K(448896K)->442523K(448896K) NonClass: 387630K(391168K)->387630K(391168K) Class: 54893K(57728K)->54893K(57728K)
[2024-08-15T16:16:59.441+0000][13715.386s][info][gc          ] GC(3349) Pause Young (Concurrent Start) (G1 Evacuation Pause) 9717M->4381M(12288M) 13.882ms
[2024-08-15T16:16:59.441+0000][13715.386s][info][gc,cpu      ] GC(3349) User=0.08s Sys=0.01s Real=0.01s
[2024-08-15T16:16:59.441+0000][13715.386s][info][gc          ] GC(3350) Concurrent Mark Cycle
[2024-08-15T16:16:59.441+0000][13715.386s][info][gc,marking  ] GC(3350) Concurrent Clear Claimed Marks
[2024-08-15T16:16:59.442+0000][13715.386s][info][gc,marking  ] GC(3350) Concurrent Clear Claimed Marks 0.388ms
[2024-08-15T16:16:59.442+0000][13715.386s][info][gc,marking  ] GC(3350) Concurrent Scan Root Regions
[2024-08-15T16:16:59.454+0000][13715.399s][info][gc,marking  ] GC(3350) Concurrent Scan Root Regions 12.366ms
[2024-08-15T16:16:59.454+0000][13715.399s][info][gc,marking  ] GC(3350) Concurrent Mark
[2024-08-15T16:16:59.454+0000][13715.399s][info][gc,marking  ] GC(3350) Concurrent Mark From Roots
[2024-08-15T16:16:59.454+0000][13715.399s][info][gc,task     ] GC(3350) Using 2 workers of 2 for marking
[2024-08-15T16:17:03.040+0000][13718.985s][info][gc,marking  ] GC(3350) Concurrent Mark From Roots 3585.740ms
[2024-08-15T16:17:03.040+0000][13718.985s][info][gc,marking  ] GC(3350) Concurrent Preclean
[2024-08-15T16:17:03.042+0000][13718.987s][info][gc,marking  ] GC(3350) Concurrent Preclean 2.041ms
[2024-08-15T16:17:03.042+0000][13718.987s][info][gc,start    ] GC(3350) Pause Remark
[2024-08-15T16:17:03.066+0000][13719.010s][info][gc          ] GC(3350) Pause Remark 8789M->8789M(12288M) 23.466ms
[2024-08-15T16:17:03.066+0000][13719.010s][info][gc,cpu      ] GC(3350) User=0.10s Sys=0.00s Real=0.03s
[2024-08-15T16:17:03.066+0000][13719.011s][info][gc,marking  ] GC(3350) Concurrent Mark 3611.698ms
[2024-08-15T16:17:03.066+0000][13719.011s][info][gc,marking  ] GC(3350) Concurrent Rebuild Remembered Sets
[2024-08-15T16:17:03.658+0000][13719.603s][info][gc,start    ] GC(3351) Pause Young (Normal) (G1 Evacuation Pause)
[2024-08-15T16:17:03.658+0000][13719.603s][info][gc,task     ] GC(3351) Using 6 workers of 6 for evacuation
[2024-08-15T16:17:03.674+0000][13719.618s][info][gc,phases   ] GC(3351)   Pre Evacuate Collection Set: 0.2ms
[2024-08-15T16:17:03.674+0000][13719.619s][info][gc,phases   ] GC(3351)   Merge Heap Roots: 0.3ms
[2024-08-15T16:17:03.674+0000][13719.619s][info][gc,phases   ] GC(3351)   Evacuate Collection Set: 13.4ms
[2024-08-15T16:17:03.674+0000][13719.619s][info][gc,phases   ] GC(3351)   Post Evacuate Collection Set: 1.7ms
[2024-08-15T16:17:03.674+0000][13719.619s][info][gc,phases   ] GC(3351)   Other: 0.2ms
[2024-08-15T16:17:03.674+0000][13719.619s][info][gc,heap     ] GC(3351) Eden regions: 667->0(666)
[2024-08-15T16:17:03.674+0000][13719.619s][info][gc,heap     ] GC(3351) Survivor regions: 7->8(85)
[2024-08-15T16:17:03.674+0000][13719.619s][info][gc,heap     ] GC(3351) Old regions: 535->535
[2024-08-15T16:17:03.674+0000][13719.619s][info][gc,heap     ] GC(3351) Archive regions: 2->2
[2024-08-15T16:17:03.674+0000][13719.619s][info][gc,heap     ] GC(3351) Humongous regions: 6->6
[2024-08-15T16:17:03.674+0000][13719.619s][info][gc,metaspace] GC(3351) Metaspace: 442527K(448960K)->442527K(448960K) NonClass: 387634K(391232K)->387634K(391232K) Class: 54893K(57728K)->54893K(57728K)
[2024-08-15T16:17:03.674+0000][13719.619s][info][gc          ] GC(3351) Pause Young (Normal) (G1 Evacuation Pause) 9717M->4386M(12288M) 15.818ms
[2024-08-15T16:17:03.674+0000][13719.619s][info][gc,cpu      ] GC(3351) User=0.09s Sys=0.00s Real=0.01s
[2024-08-15T16:17:05.189+0000][13721.133s][info][gc,marking  ] GC(3350) Concurrent Rebuild Remembered Sets 2122.837ms
[2024-08-15T16:17:05.189+0000][13721.134s][info][gc,start    ] GC(3350) Pause Cleanup
[2024-08-15T16:17:05.190+0000][13721.134s][info][gc          ] GC(3350) Pause Cleanup 6182M->6182M(12288M) 0.556ms
[2024-08-15T16:17:05.190+0000][13721.134s][info][gc,cpu      ] GC(3350) User=0.00s Sys=0.00s Real=0.00s
[2024-08-15T16:17:05.190+0000][13721.134s][info][gc,marking  ] GC(3350) Concurrent Cleanup for Next Mark
[2024-08-15T16:17:05.218+0000][13721.163s][info][gc,marking  ] GC(3350) Concurrent Cleanup for Next Mark 28.714ms
[2024-08-15T16:17:05.218+0000][13721.163s][info][gc          ] GC(3350) Concurrent Mark Cycle 5777.049ms
[2024-08-15T16:17:07.372+0000][13723.317s][info][gc,start    ] GC(3352) Pause Young (Prepare Mixed) (G1 Evacuation Pause)
[2024-08-15T16:17:07.372+0000][13723.317s][info][gc,task     ] GC(3352) Using 6 workers of 6 for evacuation
[2024-08-15T16:17:07.390+0000][13723.335s][info][gc,phases   ] GC(3352)   Pre Evacuate Collection Set: 0.2ms
[2024-08-15T16:17:07.390+0000][13723.335s][info][gc,phases   ] GC(3352)   Merge Heap Roots: 0.3ms
[2024-08-15T16:17:07.390+0000][13723.335s][info][gc,phases   ] GC(3352)   Evacuate Collection Set: 15.2ms
[2024-08-15T16:17:07.390+0000][13723.335s][info][gc,phases   ] GC(3352)   Post Evacuate Collection Set: 1.7ms
[2024-08-15T16:17:07.390+0000][13723.335s][info][gc,phases   ] GC(3352)   Other: 0.2ms
[2024-08-15T16:17:07.390+0000][13723.335s][info][gc,heap     ] GC(3352) Eden regions: 666->0(68)
[2024-08-15T16:17:07.390+0000][13723.335s][info][gc,heap     ] GC(3352) Survivor regions: 8->8(85)
[2024-08-15T16:17:07.390+0000][13723.335s][info][gc,heap     ] GC(3352) Old regions: 535->535
[2024-08-15T16:17:07.390+0000][13723.335s][info][gc,heap     ] GC(3352) Archive regions: 2->2
[2024-08-15T16:17:07.390+0000][13723.335s][info][gc,heap     ] GC(3352) Humongous regions: 6->6
[2024-08-15T16:17:07.390+0000][13723.335s][info][gc,metaspace] GC(3352) Metaspace: 442527K(448960K)->442527K(448960K) NonClass: 387634K(391232K)->387634K(391232K) Class: 54893K(57728K)->54893K(57728K)
[2024-08-15T16:17:07.390+0000][13723.335s][info][gc          ] GC(3352) Pause Young (Prepare Mixed) (G1 Evacuation Pause) 9714M->4390M(12288M) 17.640ms
[2024-08-15T16:17:07.390+0000][13723.335s][info][gc,cpu      ] GC(3352) User=0.10s Sys=0.00s Real=0.02s
[2024-08-15T16:17:07.792+0000][13723.736s][info][gc,start    ] GC(3353) Pause Young (Mixed) (G1 Evacuation Pause)
[2024-08-15T16:17:07.792+0000][13723.736s][info][gc,task     ] GC(3353) Using 6 workers of 6 for evacuation
[2024-08-15T16:17:07.846+0000][13723.790s][info][gc,phases   ] GC(3353)   Pre Evacuate Collection Set: 0.2ms
[2024-08-15T16:17:07.846+0000][13723.790s][info][gc,phases   ] GC(3353)   Merge Heap Roots: 0.4ms
[2024-08-15T16:17:07.846+0000][13723.790s][info][gc,phases   ] GC(3353)   Evacuate Collection Set: 51.9ms
[2024-08-15T16:17:07.846+0000][13723.790s][info][gc,phases   ] GC(3353)   Post Evacuate Collection Set: 1.2ms
[2024-08-15T16:17:07.846+0000][13723.790s][info][gc,phases   ] GC(3353)   Other: 0.2ms
[2024-08-15T16:17:07.846+0000][13723.790s][info][gc,heap     ] GC(3353) Eden regions: 68->0(672)
[2024-08-15T16:17:07.846+0000][13723.790s][info][gc,heap     ] GC(3353) Survivor regions: 8->6(10)
[2024-08-15T16:17:07.846+0000][13723.790s][info][gc,heap     ] GC(3353) Old regions: 535->532
[2024-08-15T16:17:07.846+0000][13723.790s][info][gc,heap     ] GC(3353) Archive regions: 2->2
[2024-08-15T16:17:07.846+0000][13723.790s][info][gc,heap     ] GC(3353) Humongous regions: 6->6
[2024-08-15T16:17:07.846+0000][13723.790s][info][gc,metaspace] GC(3353) Metaspace: 442527K(448960K)->442527K(448960K) NonClass: 387634K(391232K)->387634K(391232K) Class: 54893K(57728K)->54893K(57728K)
[2024-08-15T16:17:07.846+0000][13723.790s][info][gc          ] GC(3353) Pause Young (Mixed) (G1 Evacuation Pause) 4934M->4352M(12288M) 54.020ms
[2024-08-15T16:17:07.846+0000][13723.790s][info][gc,cpu      ] GC(3353) User=0.32s Sys=0.00s Real=0.06s
[2024-08-15T16:17:11.558+0000][13727.502s][info][gc,start    ] GC(3354) Pause Young (Normal) (G1 Evacuation Pause)
[2024-08-15T16:17:11.558+0000][13727.502s][info][gc,task     ] GC(3354) Using 6 workers of 6 for evacuation
[2024-08-15T16:17:11.570+0000][13727.515s][info][gc,phases   ] GC(3354)   Pre Evacuate Collection Set: 0.2ms
[2024-08-15T16:17:11.570+0000][13727.515s][info][gc,phases   ] GC(3354)   Merge Heap Roots: 0.3ms
[2024-08-15T16:17:11.570+0000][13727.515s][info][gc,phases   ] GC(3354)   Evacuate Collection Set: 10.5ms
[2024-08-15T16:17:11.570+0000][13727.515s][info][gc,phases   ] GC(3354)   Post Evacuate Collection Set: 1.6ms
[2024-08-15T16:17:11.570+0000][13727.515s][info][gc,phases   ] GC(3354)   Other: 0.2ms
[2024-08-15T16:17:11.570+0000][13727.515s][info][gc,heap     ] GC(3354) Eden regions: 672->0(671)
[2024-08-15T16:17:11.570+0000][13727.515s][info][gc,heap     ] GC(3354) Survivor regions: 6->6(85)
[2024-08-15T16:17:11.570+0000][13727.515s][info][gc,heap     ] GC(3354) Old regions: 532->532
[2024-08-15T16:17:11.570+0000][13727.515s][info][gc,heap     ] GC(3354) Archive regions: 2->2
[2024-08-15T16:17:11.571+0000][13727.515s][info][gc,heap     ] GC(3354) Humongous regions: 6->6
[2024-08-15T16:17:11.571+0000][13727.515s][info][gc,metaspace] GC(3354) Metaspace: 442527K(448960K)->442527K(448960K) NonClass: 387634K(391232K)->387634K(391232K) Class: 54893K(57728K)->54893K(57728K)
[2024-08-15T16:17:11.571+0000][13727.515s][info][gc          ] GC(3354) Pause Young (Normal) (G1 Evacuation Pause) 9728M->4352M(12288M) 12.807ms
[2024-08-15T16:17:11.571+0000][13727.515s][info][gc,cpu      ] GC(3354) User=0.07s Sys=0.00s Real=0.01s
[2024-08-15T16:17:15.326+0000][13731.270s][info][gc,start    ] GC(3355) Pause Young (Normal) (G1 Evacuation Pause)
[2024-08-15T16:17:15.326+0000][13731.270s][info][gc,task     ] GC(3355) Using 6 workers of 6 for evacuation
[2024-08-15T16:17:15.341+0000][13731.285s][info][gc,phases   ] GC(3355)   Pre Evacuate Collection Set: 0.2ms
[2024-08-15T16:17:15.341+0000][13731.285s][info][gc,phases   ] GC(3355)   Merge Heap Roots: 0.2ms
[2024-08-15T16:17:15.341+0000][13731.285s][info][gc,phases   ] GC(3355)   Evacuate Collection Set: 12.8ms
[2024-08-15T16:17:15.341+0000][13731.285s][info][gc,phases   ] GC(3355)   Post Evacuate Collection Set: 1.6ms
[2024-08-15T16:17:15.341+0000][13731.285s][info][gc,phases   ] GC(3355)   Other: 0.2ms
[2024-08-15T16:17:15.341+0000][13731.285s][info][gc,heap     ] GC(3355) Eden regions: 671->0(668)
[2024-08-15T16:17:15.341+0000][13731.285s][info][gc,heap     ] GC(3355) Survivor regions: 6->9(85)
[2024-08-15T16:17:15.341+0000][13731.285s][info][gc,heap     ] GC(3355) Old regions: 532->532
[2024-08-15T16:17:15.341+0000][13731.285s][info][gc,heap     ] GC(3355) Archive regions: 2->2
[2024-08-15T16:17:15.341+0000][13731.285s][info][gc,heap     ] GC(3355) Humongous regions: 6->6
[2024-08-15T16:17:15.341+0000][13731.285s][info][gc,metaspace] GC(3355) Metaspace: 442527K(448960K)->442527K(448960K) NonClass: 387634K(391232K)->387634K(391232K) Class: 54893K(57728K)->54893K(57728K)
[2024-08-15T16:17:15.341+0000][13731.285s][info][gc          ] GC(3355) Pause Young (Normal) (G1 Evacuation Pause) 9720M->4374M(12288M) 15.073ms
[2024-08-15T16:17:15.341+0000][13731.286s][info][gc,cpu      ] GC(3355) User=0.09s Sys=0.00s Real=0.01s
[2024-08-15T16:17:19.857+0000][13735.802s][info][gc,start    ] GC(3356) Pause Young (Concurrent Start) (G1 Evacuation Pause)
[2024-08-15T16:17:19.857+0000][13735.802s][info][gc,task     ] GC(3356) Using 6 workers of 6 for evacuation
[2024-08-15T16:17:19.876+0000][13735.821s][info][gc,phases   ] GC(3356)   Pre Evacuate Collection Set: 0.5ms
[2024-08-15T16:17:19.876+0000][13735.821s][info][gc,phases   ] GC(3356)   Merge Heap Roots: 0.2ms
[2024-08-15T16:17:19.876+0000][13735.821s][info][gc,phases   ] GC(3356)   Evacuate Collection Set: 16.2ms
[2024-08-15T16:17:19.876+0000][13735.821s][info][gc,phases   ] GC(3356)   Post Evacuate Collection Set: 1.7ms
[2024-08-15T16:17:19.876+0000][13735.821s][info][gc,phases   ] GC(3356)   Other: 0.3ms
[2024-08-15T16:17:19.876+0000][13735.821s][info][gc,heap     ] GC(3356) Eden regions: 668->0(667)
[2024-08-15T16:17:19.876+0000][13735.821s][info][gc,heap     ] GC(3356) Survivor regions: 9->10(85)
[2024-08-15T16:17:19.876+0000][13735.821s][info][gc,heap     ] GC(3356) Old regions: 532->532
[2024-08-15T16:17:19.876+0000][13735.821s][info][gc,heap     ] GC(3356) Archive regions: 2->2
[2024-08-15T16:17:19.876+0000][13735.821s][info][gc,heap     ] GC(3356) Humongous regions: 6->6
[2024-08-15T16:17:19.876+0000][13735.821s][info][gc,metaspace] GC(3356) Metaspace: 442527K(448960K)->442527K(448960K) NonClass: 387634K(391232K)->387634K(391232K) Class: 54893K(57728K)->54893K(57728K)
[2024-08-15T16:17:19.876+0000][13735.821s][info][gc          ] GC(3356) Pause Young (Concurrent Start) (G1 Evacuation Pause) 9718M->4380M(12288M) 18.930ms
[2024-08-15T16:17:19.876+0000][13735.821s][info][gc,cpu      ] GC(3356) User=0.11s Sys=0.00s Real=0.02s
[2024-08-15T16:17:19.876+0000][13735.821s][info][gc          ] GC(3357) Concurrent Mark Cycle
[2024-08-15T16:17:19.876+0000][13735.821s][info][gc,marking  ] GC(3357) Concurrent Clear Claimed Marks
[2024-08-15T16:17:19.877+0000][13735.821s][info][gc,marking  ] GC(3357) Concurrent Clear Claimed Marks 0.392ms
[2024-08-15T16:17:19.877+0000][13735.821s][info][gc,marking  ] GC(3357) Concurrent Scan Root Regions
[2024-08-15T16:17:19.894+0000][13735.839s][info][gc,marking  ] GC(3357) Concurrent Scan Root Regions 17.372ms
[2024-08-15T16:17:19.894+0000][13735.839s][info][gc,marking  ] GC(3357) Concurrent Mark
[2024-08-15T16:17:19.894+0000][13735.839s][info][gc,marking  ] GC(3357) Concurrent Mark From Roots
[2024-08-15T16:17:19.894+0000][13735.839s][info][gc,task     ] GC(3357) Using 2 workers of 2 for marking
[2024-08-15T16:17:22.456+0000][13738.401s][info][gc,marking  ] GC(3357) Concurrent Mark From Roots 2562.294ms
[2024-08-15T16:17:22.456+0000][13738.401s][info][gc,marking  ] GC(3357) Concurrent Preclean
[2024-08-15T16:17:22.458+0000][13738.403s][info][gc,marking  ] GC(3357) Concurrent Preclean 1.940ms
[2024-08-15T16:17:22.458+0000][13738.403s][info][gc,start    ] GC(3357) Pause Remark
[2024-08-15T16:17:22.482+0000][13738.426s][info][gc          ] GC(3357) Pause Remark 6554M->6554M(12288M) 23.277ms
[2024-08-15T16:17:22.482+0000][13738.426s][info][gc,cpu      ] GC(3357) User=0.10s Sys=0.00s Real=0.02s
[2024-08-15T16:17:22.482+0000][13738.427s][info][gc,marking  ] GC(3357) Concurrent Mark 2587.851ms
[2024-08-15T16:17:22.482+0000][13738.427s][info][gc,marking  ] GC(3357) Concurrent Rebuild Remembered Sets
[2024-08-15T16:17:23.795+0000][13739.740s][info][gc,marking  ] GC(3357) Concurrent Rebuild Remembered Sets 1313.555ms
[2024-08-15T16:17:23.796+0000][13739.740s][info][gc,start    ] GC(3357) Pause Cleanup
[2024-08-15T16:17:23.796+0000][13739.741s][info][gc          ] GC(3357) Pause Cleanup 6739M->6739M(12288M) 0.490ms
[2024-08-15T16:17:23.796+0000][13739.741s][info][gc,cpu      ] GC(3357) User=0.00s Sys=0.00s Real=0.00s
[2024-08-15T16:17:23.796+0000][13739.741s][info][gc,marking  ] GC(3357) Concurrent Cleanup for Next Mark
[2024-08-15T16:17:23.811+0000][13739.756s][info][gc,marking  ] GC(3357) Concurrent Cleanup for Next Mark 15.180ms
[2024-08-15T16:17:23.811+0000][13739.756s][info][gc          ] GC(3357) Concurrent Mark Cycle 3935.212ms
[2024-08-15T16:17:30.279+0000][13746.223s][info][gc,start    ] GC(3358) Pause Young (Prepare Mixed) (G1 Evacuation Pause)
[2024-08-15T16:17:30.279+0000][13746.223s][info][gc,task     ] GC(3358) Using 6 workers of 6 for evacuation
[2024-08-15T16:17:30.547+0000][13746.492s][info][gc,mmu      ] GC(3358) MMU target violated: 201.0ms (200.0ms/201.0ms)
[2024-08-15T16:17:30.547+0000][13746.492s][info][gc,phases   ] GC(3358)   Pre Evacuate Collection Set: 0.2ms
[2024-08-15T16:17:30.547+0000][13746.492s][info][gc,phases   ] GC(3358)   Merge Heap Roots: 2.4ms
[2024-08-15T16:17:30.547+0000][13746.492s][info][gc,phases   ] GC(3358)   Evacuate Collection Set: 253.8ms
[2024-08-15T16:17:30.547+0000][13746.492s][info][gc,phases   ] GC(3358)   Post Evacuate Collection Set: 12.1ms
[2024-08-15T16:17:30.547+0000][13746.492s][info][gc,phases   ] GC(3358)   Other: 0.3ms
[2024-08-15T16:17:30.547+0000][13746.492s][info][gc,heap     ] GC(3358) Eden regions: 667->0(32)
[2024-08-15T16:17:30.547+0000][13746.492s][info][gc,heap     ] GC(3358) Survivor regions: 10->44(85)
[2024-08-15T16:17:30.547+0000][13746.492s][info][gc,heap     ] GC(3358) Old regions: 532->532
[2024-08-15T16:17:30.547+0000][13746.492s][info][gc,heap     ] GC(3358) Archive regions: 2->2
[2024-08-15T16:17:30.547+0000][13746.492s][info][gc,heap     ] GC(3358) Humongous regions: 42->42
[2024-08-15T16:17:30.547+0000][13746.492s][info][gc,metaspace] GC(3358) Metaspace: 442552K(448960K)->442552K(448960K) NonClass: 387656K(391232K)->387656K(391232K) Class: 54895K(57728K)->54895K(57728K)
[2024-08-15T16:17:30.547+0000][13746.492s][info][gc          ] GC(3358) Pause Young (Prepare Mixed) (G1 Evacuation Pause) 10004M->4943M(12288M) 268.758ms
[2024-08-15T16:17:30.547+0000][13746.492s][info][gc,cpu      ] GC(3358) User=1.61s Sys=0.00s Real=0.27s
[2024-08-15T16:17:30.692+0000][13746.637s][info][gc,start    ] GC(3359) Pause Young (Mixed) (G1 Evacuation Pause)
[2024-08-15T16:17:30.693+0000][13746.637s][info][gc,task     ] GC(3359) Using 6 workers of 6 for evacuation
[2024-08-15T16:17:30.897+0000][13746.842s][info][gc,mmu      ] GC(3359) MMU target violated: 201.0ms (200.0ms/201.0ms)
[2024-08-15T16:17:30.897+0000][13746.842s][info][gc,phases   ] GC(3359)   Pre Evacuate Collection Set: 0.2ms
[2024-08-15T16:17:30.897+0000][13746.842s][info][gc,phases   ] GC(3359)   Merge Heap Roots: 1.1ms
[2024-08-15T16:17:30.897+0000][13746.842s][info][gc,phases   ] GC(3359)   Evacuate Collection Set: 200.1ms
[2024-08-15T16:17:30.897+0000][13746.842s][info][gc,phases   ] GC(3359)   Post Evacuate Collection Set: 3.0ms
[2024-08-15T16:17:30.897+0000][13746.842s][info][gc,phases   ] GC(3359)   Other: 0.2ms
[2024-08-15T16:17:30.897+0000][13746.842s][info][gc,heap     ] GC(3359) Eden regions: 32->0(563)
[2024-08-15T16:17:30.897+0000][13746.842s][info][gc,heap     ] GC(3359) Survivor regions: 44->3(10)
[2024-08-15T16:17:30.897+0000][13746.842s][info][gc,heap     ] GC(3359) Old regions: 532->567
[2024-08-15T16:17:30.897+0000][13746.842s][info][gc,heap     ] GC(3359) Archive regions: 2->2
[2024-08-15T16:17:30.897+0000][13746.842s][info][gc,heap     ] GC(3359) Humongous regions: 42->42
[2024-08-15T16:17:30.897+0000][13746.842s][info][gc,metaspace] GC(3359) Metaspace: 442552K(448960K)->442552K(448960K) NonClass: 387656K(391232K)->387656K(391232K) Class: 54895K(57728K)->54895K(57728K)
[2024-08-15T16:17:30.897+0000][13746.842s][info][gc          ] GC(3359) Pause Young (Mixed) (G1 Evacuation Pause) 5199M->4894M(12288M) 204.620ms
[2024-08-15T16:17:30.897+0000][13746.842s][info][gc,cpu      ] GC(3359) User=1.22s Sys=0.00s Real=0.21s
[2024-08-15T16:17:32.608+0000][13748.553s][info][gc,start    ] GC(3360) Pause Young (Normal) (G1 Evacuation Pause)
[2024-08-15T16:17:32.608+0000][13748.553s][info][gc,task     ] GC(3360) Using 6 workers of 6 for evacuation
[2024-08-15T16:17:32.729+0000][13748.674s][info][gc,phases   ] GC(3360)   Pre Evacuate Collection Set: 0.2ms
[2024-08-15T16:17:32.729+0000][13748.674s][info][gc,phases   ] GC(3360)   Merge Heap Roots: 0.2ms
[2024-08-15T16:17:32.729+0000][13748.674s][info][gc,phases   ] GC(3360)   Evacuate Collection Set: 89.4ms
[2024-08-15T16:17:32.729+0000][13748.674s][info][gc,phases   ] GC(3360)   Post Evacuate Collection Set: 30.8ms
[2024-08-15T16:17:32.729+0000][13748.674s][info][gc,phases   ] GC(3360)   Other: 0.2ms
[2024-08-15T16:17:32.729+0000][13748.674s][info][gc,heap     ] GC(3360) Eden regions: 563->0(314)
[2024-08-15T16:17:32.729+0000][13748.674s][info][gc,heap     ] GC(3360) Survivor regions: 3->9(71)
[2024-08-15T16:17:32.729+0000][13748.674s][info][gc,heap     ] GC(3360) Old regions: 567->567
[2024-08-15T16:17:32.729+0000][13748.674s][info][gc,heap     ] GC(3360) Archive regions: 2->2
[2024-08-15T16:17:32.729+0000][13748.674s][info][gc,heap     ] GC(3360) Humongous regions: 44->44
[2024-08-15T16:17:32.729+0000][13748.674s][info][gc,metaspace] GC(3360) Metaspace: 442552K(448960K)->442552K(448960K) NonClass: 387656K(391232K)->387656K(391232K) Class: 54895K(57728K)->54895K(57728K)
[2024-08-15T16:17:32.729+0000][13748.674s][info][gc          ] GC(3360) Pause Young (Normal) (G1 Evacuation Pause) 9414M->4957M(12288M) 120.901ms
[2024-08-15T16:17:32.729+0000][13748.674s][info][gc,cpu      ] GC(3360) User=0.71s Sys=0.00s Real=0.12s
[2024-08-15T16:17:33.842+0000][13749.787s][info][gc,start    ] GC(3361) Pause Young (Normal) (G1 Evacuation Pause)
[2024-08-15T16:17:33.842+0000][13749.787s][info][gc,task     ] GC(3361) Using 6 workers of 6 for evacuation
[2024-08-15T16:17:33.910+0000][13749.854s][info][gc,phases   ] GC(3361)   Pre Evacuate Collection Set: 0.2ms
[2024-08-15T16:17:33.910+0000][13749.854s][info][gc,phases   ] GC(3361)   Merge Heap Roots: 0.2ms
[2024-08-15T16:17:33.910+0000][13749.854s][info][gc,phases   ] GC(3361)   Evacuate Collection Set: 51.2ms
[2024-08-15T16:17:33.910+0000][13749.854s][info][gc,phases   ] GC(3361)   Post Evacuate Collection Set: 15.8ms
[2024-08-15T16:17:33.910+0000][13749.854s][info][gc,phases   ] GC(3361)   Other: 0.2ms
[2024-08-15T16:17:33.910+0000][13749.854s][info][gc,heap     ] GC(3361) Eden regions: 314->0(427)
[2024-08-15T16:17:33.910+0000][13749.854s][info][gc,heap     ] GC(3361) Survivor regions: 9->5(41)
[2024-08-15T16:17:33.910+0000][13749.854s][info][gc,heap     ] GC(3361) Old regions: 567->567
[2024-08-15T16:17:33.910+0000][13749.854s][info][gc,heap     ] GC(3361) Archive regions: 2->2
[2024-08-15T16:17:33.910+0000][13749.854s][info][gc,heap     ] GC(3361) Humongous regions: 44->44
[2024-08-15T16:17:33.910+0000][13749.854s][info][gc,metaspace] GC(3361) Metaspace: 442578K(448960K)->442578K(448960K) NonClass: 387682K(391232K)->387682K(391232K) Class: 54895K(57728K)->54895K(57728K)
[2024-08-15T16:17:33.910+0000][13749.854s][info][gc          ] GC(3361) Pause Young (Normal) (G1 Evacuation Pause) 7469M->4926M(12288M) 67.632ms
[2024-08-15T16:17:33.910+0000][13749.855s][info][gc,cpu      ] GC(3361) User=0.39s Sys=0.00s Real=0.07s
[2024-08-15T16:17:35.208+0000][13751.153s][info][gc,start    ] GC(3362) Pause Young (Normal) (G1 Evacuation Pause)
[2024-08-15T16:17:35.208+0000][13751.153s][info][gc,task     ] GC(3362) Using 6 workers of 6 for evacuation
[2024-08-15T16:17:35.298+0000][13751.243s][info][gc,phases   ] GC(3362)   Pre Evacuate Collection Set: 0.2ms
[2024-08-15T16:17:35.298+0000][13751.243s][info][gc,phases   ] GC(3362)   Merge Heap Roots: 0.2ms
[2024-08-15T16:17:35.298+0000][13751.243s][info][gc,phases   ] GC(3362)   Evacuate Collection Set: 67.5ms
[2024-08-15T16:17:35.298+0000][13751.243s][info][gc,phases   ] GC(3362)   Post Evacuate Collection Set: 21.6ms
[2024-08-15T16:17:35.298+0000][13751.243s][info][gc,phases   ] GC(3362)   Other: 0.2ms
[2024-08-15T16:17:35.298+0000][13751.243s][info][gc,heap     ] GC(3362) Eden regions: 427->0(440)
[2024-08-15T16:17:35.298+0000][13751.243s][info][gc,heap     ] GC(3362) Survivor regions: 5->7(54)
[2024-08-15T16:17:35.298+0000][13751.243s][info][gc,heap     ] GC(3362) Old regions: 567->567
[2024-08-15T16:17:35.298+0000][13751.243s][info][gc,heap     ] GC(3362) Archive regions: 2->2
[2024-08-15T16:17:35.298+0000][13751.243s][info][gc,heap     ] GC(3362) Humongous regions: 44->44
[2024-08-15T16:17:35.298+0000][13751.243s][info][gc,metaspace] GC(3362) Metaspace: 442578K(448960K)->442578K(448960K) NonClass: 387682K(391232K)->387682K(391232K) Class: 54895K(57728K)->54895K(57728K)
[2024-08-15T16:17:35.298+0000][13751.243s][info][gc          ] GC(3362) Pause Young (Normal) (G1 Evacuation Pause) 8342M->4939M(12288M) 89.854ms
[2024-08-15T16:17:35.298+0000][13751.243s][info][gc,cpu      ] GC(3362) User=0.52s Sys=0.00s Real=0.09s
[2024-08-15T16:17:36.717+0000][13752.662s][info][gc,start    ] GC(3363) Pause Young (Normal) (G1 Evacuation Pause)
[2024-08-15T16:17:36.717+0000][13752.662s][info][gc,task     ] GC(3363) Using 6 workers of 6 for evacuation
[2024-08-15T16:17:36.808+0000][13752.753s][info][gc,phases   ] GC(3363)   Pre Evacuate Collection Set: 0.2ms
[2024-08-15T16:17:36.808+0000][13752.753s][info][gc,phases   ] GC(3363)   Merge Heap Roots: 0.2ms
[2024-08-15T16:17:36.808+0000][13752.753s][info][gc,phases   ] GC(3363)   Evacuate Collection Set: 67.7ms
[2024-08-15T16:17:36.808+0000][13752.753s][info][gc,phases   ] GC(3363)   Post Evacuate Collection Set: 23.2ms
[2024-08-15T16:17:36.808+0000][13752.753s][info][gc,phases   ] GC(3363)   Other: 0.2ms
[2024-08-15T16:17:36.809+0000][13752.753s][info][gc,heap     ] GC(3363) Eden regions: 440->0(548)
[2024-08-15T16:17:36.809+0000][13752.753s][info][gc,heap     ] GC(3363) Survivor regions: 7->7(56)
[2024-08-15T16:17:36.809+0000][13752.753s][info][gc,heap     ] GC(3363) Old regions: 567->567
[2024-08-15T16:17:36.809+0000][13752.753s][info][gc,heap     ] GC(3363) Archive regions: 2->2
[2024-08-15T16:17:36.809+0000][13752.753s][info][gc,heap     ] GC(3363) Humongous regions: 44->44
[2024-08-15T16:17:36.809+0000][13752.753s][info][gc,metaspace] GC(3363) Metaspace: 442578K(448960K)->442578K(448960K) NonClass: 387682K(391232K)->387682K(391232K) Class: 54895K(57728K)->54895K(57728K)
[2024-08-15T16:17:36.809+0000][13752.753s][info][gc          ] GC(3363) Pause Young (Normal) (G1 Evacuation Pause) 8459M->4941M(12288M) 91.561ms
[2024-08-15T16:17:36.809+0000][13752.753s][info][gc,cpu      ] GC(3363) User=0.54s Sys=0.00s Real=0.09s
[2024-08-15T16:17:37.433+0000][13753.378s][info][gc,start    ] GC(3364) Pause Young (Concurrent Start) (G1 Humongous Allocation)
[2024-08-15T16:17:37.433+0000][13753.378s][info][gc,task     ] GC(3364) Using 6 workers of 6 for evacuation
[2024-08-15T16:17:37.506+0000][13753.451s][info][gc,phases   ] GC(3364)   Pre Evacuate Collection Set: 0.5ms
[2024-08-15T16:17:37.506+0000][13753.451s][info][gc,phases   ] GC(3364)   Merge Heap Roots: 0.2ms
[2024-08-15T16:17:37.506+0000][13753.451s][info][gc,phases   ] GC(3364)   Evacuate Collection Set: 60.4ms
[2024-08-15T16:17:37.506+0000][13753.451s][info][gc,phases   ] GC(3364)   Post Evacuate Collection Set: 11.3ms
[2024-08-15T16:17:37.506+0000][13753.451s][info][gc,phases   ] GC(3364)   Other: 0.3ms
[2024-08-15T16:17:37.506+0000][13753.451s][info][gc,heap     ] GC(3364) Eden regions: 214->0(574)
[2024-08-15T16:17:37.506+0000][13753.451s][info][gc,heap     ] GC(3364) Survivor regions: 7->9(70)
[2024-08-15T16:17:37.506+0000][13753.451s][info][gc,heap     ] GC(3364) Old regions: 567->567
[2024-08-15T16:17:37.506+0000][13753.451s][info][gc,heap     ] GC(3364) Archive regions: 2->2
[2024-08-15T16:17:37.506+0000][13753.451s][info][gc,heap     ] GC(3364) Humongous regions: 44->44
[2024-08-15T16:17:37.506+0000][13753.451s][info][gc,metaspace] GC(3364) Metaspace: 442578K(448960K)->442578K(448960K) NonClass: 387682K(391232K)->387682K(391232K) Class: 54895K(57728K)->54895K(57728K)
[2024-08-15T16:17:37.506+0000][13753.451s][info][gc          ] GC(3364) Pause Young (Concurrent Start) (G1 Humongous Allocation) 6653M->4958M(12288M) 72.741ms
[2024-08-15T16:17:37.506+0000][13753.451s][info][gc,cpu      ] GC(3364) User=0.43s Sys=0.00s Real=0.08s
[2024-08-15T16:17:37.506+0000][13753.451s][info][gc          ] GC(3365) Concurrent Mark Cycle
[2024-08-15T16:17:37.506+0000][13753.451s][info][gc,marking  ] GC(3365) Concurrent Clear Claimed Marks
[2024-08-15T16:17:37.507+0000][13753.451s][info][gc,marking  ] GC(3365) Concurrent Clear Claimed Marks 0.381ms
[2024-08-15T16:17:37.507+0000][13753.451s][info][gc,marking  ] GC(3365) Concurrent Scan Root Regions
[2024-08-15T16:17:37.542+0000][13753.486s][info][gc,marking  ] GC(3365) Concurrent Scan Root Regions 34.982ms
[2024-08-15T16:17:37.542+0000][13753.486s][info][gc,marking  ] GC(3365) Concurrent Mark
[2024-08-15T16:17:37.542+0000][13753.486s][info][gc,marking  ] GC(3365) Concurrent Mark From Roots
[2024-08-15T16:17:37.542+0000][13753.486s][info][gc,task     ] GC(3365) Using 2 workers of 2 for marking
[2024-08-15T16:17:39.478+0000][13755.423s][info][gc,start    ] GC(3366) Pause Young (Normal) (G1 Evacuation Pause)
[2024-08-15T16:17:39.478+0000][13755.423s][info][gc,task     ] GC(3366) Using 6 workers of 6 for evacuation
[2024-08-15T16:17:39.636+0000][13755.580s][info][gc,phases   ] GC(3366)   Pre Evacuate Collection Set: 0.2ms
[2024-08-15T16:17:39.636+0000][13755.580s][info][gc,phases   ] GC(3366)   Merge Heap Roots: 0.3ms
[2024-08-15T16:17:39.636+0000][13755.580s][info][gc,phases   ] GC(3366)   Evacuate Collection Set: 125.7ms
[2024-08-15T16:17:39.636+0000][13755.580s][info][gc,phases   ] GC(3366)   Post Evacuate Collection Set: 31.4ms
[2024-08-15T16:17:39.636+0000][13755.580s][info][gc,phases   ] GC(3366)   Other: 0.2ms
[2024-08-15T16:17:39.636+0000][13755.580s][info][gc,heap     ] GC(3366) Eden regions: 574->0(567)
[2024-08-15T16:17:39.636+0000][13755.580s][info][gc,heap     ] GC(3366) Survivor regions: 9->15(73)
[2024-08-15T16:17:39.636+0000][13755.580s][info][gc,heap     ] GC(3366) Old regions: 567->567
[2024-08-15T16:17:39.636+0000][13755.580s][info][gc,heap     ] GC(3366) Archive regions: 2->2
[2024-08-15T16:17:39.636+0000][13755.580s][info][gc,heap     ] GC(3366) Humongous regions: 47->47
[2024-08-15T16:17:39.636+0000][13755.580s][info][gc,metaspace] GC(3366) Metaspace: 442578K(448960K)->442578K(448960K) NonClass: 387682K(391232K)->387682K(391232K) Class: 54895K(57728K)->54895K(57728K)
[2024-08-15T16:17:39.636+0000][13755.580s][info][gc          ] GC(3366) Pause Young (Normal) (G1 Evacuation Pause) 9574M->5024M(12288M) 157.890ms
[2024-08-15T16:17:39.636+0000][13755.580s][info][gc,cpu      ] GC(3366) User=0.92s Sys=0.00s Real=0.16s
[2024-08-15T16:17:40.095+0000][13756.040s][info][gc,marking  ] GC(3365) Concurrent Mark From Roots 2553.737ms
[2024-08-15T16:17:40.095+0000][13756.040s][info][gc,marking  ] GC(3365) Concurrent Preclean
[2024-08-15T16:17:40.097+0000][13756.042s][info][gc,marking  ] GC(3365) Concurrent Preclean 1.408ms
[2024-08-15T16:17:40.097+0000][13756.042s][info][gc,start    ] GC(3365) Pause Remark
[2024-08-15T16:17:40.121+0000][13756.066s][info][gc          ] GC(3365) Pause Remark 5464M->5192M(12288M) 23.977ms
[2024-08-15T16:17:40.121+0000][13756.066s][info][gc,cpu      ] GC(3365) User=0.10s Sys=0.00s Real=0.02s
[2024-08-15T16:17:40.121+0000][13756.066s][info][gc,marking  ] GC(3365) Concurrent Mark 2579.465ms
[2024-08-15T16:17:40.121+0000][13756.066s][info][gc,marking  ] GC(3365) Concurrent Rebuild Remembered Sets
[2024-08-15T16:17:41.545+0000][13757.489s][info][gc,start    ] GC(3367) Pause Young (Normal) (G1 Evacuation Pause)
[2024-08-15T16:17:41.545+0000][13757.489s][info][gc,task     ] GC(3367) Using 6 workers of 6 for evacuation
[2024-08-15T16:17:41.692+0000][13757.636s][info][gc,phases   ] GC(3367)   Pre Evacuate Collection Set: 0.2ms
[2024-08-15T16:17:41.692+0000][13757.636s][info][gc,phases   ] GC(3367)   Merge Heap Roots: 0.4ms
[2024-08-15T16:17:41.692+0000][13757.636s][info][gc,phases   ] GC(3367)   Evacuate Collection Set: 115.1ms
[2024-08-15T16:17:41.692+0000][13757.636s][info][gc,phases   ] GC(3367)   Post Evacuate Collection Set: 31.0ms
[2024-08-15T16:17:41.692+0000][13757.636s][info][gc,phases   ] GC(3367)   Other: 0.2ms
[2024-08-15T16:17:41.692+0000][13757.636s][info][gc,heap     ] GC(3367) Eden regions: 567->0(603)
[2024-08-15T16:17:41.692+0000][13757.636s][info][gc,heap     ] GC(3367) Survivor regions: 15->14(73)
[2024-08-15T16:17:41.692+0000][13757.636s][info][gc,heap     ] GC(3367) Old regions: 559->559
[2024-08-15T16:17:41.692+0000][13757.636s][info][gc,heap     ] GC(3367) Archive regions: 2->2
[2024-08-15T16:17:41.692+0000][13757.636s][info][gc,heap     ] GC(3367) Humongous regions: 21->21
[2024-08-15T16:17:41.692+0000][13757.636s][info][gc,metaspace] GC(3367) Metaspace: 442578K(448960K)->442578K(448960K) NonClass: 387682K(391232K)->387682K(391232K) Class: 54895K(57728K)->54895K(57728K)
[2024-08-15T16:17:41.692+0000][13757.636s][info][gc          ] GC(3367) Pause Young (Normal) (G1 Evacuation Pause) 9288M->4750M(12288M) 146.950ms
[2024-08-15T16:17:41.692+0000][13757.636s][info][gc,cpu      ] GC(3367) User=0.87s Sys=0.00s Real=0.14s
[2024-08-15T16:17:41.706+0000][13757.651s][info][gc,marking  ] GC(3365) Concurrent Rebuild Remembered Sets 1585.001ms
[2024-08-15T16:17:41.706+0000][13757.651s][info][gc,start    ] GC(3365) Pause Cleanup
[2024-08-15T16:17:41.707+0000][13757.652s][info][gc          ] GC(3365) Pause Cleanup 4755M->4755M(12288M) 0.919ms
[2024-08-15T16:17:41.707+0000][13757.652s][info][gc,cpu      ] GC(3365) User=0.00s Sys=0.00s Real=0.00s
[2024-08-15T16:17:41.707+0000][13757.652s][info][gc,marking  ] GC(3365) Concurrent Cleanup for Next Mark
[2024-08-15T16:17:41.723+0000][13757.667s][info][gc,marking  ] GC(3365) Concurrent Cleanup for Next Mark 15.271ms
[2024-08-15T16:17:41.723+0000][13757.667s][info][gc          ] GC(3365) Concurrent Mark Cycle 4216.485ms
[2024-08-15T16:17:43.633+0000][13759.578s][info][gc,start    ] GC(3368) Pause Young (Prepare Mixed) (G1 Evacuation Pause)
[2024-08-15T16:17:43.633+0000][13759.578s][info][gc,task     ] GC(3368) Using 6 workers of 6 for evacuation
[2024-08-15T16:17:43.790+0000][13759.734s][info][gc,phases   ] GC(3368)   Pre Evacuate Collection Set: 0.2ms
[2024-08-15T16:17:43.790+0000][13759.734s][info][gc,phases   ] GC(3368)   Merge Heap Roots: 0.3ms
[2024-08-15T16:17:43.790+0000][13759.734s][info][gc,phases   ] GC(3368)   Evacuate Collection Set: 121.1ms
[2024-08-15T16:17:43.790+0000][13759.734s][info][gc,phases   ] GC(3368)   Post Evacuate Collection Set: 34.6ms
[2024-08-15T16:17:43.790+0000][13759.734s][info][gc,phases   ] GC(3368)   Other: 0.2ms
[2024-08-15T16:17:43.790+0000][13759.734s][info][gc,heap     ] GC(3368) Eden regions: 603->0(61)
[2024-08-15T16:17:43.790+0000][13759.734s][info][gc,heap     ] GC(3368) Survivor regions: 14->15(78)
[2024-08-15T16:17:43.790+0000][13759.734s][info][gc,heap     ] GC(3368) Old regions: 559->559
[2024-08-15T16:17:43.790+0000][13759.734s][info][gc,heap     ] GC(3368) Archive regions: 2->2
[2024-08-15T16:17:43.790+0000][13759.734s][info][gc,heap     ] GC(3368) Humongous regions: 21->21
[2024-08-15T16:17:43.790+0000][13759.734s][info][gc,metaspace] GC(3368) Metaspace: 442578K(448960K)->442578K(448960K) NonClass: 387682K(391232K)->387682K(391232K) Class: 54895K(57728K)->54895K(57728K)
[2024-08-15T16:17:43.790+0000][13759.734s][info][gc          ] GC(3368) Pause Young (Prepare Mixed) (G1 Evacuation Pause) 9574M->4757M(12288M) 156.430ms
[2024-08-15T16:17:43.790+0000][13759.734s][info][gc,cpu      ] GC(3368) User=0.93s Sys=0.00s Real=0.16s
[2024-08-15T16:17:44.255+0000][13760.200s][info][gc,start    ] GC(3369) Pause Young (Mixed) (G1 Evacuation Pause)
[2024-08-15T16:17:44.255+0000][13760.200s][info][gc,task     ] GC(3369) Using 6 workers of 6 for evacuation
[2024-08-15T16:17:44.340+0000][13760.284s][info][gc,phases   ] GC(3369)   Pre Evacuate Collection Set: 0.2ms
[2024-08-15T16:17:44.340+0000][13760.284s][info][gc,phases   ] GC(3369)   Merge Heap Roots: 0.7ms
[2024-08-15T16:17:44.340+0000][13760.284s][info][gc,phases   ] GC(3369)   Evacuate Collection Set: 79.3ms
[2024-08-15T16:17:44.340+0000][13760.284s][info][gc,phases   ] GC(3369)   Post Evacuate Collection Set: 4.2ms
[2024-08-15T16:17:44.340+0000][13760.284s][info][gc,phases   ] GC(3369)   Other: 0.2ms
[2024-08-15T16:17:44.340+0000][13760.284s][info][gc,heap     ] GC(3369) Eden regions: 61->0(640)
[2024-08-15T16:17:44.340+0000][13760.284s][info][gc,heap     ] GC(3369) Survivor regions: 15->3(10)
[2024-08-15T16:17:44.340+0000][13760.284s][info][gc,heap     ] GC(3369) Old regions: 559->533
[2024-08-15T16:17:44.340+0000][13760.284s][info][gc,heap     ] GC(3369) Archive regions: 2->2
[2024-08-15T16:17:44.340+0000][13760.284s][info][gc,heap     ] GC(3369) Humongous regions: 21->21
[2024-08-15T16:17:44.340+0000][13760.284s][info][gc,metaspace] GC(3369) Metaspace: 442578K(448960K)->442578K(448960K) NonClass: 387682K(391232K)->387682K(391232K) Class: 54895K(57728K)->54895K(57728K)
[2024-08-15T16:17:44.340+0000][13760.284s][info][gc          ] GC(3369) Pause Young (Mixed) (G1 Evacuation Pause) 5245M->4452M(12288M) 84.618ms
[2024-08-15T16:17:44.340+0000][13760.285s][info][gc,cpu      ] GC(3369) User=0.50s Sys=0.01s Real=0.08s
[2024-08-15T16:17:46.152+0000][13762.097s][info][gc,start    ] GC(3370) Pause Young (Normal) (G1 Evacuation Pause)
[2024-08-15T16:17:46.153+0000][13762.097s][info][gc,task     ] GC(3370) Using 6 workers of 6 for evacuation
[2024-08-15T16:17:46.282+0000][13762.227s][info][gc,phases   ] GC(3370)   Pre Evacuate Collection Set: 0.2ms
[2024-08-15T16:17:46.282+0000][13762.227s][info][gc,phases   ] GC(3370)   Merge Heap Roots: 0.2ms
[2024-08-15T16:17:46.282+0000][13762.227s][info][gc,phases   ] GC(3370)   Evacuate Collection Set: 95.0ms
[2024-08-15T16:17:46.282+0000][13762.227s][info][gc,phases   ] GC(3370)   Post Evacuate Collection Set: 34.5ms
[2024-08-15T16:17:46.282+0000][13762.227s][info][gc,phases   ] GC(3370)   Other: 0.2ms
[2024-08-15T16:17:46.282+0000][13762.227s][info][gc,heap     ] GC(3370) Eden regions: 640->0(635)
[2024-08-15T16:17:46.282+0000][13762.227s][info][gc,heap     ] GC(3370) Survivor regions: 3->10(81)
[2024-08-15T16:17:46.282+0000][13762.227s][info][gc,heap     ] GC(3370) Old regions: 533->533
[2024-08-15T16:17:46.282+0000][13762.227s][info][gc,heap     ] GC(3370) Archive regions: 2->2
[2024-08-15T16:17:46.282+0000][13762.227s][info][gc,heap     ] GC(3370) Humongous regions: 21->21
[2024-08-15T16:17:46.282+0000][13762.227s][info][gc,metaspace] GC(3370) Metaspace: 442578K(448960K)->442578K(448960K) NonClass: 387682K(391232K)->387682K(391232K) Class: 54895K(57728K)->54895K(57728K)
[2024-08-15T16:17:46.283+0000][13762.227s][info][gc          ] GC(3370) Pause Young (Normal) (G1 Evacuation Pause) 9572M->4509M(12288M) 130.043ms
[2024-08-15T16:17:46.283+0000][13762.227s][info][gc,cpu      ] GC(3370) User=0.76s Sys=0.00s Real=0.13s
[2024-08-15T16:17:46.967+0000][13762.912s][info][gc,start    ] GC(3371) Pause Young (Concurrent Start) (G1 Humongous Allocation)
[2024-08-15T16:17:46.967+0000][13762.912s][info][gc,task     ] GC(3371) Using 6 workers of 6 for evacuation
[2024-08-15T16:17:47.035+0000][13762.980s][info][gc,phases   ] GC(3371)   Pre Evacuate Collection Set: 0.5ms
[2024-08-15T16:17:47.035+0000][13762.980s][info][gc,phases   ] GC(3371)   Merge Heap Roots: 0.2ms
[2024-08-15T16:17:47.035+0000][13762.980s][info][gc,phases   ] GC(3371)   Evacuate Collection Set: 55.7ms
[2024-08-15T16:17:47.035+0000][13762.980s][info][gc,phases   ] GC(3371)   Post Evacuate Collection Set: 11.3ms
[2024-08-15T16:17:47.035+0000][13762.980s][info][gc,phases   ] GC(3371)   Other: 0.3ms
[2024-08-15T16:17:47.035+0000][13762.980s][info][gc,heap     ] GC(3371) Eden regions: 223->0(635)
[2024-08-15T16:17:47.035+0000][13762.980s][info][gc,heap     ] GC(3371) Survivor regions: 10->11(81)
[2024-08-15T16:17:47.035+0000][13762.980s][info][gc,heap     ] GC(3371) Old regions: 533->533
[2024-08-15T16:17:47.035+0000][13762.980s][info][gc,heap     ] GC(3371) Archive regions: 2->2
[2024-08-15T16:17:47.035+0000][13762.980s][info][gc,heap     ] GC(3371) Humongous regions: 21->21
[2024-08-15T16:17:47.035+0000][13762.980s][info][gc,metaspace] GC(3371) Metaspace: 442578K(448960K)->442578K(448960K) NonClass: 387682K(391232K)->387682K(391232K) Class: 54895K(57728K)->54895K(57728K)
[2024-08-15T16:17:47.035+0000][13762.980s][info][gc          ] GC(3371) Pause Young (Concurrent Start) (G1 Humongous Allocation) 6289M->4518M(12288M) 68.063ms
[2024-08-15T16:17:47.035+0000][13762.980s][info][gc,cpu      ] GC(3371) User=0.39s Sys=0.01s Real=0.07s
[2024-08-15T16:17:47.035+0000][13762.980s][info][gc          ] GC(3372) Concurrent Mark Cycle
[2024-08-15T16:17:47.035+0000][13762.980s][info][gc,marking  ] GC(3372) Concurrent Clear Claimed Marks
[2024-08-15T16:17:47.036+0000][13762.980s][info][gc,marking  ] GC(3372) Concurrent Clear Claimed Marks 0.371ms
[2024-08-15T16:17:47.036+0000][13762.980s][info][gc,marking  ] GC(3372) Concurrent Scan Root Regions
[2024-08-15T16:17:47.066+0000][13763.011s][info][gc,marking  ] GC(3372) Concurrent Scan Root Regions 30.689ms
[2024-08-15T16:17:47.066+0000][13763.011s][info][gc,marking  ] GC(3372) Concurrent Mark
[2024-08-15T16:17:47.066+0000][13763.011s][info][gc,marking  ] GC(3372) Concurrent Mark From Roots
[2024-08-15T16:17:47.066+0000][13763.011s][info][gc,task     ] GC(3372) Using 2 workers of 2 for marking
[2024-08-15T16:17:49.243+0000][13765.188s][info][gc,start    ] GC(3373) Pause Young (Normal) (G1 Evacuation Pause)
[2024-08-15T16:17:49.243+0000][13765.188s][info][gc,task     ] GC(3373) Using 6 workers of 6 for evacuation
[2024-08-15T16:17:49.336+0000][13765.281s][info][gc,phases   ] GC(3373)   Pre Evacuate Collection Set: 0.2ms
[2024-08-15T16:17:49.336+0000][13765.281s][info][gc,phases   ] GC(3373)   Merge Heap Roots: 0.4ms
[2024-08-15T16:17:49.336+0000][13765.281s][info][gc,phases   ] GC(3373)   Evacuate Collection Set: 73.9ms
[2024-08-15T16:17:49.336+0000][13765.281s][info][gc,phases   ] GC(3373)   Post Evacuate Collection Set: 18.0ms
[2024-08-15T16:17:49.336+0000][13765.281s][info][gc,phases   ] GC(3373)   Other: 0.2ms
[2024-08-15T16:17:49.336+0000][13765.281s][info][gc,heap     ] GC(3373) Eden regions: 635->0(635)
[2024-08-15T16:17:49.336+0000][13765.281s][info][gc,heap     ] GC(3373) Survivor regions: 11->13(81)
[2024-08-15T16:17:49.336+0000][13765.281s][info][gc,heap     ] GC(3373) Old regions: 533->533
[2024-08-15T16:17:49.336+0000][13765.281s][info][gc,heap     ] GC(3373) Archive regions: 2->2
[2024-08-15T16:17:49.336+0000][13765.281s][info][gc,heap     ] GC(3373) Humongous regions: 22->22
[2024-08-15T16:17:49.336+0000][13765.281s][info][gc,metaspace] GC(3373) Metaspace: 442578K(448960K)->442578K(448960K) NonClass: 387682K(391232K)->387682K(391232K) Class: 54895K(57728K)->54895K(57728K)
[2024-08-15T16:17:49.336+0000][13765.281s][info][gc          ] GC(3373) Pause Young (Normal) (G1 Evacuation Pause) 9606M->4538M(12288M) 92.695ms
[2024-08-15T16:17:49.336+0000][13765.281s][info][gc,cpu      ] GC(3373) User=0.54s Sys=0.00s Real=0.09s
[2024-08-15T16:17:49.592+0000][13765.536s][info][gc,marking  ] GC(3372) Concurrent Mark From Roots 2525.136ms
[2024-08-15T16:17:49.592+0000][13765.536s][info][gc,marking  ] GC(3372) Concurrent Preclean
[2024-08-15T16:17:49.594+0000][13765.538s][info][gc,marking  ] GC(3372) Concurrent Preclean 1.971ms
[2024-08-15T16:17:49.594+0000][13765.538s][info][gc,start    ] GC(3372) Pause Remark
[2024-08-15T16:17:49.617+0000][13765.561s][info][gc          ] GC(3372) Pause Remark 5150M->5142M(12288M) 23.114ms
[2024-08-15T16:17:49.617+0000][13765.562s][info][gc,cpu      ] GC(3372) User=0.10s Sys=0.00s Real=0.03s
[2024-08-15T16:17:49.617+0000][13765.562s][info][gc,marking  ] GC(3372) Concurrent Mark 2550.561ms
[2024-08-15T16:17:49.617+0000][13765.562s][info][gc,marking  ] GC(3372) Concurrent Rebuild Remembered Sets
[2024-08-15T16:17:51.049+0000][13766.993s][info][gc,marking  ] GC(3372) Concurrent Rebuild Remembered Sets 1431.568ms
[2024-08-15T16:17:51.049+0000][13766.993s][info][gc,start    ] GC(3372) Pause Cleanup
[2024-08-15T16:17:51.050+0000][13766.994s][info][gc          ] GC(3372) Pause Cleanup 9186M->9186M(12288M) 0.778ms
[2024-08-15T16:17:51.050+0000][13766.994s][info][gc,cpu      ] GC(3372) User=0.00s Sys=0.00s Real=0.00s
[2024-08-15T16:17:51.050+0000][13766.994s][info][gc,marking  ] GC(3372) Concurrent Cleanup for Next Mark
[2024-08-15T16:17:51.065+0000][13767.009s][info][gc,marking  ] GC(3372) Concurrent Cleanup for Next Mark 15.161ms
[2024-08-15T16:17:51.065+0000][13767.009s][info][gc          ] GC(3372) Concurrent Mark Cycle 4029.624ms
[2024-08-15T16:17:51.194+0000][13767.139s][info][gc,start    ] GC(3374) Pause Young (Prepare Mixed) (G1 Evacuation Pause)
[2024-08-15T16:17:51.194+0000][13767.139s][info][gc,task     ] GC(3374) Using 6 workers of 6 for evacuation
[2024-08-15T16:17:51.272+0000][13767.217s][info][gc,phases   ] GC(3374)   Pre Evacuate Collection Set: 0.2ms
[2024-08-15T16:17:51.272+0000][13767.217s][info][gc,phases   ] GC(3374)   Merge Heap Roots: 0.8ms
[2024-08-15T16:17:51.272+0000][13767.217s][info][gc,phases   ] GC(3374)   Evacuate Collection Set: 66.2ms
[2024-08-15T16:17:51.272+0000][13767.217s][info][gc,phases   ] GC(3374)   Post Evacuate Collection Set: 10.7ms
[2024-08-15T16:17:51.272+0000][13767.217s][info][gc,phases   ] GC(3374)   Other: 0.2ms
[2024-08-15T16:17:51.272+0000][13767.217s][info][gc,heap     ] GC(3374) Eden regions: 635->0(61)
[2024-08-15T16:17:51.272+0000][13767.217s][info][gc,heap     ] GC(3374) Survivor regions: 13->15(81)
[2024-08-15T16:17:51.272+0000][13767.217s][info][gc,heap     ] GC(3374) Old regions: 533->533
[2024-08-15T16:17:51.272+0000][13767.217s][info][gc,heap     ] GC(3374) Archive regions: 2->2
[2024-08-15T16:17:51.272+0000][13767.217s][info][gc,heap     ] GC(3374) Humongous regions: 21->21
[2024-08-15T16:17:51.272+0000][13767.217s][info][gc,metaspace] GC(3374) Metaspace: 442578K(448960K)->442578K(448960K) NonClass: 387682K(391232K)->387682K(391232K) Class: 54895K(57728K)->54895K(57728K)
[2024-08-15T16:17:51.272+0000][13767.217s][info][gc          ] GC(3374) Pause Young (Prepare Mixed) (G1 Evacuation Pause) 9610M->4547M(12288M) 78.115ms
[2024-08-15T16:17:51.272+0000][13767.217s][info][gc,cpu      ] GC(3374) User=0.45s Sys=0.00s Real=0.08s
[2024-08-15T16:17:51.438+0000][13767.382s][info][gc,start    ] GC(3375) Pause Young (Mixed) (G1 Evacuation Pause)
[2024-08-15T16:17:51.438+0000][13767.382s][info][gc,task     ] GC(3375) Using 6 workers of 6 for evacuation
[2024-08-15T16:17:51.553+0000][13767.498s][info][gc,phases   ] GC(3375)   Pre Evacuate Collection Set: 0.2ms
[2024-08-15T16:17:51.553+0000][13767.498s][info][gc,phases   ] GC(3375)   Merge Heap Roots: 0.7ms
[2024-08-15T16:17:51.553+0000][13767.498s][info][gc,phases   ] GC(3375)   Evacuate Collection Set: 95.3ms
[2024-08-15T16:17:51.553+0000][13767.498s][info][gc,phases   ] GC(3375)   Merge Optional Heap Roots: 0.6ms
[2024-08-15T16:17:51.553+0000][13767.498s][info][gc,phases   ] GC(3375)   Evacuate Optional Collection Set: 17.0ms
[2024-08-15T16:17:51.553+0000][13767.498s][info][gc,phases   ] GC(3375)   Post Evacuate Collection Set: 1.7ms
[2024-08-15T16:17:51.553+0000][13767.498s][info][gc,phases   ] GC(3375)   Other: 0.2ms
[2024-08-15T16:17:51.553+0000][13767.498s][info][gc,heap     ] GC(3375) Eden regions: 61->0(72)
[2024-08-15T16:17:51.553+0000][13767.498s][info][gc,heap     ] GC(3375) Survivor regions: 15->4(10)
[2024-08-15T16:17:51.553+0000][13767.498s][info][gc,heap     ] GC(3375) Old regions: 533->536
[2024-08-15T16:17:51.553+0000][13767.498s][info][gc,heap     ] GC(3375) Archive regions: 2->2
[2024-08-15T16:17:51.553+0000][13767.498s][info][gc,heap     ] GC(3375) Humongous regions: 21->21
[2024-08-15T16:17:51.553+0000][13767.498s][info][gc,metaspace] GC(3375) Metaspace: 442578K(448960K)->442578K(448960K) NonClass: 387682K(391232K)->387682K(391232K) Class: 54895K(57728K)->54895K(57728K)
[2024-08-15T16:17:51.553+0000][13767.498s][info][gc          ] GC(3375) Pause Young (Mixed) (G1 Evacuation Pause) 5035M->4490M(12288M) 115.663ms
[2024-08-15T16:17:51.553+0000][13767.498s][info][gc,cpu      ] GC(3375) User=0.68s Sys=0.00s Real=0.11s
[2024-08-15T16:17:51.777+0000][13767.722s][info][gc,start    ] GC(3376) Pause Young (Mixed) (G1 Evacuation Pause)
[2024-08-15T16:17:51.777+0000][13767.722s][info][gc,task     ] GC(3376) Using 6 workers of 6 for evacuation
[2024-08-15T16:17:51.831+0000][13767.775s][info][gc,phases   ] GC(3376)   Pre Evacuate Collection Set: 0.1ms
[2024-08-15T16:17:51.831+0000][13767.775s][info][gc,phases   ] GC(3376)   Merge Heap Roots: 0.7ms
[2024-08-15T16:17:51.831+0000][13767.775s][info][gc,phases   ] GC(3376)   Evacuate Collection Set: 49.7ms
[2024-08-15T16:17:51.831+0000][13767.775s][info][gc,phases   ] GC(3376)   Post Evacuate Collection Set: 2.8ms
[2024-08-15T16:17:51.831+0000][13767.775s][info][gc,phases   ] GC(3376)   Other: 0.2ms
[2024-08-15T16:17:51.831+0000][13767.775s][info][gc,heap     ] GC(3376) Eden regions: 72->0(648)
[2024-08-15T16:17:51.831+0000][13767.775s][info][gc,heap     ] GC(3376) Survivor regions: 4->3(10)
[2024-08-15T16:17:51.831+0000][13767.775s][info][gc,heap     ] GC(3376) Old regions: 536->534
[2024-08-15T16:17:51.831+0000][13767.775s][info][gc,heap     ] GC(3376) Archive regions: 2->2
[2024-08-15T16:17:51.831+0000][13767.775s][info][gc,heap     ] GC(3376) Humongous regions: 21->21
[2024-08-15T16:17:51.831+0000][13767.775s][info][gc,metaspace] GC(3376) Metaspace: 442578K(448960K)->442578K(448960K) NonClass: 387682K(391232K)->387682K(391232K) Class: 54895K(57728K)->54895K(57728K)
[2024-08-15T16:17:51.831+0000][13767.775s][info][gc          ] GC(3376) Pause Young (Mixed) (G1 Evacuation Pause) 5066M->4463M(12288M) 53.566ms
[2024-08-15T16:17:51.831+0000][13767.775s][info][gc,cpu      ] GC(3376) User=0.30s Sys=0.00s Real=0.05s
[2024-08-15T16:17:57.550+0000][13773.495s][info][gc,start    ] GC(3377) Pause Young (Normal) (G1 Evacuation Pause)
[2024-08-15T16:17:57.550+0000][13773.495s][info][gc,task     ] GC(3377) Using 6 workers of 6 for evacuation
[2024-08-15T16:17:57.584+0000][13773.529s][info][gc,phases   ] GC(3377)   Pre Evacuate Collection Set: 0.2ms
[2024-08-15T16:17:57.585+0000][13773.529s][info][gc,phases   ] GC(3377)   Merge Heap Roots: 0.8ms
[2024-08-15T16:17:57.585+0000][13773.529s][info][gc,phases   ] GC(3377)   Evacuate Collection Set: 28.2ms
[2024-08-15T16:17:57.585+0000][13773.529s][info][gc,phases   ] GC(3377)   Post Evacuate Collection Set: 5.0ms
[2024-08-15T16:17:57.585+0000][13773.529s][info][gc,phases   ] GC(3377)   Other: 0.2ms
[2024-08-15T16:17:57.585+0000][13773.529s][info][gc,heap     ] GC(3377) Eden regions: 648->0(614)
[2024-08-15T16:17:57.585+0000][13773.529s][info][gc,heap     ] GC(3377) Survivor regions: 3->8(82)
[2024-08-15T16:17:57.585+0000][13773.529s][info][gc,heap     ] GC(3377) Old regions: 534->534
[2024-08-15T16:17:57.585+0000][13773.529s][info][gc,heap     ] GC(3377) Archive regions: 2->2
[2024-08-15T16:17:57.585+0000][13773.529s][info][gc,heap     ] GC(3377) Humongous regions: 48->48
[2024-08-15T16:17:57.585+0000][13773.529s][info][gc,metaspace] GC(3377) Metaspace: 442887K(449152K)->442887K(449152K) NonClass: 387951K(391424K)->387951K(391424K) Class: 54936K(57728K)->54936K(57728K)
[2024-08-15T16:17:57.585+0000][13773.529s][info][gc          ] GC(3377) Pause Young (Normal) (G1 Evacuation Pause) 9863M->4715M(12288M) 34.398ms
[2024-08-15T16:17:57.585+0000][13773.529s][info][gc,cpu      ] GC(3377) User=0.20s Sys=0.00s Real=0.04s
[2024-08-15T16:17:57.954+0000][13773.898s][info][gc,start    ] GC(3378) Pause Young (Concurrent Start) (G1 Humongous Allocation)
[2024-08-15T16:17:57.954+0000][13773.898s][info][gc,task     ] GC(3378) Using 6 workers of 6 for evacuation
[2024-08-15T16:17:57.964+0000][13773.908s][info][gc,phases   ] GC(3378)   Pre Evacuate Collection Set: 0.5ms
[2024-08-15T16:17:57.964+0000][13773.908s][info][gc,phases   ] GC(3378)   Merge Heap Roots: 0.2ms
[2024-08-15T16:17:57.964+0000][13773.908s][info][gc,phases   ] GC(3378)   Evacuate Collection Set: 8.0ms
[2024-08-15T16:17:57.964+0000][13773.908s][info][gc,phases   ] GC(3378)   Post Evacuate Collection Set: 1.1ms
[2024-08-15T16:17:57.964+0000][13773.908s][info][gc,phases   ] GC(3378)   Other: 0.3ms
[2024-08-15T16:17:57.964+0000][13773.908s][info][gc,heap     ] GC(3378) Eden regions: 33->0(618)
[2024-08-15T16:17:57.964+0000][13773.908s][info][gc,heap     ] GC(3378) Survivor regions: 8->8(78)
[2024-08-15T16:17:57.964+0000][13773.908s][info][gc,heap     ] GC(3378) Old regions: 534->534
[2024-08-15T16:17:57.964+0000][13773.908s][info][gc,heap     ] GC(3378) Archive regions: 2->2
[2024-08-15T16:17:57.964+0000][13773.908s][info][gc,heap     ] GC(3378) Humongous regions: 48->48
[2024-08-15T16:17:57.964+0000][13773.908s][info][gc,metaspace] GC(3378) Metaspace: 442887K(449152K)->442887K(449152K) NonClass: 387951K(391424K)->387951K(391424K) Class: 54936K(57728K)->54936K(57728K)
[2024-08-15T16:17:57.964+0000][13773.908s][info][gc          ] GC(3378) Pause Young (Concurrent Start) (G1 Humongous Allocation) 4971M->4717M(12288M) 10.086ms
[2024-08-15T16:17:57.964+0000][13773.908s][info][gc,cpu      ] GC(3378) User=0.05s Sys=0.00s Real=0.02s
[2024-08-15T16:17:57.964+0000][13773.908s][info][gc          ] GC(3379) Concurrent Mark Cycle
[2024-08-15T16:17:57.964+0000][13773.909s][info][gc,marking  ] GC(3379) Concurrent Clear Claimed Marks
[2024-08-15T16:17:57.964+0000][13773.909s][info][gc,marking  ] GC(3379) Concurrent Clear Claimed Marks 0.346ms
[2024-08-15T16:17:57.964+0000][13773.909s][info][gc,marking  ] GC(3379) Concurrent Scan Root Regions
[2024-08-15T16:17:57.970+0000][13773.915s][info][gc,marking  ] GC(3379) Concurrent Scan Root Regions 5.794ms
[2024-08-15T16:17:57.970+0000][13773.915s][info][gc,marking  ] GC(3379) Concurrent Mark
[2024-08-15T16:17:57.970+0000][13773.915s][info][gc,marking  ] GC(3379) Concurrent Mark From Roots
[2024-08-15T16:17:57.970+0000][13773.915s][info][gc,task     ] GC(3379) Using 2 workers of 2 for marking
[2024-08-15T16:17:59.257+0000][13775.201s][info][gc,marking  ] GC(3379) Concurrent Mark From Roots 1286.784ms
[2024-08-15T16:17:59.257+0000][13775.202s][info][gc,marking  ] GC(3379) Concurrent Preclean
[2024-08-15T16:17:59.258+0000][13775.203s][info][gc,marking  ] GC(3379) Concurrent Preclean 1.441ms
[2024-08-15T16:17:59.258+0000][13775.203s][info][gc,start    ] GC(3379) Pause Remark
[2024-08-15T16:17:59.282+0000][13775.226s][info][gc          ] GC(3379) Pause Remark 5697M->5545M(12288M) 23.211ms
[2024-08-15T16:17:59.282+0000][13775.226s][info][gc,cpu      ] GC(3379) User=0.10s Sys=0.00s Real=0.02s
[2024-08-15T16:17:59.282+0000][13775.226s][info][gc,marking  ] GC(3379) Concurrent Mark 1311.753ms
[2024-08-15T16:17:59.282+0000][13775.226s][info][gc,marking  ] GC(3379) Concurrent Rebuild Remembered Sets
[2024-08-15T16:18:00.112+0000][13776.057s][info][gc,marking  ] GC(3379) Concurrent Rebuild Remembered Sets 830.485ms
[2024-08-15T16:18:00.113+0000][13776.057s][info][gc,start    ] GC(3379) Pause Cleanup
[2024-08-15T16:18:00.113+0000][13776.058s][info][gc          ] GC(3379) Pause Cleanup 6193M->6193M(12288M) 0.616ms
[2024-08-15T16:18:00.113+0000][13776.058s][info][gc,cpu      ] GC(3379) User=0.00s Sys=0.00s Real=0.00s
[2024-08-15T16:18:00.113+0000][13776.058s][info][gc,marking  ] GC(3379) Concurrent Cleanup for Next Mark
[2024-08-15T16:18:00.129+0000][13776.073s][info][gc,marking  ] GC(3379) Concurrent Cleanup for Next Mark 15.268ms
[2024-08-15T16:18:00.129+0000][13776.073s][info][gc          ] GC(3379) Concurrent Mark Cycle 2164.718ms
[2024-08-15T16:18:16.703+0000][13792.648s][info][gc,start    ] GC(3380) Pause Young (Prepare Mixed) (G1 Evacuation Pause)
[2024-08-15T16:18:16.703+0000][13792.648s][info][gc,task     ] GC(3380) Using 6 workers of 6 for evacuation
[2024-08-15T16:18:16.910+0000][13792.854s][info][gc,mmu      ] GC(3380) MMU target violated: 201.0ms (200.0ms/201.0ms)
[2024-08-15T16:18:16.910+0000][13792.854s][info][gc,phases   ] GC(3380)   Pre Evacuate Collection Set: 0.2ms
[2024-08-15T16:18:16.910+0000][13792.854s][info][gc,phases   ] GC(3380)   Merge Heap Roots: 0.7ms
[2024-08-15T16:18:16.910+0000][13792.854s][info][gc,phases   ] GC(3380)   Evacuate Collection Set: 203.2ms
[2024-08-15T16:18:16.910+0000][13792.854s][info][gc,phases   ] GC(3380)   Post Evacuate Collection Set: 2.0ms
[2024-08-15T16:18:16.910+0000][13792.854s][info][gc,phases   ] GC(3380)   Other: 0.3ms
[2024-08-15T16:18:16.910+0000][13792.854s][info][gc,heap     ] GC(3380) Eden regions: 618->0(29)
[2024-08-15T16:18:16.910+0000][13792.854s][info][gc,heap     ] GC(3380) Survivor regions: 8->47(79)
[2024-08-15T16:18:16.910+0000][13792.854s][info][gc,heap     ] GC(3380) Old regions: 525->525
[2024-08-15T16:18:16.910+0000][13792.854s][info][gc,heap     ] GC(3380) Archive regions: 2->2
[2024-08-15T16:18:16.910+0000][13792.854s][info][gc,heap     ] GC(3380) Humongous regions: 67->67
[2024-08-15T16:18:16.910+0000][13792.854s][info][gc,metaspace] GC(3380) Metaspace: 443354K(449472K)->443354K(449472K) NonClass: 388350K(391744K)->388350K(391744K) Class: 55003K(57728K)->55003K(57728K)
[2024-08-15T16:18:16.910+0000][13792.854s][info][gc          ] GC(3380) Pause Young (Prepare Mixed) (G1 Evacuation Pause) 9741M->5108M(12288M) 206.303ms
[2024-08-15T16:18:16.910+0000][13792.854s][info][gc,cpu      ] GC(3380) User=1.23s Sys=0.00s Real=0.20s
[2024-08-15T16:18:17.488+0000][13793.433s][info][gc,start    ] GC(3381) Pause Young (Mixed) (G1 Evacuation Pause)
[2024-08-15T16:18:17.488+0000][13793.433s][info][gc,task     ] GC(3381) Using 6 workers of 6 for evacuation
[2024-08-15T16:18:17.757+0000][13793.702s][info][gc,mmu      ] GC(3381) MMU target violated: 201.0ms (200.0ms/201.0ms)
[2024-08-15T16:18:17.757+0000][13793.702s][info][gc,phases   ] GC(3381)   Pre Evacuate Collection Set: 0.2ms
[2024-08-15T16:18:17.757+0000][13793.702s][info][gc,phases   ] GC(3381)   Merge Heap Roots: 0.9ms
[2024-08-15T16:18:17.757+0000][13793.702s][info][gc,phases   ] GC(3381)   Evacuate Collection Set: 265.8ms
[2024-08-15T16:18:17.757+0000][13793.702s][info][gc,phases   ] GC(3381)   Post Evacuate Collection Set: 1.9ms
[2024-08-15T16:18:17.757+0000][13793.702s][info][gc,phases   ] GC(3381)   Other: 0.2ms
[2024-08-15T16:18:17.757+0000][13793.702s][info][gc,heap     ] GC(3381) Eden regions: 29->0(73)
[2024-08-15T16:18:17.757+0000][13793.702s][info][gc,heap     ] GC(3381) Survivor regions: 47->3(10)
[2024-08-15T16:18:17.757+0000][13793.702s][info][gc,heap     ] GC(3381) Old regions: 525->438
[2024-08-15T16:18:17.757+0000][13793.702s][info][gc,heap     ] GC(3381) Archive regions: 2->2
[2024-08-15T16:18:17.757+0000][13793.702s][info][gc,heap     ] GC(3381) Humongous regions: 67->67
[2024-08-15T16:18:17.757+0000][13793.702s][info][gc,metaspace] GC(3381) Metaspace: 443354K(449472K)->443354K(449472K) NonClass: 388350K(391744K)->388350K(391744K) Class: 55003K(57728K)->55003K(57728K)
[2024-08-15T16:18:17.757+0000][13793.702s][info][gc          ] GC(3381) Pause Young (Mixed) (G1 Evacuation Pause) 5340M->4062M(12288M) 268.969ms
[2024-08-15T16:18:17.757+0000][13793.702s][info][gc,cpu      ] GC(3381) User=1.61s Sys=0.00s Real=0.27s
[2024-08-15T16:18:19.100+0000][13795.045s][info][gc,start    ] GC(3382) Pause Young (Mixed) (G1 Evacuation Pause)
[2024-08-15T16:18:19.100+0000][13795.045s][info][gc,task     ] GC(3382) Using 6 workers of 6 for evacuation
[2024-08-15T16:18:19.199+0000][13795.144s][info][gc,phases   ] GC(3382)   Pre Evacuate Collection Set: 0.2ms
[2024-08-15T16:18:19.199+0000][13795.144s][info][gc,phases   ] GC(3382)   Merge Heap Roots: 0.6ms
[2024-08-15T16:18:19.199+0000][13795.144s][info][gc,phases   ] GC(3382)   Evacuate Collection Set: 95.8ms
[2024-08-15T16:18:19.199+0000][13795.144s][info][gc,phases   ] GC(3382)   Post Evacuate Collection Set: 2.0ms
[2024-08-15T16:18:19.199+0000][13795.144s][info][gc,phases   ] GC(3382)   Other: 0.2ms
[2024-08-15T16:18:19.199+0000][13795.144s][info][gc,heap     ] GC(3382) Eden regions: 73->0(728)
[2024-08-15T16:18:19.199+0000][13795.144s][info][gc,heap     ] GC(3382) Survivor regions: 3->2(10)
[2024-08-15T16:18:19.199+0000][13795.144s][info][gc,heap     ] GC(3382) Old regions: 438->371
[2024-08-15T16:18:19.199+0000][13795.144s][info][gc,heap     ] GC(3382) Archive regions: 2->2
[2024-08-15T16:18:19.199+0000][13795.144s][info][gc,heap     ] GC(3382) Humongous regions: 67->67
[2024-08-15T16:18:19.199+0000][13795.144s][info][gc,metaspace] GC(3382) Metaspace: 443354K(449472K)->443354K(449472K) NonClass: 388350K(391744K)->388350K(391744K) Class: 55003K(57728K)->55003K(57728K)
[2024-08-15T16:18:19.199+0000][13795.144s][info][gc          ] GC(3382) Pause Young (Mixed) (G1 Evacuation Pause) 4646M->3518M(12288M) 98.839ms
[2024-08-15T16:18:19.199+0000][13795.144s][info][gc,cpu      ] GC(3382) User=0.58s Sys=0.00s Real=0.10s
[2024-08-15T16:18:32.390+0000][13808.335s][info][gc,start    ] GC(3383) Pause Young (Normal) (G1 Evacuation Pause)
[2024-08-15T16:18:32.390+0000][13808.335s][info][gc,task     ] GC(3383) Using 6 workers of 6 for evacuation
[2024-08-15T16:18:32.433+0000][13808.378s][info][gc,phases   ] GC(3383)   Pre Evacuate Collection Set: 0.2ms
[2024-08-15T16:18:32.433+0000][13808.378s][info][gc,phases   ] GC(3383)   Merge Heap Roots: 0.2ms
[2024-08-15T16:18:32.433+0000][13808.378s][info][gc,phases   ] GC(3383)   Evacuate Collection Set: 40.4ms
[2024-08-15T16:18:32.433+0000][13808.378s][info][gc,phases   ] GC(3383)   Post Evacuate Collection Set: 2.1ms
[2024-08-15T16:18:32.433+0000][13808.378s][info][gc,phases   ] GC(3383)   Other: 0.2ms
[2024-08-15T16:18:32.433+0000][13808.378s][info][gc,heap     ] GC(3383) Eden regions: 728->0(734)
[2024-08-15T16:18:32.433+0000][13808.378s][info][gc,heap     ] GC(3383) Survivor regions: 2->5(92)
[2024-08-15T16:18:32.433+0000][13808.378s][info][gc,heap     ] GC(3383) Old regions: 371->371
[2024-08-15T16:18:32.433+0000][13808.378s][info][gc,heap     ] GC(3383) Archive regions: 2->2
[2024-08-15T16:18:32.433+0000][13808.378s][info][gc,heap     ] GC(3383) Humongous regions: 67->67
[2024-08-15T16:18:32.433+0000][13808.378s][info][gc,metaspace] GC(3383) Metaspace: 443366K(449472K)->443366K(449472K) NonClass: 388362K(391744K)->388362K(391744K) Class: 55003K(57728K)->55003K(57728K)
[2024-08-15T16:18:32.433+0000][13808.378s][info][gc          ] GC(3383) Pause Young (Normal) (G1 Evacuation Pause) 9342M->3544M(12288M) 43.211ms
[2024-08-15T16:18:32.433+0000][13808.378s][info][gc,cpu      ] GC(3383) User=0.26s Sys=0.00s Real=0.04s
[2024-08-15T16:18:44.478+0000][13820.422s][info][gc,start    ] GC(3384) Pause Young (Normal) (G1 Evacuation Pause)
[2024-08-15T16:18:44.478+0000][13820.422s][info][gc,task     ] GC(3384) Using 6 workers of 6 for evacuation
[2024-08-15T16:18:44.506+0000][13820.451s][info][gc,phases   ] GC(3384)   Pre Evacuate Collection Set: 0.2ms
[2024-08-15T16:18:44.506+0000][13820.451s][info][gc,phases   ] GC(3384)   Merge Heap Roots: 0.2ms
[2024-08-15T16:18:44.506+0000][13820.451s][info][gc,phases   ] GC(3384)   Evacuate Collection Set: 25.7ms
[2024-08-15T16:18:44.506+0000][13820.451s][info][gc,phases   ] GC(3384)   Post Evacuate Collection Set: 2.1ms
[2024-08-15T16:18:44.506+0000][13820.451s][info][gc,phases   ] GC(3384)   Other: 0.2ms
[2024-08-15T16:18:44.506+0000][13820.451s][info][gc,heap     ] GC(3384) Eden regions: 734->0(738)
[2024-08-15T16:18:44.506+0000][13820.451s][info][gc,heap     ] GC(3384) Survivor regions: 5->9(93)
[2024-08-15T16:18:44.506+0000][13820.451s][info][gc,heap     ] GC(3384) Old regions: 371->371
[2024-08-15T16:18:44.506+0000][13820.451s][info][gc,heap     ] GC(3384) Archive regions: 2->2
[2024-08-15T16:18:44.506+0000][13820.451s][info][gc,heap     ] GC(3384) Humongous regions: 67->67
[2024-08-15T16:18:44.506+0000][13820.451s][info][gc,metaspace] GC(3384) Metaspace: 443368K(449472K)->443368K(449472K) NonClass: 388364K(391744K)->388364K(391744K) Class: 55004K(57728K)->55004K(57728K)
[2024-08-15T16:18:44.506+0000][13820.451s][info][gc          ] GC(3384) Pause Young (Normal) (G1 Evacuation Pause) 9416M->3575M(12288M) 28.404ms
[2024-08-15T16:18:44.506+0000][13820.451s][info][gc,cpu      ] GC(3384) User=0.17s Sys=0.00s Real=0.03s
[2024-08-15T16:18:55.856+0000][13831.801s][info][gc,start    ] GC(3385) Pause Young (Concurrent Start) (G1 Evacuation Pause)
[2024-08-15T16:18:55.856+0000][13831.801s][info][gc,task     ] GC(3385) Using 6 workers of 6 for evacuation
[2024-08-15T16:18:55.889+0000][13831.833s][info][gc,phases   ] GC(3385)   Pre Evacuate Collection Set: 0.6ms
[2024-08-15T16:18:55.889+0000][13831.833s][info][gc,phases   ] GC(3385)   Merge Heap Roots: 0.2ms
[2024-08-15T16:18:55.889+0000][13831.833s][info][gc,phases   ] GC(3385)   Evacuate Collection Set: 29.3ms
[2024-08-15T16:18:55.889+0000][13831.833s][info][gc,phases   ] GC(3385)   Post Evacuate Collection Set: 2.1ms
[2024-08-15T16:18:55.889+0000][13831.833s][info][gc,phases   ] GC(3385)   Other: 0.3ms
[2024-08-15T16:18:55.889+0000][13831.833s][info][gc,heap     ] GC(3385) Eden regions: 738->0(739)
[2024-08-15T16:18:55.889+0000][13831.833s][info][gc,heap     ] GC(3385) Survivor regions: 9->13(94)
[2024-08-15T16:18:55.889+0000][13831.833s][info][gc,heap     ] GC(3385) Old regions: 371->371
[2024-08-15T16:18:55.889+0000][13831.833s][info][gc,heap     ] GC(3385) Archive regions: 2->2
[2024-08-15T16:18:55.889+0000][13831.833s][info][gc,heap     ] GC(3385) Humongous regions: 67->67
[2024-08-15T16:18:55.889+0000][13831.833s][info][gc,metaspace] GC(3385) Metaspace: 443368K(449472K)->443368K(449472K) NonClass: 388364K(391744K)->388364K(391744K) Class: 55004K(57728K)->55004K(57728K)
[2024-08-15T16:18:55.889+0000][13831.833s][info][gc          ] GC(3385) Pause Young (Concurrent Start) (G1 Evacuation Pause) 9479M->3606M(12288M) 32.567ms
[2024-08-15T16:18:55.889+0000][13831.833s][info][gc,cpu      ] GC(3385) User=0.19s Sys=0.00s Real=0.03s
[2024-08-15T16:18:55.889+0000][13831.833s][info][gc          ] GC(3386) Concurrent Mark Cycle
[2024-08-15T16:18:55.889+0000][13831.834s][info][gc,marking  ] GC(3386) Concurrent Clear Claimed Marks
[2024-08-15T16:18:55.889+0000][13831.834s][info][gc,marking  ] GC(3386) Concurrent Clear Claimed Marks 0.382ms
[2024-08-15T16:18:55.889+0000][13831.834s][info][gc,marking  ] GC(3386) Concurrent Scan Root Regions
[2024-08-15T16:18:55.908+0000][13831.853s][info][gc,marking  ] GC(3386) Concurrent Scan Root Regions 19.014ms
[2024-08-15T16:18:55.908+0000][13831.853s][info][gc,marking  ] GC(3386) Concurrent Mark
[2024-08-15T16:18:55.908+0000][13831.853s][info][gc,marking  ] GC(3386) Concurrent Mark From Roots
[2024-08-15T16:18:55.908+0000][13831.853s][info][gc,task     ] GC(3386) Using 2 workers of 2 for marking
[2024-08-15T16:18:57.529+0000][13833.473s][info][gc,marking  ] GC(3386) Concurrent Mark From Roots 1620.224ms
[2024-08-15T16:18:57.529+0000][13833.473s][info][gc,marking  ] GC(3386) Concurrent Preclean
[2024-08-15T16:18:57.530+0000][13833.475s][info][gc,marking  ] GC(3386) Concurrent Preclean 1.730ms
[2024-08-15T16:18:57.530+0000][13833.475s][info][gc,start    ] GC(3386) Pause Remark
[2024-08-15T16:18:57.574+0000][13833.519s][info][gc          ] GC(3386) Pause Remark 4470M->4302M(12288M) 43.528ms
[2024-08-15T16:18:57.574+0000][13833.519s][info][gc,cpu      ] GC(3386) User=0.23s Sys=0.00s Real=0.04s
[2024-08-15T16:18:57.575+0000][13833.519s][info][gc,marking  ] GC(3386) Concurrent Mark 1666.455ms
[2024-08-15T16:18:57.575+0000][13833.519s][info][gc,marking  ] GC(3386) Concurrent Rebuild Remembered Sets
[2024-08-15T16:18:58.639+0000][13834.584s][info][gc,marking  ] GC(3386) Concurrent Rebuild Remembered Sets 1064.501ms
[2024-08-15T16:18:58.640+0000][13834.584s][info][gc,start    ] GC(3386) Pause Cleanup
[2024-08-15T16:18:58.640+0000][13834.585s][info][gc          ] GC(3386) Pause Cleanup 4782M->4782M(12288M) 0.626ms
[2024-08-15T16:18:58.640+0000][13834.585s][info][gc,cpu      ] GC(3386) User=0.00s Sys=0.00s Real=0.00s
[2024-08-15T16:18:58.640+0000][13834.585s][info][gc,marking  ] GC(3386) Concurrent Cleanup for Next Mark
[2024-08-15T16:18:58.657+0000][13834.602s][info][gc,marking  ] GC(3386) Concurrent Cleanup for Next Mark 17.104ms
[2024-08-15T16:18:58.657+0000][13834.602s][info][gc          ] GC(3386) Concurrent Mark Cycle 2768.571ms
[2024-08-15T16:19:07.393+0000][13843.338s][info][gc,start    ] GC(3387) Pause Young (Prepare Mixed) (G1 Evacuation Pause)
[2024-08-15T16:19:07.393+0000][13843.338s][info][gc,task     ] GC(3387) Using 6 workers of 6 for evacuation
[2024-08-15T16:19:07.440+0000][13843.384s][info][gc,phases   ] GC(3387)   Pre Evacuate Collection Set: 0.2ms
[2024-08-15T16:19:07.440+0000][13843.384s][info][gc,phases   ] GC(3387)   Merge Heap Roots: 0.3ms
[2024-08-15T16:19:07.440+0000][13843.384s][info][gc,phases   ] GC(3387)   Evacuate Collection Set: 43.7ms
[2024-08-15T16:19:07.440+0000][13843.384s][info][gc,phases   ] GC(3387)   Post Evacuate Collection Set: 2.1ms
[2024-08-15T16:19:07.440+0000][13843.384s][info][gc,phases   ] GC(3387)   Other: 0.2ms
[2024-08-15T16:19:07.440+0000][13843.384s][info][gc,heap     ] GC(3387) Eden regions: 739->0(60)
[2024-08-15T16:19:07.440+0000][13843.384s][info][gc,heap     ] GC(3387) Survivor regions: 13->16(94)
[2024-08-15T16:19:07.440+0000][13843.384s][info][gc,heap     ] GC(3387) Old regions: 367->367
[2024-08-15T16:19:07.440+0000][13843.384s][info][gc,heap     ] GC(3387) Archive regions: 2->2
[2024-08-15T16:19:07.440+0000][13843.385s][info][gc,heap     ] GC(3387) Humongous regions: 50->50
[2024-08-15T16:19:07.440+0000][13843.385s][info][gc,metaspace] GC(3387) Metaspace: 443332K(449472K)->443332K(449472K) NonClass: 388337K(391744K)->388337K(391744K) Class: 54994K(57728K)->54994K(57728K)
[2024-08-15T16:19:07.440+0000][13843.385s][info][gc          ] GC(3387) Pause Young (Prepare Mixed) (G1 Evacuation Pause) 9350M->3464M(12288M) 46.508ms
[2024-08-15T16:19:07.440+0000][13843.385s][info][gc,cpu      ] GC(3387) User=0.26s Sys=0.00s Real=0.05s
[2024-08-15T16:19:08.300+0000][13844.245s][info][gc,start    ] GC(3388) Pause Young (Mixed) (G1 Evacuation Pause)
[2024-08-15T16:19:08.300+0000][13844.245s][info][gc,task     ] GC(3388) Using 6 workers of 6 for evacuation
[2024-08-15T16:19:08.378+0000][13844.322s][info][gc,phases   ] GC(3388)   Pre Evacuate Collection Set: 0.2ms
[2024-08-15T16:19:08.378+0000][13844.322s][info][gc,phases   ] GC(3388)   Merge Heap Roots: 0.3ms
[2024-08-15T16:19:08.378+0000][13844.322s][info][gc,phases   ] GC(3388)   Evacuate Collection Set: 75.3ms
[2024-08-15T16:19:08.378+0000][13844.322s][info][gc,phases   ] GC(3388)   Post Evacuate Collection Set: 1.4ms
[2024-08-15T16:19:08.378+0000][13844.322s][info][gc,phases   ] GC(3388)   Other: 0.2ms
[2024-08-15T16:19:08.378+0000][13844.322s][info][gc,heap     ] GC(3388) Eden regions: 60->0(790)
[2024-08-15T16:19:08.378+0000][13844.322s][info][gc,heap     ] GC(3388) Survivor regions: 16->6(10)
[2024-08-15T16:19:08.378+0000][13844.322s][info][gc,heap     ] GC(3388) Old regions: 367->343
[2024-08-15T16:19:08.378+0000][13844.322s][info][gc,heap     ] GC(3388) Archive regions: 2->2
[2024-08-15T16:19:08.378+0000][13844.322s][info][gc,heap     ] GC(3388) Humongous regions: 50->50
[2024-08-15T16:19:08.378+0000][13844.322s][info][gc,metaspace] GC(3388) Metaspace: 443332K(449472K)->443332K(449472K) NonClass: 388337K(391744K)->388337K(391744K) Class: 54994K(57728K)->54994K(57728K)
[2024-08-15T16:19:08.378+0000][13844.322s][info][gc          ] GC(3388) Pause Young (Mixed) (G1 Evacuation Pause) 3944M->3193M(12288M) 77.371ms
[2024-08-15T16:19:08.378+0000][13844.322s][info][gc,cpu      ] GC(3388) User=0.46s Sys=0.00s Real=0.08s
[2024-08-15T16:19:20.031+0000][13855.976s][info][gc,start    ] GC(3389) Pause Young (Normal) (G1 Evacuation Pause)
[2024-08-15T16:19:20.031+0000][13855.976s][info][gc,task     ] GC(3389) Using 6 workers of 6 for evacuation
[2024-08-15T16:19:20.057+0000][13856.002s][info][gc,phases   ] GC(3389)   Pre Evacuate Collection Set: 0.2ms
[2024-08-15T16:19:20.057+0000][13856.002s][info][gc,phases   ] GC(3389)   Merge Heap Roots: 0.2ms
[2024-08-15T16:19:20.057+0000][13856.002s][info][gc,phases   ] GC(3389)   Evacuate Collection Set: 23.1ms
[2024-08-15T16:19:20.057+0000][13856.002s][info][gc,phases   ] GC(3389)   Post Evacuate Collection Set: 2.1ms
[2024-08-15T16:19:20.057+0000][13856.002s][info][gc,phases   ] GC(3389)   Other: 0.2ms
[2024-08-15T16:19:20.057+0000][13856.002s][info][gc,heap     ] GC(3389) Eden regions: 790->0(790)
[2024-08-15T16:19:20.057+0000][13856.002s][info][gc,heap     ] GC(3389) Survivor regions: 6->10(100)
[2024-08-15T16:19:20.057+0000][13856.002s][info][gc,heap     ] GC(3389) Old regions: 343->343
[2024-08-15T16:19:20.057+0000][13856.002s][info][gc,heap     ] GC(3389) Archive regions: 2->2
[2024-08-15T16:19:20.057+0000][13856.002s][info][gc,heap     ] GC(3389) Humongous regions: 50->50
[2024-08-15T16:19:20.057+0000][13856.002s][info][gc,metaspace] GC(3389) Metaspace: 443332K(449472K)->443332K(449472K) NonClass: 388337K(391744K)->388337K(391744K) Class: 54994K(57728K)->54994K(57728K)
[2024-08-15T16:19:20.057+0000][13856.002s][info][gc          ] GC(3389) Pause Young (Normal) (G1 Evacuation Pause) 9513M->3225M(12288M) 25.869ms
[2024-08-15T16:19:20.057+0000][13856.002s][info][gc,cpu      ] GC(3389) User=0.15s Sys=0.00s Real=0.03s
[2024-08-15T16:19:31.818+0000][13867.763s][info][gc,start    ] GC(3390) Pause Young (Normal) (G1 Evacuation Pause)
[2024-08-15T16:19:31.818+0000][13867.763s][info][gc,task     ] GC(3390) Using 6 workers of 6 for evacuation
[2024-08-15T16:19:31.848+0000][13867.793s][info][gc,phases   ] GC(3390)   Pre Evacuate Collection Set: 0.2ms
[2024-08-15T16:19:31.848+0000][13867.793s][info][gc,phases   ] GC(3390)   Merge Heap Roots: 0.3ms
[2024-08-15T16:19:31.848+0000][13867.793s][info][gc,phases   ] GC(3390)   Evacuate Collection Set: 27.4ms
[2024-08-15T16:19:31.848+0000][13867.793s][info][gc,phases   ] GC(3390)   Post Evacuate Collection Set: 2.2ms
[2024-08-15T16:19:31.848+0000][13867.793s][info][gc,phases   ] GC(3390)   Other: 0.2ms
[2024-08-15T16:19:31.848+0000][13867.793s][info][gc,heap     ] GC(3390) Eden regions: 790->0(789)
[2024-08-15T16:19:31.848+0000][13867.793s][info][gc,heap     ] GC(3390) Survivor regions: 10->14(100)
[2024-08-15T16:19:31.848+0000][13867.793s][info][gc,heap     ] GC(3390) Old regions: 343->343
[2024-08-15T16:19:31.848+0000][13867.793s][info][gc,heap     ] GC(3390) Archive regions: 2->2
[2024-08-15T16:19:31.848+0000][13867.793s][info][gc,heap     ] GC(3390) Humongous regions: 50->50
[2024-08-15T16:19:31.848+0000][13867.793s][info][gc,metaspace] GC(3390) Metaspace: 443345K(449536K)->443345K(449536K) NonClass: 388350K(391808K)->388350K(391808K) Class: 54994K(57728K)->54994K(57728K)
[2024-08-15T16:19:31.848+0000][13867.793s][info][gc          ] GC(3390) Pause Young (Normal) (G1 Evacuation Pause) 9545M->3254M(12288M) 30.332ms
[2024-08-15T16:19:31.848+0000][13867.793s][info][gc,cpu      ] GC(3390) User=0.17s Sys=0.00s Real=0.03s
[2024-08-15T16:19:43.360+0000][13879.304s][info][gc,start    ] GC(3391) Pause Young (Concurrent Start) (G1 Evacuation Pause)
[2024-08-15T16:19:43.360+0000][13879.305s][info][gc,task     ] GC(3391) Using 6 workers of 6 for evacuation
[2024-08-15T16:19:43.397+0000][13879.342s][info][gc,phases   ] GC(3391)   Pre Evacuate Collection Set: 0.6ms
[2024-08-15T16:19:43.397+0000][13879.342s][info][gc,phases   ] GC(3391)   Merge Heap Roots: 0.3ms
[2024-08-15T16:19:43.397+0000][13879.342s][info][gc,phases   ] GC(3391)   Evacuate Collection Set: 34.3ms
[2024-08-15T16:19:43.397+0000][13879.342s][info][gc,phases   ] GC(3391)   Post Evacuate Collection Set: 2.2ms
[2024-08-15T16:19:43.398+0000][13879.342s][info][gc,phases   ] GC(3391)   Other: 0.3ms
[2024-08-15T16:19:43.398+0000][13879.342s][info][gc,heap     ] GC(3391) Eden regions: 789->0(788)
[2024-08-15T16:19:43.398+0000][13879.342s][info][gc,heap     ] GC(3391) Survivor regions: 14->17(101)
[2024-08-15T16:19:43.398+0000][13879.342s][info][gc,heap     ] GC(3391) Old regions: 343->343
[2024-08-15T16:19:43.398+0000][13879.342s][info][gc,heap     ] GC(3391) Archive regions: 2->2
[2024-08-15T16:19:43.398+0000][13879.342s][info][gc,heap     ] GC(3391) Humongous regions: 50->50
[2024-08-15T16:19:43.398+0000][13879.342s][info][gc,metaspace] GC(3391) Metaspace: 443354K(449536K)->443354K(449536K) NonClass: 388359K(391808K)->388359K(391808K) Class: 54994K(57728K)->54994K(57728K)
[2024-08-15T16:19:43.398+0000][13879.342s][info][gc          ] GC(3391) Pause Young (Concurrent Start) (G1 Evacuation Pause) 9566M->3281M(12288M) 37.705ms
[2024-08-15T16:19:43.398+0000][13879.342s][info][gc,cpu      ] GC(3391) User=0.22s Sys=0.00s Real=0.04s
[2024-08-15T16:19:43.398+0000][13879.342s][info][gc          ] GC(3392) Concurrent Mark Cycle
[2024-08-15T16:19:43.398+0000][13879.342s][info][gc,marking  ] GC(3392) Concurrent Clear Claimed Marks
[2024-08-15T16:19:43.398+0000][13879.343s][info][gc,marking  ] GC(3392) Concurrent Clear Claimed Marks 0.403ms
[2024-08-15T16:19:43.398+0000][13879.343s][info][gc,marking  ] GC(3392) Concurrent Scan Root Regions
[2024-08-15T16:19:43.427+0000][13879.372s][info][gc,marking  ] GC(3392) Concurrent Scan Root Regions 29.132ms
[2024-08-15T16:19:43.427+0000][13879.372s][info][gc,marking  ] GC(3392) Concurrent Mark
[2024-08-15T16:19:43.427+0000][13879.372s][info][gc,marking  ] GC(3392) Concurrent Mark From Roots
[2024-08-15T16:19:43.427+0000][13879.372s][info][gc,task     ] GC(3392) Using 2 workers of 2 for marking
[2024-08-15T16:19:45.076+0000][13881.020s][info][gc,marking  ] GC(3392) Concurrent Mark From Roots 1648.390ms
[2024-08-15T16:19:45.076+0000][13881.020s][info][gc,marking  ] GC(3392) Concurrent Preclean
[2024-08-15T16:19:45.078+0000][13881.022s][info][gc,marking  ] GC(3392) Concurrent Preclean 1.883ms
[2024-08-15T16:19:45.078+0000][13881.022s][info][gc,start    ] GC(3392) Pause Remark
[2024-08-15T16:19:45.101+0000][13881.046s][info][gc          ] GC(3392) Pause Remark 4201M->4201M(12288M) 23.398ms
[2024-08-15T16:19:45.101+0000][13881.046s][info][gc,cpu      ] GC(3392) User=0.10s Sys=0.00s Real=0.02s
[2024-08-15T16:19:45.101+0000][13881.046s][info][gc,marking  ] GC(3392) Concurrent Mark 1674.081ms
[2024-08-15T16:19:45.101+0000][13881.046s][info][gc,marking  ] GC(3392) Concurrent Rebuild Remembered Sets
[2024-08-15T16:19:46.162+0000][13882.106s][info][gc,marking  ] GC(3392) Concurrent Rebuild Remembered Sets 1060.345ms
[2024-08-15T16:19:46.162+0000][13882.107s][info][gc,start    ] GC(3392) Pause Cleanup
[2024-08-15T16:19:46.163+0000][13882.107s][info][gc          ] GC(3392) Pause Cleanup 4745M->4745M(12288M) 0.607ms
[2024-08-15T16:19:46.163+0000][13882.107s][info][gc,cpu      ] GC(3392) User=0.00s Sys=0.00s Real=0.00s
[2024-08-15T16:19:46.163+0000][13882.107s][info][gc,marking  ] GC(3392) Concurrent Cleanup for Next Mark
[2024-08-15T16:19:46.191+0000][13882.136s][info][gc,marking  ] GC(3392) Concurrent Cleanup for Next Mark 28.634ms
[2024-08-15T16:19:46.191+0000][13882.136s][info][gc          ] GC(3392) Concurrent Mark Cycle 2793.672ms
[2024-08-15T16:19:54.192+0000][13890.137s][info][gc,start    ] GC(3393) Pause Young (Prepare Mixed) (G1 Evacuation Pause)
[2024-08-15T16:19:54.192+0000][13890.137s][info][gc,task     ] GC(3393) Using 6 workers of 6 for evacuation
[2024-08-15T16:19:54.231+0000][13890.176s][info][gc,phases   ] GC(3393)   Pre Evacuate Collection Set: 0.2ms
[2024-08-15T16:19:54.231+0000][13890.176s][info][gc,phases   ] GC(3393)   Merge Heap Roots: 0.3ms
[2024-08-15T16:19:54.231+0000][13890.176s][info][gc,phases   ] GC(3393)   Evacuate Collection Set: 35.9ms
[2024-08-15T16:19:54.231+0000][13890.176s][info][gc,phases   ] GC(3393)   Post Evacuate Collection Set: 2.2ms
[2024-08-15T16:19:54.231+0000][13890.176s][info][gc,phases   ] GC(3393)   Other: 0.2ms
[2024-08-15T16:19:54.231+0000][13890.176s][info][gc,heap     ] GC(3393) Eden regions: 788->0(58)
[2024-08-15T16:19:54.231+0000][13890.176s][info][gc,heap     ] GC(3393) Survivor regions: 17->18(101)
[2024-08-15T16:19:54.231+0000][13890.176s][info][gc,heap     ] GC(3393) Old regions: 343->343
[2024-08-15T16:19:54.231+0000][13890.176s][info][gc,heap     ] GC(3393) Archive regions: 2->2
[2024-08-15T16:19:54.231+0000][13890.176s][info][gc,heap     ] GC(3393) Humongous regions: 50->50
[2024-08-15T16:19:54.231+0000][13890.176s][info][gc,metaspace] GC(3393) Metaspace: 443354K(449536K)->443354K(449536K) NonClass: 388359K(391808K)->388359K(391808K) Class: 54994K(57728K)->54994K(57728K)
[2024-08-15T16:19:54.231+0000][13890.176s][info][gc          ] GC(3393) Pause Young (Prepare Mixed) (G1 Evacuation Pause) 9585M->3289M(12288M) 38.867ms
[2024-08-15T16:19:54.231+0000][13890.176s][info][gc,cpu      ] GC(3393) User=0.23s Sys=0.00s Real=0.04s
[2024-08-15T16:19:55.059+0000][13891.003s][info][gc,start    ] GC(3394) Pause Young (Mixed) (G1 Evacuation Pause)
[2024-08-15T16:19:55.059+0000][13891.003s][info][gc,task     ] GC(3394) Using 6 workers of 6 for evacuation
[2024-08-15T16:19:55.137+0000][13891.082s][info][gc,phases   ] GC(3394)   Pre Evacuate Collection Set: 0.2ms
[2024-08-15T16:19:55.137+0000][13891.082s][info][gc,phases   ] GC(3394)   Merge Heap Roots: 0.3ms
[2024-08-15T16:19:55.137+0000][13891.082s][info][gc,phases   ] GC(3394)   Evacuate Collection Set: 76.3ms
[2024-08-15T16:19:55.137+0000][13891.082s][info][gc,phases   ] GC(3394)   Post Evacuate Collection Set: 1.4ms
[2024-08-15T16:19:55.137+0000][13891.082s][info][gc,phases   ] GC(3394)   Other: 0.2ms
[2024-08-15T16:19:55.137+0000][13891.082s][info][gc,heap     ] GC(3394) Eden regions: 58->0(803)
[2024-08-15T16:19:55.137+0000][13891.082s][info][gc,heap     ] GC(3394) Survivor regions: 18->7(10)
[2024-08-15T16:19:55.137+0000][13891.082s][info][gc,heap     ] GC(3394) Old regions: 343->339
[2024-08-15T16:19:55.137+0000][13891.082s][info][gc,heap     ] GC(3394) Archive regions: 2->2
[2024-08-15T16:19:55.137+0000][13891.082s][info][gc,heap     ] GC(3394) Humongous regions: 50->50
[2024-08-15T16:19:55.137+0000][13891.082s][info][gc,metaspace] GC(3394) Metaspace: 443354K(449536K)->443354K(449536K) NonClass: 388359K(391808K)->388359K(391808K) Class: 54994K(57728K)->54994K(57728K)
[2024-08-15T16:19:55.137+0000][13891.082s][info][gc          ] GC(3394) Pause Young (Mixed) (G1 Evacuation Pause) 3753M->3168M(12288M) 78.479ms
[2024-08-15T16:19:55.137+0000][13891.082s][info][gc,cpu      ] GC(3394) User=0.47s Sys=0.00s Real=0.08s
[2024-08-15T16:20:06.597+0000][13902.541s][info][gc,start    ] GC(3395) Pause Young (Normal) (G1 Evacuation Pause)
[2024-08-15T16:20:06.597+0000][13902.541s][info][gc,task     ] GC(3395) Using 6 workers of 6 for evacuation
[2024-08-15T16:20:06.626+0000][13902.570s][info][gc,phases   ] GC(3395)   Pre Evacuate Collection Set: 0.2ms
[2024-08-15T16:20:06.626+0000][13902.570s][info][gc,phases   ] GC(3395)   Merge Heap Roots: 0.3ms
[2024-08-15T16:20:06.626+0000][13902.570s][info][gc,phases   ] GC(3395)   Evacuate Collection Set: 26.5ms
[2024-08-15T16:20:06.626+0000][13902.570s][info][gc,phases   ] GC(3395)   Post Evacuate Collection Set: 2.1ms
[2024-08-15T16:20:06.626+0000][13902.570s][info][gc,phases   ] GC(3395)   Other: 0.2ms
[2024-08-15T16:20:06.626+0000][13902.570s][info][gc,heap     ] GC(3395) Eden regions: 803->0(802)
[2024-08-15T16:20:06.626+0000][13902.570s][info][gc,heap     ] GC(3395) Survivor regions: 7->10(102)
[2024-08-15T16:20:06.626+0000][13902.570s][info][gc,heap     ] GC(3395) Old regions: 339->339
[2024-08-15T16:20:06.626+0000][13902.570s][info][gc,heap     ] GC(3395) Archive regions: 2->2
[2024-08-15T16:20:06.626+0000][13902.570s][info][gc,heap     ] GC(3395) Humongous regions: 50->50
[2024-08-15T16:20:06.626+0000][13902.570s][info][gc,metaspace] GC(3395) Metaspace: 443364K(449536K)->443364K(449536K) NonClass: 388369K(391808K)->388369K(391808K) Class: 54994K(57728K)->54994K(57728K)
[2024-08-15T16:20:06.626+0000][13902.570s][info][gc          ] GC(3395) Pause Young (Normal) (G1 Evacuation Pause) 9592M->3196M(12288M) 29.332ms
[2024-08-15T16:20:06.626+0000][13902.571s][info][gc,cpu      ] GC(3395) User=0.17s Sys=0.00s Real=0.03s
[2024-08-15T16:20:18.225+0000][13914.170s][info][gc,start    ] GC(3396) Pause Young (Normal) (G1 Evacuation Pause)
[2024-08-15T16:20:18.225+0000][13914.170s][info][gc,task     ] GC(3396) Using 6 workers of 6 for evacuation
[2024-08-15T16:20:18.257+0000][13914.202s][info][gc,phases   ] GC(3396)   Pre Evacuate Collection Set: 0.2ms
[2024-08-15T16:20:18.257+0000][13914.202s][info][gc,phases   ] GC(3396)   Merge Heap Roots: 0.2ms
[2024-08-15T16:20:18.257+0000][13914.202s][info][gc,phases   ] GC(3396)   Evacuate Collection Set: 29.7ms
[2024-08-15T16:20:18.257+0000][13914.202s][info][gc,phases   ] GC(3396)   Post Evacuate Collection Set: 2.0ms
[2024-08-15T16:20:18.257+0000][13914.202s][info][gc,phases   ] GC(3396)   Other: 0.2ms
[2024-08-15T16:20:18.257+0000][13914.202s][info][gc,heap     ] GC(3396) Eden regions: 802->0(798)
[2024-08-15T16:20:18.257+0000][13914.202s][info][gc,heap     ] GC(3396) Survivor regions: 10->14(102)
[2024-08-15T16:20:18.257+0000][13914.202s][info][gc,heap     ] GC(3396) Old regions: 339->339
[2024-08-15T16:20:18.257+0000][13914.202s][info][gc,heap     ] GC(3396) Archive regions: 2->2
[2024-08-15T16:20:18.257+0000][13914.202s][info][gc,heap     ] GC(3396) Humongous regions: 50->50
[2024-08-15T16:20:18.257+0000][13914.202s][info][gc,metaspace] GC(3396) Metaspace: 443364K(449536K)->443364K(449536K) NonClass: 388369K(391808K)->388369K(391808K) Class: 54994K(57728K)->54994K(57728K)
[2024-08-15T16:20:18.258+0000][13914.202s][info][gc          ] GC(3396) Pause Young (Normal) (G1 Evacuation Pause) 9612M->3228M(12288M) 32.440ms
[2024-08-15T16:20:18.258+0000][13914.202s][info][gc,cpu      ] GC(3396) User=0.19s Sys=0.00s Real=0.03s
[2024-08-15T16:20:28.499+0000][13924.444s][info][gc,start    ] GC(3397) Pause Young (Concurrent Start) (G1 Evacuation Pause)
[2024-08-15T16:20:28.499+0000][13924.444s][info][gc,task     ] GC(3397) Using 6 workers of 6 for evacuation
[2024-08-15T16:20:28.537+0000][13924.481s][info][gc,phases   ] GC(3397)   Pre Evacuate Collection Set: 0.6ms
[2024-08-15T16:20:28.537+0000][13924.482s][info][gc,phases   ] GC(3397)   Merge Heap Roots: 0.3ms
[2024-08-15T16:20:28.537+0000][13924.482s][info][gc,phases   ] GC(3397)   Evacuate Collection Set: 34.5ms
[2024-08-15T16:20:28.537+0000][13924.482s][info][gc,phases   ] GC(3397)   Post Evacuate Collection Set: 2.2ms
[2024-08-15T16:20:28.537+0000][13924.482s][info][gc,phases   ] GC(3397)   Other: 0.3ms
[2024-08-15T16:20:28.537+0000][13924.482s][info][gc,heap     ] GC(3397) Eden regions: 798->0(800)
[2024-08-15T16:20:28.537+0000][13924.482s][info][gc,heap     ] GC(3397) Survivor regions: 14->15(102)
[2024-08-15T16:20:28.537+0000][13924.482s][info][gc,heap     ] GC(3397) Old regions: 339->339
[2024-08-15T16:20:28.537+0000][13924.482s][info][gc,heap     ] GC(3397) Archive regions: 2->2
[2024-08-15T16:20:28.537+0000][13924.482s][info][gc,heap     ] GC(3397) Humongous regions: 50->50
[2024-08-15T16:20:28.537+0000][13924.482s][info][gc,metaspace] GC(3397) Metaspace: 443364K(449536K)->443364K(449536K) NonClass: 388369K(391808K)->388369K(391808K) Class: 54994K(57728K)->54994K(57728K)
[2024-08-15T16:20:28.537+0000][13924.482s][info][gc          ] GC(3397) Pause Young (Concurrent Start) (G1 Evacuation Pause) 9612M->3233M(12288M) 37.908ms
[2024-08-15T16:20:28.537+0000][13924.482s][info][gc,cpu      ] GC(3397) User=0.22s Sys=0.01s Real=0.04s
[2024-08-15T16:20:28.537+0000][13924.482s][info][gc          ] GC(3398) Concurrent Mark Cycle
[2024-08-15T16:20:28.537+0000][13924.482s][info][gc,marking  ] GC(3398) Concurrent Clear Claimed Marks
[2024-08-15T16:20:28.537+0000][13924.482s][info][gc,marking  ] GC(3398) Concurrent Clear Claimed Marks 0.397ms
[2024-08-15T16:20:28.537+0000][13924.482s][info][gc,marking  ] GC(3398) Concurrent Scan Root Regions
[2024-08-15T16:20:28.573+0000][13924.518s][info][gc,marking  ] GC(3398) Concurrent Scan Root Regions 35.802ms
[2024-08-15T16:20:28.573+0000][13924.518s][info][gc,marking  ] GC(3398) Concurrent Mark
[2024-08-15T16:20:28.573+0000][13924.518s][info][gc,marking  ] GC(3398) Concurrent Mark From Roots
[2024-08-15T16:20:28.573+0000][13924.518s][info][gc,task     ] GC(3398) Using 2 workers of 2 for marking
[2024-08-15T16:20:30.302+0000][13926.247s][info][gc,marking  ] GC(3398) Concurrent Mark From Roots 1728.831ms
[2024-08-15T16:20:30.302+0000][13926.247s][info][gc,marking  ] GC(3398) Concurrent Preclean
[2024-08-15T16:20:30.304+0000][13926.249s][info][gc,marking  ] GC(3398) Concurrent Preclean 1.799ms
[2024-08-15T16:20:30.304+0000][13926.249s][info][gc,start    ] GC(3398) Pause Remark
[2024-08-15T16:20:30.328+0000][13926.272s][info][gc          ] GC(3398) Pause Remark 4197M->4197M(12288M) 23.682ms
[2024-08-15T16:20:30.328+0000][13926.273s][info][gc,cpu      ] GC(3398) User=0.10s Sys=0.00s Real=0.02s
[2024-08-15T16:20:30.328+0000][13926.273s][info][gc,marking  ] GC(3398) Concurrent Mark 1754.670ms
[2024-08-15T16:20:30.328+0000][13926.273s][info][gc,marking  ] GC(3398) Concurrent Rebuild Remembered Sets
[2024-08-15T16:20:31.354+0000][13927.298s][info][gc,marking  ] GC(3398) Concurrent Rebuild Remembered Sets 1025.701ms
[2024-08-15T16:20:31.354+0000][13927.298s][info][gc,start    ] GC(3398) Pause Cleanup
[2024-08-15T16:20:31.354+0000][13927.299s][info][gc          ] GC(3398) Pause Cleanup 4777M->4777M(12288M) 0.589ms
[2024-08-15T16:20:31.354+0000][13927.299s][info][gc,cpu      ] GC(3398) User=0.00s Sys=0.00s Real=0.00s
[2024-08-15T16:20:31.355+0000][13927.299s][info][gc,marking  ] GC(3398) Concurrent Cleanup for Next Mark
[2024-08-15T16:20:31.372+0000][13927.317s][info][gc,marking  ] GC(3398) Concurrent Cleanup for Next Mark 17.620ms
[2024-08-15T16:20:31.372+0000][13927.317s][info][gc          ] GC(3398) Concurrent Mark Cycle 2835.198ms
[2024-08-15T16:20:39.669+0000][13935.614s][info][gc,start    ] GC(3399) Pause Young (Prepare Mixed) (G1 Evacuation Pause)
[2024-08-15T16:20:39.669+0000][13935.614s][info][gc,task     ] GC(3399) Using 6 workers of 6 for evacuation
[2024-08-15T16:20:39.709+0000][13935.654s][info][gc,phases   ] GC(3399)   Pre Evacuate Collection Set: 0.2ms
[2024-08-15T16:20:39.710+0000][13935.654s][info][gc,phases   ] GC(3399)   Merge Heap Roots: 0.4ms
[2024-08-15T16:20:39.710+0000][13935.654s][info][gc,phases   ] GC(3399)   Evacuate Collection Set: 37.7ms
[2024-08-15T16:20:39.710+0000][13935.654s][info][gc,phases   ] GC(3399)   Post Evacuate Collection Set: 2.1ms
[2024-08-15T16:20:39.710+0000][13935.654s][info][gc,phases   ] GC(3399)   Other: 0.2ms
[2024-08-15T16:20:39.710+0000][13935.654s][info][gc,heap     ] GC(3399) Eden regions: 800->0(59)
[2024-08-15T16:20:39.710+0000][13935.654s][info][gc,heap     ] GC(3399) Survivor regions: 15->17(102)
[2024-08-15T16:20:39.710+0000][13935.654s][info][gc,heap     ] GC(3399) Old regions: 339->339
[2024-08-15T16:20:39.710+0000][13935.654s][info][gc,heap     ] GC(3399) Archive regions: 2->2
[2024-08-15T16:20:39.710+0000][13935.654s][info][gc,heap     ] GC(3399) Humongous regions: 50->50
[2024-08-15T16:20:39.710+0000][13935.654s][info][gc,metaspace] GC(3399) Metaspace: 443364K(449536K)->443364K(449536K) NonClass: 388369K(391808K)->388369K(391808K) Class: 54994K(57728K)->54994K(57728K)
[2024-08-15T16:20:39.710+0000][13935.654s][info][gc          ] GC(3399) Pause Young (Prepare Mixed) (G1 Evacuation Pause) 9633M->3250M(12288M) 40.617ms
[2024-08-15T16:20:39.710+0000][13935.654s][info][gc,cpu      ] GC(3399) User=0.23s Sys=0.00s Real=0.04s
[2024-08-15T16:20:40.511+0000][13936.455s][info][gc,start    ] GC(3400) Pause Young (Mixed) (G1 Evacuation Pause)
[2024-08-15T16:20:40.511+0000][13936.456s][info][gc,task     ] GC(3400) Using 6 workers of 6 for evacuation
[2024-08-15T16:20:40.583+0000][13936.527s][info][gc,phases   ] GC(3400)   Pre Evacuate Collection Set: 0.2ms
[2024-08-15T16:20:40.583+0000][13936.527s][info][gc,phases   ] GC(3400)   Merge Heap Roots: 0.3ms
[2024-08-15T16:20:40.583+0000][13936.527s][info][gc,phases   ] GC(3400)   Evacuate Collection Set: 69.4ms
[2024-08-15T16:20:40.583+0000][13936.527s][info][gc,phases   ] GC(3400)   Post Evacuate Collection Set: 1.7ms
[2024-08-15T16:20:40.583+0000][13936.527s][info][gc,phases   ] GC(3400)   Other: 0.2ms
[2024-08-15T16:20:40.583+0000][13936.527s][info][gc,heap     ] GC(3400) Eden regions: 59->0(811)
[2024-08-15T16:20:40.583+0000][13936.527s][info][gc,heap     ] GC(3400) Survivor regions: 17->3(10)
[2024-08-15T16:20:40.583+0000][13936.527s][info][gc,heap     ] GC(3400) Old regions: 339->340
[2024-08-15T16:20:40.583+0000][13936.527s][info][gc,heap     ] GC(3400) Archive regions: 2->2
[2024-08-15T16:20:40.583+0000][13936.527s][info][gc,heap     ] GC(3400) Humongous regions: 50->50
[2024-08-15T16:20:40.583+0000][13936.527s][info][gc,metaspace] GC(3400) Metaspace: 443364K(449536K)->443364K(449536K) NonClass: 388369K(391808K)->388369K(391808K) Class: 54994K(57728K)->54994K(57728K)
[2024-08-15T16:20:40.583+0000][13936.527s][info][gc          ] GC(3400) Pause Young (Mixed) (G1 Evacuation Pause) 3722M->3142M(12288M) 71.893ms
[2024-08-15T16:20:40.583+0000][13936.527s][info][gc,cpu      ] GC(3400) User=0.43s Sys=0.00s Real=0.07s
[2024-08-15T16:20:51.406+0000][13947.351s][info][gc,start    ] GC(3401) Pause Young (Normal) (G1 Evacuation Pause)
[2024-08-15T16:20:51.406+0000][13947.351s][info][gc,task     ] GC(3401) Using 6 workers of 6 for evacuation
[2024-08-15T16:20:51.426+0000][13947.370s][info][gc,phases   ] GC(3401)   Pre Evacuate Collection Set: 0.2ms
[2024-08-15T16:20:51.426+0000][13947.370s][info][gc,phases   ] GC(3401)   Merge Heap Roots: 0.3ms
[2024-08-15T16:20:51.426+0000][13947.370s][info][gc,phases   ] GC(3401)   Evacuate Collection Set: 16.7ms
[2024-08-15T16:20:51.426+0000][13947.370s][info][gc,phases   ] GC(3401)   Post Evacuate Collection Set: 2.1ms
[2024-08-15T16:20:51.426+0000][13947.370s][info][gc,phases   ] GC(3401)   Other: 0.2ms
[2024-08-15T16:20:51.426+0000][13947.370s][info][gc,heap     ] GC(3401) Eden regions: 811->0(810)
[2024-08-15T16:20:51.426+0000][13947.370s][info][gc,heap     ] GC(3401) Survivor regions: 3->6(102)
[2024-08-15T16:20:51.426+0000][13947.370s][info][gc,heap     ] GC(3401) Old regions: 340->340
[2024-08-15T16:20:51.426+0000][13947.370s][info][gc,heap     ] GC(3401) Archive regions: 2->2
[2024-08-15T16:20:51.426+0000][13947.370s][info][gc,heap     ] GC(3401) Humongous regions: 50->50
[2024-08-15T16:20:51.426+0000][13947.370s][info][gc,metaspace] GC(3401) Metaspace: 443364K(449536K)->443364K(449536K) NonClass: 388369K(391808K)->388369K(391808K) Class: 54994K(57728K)->54994K(57728K)
[2024-08-15T16:20:51.426+0000][13947.370s][info][gc          ] GC(3401) Pause Young (Normal) (G1 Evacuation Pause) 9630M->3159M(12288M) 19.545ms
[2024-08-15T16:20:51.426+0000][13947.371s][info][gc,cpu      ] GC(3401) User=0.12s Sys=0.00s Real=0.02s
[2024-08-15T16:21:02.392+0000][13958.337s][info][gc,start    ] GC(3402) Pause Young (Normal) (G1 Evacuation Pause)
[2024-08-15T16:21:02.392+0000][13958.337s][info][gc,task     ] GC(3402) Using 6 workers of 6 for evacuation
[2024-08-15T16:21:02.420+0000][13958.365s][info][gc,phases   ] GC(3402)   Pre Evacuate Collection Set: 0.2ms
[2024-08-15T16:21:02.421+0000][13958.365s][info][gc,phases   ] GC(3402)   Merge Heap Roots: 0.3ms
[2024-08-15T16:21:02.421+0000][13958.365s][info][gc,phases   ] GC(3402)   Evacuate Collection Set: 25.3ms
[2024-08-15T16:21:02.421+0000][13958.365s][info][gc,phases   ] GC(3402)   Post Evacuate Collection Set: 2.2ms
[2024-08-15T16:21:02.421+0000][13958.365s][info][gc,phases   ] GC(3402)   Other: 0.2ms
[2024-08-15T16:21:02.421+0000][13958.365s][info][gc,heap     ] GC(3402) Eden regions: 810->0(806)
[2024-08-15T16:21:02.421+0000][13958.365s][info][gc,heap     ] GC(3402) Survivor regions: 6->10(102)
[2024-08-15T16:21:02.421+0000][13958.365s][info][gc,heap     ] GC(3402) Old regions: 340->340
[2024-08-15T16:21:02.421+0000][13958.365s][info][gc,heap     ] GC(3402) Archive regions: 2->2
[2024-08-15T16:21:02.421+0000][13958.365s][info][gc,heap     ] GC(3402) Humongous regions: 50->50
[2024-08-15T16:21:02.421+0000][13958.365s][info][gc,metaspace] GC(3402) Metaspace: 443364K(449536K)->443364K(449536K) NonClass: 388369K(391808K)->388369K(391808K) Class: 54994K(57728K)->54994K(57728K)
[2024-08-15T16:21:02.421+0000][13958.365s][info][gc          ] GC(3402) Pause Young (Normal) (G1 Evacuation Pause) 9639M->3196M(12288M) 28.145ms
[2024-08-15T16:21:02.421+0000][13958.365s][info][gc,cpu      ] GC(3402) User=0.16s Sys=0.00s Real=0.03s
[2024-08-15T16:21:13.481+0000][13969.426s][info][gc,start    ] GC(3403) Pause Young (Concurrent Start) (G1 Evacuation Pause)
[2024-08-15T16:21:13.481+0000][13969.426s][info][gc,task     ] GC(3403) Using 6 workers of 6 for evacuation
[2024-08-15T16:21:13.519+0000][13969.463s][info][gc,phases   ] GC(3403)   Pre Evacuate Collection Set: 0.5ms
[2024-08-15T16:21:13.519+0000][13969.464s][info][gc,phases   ] GC(3403)   Merge Heap Roots: 0.3ms
[2024-08-15T16:21:13.519+0000][13969.464s][info][gc,phases   ] GC(3403)   Evacuate Collection Set: 34.7ms
[2024-08-15T16:21:13.519+0000][13969.464s][info][gc,phases   ] GC(3403)   Post Evacuate Collection Set: 2.1ms
[2024-08-15T16:21:13.519+0000][13969.464s][info][gc,phases   ] GC(3403)   Other: 0.3ms
[2024-08-15T16:21:13.519+0000][13969.464s][info][gc,heap     ] GC(3403) Eden regions: 806->0(802)
[2024-08-15T16:21:13.519+0000][13969.464s][info][gc,heap     ] GC(3403) Survivor regions: 10->14(102)
[2024-08-15T16:21:13.519+0000][13969.464s][info][gc,heap     ] GC(3403) Old regions: 340->340
[2024-08-15T16:21:13.519+0000][13969.464s][info][gc,heap     ] GC(3403) Archive regions: 2->2
[2024-08-15T16:21:13.519+0000][13969.464s][info][gc,heap     ] GC(3403) Humongous regions: 50->50
[2024-08-15T16:21:13.519+0000][13969.464s][info][gc,metaspace] GC(3403) Metaspace: 443366K(449536K)->443366K(449536K) NonClass: 388370K(391808K)->388370K(391808K) Class: 54995K(57728K)->54995K(57728K)
[2024-08-15T16:21:13.519+0000][13969.464s][info][gc          ] GC(3403) Pause Young (Concurrent Start) (G1 Evacuation Pause) 9644M->3230M(12288M) 37.925ms
[2024-08-15T16:21:13.519+0000][13969.464s][info][gc,cpu      ] GC(3403) User=0.22s Sys=0.00s Real=0.04s
[2024-08-15T16:21:13.519+0000][13969.464s][info][gc          ] GC(3404) Concurrent Mark Cycle
[2024-08-15T16:21:13.519+0000][13969.464s][info][gc,marking  ] GC(3404) Concurrent Clear Claimed Marks
[2024-08-15T16:21:13.520+0000][13969.464s][info][gc,marking  ] GC(3404) Concurrent Clear Claimed Marks 0.402ms
[2024-08-15T16:21:13.520+0000][13969.464s][info][gc,marking  ] GC(3404) Concurrent Scan Root Regions
[2024-08-15T16:21:13.549+0000][13969.494s][info][gc,marking  ] GC(3404) Concurrent Scan Root Regions 29.306ms
[2024-08-15T16:21:13.549+0000][13969.494s][info][gc,marking  ] GC(3404) Concurrent Mark
[2024-08-15T16:21:13.549+0000][13969.494s][info][gc,marking  ] GC(3404) Concurrent Mark From Roots
[2024-08-15T16:21:13.549+0000][13969.494s][info][gc,task     ] GC(3404) Using 2 workers of 2 for marking
[2024-08-15T16:21:15.238+0000][13971.182s][info][gc,marking  ] GC(3404) Concurrent Mark From Roots 1688.679ms
[2024-08-15T16:21:15.238+0000][13971.182s][info][gc,marking  ] GC(3404) Concurrent Preclean
[2024-08-15T16:21:15.239+0000][13971.184s][info][gc,marking  ] GC(3404) Concurrent Preclean 1.627ms
[2024-08-15T16:21:15.239+0000][13971.184s][info][gc,start    ] GC(3404) Pause Remark
[2024-08-15T16:21:15.263+0000][13971.208s][info][gc          ] GC(3404) Pause Remark 4158M->4158M(12288M) 23.575ms
[2024-08-15T16:21:15.263+0000][13971.208s][info][gc,cpu      ] GC(3404) User=0.11s Sys=0.00s Real=0.02s
[2024-08-15T16:21:15.263+0000][13971.208s][info][gc,marking  ] GC(3404) Concurrent Mark 1714.443ms
[2024-08-15T16:21:15.263+0000][13971.208s][info][gc,marking  ] GC(3404) Concurrent Rebuild Remembered Sets
[2024-08-15T16:21:16.304+0000][13972.248s][info][gc,marking  ] GC(3404) Concurrent Rebuild Remembered Sets 1040.256ms
[2024-08-15T16:21:16.304+0000][13972.248s][info][gc,start    ] GC(3404) Pause Cleanup
[2024-08-15T16:21:16.304+0000][13972.249s][info][gc          ] GC(3404) Pause Cleanup 4734M->4734M(12288M) 0.611ms
[2024-08-15T16:21:16.305+0000][13972.249s][info][gc,cpu      ] GC(3404) User=0.00s Sys=0.00s Real=0.00s
[2024-08-15T16:21:16.305+0000][13972.249s][info][gc,marking  ] GC(3404) Concurrent Cleanup for Next Mark
[2024-08-15T16:21:16.322+0000][13972.266s][info][gc,marking  ] GC(3404) Concurrent Cleanup for Next Mark 17.217ms
[2024-08-15T16:21:16.322+0000][13972.267s][info][gc          ] GC(3404) Concurrent Mark Cycle 2802.750ms
[2024-08-15T16:21:24.639+0000][13980.584s][info][gc,start    ] GC(3405) Pause Young (Prepare Mixed) (G1 Evacuation Pause)
[2024-08-15T16:21:24.639+0000][13980.584s][info][gc,task     ] GC(3405) Using 6 workers of 6 for evacuation
[2024-08-15T16:21:24.678+0000][13980.623s][info][gc,phases   ] GC(3405)   Pre Evacuate Collection Set: 0.2ms
[2024-08-15T16:21:24.678+0000][13980.623s][info][gc,phases   ] GC(3405)   Merge Heap Roots: 0.3ms
[2024-08-15T16:21:24.678+0000][13980.623s][info][gc,phases   ] GC(3405)   Evacuate Collection Set: 36.5ms
[2024-08-15T16:21:24.678+0000][13980.623s][info][gc,phases   ] GC(3405)   Post Evacuate Collection Set: 2.2ms
[2024-08-15T16:21:24.678+0000][13980.623s][info][gc,phases   ] GC(3405)   Other: 0.2ms
[2024-08-15T16:21:24.678+0000][13980.623s][info][gc,heap     ] GC(3405) Eden regions: 802->0(59)
[2024-08-15T16:21:24.678+0000][13980.623s][info][gc,heap     ] GC(3405) Survivor regions: 14->17(102)
[2024-08-15T16:21:24.678+0000][13980.623s][info][gc,heap     ] GC(3405) Old regions: 340->340
[2024-08-15T16:21:24.678+0000][13980.623s][info][gc,heap     ] GC(3405) Archive regions: 2->2
[2024-08-15T16:21:24.678+0000][13980.623s][info][gc,heap     ] GC(3405) Humongous regions: 50->50
[2024-08-15T16:21:24.678+0000][13980.623s][info][gc,metaspace] GC(3405) Metaspace: 443366K(449536K)->443366K(449536K) NonClass: 388370K(391808K)->388370K(391808K) Class: 54995K(57728K)->54995K(57728K)
[2024-08-15T16:21:24.679+0000][13980.623s][info][gc          ] GC(3405) Pause Young (Prepare Mixed) (G1 Evacuation Pause) 9646M->3254M(12288M) 39.448ms
[2024-08-15T16:21:24.679+0000][13980.623s][info][gc,cpu      ] GC(3405) User=0.23s Sys=0.01s Real=0.04s
[2024-08-15T16:21:25.490+0000][13981.435s][info][gc,start    ] GC(3406) Pause Young (Mixed) (G1 Evacuation Pause)
[2024-08-15T16:21:25.490+0000][13981.435s][info][gc,task     ] GC(3406) Using 6 workers of 6 for evacuation
[2024-08-15T16:21:25.570+0000][13981.514s][info][gc,phases   ] GC(3406)   Pre Evacuate Collection Set: 0.2ms
[2024-08-15T16:21:25.570+0000][13981.514s][info][gc,phases   ] GC(3406)   Merge Heap Roots: 0.3ms
[2024-08-15T16:21:25.570+0000][13981.514s][info][gc,phases   ] GC(3406)   Evacuate Collection Set: 77.5ms
[2024-08-15T16:21:25.570+0000][13981.514s][info][gc,phases   ] GC(3406)   Post Evacuate Collection Set: 1.4ms
[2024-08-15T16:21:25.570+0000][13981.514s][info][gc,phases   ] GC(3406)   Other: 0.2ms
[2024-08-15T16:21:25.570+0000][13981.514s][info][gc,heap     ] GC(3406) Eden regions: 59->0(813)
[2024-08-15T16:21:25.570+0000][13981.514s][info][gc,heap     ] GC(3406) Survivor regions: 17->3(10)
[2024-08-15T16:21:25.570+0000][13981.514s][info][gc,heap     ] GC(3406) Old regions: 340->340
[2024-08-15T16:21:25.570+0000][13981.514s][info][gc,heap     ] GC(3406) Archive regions: 2->2
[2024-08-15T16:21:25.570+0000][13981.514s][info][gc,heap     ] GC(3406) Humongous regions: 50->50
[2024-08-15T16:21:25.570+0000][13981.514s][info][gc,metaspace] GC(3406) Metaspace: 443366K(449536K)->443366K(449536K) NonClass: 388370K(391808K)->388370K(391808K) Class: 54995K(57728K)->54995K(57728K)
[2024-08-15T16:21:25.570+0000][13981.514s][info][gc          ] GC(3406) Pause Young (Mixed) (G1 Evacuation Pause) 3726M->3141M(12288M) 79.634ms
[2024-08-15T16:21:25.570+0000][13981.514s][info][gc,cpu      ] GC(3406) User=0.47s Sys=0.00s Real=0.08s
[2024-08-15T16:21:36.867+0000][13992.811s][info][gc,start    ] GC(3407) Pause Young (Normal) (G1 Evacuation Pause)
[2024-08-15T16:21:36.867+0000][13992.811s][info][gc,task     ] GC(3407) Using 6 workers of 6 for evacuation
[2024-08-15T16:21:36.884+0000][13992.829s][info][gc,phases   ] GC(3407)   Pre Evacuate Collection Set: 0.2ms
[2024-08-15T16:21:36.884+0000][13992.829s][info][gc,phases   ] GC(3407)   Merge Heap Roots: 0.3ms
[2024-08-15T16:21:36.884+0000][13992.829s][info][gc,phases   ] GC(3407)   Evacuate Collection Set: 14.9ms
[2024-08-15T16:21:36.884+0000][13992.829s][info][gc,phases   ] GC(3407)   Post Evacuate Collection Set: 2.1ms
[2024-08-15T16:21:36.884+0000][13992.829s][info][gc,phases   ] GC(3407)   Other: 0.2ms
[2024-08-15T16:21:36.884+0000][13992.829s][info][gc,heap     ] GC(3407) Eden regions: 813->0(809)
[2024-08-15T16:21:36.884+0000][13992.829s][info][gc,heap     ] GC(3407) Survivor regions: 3->7(102)
[2024-08-15T16:21:36.884+0000][13992.829s][info][gc,heap     ] GC(3407) Old regions: 340->340
[2024-08-15T16:21:36.884+0000][13992.829s][info][gc,heap     ] GC(3407) Archive regions: 2->2
[2024-08-15T16:21:36.884+0000][13992.829s][info][gc,heap     ] GC(3407) Humongous regions: 50->50
[2024-08-15T16:21:36.884+0000][13992.829s][info][gc,metaspace] GC(3407) Metaspace: 443367K(449536K)->443367K(449536K) NonClass: 388371K(391808K)->388371K(391808K) Class: 54995K(57728K)->54995K(57728K)
[2024-08-15T16:21:36.884+0000][13992.829s][info][gc          ] GC(3407) Pause Young (Normal) (G1 Evacuation Pause) 9645M->3170M(12288M) 17.685ms
[2024-08-15T16:21:36.884+0000][13992.829s][info][gc,cpu      ] GC(3407) User=0.10s Sys=0.00s Real=0.02s
[2024-08-15T16:21:47.672+0000][14003.616s][info][gc,start    ] GC(3408) Pause Young (Normal) (G1 Evacuation Pause)
[2024-08-15T16:21:47.672+0000][14003.616s][info][gc,task     ] GC(3408) Using 6 workers of 6 for evacuation
[2024-08-15T16:21:47.695+0000][14003.639s][info][gc,phases   ] GC(3408)   Pre Evacuate Collection Set: 0.2ms
[2024-08-15T16:21:47.695+0000][14003.639s][info][gc,phases   ] GC(3408)   Merge Heap Roots: 0.2ms
[2024-08-15T16:21:47.695+0000][14003.639s][info][gc,phases   ] GC(3408)   Evacuate Collection Set: 20.3ms
[2024-08-15T16:21:47.695+0000][14003.639s][info][gc,phases   ] GC(3408)   Post Evacuate Collection Set: 2.2ms
[2024-08-15T16:21:47.695+0000][14003.639s][info][gc,phases   ] GC(3408)   Other: 0.2ms
[2024-08-15T16:21:47.695+0000][14003.639s][info][gc,heap     ] GC(3408) Eden regions: 809->0(808)
[2024-08-15T16:21:47.695+0000][14003.639s][info][gc,heap     ] GC(3408) Survivor regions: 7->9(102)
[2024-08-15T16:21:47.695+0000][14003.639s][info][gc,heap     ] GC(3408) Old regions: 340->340
[2024-08-15T16:21:47.695+0000][14003.639s][info][gc,heap     ] GC(3408) Archive regions: 2->2
[2024-08-15T16:21:47.695+0000][14003.639s][info][gc,heap     ] GC(3408) Humongous regions: 50->50
[2024-08-15T16:21:47.695+0000][14003.639s][info][gc,metaspace] GC(3408) Metaspace: 443367K(449536K)->443367K(449536K) NonClass: 388371K(391808K)->388371K(391808K) Class: 54995K(57728K)->54995K(57728K)
[2024-08-15T16:21:47.695+0000][14003.639s][info][gc          ] GC(3408) Pause Young (Normal) (G1 Evacuation Pause) 9642M->3187M(12288M) 23.239ms
[2024-08-15T16:21:47.695+0000][14003.640s][info][gc,cpu      ] GC(3408) User=0.13s Sys=0.00s Real=0.02s
[2024-08-15T16:21:58.847+0000][14014.792s][info][gc,start    ] GC(3409) Pause Young (Concurrent Start) (G1 Evacuation Pause)
[2024-08-15T16:21:58.847+0000][14014.792s][info][gc,task     ] GC(3409) Using 6 workers of 6 for evacuation
[2024-08-15T16:21:58.878+0000][14014.822s][info][gc,phases   ] GC(3409)   Pre Evacuate Collection Set: 0.5ms
[2024-08-15T16:21:58.878+0000][14014.822s][info][gc,phases   ] GC(3409)   Merge Heap Roots: 0.2ms
[2024-08-15T16:21:58.878+0000][14014.822s][info][gc,phases   ] GC(3409)   Evacuate Collection Set: 27.2ms
[2024-08-15T16:21:58.878+0000][14014.822s][info][gc,phases   ] GC(3409)   Post Evacuate Collection Set: 2.2ms
[2024-08-15T16:21:58.878+0000][14014.822s][info][gc,phases   ] GC(3409)   Other: 0.3ms
[2024-08-15T16:21:58.878+0000][14014.822s][info][gc,heap     ] GC(3409) Eden regions: 808->0(804)
[2024-08-15T16:21:58.878+0000][14014.822s][info][gc,heap     ] GC(3409) Survivor regions: 9->13(103)
[2024-08-15T16:21:58.878+0000][14014.822s][info][gc,heap     ] GC(3409) Old regions: 340->340
[2024-08-15T16:21:58.878+0000][14014.822s][info][gc,heap     ] GC(3409) Archive regions: 2->2
[2024-08-15T16:21:58.878+0000][14014.822s][info][gc,heap     ] GC(3409) Humongous regions: 50->50
[2024-08-15T16:21:58.878+0000][14014.822s][info][gc,metaspace] GC(3409) Metaspace: 443368K(449536K)->443368K(449536K) NonClass: 388372K(391808K)->388372K(391808K) Class: 54995K(57728K)->54995K(57728K)
[2024-08-15T16:21:58.878+0000][14014.822s][info][gc          ] GC(3409) Pause Young (Concurrent Start) (G1 Evacuation Pause) 9651M->3218M(12288M) 30.458ms
[2024-08-15T16:21:58.878+0000][14014.822s][info][gc,cpu      ] GC(3409) User=0.18s Sys=0.00s Real=0.03s
[2024-08-15T16:21:58.878+0000][14014.822s][info][gc          ] GC(3410) Concurrent Mark Cycle
[2024-08-15T16:21:58.878+0000][14014.823s][info][gc,marking  ] GC(3410) Concurrent Clear Claimed Marks
[2024-08-15T16:21:58.878+0000][14014.823s][info][gc,marking  ] GC(3410) Concurrent Clear Claimed Marks 0.377ms
[2024-08-15T16:21:58.878+0000][14014.823s][info][gc,marking  ] GC(3410) Concurrent Scan Root Regions
[2024-08-15T16:21:58.916+0000][14014.861s][info][gc,marking  ] GC(3410) Concurrent Scan Root Regions 37.671ms
[2024-08-15T16:21:58.916+0000][14014.861s][info][gc,marking  ] GC(3410) Concurrent Mark
[2024-08-15T16:21:58.916+0000][14014.861s][info][gc,marking  ] GC(3410) Concurrent Mark From Roots
[2024-08-15T16:21:58.916+0000][14014.861s][info][gc,task     ] GC(3410) Using 2 workers of 2 for marking
[2024-08-15T16:22:00.715+0000][14016.659s][info][gc,marking  ] GC(3410) Concurrent Mark From Roots 1798.832ms
[2024-08-15T16:22:00.715+0000][14016.659s][info][gc,marking  ] GC(3410) Concurrent Preclean
[2024-08-15T16:22:00.717+0000][14016.661s][info][gc,marking  ] GC(3410) Concurrent Preclean 1.918ms
[2024-08-15T16:22:00.717+0000][14016.662s][info][gc,start    ] GC(3410) Pause Remark
[2024-08-15T16:22:00.741+0000][14016.685s][info][gc          ] GC(3410) Pause Remark 4234M->4234M(12288M) 23.534ms
[2024-08-15T16:22:00.741+0000][14016.685s][info][gc,cpu      ] GC(3410) User=0.10s Sys=0.01s Real=0.02s
[2024-08-15T16:22:00.741+0000][14016.685s][info][gc,marking  ] GC(3410) Concurrent Mark 1824.731ms
[2024-08-15T16:22:00.741+0000][14016.685s][info][gc,marking  ] GC(3410) Concurrent Rebuild Remembered Sets
[2024-08-15T16:22:01.811+0000][14017.755s][info][gc,marking  ] GC(3410) Concurrent Rebuild Remembered Sets 1069.900ms
[2024-08-15T16:22:01.811+0000][14017.755s][info][gc,start    ] GC(3410) Pause Cleanup
[2024-08-15T16:22:01.812+0000][14017.756s][info][gc          ] GC(3410) Pause Cleanup 4826M->4826M(12288M) 0.640ms
[2024-08-15T16:22:01.812+0000][14017.756s][info][gc,cpu      ] GC(3410) User=0.00s Sys=0.00s Real=0.00s
[2024-08-15T16:22:01.812+0000][14017.756s][info][gc,marking  ] GC(3410) Concurrent Cleanup for Next Mark
[2024-08-15T16:22:01.828+0000][14017.773s][info][gc,marking  ] GC(3410) Concurrent Cleanup for Next Mark 16.713ms
[2024-08-15T16:22:01.828+0000][14017.773s][info][gc          ] GC(3410) Concurrent Mark Cycle 2950.532ms
[2024-08-15T16:22:10.291+0000][14026.236s][info][gc,start    ] GC(3411) Pause Young (Prepare Mixed) (G1 Evacuation Pause)
[2024-08-15T16:22:10.291+0000][14026.236s][info][gc,task     ] GC(3411) Using 6 workers of 6 for evacuation
[2024-08-15T16:22:10.327+0000][14026.271s][info][gc,phases   ] GC(3411)   Pre Evacuate Collection Set: 0.2ms
[2024-08-15T16:22:10.327+0000][14026.271s][info][gc,phases   ] GC(3411)   Merge Heap Roots: 0.3ms
[2024-08-15T16:22:10.327+0000][14026.271s][info][gc,phases   ] GC(3411)   Evacuate Collection Set: 32.9ms
[2024-08-15T16:22:10.327+0000][14026.271s][info][gc,phases   ] GC(3411)   Post Evacuate Collection Set: 2.1ms
[2024-08-15T16:22:10.327+0000][14026.271s][info][gc,phases   ] GC(3411)   Other: 0.2ms
[2024-08-15T16:22:10.327+0000][14026.271s][info][gc,heap     ] GC(3411) Eden regions: 804->0(59)
[2024-08-15T16:22:10.327+0000][14026.271s][info][gc,heap     ] GC(3411) Survivor regions: 13->17(103)
[2024-08-15T16:22:10.327+0000][14026.271s][info][gc,heap     ] GC(3411) Old regions: 340->340
[2024-08-15T16:22:10.327+0000][14026.271s][info][gc,heap     ] GC(3411) Archive regions: 2->2
[2024-08-15T16:22:10.327+0000][14026.271s][info][gc,heap     ] GC(3411) Humongous regions: 50->50
[2024-08-15T16:22:10.327+0000][14026.271s][info][gc,metaspace] GC(3411) Metaspace: 443368K(449536K)->443368K(449536K) NonClass: 388372K(391808K)->388372K(391808K) Class: 54995K(57728K)->54995K(57728K)
[2024-08-15T16:22:10.327+0000][14026.272s][info][gc          ] GC(3411) Pause Young (Prepare Mixed) (G1 Evacuation Pause) 9650M->3253M(12288M) 35.774ms
[2024-08-15T16:22:10.327+0000][14026.272s][info][gc,cpu      ] GC(3411) User=0.20s Sys=0.01s Real=0.04s
[2024-08-15T16:22:11.116+0000][14027.061s][info][gc,start    ] GC(3412) Pause Young (Mixed) (G1 Evacuation Pause)
[2024-08-15T16:22:11.116+0000][14027.061s][info][gc,task     ] GC(3412) Using 6 workers of 6 for evacuation
[2024-08-15T16:22:11.187+0000][14027.132s][info][gc,phases   ] GC(3412)   Pre Evacuate Collection Set: 0.2ms
[2024-08-15T16:22:11.187+0000][14027.132s][info][gc,phases   ] GC(3412)   Merge Heap Roots: 0.3ms
[2024-08-15T16:22:11.187+0000][14027.132s][info][gc,phases   ] GC(3412)   Evacuate Collection Set: 69.1ms
[2024-08-15T16:22:11.187+0000][14027.132s][info][gc,phases   ] GC(3412)   Post Evacuate Collection Set: 1.4ms
[2024-08-15T16:22:11.187+0000][14027.132s][info][gc,phases   ] GC(3412)   Other: 0.2ms
[2024-08-15T16:22:11.187+0000][14027.132s][info][gc,heap     ] GC(3412) Eden regions: 59->0(812)
[2024-08-15T16:22:11.187+0000][14027.132s][info][gc,heap     ] GC(3412) Survivor regions: 17->3(10)
[2024-08-15T16:22:11.187+0000][14027.132s][info][gc,heap     ] GC(3412) Old regions: 340->341
[2024-08-15T16:22:11.187+0000][14027.132s][info][gc,heap     ] GC(3412) Archive regions: 2->2
[2024-08-15T16:22:11.187+0000][14027.132s][info][gc,heap     ] GC(3412) Humongous regions: 50->50
[2024-08-15T16:22:11.187+0000][14027.132s][info][gc,metaspace] GC(3412) Metaspace: 443368K(449536K)->443368K(449536K) NonClass: 388372K(391808K)->388372K(391808K) Class: 54995K(57728K)->54995K(57728K)
[2024-08-15T16:22:11.187+0000][14027.132s][info][gc          ] GC(3412) Pause Young (Mixed) (G1 Evacuation Pause) 3725M->3155M(12288M) 71.302ms
[2024-08-15T16:22:11.187+0000][14027.132s][info][gc,cpu      ] GC(3412) User=0.42s Sys=0.00s Real=0.07s
[2024-08-15T16:22:21.618+0000][14037.562s][info][gc,start    ] GC(3413) Pause Young (Normal) (G1 Evacuation Pause)
[2024-08-15T16:22:21.618+0000][14037.562s][info][gc,task     ] GC(3413) Using 6 workers of 6 for evacuation
[2024-08-15T16:22:21.634+0000][14037.578s][info][gc,phases   ] GC(3413)   Pre Evacuate Collection Set: 0.2ms
[2024-08-15T16:22:21.634+0000][14037.578s][info][gc,phases   ] GC(3413)   Merge Heap Roots: 0.2ms
[2024-08-15T16:22:21.634+0000][14037.578s][info][gc,phases   ] GC(3413)   Evacuate Collection Set: 13.4ms
[2024-08-15T16:22:21.634+0000][14037.578s][info][gc,phases   ] GC(3413)   Post Evacuate Collection Set: 2.1ms
[2024-08-15T16:22:21.634+0000][14037.578s][info][gc,phases   ] GC(3413)   Other: 0.2ms
[2024-08-15T16:22:21.634+0000][14037.578s][info][gc,heap     ] GC(3413) Eden regions: 812->0(812)
[2024-08-15T16:22:21.634+0000][14037.578s][info][gc,heap     ] GC(3413) Survivor regions: 3->5(102)
[2024-08-15T16:22:21.634+0000][14037.578s][info][gc,heap     ] GC(3413) Old regions: 341->341
[2024-08-15T16:22:21.634+0000][14037.578s][info][gc,heap     ] GC(3413) Archive regions: 2->2
[2024-08-15T16:22:21.634+0000][14037.579s][info][gc,heap     ] GC(3413) Humongous regions: 50->50
[2024-08-15T16:22:21.634+0000][14037.579s][info][gc,metaspace] GC(3413) Metaspace: 443368K(449536K)->443368K(449536K) NonClass: 388372K(391808K)->388372K(391808K) Class: 54995K(57728K)->54995K(57728K)
[2024-08-15T16:22:21.634+0000][14037.579s][info][gc          ] GC(3413) Pause Young (Normal) (G1 Evacuation Pause) 9651M->3169M(12288M) 16.122ms
[2024-08-15T16:22:21.634+0000][14037.579s][info][gc,cpu      ] GC(3413) User=0.09s Sys=0.00s Real=0.01s
[2024-08-15T16:22:26.690+0000][14042.634s][info][gc,start    ] GC(3414) Pause Young (Normal) (G1 Evacuation Pause)
[2024-08-15T16:22:26.690+0000][14042.634s][info][gc,task     ] GC(3414) Using 6 workers of 6 for evacuation
[2024-08-15T16:22:26.741+0000][14042.686s][info][gc,phases   ] GC(3414)   Pre Evacuate Collection Set: 0.2ms
[2024-08-15T16:22:26.741+0000][14042.686s][info][gc,phases   ] GC(3414)   Merge Heap Roots: 0.3ms
[2024-08-15T16:22:26.741+0000][14042.686s][info][gc,phases   ] GC(3414)   Evacuate Collection Set: 39.1ms
[2024-08-15T16:22:26.741+0000][14042.686s][info][gc,phases   ] GC(3414)   Post Evacuate Collection Set: 11.9ms
[2024-08-15T16:22:26.741+0000][14042.686s][info][gc,phases   ] GC(3414)   Other: 0.2ms
[2024-08-15T16:22:26.741+0000][14042.686s][info][gc,heap     ] GC(3414) Eden regions: 812->0(808)
[2024-08-15T16:22:26.741+0000][14042.686s][info][gc,heap     ] GC(3414) Survivor regions: 5->9(103)
[2024-08-15T16:22:26.741+0000][14042.686s][info][gc,heap     ] GC(3414) Old regions: 341->341
[2024-08-15T16:22:26.741+0000][14042.686s][info][gc,heap     ] GC(3414) Archive regions: 2->2
[2024-08-15T16:22:26.741+0000][14042.686s][info][gc,heap     ] GC(3414) Humongous regions: 50->50
[2024-08-15T16:22:26.741+0000][14042.686s][info][gc,metaspace] GC(3414) Metaspace: 443368K(449536K)->443368K(449536K) NonClass: 388372K(391808K)->388372K(391808K) Class: 54995K(57728K)->54995K(57728K)
[2024-08-15T16:22:26.741+0000][14042.686s][info][gc          ] GC(3414) Pause Young (Normal) (G1 Evacuation Pause) 9665M->3202M(12288M) 51.751ms
[2024-08-15T16:22:26.741+0000][14042.686s][info][gc,cpu      ] GC(3414) User=0.29s Sys=0.00s Real=0.05s
[2024-08-15T16:22:29.587+0000][14045.532s][info][gc,start    ] GC(3415) Pause Young (Concurrent Start) (G1 Evacuation Pause)
[2024-08-15T16:22:29.587+0000][14045.532s][info][gc,task     ] GC(3415) Using 6 workers of 6 for evacuation
[2024-08-15T16:22:29.671+0000][14045.616s][info][gc,phases   ] GC(3415)   Pre Evacuate Collection Set: 0.5ms
[2024-08-15T16:22:29.671+0000][14045.616s][info][gc,phases   ] GC(3415)   Merge Heap Roots: 0.2ms
[2024-08-15T16:22:29.671+0000][14045.616s][info][gc,phases   ] GC(3415)   Evacuate Collection Set: 63.9ms
[2024-08-15T16:22:29.671+0000][14045.616s][info][gc,phases   ] GC(3415)   Post Evacuate Collection Set: 18.6ms
[2024-08-15T16:22:29.671+0000][14045.616s][info][gc,phases   ] GC(3415)   Other: 0.3ms
[2024-08-15T16:22:29.671+0000][14045.616s][info][gc,heap     ] GC(3415) Eden regions: 808->0(802)
[2024-08-15T16:22:29.671+0000][14045.616s][info][gc,heap     ] GC(3415) Survivor regions: 9->14(103)
[2024-08-15T16:22:29.671+0000][14045.616s][info][gc,heap     ] GC(3415) Old regions: 341->341
[2024-08-15T16:22:29.671+0000][14045.616s][info][gc,heap     ] GC(3415) Archive regions: 2->2
[2024-08-15T16:22:29.671+0000][14045.616s][info][gc,heap     ] GC(3415) Humongous regions: 50->50
[2024-08-15T16:22:29.671+0000][14045.616s][info][gc,metaspace] GC(3415) Metaspace: 443368K(449536K)->443368K(449536K) NonClass: 388372K(391808K)->388372K(391808K) Class: 54995K(57728K)->54995K(57728K)
[2024-08-15T16:22:29.671+0000][14045.616s][info][gc          ] GC(3415) Pause Young (Concurrent Start) (G1 Evacuation Pause) 9666M->3244M(12288M) 83.663ms
[2024-08-15T16:22:29.671+0000][14045.616s][info][gc,cpu      ] GC(3415) User=0.48s Sys=0.00s Real=0.08s
[2024-08-15T16:22:29.671+0000][14045.616s][info][gc          ] GC(3416) Concurrent Mark Cycle
[2024-08-15T16:22:29.671+0000][14045.616s][info][gc,marking  ] GC(3416) Concurrent Clear Claimed Marks
[2024-08-15T16:22:29.672+0000][14045.616s][info][gc,marking  ] GC(3416) Concurrent Clear Claimed Marks 0.415ms
[2024-08-15T16:22:29.672+0000][14045.616s][info][gc,marking  ] GC(3416) Concurrent Scan Root Regions
[2024-08-15T16:22:29.727+0000][14045.672s][info][gc,marking  ] GC(3416) Concurrent Scan Root Regions 55.491ms
[2024-08-15T16:22:29.727+0000][14045.672s][info][gc,marking  ] GC(3416) Concurrent Mark
[2024-08-15T16:22:29.727+0000][14045.672s][info][gc,marking  ] GC(3416) Concurrent Mark From Roots
[2024-08-15T16:22:29.727+0000][14045.672s][info][gc,task     ] GC(3416) Using 2 workers of 2 for marking
[2024-08-15T16:22:31.534+0000][14047.478s][info][gc,marking  ] GC(3416) Concurrent Mark From Roots 1806.408ms
[2024-08-15T16:22:31.534+0000][14047.478s][info][gc,marking  ] GC(3416) Concurrent Preclean
[2024-08-15T16:22:31.536+0000][14047.480s][info][gc,marking  ] GC(3416) Concurrent Preclean 2.108ms
[2024-08-15T16:22:31.536+0000][14047.481s][info][gc,start    ] GC(3416) Pause Remark
[2024-08-15T16:22:31.559+0000][14047.504s][info][gc          ] GC(3416) Pause Remark 7200M->7200M(12288M) 23.393ms
[2024-08-15T16:22:31.559+0000][14047.504s][info][gc,cpu      ] GC(3416) User=0.10s Sys=0.00s Real=0.02s
[2024-08-15T16:22:31.560+0000][14047.504s][info][gc,marking  ] GC(3416) Concurrent Mark 1832.353ms
[2024-08-15T16:22:31.560+0000][14047.504s][info][gc,marking  ] GC(3416) Concurrent Rebuild Remembered Sets
[2024-08-15T16:22:32.615+0000][14048.560s][info][gc,start    ] GC(3417) Pause Young (Normal) (G1 Evacuation Pause)
[2024-08-15T16:22:32.615+0000][14048.560s][info][gc,task     ] GC(3417) Using 6 workers of 6 for evacuation
[2024-08-15T16:22:32.718+0000][14048.663s][info][gc,phases   ] GC(3417)   Pre Evacuate Collection Set: 0.2ms
[2024-08-15T16:22:32.718+0000][14048.663s][info][gc,phases   ] GC(3417)   Merge Heap Roots: 0.3ms
[2024-08-15T16:22:32.718+0000][14048.663s][info][gc,phases   ] GC(3417)   Evacuate Collection Set: 82.2ms
[2024-08-15T16:22:32.718+0000][14048.663s][info][gc,phases   ] GC(3417)   Post Evacuate Collection Set: 20.3ms
[2024-08-15T16:22:32.718+0000][14048.663s][info][gc,phases   ] GC(3417)   Other: 0.2ms
[2024-08-15T16:22:32.718+0000][14048.663s][info][gc,heap     ] GC(3417) Eden regions: 802->0(795)
[2024-08-15T16:22:32.718+0000][14048.663s][info][gc,heap     ] GC(3417) Survivor regions: 14->20(102)
[2024-08-15T16:22:32.718+0000][14048.663s][info][gc,heap     ] GC(3417) Old regions: 341->341
[2024-08-15T16:22:32.718+0000][14048.663s][info][gc,heap     ] GC(3417) Archive regions: 2->2
[2024-08-15T16:22:32.718+0000][14048.663s][info][gc,heap     ] GC(3417) Humongous regions: 50->50
[2024-08-15T16:22:32.718+0000][14048.663s][info][gc,metaspace] GC(3417) Metaspace: 443368K(449536K)->443368K(449536K) NonClass: 388372K(391808K)->388372K(391808K) Class: 54995K(57728K)->54995K(57728K)
[2024-08-15T16:22:32.718+0000][14048.663s][info][gc          ] GC(3417) Pause Young (Normal) (G1 Evacuation Pause) 9660M->3287M(12288M) 103.217ms
[2024-08-15T16:22:32.718+0000][14048.663s][info][gc,cpu      ] GC(3417) User=0.60s Sys=0.00s Real=0.10s
[2024-08-15T16:22:32.765+0000][14048.709s][info][gc,marking  ] GC(3416) Concurrent Rebuild Remembered Sets 1204.962ms
[2024-08-15T16:22:32.765+0000][14048.709s][info][gc,start    ] GC(3416) Pause Cleanup
[2024-08-15T16:22:32.765+0000][14048.710s][info][gc          ] GC(3416) Pause Cleanup 3387M->3387M(12288M) 0.615ms
[2024-08-15T16:22:32.765+0000][14048.710s][info][gc,cpu      ] GC(3416) User=0.01s Sys=0.00s Real=0.00s
[2024-08-15T16:22:32.765+0000][14048.710s][info][gc,marking  ] GC(3416) Concurrent Cleanup for Next Mark
[2024-08-15T16:22:32.783+0000][14048.727s][info][gc,marking  ] GC(3416) Concurrent Cleanup for Next Mark 17.071ms
[2024-08-15T16:22:32.783+0000][14048.727s][info][gc          ] GC(3416) Concurrent Mark Cycle 3111.369ms
[2024-08-15T16:22:35.033+0000][14050.978s][info][gc,start    ] GC(3418) Pause Young (Prepare Mixed) (G1 Evacuation Pause)
[2024-08-15T16:22:35.033+0000][14050.978s][info][gc,task     ] GC(3418) Using 6 workers of 6 for evacuation
[2024-08-15T16:22:35.117+0000][14051.062s][info][gc,phases   ] GC(3418)   Pre Evacuate Collection Set: 0.2ms
[2024-08-15T16:22:35.117+0000][14051.062s][info][gc,phases   ] GC(3418)   Merge Heap Roots: 0.3ms
[2024-08-15T16:22:35.117+0000][14051.062s][info][gc,phases   ] GC(3418)   Evacuate Collection Set: 72.6ms
[2024-08-15T16:22:35.117+0000][14051.062s][info][gc,phases   ] GC(3418)   Post Evacuate Collection Set: 10.3ms
[2024-08-15T16:22:35.117+0000][14051.062s][info][gc,phases   ] GC(3418)   Other: 0.2ms
[2024-08-15T16:22:35.117+0000][14051.062s][info][gc,heap     ] GC(3418) Eden regions: 795->0(54)
[2024-08-15T16:22:35.117+0000][14051.062s][info][gc,heap     ] GC(3418) Survivor regions: 20->22(102)
[2024-08-15T16:22:35.117+0000][14051.062s][info][gc,heap     ] GC(3418) Old regions: 341->341
[2024-08-15T16:22:35.117+0000][14051.062s][info][gc,heap     ] GC(3418) Archive regions: 2->2
[2024-08-15T16:22:35.117+0000][14051.062s][info][gc,heap     ] GC(3418) Humongous regions: 50->50
[2024-08-15T16:22:35.117+0000][14051.062s][info][gc,metaspace] GC(3418) Metaspace: 443375K(449536K)->443375K(449536K) NonClass: 388379K(391808K)->388379K(391808K) Class: 54995K(57728K)->54995K(57728K)
[2024-08-15T16:22:35.117+0000][14051.062s][info][gc          ] GC(3418) Pause Young (Prepare Mixed) (G1 Evacuation Pause) 9647M->3308M(12288M) 83.642ms
[2024-08-15T16:22:35.117+0000][14051.062s][info][gc,cpu      ] GC(3418) User=0.49s Sys=0.01s Real=0.09s
[2024-08-15T16:22:35.270+0000][14051.214s][info][gc,start    ] GC(3419) Pause Young (Mixed) (G1 Evacuation Pause)
[2024-08-15T16:22:35.270+0000][14051.214s][info][gc,task     ] GC(3419) Using 6 workers of 6 for evacuation
[2024-08-15T16:22:35.378+0000][14051.322s][info][gc,phases   ] GC(3419)   Pre Evacuate Collection Set: 0.2ms
[2024-08-15T16:22:35.378+0000][14051.322s][info][gc,phases   ] GC(3419)   Merge Heap Roots: 0.5ms
[2024-08-15T16:22:35.378+0000][14051.322s][info][gc,phases   ] GC(3419)   Evacuate Collection Set: 105.8ms
[2024-08-15T16:22:35.378+0000][14051.322s][info][gc,phases   ] GC(3419)   Post Evacuate Collection Set: 1.4ms
[2024-08-15T16:22:35.378+0000][14051.322s][info][gc,phases   ] GC(3419)   Other: 0.2ms
[2024-08-15T16:22:35.378+0000][14051.322s][info][gc,heap     ] GC(3419) Eden regions: 54->0(809)
[2024-08-15T16:22:35.378+0000][14051.322s][info][gc,heap     ] GC(3419) Survivor regions: 22->5(10)
[2024-08-15T16:22:35.378+0000][14051.322s][info][gc,heap     ] GC(3419) Old regions: 341->344
[2024-08-15T16:22:35.378+0000][14051.322s][info][gc,heap     ] GC(3419) Archive regions: 2->2
[2024-08-15T16:22:35.378+0000][14051.322s][info][gc,heap     ] GC(3419) Humongous regions: 50->50
[2024-08-15T16:22:35.378+0000][14051.322s][info][gc,metaspace] GC(3419) Metaspace: 443375K(449536K)->443375K(449536K) NonClass: 388379K(391808K)->388379K(391808K) Class: 54995K(57728K)->54995K(57728K)
[2024-08-15T16:22:35.378+0000][14051.322s][info][gc          ] GC(3419) Pause Young (Mixed) (G1 Evacuation Pause) 3740M->3195M(12288M) 108.143ms
[2024-08-15T16:22:35.378+0000][14051.322s][info][gc,cpu      ] GC(3419) User=0.64s Sys=0.00s Real=0.11s
[2024-08-15T16:22:37.723+0000][14053.668s][info][gc,start    ] GC(3420) Pause Young (Normal) (G1 Evacuation Pause)
[2024-08-15T16:22:37.723+0000][14053.668s][info][gc,task     ] GC(3420) Using 6 workers of 6 for evacuation
[2024-08-15T16:22:37.776+0000][14053.720s][info][gc,phases   ] GC(3420)   Pre Evacuate Collection Set: 0.2ms
[2024-08-15T16:22:37.776+0000][14053.720s][info][gc,phases   ] GC(3420)   Merge Heap Roots: 0.2ms
[2024-08-15T16:22:37.776+0000][14053.720s][info][gc,phases   ] GC(3420)   Evacuate Collection Set: 40.0ms
[2024-08-15T16:22:37.776+0000][14053.720s][info][gc,phases   ] GC(3420)   Post Evacuate Collection Set: 12.1ms
[2024-08-15T16:22:37.776+0000][14053.720s][info][gc,phases   ] GC(3420)   Other: 0.2ms
[2024-08-15T16:22:37.776+0000][14053.720s][info][gc,heap     ] GC(3420) Eden regions: 809->0(807)
[2024-08-15T16:22:37.776+0000][14053.720s][info][gc,heap     ] GC(3420) Survivor regions: 5->8(102)
[2024-08-15T16:22:37.776+0000][14053.720s][info][gc,heap     ] GC(3420) Old regions: 344->344
[2024-08-15T16:22:37.776+0000][14053.720s][info][gc,heap     ] GC(3420) Archive regions: 2->2
[2024-08-15T16:22:37.776+0000][14053.720s][info][gc,heap     ] GC(3420) Humongous regions: 50->50
[2024-08-15T16:22:37.776+0000][14053.720s][info][gc,metaspace] GC(3420) Metaspace: 443375K(449536K)->443375K(449536K) NonClass: 388379K(391808K)->388379K(391808K) Class: 54995K(57728K)->54995K(57728K)
[2024-08-15T16:22:37.776+0000][14053.720s][info][gc          ] GC(3420) Pause Young (Normal) (G1 Evacuation Pause) 9667M->3219M(12288M) 52.726ms
[2024-08-15T16:22:37.776+0000][14053.720s][info][gc,cpu      ] GC(3420) User=0.31s Sys=0.00s Real=0.06s
[2024-08-15T16:22:40.252+0000][14056.196s][info][gc,start    ] GC(3421) Pause Young (Normal) (G1 Evacuation Pause)
[2024-08-15T16:22:40.252+0000][14056.196s][info][gc,task     ] GC(3421) Using 6 workers of 6 for evacuation
[2024-08-15T16:22:40.345+0000][14056.290s][info][gc,phases   ] GC(3421)   Pre Evacuate Collection Set: 0.2ms
[2024-08-15T16:22:40.345+0000][14056.290s][info][gc,phases   ] GC(3421)   Merge Heap Roots: 0.2ms
[2024-08-15T16:22:40.345+0000][14056.290s][info][gc,phases   ] GC(3421)   Evacuate Collection Set: 72.7ms
[2024-08-15T16:22:40.345+0000][14056.290s][info][gc,phases   ] GC(3421)   Post Evacuate Collection Set: 20.1ms
[2024-08-15T16:22:40.345+0000][14056.290s][info][gc,phases   ] GC(3421)   Other: 0.2ms
[2024-08-15T16:22:40.345+0000][14056.290s][info][gc,heap     ] GC(3421) Eden regions: 807->0(800)
[2024-08-15T16:22:40.345+0000][14056.290s][info][gc,heap     ] GC(3421) Survivor regions: 8->14(102)
[2024-08-15T16:22:40.345+0000][14056.290s][info][gc,heap     ] GC(3421) Old regions: 344->344
[2024-08-15T16:22:40.345+0000][14056.290s][info][gc,heap     ] GC(3421) Archive regions: 2->2
[2024-08-15T16:22:40.345+0000][14056.290s][info][gc,heap     ] GC(3421) Humongous regions: 50->50
[2024-08-15T16:22:40.345+0000][14056.290s][info][gc,metaspace] GC(3421) Metaspace: 443380K(449600K)->443380K(449600K) NonClass: 388384K(391872K)->388384K(391872K) Class: 54995K(57728K)->54995K(57728K)
[2024-08-15T16:22:40.345+0000][14056.290s][info][gc          ] GC(3421) Pause Young (Normal) (G1 Evacuation Pause) 9675M->3261M(12288M) 93.525ms
[2024-08-15T16:22:40.345+0000][14056.290s][info][gc,cpu      ] GC(3421) User=0.54s Sys=0.01s Real=0.10s
[2024-08-15T16:22:42.678+0000][14058.623s][info][gc,start    ] GC(3422) Pause Young (Concurrent Start) (G1 Evacuation Pause)
[2024-08-15T16:22:42.678+0000][14058.623s][info][gc,task     ] GC(3422) Using 6 workers of 6 for evacuation
[2024-08-15T16:22:42.759+0000][14058.703s][info][gc,phases   ] GC(3422)   Pre Evacuate Collection Set: 0.6ms
[2024-08-15T16:22:42.759+0000][14058.703s][info][gc,phases   ] GC(3422)   Merge Heap Roots: 0.2ms
[2024-08-15T16:22:42.759+0000][14058.703s][info][gc,phases   ] GC(3422)   Evacuate Collection Set: 68.8ms
[2024-08-15T16:22:42.759+0000][14058.703s][info][gc,phases   ] GC(3422)   Post Evacuate Collection Set: 10.6ms
[2024-08-15T16:22:42.759+0000][14058.703s][info][gc,phases   ] GC(3422)   Other: 0.3ms
[2024-08-15T16:22:42.759+0000][14058.703s][info][gc,heap     ] GC(3422) Eden regions: 800->0(798)
[2024-08-15T16:22:42.759+0000][14058.703s][info][gc,heap     ] GC(3422) Survivor regions: 14->17(102)
[2024-08-15T16:22:42.759+0000][14058.703s][info][gc,heap     ] GC(3422) Old regions: 344->344
[2024-08-15T16:22:42.759+0000][14058.703s][info][gc,heap     ] GC(3422) Archive regions: 2->2
[2024-08-15T16:22:42.759+0000][14058.703s][info][gc,heap     ] GC(3422) Humongous regions: 50->50
[2024-08-15T16:22:42.759+0000][14058.703s][info][gc,metaspace] GC(3422) Metaspace: 443380K(449600K)->443380K(449600K) NonClass: 388384K(391872K)->388384K(391872K) Class: 54995K(57728K)->54995K(57728K)
[2024-08-15T16:22:42.759+0000][14058.704s][info][gc          ] GC(3422) Pause Young (Concurrent Start) (G1 Evacuation Pause) 9661M->3289M(12288M) 80.513ms
[2024-08-15T16:22:42.759+0000][14058.704s][info][gc,cpu      ] GC(3422) User=0.46s Sys=0.00s Real=0.08s
[2024-08-15T16:22:42.759+0000][14058.704s][info][gc          ] GC(3423) Concurrent Mark Cycle
[2024-08-15T16:22:42.759+0000][14058.704s][info][gc,marking  ] GC(3423) Concurrent Clear Claimed Marks
[2024-08-15T16:22:42.759+0000][14058.704s][info][gc,marking  ] GC(3423) Concurrent Clear Claimed Marks 0.438ms
[2024-08-15T16:22:42.759+0000][14058.704s][info][gc,marking  ] GC(3423) Concurrent Scan Root Regions
[2024-08-15T16:22:42.812+0000][14058.756s][info][gc,marking  ] GC(3423) Concurrent Scan Root Regions 52.259ms
[2024-08-15T16:22:42.812+0000][14058.756s][info][gc,marking  ] GC(3423) Concurrent Mark
[2024-08-15T16:22:42.812+0000][14058.756s][info][gc,marking  ] GC(3423) Concurrent Mark From Roots
[2024-08-15T16:22:42.812+0000][14058.756s][info][gc,task     ] GC(3423) Using 2 workers of 2 for marking
[2024-08-15T16:22:44.791+0000][14060.736s][info][gc,marking  ] GC(3423) Concurrent Mark From Roots 1979.166ms
[2024-08-15T16:22:44.791+0000][14060.736s][info][gc,marking  ] GC(3423) Concurrent Preclean
[2024-08-15T16:22:44.793+0000][14060.738s][info][gc,marking  ] GC(3423) Concurrent Preclean 1.998ms
[2024-08-15T16:22:44.793+0000][14060.738s][info][gc,start    ] GC(3423) Pause Remark
[2024-08-15T16:22:44.817+0000][14060.761s][info][gc          ] GC(3423) Pause Remark 8057M->8057M(12288M) 23.456ms
[2024-08-15T16:22:44.817+0000][14060.761s][info][gc,cpu      ] GC(3423) User=0.09s Sys=0.01s Real=0.03s
[2024-08-15T16:22:44.817+0000][14060.761s][info][gc,marking  ] GC(3423) Concurrent Mark 2005.011ms
[2024-08-15T16:22:44.817+0000][14060.761s][info][gc,marking  ] GC(3423) Concurrent Rebuild Remembered Sets
[2024-08-15T16:22:45.433+0000][14061.378s][info][gc,start    ] GC(3424) Pause Young (Normal) (G1 Evacuation Pause)
[2024-08-15T16:22:45.433+0000][14061.378s][info][gc,task     ] GC(3424) Using 6 workers of 6 for evacuation
[2024-08-15T16:22:45.487+0000][14061.431s][info][gc,phases   ] GC(3424)   Pre Evacuate Collection Set: 0.2ms
[2024-08-15T16:22:45.487+0000][14061.431s][info][gc,phases   ] GC(3424)   Merge Heap Roots: 0.3ms
[2024-08-15T16:22:45.487+0000][14061.431s][info][gc,phases   ] GC(3424)   Evacuate Collection Set: 51.1ms
[2024-08-15T16:22:45.487+0000][14061.431s][info][gc,phases   ] GC(3424)   Post Evacuate Collection Set: 1.9ms
[2024-08-15T16:22:45.487+0000][14061.431s][info][gc,phases   ] GC(3424)   Other: 0.2ms
[2024-08-15T16:22:45.487+0000][14061.431s][info][gc,heap     ] GC(3424) Eden regions: 798->0(796)
[2024-08-15T16:22:45.487+0000][14061.431s][info][gc,heap     ] GC(3424) Survivor regions: 17->18(102)
[2024-08-15T16:22:45.487+0000][14061.431s][info][gc,heap     ] GC(3424) Old regions: 344->344
[2024-08-15T16:22:45.487+0000][14061.431s][info][gc,heap     ] GC(3424) Archive regions: 2->2
[2024-08-15T16:22:45.487+0000][14061.431s][info][gc,heap     ] GC(3424) Humongous regions: 50->50
[2024-08-15T16:22:45.487+0000][14061.431s][info][gc,metaspace] GC(3424) Metaspace: 443380K(449600K)->443380K(449600K) NonClass: 388384K(391872K)->388384K(391872K) Class: 54995K(57728K)->54995K(57728K)
[2024-08-15T16:22:45.487+0000][14061.431s][info][gc          ] GC(3424) Pause Young (Normal) (G1 Evacuation Pause) 9673M->3299M(12288M) 53.732ms
[2024-08-15T16:22:45.487+0000][14061.431s][info][gc,cpu      ] GC(3424) User=0.31s Sys=0.00s Real=0.06s
[2024-08-15T16:22:46.001+0000][14061.946s][info][gc,marking  ] GC(3423) Concurrent Rebuild Remembered Sets 1184.415ms
[2024-08-15T16:22:46.001+0000][14061.946s][info][gc,start    ] GC(3423) Pause Cleanup
[2024-08-15T16:22:46.002+0000][14061.947s][info][gc          ] GC(3423) Pause Cleanup 4707M->4707M(12288M) 0.591ms
[2024-08-15T16:22:46.002+0000][14061.947s][info][gc,cpu      ] GC(3423) User=0.00s Sys=0.00s Real=0.00s
[2024-08-15T16:22:46.002+0000][14061.947s][info][gc,marking  ] GC(3423) Concurrent Cleanup for Next Mark
[2024-08-15T16:22:46.019+0000][14061.963s][info][gc,marking  ] GC(3423) Concurrent Cleanup for Next Mark 16.485ms
[2024-08-15T16:22:46.019+0000][14061.963s][info][gc          ] GC(3423) Concurrent Mark Cycle 3259.686ms
[2024-08-15T16:22:47.920+0000][14063.865s][info][gc,start    ] GC(3425) Pause Young (Prepare Mixed) (G1 Evacuation Pause)
[2024-08-15T16:22:47.921+0000][14063.865s][info][gc,task     ] GC(3425) Using 6 workers of 6 for evacuation
[2024-08-15T16:22:48.008+0000][14063.953s][info][gc,phases   ] GC(3425)   Pre Evacuate Collection Set: 0.2ms
[2024-08-15T16:22:48.008+0000][14063.953s][info][gc,phases   ] GC(3425)   Merge Heap Roots: 0.3ms
[2024-08-15T16:22:48.008+0000][14063.953s][info][gc,phases   ] GC(3425)   Evacuate Collection Set: 75.9ms
[2024-08-15T16:22:48.008+0000][14063.953s][info][gc,phases   ] GC(3425)   Post Evacuate Collection Set: 10.8ms
[2024-08-15T16:22:48.008+0000][14063.953s][info][gc,phases   ] GC(3425)   Other: 0.2ms
[2024-08-15T16:22:48.008+0000][14063.953s][info][gc,heap     ] GC(3425) Eden regions: 796->0(54)
[2024-08-15T16:22:48.008+0000][14063.953s][info][gc,heap     ] GC(3425) Survivor regions: 18->22(102)
[2024-08-15T16:22:48.008+0000][14063.953s][info][gc,heap     ] GC(3425) Old regions: 344->344
[2024-08-15T16:22:48.008+0000][14063.953s][info][gc,heap     ] GC(3425) Archive regions: 2->2
[2024-08-15T16:22:48.008+0000][14063.953s][info][gc,heap     ] GC(3425) Humongous regions: 50->50
[2024-08-15T16:22:48.008+0000][14063.953s][info][gc,metaspace] GC(3425) Metaspace: 443380K(449600K)->443380K(449600K) NonClass: 388384K(391872K)->388384K(391872K) Class: 54995K(57728K)->54995K(57728K)
[2024-08-15T16:22:48.008+0000][14063.953s][info][gc          ] GC(3425) Pause Young (Prepare Mixed) (G1 Evacuation Pause) 9667M->3327M(12288M) 87.513ms
[2024-08-15T16:22:48.008+0000][14063.953s][info][gc,cpu      ] GC(3425) User=0.51s Sys=0.00s Real=0.09s
[2024-08-15T16:22:48.163+0000][14064.108s][info][gc,start    ] GC(3426) Pause Young (Mixed) (G1 Evacuation Pause)
[2024-08-15T16:22:48.163+0000][14064.108s][info][gc,task     ] GC(3426) Using 6 workers of 6 for evacuation
[2024-08-15T16:22:48.265+0000][14064.209s][info][gc,phases   ] GC(3426)   Pre Evacuate Collection Set: 0.2ms
[2024-08-15T16:22:48.265+0000][14064.209s][info][gc,phases   ] GC(3426)   Merge Heap Roots: 0.3ms
[2024-08-15T16:22:48.265+0000][14064.209s][info][gc,phases   ] GC(3426)   Evacuate Collection Set: 99.4ms
[2024-08-15T16:22:48.265+0000][14064.209s][info][gc,phases   ] GC(3426)   Post Evacuate Collection Set: 1.4ms
[2024-08-15T16:22:48.265+0000][14064.209s][info][gc,phases   ] GC(3426)   Other: 0.2ms
[2024-08-15T16:22:48.265+0000][14064.209s][info][gc,heap     ] GC(3426) Eden regions: 54->0(804)
[2024-08-15T16:22:48.265+0000][14064.209s][info][gc,heap     ] GC(3426) Survivor regions: 22->7(10)
[2024-08-15T16:22:48.265+0000][14064.209s][info][gc,heap     ] GC(3426) Old regions: 344->350
[2024-08-15T16:22:48.265+0000][14064.209s][info][gc,heap     ] GC(3426) Archive regions: 2->2
[2024-08-15T16:22:48.265+0000][14064.209s][info][gc,heap     ] GC(3426) Humongous regions: 50->50
[2024-08-15T16:22:48.265+0000][14064.209s][info][gc,metaspace] GC(3426) Metaspace: 443380K(449600K)->443380K(449600K) NonClass: 388384K(391872K)->388384K(391872K) Class: 54995K(57728K)->54995K(57728K)
[2024-08-15T16:22:48.265+0000][14064.209s][info][gc          ] GC(3426) Pause Young (Mixed) (G1 Evacuation Pause) 3759M->3253M(12288M) 101.545ms
[2024-08-15T16:22:48.265+0000][14064.210s][info][gc,cpu      ] GC(3426) User=0.61s Sys=0.00s Real=0.10s
[2024-08-15T16:22:50.574+0000][14066.518s][info][gc,start    ] GC(3427) Pause Young (Normal) (G1 Evacuation Pause)
[2024-08-15T16:22:50.574+0000][14066.518s][info][gc,task     ] GC(3427) Using 6 workers of 6 for evacuation
[2024-08-15T16:22:50.592+0000][14066.537s][info][gc,phases   ] GC(3427)   Pre Evacuate Collection Set: 0.2ms
[2024-08-15T16:22:50.592+0000][14066.537s][info][gc,phases   ] GC(3427)   Merge Heap Roots: 0.2ms
[2024-08-15T16:22:50.592+0000][14066.537s][info][gc,phases   ] GC(3427)   Evacuate Collection Set: 16.0ms
[2024-08-15T16:22:50.592+0000][14066.537s][info][gc,phases   ] GC(3427)   Post Evacuate Collection Set: 1.9ms
[2024-08-15T16:22:50.592+0000][14066.537s][info][gc,phases   ] GC(3427)   Other: 0.2ms
[2024-08-15T16:22:50.592+0000][14066.537s][info][gc,heap     ] GC(3427) Eden regions: 804->0(807)
[2024-08-15T16:22:50.592+0000][14066.537s][info][gc,heap     ] GC(3427) Survivor regions: 7->6(102)
[2024-08-15T16:22:50.592+0000][14066.537s][info][gc,heap     ] GC(3427) Old regions: 350->350
[2024-08-15T16:22:50.592+0000][14066.537s][info][gc,heap     ] GC(3427) Archive regions: 2->2
[2024-08-15T16:22:50.592+0000][14066.537s][info][gc,heap     ] GC(3427) Humongous regions: 50->50
[2024-08-15T16:22:50.592+0000][14066.537s][info][gc,metaspace] GC(3427) Metaspace: 443380K(449600K)->443380K(449600K) NonClass: 388384K(391872K)->388384K(391872K) Class: 54995K(57728K)->54995K(57728K)
[2024-08-15T16:22:50.592+0000][14066.537s][info][gc          ] GC(3427) Pause Young (Normal) (G1 Evacuation Pause) 9685M->3245M(12288M) 18.511ms
[2024-08-15T16:22:50.592+0000][14066.537s][info][gc,cpu      ] GC(3427) User=0.10s Sys=0.00s Real=0.02s
[2024-08-15T16:22:52.866+0000][14068.811s][info][gc,start    ] GC(3428) Pause Young (Normal) (G1 Evacuation Pause)
[2024-08-15T16:22:52.866+0000][14068.811s][info][gc,task     ] GC(3428) Using 6 workers of 6 for evacuation
[2024-08-15T16:22:52.918+0000][14068.863s][info][gc,phases   ] GC(3428)   Pre Evacuate Collection Set: 0.2ms
[2024-08-15T16:22:52.918+0000][14068.863s][info][gc,phases   ] GC(3428)   Merge Heap Roots: 0.2ms
[2024-08-15T16:22:52.918+0000][14068.863s][info][gc,phases   ] GC(3428)   Evacuate Collection Set: 41.0ms
[2024-08-15T16:22:52.918+0000][14068.863s][info][gc,phases   ] GC(3428)   Post Evacuate Collection Set: 10.3ms
[2024-08-15T16:22:52.918+0000][14068.863s][info][gc,phases   ] GC(3428)   Other: 0.2ms
[2024-08-15T16:22:52.918+0000][14068.863s][info][gc,heap     ] GC(3428) Eden regions: 807->0(804)
[2024-08-15T16:22:52.918+0000][14068.863s][info][gc,heap     ] GC(3428) Survivor regions: 6->9(102)
[2024-08-15T16:22:52.918+0000][14068.863s][info][gc,heap     ] GC(3428) Old regions: 350->350
[2024-08-15T16:22:52.918+0000][14068.863s][info][gc,heap     ] GC(3428) Archive regions: 2->2
[2024-08-15T16:22:52.918+0000][14068.863s][info][gc,heap     ] GC(3428) Humongous regions: 50->50
[2024-08-15T16:22:52.918+0000][14068.863s][info][gc,metaspace] GC(3428) Metaspace: 443380K(449600K)->443380K(449600K) NonClass: 388384K(391872K)->388384K(391872K) Class: 54995K(57728K)->54995K(57728K)
[2024-08-15T16:22:52.918+0000][14068.863s][info][gc          ] GC(3428) Pause Young (Normal) (G1 Evacuation Pause) 9701M->3271M(12288M) 52.012ms
[2024-08-15T16:22:52.919+0000][14068.863s][info][gc,cpu      ] GC(3428) User=0.31s Sys=0.00s Real=0.05s
[2024-08-15T16:22:55.366+0000][14071.311s][info][gc,start    ] GC(3429) Pause Young (Concurrent Start) (G1 Evacuation Pause)
[2024-08-15T16:22:55.366+0000][14071.311s][info][gc,task     ] GC(3429) Using 6 workers of 6 for evacuation
[2024-08-15T16:22:55.434+0000][14071.379s][info][gc,phases   ] GC(3429)   Pre Evacuate Collection Set: 0.6ms
[2024-08-15T16:22:55.434+0000][14071.379s][info][gc,phases   ] GC(3429)   Merge Heap Roots: 0.3ms
[2024-08-15T16:22:55.434+0000][14071.379s][info][gc,phases   ] GC(3429)   Evacuate Collection Set: 54.7ms
[2024-08-15T16:22:55.434+0000][14071.379s][info][gc,phases   ] GC(3429)   Post Evacuate Collection Set: 12.3ms
[2024-08-15T16:22:55.434+0000][14071.379s][info][gc,phases   ] GC(3429)   Other: 0.3ms
[2024-08-15T16:22:55.434+0000][14071.379s][info][gc,heap     ] GC(3429) Eden regions: 804->0(799)
[2024-08-15T16:22:55.434+0000][14071.379s][info][gc,heap     ] GC(3429) Survivor regions: 9->13(102)
[2024-08-15T16:22:55.434+0000][14071.379s][info][gc,heap     ] GC(3429) Old regions: 350->350
[2024-08-15T16:22:55.434+0000][14071.379s][info][gc,heap     ] GC(3429) Archive regions: 2->2
[2024-08-15T16:22:55.434+0000][14071.379s][info][gc,heap     ] GC(3429) Humongous regions: 50->50
[2024-08-15T16:22:55.434+0000][14071.379s][info][gc,metaspace] GC(3429) Metaspace: 443380K(449600K)->443380K(449600K) NonClass: 388384K(391872K)->388384K(391872K) Class: 54995K(57728K)->54995K(57728K)
[2024-08-15T16:22:55.434+0000][14071.379s][info][gc          ] GC(3429) Pause Young (Concurrent Start) (G1 Evacuation Pause) 9703M->3301M(12288M) 68.275ms
[2024-08-15T16:22:55.434+0000][14071.379s][info][gc,cpu      ] GC(3429) User=0.39s Sys=0.00s Real=0.06s
[2024-08-15T16:22:55.435+0000][14071.379s][info][gc          ] GC(3430) Concurrent Mark Cycle
[2024-08-15T16:22:55.435+0000][14071.379s][info][gc,marking  ] GC(3430) Concurrent Clear Claimed Marks
[2024-08-15T16:22:55.435+0000][14071.380s][info][gc,marking  ] GC(3430) Concurrent Clear Claimed Marks 0.401ms
[2024-08-15T16:22:55.435+0000][14071.380s][info][gc,marking  ] GC(3430) Concurrent Scan Root Regions
[2024-08-15T16:22:55.471+0000][14071.416s][info][gc,marking  ] GC(3430) Concurrent Scan Root Regions 36.520ms
[2024-08-15T16:22:55.472+0000][14071.416s][info][gc,marking  ] GC(3430) Concurrent Mark
[2024-08-15T16:22:55.472+0000][14071.416s][info][gc,marking  ] GC(3430) Concurrent Mark From Roots
[2024-08-15T16:22:55.472+0000][14071.416s][info][gc,task     ] GC(3430) Using 2 workers of 2 for marking
[2024-08-15T16:22:57.453+0000][14073.398s][info][gc,marking  ] GC(3430) Concurrent Mark From Roots 1981.711ms
[2024-08-15T16:22:57.453+0000][14073.398s][info][gc,marking  ] GC(3430) Concurrent Preclean
[2024-08-15T16:22:57.455+0000][14073.399s][info][gc,marking  ] GC(3430) Concurrent Preclean 1.441ms
[2024-08-15T16:22:57.455+0000][14073.399s][info][gc,start    ] GC(3430) Pause Remark
[2024-08-15T16:22:57.478+0000][14073.423s][info][gc          ] GC(3430) Pause Remark 7601M->7601M(12288M) 23.578ms
[2024-08-15T16:22:57.478+0000][14073.423s][info][gc,cpu      ] GC(3430) User=0.11s Sys=0.00s Real=0.03s
[2024-08-15T16:22:57.479+0000][14073.423s][info][gc,marking  ] GC(3430) Concurrent Mark 2007.034ms
[2024-08-15T16:22:57.479+0000][14073.423s][info][gc,marking  ] GC(3430) Concurrent Rebuild Remembered Sets
[2024-08-15T16:22:58.336+0000][14074.281s][info][gc,start    ] GC(3431) Pause Young (Normal) (G1 Evacuation Pause)
[2024-08-15T16:22:58.336+0000][14074.281s][info][gc,task     ] GC(3431) Using 6 workers of 6 for evacuation
[2024-08-15T16:22:58.429+0000][14074.374s][info][gc,phases   ] GC(3431)   Pre Evacuate Collection Set: 0.2ms
[2024-08-15T16:22:58.429+0000][14074.374s][info][gc,phases   ] GC(3431)   Merge Heap Roots: 0.8ms
[2024-08-15T16:22:58.429+0000][14074.374s][info][gc,phases   ] GC(3431)   Evacuate Collection Set: 74.7ms
[2024-08-15T16:22:58.429+0000][14074.374s][info][gc,phases   ] GC(3431)   Post Evacuate Collection Set: 17.4ms
[2024-08-15T16:22:58.429+0000][14074.374s][info][gc,phases   ] GC(3431)   Other: 0.2ms
[2024-08-15T16:22:58.429+0000][14074.374s][info][gc,heap     ] GC(3431) Eden regions: 799->0(794)
[2024-08-15T16:22:58.429+0000][14074.374s][info][gc,heap     ] GC(3431) Survivor regions: 13->16(102)
[2024-08-15T16:22:58.429+0000][14074.374s][info][gc,heap     ] GC(3431) Old regions: 350->350
[2024-08-15T16:22:58.429+0000][14074.374s][info][gc,heap     ] GC(3431) Archive regions: 2->2
[2024-08-15T16:22:58.429+0000][14074.374s][info][gc,heap     ] GC(3431) Humongous regions: 50->50
[2024-08-15T16:22:58.429+0000][14074.374s][info][gc,metaspace] GC(3431) Metaspace: 443380K(449600K)->443380K(449600K) NonClass: 388384K(391872K)->388384K(391872K) Class: 54995K(57728K)->54995K(57728K)
[2024-08-15T16:22:58.429+0000][14074.374s][info][gc          ] GC(3431) Pause Young (Normal) (G1 Evacuation Pause) 9693M->3329M(12288M) 93.404ms
[2024-08-15T16:22:58.429+0000][14074.374s][info][gc,cpu      ] GC(3431) User=0.54s Sys=0.00s Real=0.09s
[2024-08-15T16:22:58.764+0000][14074.709s][info][gc,marking  ] GC(3430) Concurrent Rebuild Remembered Sets 1285.577ms
[2024-08-15T16:22:58.764+0000][14074.709s][info][gc,start    ] GC(3430) Pause Cleanup
[2024-08-15T16:22:58.765+0000][14074.710s][info][gc          ] GC(3430) Pause Cleanup 3949M->3949M(12288M) 0.546ms
[2024-08-15T16:22:58.765+0000][14074.710s][info][gc,cpu      ] GC(3430) User=0.00s Sys=0.00s Real=0.00s
[2024-08-15T16:22:58.765+0000][14074.710s][info][gc,marking  ] GC(3430) Concurrent Cleanup for Next Mark
[2024-08-15T16:22:58.782+0000][14074.726s][info][gc,marking  ] GC(3430) Concurrent Cleanup for Next Mark 16.856ms
[2024-08-15T16:22:58.782+0000][14074.727s][info][gc          ] GC(3430) Concurrent Mark Cycle 3347.399ms
[2024-08-15T16:23:01.230+0000][14077.175s][info][gc,start    ] GC(3432) Pause Young (Prepare Mixed) (G1 Evacuation Pause)
[2024-08-15T16:23:01.230+0000][14077.175s][info][gc,task     ] GC(3432) Using 6 workers of 6 for evacuation
[2024-08-15T16:23:01.329+0000][14077.274s][info][gc,phases   ] GC(3432)   Pre Evacuate Collection Set: 0.2ms
[2024-08-15T16:23:01.329+0000][14077.274s][info][gc,phases   ] GC(3432)   Merge Heap Roots: 0.8ms
[2024-08-15T16:23:01.329+0000][14077.274s][info][gc,phases   ] GC(3432)   Evacuate Collection Set: 83.2ms
[2024-08-15T16:23:01.329+0000][14077.274s][info][gc,phases   ] GC(3432)   Post Evacuate Collection Set: 14.2ms
[2024-08-15T16:23:01.329+0000][14077.274s][info][gc,phases   ] GC(3432)   Other: 0.2ms
[2024-08-15T16:23:01.329+0000][14077.274s][info][gc,heap     ] GC(3432) Eden regions: 794->0(57)
[2024-08-15T16:23:01.329+0000][14077.274s][info][gc,heap     ] GC(3432) Survivor regions: 16->19(102)
[2024-08-15T16:23:01.329+0000][14077.274s][info][gc,heap     ] GC(3432) Old regions: 350->350
[2024-08-15T16:23:01.329+0000][14077.274s][info][gc,heap     ] GC(3432) Archive regions: 2->2
[2024-08-15T16:23:01.329+0000][14077.274s][info][gc,heap     ] GC(3432) Humongous regions: 50->50
[2024-08-15T16:23:01.329+0000][14077.274s][info][gc,metaspace] GC(3432) Metaspace: 443380K(449600K)->443380K(449600K) NonClass: 388384K(391872K)->388384K(391872K) Class: 54995K(57728K)->54995K(57728K)
[2024-08-15T16:23:01.329+0000][14077.274s][info][gc          ] GC(3432) Pause Young (Prepare Mixed) (G1 Evacuation Pause) 9681M->3353M(12288M) 98.710ms
[2024-08-15T16:23:01.329+0000][14077.274s][info][gc,cpu      ] GC(3432) User=0.58s Sys=0.00s Real=0.10s
[2024-08-15T16:23:02.084+0000][14078.029s][info][gc,start    ] GC(3433) Pause Young (Mixed) (G1 Evacuation Pause)
[2024-08-15T16:23:02.084+0000][14078.029s][info][gc,task     ] GC(3433) Using 6 workers of 6 for evacuation
[2024-08-15T16:23:02.184+0000][14078.129s][info][gc,phases   ] GC(3433)   Pre Evacuate Collection Set: 0.2ms
[2024-08-15T16:23:02.184+0000][14078.129s][info][gc,phases   ] GC(3433)   Merge Heap Roots: 0.5ms
[2024-08-15T16:23:02.184+0000][14078.129s][info][gc,phases   ] GC(3433)   Evacuate Collection Set: 97.7ms
[2024-08-15T16:23:02.184+0000][14078.129s][info][gc,phases   ] GC(3433)   Post Evacuate Collection Set: 1.4ms
[2024-08-15T16:23:02.184+0000][14078.129s][info][gc,phases   ] GC(3433)   Other: 0.2ms
[2024-08-15T16:23:02.184+0000][14078.129s][info][gc,heap     ] GC(3433) Eden regions: 57->0(802)
[2024-08-15T16:23:02.184+0000][14078.129s][info][gc,heap     ] GC(3433) Survivor regions: 19->6(10)
[2024-08-15T16:23:02.184+0000][14078.129s][info][gc,heap     ] GC(3433) Old regions: 350->354
[2024-08-15T16:23:02.184+0000][14078.129s][info][gc,heap     ] GC(3433) Archive regions: 2->2
[2024-08-15T16:23:02.184+0000][14078.129s][info][gc,heap     ] GC(3433) Humongous regions: 50->50
[2024-08-15T16:23:02.184+0000][14078.129s][info][gc,metaspace] GC(3433) Metaspace: 443380K(449600K)->443380K(449600K) NonClass: 388384K(391872K)->388384K(391872K) Class: 54995K(57728K)->54995K(57728K)
[2024-08-15T16:23:02.184+0000][14078.129s][info][gc          ] GC(3433) Pause Young (Mixed) (G1 Evacuation Pause) 3809M->3281M(12288M) 99.981ms
[2024-08-15T16:23:02.184+0000][14078.129s][info][gc,cpu      ] GC(3433) User=0.58s Sys=0.00s Real=0.10s
[2024-08-15T16:23:08.445+0000][14084.389s][info][gc,start    ] GC(3434) Pause Young (Normal) (G1 Evacuation Pause)
[2024-08-15T16:23:08.445+0000][14084.389s][info][gc,task     ] GC(3434) Using 6 workers of 6 for evacuation
[2024-08-15T16:23:08.460+0000][14084.405s][info][gc,phases   ] GC(3434)   Pre Evacuate Collection Set: 0.2ms
[2024-08-15T16:23:08.460+0000][14084.405s][info][gc,phases   ] GC(3434)   Merge Heap Roots: 0.3ms
[2024-08-15T16:23:08.460+0000][14084.405s][info][gc,phases   ] GC(3434)   Evacuate Collection Set: 12.7ms
[2024-08-15T16:23:08.460+0000][14084.405s][info][gc,phases   ] GC(3434)   Post Evacuate Collection Set: 2.0ms
[2024-08-15T16:23:08.460+0000][14084.405s][info][gc,phases   ] GC(3434)   Other: 0.2ms
[2024-08-15T16:23:08.460+0000][14084.405s][info][gc,heap     ] GC(3434) Eden regions: 802->0(803)
[2024-08-15T16:23:08.460+0000][14084.405s][info][gc,heap     ] GC(3434) Survivor regions: 6->5(101)
[2024-08-15T16:23:08.460+0000][14084.405s][info][gc,heap     ] GC(3434) Old regions: 354->354
[2024-08-15T16:23:08.460+0000][14084.405s][info][gc,heap     ] GC(3434) Archive regions: 2->2
[2024-08-15T16:23:08.460+0000][14084.405s][info][gc,heap     ] GC(3434) Humongous regions: 50->50
[2024-08-15T16:23:08.460+0000][14084.405s][info][gc,metaspace] GC(3434) Metaspace: 443380K(449600K)->443380K(449600K) NonClass: 388384K(391872K)->388384K(391872K) Class: 54995K(57728K)->54995K(57728K)
[2024-08-15T16:23:08.460+0000][14084.405s][info][gc          ] GC(3434) Pause Young (Normal) (G1 Evacuation Pause) 9697M->3273M(12288M) 15.343ms
[2024-08-15T16:23:08.460+0000][14084.405s][info][gc,cpu      ] GC(3434) User=0.09s Sys=0.01s Real=0.01s
[2024-08-15T16:23:13.372+0000][14089.316s][info][gc,start    ] GC(3435) Pause Young (Normal) (G1 Evacuation Pause)
[2024-08-15T16:23:13.372+0000][14089.316s][info][gc,task     ] GC(3435) Using 6 workers of 6 for evacuation
[2024-08-15T16:23:13.389+0000][14089.334s][info][gc,phases   ] GC(3435)   Pre Evacuate Collection Set: 0.2ms
[2024-08-15T16:23:13.389+0000][14089.334s][info][gc,phases   ] GC(3435)   Merge Heap Roots: 0.2ms
[2024-08-15T16:23:13.389+0000][14089.334s][info][gc,phases   ] GC(3435)   Evacuate Collection Set: 15.2ms
[2024-08-15T16:23:13.389+0000][14089.334s][info][gc,phases   ] GC(3435)   Post Evacuate Collection Set: 2.0ms
[2024-08-15T16:23:13.389+0000][14089.334s][info][gc,phases   ] GC(3435)   Other: 0.2ms
[2024-08-15T16:23:13.389+0000][14089.334s][info][gc,heap     ] GC(3435) Eden regions: 803->0(802)
[2024-08-15T16:23:13.389+0000][14089.334s][info][gc,heap     ] GC(3435) Survivor regions: 5->7(101)
[2024-08-15T16:23:13.389+0000][14089.334s][info][gc,heap     ] GC(3435) Old regions: 354->354
[2024-08-15T16:23:13.389+0000][14089.334s][info][gc,heap     ] GC(3435) Archive regions: 2->2
[2024-08-15T16:23:13.389+0000][14089.334s][info][gc,heap     ] GC(3435) Humongous regions: 50->50
[2024-08-15T16:23:13.389+0000][14089.334s][info][gc,metaspace] GC(3435) Metaspace: 443380K(449600K)->443380K(449600K) NonClass: 388384K(391872K)->388384K(391872K) Class: 54995K(57728K)->54995K(57728K)
[2024-08-15T16:23:13.389+0000][14089.334s][info][gc          ] GC(3435) Pause Young (Normal) (G1 Evacuation Pause) 9697M->3286M(12288M) 17.819ms
[2024-08-15T16:23:13.390+0000][14089.334s][info][gc,cpu      ] GC(3435) User=0.10s Sys=0.00s Real=0.02s
[2024-08-15T16:23:17.321+0000][14093.266s][info][gc,start    ] GC(3436) Pause Young (Concurrent Start) (G1 Evacuation Pause)
[2024-08-15T16:23:17.321+0000][14093.266s][info][gc,task     ] GC(3436) Using 6 workers of 6 for evacuation
[2024-08-15T16:23:17.342+0000][14093.287s][info][gc,phases   ] GC(3436)   Pre Evacuate Collection Set: 0.6ms
[2024-08-15T16:23:17.342+0000][14093.287s][info][gc,phases   ] GC(3436)   Merge Heap Roots: 0.2ms
[2024-08-15T16:23:17.342+0000][14093.287s][info][gc,phases   ] GC(3436)   Evacuate Collection Set: 18.0ms
[2024-08-15T16:23:17.342+0000][14093.287s][info][gc,phases   ] GC(3436)   Post Evacuate Collection Set: 1.9ms
[2024-08-15T16:23:17.342+0000][14093.287s][info][gc,phases   ] GC(3436)   Other: 0.3ms
[2024-08-15T16:23:17.342+0000][14093.287s][info][gc,heap     ] GC(3436) Eden regions: 802->0(800)
[2024-08-15T16:23:17.342+0000][14093.287s][info][gc,heap     ] GC(3436) Survivor regions: 7->9(102)
[2024-08-15T16:23:17.342+0000][14093.287s][info][gc,heap     ] GC(3436) Old regions: 354->354
[2024-08-15T16:23:17.342+0000][14093.287s][info][gc,heap     ] GC(3436) Archive regions: 2->2
[2024-08-15T16:23:17.342+0000][14093.287s][info][gc,heap     ] GC(3436) Humongous regions: 50->50
[2024-08-15T16:23:17.342+0000][14093.287s][info][gc,metaspace] GC(3436) Metaspace: 443380K(449600K)->443380K(449600K) NonClass: 388384K(391872K)->388384K(391872K) Class: 54995K(57728K)->54995K(57728K)
[2024-08-15T16:23:17.342+0000][14093.287s][info][gc          ] GC(3436) Pause Young (Concurrent Start) (G1 Evacuation Pause) 9702M->3298M(12288M) 21.068ms
[2024-08-15T16:23:17.342+0000][14093.287s][info][gc,cpu      ] GC(3436) User=0.12s Sys=0.00s Real=0.02s
[2024-08-15T16:23:17.342+0000][14093.287s][info][gc          ] GC(3437) Concurrent Mark Cycle
[2024-08-15T16:23:17.342+0000][14093.287s][info][gc,marking  ] GC(3437) Concurrent Clear Claimed Marks
[2024-08-15T16:23:17.343+0000][14093.287s][info][gc,marking  ] GC(3437) Concurrent Clear Claimed Marks 0.380ms
[2024-08-15T16:23:17.343+0000][14093.287s][info][gc,marking  ] GC(3437) Concurrent Scan Root Regions
[2024-08-15T16:23:17.357+0000][14093.302s][info][gc,marking  ] GC(3437) Concurrent Scan Root Regions 14.251ms
[2024-08-15T16:23:17.357+0000][14093.302s][info][gc,marking  ] GC(3437) Concurrent Mark
[2024-08-15T16:23:17.357+0000][14093.302s][info][gc,marking  ] GC(3437) Concurrent Mark From Roots
[2024-08-15T16:23:17.357+0000][14093.302s][info][gc,task     ] GC(3437) Using 2 workers of 2 for marking
[2024-08-15T16:23:19.325+0000][14095.270s][info][gc,marking  ] GC(3437) Concurrent Mark From Roots 1967.902ms
[2024-08-15T16:23:19.325+0000][14095.270s][info][gc,marking  ] GC(3437) Concurrent Preclean
[2024-08-15T16:23:19.327+0000][14095.271s][info][gc,marking  ] GC(3437) Concurrent Preclean 1.855ms
[2024-08-15T16:23:19.327+0000][14095.272s][info][gc,start    ] GC(3437) Pause Remark
[2024-08-15T16:23:19.351+0000][14095.295s][info][gc          ] GC(3437) Pause Remark 5114M->5106M(12288M) 23.803ms
[2024-08-15T16:23:19.351+0000][14095.296s][info][gc,cpu      ] GC(3437) User=0.10s Sys=0.00s Real=0.02s
[2024-08-15T16:23:19.351+0000][14095.296s][info][gc,marking  ] GC(3437) Concurrent Mark 1994.364ms
[2024-08-15T16:23:19.351+0000][14095.296s][info][gc,marking  ] GC(3437) Concurrent Rebuild Remembered Sets
[2024-08-15T16:23:20.690+0000][14096.635s][info][gc,marking  ] GC(3437) Concurrent Rebuild Remembered Sets 1338.811ms
[2024-08-15T16:23:20.690+0000][14096.635s][info][gc,start    ] GC(3437) Pause Cleanup
[2024-08-15T16:23:20.691+0000][14096.636s][info][gc          ] GC(3437) Pause Cleanup 6498M->6498M(12288M) 0.597ms
[2024-08-15T16:23:20.691+0000][14096.636s][info][gc,cpu      ] GC(3437) User=0.00s Sys=0.00s Real=0.00s
[2024-08-15T16:23:20.691+0000][14096.636s][info][gc,marking  ] GC(3437) Concurrent Cleanup for Next Mark
[2024-08-15T16:23:20.708+0000][14096.653s][info][gc,marking  ] GC(3437) Concurrent Cleanup for Next Mark 17.041ms
[2024-08-15T16:23:20.708+0000][14096.653s][info][gc          ] GC(3437) Concurrent Mark Cycle 3366.003ms
[2024-08-15T16:23:23.458+0000][14099.403s][info][gc,start    ] GC(3438) Pause Young (Prepare Mixed) (G1 Evacuation Pause)
[2024-08-15T16:23:23.458+0000][14099.403s][info][gc,task     ] GC(3438) Using 6 workers of 6 for evacuation
[2024-08-15T16:23:23.485+0000][14099.429s][info][gc,phases   ] GC(3438)   Pre Evacuate Collection Set: 0.2ms
[2024-08-15T16:23:23.485+0000][14099.429s][info][gc,phases   ] GC(3438)   Merge Heap Roots: 0.3ms
[2024-08-15T16:23:23.485+0000][14099.429s][info][gc,phases   ] GC(3438)   Evacuate Collection Set: 23.9ms
[2024-08-15T16:23:23.485+0000][14099.429s][info][gc,phases   ] GC(3438)   Post Evacuate Collection Set: 2.1ms
[2024-08-15T16:23:23.485+0000][14099.429s][info][gc,phases   ] GC(3438)   Other: 0.2ms
[2024-08-15T16:23:23.485+0000][14099.429s][info][gc,heap     ] GC(3438) Eden regions: 800->0(65)
[2024-08-15T16:23:23.485+0000][14099.429s][info][gc,heap     ] GC(3438) Survivor regions: 9->11(102)
[2024-08-15T16:23:23.485+0000][14099.429s][info][gc,heap     ] GC(3438) Old regions: 353->353
[2024-08-15T16:23:23.485+0000][14099.429s][info][gc,heap     ] GC(3438) Archive regions: 2->2
[2024-08-15T16:23:23.485+0000][14099.429s][info][gc,heap     ] GC(3438) Humongous regions: 50->50
[2024-08-15T16:23:23.485+0000][14099.429s][info][gc,metaspace] GC(3438) Metaspace: 443380K(449600K)->443380K(449600K) NonClass: 388384K(391872K)->388384K(391872K) Class: 54995K(57728K)->54995K(57728K)
[2024-08-15T16:23:23.485+0000][14099.429s][info][gc          ] GC(3438) Pause Young (Prepare Mixed) (G1 Evacuation Pause) 9690M->3311M(12288M) 26.776ms
[2024-08-15T16:23:23.485+0000][14099.429s][info][gc,cpu      ] GC(3438) User=0.16s Sys=0.00s Real=0.03s
[2024-08-15T16:23:24.227+0000][14100.172s][info][gc,start    ] GC(3439) Pause Young (Mixed) (G1 Evacuation Pause)
[2024-08-15T16:23:24.227+0000][14100.172s][info][gc,task     ] GC(3439) Using 6 workers of 6 for evacuation
[2024-08-15T16:23:24.275+0000][14100.219s][info][gc,phases   ] GC(3439)   Pre Evacuate Collection Set: 0.2ms
[2024-08-15T16:23:24.275+0000][14100.219s][info][gc,phases   ] GC(3439)   Merge Heap Roots: 0.3ms
[2024-08-15T16:23:24.275+0000][14100.219s][info][gc,phases   ] GC(3439)   Evacuate Collection Set: 45.7ms
[2024-08-15T16:23:24.275+0000][14100.219s][info][gc,phases   ] GC(3439)   Post Evacuate Collection Set: 1.4ms
[2024-08-15T16:23:24.275+0000][14100.219s][info][gc,phases   ] GC(3439)   Other: 0.2ms
[2024-08-15T16:23:24.275+0000][14100.219s][info][gc,heap     ] GC(3439) Eden regions: 65->0(813)
[2024-08-15T16:23:24.275+0000][14100.219s][info][gc,heap     ] GC(3439) Survivor regions: 11->8(10)
[2024-08-15T16:23:24.275+0000][14100.219s][info][gc,heap     ] GC(3439) Old regions: 353->341
[2024-08-15T16:23:24.275+0000][14100.219s][info][gc,heap     ] GC(3439) Archive regions: 2->2
[2024-08-15T16:23:24.275+0000][14100.219s][info][gc,heap     ] GC(3439) Humongous regions: 50->50
[2024-08-15T16:23:24.275+0000][14100.219s][info][gc,metaspace] GC(3439) Metaspace: 443380K(449600K)->443380K(449600K) NonClass: 388384K(391872K)->388384K(391872K) Class: 54995K(57728K)->54995K(57728K)
[2024-08-15T16:23:24.275+0000][14100.219s][info][gc          ] GC(3439) Pause Young (Mixed) (G1 Evacuation Pause) 3831M->3190M(12288M) 47.757ms
[2024-08-15T16:23:24.275+0000][14100.219s][info][gc,cpu      ] GC(3439) User=0.28s Sys=0.00s Real=0.04s
[2024-08-15T16:23:36.343+0000][14112.287s][info][gc,start    ] GC(3440) Pause Young (Normal) (G1 Evacuation Pause)
[2024-08-15T16:23:36.343+0000][14112.287s][info][gc,task     ] GC(3440) Using 6 workers of 6 for evacuation
[2024-08-15T16:23:36.367+0000][14112.312s][info][gc,phases   ] GC(3440)   Pre Evacuate Collection Set: 0.2ms
[2024-08-15T16:23:36.367+0000][14112.312s][info][gc,phases   ] GC(3440)   Merge Heap Roots: 0.3ms
[2024-08-15T16:23:36.367+0000][14112.312s][info][gc,phases   ] GC(3440)   Evacuate Collection Set: 21.9ms
[2024-08-15T16:23:36.367+0000][14112.312s][info][gc,phases   ] GC(3440)   Post Evacuate Collection Set: 2.1ms
[2024-08-15T16:23:36.367+0000][14112.312s][info][gc,phases   ] GC(3440)   Other: 0.2ms
[2024-08-15T16:23:36.367+0000][14112.312s][info][gc,heap     ] GC(3440) Eden regions: 813->0(809)
[2024-08-15T16:23:36.367+0000][14112.312s][info][gc,heap     ] GC(3440) Survivor regions: 8->11(103)
[2024-08-15T16:23:36.367+0000][14112.312s][info][gc,heap     ] GC(3440) Old regions: 341->341
[2024-08-15T16:23:36.367+0000][14112.312s][info][gc,heap     ] GC(3440) Archive regions: 2->2
[2024-08-15T16:23:36.367+0000][14112.312s][info][gc,heap     ] GC(3440) Humongous regions: 50->50
[2024-08-15T16:23:36.367+0000][14112.312s][info][gc,metaspace] GC(3440) Metaspace: 443380K(449600K)->443380K(449600K) NonClass: 388384K(391872K)->388384K(391872K) Class: 54995K(57728K)->54995K(57728K)
[2024-08-15T16:23:36.367+0000][14112.312s][info][gc          ] GC(3440) Pause Young (Normal) (G1 Evacuation Pause) 9694M->3220M(12288M) 24.811ms
[2024-08-15T16:23:36.367+0000][14112.312s][info][gc,cpu      ] GC(3440) User=0.15s Sys=0.00s Real=0.03s
[2024-08-15T16:23:47.947+0000][14123.891s][info][gc,start    ] GC(3441) Pause Young (Normal) (G1 Evacuation Pause)
[2024-08-15T16:23:47.947+0000][14123.891s][info][gc,task     ] GC(3441) Using 6 workers of 6 for evacuation
[2024-08-15T16:23:47.978+0000][14123.923s][info][gc,phases   ] GC(3441)   Pre Evacuate Collection Set: 0.2ms
[2024-08-15T16:23:47.978+0000][14123.923s][info][gc,phases   ] GC(3441)   Merge Heap Roots: 0.3ms
[2024-08-15T16:23:47.978+0000][14123.923s][info][gc,phases   ] GC(3441)   Evacuate Collection Set: 28.8ms
[2024-08-15T16:23:47.978+0000][14123.923s][info][gc,phases   ] GC(3441)   Post Evacuate Collection Set: 2.2ms
[2024-08-15T16:23:47.978+0000][14123.923s][info][gc,phases   ] GC(3441)   Other: 0.2ms
[2024-08-15T16:23:47.978+0000][14123.923s][info][gc,heap     ] GC(3441) Eden regions: 809->0(803)
[2024-08-15T16:23:47.978+0000][14123.923s][info][gc,heap     ] GC(3441) Survivor regions: 11->15(103)
[2024-08-15T16:23:47.978+0000][14123.923s][info][gc,heap     ] GC(3441) Old regions: 341->341
[2024-08-15T16:23:47.978+0000][14123.923s][info][gc,heap     ] GC(3441) Archive regions: 2->2
[2024-08-15T16:23:47.978+0000][14123.923s][info][gc,heap     ] GC(3441) Humongous regions: 50->50
[2024-08-15T16:23:47.978+0000][14123.923s][info][gc,metaspace] GC(3441) Metaspace: 443380K(449600K)->443380K(449600K) NonClass: 388384K(391872K)->388384K(391872K) Class: 54995K(57728K)->54995K(57728K)
[2024-08-15T16:23:47.978+0000][14123.923s][info][gc          ] GC(3441) Pause Young (Normal) (G1 Evacuation Pause) 9692M->3252M(12288M) 31.738ms
[2024-08-15T16:23:47.978+0000][14123.923s][info][gc,cpu      ] GC(3441) User=0.19s Sys=0.00s Real=0.03s
[2024-08-15T16:23:59.759+0000][14135.704s][info][gc,start    ] GC(3442) Pause Young (Concurrent Start) (G1 Evacuation Pause)
[2024-08-15T16:23:59.759+0000][14135.704s][info][gc,task     ] GC(3442) Using 6 workers of 6 for evacuation
[2024-08-15T16:23:59.797+0000][14135.742s][info][gc,phases   ] GC(3442)   Pre Evacuate Collection Set: 0.6ms
[2024-08-15T16:23:59.797+0000][14135.742s][info][gc,phases   ] GC(3442)   Merge Heap Roots: 0.2ms
[2024-08-15T16:23:59.797+0000][14135.742s][info][gc,phases   ] GC(3442)   Evacuate Collection Set: 34.8ms
[2024-08-15T16:23:59.797+0000][14135.742s][info][gc,phases   ] GC(3442)   Post Evacuate Collection Set: 2.2ms
[2024-08-15T16:23:59.797+0000][14135.742s][info][gc,phases   ] GC(3442)   Other: 0.3ms
[2024-08-15T16:23:59.797+0000][14135.742s][info][gc,heap     ] GC(3442) Eden regions: 803->0(797)
[2024-08-15T16:23:59.797+0000][14135.742s][info][gc,heap     ] GC(3442) Survivor regions: 15->19(103)
[2024-08-15T16:23:59.797+0000][14135.742s][info][gc,heap     ] GC(3442) Old regions: 341->341
[2024-08-15T16:23:59.797+0000][14135.742s][info][gc,heap     ] GC(3442) Archive regions: 2->2
[2024-08-15T16:23:59.797+0000][14135.742s][info][gc,heap     ] GC(3442) Humongous regions: 50->50
[2024-08-15T16:23:59.797+0000][14135.742s][info][gc,metaspace] GC(3442) Metaspace: 443380K(449600K)->443380K(449600K) NonClass: 388384K(391872K)->388384K(391872K) Class: 54995K(57728K)->54995K(57728K)
[2024-08-15T16:23:59.797+0000][14135.742s][info][gc          ] GC(3442) Pause Young (Concurrent Start) (G1 Evacuation Pause) 9676M->3279M(12288M) 38.086ms
[2024-08-15T16:23:59.798+0000][14135.742s][info][gc,cpu      ] GC(3442) User=0.20s Sys=0.01s Real=0.04s
[2024-08-15T16:23:59.798+0000][14135.742s][info][gc          ] GC(3443) Concurrent Mark Cycle
[2024-08-15T16:23:59.798+0000][14135.742s][info][gc,marking  ] GC(3443) Concurrent Clear Claimed Marks
[2024-08-15T16:23:59.798+0000][14135.743s][info][gc,marking  ] GC(3443) Concurrent Clear Claimed Marks 0.394ms
[2024-08-15T16:23:59.798+0000][14135.743s][info][gc,marking  ] GC(3443) Concurrent Scan Root Regions
[2024-08-15T16:23:59.824+0000][14135.768s][info][gc,marking  ] GC(3443) Concurrent Scan Root Regions 25.751ms
[2024-08-15T16:23:59.824+0000][14135.768s][info][gc,marking  ] GC(3443) Concurrent Mark
[2024-08-15T16:23:59.824+0000][14135.768s][info][gc,marking  ] GC(3443) Concurrent Mark From Roots
[2024-08-15T16:23:59.824+0000][14135.768s][info][gc,task     ] GC(3443) Using 2 workers of 2 for marking
[2024-08-15T16:24:01.876+0000][14137.821s][info][gc,marking  ] GC(3443) Concurrent Mark From Roots 2052.652ms
[2024-08-15T16:24:01.876+0000][14137.821s][info][gc,marking  ] GC(3443) Concurrent Preclean
[2024-08-15T16:24:01.878+0000][14137.823s][info][gc,marking  ] GC(3443) Concurrent Preclean 1.806ms
[2024-08-15T16:24:01.878+0000][14137.823s][info][gc,start    ] GC(3443) Pause Remark
[2024-08-15T16:24:01.902+0000][14137.847s][info][gc          ] GC(3443) Pause Remark 4387M->4387M(12288M) 23.665ms
[2024-08-15T16:24:01.902+0000][14137.847s][info][gc,cpu      ] GC(3443) User=0.10s Sys=0.00s Real=0.02s
[2024-08-15T16:24:01.902+0000][14137.847s][info][gc,marking  ] GC(3443) Concurrent Mark 2078.536ms
[2024-08-15T16:24:01.902+0000][14137.847s][info][gc,marking  ] GC(3443) Concurrent Rebuild Remembered Sets
[2024-08-15T16:24:03.048+0000][14138.993s][info][gc,marking  ] GC(3443) Concurrent Rebuild Remembered Sets 1146.156ms
[2024-08-15T16:24:03.049+0000][14138.993s][info][gc,start    ] GC(3443) Pause Cleanup
[2024-08-15T16:24:03.049+0000][14138.994s][info][gc          ] GC(3443) Pause Cleanup 5019M->5019M(12288M) 0.618ms
[2024-08-15T16:24:03.049+0000][14138.994s][info][gc,cpu      ] GC(3443) User=0.00s Sys=0.00s Real=0.00s
[2024-08-15T16:24:03.049+0000][14138.994s][info][gc,marking  ] GC(3443) Concurrent Cleanup for Next Mark
[2024-08-15T16:24:03.067+0000][14139.011s][info][gc,marking  ] GC(3443) Concurrent Cleanup for Next Mark 17.442ms
[2024-08-15T16:24:03.067+0000][14139.011s][info][gc          ] GC(3443) Concurrent Mark Cycle 3269.344ms
[2024-08-15T16:24:10.541+0000][14146.485s][info][gc,start    ] GC(3444) Pause Young (Prepare Mixed) (G1 Evacuation Pause)
[2024-08-15T16:24:10.541+0000][14146.485s][info][gc,task     ] GC(3444) Using 6 workers of 6 for evacuation
[2024-08-15T16:24:10.582+0000][14146.526s][info][gc,phases   ] GC(3444)   Pre Evacuate Collection Set: 0.2ms
[2024-08-15T16:24:10.582+0000][14146.526s][info][gc,phases   ] GC(3444)   Merge Heap Roots: 0.3ms
[2024-08-15T16:24:10.582+0000][14146.526s][info][gc,phases   ] GC(3444)   Evacuate Collection Set: 38.2ms
[2024-08-15T16:24:10.582+0000][14146.526s][info][gc,phases   ] GC(3444)   Post Evacuate Collection Set: 2.2ms
[2024-08-15T16:24:10.582+0000][14146.526s][info][gc,phases   ] GC(3444)   Other: 0.2ms
[2024-08-15T16:24:10.582+0000][14146.526s][info][gc,heap     ] GC(3444) Eden regions: 797->0(56)
[2024-08-15T16:24:10.582+0000][14146.526s][info][gc,heap     ] GC(3444) Survivor regions: 19->20(102)
[2024-08-15T16:24:10.582+0000][14146.526s][info][gc,heap     ] GC(3444) Old regions: 341->341
[2024-08-15T16:24:10.582+0000][14146.526s][info][gc,heap     ] GC(3444) Archive regions: 2->2
[2024-08-15T16:24:10.582+0000][14146.526s][info][gc,heap     ] GC(3444) Humongous regions: 50->50
[2024-08-15T16:24:10.582+0000][14146.526s][info][gc,metaspace] GC(3444) Metaspace: 443380K(449600K)->443380K(449600K) NonClass: 388384K(391872K)->388384K(391872K) Class: 54995K(57728K)->54995K(57728K)
[2024-08-15T16:24:10.582+0000][14146.526s][info][gc          ] GC(3444) Pause Young (Prepare Mixed) (G1 Evacuation Pause) 9655M->3292M(12288M) 41.175ms
[2024-08-15T16:24:10.582+0000][14146.526s][info][gc,cpu      ] GC(3444) User=0.24s Sys=0.00s Real=0.04s
[2024-08-15T16:24:11.384+0000][14147.329s][info][gc,start    ] GC(3445) Pause Young (Mixed) (G1 Evacuation Pause)
[2024-08-15T16:24:11.384+0000][14147.329s][info][gc,task     ] GC(3445) Using 6 workers of 6 for evacuation
[2024-08-15T16:24:11.465+0000][14147.410s][info][gc,phases   ] GC(3445)   Pre Evacuate Collection Set: 0.2ms
[2024-08-15T16:24:11.465+0000][14147.410s][info][gc,phases   ] GC(3445)   Merge Heap Roots: 0.4ms
[2024-08-15T16:24:11.465+0000][14147.410s][info][gc,phases   ] GC(3445)   Evacuate Collection Set: 78.9ms
[2024-08-15T16:24:11.465+0000][14147.410s][info][gc,phases   ] GC(3445)   Post Evacuate Collection Set: 1.4ms
[2024-08-15T16:24:11.465+0000][14147.410s][info][gc,phases   ] GC(3445)   Other: 0.2ms
[2024-08-15T16:24:11.465+0000][14147.410s][info][gc,heap     ] GC(3445) Eden regions: 56->0(807)
[2024-08-15T16:24:11.465+0000][14147.410s][info][gc,heap     ] GC(3445) Survivor regions: 20->3(10)
[2024-08-15T16:24:11.465+0000][14147.410s][info][gc,heap     ] GC(3445) Old regions: 341->347
[2024-08-15T16:24:11.465+0000][14147.410s][info][gc,heap     ] GC(3445) Archive regions: 2->2
[2024-08-15T16:24:11.465+0000][14147.410s][info][gc,heap     ] GC(3445) Humongous regions: 50->50
[2024-08-15T16:24:11.465+0000][14147.410s][info][gc,metaspace] GC(3445) Metaspace: 443380K(449600K)->443380K(449600K) NonClass: 388384K(391872K)->388384K(391872K) Class: 54995K(57728K)->54995K(57728K)
[2024-08-15T16:24:11.465+0000][14147.410s][info][gc          ] GC(3445) Pause Young (Mixed) (G1 Evacuation Pause) 3740M->3204M(12288M) 81.150ms
[2024-08-15T16:24:11.465+0000][14147.410s][info][gc,cpu      ] GC(3445) User=0.48s Sys=0.00s Real=0.08s
[2024-08-15T16:24:22.125+0000][14158.070s][info][gc,start    ] GC(3446) Pause Young (Normal) (G1 Evacuation Pause)
[2024-08-15T16:24:22.125+0000][14158.070s][info][gc,task     ] GC(3446) Using 6 workers of 6 for evacuation
[2024-08-15T16:24:22.143+0000][14158.088s][info][gc,phases   ] GC(3446)   Pre Evacuate Collection Set: 0.2ms
[2024-08-15T16:24:22.144+0000][14158.088s][info][gc,phases   ] GC(3446)   Merge Heap Roots: 0.2ms
[2024-08-15T16:24:22.144+0000][14158.088s][info][gc,phases   ] GC(3446)   Evacuate Collection Set: 15.6ms
[2024-08-15T16:24:22.144+0000][14158.088s][info][gc,phases   ] GC(3446)   Post Evacuate Collection Set: 2.1ms
[2024-08-15T16:24:22.144+0000][14158.088s][info][gc,phases   ] GC(3446)   Other: 0.2ms
[2024-08-15T16:24:22.144+0000][14158.088s][info][gc,heap     ] GC(3446) Eden regions: 807->0(805)
[2024-08-15T16:24:22.144+0000][14158.088s][info][gc,heap     ] GC(3446) Survivor regions: 3->6(102)
[2024-08-15T16:24:22.144+0000][14158.088s][info][gc,heap     ] GC(3446) Old regions: 347->347
[2024-08-15T16:24:22.144+0000][14158.088s][info][gc,heap     ] GC(3446) Archive regions: 2->2
[2024-08-15T16:24:22.144+0000][14158.088s][info][gc,heap     ] GC(3446) Humongous regions: 50->50
[2024-08-15T16:24:22.144+0000][14158.088s][info][gc,metaspace] GC(3446) Metaspace: 443380K(449600K)->443380K(449600K) NonClass: 388384K(391872K)->388384K(391872K) Class: 54995K(57728K)->54995K(57728K)
[2024-08-15T16:24:22.144+0000][14158.088s][info][gc          ] GC(3446) Pause Young (Normal) (G1 Evacuation Pause) 9660M->3223M(12288M) 18.381ms
[2024-08-15T16:24:22.144+0000][14158.088s][info][gc,cpu      ] GC(3446) User=0.11s Sys=0.00s Real=0.02s
[2024-08-15T16:24:32.520+0000][14168.465s][info][gc,start    ] GC(3447) Pause Young (Normal) (G1 Evacuation Pause)
[2024-08-15T16:24:32.521+0000][14168.465s][info][gc,task     ] GC(3447) Using 6 workers of 6 for evacuation
[2024-08-15T16:24:32.545+0000][14168.489s][info][gc,phases   ] GC(3447)   Pre Evacuate Collection Set: 0.2ms
[2024-08-15T16:24:32.545+0000][14168.489s][info][gc,phases   ] GC(3447)   Merge Heap Roots: 0.3ms
[2024-08-15T16:24:32.545+0000][14168.489s][info][gc,phases   ] GC(3447)   Evacuate Collection Set: 21.6ms
[2024-08-15T16:24:32.545+0000][14168.489s][info][gc,phases   ] GC(3447)   Post Evacuate Collection Set: 2.2ms
[2024-08-15T16:24:32.545+0000][14168.489s][info][gc,phases   ] GC(3447)   Other: 0.2ms
[2024-08-15T16:24:32.545+0000][14168.489s][info][gc,heap     ] GC(3447) Eden regions: 805->0(802)
[2024-08-15T16:24:32.545+0000][14168.490s][info][gc,heap     ] GC(3447) Survivor regions: 6->9(102)
[2024-08-15T16:24:32.545+0000][14168.490s][info][gc,heap     ] GC(3447) Old regions: 347->347
[2024-08-15T16:24:32.545+0000][14168.490s][info][gc,heap     ] GC(3447) Archive regions: 2->2
[2024-08-15T16:24:32.545+0000][14168.490s][info][gc,heap     ] GC(3447) Humongous regions: 50->50
[2024-08-15T16:24:32.545+0000][14168.490s][info][gc,metaspace] GC(3447) Metaspace: 443404K(449600K)->443404K(449600K) NonClass: 388408K(391872K)->388408K(391872K) Class: 54995K(57728K)->54995K(57728K)
[2024-08-15T16:24:32.545+0000][14168.490s][info][gc          ] GC(3447) Pause Young (Normal) (G1 Evacuation Pause) 9663M->3250M(12288M) 24.464ms
[2024-08-15T16:24:32.545+0000][14168.490s][info][gc,cpu      ] GC(3447) User=0.13s Sys=0.01s Real=0.03s
[2024-08-15T16:24:43.626+0000][14179.571s][info][gc,start    ] GC(3448) Pause Young (Concurrent Start) (G1 Evacuation Pause)
[2024-08-15T16:24:43.626+0000][14179.571s][info][gc,task     ] GC(3448) Using 6 workers of 6 for evacuation
[2024-08-15T16:24:43.662+0000][14179.607s][info][gc,phases   ] GC(3448)   Pre Evacuate Collection Set: 0.5ms
[2024-08-15T16:24:43.662+0000][14179.607s][info][gc,phases   ] GC(3448)   Merge Heap Roots: 0.3ms
[2024-08-15T16:24:43.662+0000][14179.607s][info][gc,phases   ] GC(3448)   Evacuate Collection Set: 33.3ms
[2024-08-15T16:24:43.662+0000][14179.607s][info][gc,phases   ] GC(3448)   Post Evacuate Collection Set: 2.1ms
[2024-08-15T16:24:43.662+0000][14179.607s][info][gc,phases   ] GC(3448)   Other: 0.3ms
[2024-08-15T16:24:43.662+0000][14179.607s][info][gc,heap     ] GC(3448) Eden regions: 802->0(799)
[2024-08-15T16:24:43.662+0000][14179.607s][info][gc,heap     ] GC(3448) Survivor regions: 9->13(102)
[2024-08-15T16:24:43.662+0000][14179.607s][info][gc,heap     ] GC(3448) Old regions: 347->347
[2024-08-15T16:24:43.663+0000][14179.607s][info][gc,heap     ] GC(3448) Archive regions: 2->2
[2024-08-15T16:24:43.663+0000][14179.607s][info][gc,heap     ] GC(3448) Humongous regions: 50->50
[2024-08-15T16:24:43.663+0000][14179.607s][info][gc,metaspace] GC(3448) Metaspace: 443408K(449600K)->443408K(449600K) NonClass: 388412K(391872K)->388412K(391872K) Class: 54995K(57728K)->54995K(57728K)
[2024-08-15T16:24:43.663+0000][14179.607s][info][gc          ] GC(3448) Pause Young (Concurrent Start) (G1 Evacuation Pause) 9666M->3282M(12288M) 36.517ms
[2024-08-15T16:24:43.663+0000][14179.607s][info][gc,cpu      ] GC(3448) User=0.21s Sys=0.00s Real=0.03s
[2024-08-15T16:24:43.663+0000][14179.607s][info][gc          ] GC(3449) Concurrent Mark Cycle
[2024-08-15T16:24:43.663+0000][14179.607s][info][gc,marking  ] GC(3449) Concurrent Clear Claimed Marks
[2024-08-15T16:24:43.663+0000][14179.608s][info][gc,marking  ] GC(3449) Concurrent Clear Claimed Marks 0.383ms
[2024-08-15T16:24:43.663+0000][14179.608s][info][gc,marking  ] GC(3449) Concurrent Scan Root Regions
[2024-08-15T16:24:43.691+0000][14179.635s][info][gc,marking  ] GC(3449) Concurrent Scan Root Regions 27.738ms
[2024-08-15T16:24:43.691+0000][14179.635s][info][gc,marking  ] GC(3449) Concurrent Mark
[2024-08-15T16:24:43.691+0000][14179.635s][info][gc,marking  ] GC(3449) Concurrent Mark From Roots
[2024-08-15T16:24:43.691+0000][14179.635s][info][gc,task     ] GC(3449) Using 2 workers of 2 for marking
[2024-08-15T16:24:46.089+0000][14182.033s][info][gc,marking  ] GC(3449) Concurrent Mark From Roots 2398.010ms
[2024-08-15T16:24:46.089+0000][14182.033s][info][gc,marking  ] GC(3449) Concurrent Preclean
[2024-08-15T16:24:46.090+0000][14182.035s][info][gc,marking  ] GC(3449) Concurrent Preclean 1.616ms
[2024-08-15T16:24:46.091+0000][14182.035s][info][gc,start    ] GC(3449) Pause Remark
[2024-08-15T16:24:46.114+0000][14182.059s][info][gc          ] GC(3449) Pause Remark 4618M->4618M(12288M) 23.463ms
[2024-08-15T16:24:46.114+0000][14182.059s][info][gc,cpu      ] GC(3449) User=0.10s Sys=0.00s Real=0.02s
[2024-08-15T16:24:46.115+0000][14182.060s][info][gc,marking  ] GC(3449) Concurrent Mark 2424.081ms
[2024-08-15T16:24:46.115+0000][14182.060s][info][gc,marking  ] GC(3449) Concurrent Rebuild Remembered Sets
[2024-08-15T16:24:47.204+0000][14183.149s][info][gc,marking  ] GC(3449) Concurrent Rebuild Remembered Sets 1089.389ms
[2024-08-15T16:24:47.204+0000][14183.149s][info][gc,start    ] GC(3449) Pause Cleanup
[2024-08-15T16:24:47.205+0000][14183.150s][info][gc          ] GC(3449) Pause Cleanup 5202M->5202M(12288M) 0.610ms
[2024-08-15T16:24:47.205+0000][14183.150s][info][gc,cpu      ] GC(3449) User=0.00s Sys=0.00s Real=0.00s
[2024-08-15T16:24:47.205+0000][14183.150s][info][gc,marking  ] GC(3449) Concurrent Cleanup for Next Mark
[2024-08-15T16:24:47.222+0000][14183.167s][info][gc,marking  ] GC(3449) Concurrent Cleanup for Next Mark 17.065ms
[2024-08-15T16:24:47.222+0000][14183.167s][info][gc          ] GC(3449) Concurrent Mark Cycle 3559.672ms
[2024-08-15T16:24:54.913+0000][14190.858s][info][gc,start    ] GC(3450) Pause Young (Prepare Mixed) (G1 Evacuation Pause)
[2024-08-15T16:24:54.913+0000][14190.858s][info][gc,task     ] GC(3450) Using 6 workers of 6 for evacuation
[2024-08-15T16:24:54.951+0000][14190.895s][info][gc,phases   ] GC(3450)   Pre Evacuate Collection Set: 0.2ms
[2024-08-15T16:24:54.951+0000][14190.895s][info][gc,phases   ] GC(3450)   Merge Heap Roots: 0.4ms
[2024-08-15T16:24:54.951+0000][14190.895s][info][gc,phases   ] GC(3450)   Evacuate Collection Set: 34.4ms
[2024-08-15T16:24:54.951+0000][14190.895s][info][gc,phases   ] GC(3450)   Post Evacuate Collection Set: 2.2ms
[2024-08-15T16:24:54.951+0000][14190.895s][info][gc,phases   ] GC(3450)   Other: 0.2ms
[2024-08-15T16:24:54.951+0000][14190.895s][info][gc,heap     ] GC(3450) Eden regions: 799->0(60)
[2024-08-15T16:24:54.951+0000][14190.895s][info][gc,heap     ] GC(3450) Survivor regions: 13->16(102)
[2024-08-15T16:24:54.951+0000][14190.895s][info][gc,heap     ] GC(3450) Old regions: 347->347
[2024-08-15T16:24:54.951+0000][14190.895s][info][gc,heap     ] GC(3450) Archive regions: 2->2
[2024-08-15T16:24:54.951+0000][14190.895s][info][gc,heap     ] GC(3450) Humongous regions: 50->50
[2024-08-15T16:24:54.951+0000][14190.895s][info][gc,metaspace] GC(3450) Metaspace: 443408K(449600K)->443408K(449600K) NonClass: 388412K(391872K)->388412K(391872K) Class: 54995K(57728K)->54995K(57728K)
[2024-08-15T16:24:54.951+0000][14190.895s][info][gc          ] GC(3450) Pause Young (Prepare Mixed) (G1 Evacuation Pause) 9674M->3308M(12288M) 37.410ms
[2024-08-15T16:24:54.951+0000][14190.896s][info][gc,cpu      ] GC(3450) User=0.22s Sys=0.00s Real=0.04s
[2024-08-15T16:24:55.768+0000][14191.713s][info][gc,start    ] GC(3451) Pause Young (Mixed) (G1 Evacuation Pause)
[2024-08-15T16:24:55.769+0000][14191.713s][info][gc,task     ] GC(3451) Using 6 workers of 6 for evacuation
[2024-08-15T16:24:55.844+0000][14191.788s][info][gc,phases   ] GC(3451)   Pre Evacuate Collection Set: 0.2ms
[2024-08-15T16:24:55.844+0000][14191.788s][info][gc,phases   ] GC(3451)   Merge Heap Roots: 0.5ms
[2024-08-15T16:24:55.844+0000][14191.788s][info][gc,phases   ] GC(3451)   Evacuate Collection Set: 72.9ms
[2024-08-15T16:24:55.844+0000][14191.788s][info][gc,phases   ] GC(3451)   Post Evacuate Collection Set: 1.5ms
[2024-08-15T16:24:55.844+0000][14191.788s][info][gc,phases   ] GC(3451)   Other: 0.2ms
[2024-08-15T16:24:55.844+0000][14191.788s][info][gc,heap     ] GC(3451) Eden regions: 60->0(807)
[2024-08-15T16:24:55.844+0000][14191.788s][info][gc,heap     ] GC(3451) Survivor regions: 16->3(10)
[2024-08-15T16:24:55.844+0000][14191.788s][info][gc,heap     ] GC(3451) Old regions: 347->348
[2024-08-15T16:24:55.844+0000][14191.788s][info][gc,heap     ] GC(3451) Archive regions: 2->2
[2024-08-15T16:24:55.844+0000][14191.788s][info][gc,heap     ] GC(3451) Humongous regions: 50->50
[2024-08-15T16:24:55.844+0000][14191.788s][info][gc,metaspace] GC(3451) Metaspace: 443408K(449600K)->443408K(449600K) NonClass: 388412K(391872K)->388412K(391872K) Class: 54995K(57728K)->54995K(57728K)
[2024-08-15T16:24:55.844+0000][14191.788s][info][gc          ] GC(3451) Pause Young (Mixed) (G1 Evacuation Pause) 3788M->3207M(12288M) 75.335ms
[2024-08-15T16:24:55.844+0000][14191.788s][info][gc,cpu      ] GC(3451) User=0.44s Sys=0.00s Real=0.08s
[2024-08-15T16:25:06.812+0000][14202.757s][info][gc,start    ] GC(3452) Pause Young (Normal) (G1 Evacuation Pause)
[2024-08-15T16:25:06.812+0000][14202.757s][info][gc,task     ] GC(3452) Using 6 workers of 6 for evacuation
[2024-08-15T16:25:06.833+0000][14202.778s][info][gc,phases   ] GC(3452)   Pre Evacuate Collection Set: 0.2ms
[2024-08-15T16:25:06.833+0000][14202.778s][info][gc,phases   ] GC(3452)   Merge Heap Roots: 0.2ms
[2024-08-15T16:25:06.833+0000][14202.778s][info][gc,phases   ] GC(3452)   Evacuate Collection Set: 18.3ms
[2024-08-15T16:25:06.833+0000][14202.778s][info][gc,phases   ] GC(3452)   Post Evacuate Collection Set: 2.3ms
[2024-08-15T16:25:06.833+0000][14202.778s][info][gc,phases   ] GC(3452)   Other: 0.2ms
[2024-08-15T16:25:06.833+0000][14202.778s][info][gc,heap     ] GC(3452) Eden regions: 807->0(804)
[2024-08-15T16:25:06.833+0000][14202.778s][info][gc,heap     ] GC(3452) Survivor regions: 3->6(102)
[2024-08-15T16:25:06.833+0000][14202.778s][info][gc,heap     ] GC(3452) Old regions: 348->348
[2024-08-15T16:25:06.833+0000][14202.778s][info][gc,heap     ] GC(3452) Archive regions: 2->2
[2024-08-15T16:25:06.833+0000][14202.778s][info][gc,heap     ] GC(3452) Humongous regions: 50->50
[2024-08-15T16:25:06.833+0000][14202.778s][info][gc,metaspace] GC(3452) Metaspace: 443410K(449600K)->443410K(449600K) NonClass: 388415K(391872K)->388415K(391872K) Class: 54995K(57728K)->54995K(57728K)
[2024-08-15T16:25:06.833+0000][14202.778s][info][gc          ] GC(3452) Pause Young (Normal) (G1 Evacuation Pause) 9663M->3229M(12288M) 21.256ms
[2024-08-15T16:25:06.834+0000][14202.778s][info][gc,cpu      ] GC(3452) User=0.12s Sys=0.00s Real=0.02s
[2024-08-15T16:25:17.165+0000][14213.110s][info][gc,start    ] GC(3453) Pause Young (Normal) (G1 Evacuation Pause)
[2024-08-15T16:25:17.165+0000][14213.110s][info][gc,task     ] GC(3453) Using 6 workers of 6 for evacuation
[2024-08-15T16:25:17.193+0000][14213.137s][info][gc,phases   ] GC(3453)   Pre Evacuate Collection Set: 0.2ms
[2024-08-15T16:25:17.193+0000][14213.137s][info][gc,phases   ] GC(3453)   Merge Heap Roots: 0.2ms
[2024-08-15T16:25:17.193+0000][14213.137s][info][gc,phases   ] GC(3453)   Evacuate Collection Set: 24.4ms
[2024-08-15T16:25:17.193+0000][14213.137s][info][gc,phases   ] GC(3453)   Post Evacuate Collection Set: 2.3ms
[2024-08-15T16:25:17.193+0000][14213.137s][info][gc,phases   ] GC(3453)   Other: 0.2ms
[2024-08-15T16:25:17.193+0000][14213.137s][info][gc,heap     ] GC(3453) Eden regions: 804->0(801)
[2024-08-15T16:25:17.193+0000][14213.137s][info][gc,heap     ] GC(3453) Survivor regions: 6->9(102)
[2024-08-15T16:25:17.193+0000][14213.137s][info][gc,heap     ] GC(3453) Old regions: 348->348
[2024-08-15T16:25:17.193+0000][14213.137s][info][gc,heap     ] GC(3453) Archive regions: 2->2
[2024-08-15T16:25:17.193+0000][14213.137s][info][gc,heap     ] GC(3453) Humongous regions: 50->50
[2024-08-15T16:25:17.193+0000][14213.137s][info][gc,metaspace] GC(3453) Metaspace: 443410K(449600K)->443410K(449600K) NonClass: 388415K(391872K)->388415K(391872K) Class: 54995K(57728K)->54995K(57728K)
[2024-08-15T16:25:17.193+0000][14213.137s][info][gc          ] GC(3453) Pause Young (Normal) (G1 Evacuation Pause) 9661M->3252M(12288M) 27.439ms
[2024-08-15T16:25:17.193+0000][14213.137s][info][gc,cpu      ] GC(3453) User=0.16s Sys=0.00s Real=0.02s
[2024-08-15T16:25:28.193+0000][14224.138s][info][gc,start    ] GC(3454) Pause Young (Concurrent Start) (G1 Evacuation Pause)
[2024-08-15T16:25:28.193+0000][14224.138s][info][gc,task     ] GC(3454) Using 6 workers of 6 for evacuation
[2024-08-15T16:25:28.224+0000][14224.169s][info][gc,phases   ] GC(3454)   Pre Evacuate Collection Set: 0.6ms
[2024-08-15T16:25:28.224+0000][14224.169s][info][gc,phases   ] GC(3454)   Merge Heap Roots: 0.2ms
[2024-08-15T16:25:28.224+0000][14224.169s][info][gc,phases   ] GC(3454)   Evacuate Collection Set: 27.9ms
[2024-08-15T16:25:28.224+0000][14224.169s][info][gc,phases   ] GC(3454)   Post Evacuate Collection Set: 2.1ms
[2024-08-15T16:25:28.224+0000][14224.169s][info][gc,phases   ] GC(3454)   Other: 0.3ms
[2024-08-15T16:25:28.224+0000][14224.169s][info][gc,heap     ] GC(3454) Eden regions: 801->0(797)
[2024-08-15T16:25:28.224+0000][14224.169s][info][gc,heap     ] GC(3454) Survivor regions: 9->13(102)
[2024-08-15T16:25:28.224+0000][14224.169s][info][gc,heap     ] GC(3454) Old regions: 348->348
[2024-08-15T16:25:28.224+0000][14224.169s][info][gc,heap     ] GC(3454) Archive regions: 2->2
[2024-08-15T16:25:28.224+0000][14224.169s][info][gc,heap     ] GC(3454) Humongous regions: 50->50
[2024-08-15T16:25:28.224+0000][14224.169s][info][gc,metaspace] GC(3454) Metaspace: 443410K(449600K)->443410K(449600K) NonClass: 388415K(391872K)->388415K(391872K) Class: 54995K(57728K)->54995K(57728K)
[2024-08-15T16:25:28.224+0000][14224.169s][info][gc          ] GC(3454) Pause Young (Concurrent Start) (G1 Evacuation Pause) 9660M->3285M(12288M) 31.106ms
[2024-08-15T16:25:28.224+0000][14224.169s][info][gc,cpu      ] GC(3454) User=0.18s Sys=0.00s Real=0.04s
[2024-08-15T16:25:28.224+0000][14224.169s][info][gc          ] GC(3455) Concurrent Mark Cycle
[2024-08-15T16:25:28.224+0000][14224.169s][info][gc,marking  ] GC(3455) Concurrent Clear Claimed Marks
[2024-08-15T16:25:28.225+0000][14224.169s][info][gc,marking  ] GC(3455) Concurrent Clear Claimed Marks 0.364ms
[2024-08-15T16:25:28.225+0000][14224.169s][info][gc,marking  ] GC(3455) Concurrent Scan Root Regions
[2024-08-15T16:25:28.253+0000][14224.198s][info][gc,marking  ] GC(3455) Concurrent Scan Root Regions 28.288ms
[2024-08-15T16:25:28.253+0000][14224.198s][info][gc,marking  ] GC(3455) Concurrent Mark
[2024-08-15T16:25:28.253+0000][14224.198s][info][gc,marking  ] GC(3455) Concurrent Mark From Roots
[2024-08-15T16:25:28.253+0000][14224.198s][info][gc,task     ] GC(3455) Using 2 workers of 2 for marking
[2024-08-15T16:25:30.149+0000][14226.094s][info][gc,marking  ] GC(3455) Concurrent Mark From Roots 1895.990ms
[2024-08-15T16:25:30.149+0000][14226.094s][info][gc,marking  ] GC(3455) Concurrent Preclean
[2024-08-15T16:25:30.151+0000][14226.095s][info][gc,marking  ] GC(3455) Concurrent Preclean 1.603ms
[2024-08-15T16:25:30.151+0000][14226.095s][info][gc,start    ] GC(3455) Pause Remark
[2024-08-15T16:25:30.174+0000][14226.119s][info][gc          ] GC(3455) Pause Remark 4353M->4353M(12288M) 23.563ms
[2024-08-15T16:25:30.174+0000][14226.119s][info][gc,cpu      ] GC(3455) User=0.10s Sys=0.00s Real=0.02s
[2024-08-15T16:25:30.175+0000][14226.119s][info][gc,marking  ] GC(3455) Concurrent Mark 1921.514ms
[2024-08-15T16:25:30.175+0000][14226.119s][info][gc,marking  ] GC(3455) Concurrent Rebuild Remembered Sets
[2024-08-15T16:25:31.293+0000][14227.238s][info][gc,marking  ] GC(3455) Concurrent Rebuild Remembered Sets 1118.274ms
[2024-08-15T16:25:31.293+0000][14227.238s][info][gc,start    ] GC(3455) Pause Cleanup
[2024-08-15T16:25:31.294+0000][14227.238s][info][gc          ] GC(3455) Pause Cleanup 4985M->4985M(12288M) 0.582ms
[2024-08-15T16:25:31.294+0000][14227.238s][info][gc,cpu      ] GC(3455) User=0.00s Sys=0.01s Real=0.00s
[2024-08-15T16:25:31.294+0000][14227.238s][info][gc,marking  ] GC(3455) Concurrent Cleanup for Next Mark
[2024-08-15T16:25:31.310+0000][14227.255s][info][gc,marking  ] GC(3455) Concurrent Cleanup for Next Mark 16.527ms
[2024-08-15T16:25:31.310+0000][14227.255s][info][gc          ] GC(3455) Concurrent Mark Cycle 3085.988ms
[2024-08-15T16:25:39.298+0000][14235.243s][info][gc,start    ] GC(3456) Pause Young (Prepare Mixed) (G1 Evacuation Pause)
[2024-08-15T16:25:39.298+0000][14235.243s][info][gc,task     ] GC(3456) Using 6 workers of 6 for evacuation
[2024-08-15T16:25:39.334+0000][14235.278s][info][gc,phases   ] GC(3456)   Pre Evacuate Collection Set: 0.2ms
[2024-08-15T16:25:39.334+0000][14235.278s][info][gc,phases   ] GC(3456)   Merge Heap Roots: 0.3ms
[2024-08-15T16:25:39.334+0000][14235.278s][info][gc,phases   ] GC(3456)   Evacuate Collection Set: 32.7ms
[2024-08-15T16:25:39.334+0000][14235.278s][info][gc,phases   ] GC(3456)   Post Evacuate Collection Set: 2.2ms
[2024-08-15T16:25:39.334+0000][14235.278s][info][gc,phases   ] GC(3456)   Other: 0.2ms
[2024-08-15T16:25:39.334+0000][14235.278s][info][gc,heap     ] GC(3456) Eden regions: 797->0(60)
[2024-08-15T16:25:39.334+0000][14235.279s][info][gc,heap     ] GC(3456) Survivor regions: 13->16(102)
[2024-08-15T16:25:39.334+0000][14235.279s][info][gc,heap     ] GC(3456) Old regions: 348->348
[2024-08-15T16:25:39.334+0000][14235.279s][info][gc,heap     ] GC(3456) Archive regions: 2->2
[2024-08-15T16:25:39.334+0000][14235.279s][info][gc,heap     ] GC(3456) Humongous regions: 50->50
[2024-08-15T16:25:39.334+0000][14235.279s][info][gc,metaspace] GC(3456) Metaspace: 443410K(449600K)->443410K(449600K) NonClass: 388415K(391872K)->388415K(391872K) Class: 54995K(57728K)->54995K(57728K)
[2024-08-15T16:25:39.334+0000][14235.279s][info][gc          ] GC(3456) Pause Young (Prepare Mixed) (G1 Evacuation Pause) 9661M->3309M(12288M) 35.658ms
[2024-08-15T16:25:39.334+0000][14235.279s][info][gc,cpu      ] GC(3456) User=0.21s Sys=0.00s Real=0.03s
[2024-08-15T16:25:40.141+0000][14236.086s][info][gc,start    ] GC(3457) Pause Young (Mixed) (G1 Evacuation Pause)
[2024-08-15T16:25:40.141+0000][14236.086s][info][gc,task     ] GC(3457) Using 6 workers of 6 for evacuation
[2024-08-15T16:25:40.213+0000][14236.158s][info][gc,phases   ] GC(3457)   Pre Evacuate Collection Set: 0.2ms
[2024-08-15T16:25:40.213+0000][14236.158s][info][gc,phases   ] GC(3457)   Merge Heap Roots: 0.4ms
[2024-08-15T16:25:40.213+0000][14236.158s][info][gc,phases   ] GC(3457)   Evacuate Collection Set: 69.9ms
[2024-08-15T16:25:40.213+0000][14236.158s][info][gc,phases   ] GC(3457)   Post Evacuate Collection Set: 1.5ms
[2024-08-15T16:25:40.213+0000][14236.158s][info][gc,phases   ] GC(3457)   Other: 0.2ms
[2024-08-15T16:25:40.213+0000][14236.158s][info][gc,heap     ] GC(3457) Eden regions: 60->0(806)
[2024-08-15T16:25:40.213+0000][14236.158s][info][gc,heap     ] GC(3457) Survivor regions: 16->2(10)
[2024-08-15T16:25:40.213+0000][14236.158s][info][gc,heap     ] GC(3457) Old regions: 348->350
[2024-08-15T16:25:40.213+0000][14236.158s][info][gc,heap     ] GC(3457) Archive regions: 2->2
[2024-08-15T16:25:40.213+0000][14236.158s][info][gc,heap     ] GC(3457) Humongous regions: 50->50
[2024-08-15T16:25:40.213+0000][14236.158s][info][gc,metaspace] GC(3457) Metaspace: 443410K(449600K)->443410K(449600K) NonClass: 388415K(391872K)->388415K(391872K) Class: 54995K(57728K)->54995K(57728K)
[2024-08-15T16:25:40.213+0000][14236.158s][info][gc          ] GC(3457) Pause Young (Mixed) (G1 Evacuation Pause) 3789M->3217M(12288M) 72.262ms
[2024-08-15T16:25:40.213+0000][14236.158s][info][gc,cpu      ] GC(3457) User=0.42s Sys=0.00s Real=0.07s
[2024-08-15T16:25:51.268+0000][14247.212s][info][gc,start    ] GC(3458) Pause Young (Normal) (G1 Evacuation Pause)
[2024-08-15T16:25:51.268+0000][14247.212s][info][gc,task     ] GC(3458) Using 6 workers of 6 for evacuation
[2024-08-15T16:25:51.285+0000][14247.230s][info][gc,phases   ] GC(3458)   Pre Evacuate Collection Set: 0.2ms
[2024-08-15T16:25:51.285+0000][14247.230s][info][gc,phases   ] GC(3458)   Merge Heap Roots: 0.2ms
[2024-08-15T16:25:51.285+0000][14247.230s][info][gc,phases   ] GC(3458)   Evacuate Collection Set: 15.1ms
[2024-08-15T16:25:51.285+0000][14247.230s][info][gc,phases   ] GC(3458)   Post Evacuate Collection Set: 2.1ms
[2024-08-15T16:25:51.285+0000][14247.230s][info][gc,phases   ] GC(3458)   Other: 0.2ms
[2024-08-15T16:25:51.285+0000][14247.230s][info][gc,heap     ] GC(3458) Eden regions: 806->0(802)
[2024-08-15T16:25:51.285+0000][14247.230s][info][gc,heap     ] GC(3458) Survivor regions: 2->6(101)
[2024-08-15T16:25:51.285+0000][14247.230s][info][gc,heap     ] GC(3458) Old regions: 350->350
[2024-08-15T16:25:51.285+0000][14247.230s][info][gc,heap     ] GC(3458) Archive regions: 2->2
[2024-08-15T16:25:51.285+0000][14247.230s][info][gc,heap     ] GC(3458) Humongous regions: 50->50
[2024-08-15T16:25:51.285+0000][14247.230s][info][gc,metaspace] GC(3458) Metaspace: 443410K(449600K)->443410K(449600K) NonClass: 388415K(391872K)->388415K(391872K) Class: 54995K(57728K)->54995K(57728K)
[2024-08-15T16:25:51.285+0000][14247.230s][info][gc          ] GC(3458) Pause Young (Normal) (G1 Evacuation Pause) 9665M->3247M(12288M) 17.907ms
[2024-08-15T16:25:51.286+0000][14247.230s][info][gc,cpu      ] GC(3458) User=0.11s Sys=0.00s Real=0.02s
[2024-08-15T16:26:01.780+0000][14257.724s][info][gc,start    ] GC(3459) Pause Young (Normal) (G1 Evacuation Pause)
[2024-08-15T16:26:01.780+0000][14257.724s][info][gc,task     ] GC(3459) Using 6 workers of 6 for evacuation
[2024-08-15T16:26:01.803+0000][14257.748s][info][gc,phases   ] GC(3459)   Pre Evacuate Collection Set: 0.2ms
[2024-08-15T16:26:01.803+0000][14257.748s][info][gc,phases   ] GC(3459)   Merge Heap Roots: 0.2ms
[2024-08-15T16:26:01.803+0000][14257.748s][info][gc,phases   ] GC(3459)   Evacuate Collection Set: 21.0ms
[2024-08-15T16:26:01.803+0000][14257.748s][info][gc,phases   ] GC(3459)   Post Evacuate Collection Set: 2.2ms
[2024-08-15T16:26:01.803+0000][14257.748s][info][gc,phases   ] GC(3459)   Other: 0.2ms
[2024-08-15T16:26:01.803+0000][14257.748s][info][gc,heap     ] GC(3459) Eden regions: 802->0(799)
[2024-08-15T16:26:01.803+0000][14257.748s][info][gc,heap     ] GC(3459) Survivor regions: 6->9(101)
[2024-08-15T16:26:01.803+0000][14257.748s][info][gc,heap     ] GC(3459) Old regions: 350->350
[2024-08-15T16:26:01.803+0000][14257.748s][info][gc,heap     ] GC(3459) Archive regions: 2->2
[2024-08-15T16:26:01.803+0000][14257.748s][info][gc,heap     ] GC(3459) Humongous regions: 50->50
[2024-08-15T16:26:01.804+0000][14257.748s][info][gc,metaspace] GC(3459) Metaspace: 443410K(449600K)->443410K(449600K) NonClass: 388415K(391872K)->388415K(391872K) Class: 54995K(57728K)->54995K(57728K)
[2024-08-15T16:26:01.804+0000][14257.748s][info][gc          ] GC(3459) Pause Young (Normal) (G1 Evacuation Pause) 9663M->3272M(12288M) 23.906ms
[2024-08-15T16:26:01.804+0000][14257.748s][info][gc,cpu      ] GC(3459) User=0.14s Sys=0.00s Real=0.03s
[2024-08-15T16:26:12.361+0000][14268.306s][info][gc,start    ] GC(3460) Pause Young (Concurrent Start) (G1 Evacuation Pause)
[2024-08-15T16:26:12.361+0000][14268.306s][info][gc,task     ] GC(3460) Using 6 workers of 6 for evacuation
[2024-08-15T16:26:12.393+0000][14268.337s][info][gc,phases   ] GC(3460)   Pre Evacuate Collection Set: 0.6ms
[2024-08-15T16:26:12.393+0000][14268.337s][info][gc,phases   ] GC(3460)   Merge Heap Roots: 0.2ms
[2024-08-15T16:26:12.393+0000][14268.337s][info][gc,phases   ] GC(3460)   Evacuate Collection Set: 28.2ms
[2024-08-15T16:26:12.393+0000][14268.337s][info][gc,phases   ] GC(3460)   Post Evacuate Collection Set: 2.2ms
[2024-08-15T16:26:12.393+0000][14268.337s][info][gc,phases   ] GC(3460)   Other: 0.3ms
[2024-08-15T16:26:12.393+0000][14268.337s][info][gc,heap     ] GC(3460) Eden regions: 799->0(795)
[2024-08-15T16:26:12.393+0000][14268.337s][info][gc,heap     ] GC(3460) Survivor regions: 9->13(101)
[2024-08-15T16:26:12.393+0000][14268.337s][info][gc,heap     ] GC(3460) Old regions: 350->350
[2024-08-15T16:26:12.393+0000][14268.337s][info][gc,heap     ] GC(3460) Archive regions: 2->2
[2024-08-15T16:26:12.393+0000][14268.337s][info][gc,heap     ] GC(3460) Humongous regions: 50->50
[2024-08-15T16:26:12.393+0000][14268.337s][info][gc,metaspace] GC(3460) Metaspace: 443410K(449600K)->443410K(449600K) NonClass: 388415K(391872K)->388415K(391872K) Class: 54995K(57728K)->54995K(57728K)
[2024-08-15T16:26:12.393+0000][14268.337s][info][gc          ] GC(3460) Pause Young (Concurrent Start) (G1 Evacuation Pause) 9664M->3300M(12288M) 31.558ms
[2024-08-15T16:26:12.393+0000][14268.338s][info][gc,cpu      ] GC(3460) User=0.18s Sys=0.00s Real=0.03s
[2024-08-15T16:26:12.393+0000][14268.338s][info][gc          ] GC(3461) Concurrent Mark Cycle
[2024-08-15T16:26:12.393+0000][14268.338s][info][gc,marking  ] GC(3461) Concurrent Clear Claimed Marks
[2024-08-15T16:26:12.393+0000][14268.338s][info][gc,marking  ] GC(3461) Concurrent Clear Claimed Marks 0.365ms
[2024-08-15T16:26:12.393+0000][14268.338s][info][gc,marking  ] GC(3461) Concurrent Scan Root Regions
[2024-08-15T16:26:12.419+0000][14268.363s][info][gc,marking  ] GC(3461) Concurrent Scan Root Regions 25.203ms
[2024-08-15T16:26:12.419+0000][14268.363s][info][gc,marking  ] GC(3461) Concurrent Mark
[2024-08-15T16:26:12.419+0000][14268.363s][info][gc,marking  ] GC(3461) Concurrent Mark From Roots
[2024-08-15T16:26:12.419+0000][14268.363s][info][gc,task     ] GC(3461) Using 2 workers of 2 for marking
[2024-08-15T16:26:14.329+0000][14270.273s][info][gc,marking  ] GC(3461) Concurrent Mark From Roots 1910.036ms
[2024-08-15T16:26:14.329+0000][14270.273s][info][gc,marking  ] GC(3461) Concurrent Preclean
[2024-08-15T16:26:14.330+0000][14270.275s][info][gc,marking  ] GC(3461) Concurrent Preclean 1.512ms
[2024-08-15T16:26:14.330+0000][14270.275s][info][gc,start    ] GC(3461) Pause Remark
[2024-08-15T16:26:14.354+0000][14270.298s][info][gc          ] GC(3461) Pause Remark 4576M->4576M(12288M) 23.438ms
[2024-08-15T16:26:14.354+0000][14270.298s][info][gc,cpu      ] GC(3461) User=0.10s Sys=0.00s Real=0.02s
[2024-08-15T16:26:14.354+0000][14270.299s][info][gc,marking  ] GC(3461) Concurrent Mark 1935.332ms
[2024-08-15T16:26:14.354+0000][14270.299s][info][gc,marking  ] GC(3461) Concurrent Rebuild Remembered Sets
[2024-08-15T16:26:15.517+0000][14271.462s][info][gc,marking  ] GC(3461) Concurrent Rebuild Remembered Sets 1163.487ms
[2024-08-15T16:26:15.518+0000][14271.462s][info][gc,start    ] GC(3461) Pause Cleanup
[2024-08-15T16:26:15.518+0000][14271.463s][info][gc          ] GC(3461) Pause Cleanup 5249M->5249M(12288M) 0.580ms
[2024-08-15T16:26:15.518+0000][14271.463s][info][gc,cpu      ] GC(3461) User=0.00s Sys=0.00s Real=0.00s
[2024-08-15T16:26:15.518+0000][14271.463s][info][gc,marking  ] GC(3461) Concurrent Cleanup for Next Mark
[2024-08-15T16:26:15.536+0000][14271.480s][info][gc,marking  ] GC(3461) Concurrent Cleanup for Next Mark 17.518ms
[2024-08-15T16:26:15.536+0000][14271.481s][info][gc          ] GC(3461) Concurrent Mark Cycle 3142.970ms
[2024-08-15T16:26:23.126+0000][14279.070s][info][gc,start    ] GC(3462) Pause Young (Prepare Mixed) (G1 Evacuation Pause)
[2024-08-15T16:26:23.126+0000][14279.070s][info][gc,task     ] GC(3462) Using 6 workers of 6 for evacuation
[2024-08-15T16:26:23.163+0000][14279.107s][info][gc,phases   ] GC(3462)   Pre Evacuate Collection Set: 0.2ms
[2024-08-15T16:26:23.163+0000][14279.108s][info][gc,phases   ] GC(3462)   Merge Heap Roots: 0.3ms
[2024-08-15T16:26:23.163+0000][14279.108s][info][gc,phases   ] GC(3462)   Evacuate Collection Set: 34.3ms
[2024-08-15T16:26:23.163+0000][14279.108s][info][gc,phases   ] GC(3462)   Post Evacuate Collection Set: 2.1ms
[2024-08-15T16:26:23.163+0000][14279.108s][info][gc,phases   ] GC(3462)   Other: 0.2ms
[2024-08-15T16:26:23.163+0000][14279.108s][info][gc,heap     ] GC(3462) Eden regions: 795->0(61)
[2024-08-15T16:26:23.163+0000][14279.108s][info][gc,heap     ] GC(3462) Survivor regions: 13->15(101)
[2024-08-15T16:26:23.163+0000][14279.108s][info][gc,heap     ] GC(3462) Old regions: 350->350
[2024-08-15T16:26:23.163+0000][14279.108s][info][gc,heap     ] GC(3462) Archive regions: 2->2
[2024-08-15T16:26:23.163+0000][14279.108s][info][gc,heap     ] GC(3462) Humongous regions: 50->50
[2024-08-15T16:26:23.163+0000][14279.108s][info][gc,metaspace] GC(3462) Metaspace: 443410K(449600K)->443410K(449600K) NonClass: 388415K(391872K)->388415K(391872K) Class: 54995K(57728K)->54995K(57728K)
[2024-08-15T16:26:23.163+0000][14279.108s][info][gc          ] GC(3462) Pause Young (Prepare Mixed) (G1 Evacuation Pause) 9660M->3315M(12288M) 37.214ms
[2024-08-15T16:26:23.163+0000][14279.108s][info][gc,cpu      ] GC(3462) User=0.22s Sys=0.00s Real=0.03s
[2024-08-15T16:26:24.014+0000][14279.959s][info][gc,start    ] GC(3463) Pause Young (Mixed) (G1 Evacuation Pause)
[2024-08-15T16:26:24.014+0000][14279.959s][info][gc,task     ] GC(3463) Using 6 workers of 6 for evacuation
[2024-08-15T16:26:24.088+0000][14280.033s][info][gc,phases   ] GC(3463)   Pre Evacuate Collection Set: 0.2ms
[2024-08-15T16:26:24.088+0000][14280.033s][info][gc,phases   ] GC(3463)   Merge Heap Roots: 0.5ms
[2024-08-15T16:26:24.088+0000][14280.033s][info][gc,phases   ] GC(3463)   Evacuate Collection Set: 72.1ms
[2024-08-15T16:26:24.088+0000][14280.033s][info][gc,phases   ] GC(3463)   Post Evacuate Collection Set: 1.5ms
[2024-08-15T16:26:24.088+0000][14280.033s][info][gc,phases   ] GC(3463)   Other: 0.2ms
[2024-08-15T16:26:24.088+0000][14280.033s][info][gc,heap     ] GC(3463) Eden regions: 61->0(805)
[2024-08-15T16:26:24.088+0000][14280.033s][info][gc,heap     ] GC(3463) Survivor regions: 15->6(10)
[2024-08-15T16:26:24.088+0000][14280.033s][info][gc,heap     ] GC(3463) Old regions: 350->347
[2024-08-15T16:26:24.088+0000][14280.033s][info][gc,heap     ] GC(3463) Archive regions: 2->2
[2024-08-15T16:26:24.088+0000][14280.033s][info][gc,heap     ] GC(3463) Humongous regions: 50->50
[2024-08-15T16:26:24.088+0000][14280.033s][info][gc,metaspace] GC(3463) Metaspace: 443410K(449600K)->443410K(449600K) NonClass: 388415K(391872K)->388415K(391872K) Class: 54995K(57728K)->54995K(57728K)
[2024-08-15T16:26:24.088+0000][14280.033s][info][gc          ] GC(3463) Pause Young (Mixed) (G1 Evacuation Pause) 3803M->3225M(12288M) 74.461ms
[2024-08-15T16:26:24.089+0000][14280.033s][info][gc,cpu      ] GC(3463) User=0.43s Sys=0.00s Real=0.08s
[2024-08-15T16:26:27.191+0000][14283.136s][info][gc,start    ] GC(3464) Pause Young (Normal) (G1 Evacuation Pause)
[2024-08-15T16:26:27.192+0000][14283.136s][info][gc,task     ] GC(3464) Using 6 workers of 6 for evacuation
[2024-08-15T16:26:27.255+0000][14283.199s][info][gc,phases   ] GC(3464)   Pre Evacuate Collection Set: 0.2ms
[2024-08-15T16:26:27.255+0000][14283.199s][info][gc,phases   ] GC(3464)   Merge Heap Roots: 0.2ms
[2024-08-15T16:26:27.255+0000][14283.199s][info][gc,phases   ] GC(3464)   Evacuate Collection Set: 48.6ms
[2024-08-15T16:26:27.255+0000][14283.199s][info][gc,phases   ] GC(3464)   Post Evacuate Collection Set: 14.1ms
[2024-08-15T16:26:27.255+0000][14283.199s][info][gc,phases   ] GC(3464)   Other: 0.2ms
[2024-08-15T16:26:27.255+0000][14283.199s][info][gc,heap     ] GC(3464) Eden regions: 805->0(801)
[2024-08-15T16:26:27.255+0000][14283.199s][info][gc,heap     ] GC(3464) Survivor regions: 6->10(102)
[2024-08-15T16:26:27.255+0000][14283.199s][info][gc,heap     ] GC(3464) Old regions: 347->347
[2024-08-15T16:26:27.255+0000][14283.199s][info][gc,heap     ] GC(3464) Archive regions: 2->2
[2024-08-15T16:26:27.255+0000][14283.199s][info][gc,heap     ] GC(3464) Humongous regions: 50->50
[2024-08-15T16:26:27.255+0000][14283.200s][info][gc,metaspace] GC(3464) Metaspace: 443410K(449600K)->443410K(449600K) NonClass: 388415K(391872K)->388415K(391872K) Class: 54995K(57728K)->54995K(57728K)
[2024-08-15T16:26:27.255+0000][14283.200s][info][gc          ] GC(3464) Pause Young (Normal) (G1 Evacuation Pause) 9665M->3256M(12288M) 63.416ms
[2024-08-15T16:26:27.255+0000][14283.200s][info][gc,cpu      ] GC(3464) User=0.37s Sys=0.00s Real=0.06s
[2024-08-15T16:26:29.825+0000][14285.770s][info][gc,start    ] GC(3465) Pause Young (Normal) (G1 Evacuation Pause)
[2024-08-15T16:26:29.825+0000][14285.770s][info][gc,task     ] GC(3465) Using 6 workers of 6 for evacuation
[2024-08-15T16:26:29.913+0000][14285.857s][info][gc,phases   ] GC(3465)   Pre Evacuate Collection Set: 0.2ms
[2024-08-15T16:26:29.913+0000][14285.857s][info][gc,phases   ] GC(3465)   Merge Heap Roots: 0.2ms
[2024-08-15T16:26:29.913+0000][14285.857s][info][gc,phases   ] GC(3465)   Evacuate Collection Set: 68.0ms
[2024-08-15T16:26:29.913+0000][14285.857s][info][gc,phases   ] GC(3465)   Post Evacuate Collection Set: 18.8ms
[2024-08-15T16:26:29.913+0000][14285.857s][info][gc,phases   ] GC(3465)   Other: 0.2ms
[2024-08-15T16:26:29.913+0000][14285.857s][info][gc,heap     ] GC(3465) Eden regions: 801->0(795)
[2024-08-15T16:26:29.913+0000][14285.857s][info][gc,heap     ] GC(3465) Survivor regions: 10->15(102)
[2024-08-15T16:26:29.913+0000][14285.857s][info][gc,heap     ] GC(3465) Old regions: 347->347
[2024-08-15T16:26:29.913+0000][14285.857s][info][gc,heap     ] GC(3465) Archive regions: 2->2
[2024-08-15T16:26:29.913+0000][14285.857s][info][gc,heap     ] GC(3465) Humongous regions: 50->50
[2024-08-15T16:26:29.913+0000][14285.857s][info][gc,metaspace] GC(3465) Metaspace: 443410K(449600K)->443410K(449600K) NonClass: 388415K(391872K)->388415K(391872K) Class: 54995K(57728K)->54995K(57728K)
[2024-08-15T16:26:29.913+0000][14285.857s][info][gc          ] GC(3465) Pause Young (Normal) (G1 Evacuation Pause) 9664M->3296M(12288M) 87.524ms
[2024-08-15T16:26:29.913+0000][14285.858s][info][gc,cpu      ] GC(3465) User=0.51s Sys=0.00s Real=0.08s
[2024-08-15T16:26:32.629+0000][14288.573s][info][gc,start    ] GC(3466) Pause Young (Concurrent Start) (G1 Evacuation Pause)
[2024-08-15T16:26:32.629+0000][14288.573s][info][gc,task     ] GC(3466) Using 6 workers of 6 for evacuation
[2024-08-15T16:26:32.726+0000][14288.670s][info][gc,phases   ] GC(3466)   Pre Evacuate Collection Set: 0.5ms
[2024-08-15T16:26:32.726+0000][14288.671s][info][gc,phases   ] GC(3466)   Merge Heap Roots: 0.2ms
[2024-08-15T16:26:32.726+0000][14288.671s][info][gc,phases   ] GC(3466)   Evacuate Collection Set: 77.3ms
[2024-08-15T16:26:32.726+0000][14288.671s][info][gc,phases   ] GC(3466)   Post Evacuate Collection Set: 19.0ms
[2024-08-15T16:26:32.726+0000][14288.671s][info][gc,phases   ] GC(3466)   Other: 0.3ms
[2024-08-15T16:26:32.726+0000][14288.671s][info][gc,heap     ] GC(3466) Eden regions: 795->0(791)
[2024-08-15T16:26:32.726+0000][14288.671s][info][gc,heap     ] GC(3466) Survivor regions: 15->19(102)
[2024-08-15T16:26:32.726+0000][14288.671s][info][gc,heap     ] GC(3466) Old regions: 347->347
[2024-08-15T16:26:32.726+0000][14288.671s][info][gc,heap     ] GC(3466) Archive regions: 2->2
[2024-08-15T16:26:32.726+0000][14288.671s][info][gc,heap     ] GC(3466) Humongous regions: 50->50
[2024-08-15T16:26:32.726+0000][14288.671s][info][gc,metaspace] GC(3466) Metaspace: 443410K(449600K)->443410K(449600K) NonClass: 388415K(391872K)->388415K(391872K) Class: 54995K(57728K)->54995K(57728K)
[2024-08-15T16:26:32.726+0000][14288.671s][info][gc          ] GC(3466) Pause Young (Concurrent Start) (G1 Evacuation Pause) 9656M->3327M(12288M) 97.467ms
[2024-08-15T16:26:32.726+0000][14288.671s][info][gc,cpu      ] GC(3466) User=0.57s Sys=0.00s Real=0.10s
[2024-08-15T16:26:32.726+0000][14288.671s][info][gc          ] GC(3467) Concurrent Mark Cycle
[2024-08-15T16:26:32.726+0000][14288.671s][info][gc,marking  ] GC(3467) Concurrent Clear Claimed Marks
[2024-08-15T16:26:32.727+0000][14288.671s][info][gc,marking  ] GC(3467) Concurrent Clear Claimed Marks 0.418ms
[2024-08-15T16:26:32.727+0000][14288.671s][info][gc,marking  ] GC(3467) Concurrent Scan Root Regions
[2024-08-15T16:26:32.797+0000][14288.741s][info][gc,marking  ] GC(3467) Concurrent Scan Root Regions 70.233ms
[2024-08-15T16:26:32.797+0000][14288.741s][info][gc,marking  ] GC(3467) Concurrent Mark
[2024-08-15T16:26:32.797+0000][14288.741s][info][gc,marking  ] GC(3467) Concurrent Mark From Roots
[2024-08-15T16:26:32.797+0000][14288.741s][info][gc,task     ] GC(3467) Using 2 workers of 2 for marking
[2024-08-15T16:26:34.664+0000][14290.609s][info][gc,marking  ] GC(3467) Concurrent Mark From Roots 1867.598ms
[2024-08-15T16:26:34.664+0000][14290.609s][info][gc,marking  ] GC(3467) Concurrent Preclean
[2024-08-15T16:26:34.666+0000][14290.611s][info][gc,marking  ] GC(3467) Concurrent Preclean 1.501ms
[2024-08-15T16:26:34.666+0000][14290.611s][info][gc,start    ] GC(3467) Pause Remark
[2024-08-15T16:26:34.690+0000][14290.635s][info][gc          ] GC(3467) Pause Remark 7171M->7171M(12288M) 23.875ms
[2024-08-15T16:26:34.690+0000][14290.635s][info][gc,cpu      ] GC(3467) User=0.10s Sys=0.00s Real=0.02s
[2024-08-15T16:26:34.690+0000][14290.635s][info][gc,marking  ] GC(3467) Concurrent Mark 1893.406ms
[2024-08-15T16:26:34.690+0000][14290.635s][info][gc,marking  ] GC(3467) Concurrent Rebuild Remembered Sets
[2024-08-15T16:26:35.809+0000][14291.753s][info][gc,start    ] GC(3468) Pause Young (Normal) (G1 Evacuation Pause)
[2024-08-15T16:26:35.809+0000][14291.753s][info][gc,task     ] GC(3468) Using 6 workers of 6 for evacuation
[2024-08-15T16:26:35.915+0000][14291.860s][info][gc,phases   ] GC(3468)   Pre Evacuate Collection Set: 0.2ms
[2024-08-15T16:26:35.915+0000][14291.860s][info][gc,phases   ] GC(3468)   Merge Heap Roots: 0.5ms
[2024-08-15T16:26:35.915+0000][14291.860s][info][gc,phases   ] GC(3468)   Evacuate Collection Set: 86.2ms
[2024-08-15T16:26:35.915+0000][14291.860s][info][gc,phases   ] GC(3468)   Post Evacuate Collection Set: 19.6ms
[2024-08-15T16:26:35.915+0000][14291.860s][info][gc,phases   ] GC(3468)   Other: 0.2ms
[2024-08-15T16:26:35.915+0000][14291.860s][info][gc,heap     ] GC(3468) Eden regions: 791->0(783)
[2024-08-15T16:26:35.915+0000][14291.860s][info][gc,heap     ] GC(3468) Survivor regions: 19->23(102)
[2024-08-15T16:26:35.915+0000][14291.860s][info][gc,heap     ] GC(3468) Old regions: 347->347
[2024-08-15T16:26:35.915+0000][14291.860s][info][gc,heap     ] GC(3468) Archive regions: 2->2
[2024-08-15T16:26:35.915+0000][14291.860s][info][gc,heap     ] GC(3468) Humongous regions: 50->50
[2024-08-15T16:26:35.915+0000][14291.860s][info][gc,metaspace] GC(3468) Metaspace: 443410K(449600K)->443410K(449600K) NonClass: 388415K(391872K)->388415K(391872K) Class: 54995K(57728K)->54995K(57728K)
[2024-08-15T16:26:35.915+0000][14291.860s][info][gc          ] GC(3468) Pause Young (Normal) (G1 Evacuation Pause) 9655M->3361M(12288M) 106.709ms
[2024-08-15T16:26:35.916+0000][14291.860s][info][gc,cpu      ] GC(3468) User=0.62s Sys=0.00s Real=0.11s
[2024-08-15T16:26:36.009+0000][14291.954s][info][gc,marking  ] GC(3467) Concurrent Rebuild Remembered Sets 1318.773ms
[2024-08-15T16:26:36.009+0000][14291.954s][info][gc,start    ] GC(3467) Pause Cleanup
[2024-08-15T16:26:36.010+0000][14291.954s][info][gc          ] GC(3467) Pause Cleanup 3453M->3453M(12288M) 0.554ms
[2024-08-15T16:26:36.010+0000][14291.954s][info][gc,cpu      ] GC(3467) User=0.00s Sys=0.00s Real=0.00s
[2024-08-15T16:26:36.010+0000][14291.955s][info][gc,marking  ] GC(3467) Concurrent Cleanup for Next Mark
[2024-08-15T16:26:36.026+0000][14291.971s][info][gc,marking  ] GC(3467) Concurrent Cleanup for Next Mark 16.550ms
[2024-08-15T16:26:36.027+0000][14291.971s][info][gc          ] GC(3467) Concurrent Mark Cycle 3300.484ms
[2024-08-15T16:26:38.540+0000][14294.484s][info][gc,start    ] GC(3469) Pause Young (Prepare Mixed) (G1 Evacuation Pause)
[2024-08-15T16:26:38.540+0000][14294.484s][info][gc,task     ] GC(3469) Using 6 workers of 6 for evacuation
[2024-08-15T16:26:38.671+0000][14294.616s][info][gc,phases   ] GC(3469)   Pre Evacuate Collection Set: 0.2ms
[2024-08-15T16:26:38.671+0000][14294.616s][info][gc,phases   ] GC(3469)   Merge Heap Roots: 0.4ms
[2024-08-15T16:26:38.671+0000][14294.616s][info][gc,phases   ] GC(3469)   Evacuate Collection Set: 111.5ms
[2024-08-15T16:26:38.671+0000][14294.616s][info][gc,phases   ] GC(3469)   Post Evacuate Collection Set: 19.3ms
[2024-08-15T16:26:38.671+0000][14294.616s][info][gc,phases   ] GC(3469)   Other: 0.2ms
[2024-08-15T16:26:38.671+0000][14294.616s][info][gc,heap     ] GC(3469) Eden regions: 783->0(49)
[2024-08-15T16:26:38.671+0000][14294.616s][info][gc,heap     ] GC(3469) Survivor regions: 23->27(101)
[2024-08-15T16:26:38.671+0000][14294.616s][info][gc,heap     ] GC(3469) Old regions: 347->347
[2024-08-15T16:26:38.671+0000][14294.616s][info][gc,heap     ] GC(3469) Archive regions: 2->2
[2024-08-15T16:26:38.671+0000][14294.616s][info][gc,heap     ] GC(3469) Humongous regions: 50->50
[2024-08-15T16:26:38.671+0000][14294.616s][info][gc,metaspace] GC(3469) Metaspace: 443411K(449600K)->443411K(449600K) NonClass: 388416K(391872K)->388416K(391872K) Class: 54995K(57728K)->54995K(57728K)
[2024-08-15T16:26:38.671+0000][14294.616s][info][gc          ] GC(3469) Pause Young (Prepare Mixed) (G1 Evacuation Pause) 9625M->3393M(12288M) 131.654ms
[2024-08-15T16:26:38.672+0000][14294.616s][info][gc,cpu      ] GC(3469) User=0.77s Sys=0.00s Real=0.13s
[2024-08-15T16:26:38.871+0000][14294.816s][info][gc,start    ] GC(3470) Pause Young (Mixed) (G1 Evacuation Pause)
[2024-08-15T16:26:38.871+0000][14294.816s][info][gc,task     ] GC(3470) Using 6 workers of 6 for evacuation
[2024-08-15T16:26:38.995+0000][14294.940s][info][gc,phases   ] GC(3470)   Pre Evacuate Collection Set: 0.2ms
[2024-08-15T16:26:38.996+0000][14294.940s][info][gc,phases   ] GC(3470)   Merge Heap Roots: 0.4ms
[2024-08-15T16:26:38.996+0000][14294.940s][info][gc,phases   ] GC(3470)   Evacuate Collection Set: 120.8ms
[2024-08-15T16:26:38.996+0000][14294.940s][info][gc,phases   ] GC(3470)   Post Evacuate Collection Set: 2.7ms
[2024-08-15T16:26:38.996+0000][14294.940s][info][gc,phases   ] GC(3470)   Other: 0.2ms
[2024-08-15T16:26:38.996+0000][14294.940s][info][gc,heap     ] GC(3470) Eden regions: 49->0(793)
[2024-08-15T16:26:38.996+0000][14294.940s][info][gc,heap     ] GC(3470) Survivor regions: 27->3(10)
[2024-08-15T16:26:38.996+0000][14294.940s][info][gc,heap     ] GC(3470) Old regions: 347->361
[2024-08-15T16:26:38.996+0000][14294.940s][info][gc,heap     ] GC(3470) Archive regions: 2->2
[2024-08-15T16:26:38.996+0000][14294.940s][info][gc,heap     ] GC(3470) Humongous regions: 50->50
[2024-08-15T16:26:38.996+0000][14294.940s][info][gc,metaspace] GC(3470) Metaspace: 443411K(449600K)->443411K(449600K) NonClass: 388416K(391872K)->388416K(391872K) Class: 54995K(57728K)->54995K(57728K)
[2024-08-15T16:26:38.996+0000][14294.940s][info][gc          ] GC(3470) Pause Young (Mixed) (G1 Evacuation Pause) 3785M->3310M(12288M) 124.263ms
[2024-08-15T16:26:38.996+0000][14294.940s][info][gc,cpu      ] GC(3470) User=0.73s Sys=0.00s Real=0.13s
[2024-08-15T16:26:41.355+0000][14297.300s][info][gc,start    ] GC(3471) Pause Young (Normal) (G1 Evacuation Pause)
[2024-08-15T16:26:41.355+0000][14297.300s][info][gc,task     ] GC(3471) Using 6 workers of 6 for evacuation
[2024-08-15T16:26:41.410+0000][14297.355s][info][gc,phases   ] GC(3471)   Pre Evacuate Collection Set: 0.2ms
[2024-08-15T16:26:41.410+0000][14297.355s][info][gc,phases   ] GC(3471)   Merge Heap Roots: 0.3ms
[2024-08-15T16:26:41.410+0000][14297.355s][info][gc,phases   ] GC(3471)   Evacuate Collection Set: 41.1ms
[2024-08-15T16:26:41.410+0000][14297.355s][info][gc,phases   ] GC(3471)   Post Evacuate Collection Set: 13.0ms
[2024-08-15T16:26:41.410+0000][14297.355s][info][gc,phases   ] GC(3471)   Other: 0.2ms
[2024-08-15T16:26:41.410+0000][14297.355s][info][gc,heap     ] GC(3471) Eden regions: 793->0(791)
[2024-08-15T16:26:41.410+0000][14297.355s][info][gc,heap     ] GC(3471) Survivor regions: 3->6(100)
[2024-08-15T16:26:41.410+0000][14297.355s][info][gc,heap     ] GC(3471) Old regions: 361->361
[2024-08-15T16:26:41.410+0000][14297.355s][info][gc,heap     ] GC(3471) Archive regions: 2->2
[2024-08-15T16:26:41.410+0000][14297.355s][info][gc,heap     ] GC(3471) Humongous regions: 50->50
[2024-08-15T16:26:41.410+0000][14297.355s][info][gc,metaspace] GC(3471) Metaspace: 443412K(449600K)->443412K(449600K) NonClass: 388417K(391872K)->388417K(391872K) Class: 54995K(57728K)->54995K(57728K)
[2024-08-15T16:26:41.410+0000][14297.355s][info][gc          ] GC(3471) Pause Young (Normal) (G1 Evacuation Pause) 9654M->3331M(12288M) 54.791ms
[2024-08-15T16:26:41.410+0000][14297.355s][info][gc,cpu      ] GC(3471) User=0.31s Sys=0.00s Real=0.05s
[2024-08-15T16:26:43.677+0000][14299.622s][info][gc,start    ] GC(3472) Pause Young (Normal) (G1 Evacuation Pause)
[2024-08-15T16:26:43.677+0000][14299.622s][info][gc,task     ] GC(3472) Using 6 workers of 6 for evacuation
[2024-08-15T16:26:43.732+0000][14299.676s][info][gc,phases   ] GC(3472)   Pre Evacuate Collection Set: 0.2ms
[2024-08-15T16:26:43.732+0000][14299.676s][info][gc,phases   ] GC(3472)   Merge Heap Roots: 0.3ms
[2024-08-15T16:26:43.732+0000][14299.676s][info][gc,phases   ] GC(3472)   Evacuate Collection Set: 44.2ms
[2024-08-15T16:26:43.732+0000][14299.676s][info][gc,phases   ] GC(3472)   Post Evacuate Collection Set: 10.2ms
[2024-08-15T16:26:43.732+0000][14299.676s][info][gc,phases   ] GC(3472)   Other: 0.2ms
[2024-08-15T16:26:43.732+0000][14299.677s][info][gc,heap     ] GC(3472) Eden regions: 791->0(789)
[2024-08-15T16:26:43.732+0000][14299.677s][info][gc,heap     ] GC(3472) Survivor regions: 6->9(100)
[2024-08-15T16:26:43.732+0000][14299.677s][info][gc,heap     ] GC(3472) Old regions: 361->361
[2024-08-15T16:26:43.732+0000][14299.677s][info][gc,heap     ] GC(3472) Archive regions: 2->2
[2024-08-15T16:26:43.732+0000][14299.677s][info][gc,heap     ] GC(3472) Humongous regions: 50->50
[2024-08-15T16:26:43.732+0000][14299.677s][info][gc,metaspace] GC(3472) Metaspace: 443412K(449600K)->443412K(449600K) NonClass: 388417K(391872K)->388417K(391872K) Class: 54995K(57728K)->54995K(57728K)
[2024-08-15T16:26:43.732+0000][14299.677s][info][gc          ] GC(3472) Pause Young (Normal) (G1 Evacuation Pause) 9659M->3353M(12288M) 55.051ms
[2024-08-15T16:26:43.732+0000][14299.677s][info][gc,cpu      ] GC(3472) User=0.31s Sys=0.00s Real=0.05s
[2024-08-15T16:26:45.943+0000][14301.888s][info][gc,start    ] GC(3473) Pause Young (Concurrent Start) (G1 Evacuation Pause)
[2024-08-15T16:26:45.943+0000][14301.888s][info][gc,task     ] GC(3473) Using 6 workers of 6 for evacuation
[2024-08-15T16:26:45.974+0000][14301.918s][info][gc,phases   ] GC(3473)   Pre Evacuate Collection Set: 0.6ms
[2024-08-15T16:26:45.974+0000][14301.918s][info][gc,phases   ] GC(3473)   Merge Heap Roots: 0.2ms
[2024-08-15T16:26:45.974+0000][14301.918s][info][gc,phases   ] GC(3473)   Evacuate Collection Set: 27.7ms
[2024-08-15T16:26:45.974+0000][14301.918s][info][gc,phases   ] GC(3473)   Post Evacuate Collection Set: 1.8ms
[2024-08-15T16:26:45.974+0000][14301.918s][info][gc,phases   ] GC(3473)   Other: 0.3ms
[2024-08-15T16:26:45.974+0000][14301.918s][info][gc,heap     ] GC(3473) Eden regions: 789->0(791)
[2024-08-15T16:26:45.974+0000][14301.918s][info][gc,heap     ] GC(3473) Survivor regions: 9->10(100)
[2024-08-15T16:26:45.974+0000][14301.918s][info][gc,heap     ] GC(3473) Old regions: 361->361
[2024-08-15T16:26:45.974+0000][14301.918s][info][gc,heap     ] GC(3473) Archive regions: 2->2
[2024-08-15T16:26:45.974+0000][14301.918s][info][gc,heap     ] GC(3473) Humongous regions: 50->50
[2024-08-15T16:26:45.974+0000][14301.918s][info][gc,metaspace] GC(3473) Metaspace: 443413K(449600K)->443413K(449600K) NonClass: 388417K(391872K)->388417K(391872K) Class: 54995K(57728K)->54995K(57728K)
[2024-08-15T16:26:45.974+0000][14301.918s][info][gc          ] GC(3473) Pause Young (Concurrent Start) (G1 Evacuation Pause) 9665M->3360M(12288M) 30.731ms
[2024-08-15T16:26:45.974+0000][14301.918s][info][gc,cpu      ] GC(3473) User=0.18s Sys=0.00s Real=0.03s
[2024-08-15T16:26:45.974+0000][14301.918s][info][gc          ] GC(3474) Concurrent Mark Cycle
[2024-08-15T16:26:45.974+0000][14301.918s][info][gc,marking  ] GC(3474) Concurrent Clear Claimed Marks
[2024-08-15T16:26:45.974+0000][14301.919s][info][gc,marking  ] GC(3474) Concurrent Clear Claimed Marks 0.393ms
[2024-08-15T16:26:45.974+0000][14301.919s][info][gc,marking  ] GC(3474) Concurrent Scan Root Regions
[2024-08-15T16:26:45.999+0000][14301.944s][info][gc,marking  ] GC(3474) Concurrent Scan Root Regions 24.965ms
[2024-08-15T16:26:45.999+0000][14301.944s][info][gc,marking  ] GC(3474) Concurrent Mark
[2024-08-15T16:26:45.999+0000][14301.944s][info][gc,marking  ] GC(3474) Concurrent Mark From Roots
[2024-08-15T16:26:45.999+0000][14301.944s][info][gc,task     ] GC(3474) Using 2 workers of 2 for marking
[2024-08-15T16:26:48.054+0000][14303.999s][info][gc,marking  ] GC(3474) Concurrent Mark From Roots 2054.823ms
[2024-08-15T16:26:48.054+0000][14303.999s][info][gc,marking  ] GC(3474) Concurrent Preclean
[2024-08-15T16:26:48.056+0000][14304.001s][info][gc,marking  ] GC(3474) Concurrent Preclean 1.963ms
[2024-08-15T16:26:48.056+0000][14304.001s][info][gc,start    ] GC(3474) Pause Remark
[2024-08-15T16:26:48.080+0000][14304.024s][info][gc          ] GC(3474) Pause Remark 7608M->7608M(12288M) 23.423ms
[2024-08-15T16:26:48.080+0000][14304.024s][info][gc,cpu      ] GC(3474) User=0.10s Sys=0.00s Real=0.02s
[2024-08-15T16:26:48.080+0000][14304.025s][info][gc,marking  ] GC(3474) Concurrent Mark 2080.747ms
[2024-08-15T16:26:48.080+0000][14304.025s][info][gc,marking  ] GC(3474) Concurrent Rebuild Remembered Sets
[2024-08-15T16:26:48.923+0000][14304.868s][info][gc,start    ] GC(3475) Pause Young (Normal) (G1 Evacuation Pause)
[2024-08-15T16:26:48.923+0000][14304.868s][info][gc,task     ] GC(3475) Using 6 workers of 6 for evacuation
[2024-08-15T16:26:48.991+0000][14304.936s][info][gc,phases   ] GC(3475)   Pre Evacuate Collection Set: 0.2ms
[2024-08-15T16:26:48.991+0000][14304.936s][info][gc,phases   ] GC(3475)   Merge Heap Roots: 0.4ms
[2024-08-15T16:26:48.991+0000][14304.936s][info][gc,phases   ] GC(3475)   Evacuate Collection Set: 58.5ms
[2024-08-15T16:26:48.992+0000][14304.936s][info][gc,phases   ] GC(3475)   Post Evacuate Collection Set: 9.1ms
[2024-08-15T16:26:48.992+0000][14304.936s][info][gc,phases   ] GC(3475)   Other: 0.3ms
[2024-08-15T16:26:48.992+0000][14304.936s][info][gc,heap     ] GC(3475) Eden regions: 791->0(787)
[2024-08-15T16:26:48.992+0000][14304.936s][info][gc,heap     ] GC(3475) Survivor regions: 10->13(101)
[2024-08-15T16:26:48.992+0000][14304.936s][info][gc,heap     ] GC(3475) Old regions: 361->361
[2024-08-15T16:26:48.992+0000][14304.936s][info][gc,heap     ] GC(3475) Archive regions: 2->2
[2024-08-15T16:26:48.992+0000][14304.936s][info][gc,heap     ] GC(3475) Humongous regions: 50->50
[2024-08-15T16:26:48.992+0000][14304.936s][info][gc,metaspace] GC(3475) Metaspace: 443413K(449600K)->443413K(449600K) NonClass: 388417K(391872K)->388417K(391872K) Class: 54995K(57728K)->54995K(57728K)
[2024-08-15T16:26:48.992+0000][14304.936s][info][gc          ] GC(3475) Pause Young (Normal) (G1 Evacuation Pause) 9688M->3384M(12288M) 68.446ms
[2024-08-15T16:26:48.992+0000][14304.936s][info][gc,cpu      ] GC(3475) User=0.40s Sys=0.00s Real=0.06s
[2024-08-15T16:26:49.404+0000][14305.349s][info][gc,marking  ] GC(3474) Concurrent Rebuild Remembered Sets 1324.091ms
[2024-08-15T16:26:49.404+0000][14305.349s][info][gc,start    ] GC(3474) Pause Cleanup
[2024-08-15T16:26:49.405+0000][14305.349s][info][gc          ] GC(3474) Pause Cleanup 4452M->4452M(12288M) 0.585ms
[2024-08-15T16:26:49.405+0000][14305.349s][info][gc,cpu      ] GC(3474) User=0.00s Sys=0.00s Real=0.00s
[2024-08-15T16:26:49.405+0000][14305.350s][info][gc,marking  ] GC(3474) Concurrent Cleanup for Next Mark
[2024-08-15T16:26:49.423+0000][14305.367s][info][gc,marking  ] GC(3474) Concurrent Cleanup for Next Mark 17.843ms
[2024-08-15T16:26:49.423+0000][14305.367s][info][gc          ] GC(3474) Concurrent Mark Cycle 3449.086ms
[2024-08-15T16:26:51.348+0000][14307.293s][info][gc,start    ] GC(3476) Pause Young (Prepare Mixed) (G1 Evacuation Pause)
[2024-08-15T16:26:51.348+0000][14307.293s][info][gc,task     ] GC(3476) Using 6 workers of 6 for evacuation
[2024-08-15T16:26:51.421+0000][14307.365s][info][gc,phases   ] GC(3476)   Pre Evacuate Collection Set: 0.2ms
[2024-08-15T16:26:51.421+0000][14307.365s][info][gc,phases   ] GC(3476)   Merge Heap Roots: 0.5ms
[2024-08-15T16:26:51.421+0000][14307.365s][info][gc,phases   ] GC(3476)   Evacuate Collection Set: 63.5ms
[2024-08-15T16:26:51.421+0000][14307.365s][info][gc,phases   ] GC(3476)   Post Evacuate Collection Set: 8.5ms
[2024-08-15T16:26:51.421+0000][14307.365s][info][gc,phases   ] GC(3476)   Other: 0.2ms
[2024-08-15T16:26:51.421+0000][14307.365s][info][gc,heap     ] GC(3476) Eden regions: 787->0(60)
[2024-08-15T16:26:51.421+0000][14307.365s][info][gc,heap     ] GC(3476) Survivor regions: 13->16(100)
[2024-08-15T16:26:51.421+0000][14307.365s][info][gc,heap     ] GC(3476) Old regions: 361->361
[2024-08-15T16:26:51.421+0000][14307.365s][info][gc,heap     ] GC(3476) Archive regions: 2->2
[2024-08-15T16:26:51.421+0000][14307.365s][info][gc,heap     ] GC(3476) Humongous regions: 50->50
[2024-08-15T16:26:51.421+0000][14307.365s][info][gc,metaspace] GC(3476) Metaspace: 443413K(449600K)->443413K(449600K) NonClass: 388417K(391872K)->388417K(391872K) Class: 54995K(57728K)->54995K(57728K)
[2024-08-15T16:26:51.421+0000][14307.365s][info][gc          ] GC(3476) Pause Young (Prepare Mixed) (G1 Evacuation Pause) 9680M->3409M(12288M) 72.873ms
[2024-08-15T16:26:51.421+0000][14307.365s][info][gc,cpu      ] GC(3476) User=0.43s Sys=0.00s Real=0.07s
[2024-08-15T16:26:51.656+0000][14307.601s][info][gc,start    ] GC(3477) Pause Young (Mixed) (G1 Evacuation Pause)
[2024-08-15T16:26:51.656+0000][14307.601s][info][gc,task     ] GC(3477) Using 6 workers of 6 for evacuation
[2024-08-15T16:26:51.738+0000][14307.682s][info][gc,phases   ] GC(3477)   Pre Evacuate Collection Set: 0.2ms
[2024-08-15T16:26:51.738+0000][14307.682s][info][gc,phases   ] GC(3477)   Merge Heap Roots: 0.4ms
[2024-08-15T16:26:51.738+0000][14307.682s][info][gc,phases   ] GC(3477)   Evacuate Collection Set: 77.8ms
[2024-08-15T16:26:51.738+0000][14307.682s][info][gc,phases   ] GC(3477)   Post Evacuate Collection Set: 3.1ms
[2024-08-15T16:26:51.738+0000][14307.682s][info][gc,phases   ] GC(3477)   Other: 0.2ms
[2024-08-15T16:26:51.738+0000][14307.682s][info][gc,heap     ] GC(3477) Eden regions: 60->0(799)
[2024-08-15T16:26:51.738+0000][14307.682s][info][gc,heap     ] GC(3477) Survivor regions: 16->3(10)
[2024-08-15T16:26:51.738+0000][14307.682s][info][gc,heap     ] GC(3477) Old regions: 361->360
[2024-08-15T16:26:51.738+0000][14307.682s][info][gc,heap     ] GC(3477) Archive regions: 2->2
[2024-08-15T16:26:51.738+0000][14307.682s][info][gc,heap     ] GC(3477) Humongous regions: 50->50
[2024-08-15T16:26:51.738+0000][14307.682s][info][gc,metaspace] GC(3477) Metaspace: 443413K(449600K)->443413K(449600K) NonClass: 388417K(391872K)->388417K(391872K) Class: 54995K(57728K)->54995K(57728K)
[2024-08-15T16:26:51.738+0000][14307.682s][info][gc          ] GC(3477) Pause Young (Mixed) (G1 Evacuation Pause) 3889M->3306M(12288M) 81.721ms
[2024-08-15T16:26:51.738+0000][14307.682s][info][gc,cpu      ] GC(3477) User=0.48s Sys=0.00s Real=0.08s
[2024-08-15T16:26:54.036+0000][14309.981s][info][gc,start    ] GC(3478) Pause Young (Normal) (G1 Evacuation Pause)
[2024-08-15T16:26:54.036+0000][14309.981s][info][gc,task     ] GC(3478) Using 6 workers of 6 for evacuation
[2024-08-15T16:26:54.067+0000][14310.011s][info][gc,phases   ] GC(3478)   Pre Evacuate Collection Set: 0.2ms
[2024-08-15T16:26:54.067+0000][14310.011s][info][gc,phases   ] GC(3478)   Merge Heap Roots: 0.3ms
[2024-08-15T16:26:54.067+0000][14310.011s][info][gc,phases   ] GC(3478)   Evacuate Collection Set: 23.7ms
[2024-08-15T16:26:54.067+0000][14310.011s][info][gc,phases   ] GC(3478)   Post Evacuate Collection Set: 6.5ms
[2024-08-15T16:26:54.067+0000][14310.011s][info][gc,phases   ] GC(3478)   Other: 0.2ms
[2024-08-15T16:26:54.067+0000][14310.011s][info][gc,heap     ] GC(3478) Eden regions: 799->0(798)
[2024-08-15T16:26:54.067+0000][14310.011s][info][gc,heap     ] GC(3478) Survivor regions: 3->5(101)
[2024-08-15T16:26:54.067+0000][14310.011s][info][gc,heap     ] GC(3478) Old regions: 360->360
[2024-08-15T16:26:54.067+0000][14310.011s][info][gc,heap     ] GC(3478) Archive regions: 2->2
[2024-08-15T16:26:54.067+0000][14310.011s][info][gc,heap     ] GC(3478) Humongous regions: 50->50
[2024-08-15T16:26:54.067+0000][14310.011s][info][gc,metaspace] GC(3478) Metaspace: 443413K(449600K)->443413K(449600K) NonClass: 388417K(391872K)->388417K(391872K) Class: 54995K(57728K)->54995K(57728K)
[2024-08-15T16:26:54.067+0000][14310.011s][info][gc          ] GC(3478) Pause Young (Normal) (G1 Evacuation Pause) 9698M->3316M(12288M) 30.883ms
[2024-08-15T16:26:54.067+0000][14310.011s][info][gc,cpu      ] GC(3478) User=0.18s Sys=0.00s Real=0.03s
[2024-08-15T16:26:59.466+0000][14315.411s][info][gc,start    ] GC(3479) Pause Young (Normal) (G1 Evacuation Pause)
[2024-08-15T16:26:59.466+0000][14315.411s][info][gc,task     ] GC(3479) Using 6 workers of 6 for evacuation
[2024-08-15T16:26:59.527+0000][14315.472s][info][gc,phases   ] GC(3479)   Pre Evacuate Collection Set: 0.2ms
[2024-08-15T16:26:59.527+0000][14315.472s][info][gc,phases   ] GC(3479)   Merge Heap Roots: 0.3ms
[2024-08-15T16:26:59.527+0000][14315.472s][info][gc,phases   ] GC(3479)   Evacuate Collection Set: 47.2ms
[2024-08-15T16:26:59.527+0000][14315.472s][info][gc,phases   ] GC(3479)   Post Evacuate Collection Set: 13.3ms
[2024-08-15T16:26:59.527+0000][14315.472s][info][gc,phases   ] GC(3479)   Other: 0.2ms
[2024-08-15T16:26:59.527+0000][14315.472s][info][gc,heap     ] GC(3479) Eden regions: 798->0(793)
[2024-08-15T16:26:59.527+0000][14315.472s][info][gc,heap     ] GC(3479) Survivor regions: 5->8(101)
[2024-08-15T16:26:59.527+0000][14315.472s][info][gc,heap     ] GC(3479) Old regions: 360->360
[2024-08-15T16:26:59.527+0000][14315.472s][info][gc,heap     ] GC(3479) Archive regions: 2->2
[2024-08-15T16:26:59.527+0000][14315.472s][info][gc,heap     ] GC(3479) Humongous regions: 50->50
[2024-08-15T16:26:59.527+0000][14315.472s][info][gc,metaspace] GC(3479) Metaspace: 443413K(449600K)->443413K(449600K) NonClass: 388417K(391872K)->388417K(391872K) Class: 54995K(57728K)->54995K(57728K)
[2024-08-15T16:26:59.527+0000][14315.472s][info][gc          ] GC(3479) Pause Young (Normal) (G1 Evacuation Pause) 9700M->3347M(12288M) 61.262ms
[2024-08-15T16:26:59.527+0000][14315.472s][info][gc,cpu      ] GC(3479) User=0.36s Sys=0.00s Real=0.06s
[2024-08-15T16:27:10.526+0000][14326.471s][info][gc,start    ] GC(3480) Pause Young (Concurrent Start) (G1 Evacuation Pause)
[2024-08-15T16:27:10.526+0000][14326.471s][info][gc,task     ] GC(3480) Using 6 workers of 6 for evacuation
[2024-08-15T16:27:10.560+0000][14326.505s][info][gc,phases   ] GC(3480)   Pre Evacuate Collection Set: 0.5ms
[2024-08-15T16:27:10.561+0000][14326.505s][info][gc,phases   ] GC(3480)   Merge Heap Roots: 0.3ms
[2024-08-15T16:27:10.561+0000][14326.505s][info][gc,phases   ] GC(3480)   Evacuate Collection Set: 31.5ms
[2024-08-15T16:27:10.561+0000][14326.505s][info][gc,phases   ] GC(3480)   Post Evacuate Collection Set: 2.0ms
[2024-08-15T16:27:10.561+0000][14326.505s][info][gc,phases   ] GC(3480)   Other: 0.3ms
[2024-08-15T16:27:10.561+0000][14326.505s][info][gc,heap     ] GC(3480) Eden regions: 793->0(787)
[2024-08-15T16:27:10.561+0000][14326.505s][info][gc,heap     ] GC(3480) Survivor regions: 8->13(101)
[2024-08-15T16:27:10.561+0000][14326.505s][info][gc,heap     ] GC(3480) Old regions: 360->360
[2024-08-15T16:27:10.561+0000][14326.505s][info][gc,heap     ] GC(3480) Archive regions: 2->2
[2024-08-15T16:27:10.561+0000][14326.505s][info][gc,heap     ] GC(3480) Humongous regions: 50->50
[2024-08-15T16:27:10.561+0000][14326.505s][info][gc,metaspace] GC(3480) Metaspace: 443413K(449600K)->443413K(449600K) NonClass: 388417K(391872K)->388417K(391872K) Class: 54995K(57728K)->54995K(57728K)
[2024-08-15T16:27:10.561+0000][14326.505s][info][gc          ] GC(3480) Pause Young (Concurrent Start) (G1 Evacuation Pause) 9691M->3380M(12288M) 34.670ms
[2024-08-15T16:27:10.561+0000][14326.505s][info][gc,cpu      ] GC(3480) User=0.20s Sys=0.00s Real=0.03s
[2024-08-15T16:27:10.561+0000][14326.505s][info][gc          ] GC(3481) Concurrent Mark Cycle
[2024-08-15T16:27:10.561+0000][14326.505s][info][gc,marking  ] GC(3481) Concurrent Clear Claimed Marks
[2024-08-15T16:27:10.561+0000][14326.506s][info][gc,marking  ] GC(3481) Concurrent Clear Claimed Marks 0.422ms
[2024-08-15T16:27:10.561+0000][14326.506s][info][gc,marking  ] GC(3481) Concurrent Scan Root Regions
[2024-08-15T16:27:10.604+0000][14326.549s][info][gc,marking  ] GC(3481) Concurrent Scan Root Regions 43.242ms
[2024-08-15T16:27:10.604+0000][14326.549s][info][gc,marking  ] GC(3481) Concurrent Mark
[2024-08-15T16:27:10.604+0000][14326.549s][info][gc,marking  ] GC(3481) Concurrent Mark From Roots
[2024-08-15T16:27:10.604+0000][14326.549s][info][gc,task     ] GC(3481) Using 2 workers of 2 for marking
[2024-08-15T16:27:12.533+0000][14328.477s][info][gc,marking  ] GC(3481) Concurrent Mark From Roots 1928.242ms
[2024-08-15T16:27:12.533+0000][14328.477s][info][gc,marking  ] GC(3481) Concurrent Preclean
[2024-08-15T16:27:12.534+0000][14328.479s][info][gc,marking  ] GC(3481) Concurrent Preclean 1.501ms
[2024-08-15T16:27:12.534+0000][14328.479s][info][gc,start    ] GC(3481) Pause Remark
[2024-08-15T16:27:12.558+0000][14328.503s][info][gc          ] GC(3481) Pause Remark 4456M->4456M(12288M) 23.708ms
[2024-08-15T16:27:12.558+0000][14328.503s][info][gc,cpu      ] GC(3481) User=0.10s Sys=0.00s Real=0.03s
[2024-08-15T16:27:12.558+0000][14328.503s][info][gc,marking  ] GC(3481) Concurrent Mark 1953.786ms
[2024-08-15T16:27:12.558+0000][14328.503s][info][gc,marking  ] GC(3481) Concurrent Rebuild Remembered Sets
[2024-08-15T16:27:13.739+0000][14329.683s][info][gc,marking  ] GC(3481) Concurrent Rebuild Remembered Sets 1180.536ms
[2024-08-15T16:27:13.739+0000][14329.684s][info][gc,start    ] GC(3481) Pause Cleanup
[2024-08-15T16:27:13.740+0000][14329.684s][info][gc          ] GC(3481) Pause Cleanup 5112M->5112M(12288M) 0.625ms
[2024-08-15T16:27:13.740+0000][14329.684s][info][gc,cpu      ] GC(3481) User=0.00s Sys=0.00s Real=0.00s
[2024-08-15T16:27:13.740+0000][14329.684s][info][gc,marking  ] GC(3481) Concurrent Cleanup for Next Mark
[2024-08-15T16:27:13.757+0000][14329.702s][info][gc,marking  ] GC(3481) Concurrent Cleanup for Next Mark 17.564ms
[2024-08-15T16:27:13.757+0000][14329.702s][info][gc          ] GC(3481) Concurrent Mark Cycle 3196.604ms
[2024-08-15T16:27:21.697+0000][14337.642s][info][gc,start    ] GC(3482) Pause Young (Prepare Mixed) (G1 Evacuation Pause)
[2024-08-15T16:27:21.697+0000][14337.642s][info][gc,task     ] GC(3482) Using 6 workers of 6 for evacuation
[2024-08-15T16:27:21.746+0000][14337.690s][info][gc,phases   ] GC(3482)   Pre Evacuate Collection Set: 0.2ms
[2024-08-15T16:27:21.746+0000][14337.690s][info][gc,phases   ] GC(3482)   Merge Heap Roots: 0.4ms
[2024-08-15T16:27:21.746+0000][14337.690s][info][gc,phases   ] GC(3482)   Evacuate Collection Set: 45.0ms
[2024-08-15T16:27:21.746+0000][14337.690s][info][gc,phases   ] GC(3482)   Post Evacuate Collection Set: 2.5ms
[2024-08-15T16:27:21.746+0000][14337.690s][info][gc,phases   ] GC(3482)   Other: 0.2ms
[2024-08-15T16:27:21.746+0000][14337.690s][info][gc,heap     ] GC(3482) Eden regions: 787->0(60)
[2024-08-15T16:27:21.746+0000][14337.690s][info][gc,heap     ] GC(3482) Survivor regions: 13->16(100)
[2024-08-15T16:27:21.746+0000][14337.690s][info][gc,heap     ] GC(3482) Old regions: 360->360
[2024-08-15T16:27:21.746+0000][14337.690s][info][gc,heap     ] GC(3482) Archive regions: 2->2
[2024-08-15T16:27:21.746+0000][14337.690s][info][gc,heap     ] GC(3482) Humongous regions: 50->50
[2024-08-15T16:27:21.746+0000][14337.690s][info][gc,metaspace] GC(3482) Metaspace: 443414K(449600K)->443414K(449600K) NonClass: 388418K(391872K)->388418K(391872K) Class: 54995K(57728K)->54995K(57728K)
[2024-08-15T16:27:21.746+0000][14337.690s][info][gc          ] GC(3482) Pause Young (Prepare Mixed) (G1 Evacuation Pause) 9676M->3411M(12288M) 48.284ms
[2024-08-15T16:27:21.746+0000][14337.690s][info][gc,cpu      ] GC(3482) User=0.28s Sys=0.00s Real=0.05s
[2024-08-15T16:27:22.631+0000][14338.575s][info][gc,start    ] GC(3483) Pause Young (Mixed) (G1 Evacuation Pause)
[2024-08-15T16:27:22.631+0000][14338.575s][info][gc,task     ] GC(3483) Using 6 workers of 6 for evacuation
[2024-08-15T16:27:22.702+0000][14338.646s][info][gc,phases   ] GC(3483)   Pre Evacuate Collection Set: 0.2ms
[2024-08-15T16:27:22.702+0000][14338.646s][info][gc,phases   ] GC(3483)   Merge Heap Roots: 0.4ms
[2024-08-15T16:27:22.702+0000][14338.646s][info][gc,phases   ] GC(3483)   Evacuate Collection Set: 68.8ms
[2024-08-15T16:27:22.702+0000][14338.646s][info][gc,phases   ] GC(3483)   Post Evacuate Collection Set: 1.5ms
[2024-08-15T16:27:22.702+0000][14338.646s][info][gc,phases   ] GC(3483)   Other: 0.2ms
[2024-08-15T16:27:22.702+0000][14338.646s][info][gc,heap     ] GC(3483) Eden regions: 60->0(799)
[2024-08-15T16:27:22.702+0000][14338.646s][info][gc,heap     ] GC(3483) Survivor regions: 16->7(10)
[2024-08-15T16:27:22.702+0000][14338.646s][info][gc,heap     ] GC(3483) Old regions: 360->353
[2024-08-15T16:27:22.702+0000][14338.646s][info][gc,heap     ] GC(3483) Archive regions: 2->2
[2024-08-15T16:27:22.702+0000][14338.646s][info][gc,heap     ] GC(3483) Humongous regions: 50->50
[2024-08-15T16:27:22.702+0000][14338.646s][info][gc,metaspace] GC(3483) Metaspace: 443414K(449600K)->443414K(449600K) NonClass: 388418K(391872K)->388418K(391872K) Class: 54995K(57728K)->54995K(57728K)
[2024-08-15T16:27:22.702+0000][14338.646s][info][gc          ] GC(3483) Pause Young (Mixed) (G1 Evacuation Pause) 3891M->3278M(12288M) 71.088ms
[2024-08-15T16:27:22.702+0000][14338.646s][info][gc,cpu      ] GC(3483) User=0.42s Sys=0.00s Real=0.07s
[2024-08-15T16:27:33.735+0000][14349.680s][info][gc,start    ] GC(3484) Pause Young (Normal) (G1 Evacuation Pause)
[2024-08-15T16:27:33.735+0000][14349.680s][info][gc,task     ] GC(3484) Using 6 workers of 6 for evacuation
[2024-08-15T16:27:33.766+0000][14349.710s][info][gc,phases   ] GC(3484)   Pre Evacuate Collection Set: 0.2ms
[2024-08-15T16:27:33.766+0000][14349.711s][info][gc,phases   ] GC(3484)   Merge Heap Roots: 0.2ms
[2024-08-15T16:27:33.766+0000][14349.711s][info][gc,phases   ] GC(3484)   Evacuate Collection Set: 27.7ms
[2024-08-15T16:27:33.766+0000][14349.711s][info][gc,phases   ] GC(3484)   Post Evacuate Collection Set: 2.1ms
[2024-08-15T16:27:33.766+0000][14349.711s][info][gc,phases   ] GC(3484)   Other: 0.2ms
[2024-08-15T16:27:33.766+0000][14349.711s][info][gc,heap     ] GC(3484) Eden regions: 799->0(795)
[2024-08-15T16:27:33.766+0000][14349.711s][info][gc,heap     ] GC(3484) Survivor regions: 7->11(101)
[2024-08-15T16:27:33.766+0000][14349.711s][info][gc,heap     ] GC(3484) Old regions: 353->353
[2024-08-15T16:27:33.766+0000][14349.711s][info][gc,heap     ] GC(3484) Archive regions: 2->2
[2024-08-15T16:27:33.766+0000][14349.711s][info][gc,heap     ] GC(3484) Humongous regions: 50->50
[2024-08-15T16:27:33.766+0000][14349.711s][info][gc,metaspace] GC(3484) Metaspace: 443414K(449600K)->443414K(449600K) NonClass: 388418K(391872K)->388418K(391872K) Class: 54995K(57728K)->54995K(57728K)
[2024-08-15T16:27:33.766+0000][14349.711s][info][gc          ] GC(3484) Pause Young (Normal) (G1 Evacuation Pause) 9670M->3304M(12288M) 30.582ms
[2024-08-15T16:27:33.766+0000][14349.711s][info][gc,cpu      ] GC(3484) User=0.18s Sys=0.00s Real=0.03s
[2024-08-15T16:27:44.612+0000][14360.556s][info][gc,start    ] GC(3485) Pause Young (Normal) (G1 Evacuation Pause)
[2024-08-15T16:27:44.612+0000][14360.556s][info][gc,task     ] GC(3485) Using 6 workers of 6 for evacuation
[2024-08-15T16:27:44.644+0000][14360.589s][info][gc,phases   ] GC(3485)   Pre Evacuate Collection Set: 0.2ms
[2024-08-15T16:27:44.644+0000][14360.589s][info][gc,phases   ] GC(3485)   Merge Heap Roots: 0.2ms
[2024-08-15T16:27:44.644+0000][14360.589s][info][gc,phases   ] GC(3485)   Evacuate Collection Set: 29.8ms
[2024-08-15T16:27:44.644+0000][14360.589s][info][gc,phases   ] GC(3485)   Post Evacuate Collection Set: 2.1ms
[2024-08-15T16:27:44.644+0000][14360.589s][info][gc,phases   ] GC(3485)   Other: 0.2ms
[2024-08-15T16:27:44.644+0000][14360.589s][info][gc,heap     ] GC(3485) Eden regions: 795->0(791)
[2024-08-15T16:27:44.644+0000][14360.589s][info][gc,heap     ] GC(3485) Survivor regions: 11->14(101)
[2024-08-15T16:27:44.644+0000][14360.589s][info][gc,heap     ] GC(3485) Old regions: 353->353
[2024-08-15T16:27:44.644+0000][14360.589s][info][gc,heap     ] GC(3485) Archive regions: 2->2
[2024-08-15T16:27:44.644+0000][14360.589s][info][gc,heap     ] GC(3485) Humongous regions: 50->50
[2024-08-15T16:27:44.644+0000][14360.589s][info][gc,metaspace] GC(3485) Metaspace: 443414K(449600K)->443414K(449600K) NonClass: 388418K(391872K)->388418K(391872K) Class: 54995K(57728K)->54995K(57728K)
[2024-08-15T16:27:44.644+0000][14360.589s][info][gc          ] GC(3485) Pause Young (Normal) (G1 Evacuation Pause) 9664M->3334M(12288M) 32.585ms
[2024-08-15T16:27:44.644+0000][14360.589s][info][gc,cpu      ] GC(3485) User=0.19s Sys=0.00s Real=0.04s
[2024-08-15T16:27:54.773+0000][14370.718s][info][gc,start    ] GC(3486) Pause Young (Concurrent Start) (G1 Evacuation Pause)
[2024-08-15T16:27:54.773+0000][14370.718s][info][gc,task     ] GC(3486) Using 6 workers of 6 for evacuation
[2024-08-15T16:27:54.817+0000][14370.762s][info][gc,phases   ] GC(3486)   Pre Evacuate Collection Set: 0.5ms
[2024-08-15T16:27:54.817+0000][14370.762s][info][gc,phases   ] GC(3486)   Merge Heap Roots: 0.2ms
[2024-08-15T16:27:54.817+0000][14370.762s][info][gc,phases   ] GC(3486)   Evacuate Collection Set: 41.0ms
[2024-08-15T16:27:54.817+0000][14370.762s][info][gc,phases   ] GC(3486)   Post Evacuate Collection Set: 2.1ms
[2024-08-15T16:27:54.817+0000][14370.762s][info][gc,phases   ] GC(3486)   Other: 0.3ms
[2024-08-15T16:27:54.817+0000][14370.762s][info][gc,heap     ] GC(3486) Eden regions: 791->0(789)
[2024-08-15T16:27:54.817+0000][14370.762s][info][gc,heap     ] GC(3486) Survivor regions: 14->16(101)
[2024-08-15T16:27:54.817+0000][14370.762s][info][gc,heap     ] GC(3486) Old regions: 353->353
[2024-08-15T16:27:54.817+0000][14370.762s][info][gc,heap     ] GC(3486) Archive regions: 2->2
[2024-08-15T16:27:54.817+0000][14370.762s][info][gc,heap     ] GC(3486) Humongous regions: 50->50
[2024-08-15T16:27:54.817+0000][14370.762s][info][gc,metaspace] GC(3486) Metaspace: 443414K(449600K)->443414K(449600K) NonClass: 388418K(391872K)->388418K(391872K) Class: 54995K(57728K)->54995K(57728K)
[2024-08-15T16:27:54.817+0000][14370.762s][info][gc          ] GC(3486) Pause Young (Concurrent Start) (G1 Evacuation Pause) 9662M->3345M(12288M) 44.253ms
[2024-08-15T16:27:54.817+0000][14370.762s][info][gc,cpu      ] GC(3486) User=0.25s Sys=0.01s Real=0.05s
[2024-08-15T16:27:54.817+0000][14370.762s][info][gc          ] GC(3487) Concurrent Mark Cycle
[2024-08-15T16:27:54.817+0000][14370.762s][info][gc,marking  ] GC(3487) Concurrent Clear Claimed Marks
[2024-08-15T16:27:54.818+0000][14370.762s][info][gc,marking  ] GC(3487) Concurrent Clear Claimed Marks 0.395ms
[2024-08-15T16:27:54.818+0000][14370.763s][info][gc,marking  ] GC(3487) Concurrent Scan Root Regions
[2024-08-15T16:27:54.851+0000][14370.795s][info][gc,marking  ] GC(3487) Concurrent Scan Root Regions 32.737ms
[2024-08-15T16:27:54.851+0000][14370.795s][info][gc,marking  ] GC(3487) Concurrent Mark
[2024-08-15T16:27:54.851+0000][14370.795s][info][gc,marking  ] GC(3487) Concurrent Mark From Roots
[2024-08-15T16:27:54.851+0000][14370.795s][info][gc,task     ] GC(3487) Using 2 workers of 2 for marking
[2024-08-15T16:27:56.831+0000][14372.776s][info][gc,marking  ] GC(3487) Concurrent Mark From Roots 1980.250ms
[2024-08-15T16:27:56.831+0000][14372.776s][info][gc,marking  ] GC(3487) Concurrent Preclean
[2024-08-15T16:27:56.833+0000][14372.777s][info][gc,marking  ] GC(3487) Concurrent Preclean 1.757ms
[2024-08-15T16:27:56.833+0000][14372.777s][info][gc,start    ] GC(3487) Pause Remark
[2024-08-15T16:27:56.856+0000][14372.801s][info][gc          ] GC(3487) Pause Remark 4465M->4465M(12288M) 23.443ms
[2024-08-15T16:27:56.856+0000][14372.801s][info][gc,cpu      ] GC(3487) User=0.11s Sys=0.00s Real=0.03s
[2024-08-15T16:27:56.856+0000][14372.801s][info][gc,marking  ] GC(3487) Concurrent Mark 2005.795ms
[2024-08-15T16:27:56.856+0000][14372.801s][info][gc,marking  ] GC(3487) Concurrent Rebuild Remembered Sets
[2024-08-15T16:27:58.104+0000][14374.049s][info][gc,marking  ] GC(3487) Concurrent Rebuild Remembered Sets 1247.757ms
[2024-08-15T16:27:58.104+0000][14374.049s][info][gc,start    ] GC(3487) Pause Cleanup
[2024-08-15T16:27:58.105+0000][14374.050s][info][gc          ] GC(3487) Pause Cleanup 5173M->5173M(12288M) 0.599ms
[2024-08-15T16:27:58.105+0000][14374.050s][info][gc,cpu      ] GC(3487) User=0.00s Sys=0.00s Real=0.00s
[2024-08-15T16:27:58.105+0000][14374.050s][info][gc,marking  ] GC(3487) Concurrent Cleanup for Next Mark
[2024-08-15T16:27:58.123+0000][14374.068s][info][gc,marking  ] GC(3487) Concurrent Cleanup for Next Mark 17.909ms
[2024-08-15T16:27:58.123+0000][14374.068s][info][gc          ] GC(3487) Concurrent Mark Cycle 3305.676ms
[2024-08-15T16:28:05.746+0000][14381.691s][info][gc,start    ] GC(3488) Pause Young (Prepare Mixed) (G1 Evacuation Pause)
[2024-08-15T16:28:05.746+0000][14381.691s][info][gc,task     ] GC(3488) Using 6 workers of 6 for evacuation
[2024-08-15T16:28:05.793+0000][14381.738s][info][gc,phases   ] GC(3488)   Pre Evacuate Collection Set: 0.2ms
[2024-08-15T16:28:05.793+0000][14381.738s][info][gc,phases   ] GC(3488)   Merge Heap Roots: 0.3ms
[2024-08-15T16:28:05.793+0000][14381.738s][info][gc,phases   ] GC(3488)   Evacuate Collection Set: 44.6ms
[2024-08-15T16:28:05.793+0000][14381.738s][info][gc,phases   ] GC(3488)   Post Evacuate Collection Set: 2.1ms
[2024-08-15T16:28:05.793+0000][14381.738s][info][gc,phases   ] GC(3488)   Other: 0.2ms
[2024-08-15T16:28:05.793+0000][14381.738s][info][gc,heap     ] GC(3488) Eden regions: 789->0(57)
[2024-08-15T16:28:05.793+0000][14381.738s][info][gc,heap     ] GC(3488) Survivor regions: 16->19(101)
[2024-08-15T16:28:05.793+0000][14381.738s][info][gc,heap     ] GC(3488) Old regions: 353->353
[2024-08-15T16:28:05.793+0000][14381.738s][info][gc,heap     ] GC(3488) Archive regions: 2->2
[2024-08-15T16:28:05.793+0000][14381.738s][info][gc,heap     ] GC(3488) Humongous regions: 50->50
[2024-08-15T16:28:05.793+0000][14381.738s][info][gc,metaspace] GC(3488) Metaspace: 443414K(449600K)->443414K(449600K) NonClass: 388418K(391872K)->388418K(391872K) Class: 54995K(57728K)->54995K(57728K)
[2024-08-15T16:28:05.793+0000][14381.738s][info][gc          ] GC(3488) Pause Young (Prepare Mixed) (G1 Evacuation Pause) 9657M->3369M(12288M) 47.433ms
[2024-08-15T16:28:05.793+0000][14381.738s][info][gc,cpu      ] GC(3488) User=0.27s Sys=0.01s Real=0.04s
[2024-08-15T16:28:06.557+0000][14382.501s][info][gc,start    ] GC(3489) Pause Young (Mixed) (G1 Evacuation Pause)
[2024-08-15T16:28:06.557+0000][14382.501s][info][gc,task     ] GC(3489) Using 6 workers of 6 for evacuation
[2024-08-15T16:28:06.638+0000][14382.583s][info][gc,phases   ] GC(3489)   Pre Evacuate Collection Set: 0.2ms
[2024-08-15T16:28:06.638+0000][14382.583s][info][gc,phases   ] GC(3489)   Merge Heap Roots: 0.3ms
[2024-08-15T16:28:06.638+0000][14382.583s][info][gc,phases   ] GC(3489)   Evacuate Collection Set: 79.6ms
[2024-08-15T16:28:06.638+0000][14382.583s][info][gc,phases   ] GC(3489)   Post Evacuate Collection Set: 1.4ms
[2024-08-15T16:28:06.638+0000][14382.583s][info][gc,phases   ] GC(3489)   Other: 0.2ms
[2024-08-15T16:28:06.638+0000][14382.583s][info][gc,heap     ] GC(3489) Eden regions: 57->0(796)
[2024-08-15T16:28:06.638+0000][14382.583s][info][gc,heap     ] GC(3489) Survivor regions: 19->3(10)
[2024-08-15T16:28:06.638+0000][14382.583s][info][gc,heap     ] GC(3489) Old regions: 353->358
[2024-08-15T16:28:06.638+0000][14382.583s][info][gc,heap     ] GC(3489) Archive regions: 2->2
[2024-08-15T16:28:06.638+0000][14382.583s][info][gc,heap     ] GC(3489) Humongous regions: 50->50
[2024-08-15T16:28:06.638+0000][14382.583s][info][gc,metaspace] GC(3489) Metaspace: 443414K(449600K)->443414K(449600K) NonClass: 388418K(391872K)->388418K(391872K) Class: 54995K(57728K)->54995K(57728K)
[2024-08-15T16:28:06.638+0000][14382.583s][info][gc          ] GC(3489) Pause Young (Mixed) (G1 Evacuation Pause) 3825M->3286M(12288M) 81.672ms
[2024-08-15T16:28:06.638+0000][14382.583s][info][gc,cpu      ] GC(3489) User=0.49s Sys=0.00s Real=0.08s
[2024-08-15T16:28:16.598+0000][14392.543s][info][gc,start    ] GC(3490) Pause Young (Normal) (G1 Evacuation Pause)
[2024-08-15T16:28:16.598+0000][14392.543s][info][gc,task     ] GC(3490) Using 6 workers of 6 for evacuation
[2024-08-15T16:28:16.615+0000][14392.560s][info][gc,phases   ] GC(3490)   Pre Evacuate Collection Set: 0.2ms
[2024-08-15T16:28:16.615+0000][14392.560s][info][gc,phases   ] GC(3490)   Merge Heap Roots: 0.2ms
[2024-08-15T16:28:16.615+0000][14392.560s][info][gc,phases   ] GC(3490)   Evacuate Collection Set: 13.9ms
[2024-08-15T16:28:16.615+0000][14392.560s][info][gc,phases   ] GC(3490)   Post Evacuate Collection Set: 2.1ms
[2024-08-15T16:28:16.615+0000][14392.560s][info][gc,phases   ] GC(3490)   Other: 0.2ms
[2024-08-15T16:28:16.615+0000][14392.560s][info][gc,heap     ] GC(3490) Eden regions: 796->0(795)
[2024-08-15T16:28:16.615+0000][14392.560s][info][gc,heap     ] GC(3490) Survivor regions: 3->5(100)
[2024-08-15T16:28:16.615+0000][14392.560s][info][gc,heap     ] GC(3490) Old regions: 358->358
[2024-08-15T16:28:16.615+0000][14392.560s][info][gc,heap     ] GC(3490) Archive regions: 2->2
[2024-08-15T16:28:16.615+0000][14392.560s][info][gc,heap     ] GC(3490) Humongous regions: 50->50
[2024-08-15T16:28:16.615+0000][14392.560s][info][gc,metaspace] GC(3490) Metaspace: 443414K(449600K)->443414K(449600K) NonClass: 388418K(391872K)->388418K(391872K) Class: 54995K(57728K)->54995K(57728K)
[2024-08-15T16:28:16.615+0000][14392.560s][info][gc          ] GC(3490) Pause Young (Normal) (G1 Evacuation Pause) 9654M->3299M(12288M) 16.698ms
[2024-08-15T16:28:16.615+0000][14392.560s][info][gc,cpu      ] GC(3490) User=0.09s Sys=0.00s Real=0.01s
[2024-08-15T16:28:27.333+0000][14403.277s][info][gc,start    ] GC(3491) Pause Young (Normal) (G1 Evacuation Pause)
[2024-08-15T16:28:27.333+0000][14403.277s][info][gc,task     ] GC(3491) Using 6 workers of 6 for evacuation
[2024-08-15T16:28:27.358+0000][14403.302s][info][gc,phases   ] GC(3491)   Pre Evacuate Collection Set: 0.2ms
[2024-08-15T16:28:27.358+0000][14403.302s][info][gc,phases   ] GC(3491)   Merge Heap Roots: 0.2ms
[2024-08-15T16:28:27.358+0000][14403.302s][info][gc,phases   ] GC(3491)   Evacuate Collection Set: 22.2ms
[2024-08-15T16:28:27.358+0000][14403.302s][info][gc,phases   ] GC(3491)   Post Evacuate Collection Set: 2.0ms
[2024-08-15T16:28:27.358+0000][14403.302s][info][gc,phases   ] GC(3491)   Other: 0.2ms
[2024-08-15T16:28:27.358+0000][14403.302s][info][gc,heap     ] GC(3491) Eden regions: 795->0(791)
[2024-08-15T16:28:27.358+0000][14403.302s][info][gc,heap     ] GC(3491) Survivor regions: 5->10(100)
[2024-08-15T16:28:27.358+0000][14403.302s][info][gc,heap     ] GC(3491) Old regions: 358->358
[2024-08-15T16:28:27.358+0000][14403.302s][info][gc,heap     ] GC(3491) Archive regions: 2->2
[2024-08-15T16:28:27.358+0000][14403.302s][info][gc,heap     ] GC(3491) Humongous regions: 50->50
[2024-08-15T16:28:27.358+0000][14403.302s][info][gc,metaspace] GC(3491) Metaspace: 443414K(449600K)->443414K(449600K) NonClass: 388418K(391872K)->388418K(391872K) Class: 54995K(57728K)->54995K(57728K)
[2024-08-15T16:28:27.358+0000][14403.302s][info][gc          ] GC(3491) Pause Young (Normal) (G1 Evacuation Pause) 9659M->3335M(12288M) 24.885ms
[2024-08-15T16:28:27.358+0000][14403.302s][info][gc,cpu      ] GC(3491) User=0.15s Sys=0.00s Real=0.03s
[2024-08-15T16:28:38.134+0000][14414.078s][info][gc,start    ] GC(3492) Pause Young (Concurrent Start) (G1 Evacuation Pause)
[2024-08-15T16:28:38.134+0000][14414.078s][info][gc,task     ] GC(3492) Using 6 workers of 6 for evacuation
[2024-08-15T16:28:38.167+0000][14414.111s][info][gc,phases   ] GC(3492)   Pre Evacuate Collection Set: 0.6ms
[2024-08-15T16:28:38.167+0000][14414.111s][info][gc,phases   ] GC(3492)   Merge Heap Roots: 0.2ms
[2024-08-15T16:28:38.167+0000][14414.111s][info][gc,phases   ] GC(3492)   Evacuate Collection Set: 29.5ms
[2024-08-15T16:28:38.167+0000][14414.111s][info][gc,phases   ] GC(3492)   Post Evacuate Collection Set: 2.2ms
[2024-08-15T16:28:38.167+0000][14414.111s][info][gc,phases   ] GC(3492)   Other: 0.3ms
[2024-08-15T16:28:38.167+0000][14414.111s][info][gc,heap     ] GC(3492) Eden regions: 791->0(788)
[2024-08-15T16:28:38.167+0000][14414.111s][info][gc,heap     ] GC(3492) Survivor regions: 10->13(101)
[2024-08-15T16:28:38.167+0000][14414.111s][info][gc,heap     ] GC(3492) Old regions: 358->358
[2024-08-15T16:28:38.167+0000][14414.111s][info][gc,heap     ] GC(3492) Archive regions: 2->2
[2024-08-15T16:28:38.167+0000][14414.111s][info][gc,heap     ] GC(3492) Humongous regions: 50->50
[2024-08-15T16:28:38.167+0000][14414.111s][info][gc,metaspace] GC(3492) Metaspace: 443414K(449600K)->443414K(449600K) NonClass: 388418K(391872K)->388418K(391872K) Class: 54995K(57728K)->54995K(57728K)
[2024-08-15T16:28:38.167+0000][14414.111s][info][gc          ] GC(3492) Pause Young (Concurrent Start) (G1 Evacuation Pause) 9663M->3366M(12288M) 32.802ms
[2024-08-15T16:28:38.167+0000][14414.111s][info][gc,cpu      ] GC(3492) User=0.19s Sys=0.00s Real=0.04s
[2024-08-15T16:28:38.167+0000][14414.111s][info][gc          ] GC(3493) Concurrent Mark Cycle
[2024-08-15T16:28:38.167+0000][14414.111s][info][gc,marking  ] GC(3493) Concurrent Clear Claimed Marks
[2024-08-15T16:28:38.167+0000][14414.112s][info][gc,marking  ] GC(3493) Concurrent Clear Claimed Marks 0.430ms
[2024-08-15T16:28:38.167+0000][14414.112s][info][gc,marking  ] GC(3493) Concurrent Scan Root Regions
[2024-08-15T16:28:38.190+0000][14414.134s][info][gc,marking  ] GC(3493) Concurrent Scan Root Regions 22.519ms
[2024-08-15T16:28:38.190+0000][14414.134s][info][gc,marking  ] GC(3493) Concurrent Mark
[2024-08-15T16:28:38.190+0000][14414.134s][info][gc,marking  ] GC(3493) Concurrent Mark From Roots
[2024-08-15T16:28:38.190+0000][14414.134s][info][gc,task     ] GC(3493) Using 2 workers of 2 for marking
[2024-08-15T16:28:40.132+0000][14416.077s][info][gc,marking  ] GC(3493) Concurrent Mark From Roots 1942.205ms
[2024-08-15T16:28:40.132+0000][14416.077s][info][gc,marking  ] GC(3493) Concurrent Preclean
[2024-08-15T16:28:40.134+0000][14416.078s][info][gc,marking  ] GC(3493) Concurrent Preclean 1.762ms
[2024-08-15T16:28:40.134+0000][14416.079s][info][gc,start    ] GC(3493) Pause Remark
[2024-08-15T16:28:40.157+0000][14416.102s][info][gc          ] GC(3493) Pause Remark 4466M->4466M(12288M) 23.453ms
[2024-08-15T16:28:40.158+0000][14416.102s][info][gc,cpu      ] GC(3493) User=0.10s Sys=0.00s Real=0.03s
[2024-08-15T16:28:40.158+0000][14416.102s][info][gc,marking  ] GC(3493) Concurrent Mark 1967.876ms
[2024-08-15T16:28:40.158+0000][14416.102s][info][gc,marking  ] GC(3493) Concurrent Rebuild Remembered Sets
[2024-08-15T16:28:41.379+0000][14417.323s][info][gc,marking  ] GC(3493) Concurrent Rebuild Remembered Sets 1221.144ms
[2024-08-15T16:28:41.379+0000][14417.324s][info][gc,start    ] GC(3493) Pause Cleanup
[2024-08-15T16:28:41.380+0000][14417.324s][info][gc          ] GC(3493) Pause Cleanup 5146M->5146M(12288M) 0.626ms
[2024-08-15T16:28:41.380+0000][14417.324s][info][gc,cpu      ] GC(3493) User=0.00s Sys=0.00s Real=0.00s
[2024-08-15T16:28:41.380+0000][14417.324s][info][gc,marking  ] GC(3493) Concurrent Cleanup for Next Mark
[2024-08-15T16:28:41.398+0000][14417.342s][info][gc,marking  ] GC(3493) Concurrent Cleanup for Next Mark 18.088ms
[2024-08-15T16:28:41.398+0000][14417.343s][info][gc          ] GC(3493) Concurrent Mark Cycle 3231.168ms
[2024-08-15T16:28:48.694+0000][14424.639s][info][gc,start    ] GC(3494) Pause Young (Prepare Mixed) (G1 Evacuation Pause)
[2024-08-15T16:28:48.694+0000][14424.639s][info][gc,task     ] GC(3494) Using 6 workers of 6 for evacuation
[2024-08-15T16:28:48.732+0000][14424.677s][info][gc,phases   ] GC(3494)   Pre Evacuate Collection Set: 0.2ms
[2024-08-15T16:28:48.732+0000][14424.677s][info][gc,phases   ] GC(3494)   Merge Heap Roots: 0.3ms
[2024-08-15T16:28:48.732+0000][14424.677s][info][gc,phases   ] GC(3494)   Evacuate Collection Set: 35.6ms
[2024-08-15T16:28:48.732+0000][14424.677s][info][gc,phases   ] GC(3494)   Post Evacuate Collection Set: 2.2ms
[2024-08-15T16:28:48.732+0000][14424.677s][info][gc,phases   ] GC(3494)   Other: 0.2ms
[2024-08-15T16:28:48.733+0000][14424.677s][info][gc,heap     ] GC(3494) Eden regions: 788->0(61)
[2024-08-15T16:28:48.733+0000][14424.677s][info][gc,heap     ] GC(3494) Survivor regions: 13->15(101)
[2024-08-15T16:28:48.733+0000][14424.677s][info][gc,heap     ] GC(3494) Old regions: 358->358
[2024-08-15T16:28:48.733+0000][14424.677s][info][gc,heap     ] GC(3494) Archive regions: 2->2
[2024-08-15T16:28:48.733+0000][14424.677s][info][gc,heap     ] GC(3494) Humongous regions: 50->50
[2024-08-15T16:28:48.733+0000][14424.677s][info][gc,metaspace] GC(3494) Metaspace: 443414K(449600K)->443414K(449600K) NonClass: 388419K(391872K)->388419K(391872K) Class: 54995K(57728K)->54995K(57728K)
[2024-08-15T16:28:48.733+0000][14424.677s][info][gc          ] GC(3494) Pause Young (Prepare Mixed) (G1 Evacuation Pause) 9670M->3379M(12288M) 38.509ms
[2024-08-15T16:28:48.733+0000][14424.677s][info][gc,cpu      ] GC(3494) User=0.23s Sys=0.00s Real=0.04s
[2024-08-15T16:28:49.516+0000][14425.461s][info][gc,start    ] GC(3495) Pause Young (Mixed) (G1 Evacuation Pause)
[2024-08-15T16:28:49.516+0000][14425.461s][info][gc,task     ] GC(3495) Using 6 workers of 6 for evacuation
[2024-08-15T16:28:49.585+0000][14425.530s][info][gc,phases   ] GC(3495)   Pre Evacuate Collection Set: 0.2ms
[2024-08-15T16:28:49.585+0000][14425.530s][info][gc,phases   ] GC(3495)   Merge Heap Roots: 0.3ms
[2024-08-15T16:28:49.585+0000][14425.530s][info][gc,phases   ] GC(3495)   Evacuate Collection Set: 66.8ms
[2024-08-15T16:28:49.585+0000][14425.530s][info][gc,phases   ] GC(3495)   Post Evacuate Collection Set: 1.4ms
[2024-08-15T16:28:49.585+0000][14425.530s][info][gc,phases   ] GC(3495)   Other: 0.2ms
[2024-08-15T16:28:49.585+0000][14425.530s][info][gc,heap     ] GC(3495) Eden regions: 61->0(800)
[2024-08-15T16:28:49.585+0000][14425.530s][info][gc,heap     ] GC(3495) Survivor regions: 15->6(10)
[2024-08-15T16:28:49.585+0000][14425.530s][info][gc,heap     ] GC(3495) Old regions: 358->353
[2024-08-15T16:28:49.585+0000][14425.530s][info][gc,heap     ] GC(3495) Archive regions: 2->2
[2024-08-15T16:28:49.585+0000][14425.530s][info][gc,heap     ] GC(3495) Humongous regions: 50->50
[2024-08-15T16:28:49.585+0000][14425.530s][info][gc,metaspace] GC(3495) Metaspace: 443414K(449600K)->443414K(449600K) NonClass: 388419K(391872K)->388419K(391872K) Class: 54995K(57728K)->54995K(57728K)
[2024-08-15T16:28:49.585+0000][14425.530s][info][gc          ] GC(3495) Pause Young (Mixed) (G1 Evacuation Pause) 3867M->3272M(12288M) 68.874ms
[2024-08-15T16:28:49.585+0000][14425.530s][info][gc,cpu      ] GC(3495) User=0.40s Sys=0.00s Real=0.07s
[2024-08-15T16:29:00.409+0000][14436.353s][info][gc,start    ] GC(3496) Pause Young (Normal) (G1 Evacuation Pause)
[2024-08-15T16:29:00.409+0000][14436.353s][info][gc,task     ] GC(3496) Using 6 workers of 6 for evacuation
[2024-08-15T16:29:00.436+0000][14436.381s][info][gc,phases   ] GC(3496)   Pre Evacuate Collection Set: 0.2ms
[2024-08-15T16:29:00.436+0000][14436.381s][info][gc,phases   ] GC(3496)   Merge Heap Roots: 0.3ms
[2024-08-15T16:29:00.436+0000][14436.381s][info][gc,phases   ] GC(3496)   Evacuate Collection Set: 24.8ms
[2024-08-15T16:29:00.436+0000][14436.381s][info][gc,phases   ] GC(3496)   Post Evacuate Collection Set: 2.2ms
[2024-08-15T16:29:00.436+0000][14436.381s][info][gc,phases   ] GC(3496)   Other: 0.2ms
[2024-08-15T16:29:00.436+0000][14436.381s][info][gc,heap     ] GC(3496) Eden regions: 800->0(794)
[2024-08-15T16:29:00.436+0000][14436.381s][info][gc,heap     ] GC(3496) Survivor regions: 6->11(101)
[2024-08-15T16:29:00.436+0000][14436.381s][info][gc,heap     ] GC(3496) Old regions: 353->353
[2024-08-15T16:29:00.436+0000][14436.381s][info][gc,heap     ] GC(3496) Archive regions: 2->2
[2024-08-15T16:29:00.436+0000][14436.381s][info][gc,heap     ] GC(3496) Humongous regions: 50->50
[2024-08-15T16:29:00.436+0000][14436.381s][info][gc,metaspace] GC(3496) Metaspace: 443418K(449600K)->443418K(449600K) NonClass: 388422K(391872K)->388422K(391872K) Class: 54996K(57728K)->54996K(57728K)
[2024-08-15T16:29:00.436+0000][14436.381s][info][gc          ] GC(3496) Pause Young (Normal) (G1 Evacuation Pause) 9672M->3307M(12288M) 27.715ms
[2024-08-15T16:29:00.436+0000][14436.381s][info][gc,cpu      ] GC(3496) User=0.16s Sys=0.00s Real=0.03s
[2024-08-15T16:29:11.232+0000][14447.177s][info][gc,start    ] GC(3497) Pause Young (Normal) (G1 Evacuation Pause)
[2024-08-15T16:29:11.232+0000][14447.177s][info][gc,task     ] GC(3497) Using 6 workers of 6 for evacuation
[2024-08-15T16:29:11.265+0000][14447.210s][info][gc,phases   ] GC(3497)   Pre Evacuate Collection Set: 0.2ms
[2024-08-15T16:29:11.265+0000][14447.210s][info][gc,phases   ] GC(3497)   Merge Heap Roots: 0.2ms
[2024-08-15T16:29:11.265+0000][14447.210s][info][gc,phases   ] GC(3497)   Evacuate Collection Set: 30.6ms
[2024-08-15T16:29:11.265+0000][14447.210s][info][gc,phases   ] GC(3497)   Post Evacuate Collection Set: 2.1ms
[2024-08-15T16:29:11.265+0000][14447.210s][info][gc,phases   ] GC(3497)   Other: 0.2ms
[2024-08-15T16:29:11.265+0000][14447.210s][info][gc,heap     ] GC(3497) Eden regions: 794->0(791)
[2024-08-15T16:29:11.265+0000][14447.210s][info][gc,heap     ] GC(3497) Survivor regions: 11->14(101)
[2024-08-15T16:29:11.265+0000][14447.210s][info][gc,heap     ] GC(3497) Old regions: 353->353
[2024-08-15T16:29:11.265+0000][14447.210s][info][gc,heap     ] GC(3497) Archive regions: 2->2
[2024-08-15T16:29:11.265+0000][14447.210s][info][gc,heap     ] GC(3497) Humongous regions: 50->50
[2024-08-15T16:29:11.265+0000][14447.210s][info][gc,metaspace] GC(3497) Metaspace: 443418K(449600K)->443418K(449600K) NonClass: 388422K(391872K)->388422K(391872K) Class: 54996K(57728K)->54996K(57728K)
[2024-08-15T16:29:11.265+0000][14447.210s][info][gc          ] GC(3497) Pause Young (Normal) (G1 Evacuation Pause) 9659M->3337M(12288M) 33.390ms
[2024-08-15T16:29:11.265+0000][14447.210s][info][gc,cpu      ] GC(3497) User=0.20s Sys=0.00s Real=0.04s
[2024-08-15T16:29:20.280+0000][14456.225s][info][gc,start    ] GC(3498) Pause Young (Concurrent Start) (G1 Evacuation Pause)
[2024-08-15T16:29:20.280+0000][14456.225s][info][gc,task     ] GC(3498) Using 6 workers of 6 for evacuation
[2024-08-15T16:29:20.327+0000][14456.272s][info][gc,phases   ] GC(3498)   Pre Evacuate Collection Set: 0.6ms
[2024-08-15T16:29:20.327+0000][14456.272s][info][gc,phases   ] GC(3498)   Merge Heap Roots: 0.2ms
[2024-08-15T16:29:20.327+0000][14456.272s][info][gc,phases   ] GC(3498)   Evacuate Collection Set: 41.6ms
[2024-08-15T16:29:20.327+0000][14456.272s][info][gc,phases   ] GC(3498)   Post Evacuate Collection Set: 4.4ms
[2024-08-15T16:29:20.327+0000][14456.272s][info][gc,phases   ] GC(3498)   Other: 0.3ms
[2024-08-15T16:29:20.327+0000][14456.272s][info][gc,heap     ] GC(3498) Eden regions: 791->0(789)
[2024-08-15T16:29:20.327+0000][14456.272s][info][gc,heap     ] GC(3498) Survivor regions: 14->16(101)
[2024-08-15T16:29:20.327+0000][14456.272s][info][gc,heap     ] GC(3498) Old regions: 353->353
[2024-08-15T16:29:20.327+0000][14456.272s][info][gc,heap     ] GC(3498) Archive regions: 2->2
[2024-08-15T16:29:20.327+0000][14456.272s][info][gc,heap     ] GC(3498) Humongous regions: 50->50
[2024-08-15T16:29:20.327+0000][14456.272s][info][gc,metaspace] GC(3498) Metaspace: 443418K(449600K)->443418K(449600K) NonClass: 388422K(391872K)->388422K(391872K) Class: 54996K(57728K)->54996K(57728K)
[2024-08-15T16:29:20.327+0000][14456.272s][info][gc          ] GC(3498) Pause Young (Concurrent Start) (G1 Evacuation Pause) 9665M->3349M(12288M) 47.240ms
[2024-08-15T16:29:20.327+0000][14456.272s][info][gc,cpu      ] GC(3498) User=0.28s Sys=0.00s Real=0.05s
[2024-08-15T16:29:20.327+0000][14456.272s][info][gc          ] GC(3499) Concurrent Mark Cycle
[2024-08-15T16:29:20.327+0000][14456.272s][info][gc,marking  ] GC(3499) Concurrent Clear Claimed Marks
[2024-08-15T16:29:20.328+0000][14456.272s][info][gc,marking  ] GC(3499) Concurrent Clear Claimed Marks 0.390ms
[2024-08-15T16:29:20.328+0000][14456.272s][info][gc,marking  ] GC(3499) Concurrent Scan Root Regions
[2024-08-15T16:29:20.363+0000][14456.308s][info][gc,marking  ] GC(3499) Concurrent Scan Root Regions 35.671ms
[2024-08-15T16:29:20.363+0000][14456.308s][info][gc,marking  ] GC(3499) Concurrent Mark
[2024-08-15T16:29:20.363+0000][14456.308s][info][gc,marking  ] GC(3499) Concurrent Mark From Roots
[2024-08-15T16:29:20.363+0000][14456.308s][info][gc,task     ] GC(3499) Using 2 workers of 2 for marking
[2024-08-15T16:29:22.420+0000][14458.365s][info][gc,marking  ] GC(3499) Concurrent Mark From Roots 2056.702ms
[2024-08-15T16:29:22.420+0000][14458.365s][info][gc,marking  ] GC(3499) Concurrent Preclean
[2024-08-15T16:29:22.422+0000][14458.367s][info][gc,marking  ] GC(3499) Concurrent Preclean 1.815ms
[2024-08-15T16:29:22.422+0000][14458.367s][info][gc,start    ] GC(3499) Pause Remark
[2024-08-15T16:29:22.447+0000][14458.392s][info][gc          ] GC(3499) Pause Remark 7737M->7737M(12288M) 24.980ms
[2024-08-15T16:29:22.447+0000][14458.392s][info][gc,cpu      ] GC(3499) User=0.11s Sys=0.00s Real=0.03s
[2024-08-15T16:29:22.447+0000][14458.392s][info][gc,marking  ] GC(3499) Concurrent Mark 2083.896ms
[2024-08-15T16:29:22.447+0000][14458.392s][info][gc,marking  ] GC(3499) Concurrent Rebuild Remembered Sets
[2024-08-15T16:29:23.254+0000][14459.199s][info][gc,start    ] GC(3500) Pause Young (Normal) (G1 Evacuation Pause)
[2024-08-15T16:29:23.254+0000][14459.199s][info][gc,task     ] GC(3500) Using 6 workers of 6 for evacuation
[2024-08-15T16:29:23.338+0000][14459.282s][info][gc,phases   ] GC(3500)   Pre Evacuate Collection Set: 0.2ms
[2024-08-15T16:29:23.338+0000][14459.283s][info][gc,phases   ] GC(3500)   Merge Heap Roots: 0.7ms
[2024-08-15T16:29:23.338+0000][14459.283s][info][gc,phases   ] GC(3500)   Evacuate Collection Set: 70.1ms
[2024-08-15T16:29:23.338+0000][14459.283s][info][gc,phases   ] GC(3500)   Post Evacuate Collection Set: 12.4ms
[2024-08-15T16:29:23.338+0000][14459.283s][info][gc,phases   ] GC(3500)   Other: 0.2ms
[2024-08-15T16:29:23.338+0000][14459.283s][info][gc,heap     ] GC(3500) Eden regions: 789->0(783)
[2024-08-15T16:29:23.338+0000][14459.283s][info][gc,heap     ] GC(3500) Survivor regions: 16->20(101)
[2024-08-15T16:29:23.338+0000][14459.283s][info][gc,heap     ] GC(3500) Old regions: 353->353
[2024-08-15T16:29:23.338+0000][14459.283s][info][gc,heap     ] GC(3500) Archive regions: 2->2
[2024-08-15T16:29:23.338+0000][14459.283s][info][gc,heap     ] GC(3500) Humongous regions: 50->50
[2024-08-15T16:29:23.338+0000][14459.283s][info][gc,metaspace] GC(3500) Metaspace: 443418K(449600K)->443418K(449600K) NonClass: 388422K(391872K)->388422K(391872K) Class: 54996K(57728K)->54996K(57728K)
[2024-08-15T16:29:23.338+0000][14459.283s][info][gc          ] GC(3500) Pause Young (Normal) (G1 Evacuation Pause) 9661M->3385M(12288M) 83.656ms
[2024-08-15T16:29:23.338+0000][14459.283s][info][gc,cpu      ] GC(3500) User=0.49s Sys=0.00s Real=0.09s
[2024-08-15T16:29:23.778+0000][14459.722s][info][gc,marking  ] GC(3499) Concurrent Rebuild Remembered Sets 1330.361ms
[2024-08-15T16:29:23.778+0000][14459.722s][info][gc,start    ] GC(3499) Pause Cleanup
[2024-08-15T16:29:23.778+0000][14459.723s][info][gc          ] GC(3499) Pause Cleanup 4281M->4281M(12288M) 0.584ms
[2024-08-15T16:29:23.778+0000][14459.723s][info][gc,cpu      ] GC(3499) User=0.00s Sys=0.00s Real=0.00s
[2024-08-15T16:29:23.779+0000][14459.723s][info][gc,marking  ] GC(3499) Concurrent Cleanup for Next Mark
[2024-08-15T16:29:23.796+0000][14459.741s][info][gc,marking  ] GC(3499) Concurrent Cleanup for Next Mark 17.402ms
[2024-08-15T16:29:23.796+0000][14459.741s][info][gc          ] GC(3499) Concurrent Mark Cycle 3468.779ms
[2024-08-15T16:29:25.852+0000][14461.796s][info][gc,start    ] GC(3501) Pause Young (Prepare Mixed) (G1 Evacuation Pause)
[2024-08-15T16:29:25.852+0000][14461.796s][info][gc,task     ] GC(3501) Using 6 workers of 6 for evacuation
[2024-08-15T16:29:25.928+0000][14461.872s][info][gc,phases   ] GC(3501)   Pre Evacuate Collection Set: 0.2ms
[2024-08-15T16:29:25.928+0000][14461.872s][info][gc,phases   ] GC(3501)   Merge Heap Roots: 0.5ms
[2024-08-15T16:29:25.928+0000][14461.872s][info][gc,phases   ] GC(3501)   Evacuate Collection Set: 66.6ms
[2024-08-15T16:29:25.928+0000][14461.872s][info][gc,phases   ] GC(3501)   Post Evacuate Collection Set: 8.8ms
[2024-08-15T16:29:25.928+0000][14461.872s][info][gc,phases   ] GC(3501)   Other: 0.2ms
[2024-08-15T16:29:25.928+0000][14461.872s][info][gc,heap     ] GC(3501) Eden regions: 783->0(53)
[2024-08-15T16:29:25.928+0000][14461.872s][info][gc,heap     ] GC(3501) Survivor regions: 20->23(101)
[2024-08-15T16:29:25.928+0000][14461.872s][info][gc,heap     ] GC(3501) Old regions: 353->353
[2024-08-15T16:29:25.928+0000][14461.872s][info][gc,heap     ] GC(3501) Archive regions: 2->2
[2024-08-15T16:29:25.928+0000][14461.872s][info][gc,heap     ] GC(3501) Humongous regions: 50->50
[2024-08-15T16:29:25.928+0000][14461.872s][info][gc,metaspace] GC(3501) Metaspace: 443418K(449600K)->443418K(449600K) NonClass: 388422K(391872K)->388422K(391872K) Class: 54996K(57728K)->54996K(57728K)
[2024-08-15T16:29:25.928+0000][14461.873s][info][gc          ] GC(3501) Pause Young (Prepare Mixed) (G1 Evacuation Pause) 9649M->3409M(12288M) 76.351ms
[2024-08-15T16:29:25.928+0000][14461.873s][info][gc,cpu      ] GC(3501) User=0.44s Sys=0.00s Real=0.08s
[2024-08-15T16:29:26.101+0000][14462.045s][info][gc,start    ] GC(3502) Pause Young (Mixed) (G1 Evacuation Pause)
[2024-08-15T16:29:26.101+0000][14462.045s][info][gc,task     ] GC(3502) Using 6 workers of 6 for evacuation
[2024-08-15T16:29:26.209+0000][14462.154s][info][gc,phases   ] GC(3502)   Pre Evacuate Collection Set: 0.2ms
[2024-08-15T16:29:26.209+0000][14462.154s][info][gc,phases   ] GC(3502)   Merge Heap Roots: 0.5ms
[2024-08-15T16:29:26.209+0000][14462.154s][info][gc,phases   ] GC(3502)   Evacuate Collection Set: 105.2ms
[2024-08-15T16:29:26.209+0000][14462.154s][info][gc,phases   ] GC(3502)   Post Evacuate Collection Set: 2.7ms
[2024-08-15T16:29:26.209+0000][14462.154s][info][gc,phases   ] GC(3502)   Other: 0.2ms
[2024-08-15T16:29:26.209+0000][14462.154s][info][gc,heap     ] GC(3502) Eden regions: 53->0(792)
[2024-08-15T16:29:26.209+0000][14462.154s][info][gc,heap     ] GC(3502) Survivor regions: 23->6(10)
[2024-08-15T16:29:26.209+0000][14462.154s][info][gc,heap     ] GC(3502) Old regions: 353->361
[2024-08-15T16:29:26.209+0000][14462.154s][info][gc,heap     ] GC(3502) Archive regions: 2->2
[2024-08-15T16:29:26.209+0000][14462.154s][info][gc,heap     ] GC(3502) Humongous regions: 50->50
[2024-08-15T16:29:26.209+0000][14462.154s][info][gc,metaspace] GC(3502) Metaspace: 443418K(449600K)->443418K(449600K) NonClass: 388422K(391872K)->388422K(391872K) Class: 54996K(57728K)->54996K(57728K)
[2024-08-15T16:29:26.209+0000][14462.154s][info][gc          ] GC(3502) Pause Young (Mixed) (G1 Evacuation Pause) 3833M->3335M(12288M) 108.889ms
[2024-08-15T16:29:26.210+0000][14462.154s][info][gc,cpu      ] GC(3502) User=0.64s Sys=0.01s Real=0.11s
[2024-08-15T16:29:29.022+0000][14464.967s][info][gc,start    ] GC(3503) Pause Young (Normal) (G1 Evacuation Pause)
[2024-08-15T16:29:29.022+0000][14464.967s][info][gc,task     ] GC(3503) Using 6 workers of 6 for evacuation
[2024-08-15T16:29:29.095+0000][14465.040s][info][gc,phases   ] GC(3503)   Pre Evacuate Collection Set: 0.2ms
[2024-08-15T16:29:29.095+0000][14465.040s][info][gc,phases   ] GC(3503)   Merge Heap Roots: 0.2ms
[2024-08-15T16:29:29.095+0000][14465.040s][info][gc,phases   ] GC(3503)   Evacuate Collection Set: 55.8ms
[2024-08-15T16:29:29.095+0000][14465.040s][info][gc,phases   ] GC(3503)   Post Evacuate Collection Set: 16.6ms
[2024-08-15T16:29:29.095+0000][14465.040s][info][gc,phases   ] GC(3503)   Other: 0.2ms
[2024-08-15T16:29:29.095+0000][14465.040s][info][gc,heap     ] GC(3503) Eden regions: 792->0(787)
[2024-08-15T16:29:29.095+0000][14465.040s][info][gc,heap     ] GC(3503) Survivor regions: 6->10(100)
[2024-08-15T16:29:29.095+0000][14465.040s][info][gc,heap     ] GC(3503) Old regions: 361->361
[2024-08-15T16:29:29.095+0000][14465.040s][info][gc,heap     ] GC(3503) Archive regions: 2->2
[2024-08-15T16:29:29.095+0000][14465.040s][info][gc,heap     ] GC(3503) Humongous regions: 50->50
[2024-08-15T16:29:29.095+0000][14465.040s][info][gc,metaspace] GC(3503) Metaspace: 443418K(449600K)->443418K(449600K) NonClass: 388422K(391872K)->388422K(391872K) Class: 54996K(57728K)->54996K(57728K)
[2024-08-15T16:29:29.095+0000][14465.040s][info][gc          ] GC(3503) Pause Young (Normal) (G1 Evacuation Pause) 9671M->3367M(12288M) 73.117ms
[2024-08-15T16:29:29.095+0000][14465.040s][info][gc,cpu      ] GC(3503) User=0.43s Sys=0.00s Real=0.08s
[2024-08-15T16:29:33.587+0000][14469.531s][info][gc,start    ] GC(3504) Pause Young (Normal) (G1 Evacuation Pause)
[2024-08-15T16:29:33.587+0000][14469.531s][info][gc,task     ] GC(3504) Using 6 workers of 6 for evacuation
[2024-08-15T16:29:33.615+0000][14469.560s][info][gc,phases   ] GC(3504)   Pre Evacuate Collection Set: 0.2ms
[2024-08-15T16:29:33.615+0000][14469.560s][info][gc,phases   ] GC(3504)   Merge Heap Roots: 0.3ms
[2024-08-15T16:29:33.615+0000][14469.560s][info][gc,phases   ] GC(3504)   Evacuate Collection Set: 23.6ms
[2024-08-15T16:29:33.615+0000][14469.560s][info][gc,phases   ] GC(3504)   Post Evacuate Collection Set: 4.1ms
[2024-08-15T16:29:33.615+0000][14469.560s][info][gc,phases   ] GC(3504)   Other: 0.2ms
[2024-08-15T16:29:33.615+0000][14469.560s][info][gc,heap     ] GC(3504) Eden regions: 787->0(791)
[2024-08-15T16:29:33.615+0000][14469.560s][info][gc,heap     ] GC(3504) Survivor regions: 10->8(100)
[2024-08-15T16:29:33.615+0000][14469.560s][info][gc,heap     ] GC(3504) Old regions: 361->361
[2024-08-15T16:29:33.615+0000][14469.560s][info][gc,heap     ] GC(3504) Archive regions: 2->2
[2024-08-15T16:29:33.615+0000][14469.560s][info][gc,heap     ] GC(3504) Humongous regions: 50->50
[2024-08-15T16:29:33.615+0000][14469.560s][info][gc,metaspace] GC(3504) Metaspace: 443419K(449600K)->443419K(449600K) NonClass: 388423K(391872K)->388423K(391872K) Class: 54996K(57728K)->54996K(57728K)
[2024-08-15T16:29:33.615+0000][14469.560s][info][gc          ] GC(3504) Pause Young (Normal) (G1 Evacuation Pause) 9663M->3345M(12288M) 28.506ms
[2024-08-15T16:29:33.615+0000][14469.560s][info][gc,cpu      ] GC(3504) User=0.15s Sys=0.01s Real=0.03s
[2024-08-15T16:29:38.018+0000][14473.962s][info][gc,start    ] GC(3505) Pause Young (Concurrent Start) (G1 Evacuation Pause)
[2024-08-15T16:29:38.018+0000][14473.963s][info][gc,task     ] GC(3505) Using 6 workers of 6 for evacuation
[2024-08-15T16:29:38.074+0000][14474.019s][info][gc,phases   ] GC(3505)   Pre Evacuate Collection Set: 0.6ms
[2024-08-15T16:29:38.075+0000][14474.019s][info][gc,phases   ] GC(3505)   Merge Heap Roots: 0.2ms
[2024-08-15T16:29:38.075+0000][14474.019s][info][gc,phases   ] GC(3505)   Evacuate Collection Set: 44.7ms
[2024-08-15T16:29:38.075+0000][14474.019s][info][gc,phases   ] GC(3505)   Post Evacuate Collection Set: 10.9ms
[2024-08-15T16:29:38.075+0000][14474.019s][info][gc,phases   ] GC(3505)   Other: 0.3ms
[2024-08-15T16:29:38.075+0000][14474.019s][info][gc,heap     ] GC(3505) Eden regions: 791->0(785)
[2024-08-15T16:29:38.075+0000][14474.019s][info][gc,heap     ] GC(3505) Survivor regions: 8->12(100)
[2024-08-15T16:29:38.075+0000][14474.019s][info][gc,heap     ] GC(3505) Old regions: 361->361
[2024-08-15T16:29:38.075+0000][14474.019s][info][gc,heap     ] GC(3505) Archive regions: 2->2
[2024-08-15T16:29:38.075+0000][14474.019s][info][gc,heap     ] GC(3505) Humongous regions: 50->50
[2024-08-15T16:29:38.075+0000][14474.019s][info][gc,metaspace] GC(3505) Metaspace: 443421K(449600K)->443421K(449600K) NonClass: 388424K(391872K)->388424K(391872K) Class: 54996K(57728K)->54996K(57728K)
[2024-08-15T16:29:38.075+0000][14474.019s][info][gc          ] GC(3505) Pause Young (Concurrent Start) (G1 Evacuation Pause) 9673M->3380M(12288M) 56.707ms
[2024-08-15T16:29:38.075+0000][14474.019s][info][gc,cpu      ] GC(3505) User=0.33s Sys=0.00s Real=0.05s
[2024-08-15T16:29:38.075+0000][14474.019s][info][gc          ] GC(3506) Concurrent Mark Cycle
[2024-08-15T16:29:38.075+0000][14474.019s][info][gc,marking  ] GC(3506) Concurrent Clear Claimed Marks
[2024-08-15T16:29:38.075+0000][14474.020s][info][gc,marking  ] GC(3506) Concurrent Clear Claimed Marks 0.428ms
[2024-08-15T16:29:38.075+0000][14474.020s][info][gc,marking  ] GC(3506) Concurrent Scan Root Regions
[2024-08-15T16:29:38.123+0000][14474.068s][info][gc,marking  ] GC(3506) Concurrent Scan Root Regions 48.236ms
[2024-08-15T16:29:38.123+0000][14474.068s][info][gc,marking  ] GC(3506) Concurrent Mark
[2024-08-15T16:29:38.123+0000][14474.068s][info][gc,marking  ] GC(3506) Concurrent Mark From Roots
[2024-08-15T16:29:38.123+0000][14474.068s][info][gc,task     ] GC(3506) Using 2 workers of 2 for marking
[2024-08-15T16:29:40.585+0000][14476.529s][info][gc,marking  ] GC(3506) Concurrent Mark From Roots 2461.242ms
[2024-08-15T16:29:40.585+0000][14476.529s][info][gc,marking  ] GC(3506) Concurrent Preclean
[2024-08-15T16:29:40.587+0000][14476.531s][info][gc,marking  ] GC(3506) Concurrent Preclean 2.014ms
[2024-08-15T16:29:40.587+0000][14476.532s][info][gc,start    ] GC(3506) Pause Remark
[2024-08-15T16:29:40.611+0000][14476.555s][info][gc          ] GC(3506) Pause Remark 8324M->8324M(12288M) 23.701ms
[2024-08-15T16:29:40.611+0000][14476.555s][info][gc,cpu      ] GC(3506) User=0.10s Sys=0.01s Real=0.02s
[2024-08-15T16:29:40.611+0000][14476.556s][info][gc,marking  ] GC(3506) Concurrent Mark 2487.492ms
[2024-08-15T16:29:40.611+0000][14476.556s][info][gc,marking  ] GC(3506) Concurrent Rebuild Remembered Sets
[2024-08-15T16:29:41.247+0000][14477.192s][info][gc,start    ] GC(3507) Pause Young (Normal) (G1 Evacuation Pause)
[2024-08-15T16:29:41.247+0000][14477.192s][info][gc,task     ] GC(3507) Using 6 workers of 6 for evacuation
[2024-08-15T16:29:41.330+0000][14477.275s][info][gc,phases   ] GC(3507)   Pre Evacuate Collection Set: 0.2ms
[2024-08-15T16:29:41.330+0000][14477.275s][info][gc,phases   ] GC(3507)   Merge Heap Roots: 0.3ms
[2024-08-15T16:29:41.330+0000][14477.275s][info][gc,phases   ] GC(3507)   Evacuate Collection Set: 65.9ms
[2024-08-15T16:29:41.330+0000][14477.275s][info][gc,phases   ] GC(3507)   Post Evacuate Collection Set: 16.6ms
[2024-08-15T16:29:41.330+0000][14477.275s][info][gc,phases   ] GC(3507)   Other: 0.2ms
[2024-08-15T16:29:41.330+0000][14477.275s][info][gc,heap     ] GC(3507) Eden regions: 785->0(779)
[2024-08-15T16:29:41.330+0000][14477.275s][info][gc,heap     ] GC(3507) Survivor regions: 12->17(100)
[2024-08-15T16:29:41.330+0000][14477.275s][info][gc,heap     ] GC(3507) Old regions: 361->361
[2024-08-15T16:29:41.330+0000][14477.275s][info][gc,heap     ] GC(3507) Archive regions: 2->2
[2024-08-15T16:29:41.330+0000][14477.275s][info][gc,heap     ] GC(3507) Humongous regions: 50->50
[2024-08-15T16:29:41.330+0000][14477.275s][info][gc,metaspace] GC(3507) Metaspace: 443421K(449600K)->443421K(449600K) NonClass: 388424K(391872K)->388424K(391872K) Class: 54996K(57728K)->54996K(57728K)
[2024-08-15T16:29:41.330+0000][14477.275s][info][gc          ] GC(3507) Pause Young (Normal) (G1 Evacuation Pause) 9660M->3419M(12288M) 83.275ms
[2024-08-15T16:29:41.330+0000][14477.275s][info][gc,cpu      ] GC(3507) User=0.49s Sys=0.00s Real=0.08s
[2024-08-15T16:29:42.102+0000][14478.047s][info][gc,marking  ] GC(3506) Concurrent Rebuild Remembered Sets 1491.247ms
[2024-08-15T16:29:42.102+0000][14478.047s][info][gc,start    ] GC(3506) Pause Cleanup
[2024-08-15T16:29:42.103+0000][14478.048s][info][gc          ] GC(3506) Pause Cleanup 5123M->5123M(12288M) 0.661ms
[2024-08-15T16:29:42.103+0000][14478.048s][info][gc,cpu      ] GC(3506) User=0.00s Sys=0.00s Real=0.00s
[2024-08-15T16:29:42.103+0000][14478.048s][info][gc,marking  ] GC(3506) Concurrent Cleanup for Next Mark
[2024-08-15T16:29:42.120+0000][14478.065s][info][gc,marking  ] GC(3506) Concurrent Cleanup for Next Mark 16.794ms
[2024-08-15T16:29:42.120+0000][14478.065s][info][gc          ] GC(3506) Concurrent Mark Cycle 4045.349ms
[2024-08-15T16:29:43.981+0000][14479.926s][info][gc,start    ] GC(3508) Pause Young (Prepare Mixed) (G1 Evacuation Pause)
[2024-08-15T16:29:43.981+0000][14479.926s][info][gc,task     ] GC(3508) Using 6 workers of 6 for evacuation
[2024-08-15T16:29:44.094+0000][14480.039s][info][gc,phases   ] GC(3508)   Pre Evacuate Collection Set: 0.2ms
[2024-08-15T16:29:44.094+0000][14480.039s][info][gc,phases   ] GC(3508)   Merge Heap Roots: 0.4ms
[2024-08-15T16:29:44.094+0000][14480.039s][info][gc,phases   ] GC(3508)   Evacuate Collection Set: 91.4ms
[2024-08-15T16:29:44.094+0000][14480.039s][info][gc,phases   ] GC(3508)   Post Evacuate Collection Set: 21.1ms
[2024-08-15T16:29:44.094+0000][14480.039s][info][gc,phases   ] GC(3508)   Other: 0.2ms
[2024-08-15T16:29:44.095+0000][14480.039s][info][gc,heap     ] GC(3508) Eden regions: 779->0(53)
[2024-08-15T16:29:44.095+0000][14480.039s][info][gc,heap     ] GC(3508) Survivor regions: 17->23(100)
[2024-08-15T16:29:44.095+0000][14480.039s][info][gc,heap     ] GC(3508) Old regions: 361->361
[2024-08-15T16:29:44.095+0000][14480.039s][info][gc,heap     ] GC(3508) Archive regions: 2->2
[2024-08-15T16:29:44.095+0000][14480.039s][info][gc,heap     ] GC(3508) Humongous regions: 50->50
[2024-08-15T16:29:44.095+0000][14480.039s][info][gc,metaspace] GC(3508) Metaspace: 443421K(449600K)->443421K(449600K) NonClass: 388425K(391872K)->388425K(391872K) Class: 54996K(57728K)->54996K(57728K)
[2024-08-15T16:29:44.095+0000][14480.039s][info][gc          ] GC(3508) Pause Young (Prepare Mixed) (G1 Evacuation Pause) 9651M->3471M(12288M) 113.314ms
[2024-08-15T16:29:44.095+0000][14480.039s][info][gc,cpu      ] GC(3508) User=0.67s Sys=0.00s Real=0.11s
[2024-08-15T16:29:44.282+0000][14480.227s][info][gc,start    ] GC(3509) Pause Young (Mixed) (G1 Evacuation Pause)
[2024-08-15T16:29:44.282+0000][14480.227s][info][gc,task     ] GC(3509) Using 6 workers of 6 for evacuation
[2024-08-15T16:29:44.403+0000][14480.348s][info][gc,phases   ] GC(3509)   Pre Evacuate Collection Set: 0.2ms
[2024-08-15T16:29:44.403+0000][14480.348s][info][gc,phases   ] GC(3509)   Merge Heap Roots: 0.5ms
[2024-08-15T16:29:44.403+0000][14480.348s][info][gc,phases   ] GC(3509)   Evacuate Collection Set: 117.2ms
[2024-08-15T16:29:44.403+0000][14480.348s][info][gc,phases   ] GC(3509)   Post Evacuate Collection Set: 2.8ms
[2024-08-15T16:29:44.403+0000][14480.348s][info][gc,phases   ] GC(3509)   Other: 0.2ms
[2024-08-15T16:29:44.403+0000][14480.348s][info][gc,heap     ] GC(3509) Eden regions: 53->0(784)
[2024-08-15T16:29:44.403+0000][14480.348s][info][gc,heap     ] GC(3509) Survivor regions: 23->3(10)
[2024-08-15T16:29:44.403+0000][14480.348s][info][gc,heap     ] GC(3509) Old regions: 361->370
[2024-08-15T16:29:44.403+0000][14480.348s][info][gc,heap     ] GC(3509) Archive regions: 2->2
[2024-08-15T16:29:44.403+0000][14480.348s][info][gc,heap     ] GC(3509) Humongous regions: 50->50
[2024-08-15T16:29:44.403+0000][14480.348s][info][gc,metaspace] GC(3509) Metaspace: 443421K(449600K)->443421K(449600K) NonClass: 388425K(391872K)->388425K(391872K) Class: 54996K(57728K)->54996K(57728K)
[2024-08-15T16:29:44.403+0000][14480.348s][info][gc          ] GC(3509) Pause Young (Mixed) (G1 Evacuation Pause) 3895M->3385M(12288M) 121.034ms
[2024-08-15T16:29:44.403+0000][14480.348s][info][gc,cpu      ] GC(3509) User=0.72s Sys=0.00s Real=0.13s
[2024-08-15T16:29:46.952+0000][14482.897s][info][gc,start    ] GC(3510) Pause Young (Normal) (G1 Evacuation Pause)
[2024-08-15T16:29:46.952+0000][14482.897s][info][gc,task     ] GC(3510) Using 6 workers of 6 for evacuation
[2024-08-15T16:29:47.023+0000][14482.968s][info][gc,phases   ] GC(3510)   Pre Evacuate Collection Set: 0.2ms
[2024-08-15T16:29:47.023+0000][14482.968s][info][gc,phases   ] GC(3510)   Merge Heap Roots: 0.3ms
[2024-08-15T16:29:47.023+0000][14482.968s][info][gc,phases   ] GC(3510)   Evacuate Collection Set: 52.8ms
[2024-08-15T16:29:47.023+0000][14482.968s][info][gc,phases   ] GC(3510)   Post Evacuate Collection Set: 17.5ms
[2024-08-15T16:29:47.023+0000][14482.968s][info][gc,phases   ] GC(3510)   Other: 0.2ms
[2024-08-15T16:29:47.023+0000][14482.968s][info][gc,heap     ] GC(3510) Eden regions: 784->0(780)
[2024-08-15T16:29:47.023+0000][14482.968s][info][gc,heap     ] GC(3510) Survivor regions: 3->7(99)
[2024-08-15T16:29:47.023+0000][14482.968s][info][gc,heap     ] GC(3510) Old regions: 370->370
[2024-08-15T16:29:47.023+0000][14482.968s][info][gc,heap     ] GC(3510) Archive regions: 2->2
[2024-08-15T16:29:47.023+0000][14482.968s][info][gc,heap     ] GC(3510) Humongous regions: 50->50
[2024-08-15T16:29:47.023+0000][14482.968s][info][gc,metaspace] GC(3510) Metaspace: 443421K(449600K)->443421K(449600K) NonClass: 388425K(391872K)->388425K(391872K) Class: 54996K(57728K)->54996K(57728K)
[2024-08-15T16:29:47.023+0000][14482.968s][info][gc          ] GC(3510) Pause Young (Normal) (G1 Evacuation Pause) 9657M->3412M(12288M) 71.110ms
[2024-08-15T16:29:47.023+0000][14482.968s][info][gc,cpu      ] GC(3510) User=0.41s Sys=0.00s Real=0.08s
[2024-08-15T16:29:49.536+0000][14485.481s][info][gc,start    ] GC(3511) Pause Young (Normal) (G1 Evacuation Pause)
[2024-08-15T16:29:49.536+0000][14485.481s][info][gc,task     ] GC(3511) Using 6 workers of 6 for evacuation
[2024-08-15T16:29:49.616+0000][14485.561s][info][gc,phases   ] GC(3511)   Pre Evacuate Collection Set: 0.2ms
[2024-08-15T16:29:49.616+0000][14485.561s][info][gc,phases   ] GC(3511)   Merge Heap Roots: 0.4ms
[2024-08-15T16:29:49.616+0000][14485.561s][info][gc,phases   ] GC(3511)   Evacuate Collection Set: 62.7ms
[2024-08-15T16:29:49.616+0000][14485.561s][info][gc,phases   ] GC(3511)   Post Evacuate Collection Set: 16.2ms
[2024-08-15T16:29:49.616+0000][14485.561s][info][gc,phases   ] GC(3511)   Other: 0.2ms
[2024-08-15T16:29:49.616+0000][14485.561s][info][gc,heap     ] GC(3511) Eden regions: 780->0(778)
[2024-08-15T16:29:49.616+0000][14485.561s][info][gc,heap     ] GC(3511) Survivor regions: 7->10(99)
[2024-08-15T16:29:49.616+0000][14485.561s][info][gc,heap     ] GC(3511) Old regions: 370->370
[2024-08-15T16:29:49.616+0000][14485.561s][info][gc,heap     ] GC(3511) Archive regions: 2->2
[2024-08-15T16:29:49.616+0000][14485.561s][info][gc,heap     ] GC(3511) Humongous regions: 50->50
[2024-08-15T16:29:49.616+0000][14485.561s][info][gc,metaspace] GC(3511) Metaspace: 443421K(449600K)->443421K(449600K) NonClass: 388425K(391872K)->388425K(391872K) Class: 54996K(57728K)->54996K(57728K)
[2024-08-15T16:29:49.616+0000][14485.561s][info][gc          ] GC(3511) Pause Young (Normal) (G1 Evacuation Pause) 9652M->3439M(12288M) 79.838ms
[2024-08-15T16:29:49.616+0000][14485.561s][info][gc,cpu      ] GC(3511) User=0.47s Sys=0.00s Real=0.08s
[2024-08-15T16:29:51.957+0000][14487.902s][info][gc,start    ] GC(3512) Pause Young (Concurrent Start) (G1 Evacuation Pause)
[2024-08-15T16:29:51.957+0000][14487.902s][info][gc,task     ] GC(3512) Using 6 workers of 6 for evacuation
[2024-08-15T16:29:52.021+0000][14487.965s][info][gc,phases   ] GC(3512)   Pre Evacuate Collection Set: 0.5ms
[2024-08-15T16:29:52.021+0000][14487.965s][info][gc,phases   ] GC(3512)   Merge Heap Roots: 0.3ms
[2024-08-15T16:29:52.021+0000][14487.965s][info][gc,phases   ] GC(3512)   Evacuate Collection Set: 53.9ms
[2024-08-15T16:29:52.021+0000][14487.965s][info][gc,phases   ] GC(3512)   Post Evacuate Collection Set: 8.6ms
[2024-08-15T16:29:52.021+0000][14487.965s][info][gc,phases   ] GC(3512)   Other: 0.3ms
[2024-08-15T16:29:52.021+0000][14487.965s][info][gc,heap     ] GC(3512) Eden regions: 778->0(774)
[2024-08-15T16:29:52.021+0000][14487.965s][info][gc,heap     ] GC(3512) Survivor regions: 10->14(99)
[2024-08-15T16:29:52.021+0000][14487.965s][info][gc,heap     ] GC(3512) Old regions: 370->370
[2024-08-15T16:29:52.021+0000][14487.965s][info][gc,heap     ] GC(3512) Archive regions: 2->2
[2024-08-15T16:29:52.021+0000][14487.965s][info][gc,heap     ] GC(3512) Humongous regions: 50->50
[2024-08-15T16:29:52.021+0000][14487.965s][info][gc,metaspace] GC(3512) Metaspace: 443421K(449600K)->443421K(449600K) NonClass: 388425K(391872K)->388425K(391872K) Class: 54996K(57728K)->54996K(57728K)
[2024-08-15T16:29:52.021+0000][14487.965s][info][gc          ] GC(3512) Pause Young (Concurrent Start) (G1 Evacuation Pause) 9663M->3473M(12288M) 63.744ms
[2024-08-15T16:29:52.021+0000][14487.965s][info][gc,cpu      ] GC(3512) User=0.37s Sys=0.00s Real=0.06s
[2024-08-15T16:29:52.021+0000][14487.966s][info][gc          ] GC(3513) Concurrent Mark Cycle
[2024-08-15T16:29:52.021+0000][14487.966s][info][gc,marking  ] GC(3513) Concurrent Clear Claimed Marks
[2024-08-15T16:29:52.021+0000][14487.966s][info][gc,marking  ] GC(3513) Concurrent Clear Claimed Marks 0.413ms
[2024-08-15T16:29:52.021+0000][14487.966s][info][gc,marking  ] GC(3513) Concurrent Scan Root Regions
[2024-08-15T16:29:52.056+0000][14488.000s][info][gc,marking  ] GC(3513) Concurrent Scan Root Regions 34.257ms
[2024-08-15T16:29:52.056+0000][14488.000s][info][gc,marking  ] GC(3513) Concurrent Mark
[2024-08-15T16:29:52.056+0000][14488.000s][info][gc,marking  ] GC(3513) Concurrent Mark From Roots
[2024-08-15T16:29:52.056+0000][14488.000s][info][gc,task     ] GC(3513) Using 2 workers of 2 for marking
[2024-08-15T16:29:54.084+0000][14490.029s][info][gc,marking  ] GC(3513) Concurrent Mark From Roots 2028.587ms
[2024-08-15T16:29:54.084+0000][14490.029s][info][gc,marking  ] GC(3513) Concurrent Preclean
[2024-08-15T16:29:54.086+0000][14490.031s][info][gc,marking  ] GC(3513) Concurrent Preclean 1.798ms
[2024-08-15T16:29:54.086+0000][14490.031s][info][gc,start    ] GC(3513) Pause Remark
[2024-08-15T16:29:54.110+0000][14490.055s][info][gc          ] GC(3513) Pause Remark 8217M->8217M(12288M) 23.777ms
[2024-08-15T16:29:54.110+0000][14490.055s][info][gc,cpu      ] GC(3513) User=0.10s Sys=0.00s Real=0.02s
[2024-08-15T16:29:54.110+0000][14490.055s][info][gc,marking  ] GC(3513) Concurrent Mark 2054.562ms
[2024-08-15T16:29:54.110+0000][14490.055s][info][gc,marking  ] GC(3513) Concurrent Rebuild Remembered Sets
[2024-08-15T16:29:54.777+0000][14490.722s][info][gc,start    ] GC(3514) Pause Young (Normal) (G1 Evacuation Pause)
[2024-08-15T16:29:54.777+0000][14490.722s][info][gc,task     ] GC(3514) Using 6 workers of 6 for evacuation
[2024-08-15T16:29:54.830+0000][14490.774s][info][gc,phases   ] GC(3514)   Pre Evacuate Collection Set: 0.2ms
[2024-08-15T16:29:54.830+0000][14490.774s][info][gc,phases   ] GC(3514)   Merge Heap Roots: 0.3ms
[2024-08-15T16:29:54.830+0000][14490.774s][info][gc,phases   ] GC(3514)   Evacuate Collection Set: 48.1ms
[2024-08-15T16:29:54.830+0000][14490.774s][info][gc,phases   ] GC(3514)   Post Evacuate Collection Set: 4.1ms
[2024-08-15T16:29:54.830+0000][14490.774s][info][gc,phases   ] GC(3514)   Other: 0.2ms
[2024-08-15T16:29:54.830+0000][14490.774s][info][gc,heap     ] GC(3514) Eden regions: 774->0(772)
[2024-08-15T16:29:54.830+0000][14490.774s][info][gc,heap     ] GC(3514) Survivor regions: 14->17(99)
[2024-08-15T16:29:54.830+0000][14490.774s][info][gc,heap     ] GC(3514) Old regions: 370->370
[2024-08-15T16:29:54.830+0000][14490.774s][info][gc,heap     ] GC(3514) Archive regions: 2->2
[2024-08-15T16:29:54.830+0000][14490.774s][info][gc,heap     ] GC(3514) Humongous regions: 50->50
[2024-08-15T16:29:54.830+0000][14490.774s][info][gc,metaspace] GC(3514) Metaspace: 443421K(449600K)->443421K(449600K) NonClass: 388425K(391872K)->388425K(391872K) Class: 54996K(57728K)->54996K(57728K)
[2024-08-15T16:29:54.830+0000][14490.774s][info][gc          ] GC(3514) Pause Young (Normal) (G1 Evacuation Pause) 9665M->3492M(12288M) 52.952ms
[2024-08-15T16:29:54.830+0000][14490.775s][info][gc,cpu      ] GC(3514) User=0.32s Sys=0.00s Real=0.05s
[2024-08-15T16:29:55.454+0000][14491.399s][info][gc,marking  ] GC(3513) Concurrent Rebuild Remembered Sets 1343.830ms
[2024-08-15T16:29:55.454+0000][14491.399s][info][gc,start    ] GC(3513) Pause Cleanup
[2024-08-15T16:29:55.455+0000][14491.399s][info][gc          ] GC(3513) Pause Cleanup 5092M->5092M(12288M) 0.632ms
[2024-08-15T16:29:55.455+0000][14491.400s][info][gc,cpu      ] GC(3513) User=0.00s Sys=0.00s Real=0.00s
[2024-08-15T16:29:55.455+0000][14491.400s][info][gc,marking  ] GC(3513) Concurrent Cleanup for Next Mark
[2024-08-15T16:29:55.476+0000][14491.421s][info][gc,marking  ] GC(3513) Concurrent Cleanup for Next Mark 21.518ms
[2024-08-15T16:29:55.477+0000][14491.421s][info][gc          ] GC(3513) Concurrent Mark Cycle 3455.648ms
[2024-08-15T16:29:57.067+0000][14493.011s][info][gc,start    ] GC(3515) Pause Young (Prepare Mixed) (G1 Evacuation Pause)
[2024-08-15T16:29:57.067+0000][14493.011s][info][gc,task     ] GC(3515) Using 6 workers of 6 for evacuation
[2024-08-15T16:29:57.139+0000][14493.084s][info][gc,phases   ] GC(3515)   Pre Evacuate Collection Set: 0.2ms
[2024-08-15T16:29:57.140+0000][14493.084s][info][gc,phases   ] GC(3515)   Merge Heap Roots: 0.4ms
[2024-08-15T16:29:57.140+0000][14493.084s][info][gc,phases   ] GC(3515)   Evacuate Collection Set: 63.0ms
[2024-08-15T16:29:57.140+0000][14493.084s][info][gc,phases   ] GC(3515)   Post Evacuate Collection Set: 9.0ms
[2024-08-15T16:29:57.140+0000][14493.084s][info][gc,phases   ] GC(3515)   Other: 0.2ms
[2024-08-15T16:29:57.140+0000][14493.084s][info][gc,heap     ] GC(3515) Eden regions: 772->0(58)
[2024-08-15T16:29:57.140+0000][14493.084s][info][gc,heap     ] GC(3515) Survivor regions: 17->18(99)
[2024-08-15T16:29:57.140+0000][14493.084s][info][gc,heap     ] GC(3515) Old regions: 370->370
[2024-08-15T16:29:57.140+0000][14493.084s][info][gc,heap     ] GC(3515) Archive regions: 2->2
[2024-08-15T16:29:57.140+0000][14493.084s][info][gc,heap     ] GC(3515) Humongous regions: 50->50
[2024-08-15T16:29:57.140+0000][14493.084s][info][gc,metaspace] GC(3515) Metaspace: 443421K(449600K)->443421K(449600K) NonClass: 388425K(391872K)->388425K(391872K) Class: 54996K(57728K)->54996K(57728K)
[2024-08-15T16:29:57.140+0000][14493.084s][info][gc          ] GC(3515) Pause Young (Prepare Mixed) (G1 Evacuation Pause) 9668M->3505M(12288M) 72.855ms
[2024-08-15T16:29:57.140+0000][14493.084s][info][gc,cpu      ] GC(3515) User=0.42s Sys=0.01s Real=0.07s
[2024-08-15T16:29:57.304+0000][14493.248s][info][gc,start    ] GC(3516) Pause Young (Mixed) (G1 Evacuation Pause)
[2024-08-15T16:29:57.304+0000][14493.248s][info][gc,task     ] GC(3516) Using 6 workers of 6 for evacuation
[2024-08-15T16:29:57.390+0000][14493.335s][info][gc,phases   ] GC(3516)   Pre Evacuate Collection Set: 0.2ms
[2024-08-15T16:29:57.390+0000][14493.335s][info][gc,phases   ] GC(3516)   Merge Heap Roots: 0.3ms
[2024-08-15T16:29:57.390+0000][14493.335s][info][gc,phases   ] GC(3516)   Evacuate Collection Set: 83.5ms
[2024-08-15T16:29:57.390+0000][14493.335s][info][gc,phases   ] GC(3516)   Post Evacuate Collection Set: 2.7ms
[2024-08-15T16:29:57.390+0000][14493.335s][info][gc,phases   ] GC(3516)   Other: 0.2ms
[2024-08-15T16:29:57.390+0000][14493.335s][info][gc,heap     ] GC(3516) Eden regions: 58->0(788)
[2024-08-15T16:29:57.390+0000][14493.335s][info][gc,heap     ] GC(3516) Survivor regions: 18->6(10)
[2024-08-15T16:29:57.390+0000][14493.335s][info][gc,heap     ] GC(3516) Old regions: 370->367
[2024-08-15T16:29:57.390+0000][14493.335s][info][gc,heap     ] GC(3516) Archive regions: 2->2
[2024-08-15T16:29:57.390+0000][14493.335s][info][gc,heap     ] GC(3516) Humongous regions: 50->50
[2024-08-15T16:29:57.390+0000][14493.335s][info][gc,metaspace] GC(3516) Metaspace: 443421K(449600K)->443421K(449600K) NonClass: 388425K(391872K)->388425K(391872K) Class: 54996K(57728K)->54996K(57728K)
[2024-08-15T16:29:57.390+0000][14493.335s][info][gc          ] GC(3516) Pause Young (Mixed) (G1 Evacuation Pause) 3969M->3387M(12288M) 86.978ms
[2024-08-15T16:29:57.391+0000][14493.335s][info][gc,cpu      ] GC(3516) User=0.51s Sys=0.00s Real=0.08s
[2024-08-15T16:30:00.108+0000][14496.053s][info][gc,start    ] GC(3517) Pause Young (Normal) (G1 Evacuation Pause)
[2024-08-15T16:30:00.108+0000][14496.053s][info][gc,task     ] GC(3517) Using 6 workers of 6 for evacuation
[2024-08-15T16:30:00.189+0000][14496.134s][info][gc,phases   ] GC(3517)   Pre Evacuate Collection Set: 0.2ms
[2024-08-15T16:30:00.189+0000][14496.134s][info][gc,phases   ] GC(3517)   Merge Heap Roots: 0.4ms
[2024-08-15T16:30:00.189+0000][14496.134s][info][gc,phases   ] GC(3517)   Evacuate Collection Set: 62.3ms
[2024-08-15T16:30:00.189+0000][14496.134s][info][gc,phases   ] GC(3517)   Post Evacuate Collection Set: 18.1ms
[2024-08-15T16:30:00.189+0000][14496.134s][info][gc,phases   ] GC(3517)   Other: 0.2ms
[2024-08-15T16:30:00.189+0000][14496.134s][info][gc,heap     ] GC(3517) Eden regions: 788->0(785)
[2024-08-15T16:30:00.189+0000][14496.134s][info][gc,heap     ] GC(3517) Survivor regions: 6->9(100)
[2024-08-15T16:30:00.189+0000][14496.134s][info][gc,heap     ] GC(3517) Old regions: 367->367
[2024-08-15T16:30:00.189+0000][14496.134s][info][gc,heap     ] GC(3517) Archive regions: 2->2
[2024-08-15T16:30:00.189+0000][14496.134s][info][gc,heap     ] GC(3517) Humongous regions: 50->50
[2024-08-15T16:30:00.189+0000][14496.134s][info][gc,metaspace] GC(3517) Metaspace: 443422K(449600K)->443422K(449600K) NonClass: 388425K(391872K)->388425K(391872K) Class: 54996K(57728K)->54996K(57728K)
[2024-08-15T16:30:00.189+0000][14496.134s][info][gc          ] GC(3517) Pause Young (Normal) (G1 Evacuation Pause) 9691M->3410M(12288M) 81.158ms
[2024-08-15T16:30:00.189+0000][14496.134s][info][gc,cpu      ] GC(3517) User=0.47s Sys=0.00s Real=0.08s
[2024-08-15T16:30:09.439+0000][14505.384s][info][gc,start    ] GC(3518) Pause Young (Normal) (G1 Evacuation Pause)
[2024-08-15T16:30:09.440+0000][14505.384s][info][gc,task     ] GC(3518) Using 6 workers of 6 for evacuation
[2024-08-15T16:30:09.477+0000][14505.422s][info][gc,phases   ] GC(3518)   Pre Evacuate Collection Set: 0.2ms
[2024-08-15T16:30:09.477+0000][14505.422s][info][gc,phases   ] GC(3518)   Merge Heap Roots: 0.3ms
[2024-08-15T16:30:09.477+0000][14505.422s][info][gc,phases   ] GC(3518)   Evacuate Collection Set: 34.4ms
[2024-08-15T16:30:09.477+0000][14505.422s][info][gc,phases   ] GC(3518)   Post Evacuate Collection Set: 2.8ms
[2024-08-15T16:30:09.477+0000][14505.422s][info][gc,phases   ] GC(3518)   Other: 0.2ms
[2024-08-15T16:30:09.477+0000][14505.422s][info][gc,heap     ] GC(3518) Eden regions: 785->0(781)
[2024-08-15T16:30:09.477+0000][14505.422s][info][gc,heap     ] GC(3518) Survivor regions: 9->12(100)
[2024-08-15T16:30:09.477+0000][14505.422s][info][gc,heap     ] GC(3518) Old regions: 367->367
[2024-08-15T16:30:09.477+0000][14505.422s][info][gc,heap     ] GC(3518) Archive regions: 2->2
[2024-08-15T16:30:09.477+0000][14505.422s][info][gc,heap     ] GC(3518) Humongous regions: 50->50
[2024-08-15T16:30:09.477+0000][14505.422s][info][gc,metaspace] GC(3518) Metaspace: 443422K(449600K)->443422K(449600K) NonClass: 388426K(391872K)->388426K(391872K) Class: 54996K(57728K)->54996K(57728K)
[2024-08-15T16:30:09.477+0000][14505.422s][info][gc          ] GC(3518) Pause Young (Normal) (G1 Evacuation Pause) 9690M->3431M(12288M) 37.974ms
[2024-08-15T16:30:09.477+0000][14505.422s][info][gc,cpu      ] GC(3518) User=0.23s Sys=0.00s Real=0.04s
[2024-08-15T16:30:19.922+0000][14515.867s][info][gc,start    ] GC(3519) Pause Young (Concurrent Start) (G1 Evacuation Pause)
[2024-08-15T16:30:19.922+0000][14515.867s][info][gc,task     ] GC(3519) Using 6 workers of 6 for evacuation
[2024-08-15T16:30:19.967+0000][14515.911s][info][gc,phases   ] GC(3519)   Pre Evacuate Collection Set: 0.6ms
[2024-08-15T16:30:19.967+0000][14515.911s][info][gc,phases   ] GC(3519)   Merge Heap Roots: 0.3ms
[2024-08-15T16:30:19.967+0000][14515.911s][info][gc,phases   ] GC(3519)   Evacuate Collection Set: 41.8ms
[2024-08-15T16:30:19.967+0000][14515.911s][info][gc,phases   ] GC(3519)   Post Evacuate Collection Set: 2.0ms
[2024-08-15T16:30:19.967+0000][14515.911s][info][gc,phases   ] GC(3519)   Other: 0.3ms
[2024-08-15T16:30:19.967+0000][14515.911s][info][gc,heap     ] GC(3519) Eden regions: 781->0(777)
[2024-08-15T16:30:19.967+0000][14515.911s][info][gc,heap     ] GC(3519) Survivor regions: 12->16(100)
[2024-08-15T16:30:19.967+0000][14515.911s][info][gc,heap     ] GC(3519) Old regions: 367->367
[2024-08-15T16:30:19.967+0000][14515.911s][info][gc,heap     ] GC(3519) Archive regions: 2->2
[2024-08-15T16:30:19.967+0000][14515.912s][info][gc,heap     ] GC(3519) Humongous regions: 50->50
[2024-08-15T16:30:19.967+0000][14515.912s][info][gc,metaspace] GC(3519) Metaspace: 443422K(449600K)->443422K(449600K) NonClass: 388426K(391872K)->388426K(391872K) Class: 54996K(57728K)->54996K(57728K)
[2024-08-15T16:30:19.967+0000][14515.912s][info][gc          ] GC(3519) Pause Young (Concurrent Start) (G1 Evacuation Pause) 9679M->3461M(12288M) 45.009ms
[2024-08-15T16:30:19.967+0000][14515.912s][info][gc,cpu      ] GC(3519) User=0.26s Sys=0.00s Real=0.05s
[2024-08-15T16:30:19.967+0000][14515.912s][info][gc          ] GC(3520) Concurrent Mark Cycle
[2024-08-15T16:30:19.967+0000][14515.912s][info][gc,marking  ] GC(3520) Concurrent Clear Claimed Marks
[2024-08-15T16:30:19.967+0000][14515.912s][info][gc,marking  ] GC(3520) Concurrent Clear Claimed Marks 0.407ms
[2024-08-15T16:30:19.967+0000][14515.912s][info][gc,marking  ] GC(3520) Concurrent Scan Root Regions
[2024-08-15T16:30:20.006+0000][14515.951s][info][gc,marking  ] GC(3520) Concurrent Scan Root Regions 38.482ms
[2024-08-15T16:30:20.006+0000][14515.951s][info][gc,marking  ] GC(3520) Concurrent Mark
[2024-08-15T16:30:20.006+0000][14515.951s][info][gc,marking  ] GC(3520) Concurrent Mark From Roots
[2024-08-15T16:30:20.006+0000][14515.951s][info][gc,task     ] GC(3520) Using 2 workers of 2 for marking
[2024-08-15T16:30:21.892+0000][14517.836s][info][gc,marking  ] GC(3520) Concurrent Mark From Roots 1885.763ms
[2024-08-15T16:30:21.892+0000][14517.836s][info][gc,marking  ] GC(3520) Concurrent Preclean
[2024-08-15T16:30:21.893+0000][14517.838s][info][gc,marking  ] GC(3520) Concurrent Preclean 1.694ms
[2024-08-15T16:30:21.894+0000][14517.838s][info][gc,start    ] GC(3520) Pause Remark
[2024-08-15T16:30:21.919+0000][14517.863s][info][gc          ] GC(3520) Pause Remark 4553M->4553M(12288M) 25.173ms
[2024-08-15T16:30:21.919+0000][14517.863s][info][gc,cpu      ] GC(3520) User=0.11s Sys=0.00s Real=0.03s
[2024-08-15T16:30:21.919+0000][14517.864s][info][gc,marking  ] GC(3520) Concurrent Mark 1913.044ms
[2024-08-15T16:30:21.919+0000][14517.864s][info][gc,marking  ] GC(3520) Concurrent Rebuild Remembered Sets
[2024-08-15T16:30:23.135+0000][14519.079s][info][gc,marking  ] GC(3520) Concurrent Rebuild Remembered Sets 1215.533ms
[2024-08-15T16:30:23.135+0000][14519.079s][info][gc,start    ] GC(3520) Pause Cleanup
[2024-08-15T16:30:23.135+0000][14519.080s][info][gc          ] GC(3520) Pause Cleanup 5241M->5241M(12288M) 0.661ms
[2024-08-15T16:30:23.136+0000][14519.080s][info][gc,cpu      ] GC(3520) User=0.00s Sys=0.00s Real=0.01s
[2024-08-15T16:30:23.136+0000][14519.080s][info][gc,marking  ] GC(3520) Concurrent Cleanup for Next Mark
[2024-08-15T16:30:23.165+0000][14519.110s][info][gc,marking  ] GC(3520) Concurrent Cleanup for Next Mark 29.826ms
[2024-08-15T16:30:23.165+0000][14519.110s][info][gc          ] GC(3520) Concurrent Mark Cycle 3198.457ms
[2024-08-15T16:30:30.715+0000][14526.660s][info][gc,start    ] GC(3521) Pause Young (Prepare Mixed) (G1 Evacuation Pause)
[2024-08-15T16:30:30.715+0000][14526.660s][info][gc,task     ] GC(3521) Using 6 workers of 6 for evacuation
[2024-08-15T16:30:30.767+0000][14526.712s][info][gc,phases   ] GC(3521)   Pre Evacuate Collection Set: 0.2ms
[2024-08-15T16:30:30.767+0000][14526.712s][info][gc,phases   ] GC(3521)   Merge Heap Roots: 0.4ms
[2024-08-15T16:30:30.767+0000][14526.712s][info][gc,phases   ] GC(3521)   Evacuate Collection Set: 49.1ms
[2024-08-15T16:30:30.767+0000][14526.712s][info][gc,phases   ] GC(3521)   Post Evacuate Collection Set: 2.2ms
[2024-08-15T16:30:30.767+0000][14526.712s][info][gc,phases   ] GC(3521)   Other: 0.2ms
[2024-08-15T16:30:30.767+0000][14526.712s][info][gc,heap     ] GC(3521) Eden regions: 777->0(57)
[2024-08-15T16:30:30.767+0000][14526.712s][info][gc,heap     ] GC(3521) Survivor regions: 16->19(100)
[2024-08-15T16:30:30.767+0000][14526.712s][info][gc,heap     ] GC(3521) Old regions: 367->367
[2024-08-15T16:30:30.767+0000][14526.712s][info][gc,heap     ] GC(3521) Archive regions: 2->2
[2024-08-15T16:30:30.767+0000][14526.712s][info][gc,heap     ] GC(3521) Humongous regions: 50->50
[2024-08-15T16:30:30.767+0000][14526.712s][info][gc,metaspace] GC(3521) Metaspace: 443422K(449600K)->443422K(449600K) NonClass: 388426K(391872K)->388426K(391872K) Class: 54996K(57728K)->54996K(57728K)
[2024-08-15T16:30:30.767+0000][14526.712s][info][gc          ] GC(3521) Pause Young (Prepare Mixed) (G1 Evacuation Pause) 9677M->3491M(12288M) 52.151ms
[2024-08-15T16:30:30.768+0000][14526.712s][info][gc,cpu      ] GC(3521) User=0.31s Sys=0.00s Real=0.05s
[2024-08-15T16:30:31.506+0000][14527.451s][info][gc,start    ] GC(3522) Pause Young (Mixed) (G1 Evacuation Pause)
[2024-08-15T16:30:31.506+0000][14527.451s][info][gc,task     ] GC(3522) Using 6 workers of 6 for evacuation
[2024-08-15T16:30:31.581+0000][14527.526s][info][gc,phases   ] GC(3522)   Pre Evacuate Collection Set: 0.2ms
[2024-08-15T16:30:31.581+0000][14527.526s][info][gc,phases   ] GC(3522)   Merge Heap Roots: 0.3ms
[2024-08-15T16:30:31.581+0000][14527.526s][info][gc,phases   ] GC(3522)   Evacuate Collection Set: 73.0ms
[2024-08-15T16:30:31.581+0000][14527.526s][info][gc,phases   ] GC(3522)   Post Evacuate Collection Set: 1.4ms
[2024-08-15T16:30:31.581+0000][14527.526s][info][gc,phases   ] GC(3522)   Other: 0.2ms
[2024-08-15T16:30:31.581+0000][14527.526s][info][gc,heap     ] GC(3522) Eden regions: 57->0(790)
[2024-08-15T16:30:31.581+0000][14527.526s][info][gc,heap     ] GC(3522) Survivor regions: 19->3(10)
[2024-08-15T16:30:31.581+0000][14527.526s][info][gc,heap     ] GC(3522) Old regions: 367->367
[2024-08-15T16:30:31.581+0000][14527.526s][info][gc,heap     ] GC(3522) Archive regions: 2->2
[2024-08-15T16:30:31.581+0000][14527.526s][info][gc,heap     ] GC(3522) Humongous regions: 50->50
[2024-08-15T16:30:31.581+0000][14527.526s][info][gc,metaspace] GC(3522) Metaspace: 443422K(449600K)->443422K(449600K) NonClass: 388426K(391872K)->388426K(391872K) Class: 54996K(57728K)->54996K(57728K)
[2024-08-15T16:30:31.581+0000][14527.526s][info][gc          ] GC(3522) Pause Young (Mixed) (G1 Evacuation Pause) 3947M->3360M(12288M) 75.033ms
[2024-08-15T16:30:31.581+0000][14527.526s][info][gc,cpu      ] GC(3522) User=0.44s Sys=0.00s Real=0.07s
[2024-08-15T16:30:41.437+0000][14537.381s][info][gc,start    ] GC(3523) Pause Young (Normal) (G1 Evacuation Pause)
[2024-08-15T16:30:41.437+0000][14537.381s][info][gc,task     ] GC(3523) Using 6 workers of 6 for evacuation
[2024-08-15T16:30:41.457+0000][14537.402s][info][gc,phases   ] GC(3523)   Pre Evacuate Collection Set: 0.2ms
[2024-08-15T16:30:41.457+0000][14537.402s][info][gc,phases   ] GC(3523)   Merge Heap Roots: 0.3ms
[2024-08-15T16:30:41.457+0000][14537.402s][info][gc,phases   ] GC(3523)   Evacuate Collection Set: 17.7ms
[2024-08-15T16:30:41.457+0000][14537.402s][info][gc,phases   ] GC(3523)   Post Evacuate Collection Set: 2.2ms
[2024-08-15T16:30:41.457+0000][14537.402s][info][gc,phases   ] GC(3523)   Other: 0.2ms
[2024-08-15T16:30:41.457+0000][14537.402s][info][gc,heap     ] GC(3523) Eden regions: 790->0(784)
[2024-08-15T16:30:41.457+0000][14537.402s][info][gc,heap     ] GC(3523) Survivor regions: 3->7(100)
[2024-08-15T16:30:41.457+0000][14537.402s][info][gc,heap     ] GC(3523) Old regions: 367->367
[2024-08-15T16:30:41.457+0000][14537.402s][info][gc,heap     ] GC(3523) Archive regions: 2->2
[2024-08-15T16:30:41.457+0000][14537.402s][info][gc,heap     ] GC(3523) Humongous regions: 50->50
[2024-08-15T16:30:41.457+0000][14537.402s][info][gc,metaspace] GC(3523) Metaspace: 443427K(449600K)->443427K(449600K) NonClass: 388431K(391872K)->388431K(391872K) Class: 54996K(57728K)->54996K(57728K)
[2024-08-15T16:30:41.457+0000][14537.402s][info][gc          ] GC(3523) Pause Young (Normal) (G1 Evacuation Pause) 9680M->3391M(12288M) 20.666ms
[2024-08-15T16:30:41.457+0000][14537.402s][info][gc,cpu      ] GC(3523) User=0.12s Sys=0.00s Real=0.02s
[2024-08-15T16:30:51.601+0000][14547.545s][info][gc,start    ] GC(3524) Pause Young (Normal) (G1 Evacuation Pause)
[2024-08-15T16:30:51.601+0000][14547.545s][info][gc,task     ] GC(3524) Using 6 workers of 6 for evacuation
[2024-08-15T16:30:51.628+0000][14547.573s][info][gc,phases   ] GC(3524)   Pre Evacuate Collection Set: 0.2ms
[2024-08-15T16:30:51.628+0000][14547.573s][info][gc,phases   ] GC(3524)   Merge Heap Roots: 0.3ms
[2024-08-15T16:30:51.628+0000][14547.573s][info][gc,phases   ] GC(3524)   Evacuate Collection Set: 24.9ms
[2024-08-15T16:30:51.628+0000][14547.573s][info][gc,phases   ] GC(3524)   Post Evacuate Collection Set: 2.1ms
[2024-08-15T16:30:51.628+0000][14547.573s][info][gc,phases   ] GC(3524)   Other: 0.2ms
[2024-08-15T16:30:51.628+0000][14547.573s][info][gc,heap     ] GC(3524) Eden regions: 784->0(781)
[2024-08-15T16:30:51.628+0000][14547.573s][info][gc,heap     ] GC(3524) Survivor regions: 7->10(99)
[2024-08-15T16:30:51.628+0000][14547.573s][info][gc,heap     ] GC(3524) Old regions: 367->367
[2024-08-15T16:30:51.628+0000][14547.573s][info][gc,heap     ] GC(3524) Archive regions: 2->2
[2024-08-15T16:30:51.628+0000][14547.573s][info][gc,heap     ] GC(3524) Humongous regions: 50->50
[2024-08-15T16:30:51.628+0000][14547.573s][info][gc,metaspace] GC(3524) Metaspace: 443427K(449600K)->443427K(449600K) NonClass: 388431K(391872K)->388431K(391872K) Class: 54996K(57728K)->54996K(57728K)
[2024-08-15T16:30:51.628+0000][14547.573s][info][gc          ] GC(3524) Pause Young (Normal) (G1 Evacuation Pause) 9663M->3409M(12288M) 27.765ms
[2024-08-15T16:30:51.628+0000][14547.573s][info][gc,cpu      ] GC(3524) User=0.16s Sys=0.00s Real=0.03s
[2024-08-15T16:31:02.362+0000][14558.307s][info][gc,start    ] GC(3525) Pause Young (Concurrent Start) (G1 Evacuation Pause)
[2024-08-15T16:31:02.362+0000][14558.307s][info][gc,task     ] GC(3525) Using 6 workers of 6 for evacuation
[2024-08-15T16:31:02.397+0000][14558.342s][info][gc,phases   ] GC(3525)   Pre Evacuate Collection Set: 0.6ms
[2024-08-15T16:31:02.397+0000][14558.342s][info][gc,phases   ] GC(3525)   Merge Heap Roots: 0.3ms
[2024-08-15T16:31:02.397+0000][14558.342s][info][gc,phases   ] GC(3525)   Evacuate Collection Set: 31.5ms
[2024-08-15T16:31:02.397+0000][14558.342s][info][gc,phases   ] GC(3525)   Post Evacuate Collection Set: 2.2ms
[2024-08-15T16:31:02.397+0000][14558.342s][info][gc,phases   ] GC(3525)   Other: 0.3ms
[2024-08-15T16:31:02.397+0000][14558.342s][info][gc,heap     ] GC(3525) Eden regions: 781->0(777)
[2024-08-15T16:31:02.397+0000][14558.342s][info][gc,heap     ] GC(3525) Survivor regions: 10->14(99)
[2024-08-15T16:31:02.397+0000][14558.342s][info][gc,heap     ] GC(3525) Old regions: 367->367
[2024-08-15T16:31:02.397+0000][14558.342s][info][gc,heap     ] GC(3525) Archive regions: 2->2
[2024-08-15T16:31:02.397+0000][14558.342s][info][gc,heap     ] GC(3525) Humongous regions: 50->50
[2024-08-15T16:31:02.397+0000][14558.342s][info][gc,metaspace] GC(3525) Metaspace: 443427K(449600K)->443427K(449600K) NonClass: 388431K(391872K)->388431K(391872K) Class: 54996K(57728K)->54996K(57728K)
[2024-08-15T16:31:02.397+0000][14558.342s][info][gc          ] GC(3525) Pause Young (Concurrent Start) (G1 Evacuation Pause) 9657M->3444M(12288M) 34.839ms
[2024-08-15T16:31:02.397+0000][14558.342s][info][gc,cpu      ] GC(3525) User=0.20s Sys=0.00s Real=0.04s
[2024-08-15T16:31:02.397+0000][14558.342s][info][gc          ] GC(3526) Concurrent Mark Cycle
[2024-08-15T16:31:02.397+0000][14558.342s][info][gc,marking  ] GC(3526) Concurrent Clear Claimed Marks
[2024-08-15T16:31:02.398+0000][14558.342s][info][gc,marking  ] GC(3526) Concurrent Clear Claimed Marks 0.415ms
[2024-08-15T16:31:02.398+0000][14558.342s][info][gc,marking  ] GC(3526) Concurrent Scan Root Regions
[2024-08-15T16:31:02.427+0000][14558.371s][info][gc,marking  ] GC(3526) Concurrent Scan Root Regions 28.888ms
[2024-08-15T16:31:02.427+0000][14558.371s][info][gc,marking  ] GC(3526) Concurrent Mark
[2024-08-15T16:31:02.427+0000][14558.371s][info][gc,marking  ] GC(3526) Concurrent Mark From Roots
[2024-08-15T16:31:02.427+0000][14558.371s][info][gc,task     ] GC(3526) Using 2 workers of 2 for marking
[2024-08-15T16:31:04.317+0000][14560.262s][info][gc,marking  ] GC(3526) Concurrent Mark From Roots 1890.542ms
[2024-08-15T16:31:04.317+0000][14560.262s][info][gc,marking  ] GC(3526) Concurrent Preclean
[2024-08-15T16:31:04.319+0000][14560.264s][info][gc,marking  ] GC(3526) Concurrent Preclean 1.614ms
[2024-08-15T16:31:04.319+0000][14560.264s][info][gc,start    ] GC(3526) Pause Remark
[2024-08-15T16:31:04.343+0000][14560.287s][info][gc          ] GC(3526) Pause Remark 4496M->4496M(12288M) 23.704ms
[2024-08-15T16:31:04.343+0000][14560.288s][info][gc,cpu      ] GC(3526) User=0.10s Sys=0.00s Real=0.02s
[2024-08-15T16:31:04.343+0000][14560.288s][info][gc,marking  ] GC(3526) Concurrent Mark 1916.362ms
[2024-08-15T16:31:04.343+0000][14560.288s][info][gc,marking  ] GC(3526) Concurrent Rebuild Remembered Sets
[2024-08-15T16:31:05.503+0000][14561.448s][info][gc,marking  ] GC(3526) Concurrent Rebuild Remembered Sets 1160.189ms
[2024-08-15T16:31:05.503+0000][14561.448s][info][gc,start    ] GC(3526) Pause Cleanup
[2024-08-15T16:31:05.504+0000][14561.449s][info][gc          ] GC(3526) Pause Cleanup 5136M->5136M(12288M) 0.621ms
[2024-08-15T16:31:05.504+0000][14561.449s][info][gc,cpu      ] GC(3526) User=0.00s Sys=0.00s Real=0.00s
[2024-08-15T16:31:05.504+0000][14561.449s][info][gc,marking  ] GC(3526) Concurrent Cleanup for Next Mark
[2024-08-15T16:31:05.533+0000][14561.477s][info][gc,marking  ] GC(3526) Concurrent Cleanup for Next Mark 28.369ms
[2024-08-15T16:31:05.533+0000][14561.477s][info][gc          ] GC(3526) Concurrent Mark Cycle 3135.258ms
[2024-08-15T16:31:13.541+0000][14569.486s][info][gc,start    ] GC(3527) Pause Young (Prepare Mixed) (G1 Evacuation Pause)
[2024-08-15T16:31:13.541+0000][14569.486s][info][gc,task     ] GC(3527) Using 6 workers of 6 for evacuation
[2024-08-15T16:31:13.585+0000][14569.529s][info][gc,phases   ] GC(3527)   Pre Evacuate Collection Set: 0.2ms
[2024-08-15T16:31:13.585+0000][14569.529s][info][gc,phases   ] GC(3527)   Merge Heap Roots: 0.4ms
[2024-08-15T16:31:13.585+0000][14569.529s][info][gc,phases   ] GC(3527)   Evacuate Collection Set: 40.8ms
[2024-08-15T16:31:13.585+0000][14569.529s][info][gc,phases   ] GC(3527)   Post Evacuate Collection Set: 2.4ms
[2024-08-15T16:31:13.585+0000][14569.529s][info][gc,phases   ] GC(3527)   Other: 0.2ms
[2024-08-15T16:31:13.585+0000][14569.529s][info][gc,heap     ] GC(3527) Eden regions: 777->0(58)
[2024-08-15T16:31:13.585+0000][14569.529s][info][gc,heap     ] GC(3527) Survivor regions: 14->18(99)
[2024-08-15T16:31:13.585+0000][14569.529s][info][gc,heap     ] GC(3527) Old regions: 367->367
[2024-08-15T16:31:13.585+0000][14569.529s][info][gc,heap     ] GC(3527) Archive regions: 2->2
[2024-08-15T16:31:13.585+0000][14569.529s][info][gc,heap     ] GC(3527) Humongous regions: 50->50
[2024-08-15T16:31:13.585+0000][14569.529s][info][gc,metaspace] GC(3527) Metaspace: 443427K(449600K)->443427K(449600K) NonClass: 388431K(391872K)->388431K(391872K) Class: 54996K(57728K)->54996K(57728K)
[2024-08-15T16:31:13.585+0000][14569.529s][info][gc          ] GC(3527) Pause Young (Prepare Mixed) (G1 Evacuation Pause) 9660M->3475M(12288M) 43.955ms
[2024-08-15T16:31:13.585+0000][14569.530s][info][gc,cpu      ] GC(3527) User=0.26s Sys=0.00s Real=0.05s
[2024-08-15T16:31:14.374+0000][14570.319s][info][gc,start    ] GC(3528) Pause Young (Mixed) (G1 Evacuation Pause)
[2024-08-15T16:31:14.374+0000][14570.319s][info][gc,task     ] GC(3528) Using 6 workers of 6 for evacuation
[2024-08-15T16:31:14.468+0000][14570.413s][info][gc,phases   ] GC(3528)   Pre Evacuate Collection Set: 0.2ms
[2024-08-15T16:31:14.468+0000][14570.413s][info][gc,phases   ] GC(3528)   Merge Heap Roots: 0.5ms
[2024-08-15T16:31:14.468+0000][14570.413s][info][gc,phases   ] GC(3528)   Evacuate Collection Set: 92.2ms
[2024-08-15T16:31:14.468+0000][14570.413s][info][gc,phases   ] GC(3528)   Post Evacuate Collection Set: 1.4ms
[2024-08-15T16:31:14.468+0000][14570.413s][info][gc,phases   ] GC(3528)   Other: 0.2ms
[2024-08-15T16:31:14.468+0000][14570.413s][info][gc,heap     ] GC(3528) Eden regions: 58->0(784)
[2024-08-15T16:31:14.469+0000][14570.413s][info][gc,heap     ] GC(3528) Survivor regions: 18->3(10)
[2024-08-15T16:31:14.469+0000][14570.413s][info][gc,heap     ] GC(3528) Old regions: 367->370
[2024-08-15T16:31:14.469+0000][14570.413s][info][gc,heap     ] GC(3528) Archive regions: 2->2
[2024-08-15T16:31:14.469+0000][14570.413s][info][gc,heap     ] GC(3528) Humongous regions: 50->50
[2024-08-15T16:31:14.469+0000][14570.413s][info][gc,metaspace] GC(3528) Metaspace: 443427K(449600K)->443427K(449600K) NonClass: 388431K(391872K)->388431K(391872K) Class: 54996K(57728K)->54996K(57728K)
[2024-08-15T16:31:14.469+0000][14570.413s][info][gc          ] GC(3528) Pause Young (Mixed) (G1 Evacuation Pause) 3939M->3383M(12288M) 94.510ms
[2024-08-15T16:31:14.469+0000][14570.413s][info][gc,cpu      ] GC(3528) User=0.56s Sys=0.00s Real=0.10s
[2024-08-15T16:31:24.588+0000][14580.533s][info][gc,start    ] GC(3529) Pause Young (Normal) (G1 Evacuation Pause)
[2024-08-15T16:31:24.588+0000][14580.533s][info][gc,task     ] GC(3529) Using 6 workers of 6 for evacuation
[2024-08-15T16:31:24.607+0000][14580.552s][info][gc,phases   ] GC(3529)   Pre Evacuate Collection Set: 0.2ms
[2024-08-15T16:31:24.607+0000][14580.552s][info][gc,phases   ] GC(3529)   Merge Heap Roots: 0.3ms
[2024-08-15T16:31:24.607+0000][14580.552s][info][gc,phases   ] GC(3529)   Evacuate Collection Set: 16.2ms
[2024-08-15T16:31:24.607+0000][14580.552s][info][gc,phases   ] GC(3529)   Post Evacuate Collection Set: 2.1ms
[2024-08-15T16:31:24.607+0000][14580.552s][info][gc,phases   ] GC(3529)   Other: 0.2ms
[2024-08-15T16:31:24.607+0000][14580.552s][info][gc,heap     ] GC(3529) Eden regions: 784->0(782)
[2024-08-15T16:31:24.607+0000][14580.552s][info][gc,heap     ] GC(3529) Survivor regions: 3->6(99)
[2024-08-15T16:31:24.607+0000][14580.552s][info][gc,heap     ] GC(3529) Old regions: 370->370
[2024-08-15T16:31:24.607+0000][14580.552s][info][gc,heap     ] GC(3529) Archive regions: 2->2
[2024-08-15T16:31:24.607+0000][14580.552s][info][gc,heap     ] GC(3529) Humongous regions: 50->50
[2024-08-15T16:31:24.607+0000][14580.552s][info][gc,metaspace] GC(3529) Metaspace: 443427K(449600K)->443427K(449600K) NonClass: 388431K(391872K)->388431K(391872K) Class: 54996K(57728K)->54996K(57728K)
[2024-08-15T16:31:24.607+0000][14580.552s][info][gc          ] GC(3529) Pause Young (Normal) (G1 Evacuation Pause) 9655M->3402M(12288M) 18.988ms
[2024-08-15T16:31:24.607+0000][14580.552s][info][gc,cpu      ] GC(3529) User=0.11s Sys=0.00s Real=0.02s
[2024-08-15T16:31:35.336+0000][14591.281s][info][gc,start    ] GC(3530) Pause Young (Normal) (G1 Evacuation Pause)
[2024-08-15T16:31:35.336+0000][14591.281s][info][gc,task     ] GC(3530) Using 6 workers of 6 for evacuation
[2024-08-15T16:31:35.362+0000][14591.307s][info][gc,phases   ] GC(3530)   Pre Evacuate Collection Set: 0.2ms
[2024-08-15T16:31:35.362+0000][14591.307s][info][gc,phases   ] GC(3530)   Merge Heap Roots: 0.3ms
[2024-08-15T16:31:35.362+0000][14591.307s][info][gc,phases   ] GC(3530)   Evacuate Collection Set: 23.3ms
[2024-08-15T16:31:35.362+0000][14591.307s][info][gc,phases   ] GC(3530)   Post Evacuate Collection Set: 2.1ms
[2024-08-15T16:31:35.362+0000][14591.307s][info][gc,phases   ] GC(3530)   Other: 0.3ms
[2024-08-15T16:31:35.362+0000][14591.307s][info][gc,heap     ] GC(3530) Eden regions: 782->0(777)
[2024-08-15T16:31:35.362+0000][14591.307s][info][gc,heap     ] GC(3530) Survivor regions: 6->10(99)
[2024-08-15T16:31:35.362+0000][14591.307s][info][gc,heap     ] GC(3530) Old regions: 370->370
[2024-08-15T16:31:35.362+0000][14591.307s][info][gc,heap     ] GC(3530) Archive regions: 2->2
[2024-08-15T16:31:35.362+0000][14591.307s][info][gc,heap     ] GC(3530) Humongous regions: 50->50
[2024-08-15T16:31:35.362+0000][14591.307s][info][gc,metaspace] GC(3530) Metaspace: 443430K(449600K)->443430K(449600K) NonClass: 388434K(391872K)->388434K(391872K) Class: 54996K(57728K)->54996K(57728K)
[2024-08-15T16:31:35.362+0000][14591.307s][info][gc          ] GC(3530) Pause Young (Normal) (G1 Evacuation Pause) 9658M->3437M(12288M) 26.170ms
[2024-08-15T16:31:35.362+0000][14591.307s][info][gc,cpu      ] GC(3530) User=0.15s Sys=0.00s Real=0.02s
[2024-08-15T16:31:45.984+0000][14601.929s][info][gc,start    ] GC(3531) Pause Young (Concurrent Start) (G1 Evacuation Pause)
[2024-08-15T16:31:45.984+0000][14601.929s][info][gc,task     ] GC(3531) Using 6 workers of 6 for evacuation
[2024-08-15T16:31:46.019+0000][14601.964s][info][gc,phases   ] GC(3531)   Pre Evacuate Collection Set: 0.6ms
[2024-08-15T16:31:46.019+0000][14601.964s][info][gc,phases   ] GC(3531)   Merge Heap Roots: 0.3ms
[2024-08-15T16:31:46.019+0000][14601.964s][info][gc,phases   ] GC(3531)   Evacuate Collection Set: 31.5ms
[2024-08-15T16:31:46.019+0000][14601.964s][info][gc,phases   ] GC(3531)   Post Evacuate Collection Set: 2.2ms
[2024-08-15T16:31:46.019+0000][14601.964s][info][gc,phases   ] GC(3531)   Other: 0.3ms
[2024-08-15T16:31:46.019+0000][14601.964s][info][gc,heap     ] GC(3531) Eden regions: 777->0(772)
[2024-08-15T16:31:46.019+0000][14601.964s][info][gc,heap     ] GC(3531) Survivor regions: 10->14(99)
[2024-08-15T16:31:46.019+0000][14601.964s][info][gc,heap     ] GC(3531) Old regions: 370->370
[2024-08-15T16:31:46.019+0000][14601.964s][info][gc,heap     ] GC(3531) Archive regions: 2->2
[2024-08-15T16:31:46.019+0000][14601.964s][info][gc,heap     ] GC(3531) Humongous regions: 50->50
[2024-08-15T16:31:46.019+0000][14601.964s][info][gc,metaspace] GC(3531) Metaspace: 443431K(449600K)->443431K(449600K) NonClass: 388435K(391872K)->388435K(391872K) Class: 54996K(57728K)->54996K(57728K)
[2024-08-15T16:31:46.019+0000][14601.964s][info][gc          ] GC(3531) Pause Young (Concurrent Start) (G1 Evacuation Pause) 9653M->3471M(12288M) 34.913ms
[2024-08-15T16:31:46.019+0000][14601.964s][info][gc,cpu      ] GC(3531) User=0.20s Sys=0.00s Real=0.03s
[2024-08-15T16:31:46.019+0000][14601.964s][info][gc          ] GC(3532) Concurrent Mark Cycle
[2024-08-15T16:31:46.019+0000][14601.964s][info][gc,marking  ] GC(3532) Concurrent Clear Claimed Marks
[2024-08-15T16:31:46.020+0000][14601.964s][info][gc,marking  ] GC(3532) Concurrent Clear Claimed Marks 0.395ms
[2024-08-15T16:31:46.020+0000][14601.964s][info][gc,marking  ] GC(3532) Concurrent Scan Root Regions
[2024-08-15T16:31:46.049+0000][14601.994s][info][gc,marking  ] GC(3532) Concurrent Scan Root Regions 29.279ms
[2024-08-15T16:31:46.049+0000][14601.994s][info][gc,marking  ] GC(3532) Concurrent Mark
[2024-08-15T16:31:46.049+0000][14601.994s][info][gc,marking  ] GC(3532) Concurrent Mark From Roots
[2024-08-15T16:31:46.049+0000][14601.994s][info][gc,task     ] GC(3532) Using 2 workers of 2 for marking
[2024-08-15T16:31:47.951+0000][14603.896s][info][gc,marking  ] GC(3532) Concurrent Mark From Roots 1901.993ms
[2024-08-15T16:31:47.951+0000][14603.896s][info][gc,marking  ] GC(3532) Concurrent Preclean
[2024-08-15T16:31:47.953+0000][14603.897s][info][gc,marking  ] GC(3532) Concurrent Preclean 1.474ms
[2024-08-15T16:31:47.953+0000][14603.897s][info][gc,start    ] GC(3532) Pause Remark
[2024-08-15T16:31:47.976+0000][14603.921s][info][gc          ] GC(3532) Pause Remark 4535M->4535M(12288M) 23.349ms
[2024-08-15T16:31:47.976+0000][14603.921s][info][gc,cpu      ] GC(3532) User=0.10s Sys=0.00s Real=0.03s
[2024-08-15T16:31:47.976+0000][14603.921s][info][gc,marking  ] GC(3532) Concurrent Mark 1927.238ms
[2024-08-15T16:31:47.976+0000][14603.921s][info][gc,marking  ] GC(3532) Concurrent Rebuild Remembered Sets
[2024-08-15T16:31:49.186+0000][14605.130s][info][gc,marking  ] GC(3532) Concurrent Rebuild Remembered Sets 1209.396ms
[2024-08-15T16:31:49.186+0000][14605.130s][info][gc,start    ] GC(3532) Pause Cleanup
[2024-08-15T16:31:49.186+0000][14605.131s][info][gc          ] GC(3532) Pause Cleanup 5399M->5399M(12288M) 0.644ms
[2024-08-15T16:31:49.186+0000][14605.131s][info][gc,cpu      ] GC(3532) User=0.00s Sys=0.00s Real=0.00s
[2024-08-15T16:31:49.187+0000][14605.131s][info][gc,marking  ] GC(3532) Concurrent Cleanup for Next Mark
[2024-08-15T16:31:49.216+0000][14605.161s][info][gc,marking  ] GC(3532) Concurrent Cleanup for Next Mark 29.711ms
[2024-08-15T16:31:49.216+0000][14605.161s][info][gc          ] GC(3532) Concurrent Mark Cycle 3197.119ms
[2024-08-15T16:31:53.267+0000][14609.212s][info][gc,start    ] GC(3533) Pause Young (Prepare Mixed) (G1 Evacuation Pause)
[2024-08-15T16:31:53.267+0000][14609.212s][info][gc,task     ] GC(3533) Using 6 workers of 6 for evacuation
[2024-08-15T16:31:53.302+0000][14609.247s][info][gc,phases   ] GC(3533)   Pre Evacuate Collection Set: 0.2ms
[2024-08-15T16:31:53.302+0000][14609.247s][info][gc,phases   ] GC(3533)   Merge Heap Roots: 0.3ms
[2024-08-15T16:31:53.302+0000][14609.247s][info][gc,phases   ] GC(3533)   Evacuate Collection Set: 32.3ms
[2024-08-15T16:31:53.302+0000][14609.247s][info][gc,phases   ] GC(3533)   Post Evacuate Collection Set: 2.1ms
[2024-08-15T16:31:53.302+0000][14609.247s][info][gc,phases   ] GC(3533)   Other: 0.2ms
[2024-08-15T16:31:53.302+0000][14609.247s][info][gc,heap     ] GC(3533) Eden regions: 772->0(62)
[2024-08-15T16:31:53.302+0000][14609.247s][info][gc,heap     ] GC(3533) Survivor regions: 14->14(99)
[2024-08-15T16:31:53.302+0000][14609.247s][info][gc,heap     ] GC(3533) Old regions: 370->370
[2024-08-15T16:31:53.302+0000][14609.247s][info][gc,heap     ] GC(3533) Archive regions: 2->2
[2024-08-15T16:31:53.302+0000][14609.247s][info][gc,heap     ] GC(3533) Humongous regions: 50->50
[2024-08-15T16:31:53.302+0000][14609.247s][info][gc,metaspace] GC(3533) Metaspace: 443431K(449600K)->443431K(449600K) NonClass: 388435K(391872K)->388435K(391872K) Class: 54996K(57728K)->54996K(57728K)
[2024-08-15T16:31:53.302+0000][14609.247s][info][gc          ] GC(3533) Pause Young (Prepare Mixed) (G1 Evacuation Pause) 9647M->3469M(12288M) 35.192ms
[2024-08-15T16:31:53.302+0000][14609.247s][info][gc,cpu      ] GC(3533) User=0.20s Sys=0.00s Real=0.03s
[2024-08-15T16:31:53.619+0000][14609.563s][info][gc,start    ] GC(3534) Pause Young (Mixed) (G1 Evacuation Pause)
[2024-08-15T16:31:53.619+0000][14609.563s][info][gc,task     ] GC(3534) Using 6 workers of 6 for evacuation
[2024-08-15T16:31:53.698+0000][14609.642s][info][gc,phases   ] GC(3534)   Pre Evacuate Collection Set: 0.2ms
[2024-08-15T16:31:53.698+0000][14609.642s][info][gc,phases   ] GC(3534)   Merge Heap Roots: 0.5ms
[2024-08-15T16:31:53.698+0000][14609.642s][info][gc,phases   ] GC(3534)   Evacuate Collection Set: 76.6ms
[2024-08-15T16:31:53.698+0000][14609.642s][info][gc,phases   ] GC(3534)   Post Evacuate Collection Set: 1.4ms
[2024-08-15T16:31:53.698+0000][14609.642s][info][gc,phases   ] GC(3534)   Other: 0.2ms
[2024-08-15T16:31:53.698+0000][14609.642s][info][gc,heap     ] GC(3534) Eden regions: 62->0(787)
[2024-08-15T16:31:53.698+0000][14609.642s][info][gc,heap     ] GC(3534) Survivor regions: 14->4(10)
[2024-08-15T16:31:53.698+0000][14609.642s][info][gc,heap     ] GC(3534) Old regions: 370->367
[2024-08-15T16:31:53.698+0000][14609.642s][info][gc,heap     ] GC(3534) Archive regions: 2->2
[2024-08-15T16:31:53.698+0000][14609.642s][info][gc,heap     ] GC(3534) Humongous regions: 50->50
[2024-08-15T16:31:53.698+0000][14609.642s][info][gc,metaspace] GC(3534) Metaspace: 443431K(449600K)->443431K(449600K) NonClass: 388435K(391872K)->388435K(391872K) Class: 54996K(57728K)->54996K(57728K)
[2024-08-15T16:31:53.698+0000][14609.642s][info][gc          ] GC(3534) Pause Young (Mixed) (G1 Evacuation Pause) 3965M->3367M(12288M) 78.931ms
[2024-08-15T16:31:53.698+0000][14609.642s][info][gc,cpu      ] GC(3534) User=0.46s Sys=0.01s Real=0.08s
[2024-08-15T16:31:58.289+0000][14614.233s][info][gc,start    ] GC(3535) Pause Young (Normal) (G1 Evacuation Pause)
[2024-08-15T16:31:58.289+0000][14614.233s][info][gc,task     ] GC(3535) Using 6 workers of 6 for evacuation
[2024-08-15T16:31:58.304+0000][14614.249s][info][gc,phases   ] GC(3535)   Pre Evacuate Collection Set: 0.2ms
[2024-08-15T16:31:58.304+0000][14614.249s][info][gc,phases   ] GC(3535)   Merge Heap Roots: 0.2ms
[2024-08-15T16:31:58.304+0000][14614.249s][info][gc,phases   ] GC(3535)   Evacuate Collection Set: 12.7ms
[2024-08-15T16:31:58.304+0000][14614.249s][info][gc,phases   ] GC(3535)   Post Evacuate Collection Set: 2.0ms
[2024-08-15T16:31:58.304+0000][14614.249s][info][gc,phases   ] GC(3535)   Other: 0.2ms
[2024-08-15T16:31:58.304+0000][14614.249s][info][gc,heap     ] GC(3535) Eden regions: 787->0(787)
[2024-08-15T16:31:58.304+0000][14614.249s][info][gc,heap     ] GC(3535) Survivor regions: 4->6(99)
[2024-08-15T16:31:58.304+0000][14614.249s][info][gc,heap     ] GC(3535) Old regions: 367->367
[2024-08-15T16:31:58.304+0000][14614.249s][info][gc,heap     ] GC(3535) Archive regions: 2->2
[2024-08-15T16:31:58.304+0000][14614.249s][info][gc,heap     ] GC(3535) Humongous regions: 50->50
[2024-08-15T16:31:58.304+0000][14614.249s][info][gc,metaspace] GC(3535) Metaspace: 443431K(449600K)->443431K(449600K) NonClass: 388435K(391872K)->388435K(391872K) Class: 54996K(57728K)->54996K(57728K)
[2024-08-15T16:31:58.304+0000][14614.249s][info][gc          ] GC(3535) Pause Young (Normal) (G1 Evacuation Pause) 9663M->3378M(12288M) 15.343ms
[2024-08-15T16:31:58.304+0000][14614.249s][info][gc,cpu      ] GC(3535) User=0.09s Sys=0.00s Real=0.02s
[2024-08-15T16:32:07.706+0000][14623.650s][info][gc,start    ] GC(3536) Pause Young (Normal) (G1 Evacuation Pause)
[2024-08-15T16:32:07.706+0000][14623.651s][info][gc,task     ] GC(3536) Using 6 workers of 6 for evacuation
[2024-08-15T16:32:07.728+0000][14623.672s][info][gc,phases   ] GC(3536)   Pre Evacuate Collection Set: 0.2ms
[2024-08-15T16:32:07.728+0000][14623.672s][info][gc,phases   ] GC(3536)   Merge Heap Roots: 0.2ms
[2024-08-15T16:32:07.728+0000][14623.672s][info][gc,phases   ] GC(3536)   Evacuate Collection Set: 19.1ms
[2024-08-15T16:32:07.728+0000][14623.672s][info][gc,phases   ] GC(3536)   Post Evacuate Collection Set: 2.2ms
[2024-08-15T16:32:07.728+0000][14623.672s][info][gc,phases   ] GC(3536)   Other: 0.2ms
[2024-08-15T16:32:07.728+0000][14623.672s][info][gc,heap     ] GC(3536) Eden regions: 787->0(784)
[2024-08-15T16:32:07.728+0000][14623.672s][info][gc,heap     ] GC(3536) Survivor regions: 6->9(100)
[2024-08-15T16:32:07.728+0000][14623.672s][info][gc,heap     ] GC(3536) Old regions: 367->367
[2024-08-15T16:32:07.728+0000][14623.672s][info][gc,heap     ] GC(3536) Archive regions: 2->2
[2024-08-15T16:32:07.728+0000][14623.672s][info][gc,heap     ] GC(3536) Humongous regions: 50->50
[2024-08-15T16:32:07.728+0000][14623.672s][info][gc,metaspace] GC(3536) Metaspace: 443431K(449600K)->443431K(449600K) NonClass: 388435K(391872K)->388435K(391872K) Class: 54996K(57728K)->54996K(57728K)
[2024-08-15T16:32:07.728+0000][14623.672s][info][gc          ] GC(3536) Pause Young (Normal) (G1 Evacuation Pause) 9674M->3401M(12288M) 21.879ms
[2024-08-15T16:32:07.728+0000][14623.672s][info][gc,cpu      ] GC(3536) User=0.13s Sys=0.00s Real=0.02s
[2024-08-15T16:32:18.916+0000][14634.861s][info][gc,start    ] GC(3537) Pause Young (Concurrent Start) (G1 Evacuation Pause)
[2024-08-15T16:32:18.916+0000][14634.861s][info][gc,task     ] GC(3537) Using 6 workers of 6 for evacuation
[2024-08-15T16:32:18.947+0000][14634.892s][info][gc,phases   ] GC(3537)   Pre Evacuate Collection Set: 0.5ms
[2024-08-15T16:32:18.947+0000][14634.892s][info][gc,phases   ] GC(3537)   Merge Heap Roots: 0.2ms
[2024-08-15T16:32:18.947+0000][14634.892s][info][gc,phases   ] GC(3537)   Evacuate Collection Set: 27.7ms
[2024-08-15T16:32:18.947+0000][14634.892s][info][gc,phases   ] GC(3537)   Post Evacuate Collection Set: 2.1ms
[2024-08-15T16:32:18.947+0000][14634.892s][info][gc,phases   ] GC(3537)   Other: 0.3ms
[2024-08-15T16:32:18.947+0000][14634.892s][info][gc,heap     ] GC(3537) Eden regions: 784->0(780)
[2024-08-15T16:32:18.947+0000][14634.892s][info][gc,heap     ] GC(3537) Survivor regions: 9->13(100)
[2024-08-15T16:32:18.947+0000][14634.892s][info][gc,heap     ] GC(3537) Old regions: 367->367
[2024-08-15T16:32:18.947+0000][14634.892s][info][gc,heap     ] GC(3537) Archive regions: 2->2
[2024-08-15T16:32:18.947+0000][14634.892s][info][gc,heap     ] GC(3537) Humongous regions: 50->50
[2024-08-15T16:32:18.947+0000][14634.892s][info][gc,metaspace] GC(3537) Metaspace: 443431K(449600K)->443431K(449600K) NonClass: 388435K(391872K)->388435K(391872K) Class: 54996K(57728K)->54996K(57728K)
[2024-08-15T16:32:18.947+0000][14634.892s][info][gc          ] GC(3537) Pause Young (Concurrent Start) (G1 Evacuation Pause) 9673M->3435M(12288M) 30.986ms
