[2024-05-30T10:34:20.585+0000][0.004s][info][gc] Using G1
[2024-05-30T10:34:20.614+0000][0.033s][info][gc,init] Version: 17.0.11+9 (release)
[2024-05-30T10:34:20.614+0000][0.033s][info][gc,init] CPUs: 8 total, 6 available
[2024-05-30T10:34:20.614+0000][0.033s][info][gc,init] Memory: 30734M
[2024-05-30T10:34:20.614+0000][0.033s][info][gc,init] Large Page Support: Disabled
[2024-05-30T10:34:20.614+0000][0.033s][info][gc,init] NUMA Support: Disabled
[2024-05-30T10:34:20.614+0000][0.033s][info][gc,init] Compressed Oops: Enabled (Zero based)
[2024-05-30T10:34:20.614+0000][0.033s][info][gc,init] Heap Region Size: 8M
[2024-05-30T10:34:20.614+0000][0.033s][info][gc,init] Heap Min Capacity: 12G
[2024-05-30T10:34:20.614+0000][0.033s][info][gc,init] Heap Initial Capacity: 12G
[2024-05-30T10:34:20.614+0000][0.033s][info][gc,init] Heap Max Capacity: 12G
[2024-05-30T10:34:20.614+0000][0.033s][info][gc,init] Pre-touch: Disabled
[2024-05-30T10:34:20.614+0000][0.033s][info][gc,init] Parallel Workers: 6
[2024-05-30T10:34:20.614+0000][0.033s][info][gc,init] Concurrent Workers: 2
[2024-05-30T10:34:20.614+0000][0.033s][info][gc,init] Concurrent Refinement Workers: 6
[2024-05-30T10:34:20.614+0000][0.033s][info][gc,init] Periodic GC: Disabled
[2024-05-30T10:34:20.621+0000][0.040s][info][gc,metaspace] CDS archive(s) mapped at: [0x00007fd4c3000000-0x00007fd4c3bc8000-0x00007fd4c3bc8000), size 12353536, SharedBaseAddress: 0x00007fd4c3000000, ArchiveRelocationMode: 1.
[2024-05-30T10:34:20.621+0000][0.041s][info][gc,metaspace] Compressed class space mapped at: 0x00007fd4c4000000-0x00007fd504000000, reserved size: 1073741824
[2024-05-30T10:34:20.621+0000][0.041s][info][gc,metaspace] Narrow klass base: 0x00007fd4c3000000, Narrow klass shift: 0, Narrow klass range: 0x100000000
[2024-05-30T10:34:22.472+0000][1.891s][info][gc,start    ] GC(0) Pause Young (Normal) (G1 Evacuation Pause)
[2024-05-30T10:34:22.472+0000][1.891s][info][gc,task     ] GC(0) Using 6 workers of 6 for evacuation
[2024-05-30T10:34:22.483+0000][1.902s][info][gc,phases   ] GC(0)   Pre Evacuate Collection Set: 0.1ms
[2024-05-30T10:34:22.483+0000][1.902s][info][gc,phases   ] GC(0)   Merge Heap Roots: 0.1ms
[2024-05-30T10:34:22.483+0000][1.902s][info][gc,phases   ] GC(0)   Evacuate Collection Set: 9.8ms
[2024-05-30T10:34:22.483+0000][1.902s][info][gc,phases   ] GC(0)   Post Evacuate Collection Set: 0.9ms
[2024-05-30T10:34:22.483+0000][1.902s][info][gc,phases   ] GC(0)   Other: 0.5ms
[2024-05-30T10:34:22.483+0000][1.902s][info][gc,heap     ] GC(0) Eden regions: 76->0(72)
[2024-05-30T10:34:22.483+0000][1.902s][info][gc,heap     ] GC(0) Survivor regions: 0->4(10)
[2024-05-30T10:34:22.483+0000][1.902s][info][gc,heap     ] GC(0) Old regions: 0->0
[2024-05-30T10:34:22.483+0000][1.902s][info][gc,heap     ] GC(0) Archive regions: 2->2
[2024-05-30T10:34:22.483+0000][1.902s][info][gc,heap     ] GC(0) Humongous regions: 0->0
[2024-05-30T10:34:22.483+0000][1.902s][info][gc,metaspace] GC(0) Metaspace: 15779K(16000K)->15779K(16000K) NonClass: 13993K(14080K)->13993K(14080K) Class: 1786K(1920K)->1786K(1920K)
[2024-05-30T10:34:22.483+0000][1.902s][info][gc          ] GC(0) Pause Young (Normal) (G1 Evacuation Pause) 612M->36M(12288M) 11.609ms
[2024-05-30T10:34:22.483+0000][1.902s][info][gc,cpu      ] GC(0) User=0.06s Sys=0.01s Real=0.01s
[2024-05-30T10:34:22.728+0000][2.147s][info][gc,start    ] GC(1) Pause Young (Concurrent Start) (Metadata GC Threshold)
[2024-05-30T10:34:22.728+0000][2.147s][info][gc,task     ] GC(1) Using 6 workers of 6 for evacuation
[2024-05-30T10:34:22.735+0000][2.155s][info][gc,phases   ] GC(1)   Pre Evacuate Collection Set: 0.1ms
[2024-05-30T10:34:22.735+0000][2.155s][info][gc,phases   ] GC(1)   Merge Heap Roots: 0.1ms
[2024-05-30T10:34:22.735+0000][2.155s][info][gc,phases   ] GC(1)   Evacuate Collection Set: 6.6ms
[2024-05-30T10:34:22.736+0000][2.155s][info][gc,phases   ] GC(1)   Post Evacuate Collection Set: 0.8ms
[2024-05-30T10:34:22.736+0000][2.155s][info][gc,phases   ] GC(1)   Other: 0.2ms
[2024-05-30T10:34:22.736+0000][2.155s][info][gc,heap     ] GC(1) Eden regions: 11->0(71)
[2024-05-30T10:34:22.736+0000][2.155s][info][gc,heap     ] GC(1) Survivor regions: 4->5(10)
[2024-05-30T10:34:22.736+0000][2.155s][info][gc,heap     ] GC(1) Old regions: 0->0
[2024-05-30T10:34:22.736+0000][2.155s][info][gc,heap     ] GC(1) Archive regions: 2->2
[2024-05-30T10:34:22.736+0000][2.155s][info][gc,heap     ] GC(1) Humongous regions: 0->0
[2024-05-30T10:34:22.736+0000][2.155s][info][gc,metaspace] GC(1) Metaspace: 21281K(21504K)->21281K(21504K) NonClass: 18784K(18880K)->18784K(18880K) Class: 2496K(2624K)->2496K(2624K)
[2024-05-30T10:34:22.736+0000][2.155s][info][gc          ] GC(1) Pause Young (Concurrent Start) (Metadata GC Threshold) 124M->38M(12288M) 7.837ms
[2024-05-30T10:34:22.736+0000][2.155s][info][gc,cpu      ] GC(1) User=0.04s Sys=0.00s Real=0.01s
[2024-05-30T10:34:22.736+0000][2.155s][info][gc          ] GC(2) Concurrent Mark Cycle
[2024-05-30T10:34:22.736+0000][2.155s][info][gc,marking  ] GC(2) Concurrent Clear Claimed Marks
[2024-05-30T10:34:22.736+0000][2.155s][info][gc,marking  ] GC(2) Concurrent Clear Claimed Marks 0.018ms
[2024-05-30T10:34:22.736+0000][2.155s][info][gc,marking  ] GC(2) Concurrent Scan Root Regions
[2024-05-30T10:34:22.742+0000][2.161s][info][gc,marking  ] GC(2) Concurrent Scan Root Regions 6.111ms
[2024-05-30T10:34:22.742+0000][2.161s][info][gc,marking  ] GC(2) Concurrent Mark
[2024-05-30T10:34:22.742+0000][2.161s][info][gc,marking  ] GC(2) Concurrent Mark From Roots
[2024-05-30T10:34:22.742+0000][2.161s][info][gc,task     ] GC(2) Using 2 workers of 2 for marking
[2024-05-30T10:34:22.744+0000][2.163s][info][gc,marking  ] GC(2) Concurrent Mark From Roots 2.401ms
[2024-05-30T10:34:22.744+0000][2.163s][info][gc,marking  ] GC(2) Concurrent Preclean
[2024-05-30T10:34:22.744+0000][2.164s][info][gc,marking  ] GC(2) Concurrent Preclean 0.121ms
[2024-05-30T10:34:22.744+0000][2.164s][info][gc,start    ] GC(2) Pause Remark
[2024-05-30T10:34:22.746+0000][2.166s][info][gc          ] GC(2) Pause Remark 46M->46M(12288M) 1.892ms
[2024-05-30T10:34:22.746+0000][2.166s][info][gc,cpu      ] GC(2) User=0.01s Sys=0.00s Real=0.00s
[2024-05-30T10:34:22.746+0000][2.166s][info][gc,marking  ] GC(2) Concurrent Mark 4.653ms
[2024-05-30T10:34:22.746+0000][2.166s][info][gc,marking  ] GC(2) Concurrent Rebuild Remembered Sets
[2024-05-30T10:34:22.746+0000][2.166s][info][gc,marking  ] GC(2) Concurrent Rebuild Remembered Sets 0.009ms
[2024-05-30T10:34:22.747+0000][2.166s][info][gc,start    ] GC(2) Pause Cleanup
[2024-05-30T10:34:22.747+0000][2.166s][info][gc          ] GC(2) Pause Cleanup 46M->46M(12288M) 0.013ms
[2024-05-30T10:34:22.747+0000][2.166s][info][gc,cpu      ] GC(2) User=0.00s Sys=0.00s Real=0.00s
[2024-05-30T10:34:22.747+0000][2.166s][info][gc,marking  ] GC(2) Concurrent Cleanup for Next Mark
[2024-05-30T10:34:22.817+0000][2.237s][info][gc,marking  ] GC(2) Concurrent Cleanup for Next Mark 70.756ms
[2024-05-30T10:34:22.817+0000][2.237s][info][gc          ] GC(2) Concurrent Mark Cycle 81.772ms
[2024-05-30T10:34:23.478+0000][2.897s][info][gc,start    ] GC(3) Pause Young (Concurrent Start) (Metadata GC Threshold)
[2024-05-30T10:34:23.478+0000][2.897s][info][gc,task     ] GC(3) Using 6 workers of 6 for evacuation
[2024-05-30T10:34:23.492+0000][2.911s][info][gc,phases   ] GC(3)   Pre Evacuate Collection Set: 0.2ms
[2024-05-30T10:34:23.492+0000][2.911s][info][gc,phases   ] GC(3)   Merge Heap Roots: 0.1ms
[2024-05-30T10:34:23.492+0000][2.911s][info][gc,phases   ] GC(3)   Evacuate Collection Set: 12.2ms
[2024-05-30T10:34:23.492+0000][2.911s][info][gc,phases   ] GC(3)   Post Evacuate Collection Set: 1.1ms
[2024-05-30T10:34:23.492+0000][2.911s][info][gc,phases   ] GC(3)   Other: 0.2ms
[2024-05-30T10:34:23.492+0000][2.911s][info][gc,heap     ] GC(3) Eden regions: 33->0(70)
[2024-05-30T10:34:23.492+0000][2.911s][info][gc,heap     ] GC(3) Survivor regions: 5->6(10)
[2024-05-30T10:34:23.492+0000][2.911s][info][gc,heap     ] GC(3) Old regions: 0->0
[2024-05-30T10:34:23.492+0000][2.911s][info][gc,heap     ] GC(3) Archive regions: 2->2
[2024-05-30T10:34:23.492+0000][2.911s][info][gc,heap     ] GC(3) Humongous regions: 0->0
[2024-05-30T10:34:23.492+0000][2.911s][info][gc,metaspace] GC(3) Metaspace: 36035K(36288K)->36035K(36288K) NonClass: 31687K(31808K)->31687K(31808K) Class: 4348K(4480K)->4348K(4480K)
[2024-05-30T10:34:23.492+0000][2.911s][info][gc          ] GC(3) Pause Young (Concurrent Start) (Metadata GC Threshold) 298M->47M(12288M) 13.733ms
[2024-05-30T10:34:23.492+0000][2.911s][info][gc,cpu      ] GC(3) User=0.10s Sys=0.00s Real=0.01s
[2024-05-30T10:34:23.492+0000][2.911s][info][gc          ] GC(4) Concurrent Mark Cycle
[2024-05-30T10:34:23.492+0000][2.911s][info][gc,marking  ] GC(4) Concurrent Clear Claimed Marks
[2024-05-30T10:34:23.492+0000][2.911s][info][gc,marking  ] GC(4) Concurrent Clear Claimed Marks 0.033ms
[2024-05-30T10:34:23.492+0000][2.911s][info][gc,marking  ] GC(4) Concurrent Scan Root Regions
[2024-05-30T10:34:23.498+0000][2.918s][info][gc,marking  ] GC(4) Concurrent Scan Root Regions 6.640ms
[2024-05-30T10:34:23.498+0000][2.918s][info][gc,marking  ] GC(4) Concurrent Mark
[2024-05-30T10:34:23.498+0000][2.918s][info][gc,marking  ] GC(4) Concurrent Mark From Roots
[2024-05-30T10:34:23.499+0000][2.918s][info][gc,task     ] GC(4) Using 2 workers of 2 for marking
[2024-05-30T10:34:23.500+0000][2.919s][info][gc,marking  ] GC(4) Concurrent Mark From Roots 1.756ms
[2024-05-30T10:34:23.500+0000][2.920s][info][gc,marking  ] GC(4) Concurrent Preclean
[2024-05-30T10:34:23.500+0000][2.920s][info][gc,marking  ] GC(4) Concurrent Preclean 0.113ms
[2024-05-30T10:34:23.501+0000][2.920s][info][gc,start    ] GC(4) Pause Remark
[2024-05-30T10:34:23.502+0000][2.922s][info][gc          ] GC(4) Pause Remark 51M->51M(12288M) 1.692ms
[2024-05-30T10:34:23.502+0000][2.922s][info][gc,cpu      ] GC(4) User=0.01s Sys=0.00s Real=0.00s
[2024-05-30T10:34:23.502+0000][2.922s][info][gc,marking  ] GC(4) Concurrent Mark 3.821ms
[2024-05-30T10:34:23.502+0000][2.922s][info][gc,marking  ] GC(4) Concurrent Rebuild Remembered Sets
[2024-05-30T10:34:23.502+0000][2.922s][info][gc,marking  ] GC(4) Concurrent Rebuild Remembered Sets 0.008ms
[2024-05-30T10:34:23.503+0000][2.922s][info][gc,start    ] GC(4) Pause Cleanup
[2024-05-30T10:34:23.503+0000][2.922s][info][gc          ] GC(4) Pause Cleanup 51M->51M(12288M) 0.010ms
[2024-05-30T10:34:23.503+0000][2.922s][info][gc,cpu      ] GC(4) User=0.00s Sys=0.00s Real=0.00s
[2024-05-30T10:34:23.503+0000][2.922s][info][gc,marking  ] GC(4) Concurrent Cleanup for Next Mark
[2024-05-30T10:34:23.568+0000][2.987s][info][gc,marking  ] GC(4) Concurrent Cleanup for Next Mark 65.568ms
[2024-05-30T10:34:23.568+0000][2.987s][info][gc          ] GC(4) Concurrent Mark Cycle 76.413ms
[2024-05-30T10:34:25.354+0000][4.774s][info][gc,start    ] GC(5) Pause Young (Normal) (G1 Evacuation Pause)
[2024-05-30T10:34:25.354+0000][4.774s][info][gc,task     ] GC(5) Using 6 workers of 6 for evacuation
[2024-05-30T10:34:25.372+0000][4.791s][info][gc,phases   ] GC(5)   Pre Evacuate Collection Set: 0.1ms
[2024-05-30T10:34:25.372+0000][4.791s][info][gc,phases   ] GC(5)   Merge Heap Roots: 0.1ms
[2024-05-30T10:34:25.372+0000][4.791s][info][gc,phases   ] GC(5)   Evacuate Collection Set: 15.9ms
[2024-05-30T10:34:25.372+0000][4.791s][info][gc,phases   ] GC(5)   Post Evacuate Collection Set: 1.5ms
[2024-05-30T10:34:25.372+0000][4.791s][info][gc,phases   ] GC(5)   Other: 0.1ms
[2024-05-30T10:34:25.372+0000][4.791s][info][gc,heap     ] GC(5) Eden regions: 70->0(69)
[2024-05-30T10:34:25.372+0000][4.791s][info][gc,heap     ] GC(5) Survivor regions: 6->7(10)
[2024-05-30T10:34:25.372+0000][4.791s][info][gc,heap     ] GC(5) Old regions: 0->0
[2024-05-30T10:34:25.372+0000][4.791s][info][gc,heap     ] GC(5) Archive regions: 2->2
[2024-05-30T10:34:25.372+0000][4.791s][info][gc,heap     ] GC(5) Humongous regions: 0->0
[2024-05-30T10:34:25.372+0000][4.791s][info][gc,metaspace] GC(5) Metaspace: 50648K(51008K)->50648K(51008K) NonClass: 44472K(44672K)->44472K(44672K) Class: 6176K(6336K)->6176K(6336K)
[2024-05-30T10:34:25.372+0000][4.791s][info][gc          ] GC(5) Pause Young (Normal) (G1 Evacuation Pause) 607M->57M(12288M) 17.791ms
[2024-05-30T10:34:25.372+0000][4.791s][info][gc,cpu      ] GC(5) User=0.08s Sys=0.01s Real=0.02s
[2024-05-30T10:34:26.966+0000][6.385s][info][gc,start    ] GC(6) Pause Young (Concurrent Start) (Metadata GC Threshold)
[2024-05-30T10:34:26.966+0000][6.385s][info][gc,task     ] GC(6) Using 6 workers of 6 for evacuation
[2024-05-30T10:34:26.991+0000][6.410s][info][gc,phases   ] GC(6)   Pre Evacuate Collection Set: 0.1ms
[2024-05-30T10:34:26.991+0000][6.410s][info][gc,phases   ] GC(6)   Merge Heap Roots: 0.1ms
[2024-05-30T10:34:26.991+0000][6.410s][info][gc,phases   ] GC(6)   Evacuate Collection Set: 23.3ms
[2024-05-30T10:34:26.991+0000][6.410s][info][gc,phases   ] GC(6)   Post Evacuate Collection Set: 1.4ms
[2024-05-30T10:34:26.991+0000][6.410s][info][gc,phases   ] GC(6)   Other: 0.2ms
[2024-05-30T10:34:26.991+0000][6.410s][info][gc,heap     ] GC(6) Eden regions: 42->0(73)
[2024-05-30T10:34:26.991+0000][6.410s][info][gc,heap     ] GC(6) Survivor regions: 7->3(10)
[2024-05-30T10:34:26.991+0000][6.410s][info][gc,heap     ] GC(6) Old regions: 0->4
[2024-05-30T10:34:26.991+0000][6.410s][info][gc,heap     ] GC(6) Archive regions: 2->2
[2024-05-30T10:34:26.991+0000][6.410s][info][gc,heap     ] GC(6) Humongous regions: 0->0
[2024-05-30T10:34:26.991+0000][6.410s][info][gc,metaspace] GC(6) Metaspace: 60463K(60800K)->60463K(60800K) NonClass: 52616K(52800K)->52616K(52800K) Class: 7847K(8000K)->7847K(8000K)
[2024-05-30T10:34:26.991+0000][6.410s][info][gc          ] GC(6) Pause Young (Concurrent Start) (Metadata GC Threshold) 389M->58M(12288M) 25.147ms
[2024-05-30T10:34:26.991+0000][6.410s][info][gc,cpu      ] GC(6) User=0.17s Sys=0.02s Real=0.03s
[2024-05-30T10:34:26.991+0000][6.410s][info][gc          ] GC(7) Concurrent Mark Cycle
[2024-05-30T10:34:26.991+0000][6.410s][info][gc,marking  ] GC(7) Concurrent Clear Claimed Marks
[2024-05-30T10:34:26.991+0000][6.410s][info][gc,marking  ] GC(7) Concurrent Clear Claimed Marks 0.039ms
[2024-05-30T10:34:26.991+0000][6.411s][info][gc,marking  ] GC(7) Concurrent Scan Root Regions
[2024-05-30T10:34:27.003+0000][6.422s][info][gc,marking  ] GC(7) Concurrent Scan Root Regions 11.717ms
[2024-05-30T10:34:27.003+0000][6.422s][info][gc,marking  ] GC(7) Concurrent Mark
[2024-05-30T10:34:27.003+0000][6.422s][info][gc,marking  ] GC(7) Concurrent Mark From Roots
[2024-05-30T10:34:27.003+0000][6.422s][info][gc,task     ] GC(7) Using 2 workers of 2 for marking
[2024-05-30T10:34:27.005+0000][6.425s][info][gc,marking  ] GC(7) Concurrent Mark From Roots 2.361ms
[2024-05-30T10:34:27.005+0000][6.425s][info][gc,marking  ] GC(7) Concurrent Preclean
[2024-05-30T10:34:27.005+0000][6.425s][info][gc,marking  ] GC(7) Concurrent Preclean 0.071ms
[2024-05-30T10:34:27.006+0000][6.425s][info][gc,start    ] GC(7) Pause Remark
[2024-05-30T10:34:27.009+0000][6.428s][info][gc          ] GC(7) Pause Remark 63M->63M(12288M) 2.931ms
[2024-05-30T10:34:27.009+0000][6.428s][info][gc,cpu      ] GC(7) User=0.01s Sys=0.01s Real=0.01s
[2024-05-30T10:34:27.009+0000][6.428s][info][gc,marking  ] GC(7) Concurrent Mark 5.567ms
[2024-05-30T10:34:27.009+0000][6.428s][info][gc,marking  ] GC(7) Concurrent Rebuild Remembered Sets
[2024-05-30T10:34:27.015+0000][6.434s][info][gc,marking  ] GC(7) Concurrent Rebuild Remembered Sets 6.562ms
[2024-05-30T10:34:27.015+0000][6.435s][info][gc,start    ] GC(7) Pause Cleanup
[2024-05-30T10:34:27.015+0000][6.435s][info][gc          ] GC(7) Pause Cleanup 63M->63M(12288M) 0.171ms
[2024-05-30T10:34:27.015+0000][6.435s][info][gc,cpu      ] GC(7) User=0.00s Sys=0.00s Real=0.00s
[2024-05-30T10:34:27.016+0000][6.435s][info][gc,marking  ] GC(7) Concurrent Cleanup for Next Mark
[2024-05-30T10:34:27.032+0000][6.451s][info][gc,marking  ] GC(7) Concurrent Cleanup for Next Mark 16.137ms
[2024-05-30T10:34:27.032+0000][6.451s][info][gc          ] GC(7) Concurrent Mark Cycle 40.504ms
[2024-05-30T10:34:29.041+0000][8.460s][info][gc,start    ] GC(8) Pause Young (Concurrent Start) (G1 Evacuation Pause)
[2024-05-30T10:34:29.041+0000][8.460s][info][gc,task     ] GC(8) Using 6 workers of 6 for evacuation
[2024-05-30T10:34:29.055+0000][8.474s][info][gc,phases   ] GC(8)   Pre Evacuate Collection Set: 0.2ms
[2024-05-30T10:34:29.055+0000][8.474s][info][gc,phases   ] GC(8)   Merge Heap Roots: 0.1ms
[2024-05-30T10:34:29.055+0000][8.474s][info][gc,phases   ] GC(8)   Evacuate Collection Set: 12.4ms
[2024-05-30T10:34:29.055+0000][8.474s][info][gc,phases   ] GC(8)   Post Evacuate Collection Set: 1.0ms
[2024-05-30T10:34:29.055+0000][8.474s][info][gc,phases   ] GC(8)   Other: 0.2ms
[2024-05-30T10:34:29.055+0000][8.474s][info][gc,heap     ] GC(8) Eden regions: 77->0(81)
[2024-05-30T10:34:29.055+0000][8.474s][info][gc,heap     ] GC(8) Survivor regions: 3->4(10)
[2024-05-30T10:34:29.055+0000][8.474s][info][gc,heap     ] GC(8) Old regions: 4->4
[2024-05-30T10:34:29.055+0000][8.474s][info][gc,heap     ] GC(8) Archive regions: 2->2
[2024-05-30T10:34:29.055+0000][8.474s][info][gc,heap     ] GC(8) Humongous regions: 0->0
[2024-05-30T10:34:29.055+0000][8.474s][info][gc,metaspace] GC(8) Metaspace: 80595K(80960K)->80595K(80960K) NonClass: 69746K(69952K)->69746K(69952K) Class: 10848K(11008K)->10848K(11008K)
[2024-05-30T10:34:29.055+0000][8.474s][info][gc          ] GC(8) Pause Young (Concurrent Start) (G1 Evacuation Pause) 674M->63M(12288M) 13.950ms
[2024-05-30T10:34:29.055+0000][8.474s][info][gc,cpu      ] GC(8) User=0.07s Sys=0.00s Real=0.01s
[2024-05-30T10:34:29.055+0000][8.474s][info][gc          ] GC(9) Concurrent Mark Cycle
[2024-05-30T10:34:29.055+0000][8.474s][info][gc,marking  ] GC(9) Concurrent Clear Claimed Marks
[2024-05-30T10:34:29.055+0000][8.474s][info][gc,marking  ] GC(9) Concurrent Clear Claimed Marks 0.032ms
[2024-05-30T10:34:29.055+0000][8.474s][info][gc,marking  ] GC(9) Concurrent Scan Root Regions
[2024-05-30T10:34:29.065+0000][8.484s][info][gc,marking  ] GC(9) Concurrent Scan Root Regions 9.518ms
[2024-05-30T10:34:29.065+0000][8.484s][info][gc,marking  ] GC(9) Concurrent Mark
[2024-05-30T10:34:29.065+0000][8.484s][info][gc,marking  ] GC(9) Concurrent Mark From Roots
[2024-05-30T10:34:29.065+0000][8.484s][info][gc,task     ] GC(9) Using 2 workers of 2 for marking
[2024-05-30T10:34:29.077+0000][8.496s][info][gc,marking  ] GC(9) Concurrent Mark From Roots 11.860ms
[2024-05-30T10:34:29.077+0000][8.496s][info][gc,marking  ] GC(9) Concurrent Preclean
[2024-05-30T10:34:29.077+0000][8.496s][info][gc,marking  ] GC(9) Concurrent Preclean 0.160ms
[2024-05-30T10:34:29.077+0000][8.496s][info][gc,start    ] GC(9) Pause Remark
[2024-05-30T10:34:29.079+0000][8.499s][info][gc          ] GC(9) Pause Remark 67M->67M(12288M) 2.596ms
[2024-05-30T10:34:29.079+0000][8.499s][info][gc,cpu      ] GC(9) User=0.02s Sys=0.00s Real=0.00s
[2024-05-30T10:34:29.080+0000][8.499s][info][gc,marking  ] GC(9) Concurrent Mark 14.747ms
[2024-05-30T10:34:29.080+0000][8.499s][info][gc,marking  ] GC(9) Concurrent Rebuild Remembered Sets
[2024-05-30T10:34:29.084+0000][8.504s][info][gc,marking  ] GC(9) Concurrent Rebuild Remembered Sets 4.849ms
[2024-05-30T10:34:29.084+0000][8.504s][info][gc,start    ] GC(9) Pause Cleanup
[2024-05-30T10:34:29.085+0000][8.504s][info][gc          ] GC(9) Pause Cleanup 67M->67M(12288M) 0.139ms
[2024-05-30T10:34:29.085+0000][8.504s][info][gc,cpu      ] GC(9) User=0.01s Sys=0.00s Real=0.00s
[2024-05-30T10:34:29.085+0000][8.504s][info][gc,marking  ] GC(9) Concurrent Cleanup for Next Mark
[2024-05-30T10:34:29.100+0000][8.519s][info][gc,marking  ] GC(9) Concurrent Cleanup for Next Mark 15.319ms
[2024-05-30T10:34:29.100+0000][8.519s][info][gc          ] GC(9) Concurrent Mark Cycle 44.799ms
[2024-05-30T10:34:37.281+0000][16.700s][info][gc,start    ] GC(10) Pause Young (Normal) (G1 Evacuation Pause)
[2024-05-30T10:34:37.281+0000][16.700s][info][gc,task     ] GC(10) Using 6 workers of 6 for evacuation
[2024-05-30T10:34:37.304+0000][16.723s][info][gc,phases   ] GC(10)   Pre Evacuate Collection Set: 0.1ms
[2024-05-30T10:34:37.304+0000][16.723s][info][gc,phases   ] GC(10)   Merge Heap Roots: 0.1ms
[2024-05-30T10:34:37.304+0000][16.723s][info][gc,phases   ] GC(10)   Evacuate Collection Set: 20.7ms
[2024-05-30T10:34:37.304+0000][16.723s][info][gc,phases   ] GC(10)   Post Evacuate Collection Set: 1.7ms
[2024-05-30T10:34:37.304+0000][16.723s][info][gc,phases   ] GC(10)   Other: 0.1ms
[2024-05-30T10:34:37.304+0000][16.723s][info][gc,heap     ] GC(10) Eden regions: 85->0(98)
[2024-05-30T10:34:37.304+0000][16.723s][info][gc,heap     ] GC(10) Survivor regions: 4->6(12)
[2024-05-30T10:34:37.304+0000][16.723s][info][gc,heap     ] GC(10) Old regions: 4->4
[2024-05-30T10:34:37.304+0000][16.723s][info][gc,heap     ] GC(10) Archive regions: 2->2
[2024-05-30T10:34:37.304+0000][16.723s][info][gc,heap     ] GC(10) Humongous regions: 0->0
[2024-05-30T10:34:37.304+0000][16.723s][info][gc,metaspace] GC(10) Metaspace: 99780K(100288K)->99780K(100288K) NonClass: 86590K(86848K)->86590K(86848K) Class: 13189K(13440K)->13189K(13440K)
[2024-05-30T10:34:37.304+0000][16.723s][info][gc          ] GC(10) Pause Young (Normal) (G1 Evacuation Pause) 743M->79M(12288M) 22.841ms
[2024-05-30T10:34:37.304+0000][16.723s][info][gc,cpu      ] GC(10) User=0.11s Sys=0.03s Real=0.02s
[2024-05-30T10:34:40.238+0000][19.657s][info][gc,start    ] GC(11) Pause Young (Normal) (G1 Evacuation Pause)
[2024-05-30T10:34:40.238+0000][19.657s][info][gc,task     ] GC(11) Using 6 workers of 6 for evacuation
[2024-05-30T10:34:40.273+0000][19.692s][info][gc,phases   ] GC(11)   Pre Evacuate Collection Set: 0.2ms
[2024-05-30T10:34:40.273+0000][19.692s][info][gc,phases   ] GC(11)   Merge Heap Roots: 0.1ms
[2024-05-30T10:34:40.273+0000][19.692s][info][gc,phases   ] GC(11)   Evacuate Collection Set: 33.5ms
[2024-05-30T10:34:40.273+0000][19.692s][info][gc,phases   ] GC(11)   Post Evacuate Collection Set: 1.7ms
[2024-05-30T10:34:40.273+0000][19.692s][info][gc,phases   ] GC(11)   Other: 0.2ms
[2024-05-30T10:34:40.273+0000][19.692s][info][gc,heap     ] GC(11) Eden regions: 98->0(912)
[2024-05-30T10:34:40.273+0000][19.692s][info][gc,heap     ] GC(11) Survivor regions: 6->9(13)
[2024-05-30T10:34:40.273+0000][19.692s][info][gc,heap     ] GC(11) Old regions: 4->4
[2024-05-30T10:34:40.273+0000][19.692s][info][gc,heap     ] GC(11) Archive regions: 2->2
[2024-05-30T10:34:40.273+0000][19.692s][info][gc,heap     ] GC(11) Humongous regions: 0->0
[2024-05-30T10:34:40.273+0000][19.692s][info][gc,metaspace] GC(11) Metaspace: 111395K(111936K)->111395K(111936K) NonClass: 96601K(96896K)->96601K(96896K) Class: 14793K(15040K)->14793K(15040K)
[2024-05-30T10:34:40.273+0000][19.693s][info][gc          ] GC(11) Pause Young (Normal) (G1 Evacuation Pause) 863M->101M(12288M) 35.692ms
[2024-05-30T10:34:40.273+0000][19.693s][info][gc,cpu      ] GC(11) User=0.21s Sys=0.04s Real=0.03s
[2024-05-30T10:35:03.586+0000][43.005s][info][gc,start    ] GC(12) Pause Young (Concurrent Start) (Metadata GC Threshold)
[2024-05-30T10:35:03.586+0000][43.005s][info][gc,task     ] GC(12) Using 6 workers of 6 for evacuation
[2024-05-30T10:35:03.649+0000][43.068s][info][gc,phases   ] GC(12)   Pre Evacuate Collection Set: 0.2ms
[2024-05-30T10:35:03.649+0000][43.068s][info][gc,phases   ] GC(12)   Merge Heap Roots: 0.1ms
[2024-05-30T10:35:03.649+0000][43.068s][info][gc,phases   ] GC(12)   Evacuate Collection Set: 60.3ms
[2024-05-30T10:35:03.649+0000][43.068s][info][gc,phases   ] GC(12)   Post Evacuate Collection Set: 2.6ms
[2024-05-30T10:35:03.649+0000][43.068s][info][gc,phases   ] GC(12)   Other: 0.2ms
[2024-05-30T10:35:03.649+0000][43.068s][info][gc,heap     ] GC(12) Eden regions: 200->0(106)
[2024-05-30T10:35:03.649+0000][43.068s][info][gc,heap     ] GC(12) Survivor regions: 9->18(116)
[2024-05-30T10:35:03.649+0000][43.068s][info][gc,heap     ] GC(12) Old regions: 4->4
[2024-05-30T10:35:03.649+0000][43.068s][info][gc,heap     ] GC(12) Archive regions: 2->2
[2024-05-30T10:35:03.649+0000][43.068s][info][gc,heap     ] GC(12) Humongous regions: 0->0
[2024-05-30T10:35:03.649+0000][43.068s][info][gc,metaspace] GC(12) Metaspace: 134491K(134976K)->134491K(134976K) NonClass: 116874K(117120K)->116874K(117120K) Class: 17617K(17856K)->17617K(17856K)
[2024-05-30T10:35:03.649+0000][43.068s][info][gc          ] GC(12) Pause Young (Concurrent Start) (Metadata GC Threshold) 1701M->174M(12288M) 63.502ms
[2024-05-30T10:35:03.649+0000][43.068s][info][gc,cpu      ] GC(12) User=0.40s Sys=0.05s Real=0.07s
[2024-05-30T10:35:03.649+0000][43.068s][info][gc          ] GC(13) Concurrent Mark Cycle
[2024-05-30T10:35:03.649+0000][43.068s][info][gc,marking  ] GC(13) Concurrent Clear Claimed Marks
[2024-05-30T10:35:03.649+0000][43.068s][info][gc,marking  ] GC(13) Concurrent Clear Claimed Marks 0.068ms
[2024-05-30T10:35:03.649+0000][43.069s][info][gc,marking  ] GC(13) Concurrent Scan Root Regions
[2024-05-30T10:35:03.677+0000][43.096s][info][gc,marking  ] GC(13) Concurrent Scan Root Regions 27.821ms
[2024-05-30T10:35:03.677+0000][43.096s][info][gc,marking  ] GC(13) Concurrent Mark
[2024-05-30T10:35:03.677+0000][43.096s][info][gc,marking  ] GC(13) Concurrent Mark From Roots
[2024-05-30T10:35:03.677+0000][43.096s][info][gc,task     ] GC(13) Using 2 workers of 2 for marking
[2024-05-30T10:35:03.690+0000][43.109s][info][gc,marking  ] GC(13) Concurrent Mark From Roots 12.422ms
[2024-05-30T10:35:03.690+0000][43.109s][info][gc,marking  ] GC(13) Concurrent Preclean
[2024-05-30T10:35:03.690+0000][43.109s][info][gc,marking  ] GC(13) Concurrent Preclean 0.220ms
[2024-05-30T10:35:03.690+0000][43.109s][info][gc,start    ] GC(13) Pause Remark
[2024-05-30T10:35:03.696+0000][43.115s][info][gc          ] GC(13) Pause Remark 186M->186M(12288M) 5.968ms
[2024-05-30T10:35:03.696+0000][43.115s][info][gc,cpu      ] GC(13) User=0.04s Sys=0.00s Real=0.00s
[2024-05-30T10:35:03.696+0000][43.115s][info][gc,marking  ] GC(13) Concurrent Mark 18.834ms
[2024-05-30T10:35:03.696+0000][43.115s][info][gc,marking  ] GC(13) Concurrent Rebuild Remembered Sets
[2024-05-30T10:35:03.704+0000][43.123s][info][gc,marking  ] GC(13) Concurrent Rebuild Remembered Sets 8.245ms
[2024-05-30T10:35:03.704+0000][43.124s][info][gc,start    ] GC(13) Pause Cleanup
[2024-05-30T10:35:03.705+0000][43.124s][info][gc          ] GC(13) Pause Cleanup 186M->186M(12288M) 0.235ms
[2024-05-30T10:35:03.705+0000][43.124s][info][gc,cpu      ] GC(13) User=0.01s Sys=0.00s Real=0.00s
[2024-05-30T10:35:03.705+0000][43.124s][info][gc,marking  ] GC(13) Concurrent Cleanup for Next Mark
[2024-05-30T10:35:03.733+0000][43.152s][info][gc,marking  ] GC(13) Concurrent Cleanup for Next Mark 28.232ms
[2024-05-30T10:35:03.733+0000][43.152s][info][gc          ] GC(13) Concurrent Mark Cycle 83.770ms
[2024-05-30T10:35:06.171+0000][45.591s][info][gc,start    ] GC(14) Pause Young (Normal) (G1 Evacuation Pause)
[2024-05-30T10:35:06.171+0000][45.591s][info][gc,task     ] GC(14) Using 6 workers of 6 for evacuation
[2024-05-30T10:35:06.245+0000][45.664s][info][gc,phases   ] GC(14)   Pre Evacuate Collection Set: 0.2ms
[2024-05-30T10:35:06.245+0000][45.664s][info][gc,phases   ] GC(14)   Merge Heap Roots: 0.1ms
[2024-05-30T10:35:06.245+0000][45.664s][info][gc,phases   ] GC(14)   Evacuate Collection Set: 71.3ms
[2024-05-30T10:35:06.245+0000][45.664s][info][gc,phases   ] GC(14)   Post Evacuate Collection Set: 2.1ms
[2024-05-30T10:35:06.245+0000][45.664s][info][gc,phases   ] GC(14)   Other: 0.2ms
[2024-05-30T10:35:06.245+0000][45.664s][info][gc,heap     ] GC(14) Eden regions: 107->0(208)
[2024-05-30T10:35:06.245+0000][45.664s][info][gc,heap     ] GC(14) Survivor regions: 18->3(16)
[2024-05-30T10:35:06.245+0000][45.664s][info][gc,heap     ] GC(14) Old regions: 4->20
[2024-05-30T10:35:06.245+0000][45.664s][info][gc,heap     ] GC(14) Archive regions: 2->2
[2024-05-30T10:35:06.245+0000][45.664s][info][gc,heap     ] GC(14) Humongous regions: 0->0
[2024-05-30T10:35:06.245+0000][45.664s][info][gc,metaspace] GC(14) Metaspace: 142924K(143552K)->142924K(143552K) NonClass: 124163K(124480K)->124163K(124480K) Class: 18760K(19072K)->18760K(19072K)
[2024-05-30T10:35:06.245+0000][45.664s][info][gc          ] GC(14) Pause Young (Normal) (G1 Evacuation Pause) 1030M->181M(12288M) 73.811ms
[2024-05-30T10:35:06.245+0000][45.665s][info][gc,cpu      ] GC(14) User=0.38s Sys=0.10s Real=0.07s
[2024-05-30T10:35:11.626+0000][51.046s][info][gc,start    ] GC(15) Pause Young (Normal) (G1 Evacuation Pause)
[2024-05-30T10:35:11.626+0000][51.046s][info][gc,task     ] GC(15) Using 6 workers of 6 for evacuation
[2024-05-30T10:35:11.648+0000][51.067s][info][gc,phases   ] GC(15)   Pre Evacuate Collection Set: 0.2ms
[2024-05-30T10:35:11.648+0000][51.067s][info][gc,phases   ] GC(15)   Merge Heap Roots: 0.2ms
[2024-05-30T10:35:11.648+0000][51.067s][info][gc,phases   ] GC(15)   Evacuate Collection Set: 19.3ms
[2024-05-30T10:35:11.648+0000][51.067s][info][gc,phases   ] GC(15)   Post Evacuate Collection Set: 1.7ms
[2024-05-30T10:35:11.648+0000][51.067s][info][gc,phases   ] GC(15)   Other: 0.2ms
[2024-05-30T10:35:11.648+0000][51.067s][info][gc,heap     ] GC(15) Eden regions: 194->0(335)
[2024-05-30T10:35:11.648+0000][51.067s][info][gc,heap     ] GC(15) Survivor regions: 3->5(25)
[2024-05-30T10:35:11.648+0000][51.067s][info][gc,heap     ] GC(15) Old regions: 20->20
[2024-05-30T10:35:11.648+0000][51.067s][info][gc,heap     ] GC(15) Archive regions: 2->2
[2024-05-30T10:35:11.648+0000][51.067s][info][gc,heap     ] GC(15) Humongous regions: 0->0
[2024-05-30T10:35:11.648+0000][51.067s][info][gc,metaspace] GC(15) Metaspace: 174697K(175488K)->174697K(175488K) NonClass: 151616K(152000K)->151616K(152000K) Class: 23080K(23488K)->23080K(23488K)
[2024-05-30T10:35:11.648+0000][51.067s][info][gc          ] GC(15) Pause Young (Normal) (G1 Evacuation Pause) 1733M->200M(12288M) 21.564ms
[2024-05-30T10:35:11.648+0000][51.067s][info][gc,cpu      ] GC(15) User=0.12s Sys=0.00s Real=0.02s
[2024-05-30T10:35:18.666+0000][58.085s][info][gc,start    ] GC(16) Pause Young (Normal) (G1 Evacuation Pause)
[2024-05-30T10:35:18.666+0000][58.085s][info][gc,task     ] GC(16) Using 6 workers of 6 for evacuation
[2024-05-30T10:35:18.706+0000][58.126s][info][gc,phases   ] GC(16)   Pre Evacuate Collection Set: 0.2ms
[2024-05-30T10:35:18.706+0000][58.126s][info][gc,phases   ] GC(16)   Merge Heap Roots: 0.2ms
[2024-05-30T10:35:18.706+0000][58.126s][info][gc,phases   ] GC(16)   Evacuate Collection Set: 38.5ms
[2024-05-30T10:35:18.706+0000][58.126s][info][gc,phases   ] GC(16)   Post Evacuate Collection Set: 1.6ms
[2024-05-30T10:35:18.706+0000][58.126s][info][gc,phases   ] GC(16)   Other: 0.2ms
[2024-05-30T10:35:18.706+0000][58.126s][info][gc,heap     ] GC(16) Eden regions: 302->0(481)
[2024-05-30T10:35:18.706+0000][58.126s][info][gc,heap     ] GC(16) Survivor regions: 5->8(39)
[2024-05-30T10:35:18.706+0000][58.126s][info][gc,heap     ] GC(16) Old regions: 20->20
[2024-05-30T10:35:18.706+0000][58.126s][info][gc,heap     ] GC(16) Archive regions: 2->2
[2024-05-30T10:35:18.706+0000][58.126s][info][gc,heap     ] GC(16) Humongous regions: 0->0
[2024-05-30T10:35:18.706+0000][58.126s][info][gc,metaspace] GC(16) Metaspace: 184043K(184896K)->184043K(184896K) NonClass: 159969K(160384K)->159969K(160384K) Class: 24073K(24512K)->24073K(24512K)
[2024-05-30T10:35:18.707+0000][58.126s][info][gc          ] GC(16) Pause Young (Normal) (G1 Evacuation Pause) 2616M->223M(12288M) 40.749ms
[2024-05-30T10:35:18.707+0000][58.126s][info][gc,cpu      ] GC(16) User=0.25s Sys=0.03s Real=0.04s
[2024-05-30T10:35:24.604+0000][64.023s][info][gc,start    ] GC(17) Pause Young (Normal) (G1 Evacuation Pause)
[2024-05-30T10:35:24.604+0000][64.023s][info][gc,task     ] GC(17) Using 6 workers of 6 for evacuation
[2024-05-30T10:35:24.647+0000][64.066s][info][gc,phases   ] GC(17)   Pre Evacuate Collection Set: 0.1ms
[2024-05-30T10:35:24.647+0000][64.066s][info][gc,phases   ] GC(17)   Merge Heap Roots: 0.2ms
[2024-05-30T10:35:24.647+0000][64.066s][info][gc,phases   ] GC(17)   Evacuate Collection Set: 41.0ms
[2024-05-30T10:35:24.647+0000][64.066s][info][gc,phases   ] GC(17)   Post Evacuate Collection Set: 1.6ms
[2024-05-30T10:35:24.647+0000][64.066s][info][gc,phases   ] GC(17)   Other: 0.2ms
[2024-05-30T10:35:24.647+0000][64.066s][info][gc,heap     ] GC(17) Eden regions: 296->0(709)
[2024-05-30T10:35:24.647+0000][64.066s][info][gc,heap     ] GC(17) Survivor regions: 8->12(38)
[2024-05-30T10:35:24.647+0000][64.066s][info][gc,heap     ] GC(17) Old regions: 20->20
[2024-05-30T10:35:24.647+0000][64.066s][info][gc,heap     ] GC(17) Archive regions: 2->2
[2024-05-30T10:35:24.647+0000][64.066s][info][gc,heap     ] GC(17) Humongous regions: 0->0
[2024-05-30T10:35:24.647+0000][64.066s][info][gc,metaspace] GC(17) Metaspace: 184927K(185728K)->184927K(185728K) NonClass: 160792K(161152K)->160792K(161152K) Class: 24135K(24576K)->24135K(24576K)
[2024-05-30T10:35:24.647+0000][64.066s][info][gc          ] GC(17) Pause Young (Normal) (G1 Evacuation Pause) 2591M->256M(12288M) 43.124ms
[2024-05-30T10:35:24.647+0000][64.066s][info][gc,cpu      ] GC(17) User=0.33s Sys=0.00s Real=0.04s
[2024-05-30T10:35:28.717+0000][68.136s][info][gc,start    ] GC(18) Pause Young (Concurrent Start) (Metadata GC Threshold)
[2024-05-30T10:35:28.717+0000][68.136s][info][gc,task     ] GC(18) Using 6 workers of 6 for evacuation
[2024-05-30T10:35:28.794+0000][68.213s][info][gc,phases   ] GC(18)   Pre Evacuate Collection Set: 0.3ms
[2024-05-30T10:35:28.794+0000][68.213s][info][gc,phases   ] GC(18)   Merge Heap Roots: 0.2ms
[2024-05-30T10:35:28.794+0000][68.213s][info][gc,phases   ] GC(18)   Evacuate Collection Set: 74.1ms
[2024-05-30T10:35:28.794+0000][68.213s][info][gc,phases   ] GC(18)   Post Evacuate Collection Set: 2.7ms
[2024-05-30T10:35:28.794+0000][68.213s][info][gc,phases   ] GC(18)   Other: 0.2ms
[2024-05-30T10:35:28.794+0000][68.213s][info][gc,heap     ] GC(18) Eden regions: 200->0(125)
[2024-05-30T10:35:28.794+0000][68.213s][info][gc,heap     ] GC(18) Survivor regions: 12->23(91)
[2024-05-30T10:35:28.794+0000][68.213s][info][gc,heap     ] GC(18) Old regions: 20->20
[2024-05-30T10:35:28.794+0000][68.213s][info][gc,heap     ] GC(18) Archive regions: 2->2
[2024-05-30T10:35:28.794+0000][68.213s][info][gc,heap     ] GC(18) Humongous regions: 0->0
[2024-05-30T10:35:28.794+0000][68.213s][info][gc,metaspace] GC(18) Metaspace: 222034K(225216K)->222034K(225216K) NonClass: 193475K(195328K)->193475K(195328K) Class: 28559K(29888K)->28559K(29888K)
[2024-05-30T10:35:28.794+0000][68.214s][info][gc          ] GC(18) Pause Young (Concurrent Start) (Metadata GC Threshold) 1856M->343M(12288M) 77.523ms
[2024-05-30T10:35:28.794+0000][68.214s][info][gc,cpu      ] GC(18) User=0.56s Sys=0.00s Real=0.07s
[2024-05-30T10:35:28.794+0000][68.214s][info][gc          ] GC(19) Concurrent Mark Cycle
[2024-05-30T10:35:28.794+0000][68.214s][info][gc,marking  ] GC(19) Concurrent Clear Claimed Marks
[2024-05-30T10:35:28.795+0000][68.214s][info][gc,marking  ] GC(19) Concurrent Clear Claimed Marks 0.179ms
[2024-05-30T10:35:28.795+0000][68.214s][info][gc,marking  ] GC(19) Concurrent Scan Root Regions
[2024-05-30T10:35:28.866+0000][68.285s][info][gc,marking  ] GC(19) Concurrent Scan Root Regions 71.347ms
[2024-05-30T10:35:28.866+0000][68.285s][info][gc,marking  ] GC(19) Concurrent Mark
[2024-05-30T10:35:28.866+0000][68.285s][info][gc,marking  ] GC(19) Concurrent Mark From Roots
[2024-05-30T10:35:28.866+0000][68.285s][info][gc,task     ] GC(19) Using 2 workers of 2 for marking
[2024-05-30T10:35:29.036+0000][68.456s][info][gc,marking  ] GC(19) Concurrent Mark From Roots 170.456ms
[2024-05-30T10:35:29.036+0000][68.456s][info][gc,marking  ] GC(19) Concurrent Preclean
[2024-05-30T10:35:29.037+0000][68.456s][info][gc,marking  ] GC(19) Concurrent Preclean 0.505ms
[2024-05-30T10:35:29.037+0000][68.457s][info][gc,start    ] GC(19) Pause Remark
[2024-05-30T10:35:29.048+0000][68.467s][info][gc          ] GC(19) Pause Remark 436M->436M(12288M) 10.799ms
[2024-05-30T10:35:29.048+0000][68.467s][info][gc,cpu      ] GC(19) User=0.07s Sys=0.00s Real=0.00s
[2024-05-30T10:35:29.048+0000][68.468s][info][gc,marking  ] GC(19) Concurrent Mark 182.447ms
[2024-05-30T10:35:29.048+0000][68.468s][info][gc,marking  ] GC(19) Concurrent Rebuild Remembered Sets
[2024-05-30T10:35:29.139+0000][68.559s][info][gc,marking  ] GC(19) Concurrent Rebuild Remembered Sets 90.893ms
[2024-05-30T10:35:29.142+0000][68.561s][info][gc,start    ] GC(19) Pause Cleanup
[2024-05-30T10:35:29.142+0000][68.561s][info][gc          ] GC(19) Pause Cleanup 485M->485M(12288M) 0.186ms
[2024-05-30T10:35:29.142+0000][68.561s][info][gc,cpu      ] GC(19) User=0.00s Sys=0.00s Real=0.00s
[2024-05-30T10:35:29.147+0000][68.566s][info][gc,marking  ] GC(19) Concurrent Cleanup for Next Mark
[2024-05-30T10:35:29.188+0000][68.607s][info][gc,marking  ] GC(19) Concurrent Cleanup for Next Mark 40.747ms
[2024-05-30T10:35:29.188+0000][68.607s][info][gc          ] GC(19) Concurrent Mark Cycle 393.530ms
[2024-05-30T10:35:32.275+0000][71.694s][info][gc,start    ] GC(20) Pause Young (Concurrent Start) (G1 Evacuation Pause)
[2024-05-30T10:35:32.275+0000][71.694s][info][gc,task     ] GC(20) Using 6 workers of 6 for evacuation
[2024-05-30T10:35:32.376+0000][71.795s][info][gc,phases   ] GC(20)   Pre Evacuate Collection Set: 0.4ms
[2024-05-30T10:35:32.376+0000][71.795s][info][gc,phases   ] GC(20)   Merge Heap Roots: 0.2ms
[2024-05-30T10:35:32.376+0000][71.795s][info][gc,phases   ] GC(20)   Evacuate Collection Set: 98.6ms
[2024-05-30T10:35:32.376+0000][71.795s][info][gc,phases   ] GC(20)   Post Evacuate Collection Set: 2.1ms
[2024-05-30T10:35:32.376+0000][71.795s][info][gc,phases   ] GC(20)   Other: 0.2ms
[2024-05-30T10:35:32.376+0000][71.795s][info][gc,heap     ] GC(20) Eden regions: 135->0(726)
[2024-05-30T10:35:32.376+0000][71.795s][info][gc,heap     ] GC(20) Survivor regions: 23->6(20)
[2024-05-30T10:35:32.376+0000][71.795s][info][gc,heap     ] GC(20) Old regions: 20->41
[2024-05-30T10:35:32.376+0000][71.795s][info][gc,heap     ] GC(20) Archive regions: 2->2
[2024-05-30T10:35:32.376+0000][71.795s][info][gc,heap     ] GC(20) Humongous regions: 0->0
[2024-05-30T10:35:32.376+0000][71.795s][info][gc,metaspace] GC(20) Metaspace: 247281K(251136K)->247281K(251136K) NonClass: 215634K(217920K)->215634K(217920K) Class: 31647K(33216K)->31647K(33216K)
[2024-05-30T10:35:32.376+0000][71.795s][info][gc          ] GC(20) Pause Young (Concurrent Start) (G1 Evacuation Pause) 1423M->375M(12288M) 101.582ms
[2024-05-30T10:35:32.376+0000][71.795s][info][gc,cpu      ] GC(20) User=0.57s Sys=0.12s Real=0.10s
[2024-05-30T10:35:32.376+0000][71.796s][info][gc          ] GC(21) Concurrent Mark Cycle
[2024-05-30T10:35:32.376+0000][71.796s][info][gc,marking  ] GC(21) Concurrent Clear Claimed Marks
[2024-05-30T10:35:32.377+0000][71.796s][info][gc,marking  ] GC(21) Concurrent Clear Claimed Marks 0.270ms
[2024-05-30T10:35:32.377+0000][71.796s][info][gc,marking  ] GC(21) Concurrent Scan Root Regions
[2024-05-30T10:35:32.441+0000][71.860s][info][gc,marking  ] GC(21) Concurrent Scan Root Regions 64.096ms
[2024-05-30T10:35:32.441+0000][71.860s][info][gc,marking  ] GC(21) Concurrent Mark
[2024-05-30T10:35:32.441+0000][71.860s][info][gc,marking  ] GC(21) Concurrent Mark From Roots
[2024-05-30T10:35:32.441+0000][71.860s][info][gc,task     ] GC(21) Using 2 workers of 2 for marking
[2024-05-30T10:35:32.548+0000][71.967s][info][gc,marking  ] GC(21) Concurrent Mark From Roots 107.274ms
[2024-05-30T10:35:32.548+0000][71.967s][info][gc,marking  ] GC(21) Concurrent Preclean
[2024-05-30T10:35:32.549+0000][71.968s][info][gc,marking  ] GC(21) Concurrent Preclean 0.583ms
[2024-05-30T10:35:32.549+0000][71.968s][info][gc,start    ] GC(21) Pause Remark
[2024-05-30T10:35:32.559+0000][71.978s][info][gc          ] GC(21) Pause Remark 439M->439M(12288M) 9.977ms
[2024-05-30T10:35:32.559+0000][71.978s][info][gc,cpu      ] GC(21) User=0.06s Sys=0.00s Real=0.01s
[2024-05-30T10:35:32.559+0000][71.978s][info][gc,marking  ] GC(21) Concurrent Mark 118.242ms
[2024-05-30T10:35:32.559+0000][71.978s][info][gc,marking  ] GC(21) Concurrent Rebuild Remembered Sets
[2024-05-30T10:35:32.651+0000][72.070s][info][gc,marking  ] GC(21) Concurrent Rebuild Remembered Sets 91.936ms
[2024-05-30T10:35:32.651+0000][72.070s][info][gc,start    ] GC(21) Pause Cleanup
[2024-05-30T10:35:32.651+0000][72.071s][info][gc          ] GC(21) Pause Cleanup 487M->487M(12288M) 0.219ms
[2024-05-30T10:35:32.651+0000][72.071s][info][gc,cpu      ] GC(21) User=0.00s Sys=0.00s Real=0.00s
[2024-05-30T10:35:32.651+0000][72.071s][info][gc,marking  ] GC(21) Concurrent Cleanup for Next Mark
[2024-05-30T10:35:32.667+0000][72.086s][info][gc,marking  ] GC(21) Concurrent Cleanup for Next Mark 15.882ms
[2024-05-30T10:35:32.667+0000][72.087s][info][gc          ] GC(21) Concurrent Mark Cycle 290.995ms
[2024-05-30T10:35:51.212+0000][90.631s][info][gc,start    ] GC(22) Pause Young (Normal) (G1 Evacuation Pause)
[2024-05-30T10:35:51.212+0000][90.631s][info][gc,task     ] GC(22) Using 6 workers of 6 for evacuation
[2024-05-30T10:35:51.330+0000][90.750s][info][gc,phases   ] GC(22)   Pre Evacuate Collection Set: 0.2ms
[2024-05-30T10:35:51.330+0000][90.750s][info][gc,phases   ] GC(22)   Merge Heap Roots: 0.4ms
[2024-05-30T10:35:51.330+0000][90.750s][info][gc,phases   ] GC(22)   Evacuate Collection Set: 113.3ms
[2024-05-30T10:35:51.330+0000][90.750s][info][gc,phases   ] GC(22)   Post Evacuate Collection Set: 4.6ms
[2024-05-30T10:35:51.330+0000][90.750s][info][gc,phases   ] GC(22)   Other: 0.3ms
[2024-05-30T10:35:51.330+0000][90.750s][info][gc,heap     ] GC(22) Eden regions: 745->0(164)
[2024-05-30T10:35:51.330+0000][90.750s][info][gc,heap     ] GC(22) Survivor regions: 6->26(94)
[2024-05-30T10:35:51.331+0000][90.750s][info][gc,heap     ] GC(22) Old regions: 41->41
[2024-05-30T10:35:51.331+0000][90.750s][info][gc,heap     ] GC(22) Archive regions: 2->2
[2024-05-30T10:35:51.331+0000][90.750s][info][gc,heap     ] GC(22) Humongous regions: 0->0
[2024-05-30T10:35:51.331+0000][90.750s][info][gc,metaspace] GC(22) Metaspace: 376601K(382400K)->376601K(382400K) NonClass: 328620K(331968K)->328620K(331968K) Class: 47981K(50432K)->47981K(50432K)
[2024-05-30T10:35:51.331+0000][90.750s][info][gc          ] GC(22) Pause Young (Normal) (G1 Evacuation Pause) 6335M->535M(12288M) 118.960ms
[2024-05-30T10:35:51.331+0000][90.750s][info][gc,cpu      ] GC(22) User=0.61s Sys=0.10s Real=0.12s
[2024-05-30T10:35:53.031+0000][92.450s][info][gc,start    ] GC(23) Pause Young (Normal) (GCLocker Initiated GC)
[2024-05-30T10:35:53.031+0000][92.450s][info][gc,task     ] GC(23) Using 6 workers of 6 for evacuation
[2024-05-30T10:35:53.152+0000][92.572s][info][gc,phases   ] GC(23)   Pre Evacuate Collection Set: 0.2ms
[2024-05-30T10:35:53.152+0000][92.572s][info][gc,phases   ] GC(23)   Merge Heap Roots: 0.3ms
[2024-05-30T10:35:53.152+0000][92.572s][info][gc,phases   ] GC(23)   Evacuate Collection Set: 117.8ms
[2024-05-30T10:35:53.152+0000][92.572s][info][gc,phases   ] GC(23)   Post Evacuate Collection Set: 3.3ms
[2024-05-30T10:35:53.152+0000][92.572s][info][gc,phases   ] GC(23)   Other: 0.2ms
[2024-05-30T10:35:53.152+0000][92.572s][info][gc,heap     ] GC(23) Eden regions: 129->0(633)
[2024-05-30T10:35:53.152+0000][92.572s][info][gc,heap     ] GC(23) Survivor regions: 26->5(20)
[2024-05-30T10:35:53.152+0000][92.572s][info][gc,heap     ] GC(23) Old regions: 41->66
[2024-05-30T10:35:53.152+0000][92.572s][info][gc,heap     ] GC(23) Archive regions: 2->2
[2024-05-30T10:35:53.152+0000][92.572s][info][gc,heap     ] GC(23) Humongous regions: 0->0
[2024-05-30T10:35:53.152+0000][92.572s][info][gc,metaspace] GC(23) Metaspace: 382695K(388416K)->382695K(388416K) NonClass: 333806K(337088K)->333806K(337088K) Class: 48888K(51328K)->48888K(51328K)
[2024-05-30T10:35:53.152+0000][92.572s][info][gc          ] GC(23) Pause Young (Normal) (GCLocker Initiated GC) 1567M->564M(12288M) 121.913ms
[2024-05-30T10:35:53.152+0000][92.572s][info][gc,cpu      ] GC(23) User=0.87s Sys=0.11s Real=0.12s
[2024-05-30T10:39:17.221+0000][296.641s][info][gc,start    ] GC(24) Pause Young (Normal) (G1 Evacuation Pause)
[2024-05-30T10:39:17.221+0000][296.641s][info][gc,task     ] GC(24) Using 6 workers of 6 for evacuation
[2024-05-30T10:39:17.290+0000][296.710s][info][gc,phases   ] GC(24)   Pre Evacuate Collection Set: 0.3ms
[2024-05-30T10:39:17.290+0000][296.710s][info][gc,phases   ] GC(24)   Merge Heap Roots: 0.3ms
[2024-05-30T10:39:17.290+0000][296.710s][info][gc,phases   ] GC(24)   Evacuate Collection Set: 62.9ms
[2024-05-30T10:39:17.290+0000][296.710s][info][gc,phases   ] GC(24)   Post Evacuate Collection Set: 5.2ms
[2024-05-30T10:39:17.290+0000][296.710s][info][gc,phases   ] GC(24)   Other: 0.3ms
[2024-05-30T10:39:17.290+0000][296.710s][info][gc,heap     ] GC(24) Eden regions: 633->0(548)
[2024-05-30T10:39:17.290+0000][296.710s][info][gc,heap     ] GC(24) Survivor regions: 5->16(80)
[2024-05-30T10:39:17.290+0000][296.710s][info][gc,heap     ] GC(24) Old regions: 66->66
[2024-05-30T10:39:17.290+0000][296.710s][info][gc,heap     ] GC(24) Archive regions: 2->2
[2024-05-30T10:39:17.290+0000][296.710s][info][gc,heap     ] GC(24) Humongous regions: 0->0
[2024-05-30T10:39:17.290+0000][296.710s][info][gc,metaspace] GC(24) Metaspace: 400879K(406848K)->400879K(406848K) NonClass: 349721K(353088K)->349721K(353088K) Class: 51157K(53760K)->51157K(53760K)
[2024-05-30T10:39:17.290+0000][296.710s][info][gc          ] GC(24) Pause Young (Normal) (G1 Evacuation Pause) 5628M->655M(12288M) 68.980ms
[2024-05-30T10:39:17.290+0000][296.710s][info][gc,cpu      ] GC(24) User=0.45s Sys=0.00s Real=0.07s
[2024-05-30T10:39:30.769+0000][310.188s][info][gc,start    ] GC(25) Pause Young (Normal) (G1 Evacuation Pause)
[2024-05-30T10:39:30.769+0000][310.188s][info][gc,task     ] GC(25) Using 6 workers of 6 for evacuation
[2024-05-30T10:39:31.231+0000][310.650s][info][gc,mmu      ] GC(25) MMU target violated: 201.0ms (200.0ms/201.0ms)
[2024-05-30T10:39:31.231+0000][310.650s][info][gc,phases   ] GC(25)   Pre Evacuate Collection Set: 0.2ms
[2024-05-30T10:39:31.231+0000][310.650s][info][gc,phases   ] GC(25)   Merge Heap Roots: 0.5ms
[2024-05-30T10:39:31.231+0000][310.650s][info][gc,phases   ] GC(25)   Evacuate Collection Set: 456.6ms
[2024-05-30T10:39:31.231+0000][310.650s][info][gc,phases   ] GC(25)   Post Evacuate Collection Set: 4.5ms
[2024-05-30T10:39:31.231+0000][310.650s][info][gc,phases   ] GC(25)   Other: 0.2ms
[2024-05-30T10:39:31.231+0000][310.650s][info][gc,heap     ] GC(25) Eden regions: 165->0(53)
[2024-05-30T10:39:31.231+0000][310.650s][info][gc,heap     ] GC(25) Survivor regions: 16->23(23)
[2024-05-30T10:39:31.231+0000][310.650s][info][gc,heap     ] GC(25) Old regions: 66->127
[2024-05-30T10:39:31.231+0000][310.650s][info][gc,heap     ] GC(25) Archive regions: 2->2
[2024-05-30T10:39:31.231+0000][310.650s][info][gc,heap     ] GC(25) Humongous regions: 23->23
[2024-05-30T10:39:31.231+0000][310.650s][info][gc,metaspace] GC(25) Metaspace: 401627K(407488K)->401627K(407488K) NonClass: 350366K(353664K)->350366K(353664K) Class: 51261K(53824K)->51261K(53824K)
[2024-05-30T10:39:31.231+0000][310.650s][info][gc          ] GC(25) Pause Young (Normal) (G1 Evacuation Pause) 2159M->1388M(12288M) 462.056ms
[2024-05-30T10:39:31.231+0000][310.650s][info][gc,cpu      ] GC(25) User=2.47s Sys=0.29s Real=0.46s
[2024-05-30T10:39:33.182+0000][312.601s][info][gc,start    ] GC(26) Pause Young (Normal) (G1 Evacuation Pause)
[2024-05-30T10:39:33.182+0000][312.601s][info][gc,task     ] GC(26) Using 6 workers of 6 for evacuation
[2024-05-30T10:39:34.244+0000][313.663s][info][gc,mmu      ] GC(26) MMU target violated: 201.0ms (200.0ms/201.0ms)
[2024-05-30T10:39:34.244+0000][313.663s][info][gc,phases   ] GC(26)   Pre Evacuate Collection Set: 0.2ms
[2024-05-30T10:39:34.244+0000][313.663s][info][gc,phases   ] GC(26)   Merge Heap Roots: 0.3ms
[2024-05-30T10:39:34.244+0000][313.663s][info][gc,phases   ] GC(26)   Evacuate Collection Set: 1059.3ms
[2024-05-30T10:39:34.244+0000][313.663s][info][gc,phases   ] GC(26)   Post Evacuate Collection Set: 1.8ms
[2024-05-30T10:39:34.244+0000][313.663s][info][gc,phases   ] GC(26)   Other: 0.2ms
[2024-05-30T10:39:34.244+0000][313.663s][info][gc,heap     ] GC(26) Eden regions: 53->0(66)
[2024-05-30T10:39:34.244+0000][313.663s][info][gc,heap     ] GC(26) Survivor regions: 23->10(10)
[2024-05-30T10:39:34.244+0000][313.663s][info][gc,heap     ] GC(26) Old regions: 127->182
[2024-05-30T10:39:34.244+0000][313.663s][info][gc,heap     ] GC(26) Archive regions: 2->2
[2024-05-30T10:39:34.244+0000][313.663s][info][gc,heap     ] GC(26) Humongous regions: 28->28
[2024-05-30T10:39:34.244+0000][313.663s][info][gc,metaspace] GC(26) Metaspace: 401649K(407552K)->401649K(407552K) NonClass: 350387K(353728K)->350387K(353728K) Class: 51262K(53824K)->51262K(53824K)
[2024-05-30T10:39:34.244+0000][313.663s][info][gc          ] GC(26) Pause Young (Normal) (G1 Evacuation Pause) 1852M->1760M(12288M) 1061.824ms
[2024-05-30T10:39:34.244+0000][313.663s][info][gc,cpu      ] GC(26) User=5.79s Sys=0.45s Real=1.06s
[2024-05-30T10:39:37.974+0000][317.394s][info][gc,start    ] GC(27) Pause Young (Normal) (G1 Evacuation Pause)
[2024-05-30T10:39:37.974+0000][317.394s][info][gc,task     ] GC(27) Using 6 workers of 6 for evacuation
[2024-05-30T10:39:38.346+0000][317.765s][info][gc,mmu      ] GC(27) MMU target violated: 201.0ms (200.0ms/201.0ms)
[2024-05-30T10:39:38.346+0000][317.765s][info][gc,phases   ] GC(27)   Pre Evacuate Collection Set: 0.2ms
[2024-05-30T10:39:38.346+0000][317.765s][info][gc,phases   ] GC(27)   Merge Heap Roots: 0.2ms
[2024-05-30T10:39:38.346+0000][317.765s][info][gc,phases   ] GC(27)   Evacuate Collection Set: 369.6ms
[2024-05-30T10:39:38.346+0000][317.765s][info][gc,phases   ] GC(27)   Post Evacuate Collection Set: 1.6ms
[2024-05-30T10:39:38.346+0000][317.765s][info][gc,phases   ] GC(27)   Other: 0.2ms
[2024-05-30T10:39:38.346+0000][317.765s][info][gc,heap     ] GC(27) Eden regions: 66->0(66)
[2024-05-30T10:39:38.346+0000][317.765s][info][gc,heap     ] GC(27) Survivor regions: 10->10(10)
[2024-05-30T10:39:38.346+0000][317.765s][info][gc,heap     ] GC(27) Old regions: 182->221
[2024-05-30T10:39:38.346+0000][317.765s][info][gc,heap     ] GC(27) Archive regions: 2->2
[2024-05-30T10:39:38.346+0000][317.765s][info][gc,heap     ] GC(27) Humongous regions: 35->35
[2024-05-30T10:39:38.346+0000][317.765s][info][gc,metaspace] GC(27) Metaspace: 401687K(407552K)->401687K(407552K) NonClass: 350421K(353728K)->350421K(353728K) Class: 51265K(53824K)->51265K(53824K)
[2024-05-30T10:39:38.346+0000][317.765s][info][gc          ] GC(27) Pause Young (Normal) (G1 Evacuation Pause) 2344M->2132M(12288M) 371.807ms
[2024-05-30T10:39:38.346+0000][317.765s][info][gc,cpu      ] GC(27) User=1.97s Sys=0.23s Real=0.37s
[2024-05-30T10:39:39.377+0000][318.797s][info][gc,start    ] GC(28) Pause Young (Normal) (G1 Evacuation Pause)
[2024-05-30T10:39:39.377+0000][318.797s][info][gc,task     ] GC(28) Using 6 workers of 6 for evacuation
[2024-05-30T10:39:39.783+0000][319.202s][info][gc,mmu      ] GC(28) MMU target violated: 201.0ms (200.0ms/201.0ms)
[2024-05-30T10:39:39.783+0000][319.202s][info][gc,phases   ] GC(28)   Pre Evacuate Collection Set: 0.2ms
[2024-05-30T10:39:39.783+0000][319.202s][info][gc,phases   ] GC(28)   Merge Heap Roots: 0.2ms
[2024-05-30T10:39:39.783+0000][319.202s][info][gc,phases   ] GC(28)   Evacuate Collection Set: 403.3ms
[2024-05-30T10:39:39.783+0000][319.202s][info][gc,phases   ] GC(28)   Post Evacuate Collection Set: 1.8ms
[2024-05-30T10:39:39.783+0000][319.202s][info][gc,phases   ] GC(28)   Other: 0.2ms
[2024-05-30T10:39:39.783+0000][319.202s][info][gc,heap     ] GC(28) Eden regions: 66->0(66)
[2024-05-30T10:39:39.783+0000][319.202s][info][gc,heap     ] GC(28) Survivor regions: 10->10(10)
[2024-05-30T10:39:39.783+0000][319.202s][info][gc,heap     ] GC(28) Old regions: 221->244
[2024-05-30T10:39:39.783+0000][319.202s][info][gc,heap     ] GC(28) Archive regions: 2->2
[2024-05-30T10:39:39.783+0000][319.202s][info][gc,heap     ] GC(28) Humongous regions: 67->67
[2024-05-30T10:39:39.783+0000][319.202s][info][gc,metaspace] GC(28) Metaspace: 402205K(408192K)->402205K(408192K) NonClass: 350791K(354176K)->350791K(354176K) Class: 51414K(54016K)->51414K(54016K)
[2024-05-30T10:39:39.783+0000][319.202s][info][gc          ] GC(28) Pause Young (Normal) (G1 Evacuation Pause) 2916M->2572M(12288M) 405.819ms
[2024-05-30T10:39:39.783+0000][319.202s][info][gc,cpu      ] GC(28) User=2.20s Sys=0.18s Real=0.40s
[2024-05-30T10:39:40.984+0000][320.403s][info][gc,start    ] GC(29) Pause Young (Normal) (G1 Evacuation Pause)
[2024-05-30T10:39:40.984+0000][320.403s][info][gc,task     ] GC(29) Using 6 workers of 6 for evacuation
[2024-05-30T10:39:41.075+0000][320.494s][info][gc,phases   ] GC(29)   Pre Evacuate Collection Set: 0.2ms
[2024-05-30T10:39:41.075+0000][320.494s][info][gc,phases   ] GC(29)   Merge Heap Roots: 0.1ms
[2024-05-30T10:39:41.075+0000][320.494s][info][gc,phases   ] GC(29)   Evacuate Collection Set: 88.9ms
[2024-05-30T10:39:41.075+0000][320.494s][info][gc,phases   ] GC(29)   Post Evacuate Collection Set: 1.9ms
[2024-05-30T10:39:41.075+0000][320.494s][info][gc,phases   ] GC(29)   Other: 0.2ms
[2024-05-30T10:39:41.075+0000][320.494s][info][gc,heap     ] GC(29) Eden regions: 66->0(73)
[2024-05-30T10:39:41.075+0000][320.494s][info][gc,heap     ] GC(29) Survivor regions: 10->3(10)
[2024-05-30T10:39:41.075+0000][320.494s][info][gc,heap     ] GC(29) Old regions: 244->256
[2024-05-30T10:39:41.075+0000][320.494s][info][gc,heap     ] GC(29) Archive regions: 2->2
[2024-05-30T10:39:41.075+0000][320.494s][info][gc,heap     ] GC(29) Humongous regions: 67->67
[2024-05-30T10:39:41.075+0000][320.494s][info][gc,metaspace] GC(29) Metaspace: 404450K(410368K)->404450K(410368K) NonClass: 352875K(356224K)->352875K(356224K) Class: 51575K(54144K)->51575K(54144K)
[2024-05-30T10:39:41.075+0000][320.494s][info][gc          ] GC(29) Pause Young (Normal) (G1 Evacuation Pause) 3100M->2606M(12288M) 91.499ms
[2024-05-30T10:39:41.075+0000][320.494s][info][gc,cpu      ] GC(29) User=0.56s Sys=0.08s Real=0.09s
[2024-05-30T10:39:43.810+0000][323.229s][info][gc,start    ] GC(30) Pause Young (Normal) (G1 Evacuation Pause)
[2024-05-30T10:39:43.810+0000][323.229s][info][gc,task     ] GC(30) Using 6 workers of 6 for evacuation
[2024-05-30T10:39:43.823+0000][323.243s][info][gc,phases   ] GC(30)   Pre Evacuate Collection Set: 0.2ms
[2024-05-30T10:39:43.823+0000][323.243s][info][gc,phases   ] GC(30)   Merge Heap Roots: 0.1ms
[2024-05-30T10:39:43.823+0000][323.243s][info][gc,phases   ] GC(30)   Evacuate Collection Set: 11.0ms
[2024-05-30T10:39:43.823+0000][323.243s][info][gc,phases   ] GC(30)   Post Evacuate Collection Set: 1.8ms
[2024-05-30T10:39:43.823+0000][323.243s][info][gc,phases   ] GC(30)   Other: 0.2ms
[2024-05-30T10:39:43.823+0000][323.243s][info][gc,heap     ] GC(30) Eden regions: 73->0(73)
[2024-05-30T10:39:43.823+0000][323.243s][info][gc,heap     ] GC(30) Survivor regions: 3->3(10)
[2024-05-30T10:39:43.824+0000][323.243s][info][gc,heap     ] GC(30) Old regions: 256->256
[2024-05-30T10:39:43.824+0000][323.243s][info][gc,heap     ] GC(30) Archive regions: 2->2
[2024-05-30T10:39:43.824+0000][323.243s][info][gc,heap     ] GC(30) Humongous regions: 67->67
[2024-05-30T10:39:43.824+0000][323.243s][info][gc,metaspace] GC(30) Metaspace: 404901K(410880K)->404901K(410880K) NonClass: 353323K(356736K)->353323K(356736K) Class: 51577K(54144K)->51577K(54144K)
[2024-05-30T10:39:43.824+0000][323.243s][info][gc          ] GC(30) Pause Young (Normal) (G1 Evacuation Pause) 3190M->2608M(12288M) 13.458ms
[2024-05-30T10:39:43.824+0000][323.243s][info][gc,cpu      ] GC(30) User=0.09s Sys=0.00s Real=0.01s
[2024-05-30T10:39:46.209+0000][325.628s][info][gc,start    ] GC(31) Pause Young (Normal) (G1 Evacuation Pause)
[2024-05-30T10:39:46.209+0000][325.628s][info][gc,task     ] GC(31) Using 6 workers of 6 for evacuation
[2024-05-30T10:39:46.223+0000][325.642s][info][gc,phases   ] GC(31)   Pre Evacuate Collection Set: 0.3ms
[2024-05-30T10:39:46.223+0000][325.642s][info][gc,phases   ] GC(31)   Merge Heap Roots: 0.1ms
[2024-05-30T10:39:46.223+0000][325.642s][info][gc,phases   ] GC(31)   Evacuate Collection Set: 11.2ms
[2024-05-30T10:39:46.223+0000][325.642s][info][gc,phases   ] GC(31)   Post Evacuate Collection Set: 2.0ms
[2024-05-30T10:39:46.223+0000][325.642s][info][gc,phases   ] GC(31)   Other: 0.2ms
[2024-05-30T10:39:46.223+0000][325.642s][info][gc,heap     ] GC(31) Eden regions: 73->0(82)
[2024-05-30T10:39:46.223+0000][325.642s][info][gc,heap     ] GC(31) Survivor regions: 3->5(10)
[2024-05-30T10:39:46.223+0000][325.642s][info][gc,heap     ] GC(31) Old regions: 256->256
[2024-05-30T10:39:46.223+0000][325.642s][info][gc,heap     ] GC(31) Archive regions: 2->2
[2024-05-30T10:39:46.223+0000][325.642s][info][gc,heap     ] GC(31) Humongous regions: 67->67
[2024-05-30T10:39:46.223+0000][325.642s][info][gc,metaspace] GC(31) Metaspace: 405148K(411136K)->405148K(411136K) NonClass: 353535K(356928K)->353535K(356928K) Class: 51612K(54208K)->51612K(54208K)
[2024-05-30T10:39:46.223+0000][325.642s][info][gc          ] GC(31) Pause Young (Normal) (G1 Evacuation Pause) 3192M->2618M(12288M) 13.779ms
[2024-05-30T10:39:46.223+0000][325.642s][info][gc,cpu      ] GC(31) User=0.09s Sys=0.00s Real=0.01s
[2024-05-30T10:39:48.933+0000][328.352s][info][gc,start    ] GC(32) Pause Young (Normal) (G1 Evacuation Pause)
[2024-05-30T10:39:48.933+0000][328.352s][info][gc,task     ] GC(32) Using 6 workers of 6 for evacuation
[2024-05-30T10:39:48.948+0000][328.368s][info][gc,phases   ] GC(32)   Pre Evacuate Collection Set: 0.2ms
[2024-05-30T10:39:48.948+0000][328.368s][info][gc,phases   ] GC(32)   Merge Heap Roots: 0.1ms
[2024-05-30T10:39:48.948+0000][328.368s][info][gc,phases   ] GC(32)   Evacuate Collection Set: 13.0ms
[2024-05-30T10:39:48.948+0000][328.368s][info][gc,phases   ] GC(32)   Post Evacuate Collection Set: 2.1ms
[2024-05-30T10:39:48.948+0000][328.368s][info][gc,phases   ] GC(32)   Other: 0.2ms
[2024-05-30T10:39:48.948+0000][328.368s][info][gc,heap     ] GC(32) Eden regions: 82->0(153)
[2024-05-30T10:39:48.948+0000][328.368s][info][gc,heap     ] GC(32) Survivor regions: 5->6(11)
[2024-05-30T10:39:48.948+0000][328.368s][info][gc,heap     ] GC(32) Old regions: 256->256
[2024-05-30T10:39:48.948+0000][328.368s][info][gc,heap     ] GC(32) Archive regions: 2->2
[2024-05-30T10:39:48.948+0000][328.368s][info][gc,heap     ] GC(32) Humongous regions: 67->67
[2024-05-30T10:39:48.948+0000][328.368s][info][gc,metaspace] GC(32) Metaspace: 405250K(411200K)->405250K(411200K) NonClass: 353637K(356992K)->353637K(356992K) Class: 51612K(54208K)->51612K(54208K)
[2024-05-30T10:39:48.948+0000][328.368s][info][gc          ] GC(32) Pause Young (Normal) (G1 Evacuation Pause) 3274M->2627M(12288M) 15.688ms
[2024-05-30T10:39:48.948+0000][328.368s][info][gc,cpu      ] GC(32) User=0.12s Sys=0.00s Real=0.02s
[2024-05-30T10:39:51.493+0000][330.913s][info][gc,start    ] GC(33) Pause Young (Normal) (G1 Evacuation Pause)
[2024-05-30T10:39:51.493+0000][330.913s][info][gc,task     ] GC(33) Using 6 workers of 6 for evacuation
[2024-05-30T10:39:51.516+0000][330.935s][info][gc,phases   ] GC(33)   Pre Evacuate Collection Set: 0.2ms
[2024-05-30T10:39:51.516+0000][330.935s][info][gc,phases   ] GC(33)   Merge Heap Roots: 0.1ms
[2024-05-30T10:39:51.516+0000][330.935s][info][gc,phases   ] GC(33)   Evacuate Collection Set: 20.1ms
[2024-05-30T10:39:51.516+0000][330.935s][info][gc,phases   ] GC(33)   Post Evacuate Collection Set: 2.3ms
[2024-05-30T10:39:51.516+0000][330.935s][info][gc,phases   ] GC(33)   Other: 0.2ms
[2024-05-30T10:39:51.516+0000][330.935s][info][gc,heap     ] GC(33) Eden regions: 153->0(249)
[2024-05-30T10:39:51.516+0000][330.935s][info][gc,heap     ] GC(33) Survivor regions: 6->10(20)
[2024-05-30T10:39:51.516+0000][330.935s][info][gc,heap     ] GC(33) Old regions: 256->256
[2024-05-30T10:39:51.516+0000][330.936s][info][gc,heap     ] GC(33) Archive regions: 2->2
[2024-05-30T10:39:51.516+0000][330.936s][info][gc,heap     ] GC(33) Humongous regions: 67->67
[2024-05-30T10:39:51.516+0000][330.936s][info][gc,metaspace] GC(33) Metaspace: 406810K(412864K)->406810K(412864K) NonClass: 355035K(358464K)->355035K(358464K) Class: 51774K(54400K)->51774K(54400K)
[2024-05-30T10:39:51.516+0000][330.936s][info][gc          ] GC(33) Pause Young (Normal) (G1 Evacuation Pause) 3851M->2659M(12288M) 23.012ms
[2024-05-30T10:39:51.516+0000][330.936s][info][gc,cpu      ] GC(33) User=0.18s Sys=0.00s Real=0.03s
[2024-05-30T10:39:54.759+0000][334.178s][info][gc,start    ] GC(34) Pause Young (Normal) (G1 Evacuation Pause)
[2024-05-30T10:39:54.759+0000][334.178s][info][gc,task     ] GC(34) Using 6 workers of 6 for evacuation
[2024-05-30T10:39:54.780+0000][334.200s][info][gc,phases   ] GC(34)   Pre Evacuate Collection Set: 0.2ms
[2024-05-30T10:39:54.780+0000][334.200s][info][gc,phases   ] GC(34)   Merge Heap Roots: 0.2ms
[2024-05-30T10:39:54.780+0000][334.200s][info][gc,phases   ] GC(34)   Evacuate Collection Set: 19.0ms
[2024-05-30T10:39:54.780+0000][334.200s][info][gc,phases   ] GC(34)   Post Evacuate Collection Set: 2.0ms
[2024-05-30T10:39:54.780+0000][334.200s][info][gc,phases   ] GC(34)   Other: 0.2ms
[2024-05-30T10:39:54.780+0000][334.200s][info][gc,heap     ] GC(34) Eden regions: 249->0(459)
[2024-05-30T10:39:54.780+0000][334.200s][info][gc,heap     ] GC(34) Survivor regions: 10->10(33)
[2024-05-30T10:39:54.780+0000][334.200s][info][gc,heap     ] GC(34) Old regions: 256->256
[2024-05-30T10:39:54.780+0000][334.200s][info][gc,heap     ] GC(34) Archive regions: 2->2
[2024-05-30T10:39:54.780+0000][334.200s][info][gc,heap     ] GC(34) Humongous regions: 67->67
[2024-05-30T10:39:54.780+0000][334.200s][info][gc,metaspace] GC(34) Metaspace: 406865K(412928K)->406865K(412928K) NonClass: 355089K(358528K)->355089K(358528K) Class: 51775K(54400K)->51775K(54400K)
[2024-05-30T10:39:54.780+0000][334.200s][info][gc          ] GC(34) Pause Young (Normal) (G1 Evacuation Pause) 4651M->2658M(12288M) 21.599ms
[2024-05-30T10:39:54.780+0000][334.200s][info][gc,cpu      ] GC(34) User=0.13s Sys=0.00s Real=0.02s
[2024-05-30T10:40:00.361+0000][339.780s][info][gc,start    ] GC(35) Pause Young (Normal) (G1 Evacuation Pause)
[2024-05-30T10:40:00.361+0000][339.780s][info][gc,task     ] GC(35) Using 6 workers of 6 for evacuation
[2024-05-30T10:40:00.390+0000][339.809s][info][gc,phases   ] GC(35)   Pre Evacuate Collection Set: 0.2ms
[2024-05-30T10:40:00.390+0000][339.809s][info][gc,phases   ] GC(35)   Merge Heap Roots: 0.2ms
[2024-05-30T10:40:00.390+0000][339.809s][info][gc,phases   ] GC(35)   Evacuate Collection Set: 26.1ms
[2024-05-30T10:40:00.390+0000][339.809s][info][gc,phases   ] GC(35)   Post Evacuate Collection Set: 2.6ms
[2024-05-30T10:40:00.390+0000][339.809s][info][gc,phases   ] GC(35)   Other: 0.2ms
[2024-05-30T10:40:00.390+0000][339.809s][info][gc,heap     ] GC(35) Eden regions: 459->0(656)
[2024-05-30T10:40:00.390+0000][339.809s][info][gc,heap     ] GC(35) Survivor regions: 10->13(59)
[2024-05-30T10:40:00.390+0000][339.809s][info][gc,heap     ] GC(35) Old regions: 256->256
[2024-05-30T10:40:00.390+0000][339.809s][info][gc,heap     ] GC(35) Archive regions: 2->2
[2024-05-30T10:40:00.390+0000][339.809s][info][gc,heap     ] GC(35) Humongous regions: 67->67
[2024-05-30T10:40:00.390+0000][339.809s][info][gc,metaspace] GC(35) Metaspace: 406989K(412992K)->406989K(412992K) NonClass: 355203K(358592K)->355203K(358592K) Class: 51785K(54400K)->51785K(54400K)
[2024-05-30T10:40:00.390+0000][339.809s][info][gc          ] GC(35) Pause Young (Normal) (G1 Evacuation Pause) 6330M->2683M(12288M) 29.294ms
[2024-05-30T10:40:00.390+0000][339.809s][info][gc,cpu      ] GC(35) User=0.19s Sys=0.00s Real=0.03s
[2024-05-30T10:40:07.980+0000][347.399s][info][gc,start    ] GC(36) Pause Young (Normal) (G1 Evacuation Pause)
[2024-05-30T10:40:07.980+0000][347.399s][info][gc,task     ] GC(36) Using 6 workers of 6 for evacuation
[2024-05-30T10:40:08.011+0000][347.430s][info][gc,phases   ] GC(36)   Pre Evacuate Collection Set: 0.2ms
[2024-05-30T10:40:08.011+0000][347.430s][info][gc,phases   ] GC(36)   Merge Heap Roots: 0.2ms
[2024-05-30T10:40:08.011+0000][347.430s][info][gc,phases   ] GC(36)   Evacuate Collection Set: 27.6ms
[2024-05-30T10:40:08.011+0000][347.430s][info][gc,phases   ] GC(36)   Post Evacuate Collection Set: 2.4ms
[2024-05-30T10:40:08.011+0000][347.430s][info][gc,phases   ] GC(36)   Other: 0.2ms
[2024-05-30T10:40:08.011+0000][347.430s][info][gc,heap     ] GC(36) Eden regions: 656->0(802)
[2024-05-30T10:40:08.011+0000][347.430s][info][gc,heap     ] GC(36) Survivor regions: 13->15(84)
[2024-05-30T10:40:08.011+0000][347.430s][info][gc,heap     ] GC(36) Old regions: 256->256
[2024-05-30T10:40:08.011+0000][347.430s][info][gc,heap     ] GC(36) Archive regions: 2->2
[2024-05-30T10:40:08.011+0000][347.430s][info][gc,heap     ] GC(36) Humongous regions: 67->67
[2024-05-30T10:40:08.011+0000][347.430s][info][gc,metaspace] GC(36) Metaspace: 407031K(413056K)->407031K(413056K) NonClass: 355244K(358656K)->355244K(358656K) Class: 51786K(54400K)->51786K(54400K)
[2024-05-30T10:40:08.011+0000][347.430s][info][gc          ] GC(36) Pause Young (Normal) (G1 Evacuation Pause) 7931M->2699M(12288M) 30.688ms
[2024-05-30T10:40:08.011+0000][347.430s][info][gc,cpu      ] GC(36) User=0.17s Sys=0.01s Real=0.03s
[2024-05-30T10:40:17.004+0000][356.424s][info][gc,start    ] GC(37) Pause Young (Normal) (G1 Evacuation Pause)
[2024-05-30T10:40:17.005+0000][356.424s][info][gc,task     ] GC(37) Using 6 workers of 6 for evacuation
[2024-05-30T10:40:17.056+0000][356.475s][info][gc,phases   ] GC(37)   Pre Evacuate Collection Set: 0.2ms
[2024-05-30T10:40:17.056+0000][356.476s][info][gc,phases   ] GC(37)   Merge Heap Roots: 0.2ms
[2024-05-30T10:40:17.056+0000][356.476s][info][gc,phases   ] GC(37)   Evacuate Collection Set: 48.6ms
[2024-05-30T10:40:17.056+0000][356.476s][info][gc,phases   ] GC(37)   Post Evacuate Collection Set: 2.5ms
[2024-05-30T10:40:17.056+0000][356.476s][info][gc,phases   ] GC(37)   Other: 0.3ms
[2024-05-30T10:40:17.056+0000][356.476s][info][gc,heap     ] GC(37) Eden regions: 802->0(818)
[2024-05-30T10:40:17.056+0000][356.476s][info][gc,heap     ] GC(37) Survivor regions: 15->17(103)
[2024-05-30T10:40:17.056+0000][356.476s][info][gc,heap     ] GC(37) Old regions: 256->256
[2024-05-30T10:40:17.056+0000][356.476s][info][gc,heap     ] GC(37) Archive regions: 2->2
[2024-05-30T10:40:17.056+0000][356.476s][info][gc,heap     ] GC(37) Humongous regions: 67->67
[2024-05-30T10:40:17.056+0000][356.476s][info][gc,metaspace] GC(37) Metaspace: 407077K(413120K)->407077K(413120K) NonClass: 355289K(358720K)->355289K(358720K) Class: 51787K(54400K)->51787K(54400K)
[2024-05-30T10:40:17.056+0000][356.476s][info][gc          ] GC(37) Pause Young (Normal) (G1 Evacuation Pause) 9115M->2720M(12288M) 51.911ms
[2024-05-30T10:40:17.056+0000][356.476s][info][gc,cpu      ] GC(37) User=0.25s Sys=0.06s Real=0.06s
[2024-05-30T10:40:26.087+0000][365.506s][info][gc,start    ] GC(38) Pause Young (Normal) (G1 Evacuation Pause)
[2024-05-30T10:40:26.087+0000][365.506s][info][gc,task     ] GC(38) Using 6 workers of 6 for evacuation
[2024-05-30T10:40:26.150+0000][365.569s][info][gc,phases   ] GC(38)   Pre Evacuate Collection Set: 0.2ms
[2024-05-30T10:40:26.150+0000][365.570s][info][gc,phases   ] GC(38)   Merge Heap Roots: 0.2ms
[2024-05-30T10:40:26.150+0000][365.570s][info][gc,phases   ] GC(38)   Evacuate Collection Set: 60.1ms
[2024-05-30T10:40:26.150+0000][365.570s][info][gc,phases   ] GC(38)   Post Evacuate Collection Set: 2.5ms
[2024-05-30T10:40:26.150+0000][365.570s][info][gc,phases   ] GC(38)   Other: 0.3ms
[2024-05-30T10:40:26.150+0000][365.570s][info][gc,heap     ] GC(38) Eden regions: 818->0(824)
[2024-05-30T10:40:26.150+0000][365.570s][info][gc,heap     ] GC(38) Survivor regions: 17->22(105)
[2024-05-30T10:40:26.150+0000][365.570s][info][gc,heap     ] GC(38) Old regions: 256->256
[2024-05-30T10:40:26.150+0000][365.570s][info][gc,heap     ] GC(38) Archive regions: 2->2
[2024-05-30T10:40:26.150+0000][365.570s][info][gc,heap     ] GC(38) Humongous regions: 67->67
[2024-05-30T10:40:26.150+0000][365.570s][info][gc,metaspace] GC(38) Metaspace: 407118K(413120K)->407118K(413120K) NonClass: 355329K(358720K)->355329K(358720K) Class: 51788K(54400K)->51788K(54400K)
[2024-05-30T10:40:26.150+0000][365.570s][info][gc          ] GC(38) Pause Young (Normal) (G1 Evacuation Pause) 9264M->2756M(12288M) 63.315ms
[2024-05-30T10:40:26.150+0000][365.570s][info][gc,cpu      ] GC(38) User=0.26s Sys=0.10s Real=0.07s
[2024-05-30T10:40:35.284+0000][374.703s][info][gc,start    ] GC(39) Pause Young (Normal) (G1 Evacuation Pause)
[2024-05-30T10:40:35.284+0000][374.703s][info][gc,task     ] GC(39) Using 6 workers of 6 for evacuation
[2024-05-30T10:40:35.346+0000][374.765s][info][gc,phases   ] GC(39)   Pre Evacuate Collection Set: 0.2ms
[2024-05-30T10:40:35.346+0000][374.765s][info][gc,phases   ] GC(39)   Merge Heap Roots: 0.2ms
[2024-05-30T10:40:35.346+0000][374.765s][info][gc,phases   ] GC(39)   Evacuate Collection Set: 58.3ms
[2024-05-30T10:40:35.346+0000][374.765s][info][gc,phases   ] GC(39)   Post Evacuate Collection Set: 2.5ms
[2024-05-30T10:40:35.346+0000][374.765s][info][gc,phases   ] GC(39)   Other: 0.2ms
[2024-05-30T10:40:35.346+0000][374.765s][info][gc,heap     ] GC(39) Eden regions: 824->0(831)
[2024-05-30T10:40:35.346+0000][374.765s][info][gc,heap     ] GC(39) Survivor regions: 22->24(106)
[2024-05-30T10:40:35.346+0000][374.765s][info][gc,heap     ] GC(39) Old regions: 256->256
[2024-05-30T10:40:35.346+0000][374.765s][info][gc,heap     ] GC(39) Archive regions: 2->2
[2024-05-30T10:40:35.346+0000][374.765s][info][gc,heap     ] GC(39) Humongous regions: 67->67
[2024-05-30T10:40:35.346+0000][374.765s][info][gc,metaspace] GC(39) Metaspace: 407163K(413184K)->407163K(413184K) NonClass: 355375K(358784K)->355375K(358784K) Class: 51788K(54400K)->51788K(54400K)
[2024-05-30T10:40:35.346+0000][374.765s][info][gc          ] GC(39) Pause Young (Normal) (G1 Evacuation Pause) 9348M->2772M(12288M) 61.582ms
[2024-05-30T10:40:35.346+0000][374.765s][info][gc,cpu      ] GC(39) User=0.30s Sys=0.07s Real=0.06s
[2024-05-30T10:40:44.555+0000][383.975s][info][gc,start    ] GC(40) Pause Young (Normal) (G1 Evacuation Pause)
[2024-05-30T10:40:44.555+0000][383.975s][info][gc,task     ] GC(40) Using 6 workers of 6 for evacuation
[2024-05-30T10:40:44.623+0000][384.043s][info][gc,phases   ] GC(40)   Pre Evacuate Collection Set: 0.2ms
[2024-05-30T10:40:44.623+0000][384.043s][info][gc,phases   ] GC(40)   Merge Heap Roots: 0.2ms
[2024-05-30T10:40:44.623+0000][384.043s][info][gc,phases   ] GC(40)   Evacuate Collection Set: 64.9ms
[2024-05-30T10:40:44.623+0000][384.043s][info][gc,phases   ] GC(40)   Post Evacuate Collection Set: 2.4ms
[2024-05-30T10:40:44.623+0000][384.043s][info][gc,phases   ] GC(40)   Other: 0.2ms
[2024-05-30T10:40:44.623+0000][384.043s][info][gc,heap     ] GC(40) Eden regions: 831->0(834)
[2024-05-30T10:40:44.623+0000][384.043s][info][gc,heap     ] GC(40) Survivor regions: 24->27(107)
[2024-05-30T10:40:44.623+0000][384.043s][info][gc,heap     ] GC(40) Old regions: 256->256
[2024-05-30T10:40:44.623+0000][384.043s][info][gc,heap     ] GC(40) Archive regions: 2->2
[2024-05-30T10:40:44.623+0000][384.043s][info][gc,heap     ] GC(40) Humongous regions: 67->67
[2024-05-30T10:40:44.623+0000][384.043s][info][gc,metaspace] GC(40) Metaspace: 407192K(413184K)->407192K(413184K) NonClass: 355402K(358784K)->355402K(358784K) Class: 51790K(54400K)->51790K(54400K)
[2024-05-30T10:40:44.623+0000][384.043s][info][gc          ] GC(40) Pause Young (Normal) (G1 Evacuation Pause) 9420M->2800M(12288M) 67.984ms
[2024-05-30T10:40:44.623+0000][384.043s][info][gc,cpu      ] GC(40) User=0.36s Sys=0.05s Real=0.07s
[2024-05-30T10:40:53.693+0000][393.112s][info][gc,start    ] GC(41) Pause Young (Normal) (G1 Evacuation Pause)
[2024-05-30T10:40:53.693+0000][393.112s][info][gc,task     ] GC(41) Using 6 workers of 6 for evacuation
[2024-05-30T10:40:53.755+0000][393.174s][info][gc,phases   ] GC(41)   Pre Evacuate Collection Set: 0.2ms
[2024-05-30T10:40:53.755+0000][393.174s][info][gc,phases   ] GC(41)   Merge Heap Roots: 0.2ms
[2024-05-30T10:40:53.755+0000][393.174s][info][gc,phases   ] GC(41)   Evacuate Collection Set: 58.8ms
[2024-05-30T10:40:53.755+0000][393.174s][info][gc,phases   ] GC(41)   Post Evacuate Collection Set: 2.7ms
[2024-05-30T10:40:53.755+0000][393.174s][info][gc,phases   ] GC(41)   Other: 0.2ms
[2024-05-30T10:40:53.755+0000][393.174s][info][gc,heap     ] GC(41) Eden regions: 834->0(840)
[2024-05-30T10:40:53.755+0000][393.174s][info][gc,heap     ] GC(41) Survivor regions: 27->25(108)
[2024-05-30T10:40:53.755+0000][393.174s][info][gc,heap     ] GC(41) Old regions: 256->256
[2024-05-30T10:40:53.755+0000][393.174s][info][gc,heap     ] GC(41) Archive regions: 2->2
[2024-05-30T10:40:53.755+0000][393.174s][info][gc,heap     ] GC(41) Humongous regions: 67->67
[2024-05-30T10:40:53.755+0000][393.174s][info][gc,metaspace] GC(41) Metaspace: 407654K(413696K)->407654K(413696K) NonClass: 355835K(359232K)->355835K(359232K) Class: 51819K(54464K)->51819K(54464K)
[2024-05-30T10:40:53.755+0000][393.174s][info][gc          ] GC(41) Pause Young (Normal) (G1 Evacuation Pause) 9472M->2784M(12288M) 62.282ms
[2024-05-30T10:40:53.755+0000][393.174s][info][gc,cpu      ] GC(41) User=0.34s Sys=0.03s Real=0.06s
[2024-05-30T10:41:02.562+0000][401.981s][info][gc,start    ] GC(42) Pause Young (Normal) (G1 Evacuation Pause)
[2024-05-30T10:41:02.562+0000][401.981s][info][gc,task     ] GC(42) Using 6 workers of 6 for evacuation
[2024-05-30T10:41:02.621+0000][402.040s][info][gc,phases   ] GC(42)   Pre Evacuate Collection Set: 0.2ms
[2024-05-30T10:41:02.621+0000][402.040s][info][gc,phases   ] GC(42)   Merge Heap Roots: 0.2ms
[2024-05-30T10:41:02.621+0000][402.040s][info][gc,phases   ] GC(42)   Evacuate Collection Set: 55.9ms
[2024-05-30T10:41:02.621+0000][402.040s][info][gc,phases   ] GC(42)   Post Evacuate Collection Set: 2.5ms
[2024-05-30T10:41:02.621+0000][402.040s][info][gc,phases   ] GC(42)   Other: 0.2ms
[2024-05-30T10:41:02.621+0000][402.040s][info][gc,heap     ] GC(42) Eden regions: 840->0(847)
[2024-05-30T10:41:02.621+0000][402.040s][info][gc,heap     ] GC(42) Survivor regions: 25->24(109)
[2024-05-30T10:41:02.621+0000][402.040s][info][gc,heap     ] GC(42) Old regions: 256->256
[2024-05-30T10:41:02.621+0000][402.040s][info][gc,heap     ] GC(42) Archive regions: 2->2
[2024-05-30T10:41:02.621+0000][402.040s][info][gc,heap     ] GC(42) Humongous regions: 67->67
[2024-05-30T10:41:02.621+0000][402.040s][info][gc,metaspace] GC(42) Metaspace: 407723K(413760K)->407723K(413760K) NonClass: 355902K(359296K)->355902K(359296K) Class: 51821K(54464K)->51821K(54464K)
[2024-05-30T10:41:02.621+0000][402.040s][info][gc          ] GC(42) Pause Young (Normal) (G1 Evacuation Pause) 9504M->2772M(12288M) 59.125ms
[2024-05-30T10:41:02.621+0000][402.040s][info][gc,cpu      ] GC(42) User=0.34s Sys=0.02s Real=0.06s
[2024-05-30T10:41:11.835+0000][411.254s][info][gc,start    ] GC(43) Pause Young (Normal) (G1 Evacuation Pause)
[2024-05-30T10:41:11.835+0000][411.254s][info][gc,task     ] GC(43) Using 6 workers of 6 for evacuation
[2024-05-30T10:41:11.906+0000][411.325s][info][gc,phases   ] GC(43)   Pre Evacuate Collection Set: 0.2ms
[2024-05-30T10:41:11.906+0000][411.325s][info][gc,phases   ] GC(43)   Merge Heap Roots: 0.2ms
[2024-05-30T10:41:11.906+0000][411.325s][info][gc,phases   ] GC(43)   Evacuate Collection Set: 67.3ms
[2024-05-30T10:41:11.906+0000][411.325s][info][gc,phases   ] GC(43)   Post Evacuate Collection Set: 2.9ms
[2024-05-30T10:41:11.906+0000][411.325s][info][gc,phases   ] GC(43)   Other: 0.2ms
[2024-05-30T10:41:11.906+0000][411.325s][info][gc,heap     ] GC(43) Eden regions: 847->0(848)
[2024-05-30T10:41:11.906+0000][411.325s][info][gc,heap     ] GC(43) Survivor regions: 24->26(109)
[2024-05-30T10:41:11.906+0000][411.325s][info][gc,heap     ] GC(43) Old regions: 256->256
[2024-05-30T10:41:11.906+0000][411.325s][info][gc,heap     ] GC(43) Archive regions: 2->2
[2024-05-30T10:41:11.906+0000][411.325s][info][gc,heap     ] GC(43) Humongous regions: 67->67
[2024-05-30T10:41:11.906+0000][411.325s][info][gc,metaspace] GC(43) Metaspace: 407766K(413760K)->407766K(413760K) NonClass: 355944K(359296K)->355944K(359296K) Class: 51821K(54464K)->51821K(54464K)
[2024-05-30T10:41:11.906+0000][411.325s][info][gc          ] GC(43) Pause Young (Normal) (G1 Evacuation Pause) 9548M->2788M(12288M) 70.895ms
[2024-05-30T10:41:11.906+0000][411.325s][info][gc,cpu      ] GC(43) User=0.40s Sys=0.02s Real=0.07s
[2024-05-30T10:41:21.420+0000][420.839s][info][gc,start    ] GC(44) Pause Young (Normal) (G1 Evacuation Pause)
[2024-05-30T10:41:21.420+0000][420.839s][info][gc,task     ] GC(44) Using 6 workers of 6 for evacuation
[2024-05-30T10:41:21.489+0000][420.909s][info][gc,phases   ] GC(44)   Pre Evacuate Collection Set: 0.2ms
[2024-05-30T10:41:21.489+0000][420.909s][info][gc,phases   ] GC(44)   Merge Heap Roots: 0.2ms
[2024-05-30T10:41:21.489+0000][420.909s][info][gc,phases   ] GC(44)   Evacuate Collection Set: 66.8ms
[2024-05-30T10:41:21.489+0000][420.909s][info][gc,phases   ] GC(44)   Post Evacuate Collection Set: 2.5ms
[2024-05-30T10:41:21.490+0000][420.909s][info][gc,phases   ] GC(44)   Other: 0.2ms
[2024-05-30T10:41:21.490+0000][420.909s][info][gc,heap     ] GC(44) Eden regions: 848->0(850)
[2024-05-30T10:41:21.490+0000][420.909s][info][gc,heap     ] GC(44) Survivor regions: 26->26(110)
[2024-05-30T10:41:21.490+0000][420.909s][info][gc,heap     ] GC(44) Old regions: 256->257
[2024-05-30T10:41:21.490+0000][420.909s][info][gc,heap     ] GC(44) Archive regions: 2->2
[2024-05-30T10:41:21.490+0000][420.909s][info][gc,heap     ] GC(44) Humongous regions: 67->67
[2024-05-30T10:41:21.490+0000][420.909s][info][gc,metaspace] GC(44) Metaspace: 407792K(413824K)->407792K(413824K) NonClass: 355971K(359360K)->355971K(359360K) Class: 51821K(54464K)->51821K(54464K)
[2024-05-30T10:41:21.490+0000][420.909s][info][gc          ] GC(44) Pause Young (Normal) (G1 Evacuation Pause) 9572M->2797M(12288M) 70.041ms
[2024-05-30T10:41:21.490+0000][420.909s][info][gc,cpu      ] GC(44) User=0.40s Sys=0.02s Real=0.07s
[2024-05-30T10:41:30.929+0000][430.348s][info][gc,start    ] GC(45) Pause Young (Normal) (G1 Evacuation Pause)
[2024-05-30T10:41:30.929+0000][430.348s][info][gc,task     ] GC(45) Using 6 workers of 6 for evacuation
[2024-05-30T10:41:30.998+0000][430.417s][info][gc,phases   ] GC(45)   Pre Evacuate Collection Set: 0.2ms
[2024-05-30T10:41:30.998+0000][430.417s][info][gc,phases   ] GC(45)   Merge Heap Roots: 0.2ms
[2024-05-30T10:41:30.998+0000][430.417s][info][gc,phases   ] GC(45)   Evacuate Collection Set: 65.8ms
[2024-05-30T10:41:30.998+0000][430.417s][info][gc,phases   ] GC(45)   Post Evacuate Collection Set: 2.7ms
[2024-05-30T10:41:30.998+0000][430.417s][info][gc,phases   ] GC(45)   Other: 0.2ms
[2024-05-30T10:41:30.998+0000][430.417s][info][gc,heap     ] GC(45) Eden regions: 850->0(842)
[2024-05-30T10:41:30.998+0000][430.417s][info][gc,heap     ] GC(45) Survivor regions: 26->30(110)
[2024-05-30T10:41:30.998+0000][430.417s][info][gc,heap     ] GC(45) Old regions: 257->257
[2024-05-30T10:41:30.998+0000][430.417s][info][gc,heap     ] GC(45) Archive regions: 2->2
[2024-05-30T10:41:30.998+0000][430.417s][info][gc,heap     ] GC(45) Humongous regions: 67->67
[2024-05-30T10:41:30.998+0000][430.417s][info][gc,metaspace] GC(45) Metaspace: 408223K(414272K)->408223K(414272K) NonClass: 356344K(359744K)->356344K(359744K) Class: 51878K(54528K)->51878K(54528K)
[2024-05-30T10:41:30.998+0000][430.417s][info][gc          ] GC(45) Pause Young (Normal) (G1 Evacuation Pause) 9597M->2832M(12288M) 69.081ms
[2024-05-30T10:41:30.998+0000][430.417s][info][gc,cpu      ] GC(45) User=0.39s Sys=0.03s Real=0.07s
[2024-05-30T10:41:40.339+0000][439.758s][info][gc,start    ] GC(46) Pause Young (Normal) (G1 Evacuation Pause)
[2024-05-30T10:41:40.339+0000][439.758s][info][gc,task     ] GC(46) Using 6 workers of 6 for evacuation
[2024-05-30T10:41:40.413+0000][439.832s][info][gc,phases   ] GC(46)   Pre Evacuate Collection Set: 0.2ms
[2024-05-30T10:41:40.413+0000][439.832s][info][gc,phases   ] GC(46)   Merge Heap Roots: 0.2ms
[2024-05-30T10:41:40.413+0000][439.832s][info][gc,phases   ] GC(46)   Evacuate Collection Set: 70.7ms
[2024-05-30T10:41:40.413+0000][439.832s][info][gc,phases   ] GC(46)   Post Evacuate Collection Set: 2.6ms
[2024-05-30T10:41:40.413+0000][439.832s][info][gc,phases   ] GC(46)   Other: 0.2ms
[2024-05-30T10:41:40.413+0000][439.832s][info][gc,heap     ] GC(46) Eden regions: 842->0(841)
[2024-05-30T10:41:40.413+0000][439.832s][info][gc,heap     ] GC(46) Survivor regions: 30->30(109)
[2024-05-30T10:41:40.413+0000][439.832s][info][gc,heap     ] GC(46) Old regions: 257->258
[2024-05-30T10:41:40.413+0000][439.832s][info][gc,heap     ] GC(46) Archive regions: 2->2
[2024-05-30T10:41:40.413+0000][439.832s][info][gc,heap     ] GC(46) Humongous regions: 67->67
[2024-05-30T10:41:40.413+0000][439.832s][info][gc,metaspace] GC(46) Metaspace: 408250K(414272K)->408250K(414272K) NonClass: 356371K(359744K)->356371K(359744K) Class: 51878K(54528K)->51878K(54528K)
[2024-05-30T10:41:40.413+0000][439.832s][info][gc          ] GC(46) Pause Young (Normal) (G1 Evacuation Pause) 9568M->2836M(12288M) 73.975ms
[2024-05-30T10:41:40.413+0000][439.832s][info][gc,cpu      ] GC(46) User=0.44s Sys=0.00s Real=0.07s
[2024-05-30T10:41:49.383+0000][448.802s][info][gc,start    ] GC(47) Pause Young (Normal) (G1 Evacuation Pause)
[2024-05-30T10:41:49.383+0000][448.802s][info][gc,task     ] GC(47) Using 6 workers of 6 for evacuation
[2024-05-30T10:41:49.472+0000][448.891s][info][gc,phases   ] GC(47)   Pre Evacuate Collection Set: 0.2ms
[2024-05-30T10:41:49.472+0000][448.891s][info][gc,phases   ] GC(47)   Merge Heap Roots: 0.2ms
[2024-05-30T10:41:49.472+0000][448.891s][info][gc,phases   ] GC(47)   Evacuate Collection Set: 86.2ms
[2024-05-30T10:41:49.472+0000][448.892s][info][gc,phases   ] GC(47)   Post Evacuate Collection Set: 2.6ms
[2024-05-30T10:41:49.472+0000][448.892s][info][gc,phases   ] GC(47)   Other: 0.2ms
[2024-05-30T10:41:49.472+0000][448.892s][info][gc,heap     ] GC(47) Eden regions: 841->0(852)
[2024-05-30T10:41:49.472+0000][448.892s][info][gc,heap     ] GC(47) Survivor regions: 30->24(109)
[2024-05-30T10:41:49.472+0000][448.892s][info][gc,heap     ] GC(47) Old regions: 258->259
[2024-05-30T10:41:49.472+0000][448.892s][info][gc,heap     ] GC(47) Archive regions: 2->2
[2024-05-30T10:41:49.472+0000][448.892s][info][gc,heap     ] GC(47) Humongous regions: 67->67
[2024-05-30T10:41:49.472+0000][448.892s][info][gc,metaspace] GC(47) Metaspace: 408274K(414272K)->408274K(414272K) NonClass: 356395K(359744K)->356395K(359744K) Class: 51878K(54528K)->51878K(54528K)
[2024-05-30T10:41:49.472+0000][448.892s][info][gc          ] GC(47) Pause Young (Normal) (G1 Evacuation Pause) 9564M->2797M(12288M) 89.554ms
[2024-05-30T10:41:49.472+0000][448.892s][info][gc,cpu      ] GC(47) User=0.53s Sys=0.01s Real=0.09s
[2024-05-30T10:41:58.984+0000][458.403s][info][gc,start    ] GC(48) Pause Young (Normal) (G1 Evacuation Pause)
[2024-05-30T10:41:58.984+0000][458.403s][info][gc,task     ] GC(48) Using 6 workers of 6 for evacuation
[2024-05-30T10:41:59.052+0000][458.471s][info][gc,phases   ] GC(48)   Pre Evacuate Collection Set: 0.2ms
[2024-05-30T10:41:59.052+0000][458.471s][info][gc,phases   ] GC(48)   Merge Heap Roots: 0.2ms
[2024-05-30T10:41:59.052+0000][458.471s][info][gc,phases   ] GC(48)   Evacuate Collection Set: 64.5ms
[2024-05-30T10:41:59.052+0000][458.471s][info][gc,phases   ] GC(48)   Post Evacuate Collection Set: 2.5ms
[2024-05-30T10:41:59.052+0000][458.471s][info][gc,phases   ] GC(48)   Other: 0.2ms
[2024-05-30T10:41:59.052+0000][458.471s][info][gc,heap     ] GC(48) Eden regions: 852->0(847)
[2024-05-30T10:41:59.052+0000][458.471s][info][gc,heap     ] GC(48) Survivor regions: 24->26(110)
[2024-05-30T10:41:59.052+0000][458.471s][info][gc,heap     ] GC(48) Old regions: 259->260
[2024-05-30T10:41:59.052+0000][458.471s][info][gc,heap     ] GC(48) Archive regions: 2->2
[2024-05-30T10:41:59.052+0000][458.471s][info][gc,heap     ] GC(48) Humongous regions: 67->67
[2024-05-30T10:41:59.052+0000][458.471s][info][gc,metaspace] GC(48) Metaspace: 408323K(414336K)->408323K(414336K) NonClass: 356444K(359808K)->356444K(359808K) Class: 51879K(54528K)->51879K(54528K)
[2024-05-30T10:41:59.052+0000][458.471s][info][gc          ] GC(48) Pause Young (Normal) (G1 Evacuation Pause) 9613M->2821M(12288M) 67.715ms
[2024-05-30T10:41:59.052+0000][458.471s][info][gc,cpu      ] GC(48) User=0.40s Sys=0.01s Real=0.07s
[2024-05-30T10:42:07.108+0000][466.527s][info][gc,start    ] GC(49) Pause Young (Normal) (G1 Evacuation Pause)
[2024-05-30T10:42:07.108+0000][466.527s][info][gc,task     ] GC(49) Using 6 workers of 6 for evacuation
[2024-05-30T10:42:07.202+0000][466.621s][info][gc,phases   ] GC(49)   Pre Evacuate Collection Set: 0.2ms
[2024-05-30T10:42:07.202+0000][466.621s][info][gc,phases   ] GC(49)   Merge Heap Roots: 0.2ms
[2024-05-30T10:42:07.202+0000][466.621s][info][gc,phases   ] GC(49)   Evacuate Collection Set: 85.3ms
[2024-05-30T10:42:07.202+0000][466.621s][info][gc,phases   ] GC(49)   Post Evacuate Collection Set: 7.9ms
[2024-05-30T10:42:07.202+0000][466.621s][info][gc,phases   ] GC(49)   Other: 0.2ms
[2024-05-30T10:42:07.202+0000][466.621s][info][gc,heap     ] GC(49) Eden regions: 847->0(839)
[2024-05-30T10:42:07.202+0000][466.621s][info][gc,heap     ] GC(49) Survivor regions: 26->30(110)
[2024-05-30T10:42:07.202+0000][466.621s][info][gc,heap     ] GC(49) Old regions: 260->260
[2024-05-30T10:42:07.202+0000][466.621s][info][gc,heap     ] GC(49) Archive regions: 2->2
[2024-05-30T10:42:07.202+0000][466.621s][info][gc,heap     ] GC(49) Humongous regions: 67->67
[2024-05-30T10:42:07.202+0000][466.621s][info][gc,metaspace] GC(49) Metaspace: 408469K(414464K)->408469K(414464K) NonClass: 356575K(359936K)->356575K(359936K) Class: 51894K(54528K)->51894K(54528K)
[2024-05-30T10:42:07.202+0000][466.621s][info][gc          ] GC(49) Pause Young (Normal) (G1 Evacuation Pause) 9597M->2852M(12288M) 93.903ms
[2024-05-30T10:42:07.202+0000][466.621s][info][gc,cpu      ] GC(49) User=0.55s Sys=0.00s Real=0.10s
[2024-05-30T10:42:09.818+0000][469.238s][info][gc,start    ] GC(50) Pause Young (Normal) (G1 Evacuation Pause)
[2024-05-30T10:42:09.818+0000][469.238s][info][gc,task     ] GC(50) Using 6 workers of 6 for evacuation
[2024-05-30T10:42:09.994+0000][469.414s][info][gc,phases   ] GC(50)   Pre Evacuate Collection Set: 0.2ms
[2024-05-30T10:42:09.994+0000][469.414s][info][gc,phases   ] GC(50)   Merge Heap Roots: 0.2ms
[2024-05-30T10:42:09.994+0000][469.414s][info][gc,phases   ] GC(50)   Evacuate Collection Set: 144.0ms
[2024-05-30T10:42:09.994+0000][469.414s][info][gc,phases   ] GC(50)   Post Evacuate Collection Set: 31.5ms
[2024-05-30T10:42:09.994+0000][469.414s][info][gc,phases   ] GC(50)   Other: 0.2ms
[2024-05-30T10:42:09.995+0000][469.414s][info][gc,heap     ] GC(50) Eden regions: 839->0(823)
[2024-05-30T10:42:09.995+0000][469.414s][info][gc,heap     ] GC(50) Survivor regions: 30->38(109)
[2024-05-30T10:42:09.995+0000][469.414s][info][gc,heap     ] GC(50) Old regions: 260->260
[2024-05-30T10:42:09.995+0000][469.414s][info][gc,heap     ] GC(50) Archive regions: 2->2
[2024-05-30T10:42:09.995+0000][469.414s][info][gc,heap     ] GC(50) Humongous regions: 67->67
[2024-05-30T10:42:09.995+0000][469.414s][info][gc,metaspace] GC(50) Metaspace: 408479K(414464K)->408479K(414464K) NonClass: 356585K(359936K)->356585K(359936K) Class: 51894K(54528K)->51894K(54528K)
[2024-05-30T10:42:09.995+0000][469.414s][info][gc          ] GC(50) Pause Young (Normal) (G1 Evacuation Pause) 9564M->2924M(12288M) 176.190ms
[2024-05-30T10:42:09.995+0000][469.414s][info][gc,cpu      ] GC(50) User=1.03s Sys=0.00s Real=0.17s
[2024-05-30T10:42:12.527+0000][471.946s][info][gc,start    ] GC(51) Pause Young (Normal) (G1 Evacuation Pause)
[2024-05-30T10:42:12.527+0000][471.946s][info][gc,task     ] GC(51) Using 6 workers of 6 for evacuation
[2024-05-30T10:42:12.682+0000][472.101s][info][gc,phases   ] GC(51)   Pre Evacuate Collection Set: 0.2ms
[2024-05-30T10:42:12.682+0000][472.101s][info][gc,phases   ] GC(51)   Merge Heap Roots: 0.2ms
[2024-05-30T10:42:12.682+0000][472.101s][info][gc,phases   ] GC(51)   Evacuate Collection Set: 135.1ms
[2024-05-30T10:42:12.682+0000][472.101s][info][gc,phases   ] GC(51)   Post Evacuate Collection Set: 19.1ms
[2024-05-30T10:42:12.682+0000][472.101s][info][gc,phases   ] GC(51)   Other: 0.2ms
[2024-05-30T10:42:12.682+0000][472.101s][info][gc,heap     ] GC(51) Eden regions: 823->0(814)
[2024-05-30T10:42:12.682+0000][472.101s][info][gc,heap     ] GC(51) Survivor regions: 38->42(108)
[2024-05-30T10:42:12.682+0000][472.101s][info][gc,heap     ] GC(51) Old regions: 260->261
[2024-05-30T10:42:12.682+0000][472.101s][info][gc,heap     ] GC(51) Archive regions: 2->2
[2024-05-30T10:42:12.682+0000][472.101s][info][gc,heap     ] GC(51) Humongous regions: 67->67
[2024-05-30T10:42:12.682+0000][472.101s][info][gc,metaspace] GC(51) Metaspace: 408491K(414464K)->408491K(414464K) NonClass: 356596K(359936K)->356596K(359936K) Class: 51894K(54528K)->51894K(54528K)
[2024-05-30T10:42:12.682+0000][472.101s][info][gc          ] GC(51) Pause Young (Normal) (G1 Evacuation Pause) 9508M->2963M(12288M) 154.932ms
[2024-05-30T10:42:12.682+0000][472.101s][info][gc,cpu      ] GC(51) User=0.91s Sys=0.00s Real=0.16s
[2024-05-30T10:42:21.047+0000][480.466s][info][gc,start    ] GC(52) Pause Young (Normal) (G1 Evacuation Pause)
[2024-05-30T10:42:21.047+0000][480.466s][info][gc,task     ] GC(52) Using 6 workers of 6 for evacuation
[2024-05-30T10:42:21.130+0000][480.550s][info][gc,phases   ] GC(52)   Pre Evacuate Collection Set: 0.2ms
[2024-05-30T10:42:21.130+0000][480.550s][info][gc,phases   ] GC(52)   Merge Heap Roots: 0.2ms
[2024-05-30T10:42:21.130+0000][480.550s][info][gc,phases   ] GC(52)   Evacuate Collection Set: 78.4ms
[2024-05-30T10:42:21.130+0000][480.550s][info][gc,phases   ] GC(52)   Post Evacuate Collection Set: 4.3ms
[2024-05-30T10:42:21.130+0000][480.550s][info][gc,phases   ] GC(52)   Other: 0.3ms
[2024-05-30T10:42:21.130+0000][480.550s][info][gc,heap     ] GC(52) Eden regions: 814->0(837)
[2024-05-30T10:42:21.130+0000][480.550s][info][gc,heap     ] GC(52) Survivor regions: 42->30(107)
[2024-05-30T10:42:21.130+0000][480.550s][info][gc,heap     ] GC(52) Old regions: 261->262
[2024-05-30T10:42:21.130+0000][480.550s][info][gc,heap     ] GC(52) Archive regions: 2->2
[2024-05-30T10:42:21.130+0000][480.550s][info][gc,heap     ] GC(52) Humongous regions: 67->67
[2024-05-30T10:42:21.130+0000][480.550s][info][gc,metaspace] GC(52) Metaspace: 408696K(414656K)->408696K(414656K) NonClass: 356784K(360128K)->356784K(360128K) Class: 51911K(54528K)->51911K(54528K)
[2024-05-30T10:42:21.130+0000][480.550s][info][gc          ] GC(52) Pause Young (Normal) (G1 Evacuation Pause) 9475M->2871M(12288M) 83.453ms
[2024-05-30T10:42:21.131+0000][480.550s][info][gc,cpu      ] GC(52) User=0.49s Sys=0.00s Real=0.09s
[2024-05-30T10:42:30.353+0000][489.772s][info][gc,start    ] GC(53) Pause Young (Normal) (G1 Evacuation Pause)
[2024-05-30T10:42:30.353+0000][489.772s][info][gc,task     ] GC(53) Using 6 workers of 6 for evacuation
[2024-05-30T10:42:30.432+0000][489.851s][info][gc,phases   ] GC(53)   Pre Evacuate Collection Set: 0.2ms
[2024-05-30T10:42:30.432+0000][489.851s][info][gc,phases   ] GC(53)   Merge Heap Roots: 0.2ms
[2024-05-30T10:42:30.432+0000][489.851s][info][gc,phases   ] GC(53)   Evacuate Collection Set: 76.4ms
[2024-05-30T10:42:30.432+0000][489.851s][info][gc,phases   ] GC(53)   Post Evacuate Collection Set: 2.4ms
[2024-05-30T10:42:30.432+0000][489.851s][info][gc,phases   ] GC(53)   Other: 0.2ms
[2024-05-30T10:42:30.432+0000][489.851s][info][gc,heap     ] GC(53) Eden regions: 837->0(834)
[2024-05-30T10:42:30.432+0000][489.851s][info][gc,heap     ] GC(53) Survivor regions: 30->31(109)
[2024-05-30T10:42:30.432+0000][489.851s][info][gc,heap     ] GC(53) Old regions: 262->263
[2024-05-30T10:42:30.432+0000][489.851s][info][gc,heap     ] GC(53) Archive regions: 2->2
[2024-05-30T10:42:30.432+0000][489.851s][info][gc,heap     ] GC(53) Humongous regions: 67->67
[2024-05-30T10:42:30.432+0000][489.851s][info][gc,metaspace] GC(53) Metaspace: 408718K(414656K)->408718K(414656K) NonClass: 356806K(360128K)->356806K(360128K) Class: 51912K(54528K)->51912K(54528K)
[2024-05-30T10:42:30.432+0000][489.851s][info][gc          ] GC(53) Pause Young (Normal) (G1 Evacuation Pause) 9567M->2892M(12288M) 79.482ms
[2024-05-30T10:42:30.432+0000][489.852s][info][gc,cpu      ] GC(53) User=0.47s Sys=0.01s Real=0.08s
[2024-05-30T10:42:39.672+0000][499.091s][info][gc,start    ] GC(54) Pause Young (Normal) (G1 Evacuation Pause)
[2024-05-30T10:42:39.672+0000][499.092s][info][gc,task     ] GC(54) Using 6 workers of 6 for evacuation
[2024-05-30T10:42:39.754+0000][499.173s][info][gc,phases   ] GC(54)   Pre Evacuate Collection Set: 0.2ms
[2024-05-30T10:42:39.754+0000][499.173s][info][gc,phases   ] GC(54)   Merge Heap Roots: 0.2ms
[2024-05-30T10:42:39.754+0000][499.173s][info][gc,phases   ] GC(54)   Evacuate Collection Set: 78.7ms
[2024-05-30T10:42:39.754+0000][499.173s][info][gc,phases   ] GC(54)   Post Evacuate Collection Set: 2.3ms
[2024-05-30T10:42:39.754+0000][499.173s][info][gc,phases   ] GC(54)   Other: 0.3ms
[2024-05-30T10:42:39.754+0000][499.173s][info][gc,heap     ] GC(54) Eden regions: 834->0(831)
[2024-05-30T10:42:39.754+0000][499.173s][info][gc,heap     ] GC(54) Survivor regions: 31->32(109)
[2024-05-30T10:42:39.754+0000][499.173s][info][gc,heap     ] GC(54) Old regions: 263->264
[2024-05-30T10:42:39.754+0000][499.173s][info][gc,heap     ] GC(54) Archive regions: 2->2
[2024-05-30T10:42:39.754+0000][499.173s][info][gc,heap     ] GC(54) Humongous regions: 67->67
[2024-05-30T10:42:39.754+0000][499.173s][info][gc,metaspace] GC(54) Metaspace: 408730K(414656K)->408730K(414656K) NonClass: 356817K(360128K)->356817K(360128K) Class: 51912K(54528K)->51912K(54528K)
[2024-05-30T10:42:39.754+0000][499.173s][info][gc          ] GC(54) Pause Young (Normal) (G1 Evacuation Pause) 9564M->2908M(12288M) 81.852ms
[2024-05-30T10:42:39.754+0000][499.173s][info][gc,cpu      ] GC(54) User=0.49s Sys=0.00s Real=0.08s
[2024-05-30T10:42:48.331+0000][507.750s][info][gc,start    ] GC(55) Pause Young (Normal) (G1 Evacuation Pause)
[2024-05-30T10:42:48.331+0000][507.750s][info][gc,task     ] GC(55) Using 6 workers of 6 for evacuation
[2024-05-30T10:42:48.408+0000][507.827s][info][gc,phases   ] GC(55)   Pre Evacuate Collection Set: 0.2ms
[2024-05-30T10:42:48.408+0000][507.827s][info][gc,phases   ] GC(55)   Merge Heap Roots: 0.3ms
[2024-05-30T10:42:48.408+0000][507.827s][info][gc,phases   ] GC(55)   Evacuate Collection Set: 74.0ms
[2024-05-30T10:42:48.408+0000][507.827s][info][gc,phases   ] GC(55)   Post Evacuate Collection Set: 2.5ms
[2024-05-30T10:42:48.408+0000][507.827s][info][gc,phases   ] GC(55)   Other: 0.3ms
[2024-05-30T10:42:48.408+0000][507.827s][info][gc,heap     ] GC(55) Eden regions: 831->0(841)
[2024-05-30T10:42:48.408+0000][507.827s][info][gc,heap     ] GC(55) Survivor regions: 32->26(108)
[2024-05-30T10:42:48.408+0000][507.827s][info][gc,heap     ] GC(55) Old regions: 264->266
[2024-05-30T10:42:48.408+0000][507.827s][info][gc,heap     ] GC(55) Archive regions: 2->2
[2024-05-30T10:42:48.408+0000][507.827s][info][gc,heap     ] GC(55) Humongous regions: 67->67
[2024-05-30T10:42:48.408+0000][507.827s][info][gc,metaspace] GC(55) Metaspace: 408762K(414784K)->408762K(414784K) NonClass: 356849K(360256K)->356849K(360256K) Class: 51912K(54528K)->51912K(54528K)
[2024-05-30T10:42:48.408+0000][507.827s][info][gc          ] GC(55) Pause Young (Normal) (G1 Evacuation Pause) 9556M->2865M(12288M) 77.210ms
[2024-05-30T10:42:48.408+0000][507.827s][info][gc,cpu      ] GC(55) User=0.46s Sys=0.00s Real=0.07s
[2024-05-30T10:42:57.714+0000][517.133s][info][gc,start    ] GC(56) Pause Young (Normal) (G1 Evacuation Pause)
[2024-05-30T10:42:57.714+0000][517.133s][info][gc,task     ] GC(56) Using 6 workers of 6 for evacuation
[2024-05-30T10:42:57.793+0000][517.212s][info][gc,phases   ] GC(56)   Pre Evacuate Collection Set: 0.2ms
[2024-05-30T10:42:57.793+0000][517.212s][info][gc,phases   ] GC(56)   Merge Heap Roots: 0.3ms
[2024-05-30T10:42:57.793+0000][517.212s][info][gc,phases   ] GC(56)   Evacuate Collection Set: 76.2ms
[2024-05-30T10:42:57.793+0000][517.212s][info][gc,phases   ] GC(56)   Post Evacuate Collection Set: 2.5ms
[2024-05-30T10:42:57.793+0000][517.212s][info][gc,phases   ] GC(56)   Other: 0.2ms
[2024-05-30T10:42:57.793+0000][517.212s][info][gc,heap     ] GC(56) Eden regions: 841->0(838)
[2024-05-30T10:42:57.793+0000][517.212s][info][gc,heap     ] GC(56) Survivor regions: 26->27(109)
[2024-05-30T10:42:57.793+0000][517.212s][info][gc,heap     ] GC(56) Old regions: 266->267
[2024-05-30T10:42:57.793+0000][517.212s][info][gc,heap     ] GC(56) Archive regions: 2->2
[2024-05-30T10:42:57.793+0000][517.212s][info][gc,heap     ] GC(56) Humongous regions: 67->67
[2024-05-30T10:42:57.793+0000][517.212s][info][gc,metaspace] GC(56) Metaspace: 408798K(414784K)->408798K(414784K) NonClass: 356882K(360256K)->356882K(360256K) Class: 51915K(54528K)->51915K(54528K)
[2024-05-30T10:42:57.793+0000][517.212s][info][gc          ] GC(56) Pause Young (Normal) (G1 Evacuation Pause) 9593M->2881M(12288M) 79.390ms
[2024-05-30T10:42:57.793+0000][517.212s][info][gc,cpu      ] GC(56) User=0.47s Sys=0.01s Real=0.08s
[2024-05-30T10:43:07.048+0000][526.467s][info][gc,start    ] GC(57) Pause Young (Normal) (G1 Evacuation Pause)
[2024-05-30T10:43:07.048+0000][526.467s][info][gc,task     ] GC(57) Using 6 workers of 6 for evacuation
[2024-05-30T10:43:07.129+0000][526.548s][info][gc,phases   ] GC(57)   Pre Evacuate Collection Set: 0.2ms
[2024-05-30T10:43:07.129+0000][526.548s][info][gc,phases   ] GC(57)   Merge Heap Roots: 0.3ms
[2024-05-30T10:43:07.129+0000][526.548s][info][gc,phases   ] GC(57)   Evacuate Collection Set: 77.9ms
[2024-05-30T10:43:07.129+0000][526.548s][info][gc,phases   ] GC(57)   Post Evacuate Collection Set: 2.4ms
[2024-05-30T10:43:07.129+0000][526.548s][info][gc,phases   ] GC(57)   Other: 0.2ms
[2024-05-30T10:43:07.129+0000][526.548s][info][gc,heap     ] GC(57) Eden regions: 838->0(835)
[2024-05-30T10:43:07.129+0000][526.548s][info][gc,heap     ] GC(57) Survivor regions: 27->28(109)
[2024-05-30T10:43:07.129+0000][526.548s][info][gc,heap     ] GC(57) Old regions: 267->268
[2024-05-30T10:43:07.129+0000][526.548s][info][gc,heap     ] GC(57) Archive regions: 2->2
[2024-05-30T10:43:07.129+0000][526.548s][info][gc,heap     ] GC(57) Humongous regions: 67->67
[2024-05-30T10:43:07.129+0000][526.548s][info][gc,metaspace] GC(57) Metaspace: 408815K(414848K)->408815K(414848K) NonClass: 356900K(360320K)->356900K(360320K) Class: 51915K(54528K)->51915K(54528K)
[2024-05-30T10:43:07.129+0000][526.548s][info][gc          ] GC(57) Pause Young (Normal) (G1 Evacuation Pause) 9585M->2898M(12288M) 81.117ms
[2024-05-30T10:43:07.129+0000][526.548s][info][gc,cpu      ] GC(57) User=0.48s Sys=0.00s Real=0.09s
[2024-05-30T10:43:15.716+0000][535.135s][info][gc,start    ] GC(58) Pause Young (Normal) (G1 Evacuation Pause)
[2024-05-30T10:43:15.716+0000][535.135s][info][gc,task     ] GC(58) Using 6 workers of 6 for evacuation
[2024-05-30T10:43:15.808+0000][535.227s][info][gc,phases   ] GC(58)   Pre Evacuate Collection Set: 0.3ms
[2024-05-30T10:43:15.808+0000][535.227s][info][gc,phases   ] GC(58)   Merge Heap Roots: 0.4ms
[2024-05-30T10:43:15.808+0000][535.227s][info][gc,phases   ] GC(58)   Evacuate Collection Set: 86.8ms
[2024-05-30T10:43:15.808+0000][535.227s][info][gc,phases   ] GC(58)   Post Evacuate Collection Set: 4.3ms
[2024-05-30T10:43:15.808+0000][535.228s][info][gc,phases   ] GC(58)   Other: 0.3ms
[2024-05-30T10:43:15.808+0000][535.228s][info][gc,heap     ] GC(58) Eden regions: 835->0(832)
[2024-05-30T10:43:15.808+0000][535.228s][info][gc,heap     ] GC(58) Survivor regions: 28->29(108)
[2024-05-30T10:43:15.808+0000][535.228s][info][gc,heap     ] GC(58) Old regions: 268->269
[2024-05-30T10:43:15.808+0000][535.228s][info][gc,heap     ] GC(58) Archive regions: 2->2
[2024-05-30T10:43:15.808+0000][535.228s][info][gc,heap     ] GC(58) Humongous regions: 67->67
[2024-05-30T10:43:15.808+0000][535.228s][info][gc,metaspace] GC(58) Metaspace: 408843K(414848K)->408843K(414848K) NonClass: 356926K(360320K)->356926K(360320K) Class: 51917K(54528K)->51917K(54528K)
[2024-05-30T10:43:15.808+0000][535.228s][info][gc          ] GC(58) Pause Young (Normal) (G1 Evacuation Pause) 9578M->2914M(12288M) 92.204ms
[2024-05-30T10:43:15.808+0000][535.228s][info][gc,cpu      ] GC(58) User=0.61s Sys=0.00s Real=0.10s
[2024-05-30T10:43:18.296+0000][537.715s][info][gc,start    ] GC(59) Pause Young (Normal) (G1 Evacuation Pause)
[2024-05-30T10:43:18.296+0000][537.715s][info][gc,task     ] GC(59) Using 6 workers of 6 for evacuation
[2024-05-30T10:43:18.434+0000][537.853s][info][gc,phases   ] GC(59)   Pre Evacuate Collection Set: 0.2ms
[2024-05-30T10:43:18.434+0000][537.853s][info][gc,phases   ] GC(59)   Merge Heap Roots: 0.3ms
[2024-05-30T10:43:18.434+0000][537.853s][info][gc,phases   ] GC(59)   Evacuate Collection Set: 117.1ms
[2024-05-30T10:43:18.434+0000][537.853s][info][gc,phases   ] GC(59)   Post Evacuate Collection Set: 20.4ms
[2024-05-30T10:43:18.434+0000][537.853s][info][gc,phases   ] GC(59)   Other: 0.2ms
[2024-05-30T10:43:18.434+0000][537.853s][info][gc,heap     ] GC(59) Eden regions: 832->0(823)
[2024-05-30T10:43:18.434+0000][537.853s][info][gc,heap     ] GC(59) Survivor regions: 29->33(108)
[2024-05-30T10:43:18.434+0000][537.853s][info][gc,heap     ] GC(59) Old regions: 269->270
[2024-05-30T10:43:18.434+0000][537.853s][info][gc,heap     ] GC(59) Archive regions: 2->2
[2024-05-30T10:43:18.434+0000][537.853s][info][gc,heap     ] GC(59) Humongous regions: 67->67
[2024-05-30T10:43:18.434+0000][537.853s][info][gc,metaspace] GC(59) Metaspace: 408848K(414848K)->408848K(414848K) NonClass: 356931K(360320K)->356931K(360320K) Class: 51917K(54528K)->51917K(54528K)
[2024-05-30T10:43:18.434+0000][537.853s][info][gc          ] GC(59) Pause Young (Normal) (G1 Evacuation Pause) 9570M->2958M(12288M) 138.207ms
[2024-05-30T10:43:18.434+0000][537.853s][info][gc,cpu      ] GC(59) User=0.89s Sys=0.00s Real=0.14s
[2024-05-30T10:43:20.934+0000][540.354s][info][gc,start    ] GC(60) Pause Young (Normal) (G1 Evacuation Pause)
[2024-05-30T10:43:20.934+0000][540.354s][info][gc,task     ] GC(60) Using 6 workers of 6 for evacuation
[2024-05-30T10:43:21.085+0000][540.504s][info][gc,phases   ] GC(60)   Pre Evacuate Collection Set: 0.2ms
[2024-05-30T10:43:21.085+0000][540.504s][info][gc,phases   ] GC(60)   Merge Heap Roots: 0.3ms
[2024-05-30T10:43:21.085+0000][540.504s][info][gc,phases   ] GC(60)   Evacuate Collection Set: 129.1ms
[2024-05-30T10:43:21.085+0000][540.504s][info][gc,phases   ] GC(60)   Post Evacuate Collection Set: 20.4ms
[2024-05-30T10:43:21.085+0000][540.504s][info][gc,phases   ] GC(60)   Other: 0.3ms
[2024-05-30T10:43:21.085+0000][540.504s][info][gc,heap     ] GC(60) Eden regions: 823->0(814)
[2024-05-30T10:43:21.085+0000][540.504s][info][gc,heap     ] GC(60) Survivor regions: 33->37(107)
[2024-05-30T10:43:21.085+0000][540.504s][info][gc,heap     ] GC(60) Old regions: 270->271
[2024-05-30T10:43:21.085+0000][540.504s][info][gc,heap     ] GC(60) Archive regions: 2->2
[2024-05-30T10:43:21.085+0000][540.504s][info][gc,heap     ] GC(60) Humongous regions: 67->67
[2024-05-30T10:43:21.085+0000][540.504s][info][gc,metaspace] GC(60) Metaspace: 408848K(414848K)->408848K(414848K) NonClass: 356931K(360320K)->356931K(360320K) Class: 51917K(54528K)->51917K(54528K)
[2024-05-30T10:43:21.085+0000][540.504s][info][gc          ] GC(60) Pause Young (Normal) (G1 Evacuation Pause) 9542M->2994M(12288M) 150.355ms
[2024-05-30T10:43:21.085+0000][540.504s][info][gc,cpu      ] GC(60) User=0.87s Sys=0.01s Real=0.15s
[2024-05-30T10:43:23.645+0000][543.064s][info][gc,start    ] GC(61) Pause Young (Normal) (G1 Evacuation Pause)
[2024-05-30T10:43:23.645+0000][543.064s][info][gc,task     ] GC(61) Using 6 workers of 6 for evacuation
[2024-05-30T10:43:23.774+0000][543.193s][info][gc,phases   ] GC(61)   Pre Evacuate Collection Set: 0.2ms
[2024-05-30T10:43:23.774+0000][543.193s][info][gc,phases   ] GC(61)   Merge Heap Roots: 0.3ms
[2024-05-30T10:43:23.774+0000][543.193s][info][gc,phases   ] GC(61)   Evacuate Collection Set: 117.3ms
[2024-05-30T10:43:23.774+0000][543.193s][info][gc,phases   ] GC(61)   Post Evacuate Collection Set: 11.2ms
[2024-05-30T10:43:23.774+0000][543.193s][info][gc,phases   ] GC(61)   Other: 0.2ms
[2024-05-30T10:43:23.774+0000][543.193s][info][gc,heap     ] GC(61) Eden regions: 814->0(811)
[2024-05-30T10:43:23.774+0000][543.193s][info][gc,heap     ] GC(61) Survivor regions: 37->38(107)
[2024-05-30T10:43:23.774+0000][543.193s][info][gc,heap     ] GC(61) Old regions: 271->272
[2024-05-30T10:43:23.774+0000][543.193s][info][gc,heap     ] GC(61) Archive regions: 2->2
[2024-05-30T10:43:23.774+0000][543.193s][info][gc,heap     ] GC(61) Humongous regions: 67->67
[2024-05-30T10:43:23.774+0000][543.193s][info][gc,metaspace] GC(61) Metaspace: 408888K(414976K)->408888K(414976K) NonClass: 356967K(360384K)->356967K(360384K) Class: 51921K(54592K)->51921K(54592K)
[2024-05-30T10:43:23.774+0000][543.193s][info][gc          ] GC(61) Pause Young (Normal) (G1 Evacuation Pause) 9506M->3010M(12288M) 129.152ms
[2024-05-30T10:43:23.774+0000][543.193s][info][gc,cpu      ] GC(61) User=0.76s Sys=0.01s Real=0.13s
[2024-05-30T10:43:26.122+0000][545.541s][info][gc,start    ] GC(62) Pause Young (Normal) (G1 Evacuation Pause)
[2024-05-30T10:43:26.122+0000][545.541s][info][gc,task     ] GC(62) Using 6 workers of 6 for evacuation
[2024-05-30T10:43:26.255+0000][545.674s][info][gc,phases   ] GC(62)   Pre Evacuate Collection Set: 0.2ms
[2024-05-30T10:43:26.255+0000][545.674s][info][gc,phases   ] GC(62)   Merge Heap Roots: 0.3ms
[2024-05-30T10:43:26.255+0000][545.674s][info][gc,phases   ] GC(62)   Evacuate Collection Set: 122.2ms
[2024-05-30T10:43:26.255+0000][545.674s][info][gc,phases   ] GC(62)   Post Evacuate Collection Set: 10.3ms
[2024-05-30T10:43:26.255+0000][545.675s][info][gc,phases   ] GC(62)   Other: 0.2ms
[2024-05-30T10:43:26.255+0000][545.675s][info][gc,heap     ] GC(62) Eden regions: 811->0(808)
[2024-05-30T10:43:26.255+0000][545.675s][info][gc,heap     ] GC(62) Survivor regions: 38->39(107)
[2024-05-30T10:43:26.255+0000][545.675s][info][gc,heap     ] GC(62) Old regions: 272->273
[2024-05-30T10:43:26.255+0000][545.675s][info][gc,heap     ] GC(62) Archive regions: 2->2
[2024-05-30T10:43:26.255+0000][545.675s][info][gc,heap     ] GC(62) Humongous regions: 67->67
[2024-05-30T10:43:26.255+0000][545.675s][info][gc,metaspace] GC(62) Metaspace: 408938K(414976K)->408938K(414976K) NonClass: 357012K(360384K)->357012K(360384K) Class: 51925K(54592K)->51925K(54592K)
[2024-05-30T10:43:26.255+0000][545.675s][info][gc          ] GC(62) Pause Young (Normal) (G1 Evacuation Pause) 9498M->3030M(12288M) 133.216ms
[2024-05-30T10:43:26.255+0000][545.675s][info][gc,cpu      ] GC(62) User=0.79s Sys=0.00s Real=0.13s
[2024-05-30T10:43:28.566+0000][547.985s][info][gc,start    ] GC(63) Pause Young (Normal) (G1 Evacuation Pause)
[2024-05-30T10:43:28.566+0000][547.986s][info][gc,task     ] GC(63) Using 6 workers of 6 for evacuation
[2024-05-30T10:43:28.679+0000][548.098s][info][gc,phases   ] GC(63)   Pre Evacuate Collection Set: 0.2ms
[2024-05-30T10:43:28.679+0000][548.098s][info][gc,phases   ] GC(63)   Merge Heap Roots: 0.3ms
[2024-05-30T10:43:28.679+0000][548.098s][info][gc,phases   ] GC(63)   Evacuate Collection Set: 109.5ms
[2024-05-30T10:43:28.679+0000][548.098s][info][gc,phases   ] GC(63)   Post Evacuate Collection Set: 2.3ms
[2024-05-30T10:43:28.679+0000][548.098s][info][gc,phases   ] GC(63)   Other: 0.2ms
[2024-05-30T10:43:28.679+0000][548.098s][info][gc,heap     ] GC(63) Eden regions: 808->0(809)
[2024-05-30T10:43:28.679+0000][548.098s][info][gc,heap     ] GC(63) Survivor regions: 39->38(106)
[2024-05-30T10:43:28.679+0000][548.098s][info][gc,heap     ] GC(63) Old regions: 273->274
[2024-05-30T10:43:28.679+0000][548.098s][info][gc,heap     ] GC(63) Archive regions: 2->2
[2024-05-30T10:43:28.679+0000][548.098s][info][gc,heap     ] GC(63) Humongous regions: 67->67
[2024-05-30T10:43:28.679+0000][548.098s][info][gc,metaspace] GC(63) Metaspace: 408940K(414976K)->408940K(414976K) NonClass: 357014K(360384K)->357014K(360384K) Class: 51925K(54592K)->51925K(54592K)
[2024-05-30T10:43:28.679+0000][548.098s][info][gc          ] GC(63) Pause Young (Normal) (G1 Evacuation Pause) 9494M->3031M(12288M) 112.571ms
[2024-05-30T10:43:28.679+0000][548.098s][info][gc,cpu      ] GC(63) User=0.66s Sys=0.01s Real=0.12s
[2024-05-30T10:43:31.477+0000][550.896s][info][gc,start    ] GC(64) Pause Young (Normal) (G1 Evacuation Pause)
[2024-05-30T10:43:31.477+0000][550.896s][info][gc,task     ] GC(64) Using 6 workers of 6 for evacuation
[2024-05-30T10:43:31.628+0000][551.047s][info][gc,phases   ] GC(64)   Pre Evacuate Collection Set: 0.2ms
[2024-05-30T10:43:31.628+0000][551.047s][info][gc,phases   ] GC(64)   Merge Heap Roots: 0.2ms
[2024-05-30T10:43:31.628+0000][551.047s][info][gc,phases   ] GC(64)   Evacuate Collection Set: 134.9ms
[2024-05-30T10:43:31.628+0000][551.047s][info][gc,phases   ] GC(64)   Post Evacuate Collection Set: 15.7ms
[2024-05-30T10:43:31.628+0000][551.047s][info][gc,phases   ] GC(64)   Other: 0.3ms
[2024-05-30T10:43:31.628+0000][551.047s][info][gc,heap     ] GC(64) Eden regions: 809->0(800)
[2024-05-30T10:43:31.628+0000][551.047s][info][gc,heap     ] GC(64) Survivor regions: 38->42(106)
[2024-05-30T10:43:31.628+0000][551.047s][info][gc,heap     ] GC(64) Old regions: 274->275
[2024-05-30T10:43:31.628+0000][551.047s][info][gc,heap     ] GC(64) Archive regions: 2->2
[2024-05-30T10:43:31.628+0000][551.047s][info][gc,heap     ] GC(64) Humongous regions: 67->67
[2024-05-30T10:43:31.628+0000][551.047s][info][gc,metaspace] GC(64) Metaspace: 408952K(414976K)->408952K(414976K) NonClass: 357026K(360384K)->357026K(360384K) Class: 51925K(54592K)->51925K(54592K)
[2024-05-30T10:43:31.628+0000][551.047s][info][gc          ] GC(64) Pause Young (Normal) (G1 Evacuation Pause) 9503M->3070M(12288M) 151.351ms
[2024-05-30T10:43:31.628+0000][551.048s][info][gc,cpu      ] GC(64) User=0.87s Sys=0.03s Real=0.14s
[2024-05-30T10:43:34.420+0000][553.840s][info][gc,start    ] GC(65) Pause Young (Normal) (G1 Evacuation Pause)
[2024-05-30T10:43:34.420+0000][553.840s][info][gc,task     ] GC(65) Using 6 workers of 6 for evacuation
[2024-05-30T10:43:34.588+0000][554.008s][info][gc,phases   ] GC(65)   Pre Evacuate Collection Set: 0.2ms
[2024-05-30T10:43:34.589+0000][554.008s][info][gc,phases   ] GC(65)   Merge Heap Roots: 0.3ms
[2024-05-30T10:43:34.589+0000][554.008s][info][gc,phases   ] GC(65)   Evacuate Collection Set: 149.3ms
[2024-05-30T10:43:34.589+0000][554.008s][info][gc,phases   ] GC(65)   Post Evacuate Collection Set: 18.2ms
[2024-05-30T10:43:34.589+0000][554.008s][info][gc,phases   ] GC(65)   Other: 0.2ms
[2024-05-30T10:43:34.589+0000][554.008s][info][gc,heap     ] GC(65) Eden regions: 800->0(796)
[2024-05-30T10:43:34.589+0000][554.008s][info][gc,heap     ] GC(65) Survivor regions: 42->43(106)
[2024-05-30T10:43:34.589+0000][554.008s][info][gc,heap     ] GC(65) Old regions: 275->277
[2024-05-30T10:43:34.589+0000][554.008s][info][gc,heap     ] GC(65) Archive regions: 2->2
[2024-05-30T10:43:34.589+0000][554.008s][info][gc,heap     ] GC(65) Humongous regions: 67->67
[2024-05-30T10:43:34.589+0000][554.008s][info][gc,metaspace] GC(65) Metaspace: 408953K(414976K)->408953K(414976K) NonClass: 357027K(360384K)->357027K(360384K) Class: 51925K(54592K)->51925K(54592K)
[2024-05-30T10:43:34.589+0000][554.008s][info][gc          ] GC(65) Pause Young (Normal) (G1 Evacuation Pause) 9470M->3096M(12288M) 168.206ms
[2024-05-30T10:43:34.589+0000][554.008s][info][gc,cpu      ] GC(65) User=0.98s Sys=0.01s Real=0.17s
[2024-05-30T10:43:38.521+0000][557.940s][info][gc,start    ] GC(66) Pause Young (Normal) (G1 Evacuation Pause)
[2024-05-30T10:43:38.521+0000][557.940s][info][gc,task     ] GC(66) Using 6 workers of 6 for evacuation
[2024-05-30T10:43:38.678+0000][558.097s][info][gc,phases   ] GC(66)   Pre Evacuate Collection Set: 0.2ms
[2024-05-30T10:43:38.678+0000][558.097s][info][gc,phases   ] GC(66)   Merge Heap Roots: 0.2ms
[2024-05-30T10:43:38.678+0000][558.097s][info][gc,phases   ] GC(66)   Evacuate Collection Set: 141.8ms
[2024-05-30T10:43:38.678+0000][558.097s][info][gc,phases   ] GC(66)   Post Evacuate Collection Set: 15.1ms
[2024-05-30T10:43:38.678+0000][558.097s][info][gc,phases   ] GC(66)   Other: 0.2ms
[2024-05-30T10:43:38.678+0000][558.097s][info][gc,heap     ] GC(66) Eden regions: 796->0(789)
[2024-05-30T10:43:38.678+0000][558.097s][info][gc,heap     ] GC(66) Survivor regions: 43->46(105)
[2024-05-30T10:43:38.678+0000][558.097s][info][gc,heap     ] GC(66) Old regions: 277->278
[2024-05-30T10:43:38.678+0000][558.097s][info][gc,heap     ] GC(66) Archive regions: 2->2
[2024-05-30T10:43:38.678+0000][558.097s][info][gc,heap     ] GC(66) Humongous regions: 67->67
[2024-05-30T10:43:38.678+0000][558.097s][info][gc,metaspace] GC(66) Metaspace: 408964K(414976K)->408964K(414976K) NonClass: 357038K(360384K)->357038K(360384K) Class: 51925K(54592K)->51925K(54592K)
[2024-05-30T10:43:38.678+0000][558.098s][info][gc          ] GC(66) Pause Young (Normal) (G1 Evacuation Pause) 9464M->3129M(12288M) 157.630ms
[2024-05-30T10:43:38.678+0000][558.098s][info][gc,cpu      ] GC(66) User=0.92s Sys=0.00s Real=0.16s
[2024-05-30T10:43:44.110+0000][563.529s][info][gc,start    ] GC(67) Pause Young (Normal) (G1 Evacuation Pause)
[2024-05-30T10:43:44.110+0000][563.529s][info][gc,task     ] GC(67) Using 6 workers of 6 for evacuation
[2024-05-30T10:43:44.267+0000][563.687s][info][gc,phases   ] GC(67)   Pre Evacuate Collection Set: 0.2ms
[2024-05-30T10:43:44.267+0000][563.687s][info][gc,phases   ] GC(67)   Merge Heap Roots: 0.2ms
[2024-05-30T10:43:44.267+0000][563.687s][info][gc,phases   ] GC(67)   Evacuate Collection Set: 144.4ms
[2024-05-30T10:43:44.267+0000][563.687s][info][gc,phases   ] GC(67)   Post Evacuate Collection Set: 12.6ms
[2024-05-30T10:43:44.267+0000][563.687s][info][gc,phases   ] GC(67)   Other: 0.3ms
[2024-05-30T10:43:44.267+0000][563.687s][info][gc,heap     ] GC(67) Eden regions: 789->0(786)
[2024-05-30T10:43:44.267+0000][563.687s][info][gc,heap     ] GC(67) Survivor regions: 46->47(105)
[2024-05-30T10:43:44.267+0000][563.687s][info][gc,heap     ] GC(67) Old regions: 278->279
[2024-05-30T10:43:44.267+0000][563.687s][info][gc,heap     ] GC(67) Archive regions: 2->2
[2024-05-30T10:43:44.267+0000][563.687s][info][gc,heap     ] GC(67) Humongous regions: 67->67
[2024-05-30T10:43:44.267+0000][563.687s][info][gc,metaspace] GC(67) Metaspace: 408976K(415040K)->408976K(415040K) NonClass: 357050K(360448K)->357050K(360448K) Class: 51925K(54592K)->51925K(54592K)
[2024-05-30T10:43:44.268+0000][563.687s][info][gc          ] GC(67) Pause Young (Normal) (G1 Evacuation Pause) 9441M->3144M(12288M) 157.764ms
[2024-05-30T10:43:44.268+0000][563.687s][info][gc,cpu      ] GC(67) User=0.92s Sys=0.01s Real=0.15s
[2024-05-30T10:43:47.086+0000][566.505s][info][gc,start    ] GC(68) Pause Young (Normal) (G1 Evacuation Pause)
[2024-05-30T10:43:47.086+0000][566.505s][info][gc,task     ] GC(68) Using 6 workers of 6 for evacuation
[2024-05-30T10:43:47.279+0000][566.698s][info][gc,phases   ] GC(68)   Pre Evacuate Collection Set: 0.2ms
[2024-05-30T10:43:47.279+0000][566.699s][info][gc,phases   ] GC(68)   Merge Heap Roots: 0.2ms
[2024-05-30T10:43:47.279+0000][566.699s][info][gc,phases   ] GC(68)   Evacuate Collection Set: 170.3ms
[2024-05-30T10:43:47.279+0000][566.699s][info][gc,phases   ] GC(68)   Post Evacuate Collection Set: 22.5ms
[2024-05-30T10:43:47.279+0000][566.699s][info][gc,phases   ] GC(68)   Other: 0.2ms
[2024-05-30T10:43:47.279+0000][566.699s][info][gc,heap     ] GC(68) Eden regions: 786->0(778)
[2024-05-30T10:43:47.279+0000][566.699s][info][gc,heap     ] GC(68) Survivor regions: 47->50(105)
[2024-05-30T10:43:47.279+0000][566.699s][info][gc,heap     ] GC(68) Old regions: 279->281
[2024-05-30T10:43:47.279+0000][566.699s][info][gc,heap     ] GC(68) Archive regions: 2->2
[2024-05-30T10:43:47.279+0000][566.699s][info][gc,heap     ] GC(68) Humongous regions: 67->67
[2024-05-30T10:43:47.279+0000][566.699s][info][gc,metaspace] GC(68) Metaspace: 408980K(415040K)->408980K(415040K) NonClass: 357054K(360448K)->357054K(360448K) Class: 51925K(54592K)->51925K(54592K)
[2024-05-30T10:43:47.279+0000][566.699s][info][gc          ] GC(68) Pause Young (Normal) (G1 Evacuation Pause) 9432M->3184M(12288M) 193.439ms
[2024-05-30T10:43:47.279+0000][566.699s][info][gc,cpu      ] GC(68) User=1.13s Sys=0.00s Real=0.20s
[2024-05-30T10:43:52.989+0000][572.408s][info][gc,start    ] GC(69) Pause Young (Normal) (G1 Evacuation Pause)
[2024-05-30T10:43:52.989+0000][572.408s][info][gc,task     ] GC(69) Using 6 workers of 6 for evacuation
[2024-05-30T10:43:53.159+0000][572.578s][info][gc,phases   ] GC(69)   Pre Evacuate Collection Set: 0.2ms
[2024-05-30T10:43:53.159+0000][572.578s][info][gc,phases   ] GC(69)   Merge Heap Roots: 0.2ms
[2024-05-30T10:43:53.159+0000][572.578s][info][gc,phases   ] GC(69)   Evacuate Collection Set: 157.3ms
[2024-05-30T10:43:53.159+0000][572.578s][info][gc,phases   ] GC(69)   Post Evacuate Collection Set: 12.0ms
[2024-05-30T10:43:53.159+0000][572.578s][info][gc,phases   ] GC(69)   Other: 0.2ms
[2024-05-30T10:43:53.159+0000][572.578s][info][gc,heap     ] GC(69) Eden regions: 778->0(783)
[2024-05-30T10:43:53.159+0000][572.578s][info][gc,heap     ] GC(69) Survivor regions: 50->47(104)
[2024-05-30T10:43:53.159+0000][572.578s][info][gc,heap     ] GC(69) Old regions: 281->282
[2024-05-30T10:43:53.159+0000][572.578s][info][gc,heap     ] GC(69) Archive regions: 2->2
[2024-05-30T10:43:53.159+0000][572.578s][info][gc,heap     ] GC(69) Humongous regions: 67->67
[2024-05-30T10:43:53.159+0000][572.578s][info][gc,metaspace] GC(69) Metaspace: 409061K(415104K)->409061K(415104K) NonClass: 357136K(360512K)->357136K(360512K) Class: 51925K(54592K)->51925K(54592K)
[2024-05-30T10:43:53.159+0000][572.578s][info][gc          ] GC(69) Pause Young (Normal) (G1 Evacuation Pause) 9408M->3172M(12288M) 169.943ms
[2024-05-30T10:43:53.159+0000][572.578s][info][gc,cpu      ] GC(69) User=1.00s Sys=0.01s Real=0.17s
[2024-05-30T10:44:01.620+0000][581.039s][info][gc,start    ] GC(70) Pause Young (Normal) (G1 Evacuation Pause)
[2024-05-30T10:44:01.620+0000][581.039s][info][gc,task     ] GC(70) Using 6 workers of 6 for evacuation
[2024-05-30T10:44:01.768+0000][581.187s][info][gc,phases   ] GC(70)   Pre Evacuate Collection Set: 0.2ms
[2024-05-30T10:44:01.768+0000][581.187s][info][gc,phases   ] GC(70)   Merge Heap Roots: 0.2ms
[2024-05-30T10:44:01.768+0000][581.187s][info][gc,phases   ] GC(70)   Evacuate Collection Set: 145.1ms
[2024-05-30T10:44:01.768+0000][581.187s][info][gc,phases   ] GC(70)   Post Evacuate Collection Set: 2.3ms
[2024-05-30T10:44:01.768+0000][581.187s][info][gc,phases   ] GC(70)   Other: 0.3ms
[2024-05-30T10:44:01.768+0000][581.187s][info][gc,heap     ] GC(70) Eden regions: 783->0(781)
[2024-05-30T10:44:01.768+0000][581.187s][info][gc,heap     ] GC(70) Survivor regions: 47->47(104)
[2024-05-30T10:44:01.768+0000][581.187s][info][gc,heap     ] GC(70) Old regions: 282->284
[2024-05-30T10:44:01.768+0000][581.187s][info][gc,heap     ] GC(70) Archive regions: 2->2
[2024-05-30T10:44:01.768+0000][581.187s][info][gc,heap     ] GC(70) Humongous regions: 67->67
[2024-05-30T10:44:01.768+0000][581.187s][info][gc,metaspace] GC(70) Metaspace: 409096K(415168K)->409096K(415168K) NonClass: 357170K(360576K)->357170K(360576K) Class: 51925K(54592K)->51925K(54592K)
[2024-05-30T10:44:01.768+0000][581.187s][info][gc          ] GC(70) Pause Young (Normal) (G1 Evacuation Pause) 9436M->3181M(12288M) 148.109ms
[2024-05-30T10:44:01.768+0000][581.187s][info][gc,cpu      ] GC(70) User=0.89s Sys=0.00s Real=0.14s
[2024-05-30T10:44:10.268+0000][589.687s][info][gc,start    ] GC(71) Pause Young (Normal) (G1 Evacuation Pause)
[2024-05-30T10:44:10.268+0000][589.687s][info][gc,task     ] GC(71) Using 6 workers of 6 for evacuation
[2024-05-30T10:44:10.416+0000][589.835s][info][gc,phases   ] GC(71)   Pre Evacuate Collection Set: 0.2ms
[2024-05-30T10:44:10.416+0000][589.835s][info][gc,phases   ] GC(71)   Merge Heap Roots: 0.2ms
[2024-05-30T10:44:10.416+0000][589.835s][info][gc,phases   ] GC(71)   Evacuate Collection Set: 145.3ms
[2024-05-30T10:44:10.416+0000][589.835s][info][gc,phases   ] GC(71)   Post Evacuate Collection Set: 2.3ms
[2024-05-30T10:44:10.416+0000][589.835s][info][gc,phases   ] GC(71)   Other: 0.2ms
[2024-05-30T10:44:10.416+0000][589.835s][info][gc,heap     ] GC(71) Eden regions: 781->0(778)
[2024-05-30T10:44:10.416+0000][589.835s][info][gc,heap     ] GC(71) Survivor regions: 47->48(104)
[2024-05-30T10:44:10.416+0000][589.835s][info][gc,heap     ] GC(71) Old regions: 284->285
[2024-05-30T10:44:10.416+0000][589.835s][info][gc,heap     ] GC(71) Archive regions: 2->2
[2024-05-30T10:44:10.416+0000][589.835s][info][gc,heap     ] GC(71) Humongous regions: 67->67
[2024-05-30T10:44:10.416+0000][589.835s][info][gc,metaspace] GC(71) Metaspace: 409122K(415168K)->409122K(415168K) NonClass: 357196K(360576K)->357196K(360576K) Class: 51925K(54592K)->51925K(54592K)
[2024-05-30T10:44:10.416+0000][589.836s][info][gc          ] GC(71) Pause Young (Normal) (G1 Evacuation Pause) 9429M->3197M(12288M) 148.362ms
[2024-05-30T10:44:10.416+0000][589.836s][info][gc,cpu      ] GC(71) User=0.89s Sys=0.00s Real=0.16s
[2024-05-30T10:44:18.849+0000][598.268s][info][gc,start    ] GC(72) Pause Young (Normal) (G1 Evacuation Pause)
[2024-05-30T10:44:18.849+0000][598.268s][info][gc,task     ] GC(72) Using 6 workers of 6 for evacuation
[2024-05-30T10:44:19.000+0000][598.419s][info][gc,phases   ] GC(72)   Pre Evacuate Collection Set: 0.2ms
[2024-05-30T10:44:19.000+0000][598.419s][info][gc,phases   ] GC(72)   Merge Heap Roots: 0.2ms
[2024-05-30T10:44:19.000+0000][598.419s][info][gc,phases   ] GC(72)   Evacuate Collection Set: 148.7ms
[2024-05-30T10:44:19.000+0000][598.419s][info][gc,phases   ] GC(72)   Post Evacuate Collection Set: 2.3ms
[2024-05-30T10:44:19.000+0000][598.419s][info][gc,phases   ] GC(72)   Other: 0.2ms
[2024-05-30T10:44:19.000+0000][598.420s][info][gc,heap     ] GC(72) Eden regions: 778->0(775)
[2024-05-30T10:44:19.000+0000][598.420s][info][gc,heap     ] GC(72) Survivor regions: 48->49(104)
[2024-05-30T10:44:19.000+0000][598.420s][info][gc,heap     ] GC(72) Old regions: 285->286
[2024-05-30T10:44:19.000+0000][598.420s][info][gc,heap     ] GC(72) Archive regions: 2->2
[2024-05-30T10:44:19.000+0000][598.420s][info][gc,heap     ] GC(72) Humongous regions: 67->67
[2024-05-30T10:44:19.000+0000][598.420s][info][gc,metaspace] GC(72) Metaspace: 409129K(415168K)->409129K(415168K) NonClass: 357203K(360576K)->357203K(360576K) Class: 51925K(54592K)->51925K(54592K)
[2024-05-30T10:44:19.000+0000][598.420s][info][gc          ] GC(72) Pause Young (Normal) (G1 Evacuation Pause) 9421M->3216M(12288M) 151.716ms
[2024-05-30T10:44:19.000+0000][598.420s][info][gc,cpu      ] GC(72) User=0.90s Sys=0.01s Real=0.15s
[2024-05-30T10:44:27.424+0000][606.844s][info][gc,start    ] GC(73) Pause Young (Normal) (G1 Evacuation Pause)
[2024-05-30T10:44:27.424+0000][606.844s][info][gc,task     ] GC(73) Using 6 workers of 6 for evacuation
[2024-05-30T10:44:27.576+0000][606.995s][info][gc,phases   ] GC(73)   Pre Evacuate Collection Set: 0.2ms
[2024-05-30T10:44:27.576+0000][606.995s][info][gc,phases   ] GC(73)   Merge Heap Roots: 0.2ms
[2024-05-30T10:44:27.576+0000][606.995s][info][gc,phases   ] GC(73)   Evacuate Collection Set: 148.6ms
[2024-05-30T10:44:27.576+0000][606.995s][info][gc,phases   ] GC(73)   Post Evacuate Collection Set: 2.5ms
[2024-05-30T10:44:27.576+0000][606.995s][info][gc,phases   ] GC(73)   Other: 0.2ms
[2024-05-30T10:44:27.576+0000][606.995s][info][gc,heap     ] GC(73) Eden regions: 775->0(770)
[2024-05-30T10:44:27.576+0000][606.995s][info][gc,heap     ] GC(73) Survivor regions: 49->51(103)
[2024-05-30T10:44:27.576+0000][606.995s][info][gc,heap     ] GC(73) Old regions: 286->287
[2024-05-30T10:44:27.576+0000][606.995s][info][gc,heap     ] GC(73) Archive regions: 2->2
[2024-05-30T10:44:27.576+0000][606.995s][info][gc,heap     ] GC(73) Humongous regions: 67->67
[2024-05-30T10:44:27.576+0000][606.995s][info][gc,metaspace] GC(73) Metaspace: 409178K(415296K)->409178K(415296K) NonClass: 357251K(360704K)->357251K(360704K) Class: 51926K(54592K)->51926K(54592K)
[2024-05-30T10:44:27.576+0000][606.996s][info][gc          ] GC(73) Pause Young (Normal) (G1 Evacuation Pause) 9416M->3240M(12288M) 151.799ms
[2024-05-30T10:44:27.576+0000][606.996s][info][gc,cpu      ] GC(73) User=0.90s Sys=0.01s Real=0.16s
[2024-05-30T10:44:35.941+0000][615.360s][info][gc,start    ] GC(74) Pause Young (Normal) (G1 Evacuation Pause)
[2024-05-30T10:44:35.941+0000][615.360s][info][gc,task     ] GC(74) Using 6 workers of 6 for evacuation
[2024-05-30T10:44:36.097+0000][615.517s][info][gc,phases   ] GC(74)   Pre Evacuate Collection Set: 0.2ms
[2024-05-30T10:44:36.097+0000][615.517s][info][gc,phases   ] GC(74)   Merge Heap Roots: 0.2ms
[2024-05-30T10:44:36.097+0000][615.517s][info][gc,phases   ] GC(74)   Evacuate Collection Set: 153.4ms
[2024-05-30T10:44:36.097+0000][615.517s][info][gc,phases   ] GC(74)   Post Evacuate Collection Set: 2.4ms
[2024-05-30T10:44:36.097+0000][615.517s][info][gc,phases   ] GC(74)   Other: 0.2ms
[2024-05-30T10:44:36.097+0000][615.517s][info][gc,heap     ] GC(74) Eden regions: 770->0(770)
[2024-05-30T10:44:36.097+0000][615.517s][info][gc,heap     ] GC(74) Survivor regions: 51->49(103)
[2024-05-30T10:44:36.097+0000][615.517s][info][gc,heap     ] GC(74) Old regions: 287->291
[2024-05-30T10:44:36.097+0000][615.517s][info][gc,heap     ] GC(74) Archive regions: 2->2
[2024-05-30T10:44:36.097+0000][615.517s][info][gc,heap     ] GC(74) Humongous regions: 67->67
[2024-05-30T10:44:36.097+0000][615.517s][info][gc,metaspace] GC(74) Metaspace: 409183K(415296K)->409183K(415296K) NonClass: 357256K(360704K)->357256K(360704K) Class: 51927K(54592K)->51927K(54592K)
[2024-05-30T10:44:36.098+0000][615.517s][info][gc          ] GC(74) Pause Young (Normal) (G1 Evacuation Pause) 9400M->3253M(12288M) 156.410ms
[2024-05-30T10:44:36.098+0000][615.517s][info][gc,cpu      ] GC(74) User=0.91s Sys=0.02s Real=0.16s
[2024-05-30T10:44:44.163+0000][623.583s][info][gc,start    ] GC(75) Pause Young (Normal) (G1 Evacuation Pause)
[2024-05-30T10:44:44.164+0000][623.583s][info][gc,task     ] GC(75) Using 6 workers of 6 for evacuation
[2024-05-30T10:44:44.309+0000][623.728s][info][gc,phases   ] GC(75)   Pre Evacuate Collection Set: 0.2ms
[2024-05-30T10:44:44.309+0000][623.728s][info][gc,phases   ] GC(75)   Merge Heap Roots: 0.3ms
[2024-05-30T10:44:44.309+0000][623.728s][info][gc,phases   ] GC(75)   Evacuate Collection Set: 142.3ms
[2024-05-30T10:44:44.309+0000][623.728s][info][gc,phases   ] GC(75)   Post Evacuate Collection Set: 2.4ms
[2024-05-30T10:44:44.309+0000][623.728s][info][gc,phases   ] GC(75)   Other: 0.2ms
[2024-05-30T10:44:44.309+0000][623.728s][info][gc,heap     ] GC(75) Eden regions: 770->0(776)
[2024-05-30T10:44:44.309+0000][623.728s][info][gc,heap     ] GC(75) Survivor regions: 49->44(103)
[2024-05-30T10:44:44.309+0000][623.728s][info][gc,heap     ] GC(75) Old regions: 291->295
[2024-05-30T10:44:44.309+0000][623.728s][info][gc,heap     ] GC(75) Archive regions: 2->2
[2024-05-30T10:44:44.309+0000][623.728s][info][gc,heap     ] GC(75) Humongous regions: 67->67
[2024-05-30T10:44:44.309+0000][623.728s][info][gc,metaspace] GC(75) Metaspace: 409197K(415296K)->409197K(415296K) NonClass: 357270K(360704K)->357270K(360704K) Class: 51927K(54592K)->51927K(54592K)
[2024-05-30T10:44:44.309+0000][623.728s][info][gc          ] GC(75) Pause Young (Normal) (G1 Evacuation Pause) 9413M->3247M(12288M) 145.486ms
[2024-05-30T10:44:44.309+0000][623.728s][info][gc,cpu      ] GC(75) User=0.86s Sys=0.02s Real=0.15s
[2024-05-30T10:44:52.524+0000][631.943s][info][gc,start    ] GC(76) Pause Young (Normal) (G1 Evacuation Pause)
[2024-05-30T10:44:52.524+0000][631.943s][info][gc,task     ] GC(76) Using 6 workers of 6 for evacuation
[2024-05-30T10:44:52.652+0000][632.071s][info][gc,phases   ] GC(76)   Pre Evacuate Collection Set: 0.2ms
[2024-05-30T10:44:52.652+0000][632.071s][info][gc,phases   ] GC(76)   Merge Heap Roots: 0.2ms
[2024-05-30T10:44:52.652+0000][632.071s][info][gc,phases   ] GC(76)   Evacuate Collection Set: 125.5ms
[2024-05-30T10:44:52.652+0000][632.071s][info][gc,phases   ] GC(76)   Post Evacuate Collection Set: 2.5ms
[2024-05-30T10:44:52.652+0000][632.071s][info][gc,phases   ] GC(76)   Other: 0.2ms
[2024-05-30T10:44:52.652+0000][632.071s][info][gc,heap     ] GC(76) Eden regions: 776->0(783)
[2024-05-30T10:44:52.652+0000][632.071s][info][gc,heap     ] GC(76) Survivor regions: 44->39(103)
[2024-05-30T10:44:52.652+0000][632.071s][info][gc,heap     ] GC(76) Old regions: 295->298
[2024-05-30T10:44:52.652+0000][632.071s][info][gc,heap     ] GC(76) Archive regions: 2->2
[2024-05-30T10:44:52.652+0000][632.071s][info][gc,heap     ] GC(76) Humongous regions: 67->67
[2024-05-30T10:44:52.652+0000][632.071s][info][gc,metaspace] GC(76) Metaspace: 409226K(415296K)->409226K(415296K) NonClass: 357299K(360704K)->357299K(360704K) Class: 51927K(54592K)->51927K(54592K)
[2024-05-30T10:44:52.652+0000][632.071s][info][gc          ] GC(76) Pause Young (Normal) (G1 Evacuation Pause) 9455M->3233M(12288M) 128.661ms
[2024-05-30T10:44:52.652+0000][632.072s][info][gc,cpu      ] GC(76) User=0.76s Sys=0.00s Real=0.13s
[2024-05-30T10:45:01.156+0000][640.575s][info][gc,start    ] GC(77) Pause Young (Normal) (G1 Evacuation Pause)
[2024-05-30T10:45:01.156+0000][640.575s][info][gc,task     ] GC(77) Using 6 workers of 6 for evacuation
[2024-05-30T10:45:01.277+0000][640.697s][info][gc,phases   ] GC(77)   Pre Evacuate Collection Set: 0.2ms
[2024-05-30T10:45:01.277+0000][640.697s][info][gc,phases   ] GC(77)   Merge Heap Roots: 0.2ms
[2024-05-30T10:45:01.277+0000][640.697s][info][gc,phases   ] GC(77)   Evacuate Collection Set: 118.7ms
[2024-05-30T10:45:01.277+0000][640.697s][info][gc,phases   ] GC(77)   Post Evacuate Collection Set: 2.4ms
[2024-05-30T10:45:01.277+0000][640.697s][info][gc,phases   ] GC(77)   Other: 0.3ms
[2024-05-30T10:45:01.277+0000][640.697s][info][gc,heap     ] GC(77) Eden regions: 783->0(782)
[2024-05-30T10:45:01.277+0000][640.697s][info][gc,heap     ] GC(77) Survivor regions: 39->38(103)
[2024-05-30T10:45:01.277+0000][640.697s][info][gc,heap     ] GC(77) Old regions: 298->301
[2024-05-30T10:45:01.277+0000][640.697s][info][gc,heap     ] GC(77) Archive regions: 2->2
[2024-05-30T10:45:01.278+0000][640.697s][info][gc,heap     ] GC(77) Humongous regions: 67->67
[2024-05-30T10:45:01.278+0000][640.697s][info][gc,metaspace] GC(77) Metaspace: 409262K(415296K)->409262K(415296K) NonClass: 357335K(360704K)->357335K(360704K) Class: 51927K(54592K)->51927K(54592K)
[2024-05-30T10:45:01.278+0000][640.697s][info][gc          ] GC(77) Pause Young (Normal) (G1 Evacuation Pause) 9497M->3245M(12288M) 121.881ms
[2024-05-30T10:45:01.278+0000][640.697s][info][gc,cpu      ] GC(77) User=0.73s Sys=0.00s Real=0.13s
[2024-05-30T10:45:09.738+0000][649.157s][info][gc,start    ] GC(78) Pause Young (Normal) (G1 Evacuation Pause)
[2024-05-30T10:45:09.738+0000][649.157s][info][gc,task     ] GC(78) Using 6 workers of 6 for evacuation
[2024-05-30T10:45:09.854+0000][649.274s][info][gc,phases   ] GC(78)   Pre Evacuate Collection Set: 0.2ms
[2024-05-30T10:45:09.854+0000][649.274s][info][gc,phases   ] GC(78)   Merge Heap Roots: 0.2ms
[2024-05-30T10:45:09.854+0000][649.274s][info][gc,phases   ] GC(78)   Evacuate Collection Set: 113.3ms
[2024-05-30T10:45:09.854+0000][649.274s][info][gc,phases   ] GC(78)   Post Evacuate Collection Set: 2.3ms
[2024-05-30T10:45:09.854+0000][649.274s][info][gc,phases   ] GC(78)   Other: 0.2ms
[2024-05-30T10:45:09.854+0000][649.274s][info][gc,heap     ] GC(78) Eden regions: 782->0(777)
[2024-05-30T10:45:09.854+0000][649.274s][info][gc,heap     ] GC(78) Survivor regions: 38->40(103)
[2024-05-30T10:45:09.854+0000][649.274s][info][gc,heap     ] GC(78) Old regions: 301->302
[2024-05-30T10:45:09.854+0000][649.274s][info][gc,heap     ] GC(78) Archive regions: 2->2
[2024-05-30T10:45:09.854+0000][649.274s][info][gc,heap     ] GC(78) Humongous regions: 67->67
[2024-05-30T10:45:09.854+0000][649.274s][info][gc,metaspace] GC(78) Metaspace: 409280K(415296K)->409280K(415296K) NonClass: 357353K(360704K)->357353K(360704K) Class: 51927K(54592K)->51927K(54592K)
[2024-05-30T10:45:09.854+0000][649.274s][info][gc          ] GC(78) Pause Young (Normal) (G1 Evacuation Pause) 9501M->3265M(12288M) 116.300ms
[2024-05-30T10:45:09.854+0000][649.274s][info][gc,cpu      ] GC(78) User=0.69s Sys=0.00s Real=0.11s
[2024-05-30T10:45:18.429+0000][657.848s][info][gc,start    ] GC(79) Pause Young (Normal) (G1 Evacuation Pause)
[2024-05-30T10:45:18.429+0000][657.848s][info][gc,task     ] GC(79) Using 6 workers of 6 for evacuation
[2024-05-30T10:45:18.547+0000][657.966s][info][gc,phases   ] GC(79)   Pre Evacuate Collection Set: 0.2ms
[2024-05-30T10:45:18.547+0000][657.966s][info][gc,phases   ] GC(79)   Merge Heap Roots: 0.2ms
[2024-05-30T10:45:18.547+0000][657.966s][info][gc,phases   ] GC(79)   Evacuate Collection Set: 115.1ms
[2024-05-30T10:45:18.547+0000][657.966s][info][gc,phases   ] GC(79)   Post Evacuate Collection Set: 2.6ms
[2024-05-30T10:45:18.547+0000][657.966s][info][gc,phases   ] GC(79)   Other: 0.2ms
[2024-05-30T10:45:18.547+0000][657.966s][info][gc,heap     ] GC(79) Eden regions: 777->0(778)
[2024-05-30T10:45:18.547+0000][657.966s][info][gc,heap     ] GC(79) Survivor regions: 40->38(103)
[2024-05-30T10:45:18.547+0000][657.966s][info][gc,heap     ] GC(79) Old regions: 302->305
[2024-05-30T10:45:18.547+0000][657.966s][info][gc,heap     ] GC(79) Archive regions: 2->2
[2024-05-30T10:45:18.547+0000][657.966s][info][gc,heap     ] GC(79) Humongous regions: 67->67
[2024-05-30T10:45:18.547+0000][657.966s][info][gc,metaspace] GC(79) Metaspace: 409308K(415360K)->409308K(415360K) NonClass: 357381K(360768K)->357381K(360768K) Class: 51927K(54592K)->51927K(54592K)
[2024-05-30T10:45:18.547+0000][657.966s][info][gc          ] GC(79) Pause Young (Normal) (G1 Evacuation Pause) 9481M->3277M(12288M) 118.375ms
[2024-05-30T10:45:18.547+0000][657.966s][info][gc,cpu      ] GC(79) User=0.68s Sys=0.02s Real=0.11s
[2024-05-30T10:45:26.982+0000][666.401s][info][gc,start    ] GC(80) Pause Young (Normal) (G1 Evacuation Pause)
[2024-05-30T10:45:26.982+0000][666.401s][info][gc,task     ] GC(80) Using 6 workers of 6 for evacuation
[2024-05-30T10:45:27.095+0000][666.514s][info][gc,phases   ] GC(80)   Pre Evacuate Collection Set: 0.2ms
[2024-05-30T10:45:27.095+0000][666.514s][info][gc,phases   ] GC(80)   Merge Heap Roots: 0.2ms
[2024-05-30T10:45:27.095+0000][666.514s][info][gc,phases   ] GC(80)   Evacuate Collection Set: 109.7ms
[2024-05-30T10:45:27.095+0000][666.514s][info][gc,phases   ] GC(80)   Post Evacuate Collection Set: 2.4ms
[2024-05-30T10:45:27.095+0000][666.514s][info][gc,phases   ] GC(80)   Other: 0.3ms
[2024-05-30T10:45:27.095+0000][666.514s][info][gc,heap     ] GC(80) Eden regions: 778->0(776)
[2024-05-30T10:45:27.095+0000][666.514s][info][gc,heap     ] GC(80) Survivor regions: 38->37(102)
[2024-05-30T10:45:27.095+0000][666.514s][info][gc,heap     ] GC(80) Old regions: 305->309
[2024-05-30T10:45:27.095+0000][666.514s][info][gc,heap     ] GC(80) Archive regions: 2->2
[2024-05-30T10:45:27.095+0000][666.514s][info][gc,heap     ] GC(80) Humongous regions: 67->67
[2024-05-30T10:45:27.095+0000][666.514s][info][gc,metaspace] GC(80) Metaspace: 409340K(415424K)->409340K(415424K) NonClass: 357413K(360832K)->357413K(360832K) Class: 51927K(54592K)->51927K(54592K)
[2024-05-30T10:45:27.095+0000][666.514s][info][gc          ] GC(80) Pause Young (Normal) (G1 Evacuation Pause) 9501M->3297M(12288M) 112.915ms
[2024-05-30T10:45:27.095+0000][666.514s][info][gc,cpu      ] GC(80) User=0.65s Sys=0.02s Real=0.11s
[2024-05-30T10:45:35.614+0000][675.033s][info][gc,start    ] GC(81) Pause Young (Normal) (G1 Evacuation Pause)
[2024-05-30T10:45:35.614+0000][675.033s][info][gc,task     ] GC(81) Using 6 workers of 6 for evacuation
[2024-05-30T10:45:35.710+0000][675.130s][info][gc,phases   ] GC(81)   Pre Evacuate Collection Set: 0.2ms
[2024-05-30T10:45:35.711+0000][675.130s][info][gc,phases   ] GC(81)   Merge Heap Roots: 0.2ms
[2024-05-30T10:45:35.711+0000][675.130s][info][gc,phases   ] GC(81)   Evacuate Collection Set: 93.2ms
[2024-05-30T10:45:35.711+0000][675.130s][info][gc,phases   ] GC(81)   Post Evacuate Collection Set: 2.7ms
[2024-05-30T10:45:35.711+0000][675.130s][info][gc,phases   ] GC(81)   Other: 0.2ms
[2024-05-30T10:45:35.711+0000][675.130s][info][gc,heap     ] GC(81) Eden regions: 776->0(781)
[2024-05-30T10:45:35.711+0000][675.130s][info][gc,heap     ] GC(81) Survivor regions: 37->33(102)
[2024-05-30T10:45:35.711+0000][675.130s][info][gc,heap     ] GC(81) Old regions: 309->312
[2024-05-30T10:45:35.711+0000][675.130s][info][gc,heap     ] GC(81) Archive regions: 2->2
[2024-05-30T10:45:35.711+0000][675.130s][info][gc,heap     ] GC(81) Humongous regions: 67->67
[2024-05-30T10:45:35.711+0000][675.130s][info][gc,metaspace] GC(81) Metaspace: 409373K(415424K)->409373K(415424K) NonClass: 357446K(360832K)->357446K(360832K) Class: 51927K(54592K)->51927K(54592K)
[2024-05-30T10:45:35.711+0000][675.130s][info][gc          ] GC(81) Pause Young (Normal) (G1 Evacuation Pause) 9505M->3298M(12288M) 96.704ms
[2024-05-30T10:45:35.711+0000][675.130s][info][gc,cpu      ] GC(81) User=0.56s Sys=0.01s Real=0.10s
[2024-05-30T10:45:43.930+0000][683.349s][info][gc,start    ] GC(82) Pause Young (Normal) (G1 Evacuation Pause)
[2024-05-30T10:45:43.930+0000][683.349s][info][gc,task     ] GC(82) Using 6 workers of 6 for evacuation
[2024-05-30T10:45:44.016+0000][683.435s][info][gc,phases   ] GC(82)   Pre Evacuate Collection Set: 0.2ms
[2024-05-30T10:45:44.016+0000][683.435s][info][gc,phases   ] GC(82)   Merge Heap Roots: 0.2ms
[2024-05-30T10:45:44.016+0000][683.436s][info][gc,phases   ] GC(82)   Evacuate Collection Set: 83.3ms
[2024-05-30T10:45:44.016+0000][683.436s][info][gc,phases   ] GC(82)   Post Evacuate Collection Set: 2.3ms
[2024-05-30T10:45:44.016+0000][683.436s][info][gc,phases   ] GC(82)   Other: 0.2ms
[2024-05-30T10:45:44.016+0000][683.436s][info][gc,heap     ] GC(82) Eden regions: 781->0(788)
[2024-05-30T10:45:44.016+0000][683.436s][info][gc,heap     ] GC(82) Survivor regions: 33->28(102)
[2024-05-30T10:45:44.016+0000][683.436s][info][gc,heap     ] GC(82) Old regions: 312->315
[2024-05-30T10:45:44.016+0000][683.436s][info][gc,heap     ] GC(82) Archive regions: 2->2
[2024-05-30T10:45:44.016+0000][683.436s][info][gc,heap     ] GC(82) Humongous regions: 67->67
[2024-05-30T10:45:44.016+0000][683.436s][info][gc,metaspace] GC(82) Metaspace: 409386K(415424K)->409386K(415424K) NonClass: 357459K(360832K)->357459K(360832K) Class: 51927K(54592K)->51927K(54592K)
[2024-05-30T10:45:44.016+0000][683.436s][info][gc          ] GC(82) Pause Young (Normal) (G1 Evacuation Pause) 9546M->3275M(12288M) 86.356ms
[2024-05-30T10:45:44.016+0000][683.436s][info][gc,cpu      ] GC(82) User=0.50s Sys=0.01s Real=0.09s
[2024-05-30T10:45:52.641+0000][692.060s][info][gc,start    ] GC(83) Pause Young (Normal) (G1 Evacuation Pause)
[2024-05-30T10:45:52.641+0000][692.060s][info][gc,task     ] GC(83) Using 6 workers of 6 for evacuation
[2024-05-30T10:45:52.727+0000][692.146s][info][gc,phases   ] GC(83)   Pre Evacuate Collection Set: 0.2ms
[2024-05-30T10:45:52.727+0000][692.146s][info][gc,phases   ] GC(83)   Merge Heap Roots: 0.2ms
[2024-05-30T10:45:52.727+0000][692.146s][info][gc,phases   ] GC(83)   Evacuate Collection Set: 83.4ms
[2024-05-30T10:45:52.727+0000][692.146s][info][gc,phases   ] GC(83)   Post Evacuate Collection Set: 2.5ms
[2024-05-30T10:45:52.727+0000][692.146s][info][gc,phases   ] GC(83)   Other: 0.3ms
[2024-05-30T10:45:52.727+0000][692.146s][info][gc,heap     ] GC(83) Eden regions: 788->0(787)
[2024-05-30T10:45:52.727+0000][692.146s][info][gc,heap     ] GC(83) Survivor regions: 28->26(102)
[2024-05-30T10:45:52.727+0000][692.146s][info][gc,heap     ] GC(83) Old regions: 315->320
[2024-05-30T10:45:52.727+0000][692.146s][info][gc,heap     ] GC(83) Archive regions: 2->2
[2024-05-30T10:45:52.727+0000][692.146s][info][gc,heap     ] GC(83) Humongous regions: 67->67
[2024-05-30T10:45:52.727+0000][692.146s][info][gc,metaspace] GC(83) Metaspace: 409411K(415424K)->409411K(415424K) NonClass: 357484K(360832K)->357484K(360832K) Class: 51927K(54592K)->51927K(54592K)
[2024-05-30T10:45:52.727+0000][692.146s][info][gc          ] GC(83) Pause Young (Normal) (G1 Evacuation Pause) 9579M->3303M(12288M) 86.632ms
[2024-05-30T10:45:52.727+0000][692.146s][info][gc,cpu      ] GC(83) User=0.50s Sys=0.02s Real=0.08s
[2024-05-30T10:46:01.525+0000][700.945s][info][gc,start    ] GC(84) Pause Young (Normal) (G1 Evacuation Pause)
[2024-05-30T10:46:01.525+0000][700.945s][info][gc,task     ] GC(84) Using 6 workers of 6 for evacuation
[2024-05-30T10:46:01.615+0000][701.034s][info][gc,phases   ] GC(84)   Pre Evacuate Collection Set: 0.2ms
[2024-05-30T10:46:01.615+0000][701.034s][info][gc,phases   ] GC(84)   Merge Heap Roots: 0.2ms
[2024-05-30T10:46:01.615+0000][701.034s][info][gc,phases   ] GC(84)   Evacuate Collection Set: 86.6ms
[2024-05-30T10:46:01.615+0000][701.034s][info][gc,phases   ] GC(84)   Post Evacuate Collection Set: 2.4ms
[2024-05-30T10:46:01.615+0000][701.034s][info][gc,phases   ] GC(84)   Other: 0.2ms
[2024-05-30T10:46:01.615+0000][701.034s][info][gc,heap     ] GC(84) Eden regions: 787->0(788)
[2024-05-30T10:46:01.615+0000][701.034s][info][gc,heap     ] GC(84) Survivor regions: 26->24(102)
[2024-05-30T10:46:01.615+0000][701.034s][info][gc,heap     ] GC(84) Old regions: 320->323
[2024-05-30T10:46:01.615+0000][701.034s][info][gc,heap     ] GC(84) Archive regions: 2->2
[2024-05-30T10:46:01.615+0000][701.034s][info][gc,heap     ] GC(84) Humongous regions: 67->67
[2024-05-30T10:46:01.615+0000][701.034s][info][gc,metaspace] GC(84) Metaspace: 409476K(415488K)->409476K(415488K) NonClass: 357549K(360896K)->357549K(360896K) Class: 51927K(54592K)->51927K(54592K)
[2024-05-30T10:46:01.615+0000][701.034s][info][gc          ] GC(84) Pause Young (Normal) (G1 Evacuation Pause) 9599M->3312M(12288M) 89.757ms
[2024-05-30T10:46:01.615+0000][701.034s][info][gc,cpu      ] GC(84) User=0.52s Sys=0.02s Real=0.09s
[2024-05-30T10:46:10.502+0000][709.922s][info][gc,start    ] GC(85) Pause Young (Normal) (G1 Evacuation Pause)
[2024-05-30T10:46:10.502+0000][709.922s][info][gc,task     ] GC(85) Using 6 workers of 6 for evacuation
[2024-05-30T10:46:10.579+0000][709.998s][info][gc,phases   ] GC(85)   Pre Evacuate Collection Set: 0.2ms
[2024-05-30T10:46:10.579+0000][709.998s][info][gc,phases   ] GC(85)   Merge Heap Roots: 0.2ms
[2024-05-30T10:46:10.579+0000][709.998s][info][gc,phases   ] GC(85)   Evacuate Collection Set: 73.3ms
[2024-05-30T10:46:10.579+0000][709.998s][info][gc,phases   ] GC(85)   Post Evacuate Collection Set: 2.3ms
[2024-05-30T10:46:10.579+0000][709.998s][info][gc,phases   ] GC(85)   Other: 0.2ms
[2024-05-30T10:46:10.579+0000][709.998s][info][gc,heap     ] GC(85) Eden regions: 788->0(783)
[2024-05-30T10:46:10.579+0000][709.998s][info][gc,heap     ] GC(85) Survivor regions: 24->26(102)
[2024-05-30T10:46:10.579+0000][709.998s][info][gc,heap     ] GC(85) Old regions: 323->324
[2024-05-30T10:46:10.579+0000][709.998s][info][gc,heap     ] GC(85) Archive regions: 2->2
[2024-05-30T10:46:10.579+0000][709.998s][info][gc,heap     ] GC(85) Humongous regions: 67->67
[2024-05-30T10:46:10.579+0000][709.998s][info][gc,metaspace] GC(85) Metaspace: 409502K(415552K)->409502K(415552K) NonClass: 357575K(360960K)->357575K(360960K) Class: 51927K(54592K)->51927K(54592K)
[2024-05-30T10:46:10.579+0000][709.998s][info][gc          ] GC(85) Pause Young (Normal) (G1 Evacuation Pause) 9616M->3335M(12288M) 76.367ms
[2024-05-30T10:46:10.579+0000][709.998s][info][gc,cpu      ] GC(85) User=0.45s Sys=0.01s Real=0.08s
[2024-05-30T10:46:19.457+0000][718.876s][info][gc,start    ] GC(86) Pause Young (Normal) (G1 Evacuation Pause)
[2024-05-30T10:46:19.457+0000][718.876s][info][gc,task     ] GC(86) Using 6 workers of 6 for evacuation
[2024-05-30T10:46:19.522+0000][718.941s][info][gc,phases   ] GC(86)   Pre Evacuate Collection Set: 0.2ms
[2024-05-30T10:46:19.522+0000][718.941s][info][gc,phases   ] GC(86)   Merge Heap Roots: 0.2ms
[2024-05-30T10:46:19.522+0000][718.941s][info][gc,phases   ] GC(86)   Evacuate Collection Set: 62.2ms
[2024-05-30T10:46:19.522+0000][718.941s][info][gc,phases   ] GC(86)   Post Evacuate Collection Set: 2.3ms
[2024-05-30T10:46:19.522+0000][718.941s][info][gc,phases   ] GC(86)   Other: 0.2ms
[2024-05-30T10:46:19.522+0000][718.941s][info][gc,heap     ] GC(86) Eden regions: 783->0(780)
[2024-05-30T10:46:19.522+0000][718.941s][info][gc,heap     ] GC(86) Survivor regions: 26->27(102)
[2024-05-30T10:46:19.522+0000][718.941s][info][gc,heap     ] GC(86) Old regions: 324->325
[2024-05-30T10:46:19.522+0000][718.941s][info][gc,heap     ] GC(86) Archive regions: 2->2
[2024-05-30T10:46:19.522+0000][718.941s][info][gc,heap     ] GC(86) Humongous regions: 67->67
[2024-05-30T10:46:19.522+0000][718.941s][info][gc,metaspace] GC(86) Metaspace: 409503K(415552K)->409503K(415552K) NonClass: 357576K(360960K)->357576K(360960K) Class: 51927K(54592K)->51927K(54592K)
[2024-05-30T10:46:19.522+0000][718.941s][info][gc          ] GC(86) Pause Young (Normal) (G1 Evacuation Pause) 9599M->3349M(12288M) 65.172ms
[2024-05-30T10:46:19.522+0000][718.942s][info][gc,cpu      ] GC(86) User=0.39s Sys=0.00s Real=0.06s
[2024-05-30T10:46:27.911+0000][727.331s][info][gc,start    ] GC(87) Pause Young (Normal) (G1 Evacuation Pause)
[2024-05-30T10:46:27.911+0000][727.331s][info][gc,task     ] GC(87) Using 6 workers of 6 for evacuation
[2024-05-30T10:46:27.975+0000][727.395s][info][gc,phases   ] GC(87)   Pre Evacuate Collection Set: 0.2ms
[2024-05-30T10:46:27.975+0000][727.395s][info][gc,phases   ] GC(87)   Merge Heap Roots: 0.2ms
[2024-05-30T10:46:27.975+0000][727.395s][info][gc,phases   ] GC(87)   Evacuate Collection Set: 61.0ms
[2024-05-30T10:46:27.975+0000][727.395s][info][gc,phases   ] GC(87)   Post Evacuate Collection Set: 2.4ms
[2024-05-30T10:46:27.975+0000][727.395s][info][gc,phases   ] GC(87)   Other: 0.2ms
[2024-05-30T10:46:27.975+0000][727.395s][info][gc,heap     ] GC(87) Eden regions: 780->0(782)
[2024-05-30T10:46:27.975+0000][727.395s][info][gc,heap     ] GC(87) Survivor regions: 27->26(101)
[2024-05-30T10:46:27.975+0000][727.395s][info][gc,heap     ] GC(87) Old regions: 325->325
[2024-05-30T10:46:27.975+0000][727.395s][info][gc,heap     ] GC(87) Archive regions: 2->2
[2024-05-30T10:46:27.975+0000][727.395s][info][gc,heap     ] GC(87) Humongous regions: 67->67
[2024-05-30T10:46:27.975+0000][727.395s][info][gc,metaspace] GC(87) Metaspace: 409511K(415552K)->409511K(415552K) NonClass: 357584K(360960K)->357584K(360960K) Class: 51927K(54592K)->51927K(54592K)
[2024-05-30T10:46:27.975+0000][727.395s][info][gc          ] GC(87) Pause Young (Normal) (G1 Evacuation Pause) 9589M->3344M(12288M) 64.105ms
[2024-05-30T10:46:27.975+0000][727.395s][info][gc,cpu      ] GC(87) User=0.38s Sys=0.00s Real=0.06s
[2024-05-30T10:46:36.738+0000][736.157s][info][gc,start    ] GC(88) Pause Young (Normal) (G1 Evacuation Pause)
[2024-05-30T10:46:36.738+0000][736.157s][info][gc,task     ] GC(88) Using 6 workers of 6 for evacuation
[2024-05-30T10:46:36.807+0000][736.226s][info][gc,phases   ] GC(88)   Pre Evacuate Collection Set: 0.2ms
[2024-05-30T10:46:36.807+0000][736.226s][info][gc,phases   ] GC(88)   Merge Heap Roots: 0.2ms
[2024-05-30T10:46:36.807+0000][736.226s][info][gc,phases   ] GC(88)   Evacuate Collection Set: 66.0ms
[2024-05-30T10:46:36.807+0000][736.226s][info][gc,phases   ] GC(88)   Post Evacuate Collection Set: 2.3ms
[2024-05-30T10:46:36.807+0000][736.226s][info][gc,phases   ] GC(88)   Other: 0.2ms
[2024-05-30T10:46:36.807+0000][736.226s][info][gc,heap     ] GC(88) Eden regions: 782->0(779)
[2024-05-30T10:46:36.807+0000][736.226s][info][gc,heap     ] GC(88) Survivor regions: 26->27(101)
[2024-05-30T10:46:36.807+0000][736.226s][info][gc,heap     ] GC(88) Old regions: 325->326
[2024-05-30T10:46:36.807+0000][736.226s][info][gc,heap     ] GC(88) Archive regions: 2->2
[2024-05-30T10:46:36.807+0000][736.226s][info][gc,heap     ] GC(88) Humongous regions: 67->67
[2024-05-30T10:46:36.807+0000][736.226s][info][gc,metaspace] GC(88) Metaspace: 409522K(415552K)->409522K(415552K) NonClass: 357595K(360960K)->357595K(360960K) Class: 51927K(54592K)->51927K(54592K)
[2024-05-30T10:46:36.807+0000][736.226s][info][gc          ] GC(88) Pause Young (Normal) (G1 Evacuation Pause) 9600M->3362M(12288M) 69.047ms
[2024-05-30T10:46:36.807+0000][736.226s][info][gc,cpu      ] GC(88) User=0.41s Sys=0.00s Real=0.06s
[2024-05-30T10:46:44.559+0000][743.978s][info][gc,start    ] GC(89) Pause Young (Normal) (G1 Evacuation Pause)
[2024-05-30T10:46:44.559+0000][743.978s][info][gc,task     ] GC(89) Using 6 workers of 6 for evacuation
[2024-05-30T10:46:44.637+0000][744.056s][info][gc,phases   ] GC(89)   Pre Evacuate Collection Set: 0.2ms
[2024-05-30T10:46:44.637+0000][744.056s][info][gc,phases   ] GC(89)   Merge Heap Roots: 0.2ms
[2024-05-30T10:46:44.637+0000][744.056s][info][gc,phases   ] GC(89)   Evacuate Collection Set: 75.0ms
[2024-05-30T10:46:44.637+0000][744.056s][info][gc,phases   ] GC(89)   Post Evacuate Collection Set: 2.6ms
[2024-05-30T10:46:44.637+0000][744.056s][info][gc,phases   ] GC(89)   Other: 0.3ms
[2024-05-30T10:46:44.637+0000][744.056s][info][gc,heap     ] GC(89) Eden regions: 779->0(784)
[2024-05-30T10:46:44.637+0000][744.056s][info][gc,heap     ] GC(89) Survivor regions: 27->24(101)
[2024-05-30T10:46:44.637+0000][744.056s][info][gc,heap     ] GC(89) Old regions: 326->327
[2024-05-30T10:46:44.637+0000][744.056s][info][gc,heap     ] GC(89) Archive regions: 2->2
[2024-05-30T10:46:44.637+0000][744.057s][info][gc,heap     ] GC(89) Humongous regions: 67->67
[2024-05-30T10:46:44.637+0000][744.057s][info][gc,metaspace] GC(89) Metaspace: 409614K(415616K)->409614K(415616K) NonClass: 357684K(361024K)->357684K(361024K) Class: 51930K(54592K)->51930K(54592K)
[2024-05-30T10:46:44.637+0000][744.057s][info][gc          ] GC(89) Pause Young (Normal) (G1 Evacuation Pause) 9594M->3344M(12288M) 78.254ms
[2024-05-30T10:46:44.637+0000][744.057s][info][gc,cpu      ] GC(89) User=0.46s Sys=0.00s Real=0.08s
[2024-05-30T10:46:50.505+0000][749.925s][info][gc,start    ] GC(90) Pause Young (Normal) (G1 Evacuation Pause)
[2024-05-30T10:46:50.505+0000][749.925s][info][gc,task     ] GC(90) Using 6 workers of 6 for evacuation
[2024-05-30T10:46:50.570+0000][749.989s][info][gc,phases   ] GC(90)   Pre Evacuate Collection Set: 0.2ms
[2024-05-30T10:46:50.570+0000][749.989s][info][gc,phases   ] GC(90)   Merge Heap Roots: 0.2ms
[2024-05-30T10:46:50.570+0000][749.989s][info][gc,phases   ] GC(90)   Evacuate Collection Set: 61.5ms
[2024-05-30T10:46:50.570+0000][749.989s][info][gc,phases   ] GC(90)   Post Evacuate Collection Set: 2.3ms
[2024-05-30T10:46:50.570+0000][749.989s][info][gc,phases   ] GC(90)   Other: 0.2ms
[2024-05-30T10:46:50.570+0000][749.989s][info][gc,heap     ] GC(90) Eden regions: 784->0(783)
[2024-05-30T10:46:50.570+0000][749.989s][info][gc,heap     ] GC(90) Survivor regions: 24->24(101)
[2024-05-30T10:46:50.570+0000][749.989s][info][gc,heap     ] GC(90) Old regions: 327->328
[2024-05-30T10:46:50.570+0000][749.989s][info][gc,heap     ] GC(90) Archive regions: 2->2
[2024-05-30T10:46:50.570+0000][749.989s][info][gc,heap     ] GC(90) Humongous regions: 67->67
[2024-05-30T10:46:50.570+0000][749.989s][info][gc,metaspace] GC(90) Metaspace: 409624K(415616K)->409624K(415616K) NonClass: 357694K(361024K)->357694K(361024K) Class: 51930K(54592K)->51930K(54592K)
[2024-05-30T10:46:50.570+0000][749.989s][info][gc          ] GC(90) Pause Young (Normal) (G1 Evacuation Pause) 9616M->3347M(12288M) 64.513ms
[2024-05-30T10:46:50.570+0000][749.989s][info][gc,cpu      ] GC(90) User=0.38s Sys=0.01s Real=0.07s
[2024-05-30T10:46:57.846+0000][757.265s][info][gc,start    ] GC(91) Pause Young (Normal) (G1 Evacuation Pause)
[2024-05-30T10:46:57.846+0000][757.265s][info][gc,task     ] GC(91) Using 6 workers of 6 for evacuation
[2024-05-30T10:46:57.914+0000][757.333s][info][gc,phases   ] GC(91)   Pre Evacuate Collection Set: 0.2ms
[2024-05-30T10:46:57.914+0000][757.333s][info][gc,phases   ] GC(91)   Merge Heap Roots: 0.2ms
[2024-05-30T10:46:57.914+0000][757.333s][info][gc,phases   ] GC(91)   Evacuate Collection Set: 62.4ms
[2024-05-30T10:46:57.914+0000][757.333s][info][gc,phases   ] GC(91)   Post Evacuate Collection Set: 5.5ms
[2024-05-30T10:46:57.914+0000][757.333s][info][gc,phases   ] GC(91)   Other: 0.2ms
[2024-05-30T10:46:57.914+0000][757.333s][info][gc,heap     ] GC(91) Eden regions: 783->0(782)
[2024-05-30T10:46:57.914+0000][757.333s][info][gc,heap     ] GC(91) Survivor regions: 24->24(101)
[2024-05-30T10:46:57.914+0000][757.333s][info][gc,heap     ] GC(91) Old regions: 328->329
[2024-05-30T10:46:57.914+0000][757.333s][info][gc,heap     ] GC(91) Archive regions: 2->2
[2024-05-30T10:46:57.914+0000][757.333s][info][gc,heap     ] GC(91) Humongous regions: 67->67
[2024-05-30T10:46:57.914+0000][757.333s][info][gc,metaspace] GC(91) Metaspace: 409638K(415616K)->409638K(415616K) NonClass: 357708K(361024K)->357708K(361024K) Class: 51930K(54592K)->51930K(54592K)
[2024-05-30T10:46:57.914+0000][757.333s][info][gc          ] GC(91) Pause Young (Normal) (G1 Evacuation Pause) 9611M->3357M(12288M) 68.530ms
[2024-05-30T10:46:57.914+0000][757.333s][info][gc,cpu      ] GC(91) User=0.41s Sys=0.00s Real=0.07s
[2024-05-30T10:47:00.349+0000][759.768s][info][gc,start    ] GC(92) Pause Young (Normal) (G1 Evacuation Pause)
[2024-05-30T10:47:00.349+0000][759.768s][info][gc,task     ] GC(92) Using 6 workers of 6 for evacuation
[2024-05-30T10:47:00.461+0000][759.880s][info][gc,phases   ] GC(92)   Pre Evacuate Collection Set: 0.2ms
[2024-05-30T10:47:00.461+0000][759.880s][info][gc,phases   ] GC(92)   Merge Heap Roots: 0.3ms
[2024-05-30T10:47:00.461+0000][759.880s][info][gc,phases   ] GC(92)   Evacuate Collection Set: 93.3ms
[2024-05-30T10:47:00.461+0000][759.880s][info][gc,phases   ] GC(92)   Post Evacuate Collection Set: 18.0ms
[2024-05-30T10:47:00.461+0000][759.880s][info][gc,phases   ] GC(92)   Other: 0.2ms
[2024-05-30T10:47:00.461+0000][759.880s][info][gc,heap     ] GC(92) Eden regions: 782->0(774)
[2024-05-30T10:47:00.461+0000][759.880s][info][gc,heap     ] GC(92) Survivor regions: 24->28(101)
[2024-05-30T10:47:00.461+0000][759.880s][info][gc,heap     ] GC(92) Old regions: 329->329
[2024-05-30T10:47:00.461+0000][759.880s][info][gc,heap     ] GC(92) Archive regions: 2->2
[2024-05-30T10:47:00.461+0000][759.880s][info][gc,heap     ] GC(92) Humongous regions: 67->67
[2024-05-30T10:47:00.461+0000][759.880s][info][gc,metaspace] GC(92) Metaspace: 409638K(415616K)->409638K(415616K) NonClass: 357708K(361024K)->357708K(361024K) Class: 51930K(54592K)->51930K(54592K)
[2024-05-30T10:47:00.461+0000][759.880s][info][gc          ] GC(92) Pause Young (Normal) (G1 Evacuation Pause) 9613M->3392M(12288M) 112.074ms
[2024-05-30T10:47:00.461+0000][759.880s][info][gc,cpu      ] GC(92) User=0.66s Sys=0.00s Real=0.11s
[2024-05-30T10:47:02.939+0000][762.358s][info][gc,start    ] GC(93) Pause Young (Normal) (G1 Evacuation Pause)
[2024-05-30T10:47:02.939+0000][762.358s][info][gc,task     ] GC(93) Using 6 workers of 6 for evacuation
[2024-05-30T10:47:03.065+0000][762.484s][info][gc,phases   ] GC(93)   Pre Evacuate Collection Set: 0.2ms
[2024-05-30T10:47:03.065+0000][762.484s][info][gc,phases   ] GC(93)   Merge Heap Roots: 0.2ms
[2024-05-30T10:47:03.065+0000][762.485s][info][gc,phases   ] GC(93)   Evacuate Collection Set: 104.3ms
[2024-05-30T10:47:03.065+0000][762.485s][info][gc,phases   ] GC(93)   Post Evacuate Collection Set: 21.5ms
[2024-05-30T10:47:03.065+0000][762.485s][info][gc,phases   ] GC(93)   Other: 0.3ms
[2024-05-30T10:47:03.065+0000][762.485s][info][gc,heap     ] GC(93) Eden regions: 774->0(767)
[2024-05-30T10:47:03.065+0000][762.485s][info][gc,heap     ] GC(93) Survivor regions: 28->31(101)
[2024-05-30T10:47:03.065+0000][762.485s][info][gc,heap     ] GC(93) Old regions: 329->330
[2024-05-30T10:47:03.065+0000][762.485s][info][gc,heap     ] GC(93) Archive regions: 2->2
[2024-05-30T10:47:03.065+0000][762.485s][info][gc,heap     ] GC(93) Humongous regions: 67->67
[2024-05-30T10:47:03.065+0000][762.485s][info][gc,metaspace] GC(93) Metaspace: 409639K(415616K)->409639K(415616K) NonClass: 357709K(361024K)->357709K(361024K) Class: 51930K(54592K)->51930K(54592K)
[2024-05-30T10:47:03.065+0000][762.485s][info][gc          ] GC(93) Pause Young (Normal) (G1 Evacuation Pause) 9584M->3423M(12288M) 126.529ms
[2024-05-30T10:47:03.065+0000][762.485s][info][gc,cpu      ] GC(93) User=0.74s Sys=0.00s Real=0.12s
[2024-05-30T10:47:05.373+0000][764.793s][info][gc,start    ] GC(94) Pause Young (Normal) (G1 Evacuation Pause)
[2024-05-30T10:47:05.373+0000][764.793s][info][gc,task     ] GC(94) Using 6 workers of 6 for evacuation
[2024-05-30T10:47:05.515+0000][764.934s][info][gc,phases   ] GC(94)   Pre Evacuate Collection Set: 0.2ms
[2024-05-30T10:47:05.515+0000][764.934s][info][gc,phases   ] GC(94)   Merge Heap Roots: 0.3ms
[2024-05-30T10:47:05.515+0000][764.934s][info][gc,phases   ] GC(94)   Evacuate Collection Set: 120.1ms
[2024-05-30T10:47:05.515+0000][764.934s][info][gc,phases   ] GC(94)   Post Evacuate Collection Set: 21.0ms
[2024-05-30T10:47:05.515+0000][764.934s][info][gc,phases   ] GC(94)   Other: 0.2ms
[2024-05-30T10:47:05.515+0000][764.934s][info][gc,heap     ] GC(94) Eden regions: 767->0(762)
[2024-05-30T10:47:05.515+0000][764.934s][info][gc,heap     ] GC(94) Survivor regions: 31->33(100)
[2024-05-30T10:47:05.515+0000][764.934s][info][gc,heap     ] GC(94) Old regions: 330->331
[2024-05-30T10:47:05.515+0000][764.934s][info][gc,heap     ] GC(94) Archive regions: 2->2
[2024-05-30T10:47:05.515+0000][764.934s][info][gc,heap     ] GC(94) Humongous regions: 67->67
[2024-05-30T10:47:05.515+0000][764.934s][info][gc,metaspace] GC(94) Metaspace: 409639K(415616K)->409639K(415616K) NonClass: 357709K(361024K)->357709K(361024K) Class: 51930K(54592K)->51930K(54592K)
[2024-05-30T10:47:05.515+0000][764.934s][info][gc          ] GC(94) Pause Young (Normal) (G1 Evacuation Pause) 9559M->3448M(12288M) 141.841ms
[2024-05-30T10:47:05.515+0000][764.934s][info][gc,cpu      ] GC(94) User=0.83s Sys=0.00s Real=0.14s
[2024-05-30T10:47:08.131+0000][767.550s][info][gc,start    ] GC(95) Pause Young (Normal) (G1 Evacuation Pause)
[2024-05-30T10:47:08.131+0000][767.550s][info][gc,task     ] GC(95) Using 6 workers of 6 for evacuation
[2024-05-30T10:47:08.276+0000][767.695s][info][gc,phases   ] GC(95)   Pre Evacuate Collection Set: 0.2ms
[2024-05-30T10:47:08.276+0000][767.695s][info][gc,phases   ] GC(95)   Merge Heap Roots: 0.3ms
[2024-05-30T10:47:08.276+0000][767.695s][info][gc,phases   ] GC(95)   Evacuate Collection Set: 124.5ms
[2024-05-30T10:47:08.276+0000][767.695s][info][gc,phases   ] GC(95)   Post Evacuate Collection Set: 19.8ms
[2024-05-30T10:47:08.276+0000][767.695s][info][gc,phases   ] GC(95)   Other: 0.2ms
[2024-05-30T10:47:08.276+0000][767.695s][info][gc,heap     ] GC(95) Eden regions: 762->0(759)
[2024-05-30T10:47:08.276+0000][767.695s][info][gc,heap     ] GC(95) Survivor regions: 33->34(100)
[2024-05-30T10:47:08.276+0000][767.695s][info][gc,heap     ] GC(95) Old regions: 331->332
[2024-05-30T10:47:08.276+0000][767.695s][info][gc,heap     ] GC(95) Archive regions: 2->2
[2024-05-30T10:47:08.276+0000][767.695s][info][gc,heap     ] GC(95) Humongous regions: 67->67
[2024-05-30T10:47:08.276+0000][767.695s][info][gc,metaspace] GC(95) Metaspace: 409640K(415680K)->409640K(415680K) NonClass: 357710K(361088K)->357710K(361088K) Class: 51930K(54592K)->51930K(54592K)
[2024-05-30T10:47:08.276+0000][767.695s][info][gc          ] GC(95) Pause Young (Normal) (G1 Evacuation Pause) 9544M->3467M(12288M) 145.095ms
[2024-05-30T10:47:08.276+0000][767.695s][info][gc,cpu      ] GC(95) User=0.85s Sys=0.00s Real=0.14s
[2024-05-30T10:47:14.188+0000][773.608s][info][gc,start    ] GC(96) Pause Young (Normal) (G1 Evacuation Pause)
[2024-05-30T10:47:14.188+0000][773.608s][info][gc,task     ] GC(96) Using 6 workers of 6 for evacuation
[2024-05-30T10:47:14.256+0000][773.675s][info][gc,phases   ] GC(96)   Pre Evacuate Collection Set: 0.2ms
[2024-05-30T10:47:14.256+0000][773.675s][info][gc,phases   ] GC(96)   Merge Heap Roots: 0.3ms
[2024-05-30T10:47:14.256+0000][773.675s][info][gc,phases   ] GC(96)   Evacuate Collection Set: 62.2ms
[2024-05-30T10:47:14.256+0000][773.675s][info][gc,phases   ] GC(96)   Post Evacuate Collection Set: 4.8ms
[2024-05-30T10:47:14.256+0000][773.675s][info][gc,phases   ] GC(96)   Other: 0.3ms
[2024-05-30T10:47:14.256+0000][773.675s][info][gc,heap     ] GC(96) Eden regions: 759->0(778)
[2024-05-30T10:47:14.256+0000][773.675s][info][gc,heap     ] GC(96) Survivor regions: 34->24(100)
[2024-05-30T10:47:14.256+0000][773.675s][info][gc,heap     ] GC(96) Old regions: 332->333
[2024-05-30T10:47:14.256+0000][773.675s][info][gc,heap     ] GC(96) Archive regions: 2->2
[2024-05-30T10:47:14.256+0000][773.675s][info][gc,heap     ] GC(96) Humongous regions: 67->67
[2024-05-30T10:47:14.256+0000][773.675s][info][gc,metaspace] GC(96) Metaspace: 409646K(415680K)->409646K(415680K) NonClass: 357716K(361088K)->357716K(361088K) Class: 51930K(54592K)->51930K(54592K)
[2024-05-30T10:47:14.256+0000][773.675s][info][gc          ] GC(96) Pause Young (Normal) (G1 Evacuation Pause) 9539M->3392M(12288M) 67.675ms
[2024-05-30T10:47:14.256+0000][773.675s][info][gc,cpu      ] GC(96) User=0.39s Sys=0.01s Real=0.06s
[2024-05-30T10:47:20.894+0000][780.314s][info][gc,start    ] GC(97) Pause Young (Normal) (G1 Evacuation Pause)
[2024-05-30T10:47:20.894+0000][780.314s][info][gc,task     ] GC(97) Using 6 workers of 6 for evacuation
[2024-05-30T10:47:20.952+0000][780.371s][info][gc,phases   ] GC(97)   Pre Evacuate Collection Set: 0.2ms
[2024-05-30T10:47:20.952+0000][780.371s][info][gc,phases   ] GC(97)   Merge Heap Roots: 0.3ms
[2024-05-30T10:47:20.952+0000][780.371s][info][gc,phases   ] GC(97)   Evacuate Collection Set: 54.7ms
[2024-05-30T10:47:20.952+0000][780.371s][info][gc,phases   ] GC(97)   Post Evacuate Collection Set: 2.3ms
[2024-05-30T10:47:20.952+0000][780.371s][info][gc,phases   ] GC(97)   Other: 0.3ms
[2024-05-30T10:47:20.952+0000][780.371s][info][gc,heap     ] GC(97) Eden regions: 778->0(777)
[2024-05-30T10:47:20.952+0000][780.371s][info][gc,heap     ] GC(97) Survivor regions: 24->24(101)
[2024-05-30T10:47:20.952+0000][780.371s][info][gc,heap     ] GC(97) Old regions: 333->334
[2024-05-30T10:47:20.952+0000][780.371s][info][gc,heap     ] GC(97) Archive regions: 2->2
[2024-05-30T10:47:20.952+0000][780.371s][info][gc,heap     ] GC(97) Humongous regions: 67->67
[2024-05-30T10:47:20.952+0000][780.371s][info][gc,metaspace] GC(97) Metaspace: 409650K(415680K)->409650K(415680K) NonClass: 357720K(361088K)->357720K(361088K) Class: 51930K(54592K)->51930K(54592K)
[2024-05-30T10:47:20.952+0000][780.371s][info][gc          ] GC(97) Pause Young (Normal) (G1 Evacuation Pause) 9616M->3402M(12288M) 57.766ms
[2024-05-30T10:47:20.952+0000][780.371s][info][gc,cpu      ] GC(97) User=0.34s Sys=0.00s Real=0.06s
[2024-05-30T10:47:24.239+0000][783.659s][info][gc,start    ] GC(98) Pause Young (Normal) (G1 Evacuation Pause)
[2024-05-30T10:47:24.239+0000][783.659s][info][gc,task     ] GC(98) Using 6 workers of 6 for evacuation
[2024-05-30T10:47:24.326+0000][783.746s][info][gc,phases   ] GC(98)   Pre Evacuate Collection Set: 0.2ms
[2024-05-30T10:47:24.326+0000][783.746s][info][gc,phases   ] GC(98)   Merge Heap Roots: 0.2ms
[2024-05-30T10:47:24.326+0000][783.746s][info][gc,phases   ] GC(98)   Evacuate Collection Set: 73.9ms
[2024-05-30T10:47:24.326+0000][783.746s][info][gc,phases   ] GC(98)   Post Evacuate Collection Set: 12.3ms
[2024-05-30T10:47:24.326+0000][783.746s][info][gc,phases   ] GC(98)   Other: 0.2ms
[2024-05-30T10:47:24.326+0000][783.746s][info][gc,heap     ] GC(98) Eden regions: 777->0(772)
[2024-05-30T10:47:24.326+0000][783.746s][info][gc,heap     ] GC(98) Survivor regions: 24->26(101)
[2024-05-30T10:47:24.326+0000][783.746s][info][gc,heap     ] GC(98) Old regions: 334->335
[2024-05-30T10:47:24.326+0000][783.746s][info][gc,heap     ] GC(98) Archive regions: 2->2
[2024-05-30T10:47:24.326+0000][783.746s][info][gc,heap     ] GC(98) Humongous regions: 67->67
[2024-05-30T10:47:24.326+0000][783.746s][info][gc,metaspace] GC(98) Metaspace: 409684K(415680K)->409684K(415680K) NonClass: 357754K(361088K)->357754K(361088K) Class: 51930K(54592K)->51930K(54592K)
[2024-05-30T10:47:24.326+0000][783.746s][info][gc          ] GC(98) Pause Young (Normal) (G1 Evacuation Pause) 9618M->3421M(12288M) 86.952ms
[2024-05-30T10:47:24.326+0000][783.746s][info][gc,cpu      ] GC(98) User=0.51s Sys=0.00s Real=0.08s
[2024-05-30T10:47:26.826+0000][786.245s][info][gc,start    ] GC(99) Pause Young (Normal) (G1 Evacuation Pause)
[2024-05-30T10:47:26.826+0000][786.245s][info][gc,task     ] GC(99) Using 6 workers of 6 for evacuation
[2024-05-30T10:47:26.960+0000][786.379s][info][gc,phases   ] GC(99)   Pre Evacuate Collection Set: 0.2ms
[2024-05-30T10:47:26.960+0000][786.379s][info][gc,phases   ] GC(99)   Merge Heap Roots: 0.3ms
[2024-05-30T10:47:26.960+0000][786.379s][info][gc,phases   ] GC(99)   Evacuate Collection Set: 113.8ms
[2024-05-30T10:47:26.960+0000][786.379s][info][gc,phases   ] GC(99)   Post Evacuate Collection Set: 19.5ms
[2024-05-30T10:47:26.960+0000][786.379s][info][gc,phases   ] GC(99)   Other: 0.2ms
[2024-05-30T10:47:26.960+0000][786.379s][info][gc,heap     ] GC(99) Eden regions: 772->0(763)
[2024-05-30T10:47:26.960+0000][786.379s][info][gc,heap     ] GC(99) Survivor regions: 26->30(100)
[2024-05-30T10:47:26.960+0000][786.379s][info][gc,heap     ] GC(99) Old regions: 335->336
[2024-05-30T10:47:26.960+0000][786.379s][info][gc,heap     ] GC(99) Archive regions: 2->2
[2024-05-30T10:47:26.960+0000][786.379s][info][gc,heap     ] GC(99) Humongous regions: 67->67
[2024-05-30T10:47:26.960+0000][786.379s][info][gc,metaspace] GC(99) Metaspace: 409699K(415680K)->409699K(415680K) NonClass: 357768K(361088K)->357768K(361088K) Class: 51931K(54592K)->51931K(54592K)
[2024-05-30T10:47:26.960+0000][786.379s][info][gc          ] GC(99) Pause Young (Normal) (G1 Evacuation Pause) 9597M->3467M(12288M) 134.131ms
[2024-05-30T10:47:26.960+0000][786.379s][info][gc,cpu      ] GC(99) User=0.78s Sys=0.02s Real=0.14s
[2024-05-30T10:47:29.243+0000][788.662s][info][gc,start    ] GC(100) Pause Young (Normal) (G1 Evacuation Pause)
[2024-05-30T10:47:29.243+0000][788.662s][info][gc,task     ] GC(100) Using 6 workers of 6 for evacuation
[2024-05-30T10:47:29.376+0000][788.795s][info][gc,phases   ] GC(100)   Pre Evacuate Collection Set: 0.2ms
[2024-05-30T10:47:29.376+0000][788.795s][info][gc,phases   ] GC(100)   Merge Heap Roots: 0.3ms
[2024-05-30T10:47:29.376+0000][788.795s][info][gc,phases   ] GC(100)   Evacuate Collection Set: 111.6ms
[2024-05-30T10:47:29.376+0000][788.795s][info][gc,phases   ] GC(100)   Post Evacuate Collection Set: 20.8ms
[2024-05-30T10:47:29.376+0000][788.795s][info][gc,phases   ] GC(100)   Other: 0.2ms
[2024-05-30T10:47:29.376+0000][788.795s][info][gc,heap     ] GC(100) Eden regions: 763->0(754)
[2024-05-30T10:47:29.376+0000][788.795s][info][gc,heap     ] GC(100) Survivor regions: 30->34(100)
[2024-05-30T10:47:29.376+0000][788.795s][info][gc,heap     ] GC(100) Old regions: 336->337
[2024-05-30T10:47:29.376+0000][788.795s][info][gc,heap     ] GC(100) Archive regions: 2->2
[2024-05-30T10:47:29.376+0000][788.795s][info][gc,heap     ] GC(100) Humongous regions: 67->67
[2024-05-30T10:47:29.376+0000][788.795s][info][gc,metaspace] GC(100) Metaspace: 409704K(415680K)->409704K(415680K) NonClass: 357773K(361088K)->357773K(361088K) Class: 51931K(54592K)->51931K(54592K)
[2024-05-30T10:47:29.376+0000][788.795s][info][gc          ] GC(100) Pause Young (Normal) (G1 Evacuation Pause) 9571M->3506M(12288M) 133.241ms
[2024-05-30T10:47:29.376+0000][788.796s][info][gc,cpu      ] GC(100) User=0.78s Sys=0.00s Real=0.13s
[2024-05-30T10:47:31.550+0000][790.969s][info][gc,start    ] GC(101) Pause Young (Normal) (G1 Evacuation Pause)
[2024-05-30T10:47:31.550+0000][790.969s][info][gc,task     ] GC(101) Using 6 workers of 6 for evacuation
[2024-05-30T10:47:31.677+0000][791.096s][info][gc,phases   ] GC(101)   Pre Evacuate Collection Set: 0.2ms
[2024-05-30T10:47:31.677+0000][791.096s][info][gc,phases   ] GC(101)   Merge Heap Roots: 0.3ms
[2024-05-30T10:47:31.677+0000][791.096s][info][gc,phases   ] GC(101)   Evacuate Collection Set: 112.9ms
[2024-05-30T10:47:31.677+0000][791.096s][info][gc,phases   ] GC(101)   Post Evacuate Collection Set: 13.0ms
[2024-05-30T10:47:31.677+0000][791.096s][info][gc,phases   ] GC(101)   Other: 0.3ms
[2024-05-30T10:47:31.677+0000][791.096s][info][gc,heap     ] GC(101) Eden regions: 754->0(751)
[2024-05-30T10:47:31.677+0000][791.096s][info][gc,heap     ] GC(101) Survivor regions: 34->35(99)
[2024-05-30T10:47:31.677+0000][791.096s][info][gc,heap     ] GC(101) Old regions: 337->338
[2024-05-30T10:47:31.677+0000][791.096s][info][gc,heap     ] GC(101) Archive regions: 2->2
[2024-05-30T10:47:31.677+0000][791.096s][info][gc,heap     ] GC(101) Humongous regions: 67->67
[2024-05-30T10:47:31.677+0000][791.096s][info][gc,metaspace] GC(101) Metaspace: 409710K(415744K)->409710K(415744K) NonClass: 357779K(361152K)->357779K(361152K) Class: 51931K(54592K)->51931K(54592K)
[2024-05-30T10:47:31.677+0000][791.096s][info][gc          ] GC(101) Pause Young (Normal) (G1 Evacuation Pause) 9538M->3518M(12288M) 126.700ms
[2024-05-30T10:47:31.677+0000][791.096s][info][gc,cpu      ] GC(101) User=0.75s Sys=0.00s Real=0.13s
[2024-05-30T10:47:33.668+0000][793.088s][info][gc,start    ] GC(102) Pause Young (Normal) (G1 Evacuation Pause)
[2024-05-30T10:47:33.669+0000][793.088s][info][gc,task     ] GC(102) Using 6 workers of 6 for evacuation
[2024-05-30T10:47:33.763+0000][793.183s][info][gc,phases   ] GC(102)   Pre Evacuate Collection Set: 0.2ms
[2024-05-30T10:47:33.764+0000][793.183s][info][gc,phases   ] GC(102)   Merge Heap Roots: 0.3ms
[2024-05-30T10:47:33.764+0000][793.183s][info][gc,phases   ] GC(102)   Evacuate Collection Set: 92.0ms
[2024-05-30T10:47:33.764+0000][793.183s][info][gc,phases   ] GC(102)   Post Evacuate Collection Set: 2.4ms
[2024-05-30T10:47:33.764+0000][793.183s][info][gc,phases   ] GC(102)   Other: 0.2ms
[2024-05-30T10:47:33.764+0000][793.183s][info][gc,heap     ] GC(102) Eden regions: 751->0(752)
[2024-05-30T10:47:33.764+0000][793.183s][info][gc,heap     ] GC(102) Survivor regions: 35->34(99)
[2024-05-30T10:47:33.764+0000][793.183s][info][gc,heap     ] GC(102) Old regions: 338->339
[2024-05-30T10:47:33.764+0000][793.183s][info][gc,heap     ] GC(102) Archive regions: 2->2
[2024-05-30T10:47:33.764+0000][793.183s][info][gc,heap     ] GC(102) Humongous regions: 67->67
[2024-05-30T10:47:33.764+0000][793.183s][info][gc,metaspace] GC(102) Metaspace: 409710K(415744K)->409710K(415744K) NonClass: 357779K(361152K)->357779K(361152K) Class: 51931K(54592K)->51931K(54592K)
[2024-05-30T10:47:33.764+0000][793.183s][info][gc          ] GC(102) Pause Young (Normal) (G1 Evacuation Pause) 9526M->3522M(12288M) 95.114ms
[2024-05-30T10:47:33.764+0000][793.183s][info][gc,cpu      ] GC(102) User=0.57s Sys=0.00s Real=0.09s
[2024-05-30T10:47:35.728+0000][795.147s][info][gc,start    ] GC(103) Pause Young (Normal) (G1 Evacuation Pause)
[2024-05-30T10:47:35.728+0000][795.147s][info][gc,task     ] GC(103) Using 6 workers of 6 for evacuation
[2024-05-30T10:47:35.856+0000][795.276s][info][gc,phases   ] GC(103)   Pre Evacuate Collection Set: 0.2ms
[2024-05-30T10:47:35.856+0000][795.276s][info][gc,phases   ] GC(103)   Merge Heap Roots: 0.3ms
[2024-05-30T10:47:35.856+0000][795.276s][info][gc,phases   ] GC(103)   Evacuate Collection Set: 114.4ms
[2024-05-30T10:47:35.856+0000][795.276s][info][gc,phases   ] GC(103)   Post Evacuate Collection Set: 13.5ms
[2024-05-30T10:47:35.856+0000][795.276s][info][gc,phases   ] GC(103)   Other: 0.2ms
[2024-05-30T10:47:35.857+0000][795.276s][info][gc,heap     ] GC(103) Eden regions: 752->0(747)
[2024-05-30T10:47:35.857+0000][795.276s][info][gc,heap     ] GC(103) Survivor regions: 34->36(99)
[2024-05-30T10:47:35.857+0000][795.276s][info][gc,heap     ] GC(103) Old regions: 339->340
[2024-05-30T10:47:35.857+0000][795.276s][info][gc,heap     ] GC(103) Archive regions: 2->2
[2024-05-30T10:47:35.857+0000][795.276s][info][gc,heap     ] GC(103) Humongous regions: 67->67
[2024-05-30T10:47:35.857+0000][795.276s][info][gc,metaspace] GC(103) Metaspace: 409710K(415744K)->409710K(415744K) NonClass: 357779K(361152K)->357779K(361152K) Class: 51931K(54592K)->51931K(54592K)
[2024-05-30T10:47:35.857+0000][795.276s][info][gc          ] GC(103) Pause Young (Normal) (G1 Evacuation Pause) 9538M->3544M(12288M) 128.730ms
[2024-05-30T10:47:35.857+0000][795.276s][info][gc,cpu      ] GC(103) User=0.75s Sys=0.00s Real=0.14s
[2024-05-30T10:47:37.940+0000][797.359s][info][gc,start    ] GC(104) Pause Young (Normal) (G1 Evacuation Pause)
[2024-05-30T10:47:37.940+0000][797.359s][info][gc,task     ] GC(104) Using 6 workers of 6 for evacuation
[2024-05-30T10:47:38.092+0000][797.511s][info][gc,phases   ] GC(104)   Pre Evacuate Collection Set: 0.2ms
[2024-05-30T10:47:38.092+0000][797.511s][info][gc,phases   ] GC(104)   Merge Heap Roots: 0.3ms
[2024-05-30T10:47:38.092+0000][797.511s][info][gc,phases   ] GC(104)   Evacuate Collection Set: 133.4ms
[2024-05-30T10:47:38.092+0000][797.511s][info][gc,phases   ] GC(104)   Post Evacuate Collection Set: 18.4ms
[2024-05-30T10:47:38.092+0000][797.511s][info][gc,phases   ] GC(104)   Other: 0.3ms
[2024-05-30T10:47:38.092+0000][797.511s][info][gc,heap     ] GC(104) Eden regions: 747->0(741)
[2024-05-30T10:47:38.092+0000][797.511s][info][gc,heap     ] GC(104) Survivor regions: 36->38(98)
[2024-05-30T10:47:38.092+0000][797.511s][info][gc,heap     ] GC(104) Old regions: 340->342
[2024-05-30T10:47:38.092+0000][797.511s][info][gc,heap     ] GC(104) Archive regions: 2->2
[2024-05-30T10:47:38.092+0000][797.511s][info][gc,heap     ] GC(104) Humongous regions: 67->67
[2024-05-30T10:47:38.092+0000][797.511s][info][gc,metaspace] GC(104) Metaspace: 409710K(415744K)->409710K(415744K) NonClass: 357779K(361152K)->357779K(361152K) Class: 51931K(54592K)->51931K(54592K)
[2024-05-30T10:47:38.092+0000][797.511s][info][gc          ] GC(104) Pause Young (Normal) (G1 Evacuation Pause) 9520M->3577M(12288M) 152.662ms
[2024-05-30T10:47:38.092+0000][797.511s][info][gc,cpu      ] GC(104) User=0.90s Sys=0.00s Real=0.15s
[2024-05-30T10:47:44.473+0000][803.893s][info][gc,start    ] GC(105) Pause Young (Normal) (G1 Evacuation Pause)
[2024-05-30T10:47:44.474+0000][803.893s][info][gc,task     ] GC(105) Using 6 workers of 6 for evacuation
[2024-05-30T10:47:44.597+0000][804.016s][info][gc,phases   ] GC(105)   Pre Evacuate Collection Set: 0.2ms
[2024-05-30T10:47:44.597+0000][804.016s][info][gc,phases   ] GC(105)   Merge Heap Roots: 0.3ms
[2024-05-30T10:47:44.597+0000][804.016s][info][gc,phases   ] GC(105)   Evacuate Collection Set: 114.9ms
[2024-05-30T10:47:44.597+0000][804.016s][info][gc,phases   ] GC(105)   Post Evacuate Collection Set: 7.5ms
[2024-05-30T10:47:44.597+0000][804.016s][info][gc,phases   ] GC(105)   Other: 0.2ms
[2024-05-30T10:47:44.597+0000][804.016s][info][gc,heap     ] GC(105) Eden regions: 741->0(750)
[2024-05-30T10:47:44.597+0000][804.016s][info][gc,heap     ] GC(105) Survivor regions: 38->33(98)
[2024-05-30T10:47:44.597+0000][804.016s][info][gc,heap     ] GC(105) Old regions: 342->343
[2024-05-30T10:47:44.597+0000][804.016s][info][gc,heap     ] GC(105) Archive regions: 2->2
[2024-05-30T10:47:44.597+0000][804.016s][info][gc,heap     ] GC(105) Humongous regions: 67->67
[2024-05-30T10:47:44.597+0000][804.016s][info][gc,metaspace] GC(105) Metaspace: 409728K(415808K)->409728K(415808K) NonClass: 357797K(361216K)->357797K(361216K) Class: 51931K(54592K)->51931K(54592K)
[2024-05-30T10:47:44.597+0000][804.016s][info][gc          ] GC(105) Pause Young (Normal) (G1 Evacuation Pause) 9505M->3540M(12288M) 123.242ms
[2024-05-30T10:47:44.597+0000][804.016s][info][gc,cpu      ] GC(105) User=0.72s Sys=0.02s Real=0.13s
[2024-05-30T10:47:52.921+0000][812.341s][info][gc,start    ] GC(106) Pause Young (Normal) (G1 Evacuation Pause)
[2024-05-30T10:47:52.921+0000][812.341s][info][gc,task     ] GC(106) Using 6 workers of 6 for evacuation
[2024-05-30T10:47:53.028+0000][812.447s][info][gc,phases   ] GC(106)   Pre Evacuate Collection Set: 0.2ms
[2024-05-30T10:47:53.028+0000][812.447s][info][gc,phases   ] GC(106)   Merge Heap Roots: 0.3ms
[2024-05-30T10:47:53.028+0000][812.447s][info][gc,phases   ] GC(106)   Evacuate Collection Set: 103.6ms
[2024-05-30T10:47:53.028+0000][812.447s][info][gc,phases   ] GC(106)   Post Evacuate Collection Set: 2.5ms
[2024-05-30T10:47:53.028+0000][812.447s][info][gc,phases   ] GC(106)   Other: 0.2ms
[2024-05-30T10:47:53.028+0000][812.447s][info][gc,heap     ] GC(106) Eden regions: 750->0(743)
[2024-05-30T10:47:53.028+0000][812.447s][info][gc,heap     ] GC(106) Survivor regions: 33->36(98)
[2024-05-30T10:47:53.028+0000][812.447s][info][gc,heap     ] GC(106) Old regions: 343->344
[2024-05-30T10:47:53.028+0000][812.447s][info][gc,heap     ] GC(106) Archive regions: 2->2
[2024-05-30T10:47:53.028+0000][812.447s][info][gc,heap     ] GC(106) Humongous regions: 67->67
[2024-05-30T10:47:53.028+0000][812.447s][info][gc,metaspace] GC(106) Metaspace: 409748K(415808K)->409748K(415808K) NonClass: 357817K(361216K)->357817K(361216K) Class: 51931K(54592K)->51931K(54592K)
[2024-05-30T10:47:53.028+0000][812.447s][info][gc          ] GC(106) Pause Young (Normal) (G1 Evacuation Pause) 9540M->3573M(12288M) 106.846ms
[2024-05-30T10:47:53.028+0000][812.448s][info][gc,cpu      ] GC(106) User=0.63s Sys=0.00s Real=0.10s
[2024-05-30T10:48:01.290+0000][820.710s][info][gc,start    ] GC(107) Pause Young (Normal) (G1 Evacuation Pause)
[2024-05-30T10:48:01.290+0000][820.710s][info][gc,task     ] GC(107) Using 6 workers of 6 for evacuation
[2024-05-30T10:48:01.401+0000][820.820s][info][gc,phases   ] GC(107)   Pre Evacuate Collection Set: 0.2ms
[2024-05-30T10:48:01.401+0000][820.820s][info][gc,phases   ] GC(107)   Merge Heap Roots: 0.4ms
[2024-05-30T10:48:01.401+0000][820.820s][info][gc,phases   ] GC(107)   Evacuate Collection Set: 107.4ms
[2024-05-30T10:48:01.401+0000][820.820s][info][gc,phases   ] GC(107)   Post Evacuate Collection Set: 2.4ms
[2024-05-30T10:48:01.401+0000][820.820s][info][gc,phases   ] GC(107)   Other: 0.2ms
[2024-05-30T10:48:01.401+0000][820.820s][info][gc,heap     ] GC(107) Eden regions: 743->0(745)
[2024-05-30T10:48:01.401+0000][820.820s][info][gc,heap     ] GC(107) Survivor regions: 36->35(98)
[2024-05-30T10:48:01.401+0000][820.820s][info][gc,heap     ] GC(107) Old regions: 344->344
[2024-05-30T10:48:01.401+0000][820.820s][info][gc,heap     ] GC(107) Archive regions: 2->2
[2024-05-30T10:48:01.401+0000][820.820s][info][gc,heap     ] GC(107) Humongous regions: 67->67
[2024-05-30T10:48:01.401+0000][820.820s][info][gc,metaspace] GC(107) Metaspace: 409758K(415808K)->409758K(415808K) NonClass: 357827K(361216K)->357827K(361216K) Class: 51931K(54592K)->51931K(54592K)
[2024-05-30T10:48:01.401+0000][820.820s][info][gc          ] GC(107) Pause Young (Normal) (G1 Evacuation Pause) 9517M->3572M(12288M) 110.659ms
[2024-05-30T10:48:01.401+0000][820.820s][info][gc,cpu      ] GC(107) User=0.66s Sys=0.00s Real=0.11s
[2024-05-30T10:48:09.864+0000][829.283s][info][gc,start    ] GC(108) Pause Young (Normal) (G1 Evacuation Pause)
[2024-05-30T10:48:09.864+0000][829.283s][info][gc,task     ] GC(108) Using 6 workers of 6 for evacuation
[2024-05-30T10:48:09.979+0000][829.398s][info][gc,phases   ] GC(108)   Pre Evacuate Collection Set: 0.2ms
[2024-05-30T10:48:09.979+0000][829.398s][info][gc,phases   ] GC(108)   Merge Heap Roots: 0.3ms
[2024-05-30T10:48:09.979+0000][829.398s][info][gc,phases   ] GC(108)   Evacuate Collection Set: 111.8ms
[2024-05-30T10:48:09.979+0000][829.398s][info][gc,phases   ] GC(108)   Post Evacuate Collection Set: 2.5ms
[2024-05-30T10:48:09.979+0000][829.398s][info][gc,phases   ] GC(108)   Other: 0.2ms
[2024-05-30T10:48:09.979+0000][829.398s][info][gc,heap     ] GC(108) Eden regions: 745->0(740)
[2024-05-30T10:48:09.979+0000][829.398s][info][gc,heap     ] GC(108) Survivor regions: 35->37(98)
[2024-05-30T10:48:09.979+0000][829.398s][info][gc,heap     ] GC(108) Old regions: 344->345
[2024-05-30T10:48:09.979+0000][829.398s][info][gc,heap     ] GC(108) Archive regions: 2->2
[2024-05-30T10:48:09.979+0000][829.398s][info][gc,heap     ] GC(108) Humongous regions: 67->67
[2024-05-30T10:48:09.979+0000][829.398s][info][gc,metaspace] GC(108) Metaspace: 409764K(415808K)->409764K(415808K) NonClass: 357833K(361216K)->357833K(361216K) Class: 51931K(54592K)->51931K(54592K)
[2024-05-30T10:48:09.979+0000][829.398s][info][gc          ] GC(108) Pause Young (Normal) (G1 Evacuation Pause) 9532M->3594M(12288M) 115.175ms
[2024-05-30T10:48:09.979+0000][829.398s][info][gc,cpu      ] GC(108) User=0.68s Sys=0.00s Real=0.12s
[2024-05-30T10:48:18.254+0000][837.673s][info][gc,start    ] GC(109) Pause Young (Normal) (G1 Evacuation Pause)
[2024-05-30T10:48:18.254+0000][837.673s][info][gc,task     ] GC(109) Using 6 workers of 6 for evacuation
[2024-05-30T10:48:18.371+0000][837.791s][info][gc,phases   ] GC(109)   Pre Evacuate Collection Set: 0.2ms
[2024-05-30T10:48:18.371+0000][837.791s][info][gc,phases   ] GC(109)   Merge Heap Roots: 0.4ms
[2024-05-30T10:48:18.371+0000][837.791s][info][gc,phases   ] GC(109)   Evacuate Collection Set: 114.6ms
[2024-05-30T10:48:18.371+0000][837.791s][info][gc,phases   ] GC(109)   Post Evacuate Collection Set: 2.3ms
[2024-05-30T10:48:18.371+0000][837.791s][info][gc,phases   ] GC(109)   Other: 0.2ms
[2024-05-30T10:48:18.371+0000][837.791s][info][gc,heap     ] GC(109) Eden regions: 740->0(737)
[2024-05-30T10:48:18.371+0000][837.791s][info][gc,heap     ] GC(109) Survivor regions: 37->38(98)
[2024-05-30T10:48:18.371+0000][837.791s][info][gc,heap     ] GC(109) Old regions: 345->346
[2024-05-30T10:48:18.371+0000][837.791s][info][gc,heap     ] GC(109) Archive regions: 2->2
[2024-05-30T10:48:18.371+0000][837.791s][info][gc,heap     ] GC(109) Humongous regions: 67->67
[2024-05-30T10:48:18.371+0000][837.791s][info][gc,metaspace] GC(109) Metaspace: 409779K(415808K)->409779K(415808K) NonClass: 357848K(361216K)->357848K(361216K) Class: 51931K(54592K)->51931K(54592K)
[2024-05-30T10:48:18.371+0000][837.791s][info][gc          ] GC(109) Pause Young (Normal) (G1 Evacuation Pause) 9514M->3610M(12288M) 117.772ms
[2024-05-30T10:48:18.371+0000][837.791s][info][gc,cpu      ] GC(109) User=0.70s Sys=0.00s Real=0.12s
[2024-05-30T10:48:26.444+0000][845.863s][info][gc,start    ] GC(110) Pause Young (Normal) (G1 Evacuation Pause)
[2024-05-30T10:48:26.444+0000][845.863s][info][gc,task     ] GC(110) Using 6 workers of 6 for evacuation
[2024-05-30T10:48:26.550+0000][845.969s][info][gc,phases   ] GC(110)   Pre Evacuate Collection Set: 0.2ms
[2024-05-30T10:48:26.550+0000][845.970s][info][gc,phases   ] GC(110)   Merge Heap Roots: 0.3ms
[2024-05-30T10:48:26.550+0000][845.970s][info][gc,phases   ] GC(110)   Evacuate Collection Set: 103.4ms
[2024-05-30T10:48:26.550+0000][845.970s][info][gc,phases   ] GC(110)   Post Evacuate Collection Set: 2.4ms
[2024-05-30T10:48:26.550+0000][845.970s][info][gc,phases   ] GC(110)   Other: 0.3ms
[2024-05-30T10:48:26.550+0000][845.970s][info][gc,heap     ] GC(110) Eden regions: 737->0(737)
[2024-05-30T10:48:26.550+0000][845.970s][info][gc,heap     ] GC(110) Survivor regions: 38->38(97)
[2024-05-30T10:48:26.550+0000][845.970s][info][gc,heap     ] GC(110) Old regions: 346->346
[2024-05-30T10:48:26.550+0000][845.970s][info][gc,heap     ] GC(110) Archive regions: 2->2
[2024-05-30T10:48:26.550+0000][845.970s][info][gc,heap     ] GC(110) Humongous regions: 67->67
[2024-05-30T10:48:26.550+0000][845.970s][info][gc,metaspace] GC(110) Metaspace: 409796K(415872K)->409796K(415872K) NonClass: 357865K(361280K)->357865K(361280K) Class: 51931K(54592K)->51931K(54592K)
[2024-05-30T10:48:26.550+0000][845.970s][info][gc          ] GC(110) Pause Young (Normal) (G1 Evacuation Pause) 9506M->3612M(12288M) 106.737ms
[2024-05-30T10:48:26.550+0000][845.970s][info][gc,cpu      ] GC(110) User=0.64s Sys=0.00s Real=0.11s
[2024-05-30T10:48:34.441+0000][853.860s][info][gc,start    ] GC(111) Pause Young (Normal) (G1 Evacuation Pause)
[2024-05-30T10:48:34.441+0000][853.860s][info][gc,task     ] GC(111) Using 6 workers of 6 for evacuation
[2024-05-30T10:48:34.549+0000][853.968s][info][gc,phases   ] GC(111)   Pre Evacuate Collection Set: 0.2ms
[2024-05-30T10:48:34.549+0000][853.968s][info][gc,phases   ] GC(111)   Merge Heap Roots: 0.4ms
[2024-05-30T10:48:34.549+0000][853.968s][info][gc,phases   ] GC(111)   Evacuate Collection Set: 105.1ms
[2024-05-30T10:48:34.549+0000][853.968s][info][gc,phases   ] GC(111)   Post Evacuate Collection Set: 2.4ms
[2024-05-30T10:48:34.549+0000][853.968s][info][gc,phases   ] GC(111)   Other: 0.2ms
[2024-05-30T10:48:34.549+0000][853.968s][info][gc,heap     ] GC(111) Eden regions: 737->0(742)
[2024-05-30T10:48:34.549+0000][853.968s][info][gc,heap     ] GC(111) Survivor regions: 38->35(97)
[2024-05-30T10:48:34.549+0000][853.968s][info][gc,heap     ] GC(111) Old regions: 346->347
[2024-05-30T10:48:34.549+0000][853.968s][info][gc,heap     ] GC(111) Archive regions: 2->2
[2024-05-30T10:48:34.549+0000][853.968s][info][gc,heap     ] GC(111) Humongous regions: 67->67
[2024-05-30T10:48:34.549+0000][853.968s][info][gc,metaspace] GC(111) Metaspace: 409830K(415872K)->409830K(415872K) NonClass: 357898K(361280K)->357898K(361280K) Class: 51931K(54592K)->51931K(54592K)
[2024-05-30T10:48:34.549+0000][853.968s][info][gc          ] GC(111) Pause Young (Normal) (G1 Evacuation Pause) 9508M->3589M(12288M) 108.343ms
[2024-05-30T10:48:34.549+0000][853.969s][info][gc,cpu      ] GC(111) User=0.64s Sys=0.00s Real=0.11s
[2024-05-30T10:48:42.838+0000][862.258s][info][gc,start    ] GC(112) Pause Young (Normal) (G1 Evacuation Pause)
[2024-05-30T10:48:42.839+0000][862.258s][info][gc,task     ] GC(112) Using 6 workers of 6 for evacuation
[2024-05-30T10:48:42.950+0000][862.369s][info][gc,phases   ] GC(112)   Pre Evacuate Collection Set: 0.2ms
[2024-05-30T10:48:42.950+0000][862.369s][info][gc,phases   ] GC(112)   Merge Heap Roots: 0.4ms
[2024-05-30T10:48:42.950+0000][862.369s][info][gc,phases   ] GC(112)   Evacuate Collection Set: 108.0ms
[2024-05-30T10:48:42.950+0000][862.369s][info][gc,phases   ] GC(112)   Post Evacuate Collection Set: 2.4ms
[2024-05-30T10:48:42.950+0000][862.369s][info][gc,phases   ] GC(112)   Other: 0.2ms
[2024-05-30T10:48:42.950+0000][862.369s][info][gc,heap     ] GC(112) Eden regions: 742->0(741)
[2024-05-30T10:48:42.950+0000][862.369s][info][gc,heap     ] GC(112) Survivor regions: 35->35(98)
[2024-05-30T10:48:42.950+0000][862.369s][info][gc,heap     ] GC(112) Old regions: 347->348
[2024-05-30T10:48:42.950+0000][862.369s][info][gc,heap     ] GC(112) Archive regions: 2->2
[2024-05-30T10:48:42.950+0000][862.369s][info][gc,heap     ] GC(112) Humongous regions: 67->67
[2024-05-30T10:48:42.950+0000][862.369s][info][gc,metaspace] GC(112) Metaspace: 409843K(415872K)->409843K(415872K) NonClass: 357912K(361280K)->357912K(361280K) Class: 51931K(54592K)->51931K(54592K)
[2024-05-30T10:48:42.950+0000][862.369s][info][gc          ] GC(112) Pause Young (Normal) (G1 Evacuation Pause) 9525M->3598M(12288M) 111.194ms
[2024-05-30T10:48:42.950+0000][862.369s][info][gc,cpu      ] GC(112) User=0.67s Sys=0.00s Real=0.11s
[2024-05-30T10:48:51.247+0000][870.667s][info][gc,start    ] GC(113) Pause Young (Normal) (G1 Evacuation Pause)
[2024-05-30T10:48:51.247+0000][870.667s][info][gc,task     ] GC(113) Using 6 workers of 6 for evacuation
[2024-05-30T10:48:51.358+0000][870.778s][info][gc,phases   ] GC(113)   Pre Evacuate Collection Set: 0.2ms
[2024-05-30T10:48:51.358+0000][870.778s][info][gc,phases   ] GC(113)   Merge Heap Roots: 0.3ms
[2024-05-30T10:48:51.358+0000][870.778s][info][gc,phases   ] GC(113)   Evacuate Collection Set: 108.0ms
[2024-05-30T10:48:51.358+0000][870.778s][info][gc,phases   ] GC(113)   Post Evacuate Collection Set: 2.3ms
[2024-05-30T10:48:51.358+0000][870.778s][info][gc,phases   ] GC(113)   Other: 0.2ms
[2024-05-30T10:48:51.358+0000][870.778s][info][gc,heap     ] GC(113) Eden regions: 741->0(735)
[2024-05-30T10:48:51.358+0000][870.778s][info][gc,heap     ] GC(113) Survivor regions: 35->38(97)
[2024-05-30T10:48:51.358+0000][870.778s][info][gc,heap     ] GC(113) Old regions: 348->348
[2024-05-30T10:48:51.358+0000][870.778s][info][gc,heap     ] GC(113) Archive regions: 2->2
[2024-05-30T10:48:51.358+0000][870.778s][info][gc,heap     ] GC(113) Humongous regions: 67->67
[2024-05-30T10:48:51.358+0000][870.778s][info][gc,metaspace] GC(113) Metaspace: 409878K(415936K)->409878K(415936K) NonClass: 357946K(361344K)->357946K(361344K) Class: 51931K(54592K)->51931K(54592K)
[2024-05-30T10:48:51.358+0000][870.778s][info][gc          ] GC(113) Pause Young (Normal) (G1 Evacuation Pause) 9526M->3623M(12288M) 111.175ms
[2024-05-30T10:48:51.359+0000][870.778s][info][gc,cpu      ] GC(113) User=0.66s Sys=0.00s Real=0.12s
[2024-05-30T10:48:59.593+0000][879.013s][info][gc,start    ] GC(114) Pause Young (Normal) (G1 Evacuation Pause)
[2024-05-30T10:48:59.594+0000][879.013s][info][gc,task     ] GC(114) Using 6 workers of 6 for evacuation
[2024-05-30T10:48:59.712+0000][879.131s][info][gc,phases   ] GC(114)   Pre Evacuate Collection Set: 0.2ms
[2024-05-30T10:48:59.712+0000][879.131s][info][gc,phases   ] GC(114)   Merge Heap Roots: 0.3ms
[2024-05-30T10:48:59.712+0000][879.131s][info][gc,phases   ] GC(114)   Evacuate Collection Set: 115.3ms
[2024-05-30T10:48:59.712+0000][879.131s][info][gc,phases   ] GC(114)   Post Evacuate Collection Set: 2.4ms
[2024-05-30T10:48:59.712+0000][879.131s][info][gc,phases   ] GC(114)   Other: 0.3ms
[2024-05-30T10:48:59.712+0000][879.131s][info][gc,heap     ] GC(114) Eden regions: 735->0(737)
[2024-05-30T10:48:59.712+0000][879.131s][info][gc,heap     ] GC(114) Survivor regions: 38->34(97)
[2024-05-30T10:48:59.712+0000][879.131s][info][gc,heap     ] GC(114) Old regions: 348->354
[2024-05-30T10:48:59.712+0000][879.131s][info][gc,heap     ] GC(114) Archive regions: 2->2
[2024-05-30T10:48:59.712+0000][879.131s][info][gc,heap     ] GC(114) Humongous regions: 67->67
[2024-05-30T10:48:59.712+0000][879.131s][info][gc,metaspace] GC(114) Metaspace: 409890K(415936K)->409890K(415936K) NonClass: 357958K(361344K)->357958K(361344K) Class: 51931K(54592K)->51931K(54592K)
[2024-05-30T10:48:59.712+0000][879.131s][info][gc          ] GC(114) Pause Young (Normal) (G1 Evacuation Pause) 9503M->3639M(12288M) 118.481ms
[2024-05-30T10:48:59.712+0000][879.131s][info][gc,cpu      ] GC(114) User=0.68s Sys=0.02s Real=0.12s
[2024-05-30T10:49:08.009+0000][887.428s][info][gc,start    ] GC(115) Pause Young (Normal) (G1 Evacuation Pause)
[2024-05-30T10:49:08.009+0000][887.428s][info][gc,task     ] GC(115) Using 6 workers of 6 for evacuation
[2024-05-30T10:49:08.108+0000][887.527s][info][gc,phases   ] GC(115)   Pre Evacuate Collection Set: 0.2ms
[2024-05-30T10:49:08.108+0000][887.527s][info][gc,phases   ] GC(115)   Merge Heap Roots: 0.3ms
[2024-05-30T10:49:08.108+0000][887.527s][info][gc,phases   ] GC(115)   Evacuate Collection Set: 96.2ms
[2024-05-30T10:49:08.108+0000][887.527s][info][gc,phases   ] GC(115)   Post Evacuate Collection Set: 2.2ms
[2024-05-30T10:49:08.108+0000][887.527s][info][gc,phases   ] GC(115)   Other: 0.2ms
[2024-05-30T10:49:08.108+0000][887.527s][info][gc,heap     ] GC(115) Eden regions: 737->0(738)
[2024-05-30T10:49:08.108+0000][887.527s][info][gc,heap     ] GC(115) Survivor regions: 34->31(97)
[2024-05-30T10:49:08.108+0000][887.527s][info][gc,heap     ] GC(115) Old regions: 354->359
[2024-05-30T10:49:08.108+0000][887.527s][info][gc,heap     ] GC(115) Archive regions: 2->2
[2024-05-30T10:49:08.108+0000][887.527s][info][gc,heap     ] GC(115) Humongous regions: 67->67
[2024-05-30T10:49:08.108+0000][887.527s][info][gc,metaspace] GC(115) Metaspace: 409909K(415936K)->409909K(415936K) NonClass: 357977K(361344K)->357977K(361344K) Class: 51931K(54592K)->51931K(54592K)
[2024-05-30T10:49:08.108+0000][887.527s][info][gc          ] GC(115) Pause Young (Normal) (G1 Evacuation Pause) 9535M->3655M(12288M) 99.134ms
[2024-05-30T10:49:08.108+0000][887.527s][info][gc,cpu      ] GC(115) User=0.57s Sys=0.02s Real=0.09s
[2024-05-30T10:49:16.342+0000][895.762s][info][gc,start    ] GC(116) Pause Young (Normal) (G1 Evacuation Pause)
[2024-05-30T10:49:16.342+0000][895.762s][info][gc,task     ] GC(116) Using 6 workers of 6 for evacuation
[2024-05-30T10:49:16.425+0000][895.845s][info][gc,phases   ] GC(116)   Pre Evacuate Collection Set: 0.2ms
[2024-05-30T10:49:16.425+0000][895.845s][info][gc,phases   ] GC(116)   Merge Heap Roots: 0.3ms
[2024-05-30T10:49:16.425+0000][895.845s][info][gc,phases   ] GC(116)   Evacuate Collection Set: 79.9ms
[2024-05-30T10:49:16.425+0000][895.845s][info][gc,phases   ] GC(116)   Post Evacuate Collection Set: 2.3ms
[2024-05-30T10:49:16.425+0000][895.845s][info][gc,phases   ] GC(116)   Other: 0.2ms
[2024-05-30T10:49:16.425+0000][895.845s][info][gc,heap     ] GC(116) Eden regions: 738->0(735)
[2024-05-30T10:49:16.425+0000][895.845s][info][gc,heap     ] GC(116) Survivor regions: 31->31(97)
[2024-05-30T10:49:16.425+0000][895.845s][info][gc,heap     ] GC(116) Old regions: 359->362
[2024-05-30T10:49:16.425+0000][895.845s][info][gc,heap     ] GC(116) Archive regions: 2->2
[2024-05-30T10:49:16.425+0000][895.845s][info][gc,heap     ] GC(116) Humongous regions: 67->67
[2024-05-30T10:49:16.425+0000][895.845s][info][gc,metaspace] GC(116) Metaspace: 409933K(416000K)->409933K(416000K) NonClass: 358002K(361408K)->358002K(361408K) Class: 51931K(54592K)->51931K(54592K)
[2024-05-30T10:49:16.425+0000][895.845s][info][gc          ] GC(116) Pause Young (Normal) (G1 Evacuation Pause) 9559M->3673M(12288M) 82.998ms
[2024-05-30T10:49:16.425+0000][895.845s][info][gc,cpu      ] GC(116) User=0.49s Sys=0.01s Real=0.08s
[2024-05-30T10:49:19.919+0000][899.339s][info][gc,start    ] GC(117) Pause Young (Normal) (G1 Evacuation Pause)
[2024-05-30T10:49:19.919+0000][899.339s][info][gc,task     ] GC(117) Using 6 workers of 6 for evacuation
[2024-05-30T10:49:20.034+0000][899.453s][info][gc,phases   ] GC(117)   Pre Evacuate Collection Set: 0.2ms
[2024-05-30T10:49:20.034+0000][899.453s][info][gc,phases   ] GC(117)   Merge Heap Roots: 0.2ms
[2024-05-30T10:49:20.034+0000][899.453s][info][gc,phases   ] GC(117)   Evacuate Collection Set: 100.1ms
[2024-05-30T10:49:20.034+0000][899.453s][info][gc,phases   ] GC(117)   Post Evacuate Collection Set: 13.5ms
[2024-05-30T10:49:20.034+0000][899.453s][info][gc,phases   ] GC(117)   Other: 0.2ms
[2024-05-30T10:49:20.034+0000][899.453s][info][gc,heap     ] GC(117) Eden regions: 735->0(733)
[2024-05-30T10:49:20.034+0000][899.453s][info][gc,heap     ] GC(117) Survivor regions: 31->32(96)
[2024-05-30T10:49:20.034+0000][899.453s][info][gc,heap     ] GC(117) Old regions: 362->362
[2024-05-30T10:49:20.034+0000][899.453s][info][gc,heap     ] GC(117) Archive regions: 2->2
[2024-05-30T10:49:20.034+0000][899.453s][info][gc,heap     ] GC(117) Humongous regions: 67->67
[2024-05-30T10:49:20.034+0000][899.453s][info][gc,metaspace] GC(117) Metaspace: 409934K(416000K)->409934K(416000K) NonClass: 358002K(361408K)->358002K(361408K) Class: 51931K(54592K)->51931K(54592K)
[2024-05-30T10:49:20.034+0000][899.453s][info][gc          ] GC(117) Pause Young (Normal) (G1 Evacuation Pause) 9553M->3690M(12288M) 114.296ms
[2024-05-30T10:49:20.034+0000][899.453s][info][gc,cpu      ] GC(117) User=0.68s Sys=0.00s Real=0.11s
[2024-05-30T10:49:22.273+0000][901.692s][info][gc,start    ] GC(118) Pause Young (Normal) (G1 Evacuation Pause)
[2024-05-30T10:49:22.273+0000][901.692s][info][gc,task     ] GC(118) Using 6 workers of 6 for evacuation
[2024-05-30T10:49:22.426+0000][901.846s][info][gc,phases   ] GC(118)   Pre Evacuate Collection Set: 0.2ms
[2024-05-30T10:49:22.426+0000][901.846s][info][gc,phases   ] GC(118)   Merge Heap Roots: 0.3ms
[2024-05-30T10:49:22.426+0000][901.846s][info][gc,phases   ] GC(118)   Evacuate Collection Set: 132.8ms
[2024-05-30T10:49:22.426+0000][901.846s][info][gc,phases   ] GC(118)   Post Evacuate Collection Set: 20.2ms
[2024-05-30T10:49:22.426+0000][901.846s][info][gc,phases   ] GC(118)   Other: 0.2ms
[2024-05-30T10:49:22.426+0000][901.846s][info][gc,heap     ] GC(118) Eden regions: 733->0(723)
[2024-05-30T10:49:22.426+0000][901.846s][info][gc,heap     ] GC(118) Survivor regions: 32->35(96)
[2024-05-30T10:49:22.426+0000][901.846s][info][gc,heap     ] GC(118) Old regions: 362->365
[2024-05-30T10:49:22.426+0000][901.846s][info][gc,heap     ] GC(118) Archive regions: 2->2
[2024-05-30T10:49:22.426+0000][901.846s][info][gc,heap     ] GC(118) Humongous regions: 68->68
[2024-05-30T10:49:22.426+0000][901.846s][info][gc,metaspace] GC(118) Metaspace: 409943K(416000K)->409943K(416000K) NonClass: 358012K(361408K)->358012K(361408K) Class: 51931K(54592K)->51931K(54592K)
[2024-05-30T10:49:22.427+0000][901.846s][info][gc          ] GC(118) Pause Young (Normal) (G1 Evacuation Pause) 9562M->3741M(12288M) 153.766ms
[2024-05-30T10:49:22.427+0000][901.846s][info][gc,cpu      ] GC(118) User=0.91s Sys=0.00s Real=0.15s
[2024-05-30T10:49:24.786+0000][904.205s][info][gc,start    ] GC(119) Pause Young (Normal) (G1 Evacuation Pause)
[2024-05-30T10:49:24.786+0000][904.205s][info][gc,task     ] GC(119) Using 6 workers of 6 for evacuation
[2024-05-30T10:49:24.931+0000][904.350s][info][gc,phases   ] GC(119)   Pre Evacuate Collection Set: 0.2ms
[2024-05-30T10:49:24.931+0000][904.350s][info][gc,phases   ] GC(119)   Merge Heap Roots: 0.6ms
[2024-05-30T10:49:24.931+0000][904.350s][info][gc,phases   ] GC(119)   Evacuate Collection Set: 125.0ms
[2024-05-30T10:49:24.931+0000][904.350s][info][gc,phases   ] GC(119)   Post Evacuate Collection Set: 19.2ms
[2024-05-30T10:49:24.931+0000][904.351s][info][gc,phases   ] GC(119)   Other: 0.2ms
[2024-05-30T10:49:24.931+0000][904.351s][info][gc,heap     ] GC(119) Eden regions: 723->0(725)
[2024-05-30T10:49:24.931+0000][904.351s][info][gc,heap     ] GC(119) Survivor regions: 35->33(95)
[2024-05-30T10:49:24.931+0000][904.351s][info][gc,heap     ] GC(119) Old regions: 365->367
[2024-05-30T10:49:24.931+0000][904.351s][info][gc,heap     ] GC(119) Archive regions: 2->2
[2024-05-30T10:49:24.931+0000][904.351s][info][gc,heap     ] GC(119) Humongous regions: 68->68
[2024-05-30T10:49:24.931+0000][904.351s][info][gc,metaspace] GC(119) Metaspace: 409945K(416000K)->409945K(416000K) NonClass: 358013K(361408K)->358013K(361408K) Class: 51931K(54592K)->51931K(54592K)
[2024-05-30T10:49:24.931+0000][904.351s][info][gc          ] GC(119) Pause Young (Normal) (G1 Evacuation Pause) 9525M->3744M(12288M) 145.290ms
[2024-05-30T10:49:24.931+0000][904.351s][info][gc,cpu      ] GC(119) User=0.85s Sys=0.00s Real=0.15s
[2024-05-30T10:49:26.933+0000][906.353s][info][gc,start    ] GC(120) Pause Young (Normal) (G1 Evacuation Pause)
[2024-05-30T10:49:26.934+0000][906.353s][info][gc,task     ] GC(120) Using 6 workers of 6 for evacuation
[2024-05-30T10:49:27.058+0000][906.477s][info][gc,phases   ] GC(120)   Pre Evacuate Collection Set: 0.2ms
[2024-05-30T10:49:27.058+0000][906.477s][info][gc,phases   ] GC(120)   Merge Heap Roots: 0.4ms
[2024-05-30T10:49:27.058+0000][906.477s][info][gc,phases   ] GC(120)   Evacuate Collection Set: 112.0ms
[2024-05-30T10:49:27.058+0000][906.477s][info][gc,phases   ] GC(120)   Post Evacuate Collection Set: 11.3ms
[2024-05-30T10:49:27.058+0000][906.477s][info][gc,phases   ] GC(120)   Other: 0.2ms
[2024-05-30T10:49:27.058+0000][906.477s][info][gc,heap     ] GC(120) Eden regions: 725->0(731)
[2024-05-30T10:49:27.058+0000][906.477s][info][gc,heap     ] GC(120) Survivor regions: 33->29(95)
[2024-05-30T10:49:27.058+0000][906.477s][info][gc,heap     ] GC(120) Old regions: 367->369
[2024-05-30T10:49:27.058+0000][906.477s][info][gc,heap     ] GC(120) Archive regions: 2->2
[2024-05-30T10:49:27.058+0000][906.477s][info][gc,heap     ] GC(120) Humongous regions: 68->68
[2024-05-30T10:49:27.058+0000][906.477s][info][gc,metaspace] GC(120) Metaspace: 409971K(416000K)->409971K(416000K) NonClass: 358039K(361408K)->358039K(361408K) Class: 51931K(54592K)->51931K(54592K)
[2024-05-30T10:49:27.058+0000][906.477s][info][gc          ] GC(120) Pause Young (Normal) (G1 Evacuation Pause) 9544M->3730M(12288M) 124.179ms
[2024-05-30T10:49:27.058+0000][906.477s][info][gc,cpu      ] GC(120) User=0.72s Sys=0.00s Real=0.13s
[2024-05-30T10:49:29.002+0000][908.422s][info][gc,start    ] GC(121) Pause Young (Normal) (G1 Evacuation Pause)
[2024-05-30T10:49:29.002+0000][908.422s][info][gc,task     ] GC(121) Using 6 workers of 6 for evacuation
[2024-05-30T10:49:29.112+0000][908.531s][info][gc,phases   ] GC(121)   Pre Evacuate Collection Set: 0.2ms
[2024-05-30T10:49:29.112+0000][908.531s][info][gc,phases   ] GC(121)   Merge Heap Roots: 0.4ms
[2024-05-30T10:49:29.112+0000][908.531s][info][gc,phases   ] GC(121)   Evacuate Collection Set: 100.4ms
[2024-05-30T10:49:29.112+0000][908.531s][info][gc,phases   ] GC(121)   Post Evacuate Collection Set: 8.4ms
[2024-05-30T10:49:29.112+0000][908.531s][info][gc,phases   ] GC(121)   Other: 0.2ms
[2024-05-30T10:49:29.112+0000][908.531s][info][gc,heap     ] GC(121) Eden regions: 731->0(728)
[2024-05-30T10:49:29.112+0000][908.531s][info][gc,heap     ] GC(121) Survivor regions: 29->30(95)
[2024-05-30T10:49:29.112+0000][908.531s][info][gc,heap     ] GC(121) Old regions: 369->370
[2024-05-30T10:49:29.112+0000][908.531s][info][gc,heap     ] GC(121) Archive regions: 2->2
[2024-05-30T10:49:29.112+0000][908.531s][info][gc,heap     ] GC(121) Humongous regions: 68->68
[2024-05-30T10:49:29.112+0000][908.531s][info][gc,metaspace] GC(121) Metaspace: 409979K(416000K)->409979K(416000K) NonClass: 358048K(361408K)->358048K(361408K) Class: 51931K(54592K)->51931K(54592K)
[2024-05-30T10:49:29.112+0000][908.531s][info][gc          ] GC(121) Pause Young (Normal) (G1 Evacuation Pause) 9578M->3746M(12288M) 109.665ms
[2024-05-30T10:49:29.112+0000][908.531s][info][gc,cpu      ] GC(121) User=0.65s Sys=0.00s Real=0.11s
[2024-05-30T10:49:33.145+0000][912.564s][info][gc,start    ] GC(122) Pause Young (Normal) (G1 Evacuation Pause)
[2024-05-30T10:49:33.145+0000][912.564s][info][gc,task     ] GC(122) Using 6 workers of 6 for evacuation
[2024-05-30T10:49:33.270+0000][912.689s][info][gc,phases   ] GC(122)   Pre Evacuate Collection Set: 0.2ms
[2024-05-30T10:49:33.270+0000][912.689s][info][gc,phases   ] GC(122)   Merge Heap Roots: 0.3ms
[2024-05-30T10:49:33.270+0000][912.689s][info][gc,phases   ] GC(122)   Evacuate Collection Set: 109.4ms
[2024-05-30T10:49:33.270+0000][912.689s][info][gc,phases   ] GC(122)   Post Evacuate Collection Set: 14.7ms
[2024-05-30T10:49:33.270+0000][912.689s][info][gc,phases   ] GC(122)   Other: 0.2ms
[2024-05-30T10:49:33.270+0000][912.689s][info][gc,heap     ] GC(122) Eden regions: 728->0(725)
[2024-05-30T10:49:33.270+0000][912.689s][info][gc,heap     ] GC(122) Survivor regions: 30->31(95)
[2024-05-30T10:49:33.270+0000][912.689s][info][gc,heap     ] GC(122) Old regions: 370->371
[2024-05-30T10:49:33.270+0000][912.689s][info][gc,heap     ] GC(122) Archive regions: 2->2
[2024-05-30T10:49:33.270+0000][912.689s][info][gc,heap     ] GC(122) Humongous regions: 68->68
[2024-05-30T10:49:33.270+0000][912.689s][info][gc,metaspace] GC(122) Metaspace: 409979K(416000K)->409979K(416000K) NonClass: 358048K(361408K)->358048K(361408K) Class: 51931K(54592K)->51931K(54592K)
[2024-05-30T10:49:33.270+0000][912.689s][info][gc          ] GC(122) Pause Young (Normal) (G1 Evacuation Pause) 9570M->3761M(12288M) 124.826ms
[2024-05-30T10:49:33.270+0000][912.689s][info][gc,cpu      ] GC(122) User=0.74s Sys=0.00s Real=0.13s
[2024-05-30T10:49:41.261+0000][920.681s][info][gc,start    ] GC(123) Pause Young (Normal) (G1 Evacuation Pause)
[2024-05-30T10:49:41.261+0000][920.681s][info][gc,task     ] GC(123) Using 6 workers of 6 for evacuation
[2024-05-30T10:49:41.358+0000][920.777s][info][gc,phases   ] GC(123)   Pre Evacuate Collection Set: 0.2ms
[2024-05-30T10:49:41.358+0000][920.777s][info][gc,phases   ] GC(123)   Merge Heap Roots: 0.3ms
[2024-05-30T10:49:41.358+0000][920.777s][info][gc,phases   ] GC(123)   Evacuate Collection Set: 93.3ms
[2024-05-30T10:49:41.358+0000][920.777s][info][gc,phases   ] GC(123)   Post Evacuate Collection Set: 2.4ms
[2024-05-30T10:49:41.358+0000][920.777s][info][gc,phases   ] GC(123)   Other: 0.2ms
[2024-05-30T10:49:41.358+0000][920.777s][info][gc,heap     ] GC(123) Eden regions: 725->0(720)
[2024-05-30T10:49:41.358+0000][920.777s][info][gc,heap     ] GC(123) Survivor regions: 31->33(95)
[2024-05-30T10:49:41.358+0000][920.777s][info][gc,heap     ] GC(123) Old regions: 371->372
[2024-05-30T10:49:41.358+0000][920.777s][info][gc,heap     ] GC(123) Archive regions: 2->2
[2024-05-30T10:49:41.358+0000][920.777s][info][gc,heap     ] GC(123) Humongous regions: 68->68
[2024-05-30T10:49:41.358+0000][920.777s][info][gc,metaspace] GC(123) Metaspace: 410019K(416064K)->410019K(416064K) NonClass: 358088K(361472K)->358088K(361472K) Class: 51931K(54592K)->51931K(54592K)
[2024-05-30T10:49:41.358+0000][920.777s][info][gc          ] GC(123) Pause Young (Normal) (G1 Evacuation Pause) 9561M->3780M(12288M) 96.479ms
[2024-05-30T10:49:41.358+0000][920.777s][info][gc,cpu      ] GC(123) User=0.57s Sys=0.00s Real=0.10s
[2024-05-30T10:49:49.281+0000][928.701s][info][gc,start    ] GC(124) Pause Young (Normal) (G1 Evacuation Pause)
[2024-05-30T10:49:49.281+0000][928.701s][info][gc,task     ] GC(124) Using 6 workers of 6 for evacuation
[2024-05-30T10:49:49.382+0000][928.801s][info][gc,phases   ] GC(124)   Pre Evacuate Collection Set: 0.2ms
[2024-05-30T10:49:49.382+0000][928.801s][info][gc,phases   ] GC(124)   Merge Heap Roots: 0.3ms
[2024-05-30T10:49:49.382+0000][928.801s][info][gc,phases   ] GC(124)   Evacuate Collection Set: 97.8ms
[2024-05-30T10:49:49.382+0000][928.801s][info][gc,phases   ] GC(124)   Post Evacuate Collection Set: 2.3ms
[2024-05-30T10:49:49.382+0000][928.801s][info][gc,phases   ] GC(124)   Other: 0.2ms
[2024-05-30T10:49:49.382+0000][928.801s][info][gc,heap     ] GC(124) Eden regions: 720->0(717)
[2024-05-30T10:49:49.382+0000][928.801s][info][gc,heap     ] GC(124) Survivor regions: 33->34(95)
[2024-05-30T10:49:49.382+0000][928.801s][info][gc,heap     ] GC(124) Old regions: 372->373
[2024-05-30T10:49:49.382+0000][928.801s][info][gc,heap     ] GC(124) Archive regions: 2->2
[2024-05-30T10:49:49.382+0000][928.801s][info][gc,heap     ] GC(124) Humongous regions: 68->68
[2024-05-30T10:49:49.382+0000][928.801s][info][gc,metaspace] GC(124) Metaspace: 410025K(416064K)->410025K(416064K) NonClass: 358092K(361472K)->358092K(361472K) Class: 51932K(54592K)->51932K(54592K)
[2024-05-30T10:49:49.382+0000][928.801s][info][gc          ] GC(124) Pause Young (Normal) (G1 Evacuation Pause) 9540M->3794M(12288M) 100.918ms
[2024-05-30T10:49:49.382+0000][928.802s][info][gc,cpu      ] GC(124) User=0.60s Sys=0.00s Real=0.10s
[2024-05-30T10:49:57.288+0000][936.708s][info][gc,start    ] GC(125) Pause Young (Normal) (G1 Evacuation Pause)
[2024-05-30T10:49:57.288+0000][936.708s][info][gc,task     ] GC(125) Using 6 workers of 6 for evacuation
[2024-05-30T10:49:57.390+0000][936.809s][info][gc,phases   ] GC(125)   Pre Evacuate Collection Set: 0.2ms
[2024-05-30T10:49:57.390+0000][936.809s][info][gc,phases   ] GC(125)   Merge Heap Roots: 0.3ms
[2024-05-30T10:49:57.390+0000][936.809s][info][gc,phases   ] GC(125)   Evacuate Collection Set: 98.7ms
[2024-05-30T10:49:57.390+0000][936.810s][info][gc,phases   ] GC(125)   Post Evacuate Collection Set: 2.5ms
[2024-05-30T10:49:57.390+0000][936.810s][info][gc,phases   ] GC(125)   Other: 0.3ms
[2024-05-30T10:49:57.390+0000][936.810s][info][gc,heap     ] GC(125) Eden regions: 717->0(714)
[2024-05-30T10:49:57.390+0000][936.810s][info][gc,heap     ] GC(125) Survivor regions: 34->35(94)
[2024-05-30T10:49:57.390+0000][936.810s][info][gc,heap     ] GC(125) Old regions: 373->374
[2024-05-30T10:49:57.390+0000][936.810s][info][gc,heap     ] GC(125) Archive regions: 2->2
[2024-05-30T10:49:57.390+0000][936.810s][info][gc,heap     ] GC(125) Humongous regions: 68->68
[2024-05-30T10:49:57.390+0000][936.810s][info][gc,metaspace] GC(125) Metaspace: 410061K(416064K)->410061K(416064K) NonClass: 358128K(361472K)->358128K(361472K) Class: 51932K(54592K)->51932K(54592K)
[2024-05-30T10:49:57.390+0000][936.810s][info][gc          ] GC(125) Pause Young (Normal) (G1 Evacuation Pause) 9530M->3814M(12288M) 102.040ms
[2024-05-30T10:49:57.390+0000][936.810s][info][gc,cpu      ] GC(125) User=0.60s Sys=0.00s Real=0.11s
[2024-05-30T10:50:05.289+0000][944.708s][info][gc,start    ] GC(126) Pause Young (Normal) (G1 Evacuation Pause)
[2024-05-30T10:50:05.289+0000][944.708s][info][gc,task     ] GC(126) Using 6 workers of 6 for evacuation
[2024-05-30T10:50:05.387+0000][944.806s][info][gc,phases   ] GC(126)   Pre Evacuate Collection Set: 0.2ms
[2024-05-30T10:50:05.387+0000][944.806s][info][gc,phases   ] GC(126)   Merge Heap Roots: 0.3ms
[2024-05-30T10:50:05.387+0000][944.806s][info][gc,phases   ] GC(126)   Evacuate Collection Set: 94.9ms
[2024-05-30T10:50:05.387+0000][944.806s][info][gc,phases   ] GC(126)   Post Evacuate Collection Set: 2.4ms
[2024-05-30T10:50:05.387+0000][944.806s][info][gc,phases   ] GC(126)   Other: 0.2ms
[2024-05-30T10:50:05.387+0000][944.806s][info][gc,heap     ] GC(126) Eden regions: 714->0(714)
[2024-05-30T10:50:05.387+0000][944.806s][info][gc,heap     ] GC(126) Survivor regions: 35->35(94)
[2024-05-30T10:50:05.387+0000][944.806s][info][gc,heap     ] GC(126) Old regions: 374->374
[2024-05-30T10:50:05.387+0000][944.806s][info][gc,heap     ] GC(126) Archive regions: 2->2
[2024-05-30T10:50:05.387+0000][944.806s][info][gc,heap     ] GC(126) Humongous regions: 68->68
[2024-05-30T10:50:05.387+0000][944.806s][info][gc,metaspace] GC(126) Metaspace: 410097K(416128K)->410097K(416128K) NonClass: 358163K(361536K)->358163K(361536K) Class: 51933K(54592K)->51933K(54592K)
[2024-05-30T10:50:05.387+0000][944.806s][info][gc          ] GC(126) Pause Young (Normal) (G1 Evacuation Pause) 9526M->3820M(12288M) 98.036ms
[2024-05-30T10:50:05.387+0000][944.806s][info][gc,cpu      ] GC(126) User=0.59s Sys=0.00s Real=0.09s
[2024-05-30T10:50:13.178+0000][952.598s][info][gc,start    ] GC(127) Pause Young (Normal) (G1 Evacuation Pause)
[2024-05-30T10:50:13.179+0000][952.598s][info][gc,task     ] GC(127) Using 6 workers of 6 for evacuation
[2024-05-30T10:50:13.280+0000][952.699s][info][gc,phases   ] GC(127)   Pre Evacuate Collection Set: 0.2ms
[2024-05-30T10:50:13.280+0000][952.699s][info][gc,phases   ] GC(127)   Merge Heap Roots: 0.3ms
[2024-05-30T10:50:13.280+0000][952.699s][info][gc,phases   ] GC(127)   Evacuate Collection Set: 98.1ms
[2024-05-30T10:50:13.280+0000][952.699s][info][gc,phases   ] GC(127)   Post Evacuate Collection Set: 2.4ms
[2024-05-30T10:50:13.280+0000][952.699s][info][gc,phases   ] GC(127)   Other: 0.2ms
[2024-05-30T10:50:13.280+0000][952.699s][info][gc,heap     ] GC(127) Eden regions: 714->0(711)
[2024-05-30T10:50:13.280+0000][952.699s][info][gc,heap     ] GC(127) Survivor regions: 35->36(94)
[2024-05-30T10:50:13.280+0000][952.699s][info][gc,heap     ] GC(127) Old regions: 374->375
[2024-05-30T10:50:13.280+0000][952.699s][info][gc,heap     ] GC(127) Archive regions: 2->2
[2024-05-30T10:50:13.280+0000][952.699s][info][gc,heap     ] GC(127) Humongous regions: 68->68
[2024-05-30T10:50:13.280+0000][952.699s][info][gc,metaspace] GC(127) Metaspace: 410130K(416128K)->410130K(416128K) NonClass: 358196K(361536K)->358196K(361536K) Class: 51933K(54592K)->51933K(54592K)
[2024-05-30T10:50:13.280+0000][952.699s][info][gc          ] GC(127) Pause Young (Normal) (G1 Evacuation Pause) 9532M->3835M(12288M) 101.363ms
[2024-05-30T10:50:13.280+0000][952.699s][info][gc,cpu      ] GC(127) User=0.60s Sys=0.00s Real=0.10s
[2024-05-30T10:50:20.878+0000][960.297s][info][gc,start    ] GC(128) Pause Young (Normal) (G1 Evacuation Pause)
[2024-05-30T10:50:20.878+0000][960.297s][info][gc,task     ] GC(128) Using 6 workers of 6 for evacuation
[2024-05-30T10:50:20.978+0000][960.397s][info][gc,phases   ] GC(128)   Pre Evacuate Collection Set: 0.2ms
[2024-05-30T10:50:20.978+0000][960.397s][info][gc,phases   ] GC(128)   Merge Heap Roots: 0.3ms
[2024-05-30T10:50:20.978+0000][960.397s][info][gc,phases   ] GC(128)   Evacuate Collection Set: 96.4ms
[2024-05-30T10:50:20.978+0000][960.397s][info][gc,phases   ] GC(128)   Post Evacuate Collection Set: 2.3ms
[2024-05-30T10:50:20.978+0000][960.397s][info][gc,phases   ] GC(128)   Other: 0.2ms
[2024-05-30T10:50:20.978+0000][960.397s][info][gc,heap     ] GC(128) Eden regions: 711->0(714)
[2024-05-30T10:50:20.978+0000][960.397s][info][gc,heap     ] GC(128) Survivor regions: 36->34(94)
[2024-05-30T10:50:20.978+0000][960.397s][info][gc,heap     ] GC(128) Old regions: 375->376
[2024-05-30T10:50:20.978+0000][960.397s][info][gc,heap     ] GC(128) Archive regions: 2->2
[2024-05-30T10:50:20.978+0000][960.397s][info][gc,heap     ] GC(128) Humongous regions: 68->68
[2024-05-30T10:50:20.978+0000][960.397s][info][gc,metaspace] GC(128) Metaspace: 410158K(416192K)->410158K(416192K) NonClass: 358224K(361600K)->358224K(361600K) Class: 51933K(54592K)->51933K(54592K)
[2024-05-30T10:50:20.978+0000][960.397s][info][gc          ] GC(128) Pause Young (Normal) (G1 Evacuation Pause) 9523M->3823M(12288M) 99.509ms
[2024-05-30T10:50:20.978+0000][960.397s][info][gc,cpu      ] GC(128) User=0.59s Sys=0.00s Real=0.10s
[2024-05-30T10:50:29.115+0000][968.535s][info][gc,start    ] GC(129) Pause Young (Normal) (G1 Evacuation Pause)
[2024-05-30T10:50:29.116+0000][968.535s][info][gc,task     ] GC(129) Using 6 workers of 6 for evacuation
[2024-05-30T10:50:29.223+0000][968.643s][info][gc,phases   ] GC(129)   Pre Evacuate Collection Set: 0.2ms
[2024-05-30T10:50:29.223+0000][968.643s][info][gc,phases   ] GC(129)   Merge Heap Roots: 0.3ms
[2024-05-30T10:50:29.223+0000][968.643s][info][gc,phases   ] GC(129)   Evacuate Collection Set: 104.6ms
[2024-05-30T10:50:29.223+0000][968.643s][info][gc,phases   ] GC(129)   Post Evacuate Collection Set: 2.5ms
[2024-05-30T10:50:29.223+0000][968.643s][info][gc,phases   ] GC(129)   Other: 0.2ms
[2024-05-30T10:50:29.223+0000][968.643s][info][gc,heap     ] GC(129) Eden regions: 714->0(713)
[2024-05-30T10:50:29.223+0000][968.643s][info][gc,heap     ] GC(129) Survivor regions: 34->34(94)
[2024-05-30T10:50:29.223+0000][968.643s][info][gc,heap     ] GC(129) Old regions: 376->377
[2024-05-30T10:50:29.223+0000][968.643s][info][gc,heap     ] GC(129) Archive regions: 2->2
[2024-05-30T10:50:29.223+0000][968.643s][info][gc,heap     ] GC(129) Humongous regions: 68->68
[2024-05-30T10:50:29.223+0000][968.643s][info][gc,metaspace] GC(129) Metaspace: 410173K(416192K)->410173K(416192K) NonClass: 358240K(361600K)->358240K(361600K) Class: 51933K(54592K)->51933K(54592K)
[2024-05-30T10:50:29.223+0000][968.643s][info][gc          ] GC(129) Pause Young (Normal) (G1 Evacuation Pause) 9535M->3834M(12288M) 107.938ms
[2024-05-30T10:50:29.223+0000][968.643s][info][gc,cpu      ] GC(129) User=0.64s Sys=0.00s Real=0.11s
[2024-05-30T10:50:37.378+0000][976.797s][info][gc,start    ] GC(130) Pause Young (Normal) (G1 Evacuation Pause)
[2024-05-30T10:50:37.378+0000][976.797s][info][gc,task     ] GC(130) Using 6 workers of 6 for evacuation
[2024-05-30T10:50:37.478+0000][976.897s][info][gc,phases   ] GC(130)   Pre Evacuate Collection Set: 0.2ms
[2024-05-30T10:50:37.478+0000][976.897s][info][gc,phases   ] GC(130)   Merge Heap Roots: 0.3ms
[2024-05-30T10:50:37.478+0000][976.897s][info][gc,phases   ] GC(130)   Evacuate Collection Set: 96.9ms
[2024-05-30T10:50:37.478+0000][976.897s][info][gc,phases   ] GC(130)   Post Evacuate Collection Set: 2.3ms
[2024-05-30T10:50:37.478+0000][976.897s][info][gc,phases   ] GC(130)   Other: 0.2ms
[2024-05-30T10:50:37.478+0000][976.897s][info][gc,heap     ] GC(130) Eden regions: 713->0(710)
[2024-05-30T10:50:37.478+0000][976.897s][info][gc,heap     ] GC(130) Survivor regions: 34->35(94)
[2024-05-30T10:50:37.478+0000][976.897s][info][gc,heap     ] GC(130) Old regions: 377->378
[2024-05-30T10:50:37.478+0000][976.897s][info][gc,heap     ] GC(130) Archive regions: 2->2
[2024-05-30T10:50:37.478+0000][976.897s][info][gc,heap     ] GC(130) Humongous regions: 68->68
[2024-05-30T10:50:37.478+0000][976.897s][info][gc,metaspace] GC(130) Metaspace: 410181K(416192K)->410181K(416192K) NonClass: 358248K(361600K)->358248K(361600K) Class: 51933K(54592K)->51933K(54592K)
[2024-05-30T10:50:37.478+0000][976.897s][info][gc          ] GC(130) Pause Young (Normal) (G1 Evacuation Pause) 9538M->3849M(12288M) 99.934ms
[2024-05-30T10:50:37.478+0000][976.897s][info][gc,cpu      ] GC(130) User=0.60s Sys=0.00s Real=0.10s
[2024-05-30T10:50:44.904+0000][984.324s][info][gc,start    ] GC(131) Pause Young (Normal) (G1 Evacuation Pause)
[2024-05-30T10:50:44.904+0000][984.324s][info][gc,task     ] GC(131) Using 6 workers of 6 for evacuation
[2024-05-30T10:50:44.996+0000][984.415s][info][gc,phases   ] GC(131)   Pre Evacuate Collection Set: 0.2ms
[2024-05-30T10:50:44.996+0000][984.415s][info][gc,phases   ] GC(131)   Merge Heap Roots: 0.3ms
[2024-05-30T10:50:44.996+0000][984.415s][info][gc,phases   ] GC(131)   Evacuate Collection Set: 88.5ms
[2024-05-30T10:50:44.996+0000][984.415s][info][gc,phases   ] GC(131)   Post Evacuate Collection Set: 2.3ms
[2024-05-30T10:50:44.996+0000][984.415s][info][gc,phases   ] GC(131)   Other: 0.3ms
[2024-05-30T10:50:44.996+0000][984.415s][info][gc,heap     ] GC(131) Eden regions: 710->0(713)
[2024-05-30T10:50:44.996+0000][984.415s][info][gc,heap     ] GC(131) Survivor regions: 35->33(94)
[2024-05-30T10:50:44.996+0000][984.415s][info][gc,heap     ] GC(131) Old regions: 378->379
[2024-05-30T10:50:44.996+0000][984.415s][info][gc,heap     ] GC(131) Archive regions: 2->2
[2024-05-30T10:50:44.996+0000][984.415s][info][gc,heap     ] GC(131) Humongous regions: 68->68
[2024-05-30T10:50:44.996+0000][984.415s][info][gc,metaspace] GC(131) Metaspace: 410194K(416256K)->410194K(416256K) NonClass: 358260K(361664K)->358260K(361664K) Class: 51933K(54592K)->51933K(54592K)
[2024-05-30T10:50:44.996+0000][984.415s][info][gc          ] GC(131) Pause Young (Normal) (G1 Evacuation Pause) 9529M->3840M(12288M) 91.587ms
[2024-05-30T10:50:44.996+0000][984.415s][info][gc,cpu      ] GC(131) User=0.54s Sys=0.01s Real=0.09s
[2024-05-30T10:50:53.082+0000][992.502s][info][gc,start    ] GC(132) Pause Young (Normal) (G1 Evacuation Pause)
[2024-05-30T10:50:53.083+0000][992.502s][info][gc,task     ] GC(132) Using 6 workers of 6 for evacuation
[2024-05-30T10:50:53.178+0000][992.597s][info][gc,phases   ] GC(132)   Pre Evacuate Collection Set: 0.2ms
[2024-05-30T10:50:53.178+0000][992.597s][info][gc,phases   ] GC(132)   Merge Heap Roots: 0.3ms
[2024-05-30T10:50:53.178+0000][992.597s][info][gc,phases   ] GC(132)   Evacuate Collection Set: 92.3ms
[2024-05-30T10:50:53.178+0000][992.597s][info][gc,phases   ] GC(132)   Post Evacuate Collection Set: 2.6ms
[2024-05-30T10:50:53.178+0000][992.597s][info][gc,phases   ] GC(132)   Other: 0.2ms
[2024-05-30T10:50:53.178+0000][992.597s][info][gc,heap     ] GC(132) Eden regions: 713->0(712)
[2024-05-30T10:50:53.178+0000][992.597s][info][gc,heap     ] GC(132) Survivor regions: 33->32(94)
[2024-05-30T10:50:53.178+0000][992.597s][info][gc,heap     ] GC(132) Old regions: 379->382
[2024-05-30T10:50:53.178+0000][992.597s][info][gc,heap     ] GC(132) Archive regions: 2->2
[2024-05-30T10:50:53.178+0000][992.597s][info][gc,heap     ] GC(132) Humongous regions: 68->68
[2024-05-30T10:50:53.178+0000][992.597s][info][gc,metaspace] GC(132) Metaspace: 410239K(416320K)->410239K(416320K) NonClass: 358300K(361728K)->358300K(361728K) Class: 51938K(54592K)->51938K(54592K)
[2024-05-30T10:50:53.178+0000][992.597s][info][gc          ] GC(132) Pause Young (Normal) (G1 Evacuation Pause) 9544M->3856M(12288M) 95.657ms
[2024-05-30T10:50:53.178+0000][992.597s][info][gc,cpu      ] GC(132) User=0.56s Sys=0.01s Real=0.10s
[2024-05-30T10:51:01.263+0000][1000.682s][info][gc,start    ] GC(133) Pause Young (Normal) (G1 Evacuation Pause)
[2024-05-30T10:51:01.263+0000][1000.682s][info][gc,task     ] GC(133) Using 6 workers of 6 for evacuation
[2024-05-30T10:51:01.349+0000][1000.768s][info][gc,phases   ] GC(133)   Pre Evacuate Collection Set: 0.2ms
[2024-05-30T10:51:01.349+0000][1000.768s][info][gc,phases   ] GC(133)   Merge Heap Roots: 0.3ms
[2024-05-30T10:51:01.349+0000][1000.768s][info][gc,phases   ] GC(133)   Evacuate Collection Set: 83.2ms
[2024-05-30T10:51:01.349+0000][1000.768s][info][gc,phases   ] GC(133)   Post Evacuate Collection Set: 2.4ms
[2024-05-30T10:51:01.349+0000][1000.768s][info][gc,phases   ] GC(133)   Other: 0.2ms
[2024-05-30T10:51:01.349+0000][1000.768s][info][gc,heap     ] GC(133) Eden regions: 712->0(709)
[2024-05-30T10:51:01.349+0000][1000.768s][info][gc,heap     ] GC(133) Survivor regions: 32->33(93)
[2024-05-30T10:51:01.349+0000][1000.768s][info][gc,heap     ] GC(133) Old regions: 382->383
[2024-05-30T10:51:01.349+0000][1000.768s][info][gc,heap     ] GC(133) Archive regions: 2->2
[2024-05-30T10:51:01.349+0000][1000.768s][info][gc,heap     ] GC(133) Humongous regions: 68->68
[2024-05-30T10:51:01.349+0000][1000.768s][info][gc,metaspace] GC(133) Metaspace: 410244K(416320K)->410244K(416320K) NonClass: 358305K(361728K)->358305K(361728K) Class: 51939K(54592K)->51939K(54592K)
[2024-05-30T10:51:01.349+0000][1000.768s][info][gc          ] GC(133) Pause Young (Normal) (G1 Evacuation Pause) 9552M->3868M(12288M) 86.381ms
[2024-05-30T10:51:01.349+0000][1000.768s][info][gc,cpu      ] GC(133) User=0.51s Sys=0.01s Real=0.09s
[2024-05-30T10:51:09.074+0000][1008.493s][info][gc,start    ] GC(134) Pause Young (Normal) (G1 Evacuation Pause)
[2024-05-30T10:51:09.074+0000][1008.493s][info][gc,task     ] GC(134) Using 6 workers of 6 for evacuation
[2024-05-30T10:51:09.166+0000][1008.585s][info][gc,phases   ] GC(134)   Pre Evacuate Collection Set: 0.2ms
[2024-05-30T10:51:09.166+0000][1008.585s][info][gc,phases   ] GC(134)   Merge Heap Roots: 0.3ms
[2024-05-30T10:51:09.166+0000][1008.585s][info][gc,phases   ] GC(134)   Evacuate Collection Set: 88.8ms
[2024-05-30T10:51:09.166+0000][1008.585s][info][gc,phases   ] GC(134)   Post Evacuate Collection Set: 2.5ms
[2024-05-30T10:51:09.166+0000][1008.585s][info][gc,phases   ] GC(134)   Other: 0.2ms
[2024-05-30T10:51:09.166+0000][1008.585s][info][gc,heap     ] GC(134) Eden regions: 709->0(719)
[2024-05-30T10:51:09.166+0000][1008.585s][info][gc,heap     ] GC(134) Survivor regions: 33->26(93)
[2024-05-30T10:51:09.166+0000][1008.585s][info][gc,heap     ] GC(134) Old regions: 383->387
[2024-05-30T10:51:09.166+0000][1008.585s][info][gc,heap     ] GC(134) Archive regions: 2->2
[2024-05-30T10:51:09.166+0000][1008.585s][info][gc,heap     ] GC(134) Humongous regions: 68->68
[2024-05-30T10:51:09.166+0000][1008.585s][info][gc,metaspace] GC(134) Metaspace: 410245K(416320K)->410245K(416320K) NonClass: 358305K(361728K)->358305K(361728K) Class: 51939K(54592K)->51939K(54592K)
[2024-05-30T10:51:09.166+0000][1008.585s][info][gc          ] GC(134) Pause Young (Normal) (G1 Evacuation Pause) 9540M->3850M(12288M) 92.029ms
[2024-05-30T10:51:09.166+0000][1008.585s][info][gc,cpu      ] GC(134) User=0.54s Sys=0.00s Real=0.09s
[2024-05-30T10:51:17.241+0000][1016.660s][info][gc,start    ] GC(135) Pause Young (Normal) (G1 Evacuation Pause)
[2024-05-30T10:51:17.241+0000][1016.660s][info][gc,task     ] GC(135) Using 6 workers of 6 for evacuation
[2024-05-30T10:51:17.320+0000][1016.740s][info][gc,phases   ] GC(135)   Pre Evacuate Collection Set: 0.2ms
[2024-05-30T10:51:17.320+0000][1016.740s][info][gc,phases   ] GC(135)   Merge Heap Roots: 0.3ms
[2024-05-30T10:51:17.320+0000][1016.740s][info][gc,phases   ] GC(135)   Evacuate Collection Set: 76.4ms
[2024-05-30T10:51:17.320+0000][1016.740s][info][gc,phases   ] GC(135)   Post Evacuate Collection Set: 2.4ms
[2024-05-30T10:51:17.320+0000][1016.740s][info][gc,phases   ] GC(135)   Other: 0.3ms
[2024-05-30T10:51:17.320+0000][1016.740s][info][gc,heap     ] GC(135) Eden regions: 719->0(717)
[2024-05-30T10:51:17.320+0000][1016.740s][info][gc,heap     ] GC(135) Survivor regions: 26->26(94)
[2024-05-30T10:51:17.320+0000][1016.740s][info][gc,heap     ] GC(135) Old regions: 387->389
[2024-05-30T10:51:17.320+0000][1016.740s][info][gc,heap     ] GC(135) Archive regions: 2->2
[2024-05-30T10:51:17.320+0000][1016.740s][info][gc,heap     ] GC(135) Humongous regions: 68->68
[2024-05-30T10:51:17.320+0000][1016.740s][info][gc,metaspace] GC(135) Metaspace: 410260K(416320K)->410260K(416320K) NonClass: 358321K(361728K)->358321K(361728K) Class: 51939K(54592K)->51939K(54592K)
[2024-05-30T10:51:17.320+0000][1016.740s][info][gc          ] GC(135) Pause Young (Normal) (G1 Evacuation Pause) 9602M->3868M(12288M) 79.619ms
[2024-05-30T10:51:17.321+0000][1016.740s][info][gc,cpu      ] GC(135) User=0.47s Sys=0.01s Real=0.08s
[2024-05-30T10:51:25.073+0000][1024.492s][info][gc,start    ] GC(136) Pause Young (Normal) (G1 Evacuation Pause)
[2024-05-30T10:51:25.073+0000][1024.492s][info][gc,task     ] GC(136) Using 6 workers of 6 for evacuation
[2024-05-30T10:51:25.143+0000][1024.562s][info][gc,phases   ] GC(136)   Pre Evacuate Collection Set: 0.2ms
[2024-05-30T10:51:25.143+0000][1024.563s][info][gc,phases   ] GC(136)   Merge Heap Roots: 0.3ms
[2024-05-30T10:51:25.143+0000][1024.563s][info][gc,phases   ] GC(136)   Evacuate Collection Set: 67.8ms
[2024-05-30T10:51:25.143+0000][1024.563s][info][gc,phases   ] GC(136)   Post Evacuate Collection Set: 2.4ms
[2024-05-30T10:51:25.143+0000][1024.563s][info][gc,phases   ] GC(136)   Other: 0.2ms
[2024-05-30T10:51:25.143+0000][1024.563s][info][gc,heap     ] GC(136) Eden regions: 717->0(715)
[2024-05-30T10:51:25.143+0000][1024.563s][info][gc,heap     ] GC(136) Survivor regions: 26->26(93)
[2024-05-30T10:51:25.143+0000][1024.563s][info][gc,heap     ] GC(136) Old regions: 389->391
[2024-05-30T10:51:25.143+0000][1024.563s][info][gc,heap     ] GC(136) Archive regions: 2->2
[2024-05-30T10:51:25.143+0000][1024.563s][info][gc,heap     ] GC(136) Humongous regions: 68->68
[2024-05-30T10:51:25.143+0000][1024.563s][info][gc,metaspace] GC(136) Metaspace: 410264K(416320K)->410264K(416320K) NonClass: 358325K(361728K)->358325K(361728K) Class: 51939K(54592K)->51939K(54592K)
[2024-05-30T10:51:25.143+0000][1024.563s][info][gc          ] GC(136) Pause Young (Normal) (G1 Evacuation Pause) 9604M->3880M(12288M) 70.858ms
[2024-05-30T10:51:25.143+0000][1024.563s][info][gc,cpu      ] GC(136) User=0.42s Sys=0.01s Real=0.07s
[2024-05-30T10:51:32.726+0000][1032.145s][info][gc,start    ] GC(137) Pause Young (Normal) (G1 Evacuation Pause)
[2024-05-30T10:51:32.726+0000][1032.146s][info][gc,task     ] GC(137) Using 6 workers of 6 for evacuation
[2024-05-30T10:51:32.799+0000][1032.218s][info][gc,phases   ] GC(137)   Pre Evacuate Collection Set: 0.2ms
[2024-05-30T10:51:32.799+0000][1032.218s][info][gc,phases   ] GC(137)   Merge Heap Roots: 0.2ms
[2024-05-30T10:51:32.799+0000][1032.218s][info][gc,phases   ] GC(137)   Evacuate Collection Set: 69.9ms
[2024-05-30T10:51:32.799+0000][1032.218s][info][gc,phases   ] GC(137)   Post Evacuate Collection Set: 2.4ms
[2024-05-30T10:51:32.799+0000][1032.218s][info][gc,phases   ] GC(137)   Other: 0.2ms
[2024-05-30T10:51:32.799+0000][1032.218s][info][gc,heap     ] GC(137) Eden regions: 715->0(714)
[2024-05-30T10:51:32.799+0000][1032.218s][info][gc,heap     ] GC(137) Survivor regions: 26->25(93)
[2024-05-30T10:51:32.799+0000][1032.218s][info][gc,heap     ] GC(137) Old regions: 391->394
[2024-05-30T10:51:32.799+0000][1032.218s][info][gc,heap     ] GC(137) Archive regions: 2->2
[2024-05-30T10:51:32.799+0000][1032.218s][info][gc,heap     ] GC(137) Humongous regions: 68->68
[2024-05-30T10:51:32.799+0000][1032.218s][info][gc,metaspace] GC(137) Metaspace: 410290K(416320K)->410290K(416320K) NonClass: 358350K(361728K)->358350K(361728K) Class: 51939K(54592K)->51939K(54592K)
[2024-05-30T10:51:32.799+0000][1032.218s][info][gc          ] GC(137) Pause Young (Normal) (G1 Evacuation Pause) 9600M->3893M(12288M) 72.917ms
[2024-05-30T10:51:32.799+0000][1032.218s][info][gc,cpu      ] GC(137) User=0.42s Sys=0.01s Real=0.08s
[2024-05-30T10:51:40.134+0000][1039.553s][info][gc,start    ] GC(138) Pause Young (Normal) (G1 Evacuation Pause)
[2024-05-30T10:51:40.134+0000][1039.553s][info][gc,task     ] GC(138) Using 6 workers of 6 for evacuation
[2024-05-30T10:51:40.193+0000][1039.612s][info][gc,phases   ] GC(138)   Pre Evacuate Collection Set: 0.2ms
[2024-05-30T10:51:40.193+0000][1039.612s][info][gc,phases   ] GC(138)   Merge Heap Roots: 0.2ms
[2024-05-30T10:51:40.193+0000][1039.612s][info][gc,phases   ] GC(138)   Evacuate Collection Set: 56.3ms
[2024-05-30T10:51:40.193+0000][1039.612s][info][gc,phases   ] GC(138)   Post Evacuate Collection Set: 2.4ms
[2024-05-30T10:51:40.193+0000][1039.612s][info][gc,phases   ] GC(138)   Other: 0.2ms
[2024-05-30T10:51:40.193+0000][1039.612s][info][gc,heap     ] GC(138) Eden regions: 714->0(715)
[2024-05-30T10:51:40.193+0000][1039.612s][info][gc,heap     ] GC(138) Survivor regions: 25->24(93)
[2024-05-30T10:51:40.193+0000][1039.612s][info][gc,heap     ] GC(138) Old regions: 394->395
[2024-05-30T10:51:40.193+0000][1039.612s][info][gc,heap     ] GC(138) Archive regions: 2->2
[2024-05-30T10:51:40.193+0000][1039.612s][info][gc,heap     ] GC(138) Humongous regions: 68->68
[2024-05-30T10:51:40.193+0000][1039.612s][info][gc,metaspace] GC(138) Metaspace: 410297K(416384K)->410297K(416384K) NonClass: 358357K(361792K)->358357K(361792K) Class: 51939K(54592K)->51939K(54592K)
[2024-05-30T10:51:40.193+0000][1039.612s][info][gc          ] GC(138) Pause Young (Normal) (G1 Evacuation Pause) 9605M->3893M(12288M) 59.381ms
[2024-05-30T10:51:40.193+0000][1039.612s][info][gc,cpu      ] GC(138) User=0.35s Sys=0.00s Real=0.06s
[2024-05-30T10:51:47.877+0000][1047.296s][info][gc,start    ] GC(139) Pause Young (Normal) (G1 Evacuation Pause)
[2024-05-30T10:51:47.877+0000][1047.296s][info][gc,task     ] GC(139) Using 6 workers of 6 for evacuation
[2024-05-30T10:51:47.939+0000][1047.359s][info][gc,phases   ] GC(139)   Pre Evacuate Collection Set: 0.2ms
[2024-05-30T10:51:47.939+0000][1047.359s][info][gc,phases   ] GC(139)   Merge Heap Roots: 0.3ms
[2024-05-30T10:51:47.939+0000][1047.359s][info][gc,phases   ] GC(139)   Evacuate Collection Set: 59.6ms
[2024-05-30T10:51:47.939+0000][1047.359s][info][gc,phases   ] GC(139)   Post Evacuate Collection Set: 2.2ms
[2024-05-30T10:51:47.939+0000][1047.359s][info][gc,phases   ] GC(139)   Other: 0.2ms
[2024-05-30T10:51:47.939+0000][1047.359s][info][gc,heap     ] GC(139) Eden regions: 715->0(710)
[2024-05-30T10:51:47.939+0000][1047.359s][info][gc,heap     ] GC(139) Survivor regions: 24->26(93)
[2024-05-30T10:51:47.939+0000][1047.359s][info][gc,heap     ] GC(139) Old regions: 395->396
[2024-05-30T10:51:47.939+0000][1047.359s][info][gc,heap     ] GC(139) Archive regions: 2->2
[2024-05-30T10:51:47.939+0000][1047.359s][info][gc,heap     ] GC(139) Humongous regions: 68->68
[2024-05-30T10:51:47.939+0000][1047.359s][info][gc,metaspace] GC(139) Metaspace: 410322K(416384K)->410322K(416384K) NonClass: 358382K(361792K)->358382K(361792K) Class: 51939K(54592K)->51939K(54592K)
[2024-05-30T10:51:47.939+0000][1047.359s][info][gc          ] GC(139) Pause Young (Normal) (G1 Evacuation Pause) 9613M->3915M(12288M) 62.528ms
[2024-05-30T10:51:47.939+0000][1047.359s][info][gc,cpu      ] GC(139) User=0.37s Sys=0.00s Real=0.06s
[2024-05-30T10:51:55.227+0000][1054.647s][info][gc,start    ] GC(140) Pause Young (Normal) (G1 Evacuation Pause)
[2024-05-30T10:51:55.227+0000][1054.647s][info][gc,task     ] GC(140) Using 6 workers of 6 for evacuation
[2024-05-30T10:51:55.304+0000][1054.723s][info][gc,phases   ] GC(140)   Pre Evacuate Collection Set: 0.3ms
[2024-05-30T10:51:55.304+0000][1054.723s][info][gc,phases   ] GC(140)   Merge Heap Roots: 0.3ms
[2024-05-30T10:51:55.304+0000][1054.723s][info][gc,phases   ] GC(140)   Evacuate Collection Set: 73.0ms
[2024-05-30T10:51:55.304+0000][1054.723s][info][gc,phases   ] GC(140)   Post Evacuate Collection Set: 2.4ms
[2024-05-30T10:51:55.304+0000][1054.723s][info][gc,phases   ] GC(140)   Other: 0.2ms
[2024-05-30T10:51:55.304+0000][1054.723s][info][gc,heap     ] GC(140) Eden regions: 710->0(715)
[2024-05-30T10:51:55.304+0000][1054.723s][info][gc,heap     ] GC(140) Survivor regions: 26->23(92)
[2024-05-30T10:51:55.304+0000][1054.723s][info][gc,heap     ] GC(140) Old regions: 396->397
[2024-05-30T10:51:55.304+0000][1054.723s][info][gc,heap     ] GC(140) Archive regions: 2->2
[2024-05-30T10:51:55.304+0000][1054.723s][info][gc,heap     ] GC(140) Humongous regions: 68->68
[2024-05-30T10:51:55.304+0000][1054.723s][info][gc,metaspace] GC(140) Metaspace: 410354K(416384K)->410354K(416384K) NonClass: 358413K(361792K)->358413K(361792K) Class: 51941K(54592K)->51941K(54592K)
[2024-05-30T10:51:55.304+0000][1054.723s][info][gc          ] GC(140) Pause Young (Normal) (G1 Evacuation Pause) 9595M->3897M(12288M) 76.286ms
[2024-05-30T10:51:55.304+0000][1054.723s][info][gc,cpu      ] GC(140) User=0.46s Sys=0.00s Real=0.08s
[2024-05-30T10:52:02.854+0000][1062.273s][info][gc,start    ] GC(141) Pause Young (Normal) (G1 Evacuation Pause)
[2024-05-30T10:52:02.854+0000][1062.273s][info][gc,task     ] GC(141) Using 6 workers of 6 for evacuation
[2024-05-30T10:52:02.916+0000][1062.335s][info][gc,phases   ] GC(141)   Pre Evacuate Collection Set: 0.2ms
[2024-05-30T10:52:02.916+0000][1062.335s][info][gc,phases   ] GC(141)   Merge Heap Roots: 0.2ms
[2024-05-30T10:52:02.916+0000][1062.335s][info][gc,phases   ] GC(141)   Evacuate Collection Set: 58.9ms
[2024-05-30T10:52:02.916+0000][1062.335s][info][gc,phases   ] GC(141)   Post Evacuate Collection Set: 2.3ms
[2024-05-30T10:52:02.916+0000][1062.335s][info][gc,phases   ] GC(141)   Other: 0.2ms
[2024-05-30T10:52:02.916+0000][1062.335s][info][gc,heap     ] GC(141) Eden regions: 715->0(713)
[2024-05-30T10:52:02.916+0000][1062.335s][info][gc,heap     ] GC(141) Survivor regions: 23->24(93)
[2024-05-30T10:52:02.916+0000][1062.335s][info][gc,heap     ] GC(141) Old regions: 397->397
[2024-05-30T10:52:02.916+0000][1062.335s][info][gc,heap     ] GC(141) Archive regions: 2->2
[2024-05-30T10:52:02.916+0000][1062.335s][info][gc,heap     ] GC(141) Humongous regions: 68->68
[2024-05-30T10:52:02.916+0000][1062.335s][info][gc,metaspace] GC(141) Metaspace: 410372K(416384K)->410372K(416384K) NonClass: 358431K(361792K)->358431K(361792K) Class: 51941K(54592K)->51941K(54592K)
[2024-05-30T10:52:02.916+0000][1062.335s][info][gc          ] GC(141) Pause Young (Normal) (G1 Evacuation Pause) 9617M->3911M(12288M) 61.875ms
[2024-05-30T10:52:02.916+0000][1062.335s][info][gc,cpu      ] GC(141) User=0.36s Sys=0.00s Real=0.06s
[2024-05-30T10:52:07.570+0000][1066.989s][info][gc,start    ] GC(142) Pause Young (Normal) (G1 Evacuation Pause)
[2024-05-30T10:52:07.570+0000][1066.989s][info][gc,task     ] GC(142) Using 6 workers of 6 for evacuation
[2024-05-30T10:52:07.672+0000][1067.091s][info][gc,phases   ] GC(142)   Pre Evacuate Collection Set: 0.2ms
[2024-05-30T10:52:07.672+0000][1067.091s][info][gc,phases   ] GC(142)   Merge Heap Roots: 0.2ms
[2024-05-30T10:52:07.672+0000][1067.091s][info][gc,phases   ] GC(142)   Evacuate Collection Set: 88.0ms
[2024-05-30T10:52:07.672+0000][1067.091s][info][gc,phases   ] GC(142)   Post Evacuate Collection Set: 13.2ms
[2024-05-30T10:52:07.672+0000][1067.091s][info][gc,phases   ] GC(142)   Other: 0.3ms
[2024-05-30T10:52:07.672+0000][1067.091s][info][gc,heap     ] GC(142) Eden regions: 713->0(706)
[2024-05-30T10:52:07.672+0000][1067.091s][info][gc,heap     ] GC(142) Survivor regions: 24->27(93)
[2024-05-30T10:52:07.672+0000][1067.091s][info][gc,heap     ] GC(142) Old regions: 397->398
[2024-05-30T10:52:07.672+0000][1067.091s][info][gc,heap     ] GC(142) Archive regions: 2->2
[2024-05-30T10:52:07.672+0000][1067.091s][info][gc,heap     ] GC(142) Humongous regions: 68->68
[2024-05-30T10:52:07.672+0000][1067.091s][info][gc,metaspace] GC(142) Metaspace: 410379K(416384K)->410379K(416384K) NonClass: 358438K(361792K)->358438K(361792K) Class: 51941K(54592K)->51941K(54592K)
[2024-05-30T10:52:07.672+0000][1067.091s][info][gc          ] GC(142) Pause Young (Normal) (G1 Evacuation Pause) 9615M->3945M(12288M) 101.871ms
[2024-05-30T10:52:07.672+0000][1067.091s][info][gc,cpu      ] GC(142) User=0.60s Sys=0.00s Real=0.10s
[2024-05-30T10:52:09.901+0000][1069.321s][info][gc,start    ] GC(143) Pause Young (Normal) (G1 Evacuation Pause)
[2024-05-30T10:52:09.901+0000][1069.321s][info][gc,task     ] GC(143) Using 6 workers of 6 for evacuation
[2024-05-30T10:52:10.017+0000][1069.436s][info][gc,phases   ] GC(143)   Pre Evacuate Collection Set: 0.2ms
[2024-05-30T10:52:10.017+0000][1069.436s][info][gc,phases   ] GC(143)   Merge Heap Roots: 0.3ms
[2024-05-30T10:52:10.017+0000][1069.436s][info][gc,phases   ] GC(143)   Evacuate Collection Set: 99.0ms
[2024-05-30T10:52:10.017+0000][1069.436s][info][gc,phases   ] GC(143)   Post Evacuate Collection Set: 16.0ms
[2024-05-30T10:52:10.017+0000][1069.436s][info][gc,phases   ] GC(143)   Other: 0.2ms
[2024-05-30T10:52:10.017+0000][1069.436s][info][gc,heap     ] GC(143) Eden regions: 706->0(697)
[2024-05-30T10:52:10.017+0000][1069.436s][info][gc,heap     ] GC(143) Survivor regions: 27->31(92)
[2024-05-30T10:52:10.017+0000][1069.436s][info][gc,heap     ] GC(143) Old regions: 398->399
[2024-05-30T10:52:10.017+0000][1069.436s][info][gc,heap     ] GC(143) Archive regions: 2->2
[2024-05-30T10:52:10.017+0000][1069.436s][info][gc,heap     ] GC(143) Humongous regions: 68->68
[2024-05-30T10:52:10.017+0000][1069.436s][info][gc,metaspace] GC(143) Metaspace: 410389K(416448K)->410389K(416448K) NonClass: 358447K(361856K)->358447K(361856K) Class: 51941K(54592K)->51941K(54592K)
[2024-05-30T10:52:10.017+0000][1069.436s][info][gc          ] GC(143) Pause Young (Normal) (G1 Evacuation Pause) 9593M->3978M(12288M) 115.697ms
[2024-05-30T10:52:10.017+0000][1069.436s][info][gc,cpu      ] GC(143) User=0.67s Sys=0.01s Real=0.12s
[2024-05-30T10:52:12.348+0000][1071.768s][info][gc,start    ] GC(144) Pause Young (Normal) (G1 Evacuation Pause)
[2024-05-30T10:52:12.348+0000][1071.768s][info][gc,task     ] GC(144) Using 6 workers of 6 for evacuation
[2024-05-30T10:52:12.483+0000][1071.903s][info][gc,phases   ] GC(144)   Pre Evacuate Collection Set: 0.2ms
[2024-05-30T10:52:12.483+0000][1071.903s][info][gc,phases   ] GC(144)   Merge Heap Roots: 0.3ms
[2024-05-30T10:52:12.483+0000][1071.903s][info][gc,phases   ] GC(144)   Evacuate Collection Set: 115.2ms
[2024-05-30T10:52:12.483+0000][1071.903s][info][gc,phases   ] GC(144)   Post Evacuate Collection Set: 19.1ms
[2024-05-30T10:52:12.483+0000][1071.903s][info][gc,phases   ] GC(144)   Other: 0.2ms
[2024-05-30T10:52:12.483+0000][1071.903s][info][gc,heap     ] GC(144) Eden regions: 697->0(691)
[2024-05-30T10:52:12.483+0000][1071.903s][info][gc,heap     ] GC(144) Survivor regions: 31->34(91)
[2024-05-30T10:52:12.483+0000][1071.903s][info][gc,heap     ] GC(144) Old regions: 399->399
[2024-05-30T10:52:12.483+0000][1071.903s][info][gc,heap     ] GC(144) Archive regions: 2->2
[2024-05-30T10:52:12.483+0000][1071.903s][info][gc,heap     ] GC(144) Humongous regions: 68->68
[2024-05-30T10:52:12.483+0000][1071.903s][info][gc,metaspace] GC(144) Metaspace: 410393K(416448K)->410393K(416448K) NonClass: 358452K(361856K)->358452K(361856K) Class: 51941K(54592K)->51941K(54592K)
[2024-05-30T10:52:12.483+0000][1071.903s][info][gc          ] GC(144) Pause Young (Normal) (G1 Evacuation Pause) 9554M->4008M(12288M) 135.023ms
[2024-05-30T10:52:12.483+0000][1071.903s][info][gc,cpu      ] GC(144) User=0.79s Sys=0.01s Real=0.13s
[2024-05-30T10:52:14.580+0000][1074.000s][info][gc,start    ] GC(145) Pause Young (Normal) (G1 Evacuation Pause)
[2024-05-30T10:52:14.580+0000][1074.000s][info][gc,task     ] GC(145) Using 6 workers of 6 for evacuation
[2024-05-30T10:52:14.744+0000][1074.163s][info][gc,phases   ] GC(145)   Pre Evacuate Collection Set: 0.2ms
[2024-05-30T10:52:14.744+0000][1074.163s][info][gc,phases   ] GC(145)   Merge Heap Roots: 0.3ms
[2024-05-30T10:52:14.744+0000][1074.163s][info][gc,phases   ] GC(145)   Evacuate Collection Set: 141.5ms
[2024-05-30T10:52:14.744+0000][1074.163s][info][gc,phases   ] GC(145)   Post Evacuate Collection Set: 20.9ms
[2024-05-30T10:52:14.744+0000][1074.163s][info][gc,phases   ] GC(145)   Other: 0.2ms
[2024-05-30T10:52:14.744+0000][1074.163s][info][gc,heap     ] GC(145) Eden regions: 691->0(684)
[2024-05-30T10:52:14.744+0000][1074.163s][info][gc,heap     ] GC(145) Survivor regions: 34->37(91)
[2024-05-30T10:52:14.744+0000][1074.163s][info][gc,heap     ] GC(145) Old regions: 399->400
[2024-05-30T10:52:14.744+0000][1074.163s][info][gc,heap     ] GC(145) Archive regions: 2->2
[2024-05-30T10:52:14.744+0000][1074.163s][info][gc,heap     ] GC(145) Humongous regions: 68->68
[2024-05-30T10:52:14.744+0000][1074.163s][info][gc,metaspace] GC(145) Metaspace: 410393K(416448K)->410393K(416448K) NonClass: 358452K(361856K)->358452K(361856K) Class: 51941K(54592K)->51941K(54592K)
[2024-05-30T10:52:14.744+0000][1074.163s][info][gc          ] GC(145) Pause Young (Normal) (G1 Evacuation Pause) 9536M->4038M(12288M) 163.186ms
[2024-05-30T10:52:14.744+0000][1074.163s][info][gc,cpu      ] GC(145) User=0.96s Sys=0.01s Real=0.16s
[2024-05-30T10:52:16.939+0000][1076.358s][info][gc,start    ] GC(146) Pause Young (Normal) (G1 Evacuation Pause)
[2024-05-30T10:52:16.939+0000][1076.358s][info][gc,task     ] GC(146) Using 6 workers of 6 for evacuation
[2024-05-30T10:52:17.094+0000][1076.513s][info][gc,phases   ] GC(146)   Pre Evacuate Collection Set: 0.2ms
[2024-05-30T10:52:17.094+0000][1076.513s][info][gc,phases   ] GC(146)   Merge Heap Roots: 0.4ms
[2024-05-30T10:52:17.094+0000][1076.513s][info][gc,phases   ] GC(146)   Evacuate Collection Set: 134.8ms
[2024-05-30T10:52:17.094+0000][1076.513s][info][gc,phases   ] GC(146)   Post Evacuate Collection Set: 19.4ms
[2024-05-30T10:52:17.094+0000][1076.513s][info][gc,phases   ] GC(146)   Other: 0.2ms
[2024-05-30T10:52:17.094+0000][1076.513s][info][gc,heap     ] GC(146) Eden regions: 684->0(679)
[2024-05-30T10:52:17.094+0000][1076.513s][info][gc,heap     ] GC(146) Survivor regions: 37->39(91)
[2024-05-30T10:52:17.094+0000][1076.513s][info][gc,heap     ] GC(146) Old regions: 400->401
[2024-05-30T10:52:17.094+0000][1076.513s][info][gc,heap     ] GC(146) Archive regions: 2->2
[2024-05-30T10:52:17.094+0000][1076.513s][info][gc,heap     ] GC(146) Humongous regions: 68->68
[2024-05-30T10:52:17.094+0000][1076.513s][info][gc,metaspace] GC(146) Metaspace: 410393K(416448K)->410393K(416448K) NonClass: 358452K(361856K)->358452K(361856K) Class: 51941K(54592K)->51941K(54592K)
[2024-05-30T10:52:17.094+0000][1076.513s][info][gc          ] GC(146) Pause Young (Normal) (G1 Evacuation Pause) 9510M->4065M(12288M) 155.109ms
[2024-05-30T10:52:17.094+0000][1076.514s][info][gc,cpu      ] GC(146) User=0.90s Sys=0.00s Real=0.15s
[2024-05-30T10:52:19.059+0000][1078.479s][info][gc,start    ] GC(147) Pause Young (Normal) (G1 Evacuation Pause)
[2024-05-30T10:52:19.059+0000][1078.479s][info][gc,task     ] GC(147) Using 6 workers of 6 for evacuation
[2024-05-30T10:52:19.202+0000][1078.621s][info][gc,phases   ] GC(147)   Pre Evacuate Collection Set: 0.2ms
[2024-05-30T10:52:19.202+0000][1078.621s][info][gc,phases   ] GC(147)   Merge Heap Roots: 0.3ms
[2024-05-30T10:52:19.202+0000][1078.621s][info][gc,phases   ] GC(147)   Evacuate Collection Set: 128.7ms
[2024-05-30T10:52:19.202+0000][1078.621s][info][gc,phases   ] GC(147)   Post Evacuate Collection Set: 13.4ms
[2024-05-30T10:52:19.202+0000][1078.621s][info][gc,phases   ] GC(147)   Other: 0.2ms
[2024-05-30T10:52:19.202+0000][1078.621s][info][gc,heap     ] GC(147) Eden regions: 679->0(676)
[2024-05-30T10:52:19.202+0000][1078.621s][info][gc,heap     ] GC(147) Survivor regions: 39->40(90)
[2024-05-30T10:52:19.202+0000][1078.621s][info][gc,heap     ] GC(147) Old regions: 401->402
[2024-05-30T10:52:19.202+0000][1078.621s][info][gc,heap     ] GC(147) Archive regions: 2->2
[2024-05-30T10:52:19.202+0000][1078.621s][info][gc,heap     ] GC(147) Humongous regions: 68->68
[2024-05-30T10:52:19.202+0000][1078.621s][info][gc,metaspace] GC(147) Metaspace: 410393K(416448K)->410393K(416448K) NonClass: 358452K(361856K)->358452K(361856K) Class: 51941K(54592K)->51941K(54592K)
[2024-05-30T10:52:19.202+0000][1078.621s][info][gc          ] GC(147) Pause Young (Normal) (G1 Evacuation Pause) 9497M->4080M(12288M) 142.922ms
[2024-05-30T10:52:19.202+0000][1078.622s][info][gc,cpu      ] GC(147) User=0.84s Sys=0.00s Real=0.14s
[2024-05-30T10:52:20.992+0000][1080.411s][info][gc,start    ] GC(148) Pause Young (Normal) (G1 Evacuation Pause)
[2024-05-30T10:52:20.992+0000][1080.411s][info][gc,task     ] GC(148) Using 6 workers of 6 for evacuation
[2024-05-30T10:52:21.110+0000][1080.530s][info][gc,phases   ] GC(148)   Pre Evacuate Collection Set: 0.2ms
[2024-05-30T10:52:21.110+0000][1080.530s][info][gc,phases   ] GC(148)   Merge Heap Roots: 0.4ms
[2024-05-30T10:52:21.110+0000][1080.530s][info][gc,phases   ] GC(148)   Evacuate Collection Set: 111.5ms
[2024-05-30T10:52:21.110+0000][1080.530s][info][gc,phases   ] GC(148)   Post Evacuate Collection Set: 6.1ms
[2024-05-30T10:52:21.110+0000][1080.530s][info][gc,phases   ] GC(148)   Other: 0.2ms
[2024-05-30T10:52:21.110+0000][1080.530s][info][gc,heap     ] GC(148) Eden regions: 676->0(677)
[2024-05-30T10:52:21.110+0000][1080.530s][info][gc,heap     ] GC(148) Survivor regions: 40->39(90)
[2024-05-30T10:52:21.110+0000][1080.530s][info][gc,heap     ] GC(148) Old regions: 402->403
[2024-05-30T10:52:21.110+0000][1080.530s][info][gc,heap     ] GC(148) Archive regions: 2->2
[2024-05-30T10:52:21.110+0000][1080.530s][info][gc,heap     ] GC(148) Humongous regions: 68->68
[2024-05-30T10:52:21.110+0000][1080.530s][info][gc,metaspace] GC(148) Metaspace: 410393K(416448K)->410393K(416448K) NonClass: 358452K(361856K)->358452K(361856K) Class: 51941K(54592K)->51941K(54592K)
[2024-05-30T10:52:21.110+0000][1080.530s][info][gc          ] GC(148) Pause Young (Normal) (G1 Evacuation Pause) 9488M->4074M(12288M) 118.498ms
[2024-05-30T10:52:21.111+0000][1080.530s][info][gc,cpu      ] GC(148) User=0.70s Sys=0.00s Real=0.12s
[2024-05-30T10:52:22.902+0000][1082.322s][info][gc,start    ] GC(149) Pause Young (Normal) (G1 Evacuation Pause)
[2024-05-30T10:52:22.902+0000][1082.322s][info][gc,task     ] GC(149) Using 6 workers of 6 for evacuation
[2024-05-30T10:52:23.037+0000][1082.456s][info][gc,phases   ] GC(149)   Pre Evacuate Collection Set: 0.2ms
[2024-05-30T10:52:23.037+0000][1082.456s][info][gc,phases   ] GC(149)   Merge Heap Roots: 0.4ms
[2024-05-30T10:52:23.037+0000][1082.456s][info][gc,phases   ] GC(149)   Evacuate Collection Set: 123.9ms
[2024-05-30T10:52:23.037+0000][1082.456s][info][gc,phases   ] GC(149)   Post Evacuate Collection Set: 9.6ms
[2024-05-30T10:52:23.037+0000][1082.456s][info][gc,phases   ] GC(149)   Other: 0.2ms
[2024-05-30T10:52:23.037+0000][1082.456s][info][gc,heap     ] GC(149) Eden regions: 677->0(672)
[2024-05-30T10:52:23.037+0000][1082.456s][info][gc,heap     ] GC(149) Survivor regions: 39->41(90)
[2024-05-30T10:52:23.037+0000][1082.456s][info][gc,heap     ] GC(149) Old regions: 403->404
[2024-05-30T10:52:23.037+0000][1082.456s][info][gc,heap     ] GC(149) Archive regions: 2->2
[2024-05-30T10:52:23.037+0000][1082.456s][info][gc,heap     ] GC(149) Humongous regions: 68->68
[2024-05-30T10:52:23.037+0000][1082.456s][info][gc,metaspace] GC(149) Metaspace: 410399K(416448K)->410399K(416448K) NonClass: 358458K(361856K)->358458K(361856K) Class: 51941K(54592K)->51941K(54592K)
[2024-05-30T10:52:23.037+0000][1082.456s][info][gc          ] GC(149) Pause Young (Normal) (G1 Evacuation Pause) 9490M->4097M(12288M) 134.325ms
[2024-05-30T10:52:23.037+0000][1082.456s][info][gc,cpu      ] GC(149) User=0.79s Sys=0.00s Real=0.14s
[2024-05-30T10:52:24.977+0000][1084.396s][info][gc,start    ] GC(150) Pause Young (Normal) (G1 Evacuation Pause)
[2024-05-30T10:52:24.977+0000][1084.396s][info][gc,task     ] GC(150) Using 6 workers of 6 for evacuation
[2024-05-30T10:52:25.145+0000][1084.564s][info][gc,phases   ] GC(150)   Pre Evacuate Collection Set: 0.2ms
[2024-05-30T10:52:25.145+0000][1084.564s][info][gc,phases   ] GC(150)   Merge Heap Roots: 0.4ms
[2024-05-30T10:52:25.145+0000][1084.564s][info][gc,phases   ] GC(150)   Evacuate Collection Set: 150.2ms
[2024-05-30T10:52:25.145+0000][1084.564s][info][gc,phases   ] GC(150)   Post Evacuate Collection Set: 17.1ms
[2024-05-30T10:52:25.145+0000][1084.564s][info][gc,phases   ] GC(150)   Other: 0.2ms
[2024-05-30T10:52:25.145+0000][1084.564s][info][gc,heap     ] GC(150) Eden regions: 672->0(667)
[2024-05-30T10:52:25.145+0000][1084.564s][info][gc,heap     ] GC(150) Survivor regions: 41->43(90)
[2024-05-30T10:52:25.145+0000][1084.564s][info][gc,heap     ] GC(150) Old regions: 404->405
[2024-05-30T10:52:25.145+0000][1084.564s][info][gc,heap     ] GC(150) Archive regions: 2->2
[2024-05-30T10:52:25.145+0000][1084.564s][info][gc,heap     ] GC(150) Humongous regions: 68->68
[2024-05-30T10:52:25.145+0000][1084.564s][info][gc,metaspace] GC(150) Metaspace: 410399K(416448K)->410399K(416448K) NonClass: 358458K(361856K)->358458K(361856K) Class: 51941K(54592K)->51941K(54592K)
[2024-05-30T10:52:25.145+0000][1084.564s][info][gc          ] GC(150) Pause Young (Normal) (G1 Evacuation Pause) 9473M->4122M(12288M) 168.226ms
[2024-05-30T10:52:25.145+0000][1084.564s][info][gc,cpu      ] GC(150) User=0.98s Sys=0.01s Real=0.16s
[2024-05-30T10:52:29.545+0000][1088.964s][info][gc,start    ] GC(151) Pause Young (Normal) (G1 Evacuation Pause)
[2024-05-30T10:52:29.545+0000][1088.964s][info][gc,task     ] GC(151) Using 6 workers of 6 for evacuation
[2024-05-30T10:52:29.656+0000][1089.075s][info][gc,phases   ] GC(151)   Pre Evacuate Collection Set: 0.2ms
[2024-05-30T10:52:29.656+0000][1089.075s][info][gc,phases   ] GC(151)   Merge Heap Roots: 0.4ms
[2024-05-30T10:52:29.656+0000][1089.075s][info][gc,phases   ] GC(151)   Evacuate Collection Set: 102.0ms
[2024-05-30T10:52:29.656+0000][1089.075s][info][gc,phases   ] GC(151)   Post Evacuate Collection Set: 8.3ms
[2024-05-30T10:52:29.656+0000][1089.075s][info][gc,phases   ] GC(151)   Other: 0.2ms
[2024-05-30T10:52:29.656+0000][1089.075s][info][gc,heap     ] GC(151) Eden regions: 667->0(686)
[2024-05-30T10:52:29.656+0000][1089.075s][info][gc,heap     ] GC(151) Survivor regions: 43->33(89)
[2024-05-30T10:52:29.656+0000][1089.075s][info][gc,heap     ] GC(151) Old regions: 405->406
[2024-05-30T10:52:29.656+0000][1089.075s][info][gc,heap     ] GC(151) Archive regions: 2->2
[2024-05-30T10:52:29.656+0000][1089.075s][info][gc,heap     ] GC(151) Humongous regions: 68->68
[2024-05-30T10:52:29.656+0000][1089.075s][info][gc,metaspace] GC(151) Metaspace: 410400K(416448K)->410400K(416448K) NonClass: 358459K(361856K)->358459K(361856K) Class: 51941K(54592K)->51941K(54592K)
[2024-05-30T10:52:29.656+0000][1089.075s][info][gc          ] GC(151) Pause Young (Normal) (G1 Evacuation Pause) 9458M->4054M(12288M) 111.076ms
[2024-05-30T10:52:29.656+0000][1089.075s][info][gc,cpu      ] GC(151) User=0.65s Sys=0.00s Real=0.11s
[2024-05-30T10:52:36.662+0000][1096.081s][info][gc,start    ] GC(152) Pause Young (Normal) (G1 Evacuation Pause)
[2024-05-30T10:52:36.662+0000][1096.081s][info][gc,task     ] GC(152) Using 6 workers of 6 for evacuation
[2024-05-30T10:52:36.754+0000][1096.173s][info][gc,phases   ] GC(152)   Pre Evacuate Collection Set: 0.2ms
[2024-05-30T10:52:36.754+0000][1096.173s][info][gc,phases   ] GC(152)   Merge Heap Roots: 0.3ms
[2024-05-30T10:52:36.754+0000][1096.173s][info][gc,phases   ] GC(152)   Evacuate Collection Set: 89.1ms
[2024-05-30T10:52:36.754+0000][1096.173s][info][gc,phases   ] GC(152)   Post Evacuate Collection Set: 2.3ms
[2024-05-30T10:52:36.754+0000][1096.173s][info][gc,phases   ] GC(152)   Other: 0.2ms
[2024-05-30T10:52:36.754+0000][1096.173s][info][gc,heap     ] GC(152) Eden regions: 686->0(691)
[2024-05-30T10:52:36.754+0000][1096.173s][info][gc,heap     ] GC(152) Survivor regions: 33->30(90)
[2024-05-30T10:52:36.754+0000][1096.173s][info][gc,heap     ] GC(152) Old regions: 406->407
[2024-05-30T10:52:36.754+0000][1096.173s][info][gc,heap     ] GC(152) Archive regions: 2->2
[2024-05-30T10:52:36.754+0000][1096.173s][info][gc,heap     ] GC(152) Humongous regions: 68->68
[2024-05-30T10:52:36.754+0000][1096.173s][info][gc,metaspace] GC(152) Metaspace: 410401K(416448K)->410401K(416448K) NonClass: 358460K(361856K)->358460K(361856K) Class: 51941K(54592K)->51941K(54592K)
[2024-05-30T10:52:36.754+0000][1096.173s][info][gc          ] GC(152) Pause Young (Normal) (G1 Evacuation Pause) 9542M->4039M(12288M) 92.200ms
[2024-05-30T10:52:36.754+0000][1096.173s][info][gc,cpu      ] GC(152) User=0.54s Sys=0.01s Real=0.09s
[2024-05-30T10:52:44.027+0000][1103.446s][info][gc,start    ] GC(153) Pause Young (Normal) (G1 Evacuation Pause)
[2024-05-30T10:52:44.027+0000][1103.446s][info][gc,task     ] GC(153) Using 6 workers of 6 for evacuation
[2024-05-30T10:52:44.125+0000][1103.544s][info][gc,phases   ] GC(153)   Pre Evacuate Collection Set: 0.2ms
[2024-05-30T10:52:44.125+0000][1103.545s][info][gc,phases   ] GC(153)   Merge Heap Roots: 0.3ms
[2024-05-30T10:52:44.125+0000][1103.545s][info][gc,phases   ] GC(153)   Evacuate Collection Set: 95.3ms
[2024-05-30T10:52:44.125+0000][1103.545s][info][gc,phases   ] GC(153)   Post Evacuate Collection Set: 2.2ms
[2024-05-30T10:52:44.125+0000][1103.545s][info][gc,phases   ] GC(153)   Other: 0.3ms
[2024-05-30T10:52:44.125+0000][1103.545s][info][gc,heap     ] GC(153) Eden regions: 691->0(686)
[2024-05-30T10:52:44.125+0000][1103.545s][info][gc,heap     ] GC(153) Survivor regions: 30->32(91)
[2024-05-30T10:52:44.125+0000][1103.545s][info][gc,heap     ] GC(153) Old regions: 407->408
[2024-05-30T10:52:44.125+0000][1103.545s][info][gc,heap     ] GC(153) Archive regions: 2->2
[2024-05-30T10:52:44.125+0000][1103.545s][info][gc,heap     ] GC(153) Humongous regions: 68->68
[2024-05-30T10:52:44.125+0000][1103.545s][info][gc,metaspace] GC(153) Metaspace: 410412K(416512K)->410412K(416512K) NonClass: 358471K(361920K)->358471K(361920K) Class: 51941K(54592K)->51941K(54592K)
[2024-05-30T10:52:44.125+0000][1103.545s][info][gc          ] GC(153) Pause Young (Normal) (G1 Evacuation Pause) 9567M->4064M(12288M) 98.259ms
[2024-05-30T10:52:44.125+0000][1103.545s][info][gc,cpu      ] GC(153) User=0.58s Sys=0.00s Real=0.10s
[2024-05-30T10:52:51.283+0000][1110.702s][info][gc,start    ] GC(154) Pause Young (Normal) (G1 Evacuation Pause)
[2024-05-30T10:52:51.283+0000][1110.702s][info][gc,task     ] GC(154) Using 6 workers of 6 for evacuation
[2024-05-30T10:52:51.377+0000][1110.796s][info][gc,phases   ] GC(154)   Pre Evacuate Collection Set: 0.2ms
[2024-05-30T10:52:51.377+0000][1110.796s][info][gc,phases   ] GC(154)   Merge Heap Roots: 0.3ms
[2024-05-30T10:52:51.377+0000][1110.796s][info][gc,phases   ] GC(154)   Evacuate Collection Set: 91.3ms
[2024-05-30T10:52:51.377+0000][1110.796s][info][gc,phases   ] GC(154)   Post Evacuate Collection Set: 2.4ms
[2024-05-30T10:52:51.377+0000][1110.796s][info][gc,phases   ] GC(154)   Other: 0.2ms
[2024-05-30T10:52:51.377+0000][1110.796s][info][gc,heap     ] GC(154) Eden regions: 686->0(684)
[2024-05-30T10:52:51.377+0000][1110.796s][info][gc,heap     ] GC(154) Survivor regions: 32->32(90)
[2024-05-30T10:52:51.377+0000][1110.796s][info][gc,heap     ] GC(154) Old regions: 408->410
[2024-05-30T10:52:51.377+0000][1110.796s][info][gc,heap     ] GC(154) Archive regions: 2->2
[2024-05-30T10:52:51.377+0000][1110.796s][info][gc,heap     ] GC(154) Humongous regions: 68->68
[2024-05-30T10:52:51.377+0000][1110.796s][info][gc,metaspace] GC(154) Metaspace: 410430K(416512K)->410430K(416512K) NonClass: 358489K(361920K)->358489K(361920K) Class: 51941K(54592K)->51941K(54592K)
[2024-05-30T10:52:51.377+0000][1110.796s][info][gc          ] GC(154) Pause Young (Normal) (G1 Evacuation Pause) 9552M->4077M(12288M) 94.469ms
[2024-05-30T10:52:51.377+0000][1110.796s][info][gc,cpu      ] GC(154) User=0.57s Sys=0.00s Real=0.10s
[2024-05-30T10:52:58.530+0000][1117.950s][info][gc,start    ] GC(155) Pause Young (Normal) (G1 Evacuation Pause)
[2024-05-30T10:52:58.531+0000][1117.950s][info][gc,task     ] GC(155) Using 6 workers of 6 for evacuation
[2024-05-30T10:52:58.624+0000][1118.043s][info][gc,phases   ] GC(155)   Pre Evacuate Collection Set: 0.2ms
[2024-05-30T10:52:58.624+0000][1118.043s][info][gc,phases   ] GC(155)   Merge Heap Roots: 0.3ms
[2024-05-30T10:52:58.624+0000][1118.043s][info][gc,phases   ] GC(155)   Evacuate Collection Set: 90.5ms
[2024-05-30T10:52:58.624+0000][1118.043s][info][gc,phases   ] GC(155)   Post Evacuate Collection Set: 2.3ms
[2024-05-30T10:52:58.624+0000][1118.043s][info][gc,phases   ] GC(155)   Other: 0.2ms
[2024-05-30T10:52:58.624+0000][1118.043s][info][gc,heap     ] GC(155) Eden regions: 684->0(683)
[2024-05-30T10:52:58.624+0000][1118.043s][info][gc,heap     ] GC(155) Survivor regions: 32->32(90)
[2024-05-30T10:52:58.624+0000][1118.043s][info][gc,heap     ] GC(155) Old regions: 410->411
[2024-05-30T10:52:58.624+0000][1118.043s][info][gc,heap     ] GC(155) Archive regions: 2->2
[2024-05-30T10:52:58.624+0000][1118.043s][info][gc,heap     ] GC(155) Humongous regions: 68->68
[2024-05-30T10:52:58.624+0000][1118.043s][info][gc,metaspace] GC(155) Metaspace: 410441K(416512K)->410441K(416512K) NonClass: 358500K(361920K)->358500K(361920K) Class: 51941K(54592K)->51941K(54592K)
[2024-05-30T10:52:58.624+0000][1118.043s][info][gc          ] GC(155) Pause Young (Normal) (G1 Evacuation Pause) 9549M->4089M(12288M) 93.486ms
[2024-05-30T10:52:58.624+0000][1118.043s][info][gc,cpu      ] GC(155) User=0.55s Sys=0.01s Real=0.09s
[2024-05-30T10:53:05.935+0000][1125.354s][info][gc,start    ] GC(156) Pause Young (Normal) (G1 Evacuation Pause)
[2024-05-30T10:53:05.935+0000][1125.354s][info][gc,task     ] GC(156) Using 6 workers of 6 for evacuation
[2024-05-30T10:53:06.027+0000][1125.446s][info][gc,phases   ] GC(156)   Pre Evacuate Collection Set: 0.2ms
[2024-05-30T10:53:06.027+0000][1125.446s][info][gc,phases   ] GC(156)   Merge Heap Roots: 0.3ms
[2024-05-30T10:53:06.027+0000][1125.446s][info][gc,phases   ] GC(156)   Evacuate Collection Set: 88.7ms
[2024-05-30T10:53:06.027+0000][1125.446s][info][gc,phases   ] GC(156)   Post Evacuate Collection Set: 2.3ms
[2024-05-30T10:53:06.027+0000][1125.446s][info][gc,phases   ] GC(156)   Other: 0.2ms
[2024-05-30T10:53:06.027+0000][1125.446s][info][gc,heap     ] GC(156) Eden regions: 683->0(681)
[2024-05-30T10:53:06.027+0000][1125.446s][info][gc,heap     ] GC(156) Survivor regions: 32->32(90)
[2024-05-30T10:53:06.027+0000][1125.446s][info][gc,heap     ] GC(156) Old regions: 411->413
[2024-05-30T10:53:06.027+0000][1125.446s][info][gc,heap     ] GC(156) Archive regions: 2->2
[2024-05-30T10:53:06.027+0000][1125.446s][info][gc,heap     ] GC(156) Humongous regions: 68->68
[2024-05-30T10:53:06.027+0000][1125.446s][info][gc,metaspace] GC(156) Metaspace: 410443K(416512K)->410443K(416512K) NonClass: 358501K(361920K)->358501K(361920K) Class: 51941K(54592K)->51941K(54592K)
[2024-05-30T10:53:06.027+0000][1125.446s][info][gc          ] GC(156) Pause Young (Normal) (G1 Evacuation Pause) 9553M->4101M(12288M) 91.870ms
[2024-05-30T10:53:06.027+0000][1125.446s][info][gc,cpu      ] GC(156) User=0.54s Sys=0.01s Real=0.09s
[2024-05-30T10:53:13.048+0000][1132.467s][info][gc,start    ] GC(157) Pause Young (Normal) (G1 Evacuation Pause)
[2024-05-30T10:53:13.048+0000][1132.467s][info][gc,task     ] GC(157) Using 6 workers of 6 for evacuation
[2024-05-30T10:53:13.140+0000][1132.559s][info][gc,phases   ] GC(157)   Pre Evacuate Collection Set: 0.2ms
[2024-05-30T10:53:13.140+0000][1132.559s][info][gc,phases   ] GC(157)   Merge Heap Roots: 0.3ms
[2024-05-30T10:53:13.140+0000][1132.559s][info][gc,phases   ] GC(157)   Evacuate Collection Set: 89.1ms
[2024-05-30T10:53:13.140+0000][1132.559s][info][gc,phases   ] GC(157)   Post Evacuate Collection Set: 2.3ms
[2024-05-30T10:53:13.140+0000][1132.559s][info][gc,phases   ] GC(157)   Other: 0.2ms
[2024-05-30T10:53:13.140+0000][1132.559s][info][gc,heap     ] GC(157) Eden regions: 681->0(685)
[2024-05-30T10:53:13.140+0000][1132.559s][info][gc,heap     ] GC(157) Survivor regions: 32->30(90)
[2024-05-30T10:53:13.140+0000][1132.559s][info][gc,heap     ] GC(157) Old regions: 413->413
[2024-05-30T10:53:13.140+0000][1132.559s][info][gc,heap     ] GC(157) Archive regions: 2->2
[2024-05-30T10:53:13.140+0000][1132.559s][info][gc,heap     ] GC(157) Humongous regions: 68->68
[2024-05-30T10:53:13.140+0000][1132.559s][info][gc,metaspace] GC(157) Metaspace: 410443K(416512K)->410443K(416512K) NonClass: 358502K(361920K)->358502K(361920K) Class: 51941K(54592K)->51941K(54592K)
[2024-05-30T10:53:13.140+0000][1132.559s][info][gc          ] GC(157) Pause Young (Normal) (G1 Evacuation Pause) 9549M->4091M(12288M) 92.169ms
[2024-05-30T10:53:13.140+0000][1132.559s][info][gc,cpu      ] GC(157) User=0.55s Sys=0.00s Real=0.10s
[2024-05-30T10:53:19.806+0000][1139.225s][info][gc,start    ] GC(158) Pause Young (Normal) (G1 Evacuation Pause)
[2024-05-30T10:53:19.806+0000][1139.225s][info][gc,task     ] GC(158) Using 6 workers of 6 for evacuation
[2024-05-30T10:53:19.896+0000][1139.316s][info][gc,phases   ] GC(158)   Pre Evacuate Collection Set: 0.2ms
[2024-05-30T10:53:19.896+0000][1139.316s][info][gc,phases   ] GC(158)   Merge Heap Roots: 0.3ms
[2024-05-30T10:53:19.896+0000][1139.316s][info][gc,phases   ] GC(158)   Evacuate Collection Set: 87.6ms
[2024-05-30T10:53:19.896+0000][1139.316s][info][gc,phases   ] GC(158)   Post Evacuate Collection Set: 2.3ms
[2024-05-30T10:53:19.896+0000][1139.316s][info][gc,phases   ] GC(158)   Other: 0.2ms
[2024-05-30T10:53:19.896+0000][1139.316s][info][gc,heap     ] GC(158) Eden regions: 685->0(690)
[2024-05-30T10:53:19.896+0000][1139.316s][info][gc,heap     ] GC(158) Survivor regions: 30->26(90)
[2024-05-30T10:53:19.896+0000][1139.316s][info][gc,heap     ] GC(158) Old regions: 413->416
[2024-05-30T10:53:19.897+0000][1139.316s][info][gc,heap     ] GC(158) Archive regions: 2->2
[2024-05-30T10:53:19.897+0000][1139.316s][info][gc,heap     ] GC(158) Humongous regions: 68->68
[2024-05-30T10:53:19.897+0000][1139.316s][info][gc,metaspace] GC(158) Metaspace: 410444K(416512K)->410444K(416512K) NonClass: 358503K(361920K)->358503K(361920K) Class: 51941K(54592K)->51941K(54592K)
[2024-05-30T10:53:19.897+0000][1139.316s][info][gc          ] GC(158) Pause Young (Normal) (G1 Evacuation Pause) 9571M->4077M(12288M) 90.705ms
[2024-05-30T10:53:19.897+0000][1139.316s][info][gc,cpu      ] GC(158) User=0.52s Sys=0.01s Real=0.10s
[2024-05-30T10:53:27.080+0000][1146.499s][info][gc,start    ] GC(159) Pause Young (Normal) (G1 Evacuation Pause)
[2024-05-30T10:53:27.080+0000][1146.499s][info][gc,task     ] GC(159) Using 6 workers of 6 for evacuation
[2024-05-30T10:53:27.170+0000][1146.589s][info][gc,phases   ] GC(159)   Pre Evacuate Collection Set: 0.2ms
[2024-05-30T10:53:27.170+0000][1146.589s][info][gc,phases   ] GC(159)   Merge Heap Roots: 0.3ms
[2024-05-30T10:53:27.170+0000][1146.589s][info][gc,phases   ] GC(159)   Evacuate Collection Set: 87.1ms
[2024-05-30T10:53:27.170+0000][1146.589s][info][gc,phases   ] GC(159)   Post Evacuate Collection Set: 2.5ms
[2024-05-30T10:53:27.170+0000][1146.589s][info][gc,phases   ] GC(159)   Other: 0.2ms
[2024-05-30T10:53:27.170+0000][1146.589s][info][gc,heap     ] GC(159) Eden regions: 690->0(686)
[2024-05-30T10:53:27.170+0000][1146.589s][info][gc,heap     ] GC(159) Survivor regions: 26->27(90)
[2024-05-30T10:53:27.170+0000][1146.589s][info][gc,heap     ] GC(159) Old regions: 416->418
[2024-05-30T10:53:27.170+0000][1146.589s][info][gc,heap     ] GC(159) Archive regions: 2->2
[2024-05-30T10:53:27.170+0000][1146.589s][info][gc,heap     ] GC(159) Humongous regions: 68->68
[2024-05-30T10:53:27.170+0000][1146.589s][info][gc,metaspace] GC(159) Metaspace: 410462K(416512K)->410462K(416512K) NonClass: 358520K(361920K)->358520K(361920K) Class: 51941K(54592K)->51941K(54592K)
[2024-05-30T10:53:27.170+0000][1146.589s][info][gc          ] GC(159) Pause Young (Normal) (G1 Evacuation Pause) 9597M->4100M(12288M) 90.363ms
[2024-05-30T10:53:27.170+0000][1146.589s][info][gc,cpu      ] GC(159) User=0.53s Sys=0.01s Real=0.09s
[2024-05-30T10:53:34.361+0000][1153.780s][info][gc,start    ] GC(160) Pause Young (Normal) (G1 Evacuation Pause)
[2024-05-30T10:53:34.361+0000][1153.780s][info][gc,task     ] GC(160) Using 6 workers of 6 for evacuation
[2024-05-30T10:53:34.447+0000][1153.866s][info][gc,phases   ] GC(160)   Pre Evacuate Collection Set: 0.2ms
[2024-05-30T10:53:34.447+0000][1153.866s][info][gc,phases   ] GC(160)   Merge Heap Roots: 0.3ms
[2024-05-30T10:53:34.447+0000][1153.866s][info][gc,phases   ] GC(160)   Evacuate Collection Set: 83.3ms
[2024-05-30T10:53:34.447+0000][1153.866s][info][gc,phases   ] GC(160)   Post Evacuate Collection Set: 2.4ms
[2024-05-30T10:53:34.447+0000][1153.866s][info][gc,phases   ] GC(160)   Other: 0.2ms
[2024-05-30T10:53:34.447+0000][1153.866s][info][gc,heap     ] GC(160) Eden regions: 686->0(684)
[2024-05-30T10:53:34.447+0000][1153.866s][info][gc,heap     ] GC(160) Survivor regions: 27->27(90)
[2024-05-30T10:53:34.447+0000][1153.866s][info][gc,heap     ] GC(160) Old regions: 418->420
[2024-05-30T10:53:34.447+0000][1153.866s][info][gc,heap     ] GC(160) Archive regions: 2->2
[2024-05-30T10:53:34.447+0000][1153.866s][info][gc,heap     ] GC(160) Humongous regions: 68->68
[2024-05-30T10:53:34.447+0000][1153.866s][info][gc,metaspace] GC(160) Metaspace: 410466K(416512K)->410466K(416512K) NonClass: 358524K(361920K)->358524K(361920K) Class: 51941K(54592K)->51941K(54592K)
[2024-05-30T10:53:34.447+0000][1153.866s][info][gc          ] GC(160) Pause Young (Normal) (G1 Evacuation Pause) 9588M->4113M(12288M) 86.336ms
[2024-05-30T10:53:34.447+0000][1153.866s][info][gc,cpu      ] GC(160) User=0.48s Sys=0.02s Real=0.08s
[2024-05-30T10:53:41.663+0000][1161.082s][info][gc,start    ] GC(161) Pause Young (Normal) (G1 Evacuation Pause)
[2024-05-30T10:53:41.663+0000][1161.082s][info][gc,task     ] GC(161) Using 6 workers of 6 for evacuation
[2024-05-30T10:53:41.737+0000][1161.156s][info][gc,phases   ] GC(161)   Pre Evacuate Collection Set: 0.2ms
[2024-05-30T10:53:41.737+0000][1161.156s][info][gc,phases   ] GC(161)   Merge Heap Roots: 0.3ms
[2024-05-30T10:53:41.737+0000][1161.156s][info][gc,phases   ] GC(161)   Evacuate Collection Set: 71.8ms
[2024-05-30T10:53:41.737+0000][1161.156s][info][gc,phases   ] GC(161)   Post Evacuate Collection Set: 2.2ms
[2024-05-30T10:53:41.737+0000][1161.156s][info][gc,phases   ] GC(161)   Other: 0.2ms
[2024-05-30T10:53:41.737+0000][1161.156s][info][gc,heap     ] GC(161) Eden regions: 684->0(682)
[2024-05-30T10:53:41.737+0000][1161.156s][info][gc,heap     ] GC(161) Survivor regions: 27->28(89)
[2024-05-30T10:53:41.737+0000][1161.156s][info][gc,heap     ] GC(161) Old regions: 420->420
[2024-05-30T10:53:41.737+0000][1161.156s][info][gc,heap     ] GC(161) Archive regions: 2->2
[2024-05-30T10:53:41.737+0000][1161.156s][info][gc,heap     ] GC(161) Humongous regions: 68->68
[2024-05-30T10:53:41.737+0000][1161.156s][info][gc,metaspace] GC(161) Metaspace: 410470K(416512K)->410470K(416512K) NonClass: 358528K(361920K)->358528K(361920K) Class: 51941K(54592K)->51941K(54592K)
[2024-05-30T10:53:41.737+0000][1161.156s][info][gc          ] GC(161) Pause Young (Normal) (G1 Evacuation Pause) 9585M->4131M(12288M) 74.618ms
[2024-05-30T10:53:41.737+0000][1161.156s][info][gc,cpu      ] GC(161) User=0.44s Sys=0.00s Real=0.08s
[2024-05-30T10:53:48.942+0000][1168.361s][info][gc,start    ] GC(162) Pause Young (Normal) (G1 Evacuation Pause)
[2024-05-30T10:53:48.942+0000][1168.361s][info][gc,task     ] GC(162) Using 6 workers of 6 for evacuation
[2024-05-30T10:53:49.017+0000][1168.436s][info][gc,phases   ] GC(162)   Pre Evacuate Collection Set: 0.2ms
[2024-05-30T10:53:49.017+0000][1168.436s][info][gc,phases   ] GC(162)   Merge Heap Roots: 0.3ms
[2024-05-30T10:53:49.017+0000][1168.436s][info][gc,phases   ] GC(162)   Evacuate Collection Set: 71.8ms
[2024-05-30T10:53:49.017+0000][1168.436s][info][gc,phases   ] GC(162)   Post Evacuate Collection Set: 2.3ms
[2024-05-30T10:53:49.017+0000][1168.436s][info][gc,phases   ] GC(162)   Other: 0.3ms
[2024-05-30T10:53:49.017+0000][1168.436s][info][gc,heap     ] GC(162) Eden regions: 682->0(679)
[2024-05-30T10:53:49.017+0000][1168.436s][info][gc,heap     ] GC(162) Survivor regions: 28->29(89)
[2024-05-30T10:53:49.017+0000][1168.436s][info][gc,heap     ] GC(162) Old regions: 420->421
[2024-05-30T10:53:49.017+0000][1168.436s][info][gc,heap     ] GC(162) Archive regions: 2->2
[2024-05-30T10:53:49.017+0000][1168.436s][info][gc,heap     ] GC(162) Humongous regions: 68->68
[2024-05-30T10:53:49.017+0000][1168.436s][info][gc,metaspace] GC(162) Metaspace: 410479K(416512K)->410479K(416512K) NonClass: 358538K(361920K)->358538K(361920K) Class: 51941K(54592K)->51941K(54592K)
[2024-05-30T10:53:49.017+0000][1168.436s][info][gc          ] GC(162) Pause Young (Normal) (G1 Evacuation Pause) 9587M->4137M(12288M) 74.830ms
[2024-05-30T10:53:49.017+0000][1168.436s][info][gc,cpu      ] GC(162) User=0.44s Sys=0.00s Real=0.08s
[2024-05-30T10:53:55.141+0000][1174.561s][info][gc,start    ] GC(163) Pause Young (Normal) (G1 Evacuation Pause)
[2024-05-30T10:53:55.142+0000][1174.561s][info][gc,task     ] GC(163) Using 6 workers of 6 for evacuation
[2024-05-30T10:53:55.214+0000][1174.633s][info][gc,phases   ] GC(163)   Pre Evacuate Collection Set: 0.2ms
[2024-05-30T10:53:55.214+0000][1174.633s][info][gc,phases   ] GC(163)   Merge Heap Roots: 0.3ms
[2024-05-30T10:53:55.214+0000][1174.633s][info][gc,phases   ] GC(163)   Evacuate Collection Set: 69.3ms
[2024-05-30T10:53:55.214+0000][1174.633s][info][gc,phases   ] GC(163)   Post Evacuate Collection Set: 2.4ms
[2024-05-30T10:53:55.214+0000][1174.633s][info][gc,phases   ] GC(163)   Other: 0.2ms
[2024-05-30T10:53:55.214+0000][1174.633s][info][gc,heap     ] GC(163) Eden regions: 679->0(683)
[2024-05-30T10:53:55.214+0000][1174.633s][info][gc,heap     ] GC(163) Survivor regions: 29->27(89)
[2024-05-30T10:53:55.214+0000][1174.633s][info][gc,heap     ] GC(163) Old regions: 421->421
[2024-05-30T10:53:55.214+0000][1174.633s][info][gc,heap     ] GC(163) Archive regions: 2->2
[2024-05-30T10:53:55.214+0000][1174.633s][info][gc,heap     ] GC(163) Humongous regions: 68->68
[2024-05-30T10:53:55.214+0000][1174.633s][info][gc,metaspace] GC(163) Metaspace: 410491K(416512K)->410491K(416512K) NonClass: 358550K(361920K)->358550K(361920K) Class: 51941K(54592K)->51941K(54592K)
[2024-05-30T10:53:55.214+0000][1174.633s][info][gc          ] GC(163) Pause Young (Normal) (G1 Evacuation Pause) 9569M->4126M(12288M) 72.501ms
[2024-05-30T10:53:55.214+0000][1174.633s][info][gc,cpu      ] GC(163) User=0.43s Sys=0.00s Real=0.07s
[2024-05-30T10:53:59.490+0000][1178.910s][info][gc,start    ] GC(164) Pause Young (Normal) (G1 Evacuation Pause)
[2024-05-30T10:53:59.490+0000][1178.910s][info][gc,task     ] GC(164) Using 6 workers of 6 for evacuation
[2024-05-30T10:53:59.566+0000][1178.985s][info][gc,phases   ] GC(164)   Pre Evacuate Collection Set: 0.2ms
[2024-05-30T10:53:59.566+0000][1178.985s][info][gc,phases   ] GC(164)   Merge Heap Roots: 0.3ms
[2024-05-30T10:53:59.566+0000][1178.985s][info][gc,phases   ] GC(164)   Evacuate Collection Set: 72.3ms
[2024-05-30T10:53:59.566+0000][1178.985s][info][gc,phases   ] GC(164)   Post Evacuate Collection Set: 2.3ms
[2024-05-30T10:53:59.566+0000][1178.985s][info][gc,phases   ] GC(164)   Other: 0.2ms
[2024-05-30T10:53:59.566+0000][1178.985s][info][gc,heap     ] GC(164) Eden regions: 683->0(682)
[2024-05-30T10:53:59.566+0000][1178.985s][info][gc,heap     ] GC(164) Survivor regions: 27->27(89)
[2024-05-30T10:53:59.566+0000][1178.985s][info][gc,heap     ] GC(164) Old regions: 421->422
[2024-05-30T10:53:59.566+0000][1178.985s][info][gc,heap     ] GC(164) Archive regions: 2->2
[2024-05-30T10:53:59.566+0000][1178.985s][info][gc,heap     ] GC(164) Humongous regions: 68->68
[2024-05-30T10:53:59.566+0000][1178.985s][info][gc,metaspace] GC(164) Metaspace: 410495K(416512K)->410495K(416512K) NonClass: 358554K(361920K)->358554K(361920K) Class: 51941K(54592K)->51941K(54592K)
[2024-05-30T10:53:59.566+0000][1178.985s][info][gc          ] GC(164) Pause Young (Normal) (G1 Evacuation Pause) 9590M->4140M(12288M) 75.351ms
[2024-05-30T10:53:59.566+0000][1178.985s][info][gc,cpu      ] GC(164) User=0.44s Sys=0.01s Real=0.07s
[2024-05-30T10:54:07.050+0000][1186.469s][info][gc,start    ] GC(165) Pause Young (Normal) (G1 Evacuation Pause)
[2024-05-30T10:54:07.050+0000][1186.469s][info][gc,task     ] GC(165) Using 6 workers of 6 for evacuation
[2024-05-30T10:54:07.126+0000][1186.545s][info][gc,phases   ] GC(165)   Pre Evacuate Collection Set: 0.2ms
[2024-05-30T10:54:07.126+0000][1186.545s][info][gc,phases   ] GC(165)   Merge Heap Roots: 0.3ms
[2024-05-30T10:54:07.126+0000][1186.545s][info][gc,phases   ] GC(165)   Evacuate Collection Set: 73.2ms
[2024-05-30T10:54:07.126+0000][1186.545s][info][gc,phases   ] GC(165)   Post Evacuate Collection Set: 2.3ms
[2024-05-30T10:54:07.126+0000][1186.545s][info][gc,phases   ] GC(165)   Other: 0.2ms
[2024-05-30T10:54:07.126+0000][1186.545s][info][gc,heap     ] GC(165) Eden regions: 682->0(682)
[2024-05-30T10:54:07.126+0000][1186.545s][info][gc,heap     ] GC(165) Survivor regions: 27->25(89)
[2024-05-30T10:54:07.126+0000][1186.545s][info][gc,heap     ] GC(165) Old regions: 422->426
[2024-05-30T10:54:07.126+0000][1186.545s][info][gc,heap     ] GC(165) Archive regions: 2->2
[2024-05-30T10:54:07.126+0000][1186.545s][info][gc,heap     ] GC(165) Humongous regions: 68->68
[2024-05-30T10:54:07.126+0000][1186.545s][info][gc,metaspace] GC(165) Metaspace: 410511K(416512K)->410511K(416512K) NonClass: 358567K(361920K)->358567K(361920K) Class: 51943K(54592K)->51943K(54592K)
[2024-05-30T10:54:07.126+0000][1186.545s][info][gc          ] GC(165) Pause Young (Normal) (G1 Evacuation Pause) 9596M->4146M(12288M) 76.200ms
[2024-05-30T10:54:07.126+0000][1186.545s][info][gc,cpu      ] GC(165) User=0.43s Sys=0.03s Real=0.07s
[2024-05-30T10:54:14.786+0000][1194.205s][info][gc,start    ] GC(166) Pause Young (Normal) (G1 Evacuation Pause)
[2024-05-30T10:54:14.786+0000][1194.205s][info][gc,task     ] GC(166) Using 6 workers of 6 for evacuation
[2024-05-30T10:54:14.852+0000][1194.271s][info][gc,phases   ] GC(166)   Pre Evacuate Collection Set: 0.2ms
[2024-05-30T10:54:14.852+0000][1194.271s][info][gc,phases   ] GC(166)   Merge Heap Roots: 0.2ms
[2024-05-30T10:54:14.852+0000][1194.271s][info][gc,phases   ] GC(166)   Evacuate Collection Set: 62.7ms
[2024-05-30T10:54:14.852+0000][1194.271s][info][gc,phases   ] GC(166)   Post Evacuate Collection Set: 2.3ms
[2024-05-30T10:54:14.852+0000][1194.271s][info][gc,phases   ] GC(166)   Other: 0.2ms
[2024-05-30T10:54:14.852+0000][1194.271s][info][gc,heap     ] GC(166) Eden regions: 682->0(680)
[2024-05-30T10:54:14.852+0000][1194.271s][info][gc,heap     ] GC(166) Survivor regions: 25->25(89)
[2024-05-30T10:54:14.852+0000][1194.271s][info][gc,heap     ] GC(166) Old regions: 426->428
[2024-05-30T10:54:14.852+0000][1194.271s][info][gc,heap     ] GC(166) Archive regions: 2->2
[2024-05-30T10:54:14.852+0000][1194.271s][info][gc,heap     ] GC(166) Humongous regions: 68->68
[2024-05-30T10:54:14.852+0000][1194.271s][info][gc,metaspace] GC(166) Metaspace: 410512K(416512K)->410512K(416512K) NonClass: 358569K(361920K)->358569K(361920K) Class: 51943K(54592K)->51943K(54592K)
[2024-05-30T10:54:14.852+0000][1194.271s][info][gc          ] GC(166) Pause Young (Normal) (G1 Evacuation Pause) 9602M->4170M(12288M) 65.687ms
[2024-05-30T10:54:14.852+0000][1194.271s][info][gc,cpu      ] GC(166) User=0.39s Sys=0.00s Real=0.07s
[2024-05-30T10:54:22.165+0000][1201.584s][info][gc,start    ] GC(167) Pause Young (Normal) (G1 Evacuation Pause)
[2024-05-30T10:54:22.165+0000][1201.584s][info][gc,task     ] GC(167) Using 6 workers of 6 for evacuation
[2024-05-30T10:54:22.222+0000][1201.642s][info][gc,phases   ] GC(167)   Pre Evacuate Collection Set: 0.2ms
[2024-05-30T10:54:22.222+0000][1201.642s][info][gc,phases   ] GC(167)   Merge Heap Roots: 0.2ms
[2024-05-30T10:54:22.222+0000][1201.642s][info][gc,phases   ] GC(167)   Evacuate Collection Set: 54.0ms
[2024-05-30T10:54:22.222+0000][1201.642s][info][gc,phases   ] GC(167)   Post Evacuate Collection Set: 2.7ms
[2024-05-30T10:54:22.222+0000][1201.642s][info][gc,phases   ] GC(167)   Other: 0.2ms
[2024-05-30T10:54:22.222+0000][1201.642s][info][gc,heap     ] GC(167) Eden regions: 680->0(681)
[2024-05-30T10:54:22.222+0000][1201.642s][info][gc,heap     ] GC(167) Survivor regions: 25->24(89)
[2024-05-30T10:54:22.222+0000][1201.642s][info][gc,heap     ] GC(167) Old regions: 428->429
[2024-05-30T10:54:22.222+0000][1201.642s][info][gc,heap     ] GC(167) Archive regions: 2->2
[2024-05-30T10:54:22.222+0000][1201.642s][info][gc,heap     ] GC(167) Humongous regions: 68->68
[2024-05-30T10:54:22.222+0000][1201.642s][info][gc,metaspace] GC(167) Metaspace: 410528K(416576K)->410528K(416576K) NonClass: 358584K(361984K)->358584K(361984K) Class: 51943K(54592K)->51943K(54592K)
[2024-05-30T10:54:22.222+0000][1201.642s][info][gc          ] GC(167) Pause Young (Normal) (G1 Evacuation Pause) 9610M->4164M(12288M) 57.451ms
[2024-05-30T10:54:22.222+0000][1201.642s][info][gc,cpu      ] GC(167) User=0.34s Sys=0.00s Real=0.06s
[2024-05-30T10:54:29.898+0000][1209.317s][info][gc,start    ] GC(168) Pause Young (Normal) (G1 Evacuation Pause)
[2024-05-30T10:54:29.898+0000][1209.317s][info][gc,task     ] GC(168) Using 6 workers of 6 for evacuation
[2024-05-30T10:54:29.959+0000][1209.378s][info][gc,phases   ] GC(168)   Pre Evacuate Collection Set: 0.2ms
[2024-05-30T10:54:29.959+0000][1209.378s][info][gc,phases   ] GC(168)   Merge Heap Roots: 0.2ms
[2024-05-30T10:54:29.959+0000][1209.378s][info][gc,phases   ] GC(168)   Evacuate Collection Set: 58.0ms
[2024-05-30T10:54:29.959+0000][1209.378s][info][gc,phases   ] GC(168)   Post Evacuate Collection Set: 2.3ms
[2024-05-30T10:54:29.959+0000][1209.378s][info][gc,phases   ] GC(168)   Other: 0.2ms
[2024-05-30T10:54:29.959+0000][1209.378s][info][gc,heap     ] GC(168) Eden regions: 681->0(682)
[2024-05-30T10:54:29.959+0000][1209.378s][info][gc,heap     ] GC(168) Survivor regions: 24->23(89)
[2024-05-30T10:54:29.959+0000][1209.378s][info][gc,heap     ] GC(168) Old regions: 429->430
[2024-05-30T10:54:29.959+0000][1209.378s][info][gc,heap     ] GC(168) Archive regions: 2->2
[2024-05-30T10:54:29.959+0000][1209.378s][info][gc,heap     ] GC(168) Humongous regions: 68->68
[2024-05-30T10:54:29.959+0000][1209.378s][info][gc,metaspace] GC(168) Metaspace: 410535K(416576K)->410535K(416576K) NonClass: 358591K(361984K)->358591K(361984K) Class: 51943K(54592K)->51943K(54592K)
[2024-05-30T10:54:29.959+0000][1209.378s][info][gc          ] GC(168) Pause Young (Normal) (G1 Evacuation Pause) 9612M->4167M(12288M) 61.040ms
[2024-05-30T10:54:29.959+0000][1209.378s][info][gc,cpu      ] GC(168) User=0.36s Sys=0.00s Real=0.06s
[2024-05-30T10:54:37.478+0000][1216.897s][info][gc,start    ] GC(169) Pause Young (Normal) (G1 Evacuation Pause)
[2024-05-30T10:54:37.478+0000][1216.897s][info][gc,task     ] GC(169) Using 6 workers of 6 for evacuation
[2024-05-30T10:54:37.538+0000][1216.958s][info][gc,phases   ] GC(169)   Pre Evacuate Collection Set: 0.2ms
[2024-05-30T10:54:37.539+0000][1216.958s][info][gc,phases   ] GC(169)   Merge Heap Roots: 0.3ms
[2024-05-30T10:54:37.539+0000][1216.958s][info][gc,phases   ] GC(169)   Evacuate Collection Set: 57.4ms
[2024-05-30T10:54:37.539+0000][1216.958s][info][gc,phases   ] GC(169)   Post Evacuate Collection Set: 2.3ms
[2024-05-30T10:54:37.539+0000][1216.958s][info][gc,phases   ] GC(169)   Other: 0.2ms
[2024-05-30T10:54:37.539+0000][1216.958s][info][gc,heap     ] GC(169) Eden regions: 682->0(685)
[2024-05-30T10:54:37.539+0000][1216.958s][info][gc,heap     ] GC(169) Survivor regions: 23->21(89)
[2024-05-30T10:54:37.539+0000][1216.958s][info][gc,heap     ] GC(169) Old regions: 430->431
[2024-05-30T10:54:37.539+0000][1216.958s][info][gc,heap     ] GC(169) Archive regions: 2->2
[2024-05-30T10:54:37.539+0000][1216.958s][info][gc,heap     ] GC(169) Humongous regions: 68->68
[2024-05-30T10:54:37.539+0000][1216.958s][info][gc,metaspace] GC(169) Metaspace: 410562K(416576K)->410562K(416576K) NonClass: 358618K(361984K)->358618K(361984K) Class: 51943K(54592K)->51943K(54592K)
[2024-05-30T10:54:37.539+0000][1216.958s][info][gc          ] GC(169) Pause Young (Normal) (G1 Evacuation Pause) 9623M->4157M(12288M) 60.425ms
[2024-05-30T10:54:37.539+0000][1216.958s][info][gc,cpu      ] GC(169) User=0.35s Sys=0.00s Real=0.06s
[2024-05-30T10:54:45.188+0000][1224.607s][info][gc,start    ] GC(170) Pause Young (Normal) (G1 Evacuation Pause)
[2024-05-30T10:54:45.188+0000][1224.607s][info][gc,task     ] GC(170) Using 6 workers of 6 for evacuation
[2024-05-30T10:54:45.248+0000][1224.667s][info][gc,phases   ] GC(170)   Pre Evacuate Collection Set: 0.2ms
[2024-05-30T10:54:45.248+0000][1224.667s][info][gc,phases   ] GC(170)   Merge Heap Roots: 0.2ms
[2024-05-30T10:54:45.248+0000][1224.667s][info][gc,phases   ] GC(170)   Evacuate Collection Set: 57.8ms
[2024-05-30T10:54:45.248+0000][1224.667s][info][gc,phases   ] GC(170)   Post Evacuate Collection Set: 2.3ms
[2024-05-30T10:54:45.248+0000][1224.667s][info][gc,phases   ] GC(170)   Other: 0.2ms
[2024-05-30T10:54:45.248+0000][1224.667s][info][gc,heap     ] GC(170) Eden regions: 685->0(683)
[2024-05-30T10:54:45.248+0000][1224.667s][info][gc,heap     ] GC(170) Survivor regions: 21->22(89)
[2024-05-30T10:54:45.248+0000][1224.667s][info][gc,heap     ] GC(170) Old regions: 431->431
[2024-05-30T10:54:45.248+0000][1224.668s][info][gc,heap     ] GC(170) Archive regions: 2->2
[2024-05-30T10:54:45.248+0000][1224.668s][info][gc,heap     ] GC(170) Humongous regions: 68->68
[2024-05-30T10:54:45.248+0000][1224.668s][info][gc,metaspace] GC(170) Metaspace: 410572K(416576K)->410572K(416576K) NonClass: 358629K(361984K)->358629K(361984K) Class: 51943K(54592K)->51943K(54592K)
[2024-05-30T10:54:45.248+0000][1224.668s][info][gc          ] GC(170) Pause Young (Normal) (G1 Evacuation Pause) 9637M->4172M(12288M) 60.768ms
[2024-05-30T10:54:45.248+0000][1224.668s][info][gc,cpu      ] GC(170) User=0.36s Sys=0.00s Real=0.07s
[2024-05-30T10:54:52.965+0000][1232.385s][info][gc,start    ] GC(171) Pause Young (Normal) (G1 Evacuation Pause)
[2024-05-30T10:54:52.965+0000][1232.385s][info][gc,task     ] GC(171) Using 6 workers of 6 for evacuation
[2024-05-30T10:54:53.025+0000][1232.444s][info][gc,phases   ] GC(171)   Pre Evacuate Collection Set: 0.2ms
[2024-05-30T10:54:53.025+0000][1232.444s][info][gc,phases   ] GC(171)   Merge Heap Roots: 0.2ms
[2024-05-30T10:54:53.025+0000][1232.444s][info][gc,phases   ] GC(171)   Evacuate Collection Set: 56.2ms
[2024-05-30T10:54:53.025+0000][1232.444s][info][gc,phases   ] GC(171)   Post Evacuate Collection Set: 2.5ms
[2024-05-30T10:54:53.025+0000][1232.444s][info][gc,phases   ] GC(171)   Other: 0.2ms
[2024-05-30T10:54:53.025+0000][1232.444s][info][gc,heap     ] GC(171) Eden regions: 683->0(678)
[2024-05-30T10:54:53.025+0000][1232.444s][info][gc,heap     ] GC(171) Survivor regions: 22->24(89)
[2024-05-30T10:54:53.025+0000][1232.444s][info][gc,heap     ] GC(171) Old regions: 431->432
[2024-05-30T10:54:53.025+0000][1232.444s][info][gc,heap     ] GC(171) Archive regions: 2->2
[2024-05-30T10:54:53.025+0000][1232.444s][info][gc,heap     ] GC(171) Humongous regions: 68->68
[2024-05-30T10:54:53.025+0000][1232.444s][info][gc,metaspace] GC(171) Metaspace: 410588K(416576K)->410588K(416576K) NonClass: 358644K(361984K)->358644K(361984K) Class: 51943K(54592K)->51943K(54592K)
[2024-05-30T10:54:53.025+0000][1232.444s][info][gc          ] GC(171) Pause Young (Normal) (G1 Evacuation Pause) 9636M->4190M(12288M) 59.460ms
[2024-05-30T10:54:53.025+0000][1232.444s][info][gc,cpu      ] GC(171) User=0.35s Sys=0.00s Real=0.06s
[2024-05-30T10:55:00.664+0000][1240.083s][info][gc,start    ] GC(172) Pause Young (Normal) (G1 Evacuation Pause)
[2024-05-30T10:55:00.664+0000][1240.083s][info][gc,task     ] GC(172) Using 6 workers of 6 for evacuation
[2024-05-30T10:55:00.729+0000][1240.149s][info][gc,phases   ] GC(172)   Pre Evacuate Collection Set: 0.2ms
[2024-05-30T10:55:00.729+0000][1240.149s][info][gc,phases   ] GC(172)   Merge Heap Roots: 0.2ms
[2024-05-30T10:55:00.729+0000][1240.149s][info][gc,phases   ] GC(172)   Evacuate Collection Set: 62.8ms
[2024-05-30T10:55:00.729+0000][1240.149s][info][gc,phases   ] GC(172)   Post Evacuate Collection Set: 2.4ms
[2024-05-30T10:55:00.729+0000][1240.149s][info][gc,phases   ] GC(172)   Other: 0.2ms
[2024-05-30T10:55:00.729+0000][1240.149s][info][gc,heap     ] GC(172) Eden regions: 678->0(677)
[2024-05-30T10:55:00.729+0000][1240.149s][info][gc,heap     ] GC(172) Survivor regions: 24->24(88)
[2024-05-30T10:55:00.729+0000][1240.149s][info][gc,heap     ] GC(172) Old regions: 432->433
[2024-05-30T10:55:00.729+0000][1240.149s][info][gc,heap     ] GC(172) Archive regions: 2->2
[2024-05-30T10:55:00.729+0000][1240.149s][info][gc,heap     ] GC(172) Humongous regions: 68->68
[2024-05-30T10:55:00.729+0000][1240.149s][info][gc,metaspace] GC(172) Metaspace: 410624K(416704K)->410624K(416704K) NonClass: 358680K(362112K)->358680K(362112K) Class: 51943K(54592K)->51943K(54592K)
[2024-05-30T10:55:00.729+0000][1240.149s][info][gc          ] GC(172) Pause Young (Normal) (G1 Evacuation Pause) 9614M->4196M(12288M) 65.852ms
[2024-05-30T10:55:00.729+0000][1240.149s][info][gc,cpu      ] GC(172) User=0.38s Sys=0.00s Real=0.07s
[2024-05-30T10:55:08.095+0000][1247.515s][info][gc,start    ] GC(173) Pause Young (Normal) (G1 Evacuation Pause)
[2024-05-30T10:55:08.095+0000][1247.515s][info][gc,task     ] GC(173) Using 6 workers of 6 for evacuation
[2024-05-30T10:55:08.153+0000][1247.573s][info][gc,phases   ] GC(173)   Pre Evacuate Collection Set: 0.2ms
[2024-05-30T10:55:08.153+0000][1247.573s][info][gc,phases   ] GC(173)   Merge Heap Roots: 0.2ms
[2024-05-30T10:55:08.153+0000][1247.573s][info][gc,phases   ] GC(173)   Evacuate Collection Set: 55.1ms
[2024-05-30T10:55:08.153+0000][1247.573s][info][gc,phases   ] GC(173)   Post Evacuate Collection Set: 2.3ms
[2024-05-30T10:55:08.153+0000][1247.573s][info][gc,phases   ] GC(173)   Other: 0.2ms
[2024-05-30T10:55:08.153+0000][1247.573s][info][gc,heap     ] GC(173) Eden regions: 677->0(678)
[2024-05-30T10:55:08.153+0000][1247.573s][info][gc,heap     ] GC(173) Survivor regions: 24->23(88)
[2024-05-30T10:55:08.153+0000][1247.573s][info][gc,heap     ] GC(173) Old regions: 433->434
[2024-05-30T10:55:08.153+0000][1247.573s][info][gc,heap     ] GC(173) Archive regions: 2->2
[2024-05-30T10:55:08.153+0000][1247.573s][info][gc,heap     ] GC(173) Humongous regions: 68->68
[2024-05-30T10:55:08.153+0000][1247.573s][info][gc,metaspace] GC(173) Metaspace: 410635K(416704K)->410635K(416704K) NonClass: 358691K(362112K)->358691K(362112K) Class: 51943K(54592K)->51943K(54592K)
[2024-05-30T10:55:08.153+0000][1247.573s][info][gc          ] GC(173) Pause Young (Normal) (G1 Evacuation Pause) 9612M->4194M(12288M) 58.102ms
[2024-05-30T10:55:08.154+0000][1247.573s][info][gc,cpu      ] GC(173) User=0.33s Sys=0.00s Real=0.06s
[2024-05-30T10:55:15.558+0000][1254.977s][info][gc,start    ] GC(174) Pause Young (Normal) (G1 Evacuation Pause)
[2024-05-30T10:55:15.558+0000][1254.977s][info][gc,task     ] GC(174) Using 6 workers of 6 for evacuation
[2024-05-30T10:55:15.610+0000][1255.030s][info][gc,phases   ] GC(174)   Pre Evacuate Collection Set: 0.2ms
[2024-05-30T10:55:15.610+0000][1255.030s][info][gc,phases   ] GC(174)   Merge Heap Roots: 0.2ms
[2024-05-30T10:55:15.610+0000][1255.030s][info][gc,phases   ] GC(174)   Evacuate Collection Set: 50.0ms
[2024-05-30T10:55:15.610+0000][1255.030s][info][gc,phases   ] GC(174)   Post Evacuate Collection Set: 2.3ms
[2024-05-30T10:55:15.610+0000][1255.030s][info][gc,phases   ] GC(174)   Other: 0.2ms
[2024-05-30T10:55:15.610+0000][1255.030s][info][gc,heap     ] GC(174) Eden regions: 678->0(684)
[2024-05-30T10:55:15.610+0000][1255.030s][info][gc,heap     ] GC(174) Survivor regions: 23->20(88)
[2024-05-30T10:55:15.610+0000][1255.030s][info][gc,heap     ] GC(174) Old regions: 434->434
[2024-05-30T10:55:15.610+0000][1255.030s][info][gc,heap     ] GC(174) Archive regions: 2->2
[2024-05-30T10:55:15.610+0000][1255.030s][info][gc,heap     ] GC(174) Humongous regions: 68->68
[2024-05-30T10:55:15.610+0000][1255.030s][info][gc,metaspace] GC(174) Metaspace: 410673K(416704K)->410673K(416704K) NonClass: 358730K(362112K)->358730K(362112K) Class: 51943K(54592K)->51943K(54592K)
[2024-05-30T10:55:15.611+0000][1255.030s][info][gc          ] GC(174) Pause Young (Normal) (G1 Evacuation Pause) 9618M->4179M(12288M) 52.949ms
[2024-05-30T10:55:15.611+0000][1255.030s][info][gc,cpu      ] GC(174) User=0.31s Sys=0.01s Real=0.05s
[2024-05-30T10:55:23.311+0000][1262.730s][info][gc,start    ] GC(175) Pause Young (Normal) (G1 Evacuation Pause)
[2024-05-30T10:55:23.311+0000][1262.730s][info][gc,task     ] GC(175) Using 6 workers of 6 for evacuation
[2024-05-30T10:55:23.366+0000][1262.786s][info][gc,phases   ] GC(175)   Pre Evacuate Collection Set: 0.2ms
[2024-05-30T10:55:23.366+0000][1262.786s][info][gc,phases   ] GC(175)   Merge Heap Roots: 0.2ms
[2024-05-30T10:55:23.366+0000][1262.786s][info][gc,phases   ] GC(175)   Evacuate Collection Set: 52.2ms
[2024-05-30T10:55:23.366+0000][1262.786s][info][gc,phases   ] GC(175)   Post Evacuate Collection Set: 2.5ms
[2024-05-30T10:55:23.366+0000][1262.786s][info][gc,phases   ] GC(175)   Other: 0.2ms
[2024-05-30T10:55:23.366+0000][1262.786s][info][gc,heap     ] GC(175) Eden regions: 684->0(677)
[2024-05-30T10:55:23.367+0000][1262.786s][info][gc,heap     ] GC(175) Survivor regions: 20->23(88)
[2024-05-30T10:55:23.367+0000][1262.786s][info][gc,heap     ] GC(175) Old regions: 434->435
[2024-05-30T10:55:23.367+0000][1262.786s][info][gc,heap     ] GC(175) Archive regions: 2->2
[2024-05-30T10:55:23.367+0000][1262.786s][info][gc,heap     ] GC(175) Humongous regions: 68->68
[2024-05-30T10:55:23.367+0000][1262.786s][info][gc,metaspace] GC(175) Metaspace: 410740K(416832K)->410740K(416832K) NonClass: 358796K(362240K)->358796K(362240K) Class: 51943K(54592K)->51943K(54592K)
[2024-05-30T10:55:23.367+0000][1262.786s][info][gc          ] GC(175) Pause Young (Normal) (G1 Evacuation Pause) 9651M->4205M(12288M) 55.445ms
[2024-05-30T10:55:23.367+0000][1262.786s][info][gc,cpu      ] GC(175) User=0.33s Sys=0.00s Real=0.05s
[2024-05-30T10:55:30.870+0000][1270.290s][info][gc,start    ] GC(176) Pause Young (Normal) (G1 Evacuation Pause)
[2024-05-30T10:55:30.870+0000][1270.290s][info][gc,task     ] GC(176) Using 6 workers of 6 for evacuation
[2024-05-30T10:55:30.926+0000][1270.346s][info][gc,phases   ] GC(176)   Pre Evacuate Collection Set: 0.2ms
[2024-05-30T10:55:30.926+0000][1270.346s][info][gc,phases   ] GC(176)   Merge Heap Roots: 0.2ms
[2024-05-30T10:55:30.926+0000][1270.346s][info][gc,phases   ] GC(176)   Evacuate Collection Set: 52.9ms
[2024-05-30T10:55:30.926+0000][1270.346s][info][gc,phases   ] GC(176)   Post Evacuate Collection Set: 2.4ms
[2024-05-30T10:55:30.926+0000][1270.346s][info][gc,phases   ] GC(176)   Other: 0.2ms
[2024-05-30T10:55:30.926+0000][1270.346s][info][gc,heap     ] GC(176) Eden regions: 677->0(678)
[2024-05-30T10:55:30.926+0000][1270.346s][info][gc,heap     ] GC(176) Survivor regions: 23->22(88)
[2024-05-30T10:55:30.926+0000][1270.346s][info][gc,heap     ] GC(176) Old regions: 435->436
[2024-05-30T10:55:30.926+0000][1270.346s][info][gc,heap     ] GC(176) Archive regions: 2->2
[2024-05-30T10:55:30.926+0000][1270.346s][info][gc,heap     ] GC(176) Humongous regions: 68->68
[2024-05-30T10:55:30.926+0000][1270.346s][info][gc,metaspace] GC(176) Metaspace: 410782K(416832K)->410782K(416832K) NonClass: 358839K(362240K)->358839K(362240K) Class: 51943K(54592K)->51943K(54592K)
[2024-05-30T10:55:30.926+0000][1270.346s][info][gc          ] GC(176) Pause Young (Normal) (G1 Evacuation Pause) 9621M->4206M(12288M) 56.047ms
[2024-05-30T10:55:30.927+0000][1270.346s][info][gc,cpu      ] GC(176) User=0.33s Sys=0.00s Real=0.05s
[2024-05-30T10:55:38.474+0000][1277.893s][info][gc,start    ] GC(177) Pause Young (Normal) (G1 Evacuation Pause)
[2024-05-30T10:55:38.474+0000][1277.893s][info][gc,task     ] GC(177) Using 6 workers of 6 for evacuation
[2024-05-30T10:55:38.531+0000][1277.950s][info][gc,phases   ] GC(177)   Pre Evacuate Collection Set: 0.2ms
[2024-05-30T10:55:38.531+0000][1277.951s][info][gc,phases   ] GC(177)   Merge Heap Roots: 0.2ms
[2024-05-30T10:55:38.531+0000][1277.951s][info][gc,phases   ] GC(177)   Evacuate Collection Set: 54.4ms
[2024-05-30T10:55:38.531+0000][1277.951s][info][gc,phases   ] GC(177)   Post Evacuate Collection Set: 2.3ms
[2024-05-30T10:55:38.531+0000][1277.951s][info][gc,phases   ] GC(177)   Other: 0.2ms
[2024-05-30T10:55:38.531+0000][1277.951s][info][gc,heap     ] GC(177) Eden regions: 678->0(674)
[2024-05-30T10:55:38.531+0000][1277.951s][info][gc,heap     ] GC(177) Survivor regions: 22->24(88)
[2024-05-30T10:55:38.531+0000][1277.951s][info][gc,heap     ] GC(177) Old regions: 436->436
[2024-05-30T10:55:38.531+0000][1277.951s][info][gc,heap     ] GC(177) Archive regions: 2->2
[2024-05-30T10:55:38.531+0000][1277.951s][info][gc,heap     ] GC(177) Humongous regions: 68->68
[2024-05-30T10:55:38.531+0000][1277.951s][info][gc,metaspace] GC(177) Metaspace: 410805K(416832K)->410805K(416832K) NonClass: 358862K(362240K)->358862K(362240K) Class: 51943K(54592K)->51943K(54592K)
[2024-05-30T10:55:38.531+0000][1277.951s][info][gc          ] GC(177) Pause Young (Normal) (G1 Evacuation Pause) 9630M->4224M(12288M) 57.325ms
[2024-05-30T10:55:38.531+0000][1277.951s][info][gc,cpu      ] GC(177) User=0.34s Sys=0.00s Real=0.06s
[2024-05-30T10:55:46.219+0000][1285.638s][info][gc,start    ] GC(178) Pause Young (Normal) (G1 Evacuation Pause)
[2024-05-30T10:55:46.219+0000][1285.638s][info][gc,task     ] GC(178) Using 6 workers of 6 for evacuation
[2024-05-30T10:55:46.276+0000][1285.695s][info][gc,phases   ] GC(178)   Pre Evacuate Collection Set: 0.2ms
[2024-05-30T10:55:46.276+0000][1285.695s][info][gc,phases   ] GC(178)   Merge Heap Roots: 0.2ms
[2024-05-30T10:55:46.276+0000][1285.695s][info][gc,phases   ] GC(178)   Evacuate Collection Set: 53.9ms
[2024-05-30T10:55:46.276+0000][1285.695s][info][gc,phases   ] GC(178)   Post Evacuate Collection Set: 2.4ms
[2024-05-30T10:55:46.276+0000][1285.695s][info][gc,phases   ] GC(178)   Other: 0.2ms
[2024-05-30T10:55:46.276+0000][1285.695s][info][gc,heap     ] GC(178) Eden regions: 674->0(673)
[2024-05-30T10:55:46.276+0000][1285.695s][info][gc,heap     ] GC(178) Survivor regions: 24->24(88)
[2024-05-30T10:55:46.276+0000][1285.695s][info][gc,heap     ] GC(178) Old regions: 436->437
[2024-05-30T10:55:46.276+0000][1285.695s][info][gc,heap     ] GC(178) Archive regions: 2->2
[2024-05-30T10:55:46.276+0000][1285.695s][info][gc,heap     ] GC(178) Humongous regions: 68->68
[2024-05-30T10:55:46.276+0000][1285.695s][info][gc,metaspace] GC(178) Metaspace: 410815K(416832K)->410815K(416832K) NonClass: 358871K(362240K)->358871K(362240K) Class: 51943K(54592K)->51943K(54592K)
[2024-05-30T10:55:46.276+0000][1285.695s][info][gc          ] GC(178) Pause Young (Normal) (G1 Evacuation Pause) 9616M->4232M(12288M) 56.980ms
[2024-05-30T10:55:46.276+0000][1285.695s][info][gc,cpu      ] GC(178) User=0.34s Sys=0.00s Real=0.05s
[2024-05-30T10:55:53.604+0000][1293.024s][info][gc,start    ] GC(179) Pause Young (Normal) (G1 Evacuation Pause)
[2024-05-30T10:55:53.604+0000][1293.024s][info][gc,task     ] GC(179) Using 6 workers of 6 for evacuation
[2024-05-30T10:55:53.675+0000][1293.094s][info][gc,phases   ] GC(179)   Pre Evacuate Collection Set: 0.2ms
[2024-05-30T10:55:53.675+0000][1293.094s][info][gc,phases   ] GC(179)   Merge Heap Roots: 0.2ms
[2024-05-30T10:55:53.675+0000][1293.094s][info][gc,phases   ] GC(179)   Evacuate Collection Set: 67.2ms
[2024-05-30T10:55:53.675+0000][1293.094s][info][gc,phases   ] GC(179)   Post Evacuate Collection Set: 2.6ms
[2024-05-30T10:55:53.675+0000][1293.094s][info][gc,phases   ] GC(179)   Other: 0.2ms
[2024-05-30T10:55:53.675+0000][1293.094s][info][gc,heap     ] GC(179) Eden regions: 673->0(674)
[2024-05-30T10:55:53.675+0000][1293.094s][info][gc,heap     ] GC(179) Survivor regions: 24->23(88)
[2024-05-30T10:55:53.675+0000][1293.094s][info][gc,heap     ] GC(179) Old regions: 437->438
[2024-05-30T10:55:53.675+0000][1293.094s][info][gc,heap     ] GC(179) Archive regions: 2->2
[2024-05-30T10:55:53.675+0000][1293.094s][info][gc,heap     ] GC(179) Humongous regions: 68->68
[2024-05-30T10:55:53.675+0000][1293.094s][info][gc,metaspace] GC(179) Metaspace: 410822K(416832K)->410822K(416832K) NonClass: 358878K(362240K)->358878K(362240K) Class: 51943K(54592K)->51943K(54592K)
[2024-05-30T10:55:53.675+0000][1293.094s][info][gc          ] GC(179) Pause Young (Normal) (G1 Evacuation Pause) 9616M->4225M(12288M) 70.425ms
[2024-05-30T10:55:53.675+0000][1293.094s][info][gc,cpu      ] GC(179) User=0.41s Sys=0.01s Real=0.07s
[2024-05-30T10:56:00.043+0000][1299.462s][info][gc,start    ] GC(180) Pause Young (Normal) (G1 Evacuation Pause)
[2024-05-30T10:56:00.043+0000][1299.463s][info][gc,task     ] GC(180) Using 6 workers of 6 for evacuation
[2024-05-30T10:56:00.108+0000][1299.527s][info][gc,phases   ] GC(180)   Pre Evacuate Collection Set: 0.2ms
[2024-05-30T10:56:00.108+0000][1299.527s][info][gc,phases   ] GC(180)   Merge Heap Roots: 0.2ms
[2024-05-30T10:56:00.108+0000][1299.527s][info][gc,phases   ] GC(180)   Evacuate Collection Set: 60.6ms
[2024-05-30T10:56:00.108+0000][1299.527s][info][gc,phases   ] GC(180)   Post Evacuate Collection Set: 3.7ms
[2024-05-30T10:56:00.108+0000][1299.527s][info][gc,phases   ] GC(180)   Other: 0.2ms
[2024-05-30T10:56:00.108+0000][1299.528s][info][gc,heap     ] GC(180) Eden regions: 674->0(678)
[2024-05-30T10:56:00.108+0000][1299.528s][info][gc,heap     ] GC(180) Survivor regions: 23->21(88)
[2024-05-30T10:56:00.108+0000][1299.528s][info][gc,heap     ] GC(180) Old regions: 438->438
[2024-05-30T10:56:00.108+0000][1299.528s][info][gc,heap     ] GC(180) Archive regions: 2->2
[2024-05-30T10:56:00.108+0000][1299.528s][info][gc,heap     ] GC(180) Humongous regions: 68->68
[2024-05-30T10:56:00.108+0000][1299.528s][info][gc,metaspace] GC(180) Metaspace: 410828K(416832K)->410828K(416832K) NonClass: 358884K(362240K)->358884K(362240K) Class: 51943K(54592K)->51943K(54592K)
[2024-05-30T10:56:00.108+0000][1299.528s][info][gc          ] GC(180) Pause Young (Normal) (G1 Evacuation Pause) 9617M->4216M(12288M) 65.100ms
[2024-05-30T10:56:00.108+0000][1299.528s][info][gc,cpu      ] GC(180) User=0.39s Sys=0.01s Real=0.07s
[2024-05-30T10:56:02.224+0000][1301.644s][info][gc,start    ] GC(181) Pause Young (Normal) (G1 Evacuation Pause)
[2024-05-30T10:56:02.224+0000][1301.644s][info][gc,task     ] GC(181) Using 6 workers of 6 for evacuation
[2024-05-30T10:56:02.332+0000][1301.751s][info][gc,phases   ] GC(181)   Pre Evacuate Collection Set: 0.2ms
[2024-05-30T10:56:02.332+0000][1301.751s][info][gc,phases   ] GC(181)   Merge Heap Roots: 0.2ms
[2024-05-30T10:56:02.332+0000][1301.751s][info][gc,phases   ] GC(181)   Evacuate Collection Set: 90.1ms
[2024-05-30T10:56:02.332+0000][1301.751s][info][gc,phases   ] GC(181)   Post Evacuate Collection Set: 16.5ms
[2024-05-30T10:56:02.332+0000][1301.751s][info][gc,phases   ] GC(181)   Other: 0.3ms
[2024-05-30T10:56:02.332+0000][1301.751s][info][gc,heap     ] GC(181) Eden regions: 678->0(669)
[2024-05-30T10:56:02.332+0000][1301.751s][info][gc,heap     ] GC(181) Survivor regions: 21->25(88)
[2024-05-30T10:56:02.332+0000][1301.751s][info][gc,heap     ] GC(181) Old regions: 438->439
[2024-05-30T10:56:02.332+0000][1301.751s][info][gc,heap     ] GC(181) Archive regions: 2->2
[2024-05-30T10:56:02.332+0000][1301.751s][info][gc,heap     ] GC(181) Humongous regions: 68->68
[2024-05-30T10:56:02.332+0000][1301.751s][info][gc,metaspace] GC(181) Metaspace: 410859K(416896K)->410859K(416896K) NonClass: 358915K(362304K)->358915K(362304K) Class: 51943K(54592K)->51943K(54592K)
[2024-05-30T10:56:02.332+0000][1301.751s][info][gc          ] GC(181) Pause Young (Normal) (G1 Evacuation Pause) 9640M->4253M(12288M) 107.416ms
[2024-05-30T10:56:02.332+0000][1301.751s][info][gc,cpu      ] GC(181) User=0.62s Sys=0.00s Real=0.11s
[2024-05-30T10:56:04.483+0000][1303.902s][info][gc,start    ] GC(182) Pause Young (Normal) (G1 Evacuation Pause)
[2024-05-30T10:56:04.483+0000][1303.902s][info][gc,task     ] GC(182) Using 6 workers of 6 for evacuation
[2024-05-30T10:56:04.599+0000][1304.018s][info][gc,phases   ] GC(182)   Pre Evacuate Collection Set: 0.2ms
[2024-05-30T10:56:04.599+0000][1304.018s][info][gc,phases   ] GC(182)   Merge Heap Roots: 0.2ms
[2024-05-30T10:56:04.599+0000][1304.018s][info][gc,phases   ] GC(182)   Evacuate Collection Set: 97.1ms
[2024-05-30T10:56:04.599+0000][1304.018s][info][gc,phases   ] GC(182)   Post Evacuate Collection Set: 17.7ms
[2024-05-30T10:56:04.599+0000][1304.018s][info][gc,phases   ] GC(182)   Other: 0.2ms
[2024-05-30T10:56:04.599+0000][1304.018s][info][gc,heap     ] GC(182) Eden regions: 669->0(662)
[2024-05-30T10:56:04.599+0000][1304.018s][info][gc,heap     ] GC(182) Survivor regions: 25->28(87)
[2024-05-30T10:56:04.599+0000][1304.018s][info][gc,heap     ] GC(182) Old regions: 439->440
[2024-05-30T10:56:04.599+0000][1304.018s][info][gc,heap     ] GC(182) Archive regions: 2->2
[2024-05-30T10:56:04.599+0000][1304.018s][info][gc,heap     ] GC(182) Humongous regions: 68->68
[2024-05-30T10:56:04.599+0000][1304.018s][info][gc,metaspace] GC(182) Metaspace: 410859K(416896K)->410859K(416896K) NonClass: 358916K(362304K)->358916K(362304K) Class: 51943K(54592K)->51943K(54592K)
[2024-05-30T10:56:04.599+0000][1304.018s][info][gc          ] GC(182) Pause Young (Normal) (G1 Evacuation Pause) 9605M->4284M(12288M) 115.467ms
[2024-05-30T10:56:04.599+0000][1304.018s][info][gc,cpu      ] GC(182) User=0.66s Sys=0.02s Real=0.12s
[2024-05-30T10:56:06.648+0000][1306.067s][info][gc,start    ] GC(183) Pause Young (Normal) (G1 Evacuation Pause)
[2024-05-30T10:56:06.648+0000][1306.067s][info][gc,task     ] GC(183) Using 6 workers of 6 for evacuation
[2024-05-30T10:56:06.770+0000][1306.190s][info][gc,phases   ] GC(183)   Pre Evacuate Collection Set: 0.2ms
[2024-05-30T10:56:06.770+0000][1306.190s][info][gc,phases   ] GC(183)   Merge Heap Roots: 0.3ms
[2024-05-30T10:56:06.770+0000][1306.190s][info][gc,phases   ] GC(183)   Evacuate Collection Set: 103.7ms
[2024-05-30T10:56:06.770+0000][1306.190s][info][gc,phases   ] GC(183)   Post Evacuate Collection Set: 17.9ms
[2024-05-30T10:56:06.770+0000][1306.190s][info][gc,phases   ] GC(183)   Other: 0.2ms
[2024-05-30T10:56:06.770+0000][1306.190s][info][gc,heap     ] GC(183) Eden regions: 662->0(659)
[2024-05-30T10:56:06.770+0000][1306.190s][info][gc,heap     ] GC(183) Survivor regions: 28->29(87)
[2024-05-30T10:56:06.770+0000][1306.190s][info][gc,heap     ] GC(183) Old regions: 440->441
[2024-05-30T10:56:06.770+0000][1306.190s][info][gc,heap     ] GC(183) Archive regions: 2->2
[2024-05-30T10:56:06.770+0000][1306.190s][info][gc,heap     ] GC(183) Humongous regions: 68->68
[2024-05-30T10:56:06.770+0000][1306.190s][info][gc,metaspace] GC(183) Metaspace: 410868K(416896K)->410868K(416896K) NonClass: 358924K(362304K)->358924K(362304K) Class: 51943K(54592K)->51943K(54592K)
[2024-05-30T10:56:06.771+0000][1306.190s][info][gc          ] GC(183) Pause Young (Normal) (G1 Evacuation Pause) 9580M->4298M(12288M) 122.413ms
[2024-05-30T10:56:06.771+0000][1306.190s][info][gc,cpu      ] GC(183) User=0.70s Sys=0.01s Real=0.13s
[2024-05-30T10:56:08.595+0000][1308.014s][info][gc,start    ] GC(184) Pause Young (Normal) (G1 Evacuation Pause)
[2024-05-30T10:56:08.595+0000][1308.014s][info][gc,task     ] GC(184) Using 6 workers of 6 for evacuation
[2024-05-30T10:56:08.731+0000][1308.150s][info][gc,phases   ] GC(184)   Pre Evacuate Collection Set: 0.2ms
[2024-05-30T10:56:08.731+0000][1308.150s][info][gc,phases   ] GC(184)   Merge Heap Roots: 0.3ms
[2024-05-30T10:56:08.731+0000][1308.150s][info][gc,phases   ] GC(184)   Evacuate Collection Set: 115.2ms
[2024-05-30T10:56:08.731+0000][1308.150s][info][gc,phases   ] GC(184)   Post Evacuate Collection Set: 19.8ms
[2024-05-30T10:56:08.731+0000][1308.150s][info][gc,phases   ] GC(184)   Other: 0.2ms
[2024-05-30T10:56:08.731+0000][1308.150s][info][gc,heap     ] GC(184) Eden regions: 659->0(651)
[2024-05-30T10:56:08.731+0000][1308.150s][info][gc,heap     ] GC(184) Survivor regions: 29->33(86)
[2024-05-30T10:56:08.731+0000][1308.150s][info][gc,heap     ] GC(184) Old regions: 441->441
[2024-05-30T10:56:08.731+0000][1308.150s][info][gc,heap     ] GC(184) Archive regions: 2->2
[2024-05-30T10:56:08.731+0000][1308.150s][info][gc,heap     ] GC(184) Humongous regions: 68->68
[2024-05-30T10:56:08.731+0000][1308.150s][info][gc,metaspace] GC(184) Metaspace: 410868K(416896K)->410868K(416896K) NonClass: 358924K(362304K)->358924K(362304K) Class: 51943K(54592K)->51943K(54592K)
[2024-05-30T10:56:08.731+0000][1308.150s][info][gc          ] GC(184) Pause Young (Normal) (G1 Evacuation Pause) 9570M->4336M(12288M) 135.771ms
[2024-05-30T10:56:08.731+0000][1308.150s][info][gc,cpu      ] GC(184) User=0.78s Sys=0.00s Real=0.14s
[2024-05-30T10:56:10.708+0000][1310.127s][info][gc,start    ] GC(185) Pause Young (Normal) (G1 Evacuation Pause)
[2024-05-30T10:56:10.708+0000][1310.127s][info][gc,task     ] GC(185) Using 6 workers of 6 for evacuation
[2024-05-30T10:56:10.846+0000][1310.265s][info][gc,phases   ] GC(185)   Pre Evacuate Collection Set: 0.2ms
[2024-05-30T10:56:10.846+0000][1310.265s][info][gc,phases   ] GC(185)   Merge Heap Roots: 0.3ms
[2024-05-30T10:56:10.846+0000][1310.265s][info][gc,phases   ] GC(185)   Evacuate Collection Set: 118.5ms
[2024-05-30T10:56:10.846+0000][1310.265s][info][gc,phases   ] GC(185)   Post Evacuate Collection Set: 19.1ms
[2024-05-30T10:56:10.846+0000][1310.265s][info][gc,phases   ] GC(185)   Other: 0.2ms
[2024-05-30T10:56:10.846+0000][1310.265s][info][gc,heap     ] GC(185) Eden regions: 651->0(648)
[2024-05-30T10:56:10.846+0000][1310.265s][info][gc,heap     ] GC(185) Survivor regions: 33->34(86)
[2024-05-30T10:56:10.846+0000][1310.265s][info][gc,heap     ] GC(185) Old regions: 441->442
[2024-05-30T10:56:10.846+0000][1310.265s][info][gc,heap     ] GC(185) Archive regions: 2->2
[2024-05-30T10:56:10.846+0000][1310.265s][info][gc,heap     ] GC(185) Humongous regions: 68->68
[2024-05-30T10:56:10.846+0000][1310.265s][info][gc,metaspace] GC(185) Metaspace: 410868K(416896K)->410868K(416896K) NonClass: 358924K(362304K)->358924K(362304K) Class: 51943K(54592K)->51943K(54592K)
[2024-05-30T10:56:10.846+0000][1310.265s][info][gc          ] GC(185) Pause Young (Normal) (G1 Evacuation Pause) 9544M->4355M(12288M) 138.338ms
[2024-05-30T10:56:10.846+0000][1310.265s][info][gc,cpu      ] GC(185) User=0.81s Sys=0.00s Real=0.14s
[2024-05-30T10:56:12.813+0000][1312.232s][info][gc,start    ] GC(186) Pause Young (Normal) (G1 Evacuation Pause)
[2024-05-30T10:56:12.813+0000][1312.232s][info][gc,task     ] GC(186) Using 6 workers of 6 for evacuation
[2024-05-30T10:56:12.961+0000][1312.380s][info][gc,phases   ] GC(186)   Pre Evacuate Collection Set: 0.2ms
[2024-05-30T10:56:12.961+0000][1312.380s][info][gc,phases   ] GC(186)   Merge Heap Roots: 0.3ms
[2024-05-30T10:56:12.961+0000][1312.380s][info][gc,phases   ] GC(186)   Evacuate Collection Set: 131.0ms
[2024-05-30T10:56:12.961+0000][1312.380s][info][gc,phases   ] GC(186)   Post Evacuate Collection Set: 16.7ms
[2024-05-30T10:56:12.961+0000][1312.380s][info][gc,phases   ] GC(186)   Other: 0.2ms
[2024-05-30T10:56:12.961+0000][1312.380s][info][gc,heap     ] GC(186) Eden regions: 648->0(641)
[2024-05-30T10:56:12.961+0000][1312.380s][info][gc,heap     ] GC(186) Survivor regions: 34->37(86)
[2024-05-30T10:56:12.961+0000][1312.380s][info][gc,heap     ] GC(186) Old regions: 442->443
[2024-05-30T10:56:12.961+0000][1312.380s][info][gc,heap     ] GC(186) Archive regions: 2->2
[2024-05-30T10:56:12.961+0000][1312.380s][info][gc,heap     ] GC(186) Humongous regions: 68->68
[2024-05-30T10:56:12.961+0000][1312.380s][info][gc,metaspace] GC(186) Metaspace: 410871K(416896K)->410871K(416896K) NonClass: 358927K(362304K)->358927K(362304K) Class: 51943K(54592K)->51943K(54592K)
[2024-05-30T10:56:12.961+0000][1312.380s][info][gc          ] GC(186) Pause Young (Normal) (G1 Evacuation Pause) 9539M->4382M(12288M) 148.445ms
[2024-05-30T10:56:12.961+0000][1312.380s][info][gc,cpu      ] GC(186) User=0.88s Sys=0.01s Real=0.15s
[2024-05-30T10:56:14.698+0000][1314.117s][info][gc,start    ] GC(187) Pause Young (Normal) (G1 Evacuation Pause)
[2024-05-30T10:56:14.698+0000][1314.117s][info][gc,task     ] GC(187) Using 6 workers of 6 for evacuation
[2024-05-30T10:56:14.815+0000][1314.234s][info][gc,phases   ] GC(187)   Pre Evacuate Collection Set: 0.2ms
[2024-05-30T10:56:14.815+0000][1314.234s][info][gc,phases   ] GC(187)   Merge Heap Roots: 0.3ms
[2024-05-30T10:56:14.815+0000][1314.234s][info][gc,phases   ] GC(187)   Evacuate Collection Set: 112.6ms
[2024-05-30T10:56:14.815+0000][1314.234s][info][gc,phases   ] GC(187)   Post Evacuate Collection Set: 4.0ms
[2024-05-30T10:56:14.815+0000][1314.234s][info][gc,phases   ] GC(187)   Other: 0.2ms
[2024-05-30T10:56:14.815+0000][1314.234s][info][gc,heap     ] GC(187) Eden regions: 641->0(642)
[2024-05-30T10:56:14.815+0000][1314.234s][info][gc,heap     ] GC(187) Survivor regions: 37->36(85)
[2024-05-30T10:56:14.815+0000][1314.234s][info][gc,heap     ] GC(187) Old regions: 443->444
[2024-05-30T10:56:14.815+0000][1314.234s][info][gc,heap     ] GC(187) Archive regions: 2->2
[2024-05-30T10:56:14.815+0000][1314.234s][info][gc,heap     ] GC(187) Humongous regions: 68->68
[2024-05-30T10:56:14.815+0000][1314.234s][info][gc,metaspace] GC(187) Metaspace: 410871K(416896K)->410871K(416896K) NonClass: 358927K(362304K)->358927K(362304K) Class: 51943K(54592K)->51943K(54592K)
[2024-05-30T10:56:14.815+0000][1314.234s][info][gc          ] GC(187) Pause Young (Normal) (G1 Evacuation Pause) 9510M->4380M(12288M) 117.378ms
[2024-05-30T10:56:14.815+0000][1314.234s][info][gc,cpu      ] GC(187) User=0.69s Sys=0.00s Real=0.11s
[2024-05-30T10:56:16.502+0000][1315.921s][info][gc,start    ] GC(188) Pause Young (Normal) (G1 Evacuation Pause)
[2024-05-30T10:56:16.502+0000][1315.921s][info][gc,task     ] GC(188) Using 6 workers of 6 for evacuation
[2024-05-30T10:56:16.636+0000][1316.055s][info][gc,phases   ] GC(188)   Pre Evacuate Collection Set: 0.2ms
[2024-05-30T10:56:16.636+0000][1316.055s][info][gc,phases   ] GC(188)   Merge Heap Roots: 0.3ms
[2024-05-30T10:56:16.636+0000][1316.055s][info][gc,phases   ] GC(188)   Evacuate Collection Set: 123.0ms
[2024-05-30T10:56:16.636+0000][1316.055s][info][gc,phases   ] GC(188)   Post Evacuate Collection Set: 10.8ms
[2024-05-30T10:56:16.636+0000][1316.055s][info][gc,phases   ] GC(188)   Other: 0.2ms
[2024-05-30T10:56:16.636+0000][1316.055s][info][gc,heap     ] GC(188) Eden regions: 642->0(639)
[2024-05-30T10:56:16.636+0000][1316.055s][info][gc,heap     ] GC(188) Survivor regions: 36->37(85)
[2024-05-30T10:56:16.636+0000][1316.055s][info][gc,heap     ] GC(188) Old regions: 444->445
[2024-05-30T10:56:16.636+0000][1316.055s][info][gc,heap     ] GC(188) Archive regions: 2->2
[2024-05-30T10:56:16.636+0000][1316.055s][info][gc,heap     ] GC(188) Humongous regions: 68->68
[2024-05-30T10:56:16.636+0000][1316.055s][info][gc,metaspace] GC(188) Metaspace: 410873K(416896K)->410873K(416896K) NonClass: 358930K(362304K)->358930K(362304K) Class: 51943K(54592K)->51943K(54592K)
[2024-05-30T10:56:16.636+0000][1316.055s][info][gc          ] GC(188) Pause Young (Normal) (G1 Evacuation Pause) 9516M->4396M(12288M) 134.502ms
[2024-05-30T10:56:16.636+0000][1316.055s][info][gc,cpu      ] GC(188) User=0.80s Sys=0.00s Real=0.13s
[2024-05-30T10:56:18.390+0000][1317.809s][info][gc,start    ] GC(189) Pause Young (Normal) (G1 Evacuation Pause)
[2024-05-30T10:56:18.390+0000][1317.809s][info][gc,task     ] GC(189) Using 6 workers of 6 for evacuation
[2024-05-30T10:56:18.538+0000][1317.957s][info][gc,phases   ] GC(189)   Pre Evacuate Collection Set: 0.2ms
[2024-05-30T10:56:18.538+0000][1317.957s][info][gc,phases   ] GC(189)   Merge Heap Roots: 0.3ms
[2024-05-30T10:56:18.538+0000][1317.957s][info][gc,phases   ] GC(189)   Evacuate Collection Set: 134.3ms
[2024-05-30T10:56:18.538+0000][1317.957s][info][gc,phases   ] GC(189)   Post Evacuate Collection Set: 12.8ms
[2024-05-30T10:56:18.538+0000][1317.957s][info][gc,phases   ] GC(189)   Other: 0.2ms
[2024-05-30T10:56:18.538+0000][1317.957s][info][gc,heap     ] GC(189) Eden regions: 639->0(636)
[2024-05-30T10:56:18.538+0000][1317.957s][info][gc,heap     ] GC(189) Survivor regions: 37->38(85)
[2024-05-30T10:56:18.538+0000][1317.957s][info][gc,heap     ] GC(189) Old regions: 445->446
[2024-05-30T10:56:18.538+0000][1317.957s][info][gc,heap     ] GC(189) Archive regions: 2->2
[2024-05-30T10:56:18.538+0000][1317.957s][info][gc,heap     ] GC(189) Humongous regions: 68->68
[2024-05-30T10:56:18.538+0000][1317.957s][info][gc,metaspace] GC(189) Metaspace: 410873K(416896K)->410873K(416896K) NonClass: 358930K(362304K)->358930K(362304K) Class: 51943K(54592K)->51943K(54592K)
[2024-05-30T10:56:18.538+0000][1317.957s][info][gc          ] GC(189) Pause Young (Normal) (G1 Evacuation Pause) 9508M->4416M(12288M) 147.826ms
[2024-05-30T10:56:18.538+0000][1317.957s][info][gc,cpu      ] GC(189) User=0.88s Sys=0.00s Real=0.15s
[2024-05-30T10:56:20.548+0000][1319.967s][info][gc,start    ] GC(190) Pause Young (Normal) (G1 Evacuation Pause)
[2024-05-30T10:56:20.548+0000][1319.967s][info][gc,task     ] GC(190) Using 6 workers of 6 for evacuation
[2024-05-30T10:56:20.716+0000][1320.135s][info][gc,phases   ] GC(190)   Pre Evacuate Collection Set: 0.2ms
[2024-05-30T10:56:20.716+0000][1320.135s][info][gc,phases   ] GC(190)   Merge Heap Roots: 0.4ms
[2024-05-30T10:56:20.716+0000][1320.135s][info][gc,phases   ] GC(190)   Evacuate Collection Set: 148.9ms
[2024-05-30T10:56:20.716+0000][1320.135s][info][gc,phases   ] GC(190)   Post Evacuate Collection Set: 18.1ms
[2024-05-30T10:56:20.716+0000][1320.135s][info][gc,phases   ] GC(190)   Other: 0.2ms
[2024-05-30T10:56:20.716+0000][1320.135s][info][gc,heap     ] GC(190) Eden regions: 636->0(633)
[2024-05-30T10:56:20.716+0000][1320.135s][info][gc,heap     ] GC(190) Survivor regions: 38->39(85)
[2024-05-30T10:56:20.716+0000][1320.135s][info][gc,heap     ] GC(190) Old regions: 446->447
[2024-05-30T10:56:20.716+0000][1320.135s][info][gc,heap     ] GC(190) Archive regions: 2->2
[2024-05-30T10:56:20.716+0000][1320.135s][info][gc,heap     ] GC(190) Humongous regions: 68->68
[2024-05-30T10:56:20.716+0000][1320.135s][info][gc,metaspace] GC(190) Metaspace: 410873K(416896K)->410873K(416896K) NonClass: 358930K(362304K)->358930K(362304K) Class: 51943K(54592K)->51943K(54592K)
[2024-05-30T10:56:20.716+0000][1320.135s][info][gc          ] GC(190) Pause Young (Normal) (G1 Evacuation Pause) 9504M->4428M(12288M) 167.830ms
[2024-05-30T10:56:20.716+0000][1320.135s][info][gc,cpu      ] GC(190) User=0.98s Sys=0.00s Real=0.17s
[2024-05-30T10:56:26.098+0000][1325.518s][info][gc,start    ] GC(191) Pause Young (Normal) (G1 Evacuation Pause)
[2024-05-30T10:56:26.098+0000][1325.518s][info][gc,task     ] GC(191) Using 6 workers of 6 for evacuation
[2024-05-30T10:56:26.222+0000][1325.642s][info][gc,phases   ] GC(191)   Pre Evacuate Collection Set: 0.2ms
[2024-05-30T10:56:26.222+0000][1325.642s][info][gc,phases   ] GC(191)   Merge Heap Roots: 0.3ms
[2024-05-30T10:56:26.222+0000][1325.642s][info][gc,phases   ] GC(191)   Evacuate Collection Set: 116.0ms
[2024-05-30T10:56:26.222+0000][1325.642s][info][gc,phases   ] GC(191)   Post Evacuate Collection Set: 7.2ms
[2024-05-30T10:56:26.222+0000][1325.642s][info][gc,phases   ] GC(191)   Other: 0.2ms
[2024-05-30T10:56:26.222+0000][1325.642s][info][gc,heap     ] GC(191) Eden regions: 633->0(634)
[2024-05-30T10:56:26.222+0000][1325.642s][info][gc,heap     ] GC(191) Survivor regions: 39->38(84)
[2024-05-30T10:56:26.222+0000][1325.642s][info][gc,heap     ] GC(191) Old regions: 447->448
[2024-05-30T10:56:26.222+0000][1325.642s][info][gc,heap     ] GC(191) Archive regions: 2->2
[2024-05-30T10:56:26.222+0000][1325.642s][info][gc,heap     ] GC(191) Humongous regions: 68->68
[2024-05-30T10:56:26.222+0000][1325.642s][info][gc,metaspace] GC(191) Metaspace: 410879K(416896K)->410879K(416896K) NonClass: 358936K(362304K)->358936K(362304K) Class: 51943K(54592K)->51943K(54592K)
[2024-05-30T10:56:26.222+0000][1325.642s][info][gc          ] GC(191) Pause Young (Normal) (G1 Evacuation Pause) 9492M->4429M(12288M) 123.935ms
[2024-05-30T10:56:26.222+0000][1325.642s][info][gc,cpu      ] GC(191) User=0.73s Sys=0.00s Real=0.12s
[2024-05-30T10:56:33.264+0000][1332.683s][info][gc,start    ] GC(192) Pause Young (Normal) (G1 Evacuation Pause)
[2024-05-30T10:56:33.264+0000][1332.683s][info][gc,task     ] GC(192) Using 6 workers of 6 for evacuation
[2024-05-30T10:56:33.382+0000][1332.801s][info][gc,phases   ] GC(192)   Pre Evacuate Collection Set: 0.2ms
[2024-05-30T10:56:33.382+0000][1332.801s][info][gc,phases   ] GC(192)   Merge Heap Roots: 0.3ms
[2024-05-30T10:56:33.382+0000][1332.801s][info][gc,phases   ] GC(192)   Evacuate Collection Set: 114.7ms
[2024-05-30T10:56:33.382+0000][1332.801s][info][gc,phases   ] GC(192)   Post Evacuate Collection Set: 2.3ms
[2024-05-30T10:56:33.382+0000][1332.801s][info][gc,phases   ] GC(192)   Other: 0.3ms
[2024-05-30T10:56:33.382+0000][1332.801s][info][gc,heap     ] GC(192) Eden regions: 634->0(633)
[2024-05-30T10:56:33.382+0000][1332.801s][info][gc,heap     ] GC(192) Survivor regions: 38->38(84)
[2024-05-30T10:56:33.382+0000][1332.801s][info][gc,heap     ] GC(192) Old regions: 448->449
[2024-05-30T10:56:33.382+0000][1332.801s][info][gc,heap     ] GC(192) Archive regions: 2->2
[2024-05-30T10:56:33.382+0000][1332.801s][info][gc,heap     ] GC(192) Humongous regions: 68->68
[2024-05-30T10:56:33.382+0000][1332.801s][info][gc,metaspace] GC(192) Metaspace: 410885K(416896K)->410885K(416896K) NonClass: 358941K(362304K)->358941K(362304K) Class: 51944K(54592K)->51944K(54592K)
[2024-05-30T10:56:33.382+0000][1332.801s][info][gc          ] GC(192) Pause Young (Normal) (G1 Evacuation Pause) 9501M->4440M(12288M) 117.758ms
[2024-05-30T10:56:33.382+0000][1332.801s][info][gc,cpu      ] GC(192) User=0.70s Sys=0.00s Real=0.12s
[2024-05-30T10:56:40.229+0000][1339.648s][info][gc,start    ] GC(193) Pause Young (Normal) (G1 Evacuation Pause)
[2024-05-30T10:56:40.229+0000][1339.648s][info][gc,task     ] GC(193) Using 6 workers of 6 for evacuation
[2024-05-30T10:56:40.343+0000][1339.762s][info][gc,phases   ] GC(193)   Pre Evacuate Collection Set: 0.2ms
[2024-05-30T10:56:40.343+0000][1339.762s][info][gc,phases   ] GC(193)   Merge Heap Roots: 0.3ms
[2024-05-30T10:56:40.343+0000][1339.762s][info][gc,phases   ] GC(193)   Evacuate Collection Set: 111.2ms
[2024-05-30T10:56:40.343+0000][1339.762s][info][gc,phases   ] GC(193)   Post Evacuate Collection Set: 2.2ms
[2024-05-30T10:56:40.343+0000][1339.762s][info][gc,phases   ] GC(193)   Other: 0.2ms
[2024-05-30T10:56:40.343+0000][1339.762s][info][gc,heap     ] GC(193) Eden regions: 633->0(636)
[2024-05-30T10:56:40.343+0000][1339.762s][info][gc,heap     ] GC(193) Survivor regions: 38->36(84)
[2024-05-30T10:56:40.343+0000][1339.762s][info][gc,heap     ] GC(193) Old regions: 449->450
[2024-05-30T10:56:40.343+0000][1339.762s][info][gc,heap     ] GC(193) Archive regions: 2->2
[2024-05-30T10:56:40.343+0000][1339.762s][info][gc,heap     ] GC(193) Humongous regions: 68->68
[2024-05-30T10:56:40.343+0000][1339.762s][info][gc,metaspace] GC(193) Metaspace: 410887K(416896K)->410887K(416896K) NonClass: 358943K(362304K)->358943K(362304K) Class: 51944K(54592K)->51944K(54592K)
[2024-05-30T10:56:40.343+0000][1339.762s][info][gc          ] GC(193) Pause Young (Normal) (G1 Evacuation Pause) 9504M->4435M(12288M) 114.192ms
[2024-05-30T10:56:40.343+0000][1339.762s][info][gc,cpu      ] GC(193) User=0.68s Sys=0.00s Real=0.11s
[2024-05-30T10:56:47.567+0000][1346.987s][info][gc,start    ] GC(194) Pause Young (Normal) (G1 Evacuation Pause)
[2024-05-30T10:56:47.567+0000][1346.987s][info][gc,task     ] GC(194) Using 6 workers of 6 for evacuation
[2024-05-30T10:56:47.680+0000][1347.100s][info][gc,phases   ] GC(194)   Pre Evacuate Collection Set: 0.2ms
[2024-05-30T10:56:47.680+0000][1347.100s][info][gc,phases   ] GC(194)   Merge Heap Roots: 0.3ms
[2024-05-30T10:56:47.680+0000][1347.100s][info][gc,phases   ] GC(194)   Evacuate Collection Set: 110.2ms
[2024-05-30T10:56:47.680+0000][1347.100s][info][gc,phases   ] GC(194)   Post Evacuate Collection Set: 2.3ms
[2024-05-30T10:56:47.680+0000][1347.100s][info][gc,phases   ] GC(194)   Other: 0.2ms
[2024-05-30T10:56:47.680+0000][1347.100s][info][gc,heap     ] GC(194) Eden regions: 636->0(633)
[2024-05-30T10:56:47.680+0000][1347.100s][info][gc,heap     ] GC(194) Survivor regions: 36->37(84)
[2024-05-30T10:56:47.680+0000][1347.100s][info][gc,heap     ] GC(194) Old regions: 450->451
[2024-05-30T10:56:47.680+0000][1347.100s][info][gc,heap     ] GC(194) Archive regions: 2->2
[2024-05-30T10:56:47.680+0000][1347.100s][info][gc,heap     ] GC(194) Humongous regions: 68->68
[2024-05-30T10:56:47.680+0000][1347.100s][info][gc,metaspace] GC(194) Metaspace: 410893K(416896K)->410893K(416896K) NonClass: 358949K(362304K)->358949K(362304K) Class: 51944K(54592K)->51944K(54592K)
[2024-05-30T10:56:47.680+0000][1347.100s][info][gc          ] GC(194) Pause Young (Normal) (G1 Evacuation Pause) 9523M->4448M(12288M) 113.210ms
[2024-05-30T10:56:47.681+0000][1347.100s][info][gc,cpu      ] GC(194) User=0.67s Sys=0.00s Real=0.12s
[2024-05-30T10:56:54.708+0000][1354.127s][info][gc,start    ] GC(195) Pause Young (Normal) (G1 Evacuation Pause)
[2024-05-30T10:56:54.708+0000][1354.127s][info][gc,task     ] GC(195) Using 6 workers of 6 for evacuation
[2024-05-30T10:56:54.824+0000][1354.244s][info][gc,phases   ] GC(195)   Pre Evacuate Collection Set: 0.2ms
[2024-05-30T10:56:54.824+0000][1354.244s][info][gc,phases   ] GC(195)   Merge Heap Roots: 0.3ms
[2024-05-30T10:56:54.824+0000][1354.244s][info][gc,phases   ] GC(195)   Evacuate Collection Set: 113.0ms
[2024-05-30T10:56:54.824+0000][1354.244s][info][gc,phases   ] GC(195)   Post Evacuate Collection Set: 2.5ms
[2024-05-30T10:56:54.824+0000][1354.244s][info][gc,phases   ] GC(195)   Other: 0.2ms
[2024-05-30T10:56:54.824+0000][1354.244s][info][gc,heap     ] GC(195) Eden regions: 633->0(628)
[2024-05-30T10:56:54.824+0000][1354.244s][info][gc,heap     ] GC(195) Survivor regions: 37->39(84)
[2024-05-30T10:56:54.824+0000][1354.244s][info][gc,heap     ] GC(195) Old regions: 451->452
[2024-05-30T10:56:54.824+0000][1354.244s][info][gc,heap     ] GC(195) Archive regions: 2->2
[2024-05-30T10:56:54.824+0000][1354.244s][info][gc,heap     ] GC(195) Humongous regions: 68->68
[2024-05-30T10:56:54.824+0000][1354.244s][info][gc,metaspace] GC(195) Metaspace: 410895K(416896K)->410895K(416896K) NonClass: 358951K(362304K)->358951K(362304K) Class: 51944K(54592K)->51944K(54592K)
[2024-05-30T10:56:54.824+0000][1354.244s][info][gc          ] GC(195) Pause Young (Normal) (G1 Evacuation Pause) 9512M->4471M(12288M) 116.269ms
[2024-05-30T10:56:54.825+0000][1354.244s][info][gc,cpu      ] GC(195) User=0.69s Sys=0.01s Real=0.12s
[2024-05-30T10:57:01.697+0000][1361.116s][info][gc,start    ] GC(196) Pause Young (Normal) (G1 Evacuation Pause)
[2024-05-30T10:57:01.697+0000][1361.116s][info][gc,task     ] GC(196) Using 6 workers of 6 for evacuation
[2024-05-30T10:57:01.813+0000][1361.232s][info][gc,phases   ] GC(196)   Pre Evacuate Collection Set: 0.2ms
[2024-05-30T10:57:01.813+0000][1361.232s][info][gc,phases   ] GC(196)   Merge Heap Roots: 0.3ms
[2024-05-30T10:57:01.813+0000][1361.232s][info][gc,phases   ] GC(196)   Evacuate Collection Set: 113.0ms
[2024-05-30T10:57:01.813+0000][1361.232s][info][gc,phases   ] GC(196)   Post Evacuate Collection Set: 2.2ms
[2024-05-30T10:57:01.813+0000][1361.232s][info][gc,phases   ] GC(196)   Other: 0.3ms
[2024-05-30T10:57:01.813+0000][1361.232s][info][gc,heap     ] GC(196) Eden regions: 628->0(629)
[2024-05-30T10:57:01.813+0000][1361.232s][info][gc,heap     ] GC(196) Survivor regions: 39->37(84)
[2024-05-30T10:57:01.813+0000][1361.232s][info][gc,heap     ] GC(196) Old regions: 452->455
[2024-05-30T10:57:01.813+0000][1361.232s][info][gc,heap     ] GC(196) Archive regions: 2->2
[2024-05-30T10:57:01.813+0000][1361.232s][info][gc,heap     ] GC(196) Humongous regions: 68->68
[2024-05-30T10:57:01.813+0000][1361.232s][info][gc,metaspace] GC(196) Metaspace: 410911K(416960K)->410911K(416960K) NonClass: 358967K(362368K)->358967K(362368K) Class: 51944K(54592K)->51944K(54592K)
[2024-05-30T10:57:01.813+0000][1361.232s][info][gc          ] GC(196) Pause Young (Normal) (G1 Evacuation Pause) 9495M->4484M(12288M) 115.980ms
[2024-05-30T10:57:01.813+0000][1361.232s][info][gc,cpu      ] GC(196) User=0.67s Sys=0.03s Real=0.11s
[2024-05-30T10:57:08.824+0000][1368.243s][info][gc,start    ] GC(197) Pause Young (Normal) (G1 Evacuation Pause)
[2024-05-30T10:57:08.824+0000][1368.243s][info][gc,task     ] GC(197) Using 6 workers of 6 for evacuation
[2024-05-30T10:57:08.934+0000][1368.353s][info][gc,phases   ] GC(197)   Pre Evacuate Collection Set: 0.2ms
[2024-05-30T10:57:08.934+0000][1368.353s][info][gc,phases   ] GC(197)   Merge Heap Roots: 0.3ms
[2024-05-30T10:57:08.934+0000][1368.353s][info][gc,phases   ] GC(197)   Evacuate Collection Set: 107.1ms
[2024-05-30T10:57:08.934+0000][1368.353s][info][gc,phases   ] GC(197)   Post Evacuate Collection Set: 2.3ms
[2024-05-30T10:57:08.934+0000][1368.353s][info][gc,phases   ] GC(197)   Other: 0.3ms
[2024-05-30T10:57:08.934+0000][1368.353s][info][gc,heap     ] GC(197) Eden regions: 629->0(628)
[2024-05-30T10:57:08.934+0000][1368.353s][info][gc,heap     ] GC(197) Survivor regions: 37->36(84)
[2024-05-30T10:57:08.934+0000][1368.353s][info][gc,heap     ] GC(197) Old regions: 455->458
[2024-05-30T10:57:08.934+0000][1368.353s][info][gc,heap     ] GC(197) Archive regions: 2->2
[2024-05-30T10:57:08.934+0000][1368.353s][info][gc,heap     ] GC(197) Humongous regions: 68->68
[2024-05-30T10:57:08.934+0000][1368.353s][info][gc,metaspace] GC(197) Metaspace: 410919K(416960K)->410919K(416960K) NonClass: 358975K(362368K)->358975K(362368K) Class: 51944K(54592K)->51944K(54592K)
[2024-05-30T10:57:08.934+0000][1368.354s][info][gc          ] GC(197) Pause Young (Normal) (G1 Evacuation Pause) 9516M->4497M(12288M) 110.124ms
[2024-05-30T10:57:08.934+0000][1368.354s][info][gc,cpu      ] GC(197) User=0.65s Sys=0.01s Real=0.11s
[2024-05-30T10:57:15.664+0000][1375.083s][info][gc,start    ] GC(198) Pause Young (Normal) (G1 Evacuation Pause)
[2024-05-30T10:57:15.664+0000][1375.083s][info][gc,task     ] GC(198) Using 6 workers of 6 for evacuation
[2024-05-30T10:57:15.775+0000][1375.194s][info][gc,phases   ] GC(198)   Pre Evacuate Collection Set: 0.2ms
[2024-05-30T10:57:15.775+0000][1375.194s][info][gc,phases   ] GC(198)   Merge Heap Roots: 0.3ms
[2024-05-30T10:57:15.775+0000][1375.194s][info][gc,phases   ] GC(198)   Evacuate Collection Set: 108.2ms
[2024-05-30T10:57:15.775+0000][1375.194s][info][gc,phases   ] GC(198)   Post Evacuate Collection Set: 2.2ms
[2024-05-30T10:57:15.775+0000][1375.194s][info][gc,phases   ] GC(198)   Other: 0.2ms
[2024-05-30T10:57:15.775+0000][1375.194s][info][gc,heap     ] GC(198) Eden regions: 628->0(632)
[2024-05-30T10:57:15.775+0000][1375.194s][info][gc,heap     ] GC(198) Survivor regions: 36->32(83)
[2024-05-30T10:57:15.775+0000][1375.194s][info][gc,heap     ] GC(198) Old regions: 458->462
[2024-05-30T10:57:15.775+0000][1375.194s][info][gc,heap     ] GC(198) Archive regions: 2->2
[2024-05-30T10:57:15.775+0000][1375.194s][info][gc,heap     ] GC(198) Humongous regions: 68->68
[2024-05-30T10:57:15.775+0000][1375.194s][info][gc,metaspace] GC(198) Metaspace: 410947K(416960K)->410947K(416960K) NonClass: 359003K(362368K)->359003K(362368K) Class: 51944K(54592K)->51944K(54592K)
[2024-05-30T10:57:15.775+0000][1375.194s][info][gc          ] GC(198) Pause Young (Normal) (G1 Evacuation Pause) 9521M->4492M(12288M) 111.208ms
[2024-05-30T10:57:15.775+0000][1375.194s][info][gc,cpu      ] GC(198) User=0.66s Sys=0.00s Real=0.11s
[2024-05-30T10:57:22.327+0000][1381.747s][info][gc,start    ] GC(199) Pause Young (Normal) (G1 Evacuation Pause)
[2024-05-30T10:57:22.327+0000][1381.747s][info][gc,task     ] GC(199) Using 6 workers of 6 for evacuation
[2024-05-30T10:57:22.421+0000][1381.840s][info][gc,phases   ] GC(199)   Pre Evacuate Collection Set: 0.2ms
[2024-05-30T10:57:22.421+0000][1381.840s][info][gc,phases   ] GC(199)   Merge Heap Roots: 0.3ms
[2024-05-30T10:57:22.421+0000][1381.840s][info][gc,phases   ] GC(199)   Evacuate Collection Set: 90.5ms
[2024-05-30T10:57:22.421+0000][1381.840s][info][gc,phases   ] GC(199)   Post Evacuate Collection Set: 2.5ms
[2024-05-30T10:57:22.421+0000][1381.840s][info][gc,phases   ] GC(199)   Other: 0.3ms
[2024-05-30T10:57:22.421+0000][1381.840s][info][gc,heap     ] GC(199) Eden regions: 632->0(637)
[2024-05-30T10:57:22.421+0000][1381.840s][info][gc,heap     ] GC(199) Survivor regions: 32->28(83)
[2024-05-30T10:57:22.421+0000][1381.840s][info][gc,heap     ] GC(199) Old regions: 462->465
[2024-05-30T10:57:22.421+0000][1381.840s][info][gc,heap     ] GC(199) Archive regions: 2->2
[2024-05-30T10:57:22.421+0000][1381.840s][info][gc,heap     ] GC(199) Humongous regions: 68->68
[2024-05-30T10:57:22.421+0000][1381.840s][info][gc,metaspace] GC(199) Metaspace: 410967K(417024K)->410967K(417024K) NonClass: 359023K(362432K)->359023K(362432K) Class: 51944K(54592K)->51944K(54592K)
[2024-05-30T10:57:22.421+0000][1381.840s][info][gc          ] GC(199) Pause Young (Normal) (G1 Evacuation Pause) 9548M->4484M(12288M) 93.800ms
[2024-05-30T10:57:22.421+0000][1381.841s][info][gc,cpu      ] GC(199) User=0.56s Sys=0.00s Real=0.10s
[2024-05-30T10:57:29.401+0000][1388.820s][info][gc,start    ] GC(200) Pause Young (Normal) (G1 Evacuation Pause)
[2024-05-30T10:57:29.401+0000][1388.820s][info][gc,task     ] GC(200) Using 6 workers of 6 for evacuation
[2024-05-30T10:57:29.486+0000][1388.905s][info][gc,phases   ] GC(200)   Pre Evacuate Collection Set: 0.2ms
[2024-05-30T10:57:29.486+0000][1388.905s][info][gc,phases   ] GC(200)   Merge Heap Roots: 0.3ms
[2024-05-30T10:57:29.486+0000][1388.905s][info][gc,phases   ] GC(200)   Evacuate Collection Set: 82.3ms
[2024-05-30T10:57:29.486+0000][1388.905s][info][gc,phases   ] GC(200)   Post Evacuate Collection Set: 2.3ms
[2024-05-30T10:57:29.486+0000][1388.905s][info][gc,phases   ] GC(200)   Other: 0.2ms
[2024-05-30T10:57:29.486+0000][1388.905s][info][gc,heap     ] GC(200) Eden regions: 637->0(638)
[2024-05-30T10:57:29.486+0000][1388.905s][info][gc,heap     ] GC(200) Survivor regions: 28->26(84)
[2024-05-30T10:57:29.486+0000][1388.905s][info][gc,heap     ] GC(200) Old regions: 465->468
[2024-05-30T10:57:29.486+0000][1388.905s][info][gc,heap     ] GC(200) Archive regions: 2->2
[2024-05-30T10:57:29.486+0000][1388.905s][info][gc,heap     ] GC(200) Humongous regions: 68->68
[2024-05-30T10:57:29.486+0000][1388.905s][info][gc,metaspace] GC(200) Metaspace: 411035K(417088K)->411035K(417088K) NonClass: 359091K(362496K)->359091K(362496K) Class: 51944K(54592K)->51944K(54592K)
[2024-05-30T10:57:29.486+0000][1388.905s][info][gc          ] GC(200) Pause Young (Normal) (G1 Evacuation Pause) 9580M->4499M(12288M) 85.372ms
[2024-05-30T10:57:29.486+0000][1388.905s][info][gc,cpu      ] GC(200) User=0.50s Sys=0.01s Real=0.08s
[2024-05-30T10:57:36.461+0000][1395.880s][info][gc,start    ] GC(201) Pause Young (Normal) (G1 Evacuation Pause)
[2024-05-30T10:57:36.461+0000][1395.880s][info][gc,task     ] GC(201) Using 6 workers of 6 for evacuation
[2024-05-30T10:57:36.537+0000][1395.957s][info][gc,phases   ] GC(201)   Pre Evacuate Collection Set: 0.2ms
[2024-05-30T10:57:36.538+0000][1395.957s][info][gc,phases   ] GC(201)   Merge Heap Roots: 0.3ms
[2024-05-30T10:57:36.538+0000][1395.957s][info][gc,phases   ] GC(201)   Evacuate Collection Set: 73.8ms
[2024-05-30T10:57:36.538+0000][1395.957s][info][gc,phases   ] GC(201)   Post Evacuate Collection Set: 2.2ms
[2024-05-30T10:57:36.538+0000][1395.957s][info][gc,phases   ] GC(201)   Other: 0.2ms
[2024-05-30T10:57:36.538+0000][1395.957s][info][gc,heap     ] GC(201) Eden regions: 638->0(638)
[2024-05-30T10:57:36.538+0000][1395.957s][info][gc,heap     ] GC(201) Survivor regions: 26->25(83)
[2024-05-30T10:57:36.538+0000][1395.957s][info][gc,heap     ] GC(201) Old regions: 468->470
[2024-05-30T10:57:36.538+0000][1395.957s][info][gc,heap     ] GC(201) Archive regions: 2->2
[2024-05-30T10:57:36.538+0000][1395.957s][info][gc,heap     ] GC(201) Humongous regions: 68->68
[2024-05-30T10:57:36.538+0000][1395.957s][info][gc,metaspace] GC(201) Metaspace: 411036K(417088K)->411036K(417088K) NonClass: 359092K(362496K)->359092K(362496K) Class: 51944K(54592K)->51944K(54592K)
[2024-05-30T10:57:36.538+0000][1395.957s][info][gc          ] GC(201) Pause Young (Normal) (G1 Evacuation Pause) 9603M->4507M(12288M) 76.758ms
[2024-05-30T10:57:36.538+0000][1395.957s][info][gc,cpu      ] GC(201) User=0.44s Sys=0.01s Real=0.08s
[2024-05-30T10:57:43.523+0000][1402.942s][info][gc,start    ] GC(202) Pause Young (Normal) (G1 Evacuation Pause)
[2024-05-30T10:57:43.523+0000][1402.942s][info][gc,task     ] GC(202) Using 6 workers of 6 for evacuation
[2024-05-30T10:57:43.597+0000][1403.016s][info][gc,phases   ] GC(202)   Pre Evacuate Collection Set: 0.2ms
[2024-05-30T10:57:43.597+0000][1403.016s][info][gc,phases   ] GC(202)   Merge Heap Roots: 0.3ms
[2024-05-30T10:57:43.597+0000][1403.016s][info][gc,phases   ] GC(202)   Evacuate Collection Set: 71.5ms
[2024-05-30T10:57:43.597+0000][1403.016s][info][gc,phases   ] GC(202)   Post Evacuate Collection Set: 2.2ms
[2024-05-30T10:57:43.597+0000][1403.016s][info][gc,phases   ] GC(202)   Other: 0.2ms
[2024-05-30T10:57:43.597+0000][1403.016s][info][gc,heap     ] GC(202) Eden regions: 638->0(633)
[2024-05-30T10:57:43.597+0000][1403.016s][info][gc,heap     ] GC(202) Survivor regions: 25->27(83)
[2024-05-30T10:57:43.597+0000][1403.016s][info][gc,heap     ] GC(202) Old regions: 470->471
[2024-05-30T10:57:43.597+0000][1403.016s][info][gc,heap     ] GC(202) Archive regions: 2->2
[2024-05-30T10:57:43.597+0000][1403.016s][info][gc,heap     ] GC(202) Humongous regions: 68->68
[2024-05-30T10:57:43.597+0000][1403.016s][info][gc,metaspace] GC(202) Metaspace: 411037K(417088K)->411037K(417088K) NonClass: 359093K(362496K)->359093K(362496K) Class: 51944K(54592K)->51944K(54592K)
[2024-05-30T10:57:43.597+0000][1403.016s][info][gc          ] GC(202) Pause Young (Normal) (G1 Evacuation Pause) 9611M->4525M(12288M) 74.438ms
[2024-05-30T10:57:43.597+0000][1403.016s][info][gc,cpu      ] GC(202) User=0.44s Sys=0.00s Real=0.08s
[2024-05-30T10:57:50.671+0000][1410.091s][info][gc,start    ] GC(203) Pause Young (Normal) (G1 Evacuation Pause)
[2024-05-30T10:57:50.672+0000][1410.091s][info][gc,task     ] GC(203) Using 6 workers of 6 for evacuation
[2024-05-30T10:57:50.754+0000][1410.174s][info][gc,phases   ] GC(203)   Pre Evacuate Collection Set: 0.2ms
[2024-05-30T10:57:50.754+0000][1410.174s][info][gc,phases   ] GC(203)   Merge Heap Roots: 0.3ms
[2024-05-30T10:57:50.754+0000][1410.174s][info][gc,phases   ] GC(203)   Evacuate Collection Set: 80.1ms
[2024-05-30T10:57:50.754+0000][1410.174s][info][gc,phases   ] GC(203)   Post Evacuate Collection Set: 2.2ms
[2024-05-30T10:57:50.754+0000][1410.174s][info][gc,phases   ] GC(203)   Other: 0.2ms
[2024-05-30T10:57:50.755+0000][1410.174s][info][gc,heap     ] GC(203) Eden regions: 633->0(633)
[2024-05-30T10:57:50.755+0000][1410.174s][info][gc,heap     ] GC(203) Survivor regions: 27->26(83)
[2024-05-30T10:57:50.755+0000][1410.174s][info][gc,heap     ] GC(203) Old regions: 471->473
[2024-05-30T10:57:50.755+0000][1410.174s][info][gc,heap     ] GC(203) Archive regions: 2->2
[2024-05-30T10:57:50.755+0000][1410.174s][info][gc,heap     ] GC(203) Humongous regions: 68->68
[2024-05-30T10:57:50.755+0000][1410.174s][info][gc,metaspace] GC(203) Metaspace: 411037K(417088K)->411037K(417088K) NonClass: 359093K(362496K)->359093K(362496K) Class: 51944K(54592K)->51944K(54592K)
[2024-05-30T10:57:50.755+0000][1410.174s][info][gc          ] GC(203) Pause Young (Normal) (G1 Evacuation Pause) 9589M->4536M(12288M) 83.093ms
[2024-05-30T10:57:50.755+0000][1410.174s][info][gc,cpu      ] GC(203) User=0.49s Sys=0.01s Real=0.08s
[2024-05-30T10:57:57.518+0000][1416.937s][info][gc,start    ] GC(204) Pause Young (Normal) (G1 Evacuation Pause)
[2024-05-30T10:57:57.518+0000][1416.937s][info][gc,task     ] GC(204) Using 6 workers of 6 for evacuation
[2024-05-30T10:57:57.590+0000][1417.009s][info][gc,phases   ] GC(204)   Pre Evacuate Collection Set: 0.2ms
[2024-05-30T10:57:57.590+0000][1417.009s][info][gc,phases   ] GC(204)   Merge Heap Roots: 0.2ms
[2024-05-30T10:57:57.590+0000][1417.009s][info][gc,phases   ] GC(204)   Evacuate Collection Set: 69.0ms
[2024-05-30T10:57:57.590+0000][1417.009s][info][gc,phases   ] GC(204)   Post Evacuate Collection Set: 2.3ms
[2024-05-30T10:57:57.590+0000][1417.009s][info][gc,phases   ] GC(204)   Other: 0.2ms
[2024-05-30T10:57:57.590+0000][1417.009s][info][gc,heap     ] GC(204) Eden regions: 633->0(636)
[2024-05-30T10:57:57.590+0000][1417.009s][info][gc,heap     ] GC(204) Survivor regions: 26->24(83)
[2024-05-30T10:57:57.590+0000][1417.009s][info][gc,heap     ] GC(204) Old regions: 473->474
[2024-05-30T10:57:57.590+0000][1417.009s][info][gc,heap     ] GC(204) Archive regions: 2->2
[2024-05-30T10:57:57.590+0000][1417.009s][info][gc,heap     ] GC(204) Humongous regions: 68->68
[2024-05-30T10:57:57.590+0000][1417.009s][info][gc,metaspace] GC(204) Metaspace: 411041K(417088K)->411041K(417088K) NonClass: 359097K(362496K)->359097K(362496K) Class: 51944K(54592K)->51944K(54592K)
[2024-05-30T10:57:57.590+0000][1417.009s][info][gc          ] GC(204) Pause Young (Normal) (G1 Evacuation Pause) 9600M->4526M(12288M) 72.038ms
[2024-05-30T10:57:57.590+0000][1417.009s][info][gc,cpu      ] GC(204) User=0.42s Sys=0.00s Real=0.07s
[2024-05-30T10:58:04.637+0000][1424.056s][info][gc,start    ] GC(205) Pause Young (Normal) (G1 Evacuation Pause)
[2024-05-30T10:58:04.637+0000][1424.056s][info][gc,task     ] GC(205) Using 6 workers of 6 for evacuation
[2024-05-30T10:58:04.707+0000][1424.126s][info][gc,phases   ] GC(205)   Pre Evacuate Collection Set: 0.2ms
[2024-05-30T10:58:04.707+0000][1424.126s][info][gc,phases   ] GC(205)   Merge Heap Roots: 0.3ms
[2024-05-30T10:58:04.707+0000][1424.126s][info][gc,phases   ] GC(205)   Evacuate Collection Set: 66.9ms
[2024-05-30T10:58:04.707+0000][1424.126s][info][gc,phases   ] GC(205)   Post Evacuate Collection Set: 2.2ms
[2024-05-30T10:58:04.707+0000][1424.126s][info][gc,phases   ] GC(205)   Other: 0.2ms
[2024-05-30T10:58:04.707+0000][1424.126s][info][gc,heap     ] GC(205) Eden regions: 636->0(634)
[2024-05-30T10:58:04.707+0000][1424.126s][info][gc,heap     ] GC(205) Survivor regions: 24->24(83)
[2024-05-30T10:58:04.707+0000][1424.126s][info][gc,heap     ] GC(205) Old regions: 474->476
[2024-05-30T10:58:04.707+0000][1424.126s][info][gc,heap     ] GC(205) Archive regions: 2->2
[2024-05-30T10:58:04.707+0000][1424.126s][info][gc,heap     ] GC(205) Humongous regions: 68->68
[2024-05-30T10:58:04.707+0000][1424.126s][info][gc,metaspace] GC(205) Metaspace: 411044K(417088K)->411044K(417088K) NonClass: 359100K(362496K)->359100K(362496K) Class: 51944K(54592K)->51944K(54592K)
[2024-05-30T10:58:04.707+0000][1424.126s][info][gc          ] GC(205) Pause Young (Normal) (G1 Evacuation Pause) 9614M->4542M(12288M) 69.848ms
[2024-05-30T10:58:04.707+0000][1424.126s][info][gc,cpu      ] GC(205) User=0.39s Sys=0.02s Real=0.06s
[2024-05-30T10:58:11.722+0000][1431.141s][info][gc,start    ] GC(206) Pause Young (Normal) (G1 Evacuation Pause)
[2024-05-30T10:58:11.722+0000][1431.141s][info][gc,task     ] GC(206) Using 6 workers of 6 for evacuation
[2024-05-30T10:58:11.791+0000][1431.210s][info][gc,phases   ] GC(206)   Pre Evacuate Collection Set: 0.2ms
[2024-05-30T10:58:11.791+0000][1431.210s][info][gc,phases   ] GC(206)   Merge Heap Roots: 0.2ms
[2024-05-30T10:58:11.791+0000][1431.210s][info][gc,phases   ] GC(206)   Evacuate Collection Set: 65.9ms
[2024-05-30T10:58:11.791+0000][1431.210s][info][gc,phases   ] GC(206)   Post Evacuate Collection Set: 2.3ms
[2024-05-30T10:58:11.791+0000][1431.210s][info][gc,phases   ] GC(206)   Other: 0.2ms
[2024-05-30T10:58:11.791+0000][1431.210s][info][gc,heap     ] GC(206) Eden regions: 634->0(634)
[2024-05-30T10:58:11.791+0000][1431.210s][info][gc,heap     ] GC(206) Survivor regions: 24->23(83)
[2024-05-30T10:58:11.791+0000][1431.210s][info][gc,heap     ] GC(206) Old regions: 476->478
[2024-05-30T10:58:11.791+0000][1431.210s][info][gc,heap     ] GC(206) Archive regions: 2->2
[2024-05-30T10:58:11.791+0000][1431.210s][info][gc,heap     ] GC(206) Humongous regions: 68->68
[2024-05-30T10:58:11.791+0000][1431.210s][info][gc,metaspace] GC(206) Metaspace: 411063K(417088K)->411063K(417088K) NonClass: 359119K(362496K)->359119K(362496K) Class: 51944K(54592K)->51944K(54592K)
[2024-05-30T10:58:11.791+0000][1431.210s][info][gc          ] GC(206) Pause Young (Normal) (G1 Evacuation Pause) 9614M->4547M(12288M) 68.791ms
[2024-05-30T10:58:11.791+0000][1431.210s][info][gc,cpu      ] GC(206) User=0.39s Sys=0.01s Real=0.07s
[2024-05-30T10:58:18.441+0000][1437.860s][info][gc,start    ] GC(207) Pause Young (Normal) (G1 Evacuation Pause)
[2024-05-30T10:58:18.441+0000][1437.860s][info][gc,task     ] GC(207) Using 6 workers of 6 for evacuation
[2024-05-30T10:58:18.494+0000][1437.914s][info][gc,phases   ] GC(207)   Pre Evacuate Collection Set: 0.2ms
[2024-05-30T10:58:18.494+0000][1437.914s][info][gc,phases   ] GC(207)   Merge Heap Roots: 0.2ms
[2024-05-30T10:58:18.494+0000][1437.914s][info][gc,phases   ] GC(207)   Evacuate Collection Set: 50.5ms
[2024-05-30T10:58:18.494+0000][1437.914s][info][gc,phases   ] GC(207)   Post Evacuate Collection Set: 2.2ms
[2024-05-30T10:58:18.494+0000][1437.914s][info][gc,phases   ] GC(207)   Other: 0.2ms
[2024-05-30T10:58:18.494+0000][1437.914s][info][gc,heap     ] GC(207) Eden regions: 634->0(635)
[2024-05-30T10:58:18.494+0000][1437.914s][info][gc,heap     ] GC(207) Survivor regions: 23->22(83)
[2024-05-30T10:58:18.494+0000][1437.914s][info][gc,heap     ] GC(207) Old regions: 478->479
[2024-05-30T10:58:18.494+0000][1437.914s][info][gc,heap     ] GC(207) Archive regions: 2->2
[2024-05-30T10:58:18.494+0000][1437.914s][info][gc,heap     ] GC(207) Humongous regions: 68->68
[2024-05-30T10:58:18.494+0000][1437.914s][info][gc,metaspace] GC(207) Metaspace: 411063K(417088K)->411063K(417088K) NonClass: 359119K(362496K)->359119K(362496K) Class: 51944K(54592K)->51944K(54592K)
[2024-05-30T10:58:18.494+0000][1437.914s][info][gc          ] GC(207) Pause Young (Normal) (G1 Evacuation Pause) 9619M->4546M(12288M) 53.350ms
[2024-05-30T10:58:18.494+0000][1437.914s][info][gc,cpu      ] GC(207) User=0.31s Sys=0.00s Real=0.05s
[2024-05-30T10:58:25.478+0000][1444.898s][info][gc,start    ] GC(208) Pause Young (Normal) (G1 Evacuation Pause)
[2024-05-30T10:58:25.478+0000][1444.898s][info][gc,task     ] GC(208) Using 6 workers of 6 for evacuation
[2024-05-30T10:58:25.534+0000][1444.953s][info][gc,phases   ] GC(208)   Pre Evacuate Collection Set: 0.2ms
[2024-05-30T10:58:25.534+0000][1444.953s][info][gc,phases   ] GC(208)   Merge Heap Roots: 0.2ms
[2024-05-30T10:58:25.534+0000][1444.953s][info][gc,phases   ] GC(208)   Evacuate Collection Set: 52.8ms
[2024-05-30T10:58:25.534+0000][1444.953s][info][gc,phases   ] GC(208)   Post Evacuate Collection Set: 2.3ms
[2024-05-30T10:58:25.534+0000][1444.953s][info][gc,phases   ] GC(208)   Other: 0.2ms
[2024-05-30T10:58:25.534+0000][1444.953s][info][gc,heap     ] GC(208) Eden regions: 635->0(633)
[2024-05-30T10:58:25.534+0000][1444.953s][info][gc,heap     ] GC(208) Survivor regions: 22->23(83)
[2024-05-30T10:58:25.534+0000][1444.953s][info][gc,heap     ] GC(208) Old regions: 479->479
[2024-05-30T10:58:25.534+0000][1444.953s][info][gc,heap     ] GC(208) Archive regions: 2->2
[2024-05-30T10:58:25.534+0000][1444.953s][info][gc,heap     ] GC(208) Humongous regions: 68->68
[2024-05-30T10:58:25.534+0000][1444.953s][info][gc,metaspace] GC(208) Metaspace: 411074K(417088K)->411074K(417088K) NonClass: 359130K(362496K)->359130K(362496K) Class: 51944K(54592K)->51944K(54592K)
[2024-05-30T10:58:25.534+0000][1444.953s][info][gc          ] GC(208) Pause Young (Normal) (G1 Evacuation Pause) 9626M->4560M(12288M) 55.823ms
[2024-05-30T10:58:25.534+0000][1444.953s][info][gc,cpu      ] GC(208) User=0.33s Sys=0.00s Real=0.05s
[2024-05-30T10:58:32.292+0000][1451.711s][info][gc,start    ] GC(209) Pause Young (Normal) (G1 Evacuation Pause)
[2024-05-30T10:58:32.292+0000][1451.711s][info][gc,task     ] GC(209) Using 6 workers of 6 for evacuation
[2024-05-30T10:58:32.353+0000][1451.772s][info][gc,phases   ] GC(209)   Pre Evacuate Collection Set: 0.2ms
[2024-05-30T10:58:32.353+0000][1451.773s][info][gc,phases   ] GC(209)   Merge Heap Roots: 0.3ms
[2024-05-30T10:58:32.353+0000][1451.773s][info][gc,phases   ] GC(209)   Evacuate Collection Set: 58.6ms
[2024-05-30T10:58:32.353+0000][1451.773s][info][gc,phases   ] GC(209)   Post Evacuate Collection Set: 2.2ms
[2024-05-30T10:58:32.353+0000][1451.773s][info][gc,phases   ] GC(209)   Other: 0.2ms
[2024-05-30T10:58:32.353+0000][1451.773s][info][gc,heap     ] GC(209) Eden regions: 633->0(636)
[2024-05-30T10:58:32.353+0000][1451.773s][info][gc,heap     ] GC(209) Survivor regions: 23->21(82)
[2024-05-30T10:58:32.353+0000][1451.773s][info][gc,heap     ] GC(209) Old regions: 479->480
[2024-05-30T10:58:32.353+0000][1451.773s][info][gc,heap     ] GC(209) Archive regions: 2->2
[2024-05-30T10:58:32.353+0000][1451.773s][info][gc,heap     ] GC(209) Humongous regions: 68->68
[2024-05-30T10:58:32.353+0000][1451.773s][info][gc,metaspace] GC(209) Metaspace: 411077K(417088K)->411077K(417088K) NonClass: 359133K(362496K)->359133K(362496K) Class: 51944K(54592K)->51944K(54592K)
[2024-05-30T10:58:32.353+0000][1451.773s][info][gc          ] GC(209) Pause Young (Normal) (G1 Evacuation Pause) 9624M->4555M(12288M) 61.522ms
[2024-05-30T10:58:32.353+0000][1451.773s][info][gc,cpu      ] GC(209) User=0.35s Sys=0.01s Real=0.06s
[2024-05-30T10:58:39.438+0000][1458.857s][info][gc,start    ] GC(210) Pause Young (Normal) (G1 Evacuation Pause)
[2024-05-30T10:58:39.438+0000][1458.857s][info][gc,task     ] GC(210) Using 6 workers of 6 for evacuation
[2024-05-30T10:58:39.499+0000][1458.919s][info][gc,phases   ] GC(210)   Pre Evacuate Collection Set: 0.2ms
[2024-05-30T10:58:39.499+0000][1458.919s][info][gc,phases   ] GC(210)   Merge Heap Roots: 0.3ms
[2024-05-30T10:58:39.499+0000][1458.919s][info][gc,phases   ] GC(210)   Evacuate Collection Set: 58.8ms
[2024-05-30T10:58:39.499+0000][1458.919s][info][gc,phases   ] GC(210)   Post Evacuate Collection Set: 2.2ms
[2024-05-30T10:58:39.499+0000][1458.919s][info][gc,phases   ] GC(210)   Other: 0.2ms
[2024-05-30T10:58:39.499+0000][1458.919s][info][gc,heap     ] GC(210) Eden regions: 636->0(635)
[2024-05-30T10:58:39.499+0000][1458.919s][info][gc,heap     ] GC(210) Survivor regions: 21->21(83)
[2024-05-30T10:58:39.499+0000][1458.919s][info][gc,heap     ] GC(210) Old regions: 480->481
[2024-05-30T10:58:39.499+0000][1458.919s][info][gc,heap     ] GC(210) Archive regions: 2->2
[2024-05-30T10:58:39.499+0000][1458.919s][info][gc,heap     ] GC(210) Humongous regions: 68->68
[2024-05-30T10:58:39.499+0000][1458.919s][info][gc,metaspace] GC(210) Metaspace: 411087K(417088K)->411087K(417088K) NonClass: 359143K(362496K)->359143K(362496K) Class: 51944K(54592K)->51944K(54592K)
[2024-05-30T10:58:39.500+0000][1458.919s][info][gc          ] GC(210) Pause Young (Normal) (G1 Evacuation Pause) 9643M->4562M(12288M) 61.674ms
[2024-05-30T10:58:39.500+0000][1458.919s][info][gc,cpu      ] GC(210) User=0.36s Sys=0.01s Real=0.06s
[2024-05-30T10:58:46.682+0000][1466.102s][info][gc,start    ] GC(211) Pause Young (Normal) (G1 Evacuation Pause)
[2024-05-30T10:58:46.682+0000][1466.102s][info][gc,task     ] GC(211) Using 6 workers of 6 for evacuation
[2024-05-30T10:58:46.747+0000][1466.167s][info][gc,phases   ] GC(211)   Pre Evacuate Collection Set: 0.2ms
[2024-05-30T10:58:46.747+0000][1466.167s][info][gc,phases   ] GC(211)   Merge Heap Roots: 0.3ms
[2024-05-30T10:58:46.747+0000][1466.167s][info][gc,phases   ] GC(211)   Evacuate Collection Set: 62.2ms
[2024-05-30T10:58:46.747+0000][1466.167s][info][gc,phases   ] GC(211)   Post Evacuate Collection Set: 2.2ms
[2024-05-30T10:58:46.747+0000][1466.167s][info][gc,phases   ] GC(211)   Other: 0.2ms
[2024-05-30T10:58:46.747+0000][1466.167s][info][gc,heap     ] GC(211) Eden regions: 635->0(628)
[2024-05-30T10:58:46.747+0000][1466.167s][info][gc,heap     ] GC(211) Survivor regions: 21->24(82)
[2024-05-30T10:58:46.747+0000][1466.167s][info][gc,heap     ] GC(211) Old regions: 481->482
[2024-05-30T10:58:46.747+0000][1466.167s][info][gc,heap     ] GC(211) Archive regions: 2->2
[2024-05-30T10:58:46.747+0000][1466.167s][info][gc,heap     ] GC(211) Humongous regions: 68->68
[2024-05-30T10:58:46.747+0000][1466.167s][info][gc,metaspace] GC(211) Metaspace: 411087K(417088K)->411087K(417088K) NonClass: 359143K(362496K)->359143K(362496K) Class: 51944K(54592K)->51944K(54592K)
[2024-05-30T10:58:46.747+0000][1466.167s][info][gc          ] GC(211) Pause Young (Normal) (G1 Evacuation Pause) 9642M->4588M(12288M) 65.170ms
[2024-05-30T10:58:46.748+0000][1466.167s][info][gc,cpu      ] GC(211) User=0.39s Sys=0.00s Real=0.06s
[2024-05-30T10:58:49.800+0000][1469.219s][info][gc,start    ] GC(212) Pause Young (Normal) (G1 Evacuation Pause)
[2024-05-30T10:58:49.800+0000][1469.219s][info][gc,task     ] GC(212) Using 6 workers of 6 for evacuation
[2024-05-30T10:58:49.905+0000][1469.324s][info][gc,phases   ] GC(212)   Pre Evacuate Collection Set: 0.2ms
[2024-05-30T10:58:49.905+0000][1469.324s][info][gc,phases   ] GC(212)   Merge Heap Roots: 0.3ms
[2024-05-30T10:58:49.905+0000][1469.324s][info][gc,phases   ] GC(212)   Evacuate Collection Set: 89.2ms
[2024-05-30T10:58:49.905+0000][1469.324s][info][gc,phases   ] GC(212)   Post Evacuate Collection Set: 15.1ms
[2024-05-30T10:58:49.905+0000][1469.324s][info][gc,phases   ] GC(212)   Other: 0.3ms
[2024-05-30T10:58:49.905+0000][1469.324s][info][gc,heap     ] GC(212) Eden regions: 628->0(621)
[2024-05-30T10:58:49.905+0000][1469.324s][info][gc,heap     ] GC(212) Survivor regions: 24->27(82)
[2024-05-30T10:58:49.905+0000][1469.324s][info][gc,heap     ] GC(212) Old regions: 482->483
[2024-05-30T10:58:49.905+0000][1469.324s][info][gc,heap     ] GC(212) Archive regions: 2->2
[2024-05-30T10:58:49.905+0000][1469.324s][info][gc,heap     ] GC(212) Humongous regions: 68->68
[2024-05-30T10:58:49.905+0000][1469.324s][info][gc,metaspace] GC(212) Metaspace: 411090K(417088K)->411090K(417088K) NonClass: 359146K(362496K)->359146K(362496K) Class: 51944K(54592K)->51944K(54592K)
[2024-05-30T10:58:49.905+0000][1469.324s][info][gc          ] GC(212) Pause Young (Normal) (G1 Evacuation Pause) 9612M->4621M(12288M) 105.107ms
[2024-05-30T10:58:49.905+0000][1469.324s][info][gc,cpu      ] GC(212) User=0.61s Sys=0.00s Real=0.10s
[2024-05-30T10:58:51.811+0000][1471.230s][info][gc,start    ] GC(213) Pause Young (Normal) (G1 Evacuation Pause)
[2024-05-30T10:58:51.811+0000][1471.230s][info][gc,task     ] GC(213) Using 6 workers of 6 for evacuation
[2024-05-30T10:58:51.920+0000][1471.340s][info][gc,phases   ] GC(213)   Pre Evacuate Collection Set: 0.2ms
[2024-05-30T10:58:51.920+0000][1471.340s][info][gc,phases   ] GC(213)   Merge Heap Roots: 0.2ms
[2024-05-30T10:58:51.920+0000][1471.340s][info][gc,phases   ] GC(213)   Evacuate Collection Set: 93.9ms
[2024-05-30T10:58:51.920+0000][1471.340s][info][gc,phases   ] GC(213)   Post Evacuate Collection Set: 15.1ms
[2024-05-30T10:58:51.920+0000][1471.340s][info][gc,phases   ] GC(213)   Other: 0.3ms
[2024-05-30T10:58:51.920+0000][1471.340s][info][gc,heap     ] GC(213) Eden regions: 621->0(617)
[2024-05-30T10:58:51.920+0000][1471.340s][info][gc,heap     ] GC(213) Survivor regions: 27->29(81)
[2024-05-30T10:58:51.920+0000][1471.340s][info][gc,heap     ] GC(213) Old regions: 483->483
[2024-05-30T10:58:51.920+0000][1471.340s][info][gc,heap     ] GC(213) Archive regions: 2->2
[2024-05-30T10:58:51.920+0000][1471.340s][info][gc,heap     ] GC(213) Humongous regions: 68->68
[2024-05-30T10:58:51.920+0000][1471.340s][info][gc,metaspace] GC(213) Metaspace: 411097K(417088K)->411097K(417088K) NonClass: 359153K(362496K)->359153K(362496K) Class: 51944K(54592K)->51944K(54592K)
[2024-05-30T10:58:51.920+0000][1471.340s][info][gc          ] GC(213) Pause Young (Normal) (G1 Evacuation Pause) 9589M->4639M(12288M) 109.752ms
[2024-05-30T10:58:51.921+0000][1471.340s][info][gc,cpu      ] GC(213) User=0.65s Sys=0.00s Real=0.11s
[2024-05-30T10:58:53.869+0000][1473.288s][info][gc,start    ] GC(214) Pause Young (Normal) (G1 Evacuation Pause)
[2024-05-30T10:58:53.869+0000][1473.288s][info][gc,task     ] GC(214) Using 6 workers of 6 for evacuation
[2024-05-30T10:58:53.995+0000][1473.414s][info][gc,phases   ] GC(214)   Pre Evacuate Collection Set: 0.2ms
[2024-05-30T10:58:53.995+0000][1473.414s][info][gc,phases   ] GC(214)   Merge Heap Roots: 0.3ms
[2024-05-30T10:58:53.995+0000][1473.414s][info][gc,phases   ] GC(214)   Evacuate Collection Set: 106.9ms
[2024-05-30T10:58:53.995+0000][1473.414s][info][gc,phases   ] GC(214)   Post Evacuate Collection Set: 18.7ms
[2024-05-30T10:58:53.995+0000][1473.414s][info][gc,phases   ] GC(214)   Other: 0.2ms
[2024-05-30T10:58:53.995+0000][1473.414s][info][gc,heap     ] GC(214) Eden regions: 617->0(610)
[2024-05-30T10:58:53.995+0000][1473.414s][info][gc,heap     ] GC(214) Survivor regions: 29->32(81)
[2024-05-30T10:58:53.995+0000][1473.414s][info][gc,heap     ] GC(214) Old regions: 483->484
[2024-05-30T10:58:53.995+0000][1473.414s][info][gc,heap     ] GC(214) Archive regions: 2->2
[2024-05-30T10:58:53.995+0000][1473.414s][info][gc,heap     ] GC(214) Humongous regions: 68->68
[2024-05-30T10:58:53.995+0000][1473.414s][info][gc,metaspace] GC(214) Metaspace: 411097K(417088K)->411097K(417088K) NonClass: 359153K(362496K)->359153K(362496K) Class: 51944K(54592K)->51944K(54592K)
[2024-05-30T10:58:53.995+0000][1473.414s][info][gc          ] GC(214) Pause Young (Normal) (G1 Evacuation Pause) 9575M->4673M(12288M) 126.375ms
[2024-05-30T10:58:53.995+0000][1473.414s][info][gc,cpu      ] GC(214) User=0.73s Sys=0.00s Real=0.12s
[2024-05-30T10:58:55.857+0000][1475.276s][info][gc,start    ] GC(215) Pause Young (Normal) (G1 Evacuation Pause)
[2024-05-30T10:58:55.857+0000][1475.276s][info][gc,task     ] GC(215) Using 6 workers of 6 for evacuation
[2024-05-30T10:58:55.991+0000][1475.410s][info][gc,phases   ] GC(215)   Pre Evacuate Collection Set: 0.2ms
[2024-05-30T10:58:55.991+0000][1475.410s][info][gc,phases   ] GC(215)   Merge Heap Roots: 0.3ms
[2024-05-30T10:58:55.991+0000][1475.410s][info][gc,phases   ] GC(215)   Evacuate Collection Set: 117.2ms
[2024-05-30T10:58:55.991+0000][1475.410s][info][gc,phases   ] GC(215)   Post Evacuate Collection Set: 16.6ms
[2024-05-30T10:58:55.991+0000][1475.411s][info][gc,phases   ] GC(215)   Other: 0.3ms
[2024-05-30T10:58:55.991+0000][1475.411s][info][gc,heap     ] GC(215) Eden regions: 610->0(607)
[2024-05-30T10:58:55.991+0000][1475.411s][info][gc,heap     ] GC(215) Survivor regions: 32->33(81)
[2024-05-30T10:58:55.991+0000][1475.411s][info][gc,heap     ] GC(215) Old regions: 484->485
[2024-05-30T10:58:55.991+0000][1475.411s][info][gc,heap     ] GC(215) Archive regions: 2->2
[2024-05-30T10:58:55.991+0000][1475.411s][info][gc,heap     ] GC(215) Humongous regions: 68->68
[2024-05-30T10:58:55.991+0000][1475.411s][info][gc,metaspace] GC(215) Metaspace: 411101K(417088K)->411101K(417088K) NonClass: 359157K(362496K)->359157K(362496K) Class: 51944K(54592K)->51944K(54592K)
[2024-05-30T10:58:55.991+0000][1475.411s][info][gc          ] GC(215) Pause Young (Normal) (G1 Evacuation Pause) 9553M->4684M(12288M) 134.573ms
[2024-05-30T10:58:55.991+0000][1475.411s][info][gc,cpu      ] GC(215) User=0.79s Sys=0.00s Real=0.13s
[2024-05-30T10:58:57.804+0000][1477.224s][info][gc,start    ] GC(216) Pause Young (Normal) (G1 Evacuation Pause)
[2024-05-30T10:58:57.804+0000][1477.224s][info][gc,task     ] GC(216) Using 6 workers of 6 for evacuation
[2024-05-30T10:58:57.947+0000][1477.366s][info][gc,phases   ] GC(216)   Pre Evacuate Collection Set: 0.2ms
[2024-05-30T10:58:57.947+0000][1477.366s][info][gc,phases   ] GC(216)   Merge Heap Roots: 0.4ms
[2024-05-30T10:58:57.947+0000][1477.366s][info][gc,phases   ] GC(216)   Evacuate Collection Set: 124.3ms
[2024-05-30T10:58:57.947+0000][1477.366s][info][gc,phases   ] GC(216)   Post Evacuate Collection Set: 17.4ms
[2024-05-30T10:58:57.947+0000][1477.366s][info][gc,phases   ] GC(216)   Other: 0.2ms
[2024-05-30T10:58:57.947+0000][1477.366s][info][gc,heap     ] GC(216) Eden regions: 607->0(600)
[2024-05-30T10:58:57.947+0000][1477.366s][info][gc,heap     ] GC(216) Survivor regions: 33->36(80)
[2024-05-30T10:58:57.947+0000][1477.366s][info][gc,heap     ] GC(216) Old regions: 485->486
[2024-05-30T10:58:57.947+0000][1477.366s][info][gc,heap     ] GC(216) Archive regions: 2->2
[2024-05-30T10:58:57.947+0000][1477.366s][info][gc,heap     ] GC(216) Humongous regions: 68->68
[2024-05-30T10:58:57.947+0000][1477.366s][info][gc,metaspace] GC(216) Metaspace: 411104K(417088K)->411104K(417088K) NonClass: 359160K(362496K)->359160K(362496K) Class: 51944K(54592K)->51944K(54592K)
[2024-05-30T10:58:57.947+0000][1477.366s][info][gc          ] GC(216) Pause Young (Normal) (G1 Evacuation Pause) 9540M->4717M(12288M) 142.548ms
[2024-05-30T10:58:57.947+0000][1477.366s][info][gc,cpu      ] GC(216) User=0.84s Sys=0.00s Real=0.14s
[2024-05-30T10:58:59.821+0000][1479.240s][info][gc,start    ] GC(217) Pause Young (Normal) (G1 Evacuation Pause)
[2024-05-30T10:58:59.821+0000][1479.240s][info][gc,task     ] GC(217) Using 6 workers of 6 for evacuation
[2024-05-30T10:58:59.975+0000][1479.394s][info][gc,phases   ] GC(217)   Pre Evacuate Collection Set: 0.2ms
[2024-05-30T10:58:59.975+0000][1479.394s][info][gc,phases   ] GC(217)   Merge Heap Roots: 0.4ms
[2024-05-30T10:58:59.975+0000][1479.394s][info][gc,phases   ] GC(217)   Evacuate Collection Set: 135.3ms
[2024-05-30T10:58:59.975+0000][1479.394s][info][gc,phases   ] GC(217)   Post Evacuate Collection Set: 18.0ms
[2024-05-30T10:58:59.975+0000][1479.394s][info][gc,phases   ] GC(217)   Other: 0.2ms
[2024-05-30T10:58:59.975+0000][1479.394s][info][gc,heap     ] GC(217) Eden regions: 600->0(596)
[2024-05-30T10:58:59.975+0000][1479.394s][info][gc,heap     ] GC(217) Survivor regions: 36->38(80)
[2024-05-30T10:58:59.975+0000][1479.394s][info][gc,heap     ] GC(217) Old regions: 486->486
[2024-05-30T10:58:59.975+0000][1479.394s][info][gc,heap     ] GC(217) Archive regions: 2->2
[2024-05-30T10:58:59.975+0000][1479.394s][info][gc,heap     ] GC(217) Humongous regions: 68->68
[2024-05-30T10:58:59.975+0000][1479.394s][info][gc,metaspace] GC(217) Metaspace: 411109K(417088K)->411109K(417088K) NonClass: 359165K(362496K)->359165K(362496K) Class: 51944K(54592K)->51944K(54592K)
[2024-05-30T10:58:59.975+0000][1479.394s][info][gc          ] GC(217) Pause Young (Normal) (G1 Evacuation Pause) 9517M->4739M(12288M) 154.184ms
[2024-05-30T10:58:59.975+0000][1479.394s][info][gc,cpu      ] GC(217) User=0.90s Sys=0.00s Real=0.15s
[2024-05-30T10:59:01.907+0000][1481.326s][info][gc,start    ] GC(218) Pause Young (Normal) (G1 Evacuation Pause)
[2024-05-30T10:59:01.907+0000][1481.326s][info][gc,task     ] GC(218) Using 6 workers of 6 for evacuation
[2024-05-30T10:59:02.061+0000][1481.480s][info][gc,phases   ] GC(218)   Pre Evacuate Collection Set: 0.2ms
[2024-05-30T10:59:02.061+0000][1481.480s][info][gc,phases   ] GC(218)   Merge Heap Roots: 0.4ms
[2024-05-30T10:59:02.061+0000][1481.480s][info][gc,phases   ] GC(218)   Evacuate Collection Set: 135.6ms
[2024-05-30T10:59:02.061+0000][1481.480s][info][gc,phases   ] GC(218)   Post Evacuate Collection Set: 17.5ms
[2024-05-30T10:59:02.061+0000][1481.480s][info][gc,phases   ] GC(218)   Other: 0.3ms
[2024-05-30T10:59:02.061+0000][1481.480s][info][gc,heap     ] GC(218) Eden regions: 596->0(589)
[2024-05-30T10:59:02.061+0000][1481.480s][info][gc,heap     ] GC(218) Survivor regions: 38->41(80)
[2024-05-30T10:59:02.061+0000][1481.480s][info][gc,heap     ] GC(218) Old regions: 486->487
[2024-05-30T10:59:02.061+0000][1481.480s][info][gc,heap     ] GC(218) Archive regions: 2->2
[2024-05-30T10:59:02.061+0000][1481.480s][info][gc,heap     ] GC(218) Humongous regions: 68->68
[2024-05-30T10:59:02.061+0000][1481.480s][info][gc,metaspace] GC(218) Metaspace: 411110K(417088K)->411110K(417088K) NonClass: 359166K(362496K)->359166K(362496K) Class: 51944K(54592K)->51944K(54592K)
[2024-05-30T10:59:02.061+0000][1481.480s][info][gc          ] GC(218) Pause Young (Normal) (G1 Evacuation Pause) 9507M->4766M(12288M) 153.989ms
[2024-05-30T10:59:02.061+0000][1481.480s][info][gc,cpu      ] GC(218) User=0.90s Sys=0.00s Real=0.16s
[2024-05-30T10:59:03.734+0000][1483.153s][info][gc,start    ] GC(219) Pause Young (Normal) (G1 Evacuation Pause)
[2024-05-30T10:59:03.734+0000][1483.153s][info][gc,task     ] GC(219) Using 6 workers of 6 for evacuation
[2024-05-30T10:59:03.865+0000][1483.285s][info][gc,phases   ] GC(219)   Pre Evacuate Collection Set: 0.2ms
[2024-05-30T10:59:03.865+0000][1483.285s][info][gc,phases   ] GC(219)   Merge Heap Roots: 0.3ms
[2024-05-30T10:59:03.865+0000][1483.285s][info][gc,phases   ] GC(219)   Evacuate Collection Set: 123.2ms
[2024-05-30T10:59:03.865+0000][1483.285s][info][gc,phases   ] GC(219)   Post Evacuate Collection Set: 7.5ms
[2024-05-30T10:59:03.865+0000][1483.285s][info][gc,phases   ] GC(219)   Other: 0.2ms
[2024-05-30T10:59:03.865+0000][1483.285s][info][gc,heap     ] GC(219) Eden regions: 589->0(588)
[2024-05-30T10:59:03.865+0000][1483.285s][info][gc,heap     ] GC(219) Survivor regions: 41->41(79)
[2024-05-30T10:59:03.865+0000][1483.285s][info][gc,heap     ] GC(219) Old regions: 487->488
[2024-05-30T10:59:03.865+0000][1483.285s][info][gc,heap     ] GC(219) Archive regions: 2->2
[2024-05-30T10:59:03.865+0000][1483.285s][info][gc,heap     ] GC(219) Humongous regions: 68->68
[2024-05-30T10:59:03.865+0000][1483.285s][info][gc,metaspace] GC(219) Metaspace: 411110K(417088K)->411110K(417088K) NonClass: 359166K(362496K)->359166K(362496K) Class: 51944K(54592K)->51944K(54592K)
[2024-05-30T10:59:03.865+0000][1483.285s][info][gc          ] GC(219) Pause Young (Normal) (G1 Evacuation Pause) 9478M->4775M(12288M) 131.563ms
[2024-05-30T10:59:03.865+0000][1483.285s][info][gc,cpu      ] GC(219) User=0.78s Sys=0.00s Real=0.13s
[2024-05-30T10:59:05.489+0000][1484.909s][info][gc,start    ] GC(220) Pause Young (Normal) (G1 Evacuation Pause)
[2024-05-30T10:59:05.489+0000][1484.909s][info][gc,task     ] GC(220) Using 6 workers of 6 for evacuation
[2024-05-30T10:59:05.634+0000][1485.053s][info][gc,phases   ] GC(220)   Pre Evacuate Collection Set: 0.2ms
[2024-05-30T10:59:05.634+0000][1485.053s][info][gc,phases   ] GC(220)   Merge Heap Roots: 0.4ms
[2024-05-30T10:59:05.634+0000][1485.053s][info][gc,phases   ] GC(220)   Evacuate Collection Set: 134.3ms
[2024-05-30T10:59:05.634+0000][1485.053s][info][gc,phases   ] GC(220)   Post Evacuate Collection Set: 9.4ms
[2024-05-30T10:59:05.634+0000][1485.053s][info][gc,phases   ] GC(220)   Other: 0.3ms
[2024-05-30T10:59:05.634+0000][1485.053s][info][gc,heap     ] GC(220) Eden regions: 588->0(585)
[2024-05-30T10:59:05.634+0000][1485.053s][info][gc,heap     ] GC(220) Survivor regions: 41->42(79)
[2024-05-30T10:59:05.634+0000][1485.053s][info][gc,heap     ] GC(220) Old regions: 488->489
[2024-05-30T10:59:05.634+0000][1485.053s][info][gc,heap     ] GC(220) Archive regions: 2->2
[2024-05-30T10:59:05.634+0000][1485.053s][info][gc,heap     ] GC(220) Humongous regions: 68->68
[2024-05-30T10:59:05.634+0000][1485.053s][info][gc,metaspace] GC(220) Metaspace: 411110K(417088K)->411110K(417088K) NonClass: 359166K(362496K)->359166K(362496K) Class: 51944K(54592K)->51944K(54592K)
[2024-05-30T10:59:05.634+0000][1485.053s][info][gc          ] GC(220) Pause Young (Normal) (G1 Evacuation Pause) 9479M->4791M(12288M) 144.636ms
[2024-05-30T10:59:05.634+0000][1485.053s][info][gc,cpu      ] GC(220) User=0.86s Sys=0.00s Real=0.14s
[2024-05-30T10:59:07.422+0000][1486.841s][info][gc,start    ] GC(221) Pause Young (Normal) (G1 Evacuation Pause)
[2024-05-30T10:59:07.422+0000][1486.841s][info][gc,task     ] GC(221) Using 6 workers of 6 for evacuation
[2024-05-30T10:59:07.583+0000][1487.003s][info][gc,phases   ] GC(221)   Pre Evacuate Collection Set: 0.2ms
[2024-05-30T10:59:07.583+0000][1487.003s][info][gc,phases   ] GC(221)   Merge Heap Roots: 0.4ms
[2024-05-30T10:59:07.583+0000][1487.003s][info][gc,phases   ] GC(221)   Evacuate Collection Set: 146.4ms
[2024-05-30T10:59:07.583+0000][1487.003s][info][gc,phases   ] GC(221)   Post Evacuate Collection Set: 14.5ms
[2024-05-30T10:59:07.583+0000][1487.003s][info][gc,phases   ] GC(221)   Other: 0.2ms
[2024-05-30T10:59:07.583+0000][1487.003s][info][gc,heap     ] GC(221) Eden regions: 585->0(580)
[2024-05-30T10:59:07.583+0000][1487.003s][info][gc,heap     ] GC(221) Survivor regions: 42->44(79)
[2024-05-30T10:59:07.583+0000][1487.003s][info][gc,heap     ] GC(221) Old regions: 489->490
[2024-05-30T10:59:07.583+0000][1487.003s][info][gc,heap     ] GC(221) Archive regions: 2->2
[2024-05-30T10:59:07.583+0000][1487.003s][info][gc,heap     ] GC(221) Humongous regions: 68->68
[2024-05-30T10:59:07.583+0000][1487.003s][info][gc,metaspace] GC(221) Metaspace: 411110K(417088K)->411110K(417088K) NonClass: 359166K(362496K)->359166K(362496K) Class: 51944K(54592K)->51944K(54592K)
[2024-05-30T10:59:07.583+0000][1487.003s][info][gc          ] GC(221) Pause Young (Normal) (G1 Evacuation Pause) 9471M->4815M(12288M) 161.720ms
[2024-05-30T10:59:07.584+0000][1487.003s][info][gc,cpu      ] GC(221) User=0.94s Sys=0.01s Real=0.16s
[2024-05-30T10:59:10.173+0000][1489.592s][info][gc,start    ] GC(222) Pause Young (Normal) (G1 Evacuation Pause)
[2024-05-30T10:59:10.173+0000][1489.592s][info][gc,task     ] GC(222) Using 6 workers of 6 for evacuation
[2024-05-30T10:59:10.287+0000][1489.706s][info][gc,phases   ] GC(222)   Pre Evacuate Collection Set: 0.2ms
[2024-05-30T10:59:10.287+0000][1489.706s][info][gc,phases   ] GC(222)   Merge Heap Roots: 0.4ms
[2024-05-30T10:59:10.287+0000][1489.706s][info][gc,phases   ] GC(222)   Evacuate Collection Set: 100.6ms
[2024-05-30T10:59:10.287+0000][1489.706s][info][gc,phases   ] GC(222)   Post Evacuate Collection Set: 12.4ms
[2024-05-30T10:59:10.287+0000][1489.706s][info][gc,phases   ] GC(222)   Other: 0.2ms
[2024-05-30T10:59:10.287+0000][1489.706s][info][gc,heap     ] GC(222) Eden regions: 580->0(617)
[2024-05-30T10:59:10.287+0000][1489.706s][info][gc,heap     ] GC(222) Survivor regions: 44->23(78)
[2024-05-30T10:59:10.287+0000][1489.706s][info][gc,heap     ] GC(222) Old regions: 490->495
[2024-05-30T10:59:10.287+0000][1489.706s][info][gc,heap     ] GC(222) Archive regions: 2->2
[2024-05-30T10:59:10.287+0000][1489.706s][info][gc,heap     ] GC(222) Humongous regions: 68->68
[2024-05-30T10:59:10.287+0000][1489.706s][info][gc,metaspace] GC(222) Metaspace: 411110K(417088K)->411110K(417088K) NonClass: 359166K(362496K)->359166K(362496K) Class: 51944K(54592K)->51944K(54592K)
[2024-05-30T10:59:10.287+0000][1489.706s][info][gc          ] GC(222) Pause Young (Normal) (G1 Evacuation Pause) 9455M->4688M(12288M) 113.851ms
[2024-05-30T10:59:10.287+0000][1489.706s][info][gc,cpu      ] GC(222) User=0.65s Sys=0.01s Real=0.11s
[2024-05-30T10:59:13.617+0000][1493.037s][info][gc,start    ] GC(223) Pause Young (Normal) (G1 Evacuation Pause)
[2024-05-30T10:59:13.617+0000][1493.037s][info][gc,task     ] GC(223) Using 6 workers of 6 for evacuation
[2024-05-30T10:59:13.692+0000][1493.111s][info][gc,phases   ] GC(223)   Pre Evacuate Collection Set: 0.2ms
[2024-05-30T10:59:13.692+0000][1493.111s][info][gc,phases   ] GC(223)   Merge Heap Roots: 0.3ms
[2024-05-30T10:59:13.692+0000][1493.111s][info][gc,phases   ] GC(223)   Evacuate Collection Set: 72.0ms
[2024-05-30T10:59:13.692+0000][1493.111s][info][gc,phases   ] GC(223)   Post Evacuate Collection Set: 2.2ms
[2024-05-30T10:59:13.692+0000][1493.111s][info][gc,phases   ] GC(223)   Other: 0.2ms
[2024-05-30T10:59:13.692+0000][1493.111s][info][gc,heap     ] GC(223) Eden regions: 617->0(615)
[2024-05-30T10:59:13.692+0000][1493.111s][info][gc,heap     ] GC(223) Survivor regions: 23->24(80)
[2024-05-30T10:59:13.692+0000][1493.111s][info][gc,heap     ] GC(223) Old regions: 495->495
[2024-05-30T10:59:13.692+0000][1493.111s][info][gc,heap     ] GC(223) Archive regions: 2->2
[2024-05-30T10:59:13.692+0000][1493.111s][info][gc,heap     ] GC(223) Humongous regions: 68->68
[2024-05-30T10:59:13.692+0000][1493.111s][info][gc,metaspace] GC(223) Metaspace: 411113K(417088K)->411113K(417088K) NonClass: 359169K(362496K)->359169K(362496K) Class: 51944K(54592K)->51944K(54592K)
[2024-05-30T10:59:13.692+0000][1493.112s][info][gc          ] GC(223) Pause Young (Normal) (G1 Evacuation Pause) 9624M->4696M(12288M) 74.928ms
[2024-05-30T10:59:13.692+0000][1493.112s][info][gc,cpu      ] GC(223) User=0.44s Sys=0.00s Real=0.07s
[2024-05-30T10:59:20.543+0000][1499.962s][info][gc,start    ] GC(224) Pause Young (Normal) (G1 Evacuation Pause)
[2024-05-30T10:59:20.543+0000][1499.962s][info][gc,task     ] GC(224) Using 6 workers of 6 for evacuation
[2024-05-30T10:59:20.617+0000][1500.036s][info][gc,phases   ] GC(224)   Pre Evacuate Collection Set: 0.2ms
[2024-05-30T10:59:20.617+0000][1500.036s][info][gc,phases   ] GC(224)   Merge Heap Roots: 0.3ms
[2024-05-30T10:59:20.617+0000][1500.036s][info][gc,phases   ] GC(224)   Evacuate Collection Set: 71.7ms
[2024-05-30T10:59:20.617+0000][1500.036s][info][gc,phases   ] GC(224)   Post Evacuate Collection Set: 2.2ms
[2024-05-30T10:59:20.617+0000][1500.036s][info][gc,phases   ] GC(224)   Other: 0.2ms
[2024-05-30T10:59:20.617+0000][1500.036s][info][gc,heap     ] GC(224) Eden regions: 615->0(609)
[2024-05-30T10:59:20.617+0000][1500.036s][info][gc,heap     ] GC(224) Survivor regions: 24->27(80)
[2024-05-30T10:59:20.617+0000][1500.036s][info][gc,heap     ] GC(224) Old regions: 495->495
[2024-05-30T10:59:20.617+0000][1500.036s][info][gc,heap     ] GC(224) Archive regions: 2->2
[2024-05-30T10:59:20.617+0000][1500.036s][info][gc,heap     ] GC(224) Humongous regions: 68->68
[2024-05-30T10:59:20.617+0000][1500.036s][info][gc,metaspace] GC(224) Metaspace: 411115K(417088K)->411115K(417088K) NonClass: 359171K(362496K)->359171K(362496K) Class: 51944K(54592K)->51944K(54592K)
[2024-05-30T10:59:20.617+0000][1500.036s][info][gc          ] GC(224) Pause Young (Normal) (G1 Evacuation Pause) 9616M->4716M(12288M) 74.650ms
[2024-05-30T10:59:20.617+0000][1500.037s][info][gc,cpu      ] GC(224) User=0.45s Sys=0.00s Real=0.08s
[2024-05-30T10:59:27.265+0000][1506.685s][info][gc,start    ] GC(225) Pause Young (Normal) (G1 Evacuation Pause)
[2024-05-30T10:59:27.265+0000][1506.685s][info][gc,task     ] GC(225) Using 6 workers of 6 for evacuation
[2024-05-30T10:59:27.343+0000][1506.763s][info][gc,phases   ] GC(225)   Pre Evacuate Collection Set: 0.2ms
[2024-05-30T10:59:27.343+0000][1506.763s][info][gc,phases   ] GC(225)   Merge Heap Roots: 0.3ms
[2024-05-30T10:59:27.343+0000][1506.763s][info][gc,phases   ] GC(225)   Evacuate Collection Set: 74.8ms
[2024-05-30T10:59:27.343+0000][1506.763s][info][gc,phases   ] GC(225)   Post Evacuate Collection Set: 2.4ms
[2024-05-30T10:59:27.343+0000][1506.763s][info][gc,phases   ] GC(225)   Other: 0.3ms
[2024-05-30T10:59:27.343+0000][1506.763s][info][gc,heap     ] GC(225) Eden regions: 609->0(606)
[2024-05-30T10:59:27.343+0000][1506.763s][info][gc,heap     ] GC(225) Survivor regions: 27->28(80)
[2024-05-30T10:59:27.343+0000][1506.763s][info][gc,heap     ] GC(225) Old regions: 495->496
[2024-05-30T10:59:27.343+0000][1506.763s][info][gc,heap     ] GC(225) Archive regions: 2->2
[2024-05-30T10:59:27.343+0000][1506.763s][info][gc,heap     ] GC(225) Humongous regions: 68->68
[2024-05-30T10:59:27.343+0000][1506.763s][info][gc,metaspace] GC(225) Metaspace: 411131K(417152K)->411131K(417152K) NonClass: 359184K(362560K)->359184K(362560K) Class: 51947K(54592K)->51947K(54592K)
[2024-05-30T10:59:27.343+0000][1506.763s][info][gc          ] GC(225) Pause Young (Normal) (G1 Evacuation Pause) 9588M->4735M(12288M) 78.027ms
[2024-05-30T10:59:27.344+0000][1506.763s][info][gc,cpu      ] GC(225) User=0.46s Sys=0.00s Real=0.08s
[2024-05-30T10:59:33.987+0000][1513.406s][info][gc,start    ] GC(226) Pause Young (Normal) (G1 Evacuation Pause)
[2024-05-30T10:59:33.987+0000][1513.406s][info][gc,task     ] GC(226) Using 6 workers of 6 for evacuation
[2024-05-30T10:59:34.067+0000][1513.487s][info][gc,phases   ] GC(226)   Pre Evacuate Collection Set: 0.2ms
[2024-05-30T10:59:34.067+0000][1513.487s][info][gc,phases   ] GC(226)   Merge Heap Roots: 0.3ms
[2024-05-30T10:59:34.068+0000][1513.487s][info][gc,phases   ] GC(226)   Evacuate Collection Set: 77.5ms
[2024-05-30T10:59:34.068+0000][1513.487s][info][gc,phases   ] GC(226)   Post Evacuate Collection Set: 2.2ms
[2024-05-30T10:59:34.068+0000][1513.487s][info][gc,phases   ] GC(226)   Other: 0.2ms
[2024-05-30T10:59:34.068+0000][1513.487s][info][gc,heap     ] GC(226) Eden regions: 606->0(606)
[2024-05-30T10:59:34.068+0000][1513.487s][info][gc,heap     ] GC(226) Survivor regions: 28->27(80)
[2024-05-30T10:59:34.068+0000][1513.487s][info][gc,heap     ] GC(226) Old regions: 496->498
[2024-05-30T10:59:34.068+0000][1513.487s][info][gc,heap     ] GC(226) Archive regions: 2->2
[2024-05-30T10:59:34.068+0000][1513.487s][info][gc,heap     ] GC(226) Humongous regions: 68->68
[2024-05-30T10:59:34.068+0000][1513.487s][info][gc,metaspace] GC(226) Metaspace: 411143K(417216K)->411143K(417216K) NonClass: 359196K(362624K)->359196K(362624K) Class: 51947K(54592K)->51947K(54592K)
[2024-05-30T10:59:34.068+0000][1513.487s][info][gc          ] GC(226) Pause Young (Normal) (G1 Evacuation Pause) 9583M->4743M(12288M) 80.450ms
[2024-05-30T10:59:34.068+0000][1513.487s][info][gc,cpu      ] GC(226) User=0.47s Sys=0.01s Real=0.08s
[2024-05-30T10:59:40.383+0000][1519.802s][info][gc,start    ] GC(227) Pause Young (Normal) (G1 Evacuation Pause)
[2024-05-30T10:59:40.383+0000][1519.802s][info][gc,task     ] GC(227) Using 6 workers of 6 for evacuation
[2024-05-30T10:59:40.460+0000][1519.880s][info][gc,phases   ] GC(227)   Pre Evacuate Collection Set: 0.2ms
[2024-05-30T10:59:40.460+0000][1519.880s][info][gc,phases   ] GC(227)   Merge Heap Roots: 0.3ms
[2024-05-30T10:59:40.460+0000][1519.880s][info][gc,phases   ] GC(227)   Evacuate Collection Set: 74.9ms
[2024-05-30T10:59:40.460+0000][1519.880s][info][gc,phases   ] GC(227)   Post Evacuate Collection Set: 2.2ms
[2024-05-30T10:59:40.460+0000][1519.880s][info][gc,phases   ] GC(227)   Other: 0.2ms
[2024-05-30T10:59:40.460+0000][1519.880s][info][gc,heap     ] GC(227) Eden regions: 606->0(603)
[2024-05-30T10:59:40.460+0000][1519.880s][info][gc,heap     ] GC(227) Survivor regions: 27->27(80)
[2024-05-30T10:59:40.460+0000][1519.880s][info][gc,heap     ] GC(227) Old regions: 498->501
[2024-05-30T10:59:40.460+0000][1519.880s][info][gc,heap     ] GC(227) Archive regions: 2->2
[2024-05-30T10:59:40.460+0000][1519.880s][info][gc,heap     ] GC(227) Humongous regions: 68->68
[2024-05-30T10:59:40.460+0000][1519.880s][info][gc,metaspace] GC(227) Metaspace: 411143K(417216K)->411143K(417216K) NonClass: 359196K(362624K)->359196K(362624K) Class: 51947K(54592K)->51947K(54592K)
[2024-05-30T10:59:40.461+0000][1519.880s][info][gc          ] GC(227) Pause Young (Normal) (G1 Evacuation Pause) 9591M->4766M(12288M) 77.792ms
[2024-05-30T10:59:40.461+0000][1519.880s][info][gc,cpu      ] GC(227) User=0.45s Sys=0.01s Real=0.08s
[2024-05-30T10:59:47.269+0000][1526.688s][info][gc,start    ] GC(228) Pause Young (Normal) (G1 Evacuation Pause)
[2024-05-30T10:59:47.269+0000][1526.688s][info][gc,task     ] GC(228) Using 6 workers of 6 for evacuation
[2024-05-30T10:59:47.346+0000][1526.765s][info][gc,phases   ] GC(228)   Pre Evacuate Collection Set: 0.2ms
[2024-05-30T10:59:47.346+0000][1526.765s][info][gc,phases   ] GC(228)   Merge Heap Roots: 0.3ms
[2024-05-30T10:59:47.346+0000][1526.765s][info][gc,phases   ] GC(228)   Evacuate Collection Set: 74.0ms
[2024-05-30T10:59:47.346+0000][1526.765s][info][gc,phases   ] GC(228)   Post Evacuate Collection Set: 2.3ms
[2024-05-30T10:59:47.346+0000][1526.765s][info][gc,phases   ] GC(228)   Other: 0.2ms
[2024-05-30T10:59:47.346+0000][1526.765s][info][gc,heap     ] GC(228) Eden regions: 603->0(602)
[2024-05-30T10:59:47.346+0000][1526.765s][info][gc,heap     ] GC(228) Survivor regions: 27->27(79)
[2024-05-30T10:59:47.346+0000][1526.765s][info][gc,heap     ] GC(228) Old regions: 501->502
[2024-05-30T10:59:47.346+0000][1526.765s][info][gc,heap     ] GC(228) Archive regions: 2->2
[2024-05-30T10:59:47.346+0000][1526.765s][info][gc,heap     ] GC(228) Humongous regions: 68->68
[2024-05-30T10:59:47.346+0000][1526.765s][info][gc,metaspace] GC(228) Metaspace: 411145K(417216K)->411145K(417216K) NonClass: 359197K(362624K)->359197K(362624K) Class: 51947K(54592K)->51947K(54592K)
[2024-05-30T10:59:47.346+0000][1526.765s][info][gc          ] GC(228) Pause Young (Normal) (G1 Evacuation Pause) 9590M->4776M(12288M) 77.057ms
[2024-05-30T10:59:47.346+0000][1526.765s][info][gc,cpu      ] GC(228) User=0.47s Sys=0.01s Real=0.07s
[2024-05-30T10:59:53.906+0000][1533.325s][info][gc,start    ] GC(229) Pause Young (Normal) (G1 Evacuation Pause)
[2024-05-30T10:59:53.906+0000][1533.325s][info][gc,task     ] GC(229) Using 6 workers of 6 for evacuation
[2024-05-30T10:59:53.981+0000][1533.400s][info][gc,phases   ] GC(229)   Pre Evacuate Collection Set: 0.2ms
[2024-05-30T10:59:53.981+0000][1533.400s][info][gc,phases   ] GC(229)   Merge Heap Roots: 0.3ms
[2024-05-30T10:59:53.981+0000][1533.400s][info][gc,phases   ] GC(229)   Evacuate Collection Set: 71.5ms
[2024-05-30T10:59:53.981+0000][1533.400s][info][gc,phases   ] GC(229)   Post Evacuate Collection Set: 2.4ms
[2024-05-30T10:59:53.981+0000][1533.400s][info][gc,phases   ] GC(229)   Other: 0.2ms
[2024-05-30T10:59:53.981+0000][1533.400s][info][gc,heap     ] GC(229) Eden regions: 602->0(597)
[2024-05-30T10:59:53.981+0000][1533.400s][info][gc,heap     ] GC(229) Survivor regions: 27->29(79)
[2024-05-30T10:59:53.981+0000][1533.400s][info][gc,heap     ] GC(229) Old regions: 502->503
[2024-05-30T10:59:53.981+0000][1533.400s][info][gc,heap     ] GC(229) Archive regions: 2->2
[2024-05-30T10:59:53.981+0000][1533.400s][info][gc,heap     ] GC(229) Humongous regions: 68->68
[2024-05-30T10:59:53.981+0000][1533.400s][info][gc,metaspace] GC(229) Metaspace: 411148K(417216K)->411148K(417216K) NonClass: 359201K(362624K)->359201K(362624K) Class: 51947K(54592K)->51947K(54592K)
[2024-05-30T10:59:53.981+0000][1533.400s][info][gc          ] GC(229) Pause Young (Normal) (G1 Evacuation Pause) 9592M->4795M(12288M) 74.634ms
[2024-05-30T10:59:53.981+0000][1533.400s][info][gc,cpu      ] GC(229) User=0.44s Sys=0.00s Real=0.08s
[2024-05-30T11:00:00.426+0000][1539.845s][info][gc,start    ] GC(230) Pause Young (Normal) (G1 Evacuation Pause)
[2024-05-30T11:00:00.426+0000][1539.845s][info][gc,task     ] GC(230) Using 6 workers of 6 for evacuation
[2024-05-30T11:00:00.497+0000][1539.916s][info][gc,phases   ] GC(230)   Pre Evacuate Collection Set: 0.2ms
[2024-05-30T11:00:00.497+0000][1539.917s][info][gc,phases   ] GC(230)   Merge Heap Roots: 0.3ms
[2024-05-30T11:00:00.497+0000][1539.917s][info][gc,phases   ] GC(230)   Evacuate Collection Set: 68.3ms
[2024-05-30T11:00:00.497+0000][1539.917s][info][gc,phases   ] GC(230)   Post Evacuate Collection Set: 2.3ms
[2024-05-30T11:00:00.497+0000][1539.917s][info][gc,phases   ] GC(230)   Other: 0.2ms
[2024-05-30T11:00:00.497+0000][1539.917s][info][gc,heap     ] GC(230) Eden regions: 597->0(595)
[2024-05-30T11:00:00.497+0000][1539.917s][info][gc,heap     ] GC(230) Survivor regions: 29->30(79)
[2024-05-30T11:00:00.497+0000][1539.917s][info][gc,heap     ] GC(230) Old regions: 503->503
[2024-05-30T11:00:00.497+0000][1539.917s][info][gc,heap     ] GC(230) Archive regions: 2->2
[2024-05-30T11:00:00.497+0000][1539.917s][info][gc,heap     ] GC(230) Humongous regions: 68->68
[2024-05-30T11:00:00.497+0000][1539.917s][info][gc,metaspace] GC(230) Metaspace: 411389K(417472K)->411389K(417472K) NonClass: 359408K(362816K)->359408K(362816K) Class: 51980K(54656K)->51980K(54656K)
[2024-05-30T11:00:00.497+0000][1539.917s][info][gc          ] GC(230) Pause Young (Normal) (G1 Evacuation Pause) 9571M->4805M(12288M) 71.348ms
[2024-05-30T11:00:00.497+0000][1539.917s][info][gc,cpu      ] GC(230) User=0.43s Sys=0.01s Real=0.08s
[2024-05-30T11:00:06.654+0000][1546.073s][info][gc,start    ] GC(231) Pause Young (Normal) (G1 Evacuation Pause)
[2024-05-30T11:00:06.654+0000][1546.073s][info][gc,task     ] GC(231) Using 6 workers of 6 for evacuation
[2024-05-30T11:00:06.726+0000][1546.146s][info][gc,phases   ] GC(231)   Pre Evacuate Collection Set: 0.2ms
[2024-05-30T11:00:06.726+0000][1546.146s][info][gc,phases   ] GC(231)   Merge Heap Roots: 0.3ms
[2024-05-30T11:00:06.726+0000][1546.146s][info][gc,phases   ] GC(231)   Evacuate Collection Set: 69.3ms
[2024-05-30T11:00:06.726+0000][1546.146s][info][gc,phases   ] GC(231)   Post Evacuate Collection Set: 2.2ms
[2024-05-30T11:00:06.726+0000][1546.146s][info][gc,phases   ] GC(231)   Other: 0.2ms
[2024-05-30T11:00:06.726+0000][1546.146s][info][gc,heap     ] GC(231) Eden regions: 595->0(600)
[2024-05-30T11:00:06.726+0000][1546.146s][info][gc,heap     ] GC(231) Survivor regions: 30->27(79)
[2024-05-30T11:00:06.726+0000][1546.146s][info][gc,heap     ] GC(231) Old regions: 503->504
[2024-05-30T11:00:06.726+0000][1546.146s][info][gc,heap     ] GC(231) Archive regions: 2->2
[2024-05-30T11:00:06.726+0000][1546.146s][info][gc,heap     ] GC(231) Humongous regions: 68->68
[2024-05-30T11:00:06.726+0000][1546.146s][info][gc,metaspace] GC(231) Metaspace: 411389K(417472K)->411389K(417472K) NonClass: 359408K(362816K)->359408K(362816K) Class: 51980K(54656K)->51980K(54656K)
[2024-05-30T11:00:06.726+0000][1546.146s][info][gc          ] GC(231) Pause Young (Normal) (G1 Evacuation Pause) 9565M->4792M(12288M) 72.305ms
[2024-05-30T11:00:06.726+0000][1546.146s][info][gc,cpu      ] GC(231) User=0.43s Sys=0.00s Real=0.07s
[2024-05-30T11:00:12.419+0000][1551.838s][info][gc,start    ] GC(232) Pause Young (Normal) (G1 Evacuation Pause)
[2024-05-30T11:00:12.419+0000][1551.838s][info][gc,task     ] GC(232) Using 6 workers of 6 for evacuation
[2024-05-30T11:00:12.489+0000][1551.908s][info][gc,phases   ] GC(232)   Pre Evacuate Collection Set: 0.2ms
[2024-05-30T11:00:12.489+0000][1551.908s][info][gc,phases   ] GC(232)   Merge Heap Roots: 0.3ms
[2024-05-30T11:00:12.489+0000][1551.908s][info][gc,phases   ] GC(232)   Evacuate Collection Set: 67.1ms
[2024-05-30T11:00:12.489+0000][1551.908s][info][gc,phases   ] GC(232)   Post Evacuate Collection Set: 2.2ms
[2024-05-30T11:00:12.489+0000][1551.908s][info][gc,phases   ] GC(232)   Other: 0.2ms
[2024-05-30T11:00:12.489+0000][1551.908s][info][gc,heap     ] GC(232) Eden regions: 600->0(606)
[2024-05-30T11:00:12.489+0000][1551.908s][info][gc,heap     ] GC(232) Survivor regions: 27->23(79)
[2024-05-30T11:00:12.489+0000][1551.908s][info][gc,heap     ] GC(232) Old regions: 504->506
[2024-05-30T11:00:12.489+0000][1551.908s][info][gc,heap     ] GC(232) Archive regions: 2->2
[2024-05-30T11:00:12.489+0000][1551.908s][info][gc,heap     ] GC(232) Humongous regions: 68->68
[2024-05-30T11:00:12.489+0000][1551.908s][info][gc,metaspace] GC(232) Metaspace: 411394K(417472K)->411394K(417472K) NonClass: 359413K(362816K)->359413K(362816K) Class: 51980K(54656K)->51980K(54656K)
[2024-05-30T11:00:12.489+0000][1551.908s][info][gc          ] GC(232) Pause Young (Normal) (G1 Evacuation Pause) 9592M->4774M(12288M) 69.961ms
[2024-05-30T11:00:12.489+0000][1551.908s][info][gc,cpu      ] GC(232) User=0.41s Sys=0.00s Real=0.07s
[2024-05-30T11:00:16.969+0000][1556.388s][info][gc,start    ] GC(233) Pause Young (Normal) (G1 Evacuation Pause)
[2024-05-30T11:00:16.969+0000][1556.388s][info][gc,task     ] GC(233) Using 6 workers of 6 for evacuation
[2024-05-30T11:00:17.034+0000][1556.453s][info][gc,phases   ] GC(233)   Pre Evacuate Collection Set: 0.2ms
[2024-05-30T11:00:17.034+0000][1556.453s][info][gc,phases   ] GC(233)   Merge Heap Roots: 0.3ms
[2024-05-30T11:00:17.034+0000][1556.453s][info][gc,phases   ] GC(233)   Evacuate Collection Set: 62.2ms
[2024-05-30T11:00:17.034+0000][1556.453s][info][gc,phases   ] GC(233)   Post Evacuate Collection Set: 2.2ms
[2024-05-30T11:00:17.034+0000][1556.453s][info][gc,phases   ] GC(233)   Other: 0.2ms
[2024-05-30T11:00:17.034+0000][1556.453s][info][gc,heap     ] GC(233) Eden regions: 606->0(604)
[2024-05-30T11:00:17.034+0000][1556.453s][info][gc,heap     ] GC(233) Survivor regions: 23->24(79)
[2024-05-30T11:00:17.034+0000][1556.453s][info][gc,heap     ] GC(233) Old regions: 506->506
[2024-05-30T11:00:17.034+0000][1556.453s][info][gc,heap     ] GC(233) Archive regions: 2->2
[2024-05-30T11:00:17.034+0000][1556.453s][info][gc,heap     ] GC(233) Humongous regions: 68->68
[2024-05-30T11:00:17.034+0000][1556.453s][info][gc,metaspace] GC(233) Metaspace: 411403K(417472K)->411403K(417472K) NonClass: 359422K(362816K)->359422K(362816K) Class: 51980K(54656K)->51980K(54656K)
[2024-05-30T11:00:17.034+0000][1556.453s][info][gc          ] GC(233) Pause Young (Normal) (G1 Evacuation Pause) 9622M->4783M(12288M) 65.118ms
[2024-05-30T11:00:17.034+0000][1556.454s][info][gc,cpu      ] GC(233) User=0.39s Sys=0.00s Real=0.06s
[2024-05-30T11:00:23.213+0000][1562.632s][info][gc,start    ] GC(234) Pause Young (Normal) (G1 Evacuation Pause)
[2024-05-30T11:00:23.213+0000][1562.632s][info][gc,task     ] GC(234) Using 6 workers of 6 for evacuation
[2024-05-30T11:00:23.281+0000][1562.700s][info][gc,phases   ] GC(234)   Pre Evacuate Collection Set: 0.2ms
[2024-05-30T11:00:23.281+0000][1562.700s][info][gc,phases   ] GC(234)   Merge Heap Roots: 0.3ms
[2024-05-30T11:00:23.281+0000][1562.700s][info][gc,phases   ] GC(234)   Evacuate Collection Set: 64.7ms
[2024-05-30T11:00:23.281+0000][1562.700s][info][gc,phases   ] GC(234)   Post Evacuate Collection Set: 2.3ms
[2024-05-30T11:00:23.281+0000][1562.700s][info][gc,phases   ] GC(234)   Other: 0.2ms
[2024-05-30T11:00:23.281+0000][1562.700s][info][gc,heap     ] GC(234) Eden regions: 604->0(599)
[2024-05-30T11:00:23.281+0000][1562.700s][info][gc,heap     ] GC(234) Survivor regions: 24->26(79)
[2024-05-30T11:00:23.281+0000][1562.700s][info][gc,heap     ] GC(234) Old regions: 506->507
[2024-05-30T11:00:23.281+0000][1562.700s][info][gc,heap     ] GC(234) Archive regions: 2->2
[2024-05-30T11:00:23.281+0000][1562.700s][info][gc,heap     ] GC(234) Humongous regions: 68->68
[2024-05-30T11:00:23.281+0000][1562.700s][info][gc,metaspace] GC(234) Metaspace: 411414K(417472K)->411414K(417472K) NonClass: 359433K(362816K)->359433K(362816K) Class: 51980K(54656K)->51980K(54656K)
[2024-05-30T11:00:23.281+0000][1562.700s][info][gc          ] GC(234) Pause Young (Normal) (G1 Evacuation Pause) 9615M->4801M(12288M) 67.765ms
[2024-05-30T11:00:23.281+0000][1562.700s][info][gc,cpu      ] GC(234) User=0.40s Sys=0.00s Real=0.07s
[2024-05-30T11:00:29.881+0000][1569.300s][info][gc,start    ] GC(235) Pause Young (Normal) (G1 Evacuation Pause)
[2024-05-30T11:00:29.881+0000][1569.300s][info][gc,task     ] GC(235) Using 6 workers of 6 for evacuation
[2024-05-30T11:00:29.962+0000][1569.381s][info][gc,phases   ] GC(235)   Pre Evacuate Collection Set: 0.2ms
[2024-05-30T11:00:29.962+0000][1569.381s][info][gc,phases   ] GC(235)   Merge Heap Roots: 0.3ms
[2024-05-30T11:00:29.962+0000][1569.381s][info][gc,phases   ] GC(235)   Evacuate Collection Set: 78.3ms
[2024-05-30T11:00:29.962+0000][1569.381s][info][gc,phases   ] GC(235)   Post Evacuate Collection Set: 2.2ms
[2024-05-30T11:00:29.962+0000][1569.381s][info][gc,phases   ] GC(235)   Other: 0.2ms
[2024-05-30T11:00:29.962+0000][1569.381s][info][gc,heap     ] GC(235) Eden regions: 599->0(600)
[2024-05-30T11:00:29.962+0000][1569.381s][info][gc,heap     ] GC(235) Survivor regions: 26->25(79)
[2024-05-30T11:00:29.962+0000][1569.381s][info][gc,heap     ] GC(235) Old regions: 507->508
[2024-05-30T11:00:29.962+0000][1569.381s][info][gc,heap     ] GC(235) Archive regions: 2->2
[2024-05-30T11:00:29.962+0000][1569.381s][info][gc,heap     ] GC(235) Humongous regions: 68->68
[2024-05-30T11:00:29.962+0000][1569.381s][info][gc,metaspace] GC(235) Metaspace: 411414K(417472K)->411414K(417472K) NonClass: 359433K(362816K)->359433K(362816K) Class: 51980K(54656K)->51980K(54656K)
[2024-05-30T11:00:29.962+0000][1569.381s][info][gc          ] GC(235) Pause Young (Normal) (G1 Evacuation Pause) 9593M->4807M(12288M) 81.247ms
[2024-05-30T11:00:29.962+0000][1569.381s][info][gc,cpu      ] GC(235) User=0.48s Sys=0.01s Real=0.08s
[2024-05-30T11:00:36.563+0000][1575.983s][info][gc,start    ] GC(236) Pause Young (Normal) (G1 Evacuation Pause)
[2024-05-30T11:00:36.563+0000][1575.983s][info][gc,task     ] GC(236) Using 6 workers of 6 for evacuation
[2024-05-30T11:00:36.630+0000][1576.049s][info][gc,phases   ] GC(236)   Pre Evacuate Collection Set: 0.2ms
[2024-05-30T11:00:36.630+0000][1576.049s][info][gc,phases   ] GC(236)   Merge Heap Roots: 0.3ms
[2024-05-30T11:00:36.630+0000][1576.049s][info][gc,phases   ] GC(236)   Evacuate Collection Set: 64.0ms
[2024-05-30T11:00:36.630+0000][1576.049s][info][gc,phases   ] GC(236)   Post Evacuate Collection Set: 2.2ms
[2024-05-30T11:00:36.630+0000][1576.049s][info][gc,phases   ] GC(236)   Other: 0.2ms
[2024-05-30T11:00:36.630+0000][1576.049s][info][gc,heap     ] GC(236) Eden regions: 600->0(598)
[2024-05-30T11:00:36.630+0000][1576.049s][info][gc,heap     ] GC(236) Survivor regions: 25->25(79)
[2024-05-30T11:00:36.630+0000][1576.049s][info][gc,heap     ] GC(236) Old regions: 508->510
[2024-05-30T11:00:36.630+0000][1576.049s][info][gc,heap     ] GC(236) Archive regions: 2->2
[2024-05-30T11:00:36.630+0000][1576.049s][info][gc,heap     ] GC(236) Humongous regions: 68->68
[2024-05-30T11:00:36.630+0000][1576.049s][info][gc,metaspace] GC(236) Metaspace: 411414K(417472K)->411414K(417472K) NonClass: 359433K(362816K)->359433K(362816K) Class: 51980K(54656K)->51980K(54656K)
[2024-05-30T11:00:36.630+0000][1576.050s][info][gc          ] GC(236) Pause Young (Normal) (G1 Evacuation Pause) 9607M->4821M(12288M) 66.902ms
[2024-05-30T11:00:36.630+0000][1576.050s][info][gc,cpu      ] GC(236) User=0.39s Sys=0.00s Real=0.07s
[2024-05-30T11:00:43.205+0000][1582.624s][info][gc,start    ] GC(237) Pause Young (Normal) (G1 Evacuation Pause)
[2024-05-30T11:00:43.205+0000][1582.624s][info][gc,task     ] GC(237) Using 6 workers of 6 for evacuation
[2024-05-30T11:00:43.270+0000][1582.689s][info][gc,phases   ] GC(237)   Pre Evacuate Collection Set: 0.2ms
[2024-05-30T11:00:43.270+0000][1582.690s][info][gc,phases   ] GC(237)   Merge Heap Roots: 0.2ms
[2024-05-30T11:00:43.270+0000][1582.690s][info][gc,phases   ] GC(237)   Evacuate Collection Set: 62.9ms
[2024-05-30T11:00:43.270+0000][1582.690s][info][gc,phases   ] GC(237)   Post Evacuate Collection Set: 2.2ms
[2024-05-30T11:00:43.270+0000][1582.690s][info][gc,phases   ] GC(237)   Other: 0.2ms
[2024-05-30T11:00:43.270+0000][1582.690s][info][gc,heap     ] GC(237) Eden regions: 598->0(600)
[2024-05-30T11:00:43.270+0000][1582.690s][info][gc,heap     ] GC(237) Survivor regions: 25->23(78)
[2024-05-30T11:00:43.270+0000][1582.690s][info][gc,heap     ] GC(237) Old regions: 510->512
[2024-05-30T11:00:43.270+0000][1582.690s][info][gc,heap     ] GC(237) Archive regions: 2->2
[2024-05-30T11:00:43.270+0000][1582.690s][info][gc,heap     ] GC(237) Humongous regions: 68->68
[2024-05-30T11:00:43.270+0000][1582.690s][info][gc,metaspace] GC(237) Metaspace: 411420K(417536K)->411420K(417536K) NonClass: 359439K(362880K)->359439K(362880K) Class: 51980K(54656K)->51980K(54656K)
[2024-05-30T11:00:43.270+0000][1582.690s][info][gc          ] GC(237) Pause Young (Normal) (G1 Evacuation Pause) 9605M->4828M(12288M) 65.776ms
[2024-05-30T11:00:43.270+0000][1582.690s][info][gc,cpu      ] GC(237) User=0.37s Sys=0.01s Real=0.07s
[2024-05-30T11:00:49.870+0000][1589.289s][info][gc,start    ] GC(238) Pause Young (Normal) (G1 Evacuation Pause)
[2024-05-30T11:00:49.870+0000][1589.289s][info][gc,task     ] GC(238) Using 6 workers of 6 for evacuation
[2024-05-30T11:00:49.926+0000][1589.346s][info][gc,phases   ] GC(238)   Pre Evacuate Collection Set: 0.2ms
[2024-05-30T11:00:49.926+0000][1589.346s][info][gc,phases   ] GC(238)   Merge Heap Roots: 0.2ms
[2024-05-30T11:00:49.926+0000][1589.346s][info][gc,phases   ] GC(238)   Evacuate Collection Set: 54.0ms
[2024-05-30T11:00:49.926+0000][1589.346s][info][gc,phases   ] GC(238)   Post Evacuate Collection Set: 2.1ms
[2024-05-30T11:00:49.926+0000][1589.346s][info][gc,phases   ] GC(238)   Other: 0.2ms
[2024-05-30T11:00:49.926+0000][1589.346s][info][gc,heap     ] GC(238) Eden regions: 600->0(595)
[2024-05-30T11:00:49.926+0000][1589.346s][info][gc,heap     ] GC(238) Survivor regions: 23->25(78)
[2024-05-30T11:00:49.926+0000][1589.346s][info][gc,heap     ] GC(238) Old regions: 512->513
[2024-05-30T11:00:49.926+0000][1589.346s][info][gc,heap     ] GC(238) Archive regions: 2->2
[2024-05-30T11:00:49.926+0000][1589.346s][info][gc,heap     ] GC(238) Humongous regions: 68->68
[2024-05-30T11:00:49.927+0000][1589.346s][info][gc,metaspace] GC(238) Metaspace: 411429K(417536K)->411429K(417536K) NonClass: 359448K(362880K)->359448K(362880K) Class: 51980K(54656K)->51980K(54656K)
[2024-05-30T11:00:49.927+0000][1589.346s][info][gc          ] GC(238) Pause Young (Normal) (G1 Evacuation Pause) 9628M->4850M(12288M) 56.820ms
[2024-05-30T11:00:49.927+0000][1589.346s][info][gc,cpu      ] GC(238) User=0.33s Sys=0.01s Real=0.05s
[2024-05-30T11:00:56.466+0000][1595.886s][info][gc,start    ] GC(239) Pause Young (Normal) (G1 Evacuation Pause)
[2024-05-30T11:00:56.466+0000][1595.886s][info][gc,task     ] GC(239) Using 6 workers of 6 for evacuation
[2024-05-30T11:00:56.523+0000][1595.942s][info][gc,phases   ] GC(239)   Pre Evacuate Collection Set: 0.2ms
[2024-05-30T11:00:56.523+0000][1595.942s][info][gc,phases   ] GC(239)   Merge Heap Roots: 0.2ms
[2024-05-30T11:00:56.523+0000][1595.942s][info][gc,phases   ] GC(239)   Evacuate Collection Set: 53.8ms
[2024-05-30T11:00:56.523+0000][1595.942s][info][gc,phases   ] GC(239)   Post Evacuate Collection Set: 2.2ms
[2024-05-30T11:00:56.523+0000][1595.942s][info][gc,phases   ] GC(239)   Other: 0.2ms
[2024-05-30T11:00:56.523+0000][1595.942s][info][gc,heap     ] GC(239) Eden regions: 595->0(592)
[2024-05-30T11:00:56.523+0000][1595.942s][info][gc,heap     ] GC(239) Survivor regions: 25->26(78)
[2024-05-30T11:00:56.523+0000][1595.942s][info][gc,heap     ] GC(239) Old regions: 513->514
[2024-05-30T11:00:56.523+0000][1595.942s][info][gc,heap     ] GC(239) Archive regions: 2->2
[2024-05-30T11:00:56.523+0000][1595.942s][info][gc,heap     ] GC(239) Humongous regions: 68->68
[2024-05-30T11:00:56.523+0000][1595.942s][info][gc,metaspace] GC(239) Metaspace: 411436K(417536K)->411436K(417536K) NonClass: 359455K(362880K)->359455K(362880K) Class: 51980K(54656K)->51980K(54656K)
[2024-05-30T11:00:56.523+0000][1595.942s][info][gc          ] GC(239) Pause Young (Normal) (G1 Evacuation Pause) 9610M->4860M(12288M) 56.765ms
[2024-05-30T11:00:56.523+0000][1595.942s][info][gc,cpu      ] GC(239) User=0.33s Sys=0.01s Real=0.06s
[2024-05-30T11:01:02.732+0000][1602.151s][info][gc,start    ] GC(240) Pause Young (Normal) (G1 Evacuation Pause)
[2024-05-30T11:01:02.732+0000][1602.151s][info][gc,task     ] GC(240) Using 6 workers of 6 for evacuation
[2024-05-30T11:01:02.788+0000][1602.208s][info][gc,phases   ] GC(240)   Pre Evacuate Collection Set: 0.2ms
[2024-05-30T11:01:02.788+0000][1602.208s][info][gc,phases   ] GC(240)   Merge Heap Roots: 0.2ms
[2024-05-30T11:01:02.788+0000][1602.208s][info][gc,phases   ] GC(240)   Evacuate Collection Set: 53.9ms
[2024-05-30T11:01:02.788+0000][1602.208s][info][gc,phases   ] GC(240)   Post Evacuate Collection Set: 2.2ms
[2024-05-30T11:01:02.788+0000][1602.208s][info][gc,phases   ] GC(240)   Other: 0.2ms
[2024-05-30T11:01:02.788+0000][1602.208s][info][gc,heap     ] GC(240) Eden regions: 592->0(595)
[2024-05-30T11:01:02.788+0000][1602.208s][info][gc,heap     ] GC(240) Survivor regions: 26->24(78)
[2024-05-30T11:01:02.788+0000][1602.208s][info][gc,heap     ] GC(240) Old regions: 514->515
[2024-05-30T11:01:02.788+0000][1602.208s][info][gc,heap     ] GC(240) Archive regions: 2->2
[2024-05-30T11:01:02.788+0000][1602.208s][info][gc,heap     ] GC(240) Humongous regions: 68->68
[2024-05-30T11:01:02.788+0000][1602.208s][info][gc,metaspace] GC(240) Metaspace: 411448K(417536K)->411448K(417536K) NonClass: 359467K(362880K)->359467K(362880K) Class: 51980K(54656K)->51980K(54656K)
[2024-05-30T11:01:02.788+0000][1602.208s][info][gc          ] GC(240) Pause Young (Normal) (G1 Evacuation Pause) 9596M->4851M(12288M) 56.791ms
[2024-05-30T11:01:02.789+0000][1602.208s][info][gc,cpu      ] GC(240) User=0.33s Sys=0.01s Real=0.06s
[2024-05-30T11:01:09.153+0000][1608.572s][info][gc,start    ] GC(241) Pause Young (Normal) (G1 Evacuation Pause)
[2024-05-30T11:01:09.153+0000][1608.572s][info][gc,task     ] GC(241) Using 6 workers of 6 for evacuation
[2024-05-30T11:01:09.207+0000][1608.626s][info][gc,phases   ] GC(241)   Pre Evacuate Collection Set: 0.2ms
[2024-05-30T11:01:09.207+0000][1608.627s][info][gc,phases   ] GC(241)   Merge Heap Roots: 0.2ms
[2024-05-30T11:01:09.207+0000][1608.627s][info][gc,phases   ] GC(241)   Evacuate Collection Set: 51.7ms
[2024-05-30T11:01:09.207+0000][1608.627s][info][gc,phases   ] GC(241)   Post Evacuate Collection Set: 2.1ms
[2024-05-30T11:01:09.207+0000][1608.627s][info][gc,phases   ] GC(241)   Other: 0.2ms
[2024-05-30T11:01:09.207+0000][1608.627s][info][gc,heap     ] GC(241) Eden regions: 595->0(602)
[2024-05-30T11:01:09.207+0000][1608.627s][info][gc,heap     ] GC(241) Survivor regions: 24->20(78)
[2024-05-30T11:01:09.207+0000][1608.627s][info][gc,heap     ] GC(241) Old regions: 515->516
[2024-05-30T11:01:09.207+0000][1608.627s][info][gc,heap     ] GC(241) Archive regions: 2->2
[2024-05-30T11:01:09.207+0000][1608.627s][info][gc,heap     ] GC(241) Humongous regions: 68->68
[2024-05-30T11:01:09.207+0000][1608.627s][info][gc,metaspace] GC(241) Metaspace: 411448K(417536K)->411448K(417536K) NonClass: 359467K(362880K)->359467K(362880K) Class: 51980K(54656K)->51980K(54656K)
[2024-05-30T11:01:09.207+0000][1608.627s][info][gc          ] GC(241) Pause Young (Normal) (G1 Evacuation Pause) 9611M->4825M(12288M) 54.519ms
[2024-05-30T11:01:09.207+0000][1608.627s][info][gc,cpu      ] GC(241) User=0.32s Sys=0.00s Real=0.05s
[2024-05-30T11:01:15.950+0000][1615.369s][info][gc,start    ] GC(242) Pause Young (Normal) (G1 Evacuation Pause)
[2024-05-30T11:01:15.950+0000][1615.369s][info][gc,task     ] GC(242) Using 6 workers of 6 for evacuation
[2024-05-30T11:01:16.002+0000][1615.421s][info][gc,phases   ] GC(242)   Pre Evacuate Collection Set: 0.2ms
[2024-05-30T11:01:16.002+0000][1615.421s][info][gc,phases   ] GC(242)   Merge Heap Roots: 0.2ms
[2024-05-30T11:01:16.002+0000][1615.421s][info][gc,phases   ] GC(242)   Evacuate Collection Set: 49.7ms
[2024-05-30T11:01:16.002+0000][1615.421s][info][gc,phases   ] GC(242)   Post Evacuate Collection Set: 2.1ms
[2024-05-30T11:01:16.002+0000][1615.421s][info][gc,phases   ] GC(242)   Other: 0.2ms
[2024-05-30T11:01:16.002+0000][1615.421s][info][gc,heap     ] GC(242) Eden regions: 602->0(601)
[2024-05-30T11:01:16.002+0000][1615.421s][info][gc,heap     ] GC(242) Survivor regions: 20->20(78)
[2024-05-30T11:01:16.002+0000][1615.422s][info][gc,heap     ] GC(242) Old regions: 516->517
[2024-05-30T11:01:16.002+0000][1615.422s][info][gc,heap     ] GC(242) Archive regions: 2->2
[2024-05-30T11:01:16.002+0000][1615.422s][info][gc,heap     ] GC(242) Humongous regions: 68->68
[2024-05-30T11:01:16.002+0000][1615.422s][info][gc,metaspace] GC(242) Metaspace: 411451K(417536K)->411451K(417536K) NonClass: 359471K(362880K)->359471K(362880K) Class: 51980K(54656K)->51980K(54656K)
[2024-05-30T11:01:16.002+0000][1615.422s][info][gc          ] GC(242) Pause Young (Normal) (G1 Evacuation Pause) 9641M->4837M(12288M) 52.452ms
[2024-05-30T11:01:16.002+0000][1615.422s][info][gc,cpu      ] GC(242) User=0.31s Sys=0.00s Real=0.05s
[2024-05-30T11:01:22.679+0000][1622.098s][info][gc,start    ] GC(243) Pause Young (Normal) (G1 Evacuation Pause)
[2024-05-30T11:01:22.679+0000][1622.098s][info][gc,task     ] GC(243) Using 6 workers of 6 for evacuation
[2024-05-30T11:01:22.734+0000][1622.153s][info][gc,phases   ] GC(243)   Pre Evacuate Collection Set: 0.2ms
[2024-05-30T11:01:22.734+0000][1622.153s][info][gc,phases   ] GC(243)   Merge Heap Roots: 0.2ms
[2024-05-30T11:01:22.734+0000][1622.153s][info][gc,phases   ] GC(243)   Evacuate Collection Set: 52.1ms
[2024-05-30T11:01:22.734+0000][1622.153s][info][gc,phases   ] GC(243)   Post Evacuate Collection Set: 2.3ms
[2024-05-30T11:01:22.734+0000][1622.153s][info][gc,phases   ] GC(243)   Other: 0.2ms
[2024-05-30T11:01:22.734+0000][1622.153s][info][gc,heap     ] GC(243) Eden regions: 601->0(597)
[2024-05-30T11:01:22.734+0000][1622.153s][info][gc,heap     ] GC(243) Survivor regions: 20->22(78)
[2024-05-30T11:01:22.734+0000][1622.153s][info][gc,heap     ] GC(243) Old regions: 517->517
[2024-05-30T11:01:22.734+0000][1622.153s][info][gc,heap     ] GC(243) Archive regions: 2->2
[2024-05-30T11:01:22.734+0000][1622.153s][info][gc,heap     ] GC(243) Humongous regions: 68->68
[2024-05-30T11:01:22.734+0000][1622.153s][info][gc,metaspace] GC(243) Metaspace: 411459K(417536K)->411459K(417536K) NonClass: 359478K(362880K)->359478K(362880K) Class: 51980K(54656K)->51980K(54656K)
[2024-05-30T11:01:22.734+0000][1622.153s][info][gc          ] GC(243) Pause Young (Normal) (G1 Evacuation Pause) 9645M->4856M(12288M) 55.158ms
[2024-05-30T11:01:22.734+0000][1622.153s][info][gc,cpu      ] GC(243) User=0.32s Sys=0.00s Real=0.05s
[2024-05-30T11:01:29.419+0000][1628.838s][info][gc,start    ] GC(244) Pause Young (Normal) (G1 Evacuation Pause)
[2024-05-30T11:01:29.419+0000][1628.838s][info][gc,task     ] GC(244) Using 6 workers of 6 for evacuation
[2024-05-30T11:01:29.477+0000][1628.896s][info][gc,phases   ] GC(244)   Pre Evacuate Collection Set: 0.2ms
[2024-05-30T11:01:29.477+0000][1628.896s][info][gc,phases   ] GC(244)   Merge Heap Roots: 0.2ms
[2024-05-30T11:01:29.477+0000][1628.896s][info][gc,phases   ] GC(244)   Evacuate Collection Set: 54.7ms
[2024-05-30T11:01:29.477+0000][1628.896s][info][gc,phases   ] GC(244)   Post Evacuate Collection Set: 2.4ms
[2024-05-30T11:01:29.477+0000][1628.896s][info][gc,phases   ] GC(244)   Other: 0.2ms
[2024-05-30T11:01:29.477+0000][1628.896s][info][gc,heap     ] GC(244) Eden regions: 597->0(596)
[2024-05-30T11:01:29.477+0000][1628.896s][info][gc,heap     ] GC(244) Survivor regions: 22->22(78)
[2024-05-30T11:01:29.477+0000][1628.896s][info][gc,heap     ] GC(244) Old regions: 517->518
[2024-05-30T11:01:29.477+0000][1628.896s][info][gc,heap     ] GC(244) Archive regions: 2->2
[2024-05-30T11:01:29.477+0000][1628.896s][info][gc,heap     ] GC(244) Humongous regions: 68->68
[2024-05-30T11:01:29.477+0000][1628.896s][info][gc,metaspace] GC(244) Metaspace: 411478K(417600K)->411478K(417600K) NonClass: 359497K(362944K)->359497K(362944K) Class: 51980K(54656K)->51980K(54656K)
[2024-05-30T11:01:29.477+0000][1628.896s][info][gc          ] GC(244) Pause Young (Normal) (G1 Evacuation Pause) 9632M->4862M(12288M) 57.816ms
[2024-05-30T11:01:29.477+0000][1628.896s][info][gc,cpu      ] GC(244) User=0.35s Sys=0.00s Real=0.06s
[2024-05-30T11:01:36.040+0000][1635.460s][info][gc,start    ] GC(245) Pause Young (Normal) (G1 Evacuation Pause)
[2024-05-30T11:01:36.040+0000][1635.460s][info][gc,task     ] GC(245) Using 6 workers of 6 for evacuation
[2024-05-30T11:01:36.093+0000][1635.512s][info][gc,phases   ] GC(245)   Pre Evacuate Collection Set: 0.2ms
[2024-05-30T11:01:36.093+0000][1635.512s][info][gc,phases   ] GC(245)   Merge Heap Roots: 0.2ms
[2024-05-30T11:01:36.093+0000][1635.512s][info][gc,phases   ] GC(245)   Evacuate Collection Set: 49.7ms
[2024-05-30T11:01:36.093+0000][1635.512s][info][gc,phases   ] GC(245)   Post Evacuate Collection Set: 2.1ms
[2024-05-30T11:01:36.093+0000][1635.512s][info][gc,phases   ] GC(245)   Other: 0.2ms
[2024-05-30T11:01:36.093+0000][1635.512s][info][gc,heap     ] GC(245) Eden regions: 596->0(593)
[2024-05-30T11:01:36.093+0000][1635.512s][info][gc,heap     ] GC(245) Survivor regions: 22->23(78)
[2024-05-30T11:01:36.093+0000][1635.512s][info][gc,heap     ] GC(245) Old regions: 518->519
[2024-05-30T11:01:36.093+0000][1635.512s][info][gc,heap     ] GC(245) Archive regions: 2->2
[2024-05-30T11:01:36.093+0000][1635.512s][info][gc,heap     ] GC(245) Humongous regions: 68->68
[2024-05-30T11:01:36.093+0000][1635.512s][info][gc,metaspace] GC(245) Metaspace: 411478K(417600K)->411478K(417600K) NonClass: 359497K(362944K)->359497K(362944K) Class: 51980K(54656K)->51980K(54656K)
[2024-05-30T11:01:36.093+0000][1635.512s][info][gc          ] GC(245) Pause Young (Normal) (G1 Evacuation Pause) 9630M->4877M(12288M) 52.460ms
[2024-05-30T11:01:36.093+0000][1635.512s][info][gc,cpu      ] GC(245) User=0.30s Sys=0.01s Real=0.05s
[2024-05-30T11:01:42.545+0000][1641.964s][info][gc,start    ] GC(246) Pause Young (Normal) (G1 Evacuation Pause)
[2024-05-30T11:01:42.545+0000][1641.964s][info][gc,task     ] GC(246) Using 6 workers of 6 for evacuation
[2024-05-30T11:01:42.601+0000][1642.020s][info][gc,phases   ] GC(246)   Pre Evacuate Collection Set: 0.2ms
[2024-05-30T11:01:42.601+0000][1642.020s][info][gc,phases   ] GC(246)   Merge Heap Roots: 0.2ms
[2024-05-30T11:01:42.601+0000][1642.020s][info][gc,phases   ] GC(246)   Evacuate Collection Set: 53.2ms
[2024-05-30T11:01:42.601+0000][1642.020s][info][gc,phases   ] GC(246)   Post Evacuate Collection Set: 2.2ms
[2024-05-30T11:01:42.601+0000][1642.020s][info][gc,phases   ] GC(246)   Other: 0.2ms
[2024-05-30T11:01:42.601+0000][1642.020s][info][gc,heap     ] GC(246) Eden regions: 593->0(596)
[2024-05-30T11:01:42.601+0000][1642.020s][info][gc,heap     ] GC(246) Survivor regions: 23->21(77)
[2024-05-30T11:01:42.601+0000][1642.020s][info][gc,heap     ] GC(246) Old regions: 519->520
[2024-05-30T11:01:42.601+0000][1642.020s][info][gc,heap     ] GC(246) Archive regions: 2->2
[2024-05-30T11:01:42.601+0000][1642.020s][info][gc,heap     ] GC(246) Humongous regions: 68->68
[2024-05-30T11:01:42.601+0000][1642.020s][info][gc,metaspace] GC(246) Metaspace: 411481K(417600K)->411481K(417600K) NonClass: 359500K(362944K)->359500K(362944K) Class: 51980K(54656K)->51980K(54656K)
[2024-05-30T11:01:42.601+0000][1642.020s][info][gc          ] GC(246) Pause Young (Normal) (G1 Evacuation Pause) 9621M->4867M(12288M) 56.048ms
[2024-05-30T11:01:42.601+0000][1642.020s][info][gc,cpu      ] GC(246) User=0.33s Sys=0.00s Real=0.06s
[2024-05-30T11:01:49.248+0000][1648.668s][info][gc,start    ] GC(247) Pause Young (Normal) (G1 Evacuation Pause)
[2024-05-30T11:01:49.248+0000][1648.668s][info][gc,task     ] GC(247) Using 6 workers of 6 for evacuation
[2024-05-30T11:01:49.313+0000][1648.732s][info][gc,phases   ] GC(247)   Pre Evacuate Collection Set: 0.2ms
[2024-05-30T11:01:49.313+0000][1648.732s][info][gc,phases   ] GC(247)   Merge Heap Roots: 0.2ms
[2024-05-30T11:01:49.313+0000][1648.732s][info][gc,phases   ] GC(247)   Evacuate Collection Set: 61.8ms
[2024-05-30T11:01:49.313+0000][1648.732s][info][gc,phases   ] GC(247)   Post Evacuate Collection Set: 2.1ms
[2024-05-30T11:01:49.313+0000][1648.732s][info][gc,phases   ] GC(247)   Other: 0.3ms
[2024-05-30T11:01:49.313+0000][1648.732s][info][gc,heap     ] GC(247) Eden regions: 596->0(593)
[2024-05-30T11:01:49.313+0000][1648.732s][info][gc,heap     ] GC(247) Survivor regions: 21->22(78)
[2024-05-30T11:01:49.313+0000][1648.732s][info][gc,heap     ] GC(247) Old regions: 520->521
[2024-05-30T11:01:49.313+0000][1648.732s][info][gc,heap     ] GC(247) Archive regions: 2->2
[2024-05-30T11:01:49.313+0000][1648.732s][info][gc,heap     ] GC(247) Humongous regions: 68->68
[2024-05-30T11:01:49.313+0000][1648.732s][info][gc,metaspace] GC(247) Metaspace: 411484K(417600K)->411484K(417600K) NonClass: 359503K(362944K)->359503K(362944K) Class: 51980K(54656K)->51980K(54656K)
[2024-05-30T11:01:49.313+0000][1648.732s][info][gc          ] GC(247) Pause Young (Normal) (G1 Evacuation Pause) 9635M->4886M(12288M) 64.636ms
[2024-05-30T11:01:49.313+0000][1648.732s][info][gc,cpu      ] GC(247) User=0.37s Sys=0.02s Real=0.06s
[2024-05-30T11:01:55.892+0000][1655.311s][info][gc,start    ] GC(248) Pause Young (Normal) (G1 Evacuation Pause)
[2024-05-30T11:01:55.892+0000][1655.311s][info][gc,task     ] GC(248) Using 6 workers of 6 for evacuation
[2024-05-30T11:01:55.943+0000][1655.362s][info][gc,phases   ] GC(248)   Pre Evacuate Collection Set: 0.2ms
[2024-05-30T11:01:55.943+0000][1655.362s][info][gc,phases   ] GC(248)   Merge Heap Roots: 0.2ms
[2024-05-30T11:01:55.943+0000][1655.362s][info][gc,phases   ] GC(248)   Evacuate Collection Set: 48.0ms
[2024-05-30T11:01:55.943+0000][1655.362s][info][gc,phases   ] GC(248)   Post Evacuate Collection Set: 2.2ms
[2024-05-30T11:01:55.943+0000][1655.362s][info][gc,phases   ] GC(248)   Other: 0.3ms
[2024-05-30T11:01:55.943+0000][1655.362s][info][gc,heap     ] GC(248) Eden regions: 593->0(591)
[2024-05-30T11:01:55.943+0000][1655.362s][info][gc,heap     ] GC(248) Survivor regions: 22->23(77)
[2024-05-30T11:01:55.943+0000][1655.362s][info][gc,heap     ] GC(248) Old regions: 521->521
[2024-05-30T11:01:55.943+0000][1655.362s][info][gc,heap     ] GC(248) Archive regions: 2->2
[2024-05-30T11:01:55.943+0000][1655.362s][info][gc,heap     ] GC(248) Humongous regions: 68->68
[2024-05-30T11:01:55.943+0000][1655.362s][info][gc,metaspace] GC(248) Metaspace: 411485K(417600K)->411485K(417600K) NonClass: 359504K(362944K)->359504K(362944K) Class: 51980K(54656K)->51980K(54656K)
[2024-05-30T11:01:55.943+0000][1655.362s][info][gc          ] GC(248) Pause Young (Normal) (G1 Evacuation Pause) 9630M->4893M(12288M) 50.903ms
[2024-05-30T11:01:55.943+0000][1655.362s][info][gc,cpu      ] GC(248) User=0.30s Sys=0.00s Real=0.05s
[2024-05-30T11:02:02.187+0000][1661.606s][info][gc,start    ] GC(249) Pause Young (Normal) (G1 Evacuation Pause)
[2024-05-30T11:02:02.187+0000][1661.606s][info][gc,task     ] GC(249) Using 6 workers of 6 for evacuation
[2024-05-30T11:02:02.240+0000][1661.659s][info][gc,phases   ] GC(249)   Pre Evacuate Collection Set: 0.2ms
[2024-05-30T11:02:02.240+0000][1661.659s][info][gc,phases   ] GC(249)   Merge Heap Roots: 0.2ms
[2024-05-30T11:02:02.240+0000][1661.659s][info][gc,phases   ] GC(249)   Evacuate Collection Set: 50.3ms
[2024-05-30T11:02:02.240+0000][1661.659s][info][gc,phases   ] GC(249)   Post Evacuate Collection Set: 2.2ms
[2024-05-30T11:02:02.240+0000][1661.659s][info][gc,phases   ] GC(249)   Other: 0.2ms
[2024-05-30T11:02:02.240+0000][1661.659s][info][gc,heap     ] GC(249) Eden regions: 591->0(598)
[2024-05-30T11:02:02.240+0000][1661.659s][info][gc,heap     ] GC(249) Survivor regions: 23->19(77)
[2024-05-30T11:02:02.240+0000][1661.659s][info][gc,heap     ] GC(249) Old regions: 521->522
[2024-05-30T11:02:02.240+0000][1661.659s][info][gc,heap     ] GC(249) Archive regions: 2->2
[2024-05-30T11:02:02.240+0000][1661.659s][info][gc,heap     ] GC(249) Humongous regions: 68->68
[2024-05-30T11:02:02.240+0000][1661.659s][info][gc,metaspace] GC(249) Metaspace: 411497K(417600K)->411497K(417600K) NonClass: 359516K(362944K)->359516K(362944K) Class: 51980K(54656K)->51980K(54656K)
[2024-05-30T11:02:02.240+0000][1661.659s][info][gc          ] GC(249) Pause Young (Normal) (G1 Evacuation Pause) 9621M->4869M(12288M) 53.188ms
[2024-05-30T11:02:02.240+0000][1661.660s][info][gc,cpu      ] GC(249) User=0.31s Sys=0.00s Real=0.06s
[2024-05-30T11:02:08.871+0000][1668.291s][info][gc,start    ] GC(250) Pause Young (Normal) (G1 Evacuation Pause)
[2024-05-30T11:02:08.872+0000][1668.291s][info][gc,task     ] GC(250) Using 6 workers of 6 for evacuation
[2024-05-30T11:02:08.928+0000][1668.348s][info][gc,phases   ] GC(250)   Pre Evacuate Collection Set: 0.2ms
[2024-05-30T11:02:08.928+0000][1668.348s][info][gc,phases   ] GC(250)   Merge Heap Roots: 0.2ms
[2024-05-30T11:02:08.929+0000][1668.348s][info][gc,phases   ] GC(250)   Evacuate Collection Set: 54.0ms
[2024-05-30T11:02:08.929+0000][1668.348s][info][gc,phases   ] GC(250)   Post Evacuate Collection Set: 2.4ms
[2024-05-30T11:02:08.929+0000][1668.348s][info][gc,phases   ] GC(250)   Other: 0.2ms
[2024-05-30T11:02:08.929+0000][1668.348s][info][gc,heap     ] GC(250) Eden regions: 598->0(594)
[2024-05-30T11:02:08.929+0000][1668.348s][info][gc,heap     ] GC(250) Survivor regions: 19->21(78)
[2024-05-30T11:02:08.929+0000][1668.348s][info][gc,heap     ] GC(250) Old regions: 522->522
[2024-05-30T11:02:08.929+0000][1668.348s][info][gc,heap     ] GC(250) Archive regions: 2->2
[2024-05-30T11:02:08.929+0000][1668.348s][info][gc,heap     ] GC(250) Humongous regions: 68->68
[2024-05-30T11:02:08.929+0000][1668.348s][info][gc,metaspace] GC(250) Metaspace: 411497K(417600K)->411497K(417600K) NonClass: 359516K(362944K)->359516K(362944K) Class: 51980K(54656K)->51980K(54656K)
[2024-05-30T11:02:08.929+0000][1668.348s][info][gc          ] GC(250) Pause Young (Normal) (G1 Evacuation Pause) 9653M->4887M(12288M) 57.100ms
[2024-05-30T11:02:08.929+0000][1668.348s][info][gc,cpu      ] GC(250) User=0.33s Sys=0.00s Real=0.06s
[2024-05-30T11:02:15.548+0000][1674.968s][info][gc,start    ] GC(251) Pause Young (Normal) (G1 Evacuation Pause)
[2024-05-30T11:02:15.549+0000][1674.968s][info][gc,task     ] GC(251) Using 6 workers of 6 for evacuation
[2024-05-30T11:02:15.605+0000][1675.025s][info][gc,phases   ] GC(251)   Pre Evacuate Collection Set: 0.2ms
[2024-05-30T11:02:15.606+0000][1675.025s][info][gc,phases   ] GC(251)   Merge Heap Roots: 0.2ms
[2024-05-30T11:02:15.606+0000][1675.025s][info][gc,phases   ] GC(251)   Evacuate Collection Set: 54.3ms
[2024-05-30T11:02:15.606+0000][1675.025s][info][gc,phases   ] GC(251)   Post Evacuate Collection Set: 2.1ms
[2024-05-30T11:02:15.606+0000][1675.025s][info][gc,phases   ] GC(251)   Other: 0.2ms
[2024-05-30T11:02:15.606+0000][1675.025s][info][gc,heap     ] GC(251) Eden regions: 594->0(593)
[2024-05-30T11:02:15.606+0000][1675.025s][info][gc,heap     ] GC(251) Survivor regions: 21->21(77)
[2024-05-30T11:02:15.606+0000][1675.025s][info][gc,heap     ] GC(251) Old regions: 522->523
[2024-05-30T11:02:15.606+0000][1675.025s][info][gc,heap     ] GC(251) Archive regions: 2->2
[2024-05-30T11:02:15.606+0000][1675.025s][info][gc,heap     ] GC(251) Humongous regions: 68->68
[2024-05-30T11:02:15.606+0000][1675.025s][info][gc,metaspace] GC(251) Metaspace: 411497K(417600K)->411497K(417600K) NonClass: 359516K(362944K)->359516K(362944K) Class: 51980K(54656K)->51980K(54656K)
[2024-05-30T11:02:15.606+0000][1675.025s][info][gc          ] GC(251) Pause Young (Normal) (G1 Evacuation Pause) 9639M->4896M(12288M) 57.130ms
[2024-05-30T11:02:15.606+0000][1675.025s][info][gc,cpu      ] GC(251) User=0.33s Sys=0.00s Real=0.05s
[2024-05-30T11:02:22.198+0000][1681.617s][info][gc,start    ] GC(252) Pause Young (Normal) (G1 Evacuation Pause)
[2024-05-30T11:02:22.198+0000][1681.617s][info][gc,task     ] GC(252) Using 6 workers of 6 for evacuation
[2024-05-30T11:02:22.259+0000][1681.678s][info][gc,phases   ] GC(252)   Pre Evacuate Collection Set: 0.2ms
[2024-05-30T11:02:22.259+0000][1681.678s][info][gc,phases   ] GC(252)   Merge Heap Roots: 0.2ms
[2024-05-30T11:02:22.259+0000][1681.678s][info][gc,phases   ] GC(252)   Evacuate Collection Set: 57.8ms
[2024-05-30T11:02:22.259+0000][1681.678s][info][gc,phases   ] GC(252)   Post Evacuate Collection Set: 2.5ms
[2024-05-30T11:02:22.259+0000][1681.678s][info][gc,phases   ] GC(252)   Other: 0.2ms
[2024-05-30T11:02:22.259+0000][1681.678s][info][gc,heap     ] GC(252) Eden regions: 593->0(588)
[2024-05-30T11:02:22.259+0000][1681.678s][info][gc,heap     ] GC(252) Survivor regions: 21->23(77)
[2024-05-30T11:02:22.259+0000][1681.678s][info][gc,heap     ] GC(252) Old regions: 523->524
[2024-05-30T11:02:22.259+0000][1681.678s][info][gc,heap     ] GC(252) Archive regions: 2->2
[2024-05-30T11:02:22.259+0000][1681.678s][info][gc,heap     ] GC(252) Humongous regions: 68->68
[2024-05-30T11:02:22.259+0000][1681.678s][info][gc,metaspace] GC(252) Metaspace: 411497K(417600K)->411497K(417600K) NonClass: 359516K(362944K)->359516K(362944K) Class: 51980K(54656K)->51980K(54656K)
[2024-05-30T11:02:22.259+0000][1681.678s][info][gc          ] GC(252) Pause Young (Normal) (G1 Evacuation Pause) 9640M->4917M(12288M) 60.970ms
[2024-05-30T11:02:22.259+0000][1681.678s][info][gc,cpu      ] GC(252) User=0.36s Sys=0.00s Real=0.06s
[2024-05-30T11:02:28.072+0000][1687.492s][info][gc,start    ] GC(253) Pause Young (Normal) (G1 Evacuation Pause)
[2024-05-30T11:02:28.073+0000][1687.492s][info][gc,task     ] GC(253) Using 6 workers of 6 for evacuation
[2024-05-30T11:02:28.130+0000][1687.550s][info][gc,phases   ] GC(253)   Pre Evacuate Collection Set: 0.2ms
[2024-05-30T11:02:28.130+0000][1687.550s][info][gc,phases   ] GC(253)   Merge Heap Roots: 0.2ms
[2024-05-30T11:02:28.130+0000][1687.550s][info][gc,phases   ] GC(253)   Evacuate Collection Set: 54.5ms
[2024-05-30T11:02:28.130+0000][1687.550s][info][gc,phases   ] GC(253)   Post Evacuate Collection Set: 2.8ms
[2024-05-30T11:02:28.130+0000][1687.550s][info][gc,phases   ] GC(253)   Other: 0.2ms
[2024-05-30T11:02:28.130+0000][1687.550s][info][gc,heap     ] GC(253) Eden regions: 588->0(592)
[2024-05-30T11:02:28.131+0000][1687.550s][info][gc,heap     ] GC(253) Survivor regions: 23->21(77)
[2024-05-30T11:02:28.131+0000][1687.550s][info][gc,heap     ] GC(253) Old regions: 524->524
[2024-05-30T11:02:28.131+0000][1687.550s][info][gc,heap     ] GC(253) Archive regions: 2->2
[2024-05-30T11:02:28.131+0000][1687.550s][info][gc,heap     ] GC(253) Humongous regions: 68->68
[2024-05-30T11:02:28.131+0000][1687.550s][info][gc,metaspace] GC(253) Metaspace: 411499K(417600K)->411499K(417600K) NonClass: 359518K(362944K)->359518K(362944K) Class: 51980K(54656K)->51980K(54656K)
[2024-05-30T11:02:28.131+0000][1687.550s][info][gc          ] GC(253) Pause Young (Normal) (G1 Evacuation Pause) 9621M->4904M(12288M) 58.055ms
[2024-05-30T11:02:28.131+0000][1687.550s][info][gc,cpu      ] GC(253) User=0.34s Sys=0.00s Real=0.06s
[2024-05-30T11:02:29.883+0000][1689.302s][info][gc,start    ] GC(254) Pause Young (Normal) (G1 Evacuation Pause)
[2024-05-30T11:02:29.883+0000][1689.302s][info][gc,task     ] GC(254) Using 6 workers of 6 for evacuation
[2024-05-30T11:02:29.975+0000][1689.395s][info][gc,phases   ] GC(254)   Pre Evacuate Collection Set: 0.2ms
[2024-05-30T11:02:29.975+0000][1689.395s][info][gc,phases   ] GC(254)   Merge Heap Roots: 0.2ms
[2024-05-30T11:02:29.975+0000][1689.395s][info][gc,phases   ] GC(254)   Evacuate Collection Set: 78.3ms
[2024-05-30T11:02:29.975+0000][1689.395s][info][gc,phases   ] GC(254)   Post Evacuate Collection Set: 13.8ms
[2024-05-30T11:02:29.975+0000][1689.395s][info][gc,phases   ] GC(254)   Other: 0.2ms
[2024-05-30T11:02:29.975+0000][1689.395s][info][gc,heap     ] GC(254) Eden regions: 592->0(583)
[2024-05-30T11:02:29.975+0000][1689.395s][info][gc,heap     ] GC(254) Survivor regions: 21->25(77)
[2024-05-30T11:02:29.975+0000][1689.395s][info][gc,heap     ] GC(254) Old regions: 524->525
[2024-05-30T11:02:29.975+0000][1689.395s][info][gc,heap     ] GC(254) Archive regions: 2->2
[2024-05-30T11:02:29.975+0000][1689.395s][info][gc,heap     ] GC(254) Humongous regions: 68->68
[2024-05-30T11:02:29.975+0000][1689.395s][info][gc,metaspace] GC(254) Metaspace: 411499K(417600K)->411499K(417600K) NonClass: 359518K(362944K)->359518K(362944K) Class: 51980K(54656K)->51980K(54656K)
[2024-05-30T11:02:29.976+0000][1689.395s][info][gc          ] GC(254) Pause Young (Normal) (G1 Evacuation Pause) 9640M->4939M(12288M) 92.804ms
[2024-05-30T11:02:29.976+0000][1689.395s][info][gc,cpu      ] GC(254) User=0.54s Sys=0.01s Real=0.09s
[2024-05-30T11:02:31.793+0000][1691.213s][info][gc,start    ] GC(255) Pause Young (Normal) (G1 Evacuation Pause)
[2024-05-30T11:02:31.793+0000][1691.213s][info][gc,task     ] GC(255) Using 6 workers of 6 for evacuation
[2024-05-30T11:02:31.892+0000][1691.311s][info][gc,phases   ] GC(255)   Pre Evacuate Collection Set: 0.2ms
[2024-05-30T11:02:31.892+0000][1691.311s][info][gc,phases   ] GC(255)   Merge Heap Roots: 0.2ms
[2024-05-30T11:02:31.892+0000][1691.311s][info][gc,phases   ] GC(255)   Evacuate Collection Set: 85.2ms
[2024-05-30T11:02:31.892+0000][1691.311s][info][gc,phases   ] GC(255)   Post Evacuate Collection Set: 13.2ms
[2024-05-30T11:02:31.892+0000][1691.311s][info][gc,phases   ] GC(255)   Other: 0.2ms
[2024-05-30T11:02:31.892+0000][1691.311s][info][gc,heap     ] GC(255) Eden regions: 583->0(578)
[2024-05-30T11:02:31.892+0000][1691.311s][info][gc,heap     ] GC(255) Survivor regions: 25->27(76)
[2024-05-30T11:02:31.892+0000][1691.311s][info][gc,heap     ] GC(255) Old regions: 525->526
[2024-05-30T11:02:31.892+0000][1691.311s][info][gc,heap     ] GC(255) Archive regions: 2->2
[2024-05-30T11:02:31.892+0000][1691.311s][info][gc,heap     ] GC(255) Humongous regions: 68->68
[2024-05-30T11:02:31.892+0000][1691.311s][info][gc,metaspace] GC(255) Metaspace: 411500K(417600K)->411500K(417600K) NonClass: 359519K(362944K)->359519K(362944K) Class: 51980K(54656K)->51980K(54656K)
[2024-05-30T11:02:31.892+0000][1691.312s][info][gc          ] GC(255) Pause Young (Normal) (G1 Evacuation Pause) 9603M->4965M(12288M) 98.960ms
[2024-05-30T11:02:31.892+0000][1691.312s][info][gc,cpu      ] GC(255) User=0.56s Sys=0.02s Real=0.10s
[2024-05-30T11:02:33.521+0000][1692.941s][info][gc,start    ] GC(256) Pause Young (Normal) (G1 Evacuation Pause)
[2024-05-30T11:02:33.521+0000][1692.941s][info][gc,task     ] GC(256) Using 6 workers of 6 for evacuation
[2024-05-30T11:02:33.625+0000][1693.044s][info][gc,phases   ] GC(256)   Pre Evacuate Collection Set: 0.2ms
[2024-05-30T11:02:33.625+0000][1693.044s][info][gc,phases   ] GC(256)   Merge Heap Roots: 0.3ms
[2024-05-30T11:02:33.625+0000][1693.044s][info][gc,phases   ] GC(256)   Evacuate Collection Set: 89.3ms
[2024-05-30T11:02:33.625+0000][1693.044s][info][gc,phases   ] GC(256)   Post Evacuate Collection Set: 13.8ms
[2024-05-30T11:02:33.625+0000][1693.044s][info][gc,phases   ] GC(256)   Other: 0.2ms
[2024-05-30T11:02:33.625+0000][1693.044s][info][gc,heap     ] GC(256) Eden regions: 578->0(574)
[2024-05-30T11:02:33.625+0000][1693.044s][info][gc,heap     ] GC(256) Survivor regions: 27->29(76)
[2024-05-30T11:02:33.625+0000][1693.044s][info][gc,heap     ] GC(256) Old regions: 526->526
[2024-05-30T11:02:33.625+0000][1693.044s][info][gc,heap     ] GC(256) Archive regions: 2->2
[2024-05-30T11:02:33.625+0000][1693.044s][info][gc,heap     ] GC(256) Humongous regions: 68->68
[2024-05-30T11:02:33.625+0000][1693.044s][info][gc,metaspace] GC(256) Metaspace: 411500K(417600K)->411500K(417600K) NonClass: 359519K(362944K)->359519K(362944K) Class: 51980K(54656K)->51980K(54656K)
[2024-05-30T11:02:33.625+0000][1693.044s][info][gc          ] GC(256) Pause Young (Normal) (G1 Evacuation Pause) 9589M->4986M(12288M) 103.831ms
[2024-05-30T11:02:33.625+0000][1693.044s][info][gc,cpu      ] GC(256) User=0.61s Sys=0.00s Real=0.10s
[2024-05-30T11:02:35.469+0000][1694.888s][info][gc,start    ] GC(257) Pause Young (Normal) (G1 Evacuation Pause)
[2024-05-30T11:02:35.469+0000][1694.888s][info][gc,task     ] GC(257) Using 6 workers of 6 for evacuation
[2024-05-30T11:02:35.595+0000][1695.014s][info][gc,phases   ] GC(257)   Pre Evacuate Collection Set: 0.2ms
[2024-05-30T11:02:35.595+0000][1695.014s][info][gc,phases   ] GC(257)   Merge Heap Roots: 0.2ms
[2024-05-30T11:02:35.595+0000][1695.014s][info][gc,phases   ] GC(257)   Evacuate Collection Set: 106.2ms
[2024-05-30T11:02:35.595+0000][1695.014s][info][gc,phases   ] GC(257)   Post Evacuate Collection Set: 18.8ms
[2024-05-30T11:02:35.595+0000][1695.014s][info][gc,phases   ] GC(257)   Other: 0.2ms
[2024-05-30T11:02:35.595+0000][1695.014s][info][gc,heap     ] GC(257) Eden regions: 574->0(569)
[2024-05-30T11:02:35.595+0000][1695.014s][info][gc,heap     ] GC(257) Survivor regions: 29->31(76)
[2024-05-30T11:02:35.595+0000][1695.014s][info][gc,heap     ] GC(257) Old regions: 526->527
[2024-05-30T11:02:35.595+0000][1695.014s][info][gc,heap     ] GC(257) Archive regions: 2->2
[2024-05-30T11:02:35.595+0000][1695.014s][info][gc,heap     ] GC(257) Humongous regions: 68->68
[2024-05-30T11:02:35.595+0000][1695.014s][info][gc,metaspace] GC(257) Metaspace: 411500K(417600K)->411500K(417600K) NonClass: 359519K(362944K)->359519K(362944K) Class: 51980K(54656K)->51980K(54656K)
[2024-05-30T11:02:35.595+0000][1695.014s][info][gc          ] GC(257) Pause Young (Normal) (G1 Evacuation Pause) 9578M->5008M(12288M) 125.647ms
[2024-05-30T11:02:35.595+0000][1695.014s][info][gc,cpu      ] GC(257) User=0.72s Sys=0.02s Real=0.12s
[2024-05-30T11:02:37.272+0000][1696.691s][info][gc,start    ] GC(258) Pause Young (Normal) (G1 Evacuation Pause)
[2024-05-30T11:02:37.272+0000][1696.691s][info][gc,task     ] GC(258) Using 6 workers of 6 for evacuation
[2024-05-30T11:02:37.401+0000][1696.820s][info][gc,phases   ] GC(258)   Pre Evacuate Collection Set: 0.2ms
[2024-05-30T11:02:37.401+0000][1696.820s][info][gc,phases   ] GC(258)   Merge Heap Roots: 0.3ms
[2024-05-30T11:02:37.401+0000][1696.820s][info][gc,phases   ] GC(258)   Evacuate Collection Set: 111.7ms
[2024-05-30T11:02:37.401+0000][1696.820s][info][gc,phases   ] GC(258)   Post Evacuate Collection Set: 16.9ms
[2024-05-30T11:02:37.401+0000][1696.820s][info][gc,phases   ] GC(258)   Other: 0.2ms
[2024-05-30T11:02:37.401+0000][1696.820s][info][gc,heap     ] GC(258) Eden regions: 569->0(566)
[2024-05-30T11:02:37.401+0000][1696.820s][info][gc,heap     ] GC(258) Survivor regions: 31->32(75)
[2024-05-30T11:02:37.401+0000][1696.820s][info][gc,heap     ] GC(258) Old regions: 527->528
[2024-05-30T11:02:37.401+0000][1696.820s][info][gc,heap     ] GC(258) Archive regions: 2->2
[2024-05-30T11:02:37.401+0000][1696.820s][info][gc,heap     ] GC(258) Humongous regions: 68->68
[2024-05-30T11:02:37.401+0000][1696.820s][info][gc,metaspace] GC(258) Metaspace: 411500K(417600K)->411500K(417600K) NonClass: 359519K(362944K)->359519K(362944K) Class: 51980K(54656K)->51980K(54656K)
[2024-05-30T11:02:37.401+0000][1696.820s][info][gc          ] GC(258) Pause Young (Normal) (G1 Evacuation Pause) 9560M->5018M(12288M) 129.340ms
[2024-05-30T11:02:37.401+0000][1696.820s][info][gc,cpu      ] GC(258) User=0.76s Sys=0.00s Real=0.13s
[2024-05-30T11:02:39.121+0000][1698.540s][info][gc,start    ] GC(259) Pause Young (Normal) (G1 Evacuation Pause)
[2024-05-30T11:02:39.121+0000][1698.540s][info][gc,task     ] GC(259) Using 6 workers of 6 for evacuation
[2024-05-30T11:02:39.249+0000][1698.668s][info][gc,phases   ] GC(259)   Pre Evacuate Collection Set: 0.2ms
[2024-05-30T11:02:39.249+0000][1698.668s][info][gc,phases   ] GC(259)   Merge Heap Roots: 0.3ms
[2024-05-30T11:02:39.249+0000][1698.668s][info][gc,phases   ] GC(259)   Evacuate Collection Set: 112.9ms
[2024-05-30T11:02:39.249+0000][1698.668s][info][gc,phases   ] GC(259)   Post Evacuate Collection Set: 15.0ms
[2024-05-30T11:02:39.249+0000][1698.668s][info][gc,phases   ] GC(259)   Other: 0.2ms
[2024-05-30T11:02:39.249+0000][1698.668s][info][gc,heap     ] GC(259) Eden regions: 566->0(562)
[2024-05-30T11:02:39.249+0000][1698.668s][info][gc,heap     ] GC(259) Survivor regions: 32->34(75)
[2024-05-30T11:02:39.249+0000][1698.668s][info][gc,heap     ] GC(259) Old regions: 528->528
[2024-05-30T11:02:39.249+0000][1698.668s][info][gc,heap     ] GC(259) Archive regions: 2->2
[2024-05-30T11:02:39.249+0000][1698.668s][info][gc,heap     ] GC(259) Humongous regions: 68->68
[2024-05-30T11:02:39.249+0000][1698.668s][info][gc,metaspace] GC(259) Metaspace: 411500K(417600K)->411500K(417600K) NonClass: 359519K(362944K)->359519K(362944K) Class: 51980K(54656K)->51980K(54656K)
[2024-05-30T11:02:39.249+0000][1698.668s][info][gc          ] GC(259) Pause Young (Normal) (G1 Evacuation Pause) 9546M->5044M(12288M) 128.522ms
[2024-05-30T11:02:39.249+0000][1698.669s][info][gc,cpu      ] GC(259) User=0.76s Sys=0.00s Real=0.13s
[2024-05-30T11:02:40.788+0000][1700.208s][info][gc,start    ] GC(260) Pause Young (Normal) (G1 Evacuation Pause)
[2024-05-30T11:02:40.788+0000][1700.208s][info][gc,task     ] GC(260) Using 6 workers of 6 for evacuation
[2024-05-30T11:02:40.884+0000][1700.303s][info][gc,phases   ] GC(260)   Pre Evacuate Collection Set: 0.2ms
[2024-05-30T11:02:40.884+0000][1700.303s][info][gc,phases   ] GC(260)   Merge Heap Roots: 0.3ms
[2024-05-30T11:02:40.884+0000][1700.303s][info][gc,phases   ] GC(260)   Evacuate Collection Set: 90.3ms
[2024-05-30T11:02:40.884+0000][1700.303s][info][gc,phases   ] GC(260)   Post Evacuate Collection Set: 4.8ms
[2024-05-30T11:02:40.884+0000][1700.303s][info][gc,phases   ] GC(260)   Other: 0.2ms
[2024-05-30T11:02:40.884+0000][1700.303s][info][gc,heap     ] GC(260) Eden regions: 562->0(563)
[2024-05-30T11:02:40.884+0000][1700.303s][info][gc,heap     ] GC(260) Survivor regions: 34->33(75)
[2024-05-30T11:02:40.884+0000][1700.303s][info][gc,heap     ] GC(260) Old regions: 528->529
[2024-05-30T11:02:40.884+0000][1700.303s][info][gc,heap     ] GC(260) Archive regions: 2->2
[2024-05-30T11:02:40.884+0000][1700.303s][info][gc,heap     ] GC(260) Humongous regions: 68->68
[2024-05-30T11:02:40.884+0000][1700.303s][info][gc,metaspace] GC(260) Metaspace: 411503K(417600K)->411503K(417600K) NonClass: 359522K(362944K)->359522K(362944K) Class: 51980K(54656K)->51980K(54656K)
[2024-05-30T11:02:40.884+0000][1700.303s][info][gc          ] GC(260) Pause Young (Normal) (G1 Evacuation Pause) 9540M->5038M(12288M) 95.912ms
[2024-05-30T11:02:40.884+0000][1700.303s][info][gc,cpu      ] GC(260) User=0.56s Sys=0.00s Real=0.10s
[2024-05-30T11:02:42.530+0000][1701.950s][info][gc,start    ] GC(261) Pause Young (Normal) (G1 Evacuation Pause)
[2024-05-30T11:02:42.530+0000][1701.950s][info][gc,task     ] GC(261) Using 6 workers of 6 for evacuation
[2024-05-30T11:02:42.654+0000][1702.073s][info][gc,phases   ] GC(261)   Pre Evacuate Collection Set: 0.2ms
[2024-05-30T11:02:42.654+0000][1702.073s][info][gc,phases   ] GC(261)   Merge Heap Roots: 0.3ms
[2024-05-30T11:02:42.654+0000][1702.073s][info][gc,phases   ] GC(261)   Evacuate Collection Set: 111.2ms
[2024-05-30T11:02:42.654+0000][1702.073s][info][gc,phases   ] GC(261)   Post Evacuate Collection Set: 11.5ms
[2024-05-30T11:02:42.654+0000][1702.073s][info][gc,phases   ] GC(261)   Other: 0.2ms
[2024-05-30T11:02:42.654+0000][1702.073s][info][gc,heap     ] GC(261) Eden regions: 563->0(560)
[2024-05-30T11:02:42.654+0000][1702.073s][info][gc,heap     ] GC(261) Survivor regions: 33->34(75)
[2024-05-30T11:02:42.654+0000][1702.073s][info][gc,heap     ] GC(261) Old regions: 529->530
[2024-05-30T11:02:42.654+0000][1702.073s][info][gc,heap     ] GC(261) Archive regions: 2->2
[2024-05-30T11:02:42.654+0000][1702.073s][info][gc,heap     ] GC(261) Humongous regions: 68->68
[2024-05-30T11:02:42.654+0000][1702.073s][info][gc,metaspace] GC(261) Metaspace: 411503K(417600K)->411503K(417600K) NonClass: 359522K(362944K)->359522K(362944K) Class: 51980K(54656K)->51980K(54656K)
[2024-05-30T11:02:42.654+0000][1702.073s][info][gc          ] GC(261) Pause Young (Normal) (G1 Evacuation Pause) 9542M->5056M(12288M) 123.446ms
[2024-05-30T11:02:42.654+0000][1702.073s][info][gc,cpu      ] GC(261) User=0.73s Sys=0.00s Real=0.12s
[2024-05-30T11:02:44.127+0000][1703.546s][info][gc,start    ] GC(262) Pause Young (Normal) (G1 Evacuation Pause)
[2024-05-30T11:02:44.127+0000][1703.546s][info][gc,task     ] GC(262) Using 6 workers of 6 for evacuation
[2024-05-30T11:02:44.238+0000][1703.657s][info][gc,phases   ] GC(262)   Pre Evacuate Collection Set: 0.2ms
[2024-05-30T11:02:44.238+0000][1703.657s][info][gc,phases   ] GC(262)   Merge Heap Roots: 0.3ms
[2024-05-30T11:02:44.238+0000][1703.657s][info][gc,phases   ] GC(262)   Evacuate Collection Set: 103.9ms
[2024-05-30T11:02:44.238+0000][1703.657s][info][gc,phases   ] GC(262)   Post Evacuate Collection Set: 6.5ms
[2024-05-30T11:02:44.238+0000][1703.658s][info][gc,phases   ] GC(262)   Other: 0.2ms
[2024-05-30T11:02:44.238+0000][1703.658s][info][gc,heap     ] GC(262) Eden regions: 560->0(557)
[2024-05-30T11:02:44.238+0000][1703.658s][info][gc,heap     ] GC(262) Survivor regions: 34->35(75)
[2024-05-30T11:02:44.238+0000][1703.658s][info][gc,heap     ] GC(262) Old regions: 530->531
[2024-05-30T11:02:44.238+0000][1703.658s][info][gc,heap     ] GC(262) Archive regions: 2->2
[2024-05-30T11:02:44.238+0000][1703.658s][info][gc,heap     ] GC(262) Humongous regions: 68->68
[2024-05-30T11:02:44.238+0000][1703.658s][info][gc,metaspace] GC(262) Metaspace: 411503K(417600K)->411503K(417600K) NonClass: 359522K(362944K)->359522K(362944K) Class: 51980K(54656K)->51980K(54656K)
[2024-05-30T11:02:44.238+0000][1703.658s][info][gc          ] GC(262) Pause Young (Normal) (G1 Evacuation Pause) 9536M->5071M(12288M) 111.189ms
[2024-05-30T11:02:44.238+0000][1703.658s][info][gc,cpu      ] GC(262) User=0.65s Sys=0.00s Real=0.12s
[2024-05-30T11:02:45.933+0000][1705.352s][info][gc,start    ] GC(263) Pause Young (Normal) (G1 Evacuation Pause)
[2024-05-30T11:02:45.933+0000][1705.352s][info][gc,task     ] GC(263) Using 6 workers of 6 for evacuation
[2024-05-30T11:02:46.075+0000][1705.494s][info][gc,phases   ] GC(263)   Pre Evacuate Collection Set: 0.2ms
[2024-05-30T11:02:46.075+0000][1705.494s][info][gc,phases   ] GC(263)   Merge Heap Roots: 0.3ms
[2024-05-30T11:02:46.075+0000][1705.494s][info][gc,phases   ] GC(263)   Evacuate Collection Set: 125.7ms
[2024-05-30T11:02:46.075+0000][1705.494s][info][gc,phases   ] GC(263)   Post Evacuate Collection Set: 16.0ms
[2024-05-30T11:02:46.075+0000][1705.494s][info][gc,phases   ] GC(263)   Other: 0.2ms
[2024-05-30T11:02:46.075+0000][1705.494s][info][gc,heap     ] GC(263) Eden regions: 557->0(554)
[2024-05-30T11:02:46.075+0000][1705.494s][info][gc,heap     ] GC(263) Survivor regions: 35->36(74)
[2024-05-30T11:02:46.075+0000][1705.494s][info][gc,heap     ] GC(263) Old regions: 531->532
[2024-05-30T11:02:46.075+0000][1705.494s][info][gc,heap     ] GC(263) Archive regions: 2->2
[2024-05-30T11:02:46.075+0000][1705.494s][info][gc,heap     ] GC(263) Humongous regions: 68->68
[2024-05-30T11:02:46.075+0000][1705.494s][info][gc,metaspace] GC(263) Metaspace: 411503K(417600K)->411503K(417600K) NonClass: 359522K(362944K)->359522K(362944K) Class: 51980K(54656K)->51980K(54656K)
[2024-05-30T11:02:46.075+0000][1705.494s][info][gc          ] GC(263) Pause Young (Normal) (G1 Evacuation Pause) 9527M->5087M(12288M) 142.427ms
[2024-05-30T11:02:46.075+0000][1705.494s][info][gc,cpu      ] GC(263) User=0.84s Sys=0.01s Real=0.14s
[2024-05-30T11:02:48.864+0000][1708.283s][info][gc,start    ] GC(264) Pause Young (Normal) (G1 Evacuation Pause)
[2024-05-30T11:02:48.864+0000][1708.283s][info][gc,task     ] GC(264) Using 6 workers of 6 for evacuation
[2024-05-30T11:02:48.989+0000][1708.408s][info][gc,phases   ] GC(264)   Pre Evacuate Collection Set: 0.2ms
[2024-05-30T11:02:48.989+0000][1708.408s][info][gc,phases   ] GC(264)   Merge Heap Roots: 0.4ms
[2024-05-30T11:02:48.989+0000][1708.408s][info][gc,phases   ] GC(264)   Evacuate Collection Set: 113.1ms
[2024-05-30T11:02:48.989+0000][1708.408s][info][gc,phases   ] GC(264)   Post Evacuate Collection Set: 11.6ms
[2024-05-30T11:02:48.989+0000][1708.408s][info][gc,phases   ] GC(264)   Other: 0.2ms
[2024-05-30T11:02:48.989+0000][1708.408s][info][gc,heap     ] GC(264) Eden regions: 554->0(556)
[2024-05-30T11:02:48.989+0000][1708.408s][info][gc,heap     ] GC(264) Survivor regions: 36->34(74)
[2024-05-30T11:02:48.989+0000][1708.408s][info][gc,heap     ] GC(264) Old regions: 532->534
[2024-05-30T11:02:48.989+0000][1708.408s][info][gc,heap     ] GC(264) Archive regions: 2->2
[2024-05-30T11:02:48.989+0000][1708.408s][info][gc,heap     ] GC(264) Humongous regions: 68->68
[2024-05-30T11:02:48.989+0000][1708.409s][info][gc,metaspace] GC(264) Metaspace: 411503K(417600K)->411503K(417600K) NonClass: 359523K(362944K)->359523K(362944K) Class: 51980K(54656K)->51980K(54656K)
[2024-05-30T11:02:48.989+0000][1708.409s][info][gc          ] GC(264) Pause Young (Normal) (G1 Evacuation Pause) 9519M->5087M(12288M) 125.521ms
[2024-05-30T11:02:48.989+0000][1708.409s][info][gc,cpu      ] GC(264) User=0.74s Sys=0.00s Real=0.13s
[2024-05-30T11:02:54.896+0000][1714.315s][info][gc,start    ] GC(265) Pause Young (Normal) (G1 Evacuation Pause)
[2024-05-30T11:02:54.896+0000][1714.315s][info][gc,task     ] GC(265) Using 6 workers of 6 for evacuation
[2024-05-30T11:02:54.993+0000][1714.413s][info][gc,phases   ] GC(265)   Pre Evacuate Collection Set: 0.2ms
[2024-05-30T11:02:54.993+0000][1714.413s][info][gc,phases   ] GC(265)   Merge Heap Roots: 0.3ms
[2024-05-30T11:02:54.993+0000][1714.413s][info][gc,phases   ] GC(265)   Evacuate Collection Set: 94.6ms
[2024-05-30T11:02:54.993+0000][1714.413s][info][gc,phases   ] GC(265)   Post Evacuate Collection Set: 2.4ms
[2024-05-30T11:02:54.994+0000][1714.413s][info][gc,phases   ] GC(265)   Other: 0.2ms
[2024-05-30T11:02:54.994+0000][1714.413s][info][gc,heap     ] GC(265) Eden regions: 556->0(559)
[2024-05-30T11:02:54.994+0000][1714.413s][info][gc,heap     ] GC(265) Survivor regions: 34->32(74)
[2024-05-30T11:02:54.994+0000][1714.413s][info][gc,heap     ] GC(265) Old regions: 534->535
[2024-05-30T11:02:54.994+0000][1714.413s][info][gc,heap     ] GC(265) Archive regions: 2->2
[2024-05-30T11:02:54.994+0000][1714.413s][info][gc,heap     ] GC(265) Humongous regions: 68->68
[2024-05-30T11:02:54.994+0000][1714.413s][info][gc,metaspace] GC(265) Metaspace: 411507K(417600K)->411507K(417600K) NonClass: 359526K(362944K)->359526K(362944K) Class: 51980K(54656K)->51980K(54656K)
[2024-05-30T11:02:54.994+0000][1714.413s][info][gc          ] GC(265) Pause Young (Normal) (G1 Evacuation Pause) 9535M->5076M(12288M) 97.798ms
[2024-05-30T11:02:54.994+0000][1714.413s][info][gc,cpu      ] GC(265) User=0.58s Sys=0.00s Real=0.10s
[2024-05-30T11:03:01.225+0000][1720.644s][info][gc,start    ] GC(266) Pause Young (Normal) (G1 Evacuation Pause)
[2024-05-30T11:03:01.225+0000][1720.644s][info][gc,task     ] GC(266) Using 6 workers of 6 for evacuation
[2024-05-30T11:03:01.325+0000][1720.744s][info][gc,phases   ] GC(266)   Pre Evacuate Collection Set: 0.2ms
[2024-05-30T11:03:01.325+0000][1720.744s][info][gc,phases   ] GC(266)   Merge Heap Roots: 0.3ms
[2024-05-30T11:03:01.325+0000][1720.744s][info][gc,phases   ] GC(266)   Evacuate Collection Set: 96.6ms
[2024-05-30T11:03:01.325+0000][1720.744s][info][gc,phases   ] GC(266)   Post Evacuate Collection Set: 2.2ms
[2024-05-30T11:03:01.325+0000][1720.744s][info][gc,phases   ] GC(266)   Other: 0.2ms
[2024-05-30T11:03:01.325+0000][1720.744s][info][gc,heap     ] GC(266) Eden regions: 559->0(558)
[2024-05-30T11:03:01.325+0000][1720.744s][info][gc,heap     ] GC(266) Survivor regions: 32->32(74)
[2024-05-30T11:03:01.325+0000][1720.744s][info][gc,heap     ] GC(266) Old regions: 535->536
[2024-05-30T11:03:01.325+0000][1720.744s][info][gc,heap     ] GC(266) Archive regions: 2->2
[2024-05-30T11:03:01.325+0000][1720.744s][info][gc,heap     ] GC(266) Humongous regions: 68->68
[2024-05-30T11:03:01.325+0000][1720.744s][info][gc,metaspace] GC(266) Metaspace: 411510K(417600K)->411510K(417600K) NonClass: 359528K(362944K)->359528K(362944K) Class: 51981K(54656K)->51981K(54656K)
[2024-05-30T11:03:01.325+0000][1720.744s][info][gc          ] GC(266) Pause Young (Normal) (G1 Evacuation Pause) 9548M->5085M(12288M) 99.549ms
[2024-05-30T11:03:01.325+0000][1720.744s][info][gc,cpu      ] GC(266) User=0.60s Sys=0.00s Real=0.10s
[2024-05-30T11:03:07.542+0000][1726.962s][info][gc,start    ] GC(267) Pause Young (Normal) (G1 Evacuation Pause)
[2024-05-30T11:03:07.543+0000][1726.962s][info][gc,task     ] GC(267) Using 6 workers of 6 for evacuation
[2024-05-30T11:03:07.642+0000][1727.062s][info][gc,phases   ] GC(267)   Pre Evacuate Collection Set: 0.2ms
[2024-05-30T11:03:07.642+0000][1727.062s][info][gc,phases   ] GC(267)   Merge Heap Roots: 0.3ms
[2024-05-30T11:03:07.642+0000][1727.062s][info][gc,phases   ] GC(267)   Evacuate Collection Set: 96.9ms
[2024-05-30T11:03:07.642+0000][1727.062s][info][gc,phases   ] GC(267)   Post Evacuate Collection Set: 2.4ms
[2024-05-30T11:03:07.643+0000][1727.062s][info][gc,phases   ] GC(267)   Other: 0.2ms
[2024-05-30T11:03:07.643+0000][1727.062s][info][gc,heap     ] GC(267) Eden regions: 558->0(557)
[2024-05-30T11:03:07.643+0000][1727.062s][info][gc,heap     ] GC(267) Survivor regions: 32->32(74)
[2024-05-30T11:03:07.643+0000][1727.062s][info][gc,heap     ] GC(267) Old regions: 536->537
[2024-05-30T11:03:07.643+0000][1727.062s][info][gc,heap     ] GC(267) Archive regions: 2->2
[2024-05-30T11:03:07.643+0000][1727.062s][info][gc,heap     ] GC(267) Humongous regions: 68->68
[2024-05-30T11:03:07.643+0000][1727.062s][info][gc,metaspace] GC(267) Metaspace: 411510K(417600K)->411510K(417600K) NonClass: 359528K(362944K)->359528K(362944K) Class: 51981K(54656K)->51981K(54656K)
[2024-05-30T11:03:07.643+0000][1727.062s][info][gc          ] GC(267) Pause Young (Normal) (G1 Evacuation Pause) 9549M->5094M(12288M) 100.090ms
[2024-05-30T11:03:07.643+0000][1727.062s][info][gc,cpu      ] GC(267) User=0.59s Sys=0.01s Real=0.10s
[2024-05-30T11:03:13.921+0000][1733.340s][info][gc,start    ] GC(268) Pause Young (Normal) (G1 Evacuation Pause)
[2024-05-30T11:03:13.921+0000][1733.340s][info][gc,task     ] GC(268) Using 6 workers of 6 for evacuation
[2024-05-30T11:03:14.024+0000][1733.443s][info][gc,phases   ] GC(268)   Pre Evacuate Collection Set: 0.2ms
[2024-05-30T11:03:14.024+0000][1733.443s][info][gc,phases   ] GC(268)   Merge Heap Roots: 0.3ms
[2024-05-30T11:03:14.024+0000][1733.443s][info][gc,phases   ] GC(268)   Evacuate Collection Set: 100.5ms
[2024-05-30T11:03:14.024+0000][1733.443s][info][gc,phases   ] GC(268)   Post Evacuate Collection Set: 2.1ms
[2024-05-30T11:03:14.024+0000][1733.443s][info][gc,phases   ] GC(268)   Other: 0.2ms
[2024-05-30T11:03:14.024+0000][1733.443s][info][gc,heap     ] GC(268) Eden regions: 557->0(552)
[2024-05-30T11:03:14.024+0000][1733.443s][info][gc,heap     ] GC(268) Survivor regions: 32->34(74)
[2024-05-30T11:03:14.024+0000][1733.443s][info][gc,heap     ] GC(268) Old regions: 537->538
[2024-05-30T11:03:14.024+0000][1733.443s][info][gc,heap     ] GC(268) Archive regions: 2->2
[2024-05-30T11:03:14.024+0000][1733.443s][info][gc,heap     ] GC(268) Humongous regions: 68->68
[2024-05-30T11:03:14.024+0000][1733.443s][info][gc,metaspace] GC(268) Metaspace: 411511K(417600K)->411511K(417600K) NonClass: 359530K(362944K)->359530K(362944K) Class: 51981K(54656K)->51981K(54656K)
[2024-05-30T11:03:14.024+0000][1733.443s][info][gc          ] GC(268) Pause Young (Normal) (G1 Evacuation Pause) 9550M->5120M(12288M) 103.396ms
[2024-05-30T11:03:14.024+0000][1733.443s][info][gc,cpu      ] GC(268) User=0.60s Sys=0.02s Real=0.10s
[2024-05-30T11:03:20.310+0000][1739.729s][info][gc,start    ] GC(269) Pause Young (Normal) (G1 Evacuation Pause)
[2024-05-30T11:03:20.310+0000][1739.729s][info][gc,task     ] GC(269) Using 6 workers of 6 for evacuation
[2024-05-30T11:03:20.411+0000][1739.831s][info][gc,phases   ] GC(269)   Pre Evacuate Collection Set: 0.2ms
[2024-05-30T11:03:20.411+0000][1739.831s][info][gc,phases   ] GC(269)   Merge Heap Roots: 0.3ms
[2024-05-30T11:03:20.411+0000][1739.831s][info][gc,phases   ] GC(269)   Evacuate Collection Set: 98.7ms
[2024-05-30T11:03:20.411+0000][1739.831s][info][gc,phases   ] GC(269)   Post Evacuate Collection Set: 2.1ms
[2024-05-30T11:03:20.411+0000][1739.831s][info][gc,phases   ] GC(269)   Other: 0.2ms
[2024-05-30T11:03:20.411+0000][1739.831s][info][gc,heap     ] GC(269) Eden regions: 552->0(553)
[2024-05-30T11:03:20.411+0000][1739.831s][info][gc,heap     ] GC(269) Survivor regions: 34->32(74)
[2024-05-30T11:03:20.411+0000][1739.831s][info][gc,heap     ] GC(269) Old regions: 538->541
[2024-05-30T11:03:20.411+0000][1739.831s][info][gc,heap     ] GC(269) Archive regions: 2->2
[2024-05-30T11:03:20.411+0000][1739.831s][info][gc,heap     ] GC(269) Humongous regions: 68->68
[2024-05-30T11:03:20.411+0000][1739.831s][info][gc,metaspace] GC(269) Metaspace: 411511K(417600K)->411511K(417600K) NonClass: 359530K(362944K)->359530K(362944K) Class: 51981K(54656K)->51981K(54656K)
[2024-05-30T11:03:20.411+0000][1739.831s][info][gc          ] GC(269) Pause Young (Normal) (G1 Evacuation Pause) 9536M->5132M(12288M) 101.583ms
[2024-05-30T11:03:20.411+0000][1739.831s][info][gc,cpu      ] GC(269) User=0.60s Sys=0.01s Real=0.10s
[2024-05-30T11:03:26.718+0000][1746.137s][info][gc,start    ] GC(270) Pause Young (Normal) (G1 Evacuation Pause)
[2024-05-30T11:03:26.718+0000][1746.137s][info][gc,task     ] GC(270) Using 6 workers of 6 for evacuation
[2024-05-30T11:03:26.814+0000][1746.234s][info][gc,phases   ] GC(270)   Pre Evacuate Collection Set: 0.2ms
[2024-05-30T11:03:26.814+0000][1746.234s][info][gc,phases   ] GC(270)   Merge Heap Roots: 0.3ms
[2024-05-30T11:03:26.814+0000][1746.234s][info][gc,phases   ] GC(270)   Evacuate Collection Set: 93.7ms
[2024-05-30T11:03:26.814+0000][1746.234s][info][gc,phases   ] GC(270)   Post Evacuate Collection Set: 2.3ms
[2024-05-30T11:03:26.814+0000][1746.234s][info][gc,phases   ] GC(270)   Other: 0.2ms
[2024-05-30T11:03:26.814+0000][1746.234s][info][gc,heap     ] GC(270) Eden regions: 553->0(550)
[2024-05-30T11:03:26.814+0000][1746.234s][info][gc,heap     ] GC(270) Survivor regions: 32->32(74)
[2024-05-30T11:03:26.814+0000][1746.234s][info][gc,heap     ] GC(270) Old regions: 541->544
[2024-05-30T11:03:26.814+0000][1746.234s][info][gc,heap     ] GC(270) Archive regions: 2->2
[2024-05-30T11:03:26.814+0000][1746.234s][info][gc,heap     ] GC(270) Humongous regions: 68->68
[2024-05-30T11:03:26.814+0000][1746.234s][info][gc,metaspace] GC(270) Metaspace: 411522K(417600K)->411522K(417600K) NonClass: 359540K(362944K)->359540K(362944K) Class: 51981K(54656K)->51981K(54656K)
[2024-05-30T11:03:26.815+0000][1746.234s][info][gc          ] GC(270) Pause Young (Normal) (G1 Evacuation Pause) 9556M->5151M(12288M) 96.788ms
[2024-05-30T11:03:26.815+0000][1746.234s][info][gc,cpu      ] GC(270) User=0.57s Sys=0.00s Real=0.09s
[2024-05-30T11:03:33.106+0000][1752.525s][info][gc,start    ] GC(271) Pause Young (Normal) (G1 Evacuation Pause)
[2024-05-30T11:03:33.106+0000][1752.525s][info][gc,task     ] GC(271) Using 6 workers of 6 for evacuation
[2024-05-30T11:03:33.196+0000][1752.615s][info][gc,phases   ] GC(271)   Pre Evacuate Collection Set: 0.2ms
[2024-05-30T11:03:33.196+0000][1752.615s][info][gc,phases   ] GC(271)   Merge Heap Roots: 0.3ms
[2024-05-30T11:03:33.196+0000][1752.615s][info][gc,phases   ] GC(271)   Evacuate Collection Set: 87.4ms
[2024-05-30T11:03:33.196+0000][1752.615s][info][gc,phases   ] GC(271)   Post Evacuate Collection Set: 2.2ms
[2024-05-30T11:03:33.196+0000][1752.615s][info][gc,phases   ] GC(271)   Other: 0.2ms
[2024-05-30T11:03:33.196+0000][1752.615s][info][gc,heap     ] GC(271) Eden regions: 550->0(547)
[2024-05-30T11:03:33.196+0000][1752.615s][info][gc,heap     ] GC(271) Survivor regions: 32->33(73)
[2024-05-30T11:03:33.196+0000][1752.615s][info][gc,heap     ] GC(271) Old regions: 544->545
[2024-05-30T11:03:33.196+0000][1752.615s][info][gc,heap     ] GC(271) Archive regions: 2->2
[2024-05-30T11:03:33.196+0000][1752.615s][info][gc,heap     ] GC(271) Humongous regions: 68->68
[2024-05-30T11:03:33.196+0000][1752.615s][info][gc,metaspace] GC(271) Metaspace: 411531K(417600K)->411531K(417600K) NonClass: 359550K(362944K)->359550K(362944K) Class: 51981K(54656K)->51981K(54656K)
[2024-05-30T11:03:33.196+0000][1752.615s][info][gc          ] GC(271) Pause Young (Normal) (G1 Evacuation Pause) 9551M->5168M(12288M) 90.395ms
[2024-05-30T11:03:33.196+0000][1752.615s][info][gc,cpu      ] GC(271) User=0.54s Sys=0.00s Real=0.09s
[2024-05-30T11:03:39.019+0000][1758.439s][info][gc,start    ] GC(272) Pause Young (Normal) (G1 Evacuation Pause)
[2024-05-30T11:03:39.019+0000][1758.439s][info][gc,task     ] GC(272) Using 6 workers of 6 for evacuation
[2024-05-30T11:03:39.113+0000][1758.533s][info][gc,phases   ] GC(272)   Pre Evacuate Collection Set: 0.2ms
[2024-05-30T11:03:39.113+0000][1758.533s][info][gc,phases   ] GC(272)   Merge Heap Roots: 0.3ms
[2024-05-30T11:03:39.113+0000][1758.533s][info][gc,phases   ] GC(272)   Evacuate Collection Set: 91.2ms
[2024-05-30T11:03:39.113+0000][1758.533s][info][gc,phases   ] GC(272)   Post Evacuate Collection Set: 2.2ms
[2024-05-30T11:03:39.113+0000][1758.533s][info][gc,phases   ] GC(272)   Other: 0.2ms
[2024-05-30T11:03:39.113+0000][1758.533s][info][gc,heap     ] GC(272) Eden regions: 547->0(552)
[2024-05-30T11:03:39.113+0000][1758.533s][info][gc,heap     ] GC(272) Survivor regions: 33->29(73)
[2024-05-30T11:03:39.114+0000][1758.533s][info][gc,heap     ] GC(272) Old regions: 545->548
[2024-05-30T11:03:39.114+0000][1758.533s][info][gc,heap     ] GC(272) Archive regions: 2->2
[2024-05-30T11:03:39.114+0000][1758.533s][info][gc,heap     ] GC(272) Humongous regions: 68->68
[2024-05-30T11:03:39.114+0000][1758.533s][info][gc,metaspace] GC(272) Metaspace: 411547K(417600K)->411547K(417600K) NonClass: 359566K(362944K)->359566K(362944K) Class: 51981K(54656K)->51981K(54656K)
[2024-05-30T11:03:39.114+0000][1758.533s][info][gc          ] GC(272) Pause Young (Normal) (G1 Evacuation Pause) 9544M->5164M(12288M) 94.163ms
[2024-05-30T11:03:39.114+0000][1758.533s][info][gc,cpu      ] GC(272) User=0.56s Sys=0.01s Real=0.09s
[2024-05-30T11:03:45.266+0000][1764.685s][info][gc,start    ] GC(273) Pause Young (Normal) (G1 Evacuation Pause)
[2024-05-30T11:03:45.266+0000][1764.685s][info][gc,task     ] GC(273) Using 6 workers of 6 for evacuation
[2024-05-30T11:03:45.351+0000][1764.770s][info][gc,phases   ] GC(273)   Pre Evacuate Collection Set: 0.2ms
[2024-05-30T11:03:45.351+0000][1764.770s][info][gc,phases   ] GC(273)   Merge Heap Roots: 0.3ms
[2024-05-30T11:03:45.351+0000][1764.770s][info][gc,phases   ] GC(273)   Evacuate Collection Set: 81.7ms
[2024-05-30T11:03:45.351+0000][1764.770s][info][gc,phases   ] GC(273)   Post Evacuate Collection Set: 2.1ms
[2024-05-30T11:03:45.351+0000][1764.770s][info][gc,phases   ] GC(273)   Other: 0.2ms
[2024-05-30T11:03:45.351+0000][1764.770s][info][gc,heap     ] GC(273) Eden regions: 552->0(551)
[2024-05-30T11:03:45.351+0000][1764.770s][info][gc,heap     ] GC(273) Survivor regions: 29->28(73)
[2024-05-30T11:03:45.351+0000][1764.770s][info][gc,heap     ] GC(273) Old regions: 548->551
[2024-05-30T11:03:45.351+0000][1764.770s][info][gc,heap     ] GC(273) Archive regions: 2->2
[2024-05-30T11:03:45.351+0000][1764.770s][info][gc,heap     ] GC(273) Humongous regions: 68->68
[2024-05-30T11:03:45.351+0000][1764.770s][info][gc,metaspace] GC(273) Metaspace: 411548K(417600K)->411548K(417600K) NonClass: 359566K(362944K)->359566K(362944K) Class: 51981K(54656K)->51981K(54656K)
[2024-05-30T11:03:45.351+0000][1764.770s][info][gc          ] GC(273) Pause Young (Normal) (G1 Evacuation Pause) 9580M->5176M(12288M) 84.667ms
[2024-05-30T11:03:45.351+0000][1764.770s][info][gc,cpu      ] GC(273) User=0.50s Sys=0.00s Real=0.09s
[2024-05-30T11:03:51.081+0000][1770.500s][info][gc,start    ] GC(274) Pause Young (Normal) (G1 Evacuation Pause)
[2024-05-30T11:03:51.081+0000][1770.500s][info][gc,task     ] GC(274) Using 6 workers of 6 for evacuation
[2024-05-30T11:03:51.155+0000][1770.574s][info][gc,phases   ] GC(274)   Pre Evacuate Collection Set: 0.2ms
[2024-05-30T11:03:51.155+0000][1770.574s][info][gc,phases   ] GC(274)   Merge Heap Roots: 0.3ms
[2024-05-30T11:03:51.155+0000][1770.574s][info][gc,phases   ] GC(274)   Evacuate Collection Set: 71.5ms
[2024-05-30T11:03:51.155+0000][1770.574s][info][gc,phases   ] GC(274)   Post Evacuate Collection Set: 2.1ms
[2024-05-30T11:03:51.155+0000][1770.574s][info][gc,phases   ] GC(274)   Other: 0.2ms
[2024-05-30T11:03:51.155+0000][1770.574s][info][gc,heap     ] GC(274) Eden regions: 551->0(557)
[2024-05-30T11:03:51.155+0000][1770.574s][info][gc,heap     ] GC(274) Survivor regions: 28->24(73)
[2024-05-30T11:03:51.155+0000][1770.574s][info][gc,heap     ] GC(274) Old regions: 551->553
[2024-05-30T11:03:51.155+0000][1770.574s][info][gc,heap     ] GC(274) Archive regions: 2->2
[2024-05-30T11:03:51.155+0000][1770.574s][info][gc,heap     ] GC(274) Humongous regions: 68->68
[2024-05-30T11:03:51.155+0000][1770.574s][info][gc,metaspace] GC(274) Metaspace: 411549K(417600K)->411549K(417600K) NonClass: 359568K(362944K)->359568K(362944K) Class: 51981K(54656K)->51981K(54656K)
[2024-05-30T11:03:51.155+0000][1770.574s][info][gc          ] GC(274) Pause Young (Normal) (G1 Evacuation Pause) 9584M->5160M(12288M) 74.313ms
[2024-05-30T11:03:51.155+0000][1770.574s][info][gc,cpu      ] GC(274) User=0.44s Sys=0.00s Real=0.07s
[2024-05-30T11:03:57.303+0000][1776.723s][info][gc,start    ] GC(275) Pause Young (Normal) (G1 Evacuation Pause)
[2024-05-30T11:03:57.304+0000][1776.723s][info][gc,task     ] GC(275) Using 6 workers of 6 for evacuation
[2024-05-30T11:03:57.385+0000][1776.804s][info][gc,phases   ] GC(275)   Pre Evacuate Collection Set: 0.2ms
[2024-05-30T11:03:57.385+0000][1776.804s][info][gc,phases   ] GC(275)   Merge Heap Roots: 0.3ms
[2024-05-30T11:03:57.385+0000][1776.804s][info][gc,phases   ] GC(275)   Evacuate Collection Set: 78.2ms
[2024-05-30T11:03:57.385+0000][1776.804s][info][gc,phases   ] GC(275)   Post Evacuate Collection Set: 2.3ms
[2024-05-30T11:03:57.385+0000][1776.804s][info][gc,phases   ] GC(275)   Other: 0.2ms
[2024-05-30T11:03:57.385+0000][1776.804s][info][gc,heap     ] GC(275) Eden regions: 557->0(556)
[2024-05-30T11:03:57.385+0000][1776.804s][info][gc,heap     ] GC(275) Survivor regions: 24->24(73)
[2024-05-30T11:03:57.385+0000][1776.804s][info][gc,heap     ] GC(275) Old regions: 553->554
[2024-05-30T11:03:57.385+0000][1776.804s][info][gc,heap     ] GC(275) Archive regions: 2->2
[2024-05-30T11:03:57.385+0000][1776.804s][info][gc,heap     ] GC(275) Humongous regions: 68->68
[2024-05-30T11:03:57.385+0000][1776.804s][info][gc,metaspace] GC(275) Metaspace: 411554K(417600K)->411554K(417600K) NonClass: 359572K(362944K)->359572K(362944K) Class: 51981K(54656K)->51981K(54656K)
[2024-05-30T11:03:57.385+0000][1776.804s][info][gc          ] GC(275) Pause Young (Normal) (G1 Evacuation Pause) 9616M->5171M(12288M) 81.221ms
[2024-05-30T11:03:57.385+0000][1776.804s][info][gc,cpu      ] GC(275) User=0.49s Sys=0.00s Real=0.08s
[2024-05-30T11:04:03.640+0000][1783.059s][info][gc,start    ] GC(276) Pause Young (Normal) (G1 Evacuation Pause)
[2024-05-30T11:04:03.640+0000][1783.059s][info][gc,task     ] GC(276) Using 6 workers of 6 for evacuation
[2024-05-30T11:04:03.712+0000][1783.131s][info][gc,phases   ] GC(276)   Pre Evacuate Collection Set: 0.2ms
[2024-05-30T11:04:03.712+0000][1783.131s][info][gc,phases   ] GC(276)   Merge Heap Roots: 0.3ms
[2024-05-30T11:04:03.712+0000][1783.131s][info][gc,phases   ] GC(276)   Evacuate Collection Set: 69.1ms
[2024-05-30T11:04:03.712+0000][1783.131s][info][gc,phases   ] GC(276)   Post Evacuate Collection Set: 2.3ms
[2024-05-30T11:04:03.712+0000][1783.131s][info][gc,phases   ] GC(276)   Other: 0.2ms
[2024-05-30T11:04:03.712+0000][1783.131s][info][gc,heap     ] GC(276) Eden regions: 556->0(553)
[2024-05-30T11:04:03.712+0000][1783.131s][info][gc,heap     ] GC(276) Survivor regions: 24->24(73)
[2024-05-30T11:04:03.712+0000][1783.131s][info][gc,heap     ] GC(276) Old regions: 554->557
[2024-05-30T11:04:03.712+0000][1783.131s][info][gc,heap     ] GC(276) Archive regions: 2->2
[2024-05-30T11:04:03.712+0000][1783.131s][info][gc,heap     ] GC(276) Humongous regions: 68->68
[2024-05-30T11:04:03.712+0000][1783.131s][info][gc,metaspace] GC(276) Metaspace: 411555K(417600K)->411555K(417600K) NonClass: 359573K(362944K)->359573K(362944K) Class: 51981K(54656K)->51981K(54656K)
[2024-05-30T11:04:03.712+0000][1783.131s][info][gc          ] GC(276) Pause Young (Normal) (G1 Evacuation Pause) 9619M->5189M(12288M) 72.136ms
[2024-05-30T11:04:03.712+0000][1783.132s][info][gc,cpu      ] GC(276) User=0.43s Sys=0.00s Real=0.07s
[2024-05-30T11:04:09.964+0000][1789.384s][info][gc,start    ] GC(277) Pause Young (Normal) (G1 Evacuation Pause)
[2024-05-30T11:04:09.965+0000][1789.384s][info][gc,task     ] GC(277) Using 6 workers of 6 for evacuation
[2024-05-30T11:04:10.035+0000][1789.454s][info][gc,phases   ] GC(277)   Pre Evacuate Collection Set: 0.2ms
[2024-05-30T11:04:10.035+0000][1789.454s][info][gc,phases   ] GC(277)   Merge Heap Roots: 0.3ms
[2024-05-30T11:04:10.035+0000][1789.454s][info][gc,phases   ] GC(277)   Evacuate Collection Set: 67.2ms
[2024-05-30T11:04:10.035+0000][1789.454s][info][gc,phases   ] GC(277)   Post Evacuate Collection Set: 2.2ms
[2024-05-30T11:04:10.035+0000][1789.454s][info][gc,phases   ] GC(277)   Other: 0.2ms
[2024-05-30T11:04:10.035+0000][1789.454s][info][gc,heap     ] GC(277) Eden regions: 553->0(551)
[2024-05-30T11:04:10.035+0000][1789.454s][info][gc,heap     ] GC(277) Survivor regions: 24->25(73)
[2024-05-30T11:04:10.035+0000][1789.454s][info][gc,heap     ] GC(277) Old regions: 557->557
[2024-05-30T11:04:10.035+0000][1789.454s][info][gc,heap     ] GC(277) Archive regions: 2->2
[2024-05-30T11:04:10.035+0000][1789.454s][info][gc,heap     ] GC(277) Humongous regions: 68->68
[2024-05-30T11:04:10.035+0000][1789.454s][info][gc,metaspace] GC(277) Metaspace: 411572K(417664K)->411572K(417664K) NonClass: 359590K(363008K)->359590K(363008K) Class: 51981K(54656K)->51981K(54656K)
[2024-05-30T11:04:10.035+0000][1789.454s][info][gc          ] GC(277) Pause Young (Normal) (G1 Evacuation Pause) 9613M->5196M(12288M) 70.192ms
[2024-05-30T11:04:10.035+0000][1789.454s][info][gc,cpu      ] GC(277) User=0.41s Sys=0.00s Real=0.07s
[2024-05-30T11:04:16.214+0000][1795.633s][info][gc,start    ] GC(278) Pause Young (Normal) (G1 Evacuation Pause)
[2024-05-30T11:04:16.214+0000][1795.634s][info][gc,task     ] GC(278) Using 6 workers of 6 for evacuation
[2024-05-30T11:04:16.281+0000][1795.700s][info][gc,phases   ] GC(278)   Pre Evacuate Collection Set: 0.2ms
[2024-05-30T11:04:16.281+0000][1795.700s][info][gc,phases   ] GC(278)   Merge Heap Roots: 0.3ms
[2024-05-30T11:04:16.281+0000][1795.700s][info][gc,phases   ] GC(278)   Evacuate Collection Set: 63.9ms
[2024-05-30T11:04:16.281+0000][1795.700s][info][gc,phases   ] GC(278)   Post Evacuate Collection Set: 2.1ms
[2024-05-30T11:04:16.281+0000][1795.700s][info][gc,phases   ] GC(278)   Other: 0.2ms
[2024-05-30T11:04:16.281+0000][1795.700s][info][gc,heap     ] GC(278) Eden regions: 551->0(550)
[2024-05-30T11:04:16.281+0000][1795.700s][info][gc,heap     ] GC(278) Survivor regions: 25->25(72)
[2024-05-30T11:04:16.281+0000][1795.700s][info][gc,heap     ] GC(278) Old regions: 557->558
[2024-05-30T11:04:16.281+0000][1795.700s][info][gc,heap     ] GC(278) Archive regions: 2->2
[2024-05-30T11:04:16.281+0000][1795.700s][info][gc,heap     ] GC(278) Humongous regions: 68->68
[2024-05-30T11:04:16.281+0000][1795.700s][info][gc,metaspace] GC(278) Metaspace: 411583K(417728K)->411583K(417728K) NonClass: 359602K(363072K)->359602K(363072K) Class: 51981K(54656K)->51981K(54656K)
[2024-05-30T11:04:16.281+0000][1795.700s][info][gc          ] GC(278) Pause Young (Normal) (G1 Evacuation Pause) 9604M->5210M(12288M) 66.750ms
[2024-05-30T11:04:16.281+0000][1795.700s][info][gc,cpu      ] GC(278) User=0.39s Sys=0.01s Real=0.07s
[2024-05-30T11:04:22.575+0000][1801.995s][info][gc,start    ] GC(279) Pause Young (Normal) (G1 Evacuation Pause)
[2024-05-30T11:04:22.575+0000][1801.995s][info][gc,task     ] GC(279) Using 6 workers of 6 for evacuation
[2024-05-30T11:04:22.642+0000][1802.061s][info][gc,phases   ] GC(279)   Pre Evacuate Collection Set: 0.2ms
[2024-05-30T11:04:22.642+0000][1802.061s][info][gc,phases   ] GC(279)   Merge Heap Roots: 0.3ms
[2024-05-30T11:04:22.642+0000][1802.061s][info][gc,phases   ] GC(279)   Evacuate Collection Set: 63.7ms
[2024-05-30T11:04:22.642+0000][1802.061s][info][gc,phases   ] GC(279)   Post Evacuate Collection Set: 2.3ms
[2024-05-30T11:04:22.642+0000][1802.061s][info][gc,phases   ] GC(279)   Other: 0.2ms
[2024-05-30T11:04:22.642+0000][1802.061s][info][gc,heap     ] GC(279) Eden regions: 550->0(547)
[2024-05-30T11:04:22.642+0000][1802.061s][info][gc,heap     ] GC(279) Survivor regions: 25->25(72)
[2024-05-30T11:04:22.642+0000][1802.061s][info][gc,heap     ] GC(279) Old regions: 558->561
[2024-05-30T11:04:22.642+0000][1802.061s][info][gc,heap     ] GC(279) Archive regions: 2->2
[2024-05-30T11:04:22.642+0000][1802.061s][info][gc,heap     ] GC(279) Humongous regions: 68->68
[2024-05-30T11:04:22.642+0000][1802.061s][info][gc,metaspace] GC(279) Metaspace: 411587K(417728K)->411587K(417728K) NonClass: 359605K(363072K)->359605K(363072K) Class: 51981K(54656K)->51981K(54656K)
[2024-05-30T11:04:22.642+0000][1802.061s][info][gc          ] GC(279) Pause Young (Normal) (G1 Evacuation Pause) 9610M->5226M(12288M) 66.723ms
[2024-05-30T11:04:22.642+0000][1802.061s][info][gc,cpu      ] GC(279) User=0.40s Sys=0.00s Real=0.07s
[2024-05-30T11:04:28.356+0000][1807.775s][info][gc,start    ] GC(280) Pause Young (Normal) (G1 Evacuation Pause)
[2024-05-30T11:04:28.356+0000][1807.775s][info][gc,task     ] GC(280) Using 6 workers of 6 for evacuation
[2024-05-30T11:04:28.414+0000][1807.833s][info][gc,phases   ] GC(280)   Pre Evacuate Collection Set: 0.2ms
[2024-05-30T11:04:28.414+0000][1807.833s][info][gc,phases   ] GC(280)   Merge Heap Roots: 0.2ms
[2024-05-30T11:04:28.414+0000][1807.833s][info][gc,phases   ] GC(280)   Evacuate Collection Set: 54.6ms
[2024-05-30T11:04:28.414+0000][1807.833s][info][gc,phases   ] GC(280)   Post Evacuate Collection Set: 2.1ms
[2024-05-30T11:04:28.414+0000][1807.833s][info][gc,phases   ] GC(280)   Other: 0.2ms
[2024-05-30T11:04:28.414+0000][1807.833s][info][gc,heap     ] GC(280) Eden regions: 547->0(553)
[2024-05-30T11:04:28.414+0000][1807.833s][info][gc,heap     ] GC(280) Survivor regions: 25->22(72)
[2024-05-30T11:04:28.414+0000][1807.833s][info][gc,heap     ] GC(280) Old regions: 561->561
[2024-05-30T11:04:28.414+0000][1807.833s][info][gc,heap     ] GC(280) Archive regions: 2->2
[2024-05-30T11:04:28.414+0000][1807.833s][info][gc,heap     ] GC(280) Humongous regions: 68->68
[2024-05-30T11:04:28.414+0000][1807.833s][info][gc,metaspace] GC(280) Metaspace: 411591K(417728K)->411591K(417728K) NonClass: 359610K(363072K)->359610K(363072K) Class: 51981K(54656K)->51981K(54656K)
[2024-05-30T11:04:28.414+0000][1807.833s][info][gc          ] GC(280) Pause Young (Normal) (G1 Evacuation Pause) 9602M->5212M(12288M) 57.477ms
[2024-05-30T11:04:28.414+0000][1807.833s][info][gc,cpu      ] GC(280) User=0.34s Sys=0.00s Real=0.06s
[2024-05-30T11:04:34.598+0000][1814.017s][info][gc,start    ] GC(281) Pause Young (Normal) (G1 Evacuation Pause)
[2024-05-30T11:04:34.598+0000][1814.017s][info][gc,task     ] GC(281) Using 6 workers of 6 for evacuation
[2024-05-30T11:04:34.657+0000][1814.076s][info][gc,phases   ] GC(281)   Pre Evacuate Collection Set: 0.2ms
[2024-05-30T11:04:34.657+0000][1814.076s][info][gc,phases   ] GC(281)   Merge Heap Roots: 0.3ms
[2024-05-30T11:04:34.657+0000][1814.076s][info][gc,phases   ] GC(281)   Evacuate Collection Set: 56.2ms
[2024-05-30T11:04:34.657+0000][1814.076s][info][gc,phases   ] GC(281)   Post Evacuate Collection Set: 2.1ms
[2024-05-30T11:04:34.657+0000][1814.076s][info][gc,phases   ] GC(281)   Other: 0.2ms
[2024-05-30T11:04:34.657+0000][1814.076s][info][gc,heap     ] GC(281) Eden regions: 553->0(548)
[2024-05-30T11:04:34.657+0000][1814.076s][info][gc,heap     ] GC(281) Survivor regions: 22->24(72)
[2024-05-30T11:04:34.657+0000][1814.076s][info][gc,heap     ] GC(281) Old regions: 561->562
[2024-05-30T11:04:34.657+0000][1814.076s][info][gc,heap     ] GC(281) Archive regions: 2->2
[2024-05-30T11:04:34.657+0000][1814.076s][info][gc,heap     ] GC(281) Humongous regions: 68->68
[2024-05-30T11:04:34.657+0000][1814.076s][info][gc,metaspace] GC(281) Metaspace: 411602K(417728K)->411602K(417728K) NonClass: 359621K(363072K)->359621K(363072K) Class: 51981K(54656K)->51981K(54656K)
[2024-05-30T11:04:34.657+0000][1814.076s][info][gc          ] GC(281) Pause Young (Normal) (G1 Evacuation Pause) 9636M->5230M(12288M) 59.017ms
[2024-05-30T11:04:34.657+0000][1814.076s][info][gc,cpu      ] GC(281) User=0.35s Sys=0.00s Real=0.06s
[2024-05-30T11:04:40.593+0000][1820.012s][info][gc,start    ] GC(282) Pause Young (Normal) (G1 Evacuation Pause)
[2024-05-30T11:04:40.593+0000][1820.012s][info][gc,task     ] GC(282) Using 6 workers of 6 for evacuation
[2024-05-30T11:04:40.648+0000][1820.067s][info][gc,phases   ] GC(282)   Pre Evacuate Collection Set: 0.2ms
[2024-05-30T11:04:40.648+0000][1820.067s][info][gc,phases   ] GC(282)   Merge Heap Roots: 0.3ms
[2024-05-30T11:04:40.648+0000][1820.067s][info][gc,phases   ] GC(282)   Evacuate Collection Set: 52.5ms
[2024-05-30T11:04:40.648+0000][1820.067s][info][gc,phases   ] GC(282)   Post Evacuate Collection Set: 2.2ms
[2024-05-30T11:04:40.648+0000][1820.067s][info][gc,phases   ] GC(282)   Other: 0.2ms
[2024-05-30T11:04:40.648+0000][1820.067s][info][gc,heap     ] GC(282) Eden regions: 548->0(555)
[2024-05-30T11:04:40.648+0000][1820.067s][info][gc,heap     ] GC(282) Survivor regions: 24->20(72)
[2024-05-30T11:04:40.648+0000][1820.067s][info][gc,heap     ] GC(282) Old regions: 562->563
[2024-05-30T11:04:40.648+0000][1820.067s][info][gc,heap     ] GC(282) Archive regions: 2->2
[2024-05-30T11:04:40.648+0000][1820.067s][info][gc,heap     ] GC(282) Humongous regions: 68->68
[2024-05-30T11:04:40.648+0000][1820.067s][info][gc,metaspace] GC(282) Metaspace: 411625K(417728K)->411625K(417728K) NonClass: 359644K(363072K)->359644K(363072K) Class: 51981K(54656K)->51981K(54656K)
[2024-05-30T11:04:40.648+0000][1820.067s][info][gc          ] GC(282) Pause Young (Normal) (G1 Evacuation Pause) 9614M->5203M(12288M) 55.388ms
[2024-05-30T11:04:40.648+0000][1820.067s][info][gc,cpu      ] GC(282) User=0.33s Sys=0.00s Real=0.05s
[2024-05-30T11:04:46.829+0000][1826.248s][info][gc,start    ] GC(283) Pause Young (Normal) (G1 Evacuation Pause)
[2024-05-30T11:04:46.829+0000][1826.248s][info][gc,task     ] GC(283) Using 6 workers of 6 for evacuation
[2024-05-30T11:04:46.889+0000][1826.308s][info][gc,phases   ] GC(283)   Pre Evacuate Collection Set: 0.2ms
[2024-05-30T11:04:46.889+0000][1826.308s][info][gc,phases   ] GC(283)   Merge Heap Roots: 0.3ms
[2024-05-30T11:04:46.889+0000][1826.308s][info][gc,phases   ] GC(283)   Evacuate Collection Set: 56.9ms
[2024-05-30T11:04:46.889+0000][1826.308s][info][gc,phases   ] GC(283)   Post Evacuate Collection Set: 2.5ms
[2024-05-30T11:04:46.889+0000][1826.308s][info][gc,phases   ] GC(283)   Other: 0.2ms
[2024-05-30T11:04:46.889+0000][1826.308s][info][gc,heap     ] GC(283) Eden regions: 555->0(553)
[2024-05-30T11:04:46.889+0000][1826.308s][info][gc,heap     ] GC(283) Survivor regions: 20->21(72)
[2024-05-30T11:04:46.889+0000][1826.308s][info][gc,heap     ] GC(283) Old regions: 563->563
[2024-05-30T11:04:46.889+0000][1826.308s][info][gc,heap     ] GC(283) Archive regions: 2->2
[2024-05-30T11:04:46.889+0000][1826.308s][info][gc,heap     ] GC(283) Humongous regions: 68->68
[2024-05-30T11:04:46.889+0000][1826.308s][info][gc,metaspace] GC(283) Metaspace: 411632K(417728K)->411632K(417728K) NonClass: 359650K(363072K)->359650K(363072K) Class: 51981K(54656K)->51981K(54656K)
[2024-05-30T11:04:46.889+0000][1826.308s][info][gc          ] GC(283) Pause Young (Normal) (G1 Evacuation Pause) 9643M->5216M(12288M) 60.089ms
[2024-05-30T11:04:46.889+0000][1826.308s][info][gc,cpu      ] GC(283) User=0.36s Sys=0.00s Real=0.06s
[2024-05-30T11:04:53.034+0000][1832.453s][info][gc,start    ] GC(284) Pause Young (Normal) (G1 Evacuation Pause)
[2024-05-30T11:04:53.034+0000][1832.453s][info][gc,task     ] GC(284) Using 6 workers of 6 for evacuation
[2024-05-30T11:04:53.092+0000][1832.512s][info][gc,phases   ] GC(284)   Pre Evacuate Collection Set: 0.2ms
[2024-05-30T11:04:53.093+0000][1832.512s][info][gc,phases   ] GC(284)   Merge Heap Roots: 0.3ms
[2024-05-30T11:04:53.093+0000][1832.512s][info][gc,phases   ] GC(284)   Evacuate Collection Set: 55.7ms
[2024-05-30T11:04:53.093+0000][1832.512s][info][gc,phases   ] GC(284)   Post Evacuate Collection Set: 2.4ms
[2024-05-30T11:04:53.093+0000][1832.512s][info][gc,phases   ] GC(284)   Other: 0.2ms
[2024-05-30T11:04:53.093+0000][1832.512s][info][gc,heap     ] GC(284) Eden regions: 553->0(548)
[2024-05-30T11:04:53.093+0000][1832.512s][info][gc,heap     ] GC(284) Survivor regions: 21->23(72)
[2024-05-30T11:04:53.093+0000][1832.512s][info][gc,heap     ] GC(284) Old regions: 563->564
[2024-05-30T11:04:53.093+0000][1832.512s][info][gc,heap     ] GC(284) Archive regions: 2->2
[2024-05-30T11:04:53.093+0000][1832.512s][info][gc,heap     ] GC(284) Humongous regions: 68->68
[2024-05-30T11:04:53.093+0000][1832.512s][info][gc,metaspace] GC(284) Metaspace: 411688K(417792K)->411688K(417792K) NonClass: 359706K(363136K)->359706K(363136K) Class: 51981K(54656K)->51981K(54656K)
[2024-05-30T11:04:53.093+0000][1832.512s][info][gc          ] GC(284) Pause Young (Normal) (G1 Evacuation Pause) 9640M->5237M(12288M) 58.854ms
[2024-05-30T11:04:53.093+0000][1832.512s][info][gc,cpu      ] GC(284) User=0.34s Sys=0.00s Real=0.06s
[2024-05-30T11:04:58.642+0000][1838.062s][info][gc,start    ] GC(285) Pause Young (Normal) (G1 Evacuation Pause)
[2024-05-30T11:04:58.643+0000][1838.062s][info][gc,task     ] GC(285) Using 6 workers of 6 for evacuation
[2024-05-30T11:04:58.709+0000][1838.128s][info][gc,phases   ] GC(285)   Pre Evacuate Collection Set: 0.2ms
[2024-05-30T11:04:58.709+0000][1838.129s][info][gc,phases   ] GC(285)   Merge Heap Roots: 0.3ms
[2024-05-30T11:04:58.709+0000][1838.129s][info][gc,phases   ] GC(285)   Evacuate Collection Set: 62.5ms
[2024-05-30T11:04:58.709+0000][1838.129s][info][gc,phases   ] GC(285)   Post Evacuate Collection Set: 3.7ms
[2024-05-30T11:04:58.709+0000][1838.129s][info][gc,phases   ] GC(285)   Other: 0.2ms
[2024-05-30T11:04:58.709+0000][1838.129s][info][gc,heap     ] GC(285) Eden regions: 548->0(545)
[2024-05-30T11:04:58.709+0000][1838.129s][info][gc,heap     ] GC(285) Survivor regions: 23->24(72)
[2024-05-30T11:04:58.709+0000][1838.129s][info][gc,heap     ] GC(285) Old regions: 564->565
[2024-05-30T11:04:58.709+0000][1838.129s][info][gc,heap     ] GC(285) Archive regions: 2->2
[2024-05-30T11:04:58.709+0000][1838.129s][info][gc,heap     ] GC(285) Humongous regions: 68->68
[2024-05-30T11:04:58.709+0000][1838.129s][info][gc,metaspace] GC(285) Metaspace: 411688K(417792K)->411688K(417792K) NonClass: 359707K(363136K)->359707K(363136K) Class: 51981K(54656K)->51981K(54656K)
[2024-05-30T11:04:58.709+0000][1838.129s][info][gc          ] GC(285) Pause Young (Normal) (G1 Evacuation Pause) 9621M->5254M(12288M) 66.884ms
[2024-05-30T11:04:58.709+0000][1838.129s][info][gc,cpu      ] GC(285) User=0.39s Sys=0.00s Real=0.07s
[2024-05-30T11:05:00.356+0000][1839.776s][info][gc,start    ] GC(286) Pause Young (Normal) (G1 Evacuation Pause)
[2024-05-30T11:05:00.356+0000][1839.776s][info][gc,task     ] GC(286) Using 6 workers of 6 for evacuation
[2024-05-30T11:05:00.466+0000][1839.886s][info][gc,phases   ] GC(286)   Pre Evacuate Collection Set: 0.2ms
[2024-05-30T11:05:00.467+0000][1839.886s][info][gc,phases   ] GC(286)   Merge Heap Roots: 0.3ms
[2024-05-30T11:05:00.467+0000][1839.886s][info][gc,phases   ] GC(286)   Evacuate Collection Set: 92.4ms
[2024-05-30T11:05:00.467+0000][1839.886s][info][gc,phases   ] GC(286)   Post Evacuate Collection Set: 17.1ms
[2024-05-30T11:05:00.467+0000][1839.886s][info][gc,phases   ] GC(286)   Other: 0.2ms
[2024-05-30T11:05:00.467+0000][1839.886s][info][gc,heap     ] GC(286) Eden regions: 545->0(539)
[2024-05-30T11:05:00.467+0000][1839.886s][info][gc,heap     ] GC(286) Survivor regions: 24->27(72)
[2024-05-30T11:05:00.467+0000][1839.886s][info][gc,heap     ] GC(286) Old regions: 565->565
[2024-05-30T11:05:00.467+0000][1839.886s][info][gc,heap     ] GC(286) Archive regions: 2->2
[2024-05-30T11:05:00.467+0000][1839.886s][info][gc,heap     ] GC(286) Humongous regions: 68->68
[2024-05-30T11:05:00.467+0000][1839.886s][info][gc,metaspace] GC(286) Metaspace: 411699K(417792K)->411699K(417792K) NonClass: 359717K(363136K)->359717K(363136K) Class: 51981K(54656K)->51981K(54656K)
[2024-05-30T11:05:00.467+0000][1839.886s][info][gc          ] GC(286) Pause Young (Normal) (G1 Evacuation Pause) 9614M->5279M(12288M) 110.147ms
[2024-05-30T11:05:00.467+0000][1839.886s][info][gc,cpu      ] GC(286) User=0.64s Sys=0.00s Real=0.10s
[2024-05-30T11:05:02.191+0000][1841.610s][info][gc,start    ] GC(287) Pause Young (Normal) (G1 Evacuation Pause)
[2024-05-30T11:05:02.191+0000][1841.610s][info][gc,task     ] GC(287) Using 6 workers of 6 for evacuation
[2024-05-30T11:05:02.307+0000][1841.726s][info][gc,phases   ] GC(287)   Pre Evacuate Collection Set: 0.2ms
[2024-05-30T11:05:02.307+0000][1841.726s][info][gc,phases   ] GC(287)   Merge Heap Roots: 0.2ms
[2024-05-30T11:05:02.307+0000][1841.726s][info][gc,phases   ] GC(287)   Evacuate Collection Set: 98.5ms
[2024-05-30T11:05:02.307+0000][1841.726s][info][gc,phases   ] GC(287)   Post Evacuate Collection Set: 16.4ms
[2024-05-30T11:05:02.307+0000][1841.726s][info][gc,phases   ] GC(287)   Other: 0.2ms
[2024-05-30T11:05:02.307+0000][1841.726s][info][gc,heap     ] GC(287) Eden regions: 539->0(533)
[2024-05-30T11:05:02.307+0000][1841.726s][info][gc,heap     ] GC(287) Survivor regions: 27->29(71)
[2024-05-30T11:05:02.307+0000][1841.726s][info][gc,heap     ] GC(287) Old regions: 565->567
[2024-05-30T11:05:02.307+0000][1841.726s][info][gc,heap     ] GC(287) Archive regions: 2->2
[2024-05-30T11:05:02.307+0000][1841.726s][info][gc,heap     ] GC(287) Humongous regions: 68->68
[2024-05-30T11:05:02.307+0000][1841.726s][info][gc,metaspace] GC(287) Metaspace: 411699K(417792K)->411699K(417792K) NonClass: 359717K(363136K)->359717K(363136K) Class: 51981K(54656K)->51981K(54656K)
[2024-05-30T11:05:02.307+0000][1841.726s][info][gc          ] GC(287) Pause Young (Normal) (G1 Evacuation Pause) 9591M->5310M(12288M) 115.484ms
[2024-05-30T11:05:02.307+0000][1841.726s][info][gc,cpu      ] GC(287) User=0.67s Sys=0.01s Real=0.11s
[2024-05-30T11:05:04.028+0000][1843.447s][info][gc,start    ] GC(288) Pause Young (Normal) (G1 Evacuation Pause)
[2024-05-30T11:05:04.028+0000][1843.447s][info][gc,task     ] GC(288) Using 6 workers of 6 for evacuation
[2024-05-30T11:05:04.145+0000][1843.564s][info][gc,phases   ] GC(288)   Pre Evacuate Collection Set: 0.2ms
[2024-05-30T11:05:04.145+0000][1843.565s][info][gc,phases   ] GC(288)   Merge Heap Roots: 0.3ms
[2024-05-30T11:05:04.145+0000][1843.565s][info][gc,phases   ] GC(288)   Evacuate Collection Set: 101.1ms
[2024-05-30T11:05:04.145+0000][1843.565s][info][gc,phases   ] GC(288)   Post Evacuate Collection Set: 15.3ms
[2024-05-30T11:05:04.145+0000][1843.565s][info][gc,phases   ] GC(288)   Other: 0.2ms
[2024-05-30T11:05:04.145+0000][1843.565s][info][gc,heap     ] GC(288) Eden regions: 533->0(530)
[2024-05-30T11:05:04.145+0000][1843.565s][info][gc,heap     ] GC(288) Survivor regions: 29->30(71)
[2024-05-30T11:05:04.145+0000][1843.565s][info][gc,heap     ] GC(288) Old regions: 567->568
[2024-05-30T11:05:04.145+0000][1843.565s][info][gc,heap     ] GC(288) Archive regions: 2->2
[2024-05-30T11:05:04.145+0000][1843.565s][info][gc,heap     ] GC(288) Humongous regions: 68->68
[2024-05-30T11:05:04.145+0000][1843.565s][info][gc,metaspace] GC(288) Metaspace: 411699K(417792K)->411699K(417792K) NonClass: 359717K(363136K)->359717K(363136K) Class: 51981K(54656K)->51981K(54656K)
[2024-05-30T11:05:04.145+0000][1843.565s][info][gc          ] GC(288) Pause Young (Normal) (G1 Evacuation Pause) 9574M->5328M(12288M) 117.270ms
[2024-05-30T11:05:04.145+0000][1843.565s][info][gc,cpu      ] GC(288) User=0.69s Sys=0.00s Real=0.12s
[2024-05-30T11:05:05.742+0000][1845.161s][info][gc,start    ] GC(289) Pause Young (Normal) (G1 Evacuation Pause)
[2024-05-30T11:05:05.742+0000][1845.161s][info][gc,task     ] GC(289) Using 6 workers of 6 for evacuation
[2024-05-30T11:05:05.868+0000][1845.287s][info][gc,phases   ] GC(289)   Pre Evacuate Collection Set: 0.2ms
[2024-05-30T11:05:05.868+0000][1845.287s][info][gc,phases   ] GC(289)   Merge Heap Roots: 0.3ms
[2024-05-30T11:05:05.868+0000][1845.287s][info][gc,phases   ] GC(289)   Evacuate Collection Set: 110.9ms
[2024-05-30T11:05:05.868+0000][1845.287s][info][gc,phases   ] GC(289)   Post Evacuate Collection Set: 14.5ms
[2024-05-30T11:05:05.868+0000][1845.287s][info][gc,phases   ] GC(289)   Other: 0.2ms
[2024-05-30T11:05:05.868+0000][1845.287s][info][gc,heap     ] GC(289) Eden regions: 530->0(523)
[2024-05-30T11:05:05.868+0000][1845.287s][info][gc,heap     ] GC(289) Survivor regions: 30->33(70)
[2024-05-30T11:05:05.868+0000][1845.287s][info][gc,heap     ] GC(289) Old regions: 568->569
[2024-05-30T11:05:05.868+0000][1845.287s][info][gc,heap     ] GC(289) Archive regions: 2->2
[2024-05-30T11:05:05.868+0000][1845.287s][info][gc,heap     ] GC(289) Humongous regions: 68->68
[2024-05-30T11:05:05.868+0000][1845.287s][info][gc,metaspace] GC(289) Metaspace: 411699K(417792K)->411699K(417792K) NonClass: 359717K(363136K)->359717K(363136K) Class: 51981K(54656K)->51981K(54656K)
[2024-05-30T11:05:05.868+0000][1845.287s][info][gc          ] GC(289) Pause Young (Normal) (G1 Evacuation Pause) 9568M->5357M(12288M) 126.219ms
[2024-05-30T11:05:05.868+0000][1845.287s][info][gc,cpu      ] GC(289) User=0.74s Sys=0.00s Real=0.12s
[2024-05-30T11:05:07.434+0000][1846.853s][info][gc,start    ] GC(290) Pause Young (Normal) (G1 Evacuation Pause)
[2024-05-30T11:05:07.434+0000][1846.853s][info][gc,task     ] GC(290) Using 6 workers of 6 for evacuation
[2024-05-30T11:05:07.570+0000][1846.989s][info][gc,phases   ] GC(290)   Pre Evacuate Collection Set: 0.2ms
[2024-05-30T11:05:07.570+0000][1846.989s][info][gc,phases   ] GC(290)   Merge Heap Roots: 0.3ms
[2024-05-30T11:05:07.570+0000][1846.989s][info][gc,phases   ] GC(290)   Evacuate Collection Set: 118.4ms
[2024-05-30T11:05:07.570+0000][1846.989s][info][gc,phases   ] GC(290)   Post Evacuate Collection Set: 17.0ms
[2024-05-30T11:05:07.570+0000][1846.989s][info][gc,phases   ] GC(290)   Other: 0.2ms
[2024-05-30T11:05:07.570+0000][1846.989s][info][gc,heap     ] GC(290) Eden regions: 523->0(519)
[2024-05-30T11:05:07.570+0000][1846.989s][info][gc,heap     ] GC(290) Survivor regions: 33->35(70)
[2024-05-30T11:05:07.570+0000][1846.989s][info][gc,heap     ] GC(290) Old regions: 569->569
[2024-05-30T11:05:07.570+0000][1846.989s][info][gc,heap     ] GC(290) Archive regions: 2->2
[2024-05-30T11:05:07.570+0000][1846.989s][info][gc,heap     ] GC(290) Humongous regions: 68->68
[2024-05-30T11:05:07.570+0000][1846.989s][info][gc,metaspace] GC(290) Metaspace: 411699K(417792K)->411699K(417792K) NonClass: 359717K(363136K)->359717K(363136K) Class: 51981K(54656K)->51981K(54656K)
[2024-05-30T11:05:07.570+0000][1846.989s][info][gc          ] GC(290) Pause Young (Normal) (G1 Evacuation Pause) 9541M->5379M(12288M) 136.099ms
[2024-05-30T11:05:07.570+0000][1846.989s][info][gc,cpu      ] GC(290) User=0.80s Sys=0.00s Real=0.14s
[2024-05-30T11:05:09.173+0000][1848.592s][info][gc,start    ] GC(291) Pause Young (Normal) (G1 Evacuation Pause)
[2024-05-30T11:05:09.173+0000][1848.592s][info][gc,task     ] GC(291) Using 6 workers of 6 for evacuation
[2024-05-30T11:05:09.313+0000][1848.732s][info][gc,phases   ] GC(291)   Pre Evacuate Collection Set: 0.2ms
[2024-05-30T11:05:09.313+0000][1848.732s][info][gc,phases   ] GC(291)   Merge Heap Roots: 0.4ms
[2024-05-30T11:05:09.313+0000][1848.732s][info][gc,phases   ] GC(291)   Evacuate Collection Set: 124.1ms
[2024-05-30T11:05:09.313+0000][1848.732s][info][gc,phases   ] GC(291)   Post Evacuate Collection Set: 14.8ms
[2024-05-30T11:05:09.313+0000][1848.732s][info][gc,phases   ] GC(291)   Other: 0.2ms
[2024-05-30T11:05:09.313+0000][1848.732s][info][gc,heap     ] GC(291) Eden regions: 519->0(515)
[2024-05-30T11:05:09.313+0000][1848.732s][info][gc,heap     ] GC(291) Survivor regions: 35->36(70)
[2024-05-30T11:05:09.313+0000][1848.732s][info][gc,heap     ] GC(291) Old regions: 569->571
[2024-05-30T11:05:09.313+0000][1848.732s][info][gc,heap     ] GC(291) Archive regions: 2->2
[2024-05-30T11:05:09.313+0000][1848.732s][info][gc,heap     ] GC(291) Humongous regions: 68->68
[2024-05-30T11:05:09.313+0000][1848.732s][info][gc,metaspace] GC(291) Metaspace: 411699K(417792K)->411699K(417792K) NonClass: 359717K(363136K)->359717K(363136K) Class: 51981K(54656K)->51981K(54656K)
[2024-05-30T11:05:09.313+0000][1848.732s][info][gc          ] GC(291) Pause Young (Normal) (G1 Evacuation Pause) 9531M->5397M(12288M) 139.687ms
[2024-05-30T11:05:09.313+0000][1848.732s][info][gc,cpu      ] GC(291) User=0.83s Sys=0.00s Real=0.14s
[2024-05-30T11:05:10.840+0000][1850.259s][info][gc,start    ] GC(292) Pause Young (Normal) (G1 Evacuation Pause)
[2024-05-30T11:05:10.840+0000][1850.259s][info][gc,task     ] GC(292) Using 6 workers of 6 for evacuation
[2024-05-30T11:05:10.980+0000][1850.399s][info][gc,phases   ] GC(292)   Pre Evacuate Collection Set: 0.2ms
[2024-05-30T11:05:10.980+0000][1850.399s][info][gc,phases   ] GC(292)   Merge Heap Roots: 0.3ms
[2024-05-30T11:05:10.980+0000][1850.399s][info][gc,phases   ] GC(292)   Evacuate Collection Set: 124.9ms
[2024-05-30T11:05:10.980+0000][1850.399s][info][gc,phases   ] GC(292)   Post Evacuate Collection Set: 14.2ms
[2024-05-30T11:05:10.980+0000][1850.399s][info][gc,phases   ] GC(292)   Other: 0.2ms
[2024-05-30T11:05:10.980+0000][1850.399s][info][gc,heap     ] GC(292) Eden regions: 515->0(511)
[2024-05-30T11:05:10.980+0000][1850.399s][info][gc,heap     ] GC(292) Survivor regions: 36->38(69)
[2024-05-30T11:05:10.980+0000][1850.399s][info][gc,heap     ] GC(292) Old regions: 571->571
[2024-05-30T11:05:10.980+0000][1850.399s][info][gc,heap     ] GC(292) Archive regions: 2->2
[2024-05-30T11:05:10.980+0000][1850.399s][info][gc,heap     ] GC(292) Humongous regions: 68->68
[2024-05-30T11:05:10.980+0000][1850.399s][info][gc,metaspace] GC(292) Metaspace: 411699K(417792K)->411699K(417792K) NonClass: 359718K(363136K)->359718K(363136K) Class: 51981K(54656K)->51981K(54656K)
[2024-05-30T11:05:10.980+0000][1850.399s][info][gc          ] GC(292) Pause Young (Normal) (G1 Evacuation Pause) 9517M->5416M(12288M) 139.920ms
[2024-05-30T11:05:10.980+0000][1850.399s][info][gc,cpu      ] GC(292) User=0.82s Sys=0.00s Real=0.14s
[2024-05-30T11:05:12.380+0000][1851.799s][info][gc,start    ] GC(293) Pause Young (Normal) (G1 Evacuation Pause)
[2024-05-30T11:05:12.380+0000][1851.799s][info][gc,task     ] GC(293) Using 6 workers of 6 for evacuation
[2024-05-30T11:05:12.499+0000][1851.919s][info][gc,phases   ] GC(293)   Pre Evacuate Collection Set: 0.2ms
[2024-05-30T11:05:12.499+0000][1851.919s][info][gc,phases   ] GC(293)   Merge Heap Roots: 0.3ms
[2024-05-30T11:05:12.499+0000][1851.919s][info][gc,phases   ] GC(293)   Evacuate Collection Set: 113.0ms
[2024-05-30T11:05:12.499+0000][1851.919s][info][gc,phases   ] GC(293)   Post Evacuate Collection Set: 6.1ms
[2024-05-30T11:05:12.500+0000][1851.919s][info][gc,phases   ] GC(293)   Other: 0.2ms
[2024-05-30T11:05:12.500+0000][1851.919s][info][gc,heap     ] GC(293) Eden regions: 511->0(511)
[2024-05-30T11:05:12.500+0000][1851.919s][info][gc,heap     ] GC(293) Survivor regions: 38->37(69)
[2024-05-30T11:05:12.500+0000][1851.919s][info][gc,heap     ] GC(293) Old regions: 571->573
[2024-05-30T11:05:12.500+0000][1851.919s][info][gc,heap     ] GC(293) Archive regions: 2->2
[2024-05-30T11:05:12.500+0000][1851.919s][info][gc,heap     ] GC(293) Humongous regions: 68->68
[2024-05-30T11:05:12.500+0000][1851.919s][info][gc,metaspace] GC(293) Metaspace: 411699K(417792K)->411699K(417792K) NonClass: 359718K(363136K)->359718K(363136K) Class: 51981K(54656K)->51981K(54656K)
[2024-05-30T11:05:12.500+0000][1851.919s][info][gc          ] GC(293) Pause Young (Normal) (G1 Evacuation Pause) 9504M->5424M(12288M) 119.893ms
[2024-05-30T11:05:12.500+0000][1851.919s][info][gc,cpu      ] GC(293) User=0.71s Sys=0.00s Real=0.12s
[2024-05-30T11:05:13.922+0000][1853.341s][info][gc,start    ] GC(294) Pause Young (Normal) (G1 Evacuation Pause)
[2024-05-30T11:05:13.922+0000][1853.341s][info][gc,task     ] GC(294) Using 6 workers of 6 for evacuation
[2024-05-30T11:05:14.034+0000][1853.453s][info][gc,phases   ] GC(294)   Pre Evacuate Collection Set: 0.2ms
[2024-05-30T11:05:14.034+0000][1853.453s][info][gc,phases   ] GC(294)   Merge Heap Roots: 0.3ms
[2024-05-30T11:05:14.034+0000][1853.453s][info][gc,phases   ] GC(294)   Evacuate Collection Set: 105.9ms
[2024-05-30T11:05:14.034+0000][1853.453s][info][gc,phases   ] GC(294)   Post Evacuate Collection Set: 5.8ms
[2024-05-30T11:05:14.034+0000][1853.453s][info][gc,phases   ] GC(294)   Other: 0.2ms
[2024-05-30T11:05:14.034+0000][1853.453s][info][gc,heap     ] GC(294) Eden regions: 511->0(511)
[2024-05-30T11:05:14.034+0000][1853.453s][info][gc,heap     ] GC(294) Survivor regions: 37->36(69)
[2024-05-30T11:05:14.034+0000][1853.453s][info][gc,heap     ] GC(294) Old regions: 573->575
[2024-05-30T11:05:14.034+0000][1853.453s][info][gc,heap     ] GC(294) Archive regions: 2->2
[2024-05-30T11:05:14.034+0000][1853.453s][info][gc,heap     ] GC(294) Humongous regions: 68->68
[2024-05-30T11:05:14.034+0000][1853.453s][info][gc,metaspace] GC(294) Metaspace: 411701K(417792K)->411701K(417792K) NonClass: 359720K(363136K)->359720K(363136K) Class: 51981K(54656K)->51981K(54656K)
[2024-05-30T11:05:14.034+0000][1853.453s][info][gc          ] GC(294) Pause Young (Normal) (G1 Evacuation Pause) 9512M->5426M(12288M) 112.455ms
[2024-05-30T11:05:14.034+0000][1853.453s][info][gc,cpu      ] GC(294) User=0.67s Sys=0.00s Real=0.11s
[2024-05-30T11:05:15.616+0000][1855.035s][info][gc,start    ] GC(295) Pause Young (Normal) (G1 Evacuation Pause)
[2024-05-30T11:05:15.616+0000][1855.035s][info][gc,task     ] GC(295) Using 6 workers of 6 for evacuation
[2024-05-30T11:05:15.766+0000][1855.185s][info][gc,phases   ] GC(295)   Pre Evacuate Collection Set: 0.2ms
[2024-05-30T11:05:15.766+0000][1855.185s][info][gc,phases   ] GC(295)   Merge Heap Roots: 0.4ms
[2024-05-30T11:05:15.766+0000][1855.185s][info][gc,phases   ] GC(295)   Evacuate Collection Set: 133.7ms
[2024-05-30T11:05:15.766+0000][1855.185s][info][gc,phases   ] GC(295)   Post Evacuate Collection Set: 15.0ms
[2024-05-30T11:05:15.766+0000][1855.185s][info][gc,phases   ] GC(295)   Other: 0.2ms
[2024-05-30T11:05:15.766+0000][1855.185s][info][gc,heap     ] GC(295) Eden regions: 511->0(505)
[2024-05-30T11:05:15.766+0000][1855.185s][info][gc,heap     ] GC(295) Survivor regions: 36->39(69)
[2024-05-30T11:05:15.766+0000][1855.185s][info][gc,heap     ] GC(295) Old regions: 575->575
[2024-05-30T11:05:15.766+0000][1855.185s][info][gc,heap     ] GC(295) Archive regions: 2->2
[2024-05-30T11:05:15.766+0000][1855.185s][info][gc,heap     ] GC(295) Humongous regions: 68->68
[2024-05-30T11:05:15.766+0000][1855.185s][info][gc,metaspace] GC(295) Metaspace: 411701K(417792K)->411701K(417792K) NonClass: 359720K(363136K)->359720K(363136K) Class: 51981K(54656K)->51981K(54656K)
[2024-05-30T11:05:15.766+0000][1855.185s][info][gc          ] GC(295) Pause Young (Normal) (G1 Evacuation Pause) 9514M->5450M(12288M) 149.527ms
[2024-05-30T11:05:15.766+0000][1855.185s][info][gc,cpu      ] GC(295) User=0.88s Sys=0.00s Real=0.15s
[2024-05-30T11:05:20.020+0000][1859.439s][info][gc,start    ] GC(296) Pause Young (Normal) (G1 Evacuation Pause)
[2024-05-30T11:05:20.020+0000][1859.439s][info][gc,task     ] GC(296) Using 6 workers of 6 for evacuation
[2024-05-30T11:05:20.140+0000][1859.560s][info][gc,phases   ] GC(296)   Pre Evacuate Collection Set: 0.2ms
[2024-05-30T11:05:20.140+0000][1859.560s][info][gc,phases   ] GC(296)   Merge Heap Roots: 0.3ms
[2024-05-30T11:05:20.140+0000][1859.560s][info][gc,phases   ] GC(296)   Evacuate Collection Set: 114.7ms
[2024-05-30T11:05:20.140+0000][1859.560s][info][gc,phases   ] GC(296)   Post Evacuate Collection Set: 5.3ms
[2024-05-30T11:05:20.140+0000][1859.560s][info][gc,phases   ] GC(296)   Other: 0.2ms
[2024-05-30T11:05:20.140+0000][1859.560s][info][gc,heap     ] GC(296) Eden regions: 505->0(508)
[2024-05-30T11:05:20.140+0000][1859.560s][info][gc,heap     ] GC(296) Survivor regions: 39->36(68)
[2024-05-30T11:05:20.140+0000][1859.560s][info][gc,heap     ] GC(296) Old regions: 575->578
[2024-05-30T11:05:20.140+0000][1859.560s][info][gc,heap     ] GC(296) Archive regions: 2->2
[2024-05-30T11:05:20.140+0000][1859.560s][info][gc,heap     ] GC(296) Humongous regions: 68->68
[2024-05-30T11:05:20.140+0000][1859.560s][info][gc,metaspace] GC(296) Metaspace: 411702K(417792K)->411702K(417792K) NonClass: 359720K(363136K)->359720K(363136K) Class: 51981K(54656K)->51981K(54656K)
[2024-05-30T11:05:20.140+0000][1859.560s][info][gc          ] GC(296) Pause Young (Normal) (G1 Evacuation Pause) 9490M->5449M(12288M) 120.865ms
[2024-05-30T11:05:20.141+0000][1859.560s][info][gc,cpu      ] GC(296) User=0.71s Sys=0.00s Real=0.12s
[2024-05-30T11:05:25.972+0000][1865.391s][info][gc,start    ] GC(297) Pause Young (Normal) (G1 Evacuation Pause)
[2024-05-30T11:05:25.972+0000][1865.391s][info][gc,task     ] GC(297) Using 6 workers of 6 for evacuation
[2024-05-30T11:05:26.083+0000][1865.503s][info][gc,phases   ] GC(297)   Pre Evacuate Collection Set: 0.2ms
[2024-05-30T11:05:26.083+0000][1865.503s][info][gc,phases   ] GC(297)   Merge Heap Roots: 0.3ms
[2024-05-30T11:05:26.083+0000][1865.503s][info][gc,phases   ] GC(297)   Evacuate Collection Set: 108.4ms
[2024-05-30T11:05:26.083+0000][1865.503s][info][gc,phases   ] GC(297)   Post Evacuate Collection Set: 2.2ms
[2024-05-30T11:05:26.083+0000][1865.503s][info][gc,phases   ] GC(297)   Other: 0.2ms
[2024-05-30T11:05:26.083+0000][1865.503s][info][gc,heap     ] GC(297) Eden regions: 508->0(506)
[2024-05-30T11:05:26.083+0000][1865.503s][info][gc,heap     ] GC(297) Survivor regions: 36->36(68)
[2024-05-30T11:05:26.083+0000][1865.503s][info][gc,heap     ] GC(297) Old regions: 578->580
[2024-05-30T11:05:26.083+0000][1865.503s][info][gc,heap     ] GC(297) Archive regions: 2->2
[2024-05-30T11:05:26.083+0000][1865.503s][info][gc,heap     ] GC(297) Humongous regions: 68->68
[2024-05-30T11:05:26.083+0000][1865.503s][info][gc,metaspace] GC(297) Metaspace: 411706K(417792K)->411706K(417792K) NonClass: 359725K(363136K)->359725K(363136K) Class: 51981K(54656K)->51981K(54656K)
[2024-05-30T11:05:26.084+0000][1865.503s][info][gc          ] GC(297) Pause Young (Normal) (G1 Evacuation Pause) 9513M->5469M(12288M) 111.465ms
[2024-05-30T11:05:26.084+0000][1865.503s][info][gc,cpu      ] GC(297) User=0.66s Sys=0.00s Real=0.11s
[2024-05-30T11:05:31.563+0000][1870.982s][info][gc,start    ] GC(298) Pause Young (Normal) (G1 Evacuation Pause)
[2024-05-30T11:05:31.563+0000][1870.982s][info][gc,task     ] GC(298) Using 6 workers of 6 for evacuation
[2024-05-30T11:05:31.669+0000][1871.088s][info][gc,phases   ] GC(298)   Pre Evacuate Collection Set: 0.2ms
[2024-05-30T11:05:31.669+0000][1871.088s][info][gc,phases   ] GC(298)   Merge Heap Roots: 0.3ms
[2024-05-30T11:05:31.669+0000][1871.088s][info][gc,phases   ] GC(298)   Evacuate Collection Set: 103.3ms
[2024-05-30T11:05:31.669+0000][1871.088s][info][gc,phases   ] GC(298)   Post Evacuate Collection Set: 2.2ms
[2024-05-30T11:05:31.669+0000][1871.088s][info][gc,phases   ] GC(298)   Other: 0.2ms
[2024-05-30T11:05:31.669+0000][1871.088s][info][gc,heap     ] GC(298) Eden regions: 506->0(513)
[2024-05-30T11:05:31.669+0000][1871.088s][info][gc,heap     ] GC(298) Survivor regions: 36->32(68)
[2024-05-30T11:05:31.669+0000][1871.088s][info][gc,heap     ] GC(298) Old regions: 580->581
[2024-05-30T11:05:31.669+0000][1871.088s][info][gc,heap     ] GC(298) Archive regions: 2->2
[2024-05-30T11:05:31.669+0000][1871.088s][info][gc,heap     ] GC(298) Humongous regions: 68->68
[2024-05-30T11:05:31.669+0000][1871.088s][info][gc,metaspace] GC(298) Metaspace: 411781K(417856K)->411781K(417856K) NonClass: 359799K(363200K)->359799K(363200K) Class: 51982K(54656K)->51982K(54656K)
[2024-05-30T11:05:31.669+0000][1871.088s][info][gc          ] GC(298) Pause Young (Normal) (G1 Evacuation Pause) 9517M->5451M(12288M) 106.299ms
[2024-05-30T11:05:31.669+0000][1871.088s][info][gc,cpu      ] GC(298) User=0.64s Sys=0.00s Real=0.11s
[2024-05-30T11:05:37.512+0000][1876.931s][info][gc,start    ] GC(299) Pause Young (Normal) (G1 Evacuation Pause)
[2024-05-30T11:05:37.512+0000][1876.931s][info][gc,task     ] GC(299) Using 6 workers of 6 for evacuation
[2024-05-30T11:05:37.617+0000][1877.037s][info][gc,phases   ] GC(299)   Pre Evacuate Collection Set: 0.2ms
[2024-05-30T11:05:37.617+0000][1877.037s][info][gc,phases   ] GC(299)   Merge Heap Roots: 0.3ms
[2024-05-30T11:05:37.617+0000][1877.037s][info][gc,phases   ] GC(299)   Evacuate Collection Set: 102.4ms
[2024-05-30T11:05:37.617+0000][1877.037s][info][gc,phases   ] GC(299)   Post Evacuate Collection Set: 2.1ms
[2024-05-30T11:05:37.617+0000][1877.037s][info][gc,phases   ] GC(299)   Other: 0.2ms
[2024-05-30T11:05:37.617+0000][1877.037s][info][gc,heap     ] GC(299) Eden regions: 513->0(509)
[2024-05-30T11:05:37.617+0000][1877.037s][info][gc,heap     ] GC(299) Survivor regions: 32->34(69)
[2024-05-30T11:05:37.617+0000][1877.037s][info][gc,heap     ] GC(299) Old regions: 581->581
[2024-05-30T11:05:37.617+0000][1877.037s][info][gc,heap     ] GC(299) Archive regions: 2->2
[2024-05-30T11:05:37.617+0000][1877.037s][info][gc,heap     ] GC(299) Humongous regions: 68->68
[2024-05-30T11:05:37.617+0000][1877.037s][info][gc,metaspace] GC(299) Metaspace: 411799K(417856K)->411799K(417856K) NonClass: 359816K(363200K)->359816K(363200K) Class: 51982K(54656K)->51982K(54656K)
[2024-05-30T11:05:37.617+0000][1877.037s][info][gc          ] GC(299) Pause Young (Normal) (G1 Evacuation Pause) 9555M->5467M(12288M) 105.331ms
[2024-05-30T11:05:37.617+0000][1877.037s][info][gc,cpu      ] GC(299) User=0.63s Sys=0.00s Real=0.11s
[2024-05-30T11:05:43.440+0000][1882.859s][info][gc,start    ] GC(300) Pause Young (Normal) (G1 Evacuation Pause)
[2024-05-30T11:05:43.440+0000][1882.859s][info][gc,task     ] GC(300) Using 6 workers of 6 for evacuation
[2024-05-30T11:05:43.547+0000][1882.966s][info][gc,phases   ] GC(300)   Pre Evacuate Collection Set: 0.2ms
[2024-05-30T11:05:43.547+0000][1882.966s][info][gc,phases   ] GC(300)   Merge Heap Roots: 0.3ms
[2024-05-30T11:05:43.547+0000][1882.966s][info][gc,phases   ] GC(300)   Evacuate Collection Set: 103.7ms
[2024-05-30T11:05:43.547+0000][1882.966s][info][gc,phases   ] GC(300)   Post Evacuate Collection Set: 2.1ms
[2024-05-30T11:05:43.547+0000][1882.966s][info][gc,phases   ] GC(300)   Other: 0.2ms
[2024-05-30T11:05:43.547+0000][1882.966s][info][gc,heap     ] GC(300) Eden regions: 509->0(505)
[2024-05-30T11:05:43.547+0000][1882.966s][info][gc,heap     ] GC(300) Survivor regions: 34->35(68)
[2024-05-30T11:05:43.547+0000][1882.966s][info][gc,heap     ] GC(300) Old regions: 581->583
[2024-05-30T11:05:43.547+0000][1882.966s][info][gc,heap     ] GC(300) Archive regions: 2->2
[2024-05-30T11:05:43.547+0000][1882.966s][info][gc,heap     ] GC(300) Humongous regions: 68->68
[2024-05-30T11:05:43.547+0000][1882.966s][info][gc,metaspace] GC(300) Metaspace: 411809K(417856K)->411809K(417856K) NonClass: 359827K(363200K)->359827K(363200K) Class: 51982K(54656K)->51982K(54656K)
[2024-05-30T11:05:43.547+0000][1882.966s][info][gc          ] GC(300) Pause Young (Normal) (G1 Evacuation Pause) 9539M->5483M(12288M) 106.637ms
[2024-05-30T11:05:43.547+0000][1882.966s][info][gc,cpu      ] GC(300) User=0.63s Sys=0.01s Real=0.10s
[2024-05-30T11:05:49.284+0000][1888.703s][info][gc,start    ] GC(301) Pause Young (Normal) (G1 Evacuation Pause)
[2024-05-30T11:05:49.284+0000][1888.703s][info][gc,task     ] GC(301) Using 6 workers of 6 for evacuation
[2024-05-30T11:05:49.391+0000][1888.811s][info][gc,phases   ] GC(301)   Pre Evacuate Collection Set: 0.2ms
[2024-05-30T11:05:49.391+0000][1888.811s][info][gc,phases   ] GC(301)   Merge Heap Roots: 0.3ms
[2024-05-30T11:05:49.391+0000][1888.811s][info][gc,phases   ] GC(301)   Evacuate Collection Set: 104.5ms
[2024-05-30T11:05:49.391+0000][1888.811s][info][gc,phases   ] GC(301)   Post Evacuate Collection Set: 2.1ms
[2024-05-30T11:05:49.391+0000][1888.811s][info][gc,phases   ] GC(301)   Other: 0.2ms
[2024-05-30T11:05:49.391+0000][1888.811s][info][gc,heap     ] GC(301) Eden regions: 505->0(504)
[2024-05-30T11:05:49.391+0000][1888.811s][info][gc,heap     ] GC(301) Survivor regions: 35->34(68)
[2024-05-30T11:05:49.391+0000][1888.811s][info][gc,heap     ] GC(301) Old regions: 583->586
[2024-05-30T11:05:49.391+0000][1888.811s][info][gc,heap     ] GC(301) Archive regions: 2->2
[2024-05-30T11:05:49.391+0000][1888.811s][info][gc,heap     ] GC(301) Humongous regions: 68->68
[2024-05-30T11:05:49.391+0000][1888.811s][info][gc,metaspace] GC(301) Metaspace: 411811K(417856K)->411811K(417856K) NonClass: 359828K(363200K)->359828K(363200K) Class: 51982K(54656K)->51982K(54656K)
[2024-05-30T11:05:49.391+0000][1888.811s][info][gc          ] GC(301) Pause Young (Normal) (G1 Evacuation Pause) 9523M->5498M(12288M) 107.389ms
[2024-05-30T11:05:49.391+0000][1888.811s][info][gc,cpu      ] GC(301) User=0.64s Sys=0.00s Real=0.11s
[2024-05-30T11:05:55.126+0000][1894.545s][info][gc,start    ] GC(302) Pause Young (Normal) (G1 Evacuation Pause)
[2024-05-30T11:05:55.126+0000][1894.546s][info][gc,task     ] GC(302) Using 6 workers of 6 for evacuation
[2024-05-30T11:05:55.230+0000][1894.649s][info][gc,phases   ] GC(302)   Pre Evacuate Collection Set: 0.2ms
[2024-05-30T11:05:55.230+0000][1894.649s][info][gc,phases   ] GC(302)   Merge Heap Roots: 0.4ms
[2024-05-30T11:05:55.230+0000][1894.649s][info][gc,phases   ] GC(302)   Evacuate Collection Set: 100.8ms
[2024-05-30T11:05:55.230+0000][1894.649s][info][gc,phases   ] GC(302)   Post Evacuate Collection Set: 2.4ms
[2024-05-30T11:05:55.230+0000][1894.649s][info][gc,phases   ] GC(302)   Other: 0.2ms
[2024-05-30T11:05:55.230+0000][1894.649s][info][gc,heap     ] GC(302) Eden regions: 504->0(505)
[2024-05-30T11:05:55.230+0000][1894.649s][info][gc,heap     ] GC(302) Survivor regions: 34->32(68)
[2024-05-30T11:05:55.230+0000][1894.649s][info][gc,heap     ] GC(302) Old regions: 586->589
[2024-05-30T11:05:55.230+0000][1894.649s][info][gc,heap     ] GC(302) Archive regions: 2->2
[2024-05-30T11:05:55.230+0000][1894.649s][info][gc,heap     ] GC(302) Humongous regions: 68->68
[2024-05-30T11:05:55.230+0000][1894.649s][info][gc,metaspace] GC(302) Metaspace: 411907K(417984K)->411907K(417984K) NonClass: 359912K(363328K)->359912K(363328K) Class: 51995K(54656K)->51995K(54656K)
[2024-05-30T11:05:55.230+0000][1894.649s][info][gc          ] GC(302) Pause Young (Normal) (G1 Evacuation Pause) 9530M->5514M(12288M) 103.998ms
[2024-05-30T11:05:55.230+0000][1894.650s][info][gc,cpu      ] GC(302) User=0.61s Sys=0.00s Real=0.11s
[2024-05-30T11:06:00.736+0000][1900.155s][info][gc,start    ] GC(303) Pause Young (Normal) (G1 Evacuation Pause)
[2024-05-30T11:06:00.736+0000][1900.155s][info][gc,task     ] GC(303) Using 6 workers of 6 for evacuation
[2024-05-30T11:06:00.829+0000][1900.249s][info][gc,phases   ] GC(303)   Pre Evacuate Collection Set: 0.2ms
[2024-05-30T11:06:00.829+0000][1900.249s][info][gc,phases   ] GC(303)   Merge Heap Roots: 0.3ms
[2024-05-30T11:06:00.829+0000][1900.249s][info][gc,phases   ] GC(303)   Evacuate Collection Set: 90.5ms
[2024-05-30T11:06:00.829+0000][1900.249s][info][gc,phases   ] GC(303)   Post Evacuate Collection Set: 2.1ms
[2024-05-30T11:06:00.829+0000][1900.249s][info][gc,phases   ] GC(303)   Other: 0.2ms
[2024-05-30T11:06:00.829+0000][1900.249s][info][gc,heap     ] GC(303) Eden regions: 505->0(506)
[2024-05-30T11:06:00.829+0000][1900.249s][info][gc,heap     ] GC(303) Survivor regions: 32->30(68)
[2024-05-30T11:06:00.829+0000][1900.249s][info][gc,heap     ] GC(303) Old regions: 589->592
[2024-05-30T11:06:00.829+0000][1900.249s][info][gc,heap     ] GC(303) Archive regions: 2->2
[2024-05-30T11:06:00.829+0000][1900.249s][info][gc,heap     ] GC(303) Humongous regions: 68->68
[2024-05-30T11:06:00.829+0000][1900.249s][info][gc,metaspace] GC(303) Metaspace: 411907K(417984K)->411907K(417984K) NonClass: 359912K(363328K)->359912K(363328K) Class: 51995K(54656K)->51995K(54656K)
[2024-05-30T11:06:00.829+0000][1900.249s][info][gc          ] GC(303) Pause Young (Normal) (G1 Evacuation Pause) 9554M->5523M(12288M) 93.433ms
[2024-05-30T11:06:00.829+0000][1900.249s][info][gc,cpu      ] GC(303) User=0.56s Sys=0.00s Real=0.10s
[2024-05-30T11:06:06.588+0000][1906.008s][info][gc,start    ] GC(304) Pause Young (Normal) (G1 Evacuation Pause)
[2024-05-30T11:06:06.588+0000][1906.008s][info][gc,task     ] GC(304) Using 6 workers of 6 for evacuation
[2024-05-30T11:06:06.672+0000][1906.091s][info][gc,phases   ] GC(304)   Pre Evacuate Collection Set: 0.2ms
[2024-05-30T11:06:06.672+0000][1906.091s][info][gc,phases   ] GC(304)   Merge Heap Roots: 0.3ms
[2024-05-30T11:06:06.672+0000][1906.091s][info][gc,phases   ] GC(304)   Evacuate Collection Set: 81.0ms
[2024-05-30T11:06:06.672+0000][1906.091s][info][gc,phases   ] GC(304)   Post Evacuate Collection Set: 2.1ms
[2024-05-30T11:06:06.672+0000][1906.091s][info][gc,phases   ] GC(304)   Other: 0.2ms
[2024-05-30T11:06:06.672+0000][1906.091s][info][gc,heap     ] GC(304) Eden regions: 506->0(505)
[2024-05-30T11:06:06.672+0000][1906.091s][info][gc,heap     ] GC(304) Survivor regions: 30->29(67)
[2024-05-30T11:06:06.672+0000][1906.091s][info][gc,heap     ] GC(304) Old regions: 592->595
[2024-05-30T11:06:06.672+0000][1906.091s][info][gc,heap     ] GC(304) Archive regions: 2->2
[2024-05-30T11:06:06.672+0000][1906.091s][info][gc,heap     ] GC(304) Humongous regions: 68->68
[2024-05-30T11:06:06.672+0000][1906.091s][info][gc,metaspace] GC(304) Metaspace: 411907K(417984K)->411907K(417984K) NonClass: 359912K(363328K)->359912K(363328K) Class: 51995K(54656K)->51995K(54656K)
[2024-05-30T11:06:06.672+0000][1906.091s][info][gc          ] GC(304) Pause Young (Normal) (G1 Evacuation Pause) 9571M->5539M(12288M) 83.839ms
[2024-05-30T11:06:06.672+0000][1906.091s][info][gc,cpu      ] GC(304) User=0.50s Sys=0.01s Real=0.08s
[2024-05-30T11:06:12.206+0000][1911.625s][info][gc,start    ] GC(305) Pause Young (Normal) (G1 Evacuation Pause)
[2024-05-30T11:06:12.206+0000][1911.625s][info][gc,task     ] GC(305) Using 6 workers of 6 for evacuation
[2024-05-30T11:06:12.281+0000][1911.700s][info][gc,phases   ] GC(305)   Pre Evacuate Collection Set: 0.2ms
[2024-05-30T11:06:12.281+0000][1911.700s][info][gc,phases   ] GC(305)   Merge Heap Roots: 0.3ms
[2024-05-30T11:06:12.281+0000][1911.700s][info][gc,phases   ] GC(305)   Evacuate Collection Set: 72.6ms
[2024-05-30T11:06:12.281+0000][1911.700s][info][gc,phases   ] GC(305)   Post Evacuate Collection Set: 2.0ms
[2024-05-30T11:06:12.281+0000][1911.700s][info][gc,phases   ] GC(305)   Other: 0.2ms
[2024-05-30T11:06:12.281+0000][1911.700s][info][gc,heap     ] GC(305) Eden regions: 505->0(506)
[2024-05-30T11:06:12.281+0000][1911.700s][info][gc,heap     ] GC(305) Survivor regions: 29->27(67)
[2024-05-30T11:06:12.281+0000][1911.700s][info][gc,heap     ] GC(305) Old regions: 595->598
[2024-05-30T11:06:12.281+0000][1911.700s][info][gc,heap     ] GC(305) Archive regions: 2->2
[2024-05-30T11:06:12.281+0000][1911.700s][info][gc,heap     ] GC(305) Humongous regions: 68->68
[2024-05-30T11:06:12.281+0000][1911.700s][info][gc,metaspace] GC(305) Metaspace: 411908K(417984K)->411908K(417984K) NonClass: 359913K(363328K)->359913K(363328K) Class: 51995K(54656K)->51995K(54656K)
[2024-05-30T11:06:12.281+0000][1911.700s][info][gc          ] GC(305) Pause Young (Normal) (G1 Evacuation Pause) 9579M->5543M(12288M) 75.353ms
[2024-05-30T11:06:12.281+0000][1911.700s][info][gc,cpu      ] GC(305) User=0.45s Sys=0.00s Real=0.08s
[2024-05-30T11:06:16.203+0000][1915.622s][info][gc,start    ] GC(306) Pause Young (Normal) (G1 Evacuation Pause)
[2024-05-30T11:06:16.203+0000][1915.622s][info][gc,task     ] GC(306) Using 6 workers of 6 for evacuation
[2024-05-30T11:06:16.261+0000][1915.680s][info][gc,phases   ] GC(306)   Pre Evacuate Collection Set: 0.2ms
[2024-05-30T11:06:16.261+0000][1915.680s][info][gc,phases   ] GC(306)   Merge Heap Roots: 0.3ms
[2024-05-30T11:06:16.261+0000][1915.680s][info][gc,phases   ] GC(306)   Evacuate Collection Set: 55.0ms
[2024-05-30T11:06:16.261+0000][1915.680s][info][gc,phases   ] GC(306)   Post Evacuate Collection Set: 2.1ms
[2024-05-30T11:06:16.261+0000][1915.680s][info][gc,phases   ] GC(306)   Other: 0.2ms
[2024-05-30T11:06:16.261+0000][1915.680s][info][gc,heap     ] GC(306) Eden regions: 506->0(517)
[2024-05-30T11:06:16.261+0000][1915.680s][info][gc,heap     ] GC(306) Survivor regions: 27->20(67)
[2024-05-30T11:06:16.261+0000][1915.680s][info][gc,heap     ] GC(306) Old regions: 598->601
[2024-05-30T11:06:16.261+0000][1915.680s][info][gc,heap     ] GC(306) Archive regions: 2->2
[2024-05-30T11:06:16.261+0000][1915.680s][info][gc,heap     ] GC(306) Humongous regions: 68->68
[2024-05-30T11:06:16.261+0000][1915.680s][info][gc,metaspace] GC(306) Metaspace: 411912K(417984K)->411912K(417984K) NonClass: 359917K(363328K)->359917K(363328K) Class: 51995K(54656K)->51995K(54656K)
[2024-05-30T11:06:16.261+0000][1915.680s][info][gc          ] GC(306) Pause Young (Normal) (G1 Evacuation Pause) 9591M->5513M(12288M) 57.788ms
[2024-05-30T11:06:16.261+0000][1915.680s][info][gc,cpu      ] GC(306) User=0.34s Sys=0.00s Real=0.06s
[2024-05-30T11:06:19.385+0000][1918.804s][info][gc,start    ] GC(307) Pause Young (Normal) (G1 Evacuation Pause)
[2024-05-30T11:06:19.385+0000][1918.804s][info][gc,task     ] GC(307) Using 6 workers of 6 for evacuation
[2024-05-30T11:06:19.447+0000][1918.866s][info][gc,phases   ] GC(307)   Pre Evacuate Collection Set: 0.2ms
[2024-05-30T11:06:19.447+0000][1918.866s][info][gc,phases   ] GC(307)   Merge Heap Roots: 0.2ms
[2024-05-30T11:06:19.447+0000][1918.866s][info][gc,phases   ] GC(307)   Evacuate Collection Set: 59.6ms
[2024-05-30T11:06:19.447+0000][1918.866s][info][gc,phases   ] GC(307)   Post Evacuate Collection Set: 2.1ms
[2024-05-30T11:06:19.447+0000][1918.866s][info][gc,phases   ] GC(307)   Other: 0.2ms
[2024-05-30T11:06:19.447+0000][1918.866s][info][gc,heap     ] GC(307) Eden regions: 517->0(517)
[2024-05-30T11:06:19.447+0000][1918.866s][info][gc,heap     ] GC(307) Survivor regions: 20->19(68)
[2024-05-30T11:06:19.447+0000][1918.866s][info][gc,heap     ] GC(307) Old regions: 601->603
[2024-05-30T11:06:19.447+0000][1918.866s][info][gc,heap     ] GC(307) Archive regions: 2->2
[2024-05-30T11:06:19.447+0000][1918.866s][info][gc,heap     ] GC(307) Humongous regions: 68->68
[2024-05-30T11:06:19.447+0000][1918.866s][info][gc,metaspace] GC(307) Metaspace: 411912K(417984K)->411912K(417984K) NonClass: 359917K(363328K)->359917K(363328K) Class: 51995K(54656K)->51995K(54656K)
[2024-05-30T11:06:19.447+0000][1918.866s][info][gc          ] GC(307) Pause Young (Normal) (G1 Evacuation Pause) 9649M->5520M(12288M) 62.370ms
[2024-05-30T11:06:19.447+0000][1918.866s][info][gc,cpu      ] GC(307) User=0.35s Sys=0.01s Real=0.06s
[2024-05-30T11:06:22.452+0000][1921.871s][info][gc,start    ] GC(308) Pause Young (Normal) (G1 Evacuation Pause)
[2024-05-30T11:06:22.452+0000][1921.871s][info][gc,task     ] GC(308) Using 6 workers of 6 for evacuation
[2024-05-30T11:06:22.494+0000][1921.913s][info][gc,phases   ] GC(308)   Pre Evacuate Collection Set: 0.2ms
[2024-05-30T11:06:22.494+0000][1921.913s][info][gc,phases   ] GC(308)   Merge Heap Roots: 0.2ms
[2024-05-30T11:06:22.494+0000][1921.913s][info][gc,phases   ] GC(308)   Evacuate Collection Set: 39.1ms
[2024-05-30T11:06:22.494+0000][1921.913s][info][gc,phases   ] GC(308)   Post Evacuate Collection Set: 2.3ms
[2024-05-30T11:06:22.494+0000][1921.913s][info][gc,phases   ] GC(308)   Other: 0.2ms
[2024-05-30T11:06:22.494+0000][1921.913s][info][gc,heap     ] GC(308) Eden regions: 517->0(519)
[2024-05-30T11:06:22.494+0000][1921.913s][info][gc,heap     ] GC(308) Survivor regions: 19->18(67)
[2024-05-30T11:06:22.494+0000][1921.913s][info][gc,heap     ] GC(308) Old regions: 603->603
[2024-05-30T11:06:22.494+0000][1921.913s][info][gc,heap     ] GC(308) Archive regions: 2->2
[2024-05-30T11:06:22.494+0000][1921.913s][info][gc,heap     ] GC(308) Humongous regions: 68->68
[2024-05-30T11:06:22.494+0000][1921.913s][info][gc,metaspace] GC(308) Metaspace: 411917K(417984K)->411917K(417984K) NonClass: 359922K(363328K)->359922K(363328K) Class: 51995K(54656K)->51995K(54656K)
[2024-05-30T11:06:22.494+0000][1921.913s][info][gc          ] GC(308) Pause Young (Normal) (G1 Evacuation Pause) 9656M->5511M(12288M) 41.991ms
[2024-05-30T11:06:22.494+0000][1921.913s][info][gc,cpu      ] GC(308) User=0.25s Sys=0.00s Real=0.04s
[2024-05-30T11:06:25.587+0000][1925.006s][info][gc,start    ] GC(309) Pause Young (Normal) (G1 Evacuation Pause)
[2024-05-30T11:06:25.587+0000][1925.006s][info][gc,task     ] GC(309) Using 6 workers of 6 for evacuation
[2024-05-30T11:06:25.631+0000][1925.050s][info][gc,phases   ] GC(309)   Pre Evacuate Collection Set: 0.2ms
[2024-05-30T11:06:25.631+0000][1925.050s][info][gc,phases   ] GC(309)   Merge Heap Roots: 0.2ms
[2024-05-30T11:06:25.631+0000][1925.050s][info][gc,phases   ] GC(309)   Evacuate Collection Set: 41.6ms
[2024-05-30T11:06:25.631+0000][1925.050s][info][gc,phases   ] GC(309)   Post Evacuate Collection Set: 2.3ms
[2024-05-30T11:06:25.631+0000][1925.050s][info][gc,phases   ] GC(309)   Other: 0.2ms
[2024-05-30T11:06:25.631+0000][1925.050s][info][gc,heap     ] GC(309) Eden regions: 519->0(520)
[2024-05-30T11:06:25.631+0000][1925.050s][info][gc,heap     ] GC(309) Survivor regions: 18->17(68)
[2024-05-30T11:06:25.631+0000][1925.050s][info][gc,heap     ] GC(309) Old regions: 603->604
[2024-05-30T11:06:25.631+0000][1925.050s][info][gc,heap     ] GC(309) Archive regions: 2->2
[2024-05-30T11:06:25.631+0000][1925.050s][info][gc,heap     ] GC(309) Humongous regions: 68->68
[2024-05-30T11:06:25.631+0000][1925.050s][info][gc,metaspace] GC(309) Metaspace: 411918K(417984K)->411918K(417984K) NonClass: 359923K(363328K)->359923K(363328K) Class: 51995K(54656K)->51995K(54656K)
[2024-05-30T11:06:25.631+0000][1925.050s][info][gc          ] GC(309) Pause Young (Normal) (G1 Evacuation Pause) 9663M->5509M(12288M) 44.543ms
[2024-05-30T11:06:25.631+0000][1925.051s][info][gc,cpu      ] GC(309) User=0.26s Sys=0.00s Real=0.05s
[2024-05-30T11:06:28.354+0000][1927.773s][info][gc,start    ] GC(310) Pause Young (Normal) (G1 Evacuation Pause)
[2024-05-30T11:06:28.354+0000][1927.773s][info][gc,task     ] GC(310) Using 6 workers of 6 for evacuation
[2024-05-30T11:06:28.401+0000][1927.820s][info][gc,phases   ] GC(310)   Pre Evacuate Collection Set: 0.2ms
[2024-05-30T11:06:28.401+0000][1927.820s][info][gc,phases   ] GC(310)   Merge Heap Roots: 0.2ms
[2024-05-30T11:06:28.401+0000][1927.820s][info][gc,phases   ] GC(310)   Evacuate Collection Set: 44.0ms
[2024-05-30T11:06:28.401+0000][1927.820s][info][gc,phases   ] GC(310)   Post Evacuate Collection Set: 2.3ms
[2024-05-30T11:06:28.401+0000][1927.820s][info][gc,phases   ] GC(310)   Other: 0.2ms
[2024-05-30T11:06:28.401+0000][1927.820s][info][gc,heap     ] GC(310) Eden regions: 520->0(518)
[2024-05-30T11:06:28.401+0000][1927.820s][info][gc,heap     ] GC(310) Survivor regions: 17->18(68)
[2024-05-30T11:06:28.401+0000][1927.820s][info][gc,heap     ] GC(310) Old regions: 604->604
[2024-05-30T11:06:28.401+0000][1927.820s][info][gc,heap     ] GC(310) Archive regions: 2->2
[2024-05-30T11:06:28.401+0000][1927.820s][info][gc,heap     ] GC(310) Humongous regions: 68->68
[2024-05-30T11:06:28.401+0000][1927.820s][info][gc,metaspace] GC(310) Metaspace: 411918K(417984K)->411918K(417984K) NonClass: 359923K(363328K)->359923K(363328K) Class: 51995K(54656K)->51995K(54656K)
[2024-05-30T11:06:28.401+0000][1927.820s][info][gc          ] GC(310) Pause Young (Normal) (G1 Evacuation Pause) 9669M->5514M(12288M) 46.895ms
[2024-05-30T11:06:28.401+0000][1927.820s][info][gc,cpu      ] GC(310) User=0.28s Sys=0.00s Real=0.05s
[2024-05-30T11:06:31.588+0000][1931.007s][info][gc,start    ] GC(311) Pause Young (Normal) (G1 Evacuation Pause)
[2024-05-30T11:06:31.588+0000][1931.007s][info][gc,task     ] GC(311) Using 6 workers of 6 for evacuation
[2024-05-30T11:06:31.635+0000][1931.054s][info][gc,phases   ] GC(311)   Pre Evacuate Collection Set: 0.2ms
[2024-05-30T11:06:31.635+0000][1931.054s][info][gc,phases   ] GC(311)   Merge Heap Roots: 0.2ms
[2024-05-30T11:06:31.635+0000][1931.054s][info][gc,phases   ] GC(311)   Evacuate Collection Set: 44.8ms
[2024-05-30T11:06:31.635+0000][1931.054s][info][gc,phases   ] GC(311)   Post Evacuate Collection Set: 2.0ms
[2024-05-30T11:06:31.635+0000][1931.054s][info][gc,phases   ] GC(311)   Other: 0.2ms
[2024-05-30T11:06:31.635+0000][1931.054s][info][gc,heap     ] GC(311) Eden regions: 518->0(518)
[2024-05-30T11:06:31.635+0000][1931.054s][info][gc,heap     ] GC(311) Survivor regions: 18->18(67)
[2024-05-30T11:06:31.635+0000][1931.054s][info][gc,heap     ] GC(311) Old regions: 604->604
[2024-05-30T11:06:31.635+0000][1931.054s][info][gc,heap     ] GC(311) Archive regions: 2->2
[2024-05-30T11:06:31.635+0000][1931.054s][info][gc,heap     ] GC(311) Humongous regions: 68->68
[2024-05-30T11:06:31.635+0000][1931.054s][info][gc,metaspace] GC(311) Metaspace: 411918K(417984K)->411918K(417984K) NonClass: 359923K(363328K)->359923K(363328K) Class: 51995K(54656K)->51995K(54656K)
[2024-05-30T11:06:31.635+0000][1931.055s][info][gc          ] GC(311) Pause Young (Normal) (G1 Evacuation Pause) 9658M->5518M(12288M) 47.486ms
[2024-05-30T11:06:31.635+0000][1931.055s][info][gc,cpu      ] GC(311) User=0.28s Sys=0.00s Real=0.05s
[2024-05-30T11:06:34.712+0000][1934.132s][info][gc,start    ] GC(312) Pause Young (Normal) (G1 Evacuation Pause)
[2024-05-30T11:06:34.712+0000][1934.132s][info][gc,task     ] GC(312) Using 6 workers of 6 for evacuation
[2024-05-30T11:06:34.756+0000][1934.175s][info][gc,phases   ] GC(312)   Pre Evacuate Collection Set: 0.2ms
[2024-05-30T11:06:34.756+0000][1934.175s][info][gc,phases   ] GC(312)   Merge Heap Roots: 0.2ms
[2024-05-30T11:06:34.756+0000][1934.175s][info][gc,phases   ] GC(312)   Evacuate Collection Set: 40.8ms
[2024-05-30T11:06:34.756+0000][1934.175s][info][gc,phases   ] GC(312)   Post Evacuate Collection Set: 2.1ms
[2024-05-30T11:06:34.756+0000][1934.175s][info][gc,phases   ] GC(312)   Other: 0.2ms
[2024-05-30T11:06:34.756+0000][1934.175s][info][gc,heap     ] GC(312) Eden regions: 518->0(517)
[2024-05-30T11:06:34.756+0000][1934.175s][info][gc,heap     ] GC(312) Survivor regions: 18->18(67)
[2024-05-30T11:06:34.756+0000][1934.175s][info][gc,heap     ] GC(312) Old regions: 604->605
[2024-05-30T11:06:34.756+0000][1934.175s][info][gc,heap     ] GC(312) Archive regions: 2->2
[2024-05-30T11:06:34.756+0000][1934.175s][info][gc,heap     ] GC(312) Humongous regions: 68->68
[2024-05-30T11:06:34.756+0000][1934.175s][info][gc,metaspace] GC(312) Metaspace: 411918K(417984K)->411918K(417984K) NonClass: 359923K(363328K)->359923K(363328K) Class: 51995K(54656K)->51995K(54656K)
[2024-05-30T11:06:34.756+0000][1934.175s][info][gc          ] GC(312) Pause Young (Normal) (G1 Evacuation Pause) 9662M->5525M(12288M) 43.502ms
[2024-05-30T11:06:34.756+0000][1934.175s][info][gc,cpu      ] GC(312) User=0.26s Sys=0.00s Real=0.04s
[2024-05-30T11:06:38.092+0000][1937.511s][info][gc,start    ] GC(313) Pause Young (Normal) (G1 Evacuation Pause)
[2024-05-30T11:06:38.092+0000][1937.511s][info][gc,task     ] GC(313) Using 6 workers of 6 for evacuation
[2024-05-30T11:06:38.136+0000][1937.555s][info][gc,phases   ] GC(313)   Pre Evacuate Collection Set: 0.2ms
[2024-05-30T11:06:38.136+0000][1937.555s][info][gc,phases   ] GC(313)   Merge Heap Roots: 0.2ms
[2024-05-30T11:06:38.136+0000][1937.555s][info][gc,phases   ] GC(313)   Evacuate Collection Set: 41.9ms
[2024-05-30T11:06:38.136+0000][1937.555s][info][gc,phases   ] GC(313)   Post Evacuate Collection Set: 2.1ms
[2024-05-30T11:06:38.136+0000][1937.555s][info][gc,phases   ] GC(313)   Other: 0.2ms
[2024-05-30T11:06:38.136+0000][1937.555s][info][gc,heap     ] GC(313) Eden regions: 517->0(516)
[2024-05-30T11:06:38.136+0000][1937.555s][info][gc,heap     ] GC(313) Survivor regions: 18->18(67)
[2024-05-30T11:06:38.136+0000][1937.555s][info][gc,heap     ] GC(313) Old regions: 605->606
[2024-05-30T11:06:38.136+0000][1937.555s][info][gc,heap     ] GC(313) Archive regions: 2->2
[2024-05-30T11:06:38.136+0000][1937.555s][info][gc,heap     ] GC(313) Humongous regions: 68->68
[2024-05-30T11:06:38.136+0000][1937.555s][info][gc,metaspace] GC(313) Metaspace: 411919K(417984K)->411919K(417984K) NonClass: 359924K(363328K)->359924K(363328K) Class: 51995K(54656K)->51995K(54656K)
[2024-05-30T11:06:38.136+0000][1937.555s][info][gc          ] GC(313) Pause Young (Normal) (G1 Evacuation Pause) 9661M->5530M(12288M) 44.630ms
[2024-05-30T11:06:38.136+0000][1937.555s][info][gc,cpu      ] GC(313) User=0.30s Sys=0.00s Real=0.04s
[2024-05-30T11:06:41.272+0000][1940.691s][info][gc,start    ] GC(314) Pause Young (Normal) (G1 Evacuation Pause)
[2024-05-30T11:06:41.272+0000][1940.691s][info][gc,task     ] GC(314) Using 6 workers of 6 for evacuation
[2024-05-30T11:06:41.315+0000][1940.734s][info][gc,phases   ] GC(314)   Pre Evacuate Collection Set: 0.2ms
[2024-05-30T11:06:41.315+0000][1940.734s][info][gc,phases   ] GC(314)   Merge Heap Roots: 0.2ms
[2024-05-30T11:06:41.315+0000][1940.734s][info][gc,phases   ] GC(314)   Evacuate Collection Set: 40.5ms
[2024-05-30T11:06:41.315+0000][1940.734s][info][gc,phases   ] GC(314)   Post Evacuate Collection Set: 2.1ms
[2024-05-30T11:06:41.315+0000][1940.734s][info][gc,phases   ] GC(314)   Other: 0.2ms
[2024-05-30T11:06:41.315+0000][1940.734s][info][gc,heap     ] GC(314) Eden regions: 516->0(516)
[2024-05-30T11:06:41.315+0000][1940.734s][info][gc,heap     ] GC(314) Survivor regions: 18->18(67)
[2024-05-30T11:06:41.315+0000][1940.734s][info][gc,heap     ] GC(314) Old regions: 606->606
[2024-05-30T11:06:41.315+0000][1940.734s][info][gc,heap     ] GC(314) Archive regions: 2->2
[2024-05-30T11:06:41.315+0000][1940.734s][info][gc,heap     ] GC(314) Humongous regions: 68->68
[2024-05-30T11:06:41.315+0000][1940.734s][info][gc,metaspace] GC(314) Metaspace: 411920K(417984K)->411920K(417984K) NonClass: 359925K(363328K)->359925K(363328K) Class: 51995K(54656K)->51995K(54656K)
[2024-05-30T11:06:41.315+0000][1940.734s][info][gc          ] GC(314) Pause Young (Normal) (G1 Evacuation Pause) 9658M->5536M(12288M) 43.303ms
[2024-05-30T11:06:41.315+0000][1940.734s][info][gc,cpu      ] GC(314) User=0.25s Sys=0.00s Real=0.04s
[2024-05-30T11:06:44.400+0000][1943.819s][info][gc,start    ] GC(315) Pause Young (Normal) (G1 Evacuation Pause)
[2024-05-30T11:06:44.400+0000][1943.819s][info][gc,task     ] GC(315) Using 6 workers of 6 for evacuation
[2024-05-30T11:06:44.445+0000][1943.864s][info][gc,phases   ] GC(315)   Pre Evacuate Collection Set: 0.2ms
[2024-05-30T11:06:44.445+0000][1943.864s][info][gc,phases   ] GC(315)   Merge Heap Roots: 0.2ms
[2024-05-30T11:06:44.445+0000][1943.864s][info][gc,phases   ] GC(315)   Evacuate Collection Set: 42.2ms
[2024-05-30T11:06:44.445+0000][1943.864s][info][gc,phases   ] GC(315)   Post Evacuate Collection Set: 2.0ms
[2024-05-30T11:06:44.445+0000][1943.864s][info][gc,phases   ] GC(315)   Other: 0.2ms
[2024-05-30T11:06:44.445+0000][1943.864s][info][gc,heap     ] GC(315) Eden regions: 516->0(513)
[2024-05-30T11:06:44.445+0000][1943.864s][info][gc,heap     ] GC(315) Survivor regions: 18->19(67)
[2024-05-30T11:06:44.445+0000][1943.864s][info][gc,heap     ] GC(315) Old regions: 606->607
[2024-05-30T11:06:44.445+0000][1943.864s][info][gc,heap     ] GC(315) Archive regions: 2->2
[2024-05-30T11:06:44.445+0000][1943.864s][info][gc,heap     ] GC(315) Humongous regions: 68->68
[2024-05-30T11:06:44.445+0000][1943.864s][info][gc,metaspace] GC(315) Metaspace: 411924K(417984K)->411924K(417984K) NonClass: 359929K(363328K)->359929K(363328K) Class: 51995K(54656K)->51995K(54656K)
[2024-05-30T11:06:44.445+0000][1943.864s][info][gc          ] GC(315) Pause Young (Normal) (G1 Evacuation Pause) 9664M->5555M(12288M) 44.908ms
[2024-05-30T11:06:44.445+0000][1943.864s][info][gc,cpu      ] GC(315) User=0.27s Sys=0.00s Real=0.04s
[2024-05-30T11:06:48.175+0000][1947.594s][info][gc,start    ] GC(316) Pause Young (Normal) (G1 Evacuation Pause)
[2024-05-30T11:06:48.175+0000][1947.594s][info][gc,task     ] GC(316) Using 6 workers of 6 for evacuation
[2024-05-30T11:06:48.220+0000][1947.639s][info][gc,phases   ] GC(316)   Pre Evacuate Collection Set: 0.2ms
[2024-05-30T11:06:48.220+0000][1947.639s][info][gc,phases   ] GC(316)   Merge Heap Roots: 0.2ms
[2024-05-30T11:06:48.220+0000][1947.639s][info][gc,phases   ] GC(316)   Evacuate Collection Set: 42.6ms
[2024-05-30T11:06:48.220+0000][1947.639s][info][gc,phases   ] GC(316)   Post Evacuate Collection Set: 2.0ms
[2024-05-30T11:06:48.220+0000][1947.639s][info][gc,phases   ] GC(316)   Other: 0.2ms
[2024-05-30T11:06:48.220+0000][1947.640s][info][gc,heap     ] GC(316) Eden regions: 513->0(512)
[2024-05-30T11:06:48.220+0000][1947.640s][info][gc,heap     ] GC(316) Survivor regions: 19->19(67)
[2024-05-30T11:06:48.220+0000][1947.640s][info][gc,heap     ] GC(316) Old regions: 607->608
[2024-05-30T11:06:48.220+0000][1947.640s][info][gc,heap     ] GC(316) Archive regions: 2->2
[2024-05-30T11:06:48.220+0000][1947.640s][info][gc,heap     ] GC(316) Humongous regions: 68->68
[2024-05-30T11:06:48.220+0000][1947.640s][info][gc,metaspace] GC(316) Metaspace: 411930K(417984K)->411930K(417984K) NonClass: 359935K(363328K)->359935K(363328K) Class: 51995K(54656K)->51995K(54656K)
[2024-05-30T11:06:48.220+0000][1947.640s][info][gc          ] GC(316) Pause Young (Normal) (G1 Evacuation Pause) 9659M->5557M(12288M) 45.300ms
[2024-05-30T11:06:48.220+0000][1947.640s][info][gc,cpu      ] GC(316) User=0.27s Sys=0.00s Real=0.05s
[2024-05-30T11:06:51.647+0000][1951.066s][info][gc,start    ] GC(317) Pause Young (Normal) (G1 Evacuation Pause)
[2024-05-30T11:06:51.647+0000][1951.066s][info][gc,task     ] GC(317) Using 6 workers of 6 for evacuation
[2024-05-30T11:06:51.695+0000][1951.114s][info][gc,phases   ] GC(317)   Pre Evacuate Collection Set: 0.2ms
[2024-05-30T11:06:51.695+0000][1951.114s][info][gc,phases   ] GC(317)   Merge Heap Roots: 0.2ms
[2024-05-30T11:06:51.695+0000][1951.114s][info][gc,phases   ] GC(317)   Evacuate Collection Set: 45.1ms
[2024-05-30T11:06:51.695+0000][1951.114s][info][gc,phases   ] GC(317)   Post Evacuate Collection Set: 2.2ms
[2024-05-30T11:06:51.695+0000][1951.114s][info][gc,phases   ] GC(317)   Other: 0.2ms
[2024-05-30T11:06:51.695+0000][1951.114s][info][gc,heap     ] GC(317) Eden regions: 512->0(511)
[2024-05-30T11:06:51.695+0000][1951.114s][info][gc,heap     ] GC(317) Survivor regions: 19->19(67)
[2024-05-30T11:06:51.695+0000][1951.114s][info][gc,heap     ] GC(317) Old regions: 608->609
[2024-05-30T11:06:51.695+0000][1951.114s][info][gc,heap     ] GC(317) Archive regions: 2->2
[2024-05-30T11:06:51.695+0000][1951.114s][info][gc,heap     ] GC(317) Humongous regions: 68->68
[2024-05-30T11:06:51.695+0000][1951.114s][info][gc,metaspace] GC(317) Metaspace: 411942K(417984K)->411942K(417984K) NonClass: 359947K(363328K)->359947K(363328K) Class: 51995K(54656K)->51995K(54656K)
[2024-05-30T11:06:51.695+0000][1951.114s][info][gc          ] GC(317) Pause Young (Normal) (G1 Evacuation Pause) 9653M->5564M(12288M) 48.040ms
[2024-05-30T11:06:51.695+0000][1951.114s][info][gc,cpu      ] GC(317) User=0.33s Sys=0.00s Real=0.05s
[2024-05-30T11:06:54.804+0000][1954.224s][info][gc,start    ] GC(318) Pause Young (Normal) (G1 Evacuation Pause)
[2024-05-30T11:06:54.804+0000][1954.224s][info][gc,task     ] GC(318) Using 6 workers of 6 for evacuation
[2024-05-30T11:06:54.850+0000][1954.269s][info][gc,phases   ] GC(318)   Pre Evacuate Collection Set: 0.2ms
[2024-05-30T11:06:54.850+0000][1954.269s][info][gc,phases   ] GC(318)   Merge Heap Roots: 0.2ms
[2024-05-30T11:06:54.850+0000][1954.269s][info][gc,phases   ] GC(318)   Evacuate Collection Set: 42.4ms
[2024-05-30T11:06:54.850+0000][1954.269s][info][gc,phases   ] GC(318)   Post Evacuate Collection Set: 2.2ms
[2024-05-30T11:06:54.850+0000][1954.269s][info][gc,phases   ] GC(318)   Other: 0.2ms
[2024-05-30T11:06:54.850+0000][1954.269s][info][gc,heap     ] GC(318) Eden regions: 511->0(510)
[2024-05-30T11:06:54.850+0000][1954.269s][info][gc,heap     ] GC(318) Survivor regions: 19->19(67)
[2024-05-30T11:06:54.850+0000][1954.269s][info][gc,heap     ] GC(318) Old regions: 609->610
[2024-05-30T11:06:54.850+0000][1954.269s][info][gc,heap     ] GC(318) Archive regions: 2->2
[2024-05-30T11:06:54.850+0000][1954.269s][info][gc,heap     ] GC(318) Humongous regions: 68->68
[2024-05-30T11:06:54.850+0000][1954.269s][info][gc,metaspace] GC(318) Metaspace: 411946K(418048K)->411946K(418048K) NonClass: 359951K(363392K)->359951K(363392K) Class: 51995K(54656K)->51995K(54656K)
[2024-05-30T11:06:54.850+0000][1954.269s][info][gc          ] GC(318) Pause Young (Normal) (G1 Evacuation Pause) 9652M->5575M(12288M) 45.305ms
[2024-05-30T11:06:54.850+0000][1954.269s][info][gc,cpu      ] GC(318) User=0.26s Sys=0.00s Real=0.05s
[2024-05-30T11:06:58.778+0000][1958.198s][info][gc,start    ] GC(319) Pause Young (Normal) (G1 Evacuation Pause)
[2024-05-30T11:06:58.778+0000][1958.198s][info][gc,task     ] GC(319) Using 6 workers of 6 for evacuation
[2024-05-30T11:06:58.821+0000][1958.240s][info][gc,phases   ] GC(319)   Pre Evacuate Collection Set: 0.2ms
[2024-05-30T11:06:58.821+0000][1958.240s][info][gc,phases   ] GC(319)   Merge Heap Roots: 0.2ms
[2024-05-30T11:06:58.821+0000][1958.240s][info][gc,phases   ] GC(319)   Evacuate Collection Set: 40.2ms
[2024-05-30T11:06:58.821+0000][1958.240s][info][gc,phases   ] GC(319)   Post Evacuate Collection Set: 2.0ms
[2024-05-30T11:06:58.821+0000][1958.240s][info][gc,phases   ] GC(319)   Other: 0.2ms
[2024-05-30T11:06:58.821+0000][1958.240s][info][gc,heap     ] GC(319) Eden regions: 510->0(509)
[2024-05-30T11:06:58.821+0000][1958.240s][info][gc,heap     ] GC(319) Survivor regions: 19->19(67)
[2024-05-30T11:06:58.821+0000][1958.240s][info][gc,heap     ] GC(319) Old regions: 610->611
[2024-05-30T11:06:58.821+0000][1958.240s][info][gc,heap     ] GC(319) Archive regions: 2->2
[2024-05-30T11:06:58.821+0000][1958.240s][info][gc,heap     ] GC(319) Humongous regions: 68->68
[2024-05-30T11:06:58.821+0000][1958.240s][info][gc,metaspace] GC(319) Metaspace: 411946K(418048K)->411946K(418048K) NonClass: 359951K(363392K)->359951K(363392K) Class: 51995K(54656K)->51995K(54656K)
[2024-05-30T11:06:58.821+0000][1958.241s][info][gc          ] GC(319) Pause Young (Normal) (G1 Evacuation Pause) 9655M->5577M(12288M) 42.913ms
[2024-05-30T11:06:58.821+0000][1958.241s][info][gc,cpu      ] GC(319) User=0.25s Sys=0.00s Real=0.04s
[2024-05-30T11:07:01.513+0000][1960.932s][info][gc,start    ] GC(320) Pause Young (Normal) (G1 Evacuation Pause)
[2024-05-30T11:07:01.513+0000][1960.932s][info][gc,task     ] GC(320) Using 6 workers of 6 for evacuation
[2024-05-30T11:07:01.555+0000][1960.974s][info][gc,phases   ] GC(320)   Pre Evacuate Collection Set: 0.2ms
[2024-05-30T11:07:01.555+0000][1960.974s][info][gc,phases   ] GC(320)   Merge Heap Roots: 0.2ms
[2024-05-30T11:07:01.555+0000][1960.974s][info][gc,phases   ] GC(320)   Evacuate Collection Set: 39.6ms
[2024-05-30T11:07:01.555+0000][1960.974s][info][gc,phases   ] GC(320)   Post Evacuate Collection Set: 2.0ms
[2024-05-30T11:07:01.555+0000][1960.974s][info][gc,phases   ] GC(320)   Other: 0.2ms
[2024-05-30T11:07:01.555+0000][1960.974s][info][gc,heap     ] GC(320) Eden regions: 509->0(509)
[2024-05-30T11:07:01.555+0000][1960.974s][info][gc,heap     ] GC(320) Survivor regions: 19->19(66)
[2024-05-30T11:07:01.555+0000][1960.974s][info][gc,heap     ] GC(320) Old regions: 611->611
[2024-05-30T11:07:01.555+0000][1960.974s][info][gc,heap     ] GC(320) Archive regions: 2->2
[2024-05-30T11:07:01.555+0000][1960.974s][info][gc,heap     ] GC(320) Humongous regions: 68->68
[2024-05-30T11:07:01.555+0000][1960.974s][info][gc,metaspace] GC(320) Metaspace: 411951K(418048K)->411951K(418048K) NonClass: 359956K(363392K)->359956K(363392K) Class: 51995K(54656K)->51995K(54656K)
[2024-05-30T11:07:01.555+0000][1960.974s][info][gc          ] GC(320) Pause Young (Normal) (G1 Evacuation Pause) 9649M->5588M(12288M) 42.247ms
[2024-05-30T11:07:01.555+0000][1960.974s][info][gc,cpu      ] GC(320) User=0.25s Sys=0.00s Real=0.04s
[2024-05-30T11:07:04.309+0000][1963.728s][info][gc,start    ] GC(321) Pause Young (Normal) (G1 Evacuation Pause)
[2024-05-30T11:07:04.309+0000][1963.728s][info][gc,task     ] GC(321) Using 6 workers of 6 for evacuation
[2024-05-30T11:07:04.346+0000][1963.765s][info][gc,phases   ] GC(321)   Pre Evacuate Collection Set: 0.2ms
[2024-05-30T11:07:04.346+0000][1963.765s][info][gc,phases   ] GC(321)   Merge Heap Roots: 0.2ms
[2024-05-30T11:07:04.346+0000][1963.765s][info][gc,phases   ] GC(321)   Evacuate Collection Set: 34.5ms
[2024-05-30T11:07:04.346+0000][1963.765s][info][gc,phases   ] GC(321)   Post Evacuate Collection Set: 2.0ms
[2024-05-30T11:07:04.346+0000][1963.765s][info][gc,phases   ] GC(321)   Other: 0.2ms
[2024-05-30T11:07:04.346+0000][1963.765s][info][gc,heap     ] GC(321) Eden regions: 509->0(514)
[2024-05-30T11:07:04.346+0000][1963.765s][info][gc,heap     ] GC(321) Survivor regions: 19->16(66)
[2024-05-30T11:07:04.346+0000][1963.765s][info][gc,heap     ] GC(321) Old regions: 611->612
[2024-05-30T11:07:04.346+0000][1963.765s][info][gc,heap     ] GC(321) Archive regions: 2->2
[2024-05-30T11:07:04.346+0000][1963.765s][info][gc,heap     ] GC(321) Humongous regions: 68->68
[2024-05-30T11:07:04.346+0000][1963.765s][info][gc,metaspace] GC(321) Metaspace: 411952K(418048K)->411952K(418048K) NonClass: 359957K(363392K)->359957K(363392K) Class: 51995K(54656K)->51995K(54656K)
[2024-05-30T11:07:04.346+0000][1963.765s][info][gc          ] GC(321) Pause Young (Normal) (G1 Evacuation Pause) 9660M->5571M(12288M) 37.150ms
[2024-05-30T11:07:04.346+0000][1963.765s][info][gc,cpu      ] GC(321) User=0.22s Sys=0.00s Real=0.03s
[2024-05-30T11:07:07.382+0000][1966.801s][info][gc,start    ] GC(322) Pause Young (Normal) (G1 Evacuation Pause)
[2024-05-30T11:07:07.382+0000][1966.801s][info][gc,task     ] GC(322) Using 6 workers of 6 for evacuation
[2024-05-30T11:07:07.420+0000][1966.839s][info][gc,phases   ] GC(322)   Pre Evacuate Collection Set: 0.2ms
[2024-05-30T11:07:07.420+0000][1966.839s][info][gc,phases   ] GC(322)   Merge Heap Roots: 0.2ms
[2024-05-30T11:07:07.420+0000][1966.839s][info][gc,phases   ] GC(322)   Evacuate Collection Set: 35.3ms
[2024-05-30T11:07:07.420+0000][1966.839s][info][gc,phases   ] GC(322)   Post Evacuate Collection Set: 2.0ms
[2024-05-30T11:07:07.420+0000][1966.839s][info][gc,phases   ] GC(322)   Other: 0.2ms
[2024-05-30T11:07:07.420+0000][1966.839s][info][gc,heap     ] GC(322) Eden regions: 514->0(511)
[2024-05-30T11:07:07.420+0000][1966.839s][info][gc,heap     ] GC(322) Survivor regions: 16->17(67)
[2024-05-30T11:07:07.420+0000][1966.839s][info][gc,heap     ] GC(322) Old regions: 612->613
[2024-05-30T11:07:07.420+0000][1966.839s][info][gc,heap     ] GC(322) Archive regions: 2->2
[2024-05-30T11:07:07.420+0000][1966.839s][info][gc,heap     ] GC(322) Humongous regions: 68->68
[2024-05-30T11:07:07.420+0000][1966.839s][info][gc,metaspace] GC(322) Metaspace: 411952K(418048K)->411952K(418048K) NonClass: 359957K(363392K)->359957K(363392K) Class: 51995K(54656K)->51995K(54656K)
[2024-05-30T11:07:07.420+0000][1966.839s][info][gc          ] GC(322) Pause Young (Normal) (G1 Evacuation Pause) 9683M->5583M(12288M) 37.977ms
[2024-05-30T11:07:07.420+0000][1966.839s][info][gc,cpu      ] GC(322) User=0.22s Sys=0.00s Real=0.04s
[2024-05-30T11:07:12.331+0000][1971.750s][info][gc,start    ] GC(323) Pause Young (Normal) (G1 Evacuation Pause)
[2024-05-30T11:07:12.331+0000][1971.750s][info][gc,task     ] GC(323) Using 6 workers of 6 for evacuation
[2024-05-30T11:07:12.367+0000][1971.787s][info][gc,phases   ] GC(323)   Pre Evacuate Collection Set: 0.2ms
[2024-05-30T11:07:12.367+0000][1971.787s][info][gc,phases   ] GC(323)   Merge Heap Roots: 0.2ms
[2024-05-30T11:07:12.367+0000][1971.787s][info][gc,phases   ] GC(323)   Evacuate Collection Set: 34.1ms
[2024-05-30T11:07:12.367+0000][1971.787s][info][gc,phases   ] GC(323)   Post Evacuate Collection Set: 2.0ms
[2024-05-30T11:07:12.367+0000][1971.787s][info][gc,phases   ] GC(323)   Other: 0.2ms
[2024-05-30T11:07:12.367+0000][1971.787s][info][gc,heap     ] GC(323) Eden regions: 511->0(513)
[2024-05-30T11:07:12.367+0000][1971.787s][info][gc,heap     ] GC(323) Survivor regions: 17->16(66)
[2024-05-30T11:07:12.367+0000][1971.787s][info][gc,heap     ] GC(323) Old regions: 613->613
[2024-05-30T11:07:12.367+0000][1971.787s][info][gc,heap     ] GC(323) Archive regions: 2->2
[2024-05-30T11:07:12.367+0000][1971.787s][info][gc,heap     ] GC(323) Humongous regions: 68->68
[2024-05-30T11:07:12.367+0000][1971.787s][info][gc,metaspace] GC(323) Metaspace: 411953K(418048K)->411953K(418048K) NonClass: 359958K(363392K)->359958K(363392K) Class: 51995K(54656K)->51995K(54656K)
[2024-05-30T11:07:12.367+0000][1971.787s][info][gc          ] GC(323) Pause Young (Normal) (G1 Evacuation Pause) 9671M->5575M(12288M) 36.737ms
[2024-05-30T11:07:12.368+0000][1971.787s][info][gc,cpu      ] GC(323) User=0.22s Sys=0.00s Real=0.03s
[2024-05-30T11:07:17.985+0000][1977.404s][info][gc,start    ] GC(324) Pause Young (Normal) (G1 Evacuation Pause)
[2024-05-30T11:07:17.985+0000][1977.404s][info][gc,task     ] GC(324) Using 6 workers of 6 for evacuation
[2024-05-30T11:07:18.023+0000][1977.442s][info][gc,phases   ] GC(324)   Pre Evacuate Collection Set: 0.2ms
[2024-05-30T11:07:18.023+0000][1977.442s][info][gc,phases   ] GC(324)   Merge Heap Roots: 0.2ms
[2024-05-30T11:07:18.023+0000][1977.442s][info][gc,phases   ] GC(324)   Evacuate Collection Set: 35.5ms
[2024-05-30T11:07:18.023+0000][1977.442s][info][gc,phases   ] GC(324)   Post Evacuate Collection Set: 2.0ms
[2024-05-30T11:07:18.023+0000][1977.442s][info][gc,phases   ] GC(324)   Other: 0.2ms
[2024-05-30T11:07:18.023+0000][1977.442s][info][gc,heap     ] GC(324) Eden regions: 513->0(512)
[2024-05-30T11:07:18.023+0000][1977.442s][info][gc,heap     ] GC(324) Survivor regions: 16->16(67)
[2024-05-30T11:07:18.023+0000][1977.442s][info][gc,heap     ] GC(324) Old regions: 613->614
[2024-05-30T11:07:18.023+0000][1977.442s][info][gc,heap     ] GC(324) Archive regions: 2->2
[2024-05-30T11:07:18.023+0000][1977.442s][info][gc,heap     ] GC(324) Humongous regions: 68->68
[2024-05-30T11:07:18.023+0000][1977.442s][info][gc,metaspace] GC(324) Metaspace: 411953K(418048K)->411953K(418048K) NonClass: 359958K(363392K)->359958K(363392K) Class: 51995K(54656K)->51995K(54656K)
[2024-05-30T11:07:18.023+0000][1977.442s][info][gc          ] GC(324) Pause Young (Normal) (G1 Evacuation Pause) 9679M->5582M(12288M) 38.188ms
[2024-05-30T11:07:18.023+0000][1977.442s][info][gc,cpu      ] GC(324) User=0.22s Sys=0.00s Real=0.04s
[2024-05-30T11:07:23.700+0000][1983.119s][info][gc,start    ] GC(325) Pause Young (Normal) (G1 Evacuation Pause)
[2024-05-30T11:07:23.700+0000][1983.119s][info][gc,task     ] GC(325) Using 6 workers of 6 for evacuation
[2024-05-30T11:07:23.740+0000][1983.159s][info][gc,phases   ] GC(325)   Pre Evacuate Collection Set: 0.2ms
[2024-05-30T11:07:23.740+0000][1983.159s][info][gc,phases   ] GC(325)   Merge Heap Roots: 0.2ms
[2024-05-30T11:07:23.740+0000][1983.159s][info][gc,phases   ] GC(325)   Evacuate Collection Set: 37.6ms
[2024-05-30T11:07:23.740+0000][1983.159s][info][gc,phases   ] GC(325)   Post Evacuate Collection Set: 2.2ms
[2024-05-30T11:07:23.740+0000][1983.159s][info][gc,phases   ] GC(325)   Other: 0.2ms
[2024-05-30T11:07:23.740+0000][1983.159s][info][gc,heap     ] GC(325) Eden regions: 512->0(506)
[2024-05-30T11:07:23.740+0000][1983.159s][info][gc,heap     ] GC(325) Survivor regions: 16->19(66)
[2024-05-30T11:07:23.740+0000][1983.159s][info][gc,heap     ] GC(325) Old regions: 614->614
[2024-05-30T11:07:23.740+0000][1983.159s][info][gc,heap     ] GC(325) Archive regions: 2->2
[2024-05-30T11:07:23.740+0000][1983.159s][info][gc,heap     ] GC(325) Humongous regions: 68->68
[2024-05-30T11:07:23.740+0000][1983.159s][info][gc,metaspace] GC(325) Metaspace: 411959K(418048K)->411959K(418048K) NonClass: 359964K(363392K)->359964K(363392K) Class: 51995K(54656K)->51995K(54656K)
[2024-05-30T11:07:23.740+0000][1983.159s][info][gc          ] GC(325) Pause Young (Normal) (G1 Evacuation Pause) 9678M->5607M(12288M) 40.477ms
[2024-05-30T11:07:23.740+0000][1983.159s][info][gc,cpu      ] GC(325) User=0.24s Sys=0.00s Real=0.04s
[2024-05-30T11:07:29.263+0000][1988.683s][info][gc,start    ] GC(326) Pause Young (Normal) (G1 Evacuation Pause)
[2024-05-30T11:07:29.263+0000][1988.683s][info][gc,task     ] GC(326) Using 6 workers of 6 for evacuation
[2024-05-30T11:07:29.307+0000][1988.726s][info][gc,phases   ] GC(326)   Pre Evacuate Collection Set: 0.2ms
[2024-05-30T11:07:29.307+0000][1988.726s][info][gc,phases   ] GC(326)   Merge Heap Roots: 0.2ms
[2024-05-30T11:07:29.307+0000][1988.726s][info][gc,phases   ] GC(326)   Evacuate Collection Set: 40.7ms
[2024-05-30T11:07:29.307+0000][1988.726s][info][gc,phases   ] GC(326)   Post Evacuate Collection Set: 2.1ms
[2024-05-30T11:07:29.307+0000][1988.726s][info][gc,phases   ] GC(326)   Other: 0.2ms
[2024-05-30T11:07:29.307+0000][1988.726s][info][gc,heap     ] GC(326) Eden regions: 506->0(505)
[2024-05-30T11:07:29.307+0000][1988.726s][info][gc,heap     ] GC(326) Survivor regions: 19->19(66)
[2024-05-30T11:07:29.307+0000][1988.726s][info][gc,heap     ] GC(326) Old regions: 614->615
[2024-05-30T11:07:29.307+0000][1988.726s][info][gc,heap     ] GC(326) Archive regions: 2->2
[2024-05-30T11:07:29.307+0000][1988.726s][info][gc,heap     ] GC(326) Humongous regions: 68->68
[2024-05-30T11:07:29.307+0000][1988.726s][info][gc,metaspace] GC(326) Metaspace: 412040K(418112K)->412040K(418112K) NonClass: 360030K(363456K)->360030K(363456K) Class: 52010K(54656K)->52010K(54656K)
[2024-05-30T11:07:29.307+0000][1988.726s][info][gc          ] GC(326) Pause Young (Normal) (G1 Evacuation Pause) 9655M->5614M(12288M) 43.482ms
[2024-05-30T11:07:29.307+0000][1988.726s][info][gc,cpu      ] GC(326) User=0.26s Sys=0.00s Real=0.04s
[2024-05-30T11:07:34.825+0000][1994.244s][info][gc,start    ] GC(327) Pause Young (Normal) (G1 Evacuation Pause)
[2024-05-30T11:07:34.825+0000][1994.244s][info][gc,task     ] GC(327) Using 6 workers of 6 for evacuation
[2024-05-30T11:07:34.868+0000][1994.287s][info][gc,phases   ] GC(327)   Pre Evacuate Collection Set: 0.2ms
[2024-05-30T11:07:34.868+0000][1994.287s][info][gc,phases   ] GC(327)   Merge Heap Roots: 0.2ms
[2024-05-30T11:07:34.868+0000][1994.287s][info][gc,phases   ] GC(327)   Evacuate Collection Set: 39.8ms
[2024-05-30T11:07:34.868+0000][1994.287s][info][gc,phases   ] GC(327)   Post Evacuate Collection Set: 2.0ms
[2024-05-30T11:07:34.868+0000][1994.287s][info][gc,phases   ] GC(327)   Other: 0.2ms
[2024-05-30T11:07:34.868+0000][1994.287s][info][gc,heap     ] GC(327) Eden regions: 505->0(503)
[2024-05-30T11:07:34.868+0000][1994.287s][info][gc,heap     ] GC(327) Survivor regions: 19->20(66)
[2024-05-30T11:07:34.868+0000][1994.287s][info][gc,heap     ] GC(327) Old regions: 615->615
[2024-05-30T11:07:34.868+0000][1994.287s][info][gc,heap     ] GC(327) Archive regions: 2->2
[2024-05-30T11:07:34.868+0000][1994.287s][info][gc,heap     ] GC(327) Humongous regions: 68->68
[2024-05-30T11:07:34.868+0000][1994.287s][info][gc,metaspace] GC(327) Metaspace: 412040K(418112K)->412040K(418112K) NonClass: 360030K(363456K)->360030K(363456K) Class: 52010K(54656K)->52010K(54656K)
[2024-05-30T11:07:34.868+0000][1994.287s][info][gc          ] GC(327) Pause Young (Normal) (G1 Evacuation Pause) 9654M->5621M(12288M) 42.498ms
[2024-05-30T11:07:34.868+0000][1994.287s][info][gc,cpu      ] GC(327) User=0.26s Sys=0.00s Real=0.04s
[2024-05-30T11:07:40.407+0000][1999.826s][info][gc,start    ] GC(328) Pause Young (Normal) (G1 Evacuation Pause)
[2024-05-30T11:07:40.407+0000][1999.826s][info][gc,task     ] GC(328) Using 6 workers of 6 for evacuation
[2024-05-30T11:07:40.449+0000][1999.868s][info][gc,phases   ] GC(328)   Pre Evacuate Collection Set: 0.2ms
[2024-05-30T11:07:40.449+0000][1999.868s][info][gc,phases   ] GC(328)   Merge Heap Roots: 0.2ms
[2024-05-30T11:07:40.449+0000][1999.868s][info][gc,phases   ] GC(328)   Evacuate Collection Set: 40.0ms
[2024-05-30T11:07:40.449+0000][1999.868s][info][gc,phases   ] GC(328)   Post Evacuate Collection Set: 2.0ms
[2024-05-30T11:07:40.449+0000][1999.868s][info][gc,phases   ] GC(328)   Other: 0.2ms
[2024-05-30T11:07:40.449+0000][1999.868s][info][gc,heap     ] GC(328) Eden regions: 503->0(501)
[2024-05-30T11:07:40.449+0000][1999.868s][info][gc,heap     ] GC(328) Survivor regions: 20->21(66)
[2024-05-30T11:07:40.449+0000][1999.868s][info][gc,heap     ] GC(328) Old regions: 615->615
[2024-05-30T11:07:40.449+0000][1999.868s][info][gc,heap     ] GC(328) Archive regions: 2->2
[2024-05-30T11:07:40.449+0000][1999.868s][info][gc,heap     ] GC(328) Humongous regions: 68->68
[2024-05-30T11:07:40.449+0000][1999.868s][info][gc,metaspace] GC(328) Metaspace: 412040K(418112K)->412040K(418112K) NonClass: 360030K(363456K)->360030K(363456K) Class: 52010K(54656K)->52010K(54656K)
[2024-05-30T11:07:40.449+0000][1999.868s][info][gc          ] GC(328) Pause Young (Normal) (G1 Evacuation Pause) 9645M->5632M(12288M) 42.694ms
[2024-05-30T11:07:40.449+0000][1999.869s][info][gc,cpu      ] GC(328) User=0.25s Sys=0.00s Real=0.05s
[2024-05-30T11:07:46.102+0000][2005.521s][info][gc,start    ] GC(329) Pause Young (Normal) (G1 Evacuation Pause)
[2024-05-30T11:07:46.102+0000][2005.521s][info][gc,task     ] GC(329) Using 6 workers of 6 for evacuation
[2024-05-30T11:07:46.147+0000][2005.566s][info][gc,phases   ] GC(329)   Pre Evacuate Collection Set: 0.2ms
[2024-05-30T11:07:46.147+0000][2005.566s][info][gc,phases   ] GC(329)   Merge Heap Roots: 0.2ms
[2024-05-30T11:07:46.147+0000][2005.566s][info][gc,phases   ] GC(329)   Evacuate Collection Set: 42.0ms
[2024-05-30T11:07:46.147+0000][2005.566s][info][gc,phases   ] GC(329)   Post Evacuate Collection Set: 2.0ms
[2024-05-30T11:07:46.147+0000][2005.566s][info][gc,phases   ] GC(329)   Other: 0.2ms
[2024-05-30T11:07:46.147+0000][2005.566s][info][gc,heap     ] GC(329) Eden regions: 501->0(498)
[2024-05-30T11:07:46.147+0000][2005.566s][info][gc,heap     ] GC(329) Survivor regions: 21->22(66)
[2024-05-30T11:07:46.147+0000][2005.566s][info][gc,heap     ] GC(329) Old regions: 615->616
[2024-05-30T11:07:46.147+0000][2005.566s][info][gc,heap     ] GC(329) Archive regions: 2->2
[2024-05-30T11:07:46.147+0000][2005.566s][info][gc,heap     ] GC(329) Humongous regions: 68->68
[2024-05-30T11:07:46.147+0000][2005.566s][info][gc,metaspace] GC(329) Metaspace: 412045K(418112K)->412045K(418112K) NonClass: 360035K(363456K)->360035K(363456K) Class: 52010K(54656K)->52010K(54656K)
[2024-05-30T11:07:46.147+0000][2005.566s][info][gc          ] GC(329) Pause Young (Normal) (G1 Evacuation Pause) 9640M->5647M(12288M) 44.703ms
[2024-05-30T11:07:46.147+0000][2005.566s][info][gc,cpu      ] GC(329) User=0.27s Sys=0.00s Real=0.04s
[2024-05-30T11:07:51.489+0000][2010.908s][info][gc,start    ] GC(330) Pause Young (Normal) (G1 Evacuation Pause)
[2024-05-30T11:07:51.489+0000][2010.908s][info][gc,task     ] GC(330) Using 6 workers of 6 for evacuation
[2024-05-30T11:07:51.536+0000][2010.955s][info][gc,phases   ] GC(330)   Pre Evacuate Collection Set: 0.2ms
[2024-05-30T11:07:51.536+0000][2010.955s][info][gc,phases   ] GC(330)   Merge Heap Roots: 0.2ms
[2024-05-30T11:07:51.536+0000][2010.955s][info][gc,phases   ] GC(330)   Evacuate Collection Set: 44.3ms
[2024-05-30T11:07:51.536+0000][2010.955s][info][gc,phases   ] GC(330)   Post Evacuate Collection Set: 2.1ms
[2024-05-30T11:07:51.536+0000][2010.955s][info][gc,phases   ] GC(330)   Other: 0.2ms
[2024-05-30T11:07:51.536+0000][2010.955s][info][gc,heap     ] GC(330) Eden regions: 498->0(497)
[2024-05-30T11:07:51.536+0000][2010.955s][info][gc,heap     ] GC(330) Survivor regions: 22->22(65)
[2024-05-30T11:07:51.536+0000][2010.955s][info][gc,heap     ] GC(330) Old regions: 616->617
[2024-05-30T11:07:51.536+0000][2010.955s][info][gc,heap     ] GC(330) Archive regions: 2->2
[2024-05-30T11:07:51.536+0000][2010.955s][info][gc,heap     ] GC(330) Humongous regions: 68->68
[2024-05-30T11:07:51.536+0000][2010.955s][info][gc,metaspace] GC(330) Metaspace: 412049K(418112K)->412049K(418112K) NonClass: 360039K(363456K)->360039K(363456K) Class: 52010K(54656K)->52010K(54656K)
[2024-05-30T11:07:51.536+0000][2010.955s][info][gc          ] GC(330) Pause Young (Normal) (G1 Evacuation Pause) 9631M->5655M(12288M) 47.087ms
[2024-05-30T11:07:51.536+0000][2010.955s][info][gc,cpu      ] GC(330) User=0.28s Sys=0.00s Real=0.04s
[2024-05-30T11:07:55.478+0000][2014.897s][info][gc,start    ] GC(331) Pause Young (Normal) (G1 Evacuation Pause)
[2024-05-30T11:07:55.478+0000][2014.897s][info][gc,task     ] GC(331) Using 6 workers of 6 for evacuation
[2024-05-30T11:07:55.519+0000][2014.939s][info][gc,phases   ] GC(331)   Pre Evacuate Collection Set: 0.2ms
[2024-05-30T11:07:55.519+0000][2014.939s][info][gc,phases   ] GC(331)   Merge Heap Roots: 0.2ms
[2024-05-30T11:07:55.519+0000][2014.939s][info][gc,phases   ] GC(331)   Evacuate Collection Set: 38.7ms
[2024-05-30T11:07:55.519+0000][2014.939s][info][gc,phases   ] GC(331)   Post Evacuate Collection Set: 2.1ms
[2024-05-30T11:07:55.519+0000][2014.939s][info][gc,phases   ] GC(331)   Other: 0.2ms
[2024-05-30T11:07:55.519+0000][2014.939s][info][gc,heap     ] GC(331) Eden regions: 497->0(507)
[2024-05-30T11:07:55.519+0000][2014.939s][info][gc,heap     ] GC(331) Survivor regions: 22->17(65)
[2024-05-30T11:07:55.519+0000][2014.939s][info][gc,heap     ] GC(331) Old regions: 617->617
[2024-05-30T11:07:55.519+0000][2014.939s][info][gc,heap     ] GC(331) Archive regions: 2->2
[2024-05-30T11:07:55.519+0000][2014.939s][info][gc,heap     ] GC(331) Humongous regions: 68->68
[2024-05-30T11:07:55.519+0000][2014.939s][info][gc,metaspace] GC(331) Metaspace: 412057K(418112K)->412057K(418112K) NonClass: 360047K(363456K)->360047K(363456K) Class: 52010K(54656K)->52010K(54656K)
[2024-05-30T11:07:55.519+0000][2014.939s][info][gc          ] GC(331) Pause Young (Normal) (G1 Evacuation Pause) 9631M->5615M(12288M) 41.454ms
[2024-05-30T11:07:55.519+0000][2014.939s][info][gc,cpu      ] GC(331) User=0.25s Sys=0.00s Real=0.04s
[2024-05-30T11:07:59.385+0000][2018.804s][info][gc,start    ] GC(332) Pause Young (Normal) (G1 Evacuation Pause)
[2024-05-30T11:07:59.385+0000][2018.804s][info][gc,task     ] GC(332) Using 6 workers of 6 for evacuation
[2024-05-30T11:07:59.426+0000][2018.845s][info][gc,phases   ] GC(332)   Pre Evacuate Collection Set: 0.2ms
[2024-05-30T11:07:59.426+0000][2018.845s][info][gc,phases   ] GC(332)   Merge Heap Roots: 0.2ms
[2024-05-30T11:07:59.426+0000][2018.845s][info][gc,phases   ] GC(332)   Evacuate Collection Set: 38.9ms
[2024-05-30T11:07:59.426+0000][2018.845s][info][gc,phases   ] GC(332)   Post Evacuate Collection Set: 2.0ms
[2024-05-30T11:07:59.426+0000][2018.845s][info][gc,phases   ] GC(332)   Other: 0.2ms
[2024-05-30T11:07:59.426+0000][2018.845s][info][gc,heap     ] GC(332) Eden regions: 507->0(504)
[2024-05-30T11:07:59.426+0000][2018.845s][info][gc,heap     ] GC(332) Survivor regions: 17->18(66)
[2024-05-30T11:07:59.426+0000][2018.845s][info][gc,heap     ] GC(332) Old regions: 617->618
[2024-05-30T11:07:59.426+0000][2018.845s][info][gc,heap     ] GC(332) Archive regions: 2->2
[2024-05-30T11:07:59.426+0000][2018.845s][info][gc,heap     ] GC(332) Humongous regions: 68->68
[2024-05-30T11:07:59.426+0000][2018.845s][info][gc,metaspace] GC(332) Metaspace: 412057K(418112K)->412057K(418112K) NonClass: 360047K(363456K)->360047K(363456K) Class: 52010K(54656K)->52010K(54656K)
[2024-05-30T11:07:59.426+0000][2018.845s][info][gc          ] GC(332) Pause Young (Normal) (G1 Evacuation Pause) 9671M->5626M(12288M) 41.626ms
[2024-05-30T11:07:59.426+0000][2018.845s][info][gc,cpu      ] GC(332) User=0.24s Sys=0.00s Real=0.04s
[2024-05-30T11:08:03.179+0000][2022.598s][info][gc,start    ] GC(333) Pause Young (Normal) (G1 Evacuation Pause)
[2024-05-30T11:08:03.179+0000][2022.598s][info][gc,task     ] GC(333) Using 6 workers of 6 for evacuation
[2024-05-30T11:08:03.220+0000][2022.640s][info][gc,phases   ] GC(333)   Pre Evacuate Collection Set: 0.2ms
[2024-05-30T11:08:03.220+0000][2022.640s][info][gc,phases   ] GC(333)   Merge Heap Roots: 0.2ms
[2024-05-30T11:08:03.220+0000][2022.640s][info][gc,phases   ] GC(333)   Evacuate Collection Set: 39.0ms
[2024-05-30T11:08:03.220+0000][2022.640s][info][gc,phases   ] GC(333)   Post Evacuate Collection Set: 2.0ms
[2024-05-30T11:08:03.220+0000][2022.640s][info][gc,phases   ] GC(333)   Other: 0.2ms
[2024-05-30T11:08:03.220+0000][2022.640s][info][gc,heap     ] GC(333) Eden regions: 504->0(504)
[2024-05-30T11:08:03.220+0000][2022.640s][info][gc,heap     ] GC(333) Survivor regions: 18->18(66)
[2024-05-30T11:08:03.220+0000][2022.640s][info][gc,heap     ] GC(333) Old regions: 618->618
[2024-05-30T11:08:03.220+0000][2022.640s][info][gc,heap     ] GC(333) Archive regions: 2->2
[2024-05-30T11:08:03.220+0000][2022.640s][info][gc,heap     ] GC(333) Humongous regions: 68->68
[2024-05-30T11:08:03.220+0000][2022.640s][info][gc,metaspace] GC(333) Metaspace: 412057K(418112K)->412057K(418112K) NonClass: 360047K(363456K)->360047K(363456K) Class: 52010K(54656K)->52010K(54656K)
[2024-05-30T11:08:03.220+0000][2022.640s][info][gc          ] GC(333) Pause Young (Normal) (G1 Evacuation Pause) 9658M->5633M(12288M) 41.708ms
[2024-05-30T11:08:03.221+0000][2022.640s][info][gc,cpu      ] GC(333) User=0.25s Sys=0.00s Real=0.04s
[2024-05-30T11:08:08.871+0000][2028.290s][info][gc,start    ] GC(334) Pause Young (Normal) (G1 Evacuation Pause)
[2024-05-30T11:08:08.871+0000][2028.290s][info][gc,task     ] GC(334) Using 6 workers of 6 for evacuation
[2024-05-30T11:08:08.914+0000][2028.333s][info][gc,phases   ] GC(334)   Pre Evacuate Collection Set: 0.2ms
[2024-05-30T11:08:08.914+0000][2028.333s][info][gc,phases   ] GC(334)   Merge Heap Roots: 0.2ms
[2024-05-30T11:08:08.914+0000][2028.333s][info][gc,phases   ] GC(334)   Evacuate Collection Set: 40.0ms
[2024-05-30T11:08:08.914+0000][2028.333s][info][gc,phases   ] GC(334)   Post Evacuate Collection Set: 2.0ms
[2024-05-30T11:08:08.914+0000][2028.333s][info][gc,phases   ] GC(334)   Other: 0.2ms
[2024-05-30T11:08:08.914+0000][2028.333s][info][gc,heap     ] GC(334) Eden regions: 504->0(502)
[2024-05-30T11:08:08.914+0000][2028.333s][info][gc,heap     ] GC(334) Survivor regions: 18->19(66)
[2024-05-30T11:08:08.914+0000][2028.333s][info][gc,heap     ] GC(334) Old regions: 618->618
[2024-05-30T11:08:08.914+0000][2028.333s][info][gc,heap     ] GC(334) Archive regions: 2->2
[2024-05-30T11:08:08.914+0000][2028.333s][info][gc,heap     ] GC(334) Humongous regions: 68->68
[2024-05-30T11:08:08.914+0000][2028.333s][info][gc,metaspace] GC(334) Metaspace: 412057K(418112K)->412057K(418112K) NonClass: 360047K(363456K)->360047K(363456K) Class: 52010K(54656K)->52010K(54656K)
[2024-05-30T11:08:08.914+0000][2028.333s][info][gc          ] GC(334) Pause Young (Normal) (G1 Evacuation Pause) 9665M->5640M(12288M) 42.674ms
[2024-05-30T11:08:08.914+0000][2028.333s][info][gc,cpu      ] GC(334) User=0.25s Sys=0.00s Real=0.04s
[2024-05-30T11:08:14.430+0000][2033.849s][info][gc,start    ] GC(335) Pause Young (Normal) (G1 Evacuation Pause)
[2024-05-30T11:08:14.430+0000][2033.849s][info][gc,task     ] GC(335) Using 6 workers of 6 for evacuation
[2024-05-30T11:08:14.473+0000][2033.892s][info][gc,phases   ] GC(335)   Pre Evacuate Collection Set: 0.2ms
[2024-05-30T11:08:14.473+0000][2033.892s][info][gc,phases   ] GC(335)   Merge Heap Roots: 0.2ms
[2024-05-30T11:08:14.473+0000][2033.892s][info][gc,phases   ] GC(335)   Evacuate Collection Set: 40.3ms
[2024-05-30T11:08:14.473+0000][2033.892s][info][gc,phases   ] GC(335)   Post Evacuate Collection Set: 2.1ms
[2024-05-30T11:08:14.473+0000][2033.892s][info][gc,phases   ] GC(335)   Other: 0.2ms
[2024-05-30T11:08:14.473+0000][2033.892s][info][gc,heap     ] GC(335) Eden regions: 502->0(499)
[2024-05-30T11:08:14.473+0000][2033.892s][info][gc,heap     ] GC(335) Survivor regions: 19->20(66)
[2024-05-30T11:08:14.473+0000][2033.892s][info][gc,heap     ] GC(335) Old regions: 618->619
[2024-05-30T11:08:14.473+0000][2033.892s][info][gc,heap     ] GC(335) Archive regions: 2->2
[2024-05-30T11:08:14.473+0000][2033.892s][info][gc,heap     ] GC(335) Humongous regions: 68->68
[2024-05-30T11:08:14.473+0000][2033.892s][info][gc,metaspace] GC(335) Metaspace: 412064K(418112K)->412064K(418112K) NonClass: 360054K(363456K)->360054K(363456K) Class: 52010K(54656K)->52010K(54656K)
[2024-05-30T11:08:14.473+0000][2033.892s][info][gc          ] GC(335) Pause Young (Normal) (G1 Evacuation Pause) 9656M->5654M(12288M) 43.084ms
[2024-05-30T11:08:14.473+0000][2033.892s][info][gc,cpu      ] GC(335) User=0.26s Sys=0.00s Real=0.04s
[2024-05-30T11:08:19.925+0000][2039.345s][info][gc,start    ] GC(336) Pause Young (Normal) (G1 Evacuation Pause)
[2024-05-30T11:08:19.925+0000][2039.345s][info][gc,task     ] GC(336) Using 6 workers of 6 for evacuation
[2024-05-30T11:08:19.971+0000][2039.391s][info][gc,phases   ] GC(336)   Pre Evacuate Collection Set: 0.2ms
[2024-05-30T11:08:19.971+0000][2039.391s][info][gc,phases   ] GC(336)   Merge Heap Roots: 0.2ms
[2024-05-30T11:08:19.971+0000][2039.391s][info][gc,phases   ] GC(336)   Evacuate Collection Set: 43.5ms
[2024-05-30T11:08:19.971+0000][2039.391s][info][gc,phases   ] GC(336)   Post Evacuate Collection Set: 2.0ms
[2024-05-30T11:08:19.971+0000][2039.391s][info][gc,phases   ] GC(336)   Other: 0.2ms
[2024-05-30T11:08:19.971+0000][2039.391s][info][gc,heap     ] GC(336) Eden regions: 499->0(497)
[2024-05-30T11:08:19.971+0000][2039.391s][info][gc,heap     ] GC(336) Survivor regions: 20->21(65)
[2024-05-30T11:08:19.971+0000][2039.391s][info][gc,heap     ] GC(336) Old regions: 619->619
[2024-05-30T11:08:19.971+0000][2039.391s][info][gc,heap     ] GC(336) Archive regions: 2->2
[2024-05-30T11:08:19.971+0000][2039.391s][info][gc,heap     ] GC(336) Humongous regions: 68->68
[2024-05-30T11:08:19.971+0000][2039.391s][info][gc,metaspace] GC(336) Metaspace: 412064K(418112K)->412064K(418112K) NonClass: 360054K(363456K)->360054K(363456K) Class: 52010K(54656K)->52010K(54656K)
[2024-05-30T11:08:19.971+0000][2039.391s][info][gc          ] GC(336) Pause Young (Normal) (G1 Evacuation Pause) 9646M->5662M(12288M) 46.167ms
[2024-05-30T11:08:19.972+0000][2039.391s][info][gc,cpu      ] GC(336) User=0.27s Sys=0.00s Real=0.05s
[2024-05-30T11:08:25.184+0000][2044.604s][info][gc,start    ] GC(337) Pause Young (Normal) (G1 Evacuation Pause)
[2024-05-30T11:08:25.185+0000][2044.604s][info][gc,task     ] GC(337) Using 6 workers of 6 for evacuation
[2024-05-30T11:08:25.227+0000][2044.646s][info][gc,phases   ] GC(337)   Pre Evacuate Collection Set: 0.2ms
[2024-05-30T11:08:25.227+0000][2044.647s][info][gc,phases   ] GC(337)   Merge Heap Roots: 0.2ms
[2024-05-30T11:08:25.227+0000][2044.647s][info][gc,phases   ] GC(337)   Evacuate Collection Set: 40.1ms
[2024-05-30T11:08:25.227+0000][2044.647s][info][gc,phases   ] GC(337)   Post Evacuate Collection Set: 2.1ms
[2024-05-30T11:08:25.227+0000][2044.647s][info][gc,phases   ] GC(337)   Other: 0.2ms
[2024-05-30T11:08:25.227+0000][2044.647s][info][gc,heap     ] GC(337) Eden regions: 497->0(497)
[2024-05-30T11:08:25.227+0000][2044.647s][info][gc,heap     ] GC(337) Survivor regions: 21->21(65)
[2024-05-30T11:08:25.227+0000][2044.647s][info][gc,heap     ] GC(337) Old regions: 619->619
[2024-05-30T11:08:25.227+0000][2044.647s][info][gc,heap     ] GC(337) Archive regions: 2->2
[2024-05-30T11:08:25.227+0000][2044.647s][info][gc,heap     ] GC(337) Humongous regions: 68->68
[2024-05-30T11:08:25.227+0000][2044.647s][info][gc,metaspace] GC(337) Metaspace: 412066K(418112K)->412066K(418112K) NonClass: 360056K(363456K)->360056K(363456K) Class: 52010K(54656K)->52010K(54656K)
[2024-05-30T11:08:25.227+0000][2044.647s][info][gc          ] GC(337) Pause Young (Normal) (G1 Evacuation Pause) 9638M->5664M(12288M) 42.865ms
[2024-05-30T11:08:25.227+0000][2044.647s][info][gc,cpu      ] GC(337) User=0.25s Sys=0.01s Real=0.04s
[2024-05-30T11:08:30.553+0000][2049.972s][info][gc,start    ] GC(338) Pause Young (Normal) (G1 Evacuation Pause)
[2024-05-30T11:08:30.553+0000][2049.972s][info][gc,task     ] GC(338) Using 6 workers of 6 for evacuation
[2024-05-30T11:08:30.597+0000][2050.017s][info][gc,phases   ] GC(338)   Pre Evacuate Collection Set: 0.2ms
[2024-05-30T11:08:30.598+0000][2050.017s][info][gc,phases   ] GC(338)   Merge Heap Roots: 0.2ms
[2024-05-30T11:08:30.598+0000][2050.017s][info][gc,phases   ] GC(338)   Evacuate Collection Set: 42.4ms
[2024-05-30T11:08:30.598+0000][2050.017s][info][gc,phases   ] GC(338)   Post Evacuate Collection Set: 2.0ms
[2024-05-30T11:08:30.598+0000][2050.017s][info][gc,phases   ] GC(338)   Other: 0.2ms
[2024-05-30T11:08:30.598+0000][2050.017s][info][gc,heap     ] GC(338) Eden regions: 497->0(497)
[2024-05-30T11:08:30.598+0000][2050.017s][info][gc,heap     ] GC(338) Survivor regions: 21->20(65)
[2024-05-30T11:08:30.598+0000][2050.017s][info][gc,heap     ] GC(338) Old regions: 619->621
[2024-05-30T11:08:30.598+0000][2050.017s][info][gc,heap     ] GC(338) Archive regions: 2->2
[2024-05-30T11:08:30.598+0000][2050.017s][info][gc,heap     ] GC(338) Humongous regions: 68->68
[2024-05-30T11:08:30.598+0000][2050.017s][info][gc,metaspace] GC(338) Metaspace: 412068K(418112K)->412068K(418112K) NonClass: 360057K(363456K)->360057K(363456K) Class: 52010K(54656K)->52010K(54656K)
[2024-05-30T11:08:30.598+0000][2050.017s][info][gc          ] GC(338) Pause Young (Normal) (G1 Evacuation Pause) 9640M->5673M(12288M) 45.074ms
[2024-05-30T11:08:30.598+0000][2050.017s][info][gc,cpu      ] GC(338) User=0.27s Sys=0.00s Real=0.05s
[2024-05-30T11:08:35.717+0000][2055.136s][info][gc,start    ] GC(339) Pause Young (Normal) (G1 Evacuation Pause)
[2024-05-30T11:08:35.717+0000][2055.136s][info][gc,task     ] GC(339) Using 6 workers of 6 for evacuation
[2024-05-30T11:08:35.763+0000][2055.182s][info][gc,phases   ] GC(339)   Pre Evacuate Collection Set: 0.2ms
[2024-05-30T11:08:35.763+0000][2055.182s][info][gc,phases   ] GC(339)   Merge Heap Roots: 0.2ms
[2024-05-30T11:08:35.763+0000][2055.182s][info][gc,phases   ] GC(339)   Evacuate Collection Set: 43.5ms
[2024-05-30T11:08:35.763+0000][2055.182s][info][gc,phases   ] GC(339)   Post Evacuate Collection Set: 2.0ms
[2024-05-30T11:08:35.763+0000][2055.182s][info][gc,phases   ] GC(339)   Other: 0.2ms
[2024-05-30T11:08:35.763+0000][2055.182s][info][gc,heap     ] GC(339) Eden regions: 497->0(502)
[2024-05-30T11:08:35.763+0000][2055.182s][info][gc,heap     ] GC(339) Survivor regions: 20->17(65)
[2024-05-30T11:08:35.763+0000][2055.182s][info][gc,heap     ] GC(339) Old regions: 621->622
[2024-05-30T11:08:35.763+0000][2055.182s][info][gc,heap     ] GC(339) Archive regions: 2->2
[2024-05-30T11:08:35.763+0000][2055.182s][info][gc,heap     ] GC(339) Humongous regions: 68->68
[2024-05-30T11:08:35.763+0000][2055.182s][info][gc,metaspace] GC(339) Metaspace: 412070K(418112K)->412070K(418112K) NonClass: 360060K(363456K)->360060K(363456K) Class: 52010K(54656K)->52010K(54656K)
[2024-05-30T11:08:35.763+0000][2055.182s][info][gc          ] GC(339) Pause Young (Normal) (G1 Evacuation Pause) 9649M->5650M(12288M) 46.182ms
[2024-05-30T11:08:35.763+0000][2055.182s][info][gc,cpu      ] GC(339) User=0.27s Sys=0.00s Real=0.04s
[2024-05-30T11:08:41.183+0000][2060.602s][info][gc,start    ] GC(340) Pause Young (Concurrent Start) (G1 Evacuation Pause)
[2024-05-30T11:08:41.183+0000][2060.602s][info][gc,task     ] GC(340) Using 6 workers of 6 for evacuation
[2024-05-30T11:08:41.228+0000][2060.647s][info][gc,phases   ] GC(340)   Pre Evacuate Collection Set: 0.6ms
[2024-05-30T11:08:41.228+0000][2060.647s][info][gc,phases   ] GC(340)   Merge Heap Roots: 0.2ms
[2024-05-30T11:08:41.228+0000][2060.647s][info][gc,phases   ] GC(340)   Evacuate Collection Set: 42.2ms
[2024-05-30T11:08:41.228+0000][2060.647s][info][gc,phases   ] GC(340)   Post Evacuate Collection Set: 2.0ms
[2024-05-30T11:08:41.228+0000][2060.647s][info][gc,phases   ] GC(340)   Other: 0.3ms
[2024-05-30T11:08:41.228+0000][2060.647s][info][gc,heap     ] GC(340) Eden regions: 502->0(500)
[2024-05-30T11:08:41.228+0000][2060.647s][info][gc,heap     ] GC(340) Survivor regions: 17->18(65)
[2024-05-30T11:08:41.228+0000][2060.647s][info][gc,heap     ] GC(340) Old regions: 622->622
[2024-05-30T11:08:41.228+0000][2060.647s][info][gc,heap     ] GC(340) Archive regions: 2->2
[2024-05-30T11:08:41.228+0000][2060.647s][info][gc,heap     ] GC(340) Humongous regions: 68->68
[2024-05-30T11:08:41.228+0000][2060.647s][info][gc,metaspace] GC(340) Metaspace: 412072K(418176K)->412072K(418176K) NonClass: 360061K(363520K)->360061K(363520K) Class: 52010K(54656K)->52010K(54656K)
[2024-05-30T11:08:41.228+0000][2060.647s][info][gc          ] GC(340) Pause Young (Concurrent Start) (G1 Evacuation Pause) 9666M->5666M(12288M) 45.357ms
[2024-05-30T11:08:41.228+0000][2060.647s][info][gc,cpu      ] GC(340) User=0.26s Sys=0.00s Real=0.04s
[2024-05-30T11:08:41.228+0000][2060.647s][info][gc          ] GC(341) Concurrent Mark Cycle
[2024-05-30T11:08:41.228+0000][2060.647s][info][gc,marking  ] GC(341) Concurrent Clear Claimed Marks
[2024-05-30T11:08:41.229+0000][2060.648s][info][gc,marking  ] GC(341) Concurrent Clear Claimed Marks 0.443ms
[2024-05-30T11:08:41.229+0000][2060.648s][info][gc,marking  ] GC(341) Concurrent Scan Root Regions
[2024-05-30T11:08:41.273+0000][2060.692s][info][gc,marking  ] GC(341) Concurrent Scan Root Regions 44.337ms
[2024-05-30T11:08:41.273+0000][2060.692s][info][gc,marking  ] GC(341) Concurrent Mark
[2024-05-30T11:08:41.273+0000][2060.692s][info][gc,marking  ] GC(341) Concurrent Mark From Roots
[2024-05-30T11:08:41.273+0000][2060.692s][info][gc,task     ] GC(341) Using 2 workers of 2 for marking
[2024-05-30T11:08:42.562+0000][2061.981s][info][gc,marking  ] GC(341) Concurrent Mark From Roots 1288.723ms
[2024-05-30T11:08:42.562+0000][2061.981s][info][gc,marking  ] GC(341) Concurrent Preclean
[2024-05-30T11:08:42.563+0000][2061.982s][info][gc,marking  ] GC(341) Concurrent Preclean 0.884ms
[2024-05-30T11:08:42.563+0000][2061.982s][info][gc,start    ] GC(341) Pause Remark
[2024-05-30T11:08:42.608+0000][2062.028s][info][gc          ] GC(341) Pause Remark 6546M->5274M(12288M) 45.700ms
[2024-05-30T11:08:42.609+0000][2062.028s][info][gc,cpu      ] GC(341) User=0.22s Sys=0.00s Real=0.05s
[2024-05-30T11:08:42.609+0000][2062.028s][info][gc,marking  ] GC(341) Concurrent Mark 1335.798ms
[2024-05-30T11:08:42.609+0000][2062.028s][info][gc,marking  ] GC(341) Concurrent Rebuild Remembered Sets
[2024-05-30T11:08:43.761+0000][2063.180s][info][gc,marking  ] GC(341) Concurrent Rebuild Remembered Sets 1151.791ms
[2024-05-30T11:08:43.761+0000][2063.180s][info][gc,start    ] GC(341) Pause Cleanup
[2024-05-30T11:08:43.761+0000][2063.181s][info][gc          ] GC(341) Pause Cleanup 6058M->6058M(12288M) 0.613ms
[2024-05-30T11:08:43.761+0000][2063.181s][info][gc,cpu      ] GC(341) User=0.00s Sys=0.00s Real=0.00s
[2024-05-30T11:08:43.762+0000][2063.181s][info][gc,marking  ] GC(341) Concurrent Cleanup for Next Mark
[2024-05-30T11:08:43.780+0000][2063.199s][info][gc,marking  ] GC(341) Concurrent Cleanup for Next Mark 18.050ms
[2024-05-30T11:08:43.780+0000][2063.199s][info][gc          ] GC(341) Concurrent Mark Cycle 2551.499ms
[2024-05-30T11:08:44.946+0000][2064.365s][info][gc,start    ] GC(342) Pause Young (Prepare Mixed) (G1 Evacuation Pause)
[2024-05-30T11:08:44.946+0000][2064.365s][info][gc,task     ] GC(342) Using 6 workers of 6 for evacuation
[2024-05-30T11:08:45.029+0000][2064.448s][info][gc,phases   ] GC(342)   Pre Evacuate Collection Set: 0.2ms
[2024-05-30T11:08:45.029+0000][2064.448s][info][gc,phases   ] GC(342)   Merge Heap Roots: 0.3ms
[2024-05-30T11:08:45.029+0000][2064.448s][info][gc,phases   ] GC(342)   Evacuate Collection Set: 71.3ms
[2024-05-30T11:08:45.029+0000][2064.448s][info][gc,phases   ] GC(342)   Post Evacuate Collection Set: 10.9ms
[2024-05-30T11:08:45.029+0000][2064.448s][info][gc,phases   ] GC(342)   Other: 0.2ms
[2024-05-30T11:08:45.029+0000][2064.448s][info][gc,heap     ] GC(342) Eden regions: 500->0(54)
[2024-05-30T11:08:45.029+0000][2064.448s][info][gc,heap     ] GC(342) Survivor regions: 18->22(65)
[2024-05-30T11:08:45.029+0000][2064.448s][info][gc,heap     ] GC(342) Old regions: 526->527
[2024-05-30T11:08:45.029+0000][2064.448s][info][gc,heap     ] GC(342) Archive regions: 2->2
[2024-05-30T11:08:45.029+0000][2064.448s][info][gc,heap     ] GC(342) Humongous regions: 5->5
[2024-05-30T11:08:45.029+0000][2064.448s][info][gc,metaspace] GC(342) Metaspace: 411596K(418176K)->411596K(418176K) NonClass: 359645K(363520K)->359645K(363520K) Class: 51951K(54656K)->51951K(54656K)
[2024-05-30T11:08:45.029+0000][2064.448s][info][gc          ] GC(342) Pause Young (Prepare Mixed) (G1 Evacuation Pause) 8394M->4431M(12288M) 82.918ms
[2024-05-30T11:08:45.029+0000][2064.448s][info][gc,cpu      ] GC(342) User=0.49s Sys=0.00s Real=0.09s
[2024-05-30T11:08:45.201+0000][2064.620s][info][gc,start    ] GC(343) Pause Young (Mixed) (G1 Evacuation Pause)
[2024-05-30T11:08:45.201+0000][2064.621s][info][gc,task     ] GC(343) Using 6 workers of 6 for evacuation
[2024-05-30T11:08:45.262+0000][2064.682s][info][gc,phases   ] GC(343)   Pre Evacuate Collection Set: 0.2ms
[2024-05-30T11:08:45.262+0000][2064.682s][info][gc,phases   ] GC(343)   Merge Heap Roots: 0.2ms
[2024-05-30T11:08:45.262+0000][2064.682s][info][gc,phases   ] GC(343)   Evacuate Collection Set: 57.5ms
[2024-05-30T11:08:45.263+0000][2064.682s][info][gc,phases   ] GC(343)   Post Evacuate Collection Set: 3.2ms
[2024-05-30T11:08:45.263+0000][2064.682s][info][gc,phases   ] GC(343)   Other: 0.2ms
[2024-05-30T11:08:45.263+0000][2064.682s][info][gc,heap     ] GC(343) Eden regions: 54->0(73)
[2024-05-30T11:08:45.263+0000][2064.682s][info][gc,heap     ] GC(343) Survivor regions: 22->3(10)
[2024-05-30T11:08:45.263+0000][2064.682s][info][gc,heap     ] GC(343) Old regions: 527->393
[2024-05-30T11:08:45.263+0000][2064.682s][info][gc,heap     ] GC(343) Archive regions: 2->2
[2024-05-30T11:08:45.263+0000][2064.682s][info][gc,heap     ] GC(343) Humongous regions: 5->5
[2024-05-30T11:08:45.263+0000][2064.682s][info][gc,metaspace] GC(343) Metaspace: 411596K(418176K)->411596K(418176K) NonClass: 359645K(363520K)->359645K(363520K) Class: 51951K(54656K)->51951K(54656K)
[2024-05-30T11:08:45.263+0000][2064.682s][info][gc          ] GC(343) Pause Young (Mixed) (G1 Evacuation Pause) 4863M->3207M(12288M) 61.338ms
[2024-05-30T11:08:45.263+0000][2064.682s][info][gc,cpu      ] GC(343) User=0.35s Sys=0.01s Real=0.06s
[2024-05-30T11:08:45.479+0000][2064.899s][info][gc,start    ] GC(344) Pause Young (Mixed) (G1 Evacuation Pause)
[2024-05-30T11:08:45.479+0000][2064.899s][info][gc,task     ] GC(344) Using 6 workers of 6 for evacuation
[2024-05-30T11:08:45.519+0000][2064.938s][info][gc,phases   ] GC(344)   Pre Evacuate Collection Set: 0.2ms
[2024-05-30T11:08:45.519+0000][2064.938s][info][gc,phases   ] GC(344)   Merge Heap Roots: 0.3ms
[2024-05-30T11:08:45.519+0000][2064.938s][info][gc,phases   ] GC(344)   Evacuate Collection Set: 34.9ms
[2024-05-30T11:08:45.519+0000][2064.938s][info][gc,phases   ] GC(344)   Post Evacuate Collection Set: 3.8ms
[2024-05-30T11:08:45.519+0000][2064.938s][info][gc,phases   ] GC(344)   Other: 0.2ms
[2024-05-30T11:08:45.519+0000][2064.938s][info][gc,heap     ] GC(344) Eden regions: 73->0(74)
[2024-05-30T11:08:45.519+0000][2064.938s][info][gc,heap     ] GC(344) Survivor regions: 3->2(10)
[2024-05-30T11:08:45.519+0000][2064.938s][info][gc,heap     ] GC(344) Old regions: 393->248
[2024-05-30T11:08:45.519+0000][2064.938s][info][gc,heap     ] GC(344) Archive regions: 2->2
[2024-05-30T11:08:45.519+0000][2064.938s][info][gc,heap     ] GC(344) Humongous regions: 5->5
[2024-05-30T11:08:45.519+0000][2064.938s][info][gc,metaspace] GC(344) Metaspace: 411596K(418176K)->411596K(418176K) NonClass: 359645K(363520K)->359645K(363520K) Class: 51951K(54656K)->51951K(54656K)
[2024-05-30T11:08:45.519+0000][2064.938s][info][gc          ] GC(344) Pause Young (Mixed) (G1 Evacuation Pause) 3791M->2032M(12288M) 39.454ms
[2024-05-30T11:08:45.519+0000][2064.938s][info][gc,cpu      ] GC(344) User=0.24s Sys=0.00s Real=0.04s
[2024-05-30T11:08:45.770+0000][2065.189s][info][gc,start    ] GC(345) Pause Young (Mixed) (G1 Evacuation Pause)
[2024-05-30T11:08:45.770+0000][2065.189s][info][gc,task     ] GC(345) Using 6 workers of 6 for evacuation
[2024-05-30T11:08:45.782+0000][2065.201s][info][gc,phases   ] GC(345)   Pre Evacuate Collection Set: 0.1ms
[2024-05-30T11:08:45.782+0000][2065.201s][info][gc,phases   ] GC(345)   Merge Heap Roots: 0.1ms
[2024-05-30T11:08:45.782+0000][2065.201s][info][gc,phases   ] GC(345)   Evacuate Collection Set: 9.5ms
[2024-05-30T11:08:45.782+0000][2065.201s][info][gc,phases   ] GC(345)   Post Evacuate Collection Set: 2.7ms
[2024-05-30T11:08:45.782+0000][2065.201s][info][gc,phases   ] GC(345)   Other: 0.2ms
[2024-05-30T11:08:45.782+0000][2065.201s][info][gc,heap     ] GC(345) Eden regions: 74->0(919)
[2024-05-30T11:08:45.782+0000][2065.202s][info][gc,heap     ] GC(345) Survivor regions: 2->2(10)
[2024-05-30T11:08:45.782+0000][2065.202s][info][gc,heap     ] GC(345) Old regions: 248->248
[2024-05-30T11:08:45.782+0000][2065.202s][info][gc,heap     ] GC(345) Archive regions: 2->2
[2024-05-30T11:08:45.782+0000][2065.202s][info][gc,heap     ] GC(345) Humongous regions: 5->5
[2024-05-30T11:08:45.782+0000][2065.202s][info][gc,metaspace] GC(345) Metaspace: 411596K(418176K)->411596K(418176K) NonClass: 359645K(363520K)->359645K(363520K) Class: 51951K(54656K)->51951K(54656K)
[2024-05-30T11:08:45.782+0000][2065.202s][info][gc          ] GC(345) Pause Young (Mixed) (G1 Evacuation Pause) 2624M->2036M(12288M) 12.793ms
[2024-05-30T11:08:45.782+0000][2065.202s][info][gc,cpu      ] GC(345) User=0.07s Sys=0.00s Real=0.01s
[2024-05-30T11:08:48.608+0000][2068.027s][info][gc,start    ] GC(346) Pause Young (Normal) (G1 Evacuation Pause)
[2024-05-30T11:08:48.608+0000][2068.027s][info][gc,task     ] GC(346) Using 6 workers of 6 for evacuation
[2024-05-30T11:08:48.691+0000][2068.110s][info][gc,phases   ] GC(346)   Pre Evacuate Collection Set: 0.2ms
[2024-05-30T11:08:48.691+0000][2068.110s][info][gc,phases   ] GC(346)   Merge Heap Roots: 0.3ms
[2024-05-30T11:08:48.691+0000][2068.110s][info][gc,phases   ] GC(346)   Evacuate Collection Set: 60.8ms
[2024-05-30T11:08:48.691+0000][2068.110s][info][gc,phases   ] GC(346)   Post Evacuate Collection Set: 21.8ms
[2024-05-30T11:08:48.691+0000][2068.110s][info][gc,phases   ] GC(346)   Other: 0.2ms
[2024-05-30T11:08:48.691+0000][2068.110s][info][gc,heap     ] GC(346) Eden regions: 919->0(913)
[2024-05-30T11:08:48.691+0000][2068.110s][info][gc,heap     ] GC(346) Survivor regions: 2->8(116)
[2024-05-30T11:08:48.691+0000][2068.110s][info][gc,heap     ] GC(346) Old regions: 248->248
[2024-05-30T11:08:48.691+0000][2068.110s][info][gc,heap     ] GC(346) Archive regions: 2->2
[2024-05-30T11:08:48.691+0000][2068.110s][info][gc,heap     ] GC(346) Humongous regions: 5->5
[2024-05-30T11:08:48.691+0000][2068.110s][info][gc,metaspace] GC(346) Metaspace: 411596K(418176K)->411596K(418176K) NonClass: 359645K(363520K)->359645K(363520K) Class: 51951K(54656K)->51951K(54656K)
[2024-05-30T11:08:48.691+0000][2068.111s][info][gc          ] GC(346) Pause Young (Normal) (G1 Evacuation Pause) 9388M->2088M(12288M) 83.332ms
[2024-05-30T11:08:48.691+0000][2068.111s][info][gc,cpu      ] GC(346) User=0.48s Sys=0.00s Real=0.09s
[2024-05-30T11:08:51.381+0000][2070.801s][info][gc,start    ] GC(347) Pause Young (Normal) (G1 Evacuation Pause)
[2024-05-30T11:08:51.381+0000][2070.801s][info][gc,task     ] GC(347) Using 6 workers of 6 for evacuation
[2024-05-30T11:08:51.484+0000][2070.903s][info][gc,phases   ] GC(347)   Pre Evacuate Collection Set: 0.2ms
[2024-05-30T11:08:51.484+0000][2070.903s][info][gc,phases   ] GC(347)   Merge Heap Roots: 0.3ms
[2024-05-30T11:08:51.484+0000][2070.903s][info][gc,phases   ] GC(347)   Evacuate Collection Set: 78.8ms
[2024-05-30T11:08:51.484+0000][2070.903s][info][gc,phases   ] GC(347)   Post Evacuate Collection Set: 23.0ms
[2024-05-30T11:08:51.484+0000][2070.903s][info][gc,phases   ] GC(347)   Other: 0.2ms
[2024-05-30T11:08:51.484+0000][2070.903s][info][gc,heap     ] GC(347) Eden regions: 913->0(907)
[2024-05-30T11:08:51.484+0000][2070.903s][info][gc,heap     ] GC(347) Survivor regions: 8->14(116)
[2024-05-30T11:08:51.484+0000][2070.903s][info][gc,heap     ] GC(347) Old regions: 248->248
[2024-05-30T11:08:51.484+0000][2070.903s][info][gc,heap     ] GC(347) Archive regions: 2->2
[2024-05-30T11:08:51.484+0000][2070.903s][info][gc,heap     ] GC(347) Humongous regions: 5->5
[2024-05-30T11:08:51.484+0000][2070.903s][info][gc,metaspace] GC(347) Metaspace: 411598K(418176K)->411598K(418176K) NonClass: 359646K(363520K)->359646K(363520K) Class: 51951K(54656K)->51951K(54656K)
[2024-05-30T11:08:51.484+0000][2070.903s][info][gc          ] GC(347) Pause Young (Normal) (G1 Evacuation Pause) 9392M->2132M(12288M) 102.512ms
[2024-05-30T11:08:51.484+0000][2070.903s][info][gc,cpu      ] GC(347) User=0.59s Sys=0.00s Real=0.10s
[2024-05-30T11:08:54.149+0000][2073.568s][info][gc,start    ] GC(348) Pause Young (Normal) (G1 Evacuation Pause)
[2024-05-30T11:08:54.149+0000][2073.568s][info][gc,task     ] GC(348) Using 6 workers of 6 for evacuation
[2024-05-30T11:08:54.289+0000][2073.708s][info][gc,phases   ] GC(348)   Pre Evacuate Collection Set: 0.2ms
[2024-05-30T11:08:54.289+0000][2073.708s][info][gc,phases   ] GC(348)   Merge Heap Roots: 0.3ms
[2024-05-30T11:08:54.289+0000][2073.708s][info][gc,phases   ] GC(348)   Evacuate Collection Set: 109.5ms
[2024-05-30T11:08:54.289+0000][2073.708s][info][gc,phases   ] GC(348)   Post Evacuate Collection Set: 30.3ms
[2024-05-30T11:08:54.289+0000][2073.708s][info][gc,phases   ] GC(348)   Other: 0.2ms
[2024-05-30T11:08:54.289+0000][2073.708s][info][gc,heap     ] GC(348) Eden regions: 907->0(900)
[2024-05-30T11:08:54.289+0000][2073.708s][info][gc,heap     ] GC(348) Survivor regions: 14->21(116)
[2024-05-30T11:08:54.289+0000][2073.708s][info][gc,heap     ] GC(348) Old regions: 248->248
[2024-05-30T11:08:54.289+0000][2073.708s][info][gc,heap     ] GC(348) Archive regions: 2->2
[2024-05-30T11:08:54.289+0000][2073.708s][info][gc,heap     ] GC(348) Humongous regions: 5->5
[2024-05-30T11:08:54.289+0000][2073.708s][info][gc,metaspace] GC(348) Metaspace: 411598K(418176K)->411598K(418176K) NonClass: 359646K(363520K)->359646K(363520K) Class: 51951K(54656K)->51951K(54656K)
[2024-05-30T11:08:54.289+0000][2073.708s][info][gc          ] GC(348) Pause Young (Normal) (G1 Evacuation Pause) 9388M->2190M(12288M) 140.586ms
[2024-05-30T11:08:54.289+0000][2073.708s][info][gc,cpu      ] GC(348) User=0.81s Sys=0.00s Real=0.14s
[2024-05-30T11:08:56.908+0000][2076.327s][info][gc,start    ] GC(349) Pause Young (Normal) (G1 Evacuation Pause)
[2024-05-30T11:08:56.908+0000][2076.327s][info][gc,task     ] GC(349) Using 6 workers of 6 for evacuation
[2024-05-30T11:08:57.053+0000][2076.472s][info][gc,phases   ] GC(349)   Pre Evacuate Collection Set: 0.2ms
[2024-05-30T11:08:57.053+0000][2076.472s][info][gc,phases   ] GC(349)   Merge Heap Roots: 0.4ms
[2024-05-30T11:08:57.053+0000][2076.472s][info][gc,phases   ] GC(349)   Evacuate Collection Set: 118.6ms
[2024-05-30T11:08:57.053+0000][2076.472s][info][gc,phases   ] GC(349)   Post Evacuate Collection Set: 26.2ms
[2024-05-30T11:08:57.053+0000][2076.472s][info][gc,phases   ] GC(349)   Other: 0.2ms
[2024-05-30T11:08:57.053+0000][2076.473s][info][gc,heap     ] GC(349) Eden regions: 900->0(896)
[2024-05-30T11:08:57.053+0000][2076.473s][info][gc,heap     ] GC(349) Survivor regions: 21->25(116)
[2024-05-30T11:08:57.053+0000][2076.473s][info][gc,heap     ] GC(349) Old regions: 248->248
[2024-05-30T11:08:57.053+0000][2076.473s][info][gc,heap     ] GC(349) Archive regions: 2->2
[2024-05-30T11:08:57.053+0000][2076.473s][info][gc,heap     ] GC(349) Humongous regions: 5->5
[2024-05-30T11:08:57.053+0000][2076.473s][info][gc,metaspace] GC(349) Metaspace: 411598K(418176K)->411598K(418176K) NonClass: 359646K(363520K)->359646K(363520K) Class: 51951K(54656K)->51951K(54656K)
[2024-05-30T11:08:57.053+0000][2076.473s][info][gc          ] GC(349) Pause Young (Normal) (G1 Evacuation Pause) 9390M->2225M(12288M) 145.618ms
[2024-05-30T11:08:57.053+0000][2076.473s][info][gc,cpu      ] GC(349) User=0.85s Sys=0.01s Real=0.15s
[2024-05-30T11:08:59.772+0000][2079.191s][info][gc,start    ] GC(350) Pause Young (Normal) (G1 Evacuation Pause)
[2024-05-30T11:08:59.772+0000][2079.191s][info][gc,task     ] GC(350) Using 6 workers of 6 for evacuation
[2024-05-30T11:08:59.938+0000][2079.358s][info][gc,phases   ] GC(350)   Pre Evacuate Collection Set: 0.2ms
[2024-05-30T11:08:59.938+0000][2079.358s][info][gc,phases   ] GC(350)   Merge Heap Roots: 0.4ms
[2024-05-30T11:08:59.938+0000][2079.358s][info][gc,phases   ] GC(350)   Evacuate Collection Set: 137.1ms
[2024-05-30T11:08:59.938+0000][2079.358s][info][gc,phases   ] GC(350)   Post Evacuate Collection Set: 28.8ms
[2024-05-30T11:08:59.938+0000][2079.358s][info][gc,phases   ] GC(350)   Other: 0.2ms
[2024-05-30T11:08:59.938+0000][2079.358s][info][gc,heap     ] GC(350) Eden regions: 896->0(664)
[2024-05-30T11:08:59.938+0000][2079.358s][info][gc,heap     ] GC(350) Survivor regions: 25->30(116)
[2024-05-30T11:08:59.938+0000][2079.358s][info][gc,heap     ] GC(350) Old regions: 248->248
[2024-05-30T11:08:59.939+0000][2079.358s][info][gc,heap     ] GC(350) Archive regions: 2->2
[2024-05-30T11:08:59.939+0000][2079.358s][info][gc,heap     ] GC(350) Humongous regions: 5->5
[2024-05-30T11:08:59.939+0000][2079.358s][info][gc,metaspace] GC(350) Metaspace: 411598K(418176K)->411598K(418176K) NonClass: 359646K(363520K)->359646K(363520K) Class: 51951K(54656K)->51951K(54656K)
[2024-05-30T11:08:59.939+0000][2079.358s][info][gc          ] GC(350) Pause Young (Normal) (G1 Evacuation Pause) 9393M->2261M(12288M) 166.767ms
[2024-05-30T11:08:59.939+0000][2079.358s][info][gc,cpu      ] GC(350) User=0.97s Sys=0.00s Real=0.17s
[2024-05-30T11:09:01.864+0000][2081.283s][info][gc,start    ] GC(351) Pause Young (Normal) (G1 Evacuation Pause)
[2024-05-30T11:09:01.864+0000][2081.283s][info][gc,task     ] GC(351) Using 6 workers of 6 for evacuation
[2024-05-30T11:09:02.029+0000][2081.448s][info][gc,phases   ] GC(351)   Pre Evacuate Collection Set: 0.2ms
[2024-05-30T11:09:02.029+0000][2081.449s][info][gc,phases   ] GC(351)   Merge Heap Roots: 0.3ms
[2024-05-30T11:09:02.029+0000][2081.449s][info][gc,phases   ] GC(351)   Evacuate Collection Set: 142.7ms
[2024-05-30T11:09:02.029+0000][2081.449s][info][gc,phases   ] GC(351)   Post Evacuate Collection Set: 22.3ms
[2024-05-30T11:09:02.029+0000][2081.449s][info][gc,phases   ] GC(351)   Other: 0.2ms
[2024-05-30T11:09:02.029+0000][2081.449s][info][gc,heap     ] GC(351) Eden regions: 664->0(503)
[2024-05-30T11:09:02.029+0000][2081.449s][info][gc,heap     ] GC(351) Survivor regions: 30->33(87)
[2024-05-30T11:09:02.029+0000][2081.449s][info][gc,heap     ] GC(351) Old regions: 248->248
[2024-05-30T11:09:02.029+0000][2081.449s][info][gc,heap     ] GC(351) Archive regions: 2->2
[2024-05-30T11:09:02.029+0000][2081.449s][info][gc,heap     ] GC(351) Humongous regions: 5->5
[2024-05-30T11:09:02.029+0000][2081.449s][info][gc,metaspace] GC(351) Metaspace: 411598K(418176K)->411598K(418176K) NonClass: 359646K(363520K)->359646K(363520K) Class: 51951K(54656K)->51951K(54656K)
[2024-05-30T11:09:02.029+0000][2081.449s][info][gc          ] GC(351) Pause Young (Normal) (G1 Evacuation Pause) 7573M->2289M(12288M) 165.815ms
[2024-05-30T11:09:02.029+0000][2081.449s][info][gc,cpu      ] GC(351) User=0.97s Sys=0.00s Real=0.17s
[2024-05-30T11:09:03.495+0000][2082.914s][info][gc,start    ] GC(352) Pause Young (Normal) (G1 Evacuation Pause)
[2024-05-30T11:09:03.495+0000][2082.914s][info][gc,task     ] GC(352) Using 6 workers of 6 for evacuation
[2024-05-30T11:09:03.643+0000][2083.062s][info][gc,phases   ] GC(352)   Pre Evacuate Collection Set: 0.2ms
[2024-05-30T11:09:03.643+0000][2083.062s][info][gc,phases   ] GC(352)   Merge Heap Roots: 0.3ms
[2024-05-30T11:09:03.643+0000][2083.062s][info][gc,phases   ] GC(352)   Evacuate Collection Set: 131.9ms
[2024-05-30T11:09:03.643+0000][2083.062s][info][gc,phases   ] GC(352)   Post Evacuate Collection Set: 15.4ms
[2024-05-30T11:09:03.643+0000][2083.062s][info][gc,phases   ] GC(352)   Other: 0.2ms
[2024-05-30T11:09:03.643+0000][2083.062s][info][gc,heap     ] GC(352) Eden regions: 503->0(432)
[2024-05-30T11:09:03.643+0000][2083.062s][info][gc,heap     ] GC(352) Survivor regions: 33->36(67)
[2024-05-30T11:09:03.643+0000][2083.062s][info][gc,heap     ] GC(352) Old regions: 248->248
[2024-05-30T11:09:03.643+0000][2083.062s][info][gc,heap     ] GC(352) Archive regions: 2->2
[2024-05-30T11:09:03.643+0000][2083.062s][info][gc,heap     ] GC(352) Humongous regions: 5->5
[2024-05-30T11:09:03.643+0000][2083.062s][info][gc,metaspace] GC(352) Metaspace: 411598K(418176K)->411598K(418176K) NonClass: 359646K(363520K)->359646K(363520K) Class: 51951K(54656K)->51951K(54656K)
[2024-05-30T11:09:03.643+0000][2083.062s][info][gc          ] GC(352) Pause Young (Normal) (G1 Evacuation Pause) 6313M->2309M(12288M) 148.062ms
[2024-05-30T11:09:03.643+0000][2083.062s][info][gc,cpu      ] GC(352) User=0.88s Sys=0.00s Real=0.15s
[2024-05-30T11:09:05.923+0000][2085.342s][info][gc,start    ] GC(353) Pause Young (Normal) (G1 Evacuation Pause)
[2024-05-30T11:09:05.923+0000][2085.342s][info][gc,task     ] GC(353) Using 6 workers of 6 for evacuation
[2024-05-30T11:09:06.068+0000][2085.487s][info][gc,phases   ] GC(353)   Pre Evacuate Collection Set: 0.2ms
[2024-05-30T11:09:06.068+0000][2085.488s][info][gc,phases   ] GC(353)   Merge Heap Roots: 0.3ms
[2024-05-30T11:09:06.068+0000][2085.488s][info][gc,phases   ] GC(353)   Evacuate Collection Set: 133.5ms
[2024-05-30T11:09:06.068+0000][2085.488s][info][gc,phases   ] GC(353)   Post Evacuate Collection Set: 11.5ms
[2024-05-30T11:09:06.068+0000][2085.488s][info][gc,phases   ] GC(353)   Other: 0.2ms
[2024-05-30T11:09:06.068+0000][2085.488s][info][gc,heap     ] GC(353) Eden regions: 432->0(890)
[2024-05-30T11:09:06.068+0000][2085.488s][info][gc,heap     ] GC(353) Survivor regions: 36->31(59)
[2024-05-30T11:09:06.068+0000][2085.488s][info][gc,heap     ] GC(353) Old regions: 248->254
[2024-05-30T11:09:06.068+0000][2085.488s][info][gc,heap     ] GC(353) Archive regions: 2->2
[2024-05-30T11:09:06.068+0000][2085.488s][info][gc,heap     ] GC(353) Humongous regions: 5->5
[2024-05-30T11:09:06.068+0000][2085.488s][info][gc,metaspace] GC(353) Metaspace: 411598K(418176K)->411598K(418176K) NonClass: 359646K(363520K)->359646K(363520K) Class: 51951K(54656K)->51951K(54656K)
[2024-05-30T11:09:06.068+0000][2085.488s][info][gc          ] GC(353) Pause Young (Normal) (G1 Evacuation Pause) 5765M->2321M(12288M) 145.788ms
[2024-05-30T11:09:06.068+0000][2085.488s][info][gc,cpu      ] GC(353) User=0.86s Sys=0.00s Real=0.15s
[2024-05-30T11:09:15.826+0000][2095.245s][info][gc,start    ] GC(354) Pause Young (Normal) (G1 Evacuation Pause)
[2024-05-30T11:09:15.826+0000][2095.245s][info][gc,task     ] GC(354) Using 6 workers of 6 for evacuation
[2024-05-30T11:09:15.943+0000][2095.363s][info][gc,phases   ] GC(354)   Pre Evacuate Collection Set: 0.2ms
[2024-05-30T11:09:15.944+0000][2095.363s][info][gc,phases   ] GC(354)   Merge Heap Roots: 0.4ms
[2024-05-30T11:09:15.944+0000][2095.363s][info][gc,phases   ] GC(354)   Evacuate Collection Set: 114.1ms
[2024-05-30T11:09:15.944+0000][2095.363s][info][gc,phases   ] GC(354)   Post Evacuate Collection Set: 2.4ms
[2024-05-30T11:09:15.944+0000][2095.363s][info][gc,phases   ] GC(354)   Other: 0.2ms
[2024-05-30T11:09:15.944+0000][2095.363s][info][gc,heap     ] GC(354) Eden regions: 890->0(885)
[2024-05-30T11:09:15.944+0000][2095.363s][info][gc,heap     ] GC(354) Survivor regions: 31->36(116)
[2024-05-30T11:09:15.944+0000][2095.363s][info][gc,heap     ] GC(354) Old regions: 254->254
[2024-05-30T11:09:15.944+0000][2095.363s][info][gc,heap     ] GC(354) Archive regions: 2->2
[2024-05-30T11:09:15.944+0000][2095.363s][info][gc,heap     ] GC(354) Humongous regions: 5->5
[2024-05-30T11:09:15.944+0000][2095.363s][info][gc,metaspace] GC(354) Metaspace: 411601K(418176K)->411601K(418176K) NonClass: 359649K(363520K)->359649K(363520K) Class: 51951K(54656K)->51951K(54656K)
[2024-05-30T11:09:15.944+0000][2095.363s][info][gc          ] GC(354) Pause Young (Normal) (G1 Evacuation Pause) 9441M->2361M(12288M) 117.366ms
[2024-05-30T11:09:15.944+0000][2095.363s][info][gc,cpu      ] GC(354) User=0.69s Sys=0.01s Real=0.12s
[2024-05-30T11:09:25.459+0000][2104.878s][info][gc,start    ] GC(355) Pause Young (Normal) (G1 Evacuation Pause)
[2024-05-30T11:09:25.459+0000][2104.878s][info][gc,task     ] GC(355) Using 6 workers of 6 for evacuation
[2024-05-30T11:09:25.580+0000][2104.999s][info][gc,phases   ] GC(355)   Pre Evacuate Collection Set: 0.2ms
[2024-05-30T11:09:25.580+0000][2104.999s][info][gc,phases   ] GC(355)   Merge Heap Roots: 0.4ms
[2024-05-30T11:09:25.580+0000][2104.999s][info][gc,phases   ] GC(355)   Evacuate Collection Set: 117.5ms
[2024-05-30T11:09:25.580+0000][2104.999s][info][gc,phases   ] GC(355)   Post Evacuate Collection Set: 2.4ms
[2024-05-30T11:09:25.580+0000][2104.999s][info][gc,phases   ] GC(355)   Other: 0.2ms
[2024-05-30T11:09:25.580+0000][2104.999s][info][gc,heap     ] GC(355) Eden regions: 885->0(885)
[2024-05-30T11:09:25.580+0000][2104.999s][info][gc,heap     ] GC(355) Survivor regions: 36->36(116)
[2024-05-30T11:09:25.580+0000][2104.999s][info][gc,heap     ] GC(355) Old regions: 254->254
[2024-05-30T11:09:25.580+0000][2104.999s][info][gc,heap     ] GC(355) Archive regions: 2->2
[2024-05-30T11:09:25.580+0000][2104.999s][info][gc,heap     ] GC(355) Humongous regions: 5->5
[2024-05-30T11:09:25.580+0000][2104.999s][info][gc,metaspace] GC(355) Metaspace: 411602K(418176K)->411602K(418176K) NonClass: 359650K(363520K)->359650K(363520K) Class: 51951K(54656K)->51951K(54656K)
[2024-05-30T11:09:25.580+0000][2104.999s][info][gc          ] GC(355) Pause Young (Normal) (G1 Evacuation Pause) 9441M->2361M(12288M) 120.819ms
[2024-05-30T11:09:25.580+0000][2104.999s][info][gc,cpu      ] GC(355) User=0.72s Sys=0.00s Real=0.12s
[2024-05-30T11:09:35.463+0000][2114.882s][info][gc,start    ] GC(356) Pause Young (Normal) (G1 Evacuation Pause)
[2024-05-30T11:09:35.463+0000][2114.883s][info][gc,task     ] GC(356) Using 6 workers of 6 for evacuation
[2024-05-30T11:09:35.592+0000][2115.011s][info][gc,phases   ] GC(356)   Pre Evacuate Collection Set: 0.2ms
[2024-05-30T11:09:35.592+0000][2115.011s][info][gc,phases   ] GC(356)   Merge Heap Roots: 0.4ms
[2024-05-30T11:09:35.592+0000][2115.011s][info][gc,phases   ] GC(356)   Evacuate Collection Set: 125.2ms
[2024-05-30T11:09:35.592+0000][2115.011s][info][gc,phases   ] GC(356)   Post Evacuate Collection Set: 2.5ms
[2024-05-30T11:09:35.592+0000][2115.011s][info][gc,phases   ] GC(356)   Other: 0.2ms
[2024-05-30T11:09:35.592+0000][2115.011s][info][gc,heap     ] GC(356) Eden regions: 885->0(881)
[2024-05-30T11:09:35.592+0000][2115.011s][info][gc,heap     ] GC(356) Survivor regions: 36->40(116)
[2024-05-30T11:09:35.592+0000][2115.011s][info][gc,heap     ] GC(356) Old regions: 254->254
[2024-05-30T11:09:35.592+0000][2115.011s][info][gc,heap     ] GC(356) Archive regions: 2->2
[2024-05-30T11:09:35.592+0000][2115.011s][info][gc,heap     ] GC(356) Humongous regions: 5->5
[2024-05-30T11:09:35.592+0000][2115.011s][info][gc,metaspace] GC(356) Metaspace: 411610K(418176K)->411610K(418176K) NonClass: 359658K(363520K)->359658K(363520K) Class: 51952K(54656K)->51952K(54656K)
[2024-05-30T11:09:35.592+0000][2115.011s][info][gc          ] GC(356) Pause Young (Normal) (G1 Evacuation Pause) 9441M->2389M(12288M) 128.506ms
[2024-05-30T11:09:35.592+0000][2115.011s][info][gc,cpu      ] GC(356) User=0.76s Sys=0.00s Real=0.13s
[2024-05-30T11:09:45.436+0000][2124.855s][info][gc,start    ] GC(357) Pause Young (Normal) (G1 Evacuation Pause)
[2024-05-30T11:09:45.436+0000][2124.855s][info][gc,task     ] GC(357) Using 6 workers of 6 for evacuation
[2024-05-30T11:09:45.564+0000][2124.983s][info][gc,phases   ] GC(357)   Pre Evacuate Collection Set: 0.2ms
[2024-05-30T11:09:45.564+0000][2124.983s][info][gc,phases   ] GC(357)   Merge Heap Roots: 0.3ms
[2024-05-30T11:09:45.564+0000][2124.983s][info][gc,phases   ] GC(357)   Evacuate Collection Set: 125.1ms
[2024-05-30T11:09:45.564+0000][2124.983s][info][gc,phases   ] GC(357)   Post Evacuate Collection Set: 2.4ms
[2024-05-30T11:09:45.564+0000][2124.983s][info][gc,phases   ] GC(357)   Other: 0.2ms
[2024-05-30T11:09:45.564+0000][2124.983s][info][gc,heap     ] GC(357) Eden regions: 881->0(878)
[2024-05-30T11:09:45.564+0000][2124.983s][info][gc,heap     ] GC(357) Survivor regions: 40->43(116)
[2024-05-30T11:09:45.564+0000][2124.983s][info][gc,heap     ] GC(357) Old regions: 254->254
[2024-05-30T11:09:45.564+0000][2124.983s][info][gc,heap     ] GC(357) Archive regions: 2->2
[2024-05-30T11:09:45.564+0000][2124.983s][info][gc,heap     ] GC(357) Humongous regions: 5->5
[2024-05-30T11:09:45.564+0000][2124.983s][info][gc,metaspace] GC(357) Metaspace: 411615K(418176K)->411615K(418176K) NonClass: 359662K(363520K)->359662K(363520K) Class: 51952K(54656K)->51952K(54656K)
[2024-05-30T11:09:45.564+0000][2124.983s][info][gc          ] GC(357) Pause Young (Normal) (G1 Evacuation Pause) 9437M->2417M(12288M) 128.241ms
[2024-05-30T11:09:45.564+0000][2124.983s][info][gc,cpu      ] GC(357) User=0.77s Sys=0.00s Real=0.13s
[2024-05-30T11:09:55.251+0000][2134.670s][info][gc,start    ] GC(358) Pause Young (Normal) (G1 Evacuation Pause)
[2024-05-30T11:09:55.251+0000][2134.670s][info][gc,task     ] GC(358) Using 6 workers of 6 for evacuation
[2024-05-30T11:09:55.385+0000][2134.804s][info][gc,phases   ] GC(358)   Pre Evacuate Collection Set: 0.2ms
[2024-05-30T11:09:55.385+0000][2134.804s][info][gc,phases   ] GC(358)   Merge Heap Roots: 0.4ms
[2024-05-30T11:09:55.385+0000][2134.804s][info][gc,phases   ] GC(358)   Evacuate Collection Set: 130.7ms
[2024-05-30T11:09:55.385+0000][2134.804s][info][gc,phases   ] GC(358)   Post Evacuate Collection Set: 2.5ms
[2024-05-30T11:09:55.385+0000][2134.804s][info][gc,phases   ] GC(358)   Other: 0.2ms
[2024-05-30T11:09:55.385+0000][2134.804s][info][gc,heap     ] GC(358) Eden regions: 878->0(875)
[2024-05-30T11:09:55.385+0000][2134.804s][info][gc,heap     ] GC(358) Survivor regions: 43->46(116)
[2024-05-30T11:09:55.385+0000][2134.804s][info][gc,heap     ] GC(358) Old regions: 254->254
[2024-05-30T11:09:55.385+0000][2134.804s][info][gc,heap     ] GC(358) Archive regions: 2->2
[2024-05-30T11:09:55.385+0000][2134.804s][info][gc,heap     ] GC(358) Humongous regions: 5->5
[2024-05-30T11:09:55.385+0000][2134.804s][info][gc,metaspace] GC(358) Metaspace: 411616K(418176K)->411616K(418176K) NonClass: 359663K(363520K)->359663K(363520K) Class: 51952K(54656K)->51952K(54656K)
[2024-05-30T11:09:55.385+0000][2134.804s][info][gc          ] GC(358) Pause Young (Normal) (G1 Evacuation Pause) 9441M->2437M(12288M) 134.048ms
[2024-05-30T11:09:55.385+0000][2134.804s][info][gc,cpu      ] GC(358) User=0.80s Sys=0.00s Real=0.13s
[2024-05-30T11:10:04.841+0000][2144.260s][info][gc,start    ] GC(359) Pause Young (Normal) (G1 Evacuation Pause)
[2024-05-30T11:10:04.841+0000][2144.260s][info][gc,task     ] GC(359) Using 6 workers of 6 for evacuation
[2024-05-30T11:10:04.977+0000][2144.396s][info][gc,phases   ] GC(359)   Pre Evacuate Collection Set: 0.2ms
[2024-05-30T11:10:04.977+0000][2144.396s][info][gc,phases   ] GC(359)   Merge Heap Roots: 0.4ms
[2024-05-30T11:10:04.977+0000][2144.396s][info][gc,phases   ] GC(359)   Evacuate Collection Set: 133.1ms
[2024-05-30T11:10:04.977+0000][2144.396s][info][gc,phases   ] GC(359)   Post Evacuate Collection Set: 2.5ms
[2024-05-30T11:10:04.977+0000][2144.396s][info][gc,phases   ] GC(359)   Other: 0.2ms
[2024-05-30T11:10:04.977+0000][2144.396s][info][gc,heap     ] GC(359) Eden regions: 875->0(877)
[2024-05-30T11:10:04.977+0000][2144.396s][info][gc,heap     ] GC(359) Survivor regions: 46->44(116)
[2024-05-30T11:10:04.977+0000][2144.396s][info][gc,heap     ] GC(359) Old regions: 254->254
[2024-05-30T11:10:04.977+0000][2144.396s][info][gc,heap     ] GC(359) Archive regions: 2->2
[2024-05-30T11:10:04.977+0000][2144.396s][info][gc,heap     ] GC(359) Humongous regions: 5->5
[2024-05-30T11:10:04.977+0000][2144.396s][info][gc,metaspace] GC(359) Metaspace: 411639K(418176K)->411639K(418176K) NonClass: 359686K(363520K)->359686K(363520K) Class: 51952K(54656K)->51952K(54656K)
[2024-05-30T11:10:04.977+0000][2144.396s][info][gc          ] GC(359) Pause Young (Normal) (G1 Evacuation Pause) 9437M->2425M(12288M) 136.432ms
[2024-05-30T11:10:04.977+0000][2144.396s][info][gc,cpu      ] GC(359) User=0.81s Sys=0.00s Real=0.14s
[2024-05-30T11:10:14.274+0000][2153.694s][info][gc,start    ] GC(360) Pause Young (Normal) (G1 Evacuation Pause)
[2024-05-30T11:10:14.274+0000][2153.694s][info][gc,task     ] GC(360) Using 6 workers of 6 for evacuation
[2024-05-30T11:10:14.406+0000][2153.826s][info][gc,phases   ] GC(360)   Pre Evacuate Collection Set: 0.2ms
[2024-05-30T11:10:14.406+0000][2153.826s][info][gc,phases   ] GC(360)   Merge Heap Roots: 0.4ms
[2024-05-30T11:10:14.406+0000][2153.826s][info][gc,phases   ] GC(360)   Evacuate Collection Set: 128.9ms
[2024-05-30T11:10:14.406+0000][2153.826s][info][gc,phases   ] GC(360)   Post Evacuate Collection Set: 2.4ms
[2024-05-30T11:10:14.406+0000][2153.826s][info][gc,phases   ] GC(360)   Other: 0.3ms
[2024-05-30T11:10:14.406+0000][2153.826s][info][gc,heap     ] GC(360) Eden regions: 877->0(878)
[2024-05-30T11:10:14.407+0000][2153.826s][info][gc,heap     ] GC(360) Survivor regions: 44->43(116)
[2024-05-30T11:10:14.407+0000][2153.826s][info][gc,heap     ] GC(360) Old regions: 254->254
[2024-05-30T11:10:14.407+0000][2153.826s][info][gc,heap     ] GC(360) Archive regions: 2->2
[2024-05-30T11:10:14.407+0000][2153.826s][info][gc,heap     ] GC(360) Humongous regions: 5->5
[2024-05-30T11:10:14.407+0000][2153.826s][info][gc,metaspace] GC(360) Metaspace: 411639K(418176K)->411639K(418176K) NonClass: 359686K(363520K)->359686K(363520K) Class: 51952K(54656K)->51952K(54656K)
[2024-05-30T11:10:14.407+0000][2153.826s][info][gc          ] GC(360) Pause Young (Normal) (G1 Evacuation Pause) 9441M->2413M(12288M) 132.142ms
[2024-05-30T11:10:14.407+0000][2153.826s][info][gc,cpu      ] GC(360) User=0.79s Sys=0.00s Real=0.13s
[2024-05-30T11:10:24.055+0000][2163.475s][info][gc,start    ] GC(361) Pause Young (Normal) (G1 Evacuation Pause)
[2024-05-30T11:10:24.055+0000][2163.475s][info][gc,task     ] GC(361) Using 6 workers of 6 for evacuation
[2024-05-30T11:10:24.199+0000][2163.619s][info][gc,phases   ] GC(361)   Pre Evacuate Collection Set: 0.2ms
[2024-05-30T11:10:24.199+0000][2163.619s][info][gc,phases   ] GC(361)   Merge Heap Roots: 0.4ms
[2024-05-30T11:10:24.199+0000][2163.619s][info][gc,phases   ] GC(361)   Evacuate Collection Set: 140.2ms
[2024-05-30T11:10:24.199+0000][2163.619s][info][gc,phases   ] GC(361)   Post Evacuate Collection Set: 3.0ms
[2024-05-30T11:10:24.199+0000][2163.619s][info][gc,phases   ] GC(361)   Other: 0.3ms
[2024-05-30T11:10:24.199+0000][2163.619s][info][gc,heap     ] GC(361) Eden regions: 878->0(875)
[2024-05-30T11:10:24.199+0000][2163.619s][info][gc,heap     ] GC(361) Survivor regions: 43->46(116)
[2024-05-30T11:10:24.199+0000][2163.619s][info][gc,heap     ] GC(361) Old regions: 254->254
[2024-05-30T11:10:24.199+0000][2163.619s][info][gc,heap     ] GC(361) Archive regions: 2->2
[2024-05-30T11:10:24.199+0000][2163.619s][info][gc,heap     ] GC(361) Humongous regions: 5->5
[2024-05-30T11:10:24.199+0000][2163.619s][info][gc,metaspace] GC(361) Metaspace: 411639K(418176K)->411639K(418176K) NonClass: 359686K(363520K)->359686K(363520K) Class: 51952K(54656K)->51952K(54656K)
[2024-05-30T11:10:24.199+0000][2163.619s][info][gc          ] GC(361) Pause Young (Normal) (G1 Evacuation Pause) 9437M->2441M(12288M) 144.058ms
[2024-05-30T11:10:24.199+0000][2163.619s][info][gc,cpu      ] GC(361) User=0.86s Sys=0.00s Real=0.15s
[2024-05-30T11:10:33.955+0000][2173.374s][info][gc,start    ] GC(362) Pause Young (Normal) (G1 Evacuation Pause)
[2024-05-30T11:10:33.955+0000][2173.374s][info][gc,task     ] GC(362) Using 6 workers of 6 for evacuation
[2024-05-30T11:10:34.097+0000][2173.516s][info][gc,phases   ] GC(362)   Pre Evacuate Collection Set: 0.2ms
[2024-05-30T11:10:34.097+0000][2173.516s][info][gc,phases   ] GC(362)   Merge Heap Roots: 0.4ms
[2024-05-30T11:10:34.097+0000][2173.516s][info][gc,phases   ] GC(362)   Evacuate Collection Set: 138.7ms
[2024-05-30T11:10:34.097+0000][2173.516s][info][gc,phases   ] GC(362)   Post Evacuate Collection Set: 2.4ms
[2024-05-30T11:10:34.097+0000][2173.516s][info][gc,phases   ] GC(362)   Other: 0.3ms
[2024-05-30T11:10:34.097+0000][2173.516s][info][gc,heap     ] GC(362) Eden regions: 875->0(876)
[2024-05-30T11:10:34.097+0000][2173.516s][info][gc,heap     ] GC(362) Survivor regions: 46->43(116)
[2024-05-30T11:10:34.097+0000][2173.516s][info][gc,heap     ] GC(362) Old regions: 254->259
[2024-05-30T11:10:34.097+0000][2173.516s][info][gc,heap     ] GC(362) Archive regions: 2->2
[2024-05-30T11:10:34.097+0000][2173.516s][info][gc,heap     ] GC(362) Humongous regions: 5->5
[2024-05-30T11:10:34.097+0000][2173.516s][info][gc,metaspace] GC(362) Metaspace: 411640K(418176K)->411640K(418176K) NonClass: 359687K(363520K)->359687K(363520K) Class: 51952K(54656K)->51952K(54656K)
[2024-05-30T11:10:34.097+0000][2173.516s][info][gc          ] GC(362) Pause Young (Normal) (G1 Evacuation Pause) 9441M->2453M(12288M) 141.963ms
[2024-05-30T11:10:34.097+0000][2173.516s][info][gc,cpu      ] GC(362) User=0.84s Sys=0.00s Real=0.15s
[2024-05-30T11:10:43.790+0000][2183.210s][info][gc,start    ] GC(363) Pause Young (Normal) (G1 Evacuation Pause)
[2024-05-30T11:10:43.790+0000][2183.210s][info][gc,task     ] GC(363) Using 6 workers of 6 for evacuation
[2024-05-30T11:10:43.914+0000][2183.334s][info][gc,phases   ] GC(363)   Pre Evacuate Collection Set: 0.2ms
[2024-05-30T11:10:43.914+0000][2183.334s][info][gc,phases   ] GC(363)   Merge Heap Roots: 0.3ms
[2024-05-30T11:10:43.914+0000][2183.334s][info][gc,phases   ] GC(363)   Evacuate Collection Set: 120.9ms
[2024-05-30T11:10:43.914+0000][2183.334s][info][gc,phases   ] GC(363)   Post Evacuate Collection Set: 2.4ms
[2024-05-30T11:10:43.914+0000][2183.334s][info][gc,phases   ] GC(363)   Other: 0.2ms
[2024-05-30T11:10:43.914+0000][2183.334s][info][gc,heap     ] GC(363) Eden regions: 876->0(878)
[2024-05-30T11:10:43.914+0000][2183.334s][info][gc,heap     ] GC(363) Survivor regions: 43->39(115)
[2024-05-30T11:10:43.914+0000][2183.334s][info][gc,heap     ] GC(363) Old regions: 259->265
[2024-05-30T11:10:43.914+0000][2183.334s][info][gc,heap     ] GC(363) Archive regions: 2->2
[2024-05-30T11:10:43.914+0000][2183.334s][info][gc,heap     ] GC(363) Humongous regions: 5->5
[2024-05-30T11:10:43.914+0000][2183.334s][info][gc,metaspace] GC(363) Metaspace: 411640K(418176K)->411640K(418176K) NonClass: 359687K(363520K)->359687K(363520K) Class: 51952K(54656K)->51952K(54656K)
[2024-05-30T11:10:43.914+0000][2183.334s][info][gc          ] GC(363) Pause Young (Normal) (G1 Evacuation Pause) 9461M->2471M(12288M) 124.137ms
[2024-05-30T11:10:43.915+0000][2183.334s][info][gc,cpu      ] GC(363) User=0.74s Sys=0.00s Real=0.12s
[2024-05-30T11:10:53.521+0000][2192.940s][info][gc,start    ] GC(364) Pause Young (Normal) (G1 Evacuation Pause)
[2024-05-30T11:10:53.521+0000][2192.940s][info][gc,task     ] GC(364) Using 6 workers of 6 for evacuation
[2024-05-30T11:10:53.630+0000][2193.049s][info][gc,phases   ] GC(364)   Pre Evacuate Collection Set: 0.2ms
[2024-05-30T11:10:53.630+0000][2193.049s][info][gc,phases   ] GC(364)   Merge Heap Roots: 0.3ms
[2024-05-30T11:10:53.630+0000][2193.049s][info][gc,phases   ] GC(364)   Evacuate Collection Set: 105.5ms
[2024-05-30T11:10:53.630+0000][2193.049s][info][gc,phases   ] GC(364)   Post Evacuate Collection Set: 2.6ms
[2024-05-30T11:10:53.630+0000][2193.049s][info][gc,phases   ] GC(364)   Other: 0.2ms
[2024-05-30T11:10:53.630+0000][2193.049s][info][gc,heap     ] GC(364) Eden regions: 878->0(882)
[2024-05-30T11:10:53.630+0000][2193.049s][info][gc,heap     ] GC(364) Survivor regions: 39->35(115)
[2024-05-30T11:10:53.630+0000][2193.049s][info][gc,heap     ] GC(364) Old regions: 265->269
[2024-05-30T11:10:53.630+0000][2193.049s][info][gc,heap     ] GC(364) Archive regions: 2->2
[2024-05-30T11:10:53.630+0000][2193.049s][info][gc,heap     ] GC(364) Humongous regions: 5->5
[2024-05-30T11:10:53.630+0000][2193.049s][info][gc,metaspace] GC(364) Metaspace: 411641K(418176K)->411641K(418176K) NonClass: 359688K(363520K)->359688K(363520K) Class: 51952K(54656K)->51952K(54656K)
[2024-05-30T11:10:53.630+0000][2193.049s][info][gc          ] GC(364) Pause Young (Normal) (G1 Evacuation Pause) 9495M->2472M(12288M) 108.940ms
[2024-05-30T11:10:53.630+0000][2193.049s][info][gc,cpu      ] GC(364) User=0.65s Sys=0.00s Real=0.11s
[2024-05-30T11:11:02.969+0000][2202.388s][info][gc,start    ] GC(365) Pause Young (Normal) (G1 Evacuation Pause)
[2024-05-30T11:11:02.969+0000][2202.388s][info][gc,task     ] GC(365) Using 6 workers of 6 for evacuation
[2024-05-30T11:11:03.062+0000][2202.482s][info][gc,phases   ] GC(365)   Pre Evacuate Collection Set: 0.2ms
[2024-05-30T11:11:03.062+0000][2202.482s][info][gc,phases   ] GC(365)   Merge Heap Roots: 0.3ms
[2024-05-30T11:11:03.062+0000][2202.482s][info][gc,phases   ] GC(365)   Evacuate Collection Set: 90.2ms
[2024-05-30T11:11:03.062+0000][2202.482s][info][gc,phases   ] GC(365)   Post Evacuate Collection Set: 2.4ms
[2024-05-30T11:11:03.062+0000][2202.482s][info][gc,phases   ] GC(365)   Other: 0.2ms
[2024-05-30T11:11:03.062+0000][2202.482s][info][gc,heap     ] GC(365) Eden regions: 882->0(887)
[2024-05-30T11:11:03.062+0000][2202.482s][info][gc,heap     ] GC(365) Survivor regions: 35->30(115)
[2024-05-30T11:11:03.062+0000][2202.482s][info][gc,heap     ] GC(365) Old regions: 269->274
[2024-05-30T11:11:03.062+0000][2202.482s][info][gc,heap     ] GC(365) Archive regions: 2->2
[2024-05-30T11:11:03.062+0000][2202.482s][info][gc,heap     ] GC(365) Humongous regions: 5->5
[2024-05-30T11:11:03.062+0000][2202.482s][info][gc,metaspace] GC(365) Metaspace: 411641K(418176K)->411641K(418176K) NonClass: 359688K(363520K)->359688K(363520K) Class: 51952K(54656K)->51952K(54656K)
[2024-05-30T11:11:03.062+0000][2202.482s][info][gc          ] GC(365) Pause Young (Normal) (G1 Evacuation Pause) 9528M->2466M(12288M) 93.341ms
[2024-05-30T11:11:03.062+0000][2202.482s][info][gc,cpu      ] GC(365) User=0.56s Sys=0.00s Real=0.09s
[2024-05-30T11:11:12.905+0000][2212.325s][info][gc,start    ] GC(366) Pause Young (Normal) (G1 Evacuation Pause)
[2024-05-30T11:11:12.905+0000][2212.325s][info][gc,task     ] GC(366) Using 6 workers of 6 for evacuation
[2024-05-30T11:11:12.988+0000][2212.408s][info][gc,phases   ] GC(366)   Pre Evacuate Collection Set: 0.2ms
[2024-05-30T11:11:12.988+0000][2212.408s][info][gc,phases   ] GC(366)   Merge Heap Roots: 0.3ms
[2024-05-30T11:11:12.988+0000][2212.408s][info][gc,phases   ] GC(366)   Evacuate Collection Set: 79.9ms
[2024-05-30T11:11:12.988+0000][2212.408s][info][gc,phases   ] GC(366)   Post Evacuate Collection Set: 2.4ms
[2024-05-30T11:11:12.988+0000][2212.408s][info][gc,phases   ] GC(366)   Other: 0.2ms
[2024-05-30T11:11:12.988+0000][2212.408s][info][gc,heap     ] GC(366) Eden regions: 887->0(884)
[2024-05-30T11:11:12.988+0000][2212.408s][info][gc,heap     ] GC(366) Survivor regions: 30->30(115)
[2024-05-30T11:11:12.988+0000][2212.408s][info][gc,heap     ] GC(366) Old regions: 274->277
[2024-05-30T11:11:12.988+0000][2212.408s][info][gc,heap     ] GC(366) Archive regions: 2->2
[2024-05-30T11:11:12.988+0000][2212.408s][info][gc,heap     ] GC(366) Humongous regions: 5->5
[2024-05-30T11:11:12.988+0000][2212.408s][info][gc,metaspace] GC(366) Metaspace: 411649K(418176K)->411649K(418176K) NonClass: 359696K(363520K)->359696K(363520K) Class: 51952K(54656K)->51952K(54656K)
[2024-05-30T11:11:12.989+0000][2212.408s][info][gc          ] GC(366) Pause Young (Normal) (G1 Evacuation Pause) 9562M->2491M(12288M) 83.099ms
[2024-05-30T11:11:12.989+0000][2212.408s][info][gc,cpu      ] GC(366) User=0.49s Sys=0.00s Real=0.09s
[2024-05-30T11:11:22.718+0000][2222.137s][info][gc,start    ] GC(367) Pause Young (Normal) (G1 Evacuation Pause)
[2024-05-30T11:11:22.718+0000][2222.137s][info][gc,task     ] GC(367) Using 6 workers of 6 for evacuation
[2024-05-30T11:11:22.797+0000][2222.216s][info][gc,phases   ] GC(367)   Pre Evacuate Collection Set: 0.2ms
[2024-05-30T11:11:22.797+0000][2222.216s][info][gc,phases   ] GC(367)   Merge Heap Roots: 0.3ms
[2024-05-30T11:11:22.797+0000][2222.216s][info][gc,phases   ] GC(367)   Evacuate Collection Set: 75.5ms
[2024-05-30T11:11:22.797+0000][2222.216s][info][gc,phases   ] GC(367)   Post Evacuate Collection Set: 2.5ms
[2024-05-30T11:11:22.797+0000][2222.216s][info][gc,phases   ] GC(367)   Other: 0.2ms
[2024-05-30T11:11:22.797+0000][2222.216s][info][gc,heap     ] GC(367) Eden regions: 884->0(881)
[2024-05-30T11:11:22.797+0000][2222.216s][info][gc,heap     ] GC(367) Survivor regions: 30->30(115)
[2024-05-30T11:11:22.797+0000][2222.216s][info][gc,heap     ] GC(367) Old regions: 277->280
[2024-05-30T11:11:22.797+0000][2222.216s][info][gc,heap     ] GC(367) Archive regions: 2->2
[2024-05-30T11:11:22.797+0000][2222.216s][info][gc,heap     ] GC(367) Humongous regions: 5->5
[2024-05-30T11:11:22.797+0000][2222.216s][info][gc,metaspace] GC(367) Metaspace: 411650K(418176K)->411650K(418176K) NonClass: 359697K(363520K)->359697K(363520K) Class: 51952K(54656K)->51952K(54656K)
[2024-05-30T11:11:22.797+0000][2222.216s][info][gc          ] GC(367) Pause Young (Normal) (G1 Evacuation Pause) 9563M->2519M(12288M) 78.816ms
[2024-05-30T11:11:22.797+0000][2222.216s][info][gc,cpu      ] GC(367) User=0.46s Sys=0.00s Real=0.08s
[2024-05-30T11:11:32.198+0000][2231.617s][info][gc,start    ] GC(368) Pause Young (Normal) (G1 Evacuation Pause)
[2024-05-30T11:11:32.198+0000][2231.617s][info][gc,task     ] GC(368) Using 6 workers of 6 for evacuation
[2024-05-30T11:11:32.281+0000][2231.701s][info][gc,phases   ] GC(368)   Pre Evacuate Collection Set: 0.2ms
[2024-05-30T11:11:32.281+0000][2231.701s][info][gc,phases   ] GC(368)   Merge Heap Roots: 0.2ms
[2024-05-30T11:11:32.281+0000][2231.701s][info][gc,phases   ] GC(368)   Evacuate Collection Set: 79.8ms
[2024-05-30T11:11:32.281+0000][2231.701s][info][gc,phases   ] GC(368)   Post Evacuate Collection Set: 2.7ms
[2024-05-30T11:11:32.281+0000][2231.701s][info][gc,phases   ] GC(368)   Other: 0.2ms
[2024-05-30T11:11:32.281+0000][2231.701s][info][gc,heap     ] GC(368) Eden regions: 881->0(888)
[2024-05-30T11:11:32.281+0000][2231.701s][info][gc,heap     ] GC(368) Survivor regions: 30->25(114)
[2024-05-30T11:11:32.281+0000][2231.701s][info][gc,heap     ] GC(368) Old regions: 280->283
[2024-05-30T11:11:32.281+0000][2231.701s][info][gc,heap     ] GC(368) Archive regions: 2->2
[2024-05-30T11:11:32.281+0000][2231.701s][info][gc,heap     ] GC(368) Humongous regions: 5->5
[2024-05-30T11:11:32.281+0000][2231.701s][info][gc,metaspace] GC(368) Metaspace: 411789K(418176K)->411789K(418176K) NonClass: 359812K(363520K)->359812K(363520K) Class: 51976K(54656K)->51976K(54656K)
[2024-05-30T11:11:32.281+0000][2231.701s][info][gc          ] GC(368) Pause Young (Normal) (G1 Evacuation Pause) 9567M->2502M(12288M) 83.236ms
[2024-05-30T11:11:32.281+0000][2231.701s][info][gc,cpu      ] GC(368) User=0.49s Sys=0.00s Real=0.08s
[2024-05-30T11:11:39.205+0000][2238.624s][info][gc,start    ] GC(369) Pause Young (Normal) (G1 Evacuation Pause)
[2024-05-30T11:11:39.205+0000][2238.624s][info][gc,task     ] GC(369) Using 6 workers of 6 for evacuation
[2024-05-30T11:11:39.299+0000][2238.718s][info][gc,phases   ] GC(369)   Pre Evacuate Collection Set: 0.2ms
[2024-05-30T11:11:39.299+0000][2238.718s][info][gc,phases   ] GC(369)   Merge Heap Roots: 0.2ms
[2024-05-30T11:11:39.299+0000][2238.718s][info][gc,phases   ] GC(369)   Evacuate Collection Set: 82.5ms
[2024-05-30T11:11:39.299+0000][2238.718s][info][gc,phases   ] GC(369)   Post Evacuate Collection Set: 10.9ms
[2024-05-30T11:11:39.299+0000][2238.718s][info][gc,phases   ] GC(369)   Other: 0.2ms
[2024-05-30T11:11:39.299+0000][2238.718s][info][gc,heap     ] GC(369) Eden regions: 888->0(879)
[2024-05-30T11:11:39.299+0000][2238.718s][info][gc,heap     ] GC(369) Survivor regions: 25->29(115)
[2024-05-30T11:11:39.299+0000][2238.718s][info][gc,heap     ] GC(369) Old regions: 283->284
[2024-05-30T11:11:39.299+0000][2238.718s][info][gc,heap     ] GC(369) Archive regions: 2->2
[2024-05-30T11:11:39.299+0000][2238.718s][info][gc,heap     ] GC(369) Humongous regions: 5->5
[2024-05-30T11:11:39.299+0000][2238.718s][info][gc,metaspace] GC(369) Metaspace: 411789K(418176K)->411789K(418176K) NonClass: 359812K(363520K)->359812K(363520K) Class: 51976K(54656K)->51976K(54656K)
[2024-05-30T11:11:39.299+0000][2238.718s][info][gc          ] GC(369) Pause Young (Normal) (G1 Evacuation Pause) 9606M->2538M(12288M) 94.097ms
[2024-05-30T11:11:39.299+0000][2238.718s][info][gc,cpu      ] GC(369) User=0.54s Sys=0.01s Real=0.10s
[2024-05-30T11:11:41.985+0000][2241.404s][info][gc,start    ] GC(370) Pause Young (Normal) (G1 Evacuation Pause)
[2024-05-30T11:11:41.985+0000][2241.404s][info][gc,task     ] GC(370) Using 6 workers of 6 for evacuation
[2024-05-30T11:11:42.119+0000][2241.539s][info][gc,phases   ] GC(370)   Pre Evacuate Collection Set: 0.2ms
[2024-05-30T11:11:42.119+0000][2241.539s][info][gc,phases   ] GC(370)   Merge Heap Roots: 0.3ms
[2024-05-30T11:11:42.119+0000][2241.539s][info][gc,phases   ] GC(370)   Evacuate Collection Set: 112.0ms
[2024-05-30T11:11:42.119+0000][2241.539s][info][gc,phases   ] GC(370)   Post Evacuate Collection Set: 21.9ms
[2024-05-30T11:11:42.119+0000][2241.539s][info][gc,phases   ] GC(370)   Other: 0.2ms
[2024-05-30T11:11:42.119+0000][2241.539s][info][gc,heap     ] GC(370) Eden regions: 879->0(872)
[2024-05-30T11:11:42.119+0000][2241.539s][info][gc,heap     ] GC(370) Survivor regions: 29->32(114)
[2024-05-30T11:11:42.119+0000][2241.539s][info][gc,heap     ] GC(370) Old regions: 284->285
[2024-05-30T11:11:42.119+0000][2241.539s][info][gc,heap     ] GC(370) Archive regions: 2->2
[2024-05-30T11:11:42.119+0000][2241.539s][info][gc,heap     ] GC(370) Humongous regions: 5->5
[2024-05-30T11:11:42.119+0000][2241.539s][info][gc,metaspace] GC(370) Metaspace: 411789K(418176K)->411789K(418176K) NonClass: 359812K(363520K)->359812K(363520K) Class: 51976K(54656K)->51976K(54656K)
[2024-05-30T11:11:42.119+0000][2241.539s][info][gc          ] GC(370) Pause Young (Normal) (G1 Evacuation Pause) 9570M->2573M(12288M) 134.733ms
[2024-05-30T11:11:42.119+0000][2241.539s][info][gc,cpu      ] GC(370) User=0.79s Sys=0.00s Real=0.14s
[2024-05-30T11:11:44.857+0000][2244.277s][info][gc,start    ] GC(371) Pause Young (Normal) (G1 Evacuation Pause)
[2024-05-30T11:11:44.857+0000][2244.277s][info][gc,task     ] GC(371) Using 6 workers of 6 for evacuation
[2024-05-30T11:11:45.017+0000][2244.436s][info][gc,phases   ] GC(371)   Pre Evacuate Collection Set: 0.2ms
[2024-05-30T11:11:45.017+0000][2244.436s][info][gc,phases   ] GC(371)   Merge Heap Roots: 0.4ms
[2024-05-30T11:11:45.017+0000][2244.436s][info][gc,phases   ] GC(371)   Evacuate Collection Set: 135.3ms
[2024-05-30T11:11:45.017+0000][2244.436s][info][gc,phases   ] GC(371)   Post Evacuate Collection Set: 23.4ms
[2024-05-30T11:11:45.017+0000][2244.436s][info][gc,phases   ] GC(371)   Other: 0.2ms
[2024-05-30T11:11:45.017+0000][2244.436s][info][gc,heap     ] GC(371) Eden regions: 872->0(861)
[2024-05-30T11:11:45.017+0000][2244.436s][info][gc,heap     ] GC(371) Survivor regions: 32->37(113)
[2024-05-30T11:11:45.017+0000][2244.436s][info][gc,heap     ] GC(371) Old regions: 285->286
[2024-05-30T11:11:45.017+0000][2244.436s][info][gc,heap     ] GC(371) Archive regions: 2->2
[2024-05-30T11:11:45.017+0000][2244.436s][info][gc,heap     ] GC(371) Humongous regions: 5->5
[2024-05-30T11:11:45.017+0000][2244.436s][info][gc,metaspace] GC(371) Metaspace: 411789K(418176K)->411789K(418176K) NonClass: 359812K(363520K)->359812K(363520K) Class: 51976K(54656K)->51976K(54656K)
[2024-05-30T11:11:45.017+0000][2244.436s][info][gc          ] GC(371) Pause Young (Normal) (G1 Evacuation Pause) 9549M->2617M(12288M) 159.492ms
[2024-05-30T11:11:45.017+0000][2244.436s][info][gc,cpu      ] GC(371) User=0.94s Sys=0.00s Real=0.16s
[2024-05-30T11:11:47.614+0000][2247.033s][info][gc,start    ] GC(372) Pause Young (Normal) (G1 Evacuation Pause)
[2024-05-30T11:11:47.614+0000][2247.033s][info][gc,task     ] GC(372) Using 6 workers of 6 for evacuation
[2024-05-30T11:11:47.784+0000][2247.203s][info][gc,phases   ] GC(372)   Pre Evacuate Collection Set: 0.2ms
[2024-05-30T11:11:47.784+0000][2247.203s][info][gc,phases   ] GC(372)   Merge Heap Roots: 0.4ms
[2024-05-30T11:11:47.784+0000][2247.203s][info][gc,phases   ] GC(372)   Evacuate Collection Set: 147.0ms
[2024-05-30T11:11:47.784+0000][2247.203s][info][gc,phases   ] GC(372)   Post Evacuate Collection Set: 22.2ms
[2024-05-30T11:11:47.784+0000][2247.203s][info][gc,phases   ] GC(372)   Other: 0.2ms
[2024-05-30T11:11:47.784+0000][2247.203s][info][gc,heap     ] GC(372) Eden regions: 861->0(855)
[2024-05-30T11:11:47.784+0000][2247.203s][info][gc,heap     ] GC(372) Survivor regions: 37->40(113)
[2024-05-30T11:11:47.784+0000][2247.203s][info][gc,heap     ] GC(372) Old regions: 286->286
[2024-05-30T11:11:47.784+0000][2247.203s][info][gc,heap     ] GC(372) Archive regions: 2->2
[2024-05-30T11:11:47.784+0000][2247.203s][info][gc,heap     ] GC(372) Humongous regions: 5->5
[2024-05-30T11:11:47.784+0000][2247.203s][info][gc,metaspace] GC(372) Metaspace: 411789K(418176K)->411789K(418176K) NonClass: 359812K(363520K)->359812K(363520K) Class: 51976K(54656K)->51976K(54656K)
[2024-05-30T11:11:47.784+0000][2247.203s][info][gc          ] GC(372) Pause Young (Normal) (G1 Evacuation Pause) 9505M->2652M(12288M) 170.016ms
[2024-05-30T11:11:47.784+0000][2247.203s][info][gc,cpu      ] GC(372) User=1.01s Sys=0.00s Real=0.17s
[2024-05-30T11:11:52.744+0000][2252.163s][info][gc,start    ] GC(373) Pause Young (Normal) (G1 Evacuation Pause)
[2024-05-30T11:11:52.744+0000][2252.163s][info][gc,task     ] GC(373) Using 6 workers of 6 for evacuation
[2024-05-30T11:11:52.813+0000][2252.232s][info][gc,phases   ] GC(373)   Pre Evacuate Collection Set: 0.2ms
[2024-05-30T11:11:52.813+0000][2252.232s][info][gc,phases   ] GC(373)   Merge Heap Roots: 0.3ms
[2024-05-30T11:11:52.813+0000][2252.232s][info][gc,phases   ] GC(373)   Evacuate Collection Set: 65.1ms
[2024-05-30T11:11:52.813+0000][2252.232s][info][gc,phases   ] GC(373)   Post Evacuate Collection Set: 3.4ms
[2024-05-30T11:11:52.813+0000][2252.232s][info][gc,phases   ] GC(373)   Other: 0.2ms
[2024-05-30T11:11:52.813+0000][2252.232s][info][gc,heap     ] GC(373) Eden regions: 855->0(878)
[2024-05-30T11:11:52.813+0000][2252.232s][info][gc,heap     ] GC(373) Survivor regions: 40->28(112)
[2024-05-30T11:11:52.813+0000][2252.232s][info][gc,heap     ] GC(373) Old regions: 286->287
[2024-05-30T11:11:52.813+0000][2252.232s][info][gc,heap     ] GC(373) Archive regions: 2->2
[2024-05-30T11:11:52.813+0000][2252.232s][info][gc,heap     ] GC(373) Humongous regions: 5->5
[2024-05-30T11:11:52.813+0000][2252.232s][info][gc,metaspace] GC(373) Metaspace: 411793K(418176K)->411793K(418176K) NonClass: 359816K(363520K)->359816K(363520K) Class: 51976K(54656K)->51976K(54656K)
[2024-05-30T11:11:52.813+0000][2252.232s][info][gc          ] GC(373) Pause Young (Normal) (G1 Evacuation Pause) 9492M->2559M(12288M) 69.361ms
[2024-05-30T11:11:52.813+0000][2252.232s][info][gc,cpu      ] GC(373) User=0.41s Sys=0.00s Real=0.07s
[2024-05-30T11:12:01.240+0000][2260.659s][info][gc,start    ] GC(374) Pause Young (Normal) (G1 Evacuation Pause)
[2024-05-30T11:12:01.240+0000][2260.659s][info][gc,task     ] GC(374) Using 6 workers of 6 for evacuation
[2024-05-30T11:12:01.306+0000][2260.726s][info][gc,phases   ] GC(374)   Pre Evacuate Collection Set: 0.2ms
[2024-05-30T11:12:01.306+0000][2260.726s][info][gc,phases   ] GC(374)   Merge Heap Roots: 0.3ms
[2024-05-30T11:12:01.306+0000][2260.726s][info][gc,phases   ] GC(374)   Evacuate Collection Set: 63.5ms
[2024-05-30T11:12:01.306+0000][2260.726s][info][gc,phases   ] GC(374)   Post Evacuate Collection Set: 2.3ms
[2024-05-30T11:12:01.306+0000][2260.726s][info][gc,phases   ] GC(374)   Other: 0.2ms
[2024-05-30T11:12:01.306+0000][2260.726s][info][gc,heap     ] GC(374) Eden regions: 878->0(879)
[2024-05-30T11:12:01.306+0000][2260.726s][info][gc,heap     ] GC(374) Survivor regions: 28->27(114)
[2024-05-30T11:12:01.306+0000][2260.726s][info][gc,heap     ] GC(374) Old regions: 287->288
[2024-05-30T11:12:01.306+0000][2260.726s][info][gc,heap     ] GC(374) Archive regions: 2->2
[2024-05-30T11:12:01.306+0000][2260.726s][info][gc,heap     ] GC(374) Humongous regions: 5->5
[2024-05-30T11:12:01.306+0000][2260.726s][info][gc,metaspace] GC(374) Metaspace: 411793K(418176K)->411793K(418176K) NonClass: 359817K(363520K)->359817K(363520K) Class: 51976K(54656K)->51976K(54656K)
[2024-05-30T11:12:01.307+0000][2260.726s][info][gc          ] GC(374) Pause Young (Normal) (G1 Evacuation Pause) 9583M->2561M(12288M) 66.576ms
[2024-05-30T11:12:01.307+0000][2260.726s][info][gc,cpu      ] GC(374) User=0.40s Sys=0.00s Real=0.06s
[2024-05-30T11:12:10.294+0000][2269.713s][info][gc,start    ] GC(375) Pause Young (Normal) (G1 Evacuation Pause)
[2024-05-30T11:12:10.294+0000][2269.713s][info][gc,task     ] GC(375) Using 6 workers of 6 for evacuation
[2024-05-30T11:12:10.356+0000][2269.775s][info][gc,phases   ] GC(375)   Pre Evacuate Collection Set: 0.2ms
[2024-05-30T11:12:10.356+0000][2269.775s][info][gc,phases   ] GC(375)   Merge Heap Roots: 0.3ms
[2024-05-30T11:12:10.356+0000][2269.775s][info][gc,phases   ] GC(375)   Evacuate Collection Set: 59.1ms
[2024-05-30T11:12:10.356+0000][2269.775s][info][gc,phases   ] GC(375)   Post Evacuate Collection Set: 2.3ms
[2024-05-30T11:12:10.356+0000][2269.775s][info][gc,phases   ] GC(375)   Other: 0.2ms
[2024-05-30T11:12:10.356+0000][2269.775s][info][gc,heap     ] GC(375) Eden regions: 879->0(886)
[2024-05-30T11:12:10.356+0000][2269.775s][info][gc,heap     ] GC(375) Survivor regions: 27->23(114)
[2024-05-30T11:12:10.356+0000][2269.775s][info][gc,heap     ] GC(375) Old regions: 288->289
[2024-05-30T11:12:10.356+0000][2269.775s][info][gc,heap     ] GC(375) Archive regions: 2->2
[2024-05-30T11:12:10.356+0000][2269.775s][info][gc,heap     ] GC(375) Humongous regions: 5->5
[2024-05-30T11:12:10.356+0000][2269.775s][info][gc,metaspace] GC(375) Metaspace: 411797K(418176K)->411797K(418176K) NonClass: 359821K(363520K)->359821K(363520K) Class: 51976K(54656K)->51976K(54656K)
[2024-05-30T11:12:10.356+0000][2269.775s][info][gc          ] GC(375) Pause Young (Normal) (G1 Evacuation Pause) 9593M->2531M(12288M) 62.147ms
[2024-05-30T11:12:10.356+0000][2269.775s][info][gc,cpu      ] GC(375) User=0.37s Sys=0.00s Real=0.06s
[2024-05-30T11:12:20.113+0000][2279.532s][info][gc,start    ] GC(376) Pause Young (Normal) (G1 Evacuation Pause)
[2024-05-30T11:12:20.113+0000][2279.532s][info][gc,task     ] GC(376) Using 6 workers of 6 for evacuation
[2024-05-30T11:12:20.176+0000][2279.595s][info][gc,phases   ] GC(376)   Pre Evacuate Collection Set: 0.2ms
[2024-05-30T11:12:20.176+0000][2279.595s][info][gc,phases   ] GC(376)   Merge Heap Roots: 0.3ms
[2024-05-30T11:12:20.176+0000][2279.595s][info][gc,phases   ] GC(376)   Evacuate Collection Set: 60.2ms
[2024-05-30T11:12:20.176+0000][2279.595s][info][gc,phases   ] GC(376)   Post Evacuate Collection Set: 2.4ms
[2024-05-30T11:12:20.176+0000][2279.595s][info][gc,phases   ] GC(376)   Other: 0.2ms
[2024-05-30T11:12:20.176+0000][2279.595s][info][gc,heap     ] GC(376) Eden regions: 886->0(883)
[2024-05-30T11:12:20.176+0000][2279.595s][info][gc,heap     ] GC(376) Survivor regions: 23->24(114)
[2024-05-30T11:12:20.176+0000][2279.595s][info][gc,heap     ] GC(376) Old regions: 289->290
[2024-05-30T11:12:20.176+0000][2279.595s][info][gc,heap     ] GC(376) Archive regions: 2->2
[2024-05-30T11:12:20.176+0000][2279.595s][info][gc,heap     ] GC(376) Humongous regions: 5->5
[2024-05-30T11:12:20.176+0000][2279.595s][info][gc,metaspace] GC(376) Metaspace: 411797K(418176K)->411797K(418176K) NonClass: 359821K(363520K)->359821K(363520K) Class: 51976K(54656K)->51976K(54656K)
[2024-05-30T11:12:20.176+0000][2279.595s][info][gc          ] GC(376) Pause Young (Normal) (G1 Evacuation Pause) 9619M->2550M(12288M) 63.262ms
[2024-05-30T11:12:20.176+0000][2279.595s][info][gc,cpu      ] GC(376) User=0.37s Sys=0.00s Real=0.06s
[2024-05-30T11:12:29.640+0000][2289.060s][info][gc,start    ] GC(377) Pause Young (Normal) (G1 Evacuation Pause)
[2024-05-30T11:12:29.640+0000][2289.060s][info][gc,task     ] GC(377) Using 6 workers of 6 for evacuation
[2024-05-30T11:12:29.703+0000][2289.122s][info][gc,phases   ] GC(377)   Pre Evacuate Collection Set: 0.2ms
[2024-05-30T11:12:29.703+0000][2289.122s][info][gc,phases   ] GC(377)   Merge Heap Roots: 0.3ms
[2024-05-30T11:12:29.703+0000][2289.122s][info][gc,phases   ] GC(377)   Evacuate Collection Set: 59.5ms
[2024-05-30T11:12:29.703+0000][2289.122s][info][gc,phases   ] GC(377)   Post Evacuate Collection Set: 2.4ms
[2024-05-30T11:12:29.703+0000][2289.122s][info][gc,phases   ] GC(377)   Other: 0.2ms
[2024-05-30T11:12:29.703+0000][2289.122s][info][gc,heap     ] GC(377) Eden regions: 883->0(880)
[2024-05-30T11:12:29.703+0000][2289.122s][info][gc,heap     ] GC(377) Survivor regions: 24->25(114)
[2024-05-30T11:12:29.703+0000][2289.122s][info][gc,heap     ] GC(377) Old regions: 290->291
[2024-05-30T11:12:29.703+0000][2289.122s][info][gc,heap     ] GC(377) Archive regions: 2->2
[2024-05-30T11:12:29.703+0000][2289.122s][info][gc,heap     ] GC(377) Humongous regions: 5->5
[2024-05-30T11:12:29.703+0000][2289.122s][info][gc,metaspace] GC(377) Metaspace: 411799K(418176K)->411799K(418176K) NonClass: 359822K(363520K)->359822K(363520K) Class: 51976K(54656K)->51976K(54656K)
[2024-05-30T11:12:29.703+0000][2289.122s][info][gc          ] GC(377) Pause Young (Normal) (G1 Evacuation Pause) 9614M->2563M(12288M) 62.756ms
[2024-05-30T11:12:29.703+0000][2289.122s][info][gc,cpu      ] GC(377) User=0.37s Sys=0.00s Real=0.06s
[2024-05-30T11:12:33.725+0000][2293.144s][info][gc,start    ] GC(378) Pause Young (Normal) (G1 Evacuation Pause)
[2024-05-30T11:12:33.725+0000][2293.144s][info][gc,task     ] GC(378) Using 6 workers of 6 for evacuation
[2024-05-30T11:12:33.853+0000][2293.272s][info][gc,phases   ] GC(378)   Pre Evacuate Collection Set: 0.2ms
[2024-05-30T11:12:33.853+0000][2293.272s][info][gc,phases   ] GC(378)   Merge Heap Roots: 0.3ms
[2024-05-30T11:12:33.853+0000][2293.272s][info][gc,phases   ] GC(378)   Evacuate Collection Set: 106.2ms
[2024-05-30T11:12:33.853+0000][2293.272s][info][gc,phases   ] GC(378)   Post Evacuate Collection Set: 21.3ms
[2024-05-30T11:12:33.853+0000][2293.272s][info][gc,phases   ] GC(378)   Other: 0.2ms
[2024-05-30T11:12:33.853+0000][2293.272s][info][gc,heap     ] GC(378) Eden regions: 880->0(867)
[2024-05-30T11:12:33.853+0000][2293.272s][info][gc,heap     ] GC(378) Survivor regions: 25->31(114)
[2024-05-30T11:12:33.853+0000][2293.272s][info][gc,heap     ] GC(378) Old regions: 291->292
[2024-05-30T11:12:33.853+0000][2293.272s][info][gc,heap     ] GC(378) Archive regions: 2->2
[2024-05-30T11:12:33.853+0000][2293.272s][info][gc,heap     ] GC(378) Humongous regions: 5->5
[2024-05-30T11:12:33.853+0000][2293.272s][info][gc,metaspace] GC(378) Metaspace: 411804K(418176K)->411804K(418176K) NonClass: 359828K(363520K)->359828K(363520K) Class: 51976K(54656K)->51976K(54656K)
[2024-05-30T11:12:33.853+0000][2293.272s][info][gc          ] GC(378) Pause Young (Normal) (G1 Evacuation Pause) 9603M->2622M(12288M) 128.151ms
[2024-05-30T11:12:33.853+0000][2293.272s][info][gc,cpu      ] GC(378) User=0.75s Sys=0.00s Real=0.13s
[2024-05-30T11:12:36.504+0000][2295.923s][info][gc,start    ] GC(379) Pause Young (Normal) (G1 Evacuation Pause)
[2024-05-30T11:12:36.504+0000][2295.924s][info][gc,task     ] GC(379) Using 6 workers of 6 for evacuation
[2024-05-30T11:12:36.662+0000][2296.081s][info][gc,phases   ] GC(379)   Pre Evacuate Collection Set: 0.2ms
[2024-05-30T11:12:36.662+0000][2296.081s][info][gc,phases   ] GC(379)   Merge Heap Roots: 0.3ms
[2024-05-30T11:12:36.662+0000][2296.081s][info][gc,phases   ] GC(379)   Evacuate Collection Set: 130.3ms
[2024-05-30T11:12:36.662+0000][2296.081s][info][gc,phases   ] GC(379)   Post Evacuate Collection Set: 26.5ms
[2024-05-30T11:12:36.662+0000][2296.081s][info][gc,phases   ] GC(379)   Other: 0.2ms
[2024-05-30T11:12:36.662+0000][2296.081s][info][gc,heap     ] GC(379) Eden regions: 867->0(856)
[2024-05-30T11:12:36.662+0000][2296.081s][info][gc,heap     ] GC(379) Survivor regions: 31->36(113)
[2024-05-30T11:12:36.662+0000][2296.081s][info][gc,heap     ] GC(379) Old regions: 292->293
[2024-05-30T11:12:36.662+0000][2296.081s][info][gc,heap     ] GC(379) Archive regions: 2->2
[2024-05-30T11:12:36.662+0000][2296.081s][info][gc,heap     ] GC(379) Humongous regions: 5->5
[2024-05-30T11:12:36.662+0000][2296.081s][info][gc,metaspace] GC(379) Metaspace: 411804K(418176K)->411804K(418176K) NonClass: 359828K(363520K)->359828K(363520K) Class: 51976K(54656K)->51976K(54656K)
[2024-05-30T11:12:36.662+0000][2296.081s][info][gc          ] GC(379) Pause Young (Normal) (G1 Evacuation Pause) 9558M->2670M(12288M) 157.661ms
[2024-05-30T11:12:36.662+0000][2296.081s][info][gc,cpu      ] GC(379) User=0.92s Sys=0.00s Real=0.16s
[2024-05-30T11:12:39.113+0000][2298.532s][info][gc,start    ] GC(380) Pause Young (Normal) (G1 Evacuation Pause)
[2024-05-30T11:12:39.113+0000][2298.532s][info][gc,task     ] GC(380) Using 6 workers of 6 for evacuation
[2024-05-30T11:12:39.271+0000][2298.690s][info][gc,phases   ] GC(380)   Pre Evacuate Collection Set: 0.2ms
[2024-05-30T11:12:39.271+0000][2298.690s][info][gc,phases   ] GC(380)   Merge Heap Roots: 0.4ms
[2024-05-30T11:12:39.271+0000][2298.690s][info][gc,phases   ] GC(380)   Evacuate Collection Set: 134.2ms
[2024-05-30T11:12:39.271+0000][2298.690s][info][gc,phases   ] GC(380)   Post Evacuate Collection Set: 23.2ms
[2024-05-30T11:12:39.271+0000][2298.690s][info][gc,phases   ] GC(380)   Other: 0.2ms
[2024-05-30T11:12:39.271+0000][2298.690s][info][gc,heap     ] GC(380) Eden regions: 856->0(853)
[2024-05-30T11:12:39.271+0000][2298.690s][info][gc,heap     ] GC(380) Survivor regions: 36->37(112)
[2024-05-30T11:12:39.271+0000][2298.690s][info][gc,heap     ] GC(380) Old regions: 293->294
[2024-05-30T11:12:39.271+0000][2298.690s][info][gc,heap     ] GC(380) Archive regions: 2->2
[2024-05-30T11:12:39.271+0000][2298.690s][info][gc,heap     ] GC(380) Humongous regions: 5->5
[2024-05-30T11:12:39.271+0000][2298.690s][info][gc,metaspace] GC(380) Metaspace: 411804K(418176K)->411804K(418176K) NonClass: 359828K(363520K)->359828K(363520K) Class: 51976K(54656K)->51976K(54656K)
[2024-05-30T11:12:39.271+0000][2298.690s][info][gc          ] GC(380) Pause Young (Normal) (G1 Evacuation Pause) 9518M->2686M(12288M) 158.253ms
[2024-05-30T11:12:39.271+0000][2298.690s][info][gc,cpu      ] GC(380) User=0.93s Sys=0.00s Real=0.16s
[2024-05-30T11:12:41.637+0000][2301.057s][info][gc,start    ] GC(381) Pause Young (Normal) (G1 Evacuation Pause)
[2024-05-30T11:12:41.637+0000][2301.057s][info][gc,task     ] GC(381) Using 6 workers of 6 for evacuation
[2024-05-30T11:12:41.820+0000][2301.239s][info][gc,phases   ] GC(381)   Pre Evacuate Collection Set: 0.2ms
[2024-05-30T11:12:41.820+0000][2301.239s][info][gc,phases   ] GC(381)   Merge Heap Roots: 0.4ms
[2024-05-30T11:12:41.820+0000][2301.239s][info][gc,phases   ] GC(381)   Evacuate Collection Set: 153.2ms
[2024-05-30T11:12:41.820+0000][2301.239s][info][gc,phases   ] GC(381)   Post Evacuate Collection Set: 28.9ms
[2024-05-30T11:12:41.820+0000][2301.239s][info][gc,phases   ] GC(381)   Other: 0.2ms
[2024-05-30T11:12:41.820+0000][2301.239s][info][gc,heap     ] GC(381) Eden regions: 853->0(848)
[2024-05-30T11:12:41.820+0000][2301.239s][info][gc,heap     ] GC(381) Survivor regions: 37->39(112)
[2024-05-30T11:12:41.820+0000][2301.239s][info][gc,heap     ] GC(381) Old regions: 294->295
[2024-05-30T11:12:41.820+0000][2301.239s][info][gc,heap     ] GC(381) Archive regions: 2->2
[2024-05-30T11:12:41.820+0000][2301.239s][info][gc,heap     ] GC(381) Humongous regions: 5->5
[2024-05-30T11:12:41.820+0000][2301.239s][info][gc,metaspace] GC(381) Metaspace: 411804K(418176K)->411804K(418176K) NonClass: 359828K(363520K)->359828K(363520K) Class: 51976K(54656K)->51976K(54656K)
[2024-05-30T11:12:41.820+0000][2301.239s][info][gc          ] GC(381) Pause Young (Normal) (G1 Evacuation Pause) 9510M->2712M(12288M) 182.901ms
[2024-05-30T11:12:41.820+0000][2301.239s][info][gc,cpu      ] GC(381) User=1.06s Sys=0.00s Real=0.18s
[2024-05-30T11:12:44.338+0000][2303.758s][info][gc,start    ] GC(382) Pause Young (Normal) (G1 Evacuation Pause)
[2024-05-30T11:12:44.338+0000][2303.758s][info][gc,task     ] GC(382) Using 6 workers of 6 for evacuation
[2024-05-30T11:12:44.537+0000][2303.956s][info][gc,phases   ] GC(382)   Pre Evacuate Collection Set: 0.2ms
[2024-05-30T11:12:44.537+0000][2303.956s][info][gc,phases   ] GC(382)   Merge Heap Roots: 0.4ms
[2024-05-30T11:12:44.537+0000][2303.956s][info][gc,phases   ] GC(382)   Evacuate Collection Set: 171.5ms
[2024-05-30T11:12:44.537+0000][2303.956s][info][gc,phases   ] GC(382)   Post Evacuate Collection Set: 26.3ms
[2024-05-30T11:12:44.537+0000][2303.956s][info][gc,phases   ] GC(382)   Other: 0.2ms
[2024-05-30T11:12:44.537+0000][2303.956s][info][gc,heap     ] GC(382) Eden regions: 848->0(843)
[2024-05-30T11:12:44.537+0000][2303.956s][info][gc,heap     ] GC(382) Survivor regions: 39->41(111)
[2024-05-30T11:12:44.537+0000][2303.956s][info][gc,heap     ] GC(382) Old regions: 295->296
[2024-05-30T11:12:44.537+0000][2303.956s][info][gc,heap     ] GC(382) Archive regions: 2->2
[2024-05-30T11:12:44.537+0000][2303.956s][info][gc,heap     ] GC(382) Humongous regions: 5->5
[2024-05-30T11:12:44.537+0000][2303.956s][info][gc,metaspace] GC(382) Metaspace: 411804K(418176K)->411804K(418176K) NonClass: 359828K(363520K)->359828K(363520K) Class: 51976K(54656K)->51976K(54656K)
[2024-05-30T11:12:44.537+0000][2303.956s][info][gc          ] GC(382) Pause Young (Normal) (G1 Evacuation Pause) 9496M->2740M(12288M) 198.705ms
[2024-05-30T11:12:44.537+0000][2303.956s][info][gc,cpu      ] GC(382) User=1.16s Sys=0.00s Real=0.20s
[2024-05-30T11:12:46.965+0000][2306.384s][info][gc,start    ] GC(383) Pause Young (Normal) (G1 Evacuation Pause)
[2024-05-30T11:12:46.965+0000][2306.384s][info][gc,task     ] GC(383) Using 6 workers of 6 for evacuation
[2024-05-30T11:12:47.181+0000][2306.600s][info][gc,mmu      ] GC(383) MMU target violated: 201.0ms (200.0ms/201.0ms)
[2024-05-30T11:12:47.181+0000][2306.600s][info][gc,phases   ] GC(383)   Pre Evacuate Collection Set: 0.2ms
[2024-05-30T11:12:47.181+0000][2306.600s][info][gc,phases   ] GC(383)   Merge Heap Roots: 0.3ms
[2024-05-30T11:12:47.181+0000][2306.600s][info][gc,phases   ] GC(383)   Evacuate Collection Set: 187.5ms
[2024-05-30T11:12:47.181+0000][2306.600s][info][gc,phases   ] GC(383)   Post Evacuate Collection Set: 28.1ms
[2024-05-30T11:12:47.181+0000][2306.600s][info][gc,phases   ] GC(383)   Other: 0.3ms
[2024-05-30T11:12:47.181+0000][2306.600s][info][gc,heap     ] GC(383) Eden regions: 843->0(227)
[2024-05-30T11:12:47.181+0000][2306.600s][info][gc,heap     ] GC(383) Survivor regions: 41->46(111)
[2024-05-30T11:12:47.181+0000][2306.600s][info][gc,heap     ] GC(383) Old regions: 296->297
[2024-05-30T11:12:47.181+0000][2306.600s][info][gc,heap     ] GC(383) Archive regions: 2->2
[2024-05-30T11:12:47.181+0000][2306.600s][info][gc,heap     ] GC(383) Humongous regions: 5->5
[2024-05-30T11:12:47.181+0000][2306.600s][info][gc,metaspace] GC(383) Metaspace: 411804K(418176K)->411804K(418176K) NonClass: 359828K(363520K)->359828K(363520K) Class: 51976K(54656K)->51976K(54656K)
[2024-05-30T11:12:47.181+0000][2306.600s][info][gc          ] GC(383) Pause Young (Normal) (G1 Evacuation Pause) 9484M->2788M(12288M) 216.420ms
[2024-05-30T11:12:47.181+0000][2306.600s][info][gc,cpu      ] GC(383) User=1.29s Sys=0.00s Real=0.22s
[2024-05-30T11:12:47.923+0000][2307.342s][info][gc,start    ] GC(384) Pause Young (Normal) (G1 Evacuation Pause)
[2024-05-30T11:12:47.923+0000][2307.342s][info][gc,task     ] GC(384) Using 6 workers of 6 for evacuation
[2024-05-30T11:12:48.086+0000][2307.505s][info][gc,phases   ] GC(384)   Pre Evacuate Collection Set: 0.2ms
[2024-05-30T11:12:48.086+0000][2307.505s][info][gc,phases   ] GC(384)   Merge Heap Roots: 0.3ms
[2024-05-30T11:12:48.086+0000][2307.505s][info][gc,phases   ] GC(384)   Evacuate Collection Set: 156.5ms
[2024-05-30T11:12:48.086+0000][2307.505s][info][gc,phases   ] GC(384)   Post Evacuate Collection Set: 6.3ms
[2024-05-30T11:12:48.086+0000][2307.505s][info][gc,phases   ] GC(384)   Other: 0.2ms
[2024-05-30T11:12:48.086+0000][2307.505s][info][gc,heap     ] GC(384) Eden regions: 227->0(860)
[2024-05-30T11:12:48.086+0000][2307.505s][info][gc,heap     ] GC(384) Survivor regions: 46->18(35)
[2024-05-30T11:12:48.086+0000][2307.505s][info][gc,heap     ] GC(384) Old regions: 297->325
[2024-05-30T11:12:48.086+0000][2307.505s][info][gc,heap     ] GC(384) Archive regions: 2->2
[2024-05-30T11:12:48.086+0000][2307.505s][info][gc,heap     ] GC(384) Humongous regions: 5->5
[2024-05-30T11:12:48.086+0000][2307.505s][info][gc,metaspace] GC(384) Metaspace: 411804K(418176K)->411804K(418176K) NonClass: 359828K(363520K)->359828K(363520K) Class: 51976K(54656K)->51976K(54656K)
[2024-05-30T11:12:48.086+0000][2307.506s][info][gc          ] GC(384) Pause Young (Normal) (G1 Evacuation Pause) 4604M->2783M(12288M) 163.567ms
[2024-05-30T11:12:48.086+0000][2307.506s][info][gc,cpu      ] GC(384) User=0.95s Sys=0.02s Real=0.16s
[2024-05-30T11:12:56.126+0000][2315.545s][info][gc,start    ] GC(385) Pause Young (Normal) (G1 Evacuation Pause)
[2024-05-30T11:12:56.126+0000][2315.545s][info][gc,task     ] GC(385) Using 6 workers of 6 for evacuation
[2024-05-30T11:12:56.207+0000][2315.626s][info][gc,phases   ] GC(385)   Pre Evacuate Collection Set: 0.2ms
[2024-05-30T11:12:56.207+0000][2315.626s][info][gc,phases   ] GC(385)   Merge Heap Roots: 0.3ms
[2024-05-30T11:12:56.207+0000][2315.626s][info][gc,phases   ] GC(385)   Evacuate Collection Set: 74.1ms
[2024-05-30T11:12:56.207+0000][2315.626s][info][gc,phases   ] GC(385)   Post Evacuate Collection Set: 6.3ms
[2024-05-30T11:12:56.207+0000][2315.626s][info][gc,phases   ] GC(385)   Other: 0.2ms
[2024-05-30T11:12:56.207+0000][2315.626s][info][gc,heap     ] GC(385) Eden regions: 860->0(854)
[2024-05-30T11:12:56.207+0000][2315.626s][info][gc,heap     ] GC(385) Survivor regions: 18->21(110)
[2024-05-30T11:12:56.207+0000][2315.626s][info][gc,heap     ] GC(385) Old regions: 325->325
[2024-05-30T11:12:56.207+0000][2315.626s][info][gc,heap     ] GC(385) Archive regions: 2->2
[2024-05-30T11:12:56.207+0000][2315.626s][info][gc,heap     ] GC(385) Humongous regions: 5->5
[2024-05-30T11:12:56.207+0000][2315.626s][info][gc,metaspace] GC(385) Metaspace: 411806K(418176K)->411806K(418176K) NonClass: 359829K(363520K)->359829K(363520K) Class: 51976K(54656K)->51976K(54656K)
[2024-05-30T11:12:56.207+0000][2315.626s][info][gc          ] GC(385) Pause Young (Normal) (G1 Evacuation Pause) 9663M->2807M(12288M) 81.210ms
[2024-05-30T11:12:56.207+0000][2315.626s][info][gc,cpu      ] GC(385) User=0.48s Sys=0.00s Real=0.08s
[2024-05-30T11:13:05.523+0000][2324.942s][info][gc,start    ] GC(386) Pause Young (Normal) (G1 Evacuation Pause)
[2024-05-30T11:13:05.523+0000][2324.942s][info][gc,task     ] GC(386) Using 6 workers of 6 for evacuation
[2024-05-30T11:13:05.600+0000][2325.019s][info][gc,phases   ] GC(386)   Pre Evacuate Collection Set: 0.2ms
[2024-05-30T11:13:05.600+0000][2325.019s][info][gc,phases   ] GC(386)   Merge Heap Roots: 0.3ms
[2024-05-30T11:13:05.600+0000][2325.019s][info][gc,phases   ] GC(386)   Evacuate Collection Set: 74.4ms
[2024-05-30T11:13:05.600+0000][2325.019s][info][gc,phases   ] GC(386)   Post Evacuate Collection Set: 2.3ms
[2024-05-30T11:13:05.600+0000][2325.019s][info][gc,phases   ] GC(386)   Other: 0.3ms
[2024-05-30T11:13:05.600+0000][2325.020s][info][gc,heap     ] GC(386) Eden regions: 854->0(848)
[2024-05-30T11:13:05.600+0000][2325.020s][info][gc,heap     ] GC(386) Survivor regions: 21->24(110)
[2024-05-30T11:13:05.600+0000][2325.020s][info][gc,heap     ] GC(386) Old regions: 325->325
[2024-05-30T11:13:05.600+0000][2325.020s][info][gc,heap     ] GC(386) Archive regions: 2->2
[2024-05-30T11:13:05.600+0000][2325.020s][info][gc,heap     ] GC(386) Humongous regions: 5->5
[2024-05-30T11:13:05.600+0000][2325.020s][info][gc,metaspace] GC(386) Metaspace: 411806K(418176K)->411806K(418176K) NonClass: 359829K(363520K)->359829K(363520K) Class: 51976K(54656K)->51976K(54656K)
[2024-05-30T11:13:05.600+0000][2325.020s][info][gc          ] GC(386) Pause Young (Normal) (G1 Evacuation Pause) 9639M->2831M(12288M) 77.528ms
[2024-05-30T11:13:05.600+0000][2325.020s][info][gc,cpu      ] GC(386) User=0.46s Sys=0.00s Real=0.08s
[2024-05-30T11:13:14.719+0000][2334.138s][info][gc,start    ] GC(387) Pause Young (Normal) (G1 Evacuation Pause)
[2024-05-30T11:13:14.719+0000][2334.138s][info][gc,task     ] GC(387) Using 6 workers of 6 for evacuation
[2024-05-30T11:13:14.799+0000][2334.218s][info][gc,phases   ] GC(387)   Pre Evacuate Collection Set: 0.2ms
[2024-05-30T11:13:14.799+0000][2334.218s][info][gc,phases   ] GC(387)   Merge Heap Roots: 0.3ms
[2024-05-30T11:13:14.799+0000][2334.218s][info][gc,phases   ] GC(387)   Evacuate Collection Set: 76.4ms
[2024-05-30T11:13:14.799+0000][2334.218s][info][gc,phases   ] GC(387)   Post Evacuate Collection Set: 2.4ms
[2024-05-30T11:13:14.799+0000][2334.218s][info][gc,phases   ] GC(387)   Other: 0.2ms
[2024-05-30T11:13:14.799+0000][2334.218s][info][gc,heap     ] GC(387) Eden regions: 848->0(842)
[2024-05-30T11:13:14.799+0000][2334.218s][info][gc,heap     ] GC(387) Survivor regions: 24->27(109)
[2024-05-30T11:13:14.799+0000][2334.218s][info][gc,heap     ] GC(387) Old regions: 325->325
[2024-05-30T11:13:14.799+0000][2334.218s][info][gc,heap     ] GC(387) Archive regions: 2->2
[2024-05-30T11:13:14.799+0000][2334.218s][info][gc,heap     ] GC(387) Humongous regions: 5->5
[2024-05-30T11:13:14.799+0000][2334.218s][info][gc,metaspace] GC(387) Metaspace: 411807K(418176K)->411807K(418176K) NonClass: 359830K(363520K)->359830K(363520K) Class: 51976K(54656K)->51976K(54656K)
[2024-05-30T11:13:14.799+0000][2334.218s][info][gc          ] GC(387) Pause Young (Normal) (G1 Evacuation Pause) 9615M->2859M(12288M) 79.529ms
[2024-05-30T11:13:14.799+0000][2334.218s][info][gc,cpu      ] GC(387) User=0.48s Sys=0.00s Real=0.08s
[2024-05-30T11:13:23.566+0000][2342.985s][info][gc,start    ] GC(388) Pause Young (Normal) (G1 Evacuation Pause)
[2024-05-30T11:13:23.566+0000][2342.985s][info][gc,task     ] GC(388) Using 6 workers of 6 for evacuation
[2024-05-30T11:13:23.649+0000][2343.068s][info][gc,phases   ] GC(388)   Pre Evacuate Collection Set: 0.2ms
[2024-05-30T11:13:23.649+0000][2343.068s][info][gc,phases   ] GC(388)   Merge Heap Roots: 0.3ms
[2024-05-30T11:13:23.649+0000][2343.068s][info][gc,phases   ] GC(388)   Evacuate Collection Set: 80.1ms
[2024-05-30T11:13:23.649+0000][2343.068s][info][gc,phases   ] GC(388)   Post Evacuate Collection Set: 2.6ms
[2024-05-30T11:13:23.649+0000][2343.068s][info][gc,phases   ] GC(388)   Other: 0.2ms
[2024-05-30T11:13:23.649+0000][2343.068s][info][gc,heap     ] GC(388) Eden regions: 842->0(838)
[2024-05-30T11:13:23.649+0000][2343.068s][info][gc,heap     ] GC(388) Survivor regions: 27->29(109)
[2024-05-30T11:13:23.649+0000][2343.068s][info][gc,heap     ] GC(388) Old regions: 325->325
[2024-05-30T11:13:23.649+0000][2343.068s][info][gc,heap     ] GC(388) Archive regions: 2->2
[2024-05-30T11:13:23.649+0000][2343.068s][info][gc,heap     ] GC(388) Humongous regions: 5->5
[2024-05-30T11:13:23.649+0000][2343.068s][info][gc,metaspace] GC(388) Metaspace: 411807K(418176K)->411807K(418176K) NonClass: 359830K(363520K)->359830K(363520K) Class: 51976K(54656K)->51976K(54656K)
[2024-05-30T11:13:23.649+0000][2343.068s][info][gc          ] GC(388) Pause Young (Normal) (G1 Evacuation Pause) 9595M->2871M(12288M) 83.423ms
[2024-05-30T11:13:23.649+0000][2343.068s][info][gc,cpu      ] GC(388) User=0.49s Sys=0.00s Real=0.09s
[2024-05-30T11:13:32.453+0000][2351.872s][info][gc,start    ] GC(389) Pause Young (Normal) (G1 Evacuation Pause)
[2024-05-30T11:13:32.453+0000][2351.872s][info][gc,task     ] GC(389) Using 6 workers of 6 for evacuation
[2024-05-30T11:13:32.552+0000][2351.971s][info][gc,phases   ] GC(389)   Pre Evacuate Collection Set: 0.2ms
[2024-05-30T11:13:32.552+0000][2351.971s][info][gc,phases   ] GC(389)   Merge Heap Roots: 0.3ms
[2024-05-30T11:13:32.552+0000][2351.971s][info][gc,phases   ] GC(389)   Evacuate Collection Set: 96.1ms
[2024-05-30T11:13:32.552+0000][2351.971s][info][gc,phases   ] GC(389)   Post Evacuate Collection Set: 2.4ms
[2024-05-30T11:13:32.552+0000][2351.972s][info][gc,phases   ] GC(389)   Other: 0.2ms
[2024-05-30T11:13:32.552+0000][2351.972s][info][gc,heap     ] GC(389) Eden regions: 838->0(834)
[2024-05-30T11:13:32.552+0000][2351.972s][info][gc,heap     ] GC(389) Survivor regions: 29->31(109)
[2024-05-30T11:13:32.552+0000][2351.972s][info][gc,heap     ] GC(389) Old regions: 325->325
[2024-05-30T11:13:32.552+0000][2351.972s][info][gc,heap     ] GC(389) Archive regions: 2->2
[2024-05-30T11:13:32.552+0000][2351.972s][info][gc,heap     ] GC(389) Humongous regions: 5->5
[2024-05-30T11:13:32.552+0000][2351.972s][info][gc,metaspace] GC(389) Metaspace: 411810K(418176K)->411810K(418176K) NonClass: 359833K(363520K)->359833K(363520K) Class: 51976K(54656K)->51976K(54656K)
[2024-05-30T11:13:32.552+0000][2351.972s][info][gc          ] GC(389) Pause Young (Normal) (G1 Evacuation Pause) 9575M->2887M(12288M) 99.335ms
[2024-05-30T11:13:32.552+0000][2351.972s][info][gc,cpu      ] GC(389) User=0.58s Sys=0.01s Real=0.10s
[2024-05-30T11:13:41.426+0000][2360.845s][info][gc,start    ] GC(390) Pause Young (Normal) (G1 Evacuation Pause)
[2024-05-30T11:13:41.426+0000][2360.845s][info][gc,task     ] GC(390) Using 6 workers of 6 for evacuation
[2024-05-30T11:13:41.516+0000][2360.935s][info][gc,phases   ] GC(390)   Pre Evacuate Collection Set: 0.2ms
[2024-05-30T11:13:41.516+0000][2360.935s][info][gc,phases   ] GC(390)   Merge Heap Roots: 0.3ms
[2024-05-30T11:13:41.516+0000][2360.935s][info][gc,phases   ] GC(390)   Evacuate Collection Set: 86.9ms
[2024-05-30T11:13:41.516+0000][2360.935s][info][gc,phases   ] GC(390)   Post Evacuate Collection Set: 2.3ms
[2024-05-30T11:13:41.516+0000][2360.935s][info][gc,phases   ] GC(390)   Other: 0.2ms
[2024-05-30T11:13:41.516+0000][2360.935s][info][gc,heap     ] GC(390) Eden regions: 834->0(830)
[2024-05-30T11:13:41.516+0000][2360.935s][info][gc,heap     ] GC(390) Survivor regions: 31->33(109)
[2024-05-30T11:13:41.516+0000][2360.935s][info][gc,heap     ] GC(390) Old regions: 325->325
[2024-05-30T11:13:41.516+0000][2360.935s][info][gc,heap     ] GC(390) Archive regions: 2->2
[2024-05-30T11:13:41.516+0000][2360.935s][info][gc,heap     ] GC(390) Humongous regions: 5->5
[2024-05-30T11:13:41.516+0000][2360.935s][info][gc,metaspace] GC(390) Metaspace: 411810K(418176K)->411810K(418176K) NonClass: 359833K(363520K)->359833K(363520K) Class: 51976K(54656K)->51976K(54656K)
[2024-05-30T11:13:41.516+0000][2360.935s][info][gc          ] GC(390) Pause Young (Normal) (G1 Evacuation Pause) 9559M->2907M(12288M) 89.998ms
[2024-05-30T11:13:41.516+0000][2360.935s][info][gc,cpu      ] GC(390) User=0.53s Sys=0.00s Real=0.09s
[2024-05-30T11:13:49.557+0000][2368.976s][info][gc,start    ] GC(391) Pause Young (Normal) (G1 Evacuation Pause)
[2024-05-30T11:13:49.557+0000][2368.976s][info][gc,task     ] GC(391) Using 6 workers of 6 for evacuation
[2024-05-30T11:13:49.649+0000][2369.068s][info][gc,phases   ] GC(391)   Pre Evacuate Collection Set: 0.2ms
[2024-05-30T11:13:49.649+0000][2369.068s][info][gc,phases   ] GC(391)   Merge Heap Roots: 0.3ms
[2024-05-30T11:13:49.649+0000][2369.068s][info][gc,phases   ] GC(391)   Evacuate Collection Set: 89.2ms
[2024-05-30T11:13:49.649+0000][2369.068s][info][gc,phases   ] GC(391)   Post Evacuate Collection Set: 2.4ms
[2024-05-30T11:13:49.649+0000][2369.068s][info][gc,phases   ] GC(391)   Other: 0.2ms
[2024-05-30T11:13:49.649+0000][2369.068s][info][gc,heap     ] GC(391) Eden regions: 830->0(832)
[2024-05-30T11:13:49.649+0000][2369.068s][info][gc,heap     ] GC(391) Survivor regions: 33->32(108)
[2024-05-30T11:13:49.649+0000][2369.068s][info][gc,heap     ] GC(391) Old regions: 325->325
[2024-05-30T11:13:49.649+0000][2369.068s][info][gc,heap     ] GC(391) Archive regions: 2->2
[2024-05-30T11:13:49.649+0000][2369.068s][info][gc,heap     ] GC(391) Humongous regions: 5->5
[2024-05-30T11:13:49.649+0000][2369.068s][info][gc,metaspace] GC(391) Metaspace: 411831K(418176K)->411831K(418176K) NonClass: 359854K(363520K)->359854K(363520K) Class: 51976K(54656K)->51976K(54656K)
[2024-05-30T11:13:49.649+0000][2369.068s][info][gc          ] GC(391) Pause Young (Normal) (G1 Evacuation Pause) 9547M->2899M(12288M) 92.410ms
[2024-05-30T11:13:49.649+0000][2369.069s][info][gc,cpu      ] GC(391) User=0.55s Sys=0.00s Real=0.09s
[2024-05-30T11:13:56.268+0000][2375.687s][info][gc,start    ] GC(392) Pause Young (Normal) (G1 Evacuation Pause)
[2024-05-30T11:13:56.268+0000][2375.687s][info][gc,task     ] GC(392) Using 6 workers of 6 for evacuation
[2024-05-30T11:13:56.365+0000][2375.784s][info][gc,phases   ] GC(392)   Pre Evacuate Collection Set: 0.2ms
[2024-05-30T11:13:56.365+0000][2375.785s][info][gc,phases   ] GC(392)   Merge Heap Roots: 0.3ms
[2024-05-30T11:13:56.365+0000][2375.785s][info][gc,phases   ] GC(392)   Evacuate Collection Set: 94.0ms
[2024-05-30T11:13:56.365+0000][2375.785s][info][gc,phases   ] GC(392)   Post Evacuate Collection Set: 2.5ms
[2024-05-30T11:13:56.365+0000][2375.785s][info][gc,phases   ] GC(392)   Other: 0.2ms
[2024-05-30T11:13:56.365+0000][2375.785s][info][gc,heap     ] GC(392) Eden regions: 832->0(828)
[2024-05-30T11:13:56.365+0000][2375.785s][info][gc,heap     ] GC(392) Survivor regions: 32->34(108)
[2024-05-30T11:13:56.365+0000][2375.785s][info][gc,heap     ] GC(392) Old regions: 325->325
[2024-05-30T11:13:56.365+0000][2375.785s][info][gc,heap     ] GC(392) Archive regions: 2->2
[2024-05-30T11:13:56.365+0000][2375.785s][info][gc,heap     ] GC(392) Humongous regions: 5->5
[2024-05-30T11:13:56.365+0000][2375.785s][info][gc,metaspace] GC(392) Metaspace: 411853K(418176K)->411853K(418176K) NonClass: 359876K(363520K)->359876K(363520K) Class: 51976K(54656K)->51976K(54656K)
[2024-05-30T11:13:56.365+0000][2375.785s][info][gc          ] GC(392) Pause Young (Normal) (G1 Evacuation Pause) 9555M->2911M(12288M) 97.362ms
[2024-05-30T11:13:56.365+0000][2375.785s][info][gc,cpu      ] GC(392) User=0.58s Sys=0.00s Real=0.10s
[2024-05-30T11:14:04.658+0000][2384.078s][info][gc,start    ] GC(393) Pause Young (Normal) (G1 Evacuation Pause)
[2024-05-30T11:14:04.659+0000][2384.078s][info][gc,task     ] GC(393) Using 6 workers of 6 for evacuation
[2024-05-30T11:14:04.757+0000][2384.176s][info][gc,phases   ] GC(393)   Pre Evacuate Collection Set: 0.2ms
[2024-05-30T11:14:04.757+0000][2384.176s][info][gc,phases   ] GC(393)   Merge Heap Roots: 0.3ms
[2024-05-30T11:14:04.757+0000][2384.176s][info][gc,phases   ] GC(393)   Evacuate Collection Set: 95.2ms
[2024-05-30T11:14:04.757+0000][2384.176s][info][gc,phases   ] GC(393)   Post Evacuate Collection Set: 2.4ms
[2024-05-30T11:14:04.757+0000][2384.176s][info][gc,phases   ] GC(393)   Other: 0.2ms
[2024-05-30T11:14:04.757+0000][2384.176s][info][gc,heap     ] GC(393) Eden regions: 828->0(830)
[2024-05-30T11:14:04.757+0000][2384.176s][info][gc,heap     ] GC(393) Survivor regions: 34->33(108)
[2024-05-30T11:14:04.757+0000][2384.176s][info][gc,heap     ] GC(393) Old regions: 325->325
[2024-05-30T11:14:04.757+0000][2384.176s][info][gc,heap     ] GC(393) Archive regions: 2->2
[2024-05-30T11:14:04.757+0000][2384.176s][info][gc,heap     ] GC(393) Humongous regions: 5->5
[2024-05-30T11:14:04.757+0000][2384.176s][info][gc,metaspace] GC(393) Metaspace: 411853K(418176K)->411853K(418176K) NonClass: 359877K(363520K)->359877K(363520K) Class: 51976K(54656K)->51976K(54656K)
[2024-05-30T11:14:04.757+0000][2384.176s][info][gc          ] GC(393) Pause Young (Normal) (G1 Evacuation Pause) 9535M->2907M(12288M) 98.402ms
[2024-05-30T11:14:04.757+0000][2384.176s][info][gc,cpu      ] GC(393) User=0.59s Sys=0.00s Real=0.10s
[2024-05-30T11:14:13.651+0000][2393.070s][info][gc,start    ] GC(394) Pause Young (Normal) (G1 Evacuation Pause)
[2024-05-30T11:14:13.651+0000][2393.070s][info][gc,task     ] GC(394) Using 6 workers of 6 for evacuation
[2024-05-30T11:14:13.748+0000][2393.167s][info][gc,phases   ] GC(394)   Pre Evacuate Collection Set: 0.2ms
[2024-05-30T11:14:13.748+0000][2393.167s][info][gc,phases   ] GC(394)   Merge Heap Roots: 0.3ms
[2024-05-30T11:14:13.748+0000][2393.167s][info][gc,phases   ] GC(394)   Evacuate Collection Set: 94.4ms
[2024-05-30T11:14:13.748+0000][2393.167s][info][gc,phases   ] GC(394)   Post Evacuate Collection Set: 2.5ms
[2024-05-30T11:14:13.748+0000][2393.167s][info][gc,phases   ] GC(394)   Other: 0.2ms
[2024-05-30T11:14:13.748+0000][2393.167s][info][gc,heap     ] GC(394) Eden regions: 830->0(826)
[2024-05-30T11:14:13.748+0000][2393.167s][info][gc,heap     ] GC(394) Survivor regions: 33->35(108)
[2024-05-30T11:14:13.748+0000][2393.168s][info][gc,heap     ] GC(394) Old regions: 325->325
[2024-05-30T11:14:13.748+0000][2393.168s][info][gc,heap     ] GC(394) Archive regions: 2->2
[2024-05-30T11:14:13.748+0000][2393.168s][info][gc,heap     ] GC(394) Humongous regions: 5->5
[2024-05-30T11:14:13.748+0000][2393.168s][info][gc,metaspace] GC(394) Metaspace: 411882K(418176K)->411882K(418176K) NonClass: 359905K(363520K)->359905K(363520K) Class: 51976K(54656K)->51976K(54656K)
[2024-05-30T11:14:13.748+0000][2393.168s][info][gc          ] GC(394) Pause Young (Normal) (G1 Evacuation Pause) 9547M->2923M(12288M) 97.658ms
[2024-05-30T11:14:13.748+0000][2393.168s][info][gc,cpu      ] GC(394) User=0.58s Sys=0.00s Real=0.10s
[2024-05-30T11:14:22.437+0000][2401.856s][info][gc,start    ] GC(395) Pause Young (Normal) (G1 Evacuation Pause)
[2024-05-30T11:14:22.437+0000][2401.856s][info][gc,task     ] GC(395) Using 6 workers of 6 for evacuation
[2024-05-30T11:14:22.551+0000][2401.970s][info][gc,phases   ] GC(395)   Pre Evacuate Collection Set: 0.2ms
[2024-05-30T11:14:22.551+0000][2401.970s][info][gc,phases   ] GC(395)   Merge Heap Roots: 0.3ms
[2024-05-30T11:14:22.551+0000][2401.970s][info][gc,phases   ] GC(395)   Evacuate Collection Set: 110.5ms
[2024-05-30T11:14:22.551+0000][2401.970s][info][gc,phases   ] GC(395)   Post Evacuate Collection Set: 2.9ms
[2024-05-30T11:14:22.551+0000][2401.970s][info][gc,phases   ] GC(395)   Other: 0.3ms
[2024-05-30T11:14:22.551+0000][2401.970s][info][gc,heap     ] GC(395) Eden regions: 826->0(826)
[2024-05-30T11:14:22.551+0000][2401.970s][info][gc,heap     ] GC(395) Survivor regions: 35->35(108)
[2024-05-30T11:14:22.551+0000][2401.970s][info][gc,heap     ] GC(395) Old regions: 325->325
[2024-05-30T11:14:22.551+0000][2401.970s][info][gc,heap     ] GC(395) Archive regions: 2->2
[2024-05-30T11:14:22.551+0000][2401.970s][info][gc,heap     ] GC(395) Humongous regions: 5->5
[2024-05-30T11:14:22.551+0000][2401.970s][info][gc,metaspace] GC(395) Metaspace: 411888K(418176K)->411888K(418176K) NonClass: 359911K(363520K)->359911K(363520K) Class: 51976K(54656K)->51976K(54656K)
[2024-05-30T11:14:22.551+0000][2401.970s][info][gc          ] GC(395) Pause Young (Normal) (G1 Evacuation Pause) 9531M->2923M(12288M) 114.188ms
[2024-05-30T11:14:22.551+0000][2401.970s][info][gc,cpu      ] GC(395) User=0.68s Sys=0.00s Real=0.11s
[2024-05-30T11:14:31.322+0000][2410.742s][info][gc,start    ] GC(396) Pause Young (Normal) (G1 Evacuation Pause)
[2024-05-30T11:14:31.322+0000][2410.742s][info][gc,task     ] GC(396) Using 6 workers of 6 for evacuation
[2024-05-30T11:14:31.439+0000][2410.858s][info][gc,phases   ] GC(396)   Pre Evacuate Collection Set: 0.2ms
[2024-05-30T11:14:31.439+0000][2410.858s][info][gc,phases   ] GC(396)   Merge Heap Roots: 0.3ms
[2024-05-30T11:14:31.439+0000][2410.858s][info][gc,phases   ] GC(396)   Evacuate Collection Set: 113.2ms
[2024-05-30T11:14:31.439+0000][2410.858s][info][gc,phases   ] GC(396)   Post Evacuate Collection Set: 2.4ms
[2024-05-30T11:14:31.439+0000][2410.858s][info][gc,phases   ] GC(396)   Other: 0.2ms
[2024-05-30T11:14:31.439+0000][2410.858s][info][gc,heap     ] GC(396) Eden regions: 826->0(827)
[2024-05-30T11:14:31.439+0000][2410.858s][info][gc,heap     ] GC(396) Survivor regions: 35->32(108)
[2024-05-30T11:14:31.439+0000][2410.858s][info][gc,heap     ] GC(396) Old regions: 325->330
[2024-05-30T11:14:31.439+0000][2410.858s][info][gc,heap     ] GC(396) Archive regions: 2->2
[2024-05-30T11:14:31.439+0000][2410.858s][info][gc,heap     ] GC(396) Humongous regions: 5->5
[2024-05-30T11:14:31.439+0000][2410.858s][info][gc,metaspace] GC(396) Metaspace: 411888K(418176K)->411888K(418176K) NonClass: 359911K(363520K)->359911K(363520K) Class: 51976K(54656K)->51976K(54656K)
[2024-05-30T11:14:31.439+0000][2410.858s][info][gc          ] GC(396) Pause Young (Normal) (G1 Evacuation Pause) 9531M->2935M(12288M) 116.363ms
[2024-05-30T11:14:31.439+0000][2410.858s][info][gc,cpu      ] GC(396) User=0.69s Sys=0.00s Real=0.12s
[2024-05-30T11:14:40.301+0000][2419.720s][info][gc,start    ] GC(397) Pause Young (Normal) (G1 Evacuation Pause)
[2024-05-30T11:14:40.301+0000][2419.720s][info][gc,task     ] GC(397) Using 6 workers of 6 for evacuation
[2024-05-30T11:14:40.391+0000][2419.810s][info][gc,phases   ] GC(397)   Pre Evacuate Collection Set: 0.2ms
[2024-05-30T11:14:40.391+0000][2419.810s][info][gc,phases   ] GC(397)   Merge Heap Roots: 0.3ms
[2024-05-30T11:14:40.391+0000][2419.810s][info][gc,phases   ] GC(397)   Evacuate Collection Set: 87.0ms
[2024-05-30T11:14:40.391+0000][2419.810s][info][gc,phases   ] GC(397)   Post Evacuate Collection Set: 2.3ms
[2024-05-30T11:14:40.391+0000][2419.810s][info][gc,phases   ] GC(397)   Other: 0.2ms
[2024-05-30T11:14:40.391+0000][2419.810s][info][gc,heap     ] GC(397) Eden regions: 827->0(826)
[2024-05-30T11:14:40.391+0000][2419.810s][info][gc,heap     ] GC(397) Survivor regions: 32->30(108)
[2024-05-30T11:14:40.391+0000][2419.810s][info][gc,heap     ] GC(397) Old regions: 330->335
[2024-05-30T11:14:40.391+0000][2419.810s][info][gc,heap     ] GC(397) Archive regions: 2->2
[2024-05-30T11:14:40.391+0000][2419.810s][info][gc,heap     ] GC(397) Humongous regions: 5->5
[2024-05-30T11:14:40.391+0000][2419.810s][info][gc,metaspace] GC(397) Metaspace: 411888K(418176K)->411888K(418176K) NonClass: 359911K(363520K)->359911K(363520K) Class: 51976K(54656K)->51976K(54656K)
[2024-05-30T11:14:40.391+0000][2419.810s][info][gc          ] GC(397) Pause Young (Normal) (G1 Evacuation Pause) 9551M->2956M(12288M) 90.153ms
[2024-05-30T11:14:40.391+0000][2419.810s][info][gc,cpu      ] GC(397) User=0.54s Sys=0.00s Real=0.09s
[2024-05-30T11:14:49.092+0000][2428.511s][info][gc,start    ] GC(398) Pause Young (Normal) (G1 Evacuation Pause)
[2024-05-30T11:14:49.092+0000][2428.511s][info][gc,task     ] GC(398) Using 6 workers of 6 for evacuation
[2024-05-30T11:14:49.191+0000][2428.610s][info][gc,phases   ] GC(398)   Pre Evacuate Collection Set: 0.2ms
[2024-05-30T11:14:49.191+0000][2428.610s][info][gc,phases   ] GC(398)   Merge Heap Roots: 0.3ms
[2024-05-30T11:14:49.191+0000][2428.610s][info][gc,phases   ] GC(398)   Evacuate Collection Set: 96.4ms
[2024-05-30T11:14:49.191+0000][2428.610s][info][gc,phases   ] GC(398)   Post Evacuate Collection Set: 2.3ms
[2024-05-30T11:14:49.191+0000][2428.610s][info][gc,phases   ] GC(398)   Other: 0.2ms
[2024-05-30T11:14:49.191+0000][2428.610s][info][gc,heap     ] GC(398) Eden regions: 826->0(832)
[2024-05-30T11:14:49.191+0000][2428.610s][info][gc,heap     ] GC(398) Survivor regions: 30->25(107)
[2024-05-30T11:14:49.191+0000][2428.610s][info][gc,heap     ] GC(398) Old regions: 335->339
[2024-05-30T11:14:49.191+0000][2428.610s][info][gc,heap     ] GC(398) Archive regions: 2->2
[2024-05-30T11:14:49.191+0000][2428.610s][info][gc,heap     ] GC(398) Humongous regions: 5->5
[2024-05-30T11:14:49.191+0000][2428.610s][info][gc,metaspace] GC(398) Metaspace: 411898K(418176K)->411898K(418176K) NonClass: 359922K(363520K)->359922K(363520K) Class: 51976K(54656K)->51976K(54656K)
[2024-05-30T11:14:49.191+0000][2428.610s][info][gc          ] GC(398) Pause Young (Normal) (G1 Evacuation Pause) 9564M->2949M(12288M) 99.421ms
[2024-05-30T11:14:49.191+0000][2428.610s][info][gc,cpu      ] GC(398) User=0.59s Sys=0.00s Real=0.10s
[2024-05-30T11:14:57.700+0000][2437.119s][info][gc,start    ] GC(399) Pause Young (Normal) (G1 Evacuation Pause)
[2024-05-30T11:14:57.700+0000][2437.119s][info][gc,task     ] GC(399) Using 6 workers of 6 for evacuation
[2024-05-30T11:14:57.770+0000][2437.189s][info][gc,phases   ] GC(399)   Pre Evacuate Collection Set: 0.2ms
[2024-05-30T11:14:57.770+0000][2437.190s][info][gc,phases   ] GC(399)   Merge Heap Roots: 0.2ms
[2024-05-30T11:14:57.770+0000][2437.190s][info][gc,phases   ] GC(399)   Evacuate Collection Set: 67.1ms
[2024-05-30T11:14:57.770+0000][2437.190s][info][gc,phases   ] GC(399)   Post Evacuate Collection Set: 2.4ms
[2024-05-30T11:14:57.770+0000][2437.190s][info][gc,phases   ] GC(399)   Other: 0.2ms
[2024-05-30T11:14:57.770+0000][2437.190s][info][gc,heap     ] GC(399) Eden regions: 832->0(833)
[2024-05-30T11:14:57.770+0000][2437.190s][info][gc,heap     ] GC(399) Survivor regions: 25->24(108)
[2024-05-30T11:14:57.770+0000][2437.190s][info][gc,heap     ] GC(399) Old regions: 339->340
[2024-05-30T11:14:57.770+0000][2437.190s][info][gc,heap     ] GC(399) Archive regions: 2->2
[2024-05-30T11:14:57.770+0000][2437.190s][info][gc,heap     ] GC(399) Humongous regions: 5->5
[2024-05-30T11:14:57.770+0000][2437.190s][info][gc,metaspace] GC(399) Metaspace: 411905K(418176K)->411905K(418176K) NonClass: 359928K(363520K)->359928K(363520K) Class: 51976K(54656K)->51976K(54656K)
[2024-05-30T11:14:57.770+0000][2437.190s][info][gc          ] GC(399) Pause Young (Normal) (G1 Evacuation Pause) 9605M->2952M(12288M) 70.292ms
[2024-05-30T11:14:57.770+0000][2437.190s][info][gc,cpu      ] GC(399) User=0.42s Sys=0.00s Real=0.07s
[2024-05-30T11:15:06.735+0000][2446.154s][info][gc,start    ] GC(400) Pause Young (Normal) (G1 Evacuation Pause)
[2024-05-30T11:15:06.735+0000][2446.154s][info][gc,task     ] GC(400) Using 6 workers of 6 for evacuation
[2024-05-30T11:15:06.800+0000][2446.219s][info][gc,phases   ] GC(400)   Pre Evacuate Collection Set: 0.2ms
[2024-05-30T11:15:06.800+0000][2446.219s][info][gc,phases   ] GC(400)   Merge Heap Roots: 0.3ms
[2024-05-30T11:15:06.800+0000][2446.219s][info][gc,phases   ] GC(400)   Evacuate Collection Set: 62.1ms
[2024-05-30T11:15:06.800+0000][2446.219s][info][gc,phases   ] GC(400)   Post Evacuate Collection Set: 2.4ms
[2024-05-30T11:15:06.800+0000][2446.219s][info][gc,phases   ] GC(400)   Other: 0.2ms
[2024-05-30T11:15:06.800+0000][2446.219s][info][gc,heap     ] GC(400) Eden regions: 833->0(829)
[2024-05-30T11:15:06.800+0000][2446.219s][info][gc,heap     ] GC(400) Survivor regions: 24->25(108)
[2024-05-30T11:15:06.800+0000][2446.219s][info][gc,heap     ] GC(400) Old regions: 340->342
[2024-05-30T11:15:06.800+0000][2446.219s][info][gc,heap     ] GC(400) Archive regions: 2->2
[2024-05-30T11:15:06.800+0000][2446.219s][info][gc,heap     ] GC(400) Humongous regions: 5->5
[2024-05-30T11:15:06.800+0000][2446.219s][info][gc,metaspace] GC(400) Metaspace: 411913K(418176K)->411913K(418176K) NonClass: 359936K(363520K)->359936K(363520K) Class: 51977K(54656K)->51977K(54656K)
[2024-05-30T11:15:06.800+0000][2446.219s][info][gc          ] GC(400) Pause Young (Normal) (G1 Evacuation Pause) 9616M->2969M(12288M) 65.285ms
[2024-05-30T11:15:06.800+0000][2446.219s][info][gc,cpu      ] GC(400) User=0.39s Sys=0.00s Real=0.07s
[2024-05-30T11:15:15.490+0000][2454.909s][info][gc,start    ] GC(401) Pause Young (Normal) (G1 Evacuation Pause)
[2024-05-30T11:15:15.490+0000][2454.909s][info][gc,task     ] GC(401) Using 6 workers of 6 for evacuation
[2024-05-30T11:15:15.549+0000][2454.969s][info][gc,phases   ] GC(401)   Pre Evacuate Collection Set: 0.2ms
[2024-05-30T11:15:15.549+0000][2454.969s][info][gc,phases   ] GC(401)   Merge Heap Roots: 0.2ms
[2024-05-30T11:15:15.549+0000][2454.969s][info][gc,phases   ] GC(401)   Evacuate Collection Set: 56.7ms
[2024-05-30T11:15:15.549+0000][2454.969s][info][gc,phases   ] GC(401)   Post Evacuate Collection Set: 2.5ms
[2024-05-30T11:15:15.549+0000][2454.969s][info][gc,phases   ] GC(401)   Other: 0.2ms
[2024-05-30T11:15:15.549+0000][2454.969s][info][gc,heap     ] GC(401) Eden regions: 829->0(832)
[2024-05-30T11:15:15.549+0000][2454.969s][info][gc,heap     ] GC(401) Survivor regions: 25->23(107)
[2024-05-30T11:15:15.549+0000][2454.969s][info][gc,heap     ] GC(401) Old regions: 342->343
[2024-05-30T11:15:15.549+0000][2454.969s][info][gc,heap     ] GC(401) Archive regions: 2->2
[2024-05-30T11:15:15.549+0000][2454.969s][info][gc,heap     ] GC(401) Humongous regions: 5->5
[2024-05-30T11:15:15.549+0000][2454.969s][info][gc,metaspace] GC(401) Metaspace: 411919K(418176K)->411919K(418176K) NonClass: 359942K(363520K)->359942K(363520K) Class: 51977K(54656K)->51977K(54656K)
[2024-05-30T11:15:15.549+0000][2454.969s][info][gc          ] GC(401) Pause Young (Normal) (G1 Evacuation Pause) 9601M->2965M(12288M) 59.857ms
[2024-05-30T11:15:15.550+0000][2454.969s][info][gc,cpu      ] GC(401) User=0.36s Sys=0.00s Real=0.06s
[2024-05-30T11:15:24.510+0000][2463.930s][info][gc,start    ] GC(402) Pause Young (Normal) (G1 Evacuation Pause)
[2024-05-30T11:15:24.510+0000][2463.930s][info][gc,task     ] GC(402) Using 6 workers of 6 for evacuation
[2024-05-30T11:15:24.575+0000][2463.994s][info][gc,phases   ] GC(402)   Pre Evacuate Collection Set: 0.2ms
[2024-05-30T11:15:24.575+0000][2463.994s][info][gc,phases   ] GC(402)   Merge Heap Roots: 0.2ms
[2024-05-30T11:15:24.575+0000][2463.994s][info][gc,phases   ] GC(402)   Evacuate Collection Set: 61.7ms
[2024-05-30T11:15:24.575+0000][2463.994s][info][gc,phases   ] GC(402)   Post Evacuate Collection Set: 2.5ms
[2024-05-30T11:15:24.575+0000][2463.994s][info][gc,phases   ] GC(402)   Other: 0.2ms
[2024-05-30T11:15:24.575+0000][2463.994s][info][gc,heap     ] GC(402) Eden regions: 832->0(827)
[2024-05-30T11:15:24.575+0000][2463.994s][info][gc,heap     ] GC(402) Survivor regions: 23->25(107)
[2024-05-30T11:15:24.575+0000][2463.995s][info][gc,heap     ] GC(402) Old regions: 343->344
[2024-05-30T11:15:24.575+0000][2463.995s][info][gc,heap     ] GC(402) Archive regions: 2->2
[2024-05-30T11:15:24.575+0000][2463.995s][info][gc,heap     ] GC(402) Humongous regions: 5->5
[2024-05-30T11:15:24.575+0000][2463.995s][info][gc,metaspace] GC(402) Metaspace: 411926K(418176K)->411926K(418176K) NonClass: 359949K(363520K)->359949K(363520K) Class: 51977K(54656K)->51977K(54656K)
[2024-05-30T11:15:24.575+0000][2463.995s][info][gc          ] GC(402) Pause Young (Normal) (G1 Evacuation Pause) 9621M->2989M(12288M) 64.942ms
[2024-05-30T11:15:24.575+0000][2463.995s][info][gc,cpu      ] GC(402) User=0.39s Sys=0.00s Real=0.06s
[2024-05-30T11:15:33.368+0000][2472.788s][info][gc,start    ] GC(403) Pause Young (Normal) (G1 Evacuation Pause)
[2024-05-30T11:15:33.368+0000][2472.788s][info][gc,task     ] GC(403) Using 6 workers of 6 for evacuation
[2024-05-30T11:15:33.433+0000][2472.853s][info][gc,phases   ] GC(403)   Pre Evacuate Collection Set: 0.2ms
[2024-05-30T11:15:33.433+0000][2472.853s][info][gc,phases   ] GC(403)   Merge Heap Roots: 0.2ms
[2024-05-30T11:15:33.433+0000][2472.853s][info][gc,phases   ] GC(403)   Evacuate Collection Set: 61.9ms
[2024-05-30T11:15:33.433+0000][2472.853s][info][gc,phases   ] GC(403)   Post Evacuate Collection Set: 2.4ms
[2024-05-30T11:15:33.433+0000][2472.853s][info][gc,phases   ] GC(403)   Other: 0.2ms
[2024-05-30T11:15:33.433+0000][2472.853s][info][gc,heap     ] GC(403) Eden regions: 827->0(826)
[2024-05-30T11:15:33.433+0000][2472.853s][info][gc,heap     ] GC(403) Survivor regions: 25->25(107)
[2024-05-30T11:15:33.433+0000][2472.853s][info][gc,heap     ] GC(403) Old regions: 344->345
[2024-05-30T11:15:33.433+0000][2472.853s][info][gc,heap     ] GC(403) Archive regions: 2->2
[2024-05-30T11:15:33.433+0000][2472.853s][info][gc,heap     ] GC(403) Humongous regions: 5->5
[2024-05-30T11:15:33.433+0000][2472.853s][info][gc,metaspace] GC(403) Metaspace: 411934K(418176K)->411934K(418176K) NonClass: 359957K(363520K)->359957K(363520K) Class: 51977K(54656K)->51977K(54656K)
[2024-05-30T11:15:33.434+0000][2472.853s][info][gc          ] GC(403) Pause Young (Normal) (G1 Evacuation Pause) 9605M->2997M(12288M) 65.053ms
[2024-05-30T11:15:33.434+0000][2472.853s][info][gc,cpu      ] GC(403) User=0.38s Sys=0.00s Real=0.06s
[2024-05-30T11:15:42.100+0000][2481.519s][info][gc,start    ] GC(404) Pause Young (Normal) (G1 Evacuation Pause)
[2024-05-30T11:15:42.100+0000][2481.519s][info][gc,task     ] GC(404) Using 6 workers of 6 for evacuation
[2024-05-30T11:15:42.164+0000][2481.584s][info][gc,phases   ] GC(404)   Pre Evacuate Collection Set: 0.2ms
[2024-05-30T11:15:42.164+0000][2481.584s][info][gc,phases   ] GC(404)   Merge Heap Roots: 0.3ms
[2024-05-30T11:15:42.164+0000][2481.584s][info][gc,phases   ] GC(404)   Evacuate Collection Set: 61.1ms
[2024-05-30T11:15:42.164+0000][2481.584s][info][gc,phases   ] GC(404)   Post Evacuate Collection Set: 2.4ms
[2024-05-30T11:15:42.164+0000][2481.584s][info][gc,phases   ] GC(404)   Other: 0.2ms
[2024-05-30T11:15:42.164+0000][2481.584s][info][gc,heap     ] GC(404) Eden regions: 826->0(822)
[2024-05-30T11:15:42.164+0000][2481.584s][info][gc,heap     ] GC(404) Survivor regions: 25->27(107)
[2024-05-30T11:15:42.164+0000][2481.584s][info][gc,heap     ] GC(404) Old regions: 345->345
[2024-05-30T11:15:42.164+0000][2481.584s][info][gc,heap     ] GC(404) Archive regions: 2->2
[2024-05-30T11:15:42.164+0000][2481.584s][info][gc,heap     ] GC(404) Humongous regions: 5->5
[2024-05-30T11:15:42.164+0000][2481.584s][info][gc,metaspace] GC(404) Metaspace: 412326K(418368K)->412326K(418368K) NonClass: 360349K(363712K)->360349K(363712K) Class: 51977K(54656K)->51977K(54656K)
[2024-05-30T11:15:42.164+0000][2481.584s][info][gc          ] GC(404) Pause Young (Normal) (G1 Evacuation Pause) 9605M->3016M(12288M) 64.281ms
[2024-05-30T11:15:42.164+0000][2481.584s][info][gc,cpu      ] GC(404) User=0.37s Sys=0.00s Real=0.06s
[2024-05-30T11:15:50.851+0000][2490.270s][info][gc,start    ] GC(405) Pause Young (Normal) (G1 Evacuation Pause)
[2024-05-30T11:15:50.851+0000][2490.270s][info][gc,task     ] GC(405) Using 6 workers of 6 for evacuation
[2024-05-30T11:15:50.916+0000][2490.335s][info][gc,phases   ] GC(405)   Pre Evacuate Collection Set: 0.2ms
[2024-05-30T11:15:50.916+0000][2490.335s][info][gc,phases   ] GC(405)   Merge Heap Roots: 0.3ms
[2024-05-30T11:15:50.916+0000][2490.335s][info][gc,phases   ] GC(405)   Evacuate Collection Set: 62.3ms
[2024-05-30T11:15:50.916+0000][2490.335s][info][gc,phases   ] GC(405)   Post Evacuate Collection Set: 2.3ms
[2024-05-30T11:15:50.916+0000][2490.335s][info][gc,phases   ] GC(405)   Other: 0.3ms
[2024-05-30T11:15:50.916+0000][2490.336s][info][gc,heap     ] GC(405) Eden regions: 822->0(823)
[2024-05-30T11:15:50.916+0000][2490.336s][info][gc,heap     ] GC(405) Survivor regions: 27->26(107)
[2024-05-30T11:15:50.916+0000][2490.336s][info][gc,heap     ] GC(405) Old regions: 345->346
[2024-05-30T11:15:50.916+0000][2490.336s][info][gc,heap     ] GC(405) Archive regions: 2->2
[2024-05-30T11:15:50.916+0000][2490.336s][info][gc,heap     ] GC(405) Humongous regions: 5->5
[2024-05-30T11:15:50.916+0000][2490.336s][info][gc,metaspace] GC(405) Metaspace: 412392K(418432K)->412392K(418432K) NonClass: 360415K(363776K)->360415K(363776K) Class: 51977K(54656K)->51977K(54656K)
[2024-05-30T11:15:50.916+0000][2490.336s][info][gc          ] GC(405) Pause Young (Normal) (G1 Evacuation Pause) 9592M->3014M(12288M) 65.483ms
[2024-05-30T11:15:50.916+0000][2490.336s][info][gc,cpu      ] GC(405) User=0.40s Sys=0.00s Real=0.07s
[2024-05-30T11:15:54.629+0000][2494.048s][info][gc,start    ] GC(406) Pause Young (Normal) (G1 Evacuation Pause)
[2024-05-30T11:15:54.629+0000][2494.048s][info][gc,task     ] GC(406) Using 6 workers of 6 for evacuation
[2024-05-30T11:15:54.735+0000][2494.154s][info][gc,phases   ] GC(406)   Pre Evacuate Collection Set: 0.2ms
[2024-05-30T11:15:54.735+0000][2494.154s][info][gc,phases   ] GC(406)   Merge Heap Roots: 0.3ms
[2024-05-30T11:15:54.735+0000][2494.154s][info][gc,phases   ] GC(406)   Evacuate Collection Set: 89.3ms
[2024-05-30T11:15:54.735+0000][2494.154s][info][gc,phases   ] GC(406)   Post Evacuate Collection Set: 16.2ms
[2024-05-30T11:15:54.735+0000][2494.154s][info][gc,phases   ] GC(406)   Other: 0.2ms
[2024-05-30T11:15:54.735+0000][2494.154s][info][gc,heap     ] GC(406) Eden regions: 823->0(820)
[2024-05-30T11:15:54.735+0000][2494.154s][info][gc,heap     ] GC(406) Survivor regions: 26->27(107)
[2024-05-30T11:15:54.735+0000][2494.154s][info][gc,heap     ] GC(406) Old regions: 346->347
[2024-05-30T11:15:54.735+0000][2494.154s][info][gc,heap     ] GC(406) Archive regions: 2->2
[2024-05-30T11:15:54.735+0000][2494.154s][info][gc,heap     ] GC(406) Humongous regions: 5->5
[2024-05-30T11:15:54.735+0000][2494.154s][info][gc,metaspace] GC(406) Metaspace: 412423K(418496K)->412423K(418496K) NonClass: 360446K(363840K)->360446K(363840K) Class: 51977K(54656K)->51977K(54656K)
[2024-05-30T11:15:54.735+0000][2494.154s][info][gc          ] GC(406) Pause Young (Normal) (G1 Evacuation Pause) 9598M->3028M(12288M) 106.263ms
[2024-05-30T11:15:54.735+0000][2494.154s][info][gc,cpu      ] GC(406) User=0.62s Sys=0.01s Real=0.10s
[2024-05-30T11:15:57.319+0000][2496.738s][info][gc,start    ] GC(407) Pause Young (Normal) (G1 Evacuation Pause)
[2024-05-30T11:15:57.319+0000][2496.738s][info][gc,task     ] GC(407) Using 6 workers of 6 for evacuation
[2024-05-30T11:15:57.448+0000][2496.867s][info][gc,phases   ] GC(407)   Pre Evacuate Collection Set: 0.2ms
[2024-05-30T11:15:57.448+0000][2496.867s][info][gc,phases   ] GC(407)   Merge Heap Roots: 0.2ms
[2024-05-30T11:15:57.448+0000][2496.867s][info][gc,phases   ] GC(407)   Evacuate Collection Set: 108.7ms
[2024-05-30T11:15:57.448+0000][2496.867s][info][gc,phases   ] GC(407)   Post Evacuate Collection Set: 19.8ms
[2024-05-30T11:15:57.448+0000][2496.867s][info][gc,phases   ] GC(407)   Other: 0.2ms
[2024-05-30T11:15:57.448+0000][2496.867s][info][gc,heap     ] GC(407) Eden regions: 820->0(811)
[2024-05-30T11:15:57.448+0000][2496.867s][info][gc,heap     ] GC(407) Survivor regions: 27->31(106)
[2024-05-30T11:15:57.448+0000][2496.867s][info][gc,heap     ] GC(407) Old regions: 347->348
[2024-05-30T11:15:57.448+0000][2496.867s][info][gc,heap     ] GC(407) Archive regions: 2->2
[2024-05-30T11:15:57.448+0000][2496.867s][info][gc,heap     ] GC(407) Humongous regions: 5->5
[2024-05-30T11:15:57.448+0000][2496.867s][info][gc,metaspace] GC(407) Metaspace: 412425K(418496K)->412425K(418496K) NonClass: 360448K(363840K)->360448K(363840K) Class: 51977K(54656K)->51977K(54656K)
[2024-05-30T11:15:57.448+0000][2496.867s][info][gc          ] GC(407) Pause Young (Normal) (G1 Evacuation Pause) 9588M->3067M(12288M) 129.221ms
[2024-05-30T11:15:57.448+0000][2496.867s][info][gc,cpu      ] GC(407) User=0.76s Sys=0.00s Real=0.12s
[2024-05-30T11:16:00.012+0000][2499.432s][info][gc,start    ] GC(408) Pause Young (Normal) (G1 Evacuation Pause)
[2024-05-30T11:16:00.012+0000][2499.432s][info][gc,task     ] GC(408) Using 6 workers of 6 for evacuation
[2024-05-30T11:16:00.167+0000][2499.587s][info][gc,phases   ] GC(408)   Pre Evacuate Collection Set: 0.2ms
[2024-05-30T11:16:00.167+0000][2499.587s][info][gc,phases   ] GC(408)   Merge Heap Roots: 0.3ms
[2024-05-30T11:16:00.167+0000][2499.587s][info][gc,phases   ] GC(408)   Evacuate Collection Set: 127.4ms
[2024-05-30T11:16:00.167+0000][2499.587s][info][gc,phases   ] GC(408)   Post Evacuate Collection Set: 26.8ms
[2024-05-30T11:16:00.167+0000][2499.587s][info][gc,phases   ] GC(408)   Other: 0.3ms
[2024-05-30T11:16:00.167+0000][2499.587s][info][gc,heap     ] GC(408) Eden regions: 811->0(804)
[2024-05-30T11:16:00.167+0000][2499.587s][info][gc,heap     ] GC(408) Survivor regions: 31->34(106)
[2024-05-30T11:16:00.167+0000][2499.587s][info][gc,heap     ] GC(408) Old regions: 348->349
[2024-05-30T11:16:00.167+0000][2499.587s][info][gc,heap     ] GC(408) Archive regions: 2->2
[2024-05-30T11:16:00.167+0000][2499.587s][info][gc,heap     ] GC(408) Humongous regions: 5->5
[2024-05-30T11:16:00.167+0000][2499.587s][info][gc,metaspace] GC(408) Metaspace: 412425K(418496K)->412425K(418496K) NonClass: 360448K(363840K)->360448K(363840K) Class: 51977K(54656K)->51977K(54656K)
[2024-05-30T11:16:00.167+0000][2499.587s][info][gc          ] GC(408) Pause Young (Normal) (G1 Evacuation Pause) 9555M->3103M(12288M) 155.062ms
[2024-05-30T11:16:00.167+0000][2499.587s][info][gc,cpu      ] GC(408) User=0.89s Sys=0.01s Real=0.15s
[2024-05-30T11:16:02.503+0000][2501.922s][info][gc,start    ] GC(409) Pause Young (Normal) (G1 Evacuation Pause)
[2024-05-30T11:16:02.503+0000][2501.922s][info][gc,task     ] GC(409) Using 6 workers of 6 for evacuation
[2024-05-30T11:16:02.683+0000][2502.102s][info][gc,phases   ] GC(409)   Pre Evacuate Collection Set: 0.2ms
[2024-05-30T11:16:02.683+0000][2502.102s][info][gc,phases   ] GC(409)   Merge Heap Roots: 0.4ms
[2024-05-30T11:16:02.683+0000][2502.102s][info][gc,phases   ] GC(409)   Evacuate Collection Set: 154.5ms
[2024-05-30T11:16:02.683+0000][2502.102s][info][gc,phases   ] GC(409)   Post Evacuate Collection Set: 25.2ms
[2024-05-30T11:16:02.683+0000][2502.102s][info][gc,phases   ] GC(409)   Other: 0.2ms
[2024-05-30T11:16:02.683+0000][2502.102s][info][gc,heap     ] GC(409) Eden regions: 804->0(793)
[2024-05-30T11:16:02.683+0000][2502.102s][info][gc,heap     ] GC(409) Survivor regions: 34->39(105)
[2024-05-30T11:16:02.683+0000][2502.102s][info][gc,heap     ] GC(409) Old regions: 349->350
[2024-05-30T11:16:02.683+0000][2502.102s][info][gc,heap     ] GC(409) Archive regions: 2->2
[2024-05-30T11:16:02.683+0000][2502.102s][info][gc,heap     ] GC(409) Humongous regions: 5->5
[2024-05-30T11:16:02.683+0000][2502.102s][info][gc,metaspace] GC(409) Metaspace: 412429K(418496K)->412429K(418496K) NonClass: 360452K(363840K)->360452K(363840K) Class: 51977K(54656K)->51977K(54656K)
[2024-05-30T11:16:02.683+0000][2502.102s][info][gc          ] GC(409) Pause Young (Normal) (G1 Evacuation Pause) 9535M->3149M(12288M) 180.503ms
[2024-05-30T11:16:02.683+0000][2502.102s][info][gc,cpu      ] GC(409) User=1.06s Sys=0.00s Real=0.18s
[2024-05-30T11:16:05.212+0000][2504.631s][info][gc,start    ] GC(410) Pause Young (Normal) (G1 Evacuation Pause)
[2024-05-30T11:16:05.212+0000][2504.631s][info][gc,task     ] GC(410) Using 6 workers of 6 for evacuation
[2024-05-30T11:16:05.400+0000][2504.819s][info][gc,phases   ] GC(410)   Pre Evacuate Collection Set: 0.2ms
[2024-05-30T11:16:05.400+0000][2504.819s][info][gc,phases   ] GC(410)   Merge Heap Roots: 0.4ms
[2024-05-30T11:16:05.400+0000][2504.819s][info][gc,phases   ] GC(410)   Evacuate Collection Set: 163.5ms
[2024-05-30T11:16:05.400+0000][2504.819s][info][gc,phases   ] GC(410)   Post Evacuate Collection Set: 23.2ms
[2024-05-30T11:16:05.400+0000][2504.819s][info][gc,phases   ] GC(410)   Other: 0.3ms
[2024-05-30T11:16:05.400+0000][2504.819s][info][gc,heap     ] GC(410) Eden regions: 793->0(787)
[2024-05-30T11:16:05.400+0000][2504.819s][info][gc,heap     ] GC(410) Survivor regions: 39->42(104)
[2024-05-30T11:16:05.400+0000][2504.819s][info][gc,heap     ] GC(410) Old regions: 350->350
[2024-05-30T11:16:05.400+0000][2504.819s][info][gc,heap     ] GC(410) Archive regions: 2->2
[2024-05-30T11:16:05.400+0000][2504.819s][info][gc,heap     ] GC(410) Humongous regions: 5->5
[2024-05-30T11:16:05.400+0000][2504.819s][info][gc,metaspace] GC(410) Metaspace: 412429K(418496K)->412429K(418496K) NonClass: 360452K(363840K)->360452K(363840K) Class: 51977K(54656K)->51977K(54656K)
[2024-05-30T11:16:05.400+0000][2504.819s][info][gc          ] GC(410) Pause Young (Normal) (G1 Evacuation Pause) 9493M->3180M(12288M) 187.622ms
[2024-05-30T11:16:05.400+0000][2504.819s][info][gc,cpu      ] GC(410) User=1.10s Sys=0.00s Real=0.19s
[2024-05-30T11:16:07.895+0000][2507.314s][info][gc,start    ] GC(411) Pause Young (Normal) (G1 Evacuation Pause)
[2024-05-30T11:16:07.895+0000][2507.314s][info][gc,task     ] GC(411) Using 6 workers of 6 for evacuation
[2024-05-30T11:16:08.085+0000][2507.504s][info][gc,phases   ] GC(411)   Pre Evacuate Collection Set: 0.2ms
[2024-05-30T11:16:08.085+0000][2507.504s][info][gc,phases   ] GC(411)   Merge Heap Roots: 0.4ms
[2024-05-30T11:16:08.085+0000][2507.504s][info][gc,phases   ] GC(411)   Evacuate Collection Set: 165.3ms
[2024-05-30T11:16:08.085+0000][2507.504s][info][gc,phases   ] GC(411)   Post Evacuate Collection Set: 23.9ms
[2024-05-30T11:16:08.085+0000][2507.504s][info][gc,phases   ] GC(411)   Other: 0.2ms
[2024-05-30T11:16:08.085+0000][2507.504s][info][gc,heap     ] GC(411) Eden regions: 787->0(668)
[2024-05-30T11:16:08.085+0000][2507.504s][info][gc,heap     ] GC(411) Survivor regions: 42->45(104)
[2024-05-30T11:16:08.085+0000][2507.504s][info][gc,heap     ] GC(411) Old regions: 350->352
[2024-05-30T11:16:08.085+0000][2507.504s][info][gc,heap     ] GC(411) Archive regions: 2->2
[2024-05-30T11:16:08.085+0000][2507.504s][info][gc,heap     ] GC(411) Humongous regions: 5->5
[2024-05-30T11:16:08.085+0000][2507.504s][info][gc,metaspace] GC(411) Metaspace: 412429K(418496K)->412429K(418496K) NonClass: 360452K(363840K)->360452K(363840K) Class: 51977K(54656K)->51977K(54656K)
[2024-05-30T11:16:08.085+0000][2507.504s][info][gc          ] GC(411) Pause Young (Normal) (G1 Evacuation Pause) 9476M->3209M(12288M) 190.128ms
[2024-05-30T11:16:08.085+0000][2507.504s][info][gc,cpu      ] GC(411) User=1.11s Sys=0.00s Real=0.19s
[2024-05-30T11:16:10.124+0000][2509.544s][info][gc,start    ] GC(412) Pause Young (Normal) (G1 Evacuation Pause)
[2024-05-30T11:16:10.124+0000][2509.544s][info][gc,task     ] GC(412) Using 6 workers of 6 for evacuation
[2024-05-30T11:16:10.317+0000][2509.736s][info][gc,phases   ] GC(412)   Pre Evacuate Collection Set: 0.2ms
[2024-05-30T11:16:10.317+0000][2509.736s][info][gc,phases   ] GC(412)   Merge Heap Roots: 0.4ms
[2024-05-30T11:16:10.317+0000][2509.736s][info][gc,phases   ] GC(412)   Evacuate Collection Set: 171.0ms
[2024-05-30T11:16:10.317+0000][2509.736s][info][gc,phases   ] GC(412)   Post Evacuate Collection Set: 21.0ms
[2024-05-30T11:16:10.317+0000][2509.736s][info][gc,phases   ] GC(412)   Other: 0.3ms
[2024-05-30T11:16:10.317+0000][2509.736s][info][gc,heap     ] GC(412) Eden regions: 667->0(461)
[2024-05-30T11:16:10.317+0000][2509.736s][info][gc,heap     ] GC(412) Survivor regions: 45->48(89)
[2024-05-30T11:16:10.317+0000][2509.736s][info][gc,heap     ] GC(412) Old regions: 352->352
[2024-05-30T11:16:10.317+0000][2509.736s][info][gc,heap     ] GC(412) Archive regions: 2->2
[2024-05-30T11:16:10.317+0000][2509.736s][info][gc,heap     ] GC(412) Humongous regions: 5->5
[2024-05-30T11:16:10.317+0000][2509.736s][info][gc,metaspace] GC(412) Metaspace: 412429K(418496K)->412429K(418496K) NonClass: 360452K(363840K)->360452K(363840K) Class: 51977K(54656K)->51977K(54656K)
[2024-05-30T11:16:10.317+0000][2509.736s][info][gc          ] GC(412) Pause Young (Normal) (G1 Evacuation Pause) 8545M->3240M(12288M) 192.834ms
[2024-05-30T11:16:10.317+0000][2509.737s][info][gc,cpu      ] GC(412) User=1.14s Sys=0.00s Real=0.20s
[2024-05-30T11:16:11.719+0000][2511.138s][info][gc,start    ] GC(413) Pause Young (Normal) (G1 Evacuation Pause)
[2024-05-30T11:16:11.719+0000][2511.138s][info][gc,task     ] GC(413) Using 6 workers of 6 for evacuation
[2024-05-30T11:16:11.895+0000][2511.314s][info][gc,phases   ] GC(413)   Pre Evacuate Collection Set: 0.2ms
[2024-05-30T11:16:11.895+0000][2511.315s][info][gc,phases   ] GC(413)   Merge Heap Roots: 0.4ms
[2024-05-30T11:16:11.895+0000][2511.315s][info][gc,phases   ] GC(413)   Evacuate Collection Set: 162.2ms
[2024-05-30T11:16:11.895+0000][2511.315s][info][gc,phases   ] GC(413)   Post Evacuate Collection Set: 13.1ms
[2024-05-30T11:16:11.895+0000][2511.315s][info][gc,phases   ] GC(413)   Other: 0.2ms
[2024-05-30T11:16:11.895+0000][2511.315s][info][gc,heap     ] GC(413) Eden regions: 461->0(788)
[2024-05-30T11:16:11.895+0000][2511.315s][info][gc,heap     ] GC(413) Survivor regions: 48->32(64)
[2024-05-30T11:16:11.895+0000][2511.315s][info][gc,heap     ] GC(413) Old regions: 352->369
[2024-05-30T11:16:11.895+0000][2511.315s][info][gc,heap     ] GC(413) Archive regions: 2->2
[2024-05-30T11:16:11.895+0000][2511.315s][info][gc,heap     ] GC(413) Humongous regions: 5->5
[2024-05-30T11:16:11.895+0000][2511.315s][info][gc,metaspace] GC(413) Metaspace: 412429K(418496K)->412429K(418496K) NonClass: 360452K(363840K)->360452K(363840K) Class: 51977K(54656K)->51977K(54656K)
[2024-05-30T11:16:11.895+0000][2511.315s][info][gc          ] GC(413) Pause Young (Normal) (G1 Evacuation Pause) 6928M->3251M(12288M) 176.143ms
[2024-05-30T11:16:11.895+0000][2511.315s][info][gc,cpu      ] GC(413) User=1.04s Sys=0.00s Real=0.17s
[2024-05-30T11:16:14.316+0000][2513.735s][info][gc,start    ] GC(414) Pause Young (Normal) (G1 Evacuation Pause)
[2024-05-30T11:16:14.316+0000][2513.735s][info][gc,task     ] GC(414) Using 6 workers of 6 for evacuation
[2024-05-30T11:16:14.494+0000][2513.913s][info][gc,phases   ] GC(414)   Pre Evacuate Collection Set: 0.2ms
[2024-05-30T11:16:14.494+0000][2513.913s][info][gc,phases   ] GC(414)   Merge Heap Roots: 0.4ms
[2024-05-30T11:16:14.494+0000][2513.913s][info][gc,phases   ] GC(414)   Evacuate Collection Set: 154.7ms
[2024-05-30T11:16:14.494+0000][2513.913s][info][gc,phases   ] GC(414)   Post Evacuate Collection Set: 22.4ms
[2024-05-30T11:16:14.494+0000][2513.913s][info][gc,phases   ] GC(414)   Other: 0.3ms
[2024-05-30T11:16:14.494+0000][2513.913s][info][gc,heap     ] GC(414) Eden regions: 788->0(780)
[2024-05-30T11:16:14.494+0000][2513.913s][info][gc,heap     ] GC(414) Survivor regions: 32->36(103)
[2024-05-30T11:16:14.494+0000][2513.913s][info][gc,heap     ] GC(414) Old regions: 369->369
[2024-05-30T11:16:14.494+0000][2513.913s][info][gc,heap     ] GC(414) Archive regions: 2->2
[2024-05-30T11:16:14.494+0000][2513.913s][info][gc,heap     ] GC(414) Humongous regions: 5->5
[2024-05-30T11:16:14.494+0000][2513.913s][info][gc,metaspace] GC(414) Metaspace: 412429K(418496K)->412429K(418496K) NonClass: 360452K(363840K)->360452K(363840K) Class: 51977K(54656K)->51977K(54656K)
[2024-05-30T11:16:14.494+0000][2513.913s][info][gc          ] GC(414) Pause Young (Normal) (G1 Evacuation Pause) 9555M->3279M(12288M) 178.058ms
[2024-05-30T11:16:14.494+0000][2513.913s][info][gc,cpu      ] GC(414) User=1.05s Sys=0.00s Real=0.18s
[2024-05-30T11:16:18.766+0000][2518.185s][info][gc,start    ] GC(415) Pause Young (Normal) (G1 Evacuation Pause)
[2024-05-30T11:16:18.766+0000][2518.185s][info][gc,task     ] GC(415) Using 6 workers of 6 for evacuation
[2024-05-30T11:16:18.925+0000][2518.344s][info][gc,phases   ] GC(415)   Pre Evacuate Collection Set: 0.2ms
[2024-05-30T11:16:18.925+0000][2518.344s][info][gc,phases   ] GC(415)   Merge Heap Roots: 0.4ms
[2024-05-30T11:16:18.925+0000][2518.344s][info][gc,phases   ] GC(415)   Evacuate Collection Set: 143.4ms
[2024-05-30T11:16:18.925+0000][2518.344s][info][gc,phases   ] GC(415)   Post Evacuate Collection Set: 14.6ms
[2024-05-30T11:16:18.925+0000][2518.344s][info][gc,phases   ] GC(415)   Other: 0.2ms
[2024-05-30T11:16:18.925+0000][2518.344s][info][gc,heap     ] GC(415) Eden regions: 780->0(776)
[2024-05-30T11:16:18.925+0000][2518.344s][info][gc,heap     ] GC(415) Survivor regions: 36->38(102)
[2024-05-30T11:16:18.925+0000][2518.344s][info][gc,heap     ] GC(415) Old regions: 369->369
[2024-05-30T11:16:18.925+0000][2518.344s][info][gc,heap     ] GC(415) Archive regions: 2->2
[2024-05-30T11:16:18.925+0000][2518.344s][info][gc,heap     ] GC(415) Humongous regions: 5->5
[2024-05-30T11:16:18.925+0000][2518.344s][info][gc,metaspace] GC(415) Metaspace: 412429K(418496K)->412429K(418496K) NonClass: 360452K(363840K)->360452K(363840K) Class: 51977K(54656K)->51977K(54656K)
[2024-05-30T11:16:18.925+0000][2518.344s][info][gc          ] GC(415) Pause Young (Normal) (G1 Evacuation Pause) 9519M->3299M(12288M) 158.873ms
[2024-05-30T11:16:18.925+0000][2518.344s][info][gc,cpu      ] GC(415) User=0.94s Sys=0.00s Real=0.16s
[2024-05-30T11:16:27.132+0000][2526.551s][info][gc,start    ] GC(416) Pause Young (Normal) (G1 Evacuation Pause)
[2024-05-30T11:16:27.132+0000][2526.551s][info][gc,task     ] GC(416) Using 6 workers of 6 for evacuation
[2024-05-30T11:16:27.267+0000][2526.687s][info][gc,phases   ] GC(416)   Pre Evacuate Collection Set: 0.2ms
[2024-05-30T11:16:27.267+0000][2526.687s][info][gc,phases   ] GC(416)   Merge Heap Roots: 0.4ms
[2024-05-30T11:16:27.267+0000][2526.687s][info][gc,phases   ] GC(416)   Evacuate Collection Set: 132.6ms
[2024-05-30T11:16:27.267+0000][2526.687s][info][gc,phases   ] GC(416)   Post Evacuate Collection Set: 2.4ms
[2024-05-30T11:16:27.267+0000][2526.687s][info][gc,phases   ] GC(416)   Other: 0.2ms
[2024-05-30T11:16:27.267+0000][2526.687s][info][gc,heap     ] GC(416) Eden regions: 776->0(768)
[2024-05-30T11:16:27.267+0000][2526.687s][info][gc,heap     ] GC(416) Survivor regions: 38->42(102)
[2024-05-30T11:16:27.267+0000][2526.687s][info][gc,heap     ] GC(416) Old regions: 369->369
[2024-05-30T11:16:27.267+0000][2526.687s][info][gc,heap     ] GC(416) Archive regions: 2->2
[2024-05-30T11:16:27.267+0000][2526.687s][info][gc,heap     ] GC(416) Humongous regions: 5->5
[2024-05-30T11:16:27.267+0000][2526.687s][info][gc,metaspace] GC(416) Metaspace: 412429K(418496K)->412429K(418496K) NonClass: 360452K(363840K)->360452K(363840K) Class: 51977K(54656K)->51977K(54656K)
[2024-05-30T11:16:27.267+0000][2526.687s][info][gc          ] GC(416) Pause Young (Normal) (G1 Evacuation Pause) 9507M->3327M(12288M) 135.871ms
[2024-05-30T11:16:27.268+0000][2526.687s][info][gc,cpu      ] GC(416) User=0.81s Sys=0.00s Real=0.13s
[2024-05-30T11:16:35.434+0000][2534.854s][info][gc,start    ] GC(417) Pause Young (Normal) (G1 Evacuation Pause)
[2024-05-30T11:16:35.434+0000][2534.854s][info][gc,task     ] GC(417) Using 6 workers of 6 for evacuation
[2024-05-30T11:16:35.573+0000][2534.992s][info][gc,phases   ] GC(417)   Pre Evacuate Collection Set: 0.2ms
[2024-05-30T11:16:35.573+0000][2534.992s][info][gc,phases   ] GC(417)   Merge Heap Roots: 0.4ms
[2024-05-30T11:16:35.573+0000][2534.992s][info][gc,phases   ] GC(417)   Evacuate Collection Set: 135.4ms
[2024-05-30T11:16:35.573+0000][2534.992s][info][gc,phases   ] GC(417)   Post Evacuate Collection Set: 2.5ms
[2024-05-30T11:16:35.573+0000][2534.992s][info][gc,phases   ] GC(417)   Other: 0.2ms
[2024-05-30T11:16:35.573+0000][2534.992s][info][gc,heap     ] GC(417) Eden regions: 768->0(764)
[2024-05-30T11:16:35.573+0000][2534.992s][info][gc,heap     ] GC(417) Survivor regions: 42->44(102)
[2024-05-30T11:16:35.573+0000][2534.992s][info][gc,heap     ] GC(417) Old regions: 369->369
[2024-05-30T11:16:35.573+0000][2534.992s][info][gc,heap     ] GC(417) Archive regions: 2->2
[2024-05-30T11:16:35.573+0000][2534.992s][info][gc,heap     ] GC(417) Humongous regions: 5->5
[2024-05-30T11:16:35.573+0000][2534.992s][info][gc,metaspace] GC(417) Metaspace: 412429K(418496K)->412429K(418496K) NonClass: 360452K(363840K)->360452K(363840K) Class: 51977K(54656K)->51977K(54656K)
[2024-05-30T11:16:35.573+0000][2534.992s][info][gc          ] GC(417) Pause Young (Normal) (G1 Evacuation Pause) 9471M->3347M(12288M) 138.743ms
[2024-05-30T11:16:35.573+0000][2534.992s][info][gc,cpu      ] GC(417) User=0.83s Sys=0.00s Real=0.14s
[2024-05-30T11:16:43.595+0000][2543.014s][info][gc,start    ] GC(418) Pause Young (Normal) (G1 Evacuation Pause)
[2024-05-30T11:16:43.595+0000][2543.014s][info][gc,task     ] GC(418) Using 6 workers of 6 for evacuation
[2024-05-30T11:16:43.739+0000][2543.158s][info][gc,phases   ] GC(418)   Pre Evacuate Collection Set: 0.2ms
[2024-05-30T11:16:43.739+0000][2543.158s][info][gc,phases   ] GC(418)   Merge Heap Roots: 0.4ms
[2024-05-30T11:16:43.739+0000][2543.158s][info][gc,phases   ] GC(418)   Evacuate Collection Set: 140.5ms
[2024-05-30T11:16:43.739+0000][2543.158s][info][gc,phases   ] GC(418)   Post Evacuate Collection Set: 2.4ms
[2024-05-30T11:16:43.739+0000][2543.158s][info][gc,phases   ] GC(418)   Other: 0.2ms
[2024-05-30T11:16:43.739+0000][2543.158s][info][gc,heap     ] GC(418) Eden regions: 764->0(758)
[2024-05-30T11:16:43.739+0000][2543.158s][info][gc,heap     ] GC(418) Survivor regions: 44->47(101)
[2024-05-30T11:16:43.739+0000][2543.158s][info][gc,heap     ] GC(418) Old regions: 369->369
[2024-05-30T11:16:43.739+0000][2543.158s][info][gc,heap     ] GC(418) Archive regions: 2->2
[2024-05-30T11:16:43.739+0000][2543.158s][info][gc,heap     ] GC(418) Humongous regions: 5->5
[2024-05-30T11:16:43.739+0000][2543.158s][info][gc,metaspace] GC(418) Metaspace: 412435K(418496K)->412435K(418496K) NonClass: 360458K(363840K)->360458K(363840K) Class: 51977K(54656K)->51977K(54656K)
[2024-05-30T11:16:43.739+0000][2543.158s][info][gc          ] GC(418) Pause Young (Normal) (G1 Evacuation Pause) 9459M->3371M(12288M) 143.743ms
[2024-05-30T11:16:43.739+0000][2543.158s][info][gc,cpu      ] GC(418) User=0.86s Sys=0.00s Real=0.15s
[2024-05-30T11:16:51.818+0000][2551.237s][info][gc,start    ] GC(419) Pause Young (Normal) (G1 Evacuation Pause)
[2024-05-30T11:16:51.818+0000][2551.237s][info][gc,task     ] GC(419) Using 6 workers of 6 for evacuation
[2024-05-30T11:16:51.965+0000][2551.384s][info][gc,phases   ] GC(419)   Pre Evacuate Collection Set: 0.2ms
[2024-05-30T11:16:51.965+0000][2551.384s][info][gc,phases   ] GC(419)   Merge Heap Roots: 0.4ms
[2024-05-30T11:16:51.965+0000][2551.384s][info][gc,phases   ] GC(419)   Evacuate Collection Set: 143.8ms
[2024-05-30T11:16:51.965+0000][2551.384s][info][gc,phases   ] GC(419)   Post Evacuate Collection Set: 2.5ms
[2024-05-30T11:16:51.965+0000][2551.384s][info][gc,phases   ] GC(419)   Other: 0.2ms
[2024-05-30T11:16:51.965+0000][2551.384s][info][gc,heap     ] GC(419) Eden regions: 758->0(752)
[2024-05-30T11:16:51.965+0000][2551.384s][info][gc,heap     ] GC(419) Survivor regions: 47->50(101)
[2024-05-30T11:16:51.965+0000][2551.384s][info][gc,heap     ] GC(419) Old regions: 369->369
[2024-05-30T11:16:51.965+0000][2551.384s][info][gc,heap     ] GC(419) Archive regions: 2->2
[2024-05-30T11:16:51.965+0000][2551.384s][info][gc,heap     ] GC(419) Humongous regions: 5->5
[2024-05-30T11:16:51.965+0000][2551.384s][info][gc,metaspace] GC(419) Metaspace: 412437K(418496K)->412437K(418496K) NonClass: 360460K(363840K)->360460K(363840K) Class: 51977K(54656K)->51977K(54656K)
[2024-05-30T11:16:51.965+0000][2551.384s][info][gc          ] GC(419) Pause Young (Normal) (G1 Evacuation Pause) 9435M->3391M(12288M) 147.255ms
[2024-05-30T11:16:51.965+0000][2551.384s][info][gc,cpu      ] GC(419) User=0.88s Sys=0.00s Real=0.14s
[2024-05-30T11:16:59.786+0000][2559.206s][info][gc,start    ] GC(420) Pause Young (Normal) (G1 Evacuation Pause)
[2024-05-30T11:16:59.786+0000][2559.206s][info][gc,task     ] GC(420) Using 6 workers of 6 for evacuation
[2024-05-30T11:16:59.936+0000][2559.355s][info][gc,phases   ] GC(420)   Pre Evacuate Collection Set: 0.2ms
[2024-05-30T11:16:59.936+0000][2559.355s][info][gc,phases   ] GC(420)   Merge Heap Roots: 0.4ms
[2024-05-30T11:16:59.936+0000][2559.355s][info][gc,phases   ] GC(420)   Evacuate Collection Set: 146.4ms
[2024-05-30T11:16:59.936+0000][2559.355s][info][gc,phases   ] GC(420)   Post Evacuate Collection Set: 2.4ms
[2024-05-30T11:16:59.936+0000][2559.355s][info][gc,phases   ] GC(420)   Other: 0.2ms
[2024-05-30T11:16:59.936+0000][2559.355s][info][gc,heap     ] GC(420) Eden regions: 752->0(756)
[2024-05-30T11:16:59.936+0000][2559.355s][info][gc,heap     ] GC(420) Survivor regions: 50->48(101)
[2024-05-30T11:16:59.936+0000][2559.355s][info][gc,heap     ] GC(420) Old regions: 369->369
[2024-05-30T11:16:59.936+0000][2559.355s][info][gc,heap     ] GC(420) Archive regions: 2->2
[2024-05-30T11:16:59.936+0000][2559.355s][info][gc,heap     ] GC(420) Humongous regions: 5->5
[2024-05-30T11:16:59.936+0000][2559.355s][info][gc,metaspace] GC(420) Metaspace: 412437K(418496K)->412437K(418496K) NonClass: 360460K(363840K)->360460K(363840K) Class: 51977K(54656K)->51977K(54656K)
[2024-05-30T11:16:59.936+0000][2559.355s][info][gc          ] GC(420) Pause Young (Normal) (G1 Evacuation Pause) 9407M->3379M(12288M) 149.642ms
[2024-05-30T11:16:59.936+0000][2559.355s][info][gc,cpu      ] GC(420) User=0.90s Sys=0.00s Real=0.15s
[2024-05-30T11:17:08.042+0000][2567.461s][info][gc,start    ] GC(421) Pause Young (Normal) (G1 Evacuation Pause)
[2024-05-30T11:17:08.042+0000][2567.461s][info][gc,task     ] GC(421) Using 6 workers of 6 for evacuation
[2024-05-30T11:17:08.196+0000][2567.615s][info][gc,phases   ] GC(421)   Pre Evacuate Collection Set: 0.2ms
[2024-05-30T11:17:08.196+0000][2567.615s][info][gc,phases   ] GC(421)   Merge Heap Roots: 0.4ms
[2024-05-30T11:17:08.196+0000][2567.615s][info][gc,phases   ] GC(421)   Evacuate Collection Set: 151.3ms
[2024-05-30T11:17:08.196+0000][2567.615s][info][gc,phases   ] GC(421)   Post Evacuate Collection Set: 2.4ms
[2024-05-30T11:17:08.196+0000][2567.615s][info][gc,phases   ] GC(421)   Other: 0.2ms
[2024-05-30T11:17:08.196+0000][2567.615s][info][gc,heap     ] GC(421) Eden regions: 756->0(752)
[2024-05-30T11:17:08.196+0000][2567.615s][info][gc,heap     ] GC(421) Survivor regions: 48->50(101)
[2024-05-30T11:17:08.196+0000][2567.615s][info][gc,heap     ] GC(421) Old regions: 369->369
[2024-05-30T11:17:08.196+0000][2567.615s][info][gc,heap     ] GC(421) Archive regions: 2->2
[2024-05-30T11:17:08.196+0000][2567.616s][info][gc,heap     ] GC(421) Humongous regions: 5->5
[2024-05-30T11:17:08.196+0000][2567.616s][info][gc,metaspace] GC(421) Metaspace: 412475K(418496K)->412475K(418496K) NonClass: 360495K(363840K)->360495K(363840K) Class: 51980K(54656K)->51980K(54656K)
[2024-05-30T11:17:08.196+0000][2567.616s][info][gc          ] GC(421) Pause Young (Normal) (G1 Evacuation Pause) 9427M->3395M(12288M) 154.469ms
[2024-05-30T11:17:08.196+0000][2567.616s][info][gc,cpu      ] GC(421) User=0.92s Sys=0.00s Real=0.16s
[2024-05-30T11:17:15.925+0000][2575.345s][info][gc,start    ] GC(422) Pause Young (Normal) (G1 Evacuation Pause)
[2024-05-30T11:17:15.925+0000][2575.345s][info][gc,task     ] GC(422) Using 6 workers of 6 for evacuation
[2024-05-30T11:17:16.082+0000][2575.501s][info][gc,phases   ] GC(422)   Pre Evacuate Collection Set: 0.2ms
[2024-05-30T11:17:16.082+0000][2575.501s][info][gc,phases   ] GC(422)   Merge Heap Roots: 0.4ms
[2024-05-30T11:17:16.082+0000][2575.501s][info][gc,phases   ] GC(422)   Evacuate Collection Set: 153.1ms
[2024-05-30T11:17:16.082+0000][2575.501s][info][gc,phases   ] GC(422)   Post Evacuate Collection Set: 2.3ms
[2024-05-30T11:17:16.082+0000][2575.501s][info][gc,phases   ] GC(422)   Other: 0.2ms
[2024-05-30T11:17:16.082+0000][2575.501s][info][gc,heap     ] GC(422) Eden regions: 752->0(757)
[2024-05-30T11:17:16.082+0000][2575.501s][info][gc,heap     ] GC(422) Survivor regions: 50->45(101)
[2024-05-30T11:17:16.082+0000][2575.501s][info][gc,heap     ] GC(422) Old regions: 369->374
[2024-05-30T11:17:16.082+0000][2575.501s][info][gc,heap     ] GC(422) Archive regions: 2->2
[2024-05-30T11:17:16.082+0000][2575.501s][info][gc,heap     ] GC(422) Humongous regions: 5->5
[2024-05-30T11:17:16.082+0000][2575.501s][info][gc,metaspace] GC(422) Metaspace: 412491K(418560K)->412491K(418560K) NonClass: 360510K(363904K)->360510K(363904K) Class: 51980K(54656K)->51980K(54656K)
[2024-05-30T11:17:16.082+0000][2575.501s][info][gc          ] GC(422) Pause Young (Normal) (G1 Evacuation Pause) 9411M->3388M(12288M) 156.294ms
[2024-05-30T11:17:16.082+0000][2575.501s][info][gc,cpu      ] GC(422) User=0.93s Sys=0.00s Real=0.16s
[2024-05-30T11:17:24.313+0000][2583.732s][info][gc,start    ] GC(423) Pause Young (Normal) (G1 Evacuation Pause)
[2024-05-30T11:17:24.313+0000][2583.732s][info][gc,task     ] GC(423) Using 6 workers of 6 for evacuation
[2024-05-30T11:17:24.462+0000][2583.882s][info][gc,phases   ] GC(423)   Pre Evacuate Collection Set: 0.2ms
[2024-05-30T11:17:24.462+0000][2583.882s][info][gc,phases   ] GC(423)   Merge Heap Roots: 0.4ms
[2024-05-30T11:17:24.462+0000][2583.882s][info][gc,phases   ] GC(423)   Evacuate Collection Set: 145.9ms
[2024-05-30T11:17:24.462+0000][2583.882s][info][gc,phases   ] GC(423)   Post Evacuate Collection Set: 2.6ms
[2024-05-30T11:17:24.462+0000][2583.882s][info][gc,phases   ] GC(423)   Other: 0.2ms
[2024-05-30T11:17:24.462+0000][2583.882s][info][gc,heap     ] GC(423) Eden regions: 757->0(757)
[2024-05-30T11:17:24.462+0000][2583.882s][info][gc,heap     ] GC(423) Survivor regions: 45->42(101)
[2024-05-30T11:17:24.462+0000][2583.882s][info][gc,heap     ] GC(423) Old regions: 374->380
[2024-05-30T11:17:24.462+0000][2583.882s][info][gc,heap     ] GC(423) Archive regions: 2->2
[2024-05-30T11:17:24.462+0000][2583.882s][info][gc,heap     ] GC(423) Humongous regions: 5->5
[2024-05-30T11:17:24.462+0000][2583.882s][info][gc,metaspace] GC(423) Metaspace: 412495K(418560K)->412495K(418560K) NonClass: 360515K(363904K)->360515K(363904K) Class: 51980K(54656K)->51980K(54656K)
[2024-05-30T11:17:24.462+0000][2583.882s][info][gc          ] GC(423) Pause Young (Normal) (G1 Evacuation Pause) 9444M->3415M(12288M) 149.404ms
[2024-05-30T11:17:24.462+0000][2583.882s][info][gc,cpu      ] GC(423) User=0.89s Sys=0.00s Real=0.15s
[2024-05-30T11:17:32.401+0000][2591.820s][info][gc,start    ] GC(424) Pause Young (Normal) (G1 Evacuation Pause)
[2024-05-30T11:17:32.401+0000][2591.820s][info][gc,task     ] GC(424) Using 6 workers of 6 for evacuation
[2024-05-30T11:17:32.530+0000][2591.949s][info][gc,phases   ] GC(424)   Pre Evacuate Collection Set: 0.2ms
[2024-05-30T11:17:32.530+0000][2591.949s][info][gc,phases   ] GC(424)   Merge Heap Roots: 0.4ms
[2024-05-30T11:17:32.530+0000][2591.949s][info][gc,phases   ] GC(424)   Evacuate Collection Set: 126.2ms
[2024-05-30T11:17:32.530+0000][2591.949s][info][gc,phases   ] GC(424)   Post Evacuate Collection Set: 2.4ms
[2024-05-30T11:17:32.530+0000][2591.949s][info][gc,phases   ] GC(424)   Other: 0.2ms
[2024-05-30T11:17:32.530+0000][2591.949s][info][gc,heap     ] GC(424) Eden regions: 757->0(757)
[2024-05-30T11:17:32.530+0000][2591.949s][info][gc,heap     ] GC(424) Survivor regions: 42->40(100)
[2024-05-30T11:17:32.530+0000][2591.949s][info][gc,heap     ] GC(424) Old regions: 380->384
[2024-05-30T11:17:32.530+0000][2591.949s][info][gc,heap     ] GC(424) Archive regions: 2->2
[2024-05-30T11:17:32.530+0000][2591.949s][info][gc,heap     ] GC(424) Humongous regions: 5->5
[2024-05-30T11:17:32.530+0000][2591.949s][info][gc,metaspace] GC(424) Metaspace: 412513K(418560K)->412513K(418560K) NonClass: 360533K(363904K)->360533K(363904K) Class: 51980K(54656K)->51980K(54656K)
[2024-05-30T11:17:32.530+0000][2591.949s][info][gc          ] GC(424) Pause Young (Normal) (G1 Evacuation Pause) 9471M->3429M(12288M) 129.488ms
[2024-05-30T11:17:32.530+0000][2591.949s][info][gc,cpu      ] GC(424) User=0.77s Sys=0.00s Real=0.13s
[2024-05-30T11:17:40.407+0000][2599.826s][info][gc,start    ] GC(425) Pause Young (Normal) (G1 Evacuation Pause)
[2024-05-30T11:17:40.407+0000][2599.826s][info][gc,task     ] GC(425) Using 6 workers of 6 for evacuation
[2024-05-30T11:17:40.531+0000][2599.950s][info][gc,phases   ] GC(425)   Pre Evacuate Collection Set: 0.2ms
[2024-05-30T11:17:40.531+0000][2599.950s][info][gc,phases   ] GC(425)   Merge Heap Roots: 0.3ms
[2024-05-30T11:17:40.531+0000][2599.950s][info][gc,phases   ] GC(425)   Evacuate Collection Set: 120.3ms
[2024-05-30T11:17:40.531+0000][2599.950s][info][gc,phases   ] GC(425)   Post Evacuate Collection Set: 2.5ms
[2024-05-30T11:17:40.531+0000][2599.950s][info][gc,phases   ] GC(425)   Other: 0.2ms
[2024-05-30T11:17:40.531+0000][2599.950s][info][gc,heap     ] GC(425) Eden regions: 757->0(764)
[2024-05-30T11:17:40.531+0000][2599.950s][info][gc,heap     ] GC(425) Survivor regions: 40->35(100)
[2024-05-30T11:17:40.531+0000][2599.950s][info][gc,heap     ] GC(425) Old regions: 384->387
[2024-05-30T11:17:40.531+0000][2599.950s][info][gc,heap     ] GC(425) Archive regions: 2->2
[2024-05-30T11:17:40.531+0000][2599.950s][info][gc,heap     ] GC(425) Humongous regions: 5->5
[2024-05-30T11:17:40.531+0000][2599.950s][info][gc,metaspace] GC(425) Metaspace: 412514K(418560K)->412514K(418560K) NonClass: 360534K(363904K)->360534K(363904K) Class: 51980K(54656K)->51980K(54656K)
[2024-05-30T11:17:40.531+0000][2599.950s][info][gc          ] GC(425) Pause Young (Normal) (G1 Evacuation Pause) 9485M->3418M(12288M) 123.619ms
[2024-05-30T11:17:40.531+0000][2599.950s][info][gc,cpu      ] GC(425) User=0.74s Sys=0.00s Real=0.13s
[2024-05-30T11:17:48.737+0000][2608.156s][info][gc,start    ] GC(426) Pause Young (Normal) (G1 Evacuation Pause)
[2024-05-30T11:17:48.737+0000][2608.156s][info][gc,task     ] GC(426) Using 6 workers of 6 for evacuation
[2024-05-30T11:17:48.848+0000][2608.267s][info][gc,phases   ] GC(426)   Pre Evacuate Collection Set: 0.2ms
[2024-05-30T11:17:48.848+0000][2608.267s][info][gc,phases   ] GC(426)   Merge Heap Roots: 0.4ms
[2024-05-30T11:17:48.848+0000][2608.267s][info][gc,phases   ] GC(426)   Evacuate Collection Set: 107.7ms
[2024-05-30T11:17:48.848+0000][2608.267s][info][gc,phases   ] GC(426)   Post Evacuate Collection Set: 2.3ms
[2024-05-30T11:17:48.848+0000][2608.267s][info][gc,phases   ] GC(426)   Other: 0.2ms
[2024-05-30T11:17:48.848+0000][2608.267s][info][gc,heap     ] GC(426) Eden regions: 764->0(764)
[2024-05-30T11:17:48.848+0000][2608.267s][info][gc,heap     ] GC(426) Survivor regions: 35->33(100)
[2024-05-30T11:17:48.848+0000][2608.267s][info][gc,heap     ] GC(426) Old regions: 387->391
[2024-05-30T11:17:48.848+0000][2608.267s][info][gc,heap     ] GC(426) Archive regions: 2->2
[2024-05-30T11:17:48.848+0000][2608.267s][info][gc,heap     ] GC(426) Humongous regions: 5->5
[2024-05-30T11:17:48.848+0000][2608.267s][info][gc,metaspace] GC(426) Metaspace: 412531K(418560K)->412531K(418560K) NonClass: 360551K(363904K)->360551K(363904K) Class: 51980K(54656K)->51980K(54656K)
[2024-05-30T11:17:48.848+0000][2608.267s][info][gc          ] GC(426) Pause Young (Normal) (G1 Evacuation Pause) 9530M->3436M(12288M) 110.904ms
[2024-05-30T11:17:48.848+0000][2608.267s][info][gc,cpu      ] GC(426) User=0.66s Sys=0.00s Real=0.10s
[2024-05-30T11:17:57.097+0000][2616.516s][info][gc,start    ] GC(427) Pause Young (Normal) (G1 Evacuation Pause)
[2024-05-30T11:17:57.097+0000][2616.516s][info][gc,task     ] GC(427) Using 6 workers of 6 for evacuation
[2024-05-30T11:17:57.191+0000][2616.610s][info][gc,phases   ] GC(427)   Pre Evacuate Collection Set: 0.2ms
[2024-05-30T11:17:57.191+0000][2616.610s][info][gc,phases   ] GC(427)   Merge Heap Roots: 0.3ms
[2024-05-30T11:17:57.191+0000][2616.610s][info][gc,phases   ] GC(427)   Evacuate Collection Set: 91.2ms
[2024-05-30T11:17:57.191+0000][2616.610s][info][gc,phases   ] GC(427)   Post Evacuate Collection Set: 2.3ms
[2024-05-30T11:17:57.191+0000][2616.610s][info][gc,phases   ] GC(427)   Other: 0.2ms
[2024-05-30T11:17:57.191+0000][2616.610s][info][gc,heap     ] GC(427) Eden regions: 764->0(764)
[2024-05-30T11:17:57.191+0000][2616.610s][info][gc,heap     ] GC(427) Survivor regions: 33->31(100)
[2024-05-30T11:17:57.191+0000][2616.610s][info][gc,heap     ] GC(427) Old regions: 391->395
[2024-05-30T11:17:57.191+0000][2616.610s][info][gc,heap     ] GC(427) Archive regions: 2->2
[2024-05-30T11:17:57.191+0000][2616.610s][info][gc,heap     ] GC(427) Humongous regions: 5->5
[2024-05-30T11:17:57.191+0000][2616.610s][info][gc,metaspace] GC(427) Metaspace: 412543K(418560K)->412543K(418560K) NonClass: 360563K(363904K)->360563K(363904K) Class: 51980K(54656K)->51980K(54656K)
[2024-05-30T11:17:57.191+0000][2616.610s][info][gc          ] GC(427) Pause Young (Normal) (G1 Evacuation Pause) 9548M->3450M(12288M) 94.264ms
[2024-05-30T11:17:57.191+0000][2616.610s][info][gc,cpu      ] GC(427) User=0.56s Sys=0.01s Real=0.09s
[2024-05-30T11:18:03.171+0000][2622.590s][info][gc,start    ] GC(428) Pause Young (Normal) (G1 Evacuation Pause)
[2024-05-30T11:18:03.171+0000][2622.590s][info][gc,task     ] GC(428) Using 6 workers of 6 for evacuation
[2024-05-30T11:18:03.287+0000][2622.706s][info][gc,phases   ] GC(428)   Pre Evacuate Collection Set: 0.2ms
[2024-05-30T11:18:03.287+0000][2622.706s][info][gc,phases   ] GC(428)   Merge Heap Roots: 0.3ms
[2024-05-30T11:18:03.287+0000][2622.706s][info][gc,phases   ] GC(428)   Evacuate Collection Set: 102.8ms
[2024-05-30T11:18:03.287+0000][2622.706s][info][gc,phases   ] GC(428)   Post Evacuate Collection Set: 12.8ms
[2024-05-30T11:18:03.287+0000][2622.706s][info][gc,phases   ] GC(428)   Other: 0.2ms
[2024-05-30T11:18:03.287+0000][2622.706s][info][gc,heap     ] GC(428) Eden regions: 764->0(763)
[2024-05-30T11:18:03.287+0000][2622.706s][info][gc,heap     ] GC(428) Survivor regions: 31->31(100)
[2024-05-30T11:18:03.287+0000][2622.706s][info][gc,heap     ] GC(428) Old regions: 395->396
[2024-05-30T11:18:03.287+0000][2622.706s][info][gc,heap     ] GC(428) Archive regions: 2->2
[2024-05-30T11:18:03.287+0000][2622.706s][info][gc,heap     ] GC(428) Humongous regions: 5->5
[2024-05-30T11:18:03.287+0000][2622.706s][info][gc,metaspace] GC(428) Metaspace: 412543K(418560K)->412543K(418560K) NonClass: 360563K(363904K)->360563K(363904K) Class: 51980K(54656K)->51980K(54656K)
[2024-05-30T11:18:03.287+0000][2622.706s][info][gc          ] GC(428) Pause Young (Normal) (G1 Evacuation Pause) 9562M->3460M(12288M) 116.454ms
[2024-05-30T11:18:03.287+0000][2622.706s][info][gc,cpu      ] GC(428) User=0.68s Sys=0.00s Real=0.11s
[2024-05-30T11:18:05.719+0000][2625.138s][info][gc,start    ] GC(429) Pause Young (Normal) (G1 Evacuation Pause)
[2024-05-30T11:18:05.719+0000][2625.138s][info][gc,task     ] GC(429) Using 6 workers of 6 for evacuation
[2024-05-30T11:18:05.880+0000][2625.299s][info][gc,phases   ] GC(429)   Pre Evacuate Collection Set: 0.2ms
[2024-05-30T11:18:05.880+0000][2625.299s][info][gc,phases   ] GC(429)   Merge Heap Roots: 0.4ms
[2024-05-30T11:18:05.880+0000][2625.299s][info][gc,phases   ] GC(429)   Evacuate Collection Set: 136.8ms
[2024-05-30T11:18:05.880+0000][2625.299s][info][gc,phases   ] GC(429)   Post Evacuate Collection Set: 22.7ms
[2024-05-30T11:18:05.880+0000][2625.299s][info][gc,phases   ] GC(429)   Other: 0.3ms
[2024-05-30T11:18:05.880+0000][2625.299s][info][gc,heap     ] GC(429) Eden regions: 763->0(754)
[2024-05-30T11:18:05.880+0000][2625.299s][info][gc,heap     ] GC(429) Survivor regions: 31->34(100)
[2024-05-30T11:18:05.880+0000][2625.299s][info][gc,heap     ] GC(429) Old regions: 396->399
[2024-05-30T11:18:05.880+0000][2625.299s][info][gc,heap     ] GC(429) Archive regions: 2->2
[2024-05-30T11:18:05.880+0000][2625.299s][info][gc,heap     ] GC(429) Humongous regions: 5->5
[2024-05-30T11:18:05.880+0000][2625.299s][info][gc,metaspace] GC(429) Metaspace: 412543K(418560K)->412543K(418560K) NonClass: 360563K(363904K)->360563K(363904K) Class: 51980K(54656K)->51980K(54656K)
[2024-05-30T11:18:05.880+0000][2625.299s][info][gc          ] GC(429) Pause Young (Normal) (G1 Evacuation Pause) 9564M->3501M(12288M) 160.484ms
[2024-05-30T11:18:05.880+0000][2625.299s][info][gc,cpu      ] GC(429) User=0.94s Sys=0.00s Real=0.16s
[2024-05-30T11:18:08.046+0000][2627.465s][info][gc,start    ] GC(430) Pause Young (Normal) (G1 Evacuation Pause)
[2024-05-30T11:18:08.046+0000][2627.465s][info][gc,task     ] GC(430) Using 6 workers of 6 for evacuation
[2024-05-30T11:18:08.202+0000][2627.621s][info][gc,phases   ] GC(430)   Pre Evacuate Collection Set: 0.2ms
[2024-05-30T11:18:08.202+0000][2627.621s][info][gc,phases   ] GC(430)   Merge Heap Roots: 0.4ms
[2024-05-30T11:18:08.202+0000][2627.621s][info][gc,phases   ] GC(430)   Evacuate Collection Set: 135.6ms
[2024-05-30T11:18:08.202+0000][2627.621s][info][gc,phases   ] GC(430)   Post Evacuate Collection Set: 19.7ms
[2024-05-30T11:18:08.202+0000][2627.621s][info][gc,phases   ] GC(430)   Other: 0.2ms
[2024-05-30T11:18:08.202+0000][2627.621s][info][gc,heap     ] GC(430) Eden regions: 754->0(749)
[2024-05-30T11:18:08.202+0000][2627.621s][info][gc,heap     ] GC(430) Survivor regions: 34->35(99)
[2024-05-30T11:18:08.202+0000][2627.621s][info][gc,heap     ] GC(430) Old regions: 399->402
[2024-05-30T11:18:08.202+0000][2627.621s][info][gc,heap     ] GC(430) Archive regions: 2->2
[2024-05-30T11:18:08.202+0000][2627.621s][info][gc,heap     ] GC(430) Humongous regions: 5->5
[2024-05-30T11:18:08.202+0000][2627.621s][info][gc,metaspace] GC(430) Metaspace: 412543K(418560K)->412543K(418560K) NonClass: 360563K(363904K)->360563K(363904K) Class: 51980K(54656K)->51980K(54656K)
[2024-05-30T11:18:08.202+0000][2627.621s][info][gc          ] GC(430) Pause Young (Normal) (G1 Evacuation Pause) 9533M->3540M(12288M) 156.254ms
[2024-05-30T11:18:08.202+0000][2627.621s][info][gc,cpu      ] GC(430) User=0.92s Sys=0.00s Real=0.16s
[2024-05-30T11:18:15.195+0000][2634.614s][info][gc,start    ] GC(431) Pause Young (Normal) (G1 Evacuation Pause)
[2024-05-30T11:18:15.195+0000][2634.614s][info][gc,task     ] GC(431) Using 6 workers of 6 for evacuation
[2024-05-30T11:18:15.257+0000][2634.676s][info][gc,phases   ] GC(431)   Pre Evacuate Collection Set: 0.2ms
[2024-05-30T11:18:15.257+0000][2634.676s][info][gc,phases   ] GC(431)   Merge Heap Roots: 0.3ms
[2024-05-30T11:18:15.257+0000][2634.676s][info][gc,phases   ] GC(431)   Evacuate Collection Set: 58.5ms
[2024-05-30T11:18:15.257+0000][2634.676s][info][gc,phases   ] GC(431)   Post Evacuate Collection Set: 2.3ms
[2024-05-30T11:18:15.257+0000][2634.676s][info][gc,phases   ] GC(431)   Other: 0.2ms
[2024-05-30T11:18:15.257+0000][2634.676s][info][gc,heap     ] GC(431) Eden regions: 749->0(767)
[2024-05-30T11:18:15.257+0000][2634.676s][info][gc,heap     ] GC(431) Survivor regions: 35->25(98)
[2024-05-30T11:18:15.257+0000][2634.676s][info][gc,heap     ] GC(431) Old regions: 402->404
[2024-05-30T11:18:15.257+0000][2634.676s][info][gc,heap     ] GC(431) Archive regions: 2->2
[2024-05-30T11:18:15.257+0000][2634.676s][info][gc,heap     ] GC(431) Humongous regions: 5->5
[2024-05-30T11:18:15.257+0000][2634.676s][info][gc,metaspace] GC(431) Metaspace: 412545K(418560K)->412545K(418560K) NonClass: 360565K(363904K)->360565K(363904K) Class: 51980K(54656K)->51980K(54656K)
[2024-05-30T11:18:15.257+0000][2634.676s][info][gc          ] GC(431) Pause Young (Normal) (G1 Evacuation Pause) 9532M->3466M(12288M) 61.640ms
[2024-05-30T11:18:15.257+0000][2634.676s][info][gc,cpu      ] GC(431) User=0.36s Sys=0.00s Real=0.07s
[2024-05-30T11:18:22.621+0000][2642.041s][info][gc,start    ] GC(432) Pause Young (Normal) (G1 Evacuation Pause)
[2024-05-30T11:18:22.621+0000][2642.041s][info][gc,task     ] GC(432) Using 6 workers of 6 for evacuation
[2024-05-30T11:18:22.679+0000][2642.098s][info][gc,phases   ] GC(432)   Pre Evacuate Collection Set: 0.2ms
[2024-05-30T11:18:22.679+0000][2642.098s][info][gc,phases   ] GC(432)   Merge Heap Roots: 0.3ms
[2024-05-30T11:18:22.679+0000][2642.098s][info][gc,phases   ] GC(432)   Evacuate Collection Set: 54.4ms
[2024-05-30T11:18:22.679+0000][2642.098s][info][gc,phases   ] GC(432)   Post Evacuate Collection Set: 2.5ms
[2024-05-30T11:18:22.679+0000][2642.098s][info][gc,phases   ] GC(432)   Other: 0.2ms
[2024-05-30T11:18:22.679+0000][2642.098s][info][gc,heap     ] GC(432) Eden regions: 767->0(770)
[2024-05-30T11:18:22.679+0000][2642.098s][info][gc,heap     ] GC(432) Survivor regions: 25->23(99)
[2024-05-30T11:18:22.679+0000][2642.098s][info][gc,heap     ] GC(432) Old regions: 404->405
[2024-05-30T11:18:22.679+0000][2642.098s][info][gc,heap     ] GC(432) Archive regions: 2->2
[2024-05-30T11:18:22.679+0000][2642.098s][info][gc,heap     ] GC(432) Humongous regions: 5->5
[2024-05-30T11:18:22.679+0000][2642.098s][info][gc,metaspace] GC(432) Metaspace: 412555K(418560K)->412555K(418560K) NonClass: 360575K(363904K)->360575K(363904K) Class: 51980K(54656K)->51980K(54656K)
[2024-05-30T11:18:22.679+0000][2642.098s][info][gc          ] GC(432) Pause Young (Normal) (G1 Evacuation Pause) 9602M->3458M(12288M) 57.679ms
[2024-05-30T11:18:22.679+0000][2642.098s][info][gc,cpu      ] GC(432) User=0.34s Sys=0.00s Real=0.06s
[2024-05-30T11:18:29.027+0000][2648.446s][info][gc,start    ] GC(433) Pause Young (Normal) (G1 Evacuation Pause)
[2024-05-30T11:18:29.027+0000][2648.446s][info][gc,task     ] GC(433) Using 6 workers of 6 for evacuation
[2024-05-30T11:18:29.086+0000][2648.505s][info][gc,phases   ] GC(433)   Pre Evacuate Collection Set: 0.2ms
[2024-05-30T11:18:29.086+0000][2648.505s][info][gc,phases   ] GC(433)   Merge Heap Roots: 0.2ms
[2024-05-30T11:18:29.086+0000][2648.505s][info][gc,phases   ] GC(433)   Evacuate Collection Set: 56.3ms
[2024-05-30T11:18:29.086+0000][2648.505s][info][gc,phases   ] GC(433)   Post Evacuate Collection Set: 2.3ms
[2024-05-30T11:18:29.086+0000][2648.505s][info][gc,phases   ] GC(433)   Other: 0.2ms
[2024-05-30T11:18:29.086+0000][2648.505s][info][gc,heap     ] GC(433) Eden regions: 770->0(771)
[2024-05-30T11:18:29.086+0000][2648.505s][info][gc,heap     ] GC(433) Survivor regions: 23->22(100)
[2024-05-30T11:18:29.086+0000][2648.505s][info][gc,heap     ] GC(433) Old regions: 405->406
[2024-05-30T11:18:29.086+0000][2648.505s][info][gc,heap     ] GC(433) Archive regions: 2->2
[2024-05-30T11:18:29.086+0000][2648.505s][info][gc,heap     ] GC(433) Humongous regions: 5->5
[2024-05-30T11:18:29.086+0000][2648.505s][info][gc,metaspace] GC(433) Metaspace: 412561K(418624K)->412561K(418624K) NonClass: 360581K(363968K)->360581K(363968K) Class: 51980K(54656K)->51980K(54656K)
[2024-05-30T11:18:29.086+0000][2648.505s][info][gc          ] GC(433) Pause Young (Normal) (G1 Evacuation Pause) 9618M->3463M(12288M) 59.350ms
[2024-05-30T11:18:29.086+0000][2648.505s][info][gc,cpu      ] GC(433) User=0.35s Sys=0.00s Real=0.06s
[2024-05-30T11:18:37.307+0000][2656.726s][info][gc,start    ] GC(434) Pause Young (Normal) (G1 Evacuation Pause)
[2024-05-30T11:18:37.307+0000][2656.726s][info][gc,task     ] GC(434) Using 6 workers of 6 for evacuation
[2024-05-30T11:18:37.364+0000][2656.783s][info][gc,phases   ] GC(434)   Pre Evacuate Collection Set: 0.2ms
[2024-05-30T11:18:37.364+0000][2656.784s][info][gc,phases   ] GC(434)   Merge Heap Roots: 0.3ms
[2024-05-30T11:18:37.364+0000][2656.784s][info][gc,phases   ] GC(434)   Evacuate Collection Set: 54.5ms
[2024-05-30T11:18:37.364+0000][2656.784s][info][gc,phases   ] GC(434)   Post Evacuate Collection Set: 2.3ms
[2024-05-30T11:18:37.364+0000][2656.784s][info][gc,phases   ] GC(434)   Other: 0.2ms
[2024-05-30T11:18:37.364+0000][2656.784s][info][gc,heap     ] GC(434) Eden regions: 771->0(768)
[2024-05-30T11:18:37.364+0000][2656.784s][info][gc,heap     ] GC(434) Survivor regions: 22->23(100)
[2024-05-30T11:18:37.364+0000][2656.784s][info][gc,heap     ] GC(434) Old regions: 406->407
[2024-05-30T11:18:37.364+0000][2656.784s][info][gc,heap     ] GC(434) Archive regions: 2->2
[2024-05-30T11:18:37.364+0000][2656.784s][info][gc,heap     ] GC(434) Humongous regions: 5->5
[2024-05-30T11:18:37.364+0000][2656.784s][info][gc,metaspace] GC(434) Metaspace: 412569K(418624K)->412569K(418624K) NonClass: 360589K(363968K)->360589K(363968K) Class: 51980K(54656K)->51980K(54656K)
[2024-05-30T11:18:37.364+0000][2656.784s][info][gc          ] GC(434) Pause Young (Normal) (G1 Evacuation Pause) 9631M->3478M(12288M) 57.610ms
[2024-05-30T11:18:37.364+0000][2656.784s][info][gc,cpu      ] GC(434) User=0.33s Sys=0.01s Real=0.06s
[2024-05-30T11:18:45.836+0000][2665.255s][info][gc,start    ] GC(435) Pause Young (Normal) (G1 Evacuation Pause)
[2024-05-30T11:18:45.836+0000][2665.255s][info][gc,task     ] GC(435) Using 6 workers of 6 for evacuation
[2024-05-30T11:18:45.897+0000][2665.316s][info][gc,phases   ] GC(435)   Pre Evacuate Collection Set: 0.2ms
[2024-05-30T11:18:45.897+0000][2665.316s][info][gc,phases   ] GC(435)   Merge Heap Roots: 0.3ms
[2024-05-30T11:18:45.897+0000][2665.316s][info][gc,phases   ] GC(435)   Evacuate Collection Set: 58.2ms
[2024-05-30T11:18:45.897+0000][2665.316s][info][gc,phases   ] GC(435)   Post Evacuate Collection Set: 2.3ms
[2024-05-30T11:18:45.897+0000][2665.316s][info][gc,phases   ] GC(435)   Other: 0.2ms
[2024-05-30T11:18:45.897+0000][2665.316s][info][gc,heap     ] GC(435) Eden regions: 768->0(764)
[2024-05-30T11:18:45.897+0000][2665.316s][info][gc,heap     ] GC(435) Survivor regions: 23->25(99)
[2024-05-30T11:18:45.897+0000][2665.316s][info][gc,heap     ] GC(435) Old regions: 407->407
[2024-05-30T11:18:45.897+0000][2665.316s][info][gc,heap     ] GC(435) Archive regions: 2->2
[2024-05-30T11:18:45.897+0000][2665.316s][info][gc,heap     ] GC(435) Humongous regions: 5->5
[2024-05-30T11:18:45.897+0000][2665.316s][info][gc,metaspace] GC(435) Metaspace: 412569K(418624K)->412569K(418624K) NonClass: 360589K(363968K)->360589K(363968K) Class: 51980K(54656K)->51980K(54656K)
[2024-05-30T11:18:45.897+0000][2665.316s][info][gc          ] GC(435) Pause Young (Normal) (G1 Evacuation Pause) 9622M->3496M(12288M) 61.268ms
[2024-05-30T11:18:45.897+0000][2665.316s][info][gc,cpu      ] GC(435) User=0.37s Sys=0.00s Real=0.07s
[2024-05-30T11:18:53.995+0000][2673.414s][info][gc,start    ] GC(436) Pause Young (Normal) (G1 Evacuation Pause)
[2024-05-30T11:18:53.995+0000][2673.414s][info][gc,task     ] GC(436) Using 6 workers of 6 for evacuation
[2024-05-30T11:18:54.052+0000][2673.471s][info][gc,phases   ] GC(436)   Pre Evacuate Collection Set: 0.2ms
[2024-05-30T11:18:54.052+0000][2673.471s][info][gc,phases   ] GC(436)   Merge Heap Roots: 0.2ms
[2024-05-30T11:18:54.052+0000][2673.471s][info][gc,phases   ] GC(436)   Evacuate Collection Set: 54.2ms
[2024-05-30T11:18:54.052+0000][2673.471s][info][gc,phases   ] GC(436)   Post Evacuate Collection Set: 2.5ms
[2024-05-30T11:18:54.052+0000][2673.471s][info][gc,phases   ] GC(436)   Other: 0.2ms
[2024-05-30T11:18:54.052+0000][2673.471s][info][gc,heap     ] GC(436) Eden regions: 764->0(764)
[2024-05-30T11:18:54.052+0000][2673.471s][info][gc,heap     ] GC(436) Survivor regions: 25->24(99)
[2024-05-30T11:18:54.052+0000][2673.471s][info][gc,heap     ] GC(436) Old regions: 407->409
[2024-05-30T11:18:54.052+0000][2673.471s][info][gc,heap     ] GC(436) Archive regions: 2->2
[2024-05-30T11:18:54.052+0000][2673.471s][info][gc,heap     ] GC(436) Humongous regions: 5->5
[2024-05-30T11:18:54.052+0000][2673.471s][info][gc,metaspace] GC(436) Metaspace: 412574K(418624K)->412574K(418624K) NonClass: 360594K(363968K)->360594K(363968K) Class: 51980K(54656K)->51980K(54656K)
[2024-05-30T11:18:54.052+0000][2673.471s][info][gc          ] GC(436) Pause Young (Normal) (G1 Evacuation Pause) 9608M->3498M(12288M) 57.431ms
[2024-05-30T11:18:54.052+0000][2673.471s][info][gc,cpu      ] GC(436) User=0.34s Sys=0.00s Real=0.06s
[2024-05-30T11:19:02.274+0000][2681.693s][info][gc,start    ] GC(437) Pause Young (Normal) (G1 Evacuation Pause)
[2024-05-30T11:19:02.274+0000][2681.693s][info][gc,task     ] GC(437) Using 6 workers of 6 for evacuation
[2024-05-30T11:19:02.330+0000][2681.749s][info][gc,phases   ] GC(437)   Pre Evacuate Collection Set: 0.2ms
[2024-05-30T11:19:02.330+0000][2681.749s][info][gc,phases   ] GC(437)   Merge Heap Roots: 0.3ms
[2024-05-30T11:19:02.330+0000][2681.749s][info][gc,phases   ] GC(437)   Evacuate Collection Set: 53.4ms
[2024-05-30T11:19:02.330+0000][2681.749s][info][gc,phases   ] GC(437)   Post Evacuate Collection Set: 2.3ms
[2024-05-30T11:19:02.330+0000][2681.749s][info][gc,phases   ] GC(437)   Other: 0.2ms
[2024-05-30T11:19:02.330+0000][2681.749s][info][gc,heap     ] GC(437) Eden regions: 764->0(771)
[2024-05-30T11:19:02.330+0000][2681.749s][info][gc,heap     ] GC(437) Survivor regions: 24->20(99)
[2024-05-30T11:19:02.330+0000][2681.749s][info][gc,heap     ] GC(437) Old regions: 409->410
[2024-05-30T11:19:02.330+0000][2681.749s][info][gc,heap     ] GC(437) Archive regions: 2->2
[2024-05-30T11:19:02.330+0000][2681.749s][info][gc,heap     ] GC(437) Humongous regions: 5->5
[2024-05-30T11:19:02.330+0000][2681.749s][info][gc,metaspace] GC(437) Metaspace: 412574K(418624K)->412574K(418624K) NonClass: 360594K(363968K)->360594K(363968K) Class: 51980K(54656K)->51980K(54656K)
[2024-05-30T11:19:02.330+0000][2681.749s][info][gc          ] GC(437) Pause Young (Normal) (G1 Evacuation Pause) 9610M->3477M(12288M) 56.439ms
[2024-05-30T11:19:02.330+0000][2681.749s][info][gc,cpu      ] GC(437) User=0.33s Sys=0.00s Real=0.06s
[2024-05-30T11:19:10.890+0000][2690.309s][info][gc,start    ] GC(438) Pause Young (Normal) (G1 Evacuation Pause)
[2024-05-30T11:19:10.890+0000][2690.309s][info][gc,task     ] GC(438) Using 6 workers of 6 for evacuation
[2024-05-30T11:19:10.951+0000][2690.370s][info][gc,phases   ] GC(438)   Pre Evacuate Collection Set: 0.2ms
[2024-05-30T11:19:10.951+0000][2690.370s][info][gc,phases   ] GC(438)   Merge Heap Roots: 0.2ms
[2024-05-30T11:19:10.951+0000][2690.370s][info][gc,phases   ] GC(438)   Evacuate Collection Set: 57.6ms
[2024-05-30T11:19:10.951+0000][2690.370s][info][gc,phases   ] GC(438)   Post Evacuate Collection Set: 2.5ms
[2024-05-30T11:19:10.951+0000][2690.370s][info][gc,phases   ] GC(438)   Other: 0.2ms
[2024-05-30T11:19:10.951+0000][2690.370s][info][gc,heap     ] GC(438) Eden regions: 771->0(769)
[2024-05-30T11:19:10.951+0000][2690.370s][info][gc,heap     ] GC(438) Survivor regions: 20->21(99)
[2024-05-30T11:19:10.951+0000][2690.370s][info][gc,heap     ] GC(438) Old regions: 410->410
[2024-05-30T11:19:10.951+0000][2690.370s][info][gc,heap     ] GC(438) Archive regions: 2->2
[2024-05-30T11:19:10.951+0000][2690.370s][info][gc,heap     ] GC(438) Humongous regions: 5->5
[2024-05-30T11:19:10.951+0000][2690.370s][info][gc,metaspace] GC(438) Metaspace: 412580K(418688K)->412580K(418688K) NonClass: 360600K(364032K)->360600K(364032K) Class: 51980K(54656K)->51980K(54656K)
[2024-05-30T11:19:10.951+0000][2690.370s][info][gc          ] GC(438) Pause Young (Normal) (G1 Evacuation Pause) 9645M->3492M(12288M) 60.809ms
[2024-05-30T11:19:10.951+0000][2690.370s][info][gc,cpu      ] GC(438) User=0.36s Sys=0.00s Real=0.06s
[2024-05-30T11:19:19.422+0000][2698.841s][info][gc,start    ] GC(439) Pause Young (Normal) (G1 Evacuation Pause)
[2024-05-30T11:19:19.422+0000][2698.841s][info][gc,task     ] GC(439) Using 6 workers of 6 for evacuation
[2024-05-30T11:19:19.480+0000][2698.899s][info][gc,phases   ] GC(439)   Pre Evacuate Collection Set: 0.2ms
[2024-05-30T11:19:19.480+0000][2698.899s][info][gc,phases   ] GC(439)   Merge Heap Roots: 0.3ms
[2024-05-30T11:19:19.480+0000][2698.899s][info][gc,phases   ] GC(439)   Evacuate Collection Set: 55.3ms
[2024-05-30T11:19:19.480+0000][2698.899s][info][gc,phases   ] GC(439)   Post Evacuate Collection Set: 2.3ms
[2024-05-30T11:19:19.480+0000][2698.899s][info][gc,phases   ] GC(439)   Other: 0.2ms
[2024-05-30T11:19:19.480+0000][2698.899s][info][gc,heap     ] GC(439) Eden regions: 769->0(768)
[2024-05-30T11:19:19.480+0000][2698.899s][info][gc,heap     ] GC(439) Survivor regions: 21->21(99)
[2024-05-30T11:19:19.480+0000][2698.899s][info][gc,heap     ] GC(439) Old regions: 410->411
[2024-05-30T11:19:19.480+0000][2698.899s][info][gc,heap     ] GC(439) Archive regions: 2->2
[2024-05-30T11:19:19.480+0000][2698.899s][info][gc,heap     ] GC(439) Humongous regions: 5->5
[2024-05-30T11:19:19.480+0000][2698.899s][info][gc,metaspace] GC(439) Metaspace: 412581K(418688K)->412581K(418688K) NonClass: 360601K(364032K)->360601K(364032K) Class: 51980K(54656K)->51980K(54656K)
[2024-05-30T11:19:19.480+0000][2698.899s][info][gc          ] GC(439) Pause Young (Normal) (G1 Evacuation Pause) 9644M->3499M(12288M) 58.315ms
[2024-05-30T11:19:19.480+0000][2698.899s][info][gc,cpu      ] GC(439) User=0.35s Sys=0.00s Real=0.06s
[2024-05-30T11:19:28.106+0000][2707.525s][info][gc,start    ] GC(440) Pause Young (Normal) (G1 Evacuation Pause)
[2024-05-30T11:19:28.106+0000][2707.525s][info][gc,task     ] GC(440) Using 6 workers of 6 for evacuation
[2024-05-30T11:19:28.162+0000][2707.582s][info][gc,phases   ] GC(440)   Pre Evacuate Collection Set: 0.2ms
[2024-05-30T11:19:28.162+0000][2707.582s][info][gc,phases   ] GC(440)   Merge Heap Roots: 0.2ms
[2024-05-30T11:19:28.162+0000][2707.582s][info][gc,phases   ] GC(440)   Evacuate Collection Set: 53.3ms
[2024-05-30T11:19:28.162+0000][2707.582s][info][gc,phases   ] GC(440)   Post Evacuate Collection Set: 2.4ms
[2024-05-30T11:19:28.162+0000][2707.582s][info][gc,phases   ] GC(440)   Other: 0.2ms
[2024-05-30T11:19:28.163+0000][2707.582s][info][gc,heap     ] GC(440) Eden regions: 768->0(763)
[2024-05-30T11:19:28.163+0000][2707.582s][info][gc,heap     ] GC(440) Survivor regions: 21->23(99)
[2024-05-30T11:19:28.163+0000][2707.582s][info][gc,heap     ] GC(440) Old regions: 411->412
[2024-05-30T11:19:28.163+0000][2707.582s][info][gc,heap     ] GC(440) Archive regions: 2->2
[2024-05-30T11:19:28.163+0000][2707.582s][info][gc,heap     ] GC(440) Humongous regions: 5->5
[2024-05-30T11:19:28.163+0000][2707.582s][info][gc,metaspace] GC(440) Metaspace: 412588K(418688K)->412588K(418688K) NonClass: 360608K(364032K)->360608K(364032K) Class: 51980K(54656K)->51980K(54656K)
[2024-05-30T11:19:28.163+0000][2707.582s][info][gc          ] GC(440) Pause Young (Normal) (G1 Evacuation Pause) 9643M->3517M(12288M) 56.447ms
[2024-05-30T11:19:28.163+0000][2707.582s][info][gc,cpu      ] GC(440) User=0.33s Sys=0.00s Real=0.06s
[2024-05-30T11:19:36.525+0000][2715.944s][info][gc,start    ] GC(441) Pause Young (Normal) (G1 Evacuation Pause)
[2024-05-30T11:19:36.525+0000][2715.944s][info][gc,task     ] GC(441) Using 6 workers of 6 for evacuation
[2024-05-30T11:19:36.580+0000][2716.000s][info][gc,phases   ] GC(441)   Pre Evacuate Collection Set: 0.2ms
[2024-05-30T11:19:36.580+0000][2716.000s][info][gc,phases   ] GC(441)   Merge Heap Roots: 0.3ms
[2024-05-30T11:19:36.580+0000][2716.000s][info][gc,phases   ] GC(441)   Evacuate Collection Set: 52.5ms
[2024-05-30T11:19:36.580+0000][2716.000s][info][gc,phases   ] GC(441)   Post Evacuate Collection Set: 2.4ms
[2024-05-30T11:19:36.580+0000][2716.000s][info][gc,phases   ] GC(441)   Other: 0.2ms
[2024-05-30T11:19:36.580+0000][2716.000s][info][gc,heap     ] GC(441) Eden regions: 763->0(760)
[2024-05-30T11:19:36.580+0000][2716.000s][info][gc,heap     ] GC(441) Survivor regions: 23->24(99)
[2024-05-30T11:19:36.580+0000][2716.000s][info][gc,heap     ] GC(441) Old regions: 412->413
[2024-05-30T11:19:36.580+0000][2716.000s][info][gc,heap     ] GC(441) Archive regions: 2->2
[2024-05-30T11:19:36.581+0000][2716.000s][info][gc,heap     ] GC(441) Humongous regions: 5->5
[2024-05-30T11:19:36.581+0000][2716.000s][info][gc,metaspace] GC(441) Metaspace: 412595K(418688K)->412595K(418688K) NonClass: 360615K(364032K)->360615K(364032K) Class: 51980K(54656K)->51980K(54656K)
[2024-05-30T11:19:36.581+0000][2716.000s][info][gc          ] GC(441) Pause Young (Normal) (G1 Evacuation Pause) 9621M->3531M(12288M) 55.638ms
[2024-05-30T11:19:36.581+0000][2716.000s][info][gc,cpu      ] GC(441) User=0.32s Sys=0.00s Real=0.06s
[2024-05-30T11:19:40.804+0000][2720.223s][info][gc,start    ] GC(442) Pause Young (Normal) (G1 Evacuation Pause)
[2024-05-30T11:19:40.804+0000][2720.223s][info][gc,task     ] GC(442) Using 6 workers of 6 for evacuation
[2024-05-30T11:19:40.914+0000][2720.334s][info][gc,phases   ] GC(442)   Pre Evacuate Collection Set: 0.2ms
[2024-05-30T11:19:40.915+0000][2720.334s][info][gc,phases   ] GC(442)   Merge Heap Roots: 0.3ms
[2024-05-30T11:19:40.915+0000][2720.334s][info][gc,phases   ] GC(442)   Evacuate Collection Set: 93.7ms
[2024-05-30T11:19:40.915+0000][2720.334s][info][gc,phases   ] GC(442)   Post Evacuate Collection Set: 15.9ms
[2024-05-30T11:19:40.915+0000][2720.334s][info][gc,phases   ] GC(442)   Other: 0.2ms
[2024-05-30T11:19:40.915+0000][2720.334s][info][gc,heap     ] GC(442) Eden regions: 760->0(751)
[2024-05-30T11:19:40.915+0000][2720.334s][info][gc,heap     ] GC(442) Survivor regions: 24->28(98)
[2024-05-30T11:19:40.915+0000][2720.334s][info][gc,heap     ] GC(442) Old regions: 413->414
[2024-05-30T11:19:40.915+0000][2720.334s][info][gc,heap     ] GC(442) Archive regions: 2->2
[2024-05-30T11:19:40.915+0000][2720.334s][info][gc,heap     ] GC(442) Humongous regions: 5->5
[2024-05-30T11:19:40.915+0000][2720.334s][info][gc,metaspace] GC(442) Metaspace: 412595K(418688K)->412595K(418688K) NonClass: 360615K(364032K)->360615K(364032K) Class: 51980K(54656K)->51980K(54656K)
[2024-05-30T11:19:40.915+0000][2720.334s][info][gc          ] GC(442) Pause Young (Normal) (G1 Evacuation Pause) 9611M->3573M(12288M) 110.403ms
[2024-05-30T11:19:40.915+0000][2720.334s][info][gc,cpu      ] GC(442) User=0.65s Sys=0.00s Real=0.11s
[2024-05-30T11:19:43.154+0000][2722.573s][info][gc,start    ] GC(443) Pause Young (Normal) (G1 Evacuation Pause)
[2024-05-30T11:19:43.154+0000][2722.573s][info][gc,task     ] GC(443) Using 6 workers of 6 for evacuation
[2024-05-30T11:19:43.274+0000][2722.693s][info][gc,phases   ] GC(443)   Pre Evacuate Collection Set: 0.2ms
[2024-05-30T11:19:43.274+0000][2722.693s][info][gc,phases   ] GC(443)   Merge Heap Roots: 0.2ms
[2024-05-30T11:19:43.274+0000][2722.693s][info][gc,phases   ] GC(443)   Evacuate Collection Set: 100.2ms
[2024-05-30T11:19:43.274+0000][2722.693s][info][gc,phases   ] GC(443)   Post Evacuate Collection Set: 18.9ms
[2024-05-30T11:19:43.274+0000][2722.693s][info][gc,phases   ] GC(443)   Other: 0.2ms
[2024-05-30T11:19:43.274+0000][2722.693s][info][gc,heap     ] GC(443) Eden regions: 751->0(749)
[2024-05-30T11:19:43.274+0000][2722.693s][info][gc,heap     ] GC(443) Survivor regions: 28->29(98)
[2024-05-30T11:19:43.274+0000][2722.693s][info][gc,heap     ] GC(443) Old regions: 414->414
[2024-05-30T11:19:43.274+0000][2722.693s][info][gc,heap     ] GC(443) Archive regions: 2->2
[2024-05-30T11:19:43.274+0000][2722.693s][info][gc,heap     ] GC(443) Humongous regions: 5->5
[2024-05-30T11:19:43.274+0000][2722.693s][info][gc,metaspace] GC(443) Metaspace: 412595K(418688K)->412595K(418688K) NonClass: 360615K(364032K)->360615K(364032K) Class: 51980K(54656K)->51980K(54656K)
[2024-05-30T11:19:43.274+0000][2722.693s][info][gc          ] GC(443) Pause Young (Normal) (G1 Evacuation Pause) 9581M->3583M(12288M) 119.763ms
[2024-05-30T11:19:43.274+0000][2722.693s][info][gc,cpu      ] GC(443) User=0.70s Sys=0.00s Real=0.12s
[2024-05-30T11:19:45.669+0000][2725.088s][info][gc,start    ] GC(444) Pause Young (Normal) (G1 Evacuation Pause)
[2024-05-30T11:19:45.669+0000][2725.088s][info][gc,task     ] GC(444) Using 6 workers of 6 for evacuation
[2024-05-30T11:19:45.802+0000][2725.221s][info][gc,phases   ] GC(444)   Pre Evacuate Collection Set: 0.3ms
[2024-05-30T11:19:45.802+0000][2725.221s][info][gc,phases   ] GC(444)   Merge Heap Roots: 0.3ms
[2024-05-30T11:19:45.802+0000][2725.221s][info][gc,phases   ] GC(444)   Evacuate Collection Set: 114.5ms
[2024-05-30T11:19:45.802+0000][2725.221s][info][gc,phases   ] GC(444)   Post Evacuate Collection Set: 17.6ms
[2024-05-30T11:19:45.802+0000][2725.221s][info][gc,phases   ] GC(444)   Other: 0.2ms
[2024-05-30T11:19:45.802+0000][2725.221s][info][gc,heap     ] GC(444) Eden regions: 749->0(738)
[2024-05-30T11:19:45.802+0000][2725.221s][info][gc,heap     ] GC(444) Survivor regions: 29->34(98)
[2024-05-30T11:19:45.802+0000][2725.221s][info][gc,heap     ] GC(444) Old regions: 414->415
[2024-05-30T11:19:45.802+0000][2725.221s][info][gc,heap     ] GC(444) Archive regions: 2->2
[2024-05-30T11:19:45.802+0000][2725.221s][info][gc,heap     ] GC(444) Humongous regions: 5->5
[2024-05-30T11:19:45.802+0000][2725.221s][info][gc,metaspace] GC(444) Metaspace: 412596K(418688K)->412596K(418688K) NonClass: 360616K(364032K)->360616K(364032K) Class: 51980K(54656K)->51980K(54656K)
[2024-05-30T11:19:45.802+0000][2725.221s][info][gc          ] GC(444) Pause Young (Normal) (G1 Evacuation Pause) 9575M->3625M(12288M) 132.956ms
[2024-05-30T11:19:45.802+0000][2725.221s][info][gc,cpu      ] GC(444) User=0.77s Sys=0.00s Real=0.13s
[2024-05-30T11:19:48.080+0000][2727.499s][info][gc,start    ] GC(445) Pause Young (Normal) (G1 Evacuation Pause)
[2024-05-30T11:19:48.080+0000][2727.499s][info][gc,task     ] GC(445) Using 6 workers of 6 for evacuation
[2024-05-30T11:19:48.230+0000][2727.649s][info][gc,phases   ] GC(445)   Pre Evacuate Collection Set: 0.2ms
[2024-05-30T11:19:48.230+0000][2727.649s][info][gc,phases   ] GC(445)   Merge Heap Roots: 0.3ms
[2024-05-30T11:19:48.230+0000][2727.649s][info][gc,phases   ] GC(445)   Evacuate Collection Set: 127.2ms
[2024-05-30T11:19:48.230+0000][2727.649s][info][gc,phases   ] GC(445)   Post Evacuate Collection Set: 22.2ms
[2024-05-30T11:19:48.230+0000][2727.649s][info][gc,phases   ] GC(445)   Other: 0.2ms
[2024-05-30T11:19:48.230+0000][2727.649s][info][gc,heap     ] GC(445) Eden regions: 738->0(732)
[2024-05-30T11:19:48.230+0000][2727.649s][info][gc,heap     ] GC(445) Survivor regions: 34->37(97)
[2024-05-30T11:19:48.230+0000][2727.649s][info][gc,heap     ] GC(445) Old regions: 415->415
[2024-05-30T11:19:48.230+0000][2727.649s][info][gc,heap     ] GC(445) Archive regions: 2->2
[2024-05-30T11:19:48.230+0000][2727.649s][info][gc,heap     ] GC(445) Humongous regions: 5->5
[2024-05-30T11:19:48.230+0000][2727.649s][info][gc,metaspace] GC(445) Metaspace: 412596K(418688K)->412596K(418688K) NonClass: 360616K(364032K)->360616K(364032K) Class: 51980K(54656K)->51980K(54656K)
[2024-05-30T11:19:48.230+0000][2727.649s][info][gc          ] GC(445) Pause Young (Normal) (G1 Evacuation Pause) 9529M->3651M(12288M) 150.179ms
[2024-05-30T11:19:48.230+0000][2727.649s][info][gc,cpu      ] GC(445) User=0.89s Sys=0.00s Real=0.15s
[2024-05-30T11:19:50.312+0000][2729.732s][info][gc,start    ] GC(446) Pause Young (Normal) (G1 Evacuation Pause)
[2024-05-30T11:19:50.313+0000][2729.732s][info][gc,task     ] GC(446) Using 6 workers of 6 for evacuation
[2024-05-30T11:19:50.479+0000][2729.898s][info][gc,phases   ] GC(446)   Pre Evacuate Collection Set: 0.2ms
[2024-05-30T11:19:50.479+0000][2729.899s][info][gc,phases   ] GC(446)   Merge Heap Roots: 0.3ms
[2024-05-30T11:19:50.479+0000][2729.899s][info][gc,phases   ] GC(446)   Evacuate Collection Set: 145.0ms
[2024-05-30T11:19:50.479+0000][2729.899s][info][gc,phases   ] GC(446)   Post Evacuate Collection Set: 21.0ms
[2024-05-30T11:19:50.479+0000][2729.899s][info][gc,phases   ] GC(446)   Other: 0.2ms
[2024-05-30T11:19:50.479+0000][2729.899s][info][gc,heap     ] GC(446) Eden regions: 732->0(725)
[2024-05-30T11:19:50.479+0000][2729.899s][info][gc,heap     ] GC(446) Survivor regions: 37->40(97)
[2024-05-30T11:19:50.479+0000][2729.899s][info][gc,heap     ] GC(446) Old regions: 415->416
[2024-05-30T11:19:50.479+0000][2729.899s][info][gc,heap     ] GC(446) Archive regions: 2->2
[2024-05-30T11:19:50.479+0000][2729.899s][info][gc,heap     ] GC(446) Humongous regions: 5->5
[2024-05-30T11:19:50.479+0000][2729.899s][info][gc,metaspace] GC(446) Metaspace: 412596K(418688K)->412596K(418688K) NonClass: 360616K(364032K)->360616K(364032K) Class: 51980K(54656K)->51980K(54656K)
[2024-05-30T11:19:50.479+0000][2729.899s][info][gc          ] GC(446) Pause Young (Normal) (G1 Evacuation Pause) 9507M->3682M(12288M) 166.854ms
[2024-05-30T11:19:50.479+0000][2729.899s][info][gc,cpu      ] GC(446) User=0.98s Sys=0.00s Real=0.17s
[2024-05-30T11:19:52.696+0000][2732.115s][info][gc,start    ] GC(447) Pause Young (Normal) (G1 Evacuation Pause)
[2024-05-30T11:19:52.696+0000][2732.115s][info][gc,task     ] GC(447) Using 6 workers of 6 for evacuation
[2024-05-30T11:19:52.881+0000][2732.301s][info][gc,phases   ] GC(447)   Pre Evacuate Collection Set: 0.2ms
[2024-05-30T11:19:52.881+0000][2732.301s][info][gc,phases   ] GC(447)   Merge Heap Roots: 0.4ms
[2024-05-30T11:19:52.881+0000][2732.301s][info][gc,phases   ] GC(447)   Evacuate Collection Set: 163.3ms
[2024-05-30T11:19:52.881+0000][2732.301s][info][gc,phases   ] GC(447)   Post Evacuate Collection Set: 21.8ms
[2024-05-30T11:19:52.881+0000][2732.301s][info][gc,phases   ] GC(447)   Other: 0.2ms
[2024-05-30T11:19:52.881+0000][2732.301s][info][gc,heap     ] GC(447) Eden regions: 725->0(718)
[2024-05-30T11:19:52.881+0000][2732.301s][info][gc,heap     ] GC(447) Survivor regions: 40->43(96)
[2024-05-30T11:19:52.881+0000][2732.301s][info][gc,heap     ] GC(447) Old regions: 416->417
[2024-05-30T11:19:52.881+0000][2732.301s][info][gc,heap     ] GC(447) Archive regions: 2->2
[2024-05-30T11:19:52.881+0000][2732.301s][info][gc,heap     ] GC(447) Humongous regions: 5->5
[2024-05-30T11:19:52.882+0000][2732.301s][info][gc,metaspace] GC(447) Metaspace: 412597K(418688K)->412597K(418688K) NonClass: 360617K(364032K)->360617K(364032K) Class: 51980K(54656K)->51980K(54656K)
[2024-05-30T11:19:52.882+0000][2732.301s][info][gc          ] GC(447) Pause Young (Normal) (G1 Evacuation Pause) 9482M->3717M(12288M) 185.886ms
[2024-05-30T11:19:52.882+0000][2732.301s][info][gc,cpu      ] GC(447) User=1.10s Sys=0.00s Real=0.19s
[2024-05-30T11:19:55.025+0000][2734.445s][info][gc,start    ] GC(448) Pause Young (Normal) (G1 Evacuation Pause)
[2024-05-30T11:19:55.025+0000][2734.445s][info][gc,task     ] GC(448) Using 6 workers of 6 for evacuation
[2024-05-30T11:19:55.218+0000][2734.638s][info][gc,phases   ] GC(448)   Pre Evacuate Collection Set: 0.2ms
[2024-05-30T11:19:55.218+0000][2734.638s][info][gc,phases   ] GC(448)   Merge Heap Roots: 0.4ms
[2024-05-30T11:19:55.218+0000][2734.638s][info][gc,phases   ] GC(448)   Evacuate Collection Set: 170.9ms
[2024-05-30T11:19:55.218+0000][2734.638s][info][gc,phases   ] GC(448)   Post Evacuate Collection Set: 21.3ms
[2024-05-30T11:19:55.218+0000][2734.638s][info][gc,phases   ] GC(448)   Other: 0.2ms
[2024-05-30T11:19:55.218+0000][2734.638s][info][gc,heap     ] GC(448) Eden regions: 718->0(597)
[2024-05-30T11:19:55.218+0000][2734.638s][info][gc,heap     ] GC(448) Survivor regions: 43->47(96)
[2024-05-30T11:19:55.218+0000][2734.638s][info][gc,heap     ] GC(448) Old regions: 417->417
[2024-05-30T11:19:55.218+0000][2734.638s][info][gc,heap     ] GC(448) Archive regions: 2->2
[2024-05-30T11:19:55.218+0000][2734.638s][info][gc,heap     ] GC(448) Humongous regions: 5->5
[2024-05-30T11:19:55.218+0000][2734.638s][info][gc,metaspace] GC(448) Metaspace: 412597K(418688K)->412597K(418688K) NonClass: 360617K(364032K)->360617K(364032K) Class: 51980K(54656K)->51980K(54656K)
[2024-05-30T11:19:55.218+0000][2734.638s][info][gc          ] GC(448) Pause Young (Normal) (G1 Evacuation Pause) 9461M->3750M(12288M) 193.031ms
[2024-05-30T11:19:55.218+0000][2734.638s][info][gc,cpu      ] GC(448) User=1.14s Sys=0.00s Real=0.20s
[2024-05-30T11:19:57.037+0000][2736.456s][info][gc,start    ] GC(449) Pause Young (Normal) (G1 Evacuation Pause)
[2024-05-30T11:19:57.037+0000][2736.456s][info][gc,task     ] GC(449) Using 6 workers of 6 for evacuation
[2024-05-30T11:19:57.230+0000][2736.649s][info][gc,phases   ] GC(449)   Pre Evacuate Collection Set: 0.2ms
[2024-05-30T11:19:57.230+0000][2736.649s][info][gc,phases   ] GC(449)   Merge Heap Roots: 0.3ms
[2024-05-30T11:19:57.230+0000][2736.649s][info][gc,phases   ] GC(449)   Evacuate Collection Set: 174.6ms
[2024-05-30T11:19:57.230+0000][2736.649s][info][gc,phases   ] GC(449)   Post Evacuate Collection Set: 18.0ms
[2024-05-30T11:19:57.230+0000][2736.649s][info][gc,phases   ] GC(449)   Other: 0.2ms
[2024-05-30T11:19:57.230+0000][2736.649s][info][gc,heap     ] GC(449) Eden regions: 597->0(708)
[2024-05-30T11:19:57.230+0000][2736.649s][info][gc,heap     ] GC(449) Survivor regions: 47->45(81)
[2024-05-30T11:19:57.230+0000][2736.649s][info][gc,heap     ] GC(449) Old regions: 417->423
[2024-05-30T11:19:57.230+0000][2736.649s][info][gc,heap     ] GC(449) Archive regions: 2->2
[2024-05-30T11:19:57.230+0000][2736.649s][info][gc,heap     ] GC(449) Humongous regions: 5->5
[2024-05-30T11:19:57.230+0000][2736.649s][info][gc,metaspace] GC(449) Metaspace: 412597K(418688K)->412597K(418688K) NonClass: 360617K(364032K)->360617K(364032K) Class: 51980K(54656K)->51980K(54656K)
[2024-05-30T11:19:57.230+0000][2736.649s][info][gc          ] GC(449) Pause Young (Normal) (G1 Evacuation Pause) 8526M->3777M(12288M) 193.366ms
[2024-05-30T11:19:57.230+0000][2736.649s][info][gc,cpu      ] GC(449) User=1.15s Sys=0.00s Real=0.19s
[2024-05-30T11:19:59.342+0000][2738.761s][info][gc,start    ] GC(450) Pause Young (Normal) (G1 Evacuation Pause)
[2024-05-30T11:19:59.342+0000][2738.761s][info][gc,task     ] GC(450) Using 6 workers of 6 for evacuation
[2024-05-30T11:19:59.543+0000][2738.962s][info][gc,mmu      ] GC(450) MMU target violated: 200.7ms (200.0ms/201.0ms)
[2024-05-30T11:19:59.543+0000][2738.962s][info][gc,phases   ] GC(450)   Pre Evacuate Collection Set: 0.2ms
[2024-05-30T11:19:59.543+0000][2738.962s][info][gc,phases   ] GC(450)   Merge Heap Roots: 0.4ms
[2024-05-30T11:19:59.543+0000][2738.962s][info][gc,phases   ] GC(450)   Evacuate Collection Set: 178.3ms
[2024-05-30T11:19:59.543+0000][2738.962s][info][gc,phases   ] GC(450)   Post Evacuate Collection Set: 21.8ms
[2024-05-30T11:19:59.543+0000][2738.962s][info][gc,phases   ] GC(450)   Other: 0.3ms
[2024-05-30T11:19:59.543+0000][2738.962s][info][gc,heap     ] GC(450) Eden regions: 708->0(444)
[2024-05-30T11:19:59.543+0000][2738.962s][info][gc,heap     ] GC(450) Survivor regions: 45->48(95)
[2024-05-30T11:19:59.543+0000][2738.962s][info][gc,heap     ] GC(450) Old regions: 423->423
[2024-05-30T11:19:59.543+0000][2738.962s][info][gc,heap     ] GC(450) Archive regions: 2->2
[2024-05-30T11:19:59.543+0000][2738.962s][info][gc,heap     ] GC(450) Humongous regions: 5->5
[2024-05-30T11:19:59.543+0000][2738.962s][info][gc,metaspace] GC(450) Metaspace: 412597K(418688K)->412597K(418688K) NonClass: 360617K(364032K)->360617K(364032K) Class: 51980K(54656K)->51980K(54656K)
[2024-05-30T11:19:59.543+0000][2738.962s][info][gc          ] GC(450) Pause Young (Normal) (G1 Evacuation Pause) 9441M->3801M(12288M) 200.985ms
[2024-05-30T11:19:59.543+0000][2738.962s][info][gc,cpu      ] GC(450) User=1.19s Sys=0.00s Real=0.20s
[2024-05-30T11:20:03.111+0000][2742.530s][info][gc,start    ] GC(451) Pause Young (Normal) (G1 Evacuation Pause)
[2024-05-30T11:20:03.111+0000][2742.530s][info][gc,task     ] GC(451) Using 6 workers of 6 for evacuation
[2024-05-30T11:20:03.271+0000][2742.690s][info][gc,phases   ] GC(451)   Pre Evacuate Collection Set: 0.2ms
[2024-05-30T11:20:03.271+0000][2742.690s][info][gc,phases   ] GC(451)   Merge Heap Roots: 0.3ms
[2024-05-30T11:20:03.271+0000][2742.690s][info][gc,phases   ] GC(451)   Evacuate Collection Set: 153.0ms
[2024-05-30T11:20:03.271+0000][2742.690s][info][gc,phases   ] GC(451)   Post Evacuate Collection Set: 6.3ms
[2024-05-30T11:20:03.271+0000][2742.690s][info][gc,phases   ] GC(451)   Other: 0.2ms
[2024-05-30T11:20:03.271+0000][2742.690s][info][gc,heap     ] GC(451) Eden regions: 444->0(719)
[2024-05-30T11:20:03.271+0000][2742.690s][info][gc,heap     ] GC(451) Survivor regions: 48->32(62)
[2024-05-30T11:20:03.271+0000][2742.690s][info][gc,heap     ] GC(451) Old regions: 423->438
[2024-05-30T11:20:03.271+0000][2742.690s][info][gc,heap     ] GC(451) Archive regions: 2->2
[2024-05-30T11:20:03.271+0000][2742.690s][info][gc,heap     ] GC(451) Humongous regions: 5->5
[2024-05-30T11:20:03.271+0000][2742.690s][info][gc,metaspace] GC(451) Metaspace: 412608K(418688K)->412608K(418688K) NonClass: 360628K(364032K)->360628K(364032K) Class: 51980K(54656K)->51980K(54656K)
[2024-05-30T11:20:03.271+0000][2742.690s][info][gc          ] GC(451) Pause Young (Normal) (G1 Evacuation Pause) 7353M->3793M(12288M) 160.094ms
[2024-05-30T11:20:03.271+0000][2742.690s][info][gc,cpu      ] GC(451) User=0.95s Sys=0.00s Real=0.16s
[2024-05-30T11:20:11.192+0000][2750.611s][info][gc,start    ] GC(452) Pause Young (Normal) (G1 Evacuation Pause)
[2024-05-30T11:20:11.192+0000][2750.611s][info][gc,task     ] GC(452) Using 6 workers of 6 for evacuation
[2024-05-30T11:20:11.308+0000][2750.727s][info][gc,phases   ] GC(452)   Pre Evacuate Collection Set: 0.2ms
[2024-05-30T11:20:11.308+0000][2750.727s][info][gc,phases   ] GC(452)   Merge Heap Roots: 0.3ms
[2024-05-30T11:20:11.308+0000][2750.727s][info][gc,phases   ] GC(452)   Evacuate Collection Set: 112.9ms
[2024-05-30T11:20:11.308+0000][2750.727s][info][gc,phases   ] GC(452)   Post Evacuate Collection Set: 2.3ms
[2024-05-30T11:20:11.308+0000][2750.727s][info][gc,phases   ] GC(452)   Other: 0.2ms
[2024-05-30T11:20:11.308+0000][2750.727s][info][gc,heap     ] GC(452) Eden regions: 719->0(713)
[2024-05-30T11:20:11.308+0000][2750.727s][info][gc,heap     ] GC(452) Survivor regions: 32->35(94)
[2024-05-30T11:20:11.308+0000][2750.727s][info][gc,heap     ] GC(452) Old regions: 438->438
[2024-05-30T11:20:11.308+0000][2750.727s][info][gc,heap     ] GC(452) Archive regions: 2->2
[2024-05-30T11:20:11.308+0000][2750.727s][info][gc,heap     ] GC(452) Humongous regions: 5->5
[2024-05-30T11:20:11.308+0000][2750.727s][info][gc,metaspace] GC(452) Metaspace: 412611K(418688K)->412611K(418688K) NonClass: 360630K(364032K)->360630K(364032K) Class: 51980K(54656K)->51980K(54656K)
[2024-05-30T11:20:11.308+0000][2750.727s][info][gc          ] GC(452) Pause Young (Normal) (G1 Evacuation Pause) 9545M->3817M(12288M) 115.987ms
[2024-05-30T11:20:11.308+0000][2750.727s][info][gc,cpu      ] GC(452) User=0.68s Sys=0.00s Real=0.11s
[2024-05-30T11:20:19.241+0000][2758.660s][info][gc,start    ] GC(453) Pause Young (Normal) (G1 Evacuation Pause)
[2024-05-30T11:20:19.241+0000][2758.660s][info][gc,task     ] GC(453) Using 6 workers of 6 for evacuation
[2024-05-30T11:20:19.355+0000][2758.775s][info][gc,phases   ] GC(453)   Pre Evacuate Collection Set: 0.2ms
[2024-05-30T11:20:19.355+0000][2758.775s][info][gc,phases   ] GC(453)   Merge Heap Roots: 0.3ms
[2024-05-30T11:20:19.355+0000][2758.775s][info][gc,phases   ] GC(453)   Evacuate Collection Set: 111.8ms
[2024-05-30T11:20:19.355+0000][2758.775s][info][gc,phases   ] GC(453)   Post Evacuate Collection Set: 2.3ms
[2024-05-30T11:20:19.355+0000][2758.775s][info][gc,phases   ] GC(453)   Other: 0.2ms
[2024-05-30T11:20:19.355+0000][2758.775s][info][gc,heap     ] GC(453) Eden regions: 713->0(709)
[2024-05-30T11:20:19.355+0000][2758.775s][info][gc,heap     ] GC(453) Survivor regions: 35->37(94)
[2024-05-30T11:20:19.355+0000][2758.775s][info][gc,heap     ] GC(453) Old regions: 438->438
[2024-05-30T11:20:19.355+0000][2758.775s][info][gc,heap     ] GC(453) Archive regions: 2->2
[2024-05-30T11:20:19.355+0000][2758.775s][info][gc,heap     ] GC(453) Humongous regions: 5->5
[2024-05-30T11:20:19.355+0000][2758.775s][info][gc,metaspace] GC(453) Metaspace: 412611K(418688K)->412611K(418688K) NonClass: 360630K(364032K)->360630K(364032K) Class: 51980K(54656K)->51980K(54656K)
[2024-05-30T11:20:19.356+0000][2758.775s][info][gc          ] GC(453) Pause Young (Normal) (G1 Evacuation Pause) 9521M->3837M(12288M) 114.886ms
[2024-05-30T11:20:19.356+0000][2758.775s][info][gc,cpu      ] GC(453) User=0.68s Sys=0.00s Real=0.11s
[2024-05-30T11:20:27.119+0000][2766.538s][info][gc,start    ] GC(454) Pause Young (Normal) (G1 Evacuation Pause)
[2024-05-30T11:20:27.119+0000][2766.538s][info][gc,task     ] GC(454) Using 6 workers of 6 for evacuation
[2024-05-30T11:20:27.237+0000][2766.657s][info][gc,phases   ] GC(454)   Pre Evacuate Collection Set: 0.2ms
[2024-05-30T11:20:27.237+0000][2766.657s][info][gc,phases   ] GC(454)   Merge Heap Roots: 0.3ms
[2024-05-30T11:20:27.237+0000][2766.657s][info][gc,phases   ] GC(454)   Evacuate Collection Set: 115.5ms
[2024-05-30T11:20:27.237+0000][2766.657s][info][gc,phases   ] GC(454)   Post Evacuate Collection Set: 2.3ms
[2024-05-30T11:20:27.237+0000][2766.657s][info][gc,phases   ] GC(454)   Other: 0.2ms
[2024-05-30T11:20:27.237+0000][2766.657s][info][gc,heap     ] GC(454) Eden regions: 709->0(703)
[2024-05-30T11:20:27.237+0000][2766.657s][info][gc,heap     ] GC(454) Survivor regions: 37->40(94)
[2024-05-30T11:20:27.237+0000][2766.657s][info][gc,heap     ] GC(454) Old regions: 438->438
[2024-05-30T11:20:27.237+0000][2766.657s][info][gc,heap     ] GC(454) Archive regions: 2->2
[2024-05-30T11:20:27.237+0000][2766.657s][info][gc,heap     ] GC(454) Humongous regions: 5->5
[2024-05-30T11:20:27.237+0000][2766.657s][info][gc,metaspace] GC(454) Metaspace: 412612K(418688K)->412612K(418688K) NonClass: 360631K(364032K)->360631K(364032K) Class: 51980K(54656K)->51980K(54656K)
[2024-05-30T11:20:27.237+0000][2766.657s][info][gc          ] GC(454) Pause Young (Normal) (G1 Evacuation Pause) 9509M->3861M(12288M) 118.562ms
[2024-05-30T11:20:27.238+0000][2766.657s][info][gc,cpu      ] GC(454) User=0.70s Sys=0.00s Real=0.12s
[2024-05-30T11:20:34.719+0000][2774.138s][info][gc,start    ] GC(455) Pause Young (Normal) (G1 Evacuation Pause)
[2024-05-30T11:20:34.719+0000][2774.138s][info][gc,task     ] GC(455) Using 6 workers of 6 for evacuation
[2024-05-30T11:20:34.840+0000][2774.259s][info][gc,phases   ] GC(455)   Pre Evacuate Collection Set: 0.2ms
[2024-05-30T11:20:34.840+0000][2774.259s][info][gc,phases   ] GC(455)   Merge Heap Roots: 0.3ms
[2024-05-30T11:20:34.840+0000][2774.259s][info][gc,phases   ] GC(455)   Evacuate Collection Set: 117.4ms
[2024-05-30T11:20:34.840+0000][2774.259s][info][gc,phases   ] GC(455)   Post Evacuate Collection Set: 2.3ms
[2024-05-30T11:20:34.840+0000][2774.259s][info][gc,phases   ] GC(455)   Other: 0.2ms
[2024-05-30T11:20:34.840+0000][2774.259s][info][gc,heap     ] GC(455) Eden regions: 703->0(703)
[2024-05-30T11:20:34.840+0000][2774.259s][info][gc,heap     ] GC(455) Survivor regions: 40->40(93)
[2024-05-30T11:20:34.840+0000][2774.259s][info][gc,heap     ] GC(455) Old regions: 438->438
[2024-05-30T11:20:34.840+0000][2774.259s][info][gc,heap     ] GC(455) Archive regions: 2->2
[2024-05-30T11:20:34.840+0000][2774.259s][info][gc,heap     ] GC(455) Humongous regions: 5->5
[2024-05-30T11:20:34.840+0000][2774.259s][info][gc,metaspace] GC(455) Metaspace: 412612K(418688K)->412612K(418688K) NonClass: 360631K(364032K)->360631K(364032K) Class: 51980K(54656K)->51980K(54656K)
[2024-05-30T11:20:34.840+0000][2774.259s][info][gc          ] GC(455) Pause Young (Normal) (G1 Evacuation Pause) 9485M->3861M(12288M) 120.490ms
[2024-05-30T11:20:34.840+0000][2774.259s][info][gc,cpu      ] GC(455) User=0.72s Sys=0.00s Real=0.12s
[2024-05-30T11:20:42.721+0000][2782.140s][info][gc,start    ] GC(456) Pause Young (Normal) (G1 Evacuation Pause)
[2024-05-30T11:20:42.721+0000][2782.140s][info][gc,task     ] GC(456) Using 6 workers of 6 for evacuation
[2024-05-30T11:20:42.849+0000][2782.268s][info][gc,phases   ] GC(456)   Pre Evacuate Collection Set: 0.2ms
[2024-05-30T11:20:42.849+0000][2782.269s][info][gc,phases   ] GC(456)   Merge Heap Roots: 0.3ms
[2024-05-30T11:20:42.849+0000][2782.269s][info][gc,phases   ] GC(456)   Evacuate Collection Set: 125.2ms
[2024-05-30T11:20:42.849+0000][2782.269s][info][gc,phases   ] GC(456)   Post Evacuate Collection Set: 2.3ms
[2024-05-30T11:20:42.849+0000][2782.269s][info][gc,phases   ] GC(456)   Other: 0.2ms
[2024-05-30T11:20:42.849+0000][2782.269s][info][gc,heap     ] GC(456) Eden regions: 703->0(701)
[2024-05-30T11:20:42.849+0000][2782.269s][info][gc,heap     ] GC(456) Survivor regions: 40->41(93)
[2024-05-30T11:20:42.849+0000][2782.269s][info][gc,heap     ] GC(456) Old regions: 438->438
[2024-05-30T11:20:42.849+0000][2782.269s][info][gc,heap     ] GC(456) Archive regions: 2->2
[2024-05-30T11:20:42.849+0000][2782.269s][info][gc,heap     ] GC(456) Humongous regions: 5->5
[2024-05-30T11:20:42.849+0000][2782.269s][info][gc,metaspace] GC(456) Metaspace: 412612K(418688K)->412612K(418688K) NonClass: 360631K(364032K)->360631K(364032K) Class: 51980K(54656K)->51980K(54656K)
[2024-05-30T11:20:42.849+0000][2782.269s][info][gc          ] GC(456) Pause Young (Normal) (G1 Evacuation Pause) 9485M->3865M(12288M) 128.334ms
[2024-05-30T11:20:42.849+0000][2782.269s][info][gc,cpu      ] GC(456) User=0.76s Sys=0.00s Real=0.13s
[2024-05-30T11:20:50.588+0000][2790.007s][info][gc,start    ] GC(457) Pause Young (Normal) (G1 Evacuation Pause)
[2024-05-30T11:20:50.588+0000][2790.008s][info][gc,task     ] GC(457) Using 6 workers of 6 for evacuation
[2024-05-30T11:20:50.720+0000][2790.139s][info][gc,phases   ] GC(457)   Pre Evacuate Collection Set: 0.2ms
[2024-05-30T11:20:50.720+0000][2790.139s][info][gc,phases   ] GC(457)   Merge Heap Roots: 0.3ms
[2024-05-30T11:20:50.720+0000][2790.139s][info][gc,phases   ] GC(457)   Evacuate Collection Set: 128.6ms
[2024-05-30T11:20:50.720+0000][2790.139s][info][gc,phases   ] GC(457)   Post Evacuate Collection Set: 2.3ms
[2024-05-30T11:20:50.720+0000][2790.139s][info][gc,phases   ] GC(457)   Other: 0.3ms
[2024-05-30T11:20:50.720+0000][2790.139s][info][gc,heap     ] GC(457) Eden regions: 701->0(697)
[2024-05-30T11:20:50.720+0000][2790.139s][info][gc,heap     ] GC(457) Survivor regions: 41->43(93)
[2024-05-30T11:20:50.720+0000][2790.139s][info][gc,heap     ] GC(457) Old regions: 438->438
[2024-05-30T11:20:50.720+0000][2790.139s][info][gc,heap     ] GC(457) Archive regions: 2->2
[2024-05-30T11:20:50.720+0000][2790.139s][info][gc,heap     ] GC(457) Humongous regions: 5->5
[2024-05-30T11:20:50.720+0000][2790.139s][info][gc,metaspace] GC(457) Metaspace: 412612K(418688K)->412612K(418688K) NonClass: 360631K(364032K)->360631K(364032K) Class: 51980K(54656K)->51980K(54656K)
[2024-05-30T11:20:50.720+0000][2790.139s][info][gc          ] GC(457) Pause Young (Normal) (G1 Evacuation Pause) 9473M->3885M(12288M) 131.730ms
[2024-05-30T11:20:50.720+0000][2790.139s][info][gc,cpu      ] GC(457) User=0.79s Sys=0.00s Real=0.14s
[2024-05-30T11:20:58.328+0000][2797.747s][info][gc,start    ] GC(458) Pause Young (Normal) (G1 Evacuation Pause)
[2024-05-30T11:20:58.328+0000][2797.747s][info][gc,task     ] GC(458) Using 6 workers of 6 for evacuation
[2024-05-30T11:20:58.458+0000][2797.878s][info][gc,phases   ] GC(458)   Pre Evacuate Collection Set: 0.2ms
[2024-05-30T11:20:58.458+0000][2797.878s][info][gc,phases   ] GC(458)   Merge Heap Roots: 0.3ms
[2024-05-30T11:20:58.458+0000][2797.878s][info][gc,phases   ] GC(458)   Evacuate Collection Set: 127.7ms
[2024-05-30T11:20:58.458+0000][2797.878s][info][gc,phases   ] GC(458)   Post Evacuate Collection Set: 2.4ms
[2024-05-30T11:20:58.458+0000][2797.878s][info][gc,phases   ] GC(458)   Other: 0.2ms
[2024-05-30T11:20:58.458+0000][2797.878s][info][gc,heap     ] GC(458) Eden regions: 697->0(693)
[2024-05-30T11:20:58.458+0000][2797.878s][info][gc,heap     ] GC(458) Survivor regions: 43->45(93)
[2024-05-30T11:20:58.459+0000][2797.878s][info][gc,heap     ] GC(458) Old regions: 438->438
[2024-05-30T11:20:58.459+0000][2797.878s][info][gc,heap     ] GC(458) Archive regions: 2->2
[2024-05-30T11:20:58.459+0000][2797.878s][info][gc,heap     ] GC(458) Humongous regions: 5->5
[2024-05-30T11:20:58.459+0000][2797.878s][info][gc,metaspace] GC(458) Metaspace: 412615K(418688K)->412615K(418688K) NonClass: 360634K(364032K)->360634K(364032K) Class: 51980K(54656K)->51980K(54656K)
[2024-05-30T11:20:58.459+0000][2797.878s][info][gc          ] GC(458) Pause Young (Normal) (G1 Evacuation Pause) 9461M->3901M(12288M) 130.825ms
[2024-05-30T11:20:58.459+0000][2797.878s][info][gc,cpu      ] GC(458) User=0.78s Sys=0.00s Real=0.14s
[2024-05-30T11:21:05.762+0000][2805.181s][info][gc,start    ] GC(459) Pause Young (Normal) (G1 Evacuation Pause)
[2024-05-30T11:21:05.762+0000][2805.181s][info][gc,task     ] GC(459) Using 6 workers of 6 for evacuation
[2024-05-30T11:21:05.899+0000][2805.319s][info][gc,phases   ] GC(459)   Pre Evacuate Collection Set: 0.2ms
[2024-05-30T11:21:05.899+0000][2805.319s][info][gc,phases   ] GC(459)   Merge Heap Roots: 0.3ms
[2024-05-30T11:21:05.899+0000][2805.319s][info][gc,phases   ] GC(459)   Evacuate Collection Set: 134.4ms
[2024-05-30T11:21:05.899+0000][2805.319s][info][gc,phases   ] GC(459)   Post Evacuate Collection Set: 2.3ms
[2024-05-30T11:21:05.899+0000][2805.319s][info][gc,phases   ] GC(459)   Other: 0.2ms
[2024-05-30T11:21:05.899+0000][2805.319s][info][gc,heap     ] GC(459) Eden regions: 693->0(694)
[2024-05-30T11:21:05.899+0000][2805.319s][info][gc,heap     ] GC(459) Survivor regions: 45->43(93)
[2024-05-30T11:21:05.899+0000][2805.319s][info][gc,heap     ] GC(459) Old regions: 438->441
[2024-05-30T11:21:05.899+0000][2805.319s][info][gc,heap     ] GC(459) Archive regions: 2->2
[2024-05-30T11:21:05.899+0000][2805.319s][info][gc,heap     ] GC(459) Humongous regions: 5->5
[2024-05-30T11:21:05.900+0000][2805.319s][info][gc,metaspace] GC(459) Metaspace: 412616K(418688K)->412616K(418688K) NonClass: 360635K(364032K)->360635K(364032K) Class: 51980K(54656K)->51980K(54656K)
[2024-05-30T11:21:05.900+0000][2805.319s][info][gc          ] GC(459) Pause Young (Normal) (G1 Evacuation Pause) 9445M->3906M(12288M) 137.531ms
[2024-05-30T11:21:05.900+0000][2805.319s][info][gc,cpu      ] GC(459) User=0.82s Sys=0.00s Real=0.14s
[2024-05-30T11:21:13.037+0000][2812.456s][info][gc,start    ] GC(460) Pause Young (Normal) (G1 Evacuation Pause)
[2024-05-30T11:21:13.037+0000][2812.456s][info][gc,task     ] GC(460) Using 6 workers of 6 for evacuation
[2024-05-30T11:21:13.163+0000][2812.582s][info][gc,phases   ] GC(460)   Pre Evacuate Collection Set: 0.2ms
[2024-05-30T11:21:13.163+0000][2812.582s][info][gc,phases   ] GC(460)   Merge Heap Roots: 0.3ms
[2024-05-30T11:21:13.163+0000][2812.582s][info][gc,phases   ] GC(460)   Evacuate Collection Set: 123.3ms
[2024-05-30T11:21:13.163+0000][2812.582s][info][gc,phases   ] GC(460)   Post Evacuate Collection Set: 2.4ms
[2024-05-30T11:21:13.163+0000][2812.582s][info][gc,phases   ] GC(460)   Other: 0.2ms
[2024-05-30T11:21:13.163+0000][2812.582s][info][gc,heap     ] GC(460) Eden regions: 694->0(708)
[2024-05-30T11:21:13.163+0000][2812.582s][info][gc,heap     ] GC(460) Survivor regions: 43->34(93)
[2024-05-30T11:21:13.163+0000][2812.582s][info][gc,heap     ] GC(460) Old regions: 441->445
[2024-05-30T11:21:13.163+0000][2812.582s][info][gc,heap     ] GC(460) Archive regions: 2->2
[2024-05-30T11:21:13.163+0000][2812.582s][info][gc,heap     ] GC(460) Humongous regions: 5->5
[2024-05-30T11:21:13.163+0000][2812.582s][info][gc,metaspace] GC(460) Metaspace: 412616K(418688K)->412616K(418688K) NonClass: 360635K(364032K)->360635K(364032K) Class: 51980K(54656K)->51980K(54656K)
[2024-05-30T11:21:13.163+0000][2812.582s][info][gc          ] GC(460) Pause Young (Normal) (G1 Evacuation Pause) 9458M->3872M(12288M) 126.514ms
[2024-05-30T11:21:13.163+0000][2812.582s][info][gc,cpu      ] GC(460) User=0.76s Sys=0.00s Real=0.12s
[2024-05-30T11:21:21.073+0000][2820.492s][info][gc,start    ] GC(461) Pause Young (Normal) (G1 Evacuation Pause)
[2024-05-30T11:21:21.073+0000][2820.492s][info][gc,task     ] GC(461) Using 6 workers of 6 for evacuation
[2024-05-30T11:21:21.197+0000][2820.616s][info][gc,phases   ] GC(461)   Pre Evacuate Collection Set: 0.2ms
[2024-05-30T11:21:21.197+0000][2820.616s][info][gc,phases   ] GC(461)   Merge Heap Roots: 0.3ms
[2024-05-30T11:21:21.197+0000][2820.616s][info][gc,phases   ] GC(461)   Evacuate Collection Set: 121.1ms
[2024-05-30T11:21:21.197+0000][2820.616s][info][gc,phases   ] GC(461)   Post Evacuate Collection Set: 2.3ms
[2024-05-30T11:21:21.197+0000][2820.616s][info][gc,phases   ] GC(461)   Other: 0.2ms
[2024-05-30T11:21:21.197+0000][2820.616s][info][gc,heap     ] GC(461) Eden regions: 708->0(708)
[2024-05-30T11:21:21.197+0000][2820.616s][info][gc,heap     ] GC(461) Survivor regions: 34->32(93)
[2024-05-30T11:21:21.197+0000][2820.616s][info][gc,heap     ] GC(461) Old regions: 445->449
[2024-05-30T11:21:21.197+0000][2820.616s][info][gc,heap     ] GC(461) Archive regions: 2->2
[2024-05-30T11:21:21.197+0000][2820.616s][info][gc,heap     ] GC(461) Humongous regions: 5->5
[2024-05-30T11:21:21.197+0000][2820.616s][info][gc,metaspace] GC(461) Metaspace: 412621K(418688K)->412621K(418688K) NonClass: 360640K(364032K)->360640K(364032K) Class: 51980K(54656K)->51980K(54656K)
[2024-05-30T11:21:21.197+0000][2820.616s][info][gc          ] GC(461) Pause Young (Normal) (G1 Evacuation Pause) 9536M->3891M(12288M) 124.164ms
[2024-05-30T11:21:21.197+0000][2820.616s][info][gc,cpu      ] GC(461) User=0.74s Sys=0.00s Real=0.13s
[2024-05-30T11:21:29.066+0000][2828.485s][info][gc,start    ] GC(462) Pause Young (Normal) (G1 Evacuation Pause)
[2024-05-30T11:21:29.066+0000][2828.485s][info][gc,task     ] GC(462) Using 6 workers of 6 for evacuation
[2024-05-30T11:21:29.167+0000][2828.586s][info][gc,phases   ] GC(462)   Pre Evacuate Collection Set: 0.2ms
[2024-05-30T11:21:29.167+0000][2828.586s][info][gc,phases   ] GC(462)   Merge Heap Roots: 0.3ms
[2024-05-30T11:21:29.167+0000][2828.586s][info][gc,phases   ] GC(462)   Evacuate Collection Set: 97.8ms
[2024-05-30T11:21:29.167+0000][2828.586s][info][gc,phases   ] GC(462)   Post Evacuate Collection Set: 2.4ms
[2024-05-30T11:21:29.167+0000][2828.586s][info][gc,phases   ] GC(462)   Other: 0.2ms
[2024-05-30T11:21:29.167+0000][2828.586s][info][gc,heap     ] GC(462) Eden regions: 708->0(705)
[2024-05-30T11:21:29.167+0000][2828.586s][info][gc,heap     ] GC(462) Survivor regions: 32->31(93)
[2024-05-30T11:21:29.167+0000][2828.586s][info][gc,heap     ] GC(462) Old regions: 449->454
[2024-05-30T11:21:29.167+0000][2828.586s][info][gc,heap     ] GC(462) Archive regions: 2->2
[2024-05-30T11:21:29.167+0000][2828.586s][info][gc,heap     ] GC(462) Humongous regions: 5->5
[2024-05-30T11:21:29.167+0000][2828.586s][info][gc,metaspace] GC(462) Metaspace: 412633K(418688K)->412633K(418688K) NonClass: 360652K(364032K)->360652K(364032K) Class: 51980K(54656K)->51980K(54656K)
[2024-05-30T11:21:29.167+0000][2828.586s][info][gc          ] GC(462) Pause Young (Normal) (G1 Evacuation Pause) 9555M->3914M(12288M) 100.982ms
[2024-05-30T11:21:29.167+0000][2828.586s][info][gc,cpu      ] GC(462) User=0.61s Sys=0.00s Real=0.10s
[2024-05-30T11:21:36.973+0000][2836.392s][info][gc,start    ] GC(463) Pause Young (Normal) (G1 Evacuation Pause)
[2024-05-30T11:21:36.973+0000][2836.392s][info][gc,task     ] GC(463) Using 6 workers of 6 for evacuation
[2024-05-30T11:21:37.059+0000][2836.478s][info][gc,phases   ] GC(463)   Pre Evacuate Collection Set: 0.2ms
[2024-05-30T11:21:37.059+0000][2836.478s][info][gc,phases   ] GC(463)   Merge Heap Roots: 0.3ms
[2024-05-30T11:21:37.059+0000][2836.478s][info][gc,phases   ] GC(463)   Evacuate Collection Set: 83.3ms
[2024-05-30T11:21:37.059+0000][2836.478s][info][gc,phases   ] GC(463)   Post Evacuate Collection Set: 2.3ms
[2024-05-30T11:21:37.059+0000][2836.478s][info][gc,phases   ] GC(463)   Other: 0.2ms
[2024-05-30T11:21:37.059+0000][2836.478s][info][gc,heap     ] GC(463) Eden regions: 705->0(705)
[2024-05-30T11:21:37.059+0000][2836.478s][info][gc,heap     ] GC(463) Survivor regions: 31->29(92)
[2024-05-30T11:21:37.059+0000][2836.478s][info][gc,heap     ] GC(463) Old regions: 454->458
[2024-05-30T11:21:37.059+0000][2836.478s][info][gc,heap     ] GC(463) Archive regions: 2->2
[2024-05-30T11:21:37.059+0000][2836.478s][info][gc,heap     ] GC(463) Humongous regions: 5->5
[2024-05-30T11:21:37.059+0000][2836.478s][info][gc,metaspace] GC(463) Metaspace: 412633K(418688K)->412633K(418688K) NonClass: 360652K(364032K)->360652K(364032K) Class: 51980K(54656K)->51980K(54656K)
[2024-05-30T11:21:37.059+0000][2836.478s][info][gc          ] GC(463) Pause Young (Normal) (G1 Evacuation Pause) 9554M->3935M(12288M) 86.348ms
[2024-05-30T11:21:37.059+0000][2836.478s][info][gc,cpu      ] GC(463) User=0.51s Sys=0.01s Real=0.09s
[2024-05-30T11:21:44.955+0000][2844.374s][info][gc,start    ] GC(464) Pause Young (Normal) (G1 Evacuation Pause)
[2024-05-30T11:21:44.955+0000][2844.375s][info][gc,task     ] GC(464) Using 6 workers of 6 for evacuation
[2024-05-30T11:21:45.052+0000][2844.472s][info][gc,phases   ] GC(464)   Pre Evacuate Collection Set: 0.2ms
[2024-05-30T11:21:45.052+0000][2844.472s][info][gc,phases   ] GC(464)   Merge Heap Roots: 0.3ms
[2024-05-30T11:21:45.052+0000][2844.472s][info][gc,phases   ] GC(464)   Evacuate Collection Set: 94.1ms
[2024-05-30T11:21:45.052+0000][2844.472s][info][gc,phases   ] GC(464)   Post Evacuate Collection Set: 2.3ms
[2024-05-30T11:21:45.052+0000][2844.472s][info][gc,phases   ] GC(464)   Other: 0.2ms
[2024-05-30T11:21:45.052+0000][2844.472s][info][gc,heap     ] GC(464) Eden regions: 705->0(704)
[2024-05-30T11:21:45.052+0000][2844.472s][info][gc,heap     ] GC(464) Survivor regions: 29->28(92)
[2024-05-30T11:21:45.052+0000][2844.472s][info][gc,heap     ] GC(464) Old regions: 458->461
[2024-05-30T11:21:45.052+0000][2844.472s][info][gc,heap     ] GC(464) Archive regions: 2->2
[2024-05-30T11:21:45.052+0000][2844.472s][info][gc,heap     ] GC(464) Humongous regions: 5->5
[2024-05-30T11:21:45.052+0000][2844.472s][info][gc,metaspace] GC(464) Metaspace: 412635K(418688K)->412635K(418688K) NonClass: 360654K(364032K)->360654K(364032K) Class: 51980K(54656K)->51980K(54656K)
[2024-05-30T11:21:45.052+0000][2844.472s][info][gc          ] GC(464) Pause Young (Normal) (G1 Evacuation Pause) 9575M->3951M(12288M) 97.171ms
[2024-05-30T11:21:45.052+0000][2844.472s][info][gc,cpu      ] GC(464) User=0.58s Sys=0.00s Real=0.10s
[2024-05-30T11:21:52.550+0000][2851.969s][info][gc,start    ] GC(465) Pause Young (Normal) (G1 Evacuation Pause)
[2024-05-30T11:21:52.550+0000][2851.969s][info][gc,task     ] GC(465) Using 6 workers of 6 for evacuation
[2024-05-30T11:21:52.632+0000][2852.051s][info][gc,phases   ] GC(465)   Pre Evacuate Collection Set: 0.2ms
[2024-05-30T11:21:52.632+0000][2852.051s][info][gc,phases   ] GC(465)   Merge Heap Roots: 0.3ms
[2024-05-30T11:21:52.632+0000][2852.051s][info][gc,phases   ] GC(465)   Evacuate Collection Set: 78.9ms
[2024-05-30T11:21:52.632+0000][2852.051s][info][gc,phases   ] GC(465)   Post Evacuate Collection Set: 2.5ms
[2024-05-30T11:21:52.632+0000][2852.051s][info][gc,phases   ] GC(465)   Other: 0.2ms
[2024-05-30T11:21:52.632+0000][2852.051s][info][gc,heap     ] GC(465) Eden regions: 704->0(709)
[2024-05-30T11:21:52.632+0000][2852.051s][info][gc,heap     ] GC(465) Survivor regions: 28->24(92)
[2024-05-30T11:21:52.632+0000][2852.051s][info][gc,heap     ] GC(465) Old regions: 461->464
[2024-05-30T11:21:52.632+0000][2852.051s][info][gc,heap     ] GC(465) Archive regions: 2->2
[2024-05-30T11:21:52.632+0000][2852.051s][info][gc,heap     ] GC(465) Humongous regions: 5->5
[2024-05-30T11:21:52.632+0000][2852.051s][info][gc,metaspace] GC(465) Metaspace: 412646K(418688K)->412646K(418688K) NonClass: 360662K(364032K)->360662K(364032K) Class: 51984K(54656K)->51984K(54656K)
[2024-05-30T11:21:52.632+0000][2852.052s][info][gc          ] GC(465) Pause Young (Normal) (G1 Evacuation Pause) 9583M->3943M(12288M) 82.119ms
[2024-05-30T11:21:52.632+0000][2852.052s][info][gc,cpu      ] GC(465) User=0.47s Sys=0.01s Real=0.08s
[2024-05-30T11:22:00.067+0000][2859.487s][info][gc,start    ] GC(466) Pause Young (Normal) (G1 Evacuation Pause)
[2024-05-30T11:22:00.067+0000][2859.487s][info][gc,task     ] GC(466) Using 6 workers of 6 for evacuation
[2024-05-30T11:22:00.125+0000][2859.545s][info][gc,phases   ] GC(466)   Pre Evacuate Collection Set: 0.2ms
[2024-05-30T11:22:00.125+0000][2859.545s][info][gc,phases   ] GC(466)   Merge Heap Roots: 0.2ms
[2024-05-30T11:22:00.125+0000][2859.545s][info][gc,phases   ] GC(466)   Evacuate Collection Set: 55.0ms
[2024-05-30T11:22:00.125+0000][2859.545s][info][gc,phases   ] GC(466)   Post Evacuate Collection Set: 2.4ms
[2024-05-30T11:22:00.125+0000][2859.545s][info][gc,phases   ] GC(466)   Other: 0.2ms
[2024-05-30T11:22:00.125+0000][2859.545s][info][gc,heap     ] GC(466) Eden regions: 709->0(711)
[2024-05-30T11:22:00.125+0000][2859.545s][info][gc,heap     ] GC(466) Survivor regions: 24->22(92)
[2024-05-30T11:22:00.125+0000][2859.545s][info][gc,heap     ] GC(466) Old regions: 464->466
[2024-05-30T11:22:00.125+0000][2859.545s][info][gc,heap     ] GC(466) Archive regions: 2->2
[2024-05-30T11:22:00.125+0000][2859.545s][info][gc,heap     ] GC(466) Humongous regions: 5->5
[2024-05-30T11:22:00.125+0000][2859.545s][info][gc,metaspace] GC(466) Metaspace: 412663K(418688K)->412663K(418688K) NonClass: 360677K(364032K)->360677K(364032K) Class: 51986K(54656K)->51986K(54656K)
[2024-05-30T11:22:00.126+0000][2859.545s][info][gc          ] GC(466) Pause Young (Normal) (G1 Evacuation Pause) 9615M->3944M(12288M) 58.139ms
[2024-05-30T11:22:00.126+0000][2859.545s][info][gc,cpu      ] GC(466) User=0.34s Sys=0.00s Real=0.06s
[2024-05-30T11:22:08.027+0000][2867.446s][info][gc,start    ] GC(467) Pause Young (Normal) (G1 Evacuation Pause)
[2024-05-30T11:22:08.027+0000][2867.446s][info][gc,task     ] GC(467) Using 6 workers of 6 for evacuation
[2024-05-30T11:22:08.083+0000][2867.502s][info][gc,phases   ] GC(467)   Pre Evacuate Collection Set: 0.2ms
[2024-05-30T11:22:08.083+0000][2867.502s][info][gc,phases   ] GC(467)   Merge Heap Roots: 0.2ms
[2024-05-30T11:22:08.083+0000][2867.502s][info][gc,phases   ] GC(467)   Evacuate Collection Set: 53.5ms
[2024-05-30T11:22:08.083+0000][2867.502s][info][gc,phases   ] GC(467)   Post Evacuate Collection Set: 2.3ms
[2024-05-30T11:22:08.083+0000][2867.503s][info][gc,phases   ] GC(467)   Other: 0.2ms
[2024-05-30T11:22:08.083+0000][2867.503s][info][gc,heap     ] GC(467) Eden regions: 711->0(708)
[2024-05-30T11:22:08.083+0000][2867.503s][info][gc,heap     ] GC(467) Survivor regions: 22->23(92)
[2024-05-30T11:22:08.083+0000][2867.503s][info][gc,heap     ] GC(467) Old regions: 466->467
[2024-05-30T11:22:08.083+0000][2867.503s][info][gc,heap     ] GC(467) Archive regions: 2->2
[2024-05-30T11:22:08.083+0000][2867.503s][info][gc,heap     ] GC(467) Humongous regions: 5->5
[2024-05-30T11:22:08.083+0000][2867.503s][info][gc,metaspace] GC(467) Metaspace: 412663K(418688K)->412663K(418688K) NonClass: 360677K(364032K)->360677K(364032K) Class: 51986K(54656K)->51986K(54656K)
[2024-05-30T11:22:08.083+0000][2867.503s][info][gc          ] GC(467) Pause Young (Normal) (G1 Evacuation Pause) 9632M->3955M(12288M) 56.447ms
[2024-05-30T11:22:08.083+0000][2867.503s][info][gc,cpu      ] GC(467) User=0.33s Sys=0.00s Real=0.06s
[2024-05-30T11:22:15.816+0000][2875.236s][info][gc,start    ] GC(468) Pause Young (Normal) (G1 Evacuation Pause)
[2024-05-30T11:22:15.816+0000][2875.236s][info][gc,task     ] GC(468) Using 6 workers of 6 for evacuation
[2024-05-30T11:22:15.883+0000][2875.302s][info][gc,phases   ] GC(468)   Pre Evacuate Collection Set: 0.2ms
[2024-05-30T11:22:15.883+0000][2875.303s][info][gc,phases   ] GC(468)   Merge Heap Roots: 0.2ms
[2024-05-30T11:22:15.883+0000][2875.303s][info][gc,phases   ] GC(468)   Evacuate Collection Set: 64.0ms
[2024-05-30T11:22:15.883+0000][2875.303s][info][gc,phases   ] GC(468)   Post Evacuate Collection Set: 2.3ms
[2024-05-30T11:22:15.883+0000][2875.303s][info][gc,phases   ] GC(468)   Other: 0.2ms
[2024-05-30T11:22:15.883+0000][2875.303s][info][gc,heap     ] GC(468) Eden regions: 708->0(707)
[2024-05-30T11:22:15.883+0000][2875.303s][info][gc,heap     ] GC(468) Survivor regions: 23->23(92)
[2024-05-30T11:22:15.883+0000][2875.303s][info][gc,heap     ] GC(468) Old regions: 467->468
[2024-05-30T11:22:15.883+0000][2875.303s][info][gc,heap     ] GC(468) Archive regions: 2->2
[2024-05-30T11:22:15.883+0000][2875.303s][info][gc,heap     ] GC(468) Humongous regions: 5->5
[2024-05-30T11:22:15.883+0000][2875.303s][info][gc,metaspace] GC(468) Metaspace: 412664K(418688K)->412664K(418688K) NonClass: 360677K(364032K)->360677K(364032K) Class: 51986K(54656K)->51986K(54656K)
[2024-05-30T11:22:15.883+0000][2875.303s][info][gc          ] GC(468) Pause Young (Normal) (G1 Evacuation Pause) 9619M->3965M(12288M) 66.991ms
[2024-05-30T11:22:15.883+0000][2875.303s][info][gc,cpu      ] GC(468) User=0.39s Sys=0.00s Real=0.06s
[2024-05-30T11:22:23.921+0000][2883.340s][info][gc,start    ] GC(469) Pause Young (Normal) (G1 Evacuation Pause)
[2024-05-30T11:22:23.921+0000][2883.340s][info][gc,task     ] GC(469) Using 6 workers of 6 for evacuation
[2024-05-30T11:22:23.990+0000][2883.409s][info][gc,phases   ] GC(469)   Pre Evacuate Collection Set: 0.2ms
[2024-05-30T11:22:23.990+0000][2883.409s][info][gc,phases   ] GC(469)   Merge Heap Roots: 0.2ms
[2024-05-30T11:22:23.990+0000][2883.409s][info][gc,phases   ] GC(469)   Evacuate Collection Set: 65.4ms
[2024-05-30T11:22:23.990+0000][2883.409s][info][gc,phases   ] GC(469)   Post Evacuate Collection Set: 2.5ms
[2024-05-30T11:22:23.990+0000][2883.409s][info][gc,phases   ] GC(469)   Other: 0.3ms
[2024-05-30T11:22:23.990+0000][2883.409s][info][gc,heap     ] GC(469) Eden regions: 707->0(703)
[2024-05-30T11:22:23.990+0000][2883.409s][info][gc,heap     ] GC(469) Survivor regions: 23->25(92)
[2024-05-30T11:22:23.990+0000][2883.409s][info][gc,heap     ] GC(469) Old regions: 468->468
[2024-05-30T11:22:23.990+0000][2883.409s][info][gc,heap     ] GC(469) Archive regions: 2->2
[2024-05-30T11:22:23.990+0000][2883.409s][info][gc,heap     ] GC(469) Humongous regions: 5->5
[2024-05-30T11:22:23.990+0000][2883.409s][info][gc,metaspace] GC(469) Metaspace: 412694K(418752K)->412694K(418752K) NonClass: 360708K(364096K)->360708K(364096K) Class: 51986K(54656K)->51986K(54656K)
[2024-05-30T11:22:23.990+0000][2883.409s][info][gc          ] GC(469) Pause Young (Normal) (G1 Evacuation Pause) 9621M->3987M(12288M) 68.709ms
[2024-05-30T11:22:23.990+0000][2883.409s][info][gc,cpu      ] GC(469) User=0.40s Sys=0.00s Real=0.07s
[2024-05-30T11:22:31.700+0000][2891.119s][info][gc,start    ] GC(470) Pause Young (Normal) (G1 Evacuation Pause)
[2024-05-30T11:22:31.700+0000][2891.119s][info][gc,task     ] GC(470) Using 6 workers of 6 for evacuation
[2024-05-30T11:22:31.770+0000][2891.189s][info][gc,phases   ] GC(470)   Pre Evacuate Collection Set: 0.2ms
[2024-05-30T11:22:31.770+0000][2891.189s][info][gc,phases   ] GC(470)   Merge Heap Roots: 0.2ms
[2024-05-30T11:22:31.770+0000][2891.189s][info][gc,phases   ] GC(470)   Evacuate Collection Set: 66.9ms
[2024-05-30T11:22:31.770+0000][2891.189s][info][gc,phases   ] GC(470)   Post Evacuate Collection Set: 2.3ms
[2024-05-30T11:22:31.770+0000][2891.189s][info][gc,phases   ] GC(470)   Other: 0.2ms
[2024-05-30T11:22:31.770+0000][2891.189s][info][gc,heap     ] GC(470) Eden regions: 703->0(708)
[2024-05-30T11:22:31.770+0000][2891.189s][info][gc,heap     ] GC(470) Survivor regions: 25->22(91)
[2024-05-30T11:22:31.770+0000][2891.189s][info][gc,heap     ] GC(470) Old regions: 468->469
[2024-05-30T11:22:31.770+0000][2891.189s][info][gc,heap     ] GC(470) Archive regions: 2->2
[2024-05-30T11:22:31.770+0000][2891.189s][info][gc,heap     ] GC(470) Humongous regions: 5->5
[2024-05-30T11:22:31.770+0000][2891.189s][info][gc,metaspace] GC(470) Metaspace: 412694K(418752K)->412694K(418752K) NonClass: 360708K(364096K)->360708K(364096K) Class: 51986K(54656K)->51986K(54656K)
[2024-05-30T11:22:31.770+0000][2891.189s][info][gc          ] GC(470) Pause Young (Normal) (G1 Evacuation Pause) 9611M->3968M(12288M) 69.863ms
[2024-05-30T11:22:31.770+0000][2891.189s][info][gc,cpu      ] GC(470) User=0.41s Sys=0.00s Real=0.07s
[2024-05-30T11:22:39.613+0000][2899.032s][info][gc,start    ] GC(471) Pause Young (Normal) (G1 Evacuation Pause)
[2024-05-30T11:22:39.613+0000][2899.032s][info][gc,task     ] GC(471) Using 6 workers of 6 for evacuation
[2024-05-30T11:22:39.672+0000][2899.091s][info][gc,phases   ] GC(471)   Pre Evacuate Collection Set: 0.2ms
[2024-05-30T11:22:39.672+0000][2899.091s][info][gc,phases   ] GC(471)   Merge Heap Roots: 0.2ms
[2024-05-30T11:22:39.672+0000][2899.091s][info][gc,phases   ] GC(471)   Evacuate Collection Set: 56.2ms
[2024-05-30T11:22:39.672+0000][2899.091s][info][gc,phases   ] GC(471)   Post Evacuate Collection Set: 2.3ms
[2024-05-30T11:22:39.672+0000][2899.091s][info][gc,phases   ] GC(471)   Other: 0.2ms
[2024-05-30T11:22:39.672+0000][2899.091s][info][gc,heap     ] GC(471) Eden regions: 708->0(703)
[2024-05-30T11:22:39.672+0000][2899.091s][info][gc,heap     ] GC(471) Survivor regions: 22->24(92)
[2024-05-30T11:22:39.672+0000][2899.091s][info][gc,heap     ] GC(471) Old regions: 469->470
[2024-05-30T11:22:39.672+0000][2899.091s][info][gc,heap     ] GC(471) Archive regions: 2->2
[2024-05-30T11:22:39.672+0000][2899.091s][info][gc,heap     ] GC(471) Humongous regions: 5->5
[2024-05-30T11:22:39.672+0000][2899.091s][info][gc,metaspace] GC(471) Metaspace: 412694K(418752K)->412694K(418752K) NonClass: 360708K(364096K)->360708K(364096K) Class: 51986K(54656K)->51986K(54656K)
[2024-05-30T11:22:39.672+0000][2899.091s][info][gc          ] GC(471) Pause Young (Normal) (G1 Evacuation Pause) 9632M->3985M(12288M) 59.167ms
[2024-05-30T11:22:39.672+0000][2899.091s][info][gc,cpu      ] GC(471) User=0.35s Sys=0.00s Real=0.06s
[2024-05-30T11:22:47.431+0000][2906.850s][info][gc,start    ] GC(472) Pause Young (Normal) (G1 Evacuation Pause)
[2024-05-30T11:22:47.431+0000][2906.850s][info][gc,task     ] GC(472) Using 6 workers of 6 for evacuation
[2024-05-30T11:22:47.488+0000][2906.907s][info][gc,phases   ] GC(472)   Pre Evacuate Collection Set: 0.2ms
[2024-05-30T11:22:47.488+0000][2906.907s][info][gc,phases   ] GC(472)   Merge Heap Roots: 0.3ms
[2024-05-30T11:22:47.488+0000][2906.907s][info][gc,phases   ] GC(472)   Evacuate Collection Set: 54.6ms
[2024-05-30T11:22:47.488+0000][2906.907s][info][gc,phases   ] GC(472)   Post Evacuate Collection Set: 2.2ms
[2024-05-30T11:22:47.488+0000][2906.907s][info][gc,phases   ] GC(472)   Other: 0.2ms
[2024-05-30T11:22:47.488+0000][2906.907s][info][gc,heap     ] GC(472) Eden regions: 703->0(701)
[2024-05-30T11:22:47.488+0000][2906.907s][info][gc,heap     ] GC(472) Survivor regions: 24->25(91)
[2024-05-30T11:22:47.488+0000][2906.907s][info][gc,heap     ] GC(472) Old regions: 470->470
[2024-05-30T11:22:47.488+0000][2906.907s][info][gc,heap     ] GC(472) Archive regions: 2->2
[2024-05-30T11:22:47.488+0000][2906.907s][info][gc,heap     ] GC(472) Humongous regions: 5->5
[2024-05-30T11:22:47.488+0000][2906.907s][info][gc,metaspace] GC(472) Metaspace: 412714K(418752K)->412714K(418752K) NonClass: 360728K(364096K)->360728K(364096K) Class: 51986K(54656K)->51986K(54656K)
[2024-05-30T11:22:47.488+0000][2906.907s][info][gc          ] GC(472) Pause Young (Normal) (G1 Evacuation Pause) 9609M->3999M(12288M) 57.438ms
[2024-05-30T11:22:47.488+0000][2906.907s][info][gc,cpu      ] GC(472) User=0.35s Sys=0.00s Real=0.05s
[2024-05-30T11:22:55.292+0000][2914.711s][info][gc,start    ] GC(473) Pause Young (Normal) (G1 Evacuation Pause)
[2024-05-30T11:22:55.292+0000][2914.711s][info][gc,task     ] GC(473) Using 6 workers of 6 for evacuation
[2024-05-30T11:22:55.352+0000][2914.771s][info][gc,phases   ] GC(473)   Pre Evacuate Collection Set: 0.2ms
[2024-05-30T11:22:55.352+0000][2914.771s][info][gc,phases   ] GC(473)   Merge Heap Roots: 0.2ms
[2024-05-30T11:22:55.352+0000][2914.771s][info][gc,phases   ] GC(473)   Evacuate Collection Set: 56.6ms
[2024-05-30T11:22:55.352+0000][2914.771s][info][gc,phases   ] GC(473)   Post Evacuate Collection Set: 2.5ms
[2024-05-30T11:22:55.352+0000][2914.771s][info][gc,phases   ] GC(473)   Other: 0.2ms
[2024-05-30T11:22:55.352+0000][2914.771s][info][gc,heap     ] GC(473) Eden regions: 701->0(696)
[2024-05-30T11:22:55.352+0000][2914.771s][info][gc,heap     ] GC(473) Survivor regions: 25->27(91)
[2024-05-30T11:22:55.352+0000][2914.771s][info][gc,heap     ] GC(473) Old regions: 470->471
[2024-05-30T11:22:55.352+0000][2914.771s][info][gc,heap     ] GC(473) Archive regions: 2->2
[2024-05-30T11:22:55.352+0000][2914.771s][info][gc,heap     ] GC(473) Humongous regions: 5->5
[2024-05-30T11:22:55.352+0000][2914.771s][info][gc,metaspace] GC(473) Metaspace: 412729K(418752K)->412729K(418752K) NonClass: 360743K(364096K)->360743K(364096K) Class: 51986K(54656K)->51986K(54656K)
[2024-05-30T11:22:55.352+0000][2914.771s][info][gc          ] GC(473) Pause Young (Normal) (G1 Evacuation Pause) 9607M->4021M(12288M) 59.802ms
[2024-05-30T11:22:55.352+0000][2914.771s][info][gc,cpu      ] GC(473) User=0.35s Sys=0.01s Real=0.06s
[2024-05-30T11:23:00.636+0000][2920.055s][info][gc,start    ] GC(474) Pause Young (Normal) (G1 Evacuation Pause)
[2024-05-30T11:23:00.636+0000][2920.055s][info][gc,task     ] GC(474) Using 6 workers of 6 for evacuation
[2024-05-30T11:23:00.720+0000][2920.139s][info][gc,phases   ] GC(474)   Pre Evacuate Collection Set: 0.2ms
[2024-05-30T11:23:00.720+0000][2920.139s][info][gc,phases   ] GC(474)   Merge Heap Roots: 0.3ms
[2024-05-30T11:23:00.720+0000][2920.139s][info][gc,phases   ] GC(474)   Evacuate Collection Set: 75.9ms
[2024-05-30T11:23:00.720+0000][2920.139s][info][gc,phases   ] GC(474)   Post Evacuate Collection Set: 7.4ms
[2024-05-30T11:23:00.720+0000][2920.139s][info][gc,phases   ] GC(474)   Other: 0.2ms
[2024-05-30T11:23:00.720+0000][2920.139s][info][gc,heap     ] GC(474) Eden regions: 696->0(699)
[2024-05-30T11:23:00.720+0000][2920.139s][info][gc,heap     ] GC(474) Survivor regions: 27->25(91)
[2024-05-30T11:23:00.720+0000][2920.139s][info][gc,heap     ] GC(474) Old regions: 471->472
[2024-05-30T11:23:00.720+0000][2920.139s][info][gc,heap     ] GC(474) Archive regions: 2->2
[2024-05-30T11:23:00.720+0000][2920.139s][info][gc,heap     ] GC(474) Humongous regions: 5->5
[2024-05-30T11:23:00.720+0000][2920.139s][info][gc,metaspace] GC(474) Metaspace: 412729K(418752K)->412729K(418752K) NonClass: 360743K(364096K)->360743K(364096K) Class: 51986K(54656K)->51986K(54656K)
[2024-05-30T11:23:00.720+0000][2920.139s][info][gc          ] GC(474) Pause Young (Normal) (G1 Evacuation Pause) 9589M->4011M(12288M) 84.013ms
[2024-05-30T11:23:00.720+0000][2920.139s][info][gc,cpu      ] GC(474) User=0.49s Sys=0.01s Real=0.09s
[2024-05-30T11:23:02.948+0000][2922.368s][info][gc,start    ] GC(475) Pause Young (Normal) (G1 Evacuation Pause)
[2024-05-30T11:23:02.948+0000][2922.368s][info][gc,task     ] GC(475) Using 6 workers of 6 for evacuation
[2024-05-30T11:23:03.050+0000][2922.470s][info][gc,phases   ] GC(475)   Pre Evacuate Collection Set: 0.2ms
[2024-05-30T11:23:03.051+0000][2922.470s][info][gc,phases   ] GC(475)   Merge Heap Roots: 0.3ms
[2024-05-30T11:23:03.051+0000][2922.470s][info][gc,phases   ] GC(475)   Evacuate Collection Set: 86.2ms
[2024-05-30T11:23:03.051+0000][2922.470s][info][gc,phases   ] GC(475)   Post Evacuate Collection Set: 15.3ms
[2024-05-30T11:23:03.051+0000][2922.470s][info][gc,phases   ] GC(475)   Other: 0.3ms
[2024-05-30T11:23:03.051+0000][2922.470s][info][gc,heap     ] GC(475) Eden regions: 699->0(698)
[2024-05-30T11:23:03.051+0000][2922.470s][info][gc,heap     ] GC(475) Survivor regions: 25->25(91)
[2024-05-30T11:23:03.051+0000][2922.470s][info][gc,heap     ] GC(475) Old regions: 472->473
[2024-05-30T11:23:03.051+0000][2922.470s][info][gc,heap     ] GC(475) Archive regions: 2->2
[2024-05-30T11:23:03.051+0000][2922.470s][info][gc,heap     ] GC(475) Humongous regions: 5->5
[2024-05-30T11:23:03.051+0000][2922.470s][info][gc,metaspace] GC(475) Metaspace: 412729K(418752K)->412729K(418752K) NonClass: 360743K(364096K)->360743K(364096K) Class: 51986K(54656K)->51986K(54656K)
[2024-05-30T11:23:03.051+0000][2922.470s][info][gc          ] GC(475) Pause Young (Normal) (G1 Evacuation Pause) 9603M->4021M(12288M) 102.272ms
[2024-05-30T11:23:03.051+0000][2922.470s][info][gc,cpu      ] GC(475) User=0.59s Sys=0.00s Real=0.10s
[2024-05-30T11:23:05.571+0000][2924.990s][info][gc,start    ] GC(476) Pause Young (Normal) (G1 Evacuation Pause)
[2024-05-30T11:23:05.571+0000][2924.990s][info][gc,task     ] GC(476) Using 6 workers of 6 for evacuation
[2024-05-30T11:23:05.689+0000][2925.108s][info][gc,phases   ] GC(476)   Pre Evacuate Collection Set: 0.2ms
[2024-05-30T11:23:05.689+0000][2925.108s][info][gc,phases   ] GC(476)   Merge Heap Roots: 0.3ms
[2024-05-30T11:23:05.689+0000][2925.108s][info][gc,phases   ] GC(476)   Evacuate Collection Set: 101.6ms
[2024-05-30T11:23:05.689+0000][2925.108s][info][gc,phases   ] GC(476)   Post Evacuate Collection Set: 16.2ms
[2024-05-30T11:23:05.689+0000][2925.108s][info][gc,phases   ] GC(476)   Other: 0.2ms
[2024-05-30T11:23:05.689+0000][2925.108s][info][gc,heap     ] GC(476) Eden regions: 698->0(693)
[2024-05-30T11:23:05.689+0000][2925.108s][info][gc,heap     ] GC(476) Survivor regions: 25->27(91)
[2024-05-30T11:23:05.689+0000][2925.108s][info][gc,heap     ] GC(476) Old regions: 473->474
[2024-05-30T11:23:05.689+0000][2925.108s][info][gc,heap     ] GC(476) Archive regions: 2->2
[2024-05-30T11:23:05.689+0000][2925.108s][info][gc,heap     ] GC(476) Humongous regions: 5->5
[2024-05-30T11:23:05.689+0000][2925.108s][info][gc,metaspace] GC(476) Metaspace: 412729K(418752K)->412729K(418752K) NonClass: 360743K(364096K)->360743K(364096K) Class: 51986K(54656K)->51986K(54656K)
[2024-05-30T11:23:05.689+0000][2925.108s][info][gc          ] GC(476) Pause Young (Normal) (G1 Evacuation Pause) 9605M->4045M(12288M) 118.569ms
[2024-05-30T11:23:05.689+0000][2925.108s][info][gc,cpu      ] GC(476) User=0.70s Sys=0.00s Real=0.12s
[2024-05-30T11:23:07.768+0000][2927.188s][info][gc,start    ] GC(477) Pause Young (Normal) (G1 Evacuation Pause)
[2024-05-30T11:23:07.768+0000][2927.188s][info][gc,task     ] GC(477) Using 6 workers of 6 for evacuation
[2024-05-30T11:23:07.913+0000][2927.332s][info][gc,phases   ] GC(477)   Pre Evacuate Collection Set: 0.2ms
[2024-05-30T11:23:07.913+0000][2927.332s][info][gc,phases   ] GC(477)   Merge Heap Roots: 0.4ms
[2024-05-30T11:23:07.913+0000][2927.332s][info][gc,phases   ] GC(477)   Evacuate Collection Set: 123.1ms
[2024-05-30T11:23:07.913+0000][2927.332s][info][gc,phases   ] GC(477)   Post Evacuate Collection Set: 20.6ms
[2024-05-30T11:23:07.913+0000][2927.332s][info][gc,phases   ] GC(477)   Other: 0.2ms
[2024-05-30T11:23:07.913+0000][2927.332s][info][gc,heap     ] GC(477) Eden regions: 693->0(685)
[2024-05-30T11:23:07.913+0000][2927.332s][info][gc,heap     ] GC(477) Survivor regions: 27->31(90)
[2024-05-30T11:23:07.913+0000][2927.332s][info][gc,heap     ] GC(477) Old regions: 474->474
[2024-05-30T11:23:07.913+0000][2927.332s][info][gc,heap     ] GC(477) Archive regions: 2->2
[2024-05-30T11:23:07.913+0000][2927.332s][info][gc,heap     ] GC(477) Humongous regions: 5->5
[2024-05-30T11:23:07.913+0000][2927.332s][info][gc,metaspace] GC(477) Metaspace: 412729K(418752K)->412729K(418752K) NonClass: 360743K(364096K)->360743K(364096K) Class: 51986K(54656K)->51986K(54656K)
[2024-05-30T11:23:07.913+0000][2927.332s][info][gc          ] GC(477) Pause Young (Normal) (G1 Evacuation Pause) 9589M->4079M(12288M) 144.604ms
[2024-05-30T11:23:07.913+0000][2927.332s][info][gc,cpu      ] GC(477) User=0.85s Sys=0.00s Real=0.14s
[2024-05-30T11:23:09.959+0000][2929.379s][info][gc,start    ] GC(478) Pause Young (Normal) (G1 Evacuation Pause)
[2024-05-30T11:23:09.959+0000][2929.379s][info][gc,task     ] GC(478) Using 6 workers of 6 for evacuation
[2024-05-30T11:23:10.111+0000][2929.530s][info][gc,phases   ] GC(478)   Pre Evacuate Collection Set: 0.2ms
[2024-05-30T11:23:10.111+0000][2929.530s][info][gc,phases   ] GC(478)   Merge Heap Roots: 0.3ms
[2024-05-30T11:23:10.111+0000][2929.530s][info][gc,phases   ] GC(478)   Evacuate Collection Set: 131.7ms
[2024-05-30T11:23:10.111+0000][2929.530s][info][gc,phases   ] GC(478)   Post Evacuate Collection Set: 19.3ms
[2024-05-30T11:23:10.111+0000][2929.530s][info][gc,phases   ] GC(478)   Other: 0.2ms
[2024-05-30T11:23:10.111+0000][2929.530s][info][gc,heap     ] GC(478) Eden regions: 685->0(676)
[2024-05-30T11:23:10.111+0000][2929.530s][info][gc,heap     ] GC(478) Survivor regions: 31->35(90)
[2024-05-30T11:23:10.111+0000][2929.530s][info][gc,heap     ] GC(478) Old regions: 474->475
[2024-05-30T11:23:10.111+0000][2929.530s][info][gc,heap     ] GC(478) Archive regions: 2->2
[2024-05-30T11:23:10.111+0000][2929.530s][info][gc,heap     ] GC(478) Humongous regions: 5->5
[2024-05-30T11:23:10.111+0000][2929.530s][info][gc,metaspace] GC(478) Metaspace: 412738K(418752K)->412738K(418752K) NonClass: 360752K(364096K)->360752K(364096K) Class: 51986K(54656K)->51986K(54656K)
[2024-05-30T11:23:10.111+0000][2929.530s][info][gc          ] GC(478) Pause Young (Normal) (G1 Evacuation Pause) 9559M->4118M(12288M) 151.801ms
[2024-05-30T11:23:10.111+0000][2929.531s][info][gc,cpu      ] GC(478) User=0.89s Sys=0.00s Real=0.15s
[2024-05-30T11:23:13.095+0000][2932.514s][info][gc,start    ] GC(479) Pause Young (Normal) (G1 Evacuation Pause)
[2024-05-30T11:23:13.095+0000][2932.514s][info][gc,task     ] GC(479) Using 6 workers of 6 for evacuation
[2024-05-30T11:23:13.181+0000][2932.600s][info][gc,phases   ] GC(479)   Pre Evacuate Collection Set: 0.2ms
[2024-05-30T11:23:13.181+0000][2932.600s][info][gc,phases   ] GC(479)   Merge Heap Roots: 0.3ms
[2024-05-30T11:23:13.181+0000][2932.600s][info][gc,phases   ] GC(479)   Evacuate Collection Set: 73.9ms
[2024-05-30T11:23:13.181+0000][2932.600s][info][gc,phases   ] GC(479)   Post Evacuate Collection Set: 11.1ms
[2024-05-30T11:23:13.181+0000][2932.600s][info][gc,phases   ] GC(479)   Other: 0.2ms
[2024-05-30T11:23:13.181+0000][2932.600s][info][gc,heap     ] GC(479) Eden regions: 676->0(701)
[2024-05-30T11:23:13.181+0000][2932.600s][info][gc,heap     ] GC(479) Survivor regions: 35->22(89)
[2024-05-30T11:23:13.181+0000][2932.600s][info][gc,heap     ] GC(479) Old regions: 475->476
[2024-05-30T11:23:13.181+0000][2932.600s][info][gc,heap     ] GC(479) Archive regions: 2->2
[2024-05-30T11:23:13.181+0000][2932.600s][info][gc,heap     ] GC(479) Humongous regions: 5->5
[2024-05-30T11:23:13.181+0000][2932.600s][info][gc,metaspace] GC(479) Metaspace: 412738K(418752K)->412738K(418752K) NonClass: 360752K(364096K)->360752K(364096K) Class: 51986K(54656K)->51986K(54656K)
[2024-05-30T11:23:13.181+0000][2932.600s][info][gc          ] GC(479) Pause Young (Normal) (G1 Evacuation Pause) 9526M->4023M(12288M) 85.728ms
[2024-05-30T11:23:13.181+0000][2932.600s][info][gc,cpu      ] GC(479) User=0.50s Sys=0.00s Real=0.09s
[2024-05-30T11:23:16.839+0000][2936.258s][info][gc,start    ] GC(480) Pause Young (Normal) (G1 Evacuation Pause)
[2024-05-30T11:23:16.839+0000][2936.258s][info][gc,task     ] GC(480) Using 6 workers of 6 for evacuation
[2024-05-30T11:23:16.894+0000][2936.314s][info][gc,phases   ] GC(480)   Pre Evacuate Collection Set: 0.2ms
[2024-05-30T11:23:16.895+0000][2936.314s][info][gc,phases   ] GC(480)   Merge Heap Roots: 0.3ms
[2024-05-30T11:23:16.895+0000][2936.314s][info][gc,phases   ] GC(480)   Evacuate Collection Set: 52.8ms
[2024-05-30T11:23:16.895+0000][2936.314s][info][gc,phases   ] GC(480)   Post Evacuate Collection Set: 2.2ms
[2024-05-30T11:23:16.895+0000][2936.314s][info][gc,phases   ] GC(480)   Other: 0.2ms
[2024-05-30T11:23:16.895+0000][2936.314s][info][gc,heap     ] GC(480) Eden regions: 701->0(704)
[2024-05-30T11:23:16.895+0000][2936.314s][info][gc,heap     ] GC(480) Survivor regions: 22->20(91)
[2024-05-30T11:23:16.895+0000][2936.314s][info][gc,heap     ] GC(480) Old regions: 476->477
[2024-05-30T11:23:16.895+0000][2936.314s][info][gc,heap     ] GC(480) Archive regions: 2->2
[2024-05-30T11:23:16.895+0000][2936.314s][info][gc,heap     ] GC(480) Humongous regions: 5->5
[2024-05-30T11:23:16.895+0000][2936.314s][info][gc,metaspace] GC(480) Metaspace: 412738K(418752K)->412738K(418752K) NonClass: 360752K(364096K)->360752K(364096K) Class: 51986K(54656K)->51986K(54656K)
[2024-05-30T11:23:16.895+0000][2936.314s][info][gc          ] GC(480) Pause Young (Normal) (G1 Evacuation Pause) 9631M->4014M(12288M) 55.816ms
[2024-05-30T11:23:16.895+0000][2936.314s][info][gc,cpu      ] GC(480) User=0.33s Sys=0.00s Real=0.05s
[2024-05-30T11:23:24.625+0000][2944.045s][info][gc,start    ] GC(481) Pause Young (Normal) (G1 Evacuation Pause)
[2024-05-30T11:23:24.626+0000][2944.045s][info][gc,task     ] GC(481) Using 6 workers of 6 for evacuation
[2024-05-30T11:23:24.679+0000][2944.099s][info][gc,phases   ] GC(481)   Pre Evacuate Collection Set: 0.2ms
[2024-05-30T11:23:24.679+0000][2944.099s][info][gc,phases   ] GC(481)   Merge Heap Roots: 0.3ms
[2024-05-30T11:23:24.679+0000][2944.099s][info][gc,phases   ] GC(481)   Evacuate Collection Set: 50.8ms
[2024-05-30T11:23:24.679+0000][2944.099s][info][gc,phases   ] GC(481)   Post Evacuate Collection Set: 2.4ms
[2024-05-30T11:23:24.679+0000][2944.099s][info][gc,phases   ] GC(481)   Other: 0.3ms
[2024-05-30T11:23:24.679+0000][2944.099s][info][gc,heap     ] GC(481) Eden regions: 704->0(699)
[2024-05-30T11:23:24.679+0000][2944.099s][info][gc,heap     ] GC(481) Survivor regions: 20->22(91)
[2024-05-30T11:23:24.679+0000][2944.099s][info][gc,heap     ] GC(481) Old regions: 477->478
[2024-05-30T11:23:24.679+0000][2944.099s][info][gc,heap     ] GC(481) Archive regions: 2->2
[2024-05-30T11:23:24.679+0000][2944.099s][info][gc,heap     ] GC(481) Humongous regions: 5->5
[2024-05-30T11:23:24.679+0000][2944.099s][info][gc,metaspace] GC(481) Metaspace: 412749K(418752K)->412749K(418752K) NonClass: 360763K(364096K)->360763K(364096K) Class: 51986K(54656K)->51986K(54656K)
[2024-05-30T11:23:24.679+0000][2944.099s][info][gc          ] GC(481) Pause Young (Normal) (G1 Evacuation Pause) 9646M->4033M(12288M) 53.955ms
[2024-05-30T11:23:24.679+0000][2944.099s][info][gc,cpu      ] GC(481) User=0.32s Sys=0.00s Real=0.06s
[2024-05-30T11:23:32.428+0000][2951.847s][info][gc,start    ] GC(482) Pause Young (Normal) (G1 Evacuation Pause)
[2024-05-30T11:23:32.428+0000][2951.847s][info][gc,task     ] GC(482) Using 6 workers of 6 for evacuation
[2024-05-30T11:23:32.481+0000][2951.900s][info][gc,phases   ] GC(482)   Pre Evacuate Collection Set: 0.2ms
[2024-05-30T11:23:32.481+0000][2951.900s][info][gc,phases   ] GC(482)   Merge Heap Roots: 0.3ms
[2024-05-30T11:23:32.481+0000][2951.900s][info][gc,phases   ] GC(482)   Evacuate Collection Set: 50.3ms
[2024-05-30T11:23:32.481+0000][2951.900s][info][gc,phases   ] GC(482)   Post Evacuate Collection Set: 2.4ms
[2024-05-30T11:23:32.481+0000][2951.900s][info][gc,phases   ] GC(482)   Other: 0.2ms
[2024-05-30T11:23:32.481+0000][2951.900s][info][gc,heap     ] GC(482) Eden regions: 699->0(699)
[2024-05-30T11:23:32.481+0000][2951.900s][info][gc,heap     ] GC(482) Survivor regions: 22->22(91)
[2024-05-30T11:23:32.481+0000][2951.900s][info][gc,heap     ] GC(482) Old regions: 478->478
[2024-05-30T11:23:32.481+0000][2951.900s][info][gc,heap     ] GC(482) Archive regions: 2->2
[2024-05-30T11:23:32.481+0000][2951.900s][info][gc,heap     ] GC(482) Humongous regions: 5->5
[2024-05-30T11:23:32.481+0000][2951.900s][info][gc,metaspace] GC(482) Metaspace: 412752K(418752K)->412752K(418752K) NonClass: 360766K(364096K)->360766K(364096K) Class: 51986K(54656K)->51986K(54656K)
[2024-05-30T11:23:32.481+0000][2951.901s][info][gc          ] GC(482) Pause Young (Normal) (G1 Evacuation Pause) 9625M->4041M(12288M) 53.470ms
[2024-05-30T11:23:32.481+0000][2951.901s][info][gc,cpu      ] GC(482) User=0.32s Sys=0.00s Real=0.06s
[2024-05-30T11:23:40.051+0000][2959.470s][info][gc,start    ] GC(483) Pause Young (Normal) (G1 Evacuation Pause)
[2024-05-30T11:23:40.051+0000][2959.470s][info][gc,task     ] GC(483) Using 6 workers of 6 for evacuation
[2024-05-30T11:23:40.105+0000][2959.525s][info][gc,phases   ] GC(483)   Pre Evacuate Collection Set: 0.2ms
[2024-05-30T11:23:40.106+0000][2959.525s][info][gc,phases   ] GC(483)   Merge Heap Roots: 0.3ms
[2024-05-30T11:23:40.106+0000][2959.525s][info][gc,phases   ] GC(483)   Evacuate Collection Set: 51.5ms
[2024-05-30T11:23:40.106+0000][2959.525s][info][gc,phases   ] GC(483)   Post Evacuate Collection Set: 2.3ms
[2024-05-30T11:23:40.106+0000][2959.525s][info][gc,phases   ] GC(483)   Other: 0.2ms
[2024-05-30T11:23:40.106+0000][2959.525s][info][gc,heap     ] GC(483) Eden regions: 699->0(702)
[2024-05-30T11:23:40.106+0000][2959.525s][info][gc,heap     ] GC(483) Survivor regions: 22->20(91)
[2024-05-30T11:23:40.106+0000][2959.525s][info][gc,heap     ] GC(483) Old regions: 478->479
[2024-05-30T11:23:40.106+0000][2959.525s][info][gc,heap     ] GC(483) Archive regions: 2->2
[2024-05-30T11:23:40.106+0000][2959.525s][info][gc,heap     ] GC(483) Humongous regions: 5->5
[2024-05-30T11:23:40.106+0000][2959.525s][info][gc,metaspace] GC(483) Metaspace: 412753K(418752K)->412753K(418752K) NonClass: 360766K(364096K)->360766K(364096K) Class: 51986K(54656K)->51986K(54656K)
[2024-05-30T11:23:40.106+0000][2959.525s][info][gc          ] GC(483) Pause Young (Normal) (G1 Evacuation Pause) 9633M->4034M(12288M) 54.489ms
[2024-05-30T11:23:40.106+0000][2959.525s][info][gc,cpu      ] GC(483) User=0.32s Sys=0.00s Real=0.05s
[2024-05-30T11:23:42.844+0000][2962.263s][info][gc,start    ] GC(484) Pause Young (Normal) (G1 Evacuation Pause)
[2024-05-30T11:23:42.844+0000][2962.263s][info][gc,task     ] GC(484) Using 6 workers of 6 for evacuation
[2024-05-30T11:23:42.939+0000][2962.359s][info][gc,phases   ] GC(484)   Pre Evacuate Collection Set: 0.2ms
[2024-05-30T11:23:42.939+0000][2962.359s][info][gc,phases   ] GC(484)   Merge Heap Roots: 0.2ms
[2024-05-30T11:23:42.939+0000][2962.359s][info][gc,phases   ] GC(484)   Evacuate Collection Set: 78.8ms
[2024-05-30T11:23:42.939+0000][2962.359s][info][gc,phases   ] GC(484)   Post Evacuate Collection Set: 15.7ms
[2024-05-30T11:23:42.939+0000][2962.359s][info][gc,phases   ] GC(484)   Other: 0.2ms
[2024-05-30T11:23:42.939+0000][2962.359s][info][gc,heap     ] GC(484) Eden regions: 702->0(697)
[2024-05-30T11:23:42.939+0000][2962.359s][info][gc,heap     ] GC(484) Survivor regions: 20->22(91)
[2024-05-30T11:23:42.939+0000][2962.359s][info][gc,heap     ] GC(484) Old regions: 479->480
[2024-05-30T11:23:42.939+0000][2962.359s][info][gc,heap     ] GC(484) Archive regions: 2->2
[2024-05-30T11:23:42.939+0000][2962.359s][info][gc,heap     ] GC(484) Humongous regions: 5->5
[2024-05-30T11:23:42.939+0000][2962.359s][info][gc,metaspace] GC(484) Metaspace: 412759K(418752K)->412759K(418752K) NonClass: 360772K(364096K)->360772K(364096K) Class: 51986K(54656K)->51986K(54656K)
[2024-05-30T11:23:42.939+0000][2962.359s][info][gc          ] GC(484) Pause Young (Normal) (G1 Evacuation Pause) 9650M->4053M(12288M) 95.220ms
[2024-05-30T11:23:42.939+0000][2962.359s][info][gc,cpu      ] GC(484) User=0.56s Sys=0.00s Real=0.10s
[2024-05-30T11:23:45.242+0000][2964.662s][info][gc,start    ] GC(485) Pause Young (Normal) (G1 Evacuation Pause)
[2024-05-30T11:23:45.242+0000][2964.662s][info][gc,task     ] GC(485) Using 6 workers of 6 for evacuation
[2024-05-30T11:23:45.362+0000][2964.781s][info][gc,phases   ] GC(485)   Pre Evacuate Collection Set: 0.2ms
[2024-05-30T11:23:45.362+0000][2964.781s][info][gc,phases   ] GC(485)   Merge Heap Roots: 0.3ms
[2024-05-30T11:23:45.362+0000][2964.781s][info][gc,phases   ] GC(485)   Evacuate Collection Set: 98.5ms
[2024-05-30T11:23:45.362+0000][2964.781s][info][gc,phases   ] GC(485)   Post Evacuate Collection Set: 20.5ms
[2024-05-30T11:23:45.362+0000][2964.781s][info][gc,phases   ] GC(485)   Other: 0.2ms
[2024-05-30T11:23:45.362+0000][2964.781s][info][gc,heap     ] GC(485) Eden regions: 697->0(692)
[2024-05-30T11:23:45.362+0000][2964.781s][info][gc,heap     ] GC(485) Survivor regions: 22->24(90)
[2024-05-30T11:23:45.362+0000][2964.781s][info][gc,heap     ] GC(485) Old regions: 480->481
[2024-05-30T11:23:45.362+0000][2964.781s][info][gc,heap     ] GC(485) Archive regions: 2->2
[2024-05-30T11:23:45.362+0000][2964.781s][info][gc,heap     ] GC(485) Humongous regions: 5->5
[2024-05-30T11:23:45.362+0000][2964.781s][info][gc,metaspace] GC(485) Metaspace: 412759K(418752K)->412759K(418752K) NonClass: 360772K(364096K)->360772K(364096K) Class: 51986K(54656K)->51986K(54656K)
[2024-05-30T11:23:45.362+0000][2964.781s][info][gc          ] GC(485) Pause Young (Normal) (G1 Evacuation Pause) 9629M->4076M(12288M) 119.751ms
[2024-05-30T11:23:45.362+0000][2964.781s][info][gc,cpu      ] GC(485) User=0.70s Sys=0.00s Real=0.12s
[2024-05-30T11:23:47.451+0000][2966.871s][info][gc,start    ] GC(486) Pause Young (Normal) (G1 Evacuation Pause)
[2024-05-30T11:23:47.452+0000][2966.871s][info][gc,task     ] GC(486) Using 6 workers of 6 for evacuation
[2024-05-30T11:23:47.578+0000][2966.997s][info][gc,phases   ] GC(486)   Pre Evacuate Collection Set: 0.2ms
[2024-05-30T11:23:47.578+0000][2966.997s][info][gc,phases   ] GC(486)   Merge Heap Roots: 0.3ms
[2024-05-30T11:23:47.578+0000][2966.997s][info][gc,phases   ] GC(486)   Evacuate Collection Set: 104.4ms
[2024-05-30T11:23:47.578+0000][2966.997s][info][gc,phases   ] GC(486)   Post Evacuate Collection Set: 21.2ms
[2024-05-30T11:23:47.578+0000][2966.997s][info][gc,phases   ] GC(486)   Other: 0.2ms
[2024-05-30T11:23:47.578+0000][2966.997s][info][gc,heap     ] GC(486) Eden regions: 692->0(687)
[2024-05-30T11:23:47.578+0000][2966.997s][info][gc,heap     ] GC(486) Survivor regions: 24->26(90)
[2024-05-30T11:23:47.578+0000][2966.997s][info][gc,heap     ] GC(486) Old regions: 481->482
[2024-05-30T11:23:47.578+0000][2966.997s][info][gc,heap     ] GC(486) Archive regions: 2->2
[2024-05-30T11:23:47.578+0000][2966.997s][info][gc,heap     ] GC(486) Humongous regions: 5->5
[2024-05-30T11:23:47.578+0000][2966.997s][info][gc,metaspace] GC(486) Metaspace: 412759K(418752K)->412759K(418752K) NonClass: 360772K(364096K)->360772K(364096K) Class: 51986K(54656K)->51986K(54656K)
[2024-05-30T11:23:47.578+0000][2966.997s][info][gc          ] GC(486) Pause Young (Normal) (G1 Evacuation Pause) 9612M->4107M(12288M) 126.334ms
[2024-05-30T11:23:47.578+0000][2966.997s][info][gc,cpu      ] GC(486) User=0.74s Sys=0.00s Real=0.13s
[2024-05-30T11:23:49.492+0000][2968.912s][info][gc,start    ] GC(487) Pause Young (Normal) (G1 Evacuation Pause)
[2024-05-30T11:23:49.492+0000][2968.912s][info][gc,task     ] GC(487) Using 6 workers of 6 for evacuation
[2024-05-30T11:23:49.629+0000][2969.049s][info][gc,phases   ] GC(487)   Pre Evacuate Collection Set: 0.2ms
[2024-05-30T11:23:49.629+0000][2969.049s][info][gc,phases   ] GC(487)   Merge Heap Roots: 0.4ms
[2024-05-30T11:23:49.629+0000][2969.049s][info][gc,phases   ] GC(487)   Evacuate Collection Set: 115.9ms
[2024-05-30T11:23:49.629+0000][2969.049s][info][gc,phases   ] GC(487)   Post Evacuate Collection Set: 20.4ms
[2024-05-30T11:23:49.629+0000][2969.049s][info][gc,phases   ] GC(487)   Other: 0.3ms
[2024-05-30T11:23:49.629+0000][2969.049s][info][gc,heap     ] GC(487) Eden regions: 687->0(680)
[2024-05-30T11:23:49.629+0000][2969.049s][info][gc,heap     ] GC(487) Survivor regions: 26->29(90)
[2024-05-30T11:23:49.629+0000][2969.049s][info][gc,heap     ] GC(487) Old regions: 482->483
[2024-05-30T11:23:49.629+0000][2969.049s][info][gc,heap     ] GC(487) Archive regions: 2->2
[2024-05-30T11:23:49.629+0000][2969.049s][info][gc,heap     ] GC(487) Humongous regions: 5->5
[2024-05-30T11:23:49.629+0000][2969.049s][info][gc,metaspace] GC(487) Metaspace: 412761K(418752K)->412761K(418752K) NonClass: 360775K(364096K)->360775K(364096K) Class: 51986K(54656K)->51986K(54656K)
[2024-05-30T11:23:49.629+0000][2969.049s][info][gc          ] GC(487) Pause Young (Normal) (G1 Evacuation Pause) 9603M->4134M(12288M) 137.164ms
[2024-05-30T11:23:49.630+0000][2969.049s][info][gc,cpu      ] GC(487) User=0.80s Sys=0.00s Real=0.14s
[2024-05-30T11:23:51.590+0000][2971.009s][info][gc,start    ] GC(488) Pause Young (Normal) (G1 Evacuation Pause)
[2024-05-30T11:23:51.590+0000][2971.009s][info][gc,task     ] GC(488) Using 6 workers of 6 for evacuation
[2024-05-30T11:23:51.733+0000][2971.152s][info][gc,phases   ] GC(488)   Pre Evacuate Collection Set: 0.2ms
[2024-05-30T11:23:51.733+0000][2971.152s][info][gc,phases   ] GC(488)   Merge Heap Roots: 0.3ms
[2024-05-30T11:23:51.733+0000][2971.152s][info][gc,phases   ] GC(488)   Evacuate Collection Set: 123.4ms
[2024-05-30T11:23:51.733+0000][2971.152s][info][gc,phases   ] GC(488)   Post Evacuate Collection Set: 19.5ms
[2024-05-30T11:23:51.733+0000][2971.152s][info][gc,phases   ] GC(488)   Other: 0.2ms
[2024-05-30T11:23:51.733+0000][2971.152s][info][gc,heap     ] GC(488) Eden regions: 680->0(673)
[2024-05-30T11:23:51.733+0000][2971.152s][info][gc,heap     ] GC(488) Survivor regions: 29->32(89)
[2024-05-30T11:23:51.733+0000][2971.152s][info][gc,heap     ] GC(488) Old regions: 483->484
[2024-05-30T11:23:51.733+0000][2971.152s][info][gc,heap     ] GC(488) Archive regions: 2->2
[2024-05-30T11:23:51.733+0000][2971.152s][info][gc,heap     ] GC(488) Humongous regions: 5->5
[2024-05-30T11:23:51.733+0000][2971.152s][info][gc,metaspace] GC(488) Metaspace: 412762K(418752K)->412762K(418752K) NonClass: 360776K(364096K)->360776K(364096K) Class: 51986K(54656K)->51986K(54656K)
[2024-05-30T11:23:51.733+0000][2971.153s][info][gc          ] GC(488) Pause Young (Normal) (G1 Evacuation Pause) 9574M->4166M(12288M) 143.694ms
[2024-05-30T11:23:51.733+0000][2971.153s][info][gc,cpu      ] GC(488) User=0.84s Sys=0.00s Real=0.14s
[2024-05-30T11:23:53.845+0000][2973.264s][info][gc,start    ] GC(489) Pause Young (Normal) (G1 Evacuation Pause)
[2024-05-30T11:23:53.845+0000][2973.264s][info][gc,task     ] GC(489) Using 6 workers of 6 for evacuation
[2024-05-30T11:23:53.990+0000][2973.409s][info][gc,phases   ] GC(489)   Pre Evacuate Collection Set: 0.2ms
[2024-05-30T11:23:53.990+0000][2973.409s][info][gc,phases   ] GC(489)   Merge Heap Roots: 0.4ms
[2024-05-30T11:23:53.990+0000][2973.409s][info][gc,phases   ] GC(489)   Evacuate Collection Set: 125.9ms
[2024-05-30T11:23:53.990+0000][2973.409s][info][gc,phases   ] GC(489)   Post Evacuate Collection Set: 18.9ms
[2024-05-30T11:23:53.990+0000][2973.409s][info][gc,phases   ] GC(489)   Other: 0.2ms
[2024-05-30T11:23:53.990+0000][2973.409s][info][gc,heap     ] GC(489) Eden regions: 673->0(668)
[2024-05-30T11:23:53.990+0000][2973.409s][info][gc,heap     ] GC(489) Survivor regions: 32->34(89)
[2024-05-30T11:23:53.990+0000][2973.409s][info][gc,heap     ] GC(489) Old regions: 484->485
[2024-05-30T11:23:53.990+0000][2973.409s][info][gc,heap     ] GC(489) Archive regions: 2->2
[2024-05-30T11:23:53.990+0000][2973.409s][info][gc,heap     ] GC(489) Humongous regions: 5->5
[2024-05-30T11:23:53.990+0000][2973.409s][info][gc,metaspace] GC(489) Metaspace: 412764K(418752K)->412764K(418752K) NonClass: 360778K(364096K)->360778K(364096K) Class: 51986K(54656K)->51986K(54656K)
[2024-05-30T11:23:53.990+0000][2973.409s][info][gc          ] GC(489) Pause Young (Normal) (G1 Evacuation Pause) 9550M->4190M(12288M) 145.613ms
[2024-05-30T11:23:53.990+0000][2973.409s][info][gc,cpu      ] GC(489) User=0.85s Sys=0.00s Real=0.15s
[2024-05-30T11:23:56.028+0000][2975.447s][info][gc,start    ] GC(490) Pause Young (Normal) (G1 Evacuation Pause)
[2024-05-30T11:23:56.028+0000][2975.447s][info][gc,task     ] GC(490) Using 6 workers of 6 for evacuation
[2024-05-30T11:23:56.180+0000][2975.599s][info][gc,phases   ] GC(490)   Pre Evacuate Collection Set: 0.2ms
[2024-05-30T11:23:56.180+0000][2975.599s][info][gc,phases   ] GC(490)   Merge Heap Roots: 0.3ms
[2024-05-30T11:23:56.180+0000][2975.599s][info][gc,phases   ] GC(490)   Evacuate Collection Set: 132.6ms
[2024-05-30T11:23:56.180+0000][2975.599s][info][gc,phases   ] GC(490)   Post Evacuate Collection Set: 18.8ms
[2024-05-30T11:23:56.180+0000][2975.599s][info][gc,phases   ] GC(490)   Other: 0.2ms
[2024-05-30T11:23:56.180+0000][2975.599s][info][gc,heap     ] GC(490) Eden regions: 668->0(663)
[2024-05-30T11:23:56.180+0000][2975.599s][info][gc,heap     ] GC(490) Survivor regions: 34->36(88)
[2024-05-30T11:23:56.180+0000][2975.599s][info][gc,heap     ] GC(490) Old regions: 485->486
[2024-05-30T11:23:56.180+0000][2975.599s][info][gc,heap     ] GC(490) Archive regions: 2->2
[2024-05-30T11:23:56.180+0000][2975.599s][info][gc,heap     ] GC(490) Humongous regions: 5->5
[2024-05-30T11:23:56.180+0000][2975.599s][info][gc,metaspace] GC(490) Metaspace: 412764K(418752K)->412764K(418752K) NonClass: 360778K(364096K)->360778K(364096K) Class: 51986K(54656K)->51986K(54656K)
[2024-05-30T11:23:56.180+0000][2975.599s][info][gc          ] GC(490) Pause Young (Normal) (G1 Evacuation Pause) 9534M->4209M(12288M) 152.205ms
[2024-05-30T11:23:56.180+0000][2975.599s][info][gc,cpu      ] GC(490) User=0.89s Sys=0.00s Real=0.16s
[2024-05-30T11:23:58.264+0000][2977.683s][info][gc,start    ] GC(491) Pause Young (Normal) (G1 Evacuation Pause)
[2024-05-30T11:23:58.264+0000][2977.683s][info][gc,task     ] GC(491) Using 6 workers of 6 for evacuation
[2024-05-30T11:23:58.429+0000][2977.848s][info][gc,phases   ] GC(491)   Pre Evacuate Collection Set: 0.2ms
[2024-05-30T11:23:58.429+0000][2977.848s][info][gc,phases   ] GC(491)   Merge Heap Roots: 0.4ms
[2024-05-30T11:23:58.429+0000][2977.848s][info][gc,phases   ] GC(491)   Evacuate Collection Set: 145.7ms
[2024-05-30T11:23:58.429+0000][2977.848s][info][gc,phases   ] GC(491)   Post Evacuate Collection Set: 18.6ms
[2024-05-30T11:23:58.429+0000][2977.848s][info][gc,phases   ] GC(491)   Other: 0.2ms
[2024-05-30T11:23:58.429+0000][2977.848s][info][gc,heap     ] GC(491) Eden regions: 663->0(657)
[2024-05-30T11:23:58.429+0000][2977.848s][info][gc,heap     ] GC(491) Survivor regions: 36->39(88)
[2024-05-30T11:23:58.429+0000][2977.848s][info][gc,heap     ] GC(491) Old regions: 486->486
[2024-05-30T11:23:58.429+0000][2977.848s][info][gc,heap     ] GC(491) Archive regions: 2->2
[2024-05-30T11:23:58.429+0000][2977.848s][info][gc,heap     ] GC(491) Humongous regions: 5->5
[2024-05-30T11:23:58.429+0000][2977.848s][info][gc,metaspace] GC(491) Metaspace: 412764K(418752K)->412764K(418752K) NonClass: 360778K(364096K)->360778K(364096K) Class: 51986K(54656K)->51986K(54656K)
[2024-05-30T11:23:58.429+0000][2977.848s][info][gc          ] GC(491) Pause Young (Normal) (G1 Evacuation Pause) 9513M->4243M(12288M) 165.077ms
[2024-05-30T11:23:58.429+0000][2977.848s][info][gc,cpu      ] GC(491) User=0.97s Sys=0.00s Real=0.17s
[2024-05-30T11:24:01.041+0000][2980.460s][info][gc,start    ] GC(492) Pause Young (Normal) (G1 Evacuation Pause)
[2024-05-30T11:24:01.041+0000][2980.460s][info][gc,task     ] GC(492) Using 6 workers of 6 for evacuation
[2024-05-30T11:24:01.196+0000][2980.615s][info][gc,phases   ] GC(492)   Pre Evacuate Collection Set: 0.2ms
[2024-05-30T11:24:01.196+0000][2980.615s][info][gc,phases   ] GC(492)   Merge Heap Roots: 0.3ms
[2024-05-30T11:24:01.196+0000][2980.616s][info][gc,phases   ] GC(492)   Evacuate Collection Set: 139.1ms
[2024-05-30T11:24:01.196+0000][2980.616s][info][gc,phases   ] GC(492)   Post Evacuate Collection Set: 15.8ms
[2024-05-30T11:24:01.196+0000][2980.616s][info][gc,phases   ] GC(492)   Other: 0.2ms
[2024-05-30T11:24:01.196+0000][2980.616s][info][gc,heap     ] GC(492) Eden regions: 657->0(656)
[2024-05-30T11:24:01.196+0000][2980.616s][info][gc,heap     ] GC(492) Survivor regions: 39->39(87)
[2024-05-30T11:24:01.196+0000][2980.616s][info][gc,heap     ] GC(492) Old regions: 486->487
[2024-05-30T11:24:01.196+0000][2980.616s][info][gc,heap     ] GC(492) Archive regions: 2->2
[2024-05-30T11:24:01.196+0000][2980.616s][info][gc,heap     ] GC(492) Humongous regions: 5->5
[2024-05-30T11:24:01.196+0000][2980.616s][info][gc,metaspace] GC(492) Metaspace: 412765K(418752K)->412765K(418752K) NonClass: 360779K(364096K)->360779K(364096K) Class: 51986K(54656K)->51986K(54656K)
[2024-05-30T11:24:01.196+0000][2980.616s][info][gc          ] GC(492) Pause Young (Normal) (G1 Evacuation Pause) 9499M->4249M(12288M) 155.732ms
[2024-05-30T11:24:01.196+0000][2980.616s][info][gc,cpu      ] GC(492) User=0.92s Sys=0.00s Real=0.16s
[2024-05-30T11:24:08.377+0000][2987.796s][info][gc,start    ] GC(493) Pause Young (Normal) (G1 Evacuation Pause)
[2024-05-30T11:24:08.377+0000][2987.797s][info][gc,task     ] GC(493) Using 6 workers of 6 for evacuation
[2024-05-30T11:24:08.501+0000][2987.920s][info][gc,phases   ] GC(493)   Pre Evacuate Collection Set: 0.2ms
[2024-05-30T11:24:08.501+0000][2987.920s][info][gc,phases   ] GC(493)   Merge Heap Roots: 0.3ms
[2024-05-30T11:24:08.501+0000][2987.920s][info][gc,phases   ] GC(493)   Evacuate Collection Set: 120.3ms
[2024-05-30T11:24:08.501+0000][2987.920s][info][gc,phases   ] GC(493)   Post Evacuate Collection Set: 2.3ms
[2024-05-30T11:24:08.501+0000][2987.920s][info][gc,phases   ] GC(493)   Other: 0.2ms
[2024-05-30T11:24:08.501+0000][2987.920s][info][gc,heap     ] GC(493) Eden regions: 656->0(652)
[2024-05-30T11:24:08.501+0000][2987.920s][info][gc,heap     ] GC(493) Survivor regions: 39->41(87)
[2024-05-30T11:24:08.501+0000][2987.920s][info][gc,heap     ] GC(493) Old regions: 487->487
[2024-05-30T11:24:08.501+0000][2987.920s][info][gc,heap     ] GC(493) Archive regions: 2->2
[2024-05-30T11:24:08.501+0000][2987.920s][info][gc,heap     ] GC(493) Humongous regions: 5->5
[2024-05-30T11:24:08.501+0000][2987.920s][info][gc,metaspace] GC(493) Metaspace: 412765K(418752K)->412765K(418752K) NonClass: 360779K(364096K)->360779K(364096K) Class: 51986K(54656K)->51986K(54656K)
[2024-05-30T11:24:08.501+0000][2987.920s][info][gc          ] GC(493) Pause Young (Normal) (G1 Evacuation Pause) 9497M->4267M(12288M) 123.454ms
[2024-05-30T11:24:08.501+0000][2987.920s][info][gc,cpu      ] GC(493) User=0.74s Sys=0.00s Real=0.12s
[2024-05-30T11:24:15.690+0000][2995.109s][info][gc,start    ] GC(494) Pause Young (Normal) (G1 Evacuation Pause)
[2024-05-30T11:24:15.690+0000][2995.109s][info][gc,task     ] GC(494) Using 6 workers of 6 for evacuation
[2024-05-30T11:24:15.820+0000][2995.239s][info][gc,phases   ] GC(494)   Pre Evacuate Collection Set: 0.2ms
[2024-05-30T11:24:15.820+0000][2995.239s][info][gc,phases   ] GC(494)   Merge Heap Roots: 0.3ms
[2024-05-30T11:24:15.820+0000][2995.239s][info][gc,phases   ] GC(494)   Evacuate Collection Set: 127.0ms
[2024-05-30T11:24:15.820+0000][2995.239s][info][gc,phases   ] GC(494)   Post Evacuate Collection Set: 2.3ms
[2024-05-30T11:24:15.820+0000][2995.239s][info][gc,phases   ] GC(494)   Other: 0.2ms
[2024-05-30T11:24:15.820+0000][2995.239s][info][gc,heap     ] GC(494) Eden regions: 652->0(649)
[2024-05-30T11:24:15.820+0000][2995.239s][info][gc,heap     ] GC(494) Survivor regions: 41->42(87)
[2024-05-30T11:24:15.820+0000][2995.239s][info][gc,heap     ] GC(494) Old regions: 487->488
[2024-05-30T11:24:15.820+0000][2995.239s][info][gc,heap     ] GC(494) Archive regions: 2->2
[2024-05-30T11:24:15.820+0000][2995.239s][info][gc,heap     ] GC(494) Humongous regions: 5->5
[2024-05-30T11:24:15.820+0000][2995.240s][info][gc,metaspace] GC(494) Metaspace: 412765K(418752K)->412765K(418752K) NonClass: 360779K(364096K)->360779K(364096K) Class: 51986K(54656K)->51986K(54656K)
[2024-05-30T11:24:15.820+0000][2995.240s][info][gc          ] GC(494) Pause Young (Normal) (G1 Evacuation Pause) 9483M->4278M(12288M) 130.158ms
[2024-05-30T11:24:15.820+0000][2995.240s][info][gc,cpu      ] GC(494) User=0.77s Sys=0.00s Real=0.13s
[2024-05-30T11:24:21.577+0000][3000.996s][info][gc,start    ] GC(495) Pause Young (Normal) (G1 Evacuation Pause)
[2024-05-30T11:24:21.577+0000][3000.996s][info][gc,task     ] GC(495) Using 6 workers of 6 for evacuation
[2024-05-30T11:24:21.700+0000][3001.120s][info][gc,phases   ] GC(495)   Pre Evacuate Collection Set: 0.2ms
[2024-05-30T11:24:21.700+0000][3001.120s][info][gc,phases   ] GC(495)   Merge Heap Roots: 0.3ms
[2024-05-30T11:24:21.700+0000][3001.120s][info][gc,phases   ] GC(495)   Evacuate Collection Set: 120.0ms
[2024-05-30T11:24:21.700+0000][3001.120s][info][gc,phases   ] GC(495)   Post Evacuate Collection Set: 2.4ms
[2024-05-30T11:24:21.700+0000][3001.120s][info][gc,phases   ] GC(495)   Other: 0.2ms
[2024-05-30T11:24:21.700+0000][3001.120s][info][gc,heap     ] GC(495) Eden regions: 649->0(653)
[2024-05-30T11:24:21.700+0000][3001.120s][info][gc,heap     ] GC(495) Survivor regions: 42->40(87)
[2024-05-30T11:24:21.700+0000][3001.120s][info][gc,heap     ] GC(495) Old regions: 488->488
[2024-05-30T11:24:21.700+0000][3001.120s][info][gc,heap     ] GC(495) Archive regions: 2->2
[2024-05-30T11:24:21.700+0000][3001.120s][info][gc,heap     ] GC(495) Humongous regions: 5->5
[2024-05-30T11:24:21.700+0000][3001.120s][info][gc,metaspace] GC(495) Metaspace: 412771K(418816K)->412771K(418816K) NonClass: 360785K(364160K)->360785K(364160K) Class: 51986K(54656K)->51986K(54656K)
[2024-05-30T11:24:21.700+0000][3001.120s][info][gc          ] GC(495) Pause Young (Normal) (G1 Evacuation Pause) 9470M->4265M(12288M) 123.224ms
[2024-05-30T11:24:21.700+0000][3001.120s][info][gc,cpu      ] GC(495) User=0.73s Sys=0.00s Real=0.12s
[2024-05-30T11:24:26.899+0000][3006.318s][info][gc,start    ] GC(496) Pause Young (Normal) (G1 Evacuation Pause)
[2024-05-30T11:24:26.899+0000][3006.318s][info][gc,task     ] GC(496) Using 6 workers of 6 for evacuation
[2024-05-30T11:24:27.030+0000][3006.449s][info][gc,phases   ] GC(496)   Pre Evacuate Collection Set: 0.2ms
[2024-05-30T11:24:27.030+0000][3006.449s][info][gc,phases   ] GC(496)   Merge Heap Roots: 0.3ms
[2024-05-30T11:24:27.030+0000][3006.449s][info][gc,phases   ] GC(496)   Evacuate Collection Set: 127.7ms
[2024-05-30T11:24:27.030+0000][3006.449s][info][gc,phases   ] GC(496)   Post Evacuate Collection Set: 2.4ms
[2024-05-30T11:24:27.030+0000][3006.449s][info][gc,phases   ] GC(496)   Other: 0.2ms
[2024-05-30T11:24:27.030+0000][3006.449s][info][gc,heap     ] GC(496) Eden regions: 653->0(650)
[2024-05-30T11:24:27.030+0000][3006.449s][info][gc,heap     ] GC(496) Survivor regions: 40->41(87)
[2024-05-30T11:24:27.030+0000][3006.449s][info][gc,heap     ] GC(496) Old regions: 488->489
[2024-05-30T11:24:27.030+0000][3006.449s][info][gc,heap     ] GC(496) Archive regions: 2->2
[2024-05-30T11:24:27.030+0000][3006.449s][info][gc,heap     ] GC(496) Humongous regions: 5->5
[2024-05-30T11:24:27.030+0000][3006.449s][info][gc,metaspace] GC(496) Metaspace: 412771K(418816K)->412771K(418816K) NonClass: 360785K(364160K)->360785K(364160K) Class: 51986K(54656K)->51986K(54656K)
[2024-05-30T11:24:27.030+0000][3006.449s][info][gc          ] GC(496) Pause Young (Normal) (G1 Evacuation Pause) 9489M->4278M(12288M) 130.869ms
[2024-05-30T11:24:27.030+0000][3006.449s][info][gc,cpu      ] GC(496) User=0.78s Sys=0.00s Real=0.13s
[2024-05-30T11:24:34.104+0000][3013.523s][info][gc,start    ] GC(497) Pause Young (Normal) (G1 Evacuation Pause)
[2024-05-30T11:24:34.104+0000][3013.523s][info][gc,task     ] GC(497) Using 6 workers of 6 for evacuation
[2024-05-30T11:24:34.231+0000][3013.650s][info][gc,phases   ] GC(497)   Pre Evacuate Collection Set: 0.2ms
[2024-05-30T11:24:34.231+0000][3013.650s][info][gc,phases   ] GC(497)   Merge Heap Roots: 0.3ms
[2024-05-30T11:24:34.231+0000][3013.650s][info][gc,phases   ] GC(497)   Evacuate Collection Set: 124.7ms
[2024-05-30T11:24:34.231+0000][3013.650s][info][gc,phases   ] GC(497)   Post Evacuate Collection Set: 2.3ms
[2024-05-30T11:24:34.231+0000][3013.650s][info][gc,phases   ] GC(497)   Other: 0.2ms
[2024-05-30T11:24:34.231+0000][3013.650s][info][gc,heap     ] GC(497) Eden regions: 650->0(647)
[2024-05-30T11:24:34.231+0000][3013.650s][info][gc,heap     ] GC(497) Survivor regions: 41->42(87)
[2024-05-30T11:24:34.231+0000][3013.650s][info][gc,heap     ] GC(497) Old regions: 489->490
[2024-05-30T11:24:34.231+0000][3013.651s][info][gc,heap     ] GC(497) Archive regions: 2->2
[2024-05-30T11:24:34.231+0000][3013.651s][info][gc,heap     ] GC(497) Humongous regions: 5->5
[2024-05-30T11:24:34.231+0000][3013.651s][info][gc,metaspace] GC(497) Metaspace: 412773K(418816K)->412773K(418816K) NonClass: 360786K(364160K)->360786K(364160K) Class: 51986K(54656K)->51986K(54656K)
[2024-05-30T11:24:34.231+0000][3013.651s][info][gc          ] GC(497) Pause Young (Normal) (G1 Evacuation Pause) 9478M->4294M(12288M) 127.709ms
[2024-05-30T11:24:34.231+0000][3013.651s][info][gc,cpu      ] GC(497) User=0.76s Sys=0.00s Real=0.13s
[2024-05-30T11:24:41.267+0000][3020.686s][info][gc,start    ] GC(498) Pause Young (Normal) (G1 Evacuation Pause)
[2024-05-30T11:24:41.267+0000][3020.686s][info][gc,task     ] GC(498) Using 6 workers of 6 for evacuation
[2024-05-30T11:24:41.412+0000][3020.831s][info][gc,phases   ] GC(498)   Pre Evacuate Collection Set: 0.2ms
[2024-05-30T11:24:41.412+0000][3020.831s][info][gc,phases   ] GC(498)   Merge Heap Roots: 0.4ms
[2024-05-30T11:24:41.412+0000][3020.831s][info][gc,phases   ] GC(498)   Evacuate Collection Set: 141.6ms
[2024-05-30T11:24:41.412+0000][3020.831s][info][gc,phases   ] GC(498)   Post Evacuate Collection Set: 2.3ms
[2024-05-30T11:24:41.412+0000][3020.831s][info][gc,phases   ] GC(498)   Other: 0.2ms
[2024-05-30T11:24:41.412+0000][3020.831s][info][gc,heap     ] GC(498) Eden regions: 647->0(646)
[2024-05-30T11:24:41.412+0000][3020.831s][info][gc,heap     ] GC(498) Survivor regions: 42->42(87)
[2024-05-30T11:24:41.412+0000][3020.831s][info][gc,heap     ] GC(498) Old regions: 490->491
[2024-05-30T11:24:41.412+0000][3020.831s][info][gc,heap     ] GC(498) Archive regions: 2->2
[2024-05-30T11:24:41.412+0000][3020.831s][info][gc,heap     ] GC(498) Humongous regions: 5->5
[2024-05-30T11:24:41.412+0000][3020.831s][info][gc,metaspace] GC(498) Metaspace: 412773K(418816K)->412773K(418816K) NonClass: 360786K(364160K)->360786K(364160K) Class: 51986K(54656K)->51986K(54656K)
[2024-05-30T11:24:41.412+0000][3020.831s][info][gc          ] GC(498) Pause Young (Normal) (G1 Evacuation Pause) 9470M->4306M(12288M) 144.737ms
[2024-05-30T11:24:41.412+0000][3020.831s][info][gc,cpu      ] GC(498) User=0.87s Sys=0.00s Real=0.15s
[2024-05-30T11:24:48.418+0000][3027.837s][info][gc,start    ] GC(499) Pause Young (Normal) (G1 Evacuation Pause)
[2024-05-30T11:24:48.418+0000][3027.837s][info][gc,task     ] GC(499) Using 6 workers of 6 for evacuation
[2024-05-30T11:24:48.546+0000][3027.965s][info][gc,phases   ] GC(499)   Pre Evacuate Collection Set: 0.2ms
[2024-05-30T11:24:48.546+0000][3027.965s][info][gc,phases   ] GC(499)   Merge Heap Roots: 0.3ms
[2024-05-30T11:24:48.546+0000][3027.965s][info][gc,phases   ] GC(499)   Evacuate Collection Set: 124.7ms
[2024-05-30T11:24:48.546+0000][3027.965s][info][gc,phases   ] GC(499)   Post Evacuate Collection Set: 2.3ms
[2024-05-30T11:24:48.546+0000][3027.965s][info][gc,phases   ] GC(499)   Other: 0.2ms
[2024-05-30T11:24:48.546+0000][3027.965s][info][gc,heap     ] GC(499) Eden regions: 646->0(648)
[2024-05-30T11:24:48.546+0000][3027.965s][info][gc,heap     ] GC(499) Survivor regions: 42->40(86)
[2024-05-30T11:24:48.546+0000][3027.965s][info][gc,heap     ] GC(499) Old regions: 491->493
[2024-05-30T11:24:48.546+0000][3027.965s][info][gc,heap     ] GC(499) Archive regions: 2->2
[2024-05-30T11:24:48.546+0000][3027.965s][info][gc,heap     ] GC(499) Humongous regions: 5->5
[2024-05-30T11:24:48.546+0000][3027.965s][info][gc,metaspace] GC(499) Metaspace: 412773K(418816K)->412773K(418816K) NonClass: 360786K(364160K)->360786K(364160K) Class: 51986K(54656K)->51986K(54656K)
[2024-05-30T11:24:48.546+0000][3027.965s][info][gc          ] GC(499) Pause Young (Normal) (G1 Evacuation Pause) 9474M->4302M(12288M) 127.824ms
[2024-05-30T11:24:48.546+0000][3027.965s][info][gc,cpu      ] GC(499) User=0.77s Sys=0.00s Real=0.12s
[2024-05-30T11:24:55.556+0000][3034.975s][info][gc,start    ] GC(500) Pause Young (Normal) (G1 Evacuation Pause)
[2024-05-30T11:24:55.556+0000][3034.975s][info][gc,task     ] GC(500) Using 6 workers of 6 for evacuation
[2024-05-30T11:24:55.682+0000][3035.101s][info][gc,phases   ] GC(500)   Pre Evacuate Collection Set: 0.2ms
[2024-05-30T11:24:55.682+0000][3035.101s][info][gc,phases   ] GC(500)   Merge Heap Roots: 0.4ms
[2024-05-30T11:24:55.682+0000][3035.101s][info][gc,phases   ] GC(500)   Evacuate Collection Set: 123.3ms
[2024-05-30T11:24:55.682+0000][3035.101s][info][gc,phases   ] GC(500)   Post Evacuate Collection Set: 2.4ms
[2024-05-30T11:24:55.682+0000][3035.101s][info][gc,phases   ] GC(500)   Other: 0.2ms
[2024-05-30T11:24:55.682+0000][3035.101s][info][gc,heap     ] GC(500) Eden regions: 648->0(653)
[2024-05-30T11:24:55.682+0000][3035.101s][info][gc,heap     ] GC(500) Survivor regions: 40->36(86)
[2024-05-30T11:24:55.682+0000][3035.101s][info][gc,heap     ] GC(500) Old regions: 493->496
[2024-05-30T11:24:55.682+0000][3035.101s][info][gc,heap     ] GC(500) Archive regions: 2->2
[2024-05-30T11:24:55.682+0000][3035.102s][info][gc,heap     ] GC(500) Humongous regions: 5->5
[2024-05-30T11:24:55.682+0000][3035.102s][info][gc,metaspace] GC(500) Metaspace: 412776K(418880K)->412776K(418880K) NonClass: 360790K(364224K)->360790K(364224K) Class: 51986K(54656K)->51986K(54656K)
[2024-05-30T11:24:55.682+0000][3035.102s][info][gc          ] GC(500) Pause Young (Normal) (G1 Evacuation Pause) 9486M->4295M(12288M) 126.527ms
[2024-05-30T11:24:55.682+0000][3035.102s][info][gc,cpu      ] GC(500) User=0.75s Sys=0.00s Real=0.13s
[2024-05-30T11:25:02.938+0000][3042.357s][info][gc,start    ] GC(501) Pause Young (Normal) (G1 Evacuation Pause)
[2024-05-30T11:25:02.938+0000][3042.357s][info][gc,task     ] GC(501) Using 6 workers of 6 for evacuation
[2024-05-30T11:25:03.053+0000][3042.473s][info][gc,phases   ] GC(501)   Pre Evacuate Collection Set: 0.2ms
[2024-05-30T11:25:03.053+0000][3042.473s][info][gc,phases   ] GC(501)   Merge Heap Roots: 0.3ms
[2024-05-30T11:25:03.053+0000][3042.473s][info][gc,phases   ] GC(501)   Evacuate Collection Set: 112.8ms
[2024-05-30T11:25:03.053+0000][3042.473s][info][gc,phases   ] GC(501)   Post Evacuate Collection Set: 2.4ms
[2024-05-30T11:25:03.053+0000][3042.473s][info][gc,phases   ] GC(501)   Other: 0.2ms
[2024-05-30T11:25:03.053+0000][3042.473s][info][gc,heap     ] GC(501) Eden regions: 653->0(651)
[2024-05-30T11:25:03.054+0000][3042.473s][info][gc,heap     ] GC(501) Survivor regions: 36->35(87)
[2024-05-30T11:25:03.054+0000][3042.473s][info][gc,heap     ] GC(501) Old regions: 496->500
[2024-05-30T11:25:03.054+0000][3042.473s][info][gc,heap     ] GC(501) Archive regions: 2->2
[2024-05-30T11:25:03.054+0000][3042.473s][info][gc,heap     ] GC(501) Humongous regions: 5->5
[2024-05-30T11:25:03.054+0000][3042.473s][info][gc,metaspace] GC(501) Metaspace: 412778K(418880K)->412778K(418880K) NonClass: 360792K(364224K)->360792K(364224K) Class: 51986K(54656K)->51986K(54656K)
[2024-05-30T11:25:03.054+0000][3042.473s][info][gc          ] GC(501) Pause Young (Normal) (G1 Evacuation Pause) 9519M->4318M(12288M) 115.908ms
[2024-05-30T11:25:03.054+0000][3042.473s][info][gc,cpu      ] GC(501) User=0.69s Sys=0.00s Real=0.11s
[2024-05-30T11:25:10.266+0000][3049.686s][info][gc,start    ] GC(502) Pause Young (Normal) (G1 Evacuation Pause)
[2024-05-30T11:25:10.266+0000][3049.686s][info][gc,task     ] GC(502) Using 6 workers of 6 for evacuation
[2024-05-30T11:25:10.373+0000][3049.792s][info][gc,phases   ] GC(502)   Pre Evacuate Collection Set: 0.2ms
[2024-05-30T11:25:10.373+0000][3049.792s][info][gc,phases   ] GC(502)   Merge Heap Roots: 0.3ms
[2024-05-30T11:25:10.373+0000][3049.792s][info][gc,phases   ] GC(502)   Evacuate Collection Set: 103.6ms
[2024-05-30T11:25:10.373+0000][3049.792s][info][gc,phases   ] GC(502)   Post Evacuate Collection Set: 2.3ms
[2024-05-30T11:25:10.373+0000][3049.792s][info][gc,phases   ] GC(502)   Other: 0.2ms
[2024-05-30T11:25:10.373+0000][3049.792s][info][gc,heap     ] GC(502) Eden regions: 651->0(651)
[2024-05-30T11:25:10.373+0000][3049.792s][info][gc,heap     ] GC(502) Survivor regions: 35->33(86)
[2024-05-30T11:25:10.373+0000][3049.792s][info][gc,heap     ] GC(502) Old regions: 500->504
[2024-05-30T11:25:10.373+0000][3049.792s][info][gc,heap     ] GC(502) Archive regions: 2->2
[2024-05-30T11:25:10.373+0000][3049.792s][info][gc,heap     ] GC(502) Humongous regions: 5->5
[2024-05-30T11:25:10.373+0000][3049.792s][info][gc,metaspace] GC(502) Metaspace: 412778K(418880K)->412778K(418880K) NonClass: 360792K(364224K)->360792K(364224K) Class: 51986K(54656K)->51986K(54656K)
[2024-05-30T11:25:10.373+0000][3049.792s][info][gc          ] GC(502) Pause Young (Normal) (G1 Evacuation Pause) 9526M->4332M(12288M) 106.677ms
[2024-05-30T11:25:10.373+0000][3049.792s][info][gc,cpu      ] GC(502) User=0.63s Sys=0.00s Real=0.11s
[2024-05-30T11:25:17.698+0000][3057.117s][info][gc,start    ] GC(503) Pause Young (Normal) (G1 Evacuation Pause)
[2024-05-30T11:25:17.698+0000][3057.117s][info][gc,task     ] GC(503) Using 6 workers of 6 for evacuation
[2024-05-30T11:25:17.796+0000][3057.215s][info][gc,phases   ] GC(503)   Pre Evacuate Collection Set: 0.2ms
[2024-05-30T11:25:17.796+0000][3057.215s][info][gc,phases   ] GC(503)   Merge Heap Roots: 0.3ms
[2024-05-30T11:25:17.796+0000][3057.215s][info][gc,phases   ] GC(503)   Evacuate Collection Set: 94.9ms
[2024-05-30T11:25:17.796+0000][3057.215s][info][gc,phases   ] GC(503)   Post Evacuate Collection Set: 2.3ms
[2024-05-30T11:25:17.796+0000][3057.215s][info][gc,phases   ] GC(503)   Other: 0.2ms
[2024-05-30T11:25:17.796+0000][3057.215s][info][gc,heap     ] GC(503) Eden regions: 651->0(649)
[2024-05-30T11:25:17.796+0000][3057.215s][info][gc,heap     ] GC(503) Survivor regions: 33->33(86)
[2024-05-30T11:25:17.796+0000][3057.215s][info][gc,heap     ] GC(503) Old regions: 504->506
[2024-05-30T11:25:17.796+0000][3057.215s][info][gc,heap     ] GC(503) Archive regions: 2->2
[2024-05-30T11:25:17.796+0000][3057.215s][info][gc,heap     ] GC(503) Humongous regions: 5->5
[2024-05-30T11:25:17.796+0000][3057.215s][info][gc,metaspace] GC(503) Metaspace: 412778K(418880K)->412778K(418880K) NonClass: 360792K(364224K)->360792K(364224K) Class: 51986K(54656K)->51986K(54656K)
[2024-05-30T11:25:17.796+0000][3057.215s][info][gc          ] GC(503) Pause Young (Normal) (G1 Evacuation Pause) 9540M->4351M(12288M) 97.951ms
[2024-05-30T11:25:17.796+0000][3057.215s][info][gc,cpu      ] GC(503) User=0.59s Sys=0.00s Real=0.09s
[2024-05-30T11:25:24.743+0000][3064.162s][info][gc,start    ] GC(504) Pause Young (Normal) (G1 Evacuation Pause)
[2024-05-30T11:25:24.743+0000][3064.162s][info][gc,task     ] GC(504) Using 6 workers of 6 for evacuation
[2024-05-30T11:25:24.834+0000][3064.254s][info][gc,phases   ] GC(504)   Pre Evacuate Collection Set: 0.2ms
[2024-05-30T11:25:24.834+0000][3064.254s][info][gc,phases   ] GC(504)   Merge Heap Roots: 0.3ms
[2024-05-30T11:25:24.834+0000][3064.254s][info][gc,phases   ] GC(504)   Evacuate Collection Set: 88.3ms
[2024-05-30T11:25:24.834+0000][3064.254s][info][gc,phases   ] GC(504)   Post Evacuate Collection Set: 2.5ms
[2024-05-30T11:25:24.834+0000][3064.254s][info][gc,phases   ] GC(504)   Other: 0.3ms
[2024-05-30T11:25:24.834+0000][3064.254s][info][gc,heap     ] GC(504) Eden regions: 649->0(652)
[2024-05-30T11:25:24.834+0000][3064.254s][info][gc,heap     ] GC(504) Survivor regions: 33->30(86)
[2024-05-30T11:25:24.834+0000][3064.254s][info][gc,heap     ] GC(504) Old regions: 506->509
[2024-05-30T11:25:24.834+0000][3064.254s][info][gc,heap     ] GC(504) Archive regions: 2->2
[2024-05-30T11:25:24.834+0000][3064.254s][info][gc,heap     ] GC(504) Humongous regions: 5->5
[2024-05-30T11:25:24.834+0000][3064.254s][info][gc,metaspace] GC(504) Metaspace: 412779K(418880K)->412779K(418880K) NonClass: 360793K(364224K)->360793K(364224K) Class: 51986K(54656K)->51986K(54656K)
[2024-05-30T11:25:24.834+0000][3064.254s][info][gc          ] GC(504) Pause Young (Normal) (G1 Evacuation Pause) 9543M->4354M(12288M) 91.525ms
[2024-05-30T11:25:24.835+0000][3064.254s][info][gc,cpu      ] GC(504) User=0.54s Sys=0.00s Real=0.09s
[2024-05-30T11:25:31.703+0000][3071.122s][info][gc,start    ] GC(505) Pause Young (Normal) (G1 Evacuation Pause)
[2024-05-30T11:25:31.703+0000][3071.122s][info][gc,task     ] GC(505) Using 6 workers of 6 for evacuation
[2024-05-30T11:25:31.785+0000][3071.204s][info][gc,phases   ] GC(505)   Pre Evacuate Collection Set: 0.2ms
[2024-05-30T11:25:31.785+0000][3071.204s][info][gc,phases   ] GC(505)   Merge Heap Roots: 0.3ms
[2024-05-30T11:25:31.785+0000][3071.204s][info][gc,phases   ] GC(505)   Evacuate Collection Set: 79.2ms
[2024-05-30T11:25:31.785+0000][3071.205s][info][gc,phases   ] GC(505)   Post Evacuate Collection Set: 2.4ms
[2024-05-30T11:25:31.785+0000][3071.205s][info][gc,phases   ] GC(505)   Other: 0.2ms
[2024-05-30T11:25:31.785+0000][3071.205s][info][gc,heap     ] GC(505) Eden regions: 652->0(658)
[2024-05-30T11:25:31.785+0000][3071.205s][info][gc,heap     ] GC(505) Survivor regions: 30->25(86)
[2024-05-30T11:25:31.785+0000][3071.205s][info][gc,heap     ] GC(505) Old regions: 509->513
[2024-05-30T11:25:31.785+0000][3071.205s][info][gc,heap     ] GC(505) Archive regions: 2->2
[2024-05-30T11:25:31.785+0000][3071.205s][info][gc,heap     ] GC(505) Humongous regions: 5->5
[2024-05-30T11:25:31.785+0000][3071.205s][info][gc,metaspace] GC(505) Metaspace: 412787K(418880K)->412787K(418880K) NonClass: 360801K(364224K)->360801K(364224K) Class: 51986K(54656K)->51986K(54656K)
[2024-05-30T11:25:31.785+0000][3071.205s][info][gc          ] GC(505) Pause Young (Normal) (G1 Evacuation Pause) 9570M->4342M(12288M) 82.356ms
[2024-05-30T11:25:31.785+0000][3071.205s][info][gc,cpu      ] GC(505) User=0.49s Sys=0.00s Real=0.08s
[2024-05-30T11:25:38.971+0000][3078.391s][info][gc,start    ] GC(506) Pause Young (Normal) (G1 Evacuation Pause)
[2024-05-30T11:25:38.971+0000][3078.391s][info][gc,task     ] GC(506) Using 6 workers of 6 for evacuation
[2024-05-30T11:25:39.041+0000][3078.460s][info][gc,phases   ] GC(506)   Pre Evacuate Collection Set: 0.2ms
[2024-05-30T11:25:39.041+0000][3078.460s][info][gc,phases   ] GC(506)   Merge Heap Roots: 0.3ms
[2024-05-30T11:25:39.041+0000][3078.460s][info][gc,phases   ] GC(506)   Evacuate Collection Set: 66.7ms
[2024-05-30T11:25:39.041+0000][3078.460s][info][gc,phases   ] GC(506)   Post Evacuate Collection Set: 2.3ms
[2024-05-30T11:25:39.041+0000][3078.460s][info][gc,phases   ] GC(506)   Other: 0.2ms
[2024-05-30T11:25:39.041+0000][3078.460s][info][gc,heap     ] GC(506) Eden regions: 658->0(655)
[2024-05-30T11:25:39.041+0000][3078.460s][info][gc,heap     ] GC(506) Survivor regions: 25->25(86)
[2024-05-30T11:25:39.041+0000][3078.460s][info][gc,heap     ] GC(506) Old regions: 513->516
[2024-05-30T11:25:39.041+0000][3078.460s][info][gc,heap     ] GC(506) Archive regions: 2->2
[2024-05-30T11:25:39.041+0000][3078.460s][info][gc,heap     ] GC(506) Humongous regions: 5->5
[2024-05-30T11:25:39.041+0000][3078.460s][info][gc,metaspace] GC(506) Metaspace: 412787K(418880K)->412787K(418880K) NonClass: 360801K(364224K)->360801K(364224K) Class: 51986K(54656K)->51986K(54656K)
[2024-05-30T11:25:39.041+0000][3078.460s][info][gc          ] GC(506) Pause Young (Normal) (G1 Evacuation Pause) 9606M->4361M(12288M) 69.670ms
[2024-05-30T11:25:39.041+0000][3078.460s][info][gc,cpu      ] GC(506) User=0.41s Sys=0.00s Real=0.07s
[2024-05-30T11:25:46.183+0000][3085.602s][info][gc,start    ] GC(507) Pause Young (Normal) (G1 Evacuation Pause)
[2024-05-30T11:25:46.183+0000][3085.602s][info][gc,task     ] GC(507) Using 6 workers of 6 for evacuation
[2024-05-30T11:25:46.248+0000][3085.667s][info][gc,phases   ] GC(507)   Pre Evacuate Collection Set: 0.2ms
[2024-05-30T11:25:46.248+0000][3085.667s][info][gc,phases   ] GC(507)   Merge Heap Roots: 0.3ms
[2024-05-30T11:25:46.248+0000][3085.667s][info][gc,phases   ] GC(507)   Evacuate Collection Set: 62.2ms
[2024-05-30T11:25:46.248+0000][3085.667s][info][gc,phases   ] GC(507)   Post Evacuate Collection Set: 2.2ms
[2024-05-30T11:25:46.248+0000][3085.667s][info][gc,phases   ] GC(507)   Other: 0.2ms
[2024-05-30T11:25:46.248+0000][3085.667s][info][gc,heap     ] GC(507) Eden regions: 655->0(654)
[2024-05-30T11:25:46.248+0000][3085.667s][info][gc,heap     ] GC(507) Survivor regions: 25->24(85)
[2024-05-30T11:25:46.248+0000][3085.667s][info][gc,heap     ] GC(507) Old regions: 516->519
[2024-05-30T11:25:46.248+0000][3085.667s][info][gc,heap     ] GC(507) Archive regions: 2->2
[2024-05-30T11:25:46.248+0000][3085.667s][info][gc,heap     ] GC(507) Humongous regions: 5->5
[2024-05-30T11:25:46.248+0000][3085.667s][info][gc,metaspace] GC(507) Metaspace: 412803K(418880K)->412803K(418880K) NonClass: 360817K(364224K)->360817K(364224K) Class: 51986K(54656K)->51986K(54656K)
[2024-05-30T11:25:46.248+0000][3085.667s][info][gc          ] GC(507) Pause Young (Normal) (G1 Evacuation Pause) 9601M->4380M(12288M) 65.155ms
[2024-05-30T11:25:46.248+0000][3085.667s][info][gc,cpu      ] GC(507) User=0.39s Sys=0.01s Real=0.06s
[2024-05-30T11:25:53.370+0000][3092.789s][info][gc,start    ] GC(508) Pause Young (Normal) (G1 Evacuation Pause)
[2024-05-30T11:25:53.370+0000][3092.789s][info][gc,task     ] GC(508) Using 6 workers of 6 for evacuation
[2024-05-30T11:25:53.426+0000][3092.846s][info][gc,phases   ] GC(508)   Pre Evacuate Collection Set: 0.2ms
[2024-05-30T11:25:53.426+0000][3092.846s][info][gc,phases   ] GC(508)   Merge Heap Roots: 0.2ms
[2024-05-30T11:25:53.426+0000][3092.846s][info][gc,phases   ] GC(508)   Evacuate Collection Set: 53.6ms
[2024-05-30T11:25:53.426+0000][3092.846s][info][gc,phases   ] GC(508)   Post Evacuate Collection Set: 2.5ms
[2024-05-30T11:25:53.426+0000][3092.846s][info][gc,phases   ] GC(508)   Other: 0.2ms
[2024-05-30T11:25:53.426+0000][3092.846s][info][gc,heap     ] GC(508) Eden regions: 654->0(651)
[2024-05-30T11:25:53.426+0000][3092.846s][info][gc,heap     ] GC(508) Survivor regions: 24->25(85)
[2024-05-30T11:25:53.426+0000][3092.846s][info][gc,heap     ] GC(508) Old regions: 519->520
[2024-05-30T11:25:53.426+0000][3092.846s][info][gc,heap     ] GC(508) Archive regions: 2->2
[2024-05-30T11:25:53.426+0000][3092.846s][info][gc,heap     ] GC(508) Humongous regions: 5->5
[2024-05-30T11:25:53.427+0000][3092.846s][info][gc,metaspace] GC(508) Metaspace: 412812K(418880K)->412812K(418880K) NonClass: 360826K(364224K)->360826K(364224K) Class: 51986K(54656K)->51986K(54656K)
[2024-05-30T11:25:53.427+0000][3092.846s][info][gc          ] GC(508) Pause Young (Normal) (G1 Evacuation Pause) 9612M->4399M(12288M) 56.779ms
[2024-05-30T11:25:53.427+0000][3092.846s][info][gc,cpu      ] GC(508) User=0.34s Sys=0.00s Real=0.05s
[2024-05-30T11:26:00.264+0000][3099.683s][info][gc,start    ] GC(509) Pause Young (Normal) (G1 Evacuation Pause)
[2024-05-30T11:26:00.264+0000][3099.683s][info][gc,task     ] GC(509) Using 6 workers of 6 for evacuation
[2024-05-30T11:26:00.319+0000][3099.739s][info][gc,phases   ] GC(509)   Pre Evacuate Collection Set: 0.2ms
[2024-05-30T11:26:00.319+0000][3099.739s][info][gc,phases   ] GC(509)   Merge Heap Roots: 0.2ms
[2024-05-30T11:26:00.319+0000][3099.739s][info][gc,phases   ] GC(509)   Evacuate Collection Set: 52.5ms
[2024-05-30T11:26:00.319+0000][3099.739s][info][gc,phases   ] GC(509)   Post Evacuate Collection Set: 2.4ms
[2024-05-30T11:26:00.319+0000][3099.739s][info][gc,phases   ] GC(509)   Other: 0.2ms
[2024-05-30T11:26:00.319+0000][3099.739s][info][gc,heap     ] GC(509) Eden regions: 651->0(655)
[2024-05-30T11:26:00.319+0000][3099.739s][info][gc,heap     ] GC(509) Survivor regions: 25->23(85)
[2024-05-30T11:26:00.319+0000][3099.739s][info][gc,heap     ] GC(509) Old regions: 520->520
[2024-05-30T11:26:00.319+0000][3099.739s][info][gc,heap     ] GC(509) Archive regions: 2->2
[2024-05-30T11:26:00.319+0000][3099.739s][info][gc,heap     ] GC(509) Humongous regions: 5->5
[2024-05-30T11:26:00.319+0000][3099.739s][info][gc,metaspace] GC(509) Metaspace: 412837K(418880K)->412837K(418880K) NonClass: 360850K(364224K)->360850K(364224K) Class: 51987K(54656K)->51987K(54656K)
[2024-05-30T11:26:00.319+0000][3099.739s][info][gc          ] GC(509) Pause Young (Normal) (G1 Evacuation Pause) 9607M->4384M(12288M) 55.649ms
[2024-05-30T11:26:00.319+0000][3099.739s][info][gc,cpu      ] GC(509) User=0.32s Sys=0.00s Real=0.06s
[2024-05-30T11:26:07.464+0000][3106.883s][info][gc,start    ] GC(510) Pause Young (Normal) (G1 Evacuation Pause)
[2024-05-30T11:26:07.464+0000][3106.883s][info][gc,task     ] GC(510) Using 6 workers of 6 for evacuation
[2024-05-30T11:26:07.521+0000][3106.940s][info][gc,phases   ] GC(510)   Pre Evacuate Collection Set: 0.2ms
[2024-05-30T11:26:07.521+0000][3106.940s][info][gc,phases   ] GC(510)   Merge Heap Roots: 0.2ms
[2024-05-30T11:26:07.521+0000][3106.940s][info][gc,phases   ] GC(510)   Evacuate Collection Set: 54.1ms
[2024-05-30T11:26:07.521+0000][3106.940s][info][gc,phases   ] GC(510)   Post Evacuate Collection Set: 2.3ms
[2024-05-30T11:26:07.521+0000][3106.941s][info][gc,phases   ] GC(510)   Other: 0.2ms
[2024-05-30T11:26:07.521+0000][3106.941s][info][gc,heap     ] GC(510) Eden regions: 655->0(654)
[2024-05-30T11:26:07.521+0000][3106.941s][info][gc,heap     ] GC(510) Survivor regions: 23->23(85)
[2024-05-30T11:26:07.521+0000][3106.941s][info][gc,heap     ] GC(510) Old regions: 520->521
[2024-05-30T11:26:07.521+0000][3106.941s][info][gc,heap     ] GC(510) Archive regions: 2->2
[2024-05-30T11:26:07.521+0000][3106.941s][info][gc,heap     ] GC(510) Humongous regions: 5->5
[2024-05-30T11:26:07.521+0000][3106.941s][info][gc,metaspace] GC(510) Metaspace: 412840K(418880K)->412840K(418880K) NonClass: 360852K(364224K)->360852K(364224K) Class: 51987K(54656K)->51987K(54656K)
[2024-05-30T11:26:07.521+0000][3106.941s][info][gc          ] GC(510) Pause Young (Normal) (G1 Evacuation Pause) 9624M->4393M(12288M) 57.194ms
[2024-05-30T11:26:07.521+0000][3106.941s][info][gc,cpu      ] GC(510) User=0.34s Sys=0.00s Real=0.06s
[2024-05-30T11:26:14.367+0000][3113.786s][info][gc,start    ] GC(511) Pause Young (Normal) (G1 Evacuation Pause)
[2024-05-30T11:26:14.367+0000][3113.786s][info][gc,task     ] GC(511) Using 6 workers of 6 for evacuation
[2024-05-30T11:26:14.421+0000][3113.841s][info][gc,phases   ] GC(511)   Pre Evacuate Collection Set: 0.2ms
[2024-05-30T11:26:14.421+0000][3113.841s][info][gc,phases   ] GC(511)   Merge Heap Roots: 0.2ms
[2024-05-30T11:26:14.421+0000][3113.841s][info][gc,phases   ] GC(511)   Evacuate Collection Set: 52.0ms
[2024-05-30T11:26:14.421+0000][3113.841s][info][gc,phases   ] GC(511)   Post Evacuate Collection Set: 2.2ms
[2024-05-30T11:26:14.421+0000][3113.841s][info][gc,phases   ] GC(511)   Other: 0.2ms
[2024-05-30T11:26:14.421+0000][3113.841s][info][gc,heap     ] GC(511) Eden regions: 654->0(655)
[2024-05-30T11:26:14.421+0000][3113.841s][info][gc,heap     ] GC(511) Survivor regions: 23->22(85)
[2024-05-30T11:26:14.421+0000][3113.841s][info][gc,heap     ] GC(511) Old regions: 521->522
[2024-05-30T11:26:14.421+0000][3113.841s][info][gc,heap     ] GC(511) Archive regions: 2->2
[2024-05-30T11:26:14.421+0000][3113.841s][info][gc,heap     ] GC(511) Humongous regions: 5->5
[2024-05-30T11:26:14.421+0000][3113.841s][info][gc,metaspace] GC(511) Metaspace: 412840K(418880K)->412840K(418880K) NonClass: 360852K(364224K)->360852K(364224K) Class: 51987K(54656K)->51987K(54656K)
[2024-05-30T11:26:14.421+0000][3113.841s][info][gc          ] GC(511) Pause Young (Normal) (G1 Evacuation Pause) 9625M->4386M(12288M) 54.820ms
[2024-05-30T11:26:14.421+0000][3113.841s][info][gc,cpu      ] GC(511) User=0.32s Sys=0.00s Real=0.06s
[2024-05-30T11:26:21.553+0000][3120.972s][info][gc,start    ] GC(512) Pause Young (Normal) (G1 Evacuation Pause)
[2024-05-30T11:26:21.553+0000][3120.972s][info][gc,task     ] GC(512) Using 6 workers of 6 for evacuation
[2024-05-30T11:26:21.608+0000][3121.027s][info][gc,phases   ] GC(512)   Pre Evacuate Collection Set: 0.2ms
[2024-05-30T11:26:21.608+0000][3121.028s][info][gc,phases   ] GC(512)   Merge Heap Roots: 0.2ms
[2024-05-30T11:26:21.608+0000][3121.028s][info][gc,phases   ] GC(512)   Evacuate Collection Set: 52.9ms
[2024-05-30T11:26:21.608+0000][3121.028s][info][gc,phases   ] GC(512)   Post Evacuate Collection Set: 2.2ms
[2024-05-30T11:26:21.608+0000][3121.028s][info][gc,phases   ] GC(512)   Other: 0.2ms
[2024-05-30T11:26:21.608+0000][3121.028s][info][gc,heap     ] GC(512) Eden regions: 655->0(653)
[2024-05-30T11:26:21.608+0000][3121.028s][info][gc,heap     ] GC(512) Survivor regions: 22->23(85)
[2024-05-30T11:26:21.608+0000][3121.028s][info][gc,heap     ] GC(512) Old regions: 522->522
[2024-05-30T11:26:21.608+0000][3121.028s][info][gc,heap     ] GC(512) Archive regions: 2->2
[2024-05-30T11:26:21.608+0000][3121.028s][info][gc,heap     ] GC(512) Humongous regions: 5->5
[2024-05-30T11:26:21.608+0000][3121.028s][info][gc,metaspace] GC(512) Metaspace: 412840K(418880K)->412840K(418880K) NonClass: 360852K(364224K)->360852K(364224K) Class: 51987K(54656K)->51987K(54656K)
[2024-05-30T11:26:21.608+0000][3121.028s][info][gc          ] GC(512) Pause Young (Normal) (G1 Evacuation Pause) 9626M->4403M(12288M) 55.836ms
[2024-05-30T11:26:21.608+0000][3121.028s][info][gc,cpu      ] GC(512) User=0.33s Sys=0.00s Real=0.06s
[2024-05-30T11:26:28.581+0000][3128.000s][info][gc,start    ] GC(513) Pause Young (Normal) (G1 Evacuation Pause)
[2024-05-30T11:26:28.581+0000][3128.000s][info][gc,task     ] GC(513) Using 6 workers of 6 for evacuation
[2024-05-30T11:26:28.637+0000][3128.056s][info][gc,phases   ] GC(513)   Pre Evacuate Collection Set: 0.2ms
[2024-05-30T11:26:28.637+0000][3128.056s][info][gc,phases   ] GC(513)   Merge Heap Roots: 0.2ms
[2024-05-30T11:26:28.637+0000][3128.056s][info][gc,phases   ] GC(513)   Evacuate Collection Set: 52.8ms
[2024-05-30T11:26:28.637+0000][3128.056s][info][gc,phases   ] GC(513)   Post Evacuate Collection Set: 2.4ms
[2024-05-30T11:26:28.637+0000][3128.056s][info][gc,phases   ] GC(513)   Other: 0.2ms
[2024-05-30T11:26:28.637+0000][3128.056s][info][gc,heap     ] GC(513) Eden regions: 653->0(651)
[2024-05-30T11:26:28.637+0000][3128.056s][info][gc,heap     ] GC(513) Survivor regions: 23->23(85)
[2024-05-30T11:26:28.637+0000][3128.056s][info][gc,heap     ] GC(513) Old regions: 522->524
[2024-05-30T11:26:28.637+0000][3128.056s][info][gc,heap     ] GC(513) Archive regions: 2->2
[2024-05-30T11:26:28.637+0000][3128.056s][info][gc,heap     ] GC(513) Humongous regions: 5->5
[2024-05-30T11:26:28.637+0000][3128.056s][info][gc,metaspace] GC(513) Metaspace: 412840K(418880K)->412840K(418880K) NonClass: 360853K(364224K)->360853K(364224K) Class: 51987K(54656K)->51987K(54656K)
[2024-05-30T11:26:28.637+0000][3128.056s][info][gc          ] GC(513) Pause Young (Normal) (G1 Evacuation Pause) 9627M->4412M(12288M) 55.785ms
[2024-05-30T11:26:28.637+0000][3128.056s][info][gc,cpu      ] GC(513) User=0.33s Sys=0.01s Real=0.06s
[2024-05-30T11:26:35.613+0000][3135.032s][info][gc,start    ] GC(514) Pause Young (Normal) (G1 Evacuation Pause)
[2024-05-30T11:26:35.613+0000][3135.033s][info][gc,task     ] GC(514) Using 6 workers of 6 for evacuation
[2024-05-30T11:26:35.671+0000][3135.090s][info][gc,phases   ] GC(514)   Pre Evacuate Collection Set: 0.2ms
[2024-05-30T11:26:35.671+0000][3135.090s][info][gc,phases   ] GC(514)   Merge Heap Roots: 0.2ms
[2024-05-30T11:26:35.671+0000][3135.090s][info][gc,phases   ] GC(514)   Evacuate Collection Set: 55.2ms
[2024-05-30T11:26:35.671+0000][3135.090s][info][gc,phases   ] GC(514)   Post Evacuate Collection Set: 2.2ms
[2024-05-30T11:26:35.671+0000][3135.090s][info][gc,phases   ] GC(514)   Other: 0.2ms
[2024-05-30T11:26:35.671+0000][3135.090s][info][gc,heap     ] GC(514) Eden regions: 651->0(652)
[2024-05-30T11:26:35.671+0000][3135.090s][info][gc,heap     ] GC(514) Survivor regions: 23->22(85)
[2024-05-30T11:26:35.671+0000][3135.090s][info][gc,heap     ] GC(514) Old regions: 524->525
[2024-05-30T11:26:35.671+0000][3135.090s][info][gc,heap     ] GC(514) Archive regions: 2->2
[2024-05-30T11:26:35.671+0000][3135.090s][info][gc,heap     ] GC(514) Humongous regions: 5->5
[2024-05-30T11:26:35.671+0000][3135.090s][info][gc,metaspace] GC(514) Metaspace: 412857K(418880K)->412857K(418880K) NonClass: 360870K(364224K)->360870K(364224K) Class: 51987K(54656K)->51987K(54656K)
[2024-05-30T11:26:35.671+0000][3135.091s][info][gc          ] GC(514) Pause Young (Normal) (G1 Evacuation Pause) 9620M->4409M(12288M) 58.034ms
[2024-05-30T11:26:35.671+0000][3135.091s][info][gc,cpu      ] GC(514) User=0.33s Sys=0.01s Real=0.06s
[2024-05-30T11:26:42.604+0000][3142.023s][info][gc,start    ] GC(515) Pause Young (Normal) (G1 Evacuation Pause)
[2024-05-30T11:26:42.604+0000][3142.023s][info][gc,task     ] GC(515) Using 6 workers of 6 for evacuation
[2024-05-30T11:26:42.657+0000][3142.076s][info][gc,phases   ] GC(515)   Pre Evacuate Collection Set: 0.2ms
[2024-05-30T11:26:42.657+0000][3142.076s][info][gc,phases   ] GC(515)   Merge Heap Roots: 0.3ms
[2024-05-30T11:26:42.657+0000][3142.076s][info][gc,phases   ] GC(515)   Evacuate Collection Set: 50.0ms
[2024-05-30T11:26:42.657+0000][3142.076s][info][gc,phases   ] GC(515)   Post Evacuate Collection Set: 2.3ms
[2024-05-30T11:26:42.657+0000][3142.076s][info][gc,phases   ] GC(515)   Other: 0.2ms
[2024-05-30T11:26:42.657+0000][3142.076s][info][gc,heap     ] GC(515) Eden regions: 652->0(654)
[2024-05-30T11:26:42.657+0000][3142.076s][info][gc,heap     ] GC(515) Survivor regions: 22->21(85)
[2024-05-30T11:26:42.657+0000][3142.076s][info][gc,heap     ] GC(515) Old regions: 525->525
[2024-05-30T11:26:42.657+0000][3142.076s][info][gc,heap     ] GC(515) Archive regions: 2->2
[2024-05-30T11:26:42.657+0000][3142.076s][info][gc,heap     ] GC(515) Humongous regions: 5->5
[2024-05-30T11:26:42.657+0000][3142.076s][info][gc,metaspace] GC(515) Metaspace: 412865K(418880K)->412865K(418880K) NonClass: 360878K(364224K)->360878K(364224K) Class: 51987K(54656K)->51987K(54656K)
[2024-05-30T11:26:42.657+0000][3142.076s][info][gc          ] GC(515) Pause Young (Normal) (G1 Evacuation Pause) 9625M->4407M(12288M) 52.968ms
[2024-05-30T11:26:42.657+0000][3142.076s][info][gc,cpu      ] GC(515) User=0.31s Sys=0.00s Real=0.06s
[2024-05-30T11:26:49.816+0000][3149.235s][info][gc,start    ] GC(516) Pause Young (Normal) (G1 Evacuation Pause)
[2024-05-30T11:26:49.816+0000][3149.235s][info][gc,task     ] GC(516) Using 6 workers of 6 for evacuation
[2024-05-30T11:26:49.875+0000][3149.295s][info][gc,phases   ] GC(516)   Pre Evacuate Collection Set: 0.2ms
[2024-05-30T11:26:49.875+0000][3149.295s][info][gc,phases   ] GC(516)   Merge Heap Roots: 0.2ms
[2024-05-30T11:26:49.875+0000][3149.295s][info][gc,phases   ] GC(516)   Evacuate Collection Set: 56.4ms
[2024-05-30T11:26:49.875+0000][3149.295s][info][gc,phases   ] GC(516)   Post Evacuate Collection Set: 2.1ms
[2024-05-30T11:26:49.875+0000][3149.295s][info][gc,phases   ] GC(516)   Other: 0.2ms
[2024-05-30T11:26:49.875+0000][3149.295s][info][gc,heap     ] GC(516) Eden regions: 654->0(651)
[2024-05-30T11:26:49.875+0000][3149.295s][info][gc,heap     ] GC(516) Survivor regions: 21->22(85)
[2024-05-30T11:26:49.875+0000][3149.295s][info][gc,heap     ] GC(516) Old regions: 525->526
[2024-05-30T11:26:49.875+0000][3149.295s][info][gc,heap     ] GC(516) Archive regions: 2->2
[2024-05-30T11:26:49.875+0000][3149.295s][info][gc,heap     ] GC(516) Humongous regions: 5->5
[2024-05-30T11:26:49.875+0000][3149.295s][info][gc,metaspace] GC(516) Metaspace: 412866K(418880K)->412866K(418880K) NonClass: 360878K(364224K)->360878K(364224K) Class: 51987K(54656K)->51987K(54656K)
[2024-05-30T11:26:49.875+0000][3149.295s][info][gc          ] GC(516) Pause Young (Normal) (G1 Evacuation Pause) 9639M->4425M(12288M) 59.247ms
[2024-05-30T11:26:49.875+0000][3149.295s][info][gc,cpu      ] GC(516) User=0.35s Sys=0.00s Real=0.06s
[2024-05-30T11:26:56.960+0000][3156.380s][info][gc,start    ] GC(517) Pause Young (Normal) (G1 Evacuation Pause)
[2024-05-30T11:26:56.960+0000][3156.380s][info][gc,task     ] GC(517) Using 6 workers of 6 for evacuation
[2024-05-30T11:26:57.014+0000][3156.433s][info][gc,phases   ] GC(517)   Pre Evacuate Collection Set: 0.2ms
[2024-05-30T11:26:57.014+0000][3156.433s][info][gc,phases   ] GC(517)   Merge Heap Roots: 0.2ms
[2024-05-30T11:26:57.014+0000][3156.433s][info][gc,phases   ] GC(517)   Evacuate Collection Set: 50.9ms
[2024-05-30T11:26:57.014+0000][3156.433s][info][gc,phases   ] GC(517)   Post Evacuate Collection Set: 2.3ms
[2024-05-30T11:26:57.014+0000][3156.433s][info][gc,phases   ] GC(517)   Other: 0.2ms
[2024-05-30T11:26:57.014+0000][3156.433s][info][gc,heap     ] GC(517) Eden regions: 651->0(648)
[2024-05-30T11:26:57.014+0000][3156.433s][info][gc,heap     ] GC(517) Survivor regions: 22->23(85)
[2024-05-30T11:26:57.014+0000][3156.433s][info][gc,heap     ] GC(517) Old regions: 526->527
[2024-05-30T11:26:57.014+0000][3156.433s][info][gc,heap     ] GC(517) Archive regions: 2->2
[2024-05-30T11:26:57.014+0000][3156.433s][info][gc,heap     ] GC(517) Humongous regions: 5->5
[2024-05-30T11:26:57.014+0000][3156.433s][info][gc,metaspace] GC(517) Metaspace: 412874K(418880K)->412874K(418880K) NonClass: 360886K(364224K)->360886K(364224K) Class: 51987K(54656K)->51987K(54656K)
[2024-05-30T11:26:57.014+0000][3156.434s][info][gc          ] GC(517) Pause Young (Normal) (G1 Evacuation Pause) 9633M->4436M(12288M) 53.889ms
[2024-05-30T11:26:57.014+0000][3156.434s][info][gc,cpu      ] GC(517) User=0.32s Sys=0.00s Real=0.05s
[2024-05-30T11:27:02.324+0000][3161.743s][info][gc,start    ] GC(518) Pause Young (Normal) (G1 Evacuation Pause)
[2024-05-30T11:27:02.324+0000][3161.744s][info][gc,task     ] GC(518) Using 6 workers of 6 for evacuation
[2024-05-30T11:27:02.416+0000][3161.835s][info][gc,phases   ] GC(518)   Pre Evacuate Collection Set: 0.2ms
[2024-05-30T11:27:02.416+0000][3161.835s][info][gc,phases   ] GC(518)   Merge Heap Roots: 0.3ms
[2024-05-30T11:27:02.416+0000][3161.835s][info][gc,phases   ] GC(518)   Evacuate Collection Set: 81.5ms
[2024-05-30T11:27:02.416+0000][3161.835s][info][gc,phases   ] GC(518)   Post Evacuate Collection Set: 9.3ms
[2024-05-30T11:27:02.416+0000][3161.835s][info][gc,phases   ] GC(518)   Other: 0.2ms
[2024-05-30T11:27:02.416+0000][3161.835s][info][gc,heap     ] GC(518) Eden regions: 648->0(645)
[2024-05-30T11:27:02.416+0000][3161.835s][info][gc,heap     ] GC(518) Survivor regions: 23->24(84)
[2024-05-30T11:27:02.416+0000][3161.835s][info][gc,heap     ] GC(518) Old regions: 527->528
[2024-05-30T11:27:02.416+0000][3161.835s][info][gc,heap     ] GC(518) Archive regions: 2->2
[2024-05-30T11:27:02.416+0000][3161.835s][info][gc,heap     ] GC(518) Humongous regions: 5->5
[2024-05-30T11:27:02.416+0000][3161.835s][info][gc,metaspace] GC(518) Metaspace: 412874K(418880K)->412874K(418880K) NonClass: 360887K(364224K)->360887K(364224K) Class: 51987K(54656K)->51987K(54656K)
[2024-05-30T11:27:02.416+0000][3161.835s][info][gc          ] GC(518) Pause Young (Normal) (G1 Evacuation Pause) 9620M->4450M(12288M) 91.575ms
[2024-05-30T11:27:02.416+0000][3161.835s][info][gc,cpu      ] GC(518) User=0.54s Sys=0.00s Real=0.09s
[2024-05-30T11:27:04.391+0000][3163.810s][info][gc,start    ] GC(519) Pause Young (Normal) (G1 Evacuation Pause)
[2024-05-30T11:27:04.391+0000][3163.810s][info][gc,task     ] GC(519) Using 6 workers of 6 for evacuation
[2024-05-30T11:27:04.493+0000][3163.912s][info][gc,phases   ] GC(519)   Pre Evacuate Collection Set: 0.2ms
[2024-05-30T11:27:04.493+0000][3163.912s][info][gc,phases   ] GC(519)   Merge Heap Roots: 0.2ms
[2024-05-30T11:27:04.493+0000][3163.912s][info][gc,phases   ] GC(519)   Evacuate Collection Set: 85.0ms
[2024-05-30T11:27:04.493+0000][3163.912s][info][gc,phases   ] GC(519)   Post Evacuate Collection Set: 16.6ms
[2024-05-30T11:27:04.493+0000][3163.912s][info][gc,phases   ] GC(519)   Other: 0.2ms
[2024-05-30T11:27:04.493+0000][3163.912s][info][gc,heap     ] GC(519) Eden regions: 645->0(641)
[2024-05-30T11:27:04.493+0000][3163.912s][info][gc,heap     ] GC(519) Survivor regions: 24->26(84)
[2024-05-30T11:27:04.493+0000][3163.912s][info][gc,heap     ] GC(519) Old regions: 528->528
[2024-05-30T11:27:04.493+0000][3163.912s][info][gc,heap     ] GC(519) Archive regions: 2->2
[2024-05-30T11:27:04.493+0000][3163.912s][info][gc,heap     ] GC(519) Humongous regions: 5->5
[2024-05-30T11:27:04.493+0000][3163.912s][info][gc,metaspace] GC(519) Metaspace: 412874K(418880K)->412874K(418880K) NonClass: 360887K(364224K)->360887K(364224K) Class: 51987K(54656K)->51987K(54656K)
[2024-05-30T11:27:04.493+0000][3163.912s][info][gc          ] GC(519) Pause Young (Normal) (G1 Evacuation Pause) 9610M->4472M(12288M) 102.305ms
[2024-05-30T11:27:04.493+0000][3163.912s][info][gc,cpu      ] GC(519) User=0.60s Sys=0.00s Real=0.10s
[2024-05-30T11:27:06.399+0000][3165.818s][info][gc,start    ] GC(520) Pause Young (Normal) (G1 Evacuation Pause)
[2024-05-30T11:27:06.399+0000][3165.818s][info][gc,task     ] GC(520) Using 6 workers of 6 for evacuation
[2024-05-30T11:27:06.513+0000][3165.932s][info][gc,phases   ] GC(520)   Pre Evacuate Collection Set: 0.2ms
[2024-05-30T11:27:06.513+0000][3165.932s][info][gc,phases   ] GC(520)   Merge Heap Roots: 0.2ms
[2024-05-30T11:27:06.513+0000][3165.932s][info][gc,phases   ] GC(520)   Evacuate Collection Set: 96.4ms
[2024-05-30T11:27:06.513+0000][3165.932s][info][gc,phases   ] GC(520)   Post Evacuate Collection Set: 17.3ms
[2024-05-30T11:27:06.513+0000][3165.932s][info][gc,phases   ] GC(520)   Other: 0.2ms
[2024-05-30T11:27:06.513+0000][3165.932s][info][gc,heap     ] GC(520) Eden regions: 641->0(636)
[2024-05-30T11:27:06.513+0000][3165.932s][info][gc,heap     ] GC(520) Survivor regions: 26->28(84)
[2024-05-30T11:27:06.513+0000][3165.932s][info][gc,heap     ] GC(520) Old regions: 528->529
[2024-05-30T11:27:06.513+0000][3165.932s][info][gc,heap     ] GC(520) Archive regions: 2->2
[2024-05-30T11:27:06.513+0000][3165.932s][info][gc,heap     ] GC(520) Humongous regions: 5->5
[2024-05-30T11:27:06.513+0000][3165.932s][info][gc,metaspace] GC(520) Metaspace: 412876K(418880K)->412876K(418880K) NonClass: 360888K(364224K)->360888K(364224K) Class: 51987K(54656K)->51987K(54656K)
[2024-05-30T11:27:06.513+0000][3165.932s][info][gc          ] GC(520) Pause Young (Normal) (G1 Evacuation Pause) 9600M->4496M(12288M) 114.454ms
[2024-05-30T11:27:06.513+0000][3165.932s][info][gc,cpu      ] GC(520) User=0.68s Sys=0.00s Real=0.11s
[2024-05-30T11:27:08.505+0000][3167.925s][info][gc,start    ] GC(521) Pause Young (Normal) (G1 Evacuation Pause)
[2024-05-30T11:27:08.505+0000][3167.925s][info][gc,task     ] GC(521) Using 6 workers of 6 for evacuation
[2024-05-30T11:27:08.629+0000][3168.048s][info][gc,phases   ] GC(521)   Pre Evacuate Collection Set: 0.2ms
[2024-05-30T11:27:08.629+0000][3168.048s][info][gc,phases   ] GC(521)   Merge Heap Roots: 0.3ms
[2024-05-30T11:27:08.629+0000][3168.048s][info][gc,phases   ] GC(521)   Evacuate Collection Set: 107.3ms
[2024-05-30T11:27:08.629+0000][3168.048s][info][gc,phases   ] GC(521)   Post Evacuate Collection Set: 15.5ms
[2024-05-30T11:27:08.629+0000][3168.048s][info][gc,phases   ] GC(521)   Other: 0.2ms
[2024-05-30T11:27:08.629+0000][3168.048s][info][gc,heap     ] GC(521) Eden regions: 636->0(633)
[2024-05-30T11:27:08.629+0000][3168.048s][info][gc,heap     ] GC(521) Survivor regions: 28->29(83)
[2024-05-30T11:27:08.629+0000][3168.048s][info][gc,heap     ] GC(521) Old regions: 529->530
[2024-05-30T11:27:08.629+0000][3168.048s][info][gc,heap     ] GC(521) Archive regions: 2->2
[2024-05-30T11:27:08.629+0000][3168.048s][info][gc,heap     ] GC(521) Humongous regions: 5->5
[2024-05-30T11:27:08.629+0000][3168.048s][info][gc,metaspace] GC(521) Metaspace: 412876K(418880K)->412876K(418880K) NonClass: 360888K(364224K)->360888K(364224K) Class: 51987K(54656K)->51987K(54656K)
[2024-05-30T11:27:08.629+0000][3168.048s][info][gc          ] GC(521) Pause Young (Normal) (G1 Evacuation Pause) 9584M->4514M(12288M) 123.528ms
[2024-05-30T11:27:08.629+0000][3168.048s][info][gc,cpu      ] GC(521) User=0.73s Sys=0.00s Real=0.13s
[2024-05-30T11:27:10.371+0000][3169.791s][info][gc,start    ] GC(522) Pause Young (Normal) (G1 Evacuation Pause)
[2024-05-30T11:27:10.371+0000][3169.791s][info][gc,task     ] GC(522) Using 6 workers of 6 for evacuation
[2024-05-30T11:27:10.512+0000][3169.931s][info][gc,phases   ] GC(522)   Pre Evacuate Collection Set: 0.2ms
[2024-05-30T11:27:10.512+0000][3169.931s][info][gc,phases   ] GC(522)   Merge Heap Roots: 0.3ms
[2024-05-30T11:27:10.512+0000][3169.931s][info][gc,phases   ] GC(522)   Evacuate Collection Set: 120.6ms
[2024-05-30T11:27:10.512+0000][3169.931s][info][gc,phases   ] GC(522)   Post Evacuate Collection Set: 19.4ms
[2024-05-30T11:27:10.512+0000][3169.931s][info][gc,phases   ] GC(522)   Other: 0.2ms
[2024-05-30T11:27:10.512+0000][3169.931s][info][gc,heap     ] GC(522) Eden regions: 633->0(626)
[2024-05-30T11:27:10.512+0000][3169.931s][info][gc,heap     ] GC(522) Survivor regions: 29->32(83)
[2024-05-30T11:27:10.512+0000][3169.931s][info][gc,heap     ] GC(522) Old regions: 530->531
[2024-05-30T11:27:10.512+0000][3169.931s][info][gc,heap     ] GC(522) Archive regions: 2->2
[2024-05-30T11:27:10.512+0000][3169.931s][info][gc,heap     ] GC(522) Humongous regions: 5->5
[2024-05-30T11:27:10.512+0000][3169.931s][info][gc,metaspace] GC(522) Metaspace: 412876K(418880K)->412876K(418880K) NonClass: 360888K(364224K)->360888K(364224K) Class: 51987K(54656K)->51987K(54656K)
[2024-05-30T11:27:10.512+0000][3169.931s][info][gc          ] GC(522) Pause Young (Normal) (G1 Evacuation Pause) 9578M->4544M(12288M) 140.754ms
[2024-05-30T11:27:10.512+0000][3169.931s][info][gc,cpu      ] GC(522) User=0.83s Sys=0.00s Real=0.14s
[2024-05-30T11:27:12.231+0000][3171.650s][info][gc,start    ] GC(523) Pause Young (Normal) (G1 Evacuation Pause)
[2024-05-30T11:27:12.231+0000][3171.650s][info][gc,task     ] GC(523) Using 6 workers of 6 for evacuation
[2024-05-30T11:27:12.395+0000][3171.814s][info][gc,phases   ] GC(523)   Pre Evacuate Collection Set: 0.2ms
[2024-05-30T11:27:12.395+0000][3171.814s][info][gc,phases   ] GC(523)   Merge Heap Roots: 0.4ms
[2024-05-30T11:27:12.395+0000][3171.814s][info][gc,phases   ] GC(523)   Evacuate Collection Set: 140.8ms
[2024-05-30T11:27:12.395+0000][3171.814s][info][gc,phases   ] GC(523)   Post Evacuate Collection Set: 22.3ms
[2024-05-30T11:27:12.395+0000][3171.814s][info][gc,phases   ] GC(523)   Other: 0.2ms
[2024-05-30T11:27:12.395+0000][3171.814s][info][gc,heap     ] GC(523) Eden regions: 626->0(615)
[2024-05-30T11:27:12.395+0000][3171.814s][info][gc,heap     ] GC(523) Survivor regions: 32->37(83)
[2024-05-30T11:27:12.395+0000][3171.814s][info][gc,heap     ] GC(523) Old regions: 531->532
[2024-05-30T11:27:12.395+0000][3171.814s][info][gc,heap     ] GC(523) Archive regions: 2->2
[2024-05-30T11:27:12.395+0000][3171.814s][info][gc,heap     ] GC(523) Humongous regions: 5->5
[2024-05-30T11:27:12.395+0000][3171.814s][info][gc,metaspace] GC(523) Metaspace: 412876K(418880K)->412876K(418880K) NonClass: 360888K(364224K)->360888K(364224K) Class: 51987K(54656K)->51987K(54656K)
[2024-05-30T11:27:12.395+0000][3171.814s][info][gc          ] GC(523) Pause Young (Normal) (G1 Evacuation Pause) 9552M->4588M(12288M) 163.922ms
[2024-05-30T11:27:12.395+0000][3171.814s][info][gc,cpu      ] GC(523) User=0.95s Sys=0.01s Real=0.16s
[2024-05-30T11:27:14.135+0000][3173.554s][info][gc,start    ] GC(524) Pause Young (Normal) (G1 Evacuation Pause)
[2024-05-30T11:27:14.135+0000][3173.554s][info][gc,task     ] GC(524) Using 6 workers of 6 for evacuation
[2024-05-30T11:27:14.291+0000][3173.711s][info][gc,phases   ] GC(524)   Pre Evacuate Collection Set: 0.2ms
[2024-05-30T11:27:14.291+0000][3173.711s][info][gc,phases   ] GC(524)   Merge Heap Roots: 0.3ms
[2024-05-30T11:27:14.291+0000][3173.711s][info][gc,phases   ] GC(524)   Evacuate Collection Set: 138.8ms
[2024-05-30T11:27:14.291+0000][3173.711s][info][gc,phases   ] GC(524)   Post Evacuate Collection Set: 17.3ms
[2024-05-30T11:27:14.291+0000][3173.711s][info][gc,phases   ] GC(524)   Other: 0.2ms
[2024-05-30T11:27:14.291+0000][3173.711s][info][gc,heap     ] GC(524) Eden regions: 615->0(610)
[2024-05-30T11:27:14.291+0000][3173.711s][info][gc,heap     ] GC(524) Survivor regions: 37->39(82)
[2024-05-30T11:27:14.291+0000][3173.711s][info][gc,heap     ] GC(524) Old regions: 532->533
[2024-05-30T11:27:14.291+0000][3173.711s][info][gc,heap     ] GC(524) Archive regions: 2->2
[2024-05-30T11:27:14.291+0000][3173.711s][info][gc,heap     ] GC(524) Humongous regions: 5->5
[2024-05-30T11:27:14.291+0000][3173.711s][info][gc,metaspace] GC(524) Metaspace: 412876K(418880K)->412876K(418880K) NonClass: 360888K(364224K)->360888K(364224K) Class: 51987K(54656K)->51987K(54656K)
[2024-05-30T11:27:14.291+0000][3173.711s][info][gc          ] GC(524) Pause Young (Normal) (G1 Evacuation Pause) 9508M->4611M(12288M) 156.838ms
[2024-05-30T11:27:14.291+0000][3173.711s][info][gc,cpu      ] GC(524) User=0.92s Sys=0.00s Real=0.16s
[2024-05-30T11:27:16.074+0000][3175.493s][info][gc,start    ] GC(525) Pause Young (Normal) (G1 Evacuation Pause)
[2024-05-30T11:27:16.074+0000][3175.493s][info][gc,task     ] GC(525) Using 6 workers of 6 for evacuation
[2024-05-30T11:27:16.240+0000][3175.659s][info][gc,phases   ] GC(525)   Pre Evacuate Collection Set: 0.2ms
[2024-05-30T11:27:16.240+0000][3175.659s][info][gc,phases   ] GC(525)   Merge Heap Roots: 0.3ms
[2024-05-30T11:27:16.240+0000][3175.659s][info][gc,phases   ] GC(525)   Evacuate Collection Set: 147.9ms
[2024-05-30T11:27:16.240+0000][3175.659s][info][gc,phases   ] GC(525)   Post Evacuate Collection Set: 17.5ms
[2024-05-30T11:27:16.240+0000][3175.659s][info][gc,phases   ] GC(525)   Other: 0.2ms
[2024-05-30T11:27:16.240+0000][3175.659s][info][gc,heap     ] GC(525) Eden regions: 610->0(605)
[2024-05-30T11:27:16.240+0000][3175.659s][info][gc,heap     ] GC(525) Survivor regions: 39->41(82)
[2024-05-30T11:27:16.240+0000][3175.659s][info][gc,heap     ] GC(525) Old regions: 533->534
[2024-05-30T11:27:16.240+0000][3175.659s][info][gc,heap     ] GC(525) Archive regions: 2->2
[2024-05-30T11:27:16.240+0000][3175.659s][info][gc,heap     ] GC(525) Humongous regions: 5->5
[2024-05-30T11:27:16.240+0000][3175.659s][info][gc,metaspace] GC(525) Metaspace: 412876K(418880K)->412876K(418880K) NonClass: 360888K(364224K)->360888K(364224K) Class: 51987K(54656K)->51987K(54656K)
[2024-05-30T11:27:16.240+0000][3175.659s][info][gc          ] GC(525) Pause Young (Normal) (G1 Evacuation Pause) 9491M->4634M(12288M) 166.185ms
[2024-05-30T11:27:16.240+0000][3175.659s][info][gc,cpu      ] GC(525) User=0.98s Sys=0.00s Real=0.17s
[2024-05-30T11:27:17.960+0000][3177.380s][info][gc,start    ] GC(526) Pause Young (Normal) (G1 Evacuation Pause)
[2024-05-30T11:27:17.960+0000][3177.380s][info][gc,task     ] GC(526) Using 6 workers of 6 for evacuation
[2024-05-30T11:27:18.136+0000][3177.555s][info][gc,phases   ] GC(526)   Pre Evacuate Collection Set: 0.2ms
[2024-05-30T11:27:18.136+0000][3177.555s][info][gc,phases   ] GC(526)   Merge Heap Roots: 0.4ms
[2024-05-30T11:27:18.136+0000][3177.555s][info][gc,phases   ] GC(526)   Evacuate Collection Set: 156.7ms
[2024-05-30T11:27:18.136+0000][3177.555s][info][gc,phases   ] GC(526)   Post Evacuate Collection Set: 17.8ms
[2024-05-30T11:27:18.136+0000][3177.555s][info][gc,phases   ] GC(526)   Other: 0.2ms
[2024-05-30T11:27:18.136+0000][3177.555s][info][gc,heap     ] GC(526) Eden regions: 605->0(598)
[2024-05-30T11:27:18.136+0000][3177.555s][info][gc,heap     ] GC(526) Survivor regions: 41->44(81)
[2024-05-30T11:27:18.136+0000][3177.555s][info][gc,heap     ] GC(526) Old regions: 534->535
[2024-05-30T11:27:18.136+0000][3177.555s][info][gc,heap     ] GC(526) Archive regions: 2->2
[2024-05-30T11:27:18.136+0000][3177.555s][info][gc,heap     ] GC(526) Humongous regions: 5->5
[2024-05-30T11:27:18.136+0000][3177.555s][info][gc,metaspace] GC(526) Metaspace: 412876K(418880K)->412876K(418880K) NonClass: 360888K(364224K)->360888K(364224K) Class: 51987K(54656K)->51987K(54656K)
[2024-05-30T11:27:18.136+0000][3177.555s][info][gc          ] GC(526) Pause Young (Normal) (G1 Evacuation Pause) 9474M->4666M(12288M) 175.294ms
[2024-05-30T11:27:18.136+0000][3177.555s][info][gc,cpu      ] GC(526) User=1.04s Sys=0.00s Real=0.17s
[2024-05-30T11:27:19.883+0000][3179.302s][info][gc,start    ] GC(527) Pause Young (Normal) (G1 Evacuation Pause)
[2024-05-30T11:27:19.883+0000][3179.302s][info][gc,task     ] GC(527) Using 6 workers of 6 for evacuation
[2024-05-30T11:27:20.066+0000][3179.485s][info][gc,phases   ] GC(527)   Pre Evacuate Collection Set: 0.2ms
[2024-05-30T11:27:20.066+0000][3179.485s][info][gc,phases   ] GC(527)   Merge Heap Roots: 0.4ms
[2024-05-30T11:27:20.066+0000][3179.485s][info][gc,phases   ] GC(527)   Evacuate Collection Set: 164.9ms
[2024-05-30T11:27:20.066+0000][3179.485s][info][gc,phases   ] GC(527)   Post Evacuate Collection Set: 17.3ms
[2024-05-30T11:27:20.066+0000][3179.485s][info][gc,phases   ] GC(527)   Other: 0.2ms
[2024-05-30T11:27:20.066+0000][3179.485s][info][gc,heap     ] GC(527) Eden regions: 598->0(596)
[2024-05-30T11:27:20.066+0000][3179.485s][info][gc,heap     ] GC(527) Survivor regions: 44->44(81)
[2024-05-30T11:27:20.066+0000][3179.485s][info][gc,heap     ] GC(527) Old regions: 535->537
[2024-05-30T11:27:20.066+0000][3179.485s][info][gc,heap     ] GC(527) Archive regions: 2->2
[2024-05-30T11:27:20.066+0000][3179.485s][info][gc,heap     ] GC(527) Humongous regions: 5->5
[2024-05-30T11:27:20.066+0000][3179.485s][info][gc,metaspace] GC(527) Metaspace: 412876K(418880K)->412876K(418880K) NonClass: 360888K(364224K)->360888K(364224K) Class: 51987K(54656K)->51987K(54656K)
[2024-05-30T11:27:20.066+0000][3179.485s][info][gc          ] GC(527) Pause Young (Normal) (G1 Evacuation Pause) 9450M->4685M(12288M) 183.096ms
[2024-05-30T11:27:20.066+0000][3179.485s][info][gc,cpu      ] GC(527) User=1.07s Sys=0.02s Real=0.18s
[2024-05-30T11:27:21.799+0000][3181.218s][info][gc,start    ] GC(528) Pause Young (Normal) (G1 Evacuation Pause)
[2024-05-30T11:27:21.799+0000][3181.218s][info][gc,task     ] GC(528) Using 6 workers of 6 for evacuation
[2024-05-30T11:27:21.985+0000][3181.404s][info][gc,phases   ] GC(528)   Pre Evacuate Collection Set: 0.2ms
[2024-05-30T11:27:21.985+0000][3181.404s][info][gc,phases   ] GC(528)   Merge Heap Roots: 0.4ms
[2024-05-30T11:27:21.985+0000][3181.404s][info][gc,phases   ] GC(528)   Evacuate Collection Set: 166.6ms
[2024-05-30T11:27:21.985+0000][3181.404s][info][gc,phases   ] GC(528)   Post Evacuate Collection Set: 18.6ms
[2024-05-30T11:27:21.985+0000][3181.404s][info][gc,phases   ] GC(528)   Other: 0.3ms
[2024-05-30T11:27:21.985+0000][3181.404s][info][gc,heap     ] GC(528) Eden regions: 596->0(596)
[2024-05-30T11:27:21.985+0000][3181.404s][info][gc,heap     ] GC(528) Survivor regions: 44->43(80)
[2024-05-30T11:27:21.985+0000][3181.404s][info][gc,heap     ] GC(528) Old regions: 537->539
[2024-05-30T11:27:21.985+0000][3181.404s][info][gc,heap     ] GC(528) Archive regions: 2->2
[2024-05-30T11:27:21.985+0000][3181.404s][info][gc,heap     ] GC(528) Humongous regions: 5->5
[2024-05-30T11:27:21.985+0000][3181.404s][info][gc,metaspace] GC(528) Metaspace: 412877K(418880K)->412877K(418880K) NonClass: 360889K(364224K)->360889K(364224K) Class: 51987K(54656K)->51987K(54656K)
[2024-05-30T11:27:21.985+0000][3181.405s][info][gc          ] GC(528) Pause Young (Normal) (G1 Evacuation Pause) 9453M->4695M(12288M) 186.128ms
[2024-05-30T11:27:21.985+0000][3181.405s][info][gc,cpu      ] GC(528) User=1.10s Sys=0.00s Real=0.18s
[2024-05-30T11:27:24.562+0000][3183.981s][info][gc,start    ] GC(529) Pause Young (Normal) (G1 Evacuation Pause)
[2024-05-30T11:27:24.562+0000][3183.981s][info][gc,task     ] GC(529) Using 6 workers of 6 for evacuation
[2024-05-30T11:27:24.752+0000][3184.172s][info][gc,phases   ] GC(529)   Pre Evacuate Collection Set: 0.2ms
[2024-05-30T11:27:24.753+0000][3184.172s][info][gc,phases   ] GC(529)   Merge Heap Roots: 0.4ms
[2024-05-30T11:27:24.753+0000][3184.172s][info][gc,phases   ] GC(529)   Evacuate Collection Set: 176.2ms
[2024-05-30T11:27:24.753+0000][3184.172s][info][gc,phases   ] GC(529)   Post Evacuate Collection Set: 13.9ms
[2024-05-30T11:27:24.753+0000][3184.172s][info][gc,phases   ] GC(529)   Other: 0.2ms
[2024-05-30T11:27:24.753+0000][3184.172s][info][gc,heap     ] GC(529) Eden regions: 596->0(594)
[2024-05-30T11:27:24.753+0000][3184.172s][info][gc,heap     ] GC(529) Survivor regions: 43->43(80)
[2024-05-30T11:27:24.753+0000][3184.172s][info][gc,heap     ] GC(529) Old regions: 539->541
[2024-05-30T11:27:24.753+0000][3184.172s][info][gc,heap     ] GC(529) Archive regions: 2->2
[2024-05-30T11:27:24.753+0000][3184.172s][info][gc,heap     ] GC(529) Humongous regions: 5->5
[2024-05-30T11:27:24.753+0000][3184.172s][info][gc,metaspace] GC(529) Metaspace: 412892K(418880K)->412892K(418880K) NonClass: 360904K(364224K)->360904K(364224K) Class: 51987K(54656K)->51987K(54656K)
[2024-05-30T11:27:24.753+0000][3184.172s][info][gc          ] GC(529) Pause Young (Normal) (G1 Evacuation Pause) 9463M->4715M(12288M) 190.929ms
[2024-05-30T11:27:24.753+0000][3184.172s][info][gc,cpu      ] GC(529) User=1.14s Sys=0.00s Real=0.19s
[2024-05-30T11:27:31.302+0000][3190.721s][info][gc,start    ] GC(530) Pause Young (Normal) (G1 Evacuation Pause)
[2024-05-30T11:27:31.302+0000][3190.721s][info][gc,task     ] GC(530) Using 6 workers of 6 for evacuation
[2024-05-30T11:27:31.446+0000][3190.865s][info][gc,phases   ] GC(530)   Pre Evacuate Collection Set: 0.2ms
[2024-05-30T11:27:31.446+0000][3190.865s][info][gc,phases   ] GC(530)   Merge Heap Roots: 0.4ms
[2024-05-30T11:27:31.446+0000][3190.865s][info][gc,phases   ] GC(530)   Evacuate Collection Set: 141.3ms
[2024-05-30T11:27:31.446+0000][3190.865s][info][gc,phases   ] GC(530)   Post Evacuate Collection Set: 2.3ms
[2024-05-30T11:27:31.446+0000][3190.865s][info][gc,phases   ] GC(530)   Other: 0.2ms
[2024-05-30T11:27:31.446+0000][3190.865s][info][gc,heap     ] GC(530) Eden regions: 594->0(592)
[2024-05-30T11:27:31.446+0000][3190.865s][info][gc,heap     ] GC(530) Survivor regions: 43->43(80)
[2024-05-30T11:27:31.446+0000][3190.865s][info][gc,heap     ] GC(530) Old regions: 541->543
[2024-05-30T11:27:31.446+0000][3190.865s][info][gc,heap     ] GC(530) Archive regions: 2->2
[2024-05-30T11:27:31.446+0000][3190.865s][info][gc,heap     ] GC(530) Humongous regions: 5->5
[2024-05-30T11:27:31.446+0000][3190.865s][info][gc,metaspace] GC(530) Metaspace: 412896K(418880K)->412896K(418880K) NonClass: 360909K(364224K)->360909K(364224K) Class: 51987K(54656K)->51987K(54656K)
[2024-05-30T11:27:31.446+0000][3190.865s][info][gc          ] GC(530) Pause Young (Normal) (G1 Evacuation Pause) 9467M->4726M(12288M) 144.485ms
[2024-05-30T11:27:31.446+0000][3190.865s][info][gc,cpu      ] GC(530) User=0.86s Sys=0.00s Real=0.14s
[2024-05-30T11:27:37.758+0000][3197.178s][info][gc,start    ] GC(531) Pause Young (Normal) (G1 Evacuation Pause)
[2024-05-30T11:27:37.758+0000][3197.178s][info][gc,task     ] GC(531) Using 6 workers of 6 for evacuation
[2024-05-30T11:27:37.899+0000][3197.319s][info][gc,phases   ] GC(531)   Pre Evacuate Collection Set: 0.2ms
[2024-05-30T11:27:37.899+0000][3197.319s][info][gc,phases   ] GC(531)   Merge Heap Roots: 0.4ms
[2024-05-30T11:27:37.899+0000][3197.319s][info][gc,phases   ] GC(531)   Evacuate Collection Set: 138.0ms
[2024-05-30T11:27:37.899+0000][3197.319s][info][gc,phases   ] GC(531)   Post Evacuate Collection Set: 2.2ms
[2024-05-30T11:27:37.899+0000][3197.319s][info][gc,phases   ] GC(531)   Other: 0.2ms
[2024-05-30T11:27:37.899+0000][3197.319s][info][gc,heap     ] GC(531) Eden regions: 592->0(593)
[2024-05-30T11:27:37.899+0000][3197.319s][info][gc,heap     ] GC(531) Survivor regions: 43->41(80)
[2024-05-30T11:27:37.899+0000][3197.319s][info][gc,heap     ] GC(531) Old regions: 543->546
[2024-05-30T11:27:37.899+0000][3197.319s][info][gc,heap     ] GC(531) Archive regions: 2->2
[2024-05-30T11:27:37.899+0000][3197.319s][info][gc,heap     ] GC(531) Humongous regions: 5->5
[2024-05-30T11:27:37.899+0000][3197.319s][info][gc,metaspace] GC(531) Metaspace: 412896K(418880K)->412896K(418880K) NonClass: 360909K(364224K)->360909K(364224K) Class: 51987K(54656K)->51987K(54656K)
[2024-05-30T11:27:37.899+0000][3197.319s][info][gc          ] GC(531) Pause Young (Normal) (G1 Evacuation Pause) 9462M->4733M(12288M) 141.019ms
[2024-05-30T11:27:37.900+0000][3197.319s][info][gc,cpu      ] GC(531) User=0.84s Sys=0.00s Real=0.14s
[2024-05-30T11:27:44.389+0000][3203.808s][info][gc,start    ] GC(532) Pause Young (Normal) (G1 Evacuation Pause)
[2024-05-30T11:27:44.389+0000][3203.808s][info][gc,task     ] GC(532) Using 6 workers of 6 for evacuation
[2024-05-30T11:27:44.528+0000][3203.948s][info][gc,phases   ] GC(532)   Pre Evacuate Collection Set: 0.2ms
[2024-05-30T11:27:44.528+0000][3203.948s][info][gc,phases   ] GC(532)   Merge Heap Roots: 0.4ms
[2024-05-30T11:27:44.528+0000][3203.948s][info][gc,phases   ] GC(532)   Evacuate Collection Set: 136.4ms
[2024-05-30T11:27:44.528+0000][3203.948s][info][gc,phases   ] GC(532)   Post Evacuate Collection Set: 2.2ms
[2024-05-30T11:27:44.528+0000][3203.948s][info][gc,phases   ] GC(532)   Other: 0.2ms
[2024-05-30T11:27:44.528+0000][3203.948s][info][gc,heap     ] GC(532) Eden regions: 593->0(591)
[2024-05-30T11:27:44.528+0000][3203.948s][info][gc,heap     ] GC(532) Survivor regions: 41->42(80)
[2024-05-30T11:27:44.528+0000][3203.948s][info][gc,heap     ] GC(532) Old regions: 546->546
[2024-05-30T11:27:44.528+0000][3203.948s][info][gc,heap     ] GC(532) Archive regions: 2->2
[2024-05-30T11:27:44.528+0000][3203.948s][info][gc,heap     ] GC(532) Humongous regions: 5->5
[2024-05-30T11:27:44.529+0000][3203.948s][info][gc,metaspace] GC(532) Metaspace: 412897K(418880K)->412897K(418880K) NonClass: 360909K(364224K)->360909K(364224K) Class: 51987K(54656K)->51987K(54656K)
[2024-05-30T11:27:44.529+0000][3203.948s][info][gc          ] GC(532) Pause Young (Normal) (G1 Evacuation Pause) 9477M->4745M(12288M) 139.440ms
[2024-05-30T11:27:44.529+0000][3203.948s][info][gc,cpu      ] GC(532) User=0.83s Sys=0.00s Real=0.14s
[2024-05-30T11:27:51.023+0000][3210.443s][info][gc,start    ] GC(533) Pause Young (Normal) (G1 Evacuation Pause)
[2024-05-30T11:27:51.024+0000][3210.443s][info][gc,task     ] GC(533) Using 6 workers of 6 for evacuation
[2024-05-30T11:27:51.165+0000][3210.584s][info][gc,phases   ] GC(533)   Pre Evacuate Collection Set: 0.2ms
[2024-05-30T11:27:51.165+0000][3210.584s][info][gc,phases   ] GC(533)   Merge Heap Roots: 0.3ms
[2024-05-30T11:27:51.165+0000][3210.584s][info][gc,phases   ] GC(533)   Evacuate Collection Set: 138.2ms
[2024-05-30T11:27:51.165+0000][3210.584s][info][gc,phases   ] GC(533)   Post Evacuate Collection Set: 2.5ms
[2024-05-30T11:27:51.165+0000][3210.584s][info][gc,phases   ] GC(533)   Other: 0.2ms
[2024-05-30T11:27:51.165+0000][3210.584s][info][gc,heap     ] GC(533) Eden regions: 591->0(588)
[2024-05-30T11:27:51.165+0000][3210.584s][info][gc,heap     ] GC(533) Survivor regions: 42->42(80)
[2024-05-30T11:27:51.165+0000][3210.584s][info][gc,heap     ] GC(533) Old regions: 546->549
[2024-05-30T11:27:51.165+0000][3210.584s][info][gc,heap     ] GC(533) Archive regions: 2->2
[2024-05-30T11:27:51.165+0000][3210.584s][info][gc,heap     ] GC(533) Humongous regions: 5->5
[2024-05-30T11:27:51.165+0000][3210.584s][info][gc,metaspace] GC(533) Metaspace: 412898K(418944K)->412898K(418944K) NonClass: 360911K(364288K)->360911K(364288K) Class: 51987K(54656K)->51987K(54656K)
[2024-05-30T11:27:51.165+0000][3210.584s][info][gc          ] GC(533) Pause Young (Normal) (G1 Evacuation Pause) 9473M->4765M(12288M) 141.426ms
[2024-05-30T11:27:51.165+0000][3210.584s][info][gc,cpu      ] GC(533) User=0.84s Sys=0.00s Real=0.14s
[2024-05-30T11:27:57.601+0000][3217.021s][info][gc,start    ] GC(534) Pause Young (Normal) (G1 Evacuation Pause)
[2024-05-30T11:27:57.601+0000][3217.021s][info][gc,task     ] GC(534) Using 6 workers of 6 for evacuation
[2024-05-30T11:27:57.740+0000][3217.159s][info][gc,phases   ] GC(534)   Pre Evacuate Collection Set: 0.2ms
[2024-05-30T11:27:57.740+0000][3217.159s][info][gc,phases   ] GC(534)   Merge Heap Roots: 0.4ms
[2024-05-30T11:27:57.740+0000][3217.159s][info][gc,phases   ] GC(534)   Evacuate Collection Set: 135.2ms
[2024-05-30T11:27:57.740+0000][3217.159s][info][gc,phases   ] GC(534)   Post Evacuate Collection Set: 2.4ms
[2024-05-30T11:27:57.740+0000][3217.159s][info][gc,phases   ] GC(534)   Other: 0.2ms
[2024-05-30T11:27:57.740+0000][3217.159s][info][gc,heap     ] GC(534) Eden regions: 588->0(587)
[2024-05-30T11:27:57.740+0000][3217.159s][info][gc,heap     ] GC(534) Survivor regions: 42->41(79)
[2024-05-30T11:27:57.740+0000][3217.159s][info][gc,heap     ] GC(534) Old regions: 549->552
[2024-05-30T11:27:57.740+0000][3217.159s][info][gc,heap     ] GC(534) Archive regions: 2->2
[2024-05-30T11:27:57.740+0000][3217.159s][info][gc,heap     ] GC(534) Humongous regions: 5->5
[2024-05-30T11:27:57.740+0000][3217.159s][info][gc,metaspace] GC(534) Metaspace: 412904K(418944K)->412904K(418944K) NonClass: 360916K(364288K)->360916K(364288K) Class: 51987K(54656K)->51987K(54656K)
[2024-05-30T11:27:57.740+0000][3217.159s][info][gc          ] GC(534) Pause Young (Normal) (G1 Evacuation Pause) 9469M->4782M(12288M) 138.419ms
[2024-05-30T11:27:57.740+0000][3217.159s][info][gc,cpu      ] GC(534) User=0.82s Sys=0.00s Real=0.14s
[2024-05-30T11:28:04.207+0000][3223.626s][info][gc,start    ] GC(535) Pause Young (Normal) (G1 Evacuation Pause)
[2024-05-30T11:28:04.207+0000][3223.626s][info][gc,task     ] GC(535) Using 6 workers of 6 for evacuation
[2024-05-30T11:28:04.339+0000][3223.758s][info][gc,phases   ] GC(535)   Pre Evacuate Collection Set: 0.2ms
[2024-05-30T11:28:04.339+0000][3223.758s][info][gc,phases   ] GC(535)   Merge Heap Roots: 0.4ms
[2024-05-30T11:28:04.339+0000][3223.758s][info][gc,phases   ] GC(535)   Evacuate Collection Set: 129.2ms
[2024-05-30T11:28:04.339+0000][3223.758s][info][gc,phases   ] GC(535)   Post Evacuate Collection Set: 2.2ms
[2024-05-30T11:28:04.339+0000][3223.758s][info][gc,phases   ] GC(535)   Other: 0.2ms
[2024-05-30T11:28:04.339+0000][3223.758s][info][gc,heap     ] GC(535) Eden regions: 587->0(586)
[2024-05-30T11:28:04.339+0000][3223.758s][info][gc,heap     ] GC(535) Survivor regions: 41->40(79)
[2024-05-30T11:28:04.339+0000][3223.758s][info][gc,heap     ] GC(535) Old regions: 552->555
[2024-05-30T11:28:04.339+0000][3223.758s][info][gc,heap     ] GC(535) Archive regions: 2->2
[2024-05-30T11:28:04.339+0000][3223.758s][info][gc,heap     ] GC(535) Humongous regions: 5->5
[2024-05-30T11:28:04.339+0000][3223.758s][info][gc,metaspace] GC(535) Metaspace: 412904K(418944K)->412904K(418944K) NonClass: 360916K(364288K)->360916K(364288K) Class: 51987K(54656K)->51987K(54656K)
[2024-05-30T11:28:04.339+0000][3223.758s][info][gc          ] GC(535) Pause Young (Normal) (G1 Evacuation Pause) 9478M->4800M(12288M) 132.143ms
[2024-05-30T11:28:04.339+0000][3223.758s][info][gc,cpu      ] GC(535) User=0.79s Sys=0.00s Real=0.14s
[2024-05-30T11:28:10.559+0000][3229.978s][info][gc,start    ] GC(536) Pause Young (Normal) (G1 Evacuation Pause)
[2024-05-30T11:28:10.559+0000][3229.978s][info][gc,task     ] GC(536) Using 6 workers of 6 for evacuation
[2024-05-30T11:28:10.680+0000][3230.099s][info][gc,phases   ] GC(536)   Pre Evacuate Collection Set: 0.2ms
[2024-05-30T11:28:10.680+0000][3230.099s][info][gc,phases   ] GC(536)   Merge Heap Roots: 0.3ms
[2024-05-30T11:28:10.680+0000][3230.099s][info][gc,phases   ] GC(536)   Evacuate Collection Set: 117.8ms
[2024-05-30T11:28:10.680+0000][3230.099s][info][gc,phases   ] GC(536)   Post Evacuate Collection Set: 2.1ms
[2024-05-30T11:28:10.680+0000][3230.099s][info][gc,phases   ] GC(536)   Other: 0.2ms
[2024-05-30T11:28:10.680+0000][3230.099s][info][gc,heap     ] GC(536) Eden regions: 586->0(588)
[2024-05-30T11:28:10.680+0000][3230.099s][info][gc,heap     ] GC(536) Survivor regions: 40->39(79)
[2024-05-30T11:28:10.680+0000][3230.099s][info][gc,heap     ] GC(536) Old regions: 555->555
[2024-05-30T11:28:10.680+0000][3230.099s][info][gc,heap     ] GC(536) Archive regions: 2->2
[2024-05-30T11:28:10.680+0000][3230.099s][info][gc,heap     ] GC(536) Humongous regions: 5->5
[2024-05-30T11:28:10.680+0000][3230.099s][info][gc,metaspace] GC(536) Metaspace: 412905K(418944K)->412905K(418944K) NonClass: 360917K(364288K)->360917K(364288K) Class: 51987K(54656K)->51987K(54656K)
[2024-05-30T11:28:10.680+0000][3230.099s][info][gc          ] GC(536) Pause Young (Normal) (G1 Evacuation Pause) 9488M->4792M(12288M) 120.679ms
[2024-05-30T11:28:10.680+0000][3230.099s][info][gc,cpu      ] GC(536) User=0.72s Sys=0.00s Real=0.12s
[2024-05-30T11:28:17.169+0000][3236.589s][info][gc,start    ] GC(537) Pause Young (Normal) (G1 Evacuation Pause)
[2024-05-30T11:28:17.169+0000][3236.589s][info][gc,task     ] GC(537) Using 6 workers of 6 for evacuation
[2024-05-30T11:28:17.290+0000][3236.709s][info][gc,phases   ] GC(537)   Pre Evacuate Collection Set: 0.2ms
[2024-05-30T11:28:17.290+0000][3236.709s][info][gc,phases   ] GC(537)   Merge Heap Roots: 0.3ms
[2024-05-30T11:28:17.290+0000][3236.709s][info][gc,phases   ] GC(537)   Evacuate Collection Set: 117.3ms
[2024-05-30T11:28:17.290+0000][3236.709s][info][gc,phases   ] GC(537)   Post Evacuate Collection Set: 2.3ms
[2024-05-30T11:28:17.290+0000][3236.709s][info][gc,phases   ] GC(537)   Other: 0.2ms
[2024-05-30T11:28:17.290+0000][3236.709s][info][gc,heap     ] GC(537) Eden regions: 588->0(588)
[2024-05-30T11:28:17.290+0000][3236.709s][info][gc,heap     ] GC(537) Survivor regions: 39->37(79)
[2024-05-30T11:28:17.290+0000][3236.709s][info][gc,heap     ] GC(537) Old regions: 555->559
[2024-05-30T11:28:17.290+0000][3236.709s][info][gc,heap     ] GC(537) Archive regions: 2->2
[2024-05-30T11:28:17.290+0000][3236.709s][info][gc,heap     ] GC(537) Humongous regions: 5->5
[2024-05-30T11:28:17.290+0000][3236.709s][info][gc,metaspace] GC(537) Metaspace: 412905K(418944K)->412905K(418944K) NonClass: 360917K(364288K)->360917K(364288K) Class: 51987K(54656K)->51987K(54656K)
[2024-05-30T11:28:17.290+0000][3236.709s][info][gc          ] GC(537) Pause Young (Normal) (G1 Evacuation Pause) 9496M->4807M(12288M) 120.343ms
[2024-05-30T11:28:17.290+0000][3236.709s][info][gc,cpu      ] GC(537) User=0.72s Sys=0.00s Real=0.12s
[2024-05-30T11:28:23.739+0000][3243.159s][info][gc,start    ] GC(538) Pause Young (Normal) (G1 Evacuation Pause)
[2024-05-30T11:28:23.739+0000][3243.159s][info][gc,task     ] GC(538) Using 6 workers of 6 for evacuation
[2024-05-30T11:28:23.864+0000][3243.283s][info][gc,phases   ] GC(538)   Pre Evacuate Collection Set: 0.2ms
[2024-05-30T11:28:23.864+0000][3243.284s][info][gc,phases   ] GC(538)   Merge Heap Roots: 0.3ms
[2024-05-30T11:28:23.864+0000][3243.284s][info][gc,phases   ] GC(538)   Evacuate Collection Set: 121.8ms
[2024-05-30T11:28:23.864+0000][3243.284s][info][gc,phases   ] GC(538)   Post Evacuate Collection Set: 2.4ms
[2024-05-30T11:28:23.864+0000][3243.284s][info][gc,phases   ] GC(538)   Other: 0.2ms
[2024-05-30T11:28:23.864+0000][3243.284s][info][gc,heap     ] GC(538) Eden regions: 588->0(586)
[2024-05-30T11:28:23.864+0000][3243.284s][info][gc,heap     ] GC(538) Survivor regions: 37->36(79)
[2024-05-30T11:28:23.864+0000][3243.284s][info][gc,heap     ] GC(538) Old regions: 559->563
[2024-05-30T11:28:23.864+0000][3243.284s][info][gc,heap     ] GC(538) Archive regions: 2->2
[2024-05-30T11:28:23.864+0000][3243.284s][info][gc,heap     ] GC(538) Humongous regions: 5->5
[2024-05-30T11:28:23.864+0000][3243.284s][info][gc,metaspace] GC(538) Metaspace: 412906K(418944K)->412906K(418944K) NonClass: 360918K(364288K)->360918K(364288K) Class: 51987K(54656K)->51987K(54656K)
[2024-05-30T11:28:23.864+0000][3243.284s][info][gc          ] GC(538) Pause Young (Normal) (G1 Evacuation Pause) 9511M->4836M(12288M) 125.002ms
[2024-05-30T11:28:23.864+0000][3243.284s][info][gc,cpu      ] GC(538) User=0.74s Sys=0.00s Real=0.12s
[2024-05-30T11:28:29.756+0000][3249.175s][info][gc,start    ] GC(539) Pause Young (Normal) (G1 Evacuation Pause)
[2024-05-30T11:28:29.756+0000][3249.175s][info][gc,task     ] GC(539) Using 6 workers of 6 for evacuation
[2024-05-30T11:28:29.854+0000][3249.273s][info][gc,phases   ] GC(539)   Pre Evacuate Collection Set: 0.2ms
[2024-05-30T11:28:29.854+0000][3249.273s][info][gc,phases   ] GC(539)   Merge Heap Roots: 0.3ms
[2024-05-30T11:28:29.854+0000][3249.273s][info][gc,phases   ] GC(539)   Evacuate Collection Set: 95.6ms
[2024-05-30T11:28:29.854+0000][3249.273s][info][gc,phases   ] GC(539)   Post Evacuate Collection Set: 2.2ms
[2024-05-30T11:28:29.854+0000][3249.273s][info][gc,phases   ] GC(539)   Other: 0.2ms
[2024-05-30T11:28:29.854+0000][3249.273s][info][gc,heap     ] GC(539) Eden regions: 586->0(592)
[2024-05-30T11:28:29.854+0000][3249.273s][info][gc,heap     ] GC(539) Survivor regions: 36->31(78)
[2024-05-30T11:28:29.854+0000][3249.273s][info][gc,heap     ] GC(539) Old regions: 563->567
[2024-05-30T11:28:29.854+0000][3249.273s][info][gc,heap     ] GC(539) Archive regions: 2->2
[2024-05-30T11:28:29.854+0000][3249.273s][info][gc,heap     ] GC(539) Humongous regions: 5->5
[2024-05-30T11:28:29.854+0000][3249.273s][info][gc,metaspace] GC(539) Metaspace: 412906K(418944K)->412906K(418944K) NonClass: 360918K(364288K)->360918K(364288K) Class: 51987K(54656K)->51987K(54656K)
[2024-05-30T11:28:29.854+0000][3249.273s][info][gc          ] GC(539) Pause Young (Normal) (G1 Evacuation Pause) 9524M->4821M(12288M) 98.497ms
[2024-05-30T11:28:29.854+0000][3249.273s][info][gc,cpu      ] GC(539) User=0.58s Sys=0.00s Real=0.10s
[2024-05-30T11:28:36.122+0000][3255.541s][info][gc,start    ] GC(540) Pause Young (Normal) (G1 Evacuation Pause)
[2024-05-30T11:28:36.122+0000][3255.541s][info][gc,task     ] GC(540) Using 6 workers of 6 for evacuation
[2024-05-30T11:28:36.209+0000][3255.628s][info][gc,phases   ] GC(540)   Pre Evacuate Collection Set: 0.2ms
[2024-05-30T11:28:36.209+0000][3255.628s][info][gc,phases   ] GC(540)   Merge Heap Roots: 0.3ms
[2024-05-30T11:28:36.209+0000][3255.628s][info][gc,phases   ] GC(540)   Evacuate Collection Set: 84.5ms
[2024-05-30T11:28:36.209+0000][3255.628s][info][gc,phases   ] GC(540)   Post Evacuate Collection Set: 2.2ms
[2024-05-30T11:28:36.209+0000][3255.628s][info][gc,phases   ] GC(540)   Other: 0.2ms
[2024-05-30T11:28:36.209+0000][3255.628s][info][gc,heap     ] GC(540) Eden regions: 592->0(598)
[2024-05-30T11:28:36.209+0000][3255.628s][info][gc,heap     ] GC(540) Survivor regions: 31->26(78)
[2024-05-30T11:28:36.209+0000][3255.629s][info][gc,heap     ] GC(540) Old regions: 567->571
[2024-05-30T11:28:36.209+0000][3255.629s][info][gc,heap     ] GC(540) Archive regions: 2->2
[2024-05-30T11:28:36.209+0000][3255.629s][info][gc,heap     ] GC(540) Humongous regions: 5->5
[2024-05-30T11:28:36.209+0000][3255.629s][info][gc,metaspace] GC(540) Metaspace: 412906K(418944K)->412906K(418944K) NonClass: 360918K(364288K)->360918K(364288K) Class: 51987K(54656K)->51987K(54656K)
[2024-05-30T11:28:36.209+0000][3255.629s][info][gc          ] GC(540) Pause Young (Normal) (G1 Evacuation Pause) 9557M->4817M(12288M) 87.371ms
[2024-05-30T11:28:36.209+0000][3255.629s][info][gc,cpu      ] GC(540) User=0.52s Sys=0.00s Real=0.09s
[2024-05-30T11:28:42.710+0000][3262.130s][info][gc,start    ] GC(541) Pause Young (Normal) (G1 Evacuation Pause)
[2024-05-30T11:28:42.710+0000][3262.130s][info][gc,task     ] GC(541) Using 6 workers of 6 for evacuation
[2024-05-30T11:28:42.788+0000][3262.208s][info][gc,phases   ] GC(541)   Pre Evacuate Collection Set: 0.2ms
[2024-05-30T11:28:42.788+0000][3262.208s][info][gc,phases   ] GC(541)   Merge Heap Roots: 0.3ms
[2024-05-30T11:28:42.788+0000][3262.208s][info][gc,phases   ] GC(541)   Evacuate Collection Set: 75.3ms
[2024-05-30T11:28:42.788+0000][3262.208s][info][gc,phases   ] GC(541)   Post Evacuate Collection Set: 2.1ms
[2024-05-30T11:28:42.788+0000][3262.208s][info][gc,phases   ] GC(541)   Other: 0.2ms
[2024-05-30T11:28:42.788+0000][3262.208s][info][gc,heap     ] GC(541) Eden regions: 598->0(596)
[2024-05-30T11:28:42.789+0000][3262.208s][info][gc,heap     ] GC(541) Survivor regions: 26->26(78)
[2024-05-30T11:28:42.789+0000][3262.208s][info][gc,heap     ] GC(541) Old regions: 571->573
[2024-05-30T11:28:42.789+0000][3262.208s][info][gc,heap     ] GC(541) Archive regions: 2->2
[2024-05-30T11:28:42.789+0000][3262.208s][info][gc,heap     ] GC(541) Humongous regions: 5->5
[2024-05-30T11:28:42.789+0000][3262.208s][info][gc,metaspace] GC(541) Metaspace: 412906K(418944K)->412906K(418944K) NonClass: 360918K(364288K)->360918K(364288K) Class: 51987K(54656K)->51987K(54656K)
[2024-05-30T11:28:42.789+0000][3262.208s][info][gc          ] GC(541) Pause Young (Normal) (G1 Evacuation Pause) 9601M->4831M(12288M) 78.207ms
[2024-05-30T11:28:42.789+0000][3262.208s][info][gc,cpu      ] GC(541) User=0.46s Sys=0.00s Real=0.08s
[2024-05-30T11:28:49.331+0000][3268.750s][info][gc,start    ] GC(542) Pause Young (Normal) (G1 Evacuation Pause)
[2024-05-30T11:28:49.331+0000][3268.750s][info][gc,task     ] GC(542) Using 6 workers of 6 for evacuation
[2024-05-30T11:28:49.409+0000][3268.828s][info][gc,phases   ] GC(542)   Pre Evacuate Collection Set: 0.2ms
[2024-05-30T11:28:49.409+0000][3268.828s][info][gc,phases   ] GC(542)   Merge Heap Roots: 0.3ms
[2024-05-30T11:28:49.409+0000][3268.828s][info][gc,phases   ] GC(542)   Evacuate Collection Set: 75.6ms
[2024-05-30T11:28:49.409+0000][3268.828s][info][gc,phases   ] GC(542)   Post Evacuate Collection Set: 2.1ms
[2024-05-30T11:28:49.409+0000][3268.828s][info][gc,phases   ] GC(542)   Other: 0.2ms
[2024-05-30T11:28:49.409+0000][3268.828s][info][gc,heap     ] GC(542) Eden regions: 596->0(595)
[2024-05-30T11:28:49.409+0000][3268.828s][info][gc,heap     ] GC(542) Survivor regions: 26->25(78)
[2024-05-30T11:28:49.409+0000][3268.828s][info][gc,heap     ] GC(542) Old regions: 573->576
[2024-05-30T11:28:49.409+0000][3268.828s][info][gc,heap     ] GC(542) Archive regions: 2->2
[2024-05-30T11:28:49.409+0000][3268.828s][info][gc,heap     ] GC(542) Humongous regions: 5->5
[2024-05-30T11:28:49.409+0000][3268.828s][info][gc,metaspace] GC(542) Metaspace: 412906K(418944K)->412906K(418944K) NonClass: 360918K(364288K)->360918K(364288K) Class: 51987K(54656K)->51987K(54656K)
[2024-05-30T11:28:49.409+0000][3268.828s][info][gc          ] GC(542) Pause Young (Normal) (G1 Evacuation Pause) 9599M->4846M(12288M) 78.408ms
[2024-05-30T11:28:49.409+0000][3268.828s][info][gc,cpu      ] GC(542) User=0.46s Sys=0.00s Real=0.08s
[2024-05-30T11:28:55.918+0000][3275.337s][info][gc,start    ] GC(543) Pause Young (Normal) (G1 Evacuation Pause)
[2024-05-30T11:28:55.918+0000][3275.337s][info][gc,task     ] GC(543) Using 6 workers of 6 for evacuation
[2024-05-30T11:28:55.986+0000][3275.405s][info][gc,phases   ] GC(543)   Pre Evacuate Collection Set: 0.2ms
[2024-05-30T11:28:55.986+0000][3275.405s][info][gc,phases   ] GC(543)   Merge Heap Roots: 0.3ms
[2024-05-30T11:28:55.986+0000][3275.405s][info][gc,phases   ] GC(543)   Evacuate Collection Set: 64.8ms
[2024-05-30T11:28:55.986+0000][3275.405s][info][gc,phases   ] GC(543)   Post Evacuate Collection Set: 2.2ms
[2024-05-30T11:28:55.986+0000][3275.405s][info][gc,phases   ] GC(543)   Other: 0.2ms
[2024-05-30T11:28:55.986+0000][3275.405s][info][gc,heap     ] GC(543) Eden regions: 595->0(595)
[2024-05-30T11:28:55.986+0000][3275.405s][info][gc,heap     ] GC(543) Survivor regions: 25->24(78)
[2024-05-30T11:28:55.986+0000][3275.405s][info][gc,heap     ] GC(543) Old regions: 576->578
[2024-05-30T11:28:55.986+0000][3275.405s][info][gc,heap     ] GC(543) Archive regions: 2->2
[2024-05-30T11:28:55.986+0000][3275.405s][info][gc,heap     ] GC(543) Humongous regions: 5->5
[2024-05-30T11:28:55.986+0000][3275.405s][info][gc,metaspace] GC(543) Metaspace: 412906K(418944K)->412906K(418944K) NonClass: 360918K(364288K)->360918K(364288K) Class: 51987K(54656K)->51987K(54656K)
[2024-05-30T11:28:55.986+0000][3275.405s][info][gc          ] GC(543) Pause Young (Normal) (G1 Evacuation Pause) 9606M->4859M(12288M) 67.744ms
[2024-05-30T11:28:55.986+0000][3275.405s][info][gc,cpu      ] GC(543) User=0.41s Sys=0.00s Real=0.06s
[2024-05-30T11:29:02.317+0000][3281.736s][info][gc,start    ] GC(544) Pause Young (Normal) (G1 Evacuation Pause)
[2024-05-30T11:29:02.317+0000][3281.736s][info][gc,task     ] GC(544) Using 6 workers of 6 for evacuation
[2024-05-30T11:29:02.378+0000][3281.797s][info][gc,phases   ] GC(544)   Pre Evacuate Collection Set: 0.2ms
[2024-05-30T11:29:02.378+0000][3281.797s][info][gc,phases   ] GC(544)   Merge Heap Roots: 0.2ms
[2024-05-30T11:29:02.378+0000][3281.798s][info][gc,phases   ] GC(544)   Evacuate Collection Set: 58.5ms
[2024-05-30T11:29:02.378+0000][3281.798s][info][gc,phases   ] GC(544)   Post Evacuate Collection Set: 2.1ms
[2024-05-30T11:29:02.378+0000][3281.798s][info][gc,phases   ] GC(544)   Other: 0.2ms
[2024-05-30T11:29:02.378+0000][3281.798s][info][gc,heap     ] GC(544) Eden regions: 595->0(598)
[2024-05-30T11:29:02.378+0000][3281.798s][info][gc,heap     ] GC(544) Survivor regions: 24->21(78)
[2024-05-30T11:29:02.378+0000][3281.798s][info][gc,heap     ] GC(544) Old regions: 578->581
[2024-05-30T11:29:02.378+0000][3281.798s][info][gc,heap     ] GC(544) Archive regions: 2->2
[2024-05-30T11:29:02.378+0000][3281.798s][info][gc,heap     ] GC(544) Humongous regions: 5->5
[2024-05-30T11:29:02.378+0000][3281.798s][info][gc,metaspace] GC(544) Metaspace: 412906K(418944K)->412906K(418944K) NonClass: 360918K(364288K)->360918K(364288K) Class: 51987K(54656K)->51987K(54656K)
[2024-05-30T11:29:02.378+0000][3281.798s][info][gc          ] GC(544) Pause Young (Normal) (G1 Evacuation Pause) 9619M->4859M(12288M) 61.263ms
[2024-05-30T11:29:02.378+0000][3281.798s][info][gc,cpu      ] GC(544) User=0.36s Sys=0.00s Real=0.06s
[2024-05-30T11:29:06.895+0000][3286.314s][info][gc,start    ] GC(545) Pause Young (Normal) (G1 Evacuation Pause)
[2024-05-30T11:29:06.895+0000][3286.314s][info][gc,task     ] GC(545) Using 6 workers of 6 for evacuation
[2024-05-30T11:29:06.948+0000][3286.367s][info][gc,phases   ] GC(545)   Pre Evacuate Collection Set: 0.2ms
[2024-05-30T11:29:06.948+0000][3286.367s][info][gc,phases   ] GC(545)   Merge Heap Roots: 0.2ms
[2024-05-30T11:29:06.948+0000][3286.367s][info][gc,phases   ] GC(545)   Evacuate Collection Set: 50.5ms
[2024-05-30T11:29:06.948+0000][3286.367s][info][gc,phases   ] GC(545)   Post Evacuate Collection Set: 2.1ms
[2024-05-30T11:29:06.948+0000][3286.367s][info][gc,phases   ] GC(545)   Other: 0.2ms
[2024-05-30T11:29:06.948+0000][3286.367s][info][gc,heap     ] GC(545) Eden regions: 598->0(597)
[2024-05-30T11:29:06.948+0000][3286.367s][info][gc,heap     ] GC(545) Survivor regions: 21->21(78)
[2024-05-30T11:29:06.948+0000][3286.367s][info][gc,heap     ] GC(545) Old regions: 581->582
[2024-05-30T11:29:06.948+0000][3286.367s][info][gc,heap     ] GC(545) Archive regions: 2->2
[2024-05-30T11:29:06.948+0000][3286.367s][info][gc,heap     ] GC(545) Humongous regions: 5->5
[2024-05-30T11:29:06.948+0000][3286.367s][info][gc,metaspace] GC(545) Metaspace: 412906K(418944K)->412906K(418944K) NonClass: 360918K(364288K)->360918K(364288K) Class: 51987K(54656K)->51987K(54656K)
[2024-05-30T11:29:06.948+0000][3286.367s][info][gc          ] GC(545) Pause Young (Normal) (G1 Evacuation Pause) 9643M->4866M(12288M) 53.293ms
[2024-05-30T11:29:06.948+0000][3286.367s][info][gc,cpu      ] GC(545) User=0.32s Sys=0.00s Real=0.05s
[2024-05-30T11:29:12.932+0000][3292.351s][info][gc,start    ] GC(546) Pause Young (Normal) (G1 Evacuation Pause)
[2024-05-30T11:29:12.932+0000][3292.351s][info][gc,task     ] GC(546) Using 6 workers of 6 for evacuation
[2024-05-30T11:29:12.995+0000][3292.415s][info][gc,phases   ] GC(546)   Pre Evacuate Collection Set: 0.2ms
[2024-05-30T11:29:12.995+0000][3292.415s][info][gc,phases   ] GC(546)   Merge Heap Roots: 0.2ms
[2024-05-30T11:29:12.995+0000][3292.415s][info][gc,phases   ] GC(546)   Evacuate Collection Set: 60.6ms
[2024-05-30T11:29:12.995+0000][3292.415s][info][gc,phases   ] GC(546)   Post Evacuate Collection Set: 2.1ms
[2024-05-30T11:29:12.995+0000][3292.415s][info][gc,phases   ] GC(546)   Other: 0.2ms
[2024-05-30T11:29:12.995+0000][3292.415s][info][gc,heap     ] GC(546) Eden regions: 597->0(594)
[2024-05-30T11:29:12.995+0000][3292.415s][info][gc,heap     ] GC(546) Survivor regions: 21->22(78)
[2024-05-30T11:29:12.995+0000][3292.415s][info][gc,heap     ] GC(546) Old regions: 582->583
[2024-05-30T11:29:12.995+0000][3292.415s][info][gc,heap     ] GC(546) Archive regions: 2->2
[2024-05-30T11:29:12.995+0000][3292.415s][info][gc,heap     ] GC(546) Humongous regions: 5->5
[2024-05-30T11:29:12.995+0000][3292.415s][info][gc,metaspace] GC(546) Metaspace: 412906K(418944K)->412906K(418944K) NonClass: 360918K(364288K)->360918K(364288K) Class: 51987K(54656K)->51987K(54656K)
[2024-05-30T11:29:12.996+0000][3292.415s][info][gc          ] GC(546) Pause Young (Normal) (G1 Evacuation Pause) 9642M->4880M(12288M) 63.367ms
[2024-05-30T11:29:12.996+0000][3292.415s][info][gc,cpu      ] GC(546) User=0.38s Sys=0.00s Real=0.06s
[2024-05-30T11:29:18.680+0000][3298.100s][info][gc,start    ] GC(547) Pause Young (Normal) (G1 Evacuation Pause)
[2024-05-30T11:29:18.680+0000][3298.100s][info][gc,task     ] GC(547) Using 6 workers of 6 for evacuation
[2024-05-30T11:29:18.742+0000][3298.161s][info][gc,phases   ] GC(547)   Pre Evacuate Collection Set: 0.2ms
[2024-05-30T11:29:18.742+0000][3298.161s][info][gc,phases   ] GC(547)   Merge Heap Roots: 0.2ms
[2024-05-30T11:29:18.742+0000][3298.161s][info][gc,phases   ] GC(547)   Evacuate Collection Set: 57.5ms
[2024-05-30T11:29:18.742+0000][3298.161s][info][gc,phases   ] GC(547)   Post Evacuate Collection Set: 3.6ms
[2024-05-30T11:29:18.742+0000][3298.161s][info][gc,phases   ] GC(547)   Other: 0.2ms
[2024-05-30T11:29:18.742+0000][3298.161s][info][gc,heap     ] GC(547) Eden regions: 594->0(595)
[2024-05-30T11:29:18.742+0000][3298.161s][info][gc,heap     ] GC(547) Survivor regions: 22->21(77)
[2024-05-30T11:29:18.742+0000][3298.161s][info][gc,heap     ] GC(547) Old regions: 583->584
[2024-05-30T11:29:18.742+0000][3298.161s][info][gc,heap     ] GC(547) Archive regions: 2->2
[2024-05-30T11:29:18.742+0000][3298.161s][info][gc,heap     ] GC(547) Humongous regions: 5->5
[2024-05-30T11:29:18.742+0000][3298.161s][info][gc,metaspace] GC(547) Metaspace: 412906K(418944K)->412906K(418944K) NonClass: 360918K(364288K)->360918K(364288K) Class: 51987K(54656K)->51987K(54656K)
[2024-05-30T11:29:18.742+0000][3298.161s][info][gc          ] GC(547) Pause Young (Normal) (G1 Evacuation Pause) 9632M->4877M(12288M) 61.764ms
[2024-05-30T11:29:18.742+0000][3298.162s][info][gc,cpu      ] GC(547) User=0.37s Sys=0.00s Real=0.06s
[2024-05-30T11:29:20.421+0000][3299.840s][info][gc,start    ] GC(548) Pause Young (Normal) (G1 Evacuation Pause)
[2024-05-30T11:29:20.421+0000][3299.840s][info][gc,task     ] GC(548) Using 6 workers of 6 for evacuation
[2024-05-30T11:29:20.520+0000][3299.939s][info][gc,phases   ] GC(548)   Pre Evacuate Collection Set: 0.2ms
[2024-05-30T11:29:20.520+0000][3299.940s][info][gc,phases   ] GC(548)   Merge Heap Roots: 0.3ms
[2024-05-30T11:29:20.520+0000][3299.940s][info][gc,phases   ] GC(548)   Evacuate Collection Set: 84.3ms
[2024-05-30T11:29:20.520+0000][3299.940s][info][gc,phases   ] GC(548)   Post Evacuate Collection Set: 14.2ms
[2024-05-30T11:29:20.520+0000][3299.940s][info][gc,phases   ] GC(548)   Other: 0.2ms
[2024-05-30T11:29:20.520+0000][3299.940s][info][gc,heap     ] GC(548) Eden regions: 595->0(589)
[2024-05-30T11:29:20.520+0000][3299.940s][info][gc,heap     ] GC(548) Survivor regions: 21->24(77)
[2024-05-30T11:29:20.520+0000][3299.940s][info][gc,heap     ] GC(548) Old regions: 584->584
[2024-05-30T11:29:20.520+0000][3299.940s][info][gc,heap     ] GC(548) Archive regions: 2->2
[2024-05-30T11:29:20.520+0000][3299.940s][info][gc,heap     ] GC(548) Humongous regions: 5->5
[2024-05-30T11:29:20.520+0000][3299.940s][info][gc,metaspace] GC(548) Metaspace: 412906K(418944K)->412906K(418944K) NonClass: 360918K(364288K)->360918K(364288K) Class: 51987K(54656K)->51987K(54656K)
[2024-05-30T11:29:20.520+0000][3299.940s][info][gc          ] GC(548) Pause Young (Normal) (G1 Evacuation Pause) 9637M->4904M(12288M) 99.352ms
[2024-05-30T11:29:20.520+0000][3299.940s][info][gc,cpu      ] GC(548) User=0.58s Sys=0.00s Real=0.10s
[2024-05-30T11:29:22.169+0000][3301.589s][info][gc,start    ] GC(549) Pause Young (Normal) (G1 Evacuation Pause)
[2024-05-30T11:29:22.169+0000][3301.589s][info][gc,task     ] GC(549) Using 6 workers of 6 for evacuation
[2024-05-30T11:29:22.278+0000][3301.698s][info][gc,phases   ] GC(549)   Pre Evacuate Collection Set: 0.2ms
[2024-05-30T11:29:22.278+0000][3301.698s][info][gc,phases   ] GC(549)   Merge Heap Roots: 0.4ms
[2024-05-30T11:29:22.278+0000][3301.698s][info][gc,phases   ] GC(549)   Evacuate Collection Set: 94.9ms
[2024-05-30T11:29:22.278+0000][3301.698s][info][gc,phases   ] GC(549)   Post Evacuate Collection Set: 13.3ms
[2024-05-30T11:29:22.278+0000][3301.698s][info][gc,phases   ] GC(549)   Other: 0.2ms
[2024-05-30T11:29:22.278+0000][3301.698s][info][gc,heap     ] GC(549) Eden regions: 589->0(584)
[2024-05-30T11:29:22.278+0000][3301.698s][info][gc,heap     ] GC(549) Survivor regions: 24->26(77)
[2024-05-30T11:29:22.278+0000][3301.698s][info][gc,heap     ] GC(549) Old regions: 584->585
[2024-05-30T11:29:22.278+0000][3301.698s][info][gc,heap     ] GC(549) Archive regions: 2->2
[2024-05-30T11:29:22.278+0000][3301.698s][info][gc,heap     ] GC(549) Humongous regions: 5->5
[2024-05-30T11:29:22.278+0000][3301.698s][info][gc,metaspace] GC(549) Metaspace: 412908K(418944K)->412908K(418944K) NonClass: 360920K(364288K)->360920K(364288K) Class: 51987K(54656K)->51987K(54656K)
[2024-05-30T11:29:22.278+0000][3301.698s][info][gc          ] GC(549) Pause Young (Normal) (G1 Evacuation Pause) 9616M->4931M(12288M) 108.994ms
[2024-05-30T11:29:22.278+0000][3301.698s][info][gc,cpu      ] GC(549) User=0.64s Sys=0.00s Real=0.11s
[2024-05-30T11:29:23.994+0000][3303.413s][info][gc,start    ] GC(550) Pause Young (Normal) (G1 Evacuation Pause)
[2024-05-30T11:29:23.994+0000][3303.413s][info][gc,task     ] GC(550) Using 6 workers of 6 for evacuation
[2024-05-30T11:29:24.112+0000][3303.531s][info][gc,phases   ] GC(550)   Pre Evacuate Collection Set: 0.2ms
[2024-05-30T11:29:24.112+0000][3303.531s][info][gc,phases   ] GC(550)   Merge Heap Roots: 0.4ms
[2024-05-30T11:29:24.112+0000][3303.531s][info][gc,phases   ] GC(550)   Evacuate Collection Set: 101.0ms
[2024-05-30T11:29:24.112+0000][3303.531s][info][gc,phases   ] GC(550)   Post Evacuate Collection Set: 16.1ms
[2024-05-30T11:29:24.112+0000][3303.531s][info][gc,phases   ] GC(550)   Other: 0.2ms
[2024-05-30T11:29:24.112+0000][3303.531s][info][gc,heap     ] GC(550) Eden regions: 584->0(577)
[2024-05-30T11:29:24.112+0000][3303.531s][info][gc,heap     ] GC(550) Survivor regions: 26->29(77)
[2024-05-30T11:29:24.112+0000][3303.531s][info][gc,heap     ] GC(550) Old regions: 585->586
[2024-05-30T11:29:24.112+0000][3303.531s][info][gc,heap     ] GC(550) Archive regions: 2->2
[2024-05-30T11:29:24.112+0000][3303.531s][info][gc,heap     ] GC(550) Humongous regions: 5->5
[2024-05-30T11:29:24.112+0000][3303.531s][info][gc,metaspace] GC(550) Metaspace: 412908K(418944K)->412908K(418944K) NonClass: 360920K(364288K)->360920K(364288K) Class: 51987K(54656K)->51987K(54656K)
[2024-05-30T11:29:24.112+0000][3303.531s][info][gc          ] GC(550) Pause Young (Normal) (G1 Evacuation Pause) 9603M->4958M(12288M) 117.884ms
[2024-05-30T11:29:24.112+0000][3303.531s][info][gc,cpu      ] GC(550) User=0.69s Sys=0.00s Real=0.12s
[2024-05-30T11:29:25.836+0000][3305.255s][info][gc,start    ] GC(551) Pause Young (Normal) (G1 Evacuation Pause)
[2024-05-30T11:29:25.836+0000][3305.255s][info][gc,task     ] GC(551) Using 6 workers of 6 for evacuation
[2024-05-30T11:29:25.962+0000][3305.382s][info][gc,phases   ] GC(551)   Pre Evacuate Collection Set: 0.2ms
[2024-05-30T11:29:25.962+0000][3305.382s][info][gc,phases   ] GC(551)   Merge Heap Roots: 0.4ms
[2024-05-30T11:29:25.962+0000][3305.382s][info][gc,phases   ] GC(551)   Evacuate Collection Set: 110.3ms
[2024-05-30T11:29:25.962+0000][3305.382s][info][gc,phases   ] GC(551)   Post Evacuate Collection Set: 15.5ms
[2024-05-30T11:29:25.962+0000][3305.382s][info][gc,phases   ] GC(551)   Other: 0.2ms
[2024-05-30T11:29:25.962+0000][3305.382s][info][gc,heap     ] GC(551) Eden regions: 577->0(574)
[2024-05-30T11:29:25.962+0000][3305.382s][info][gc,heap     ] GC(551) Survivor regions: 29->30(76)
[2024-05-30T11:29:25.962+0000][3305.382s][info][gc,heap     ] GC(551) Old regions: 586->587
[2024-05-30T11:29:25.962+0000][3305.382s][info][gc,heap     ] GC(551) Archive regions: 2->2
[2024-05-30T11:29:25.962+0000][3305.382s][info][gc,heap     ] GC(551) Humongous regions: 5->5
[2024-05-30T11:29:25.962+0000][3305.382s][info][gc,metaspace] GC(551) Metaspace: 412908K(418944K)->412908K(418944K) NonClass: 360920K(364288K)->360920K(364288K) Class: 51987K(54656K)->51987K(54656K)
[2024-05-30T11:29:25.962+0000][3305.382s][info][gc          ] GC(551) Pause Young (Normal) (G1 Evacuation Pause) 9574M->4976M(12288M) 126.683ms
[2024-05-30T11:29:25.963+0000][3305.382s][info][gc,cpu      ] GC(551) User=0.75s Sys=0.00s Real=0.13s
[2024-05-30T11:29:29.229+0000][3308.648s][info][gc,start    ] GC(552) Pause Young (Normal) (G1 Evacuation Pause)
[2024-05-30T11:29:29.229+0000][3308.649s][info][gc,task     ] GC(552) Using 6 workers of 6 for evacuation
[2024-05-30T11:29:29.281+0000][3308.700s][info][gc,phases   ] GC(552)   Pre Evacuate Collection Set: 0.2ms
[2024-05-30T11:29:29.281+0000][3308.700s][info][gc,phases   ] GC(552)   Merge Heap Roots: 0.3ms
[2024-05-30T11:29:29.281+0000][3308.700s][info][gc,phases   ] GC(552)   Evacuate Collection Set: 48.4ms
[2024-05-30T11:29:29.281+0000][3308.700s][info][gc,phases   ] GC(552)   Post Evacuate Collection Set: 2.5ms
[2024-05-30T11:29:29.281+0000][3308.700s][info][gc,phases   ] GC(552)   Other: 0.2ms
[2024-05-30T11:29:29.281+0000][3308.700s][info][gc,heap     ] GC(552) Eden regions: 574->0(595)
[2024-05-30T11:29:29.281+0000][3308.700s][info][gc,heap     ] GC(552) Survivor regions: 30->19(76)
[2024-05-30T11:29:29.281+0000][3308.700s][info][gc,heap     ] GC(552) Old regions: 587->588
[2024-05-30T11:29:29.281+0000][3308.700s][info][gc,heap     ] GC(552) Archive regions: 2->2
[2024-05-30T11:29:29.281+0000][3308.700s][info][gc,heap     ] GC(552) Humongous regions: 5->5
[2024-05-30T11:29:29.281+0000][3308.700s][info][gc,metaspace] GC(552) Metaspace: 412911K(418944K)->412911K(418944K) NonClass: 360924K(364288K)->360924K(364288K) Class: 51987K(54656K)->51987K(54656K)
[2024-05-30T11:29:29.281+0000][3308.700s][info][gc          ] GC(552) Pause Young (Normal) (G1 Evacuation Pause) 9568M->4891M(12288M) 51.689ms
[2024-05-30T11:29:29.281+0000][3308.700s][info][gc,cpu      ] GC(552) User=0.31s Sys=0.00s Real=0.05s
[2024-05-30T11:29:35.681+0000][3315.100s][info][gc,start    ] GC(553) Pause Young (Normal) (G1 Evacuation Pause)
[2024-05-30T11:29:35.681+0000][3315.100s][info][gc,task     ] GC(553) Using 6 workers of 6 for evacuation
[2024-05-30T11:29:35.730+0000][3315.149s][info][gc,phases   ] GC(553)   Pre Evacuate Collection Set: 0.2ms
[2024-05-30T11:29:35.730+0000][3315.149s][info][gc,phases   ] GC(553)   Merge Heap Roots: 0.3ms
[2024-05-30T11:29:35.730+0000][3315.149s][info][gc,phases   ] GC(553)   Evacuate Collection Set: 46.6ms
[2024-05-30T11:29:35.730+0000][3315.150s][info][gc,phases   ] GC(553)   Post Evacuate Collection Set: 2.4ms
[2024-05-30T11:29:35.730+0000][3315.150s][info][gc,phases   ] GC(553)   Other: 0.2ms
[2024-05-30T11:29:35.730+0000][3315.150s][info][gc,heap     ] GC(553) Eden regions: 595->0(598)
[2024-05-30T11:29:35.730+0000][3315.150s][info][gc,heap     ] GC(553) Survivor regions: 19->17(77)
[2024-05-30T11:29:35.730+0000][3315.150s][info][gc,heap     ] GC(553) Old regions: 588->589
[2024-05-30T11:29:35.730+0000][3315.150s][info][gc,heap     ] GC(553) Archive regions: 2->2
[2024-05-30T11:29:35.730+0000][3315.150s][info][gc,heap     ] GC(553) Humongous regions: 5->5
[2024-05-30T11:29:35.730+0000][3315.150s][info][gc,metaspace] GC(553) Metaspace: 412915K(418944K)->412915K(418944K) NonClass: 360927K(364288K)->360927K(364288K) Class: 51987K(54656K)->51987K(54656K)
[2024-05-30T11:29:35.730+0000][3315.150s][info][gc          ] GC(553) Pause Young (Normal) (G1 Evacuation Pause) 9651M->4885M(12288M) 49.720ms
[2024-05-30T11:29:35.730+0000][3315.150s][info][gc,cpu      ] GC(553) User=0.30s Sys=0.00s Real=0.05s
[2024-05-30T11:29:42.440+0000][3321.860s][info][gc,start    ] GC(554) Pause Young (Normal) (G1 Evacuation Pause)
[2024-05-30T11:29:42.441+0000][3321.860s][info][gc,task     ] GC(554) Using 6 workers of 6 for evacuation
[2024-05-30T11:29:42.492+0000][3321.912s][info][gc,phases   ] GC(554)   Pre Evacuate Collection Set: 0.2ms
[2024-05-30T11:29:42.493+0000][3321.912s][info][gc,phases   ] GC(554)   Merge Heap Roots: 0.2ms
[2024-05-30T11:29:42.493+0000][3321.912s][info][gc,phases   ] GC(554)   Evacuate Collection Set: 49.0ms
[2024-05-30T11:29:42.493+0000][3321.912s][info][gc,phases   ] GC(554)   Post Evacuate Collection Set: 2.4ms
[2024-05-30T11:29:42.493+0000][3321.912s][info][gc,phases   ] GC(554)   Other: 0.2ms
[2024-05-30T11:29:42.493+0000][3321.912s][info][gc,heap     ] GC(554) Eden regions: 598->0(596)
[2024-05-30T11:29:42.493+0000][3321.912s][info][gc,heap     ] GC(554) Survivor regions: 17->18(77)
[2024-05-30T11:29:42.493+0000][3321.912s][info][gc,heap     ] GC(554) Old regions: 589->589
[2024-05-30T11:29:42.493+0000][3321.912s][info][gc,heap     ] GC(554) Archive regions: 2->2
[2024-05-30T11:29:42.493+0000][3321.912s][info][gc,heap     ] GC(554) Humongous regions: 5->5
[2024-05-30T11:29:42.493+0000][3321.912s][info][gc,metaspace] GC(554) Metaspace: 412915K(418944K)->412915K(418944K) NonClass: 360927K(364288K)->360927K(364288K) Class: 51987K(54656K)->51987K(54656K)
[2024-05-30T11:29:42.493+0000][3321.912s][info][gc          ] GC(554) Pause Young (Normal) (G1 Evacuation Pause) 9669M->4900M(12288M) 52.114ms
[2024-05-30T11:29:42.493+0000][3321.912s][info][gc,cpu      ] GC(554) User=0.30s Sys=0.01s Real=0.05s
[2024-05-30T11:29:49.162+0000][3328.581s][info][gc,start    ] GC(555) Pause Young (Normal) (G1 Evacuation Pause)
[2024-05-30T11:29:49.162+0000][3328.581s][info][gc,task     ] GC(555) Using 6 workers of 6 for evacuation
[2024-05-30T11:29:49.209+0000][3328.629s][info][gc,phases   ] GC(555)   Pre Evacuate Collection Set: 0.2ms
[2024-05-30T11:29:49.209+0000][3328.629s][info][gc,phases   ] GC(555)   Merge Heap Roots: 0.2ms
[2024-05-30T11:29:49.209+0000][3328.629s][info][gc,phases   ] GC(555)   Evacuate Collection Set: 44.8ms
[2024-05-30T11:29:49.209+0000][3328.629s][info][gc,phases   ] GC(555)   Post Evacuate Collection Set: 2.1ms
[2024-05-30T11:29:49.209+0000][3328.629s][info][gc,phases   ] GC(555)   Other: 0.2ms
[2024-05-30T11:29:49.209+0000][3328.629s][info][gc,heap     ] GC(555) Eden regions: 596->0(593)
[2024-05-30T11:29:49.209+0000][3328.629s][info][gc,heap     ] GC(555) Survivor regions: 18->19(77)
[2024-05-30T11:29:49.209+0000][3328.629s][info][gc,heap     ] GC(555) Old regions: 589->590
[2024-05-30T11:29:49.209+0000][3328.629s][info][gc,heap     ] GC(555) Archive regions: 2->2
[2024-05-30T11:29:49.209+0000][3328.629s][info][gc,heap     ] GC(555) Humongous regions: 5->5
[2024-05-30T11:29:49.209+0000][3328.629s][info][gc,metaspace] GC(555) Metaspace: 412915K(418944K)->412915K(418944K) NonClass: 360928K(364288K)->360928K(364288K) Class: 51987K(54656K)->51987K(54656K)
[2024-05-30T11:29:49.209+0000][3328.629s][info][gc          ] GC(555) Pause Young (Normal) (G1 Evacuation Pause) 9668M->4914M(12288M) 47.648ms
[2024-05-30T11:29:49.209+0000][3328.629s][info][gc,cpu      ] GC(555) User=0.28s Sys=0.00s Real=0.05s
[2024-05-30T11:29:55.712+0000][3335.131s][info][gc,start    ] GC(556) Pause Young (Normal) (G1 Evacuation Pause)
[2024-05-30T11:29:55.712+0000][3335.131s][info][gc,task     ] GC(556) Using 6 workers of 6 for evacuation
[2024-05-30T11:29:55.770+0000][3335.189s][info][gc,phases   ] GC(556)   Pre Evacuate Collection Set: 0.3ms
[2024-05-30T11:29:55.770+0000][3335.189s][info][gc,phases   ] GC(556)   Merge Heap Roots: 0.3ms
[2024-05-30T11:29:55.770+0000][3335.189s][info][gc,phases   ] GC(556)   Evacuate Collection Set: 54.5ms
[2024-05-30T11:29:55.770+0000][3335.189s][info][gc,phases   ] GC(556)   Post Evacuate Collection Set: 2.3ms
[2024-05-30T11:29:55.770+0000][3335.189s][info][gc,phases   ] GC(556)   Other: 0.2ms
[2024-05-30T11:29:55.770+0000][3335.189s][info][gc,heap     ] GC(556) Eden regions: 593->0(592)
[2024-05-30T11:29:55.770+0000][3335.189s][info][gc,heap     ] GC(556) Survivor regions: 19->19(77)
[2024-05-30T11:29:55.770+0000][3335.189s][info][gc,heap     ] GC(556) Old regions: 590->591
[2024-05-30T11:29:55.770+0000][3335.189s][info][gc,heap     ] GC(556) Archive regions: 2->2
[2024-05-30T11:29:55.770+0000][3335.189s][info][gc,heap     ] GC(556) Humongous regions: 5->5
[2024-05-30T11:29:55.770+0000][3335.189s][info][gc,metaspace] GC(556) Metaspace: 412929K(419008K)->412929K(419008K) NonClass: 360941K(364352K)->360941K(364352K) Class: 51987K(54656K)->51987K(54656K)
[2024-05-30T11:29:55.770+0000][3335.189s][info][gc          ] GC(556) Pause Young (Normal) (G1 Evacuation Pause) 9658M->4924M(12288M) 57.602ms
[2024-05-30T11:29:55.770+0000][3335.189s][info][gc,cpu      ] GC(556) User=0.34s Sys=0.00s Real=0.06s
[2024-05-30T11:30:02.076+0000][3341.495s][info][gc,start    ] GC(557) Pause Young (Normal) (G1 Evacuation Pause)
[2024-05-30T11:30:02.076+0000][3341.495s][info][gc,task     ] GC(557) Using 6 workers of 6 for evacuation
[2024-05-30T11:30:02.128+0000][3341.548s][info][gc,phases   ] GC(557)   Pre Evacuate Collection Set: 0.2ms
[2024-05-30T11:30:02.129+0000][3341.548s][info][gc,phases   ] GC(557)   Merge Heap Roots: 0.3ms
[2024-05-30T11:30:02.129+0000][3341.548s][info][gc,phases   ] GC(557)   Evacuate Collection Set: 49.8ms
[2024-05-30T11:30:02.129+0000][3341.548s][info][gc,phases   ] GC(557)   Post Evacuate Collection Set: 2.2ms
[2024-05-30T11:30:02.129+0000][3341.548s][info][gc,phases   ] GC(557)   Other: 0.2ms
[2024-05-30T11:30:02.129+0000][3341.548s][info][gc,heap     ] GC(557) Eden regions: 592->0(593)
[2024-05-30T11:30:02.129+0000][3341.548s][info][gc,heap     ] GC(557) Survivor regions: 19->18(77)
[2024-05-30T11:30:02.129+0000][3341.548s][info][gc,heap     ] GC(557) Old regions: 591->592
[2024-05-30T11:30:02.129+0000][3341.548s][info][gc,heap     ] GC(557) Archive regions: 2->2
[2024-05-30T11:30:02.129+0000][3341.548s][info][gc,heap     ] GC(557) Humongous regions: 5->5
[2024-05-30T11:30:02.129+0000][3341.548s][info][gc,metaspace] GC(557) Metaspace: 412933K(419008K)->412933K(419008K) NonClass: 360945K(364352K)->360945K(364352K) Class: 51987K(54656K)->51987K(54656K)
[2024-05-30T11:30:02.129+0000][3341.548s][info][gc          ] GC(557) Pause Young (Normal) (G1 Evacuation Pause) 9660M->4917M(12288M) 52.724ms
[2024-05-30T11:30:02.129+0000][3341.548s][info][gc,cpu      ] GC(557) User=0.31s Sys=0.00s Real=0.06s
[2024-05-30T11:30:08.719+0000][3348.138s][info][gc,start    ] GC(558) Pause Young (Normal) (G1 Evacuation Pause)
[2024-05-30T11:30:08.719+0000][3348.138s][info][gc,task     ] GC(558) Using 6 workers of 6 for evacuation
[2024-05-30T11:30:08.767+0000][3348.186s][info][gc,phases   ] GC(558)   Pre Evacuate Collection Set: 0.2ms
[2024-05-30T11:30:08.767+0000][3348.186s][info][gc,phases   ] GC(558)   Merge Heap Roots: 0.2ms
[2024-05-30T11:30:08.767+0000][3348.186s][info][gc,phases   ] GC(558)   Evacuate Collection Set: 44.8ms
[2024-05-30T11:30:08.767+0000][3348.186s][info][gc,phases   ] GC(558)   Post Evacuate Collection Set: 2.1ms
[2024-05-30T11:30:08.767+0000][3348.186s][info][gc,phases   ] GC(558)   Other: 0.2ms
[2024-05-30T11:30:08.767+0000][3348.186s][info][gc,heap     ] GC(558) Eden regions: 593->0(590)
[2024-05-30T11:30:08.767+0000][3348.186s][info][gc,heap     ] GC(558) Survivor regions: 18->19(77)
[2024-05-30T11:30:08.767+0000][3348.186s][info][gc,heap     ] GC(558) Old regions: 592->593
[2024-05-30T11:30:08.767+0000][3348.186s][info][gc,heap     ] GC(558) Archive regions: 2->2
[2024-05-30T11:30:08.767+0000][3348.186s][info][gc,heap     ] GC(558) Humongous regions: 5->5
[2024-05-30T11:30:08.767+0000][3348.186s][info][gc,metaspace] GC(558) Metaspace: 412933K(419008K)->412933K(419008K) NonClass: 360945K(364352K)->360945K(364352K) Class: 51987K(54656K)->51987K(54656K)
[2024-05-30T11:30:08.767+0000][3348.186s][info][gc          ] GC(558) Pause Young (Normal) (G1 Evacuation Pause) 9661M->4933M(12288M) 47.634ms
[2024-05-30T11:30:08.767+0000][3348.186s][info][gc,cpu      ] GC(558) User=0.28s Sys=0.00s Real=0.04s
[2024-05-30T11:30:15.285+0000][3354.704s][info][gc,start    ] GC(559) Pause Young (Normal) (G1 Evacuation Pause)
[2024-05-30T11:30:15.285+0000][3354.704s][info][gc,task     ] GC(559) Using 6 workers of 6 for evacuation
[2024-05-30T11:30:15.333+0000][3354.753s][info][gc,phases   ] GC(559)   Pre Evacuate Collection Set: 0.2ms
[2024-05-30T11:30:15.334+0000][3354.753s][info][gc,phases   ] GC(559)   Merge Heap Roots: 0.3ms
[2024-05-30T11:30:15.334+0000][3354.753s][info][gc,phases   ] GC(559)   Evacuate Collection Set: 46.2ms
[2024-05-30T11:30:15.334+0000][3354.753s][info][gc,phases   ] GC(559)   Post Evacuate Collection Set: 2.1ms
[2024-05-30T11:30:15.334+0000][3354.753s][info][gc,phases   ] GC(559)   Other: 0.2ms
[2024-05-30T11:30:15.334+0000][3354.753s][info][gc,heap     ] GC(559) Eden regions: 590->0(587)
[2024-05-30T11:30:15.334+0000][3354.753s][info][gc,heap     ] GC(559) Survivor regions: 19->20(77)
[2024-05-30T11:30:15.334+0000][3354.753s][info][gc,heap     ] GC(559) Old regions: 593->594
[2024-05-30T11:30:15.334+0000][3354.753s][info][gc,heap     ] GC(559) Archive regions: 2->2
[2024-05-30T11:30:15.334+0000][3354.753s][info][gc,heap     ] GC(559) Humongous regions: 5->5
[2024-05-30T11:30:15.334+0000][3354.753s][info][gc,metaspace] GC(559) Metaspace: 412936K(419008K)->412936K(419008K) NonClass: 360948K(364352K)->360948K(364352K) Class: 51987K(54656K)->51987K(54656K)
[2024-05-30T11:30:15.334+0000][3354.753s][info][gc          ] GC(559) Pause Young (Normal) (G1 Evacuation Pause) 9653M->4950M(12288M) 49.055ms
[2024-05-30T11:30:15.334+0000][3354.753s][info][gc,cpu      ] GC(559) User=0.29s Sys=0.00s Real=0.05s
[2024-05-30T11:30:21.408+0000][3360.827s][info][gc,start    ] GC(560) Pause Young (Normal) (G1 Evacuation Pause)
[2024-05-30T11:30:21.408+0000][3360.827s][info][gc,task     ] GC(560) Using 6 workers of 6 for evacuation
[2024-05-30T11:30:21.455+0000][3360.875s][info][gc,phases   ] GC(560)   Pre Evacuate Collection Set: 0.2ms
[2024-05-30T11:30:21.455+0000][3360.875s][info][gc,phases   ] GC(560)   Merge Heap Roots: 0.3ms
[2024-05-30T11:30:21.455+0000][3360.875s][info][gc,phases   ] GC(560)   Evacuate Collection Set: 44.6ms
[2024-05-30T11:30:21.455+0000][3360.875s][info][gc,phases   ] GC(560)   Post Evacuate Collection Set: 2.1ms
[2024-05-30T11:30:21.455+0000][3360.875s][info][gc,phases   ] GC(560)   Other: 0.2ms
[2024-05-30T11:30:21.455+0000][3360.875s][info][gc,heap     ] GC(560) Eden regions: 587->0(591)
[2024-05-30T11:30:21.455+0000][3360.875s][info][gc,heap     ] GC(560) Survivor regions: 20->18(76)
[2024-05-30T11:30:21.455+0000][3360.875s][info][gc,heap     ] GC(560) Old regions: 594->594
[2024-05-30T11:30:21.455+0000][3360.875s][info][gc,heap     ] GC(560) Archive regions: 2->2
[2024-05-30T11:30:21.455+0000][3360.875s][info][gc,heap     ] GC(560) Humongous regions: 5->5
[2024-05-30T11:30:21.455+0000][3360.875s][info][gc,metaspace] GC(560) Metaspace: 412936K(419008K)->412936K(419008K) NonClass: 360948K(364352K)->360948K(364352K) Class: 51987K(54656K)->51987K(54656K)
[2024-05-30T11:30:21.455+0000][3360.875s][info][gc          ] GC(560) Pause Young (Normal) (G1 Evacuation Pause) 9646M->4938M(12288M) 47.410ms
[2024-05-30T11:30:21.455+0000][3360.875s][info][gc,cpu      ] GC(560) User=0.28s Sys=0.00s Real=0.05s
[2024-05-30T11:30:27.770+0000][3367.189s][info][gc,start    ] GC(561) Pause Young (Normal) (G1 Evacuation Pause)
[2024-05-30T11:30:27.770+0000][3367.189s][info][gc,task     ] GC(561) Using 6 workers of 6 for evacuation
[2024-05-30T11:30:27.817+0000][3367.236s][info][gc,phases   ] GC(561)   Pre Evacuate Collection Set: 0.2ms
[2024-05-30T11:30:27.817+0000][3367.236s][info][gc,phases   ] GC(561)   Merge Heap Roots: 0.2ms
[2024-05-30T11:30:27.817+0000][3367.236s][info][gc,phases   ] GC(561)   Evacuate Collection Set: 44.7ms
[2024-05-30T11:30:27.817+0000][3367.236s][info][gc,phases   ] GC(561)   Post Evacuate Collection Set: 2.2ms
[2024-05-30T11:30:27.817+0000][3367.236s][info][gc,phases   ] GC(561)   Other: 0.2ms
[2024-05-30T11:30:27.817+0000][3367.236s][info][gc,heap     ] GC(561) Eden regions: 591->0(594)
[2024-05-30T11:30:27.817+0000][3367.236s][info][gc,heap     ] GC(561) Survivor regions: 18->16(77)
[2024-05-30T11:30:27.817+0000][3367.236s][info][gc,heap     ] GC(561) Old regions: 594->595
[2024-05-30T11:30:27.817+0000][3367.236s][info][gc,heap     ] GC(561) Archive regions: 2->2
[2024-05-30T11:30:27.817+0000][3367.236s][info][gc,heap     ] GC(561) Humongous regions: 5->5
[2024-05-30T11:30:27.817+0000][3367.236s][info][gc,metaspace] GC(561) Metaspace: 412936K(419008K)->412936K(419008K) NonClass: 360949K(364352K)->360949K(364352K) Class: 51987K(54656K)->51987K(54656K)
[2024-05-30T11:30:27.817+0000][3367.236s][info][gc          ] GC(561) Pause Young (Normal) (G1 Evacuation Pause) 9666M->4927M(12288M) 47.619ms
[2024-05-30T11:30:27.817+0000][3367.237s][info][gc,cpu      ] GC(561) User=0.29s Sys=0.00s Real=0.05s
[2024-05-30T11:30:34.406+0000][3373.825s][info][gc,start    ] GC(562) Pause Young (Normal) (G1 Evacuation Pause)
[2024-05-30T11:30:34.406+0000][3373.825s][info][gc,task     ] GC(562) Using 6 workers of 6 for evacuation
[2024-05-30T11:30:34.456+0000][3373.875s][info][gc,phases   ] GC(562)   Pre Evacuate Collection Set: 0.2ms
[2024-05-30T11:30:34.456+0000][3373.875s][info][gc,phases   ] GC(562)   Merge Heap Roots: 0.2ms
[2024-05-30T11:30:34.456+0000][3373.875s][info][gc,phases   ] GC(562)   Evacuate Collection Set: 47.5ms
[2024-05-30T11:30:34.456+0000][3373.875s][info][gc,phases   ] GC(562)   Post Evacuate Collection Set: 2.1ms
[2024-05-30T11:30:34.456+0000][3373.875s][info][gc,phases   ] GC(562)   Other: 0.2ms
[2024-05-30T11:30:34.456+0000][3373.875s][info][gc,heap     ] GC(562) Eden regions: 594->0(589)
[2024-05-30T11:30:34.456+0000][3373.875s][info][gc,heap     ] GC(562) Survivor regions: 16->18(77)
[2024-05-30T11:30:34.456+0000][3373.875s][info][gc,heap     ] GC(562) Old regions: 595->596
[2024-05-30T11:30:34.456+0000][3373.875s][info][gc,heap     ] GC(562) Archive regions: 2->2
[2024-05-30T11:30:34.456+0000][3373.875s][info][gc,heap     ] GC(562) Humongous regions: 5->5
[2024-05-30T11:30:34.456+0000][3373.875s][info][gc,metaspace] GC(562) Metaspace: 412936K(419008K)->412936K(419008K) NonClass: 360949K(364352K)->360949K(364352K) Class: 51987K(54656K)->51987K(54656K)
[2024-05-30T11:30:34.456+0000][3373.875s][info][gc          ] GC(562) Pause Young (Normal) (G1 Evacuation Pause) 9679M->4945M(12288M) 50.343ms
[2024-05-30T11:30:34.456+0000][3373.875s][info][gc,cpu      ] GC(562) User=0.30s Sys=0.00s Real=0.05s
[2024-05-30T11:30:41.005+0000][3380.424s][info][gc,start    ] GC(563) Pause Young (Normal) (G1 Evacuation Pause)
[2024-05-30T11:30:41.005+0000][3380.424s][info][gc,task     ] GC(563) Using 6 workers of 6 for evacuation
[2024-05-30T11:30:41.053+0000][3380.472s][info][gc,phases   ] GC(563)   Pre Evacuate Collection Set: 0.2ms
[2024-05-30T11:30:41.053+0000][3380.472s][info][gc,phases   ] GC(563)   Merge Heap Roots: 0.3ms
[2024-05-30T11:30:41.053+0000][3380.472s][info][gc,phases   ] GC(563)   Evacuate Collection Set: 45.0ms
[2024-05-30T11:30:41.053+0000][3380.472s][info][gc,phases   ] GC(563)   Post Evacuate Collection Set: 2.1ms
[2024-05-30T11:30:41.053+0000][3380.472s][info][gc,phases   ] GC(563)   Other: 0.2ms
[2024-05-30T11:30:41.053+0000][3380.472s][info][gc,heap     ] GC(563) Eden regions: 589->0(587)
[2024-05-30T11:30:41.053+0000][3380.472s][info][gc,heap     ] GC(563) Survivor regions: 18->19(76)
[2024-05-30T11:30:41.053+0000][3380.472s][info][gc,heap     ] GC(563) Old regions: 596->596
[2024-05-30T11:30:41.053+0000][3380.472s][info][gc,heap     ] GC(563) Archive regions: 2->2
[2024-05-30T11:30:41.053+0000][3380.472s][info][gc,heap     ] GC(563) Humongous regions: 5->5
[2024-05-30T11:30:41.053+0000][3380.472s][info][gc,metaspace] GC(563) Metaspace: 412936K(419008K)->412936K(419008K) NonClass: 360949K(364352K)->360949K(364352K) Class: 51987K(54656K)->51987K(54656K)
[2024-05-30T11:30:41.053+0000][3380.472s][info][gc          ] GC(563) Pause Young (Normal) (G1 Evacuation Pause) 9657M->4954M(12288M) 47.845ms
[2024-05-30T11:30:41.053+0000][3380.472s][info][gc,cpu      ] GC(563) User=0.29s Sys=0.00s Real=0.05s
[2024-05-30T11:30:47.643+0000][3387.063s][info][gc,start    ] GC(564) Pause Young (Normal) (G1 Evacuation Pause)
[2024-05-30T11:30:47.643+0000][3387.063s][info][gc,task     ] GC(564) Using 6 workers of 6 for evacuation
[2024-05-30T11:30:47.692+0000][3387.111s][info][gc,phases   ] GC(564)   Pre Evacuate Collection Set: 0.2ms
[2024-05-30T11:30:47.692+0000][3387.111s][info][gc,phases   ] GC(564)   Merge Heap Roots: 0.2ms
[2024-05-30T11:30:47.692+0000][3387.111s][info][gc,phases   ] GC(564)   Evacuate Collection Set: 45.5ms
[2024-05-30T11:30:47.692+0000][3387.111s][info][gc,phases   ] GC(564)   Post Evacuate Collection Set: 2.1ms
[2024-05-30T11:30:47.692+0000][3387.111s][info][gc,phases   ] GC(564)   Other: 0.2ms
[2024-05-30T11:30:47.692+0000][3387.111s][info][gc,heap     ] GC(564) Eden regions: 587->0(585)
[2024-05-30T11:30:47.692+0000][3387.111s][info][gc,heap     ] GC(564) Survivor regions: 19->20(76)
[2024-05-30T11:30:47.692+0000][3387.111s][info][gc,heap     ] GC(564) Old regions: 596->596
[2024-05-30T11:30:47.692+0000][3387.111s][info][gc,heap     ] GC(564) Archive regions: 2->2
[2024-05-30T11:30:47.692+0000][3387.111s][info][gc,heap     ] GC(564) Humongous regions: 5->5
[2024-05-30T11:30:47.692+0000][3387.111s][info][gc,metaspace] GC(564) Metaspace: 412938K(419008K)->412938K(419008K) NonClass: 360950K(364352K)->360950K(364352K) Class: 51987K(54656K)->51987K(54656K)
[2024-05-30T11:30:47.692+0000][3387.111s][info][gc          ] GC(564) Pause Young (Normal) (G1 Evacuation Pause) 9650M->4968M(12288M) 48.310ms
[2024-05-30T11:30:47.692+0000][3387.111s][info][gc,cpu      ] GC(564) User=0.29s Sys=0.00s Real=0.05s
[2024-05-30T11:30:53.999+0000][3393.419s][info][gc,start    ] GC(565) Pause Young (Normal) (G1 Evacuation Pause)
[2024-05-30T11:30:53.999+0000][3393.419s][info][gc,task     ] GC(565) Using 6 workers of 6 for evacuation
[2024-05-30T11:30:54.050+0000][3393.469s][info][gc,phases   ] GC(565)   Pre Evacuate Collection Set: 0.2ms
[2024-05-30T11:30:54.050+0000][3393.469s][info][gc,phases   ] GC(565)   Merge Heap Roots: 0.3ms
[2024-05-30T11:30:54.050+0000][3393.469s][info][gc,phases   ] GC(565)   Evacuate Collection Set: 47.6ms
[2024-05-30T11:30:54.050+0000][3393.469s][info][gc,phases   ] GC(565)   Post Evacuate Collection Set: 2.4ms
[2024-05-30T11:30:54.050+0000][3393.469s][info][gc,phases   ] GC(565)   Other: 0.2ms
[2024-05-30T11:30:54.050+0000][3393.469s][info][gc,heap     ] GC(565) Eden regions: 585->0(583)
[2024-05-30T11:30:54.050+0000][3393.469s][info][gc,heap     ] GC(565) Survivor regions: 20->21(76)
[2024-05-30T11:30:54.050+0000][3393.469s][info][gc,heap     ] GC(565) Old regions: 596->596
[2024-05-30T11:30:54.050+0000][3393.469s][info][gc,heap     ] GC(565) Archive regions: 2->2
[2024-05-30T11:30:54.050+0000][3393.469s][info][gc,heap     ] GC(565) Humongous regions: 5->5
[2024-05-30T11:30:54.050+0000][3393.469s][info][gc,metaspace] GC(565) Metaspace: 412939K(419008K)->412939K(419008K) NonClass: 360951K(364352K)->360951K(364352K) Class: 51987K(54656K)->51987K(54656K)
[2024-05-30T11:30:54.050+0000][3393.469s][info][gc          ] GC(565) Pause Young (Normal) (G1 Evacuation Pause) 9648M->4974M(12288M) 50.690ms
[2024-05-30T11:30:54.050+0000][3393.469s][info][gc,cpu      ] GC(565) User=0.30s Sys=0.00s Real=0.05s
[2024-05-30T11:31:00.389+0000][3399.809s][info][gc,start    ] GC(566) Pause Young (Normal) (G1 Evacuation Pause)
[2024-05-30T11:31:00.389+0000][3399.809s][info][gc,task     ] GC(566) Using 6 workers of 6 for evacuation
[2024-05-30T11:31:00.444+0000][3399.863s][info][gc,phases   ] GC(566)   Pre Evacuate Collection Set: 0.2ms
[2024-05-30T11:31:00.444+0000][3399.863s][info][gc,phases   ] GC(566)   Merge Heap Roots: 0.3ms
[2024-05-30T11:31:00.444+0000][3399.863s][info][gc,phases   ] GC(566)   Evacuate Collection Set: 51.7ms
[2024-05-30T11:31:00.444+0000][3399.863s][info][gc,phases   ] GC(566)   Post Evacuate Collection Set: 2.1ms
[2024-05-30T11:31:00.444+0000][3399.863s][info][gc,phases   ] GC(566)   Other: 0.2ms
[2024-05-30T11:31:00.444+0000][3399.863s][info][gc,heap     ] GC(566) Eden regions: 583->0(583)
[2024-05-30T11:31:00.444+0000][3399.863s][info][gc,heap     ] GC(566) Survivor regions: 21->21(76)
[2024-05-30T11:31:00.444+0000][3399.863s][info][gc,heap     ] GC(566) Old regions: 596->596
[2024-05-30T11:31:00.444+0000][3399.863s][info][gc,heap     ] GC(566) Archive regions: 2->2
[2024-05-30T11:31:00.444+0000][3399.863s][info][gc,heap     ] GC(566) Humongous regions: 5->5
[2024-05-30T11:31:00.444+0000][3399.863s][info][gc,metaspace] GC(566) Metaspace: 412939K(419008K)->412939K(419008K) NonClass: 360951K(364352K)->360951K(364352K) Class: 51987K(54656K)->51987K(54656K)
[2024-05-30T11:31:00.444+0000][3399.863s][info][gc          ] GC(566) Pause Young (Normal) (G1 Evacuation Pause) 9638M->4972M(12288M) 54.531ms
[2024-05-30T11:31:00.444+0000][3399.863s][info][gc,cpu      ] GC(566) User=0.32s Sys=0.00s Real=0.05s
[2024-05-30T11:31:02.333+0000][3401.752s][info][gc,start    ] GC(567) Pause Young (Normal) (G1 Evacuation Pause)
[2024-05-30T11:31:02.333+0000][3401.753s][info][gc,task     ] GC(567) Using 6 workers of 6 for evacuation
[2024-05-30T11:31:02.418+0000][3401.837s][info][gc,phases   ] GC(567)   Pre Evacuate Collection Set: 0.2ms
[2024-05-30T11:31:02.418+0000][3401.837s][info][gc,phases   ] GC(567)   Merge Heap Roots: 0.2ms
[2024-05-30T11:31:02.418+0000][3401.837s][info][gc,phases   ] GC(567)   Evacuate Collection Set: 70.2ms
[2024-05-30T11:31:02.418+0000][3401.837s][info][gc,phases   ] GC(567)   Post Evacuate Collection Set: 14.1ms
[2024-05-30T11:31:02.418+0000][3401.837s][info][gc,phases   ] GC(567)   Other: 0.2ms
[2024-05-30T11:31:02.418+0000][3401.837s][info][gc,heap     ] GC(567) Eden regions: 583->0(582)
[2024-05-30T11:31:02.418+0000][3401.837s][info][gc,heap     ] GC(567) Survivor regions: 21->21(76)
[2024-05-30T11:31:02.418+0000][3401.837s][info][gc,heap     ] GC(567) Old regions: 596->597
[2024-05-30T11:31:02.418+0000][3401.837s][info][gc,heap     ] GC(567) Archive regions: 2->2
[2024-05-30T11:31:02.418+0000][3401.837s][info][gc,heap     ] GC(567) Humongous regions: 5->5
[2024-05-30T11:31:02.418+0000][3401.837s][info][gc,metaspace] GC(567) Metaspace: 412939K(419008K)->412939K(419008K) NonClass: 360951K(364352K)->360951K(364352K) Class: 51987K(54656K)->51987K(54656K)
[2024-05-30T11:31:02.418+0000][3401.837s][info][gc          ] GC(567) Pause Young (Normal) (G1 Evacuation Pause) 9636M->4982M(12288M) 84.916ms
[2024-05-30T11:31:02.418+0000][3401.837s][info][gc,cpu      ] GC(567) User=0.49s Sys=0.00s Real=0.09s
[2024-05-30T11:31:04.305+0000][3403.724s][info][gc,start    ] GC(568) Pause Young (Normal) (G1 Evacuation Pause)
[2024-05-30T11:31:04.305+0000][3403.724s][info][gc,task     ] GC(568) Using 6 workers of 6 for evacuation
[2024-05-30T11:31:04.403+0000][3403.822s][info][gc,phases   ] GC(568)   Pre Evacuate Collection Set: 0.2ms
[2024-05-30T11:31:04.403+0000][3403.822s][info][gc,phases   ] GC(568)   Merge Heap Roots: 0.2ms
[2024-05-30T11:31:04.403+0000][3403.822s][info][gc,phases   ] GC(568)   Evacuate Collection Set: 81.9ms
[2024-05-30T11:31:04.403+0000][3403.822s][info][gc,phases   ] GC(568)   Post Evacuate Collection Set: 15.5ms
[2024-05-30T11:31:04.403+0000][3403.822s][info][gc,phases   ] GC(568)   Other: 0.2ms
[2024-05-30T11:31:04.403+0000][3403.822s][info][gc,heap     ] GC(568) Eden regions: 582->0(576)
[2024-05-30T11:31:04.403+0000][3403.822s][info][gc,heap     ] GC(568) Survivor regions: 21->24(76)
[2024-05-30T11:31:04.403+0000][3403.822s][info][gc,heap     ] GC(568) Old regions: 597->597
[2024-05-30T11:31:04.403+0000][3403.822s][info][gc,heap     ] GC(568) Archive regions: 2->2
[2024-05-30T11:31:04.403+0000][3403.823s][info][gc,heap     ] GC(568) Humongous regions: 5->5
[2024-05-30T11:31:04.403+0000][3403.823s][info][gc,metaspace] GC(568) Metaspace: 412939K(419008K)->412939K(419008K) NonClass: 360951K(364352K)->360951K(364352K) Class: 51987K(54656K)->51987K(54656K)
[2024-05-30T11:31:04.403+0000][3403.823s][info][gc          ] GC(568) Pause Young (Normal) (G1 Evacuation Pause) 9638M->5011M(12288M) 98.097ms
[2024-05-30T11:31:04.403+0000][3403.823s][info][gc,cpu      ] GC(568) User=0.57s Sys=0.00s Real=0.10s
[2024-05-30T11:31:06.110+0000][3405.529s][info][gc,start    ] GC(569) Pause Young (Normal) (G1 Evacuation Pause)
[2024-05-30T11:31:06.110+0000][3405.529s][info][gc,task     ] GC(569) Using 6 workers of 6 for evacuation
[2024-05-30T11:31:06.217+0000][3405.636s][info][gc,phases   ] GC(569)   Pre Evacuate Collection Set: 0.2ms
[2024-05-30T11:31:06.217+0000][3405.636s][info][gc,phases   ] GC(569)   Merge Heap Roots: 0.2ms
[2024-05-30T11:31:06.217+0000][3405.636s][info][gc,phases   ] GC(569)   Evacuate Collection Set: 91.2ms
[2024-05-30T11:31:06.217+0000][3405.636s][info][gc,phases   ] GC(569)   Post Evacuate Collection Set: 14.8ms
[2024-05-30T11:31:06.217+0000][3405.636s][info][gc,phases   ] GC(569)   Other: 0.2ms
[2024-05-30T11:31:06.217+0000][3405.636s][info][gc,heap     ] GC(569) Eden regions: 576->0(569)
[2024-05-30T11:31:06.217+0000][3405.636s][info][gc,heap     ] GC(569) Survivor regions: 24->27(75)
[2024-05-30T11:31:06.217+0000][3405.636s][info][gc,heap     ] GC(569) Old regions: 597->598
[2024-05-30T11:31:06.217+0000][3405.636s][info][gc,heap     ] GC(569) Archive regions: 2->2
[2024-05-30T11:31:06.217+0000][3405.636s][info][gc,heap     ] GC(569) Humongous regions: 5->5
[2024-05-30T11:31:06.217+0000][3405.636s][info][gc,metaspace] GC(569) Metaspace: 412939K(419008K)->412939K(419008K) NonClass: 360951K(364352K)->360951K(364352K) Class: 51987K(54656K)->51987K(54656K)
[2024-05-30T11:31:06.217+0000][3405.636s][info][gc          ] GC(569) Pause Young (Normal) (G1 Evacuation Pause) 9619M->5037M(12288M) 106.694ms
[2024-05-30T11:31:06.217+0000][3405.636s][info][gc,cpu      ] GC(569) User=0.63s Sys=0.00s Real=0.11s
[2024-05-30T11:31:07.904+0000][3407.324s][info][gc,start    ] GC(570) Pause Young (Normal) (G1 Evacuation Pause)
[2024-05-30T11:31:07.904+0000][3407.324s][info][gc,task     ] GC(570) Using 6 workers of 6 for evacuation
[2024-05-30T11:31:08.033+0000][3407.453s][info][gc,phases   ] GC(570)   Pre Evacuate Collection Set: 0.2ms
[2024-05-30T11:31:08.033+0000][3407.453s][info][gc,phases   ] GC(570)   Merge Heap Roots: 0.2ms
[2024-05-30T11:31:08.033+0000][3407.453s][info][gc,phases   ] GC(570)   Evacuate Collection Set: 110.9ms
[2024-05-30T11:31:08.033+0000][3407.453s][info][gc,phases   ] GC(570)   Post Evacuate Collection Set: 17.5ms
[2024-05-30T11:31:08.034+0000][3407.453s][info][gc,phases   ] GC(570)   Other: 0.2ms
[2024-05-30T11:31:08.034+0000][3407.453s][info][gc,heap     ] GC(570) Eden regions: 569->0(564)
[2024-05-30T11:31:08.034+0000][3407.453s][info][gc,heap     ] GC(570) Survivor regions: 27->29(75)
[2024-05-30T11:31:08.034+0000][3407.453s][info][gc,heap     ] GC(570) Old regions: 598->599
[2024-05-30T11:31:08.034+0000][3407.453s][info][gc,heap     ] GC(570) Archive regions: 2->2
[2024-05-30T11:31:08.034+0000][3407.453s][info][gc,heap     ] GC(570) Humongous regions: 5->5
[2024-05-30T11:31:08.034+0000][3407.453s][info][gc,metaspace] GC(570) Metaspace: 412939K(419008K)->412939K(419008K) NonClass: 360951K(364352K)->360951K(364352K) Class: 51987K(54656K)->51987K(54656K)
[2024-05-30T11:31:08.034+0000][3407.453s][info][gc          ] GC(570) Pause Young (Normal) (G1 Evacuation Pause) 9589M->5063M(12288M) 129.147ms
[2024-05-30T11:31:08.034+0000][3407.453s][info][gc,cpu      ] GC(570) User=0.76s Sys=0.00s Real=0.13s
[2024-05-30T11:31:09.818+0000][3409.237s][info][gc,start    ] GC(571) Pause Young (Normal) (G1 Evacuation Pause)
[2024-05-30T11:31:09.818+0000][3409.237s][info][gc,task     ] GC(571) Using 6 workers of 6 for evacuation
[2024-05-30T11:31:09.937+0000][3409.356s][info][gc,phases   ] GC(571)   Pre Evacuate Collection Set: 0.2ms
[2024-05-30T11:31:09.937+0000][3409.356s][info][gc,phases   ] GC(571)   Merge Heap Roots: 0.2ms
[2024-05-30T11:31:09.937+0000][3409.356s][info][gc,phases   ] GC(571)   Evacuate Collection Set: 101.2ms
[2024-05-30T11:31:09.937+0000][3409.356s][info][gc,phases   ] GC(571)   Post Evacuate Collection Set: 16.9ms
[2024-05-30T11:31:09.937+0000][3409.356s][info][gc,phases   ] GC(571)   Other: 0.3ms
[2024-05-30T11:31:09.937+0000][3409.356s][info][gc,heap     ] GC(571) Eden regions: 564->0(559)
[2024-05-30T11:31:09.937+0000][3409.356s][info][gc,heap     ] GC(571) Survivor regions: 29->31(75)
[2024-05-30T11:31:09.937+0000][3409.356s][info][gc,heap     ] GC(571) Old regions: 599->600
[2024-05-30T11:31:09.937+0000][3409.356s][info][gc,heap     ] GC(571) Archive regions: 2->2
[2024-05-30T11:31:09.937+0000][3409.356s][info][gc,heap     ] GC(571) Humongous regions: 5->5
[2024-05-30T11:31:09.937+0000][3409.356s][info][gc,metaspace] GC(571) Metaspace: 412939K(419008K)->412939K(419008K) NonClass: 360951K(364352K)->360951K(364352K) Class: 51987K(54656K)->51987K(54656K)
[2024-05-30T11:31:09.937+0000][3409.356s][info][gc          ] GC(571) Pause Young (Normal) (G1 Evacuation Pause) 9575M->5088M(12288M) 118.755ms
[2024-05-30T11:31:09.937+0000][3409.356s][info][gc,cpu      ] GC(571) User=0.69s Sys=0.00s Real=0.12s
[2024-05-30T11:31:11.715+0000][3411.134s][info][gc,start    ] GC(572) Pause Young (Normal) (G1 Evacuation Pause)
[2024-05-30T11:31:11.715+0000][3411.134s][info][gc,task     ] GC(572) Using 6 workers of 6 for evacuation
[2024-05-30T11:31:11.840+0000][3411.259s][info][gc,phases   ] GC(572)   Pre Evacuate Collection Set: 0.2ms
[2024-05-30T11:31:11.840+0000][3411.259s][info][gc,phases   ] GC(572)   Merge Heap Roots: 0.3ms
[2024-05-30T11:31:11.840+0000][3411.259s][info][gc,phases   ] GC(572)   Evacuate Collection Set: 109.1ms
[2024-05-30T11:31:11.840+0000][3411.259s][info][gc,phases   ] GC(572)   Post Evacuate Collection Set: 15.0ms
[2024-05-30T11:31:11.840+0000][3411.259s][info][gc,phases   ] GC(572)   Other: 0.2ms
[2024-05-30T11:31:11.840+0000][3411.259s][info][gc,heap     ] GC(572) Eden regions: 559->0(556)
[2024-05-30T11:31:11.840+0000][3411.259s][info][gc,heap     ] GC(572) Survivor regions: 31->32(74)
[2024-05-30T11:31:11.840+0000][3411.259s][info][gc,heap     ] GC(572) Old regions: 600->601
[2024-05-30T11:31:11.840+0000][3411.259s][info][gc,heap     ] GC(572) Archive regions: 2->2
[2024-05-30T11:31:11.840+0000][3411.259s][info][gc,heap     ] GC(572) Humongous regions: 5->5
[2024-05-30T11:31:11.840+0000][3411.259s][info][gc,metaspace] GC(572) Metaspace: 412939K(419008K)->412939K(419008K) NonClass: 360951K(364352K)->360951K(364352K) Class: 51987K(54656K)->51987K(54656K)
[2024-05-30T11:31:11.840+0000][3411.259s][info][gc          ] GC(572) Pause Young (Normal) (G1 Evacuation Pause) 9560M->5097M(12288M) 124.825ms
[2024-05-30T11:31:11.840+0000][3411.259s][info][gc,cpu      ] GC(572) User=0.73s Sys=0.00s Real=0.13s
[2024-05-30T11:31:13.378+0000][3412.798s][info][gc,start    ] GC(573) Pause Young (Normal) (G1 Evacuation Pause)
[2024-05-30T11:31:13.378+0000][3412.798s][info][gc,task     ] GC(573) Using 6 workers of 6 for evacuation
[2024-05-30T11:31:13.527+0000][3412.947s][info][gc,phases   ] GC(573)   Pre Evacuate Collection Set: 0.2ms
[2024-05-30T11:31:13.527+0000][3412.947s][info][gc,phases   ] GC(573)   Merge Heap Roots: 0.3ms
[2024-05-30T11:31:13.527+0000][3412.947s][info][gc,phases   ] GC(573)   Evacuate Collection Set: 128.9ms
[2024-05-30T11:31:13.527+0000][3412.947s][info][gc,phases   ] GC(573)   Post Evacuate Collection Set: 19.6ms
[2024-05-30T11:31:13.527+0000][3412.947s][info][gc,phases   ] GC(573)   Other: 0.2ms
[2024-05-30T11:31:13.527+0000][3412.947s][info][gc,heap     ] GC(573) Eden regions: 556->0(550)
[2024-05-30T11:31:13.527+0000][3412.947s][info][gc,heap     ] GC(573) Survivor regions: 32->35(74)
[2024-05-30T11:31:13.527+0000][3412.947s][info][gc,heap     ] GC(573) Old regions: 601->601
[2024-05-30T11:31:13.527+0000][3412.947s][info][gc,heap     ] GC(573) Archive regions: 2->2
[2024-05-30T11:31:13.527+0000][3412.947s][info][gc,heap     ] GC(573) Humongous regions: 5->5
[2024-05-30T11:31:13.527+0000][3412.947s][info][gc,metaspace] GC(573) Metaspace: 412939K(419008K)->412939K(419008K) NonClass: 360951K(364352K)->360951K(364352K) Class: 51987K(54656K)->51987K(54656K)
[2024-05-30T11:31:13.527+0000][3412.947s][info][gc          ] GC(573) Pause Young (Normal) (G1 Evacuation Pause) 9545M->5128M(12288M) 149.221ms
[2024-05-30T11:31:13.528+0000][3412.947s][info][gc,cpu      ] GC(573) User=0.88s Sys=0.00s Real=0.14s
[2024-05-30T11:31:15.098+0000][3414.517s][info][gc,start    ] GC(574) Pause Young (Normal) (G1 Evacuation Pause)
[2024-05-30T11:31:15.098+0000][3414.517s][info][gc,task     ] GC(574) Using 6 workers of 6 for evacuation
[2024-05-30T11:31:15.242+0000][3414.661s][info][gc,phases   ] GC(574)   Pre Evacuate Collection Set: 0.2ms
[2024-05-30T11:31:15.242+0000][3414.661s][info][gc,phases   ] GC(574)   Merge Heap Roots: 0.3ms
[2024-05-30T11:31:15.242+0000][3414.661s][info][gc,phases   ] GC(574)   Evacuate Collection Set: 127.7ms
[2024-05-30T11:31:15.242+0000][3414.661s][info][gc,phases   ] GC(574)   Post Evacuate Collection Set: 15.8ms
[2024-05-30T11:31:15.242+0000][3414.661s][info][gc,phases   ] GC(574)   Other: 0.2ms
[2024-05-30T11:31:15.242+0000][3414.661s][info][gc,heap     ] GC(574) Eden regions: 550->0(547)
[2024-05-30T11:31:15.242+0000][3414.661s][info][gc,heap     ] GC(574) Survivor regions: 35->36(74)
[2024-05-30T11:31:15.242+0000][3414.661s][info][gc,heap     ] GC(574) Old regions: 601->602
[2024-05-30T11:31:15.242+0000][3414.661s][info][gc,heap     ] GC(574) Archive regions: 2->2
[2024-05-30T11:31:15.242+0000][3414.661s][info][gc,heap     ] GC(574) Humongous regions: 5->5
[2024-05-30T11:31:15.242+0000][3414.661s][info][gc,metaspace] GC(574) Metaspace: 412939K(419008K)->412939K(419008K) NonClass: 360951K(364352K)->360951K(364352K) Class: 51987K(54656K)->51987K(54656K)
[2024-05-30T11:31:15.242+0000][3414.661s][info][gc          ] GC(574) Pause Young (Normal) (G1 Evacuation Pause) 9528M->5146M(12288M) 144.193ms
[2024-05-30T11:31:15.242+0000][3414.661s][info][gc,cpu      ] GC(574) User=0.85s Sys=0.00s Real=0.14s
[2024-05-30T11:31:16.720+0000][3416.139s][info][gc,start    ] GC(575) Pause Young (Normal) (G1 Evacuation Pause)
[2024-05-30T11:31:16.720+0000][3416.139s][info][gc,task     ] GC(575) Using 6 workers of 6 for evacuation
[2024-05-30T11:31:16.872+0000][3416.291s][info][gc,phases   ] GC(575)   Pre Evacuate Collection Set: 0.2ms
[2024-05-30T11:31:16.872+0000][3416.291s][info][gc,phases   ] GC(575)   Merge Heap Roots: 0.3ms
[2024-05-30T11:31:16.872+0000][3416.291s][info][gc,phases   ] GC(575)   Evacuate Collection Set: 134.7ms
[2024-05-30T11:31:16.872+0000][3416.291s][info][gc,phases   ] GC(575)   Post Evacuate Collection Set: 16.5ms
[2024-05-30T11:31:16.872+0000][3416.291s][info][gc,phases   ] GC(575)   Other: 0.2ms
[2024-05-30T11:31:16.872+0000][3416.291s][info][gc,heap     ] GC(575) Eden regions: 547->0(540)
[2024-05-30T11:31:16.872+0000][3416.291s][info][gc,heap     ] GC(575) Survivor regions: 36->39(73)
[2024-05-30T11:31:16.872+0000][3416.291s][info][gc,heap     ] GC(575) Old regions: 602->603
[2024-05-30T11:31:16.872+0000][3416.291s][info][gc,heap     ] GC(575) Archive regions: 2->2
[2024-05-30T11:31:16.872+0000][3416.291s][info][gc,heap     ] GC(575) Humongous regions: 5->5
[2024-05-30T11:31:16.872+0000][3416.291s][info][gc,metaspace] GC(575) Metaspace: 412939K(419008K)->412939K(419008K) NonClass: 360951K(364352K)->360951K(364352K) Class: 51987K(54656K)->51987K(54656K)
[2024-05-30T11:31:16.872+0000][3416.291s][info][gc          ] GC(575) Pause Young (Normal) (G1 Evacuation Pause) 9522M->5174M(12288M) 151.975ms
[2024-05-30T11:31:16.872+0000][3416.291s][info][gc,cpu      ] GC(575) User=0.90s Sys=0.00s Real=0.15s
[2024-05-30T11:31:18.445+0000][3417.864s][info][gc,start    ] GC(576) Pause Young (Normal) (G1 Evacuation Pause)
[2024-05-30T11:31:18.445+0000][3417.864s][info][gc,task     ] GC(576) Using 6 workers of 6 for evacuation
[2024-05-30T11:31:18.597+0000][3418.016s][info][gc,phases   ] GC(576)   Pre Evacuate Collection Set: 0.2ms
[2024-05-30T11:31:18.597+0000][3418.016s][info][gc,phases   ] GC(576)   Merge Heap Roots: 0.3ms
[2024-05-30T11:31:18.597+0000][3418.016s][info][gc,phases   ] GC(576)   Evacuate Collection Set: 135.5ms
[2024-05-30T11:31:18.597+0000][3418.016s][info][gc,phases   ] GC(576)   Post Evacuate Collection Set: 15.8ms
[2024-05-30T11:31:18.597+0000][3418.016s][info][gc,phases   ] GC(576)   Other: 0.2ms
[2024-05-30T11:31:18.597+0000][3418.016s][info][gc,heap     ] GC(576) Eden regions: 540->0(539)
[2024-05-30T11:31:18.597+0000][3418.016s][info][gc,heap     ] GC(576) Survivor regions: 39->39(73)
[2024-05-30T11:31:18.597+0000][3418.016s][info][gc,heap     ] GC(576) Old regions: 603->604
[2024-05-30T11:31:18.597+0000][3418.016s][info][gc,heap     ] GC(576) Archive regions: 2->2
[2024-05-30T11:31:18.597+0000][3418.016s][info][gc,heap     ] GC(576) Humongous regions: 5->5
[2024-05-30T11:31:18.597+0000][3418.016s][info][gc,metaspace] GC(576) Metaspace: 412939K(419008K)->412939K(419008K) NonClass: 360951K(364352K)->360951K(364352K) Class: 51987K(54656K)->51987K(54656K)
[2024-05-30T11:31:18.597+0000][3418.016s][info][gc          ] GC(576) Pause Young (Normal) (G1 Evacuation Pause) 9494M->5183M(12288M) 152.096ms
[2024-05-30T11:31:18.597+0000][3418.016s][info][gc,cpu      ] GC(576) User=0.90s Sys=0.00s Real=0.16s
[2024-05-30T11:31:20.106+0000][3419.525s][info][gc,start    ] GC(577) Pause Young (Normal) (G1 Evacuation Pause)
[2024-05-30T11:31:20.106+0000][3419.525s][info][gc,task     ] GC(577) Using 6 workers of 6 for evacuation
[2024-05-30T11:31:20.264+0000][3419.683s][info][gc,phases   ] GC(577)   Pre Evacuate Collection Set: 0.2ms
[2024-05-30T11:31:20.264+0000][3419.683s][info][gc,phases   ] GC(577)   Merge Heap Roots: 0.3ms
[2024-05-30T11:31:20.264+0000][3419.683s][info][gc,phases   ] GC(577)   Evacuate Collection Set: 141.9ms
[2024-05-30T11:31:20.264+0000][3419.683s][info][gc,phases   ] GC(577)   Post Evacuate Collection Set: 15.4ms
[2024-05-30T11:31:20.264+0000][3419.683s][info][gc,phases   ] GC(577)   Other: 0.2ms
[2024-05-30T11:31:20.264+0000][3419.683s][info][gc,heap     ] GC(577) Eden regions: 539->0(538)
[2024-05-30T11:31:20.264+0000][3419.683s][info][gc,heap     ] GC(577) Survivor regions: 39->39(73)
[2024-05-30T11:31:20.264+0000][3419.683s][info][gc,heap     ] GC(577) Old regions: 604->605
[2024-05-30T11:31:20.264+0000][3419.683s][info][gc,heap     ] GC(577) Archive regions: 2->2
[2024-05-30T11:31:20.264+0000][3419.683s][info][gc,heap     ] GC(577) Humongous regions: 5->5
[2024-05-30T11:31:20.264+0000][3419.684s][info][gc,metaspace] GC(577) Metaspace: 412939K(419008K)->412939K(419008K) NonClass: 360951K(364352K)->360951K(364352K) Class: 51987K(54656K)->51987K(54656K)
[2024-05-30T11:31:20.264+0000][3419.684s][info][gc          ] GC(577) Pause Young (Normal) (G1 Evacuation Pause) 9495M->5196M(12288M) 158.071ms
[2024-05-30T11:31:20.264+0000][3419.684s][info][gc,cpu      ] GC(577) User=0.94s Sys=0.00s Real=0.16s
[2024-05-30T11:31:21.823+0000][3421.242s][info][gc,start    ] GC(578) Pause Young (Normal) (G1 Evacuation Pause)
[2024-05-30T11:31:21.823+0000][3421.242s][info][gc,task     ] GC(578) Using 6 workers of 6 for evacuation
[2024-05-30T11:31:21.978+0000][3421.398s][info][gc,phases   ] GC(578)   Pre Evacuate Collection Set: 0.2ms
[2024-05-30T11:31:21.978+0000][3421.398s][info][gc,phases   ] GC(578)   Merge Heap Roots: 0.4ms
[2024-05-30T11:31:21.978+0000][3421.398s][info][gc,phases   ] GC(578)   Evacuate Collection Set: 141.0ms
[2024-05-30T11:31:21.978+0000][3421.398s][info][gc,phases   ] GC(578)   Post Evacuate Collection Set: 13.5ms
[2024-05-30T11:31:21.978+0000][3421.398s][info][gc,phases   ] GC(578)   Other: 0.2ms
[2024-05-30T11:31:21.978+0000][3421.398s][info][gc,heap     ] GC(578) Eden regions: 538->0(537)
[2024-05-30T11:31:21.978+0000][3421.398s][info][gc,heap     ] GC(578) Survivor regions: 39->38(73)
[2024-05-30T11:31:21.978+0000][3421.398s][info][gc,heap     ] GC(578) Old regions: 605->608
[2024-05-30T11:31:21.978+0000][3421.398s][info][gc,heap     ] GC(578) Archive regions: 2->2
[2024-05-30T11:31:21.978+0000][3421.398s][info][gc,heap     ] GC(578) Humongous regions: 5->5
[2024-05-30T11:31:21.978+0000][3421.398s][info][gc,metaspace] GC(578) Metaspace: 412941K(419008K)->412941K(419008K) NonClass: 360953K(364352K)->360953K(364352K) Class: 51987K(54656K)->51987K(54656K)
[2024-05-30T11:31:21.978+0000][3421.398s][info][gc          ] GC(578) Pause Young (Normal) (G1 Evacuation Pause) 9500M->5212M(12288M) 155.292ms
[2024-05-30T11:31:21.978+0000][3421.398s][info][gc,cpu      ] GC(578) User=0.92s Sys=0.00s Real=0.16s
[2024-05-30T11:31:27.571+0000][3426.990s][info][gc,start    ] GC(579) Pause Young (Normal) (G1 Evacuation Pause)
[2024-05-30T11:31:27.571+0000][3426.990s][info][gc,task     ] GC(579) Using 6 workers of 6 for evacuation
[2024-05-30T11:31:27.687+0000][3427.106s][info][gc,phases   ] GC(579)   Pre Evacuate Collection Set: 0.2ms
[2024-05-30T11:31:27.687+0000][3427.106s][info][gc,phases   ] GC(579)   Merge Heap Roots: 0.3ms
[2024-05-30T11:31:27.687+0000][3427.106s][info][gc,phases   ] GC(579)   Evacuate Collection Set: 112.1ms
[2024-05-30T11:31:27.687+0000][3427.106s][info][gc,phases   ] GC(579)   Post Evacuate Collection Set: 3.2ms
[2024-05-30T11:31:27.687+0000][3427.106s][info][gc,phases   ] GC(579)   Other: 0.2ms
[2024-05-30T11:31:27.687+0000][3427.106s][info][gc,heap     ] GC(579) Eden regions: 537->0(543)
[2024-05-30T11:31:27.687+0000][3427.106s][info][gc,heap     ] GC(579) Survivor regions: 38->34(72)
[2024-05-30T11:31:27.687+0000][3427.106s][info][gc,heap     ] GC(579) Old regions: 608->610
[2024-05-30T11:31:27.687+0000][3427.106s][info][gc,heap     ] GC(579) Archive regions: 2->2
[2024-05-30T11:31:27.687+0000][3427.106s][info][gc,heap     ] GC(579) Humongous regions: 5->5
[2024-05-30T11:31:27.687+0000][3427.106s][info][gc,metaspace] GC(579) Metaspace: 412942K(419008K)->412942K(419008K) NonClass: 360954K(364352K)->360954K(364352K) Class: 51987K(54656K)->51987K(54656K)
[2024-05-30T11:31:27.687+0000][3427.106s][info][gc          ] GC(579) Pause Young (Normal) (G1 Evacuation Pause) 9508M->5189M(12288M) 116.023ms
[2024-05-30T11:31:27.687+0000][3427.106s][info][gc,cpu      ] GC(579) User=0.69s Sys=0.00s Real=0.11s
[2024-05-30T11:31:33.801+0000][3433.220s][info][gc,start    ] GC(580) Pause Young (Normal) (G1 Evacuation Pause)
[2024-05-30T11:31:33.801+0000][3433.220s][info][gc,task     ] GC(580) Using 6 workers of 6 for evacuation
[2024-05-30T11:31:33.915+0000][3433.335s][info][gc,phases   ] GC(580)   Pre Evacuate Collection Set: 0.2ms
[2024-05-30T11:31:33.915+0000][3433.335s][info][gc,phases   ] GC(580)   Merge Heap Roots: 0.3ms
[2024-05-30T11:31:33.915+0000][3433.335s][info][gc,phases   ] GC(580)   Evacuate Collection Set: 111.4ms
[2024-05-30T11:31:33.915+0000][3433.335s][info][gc,phases   ] GC(580)   Post Evacuate Collection Set: 2.3ms
[2024-05-30T11:31:33.915+0000][3433.335s][info][gc,phases   ] GC(580)   Other: 0.2ms
[2024-05-30T11:31:33.915+0000][3433.335s][info][gc,heap     ] GC(580) Eden regions: 543->0(539)
[2024-05-30T11:31:33.915+0000][3433.335s][info][gc,heap     ] GC(580) Survivor regions: 34->36(73)
[2024-05-30T11:31:33.915+0000][3433.335s][info][gc,heap     ] GC(580) Old regions: 610->610
[2024-05-30T11:31:33.915+0000][3433.335s][info][gc,heap     ] GC(580) Archive regions: 2->2
[2024-05-30T11:31:33.915+0000][3433.335s][info][gc,heap     ] GC(580) Humongous regions: 5->5
[2024-05-30T11:31:33.915+0000][3433.335s][info][gc,metaspace] GC(580) Metaspace: 412951K(419008K)->412951K(419008K) NonClass: 360963K(364352K)->360963K(364352K) Class: 51987K(54656K)->51987K(54656K)
[2024-05-30T11:31:33.915+0000][3433.335s][info][gc          ] GC(580) Pause Young (Normal) (G1 Evacuation Pause) 9533M->5205M(12288M) 114.424ms
[2024-05-30T11:31:33.915+0000][3433.335s][info][gc,cpu      ] GC(580) User=0.68s Sys=0.00s Real=0.11s
[2024-05-30T11:31:39.938+0000][3439.357s][info][gc,start    ] GC(581) Pause Young (Normal) (G1 Evacuation Pause)
[2024-05-30T11:31:39.938+0000][3439.357s][info][gc,task     ] GC(581) Using 6 workers of 6 for evacuation
[2024-05-30T11:31:40.053+0000][3439.472s][info][gc,phases   ] GC(581)   Pre Evacuate Collection Set: 0.2ms
[2024-05-30T11:31:40.053+0000][3439.472s][info][gc,phases   ] GC(581)   Merge Heap Roots: 0.3ms
[2024-05-30T11:31:40.053+0000][3439.472s][info][gc,phases   ] GC(581)   Evacuate Collection Set: 111.9ms
[2024-05-30T11:31:40.053+0000][3439.472s][info][gc,phases   ] GC(581)   Post Evacuate Collection Set: 2.2ms
[2024-05-30T11:31:40.053+0000][3439.472s][info][gc,phases   ] GC(581)   Other: 0.2ms
[2024-05-30T11:31:40.053+0000][3439.472s][info][gc,heap     ] GC(581) Eden regions: 539->0(538)
[2024-05-30T11:31:40.053+0000][3439.472s][info][gc,heap     ] GC(581) Survivor regions: 36->36(72)
[2024-05-30T11:31:40.053+0000][3439.472s][info][gc,heap     ] GC(581) Old regions: 610->611
[2024-05-30T11:31:40.053+0000][3439.472s][info][gc,heap     ] GC(581) Archive regions: 2->2
[2024-05-30T11:31:40.053+0000][3439.472s][info][gc,heap     ] GC(581) Humongous regions: 5->5
[2024-05-30T11:31:40.053+0000][3439.472s][info][gc,metaspace] GC(581) Metaspace: 412951K(419008K)->412951K(419008K) NonClass: 360963K(364352K)->360963K(364352K) Class: 51987K(54656K)->51987K(54656K)
[2024-05-30T11:31:40.053+0000][3439.472s][info][gc          ] GC(581) Pause Young (Normal) (G1 Evacuation Pause) 9517M->5219M(12288M) 114.899ms
[2024-05-30T11:31:40.053+0000][3439.472s][info][gc,cpu      ] GC(581) User=0.68s Sys=0.00s Real=0.11s
[2024-05-30T11:31:46.132+0000][3445.551s][info][gc,start    ] GC(582) Pause Young (Normal) (G1 Evacuation Pause)
[2024-05-30T11:31:46.132+0000][3445.551s][info][gc,task     ] GC(582) Using 6 workers of 6 for evacuation
[2024-05-30T11:31:46.249+0000][3445.668s][info][gc,phases   ] GC(582)   Pre Evacuate Collection Set: 0.2ms
[2024-05-30T11:31:46.249+0000][3445.668s][info][gc,phases   ] GC(582)   Merge Heap Roots: 0.4ms
[2024-05-30T11:31:46.249+0000][3445.668s][info][gc,phases   ] GC(582)   Evacuate Collection Set: 113.8ms
[2024-05-30T11:31:46.249+0000][3445.668s][info][gc,phases   ] GC(582)   Post Evacuate Collection Set: 2.2ms
[2024-05-30T11:31:46.249+0000][3445.668s][info][gc,phases   ] GC(582)   Other: 0.2ms
[2024-05-30T11:31:46.249+0000][3445.668s][info][gc,heap     ] GC(582) Eden regions: 538->0(534)
[2024-05-30T11:31:46.249+0000][3445.668s][info][gc,heap     ] GC(582) Survivor regions: 36->37(72)
[2024-05-30T11:31:46.249+0000][3445.668s][info][gc,heap     ] GC(582) Old regions: 611->613
[2024-05-30T11:31:46.249+0000][3445.668s][info][gc,heap     ] GC(582) Archive regions: 2->2
[2024-05-30T11:31:46.249+0000][3445.668s][info][gc,heap     ] GC(582) Humongous regions: 5->5
[2024-05-30T11:31:46.249+0000][3445.668s][info][gc,metaspace] GC(582) Metaspace: 412951K(419008K)->412951K(419008K) NonClass: 360963K(364352K)->360963K(364352K) Class: 51987K(54656K)->51987K(54656K)
[2024-05-30T11:31:46.249+0000][3445.668s][info][gc          ] GC(582) Pause Young (Normal) (G1 Evacuation Pause) 9523M->5239M(12288M) 116.803ms
[2024-05-30T11:31:46.249+0000][3445.668s][info][gc,cpu      ] GC(582) User=0.69s Sys=0.00s Real=0.12s
[2024-05-30T11:31:51.994+0000][3451.413s][info][gc,start    ] GC(583) Pause Young (Normal) (G1 Evacuation Pause)
[2024-05-30T11:31:51.994+0000][3451.413s][info][gc,task     ] GC(583) Using 6 workers of 6 for evacuation
[2024-05-30T11:31:52.108+0000][3451.527s][info][gc,phases   ] GC(583)   Pre Evacuate Collection Set: 0.2ms
[2024-05-30T11:31:52.108+0000][3451.527s][info][gc,phases   ] GC(583)   Merge Heap Roots: 0.3ms
[2024-05-30T11:31:52.108+0000][3451.527s][info][gc,phases   ] GC(583)   Evacuate Collection Set: 111.5ms
[2024-05-30T11:31:52.108+0000][3451.527s][info][gc,phases   ] GC(583)   Post Evacuate Collection Set: 2.3ms
[2024-05-30T11:31:52.108+0000][3451.527s][info][gc,phases   ] GC(583)   Other: 0.2ms
[2024-05-30T11:31:52.108+0000][3451.527s][info][gc,heap     ] GC(583) Eden regions: 534->0(536)
[2024-05-30T11:31:52.108+0000][3451.527s][info][gc,heap     ] GC(583) Survivor regions: 37->34(72)
[2024-05-30T11:31:52.108+0000][3451.527s][info][gc,heap     ] GC(583) Old regions: 613->617
[2024-05-30T11:31:52.108+0000][3451.527s][info][gc,heap     ] GC(583) Archive regions: 2->2
[2024-05-30T11:31:52.108+0000][3451.527s][info][gc,heap     ] GC(583) Humongous regions: 5->5
[2024-05-30T11:31:52.108+0000][3451.527s][info][gc,metaspace] GC(583) Metaspace: 412956K(419008K)->412956K(419008K) NonClass: 360968K(364352K)->360968K(364352K) Class: 51987K(54656K)->51987K(54656K)
[2024-05-30T11:31:52.108+0000][3451.527s][info][gc          ] GC(583) Pause Young (Normal) (G1 Evacuation Pause) 9511M->5243M(12288M) 114.533ms
[2024-05-30T11:31:52.108+0000][3451.527s][info][gc,cpu      ] GC(583) User=0.68s Sys=0.00s Real=0.11s
[2024-05-30T11:31:58.105+0000][3457.524s][info][gc,start    ] GC(584) Pause Young (Normal) (G1 Evacuation Pause)
[2024-05-30T11:31:58.105+0000][3457.525s][info][gc,task     ] GC(584) Using 6 workers of 6 for evacuation
[2024-05-30T11:31:58.209+0000][3457.629s][info][gc,phases   ] GC(584)   Pre Evacuate Collection Set: 0.2ms
[2024-05-30T11:31:58.209+0000][3457.629s][info][gc,phases   ] GC(584)   Merge Heap Roots: 0.3ms
[2024-05-30T11:31:58.209+0000][3457.629s][info][gc,phases   ] GC(584)   Evacuate Collection Set: 101.3ms
[2024-05-30T11:31:58.209+0000][3457.629s][info][gc,phases   ] GC(584)   Post Evacuate Collection Set: 2.3ms
[2024-05-30T11:31:58.209+0000][3457.629s][info][gc,phases   ] GC(584)   Other: 0.2ms
[2024-05-30T11:31:58.209+0000][3457.629s][info][gc,heap     ] GC(584) Eden regions: 536->0(534)
[2024-05-30T11:31:58.209+0000][3457.629s][info][gc,heap     ] GC(584) Survivor regions: 34->34(72)
[2024-05-30T11:31:58.209+0000][3457.629s][info][gc,heap     ] GC(584) Old regions: 617->619
[2024-05-30T11:31:58.209+0000][3457.629s][info][gc,heap     ] GC(584) Archive regions: 2->2
[2024-05-30T11:31:58.210+0000][3457.629s][info][gc,heap     ] GC(584) Humongous regions: 5->5
[2024-05-30T11:31:58.210+0000][3457.629s][info][gc,metaspace] GC(584) Metaspace: 412956K(419008K)->412956K(419008K) NonClass: 360968K(364352K)->360968K(364352K) Class: 51987K(54656K)->51987K(54656K)
[2024-05-30T11:31:58.210+0000][3457.629s][info][gc          ] GC(584) Pause Young (Normal) (G1 Evacuation Pause) 9531M->5260M(12288M) 104.295ms
[2024-05-30T11:31:58.210+0000][3457.629s][info][gc,cpu      ] GC(584) User=0.62s Sys=0.00s Real=0.11s
[2024-05-30T11:32:04.256+0000][3463.675s][info][gc,start    ] GC(585) Pause Young (Normal) (G1 Evacuation Pause)
[2024-05-30T11:32:04.256+0000][3463.675s][info][gc,task     ] GC(585) Using 6 workers of 6 for evacuation
[2024-05-30T11:32:04.358+0000][3463.777s][info][gc,phases   ] GC(585)   Pre Evacuate Collection Set: 0.2ms
[2024-05-30T11:32:04.358+0000][3463.777s][info][gc,phases   ] GC(585)   Merge Heap Roots: 0.4ms
[2024-05-30T11:32:04.358+0000][3463.777s][info][gc,phases   ] GC(585)   Evacuate Collection Set: 99.4ms
[2024-05-30T11:32:04.358+0000][3463.777s][info][gc,phases   ] GC(585)   Post Evacuate Collection Set: 2.2ms
[2024-05-30T11:32:04.358+0000][3463.777s][info][gc,phases   ] GC(585)   Other: 0.3ms
[2024-05-30T11:32:04.358+0000][3463.777s][info][gc,heap     ] GC(585) Eden regions: 534->0(535)
[2024-05-30T11:32:04.358+0000][3463.777s][info][gc,heap     ] GC(585) Survivor regions: 34->32(71)
[2024-05-30T11:32:04.358+0000][3463.777s][info][gc,heap     ] GC(585) Old regions: 619->622
[2024-05-30T11:32:04.358+0000][3463.777s][info][gc,heap     ] GC(585) Archive regions: 2->2
[2024-05-30T11:32:04.358+0000][3463.777s][info][gc,heap     ] GC(585) Humongous regions: 5->5
[2024-05-30T11:32:04.358+0000][3463.777s][info][gc,metaspace] GC(585) Metaspace: 412956K(419008K)->412956K(419008K) NonClass: 360968K(364352K)->360968K(364352K) Class: 51987K(54656K)->51987K(54656K)
[2024-05-30T11:32:04.358+0000][3463.777s][info][gc          ] GC(585) Pause Young (Normal) (G1 Evacuation Pause) 9532M->5272M(12288M) 102.432ms
[2024-05-30T11:32:04.358+0000][3463.777s][info][gc,cpu      ] GC(585) User=0.61s Sys=0.00s Real=0.11s
[2024-05-30T11:32:10.346+0000][3469.765s][info][gc,start    ] GC(586) Pause Young (Normal) (G1 Evacuation Pause)
[2024-05-30T11:32:10.346+0000][3469.765s][info][gc,task     ] GC(586) Using 6 workers of 6 for evacuation
[2024-05-30T11:32:10.442+0000][3469.861s][info][gc,phases   ] GC(586)   Pre Evacuate Collection Set: 0.2ms
[2024-05-30T11:32:10.442+0000][3469.861s][info][gc,phases   ] GC(586)   Merge Heap Roots: 0.3ms
[2024-05-30T11:32:10.442+0000][3469.861s][info][gc,phases   ] GC(586)   Evacuate Collection Set: 93.4ms
[2024-05-30T11:32:10.442+0000][3469.861s][info][gc,phases   ] GC(586)   Post Evacuate Collection Set: 2.2ms
[2024-05-30T11:32:10.442+0000][3469.861s][info][gc,phases   ] GC(586)   Other: 0.2ms
[2024-05-30T11:32:10.442+0000][3469.861s][info][gc,heap     ] GC(586) Eden regions: 535->0(533)
[2024-05-30T11:32:10.442+0000][3469.861s][info][gc,heap     ] GC(586) Survivor regions: 32->32(71)
[2024-05-30T11:32:10.442+0000][3469.861s][info][gc,heap     ] GC(586) Old regions: 622->624
[2024-05-30T11:32:10.442+0000][3469.861s][info][gc,heap     ] GC(586) Archive regions: 2->2
[2024-05-30T11:32:10.442+0000][3469.861s][info][gc,heap     ] GC(586) Humongous regions: 5->5
[2024-05-30T11:32:10.442+0000][3469.861s][info][gc,metaspace] GC(586) Metaspace: 412972K(419008K)->412972K(419008K) NonClass: 360984K(364352K)->360984K(364352K) Class: 51987K(54656K)->51987K(54656K)
[2024-05-30T11:32:10.442+0000][3469.861s][info][gc          ] GC(586) Pause Young (Normal) (G1 Evacuation Pause) 9552M->5286M(12288M) 96.339ms
[2024-05-30T11:32:10.442+0000][3469.861s][info][gc,cpu      ] GC(586) User=0.57s Sys=0.00s Real=0.10s
[2024-05-30T11:32:16.271+0000][3475.691s][info][gc,start    ] GC(587) Pause Young (Normal) (G1 Evacuation Pause)
[2024-05-30T11:32:16.272+0000][3475.691s][info][gc,task     ] GC(587) Using 6 workers of 6 for evacuation
[2024-05-30T11:32:16.364+0000][3475.783s][info][gc,phases   ] GC(587)   Pre Evacuate Collection Set: 0.2ms
[2024-05-30T11:32:16.364+0000][3475.783s][info][gc,phases   ] GC(587)   Merge Heap Roots: 0.3ms
[2024-05-30T11:32:16.364+0000][3475.783s][info][gc,phases   ] GC(587)   Evacuate Collection Set: 89.4ms
[2024-05-30T11:32:16.364+0000][3475.783s][info][gc,phases   ] GC(587)   Post Evacuate Collection Set: 2.1ms
[2024-05-30T11:32:16.364+0000][3475.783s][info][gc,phases   ] GC(587)   Other: 0.2ms
[2024-05-30T11:32:16.364+0000][3475.783s][info][gc,heap     ] GC(587) Eden regions: 533->0(536)
[2024-05-30T11:32:16.364+0000][3475.783s][info][gc,heap     ] GC(587) Survivor regions: 32->29(71)
[2024-05-30T11:32:16.364+0000][3475.783s][info][gc,heap     ] GC(587) Old regions: 624->627
[2024-05-30T11:32:16.364+0000][3475.783s][info][gc,heap     ] GC(587) Archive regions: 2->2
[2024-05-30T11:32:16.364+0000][3475.783s][info][gc,heap     ] GC(587) Humongous regions: 5->5
[2024-05-30T11:32:16.364+0000][3475.783s][info][gc,metaspace] GC(587) Metaspace: 412972K(419008K)->412972K(419008K) NonClass: 360984K(364352K)->360984K(364352K) Class: 51987K(54656K)->51987K(54656K)
[2024-05-30T11:32:16.364+0000][3475.783s][info][gc          ] GC(587) Pause Young (Normal) (G1 Evacuation Pause) 9550M->5288M(12288M) 92.317ms
[2024-05-30T11:32:16.364+0000][3475.783s][info][gc,cpu      ] GC(587) User=0.55s Sys=0.00s Real=0.09s
[2024-05-30T11:32:22.442+0000][3481.862s][info][gc,start    ] GC(588) Pause Young (Normal) (G1 Evacuation Pause)
[2024-05-30T11:32:22.442+0000][3481.862s][info][gc,task     ] GC(588) Using 6 workers of 6 for evacuation
[2024-05-30T11:32:22.528+0000][3481.947s][info][gc,phases   ] GC(588)   Pre Evacuate Collection Set: 0.2ms
[2024-05-30T11:32:22.528+0000][3481.947s][info][gc,phases   ] GC(588)   Merge Heap Roots: 0.3ms
[2024-05-30T11:32:22.528+0000][3481.947s][info][gc,phases   ] GC(588)   Evacuate Collection Set: 82.3ms
[2024-05-30T11:32:22.528+0000][3481.947s][info][gc,phases   ] GC(588)   Post Evacuate Collection Set: 2.4ms
[2024-05-30T11:32:22.528+0000][3481.947s][info][gc,phases   ] GC(588)   Other: 0.2ms
[2024-05-30T11:32:22.528+0000][3481.947s][info][gc,heap     ] GC(588) Eden regions: 536->0(534)
[2024-05-30T11:32:22.528+0000][3481.947s][info][gc,heap     ] GC(588) Survivor regions: 29->28(71)
[2024-05-30T11:32:22.528+0000][3481.947s][info][gc,heap     ] GC(588) Old regions: 627->631
[2024-05-30T11:32:22.528+0000][3481.947s][info][gc,heap     ] GC(588) Archive regions: 2->2
[2024-05-30T11:32:22.528+0000][3481.947s][info][gc,heap     ] GC(588) Humongous regions: 5->5
[2024-05-30T11:32:22.528+0000][3481.947s][info][gc,metaspace] GC(588) Metaspace: 412973K(419008K)->412973K(419008K) NonClass: 360986K(364352K)->360986K(364352K) Class: 51987K(54656K)->51987K(54656K)
[2024-05-30T11:32:22.528+0000][3481.947s][info][gc          ] GC(588) Pause Young (Normal) (G1 Evacuation Pause) 9576M->5309M(12288M) 85.474ms
[2024-05-30T11:32:22.528+0000][3481.947s][info][gc,cpu      ] GC(588) User=0.51s Sys=0.00s Real=0.08s
[2024-05-30T11:32:27.953+0000][3487.372s][info][gc,start    ] GC(589) Pause Young (Normal) (G1 Evacuation Pause)
[2024-05-30T11:32:27.953+0000][3487.372s][info][gc,task     ] GC(589) Using 6 workers of 6 for evacuation
[2024-05-30T11:32:28.022+0000][3487.442s][info][gc,phases   ] GC(589)   Pre Evacuate Collection Set: 0.2ms
[2024-05-30T11:32:28.022+0000][3487.442s][info][gc,phases   ] GC(589)   Merge Heap Roots: 0.3ms
[2024-05-30T11:32:28.022+0000][3487.442s][info][gc,phases   ] GC(589)   Evacuate Collection Set: 66.5ms
[2024-05-30T11:32:28.022+0000][3487.442s][info][gc,phases   ] GC(589)   Post Evacuate Collection Set: 2.1ms
[2024-05-30T11:32:28.022+0000][3487.442s][info][gc,phases   ] GC(589)   Other: 0.2ms
[2024-05-30T11:32:28.022+0000][3487.442s][info][gc,heap     ] GC(589) Eden regions: 534->0(542)
[2024-05-30T11:32:28.022+0000][3487.442s][info][gc,heap     ] GC(589) Survivor regions: 28->23(71)
[2024-05-30T11:32:28.022+0000][3487.442s][info][gc,heap     ] GC(589) Old regions: 631->633
[2024-05-30T11:32:28.022+0000][3487.442s][info][gc,heap     ] GC(589) Archive regions: 2->2
[2024-05-30T11:32:28.022+0000][3487.442s][info][gc,heap     ] GC(589) Humongous regions: 5->5
[2024-05-30T11:32:28.022+0000][3487.442s][info][gc,metaspace] GC(589) Metaspace: 412973K(419008K)->412973K(419008K) NonClass: 360986K(364352K)->360986K(364352K) Class: 51987K(54656K)->51987K(54656K)
[2024-05-30T11:32:28.022+0000][3487.442s][info][gc          ] GC(589) Pause Young (Normal) (G1 Evacuation Pause) 9581M->5287M(12288M) 69.395ms
[2024-05-30T11:32:28.023+0000][3487.442s][info][gc,cpu      ] GC(589) User=0.41s Sys=0.00s Real=0.07s
[2024-05-30T11:32:34.008+0000][3493.427s][info][gc,start    ] GC(590) Pause Young (Normal) (G1 Evacuation Pause)
[2024-05-30T11:32:34.008+0000][3493.427s][info][gc,task     ] GC(590) Using 6 workers of 6 for evacuation
[2024-05-30T11:32:34.080+0000][3493.499s][info][gc,phases   ] GC(590)   Pre Evacuate Collection Set: 0.2ms
[2024-05-30T11:32:34.080+0000][3493.500s][info][gc,phases   ] GC(590)   Merge Heap Roots: 0.3ms
[2024-05-30T11:32:34.080+0000][3493.500s][info][gc,phases   ] GC(590)   Evacuate Collection Set: 69.8ms
[2024-05-30T11:32:34.080+0000][3493.500s][info][gc,phases   ] GC(590)   Post Evacuate Collection Set: 2.1ms
[2024-05-30T11:32:34.080+0000][3493.500s][info][gc,phases   ] GC(590)   Other: 0.2ms
[2024-05-30T11:32:34.080+0000][3493.500s][info][gc,heap     ] GC(590) Eden regions: 542->0(538)
[2024-05-30T11:32:34.080+0000][3493.500s][info][gc,heap     ] GC(590) Survivor regions: 23->24(71)
[2024-05-30T11:32:34.080+0000][3493.500s][info][gc,heap     ] GC(590) Old regions: 633->635
[2024-05-30T11:32:34.080+0000][3493.500s][info][gc,heap     ] GC(590) Archive regions: 2->2
[2024-05-30T11:32:34.080+0000][3493.500s][info][gc,heap     ] GC(590) Humongous regions: 5->5
[2024-05-30T11:32:34.080+0000][3493.500s][info][gc,metaspace] GC(590) Metaspace: 412973K(419008K)->412973K(419008K) NonClass: 360986K(364352K)->360986K(364352K) Class: 51987K(54656K)->51987K(54656K)
[2024-05-30T11:32:34.080+0000][3493.500s][info][gc          ] GC(590) Pause Young (Normal) (G1 Evacuation Pause) 9623M->5306M(12288M) 72.698ms
[2024-05-30T11:32:34.080+0000][3493.500s][info][gc,cpu      ] GC(590) User=0.43s Sys=0.00s Real=0.08s
[2024-05-30T11:32:39.891+0000][3499.310s][info][gc,start    ] GC(591) Pause Young (Normal) (G1 Evacuation Pause)
[2024-05-30T11:32:39.891+0000][3499.310s][info][gc,task     ] GC(591) Using 6 workers of 6 for evacuation
[2024-05-30T11:32:39.953+0000][3499.372s][info][gc,phases   ] GC(591)   Pre Evacuate Collection Set: 0.2ms
[2024-05-30T11:32:39.953+0000][3499.372s][info][gc,phases   ] GC(591)   Merge Heap Roots: 0.3ms
[2024-05-30T11:32:39.953+0000][3499.372s][info][gc,phases   ] GC(591)   Evacuate Collection Set: 59.4ms
[2024-05-30T11:32:39.953+0000][3499.372s][info][gc,phases   ] GC(591)   Post Evacuate Collection Set: 2.1ms
[2024-05-30T11:32:39.953+0000][3499.372s][info][gc,phases   ] GC(591)   Other: 0.2ms
[2024-05-30T11:32:39.953+0000][3499.372s][info][gc,heap     ] GC(591) Eden regions: 538->0(544)
[2024-05-30T11:32:39.953+0000][3499.372s][info][gc,heap     ] GC(591) Survivor regions: 24->20(71)
[2024-05-30T11:32:39.953+0000][3499.372s][info][gc,heap     ] GC(591) Old regions: 635->637
[2024-05-30T11:32:39.953+0000][3499.372s][info][gc,heap     ] GC(591) Archive regions: 2->2
[2024-05-30T11:32:39.953+0000][3499.372s][info][gc,heap     ] GC(591) Humongous regions: 5->5
[2024-05-30T11:32:39.953+0000][3499.372s][info][gc,metaspace] GC(591) Metaspace: 412977K(419008K)->412977K(419008K) NonClass: 360989K(364352K)->360989K(364352K) Class: 51987K(54656K)->51987K(54656K)
[2024-05-30T11:32:39.953+0000][3499.372s][info][gc          ] GC(591) Pause Young (Normal) (G1 Evacuation Pause) 9610M->5294M(12288M) 62.179ms
[2024-05-30T11:32:39.953+0000][3499.373s][info][gc,cpu      ] GC(591) User=0.37s Sys=0.00s Real=0.06s
[2024-05-30T11:32:46.047+0000][3505.466s][info][gc,start    ] GC(592) Pause Young (Normal) (G1 Evacuation Pause)
[2024-05-30T11:32:46.047+0000][3505.466s][info][gc,task     ] GC(592) Using 6 workers of 6 for evacuation
[2024-05-30T11:32:46.116+0000][3505.536s][info][gc,phases   ] GC(592)   Pre Evacuate Collection Set: 0.2ms
[2024-05-30T11:32:46.116+0000][3505.536s][info][gc,phases   ] GC(592)   Merge Heap Roots: 0.3ms
[2024-05-30T11:32:46.116+0000][3505.536s][info][gc,phases   ] GC(592)   Evacuate Collection Set: 66.7ms
[2024-05-30T11:32:46.117+0000][3505.536s][info][gc,phases   ] GC(592)   Post Evacuate Collection Set: 2.2ms
[2024-05-30T11:32:46.117+0000][3505.536s][info][gc,phases   ] GC(592)   Other: 0.2ms
[2024-05-30T11:32:46.117+0000][3505.536s][info][gc,heap     ] GC(592) Eden regions: 544->0(542)
[2024-05-30T11:32:46.117+0000][3505.536s][info][gc,heap     ] GC(592) Survivor regions: 20->20(71)
[2024-05-30T11:32:46.117+0000][3505.536s][info][gc,heap     ] GC(592) Old regions: 637->639
[2024-05-30T11:32:46.117+0000][3505.536s][info][gc,heap     ] GC(592) Archive regions: 2->2
[2024-05-30T11:32:46.117+0000][3505.536s][info][gc,heap     ] GC(592) Humongous regions: 5->5
[2024-05-30T11:32:46.117+0000][3505.536s][info][gc,metaspace] GC(592) Metaspace: 412977K(419008K)->412977K(419008K) NonClass: 360989K(364352K)->360989K(364352K) Class: 51987K(54656K)->51987K(54656K)
[2024-05-30T11:32:46.117+0000][3505.536s][info][gc          ] GC(592) Pause Young (Normal) (G1 Evacuation Pause) 9646M->5309M(12288M) 69.632ms
[2024-05-30T11:32:46.117+0000][3505.536s][info][gc,cpu      ] GC(592) User=0.42s Sys=0.00s Real=0.08s
[2024-05-30T11:32:52.199+0000][3511.618s][info][gc,start    ] GC(593) Pause Young (Normal) (G1 Evacuation Pause)
[2024-05-30T11:32:52.199+0000][3511.618s][info][gc,task     ] GC(593) Using 6 workers of 6 for evacuation
[2024-05-30T11:32:52.260+0000][3511.679s][info][gc,phases   ] GC(593)   Pre Evacuate Collection Set: 0.2ms
[2024-05-30T11:32:52.260+0000][3511.679s][info][gc,phases   ] GC(593)   Merge Heap Roots: 0.3ms
[2024-05-30T11:32:52.260+0000][3511.679s][info][gc,phases   ] GC(593)   Evacuate Collection Set: 57.9ms
[2024-05-30T11:32:52.260+0000][3511.679s][info][gc,phases   ] GC(593)   Post Evacuate Collection Set: 2.8ms
[2024-05-30T11:32:52.260+0000][3511.679s][info][gc,phases   ] GC(593)   Other: 0.2ms
[2024-05-30T11:32:52.260+0000][3511.679s][info][gc,heap     ] GC(593) Eden regions: 542->0(537)
[2024-05-30T11:32:52.260+0000][3511.679s][info][gc,heap     ] GC(593) Survivor regions: 20->22(71)
[2024-05-30T11:32:52.260+0000][3511.679s][info][gc,heap     ] GC(593) Old regions: 639->640
[2024-05-30T11:32:52.260+0000][3511.679s][info][gc,heap     ] GC(593) Archive regions: 2->2
[2024-05-30T11:32:52.260+0000][3511.679s][info][gc,heap     ] GC(593) Humongous regions: 5->5
[2024-05-30T11:32:52.260+0000][3511.679s][info][gc,metaspace] GC(593) Metaspace: 412978K(419008K)->412978K(419008K) NonClass: 360991K(364352K)->360991K(364352K) Class: 51987K(54656K)->51987K(54656K)
[2024-05-30T11:32:52.260+0000][3511.679s][info][gc          ] GC(593) Pause Young (Normal) (G1 Evacuation Pause) 9645M->5337M(12288M) 61.343ms
[2024-05-30T11:32:52.260+0000][3511.680s][info][gc,cpu      ] GC(593) User=0.36s Sys=0.00s Real=0.06s
[2024-05-30T11:32:58.164+0000][3517.583s][info][gc,start    ] GC(594) Pause Young (Normal) (G1 Evacuation Pause)
[2024-05-30T11:32:58.164+0000][3517.583s][info][gc,task     ] GC(594) Using 6 workers of 6 for evacuation
[2024-05-30T11:32:58.219+0000][3517.638s][info][gc,phases   ] GC(594)   Pre Evacuate Collection Set: 0.2ms
[2024-05-30T11:32:58.219+0000][3517.638s][info][gc,phases   ] GC(594)   Merge Heap Roots: 0.2ms
[2024-05-30T11:32:58.219+0000][3517.638s][info][gc,phases   ] GC(594)   Evacuate Collection Set: 52.9ms
[2024-05-30T11:32:58.219+0000][3517.638s][info][gc,phases   ] GC(594)   Post Evacuate Collection Set: 2.1ms
[2024-05-30T11:32:58.219+0000][3517.638s][info][gc,phases   ] GC(594)   Other: 0.2ms
[2024-05-30T11:32:58.219+0000][3517.638s][info][gc,heap     ] GC(594) Eden regions: 537->0(538)
[2024-05-30T11:32:58.219+0000][3517.638s][info][gc,heap     ] GC(594) Survivor regions: 22->21(70)
[2024-05-30T11:32:58.219+0000][3517.638s][info][gc,heap     ] GC(594) Old regions: 640->641
[2024-05-30T11:32:58.219+0000][3517.638s][info][gc,heap     ] GC(594) Archive regions: 2->2
[2024-05-30T11:32:58.219+0000][3517.638s][info][gc,heap     ] GC(594) Humongous regions: 5->5
[2024-05-30T11:32:58.219+0000][3517.638s][info][gc,metaspace] GC(594) Metaspace: 412981K(419008K)->412981K(419008K) NonClass: 360993K(364352K)->360993K(364352K) Class: 51987K(54656K)->51987K(54656K)
[2024-05-30T11:32:58.219+0000][3517.638s][info][gc          ] GC(594) Pause Young (Normal) (G1 Evacuation Pause) 9633M->5336M(12288M) 55.706ms
[2024-05-30T11:32:58.219+0000][3517.639s][info][gc,cpu      ] GC(594) User=0.33s Sys=0.00s Real=0.06s
[2024-05-30T11:33:03.136+0000][3522.555s][info][gc,start    ] GC(595) Pause Young (Normal) (G1 Evacuation Pause)
[2024-05-30T11:33:03.136+0000][3522.555s][info][gc,task     ] GC(595) Using 6 workers of 6 for evacuation
[2024-05-30T11:33:03.190+0000][3522.609s][info][gc,phases   ] GC(595)   Pre Evacuate Collection Set: 0.2ms
[2024-05-30T11:33:03.190+0000][3522.609s][info][gc,phases   ] GC(595)   Merge Heap Roots: 0.2ms
[2024-05-30T11:33:03.190+0000][3522.609s][info][gc,phases   ] GC(595)   Evacuate Collection Set: 50.8ms
[2024-05-30T11:33:03.190+0000][3522.609s][info][gc,phases   ] GC(595)   Post Evacuate Collection Set: 2.1ms
[2024-05-30T11:33:03.190+0000][3522.609s][info][gc,phases   ] GC(595)   Other: 0.2ms
[2024-05-30T11:33:03.190+0000][3522.609s][info][gc,heap     ] GC(595) Eden regions: 538->0(535)
[2024-05-30T11:33:03.190+0000][3522.609s][info][gc,heap     ] GC(595) Survivor regions: 21->22(70)
[2024-05-30T11:33:03.190+0000][3522.609s][info][gc,heap     ] GC(595) Old regions: 641->642
[2024-05-30T11:33:03.190+0000][3522.609s][info][gc,heap     ] GC(595) Archive regions: 2->2
[2024-05-30T11:33:03.190+0000][3522.609s][info][gc,heap     ] GC(595) Humongous regions: 5->5
[2024-05-30T11:33:03.190+0000][3522.609s][info][gc,metaspace] GC(595) Metaspace: 412985K(419008K)->412985K(419008K) NonClass: 360997K(364352K)->360997K(364352K) Class: 51987K(54656K)->51987K(54656K)
[2024-05-30T11:33:03.190+0000][3522.609s][info][gc          ] GC(595) Pause Young (Normal) (G1 Evacuation Pause) 9640M->5350M(12288M) 53.627ms
[2024-05-30T11:33:03.190+0000][3522.609s][info][gc,cpu      ] GC(595) User=0.32s Sys=0.00s Real=0.06s
[2024-05-30T11:33:07.653+0000][3527.072s][info][gc,start    ] GC(596) Pause Young (Normal) (G1 Evacuation Pause)
[2024-05-30T11:33:07.653+0000][3527.072s][info][gc,task     ] GC(596) Using 6 workers of 6 for evacuation
[2024-05-30T11:33:07.706+0000][3527.125s][info][gc,phases   ] GC(596)   Pre Evacuate Collection Set: 0.2ms
[2024-05-30T11:33:07.706+0000][3527.125s][info][gc,phases   ] GC(596)   Merge Heap Roots: 0.2ms
[2024-05-30T11:33:07.706+0000][3527.125s][info][gc,phases   ] GC(596)   Evacuate Collection Set: 50.3ms
[2024-05-30T11:33:07.706+0000][3527.125s][info][gc,phases   ] GC(596)   Post Evacuate Collection Set: 2.1ms
[2024-05-30T11:33:07.706+0000][3527.125s][info][gc,phases   ] GC(596)   Other: 0.2ms
[2024-05-30T11:33:07.706+0000][3527.125s][info][gc,heap     ] GC(596) Eden regions: 535->0(535)
[2024-05-30T11:33:07.706+0000][3527.125s][info][gc,heap     ] GC(596) Survivor regions: 22->22(70)
[2024-05-30T11:33:07.706+0000][3527.125s][info][gc,heap     ] GC(596) Old regions: 642->642
[2024-05-30T11:33:07.706+0000][3527.125s][info][gc,heap     ] GC(596) Archive regions: 2->2
[2024-05-30T11:33:07.706+0000][3527.125s][info][gc,heap     ] GC(596) Humongous regions: 5->5
[2024-05-30T11:33:07.706+0000][3527.125s][info][gc,metaspace] GC(596) Metaspace: 412985K(419008K)->412985K(419008K) NonClass: 360998K(364352K)->360998K(364352K) Class: 51987K(54656K)->51987K(54656K)
[2024-05-30T11:33:07.706+0000][3527.125s][info][gc          ] GC(596) Pause Young (Normal) (G1 Evacuation Pause) 9630M->5355M(12288M) 53.205ms
[2024-05-30T11:33:07.706+0000][3527.125s][info][gc,cpu      ] GC(596) User=0.31s Sys=0.00s Real=0.05s
[2024-05-30T11:33:13.552+0000][3532.971s][info][gc,start    ] GC(597) Pause Young (Normal) (G1 Evacuation Pause)
[2024-05-30T11:33:13.552+0000][3532.971s][info][gc,task     ] GC(597) Using 6 workers of 6 for evacuation
[2024-05-30T11:33:13.606+0000][3533.025s][info][gc,phases   ] GC(597)   Pre Evacuate Collection Set: 0.2ms
[2024-05-30T11:33:13.606+0000][3533.025s][info][gc,phases   ] GC(597)   Merge Heap Roots: 0.3ms
[2024-05-30T11:33:13.606+0000][3533.025s][info][gc,phases   ] GC(597)   Evacuate Collection Set: 50.7ms
[2024-05-30T11:33:13.606+0000][3533.025s][info][gc,phases   ] GC(597)   Post Evacuate Collection Set: 2.2ms
[2024-05-30T11:33:13.606+0000][3533.025s][info][gc,phases   ] GC(597)   Other: 0.2ms
[2024-05-30T11:33:13.606+0000][3533.025s][info][gc,heap     ] GC(597) Eden regions: 535->0(532)
[2024-05-30T11:33:13.606+0000][3533.025s][info][gc,heap     ] GC(597) Survivor regions: 22->23(70)
[2024-05-30T11:33:13.606+0000][3533.025s][info][gc,heap     ] GC(597) Old regions: 642->643
[2024-05-30T11:33:13.606+0000][3533.025s][info][gc,heap     ] GC(597) Archive regions: 2->2
[2024-05-30T11:33:13.606+0000][3533.025s][info][gc,heap     ] GC(597) Humongous regions: 5->5
[2024-05-30T11:33:13.606+0000][3533.025s][info][gc,metaspace] GC(597) Metaspace: 412989K(419008K)->412989K(419008K) NonClass: 361001K(364352K)->361001K(364352K) Class: 51987K(54656K)->51987K(54656K)
[2024-05-30T11:33:13.606+0000][3533.025s][info][gc          ] GC(597) Pause Young (Normal) (G1 Evacuation Pause) 9635M->5369M(12288M) 53.578ms
[2024-05-30T11:33:13.606+0000][3533.025s][info][gc,cpu      ] GC(597) User=0.32s Sys=0.00s Real=0.05s
[2024-05-30T11:33:19.106+0000][3538.525s][info][gc,start    ] GC(598) Pause Young (Normal) (G1 Evacuation Pause)
[2024-05-30T11:33:19.106+0000][3538.525s][info][gc,task     ] GC(598) Using 6 workers of 6 for evacuation
[2024-05-30T11:33:19.155+0000][3538.574s][info][gc,phases   ] GC(598)   Pre Evacuate Collection Set: 0.2ms
[2024-05-30T11:33:19.155+0000][3538.574s][info][gc,phases   ] GC(598)   Merge Heap Roots: 0.3ms
[2024-05-30T11:33:19.155+0000][3538.574s][info][gc,phases   ] GC(598)   Evacuate Collection Set: 46.0ms
[2024-05-30T11:33:19.155+0000][3538.574s][info][gc,phases   ] GC(598)   Post Evacuate Collection Set: 2.1ms
[2024-05-30T11:33:19.155+0000][3538.574s][info][gc,phases   ] GC(598)   Other: 0.2ms
[2024-05-30T11:33:19.155+0000][3538.574s][info][gc,heap     ] GC(598) Eden regions: 532->0(537)
[2024-05-30T11:33:19.155+0000][3538.574s][info][gc,heap     ] GC(598) Survivor regions: 23->20(70)
[2024-05-30T11:33:19.155+0000][3538.574s][info][gc,heap     ] GC(598) Old regions: 643->644
[2024-05-30T11:33:19.155+0000][3538.574s][info][gc,heap     ] GC(598) Archive regions: 2->2
[2024-05-30T11:33:19.155+0000][3538.574s][info][gc,heap     ] GC(598) Humongous regions: 5->5
[2024-05-30T11:33:19.155+0000][3538.574s][info][gc,metaspace] GC(598) Metaspace: 412989K(419008K)->412989K(419008K) NonClass: 361001K(364352K)->361001K(364352K) Class: 51987K(54656K)->51987K(54656K)
[2024-05-30T11:33:19.155+0000][3538.574s][info][gc          ] GC(598) Pause Young (Normal) (G1 Evacuation Pause) 9625M->5350M(12288M) 48.728ms
[2024-05-30T11:33:19.155+0000][3538.574s][info][gc,cpu      ] GC(598) User=0.28s Sys=0.01s Real=0.05s
[2024-05-30T11:33:24.762+0000][3544.181s][info][gc,start    ] GC(599) Pause Young (Normal) (G1 Evacuation Pause)
[2024-05-30T11:33:24.762+0000][3544.181s][info][gc,task     ] GC(599) Using 6 workers of 6 for evacuation
[2024-05-30T11:33:24.811+0000][3544.230s][info][gc,phases   ] GC(599)   Pre Evacuate Collection Set: 0.2ms
[2024-05-30T11:33:24.811+0000][3544.230s][info][gc,phases   ] GC(599)   Merge Heap Roots: 0.3ms
[2024-05-30T11:33:24.811+0000][3544.230s][info][gc,phases   ] GC(599)   Evacuate Collection Set: 46.4ms
[2024-05-30T11:33:24.811+0000][3544.230s][info][gc,phases   ] GC(599)   Post Evacuate Collection Set: 2.3ms
[2024-05-30T11:33:24.811+0000][3544.230s][info][gc,phases   ] GC(599)   Other: 0.2ms
[2024-05-30T11:33:24.811+0000][3544.230s][info][gc,heap     ] GC(599) Eden regions: 537->0(539)
[2024-05-30T11:33:24.811+0000][3544.230s][info][gc,heap     ] GC(599) Survivor regions: 20->19(70)
[2024-05-30T11:33:24.811+0000][3544.230s][info][gc,heap     ] GC(599) Old regions: 644->644
[2024-05-30T11:33:24.811+0000][3544.230s][info][gc,heap     ] GC(599) Archive regions: 2->2
[2024-05-30T11:33:24.811+0000][3544.230s][info][gc,heap     ] GC(599) Humongous regions: 5->5
[2024-05-30T11:33:24.811+0000][3544.230s][info][gc,metaspace] GC(599) Metaspace: 412993K(419008K)->412993K(419008K) NonClass: 361005K(364352K)->361005K(364352K) Class: 51987K(54656K)->51987K(54656K)
[2024-05-30T11:33:24.811+0000][3544.230s][info][gc          ] GC(599) Pause Young (Normal) (G1 Evacuation Pause) 9646M->5343M(12288M) 49.380ms
[2024-05-30T11:33:24.811+0000][3544.230s][info][gc,cpu      ] GC(599) User=0.29s Sys=0.00s Real=0.05s
[2024-05-30T11:33:30.664+0000][3550.083s][info][gc,start    ] GC(600) Pause Young (Normal) (G1 Evacuation Pause)
[2024-05-30T11:33:30.664+0000][3550.083s][info][gc,task     ] GC(600) Using 6 workers of 6 for evacuation
[2024-05-30T11:33:30.714+0000][3550.133s][info][gc,phases   ] GC(600)   Pre Evacuate Collection Set: 0.2ms
[2024-05-30T11:33:30.714+0000][3550.133s][info][gc,phases   ] GC(600)   Merge Heap Roots: 0.3ms
[2024-05-30T11:33:30.714+0000][3550.133s][info][gc,phases   ] GC(600)   Evacuate Collection Set: 46.8ms
[2024-05-30T11:33:30.714+0000][3550.133s][info][gc,phases   ] GC(600)   Post Evacuate Collection Set: 2.2ms
[2024-05-30T11:33:30.714+0000][3550.133s][info][gc,phases   ] GC(600)   Other: 0.2ms
[2024-05-30T11:33:30.714+0000][3550.133s][info][gc,heap     ] GC(600) Eden regions: 539->0(538)
[2024-05-30T11:33:30.714+0000][3550.133s][info][gc,heap     ] GC(600) Survivor regions: 19->19(70)
[2024-05-30T11:33:30.714+0000][3550.133s][info][gc,heap     ] GC(600) Old regions: 644->645
[2024-05-30T11:33:30.714+0000][3550.133s][info][gc,heap     ] GC(600) Archive regions: 2->2
[2024-05-30T11:33:30.714+0000][3550.133s][info][gc,heap     ] GC(600) Humongous regions: 5->5
[2024-05-30T11:33:30.714+0000][3550.133s][info][gc,metaspace] GC(600) Metaspace: 413005K(419008K)->413005K(419008K) NonClass: 361017K(364352K)->361017K(364352K) Class: 51987K(54656K)->51987K(54656K)
[2024-05-30T11:33:30.714+0000][3550.133s][info][gc          ] GC(600) Pause Young (Normal) (G1 Evacuation Pause) 9655M->5349M(12288M) 49.683ms
[2024-05-30T11:33:30.714+0000][3550.133s][info][gc,cpu      ] GC(600) User=0.29s Sys=0.00s Real=0.05s
[2024-05-30T11:33:36.704+0000][3556.123s][info][gc,start    ] GC(601) Pause Young (Normal) (G1 Evacuation Pause)
[2024-05-30T11:33:36.704+0000][3556.123s][info][gc,task     ] GC(601) Using 6 workers of 6 for evacuation
[2024-05-30T11:33:36.753+0000][3556.172s][info][gc,phases   ] GC(601)   Pre Evacuate Collection Set: 0.2ms
[2024-05-30T11:33:36.753+0000][3556.172s][info][gc,phases   ] GC(601)   Merge Heap Roots: 0.3ms
[2024-05-30T11:33:36.753+0000][3556.172s][info][gc,phases   ] GC(601)   Evacuate Collection Set: 46.7ms
[2024-05-30T11:33:36.753+0000][3556.172s][info][gc,phases   ] GC(601)   Post Evacuate Collection Set: 2.1ms
[2024-05-30T11:33:36.753+0000][3556.172s][info][gc,phases   ] GC(601)   Other: 0.2ms
[2024-05-30T11:33:36.753+0000][3556.173s][info][gc,heap     ] GC(601) Eden regions: 538->0(537)
[2024-05-30T11:33:36.753+0000][3556.173s][info][gc,heap     ] GC(601) Survivor regions: 19->19(70)
[2024-05-30T11:33:36.753+0000][3556.173s][info][gc,heap     ] GC(601) Old regions: 645->646
[2024-05-30T11:33:36.753+0000][3556.173s][info][gc,heap     ] GC(601) Archive regions: 2->2
[2024-05-30T11:33:36.753+0000][3556.173s][info][gc,heap     ] GC(601) Humongous regions: 5->5
[2024-05-30T11:33:36.753+0000][3556.173s][info][gc,metaspace] GC(601) Metaspace: 413005K(419008K)->413005K(419008K) NonClass: 361018K(364352K)->361018K(364352K) Class: 51987K(54656K)->51987K(54656K)
[2024-05-30T11:33:36.753+0000][3556.173s][info][gc          ] GC(601) Pause Young (Normal) (G1 Evacuation Pause) 9653M->5359M(12288M) 49.491ms
[2024-05-30T11:33:36.753+0000][3556.173s][info][gc,cpu      ] GC(601) User=0.29s Sys=0.00s Real=0.05s
[2024-05-30T11:33:42.754+0000][3562.173s][info][gc,start    ] GC(602) Pause Young (Normal) (G1 Evacuation Pause)
[2024-05-30T11:33:42.754+0000][3562.173s][info][gc,task     ] GC(602) Using 6 workers of 6 for evacuation
[2024-05-30T11:33:42.803+0000][3562.223s][info][gc,phases   ] GC(602)   Pre Evacuate Collection Set: 0.2ms
[2024-05-30T11:33:42.803+0000][3562.223s][info][gc,phases   ] GC(602)   Merge Heap Roots: 0.2ms
[2024-05-30T11:33:42.803+0000][3562.223s][info][gc,phases   ] GC(602)   Evacuate Collection Set: 46.7ms
[2024-05-30T11:33:42.803+0000][3562.223s][info][gc,phases   ] GC(602)   Post Evacuate Collection Set: 2.2ms
[2024-05-30T11:33:42.803+0000][3562.223s][info][gc,phases   ] GC(602)   Other: 0.2ms
[2024-05-30T11:33:42.803+0000][3562.223s][info][gc,heap     ] GC(602) Eden regions: 537->0(535)
[2024-05-30T11:33:42.803+0000][3562.223s][info][gc,heap     ] GC(602) Survivor regions: 19->20(70)
[2024-05-30T11:33:42.803+0000][3562.223s][info][gc,heap     ] GC(602) Old regions: 646->646
[2024-05-30T11:33:42.803+0000][3562.223s][info][gc,heap     ] GC(602) Archive regions: 2->2
[2024-05-30T11:33:42.803+0000][3562.223s][info][gc,heap     ] GC(602) Humongous regions: 5->5
[2024-05-30T11:33:42.803+0000][3562.223s][info][gc,metaspace] GC(602) Metaspace: 413008K(419008K)->413008K(419008K) NonClass: 361020K(364352K)->361020K(364352K) Class: 51987K(54656K)->51987K(54656K)
[2024-05-30T11:33:42.803+0000][3562.223s][info][gc          ] GC(602) Pause Young (Normal) (G1 Evacuation Pause) 9655M->5368M(12288M) 49.590ms
[2024-05-30T11:33:42.804+0000][3562.223s][info][gc,cpu      ] GC(602) User=0.29s Sys=0.00s Real=0.05s
[2024-05-30T11:33:48.719+0000][3568.138s][info][gc,start    ] GC(603) Pause Young (Normal) (G1 Evacuation Pause)
[2024-05-30T11:33:48.719+0000][3568.138s][info][gc,task     ] GC(603) Using 6 workers of 6 for evacuation
[2024-05-30T11:33:48.770+0000][3568.189s][info][gc,phases   ] GC(603)   Pre Evacuate Collection Set: 0.2ms
[2024-05-30T11:33:48.770+0000][3568.189s][info][gc,phases   ] GC(603)   Merge Heap Roots: 0.3ms
[2024-05-30T11:33:48.770+0000][3568.189s][info][gc,phases   ] GC(603)   Evacuate Collection Set: 48.0ms
[2024-05-30T11:33:48.770+0000][3568.189s][info][gc,phases   ] GC(603)   Post Evacuate Collection Set: 2.1ms
[2024-05-30T11:33:48.770+0000][3568.189s][info][gc,phases   ] GC(603)   Other: 0.2ms
[2024-05-30T11:33:48.770+0000][3568.189s][info][gc,heap     ] GC(603) Eden regions: 535->0(532)
[2024-05-30T11:33:48.770+0000][3568.189s][info][gc,heap     ] GC(603) Survivor regions: 20->21(70)
[2024-05-30T11:33:48.770+0000][3568.189s][info][gc,heap     ] GC(603) Old regions: 646->647
[2024-05-30T11:33:48.770+0000][3568.189s][info][gc,heap     ] GC(603) Archive regions: 2->2
[2024-05-30T11:33:48.770+0000][3568.189s][info][gc,heap     ] GC(603) Humongous regions: 5->5
[2024-05-30T11:33:48.770+0000][3568.189s][info][gc,metaspace] GC(603) Metaspace: 413009K(419008K)->413009K(419008K) NonClass: 361021K(364352K)->361021K(364352K) Class: 51987K(54656K)->51987K(54656K)
[2024-05-30T11:33:48.770+0000][3568.189s][info][gc          ] GC(603) Pause Young (Normal) (G1 Evacuation Pause) 9648M->5386M(12288M) 50.767ms
[2024-05-30T11:33:48.770+0000][3568.189s][info][gc,cpu      ] GC(603) User=0.31s Sys=0.00s Real=0.05s
[2024-05-30T11:33:54.580+0000][3573.999s][info][gc,start    ] GC(604) Pause Young (Normal) (G1 Evacuation Pause)
[2024-05-30T11:33:54.580+0000][3573.999s][info][gc,task     ] GC(604) Using 6 workers of 6 for evacuation
[2024-05-30T11:33:54.633+0000][3574.052s][info][gc,phases   ] GC(604)   Pre Evacuate Collection Set: 0.2ms
[2024-05-30T11:33:54.633+0000][3574.052s][info][gc,phases   ] GC(604)   Merge Heap Roots: 0.3ms
[2024-05-30T11:33:54.633+0000][3574.052s][info][gc,phases   ] GC(604)   Evacuate Collection Set: 50.0ms
[2024-05-30T11:33:54.633+0000][3574.052s][info][gc,phases   ] GC(604)   Post Evacuate Collection Set: 2.3ms
[2024-05-30T11:33:54.633+0000][3574.052s][info][gc,phases   ] GC(604)   Other: 0.2ms
[2024-05-30T11:33:54.633+0000][3574.052s][info][gc,heap     ] GC(604) Eden regions: 532->0(527)
[2024-05-30T11:33:54.633+0000][3574.052s][info][gc,heap     ] GC(604) Survivor regions: 21->23(70)
[2024-05-30T11:33:54.633+0000][3574.052s][info][gc,heap     ] GC(604) Old regions: 647->648
[2024-05-30T11:33:54.633+0000][3574.052s][info][gc,heap     ] GC(604) Archive regions: 2->2
[2024-05-30T11:33:54.633+0000][3574.052s][info][gc,heap     ] GC(604) Humongous regions: 5->5
[2024-05-30T11:33:54.633+0000][3574.052s][info][gc,metaspace] GC(604) Metaspace: 413017K(419008K)->413017K(419008K) NonClass: 361029K(364352K)->361029K(364352K) Class: 51987K(54656K)->51987K(54656K)
[2024-05-30T11:33:54.633+0000][3574.052s][info][gc          ] GC(604) Pause Young (Normal) (G1 Evacuation Pause) 9642M->5403M(12288M) 53.039ms
[2024-05-30T11:33:54.633+0000][3574.052s][info][gc,cpu      ] GC(604) User=0.32s Sys=0.00s Real=0.05s
[2024-05-30T11:34:00.551+0000][3579.970s][info][gc,start    ] GC(605) Pause Young (Normal) (G1 Evacuation Pause)
[2024-05-30T11:34:00.551+0000][3579.970s][info][gc,task     ] GC(605) Using 6 workers of 6 for evacuation
[2024-05-30T11:34:00.601+0000][3580.020s][info][gc,phases   ] GC(605)   Pre Evacuate Collection Set: 0.2ms
[2024-05-30T11:34:00.601+0000][3580.020s][info][gc,phases   ] GC(605)   Merge Heap Roots: 0.2ms
[2024-05-30T11:34:00.601+0000][3580.020s][info][gc,phases   ] GC(605)   Evacuate Collection Set: 47.6ms
[2024-05-30T11:34:00.601+0000][3580.020s][info][gc,phases   ] GC(605)   Post Evacuate Collection Set: 2.1ms
[2024-05-30T11:34:00.601+0000][3580.020s][info][gc,phases   ] GC(605)   Other: 0.2ms
[2024-05-30T11:34:00.601+0000][3580.020s][info][gc,heap     ] GC(605) Eden regions: 527->0(527)
[2024-05-30T11:34:00.601+0000][3580.020s][info][gc,heap     ] GC(605) Survivor regions: 23->23(69)
[2024-05-30T11:34:00.601+0000][3580.020s][info][gc,heap     ] GC(605) Old regions: 648->648
[2024-05-30T11:34:00.601+0000][3580.020s][info][gc,heap     ] GC(605) Archive regions: 2->2
[2024-05-30T11:34:00.601+0000][3580.020s][info][gc,heap     ] GC(605) Humongous regions: 5->5
[2024-05-30T11:34:00.601+0000][3580.020s][info][gc,metaspace] GC(605) Metaspace: 413021K(419072K)->413021K(419072K) NonClass: 361033K(364416K)->361033K(364416K) Class: 51987K(54656K)->51987K(54656K)
[2024-05-30T11:34:00.601+0000][3580.021s][info][gc          ] GC(605) Pause Young (Normal) (G1 Evacuation Pause) 9619M->5408M(12288M) 50.374ms
[2024-05-30T11:34:00.601+0000][3580.021s][info][gc,cpu      ] GC(605) User=0.30s Sys=0.00s Real=0.05s
[2024-05-30T11:34:06.486+0000][3585.905s][info][gc,start    ] GC(606) Pause Young (Normal) (G1 Evacuation Pause)
[2024-05-30T11:34:06.486+0000][3585.906s][info][gc,task     ] GC(606) Using 6 workers of 6 for evacuation
[2024-05-30T11:34:06.539+0000][3585.958s][info][gc,phases   ] GC(606)   Pre Evacuate Collection Set: 0.2ms
[2024-05-30T11:34:06.539+0000][3585.958s][info][gc,phases   ] GC(606)   Merge Heap Roots: 0.2ms
[2024-05-30T11:34:06.539+0000][3585.958s][info][gc,phases   ] GC(606)   Evacuate Collection Set: 49.6ms
[2024-05-30T11:34:06.539+0000][3585.958s][info][gc,phases   ] GC(606)   Post Evacuate Collection Set: 2.0ms
[2024-05-30T11:34:06.539+0000][3585.958s][info][gc,phases   ] GC(606)   Other: 0.7ms
[2024-05-30T11:34:06.539+0000][3585.958s][info][gc,heap     ] GC(606) Eden regions: 527->0(526)
[2024-05-30T11:34:06.539+0000][3585.958s][info][gc,heap     ] GC(606) Survivor regions: 23->23(69)
[2024-05-30T11:34:06.539+0000][3585.958s][info][gc,heap     ] GC(606) Old regions: 648->649
[2024-05-30T11:34:06.539+0000][3585.958s][info][gc,heap     ] GC(606) Archive regions: 2->2
[2024-05-30T11:34:06.539+0000][3585.958s][info][gc,heap     ] GC(606) Humongous regions: 5->5
[2024-05-30T11:34:06.539+0000][3585.958s][info][gc,metaspace] GC(606) Metaspace: 413021K(419072K)->413021K(419072K) NonClass: 361033K(364416K)->361033K(364416K) Class: 51987K(54656K)->51987K(54656K)
[2024-05-30T11:34:06.539+0000][3585.958s][info][gc          ] GC(606) Pause Young (Normal) (G1 Evacuation Pause) 9624M->5417M(12288M) 52.823ms
[2024-05-30T11:34:06.539+0000][3585.958s][info][gc,cpu      ] GC(606) User=0.31s Sys=0.00s Real=0.06s
[2024-05-30T11:34:12.048+0000][3591.467s][info][gc,start    ] GC(607) Pause Young (Normal) (G1 Evacuation Pause)
[2024-05-30T11:34:12.048+0000][3591.467s][info][gc,task     ] GC(607) Using 6 workers of 6 for evacuation
[2024-05-30T11:34:12.099+0000][3591.518s][info][gc,phases   ] GC(607)   Pre Evacuate Collection Set: 0.2ms
[2024-05-30T11:34:12.099+0000][3591.518s][info][gc,phases   ] GC(607)   Merge Heap Roots: 0.3ms
[2024-05-30T11:34:12.099+0000][3591.518s][info][gc,phases   ] GC(607)   Evacuate Collection Set: 48.3ms
[2024-05-30T11:34:12.099+0000][3591.518s][info][gc,phases   ] GC(607)   Post Evacuate Collection Set: 2.0ms
[2024-05-30T11:34:12.099+0000][3591.518s][info][gc,phases   ] GC(607)   Other: 0.2ms
[2024-05-30T11:34:12.099+0000][3591.518s][info][gc,heap     ] GC(607) Eden regions: 526->0(529)
[2024-05-30T11:34:12.099+0000][3591.518s][info][gc,heap     ] GC(607) Survivor regions: 23->21(69)
[2024-05-30T11:34:12.099+0000][3591.518s][info][gc,heap     ] GC(607) Old regions: 649->650
[2024-05-30T11:34:12.099+0000][3591.518s][info][gc,heap     ] GC(607) Archive regions: 2->2
[2024-05-30T11:34:12.099+0000][3591.518s][info][gc,heap     ] GC(607) Humongous regions: 5->5
[2024-05-30T11:34:12.099+0000][3591.518s][info][gc,metaspace] GC(607) Metaspace: 413022K(419072K)->413022K(419072K) NonClass: 361034K(364416K)->361034K(364416K) Class: 51987K(54656K)->51987K(54656K)
[2024-05-30T11:34:12.099+0000][3591.518s][info][gc          ] GC(607) Pause Young (Normal) (G1 Evacuation Pause) 9625M->5404M(12288M) 51.024ms
[2024-05-30T11:34:12.099+0000][3591.518s][info][gc,cpu      ] GC(607) User=0.30s Sys=0.00s Real=0.06s
[2024-05-30T11:34:17.870+0000][3597.289s][info][gc,start    ] GC(608) Pause Young (Normal) (G1 Evacuation Pause)
[2024-05-30T11:34:17.870+0000][3597.289s][info][gc,task     ] GC(608) Using 6 workers of 6 for evacuation
[2024-05-30T11:34:17.921+0000][3597.340s][info][gc,phases   ] GC(608)   Pre Evacuate Collection Set: 0.2ms
[2024-05-30T11:34:17.921+0000][3597.340s][info][gc,phases   ] GC(608)   Merge Heap Roots: 0.3ms
[2024-05-30T11:34:17.921+0000][3597.340s][info][gc,phases   ] GC(608)   Evacuate Collection Set: 48.6ms
[2024-05-30T11:34:17.921+0000][3597.340s][info][gc,phases   ] GC(608)   Post Evacuate Collection Set: 2.1ms
[2024-05-30T11:34:17.921+0000][3597.340s][info][gc,phases   ] GC(608)   Other: 0.2ms
[2024-05-30T11:34:17.921+0000][3597.340s][info][gc,heap     ] GC(608) Eden regions: 529->0(528)
[2024-05-30T11:34:17.921+0000][3597.341s][info][gc,heap     ] GC(608) Survivor regions: 21->21(69)
[2024-05-30T11:34:17.921+0000][3597.341s][info][gc,heap     ] GC(608) Old regions: 650->651
[2024-05-30T11:34:17.921+0000][3597.341s][info][gc,heap     ] GC(608) Archive regions: 2->2
[2024-05-30T11:34:17.921+0000][3597.341s][info][gc,heap     ] GC(608) Humongous regions: 5->5
[2024-05-30T11:34:17.921+0000][3597.341s][info][gc,metaspace] GC(608) Metaspace: 413023K(419072K)->413023K(419072K) NonClass: 361036K(364416K)->361036K(364416K) Class: 51987K(54656K)->51987K(54656K)
[2024-05-30T11:34:17.921+0000][3597.341s][info][gc          ] GC(608) Pause Young (Normal) (G1 Evacuation Pause) 9636M->5409M(12288M) 51.369ms
[2024-05-30T11:34:17.921+0000][3597.341s][info][gc,cpu      ] GC(608) User=0.30s Sys=0.00s Real=0.05s
[2024-05-30T11:34:23.315+0000][3602.734s][info][gc,start    ] GC(609) Pause Young (Normal) (G1 Evacuation Pause)
[2024-05-30T11:34:23.315+0000][3602.734s][info][gc,task     ] GC(609) Using 6 workers of 6 for evacuation
[2024-05-30T11:34:23.363+0000][3602.782s][info][gc,phases   ] GC(609)   Pre Evacuate Collection Set: 0.2ms
[2024-05-30T11:34:23.363+0000][3602.782s][info][gc,phases   ] GC(609)   Merge Heap Roots: 0.3ms
[2024-05-30T11:34:23.363+0000][3602.782s][info][gc,phases   ] GC(609)   Evacuate Collection Set: 45.2ms
[2024-05-30T11:34:23.363+0000][3602.782s][info][gc,phases   ] GC(609)   Post Evacuate Collection Set: 2.2ms
[2024-05-30T11:34:23.363+0000][3602.782s][info][gc,phases   ] GC(609)   Other: 0.2ms
[2024-05-30T11:34:23.363+0000][3602.782s][info][gc,heap     ] GC(609) Eden regions: 528->0(530)
[2024-05-30T11:34:23.363+0000][3602.782s][info][gc,heap     ] GC(609) Survivor regions: 21->20(69)
[2024-05-30T11:34:23.363+0000][3602.782s][info][gc,heap     ] GC(609) Old regions: 651->651
[2024-05-30T11:34:23.363+0000][3602.782s][info][gc,heap     ] GC(609) Archive regions: 2->2
[2024-05-30T11:34:23.363+0000][3602.782s][info][gc,heap     ] GC(609) Humongous regions: 5->5
[2024-05-30T11:34:23.363+0000][3602.782s][info][gc,metaspace] GC(609) Metaspace: 413023K(419072K)->413023K(419072K) NonClass: 361036K(364416K)->361036K(364416K) Class: 51987K(54656K)->51987K(54656K)
[2024-05-30T11:34:23.363+0000][3602.782s][info][gc          ] GC(609) Pause Young (Normal) (G1 Evacuation Pause) 9633M->5406M(12288M) 48.143ms
[2024-05-30T11:34:23.363+0000][3602.782s][info][gc,cpu      ] GC(609) User=0.29s Sys=0.00s Real=0.05s
[2024-05-30T11:34:29.280+0000][3608.700s][info][gc,start    ] GC(610) Pause Young (Normal) (G1 Evacuation Pause)
[2024-05-30T11:34:29.280+0000][3608.700s][info][gc,task     ] GC(610) Using 6 workers of 6 for evacuation
[2024-05-30T11:34:29.328+0000][3608.747s][info][gc,phases   ] GC(610)   Pre Evacuate Collection Set: 0.2ms
[2024-05-30T11:34:29.328+0000][3608.747s][info][gc,phases   ] GC(610)   Merge Heap Roots: 0.2ms
[2024-05-30T11:34:29.328+0000][3608.747s][info][gc,phases   ] GC(610)   Evacuate Collection Set: 45.0ms
[2024-05-30T11:34:29.328+0000][3608.747s][info][gc,phases   ] GC(610)   Post Evacuate Collection Set: 2.1ms
[2024-05-30T11:34:29.328+0000][3608.747s][info][gc,phases   ] GC(610)   Other: 0.2ms
[2024-05-30T11:34:29.328+0000][3608.747s][info][gc,heap     ] GC(610) Eden regions: 530->0(529)
[2024-05-30T11:34:29.328+0000][3608.747s][info][gc,heap     ] GC(610) Survivor regions: 20->20(69)
[2024-05-30T11:34:29.328+0000][3608.747s][info][gc,heap     ] GC(610) Old regions: 651->652
[2024-05-30T11:34:29.328+0000][3608.747s][info][gc,heap     ] GC(610) Archive regions: 2->2
[2024-05-30T11:34:29.328+0000][3608.747s][info][gc,heap     ] GC(610) Humongous regions: 5->5
[2024-05-30T11:34:29.328+0000][3608.747s][info][gc,metaspace] GC(610) Metaspace: 413027K(419072K)->413027K(419072K) NonClass: 361039K(364416K)->361039K(364416K) Class: 51987K(54656K)->51987K(54656K)
[2024-05-30T11:34:29.328+0000][3608.747s][info][gc          ] GC(610) Pause Young (Normal) (G1 Evacuation Pause) 9646M->5410M(12288M) 47.750ms
[2024-05-30T11:34:29.328+0000][3608.748s][info][gc,cpu      ] GC(610) User=0.28s Sys=0.00s Real=0.04s
[2024-05-30T11:34:35.207+0000][3614.627s][info][gc,start    ] GC(611) Pause Young (Normal) (G1 Evacuation Pause)
[2024-05-30T11:34:35.207+0000][3614.627s][info][gc,task     ] GC(611) Using 6 workers of 6 for evacuation
[2024-05-30T11:34:35.275+0000][3614.694s][info][gc,phases   ] GC(611)   Pre Evacuate Collection Set: 0.2ms
[2024-05-30T11:34:35.275+0000][3614.694s][info][gc,phases   ] GC(611)   Merge Heap Roots: 0.3ms
[2024-05-30T11:34:35.275+0000][3614.694s][info][gc,phases   ] GC(611)   Evacuate Collection Set: 64.4ms
[2024-05-30T11:34:35.275+0000][3614.694s][info][gc,phases   ] GC(611)   Post Evacuate Collection Set: 2.2ms
[2024-05-30T11:34:35.275+0000][3614.694s][info][gc,phases   ] GC(611)   Other: 0.2ms
[2024-05-30T11:34:35.275+0000][3614.694s][info][gc,heap     ] GC(611) Eden regions: 529->0(527)
[2024-05-30T11:34:35.275+0000][3614.694s][info][gc,heap     ] GC(611) Survivor regions: 20->21(69)
[2024-05-30T11:34:35.275+0000][3614.694s][info][gc,heap     ] GC(611) Old regions: 652->652
[2024-05-30T11:34:35.275+0000][3614.694s][info][gc,heap     ] GC(611) Archive regions: 2->2
[2024-05-30T11:34:35.275+0000][3614.694s][info][gc,heap     ] GC(611) Humongous regions: 5->5
[2024-05-30T11:34:35.275+0000][3614.694s][info][gc,metaspace] GC(611) Metaspace: 413027K(419072K)->413027K(419072K) NonClass: 361039K(364416K)->361039K(364416K) Class: 51987K(54656K)->51987K(54656K)
[2024-05-30T11:34:35.275+0000][3614.694s][info][gc          ] GC(611) Pause Young (Normal) (G1 Evacuation Pause) 9642M->5422M(12288M) 67.332ms
[2024-05-30T11:34:35.275+0000][3614.694s][info][gc,cpu      ] GC(611) User=0.39s Sys=0.01s Real=0.07s
[2024-05-30T11:34:41.095+0000][3620.514s][info][gc,start    ] GC(612) Pause Young (Normal) (G1 Evacuation Pause)
[2024-05-30T11:34:41.095+0000][3620.514s][info][gc,task     ] GC(612) Using 6 workers of 6 for evacuation
[2024-05-30T11:34:41.146+0000][3620.565s][info][gc,phases   ] GC(612)   Pre Evacuate Collection Set: 0.2ms
[2024-05-30T11:34:41.146+0000][3620.565s][info][gc,phases   ] GC(612)   Merge Heap Roots: 0.2ms
[2024-05-30T11:34:41.146+0000][3620.565s][info][gc,phases   ] GC(612)   Evacuate Collection Set: 48.5ms
[2024-05-30T11:34:41.146+0000][3620.565s][info][gc,phases   ] GC(612)   Post Evacuate Collection Set: 2.1ms
[2024-05-30T11:34:41.146+0000][3620.565s][info][gc,phases   ] GC(612)   Other: 0.2ms
[2024-05-30T11:34:41.146+0000][3620.565s][info][gc,heap     ] GC(612) Eden regions: 527->0(524)
[2024-05-30T11:34:41.146+0000][3620.565s][info][gc,heap     ] GC(612) Survivor regions: 21->22(69)
[2024-05-30T11:34:41.146+0000][3620.565s][info][gc,heap     ] GC(612) Old regions: 652->653
[2024-05-30T11:34:41.146+0000][3620.565s][info][gc,heap     ] GC(612) Archive regions: 2->2
[2024-05-30T11:34:41.146+0000][3620.565s][info][gc,heap     ] GC(612) Humongous regions: 5->5
[2024-05-30T11:34:41.146+0000][3620.565s][info][gc,metaspace] GC(612) Metaspace: 413028K(419072K)->413028K(419072K) NonClass: 361040K(364416K)->361040K(364416K) Class: 51987K(54656K)->51987K(54656K)
[2024-05-30T11:34:41.146+0000][3620.565s][info][gc          ] GC(612) Pause Young (Normal) (G1 Evacuation Pause) 9638M->5435M(12288M) 51.260ms
[2024-05-30T11:34:41.146+0000][3620.566s][info][gc,cpu      ] GC(612) User=0.30s Sys=0.00s Real=0.05s
[2024-05-30T11:34:46.867+0000][3626.286s][info][gc,start    ] GC(613) Pause Young (Normal) (G1 Evacuation Pause)
[2024-05-30T11:34:46.867+0000][3626.286s][info][gc,task     ] GC(613) Using 6 workers of 6 for evacuation
[2024-05-30T11:34:46.920+0000][3626.339s][info][gc,phases   ] GC(613)   Pre Evacuate Collection Set: 0.2ms
[2024-05-30T11:34:46.920+0000][3626.339s][info][gc,phases   ] GC(613)   Merge Heap Roots: 0.2ms
[2024-05-30T11:34:46.920+0000][3626.339s][info][gc,phases   ] GC(613)   Evacuate Collection Set: 50.1ms
[2024-05-30T11:34:46.920+0000][3626.339s][info][gc,phases   ] GC(613)   Post Evacuate Collection Set: 2.1ms
[2024-05-30T11:34:46.920+0000][3626.339s][info][gc,phases   ] GC(613)   Other: 0.2ms
[2024-05-30T11:34:46.920+0000][3626.339s][info][gc,heap     ] GC(613) Eden regions: 524->0(523)
[2024-05-30T11:34:46.920+0000][3626.339s][info][gc,heap     ] GC(613) Survivor regions: 22->22(69)
[2024-05-30T11:34:46.920+0000][3626.339s][info][gc,heap     ] GC(613) Old regions: 653->654
[2024-05-30T11:34:46.920+0000][3626.339s][info][gc,heap     ] GC(613) Archive regions: 2->2
[2024-05-30T11:34:46.920+0000][3626.339s][info][gc,heap     ] GC(613) Humongous regions: 5->5
[2024-05-30T11:34:46.920+0000][3626.339s][info][gc,metaspace] GC(613) Metaspace: 413040K(419136K)->413040K(419136K) NonClass: 361053K(364480K)->361053K(364480K) Class: 51987K(54656K)->51987K(54656K)
[2024-05-30T11:34:46.920+0000][3626.339s][info][gc          ] GC(613) Pause Young (Normal) (G1 Evacuation Pause) 9627M->5445M(12288M) 52.790ms
[2024-05-30T11:34:46.920+0000][3626.339s][info][gc,cpu      ] GC(613) User=0.31s Sys=0.00s Real=0.06s
[2024-05-30T11:34:52.621+0000][3632.040s][info][gc,start    ] GC(614) Pause Young (Normal) (G1 Evacuation Pause)
[2024-05-30T11:34:52.621+0000][3632.040s][info][gc,task     ] GC(614) Using 6 workers of 6 for evacuation
[2024-05-30T11:34:52.672+0000][3632.092s][info][gc,phases   ] GC(614)   Pre Evacuate Collection Set: 0.2ms
[2024-05-30T11:34:52.673+0000][3632.092s][info][gc,phases   ] GC(614)   Merge Heap Roots: 0.2ms
[2024-05-30T11:34:52.673+0000][3632.092s][info][gc,phases   ] GC(614)   Evacuate Collection Set: 49.0ms
[2024-05-30T11:34:52.673+0000][3632.092s][info][gc,phases   ] GC(614)   Post Evacuate Collection Set: 2.2ms
[2024-05-30T11:34:52.673+0000][3632.092s][info][gc,phases   ] GC(614)   Other: 0.2ms
[2024-05-30T11:34:52.673+0000][3632.092s][info][gc,heap     ] GC(614) Eden regions: 523->0(519)
[2024-05-30T11:34:52.673+0000][3632.092s][info][gc,heap     ] GC(614) Survivor regions: 22->24(69)
[2024-05-30T11:34:52.673+0000][3632.092s][info][gc,heap     ] GC(614) Old regions: 654->654
[2024-05-30T11:34:52.673+0000][3632.092s][info][gc,heap     ] GC(614) Archive regions: 2->2
[2024-05-30T11:34:52.673+0000][3632.092s][info][gc,heap     ] GC(614) Humongous regions: 5->5
[2024-05-30T11:34:52.673+0000][3632.092s][info][gc,metaspace] GC(614) Metaspace: 413043K(419136K)->413043K(419136K) NonClass: 361055K(364480K)->361055K(364480K) Class: 51987K(54656K)->51987K(54656K)
[2024-05-30T11:34:52.673+0000][3632.092s][info][gc          ] GC(614) Pause Young (Normal) (G1 Evacuation Pause) 9629M->5466M(12288M) 51.885ms
[2024-05-30T11:34:52.673+0000][3632.092s][info][gc,cpu      ] GC(614) User=0.31s Sys=0.00s Real=0.05s
[2024-05-30T11:34:58.184+0000][3637.603s][info][gc,start    ] GC(615) Pause Young (Normal) (G1 Evacuation Pause)
[2024-05-30T11:34:58.184+0000][3637.603s][info][gc,task     ] GC(615) Using 6 workers of 6 for evacuation
[2024-05-30T11:34:58.234+0000][3637.653s][info][gc,phases   ] GC(615)   Pre Evacuate Collection Set: 0.2ms
[2024-05-30T11:34:58.234+0000][3637.653s][info][gc,phases   ] GC(615)   Merge Heap Roots: 0.3ms
[2024-05-30T11:34:58.234+0000][3637.653s][info][gc,phases   ] GC(615)   Evacuate Collection Set: 47.1ms
[2024-05-30T11:34:58.234+0000][3637.653s][info][gc,phases   ] GC(615)   Post Evacuate Collection Set: 2.1ms
[2024-05-30T11:34:58.234+0000][3637.653s][info][gc,phases   ] GC(615)   Other: 0.2ms
[2024-05-30T11:34:58.234+0000][3637.653s][info][gc,heap     ] GC(615) Eden regions: 519->0(526)
[2024-05-30T11:34:58.234+0000][3637.653s][info][gc,heap     ] GC(615) Survivor regions: 24->20(68)
[2024-05-30T11:34:58.234+0000][3637.653s][info][gc,heap     ] GC(615) Old regions: 654->655
[2024-05-30T11:34:58.234+0000][3637.653s][info][gc,heap     ] GC(615) Archive regions: 2->2
[2024-05-30T11:34:58.234+0000][3637.653s][info][gc,heap     ] GC(615) Humongous regions: 5->5
[2024-05-30T11:34:58.234+0000][3637.653s][info][gc,metaspace] GC(615) Metaspace: 413043K(419136K)->413043K(419136K) NonClass: 361055K(364480K)->361055K(364480K) Class: 51987K(54656K)->51987K(54656K)
[2024-05-30T11:34:58.234+0000][3637.653s][info][gc          ] GC(615) Pause Young (Normal) (G1 Evacuation Pause) 9618M->5435M(12288M) 49.872ms
[2024-05-30T11:34:58.234+0000][3637.653s][info][gc,cpu      ] GC(615) User=0.29s Sys=0.00s Real=0.05s
[2024-05-30T11:35:03.607+0000][3643.026s][info][gc,start    ] GC(616) Pause Young (Normal) (G1 Evacuation Pause)
[2024-05-30T11:35:03.607+0000][3643.026s][info][gc,task     ] GC(616) Using 6 workers of 6 for evacuation
[2024-05-30T11:35:03.655+0000][3643.074s][info][gc,phases   ] GC(616)   Pre Evacuate Collection Set: 0.2ms
[2024-05-30T11:35:03.655+0000][3643.074s][info][gc,phases   ] GC(616)   Merge Heap Roots: 0.2ms
[2024-05-30T11:35:03.655+0000][3643.074s][info][gc,phases   ] GC(616)   Evacuate Collection Set: 45.1ms
[2024-05-30T11:35:03.655+0000][3643.074s][info][gc,phases   ] GC(616)   Post Evacuate Collection Set: 2.5ms
[2024-05-30T11:35:03.655+0000][3643.074s][info][gc,phases   ] GC(616)   Other: 0.2ms
[2024-05-30T11:35:03.655+0000][3643.074s][info][gc,heap     ] GC(616) Eden regions: 526->0(527)
[2024-05-30T11:35:03.655+0000][3643.074s][info][gc,heap     ] GC(616) Survivor regions: 20->19(69)
[2024-05-30T11:35:03.655+0000][3643.074s][info][gc,heap     ] GC(616) Old regions: 655->656
[2024-05-30T11:35:03.655+0000][3643.074s][info][gc,heap     ] GC(616) Archive regions: 2->2
[2024-05-30T11:35:03.655+0000][3643.074s][info][gc,heap     ] GC(616) Humongous regions: 5->5
[2024-05-30T11:35:03.655+0000][3643.074s][info][gc,metaspace] GC(616) Metaspace: 413043K(419136K)->413043K(419136K) NonClass: 361056K(364480K)->361056K(364480K) Class: 51987K(54656K)->51987K(54656K)
[2024-05-30T11:35:03.655+0000][3643.074s][info][gc          ] GC(616) Pause Young (Normal) (G1 Evacuation Pause) 9643M->5433M(12288M) 48.328ms
[2024-05-30T11:35:03.655+0000][3643.074s][info][gc,cpu      ] GC(616) User=0.29s Sys=0.00s Real=0.05s
[2024-05-30T11:35:05.317+0000][3644.737s][info][gc,start    ] GC(617) Pause Young (Normal) (G1 Evacuation Pause)
[2024-05-30T11:35:05.317+0000][3644.737s][info][gc,task     ] GC(617) Using 6 workers of 6 for evacuation
[2024-05-30T11:35:05.400+0000][3644.819s][info][gc,phases   ] GC(617)   Pre Evacuate Collection Set: 0.2ms
[2024-05-30T11:35:05.400+0000][3644.819s][info][gc,phases   ] GC(617)   Merge Heap Roots: 0.2ms
[2024-05-30T11:35:05.400+0000][3644.819s][info][gc,phases   ] GC(617)   Evacuate Collection Set: 68.4ms
[2024-05-30T11:35:05.400+0000][3644.819s][info][gc,phases   ] GC(617)   Post Evacuate Collection Set: 13.3ms
[2024-05-30T11:35:05.400+0000][3644.819s][info][gc,phases   ] GC(617)   Other: 0.2ms
[2024-05-30T11:35:05.400+0000][3644.819s][info][gc,heap     ] GC(617) Eden regions: 527->0(523)
[2024-05-30T11:35:05.400+0000][3644.819s][info][gc,heap     ] GC(617) Survivor regions: 19->21(69)
[2024-05-30T11:35:05.400+0000][3644.819s][info][gc,heap     ] GC(617) Old regions: 656->656
[2024-05-30T11:35:05.400+0000][3644.819s][info][gc,heap     ] GC(617) Archive regions: 2->2
[2024-05-30T11:35:05.400+0000][3644.819s][info][gc,heap     ] GC(617) Humongous regions: 5->5
[2024-05-30T11:35:05.400+0000][3644.819s][info][gc,metaspace] GC(617) Metaspace: 413044K(419136K)->413044K(419136K) NonClass: 361056K(364480K)->361056K(364480K) Class: 51987K(54656K)->51987K(54656K)
[2024-05-30T11:35:05.400+0000][3644.819s][info][gc          ] GC(617) Pause Young (Normal) (G1 Evacuation Pause) 9649M->5456M(12288M) 82.385ms
[2024-05-30T11:35:05.400+0000][3644.819s][info][gc,cpu      ] GC(617) User=0.48s Sys=0.00s Real=0.08s
[2024-05-30T11:35:07.021+0000][3646.440s][info][gc,start    ] GC(618) Pause Young (Normal) (G1 Evacuation Pause)
[2024-05-30T11:35:07.021+0000][3646.440s][info][gc,task     ] GC(618) Using 6 workers of 6 for evacuation
[2024-05-30T11:35:07.112+0000][3646.531s][info][gc,phases   ] GC(618)   Pre Evacuate Collection Set: 0.2ms
[2024-05-30T11:35:07.112+0000][3646.531s][info][gc,phases   ] GC(618)   Merge Heap Roots: 0.2ms
[2024-05-30T11:35:07.112+0000][3646.531s][info][gc,phases   ] GC(618)   Evacuate Collection Set: 77.1ms
[2024-05-30T11:35:07.112+0000][3646.531s][info][gc,phases   ] GC(618)   Post Evacuate Collection Set: 13.3ms
[2024-05-30T11:35:07.112+0000][3646.531s][info][gc,phases   ] GC(618)   Other: 0.2ms
[2024-05-30T11:35:07.112+0000][3646.531s][info][gc,heap     ] GC(618) Eden regions: 523->0(516)
[2024-05-30T11:35:07.112+0000][3646.531s][info][gc,heap     ] GC(618) Survivor regions: 21->24(68)
[2024-05-30T11:35:07.112+0000][3646.531s][info][gc,heap     ] GC(618) Old regions: 656->657
[2024-05-30T11:35:07.112+0000][3646.531s][info][gc,heap     ] GC(618) Archive regions: 2->2
[2024-05-30T11:35:07.112+0000][3646.531s][info][gc,heap     ] GC(618) Humongous regions: 5->5
[2024-05-30T11:35:07.112+0000][3646.531s][info][gc,metaspace] GC(618) Metaspace: 413044K(419136K)->413044K(419136K) NonClass: 361056K(364480K)->361056K(364480K) Class: 51987K(54656K)->51987K(54656K)
[2024-05-30T11:35:07.112+0000][3646.531s][info][gc          ] GC(618) Pause Young (Normal) (G1 Evacuation Pause) 9640M->5486M(12288M) 91.041ms
[2024-05-30T11:35:07.112+0000][3646.531s][info][gc,cpu      ] GC(618) User=0.53s Sys=0.00s Real=0.09s
[2024-05-30T11:35:08.719+0000][3648.138s][info][gc,start    ] GC(619) Pause Young (Normal) (G1 Evacuation Pause)
[2024-05-30T11:35:08.719+0000][3648.138s][info][gc,task     ] GC(619) Using 6 workers of 6 for evacuation
[2024-05-30T11:35:08.809+0000][3648.228s][info][gc,phases   ] GC(619)   Pre Evacuate Collection Set: 0.2ms
[2024-05-30T11:35:08.809+0000][3648.228s][info][gc,phases   ] GC(619)   Merge Heap Roots: 0.2ms
[2024-05-30T11:35:08.809+0000][3648.228s][info][gc,phases   ] GC(619)   Evacuate Collection Set: 77.2ms
[2024-05-30T11:35:08.809+0000][3648.228s][info][gc,phases   ] GC(619)   Post Evacuate Collection Set: 12.2ms
[2024-05-30T11:35:08.809+0000][3648.228s][info][gc,phases   ] GC(619)   Other: 0.2ms
[2024-05-30T11:35:08.809+0000][3648.228s][info][gc,heap     ] GC(619) Eden regions: 516->0(513)
[2024-05-30T11:35:08.809+0000][3648.228s][info][gc,heap     ] GC(619) Survivor regions: 24->25(68)
[2024-05-30T11:35:08.809+0000][3648.228s][info][gc,heap     ] GC(619) Old regions: 657->658
[2024-05-30T11:35:08.809+0000][3648.228s][info][gc,heap     ] GC(619) Archive regions: 2->2
[2024-05-30T11:35:08.809+0000][3648.228s][info][gc,heap     ] GC(619) Humongous regions: 5->5
[2024-05-30T11:35:08.809+0000][3648.229s][info][gc,metaspace] GC(619) Metaspace: 413044K(419136K)->413044K(419136K) NonClass: 361056K(364480K)->361056K(364480K) Class: 51987K(54656K)->51987K(54656K)
[2024-05-30T11:35:08.809+0000][3648.229s][info][gc          ] GC(619) Pause Young (Normal) (G1 Evacuation Pause) 9614M->5500M(12288M) 90.094ms
[2024-05-30T11:35:08.809+0000][3648.229s][info][gc,cpu      ] GC(619) User=0.53s Sys=0.00s Real=0.09s
[2024-05-30T11:35:10.554+0000][3649.973s][info][gc,start    ] GC(620) Pause Young (Normal) (G1 Evacuation Pause)
[2024-05-30T11:35:10.554+0000][3649.973s][info][gc,task     ] GC(620) Using 6 workers of 6 for evacuation
[2024-05-30T11:35:10.646+0000][3650.065s][info][gc,phases   ] GC(620)   Pre Evacuate Collection Set: 0.2ms
[2024-05-30T11:35:10.646+0000][3650.065s][info][gc,phases   ] GC(620)   Merge Heap Roots: 0.2ms
[2024-05-30T11:35:10.646+0000][3650.065s][info][gc,phases   ] GC(620)   Evacuate Collection Set: 79.3ms
[2024-05-30T11:35:10.646+0000][3650.066s][info][gc,phases   ] GC(620)   Post Evacuate Collection Set: 12.6ms
[2024-05-30T11:35:10.646+0000][3650.066s][info][gc,phases   ] GC(620)   Other: 0.2ms
[2024-05-30T11:35:10.646+0000][3650.066s][info][gc,heap     ] GC(620) Eden regions: 513->0(512)
[2024-05-30T11:35:10.646+0000][3650.066s][info][gc,heap     ] GC(620) Survivor regions: 25->25(68)
[2024-05-30T11:35:10.646+0000][3650.066s][info][gc,heap     ] GC(620) Old regions: 658->659
[2024-05-30T11:35:10.646+0000][3650.066s][info][gc,heap     ] GC(620) Archive regions: 2->2
[2024-05-30T11:35:10.646+0000][3650.066s][info][gc,heap     ] GC(620) Humongous regions: 5->5
[2024-05-30T11:35:10.646+0000][3650.066s][info][gc,metaspace] GC(620) Metaspace: 413045K(419136K)->413045K(419136K) NonClass: 361057K(364480K)->361057K(364480K) Class: 51987K(54656K)->51987K(54656K)
[2024-05-30T11:35:10.646+0000][3650.066s][info][gc          ] GC(620) Pause Young (Normal) (G1 Evacuation Pause) 9604M->5513M(12288M) 92.579ms
[2024-05-30T11:35:10.646+0000][3650.066s][info][gc,cpu      ] GC(620) User=0.54s Sys=0.00s Real=0.09s
[2024-05-30T11:35:12.391+0000][3651.810s][info][gc,start    ] GC(621) Pause Young (Normal) (G1 Evacuation Pause)
[2024-05-30T11:35:12.391+0000][3651.810s][info][gc,task     ] GC(621) Using 6 workers of 6 for evacuation
[2024-05-30T11:35:12.470+0000][3651.889s][info][gc,phases   ] GC(621)   Pre Evacuate Collection Set: 0.2ms
[2024-05-30T11:35:12.470+0000][3651.889s][info][gc,phases   ] GC(621)   Merge Heap Roots: 0.3ms
[2024-05-30T11:35:12.470+0000][3651.889s][info][gc,phases   ] GC(621)   Evacuate Collection Set: 70.3ms
[2024-05-30T11:35:12.470+0000][3651.889s][info][gc,phases   ] GC(621)   Post Evacuate Collection Set: 8.0ms
[2024-05-30T11:35:12.470+0000][3651.889s][info][gc,phases   ] GC(621)   Other: 0.3ms
[2024-05-30T11:35:12.470+0000][3651.889s][info][gc,heap     ] GC(621) Eden regions: 512->0(513)
[2024-05-30T11:35:12.470+0000][3651.889s][info][gc,heap     ] GC(621) Survivor regions: 25->24(68)
[2024-05-30T11:35:12.470+0000][3651.889s][info][gc,heap     ] GC(621) Old regions: 659->660
[2024-05-30T11:35:12.470+0000][3651.889s][info][gc,heap     ] GC(621) Archive regions: 2->2
[2024-05-30T11:35:12.470+0000][3651.889s][info][gc,heap     ] GC(621) Humongous regions: 5->5
[2024-05-30T11:35:12.470+0000][3651.889s][info][gc,metaspace] GC(621) Metaspace: 413045K(419136K)->413045K(419136K) NonClass: 361057K(364480K)->361057K(364480K) Class: 51987K(54656K)->51987K(54656K)
[2024-05-30T11:35:12.470+0000][3651.889s][info][gc          ] GC(621) Pause Young (Normal) (G1 Evacuation Pause) 9609M->5511M(12288M) 78.971ms
[2024-05-30T11:35:12.470+0000][3651.889s][info][gc,cpu      ] GC(621) User=0.47s Sys=0.00s Real=0.08s
[2024-05-30T11:35:13.902+0000][3653.322s][info][gc,start    ] GC(622) Pause Young (Normal) (G1 Evacuation Pause)
[2024-05-30T11:35:13.902+0000][3653.322s][info][gc,task     ] GC(622) Using 6 workers of 6 for evacuation
[2024-05-30T11:35:14.011+0000][3653.430s][info][gc,phases   ] GC(622)   Pre Evacuate Collection Set: 0.2ms
[2024-05-30T11:35:14.011+0000][3653.430s][info][gc,phases   ] GC(622)   Merge Heap Roots: 0.3ms
[2024-05-30T11:35:14.011+0000][3653.430s][info][gc,phases   ] GC(622)   Evacuate Collection Set: 92.6ms
[2024-05-30T11:35:14.011+0000][3653.430s][info][gc,phases   ] GC(622)   Post Evacuate Collection Set: 15.0ms
[2024-05-30T11:35:14.011+0000][3653.430s][info][gc,phases   ] GC(622)   Other: 0.2ms
[2024-05-30T11:35:14.011+0000][3653.430s][info][gc,heap     ] GC(622) Eden regions: 513->0(508)
[2024-05-30T11:35:14.011+0000][3653.430s][info][gc,heap     ] GC(622) Survivor regions: 24->26(68)
[2024-05-30T11:35:14.011+0000][3653.430s][info][gc,heap     ] GC(622) Old regions: 660->661
[2024-05-30T11:35:14.011+0000][3653.430s][info][gc,heap     ] GC(622) Archive regions: 2->2
[2024-05-30T11:35:14.011+0000][3653.430s][info][gc,heap     ] GC(622) Humongous regions: 5->5
[2024-05-30T11:35:14.011+0000][3653.430s][info][gc,metaspace] GC(622) Metaspace: 413045K(419136K)->413045K(419136K) NonClass: 361057K(364480K)->361057K(364480K) Class: 51987K(54656K)->51987K(54656K)
[2024-05-30T11:35:14.011+0000][3653.430s][info][gc          ] GC(622) Pause Young (Normal) (G1 Evacuation Pause) 9615M->5533M(12288M) 108.322ms
[2024-05-30T11:35:14.011+0000][3653.430s][info][gc,cpu      ] GC(622) User=0.64s Sys=0.00s Real=0.11s
[2024-05-30T11:35:15.493+0000][3654.912s][info][gc,start    ] GC(623) Pause Young (Normal) (G1 Evacuation Pause)
[2024-05-30T11:35:15.493+0000][3654.912s][info][gc,task     ] GC(623) Using 6 workers of 6 for evacuation
[2024-05-30T11:35:15.608+0000][3655.027s][info][gc,phases   ] GC(623)   Pre Evacuate Collection Set: 0.2ms
[2024-05-30T11:35:15.608+0000][3655.027s][info][gc,phases   ] GC(623)   Merge Heap Roots: 0.3ms
[2024-05-30T11:35:15.608+0000][3655.027s][info][gc,phases   ] GC(623)   Evacuate Collection Set: 99.7ms
[2024-05-30T11:35:15.608+0000][3655.027s][info][gc,phases   ] GC(623)   Post Evacuate Collection Set: 14.6ms
[2024-05-30T11:35:15.608+0000][3655.027s][info][gc,phases   ] GC(623)   Other: 0.2ms
[2024-05-30T11:35:15.608+0000][3655.027s][info][gc,heap     ] GC(623) Eden regions: 508->0(504)
[2024-05-30T11:35:15.608+0000][3655.027s][info][gc,heap     ] GC(623) Survivor regions: 26->28(67)
[2024-05-30T11:35:15.608+0000][3655.027s][info][gc,heap     ] GC(623) Old regions: 661->661
[2024-05-30T11:35:15.608+0000][3655.027s][info][gc,heap     ] GC(623) Archive regions: 2->2
[2024-05-30T11:35:15.608+0000][3655.027s][info][gc,heap     ] GC(623) Humongous regions: 5->5
[2024-05-30T11:35:15.608+0000][3655.027s][info][gc,metaspace] GC(623) Metaspace: 413045K(419136K)->413045K(419136K) NonClass: 361057K(364480K)->361057K(364480K) Class: 51987K(54656K)->51987K(54656K)
[2024-05-30T11:35:15.608+0000][3655.027s][info][gc          ] GC(623) Pause Young (Normal) (G1 Evacuation Pause) 9597M->5551M(12288M) 114.997ms
[2024-05-30T11:35:15.608+0000][3655.027s][info][gc,cpu      ] GC(623) User=0.68s Sys=0.00s Real=0.11s
[2024-05-30T11:35:17.219+0000][3656.639s][info][gc,start    ] GC(624) Pause Young (Normal) (G1 Evacuation Pause)
[2024-05-30T11:35:17.219+0000][3656.639s][info][gc,task     ] GC(624) Using 6 workers of 6 for evacuation
[2024-05-30T11:35:17.348+0000][3656.767s][info][gc,phases   ] GC(624)   Pre Evacuate Collection Set: 0.2ms
[2024-05-30T11:35:17.348+0000][3656.767s][info][gc,phases   ] GC(624)   Merge Heap Roots: 0.3ms
[2024-05-30T11:35:17.348+0000][3656.767s][info][gc,phases   ] GC(624)   Evacuate Collection Set: 110.6ms
[2024-05-30T11:35:17.348+0000][3656.767s][info][gc,phases   ] GC(624)   Post Evacuate Collection Set: 17.6ms
[2024-05-30T11:35:17.348+0000][3656.768s][info][gc,phases   ] GC(624)   Other: 0.2ms
[2024-05-30T11:35:17.348+0000][3656.768s][info][gc,heap     ] GC(624) Eden regions: 504->0(499)
[2024-05-30T11:35:17.348+0000][3656.768s][info][gc,heap     ] GC(624) Survivor regions: 28->30(67)
[2024-05-30T11:35:17.348+0000][3656.768s][info][gc,heap     ] GC(624) Old regions: 661->662
[2024-05-30T11:35:17.348+0000][3656.768s][info][gc,heap     ] GC(624) Archive regions: 2->2
[2024-05-30T11:35:17.348+0000][3656.768s][info][gc,heap     ] GC(624) Humongous regions: 5->5
[2024-05-30T11:35:17.348+0000][3656.768s][info][gc,metaspace] GC(624) Metaspace: 413045K(419136K)->413045K(419136K) NonClass: 361057K(364480K)->361057K(364480K) Class: 51987K(54656K)->51987K(54656K)
[2024-05-30T11:35:17.348+0000][3656.768s][info][gc          ] GC(624) Pause Young (Normal) (G1 Evacuation Pause) 9583M->5574M(12288M) 128.969ms
[2024-05-30T11:35:17.348+0000][3656.768s][info][gc,cpu      ] GC(624) User=0.76s Sys=0.00s Real=0.13s
[2024-05-30T11:35:18.849+0000][3658.268s][info][gc,start    ] GC(625) Pause Young (Normal) (G1 Evacuation Pause)
[2024-05-30T11:35:18.849+0000][3658.269s][info][gc,task     ] GC(625) Using 6 workers of 6 for evacuation
[2024-05-30T11:35:18.970+0000][3658.389s][info][gc,phases   ] GC(625)   Pre Evacuate Collection Set: 0.2ms
[2024-05-30T11:35:18.970+0000][3658.389s][info][gc,phases   ] GC(625)   Merge Heap Roots: 0.3ms
[2024-05-30T11:35:18.970+0000][3658.389s][info][gc,phases   ] GC(625)   Evacuate Collection Set: 106.2ms
[2024-05-30T11:35:18.970+0000][3658.389s][info][gc,phases   ] GC(625)   Post Evacuate Collection Set: 14.2ms
[2024-05-30T11:35:18.970+0000][3658.389s][info][gc,phases   ] GC(625)   Other: 0.2ms
[2024-05-30T11:35:18.970+0000][3658.389s][info][gc,heap     ] GC(625) Eden regions: 499->0(498)
[2024-05-30T11:35:18.970+0000][3658.390s][info][gc,heap     ] GC(625) Survivor regions: 30->30(67)
[2024-05-30T11:35:18.970+0000][3658.390s][info][gc,heap     ] GC(625) Old regions: 662->663
[2024-05-30T11:35:18.970+0000][3658.390s][info][gc,heap     ] GC(625) Archive regions: 2->2
[2024-05-30T11:35:18.970+0000][3658.390s][info][gc,heap     ] GC(625) Humongous regions: 5->5
[2024-05-30T11:35:18.970+0000][3658.390s][info][gc,metaspace] GC(625) Metaspace: 413045K(419136K)->413045K(419136K) NonClass: 361057K(364480K)->361057K(364480K) Class: 51987K(54656K)->51987K(54656K)
[2024-05-30T11:35:18.970+0000][3658.390s][info][gc          ] GC(625) Pause Young (Normal) (G1 Evacuation Pause) 9566M->5586M(12288M) 121.067ms
[2024-05-30T11:35:18.970+0000][3658.390s][info][gc,cpu      ] GC(625) User=0.71s Sys=0.00s Real=0.12s
[2024-05-30T11:35:20.453+0000][3659.873s][info][gc,start    ] GC(626) Pause Young (Normal) (G1 Evacuation Pause)
[2024-05-30T11:35:20.453+0000][3659.873s][info][gc,task     ] GC(626) Using 6 workers of 6 for evacuation
[2024-05-30T11:35:20.581+0000][3660.000s][info][gc,phases   ] GC(626)   Pre Evacuate Collection Set: 0.2ms
[2024-05-30T11:35:20.581+0000][3660.000s][info][gc,phases   ] GC(626)   Merge Heap Roots: 0.4ms
[2024-05-30T11:35:20.581+0000][3660.001s][info][gc,phases   ] GC(626)   Evacuate Collection Set: 113.0ms
[2024-05-30T11:35:20.581+0000][3660.001s][info][gc,phases   ] GC(626)   Post Evacuate Collection Set: 14.2ms
[2024-05-30T11:35:20.581+0000][3660.001s][info][gc,phases   ] GC(626)   Other: 0.2ms
[2024-05-30T11:35:20.581+0000][3660.001s][info][gc,heap     ] GC(626) Eden regions: 498->0(493)
[2024-05-30T11:35:20.581+0000][3660.001s][info][gc,heap     ] GC(626) Survivor regions: 30->32(66)
[2024-05-30T11:35:20.581+0000][3660.001s][info][gc,heap     ] GC(626) Old regions: 663->664
[2024-05-30T11:35:20.581+0000][3660.001s][info][gc,heap     ] GC(626) Archive regions: 2->2
[2024-05-30T11:35:20.581+0000][3660.001s][info][gc,heap     ] GC(626) Humongous regions: 5->5
[2024-05-30T11:35:20.581+0000][3660.001s][info][gc,metaspace] GC(626) Metaspace: 413045K(419136K)->413045K(419136K) NonClass: 361057K(364480K)->361057K(364480K) Class: 51987K(54656K)->51987K(54656K)
[2024-05-30T11:35:20.581+0000][3660.001s][info][gc          ] GC(626) Pause Young (Normal) (G1 Evacuation Pause) 9570M->5610M(12288M) 128.048ms
[2024-05-30T11:35:20.581+0000][3660.001s][info][gc,cpu      ] GC(626) User=0.76s Sys=0.00s Real=0.13s
[2024-05-30T11:35:22.051+0000][3661.470s][info][gc,start    ] GC(627) Pause Young (Normal) (G1 Evacuation Pause)
[2024-05-30T11:35:22.051+0000][3661.470s][info][gc,task     ] GC(627) Using 6 workers of 6 for evacuation
[2024-05-30T11:35:22.183+0000][3661.602s][info][gc,phases   ] GC(627)   Pre Evacuate Collection Set: 0.2ms
[2024-05-30T11:35:22.183+0000][3661.602s][info][gc,phases   ] GC(627)   Merge Heap Roots: 0.4ms
[2024-05-30T11:35:22.183+0000][3661.602s][info][gc,phases   ] GC(627)   Evacuate Collection Set: 117.0ms
[2024-05-30T11:35:22.183+0000][3661.602s][info][gc,phases   ] GC(627)   Post Evacuate Collection Set: 14.6ms
[2024-05-30T11:35:22.183+0000][3661.602s][info][gc,phases   ] GC(627)   Other: 0.2ms
[2024-05-30T11:35:22.183+0000][3661.602s][info][gc,heap     ] GC(627) Eden regions: 493->0(491)
[2024-05-30T11:35:22.183+0000][3661.602s][info][gc,heap     ] GC(627) Survivor regions: 32->32(66)
[2024-05-30T11:35:22.183+0000][3661.602s][info][gc,heap     ] GC(627) Old regions: 664->666
[2024-05-30T11:35:22.183+0000][3661.602s][info][gc,heap     ] GC(627) Archive regions: 2->2
[2024-05-30T11:35:22.183+0000][3661.602s][info][gc,heap     ] GC(627) Humongous regions: 5->5
[2024-05-30T11:35:22.183+0000][3661.602s][info][gc,metaspace] GC(627) Metaspace: 413047K(419136K)->413047K(419136K) NonClass: 361059K(364480K)->361059K(364480K) Class: 51987K(54656K)->51987K(54656K)
[2024-05-30T11:35:22.183+0000][3661.602s][info][gc          ] GC(627) Pause Young (Normal) (G1 Evacuation Pause) 9554M->5621M(12288M) 132.466ms
[2024-05-30T11:35:22.183+0000][3661.602s][info][gc,cpu      ] GC(627) User=0.78s Sys=0.00s Real=0.13s
[2024-05-30T11:35:23.475+0000][3662.894s][info][gc,start    ] GC(628) Pause Young (Normal) (G1 Evacuation Pause)
[2024-05-30T11:35:23.475+0000][3662.894s][info][gc,task     ] GC(628) Using 6 workers of 6 for evacuation
[2024-05-30T11:35:23.626+0000][3663.045s][info][gc,phases   ] GC(628)   Pre Evacuate Collection Set: 0.2ms
[2024-05-30T11:35:23.626+0000][3663.045s][info][gc,phases   ] GC(628)   Merge Heap Roots: 0.4ms
[2024-05-30T11:35:23.626+0000][3663.045s][info][gc,phases   ] GC(628)   Evacuate Collection Set: 132.7ms
[2024-05-30T11:35:23.626+0000][3663.045s][info][gc,phases   ] GC(628)   Post Evacuate Collection Set: 17.4ms
[2024-05-30T11:35:23.626+0000][3663.045s][info][gc,phases   ] GC(628)   Other: 0.2ms
[2024-05-30T11:35:23.626+0000][3663.045s][info][gc,heap     ] GC(628) Eden regions: 491->0(484)
[2024-05-30T11:35:23.626+0000][3663.045s][info][gc,heap     ] GC(628) Survivor regions: 32->35(66)
[2024-05-30T11:35:23.626+0000][3663.045s][info][gc,heap     ] GC(628) Old regions: 666->667
[2024-05-30T11:35:23.626+0000][3663.045s][info][gc,heap     ] GC(628) Archive regions: 2->2
[2024-05-30T11:35:23.626+0000][3663.045s][info][gc,heap     ] GC(628) Humongous regions: 5->5
[2024-05-30T11:35:23.626+0000][3663.045s][info][gc,metaspace] GC(628) Metaspace: 413047K(419136K)->413047K(419136K) NonClass: 361059K(364480K)->361059K(364480K) Class: 51987K(54656K)->51987K(54656K)
[2024-05-30T11:35:23.626+0000][3663.045s][info][gc          ] GC(628) Pause Young (Normal) (G1 Evacuation Pause) 9549M->5656M(12288M) 150.943ms
[2024-05-30T11:35:23.626+0000][3663.045s][info][gc,cpu      ] GC(628) User=0.89s Sys=0.00s Real=0.15s
[2024-05-30T11:35:25.086+0000][3664.505s][info][gc,start    ] GC(629) Pause Young (Normal) (G1 Evacuation Pause)
[2024-05-30T11:35:25.086+0000][3664.505s][info][gc,task     ] GC(629) Using 6 workers of 6 for evacuation
[2024-05-30T11:35:25.222+0000][3664.641s][info][gc,phases   ] GC(629)   Pre Evacuate Collection Set: 0.2ms
[2024-05-30T11:35:25.222+0000][3664.641s][info][gc,phases   ] GC(629)   Merge Heap Roots: 0.3ms
[2024-05-30T11:35:25.222+0000][3664.641s][info][gc,phases   ] GC(629)   Evacuate Collection Set: 120.3ms
[2024-05-30T11:35:25.222+0000][3664.641s][info][gc,phases   ] GC(629)   Post Evacuate Collection Set: 14.8ms
[2024-05-30T11:35:25.222+0000][3664.641s][info][gc,phases   ] GC(629)   Other: 0.2ms
[2024-05-30T11:35:25.222+0000][3664.641s][info][gc,heap     ] GC(629) Eden regions: 484->0(481)
[2024-05-30T11:35:25.222+0000][3664.641s][info][gc,heap     ] GC(629) Survivor regions: 35->36(65)
[2024-05-30T11:35:25.222+0000][3664.641s][info][gc,heap     ] GC(629) Old regions: 667->668
[2024-05-30T11:35:25.222+0000][3664.641s][info][gc,heap     ] GC(629) Archive regions: 2->2
[2024-05-30T11:35:25.222+0000][3664.641s][info][gc,heap     ] GC(629) Humongous regions: 5->5
[2024-05-30T11:35:25.222+0000][3664.641s][info][gc,metaspace] GC(629) Metaspace: 413047K(419136K)->413047K(419136K) NonClass: 361059K(364480K)->361059K(364480K) Class: 51987K(54656K)->51987K(54656K)
[2024-05-30T11:35:25.222+0000][3664.641s][info][gc          ] GC(629) Pause Young (Normal) (G1 Evacuation Pause) 9528M->5672M(12288M) 135.904ms
[2024-05-30T11:35:25.222+0000][3664.641s][info][gc,cpu      ] GC(629) User=0.80s Sys=0.00s Real=0.14s
[2024-05-30T11:35:26.685+0000][3666.104s][info][gc,start    ] GC(630) Pause Young (Normal) (G1 Evacuation Pause)
[2024-05-30T11:35:26.685+0000][3666.104s][info][gc,task     ] GC(630) Using 6 workers of 6 for evacuation
[2024-05-30T11:35:26.824+0000][3666.243s][info][gc,phases   ] GC(630)   Pre Evacuate Collection Set: 0.2ms
[2024-05-30T11:35:26.824+0000][3666.243s][info][gc,phases   ] GC(630)   Merge Heap Roots: 0.3ms
[2024-05-30T11:35:26.824+0000][3666.243s][info][gc,phases   ] GC(630)   Evacuate Collection Set: 124.0ms
[2024-05-30T11:35:26.824+0000][3666.243s][info][gc,phases   ] GC(630)   Post Evacuate Collection Set: 14.0ms
[2024-05-30T11:35:26.824+0000][3666.243s][info][gc,phases   ] GC(630)   Other: 0.2ms
[2024-05-30T11:35:26.824+0000][3666.243s][info][gc,heap     ] GC(630) Eden regions: 481->0(483)
[2024-05-30T11:35:26.824+0000][3666.243s][info][gc,heap     ] GC(630) Survivor regions: 36->34(65)
[2024-05-30T11:35:26.824+0000][3666.243s][info][gc,heap     ] GC(630) Old regions: 668->670
[2024-05-30T11:35:26.824+0000][3666.243s][info][gc,heap     ] GC(630) Archive regions: 2->2
[2024-05-30T11:35:26.824+0000][3666.243s][info][gc,heap     ] GC(630) Humongous regions: 5->5
[2024-05-30T11:35:26.824+0000][3666.243s][info][gc,metaspace] GC(630) Metaspace: 413047K(419136K)->413047K(419136K) NonClass: 361059K(364480K)->361059K(364480K) Class: 51987K(54656K)->51987K(54656K)
[2024-05-30T11:35:26.824+0000][3666.243s][info][gc          ] GC(630) Pause Young (Normal) (G1 Evacuation Pause) 9520M->5674M(12288M) 138.786ms
[2024-05-30T11:35:26.824+0000][3666.243s][info][gc,cpu      ] GC(630) User=0.82s Sys=0.00s Real=0.14s
[2024-05-30T11:35:28.241+0000][3667.660s][info][gc,start    ] GC(631) Pause Young (Normal) (G1 Evacuation Pause)
[2024-05-30T11:35:28.241+0000][3667.661s][info][gc,task     ] GC(631) Using 6 workers of 6 for evacuation
[2024-05-30T11:35:28.390+0000][3667.810s][info][gc,phases   ] GC(631)   Pre Evacuate Collection Set: 0.2ms
[2024-05-30T11:35:28.390+0000][3667.810s][info][gc,phases   ] GC(631)   Merge Heap Roots: 0.4ms
[2024-05-30T11:35:28.390+0000][3667.810s][info][gc,phases   ] GC(631)   Evacuate Collection Set: 135.2ms
[2024-05-30T11:35:28.390+0000][3667.810s][info][gc,phases   ] GC(631)   Post Evacuate Collection Set: 13.1ms
[2024-05-30T11:35:28.390+0000][3667.810s][info][gc,phases   ] GC(631)   Other: 0.2ms
[2024-05-30T11:35:28.390+0000][3667.810s][info][gc,heap     ] GC(631) Eden regions: 483->0(479)
[2024-05-30T11:35:28.390+0000][3667.810s][info][gc,heap     ] GC(631) Survivor regions: 34->35(65)
[2024-05-30T11:35:28.390+0000][3667.810s][info][gc,heap     ] GC(631) Old regions: 670->672
[2024-05-30T11:35:28.390+0000][3667.810s][info][gc,heap     ] GC(631) Archive regions: 2->2
[2024-05-30T11:35:28.390+0000][3667.810s][info][gc,heap     ] GC(631) Humongous regions: 5->5
[2024-05-30T11:35:28.390+0000][3667.810s][info][gc,metaspace] GC(631) Metaspace: 413050K(419136K)->413050K(419136K) NonClass: 361062K(364480K)->361062K(364480K) Class: 51987K(54656K)->51987K(54656K)
[2024-05-30T11:35:28.390+0000][3667.810s][info][gc          ] GC(631) Pause Young (Normal) (G1 Evacuation Pause) 9538M->5698M(12288M) 149.175ms
[2024-05-30T11:35:28.390+0000][3667.810s][info][gc,cpu      ] GC(631) User=0.89s Sys=0.00s Real=0.15s
[2024-05-30T11:35:29.817+0000][3669.236s][info][gc,start    ] GC(632) Pause Young (Normal) (G1 Evacuation Pause)
[2024-05-30T11:35:29.817+0000][3669.236s][info][gc,task     ] GC(632) Using 6 workers of 6 for evacuation
[2024-05-30T11:35:29.977+0000][3669.396s][info][gc,phases   ] GC(632)   Pre Evacuate Collection Set: 0.2ms
[2024-05-30T11:35:29.977+0000][3669.396s][info][gc,phases   ] GC(632)   Merge Heap Roots: 0.4ms
[2024-05-30T11:35:29.977+0000][3669.396s][info][gc,phases   ] GC(632)   Evacuate Collection Set: 145.7ms
[2024-05-30T11:35:29.977+0000][3669.396s][info][gc,phases   ] GC(632)   Post Evacuate Collection Set: 13.0ms
[2024-05-30T11:35:29.977+0000][3669.396s][info][gc,phases   ] GC(632)   Other: 0.2ms
[2024-05-30T11:35:29.977+0000][3669.396s][info][gc,heap     ] GC(632) Eden regions: 479->0(475)
[2024-05-30T11:35:29.977+0000][3669.396s][info][gc,heap     ] GC(632) Survivor regions: 35->36(65)
[2024-05-30T11:35:29.977+0000][3669.396s][info][gc,heap     ] GC(632) Old regions: 672->674
[2024-05-30T11:35:29.977+0000][3669.396s][info][gc,heap     ] GC(632) Archive regions: 2->2
[2024-05-30T11:35:29.977+0000][3669.396s][info][gc,heap     ] GC(632) Humongous regions: 5->5
[2024-05-30T11:35:29.977+0000][3669.396s][info][gc,metaspace] GC(632) Metaspace: 413053K(419136K)->413053K(419136K) NonClass: 361065K(364480K)->361065K(364480K) Class: 51987K(54656K)->51987K(54656K)
[2024-05-30T11:35:29.977+0000][3669.396s][info][gc          ] GC(632) Pause Young (Normal) (G1 Evacuation Pause) 9530M->5724M(12288M) 159.482ms
[2024-05-30T11:35:29.977+0000][3669.396s][info][gc,cpu      ] GC(632) User=0.95s Sys=0.00s Real=0.16s
[2024-05-30T11:35:31.365+0000][3670.784s][info][gc,start    ] GC(633) Pause Young (Normal) (G1 Evacuation Pause)
[2024-05-30T11:35:31.365+0000][3670.784s][info][gc,task     ] GC(633) Using 6 workers of 6 for evacuation
[2024-05-30T11:35:31.518+0000][3670.938s][info][gc,phases   ] GC(633)   Pre Evacuate Collection Set: 0.2ms
[2024-05-30T11:35:31.518+0000][3670.938s][info][gc,phases   ] GC(633)   Merge Heap Roots: 0.4ms
[2024-05-30T11:35:31.518+0000][3670.938s][info][gc,phases   ] GC(633)   Evacuate Collection Set: 139.5ms
[2024-05-30T11:35:31.518+0000][3670.938s][info][gc,phases   ] GC(633)   Post Evacuate Collection Set: 13.1ms
[2024-05-30T11:35:31.518+0000][3670.938s][info][gc,phases   ] GC(633)   Other: 0.2ms
[2024-05-30T11:35:31.518+0000][3670.938s][info][gc,heap     ] GC(633) Eden regions: 475->0(471)
[2024-05-30T11:35:31.518+0000][3670.938s][info][gc,heap     ] GC(633) Survivor regions: 36->36(64)
[2024-05-30T11:35:31.518+0000][3670.938s][info][gc,heap     ] GC(633) Old regions: 674->678
[2024-05-30T11:35:31.518+0000][3670.938s][info][gc,heap     ] GC(633) Archive regions: 2->2
[2024-05-30T11:35:31.518+0000][3670.938s][info][gc,heap     ] GC(633) Humongous regions: 5->5
[2024-05-30T11:35:31.518+0000][3670.938s][info][gc,metaspace] GC(633) Metaspace: 413053K(419136K)->413053K(419136K) NonClass: 361065K(364480K)->361065K(364480K) Class: 51987K(54656K)->51987K(54656K)
[2024-05-30T11:35:31.518+0000][3670.938s][info][gc          ] GC(633) Pause Young (Normal) (G1 Evacuation Pause) 9524M->5745M(12288M) 153.407ms
[2024-05-30T11:35:31.519+0000][3670.938s][info][gc,cpu      ] GC(633) User=0.91s Sys=0.00s Real=0.16s
[2024-05-30T11:35:32.851+0000][3672.270s][info][gc,start    ] GC(634) Pause Young (Normal) (G1 Evacuation Pause)
[2024-05-30T11:35:32.851+0000][3672.270s][info][gc,task     ] GC(634) Using 6 workers of 6 for evacuation
[2024-05-30T11:35:32.996+0000][3672.415s][info][gc,phases   ] GC(634)   Pre Evacuate Collection Set: 0.2ms
[2024-05-30T11:35:32.996+0000][3672.415s][info][gc,phases   ] GC(634)   Merge Heap Roots: 0.4ms
[2024-05-30T11:35:32.996+0000][3672.415s][info][gc,phases   ] GC(634)   Evacuate Collection Set: 132.2ms
[2024-05-30T11:35:32.996+0000][3672.415s][info][gc,phases   ] GC(634)   Post Evacuate Collection Set: 12.0ms
[2024-05-30T11:35:32.996+0000][3672.415s][info][gc,phases   ] GC(634)   Other: 0.2ms
[2024-05-30T11:35:32.996+0000][3672.415s][info][gc,heap     ] GC(634) Eden regions: 471->0(472)
[2024-05-30T11:35:32.996+0000][3672.415s][info][gc,heap     ] GC(634) Survivor regions: 36->34(64)
[2024-05-30T11:35:32.996+0000][3672.415s][info][gc,heap     ] GC(634) Old regions: 678->681
[2024-05-30T11:35:32.996+0000][3672.415s][info][gc,heap     ] GC(634) Archive regions: 2->2
[2024-05-30T11:35:32.996+0000][3672.415s][info][gc,heap     ] GC(634) Humongous regions: 5->5
[2024-05-30T11:35:32.996+0000][3672.415s][info][gc,metaspace] GC(634) Metaspace: 413053K(419136K)->413053K(419136K) NonClass: 361065K(364480K)->361065K(364480K) Class: 51987K(54656K)->51987K(54656K)
[2024-05-30T11:35:32.996+0000][3672.415s][info][gc          ] GC(634) Pause Young (Normal) (G1 Evacuation Pause) 9513M->5758M(12288M) 145.066ms
[2024-05-30T11:35:32.996+0000][3672.415s][info][gc,cpu      ] GC(634) User=0.86s Sys=0.00s Real=0.14s
[2024-05-30T11:35:36.532+0000][3675.951s][info][gc,start    ] GC(635) Pause Young (Normal) (G1 Evacuation Pause)
[2024-05-30T11:35:36.532+0000][3675.951s][info][gc,task     ] GC(635) Using 6 workers of 6 for evacuation
[2024-05-30T11:35:36.655+0000][3676.075s][info][gc,phases   ] GC(635)   Pre Evacuate Collection Set: 0.2ms
[2024-05-30T11:35:36.656+0000][3676.075s][info][gc,phases   ] GC(635)   Merge Heap Roots: 0.4ms
[2024-05-30T11:35:36.656+0000][3676.075s][info][gc,phases   ] GC(635)   Evacuate Collection Set: 116.8ms
[2024-05-30T11:35:36.656+0000][3676.075s][info][gc,phases   ] GC(635)   Post Evacuate Collection Set: 6.2ms
[2024-05-30T11:35:36.656+0000][3676.075s][info][gc,phases   ] GC(635)   Other: 0.2ms
[2024-05-30T11:35:36.656+0000][3676.075s][info][gc,heap     ] GC(635) Eden regions: 472->0(470)
[2024-05-30T11:35:36.656+0000][3676.075s][info][gc,heap     ] GC(635) Survivor regions: 34->35(64)
[2024-05-30T11:35:36.656+0000][3676.075s][info][gc,heap     ] GC(635) Old regions: 681->681
[2024-05-30T11:35:36.656+0000][3676.075s][info][gc,heap     ] GC(635) Archive regions: 2->2
[2024-05-30T11:35:36.656+0000][3676.075s][info][gc,heap     ] GC(635) Humongous regions: 5->5
[2024-05-30T11:35:36.656+0000][3676.075s][info][gc,metaspace] GC(635) Metaspace: 413053K(419136K)->413053K(419136K) NonClass: 361065K(364480K)->361065K(364480K) Class: 51987K(54656K)->51987K(54656K)
[2024-05-30T11:35:36.656+0000][3676.075s][info][gc          ] GC(635) Pause Young (Normal) (G1 Evacuation Pause) 9534M->5766M(12288M) 123.923ms
[2024-05-30T11:35:36.656+0000][3676.075s][info][gc,cpu      ] GC(635) User=0.73s Sys=0.00s Real=0.12s
[2024-05-30T11:35:41.849+0000][3681.269s][info][gc,start    ] GC(636) Pause Young (Normal) (G1 Evacuation Pause)
[2024-05-30T11:35:41.849+0000][3681.269s][info][gc,task     ] GC(636) Using 6 workers of 6 for evacuation
[2024-05-30T11:35:41.968+0000][3681.387s][info][gc,phases   ] GC(636)   Pre Evacuate Collection Set: 0.2ms
[2024-05-30T11:35:41.968+0000][3681.387s][info][gc,phases   ] GC(636)   Merge Heap Roots: 0.4ms
[2024-05-30T11:35:41.968+0000][3681.387s][info][gc,phases   ] GC(636)   Evacuate Collection Set: 115.8ms
[2024-05-30T11:35:41.968+0000][3681.387s][info][gc,phases   ] GC(636)   Post Evacuate Collection Set: 2.0ms
[2024-05-30T11:35:41.968+0000][3681.387s][info][gc,phases   ] GC(636)   Other: 0.2ms
[2024-05-30T11:35:41.968+0000][3681.387s][info][gc,heap     ] GC(636) Eden regions: 470->0(468)
[2024-05-30T11:35:41.968+0000][3681.387s][info][gc,heap     ] GC(636) Survivor regions: 35->35(64)
[2024-05-30T11:35:41.968+0000][3681.387s][info][gc,heap     ] GC(636) Old regions: 681->683
[2024-05-30T11:35:41.968+0000][3681.387s][info][gc,heap     ] GC(636) Archive regions: 2->2
[2024-05-30T11:35:41.968+0000][3681.387s][info][gc,heap     ] GC(636) Humongous regions: 5->5
[2024-05-30T11:35:41.968+0000][3681.387s][info][gc,metaspace] GC(636) Metaspace: 413057K(419136K)->413057K(419136K) NonClass: 361069K(364480K)->361069K(364480K) Class: 51988K(54656K)->51988K(54656K)
[2024-05-30T11:35:41.968+0000][3681.387s][info][gc          ] GC(636) Pause Young (Normal) (G1 Evacuation Pause) 9526M->5782M(12288M) 118.652ms
[2024-05-30T11:35:41.968+0000][3681.387s][info][gc,cpu      ] GC(636) User=0.70s Sys=0.00s Real=0.11s
[2024-05-30T11:35:46.878+0000][3686.297s][info][gc,start    ] GC(637) Pause Young (Normal) (G1 Evacuation Pause)
[2024-05-30T11:35:46.878+0000][3686.297s][info][gc,task     ] GC(637) Using 6 workers of 6 for evacuation
[2024-05-30T11:35:46.992+0000][3686.411s][info][gc,phases   ] GC(637)   Pre Evacuate Collection Set: 0.2ms
[2024-05-30T11:35:46.992+0000][3686.411s][info][gc,phases   ] GC(637)   Merge Heap Roots: 0.4ms
[2024-05-30T11:35:46.992+0000][3686.411s][info][gc,phases   ] GC(637)   Evacuate Collection Set: 111.0ms
[2024-05-30T11:35:46.992+0000][3686.411s][info][gc,phases   ] GC(637)   Post Evacuate Collection Set: 2.1ms
[2024-05-30T11:35:46.992+0000][3686.411s][info][gc,phases   ] GC(637)   Other: 0.2ms
[2024-05-30T11:35:46.992+0000][3686.411s][info][gc,heap     ] GC(637) Eden regions: 468->0(472)
[2024-05-30T11:35:46.992+0000][3686.411s][info][gc,heap     ] GC(637) Survivor regions: 35->32(63)
[2024-05-30T11:35:46.992+0000][3686.411s][info][gc,heap     ] GC(637) Old regions: 683->685
[2024-05-30T11:35:46.992+0000][3686.411s][info][gc,heap     ] GC(637) Archive regions: 2->2
[2024-05-30T11:35:46.992+0000][3686.411s][info][gc,heap     ] GC(637) Humongous regions: 5->5
[2024-05-30T11:35:46.992+0000][3686.411s][info][gc,metaspace] GC(637) Metaspace: 413126K(419200K)->413126K(419200K) NonClass: 361132K(364544K)->361132K(364544K) Class: 51994K(54656K)->51994K(54656K)
[2024-05-30T11:35:46.992+0000][3686.411s][info][gc          ] GC(637) Pause Young (Normal) (G1 Evacuation Pause) 9526M->5772M(12288M) 113.938ms
[2024-05-30T11:35:46.992+0000][3686.411s][info][gc,cpu      ] GC(637) User=0.68s Sys=0.00s Real=0.11s
[2024-05-30T11:35:52.228+0000][3691.647s][info][gc,start    ] GC(638) Pause Young (Concurrent Start) (G1 Evacuation Pause)
[2024-05-30T11:35:52.228+0000][3691.647s][info][gc,task     ] GC(638) Using 6 workers of 6 for evacuation
[2024-05-30T11:35:52.363+0000][3691.782s][info][gc,phases   ] GC(638)   Pre Evacuate Collection Set: 0.7ms
[2024-05-30T11:35:52.363+0000][3691.782s][info][gc,phases   ] GC(638)   Merge Heap Roots: 0.5ms
[2024-05-30T11:35:52.363+0000][3691.782s][info][gc,phases   ] GC(638)   Evacuate Collection Set: 131.3ms
[2024-05-30T11:35:52.363+0000][3691.782s][info][gc,phases   ] GC(638)   Post Evacuate Collection Set: 2.3ms
[2024-05-30T11:35:52.363+0000][3691.782s][info][gc,phases   ] GC(638)   Other: 0.3ms
[2024-05-30T11:35:52.363+0000][3691.782s][info][gc,heap     ] GC(638) Eden regions: 472->0(466)
[2024-05-30T11:35:52.363+0000][3691.782s][info][gc,heap     ] GC(638) Survivor regions: 32->34(63)
[2024-05-30T11:35:52.363+0000][3691.782s][info][gc,heap     ] GC(638) Old regions: 685->687
[2024-05-30T11:35:52.363+0000][3691.782s][info][gc,heap     ] GC(638) Archive regions: 2->2
[2024-05-30T11:35:52.363+0000][3691.782s][info][gc,heap     ] GC(638) Humongous regions: 5->5
[2024-05-30T11:35:52.363+0000][3691.782s][info][gc,metaspace] GC(638) Metaspace: 413139K(419200K)->413139K(419200K) NonClass: 361143K(364544K)->361143K(364544K) Class: 51995K(54656K)->51995K(54656K)
[2024-05-30T11:35:52.363+0000][3691.782s][info][gc          ] GC(638) Pause Young (Concurrent Start) (G1 Evacuation Pause) 9548M->5802M(12288M) 135.101ms
[2024-05-30T11:35:52.363+0000][3691.783s][info][gc,cpu      ] GC(638) User=0.79s Sys=0.01s Real=0.14s
[2024-05-30T11:35:52.363+0000][3691.783s][info][gc          ] GC(639) Concurrent Mark Cycle
[2024-05-30T11:35:52.363+0000][3691.783s][info][gc,marking  ] GC(639) Concurrent Clear Claimed Marks
[2024-05-30T11:35:52.364+0000][3691.783s][info][gc,marking  ] GC(639) Concurrent Clear Claimed Marks 0.478ms
[2024-05-30T11:35:52.364+0000][3691.783s][info][gc,marking  ] GC(639) Concurrent Scan Root Regions
[2024-05-30T11:35:52.458+0000][3691.878s][info][gc,marking  ] GC(639) Concurrent Scan Root Regions 94.563ms
[2024-05-30T11:35:52.458+0000][3691.878s][info][gc,marking  ] GC(639) Concurrent Mark
[2024-05-30T11:35:52.458+0000][3691.878s][info][gc,marking  ] GC(639) Concurrent Mark From Roots
[2024-05-30T11:35:52.459+0000][3691.878s][info][gc,task     ] GC(639) Using 2 workers of 2 for marking
[2024-05-30T11:35:53.645+0000][3693.065s][info][gc,marking  ] GC(639) Concurrent Mark From Roots 1186.846ms
[2024-05-30T11:35:53.645+0000][3693.065s][info][gc,marking  ] GC(639) Concurrent Preclean
[2024-05-30T11:35:53.646+0000][3693.066s][info][gc,marking  ] GC(639) Concurrent Preclean 0.986ms
[2024-05-30T11:35:53.647+0000][3693.066s][info][gc,start    ] GC(639) Pause Remark
[2024-05-30T11:35:53.671+0000][3693.091s][info][gc          ] GC(639) Pause Remark 6678M->5990M(12288M) 24.774ms
[2024-05-30T11:35:53.671+0000][3693.091s][info][gc,cpu      ] GC(639) User=0.10s Sys=0.01s Real=0.03s
[2024-05-30T11:35:53.672+0000][3693.091s][info][gc,marking  ] GC(639) Concurrent Mark 1213.192ms
[2024-05-30T11:35:53.672+0000][3693.091s][info][gc,marking  ] GC(639) Concurrent Rebuild Remembered Sets
[2024-05-30T11:35:54.398+0000][3693.817s][info][gc,marking  ] GC(639) Concurrent Rebuild Remembered Sets 725.862ms
[2024-05-30T11:35:54.398+0000][3693.817s][info][gc,start    ] GC(639) Pause Cleanup
[2024-05-30T11:35:54.398+0000][3693.818s][info][gc          ] GC(639) Pause Cleanup 6462M->6462M(12288M) 0.626ms
[2024-05-30T11:35:54.398+0000][3693.818s][info][gc,cpu      ] GC(639) User=0.00s Sys=0.00s Real=0.00s
[2024-05-30T11:35:54.398+0000][3693.818s][info][gc,marking  ] GC(639) Concurrent Cleanup for Next Mark
[2024-05-30T11:35:54.427+0000][3693.846s][info][gc,marking  ] GC(639) Concurrent Cleanup for Next Mark 28.770ms
[2024-05-30T11:35:54.427+0000][3693.847s][info][gc          ] GC(639) Concurrent Mark Cycle 2063.967ms
[2024-05-30T11:35:57.758+0000][3697.177s][info][gc,start    ] GC(640) Pause Young (Prepare Mixed) (G1 Evacuation Pause)
[2024-05-30T11:35:57.758+0000][3697.177s][info][gc,task     ] GC(640) Using 6 workers of 6 for evacuation
[2024-05-30T11:35:57.868+0000][3697.287s][info][gc,phases   ] GC(640)   Pre Evacuate Collection Set: 0.2ms
[2024-05-30T11:35:57.868+0000][3697.287s][info][gc,phases   ] GC(640)   Merge Heap Roots: 0.5ms
[2024-05-30T11:35:57.868+0000][3697.287s][info][gc,phases   ] GC(640)   Evacuate Collection Set: 106.9ms
[2024-05-30T11:35:57.868+0000][3697.287s][info][gc,phases   ] GC(640)   Post Evacuate Collection Set: 2.1ms
[2024-05-30T11:35:57.868+0000][3697.287s][info][gc,phases   ] GC(640)   Other: 0.3ms
[2024-05-30T11:35:57.868+0000][3697.287s][info][gc,heap     ] GC(640) Eden regions: 466->0(45)
[2024-05-30T11:35:57.868+0000][3697.287s][info][gc,heap     ] GC(640) Survivor regions: 34->31(63)
[2024-05-30T11:35:57.868+0000][3697.287s][info][gc,heap     ] GC(640) Old regions: 601->604
[2024-05-30T11:35:57.868+0000][3697.287s][info][gc,heap     ] GC(640) Archive regions: 2->2
[2024-05-30T11:35:57.868+0000][3697.287s][info][gc,heap     ] GC(640) Humongous regions: 5->5
[2024-05-30T11:35:57.868+0000][3697.287s][info][gc,metaspace] GC(640) Metaspace: 413140K(419200K)->413140K(419200K) NonClass: 361144K(364544K)->361144K(364544K) Class: 51995K(54656K)->51995K(54656K)
[2024-05-30T11:35:57.868+0000][3697.287s][info][gc          ] GC(640) Pause Young (Prepare Mixed) (G1 Evacuation Pause) 8842M->5122M(12288M) 109.895ms
[2024-05-30T11:35:57.868+0000][3697.287s][info][gc,cpu      ] GC(640) User=0.70s Sys=0.00s Real=0.10s
[2024-05-30T11:35:58.358+0000][3697.778s][info][gc,start    ] GC(641) Pause Young (Mixed) (G1 Evacuation Pause)
[2024-05-30T11:35:58.358+0000][3697.778s][info][gc,task     ] GC(641) Using 6 workers of 6 for evacuation
[2024-05-30T11:35:58.451+0000][3697.871s][info][gc,phases   ] GC(641)   Pre Evacuate Collection Set: 0.2ms
[2024-05-30T11:35:58.451+0000][3697.871s][info][gc,phases   ] GC(641)   Merge Heap Roots: 0.3ms
[2024-05-30T11:35:58.451+0000][3697.871s][info][gc,phases   ] GC(641)   Evacuate Collection Set: 90.4ms
[2024-05-30T11:35:58.451+0000][3697.871s][info][gc,phases   ] GC(641)   Post Evacuate Collection Set: 1.9ms
[2024-05-30T11:35:58.451+0000][3697.871s][info][gc,phases   ] GC(641)   Other: 0.2ms
[2024-05-30T11:35:58.451+0000][3697.871s][info][gc,heap     ] GC(641) Eden regions: 45->0(69)
[2024-05-30T11:35:58.451+0000][3697.871s][info][gc,heap     ] GC(641) Survivor regions: 31->7(10)
[2024-05-30T11:35:58.452+0000][3697.871s][info][gc,heap     ] GC(641) Old regions: 604->475
[2024-05-30T11:35:58.452+0000][3697.871s][info][gc,heap     ] GC(641) Archive regions: 2->2
[2024-05-30T11:35:58.452+0000][3697.871s][info][gc,heap     ] GC(641) Humongous regions: 5->5
[2024-05-30T11:35:58.452+0000][3697.871s][info][gc,metaspace] GC(641) Metaspace: 413140K(419200K)->413140K(419200K) NonClass: 361144K(364544K)->361144K(364544K) Class: 51995K(54656K)->51995K(54656K)
[2024-05-30T11:35:58.452+0000][3697.871s][info][gc          ] GC(641) Pause Young (Mixed) (G1 Evacuation Pause) 5482M->3895M(12288M) 93.130ms
[2024-05-30T11:35:58.452+0000][3697.871s][info][gc,cpu      ] GC(641) User=0.56s Sys=0.00s Real=0.09s
[2024-05-30T11:35:59.208+0000][3698.628s][info][gc,start    ] GC(642) Pause Young (Mixed) (G1 Evacuation Pause)
[2024-05-30T11:35:59.208+0000][3698.628s][info][gc,task     ] GC(642) Using 6 workers of 6 for evacuation
[2024-05-30T11:35:59.237+0000][3698.656s][info][gc,phases   ] GC(642)   Pre Evacuate Collection Set: 0.2ms
[2024-05-30T11:35:59.237+0000][3698.656s][info][gc,phases   ] GC(642)   Merge Heap Roots: 0.3ms
[2024-05-30T11:35:59.237+0000][3698.656s][info][gc,phases   ] GC(642)   Evacuate Collection Set: 26.0ms
[2024-05-30T11:35:59.237+0000][3698.656s][info][gc,phases   ] GC(642)   Post Evacuate Collection Set: 2.0ms
[2024-05-30T11:35:59.237+0000][3698.656s][info][gc,phases   ] GC(642)   Other: 0.2ms
[2024-05-30T11:35:59.237+0000][3698.656s][info][gc,heap     ] GC(642) Eden regions: 69->0(69)
[2024-05-30T11:35:59.237+0000][3698.656s][info][gc,heap     ] GC(642) Survivor regions: 7->7(10)
[2024-05-30T11:35:59.237+0000][3698.656s][info][gc,heap     ] GC(642) Old regions: 475->324
[2024-05-30T11:35:59.237+0000][3698.656s][info][gc,heap     ] GC(642) Archive regions: 2->2
[2024-05-30T11:35:59.237+0000][3698.656s][info][gc,heap     ] GC(642) Humongous regions: 5->5
[2024-05-30T11:35:59.237+0000][3698.656s][info][gc,metaspace] GC(642) Metaspace: 413140K(419200K)->413140K(419200K) NonClass: 361144K(364544K)->361144K(364544K) Class: 51995K(54656K)->51995K(54656K)
[2024-05-30T11:35:59.237+0000][3698.656s][info][gc          ] GC(642) Pause Young (Mixed) (G1 Evacuation Pause) 4447M->2683M(12288M) 28.768ms
[2024-05-30T11:35:59.237+0000][3698.656s][info][gc,cpu      ] GC(642) User=0.16s Sys=0.01s Real=0.03s
[2024-05-30T11:35:59.996+0000][3699.415s][info][gc,start    ] GC(643) Pause Young (Mixed) (G1 Evacuation Pause)
[2024-05-30T11:35:59.996+0000][3699.415s][info][gc,task     ] GC(643) Using 6 workers of 6 for evacuation
[2024-05-30T11:36:00.028+0000][3699.447s][info][gc,phases   ] GC(643)   Pre Evacuate Collection Set: 0.2ms
[2024-05-30T11:36:00.028+0000][3699.447s][info][gc,phases   ] GC(643)   Merge Heap Roots: 0.3ms
[2024-05-30T11:36:00.028+0000][3699.447s][info][gc,phases   ] GC(643)   Evacuate Collection Set: 29.7ms
[2024-05-30T11:36:00.028+0000][3699.447s][info][gc,phases   ] GC(643)   Post Evacuate Collection Set: 2.0ms
[2024-05-30T11:36:00.028+0000][3699.447s][info][gc,phases   ] GC(643)   Other: 0.2ms
[2024-05-30T11:36:00.028+0000][3699.447s][info][gc,heap     ] GC(643) Eden regions: 69->0(916)
[2024-05-30T11:36:00.028+0000][3699.447s][info][gc,heap     ] GC(643) Survivor regions: 7->5(10)
[2024-05-30T11:36:00.028+0000][3699.447s][info][gc,heap     ] GC(643) Old regions: 324->251
[2024-05-30T11:36:00.028+0000][3699.447s][info][gc,heap     ] GC(643) Archive regions: 2->2
[2024-05-30T11:36:00.028+0000][3699.447s][info][gc,heap     ] GC(643) Humongous regions: 5->5
[2024-05-30T11:36:00.028+0000][3699.447s][info][gc,metaspace] GC(643) Metaspace: 413140K(419200K)->413140K(419200K) NonClass: 361144K(364544K)->361144K(364544K) Class: 51995K(54656K)->51995K(54656K)
[2024-05-30T11:36:00.028+0000][3699.447s][info][gc          ] GC(643) Pause Young (Mixed) (G1 Evacuation Pause) 3235M->2084M(12288M) 32.420ms
[2024-05-30T11:36:00.028+0000][3699.447s][info][gc,cpu      ] GC(643) User=0.19s Sys=0.00s Real=0.03s
[2024-05-30T11:36:10.154+0000][3709.574s][info][gc,start    ] GC(644) Pause Young (Normal) (G1 Evacuation Pause)
[2024-05-30T11:36:10.155+0000][3709.574s][info][gc,task     ] GC(644) Using 6 workers of 6 for evacuation
[2024-05-30T11:36:10.183+0000][3709.602s][info][gc,phases   ] GC(644)   Pre Evacuate Collection Set: 0.2ms
[2024-05-30T11:36:10.183+0000][3709.602s][info][gc,phases   ] GC(644)   Merge Heap Roots: 0.3ms
[2024-05-30T11:36:10.183+0000][3709.602s][info][gc,phases   ] GC(644)   Evacuate Collection Set: 25.5ms
[2024-05-30T11:36:10.183+0000][3709.602s][info][gc,phases   ] GC(644)   Post Evacuate Collection Set: 2.3ms
[2024-05-30T11:36:10.183+0000][3709.602s][info][gc,phases   ] GC(644)   Other: 0.3ms
[2024-05-30T11:36:10.183+0000][3709.602s][info][gc,heap     ] GC(644) Eden regions: 916->0(913)
[2024-05-30T11:36:10.183+0000][3709.602s][info][gc,heap     ] GC(644) Survivor regions: 5->8(116)
[2024-05-30T11:36:10.183+0000][3709.602s][info][gc,heap     ] GC(644) Old regions: 251->251
[2024-05-30T11:36:10.183+0000][3709.602s][info][gc,heap     ] GC(644) Archive regions: 2->2
[2024-05-30T11:36:10.183+0000][3709.602s][info][gc,heap     ] GC(644) Humongous regions: 5->5
[2024-05-30T11:36:10.183+0000][3709.602s][info][gc,metaspace] GC(644) Metaspace: 413143K(419200K)->413143K(419200K) NonClass: 361147K(364544K)->361147K(364544K) Class: 51995K(54656K)->51995K(54656K)
[2024-05-30T11:36:10.183+0000][3709.602s][info][gc          ] GC(644) Pause Young (Normal) (G1 Evacuation Pause) 9412M->2113M(12288M) 28.515ms
[2024-05-30T11:36:10.183+0000][3709.602s][info][gc,cpu      ] GC(644) User=0.17s Sys=0.00s Real=0.03s
[2024-05-30T11:36:20.462+0000][3719.881s][info][gc,start    ] GC(645) Pause Young (Normal) (G1 Evacuation Pause)
[2024-05-30T11:36:20.462+0000][3719.881s][info][gc,task     ] GC(645) Using 6 workers of 6 for evacuation
[2024-05-30T11:36:20.491+0000][3719.911s][info][gc,phases   ] GC(645)   Pre Evacuate Collection Set: 0.2ms
[2024-05-30T11:36:20.492+0000][3719.911s][info][gc,phases   ] GC(645)   Merge Heap Roots: 0.3ms
[2024-05-30T11:36:20.492+0000][3719.911s][info][gc,phases   ] GC(645)   Evacuate Collection Set: 26.5ms
[2024-05-30T11:36:20.492+0000][3719.911s][info][gc,phases   ] GC(645)   Post Evacuate Collection Set: 2.3ms
[2024-05-30T11:36:20.492+0000][3719.911s][info][gc,phases   ] GC(645)   Other: 0.2ms
[2024-05-30T11:36:20.492+0000][3719.911s][info][gc,heap     ] GC(645) Eden regions: 913->0(909)
[2024-05-30T11:36:20.492+0000][3719.911s][info][gc,heap     ] GC(645) Survivor regions: 8->12(116)
[2024-05-30T11:36:20.492+0000][3719.911s][info][gc,heap     ] GC(645) Old regions: 251->251
[2024-05-30T11:36:20.492+0000][3719.911s][info][gc,heap     ] GC(645) Archive regions: 2->2
[2024-05-30T11:36:20.492+0000][3719.911s][info][gc,heap     ] GC(645) Humongous regions: 5->5
[2024-05-30T11:36:20.492+0000][3719.911s][info][gc,metaspace] GC(645) Metaspace: 413158K(419200K)->413158K(419200K) NonClass: 361162K(364544K)->361162K(364544K) Class: 51995K(54656K)->51995K(54656K)
[2024-05-30T11:36:20.492+0000][3719.911s][info][gc          ] GC(645) Pause Young (Normal) (G1 Evacuation Pause) 9417M->2144M(12288M) 29.599ms
[2024-05-30T11:36:20.492+0000][3719.911s][info][gc,cpu      ] GC(645) User=0.18s Sys=0.00s Real=0.03s
[2024-05-30T11:36:24.667+0000][3724.086s][info][gc,start    ] GC(646) Pause Young (Normal) (G1 Evacuation Pause)
[2024-05-30T11:36:24.667+0000][3724.086s][info][gc,task     ] GC(646) Using 6 workers of 6 for evacuation
[2024-05-30T11:36:24.749+0000][3724.168s][info][gc,phases   ] GC(646)   Pre Evacuate Collection Set: 0.2ms
[2024-05-30T11:36:24.749+0000][3724.168s][info][gc,phases   ] GC(646)   Merge Heap Roots: 0.4ms
[2024-05-30T11:36:24.749+0000][3724.168s][info][gc,phases   ] GC(646)   Evacuate Collection Set: 64.9ms
[2024-05-30T11:36:24.749+0000][3724.168s][info][gc,phases   ] GC(646)   Post Evacuate Collection Set: 16.4ms
[2024-05-30T11:36:24.749+0000][3724.168s][info][gc,phases   ] GC(646)   Other: 0.3ms
[2024-05-30T11:36:24.749+0000][3724.168s][info][gc,heap     ] GC(646) Eden regions: 909->0(904)
[2024-05-30T11:36:24.749+0000][3724.168s][info][gc,heap     ] GC(646) Survivor regions: 12->17(116)
[2024-05-30T11:36:24.749+0000][3724.168s][info][gc,heap     ] GC(646) Old regions: 251->251
[2024-05-30T11:36:24.749+0000][3724.168s][info][gc,heap     ] GC(646) Archive regions: 2->2
[2024-05-30T11:36:24.749+0000][3724.168s][info][gc,heap     ] GC(646) Humongous regions: 5->5
[2024-05-30T11:36:24.749+0000][3724.168s][info][gc,metaspace] GC(646) Metaspace: 413158K(419200K)->413158K(419200K) NonClass: 361162K(364544K)->361162K(364544K) Class: 51995K(54656K)->51995K(54656K)
[2024-05-30T11:36:24.749+0000][3724.168s][info][gc          ] GC(646) Pause Young (Normal) (G1 Evacuation Pause) 9416M->2186M(12288M) 82.154ms
[2024-05-30T11:36:24.749+0000][3724.168s][info][gc,cpu      ] GC(646) User=0.47s Sys=0.00s Real=0.09s
[2024-05-30T11:36:28.345+0000][3727.764s][info][gc,start    ] GC(647) Pause Young (Normal) (G1 Evacuation Pause)
[2024-05-30T11:36:28.345+0000][3727.765s][info][gc,task     ] GC(647) Using 6 workers of 6 for evacuation
[2024-05-30T11:36:28.435+0000][3727.854s][info][gc,phases   ] GC(647)   Pre Evacuate Collection Set: 0.2ms
[2024-05-30T11:36:28.435+0000][3727.854s][info][gc,phases   ] GC(647)   Merge Heap Roots: 0.4ms
[2024-05-30T11:36:28.435+0000][3727.854s][info][gc,phases   ] GC(647)   Evacuate Collection Set: 71.7ms
[2024-05-30T11:36:28.435+0000][3727.854s][info][gc,phases   ] GC(647)   Post Evacuate Collection Set: 17.5ms
[2024-05-30T11:36:28.435+0000][3727.854s][info][gc,phases   ] GC(647)   Other: 0.2ms
[2024-05-30T11:36:28.435+0000][3727.854s][info][gc,heap     ] GC(647) Eden regions: 904->0(906)
[2024-05-30T11:36:28.435+0000][3727.854s][info][gc,heap     ] GC(647) Survivor regions: 17->15(116)
[2024-05-30T11:36:28.435+0000][3727.854s][info][gc,heap     ] GC(647) Old regions: 251->251
[2024-05-30T11:36:28.435+0000][3727.854s][info][gc,heap     ] GC(647) Archive regions: 2->2
[2024-05-30T11:36:28.435+0000][3727.854s][info][gc,heap     ] GC(647) Humongous regions: 5->5
[2024-05-30T11:36:28.435+0000][3727.855s][info][gc,metaspace] GC(647) Metaspace: 413158K(419200K)->413158K(419200K) NonClass: 361162K(364544K)->361162K(364544K) Class: 51995K(54656K)->51995K(54656K)
[2024-05-30T11:36:28.435+0000][3727.855s][info][gc          ] GC(647) Pause Young (Normal) (G1 Evacuation Pause) 9418M->2170M(12288M) 90.041ms
[2024-05-30T11:36:28.435+0000][3727.855s][info][gc,cpu      ] GC(647) User=0.52s Sys=0.00s Real=0.09s
[2024-05-30T11:36:33.869+0000][3733.288s][info][gc,start    ] GC(648) Pause Young (Normal) (G1 Evacuation Pause)
[2024-05-30T11:36:33.869+0000][3733.288s][info][gc,task     ] GC(648) Using 6 workers of 6 for evacuation
[2024-05-30T11:36:33.906+0000][3733.325s][info][gc,phases   ] GC(648)   Pre Evacuate Collection Set: 0.2ms
[2024-05-30T11:36:33.906+0000][3733.325s][info][gc,phases   ] GC(648)   Merge Heap Roots: 0.3ms
[2024-05-30T11:36:33.906+0000][3733.325s][info][gc,phases   ] GC(648)   Evacuate Collection Set: 33.6ms
[2024-05-30T11:36:33.906+0000][3733.325s][info][gc,phases   ] GC(648)   Post Evacuate Collection Set: 2.4ms
[2024-05-30T11:36:33.906+0000][3733.325s][info][gc,phases   ] GC(648)   Other: 0.3ms
[2024-05-30T11:36:33.906+0000][3733.325s][info][gc,heap     ] GC(648) Eden regions: 906->0(908)
[2024-05-30T11:36:33.906+0000][3733.325s][info][gc,heap     ] GC(648) Survivor regions: 15->13(116)
[2024-05-30T11:36:33.906+0000][3733.325s][info][gc,heap     ] GC(648) Old regions: 251->251
[2024-05-30T11:36:33.906+0000][3733.325s][info][gc,heap     ] GC(648) Archive regions: 2->2
[2024-05-30T11:36:33.906+0000][3733.325s][info][gc,heap     ] GC(648) Humongous regions: 5->5
[2024-05-30T11:36:33.906+0000][3733.325s][info][gc,metaspace] GC(648) Metaspace: 413161K(419200K)->413161K(419200K) NonClass: 361165K(364544K)->361165K(364544K) Class: 51995K(54656K)->51995K(54656K)
[2024-05-30T11:36:33.906+0000][3733.325s][info][gc          ] GC(648) Pause Young (Normal) (G1 Evacuation Pause) 9418M->2155M(12288M) 36.833ms
[2024-05-30T11:36:33.906+0000][3733.325s][info][gc,cpu      ] GC(648) User=0.22s Sys=0.00s Real=0.03s
[2024-05-30T11:36:43.887+0000][3743.306s][info][gc,start    ] GC(649) Pause Young (Normal) (G1 Evacuation Pause)
[2024-05-30T11:36:43.887+0000][3743.306s][info][gc,task     ] GC(649) Using 6 workers of 6 for evacuation
[2024-05-30T11:36:43.930+0000][3743.350s][info][gc,phases   ] GC(649)   Pre Evacuate Collection Set: 0.2ms
[2024-05-30T11:36:43.930+0000][3743.350s][info][gc,phases   ] GC(649)   Merge Heap Roots: 0.3ms
[2024-05-30T11:36:43.930+0000][3743.350s][info][gc,phases   ] GC(649)   Evacuate Collection Set: 40.2ms
[2024-05-30T11:36:43.930+0000][3743.350s][info][gc,phases   ] GC(649)   Post Evacuate Collection Set: 2.6ms
[2024-05-30T11:36:43.930+0000][3743.350s][info][gc,phases   ] GC(649)   Other: 0.2ms
[2024-05-30T11:36:43.930+0000][3743.350s][info][gc,heap     ] GC(649) Eden regions: 908->0(904)
[2024-05-30T11:36:43.930+0000][3743.350s][info][gc,heap     ] GC(649) Survivor regions: 13->17(116)
[2024-05-30T11:36:43.930+0000][3743.350s][info][gc,heap     ] GC(649) Old regions: 251->251
[2024-05-30T11:36:43.930+0000][3743.350s][info][gc,heap     ] GC(649) Archive regions: 2->2
[2024-05-30T11:36:43.930+0000][3743.350s][info][gc,heap     ] GC(649) Humongous regions: 5->5
[2024-05-30T11:36:43.930+0000][3743.350s][info][gc,metaspace] GC(649) Metaspace: 413212K(419264K)->413212K(419264K) NonClass: 361213K(364608K)->361213K(364608K) Class: 51999K(54656K)->51999K(54656K)
[2024-05-30T11:36:43.930+0000][3743.350s][info][gc          ] GC(649) Pause Young (Normal) (G1 Evacuation Pause) 9419M->2185M(12288M) 43.527ms
[2024-05-30T11:36:43.930+0000][3743.350s][info][gc,cpu      ] GC(649) User=0.26s Sys=0.00s Real=0.05s
[2024-05-30T11:36:53.883+0000][3753.302s][info][gc,start    ] GC(650) Pause Young (Normal) (G1 Evacuation Pause)
[2024-05-30T11:36:53.883+0000][3753.302s][info][gc,task     ] GC(650) Using 6 workers of 6 for evacuation
[2024-05-30T11:36:53.935+0000][3753.354s][info][gc,phases   ] GC(650)   Pre Evacuate Collection Set: 0.2ms
[2024-05-30T11:36:53.935+0000][3753.354s][info][gc,phases   ] GC(650)   Merge Heap Roots: 0.3ms
[2024-05-30T11:36:53.935+0000][3753.354s][info][gc,phases   ] GC(650)   Evacuate Collection Set: 48.7ms
[2024-05-30T11:36:53.935+0000][3753.354s][info][gc,phases   ] GC(650)   Post Evacuate Collection Set: 2.6ms
[2024-05-30T11:36:53.935+0000][3753.354s][info][gc,phases   ] GC(650)   Other: 0.2ms
[2024-05-30T11:36:53.935+0000][3753.354s][info][gc,heap     ] GC(650) Eden regions: 904->0(901)
[2024-05-30T11:36:53.935+0000][3753.354s][info][gc,heap     ] GC(650) Survivor regions: 17->20(116)
[2024-05-30T11:36:53.935+0000][3753.354s][info][gc,heap     ] GC(650) Old regions: 251->251
[2024-05-30T11:36:53.935+0000][3753.354s][info][gc,heap     ] GC(650) Archive regions: 2->2
[2024-05-30T11:36:53.935+0000][3753.354s][info][gc,heap     ] GC(650) Humongous regions: 5->5
[2024-05-30T11:36:53.935+0000][3753.354s][info][gc,metaspace] GC(650) Metaspace: 413214K(419264K)->413214K(419264K) NonClass: 361215K(364608K)->361215K(364608K) Class: 51999K(54656K)->51999K(54656K)
[2024-05-30T11:36:53.935+0000][3753.354s][info][gc          ] GC(650) Pause Young (Normal) (G1 Evacuation Pause) 9417M->2211M(12288M) 52.149ms
[2024-05-30T11:36:53.935+0000][3753.354s][info][gc,cpu      ] GC(650) User=0.31s Sys=0.00s Real=0.05s
[2024-05-30T11:37:03.690+0000][3763.109s][info][gc,start    ] GC(651) Pause Young (Normal) (G1 Evacuation Pause)
[2024-05-30T11:37:03.690+0000][3763.109s][info][gc,task     ] GC(651) Using 6 workers of 6 for evacuation
[2024-05-30T11:37:03.740+0000][3763.159s][info][gc,phases   ] GC(651)   Pre Evacuate Collection Set: 0.2ms
[2024-05-30T11:37:03.740+0000][3763.159s][info][gc,phases   ] GC(651)   Merge Heap Roots: 0.3ms
[2024-05-30T11:37:03.740+0000][3763.160s][info][gc,phases   ] GC(651)   Evacuate Collection Set: 47.5ms
[2024-05-30T11:37:03.740+0000][3763.160s][info][gc,phases   ] GC(651)   Post Evacuate Collection Set: 2.4ms
[2024-05-30T11:37:03.740+0000][3763.160s][info][gc,phases   ] GC(651)   Other: 0.2ms
[2024-05-30T11:37:03.740+0000][3763.160s][info][gc,heap     ] GC(651) Eden regions: 901->0(900)
[2024-05-30T11:37:03.740+0000][3763.160s][info][gc,heap     ] GC(651) Survivor regions: 20->21(116)
[2024-05-30T11:37:03.740+0000][3763.160s][info][gc,heap     ] GC(651) Old regions: 251->251
[2024-05-30T11:37:03.740+0000][3763.160s][info][gc,heap     ] GC(651) Archive regions: 2->2
[2024-05-30T11:37:03.740+0000][3763.160s][info][gc,heap     ] GC(651) Humongous regions: 5->5
[2024-05-30T11:37:03.740+0000][3763.160s][info][gc,metaspace] GC(651) Metaspace: 413214K(419264K)->413214K(419264K) NonClass: 361215K(364608K)->361215K(364608K) Class: 51999K(54656K)->51999K(54656K)
[2024-05-30T11:37:03.740+0000][3763.160s][info][gc          ] GC(651) Pause Young (Normal) (G1 Evacuation Pause) 9419M->2219M(12288M) 50.684ms
[2024-05-30T11:37:03.740+0000][3763.160s][info][gc,cpu      ] GC(651) User=0.30s Sys=0.00s Real=0.05s
[2024-05-30T11:37:12.954+0000][3772.373s][info][gc,start    ] GC(652) Pause Young (Normal) (G1 Evacuation Pause)
[2024-05-30T11:37:12.954+0000][3772.373s][info][gc,task     ] GC(652) Using 6 workers of 6 for evacuation
[2024-05-30T11:37:13.001+0000][3772.421s][info][gc,phases   ] GC(652)   Pre Evacuate Collection Set: 0.2ms
[2024-05-30T11:37:13.001+0000][3772.421s][info][gc,phases   ] GC(652)   Merge Heap Roots: 0.3ms
[2024-05-30T11:37:13.001+0000][3772.421s][info][gc,phases   ] GC(652)   Evacuate Collection Set: 44.5ms
[2024-05-30T11:37:13.001+0000][3772.421s][info][gc,phases   ] GC(652)   Post Evacuate Collection Set: 2.4ms
[2024-05-30T11:37:13.001+0000][3772.421s][info][gc,phases   ] GC(652)   Other: 0.3ms
[2024-05-30T11:37:13.001+0000][3772.421s][info][gc,heap     ] GC(652) Eden regions: 900->0(902)
[2024-05-30T11:37:13.001+0000][3772.421s][info][gc,heap     ] GC(652) Survivor regions: 21->19(116)
[2024-05-30T11:37:13.001+0000][3772.421s][info][gc,heap     ] GC(652) Old regions: 251->251
[2024-05-30T11:37:13.001+0000][3772.421s][info][gc,heap     ] GC(652) Archive regions: 2->2
[2024-05-30T11:37:13.001+0000][3772.421s][info][gc,heap     ] GC(652) Humongous regions: 5->5
[2024-05-30T11:37:13.001+0000][3772.421s][info][gc,metaspace] GC(652) Metaspace: 413214K(419264K)->413214K(419264K) NonClass: 361215K(364608K)->361215K(364608K) Class: 51999K(54656K)->51999K(54656K)
[2024-05-30T11:37:13.001+0000][3772.421s][info][gc          ] GC(652) Pause Young (Normal) (G1 Evacuation Pause) 9419M->2199M(12288M) 47.639ms
[2024-05-30T11:37:13.002+0000][3772.421s][info][gc,cpu      ] GC(652) User=0.28s Sys=0.00s Real=0.05s
[2024-05-30T11:37:22.823+0000][3782.242s][info][gc,start    ] GC(653) Pause Young (Normal) (G1 Evacuation Pause)
[2024-05-30T11:37:22.823+0000][3782.242s][info][gc,task     ] GC(653) Using 6 workers of 6 for evacuation
[2024-05-30T11:37:22.878+0000][3782.298s][info][gc,phases   ] GC(653)   Pre Evacuate Collection Set: 0.2ms
[2024-05-30T11:37:22.878+0000][3782.298s][info][gc,phases   ] GC(653)   Merge Heap Roots: 0.3ms
[2024-05-30T11:37:22.878+0000][3782.298s][info][gc,phases   ] GC(653)   Evacuate Collection Set: 52.5ms
[2024-05-30T11:37:22.878+0000][3782.298s][info][gc,phases   ] GC(653)   Post Evacuate Collection Set: 2.5ms
[2024-05-30T11:37:22.878+0000][3782.298s][info][gc,phases   ] GC(653)   Other: 0.3ms
[2024-05-30T11:37:22.878+0000][3782.298s][info][gc,heap     ] GC(653) Eden regions: 902->0(899)
[2024-05-30T11:37:22.878+0000][3782.298s][info][gc,heap     ] GC(653) Survivor regions: 19->22(116)
[2024-05-30T11:37:22.878+0000][3782.298s][info][gc,heap     ] GC(653) Old regions: 251->251
[2024-05-30T11:37:22.878+0000][3782.298s][info][gc,heap     ] GC(653) Archive regions: 2->2
[2024-05-30T11:37:22.878+0000][3782.298s][info][gc,heap     ] GC(653) Humongous regions: 5->5
[2024-05-30T11:37:22.878+0000][3782.298s][info][gc,metaspace] GC(653) Metaspace: 413218K(419264K)->413218K(419264K) NonClass: 361219K(364608K)->361219K(364608K) Class: 51999K(54656K)->51999K(54656K)
[2024-05-30T11:37:22.878+0000][3782.298s][info][gc          ] GC(653) Pause Young (Normal) (G1 Evacuation Pause) 9415M->2223M(12288M) 55.854ms
[2024-05-30T11:37:22.878+0000][3782.298s][info][gc,cpu      ] GC(653) User=0.33s Sys=0.00s Real=0.06s
[2024-05-30T11:37:32.537+0000][3791.957s][info][gc,start    ] GC(654) Pause Young (Normal) (G1 Evacuation Pause)
[2024-05-30T11:37:32.537+0000][3791.957s][info][gc,task     ] GC(654) Using 6 workers of 6 for evacuation
[2024-05-30T11:37:32.594+0000][3792.013s][info][gc,phases   ] GC(654)   Pre Evacuate Collection Set: 0.2ms
[2024-05-30T11:37:32.594+0000][3792.013s][info][gc,phases   ] GC(654)   Merge Heap Roots: 0.3ms
[2024-05-30T11:37:32.594+0000][3792.013s][info][gc,phases   ] GC(654)   Evacuate Collection Set: 53.5ms
[2024-05-30T11:37:32.594+0000][3792.013s][info][gc,phases   ] GC(654)   Post Evacuate Collection Set: 2.5ms
[2024-05-30T11:37:32.594+0000][3792.013s][info][gc,phases   ] GC(654)   Other: 0.2ms
[2024-05-30T11:37:32.594+0000][3792.013s][info][gc,heap     ] GC(654) Eden regions: 899->0(898)
[2024-05-30T11:37:32.594+0000][3792.013s][info][gc,heap     ] GC(654) Survivor regions: 22->23(116)
[2024-05-30T11:37:32.594+0000][3792.013s][info][gc,heap     ] GC(654) Old regions: 251->251
[2024-05-30T11:37:32.594+0000][3792.013s][info][gc,heap     ] GC(654) Archive regions: 2->2
[2024-05-30T11:37:32.594+0000][3792.013s][info][gc,heap     ] GC(654) Humongous regions: 5->5
[2024-05-30T11:37:32.594+0000][3792.013s][info][gc,metaspace] GC(654) Metaspace: 413230K(419264K)->413230K(419264K) NonClass: 361231K(364608K)->361231K(364608K) Class: 51999K(54656K)->51999K(54656K)
[2024-05-30T11:37:32.594+0000][3792.013s][info][gc          ] GC(654) Pause Young (Normal) (G1 Evacuation Pause) 9415M->2235M(12288M) 56.754ms
[2024-05-30T11:37:32.594+0000][3792.013s][info][gc,cpu      ] GC(654) User=0.33s Sys=0.00s Real=0.05s
[2024-05-30T11:37:42.396+0000][3801.816s][info][gc,start    ] GC(655) Pause Young (Normal) (G1 Evacuation Pause)
[2024-05-30T11:37:42.396+0000][3801.816s][info][gc,task     ] GC(655) Using 6 workers of 6 for evacuation
[2024-05-30T11:37:42.465+0000][3801.884s][info][gc,phases   ] GC(655)   Pre Evacuate Collection Set: 0.2ms
[2024-05-30T11:37:42.465+0000][3801.884s][info][gc,phases   ] GC(655)   Merge Heap Roots: 0.3ms
[2024-05-30T11:37:42.465+0000][3801.884s][info][gc,phases   ] GC(655)   Evacuate Collection Set: 64.9ms
[2024-05-30T11:37:42.465+0000][3801.884s][info][gc,phases   ] GC(655)   Post Evacuate Collection Set: 2.8ms
[2024-05-30T11:37:42.465+0000][3801.884s][info][gc,phases   ] GC(655)   Other: 0.3ms
[2024-05-30T11:37:42.465+0000][3801.884s][info][gc,heap     ] GC(655) Eden regions: 898->0(896)
[2024-05-30T11:37:42.465+0000][3801.884s][info][gc,heap     ] GC(655) Survivor regions: 23->25(116)
[2024-05-30T11:37:42.465+0000][3801.884s][info][gc,heap     ] GC(655) Old regions: 251->252
[2024-05-30T11:37:42.465+0000][3801.884s][info][gc,heap     ] GC(655) Archive regions: 2->2
[2024-05-30T11:37:42.465+0000][3801.884s][info][gc,heap     ] GC(655) Humongous regions: 5->5
[2024-05-30T11:37:42.465+0000][3801.884s][info][gc,metaspace] GC(655) Metaspace: 413235K(419264K)->413235K(419264K) NonClass: 361236K(364608K)->361236K(364608K) Class: 51999K(54656K)->51999K(54656K)
[2024-05-30T11:37:42.465+0000][3801.884s][info][gc          ] GC(655) Pause Young (Normal) (G1 Evacuation Pause) 9419M->2251M(12288M) 68.553ms
[2024-05-30T11:37:42.465+0000][3801.884s][info][gc,cpu      ] GC(655) User=0.40s Sys=0.00s Real=0.07s
[2024-05-30T11:37:51.893+0000][3811.312s][info][gc,start    ] GC(656) Pause Young (Normal) (G1 Evacuation Pause)
[2024-05-30T11:37:51.893+0000][3811.312s][info][gc,task     ] GC(656) Using 6 workers of 6 for evacuation
[2024-05-30T11:37:51.953+0000][3811.372s][info][gc,phases   ] GC(656)   Pre Evacuate Collection Set: 0.2ms
[2024-05-30T11:37:51.953+0000][3811.373s][info][gc,phases   ] GC(656)   Merge Heap Roots: 0.3ms
[2024-05-30T11:37:51.953+0000][3811.373s][info][gc,phases   ] GC(656)   Evacuate Collection Set: 57.0ms
[2024-05-30T11:37:51.953+0000][3811.373s][info][gc,phases   ] GC(656)   Post Evacuate Collection Set: 2.5ms
[2024-05-30T11:37:51.953+0000][3811.373s][info][gc,phases   ] GC(656)   Other: 0.2ms
[2024-05-30T11:37:51.953+0000][3811.373s][info][gc,heap     ] GC(656) Eden regions: 896->0(898)
[2024-05-30T11:37:51.953+0000][3811.373s][info][gc,heap     ] GC(656) Survivor regions: 25->23(116)
[2024-05-30T11:37:51.953+0000][3811.373s][info][gc,heap     ] GC(656) Old regions: 252->252
[2024-05-30T11:37:51.953+0000][3811.373s][info][gc,heap     ] GC(656) Archive regions: 2->2
[2024-05-30T11:37:51.953+0000][3811.373s][info][gc,heap     ] GC(656) Humongous regions: 5->5
[2024-05-30T11:37:51.953+0000][3811.373s][info][gc,metaspace] GC(656) Metaspace: 413237K(419264K)->413237K(419264K) NonClass: 361238K(364608K)->361238K(364608K) Class: 51999K(54656K)->51999K(54656K)
[2024-05-30T11:37:51.953+0000][3811.373s][info][gc          ] GC(656) Pause Young (Normal) (G1 Evacuation Pause) 9419M->2240M(12288M) 60.240ms
[2024-05-30T11:37:51.953+0000][3811.373s][info][gc,cpu      ] GC(656) User=0.35s Sys=0.00s Real=0.06s
[2024-05-30T11:38:01.754+0000][3821.174s][info][gc,start    ] GC(657) Pause Young (Normal) (G1 Evacuation Pause)
[2024-05-30T11:38:01.754+0000][3821.174s][info][gc,task     ] GC(657) Using 6 workers of 6 for evacuation
[2024-05-30T11:38:01.816+0000][3821.235s][info][gc,phases   ] GC(657)   Pre Evacuate Collection Set: 0.2ms
[2024-05-30T11:38:01.816+0000][3821.235s][info][gc,phases   ] GC(657)   Merge Heap Roots: 0.3ms
[2024-05-30T11:38:01.816+0000][3821.235s][info][gc,phases   ] GC(657)   Evacuate Collection Set: 58.7ms
[2024-05-30T11:38:01.816+0000][3821.235s][info][gc,phases   ] GC(657)   Post Evacuate Collection Set: 2.4ms
[2024-05-30T11:38:01.816+0000][3821.235s][info][gc,phases   ] GC(657)   Other: 0.2ms
[2024-05-30T11:38:01.816+0000][3821.235s][info][gc,heap     ] GC(657) Eden regions: 898->0(895)
[2024-05-30T11:38:01.816+0000][3821.235s][info][gc,heap     ] GC(657) Survivor regions: 23->26(116)
[2024-05-30T11:38:01.816+0000][3821.235s][info][gc,heap     ] GC(657) Old regions: 252->252
[2024-05-30T11:38:01.816+0000][3821.235s][info][gc,heap     ] GC(657) Archive regions: 2->2
[2024-05-30T11:38:01.816+0000][3821.235s][info][gc,heap     ] GC(657) Humongous regions: 5->5
[2024-05-30T11:38:01.816+0000][3821.235s][info][gc,metaspace] GC(657) Metaspace: 413240K(419264K)->413240K(419264K) NonClass: 361241K(364608K)->361241K(364608K) Class: 51999K(54656K)->51999K(54656K)
[2024-05-30T11:38:01.816+0000][3821.236s][info][gc          ] GC(657) Pause Young (Normal) (G1 Evacuation Pause) 9424M->2261M(12288M) 61.932ms
[2024-05-30T11:38:01.816+0000][3821.236s][info][gc,cpu      ] GC(657) User=0.37s Sys=0.00s Real=0.07s
[2024-05-30T11:38:11.369+0000][3830.788s][info][gc,start    ] GC(658) Pause Young (Normal) (G1 Evacuation Pause)
[2024-05-30T11:38:11.369+0000][3830.788s][info][gc,task     ] GC(658) Using 6 workers of 6 for evacuation
[2024-05-30T11:38:11.431+0000][3830.851s][info][gc,phases   ] GC(658)   Pre Evacuate Collection Set: 0.2ms
[2024-05-30T11:38:11.431+0000][3830.851s][info][gc,phases   ] GC(658)   Merge Heap Roots: 0.3ms
[2024-05-30T11:38:11.431+0000][3830.851s][info][gc,phases   ] GC(658)   Evacuate Collection Set: 59.3ms
[2024-05-30T11:38:11.431+0000][3830.851s][info][gc,phases   ] GC(658)   Post Evacuate Collection Set: 2.4ms
[2024-05-30T11:38:11.431+0000][3830.851s][info][gc,phases   ] GC(658)   Other: 0.2ms
[2024-05-30T11:38:11.431+0000][3830.851s][info][gc,heap     ] GC(658) Eden regions: 895->0(896)
[2024-05-30T11:38:11.431+0000][3830.851s][info][gc,heap     ] GC(658) Survivor regions: 26->25(116)
[2024-05-30T11:38:11.431+0000][3830.851s][info][gc,heap     ] GC(658) Old regions: 252->252
[2024-05-30T11:38:11.431+0000][3830.851s][info][gc,heap     ] GC(658) Archive regions: 2->2
[2024-05-30T11:38:11.431+0000][3830.851s][info][gc,heap     ] GC(658) Humongous regions: 5->5
[2024-05-30T11:38:11.431+0000][3830.851s][info][gc,metaspace] GC(658) Metaspace: 413240K(419264K)->413240K(419264K) NonClass: 361241K(364608K)->361241K(364608K) Class: 51999K(54656K)->51999K(54656K)
[2024-05-30T11:38:11.431+0000][3830.851s][info][gc          ] GC(658) Pause Young (Normal) (G1 Evacuation Pause) 9421M->2257M(12288M) 62.420ms
[2024-05-30T11:38:11.431+0000][3830.851s][info][gc,cpu      ] GC(658) User=0.37s Sys=0.00s Real=0.06s
[2024-05-30T11:38:21.248+0000][3840.667s][info][gc,start    ] GC(659) Pause Young (Normal) (G1 Evacuation Pause)
[2024-05-30T11:38:21.248+0000][3840.667s][info][gc,task     ] GC(659) Using 6 workers of 6 for evacuation
[2024-05-30T11:38:21.311+0000][3840.731s][info][gc,phases   ] GC(659)   Pre Evacuate Collection Set: 0.2ms
[2024-05-30T11:38:21.311+0000][3840.731s][info][gc,phases   ] GC(659)   Merge Heap Roots: 0.3ms
[2024-05-30T11:38:21.311+0000][3840.731s][info][gc,phases   ] GC(659)   Evacuate Collection Set: 60.5ms
[2024-05-30T11:38:21.311+0000][3840.731s][info][gc,phases   ] GC(659)   Post Evacuate Collection Set: 2.3ms
[2024-05-30T11:38:21.311+0000][3840.731s][info][gc,phases   ] GC(659)   Other: 0.2ms
[2024-05-30T11:38:21.311+0000][3840.731s][info][gc,heap     ] GC(659) Eden regions: 896->0(895)
[2024-05-30T11:38:21.311+0000][3840.731s][info][gc,heap     ] GC(659) Survivor regions: 25->26(116)
[2024-05-30T11:38:21.311+0000][3840.731s][info][gc,heap     ] GC(659) Old regions: 252->253
[2024-05-30T11:38:21.311+0000][3840.731s][info][gc,heap     ] GC(659) Archive regions: 2->2
[2024-05-30T11:38:21.312+0000][3840.731s][info][gc,heap     ] GC(659) Humongous regions: 5->5
[2024-05-30T11:38:21.312+0000][3840.731s][info][gc,metaspace] GC(659) Metaspace: 413249K(419264K)->413249K(419264K) NonClass: 361250K(364608K)->361250K(364608K) Class: 51999K(54656K)->51999K(54656K)
[2024-05-30T11:38:21.312+0000][3840.731s][info][gc          ] GC(659) Pause Young (Normal) (G1 Evacuation Pause) 9425M->2270M(12288M) 63.642ms
[2024-05-30T11:38:21.312+0000][3840.731s][info][gc,cpu      ] GC(659) User=0.38s Sys=0.00s Real=0.07s
[2024-05-30T11:38:30.997+0000][3850.416s][info][gc,start    ] GC(660) Pause Young (Normal) (G1 Evacuation Pause)
[2024-05-30T11:38:30.997+0000][3850.416s][info][gc,task     ] GC(660) Using 6 workers of 6 for evacuation
[2024-05-30T11:38:31.061+0000][3850.480s][info][gc,phases   ] GC(660)   Pre Evacuate Collection Set: 0.2ms
[2024-05-30T11:38:31.061+0000][3850.480s][info][gc,phases   ] GC(660)   Merge Heap Roots: 0.3ms
[2024-05-30T11:38:31.061+0000][3850.480s][info][gc,phases   ] GC(660)   Evacuate Collection Set: 60.8ms
[2024-05-30T11:38:31.061+0000][3850.480s][info][gc,phases   ] GC(660)   Post Evacuate Collection Set: 2.5ms
[2024-05-30T11:38:31.061+0000][3850.480s][info][gc,phases   ] GC(660)   Other: 0.3ms
[2024-05-30T11:38:31.061+0000][3850.480s][info][gc,heap     ] GC(660) Eden regions: 895->0(897)
[2024-05-30T11:38:31.061+0000][3850.480s][info][gc,heap     ] GC(660) Survivor regions: 26->24(116)
[2024-05-30T11:38:31.061+0000][3850.480s][info][gc,heap     ] GC(660) Old regions: 253->254
[2024-05-30T11:38:31.061+0000][3850.480s][info][gc,heap     ] GC(660) Archive regions: 2->2
[2024-05-30T11:38:31.061+0000][3850.480s][info][gc,heap     ] GC(660) Humongous regions: 5->5
[2024-05-30T11:38:31.061+0000][3850.480s][info][gc,metaspace] GC(660) Metaspace: 413264K(419264K)->413264K(419264K) NonClass: 361265K(364608K)->361265K(364608K) Class: 51999K(54656K)->51999K(54656K)
[2024-05-30T11:38:31.061+0000][3850.480s][info][gc          ] GC(660) Pause Young (Normal) (G1 Evacuation Pause) 9430M->2262M(12288M) 64.060ms
[2024-05-30T11:38:31.061+0000][3850.480s][info][gc,cpu      ] GC(660) User=0.38s Sys=0.00s Real=0.06s
[2024-05-30T11:38:41.006+0000][3860.425s][info][gc,start    ] GC(661) Pause Young (Normal) (G1 Evacuation Pause)
[2024-05-30T11:38:41.006+0000][3860.425s][info][gc,task     ] GC(661) Using 6 workers of 6 for evacuation
[2024-05-30T11:38:41.074+0000][3860.493s][info][gc,phases   ] GC(661)   Pre Evacuate Collection Set: 0.2ms
[2024-05-30T11:38:41.074+0000][3860.493s][info][gc,phases   ] GC(661)   Merge Heap Roots: 0.3ms
[2024-05-30T11:38:41.074+0000][3860.493s][info][gc,phases   ] GC(661)   Evacuate Collection Set: 65.2ms
[2024-05-30T11:38:41.074+0000][3860.493s][info][gc,phases   ] GC(661)   Post Evacuate Collection Set: 2.4ms
[2024-05-30T11:38:41.074+0000][3860.493s][info][gc,phases   ] GC(661)   Other: 0.2ms
[2024-05-30T11:38:41.074+0000][3860.493s][info][gc,heap     ] GC(661) Eden regions: 897->0(896)
[2024-05-30T11:38:41.074+0000][3860.493s][info][gc,heap     ] GC(661) Survivor regions: 24->25(116)
[2024-05-30T11:38:41.074+0000][3860.493s][info][gc,heap     ] GC(661) Old regions: 254->255
[2024-05-30T11:38:41.074+0000][3860.493s][info][gc,heap     ] GC(661) Archive regions: 2->2
[2024-05-30T11:38:41.074+0000][3860.493s][info][gc,heap     ] GC(661) Humongous regions: 5->5
[2024-05-30T11:38:41.074+0000][3860.493s][info][gc,metaspace] GC(661) Metaspace: 413272K(419264K)->413272K(419264K) NonClass: 361273K(364608K)->361273K(364608K) Class: 51999K(54656K)->51999K(54656K)
[2024-05-30T11:38:41.074+0000][3860.493s][info][gc          ] GC(661) Pause Young (Normal) (G1 Evacuation Pause) 9438M->2282M(12288M) 68.291ms
[2024-05-30T11:38:41.074+0000][3860.493s][info][gc,cpu      ] GC(661) User=0.41s Sys=0.00s Real=0.07s
[2024-05-30T11:38:45.977+0000][3865.397s][info][gc,start    ] GC(662) Pause Young (Normal) (G1 Evacuation Pause)
[2024-05-30T11:38:45.977+0000][3865.397s][info][gc,task     ] GC(662) Using 6 workers of 6 for evacuation
[2024-05-30T11:38:46.089+0000][3865.509s][info][gc,phases   ] GC(662)   Pre Evacuate Collection Set: 0.2ms
[2024-05-30T11:38:46.089+0000][3865.509s][info][gc,phases   ] GC(662)   Merge Heap Roots: 0.2ms
[2024-05-30T11:38:46.089+0000][3865.509s][info][gc,phases   ] GC(662)   Evacuate Collection Set: 95.9ms
[2024-05-30T11:38:46.089+0000][3865.509s][info][gc,phases   ] GC(662)   Post Evacuate Collection Set: 15.5ms
[2024-05-30T11:38:46.089+0000][3865.509s][info][gc,phases   ] GC(662)   Other: 0.2ms
[2024-05-30T11:38:46.089+0000][3865.509s][info][gc,heap     ] GC(662) Eden regions: 896->0(893)
[2024-05-30T11:38:46.089+0000][3865.509s][info][gc,heap     ] GC(662) Survivor regions: 25->28(116)
[2024-05-30T11:38:46.089+0000][3865.509s][info][gc,heap     ] GC(662) Old regions: 255->256
[2024-05-30T11:38:46.089+0000][3865.509s][info][gc,heap     ] GC(662) Archive regions: 2->2
[2024-05-30T11:38:46.089+0000][3865.509s][info][gc,heap     ] GC(662) Humongous regions: 5->5
[2024-05-30T11:38:46.089+0000][3865.509s][info][gc,metaspace] GC(662) Metaspace: 413274K(419264K)->413274K(419264K) NonClass: 361275K(364608K)->361275K(364608K) Class: 51999K(54656K)->51999K(54656K)
[2024-05-30T11:38:46.089+0000][3865.509s][info][gc          ] GC(662) Pause Young (Normal) (G1 Evacuation Pause) 9450M->2305M(12288M) 112.030ms
[2024-05-30T11:38:46.089+0000][3865.509s][info][gc,cpu      ] GC(662) User=0.66s Sys=0.00s Real=0.11s
[2024-05-30T11:38:48.839+0000][3868.259s][info][gc,start    ] GC(663) Pause Young (Normal) (G1 Evacuation Pause)
[2024-05-30T11:38:48.839+0000][3868.259s][info][gc,task     ] GC(663) Using 6 workers of 6 for evacuation
[2024-05-30T11:38:48.965+0000][3868.384s][info][gc,phases   ] GC(663)   Pre Evacuate Collection Set: 0.2ms
[2024-05-30T11:38:48.965+0000][3868.384s][info][gc,phases   ] GC(663)   Merge Heap Roots: 0.3ms
[2024-05-30T11:38:48.965+0000][3868.384s][info][gc,phases   ] GC(663)   Evacuate Collection Set: 106.1ms
[2024-05-30T11:38:48.965+0000][3868.384s][info][gc,phases   ] GC(663)   Post Evacuate Collection Set: 19.0ms
[2024-05-30T11:38:48.965+0000][3868.384s][info][gc,phases   ] GC(663)   Other: 0.2ms
[2024-05-30T11:38:48.965+0000][3868.384s][info][gc,heap     ] GC(663) Eden regions: 893->0(890)
[2024-05-30T11:38:48.965+0000][3868.384s][info][gc,heap     ] GC(663) Survivor regions: 28->31(116)
[2024-05-30T11:38:48.965+0000][3868.384s][info][gc,heap     ] GC(663) Old regions: 256->256
[2024-05-30T11:38:48.965+0000][3868.384s][info][gc,heap     ] GC(663) Archive regions: 2->2
[2024-05-30T11:38:48.965+0000][3868.384s][info][gc,heap     ] GC(663) Humongous regions: 5->5
[2024-05-30T11:38:48.965+0000][3868.384s][info][gc,metaspace] GC(663) Metaspace: 413277K(419264K)->413277K(419264K) NonClass: 361278K(364608K)->361278K(364608K) Class: 51999K(54656K)->51999K(54656K)
[2024-05-30T11:38:48.965+0000][3868.384s][info][gc          ] GC(663) Pause Young (Normal) (G1 Evacuation Pause) 9449M->2335M(12288M) 125.904ms
[2024-05-30T11:38:48.965+0000][3868.385s][info][gc,cpu      ] GC(663) User=0.73s Sys=0.00s Real=0.12s
[2024-05-30T11:38:51.662+0000][3871.081s][info][gc,start    ] GC(664) Pause Young (Normal) (G1 Evacuation Pause)
[2024-05-30T11:38:51.662+0000][3871.081s][info][gc,task     ] GC(664) Using 6 workers of 6 for evacuation
[2024-05-30T11:38:51.813+0000][3871.232s][info][gc,phases   ] GC(664)   Pre Evacuate Collection Set: 0.2ms
[2024-05-30T11:38:51.813+0000][3871.232s][info][gc,phases   ] GC(664)   Merge Heap Roots: 0.3ms
[2024-05-30T11:38:51.813+0000][3871.232s][info][gc,phases   ] GC(664)   Evacuate Collection Set: 125.5ms
[2024-05-30T11:38:51.813+0000][3871.232s][info][gc,phases   ] GC(664)   Post Evacuate Collection Set: 25.4ms
[2024-05-30T11:38:51.813+0000][3871.232s][info][gc,phases   ] GC(664)   Other: 0.2ms
[2024-05-30T11:38:51.813+0000][3871.232s][info][gc,heap     ] GC(664) Eden regions: 890->0(887)
[2024-05-30T11:38:51.813+0000][3871.232s][info][gc,heap     ] GC(664) Survivor regions: 31->34(116)
[2024-05-30T11:38:51.813+0000][3871.233s][info][gc,heap     ] GC(664) Old regions: 256->257
[2024-05-30T11:38:51.813+0000][3871.233s][info][gc,heap     ] GC(664) Archive regions: 2->2
[2024-05-30T11:38:51.813+0000][3871.233s][info][gc,heap     ] GC(664) Humongous regions: 5->5
[2024-05-30T11:38:51.813+0000][3871.233s][info][gc,metaspace] GC(664) Metaspace: 413303K(419328K)->413303K(419328K) NonClass: 361304K(364672K)->361304K(364672K) Class: 51999K(54656K)->51999K(54656K)
[2024-05-30T11:38:51.813+0000][3871.233s][info][gc          ] GC(664) Pause Young (Normal) (G1 Evacuation Pause) 9455M->2370M(12288M) 151.698ms
[2024-05-30T11:38:51.813+0000][3871.233s][info][gc,cpu      ] GC(664) User=0.89s Sys=0.00s Real=0.15s
[2024-05-30T11:38:54.458+0000][3873.877s][info][gc,start    ] GC(665) Pause Young (Normal) (G1 Evacuation Pause)
[2024-05-30T11:38:54.458+0000][3873.877s][info][gc,task     ] GC(665) Using 6 workers of 6 for evacuation
[2024-05-30T11:38:54.637+0000][3874.057s][info][gc,phases   ] GC(665)   Pre Evacuate Collection Set: 0.2ms
[2024-05-30T11:38:54.637+0000][3874.057s][info][gc,phases   ] GC(665)   Merge Heap Roots: 0.4ms
[2024-05-30T11:38:54.637+0000][3874.057s][info][gc,phases   ] GC(665)   Evacuate Collection Set: 149.3ms
[2024-05-30T11:38:54.637+0000][3874.057s][info][gc,phases   ] GC(665)   Post Evacuate Collection Set: 29.6ms
[2024-05-30T11:38:54.637+0000][3874.057s][info][gc,phases   ] GC(665)   Other: 0.2ms
[2024-05-30T11:38:54.637+0000][3874.057s][info][gc,heap     ] GC(665) Eden regions: 887->0(882)
[2024-05-30T11:38:54.637+0000][3874.057s][info][gc,heap     ] GC(665) Survivor regions: 34->39(116)
[2024-05-30T11:38:54.637+0000][3874.057s][info][gc,heap     ] GC(665) Old regions: 257->259
[2024-05-30T11:38:54.637+0000][3874.057s][info][gc,heap     ] GC(665) Archive regions: 2->2
[2024-05-30T11:38:54.637+0000][3874.057s][info][gc,heap     ] GC(665) Humongous regions: 5->5
[2024-05-30T11:38:54.637+0000][3874.057s][info][gc,metaspace] GC(665) Metaspace: 413304K(419328K)->413304K(419328K) NonClass: 361305K(364672K)->361305K(364672K) Class: 51999K(54656K)->51999K(54656K)
[2024-05-30T11:38:54.637+0000][3874.057s][info][gc          ] GC(665) Pause Young (Normal) (G1 Evacuation Pause) 9466M->2417M(12288M) 179.755ms
[2024-05-30T11:38:54.637+0000][3874.057s][info][gc,cpu      ] GC(665) User=1.05s Sys=0.00s Real=0.18s
[2024-05-30T11:38:57.171+0000][3876.590s][info][gc,start    ] GC(666) Pause Young (Normal) (G1 Evacuation Pause)
[2024-05-30T11:38:57.171+0000][3876.590s][info][gc,task     ] GC(666) Using 6 workers of 6 for evacuation
[2024-05-30T11:38:57.362+0000][3876.782s][info][gc,phases   ] GC(666)   Pre Evacuate Collection Set: 0.2ms
[2024-05-30T11:38:57.362+0000][3876.782s][info][gc,phases   ] GC(666)   Merge Heap Roots: 0.4ms
[2024-05-30T11:38:57.362+0000][3876.782s][info][gc,phases   ] GC(666)   Evacuate Collection Set: 161.8ms
[2024-05-30T11:38:57.362+0000][3876.782s][info][gc,phases   ] GC(666)   Post Evacuate Collection Set: 29.0ms
[2024-05-30T11:38:57.363+0000][3876.782s][info][gc,phases   ] GC(666)   Other: 0.2ms
[2024-05-30T11:38:57.363+0000][3876.782s][info][gc,heap     ] GC(666) Eden regions: 882->0(878)
[2024-05-30T11:38:57.363+0000][3876.782s][info][gc,heap     ] GC(666) Survivor regions: 39->42(116)
[2024-05-30T11:38:57.363+0000][3876.782s][info][gc,heap     ] GC(666) Old regions: 259->259
[2024-05-30T11:38:57.363+0000][3876.782s][info][gc,heap     ] GC(666) Archive regions: 2->2
[2024-05-30T11:38:57.363+0000][3876.782s][info][gc,heap     ] GC(666) Humongous regions: 5->5
[2024-05-30T11:38:57.363+0000][3876.782s][info][gc,metaspace] GC(666) Metaspace: 413304K(419328K)->413304K(419328K) NonClass: 361305K(364672K)->361305K(364672K) Class: 51999K(54656K)->51999K(54656K)
[2024-05-30T11:38:57.363+0000][3876.782s][info][gc          ] GC(666) Pause Young (Normal) (G1 Evacuation Pause) 9473M->2448M(12288M) 191.707ms
[2024-05-30T11:38:57.363+0000][3876.782s][info][gc,cpu      ] GC(666) User=1.12s Sys=0.00s Real=0.19s
[2024-05-30T11:38:59.936+0000][3879.356s][info][gc,start    ] GC(667) Pause Young (Normal) (G1 Evacuation Pause)
[2024-05-30T11:38:59.936+0000][3879.356s][info][gc,task     ] GC(667) Using 6 workers of 6 for evacuation
[2024-05-30T11:39:00.133+0000][3879.552s][info][gc,phases   ] GC(667)   Pre Evacuate Collection Set: 0.2ms
[2024-05-30T11:39:00.133+0000][3879.552s][info][gc,phases   ] GC(667)   Merge Heap Roots: 0.5ms
[2024-05-30T11:39:00.133+0000][3879.552s][info][gc,phases   ] GC(667)   Evacuate Collection Set: 168.6ms
[2024-05-30T11:39:00.133+0000][3879.552s][info][gc,phases   ] GC(667)   Post Evacuate Collection Set: 26.7ms
[2024-05-30T11:39:00.133+0000][3879.552s][info][gc,phases   ] GC(667)   Other: 0.2ms
[2024-05-30T11:39:00.133+0000][3879.552s][info][gc,heap     ] GC(667) Eden regions: 878->0(801)
[2024-05-30T11:39:00.133+0000][3879.552s][info][gc,heap     ] GC(667) Survivor regions: 42->45(115)
[2024-05-30T11:39:00.133+0000][3879.552s][info][gc,heap     ] GC(667) Old regions: 259->260
[2024-05-30T11:39:00.133+0000][3879.552s][info][gc,heap     ] GC(667) Archive regions: 2->2
[2024-05-30T11:39:00.133+0000][3879.552s][info][gc,heap     ] GC(667) Humongous regions: 5->5
[2024-05-30T11:39:00.133+0000][3879.552s][info][gc,metaspace] GC(667) Metaspace: 413305K(419328K)->413305K(419328K) NonClass: 361306K(364672K)->361306K(364672K) Class: 51999K(54656K)->51999K(54656K)
[2024-05-30T11:39:00.133+0000][3879.552s][info][gc          ] GC(667) Pause Young (Normal) (G1 Evacuation Pause) 9472M->2480M(12288M) 196.248ms
[2024-05-30T11:39:00.133+0000][3879.552s][info][gc,cpu      ] GC(667) User=1.15s Sys=0.00s Real=0.19s
[2024-05-30T11:39:02.445+0000][3881.864s][info][gc,start    ] GC(668) Pause Young (Normal) (G1 Evacuation Pause)
[2024-05-30T11:39:02.445+0000][3881.864s][info][gc,task     ] GC(668) Using 6 workers of 6 for evacuation
[2024-05-30T11:39:02.640+0000][3882.059s][info][gc,phases   ] GC(668)   Pre Evacuate Collection Set: 0.2ms
[2024-05-30T11:39:02.640+0000][3882.059s][info][gc,phases   ] GC(668)   Merge Heap Roots: 0.4ms
[2024-05-30T11:39:02.640+0000][3882.059s][info][gc,phases   ] GC(668)   Evacuate Collection Set: 170.4ms
[2024-05-30T11:39:02.640+0000][3882.059s][info][gc,phases   ] GC(668)   Post Evacuate Collection Set: 24.0ms
[2024-05-30T11:39:02.640+0000][3882.059s][info][gc,phases   ] GC(668)   Other: 0.2ms
[2024-05-30T11:39:02.640+0000][3882.059s][info][gc,heap     ] GC(668) Eden regions: 797->0(637)
[2024-05-30T11:39:02.640+0000][3882.059s][info][gc,heap     ] GC(668) Survivor regions: 45->47(106)
[2024-05-30T11:39:02.640+0000][3882.059s][info][gc,heap     ] GC(668) Old regions: 260->261
[2024-05-30T11:39:02.640+0000][3882.059s][info][gc,heap     ] GC(668) Archive regions: 2->2
[2024-05-30T11:39:02.640+0000][3882.059s][info][gc,heap     ] GC(668) Humongous regions: 5->5
[2024-05-30T11:39:02.640+0000][3882.059s][info][gc,metaspace] GC(668) Metaspace: 413307K(419328K)->413307K(419328K) NonClass: 361308K(364672K)->361308K(364672K) Class: 51999K(54656K)->51999K(54656K)
[2024-05-30T11:39:02.640+0000][3882.059s][info][gc          ] GC(668) Pause Young (Normal) (G1 Evacuation Pause) 8856M->2508M(12288M) 195.325ms
[2024-05-30T11:39:02.640+0000][3882.059s][info][gc,cpu      ] GC(668) User=1.15s Sys=0.00s Real=0.20s
[2024-05-30T11:39:04.494+0000][3883.913s][info][gc,start    ] GC(669) Pause Young (Normal) (G1 Evacuation Pause)
[2024-05-30T11:39:04.494+0000][3883.913s][info][gc,task     ] GC(669) Using 6 workers of 6 for evacuation
[2024-05-30T11:39:04.681+0000][3884.100s][info][gc,phases   ] GC(669)   Pre Evacuate Collection Set: 0.2ms
[2024-05-30T11:39:04.681+0000][3884.100s][info][gc,phases   ] GC(669)   Merge Heap Roots: 0.4ms
[2024-05-30T11:39:04.681+0000][3884.100s][info][gc,phases   ] GC(669)   Evacuate Collection Set: 169.0ms
[2024-05-30T11:39:04.681+0000][3884.100s][info][gc,phases   ] GC(669)   Post Evacuate Collection Set: 17.3ms
[2024-05-30T11:39:04.681+0000][3884.100s][info][gc,phases   ] GC(669)   Other: 0.2ms
[2024-05-30T11:39:04.681+0000][3884.100s][info][gc,heap     ] GC(669) Eden regions: 637->0(864)
[2024-05-30T11:39:04.681+0000][3884.100s][info][gc,heap     ] GC(669) Survivor regions: 47->46(86)
[2024-05-30T11:39:04.681+0000][3884.100s][info][gc,heap     ] GC(669) Old regions: 261->265
[2024-05-30T11:39:04.681+0000][3884.100s][info][gc,heap     ] GC(669) Archive regions: 2->2
[2024-05-30T11:39:04.681+0000][3884.100s][info][gc,heap     ] GC(669) Humongous regions: 5->5
[2024-05-30T11:39:04.681+0000][3884.100s][info][gc,metaspace] GC(669) Metaspace: 413307K(419328K)->413307K(419328K) NonClass: 361308K(364672K)->361308K(364672K) Class: 51999K(54656K)->51999K(54656K)
[2024-05-30T11:39:04.681+0000][3884.100s][info][gc          ] GC(669) Pause Young (Normal) (G1 Evacuation Pause) 7604M->2526M(12288M) 187.162ms
[2024-05-30T11:39:04.681+0000][3884.100s][info][gc,cpu      ] GC(669) User=1.11s Sys=0.00s Real=0.19s
[2024-05-30T11:39:12.790+0000][3892.209s][info][gc,start    ] GC(670) Pause Young (Normal) (G1 Evacuation Pause)
[2024-05-30T11:39:12.790+0000][3892.210s][info][gc,task     ] GC(670) Using 6 workers of 6 for evacuation
[2024-05-30T11:39:12.930+0000][3892.349s][info][gc,phases   ] GC(670)   Pre Evacuate Collection Set: 0.2ms
[2024-05-30T11:39:12.930+0000][3892.349s][info][gc,phases   ] GC(670)   Merge Heap Roots: 0.4ms
[2024-05-30T11:39:12.930+0000][3892.349s][info][gc,phases   ] GC(670)   Evacuate Collection Set: 132.5ms
[2024-05-30T11:39:12.930+0000][3892.349s][info][gc,phases   ] GC(670)   Post Evacuate Collection Set: 6.1ms
[2024-05-30T11:39:12.930+0000][3892.349s][info][gc,phases   ] GC(670)   Other: 0.3ms
[2024-05-30T11:39:12.930+0000][3892.349s][info][gc,heap     ] GC(670) Eden regions: 864->0(870)
[2024-05-30T11:39:12.930+0000][3892.349s][info][gc,heap     ] GC(670) Survivor regions: 46->43(114)
[2024-05-30T11:39:12.930+0000][3892.349s][info][gc,heap     ] GC(670) Old regions: 265->265
[2024-05-30T11:39:12.930+0000][3892.349s][info][gc,heap     ] GC(670) Archive regions: 2->2
[2024-05-30T11:39:12.930+0000][3892.349s][info][gc,heap     ] GC(670) Humongous regions: 5->5
[2024-05-30T11:39:12.930+0000][3892.349s][info][gc,metaspace] GC(670) Metaspace: 413319K(419328K)->413319K(419328K) NonClass: 361319K(364672K)->361319K(364672K) Class: 51999K(54656K)->51999K(54656K)
[2024-05-30T11:39:12.930+0000][3892.349s][info][gc          ] GC(670) Pause Young (Normal) (G1 Evacuation Pause) 9438M->2498M(12288M) 139.426ms
[2024-05-30T11:39:12.930+0000][3892.349s][info][gc,cpu      ] GC(670) User=0.83s Sys=0.00s Real=0.14s
[2024-05-30T11:39:22.596+0000][3902.015s][info][gc,start    ] GC(671) Pause Young (Normal) (G1 Evacuation Pause)
[2024-05-30T11:39:22.596+0000][3902.015s][info][gc,task     ] GC(671) Using 6 workers of 6 for evacuation
[2024-05-30T11:39:22.730+0000][3902.150s][info][gc,phases   ] GC(671)   Pre Evacuate Collection Set: 0.2ms
[2024-05-30T11:39:22.730+0000][3902.150s][info][gc,phases   ] GC(671)   Merge Heap Roots: 0.4ms
[2024-05-30T11:39:22.730+0000][3902.150s][info][gc,phases   ] GC(671)   Evacuate Collection Set: 131.6ms
[2024-05-30T11:39:22.730+0000][3902.150s][info][gc,phases   ] GC(671)   Post Evacuate Collection Set: 2.6ms
[2024-05-30T11:39:22.730+0000][3902.150s][info][gc,phases   ] GC(671)   Other: 0.2ms
[2024-05-30T11:39:22.730+0000][3902.150s][info][gc,heap     ] GC(671) Eden regions: 870->0(864)
[2024-05-30T11:39:22.731+0000][3902.150s][info][gc,heap     ] GC(671) Survivor regions: 43->46(115)
[2024-05-30T11:39:22.731+0000][3902.150s][info][gc,heap     ] GC(671) Old regions: 265->265
[2024-05-30T11:39:22.731+0000][3902.150s][info][gc,heap     ] GC(671) Archive regions: 2->2
[2024-05-30T11:39:22.731+0000][3902.150s][info][gc,heap     ] GC(671) Humongous regions: 5->5
[2024-05-30T11:39:22.731+0000][3902.150s][info][gc,metaspace] GC(671) Metaspace: 413330K(419328K)->413330K(419328K) NonClass: 361330K(364672K)->361330K(364672K) Class: 51999K(54656K)->51999K(54656K)
[2024-05-30T11:39:22.731+0000][3902.150s][info][gc          ] GC(671) Pause Young (Normal) (G1 Evacuation Pause) 9458M->2526M(12288M) 135.045ms
[2024-05-30T11:39:22.731+0000][3902.150s][info][gc,cpu      ] GC(671) User=0.80s Sys=0.00s Real=0.14s
[2024-05-30T11:39:32.183+0000][3911.602s][info][gc,start    ] GC(672) Pause Young (Normal) (G1 Evacuation Pause)
[2024-05-30T11:39:32.183+0000][3911.602s][info][gc,task     ] GC(672) Using 6 workers of 6 for evacuation
[2024-05-30T11:39:32.328+0000][3911.747s][info][gc,phases   ] GC(672)   Pre Evacuate Collection Set: 0.2ms
[2024-05-30T11:39:32.328+0000][3911.747s][info][gc,phases   ] GC(672)   Merge Heap Roots: 0.3ms
[2024-05-30T11:39:32.328+0000][3911.747s][info][gc,phases   ] GC(672)   Evacuate Collection Set: 140.7ms
[2024-05-30T11:39:32.328+0000][3911.747s][info][gc,phases   ] GC(672)   Post Evacuate Collection Set: 2.9ms
[2024-05-30T11:39:32.328+0000][3911.747s][info][gc,phases   ] GC(672)   Other: 0.2ms
[2024-05-30T11:39:32.328+0000][3911.747s][info][gc,heap     ] GC(672) Eden regions: 864->0(861)
[2024-05-30T11:39:32.328+0000][3911.747s][info][gc,heap     ] GC(672) Survivor regions: 46->47(114)
[2024-05-30T11:39:32.328+0000][3911.747s][info][gc,heap     ] GC(672) Old regions: 265->266
[2024-05-30T11:39:32.328+0000][3911.747s][info][gc,heap     ] GC(672) Archive regions: 2->2
[2024-05-30T11:39:32.328+0000][3911.747s][info][gc,heap     ] GC(672) Humongous regions: 5->5
[2024-05-30T11:39:32.328+0000][3911.747s][info][gc,metaspace] GC(672) Metaspace: 413336K(419328K)->413336K(419328K) NonClass: 361336K(364672K)->361336K(364672K) Class: 52000K(54656K)->52000K(54656K)
[2024-05-30T11:39:32.328+0000][3911.747s][info][gc          ] GC(672) Pause Young (Normal) (G1 Evacuation Pause) 9438M->2542M(12288M) 144.506ms
[2024-05-30T11:39:32.328+0000][3911.747s][info][gc,cpu      ] GC(672) User=0.86s Sys=0.00s Real=0.14s
[2024-05-30T11:39:41.945+0000][3921.364s][info][gc,start    ] GC(673) Pause Young (Normal) (G1 Evacuation Pause)
[2024-05-30T11:39:41.945+0000][3921.364s][info][gc,task     ] GC(673) Using 6 workers of 6 for evacuation
[2024-05-30T11:39:42.083+0000][3921.502s][info][gc,phases   ] GC(673)   Pre Evacuate Collection Set: 0.2ms
[2024-05-30T11:39:42.083+0000][3921.502s][info][gc,phases   ] GC(673)   Merge Heap Roots: 0.4ms
[2024-05-30T11:39:42.083+0000][3921.502s][info][gc,phases   ] GC(673)   Evacuate Collection Set: 135.4ms
[2024-05-30T11:39:42.083+0000][3921.502s][info][gc,phases   ] GC(673)   Post Evacuate Collection Set: 2.4ms
[2024-05-30T11:39:42.083+0000][3921.502s][info][gc,phases   ] GC(673)   Other: 0.2ms
[2024-05-30T11:39:42.083+0000][3921.502s][info][gc,heap     ] GC(673) Eden regions: 861->0(858)
[2024-05-30T11:39:42.083+0000][3921.502s][info][gc,heap     ] GC(673) Survivor regions: 47->48(114)
[2024-05-30T11:39:42.083+0000][3921.502s][info][gc,heap     ] GC(673) Old regions: 266->267
[2024-05-30T11:39:42.083+0000][3921.502s][info][gc,heap     ] GC(673) Archive regions: 2->2
[2024-05-30T11:39:42.083+0000][3921.502s][info][gc,heap     ] GC(673) Humongous regions: 5->5
[2024-05-30T11:39:42.083+0000][3921.502s][info][gc,metaspace] GC(673) Metaspace: 413338K(419328K)->413338K(419328K) NonClass: 361338K(364672K)->361338K(364672K) Class: 52000K(54656K)->52000K(54656K)
[2024-05-30T11:39:42.083+0000][3921.502s][info][gc          ] GC(673) Pause Young (Normal) (G1 Evacuation Pause) 9430M->2558M(12288M) 138.631ms
[2024-05-30T11:39:42.083+0000][3921.503s][info][gc,cpu      ] GC(673) User=0.83s Sys=0.00s Real=0.14s
[2024-05-30T11:39:50.606+0000][3930.025s][info][gc,start    ] GC(674) Pause Young (Normal) (G1 Evacuation Pause)
[2024-05-30T11:39:50.606+0000][3930.025s][info][gc,task     ] GC(674) Using 6 workers of 6 for evacuation
[2024-05-30T11:39:50.751+0000][3930.170s][info][gc,phases   ] GC(674)   Pre Evacuate Collection Set: 0.2ms
[2024-05-30T11:39:50.751+0000][3930.170s][info][gc,phases   ] GC(674)   Merge Heap Roots: 0.4ms
[2024-05-30T11:39:50.751+0000][3930.170s][info][gc,phases   ] GC(674)   Evacuate Collection Set: 141.3ms
[2024-05-30T11:39:50.751+0000][3930.170s][info][gc,phases   ] GC(674)   Post Evacuate Collection Set: 2.5ms
[2024-05-30T11:39:50.751+0000][3930.170s][info][gc,phases   ] GC(674)   Other: 0.2ms
[2024-05-30T11:39:50.751+0000][3930.170s][info][gc,heap     ] GC(674) Eden regions: 858->0(861)
[2024-05-30T11:39:50.751+0000][3930.170s][info][gc,heap     ] GC(674) Survivor regions: 48->46(114)
[2024-05-30T11:39:50.751+0000][3930.170s][info][gc,heap     ] GC(674) Old regions: 267->268
[2024-05-30T11:39:50.751+0000][3930.170s][info][gc,heap     ] GC(674) Archive regions: 2->2
[2024-05-30T11:39:50.751+0000][3930.170s][info][gc,heap     ] GC(674) Humongous regions: 5->5
[2024-05-30T11:39:50.751+0000][3930.170s][info][gc,metaspace] GC(674) Metaspace: 413356K(419392K)->413356K(419392K) NonClass: 361356K(364736K)->361356K(364736K) Class: 52000K(54656K)->52000K(54656K)
[2024-05-30T11:39:50.751+0000][3930.170s][info][gc          ] GC(674) Pause Young (Normal) (G1 Evacuation Pause) 9422M->2550M(12288M) 144.588ms
[2024-05-30T11:39:50.751+0000][3930.170s][info][gc,cpu      ] GC(674) User=0.86s Sys=0.00s Real=0.15s
[2024-05-30T11:39:57.431+0000][3936.851s][info][gc,start    ] GC(675) Pause Young (Normal) (G1 Evacuation Pause)
[2024-05-30T11:39:57.432+0000][3936.851s][info][gc,task     ] GC(675) Using 6 workers of 6 for evacuation
[2024-05-30T11:39:57.587+0000][3937.006s][info][gc,phases   ] GC(675)   Pre Evacuate Collection Set: 0.2ms
[2024-05-30T11:39:57.587+0000][3937.006s][info][gc,phases   ] GC(675)   Merge Heap Roots: 0.4ms
[2024-05-30T11:39:57.587+0000][3937.006s][info][gc,phases   ] GC(675)   Evacuate Collection Set: 151.9ms
[2024-05-30T11:39:57.587+0000][3937.006s][info][gc,phases   ] GC(675)   Post Evacuate Collection Set: 2.6ms
[2024-05-30T11:39:57.587+0000][3937.006s][info][gc,phases   ] GC(675)   Other: 0.3ms
[2024-05-30T11:39:57.587+0000][3937.006s][info][gc,heap     ] GC(675) Eden regions: 861->0(860)
[2024-05-30T11:39:57.587+0000][3937.006s][info][gc,heap     ] GC(675) Survivor regions: 46->46(114)
[2024-05-30T11:39:57.587+0000][3937.006s][info][gc,heap     ] GC(675) Old regions: 268->269
[2024-05-30T11:39:57.587+0000][3937.006s][info][gc,heap     ] GC(675) Archive regions: 2->2
[2024-05-30T11:39:57.587+0000][3937.006s][info][gc,heap     ] GC(675) Humongous regions: 5->5
[2024-05-30T11:39:57.587+0000][3937.006s][info][gc,metaspace] GC(675) Metaspace: 413359K(419392K)->413359K(419392K) NonClass: 361359K(364736K)->361359K(364736K) Class: 52000K(54656K)->52000K(54656K)
[2024-05-30T11:39:57.587+0000][3937.006s][info][gc          ] GC(675) Pause Young (Normal) (G1 Evacuation Pause) 9438M->2558M(12288M) 155.373ms
[2024-05-30T11:39:57.587+0000][3937.006s][info][gc,cpu      ] GC(675) User=0.93s Sys=0.00s Real=0.15s
[2024-05-30T11:40:06.768+0000][3946.187s][info][gc,start    ] GC(676) Pause Young (Normal) (G1 Evacuation Pause)
[2024-05-30T11:40:06.768+0000][3946.187s][info][gc,task     ] GC(676) Using 6 workers of 6 for evacuation
[2024-05-30T11:40:06.904+0000][3946.323s][info][gc,phases   ] GC(676)   Pre Evacuate Collection Set: 0.2ms
[2024-05-30T11:40:06.904+0000][3946.323s][info][gc,phases   ] GC(676)   Merge Heap Roots: 0.4ms
[2024-05-30T11:40:06.904+0000][3946.323s][info][gc,phases   ] GC(676)   Evacuate Collection Set: 132.5ms
[2024-05-30T11:40:06.904+0000][3946.323s][info][gc,phases   ] GC(676)   Post Evacuate Collection Set: 2.5ms
[2024-05-30T11:40:06.904+0000][3946.323s][info][gc,phases   ] GC(676)   Other: 0.2ms
[2024-05-30T11:40:06.904+0000][3946.323s][info][gc,heap     ] GC(676) Eden regions: 860->0(861)
[2024-05-30T11:40:06.904+0000][3946.323s][info][gc,heap     ] GC(676) Survivor regions: 46->45(114)
[2024-05-30T11:40:06.904+0000][3946.323s][info][gc,heap     ] GC(676) Old regions: 269->270
[2024-05-30T11:40:06.904+0000][3946.323s][info][gc,heap     ] GC(676) Archive regions: 2->2
[2024-05-30T11:40:06.904+0000][3946.323s][info][gc,heap     ] GC(676) Humongous regions: 5->5
[2024-05-30T11:40:06.904+0000][3946.323s][info][gc,metaspace] GC(676) Metaspace: 413361K(419392K)->413361K(419392K) NonClass: 361360K(364736K)->361360K(364736K) Class: 52000K(54656K)->52000K(54656K)
[2024-05-30T11:40:06.904+0000][3946.323s][info][gc          ] GC(676) Pause Young (Normal) (G1 Evacuation Pause) 9438M->2555M(12288M) 135.873ms
[2024-05-30T11:40:06.904+0000][3946.323s][info][gc,cpu      ] GC(676) User=0.81s Sys=0.00s Real=0.14s
[2024-05-30T11:40:16.566+0000][3955.986s][info][gc,start    ] GC(677) Pause Young (Normal) (G1 Evacuation Pause)
[2024-05-30T11:40:16.566+0000][3955.986s][info][gc,task     ] GC(677) Using 6 workers of 6 for evacuation
[2024-05-30T11:40:16.707+0000][3956.126s][info][gc,phases   ] GC(677)   Pre Evacuate Collection Set: 0.2ms
[2024-05-30T11:40:16.707+0000][3956.126s][info][gc,phases   ] GC(677)   Merge Heap Roots: 0.4ms
[2024-05-30T11:40:16.707+0000][3956.126s][info][gc,phases   ] GC(677)   Evacuate Collection Set: 137.4ms
[2024-05-30T11:40:16.707+0000][3956.126s][info][gc,phases   ] GC(677)   Post Evacuate Collection Set: 2.4ms
[2024-05-30T11:40:16.707+0000][3956.126s][info][gc,phases   ] GC(677)   Other: 0.2ms
[2024-05-30T11:40:16.707+0000][3956.126s][info][gc,heap     ] GC(677) Eden regions: 861->0(859)
[2024-05-30T11:40:16.707+0000][3956.126s][info][gc,heap     ] GC(677) Survivor regions: 45->45(114)
[2024-05-30T11:40:16.707+0000][3956.126s][info][gc,heap     ] GC(677) Old regions: 270->272
[2024-05-30T11:40:16.707+0000][3956.126s][info][gc,heap     ] GC(677) Archive regions: 2->2
[2024-05-30T11:40:16.707+0000][3956.126s][info][gc,heap     ] GC(677) Humongous regions: 5->5
[2024-05-30T11:40:16.707+0000][3956.126s][info][gc,metaspace] GC(677) Metaspace: 413363K(419392K)->413363K(419392K) NonClass: 361363K(364736K)->361363K(364736K) Class: 52000K(54656K)->52000K(54656K)
[2024-05-30T11:40:16.707+0000][3956.126s][info][gc          ] GC(677) Pause Young (Normal) (G1 Evacuation Pause) 9443M->2572M(12288M) 140.650ms
[2024-05-30T11:40:16.707+0000][3956.126s][info][gc,cpu      ] GC(677) User=0.84s Sys=0.00s Real=0.14s
[2024-05-30T11:40:26.154+0000][3965.573s][info][gc,start    ] GC(678) Pause Young (Normal) (G1 Evacuation Pause)
[2024-05-30T11:40:26.154+0000][3965.573s][info][gc,task     ] GC(678) Using 6 workers of 6 for evacuation
[2024-05-30T11:40:26.314+0000][3965.733s][info][gc,phases   ] GC(678)   Pre Evacuate Collection Set: 0.2ms
[2024-05-30T11:40:26.314+0000][3965.733s][info][gc,phases   ] GC(678)   Merge Heap Roots: 0.5ms
[2024-05-30T11:40:26.314+0000][3965.733s][info][gc,phases   ] GC(678)   Evacuate Collection Set: 156.7ms
[2024-05-30T11:40:26.314+0000][3965.733s][info][gc,phases   ] GC(678)   Post Evacuate Collection Set: 2.5ms
[2024-05-30T11:40:26.314+0000][3965.733s][info][gc,phases   ] GC(678)   Other: 0.3ms
[2024-05-30T11:40:26.314+0000][3965.733s][info][gc,heap     ] GC(678) Eden regions: 859->0(866)
[2024-05-30T11:40:26.314+0000][3965.733s][info][gc,heap     ] GC(678) Survivor regions: 45->40(113)
[2024-05-30T11:40:26.314+0000][3965.733s][info][gc,heap     ] GC(678) Old regions: 272->275
[2024-05-30T11:40:26.314+0000][3965.733s][info][gc,heap     ] GC(678) Archive regions: 2->2
[2024-05-30T11:40:26.314+0000][3965.733s][info][gc,heap     ] GC(678) Humongous regions: 5->5
[2024-05-30T11:40:26.314+0000][3965.733s][info][gc,metaspace] GC(678) Metaspace: 413366K(419392K)->413366K(419392K) NonClass: 361366K(364736K)->361366K(364736K) Class: 52000K(54656K)->52000K(54656K)
[2024-05-30T11:40:26.314+0000][3965.733s][info][gc          ] GC(678) Pause Young (Normal) (G1 Evacuation Pause) 9444M->2561M(12288M) 160.319ms
[2024-05-30T11:40:26.314+0000][3965.733s][info][gc,cpu      ] GC(678) User=0.96s Sys=0.00s Real=0.16s
[2024-05-30T11:40:35.979+0000][3975.398s][info][gc,start    ] GC(679) Pause Young (Normal) (G1 Evacuation Pause)
[2024-05-30T11:40:35.979+0000][3975.398s][info][gc,task     ] GC(679) Using 6 workers of 6 for evacuation
[2024-05-30T11:40:36.108+0000][3975.527s][info][gc,phases   ] GC(679)   Pre Evacuate Collection Set: 0.2ms
[2024-05-30T11:40:36.108+0000][3975.527s][info][gc,phases   ] GC(679)   Merge Heap Roots: 0.4ms
[2024-05-30T11:40:36.108+0000][3975.527s][info][gc,phases   ] GC(679)   Evacuate Collection Set: 126.0ms
[2024-05-30T11:40:36.108+0000][3975.527s][info][gc,phases   ] GC(679)   Post Evacuate Collection Set: 2.4ms
[2024-05-30T11:40:36.108+0000][3975.527s][info][gc,phases   ] GC(679)   Other: 0.2ms
[2024-05-30T11:40:36.108+0000][3975.527s][info][gc,heap     ] GC(679) Eden regions: 866->0(864)
[2024-05-30T11:40:36.108+0000][3975.527s][info][gc,heap     ] GC(679) Survivor regions: 40->39(114)
[2024-05-30T11:40:36.108+0000][3975.527s][info][gc,heap     ] GC(679) Old regions: 275->279
[2024-05-30T11:40:36.108+0000][3975.527s][info][gc,heap     ] GC(679) Archive regions: 2->2
[2024-05-30T11:40:36.108+0000][3975.527s][info][gc,heap     ] GC(679) Humongous regions: 5->5
[2024-05-30T11:40:36.108+0000][3975.527s][info][gc,metaspace] GC(679) Metaspace: 413366K(419392K)->413366K(419392K) NonClass: 361366K(364736K)->361366K(364736K) Class: 52000K(54656K)->52000K(54656K)
[2024-05-30T11:40:36.108+0000][3975.527s][info][gc          ] GC(679) Pause Young (Normal) (G1 Evacuation Pause) 9489M->2583M(12288M) 129.228ms
[2024-05-30T11:40:36.108+0000][3975.527s][info][gc,cpu      ] GC(679) User=0.78s Sys=0.00s Real=0.12s
[2024-05-30T11:40:45.836+0000][3985.255s][info][gc,start    ] GC(680) Pause Young (Normal) (G1 Evacuation Pause)
[2024-05-30T11:40:45.836+0000][3985.255s][info][gc,task     ] GC(680) Using 6 workers of 6 for evacuation
[2024-05-30T11:40:45.965+0000][3985.384s][info][gc,phases   ] GC(680)   Pre Evacuate Collection Set: 0.2ms
[2024-05-30T11:40:45.965+0000][3985.384s][info][gc,phases   ] GC(680)   Merge Heap Roots: 0.4ms
[2024-05-30T11:40:45.965+0000][3985.384s][info][gc,phases   ] GC(680)   Evacuate Collection Set: 125.6ms
[2024-05-30T11:40:45.965+0000][3985.384s][info][gc,phases   ] GC(680)   Post Evacuate Collection Set: 2.5ms
[2024-05-30T11:40:45.965+0000][3985.384s][info][gc,phases   ] GC(680)   Other: 0.2ms
[2024-05-30T11:40:45.965+0000][3985.384s][info][gc,heap     ] GC(680) Eden regions: 864->0(863)
[2024-05-30T11:40:45.965+0000][3985.384s][info][gc,heap     ] GC(680) Survivor regions: 39->37(113)
[2024-05-30T11:40:45.965+0000][3985.384s][info][gc,heap     ] GC(680) Old regions: 279->284
[2024-05-30T11:40:45.965+0000][3985.384s][info][gc,heap     ] GC(680) Archive regions: 2->2
[2024-05-30T11:40:45.965+0000][3985.384s][info][gc,heap     ] GC(680) Humongous regions: 5->5
[2024-05-30T11:40:45.965+0000][3985.384s][info][gc,metaspace] GC(680) Metaspace: 413368K(419392K)->413368K(419392K) NonClass: 361367K(364736K)->361367K(364736K) Class: 52000K(54656K)->52000K(54656K)
[2024-05-30T11:40:45.965+0000][3985.384s][info][gc          ] GC(680) Pause Young (Normal) (G1 Evacuation Pause) 9495M->2604M(12288M) 129.020ms
[2024-05-30T11:40:45.965+0000][3985.384s][info][gc,cpu      ] GC(680) User=0.77s Sys=0.00s Real=0.13s
[2024-05-30T11:40:55.293+0000][3994.712s][info][gc,start    ] GC(681) Pause Young (Normal) (G1 Evacuation Pause)
[2024-05-30T11:40:55.293+0000][3994.712s][info][gc,task     ] GC(681) Using 6 workers of 6 for evacuation
[2024-05-30T11:40:55.398+0000][3994.817s][info][gc,phases   ] GC(681)   Pre Evacuate Collection Set: 0.2ms
[2024-05-30T11:40:55.398+0000][3994.817s][info][gc,phases   ] GC(681)   Merge Heap Roots: 0.4ms
[2024-05-30T11:40:55.398+0000][3994.817s][info][gc,phases   ] GC(681)   Evacuate Collection Set: 101.9ms
[2024-05-30T11:40:55.398+0000][3994.817s][info][gc,phases   ] GC(681)   Post Evacuate Collection Set: 2.6ms
[2024-05-30T11:40:55.398+0000][3994.817s][info][gc,phases   ] GC(681)   Other: 0.2ms
[2024-05-30T11:40:55.398+0000][3994.817s][info][gc,heap     ] GC(681) Eden regions: 863->0(868)
[2024-05-30T11:40:55.398+0000][3994.817s][info][gc,heap     ] GC(681) Survivor regions: 37->32(113)
[2024-05-30T11:40:55.398+0000][3994.817s][info][gc,heap     ] GC(681) Old regions: 284->289
[2024-05-30T11:40:55.398+0000][3994.817s][info][gc,heap     ] GC(681) Archive regions: 2->2
[2024-05-30T11:40:55.398+0000][3994.817s][info][gc,heap     ] GC(681) Humongous regions: 5->5
[2024-05-30T11:40:55.398+0000][3994.817s][info][gc,metaspace] GC(681) Metaspace: 413368K(419392K)->413368K(419392K) NonClass: 361367K(364736K)->361367K(364736K) Class: 52000K(54656K)->52000K(54656K)
[2024-05-30T11:40:55.398+0000][3994.817s][info][gc          ] GC(681) Pause Young (Normal) (G1 Evacuation Pause) 9508M->2610M(12288M) 105.377ms
[2024-05-30T11:40:55.398+0000][3994.817s][info][gc,cpu      ] GC(681) User=0.63s Sys=0.00s Real=0.11s
[2024-05-30T11:41:04.816+0000][4004.236s][info][gc,start    ] GC(682) Pause Young (Normal) (G1 Evacuation Pause)
[2024-05-30T11:41:04.816+0000][4004.236s][info][gc,task     ] GC(682) Using 6 workers of 6 for evacuation
[2024-05-30T11:41:04.902+0000][4004.321s][info][gc,phases   ] GC(682)   Pre Evacuate Collection Set: 0.2ms
[2024-05-30T11:41:04.902+0000][4004.321s][info][gc,phases   ] GC(682)   Merge Heap Roots: 0.3ms
[2024-05-30T11:41:04.902+0000][4004.321s][info][gc,phases   ] GC(682)   Evacuate Collection Set: 82.2ms
[2024-05-30T11:41:04.902+0000][4004.321s][info][gc,phases   ] GC(682)   Post Evacuate Collection Set: 2.3ms
[2024-05-30T11:41:04.902+0000][4004.321s][info][gc,phases   ] GC(682)   Other: 0.2ms
[2024-05-30T11:41:04.902+0000][4004.321s][info][gc,heap     ] GC(682) Eden regions: 868->0(874)
[2024-05-30T11:41:04.902+0000][4004.321s][info][gc,heap     ] GC(682) Survivor regions: 32->27(113)
[2024-05-30T11:41:04.902+0000][4004.321s][info][gc,heap     ] GC(682) Old regions: 289->293
[2024-05-30T11:41:04.902+0000][4004.321s][info][gc,heap     ] GC(682) Archive regions: 2->2
[2024-05-30T11:41:04.902+0000][4004.321s][info][gc,heap     ] GC(682) Humongous regions: 5->5
[2024-05-30T11:41:04.902+0000][4004.321s][info][gc,metaspace] GC(682) Metaspace: 413368K(419392K)->413368K(419392K) NonClass: 361367K(364736K)->361367K(364736K) Class: 52000K(54656K)->52000K(54656K)
[2024-05-30T11:41:04.902+0000][4004.321s][info][gc          ] GC(682) Pause Young (Normal) (G1 Evacuation Pause) 9554M->2599M(12288M) 85.337ms
[2024-05-30T11:41:04.902+0000][4004.321s][info][gc,cpu      ] GC(682) User=0.51s Sys=0.00s Real=0.08s
[2024-05-30T11:41:14.609+0000][4014.028s][info][gc,start    ] GC(683) Pause Young (Normal) (G1 Evacuation Pause)
[2024-05-30T11:41:14.609+0000][4014.028s][info][gc,task     ] GC(683) Using 6 workers of 6 for evacuation
[2024-05-30T11:41:14.710+0000][4014.129s][info][gc,phases   ] GC(683)   Pre Evacuate Collection Set: 0.2ms
[2024-05-30T11:41:14.710+0000][4014.129s][info][gc,phases   ] GC(683)   Merge Heap Roots: 0.3ms
[2024-05-30T11:41:14.710+0000][4014.129s][info][gc,phases   ] GC(683)   Evacuate Collection Set: 98.3ms
[2024-05-30T11:41:14.710+0000][4014.129s][info][gc,phases   ] GC(683)   Post Evacuate Collection Set: 2.4ms
[2024-05-30T11:41:14.710+0000][4014.129s][info][gc,phases   ] GC(683)   Other: 0.2ms
[2024-05-30T11:41:14.710+0000][4014.129s][info][gc,heap     ] GC(683) Eden regions: 874->0(871)
[2024-05-30T11:41:14.710+0000][4014.129s][info][gc,heap     ] GC(683) Survivor regions: 27->27(113)
[2024-05-30T11:41:14.710+0000][4014.129s][info][gc,heap     ] GC(683) Old regions: 293->296
[2024-05-30T11:41:14.710+0000][4014.129s][info][gc,heap     ] GC(683) Archive regions: 2->2
[2024-05-30T11:41:14.710+0000][4014.129s][info][gc,heap     ] GC(683) Humongous regions: 5->5
[2024-05-30T11:41:14.710+0000][4014.129s][info][gc,metaspace] GC(683) Metaspace: 413368K(419392K)->413368K(419392K) NonClass: 361367K(364736K)->361367K(364736K) Class: 52000K(54656K)->52000K(54656K)
[2024-05-30T11:41:14.710+0000][4014.129s][info][gc          ] GC(683) Pause Young (Normal) (G1 Evacuation Pause) 9591M->2623M(12288M) 101.405ms
[2024-05-30T11:41:14.710+0000][4014.129s][info][gc,cpu      ] GC(683) User=0.60s Sys=0.01s Real=0.10s
[2024-05-30T11:41:24.376+0000][4023.795s][info][gc,start    ] GC(684) Pause Young (Normal) (G1 Evacuation Pause)
[2024-05-30T11:41:24.376+0000][4023.795s][info][gc,task     ] GC(684) Using 6 workers of 6 for evacuation
[2024-05-30T11:41:24.452+0000][4023.872s][info][gc,phases   ] GC(684)   Pre Evacuate Collection Set: 0.2ms
[2024-05-30T11:41:24.452+0000][4023.872s][info][gc,phases   ] GC(684)   Merge Heap Roots: 0.3ms
[2024-05-30T11:41:24.452+0000][4023.872s][info][gc,phases   ] GC(684)   Evacuate Collection Set: 73.0ms
[2024-05-30T11:41:24.452+0000][4023.872s][info][gc,phases   ] GC(684)   Post Evacuate Collection Set: 2.8ms
[2024-05-30T11:41:24.452+0000][4023.872s][info][gc,phases   ] GC(684)   Other: 0.3ms
[2024-05-30T11:41:24.452+0000][4023.872s][info][gc,heap     ] GC(684) Eden regions: 871->0(867)
[2024-05-30T11:41:24.452+0000][4023.872s][info][gc,heap     ] GC(684) Survivor regions: 27->28(113)
[2024-05-30T11:41:24.452+0000][4023.872s][info][gc,heap     ] GC(684) Old regions: 296->298
[2024-05-30T11:41:24.452+0000][4023.872s][info][gc,heap     ] GC(684) Archive regions: 2->2
[2024-05-30T11:41:24.452+0000][4023.872s][info][gc,heap     ] GC(684) Humongous regions: 5->5
[2024-05-30T11:41:24.452+0000][4023.872s][info][gc,metaspace] GC(684) Metaspace: 413371K(419392K)->413371K(419392K) NonClass: 361371K(364736K)->361371K(364736K) Class: 52000K(54656K)->52000K(54656K)
[2024-05-30T11:41:24.452+0000][4023.872s][info][gc          ] GC(684) Pause Young (Normal) (G1 Evacuation Pause) 9591M->2647M(12288M) 76.614ms
[2024-05-30T11:41:24.452+0000][4023.872s][info][gc,cpu      ] GC(684) User=0.45s Sys=0.00s Real=0.08s
[2024-05-30T11:41:33.898+0000][4033.317s][info][gc,start    ] GC(685) Pause Young (Normal) (G1 Evacuation Pause)
[2024-05-30T11:41:33.898+0000][4033.317s][info][gc,task     ] GC(685) Using 6 workers of 6 for evacuation
[2024-05-30T11:41:33.965+0000][4033.384s][info][gc,phases   ] GC(685)   Pre Evacuate Collection Set: 0.2ms
[2024-05-30T11:41:33.965+0000][4033.384s][info][gc,phases   ] GC(685)   Merge Heap Roots: 0.3ms
[2024-05-30T11:41:33.965+0000][4033.384s][info][gc,phases   ] GC(685)   Evacuate Collection Set: 63.9ms
[2024-05-30T11:41:33.965+0000][4033.384s][info][gc,phases   ] GC(685)   Post Evacuate Collection Set: 2.4ms
[2024-05-30T11:41:33.965+0000][4033.384s][info][gc,phases   ] GC(685)   Other: 0.2ms
[2024-05-30T11:41:33.965+0000][4033.384s][info][gc,heap     ] GC(685) Eden regions: 867->0(867)
[2024-05-30T11:41:33.965+0000][4033.384s][info][gc,heap     ] GC(685) Survivor regions: 28->27(112)
[2024-05-30T11:41:33.965+0000][4033.384s][info][gc,heap     ] GC(685) Old regions: 298->300
[2024-05-30T11:41:33.965+0000][4033.384s][info][gc,heap     ] GC(685) Archive regions: 2->2
[2024-05-30T11:41:33.965+0000][4033.384s][info][gc,heap     ] GC(685) Humongous regions: 5->5
[2024-05-30T11:41:33.965+0000][4033.384s][info][gc,metaspace] GC(685) Metaspace: 413374K(419392K)->413374K(419392K) NonClass: 361373K(364736K)->361373K(364736K) Class: 52000K(54656K)->52000K(54656K)
[2024-05-30T11:41:33.965+0000][4033.384s][info][gc          ] GC(685) Pause Young (Normal) (G1 Evacuation Pause) 9583M->2657M(12288M) 67.075ms
[2024-05-30T11:41:33.965+0000][4033.385s][info][gc,cpu      ] GC(685) User=0.39s Sys=0.00s Real=0.06s
[2024-05-30T11:41:43.468+0000][4042.887s][info][gc,start    ] GC(686) Pause Young (Normal) (G1 Evacuation Pause)
[2024-05-30T11:41:43.468+0000][4042.887s][info][gc,task     ] GC(686) Using 6 workers of 6 for evacuation
[2024-05-30T11:41:43.535+0000][4042.954s][info][gc,phases   ] GC(686)   Pre Evacuate Collection Set: 0.2ms
[2024-05-30T11:41:43.535+0000][4042.954s][info][gc,phases   ] GC(686)   Merge Heap Roots: 0.3ms
[2024-05-30T11:41:43.535+0000][4042.954s][info][gc,phases   ] GC(686)   Evacuate Collection Set: 63.5ms
[2024-05-30T11:41:43.535+0000][4042.954s][info][gc,phases   ] GC(686)   Post Evacuate Collection Set: 2.6ms
[2024-05-30T11:41:43.535+0000][4042.954s][info][gc,phases   ] GC(686)   Other: 0.2ms
[2024-05-30T11:41:43.535+0000][4042.954s][info][gc,heap     ] GC(686) Eden regions: 867->0(868)
[2024-05-30T11:41:43.535+0000][4042.954s][info][gc,heap     ] GC(686) Survivor regions: 27->26(112)
[2024-05-30T11:41:43.535+0000][4042.954s][info][gc,heap     ] GC(686) Old regions: 300->301
[2024-05-30T11:41:43.535+0000][4042.954s][info][gc,heap     ] GC(686) Archive regions: 2->2
[2024-05-30T11:41:43.535+0000][4042.954s][info][gc,heap     ] GC(686) Humongous regions: 5->5
[2024-05-30T11:41:43.535+0000][4042.954s][info][gc,metaspace] GC(686) Metaspace: 413374K(419392K)->413374K(419392K) NonClass: 361373K(364736K)->361373K(364736K) Class: 52000K(54656K)->52000K(54656K)
[2024-05-30T11:41:43.535+0000][4042.954s][info][gc          ] GC(686) Pause Young (Normal) (G1 Evacuation Pause) 9593M->2654M(12288M) 66.849ms
[2024-05-30T11:41:43.535+0000][4042.954s][info][gc,cpu      ] GC(686) User=0.39s Sys=0.01s Real=0.07s
[2024-05-30T11:41:52.832+0000][4052.251s][info][gc,start    ] GC(687) Pause Young (Normal) (G1 Evacuation Pause)
[2024-05-30T11:41:52.832+0000][4052.251s][info][gc,task     ] GC(687) Using 6 workers of 6 for evacuation
[2024-05-30T11:41:52.907+0000][4052.326s][info][gc,phases   ] GC(687)   Pre Evacuate Collection Set: 0.2ms
[2024-05-30T11:41:52.907+0000][4052.326s][info][gc,phases   ] GC(687)   Merge Heap Roots: 0.3ms
[2024-05-30T11:41:52.907+0000][4052.326s][info][gc,phases   ] GC(687)   Evacuate Collection Set: 71.3ms
[2024-05-30T11:41:52.907+0000][4052.326s][info][gc,phases   ] GC(687)   Post Evacuate Collection Set: 2.6ms
[2024-05-30T11:41:52.907+0000][4052.326s][info][gc,phases   ] GC(687)   Other: 0.2ms
[2024-05-30T11:41:52.907+0000][4052.326s][info][gc,heap     ] GC(687) Eden regions: 868->0(869)
[2024-05-30T11:41:52.907+0000][4052.326s][info][gc,heap     ] GC(687) Survivor regions: 26->25(112)
[2024-05-30T11:41:52.907+0000][4052.326s][info][gc,heap     ] GC(687) Old regions: 301->302
[2024-05-30T11:41:52.907+0000][4052.326s][info][gc,heap     ] GC(687) Archive regions: 2->2
[2024-05-30T11:41:52.907+0000][4052.326s][info][gc,heap     ] GC(687) Humongous regions: 5->5
[2024-05-30T11:41:52.907+0000][4052.326s][info][gc,metaspace] GC(687) Metaspace: 413390K(419392K)->413390K(419392K) NonClass: 361390K(364736K)->361390K(364736K) Class: 52000K(54656K)->52000K(54656K)
[2024-05-30T11:41:52.907+0000][4052.326s][info][gc          ] GC(687) Pause Young (Normal) (G1 Evacuation Pause) 9598M->2653M(12288M) 74.635ms
[2024-05-30T11:41:52.907+0000][4052.326s][info][gc,cpu      ] GC(687) User=0.43s Sys=0.02s Real=0.07s
[2024-05-30T11:42:02.543+0000][4061.962s][info][gc,start    ] GC(688) Pause Young (Normal) (G1 Evacuation Pause)
[2024-05-30T11:42:02.543+0000][4061.963s][info][gc,task     ] GC(688) Using 6 workers of 6 for evacuation
[2024-05-30T11:42:02.610+0000][4062.029s][info][gc,phases   ] GC(688)   Pre Evacuate Collection Set: 0.2ms
[2024-05-30T11:42:02.610+0000][4062.029s][info][gc,phases   ] GC(688)   Merge Heap Roots: 0.3ms
[2024-05-30T11:42:02.610+0000][4062.029s][info][gc,phases   ] GC(688)   Evacuate Collection Set: 63.5ms
[2024-05-30T11:42:02.610+0000][4062.029s][info][gc,phases   ] GC(688)   Post Evacuate Collection Set: 2.4ms
[2024-05-30T11:42:02.610+0000][4062.029s][info][gc,phases   ] GC(688)   Other: 0.2ms
[2024-05-30T11:42:02.610+0000][4062.029s][info][gc,heap     ] GC(688) Eden regions: 869->0(868)
[2024-05-30T11:42:02.610+0000][4062.029s][info][gc,heap     ] GC(688) Survivor regions: 25->25(112)
[2024-05-30T11:42:02.610+0000][4062.029s][info][gc,heap     ] GC(688) Old regions: 302->303
[2024-05-30T11:42:02.610+0000][4062.029s][info][gc,heap     ] GC(688) Archive regions: 2->2
[2024-05-30T11:42:02.610+0000][4062.029s][info][gc,heap     ] GC(688) Humongous regions: 5->5
[2024-05-30T11:42:02.610+0000][4062.029s][info][gc,metaspace] GC(688) Metaspace: 413391K(419392K)->413391K(419392K) NonClass: 361390K(364736K)->361390K(364736K) Class: 52000K(54656K)->52000K(54656K)
[2024-05-30T11:42:02.610+0000][4062.029s][info][gc          ] GC(688) Pause Young (Normal) (G1 Evacuation Pause) 9605M->2664M(12288M) 66.649ms
[2024-05-30T11:42:02.610+0000][4062.029s][info][gc,cpu      ] GC(688) User=0.40s Sys=0.00s Real=0.07s
[2024-05-30T11:42:12.223+0000][4071.642s][info][gc,start    ] GC(689) Pause Young (Normal) (G1 Evacuation Pause)
[2024-05-30T11:42:12.223+0000][4071.643s][info][gc,task     ] GC(689) Using 6 workers of 6 for evacuation
[2024-05-30T11:42:12.304+0000][4071.723s][info][gc,phases   ] GC(689)   Pre Evacuate Collection Set: 0.2ms
[2024-05-30T11:42:12.304+0000][4071.724s][info][gc,phases   ] GC(689)   Merge Heap Roots: 0.3ms
[2024-05-30T11:42:12.304+0000][4071.724s][info][gc,phases   ] GC(689)   Evacuate Collection Set: 78.0ms
[2024-05-30T11:42:12.304+0000][4071.724s][info][gc,phases   ] GC(689)   Post Evacuate Collection Set: 2.3ms
[2024-05-30T11:42:12.304+0000][4071.724s][info][gc,phases   ] GC(689)   Other: 0.2ms
[2024-05-30T11:42:12.304+0000][4071.724s][info][gc,heap     ] GC(689) Eden regions: 868->0(869)
[2024-05-30T11:42:12.304+0000][4071.724s][info][gc,heap     ] GC(689) Survivor regions: 25->24(112)
[2024-05-30T11:42:12.304+0000][4071.724s][info][gc,heap     ] GC(689) Old regions: 303->304
[2024-05-30T11:42:12.304+0000][4071.724s][info][gc,heap     ] GC(689) Archive regions: 2->2
[2024-05-30T11:42:12.304+0000][4071.724s][info][gc,heap     ] GC(689) Humongous regions: 5->5
[2024-05-30T11:42:12.304+0000][4071.724s][info][gc,metaspace] GC(689) Metaspace: 413392K(419392K)->413392K(419392K) NonClass: 361392K(364736K)->361392K(364736K) Class: 52000K(54656K)->52000K(54656K)
[2024-05-30T11:42:12.304+0000][4071.724s][info][gc          ] GC(689) Pause Young (Normal) (G1 Evacuation Pause) 9608M->2658M(12288M) 81.121ms
[2024-05-30T11:42:12.304+0000][4071.724s][info][gc,cpu      ] GC(689) User=0.49s Sys=0.01s Real=0.08s
[2024-05-30T11:42:21.327+0000][4080.746s][info][gc,start    ] GC(690) Pause Young (Normal) (G1 Evacuation Pause)
[2024-05-30T11:42:21.327+0000][4080.746s][info][gc,task     ] GC(690) Using 6 workers of 6 for evacuation
[2024-05-30T11:42:21.414+0000][4080.834s][info][gc,phases   ] GC(690)   Pre Evacuate Collection Set: 0.2ms
[2024-05-30T11:42:21.414+0000][4080.834s][info][gc,phases   ] GC(690)   Merge Heap Roots: 0.3ms
[2024-05-30T11:42:21.414+0000][4080.834s][info][gc,phases   ] GC(690)   Evacuate Collection Set: 81.3ms
[2024-05-30T11:42:21.414+0000][4080.834s][info][gc,phases   ] GC(690)   Post Evacuate Collection Set: 5.3ms
[2024-05-30T11:42:21.414+0000][4080.834s][info][gc,phases   ] GC(690)   Other: 0.2ms
[2024-05-30T11:42:21.414+0000][4080.834s][info][gc,heap     ] GC(690) Eden regions: 869->0(860)
[2024-05-30T11:42:21.414+0000][4080.834s][info][gc,heap     ] GC(690) Survivor regions: 24->28(112)
[2024-05-30T11:42:21.414+0000][4080.834s][info][gc,heap     ] GC(690) Old regions: 304->304
[2024-05-30T11:42:21.414+0000][4080.834s][info][gc,heap     ] GC(690) Archive regions: 2->2
[2024-05-30T11:42:21.414+0000][4080.834s][info][gc,heap     ] GC(690) Humongous regions: 6->6
[2024-05-30T11:42:21.414+0000][4080.834s][info][gc,metaspace] GC(690) Metaspace: 413392K(419392K)->413392K(419392K) NonClass: 361392K(364736K)->361392K(364736K) Class: 52000K(54656K)->52000K(54656K)
[2024-05-30T11:42:21.415+0000][4080.834s][info][gc          ] GC(690) Pause Young (Normal) (G1 Evacuation Pause) 9618M->2707M(12288M) 87.426ms
[2024-05-30T11:42:21.415+0000][4080.834s][info][gc,cpu      ] GC(690) User=0.51s Sys=0.00s Real=0.09s
[2024-05-30T11:42:24.042+0000][4083.461s][info][gc,start    ] GC(691) Pause Young (Normal) (G1 Evacuation Pause)
[2024-05-30T11:42:24.042+0000][4083.461s][info][gc,task     ] GC(691) Using 6 workers of 6 for evacuation
[2024-05-30T11:42:24.203+0000][4083.622s][info][gc,phases   ] GC(691)   Pre Evacuate Collection Set: 0.2ms
[2024-05-30T11:42:24.203+0000][4083.622s][info][gc,phases   ] GC(691)   Merge Heap Roots: 0.3ms
[2024-05-30T11:42:24.203+0000][4083.622s][info][gc,phases   ] GC(691)   Evacuate Collection Set: 131.3ms
[2024-05-30T11:42:24.203+0000][4083.622s][info][gc,phases   ] GC(691)   Post Evacuate Collection Set: 29.1ms
[2024-05-30T11:42:24.203+0000][4083.622s][info][gc,phases   ] GC(691)   Other: 0.2ms
[2024-05-30T11:42:24.203+0000][4083.622s][info][gc,heap     ] GC(691) Eden regions: 860->0(847)
[2024-05-30T11:42:24.203+0000][4083.622s][info][gc,heap     ] GC(691) Survivor regions: 28->34(111)
[2024-05-30T11:42:24.203+0000][4083.622s][info][gc,heap     ] GC(691) Old regions: 304->305
[2024-05-30T11:42:24.203+0000][4083.622s][info][gc,heap     ] GC(691) Archive regions: 2->2
[2024-05-30T11:42:24.203+0000][4083.622s][info][gc,heap     ] GC(691) Humongous regions: 6->6
[2024-05-30T11:42:24.203+0000][4083.622s][info][gc,metaspace] GC(691) Metaspace: 413393K(419392K)->413393K(419392K) NonClass: 361392K(364736K)->361392K(364736K) Class: 52000K(54656K)->52000K(54656K)
[2024-05-30T11:42:24.203+0000][4083.623s][info][gc          ] GC(691) Pause Young (Normal) (G1 Evacuation Pause) 9587M->2758M(12288M) 161.226ms
[2024-05-30T11:42:24.203+0000][4083.623s][info][gc,cpu      ] GC(691) User=0.94s Sys=0.00s Real=0.16s
[2024-05-30T11:42:26.795+0000][4086.214s][info][gc,start    ] GC(692) Pause Young (Normal) (G1 Evacuation Pause)
[2024-05-30T11:42:26.795+0000][4086.214s][info][gc,task     ] GC(692) Using 6 workers of 6 for evacuation
[2024-05-30T11:42:26.943+0000][4086.362s][info][gc,phases   ] GC(692)   Pre Evacuate Collection Set: 0.2ms
[2024-05-30T11:42:26.943+0000][4086.362s][info][gc,phases   ] GC(692)   Merge Heap Roots: 0.3ms
[2024-05-30T11:42:26.943+0000][4086.362s][info][gc,phases   ] GC(692)   Evacuate Collection Set: 124.4ms
[2024-05-30T11:42:26.943+0000][4086.362s][info][gc,phases   ] GC(692)   Post Evacuate Collection Set: 22.8ms
[2024-05-30T11:42:26.943+0000][4086.362s][info][gc,phases   ] GC(692)   Other: 0.2ms
[2024-05-30T11:42:26.943+0000][4086.362s][info][gc,heap     ] GC(692) Eden regions: 847->0(844)
[2024-05-30T11:42:26.943+0000][4086.362s][info][gc,heap     ] GC(692) Survivor regions: 34->35(111)
[2024-05-30T11:42:26.943+0000][4086.362s][info][gc,heap     ] GC(692) Old regions: 305->306
[2024-05-30T11:42:26.943+0000][4086.362s][info][gc,heap     ] GC(692) Archive regions: 2->2
[2024-05-30T11:42:26.943+0000][4086.362s][info][gc,heap     ] GC(692) Humongous regions: 6->6
[2024-05-30T11:42:26.943+0000][4086.362s][info][gc,metaspace] GC(692) Metaspace: 413393K(419392K)->413393K(419392K) NonClass: 361392K(364736K)->361392K(364736K) Class: 52000K(54656K)->52000K(54656K)
[2024-05-30T11:42:26.943+0000][4086.362s][info][gc          ] GC(692) Pause Young (Normal) (G1 Evacuation Pause) 9534M->2776M(12288M) 147.914ms
[2024-05-30T11:42:26.943+0000][4086.362s][info][gc,cpu      ] GC(692) User=0.86s Sys=0.00s Real=0.15s
[2024-05-30T11:42:29.597+0000][4089.016s][info][gc,start    ] GC(693) Pause Young (Normal) (G1 Evacuation Pause)
[2024-05-30T11:42:29.597+0000][4089.016s][info][gc,task     ] GC(693) Using 6 workers of 6 for evacuation
[2024-05-30T11:42:29.767+0000][4089.186s][info][gc,phases   ] GC(693)   Pre Evacuate Collection Set: 0.2ms
[2024-05-30T11:42:29.767+0000][4089.186s][info][gc,phases   ] GC(693)   Merge Heap Roots: 0.3ms
[2024-05-30T11:42:29.767+0000][4089.186s][info][gc,phases   ] GC(693)   Evacuate Collection Set: 143.9ms
[2024-05-30T11:42:29.767+0000][4089.186s][info][gc,phases   ] GC(693)   Post Evacuate Collection Set: 25.5ms
[2024-05-30T11:42:29.767+0000][4089.186s][info][gc,phases   ] GC(693)   Other: 0.2ms
[2024-05-30T11:42:29.767+0000][4089.186s][info][gc,heap     ] GC(693) Eden regions: 844->0(833)
[2024-05-30T11:42:29.767+0000][4089.186s][info][gc,heap     ] GC(693) Survivor regions: 35->40(110)
[2024-05-30T11:42:29.767+0000][4089.186s][info][gc,heap     ] GC(693) Old regions: 306->307
[2024-05-30T11:42:29.767+0000][4089.186s][info][gc,heap     ] GC(693) Archive regions: 2->2
[2024-05-30T11:42:29.767+0000][4089.186s][info][gc,heap     ] GC(693) Humongous regions: 6->6
[2024-05-30T11:42:29.767+0000][4089.186s][info][gc,metaspace] GC(693) Metaspace: 413393K(419392K)->413393K(419392K) NonClass: 361392K(364736K)->361392K(364736K) Class: 52000K(54656K)->52000K(54656K)
[2024-05-30T11:42:29.767+0000][4089.186s][info][gc          ] GC(693) Pause Young (Normal) (G1 Evacuation Pause) 9528M->2820M(12288M) 170.221ms
[2024-05-30T11:42:29.767+0000][4089.186s][info][gc,cpu      ] GC(693) User=1.00s Sys=0.00s Real=0.16s
[2024-05-30T11:42:32.178+0000][4091.597s][info][gc,start    ] GC(694) Pause Young (Normal) (G1 Evacuation Pause)
[2024-05-30T11:42:32.178+0000][4091.597s][info][gc,task     ] GC(694) Using 6 workers of 6 for evacuation
[2024-05-30T11:42:32.374+0000][4091.793s][info][gc,phases   ] GC(694)   Pre Evacuate Collection Set: 0.2ms
[2024-05-30T11:42:32.374+0000][4091.793s][info][gc,phases   ] GC(694)   Merge Heap Roots: 0.3ms
[2024-05-30T11:42:32.374+0000][4091.793s][info][gc,phases   ] GC(694)   Evacuate Collection Set: 170.1ms
[2024-05-30T11:42:32.374+0000][4091.793s][info][gc,phases   ] GC(694)   Post Evacuate Collection Set: 25.2ms
[2024-05-30T11:42:32.374+0000][4091.793s][info][gc,phases   ] GC(694)   Other: 0.2ms
[2024-05-30T11:42:32.374+0000][4091.793s][info][gc,heap     ] GC(694) Eden regions: 833->0(826)
[2024-05-30T11:42:32.374+0000][4091.793s][info][gc,heap     ] GC(694) Survivor regions: 40->43(110)
[2024-05-30T11:42:32.374+0000][4091.793s][info][gc,heap     ] GC(694) Old regions: 307->308
[2024-05-30T11:42:32.374+0000][4091.793s][info][gc,heap     ] GC(694) Archive regions: 2->2
[2024-05-30T11:42:32.374+0000][4091.793s][info][gc,heap     ] GC(694) Humongous regions: 6->6
[2024-05-30T11:42:32.374+0000][4091.793s][info][gc,metaspace] GC(694) Metaspace: 413393K(419392K)->413393K(419392K) NonClass: 361392K(364736K)->361392K(364736K) Class: 52000K(54656K)->52000K(54656K)
[2024-05-30T11:42:32.374+0000][4091.793s][info][gc          ] GC(694) Pause Young (Normal) (G1 Evacuation Pause) 9484M->2857M(12288M) 196.084ms
[2024-05-30T11:42:32.374+0000][4091.793s][info][gc,cpu      ] GC(694) User=1.17s Sys=0.00s Real=0.19s
[2024-05-30T11:42:34.884+0000][4094.303s][info][gc,start    ] GC(695) Pause Young (Normal) (G1 Evacuation Pause)
[2024-05-30T11:42:34.884+0000][4094.303s][info][gc,task     ] GC(695) Using 6 workers of 6 for evacuation
[2024-05-30T11:42:35.092+0000][4094.511s][info][gc,mmu      ] GC(695) MMU target violated: 201.0ms (200.0ms/201.0ms)
[2024-05-30T11:42:35.092+0000][4094.511s][info][gc,phases   ] GC(695)   Pre Evacuate Collection Set: 0.2ms
[2024-05-30T11:42:35.092+0000][4094.511s][info][gc,phases   ] GC(695)   Merge Heap Roots: 0.4ms
[2024-05-30T11:42:35.092+0000][4094.511s][info][gc,phases   ] GC(695)   Evacuate Collection Set: 181.4ms
[2024-05-30T11:42:35.092+0000][4094.511s][info][gc,phases   ] GC(695)   Post Evacuate Collection Set: 26.0ms
[2024-05-30T11:42:35.092+0000][4094.511s][info][gc,phases   ] GC(695)   Other: 0.3ms
[2024-05-30T11:42:35.092+0000][4094.511s][info][gc,heap     ] GC(695) Eden regions: 826->0(421)
[2024-05-30T11:42:35.092+0000][4094.511s][info][gc,heap     ] GC(695) Survivor regions: 43->46(109)
[2024-05-30T11:42:35.092+0000][4094.511s][info][gc,heap     ] GC(695) Old regions: 308->309
[2024-05-30T11:42:35.092+0000][4094.511s][info][gc,heap     ] GC(695) Archive regions: 2->2
[2024-05-30T11:42:35.092+0000][4094.511s][info][gc,heap     ] GC(695) Humongous regions: 6->6
[2024-05-30T11:42:35.092+0000][4094.511s][info][gc,metaspace] GC(695) Metaspace: 413393K(419392K)->413393K(419392K) NonClass: 361392K(364736K)->361392K(364736K) Class: 52000K(54656K)->52000K(54656K)
[2024-05-30T11:42:35.092+0000][4094.511s][info][gc          ] GC(695) Pause Young (Normal) (G1 Evacuation Pause) 9465M->2889M(12288M) 208.275ms
[2024-05-30T11:42:35.092+0000][4094.511s][info][gc,cpu      ] GC(695) User=1.23s Sys=0.00s Real=0.21s
[2024-05-30T11:42:36.269+0000][4095.688s][info][gc,start    ] GC(696) Pause Young (Normal) (G1 Evacuation Pause)
[2024-05-30T11:42:36.269+0000][4095.688s][info][gc,task     ] GC(696) Using 6 workers of 6 for evacuation
[2024-05-30T11:42:36.448+0000][4095.867s][info][gc,phases   ] GC(696)   Pre Evacuate Collection Set: 0.2ms
[2024-05-30T11:42:36.448+0000][4095.867s][info][gc,phases   ] GC(696)   Merge Heap Roots: 0.3ms
[2024-05-30T11:42:36.448+0000][4095.867s][info][gc,phases   ] GC(696)   Evacuate Collection Set: 163.9ms
[2024-05-30T11:42:36.448+0000][4095.867s][info][gc,phases   ] GC(696)   Post Evacuate Collection Set: 14.7ms
[2024-05-30T11:42:36.448+0000][4095.867s][info][gc,phases   ] GC(696)   Other: 0.2ms
[2024-05-30T11:42:36.448+0000][4095.867s][info][gc,heap     ] GC(696) Eden regions: 421->0(833)
[2024-05-30T11:42:36.448+0000][4095.867s][info][gc,heap     ] GC(696) Survivor regions: 46->30(59)
[2024-05-30T11:42:36.448+0000][4095.867s][info][gc,heap     ] GC(696) Old regions: 309->327
[2024-05-30T11:42:36.448+0000][4095.867s][info][gc,heap     ] GC(696) Archive regions: 2->2
[2024-05-30T11:42:36.448+0000][4095.867s][info][gc,heap     ] GC(696) Humongous regions: 6->6
[2024-05-30T11:42:36.448+0000][4095.867s][info][gc,metaspace] GC(696) Metaspace: 413393K(419392K)->413393K(419392K) NonClass: 361392K(364736K)->361392K(364736K) Class: 52000K(54656K)->52000K(54656K)
[2024-05-30T11:42:36.448+0000][4095.867s][info][gc          ] GC(696) Pause Young (Normal) (G1 Evacuation Pause) 6257M->2902M(12288M) 179.382ms
[2024-05-30T11:42:36.448+0000][4095.867s][info][gc,cpu      ] GC(696) User=1.06s Sys=0.00s Real=0.17s
[2024-05-30T11:42:38.798+0000][4098.217s][info][gc,start    ] GC(697) Pause Young (Normal) (G1 Evacuation Pause)
[2024-05-30T11:42:38.798+0000][4098.217s][info][gc,task     ] GC(697) Using 6 workers of 6 for evacuation
[2024-05-30T11:42:38.966+0000][4098.385s][info][gc,phases   ] GC(697)   Pre Evacuate Collection Set: 0.2ms
[2024-05-30T11:42:38.966+0000][4098.385s][info][gc,phases   ] GC(697)   Merge Heap Roots: 0.4ms
[2024-05-30T11:42:38.966+0000][4098.385s][info][gc,phases   ] GC(697)   Evacuate Collection Set: 144.9ms
[2024-05-30T11:42:38.966+0000][4098.385s][info][gc,phases   ] GC(697)   Post Evacuate Collection Set: 21.7ms
[2024-05-30T11:42:38.966+0000][4098.385s][info][gc,phases   ] GC(697)   Other: 0.2ms
[2024-05-30T11:42:38.966+0000][4098.385s][info][gc,heap     ] GC(697) Eden regions: 833->0(825)
[2024-05-30T11:42:38.966+0000][4098.385s][info][gc,heap     ] GC(697) Survivor regions: 30->34(108)
[2024-05-30T11:42:38.966+0000][4098.385s][info][gc,heap     ] GC(697) Old regions: 327->327
[2024-05-30T11:42:38.966+0000][4098.385s][info][gc,heap     ] GC(697) Archive regions: 2->2
[2024-05-30T11:42:38.966+0000][4098.385s][info][gc,heap     ] GC(697) Humongous regions: 6->6
[2024-05-30T11:42:38.966+0000][4098.385s][info][gc,metaspace] GC(697) Metaspace: 413393K(419392K)->413393K(419392K) NonClass: 361392K(364736K)->361392K(364736K) Class: 52000K(54656K)->52000K(54656K)
[2024-05-30T11:42:38.966+0000][4098.385s][info][gc          ] GC(697) Pause Young (Normal) (G1 Evacuation Pause) 9566M->2938M(12288M) 167.506ms
[2024-05-30T11:42:38.966+0000][4098.385s][info][gc,cpu      ] GC(697) User=0.98s Sys=0.00s Real=0.16s
[2024-05-30T11:42:41.201+0000][4100.621s][info][gc,start    ] GC(698) Pause Young (Normal) (G1 Evacuation Pause)
[2024-05-30T11:42:41.201+0000][4100.621s][info][gc,task     ] GC(698) Using 6 workers of 6 for evacuation
[2024-05-30T11:42:41.395+0000][4100.814s][info][gc,phases   ] GC(698)   Pre Evacuate Collection Set: 0.2ms
[2024-05-30T11:42:41.395+0000][4100.814s][info][gc,phases   ] GC(698)   Merge Heap Roots: 0.4ms
[2024-05-30T11:42:41.395+0000][4100.814s][info][gc,phases   ] GC(698)   Evacuate Collection Set: 165.9ms
[2024-05-30T11:42:41.395+0000][4100.814s][info][gc,phases   ] GC(698)   Post Evacuate Collection Set: 26.8ms
[2024-05-30T11:42:41.395+0000][4100.814s][info][gc,phases   ] GC(698)   Other: 0.2ms
[2024-05-30T11:42:41.395+0000][4100.814s][info][gc,heap     ] GC(698) Eden regions: 825->0(795)
[2024-05-30T11:42:41.395+0000][4100.814s][info][gc,heap     ] GC(698) Survivor regions: 34->40(108)
[2024-05-30T11:42:41.395+0000][4100.814s][info][gc,heap     ] GC(698) Old regions: 327->327
[2024-05-30T11:42:41.395+0000][4100.814s][info][gc,heap     ] GC(698) Archive regions: 2->2
[2024-05-30T11:42:41.395+0000][4100.814s][info][gc,heap     ] GC(698) Humongous regions: 6->6
[2024-05-30T11:42:41.395+0000][4100.814s][info][gc,metaspace] GC(698) Metaspace: 413394K(419392K)->413394K(419392K) NonClass: 361394K(364736K)->361394K(364736K) Class: 52000K(54656K)->52000K(54656K)
[2024-05-30T11:42:41.395+0000][4100.814s][info][gc          ] GC(698) Pause Young (Normal) (G1 Evacuation Pause) 9538M->2982M(12288M) 193.547ms
[2024-05-30T11:42:41.395+0000][4100.814s][info][gc,cpu      ] GC(698) User=1.13s Sys=0.00s Real=0.19s
[2024-05-30T11:42:43.678+0000][4103.097s][info][gc,start    ] GC(699) Pause Young (Normal) (G1 Evacuation Pause)
[2024-05-30T11:42:43.678+0000][4103.097s][info][gc,task     ] GC(699) Using 6 workers of 6 for evacuation
[2024-05-30T11:42:43.876+0000][4103.295s][info][gc,phases   ] GC(699)   Pre Evacuate Collection Set: 0.2ms
[2024-05-30T11:42:43.876+0000][4103.295s][info][gc,phases   ] GC(699)   Merge Heap Roots: 0.4ms
[2024-05-30T11:42:43.876+0000][4103.295s][info][gc,phases   ] GC(699)   Evacuate Collection Set: 172.7ms
[2024-05-30T11:42:43.876+0000][4103.295s][info][gc,phases   ] GC(699)   Post Evacuate Collection Set: 24.3ms
[2024-05-30T11:42:43.876+0000][4103.295s][info][gc,phases   ] GC(699)   Other: 0.2ms
[2024-05-30T11:42:43.876+0000][4103.295s][info][gc,heap     ] GC(699) Eden regions: 795->0(473)
[2024-05-30T11:42:43.876+0000][4103.295s][info][gc,heap     ] GC(699) Survivor regions: 40->43(105)
[2024-05-30T11:42:43.876+0000][4103.295s][info][gc,heap     ] GC(699) Old regions: 327->327
[2024-05-30T11:42:43.876+0000][4103.295s][info][gc,heap     ] GC(699) Archive regions: 2->2
[2024-05-30T11:42:43.876+0000][4103.295s][info][gc,heap     ] GC(699) Humongous regions: 6->6
[2024-05-30T11:42:43.876+0000][4103.295s][info][gc,metaspace] GC(699) Metaspace: 413394K(419392K)->413394K(419392K) NonClass: 361394K(364736K)->361394K(364736K) Class: 52000K(54656K)->52000K(54656K)
[2024-05-30T11:42:43.876+0000][4103.295s][info][gc          ] GC(699) Pause Young (Normal) (G1 Evacuation Pause) 9342M->3010M(12288M) 197.753ms
[2024-05-30T11:42:43.876+0000][4103.295s][info][gc,cpu      ] GC(699) User=1.16s Sys=0.00s Real=0.19s
[2024-05-30T11:42:45.223+0000][4104.642s][info][gc,start    ] GC(700) Pause Young (Normal) (G1 Evacuation Pause)
[2024-05-30T11:42:45.223+0000][4104.642s][info][gc,task     ] GC(700) Using 6 workers of 6 for evacuation
[2024-05-30T11:42:45.405+0000][4104.825s][info][gc,phases   ] GC(700)   Pre Evacuate Collection Set: 0.2ms
[2024-05-30T11:42:45.406+0000][4104.825s][info][gc,phases   ] GC(700)   Merge Heap Roots: 0.4ms
[2024-05-30T11:42:45.406+0000][4104.825s][info][gc,phases   ] GC(700)   Evacuate Collection Set: 167.8ms
[2024-05-30T11:42:45.406+0000][4104.825s][info][gc,phases   ] GC(700)   Post Evacuate Collection Set: 14.3ms
[2024-05-30T11:42:45.406+0000][4104.825s][info][gc,phases   ] GC(700)   Other: 0.2ms
[2024-05-30T11:42:45.406+0000][4104.825s][info][gc,heap     ] GC(700) Eden regions: 473->0(814)
[2024-05-30T11:42:45.406+0000][4104.825s][info][gc,heap     ] GC(700) Survivor regions: 43->34(65)
[2024-05-30T11:42:45.406+0000][4104.825s][info][gc,heap     ] GC(700) Old regions: 327->338
[2024-05-30T11:42:45.406+0000][4104.825s][info][gc,heap     ] GC(700) Archive regions: 2->2
[2024-05-30T11:42:45.406+0000][4104.825s][info][gc,heap     ] GC(700) Humongous regions: 6->6
[2024-05-30T11:42:45.406+0000][4104.825s][info][gc,metaspace] GC(700) Metaspace: 413394K(419392K)->413394K(419392K) NonClass: 361394K(364736K)->361394K(364736K) Class: 52000K(54656K)->52000K(54656K)
[2024-05-30T11:42:45.406+0000][4104.825s][info][gc          ] GC(700) Pause Young (Normal) (G1 Evacuation Pause) 6794M->3024M(12288M) 183.013ms
[2024-05-30T11:42:45.406+0000][4104.825s][info][gc,cpu      ] GC(700) User=1.08s Sys=0.00s Real=0.18s
[2024-05-30T11:42:47.804+0000][4107.223s][info][gc,start    ] GC(701) Pause Young (Normal) (G1 Evacuation Pause)
[2024-05-30T11:42:47.804+0000][4107.223s][info][gc,task     ] GC(701) Using 6 workers of 6 for evacuation
[2024-05-30T11:42:47.963+0000][4107.383s][info][gc,phases   ] GC(701)   Pre Evacuate Collection Set: 0.2ms
[2024-05-30T11:42:47.963+0000][4107.383s][info][gc,phases   ] GC(701)   Merge Heap Roots: 0.6ms
[2024-05-30T11:42:47.963+0000][4107.383s][info][gc,phases   ] GC(701)   Evacuate Collection Set: 135.2ms
[2024-05-30T11:42:47.963+0000][4107.383s][info][gc,phases   ] GC(701)   Post Evacuate Collection Set: 23.3ms
[2024-05-30T11:42:47.963+0000][4107.383s][info][gc,phases   ] GC(701)   Other: 0.2ms
[2024-05-30T11:42:47.963+0000][4107.383s][info][gc,heap     ] GC(701) Eden regions: 814->0(820)
[2024-05-30T11:42:47.963+0000][4107.383s][info][gc,heap     ] GC(701) Survivor regions: 34->31(106)
[2024-05-30T11:42:47.963+0000][4107.383s][info][gc,heap     ] GC(701) Old regions: 338->338
[2024-05-30T11:42:47.963+0000][4107.383s][info][gc,heap     ] GC(701) Archive regions: 2->2
[2024-05-30T11:42:47.963+0000][4107.383s][info][gc,heap     ] GC(701) Humongous regions: 6->6
[2024-05-30T11:42:47.963+0000][4107.383s][info][gc,metaspace] GC(701) Metaspace: 413397K(419392K)->413397K(419392K) NonClass: 361396K(364736K)->361396K(364736K) Class: 52000K(54656K)->52000K(54656K)
[2024-05-30T11:42:47.963+0000][4107.383s][info][gc          ] GC(701) Pause Young (Normal) (G1 Evacuation Pause) 9536M->3004M(12288M) 159.580ms
[2024-05-30T11:42:47.963+0000][4107.383s][info][gc,cpu      ] GC(701) User=0.94s Sys=0.00s Real=0.16s
[2024-05-30T11:42:56.605+0000][4116.024s][info][gc,start    ] GC(702) Pause Young (Normal) (G1 Evacuation Pause)
[2024-05-30T11:42:56.605+0000][4116.024s][info][gc,task     ] GC(702) Using 6 workers of 6 for evacuation
[2024-05-30T11:42:56.705+0000][4116.125s][info][gc,phases   ] GC(702)   Pre Evacuate Collection Set: 0.2ms
[2024-05-30T11:42:56.705+0000][4116.125s][info][gc,phases   ] GC(702)   Merge Heap Roots: 0.4ms
[2024-05-30T11:42:56.705+0000][4116.125s][info][gc,phases   ] GC(702)   Evacuate Collection Set: 96.9ms
[2024-05-30T11:42:56.705+0000][4116.125s][info][gc,phases   ] GC(702)   Post Evacuate Collection Set: 2.7ms
[2024-05-30T11:42:56.705+0000][4116.125s][info][gc,phases   ] GC(702)   Other: 0.2ms
[2024-05-30T11:42:56.705+0000][4116.125s][info][gc,heap     ] GC(702) Eden regions: 820->0(824)
[2024-05-30T11:42:56.705+0000][4116.125s][info][gc,heap     ] GC(702) Survivor regions: 31->29(107)
[2024-05-30T11:42:56.705+0000][4116.125s][info][gc,heap     ] GC(702) Old regions: 338->338
[2024-05-30T11:42:56.705+0000][4116.125s][info][gc,heap     ] GC(702) Archive regions: 2->2
[2024-05-30T11:42:56.705+0000][4116.125s][info][gc,heap     ] GC(702) Humongous regions: 6->6
[2024-05-30T11:42:56.706+0000][4116.125s][info][gc,metaspace] GC(702) Metaspace: 413397K(419392K)->413397K(419392K) NonClass: 361396K(364736K)->361396K(364736K) Class: 52000K(54656K)->52000K(54656K)
[2024-05-30T11:42:56.706+0000][4116.125s][info][gc          ] GC(702) Pause Young (Normal) (G1 Evacuation Pause) 9564M->2984M(12288M) 100.609ms
[2024-05-30T11:42:56.706+0000][4116.125s][info][gc,cpu      ] GC(702) User=0.60s Sys=0.00s Real=0.10s
[2024-05-30T11:43:05.954+0000][4125.373s][info][gc,start    ] GC(703) Pause Young (Normal) (G1 Evacuation Pause)
[2024-05-30T11:43:05.954+0000][4125.373s][info][gc,task     ] GC(703) Using 6 workers of 6 for evacuation
[2024-05-30T11:43:06.055+0000][4125.474s][info][gc,phases   ] GC(703)   Pre Evacuate Collection Set: 0.2ms
[2024-05-30T11:43:06.055+0000][4125.474s][info][gc,phases   ] GC(703)   Merge Heap Roots: 0.3ms
[2024-05-30T11:43:06.055+0000][4125.474s][info][gc,phases   ] GC(703)   Evacuate Collection Set: 97.8ms
[2024-05-30T11:43:06.055+0000][4125.474s][info][gc,phases   ] GC(703)   Post Evacuate Collection Set: 2.6ms
[2024-05-30T11:43:06.055+0000][4125.474s][info][gc,phases   ] GC(703)   Other: 0.2ms
[2024-05-30T11:43:06.055+0000][4125.474s][info][gc,heap     ] GC(703) Eden regions: 824->0(816)
[2024-05-30T11:43:06.055+0000][4125.474s][info][gc,heap     ] GC(703) Survivor regions: 29->33(107)
[2024-05-30T11:43:06.055+0000][4125.474s][info][gc,heap     ] GC(703) Old regions: 338->338
[2024-05-30T11:43:06.055+0000][4125.474s][info][gc,heap     ] GC(703) Archive regions: 2->2
[2024-05-30T11:43:06.055+0000][4125.474s][info][gc,heap     ] GC(703) Humongous regions: 6->6
[2024-05-30T11:43:06.055+0000][4125.474s][info][gc,metaspace] GC(703) Metaspace: 413397K(419392K)->413397K(419392K) NonClass: 361396K(364736K)->361396K(364736K) Class: 52000K(54656K)->52000K(54656K)
[2024-05-30T11:43:06.055+0000][4125.474s][info][gc          ] GC(703) Pause Young (Normal) (G1 Evacuation Pause) 9576M->3016M(12288M) 101.261ms
[2024-05-30T11:43:06.055+0000][4125.474s][info][gc,cpu      ] GC(703) User=0.61s Sys=0.00s Real=0.10s
[2024-05-30T11:43:15.041+0000][4134.460s][info][gc,start    ] GC(704) Pause Young (Normal) (G1 Evacuation Pause)
[2024-05-30T11:43:15.041+0000][4134.460s][info][gc,task     ] GC(704) Using 6 workers of 6 for evacuation
[2024-05-30T11:43:15.147+0000][4134.566s][info][gc,phases   ] GC(704)   Pre Evacuate Collection Set: 0.2ms
[2024-05-30T11:43:15.147+0000][4134.566s][info][gc,phases   ] GC(704)   Merge Heap Roots: 0.3ms
[2024-05-30T11:43:15.147+0000][4134.566s][info][gc,phases   ] GC(704)   Evacuate Collection Set: 103.1ms
[2024-05-30T11:43:15.147+0000][4134.566s][info][gc,phases   ] GC(704)   Post Evacuate Collection Set: 2.3ms
[2024-05-30T11:43:15.147+0000][4134.566s][info][gc,phases   ] GC(704)   Other: 0.2ms
[2024-05-30T11:43:15.147+0000][4134.566s][info][gc,heap     ] GC(704) Eden regions: 816->0(812)
[2024-05-30T11:43:15.147+0000][4134.566s][info][gc,heap     ] GC(704) Survivor regions: 33->35(107)
[2024-05-30T11:43:15.147+0000][4134.566s][info][gc,heap     ] GC(704) Old regions: 338->338
[2024-05-30T11:43:15.147+0000][4134.566s][info][gc,heap     ] GC(704) Archive regions: 2->2
[2024-05-30T11:43:15.147+0000][4134.566s][info][gc,heap     ] GC(704) Humongous regions: 6->6
[2024-05-30T11:43:15.147+0000][4134.566s][info][gc,metaspace] GC(704) Metaspace: 413397K(419392K)->413397K(419392K) NonClass: 361396K(364736K)->361396K(364736K) Class: 52000K(54656K)->52000K(54656K)
[2024-05-30T11:43:15.147+0000][4134.566s][info][gc          ] GC(704) Pause Young (Normal) (G1 Evacuation Pause) 9544M->3032M(12288M) 106.146ms
[2024-05-30T11:43:15.147+0000][4134.566s][info][gc,cpu      ] GC(704) User=0.64s Sys=0.00s Real=0.10s
[2024-05-30T11:43:24.065+0000][4143.484s][info][gc,start    ] GC(705) Pause Young (Normal) (G1 Evacuation Pause)
[2024-05-30T11:43:24.065+0000][4143.484s][info][gc,task     ] GC(705) Using 6 workers of 6 for evacuation
[2024-05-30T11:43:24.176+0000][4143.595s][info][gc,phases   ] GC(705)   Pre Evacuate Collection Set: 0.2ms
[2024-05-30T11:43:24.176+0000][4143.595s][info][gc,phases   ] GC(705)   Merge Heap Roots: 0.3ms
[2024-05-30T11:43:24.176+0000][4143.595s][info][gc,phases   ] GC(705)   Evacuate Collection Set: 107.9ms
[2024-05-30T11:43:24.176+0000][4143.595s][info][gc,phases   ] GC(705)   Post Evacuate Collection Set: 2.5ms
[2024-05-30T11:43:24.176+0000][4143.595s][info][gc,phases   ] GC(705)   Other: 0.2ms
[2024-05-30T11:43:24.176+0000][4143.595s][info][gc,heap     ] GC(705) Eden regions: 812->0(804)
[2024-05-30T11:43:24.176+0000][4143.595s][info][gc,heap     ] GC(705) Survivor regions: 35->39(106)
[2024-05-30T11:43:24.176+0000][4143.595s][info][gc,heap     ] GC(705) Old regions: 338->338
[2024-05-30T11:43:24.176+0000][4143.595s][info][gc,heap     ] GC(705) Archive regions: 2->2
[2024-05-30T11:43:24.176+0000][4143.595s][info][gc,heap     ] GC(705) Humongous regions: 6->6
[2024-05-30T11:43:24.176+0000][4143.595s][info][gc,metaspace] GC(705) Metaspace: 413402K(419392K)->413402K(419392K) NonClass: 361402K(364736K)->361402K(364736K) Class: 52000K(54656K)->52000K(54656K)
[2024-05-30T11:43:24.176+0000][4143.595s][info][gc          ] GC(705) Pause Young (Normal) (G1 Evacuation Pause) 9528M->3068M(12288M) 111.195ms
[2024-05-30T11:43:24.176+0000][4143.595s][info][gc,cpu      ] GC(705) User=0.66s Sys=0.00s Real=0.11s
[2024-05-30T11:43:32.828+0000][4152.247s][info][gc,start    ] GC(706) Pause Young (Normal) (G1 Evacuation Pause)
[2024-05-30T11:43:32.828+0000][4152.247s][info][gc,task     ] GC(706) Using 6 workers of 6 for evacuation
[2024-05-30T11:43:32.941+0000][4152.361s][info][gc,phases   ] GC(706)   Pre Evacuate Collection Set: 0.2ms
[2024-05-30T11:43:32.942+0000][4152.361s][info][gc,phases   ] GC(706)   Merge Heap Roots: 0.3ms
[2024-05-30T11:43:32.942+0000][4152.361s][info][gc,phases   ] GC(706)   Evacuate Collection Set: 110.1ms
[2024-05-30T11:43:32.942+0000][4152.361s][info][gc,phases   ] GC(706)   Post Evacuate Collection Set: 2.5ms
[2024-05-30T11:43:32.942+0000][4152.361s][info][gc,phases   ] GC(706)   Other: 0.2ms
[2024-05-30T11:43:32.942+0000][4152.361s][info][gc,heap     ] GC(706) Eden regions: 804->0(806)
[2024-05-30T11:43:32.942+0000][4152.361s][info][gc,heap     ] GC(706) Survivor regions: 39->38(106)
[2024-05-30T11:43:32.942+0000][4152.361s][info][gc,heap     ] GC(706) Old regions: 338->338
[2024-05-30T11:43:32.942+0000][4152.361s][info][gc,heap     ] GC(706) Archive regions: 2->2
[2024-05-30T11:43:32.942+0000][4152.361s][info][gc,heap     ] GC(706) Humongous regions: 6->6
[2024-05-30T11:43:32.942+0000][4152.361s][info][gc,metaspace] GC(706) Metaspace: 413403K(419392K)->413403K(419392K) NonClass: 361402K(364736K)->361402K(364736K) Class: 52000K(54656K)->52000K(54656K)
[2024-05-30T11:43:32.942+0000][4152.361s][info][gc          ] GC(706) Pause Young (Normal) (G1 Evacuation Pause) 9500M->3060M(12288M) 113.374ms
[2024-05-30T11:43:32.942+0000][4152.361s][info][gc,cpu      ] GC(706) User=0.68s Sys=0.00s Real=0.12s
[2024-05-30T11:43:41.825+0000][4161.244s][info][gc,start    ] GC(707) Pause Young (Normal) (G1 Evacuation Pause)
[2024-05-30T11:43:41.825+0000][4161.244s][info][gc,task     ] GC(707) Using 6 workers of 6 for evacuation
[2024-05-30T11:43:41.941+0000][4161.360s][info][gc,phases   ] GC(707)   Pre Evacuate Collection Set: 0.2ms
[2024-05-30T11:43:41.941+0000][4161.360s][info][gc,phases   ] GC(707)   Merge Heap Roots: 0.3ms
[2024-05-30T11:43:41.941+0000][4161.360s][info][gc,phases   ] GC(707)   Evacuate Collection Set: 113.1ms
[2024-05-30T11:43:41.941+0000][4161.360s][info][gc,phases   ] GC(707)   Post Evacuate Collection Set: 2.5ms
[2024-05-30T11:43:41.941+0000][4161.360s][info][gc,phases   ] GC(707)   Other: 0.2ms
[2024-05-30T11:43:41.941+0000][4161.360s][info][gc,heap     ] GC(707) Eden regions: 806->0(802)
[2024-05-30T11:43:41.941+0000][4161.360s][info][gc,heap     ] GC(707) Survivor regions: 38->40(106)
[2024-05-30T11:43:41.941+0000][4161.360s][info][gc,heap     ] GC(707) Old regions: 338->338
[2024-05-30T11:43:41.941+0000][4161.360s][info][gc,heap     ] GC(707) Archive regions: 2->2
[2024-05-30T11:43:41.941+0000][4161.360s][info][gc,heap     ] GC(707) Humongous regions: 6->6
[2024-05-30T11:43:41.941+0000][4161.360s][info][gc,metaspace] GC(707) Metaspace: 413403K(419456K)->413403K(419456K) NonClass: 361402K(364800K)->361402K(364800K) Class: 52000K(54656K)->52000K(54656K)
[2024-05-30T11:43:41.941+0000][4161.360s][info][gc          ] GC(707) Pause Young (Normal) (G1 Evacuation Pause) 9508M->3076M(12288M) 116.408ms
[2024-05-30T11:43:41.941+0000][4161.361s][info][gc,cpu      ] GC(707) User=0.70s Sys=0.00s Real=0.12s
[2024-05-30T11:43:50.895+0000][4170.314s][info][gc,start    ] GC(708) Pause Young (Normal) (G1 Evacuation Pause)
[2024-05-30T11:43:50.895+0000][4170.314s][info][gc,task     ] GC(708) Using 6 workers of 6 for evacuation
[2024-05-30T11:43:51.017+0000][4170.437s][info][gc,phases   ] GC(708)   Pre Evacuate Collection Set: 0.2ms
[2024-05-30T11:43:51.017+0000][4170.437s][info][gc,phases   ] GC(708)   Merge Heap Roots: 0.3ms
[2024-05-30T11:43:51.017+0000][4170.437s][info][gc,phases   ] GC(708)   Evacuate Collection Set: 119.3ms
[2024-05-30T11:43:51.017+0000][4170.437s][info][gc,phases   ] GC(708)   Post Evacuate Collection Set: 2.5ms
[2024-05-30T11:43:51.017+0000][4170.437s][info][gc,phases   ] GC(708)   Other: 0.2ms
[2024-05-30T11:43:51.017+0000][4170.437s][info][gc,heap     ] GC(708) Eden regions: 802->0(801)
[2024-05-30T11:43:51.017+0000][4170.437s][info][gc,heap     ] GC(708) Survivor regions: 40->38(106)
[2024-05-30T11:43:51.017+0000][4170.437s][info][gc,heap     ] GC(708) Old regions: 338->343
[2024-05-30T11:43:51.017+0000][4170.437s][info][gc,heap     ] GC(708) Archive regions: 2->2
[2024-05-30T11:43:51.017+0000][4170.437s][info][gc,heap     ] GC(708) Humongous regions: 6->6
[2024-05-30T11:43:51.017+0000][4170.437s][info][gc,metaspace] GC(708) Metaspace: 413403K(419456K)->413403K(419456K) NonClass: 361402K(364800K)->361402K(364800K) Class: 52000K(54656K)->52000K(54656K)
[2024-05-30T11:43:51.018+0000][4170.437s][info][gc          ] GC(708) Pause Young (Normal) (G1 Evacuation Pause) 9492M->3091M(12288M) 122.553ms
[2024-05-30T11:43:51.018+0000][4170.437s][info][gc,cpu      ] GC(708) User=0.73s Sys=0.00s Real=0.13s
[2024-05-30T11:43:59.016+0000][4178.435s][info][gc,start    ] GC(709) Pause Young (Normal) (G1 Evacuation Pause)
[2024-05-30T11:43:59.016+0000][4178.435s][info][gc,task     ] GC(709) Using 6 workers of 6 for evacuation
[2024-05-30T11:43:59.121+0000][4178.540s][info][gc,phases   ] GC(709)   Pre Evacuate Collection Set: 0.2ms
[2024-05-30T11:43:59.121+0000][4178.541s][info][gc,phases   ] GC(709)   Merge Heap Roots: 0.3ms
[2024-05-30T11:43:59.121+0000][4178.541s][info][gc,phases   ] GC(709)   Evacuate Collection Set: 102.5ms
[2024-05-30T11:43:59.121+0000][4178.541s][info][gc,phases   ] GC(709)   Post Evacuate Collection Set: 2.5ms
[2024-05-30T11:43:59.121+0000][4178.541s][info][gc,phases   ] GC(709)   Other: 0.2ms
[2024-05-30T11:43:59.121+0000][4178.541s][info][gc,heap     ] GC(709) Eden regions: 801->0(810)
[2024-05-30T11:43:59.121+0000][4178.541s][info][gc,heap     ] GC(709) Survivor regions: 38->32(105)
[2024-05-30T11:43:59.121+0000][4178.541s][info][gc,heap     ] GC(709) Old regions: 343->346
[2024-05-30T11:43:59.121+0000][4178.541s][info][gc,heap     ] GC(709) Archive regions: 2->2
[2024-05-30T11:43:59.121+0000][4178.541s][info][gc,heap     ] GC(709) Humongous regions: 6->6
[2024-05-30T11:43:59.121+0000][4178.541s][info][gc,metaspace] GC(709) Metaspace: 413409K(419456K)->413409K(419456K) NonClass: 361408K(364800K)->361408K(364800K) Class: 52001K(54656K)->52001K(54656K)
[2024-05-30T11:43:59.121+0000][4178.541s][info][gc          ] GC(709) Pause Young (Normal) (G1 Evacuation Pause) 9499M->3065M(12288M) 105.799ms
[2024-05-30T11:43:59.121+0000][4178.541s][info][gc,cpu      ] GC(709) User=0.63s Sys=0.00s Real=0.11s
[2024-05-30T11:44:07.976+0000][4187.395s][info][gc,start    ] GC(710) Pause Young (Normal) (G1 Evacuation Pause)
[2024-05-30T11:44:07.976+0000][4187.395s][info][gc,task     ] GC(710) Using 6 workers of 6 for evacuation
[2024-05-30T11:44:08.072+0000][4187.491s][info][gc,phases   ] GC(710)   Pre Evacuate Collection Set: 0.2ms
[2024-05-30T11:44:08.072+0000][4187.491s][info][gc,phases   ] GC(710)   Merge Heap Roots: 0.3ms
[2024-05-30T11:44:08.072+0000][4187.491s][info][gc,phases   ] GC(710)   Evacuate Collection Set: 93.5ms
[2024-05-30T11:44:08.072+0000][4187.491s][info][gc,phases   ] GC(710)   Post Evacuate Collection Set: 2.3ms
[2024-05-30T11:44:08.072+0000][4187.491s][info][gc,phases   ] GC(710)   Other: 0.2ms
[2024-05-30T11:44:08.072+0000][4187.491s][info][gc,heap     ] GC(710) Eden regions: 810->0(810)
[2024-05-30T11:44:08.072+0000][4187.491s][info][gc,heap     ] GC(710) Survivor regions: 32->30(106)
[2024-05-30T11:44:08.072+0000][4187.491s][info][gc,heap     ] GC(710) Old regions: 346->350
[2024-05-30T11:44:08.072+0000][4187.491s][info][gc,heap     ] GC(710) Archive regions: 2->2
[2024-05-30T11:44:08.072+0000][4187.491s][info][gc,heap     ] GC(710) Humongous regions: 6->6
[2024-05-30T11:44:08.072+0000][4187.491s][info][gc,metaspace] GC(710) Metaspace: 413409K(419456K)->413409K(419456K) NonClass: 361408K(364800K)->361408K(364800K) Class: 52001K(54656K)->52001K(54656K)
[2024-05-30T11:44:08.072+0000][4187.492s][info][gc          ] GC(710) Pause Young (Normal) (G1 Evacuation Pause) 9545M->3083M(12288M) 96.592ms
[2024-05-30T11:44:08.072+0000][4187.492s][info][gc,cpu      ] GC(710) User=0.57s Sys=0.00s Real=0.10s
[2024-05-30T11:44:16.819+0000][4196.238s][info][gc,start    ] GC(711) Pause Young (Normal) (G1 Evacuation Pause)
[2024-05-30T11:44:16.819+0000][4196.238s][info][gc,task     ] GC(711) Using 6 workers of 6 for evacuation
[2024-05-30T11:44:16.904+0000][4196.324s][info][gc,phases   ] GC(711)   Pre Evacuate Collection Set: 0.2ms
[2024-05-30T11:44:16.904+0000][4196.324s][info][gc,phases   ] GC(711)   Merge Heap Roots: 0.3ms
[2024-05-30T11:44:16.904+0000][4196.324s][info][gc,phases   ] GC(711)   Evacuate Collection Set: 82.5ms
[2024-05-30T11:44:16.904+0000][4196.324s][info][gc,phases   ] GC(711)   Post Evacuate Collection Set: 2.3ms
[2024-05-30T11:44:16.904+0000][4196.324s][info][gc,phases   ] GC(711)   Other: 0.3ms
[2024-05-30T11:44:16.904+0000][4196.324s][info][gc,heap     ] GC(711) Eden regions: 810->0(808)
[2024-05-30T11:44:16.904+0000][4196.324s][info][gc,heap     ] GC(711) Survivor regions: 30->31(105)
[2024-05-30T11:44:16.904+0000][4196.324s][info][gc,heap     ] GC(711) Old regions: 350->350
[2024-05-30T11:44:16.904+0000][4196.324s][info][gc,heap     ] GC(711) Archive regions: 2->2
[2024-05-30T11:44:16.904+0000][4196.324s][info][gc,heap     ] GC(711) Humongous regions: 6->6
[2024-05-30T11:44:16.904+0000][4196.324s][info][gc,metaspace] GC(711) Metaspace: 413409K(419456K)->413409K(419456K) NonClass: 361408K(364800K)->361408K(364800K) Class: 52001K(54656K)->52001K(54656K)
[2024-05-30T11:44:16.905+0000][4196.324s][info][gc          ] GC(711) Pause Young (Normal) (G1 Evacuation Pause) 9563M->3100M(12288M) 85.632ms
[2024-05-30T11:44:16.905+0000][4196.324s][info][gc,cpu      ] GC(711) User=0.51s Sys=0.00s Real=0.08s
[2024-05-30T11:44:25.780+0000][4205.199s][info][gc,start    ] GC(712) Pause Young (Normal) (G1 Evacuation Pause)
[2024-05-30T11:44:25.780+0000][4205.199s][info][gc,task     ] GC(712) Using 6 workers of 6 for evacuation
[2024-05-30T11:44:25.870+0000][4205.289s][info][gc,phases   ] GC(712)   Pre Evacuate Collection Set: 0.2ms
[2024-05-30T11:44:25.870+0000][4205.289s][info][gc,phases   ] GC(712)   Merge Heap Roots: 0.3ms
[2024-05-30T11:44:25.870+0000][4205.289s][info][gc,phases   ] GC(712)   Evacuate Collection Set: 86.7ms
[2024-05-30T11:44:25.870+0000][4205.289s][info][gc,phases   ] GC(712)   Post Evacuate Collection Set: 2.4ms
[2024-05-30T11:44:25.870+0000][4205.289s][info][gc,phases   ] GC(712)   Other: 0.2ms
[2024-05-30T11:44:25.870+0000][4205.289s][info][gc,heap     ] GC(712) Eden regions: 808->0(803)
[2024-05-30T11:44:25.870+0000][4205.289s][info][gc,heap     ] GC(712) Survivor regions: 31->33(105)
[2024-05-30T11:44:25.870+0000][4205.289s][info][gc,heap     ] GC(712) Old regions: 350->351
[2024-05-30T11:44:25.870+0000][4205.289s][info][gc,heap     ] GC(712) Archive regions: 2->2
[2024-05-30T11:44:25.870+0000][4205.289s][info][gc,heap     ] GC(712) Humongous regions: 6->6
[2024-05-30T11:44:25.870+0000][4205.289s][info][gc,metaspace] GC(712) Metaspace: 413410K(419456K)->413410K(419456K) NonClass: 361409K(364800K)->361409K(364800K) Class: 52001K(54656K)->52001K(54656K)
[2024-05-30T11:44:25.870+0000][4205.289s][info][gc          ] GC(712) Pause Young (Normal) (G1 Evacuation Pause) 9564M->3117M(12288M) 89.867ms
[2024-05-30T11:44:25.870+0000][4205.289s][info][gc,cpu      ] GC(712) User=0.53s Sys=0.00s Real=0.09s
[2024-05-30T11:44:34.561+0000][4213.980s][info][gc,start    ] GC(713) Pause Young (Normal) (G1 Evacuation Pause)
[2024-05-30T11:44:34.561+0000][4213.980s][info][gc,task     ] GC(713) Using 6 workers of 6 for evacuation
[2024-05-30T11:44:34.655+0000][4214.074s][info][gc,phases   ] GC(713)   Pre Evacuate Collection Set: 0.2ms
[2024-05-30T11:44:34.655+0000][4214.074s][info][gc,phases   ] GC(713)   Merge Heap Roots: 0.3ms
[2024-05-30T11:44:34.655+0000][4214.074s][info][gc,phases   ] GC(713)   Evacuate Collection Set: 90.5ms
[2024-05-30T11:44:34.655+0000][4214.074s][info][gc,phases   ] GC(713)   Post Evacuate Collection Set: 2.3ms
[2024-05-30T11:44:34.655+0000][4214.074s][info][gc,phases   ] GC(713)   Other: 0.2ms
[2024-05-30T11:44:34.655+0000][4214.074s][info][gc,heap     ] GC(713) Eden regions: 803->0(807)
[2024-05-30T11:44:34.655+0000][4214.074s][info][gc,heap     ] GC(713) Survivor regions: 33->30(105)
[2024-05-30T11:44:34.655+0000][4214.074s][info][gc,heap     ] GC(713) Old regions: 351->353
[2024-05-30T11:44:34.655+0000][4214.074s][info][gc,heap     ] GC(713) Archive regions: 2->2
[2024-05-30T11:44:34.655+0000][4214.074s][info][gc,heap     ] GC(713) Humongous regions: 6->6
[2024-05-30T11:44:34.655+0000][4214.074s][info][gc,metaspace] GC(713) Metaspace: 413410K(419456K)->413410K(419456K) NonClass: 361409K(364800K)->361409K(364800K) Class: 52001K(54656K)->52001K(54656K)
[2024-05-30T11:44:34.655+0000][4214.074s][info][gc          ] GC(713) Pause Young (Normal) (G1 Evacuation Pause) 9541M->3114M(12288M) 93.598ms
[2024-05-30T11:44:34.655+0000][4214.074s][info][gc,cpu      ] GC(713) User=0.55s Sys=0.01s Real=0.09s
[2024-05-30T11:44:43.613+0000][4223.032s][info][gc,start    ] GC(714) Pause Young (Normal) (G1 Evacuation Pause)
[2024-05-30T11:44:43.613+0000][4223.032s][info][gc,task     ] GC(714) Using 6 workers of 6 for evacuation
[2024-05-30T11:44:43.697+0000][4223.117s][info][gc,phases   ] GC(714)   Pre Evacuate Collection Set: 0.2ms
[2024-05-30T11:44:43.697+0000][4223.117s][info][gc,phases   ] GC(714)   Merge Heap Roots: 0.3ms
[2024-05-30T11:44:43.697+0000][4223.117s][info][gc,phases   ] GC(714)   Evacuate Collection Set: 81.6ms
[2024-05-30T11:44:43.697+0000][4223.117s][info][gc,phases   ] GC(714)   Post Evacuate Collection Set: 2.3ms
[2024-05-30T11:44:43.697+0000][4223.117s][info][gc,phases   ] GC(714)   Other: 0.2ms
[2024-05-30T11:44:43.697+0000][4223.117s][info][gc,heap     ] GC(714) Eden regions: 807->0(806)
[2024-05-30T11:44:43.697+0000][4223.117s][info][gc,heap     ] GC(714) Survivor regions: 30->29(105)
[2024-05-30T11:44:43.697+0000][4223.117s][info][gc,heap     ] GC(714) Old regions: 353->356
[2024-05-30T11:44:43.697+0000][4223.117s][info][gc,heap     ] GC(714) Archive regions: 2->2
[2024-05-30T11:44:43.697+0000][4223.117s][info][gc,heap     ] GC(714) Humongous regions: 6->6
[2024-05-30T11:44:43.697+0000][4223.117s][info][gc,metaspace] GC(714) Metaspace: 413410K(419456K)->413410K(419456K) NonClass: 361409K(364800K)->361409K(364800K) Class: 52001K(54656K)->52001K(54656K)
[2024-05-30T11:44:43.697+0000][4223.117s][info][gc          ] GC(714) Pause Young (Normal) (G1 Evacuation Pause) 9570M->3126M(12288M) 84.639ms
[2024-05-30T11:44:43.697+0000][4223.117s][info][gc,cpu      ] GC(714) User=0.50s Sys=0.00s Real=0.09s
[2024-05-30T11:44:52.760+0000][4232.180s][info][gc,start    ] GC(715) Pause Young (Normal) (G1 Evacuation Pause)
[2024-05-30T11:44:52.760+0000][4232.180s][info][gc,task     ] GC(715) Using 6 workers of 6 for evacuation
[2024-05-30T11:44:52.839+0000][4232.259s][info][gc,phases   ] GC(715)   Pre Evacuate Collection Set: 0.2ms
[2024-05-30T11:44:52.839+0000][4232.259s][info][gc,phases   ] GC(715)   Merge Heap Roots: 0.2ms
[2024-05-30T11:44:52.839+0000][4232.259s][info][gc,phases   ] GC(715)   Evacuate Collection Set: 75.9ms
[2024-05-30T11:44:52.839+0000][4232.259s][info][gc,phases   ] GC(715)   Post Evacuate Collection Set: 2.5ms
[2024-05-30T11:44:52.839+0000][4232.259s][info][gc,phases   ] GC(715)   Other: 0.2ms
[2024-05-30T11:44:52.839+0000][4232.259s][info][gc,heap     ] GC(715) Eden regions: 806->0(801)
[2024-05-30T11:44:52.839+0000][4232.259s][info][gc,heap     ] GC(715) Survivor regions: 29->30(105)
[2024-05-30T11:44:52.839+0000][4232.259s][info][gc,heap     ] GC(715) Old regions: 356->359
[2024-05-30T11:44:52.839+0000][4232.259s][info][gc,heap     ] GC(715) Archive regions: 2->2
[2024-05-30T11:44:52.839+0000][4232.259s][info][gc,heap     ] GC(715) Humongous regions: 6->6
[2024-05-30T11:44:52.839+0000][4232.259s][info][gc,metaspace] GC(715) Metaspace: 413410K(419456K)->413410K(419456K) NonClass: 361409K(364800K)->361409K(364800K) Class: 52001K(54656K)->52001K(54656K)
[2024-05-30T11:44:52.839+0000][4232.259s][info][gc          ] GC(715) Pause Young (Normal) (G1 Evacuation Pause) 9574M->3157M(12288M) 79.111ms
[2024-05-30T11:44:52.839+0000][4232.259s][info][gc,cpu      ] GC(715) User=0.47s Sys=0.01s Real=0.08s
[2024-05-30T11:45:00.649+0000][4240.068s][info][gc,start    ] GC(716) Pause Young (Normal) (G1 Evacuation Pause)
[2024-05-30T11:45:00.649+0000][4240.068s][info][gc,task     ] GC(716) Using 6 workers of 6 for evacuation
[2024-05-30T11:45:00.722+0000][4240.141s][info][gc,phases   ] GC(716)   Pre Evacuate Collection Set: 0.2ms
[2024-05-30T11:45:00.722+0000][4240.141s][info][gc,phases   ] GC(716)   Merge Heap Roots: 0.2ms
[2024-05-30T11:45:00.722+0000][4240.141s][info][gc,phases   ] GC(716)   Evacuate Collection Set: 69.6ms
[2024-05-30T11:45:00.722+0000][4240.141s][info][gc,phases   ] GC(716)   Post Evacuate Collection Set: 2.4ms
[2024-05-30T11:45:00.722+0000][4240.141s][info][gc,phases   ] GC(716)   Other: 0.2ms
[2024-05-30T11:45:00.722+0000][4240.141s][info][gc,heap     ] GC(716) Eden regions: 801->0(812)
[2024-05-30T11:45:00.722+0000][4240.141s][info][gc,heap     ] GC(716) Survivor regions: 30->23(104)
[2024-05-30T11:45:00.722+0000][4240.141s][info][gc,heap     ] GC(716) Old regions: 359->362
[2024-05-30T11:45:00.722+0000][4240.141s][info][gc,heap     ] GC(716) Archive regions: 2->2
[2024-05-30T11:45:00.722+0000][4240.141s][info][gc,heap     ] GC(716) Humongous regions: 6->6
[2024-05-30T11:45:00.722+0000][4240.141s][info][gc,metaspace] GC(716) Metaspace: 413434K(419456K)->413434K(419456K) NonClass: 361429K(364800K)->361429K(364800K) Class: 52005K(54656K)->52005K(54656K)
[2024-05-30T11:45:00.722+0000][4240.141s][info][gc          ] GC(716) Pause Young (Normal) (G1 Evacuation Pause) 9565M->3125M(12288M) 72.656ms
[2024-05-30T11:45:00.722+0000][4240.141s][info][gc,cpu      ] GC(716) User=0.43s Sys=0.00s Real=0.07s
[2024-05-30T11:45:07.465+0000][4246.884s][info][gc,start    ] GC(717) Pause Young (Normal) (G1 Evacuation Pause)
[2024-05-30T11:45:07.465+0000][4246.884s][info][gc,task     ] GC(717) Using 6 workers of 6 for evacuation
[2024-05-30T11:45:07.524+0000][4246.943s][info][gc,phases   ] GC(717)   Pre Evacuate Collection Set: 0.2ms
[2024-05-30T11:45:07.524+0000][4246.943s][info][gc,phases   ] GC(717)   Merge Heap Roots: 0.2ms
[2024-05-30T11:45:07.524+0000][4246.943s][info][gc,phases   ] GC(717)   Evacuate Collection Set: 56.5ms
[2024-05-30T11:45:07.524+0000][4246.943s][info][gc,phases   ] GC(717)   Post Evacuate Collection Set: 2.3ms
[2024-05-30T11:45:07.524+0000][4246.943s][info][gc,phases   ] GC(717)   Other: 0.2ms
[2024-05-30T11:45:07.524+0000][4246.943s][info][gc,heap     ] GC(717) Eden regions: 812->0(809)
[2024-05-30T11:45:07.524+0000][4246.943s][info][gc,heap     ] GC(717) Survivor regions: 23->24(105)
[2024-05-30T11:45:07.524+0000][4246.943s][info][gc,heap     ] GC(717) Old regions: 362->363
[2024-05-30T11:45:07.524+0000][4246.944s][info][gc,heap     ] GC(717) Archive regions: 2->2
[2024-05-30T11:45:07.524+0000][4246.944s][info][gc,heap     ] GC(717) Humongous regions: 6->6
[2024-05-30T11:45:07.524+0000][4246.944s][info][gc,metaspace] GC(717) Metaspace: 413435K(419456K)->413435K(419456K) NonClass: 361429K(364800K)->361429K(364800K) Class: 52005K(54656K)->52005K(54656K)
[2024-05-30T11:45:07.524+0000][4246.944s][info][gc          ] GC(717) Pause Young (Normal) (G1 Evacuation Pause) 9621M->3140M(12288M) 59.491ms
[2024-05-30T11:45:07.524+0000][4246.944s][info][gc,cpu      ] GC(717) User=0.35s Sys=0.00s Real=0.06s
[2024-05-30T11:45:16.290+0000][4255.709s][info][gc,start    ] GC(718) Pause Young (Normal) (G1 Evacuation Pause)
[2024-05-30T11:45:16.290+0000][4255.709s][info][gc,task     ] GC(718) Using 6 workers of 6 for evacuation
[2024-05-30T11:45:16.354+0000][4255.773s][info][gc,phases   ] GC(718)   Pre Evacuate Collection Set: 0.2ms
[2024-05-30T11:45:16.354+0000][4255.773s][info][gc,phases   ] GC(718)   Merge Heap Roots: 0.2ms
[2024-05-30T11:45:16.354+0000][4255.773s][info][gc,phases   ] GC(718)   Evacuate Collection Set: 60.7ms
[2024-05-30T11:45:16.354+0000][4255.773s][info][gc,phases   ] GC(718)   Post Evacuate Collection Set: 2.3ms
[2024-05-30T11:45:16.354+0000][4255.773s][info][gc,phases   ] GC(718)   Other: 0.2ms
[2024-05-30T11:45:16.354+0000][4255.773s][info][gc,heap     ] GC(718) Eden regions: 809->0(806)
[2024-05-30T11:45:16.354+0000][4255.773s][info][gc,heap     ] GC(718) Survivor regions: 24->25(105)
[2024-05-30T11:45:16.354+0000][4255.773s][info][gc,heap     ] GC(718) Old regions: 363->364
[2024-05-30T11:45:16.354+0000][4255.773s][info][gc,heap     ] GC(718) Archive regions: 2->2
[2024-05-30T11:45:16.354+0000][4255.773s][info][gc,heap     ] GC(718) Humongous regions: 6->6
[2024-05-30T11:45:16.354+0000][4255.773s][info][gc,metaspace] GC(718) Metaspace: 413435K(419456K)->413435K(419456K) NonClass: 361429K(364800K)->361429K(364800K) Class: 52005K(54656K)->52005K(54656K)
[2024-05-30T11:45:16.354+0000][4255.773s][info][gc          ] GC(718) Pause Young (Normal) (G1 Evacuation Pause) 9612M->3156M(12288M) 63.685ms
[2024-05-30T11:45:16.354+0000][4255.773s][info][gc,cpu      ] GC(718) User=0.38s Sys=0.00s Real=0.06s
[2024-05-30T11:45:25.125+0000][4264.544s][info][gc,start    ] GC(719) Pause Young (Normal) (G1 Evacuation Pause)
[2024-05-30T11:45:25.125+0000][4264.544s][info][gc,task     ] GC(719) Using 6 workers of 6 for evacuation
[2024-05-30T11:45:25.186+0000][4264.605s][info][gc,phases   ] GC(719)   Pre Evacuate Collection Set: 0.2ms
[2024-05-30T11:45:25.186+0000][4264.605s][info][gc,phases   ] GC(719)   Merge Heap Roots: 0.2ms
[2024-05-30T11:45:25.186+0000][4264.605s][info][gc,phases   ] GC(719)   Evacuate Collection Set: 57.5ms
[2024-05-30T11:45:25.186+0000][4264.605s][info][gc,phases   ] GC(719)   Post Evacuate Collection Set: 2.6ms
[2024-05-30T11:45:25.186+0000][4264.605s][info][gc,phases   ] GC(719)   Other: 0.2ms
[2024-05-30T11:45:25.186+0000][4264.605s][info][gc,heap     ] GC(719) Eden regions: 806->0(803)
[2024-05-30T11:45:25.186+0000][4264.605s][info][gc,heap     ] GC(719) Survivor regions: 25->26(104)
[2024-05-30T11:45:25.186+0000][4264.605s][info][gc,heap     ] GC(719) Old regions: 364->365
[2024-05-30T11:45:25.186+0000][4264.605s][info][gc,heap     ] GC(719) Archive regions: 2->2
[2024-05-30T11:45:25.186+0000][4264.605s][info][gc,heap     ] GC(719) Humongous regions: 6->6
[2024-05-30T11:45:25.186+0000][4264.605s][info][gc,metaspace] GC(719) Metaspace: 413437K(419456K)->413437K(419456K) NonClass: 361432K(364800K)->361432K(364800K) Class: 52005K(54656K)->52005K(54656K)
[2024-05-30T11:45:25.186+0000][4264.605s][info][gc          ] GC(719) Pause Young (Normal) (G1 Evacuation Pause) 9604M->3175M(12288M) 60.859ms
[2024-05-30T11:45:25.186+0000][4264.605s][info][gc,cpu      ] GC(719) User=0.36s Sys=0.00s Real=0.06s
[2024-05-30T11:45:33.898+0000][4273.317s][info][gc,start    ] GC(720) Pause Young (Normal) (G1 Evacuation Pause)
[2024-05-30T11:45:33.898+0000][4273.317s][info][gc,task     ] GC(720) Using 6 workers of 6 for evacuation
[2024-05-30T11:45:33.969+0000][4273.388s][info][gc,phases   ] GC(720)   Pre Evacuate Collection Set: 0.2ms
[2024-05-30T11:45:33.969+0000][4273.388s][info][gc,phases   ] GC(720)   Merge Heap Roots: 0.2ms
[2024-05-30T11:45:33.969+0000][4273.388s][info][gc,phases   ] GC(720)   Evacuate Collection Set: 67.2ms
[2024-05-30T11:45:33.969+0000][4273.388s][info][gc,phases   ] GC(720)   Post Evacuate Collection Set: 2.7ms
[2024-05-30T11:45:33.969+0000][4273.388s][info][gc,phases   ] GC(720)   Other: 0.2ms
[2024-05-30T11:45:33.969+0000][4273.388s][info][gc,heap     ] GC(720) Eden regions: 803->0(806)
[2024-05-30T11:45:33.969+0000][4273.388s][info][gc,heap     ] GC(720) Survivor regions: 26->24(104)
[2024-05-30T11:45:33.969+0000][4273.388s][info][gc,heap     ] GC(720) Old regions: 365->366
[2024-05-30T11:45:33.969+0000][4273.388s][info][gc,heap     ] GC(720) Archive regions: 2->2
[2024-05-30T11:45:33.969+0000][4273.388s][info][gc,heap     ] GC(720) Humongous regions: 6->6
[2024-05-30T11:45:33.969+0000][4273.388s][info][gc,metaspace] GC(720) Metaspace: 413446K(419456K)->413446K(419456K) NonClass: 361441K(364800K)->361441K(364800K) Class: 52005K(54656K)->52005K(54656K)
[2024-05-30T11:45:33.969+0000][4273.388s][info][gc          ] GC(720) Pause Young (Normal) (G1 Evacuation Pause) 9599M->3166M(12288M) 70.587ms
[2024-05-30T11:45:33.969+0000][4273.388s][info][gc,cpu      ] GC(720) User=0.42s Sys=0.00s Real=0.07s
[2024-05-30T11:45:42.945+0000][4282.364s][info][gc,start    ] GC(721) Pause Young (Normal) (G1 Evacuation Pause)
[2024-05-30T11:45:42.945+0000][4282.364s][info][gc,task     ] GC(721) Using 6 workers of 6 for evacuation
[2024-05-30T11:45:43.008+0000][4282.427s][info][gc,phases   ] GC(721)   Pre Evacuate Collection Set: 0.2ms
[2024-05-30T11:45:43.008+0000][4282.427s][info][gc,phases   ] GC(721)   Merge Heap Roots: 0.2ms
[2024-05-30T11:45:43.008+0000][4282.427s][info][gc,phases   ] GC(721)   Evacuate Collection Set: 59.8ms
[2024-05-30T11:45:43.008+0000][4282.427s][info][gc,phases   ] GC(721)   Post Evacuate Collection Set: 2.5ms
[2024-05-30T11:45:43.008+0000][4282.427s][info][gc,phases   ] GC(721)   Other: 0.2ms
[2024-05-30T11:45:43.008+0000][4282.427s][info][gc,heap     ] GC(721) Eden regions: 806->0(802)
[2024-05-30T11:45:43.008+0000][4282.427s][info][gc,heap     ] GC(721) Survivor regions: 24->26(104)
[2024-05-30T11:45:43.008+0000][4282.427s][info][gc,heap     ] GC(721) Old regions: 366->366
[2024-05-30T11:45:43.008+0000][4282.427s][info][gc,heap     ] GC(721) Archive regions: 2->2
[2024-05-30T11:45:43.008+0000][4282.427s][info][gc,heap     ] GC(721) Humongous regions: 6->6
[2024-05-30T11:45:43.008+0000][4282.427s][info][gc,metaspace] GC(721) Metaspace: 413447K(419520K)->413447K(419520K) NonClass: 361442K(364864K)->361442K(364864K) Class: 52005K(54656K)->52005K(54656K)
[2024-05-30T11:45:43.008+0000][4282.427s][info][gc          ] GC(721) Pause Young (Normal) (G1 Evacuation Pause) 9614M->3188M(12288M) 62.945ms
[2024-05-30T11:45:43.008+0000][4282.427s][info][gc,cpu      ] GC(721) User=0.38s Sys=0.00s Real=0.06s
[2024-05-30T11:45:51.938+0000][4291.357s][info][gc,start    ] GC(722) Pause Young (Normal) (G1 Evacuation Pause)
[2024-05-30T11:45:51.938+0000][4291.357s][info][gc,task     ] GC(722) Using 6 workers of 6 for evacuation
[2024-05-30T11:45:52.000+0000][4291.419s][info][gc,phases   ] GC(722)   Pre Evacuate Collection Set: 0.2ms
[2024-05-30T11:45:52.000+0000][4291.419s][info][gc,phases   ] GC(722)   Merge Heap Roots: 0.2ms
[2024-05-30T11:45:52.000+0000][4291.419s][info][gc,phases   ] GC(722)   Evacuate Collection Set: 58.8ms
[2024-05-30T11:45:52.000+0000][4291.419s][info][gc,phases   ] GC(722)   Post Evacuate Collection Set: 2.4ms
[2024-05-30T11:45:52.000+0000][4291.419s][info][gc,phases   ] GC(722)   Other: 0.2ms
[2024-05-30T11:45:52.000+0000][4291.419s][info][gc,heap     ] GC(722) Eden regions: 802->0(801)
[2024-05-30T11:45:52.000+0000][4291.419s][info][gc,heap     ] GC(722) Survivor regions: 26->26(104)
[2024-05-30T11:45:52.000+0000][4291.419s][info][gc,heap     ] GC(722) Old regions: 366->367
[2024-05-30T11:45:52.000+0000][4291.419s][info][gc,heap     ] GC(722) Archive regions: 2->2
[2024-05-30T11:45:52.000+0000][4291.419s][info][gc,heap     ] GC(722) Humongous regions: 6->6
[2024-05-30T11:45:52.000+0000][4291.419s][info][gc,metaspace] GC(722) Metaspace: 413447K(419520K)->413447K(419520K) NonClass: 361442K(364864K)->361442K(364864K) Class: 52005K(54656K)->52005K(54656K)
[2024-05-30T11:45:52.000+0000][4291.419s][info][gc          ] GC(722) Pause Young (Normal) (G1 Evacuation Pause) 9604M->3195M(12288M) 61.873ms
[2024-05-30T11:45:52.000+0000][4291.419s][info][gc,cpu      ] GC(722) User=0.36s Sys=0.00s Real=0.06s
[2024-05-30T11:45:55.057+0000][4294.477s][info][gc,start    ] GC(723) Pause Young (Normal) (G1 Evacuation Pause)
[2024-05-30T11:45:55.057+0000][4294.477s][info][gc,task     ] GC(723) Using 6 workers of 6 for evacuation
[2024-05-30T11:45:55.163+0000][4294.582s][info][gc,phases   ] GC(723)   Pre Evacuate Collection Set: 0.2ms
[2024-05-30T11:45:55.163+0000][4294.582s][info][gc,phases   ] GC(723)   Merge Heap Roots: 0.2ms
[2024-05-30T11:45:55.163+0000][4294.582s][info][gc,phases   ] GC(723)   Evacuate Collection Set: 87.7ms
[2024-05-30T11:45:55.163+0000][4294.582s][info][gc,phases   ] GC(723)   Post Evacuate Collection Set: 17.4ms
[2024-05-30T11:45:55.163+0000][4294.582s][info][gc,phases   ] GC(723)   Other: 0.2ms
[2024-05-30T11:45:55.163+0000][4294.582s][info][gc,heap     ] GC(723) Eden regions: 801->0(796)
[2024-05-30T11:45:55.163+0000][4294.582s][info][gc,heap     ] GC(723) Survivor regions: 26->28(104)
[2024-05-30T11:45:55.163+0000][4294.582s][info][gc,heap     ] GC(723) Old regions: 367->368
[2024-05-30T11:45:55.163+0000][4294.582s][info][gc,heap     ] GC(723) Archive regions: 2->2
[2024-05-30T11:45:55.163+0000][4294.582s][info][gc,heap     ] GC(723) Humongous regions: 6->6
[2024-05-30T11:45:55.163+0000][4294.582s][info][gc,metaspace] GC(723) Metaspace: 413450K(419520K)->413450K(419520K) NonClass: 361444K(364864K)->361444K(364864K) Class: 52005K(54656K)->52005K(54656K)
[2024-05-30T11:45:55.163+0000][4294.582s][info][gc          ] GC(723) Pause Young (Normal) (G1 Evacuation Pause) 9603M->3218M(12288M) 105.782ms
[2024-05-30T11:45:55.163+0000][4294.582s][info][gc,cpu      ] GC(723) User=0.61s Sys=0.00s Real=0.10s
[2024-05-30T11:45:57.643+0000][4297.062s][info][gc,start    ] GC(724) Pause Young (Normal) (G1 Evacuation Pause)
[2024-05-30T11:45:57.643+0000][4297.062s][info][gc,task     ] GC(724) Using 6 workers of 6 for evacuation
[2024-05-30T11:45:57.766+0000][4297.185s][info][gc,phases   ] GC(724)   Pre Evacuate Collection Set: 0.2ms
[2024-05-30T11:45:57.766+0000][4297.185s][info][gc,phases   ] GC(724)   Merge Heap Roots: 0.2ms
[2024-05-30T11:45:57.766+0000][4297.185s][info][gc,phases   ] GC(724)   Evacuate Collection Set: 103.7ms
[2024-05-30T11:45:57.766+0000][4297.185s][info][gc,phases   ] GC(724)   Post Evacuate Collection Set: 18.4ms
[2024-05-30T11:45:57.766+0000][4297.185s][info][gc,phases   ] GC(724)   Other: 0.3ms
[2024-05-30T11:45:57.766+0000][4297.185s][info][gc,heap     ] GC(724) Eden regions: 796->0(793)
[2024-05-30T11:45:57.766+0000][4297.185s][info][gc,heap     ] GC(724) Survivor regions: 28->29(103)
[2024-05-30T11:45:57.766+0000][4297.185s][info][gc,heap     ] GC(724) Old regions: 368->369
[2024-05-30T11:45:57.766+0000][4297.185s][info][gc,heap     ] GC(724) Archive regions: 2->2
[2024-05-30T11:45:57.766+0000][4297.185s][info][gc,heap     ] GC(724) Humongous regions: 6->6
[2024-05-30T11:45:57.766+0000][4297.185s][info][gc,metaspace] GC(724) Metaspace: 413450K(419520K)->413450K(419520K) NonClass: 361444K(364864K)->361444K(364864K) Class: 52005K(54656K)->52005K(54656K)
[2024-05-30T11:45:57.766+0000][4297.185s][info][gc          ] GC(724) Pause Young (Normal) (G1 Evacuation Pause) 9586M->3231M(12288M) 122.815ms
[2024-05-30T11:45:57.766+0000][4297.185s][info][gc,cpu      ] GC(724) User=0.72s Sys=0.00s Real=0.12s
[2024-05-30T11:46:00.216+0000][4299.635s][info][gc,start    ] GC(725) Pause Young (Normal) (G1 Evacuation Pause)
[2024-05-30T11:46:00.216+0000][4299.635s][info][gc,task     ] GC(725) Using 6 workers of 6 for evacuation
[2024-05-30T11:46:00.353+0000][4299.772s][info][gc,phases   ] GC(725)   Pre Evacuate Collection Set: 0.2ms
[2024-05-30T11:46:00.353+0000][4299.772s][info][gc,phases   ] GC(725)   Merge Heap Roots: 0.2ms
[2024-05-30T11:46:00.353+0000][4299.772s][info][gc,phases   ] GC(725)   Evacuate Collection Set: 113.9ms
[2024-05-30T11:46:00.353+0000][4299.772s][info][gc,phases   ] GC(725)   Post Evacuate Collection Set: 22.3ms
[2024-05-30T11:46:00.353+0000][4299.772s][info][gc,phases   ] GC(725)   Other: 0.3ms
[2024-05-30T11:46:00.353+0000][4299.772s][info][gc,heap     ] GC(725) Eden regions: 793->0(786)
[2024-05-30T11:46:00.353+0000][4299.772s][info][gc,heap     ] GC(725) Survivor regions: 29->32(103)
[2024-05-30T11:46:00.353+0000][4299.772s][info][gc,heap     ] GC(725) Old regions: 369->370
[2024-05-30T11:46:00.353+0000][4299.772s][info][gc,heap     ] GC(725) Archive regions: 2->2
[2024-05-30T11:46:00.353+0000][4299.772s][info][gc,heap     ] GC(725) Humongous regions: 6->6
[2024-05-30T11:46:00.353+0000][4299.772s][info][gc,metaspace] GC(725) Metaspace: 413450K(419520K)->413450K(419520K) NonClass: 361444K(364864K)->361444K(364864K) Class: 52005K(54656K)->52005K(54656K)
[2024-05-30T11:46:00.353+0000][4299.772s][info][gc          ] GC(725) Pause Young (Normal) (G1 Evacuation Pause) 9575M->3262M(12288M) 136.934ms
[2024-05-30T11:46:00.353+0000][4299.772s][info][gc,cpu      ] GC(725) User=0.80s Sys=0.00s Real=0.14s
[2024-05-30T11:46:02.806+0000][4302.225s][info][gc,start    ] GC(726) Pause Young (Normal) (G1 Evacuation Pause)
[2024-05-30T11:46:02.806+0000][4302.225s][info][gc,task     ] GC(726) Using 6 workers of 6 for evacuation
[2024-05-30T11:46:02.957+0000][4302.376s][info][gc,phases   ] GC(726)   Pre Evacuate Collection Set: 0.2ms
[2024-05-30T11:46:02.957+0000][4302.376s][info][gc,phases   ] GC(726)   Merge Heap Roots: 0.3ms
[2024-05-30T11:46:02.957+0000][4302.376s][info][gc,phases   ] GC(726)   Evacuate Collection Set: 128.1ms
[2024-05-30T11:46:02.957+0000][4302.376s][info][gc,phases   ] GC(726)   Post Evacuate Collection Set: 21.7ms
[2024-05-30T11:46:02.957+0000][4302.376s][info][gc,phases   ] GC(726)   Other: 0.2ms
[2024-05-30T11:46:02.957+0000][4302.376s][info][gc,heap     ] GC(726) Eden regions: 786->0(781)
[2024-05-30T11:46:02.957+0000][4302.376s][info][gc,heap     ] GC(726) Survivor regions: 32->34(103)
[2024-05-30T11:46:02.957+0000][4302.376s][info][gc,heap     ] GC(726) Old regions: 370->371
[2024-05-30T11:46:02.957+0000][4302.376s][info][gc,heap     ] GC(726) Archive regions: 2->2
[2024-05-30T11:46:02.957+0000][4302.376s][info][gc,heap     ] GC(726) Humongous regions: 6->6
[2024-05-30T11:46:02.957+0000][4302.376s][info][gc,metaspace] GC(726) Metaspace: 413450K(419520K)->413450K(419520K) NonClass: 361444K(364864K)->361444K(364864K) Class: 52005K(54656K)->52005K(54656K)
[2024-05-30T11:46:02.957+0000][4302.376s][info][gc          ] GC(726) Pause Young (Normal) (G1 Evacuation Pause) 9550M->3285M(12288M) 150.621ms
[2024-05-30T11:46:02.957+0000][4302.376s][info][gc,cpu      ] GC(726) User=0.89s Sys=0.00s Real=0.16s
[2024-05-30T11:46:05.294+0000][4304.713s][info][gc,start    ] GC(727) Pause Young (Normal) (G1 Evacuation Pause)
[2024-05-30T11:46:05.294+0000][4304.713s][info][gc,task     ] GC(727) Using 6 workers of 6 for evacuation
[2024-05-30T11:46:05.464+0000][4304.883s][info][gc,phases   ] GC(727)   Pre Evacuate Collection Set: 0.2ms
[2024-05-30T11:46:05.464+0000][4304.883s][info][gc,phases   ] GC(727)   Merge Heap Roots: 0.4ms
[2024-05-30T11:46:05.464+0000][4304.883s][info][gc,phases   ] GC(727)   Evacuate Collection Set: 147.1ms
[2024-05-30T11:46:05.464+0000][4304.883s][info][gc,phases   ] GC(727)   Post Evacuate Collection Set: 22.3ms
[2024-05-30T11:46:05.464+0000][4304.883s][info][gc,phases   ] GC(727)   Other: 0.2ms
[2024-05-30T11:46:05.464+0000][4304.883s][info][gc,heap     ] GC(727) Eden regions: 781->0(772)
[2024-05-30T11:46:05.464+0000][4304.883s][info][gc,heap     ] GC(727) Survivor regions: 34->38(102)
[2024-05-30T11:46:05.464+0000][4304.883s][info][gc,heap     ] GC(727) Old regions: 371->372
[2024-05-30T11:46:05.464+0000][4304.883s][info][gc,heap     ] GC(727) Archive regions: 2->2
[2024-05-30T11:46:05.464+0000][4304.883s][info][gc,heap     ] GC(727) Humongous regions: 6->6
[2024-05-30T11:46:05.464+0000][4304.884s][info][gc,metaspace] GC(727) Metaspace: 413450K(419520K)->413450K(419520K) NonClass: 361444K(364864K)->361444K(364864K) Class: 52005K(54656K)->52005K(54656K)
[2024-05-30T11:46:05.464+0000][4304.884s][info][gc          ] GC(727) Pause Young (Normal) (G1 Evacuation Pause) 9533M->3323M(12288M) 170.350ms
[2024-05-30T11:46:05.464+0000][4304.884s][info][gc,cpu      ] GC(727) User=1.00s Sys=0.00s Real=0.17s
[2024-05-30T11:46:07.711+0000][4307.131s][info][gc,start    ] GC(728) Pause Young (Normal) (G1 Evacuation Pause)
[2024-05-30T11:46:07.711+0000][4307.131s][info][gc,task     ] GC(728) Using 6 workers of 6 for evacuation
[2024-05-30T11:46:07.894+0000][4307.314s][info][gc,phases   ] GC(728)   Pre Evacuate Collection Set: 0.2ms
[2024-05-30T11:46:07.894+0000][4307.314s][info][gc,phases   ] GC(728)   Merge Heap Roots: 0.4ms
[2024-05-30T11:46:07.894+0000][4307.314s][info][gc,phases   ] GC(728)   Evacuate Collection Set: 160.7ms
[2024-05-30T11:46:07.894+0000][4307.314s][info][gc,phases   ] GC(728)   Post Evacuate Collection Set: 21.6ms
[2024-05-30T11:46:07.894+0000][4307.314s][info][gc,phases   ] GC(728)   Other: 0.2ms
[2024-05-30T11:46:07.894+0000][4307.314s][info][gc,heap     ] GC(728) Eden regions: 772->0(765)
[2024-05-30T11:46:07.894+0000][4307.314s][info][gc,heap     ] GC(728) Survivor regions: 38->41(102)
[2024-05-30T11:46:07.894+0000][4307.314s][info][gc,heap     ] GC(728) Old regions: 372->373
[2024-05-30T11:46:07.894+0000][4307.314s][info][gc,heap     ] GC(728) Archive regions: 2->2
[2024-05-30T11:46:07.894+0000][4307.314s][info][gc,heap     ] GC(728) Humongous regions: 6->6
[2024-05-30T11:46:07.894+0000][4307.314s][info][gc,metaspace] GC(728) Metaspace: 413450K(419520K)->413450K(419520K) NonClass: 361444K(364864K)->361444K(364864K) Class: 52005K(54656K)->52005K(54656K)
[2024-05-30T11:46:07.894+0000][4307.314s][info][gc          ] GC(728) Pause Young (Normal) (G1 Evacuation Pause) 9499M->3358M(12288M) 183.128ms
[2024-05-30T11:46:07.895+0000][4307.314s][info][gc,cpu      ] GC(728) User=1.08s Sys=0.00s Real=0.18s
[2024-05-30T11:46:10.230+0000][4309.649s][info][gc,start    ] GC(729) Pause Young (Normal) (G1 Evacuation Pause)
[2024-05-30T11:46:10.230+0000][4309.649s][info][gc,task     ] GC(729) Using 6 workers of 6 for evacuation
[2024-05-30T11:46:10.393+0000][4309.812s][info][gc,phases   ] GC(729)   Pre Evacuate Collection Set: 0.2ms
[2024-05-30T11:46:10.393+0000][4309.812s][info][gc,phases   ] GC(729)   Merge Heap Roots: 0.4ms
[2024-05-30T11:46:10.393+0000][4309.812s][info][gc,phases   ] GC(729)   Evacuate Collection Set: 147.8ms
[2024-05-30T11:46:10.393+0000][4309.812s][info][gc,phases   ] GC(729)   Post Evacuate Collection Set: 14.4ms
[2024-05-30T11:46:10.393+0000][4309.812s][info][gc,phases   ] GC(729)   Other: 0.2ms
[2024-05-30T11:46:10.393+0000][4309.812s][info][gc,heap     ] GC(729) Eden regions: 765->0(760)
[2024-05-30T11:46:10.393+0000][4309.812s][info][gc,heap     ] GC(729) Survivor regions: 41->43(101)
[2024-05-30T11:46:10.393+0000][4309.812s][info][gc,heap     ] GC(729) Old regions: 373->374
[2024-05-30T11:46:10.393+0000][4309.812s][info][gc,heap     ] GC(729) Archive regions: 2->2
[2024-05-30T11:46:10.393+0000][4309.812s][info][gc,heap     ] GC(729) Humongous regions: 6->6
[2024-05-30T11:46:10.393+0000][4309.812s][info][gc,metaspace] GC(729) Metaspace: 413450K(419520K)->413450K(419520K) NonClass: 361444K(364864K)->361444K(364864K) Class: 52005K(54656K)->52005K(54656K)
[2024-05-30T11:46:10.393+0000][4309.812s][info][gc          ] GC(729) Pause Young (Normal) (G1 Evacuation Pause) 9478M->3377M(12288M) 162.944ms
[2024-05-30T11:46:10.393+0000][4309.812s][info][gc,cpu      ] GC(729) User=0.97s Sys=0.00s Real=0.16s
[2024-05-30T11:46:12.634+0000][4312.054s][info][gc,start    ] GC(730) Pause Young (Normal) (G1 Evacuation Pause)
[2024-05-30T11:46:12.635+0000][4312.054s][info][gc,task     ] GC(730) Using 6 workers of 6 for evacuation
[2024-05-30T11:46:12.824+0000][4312.243s][info][gc,phases   ] GC(730)   Pre Evacuate Collection Set: 0.2ms
[2024-05-30T11:46:12.824+0000][4312.243s][info][gc,phases   ] GC(730)   Merge Heap Roots: 0.4ms
[2024-05-30T11:46:12.824+0000][4312.243s][info][gc,phases   ] GC(730)   Evacuate Collection Set: 166.0ms
[2024-05-30T11:46:12.824+0000][4312.243s][info][gc,phases   ] GC(730)   Post Evacuate Collection Set: 22.2ms
[2024-05-30T11:46:12.824+0000][4312.243s][info][gc,phases   ] GC(730)   Other: 0.2ms
[2024-05-30T11:46:12.824+0000][4312.243s][info][gc,heap     ] GC(730) Eden regions: 760->0(757)
[2024-05-30T11:46:12.824+0000][4312.243s][info][gc,heap     ] GC(730) Survivor regions: 43->44(101)
[2024-05-30T11:46:12.824+0000][4312.243s][info][gc,heap     ] GC(730) Old regions: 374->375
[2024-05-30T11:46:12.824+0000][4312.243s][info][gc,heap     ] GC(730) Archive regions: 2->2
[2024-05-30T11:46:12.824+0000][4312.243s][info][gc,heap     ] GC(730) Humongous regions: 6->6
[2024-05-30T11:46:12.824+0000][4312.243s][info][gc,metaspace] GC(730) Metaspace: 413450K(419520K)->413450K(419520K) NonClass: 361444K(364864K)->361444K(364864K) Class: 52005K(54656K)->52005K(54656K)
[2024-05-30T11:46:12.824+0000][4312.243s][info][gc          ] GC(730) Pause Young (Normal) (G1 Evacuation Pause) 9457M->3397M(12288M) 189.122ms
[2024-05-30T11:46:12.824+0000][4312.243s][info][gc,cpu      ] GC(730) User=1.11s Sys=0.00s Real=0.19s
[2024-05-30T11:46:14.986+0000][4314.406s][info][gc,start    ] GC(731) Pause Young (Normal) (G1 Evacuation Pause)
[2024-05-30T11:46:14.986+0000][4314.406s][info][gc,task     ] GC(731) Using 6 workers of 6 for evacuation
[2024-05-30T11:46:15.185+0000][4314.604s][info][gc,phases   ] GC(731)   Pre Evacuate Collection Set: 0.2ms
[2024-05-30T11:46:15.185+0000][4314.604s][info][gc,phases   ] GC(731)   Merge Heap Roots: 0.4ms
[2024-05-30T11:46:15.185+0000][4314.604s][info][gc,phases   ] GC(731)   Evacuate Collection Set: 176.7ms
[2024-05-30T11:46:15.185+0000][4314.604s][info][gc,phases   ] GC(731)   Post Evacuate Collection Set: 20.8ms
[2024-05-30T11:46:15.185+0000][4314.604s][info][gc,phases   ] GC(731)   Other: 0.3ms
[2024-05-30T11:46:15.185+0000][4314.604s][info][gc,heap     ] GC(731) Eden regions: 757->0(752)
[2024-05-30T11:46:15.185+0000][4314.604s][info][gc,heap     ] GC(731) Survivor regions: 44->46(101)
[2024-05-30T11:46:15.185+0000][4314.604s][info][gc,heap     ] GC(731) Old regions: 375->376
[2024-05-30T11:46:15.185+0000][4314.604s][info][gc,heap     ] GC(731) Archive regions: 2->2
[2024-05-30T11:46:15.185+0000][4314.604s][info][gc,heap     ] GC(731) Humongous regions: 6->6
[2024-05-30T11:46:15.185+0000][4314.604s][info][gc,metaspace] GC(731) Metaspace: 413450K(419520K)->413450K(419520K) NonClass: 361444K(364864K)->361444K(364864K) Class: 52005K(54656K)->52005K(54656K)
[2024-05-30T11:46:15.185+0000][4314.604s][info][gc          ] GC(731) Pause Young (Normal) (G1 Evacuation Pause) 9453M->3422M(12288M) 198.401ms
[2024-05-30T11:46:15.185+0000][4314.604s][info][gc,cpu      ] GC(731) User=1.17s Sys=0.00s Real=0.20s
[2024-05-30T11:46:17.983+0000][4317.403s][info][gc,start    ] GC(732) Pause Young (Normal) (G1 Evacuation Pause)
[2024-05-30T11:46:17.983+0000][4317.403s][info][gc,task     ] GC(732) Using 6 workers of 6 for evacuation
[2024-05-30T11:46:18.184+0000][4317.603s][info][gc,mmu      ] GC(732) MMU target violated: 200.4ms (200.0ms/201.0ms)
[2024-05-30T11:46:18.184+0000][4317.603s][info][gc,phases   ] GC(732)   Pre Evacuate Collection Set: 0.2ms
[2024-05-30T11:46:18.184+0000][4317.603s][info][gc,phases   ] GC(732)   Merge Heap Roots: 0.4ms
[2024-05-30T11:46:18.184+0000][4317.603s][info][gc,phases   ] GC(732)   Evacuate Collection Set: 180.7ms
[2024-05-30T11:46:18.184+0000][4317.603s][info][gc,phases   ] GC(732)   Post Evacuate Collection Set: 19.1ms
[2024-05-30T11:46:18.184+0000][4317.603s][info][gc,phases   ] GC(732)   Other: 0.3ms
[2024-05-30T11:46:18.184+0000][4317.603s][info][gc,heap     ] GC(732) Eden regions: 752->0(541)
[2024-05-30T11:46:18.184+0000][4317.603s][info][gc,heap     ] GC(732) Survivor regions: 46->48(100)
[2024-05-30T11:46:18.184+0000][4317.603s][info][gc,heap     ] GC(732) Old regions: 376->376
[2024-05-30T11:46:18.184+0000][4317.603s][info][gc,heap     ] GC(732) Archive regions: 2->2
[2024-05-30T11:46:18.184+0000][4317.603s][info][gc,heap     ] GC(732) Humongous regions: 6->6
[2024-05-30T11:46:18.184+0000][4317.603s][info][gc,metaspace] GC(732) Metaspace: 413450K(419520K)->413450K(419520K) NonClass: 361444K(364864K)->361444K(364864K) Class: 52005K(54656K)->52005K(54656K)
[2024-05-30T11:46:18.184+0000][4317.603s][info][gc          ] GC(732) Pause Young (Normal) (G1 Evacuation Pause) 9438M->3444M(12288M) 200.743ms
[2024-05-30T11:46:18.184+0000][4317.603s][info][gc,cpu      ] GC(732) User=1.20s Sys=0.00s Real=0.20s
[2024-05-30T11:46:24.082+0000][4323.501s][info][gc,start    ] GC(733) Pause Young (Normal) (G1 Evacuation Pause)
[2024-05-30T11:46:24.082+0000][4323.501s][info][gc,task     ] GC(733) Using 6 workers of 6 for evacuation
[2024-05-30T11:46:24.232+0000][4323.652s][info][gc,phases   ] GC(733)   Pre Evacuate Collection Set: 0.2ms
[2024-05-30T11:46:24.233+0000][4323.652s][info][gc,phases   ] GC(733)   Merge Heap Roots: 0.3ms
[2024-05-30T11:46:24.233+0000][4323.652s][info][gc,phases   ] GC(733)   Evacuate Collection Set: 147.5ms
[2024-05-30T11:46:24.233+0000][4323.652s][info][gc,phases   ] GC(733)   Post Evacuate Collection Set: 2.6ms
[2024-05-30T11:46:24.233+0000][4323.652s][info][gc,phases   ] GC(733)   Other: 0.2ms
[2024-05-30T11:46:24.233+0000][4323.652s][info][gc,heap     ] GC(733) Eden regions: 541->0(755)
[2024-05-30T11:46:24.233+0000][4323.652s][info][gc,heap     ] GC(733) Survivor regions: 48->39(74)
[2024-05-30T11:46:24.233+0000][4323.652s][info][gc,heap     ] GC(733) Old regions: 376->387
[2024-05-30T11:46:24.233+0000][4323.652s][info][gc,heap     ] GC(733) Archive regions: 2->2
[2024-05-30T11:46:24.233+0000][4323.652s][info][gc,heap     ] GC(733) Humongous regions: 6->6
[2024-05-30T11:46:24.233+0000][4323.652s][info][gc,metaspace] GC(733) Metaspace: 413471K(419520K)->413471K(419520K) NonClass: 361465K(364864K)->361465K(364864K) Class: 52006K(54656K)->52006K(54656K)
[2024-05-30T11:46:24.233+0000][4323.652s][info][gc          ] GC(733) Pause Young (Normal) (G1 Evacuation Pause) 7772M->3455M(12288M) 150.903ms
[2024-05-30T11:46:24.233+0000][4323.652s][info][gc,cpu      ] GC(733) User=0.90s Sys=0.00s Real=0.15s
[2024-05-30T11:46:32.319+0000][4331.738s][info][gc,start    ] GC(734) Pause Young (Normal) (G1 Evacuation Pause)
[2024-05-30T11:46:32.319+0000][4331.738s][info][gc,task     ] GC(734) Using 6 workers of 6 for evacuation
[2024-05-30T11:46:32.451+0000][4331.870s][info][gc,phases   ] GC(734)   Pre Evacuate Collection Set: 0.2ms
[2024-05-30T11:46:32.451+0000][4331.870s][info][gc,phases   ] GC(734)   Merge Heap Roots: 0.4ms
[2024-05-30T11:46:32.451+0000][4331.870s][info][gc,phases   ] GC(734)   Evacuate Collection Set: 128.9ms
[2024-05-30T11:46:32.451+0000][4331.870s][info][gc,phases   ] GC(734)   Post Evacuate Collection Set: 2.4ms
[2024-05-30T11:46:32.451+0000][4331.870s][info][gc,phases   ] GC(734)   Other: 0.2ms
[2024-05-30T11:46:32.451+0000][4331.870s][info][gc,heap     ] GC(734) Eden regions: 755->0(753)
[2024-05-30T11:46:32.451+0000][4331.870s][info][gc,heap     ] GC(734) Survivor regions: 39->40(100)
[2024-05-30T11:46:32.451+0000][4331.870s][info][gc,heap     ] GC(734) Old regions: 387->387
[2024-05-30T11:46:32.451+0000][4331.870s][info][gc,heap     ] GC(734) Archive regions: 2->2
[2024-05-30T11:46:32.451+0000][4331.870s][info][gc,heap     ] GC(734) Humongous regions: 6->6
[2024-05-30T11:46:32.451+0000][4331.870s][info][gc,metaspace] GC(734) Metaspace: 413471K(419520K)->413471K(419520K) NonClass: 361465K(364864K)->361465K(364864K) Class: 52006K(54656K)->52006K(54656K)
[2024-05-30T11:46:32.451+0000][4331.870s][info][gc          ] GC(734) Pause Young (Normal) (G1 Evacuation Pause) 9495M->3463M(12288M) 132.066ms
[2024-05-30T11:46:32.451+0000][4331.871s][info][gc,cpu      ] GC(734) User=0.78s Sys=0.00s Real=0.13s
[2024-05-30T11:46:40.683+0000][4340.102s][info][gc,start    ] GC(735) Pause Young (Normal) (G1 Evacuation Pause)
[2024-05-30T11:46:40.683+0000][4340.102s][info][gc,task     ] GC(735) Using 6 workers of 6 for evacuation
[2024-05-30T11:46:40.816+0000][4340.235s][info][gc,phases   ] GC(735)   Pre Evacuate Collection Set: 0.2ms
[2024-05-30T11:46:40.816+0000][4340.235s][info][gc,phases   ] GC(735)   Merge Heap Roots: 0.4ms
[2024-05-30T11:46:40.816+0000][4340.235s][info][gc,phases   ] GC(735)   Evacuate Collection Set: 130.0ms
[2024-05-30T11:46:40.816+0000][4340.235s][info][gc,phases   ] GC(735)   Post Evacuate Collection Set: 2.4ms
[2024-05-30T11:46:40.816+0000][4340.235s][info][gc,phases   ] GC(735)   Other: 0.2ms
[2024-05-30T11:46:40.816+0000][4340.235s][info][gc,heap     ] GC(735) Eden regions: 753->0(749)
[2024-05-30T11:46:40.816+0000][4340.235s][info][gc,heap     ] GC(735) Survivor regions: 40->42(100)
[2024-05-30T11:46:40.816+0000][4340.235s][info][gc,heap     ] GC(735) Old regions: 387->387
[2024-05-30T11:46:40.816+0000][4340.235s][info][gc,heap     ] GC(735) Archive regions: 2->2
[2024-05-30T11:46:40.816+0000][4340.235s][info][gc,heap     ] GC(735) Humongous regions: 6->6
[2024-05-30T11:46:40.816+0000][4340.235s][info][gc,metaspace] GC(735) Metaspace: 413471K(419520K)->413471K(419520K) NonClass: 361465K(364864K)->361465K(364864K) Class: 52006K(54656K)->52006K(54656K)
[2024-05-30T11:46:40.816+0000][4340.235s][info][gc          ] GC(735) Pause Young (Normal) (G1 Evacuation Pause) 9487M->3479M(12288M) 133.125ms
[2024-05-30T11:46:40.816+0000][4340.235s][info][gc,cpu      ] GC(735) User=0.79s Sys=0.00s Real=0.13s
[2024-05-30T11:46:49.354+0000][4348.773s][info][gc,start    ] GC(736) Pause Young (Normal) (G1 Evacuation Pause)
[2024-05-30T11:46:49.354+0000][4348.773s][info][gc,task     ] GC(736) Using 6 workers of 6 for evacuation
[2024-05-30T11:46:49.489+0000][4348.908s][info][gc,phases   ] GC(736)   Pre Evacuate Collection Set: 0.2ms
[2024-05-30T11:46:49.489+0000][4348.908s][info][gc,phases   ] GC(736)   Merge Heap Roots: 0.4ms
[2024-05-30T11:46:49.489+0000][4348.908s][info][gc,phases   ] GC(736)   Evacuate Collection Set: 131.8ms
[2024-05-30T11:46:49.489+0000][4348.908s][info][gc,phases   ] GC(736)   Post Evacuate Collection Set: 2.4ms
[2024-05-30T11:46:49.489+0000][4348.908s][info][gc,phases   ] GC(736)   Other: 0.2ms
[2024-05-30T11:46:49.489+0000][4348.908s][info][gc,heap     ] GC(736) Eden regions: 749->0(745)
[2024-05-30T11:46:49.489+0000][4348.908s][info][gc,heap     ] GC(736) Survivor regions: 42->44(99)
[2024-05-30T11:46:49.489+0000][4348.908s][info][gc,heap     ] GC(736) Old regions: 387->387
[2024-05-30T11:46:49.489+0000][4348.908s][info][gc,heap     ] GC(736) Archive regions: 2->2
[2024-05-30T11:46:49.489+0000][4348.908s][info][gc,heap     ] GC(736) Humongous regions: 6->6
[2024-05-30T11:46:49.489+0000][4348.908s][info][gc,metaspace] GC(736) Metaspace: 413471K(419520K)->413471K(419520K) NonClass: 361465K(364864K)->361465K(364864K) Class: 52006K(54656K)->52006K(54656K)
[2024-05-30T11:46:49.489+0000][4348.908s][info][gc          ] GC(736) Pause Young (Normal) (G1 Evacuation Pause) 9471M->3499M(12288M) 135.007ms
[2024-05-30T11:46:49.489+0000][4348.908s][info][gc,cpu      ] GC(736) User=0.80s Sys=0.00s Real=0.14s
[2024-05-30T11:46:57.753+0000][4357.172s][info][gc,start    ] GC(737) Pause Young (Normal) (G1 Evacuation Pause)
[2024-05-30T11:46:57.753+0000][4357.172s][info][gc,task     ] GC(737) Using 6 workers of 6 for evacuation
[2024-05-30T11:46:57.893+0000][4357.312s][info][gc,phases   ] GC(737)   Pre Evacuate Collection Set: 0.2ms
[2024-05-30T11:46:57.893+0000][4357.313s][info][gc,phases   ] GC(737)   Merge Heap Roots: 0.4ms
[2024-05-30T11:46:57.893+0000][4357.313s][info][gc,phases   ] GC(737)   Evacuate Collection Set: 137.0ms
[2024-05-30T11:46:57.893+0000][4357.313s][info][gc,phases   ] GC(737)   Post Evacuate Collection Set: 2.5ms
[2024-05-30T11:46:57.893+0000][4357.313s][info][gc,phases   ] GC(737)   Other: 0.2ms
[2024-05-30T11:46:57.893+0000][4357.313s][info][gc,heap     ] GC(737) Eden regions: 745->0(743)
[2024-05-30T11:46:57.893+0000][4357.313s][info][gc,heap     ] GC(737) Survivor regions: 44->45(99)
[2024-05-30T11:46:57.893+0000][4357.313s][info][gc,heap     ] GC(737) Old regions: 387->387
[2024-05-30T11:46:57.893+0000][4357.313s][info][gc,heap     ] GC(737) Archive regions: 2->2
[2024-05-30T11:46:57.893+0000][4357.313s][info][gc,heap     ] GC(737) Humongous regions: 6->6
[2024-05-30T11:46:57.893+0000][4357.313s][info][gc,metaspace] GC(737) Metaspace: 413473K(419520K)->413473K(419520K) NonClass: 361467K(364864K)->361467K(364864K) Class: 52006K(54656K)->52006K(54656K)
[2024-05-30T11:46:57.893+0000][4357.313s][info][gc          ] GC(737) Pause Young (Normal) (G1 Evacuation Pause) 9459M->3503M(12288M) 140.303ms
[2024-05-30T11:46:57.893+0000][4357.313s][info][gc,cpu      ] GC(737) User=0.83s Sys=0.00s Real=0.14s
[2024-05-30T11:47:06.211+0000][4365.630s][info][gc,start    ] GC(738) Pause Young (Normal) (G1 Evacuation Pause)
[2024-05-30T11:47:06.211+0000][4365.630s][info][gc,task     ] GC(738) Using 6 workers of 6 for evacuation
[2024-05-30T11:47:06.352+0000][4365.771s][info][gc,phases   ] GC(738)   Pre Evacuate Collection Set: 0.2ms
[2024-05-30T11:47:06.352+0000][4365.771s][info][gc,phases   ] GC(738)   Merge Heap Roots: 0.4ms
[2024-05-30T11:47:06.352+0000][4365.771s][info][gc,phases   ] GC(738)   Evacuate Collection Set: 138.0ms
[2024-05-30T11:47:06.352+0000][4365.771s][info][gc,phases   ] GC(738)   Post Evacuate Collection Set: 2.4ms
[2024-05-30T11:47:06.352+0000][4365.771s][info][gc,phases   ] GC(738)   Other: 0.2ms
[2024-05-30T11:47:06.352+0000][4365.771s][info][gc,heap     ] GC(738) Eden regions: 743->0(741)
[2024-05-30T11:47:06.352+0000][4365.772s][info][gc,heap     ] GC(738) Survivor regions: 45->46(99)
[2024-05-30T11:47:06.352+0000][4365.772s][info][gc,heap     ] GC(738) Old regions: 387->387
[2024-05-30T11:47:06.352+0000][4365.772s][info][gc,heap     ] GC(738) Archive regions: 2->2
[2024-05-30T11:47:06.352+0000][4365.772s][info][gc,heap     ] GC(738) Humongous regions: 6->6
[2024-05-30T11:47:06.352+0000][4365.772s][info][gc,metaspace] GC(738) Metaspace: 413473K(419520K)->413473K(419520K) NonClass: 361467K(364864K)->361467K(364864K) Class: 52006K(54656K)->52006K(54656K)
[2024-05-30T11:47:06.352+0000][4365.772s][info][gc          ] GC(738) Pause Young (Normal) (G1 Evacuation Pause) 9447M->3515M(12288M) 141.291ms
[2024-05-30T11:47:06.352+0000][4365.772s][info][gc,cpu      ] GC(738) User=0.85s Sys=0.00s Real=0.14s
[2024-05-30T11:47:14.640+0000][4374.060s][info][gc,start    ] GC(739) Pause Young (Normal) (G1 Evacuation Pause)
[2024-05-30T11:47:14.640+0000][4374.060s][info][gc,task     ] GC(739) Using 6 workers of 6 for evacuation
[2024-05-30T11:47:14.785+0000][4374.204s][info][gc,phases   ] GC(739)   Pre Evacuate Collection Set: 0.2ms
[2024-05-30T11:47:14.785+0000][4374.204s][info][gc,phases   ] GC(739)   Merge Heap Roots: 0.4ms
[2024-05-30T11:47:14.785+0000][4374.204s][info][gc,phases   ] GC(739)   Evacuate Collection Set: 141.5ms
[2024-05-30T11:47:14.785+0000][4374.204s][info][gc,phases   ] GC(739)   Post Evacuate Collection Set: 2.5ms
[2024-05-30T11:47:14.785+0000][4374.204s][info][gc,phases   ] GC(739)   Other: 0.3ms
[2024-05-30T11:47:14.785+0000][4374.204s][info][gc,heap     ] GC(739) Eden regions: 741->0(738)
[2024-05-30T11:47:14.785+0000][4374.204s][info][gc,heap     ] GC(739) Survivor regions: 46->46(99)
[2024-05-30T11:47:14.785+0000][4374.204s][info][gc,heap     ] GC(739) Old regions: 387->390
[2024-05-30T11:47:14.785+0000][4374.204s][info][gc,heap     ] GC(739) Archive regions: 2->2
[2024-05-30T11:47:14.785+0000][4374.204s][info][gc,heap     ] GC(739) Humongous regions: 6->6
[2024-05-30T11:47:14.785+0000][4374.204s][info][gc,metaspace] GC(739) Metaspace: 413524K(419584K)->413524K(419584K) NonClass: 361518K(364928K)->361518K(364928K) Class: 52006K(54656K)->52006K(54656K)
[2024-05-30T11:47:14.785+0000][4374.204s][info][gc          ] GC(739) Pause Young (Normal) (G1 Evacuation Pause) 9443M->3533M(12288M) 144.801ms
[2024-05-30T11:47:14.785+0000][4374.204s][info][gc,cpu      ] GC(739) User=0.87s Sys=0.00s Real=0.14s
[2024-05-30T11:47:23.029+0000][4382.448s][info][gc,start    ] GC(740) Pause Young (Normal) (G1 Evacuation Pause)
[2024-05-30T11:47:23.029+0000][4382.448s][info][gc,task     ] GC(740) Using 6 workers of 6 for evacuation
[2024-05-30T11:47:23.171+0000][4382.590s][info][gc,phases   ] GC(740)   Pre Evacuate Collection Set: 0.2ms
[2024-05-30T11:47:23.171+0000][4382.590s][info][gc,phases   ] GC(740)   Merge Heap Roots: 0.4ms
[2024-05-30T11:47:23.171+0000][4382.590s][info][gc,phases   ] GC(740)   Evacuate Collection Set: 138.6ms
[2024-05-30T11:47:23.171+0000][4382.590s][info][gc,phases   ] GC(740)   Post Evacuate Collection Set: 2.6ms
[2024-05-30T11:47:23.171+0000][4382.590s][info][gc,phases   ] GC(740)   Other: 0.3ms
[2024-05-30T11:47:23.171+0000][4382.590s][info][gc,heap     ] GC(740) Eden regions: 738->0(734)
[2024-05-30T11:47:23.171+0000][4382.590s][info][gc,heap     ] GC(740) Survivor regions: 46->46(98)
[2024-05-30T11:47:23.171+0000][4382.590s][info][gc,heap     ] GC(740) Old regions: 390->394
[2024-05-30T11:47:23.171+0000][4382.590s][info][gc,heap     ] GC(740) Archive regions: 2->2
[2024-05-30T11:47:23.171+0000][4382.590s][info][gc,heap     ] GC(740) Humongous regions: 6->6
[2024-05-30T11:47:23.171+0000][4382.590s][info][gc,metaspace] GC(740) Metaspace: 413525K(419584K)->413525K(419584K) NonClass: 361519K(364928K)->361519K(364928K) Class: 52006K(54656K)->52006K(54656K)
[2024-05-30T11:47:23.171+0000][4382.590s][info][gc          ] GC(740) Pause Young (Normal) (G1 Evacuation Pause) 9437M->3561M(12288M) 142.086ms
[2024-05-30T11:47:23.171+0000][4382.590s][info][gc,cpu      ] GC(740) User=0.85s Sys=0.00s Real=0.14s
[2024-05-30T11:47:30.503+0000][4389.922s][info][gc,start    ] GC(741) Pause Young (Normal) (G1 Evacuation Pause)
[2024-05-30T11:47:30.503+0000][4389.922s][info][gc,task     ] GC(741) Using 6 workers of 6 for evacuation
[2024-05-30T11:47:30.634+0000][4390.053s][info][gc,phases   ] GC(741)   Pre Evacuate Collection Set: 0.2ms
[2024-05-30T11:47:30.634+0000][4390.053s][info][gc,phases   ] GC(741)   Merge Heap Roots: 0.4ms
[2024-05-30T11:47:30.634+0000][4390.053s][info][gc,phases   ] GC(741)   Evacuate Collection Set: 127.4ms
[2024-05-30T11:47:30.634+0000][4390.053s][info][gc,phases   ] GC(741)   Post Evacuate Collection Set: 2.5ms
[2024-05-30T11:47:30.634+0000][4390.053s][info][gc,phases   ] GC(741)   Other: 0.2ms
[2024-05-30T11:47:30.634+0000][4390.053s][info][gc,heap     ] GC(741) Eden regions: 734->0(750)
[2024-05-30T11:47:30.634+0000][4390.053s][info][gc,heap     ] GC(741) Survivor regions: 46->36(98)
[2024-05-30T11:47:30.634+0000][4390.053s][info][gc,heap     ] GC(741) Old regions: 394->398
[2024-05-30T11:47:30.634+0000][4390.053s][info][gc,heap     ] GC(741) Archive regions: 2->2
[2024-05-30T11:47:30.634+0000][4390.053s][info][gc,heap     ] GC(741) Humongous regions: 6->6
[2024-05-30T11:47:30.634+0000][4390.053s][info][gc,metaspace] GC(741) Metaspace: 413534K(419584K)->413534K(419584K) NonClass: 361528K(364928K)->361528K(364928K) Class: 52006K(54656K)->52006K(54656K)
[2024-05-30T11:47:30.634+0000][4390.053s][info][gc          ] GC(741) Pause Young (Normal) (G1 Evacuation Pause) 9433M->3520M(12288M) 130.702ms
[2024-05-30T11:47:30.634+0000][4390.053s][info][gc,cpu      ] GC(741) User=0.78s Sys=0.00s Real=0.13s
[2024-05-30T11:47:38.958+0000][4398.378s][info][gc,start    ] GC(742) Pause Young (Normal) (G1 Evacuation Pause)
[2024-05-30T11:47:38.959+0000][4398.378s][info][gc,task     ] GC(742) Using 6 workers of 6 for evacuation
[2024-05-30T11:47:39.094+0000][4398.513s][info][gc,phases   ] GC(742)   Pre Evacuate Collection Set: 0.2ms
[2024-05-30T11:47:39.094+0000][4398.513s][info][gc,phases   ] GC(742)   Merge Heap Roots: 0.3ms
[2024-05-30T11:47:39.094+0000][4398.513s][info][gc,phases   ] GC(742)   Evacuate Collection Set: 132.3ms
[2024-05-30T11:47:39.094+0000][4398.513s][info][gc,phases   ] GC(742)   Post Evacuate Collection Set: 2.4ms
[2024-05-30T11:47:39.094+0000][4398.513s][info][gc,phases   ] GC(742)   Other: 0.2ms
[2024-05-30T11:47:39.094+0000][4398.513s][info][gc,heap     ] GC(742) Eden regions: 750->0(750)
[2024-05-30T11:47:39.094+0000][4398.513s][info][gc,heap     ] GC(742) Survivor regions: 36->34(99)
[2024-05-30T11:47:39.094+0000][4398.513s][info][gc,heap     ] GC(742) Old regions: 398->402
[2024-05-30T11:47:39.094+0000][4398.513s][info][gc,heap     ] GC(742) Archive regions: 2->2
[2024-05-30T11:47:39.094+0000][4398.513s][info][gc,heap     ] GC(742) Humongous regions: 6->6
[2024-05-30T11:47:39.094+0000][4398.513s][info][gc,metaspace] GC(742) Metaspace: 413534K(419584K)->413534K(419584K) NonClass: 361528K(364928K)->361528K(364928K) Class: 52006K(54656K)->52006K(54656K)
[2024-05-30T11:47:39.094+0000][4398.513s][info][gc          ] GC(742) Pause Young (Normal) (G1 Evacuation Pause) 9520M->3540M(12288M) 135.534ms
[2024-05-30T11:47:39.094+0000][4398.513s][info][gc,cpu      ] GC(742) User=0.80s Sys=0.01s Real=0.13s
[2024-05-30T11:47:47.441+0000][4406.860s][info][gc,start    ] GC(743) Pause Young (Normal) (G1 Evacuation Pause)
[2024-05-30T11:47:47.441+0000][4406.860s][info][gc,task     ] GC(743) Using 6 workers of 6 for evacuation
[2024-05-30T11:47:47.545+0000][4406.965s][info][gc,phases   ] GC(743)   Pre Evacuate Collection Set: 0.2ms
[2024-05-30T11:47:47.545+0000][4406.965s][info][gc,phases   ] GC(743)   Merge Heap Roots: 0.3ms
[2024-05-30T11:47:47.545+0000][4406.965s][info][gc,phases   ] GC(743)   Evacuate Collection Set: 101.6ms
[2024-05-30T11:47:47.545+0000][4406.965s][info][gc,phases   ] GC(743)   Post Evacuate Collection Set: 2.4ms
[2024-05-30T11:47:47.545+0000][4406.965s][info][gc,phases   ] GC(743)   Other: 0.2ms
[2024-05-30T11:47:47.545+0000][4406.965s][info][gc,heap     ] GC(743) Eden regions: 750->0(748)
[2024-05-30T11:47:47.545+0000][4406.965s][info][gc,heap     ] GC(743) Survivor regions: 34->33(98)
[2024-05-30T11:47:47.545+0000][4406.965s][info][gc,heap     ] GC(743) Old regions: 402->406
[2024-05-30T11:47:47.545+0000][4406.965s][info][gc,heap     ] GC(743) Archive regions: 2->2
[2024-05-30T11:47:47.545+0000][4406.965s][info][gc,heap     ] GC(743) Humongous regions: 6->6
[2024-05-30T11:47:47.545+0000][4406.965s][info][gc,metaspace] GC(743) Metaspace: 413536K(419584K)->413536K(419584K) NonClass: 361530K(364928K)->361530K(364928K) Class: 52006K(54656K)->52006K(54656K)
[2024-05-30T11:47:47.545+0000][4406.965s][info][gc          ] GC(743) Pause Young (Normal) (G1 Evacuation Pause) 9540M->3560M(12288M) 104.825ms
[2024-05-30T11:47:47.545+0000][4406.965s][info][gc,cpu      ] GC(743) User=0.62s Sys=0.00s Real=0.10s
[2024-05-30T11:47:55.617+0000][4415.037s][info][gc,start    ] GC(744) Pause Young (Normal) (G1 Evacuation Pause)
[2024-05-30T11:47:55.617+0000][4415.037s][info][gc,task     ] GC(744) Using 6 workers of 6 for evacuation
[2024-05-30T11:47:55.711+0000][4415.131s][info][gc,phases   ] GC(744)   Pre Evacuate Collection Set: 0.2ms
[2024-05-30T11:47:55.711+0000][4415.131s][info][gc,phases   ] GC(744)   Merge Heap Roots: 0.3ms
[2024-05-30T11:47:55.711+0000][4415.131s][info][gc,phases   ] GC(744)   Evacuate Collection Set: 90.6ms
[2024-05-30T11:47:55.711+0000][4415.131s][info][gc,phases   ] GC(744)   Post Evacuate Collection Set: 2.7ms
[2024-05-30T11:47:55.711+0000][4415.131s][info][gc,phases   ] GC(744)   Other: 0.2ms
[2024-05-30T11:47:55.711+0000][4415.131s][info][gc,heap     ] GC(744) Eden regions: 748->0(748)
[2024-05-30T11:47:55.712+0000][4415.131s][info][gc,heap     ] GC(744) Survivor regions: 33->32(98)
[2024-05-30T11:47:55.712+0000][4415.131s][info][gc,heap     ] GC(744) Old regions: 406->408
[2024-05-30T11:47:55.712+0000][4415.131s][info][gc,heap     ] GC(744) Archive regions: 2->2
[2024-05-30T11:47:55.712+0000][4415.131s][info][gc,heap     ] GC(744) Humongous regions: 6->6
[2024-05-30T11:47:55.712+0000][4415.131s][info][gc,metaspace] GC(744) Metaspace: 413538K(419584K)->413538K(419584K) NonClass: 361532K(364928K)->361532K(364928K) Class: 52006K(54656K)->52006K(54656K)
[2024-05-30T11:47:55.712+0000][4415.131s][info][gc          ] GC(744) Pause Young (Normal) (G1 Evacuation Pause) 9544M->3570M(12288M) 94.113ms
[2024-05-30T11:47:55.712+0000][4415.131s][info][gc,cpu      ] GC(744) User=0.55s Sys=0.00s Real=0.09s
[2024-05-30T11:48:03.841+0000][4423.261s][info][gc,start    ] GC(745) Pause Young (Normal) (G1 Evacuation Pause)
[2024-05-30T11:48:03.841+0000][4423.261s][info][gc,task     ] GC(745) Using 6 workers of 6 for evacuation
[2024-05-30T11:48:03.935+0000][4423.354s][info][gc,phases   ] GC(745)   Pre Evacuate Collection Set: 0.2ms
[2024-05-30T11:48:03.935+0000][4423.354s][info][gc,phases   ] GC(745)   Merge Heap Roots: 0.3ms
[2024-05-30T11:48:03.935+0000][4423.354s][info][gc,phases   ] GC(745)   Evacuate Collection Set: 90.6ms
[2024-05-30T11:48:03.935+0000][4423.354s][info][gc,phases   ] GC(745)   Post Evacuate Collection Set: 2.3ms
[2024-05-30T11:48:03.935+0000][4423.354s][info][gc,phases   ] GC(745)   Other: 0.2ms
[2024-05-30T11:48:03.935+0000][4423.354s][info][gc,heap     ] GC(745) Eden regions: 748->0(749)
[2024-05-30T11:48:03.935+0000][4423.354s][info][gc,heap     ] GC(745) Survivor regions: 32->30(98)
[2024-05-30T11:48:03.935+0000][4423.354s][info][gc,heap     ] GC(745) Old regions: 408->411
[2024-05-30T11:48:03.935+0000][4423.354s][info][gc,heap     ] GC(745) Archive regions: 2->2
[2024-05-30T11:48:03.935+0000][4423.354s][info][gc,heap     ] GC(745) Humongous regions: 6->6
[2024-05-30T11:48:03.935+0000][4423.354s][info][gc,metaspace] GC(745) Metaspace: 413539K(419584K)->413539K(419584K) NonClass: 361533K(364928K)->361533K(364928K) Class: 52006K(54656K)->52006K(54656K)
[2024-05-30T11:48:03.935+0000][4423.354s][info][gc          ] GC(745) Pause Young (Normal) (G1 Evacuation Pause) 9554M->3576M(12288M) 93.726ms
[2024-05-30T11:48:03.935+0000][4423.354s][info][gc,cpu      ] GC(745) User=0.55s Sys=0.00s Real=0.09s
[2024-05-30T11:48:12.247+0000][4431.666s][info][gc,start    ] GC(746) Pause Young (Normal) (G1 Evacuation Pause)
[2024-05-30T11:48:12.247+0000][4431.666s][info][gc,task     ] GC(746) Using 6 workers of 6 for evacuation
[2024-05-30T11:48:12.331+0000][4431.750s][info][gc,phases   ] GC(746)   Pre Evacuate Collection Set: 0.2ms
[2024-05-30T11:48:12.331+0000][4431.750s][info][gc,phases   ] GC(746)   Merge Heap Roots: 0.3ms
[2024-05-30T11:48:12.331+0000][4431.750s][info][gc,phases   ] GC(746)   Evacuate Collection Set: 80.9ms
[2024-05-30T11:48:12.331+0000][4431.750s][info][gc,phases   ] GC(746)   Post Evacuate Collection Set: 2.3ms
[2024-05-30T11:48:12.331+0000][4431.750s][info][gc,phases   ] GC(746)   Other: 0.2ms
[2024-05-30T11:48:12.331+0000][4431.750s][info][gc,heap     ] GC(746) Eden regions: 749->0(747)
[2024-05-30T11:48:12.331+0000][4431.750s][info][gc,heap     ] GC(746) Survivor regions: 30->29(98)
[2024-05-30T11:48:12.331+0000][4431.750s][info][gc,heap     ] GC(746) Old regions: 411->415
[2024-05-30T11:48:12.331+0000][4431.750s][info][gc,heap     ] GC(746) Archive regions: 2->2
[2024-05-30T11:48:12.331+0000][4431.750s][info][gc,heap     ] GC(746) Humongous regions: 6->6
[2024-05-30T11:48:12.331+0000][4431.750s][info][gc,metaspace] GC(746) Metaspace: 413539K(419584K)->413539K(419584K) NonClass: 361533K(364928K)->361533K(364928K) Class: 52006K(54656K)->52006K(54656K)
[2024-05-30T11:48:12.331+0000][4431.750s][info][gc          ] GC(746) Pause Young (Normal) (G1 Evacuation Pause) 9568M->3599M(12288M) 83.925ms
[2024-05-30T11:48:12.331+0000][4431.750s][info][gc,cpu      ] GC(746) User=0.50s Sys=0.00s Real=0.09s
[2024-05-30T11:48:20.277+0000][4439.696s][info][gc,start    ] GC(747) Pause Young (Normal) (G1 Evacuation Pause)
[2024-05-30T11:48:20.277+0000][4439.696s][info][gc,task     ] GC(747) Using 6 workers of 6 for evacuation
[2024-05-30T11:48:20.350+0000][4439.769s][info][gc,phases   ] GC(747)   Pre Evacuate Collection Set: 0.2ms
[2024-05-30T11:48:20.350+0000][4439.769s][info][gc,phases   ] GC(747)   Merge Heap Roots: 0.2ms
[2024-05-30T11:48:20.350+0000][4439.769s][info][gc,phases   ] GC(747)   Evacuate Collection Set: 69.8ms
[2024-05-30T11:48:20.350+0000][4439.769s][info][gc,phases   ] GC(747)   Post Evacuate Collection Set: 2.3ms
[2024-05-30T11:48:20.350+0000][4439.769s][info][gc,phases   ] GC(747)   Other: 0.2ms
[2024-05-30T11:48:20.350+0000][4439.769s][info][gc,heap     ] GC(747) Eden regions: 747->0(753)
[2024-05-30T11:48:20.350+0000][4439.769s][info][gc,heap     ] GC(747) Survivor regions: 29->24(97)
[2024-05-30T11:48:20.350+0000][4439.769s][info][gc,heap     ] GC(747) Old regions: 415->419
[2024-05-30T11:48:20.350+0000][4439.769s][info][gc,heap     ] GC(747) Archive regions: 2->2
[2024-05-30T11:48:20.350+0000][4439.769s][info][gc,heap     ] GC(747) Humongous regions: 6->6
[2024-05-30T11:48:20.350+0000][4439.769s][info][gc,metaspace] GC(747) Metaspace: 413542K(419584K)->413542K(419584K) NonClass: 361536K(364928K)->361536K(364928K) Class: 52006K(54656K)->52006K(54656K)
[2024-05-30T11:48:20.350+0000][4439.769s][info][gc          ] GC(747) Pause Young (Normal) (G1 Evacuation Pause) 9575M->3596M(12288M) 72.836ms
[2024-05-30T11:48:20.350+0000][4439.769s][info][gc,cpu      ] GC(747) User=0.44s Sys=0.00s Real=0.07s
[2024-05-30T11:48:28.177+0000][4447.597s][info][gc,start    ] GC(748) Pause Young (Normal) (G1 Evacuation Pause)
[2024-05-30T11:48:28.177+0000][4447.597s][info][gc,task     ] GC(748) Using 6 workers of 6 for evacuation
[2024-05-30T11:48:28.236+0000][4447.655s][info][gc,phases   ] GC(748)   Pre Evacuate Collection Set: 0.2ms
[2024-05-30T11:48:28.236+0000][4447.655s][info][gc,phases   ] GC(748)   Merge Heap Roots: 0.2ms
[2024-05-30T11:48:28.236+0000][4447.655s][info][gc,phases   ] GC(748)   Evacuate Collection Set: 55.7ms
[2024-05-30T11:48:28.236+0000][4447.655s][info][gc,phases   ] GC(748)   Post Evacuate Collection Set: 2.3ms
[2024-05-30T11:48:28.236+0000][4447.655s][info][gc,phases   ] GC(748)   Other: 0.2ms
[2024-05-30T11:48:28.236+0000][4447.655s][info][gc,heap     ] GC(748) Eden regions: 753->0(754)
[2024-05-30T11:48:28.236+0000][4447.655s][info][gc,heap     ] GC(748) Survivor regions: 24->23(98)
[2024-05-30T11:48:28.236+0000][4447.655s][info][gc,heap     ] GC(748) Old regions: 419->420
[2024-05-30T11:48:28.236+0000][4447.655s][info][gc,heap     ] GC(748) Archive regions: 2->2
[2024-05-30T11:48:28.236+0000][4447.655s][info][gc,heap     ] GC(748) Humongous regions: 6->6
[2024-05-30T11:48:28.236+0000][4447.655s][info][gc,metaspace] GC(748) Metaspace: 413542K(419584K)->413542K(419584K) NonClass: 361536K(364928K)->361536K(364928K) Class: 52006K(54656K)->52006K(54656K)
[2024-05-30T11:48:28.236+0000][4447.655s][info][gc          ] GC(748) Pause Young (Normal) (G1 Evacuation Pause) 9620M->3592M(12288M) 58.677ms
[2024-05-30T11:48:28.236+0000][4447.655s][info][gc,cpu      ] GC(748) User=0.35s Sys=0.00s Real=0.05s
[2024-05-30T11:48:36.593+0000][4456.013s][info][gc,start    ] GC(749) Pause Young (Normal) (G1 Evacuation Pause)
[2024-05-30T11:48:36.593+0000][4456.013s][info][gc,task     ] GC(749) Using 6 workers of 6 for evacuation
[2024-05-30T11:48:36.653+0000][4456.073s][info][gc,phases   ] GC(749)   Pre Evacuate Collection Set: 0.2ms
[2024-05-30T11:48:36.653+0000][4456.073s][info][gc,phases   ] GC(749)   Merge Heap Roots: 0.2ms
[2024-05-30T11:48:36.653+0000][4456.073s][info][gc,phases   ] GC(749)   Evacuate Collection Set: 57.2ms
[2024-05-30T11:48:36.653+0000][4456.073s][info][gc,phases   ] GC(749)   Post Evacuate Collection Set: 2.2ms
[2024-05-30T11:48:36.653+0000][4456.073s][info][gc,phases   ] GC(749)   Other: 0.2ms
[2024-05-30T11:48:36.653+0000][4456.073s][info][gc,heap     ] GC(749) Eden regions: 754->0(751)
[2024-05-30T11:48:36.653+0000][4456.073s][info][gc,heap     ] GC(749) Survivor regions: 23->24(98)
[2024-05-30T11:48:36.653+0000][4456.073s][info][gc,heap     ] GC(749) Old regions: 420->421
[2024-05-30T11:48:36.653+0000][4456.073s][info][gc,heap     ] GC(749) Archive regions: 2->2
[2024-05-30T11:48:36.653+0000][4456.073s][info][gc,heap     ] GC(749) Humongous regions: 6->6
[2024-05-30T11:48:36.653+0000][4456.073s][info][gc,metaspace] GC(749) Metaspace: 413542K(419584K)->413542K(419584K) NonClass: 361536K(364928K)->361536K(364928K) Class: 52006K(54656K)->52006K(54656K)
[2024-05-30T11:48:36.653+0000][4456.073s][info][gc          ] GC(749) Pause Young (Normal) (G1 Evacuation Pause) 9624M->3608M(12288M) 60.174ms
[2024-05-30T11:48:36.654+0000][4456.073s][info][gc,cpu      ] GC(749) User=0.36s Sys=0.00s Real=0.06s
[2024-05-30T11:48:44.709+0000][4464.129s][info][gc,start    ] GC(750) Pause Young (Normal) (G1 Evacuation Pause)
[2024-05-30T11:48:44.709+0000][4464.129s][info][gc,task     ] GC(750) Using 6 workers of 6 for evacuation
[2024-05-30T11:48:44.771+0000][4464.190s][info][gc,phases   ] GC(750)   Pre Evacuate Collection Set: 0.2ms
[2024-05-30T11:48:44.771+0000][4464.190s][info][gc,phases   ] GC(750)   Merge Heap Roots: 0.2ms
[2024-05-30T11:48:44.771+0000][4464.190s][info][gc,phases   ] GC(750)   Evacuate Collection Set: 58.1ms
[2024-05-30T11:48:44.771+0000][4464.190s][info][gc,phases   ] GC(750)   Post Evacuate Collection Set: 2.4ms
[2024-05-30T11:48:44.771+0000][4464.190s][info][gc,phases   ] GC(750)   Other: 0.2ms
[2024-05-30T11:48:44.771+0000][4464.190s][info][gc,heap     ] GC(750) Eden regions: 751->0(752)
[2024-05-30T11:48:44.771+0000][4464.190s][info][gc,heap     ] GC(750) Survivor regions: 24->23(97)
[2024-05-30T11:48:44.771+0000][4464.190s][info][gc,heap     ] GC(750) Old regions: 421->422
[2024-05-30T11:48:44.771+0000][4464.190s][info][gc,heap     ] GC(750) Archive regions: 2->2
[2024-05-30T11:48:44.771+0000][4464.190s][info][gc,heap     ] GC(750) Humongous regions: 6->6
[2024-05-30T11:48:44.771+0000][4464.190s][info][gc,metaspace] GC(750) Metaspace: 413543K(419584K)->413543K(419584K) NonClass: 361537K(364928K)->361537K(364928K) Class: 52006K(54656K)->52006K(54656K)
[2024-05-30T11:48:44.771+0000][4464.190s][info][gc          ] GC(750) Pause Young (Normal) (G1 Evacuation Pause) 9616M->3610M(12288M) 61.232ms
[2024-05-30T11:48:44.771+0000][4464.190s][info][gc,cpu      ] GC(750) User=0.37s Sys=0.00s Real=0.06s
[2024-05-30T11:48:53.116+0000][4472.536s][info][gc,start    ] GC(751) Pause Young (Normal) (G1 Evacuation Pause)
[2024-05-30T11:48:53.116+0000][4472.536s][info][gc,task     ] GC(751) Using 6 workers of 6 for evacuation
[2024-05-30T11:48:53.179+0000][4472.598s][info][gc,phases   ] GC(751)   Pre Evacuate Collection Set: 0.2ms
[2024-05-30T11:48:53.179+0000][4472.598s][info][gc,phases   ] GC(751)   Merge Heap Roots: 0.3ms
[2024-05-30T11:48:53.179+0000][4472.598s][info][gc,phases   ] GC(751)   Evacuate Collection Set: 59.5ms
[2024-05-30T11:48:53.179+0000][4472.598s][info][gc,phases   ] GC(751)   Post Evacuate Collection Set: 2.5ms
[2024-05-30T11:48:53.179+0000][4472.598s][info][gc,phases   ] GC(751)   Other: 0.2ms
[2024-05-30T11:48:53.179+0000][4472.598s][info][gc,heap     ] GC(751) Eden regions: 752->0(747)
[2024-05-30T11:48:53.179+0000][4472.598s][info][gc,heap     ] GC(751) Survivor regions: 23->25(97)
[2024-05-30T11:48:53.179+0000][4472.598s][info][gc,heap     ] GC(751) Old regions: 422->423
[2024-05-30T11:48:53.179+0000][4472.598s][info][gc,heap     ] GC(751) Archive regions: 2->2
[2024-05-30T11:48:53.179+0000][4472.598s][info][gc,heap     ] GC(751) Humongous regions: 6->6
[2024-05-30T11:48:53.179+0000][4472.598s][info][gc,metaspace] GC(751) Metaspace: 413543K(419584K)->413543K(419584K) NonClass: 361537K(364928K)->361537K(364928K) Class: 52006K(54656K)->52006K(54656K)
[2024-05-30T11:48:53.179+0000][4472.598s][info][gc          ] GC(751) Pause Young (Normal) (G1 Evacuation Pause) 9626M->3629M(12288M) 62.723ms
[2024-05-30T11:48:53.179+0000][4472.598s][info][gc,cpu      ] GC(751) User=0.36s Sys=0.01s Real=0.06s
[2024-05-30T11:49:01.316+0000][4480.735s][info][gc,start    ] GC(752) Pause Young (Normal) (G1 Evacuation Pause)
[2024-05-30T11:49:01.316+0000][4480.735s][info][gc,task     ] GC(752) Using 6 workers of 6 for evacuation
[2024-05-30T11:49:01.382+0000][4480.801s][info][gc,phases   ] GC(752)   Pre Evacuate Collection Set: 0.2ms
[2024-05-30T11:49:01.382+0000][4480.801s][info][gc,phases   ] GC(752)   Merge Heap Roots: 0.2ms
[2024-05-30T11:49:01.382+0000][4480.801s][info][gc,phases   ] GC(752)   Evacuate Collection Set: 63.4ms
[2024-05-30T11:49:01.382+0000][4480.801s][info][gc,phases   ] GC(752)   Post Evacuate Collection Set: 2.3ms
[2024-05-30T11:49:01.382+0000][4480.801s][info][gc,phases   ] GC(752)   Other: 0.2ms
[2024-05-30T11:49:01.382+0000][4480.801s][info][gc,heap     ] GC(752) Eden regions: 747->0(744)
[2024-05-30T11:49:01.382+0000][4480.801s][info][gc,heap     ] GC(752) Survivor regions: 25->26(97)
[2024-05-30T11:49:01.382+0000][4480.801s][info][gc,heap     ] GC(752) Old regions: 423->424
[2024-05-30T11:49:01.382+0000][4480.801s][info][gc,heap     ] GC(752) Archive regions: 2->2
[2024-05-30T11:49:01.382+0000][4480.801s][info][gc,heap     ] GC(752) Humongous regions: 6->6
[2024-05-30T11:49:01.382+0000][4480.801s][info][gc,metaspace] GC(752) Metaspace: 413543K(419584K)->413543K(419584K) NonClass: 361537K(364928K)->361537K(364928K) Class: 52006K(54656K)->52006K(54656K)
[2024-05-30T11:49:01.382+0000][4480.801s][info][gc          ] GC(752) Pause Young (Normal) (G1 Evacuation Pause) 9605M->3643M(12288M) 66.434ms
[2024-05-30T11:49:01.382+0000][4480.801s][info][gc,cpu      ] GC(752) User=0.40s Sys=0.00s Real=0.07s
[2024-05-30T11:49:08.924+0000][4488.344s][info][gc,start    ] GC(753) Pause Young (Normal) (G1 Evacuation Pause)
[2024-05-30T11:49:08.924+0000][4488.344s][info][gc,task     ] GC(753) Using 6 workers of 6 for evacuation
[2024-05-30T11:49:08.990+0000][4488.409s][info][gc,phases   ] GC(753)   Pre Evacuate Collection Set: 0.4ms
[2024-05-30T11:49:08.990+0000][4488.409s][info][gc,phases   ] GC(753)   Merge Heap Roots: 0.3ms
[2024-05-30T11:49:08.990+0000][4488.409s][info][gc,phases   ] GC(753)   Evacuate Collection Set: 62.1ms
[2024-05-30T11:49:08.990+0000][4488.409s][info][gc,phases   ] GC(753)   Post Evacuate Collection Set: 2.3ms
[2024-05-30T11:49:08.990+0000][4488.409s][info][gc,phases   ] GC(753)   Other: 0.3ms
[2024-05-30T11:49:08.990+0000][4488.409s][info][gc,heap     ] GC(753) Eden regions: 744->0(747)
[2024-05-30T11:49:08.990+0000][4488.409s][info][gc,heap     ] GC(753) Survivor regions: 26->24(97)
[2024-05-30T11:49:08.990+0000][4488.409s][info][gc,heap     ] GC(753) Old regions: 424->425
[2024-05-30T11:49:08.990+0000][4488.409s][info][gc,heap     ] GC(753) Archive regions: 2->2
[2024-05-30T11:49:08.990+0000][4488.409s][info][gc,heap     ] GC(753) Humongous regions: 6->6
[2024-05-30T11:49:08.990+0000][4488.409s][info][gc,metaspace] GC(753) Metaspace: 413547K(419584K)->413547K(419584K) NonClass: 361541K(364928K)->361541K(364928K) Class: 52006K(54656K)->52006K(54656K)
[2024-05-30T11:49:08.990+0000][4488.409s][info][gc          ] GC(753) Pause Young (Normal) (G1 Evacuation Pause) 9595M->3633M(12288M) 65.380ms
[2024-05-30T11:49:08.990+0000][4488.409s][info][gc,cpu      ] GC(753) User=0.38s Sys=0.00s Real=0.07s
[2024-05-30T11:49:15.440+0000][4494.860s][info][gc,start    ] GC(754) Pause Young (Normal) (G1 Evacuation Pause)
[2024-05-30T11:49:15.441+0000][4494.860s][info][gc,task     ] GC(754) Using 6 workers of 6 for evacuation
[2024-05-30T11:49:15.501+0000][4494.920s][info][gc,phases   ] GC(754)   Pre Evacuate Collection Set: 0.2ms
[2024-05-30T11:49:15.501+0000][4494.920s][info][gc,phases   ] GC(754)   Merge Heap Roots: 0.2ms
[2024-05-30T11:49:15.501+0000][4494.920s][info][gc,phases   ] GC(754)   Evacuate Collection Set: 57.6ms
[2024-05-30T11:49:15.501+0000][4494.920s][info][gc,phases   ] GC(754)   Post Evacuate Collection Set: 2.3ms
[2024-05-30T11:49:15.501+0000][4494.920s][info][gc,phases   ] GC(754)   Other: 0.2ms
[2024-05-30T11:49:15.501+0000][4494.920s][info][gc,heap     ] GC(754) Eden regions: 747->0(747)
[2024-05-30T11:49:15.501+0000][4494.920s][info][gc,heap     ] GC(754) Survivor regions: 24->24(97)
[2024-05-30T11:49:15.501+0000][4494.920s][info][gc,heap     ] GC(754) Old regions: 425->425
[2024-05-30T11:49:15.501+0000][4494.920s][info][gc,heap     ] GC(754) Archive regions: 2->2
[2024-05-30T11:49:15.501+0000][4494.920s][info][gc,heap     ] GC(754) Humongous regions: 6->6
[2024-05-30T11:49:15.501+0000][4494.920s][info][gc,metaspace] GC(754) Metaspace: 413547K(419584K)->413547K(419584K) NonClass: 361541K(364928K)->361541K(364928K) Class: 52006K(54656K)->52006K(54656K)
[2024-05-30T11:49:15.501+0000][4494.920s][info][gc          ] GC(754) Pause Young (Normal) (G1 Evacuation Pause) 9609M->3644M(12288M) 60.646ms
[2024-05-30T11:49:15.501+0000][4494.920s][info][gc,cpu      ] GC(754) User=0.36s Sys=0.00s Real=0.06s
[2024-05-30T11:49:23.759+0000][4503.178s][info][gc,start    ] GC(755) Pause Young (Normal) (G1 Evacuation Pause)
[2024-05-30T11:49:23.759+0000][4503.178s][info][gc,task     ] GC(755) Using 6 workers of 6 for evacuation
[2024-05-30T11:49:23.819+0000][4503.238s][info][gc,phases   ] GC(755)   Pre Evacuate Collection Set: 0.2ms
[2024-05-30T11:49:23.819+0000][4503.238s][info][gc,phases   ] GC(755)   Merge Heap Roots: 0.2ms
[2024-05-30T11:49:23.819+0000][4503.238s][info][gc,phases   ] GC(755)   Evacuate Collection Set: 57.1ms
[2024-05-30T11:49:23.819+0000][4503.238s][info][gc,phases   ] GC(755)   Post Evacuate Collection Set: 2.5ms
[2024-05-30T11:49:23.819+0000][4503.238s][info][gc,phases   ] GC(755)   Other: 0.3ms
[2024-05-30T11:49:23.819+0000][4503.238s][info][gc,heap     ] GC(755) Eden regions: 747->0(742)
[2024-05-30T11:49:23.819+0000][4503.238s][info][gc,heap     ] GC(755) Survivor regions: 24->26(97)
[2024-05-30T11:49:23.819+0000][4503.238s][info][gc,heap     ] GC(755) Old regions: 425->426
[2024-05-30T11:49:23.819+0000][4503.238s][info][gc,heap     ] GC(755) Archive regions: 2->2
[2024-05-30T11:49:23.819+0000][4503.238s][info][gc,heap     ] GC(755) Humongous regions: 6->6
[2024-05-30T11:49:23.819+0000][4503.238s][info][gc,metaspace] GC(755) Metaspace: 413548K(419584K)->413548K(419584K) NonClass: 361542K(364928K)->361542K(364928K) Class: 52006K(54656K)->52006K(54656K)
[2024-05-30T11:49:23.819+0000][4503.238s][info][gc          ] GC(755) Pause Young (Normal) (G1 Evacuation Pause) 9620M->3668M(12288M) 60.325ms
[2024-05-30T11:49:23.819+0000][4503.238s][info][gc,cpu      ] GC(755) User=0.35s Sys=0.01s Real=0.06s
[2024-05-30T11:49:28.140+0000][4507.559s][info][gc,start    ] GC(756) Pause Young (Normal) (G1 Evacuation Pause)
[2024-05-30T11:49:28.140+0000][4507.559s][info][gc,task     ] GC(756) Using 6 workers of 6 for evacuation
[2024-05-30T11:49:28.221+0000][4507.640s][info][gc,phases   ] GC(756)   Pre Evacuate Collection Set: 0.2ms
[2024-05-30T11:49:28.221+0000][4507.640s][info][gc,phases   ] GC(756)   Merge Heap Roots: 0.3ms
[2024-05-30T11:49:28.221+0000][4507.640s][info][gc,phases   ] GC(756)   Evacuate Collection Set: 70.7ms
[2024-05-30T11:49:28.221+0000][4507.640s][info][gc,phases   ] GC(756)   Post Evacuate Collection Set: 10.1ms
[2024-05-30T11:49:28.221+0000][4507.640s][info][gc,phases   ] GC(756)   Other: 0.2ms
[2024-05-30T11:49:28.221+0000][4507.640s][info][gc,heap     ] GC(756) Eden regions: 742->0(743)
[2024-05-30T11:49:28.221+0000][4507.640s][info][gc,heap     ] GC(756) Survivor regions: 26->25(96)
[2024-05-30T11:49:28.221+0000][4507.640s][info][gc,heap     ] GC(756) Old regions: 426->427
[2024-05-30T11:49:28.221+0000][4507.640s][info][gc,heap     ] GC(756) Archive regions: 2->2
[2024-05-30T11:49:28.221+0000][4507.640s][info][gc,heap     ] GC(756) Humongous regions: 6->6
[2024-05-30T11:49:28.221+0000][4507.640s][info][gc,metaspace] GC(756) Metaspace: 413548K(419584K)->413548K(419584K) NonClass: 361542K(364928K)->361542K(364928K) Class: 52006K(54656K)->52006K(54656K)
[2024-05-30T11:49:28.221+0000][4507.640s][info][gc          ] GC(756) Pause Young (Normal) (G1 Evacuation Pause) 9604M->3668M(12288M) 81.619ms
[2024-05-30T11:49:28.221+0000][4507.641s][info][gc,cpu      ] GC(756) User=0.48s Sys=0.00s Real=0.08s
[2024-05-30T11:49:30.417+0000][4509.836s][info][gc,start    ] GC(757) Pause Young (Normal) (G1 Evacuation Pause)
[2024-05-30T11:49:30.417+0000][4509.836s][info][gc,task     ] GC(757) Using 6 workers of 6 for evacuation
[2024-05-30T11:49:30.543+0000][4509.963s][info][gc,phases   ] GC(757)   Pre Evacuate Collection Set: 0.2ms
[2024-05-30T11:49:30.544+0000][4509.963s][info][gc,phases   ] GC(757)   Merge Heap Roots: 0.3ms
[2024-05-30T11:49:30.544+0000][4509.963s][info][gc,phases   ] GC(757)   Evacuate Collection Set: 106.0ms
[2024-05-30T11:49:30.544+0000][4509.963s][info][gc,phases   ] GC(757)   Post Evacuate Collection Set: 19.6ms
[2024-05-30T11:49:30.544+0000][4509.963s][info][gc,phases   ] GC(757)   Other: 0.2ms
[2024-05-30T11:49:30.544+0000][4509.963s][info][gc,heap     ] GC(757) Eden regions: 743->0(736)
[2024-05-30T11:49:30.544+0000][4509.963s][info][gc,heap     ] GC(757) Survivor regions: 25->28(96)
[2024-05-30T11:49:30.544+0000][4509.963s][info][gc,heap     ] GC(757) Old regions: 427->428
[2024-05-30T11:49:30.544+0000][4509.963s][info][gc,heap     ] GC(757) Archive regions: 2->2
[2024-05-30T11:49:30.544+0000][4509.963s][info][gc,heap     ] GC(757) Humongous regions: 6->6
[2024-05-30T11:49:30.544+0000][4509.963s][info][gc,metaspace] GC(757) Metaspace: 413551K(419584K)->413551K(419584K) NonClass: 361545K(364928K)->361545K(364928K) Class: 52006K(54656K)->52006K(54656K)
[2024-05-30T11:49:30.544+0000][4509.963s][info][gc          ] GC(757) Pause Young (Normal) (G1 Evacuation Pause) 9612M->3694M(12288M) 126.388ms
[2024-05-30T11:49:30.544+0000][4509.963s][info][gc,cpu      ] GC(757) User=0.74s Sys=0.00s Real=0.12s
[2024-05-30T11:49:32.738+0000][4512.157s][info][gc,start    ] GC(758) Pause Young (Normal) (G1 Evacuation Pause)
[2024-05-30T11:49:32.738+0000][4512.157s][info][gc,task     ] GC(758) Using 6 workers of 6 for evacuation
[2024-05-30T11:49:32.865+0000][4512.284s][info][gc,phases   ] GC(758)   Pre Evacuate Collection Set: 0.2ms
[2024-05-30T11:49:32.865+0000][4512.284s][info][gc,phases   ] GC(758)   Merge Heap Roots: 0.3ms
[2024-05-30T11:49:32.865+0000][4512.284s][info][gc,phases   ] GC(758)   Evacuate Collection Set: 106.8ms
[2024-05-30T11:49:32.865+0000][4512.284s][info][gc,phases   ] GC(758)   Post Evacuate Collection Set: 19.0ms
[2024-05-30T11:49:32.865+0000][4512.284s][info][gc,phases   ] GC(758)   Other: 0.2ms
[2024-05-30T11:49:32.865+0000][4512.284s][info][gc,heap     ] GC(758) Eden regions: 736->0(735)
[2024-05-30T11:49:32.865+0000][4512.284s][info][gc,heap     ] GC(758) Survivor regions: 28->28(96)
[2024-05-30T11:49:32.865+0000][4512.284s][info][gc,heap     ] GC(758) Old regions: 428->429
[2024-05-30T11:49:32.865+0000][4512.284s][info][gc,heap     ] GC(758) Archive regions: 2->2
[2024-05-30T11:49:32.865+0000][4512.284s][info][gc,heap     ] GC(758) Humongous regions: 6->6
[2024-05-30T11:49:32.865+0000][4512.284s][info][gc,metaspace] GC(758) Metaspace: 413551K(419584K)->413551K(419584K) NonClass: 361545K(364928K)->361545K(364928K) Class: 52006K(54656K)->52006K(54656K)
[2024-05-30T11:49:32.865+0000][4512.284s][info][gc          ] GC(758) Pause Young (Normal) (G1 Evacuation Pause) 9582M->3700M(12288M) 126.635ms
[2024-05-30T11:49:32.865+0000][4512.284s][info][gc,cpu      ] GC(758) User=0.75s Sys=0.00s Real=0.12s
[2024-05-30T11:49:35.121+0000][4514.540s][info][gc,start    ] GC(759) Pause Young (Normal) (G1 Evacuation Pause)
[2024-05-30T11:49:35.121+0000][4514.540s][info][gc,task     ] GC(759) Using 6 workers of 6 for evacuation
[2024-05-30T11:49:35.254+0000][4514.673s][info][gc,phases   ] GC(759)   Pre Evacuate Collection Set: 0.2ms
[2024-05-30T11:49:35.254+0000][4514.673s][info][gc,phases   ] GC(759)   Merge Heap Roots: 0.3ms
[2024-05-30T11:49:35.254+0000][4514.673s][info][gc,phases   ] GC(759)   Evacuate Collection Set: 112.5ms
[2024-05-30T11:49:35.254+0000][4514.673s][info][gc,phases   ] GC(759)   Post Evacuate Collection Set: 19.6ms
[2024-05-30T11:49:35.254+0000][4514.673s][info][gc,phases   ] GC(759)   Other: 0.2ms
[2024-05-30T11:49:35.254+0000][4514.673s][info][gc,heap     ] GC(759) Eden regions: 735->0(732)
[2024-05-30T11:49:35.254+0000][4514.673s][info][gc,heap     ] GC(759) Survivor regions: 28->29(96)
[2024-05-30T11:49:35.254+0000][4514.673s][info][gc,heap     ] GC(759) Old regions: 429->430
[2024-05-30T11:49:35.254+0000][4514.673s][info][gc,heap     ] GC(759) Archive regions: 2->2
[2024-05-30T11:49:35.254+0000][4514.673s][info][gc,heap     ] GC(759) Humongous regions: 6->6
[2024-05-30T11:49:35.254+0000][4514.673s][info][gc,metaspace] GC(759) Metaspace: 413551K(419584K)->413551K(419584K) NonClass: 361545K(364928K)->361545K(364928K) Class: 52006K(54656K)->52006K(54656K)
[2024-05-30T11:49:35.254+0000][4514.673s][info][gc          ] GC(759) Pause Young (Normal) (G1 Evacuation Pause) 9580M->3719M(12288M) 132.937ms
[2024-05-30T11:49:35.254+0000][4514.673s][info][gc,cpu      ] GC(759) User=0.78s Sys=0.00s Real=0.13s
[2024-05-30T11:49:37.515+0000][4516.934s][info][gc,start    ] GC(760) Pause Young (Normal) (G1 Evacuation Pause)
[2024-05-30T11:49:37.515+0000][4516.934s][info][gc,task     ] GC(760) Using 6 workers of 6 for evacuation
[2024-05-30T11:49:37.667+0000][4517.087s][info][gc,phases   ] GC(760)   Pre Evacuate Collection Set: 0.2ms
[2024-05-30T11:49:37.667+0000][4517.087s][info][gc,phases   ] GC(760)   Merge Heap Roots: 0.3ms
[2024-05-30T11:49:37.667+0000][4517.087s][info][gc,phases   ] GC(760)   Evacuate Collection Set: 130.8ms
[2024-05-30T11:49:37.667+0000][4517.087s][info][gc,phases   ] GC(760)   Post Evacuate Collection Set: 20.9ms
[2024-05-30T11:49:37.667+0000][4517.087s][info][gc,phases   ] GC(760)   Other: 0.3ms
[2024-05-30T11:49:37.667+0000][4517.087s][info][gc,heap     ] GC(760) Eden regions: 732->0(725)
[2024-05-30T11:49:37.667+0000][4517.087s][info][gc,heap     ] GC(760) Survivor regions: 29->32(96)
[2024-05-30T11:49:37.667+0000][4517.087s][info][gc,heap     ] GC(760) Old regions: 430->431
[2024-05-30T11:49:37.667+0000][4517.087s][info][gc,heap     ] GC(760) Archive regions: 2->2
[2024-05-30T11:49:37.667+0000][4517.087s][info][gc,heap     ] GC(760) Humongous regions: 6->6
[2024-05-30T11:49:37.667+0000][4517.087s][info][gc,metaspace] GC(760) Metaspace: 413551K(419584K)->413551K(419584K) NonClass: 361545K(364928K)->361545K(364928K) Class: 52006K(54656K)->52006K(54656K)
[2024-05-30T11:49:37.668+0000][4517.087s][info][gc          ] GC(760) Pause Young (Normal) (G1 Evacuation Pause) 9575M->3746M(12288M) 152.457ms
[2024-05-30T11:49:37.668+0000][4517.087s][info][gc,cpu      ] GC(760) User=0.90s Sys=0.00s Real=0.15s
[2024-05-30T11:49:41.788+0000][4521.207s][info][gc,start    ] GC(761) Pause Young (Normal) (G1 Evacuation Pause)
[2024-05-30T11:49:41.788+0000][4521.207s][info][gc,task     ] GC(761) Using 6 workers of 6 for evacuation
[2024-05-30T11:49:41.855+0000][4521.275s][info][gc,phases   ] GC(761)   Pre Evacuate Collection Set: 0.2ms
[2024-05-30T11:49:41.855+0000][4521.275s][info][gc,phases   ] GC(761)   Merge Heap Roots: 0.4ms
[2024-05-30T11:49:41.855+0000][4521.275s][info][gc,phases   ] GC(761)   Evacuate Collection Set: 61.3ms
[2024-05-30T11:49:41.855+0000][4521.275s][info][gc,phases   ] GC(761)   Post Evacuate Collection Set: 5.6ms
[2024-05-30T11:49:41.855+0000][4521.275s][info][gc,phases   ] GC(761)   Other: 0.2ms
[2024-05-30T11:49:41.855+0000][4521.275s][info][gc,heap     ] GC(761) Eden regions: 725->0(746)
[2024-05-30T11:49:41.855+0000][4521.275s][info][gc,heap     ] GC(761) Survivor regions: 32->21(95)
[2024-05-30T11:49:41.855+0000][4521.275s][info][gc,heap     ] GC(761) Old regions: 431->432
[2024-05-30T11:49:41.855+0000][4521.275s][info][gc,heap     ] GC(761) Archive regions: 2->2
[2024-05-30T11:49:41.855+0000][4521.275s][info][gc,heap     ] GC(761) Humongous regions: 6->6
[2024-05-30T11:49:41.855+0000][4521.275s][info][gc,metaspace] GC(761) Metaspace: 413551K(419584K)->413551K(419584K) NonClass: 361545K(364928K)->361545K(364928K) Class: 52006K(54656K)->52006K(54656K)
[2024-05-30T11:49:41.855+0000][4521.275s][info][gc          ] GC(761) Pause Young (Normal) (G1 Evacuation Pause) 9546M->3665M(12288M) 67.646ms
[2024-05-30T11:49:41.855+0000][4521.275s][info][gc,cpu      ] GC(761) User=0.40s Sys=0.00s Real=0.07s
[2024-05-30T11:49:48.128+0000][4527.548s][info][gc,start    ] GC(762) Pause Young (Normal) (G1 Evacuation Pause)
[2024-05-30T11:49:48.128+0000][4527.548s][info][gc,task     ] GC(762) Using 6 workers of 6 for evacuation
[2024-05-30T11:49:48.187+0000][4527.606s][info][gc,phases   ] GC(762)   Pre Evacuate Collection Set: 0.2ms
[2024-05-30T11:49:48.187+0000][4527.606s][info][gc,phases   ] GC(762)   Merge Heap Roots: 0.2ms
[2024-05-30T11:49:48.187+0000][4527.606s][info][gc,phases   ] GC(762)   Evacuate Collection Set: 55.9ms
[2024-05-30T11:49:48.187+0000][4527.606s][info][gc,phases   ] GC(762)   Post Evacuate Collection Set: 2.4ms
[2024-05-30T11:49:48.187+0000][4527.606s][info][gc,phases   ] GC(762)   Other: 0.2ms
[2024-05-30T11:49:48.187+0000][4527.607s][info][gc,heap     ] GC(762) Eden regions: 746->0(746)
[2024-05-30T11:49:48.187+0000][4527.607s][info][gc,heap     ] GC(762) Survivor regions: 21->21(96)
[2024-05-30T11:49:48.187+0000][4527.607s][info][gc,heap     ] GC(762) Old regions: 432->432
[2024-05-30T11:49:48.187+0000][4527.607s][info][gc,heap     ] GC(762) Archive regions: 2->2
[2024-05-30T11:49:48.187+0000][4527.607s][info][gc,heap     ] GC(762) Humongous regions: 6->6
[2024-05-30T11:49:48.187+0000][4527.607s][info][gc,metaspace] GC(762) Metaspace: 413551K(419584K)->413551K(419584K) NonClass: 361545K(364928K)->361545K(364928K) Class: 52006K(54656K)->52006K(54656K)
[2024-05-30T11:49:48.187+0000][4527.607s][info][gc          ] GC(762) Pause Young (Normal) (G1 Evacuation Pause) 9633M->3671M(12288M) 59.053ms
[2024-05-30T11:49:48.187+0000][4527.607s][info][gc,cpu      ] GC(762) User=0.35s Sys=0.00s Real=0.06s
[2024-05-30T11:49:56.344+0000][4535.763s][info][gc,start    ] GC(763) Pause Young (Normal) (G1 Evacuation Pause)
[2024-05-30T11:49:56.344+0000][4535.764s][info][gc,task     ] GC(763) Using 6 workers of 6 for evacuation
[2024-05-30T11:49:56.396+0000][4535.816s][info][gc,phases   ] GC(763)   Pre Evacuate Collection Set: 0.2ms
[2024-05-30T11:49:56.396+0000][4535.816s][info][gc,phases   ] GC(763)   Merge Heap Roots: 0.3ms
[2024-05-30T11:49:56.396+0000][4535.816s][info][gc,phases   ] GC(763)   Evacuate Collection Set: 49.0ms
[2024-05-30T11:49:56.396+0000][4535.816s][info][gc,phases   ] GC(763)   Post Evacuate Collection Set: 2.4ms
[2024-05-30T11:49:56.396+0000][4535.816s][info][gc,phases   ] GC(763)   Other: 0.3ms
[2024-05-30T11:49:56.396+0000][4535.816s][info][gc,heap     ] GC(763) Eden regions: 746->0(745)
[2024-05-30T11:49:56.396+0000][4535.816s][info][gc,heap     ] GC(763) Survivor regions: 21->21(96)
[2024-05-30T11:49:56.396+0000][4535.816s][info][gc,heap     ] GC(763) Old regions: 432->433
[2024-05-30T11:49:56.396+0000][4535.816s][info][gc,heap     ] GC(763) Archive regions: 2->2
[2024-05-30T11:49:56.396+0000][4535.816s][info][gc,heap     ] GC(763) Humongous regions: 6->6
[2024-05-30T11:49:56.396+0000][4535.816s][info][gc,metaspace] GC(763) Metaspace: 413555K(419584K)->413555K(419584K) NonClass: 361549K(364928K)->361549K(364928K) Class: 52006K(54656K)->52006K(54656K)
[2024-05-30T11:49:56.396+0000][4535.816s][info][gc          ] GC(763) Pause Young (Normal) (G1 Evacuation Pause) 9639M->3684M(12288M) 52.239ms
[2024-05-30T11:49:56.397+0000][4535.816s][info][gc,cpu      ] GC(763) User=0.31s Sys=0.01s Real=0.06s
[2024-05-30T11:50:04.347+0000][4543.766s][info][gc,start    ] GC(764) Pause Young (Normal) (G1 Evacuation Pause)
[2024-05-30T11:50:04.347+0000][4543.766s][info][gc,task     ] GC(764) Using 6 workers of 6 for evacuation
[2024-05-30T11:50:04.396+0000][4543.816s][info][gc,phases   ] GC(764)   Pre Evacuate Collection Set: 0.2ms
[2024-05-30T11:50:04.396+0000][4543.816s][info][gc,phases   ] GC(764)   Merge Heap Roots: 0.3ms
[2024-05-30T11:50:04.396+0000][4543.816s][info][gc,phases   ] GC(764)   Evacuate Collection Set: 46.7ms
[2024-05-30T11:50:04.396+0000][4543.816s][info][gc,phases   ] GC(764)   Post Evacuate Collection Set: 2.4ms
[2024-05-30T11:50:04.396+0000][4543.816s][info][gc,phases   ] GC(764)   Other: 0.3ms
[2024-05-30T11:50:04.396+0000][4543.816s][info][gc,heap     ] GC(764) Eden regions: 745->0(748)
[2024-05-30T11:50:04.396+0000][4543.816s][info][gc,heap     ] GC(764) Survivor regions: 21->19(96)
[2024-05-30T11:50:04.396+0000][4543.816s][info][gc,heap     ] GC(764) Old regions: 433->434
[2024-05-30T11:50:04.396+0000][4543.816s][info][gc,heap     ] GC(764) Archive regions: 2->2
[2024-05-30T11:50:04.396+0000][4543.816s][info][gc,heap     ] GC(764) Humongous regions: 6->6
[2024-05-30T11:50:04.396+0000][4543.816s][info][gc,metaspace] GC(764) Metaspace: 413563K(419584K)->413563K(419584K) NonClass: 361557K(364928K)->361557K(364928K) Class: 52006K(54656K)->52006K(54656K)
[2024-05-30T11:50:04.397+0000][4543.816s][info][gc          ] GC(764) Pause Young (Normal) (G1 Evacuation Pause) 9644M->3675M(12288M) 49.841ms
[2024-05-30T11:50:04.397+0000][4543.816s][info][gc,cpu      ] GC(764) User=0.29s Sys=0.00s Real=0.06s
[2024-05-30T11:50:10.323+0000][4549.743s][info][gc,start    ] GC(765) Pause Young (Normal) (G1 Evacuation Pause)
[2024-05-30T11:50:10.323+0000][4549.743s][info][gc,task     ] GC(765) Using 6 workers of 6 for evacuation
[2024-05-30T11:50:10.386+0000][4549.805s][info][gc,phases   ] GC(765)   Pre Evacuate Collection Set: 0.2ms
[2024-05-30T11:50:10.386+0000][4549.805s][info][gc,phases   ] GC(765)   Merge Heap Roots: 0.3ms
[2024-05-30T11:50:10.386+0000][4549.805s][info][gc,phases   ] GC(765)   Evacuate Collection Set: 56.0ms
[2024-05-30T11:50:10.386+0000][4549.805s][info][gc,phases   ] GC(765)   Post Evacuate Collection Set: 6.1ms
[2024-05-30T11:50:10.386+0000][4549.805s][info][gc,phases   ] GC(765)   Other: 0.2ms
[2024-05-30T11:50:10.386+0000][4549.805s][info][gc,heap     ] GC(765) Eden regions: 748->0(745)
[2024-05-30T11:50:10.386+0000][4549.805s][info][gc,heap     ] GC(765) Survivor regions: 19->20(96)
[2024-05-30T11:50:10.386+0000][4549.805s][info][gc,heap     ] GC(765) Old regions: 434->435
[2024-05-30T11:50:10.386+0000][4549.805s][info][gc,heap     ] GC(765) Archive regions: 2->2
[2024-05-30T11:50:10.386+0000][4549.805s][info][gc,heap     ] GC(765) Humongous regions: 6->6
[2024-05-30T11:50:10.386+0000][4549.805s][info][gc,metaspace] GC(765) Metaspace: 413563K(419584K)->413563K(419584K) NonClass: 361557K(364928K)->361557K(364928K) Class: 52006K(54656K)->52006K(54656K)
[2024-05-30T11:50:10.386+0000][4549.805s][info][gc          ] GC(765) Pause Young (Normal) (G1 Evacuation Pause) 9659M->3691M(12288M) 62.775ms
[2024-05-30T11:50:10.386+0000][4549.805s][info][gc,cpu      ] GC(765) User=0.37s Sys=0.00s Real=0.06s
[2024-05-30T11:50:12.818+0000][4552.238s][info][gc,start    ] GC(766) Pause Young (Normal) (G1 Evacuation Pause)
[2024-05-30T11:50:12.818+0000][4552.238s][info][gc,task     ] GC(766) Using 6 workers of 6 for evacuation
[2024-05-30T11:50:12.929+0000][4552.348s][info][gc,phases   ] GC(766)   Pre Evacuate Collection Set: 0.2ms
[2024-05-30T11:50:12.929+0000][4552.348s][info][gc,phases   ] GC(766)   Merge Heap Roots: 0.2ms
[2024-05-30T11:50:12.929+0000][4552.348s][info][gc,phases   ] GC(766)   Evacuate Collection Set: 90.6ms
[2024-05-30T11:50:12.929+0000][4552.348s][info][gc,phases   ] GC(766)   Post Evacuate Collection Set: 19.2ms
[2024-05-30T11:50:12.929+0000][4552.348s][info][gc,phases   ] GC(766)   Other: 0.2ms
[2024-05-30T11:50:12.929+0000][4552.348s][info][gc,heap     ] GC(766) Eden regions: 745->0(736)
[2024-05-30T11:50:12.929+0000][4552.348s][info][gc,heap     ] GC(766) Survivor regions: 20->24(96)
[2024-05-30T11:50:12.929+0000][4552.348s][info][gc,heap     ] GC(766) Old regions: 435->436
[2024-05-30T11:50:12.929+0000][4552.348s][info][gc,heap     ] GC(766) Archive regions: 2->2
[2024-05-30T11:50:12.929+0000][4552.348s][info][gc,heap     ] GC(766) Humongous regions: 6->6
[2024-05-30T11:50:12.929+0000][4552.348s][info][gc,metaspace] GC(766) Metaspace: 413563K(419584K)->413563K(419584K) NonClass: 361557K(364928K)->361557K(364928K) Class: 52006K(54656K)->52006K(54656K)
[2024-05-30T11:50:12.929+0000][4552.348s][info][gc          ] GC(766) Pause Young (Normal) (G1 Evacuation Pause) 9651M->3730M(12288M) 110.429ms
[2024-05-30T11:50:12.929+0000][4552.348s][info][gc,cpu      ] GC(766) User=0.65s Sys=0.00s Real=0.11s
[2024-05-30T11:50:15.110+0000][4554.529s][info][gc,start    ] GC(767) Pause Young (Normal) (G1 Evacuation Pause)
[2024-05-30T11:50:15.110+0000][4554.529s][info][gc,task     ] GC(767) Using 6 workers of 6 for evacuation
[2024-05-30T11:50:15.226+0000][4554.645s][info][gc,phases   ] GC(767)   Pre Evacuate Collection Set: 0.2ms
[2024-05-30T11:50:15.226+0000][4554.646s][info][gc,phases   ] GC(767)   Merge Heap Roots: 0.3ms
[2024-05-30T11:50:15.226+0000][4554.646s][info][gc,phases   ] GC(767)   Evacuate Collection Set: 96.9ms
[2024-05-30T11:50:15.226+0000][4554.646s][info][gc,phases   ] GC(767)   Post Evacuate Collection Set: 19.0ms
[2024-05-30T11:50:15.226+0000][4554.646s][info][gc,phases   ] GC(767)   Other: 0.2ms
[2024-05-30T11:50:15.226+0000][4554.646s][info][gc,heap     ] GC(767) Eden regions: 736->0(731)
[2024-05-30T11:50:15.226+0000][4554.646s][info][gc,heap     ] GC(767) Survivor regions: 24->26(95)
[2024-05-30T11:50:15.226+0000][4554.646s][info][gc,heap     ] GC(767) Old regions: 436->437
[2024-05-30T11:50:15.226+0000][4554.646s][info][gc,heap     ] GC(767) Archive regions: 2->2
[2024-05-30T11:50:15.226+0000][4554.646s][info][gc,heap     ] GC(767) Humongous regions: 6->6
[2024-05-30T11:50:15.226+0000][4554.646s][info][gc,metaspace] GC(767) Metaspace: 413563K(419584K)->413563K(419584K) NonClass: 361557K(364928K)->361557K(364928K) Class: 52006K(54656K)->52006K(54656K)
[2024-05-30T11:50:15.226+0000][4554.646s][info][gc          ] GC(767) Pause Young (Normal) (G1 Evacuation Pause) 9618M->3753M(12288M) 116.591ms
[2024-05-30T11:50:15.226+0000][4554.646s][info][gc,cpu      ] GC(767) User=0.68s Sys=0.00s Real=0.11s
[2024-05-30T11:50:17.332+0000][4556.751s][info][gc,start    ] GC(768) Pause Young (Normal) (G1 Evacuation Pause)
[2024-05-30T11:50:17.332+0000][4556.751s][info][gc,task     ] GC(768) Using 6 workers of 6 for evacuation
[2024-05-30T11:50:17.463+0000][4556.882s][info][gc,phases   ] GC(768)   Pre Evacuate Collection Set: 0.2ms
[2024-05-30T11:50:17.463+0000][4556.882s][info][gc,phases   ] GC(768)   Merge Heap Roots: 0.3ms
[2024-05-30T11:50:17.463+0000][4556.882s][info][gc,phases   ] GC(768)   Evacuate Collection Set: 109.3ms
[2024-05-30T11:50:17.463+0000][4556.882s][info][gc,phases   ] GC(768)   Post Evacuate Collection Set: 21.0ms
[2024-05-30T11:50:17.463+0000][4556.882s][info][gc,phases   ] GC(768)   Other: 0.2ms
[2024-05-30T11:50:17.463+0000][4556.882s][info][gc,heap     ] GC(768) Eden regions: 731->0(726)
[2024-05-30T11:50:17.463+0000][4556.882s][info][gc,heap     ] GC(768) Survivor regions: 26->28(95)
[2024-05-30T11:50:17.463+0000][4556.882s][info][gc,heap     ] GC(768) Old regions: 437->438
[2024-05-30T11:50:17.463+0000][4556.882s][info][gc,heap     ] GC(768) Archive regions: 2->2
[2024-05-30T11:50:17.463+0000][4556.882s][info][gc,heap     ] GC(768) Humongous regions: 6->6
[2024-05-30T11:50:17.463+0000][4556.882s][info][gc,metaspace] GC(768) Metaspace: 413563K(419584K)->413563K(419584K) NonClass: 361557K(364928K)->361557K(364928K) Class: 52006K(54656K)->52006K(54656K)
[2024-05-30T11:50:17.463+0000][4556.882s][info][gc          ] GC(768) Pause Young (Normal) (G1 Evacuation Pause) 9601M->3778M(12288M) 131.189ms
[2024-05-30T11:50:17.463+0000][4556.882s][info][gc,cpu      ] GC(768) User=0.77s Sys=0.00s Real=0.13s
[2024-05-30T11:50:19.649+0000][4559.069s][info][gc,start    ] GC(769) Pause Young (Normal) (G1 Evacuation Pause)
[2024-05-30T11:50:19.649+0000][4559.069s][info][gc,task     ] GC(769) Using 6 workers of 6 for evacuation
[2024-05-30T11:50:19.784+0000][4559.203s][info][gc,phases   ] GC(769)   Pre Evacuate Collection Set: 0.2ms
[2024-05-30T11:50:19.784+0000][4559.203s][info][gc,phases   ] GC(769)   Merge Heap Roots: 0.3ms
[2024-05-30T11:50:19.784+0000][4559.203s][info][gc,phases   ] GC(769)   Evacuate Collection Set: 114.5ms
[2024-05-30T11:50:19.784+0000][4559.203s][info][gc,phases   ] GC(769)   Post Evacuate Collection Set: 19.5ms
[2024-05-30T11:50:19.784+0000][4559.203s][info][gc,phases   ] GC(769)   Other: 0.2ms
[2024-05-30T11:50:19.784+0000][4559.203s][info][gc,heap     ] GC(769) Eden regions: 726->0(719)
[2024-05-30T11:50:19.784+0000][4559.203s][info][gc,heap     ] GC(769) Survivor regions: 28->31(95)
[2024-05-30T11:50:19.784+0000][4559.203s][info][gc,heap     ] GC(769) Old regions: 438->439
[2024-05-30T11:50:19.784+0000][4559.203s][info][gc,heap     ] GC(769) Archive regions: 2->2
[2024-05-30T11:50:19.784+0000][4559.203s][info][gc,heap     ] GC(769) Humongous regions: 6->6
[2024-05-30T11:50:19.784+0000][4559.203s][info][gc,metaspace] GC(769) Metaspace: 413563K(419584K)->413563K(419584K) NonClass: 361557K(364928K)->361557K(364928K) Class: 52006K(54656K)->52006K(54656K)
[2024-05-30T11:50:19.784+0000][4559.203s][info][gc          ] GC(769) Pause Young (Normal) (G1 Evacuation Pause) 9586M->3804M(12288M) 134.741ms
[2024-05-30T11:50:19.784+0000][4559.203s][info][gc,cpu      ] GC(769) User=0.79s Sys=0.01s Real=0.13s
[2024-05-30T11:50:21.788+0000][4561.207s][info][gc,start    ] GC(770) Pause Young (Normal) (G1 Evacuation Pause)
[2024-05-30T11:50:21.788+0000][4561.207s][info][gc,task     ] GC(770) Using 6 workers of 6 for evacuation
[2024-05-30T11:50:21.899+0000][4561.319s][info][gc,phases   ] GC(770)   Pre Evacuate Collection Set: 0.2ms
[2024-05-30T11:50:21.899+0000][4561.319s][info][gc,phases   ] GC(770)   Merge Heap Roots: 0.3ms
[2024-05-30T11:50:21.899+0000][4561.319s][info][gc,phases   ] GC(770)   Evacuate Collection Set: 98.9ms
[2024-05-30T11:50:21.899+0000][4561.319s][info][gc,phases   ] GC(770)   Post Evacuate Collection Set: 11.8ms
[2024-05-30T11:50:21.899+0000][4561.319s][info][gc,phases   ] GC(770)   Other: 0.2ms
[2024-05-30T11:50:21.899+0000][4561.319s][info][gc,heap     ] GC(770) Eden regions: 719->0(720)
[2024-05-30T11:50:21.899+0000][4561.319s][info][gc,heap     ] GC(770) Survivor regions: 31->30(94)
[2024-05-30T11:50:21.899+0000][4561.319s][info][gc,heap     ] GC(770) Old regions: 439->440
[2024-05-30T11:50:21.899+0000][4561.319s][info][gc,heap     ] GC(770) Archive regions: 2->2
[2024-05-30T11:50:21.899+0000][4561.319s][info][gc,heap     ] GC(770) Humongous regions: 6->6
[2024-05-30T11:50:21.899+0000][4561.319s][info][gc,metaspace] GC(770) Metaspace: 413564K(419584K)->413564K(419584K) NonClass: 361558K(364928K)->361558K(364928K) Class: 52006K(54656K)->52006K(54656K)
[2024-05-30T11:50:21.899+0000][4561.319s][info][gc          ] GC(770) Pause Young (Normal) (G1 Evacuation Pause) 9556M->3805M(12288M) 111.396ms
[2024-05-30T11:50:21.900+0000][4561.319s][info][gc,cpu      ] GC(770) User=0.65s Sys=0.00s Real=0.12s
[2024-05-30T11:50:24.049+0000][4563.468s][info][gc,start    ] GC(771) Pause Young (Normal) (G1 Evacuation Pause)
[2024-05-30T11:50:24.049+0000][4563.468s][info][gc,task     ] GC(771) Using 6 workers of 6 for evacuation
[2024-05-30T11:50:24.201+0000][4563.620s][info][gc,phases   ] GC(771)   Pre Evacuate Collection Set: 0.2ms
[2024-05-30T11:50:24.201+0000][4563.620s][info][gc,phases   ] GC(771)   Merge Heap Roots: 0.3ms
[2024-05-30T11:50:24.201+0000][4563.620s][info][gc,phases   ] GC(771)   Evacuate Collection Set: 129.7ms
[2024-05-30T11:50:24.201+0000][4563.620s][info][gc,phases   ] GC(771)   Post Evacuate Collection Set: 21.2ms
[2024-05-30T11:50:24.201+0000][4563.620s][info][gc,phases   ] GC(771)   Other: 0.2ms
[2024-05-30T11:50:24.201+0000][4563.620s][info][gc,heap     ] GC(771) Eden regions: 720->0(711)
[2024-05-30T11:50:24.201+0000][4563.620s][info][gc,heap     ] GC(771) Survivor regions: 30->34(94)
[2024-05-30T11:50:24.201+0000][4563.620s][info][gc,heap     ] GC(771) Old regions: 440->441
[2024-05-30T11:50:24.201+0000][4563.620s][info][gc,heap     ] GC(771) Archive regions: 2->2
[2024-05-30T11:50:24.201+0000][4563.620s][info][gc,heap     ] GC(771) Humongous regions: 6->6
[2024-05-30T11:50:24.201+0000][4563.620s][info][gc,metaspace] GC(771) Metaspace: 413564K(419584K)->413564K(419584K) NonClass: 361558K(364928K)->361558K(364928K) Class: 52006K(54656K)->52006K(54656K)
[2024-05-30T11:50:24.201+0000][4563.620s][info][gc          ] GC(771) Pause Young (Normal) (G1 Evacuation Pause) 9565M->3846M(12288M) 151.663ms
[2024-05-30T11:50:24.201+0000][4563.620s][info][gc,cpu      ] GC(771) User=0.89s Sys=0.00s Real=0.15s
[2024-05-30T11:50:26.340+0000][4565.759s][info][gc,start    ] GC(772) Pause Young (Normal) (G1 Evacuation Pause)
[2024-05-30T11:50:26.340+0000][4565.759s][info][gc,task     ] GC(772) Using 6 workers of 6 for evacuation
[2024-05-30T11:50:26.496+0000][4565.916s][info][gc,phases   ] GC(772)   Pre Evacuate Collection Set: 0.2ms
[2024-05-30T11:50:26.496+0000][4565.916s][info][gc,phases   ] GC(772)   Merge Heap Roots: 0.4ms
[2024-05-30T11:50:26.496+0000][4565.916s][info][gc,phases   ] GC(772)   Evacuate Collection Set: 134.8ms
[2024-05-30T11:50:26.496+0000][4565.916s][info][gc,phases   ] GC(772)   Post Evacuate Collection Set: 21.3ms
[2024-05-30T11:50:26.496+0000][4565.916s][info][gc,phases   ] GC(772)   Other: 0.3ms
[2024-05-30T11:50:26.496+0000][4565.916s][info][gc,heap     ] GC(772) Eden regions: 711->0(707)
[2024-05-30T11:50:26.497+0000][4565.916s][info][gc,heap     ] GC(772) Survivor regions: 34->36(94)
[2024-05-30T11:50:26.497+0000][4565.916s][info][gc,heap     ] GC(772) Old regions: 441->441
[2024-05-30T11:50:26.497+0000][4565.916s][info][gc,heap     ] GC(772) Archive regions: 2->2
[2024-05-30T11:50:26.497+0000][4565.916s][info][gc,heap     ] GC(772) Humongous regions: 6->6
[2024-05-30T11:50:26.497+0000][4565.916s][info][gc,metaspace] GC(772) Metaspace: 413564K(419584K)->413564K(419584K) NonClass: 361558K(364928K)->361558K(364928K) Class: 52006K(54656K)->52006K(54656K)
[2024-05-30T11:50:26.497+0000][4565.916s][info][gc          ] GC(772) Pause Young (Normal) (G1 Evacuation Pause) 9534M->3865M(12288M) 156.998ms
[2024-05-30T11:50:26.497+0000][4565.916s][info][gc,cpu      ] GC(772) User=0.92s Sys=0.00s Real=0.16s
[2024-05-30T11:50:28.565+0000][4567.985s][info][gc,start    ] GC(773) Pause Young (Normal) (G1 Evacuation Pause)
[2024-05-30T11:50:28.565+0000][4567.985s][info][gc,task     ] GC(773) Using 6 workers of 6 for evacuation
[2024-05-30T11:50:28.730+0000][4568.149s][info][gc,phases   ] GC(773)   Pre Evacuate Collection Set: 0.2ms
[2024-05-30T11:50:28.730+0000][4568.149s][info][gc,phases   ] GC(773)   Merge Heap Roots: 0.4ms
[2024-05-30T11:50:28.730+0000][4568.149s][info][gc,phases   ] GC(773)   Evacuate Collection Set: 143.1ms
[2024-05-30T11:50:28.730+0000][4568.149s][info][gc,phases   ] GC(773)   Post Evacuate Collection Set: 20.2ms
[2024-05-30T11:50:28.730+0000][4568.149s][info][gc,phases   ] GC(773)   Other: 0.2ms
[2024-05-30T11:50:28.730+0000][4568.149s][info][gc,heap     ] GC(773) Eden regions: 707->0(703)
[2024-05-30T11:50:28.730+0000][4568.149s][info][gc,heap     ] GC(773) Survivor regions: 36->38(93)
[2024-05-30T11:50:28.730+0000][4568.149s][info][gc,heap     ] GC(773) Old regions: 441->441
[2024-05-30T11:50:28.730+0000][4568.149s][info][gc,heap     ] GC(773) Archive regions: 2->2
[2024-05-30T11:50:28.730+0000][4568.149s][info][gc,heap     ] GC(773) Humongous regions: 6->6
[2024-05-30T11:50:28.730+0000][4568.149s][info][gc,metaspace] GC(773) Metaspace: 413564K(419584K)->413564K(419584K) NonClass: 361558K(364928K)->361558K(364928K) Class: 52006K(54656K)->52006K(54656K)
[2024-05-30T11:50:28.730+0000][4568.149s][info][gc          ] GC(773) Pause Young (Normal) (G1 Evacuation Pause) 9521M->3884M(12288M) 164.231ms
[2024-05-30T11:50:28.730+0000][4568.149s][info][gc,cpu      ] GC(773) User=0.96s Sys=0.00s Real=0.17s
[2024-05-30T11:50:30.804+0000][4570.224s][info][gc,start    ] GC(774) Pause Young (Normal) (G1 Evacuation Pause)
[2024-05-30T11:50:30.804+0000][4570.224s][info][gc,task     ] GC(774) Using 6 workers of 6 for evacuation
[2024-05-30T11:50:30.978+0000][4570.397s][info][gc,phases   ] GC(774)   Pre Evacuate Collection Set: 0.2ms
[2024-05-30T11:50:30.978+0000][4570.397s][info][gc,phases   ] GC(774)   Merge Heap Roots: 0.4ms
[2024-05-30T11:50:30.978+0000][4570.397s][info][gc,phases   ] GC(774)   Evacuate Collection Set: 152.4ms
[2024-05-30T11:50:30.978+0000][4570.397s][info][gc,phases   ] GC(774)   Post Evacuate Collection Set: 20.2ms
[2024-05-30T11:50:30.978+0000][4570.397s][info][gc,phases   ] GC(774)   Other: 0.3ms
[2024-05-30T11:50:30.978+0000][4570.397s][info][gc,heap     ] GC(774) Eden regions: 703->0(692)
[2024-05-30T11:50:30.978+0000][4570.397s][info][gc,heap     ] GC(774) Survivor regions: 38->43(93)
[2024-05-30T11:50:30.978+0000][4570.397s][info][gc,heap     ] GC(774) Old regions: 441->442
[2024-05-30T11:50:30.978+0000][4570.397s][info][gc,heap     ] GC(774) Archive regions: 2->2
[2024-05-30T11:50:30.978+0000][4570.397s][info][gc,heap     ] GC(774) Humongous regions: 6->6
[2024-05-30T11:50:30.978+0000][4570.397s][info][gc,metaspace] GC(774) Metaspace: 413564K(419584K)->413564K(419584K) NonClass: 361558K(364928K)->361558K(364928K) Class: 52006K(54656K)->52006K(54656K)
[2024-05-30T11:50:30.978+0000][4570.397s][info][gc          ] GC(774) Pause Young (Normal) (G1 Evacuation Pause) 9508M->3922M(12288M) 173.440ms
[2024-05-30T11:50:30.978+0000][4570.397s][info][gc,cpu      ] GC(774) User=1.03s Sys=0.00s Real=0.18s
[2024-05-30T11:50:33.683+0000][4573.102s][info][gc,start    ] GC(775) Pause Young (Normal) (G1 Evacuation Pause)
[2024-05-30T11:50:33.683+0000][4573.102s][info][gc,task     ] GC(775) Using 6 workers of 6 for evacuation
[2024-05-30T11:50:33.852+0000][4573.272s][info][gc,phases   ] GC(775)   Pre Evacuate Collection Set: 0.2ms
[2024-05-30T11:50:33.852+0000][4573.272s][info][gc,phases   ] GC(775)   Merge Heap Roots: 0.4ms
[2024-05-30T11:50:33.852+0000][4573.272s][info][gc,phases   ] GC(775)   Evacuate Collection Set: 152.7ms
[2024-05-30T11:50:33.852+0000][4573.272s][info][gc,phases   ] GC(775)   Post Evacuate Collection Set: 16.1ms
[2024-05-30T11:50:33.852+0000][4573.272s][info][gc,phases   ] GC(775)   Other: 0.2ms
[2024-05-30T11:50:33.852+0000][4573.272s][info][gc,heap     ] GC(775) Eden regions: 692->0(692)
[2024-05-30T11:50:33.852+0000][4573.272s][info][gc,heap     ] GC(775) Survivor regions: 43->43(92)
[2024-05-30T11:50:33.852+0000][4573.272s][info][gc,heap     ] GC(775) Old regions: 442->442
[2024-05-30T11:50:33.852+0000][4573.272s][info][gc,heap     ] GC(775) Archive regions: 2->2
[2024-05-30T11:50:33.852+0000][4573.272s][info][gc,heap     ] GC(775) Humongous regions: 6->6
[2024-05-30T11:50:33.852+0000][4573.272s][info][gc,metaspace] GC(775) Metaspace: 413564K(419584K)->413564K(419584K) NonClass: 361558K(364928K)->361558K(364928K) Class: 52006K(54656K)->52006K(54656K)
[2024-05-30T11:50:33.853+0000][4573.272s][info][gc          ] GC(775) Pause Young (Normal) (G1 Evacuation Pause) 9458M->3926M(12288M) 169.823ms
[2024-05-30T11:50:33.853+0000][4573.272s][info][gc,cpu      ] GC(775) User=1.00s Sys=0.00s Real=0.17s
[2024-05-30T11:50:41.461+0000][4580.880s][info][gc,start    ] GC(776) Pause Young (Normal) (G1 Evacuation Pause)
[2024-05-30T11:50:41.461+0000][4580.880s][info][gc,task     ] GC(776) Using 6 workers of 6 for evacuation
[2024-05-30T11:50:41.590+0000][4581.009s][info][gc,phases   ] GC(776)   Pre Evacuate Collection Set: 0.2ms
[2024-05-30T11:50:41.590+0000][4581.009s][info][gc,phases   ] GC(776)   Merge Heap Roots: 0.4ms
[2024-05-30T11:50:41.590+0000][4581.009s][info][gc,phases   ] GC(776)   Evacuate Collection Set: 125.8ms
[2024-05-30T11:50:41.590+0000][4581.009s][info][gc,phases   ] GC(776)   Post Evacuate Collection Set: 2.4ms
[2024-05-30T11:50:41.590+0000][4581.009s][info][gc,phases   ] GC(776)   Other: 0.2ms
[2024-05-30T11:50:41.590+0000][4581.009s][info][gc,heap     ] GC(776) Eden regions: 692->0(691)
[2024-05-30T11:50:41.590+0000][4581.009s][info][gc,heap     ] GC(776) Survivor regions: 43->43(92)
[2024-05-30T11:50:41.590+0000][4581.009s][info][gc,heap     ] GC(776) Old regions: 442->443
[2024-05-30T11:50:41.590+0000][4581.009s][info][gc,heap     ] GC(776) Archive regions: 2->2
[2024-05-30T11:50:41.590+0000][4581.009s][info][gc,heap     ] GC(776) Humongous regions: 6->6
[2024-05-30T11:50:41.590+0000][4581.009s][info][gc,metaspace] GC(776) Metaspace: 413570K(419584K)->413570K(419584K) NonClass: 361563K(364928K)->361563K(364928K) Class: 52007K(54656K)->52007K(54656K)
[2024-05-30T11:50:41.590+0000][4581.009s][info][gc          ] GC(776) Pause Young (Normal) (G1 Evacuation Pause) 9462M->3934M(12288M) 129.026ms
[2024-05-30T11:50:41.590+0000][4581.009s][info][gc,cpu      ] GC(776) User=0.77s Sys=0.00s Real=0.13s
[2024-05-30T11:50:48.997+0000][4588.416s][info][gc,start    ] GC(777) Pause Young (Normal) (G1 Evacuation Pause)
[2024-05-30T11:50:48.997+0000][4588.416s][info][gc,task     ] GC(777) Using 6 workers of 6 for evacuation
[2024-05-30T11:50:49.127+0000][4588.546s][info][gc,phases   ] GC(777)   Pre Evacuate Collection Set: 0.2ms
[2024-05-30T11:50:49.127+0000][4588.546s][info][gc,phases   ] GC(777)   Merge Heap Roots: 0.4ms
[2024-05-30T11:50:49.127+0000][4588.546s][info][gc,phases   ] GC(777)   Evacuate Collection Set: 127.0ms
[2024-05-30T11:50:49.127+0000][4588.546s][info][gc,phases   ] GC(777)   Post Evacuate Collection Set: 2.3ms
[2024-05-30T11:50:49.127+0000][4588.546s][info][gc,phases   ] GC(777)   Other: 0.2ms
[2024-05-30T11:50:49.127+0000][4588.546s][info][gc,heap     ] GC(777) Eden regions: 691->0(694)
[2024-05-30T11:50:49.127+0000][4588.546s][info][gc,heap     ] GC(777) Survivor regions: 43->41(92)
[2024-05-30T11:50:49.127+0000][4588.546s][info][gc,heap     ] GC(777) Old regions: 443->444
[2024-05-30T11:50:49.127+0000][4588.546s][info][gc,heap     ] GC(777) Archive regions: 2->2
[2024-05-30T11:50:49.127+0000][4588.546s][info][gc,heap     ] GC(777) Humongous regions: 6->6
[2024-05-30T11:50:49.127+0000][4588.546s][info][gc,metaspace] GC(777) Metaspace: 413579K(419584K)->413579K(419584K) NonClass: 361571K(364928K)->361571K(364928K) Class: 52007K(54656K)->52007K(54656K)
[2024-05-30T11:50:49.127+0000][4588.546s][info][gc          ] GC(777) Pause Young (Normal) (G1 Evacuation Pause) 9462M->3925M(12288M) 130.213ms
[2024-05-30T11:50:49.127+0000][4588.547s][info][gc,cpu      ] GC(777) User=0.77s Sys=0.00s Real=0.12s
[2024-05-30T11:50:56.922+0000][4596.341s][info][gc,start    ] GC(778) Pause Young (Normal) (G1 Evacuation Pause)
[2024-05-30T11:50:56.922+0000][4596.341s][info][gc,task     ] GC(778) Using 6 workers of 6 for evacuation
[2024-05-30T11:50:57.054+0000][4596.473s][info][gc,phases   ] GC(778)   Pre Evacuate Collection Set: 0.2ms
[2024-05-30T11:50:57.054+0000][4596.473s][info][gc,phases   ] GC(778)   Merge Heap Roots: 0.4ms
[2024-05-30T11:50:57.054+0000][4596.473s][info][gc,phases   ] GC(778)   Evacuate Collection Set: 128.6ms
[2024-05-30T11:50:57.054+0000][4596.473s][info][gc,phases   ] GC(778)   Post Evacuate Collection Set: 2.5ms
[2024-05-30T11:50:57.054+0000][4596.473s][info][gc,phases   ] GC(778)   Other: 0.2ms
[2024-05-30T11:50:57.054+0000][4596.473s][info][gc,heap     ] GC(778) Eden regions: 694->0(691)
[2024-05-30T11:50:57.054+0000][4596.473s][info][gc,heap     ] GC(778) Survivor regions: 41->42(92)
[2024-05-30T11:50:57.054+0000][4596.473s][info][gc,heap     ] GC(778) Old regions: 444->445
[2024-05-30T11:50:57.054+0000][4596.473s][info][gc,heap     ] GC(778) Archive regions: 2->2
[2024-05-30T11:50:57.054+0000][4596.473s][info][gc,heap     ] GC(778) Humongous regions: 6->6
[2024-05-30T11:50:57.054+0000][4596.473s][info][gc,metaspace] GC(778) Metaspace: 413580K(419584K)->413580K(419584K) NonClass: 361573K(364928K)->361573K(364928K) Class: 52007K(54656K)->52007K(54656K)
[2024-05-30T11:50:57.054+0000][4596.473s][info][gc          ] GC(778) Pause Young (Normal) (G1 Evacuation Pause) 9477M->3937M(12288M) 131.941ms
[2024-05-30T11:50:57.054+0000][4596.473s][info][gc,cpu      ] GC(778) User=0.78s Sys=0.00s Real=0.13s
[2024-05-30T11:51:04.937+0000][4604.356s][info][gc,start    ] GC(779) Pause Young (Normal) (G1 Evacuation Pause)
[2024-05-30T11:51:04.937+0000][4604.356s][info][gc,task     ] GC(779) Using 6 workers of 6 for evacuation
[2024-05-30T11:51:05.069+0000][4604.489s][info][gc,phases   ] GC(779)   Pre Evacuate Collection Set: 0.2ms
[2024-05-30T11:51:05.069+0000][4604.489s][info][gc,phases   ] GC(779)   Merge Heap Roots: 0.4ms
[2024-05-30T11:51:05.069+0000][4604.489s][info][gc,phases   ] GC(779)   Evacuate Collection Set: 129.7ms
[2024-05-30T11:51:05.070+0000][4604.489s][info][gc,phases   ] GC(779)   Post Evacuate Collection Set: 2.4ms
[2024-05-30T11:51:05.070+0000][4604.489s][info][gc,phases   ] GC(779)   Other: 0.2ms
[2024-05-30T11:51:05.070+0000][4604.489s][info][gc,heap     ] GC(779) Eden regions: 691->0(688)
[2024-05-30T11:51:05.070+0000][4604.489s][info][gc,heap     ] GC(779) Survivor regions: 42->43(92)
[2024-05-30T11:51:05.070+0000][4604.489s][info][gc,heap     ] GC(779) Old regions: 445->446
[2024-05-30T11:51:05.070+0000][4604.489s][info][gc,heap     ] GC(779) Archive regions: 2->2
[2024-05-30T11:51:05.070+0000][4604.489s][info][gc,heap     ] GC(779) Humongous regions: 6->6
[2024-05-30T11:51:05.070+0000][4604.489s][info][gc,metaspace] GC(779) Metaspace: 413580K(419584K)->413580K(419584K) NonClass: 361573K(364928K)->361573K(364928K) Class: 52007K(54656K)->52007K(54656K)
[2024-05-30T11:51:05.070+0000][4604.489s][info][gc          ] GC(779) Pause Young (Normal) (G1 Evacuation Pause) 9465M->3957M(12288M) 132.974ms
[2024-05-30T11:51:05.070+0000][4604.489s][info][gc,cpu      ] GC(779) User=0.79s Sys=0.00s Real=0.13s
[2024-05-30T11:51:12.886+0000][4612.305s][info][gc,start    ] GC(780) Pause Young (Normal) (G1 Evacuation Pause)
[2024-05-30T11:51:12.886+0000][4612.305s][info][gc,task     ] GC(780) Using 6 workers of 6 for evacuation
[2024-05-30T11:51:13.021+0000][4612.440s][info][gc,phases   ] GC(780)   Pre Evacuate Collection Set: 0.2ms
[2024-05-30T11:51:13.021+0000][4612.440s][info][gc,phases   ] GC(780)   Merge Heap Roots: 0.3ms
[2024-05-30T11:51:13.021+0000][4612.440s][info][gc,phases   ] GC(780)   Evacuate Collection Set: 132.2ms
[2024-05-30T11:51:13.021+0000][4612.440s][info][gc,phases   ] GC(780)   Post Evacuate Collection Set: 2.3ms
[2024-05-30T11:51:13.021+0000][4612.440s][info][gc,phases   ] GC(780)   Other: 0.2ms
[2024-05-30T11:51:13.021+0000][4612.440s][info][gc,heap     ] GC(780) Eden regions: 688->0(685)
[2024-05-30T11:51:13.021+0000][4612.440s][info][gc,heap     ] GC(780) Survivor regions: 43->44(92)
[2024-05-30T11:51:13.021+0000][4612.440s][info][gc,heap     ] GC(780) Old regions: 446->447
[2024-05-30T11:51:13.021+0000][4612.440s][info][gc,heap     ] GC(780) Archive regions: 2->2
[2024-05-30T11:51:13.021+0000][4612.441s][info][gc,heap     ] GC(780) Humongous regions: 6->6
[2024-05-30T11:51:13.021+0000][4612.441s][info][gc,metaspace] GC(780) Metaspace: 413580K(419584K)->413580K(419584K) NonClass: 361573K(364928K)->361573K(364928K) Class: 52007K(54656K)->52007K(54656K)
[2024-05-30T11:51:13.021+0000][4612.441s][info][gc          ] GC(780) Pause Young (Normal) (G1 Evacuation Pause) 9461M->3977M(12288M) 135.238ms
[2024-05-30T11:51:13.021+0000][4612.441s][info][gc,cpu      ] GC(780) User=0.81s Sys=0.00s Real=0.14s
[2024-05-30T11:51:20.808+0000][4620.227s][info][gc,start    ] GC(781) Pause Young (Normal) (G1 Evacuation Pause)
[2024-05-30T11:51:20.808+0000][4620.227s][info][gc,task     ] GC(781) Using 6 workers of 6 for evacuation
[2024-05-30T11:51:20.941+0000][4620.360s][info][gc,phases   ] GC(781)   Pre Evacuate Collection Set: 0.2ms
[2024-05-30T11:51:20.941+0000][4620.360s][info][gc,phases   ] GC(781)   Merge Heap Roots: 0.4ms
[2024-05-30T11:51:20.941+0000][4620.360s][info][gc,phases   ] GC(781)   Evacuate Collection Set: 130.0ms
[2024-05-30T11:51:20.941+0000][4620.360s][info][gc,phases   ] GC(781)   Post Evacuate Collection Set: 2.3ms
[2024-05-30T11:51:20.941+0000][4620.360s][info][gc,phases   ] GC(781)   Other: 0.2ms
[2024-05-30T11:51:20.941+0000][4620.360s][info][gc,heap     ] GC(781) Eden regions: 685->0(684)
[2024-05-30T11:51:20.941+0000][4620.360s][info][gc,heap     ] GC(781) Survivor regions: 44->43(92)
[2024-05-30T11:51:20.941+0000][4620.360s][info][gc,heap     ] GC(781) Old regions: 447->450
[2024-05-30T11:51:20.941+0000][4620.360s][info][gc,heap     ] GC(781) Archive regions: 2->2
[2024-05-30T11:51:20.941+0000][4620.360s][info][gc,heap     ] GC(781) Humongous regions: 6->6
[2024-05-30T11:51:20.941+0000][4620.360s][info][gc,metaspace] GC(781) Metaspace: 413580K(419584K)->413580K(419584K) NonClass: 361573K(364928K)->361573K(364928K) Class: 52007K(54656K)->52007K(54656K)
[2024-05-30T11:51:20.941+0000][4620.360s][info][gc          ] GC(781) Pause Young (Normal) (G1 Evacuation Pause) 9457M->3989M(12288M) 133.195ms
[2024-05-30T11:51:20.941+0000][4620.360s][info][gc,cpu      ] GC(781) User=0.80s Sys=0.00s Real=0.14s
[2024-05-30T11:51:28.424+0000][4627.843s][info][gc,start    ] GC(782) Pause Young (Normal) (G1 Evacuation Pause)
[2024-05-30T11:51:28.424+0000][4627.843s][info][gc,task     ] GC(782) Using 6 workers of 6 for evacuation
[2024-05-30T11:51:28.552+0000][4627.971s][info][gc,phases   ] GC(782)   Pre Evacuate Collection Set: 0.2ms
[2024-05-30T11:51:28.552+0000][4627.972s][info][gc,phases   ] GC(782)   Merge Heap Roots: 0.4ms
[2024-05-30T11:51:28.552+0000][4627.972s][info][gc,phases   ] GC(782)   Evacuate Collection Set: 125.2ms
[2024-05-30T11:51:28.552+0000][4627.972s][info][gc,phases   ] GC(782)   Post Evacuate Collection Set: 2.5ms
[2024-05-30T11:51:28.552+0000][4627.972s][info][gc,phases   ] GC(782)   Other: 0.2ms
[2024-05-30T11:51:28.552+0000][4627.972s][info][gc,heap     ] GC(782) Eden regions: 684->0(685)
[2024-05-30T11:51:28.552+0000][4627.972s][info][gc,heap     ] GC(782) Survivor regions: 43->41(91)
[2024-05-30T11:51:28.552+0000][4627.972s][info][gc,heap     ] GC(782) Old regions: 450->453
[2024-05-30T11:51:28.552+0000][4627.972s][info][gc,heap     ] GC(782) Archive regions: 2->2
[2024-05-30T11:51:28.552+0000][4627.972s][info][gc,heap     ] GC(782) Humongous regions: 6->6
[2024-05-30T11:51:28.552+0000][4627.972s][info][gc,metaspace] GC(782) Metaspace: 413580K(419584K)->413580K(419584K) NonClass: 361573K(364928K)->361573K(364928K) Class: 52007K(54656K)->52007K(54656K)
[2024-05-30T11:51:28.552+0000][4627.972s][info][gc          ] GC(782) Pause Young (Normal) (G1 Evacuation Pause) 9461M->4001M(12288M) 128.583ms
[2024-05-30T11:51:28.552+0000][4627.972s][info][gc,cpu      ] GC(782) User=0.76s Sys=0.00s Real=0.13s
[2024-05-30T11:51:35.335+0000][4634.754s][info][gc,start    ] GC(783) Pause Young (Normal) (G1 Evacuation Pause)
[2024-05-30T11:51:35.335+0000][4634.754s][info][gc,task     ] GC(783) Using 6 workers of 6 for evacuation
[2024-05-30T11:51:35.453+0000][4634.872s][info][gc,phases   ] GC(783)   Pre Evacuate Collection Set: 0.2ms
[2024-05-30T11:51:35.453+0000][4634.872s][info][gc,phases   ] GC(783)   Merge Heap Roots: 0.4ms
[2024-05-30T11:51:35.453+0000][4634.872s][info][gc,phases   ] GC(783)   Evacuate Collection Set: 114.8ms
[2024-05-30T11:51:35.453+0000][4634.872s][info][gc,phases   ] GC(783)   Post Evacuate Collection Set: 2.4ms
[2024-05-30T11:51:35.453+0000][4634.872s][info][gc,phases   ] GC(783)   Other: 0.2ms
[2024-05-30T11:51:35.453+0000][4634.872s][info][gc,heap     ] GC(783) Eden regions: 685->0(696)
[2024-05-30T11:51:35.453+0000][4634.872s][info][gc,heap     ] GC(783) Survivor regions: 41->34(91)
[2024-05-30T11:51:35.453+0000][4634.872s][info][gc,heap     ] GC(783) Old regions: 453->456
[2024-05-30T11:51:35.453+0000][4634.872s][info][gc,heap     ] GC(783) Archive regions: 2->2
[2024-05-30T11:51:35.453+0000][4634.872s][info][gc,heap     ] GC(783) Humongous regions: 6->6
[2024-05-30T11:51:35.453+0000][4634.872s][info][gc,metaspace] GC(783) Metaspace: 413586K(419584K)->413586K(419584K) NonClass: 361579K(364928K)->361579K(364928K) Class: 52007K(54656K)->52007K(54656K)
[2024-05-30T11:51:35.453+0000][4634.872s][info][gc          ] GC(783) Pause Young (Normal) (G1 Evacuation Pause) 9481M->3967M(12288M) 118.057ms
[2024-05-30T11:51:35.453+0000][4634.872s][info][gc,cpu      ] GC(783) User=0.70s Sys=0.00s Real=0.12s
[2024-05-30T11:51:43.294+0000][4642.713s][info][gc,start    ] GC(784) Pause Young (Normal) (G1 Evacuation Pause)
[2024-05-30T11:51:43.294+0000][4642.713s][info][gc,task     ] GC(784) Using 6 workers of 6 for evacuation
[2024-05-30T11:51:43.405+0000][4642.825s][info][gc,phases   ] GC(784)   Pre Evacuate Collection Set: 0.2ms
[2024-05-30T11:51:43.405+0000][4642.825s][info][gc,phases   ] GC(784)   Merge Heap Roots: 0.3ms
[2024-05-30T11:51:43.405+0000][4642.825s][info][gc,phases   ] GC(784)   Evacuate Collection Set: 108.5ms
[2024-05-30T11:51:43.405+0000][4642.825s][info][gc,phases   ] GC(784)   Post Evacuate Collection Set: 2.3ms
[2024-05-30T11:51:43.405+0000][4642.825s][info][gc,phases   ] GC(784)   Other: 0.2ms
[2024-05-30T11:51:43.405+0000][4642.825s][info][gc,heap     ] GC(784) Eden regions: 696->0(695)
[2024-05-30T11:51:43.405+0000][4642.825s][info][gc,heap     ] GC(784) Survivor regions: 34->33(92)
[2024-05-30T11:51:43.405+0000][4642.825s][info][gc,heap     ] GC(784) Old regions: 456->459
[2024-05-30T11:51:43.405+0000][4642.825s][info][gc,heap     ] GC(784) Archive regions: 2->2
[2024-05-30T11:51:43.405+0000][4642.825s][info][gc,heap     ] GC(784) Humongous regions: 6->6
[2024-05-30T11:51:43.405+0000][4642.825s][info][gc,metaspace] GC(784) Metaspace: 413586K(419584K)->413586K(419584K) NonClass: 361579K(364928K)->361579K(364928K) Class: 52007K(54656K)->52007K(54656K)
[2024-05-30T11:51:43.405+0000][4642.825s][info][gc          ] GC(784) Pause Young (Normal) (G1 Evacuation Pause) 9535M->3982M(12288M) 111.656ms
[2024-05-30T11:51:43.406+0000][4642.825s][info][gc,cpu      ] GC(784) User=0.66s Sys=0.00s Real=0.11s
[2024-05-30T11:51:51.187+0000][4650.606s][info][gc,start    ] GC(785) Pause Young (Normal) (G1 Evacuation Pause)
[2024-05-30T11:51:51.187+0000][4650.606s][info][gc,task     ] GC(785) Using 6 workers of 6 for evacuation
[2024-05-30T11:51:51.294+0000][4650.713s][info][gc,phases   ] GC(785)   Pre Evacuate Collection Set: 0.2ms
[2024-05-30T11:51:51.294+0000][4650.713s][info][gc,phases   ] GC(785)   Merge Heap Roots: 0.3ms
[2024-05-30T11:51:51.294+0000][4650.713s][info][gc,phases   ] GC(785)   Evacuate Collection Set: 104.2ms
[2024-05-30T11:51:51.294+0000][4650.713s][info][gc,phases   ] GC(785)   Post Evacuate Collection Set: 2.4ms
[2024-05-30T11:51:51.294+0000][4650.713s][info][gc,phases   ] GC(785)   Other: 0.2ms
[2024-05-30T11:51:51.294+0000][4650.713s][info][gc,heap     ] GC(785) Eden regions: 695->0(693)
[2024-05-30T11:51:51.294+0000][4650.713s][info][gc,heap     ] GC(785) Survivor regions: 33->33(91)
[2024-05-30T11:51:51.294+0000][4650.713s][info][gc,heap     ] GC(785) Old regions: 459->461
[2024-05-30T11:51:51.294+0000][4650.713s][info][gc,heap     ] GC(785) Archive regions: 2->2
[2024-05-30T11:51:51.294+0000][4650.713s][info][gc,heap     ] GC(785) Humongous regions: 6->6
[2024-05-30T11:51:51.294+0000][4650.713s][info][gc,metaspace] GC(785) Metaspace: 413586K(419584K)->413586K(419584K) NonClass: 361579K(364928K)->361579K(364928K) Class: 52007K(54656K)->52007K(54656K)
[2024-05-30T11:51:51.294+0000][4650.713s][info][gc          ] GC(785) Pause Young (Normal) (G1 Evacuation Pause) 9542M->3998M(12288M) 107.408ms
[2024-05-30T11:51:51.294+0000][4650.713s][info][gc,cpu      ] GC(785) User=0.64s Sys=0.00s Real=0.11s
[2024-05-30T11:51:59.139+0000][4658.559s][info][gc,start    ] GC(786) Pause Young (Normal) (G1 Evacuation Pause)
[2024-05-30T11:51:59.140+0000][4658.559s][info][gc,task     ] GC(786) Using 6 workers of 6 for evacuation
[2024-05-30T11:51:59.247+0000][4658.667s][info][gc,phases   ] GC(786)   Pre Evacuate Collection Set: 0.2ms
[2024-05-30T11:51:59.247+0000][4658.667s][info][gc,phases   ] GC(786)   Merge Heap Roots: 0.3ms
[2024-05-30T11:51:59.247+0000][4658.667s][info][gc,phases   ] GC(786)   Evacuate Collection Set: 104.8ms
[2024-05-30T11:51:59.247+0000][4658.667s][info][gc,phases   ] GC(786)   Post Evacuate Collection Set: 2.4ms
[2024-05-30T11:51:59.247+0000][4658.667s][info][gc,phases   ] GC(786)   Other: 0.2ms
[2024-05-30T11:51:59.247+0000][4658.667s][info][gc,heap     ] GC(786) Eden regions: 693->0(691)
[2024-05-30T11:51:59.247+0000][4658.667s][info][gc,heap     ] GC(786) Survivor regions: 33->33(91)
[2024-05-30T11:51:59.248+0000][4658.667s][info][gc,heap     ] GC(786) Old regions: 461->463
[2024-05-30T11:51:59.248+0000][4658.667s][info][gc,heap     ] GC(786) Archive regions: 2->2
[2024-05-30T11:51:59.248+0000][4658.667s][info][gc,heap     ] GC(786) Humongous regions: 6->6
[2024-05-30T11:51:59.248+0000][4658.667s][info][gc,metaspace] GC(786) Metaspace: 413610K(419584K)->413610K(419584K) NonClass: 361602K(364928K)->361602K(364928K) Class: 52007K(54656K)->52007K(54656K)
[2024-05-30T11:51:59.248+0000][4658.667s][info][gc          ] GC(786) Pause Young (Normal) (G1 Evacuation Pause) 9542M->4014M(12288M) 108.077ms
[2024-05-30T11:51:59.248+0000][4658.667s][info][gc,cpu      ] GC(786) User=0.64s Sys=0.00s Real=0.10s
[2024-05-30T11:52:06.912+0000][4666.331s][info][gc,start    ] GC(787) Pause Young (Normal) (G1 Evacuation Pause)
[2024-05-30T11:52:06.912+0000][4666.332s][info][gc,task     ] GC(787) Using 6 workers of 6 for evacuation
[2024-05-30T11:52:07.006+0000][4666.425s][info][gc,phases   ] GC(787)   Pre Evacuate Collection Set: 0.2ms
[2024-05-30T11:52:07.006+0000][4666.425s][info][gc,phases   ] GC(787)   Merge Heap Roots: 0.3ms
[2024-05-30T11:52:07.006+0000][4666.425s][info][gc,phases   ] GC(787)   Evacuate Collection Set: 90.4ms
[2024-05-30T11:52:07.006+0000][4666.425s][info][gc,phases   ] GC(787)   Post Evacuate Collection Set: 2.3ms
[2024-05-30T11:52:07.006+0000][4666.425s][info][gc,phases   ] GC(787)   Other: 0.2ms
[2024-05-30T11:52:07.006+0000][4666.425s][info][gc,heap     ] GC(787) Eden regions: 691->0(690)
[2024-05-30T11:52:07.006+0000][4666.425s][info][gc,heap     ] GC(787) Survivor regions: 33->32(91)
[2024-05-30T11:52:07.006+0000][4666.425s][info][gc,heap     ] GC(787) Old regions: 463->466
[2024-05-30T11:52:07.006+0000][4666.425s][info][gc,heap     ] GC(787) Archive regions: 2->2
[2024-05-30T11:52:07.006+0000][4666.425s][info][gc,heap     ] GC(787) Humongous regions: 6->6
[2024-05-30T11:52:07.006+0000][4666.425s][info][gc,metaspace] GC(787) Metaspace: 413611K(419584K)->413611K(419584K) NonClass: 361604K(364928K)->361604K(364928K) Class: 52007K(54656K)->52007K(54656K)
[2024-05-30T11:52:07.006+0000][4666.425s][info][gc          ] GC(787) Pause Young (Normal) (G1 Evacuation Pause) 9542M->4034M(12288M) 93.516ms
[2024-05-30T11:52:07.006+0000][4666.425s][info][gc,cpu      ] GC(787) User=0.56s Sys=0.00s Real=0.09s
[2024-05-30T11:52:14.694+0000][4674.113s][info][gc,start    ] GC(788) Pause Young (Normal) (G1 Evacuation Pause)
[2024-05-30T11:52:14.694+0000][4674.113s][info][gc,task     ] GC(788) Using 6 workers of 6 for evacuation
[2024-05-30T11:52:14.780+0000][4674.200s][info][gc,phases   ] GC(788)   Pre Evacuate Collection Set: 0.2ms
[2024-05-30T11:52:14.780+0000][4674.200s][info][gc,phases   ] GC(788)   Merge Heap Roots: 0.3ms
[2024-05-30T11:52:14.780+0000][4674.200s][info][gc,phases   ] GC(788)   Evacuate Collection Set: 83.8ms
[2024-05-30T11:52:14.780+0000][4674.200s][info][gc,phases   ] GC(788)   Post Evacuate Collection Set: 2.3ms
[2024-05-30T11:52:14.780+0000][4674.200s][info][gc,phases   ] GC(788)   Other: 0.2ms
[2024-05-30T11:52:14.780+0000][4674.200s][info][gc,heap     ] GC(788) Eden regions: 690->0(690)
[2024-05-30T11:52:14.780+0000][4674.200s][info][gc,heap     ] GC(788) Survivor regions: 32->30(91)
[2024-05-30T11:52:14.780+0000][4674.200s][info][gc,heap     ] GC(788) Old regions: 466->470
[2024-05-30T11:52:14.780+0000][4674.200s][info][gc,heap     ] GC(788) Archive regions: 2->2
[2024-05-30T11:52:14.780+0000][4674.200s][info][gc,heap     ] GC(788) Humongous regions: 6->6
[2024-05-30T11:52:14.780+0000][4674.200s][info][gc,metaspace] GC(788) Metaspace: 413611K(419584K)->413611K(419584K) NonClass: 361604K(364928K)->361604K(364928K) Class: 52007K(54656K)->52007K(54656K)
[2024-05-30T11:52:14.781+0000][4674.200s][info][gc          ] GC(788) Pause Young (Normal) (G1 Evacuation Pause) 9554M->4049M(12288M) 86.828ms
[2024-05-30T11:52:14.781+0000][4674.200s][info][gc,cpu      ] GC(788) User=0.52s Sys=0.00s Real=0.09s
[2024-05-30T11:52:22.485+0000][4681.904s][info][gc,start    ] GC(789) Pause Young (Normal) (G1 Evacuation Pause)
[2024-05-30T11:52:22.485+0000][4681.904s][info][gc,task     ] GC(789) Using 6 workers of 6 for evacuation
[2024-05-30T11:52:22.568+0000][4681.987s][info][gc,phases   ] GC(789)   Pre Evacuate Collection Set: 0.2ms
[2024-05-30T11:52:22.568+0000][4681.987s][info][gc,phases   ] GC(789)   Merge Heap Roots: 0.3ms
[2024-05-30T11:52:22.568+0000][4681.987s][info][gc,phases   ] GC(789)   Evacuate Collection Set: 80.2ms
[2024-05-30T11:52:22.568+0000][4681.987s][info][gc,phases   ] GC(789)   Post Evacuate Collection Set: 2.5ms
[2024-05-30T11:52:22.568+0000][4681.987s][info][gc,phases   ] GC(789)   Other: 0.2ms
[2024-05-30T11:52:22.568+0000][4681.987s][info][gc,heap     ] GC(789) Eden regions: 690->0(693)
[2024-05-30T11:52:22.568+0000][4681.987s][info][gc,heap     ] GC(789) Survivor regions: 30->27(90)
[2024-05-30T11:52:22.568+0000][4681.987s][info][gc,heap     ] GC(789) Old regions: 470->473
[2024-05-30T11:52:22.568+0000][4681.987s][info][gc,heap     ] GC(789) Archive regions: 2->2
[2024-05-30T11:52:22.568+0000][4681.987s][info][gc,heap     ] GC(789) Humongous regions: 6->6
[2024-05-30T11:52:22.568+0000][4681.987s][info][gc,metaspace] GC(789) Metaspace: 413612K(419584K)->413612K(419584K) NonClass: 361605K(364928K)->361605K(364928K) Class: 52007K(54656K)->52007K(54656K)
[2024-05-30T11:52:22.568+0000][4681.987s][info][gc          ] GC(789) Pause Young (Normal) (G1 Evacuation Pause) 9569M->4041M(12288M) 83.410ms
[2024-05-30T11:52:22.568+0000][4681.987s][info][gc,cpu      ] GC(789) User=0.50s Sys=0.00s Real=0.08s
[2024-05-30T11:52:29.960+0000][4689.379s][info][gc,start    ] GC(790) Pause Young (Normal) (G1 Evacuation Pause)
[2024-05-30T11:52:29.960+0000][4689.380s][info][gc,task     ] GC(790) Using 6 workers of 6 for evacuation
[2024-05-30T11:52:30.025+0000][4689.444s][info][gc,phases   ] GC(790)   Pre Evacuate Collection Set: 0.2ms
[2024-05-30T11:52:30.025+0000][4689.444s][info][gc,phases   ] GC(790)   Merge Heap Roots: 0.3ms
[2024-05-30T11:52:30.025+0000][4689.444s][info][gc,phases   ] GC(790)   Evacuate Collection Set: 61.5ms
[2024-05-30T11:52:30.025+0000][4689.444s][info][gc,phases   ] GC(790)   Post Evacuate Collection Set: 2.3ms
[2024-05-30T11:52:30.025+0000][4689.444s][info][gc,phases   ] GC(790)   Other: 0.2ms
[2024-05-30T11:52:30.025+0000][4689.444s][info][gc,heap     ] GC(790) Eden regions: 693->0(700)
[2024-05-30T11:52:30.025+0000][4689.444s][info][gc,heap     ] GC(790) Survivor regions: 27->22(90)
[2024-05-30T11:52:30.025+0000][4689.444s][info][gc,heap     ] GC(790) Old regions: 473->476
[2024-05-30T11:52:30.025+0000][4689.444s][info][gc,heap     ] GC(790) Archive regions: 2->2
[2024-05-30T11:52:30.025+0000][4689.444s][info][gc,heap     ] GC(790) Humongous regions: 6->6
[2024-05-30T11:52:30.025+0000][4689.444s][info][gc,metaspace] GC(790) Metaspace: 413617K(419584K)->413617K(419584K) NonClass: 361610K(364928K)->361610K(364928K) Class: 52007K(54656K)->52007K(54656K)
[2024-05-30T11:52:30.025+0000][4689.444s][info][gc          ] GC(790) Pause Young (Normal) (G1 Evacuation Pause) 9585M->4028M(12288M) 64.580ms
[2024-05-30T11:52:30.025+0000][4689.444s][info][gc,cpu      ] GC(790) User=0.38s Sys=0.00s Real=0.06s
[2024-05-30T11:52:37.857+0000][4697.276s][info][gc,start    ] GC(791) Pause Young (Normal) (G1 Evacuation Pause)
[2024-05-30T11:52:37.857+0000][4697.276s][info][gc,task     ] GC(791) Using 6 workers of 6 for evacuation
[2024-05-30T11:52:37.913+0000][4697.332s][info][gc,phases   ] GC(791)   Pre Evacuate Collection Set: 0.2ms
[2024-05-30T11:52:37.913+0000][4697.332s][info][gc,phases   ] GC(791)   Merge Heap Roots: 0.2ms
[2024-05-30T11:52:37.913+0000][4697.332s][info][gc,phases   ] GC(791)   Evacuate Collection Set: 53.0ms
[2024-05-30T11:52:37.913+0000][4697.332s][info][gc,phases   ] GC(791)   Post Evacuate Collection Set: 2.3ms
[2024-05-30T11:52:37.913+0000][4697.332s][info][gc,phases   ] GC(791)   Other: 0.2ms
[2024-05-30T11:52:37.913+0000][4697.332s][info][gc,heap     ] GC(791) Eden regions: 700->0(697)
[2024-05-30T11:52:37.913+0000][4697.332s][info][gc,heap     ] GC(791) Survivor regions: 22->23(91)
[2024-05-30T11:52:37.913+0000][4697.332s][info][gc,heap     ] GC(791) Old regions: 476->477
[2024-05-30T11:52:37.913+0000][4697.332s][info][gc,heap     ] GC(791) Archive regions: 2->2
[2024-05-30T11:52:37.913+0000][4697.332s][info][gc,heap     ] GC(791) Humongous regions: 6->6
[2024-05-30T11:52:37.913+0000][4697.332s][info][gc,metaspace] GC(791) Metaspace: 413617K(419584K)->413617K(419584K) NonClass: 361610K(364928K)->361610K(364928K) Class: 52007K(54656K)->52007K(54656K)
[2024-05-30T11:52:37.913+0000][4697.332s][info][gc          ] GC(791) Pause Young (Normal) (G1 Evacuation Pause) 9628M->4045M(12288M) 56.026ms
[2024-05-30T11:52:37.913+0000][4697.332s][info][gc,cpu      ] GC(791) User=0.33s Sys=0.00s Real=0.05s
[2024-05-30T11:52:45.601+0000][4705.020s][info][gc,start    ] GC(792) Pause Young (Normal) (G1 Evacuation Pause)
[2024-05-30T11:52:45.601+0000][4705.020s][info][gc,task     ] GC(792) Using 6 workers of 6 for evacuation
[2024-05-30T11:52:45.663+0000][4705.083s][info][gc,phases   ] GC(792)   Pre Evacuate Collection Set: 0.2ms
[2024-05-30T11:52:45.663+0000][4705.083s][info][gc,phases   ] GC(792)   Merge Heap Roots: 0.3ms
[2024-05-30T11:52:45.663+0000][4705.083s][info][gc,phases   ] GC(792)   Evacuate Collection Set: 59.9ms
[2024-05-30T11:52:45.663+0000][4705.083s][info][gc,phases   ] GC(792)   Post Evacuate Collection Set: 2.3ms
[2024-05-30T11:52:45.663+0000][4705.083s][info][gc,phases   ] GC(792)   Other: 0.2ms
[2024-05-30T11:52:45.663+0000][4705.083s][info][gc,heap     ] GC(792) Eden regions: 697->0(696)
[2024-05-30T11:52:45.663+0000][4705.083s][info][gc,heap     ] GC(792) Survivor regions: 23->23(90)
[2024-05-30T11:52:45.663+0000][4705.083s][info][gc,heap     ] GC(792) Old regions: 477->478
[2024-05-30T11:52:45.663+0000][4705.083s][info][gc,heap     ] GC(792) Archive regions: 2->2
[2024-05-30T11:52:45.663+0000][4705.083s][info][gc,heap     ] GC(792) Humongous regions: 6->6
[2024-05-30T11:52:45.663+0000][4705.083s][info][gc,metaspace] GC(792) Metaspace: 413617K(419584K)->413617K(419584K) NonClass: 361610K(364928K)->361610K(364928K) Class: 52007K(54656K)->52007K(54656K)
[2024-05-30T11:52:45.664+0000][4705.083s][info][gc          ] GC(792) Pause Young (Normal) (G1 Evacuation Pause) 9621M->4056M(12288M) 62.980ms
[2024-05-30T11:52:45.664+0000][4705.083s][info][gc,cpu      ] GC(792) User=0.37s Sys=0.00s Real=0.06s
[2024-05-30T11:52:53.561+0000][4712.981s][info][gc,start    ] GC(793) Pause Young (Normal) (G1 Evacuation Pause)
[2024-05-30T11:52:53.561+0000][4712.981s][info][gc,task     ] GC(793) Using 6 workers of 6 for evacuation
[2024-05-30T11:52:53.623+0000][4713.042s][info][gc,phases   ] GC(793)   Pre Evacuate Collection Set: 0.2ms
[2024-05-30T11:52:53.623+0000][4713.042s][info][gc,phases   ] GC(793)   Merge Heap Roots: 0.3ms
[2024-05-30T11:52:53.623+0000][4713.042s][info][gc,phases   ] GC(793)   Evacuate Collection Set: 58.1ms
[2024-05-30T11:52:53.623+0000][4713.042s][info][gc,phases   ] GC(793)   Post Evacuate Collection Set: 2.6ms
[2024-05-30T11:52:53.623+0000][4713.042s][info][gc,phases   ] GC(793)   Other: 0.2ms
[2024-05-30T11:52:53.623+0000][4713.042s][info][gc,heap     ] GC(793) Eden regions: 696->0(693)
[2024-05-30T11:52:53.623+0000][4713.042s][info][gc,heap     ] GC(793) Survivor regions: 23->24(90)
[2024-05-30T11:52:53.623+0000][4713.042s][info][gc,heap     ] GC(793) Old regions: 478->479
[2024-05-30T11:52:53.623+0000][4713.042s][info][gc,heap     ] GC(793) Archive regions: 2->2
[2024-05-30T11:52:53.623+0000][4713.042s][info][gc,heap     ] GC(793) Humongous regions: 6->6
[2024-05-30T11:52:53.623+0000][4713.042s][info][gc,metaspace] GC(793) Metaspace: 413630K(419584K)->413630K(419584K) NonClass: 361622K(364928K)->361622K(364928K) Class: 52007K(54656K)->52007K(54656K)
[2024-05-30T11:52:53.623+0000][4713.042s][info][gc          ] GC(793) Pause Young (Normal) (G1 Evacuation Pause) 9624M->4071M(12288M) 61.446ms
[2024-05-30T11:52:53.623+0000][4713.042s][info][gc,cpu      ] GC(793) User=0.36s Sys=0.00s Real=0.06s
[2024-05-30T11:53:01.442+0000][4720.861s][info][gc,start    ] GC(794) Pause Young (Normal) (G1 Evacuation Pause)
[2024-05-30T11:53:01.442+0000][4720.861s][info][gc,task     ] GC(794) Using 6 workers of 6 for evacuation
[2024-05-30T11:53:01.506+0000][4720.925s][info][gc,phases   ] GC(794)   Pre Evacuate Collection Set: 0.2ms
[2024-05-30T11:53:01.506+0000][4720.926s][info][gc,phases   ] GC(794)   Merge Heap Roots: 0.3ms
[2024-05-30T11:53:01.506+0000][4720.926s][info][gc,phases   ] GC(794)   Evacuate Collection Set: 61.8ms
[2024-05-30T11:53:01.506+0000][4720.926s][info][gc,phases   ] GC(794)   Post Evacuate Collection Set: 2.3ms
[2024-05-30T11:53:01.506+0000][4720.926s][info][gc,phases   ] GC(794)   Other: 0.2ms
[2024-05-30T11:53:01.506+0000][4720.926s][info][gc,heap     ] GC(794) Eden regions: 693->0(688)
[2024-05-30T11:53:01.506+0000][4720.926s][info][gc,heap     ] GC(794) Survivor regions: 24->26(90)
[2024-05-30T11:53:01.506+0000][4720.926s][info][gc,heap     ] GC(794) Old regions: 479->480
[2024-05-30T11:53:01.506+0000][4720.926s][info][gc,heap     ] GC(794) Archive regions: 2->2
[2024-05-30T11:53:01.506+0000][4720.926s][info][gc,heap     ] GC(794) Humongous regions: 6->6
[2024-05-30T11:53:01.506+0000][4720.926s][info][gc,metaspace] GC(794) Metaspace: 413630K(419584K)->413630K(419584K) NonClass: 361622K(364928K)->361622K(364928K) Class: 52007K(54656K)->52007K(54656K)
[2024-05-30T11:53:01.506+0000][4720.926s][info][gc          ] GC(794) Pause Young (Normal) (G1 Evacuation Pause) 9615M->4093M(12288M) 64.813ms
[2024-05-30T11:53:01.506+0000][4720.926s][info][gc,cpu      ] GC(794) User=0.38s Sys=0.00s Real=0.06s
[2024-05-30T11:53:09.151+0000][4728.570s][info][gc,start    ] GC(795) Pause Young (Normal) (G1 Evacuation Pause)
[2024-05-30T11:53:09.151+0000][4728.570s][info][gc,task     ] GC(795) Using 6 workers of 6 for evacuation
[2024-05-30T11:53:09.212+0000][4728.631s][info][gc,phases   ] GC(795)   Pre Evacuate Collection Set: 0.2ms
[2024-05-30T11:53:09.212+0000][4728.631s][info][gc,phases   ] GC(795)   Merge Heap Roots: 0.3ms
[2024-05-30T11:53:09.212+0000][4728.631s][info][gc,phases   ] GC(795)   Evacuate Collection Set: 57.9ms
[2024-05-30T11:53:09.212+0000][4728.631s][info][gc,phases   ] GC(795)   Post Evacuate Collection Set: 2.4ms
[2024-05-30T11:53:09.212+0000][4728.631s][info][gc,phases   ] GC(795)   Other: 0.2ms
[2024-05-30T11:53:09.212+0000][4728.631s][info][gc,heap     ] GC(795) Eden regions: 688->0(694)
[2024-05-30T11:53:09.212+0000][4728.631s][info][gc,heap     ] GC(795) Survivor regions: 26->23(90)
[2024-05-30T11:53:09.212+0000][4728.631s][info][gc,heap     ] GC(795) Old regions: 480->480
[2024-05-30T11:53:09.212+0000][4728.631s][info][gc,heap     ] GC(795) Archive regions: 2->2
[2024-05-30T11:53:09.212+0000][4728.631s][info][gc,heap     ] GC(795) Humongous regions: 6->6
[2024-05-30T11:53:09.212+0000][4728.631s][info][gc,metaspace] GC(795) Metaspace: 413630K(419584K)->413630K(419584K) NonClass: 361622K(364928K)->361622K(364928K) Class: 52007K(54656K)->52007K(54656K)
[2024-05-30T11:53:09.212+0000][4728.631s][info][gc          ] GC(795) Pause Young (Normal) (G1 Evacuation Pause) 9597M->4076M(12288M) 61.053ms
[2024-05-30T11:53:09.212+0000][4728.631s][info][gc,cpu      ] GC(795) User=0.36s Sys=0.00s Real=0.06s
[2024-05-30T11:53:16.853+0000][4736.272s][info][gc,start    ] GC(796) Pause Young (Normal) (G1 Evacuation Pause)
[2024-05-30T11:53:16.853+0000][4736.272s][info][gc,task     ] GC(796) Using 6 workers of 6 for evacuation
[2024-05-30T11:53:16.918+0000][4736.337s][info][gc,phases   ] GC(796)   Pre Evacuate Collection Set: 0.2ms
[2024-05-30T11:53:16.918+0000][4736.337s][info][gc,phases   ] GC(796)   Merge Heap Roots: 0.3ms
[2024-05-30T11:53:16.918+0000][4736.337s][info][gc,phases   ] GC(796)   Evacuate Collection Set: 62.1ms
[2024-05-30T11:53:16.918+0000][4736.337s][info][gc,phases   ] GC(796)   Post Evacuate Collection Set: 2.3ms
[2024-05-30T11:53:16.918+0000][4736.337s][info][gc,phases   ] GC(796)   Other: 0.2ms
[2024-05-30T11:53:16.918+0000][4736.337s][info][gc,heap     ] GC(796) Eden regions: 694->0(695)
[2024-05-30T11:53:16.918+0000][4736.337s][info][gc,heap     ] GC(796) Survivor regions: 23->22(90)
[2024-05-30T11:53:16.918+0000][4736.337s][info][gc,heap     ] GC(796) Old regions: 480->481
[2024-05-30T11:53:16.918+0000][4736.337s][info][gc,heap     ] GC(796) Archive regions: 2->2
[2024-05-30T11:53:16.918+0000][4736.337s][info][gc,heap     ] GC(796) Humongous regions: 6->6
[2024-05-30T11:53:16.918+0000][4736.337s][info][gc,metaspace] GC(796) Metaspace: 413630K(419584K)->413630K(419584K) NonClass: 361622K(364928K)->361622K(364928K) Class: 52007K(54656K)->52007K(54656K)
[2024-05-30T11:53:16.918+0000][4736.337s][info][gc          ] GC(796) Pause Young (Normal) (G1 Evacuation Pause) 9628M->4074M(12288M) 65.202ms
[2024-05-30T11:53:16.918+0000][4736.337s][info][gc,cpu      ] GC(796) User=0.38s Sys=0.00s Real=0.07s
[2024-05-30T11:53:24.748+0000][4744.167s][info][gc,start    ] GC(797) Pause Young (Normal) (G1 Evacuation Pause)
[2024-05-30T11:53:24.748+0000][4744.167s][info][gc,task     ] GC(797) Using 6 workers of 6 for evacuation
[2024-05-30T11:53:24.810+0000][4744.229s][info][gc,phases   ] GC(797)   Pre Evacuate Collection Set: 0.2ms
[2024-05-30T11:53:24.810+0000][4744.229s][info][gc,phases   ] GC(797)   Merge Heap Roots: 0.3ms
[2024-05-30T11:53:24.810+0000][4744.229s][info][gc,phases   ] GC(797)   Evacuate Collection Set: 58.6ms
[2024-05-30T11:53:24.810+0000][4744.229s][info][gc,phases   ] GC(797)   Post Evacuate Collection Set: 2.5ms
[2024-05-30T11:53:24.810+0000][4744.229s][info][gc,phases   ] GC(797)   Other: 0.2ms
[2024-05-30T11:53:24.810+0000][4744.229s][info][gc,heap     ] GC(797) Eden regions: 695->0(690)
[2024-05-30T11:53:24.810+0000][4744.229s][info][gc,heap     ] GC(797) Survivor regions: 22->24(90)
[2024-05-30T11:53:24.810+0000][4744.229s][info][gc,heap     ] GC(797) Old regions: 481->482
[2024-05-30T11:53:24.810+0000][4744.229s][info][gc,heap     ] GC(797) Archive regions: 2->2
[2024-05-30T11:53:24.810+0000][4744.229s][info][gc,heap     ] GC(797) Humongous regions: 6->6
[2024-05-30T11:53:24.810+0000][4744.229s][info][gc,metaspace] GC(797) Metaspace: 413631K(419584K)->413631K(419584K) NonClass: 361624K(364928K)->361624K(364928K) Class: 52007K(54656K)->52007K(54656K)
[2024-05-30T11:53:24.810+0000][4744.229s][info][gc          ] GC(797) Pause Young (Normal) (G1 Evacuation Pause) 9634M->4096M(12288M) 61.942ms
[2024-05-30T11:53:24.810+0000][4744.229s][info][gc,cpu      ] GC(797) User=0.37s Sys=0.00s Real=0.07s
[2024-05-30T11:53:32.481+0000][4751.900s][info][gc,start    ] GC(798) Pause Young (Normal) (G1 Evacuation Pause)
[2024-05-30T11:53:32.481+0000][4751.900s][info][gc,task     ] GC(798) Using 6 workers of 6 for evacuation
[2024-05-30T11:53:32.540+0000][4751.960s][info][gc,phases   ] GC(798)   Pre Evacuate Collection Set: 0.2ms
[2024-05-30T11:53:32.540+0000][4751.960s][info][gc,phases   ] GC(798)   Merge Heap Roots: 0.3ms
[2024-05-30T11:53:32.540+0000][4751.960s][info][gc,phases   ] GC(798)   Evacuate Collection Set: 56.5ms
[2024-05-30T11:53:32.540+0000][4751.960s][info][gc,phases   ] GC(798)   Post Evacuate Collection Set: 2.4ms
[2024-05-30T11:53:32.540+0000][4751.960s][info][gc,phases   ] GC(798)   Other: 0.2ms
[2024-05-30T11:53:32.540+0000][4751.960s][info][gc,heap     ] GC(798) Eden regions: 690->0(689)
[2024-05-30T11:53:32.540+0000][4751.960s][info][gc,heap     ] GC(798) Survivor regions: 24->24(90)
[2024-05-30T11:53:32.540+0000][4751.960s][info][gc,heap     ] GC(798) Old regions: 482->483
[2024-05-30T11:53:32.540+0000][4751.960s][info][gc,heap     ] GC(798) Archive regions: 2->2
[2024-05-30T11:53:32.540+0000][4751.960s][info][gc,heap     ] GC(798) Humongous regions: 6->6
[2024-05-30T11:53:32.540+0000][4751.960s][info][gc,metaspace] GC(798) Metaspace: 413632K(419584K)->413632K(419584K) NonClass: 361625K(364928K)->361625K(364928K) Class: 52007K(54656K)->52007K(54656K)
[2024-05-30T11:53:32.540+0000][4751.960s][info][gc          ] GC(798) Pause Young (Normal) (G1 Evacuation Pause) 9616M->4102M(12288M) 59.562ms
[2024-05-30T11:53:32.540+0000][4751.960s][info][gc,cpu      ] GC(798) User=0.36s Sys=0.00s Real=0.06s
[2024-05-30T11:53:39.982+0000][4759.401s][info][gc,start    ] GC(799) Pause Young (Normal) (G1 Evacuation Pause)
[2024-05-30T11:53:39.982+0000][4759.401s][info][gc,task     ] GC(799) Using 6 workers of 6 for evacuation
[2024-05-30T11:53:40.039+0000][4759.458s][info][gc,phases   ] GC(799)   Pre Evacuate Collection Set: 0.2ms
[2024-05-30T11:53:40.039+0000][4759.458s][info][gc,phases   ] GC(799)   Merge Heap Roots: 0.2ms
[2024-05-30T11:53:40.039+0000][4759.458s][info][gc,phases   ] GC(799)   Evacuate Collection Set: 54.5ms
[2024-05-30T11:53:40.039+0000][4759.458s][info][gc,phases   ] GC(799)   Post Evacuate Collection Set: 2.2ms
[2024-05-30T11:53:40.039+0000][4759.458s][info][gc,phases   ] GC(799)   Other: 0.2ms
[2024-05-30T11:53:40.039+0000][4759.458s][info][gc,heap     ] GC(799) Eden regions: 689->0(689)
[2024-05-30T11:53:40.039+0000][4759.458s][info][gc,heap     ] GC(799) Survivor regions: 24->24(90)
[2024-05-30T11:53:40.039+0000][4759.458s][info][gc,heap     ] GC(799) Old regions: 483->483
[2024-05-30T11:53:40.039+0000][4759.458s][info][gc,heap     ] GC(799) Archive regions: 2->2
[2024-05-30T11:53:40.039+0000][4759.458s][info][gc,heap     ] GC(799) Humongous regions: 6->6
[2024-05-30T11:53:40.039+0000][4759.458s][info][gc,metaspace] GC(799) Metaspace: 413632K(419584K)->413632K(419584K) NonClass: 361625K(364928K)->361625K(364928K) Class: 52007K(54656K)->52007K(54656K)
[2024-05-30T11:53:40.039+0000][4759.458s][info][gc          ] GC(799) Pause Young (Normal) (G1 Evacuation Pause) 9614M->4103M(12288M) 57.361ms
[2024-05-30T11:53:40.039+0000][4759.458s][info][gc,cpu      ] GC(799) User=0.34s Sys=0.00s Real=0.06s
[2024-05-30T11:53:47.322+0000][4766.741s][info][gc,start    ] GC(800) Pause Young (Normal) (G1 Evacuation Pause)
[2024-05-30T11:53:47.322+0000][4766.741s][info][gc,task     ] GC(800) Using 6 workers of 6 for evacuation
[2024-05-30T11:53:47.381+0000][4766.800s][info][gc,phases   ] GC(800)   Pre Evacuate Collection Set: 0.2ms
[2024-05-30T11:53:47.381+0000][4766.800s][info][gc,phases   ] GC(800)   Merge Heap Roots: 0.2ms
[2024-05-30T11:53:47.381+0000][4766.800s][info][gc,phases   ] GC(800)   Evacuate Collection Set: 56.3ms
[2024-05-30T11:53:47.381+0000][4766.800s][info][gc,phases   ] GC(800)   Post Evacuate Collection Set: 2.2ms
[2024-05-30T11:53:47.381+0000][4766.800s][info][gc,phases   ] GC(800)   Other: 0.2ms
[2024-05-30T11:53:47.381+0000][4766.800s][info][gc,heap     ] GC(800) Eden regions: 689->0(694)
[2024-05-30T11:53:47.381+0000][4766.800s][info][gc,heap     ] GC(800) Survivor regions: 24->21(90)
[2024-05-30T11:53:47.381+0000][4766.800s][info][gc,heap     ] GC(800) Old regions: 483->484
[2024-05-30T11:53:47.381+0000][4766.800s][info][gc,heap     ] GC(800) Archive regions: 2->2
[2024-05-30T11:53:47.381+0000][4766.800s][info][gc,heap     ] GC(800) Humongous regions: 6->6
[2024-05-30T11:53:47.381+0000][4766.800s][info][gc,metaspace] GC(800) Metaspace: 413635K(419648K)->413635K(419648K) NonClass: 361628K(364992K)->361628K(364992K) Class: 52007K(54656K)->52007K(54656K)
[2024-05-30T11:53:47.381+0000][4766.801s][info][gc          ] GC(800) Pause Young (Normal) (G1 Evacuation Pause) 9615M->4085M(12288M) 59.165ms
[2024-05-30T11:53:47.381+0000][4766.801s][info][gc,cpu      ] GC(800) User=0.35s Sys=0.00s Real=0.06s
[2024-05-30T11:53:55.128+0000][4774.547s][info][gc,start    ] GC(801) Pause Young (Normal) (G1 Evacuation Pause)
[2024-05-30T11:53:55.128+0000][4774.547s][info][gc,task     ] GC(801) Using 6 workers of 6 for evacuation
[2024-05-30T11:53:55.192+0000][4774.612s][info][gc,phases   ] GC(801)   Pre Evacuate Collection Set: 0.2ms
[2024-05-30T11:53:55.192+0000][4774.612s][info][gc,phases   ] GC(801)   Merge Heap Roots: 0.3ms
[2024-05-30T11:53:55.192+0000][4774.612s][info][gc,phases   ] GC(801)   Evacuate Collection Set: 61.1ms
[2024-05-30T11:53:55.192+0000][4774.612s][info][gc,phases   ] GC(801)   Post Evacuate Collection Set: 2.6ms
[2024-05-30T11:53:55.193+0000][4774.612s][info][gc,phases   ] GC(801)   Other: 0.2ms
[2024-05-30T11:53:55.193+0000][4774.612s][info][gc,heap     ] GC(801) Eden regions: 694->0(689)
[2024-05-30T11:53:55.193+0000][4774.612s][info][gc,heap     ] GC(801) Survivor regions: 21->23(90)
[2024-05-30T11:53:55.193+0000][4774.612s][info][gc,heap     ] GC(801) Old regions: 484->485
[2024-05-30T11:53:55.193+0000][4774.612s][info][gc,heap     ] GC(801) Archive regions: 2->2
[2024-05-30T11:53:55.193+0000][4774.612s][info][gc,heap     ] GC(801) Humongous regions: 6->6
[2024-05-30T11:53:55.193+0000][4774.612s][info][gc,metaspace] GC(801) Metaspace: 413635K(419648K)->413635K(419648K) NonClass: 361628K(364992K)->361628K(364992K) Class: 52007K(54656K)->52007K(54656K)
[2024-05-30T11:53:55.193+0000][4774.612s][info][gc          ] GC(801) Pause Young (Normal) (G1 Evacuation Pause) 9637M->4109M(12288M) 64.336ms
[2024-05-30T11:53:55.193+0000][4774.612s][info][gc,cpu      ] GC(801) User=0.37s Sys=0.00s Real=0.07s
[2024-05-30T11:53:59.511+0000][4778.931s][info][gc,start    ] GC(802) Pause Young (Normal) (G1 Evacuation Pause)
[2024-05-30T11:53:59.511+0000][4778.931s][info][gc,task     ] GC(802) Using 6 workers of 6 for evacuation
[2024-05-30T11:53:59.612+0000][4779.031s][info][gc,phases   ] GC(802)   Pre Evacuate Collection Set: 0.2ms
[2024-05-30T11:53:59.612+0000][4779.031s][info][gc,phases   ] GC(802)   Merge Heap Roots: 0.3ms
[2024-05-30T11:53:59.612+0000][4779.031s][info][gc,phases   ] GC(802)   Evacuate Collection Set: 84.9ms
[2024-05-30T11:53:59.612+0000][4779.031s][info][gc,phases   ] GC(802)   Post Evacuate Collection Set: 14.7ms
[2024-05-30T11:53:59.612+0000][4779.031s][info][gc,phases   ] GC(802)   Other: 0.2ms
[2024-05-30T11:53:59.612+0000][4779.031s][info][gc,heap     ] GC(802) Eden regions: 689->0(682)
[2024-05-30T11:53:59.612+0000][4779.031s][info][gc,heap     ] GC(802) Survivor regions: 23->26(89)
[2024-05-30T11:53:59.612+0000][4779.031s][info][gc,heap     ] GC(802) Old regions: 485->486
[2024-05-30T11:53:59.612+0000][4779.031s][info][gc,heap     ] GC(802) Archive regions: 2->2
[2024-05-30T11:53:59.612+0000][4779.031s][info][gc,heap     ] GC(802) Humongous regions: 6->6
[2024-05-30T11:53:59.612+0000][4779.031s][info][gc,metaspace] GC(802) Metaspace: 413636K(419648K)->413636K(419648K) NonClass: 361629K(364992K)->361629K(364992K) Class: 52007K(54656K)->52007K(54656K)
[2024-05-30T11:53:59.612+0000][4779.031s][info][gc          ] GC(802) Pause Young (Normal) (G1 Evacuation Pause) 9621M->4142M(12288M) 100.365ms
[2024-05-30T11:53:59.612+0000][4779.031s][info][gc,cpu      ] GC(802) User=0.59s Sys=0.00s Real=0.10s
[2024-05-30T11:54:01.757+0000][4781.177s][info][gc,start    ] GC(803) Pause Young (Normal) (G1 Evacuation Pause)
[2024-05-30T11:54:01.758+0000][4781.177s][info][gc,task     ] GC(803) Using 6 workers of 6 for evacuation
[2024-05-30T11:54:01.878+0000][4781.297s][info][gc,phases   ] GC(803)   Pre Evacuate Collection Set: 0.2ms
[2024-05-30T11:54:01.878+0000][4781.297s][info][gc,phases   ] GC(803)   Merge Heap Roots: 0.2ms
[2024-05-30T11:54:01.878+0000][4781.297s][info][gc,phases   ] GC(803)   Evacuate Collection Set: 102.2ms
[2024-05-30T11:54:01.878+0000][4781.297s][info][gc,phases   ] GC(803)   Post Evacuate Collection Set: 17.4ms
[2024-05-30T11:54:01.878+0000][4781.297s][info][gc,phases   ] GC(803)   Other: 0.2ms
[2024-05-30T11:54:01.878+0000][4781.297s][info][gc,heap     ] GC(803) Eden regions: 682->0(676)
[2024-05-30T11:54:01.878+0000][4781.297s][info][gc,heap     ] GC(803) Survivor regions: 26->29(89)
[2024-05-30T11:54:01.878+0000][4781.297s][info][gc,heap     ] GC(803) Old regions: 486->486
[2024-05-30T11:54:01.878+0000][4781.297s][info][gc,heap     ] GC(803) Archive regions: 2->2
[2024-05-30T11:54:01.878+0000][4781.297s][info][gc,heap     ] GC(803) Humongous regions: 6->6
[2024-05-30T11:54:01.878+0000][4781.297s][info][gc,metaspace] GC(803) Metaspace: 413636K(419648K)->413636K(419648K) NonClass: 361629K(364992K)->361629K(364992K) Class: 52007K(54656K)->52007K(54656K)
[2024-05-30T11:54:01.878+0000][4781.297s][info][gc          ] GC(803) Pause Young (Normal) (G1 Evacuation Pause) 9598M->4168M(12288M) 120.290ms
[2024-05-30T11:54:01.878+0000][4781.297s][info][gc,cpu      ] GC(803) User=0.71s Sys=0.01s Real=0.12s
[2024-05-30T11:54:03.938+0000][4783.357s][info][gc,start    ] GC(804) Pause Young (Normal) (G1 Evacuation Pause)
[2024-05-30T11:54:03.938+0000][4783.357s][info][gc,task     ] GC(804) Using 6 workers of 6 for evacuation
[2024-05-30T11:54:04.062+0000][4783.482s][info][gc,phases   ] GC(804)   Pre Evacuate Collection Set: 0.2ms
[2024-05-30T11:54:04.062+0000][4783.482s][info][gc,phases   ] GC(804)   Merge Heap Roots: 0.3ms
[2024-05-30T11:54:04.062+0000][4783.482s][info][gc,phases   ] GC(804)   Evacuate Collection Set: 106.4ms
[2024-05-30T11:54:04.062+0000][4783.482s][info][gc,phases   ] GC(804)   Post Evacuate Collection Set: 17.5ms
[2024-05-30T11:54:04.062+0000][4783.482s][info][gc,phases   ] GC(804)   Other: 0.2ms
[2024-05-30T11:54:04.062+0000][4783.482s][info][gc,heap     ] GC(804) Eden regions: 676->0(667)
[2024-05-30T11:54:04.062+0000][4783.482s][info][gc,heap     ] GC(804) Survivor regions: 29->33(89)
[2024-05-30T11:54:04.062+0000][4783.482s][info][gc,heap     ] GC(804) Old regions: 486->487
[2024-05-30T11:54:04.062+0000][4783.482s][info][gc,heap     ] GC(804) Archive regions: 2->2
[2024-05-30T11:54:04.062+0000][4783.482s][info][gc,heap     ] GC(804) Humongous regions: 6->6
[2024-05-30T11:54:04.062+0000][4783.482s][info][gc,metaspace] GC(804) Metaspace: 413636K(419648K)->413636K(419648K) NonClass: 361629K(364992K)->361629K(364992K) Class: 52007K(54656K)->52007K(54656K)
[2024-05-30T11:54:04.062+0000][4783.482s][info][gc          ] GC(804) Pause Young (Normal) (G1 Evacuation Pause) 9576M->4206M(12288M) 124.608ms
[2024-05-30T11:54:04.063+0000][4783.482s][info][gc,cpu      ] GC(804) User=0.73s Sys=0.00s Real=0.12s
[2024-05-30T11:54:06.092+0000][4785.511s][info][gc,start    ] GC(805) Pause Young (Normal) (G1 Evacuation Pause)
[2024-05-30T11:54:06.092+0000][4785.511s][info][gc,task     ] GC(805) Using 6 workers of 6 for evacuation
[2024-05-30T11:54:06.235+0000][4785.654s][info][gc,phases   ] GC(805)   Pre Evacuate Collection Set: 0.2ms
[2024-05-30T11:54:06.235+0000][4785.654s][info][gc,phases   ] GC(805)   Merge Heap Roots: 0.3ms
[2024-05-30T11:54:06.235+0000][4785.654s][info][gc,phases   ] GC(805)   Evacuate Collection Set: 122.5ms
[2024-05-30T11:54:06.235+0000][4785.654s][info][gc,phases   ] GC(805)   Post Evacuate Collection Set: 20.2ms
[2024-05-30T11:54:06.235+0000][4785.654s][info][gc,phases   ] GC(805)   Other: 0.2ms
[2024-05-30T11:54:06.235+0000][4785.654s][info][gc,heap     ] GC(805) Eden regions: 667->0(660)
[2024-05-30T11:54:06.235+0000][4785.654s][info][gc,heap     ] GC(805) Survivor regions: 33->36(88)
[2024-05-30T11:54:06.235+0000][4785.654s][info][gc,heap     ] GC(805) Old regions: 487->488
[2024-05-30T11:54:06.235+0000][4785.654s][info][gc,heap     ] GC(805) Archive regions: 2->2
[2024-05-30T11:54:06.235+0000][4785.654s][info][gc,heap     ] GC(805) Humongous regions: 6->6
[2024-05-30T11:54:06.235+0000][4785.654s][info][gc,metaspace] GC(805) Metaspace: 413636K(419648K)->413636K(419648K) NonClass: 361629K(364992K)->361629K(364992K) Class: 52007K(54656K)->52007K(54656K)
[2024-05-30T11:54:06.235+0000][4785.654s][info][gc          ] GC(805) Pause Young (Normal) (G1 Evacuation Pause) 9542M->4236M(12288M) 143.474ms
[2024-05-30T11:54:06.235+0000][4785.655s][info][gc,cpu      ] GC(805) User=0.84s Sys=0.01s Real=0.14s
[2024-05-30T11:54:08.290+0000][4787.709s][info][gc,start    ] GC(806) Pause Young (Normal) (G1 Evacuation Pause)
[2024-05-30T11:54:08.290+0000][4787.709s][info][gc,task     ] GC(806) Using 6 workers of 6 for evacuation
[2024-05-30T11:54:08.440+0000][4787.860s][info][gc,phases   ] GC(806)   Pre Evacuate Collection Set: 0.2ms
[2024-05-30T11:54:08.440+0000][4787.860s][info][gc,phases   ] GC(806)   Merge Heap Roots: 0.3ms
[2024-05-30T11:54:08.440+0000][4787.860s][info][gc,phases   ] GC(806)   Evacuate Collection Set: 130.8ms
[2024-05-30T11:54:08.440+0000][4787.860s][info][gc,phases   ] GC(806)   Post Evacuate Collection Set: 19.1ms
[2024-05-30T11:54:08.440+0000][4787.860s][info][gc,phases   ] GC(806)   Other: 0.2ms
[2024-05-30T11:54:08.441+0000][4787.860s][info][gc,heap     ] GC(806) Eden regions: 660->0(657)
[2024-05-30T11:54:08.441+0000][4787.860s][info][gc,heap     ] GC(806) Survivor regions: 36->37(87)
[2024-05-30T11:54:08.441+0000][4787.860s][info][gc,heap     ] GC(806) Old regions: 488->489
[2024-05-30T11:54:08.441+0000][4787.860s][info][gc,heap     ] GC(806) Archive regions: 2->2
[2024-05-30T11:54:08.441+0000][4787.860s][info][gc,heap     ] GC(806) Humongous regions: 6->6
[2024-05-30T11:54:08.441+0000][4787.860s][info][gc,metaspace] GC(806) Metaspace: 413636K(419648K)->413636K(419648K) NonClass: 361629K(364992K)->361629K(364992K) Class: 52007K(54656K)->52007K(54656K)
[2024-05-30T11:54:08.441+0000][4787.860s][info][gc          ] GC(806) Pause Young (Normal) (G1 Evacuation Pause) 9516M->4250M(12288M) 150.678ms
[2024-05-30T11:54:08.441+0000][4787.860s][info][gc,cpu      ] GC(806) User=0.88s Sys=0.00s Real=0.15s
[2024-05-30T11:54:10.357+0000][4789.776s][info][gc,start    ] GC(807) Pause Young (Normal) (G1 Evacuation Pause)
[2024-05-30T11:54:10.357+0000][4789.776s][info][gc,task     ] GC(807) Using 6 workers of 6 for evacuation
[2024-05-30T11:54:10.514+0000][4789.933s][info][gc,phases   ] GC(807)   Pre Evacuate Collection Set: 0.2ms
[2024-05-30T11:54:10.514+0000][4789.933s][info][gc,phases   ] GC(807)   Merge Heap Roots: 0.3ms
[2024-05-30T11:54:10.514+0000][4789.933s][info][gc,phases   ] GC(807)   Evacuate Collection Set: 137.4ms
[2024-05-30T11:54:10.514+0000][4789.933s][info][gc,phases   ] GC(807)   Post Evacuate Collection Set: 18.9ms
[2024-05-30T11:54:10.514+0000][4789.933s][info][gc,phases   ] GC(807)   Other: 0.2ms
[2024-05-30T11:54:10.514+0000][4789.933s][info][gc,heap     ] GC(807) Eden regions: 657->0(655)
[2024-05-30T11:54:10.514+0000][4789.933s][info][gc,heap     ] GC(807) Survivor regions: 37->38(87)
[2024-05-30T11:54:10.514+0000][4789.933s][info][gc,heap     ] GC(807) Old regions: 489->489
[2024-05-30T11:54:10.514+0000][4789.933s][info][gc,heap     ] GC(807) Archive regions: 2->2
[2024-05-30T11:54:10.514+0000][4789.933s][info][gc,heap     ] GC(807) Humongous regions: 6->6
[2024-05-30T11:54:10.514+0000][4789.933s][info][gc,metaspace] GC(807) Metaspace: 413636K(419648K)->413636K(419648K) NonClass: 361629K(364992K)->361629K(364992K) Class: 52007K(54656K)->52007K(54656K)
[2024-05-30T11:54:10.514+0000][4789.933s][info][gc          ] GC(807) Pause Young (Normal) (G1 Evacuation Pause) 9506M->4268M(12288M) 157.030ms
[2024-05-30T11:54:10.514+0000][4789.933s][info][gc,cpu      ] GC(807) User=0.93s Sys=0.00s Real=0.15s
[2024-05-30T11:54:12.547+0000][4791.966s][info][gc,start    ] GC(808) Pause Young (Normal) (G1 Evacuation Pause)
[2024-05-30T11:54:12.547+0000][4791.966s][info][gc,task     ] GC(808) Using 6 workers of 6 for evacuation
[2024-05-30T11:54:12.710+0000][4792.129s][info][gc,phases   ] GC(808)   Pre Evacuate Collection Set: 0.2ms
[2024-05-30T11:54:12.710+0000][4792.129s][info][gc,phases   ] GC(808)   Merge Heap Roots: 0.3ms
[2024-05-30T11:54:12.710+0000][4792.129s][info][gc,phases   ] GC(808)   Evacuate Collection Set: 143.9ms
[2024-05-30T11:54:12.710+0000][4792.129s][info][gc,phases   ] GC(808)   Post Evacuate Collection Set: 18.3ms
[2024-05-30T11:54:12.710+0000][4792.129s][info][gc,phases   ] GC(808)   Other: 0.2ms
[2024-05-30T11:54:12.710+0000][4792.129s][info][gc,heap     ] GC(808) Eden regions: 655->0(648)
[2024-05-30T11:54:12.710+0000][4792.129s][info][gc,heap     ] GC(808) Survivor regions: 38->41(87)
[2024-05-30T11:54:12.710+0000][4792.129s][info][gc,heap     ] GC(808) Old regions: 489->490
[2024-05-30T11:54:12.710+0000][4792.129s][info][gc,heap     ] GC(808) Archive regions: 2->2
[2024-05-30T11:54:12.710+0000][4792.129s][info][gc,heap     ] GC(808) Humongous regions: 6->6
[2024-05-30T11:54:12.710+0000][4792.129s][info][gc,metaspace] GC(808) Metaspace: 413636K(419648K)->413636K(419648K) NonClass: 361629K(364992K)->361629K(364992K) Class: 52007K(54656K)->52007K(54656K)
[2024-05-30T11:54:12.710+0000][4792.129s][info][gc          ] GC(808) Pause Young (Normal) (G1 Evacuation Pause) 9508M->4298M(12288M) 163.080ms
[2024-05-30T11:54:12.710+0000][4792.129s][info][gc,cpu      ] GC(808) User=0.97s Sys=0.00s Real=0.17s
[2024-05-30T11:54:14.543+0000][4793.963s][info][gc,start    ] GC(809) Pause Young (Normal) (G1 Evacuation Pause)
[2024-05-30T11:54:14.543+0000][4793.963s][info][gc,task     ] GC(809) Using 6 workers of 6 for evacuation
[2024-05-30T11:54:14.721+0000][4794.140s][info][gc,phases   ] GC(809)   Pre Evacuate Collection Set: 0.2ms
[2024-05-30T11:54:14.721+0000][4794.140s][info][gc,phases   ] GC(809)   Merge Heap Roots: 0.3ms
[2024-05-30T11:54:14.721+0000][4794.140s][info][gc,phases   ] GC(809)   Evacuate Collection Set: 157.2ms
[2024-05-30T11:54:14.721+0000][4794.140s][info][gc,phases   ] GC(809)   Post Evacuate Collection Set: 19.9ms
[2024-05-30T11:54:14.721+0000][4794.140s][info][gc,phases   ] GC(809)   Other: 0.2ms
[2024-05-30T11:54:14.721+0000][4794.140s][info][gc,heap     ] GC(809) Eden regions: 648->0(642)
[2024-05-30T11:54:14.721+0000][4794.140s][info][gc,heap     ] GC(809) Survivor regions: 41->43(87)
[2024-05-30T11:54:14.721+0000][4794.140s][info][gc,heap     ] GC(809) Old regions: 490->492
[2024-05-30T11:54:14.721+0000][4794.140s][info][gc,heap     ] GC(809) Archive regions: 2->2
[2024-05-30T11:54:14.721+0000][4794.140s][info][gc,heap     ] GC(809) Humongous regions: 6->6
[2024-05-30T11:54:14.721+0000][4794.140s][info][gc,metaspace] GC(809) Metaspace: 413636K(419648K)->413636K(419648K) NonClass: 361629K(364992K)->361629K(364992K) Class: 52007K(54656K)->52007K(54656K)
[2024-05-30T11:54:14.721+0000][4794.140s][info][gc          ] GC(809) Pause Young (Normal) (G1 Evacuation Pause) 9482M->4328M(12288M) 177.886ms
[2024-05-30T11:54:14.721+0000][4794.141s][info][gc,cpu      ] GC(809) User=1.05s Sys=0.00s Real=0.18s
[2024-05-30T11:54:16.667+0000][4796.087s][info][gc,start    ] GC(810) Pause Young (Normal) (G1 Evacuation Pause)
[2024-05-30T11:54:16.667+0000][4796.087s][info][gc,task     ] GC(810) Using 6 workers of 6 for evacuation
[2024-05-30T11:54:16.844+0000][4796.263s][info][gc,phases   ] GC(810)   Pre Evacuate Collection Set: 0.2ms
[2024-05-30T11:54:16.844+0000][4796.263s][info][gc,phases   ] GC(810)   Merge Heap Roots: 0.3ms
[2024-05-30T11:54:16.844+0000][4796.263s][info][gc,phases   ] GC(810)   Evacuate Collection Set: 156.7ms
[2024-05-30T11:54:16.844+0000][4796.263s][info][gc,phases   ] GC(810)   Post Evacuate Collection Set: 19.4ms
[2024-05-30T11:54:16.844+0000][4796.263s][info][gc,phases   ] GC(810)   Other: 0.2ms
[2024-05-30T11:54:16.844+0000][4796.263s][info][gc,heap     ] GC(810) Eden regions: 642->0(639)
[2024-05-30T11:54:16.844+0000][4796.263s][info][gc,heap     ] GC(810) Survivor regions: 43->44(86)
[2024-05-30T11:54:16.844+0000][4796.263s][info][gc,heap     ] GC(810) Old regions: 492->493
[2024-05-30T11:54:16.844+0000][4796.263s][info][gc,heap     ] GC(810) Archive regions: 2->2
[2024-05-30T11:54:16.844+0000][4796.263s][info][gc,heap     ] GC(810) Humongous regions: 6->6
[2024-05-30T11:54:16.844+0000][4796.263s][info][gc,metaspace] GC(810) Metaspace: 413636K(419648K)->413636K(419648K) NonClass: 361629K(364992K)->361629K(364992K) Class: 52007K(54656K)->52007K(54656K)
[2024-05-30T11:54:16.844+0000][4796.263s][info][gc          ] GC(810) Pause Young (Normal) (G1 Evacuation Pause) 9464M->4343M(12288M) 176.795ms
[2024-05-30T11:54:16.844+0000][4796.263s][info][gc,cpu      ] GC(810) User=1.04s Sys=0.00s Real=0.18s
[2024-05-30T11:54:18.687+0000][4798.106s][info][gc,start    ] GC(811) Pause Young (Normal) (G1 Evacuation Pause)
[2024-05-30T11:54:18.687+0000][4798.106s][info][gc,task     ] GC(811) Using 6 workers of 6 for evacuation
[2024-05-30T11:54:18.873+0000][4798.292s][info][gc,phases   ] GC(811)   Pre Evacuate Collection Set: 0.2ms
[2024-05-30T11:54:18.873+0000][4798.292s][info][gc,phases   ] GC(811)   Merge Heap Roots: 0.4ms
[2024-05-30T11:54:18.873+0000][4798.292s][info][gc,phases   ] GC(811)   Evacuate Collection Set: 166.0ms
[2024-05-30T11:54:18.873+0000][4798.292s][info][gc,phases   ] GC(811)   Post Evacuate Collection Set: 19.2ms
[2024-05-30T11:54:18.873+0000][4798.292s][info][gc,phases   ] GC(811)   Other: 0.2ms
[2024-05-30T11:54:18.873+0000][4798.292s][info][gc,heap     ] GC(811) Eden regions: 639->0(636)
[2024-05-30T11:54:18.873+0000][4798.292s][info][gc,heap     ] GC(811) Survivor regions: 44->45(86)
[2024-05-30T11:54:18.873+0000][4798.292s][info][gc,heap     ] GC(811) Old regions: 493->494
[2024-05-30T11:54:18.873+0000][4798.292s][info][gc,heap     ] GC(811) Archive regions: 2->2
[2024-05-30T11:54:18.873+0000][4798.292s][info][gc,heap     ] GC(811) Humongous regions: 6->6
[2024-05-30T11:54:18.873+0000][4798.292s][info][gc,metaspace] GC(811) Metaspace: 413636K(419648K)->413636K(419648K) NonClass: 361629K(364992K)->361629K(364992K) Class: 52007K(54656K)->52007K(54656K)
[2024-05-30T11:54:18.873+0000][4798.292s][info][gc          ] GC(811) Pause Young (Normal) (G1 Evacuation Pause) 9455M->4359M(12288M) 186.039ms
[2024-05-30T11:54:18.873+0000][4798.292s][info][gc,cpu      ] GC(811) User=1.10s Sys=0.00s Real=0.19s
[2024-05-30T11:54:20.666+0000][4800.085s][info][gc,start    ] GC(812) Pause Young (Normal) (G1 Evacuation Pause)
[2024-05-30T11:54:20.666+0000][4800.085s][info][gc,task     ] GC(812) Using 6 workers of 6 for evacuation
[2024-05-30T11:54:20.861+0000][4800.280s][info][gc,phases   ] GC(812)   Pre Evacuate Collection Set: 0.2ms
[2024-05-30T11:54:20.861+0000][4800.280s][info][gc,phases   ] GC(812)   Merge Heap Roots: 0.4ms
[2024-05-30T11:54:20.861+0000][4800.280s][info][gc,phases   ] GC(812)   Evacuate Collection Set: 174.1ms
[2024-05-30T11:54:20.861+0000][4800.280s][info][gc,phases   ] GC(812)   Post Evacuate Collection Set: 20.5ms
[2024-05-30T11:54:20.861+0000][4800.280s][info][gc,phases   ] GC(812)   Other: 0.2ms
[2024-05-30T11:54:20.861+0000][4800.280s][info][gc,heap     ] GC(812) Eden regions: 636->0(631)
[2024-05-30T11:54:20.861+0000][4800.280s][info][gc,heap     ] GC(812) Survivor regions: 45->47(86)
[2024-05-30T11:54:20.861+0000][4800.280s][info][gc,heap     ] GC(812) Old regions: 494->495
[2024-05-30T11:54:20.861+0000][4800.280s][info][gc,heap     ] GC(812) Archive regions: 2->2
[2024-05-30T11:54:20.861+0000][4800.280s][info][gc,heap     ] GC(812) Humongous regions: 6->6
[2024-05-30T11:54:20.861+0000][4800.280s][info][gc,metaspace] GC(812) Metaspace: 413636K(419648K)->413636K(419648K) NonClass: 361629K(364992K)->361629K(364992K) Class: 52007K(54656K)->52007K(54656K)
[2024-05-30T11:54:20.861+0000][4800.280s][info][gc          ] GC(812) Pause Young (Normal) (G1 Evacuation Pause) 9447M->4384M(12288M) 195.487ms
[2024-05-30T11:54:20.861+0000][4800.280s][info][gc,cpu      ] GC(812) User=1.15s Sys=0.00s Real=0.20s
[2024-05-30T11:54:22.661+0000][4802.081s][info][gc,start    ] GC(813) Pause Young (Normal) (G1 Evacuation Pause)
[2024-05-30T11:54:22.661+0000][4802.081s][info][gc,task     ] GC(813) Using 6 workers of 6 for evacuation
[2024-05-30T11:54:22.871+0000][4802.290s][info][gc,mmu      ] GC(813) MMU target violated: 201.0ms (200.0ms/201.0ms)
[2024-05-30T11:54:22.871+0000][4802.290s][info][gc,phases   ] GC(813)   Pre Evacuate Collection Set: 0.2ms
[2024-05-30T11:54:22.871+0000][4802.290s][info][gc,phases   ] GC(813)   Merge Heap Roots: 0.4ms
[2024-05-30T11:54:22.871+0000][4802.290s][info][gc,phases   ] GC(813)   Evacuate Collection Set: 188.8ms
[2024-05-30T11:54:22.871+0000][4802.290s][info][gc,phases   ] GC(813)   Post Evacuate Collection Set: 19.8ms
[2024-05-30T11:54:22.871+0000][4802.290s][info][gc,phases   ] GC(813)   Other: 0.3ms
[2024-05-30T11:54:22.871+0000][4802.290s][info][gc,heap     ] GC(813) Eden regions: 631->0(611)
[2024-05-30T11:54:22.871+0000][4802.290s][info][gc,heap     ] GC(813) Survivor regions: 47->48(85)
[2024-05-30T11:54:22.871+0000][4802.290s][info][gc,heap     ] GC(813) Old regions: 495->500
[2024-05-30T11:54:22.871+0000][4802.290s][info][gc,heap     ] GC(813) Archive regions: 2->2
[2024-05-30T11:54:22.871+0000][4802.290s][info][gc,heap     ] GC(813) Humongous regions: 6->6
[2024-05-30T11:54:22.871+0000][4802.290s][info][gc,metaspace] GC(813) Metaspace: 413638K(419648K)->413638K(419648K) NonClass: 361630K(364992K)->361630K(364992K) Class: 52007K(54656K)->52007K(54656K)
[2024-05-30T11:54:22.871+0000][4802.290s][info][gc          ] GC(813) Pause Young (Normal) (G1 Evacuation Pause) 9432M->4426M(12288M) 209.505ms
[2024-05-30T11:54:22.871+0000][4802.290s][info][gc,cpu      ] GC(813) User=1.24s Sys=0.00s Real=0.21s
[2024-05-30T11:54:24.750+0000][4804.169s][info][gc,start    ] GC(814) Pause Young (Normal) (G1 Evacuation Pause)
[2024-05-30T11:54:24.750+0000][4804.169s][info][gc,task     ] GC(814) Using 6 workers of 6 for evacuation
[2024-05-30T11:54:24.950+0000][4804.369s][info][gc,phases   ] GC(814)   Pre Evacuate Collection Set: 0.2ms
[2024-05-30T11:54:24.950+0000][4804.369s][info][gc,phases   ] GC(814)   Merge Heap Roots: 0.5ms
[2024-05-30T11:54:24.950+0000][4804.369s][info][gc,phases   ] GC(814)   Evacuate Collection Set: 180.5ms
[2024-05-30T11:54:24.950+0000][4804.369s][info][gc,phases   ] GC(814)   Post Evacuate Collection Set: 18.1ms
[2024-05-30T11:54:24.950+0000][4804.369s][info][gc,phases   ] GC(814)   Other: 0.2ms
[2024-05-30T11:54:24.950+0000][4804.369s][info][gc,heap     ] GC(814) Eden regions: 608->0(629)
[2024-05-30T11:54:24.950+0000][4804.369s][info][gc,heap     ] GC(814) Survivor regions: 48->42(82)
[2024-05-30T11:54:24.950+0000][4804.369s][info][gc,heap     ] GC(814) Old regions: 500->507
[2024-05-30T11:54:24.950+0000][4804.369s][info][gc,heap     ] GC(814) Archive regions: 2->2
[2024-05-30T11:54:24.950+0000][4804.369s][info][gc,heap     ] GC(814) Humongous regions: 6->6
[2024-05-30T11:54:24.950+0000][4804.369s][info][gc,metaspace] GC(814) Metaspace: 413638K(419648K)->413638K(419648K) NonClass: 361630K(364992K)->361630K(364992K) Class: 52007K(54656K)->52007K(54656K)
[2024-05-30T11:54:24.950+0000][4804.369s][info][gc          ] GC(814) Pause Young (Normal) (G1 Evacuation Pause) 9290M->4439M(12288M) 199.539ms
[2024-05-30T11:54:24.950+0000][4804.369s][info][gc,cpu      ] GC(814) User=1.18s Sys=0.00s Real=0.20s
[2024-05-30T11:54:30.391+0000][4809.810s][info][gc,start    ] GC(815) Pause Young (Normal) (G1 Evacuation Pause)
[2024-05-30T11:54:30.391+0000][4809.810s][info][gc,task     ] GC(815) Using 6 workers of 6 for evacuation
[2024-05-30T11:54:30.547+0000][4809.966s][info][gc,phases   ] GC(815)   Pre Evacuate Collection Set: 0.2ms
[2024-05-30T11:54:30.547+0000][4809.966s][info][gc,phases   ] GC(815)   Merge Heap Roots: 0.4ms
[2024-05-30T11:54:30.547+0000][4809.966s][info][gc,phases   ] GC(815)   Evacuate Collection Set: 148.9ms
[2024-05-30T11:54:30.547+0000][4809.966s][info][gc,phases   ] GC(815)   Post Evacuate Collection Set: 6.8ms
[2024-05-30T11:54:30.547+0000][4809.966s][info][gc,phases   ] GC(815)   Other: 0.2ms
[2024-05-30T11:54:30.547+0000][4809.966s][info][gc,heap     ] GC(815) Eden regions: 629->0(627)
[2024-05-30T11:54:30.547+0000][4809.966s][info][gc,heap     ] GC(815) Survivor regions: 42->43(84)
[2024-05-30T11:54:30.547+0000][4809.966s][info][gc,heap     ] GC(815) Old regions: 507->507
[2024-05-30T11:54:30.547+0000][4809.966s][info][gc,heap     ] GC(815) Archive regions: 2->2
[2024-05-30T11:54:30.547+0000][4809.966s][info][gc,heap     ] GC(815) Humongous regions: 6->6
[2024-05-30T11:54:30.547+0000][4809.966s][info][gc,metaspace] GC(815) Metaspace: 413639K(419648K)->413639K(419648K) NonClass: 361632K(364992K)->361632K(364992K) Class: 52007K(54656K)->52007K(54656K)
[2024-05-30T11:54:30.547+0000][4809.967s][info][gc          ] GC(815) Pause Young (Normal) (G1 Evacuation Pause) 9471M->4451M(12288M) 156.636ms
[2024-05-30T11:54:30.547+0000][4809.967s][info][gc,cpu      ] GC(815) User=0.93s Sys=0.00s Real=0.15s
[2024-05-30T11:54:37.210+0000][4816.630s][info][gc,start    ] GC(816) Pause Young (Normal) (G1 Evacuation Pause)
[2024-05-30T11:54:37.210+0000][4816.630s][info][gc,task     ] GC(816) Using 6 workers of 6 for evacuation
[2024-05-30T11:54:37.354+0000][4816.773s][info][gc,phases   ] GC(816)   Pre Evacuate Collection Set: 0.2ms
[2024-05-30T11:54:37.354+0000][4816.773s][info][gc,phases   ] GC(816)   Merge Heap Roots: 0.4ms
[2024-05-30T11:54:37.354+0000][4816.773s][info][gc,phases   ] GC(816)   Evacuate Collection Set: 140.7ms
[2024-05-30T11:54:37.354+0000][4816.773s][info][gc,phases   ] GC(816)   Post Evacuate Collection Set: 2.3ms
[2024-05-30T11:54:37.354+0000][4816.773s][info][gc,phases   ] GC(816)   Other: 0.2ms
[2024-05-30T11:54:37.354+0000][4816.773s][info][gc,heap     ] GC(816) Eden regions: 627->0(627)
[2024-05-30T11:54:37.354+0000][4816.773s][info][gc,heap     ] GC(816) Survivor regions: 43->43(84)
[2024-05-30T11:54:37.354+0000][4816.773s][info][gc,heap     ] GC(816) Old regions: 507->507
[2024-05-30T11:54:37.354+0000][4816.773s][info][gc,heap     ] GC(816) Archive regions: 2->2
[2024-05-30T11:54:37.354+0000][4816.773s][info][gc,heap     ] GC(816) Humongous regions: 6->6
[2024-05-30T11:54:37.354+0000][4816.773s][info][gc,metaspace] GC(816) Metaspace: 413639K(419648K)->413639K(419648K) NonClass: 361632K(364992K)->361632K(364992K) Class: 52007K(54656K)->52007K(54656K)
[2024-05-30T11:54:37.354+0000][4816.774s][info][gc          ] GC(816) Pause Young (Normal) (G1 Evacuation Pause) 9467M->4447M(12288M) 143.888ms
[2024-05-30T11:54:37.354+0000][4816.774s][info][gc,cpu      ] GC(816) User=0.86s Sys=0.00s Real=0.14s
[2024-05-30T11:54:44.305+0000][4823.724s][info][gc,start    ] GC(817) Pause Young (Normal) (G1 Evacuation Pause)
[2024-05-30T11:54:44.305+0000][4823.724s][info][gc,task     ] GC(817) Using 6 workers of 6 for evacuation
[2024-05-30T11:54:44.453+0000][4823.873s][info][gc,phases   ] GC(817)   Pre Evacuate Collection Set: 0.2ms
[2024-05-30T11:54:44.454+0000][4823.873s][info][gc,phases   ] GC(817)   Merge Heap Roots: 0.4ms
[2024-05-30T11:54:44.454+0000][4823.873s][info][gc,phases   ] GC(817)   Evacuate Collection Set: 145.5ms
[2024-05-30T11:54:44.454+0000][4823.873s][info][gc,phases   ] GC(817)   Post Evacuate Collection Set: 2.2ms
[2024-05-30T11:54:44.454+0000][4823.873s][info][gc,phases   ] GC(817)   Other: 0.2ms
[2024-05-30T11:54:44.454+0000][4823.873s][info][gc,heap     ] GC(817) Eden regions: 627->0(621)
[2024-05-30T11:54:44.454+0000][4823.873s][info][gc,heap     ] GC(817) Survivor regions: 43->46(84)
[2024-05-30T11:54:44.454+0000][4823.873s][info][gc,heap     ] GC(817) Old regions: 507->507
[2024-05-30T11:54:44.454+0000][4823.873s][info][gc,heap     ] GC(817) Archive regions: 2->2
[2024-05-30T11:54:44.454+0000][4823.873s][info][gc,heap     ] GC(817) Humongous regions: 6->6
[2024-05-30T11:54:44.454+0000][4823.873s][info][gc,metaspace] GC(817) Metaspace: 413643K(419712K)->413643K(419712K) NonClass: 361636K(365056K)->361636K(365056K) Class: 52007K(54656K)->52007K(54656K)
[2024-05-30T11:54:44.454+0000][4823.873s][info][gc          ] GC(817) Pause Young (Normal) (G1 Evacuation Pause) 9463M->4471M(12288M) 148.551ms
[2024-05-30T11:54:44.454+0000][4823.873s][info][gc,cpu      ] GC(817) User=0.89s Sys=0.00s Real=0.15s
[2024-05-30T11:54:51.761+0000][4831.181s][info][gc,start    ] GC(818) Pause Young (Normal) (G1 Evacuation Pause)
[2024-05-30T11:54:51.761+0000][4831.181s][info][gc,task     ] GC(818) Using 6 workers of 6 for evacuation
[2024-05-30T11:54:51.914+0000][4831.333s][info][gc,phases   ] GC(818)   Pre Evacuate Collection Set: 0.2ms
[2024-05-30T11:54:51.914+0000][4831.333s][info][gc,phases   ] GC(818)   Merge Heap Roots: 0.4ms
[2024-05-30T11:54:51.914+0000][4831.333s][info][gc,phases   ] GC(818)   Evacuate Collection Set: 149.4ms
[2024-05-30T11:54:51.914+0000][4831.333s][info][gc,phases   ] GC(818)   Post Evacuate Collection Set: 2.4ms
[2024-05-30T11:54:51.914+0000][4831.333s][info][gc,phases   ] GC(818)   Other: 0.2ms
[2024-05-30T11:54:51.914+0000][4831.333s][info][gc,heap     ] GC(818) Eden regions: 621->0(619)
[2024-05-30T11:54:51.914+0000][4831.333s][info][gc,heap     ] GC(818) Survivor regions: 46->45(84)
[2024-05-30T11:54:51.914+0000][4831.333s][info][gc,heap     ] GC(818) Old regions: 507->511
[2024-05-30T11:54:51.914+0000][4831.333s][info][gc,heap     ] GC(818) Archive regions: 2->2
[2024-05-30T11:54:51.914+0000][4831.333s][info][gc,heap     ] GC(818) Humongous regions: 6->6
[2024-05-30T11:54:51.914+0000][4831.333s][info][gc,metaspace] GC(818) Metaspace: 413646K(419712K)->413646K(419712K) NonClass: 361639K(365056K)->361639K(365056K) Class: 52007K(54656K)->52007K(54656K)
[2024-05-30T11:54:51.914+0000][4831.333s][info][gc          ] GC(818) Pause Young (Normal) (G1 Evacuation Pause) 9439M->4492M(12288M) 152.700ms
[2024-05-30T11:54:51.914+0000][4831.333s][info][gc,cpu      ] GC(818) User=0.91s Sys=0.00s Real=0.15s
[2024-05-30T11:54:58.855+0000][4838.275s][info][gc,start    ] GC(819) Pause Young (Normal) (G1 Evacuation Pause)
[2024-05-30T11:54:58.855+0000][4838.275s][info][gc,task     ] GC(819) Using 6 workers of 6 for evacuation
[2024-05-30T11:54:59.000+0000][4838.419s][info][gc,phases   ] GC(819)   Pre Evacuate Collection Set: 0.2ms
[2024-05-30T11:54:59.000+0000][4838.419s][info][gc,phases   ] GC(819)   Merge Heap Roots: 0.4ms
[2024-05-30T11:54:59.000+0000][4838.419s][info][gc,phases   ] GC(819)   Evacuate Collection Set: 141.2ms
[2024-05-30T11:54:59.000+0000][4838.419s][info][gc,phases   ] GC(819)   Post Evacuate Collection Set: 2.3ms
[2024-05-30T11:54:59.000+0000][4838.419s][info][gc,phases   ] GC(819)   Other: 0.2ms
[2024-05-30T11:54:59.000+0000][4838.419s][info][gc,heap     ] GC(819) Eden regions: 619->0(621)
[2024-05-30T11:54:59.000+0000][4838.419s][info][gc,heap     ] GC(819) Survivor regions: 45->42(83)
[2024-05-30T11:54:59.000+0000][4838.419s][info][gc,heap     ] GC(819) Old regions: 511->515
[2024-05-30T11:54:59.000+0000][4838.419s][info][gc,heap     ] GC(819) Archive regions: 2->2
[2024-05-30T11:54:59.000+0000][4838.419s][info][gc,heap     ] GC(819) Humongous regions: 6->6
[2024-05-30T11:54:59.000+0000][4838.419s][info][gc,metaspace] GC(819) Metaspace: 413646K(419712K)->413646K(419712K) NonClass: 361639K(365056K)->361639K(365056K) Class: 52007K(54656K)->52007K(54656K)
[2024-05-30T11:54:59.000+0000][4838.419s][info][gc          ] GC(819) Pause Young (Normal) (G1 Evacuation Pause) 9444M->4508M(12288M) 144.422ms
[2024-05-30T11:54:59.000+0000][4838.419s][info][gc,cpu      ] GC(819) User=0.86s Sys=0.00s Real=0.15s
[2024-05-30T11:55:06.280+0000][4845.699s][info][gc,start    ] GC(820) Pause Young (Normal) (G1 Evacuation Pause)
[2024-05-30T11:55:06.280+0000][4845.699s][info][gc,task     ] GC(820) Using 6 workers of 6 for evacuation
[2024-05-30T11:55:06.415+0000][4845.834s][info][gc,phases   ] GC(820)   Pre Evacuate Collection Set: 0.2ms
[2024-05-30T11:55:06.415+0000][4845.834s][info][gc,phases   ] GC(820)   Merge Heap Roots: 0.4ms
[2024-05-30T11:55:06.415+0000][4845.834s][info][gc,phases   ] GC(820)   Evacuate Collection Set: 131.5ms
[2024-05-30T11:55:06.415+0000][4845.834s][info][gc,phases   ] GC(820)   Post Evacuate Collection Set: 2.4ms
[2024-05-30T11:55:06.415+0000][4845.834s][info][gc,phases   ] GC(820)   Other: 0.2ms
[2024-05-30T11:55:06.415+0000][4845.834s][info][gc,heap     ] GC(820) Eden regions: 621->0(620)
[2024-05-30T11:55:06.415+0000][4845.834s][info][gc,heap     ] GC(820) Survivor regions: 42->41(83)
[2024-05-30T11:55:06.415+0000][4845.834s][info][gc,heap     ] GC(820) Old regions: 515->518
[2024-05-30T11:55:06.415+0000][4845.834s][info][gc,heap     ] GC(820) Archive regions: 2->2
[2024-05-30T11:55:06.415+0000][4845.834s][info][gc,heap     ] GC(820) Humongous regions: 6->6
[2024-05-30T11:55:06.415+0000][4845.834s][info][gc,metaspace] GC(820) Metaspace: 413652K(419712K)->413652K(419712K) NonClass: 361643K(365056K)->361643K(365056K) Class: 52008K(54656K)->52008K(54656K)
[2024-05-30T11:55:06.415+0000][4845.834s][info][gc          ] GC(820) Pause Young (Normal) (G1 Evacuation Pause) 9476M->4522M(12288M) 134.711ms
[2024-05-30T11:55:06.415+0000][4845.834s][info][gc,cpu      ] GC(820) User=0.80s Sys=0.00s Real=0.13s
[2024-05-30T11:55:13.302+0000][4852.721s][info][gc,start    ] GC(821) Pause Young (Normal) (G1 Evacuation Pause)
[2024-05-30T11:55:13.302+0000][4852.721s][info][gc,task     ] GC(821) Using 6 workers of 6 for evacuation
[2024-05-30T11:55:13.430+0000][4852.849s][info][gc,phases   ] GC(821)   Pre Evacuate Collection Set: 0.2ms
[2024-05-30T11:55:13.430+0000][4852.849s][info][gc,phases   ] GC(821)   Merge Heap Roots: 0.4ms
[2024-05-30T11:55:13.430+0000][4852.849s][info][gc,phases   ] GC(821)   Evacuate Collection Set: 125.0ms
[2024-05-30T11:55:13.430+0000][4852.849s][info][gc,phases   ] GC(821)   Post Evacuate Collection Set: 2.3ms
[2024-05-30T11:55:13.430+0000][4852.849s][info][gc,phases   ] GC(821)   Other: 0.2ms
[2024-05-30T11:55:13.430+0000][4852.849s][info][gc,heap     ] GC(821) Eden regions: 620->0(617)
[2024-05-30T11:55:13.430+0000][4852.849s][info][gc,heap     ] GC(821) Survivor regions: 41->41(83)
[2024-05-30T11:55:13.430+0000][4852.849s][info][gc,heap     ] GC(821) Old regions: 518->521
[2024-05-30T11:55:13.430+0000][4852.849s][info][gc,heap     ] GC(821) Archive regions: 2->2
[2024-05-30T11:55:13.430+0000][4852.849s][info][gc,heap     ] GC(821) Humongous regions: 6->6
[2024-05-30T11:55:13.430+0000][4852.849s][info][gc,metaspace] GC(821) Metaspace: 413652K(419712K)->413652K(419712K) NonClass: 361644K(365056K)->361644K(365056K) Class: 52008K(54656K)->52008K(54656K)
[2024-05-30T11:55:13.430+0000][4852.849s][info][gc          ] GC(821) Pause Young (Normal) (G1 Evacuation Pause) 9482M->4544M(12288M) 128.174ms
[2024-05-30T11:55:13.430+0000][4852.849s][info][gc,cpu      ] GC(821) User=0.76s Sys=0.00s Real=0.13s
[2024-05-30T11:55:20.218+0000][4859.637s][info][gc,start    ] GC(822) Pause Young (Normal) (G1 Evacuation Pause)
[2024-05-30T11:55:20.218+0000][4859.637s][info][gc,task     ] GC(822) Using 6 workers of 6 for evacuation
[2024-05-30T11:55:20.342+0000][4859.762s][info][gc,phases   ] GC(822)   Pre Evacuate Collection Set: 0.2ms
[2024-05-30T11:55:20.342+0000][4859.762s][info][gc,phases   ] GC(822)   Merge Heap Roots: 0.4ms
[2024-05-30T11:55:20.342+0000][4859.762s][info][gc,phases   ] GC(822)   Evacuate Collection Set: 121.3ms
[2024-05-30T11:55:20.342+0000][4859.762s][info][gc,phases   ] GC(822)   Post Evacuate Collection Set: 2.2ms
[2024-05-30T11:55:20.342+0000][4859.762s][info][gc,phases   ] GC(822)   Other: 0.2ms
[2024-05-30T11:55:20.342+0000][4859.762s][info][gc,heap     ] GC(822) Eden regions: 617->0(622)
[2024-05-30T11:55:20.342+0000][4859.762s][info][gc,heap     ] GC(822) Survivor regions: 41->37(83)
[2024-05-30T11:55:20.342+0000][4859.762s][info][gc,heap     ] GC(822) Old regions: 521->524
[2024-05-30T11:55:20.342+0000][4859.762s][info][gc,heap     ] GC(822) Archive regions: 2->2
[2024-05-30T11:55:20.342+0000][4859.762s][info][gc,heap     ] GC(822) Humongous regions: 6->6
[2024-05-30T11:55:20.342+0000][4859.762s][info][gc,metaspace] GC(822) Metaspace: 413655K(419712K)->413655K(419712K) NonClass: 361646K(365056K)->361646K(365056K) Class: 52008K(54656K)->52008K(54656K)
[2024-05-30T11:55:20.342+0000][4859.762s][info][gc          ] GC(822) Pause Young (Normal) (G1 Evacuation Pause) 9480M->4535M(12288M) 124.360ms
[2024-05-30T11:55:20.342+0000][4859.762s][info][gc,cpu      ] GC(822) User=0.74s Sys=0.00s Real=0.12s
[2024-05-30T11:55:27.299+0000][4866.718s][info][gc,start    ] GC(823) Pause Young (Normal) (G1 Evacuation Pause)
[2024-05-30T11:55:27.299+0000][4866.718s][info][gc,task     ] GC(823) Using 6 workers of 6 for evacuation
[2024-05-30T11:55:27.411+0000][4866.830s][info][gc,phases   ] GC(823)   Pre Evacuate Collection Set: 0.2ms
[2024-05-30T11:55:27.411+0000][4866.830s][info][gc,phases   ] GC(823)   Merge Heap Roots: 0.3ms
[2024-05-30T11:55:27.411+0000][4866.830s][info][gc,phases   ] GC(823)   Evacuate Collection Set: 108.9ms
[2024-05-30T11:55:27.411+0000][4866.830s][info][gc,phases   ] GC(823)   Post Evacuate Collection Set: 2.4ms
[2024-05-30T11:55:27.411+0000][4866.830s][info][gc,phases   ] GC(823)   Other: 0.2ms
[2024-05-30T11:55:27.411+0000][4866.830s][info][gc,heap     ] GC(823) Eden regions: 622->0(622)
[2024-05-30T11:55:27.411+0000][4866.830s][info][gc,heap     ] GC(823) Survivor regions: 37->35(83)
[2024-05-30T11:55:27.411+0000][4866.830s][info][gc,heap     ] GC(823) Old regions: 524->528
[2024-05-30T11:55:27.411+0000][4866.830s][info][gc,heap     ] GC(823) Archive regions: 2->2
[2024-05-30T11:55:27.411+0000][4866.830s][info][gc,heap     ] GC(823) Humongous regions: 6->6
[2024-05-30T11:55:27.411+0000][4866.830s][info][gc,metaspace] GC(823) Metaspace: 413656K(419712K)->413656K(419712K) NonClass: 361647K(365056K)->361647K(365056K) Class: 52008K(54656K)->52008K(54656K)
[2024-05-30T11:55:27.411+0000][4866.830s][info][gc          ] GC(823) Pause Young (Normal) (G1 Evacuation Pause) 9511M->4552M(12288M) 112.069ms
[2024-05-30T11:55:27.411+0000][4866.830s][info][gc,cpu      ] GC(823) User=0.66s Sys=0.00s Real=0.11s
[2024-05-30T11:55:31.903+0000][4871.322s][info][gc,start    ] GC(824) Pause Young (Normal) (G1 Evacuation Pause)
[2024-05-30T11:55:31.903+0000][4871.322s][info][gc,task     ] GC(824) Using 6 workers of 6 for evacuation
[2024-05-30T11:55:32.017+0000][4871.436s][info][gc,phases   ] GC(824)   Pre Evacuate Collection Set: 0.2ms
[2024-05-30T11:55:32.017+0000][4871.436s][info][gc,phases   ] GC(824)   Merge Heap Roots: 0.4ms
[2024-05-30T11:55:32.017+0000][4871.436s][info][gc,phases   ] GC(824)   Evacuate Collection Set: 106.9ms
[2024-05-30T11:55:32.017+0000][4871.436s][info][gc,phases   ] GC(824)   Post Evacuate Collection Set: 6.2ms
[2024-05-30T11:55:32.017+0000][4871.436s][info][gc,phases   ] GC(824)   Other: 0.2ms
[2024-05-30T11:55:32.017+0000][4871.436s][info][gc,heap     ] GC(824) Eden regions: 622->0(623)
[2024-05-30T11:55:32.017+0000][4871.436s][info][gc,heap     ] GC(824) Survivor regions: 35->33(83)
[2024-05-30T11:55:32.017+0000][4871.436s][info][gc,heap     ] GC(824) Old regions: 528->531
[2024-05-30T11:55:32.017+0000][4871.436s][info][gc,heap     ] GC(824) Archive regions: 2->2
[2024-05-30T11:55:32.017+0000][4871.436s][info][gc,heap     ] GC(824) Humongous regions: 6->6
[2024-05-30T11:55:32.017+0000][4871.436s][info][gc,metaspace] GC(824) Metaspace: 413666K(419712K)->413666K(419712K) NonClass: 361658K(365056K)->361658K(365056K) Class: 52008K(54656K)->52008K(54656K)
[2024-05-30T11:55:32.017+0000][4871.436s][info][gc          ] GC(824) Pause Young (Normal) (G1 Evacuation Pause) 9528M->4554M(12288M) 113.913ms
[2024-05-30T11:55:32.017+0000][4871.436s][info][gc,cpu      ] GC(824) User=0.68s Sys=0.00s Real=0.12s
[2024-05-30T11:55:33.940+0000][4873.359s][info][gc,start    ] GC(825) Pause Young (Normal) (G1 Evacuation Pause)
[2024-05-30T11:55:33.940+0000][4873.359s][info][gc,task     ] GC(825) Using 6 workers of 6 for evacuation
[2024-05-30T11:55:34.085+0000][4873.504s][info][gc,phases   ] GC(825)   Pre Evacuate Collection Set: 0.2ms
[2024-05-30T11:55:34.085+0000][4873.504s][info][gc,phases   ] GC(825)   Merge Heap Roots: 0.4ms
[2024-05-30T11:55:34.085+0000][4873.504s][info][gc,phases   ] GC(825)   Evacuate Collection Set: 127.8ms
[2024-05-30T11:55:34.085+0000][4873.504s][info][gc,phases   ] GC(825)   Post Evacuate Collection Set: 16.0ms
[2024-05-30T11:55:34.085+0000][4873.504s][info][gc,phases   ] GC(825)   Other: 0.2ms
[2024-05-30T11:55:34.085+0000][4873.504s][info][gc,heap     ] GC(825) Eden regions: 623->0(621)
[2024-05-30T11:55:34.085+0000][4873.504s][info][gc,heap     ] GC(825) Survivor regions: 33->33(82)
[2024-05-30T11:55:34.085+0000][4873.504s][info][gc,heap     ] GC(825) Old regions: 531->533
[2024-05-30T11:55:34.085+0000][4873.504s][info][gc,heap     ] GC(825) Archive regions: 2->2
[2024-05-30T11:55:34.085+0000][4873.504s][info][gc,heap     ] GC(825) Humongous regions: 6->6
[2024-05-30T11:55:34.085+0000][4873.504s][info][gc,metaspace] GC(825) Metaspace: 413666K(419712K)->413666K(419712K) NonClass: 361658K(365056K)->361658K(365056K) Class: 52008K(54656K)->52008K(54656K)
[2024-05-30T11:55:34.085+0000][4873.504s][info][gc          ] GC(825) Pause Young (Normal) (G1 Evacuation Pause) 9538M->4580M(12288M) 144.688ms
[2024-05-30T11:55:34.085+0000][4873.504s][info][gc,cpu      ] GC(825) User=0.86s Sys=0.00s Real=0.14s
[2024-05-30T11:55:36.077+0000][4875.496s][info][gc,start    ] GC(826) Pause Young (Normal) (G1 Evacuation Pause)
[2024-05-30T11:55:36.077+0000][4875.496s][info][gc,task     ] GC(826) Using 6 workers of 6 for evacuation
[2024-05-30T11:55:36.228+0000][4875.647s][info][gc,phases   ] GC(826)   Pre Evacuate Collection Set: 0.2ms
[2024-05-30T11:55:36.228+0000][4875.647s][info][gc,phases   ] GC(826)   Merge Heap Roots: 0.5ms
[2024-05-30T11:55:36.228+0000][4875.647s][info][gc,phases   ] GC(826)   Evacuate Collection Set: 133.7ms
[2024-05-30T11:55:36.228+0000][4875.647s][info][gc,phases   ] GC(826)   Post Evacuate Collection Set: 16.1ms
[2024-05-30T11:55:36.228+0000][4875.647s][info][gc,phases   ] GC(826)   Other: 0.2ms
[2024-05-30T11:55:36.228+0000][4875.647s][info][gc,heap     ] GC(826) Eden regions: 621->0(616)
[2024-05-30T11:55:36.228+0000][4875.647s][info][gc,heap     ] GC(826) Survivor regions: 33->34(82)
[2024-05-30T11:55:36.228+0000][4875.647s][info][gc,heap     ] GC(826) Old regions: 533->536
[2024-05-30T11:55:36.228+0000][4875.647s][info][gc,heap     ] GC(826) Archive regions: 2->2
[2024-05-30T11:55:36.228+0000][4875.647s][info][gc,heap     ] GC(826) Humongous regions: 6->6
[2024-05-30T11:55:36.228+0000][4875.647s][info][gc,metaspace] GC(826) Metaspace: 413666K(419712K)->413666K(419712K) NonClass: 361658K(365056K)->361658K(365056K) Class: 52008K(54656K)->52008K(54656K)
[2024-05-30T11:55:36.228+0000][4875.647s][info][gc          ] GC(826) Pause Young (Normal) (G1 Evacuation Pause) 9548M->4612M(12288M) 150.844ms
[2024-05-30T11:55:36.228+0000][4875.647s][info][gc,cpu      ] GC(826) User=0.89s Sys=0.00s Real=0.14s
[2024-05-30T11:55:39.914+0000][4879.334s][info][gc,start    ] GC(827) Pause Young (Normal) (G1 Evacuation Pause)
[2024-05-30T11:55:39.914+0000][4879.334s][info][gc,task     ] GC(827) Using 6 workers of 6 for evacuation
[2024-05-30T11:55:39.995+0000][4879.414s][info][gc,phases   ] GC(827)   Pre Evacuate Collection Set: 0.2ms
[2024-05-30T11:55:39.995+0000][4879.414s][info][gc,phases   ] GC(827)   Merge Heap Roots: 0.3ms
[2024-05-30T11:55:39.995+0000][4879.414s][info][gc,phases   ] GC(827)   Evacuate Collection Set: 76.1ms
[2024-05-30T11:55:39.995+0000][4879.414s][info][gc,phases   ] GC(827)   Post Evacuate Collection Set: 3.6ms
[2024-05-30T11:55:39.995+0000][4879.414s][info][gc,phases   ] GC(827)   Other: 0.2ms
[2024-05-30T11:55:39.995+0000][4879.414s][info][gc,heap     ] GC(827) Eden regions: 616->0(632)
[2024-05-30T11:55:39.995+0000][4879.414s][info][gc,heap     ] GC(827) Survivor regions: 34->24(82)
[2024-05-30T11:55:39.995+0000][4879.414s][info][gc,heap     ] GC(827) Old regions: 536->540
[2024-05-30T11:55:39.995+0000][4879.414s][info][gc,heap     ] GC(827) Archive regions: 2->2
[2024-05-30T11:55:39.995+0000][4879.414s][info][gc,heap     ] GC(827) Humongous regions: 6->6
[2024-05-30T11:55:39.995+0000][4879.414s][info][gc,metaspace] GC(827) Metaspace: 413688K(419712K)->413688K(419712K) NonClass: 361679K(365056K)->361679K(365056K) Class: 52008K(54656K)->52008K(54656K)
[2024-05-30T11:55:39.995+0000][4879.414s][info][gc          ] GC(827) Pause Young (Normal) (G1 Evacuation Pause) 9540M->4561M(12288M) 80.600ms
[2024-05-30T11:55:39.995+0000][4879.414s][info][gc,cpu      ] GC(827) User=0.48s Sys=0.00s Real=0.08s
[2024-05-30T11:55:43.330+0000][4882.749s][info][gc,start    ] GC(828) Pause Young (Normal) (G1 Evacuation Pause)
[2024-05-30T11:55:43.330+0000][4882.749s][info][gc,task     ] GC(828) Using 6 workers of 6 for evacuation
[2024-05-30T11:55:43.391+0000][4882.811s][info][gc,phases   ] GC(828)   Pre Evacuate Collection Set: 0.2ms
[2024-05-30T11:55:43.391+0000][4882.811s][info][gc,phases   ] GC(828)   Merge Heap Roots: 0.3ms
[2024-05-30T11:55:43.391+0000][4882.811s][info][gc,phases   ] GC(828)   Evacuate Collection Set: 58.7ms
[2024-05-30T11:55:43.391+0000][4882.811s][info][gc,phases   ] GC(828)   Post Evacuate Collection Set: 2.2ms
[2024-05-30T11:55:43.391+0000][4882.811s][info][gc,phases   ] GC(828)   Other: 0.2ms
[2024-05-30T11:55:43.391+0000][4882.811s][info][gc,heap     ] GC(828) Eden regions: 632->0(632)
[2024-05-30T11:55:43.392+0000][4882.811s][info][gc,heap     ] GC(828) Survivor regions: 24->23(82)
[2024-05-30T11:55:43.392+0000][4882.811s][info][gc,heap     ] GC(828) Old regions: 540->542
[2024-05-30T11:55:43.392+0000][4882.811s][info][gc,heap     ] GC(828) Archive regions: 2->2
[2024-05-30T11:55:43.392+0000][4882.811s][info][gc,heap     ] GC(828) Humongous regions: 6->6
[2024-05-30T11:55:43.392+0000][4882.811s][info][gc,metaspace] GC(828) Metaspace: 413700K(419712K)->413700K(419712K) NonClass: 361692K(365056K)->361692K(365056K) Class: 52008K(54656K)->52008K(54656K)
[2024-05-30T11:55:43.392+0000][4882.811s][info][gc          ] GC(828) Pause Young (Normal) (G1 Evacuation Pause) 9617M->4566M(12288M) 61.665ms
[2024-05-30T11:55:43.392+0000][4882.811s][info][gc,cpu      ] GC(828) User=0.36s Sys=0.00s Real=0.06s
[2024-05-30T11:55:50.602+0000][4890.021s][info][gc,start    ] GC(829) Pause Young (Normal) (G1 Evacuation Pause)
[2024-05-30T11:55:50.602+0000][4890.021s][info][gc,task     ] GC(829) Using 6 workers of 6 for evacuation
[2024-05-30T11:55:50.672+0000][4890.092s][info][gc,phases   ] GC(829)   Pre Evacuate Collection Set: 0.2ms
[2024-05-30T11:55:50.672+0000][4890.092s][info][gc,phases   ] GC(829)   Merge Heap Roots: 0.2ms
[2024-05-30T11:55:50.672+0000][4890.092s][info][gc,phases   ] GC(829)   Evacuate Collection Set: 67.3ms
[2024-05-30T11:55:50.672+0000][4890.092s][info][gc,phases   ] GC(829)   Post Evacuate Collection Set: 2.5ms
[2024-05-30T11:55:50.672+0000][4890.092s][info][gc,phases   ] GC(829)   Other: 0.2ms
[2024-05-30T11:55:50.672+0000][4890.092s][info][gc,heap     ] GC(829) Eden regions: 632->0(629)
[2024-05-30T11:55:50.672+0000][4890.092s][info][gc,heap     ] GC(829) Survivor regions: 23->23(82)
[2024-05-30T11:55:50.672+0000][4890.092s][info][gc,heap     ] GC(829) Old regions: 542->545
[2024-05-30T11:55:50.672+0000][4890.092s][info][gc,heap     ] GC(829) Archive regions: 2->2
[2024-05-30T11:55:50.672+0000][4890.092s][info][gc,heap     ] GC(829) Humongous regions: 6->6
[2024-05-30T11:55:50.672+0000][4890.092s][info][gc,metaspace] GC(829) Metaspace: 413703K(419712K)->413703K(419712K) NonClass: 361694K(365056K)->361694K(365056K) Class: 52008K(54656K)->52008K(54656K)
[2024-05-30T11:55:50.672+0000][4890.092s][info][gc          ] GC(829) Pause Young (Normal) (G1 Evacuation Pause) 9622M->4586M(12288M) 70.474ms
[2024-05-30T11:55:50.672+0000][4890.092s][info][gc,cpu      ] GC(829) User=0.41s Sys=0.00s Real=0.07s
[2024-05-30T11:55:57.723+0000][4897.143s][info][gc,start    ] GC(830) Pause Young (Normal) (G1 Evacuation Pause)
[2024-05-30T11:55:57.723+0000][4897.143s][info][gc,task     ] GC(830) Using 6 workers of 6 for evacuation
[2024-05-30T11:55:57.778+0000][4897.197s][info][gc,phases   ] GC(830)   Pre Evacuate Collection Set: 0.2ms
[2024-05-30T11:55:57.778+0000][4897.197s][info][gc,phases   ] GC(830)   Merge Heap Roots: 0.2ms
[2024-05-30T11:55:57.778+0000][4897.197s][info][gc,phases   ] GC(830)   Evacuate Collection Set: 51.8ms
[2024-05-30T11:55:57.778+0000][4897.197s][info][gc,phases   ] GC(830)   Post Evacuate Collection Set: 2.3ms
[2024-05-30T11:55:57.778+0000][4897.197s][info][gc,phases   ] GC(830)   Other: 0.2ms
[2024-05-30T11:55:57.778+0000][4897.197s][info][gc,heap     ] GC(830) Eden regions: 629->0(628)
[2024-05-30T11:55:57.778+0000][4897.197s][info][gc,heap     ] GC(830) Survivor regions: 23->23(82)
[2024-05-30T11:55:57.778+0000][4897.197s][info][gc,heap     ] GC(830) Old regions: 545->546
[2024-05-30T11:55:57.778+0000][4897.197s][info][gc,heap     ] GC(830) Archive regions: 2->2
[2024-05-30T11:55:57.778+0000][4897.197s][info][gc,heap     ] GC(830) Humongous regions: 6->6
[2024-05-30T11:55:57.778+0000][4897.197s][info][gc,metaspace] GC(830) Metaspace: 413713K(419712K)->413713K(419712K) NonClass: 361704K(365056K)->361704K(365056K) Class: 52008K(54656K)->52008K(54656K)
[2024-05-30T11:55:57.778+0000][4897.197s][info][gc          ] GC(830) Pause Young (Normal) (G1 Evacuation Pause) 9618M->4599M(12288M) 54.741ms
[2024-05-30T11:55:57.778+0000][4897.197s][info][gc,cpu      ] GC(830) User=0.33s Sys=0.00s Real=0.06s
[2024-05-30T11:56:04.525+0000][4903.944s][info][gc,start    ] GC(831) Pause Young (Normal) (G1 Evacuation Pause)
[2024-05-30T11:56:04.525+0000][4903.944s][info][gc,task     ] GC(831) Using 6 workers of 6 for evacuation
[2024-05-30T11:56:04.580+0000][4903.999s][info][gc,phases   ] GC(831)   Pre Evacuate Collection Set: 0.2ms
[2024-05-30T11:56:04.580+0000][4903.999s][info][gc,phases   ] GC(831)   Merge Heap Roots: 0.2ms
[2024-05-30T11:56:04.580+0000][4903.999s][info][gc,phases   ] GC(831)   Evacuate Collection Set: 52.1ms
[2024-05-30T11:56:04.580+0000][4903.999s][info][gc,phases   ] GC(831)   Post Evacuate Collection Set: 2.1ms
[2024-05-30T11:56:04.580+0000][4903.999s][info][gc,phases   ] GC(831)   Other: 0.2ms
[2024-05-30T11:56:04.580+0000][4903.999s][info][gc,heap     ] GC(831) Eden regions: 628->0(633)
[2024-05-30T11:56:04.580+0000][4903.999s][info][gc,heap     ] GC(831) Survivor regions: 23->20(82)
[2024-05-30T11:56:04.580+0000][4903.999s][info][gc,heap     ] GC(831) Old regions: 546->547
[2024-05-30T11:56:04.580+0000][4903.999s][info][gc,heap     ] GC(831) Archive regions: 2->2
[2024-05-30T11:56:04.580+0000][4903.999s][info][gc,heap     ] GC(831) Humongous regions: 6->6
[2024-05-30T11:56:04.580+0000][4903.999s][info][gc,metaspace] GC(831) Metaspace: 413713K(419712K)->413713K(419712K) NonClass: 361704K(365056K)->361704K(365056K) Class: 52008K(54656K)->52008K(54656K)
[2024-05-30T11:56:04.580+0000][4903.999s][info][gc          ] GC(831) Pause Young (Normal) (G1 Evacuation Pause) 9623M->4582M(12288M) 54.962ms
[2024-05-30T11:56:04.580+0000][4903.999s][info][gc,cpu      ] GC(831) User=0.32s Sys=0.00s Real=0.06s
[2024-05-30T11:56:11.697+0000][4911.117s][info][gc,start    ] GC(832) Pause Young (Normal) (G1 Evacuation Pause)
[2024-05-30T11:56:11.697+0000][4911.117s][info][gc,task     ] GC(832) Using 6 workers of 6 for evacuation
[2024-05-30T11:56:11.750+0000][4911.169s][info][gc,phases   ] GC(832)   Pre Evacuate Collection Set: 0.2ms
[2024-05-30T11:56:11.750+0000][4911.170s][info][gc,phases   ] GC(832)   Merge Heap Roots: 0.2ms
[2024-05-30T11:56:11.750+0000][4911.170s][info][gc,phases   ] GC(832)   Evacuate Collection Set: 50.0ms
[2024-05-30T11:56:11.750+0000][4911.170s][info][gc,phases   ] GC(832)   Post Evacuate Collection Set: 2.4ms
[2024-05-30T11:56:11.750+0000][4911.170s][info][gc,phases   ] GC(832)   Other: 0.2ms
[2024-05-30T11:56:11.750+0000][4911.170s][info][gc,heap     ] GC(832) Eden regions: 633->0(630)
[2024-05-30T11:56:11.750+0000][4911.170s][info][gc,heap     ] GC(832) Survivor regions: 20->21(82)
[2024-05-30T11:56:11.750+0000][4911.170s][info][gc,heap     ] GC(832) Old regions: 547->548
[2024-05-30T11:56:11.750+0000][4911.170s][info][gc,heap     ] GC(832) Archive regions: 2->2
[2024-05-30T11:56:11.750+0000][4911.170s][info][gc,heap     ] GC(832) Humongous regions: 6->6
[2024-05-30T11:56:11.750+0000][4911.170s][info][gc,metaspace] GC(832) Metaspace: 413713K(419712K)->413713K(419712K) NonClass: 361704K(365056K)->361704K(365056K) Class: 52008K(54656K)->52008K(54656K)
[2024-05-30T11:56:11.750+0000][4911.170s][info][gc          ] GC(832) Pause Young (Normal) (G1 Evacuation Pause) 9646M->4597M(12288M) 53.104ms
[2024-05-30T11:56:11.750+0000][4911.170s][info][gc,cpu      ] GC(832) User=0.32s Sys=0.00s Real=0.05s
[2024-05-30T11:56:18.837+0000][4918.257s][info][gc,start    ] GC(833) Pause Young (Normal) (G1 Evacuation Pause)
[2024-05-30T11:56:18.837+0000][4918.257s][info][gc,task     ] GC(833) Using 6 workers of 6 for evacuation
[2024-05-30T11:56:18.891+0000][4918.310s][info][gc,phases   ] GC(833)   Pre Evacuate Collection Set: 0.2ms
[2024-05-30T11:56:18.891+0000][4918.310s][info][gc,phases   ] GC(833)   Merge Heap Roots: 0.2ms
[2024-05-30T11:56:18.891+0000][4918.310s][info][gc,phases   ] GC(833)   Evacuate Collection Set: 51.0ms
[2024-05-30T11:56:18.891+0000][4918.310s][info][gc,phases   ] GC(833)   Post Evacuate Collection Set: 2.1ms
[2024-05-30T11:56:18.891+0000][4918.310s][info][gc,phases   ] GC(833)   Other: 0.2ms
[2024-05-30T11:56:18.891+0000][4918.310s][info][gc,heap     ] GC(833) Eden regions: 630->0(629)
[2024-05-30T11:56:18.891+0000][4918.310s][info][gc,heap     ] GC(833) Survivor regions: 21->21(82)
[2024-05-30T11:56:18.891+0000][4918.310s][info][gc,heap     ] GC(833) Old regions: 548->549
[2024-05-30T11:56:18.891+0000][4918.310s][info][gc,heap     ] GC(833) Archive regions: 2->2
[2024-05-30T11:56:18.891+0000][4918.310s][info][gc,heap     ] GC(833) Humongous regions: 6->6
[2024-05-30T11:56:18.891+0000][4918.310s][info][gc,metaspace] GC(833) Metaspace: 413713K(419712K)->413713K(419712K) NonClass: 361704K(365056K)->361704K(365056K) Class: 52008K(54656K)->52008K(54656K)
[2024-05-30T11:56:18.891+0000][4918.311s][info][gc          ] GC(833) Pause Young (Normal) (G1 Evacuation Pause) 9637M->4607M(12288M) 53.891ms
[2024-05-30T11:56:18.891+0000][4918.311s][info][gc,cpu      ] GC(833) User=0.32s Sys=0.00s Real=0.05s
[2024-05-30T11:56:25.572+0000][4924.992s][info][gc,start    ] GC(834) Pause Young (Normal) (G1 Evacuation Pause)
[2024-05-30T11:56:25.572+0000][4924.992s][info][gc,task     ] GC(834) Using 6 workers of 6 for evacuation
[2024-05-30T11:56:25.630+0000][4925.049s][info][gc,phases   ] GC(834)   Pre Evacuate Collection Set: 0.2ms
[2024-05-30T11:56:25.630+0000][4925.049s][info][gc,phases   ] GC(834)   Merge Heap Roots: 0.2ms
[2024-05-30T11:56:25.630+0000][4925.049s][info][gc,phases   ] GC(834)   Evacuate Collection Set: 53.9ms
[2024-05-30T11:56:25.630+0000][4925.049s][info][gc,phases   ] GC(834)   Post Evacuate Collection Set: 2.7ms
[2024-05-30T11:56:25.630+0000][4925.049s][info][gc,phases   ] GC(834)   Other: 0.2ms
[2024-05-30T11:56:25.630+0000][4925.049s][info][gc,heap     ] GC(834) Eden regions: 629->0(630)
[2024-05-30T11:56:25.630+0000][4925.049s][info][gc,heap     ] GC(834) Survivor regions: 21->20(82)
[2024-05-30T11:56:25.630+0000][4925.049s][info][gc,heap     ] GC(834) Old regions: 549->550
[2024-05-30T11:56:25.630+0000][4925.049s][info][gc,heap     ] GC(834) Archive regions: 2->2
[2024-05-30T11:56:25.630+0000][4925.049s][info][gc,heap     ] GC(834) Humongous regions: 6->6
[2024-05-30T11:56:25.630+0000][4925.049s][info][gc,metaspace] GC(834) Metaspace: 413721K(419776K)->413721K(419776K) NonClass: 361712K(365120K)->361712K(365120K) Class: 52009K(54656K)->52009K(54656K)
[2024-05-30T11:56:25.630+0000][4925.049s][info][gc          ] GC(834) Pause Young (Normal) (G1 Evacuation Pause) 9639M->4606M(12288M) 57.270ms
[2024-05-30T11:56:25.630+0000][4925.049s][info][gc,cpu      ] GC(834) User=0.34s Sys=0.00s Real=0.06s
[2024-05-30T11:56:32.873+0000][4932.292s][info][gc,start    ] GC(835) Pause Young (Normal) (G1 Evacuation Pause)
[2024-05-30T11:56:32.873+0000][4932.292s][info][gc,task     ] GC(835) Using 6 workers of 6 for evacuation
[2024-05-30T11:56:32.927+0000][4932.346s][info][gc,phases   ] GC(835)   Pre Evacuate Collection Set: 0.2ms
[2024-05-30T11:56:32.927+0000][4932.346s][info][gc,phases   ] GC(835)   Merge Heap Roots: 0.2ms
[2024-05-30T11:56:32.927+0000][4932.346s][info][gc,phases   ] GC(835)   Evacuate Collection Set: 51.4ms
[2024-05-30T11:56:32.927+0000][4932.346s][info][gc,phases   ] GC(835)   Post Evacuate Collection Set: 2.2ms
[2024-05-30T11:56:32.927+0000][4932.346s][info][gc,phases   ] GC(835)   Other: 0.2ms
[2024-05-30T11:56:32.927+0000][4932.346s][info][gc,heap     ] GC(835) Eden regions: 630->0(627)
[2024-05-30T11:56:32.927+0000][4932.346s][info][gc,heap     ] GC(835) Survivor regions: 20->21(82)
[2024-05-30T11:56:32.927+0000][4932.346s][info][gc,heap     ] GC(835) Old regions: 550->551
[2024-05-30T11:56:32.927+0000][4932.346s][info][gc,heap     ] GC(835) Archive regions: 2->2
[2024-05-30T11:56:32.927+0000][4932.346s][info][gc,heap     ] GC(835) Humongous regions: 6->6
[2024-05-30T11:56:32.927+0000][4932.346s][info][gc,metaspace] GC(835) Metaspace: 413721K(419776K)->413721K(419776K) NonClass: 361712K(365120K)->361712K(365120K) Class: 52009K(54656K)->52009K(54656K)
[2024-05-30T11:56:32.927+0000][4932.346s][info][gc          ] GC(835) Pause Young (Normal) (G1 Evacuation Pause) 9646M->4621M(12288M) 54.289ms
[2024-05-30T11:56:32.927+0000][4932.346s][info][gc,cpu      ] GC(835) User=0.33s Sys=0.00s Real=0.05s
[2024-05-30T11:56:39.766+0000][4939.185s][info][gc,start    ] GC(836) Pause Young (Normal) (G1 Evacuation Pause)
[2024-05-30T11:56:39.766+0000][4939.185s][info][gc,task     ] GC(836) Using 6 workers of 6 for evacuation
[2024-05-30T11:56:39.817+0000][4939.236s][info][gc,phases   ] GC(836)   Pre Evacuate Collection Set: 0.2ms
[2024-05-30T11:56:39.817+0000][4939.236s][info][gc,phases   ] GC(836)   Merge Heap Roots: 0.3ms
[2024-05-30T11:56:39.817+0000][4939.236s][info][gc,phases   ] GC(836)   Evacuate Collection Set: 48.2ms
[2024-05-30T11:56:39.817+0000][4939.236s][info][gc,phases   ] GC(836)   Post Evacuate Collection Set: 2.4ms
[2024-05-30T11:56:39.817+0000][4939.236s][info][gc,phases   ] GC(836)   Other: 0.2ms
[2024-05-30T11:56:39.817+0000][4939.236s][info][gc,heap     ] GC(836) Eden regions: 627->0(631)
[2024-05-30T11:56:39.817+0000][4939.236s][info][gc,heap     ] GC(836) Survivor regions: 21->19(81)
[2024-05-30T11:56:39.817+0000][4939.236s][info][gc,heap     ] GC(836) Old regions: 551->551
[2024-05-30T11:56:39.817+0000][4939.236s][info][gc,heap     ] GC(836) Archive regions: 2->2
[2024-05-30T11:56:39.817+0000][4939.236s][info][gc,heap     ] GC(836) Humongous regions: 6->6
[2024-05-30T11:56:39.817+0000][4939.236s][info][gc,metaspace] GC(836) Metaspace: 413740K(419776K)->413740K(419776K) NonClass: 361731K(365120K)->361731K(365120K) Class: 52009K(54656K)->52009K(54656K)
[2024-05-30T11:56:39.817+0000][4939.236s][info][gc          ] GC(836) Pause Young (Normal) (G1 Evacuation Pause) 9637M->4607M(12288M) 51.437ms
[2024-05-30T11:56:39.817+0000][4939.237s][info][gc,cpu      ] GC(836) User=0.30s Sys=0.00s Real=0.06s
[2024-05-30T11:56:45.378+0000][4944.797s][info][gc,start    ] GC(837) Pause Young (Normal) (G1 Evacuation Pause)
[2024-05-30T11:56:45.378+0000][4944.797s][info][gc,task     ] GC(837) Using 6 workers of 6 for evacuation
[2024-05-30T11:56:45.431+0000][4944.851s][info][gc,phases   ] GC(837)   Pre Evacuate Collection Set: 0.2ms
[2024-05-30T11:56:45.431+0000][4944.851s][info][gc,phases   ] GC(837)   Merge Heap Roots: 0.3ms
[2024-05-30T11:56:45.431+0000][4944.851s][info][gc,phases   ] GC(837)   Evacuate Collection Set: 51.0ms
[2024-05-30T11:56:45.431+0000][4944.851s][info][gc,phases   ] GC(837)   Post Evacuate Collection Set: 2.2ms
[2024-05-30T11:56:45.431+0000][4944.851s][info][gc,phases   ] GC(837)   Other: 0.2ms
[2024-05-30T11:56:45.431+0000][4944.851s][info][gc,heap     ] GC(837) Eden regions: 631->0(630)
[2024-05-30T11:56:45.431+0000][4944.851s][info][gc,heap     ] GC(837) Survivor regions: 19->19(82)
[2024-05-30T11:56:45.431+0000][4944.851s][info][gc,heap     ] GC(837) Old regions: 551->552
[2024-05-30T11:56:45.431+0000][4944.851s][info][gc,heap     ] GC(837) Archive regions: 2->2
[2024-05-30T11:56:45.431+0000][4944.851s][info][gc,heap     ] GC(837) Humongous regions: 6->6
[2024-05-30T11:56:45.431+0000][4944.851s][info][gc,metaspace] GC(837) Metaspace: 413741K(419776K)->413741K(419776K) NonClass: 361732K(365120K)->361732K(365120K) Class: 52009K(54656K)->52009K(54656K)
[2024-05-30T11:56:45.431+0000][4944.851s][info][gc          ] GC(837) Pause Young (Normal) (G1 Evacuation Pause) 9655M->4617M(12288M) 53.904ms
[2024-05-30T11:56:45.431+0000][4944.851s][info][gc,cpu      ] GC(837) User=0.32s Sys=0.00s Real=0.05s
[2024-05-30T11:56:49.656+0000][4949.075s][info][gc,start    ] GC(838) Pause Young (Normal) (G1 Evacuation Pause)
[2024-05-30T11:56:49.656+0000][4949.075s][info][gc,task     ] GC(838) Using 6 workers of 6 for evacuation
[2024-05-30T11:56:49.706+0000][4949.125s][info][gc,phases   ] GC(838)   Pre Evacuate Collection Set: 0.2ms
[2024-05-30T11:56:49.706+0000][4949.125s][info][gc,phases   ] GC(838)   Merge Heap Roots: 0.3ms
[2024-05-30T11:56:49.706+0000][4949.125s][info][gc,phases   ] GC(838)   Evacuate Collection Set: 47.4ms
[2024-05-30T11:56:49.706+0000][4949.125s][info][gc,phases   ] GC(838)   Post Evacuate Collection Set: 2.2ms
[2024-05-30T11:56:49.706+0000][4949.125s][info][gc,phases   ] GC(838)   Other: 0.2ms
[2024-05-30T11:56:49.706+0000][4949.125s][info][gc,heap     ] GC(838) Eden regions: 630->0(629)
[2024-05-30T11:56:49.706+0000][4949.125s][info][gc,heap     ] GC(838) Survivor regions: 19->19(82)
[2024-05-30T11:56:49.706+0000][4949.125s][info][gc,heap     ] GC(838) Old regions: 552->553
[2024-05-30T11:56:49.706+0000][4949.125s][info][gc,heap     ] GC(838) Archive regions: 2->2
[2024-05-30T11:56:49.706+0000][4949.125s][info][gc,heap     ] GC(838) Humongous regions: 6->6
[2024-05-30T11:56:49.706+0000][4949.125s][info][gc,metaspace] GC(838) Metaspace: 413741K(419776K)->413741K(419776K) NonClass: 361732K(365120K)->361732K(365120K) Class: 52009K(54656K)->52009K(54656K)
[2024-05-30T11:56:49.706+0000][4949.125s][info][gc          ] GC(838) Pause Young (Normal) (G1 Evacuation Pause) 9657M->4623M(12288M) 50.354ms
[2024-05-30T11:56:49.706+0000][4949.125s][info][gc,cpu      ] GC(838) User=0.30s Sys=0.00s Real=0.05s
[2024-05-30T11:56:53.616+0000][4953.035s][info][gc,start    ] GC(839) Pause Young (Normal) (G1 Evacuation Pause)
[2024-05-30T11:56:53.616+0000][4953.035s][info][gc,task     ] GC(839) Using 6 workers of 6 for evacuation
[2024-05-30T11:56:53.671+0000][4953.090s][info][gc,phases   ] GC(839)   Pre Evacuate Collection Set: 0.2ms
[2024-05-30T11:56:53.671+0000][4953.090s][info][gc,phases   ] GC(839)   Merge Heap Roots: 0.3ms
[2024-05-30T11:56:53.671+0000][4953.090s][info][gc,phases   ] GC(839)   Evacuate Collection Set: 51.7ms
[2024-05-30T11:56:53.671+0000][4953.090s][info][gc,phases   ] GC(839)   Post Evacuate Collection Set: 2.7ms
[2024-05-30T11:56:53.671+0000][4953.090s][info][gc,phases   ] GC(839)   Other: 0.2ms
[2024-05-30T11:56:53.671+0000][4953.090s][info][gc,heap     ] GC(839) Eden regions: 629->0(622)
[2024-05-30T11:56:53.671+0000][4953.090s][info][gc,heap     ] GC(839) Survivor regions: 19->22(81)
[2024-05-30T11:56:53.671+0000][4953.090s][info][gc,heap     ] GC(839) Old regions: 553->554
[2024-05-30T11:56:53.671+0000][4953.090s][info][gc,heap     ] GC(839) Archive regions: 2->2
[2024-05-30T11:56:53.671+0000][4953.090s][info][gc,heap     ] GC(839) Humongous regions: 6->6
[2024-05-30T11:56:53.671+0000][4953.090s][info][gc,metaspace] GC(839) Metaspace: 413746K(419776K)->413746K(419776K) NonClass: 361737K(365120K)->361737K(365120K) Class: 52009K(54656K)->52009K(54656K)
[2024-05-30T11:56:53.671+0000][4953.090s][info][gc          ] GC(839) Pause Young (Normal) (G1 Evacuation Pause) 9655M->4649M(12288M) 55.153ms
[2024-05-30T11:56:53.671+0000][4953.090s][info][gc,cpu      ] GC(839) User=0.32s Sys=0.00s Real=0.06s
[2024-05-30T11:56:59.124+0000][4958.544s][info][gc,start    ] GC(840) Pause Young (Normal) (G1 Evacuation Pause)
[2024-05-30T11:56:59.124+0000][4958.544s][info][gc,task     ] GC(840) Using 6 workers of 6 for evacuation
[2024-05-30T11:56:59.178+0000][4958.597s][info][gc,phases   ] GC(840)   Pre Evacuate Collection Set: 0.2ms
[2024-05-30T11:56:59.178+0000][4958.597s][info][gc,phases   ] GC(840)   Merge Heap Roots: 0.2ms
[2024-05-30T11:56:59.178+0000][4958.597s][info][gc,phases   ] GC(840)   Evacuate Collection Set: 50.9ms
[2024-05-30T11:56:59.178+0000][4958.597s][info][gc,phases   ] GC(840)   Post Evacuate Collection Set: 2.2ms
[2024-05-30T11:56:59.178+0000][4958.597s][info][gc,phases   ] GC(840)   Other: 0.2ms
[2024-05-30T11:56:59.178+0000][4958.597s][info][gc,heap     ] GC(840) Eden regions: 622->0(624)
[2024-05-30T11:56:59.178+0000][4958.597s][info][gc,heap     ] GC(840) Survivor regions: 22->21(81)
[2024-05-30T11:56:59.178+0000][4958.597s][info][gc,heap     ] GC(840) Old regions: 554->554
[2024-05-30T11:56:59.178+0000][4958.597s][info][gc,heap     ] GC(840) Archive regions: 2->2
[2024-05-30T11:56:59.178+0000][4958.597s][info][gc,heap     ] GC(840) Humongous regions: 6->6
[2024-05-30T11:56:59.178+0000][4958.597s][info][gc,metaspace] GC(840) Metaspace: 413747K(419776K)->413747K(419776K) NonClass: 361738K(365120K)->361738K(365120K) Class: 52009K(54656K)->52009K(54656K)
[2024-05-30T11:56:59.178+0000][4958.597s][info][gc          ] GC(840) Pause Young (Normal) (G1 Evacuation Pause) 9625M->4647M(12288M) 53.684ms
[2024-05-30T11:56:59.178+0000][4958.597s][info][gc,cpu      ] GC(840) User=0.31s Sys=0.00s Real=0.06s
[2024-05-30T11:57:06.011+0000][4965.431s][info][gc,start    ] GC(841) Pause Young (Normal) (G1 Evacuation Pause)
[2024-05-30T11:57:06.011+0000][4965.431s][info][gc,task     ] GC(841) Using 6 workers of 6 for evacuation
[2024-05-30T11:57:06.065+0000][4965.485s][info][gc,phases   ] GC(841)   Pre Evacuate Collection Set: 0.2ms
[2024-05-30T11:57:06.065+0000][4965.485s][info][gc,phases   ] GC(841)   Merge Heap Roots: 0.2ms
[2024-05-30T11:57:06.065+0000][4965.485s][info][gc,phases   ] GC(841)   Evacuate Collection Set: 51.3ms
[2024-05-30T11:57:06.066+0000][4965.485s][info][gc,phases   ] GC(841)   Post Evacuate Collection Set: 2.2ms
[2024-05-30T11:57:06.066+0000][4965.485s][info][gc,phases   ] GC(841)   Other: 0.2ms
[2024-05-30T11:57:06.066+0000][4965.485s][info][gc,heap     ] GC(841) Eden regions: 624->0(624)
[2024-05-30T11:57:06.066+0000][4965.485s][info][gc,heap     ] GC(841) Survivor regions: 21->21(81)
[2024-05-30T11:57:06.066+0000][4965.485s][info][gc,heap     ] GC(841) Old regions: 554->554
[2024-05-30T11:57:06.066+0000][4965.485s][info][gc,heap     ] GC(841) Archive regions: 2->2
[2024-05-30T11:57:06.066+0000][4965.485s][info][gc,heap     ] GC(841) Humongous regions: 6->6
[2024-05-30T11:57:06.066+0000][4965.485s][info][gc,metaspace] GC(841) Metaspace: 413747K(419776K)->413747K(419776K) NonClass: 361738K(365120K)->361738K(365120K) Class: 52009K(54656K)->52009K(54656K)
[2024-05-30T11:57:06.066+0000][4965.485s][info][gc          ] GC(841) Pause Young (Normal) (G1 Evacuation Pause) 9639M->4649M(12288M) 54.138ms
[2024-05-30T11:57:06.066+0000][4965.485s][info][gc,cpu      ] GC(841) User=0.32s Sys=0.00s Real=0.05s
[2024-05-30T11:57:10.115+0000][4969.534s][info][gc,start    ] GC(842) Pause Young (Normal) (G1 Evacuation Pause)
[2024-05-30T11:57:10.115+0000][4969.534s][info][gc,task     ] GC(842) Using 6 workers of 6 for evacuation
[2024-05-30T11:57:10.164+0000][4969.583s][info][gc,phases   ] GC(842)   Pre Evacuate Collection Set: 0.2ms
[2024-05-30T11:57:10.164+0000][4969.583s][info][gc,phases   ] GC(842)   Merge Heap Roots: 0.2ms
[2024-05-30T11:57:10.164+0000][4969.583s][info][gc,phases   ] GC(842)   Evacuate Collection Set: 46.5ms
[2024-05-30T11:57:10.164+0000][4969.583s][info][gc,phases   ] GC(842)   Post Evacuate Collection Set: 2.2ms
[2024-05-30T11:57:10.164+0000][4969.583s][info][gc,phases   ] GC(842)   Other: 0.2ms
[2024-05-30T11:57:10.164+0000][4969.583s][info][gc,heap     ] GC(842) Eden regions: 624->0(622)
[2024-05-30T11:57:10.164+0000][4969.583s][info][gc,heap     ] GC(842) Survivor regions: 21->22(81)
[2024-05-30T11:57:10.164+0000][4969.583s][info][gc,heap     ] GC(842) Old regions: 554->554
[2024-05-30T11:57:10.164+0000][4969.583s][info][gc,heap     ] GC(842) Archive regions: 2->2
[2024-05-30T11:57:10.164+0000][4969.583s][info][gc,heap     ] GC(842) Humongous regions: 6->6
[2024-05-30T11:57:10.164+0000][4969.583s][info][gc,metaspace] GC(842) Metaspace: 413747K(419776K)->413747K(419776K) NonClass: 361738K(365120K)->361738K(365120K) Class: 52009K(54656K)->52009K(54656K)
[2024-05-30T11:57:10.164+0000][4969.583s][info][gc          ] GC(842) Pause Young (Normal) (G1 Evacuation Pause) 9641M->4659M(12288M) 49.412ms
[2024-05-30T11:57:10.164+0000][4969.583s][info][gc,cpu      ] GC(842) User=0.29s Sys=0.00s Real=0.05s
[2024-05-30T11:57:14.567+0000][4973.986s][info][gc,start    ] GC(843) Pause Young (Normal) (G1 Evacuation Pause)
[2024-05-30T11:57:14.567+0000][4973.986s][info][gc,task     ] GC(843) Using 6 workers of 6 for evacuation
[2024-05-30T11:57:14.619+0000][4974.038s][info][gc,phases   ] GC(843)   Pre Evacuate Collection Set: 0.2ms
[2024-05-30T11:57:14.619+0000][4974.038s][info][gc,phases   ] GC(843)   Merge Heap Roots: 0.2ms
[2024-05-30T11:57:14.619+0000][4974.038s][info][gc,phases   ] GC(843)   Evacuate Collection Set: 49.2ms
[2024-05-30T11:57:14.619+0000][4974.038s][info][gc,phases   ] GC(843)   Post Evacuate Collection Set: 2.2ms
[2024-05-30T11:57:14.619+0000][4974.038s][info][gc,phases   ] GC(843)   Other: 0.2ms
[2024-05-30T11:57:14.619+0000][4974.038s][info][gc,heap     ] GC(843) Eden regions: 622->0(621)
[2024-05-30T11:57:14.619+0000][4974.038s][info][gc,heap     ] GC(843) Survivor regions: 22->22(81)
[2024-05-30T11:57:14.619+0000][4974.038s][info][gc,heap     ] GC(843) Old regions: 554->555
[2024-05-30T11:57:14.619+0000][4974.038s][info][gc,heap     ] GC(843) Archive regions: 2->2
[2024-05-30T11:57:14.619+0000][4974.038s][info][gc,heap     ] GC(843) Humongous regions: 6->6
[2024-05-30T11:57:14.619+0000][4974.038s][info][gc,metaspace] GC(843) Metaspace: 413747K(419776K)->413747K(419776K) NonClass: 361738K(365120K)->361738K(365120K) Class: 52009K(54656K)->52009K(54656K)
[2024-05-30T11:57:14.619+0000][4974.038s][info][gc          ] GC(843) Pause Young (Normal) (G1 Evacuation Pause) 9635M->4660M(12288M) 52.116ms
[2024-05-30T11:57:14.619+0000][4974.038s][info][gc,cpu      ] GC(843) User=0.30s Sys=0.01s Real=0.06s
[2024-05-30T11:57:19.839+0000][4979.259s][info][gc,start    ] GC(844) Pause Young (Normal) (G1 Evacuation Pause)
[2024-05-30T11:57:19.839+0000][4979.259s][info][gc,task     ] GC(844) Using 6 workers of 6 for evacuation
[2024-05-30T11:57:19.891+0000][4979.310s][info][gc,phases   ] GC(844)   Pre Evacuate Collection Set: 0.2ms
[2024-05-30T11:57:19.891+0000][4979.310s][info][gc,phases   ] GC(844)   Merge Heap Roots: 0.2ms
[2024-05-30T11:57:19.891+0000][4979.310s][info][gc,phases   ] GC(844)   Evacuate Collection Set: 48.6ms
[2024-05-30T11:57:19.891+0000][4979.310s][info][gc,phases   ] GC(844)   Post Evacuate Collection Set: 2.2ms
[2024-05-30T11:57:19.891+0000][4979.310s][info][gc,phases   ] GC(844)   Other: 0.2ms
[2024-05-30T11:57:19.891+0000][4979.310s][info][gc,heap     ] GC(844) Eden regions: 621->0(624)
[2024-05-30T11:57:19.891+0000][4979.310s][info][gc,heap     ] GC(844) Survivor regions: 22->20(81)
[2024-05-30T11:57:19.891+0000][4979.310s][info][gc,heap     ] GC(844) Old regions: 555->556
[2024-05-30T11:57:19.891+0000][4979.310s][info][gc,heap     ] GC(844) Archive regions: 2->2
[2024-05-30T11:57:19.891+0000][4979.310s][info][gc,heap     ] GC(844) Humongous regions: 6->6
[2024-05-30T11:57:19.891+0000][4979.310s][info][gc,metaspace] GC(844) Metaspace: 413747K(419776K)->413747K(419776K) NonClass: 361738K(365120K)->361738K(365120K) Class: 52009K(54656K)->52009K(54656K)
[2024-05-30T11:57:19.891+0000][4979.310s][info][gc          ] GC(844) Pause Young (Normal) (G1 Evacuation Pause) 9628M->4651M(12288M) 51.469ms
[2024-05-30T11:57:19.891+0000][4979.310s][info][gc,cpu      ] GC(844) User=0.31s Sys=0.00s Real=0.05s
[2024-05-30T11:57:23.774+0000][4983.193s][info][gc,start    ] GC(845) Pause Young (Normal) (G1 Evacuation Pause)
[2024-05-30T11:57:23.774+0000][4983.193s][info][gc,task     ] GC(845) Using 6 workers of 6 for evacuation
[2024-05-30T11:57:23.825+0000][4983.244s][info][gc,phases   ] GC(845)   Pre Evacuate Collection Set: 0.2ms
[2024-05-30T11:57:23.825+0000][4983.244s][info][gc,phases   ] GC(845)   Merge Heap Roots: 0.3ms
[2024-05-30T11:57:23.825+0000][4983.244s][info][gc,phases   ] GC(845)   Evacuate Collection Set: 48.3ms
[2024-05-30T11:57:23.825+0000][4983.244s][info][gc,phases   ] GC(845)   Post Evacuate Collection Set: 2.4ms
[2024-05-30T11:57:23.825+0000][4983.244s][info][gc,phases   ] GC(845)   Other: 0.2ms
[2024-05-30T11:57:23.825+0000][4983.244s][info][gc,heap     ] GC(845) Eden regions: 624->0(624)
[2024-05-30T11:57:23.825+0000][4983.244s][info][gc,heap     ] GC(845) Survivor regions: 20->20(81)
[2024-05-30T11:57:23.825+0000][4983.244s][info][gc,heap     ] GC(845) Old regions: 556->556
[2024-05-30T11:57:23.825+0000][4983.244s][info][gc,heap     ] GC(845) Archive regions: 2->2
[2024-05-30T11:57:23.825+0000][4983.244s][info][gc,heap     ] GC(845) Humongous regions: 6->6
[2024-05-30T11:57:23.825+0000][4983.244s][info][gc,metaspace] GC(845) Metaspace: 413749K(419776K)->413749K(419776K) NonClass: 361739K(365120K)->361739K(365120K) Class: 52009K(54656K)->52009K(54656K)
[2024-05-30T11:57:23.825+0000][4983.245s][info][gc          ] GC(845) Pause Young (Normal) (G1 Evacuation Pause) 9643M->4658M(12288M) 51.401ms
[2024-05-30T11:57:23.825+0000][4983.245s][info][gc,cpu      ] GC(845) User=0.30s Sys=0.00s Real=0.05s
[2024-05-30T11:57:27.344+0000][4986.763s][info][gc,start    ] GC(846) Pause Young (Normal) (G1 Evacuation Pause)
[2024-05-30T11:57:27.344+0000][4986.763s][info][gc,task     ] GC(846) Using 6 workers of 6 for evacuation
[2024-05-30T11:57:27.417+0000][4986.836s][info][gc,phases   ] GC(846)   Pre Evacuate Collection Set: 0.2ms
[2024-05-30T11:57:27.417+0000][4986.837s][info][gc,phases   ] GC(846)   Merge Heap Roots: 0.3ms
[2024-05-30T11:57:27.417+0000][4986.837s][info][gc,phases   ] GC(846)   Evacuate Collection Set: 65.4ms
[2024-05-30T11:57:27.417+0000][4986.837s][info][gc,phases   ] GC(846)   Post Evacuate Collection Set: 7.2ms
[2024-05-30T11:57:27.417+0000][4986.837s][info][gc,phases   ] GC(846)   Other: 0.2ms
[2024-05-30T11:57:27.417+0000][4986.837s][info][gc,heap     ] GC(846) Eden regions: 624->0(619)
[2024-05-30T11:57:27.417+0000][4986.837s][info][gc,heap     ] GC(846) Survivor regions: 20->22(81)
[2024-05-30T11:57:27.417+0000][4986.837s][info][gc,heap     ] GC(846) Old regions: 556->557
[2024-05-30T11:57:27.417+0000][4986.837s][info][gc,heap     ] GC(846) Archive regions: 2->2
[2024-05-30T11:57:27.417+0000][4986.837s][info][gc,heap     ] GC(846) Humongous regions: 6->6
[2024-05-30T11:57:27.417+0000][4986.837s][info][gc,metaspace] GC(846) Metaspace: 413751K(419776K)->413751K(419776K) NonClass: 361742K(365120K)->361742K(365120K) Class: 52009K(54656K)->52009K(54656K)
[2024-05-30T11:57:27.417+0000][4986.837s][info][gc          ] GC(846) Pause Young (Normal) (G1 Evacuation Pause) 9650M->4678M(12288M) 73.345ms
[2024-05-30T11:57:27.417+0000][4986.837s][info][gc,cpu      ] GC(846) User=0.43s Sys=0.00s Real=0.08s
[2024-05-30T11:57:29.037+0000][4988.456s][info][gc,start    ] GC(847) Pause Young (Normal) (G1 Evacuation Pause)
[2024-05-30T11:57:29.037+0000][4988.456s][info][gc,task     ] GC(847) Using 6 workers of 6 for evacuation
[2024-05-30T11:57:29.125+0000][4988.545s][info][gc,phases   ] GC(847)   Pre Evacuate Collection Set: 0.2ms
[2024-05-30T11:57:29.126+0000][4988.545s][info][gc,phases   ] GC(847)   Merge Heap Roots: 0.2ms
[2024-05-30T11:57:29.126+0000][4988.545s][info][gc,phases   ] GC(847)   Evacuate Collection Set: 74.9ms
[2024-05-30T11:57:29.126+0000][4988.545s][info][gc,phases   ] GC(847)   Post Evacuate Collection Set: 13.3ms
[2024-05-30T11:57:29.126+0000][4988.545s][info][gc,phases   ] GC(847)   Other: 0.2ms
[2024-05-30T11:57:29.126+0000][4988.545s][info][gc,heap     ] GC(847) Eden regions: 619->0(616)
[2024-05-30T11:57:29.126+0000][4988.545s][info][gc,heap     ] GC(847) Survivor regions: 22->23(81)
[2024-05-30T11:57:29.126+0000][4988.545s][info][gc,heap     ] GC(847) Old regions: 557->558
[2024-05-30T11:57:29.126+0000][4988.545s][info][gc,heap     ] GC(847) Archive regions: 2->2
[2024-05-30T11:57:29.126+0000][4988.545s][info][gc,heap     ] GC(847) Humongous regions: 6->6
[2024-05-30T11:57:29.126+0000][4988.545s][info][gc,metaspace] GC(847) Metaspace: 413756K(419776K)->413756K(419776K) NonClass: 361746K(365120K)->361746K(365120K) Class: 52009K(54656K)->52009K(54656K)
[2024-05-30T11:57:29.126+0000][4988.545s][info][gc          ] GC(847) Pause Young (Normal) (G1 Evacuation Pause) 9630M->4692M(12288M) 88.883ms
[2024-05-30T11:57:29.126+0000][4988.545s][info][gc,cpu      ] GC(847) User=0.52s Sys=0.00s Real=0.08s
[2024-05-30T11:57:30.684+0000][4990.103s][info][gc,start    ] GC(848) Pause Young (Normal) (G1 Evacuation Pause)
[2024-05-30T11:57:30.684+0000][4990.103s][info][gc,task     ] GC(848) Using 6 workers of 6 for evacuation
[2024-05-30T11:57:30.772+0000][4990.191s][info][gc,phases   ] GC(848)   Pre Evacuate Collection Set: 0.2ms
[2024-05-30T11:57:30.772+0000][4990.191s][info][gc,phases   ] GC(848)   Merge Heap Roots: 0.2ms
[2024-05-30T11:57:30.772+0000][4990.191s][info][gc,phases   ] GC(848)   Evacuate Collection Set: 74.7ms
[2024-05-30T11:57:30.772+0000][4990.191s][info][gc,phases   ] GC(848)   Post Evacuate Collection Set: 13.0ms
[2024-05-30T11:57:30.772+0000][4990.191s][info][gc,phases   ] GC(848)   Other: 0.2ms
[2024-05-30T11:57:30.772+0000][4990.191s][info][gc,heap     ] GC(848) Eden regions: 616->0(613)
[2024-05-30T11:57:30.772+0000][4990.191s][info][gc,heap     ] GC(848) Survivor regions: 23->24(80)
[2024-05-30T11:57:30.772+0000][4990.191s][info][gc,heap     ] GC(848) Old regions: 558->559
[2024-05-30T11:57:30.772+0000][4990.191s][info][gc,heap     ] GC(848) Archive regions: 2->2
[2024-05-30T11:57:30.772+0000][4990.191s][info][gc,heap     ] GC(848) Humongous regions: 6->6
[2024-05-30T11:57:30.772+0000][4990.191s][info][gc,metaspace] GC(848) Metaspace: 413756K(419776K)->413756K(419776K) NonClass: 361746K(365120K)->361746K(365120K) Class: 52009K(54656K)->52009K(54656K)
[2024-05-30T11:57:30.772+0000][4990.191s][info][gc          ] GC(848) Pause Young (Normal) (G1 Evacuation Pause) 9620M->4707M(12288M) 88.455ms
[2024-05-30T11:57:30.772+0000][4990.191s][info][gc,cpu      ] GC(848) User=0.51s Sys=0.00s Real=0.09s
[2024-05-30T11:57:32.403+0000][4991.823s][info][gc,start    ] GC(849) Pause Young (Normal) (G1 Evacuation Pause)
[2024-05-30T11:57:32.403+0000][4991.823s][info][gc,task     ] GC(849) Using 6 workers of 6 for evacuation
[2024-05-30T11:57:32.485+0000][4991.904s][info][gc,phases   ] GC(849)   Pre Evacuate Collection Set: 0.2ms
[2024-05-30T11:57:32.485+0000][4991.904s][info][gc,phases   ] GC(849)   Merge Heap Roots: 0.3ms
[2024-05-30T11:57:32.485+0000][4991.904s][info][gc,phases   ] GC(849)   Evacuate Collection Set: 72.4ms
[2024-05-30T11:57:32.485+0000][4991.904s][info][gc,phases   ] GC(849)   Post Evacuate Collection Set: 8.3ms
[2024-05-30T11:57:32.485+0000][4991.904s][info][gc,phases   ] GC(849)   Other: 0.2ms
[2024-05-30T11:57:32.485+0000][4991.904s][info][gc,heap     ] GC(849) Eden regions: 613->0(612)
[2024-05-30T11:57:32.485+0000][4991.904s][info][gc,heap     ] GC(849) Survivor regions: 24->24(80)
[2024-05-30T11:57:32.485+0000][4991.904s][info][gc,heap     ] GC(849) Old regions: 559->560
[2024-05-30T11:57:32.485+0000][4991.904s][info][gc,heap     ] GC(849) Archive regions: 2->2
[2024-05-30T11:57:32.485+0000][4991.904s][info][gc,heap     ] GC(849) Humongous regions: 6->6
[2024-05-30T11:57:32.485+0000][4991.904s][info][gc,metaspace] GC(849) Metaspace: 413756K(419776K)->413756K(419776K) NonClass: 361746K(365120K)->361746K(365120K) Class: 52009K(54656K)->52009K(54656K)
[2024-05-30T11:57:32.485+0000][4991.904s][info][gc          ] GC(849) Pause Young (Normal) (G1 Evacuation Pause) 9611M->4719M(12288M) 81.413ms
[2024-05-30T11:57:32.485+0000][4991.904s][info][gc,cpu      ] GC(849) User=0.48s Sys=0.01s Real=0.08s
[2024-05-30T11:57:34.196+0000][4993.615s][info][gc,start    ] GC(850) Pause Young (Normal) (G1 Evacuation Pause)
[2024-05-30T11:57:34.196+0000][4993.615s][info][gc,task     ] GC(850) Using 6 workers of 6 for evacuation
[2024-05-30T11:57:34.309+0000][4993.728s][info][gc,phases   ] GC(850)   Pre Evacuate Collection Set: 0.2ms
[2024-05-30T11:57:34.309+0000][4993.728s][info][gc,phases   ] GC(850)   Merge Heap Roots: 0.3ms
[2024-05-30T11:57:34.309+0000][4993.728s][info][gc,phases   ] GC(850)   Evacuate Collection Set: 96.5ms
[2024-05-30T11:57:34.309+0000][4993.728s][info][gc,phases   ] GC(850)   Post Evacuate Collection Set: 15.6ms
[2024-05-30T11:57:34.309+0000][4993.728s][info][gc,phases   ] GC(850)   Other: 0.2ms
[2024-05-30T11:57:34.309+0000][4993.728s][info][gc,heap     ] GC(850) Eden regions: 612->0(605)
[2024-05-30T11:57:34.309+0000][4993.728s][info][gc,heap     ] GC(850) Survivor regions: 24->27(80)
[2024-05-30T11:57:34.309+0000][4993.728s][info][gc,heap     ] GC(850) Old regions: 560->561
[2024-05-30T11:57:34.309+0000][4993.728s][info][gc,heap     ] GC(850) Archive regions: 2->2
[2024-05-30T11:57:34.309+0000][4993.728s][info][gc,heap     ] GC(850) Humongous regions: 6->6
[2024-05-30T11:57:34.309+0000][4993.728s][info][gc,metaspace] GC(850) Metaspace: 413757K(419776K)->413757K(419776K) NonClass: 361748K(365120K)->361748K(365120K) Class: 52009K(54656K)->52009K(54656K)
[2024-05-30T11:57:34.309+0000][4993.728s][info][gc          ] GC(850) Pause Young (Normal) (G1 Evacuation Pause) 9615M->4751M(12288M) 112.884ms
[2024-05-30T11:57:34.309+0000][4993.728s][info][gc,cpu      ] GC(850) User=0.67s Sys=0.00s Real=0.12s
[2024-05-30T11:57:36.241+0000][4995.661s][info][gc,start    ] GC(851) Pause Young (Normal) (G1 Evacuation Pause)
[2024-05-30T11:57:36.241+0000][4995.661s][info][gc,task     ] GC(851) Using 6 workers of 6 for evacuation
[2024-05-30T11:57:36.365+0000][4995.785s][info][gc,phases   ] GC(851)   Pre Evacuate Collection Set: 0.2ms
[2024-05-30T11:57:36.365+0000][4995.785s][info][gc,phases   ] GC(851)   Merge Heap Roots: 0.3ms
[2024-05-30T11:57:36.365+0000][4995.785s][info][gc,phases   ] GC(851)   Evacuate Collection Set: 106.4ms
[2024-05-30T11:57:36.365+0000][4995.785s][info][gc,phases   ] GC(851)   Post Evacuate Collection Set: 17.0ms
[2024-05-30T11:57:36.365+0000][4995.785s][info][gc,phases   ] GC(851)   Other: 0.2ms
[2024-05-30T11:57:36.365+0000][4995.785s][info][gc,heap     ] GC(851) Eden regions: 605->0(598)
[2024-05-30T11:57:36.365+0000][4995.785s][info][gc,heap     ] GC(851) Survivor regions: 27->30(79)
[2024-05-30T11:57:36.365+0000][4995.785s][info][gc,heap     ] GC(851) Old regions: 561->562
[2024-05-30T11:57:36.365+0000][4995.785s][info][gc,heap     ] GC(851) Archive regions: 2->2
[2024-05-30T11:57:36.365+0000][4995.785s][info][gc,heap     ] GC(851) Humongous regions: 6->6
[2024-05-30T11:57:36.365+0000][4995.785s][info][gc,metaspace] GC(851) Metaspace: 413757K(419776K)->413757K(419776K) NonClass: 361748K(365120K)->361748K(365120K) Class: 52009K(54656K)->52009K(54656K)
[2024-05-30T11:57:36.365+0000][4995.785s][info][gc          ] GC(851) Pause Young (Normal) (G1 Evacuation Pause) 9591M->4778M(12288M) 124.121ms
[2024-05-30T11:57:36.365+0000][4995.785s][info][gc,cpu      ] GC(851) User=0.73s Sys=0.00s Real=0.12s
[2024-05-30T11:57:38.284+0000][4997.703s][info][gc,start    ] GC(852) Pause Young (Normal) (G1 Evacuation Pause)
[2024-05-30T11:57:38.284+0000][4997.703s][info][gc,task     ] GC(852) Using 6 workers of 6 for evacuation
[2024-05-30T11:57:38.413+0000][4997.832s][info][gc,phases   ] GC(852)   Pre Evacuate Collection Set: 0.2ms
[2024-05-30T11:57:38.413+0000][4997.832s][info][gc,phases   ] GC(852)   Merge Heap Roots: 0.3ms
[2024-05-30T11:57:38.413+0000][4997.832s][info][gc,phases   ] GC(852)   Evacuate Collection Set: 111.2ms
[2024-05-30T11:57:38.413+0000][4997.832s][info][gc,phases   ] GC(852)   Post Evacuate Collection Set: 16.8ms
[2024-05-30T11:57:38.413+0000][4997.832s][info][gc,phases   ] GC(852)   Other: 0.2ms
[2024-05-30T11:57:38.413+0000][4997.832s][info][gc,heap     ] GC(852) Eden regions: 598->0(596)
[2024-05-30T11:57:38.413+0000][4997.832s][info][gc,heap     ] GC(852) Survivor regions: 30->31(79)
[2024-05-30T11:57:38.413+0000][4997.832s][info][gc,heap     ] GC(852) Old regions: 562->562
[2024-05-30T11:57:38.413+0000][4997.832s][info][gc,heap     ] GC(852) Archive regions: 2->2
[2024-05-30T11:57:38.413+0000][4997.832s][info][gc,heap     ] GC(852) Humongous regions: 6->6
[2024-05-30T11:57:38.413+0000][4997.832s][info][gc,metaspace] GC(852) Metaspace: 413757K(419776K)->413757K(419776K) NonClass: 361748K(365120K)->361748K(365120K) Class: 52009K(54656K)->52009K(54656K)
[2024-05-30T11:57:38.413+0000][4997.832s][info][gc          ] GC(852) Pause Young (Normal) (G1 Evacuation Pause) 9562M->4796M(12288M) 128.799ms
[2024-05-30T11:57:38.413+0000][4997.832s][info][gc,cpu      ] GC(852) User=0.76s Sys=0.00s Real=0.13s
[2024-05-30T11:57:40.113+0000][4999.532s][info][gc,start    ] GC(853) Pause Young (Normal) (G1 Evacuation Pause)
[2024-05-30T11:57:40.113+0000][4999.532s][info][gc,task     ] GC(853) Using 6 workers of 6 for evacuation
[2024-05-30T11:57:40.247+0000][4999.666s][info][gc,phases   ] GC(853)   Pre Evacuate Collection Set: 0.2ms
[2024-05-30T11:57:40.247+0000][4999.666s][info][gc,phases   ] GC(853)   Merge Heap Roots: 0.3ms
[2024-05-30T11:57:40.247+0000][4999.666s][info][gc,phases   ] GC(853)   Evacuate Collection Set: 118.8ms
[2024-05-30T11:57:40.247+0000][4999.666s][info][gc,phases   ] GC(853)   Post Evacuate Collection Set: 14.4ms
[2024-05-30T11:57:40.247+0000][4999.666s][info][gc,phases   ] GC(853)   Other: 0.2ms
[2024-05-30T11:57:40.247+0000][4999.666s][info][gc,heap     ] GC(853) Eden regions: 596->0(593)
[2024-05-30T11:57:40.247+0000][4999.666s][info][gc,heap     ] GC(853) Survivor regions: 31->32(79)
[2024-05-30T11:57:40.247+0000][4999.666s][info][gc,heap     ] GC(853) Old regions: 562->563
[2024-05-30T11:57:40.247+0000][4999.666s][info][gc,heap     ] GC(853) Archive regions: 2->2
[2024-05-30T11:57:40.247+0000][4999.666s][info][gc,heap     ] GC(853) Humongous regions: 6->6
[2024-05-30T11:57:40.247+0000][4999.666s][info][gc,metaspace] GC(853) Metaspace: 413757K(419776K)->413757K(419776K) NonClass: 361748K(365120K)->361748K(365120K) Class: 52009K(54656K)->52009K(54656K)
[2024-05-30T11:57:40.247+0000][4999.666s][info][gc          ] GC(853) Pause Young (Normal) (G1 Evacuation Pause) 9564M->4810M(12288M) 133.893ms
[2024-05-30T11:57:40.247+0000][4999.666s][info][gc,cpu      ] GC(853) User=0.79s Sys=0.01s Real=0.13s
[2024-05-30T11:57:41.945+0000][5001.364s][info][gc,start    ] GC(854) Pause Young (Normal) (G1 Evacuation Pause)
[2024-05-30T11:57:41.945+0000][5001.364s][info][gc,task     ] GC(854) Using 6 workers of 6 for evacuation
[2024-05-30T11:57:42.074+0000][5001.494s][info][gc,phases   ] GC(854)   Pre Evacuate Collection Set: 0.2ms
[2024-05-30T11:57:42.074+0000][5001.494s][info][gc,phases   ] GC(854)   Merge Heap Roots: 0.3ms
[2024-05-30T11:57:42.074+0000][5001.494s][info][gc,phases   ] GC(854)   Evacuate Collection Set: 113.8ms
[2024-05-30T11:57:42.074+0000][5001.494s][info][gc,phases   ] GC(854)   Post Evacuate Collection Set: 15.3ms
[2024-05-30T11:57:42.075+0000][5001.494s][info][gc,phases   ] GC(854)   Other: 0.2ms
[2024-05-30T11:57:42.075+0000][5001.494s][info][gc,heap     ] GC(854) Eden regions: 593->0(589)
[2024-05-30T11:57:42.075+0000][5001.494s][info][gc,heap     ] GC(854) Survivor regions: 32->33(79)
[2024-05-30T11:57:42.075+0000][5001.494s][info][gc,heap     ] GC(854) Old regions: 563->565
[2024-05-30T11:57:42.075+0000][5001.494s][info][gc,heap     ] GC(854) Archive regions: 2->2
[2024-05-30T11:57:42.075+0000][5001.494s][info][gc,heap     ] GC(854) Humongous regions: 6->6
[2024-05-30T11:57:42.075+0000][5001.494s][info][gc,metaspace] GC(854) Metaspace: 413757K(419776K)->413757K(419776K) NonClass: 361748K(365120K)->361748K(365120K) Class: 52009K(54656K)->52009K(54656K)
[2024-05-30T11:57:42.075+0000][5001.494s][info][gc          ] GC(854) Pause Young (Normal) (G1 Evacuation Pause) 9554M->4832M(12288M) 129.923ms
[2024-05-30T11:57:42.075+0000][5001.494s][info][gc,cpu      ] GC(854) User=0.76s Sys=0.00s Real=0.13s
[2024-05-30T11:57:43.553+0000][5002.973s][info][gc,start    ] GC(855) Pause Young (Normal) (G1 Evacuation Pause)
[2024-05-30T11:57:43.553+0000][5002.973s][info][gc,task     ] GC(855) Using 6 workers of 6 for evacuation
[2024-05-30T11:57:43.694+0000][5003.113s][info][gc,phases   ] GC(855)   Pre Evacuate Collection Set: 0.2ms
[2024-05-30T11:57:43.694+0000][5003.113s][info][gc,phases   ] GC(855)   Merge Heap Roots: 0.3ms
[2024-05-30T11:57:43.694+0000][5003.113s][info][gc,phases   ] GC(855)   Evacuate Collection Set: 125.2ms
[2024-05-30T11:57:43.694+0000][5003.113s][info][gc,phases   ] GC(855)   Post Evacuate Collection Set: 14.5ms
[2024-05-30T11:57:43.694+0000][5003.113s][info][gc,phases   ] GC(855)   Other: 0.2ms
[2024-05-30T11:57:43.694+0000][5003.113s][info][gc,heap     ] GC(855) Eden regions: 589->0(588)
[2024-05-30T11:57:43.694+0000][5003.113s][info][gc,heap     ] GC(855) Survivor regions: 33->33(78)
[2024-05-30T11:57:43.694+0000][5003.113s][info][gc,heap     ] GC(855) Old regions: 565->566
[2024-05-30T11:57:43.694+0000][5003.113s][info][gc,heap     ] GC(855) Archive regions: 2->2
[2024-05-30T11:57:43.694+0000][5003.113s][info][gc,heap     ] GC(855) Humongous regions: 6->6
[2024-05-30T11:57:43.694+0000][5003.113s][info][gc,metaspace] GC(855) Metaspace: 413757K(419776K)->413757K(419776K) NonClass: 361748K(365120K)->361748K(365120K) Class: 52009K(54656K)->52009K(54656K)
[2024-05-30T11:57:43.694+0000][5003.113s][info][gc          ] GC(855) Pause Young (Normal) (G1 Evacuation Pause) 9544M->4840M(12288M) 140.519ms
[2024-05-30T11:57:43.694+0000][5003.113s][info][gc,cpu      ] GC(855) User=0.83s Sys=0.00s Real=0.14s
[2024-05-30T11:57:45.290+0000][5004.709s][info][gc,start    ] GC(856) Pause Young (Normal) (G1 Evacuation Pause)
[2024-05-30T11:57:45.290+0000][5004.709s][info][gc,task     ] GC(856) Using 6 workers of 6 for evacuation
[2024-05-30T11:57:45.432+0000][5004.852s][info][gc,phases   ] GC(856)   Pre Evacuate Collection Set: 0.2ms
[2024-05-30T11:57:45.432+0000][5004.852s][info][gc,phases   ] GC(856)   Merge Heap Roots: 0.4ms
[2024-05-30T11:57:45.432+0000][5004.852s][info][gc,phases   ] GC(856)   Evacuate Collection Set: 125.7ms
[2024-05-30T11:57:45.432+0000][5004.852s][info][gc,phases   ] GC(856)   Post Evacuate Collection Set: 15.9ms
[2024-05-30T11:57:45.432+0000][5004.852s][info][gc,phases   ] GC(856)   Other: 0.2ms
[2024-05-30T11:57:45.432+0000][5004.852s][info][gc,heap     ] GC(856) Eden regions: 588->0(585)
[2024-05-30T11:57:45.432+0000][5004.852s][info][gc,heap     ] GC(856) Survivor regions: 33->34(78)
[2024-05-30T11:57:45.432+0000][5004.852s][info][gc,heap     ] GC(856) Old regions: 566->567
[2024-05-30T11:57:45.432+0000][5004.852s][info][gc,heap     ] GC(856) Archive regions: 2->2
[2024-05-30T11:57:45.432+0000][5004.852s][info][gc,heap     ] GC(856) Humongous regions: 6->6
[2024-05-30T11:57:45.432+0000][5004.852s][info][gc,metaspace] GC(856) Metaspace: 413757K(419776K)->413757K(419776K) NonClass: 361748K(365120K)->361748K(365120K) Class: 52009K(54656K)->52009K(54656K)
[2024-05-30T11:57:45.432+0000][5004.852s][info][gc          ] GC(856) Pause Young (Normal) (G1 Evacuation Pause) 9544M->4856M(12288M) 142.406ms
[2024-05-30T11:57:45.432+0000][5004.852s][info][gc,cpu      ] GC(856) User=0.83s Sys=0.00s Real=0.14s
[2024-05-30T11:57:46.963+0000][5006.382s][info][gc,start    ] GC(857) Pause Young (Normal) (G1 Evacuation Pause)
[2024-05-30T11:57:46.963+0000][5006.382s][info][gc,task     ] GC(857) Using 6 workers of 6 for evacuation
[2024-05-30T11:57:47.111+0000][5006.530s][info][gc,phases   ] GC(857)   Pre Evacuate Collection Set: 0.2ms
[2024-05-30T11:57:47.111+0000][5006.530s][info][gc,phases   ] GC(857)   Merge Heap Roots: 0.4ms
[2024-05-30T11:57:47.111+0000][5006.530s][info][gc,phases   ] GC(857)   Evacuate Collection Set: 131.7ms
[2024-05-30T11:57:47.111+0000][5006.530s][info][gc,phases   ] GC(857)   Post Evacuate Collection Set: 15.9ms
[2024-05-30T11:57:47.111+0000][5006.530s][info][gc,phases   ] GC(857)   Other: 0.2ms
[2024-05-30T11:57:47.111+0000][5006.530s][info][gc,heap     ] GC(857) Eden regions: 585->0(582)
[2024-05-30T11:57:47.111+0000][5006.530s][info][gc,heap     ] GC(857) Survivor regions: 34->35(78)
[2024-05-30T11:57:47.111+0000][5006.530s][info][gc,heap     ] GC(857) Old regions: 567->568
[2024-05-30T11:57:47.111+0000][5006.530s][info][gc,heap     ] GC(857) Archive regions: 2->2
[2024-05-30T11:57:47.111+0000][5006.530s][info][gc,heap     ] GC(857) Humongous regions: 6->6
[2024-05-30T11:57:47.111+0000][5006.530s][info][gc,metaspace] GC(857) Metaspace: 413757K(419776K)->413757K(419776K) NonClass: 361748K(365120K)->361748K(365120K) Class: 52009K(54656K)->52009K(54656K)
[2024-05-30T11:57:47.111+0000][5006.530s][info][gc          ] GC(857) Pause Young (Normal) (G1 Evacuation Pause) 9536M->4876M(12288M) 148.465ms
[2024-05-30T11:57:47.111+0000][5006.530s][info][gc,cpu      ] GC(857) User=0.88s Sys=0.00s Real=0.15s
[2024-05-30T11:57:48.646+0000][5008.065s][info][gc,start    ] GC(858) Pause Young (Normal) (G1 Evacuation Pause)
[2024-05-30T11:57:48.646+0000][5008.065s][info][gc,task     ] GC(858) Using 6 workers of 6 for evacuation
[2024-05-30T11:57:48.799+0000][5008.219s][info][gc,phases   ] GC(858)   Pre Evacuate Collection Set: 0.2ms
[2024-05-30T11:57:48.799+0000][5008.219s][info][gc,phases   ] GC(858)   Merge Heap Roots: 0.4ms
[2024-05-30T11:57:48.800+0000][5008.219s][info][gc,phases   ] GC(858)   Evacuate Collection Set: 137.1ms
[2024-05-30T11:57:48.800+0000][5008.219s][info][gc,phases   ] GC(858)   Post Evacuate Collection Set: 15.4ms
[2024-05-30T11:57:48.800+0000][5008.219s][info][gc,phases   ] GC(858)   Other: 0.2ms
[2024-05-30T11:57:48.800+0000][5008.219s][info][gc,heap     ] GC(858) Eden regions: 582->0(576)
[2024-05-30T11:57:48.800+0000][5008.219s][info][gc,heap     ] GC(858) Survivor regions: 35->37(78)
[2024-05-30T11:57:48.800+0000][5008.219s][info][gc,heap     ] GC(858) Old regions: 568->570
[2024-05-30T11:57:48.800+0000][5008.219s][info][gc,heap     ] GC(858) Archive regions: 2->2
[2024-05-30T11:57:48.800+0000][5008.219s][info][gc,heap     ] GC(858) Humongous regions: 6->6
[2024-05-30T11:57:48.800+0000][5008.219s][info][gc,metaspace] GC(858) Metaspace: 413757K(419776K)->413757K(419776K) NonClass: 361748K(365120K)->361748K(365120K) Class: 52009K(54656K)->52009K(54656K)
[2024-05-30T11:57:48.800+0000][5008.219s][info][gc          ] GC(858) Pause Young (Normal) (G1 Evacuation Pause) 9532M->4901M(12288M) 153.426ms
[2024-05-30T11:57:48.800+0000][5008.219s][info][gc,cpu      ] GC(858) User=0.91s Sys=0.00s Real=0.16s
[2024-05-30T11:57:52.017+0000][5011.436s][info][gc,start    ] GC(859) Pause Young (Normal) (G1 Evacuation Pause)
[2024-05-30T11:57:52.017+0000][5011.436s][info][gc,task     ] GC(859) Using 6 workers of 6 for evacuation
[2024-05-30T11:57:52.138+0000][5011.557s][info][gc,phases   ] GC(859)   Pre Evacuate Collection Set: 0.2ms
[2024-05-30T11:57:52.138+0000][5011.557s][info][gc,phases   ] GC(859)   Merge Heap Roots: 0.4ms
[2024-05-30T11:57:52.138+0000][5011.557s][info][gc,phases   ] GC(859)   Evacuate Collection Set: 114.2ms
[2024-05-30T11:57:52.138+0000][5011.557s][info][gc,phases   ] GC(859)   Post Evacuate Collection Set: 5.8ms
[2024-05-30T11:57:52.138+0000][5011.557s][info][gc,phases   ] GC(859)   Other: 0.2ms
[2024-05-30T11:57:52.138+0000][5011.557s][info][gc,heap     ] GC(859) Eden regions: 576->0(577)
[2024-05-30T11:57:52.138+0000][5011.557s][info][gc,heap     ] GC(859) Survivor regions: 37->36(77)
[2024-05-30T11:57:52.138+0000][5011.557s][info][gc,heap     ] GC(859) Old regions: 570->571
[2024-05-30T11:57:52.138+0000][5011.557s][info][gc,heap     ] GC(859) Archive regions: 2->2
[2024-05-30T11:57:52.138+0000][5011.557s][info][gc,heap     ] GC(859) Humongous regions: 6->6
[2024-05-30T11:57:52.138+0000][5011.557s][info][gc,metaspace] GC(859) Metaspace: 413758K(419776K)->413758K(419776K) NonClass: 361749K(365120K)->361749K(365120K) Class: 52009K(54656K)->52009K(54656K)
[2024-05-30T11:57:52.138+0000][5011.557s][info][gc          ] GC(859) Pause Young (Normal) (G1 Evacuation Pause) 9509M->4901M(12288M) 120.808ms
[2024-05-30T11:57:52.138+0000][5011.557s][info][gc,cpu      ] GC(859) User=0.72s Sys=0.00s Real=0.12s
[2024-05-30T11:57:56.339+0000][5015.758s][info][gc,start    ] GC(860) Pause Young (Normal) (G1 Evacuation Pause)
[2024-05-30T11:57:56.339+0000][5015.758s][info][gc,task     ] GC(860) Using 6 workers of 6 for evacuation
[2024-05-30T11:57:56.453+0000][5015.873s][info][gc,phases   ] GC(860)   Pre Evacuate Collection Set: 0.2ms
[2024-05-30T11:57:56.453+0000][5015.873s][info][gc,phases   ] GC(860)   Merge Heap Roots: 0.4ms
[2024-05-30T11:57:56.453+0000][5015.873s][info][gc,phases   ] GC(860)   Evacuate Collection Set: 111.2ms
[2024-05-30T11:57:56.453+0000][5015.873s][info][gc,phases   ] GC(860)   Post Evacuate Collection Set: 2.3ms
[2024-05-30T11:57:56.453+0000][5015.873s][info][gc,phases   ] GC(860)   Other: 0.2ms
[2024-05-30T11:57:56.453+0000][5015.873s][info][gc,heap     ] GC(860) Eden regions: 577->0(576)
[2024-05-30T11:57:56.453+0000][5015.873s][info][gc,heap     ] GC(860) Survivor regions: 36->36(77)
[2024-05-30T11:57:56.453+0000][5015.873s][info][gc,heap     ] GC(860) Old regions: 571->572
[2024-05-30T11:57:56.453+0000][5015.873s][info][gc,heap     ] GC(860) Archive regions: 2->2
[2024-05-30T11:57:56.453+0000][5015.873s][info][gc,heap     ] GC(860) Humongous regions: 6->6
[2024-05-30T11:57:56.453+0000][5015.873s][info][gc,metaspace] GC(860) Metaspace: 413759K(419776K)->413759K(419776K) NonClass: 361750K(365120K)->361750K(365120K) Class: 52009K(54656K)->52009K(54656K)
[2024-05-30T11:57:56.453+0000][5015.873s][info][gc          ] GC(860) Pause Young (Normal) (G1 Evacuation Pause) 9517M->4912M(12288M) 114.305ms
[2024-05-30T11:57:56.454+0000][5015.873s][info][gc,cpu      ] GC(860) User=0.68s Sys=0.00s Real=0.11s
[2024-05-30T11:58:00.473+0000][5019.892s][info][gc,start    ] GC(861) Pause Young (Normal) (G1 Evacuation Pause)
[2024-05-30T11:58:00.473+0000][5019.892s][info][gc,task     ] GC(861) Using 6 workers of 6 for evacuation
[2024-05-30T11:58:00.586+0000][5020.005s][info][gc,phases   ] GC(861)   Pre Evacuate Collection Set: 0.2ms
[2024-05-30T11:58:00.586+0000][5020.005s][info][gc,phases   ] GC(861)   Merge Heap Roots: 0.4ms
[2024-05-30T11:58:00.586+0000][5020.005s][info][gc,phases   ] GC(861)   Evacuate Collection Set: 109.9ms
[2024-05-30T11:58:00.586+0000][5020.005s][info][gc,phases   ] GC(861)   Post Evacuate Collection Set: 2.3ms
[2024-05-30T11:58:00.586+0000][5020.005s][info][gc,phases   ] GC(861)   Other: 0.2ms
[2024-05-30T11:58:00.586+0000][5020.005s][info][gc,heap     ] GC(861) Eden regions: 576->0(580)
[2024-05-30T11:58:00.586+0000][5020.005s][info][gc,heap     ] GC(861) Survivor regions: 36->33(77)
[2024-05-30T11:58:00.586+0000][5020.005s][info][gc,heap     ] GC(861) Old regions: 572->574
[2024-05-30T11:58:00.586+0000][5020.005s][info][gc,heap     ] GC(861) Archive regions: 2->2
[2024-05-30T11:58:00.586+0000][5020.005s][info][gc,heap     ] GC(861) Humongous regions: 6->6
[2024-05-30T11:58:00.586+0000][5020.005s][info][gc,metaspace] GC(861) Metaspace: 413759K(419776K)->413759K(419776K) NonClass: 361750K(365120K)->361750K(365120K) Class: 52009K(54656K)->52009K(54656K)
[2024-05-30T11:58:00.586+0000][5020.005s][info][gc          ] GC(861) Pause Young (Normal) (G1 Evacuation Pause) 9520M->4900M(12288M) 113.011ms
[2024-05-30T11:58:00.586+0000][5020.005s][info][gc,cpu      ] GC(861) User=0.68s Sys=0.00s Real=0.11s
[2024-05-30T11:58:04.731+0000][5024.150s][info][gc,start    ] GC(862) Pause Young (Normal) (G1 Evacuation Pause)
[2024-05-30T11:58:04.731+0000][5024.150s][info][gc,task     ] GC(862) Using 6 workers of 6 for evacuation
[2024-05-30T11:58:04.844+0000][5024.263s][info][gc,phases   ] GC(862)   Pre Evacuate Collection Set: 0.2ms
[2024-05-30T11:58:04.844+0000][5024.263s][info][gc,phases   ] GC(862)   Merge Heap Roots: 0.4ms
[2024-05-30T11:58:04.844+0000][5024.263s][info][gc,phases   ] GC(862)   Evacuate Collection Set: 110.2ms
[2024-05-30T11:58:04.844+0000][5024.263s][info][gc,phases   ] GC(862)   Post Evacuate Collection Set: 2.2ms
[2024-05-30T11:58:04.844+0000][5024.263s][info][gc,phases   ] GC(862)   Other: 0.2ms
[2024-05-30T11:58:04.844+0000][5024.263s][info][gc,heap     ] GC(862) Eden regions: 580->0(579)
[2024-05-30T11:58:04.844+0000][5024.263s][info][gc,heap     ] GC(862) Survivor regions: 33->33(77)
[2024-05-30T11:58:04.844+0000][5024.263s][info][gc,heap     ] GC(862) Old regions: 574->575
[2024-05-30T11:58:04.844+0000][5024.263s][info][gc,heap     ] GC(862) Archive regions: 2->2
[2024-05-30T11:58:04.844+0000][5024.263s][info][gc,heap     ] GC(862) Humongous regions: 6->6
[2024-05-30T11:58:04.844+0000][5024.263s][info][gc,metaspace] GC(862) Metaspace: 413759K(419776K)->413759K(419776K) NonClass: 361750K(365120K)->361750K(365120K) Class: 52009K(54656K)->52009K(54656K)
[2024-05-30T11:58:04.844+0000][5024.263s][info][gc          ] GC(862) Pause Young (Normal) (G1 Evacuation Pause) 9540M->4915M(12288M) 113.191ms
[2024-05-30T11:58:04.844+0000][5024.263s][info][gc,cpu      ] GC(862) User=0.68s Sys=0.00s Real=0.11s
[2024-05-30T11:58:08.902+0000][5028.321s][info][gc,start    ] GC(863) Pause Young (Normal) (G1 Evacuation Pause)
[2024-05-30T11:58:08.902+0000][5028.321s][info][gc,task     ] GC(863) Using 6 workers of 6 for evacuation
[2024-05-30T11:58:09.010+0000][5028.430s][info][gc,phases   ] GC(863)   Pre Evacuate Collection Set: 0.2ms
[2024-05-30T11:58:09.010+0000][5028.430s][info][gc,phases   ] GC(863)   Merge Heap Roots: 0.4ms
[2024-05-30T11:58:09.010+0000][5028.430s][info][gc,phases   ] GC(863)   Evacuate Collection Set: 105.8ms
[2024-05-30T11:58:09.010+0000][5028.430s][info][gc,phases   ] GC(863)   Post Evacuate Collection Set: 2.2ms
[2024-05-30T11:58:09.010+0000][5028.430s][info][gc,phases   ] GC(863)   Other: 0.2ms
[2024-05-30T11:58:09.010+0000][5028.430s][info][gc,heap     ] GC(863) Eden regions: 579->0(576)
[2024-05-30T11:58:09.010+0000][5028.430s][info][gc,heap     ] GC(863) Survivor regions: 33->33(77)
[2024-05-30T11:58:09.010+0000][5028.430s][info][gc,heap     ] GC(863) Old regions: 575->578
[2024-05-30T11:58:09.010+0000][5028.430s][info][gc,heap     ] GC(863) Archive regions: 2->2
[2024-05-30T11:58:09.010+0000][5028.430s][info][gc,heap     ] GC(863) Humongous regions: 6->6
[2024-05-30T11:58:09.010+0000][5028.430s][info][gc,metaspace] GC(863) Metaspace: 413759K(419776K)->413759K(419776K) NonClass: 361750K(365120K)->361750K(365120K) Class: 52009K(54656K)->52009K(54656K)
[2024-05-30T11:58:09.010+0000][5028.430s][info][gc          ] GC(863) Pause Young (Normal) (G1 Evacuation Pause) 9547M->4930M(12288M) 108.799ms
[2024-05-30T11:58:09.011+0000][5028.430s][info][gc,cpu      ] GC(863) User=0.64s Sys=0.00s Real=0.11s
[2024-05-30T11:58:14.471+0000][5033.890s][info][gc,start    ] GC(864) Pause Young (Normal) (G1 Evacuation Pause)
[2024-05-30T11:58:14.471+0000][5033.890s][info][gc,task     ] GC(864) Using 6 workers of 6 for evacuation
[2024-05-30T11:58:14.579+0000][5033.999s][info][gc,phases   ] GC(864)   Pre Evacuate Collection Set: 0.2ms
[2024-05-30T11:58:14.579+0000][5033.999s][info][gc,phases   ] GC(864)   Merge Heap Roots: 0.4ms
[2024-05-30T11:58:14.579+0000][5033.999s][info][gc,phases   ] GC(864)   Evacuate Collection Set: 105.5ms
[2024-05-30T11:58:14.579+0000][5033.999s][info][gc,phases   ] GC(864)   Post Evacuate Collection Set: 2.2ms
[2024-05-30T11:58:14.579+0000][5033.999s][info][gc,phases   ] GC(864)   Other: 0.2ms
[2024-05-30T11:58:14.579+0000][5033.999s][info][gc,heap     ] GC(864) Eden regions: 576->0(565)
[2024-05-30T11:58:14.579+0000][5033.999s][info][gc,heap     ] GC(864) Survivor regions: 33->38(77)
[2024-05-30T11:58:14.579+0000][5033.999s][info][gc,heap     ] GC(864) Old regions: 578->579
[2024-05-30T11:58:14.579+0000][5033.999s][info][gc,heap     ] GC(864) Archive regions: 2->2
[2024-05-30T11:58:14.579+0000][5033.999s][info][gc,heap     ] GC(864) Humongous regions: 6->6
[2024-05-30T11:58:14.579+0000][5033.999s][info][gc,metaspace] GC(864) Metaspace: 413759K(419776K)->413759K(419776K) NonClass: 361750K(365120K)->361750K(365120K) Class: 52009K(54656K)->52009K(54656K)
[2024-05-30T11:58:14.579+0000][5033.999s][info][gc          ] GC(864) Pause Young (Normal) (G1 Evacuation Pause) 9538M->4981M(12288M) 108.462ms
[2024-05-30T11:58:14.580+0000][5033.999s][info][gc,cpu      ] GC(864) User=0.65s Sys=0.00s Real=0.11s
[2024-05-30T11:58:20.829+0000][5040.248s][info][gc,start    ] GC(865) Pause Young (Normal) (G1 Evacuation Pause)
[2024-05-30T11:58:20.829+0000][5040.248s][info][gc,task     ] GC(865) Using 6 workers of 6 for evacuation
[2024-05-30T11:58:20.936+0000][5040.355s][info][gc,phases   ] GC(865)   Pre Evacuate Collection Set: 0.2ms
[2024-05-30T11:58:20.936+0000][5040.355s][info][gc,phases   ] GC(865)   Merge Heap Roots: 0.3ms
[2024-05-30T11:58:20.936+0000][5040.355s][info][gc,phases   ] GC(865)   Evacuate Collection Set: 103.6ms
[2024-05-30T11:58:20.936+0000][5040.355s][info][gc,phases   ] GC(865)   Post Evacuate Collection Set: 2.2ms
[2024-05-30T11:58:20.936+0000][5040.355s][info][gc,phases   ] GC(865)   Other: 0.2ms
[2024-05-30T11:58:20.936+0000][5040.355s][info][gc,heap     ] GC(865) Eden regions: 565->0(567)
[2024-05-30T11:58:20.936+0000][5040.355s][info][gc,heap     ] GC(865) Survivor regions: 38->35(76)
[2024-05-30T11:58:20.936+0000][5040.355s][info][gc,heap     ] GC(865) Old regions: 579->583
[2024-05-30T11:58:20.936+0000][5040.355s][info][gc,heap     ] GC(865) Archive regions: 2->2
[2024-05-30T11:58:20.936+0000][5040.355s][info][gc,heap     ] GC(865) Humongous regions: 6->6
[2024-05-30T11:58:20.936+0000][5040.355s][info][gc,metaspace] GC(865) Metaspace: 413760K(419776K)->413760K(419776K) NonClass: 361750K(365120K)->361750K(365120K) Class: 52009K(54656K)->52009K(54656K)
[2024-05-30T11:58:20.936+0000][5040.355s][info][gc          ] GC(865) Pause Young (Normal) (G1 Evacuation Pause) 9501M->4990M(12288M) 106.645ms
[2024-05-30T11:58:20.936+0000][5040.355s][info][gc,cpu      ] GC(865) User=0.63s Sys=0.00s Real=0.10s
[2024-05-30T11:58:27.159+0000][5046.578s][info][gc,start    ] GC(866) Pause Young (Normal) (G1 Evacuation Pause)
[2024-05-30T11:58:27.159+0000][5046.578s][info][gc,task     ] GC(866) Using 6 workers of 6 for evacuation
[2024-05-30T11:58:27.262+0000][5046.681s][info][gc,phases   ] GC(866)   Pre Evacuate Collection Set: 0.2ms
[2024-05-30T11:58:27.262+0000][5046.681s][info][gc,phases   ] GC(866)   Merge Heap Roots: 0.4ms
[2024-05-30T11:58:27.262+0000][5046.681s][info][gc,phases   ] GC(866)   Evacuate Collection Set: 100.5ms
[2024-05-30T11:58:27.262+0000][5046.681s][info][gc,phases   ] GC(866)   Post Evacuate Collection Set: 2.3ms
[2024-05-30T11:58:27.262+0000][5046.681s][info][gc,phases   ] GC(866)   Other: 0.2ms
[2024-05-30T11:58:27.262+0000][5046.681s][info][gc,heap     ] GC(866) Eden regions: 567->0(563)
[2024-05-30T11:58:27.262+0000][5046.681s][info][gc,heap     ] GC(866) Survivor regions: 35->36(76)
[2024-05-30T11:58:27.262+0000][5046.681s][info][gc,heap     ] GC(866) Old regions: 583->585
[2024-05-30T11:58:27.262+0000][5046.681s][info][gc,heap     ] GC(866) Archive regions: 2->2
[2024-05-30T11:58:27.262+0000][5046.681s][info][gc,heap     ] GC(866) Humongous regions: 6->6
[2024-05-30T11:58:27.262+0000][5046.681s][info][gc,metaspace] GC(866) Metaspace: 413762K(419776K)->413762K(419776K) NonClass: 361752K(365120K)->361752K(365120K) Class: 52009K(54656K)->52009K(54656K)
[2024-05-30T11:58:27.262+0000][5046.681s][info][gc          ] GC(866) Pause Young (Normal) (G1 Evacuation Pause) 9526M->5016M(12288M) 103.666ms
[2024-05-30T11:58:27.262+0000][5046.682s][info][gc,cpu      ] GC(866) User=0.62s Sys=0.00s Real=0.10s
[2024-05-30T11:58:33.444+0000][5052.864s][info][gc,start    ] GC(867) Pause Young (Normal) (G1 Evacuation Pause)
[2024-05-30T11:58:33.445+0000][5052.864s][info][gc,task     ] GC(867) Using 6 workers of 6 for evacuation
[2024-05-30T11:58:33.537+0000][5052.957s][info][gc,phases   ] GC(867)   Pre Evacuate Collection Set: 0.2ms
[2024-05-30T11:58:33.537+0000][5052.957s][info][gc,phases   ] GC(867)   Merge Heap Roots: 0.3ms
[2024-05-30T11:58:33.537+0000][5052.957s][info][gc,phases   ] GC(867)   Evacuate Collection Set: 90.0ms
[2024-05-30T11:58:33.537+0000][5052.957s][info][gc,phases   ] GC(867)   Post Evacuate Collection Set: 2.2ms
[2024-05-30T11:58:33.537+0000][5052.957s][info][gc,phases   ] GC(867)   Other: 0.2ms
[2024-05-30T11:58:33.537+0000][5052.957s][info][gc,heap     ] GC(867) Eden regions: 563->0(564)
[2024-05-30T11:58:33.537+0000][5052.957s][info][gc,heap     ] GC(867) Survivor regions: 36->34(75)
[2024-05-30T11:58:33.537+0000][5052.957s][info][gc,heap     ] GC(867) Old regions: 585->588
[2024-05-30T11:58:33.537+0000][5052.957s][info][gc,heap     ] GC(867) Archive regions: 2->2
[2024-05-30T11:58:33.537+0000][5052.957s][info][gc,heap     ] GC(867) Humongous regions: 6->6
[2024-05-30T11:58:33.537+0000][5052.957s][info][gc,metaspace] GC(867) Metaspace: 413762K(419776K)->413762K(419776K) NonClass: 361752K(365120K)->361752K(365120K) Class: 52009K(54656K)->52009K(54656K)
[2024-05-30T11:58:33.538+0000][5052.957s][info][gc          ] GC(867) Pause Young (Normal) (G1 Evacuation Pause) 9520M->5023M(12288M) 93.036ms
[2024-05-30T11:58:33.538+0000][5052.957s][info][gc,cpu      ] GC(867) User=0.56s Sys=0.00s Real=0.10s
[2024-05-30T11:58:39.484+0000][5058.903s][info][gc,start    ] GC(868) Pause Young (Normal) (G1 Evacuation Pause)
[2024-05-30T11:58:39.484+0000][5058.903s][info][gc,task     ] GC(868) Using 6 workers of 6 for evacuation
[2024-05-30T11:58:39.569+0000][5058.988s][info][gc,phases   ] GC(868)   Pre Evacuate Collection Set: 0.2ms
[2024-05-30T11:58:39.569+0000][5058.988s][info][gc,phases   ] GC(868)   Merge Heap Roots: 0.3ms
[2024-05-30T11:58:39.569+0000][5058.988s][info][gc,phases   ] GC(868)   Evacuate Collection Set: 82.4ms
[2024-05-30T11:58:39.569+0000][5058.988s][info][gc,phases   ] GC(868)   Post Evacuate Collection Set: 2.2ms
[2024-05-30T11:58:39.569+0000][5058.988s][info][gc,phases   ] GC(868)   Other: 0.2ms
[2024-05-30T11:58:39.569+0000][5058.988s][info][gc,heap     ] GC(868) Eden regions: 564->0(568)
[2024-05-30T11:58:39.569+0000][5058.988s][info][gc,heap     ] GC(868) Survivor regions: 34->31(75)
[2024-05-30T11:58:39.569+0000][5058.988s][info][gc,heap     ] GC(868) Old regions: 588->590
[2024-05-30T11:58:39.569+0000][5058.988s][info][gc,heap     ] GC(868) Archive regions: 2->2
[2024-05-30T11:58:39.569+0000][5058.988s][info][gc,heap     ] GC(868) Humongous regions: 6->6
[2024-05-30T11:58:39.569+0000][5058.988s][info][gc,metaspace] GC(868) Metaspace: 413762K(419776K)->413762K(419776K) NonClass: 361753K(365120K)->361753K(365120K) Class: 52009K(54656K)->52009K(54656K)
[2024-05-30T11:58:39.569+0000][5058.988s][info][gc          ] GC(868) Pause Young (Normal) (G1 Evacuation Pause) 9535M->5015M(12288M) 85.360ms
[2024-05-30T11:58:39.569+0000][5058.988s][info][gc,cpu      ] GC(868) User=0.51s Sys=0.00s Real=0.09s
[2024-05-30T11:58:45.777+0000][5065.196s][info][gc,start    ] GC(869) Pause Young (Normal) (G1 Evacuation Pause)
[2024-05-30T11:58:45.777+0000][5065.196s][info][gc,task     ] GC(869) Using 6 workers of 6 for evacuation
[2024-05-30T11:58:45.861+0000][5065.281s][info][gc,phases   ] GC(869)   Pre Evacuate Collection Set: 0.2ms
[2024-05-30T11:58:45.861+0000][5065.281s][info][gc,phases   ] GC(869)   Merge Heap Roots: 0.3ms
[2024-05-30T11:58:45.861+0000][5065.281s][info][gc,phases   ] GC(869)   Evacuate Collection Set: 81.7ms
[2024-05-30T11:58:45.861+0000][5065.281s][info][gc,phases   ] GC(869)   Post Evacuate Collection Set: 2.2ms
[2024-05-30T11:58:45.861+0000][5065.281s][info][gc,phases   ] GC(869)   Other: 0.2ms
[2024-05-30T11:58:45.861+0000][5065.281s][info][gc,heap     ] GC(869) Eden regions: 568->0(566)
[2024-05-30T11:58:45.861+0000][5065.281s][info][gc,heap     ] GC(869) Survivor regions: 31->31(75)
[2024-05-30T11:58:45.861+0000][5065.281s][info][gc,heap     ] GC(869) Old regions: 590->592
[2024-05-30T11:58:45.861+0000][5065.281s][info][gc,heap     ] GC(869) Archive regions: 2->2
[2024-05-30T11:58:45.861+0000][5065.281s][info][gc,heap     ] GC(869) Humongous regions: 6->6
[2024-05-30T11:58:45.862+0000][5065.281s][info][gc,metaspace] GC(869) Metaspace: 413762K(419776K)->413762K(419776K) NonClass: 361753K(365120K)->361753K(365120K) Class: 52009K(54656K)->52009K(54656K)
[2024-05-30T11:58:45.862+0000][5065.281s][info][gc          ] GC(869) Pause Young (Normal) (G1 Evacuation Pause) 9559M->5031M(12288M) 84.622ms
[2024-05-30T11:58:45.862+0000][5065.281s][info][gc,cpu      ] GC(869) User=0.50s Sys=0.00s Real=0.08s
[2024-05-30T11:58:51.992+0000][5071.411s][info][gc,start    ] GC(870) Pause Young (Normal) (G1 Evacuation Pause)
[2024-05-30T11:58:51.992+0000][5071.411s][info][gc,task     ] GC(870) Using 6 workers of 6 for evacuation
[2024-05-30T11:58:52.069+0000][5071.489s][info][gc,phases   ] GC(870)   Pre Evacuate Collection Set: 0.2ms
[2024-05-30T11:58:52.069+0000][5071.489s][info][gc,phases   ] GC(870)   Merge Heap Roots: 0.3ms
[2024-05-30T11:58:52.069+0000][5071.489s][info][gc,phases   ] GC(870)   Evacuate Collection Set: 74.6ms
[2024-05-30T11:58:52.069+0000][5071.489s][info][gc,phases   ] GC(870)   Post Evacuate Collection Set: 2.4ms
[2024-05-30T11:58:52.069+0000][5071.489s][info][gc,phases   ] GC(870)   Other: 0.3ms
[2024-05-30T11:58:52.069+0000][5071.489s][info][gc,heap     ] GC(870) Eden regions: 566->0(562)
[2024-05-30T11:58:52.069+0000][5071.489s][info][gc,heap     ] GC(870) Survivor regions: 31->32(75)
[2024-05-30T11:58:52.069+0000][5071.489s][info][gc,heap     ] GC(870) Old regions: 592->594
[2024-05-30T11:58:52.069+0000][5071.489s][info][gc,heap     ] GC(870) Archive regions: 2->2
[2024-05-30T11:58:52.069+0000][5071.489s][info][gc,heap     ] GC(870) Humongous regions: 6->6
[2024-05-30T11:58:52.069+0000][5071.489s][info][gc,metaspace] GC(870) Metaspace: 413767K(419776K)->413767K(419776K) NonClass: 361757K(365120K)->361757K(365120K) Class: 52009K(54656K)->52009K(54656K)
[2024-05-30T11:58:52.069+0000][5071.489s][info][gc          ] GC(870) Pause Young (Normal) (G1 Evacuation Pause) 9559M->5052M(12288M) 77.783ms
[2024-05-30T11:58:52.069+0000][5071.489s][info][gc,cpu      ] GC(870) User=0.46s Sys=0.00s Real=0.08s
[2024-05-30T11:58:58.064+0000][5077.483s][info][gc,start    ] GC(871) Pause Young (Normal) (G1 Evacuation Pause)
[2024-05-30T11:58:58.064+0000][5077.483s][info][gc,task     ] GC(871) Using 6 workers of 6 for evacuation
[2024-05-30T11:58:58.135+0000][5077.555s][info][gc,phases   ] GC(871)   Pre Evacuate Collection Set: 0.2ms
[2024-05-30T11:58:58.135+0000][5077.555s][info][gc,phases   ] GC(871)   Merge Heap Roots: 0.3ms
[2024-05-30T11:58:58.135+0000][5077.555s][info][gc,phases   ] GC(871)   Evacuate Collection Set: 68.7ms
[2024-05-30T11:58:58.135+0000][5077.555s][info][gc,phases   ] GC(871)   Post Evacuate Collection Set: 2.2ms
[2024-05-30T11:58:58.135+0000][5077.555s][info][gc,phases   ] GC(871)   Other: 0.2ms
[2024-05-30T11:58:58.135+0000][5077.555s][info][gc,heap     ] GC(871) Eden regions: 562->0(564)
[2024-05-30T11:58:58.135+0000][5077.555s][info][gc,heap     ] GC(871) Survivor regions: 32->30(75)
[2024-05-30T11:58:58.135+0000][5077.555s][info][gc,heap     ] GC(871) Old regions: 594->596
[2024-05-30T11:58:58.135+0000][5077.555s][info][gc,heap     ] GC(871) Archive regions: 2->2
[2024-05-30T11:58:58.135+0000][5077.555s][info][gc,heap     ] GC(871) Humongous regions: 6->6
[2024-05-30T11:58:58.135+0000][5077.555s][info][gc,metaspace] GC(871) Metaspace: 413770K(419776K)->413770K(419776K) NonClass: 361760K(365120K)->361760K(365120K) Class: 52009K(54656K)->52009K(54656K)
[2024-05-30T11:58:58.136+0000][5077.555s][info][gc          ] GC(871) Pause Young (Normal) (G1 Evacuation Pause) 9548M->5059M(12288M) 71.715ms
[2024-05-30T11:58:58.136+0000][5077.555s][info][gc,cpu      ] GC(871) User=0.42s Sys=0.00s Real=0.07s
[2024-05-30T11:59:04.004+0000][5083.423s][info][gc,start    ] GC(872) Pause Young (Normal) (G1 Evacuation Pause)
[2024-05-30T11:59:04.004+0000][5083.423s][info][gc,task     ] GC(872) Using 6 workers of 6 for evacuation
[2024-05-30T11:59:04.070+0000][5083.489s][info][gc,phases   ] GC(872)   Pre Evacuate Collection Set: 0.2ms
[2024-05-30T11:59:04.070+0000][5083.489s][info][gc,phases   ] GC(872)   Merge Heap Roots: 0.3ms
[2024-05-30T11:59:04.070+0000][5083.489s][info][gc,phases   ] GC(872)   Evacuate Collection Set: 63.0ms
[2024-05-30T11:59:04.070+0000][5083.489s][info][gc,phases   ] GC(872)   Post Evacuate Collection Set: 2.1ms
[2024-05-30T11:59:04.070+0000][5083.489s][info][gc,phases   ] GC(872)   Other: 0.2ms
[2024-05-30T11:59:04.070+0000][5083.489s][info][gc,heap     ] GC(872) Eden regions: 564->0(569)
[2024-05-30T11:59:04.070+0000][5083.489s][info][gc,heap     ] GC(872) Survivor regions: 30->26(75)
[2024-05-30T11:59:04.070+0000][5083.489s][info][gc,heap     ] GC(872) Old regions: 596->599
[2024-05-30T11:59:04.070+0000][5083.489s][info][gc,heap     ] GC(872) Archive regions: 2->2
[2024-05-30T11:59:04.070+0000][5083.489s][info][gc,heap     ] GC(872) Humongous regions: 6->6
[2024-05-30T11:59:04.070+0000][5083.489s][info][gc,metaspace] GC(872) Metaspace: 413770K(419776K)->413770K(419776K) NonClass: 361761K(365120K)->361761K(365120K) Class: 52009K(54656K)->52009K(54656K)
[2024-05-30T11:59:04.070+0000][5083.489s][info][gc          ] GC(872) Pause Young (Normal) (G1 Evacuation Pause) 9571M->5047M(12288M) 65.940ms
[2024-05-30T11:59:04.070+0000][5083.489s][info][gc,cpu      ] GC(872) User=0.39s Sys=0.00s Real=0.07s
[2024-05-30T11:59:10.089+0000][5089.508s][info][gc,start    ] GC(873) Pause Young (Normal) (G1 Evacuation Pause)
[2024-05-30T11:59:10.089+0000][5089.508s][info][gc,task     ] GC(873) Using 6 workers of 6 for evacuation
[2024-05-30T11:59:10.145+0000][5089.564s][info][gc,phases   ] GC(873)   Pre Evacuate Collection Set: 0.2ms
[2024-05-30T11:59:10.145+0000][5089.564s][info][gc,phases   ] GC(873)   Merge Heap Roots: 0.2ms
[2024-05-30T11:59:10.145+0000][5089.564s][info][gc,phases   ] GC(873)   Evacuate Collection Set: 53.1ms
[2024-05-30T11:59:10.145+0000][5089.564s][info][gc,phases   ] GC(873)   Post Evacuate Collection Set: 2.2ms
[2024-05-30T11:59:10.145+0000][5089.564s][info][gc,phases   ] GC(873)   Other: 0.2ms
[2024-05-30T11:59:10.145+0000][5089.564s][info][gc,heap     ] GC(873) Eden regions: 569->0(575)
[2024-05-30T11:59:10.145+0000][5089.564s][info][gc,heap     ] GC(873) Survivor regions: 26->22(75)
[2024-05-30T11:59:10.145+0000][5089.564s][info][gc,heap     ] GC(873) Old regions: 599->601
[2024-05-30T11:59:10.145+0000][5089.564s][info][gc,heap     ] GC(873) Archive regions: 2->2
[2024-05-30T11:59:10.145+0000][5089.564s][info][gc,heap     ] GC(873) Humongous regions: 6->6
[2024-05-30T11:59:10.145+0000][5089.564s][info][gc,metaspace] GC(873) Metaspace: 413770K(419776K)->413770K(419776K) NonClass: 361761K(365120K)->361761K(365120K) Class: 52009K(54656K)->52009K(54656K)
[2024-05-30T11:59:10.145+0000][5089.564s][info][gc          ] GC(873) Pause Young (Normal) (G1 Evacuation Pause) 9599M->5032M(12288M) 55.991ms
[2024-05-30T11:59:10.145+0000][5089.564s][info][gc,cpu      ] GC(873) User=0.33s Sys=0.00s Real=0.05s
[2024-05-30T11:59:16.583+0000][5096.003s][info][gc,start    ] GC(874) Pause Young (Normal) (G1 Evacuation Pause)
[2024-05-30T11:59:16.583+0000][5096.003s][info][gc,task     ] GC(874) Using 6 workers of 6 for evacuation
[2024-05-30T11:59:16.636+0000][5096.055s][info][gc,phases   ] GC(874)   Pre Evacuate Collection Set: 0.2ms
[2024-05-30T11:59:16.636+0000][5096.055s][info][gc,phases   ] GC(874)   Merge Heap Roots: 0.2ms
[2024-05-30T11:59:16.636+0000][5096.055s][info][gc,phases   ] GC(874)   Evacuate Collection Set: 49.5ms
[2024-05-30T11:59:16.636+0000][5096.055s][info][gc,phases   ] GC(874)   Post Evacuate Collection Set: 2.1ms
[2024-05-30T11:59:16.636+0000][5096.055s][info][gc,phases   ] GC(874)   Other: 0.3ms
[2024-05-30T11:59:16.636+0000][5096.055s][info][gc,heap     ] GC(874) Eden regions: 575->0(571)
[2024-05-30T11:59:16.636+0000][5096.055s][info][gc,heap     ] GC(874) Survivor regions: 22->23(75)
[2024-05-30T11:59:16.636+0000][5096.055s][info][gc,heap     ] GC(874) Old regions: 601->603
[2024-05-30T11:59:16.636+0000][5096.055s][info][gc,heap     ] GC(874) Archive regions: 2->2
[2024-05-30T11:59:16.636+0000][5096.055s][info][gc,heap     ] GC(874) Humongous regions: 6->6
[2024-05-30T11:59:16.636+0000][5096.055s][info][gc,metaspace] GC(874) Metaspace: 413771K(419776K)->413771K(419776K) NonClass: 361761K(365120K)->361761K(365120K) Class: 52009K(54656K)->52009K(54656K)
[2024-05-30T11:59:16.636+0000][5096.055s][info][gc          ] GC(874) Pause Young (Normal) (G1 Evacuation Pause) 9632M->5051M(12288M) 52.337ms
[2024-05-30T11:59:16.636+0000][5096.055s][info][gc,cpu      ] GC(874) User=0.31s Sys=0.00s Real=0.05s
[2024-05-30T11:59:23.143+0000][5102.562s][info][gc,start    ] GC(875) Pause Young (Normal) (G1 Evacuation Pause)
[2024-05-30T11:59:23.143+0000][5102.562s][info][gc,task     ] GC(875) Using 6 workers of 6 for evacuation
[2024-05-30T11:59:23.194+0000][5102.614s][info][gc,phases   ] GC(875)   Pre Evacuate Collection Set: 0.2ms
[2024-05-30T11:59:23.194+0000][5102.614s][info][gc,phases   ] GC(875)   Merge Heap Roots: 0.2ms
[2024-05-30T11:59:23.194+0000][5102.614s][info][gc,phases   ] GC(875)   Evacuate Collection Set: 48.7ms
[2024-05-30T11:59:23.194+0000][5102.614s][info][gc,phases   ] GC(875)   Post Evacuate Collection Set: 2.4ms
[2024-05-30T11:59:23.194+0000][5102.614s][info][gc,phases   ] GC(875)   Other: 0.2ms
[2024-05-30T11:59:23.194+0000][5102.614s][info][gc,heap     ] GC(875) Eden regions: 571->0(567)
[2024-05-30T11:59:23.194+0000][5102.614s][info][gc,heap     ] GC(875) Survivor regions: 23->25(75)
[2024-05-30T11:59:23.194+0000][5102.614s][info][gc,heap     ] GC(875) Old regions: 603->603
[2024-05-30T11:59:23.194+0000][5102.614s][info][gc,heap     ] GC(875) Archive regions: 2->2
[2024-05-30T11:59:23.194+0000][5102.614s][info][gc,heap     ] GC(875) Humongous regions: 6->6
[2024-05-30T11:59:23.194+0000][5102.614s][info][gc,metaspace] GC(875) Metaspace: 413774K(419776K)->413774K(419776K) NonClass: 361765K(365120K)->361765K(365120K) Class: 52009K(54656K)->52009K(54656K)
[2024-05-30T11:59:23.194+0000][5102.614s][info][gc          ] GC(875) Pause Young (Normal) (G1 Evacuation Pause) 9619M->5075M(12288M) 51.834ms
[2024-05-30T11:59:23.194+0000][5102.614s][info][gc,cpu      ] GC(875) User=0.31s Sys=0.00s Real=0.05s
[2024-05-30T11:59:29.601+0000][5109.021s][info][gc,start    ] GC(876) Pause Young (Normal) (G1 Evacuation Pause)
[2024-05-30T11:59:29.601+0000][5109.021s][info][gc,task     ] GC(876) Using 6 workers of 6 for evacuation
[2024-05-30T11:59:29.653+0000][5109.073s][info][gc,phases   ] GC(876)   Pre Evacuate Collection Set: 0.2ms
[2024-05-30T11:59:29.653+0000][5109.073s][info][gc,phases   ] GC(876)   Merge Heap Roots: 0.2ms
[2024-05-30T11:59:29.653+0000][5109.073s][info][gc,phases   ] GC(876)   Evacuate Collection Set: 49.3ms
[2024-05-30T11:59:29.653+0000][5109.073s][info][gc,phases   ] GC(876)   Post Evacuate Collection Set: 2.3ms
[2024-05-30T11:59:29.653+0000][5109.073s][info][gc,phases   ] GC(876)   Other: 0.2ms
[2024-05-30T11:59:29.653+0000][5109.073s][info][gc,heap     ] GC(876) Eden regions: 567->0(566)
[2024-05-30T11:59:29.653+0000][5109.073s][info][gc,heap     ] GC(876) Survivor regions: 25->25(74)
[2024-05-30T11:59:29.653+0000][5109.073s][info][gc,heap     ] GC(876) Old regions: 603->604
[2024-05-30T11:59:29.654+0000][5109.073s][info][gc,heap     ] GC(876) Archive regions: 2->2
[2024-05-30T11:59:29.654+0000][5109.073s][info][gc,heap     ] GC(876) Humongous regions: 6->6
[2024-05-30T11:59:29.654+0000][5109.073s][info][gc,metaspace] GC(876) Metaspace: 413777K(419776K)->413777K(419776K) NonClass: 361767K(365120K)->361767K(365120K) Class: 52009K(54656K)->52009K(54656K)
[2024-05-30T11:59:29.654+0000][5109.073s][info][gc          ] GC(876) Pause Young (Normal) (G1 Evacuation Pause) 9611M->5079M(12288M) 52.227ms
[2024-05-30T11:59:29.654+0000][5109.073s][info][gc,cpu      ] GC(876) User=0.31s Sys=0.00s Real=0.05s
[2024-05-30T11:59:35.933+0000][5115.352s][info][gc,start    ] GC(877) Pause Young (Normal) (G1 Evacuation Pause)
[2024-05-30T11:59:35.933+0000][5115.352s][info][gc,task     ] GC(877) Using 6 workers of 6 for evacuation
[2024-05-30T11:59:35.987+0000][5115.406s][info][gc,phases   ] GC(877)   Pre Evacuate Collection Set: 0.2ms
[2024-05-30T11:59:35.987+0000][5115.406s][info][gc,phases   ] GC(877)   Merge Heap Roots: 0.2ms
[2024-05-30T11:59:35.987+0000][5115.406s][info][gc,phases   ] GC(877)   Evacuate Collection Set: 50.8ms
[2024-05-30T11:59:35.987+0000][5115.406s][info][gc,phases   ] GC(877)   Post Evacuate Collection Set: 2.2ms
[2024-05-30T11:59:35.987+0000][5115.406s][info][gc,phases   ] GC(877)   Other: 0.2ms
[2024-05-30T11:59:35.987+0000][5115.406s][info][gc,heap     ] GC(877) Eden regions: 566->0(564)
[2024-05-30T11:59:35.987+0000][5115.406s][info][gc,heap     ] GC(877) Survivor regions: 25->26(74)
[2024-05-30T11:59:35.987+0000][5115.406s][info][gc,heap     ] GC(877) Old regions: 604->604
[2024-05-30T11:59:35.987+0000][5115.406s][info][gc,heap     ] GC(877) Archive regions: 2->2
[2024-05-30T11:59:35.987+0000][5115.406s][info][gc,heap     ] GC(877) Humongous regions: 6->6
[2024-05-30T11:59:35.987+0000][5115.406s][info][gc,metaspace] GC(877) Metaspace: 413778K(419776K)->413778K(419776K) NonClass: 361768K(365120K)->361768K(365120K) Class: 52009K(54656K)->52009K(54656K)
[2024-05-30T11:59:35.987+0000][5115.406s][info][gc          ] GC(877) Pause Young (Normal) (G1 Evacuation Pause) 9607M->5090M(12288M) 53.715ms
[2024-05-30T11:59:35.987+0000][5115.406s][info][gc,cpu      ] GC(877) User=0.32s Sys=0.00s Real=0.05s
[2024-05-30T11:59:42.359+0000][5121.778s][info][gc,start    ] GC(878) Pause Young (Normal) (G1 Evacuation Pause)
[2024-05-30T11:59:42.359+0000][5121.778s][info][gc,task     ] GC(878) Using 6 workers of 6 for evacuation
[2024-05-30T11:59:42.412+0000][5121.831s][info][gc,phases   ] GC(878)   Pre Evacuate Collection Set: 0.2ms
[2024-05-30T11:59:42.412+0000][5121.831s][info][gc,phases   ] GC(878)   Merge Heap Roots: 0.2ms
[2024-05-30T11:59:42.412+0000][5121.831s][info][gc,phases   ] GC(878)   Evacuate Collection Set: 50.2ms
[2024-05-30T11:59:42.412+0000][5121.831s][info][gc,phases   ] GC(878)   Post Evacuate Collection Set: 2.1ms
[2024-05-30T11:59:42.412+0000][5121.831s][info][gc,phases   ] GC(878)   Other: 0.2ms
[2024-05-30T11:59:42.412+0000][5121.831s][info][gc,heap     ] GC(878) Eden regions: 564->0(559)
[2024-05-30T11:59:42.412+0000][5121.831s][info][gc,heap     ] GC(878) Survivor regions: 26->28(74)
[2024-05-30T11:59:42.412+0000][5121.831s][info][gc,heap     ] GC(878) Old regions: 604->605
[2024-05-30T11:59:42.412+0000][5121.831s][info][gc,heap     ] GC(878) Archive regions: 2->2
[2024-05-30T11:59:42.412+0000][5121.831s][info][gc,heap     ] GC(878) Humongous regions: 6->6
[2024-05-30T11:59:42.412+0000][5121.831s][info][gc,metaspace] GC(878) Metaspace: 413779K(419776K)->413779K(419776K) NonClass: 361769K(365120K)->361769K(365120K) Class: 52009K(54656K)->52009K(54656K)
[2024-05-30T11:59:42.412+0000][5121.831s][info][gc          ] GC(878) Pause Young (Normal) (G1 Evacuation Pause) 9602M->5106M(12288M) 53.030ms
[2024-05-30T11:59:42.412+0000][5121.831s][info][gc,cpu      ] GC(878) User=0.31s Sys=0.00s Real=0.05s
[2024-05-30T11:59:48.453+0000][5127.873s][info][gc,start    ] GC(879) Pause Young (Normal) (G1 Evacuation Pause)
[2024-05-30T11:59:48.453+0000][5127.873s][info][gc,task     ] GC(879) Using 6 workers of 6 for evacuation
[2024-05-30T11:59:48.509+0000][5127.929s][info][gc,phases   ] GC(879)   Pre Evacuate Collection Set: 0.2ms
[2024-05-30T11:59:48.509+0000][5127.929s][info][gc,phases   ] GC(879)   Merge Heap Roots: 0.2ms
[2024-05-30T11:59:48.510+0000][5127.929s][info][gc,phases   ] GC(879)   Evacuate Collection Set: 53.5ms
[2024-05-30T11:59:48.510+0000][5127.929s][info][gc,phases   ] GC(879)   Post Evacuate Collection Set: 2.2ms
[2024-05-30T11:59:48.510+0000][5127.929s][info][gc,phases   ] GC(879)   Other: 0.2ms
[2024-05-30T11:59:48.510+0000][5127.929s][info][gc,heap     ] GC(879) Eden regions: 559->0(569)
[2024-05-30T11:59:48.510+0000][5127.929s][info][gc,heap     ] GC(879) Survivor regions: 28->21(74)
[2024-05-30T11:59:48.510+0000][5127.929s][info][gc,heap     ] GC(879) Old regions: 605->609
[2024-05-30T11:59:48.510+0000][5127.929s][info][gc,heap     ] GC(879) Archive regions: 2->2
[2024-05-30T11:59:48.510+0000][5127.929s][info][gc,heap     ] GC(879) Humongous regions: 6->6
[2024-05-30T11:59:48.510+0000][5127.929s][info][gc,metaspace] GC(879) Metaspace: 413780K(419776K)->413780K(419776K) NonClass: 361770K(365120K)->361770K(365120K) Class: 52009K(54656K)->52009K(54656K)
[2024-05-30T11:59:48.510+0000][5127.929s][info][gc          ] GC(879) Pause Young (Normal) (G1 Evacuation Pause) 9578M->5091M(12288M) 56.271ms
[2024-05-30T11:59:48.510+0000][5127.929s][info][gc,cpu      ] GC(879) User=0.33s Sys=0.00s Real=0.06s
[2024-05-30T11:59:54.571+0000][5133.990s][info][gc,start    ] GC(880) Pause Young (Normal) (G1 Evacuation Pause)
[2024-05-30T11:59:54.571+0000][5133.990s][info][gc,task     ] GC(880) Using 6 workers of 6 for evacuation
[2024-05-30T11:59:54.623+0000][5134.043s][info][gc,phases   ] GC(880)   Pre Evacuate Collection Set: 0.2ms
[2024-05-30T11:59:54.623+0000][5134.043s][info][gc,phases   ] GC(880)   Merge Heap Roots: 0.2ms
[2024-05-30T11:59:54.623+0000][5134.043s][info][gc,phases   ] GC(880)   Evacuate Collection Set: 49.7ms
[2024-05-30T11:59:54.623+0000][5134.043s][info][gc,phases   ] GC(880)   Post Evacuate Collection Set: 2.4ms
[2024-05-30T11:59:54.623+0000][5134.043s][info][gc,phases   ] GC(880)   Other: 0.2ms
[2024-05-30T11:59:54.623+0000][5134.043s][info][gc,heap     ] GC(880) Eden regions: 569->0(570)
[2024-05-30T11:59:54.623+0000][5134.043s][info][gc,heap     ] GC(880) Survivor regions: 21->20(74)
[2024-05-30T11:59:54.623+0000][5134.043s][info][gc,heap     ] GC(880) Old regions: 609->610
[2024-05-30T11:59:54.623+0000][5134.043s][info][gc,heap     ] GC(880) Archive regions: 2->2
[2024-05-30T11:59:54.623+0000][5134.043s][info][gc,heap     ] GC(880) Humongous regions: 6->6
[2024-05-30T11:59:54.623+0000][5134.043s][info][gc,metaspace] GC(880) Metaspace: 413781K(419776K)->413781K(419776K) NonClass: 361771K(365120K)->361771K(365120K) Class: 52009K(54656K)->52009K(54656K)
[2024-05-30T11:59:54.623+0000][5134.043s][info][gc          ] GC(880) Pause Young (Normal) (G1 Evacuation Pause) 9643M->5088M(12288M) 52.727ms
[2024-05-30T11:59:54.623+0000][5134.043s][info][gc,cpu      ] GC(880) User=0.31s Sys=0.00s Real=0.05s
[2024-05-30T12:00:00.994+0000][5140.413s][info][gc,start    ] GC(881) Pause Young (Normal) (G1 Evacuation Pause)
[2024-05-30T12:00:00.994+0000][5140.413s][info][gc,task     ] GC(881) Using 6 workers of 6 for evacuation
[2024-05-30T12:00:01.045+0000][5140.464s][info][gc,phases   ] GC(881)   Pre Evacuate Collection Set: 0.2ms
[2024-05-30T12:00:01.045+0000][5140.464s][info][gc,phases   ] GC(881)   Merge Heap Roots: 0.2ms
[2024-05-30T12:00:01.045+0000][5140.464s][info][gc,phases   ] GC(881)   Evacuate Collection Set: 48.4ms
[2024-05-30T12:00:01.045+0000][5140.464s][info][gc,phases   ] GC(881)   Post Evacuate Collection Set: 2.3ms
[2024-05-30T12:00:01.045+0000][5140.464s][info][gc,phases   ] GC(881)   Other: 0.2ms
[2024-05-30T12:00:01.045+0000][5140.464s][info][gc,heap     ] GC(881) Eden regions: 570->0(569)
[2024-05-30T12:00:01.045+0000][5140.464s][info][gc,heap     ] GC(881) Survivor regions: 20->20(74)
[2024-05-30T12:00:01.045+0000][5140.464s][info][gc,heap     ] GC(881) Old regions: 610->611
[2024-05-30T12:00:01.045+0000][5140.464s][info][gc,heap     ] GC(881) Archive regions: 2->2
[2024-05-30T12:00:01.045+0000][5140.464s][info][gc,heap     ] GC(881) Humongous regions: 6->6
[2024-05-30T12:00:01.045+0000][5140.464s][info][gc,metaspace] GC(881) Metaspace: 413795K(419840K)->413795K(419840K) NonClass: 361785K(365184K)->361785K(365184K) Class: 52010K(54656K)->52010K(54656K)
[2024-05-30T12:00:01.045+0000][5140.464s][info][gc          ] GC(881) Pause Young (Normal) (G1 Evacuation Pause) 9648M->5093M(12288M) 51.375ms
[2024-05-30T12:00:01.045+0000][5140.464s][info][gc,cpu      ] GC(881) User=0.30s Sys=0.00s Real=0.05s
[2024-05-30T12:00:07.472+0000][5146.892s][info][gc,start    ] GC(882) Pause Young (Normal) (G1 Evacuation Pause)
[2024-05-30T12:00:07.472+0000][5146.892s][info][gc,task     ] GC(882) Using 6 workers of 6 for evacuation
[2024-05-30T12:00:07.526+0000][5146.945s][info][gc,phases   ] GC(882)   Pre Evacuate Collection Set: 0.2ms
[2024-05-30T12:00:07.526+0000][5146.945s][info][gc,phases   ] GC(882)   Merge Heap Roots: 0.2ms
[2024-05-30T12:00:07.526+0000][5146.945s][info][gc,phases   ] GC(882)   Evacuate Collection Set: 50.6ms
[2024-05-30T12:00:07.526+0000][5146.945s][info][gc,phases   ] GC(882)   Post Evacuate Collection Set: 2.2ms
[2024-05-30T12:00:07.526+0000][5146.945s][info][gc,phases   ] GC(882)   Other: 0.2ms
[2024-05-30T12:00:07.526+0000][5146.945s][info][gc,heap     ] GC(882) Eden regions: 569->0(565)
[2024-05-30T12:00:07.526+0000][5146.945s][info][gc,heap     ] GC(882) Survivor regions: 20->22(74)
[2024-05-30T12:00:07.526+0000][5146.945s][info][gc,heap     ] GC(882) Old regions: 611->611
[2024-05-30T12:00:07.526+0000][5146.945s][info][gc,heap     ] GC(882) Archive regions: 2->2
[2024-05-30T12:00:07.526+0000][5146.945s][info][gc,heap     ] GC(882) Humongous regions: 6->6
[2024-05-30T12:00:07.526+0000][5146.945s][info][gc,metaspace] GC(882) Metaspace: 413795K(419840K)->413795K(419840K) NonClass: 361785K(365184K)->361785K(365184K) Class: 52010K(54656K)->52010K(54656K)
[2024-05-30T12:00:07.526+0000][5146.945s][info][gc          ] GC(882) Pause Young (Normal) (G1 Evacuation Pause) 9645M->5111M(12288M) 53.466ms
[2024-05-30T12:00:07.526+0000][5146.945s][info][gc,cpu      ] GC(882) User=0.32s Sys=0.00s Real=0.05s
[2024-05-30T12:00:13.944+0000][5153.363s][info][gc,start    ] GC(883) Pause Young (Normal) (G1 Evacuation Pause)
[2024-05-30T12:00:13.944+0000][5153.363s][info][gc,task     ] GC(883) Using 6 workers of 6 for evacuation
[2024-05-30T12:00:13.998+0000][5153.417s][info][gc,phases   ] GC(883)   Pre Evacuate Collection Set: 0.2ms
[2024-05-30T12:00:13.998+0000][5153.417s][info][gc,phases   ] GC(883)   Merge Heap Roots: 0.3ms
[2024-05-30T12:00:13.998+0000][5153.417s][info][gc,phases   ] GC(883)   Evacuate Collection Set: 50.7ms
[2024-05-30T12:00:13.998+0000][5153.417s][info][gc,phases   ] GC(883)   Post Evacuate Collection Set: 2.3ms
[2024-05-30T12:00:13.998+0000][5153.417s][info][gc,phases   ] GC(883)   Other: 0.2ms
[2024-05-30T12:00:13.998+0000][5153.417s][info][gc,heap     ] GC(883) Eden regions: 565->0(564)
[2024-05-30T12:00:13.998+0000][5153.417s][info][gc,heap     ] GC(883) Survivor regions: 22->22(74)
[2024-05-30T12:00:13.998+0000][5153.417s][info][gc,heap     ] GC(883) Old regions: 611->612
[2024-05-30T12:00:13.998+0000][5153.417s][info][gc,heap     ] GC(883) Archive regions: 2->2
[2024-05-30T12:00:13.998+0000][5153.417s][info][gc,heap     ] GC(883) Humongous regions: 6->6
[2024-05-30T12:00:13.998+0000][5153.417s][info][gc,metaspace] GC(883) Metaspace: 413795K(419840K)->413795K(419840K) NonClass: 361785K(365184K)->361785K(365184K) Class: 52010K(54656K)->52010K(54656K)
[2024-05-30T12:00:13.998+0000][5153.417s][info][gc          ] GC(883) Pause Young (Normal) (G1 Evacuation Pause) 9631M->5120M(12288M) 53.786ms
[2024-05-30T12:00:13.998+0000][5153.417s][info][gc,cpu      ] GC(883) User=0.32s Sys=0.00s Real=0.06s
[2024-05-30T12:00:19.340+0000][5158.760s][info][gc,start    ] GC(884) Pause Young (Normal) (G1 Evacuation Pause)
[2024-05-30T12:00:19.340+0000][5158.760s][info][gc,task     ] GC(884) Using 6 workers of 6 for evacuation
[2024-05-30T12:00:19.393+0000][5158.813s][info][gc,phases   ] GC(884)   Pre Evacuate Collection Set: 0.2ms
[2024-05-30T12:00:19.393+0000][5158.813s][info][gc,phases   ] GC(884)   Merge Heap Roots: 0.2ms
[2024-05-30T12:00:19.393+0000][5158.813s][info][gc,phases   ] GC(884)   Evacuate Collection Set: 50.2ms
[2024-05-30T12:00:19.393+0000][5158.813s][info][gc,phases   ] GC(884)   Post Evacuate Collection Set: 2.2ms
[2024-05-30T12:00:19.393+0000][5158.813s][info][gc,phases   ] GC(884)   Other: 0.2ms
[2024-05-30T12:00:19.393+0000][5158.813s][info][gc,heap     ] GC(884) Eden regions: 564->0(567)
[2024-05-30T12:00:19.393+0000][5158.813s][info][gc,heap     ] GC(884) Survivor regions: 22->20(74)
[2024-05-30T12:00:19.393+0000][5158.813s][info][gc,heap     ] GC(884) Old regions: 612->613
[2024-05-30T12:00:19.393+0000][5158.813s][info][gc,heap     ] GC(884) Archive regions: 2->2
[2024-05-30T12:00:19.393+0000][5158.813s][info][gc,heap     ] GC(884) Humongous regions: 6->6
[2024-05-30T12:00:19.393+0000][5158.813s][info][gc,metaspace] GC(884) Metaspace: 413795K(419840K)->413795K(419840K) NonClass: 361785K(365184K)->361785K(365184K) Class: 52010K(54656K)->52010K(54656K)
[2024-05-30T12:00:19.393+0000][5158.813s][info][gc          ] GC(884) Pause Young (Normal) (G1 Evacuation Pause) 9632M->5110M(12288M) 53.062ms
[2024-05-30T12:00:19.394+0000][5158.813s][info][gc,cpu      ] GC(884) User=0.32s Sys=0.00s Real=0.05s
[2024-05-30T12:00:23.679+0000][5163.098s][info][gc,start    ] GC(885) Pause Young (Normal) (G1 Evacuation Pause)
[2024-05-30T12:00:23.679+0000][5163.098s][info][gc,task     ] GC(885) Using 6 workers of 6 for evacuation
[2024-05-30T12:00:23.732+0000][5163.152s][info][gc,phases   ] GC(885)   Pre Evacuate Collection Set: 0.2ms
[2024-05-30T12:00:23.733+0000][5163.152s][info][gc,phases   ] GC(885)   Merge Heap Roots: 0.3ms
[2024-05-30T12:00:23.733+0000][5163.152s][info][gc,phases   ] GC(885)   Evacuate Collection Set: 50.5ms
[2024-05-30T12:00:23.733+0000][5163.152s][info][gc,phases   ] GC(885)   Post Evacuate Collection Set: 2.4ms
[2024-05-30T12:00:23.733+0000][5163.152s][info][gc,phases   ] GC(885)   Other: 0.2ms
[2024-05-30T12:00:23.733+0000][5163.152s][info][gc,heap     ] GC(885) Eden regions: 567->0(565)
[2024-05-30T12:00:23.733+0000][5163.152s][info][gc,heap     ] GC(885) Survivor regions: 20->21(74)
[2024-05-30T12:00:23.733+0000][5163.152s][info][gc,heap     ] GC(885) Old regions: 613->613
[2024-05-30T12:00:23.733+0000][5163.152s][info][gc,heap     ] GC(885) Archive regions: 2->2
[2024-05-30T12:00:23.733+0000][5163.152s][info][gc,heap     ] GC(885) Humongous regions: 6->6
[2024-05-30T12:00:23.733+0000][5163.152s][info][gc,metaspace] GC(885) Metaspace: 413795K(419840K)->413795K(419840K) NonClass: 361785K(365184K)->361785K(365184K) Class: 52010K(54656K)->52010K(54656K)
[2024-05-30T12:00:23.733+0000][5163.152s][info][gc          ] GC(885) Pause Young (Normal) (G1 Evacuation Pause) 9646M->5123M(12288M) 53.607ms
[2024-05-30T12:00:23.733+0000][5163.152s][info][gc,cpu      ] GC(885) User=0.32s Sys=0.00s Real=0.05s
[2024-05-30T12:00:29.420+0000][5168.839s][info][gc,start    ] GC(886) Pause Young (Normal) (G1 Evacuation Pause)
[2024-05-30T12:00:29.420+0000][5168.839s][info][gc,task     ] GC(886) Using 6 workers of 6 for evacuation
[2024-05-30T12:00:29.472+0000][5168.891s][info][gc,phases   ] GC(886)   Pre Evacuate Collection Set: 0.2ms
[2024-05-30T12:00:29.472+0000][5168.892s][info][gc,phases   ] GC(886)   Merge Heap Roots: 0.3ms
[2024-05-30T12:00:29.472+0000][5168.892s][info][gc,phases   ] GC(886)   Evacuate Collection Set: 49.7ms
[2024-05-30T12:00:29.472+0000][5168.892s][info][gc,phases   ] GC(886)   Post Evacuate Collection Set: 2.1ms
[2024-05-30T12:00:29.472+0000][5168.892s][info][gc,phases   ] GC(886)   Other: 0.2ms
[2024-05-30T12:00:29.472+0000][5168.892s][info][gc,heap     ] GC(886) Eden regions: 565->0(566)
[2024-05-30T12:00:29.472+0000][5168.892s][info][gc,heap     ] GC(886) Survivor regions: 21->20(74)
[2024-05-30T12:00:29.472+0000][5168.892s][info][gc,heap     ] GC(886) Old regions: 613->614
[2024-05-30T12:00:29.472+0000][5168.892s][info][gc,heap     ] GC(886) Archive regions: 2->2
[2024-05-30T12:00:29.472+0000][5168.892s][info][gc,heap     ] GC(886) Humongous regions: 6->6
[2024-05-30T12:00:29.472+0000][5168.892s][info][gc,metaspace] GC(886) Metaspace: 413795K(419840K)->413795K(419840K) NonClass: 361785K(365184K)->361785K(365184K) Class: 52010K(54656K)->52010K(54656K)
[2024-05-30T12:00:29.472+0000][5168.892s][info][gc          ] GC(886) Pause Young (Normal) (G1 Evacuation Pause) 9643M->5121M(12288M) 52.536ms
[2024-05-30T12:00:29.472+0000][5168.892s][info][gc,cpu      ] GC(886) User=0.31s Sys=0.00s Real=0.05s
[2024-05-30T12:00:35.982+0000][5175.401s][info][gc,start    ] GC(887) Pause Young (Normal) (G1 Evacuation Pause)
[2024-05-30T12:00:35.982+0000][5175.401s][info][gc,task     ] GC(887) Using 6 workers of 6 for evacuation
[2024-05-30T12:00:36.042+0000][5175.461s][info][gc,phases   ] GC(887)   Pre Evacuate Collection Set: 0.2ms
[2024-05-30T12:00:36.042+0000][5175.461s][info][gc,phases   ] GC(887)   Merge Heap Roots: 0.2ms
[2024-05-30T12:00:36.042+0000][5175.461s][info][gc,phases   ] GC(887)   Evacuate Collection Set: 57.1ms
[2024-05-30T12:00:36.042+0000][5175.461s][info][gc,phases   ] GC(887)   Post Evacuate Collection Set: 2.1ms
[2024-05-30T12:00:36.042+0000][5175.461s][info][gc,phases   ] GC(887)   Other: 0.2ms
[2024-05-30T12:00:36.042+0000][5175.461s][info][gc,heap     ] GC(887) Eden regions: 566->0(561)
[2024-05-30T12:00:36.042+0000][5175.461s][info][gc,heap     ] GC(887) Survivor regions: 20->22(74)
[2024-05-30T12:00:36.042+0000][5175.461s][info][gc,heap     ] GC(887) Old regions: 614->615
[2024-05-30T12:00:36.042+0000][5175.461s][info][gc,heap     ] GC(887) Archive regions: 2->2
[2024-05-30T12:00:36.042+0000][5175.461s][info][gc,heap     ] GC(887) Humongous regions: 6->6
[2024-05-30T12:00:36.042+0000][5175.461s][info][gc,metaspace] GC(887) Metaspace: 413795K(419840K)->413795K(419840K) NonClass: 361785K(365184K)->361785K(365184K) Class: 52010K(54656K)->52010K(54656K)
[2024-05-30T12:00:36.042+0000][5175.461s][info][gc          ] GC(887) Pause Young (Normal) (G1 Evacuation Pause) 9649M->5138M(12288M) 59.950ms
[2024-05-30T12:00:36.042+0000][5175.461s][info][gc,cpu      ] GC(887) User=0.36s Sys=0.00s Real=0.06s
[2024-05-30T12:00:42.481+0000][5181.900s][info][gc,start    ] GC(888) Pause Young (Normal) (G1 Evacuation Pause)
[2024-05-30T12:00:42.481+0000][5181.900s][info][gc,task     ] GC(888) Using 6 workers of 6 for evacuation
[2024-05-30T12:00:42.534+0000][5181.953s][info][gc,phases   ] GC(888)   Pre Evacuate Collection Set: 0.2ms
[2024-05-30T12:00:42.534+0000][5181.953s][info][gc,phases   ] GC(888)   Merge Heap Roots: 0.2ms
[2024-05-30T12:00:42.534+0000][5181.953s][info][gc,phases   ] GC(888)   Evacuate Collection Set: 50.0ms
[2024-05-30T12:00:42.534+0000][5181.953s][info][gc,phases   ] GC(888)   Post Evacuate Collection Set: 2.3ms
[2024-05-30T12:00:42.534+0000][5181.953s][info][gc,phases   ] GC(888)   Other: 0.2ms
[2024-05-30T12:00:42.534+0000][5181.953s][info][gc,heap     ] GC(888) Eden regions: 561->0(561)
[2024-05-30T12:00:42.534+0000][5181.953s][info][gc,heap     ] GC(888) Survivor regions: 22->22(73)
[2024-05-30T12:00:42.534+0000][5181.953s][info][gc,heap     ] GC(888) Old regions: 615->615
[2024-05-30T12:00:42.534+0000][5181.953s][info][gc,heap     ] GC(888) Archive regions: 2->2
[2024-05-30T12:00:42.534+0000][5181.953s][info][gc,heap     ] GC(888) Humongous regions: 6->6
[2024-05-30T12:00:42.534+0000][5181.953s][info][gc,metaspace] GC(888) Metaspace: 413800K(419840K)->413800K(419840K) NonClass: 361789K(365184K)->361789K(365184K) Class: 52010K(54656K)->52010K(54656K)
[2024-05-30T12:00:42.534+0000][5181.953s][info][gc          ] GC(888) Pause Young (Normal) (G1 Evacuation Pause) 9626M->5147M(12288M) 52.949ms
[2024-05-30T12:00:42.534+0000][5181.953s][info][gc,cpu      ] GC(888) User=0.32s Sys=0.00s Real=0.05s
[2024-05-30T12:00:48.895+0000][5188.314s][info][gc,start    ] GC(889) Pause Young (Normal) (G1 Evacuation Pause)
[2024-05-30T12:00:48.895+0000][5188.314s][info][gc,task     ] GC(889) Using 6 workers of 6 for evacuation
[2024-05-30T12:00:48.946+0000][5188.366s][info][gc,phases   ] GC(889)   Pre Evacuate Collection Set: 0.2ms
[2024-05-30T12:00:48.946+0000][5188.366s][info][gc,phases   ] GC(889)   Merge Heap Roots: 0.2ms
[2024-05-30T12:00:48.946+0000][5188.366s][info][gc,phases   ] GC(889)   Evacuate Collection Set: 48.7ms
[2024-05-30T12:00:48.946+0000][5188.366s][info][gc,phases   ] GC(889)   Post Evacuate Collection Set: 2.1ms
[2024-05-30T12:00:48.946+0000][5188.366s][info][gc,phases   ] GC(889)   Other: 0.2ms
[2024-05-30T12:00:48.946+0000][5188.366s][info][gc,heap     ] GC(889) Eden regions: 561->0(558)
[2024-05-30T12:00:48.946+0000][5188.366s][info][gc,heap     ] GC(889) Survivor regions: 22->23(73)
[2024-05-30T12:00:48.946+0000][5188.366s][info][gc,heap     ] GC(889) Old regions: 615->616
[2024-05-30T12:00:48.946+0000][5188.366s][info][gc,heap     ] GC(889) Archive regions: 2->2
[2024-05-30T12:00:48.946+0000][5188.366s][info][gc,heap     ] GC(889) Humongous regions: 6->6
[2024-05-30T12:00:48.946+0000][5188.366s][info][gc,metaspace] GC(889) Metaspace: 413803K(419840K)->413803K(419840K) NonClass: 361793K(365184K)->361793K(365184K) Class: 52010K(54656K)->52010K(54656K)
[2024-05-30T12:00:48.946+0000][5188.366s][info][gc          ] GC(889) Pause Young (Normal) (G1 Evacuation Pause) 9635M->5160M(12288M) 51.465ms
[2024-05-30T12:00:48.946+0000][5188.366s][info][gc,cpu      ] GC(889) User=0.31s Sys=0.00s Real=0.05s
[2024-05-30T12:00:54.658+0000][5194.077s][info][gc,start    ] GC(890) Pause Young (Normal) (G1 Evacuation Pause)
[2024-05-30T12:00:54.658+0000][5194.077s][info][gc,task     ] GC(890) Using 6 workers of 6 for evacuation
[2024-05-30T12:00:54.706+0000][5194.125s][info][gc,phases   ] GC(890)   Pre Evacuate Collection Set: 0.2ms
[2024-05-30T12:00:54.706+0000][5194.125s][info][gc,phases   ] GC(890)   Merge Heap Roots: 0.2ms
[2024-05-30T12:00:54.706+0000][5194.125s][info][gc,phases   ] GC(890)   Evacuate Collection Set: 44.9ms
[2024-05-30T12:00:54.706+0000][5194.125s][info][gc,phases   ] GC(890)   Post Evacuate Collection Set: 2.4ms
[2024-05-30T12:00:54.706+0000][5194.125s][info][gc,phases   ] GC(890)   Other: 0.2ms
[2024-05-30T12:00:54.706+0000][5194.125s][info][gc,heap     ] GC(890) Eden regions: 558->0(565)
[2024-05-30T12:00:54.706+0000][5194.125s][info][gc,heap     ] GC(890) Survivor regions: 23->19(73)
[2024-05-30T12:00:54.706+0000][5194.125s][info][gc,heap     ] GC(890) Old regions: 616->617
[2024-05-30T12:00:54.706+0000][5194.125s][info][gc,heap     ] GC(890) Archive regions: 2->2
[2024-05-30T12:00:54.706+0000][5194.125s][info][gc,heap     ] GC(890) Humongous regions: 6->6
[2024-05-30T12:00:54.706+0000][5194.125s][info][gc,metaspace] GC(890) Metaspace: 413816K(419840K)->413816K(419840K) NonClass: 361806K(365184K)->361806K(365184K) Class: 52010K(54656K)->52010K(54656K)
[2024-05-30T12:00:54.706+0000][5194.125s][info][gc          ] GC(890) Pause Young (Normal) (G1 Evacuation Pause) 9624M->5134M(12288M) 48.035ms
[2024-05-30T12:00:54.706+0000][5194.125s][info][gc,cpu      ] GC(890) User=0.28s Sys=0.00s Real=0.04s
[2024-05-30T12:01:01.103+0000][5200.522s][info][gc,start    ] GC(891) Pause Young (Normal) (G1 Evacuation Pause)
[2024-05-30T12:01:01.103+0000][5200.522s][info][gc,task     ] GC(891) Using 6 workers of 6 for evacuation
[2024-05-30T12:01:01.153+0000][5200.572s][info][gc,phases   ] GC(891)   Pre Evacuate Collection Set: 0.2ms
[2024-05-30T12:01:01.153+0000][5200.573s][info][gc,phases   ] GC(891)   Merge Heap Roots: 0.2ms
[2024-05-30T12:01:01.153+0000][5200.573s][info][gc,phases   ] GC(891)   Evacuate Collection Set: 47.5ms
[2024-05-30T12:01:01.153+0000][5200.573s][info][gc,phases   ] GC(891)   Post Evacuate Collection Set: 2.2ms
[2024-05-30T12:01:01.153+0000][5200.573s][info][gc,phases   ] GC(891)   Other: 0.2ms
[2024-05-30T12:01:01.153+0000][5200.573s][info][gc,heap     ] GC(891) Eden regions: 565->0(565)
[2024-05-30T12:01:01.153+0000][5200.573s][info][gc,heap     ] GC(891) Survivor regions: 19->19(73)
[2024-05-30T12:01:01.153+0000][5200.573s][info][gc,heap     ] GC(891) Old regions: 617->617
[2024-05-30T12:01:01.153+0000][5200.573s][info][gc,heap     ] GC(891) Archive regions: 2->2
[2024-05-30T12:01:01.153+0000][5200.573s][info][gc,heap     ] GC(891) Humongous regions: 6->6
[2024-05-30T12:01:01.153+0000][5200.573s][info][gc,metaspace] GC(891) Metaspace: 413821K(419840K)->413821K(419840K) NonClass: 361811K(365184K)->361811K(365184K) Class: 52010K(54656K)->52010K(54656K)
[2024-05-30T12:01:01.153+0000][5200.573s][info][gc          ] GC(891) Pause Young (Normal) (G1 Evacuation Pause) 9654M->5139M(12288M) 50.366ms
[2024-05-30T12:01:01.153+0000][5200.573s][info][gc,cpu      ] GC(891) User=0.30s Sys=0.00s Real=0.05s
[2024-05-30T12:01:07.432+0000][5206.851s][info][gc,start    ] GC(892) Pause Young (Normal) (G1 Evacuation Pause)
[2024-05-30T12:01:07.432+0000][5206.851s][info][gc,task     ] GC(892) Using 6 workers of 6 for evacuation
[2024-05-30T12:01:07.481+0000][5206.900s][info][gc,phases   ] GC(892)   Pre Evacuate Collection Set: 0.2ms
[2024-05-30T12:01:07.481+0000][5206.900s][info][gc,phases   ] GC(892)   Merge Heap Roots: 0.2ms
[2024-05-30T12:01:07.481+0000][5206.900s][info][gc,phases   ] GC(892)   Evacuate Collection Set: 46.3ms
[2024-05-30T12:01:07.481+0000][5206.900s][info][gc,phases   ] GC(892)   Post Evacuate Collection Set: 2.1ms
[2024-05-30T12:01:07.481+0000][5206.900s][info][gc,phases   ] GC(892)   Other: 0.2ms
[2024-05-30T12:01:07.481+0000][5206.900s][info][gc,heap     ] GC(892) Eden regions: 565->0(562)
[2024-05-30T12:01:07.481+0000][5206.900s][info][gc,heap     ] GC(892) Survivor regions: 19->20(73)
[2024-05-30T12:01:07.481+0000][5206.900s][info][gc,heap     ] GC(892) Old regions: 617->618
[2024-05-30T12:01:07.481+0000][5206.900s][info][gc,heap     ] GC(892) Archive regions: 2->2
[2024-05-30T12:01:07.481+0000][5206.900s][info][gc,heap     ] GC(892) Humongous regions: 6->6
[2024-05-30T12:01:07.481+0000][5206.900s][info][gc,metaspace] GC(892) Metaspace: 413825K(419840K)->413825K(419840K) NonClass: 361815K(365184K)->361815K(365184K) Class: 52010K(54656K)->52010K(54656K)
[2024-05-30T12:01:07.481+0000][5206.900s][info][gc          ] GC(892) Pause Young (Normal) (G1 Evacuation Pause) 9659M->5148M(12288M) 49.105ms
[2024-05-30T12:01:07.481+0000][5206.900s][info][gc,cpu      ] GC(892) User=0.30s Sys=0.00s Real=0.05s
[2024-05-30T12:01:13.034+0000][5212.453s][info][gc,start    ] GC(893) Pause Young (Normal) (G1 Evacuation Pause)
[2024-05-30T12:01:13.034+0000][5212.453s][info][gc,task     ] GC(893) Using 6 workers of 6 for evacuation
[2024-05-30T12:01:13.102+0000][5212.521s][info][gc,phases   ] GC(893)   Pre Evacuate Collection Set: 0.2ms
[2024-05-30T12:01:13.102+0000][5212.521s][info][gc,phases   ] GC(893)   Merge Heap Roots: 0.2ms
[2024-05-30T12:01:13.102+0000][5212.521s][info][gc,phases   ] GC(893)   Evacuate Collection Set: 62.3ms
[2024-05-30T12:01:13.102+0000][5212.521s][info][gc,phases   ] GC(893)   Post Evacuate Collection Set: 5.2ms
[2024-05-30T12:01:13.102+0000][5212.521s][info][gc,phases   ] GC(893)   Other: 0.3ms
[2024-05-30T12:01:13.102+0000][5212.521s][info][gc,heap     ] GC(893) Eden regions: 562->0(555)
[2024-05-30T12:01:13.102+0000][5212.521s][info][gc,heap     ] GC(893) Survivor regions: 20->23(73)
[2024-05-30T12:01:13.102+0000][5212.521s][info][gc,heap     ] GC(893) Old regions: 618->619
[2024-05-30T12:01:13.102+0000][5212.521s][info][gc,heap     ] GC(893) Archive regions: 2->2
[2024-05-30T12:01:13.102+0000][5212.521s][info][gc,heap     ] GC(893) Humongous regions: 6->6
[2024-05-30T12:01:13.102+0000][5212.521s][info][gc,metaspace] GC(893) Metaspace: 413825K(419840K)->413825K(419840K) NonClass: 361815K(365184K)->361815K(365184K) Class: 52010K(54656K)->52010K(54656K)
[2024-05-30T12:01:13.102+0000][5212.521s][info][gc          ] GC(893) Pause Young (Normal) (G1 Evacuation Pause) 9644M->5177M(12288M) 68.164ms
[2024-05-30T12:01:13.102+0000][5212.521s][info][gc,cpu      ] GC(893) User=0.40s Sys=0.00s Real=0.07s
[2024-05-30T12:01:14.772+0000][5214.191s][info][gc,start    ] GC(894) Pause Young (Normal) (G1 Evacuation Pause)
[2024-05-30T12:01:14.772+0000][5214.191s][info][gc,task     ] GC(894) Using 6 workers of 6 for evacuation
[2024-05-30T12:01:14.868+0000][5214.287s][info][gc,phases   ] GC(894)   Pre Evacuate Collection Set: 0.2ms
[2024-05-30T12:01:14.868+0000][5214.288s][info][gc,phases   ] GC(894)   Merge Heap Roots: 0.2ms
[2024-05-30T12:01:14.868+0000][5214.288s][info][gc,phases   ] GC(894)   Evacuate Collection Set: 80.1ms
[2024-05-30T12:01:14.868+0000][5214.288s][info][gc,phases   ] GC(894)   Post Evacuate Collection Set: 16.0ms
[2024-05-30T12:01:14.868+0000][5214.288s][info][gc,phases   ] GC(894)   Other: 0.2ms
[2024-05-30T12:01:14.868+0000][5214.288s][info][gc,heap     ] GC(894) Eden regions: 555->0(551)
[2024-05-30T12:01:14.868+0000][5214.288s][info][gc,heap     ] GC(894) Survivor regions: 23->25(73)
[2024-05-30T12:01:14.868+0000][5214.288s][info][gc,heap     ] GC(894) Old regions: 619->619
[2024-05-30T12:01:14.868+0000][5214.288s][info][gc,heap     ] GC(894) Archive regions: 2->2
[2024-05-30T12:01:14.868+0000][5214.288s][info][gc,heap     ] GC(894) Humongous regions: 6->6
[2024-05-30T12:01:14.868+0000][5214.288s][info][gc,metaspace] GC(894) Metaspace: 413825K(419840K)->413825K(419840K) NonClass: 361815K(365184K)->361815K(365184K) Class: 52010K(54656K)->52010K(54656K)
[2024-05-30T12:01:14.868+0000][5214.288s][info][gc          ] GC(894) Pause Young (Normal) (G1 Evacuation Pause) 9617M->5200M(12288M) 96.829ms
[2024-05-30T12:01:14.868+0000][5214.288s][info][gc,cpu      ] GC(894) User=0.56s Sys=0.00s Real=0.10s
[2024-05-30T12:01:16.633+0000][5216.052s][info][gc,start    ] GC(895) Pause Young (Normal) (G1 Evacuation Pause)
[2024-05-30T12:01:16.633+0000][5216.053s][info][gc,task     ] GC(895) Using 6 workers of 6 for evacuation
[2024-05-30T12:01:16.729+0000][5216.148s][info][gc,phases   ] GC(895)   Pre Evacuate Collection Set: 0.2ms
[2024-05-30T12:01:16.729+0000][5216.148s][info][gc,phases   ] GC(895)   Merge Heap Roots: 0.2ms
[2024-05-30T12:01:16.729+0000][5216.148s][info][gc,phases   ] GC(895)   Evacuate Collection Set: 80.3ms
[2024-05-30T12:01:16.729+0000][5216.148s][info][gc,phases   ] GC(895)   Post Evacuate Collection Set: 14.9ms
[2024-05-30T12:01:16.729+0000][5216.148s][info][gc,phases   ] GC(895)   Other: 0.2ms
[2024-05-30T12:01:16.729+0000][5216.148s][info][gc,heap     ] GC(895) Eden regions: 551->0(548)
[2024-05-30T12:01:16.729+0000][5216.148s][info][gc,heap     ] GC(895) Survivor regions: 25->26(72)
[2024-05-30T12:01:16.729+0000][5216.148s][info][gc,heap     ] GC(895) Old regions: 619->620
[2024-05-30T12:01:16.729+0000][5216.148s][info][gc,heap     ] GC(895) Archive regions: 2->2
[2024-05-30T12:01:16.729+0000][5216.148s][info][gc,heap     ] GC(895) Humongous regions: 6->6
[2024-05-30T12:01:16.729+0000][5216.148s][info][gc,metaspace] GC(895) Metaspace: 413825K(419840K)->413825K(419840K) NonClass: 361815K(365184K)->361815K(365184K) Class: 52010K(54656K)->52010K(54656K)
[2024-05-30T12:01:16.729+0000][5216.148s][info][gc          ] GC(895) Pause Young (Normal) (G1 Evacuation Pause) 9608M->5218M(12288M) 95.902ms
[2024-05-30T12:01:16.729+0000][5216.148s][info][gc,cpu      ] GC(895) User=0.56s Sys=0.00s Real=0.10s
[2024-05-30T12:01:18.444+0000][5217.864s][info][gc,start    ] GC(896) Pause Young (Normal) (G1 Evacuation Pause)
[2024-05-30T12:01:18.445+0000][5217.864s][info][gc,task     ] GC(896) Using 6 workers of 6 for evacuation
[2024-05-30T12:01:18.551+0000][5217.970s][info][gc,phases   ] GC(896)   Pre Evacuate Collection Set: 0.2ms
[2024-05-30T12:01:18.551+0000][5217.970s][info][gc,phases   ] GC(896)   Merge Heap Roots: 0.2ms
[2024-05-30T12:01:18.551+0000][5217.970s][info][gc,phases   ] GC(896)   Evacuate Collection Set: 91.8ms
[2024-05-30T12:01:18.551+0000][5217.970s][info][gc,phases   ] GC(896)   Post Evacuate Collection Set: 14.3ms
[2024-05-30T12:01:18.551+0000][5217.970s][info][gc,phases   ] GC(896)   Other: 0.2ms
[2024-05-30T12:01:18.551+0000][5217.970s][info][gc,heap     ] GC(896) Eden regions: 548->0(539)
[2024-05-30T12:01:18.551+0000][5217.970s][info][gc,heap     ] GC(896) Survivor regions: 26->30(72)
[2024-05-30T12:01:18.551+0000][5217.970s][info][gc,heap     ] GC(896) Old regions: 620->621
[2024-05-30T12:01:18.551+0000][5217.971s][info][gc,heap     ] GC(896) Archive regions: 2->2
[2024-05-30T12:01:18.551+0000][5217.971s][info][gc,heap     ] GC(896) Humongous regions: 6->6
[2024-05-30T12:01:18.551+0000][5217.971s][info][gc,metaspace] GC(896) Metaspace: 413825K(419840K)->413825K(419840K) NonClass: 361815K(365184K)->361815K(365184K) Class: 52010K(54656K)->52010K(54656K)
[2024-05-30T12:01:18.551+0000][5217.971s][info][gc          ] GC(896) Pause Young (Normal) (G1 Evacuation Pause) 9602M->5252M(12288M) 106.808ms
[2024-05-30T12:01:18.551+0000][5217.971s][info][gc,cpu      ] GC(896) User=0.63s Sys=0.00s Real=0.11s
[2024-05-30T12:01:20.198+0000][5219.617s][info][gc,start    ] GC(897) Pause Young (Normal) (G1 Evacuation Pause)
[2024-05-30T12:01:20.198+0000][5219.617s][info][gc,task     ] GC(897) Using 6 workers of 6 for evacuation
[2024-05-30T12:01:20.327+0000][5219.747s][info][gc,phases   ] GC(897)   Pre Evacuate Collection Set: 0.2ms
[2024-05-30T12:01:20.327+0000][5219.747s][info][gc,phases   ] GC(897)   Merge Heap Roots: 0.2ms
[2024-05-30T12:01:20.328+0000][5219.747s][info][gc,phases   ] GC(897)   Evacuate Collection Set: 108.5ms
[2024-05-30T12:01:20.328+0000][5219.747s][info][gc,phases   ] GC(897)   Post Evacuate Collection Set: 20.5ms
[2024-05-30T12:01:20.328+0000][5219.747s][info][gc,phases   ] GC(897)   Other: 0.2ms
[2024-05-30T12:01:20.328+0000][5219.747s][info][gc,heap     ] GC(897) Eden regions: 539->0(534)
[2024-05-30T12:01:20.328+0000][5219.747s][info][gc,heap     ] GC(897) Survivor regions: 30->32(72)
[2024-05-30T12:01:20.328+0000][5219.747s][info][gc,heap     ] GC(897) Old regions: 621->622
[2024-05-30T12:01:20.328+0000][5219.747s][info][gc,heap     ] GC(897) Archive regions: 2->2
[2024-05-30T12:01:20.328+0000][5219.747s][info][gc,heap     ] GC(897) Humongous regions: 6->6
[2024-05-30T12:01:20.328+0000][5219.747s][info][gc,metaspace] GC(897) Metaspace: 413825K(419840K)->413825K(419840K) NonClass: 361815K(365184K)->361815K(365184K) Class: 52010K(54656K)->52010K(54656K)
[2024-05-30T12:01:20.328+0000][5219.747s][info][gc          ] GC(897) Pause Young (Normal) (G1 Evacuation Pause) 9564M->5277M(12288M) 129.715ms
[2024-05-30T12:01:20.328+0000][5219.747s][info][gc,cpu      ] GC(897) User=0.75s Sys=0.00s Real=0.12s
[2024-05-30T12:01:22.025+0000][5221.444s][info][gc,start    ] GC(898) Pause Young (Normal) (G1 Evacuation Pause)
[2024-05-30T12:01:22.025+0000][5221.444s][info][gc,task     ] GC(898) Using 6 workers of 6 for evacuation
[2024-05-30T12:01:22.151+0000][5221.570s][info][gc,phases   ] GC(898)   Pre Evacuate Collection Set: 0.3ms
[2024-05-30T12:01:22.151+0000][5221.570s][info][gc,phases   ] GC(898)   Merge Heap Roots: 0.4ms
[2024-05-30T12:01:22.151+0000][5221.570s][info][gc,phases   ] GC(898)   Evacuate Collection Set: 109.7ms
[2024-05-30T12:01:22.151+0000][5221.570s][info][gc,phases   ] GC(898)   Post Evacuate Collection Set: 15.4ms
[2024-05-30T12:01:22.151+0000][5221.570s][info][gc,phases   ] GC(898)   Other: 0.2ms
[2024-05-30T12:01:22.151+0000][5221.570s][info][gc,heap     ] GC(898) Eden regions: 534->0(530)
[2024-05-30T12:01:22.151+0000][5221.570s][info][gc,heap     ] GC(898) Survivor regions: 32->34(71)
[2024-05-30T12:01:22.151+0000][5221.570s][info][gc,heap     ] GC(898) Old regions: 622->622
[2024-05-30T12:01:22.151+0000][5221.570s][info][gc,heap     ] GC(898) Archive regions: 2->2
[2024-05-30T12:01:22.151+0000][5221.570s][info][gc,heap     ] GC(898) Humongous regions: 6->6
[2024-05-30T12:01:22.151+0000][5221.570s][info][gc,metaspace] GC(898) Metaspace: 413825K(419840K)->413825K(419840K) NonClass: 361815K(365184K)->361815K(365184K) Class: 52010K(54656K)->52010K(54656K)
[2024-05-30T12:01:22.151+0000][5221.570s][info][gc          ] GC(898) Pause Young (Normal) (G1 Evacuation Pause) 9549M->5294M(12288M) 125.985ms
[2024-05-30T12:01:22.151+0000][5221.570s][info][gc,cpu      ] GC(898) User=0.73s Sys=0.00s Real=0.13s
[2024-05-30T12:01:23.867+0000][5223.287s][info][gc,start    ] GC(899) Pause Young (Normal) (G1 Evacuation Pause)
[2024-05-30T12:01:23.867+0000][5223.287s][info][gc,task     ] GC(899) Using 6 workers of 6 for evacuation
[2024-05-30T12:01:23.998+0000][5223.417s][info][gc,phases   ] GC(899)   Pre Evacuate Collection Set: 0.2ms
[2024-05-30T12:01:23.998+0000][5223.417s][info][gc,phases   ] GC(899)   Merge Heap Roots: 0.3ms
[2024-05-30T12:01:23.998+0000][5223.417s][info][gc,phases   ] GC(899)   Evacuate Collection Set: 115.5ms
[2024-05-30T12:01:23.998+0000][5223.417s][info][gc,phases   ] GC(899)   Post Evacuate Collection Set: 14.5ms
[2024-05-30T12:01:23.998+0000][5223.417s][info][gc,phases   ] GC(899)   Other: 0.2ms
[2024-05-30T12:01:23.998+0000][5223.417s][info][gc,heap     ] GC(899) Eden regions: 530->0(525)
[2024-05-30T12:01:23.998+0000][5223.417s][info][gc,heap     ] GC(899) Survivor regions: 34->36(71)
[2024-05-30T12:01:23.998+0000][5223.417s][info][gc,heap     ] GC(899) Old regions: 622->623
[2024-05-30T12:01:23.998+0000][5223.417s][info][gc,heap     ] GC(899) Archive regions: 2->2
[2024-05-30T12:01:23.998+0000][5223.417s][info][gc,heap     ] GC(899) Humongous regions: 6->6
[2024-05-30T12:01:23.998+0000][5223.417s][info][gc,metaspace] GC(899) Metaspace: 413826K(419840K)->413826K(419840K) NonClass: 361816K(365184K)->361816K(365184K) Class: 52010K(54656K)->52010K(54656K)
[2024-05-30T12:01:23.998+0000][5223.417s][info][gc          ] GC(899) Pause Young (Normal) (G1 Evacuation Pause) 9534M->5320M(12288M) 130.722ms
[2024-05-30T12:01:23.998+0000][5223.417s][info][gc,cpu      ] GC(899) User=0.77s Sys=0.00s Real=0.14s
[2024-05-30T12:01:25.399+0000][5224.818s][info][gc,start    ] GC(900) Pause Young (Normal) (G1 Evacuation Pause)
[2024-05-30T12:01:25.399+0000][5224.818s][info][gc,task     ] GC(900) Using 6 workers of 6 for evacuation
[2024-05-30T12:01:25.537+0000][5224.956s][info][gc,phases   ] GC(900)   Pre Evacuate Collection Set: 0.2ms
[2024-05-30T12:01:25.537+0000][5224.956s][info][gc,phases   ] GC(900)   Merge Heap Roots: 0.3ms
[2024-05-30T12:01:25.537+0000][5224.956s][info][gc,phases   ] GC(900)   Evacuate Collection Set: 125.3ms
[2024-05-30T12:01:25.537+0000][5224.956s][info][gc,phases   ] GC(900)   Post Evacuate Collection Set: 11.8ms
[2024-05-30T12:01:25.537+0000][5224.956s][info][gc,phases   ] GC(900)   Other: 0.2ms
[2024-05-30T12:01:25.537+0000][5224.956s][info][gc,heap     ] GC(900) Eden regions: 525->0(522)
[2024-05-30T12:01:25.537+0000][5224.956s][info][gc,heap     ] GC(900) Survivor regions: 36->37(71)
[2024-05-30T12:01:25.537+0000][5224.956s][info][gc,heap     ] GC(900) Old regions: 623->624
[2024-05-30T12:01:25.537+0000][5224.956s][info][gc,heap     ] GC(900) Archive regions: 2->2
[2024-05-30T12:01:25.537+0000][5224.956s][info][gc,heap     ] GC(900) Humongous regions: 6->6
[2024-05-30T12:01:25.537+0000][5224.956s][info][gc,metaspace] GC(900) Metaspace: 413826K(419840K)->413826K(419840K) NonClass: 361816K(365184K)->361816K(365184K) Class: 52010K(54656K)->52010K(54656K)
[2024-05-30T12:01:25.537+0000][5224.956s][info][gc          ] GC(900) Pause Young (Normal) (G1 Evacuation Pause) 9520M->5333M(12288M) 137.924ms
[2024-05-30T12:01:25.537+0000][5224.956s][info][gc,cpu      ] GC(900) User=0.81s Sys=0.00s Real=0.14s
[2024-05-30T12:01:26.980+0000][5226.399s][info][gc,start    ] GC(901) Pause Young (Normal) (G1 Evacuation Pause)
[2024-05-30T12:01:26.980+0000][5226.399s][info][gc,task     ] GC(901) Using 6 workers of 6 for evacuation
[2024-05-30T12:01:27.130+0000][5226.549s][info][gc,phases   ] GC(901)   Pre Evacuate Collection Set: 0.2ms
[2024-05-30T12:01:27.130+0000][5226.549s][info][gc,phases   ] GC(901)   Merge Heap Roots: 0.3ms
[2024-05-30T12:01:27.130+0000][5226.549s][info][gc,phases   ] GC(901)   Evacuate Collection Set: 133.5ms
[2024-05-30T12:01:27.130+0000][5226.549s][info][gc,phases   ] GC(901)   Post Evacuate Collection Set: 15.8ms
[2024-05-30T12:01:27.130+0000][5226.549s][info][gc,phases   ] GC(901)   Other: 0.2ms
[2024-05-30T12:01:27.130+0000][5226.549s][info][gc,heap     ] GC(901) Eden regions: 522->0(523)
[2024-05-30T12:01:27.130+0000][5226.549s][info][gc,heap     ] GC(901) Survivor regions: 37->36(70)
[2024-05-30T12:01:27.130+0000][5226.549s][info][gc,heap     ] GC(901) Old regions: 624->625
[2024-05-30T12:01:27.130+0000][5226.549s][info][gc,heap     ] GC(901) Archive regions: 2->2
[2024-05-30T12:01:27.130+0000][5226.549s][info][gc,heap     ] GC(901) Humongous regions: 6->6
[2024-05-30T12:01:27.130+0000][5226.549s][info][gc,metaspace] GC(901) Metaspace: 413826K(419840K)->413826K(419840K) NonClass: 361816K(365184K)->361816K(365184K) Class: 52010K(54656K)->52010K(54656K)
[2024-05-30T12:01:27.130+0000][5226.549s][info][gc          ] GC(901) Pause Young (Normal) (G1 Evacuation Pause) 9509M->5334M(12288M) 150.129ms
[2024-05-30T12:01:27.130+0000][5226.549s][info][gc,cpu      ] GC(901) User=0.89s Sys=0.00s Real=0.15s
[2024-05-30T12:01:28.959+0000][5228.378s][info][gc,start    ] GC(902) Pause Young (Normal) (G1 Evacuation Pause)
[2024-05-30T12:01:28.959+0000][5228.378s][info][gc,task     ] GC(902) Using 6 workers of 6 for evacuation
[2024-05-30T12:01:29.108+0000][5228.527s][info][gc,phases   ] GC(902)   Pre Evacuate Collection Set: 0.2ms
[2024-05-30T12:01:29.108+0000][5228.527s][info][gc,phases   ] GC(902)   Merge Heap Roots: 0.3ms
[2024-05-30T12:01:29.108+0000][5228.527s][info][gc,phases   ] GC(902)   Evacuate Collection Set: 133.3ms
[2024-05-30T12:01:29.108+0000][5228.527s][info][gc,phases   ] GC(902)   Post Evacuate Collection Set: 15.1ms
[2024-05-30T12:01:29.108+0000][5228.527s][info][gc,phases   ] GC(902)   Other: 0.2ms
[2024-05-30T12:01:29.108+0000][5228.527s][info][gc,heap     ] GC(902) Eden regions: 523->0(520)
[2024-05-30T12:01:29.108+0000][5228.527s][info][gc,heap     ] GC(902) Survivor regions: 36->37(70)
[2024-05-30T12:01:29.108+0000][5228.527s][info][gc,heap     ] GC(902) Old regions: 625->626
[2024-05-30T12:01:29.108+0000][5228.527s][info][gc,heap     ] GC(902) Archive regions: 2->2
[2024-05-30T12:01:29.108+0000][5228.527s][info][gc,heap     ] GC(902) Humongous regions: 6->6
[2024-05-30T12:01:29.108+0000][5228.527s][info][gc,metaspace] GC(902) Metaspace: 413834K(419840K)->413834K(419840K) NonClass: 361824K(365184K)->361824K(365184K) Class: 52010K(54656K)->52010K(54656K)
[2024-05-30T12:01:29.108+0000][5228.527s][info][gc          ] GC(902) Pause Young (Normal) (G1 Evacuation Pause) 9518M->5345M(12288M) 149.115ms
[2024-05-30T12:01:29.108+0000][5228.527s][info][gc,cpu      ] GC(902) User=0.88s Sys=0.00s Real=0.14s
[2024-05-30T12:01:30.816+0000][5230.235s][info][gc,start    ] GC(903) Pause Young (Normal) (G1 Evacuation Pause)
[2024-05-30T12:01:30.816+0000][5230.235s][info][gc,task     ] GC(903) Using 6 workers of 6 for evacuation
[2024-05-30T12:01:30.969+0000][5230.388s][info][gc,phases   ] GC(903)   Pre Evacuate Collection Set: 0.2ms
[2024-05-30T12:01:30.969+0000][5230.388s][info][gc,phases   ] GC(903)   Merge Heap Roots: 0.3ms
[2024-05-30T12:01:30.969+0000][5230.388s][info][gc,phases   ] GC(903)   Evacuate Collection Set: 136.9ms
[2024-05-30T12:01:30.969+0000][5230.388s][info][gc,phases   ] GC(903)   Post Evacuate Collection Set: 15.6ms
[2024-05-30T12:01:30.969+0000][5230.388s][info][gc,phases   ] GC(903)   Other: 0.2ms
[2024-05-30T12:01:30.969+0000][5230.388s][info][gc,heap     ] GC(903) Eden regions: 520->0(519)
[2024-05-30T12:01:30.969+0000][5230.388s][info][gc,heap     ] GC(903) Survivor regions: 37->37(70)
[2024-05-30T12:01:30.969+0000][5230.388s][info][gc,heap     ] GC(903) Old regions: 626->627
[2024-05-30T12:01:30.969+0000][5230.388s][info][gc,heap     ] GC(903) Archive regions: 2->2
[2024-05-30T12:01:30.969+0000][5230.388s][info][gc,heap     ] GC(903) Humongous regions: 6->6
[2024-05-30T12:01:30.969+0000][5230.388s][info][gc,metaspace] GC(903) Metaspace: 413834K(419840K)->413834K(419840K) NonClass: 361824K(365184K)->361824K(365184K) Class: 52010K(54656K)->52010K(54656K)
[2024-05-30T12:01:30.969+0000][5230.388s][info][gc          ] GC(903) Pause Young (Normal) (G1 Evacuation Pause) 9505M->5358M(12288M) 153.323ms
[2024-05-30T12:01:30.969+0000][5230.388s][info][gc,cpu      ] GC(903) User=0.90s Sys=0.00s Real=0.16s
[2024-05-30T12:01:32.539+0000][5231.958s][info][gc,start    ] GC(904) Pause Young (Normal) (G1 Evacuation Pause)
[2024-05-30T12:01:32.539+0000][5231.958s][info][gc,task     ] GC(904) Using 6 workers of 6 for evacuation
[2024-05-30T12:01:32.699+0000][5232.118s][info][gc,phases   ] GC(904)   Pre Evacuate Collection Set: 0.2ms
[2024-05-30T12:01:32.699+0000][5232.118s][info][gc,phases   ] GC(904)   Merge Heap Roots: 0.3ms
[2024-05-30T12:01:32.699+0000][5232.118s][info][gc,phases   ] GC(904)   Evacuate Collection Set: 144.1ms
[2024-05-30T12:01:32.699+0000][5232.118s][info][gc,phases   ] GC(904)   Post Evacuate Collection Set: 15.6ms
[2024-05-30T12:01:32.699+0000][5232.118s][info][gc,phases   ] GC(904)   Other: 0.2ms
[2024-05-30T12:01:32.699+0000][5232.118s][info][gc,heap     ] GC(904) Eden regions: 519->0(514)
[2024-05-30T12:01:32.699+0000][5232.118s][info][gc,heap     ] GC(904) Survivor regions: 37->39(70)
[2024-05-30T12:01:32.699+0000][5232.118s][info][gc,heap     ] GC(904) Old regions: 627->628
[2024-05-30T12:01:32.699+0000][5232.118s][info][gc,heap     ] GC(904) Archive regions: 2->2
[2024-05-30T12:01:32.699+0000][5232.118s][info][gc,heap     ] GC(904) Humongous regions: 6->6
[2024-05-30T12:01:32.699+0000][5232.118s][info][gc,metaspace] GC(904) Metaspace: 413834K(419840K)->413834K(419840K) NonClass: 361824K(365184K)->361824K(365184K) Class: 52010K(54656K)->52010K(54656K)
[2024-05-30T12:01:32.699+0000][5232.119s][info][gc          ] GC(904) Pause Young (Normal) (G1 Evacuation Pause) 9510M->5384M(12288M) 160.536ms
[2024-05-30T12:01:32.699+0000][5232.119s][info][gc,cpu      ] GC(904) User=0.95s Sys=0.00s Real=0.16s
[2024-05-30T12:01:34.183+0000][5233.602s][info][gc,start    ] GC(905) Pause Young (Normal) (G1 Evacuation Pause)
[2024-05-30T12:01:34.183+0000][5233.602s][info][gc,task     ] GC(905) Using 6 workers of 6 for evacuation
[2024-05-30T12:01:34.350+0000][5233.770s][info][gc,phases   ] GC(905)   Pre Evacuate Collection Set: 0.2ms
[2024-05-30T12:01:34.350+0000][5233.770s][info][gc,phases   ] GC(905)   Merge Heap Roots: 0.4ms
[2024-05-30T12:01:34.350+0000][5233.770s][info][gc,phases   ] GC(905)   Evacuate Collection Set: 150.5ms
[2024-05-30T12:01:34.351+0000][5233.770s][info][gc,phases   ] GC(905)   Post Evacuate Collection Set: 16.2ms
[2024-05-30T12:01:34.351+0000][5233.770s][info][gc,phases   ] GC(905)   Other: 0.2ms
[2024-05-30T12:01:34.351+0000][5233.770s][info][gc,heap     ] GC(905) Eden regions: 514->0(515)
[2024-05-30T12:01:34.351+0000][5233.770s][info][gc,heap     ] GC(905) Survivor regions: 39->37(70)
[2024-05-30T12:01:34.351+0000][5233.770s][info][gc,heap     ] GC(905) Old regions: 628->631
[2024-05-30T12:01:34.351+0000][5233.770s][info][gc,heap     ] GC(905) Archive regions: 2->2
[2024-05-30T12:01:34.351+0000][5233.770s][info][gc,heap     ] GC(905) Humongous regions: 6->6
[2024-05-30T12:01:34.351+0000][5233.770s][info][gc,metaspace] GC(905) Metaspace: 413834K(419840K)->413834K(419840K) NonClass: 361824K(365184K)->361824K(365184K) Class: 52010K(54656K)->52010K(54656K)
[2024-05-30T12:01:34.351+0000][5233.770s][info][gc          ] GC(905) Pause Young (Normal) (G1 Evacuation Pause) 9496M->5391M(12288M) 167.437ms
[2024-05-30T12:01:34.351+0000][5233.770s][info][gc,cpu      ] GC(905) User=0.99s Sys=0.00s Real=0.17s
[2024-05-30T12:01:35.878+0000][5235.298s][info][gc,start    ] GC(906) Pause Young (Normal) (G1 Evacuation Pause)
[2024-05-30T12:01:35.878+0000][5235.298s][info][gc,task     ] GC(906) Using 6 workers of 6 for evacuation
[2024-05-30T12:01:36.044+0000][5235.463s][info][gc,phases   ] GC(906)   Pre Evacuate Collection Set: 0.2ms
[2024-05-30T12:01:36.044+0000][5235.463s][info][gc,phases   ] GC(906)   Merge Heap Roots: 0.3ms
[2024-05-30T12:01:36.044+0000][5235.463s][info][gc,phases   ] GC(906)   Evacuate Collection Set: 149.0ms
[2024-05-30T12:01:36.044+0000][5235.463s][info][gc,phases   ] GC(906)   Post Evacuate Collection Set: 15.5ms
[2024-05-30T12:01:36.044+0000][5235.463s][info][gc,phases   ] GC(906)   Other: 0.3ms
[2024-05-30T12:01:36.044+0000][5235.463s][info][gc,heap     ] GC(906) Eden regions: 515->0(510)
[2024-05-30T12:01:36.044+0000][5235.463s][info][gc,heap     ] GC(906) Survivor regions: 37->39(69)
[2024-05-30T12:01:36.044+0000][5235.463s][info][gc,heap     ] GC(906) Old regions: 631->632
[2024-05-30T12:01:36.044+0000][5235.463s][info][gc,heap     ] GC(906) Archive regions: 2->2
[2024-05-30T12:01:36.044+0000][5235.463s][info][gc,heap     ] GC(906) Humongous regions: 6->6
[2024-05-30T12:01:36.044+0000][5235.463s][info][gc,metaspace] GC(906) Metaspace: 413834K(419840K)->413834K(419840K) NonClass: 361824K(365184K)->361824K(365184K) Class: 52010K(54656K)->52010K(54656K)
[2024-05-30T12:01:36.044+0000][5235.463s][info][gc          ] GC(906) Pause Young (Normal) (G1 Evacuation Pause) 9511M->5420M(12288M) 165.325ms
[2024-05-30T12:01:36.044+0000][5235.463s][info][gc,cpu      ] GC(906) User=0.98s Sys=0.00s Real=0.16s
[2024-05-30T12:01:37.572+0000][5236.991s][info][gc,start    ] GC(907) Pause Young (Normal) (G1 Evacuation Pause)
[2024-05-30T12:01:37.572+0000][5236.991s][info][gc,task     ] GC(907) Using 6 workers of 6 for evacuation
[2024-05-30T12:01:37.746+0000][5237.165s][info][gc,phases   ] GC(907)   Pre Evacuate Collection Set: 0.2ms
[2024-05-30T12:01:37.746+0000][5237.165s][info][gc,phases   ] GC(907)   Merge Heap Roots: 0.4ms
[2024-05-30T12:01:37.746+0000][5237.165s][info][gc,phases   ] GC(907)   Evacuate Collection Set: 157.5ms
[2024-05-30T12:01:37.746+0000][5237.165s][info][gc,phases   ] GC(907)   Post Evacuate Collection Set: 15.8ms
[2024-05-30T12:01:37.746+0000][5237.165s][info][gc,phases   ] GC(907)   Other: 0.2ms
[2024-05-30T12:01:37.746+0000][5237.165s][info][gc,heap     ] GC(907) Eden regions: 510->0(509)
[2024-05-30T12:01:37.746+0000][5237.165s][info][gc,heap     ] GC(907) Survivor regions: 39->38(69)
[2024-05-30T12:01:37.746+0000][5237.165s][info][gc,heap     ] GC(907) Old regions: 632->635
[2024-05-30T12:01:37.746+0000][5237.165s][info][gc,heap     ] GC(907) Archive regions: 2->2
[2024-05-30T12:01:37.746+0000][5237.165s][info][gc,heap     ] GC(907) Humongous regions: 6->6
[2024-05-30T12:01:37.746+0000][5237.165s][info][gc,metaspace] GC(907) Metaspace: 413834K(419840K)->413834K(419840K) NonClass: 361824K(365184K)->361824K(365184K) Class: 52010K(54656K)->52010K(54656K)
[2024-05-30T12:01:37.746+0000][5237.165s][info][gc          ] GC(907) Pause Young (Normal) (G1 Evacuation Pause) 9500M->5432M(12288M) 174.190ms
[2024-05-30T12:01:37.746+0000][5237.165s][info][gc,cpu      ] GC(907) User=1.03s Sys=0.00s Real=0.17s
[2024-05-30T12:01:39.241+0000][5238.661s][info][gc,start    ] GC(908) Pause Young (Normal) (G1 Evacuation Pause)
[2024-05-30T12:01:39.241+0000][5238.661s][info][gc,task     ] GC(908) Using 6 workers of 6 for evacuation
[2024-05-30T12:01:39.412+0000][5238.832s][info][gc,phases   ] GC(908)   Pre Evacuate Collection Set: 0.2ms
[2024-05-30T12:01:39.412+0000][5238.832s][info][gc,phases   ] GC(908)   Merge Heap Roots: 0.4ms
[2024-05-30T12:01:39.412+0000][5238.832s][info][gc,phases   ] GC(908)   Evacuate Collection Set: 155.1ms
[2024-05-30T12:01:39.412+0000][5238.832s][info][gc,phases   ] GC(908)   Post Evacuate Collection Set: 15.3ms
[2024-05-30T12:01:39.413+0000][5238.832s][info][gc,phases   ] GC(908)   Other: 0.2ms
[2024-05-30T12:01:39.413+0000][5238.832s][info][gc,heap     ] GC(908) Eden regions: 509->0(504)
[2024-05-30T12:01:39.413+0000][5238.832s][info][gc,heap     ] GC(908) Survivor regions: 38->39(69)
[2024-05-30T12:01:39.413+0000][5238.832s][info][gc,heap     ] GC(908) Old regions: 635->638
[2024-05-30T12:01:39.413+0000][5238.832s][info][gc,heap     ] GC(908) Archive regions: 2->2
[2024-05-30T12:01:39.413+0000][5238.832s][info][gc,heap     ] GC(908) Humongous regions: 6->6
[2024-05-30T12:01:39.413+0000][5238.832s][info][gc,metaspace] GC(908) Metaspace: 413834K(419840K)->413834K(419840K) NonClass: 361824K(365184K)->361824K(365184K) Class: 52010K(54656K)->52010K(54656K)
[2024-05-30T12:01:39.413+0000][5238.832s][info][gc          ] GC(908) Pause Young (Normal) (G1 Evacuation Pause) 9504M->5462M(12288M) 171.229ms
[2024-05-30T12:01:39.413+0000][5238.832s][info][gc,cpu      ] GC(908) User=1.01s Sys=0.00s Real=0.17s
[2024-05-30T12:01:40.916+0000][5240.335s][info][gc,start    ] GC(909) Pause Young (Normal) (G1 Evacuation Pause)
[2024-05-30T12:01:40.916+0000][5240.335s][info][gc,task     ] GC(909) Using 6 workers of 6 for evacuation
[2024-05-30T12:01:41.077+0000][5240.496s][info][gc,phases   ] GC(909)   Pre Evacuate Collection Set: 0.2ms
[2024-05-30T12:01:41.077+0000][5240.496s][info][gc,phases   ] GC(909)   Merge Heap Roots: 0.4ms
[2024-05-30T12:01:41.077+0000][5240.496s][info][gc,phases   ] GC(909)   Evacuate Collection Set: 146.8ms
[2024-05-30T12:01:41.077+0000][5240.496s][info][gc,phases   ] GC(909)   Post Evacuate Collection Set: 13.6ms
[2024-05-30T12:01:41.077+0000][5240.496s][info][gc,phases   ] GC(909)   Other: 0.2ms
[2024-05-30T12:01:41.077+0000][5240.496s][info][gc,heap     ] GC(909) Eden regions: 504->0(505)
[2024-05-30T12:01:41.077+0000][5240.496s][info][gc,heap     ] GC(909) Survivor regions: 39->37(68)
[2024-05-30T12:01:41.077+0000][5240.496s][info][gc,heap     ] GC(909) Old regions: 638->641
[2024-05-30T12:01:41.077+0000][5240.496s][info][gc,heap     ] GC(909) Archive regions: 2->2
[2024-05-30T12:01:41.077+0000][5240.496s][info][gc,heap     ] GC(909) Humongous regions: 6->6
[2024-05-30T12:01:41.077+0000][5240.496s][info][gc,metaspace] GC(909) Metaspace: 413834K(419840K)->413834K(419840K) NonClass: 361824K(365184K)->361824K(365184K) Class: 52010K(54656K)->52010K(54656K)
[2024-05-30T12:01:41.077+0000][5240.496s][info][gc          ] GC(909) Pause Young (Normal) (G1 Evacuation Pause) 9494M->5476M(12288M) 161.175ms
[2024-05-30T12:01:41.077+0000][5240.496s][info][gc,cpu      ] GC(909) User=0.94s Sys=0.00s Real=0.17s
[2024-05-30T12:01:42.526+0000][5241.945s][info][gc,start    ] GC(910) Pause Young (Normal) (G1 Evacuation Pause)
[2024-05-30T12:01:42.526+0000][5241.945s][info][gc,task     ] GC(910) Using 6 workers of 6 for evacuation
[2024-05-30T12:01:42.691+0000][5242.110s][info][gc,phases   ] GC(910)   Pre Evacuate Collection Set: 0.2ms
[2024-05-30T12:01:42.691+0000][5242.110s][info][gc,phases   ] GC(910)   Merge Heap Roots: 0.4ms
[2024-05-30T12:01:42.691+0000][5242.110s][info][gc,phases   ] GC(910)   Evacuate Collection Set: 149.3ms
[2024-05-30T12:01:42.691+0000][5242.110s][info][gc,phases   ] GC(910)   Post Evacuate Collection Set: 15.2ms
[2024-05-30T12:01:42.691+0000][5242.110s][info][gc,phases   ] GC(910)   Other: 0.2ms
[2024-05-30T12:01:42.691+0000][5242.110s][info][gc,heap     ] GC(910) Eden regions: 505->0(503)
[2024-05-30T12:01:42.691+0000][5242.110s][info][gc,heap     ] GC(910) Survivor regions: 37->36(68)
[2024-05-30T12:01:42.691+0000][5242.110s][info][gc,heap     ] GC(910) Old regions: 641->645
[2024-05-30T12:01:42.691+0000][5242.110s][info][gc,heap     ] GC(910) Archive regions: 2->2
[2024-05-30T12:01:42.691+0000][5242.110s][info][gc,heap     ] GC(910) Humongous regions: 6->6
[2024-05-30T12:01:42.691+0000][5242.110s][info][gc,metaspace] GC(910) Metaspace: 413834K(419840K)->413834K(419840K) NonClass: 361824K(365184K)->361824K(365184K) Class: 52010K(54656K)->52010K(54656K)
[2024-05-30T12:01:42.691+0000][5242.111s][info][gc          ] GC(910) Pause Young (Normal) (G1 Evacuation Pause) 9516M->5493M(12288M) 165.396ms
[2024-05-30T12:01:42.691+0000][5242.111s][info][gc,cpu      ] GC(910) User=0.98s Sys=0.00s Real=0.17s
[2024-05-30T12:01:44.939+0000][5244.358s][info][gc,start    ] GC(911) Pause Young (Normal) (G1 Evacuation Pause)
[2024-05-30T12:01:44.939+0000][5244.358s][info][gc,task     ] GC(911) Using 6 workers of 6 for evacuation
[2024-05-30T12:01:45.054+0000][5244.474s][info][gc,phases   ] GC(911)   Pre Evacuate Collection Set: 0.2ms
[2024-05-30T12:01:45.054+0000][5244.474s][info][gc,phases   ] GC(911)   Merge Heap Roots: 0.6ms
[2024-05-30T12:01:45.054+0000][5244.474s][info][gc,phases   ] GC(911)   Evacuate Collection Set: 106.6ms
[2024-05-30T12:01:45.054+0000][5244.474s][info][gc,phases   ] GC(911)   Post Evacuate Collection Set: 8.0ms
[2024-05-30T12:01:45.054+0000][5244.474s][info][gc,phases   ] GC(911)   Other: 0.2ms
[2024-05-30T12:01:45.054+0000][5244.474s][info][gc,heap     ] GC(911) Eden regions: 503->0(519)
[2024-05-30T12:01:45.054+0000][5244.474s][info][gc,heap     ] GC(911) Survivor regions: 36->27(68)
[2024-05-30T12:01:45.054+0000][5244.474s][info][gc,heap     ] GC(911) Old regions: 645->647
[2024-05-30T12:01:45.054+0000][5244.474s][info][gc,heap     ] GC(911) Archive regions: 2->2
[2024-05-30T12:01:45.054+0000][5244.474s][info][gc,heap     ] GC(911) Humongous regions: 6->6
[2024-05-30T12:01:45.054+0000][5244.474s][info][gc,metaspace] GC(911) Metaspace: 413835K(419840K)->413835K(419840K) NonClass: 361825K(365184K)->361825K(365184K) Class: 52010K(54656K)->52010K(54656K)
[2024-05-30T12:01:45.055+0000][5244.474s][info][gc          ] GC(911) Pause Young (Normal) (G1 Evacuation Pause) 9517M->5434M(12288M) 115.649ms
[2024-05-30T12:01:45.055+0000][5244.474s][info][gc,cpu      ] GC(911) User=0.69s Sys=0.00s Real=0.11s
[2024-05-30T12:01:50.972+0000][5250.392s][info][gc,start    ] GC(912) Pause Young (Normal) (G1 Evacuation Pause)
[2024-05-30T12:01:50.972+0000][5250.392s][info][gc,task     ] GC(912) Using 6 workers of 6 for evacuation
[2024-05-30T12:01:51.063+0000][5250.482s][info][gc,phases   ] GC(912)   Pre Evacuate Collection Set: 0.2ms
[2024-05-30T12:01:51.063+0000][5250.482s][info][gc,phases   ] GC(912)   Merge Heap Roots: 0.3ms
[2024-05-30T12:01:51.063+0000][5250.482s][info][gc,phases   ] GC(912)   Evacuate Collection Set: 87.9ms
[2024-05-30T12:01:51.063+0000][5250.482s][info][gc,phases   ] GC(912)   Post Evacuate Collection Set: 2.1ms
[2024-05-30T12:01:51.063+0000][5250.482s][info][gc,phases   ] GC(912)   Other: 0.2ms
[2024-05-30T12:01:51.063+0000][5250.482s][info][gc,heap     ] GC(912) Eden regions: 519->0(517)
[2024-05-30T12:01:51.063+0000][5250.482s][info][gc,heap     ] GC(912) Survivor regions: 27->28(69)
[2024-05-30T12:01:51.063+0000][5250.482s][info][gc,heap     ] GC(912) Old regions: 647->647
[2024-05-30T12:01:51.063+0000][5250.482s][info][gc,heap     ] GC(912) Archive regions: 2->2
[2024-05-30T12:01:51.063+0000][5250.482s][info][gc,heap     ] GC(912) Humongous regions: 6->6
[2024-05-30T12:01:51.063+0000][5250.482s][info][gc,metaspace] GC(912) Metaspace: 413838K(419840K)->413838K(419840K) NonClass: 361828K(365184K)->361828K(365184K) Class: 52010K(54656K)->52010K(54656K)
[2024-05-30T12:01:51.063+0000][5250.482s][info][gc          ] GC(912) Pause Young (Normal) (G1 Evacuation Pause) 9586M->5446M(12288M) 90.769ms
[2024-05-30T12:01:51.063+0000][5250.482s][info][gc,cpu      ] GC(912) User=0.54s Sys=0.00s Real=0.09s
[2024-05-30T12:01:56.924+0000][5256.343s][info][gc,start    ] GC(913) Pause Young (Normal) (G1 Evacuation Pause)
[2024-05-30T12:01:56.924+0000][5256.343s][info][gc,task     ] GC(913) Using 6 workers of 6 for evacuation
[2024-05-30T12:01:57.017+0000][5256.436s][info][gc,phases   ] GC(913)   Pre Evacuate Collection Set: 0.2ms
[2024-05-30T12:01:57.017+0000][5256.437s][info][gc,phases   ] GC(913)   Merge Heap Roots: 0.3ms
[2024-05-30T12:01:57.017+0000][5256.437s][info][gc,phases   ] GC(913)   Evacuate Collection Set: 90.2ms
[2024-05-30T12:01:57.017+0000][5256.437s][info][gc,phases   ] GC(913)   Post Evacuate Collection Set: 2.2ms
[2024-05-30T12:01:57.017+0000][5256.437s][info][gc,phases   ] GC(913)   Other: 0.2ms
[2024-05-30T12:01:57.017+0000][5256.437s][info][gc,heap     ] GC(913) Eden regions: 517->0(515)
[2024-05-30T12:01:57.017+0000][5256.437s][info][gc,heap     ] GC(913) Survivor regions: 28->28(69)
[2024-05-30T12:01:57.017+0000][5256.437s][info][gc,heap     ] GC(913) Old regions: 647->649
[2024-05-30T12:01:57.017+0000][5256.437s][info][gc,heap     ] GC(913) Archive regions: 2->2
[2024-05-30T12:01:57.017+0000][5256.437s][info][gc,heap     ] GC(913) Humongous regions: 6->6
[2024-05-30T12:01:57.017+0000][5256.437s][info][gc,metaspace] GC(913) Metaspace: 413838K(419840K)->413838K(419840K) NonClass: 361828K(365184K)->361828K(365184K) Class: 52010K(54656K)->52010K(54656K)
[2024-05-30T12:01:57.017+0000][5256.437s][info][gc          ] GC(913) Pause Young (Normal) (G1 Evacuation Pause) 9582M->5465M(12288M) 93.246ms
[2024-05-30T12:01:57.017+0000][5256.437s][info][gc,cpu      ] GC(913) User=0.56s Sys=0.00s Real=0.10s
[2024-05-30T12:02:02.905+0000][5262.324s][info][gc,start    ] GC(914) Pause Young (Normal) (G1 Evacuation Pause)
[2024-05-30T12:02:02.905+0000][5262.324s][info][gc,task     ] GC(914) Using 6 workers of 6 for evacuation
[2024-05-30T12:02:02.996+0000][5262.415s][info][gc,phases   ] GC(914)   Pre Evacuate Collection Set: 0.2ms
[2024-05-30T12:02:02.996+0000][5262.415s][info][gc,phases   ] GC(914)   Merge Heap Roots: 0.3ms
[2024-05-30T12:02:02.996+0000][5262.415s][info][gc,phases   ] GC(914)   Evacuate Collection Set: 87.8ms
[2024-05-30T12:02:02.996+0000][5262.415s][info][gc,phases   ] GC(914)   Post Evacuate Collection Set: 2.1ms
[2024-05-30T12:02:02.996+0000][5262.415s][info][gc,phases   ] GC(914)   Other: 0.2ms
[2024-05-30T12:02:02.996+0000][5262.415s][info][gc,heap     ] GC(914) Eden regions: 515->0(512)
[2024-05-30T12:02:02.996+0000][5262.415s][info][gc,heap     ] GC(914) Survivor regions: 28->28(68)
[2024-05-30T12:02:02.996+0000][5262.415s][info][gc,heap     ] GC(914) Old regions: 649->652
[2024-05-30T12:02:02.996+0000][5262.415s][info][gc,heap     ] GC(914) Archive regions: 2->2
[2024-05-30T12:02:02.996+0000][5262.415s][info][gc,heap     ] GC(914) Humongous regions: 6->6
[2024-05-30T12:02:02.996+0000][5262.415s][info][gc,metaspace] GC(914) Metaspace: 413838K(419840K)->413838K(419840K) NonClass: 361828K(365184K)->361828K(365184K) Class: 52010K(54656K)->52010K(54656K)
[2024-05-30T12:02:02.996+0000][5262.415s][info][gc          ] GC(914) Pause Young (Normal) (G1 Evacuation Pause) 9585M->5487M(12288M) 90.605ms
[2024-05-30T12:02:02.996+0000][5262.415s][info][gc,cpu      ] GC(914) User=0.54s Sys=0.00s Real=0.09s
[2024-05-30T12:02:08.674+0000][5268.094s][info][gc,start    ] GC(915) Pause Young (Normal) (G1 Evacuation Pause)
[2024-05-30T12:02:08.674+0000][5268.094s][info][gc,task     ] GC(915) Using 6 workers of 6 for evacuation
[2024-05-30T12:02:08.764+0000][5268.184s][info][gc,phases   ] GC(915)   Pre Evacuate Collection Set: 0.2ms
[2024-05-30T12:02:08.764+0000][5268.184s][info][gc,phases   ] GC(915)   Merge Heap Roots: 0.3ms
[2024-05-30T12:02:08.764+0000][5268.184s][info][gc,phases   ] GC(915)   Evacuate Collection Set: 87.2ms
[2024-05-30T12:02:08.764+0000][5268.184s][info][gc,phases   ] GC(915)   Post Evacuate Collection Set: 2.2ms
[2024-05-30T12:02:08.764+0000][5268.184s][info][gc,phases   ] GC(915)   Other: 0.2ms
[2024-05-30T12:02:08.764+0000][5268.184s][info][gc,heap     ] GC(915) Eden regions: 512->0(514)
[2024-05-30T12:02:08.764+0000][5268.184s][info][gc,heap     ] GC(915) Survivor regions: 28->27(68)
[2024-05-30T12:02:08.765+0000][5268.184s][info][gc,heap     ] GC(915) Old regions: 652->652
[2024-05-30T12:02:08.765+0000][5268.184s][info][gc,heap     ] GC(915) Archive regions: 2->2
[2024-05-30T12:02:08.765+0000][5268.184s][info][gc,heap     ] GC(915) Humongous regions: 6->6
[2024-05-30T12:02:08.765+0000][5268.184s][info][gc,metaspace] GC(915) Metaspace: 413838K(419840K)->413838K(419840K) NonClass: 361828K(365184K)->361828K(365184K) Class: 52010K(54656K)->52010K(54656K)
[2024-05-30T12:02:08.765+0000][5268.184s][info][gc          ] GC(915) Pause Young (Normal) (G1 Evacuation Pause) 9583M->5479M(12288M) 90.293ms
[2024-05-30T12:02:08.765+0000][5268.184s][info][gc,cpu      ] GC(915) User=0.54s Sys=0.00s Real=0.09s
[2024-05-30T12:02:14.567+0000][5273.986s][info][gc,start    ] GC(916) Pause Young (Normal) (G1 Evacuation Pause)
[2024-05-30T12:02:14.567+0000][5273.986s][info][gc,task     ] GC(916) Using 6 workers of 6 for evacuation
[2024-05-30T12:02:14.652+0000][5274.071s][info][gc,phases   ] GC(916)   Pre Evacuate Collection Set: 0.2ms
[2024-05-30T12:02:14.652+0000][5274.072s][info][gc,phases   ] GC(916)   Merge Heap Roots: 0.3ms
[2024-05-30T12:02:14.652+0000][5274.072s][info][gc,phases   ] GC(916)   Evacuate Collection Set: 82.7ms
[2024-05-30T12:02:14.652+0000][5274.072s][info][gc,phases   ] GC(916)   Post Evacuate Collection Set: 2.1ms
[2024-05-30T12:02:14.652+0000][5274.072s][info][gc,phases   ] GC(916)   Other: 0.2ms
[2024-05-30T12:02:14.652+0000][5274.072s][info][gc,heap     ] GC(916) Eden regions: 514->0(514)
[2024-05-30T12:02:14.652+0000][5274.072s][info][gc,heap     ] GC(916) Survivor regions: 27->26(68)
[2024-05-30T12:02:14.652+0000][5274.072s][info][gc,heap     ] GC(916) Old regions: 652->654
[2024-05-30T12:02:14.652+0000][5274.072s][info][gc,heap     ] GC(916) Archive regions: 2->2
[2024-05-30T12:02:14.652+0000][5274.072s][info][gc,heap     ] GC(916) Humongous regions: 6->6
[2024-05-30T12:02:14.652+0000][5274.072s][info][gc,metaspace] GC(916) Metaspace: 413838K(419840K)->413838K(419840K) NonClass: 361828K(365184K)->361828K(365184K) Class: 52010K(54656K)->52010K(54656K)
[2024-05-30T12:02:14.652+0000][5274.072s][info][gc          ] GC(916) Pause Young (Normal) (G1 Evacuation Pause) 9591M->5491M(12288M) 85.560ms
[2024-05-30T12:02:14.652+0000][5274.072s][info][gc,cpu      ] GC(916) User=0.51s Sys=0.00s Real=0.09s
[2024-05-30T12:02:20.552+0000][5279.972s][info][gc,start    ] GC(917) Pause Young (Normal) (G1 Evacuation Pause)
[2024-05-30T12:02:20.552+0000][5279.972s][info][gc,task     ] GC(917) Using 6 workers of 6 for evacuation
[2024-05-30T12:02:20.644+0000][5280.063s][info][gc,phases   ] GC(917)   Pre Evacuate Collection Set: 0.2ms
[2024-05-30T12:02:20.644+0000][5280.063s][info][gc,phases   ] GC(917)   Merge Heap Roots: 0.3ms
[2024-05-30T12:02:20.644+0000][5280.063s][info][gc,phases   ] GC(917)   Evacuate Collection Set: 88.9ms
[2024-05-30T12:02:20.644+0000][5280.063s][info][gc,phases   ] GC(917)   Post Evacuate Collection Set: 2.1ms
[2024-05-30T12:02:20.644+0000][5280.063s][info][gc,phases   ] GC(917)   Other: 0.2ms
[2024-05-30T12:02:20.644+0000][5280.063s][info][gc,heap     ] GC(917) Eden regions: 514->0(509)
[2024-05-30T12:02:20.644+0000][5280.063s][info][gc,heap     ] GC(917) Survivor regions: 26->28(68)
[2024-05-30T12:02:20.644+0000][5280.063s][info][gc,heap     ] GC(917) Old regions: 654->655
[2024-05-30T12:02:20.644+0000][5280.063s][info][gc,heap     ] GC(917) Archive regions: 2->2
[2024-05-30T12:02:20.644+0000][5280.063s][info][gc,heap     ] GC(917) Humongous regions: 6->6
[2024-05-30T12:02:20.644+0000][5280.063s][info][gc,metaspace] GC(917) Metaspace: 413838K(419840K)->413838K(419840K) NonClass: 361828K(365184K)->361828K(365184K) Class: 52010K(54656K)->52010K(54656K)
[2024-05-30T12:02:20.644+0000][5280.063s][info][gc          ] GC(917) Pause Young (Normal) (G1 Evacuation Pause) 9603M->5511M(12288M) 91.795ms
[2024-05-30T12:02:20.644+0000][5280.063s][info][gc,cpu      ] GC(917) User=0.54s Sys=0.01s Real=0.09s
[2024-05-30T12:02:26.465+0000][5285.884s][info][gc,start    ] GC(918) Pause Young (Normal) (G1 Evacuation Pause)
[2024-05-30T12:02:26.465+0000][5285.884s][info][gc,task     ] GC(918) Using 6 workers of 6 for evacuation
[2024-05-30T12:02:26.552+0000][5285.971s][info][gc,phases   ] GC(918)   Pre Evacuate Collection Set: 0.2ms
[2024-05-30T12:02:26.552+0000][5285.971s][info][gc,phases   ] GC(918)   Merge Heap Roots: 0.3ms
[2024-05-30T12:02:26.552+0000][5285.971s][info][gc,phases   ] GC(918)   Evacuate Collection Set: 84.4ms
[2024-05-30T12:02:26.552+0000][5285.971s][info][gc,phases   ] GC(918)   Post Evacuate Collection Set: 2.2ms
[2024-05-30T12:02:26.552+0000][5285.971s][info][gc,phases   ] GC(918)   Other: 0.2ms
[2024-05-30T12:02:26.552+0000][5285.971s][info][gc,heap     ] GC(918) Eden regions: 509->0(505)
[2024-05-30T12:02:26.552+0000][5285.971s][info][gc,heap     ] GC(918) Survivor regions: 28->30(68)
[2024-05-30T12:02:26.552+0000][5285.971s][info][gc,heap     ] GC(918) Old regions: 655->655
[2024-05-30T12:02:26.552+0000][5285.971s][info][gc,heap     ] GC(918) Archive regions: 2->2
[2024-05-30T12:02:26.552+0000][5285.971s][info][gc,heap     ] GC(918) Humongous regions: 6->6
[2024-05-30T12:02:26.552+0000][5285.971s][info][gc,metaspace] GC(918) Metaspace: 413838K(419840K)->413838K(419840K) NonClass: 361828K(365184K)->361828K(365184K) Class: 52010K(54656K)->52010K(54656K)
[2024-05-30T12:02:26.552+0000][5285.971s][info][gc          ] GC(918) Pause Young (Normal) (G1 Evacuation Pause) 9583M->5525M(12288M) 87.299ms
[2024-05-30T12:02:26.552+0000][5285.971s][info][gc,cpu      ] GC(918) User=0.52s Sys=0.00s Real=0.09s
[2024-05-30T12:02:32.221+0000][5291.640s][info][gc,start    ] GC(919) Pause Young (Normal) (G1 Evacuation Pause)
[2024-05-30T12:02:32.221+0000][5291.640s][info][gc,task     ] GC(919) Using 6 workers of 6 for evacuation
[2024-05-30T12:02:32.309+0000][5291.728s][info][gc,phases   ] GC(919)   Pre Evacuate Collection Set: 0.3ms
[2024-05-30T12:02:32.309+0000][5291.728s][info][gc,phases   ] GC(919)   Merge Heap Roots: 0.4ms
[2024-05-30T12:02:32.309+0000][5291.728s][info][gc,phases   ] GC(919)   Evacuate Collection Set: 85.2ms
[2024-05-30T12:02:32.309+0000][5291.728s][info][gc,phases   ] GC(919)   Post Evacuate Collection Set: 2.0ms
[2024-05-30T12:02:32.309+0000][5291.728s][info][gc,phases   ] GC(919)   Other: 0.2ms
[2024-05-30T12:02:32.309+0000][5291.728s][info][gc,heap     ] GC(919) Eden regions: 505->0(503)
[2024-05-30T12:02:32.309+0000][5291.728s][info][gc,heap     ] GC(919) Survivor regions: 30->30(67)
[2024-05-30T12:02:32.309+0000][5291.728s][info][gc,heap     ] GC(919) Old regions: 655->657
[2024-05-30T12:02:32.309+0000][5291.728s][info][gc,heap     ] GC(919) Archive regions: 2->2
[2024-05-30T12:02:32.309+0000][5291.728s][info][gc,heap     ] GC(919) Humongous regions: 6->6
[2024-05-30T12:02:32.309+0000][5291.728s][info][gc,metaspace] GC(919) Metaspace: 413838K(419840K)->413838K(419840K) NonClass: 361828K(365184K)->361828K(365184K) Class: 52010K(54656K)->52010K(54656K)
[2024-05-30T12:02:32.309+0000][5291.728s][info][gc          ] GC(919) Pause Young (Normal) (G1 Evacuation Pause) 9565M->5537M(12288M) 88.186ms
[2024-05-30T12:02:32.309+0000][5291.728s][info][gc,cpu      ] GC(919) User=0.52s Sys=0.00s Real=0.09s
[2024-05-30T12:02:37.744+0000][5297.163s][info][gc,start    ] GC(920) Pause Young (Normal) (G1 Evacuation Pause)
[2024-05-30T12:02:37.744+0000][5297.163s][info][gc,task     ] GC(920) Using 6 workers of 6 for evacuation
[2024-05-30T12:02:37.830+0000][5297.250s][info][gc,phases   ] GC(920)   Pre Evacuate Collection Set: 0.2ms
[2024-05-30T12:02:37.830+0000][5297.250s][info][gc,phases   ] GC(920)   Merge Heap Roots: 0.3ms
[2024-05-30T12:02:37.830+0000][5297.250s][info][gc,phases   ] GC(920)   Evacuate Collection Set: 83.8ms
[2024-05-30T12:02:37.830+0000][5297.250s][info][gc,phases   ] GC(920)   Post Evacuate Collection Set: 2.1ms
[2024-05-30T12:02:37.830+0000][5297.250s][info][gc,phases   ] GC(920)   Other: 0.2ms
[2024-05-30T12:02:37.830+0000][5297.250s][info][gc,heap     ] GC(920) Eden regions: 503->0(507)
[2024-05-30T12:02:37.830+0000][5297.250s][info][gc,heap     ] GC(920) Survivor regions: 30->27(67)
[2024-05-30T12:02:37.830+0000][5297.250s][info][gc,heap     ] GC(920) Old regions: 657->659
[2024-05-30T12:02:37.830+0000][5297.250s][info][gc,heap     ] GC(920) Archive regions: 2->2
[2024-05-30T12:02:37.830+0000][5297.250s][info][gc,heap     ] GC(920) Humongous regions: 6->6
[2024-05-30T12:02:37.830+0000][5297.250s][info][gc,metaspace] GC(920) Metaspace: 413839K(419840K)->413839K(419840K) NonClass: 361828K(365184K)->361828K(365184K) Class: 52010K(54656K)->52010K(54656K)
[2024-05-30T12:02:37.830+0000][5297.250s][info][gc          ] GC(920) Pause Young (Normal) (G1 Evacuation Pause) 9561M->5531M(12288M) 86.620ms
[2024-05-30T12:02:37.830+0000][5297.250s][info][gc,cpu      ] GC(920) User=0.52s Sys=0.00s Real=0.09s
[2024-05-30T12:02:43.530+0000][5302.949s][info][gc,start    ] GC(921) Pause Young (Normal) (G1 Evacuation Pause)
[2024-05-30T12:02:43.530+0000][5302.949s][info][gc,task     ] GC(921) Using 6 workers of 6 for evacuation
[2024-05-30T12:02:43.607+0000][5303.026s][info][gc,phases   ] GC(921)   Pre Evacuate Collection Set: 0.2ms
[2024-05-30T12:02:43.607+0000][5303.026s][info][gc,phases   ] GC(921)   Merge Heap Roots: 0.3ms
[2024-05-30T12:02:43.607+0000][5303.026s][info][gc,phases   ] GC(921)   Evacuate Collection Set: 74.3ms
[2024-05-30T12:02:43.607+0000][5303.026s][info][gc,phases   ] GC(921)   Post Evacuate Collection Set: 2.0ms
[2024-05-30T12:02:43.607+0000][5303.026s][info][gc,phases   ] GC(921)   Other: 0.2ms
[2024-05-30T12:02:43.607+0000][5303.026s][info][gc,heap     ] GC(921) Eden regions: 507->0(505)
[2024-05-30T12:02:43.607+0000][5303.026s][info][gc,heap     ] GC(921) Survivor regions: 27->27(67)
[2024-05-30T12:02:43.607+0000][5303.026s][info][gc,heap     ] GC(921) Old regions: 659->661
[2024-05-30T12:02:43.607+0000][5303.026s][info][gc,heap     ] GC(921) Archive regions: 2->2
[2024-05-30T12:02:43.607+0000][5303.026s][info][gc,heap     ] GC(921) Humongous regions: 6->6
[2024-05-30T12:02:43.607+0000][5303.026s][info][gc,metaspace] GC(921) Metaspace: 413839K(419840K)->413839K(419840K) NonClass: 361828K(365184K)->361828K(365184K) Class: 52010K(54656K)->52010K(54656K)
[2024-05-30T12:02:43.607+0000][5303.026s][info][gc          ] GC(921) Pause Young (Normal) (G1 Evacuation Pause) 9587M->5549M(12288M) 77.124ms
[2024-05-30T12:02:43.607+0000][5303.026s][info][gc,cpu      ] GC(921) User=0.46s Sys=0.00s Real=0.07s
[2024-05-30T12:02:48.902+0000][5308.321s][info][gc,start    ] GC(922) Pause Young (Normal) (G1 Evacuation Pause)
[2024-05-30T12:02:48.902+0000][5308.321s][info][gc,task     ] GC(922) Using 6 workers of 6 for evacuation
[2024-05-30T12:02:48.973+0000][5308.393s][info][gc,phases   ] GC(922)   Pre Evacuate Collection Set: 0.2ms
[2024-05-30T12:02:48.974+0000][5308.393s][info][gc,phases   ] GC(922)   Merge Heap Roots: 0.3ms
[2024-05-30T12:02:48.974+0000][5308.393s][info][gc,phases   ] GC(922)   Evacuate Collection Set: 69.0ms
[2024-05-30T12:02:48.974+0000][5308.393s][info][gc,phases   ] GC(922)   Post Evacuate Collection Set: 2.0ms
[2024-05-30T12:02:48.974+0000][5308.393s][info][gc,phases   ] GC(922)   Other: 0.2ms
[2024-05-30T12:02:48.974+0000][5308.393s][info][gc,heap     ] GC(922) Eden regions: 505->0(506)
[2024-05-30T12:02:48.974+0000][5308.393s][info][gc,heap     ] GC(922) Survivor regions: 27->25(67)
[2024-05-30T12:02:48.974+0000][5308.393s][info][gc,heap     ] GC(922) Old regions: 661->664
[2024-05-30T12:02:48.974+0000][5308.393s][info][gc,heap     ] GC(922) Archive regions: 2->2
[2024-05-30T12:02:48.974+0000][5308.393s][info][gc,heap     ] GC(922) Humongous regions: 6->6
[2024-05-30T12:02:48.974+0000][5308.393s][info][gc,metaspace] GC(922) Metaspace: 413854K(419840K)->413854K(419840K) NonClass: 361844K(365184K)->361844K(365184K) Class: 52010K(54656K)->52010K(54656K)
[2024-05-30T12:02:48.974+0000][5308.393s][info][gc          ] GC(922) Pause Young (Normal) (G1 Evacuation Pause) 9589M->5553M(12288M) 71.715ms
[2024-05-30T12:02:48.974+0000][5308.393s][info][gc,cpu      ] GC(922) User=0.42s Sys=0.00s Real=0.07s
[2024-05-30T12:02:54.550+0000][5313.969s][info][gc,start    ] GC(923) Pause Young (Normal) (G1 Evacuation Pause)
[2024-05-30T12:02:54.550+0000][5313.969s][info][gc,task     ] GC(923) Using 6 workers of 6 for evacuation
[2024-05-30T12:02:54.619+0000][5314.038s][info][gc,phases   ] GC(923)   Pre Evacuate Collection Set: 0.2ms
[2024-05-30T12:02:54.619+0000][5314.038s][info][gc,phases   ] GC(923)   Merge Heap Roots: 0.3ms
[2024-05-30T12:02:54.619+0000][5314.038s][info][gc,phases   ] GC(923)   Evacuate Collection Set: 65.9ms
[2024-05-30T12:02:54.619+0000][5314.038s][info][gc,phases   ] GC(923)   Post Evacuate Collection Set: 2.3ms
[2024-05-30T12:02:54.619+0000][5314.038s][info][gc,phases   ] GC(923)   Other: 0.2ms
[2024-05-30T12:02:54.619+0000][5314.038s][info][gc,heap     ] GC(923) Eden regions: 506->0(508)
[2024-05-30T12:02:54.619+0000][5314.038s][info][gc,heap     ] GC(923) Survivor regions: 25->23(67)
[2024-05-30T12:02:54.619+0000][5314.038s][info][gc,heap     ] GC(923) Old regions: 664->666
[2024-05-30T12:02:54.619+0000][5314.038s][info][gc,heap     ] GC(923) Archive regions: 2->2
[2024-05-30T12:02:54.619+0000][5314.038s][info][gc,heap     ] GC(923) Humongous regions: 6->6
[2024-05-30T12:02:54.619+0000][5314.038s][info][gc,metaspace] GC(923) Metaspace: 413858K(419840K)->413858K(419840K) NonClass: 361848K(365184K)->361848K(365184K) Class: 52010K(54656K)->52010K(54656K)
[2024-05-30T12:02:54.619+0000][5314.038s][info][gc          ] GC(923) Pause Young (Normal) (G1 Evacuation Pause) 9601M->5555M(12288M) 68.858ms
[2024-05-30T12:02:54.619+0000][5314.038s][info][gc,cpu      ] GC(923) User=0.41s Sys=0.00s Real=0.07s
[2024-05-30T12:03:00.457+0000][5319.876s][info][gc,start    ] GC(924) Pause Young (Normal) (G1 Evacuation Pause)
[2024-05-30T12:03:00.457+0000][5319.876s][info][gc,task     ] GC(924) Using 6 workers of 6 for evacuation
[2024-05-30T12:03:00.531+0000][5319.950s][info][gc,phases   ] GC(924)   Pre Evacuate Collection Set: 0.2ms
[2024-05-30T12:03:00.531+0000][5319.950s][info][gc,phases   ] GC(924)   Merge Heap Roots: 0.2ms
[2024-05-30T12:03:00.531+0000][5319.950s][info][gc,phases   ] GC(924)   Evacuate Collection Set: 71.2ms
[2024-05-30T12:03:00.531+0000][5319.950s][info][gc,phases   ] GC(924)   Post Evacuate Collection Set: 2.0ms
[2024-05-30T12:03:00.531+0000][5319.950s][info][gc,phases   ] GC(924)   Other: 0.2ms
[2024-05-30T12:03:00.531+0000][5319.950s][info][gc,heap     ] GC(924) Eden regions: 508->0(508)
[2024-05-30T12:03:00.531+0000][5319.950s][info][gc,heap     ] GC(924) Survivor regions: 23->23(67)
[2024-05-30T12:03:00.531+0000][5319.950s][info][gc,heap     ] GC(924) Old regions: 666->666
[2024-05-30T12:03:00.531+0000][5319.950s][info][gc,heap     ] GC(924) Archive regions: 2->2
[2024-05-30T12:03:00.531+0000][5319.950s][info][gc,heap     ] GC(924) Humongous regions: 6->6
[2024-05-30T12:03:00.531+0000][5319.950s][info][gc,metaspace] GC(924) Metaspace: 413858K(419840K)->413858K(419840K) NonClass: 361848K(365184K)->361848K(365184K) Class: 52010K(54656K)->52010K(54656K)
[2024-05-30T12:03:00.531+0000][5319.950s][info][gc          ] GC(924) Pause Young (Normal) (G1 Evacuation Pause) 9619M->5563M(12288M) 73.854ms
[2024-05-30T12:03:00.531+0000][5319.950s][info][gc,cpu      ] GC(924) User=0.43s Sys=0.00s Real=0.07s
[2024-05-30T12:03:06.187+0000][5325.606s][info][gc,start    ] GC(925) Pause Young (Normal) (G1 Evacuation Pause)
[2024-05-30T12:03:06.187+0000][5325.606s][info][gc,task     ] GC(925) Using 6 workers of 6 for evacuation
[2024-05-30T12:03:06.245+0000][5325.664s][info][gc,phases   ] GC(925)   Pre Evacuate Collection Set: 0.2ms
[2024-05-30T12:03:06.245+0000][5325.664s][info][gc,phases   ] GC(925)   Merge Heap Roots: 0.3ms
[2024-05-30T12:03:06.245+0000][5325.664s][info][gc,phases   ] GC(925)   Evacuate Collection Set: 55.2ms
[2024-05-30T12:03:06.245+0000][5325.664s][info][gc,phases   ] GC(925)   Post Evacuate Collection Set: 2.0ms
[2024-05-30T12:03:06.245+0000][5325.664s][info][gc,phases   ] GC(925)   Other: 0.2ms
[2024-05-30T12:03:06.245+0000][5325.664s][info][gc,heap     ] GC(925) Eden regions: 508->0(511)
[2024-05-30T12:03:06.245+0000][5325.664s][info][gc,heap     ] GC(925) Survivor regions: 23->20(67)
[2024-05-30T12:03:06.245+0000][5325.664s][info][gc,heap     ] GC(925) Old regions: 666->669
[2024-05-30T12:03:06.245+0000][5325.664s][info][gc,heap     ] GC(925) Archive regions: 2->2
[2024-05-30T12:03:06.245+0000][5325.664s][info][gc,heap     ] GC(925) Humongous regions: 6->6
[2024-05-30T12:03:06.245+0000][5325.664s][info][gc,metaspace] GC(925) Metaspace: 413859K(419840K)->413859K(419840K) NonClass: 361848K(365184K)->361848K(365184K) Class: 52010K(54656K)->52010K(54656K)
[2024-05-30T12:03:06.245+0000][5325.664s][info][gc          ] GC(925) Pause Young (Normal) (G1 Evacuation Pause) 9627M->5558M(12288M) 57.952ms
[2024-05-30T12:03:06.245+0000][5325.664s][info][gc,cpu      ] GC(925) User=0.35s Sys=0.00s Real=0.06s
[2024-05-30T12:03:11.952+0000][5331.371s][info][gc,start    ] GC(926) Pause Young (Normal) (G1 Evacuation Pause)
[2024-05-30T12:03:11.952+0000][5331.371s][info][gc,task     ] GC(926) Using 6 workers of 6 for evacuation
[2024-05-30T12:03:12.002+0000][5331.422s][info][gc,phases   ] GC(926)   Pre Evacuate Collection Set: 0.2ms
[2024-05-30T12:03:12.002+0000][5331.422s][info][gc,phases   ] GC(926)   Merge Heap Roots: 0.2ms
[2024-05-30T12:03:12.002+0000][5331.422s][info][gc,phases   ] GC(926)   Evacuate Collection Set: 47.9ms
[2024-05-30T12:03:12.002+0000][5331.422s][info][gc,phases   ] GC(926)   Post Evacuate Collection Set: 2.0ms
[2024-05-30T12:03:12.002+0000][5331.422s][info][gc,phases   ] GC(926)   Other: 0.2ms
[2024-05-30T12:03:12.003+0000][5331.422s][info][gc,heap     ] GC(926) Eden regions: 511->0(510)
[2024-05-30T12:03:12.003+0000][5331.422s][info][gc,heap     ] GC(926) Survivor regions: 20->20(67)
[2024-05-30T12:03:12.003+0000][5331.422s][info][gc,heap     ] GC(926) Old regions: 669->670
[2024-05-30T12:03:12.003+0000][5331.422s][info][gc,heap     ] GC(926) Archive regions: 2->2
[2024-05-30T12:03:12.003+0000][5331.422s][info][gc,heap     ] GC(926) Humongous regions: 6->6
[2024-05-30T12:03:12.003+0000][5331.422s][info][gc,metaspace] GC(926) Metaspace: 413859K(419840K)->413859K(419840K) NonClass: 361848K(365184K)->361848K(365184K) Class: 52010K(54656K)->52010K(54656K)
[2024-05-30T12:03:12.003+0000][5331.422s][info][gc          ] GC(926) Pause Young (Normal) (G1 Evacuation Pause) 9646M->5571M(12288M) 50.551ms
[2024-05-30T12:03:12.003+0000][5331.422s][info][gc,cpu      ] GC(926) User=0.29s Sys=0.01s Real=0.05s
[2024-05-30T12:03:17.759+0000][5337.179s][info][gc,start    ] GC(927) Pause Young (Normal) (G1 Evacuation Pause)
[2024-05-30T12:03:17.759+0000][5337.179s][info][gc,task     ] GC(927) Using 6 workers of 6 for evacuation
[2024-05-30T12:03:17.812+0000][5337.231s][info][gc,phases   ] GC(927)   Pre Evacuate Collection Set: 0.2ms
[2024-05-30T12:03:17.812+0000][5337.231s][info][gc,phases   ] GC(927)   Merge Heap Roots: 0.2ms
[2024-05-30T12:03:17.812+0000][5337.231s][info][gc,phases   ] GC(927)   Evacuate Collection Set: 49.7ms
[2024-05-30T12:03:17.812+0000][5337.231s][info][gc,phases   ] GC(927)   Post Evacuate Collection Set: 2.0ms
[2024-05-30T12:03:17.812+0000][5337.231s][info][gc,phases   ] GC(927)   Other: 0.2ms
[2024-05-30T12:03:17.812+0000][5337.231s][info][gc,heap     ] GC(927) Eden regions: 510->0(509)
[2024-05-30T12:03:17.812+0000][5337.231s][info][gc,heap     ] GC(927) Survivor regions: 20->20(67)
[2024-05-30T12:03:17.812+0000][5337.231s][info][gc,heap     ] GC(927) Old regions: 670->671
[2024-05-30T12:03:17.812+0000][5337.231s][info][gc,heap     ] GC(927) Archive regions: 2->2
[2024-05-30T12:03:17.812+0000][5337.231s][info][gc,heap     ] GC(927) Humongous regions: 6->6
[2024-05-30T12:03:17.812+0000][5337.231s][info][gc,metaspace] GC(927) Metaspace: 413859K(419840K)->413859K(419840K) NonClass: 361848K(365184K)->361848K(365184K) Class: 52010K(54656K)->52010K(54656K)
[2024-05-30T12:03:17.812+0000][5337.231s][info][gc          ] GC(927) Pause Young (Normal) (G1 Evacuation Pause) 9651M->5576M(12288M) 52.371ms
[2024-05-30T12:03:17.812+0000][5337.231s][info][gc,cpu      ] GC(927) User=0.31s Sys=0.00s Real=0.05s
[2024-05-30T12:03:23.575+0000][5342.994s][info][gc,start    ] GC(928) Pause Young (Normal) (G1 Evacuation Pause)
[2024-05-30T12:03:23.575+0000][5342.994s][info][gc,task     ] GC(928) Using 6 workers of 6 for evacuation
[2024-05-30T12:03:23.626+0000][5343.045s][info][gc,phases   ] GC(928)   Pre Evacuate Collection Set: 0.2ms
[2024-05-30T12:03:23.626+0000][5343.045s][info][gc,phases   ] GC(928)   Merge Heap Roots: 0.2ms
[2024-05-30T12:03:23.626+0000][5343.045s][info][gc,phases   ] GC(928)   Evacuate Collection Set: 47.9ms
[2024-05-30T12:03:23.626+0000][5343.045s][info][gc,phases   ] GC(928)   Post Evacuate Collection Set: 2.3ms
[2024-05-30T12:03:23.626+0000][5343.045s][info][gc,phases   ] GC(928)   Other: 0.2ms
[2024-05-30T12:03:23.626+0000][5343.045s][info][gc,heap     ] GC(928) Eden regions: 509->0(504)
[2024-05-30T12:03:23.626+0000][5343.045s][info][gc,heap     ] GC(928) Survivor regions: 20->22(67)
[2024-05-30T12:03:23.626+0000][5343.045s][info][gc,heap     ] GC(928) Old regions: 671->672
[2024-05-30T12:03:23.626+0000][5343.045s][info][gc,heap     ] GC(928) Archive regions: 2->2
[2024-05-30T12:03:23.626+0000][5343.045s][info][gc,heap     ] GC(928) Humongous regions: 6->6
[2024-05-30T12:03:23.626+0000][5343.045s][info][gc,metaspace] GC(928) Metaspace: 413859K(419840K)->413859K(419840K) NonClass: 361848K(365184K)->361848K(365184K) Class: 52010K(54656K)->52010K(54656K)
[2024-05-30T12:03:23.626+0000][5343.045s][info][gc          ] GC(928) Pause Young (Normal) (G1 Evacuation Pause) 9648M->5597M(12288M) 50.901ms
[2024-05-30T12:03:23.626+0000][5343.045s][info][gc,cpu      ] GC(928) User=0.30s Sys=0.00s Real=0.05s
[2024-05-30T12:03:29.191+0000][5348.611s][info][gc,start    ] GC(929) Pause Young (Normal) (G1 Evacuation Pause)
[2024-05-30T12:03:29.191+0000][5348.611s][info][gc,task     ] GC(929) Using 6 workers of 6 for evacuation
[2024-05-30T12:03:29.244+0000][5348.663s][info][gc,phases   ] GC(929)   Pre Evacuate Collection Set: 0.2ms
[2024-05-30T12:03:29.244+0000][5348.663s][info][gc,phases   ] GC(929)   Merge Heap Roots: 0.2ms
[2024-05-30T12:03:29.244+0000][5348.663s][info][gc,phases   ] GC(929)   Evacuate Collection Set: 49.5ms
[2024-05-30T12:03:29.244+0000][5348.663s][info][gc,phases   ] GC(929)   Post Evacuate Collection Set: 2.1ms
[2024-05-30T12:03:29.244+0000][5348.663s][info][gc,phases   ] GC(929)   Other: 0.2ms
[2024-05-30T12:03:29.244+0000][5348.663s][info][gc,heap     ] GC(929) Eden regions: 504->0(504)
[2024-05-30T12:03:29.244+0000][5348.663s][info][gc,heap     ] GC(929) Survivor regions: 22->22(66)
[2024-05-30T12:03:29.244+0000][5348.663s][info][gc,heap     ] GC(929) Old regions: 672->672
[2024-05-30T12:03:29.244+0000][5348.663s][info][gc,heap     ] GC(929) Archive regions: 2->2
[2024-05-30T12:03:29.244+0000][5348.663s][info][gc,heap     ] GC(929) Humongous regions: 6->6
[2024-05-30T12:03:29.244+0000][5348.663s][info][gc,metaspace] GC(929) Metaspace: 413865K(419840K)->413865K(419840K) NonClass: 361855K(365184K)->361855K(365184K) Class: 52010K(54656K)->52010K(54656K)
[2024-05-30T12:03:29.244+0000][5348.663s][info][gc          ] GC(929) Pause Young (Normal) (G1 Evacuation Pause) 9629M->5598M(12288M) 52.293ms
[2024-05-30T12:03:29.244+0000][5348.663s][info][gc,cpu      ] GC(929) User=0.32s Sys=0.00s Real=0.05s
[2024-05-30T12:03:34.794+0000][5354.213s][info][gc,start    ] GC(930) Pause Young (Normal) (G1 Evacuation Pause)
[2024-05-30T12:03:34.794+0000][5354.213s][info][gc,task     ] GC(930) Using 6 workers of 6 for evacuation
[2024-05-30T12:03:34.845+0000][5354.264s][info][gc,phases   ] GC(930)   Pre Evacuate Collection Set: 0.2ms
[2024-05-30T12:03:34.845+0000][5354.264s][info][gc,phases   ] GC(930)   Merge Heap Roots: 0.3ms
[2024-05-30T12:03:34.845+0000][5354.264s][info][gc,phases   ] GC(930)   Evacuate Collection Set: 48.5ms
[2024-05-30T12:03:34.845+0000][5354.264s][info][gc,phases   ] GC(930)   Post Evacuate Collection Set: 2.0ms
[2024-05-30T12:03:34.845+0000][5354.264s][info][gc,phases   ] GC(930)   Other: 0.3ms
[2024-05-30T12:03:34.845+0000][5354.264s][info][gc,heap     ] GC(930) Eden regions: 504->0(507)
[2024-05-30T12:03:34.845+0000][5354.264s][info][gc,heap     ] GC(930) Survivor regions: 22->20(66)
[2024-05-30T12:03:34.845+0000][5354.264s][info][gc,heap     ] GC(930) Old regions: 672->673
[2024-05-30T12:03:34.845+0000][5354.264s][info][gc,heap     ] GC(930) Archive regions: 2->2
[2024-05-30T12:03:34.845+0000][5354.264s][info][gc,heap     ] GC(930) Humongous regions: 6->6
[2024-05-30T12:03:34.845+0000][5354.264s][info][gc,metaspace] GC(930) Metaspace: 413866K(419840K)->413866K(419840K) NonClass: 361855K(365184K)->361855K(365184K) Class: 52010K(54656K)->52010K(54656K)
[2024-05-30T12:03:34.845+0000][5354.264s][info][gc          ] GC(930) Pause Young (Normal) (G1 Evacuation Pause) 9630M->5592M(12288M) 51.297ms
[2024-05-30T12:03:34.845+0000][5354.265s][info][gc,cpu      ] GC(930) User=0.30s Sys=0.00s Real=0.05s
[2024-05-30T12:03:40.386+0000][5359.805s][info][gc,start    ] GC(931) Pause Young (Normal) (G1 Evacuation Pause)
[2024-05-30T12:03:40.386+0000][5359.805s][info][gc,task     ] GC(931) Using 6 workers of 6 for evacuation
[2024-05-30T12:03:40.442+0000][5359.861s][info][gc,phases   ] GC(931)   Pre Evacuate Collection Set: 0.2ms
[2024-05-30T12:03:40.442+0000][5359.861s][info][gc,phases   ] GC(931)   Merge Heap Roots: 0.2ms
[2024-05-30T12:03:40.442+0000][5359.861s][info][gc,phases   ] GC(931)   Evacuate Collection Set: 53.8ms
[2024-05-30T12:03:40.442+0000][5359.862s][info][gc,phases   ] GC(931)   Post Evacuate Collection Set: 2.0ms
[2024-05-30T12:03:40.442+0000][5359.862s][info][gc,phases   ] GC(931)   Other: 0.2ms
[2024-05-30T12:03:40.442+0000][5359.862s][info][gc,heap     ] GC(931) Eden regions: 507->0(502)
[2024-05-30T12:03:40.442+0000][5359.862s][info][gc,heap     ] GC(931) Survivor regions: 20->22(66)
[2024-05-30T12:03:40.442+0000][5359.862s][info][gc,heap     ] GC(931) Old regions: 673->674
[2024-05-30T12:03:40.442+0000][5359.862s][info][gc,heap     ] GC(931) Archive regions: 2->2
[2024-05-30T12:03:40.442+0000][5359.862s][info][gc,heap     ] GC(931) Humongous regions: 6->6
[2024-05-30T12:03:40.442+0000][5359.862s][info][gc,metaspace] GC(931) Metaspace: 413866K(419840K)->413866K(419840K) NonClass: 361855K(365184K)->361855K(365184K) Class: 52010K(54656K)->52010K(54656K)
[2024-05-30T12:03:40.442+0000][5359.862s][info][gc          ] GC(931) Pause Young (Normal) (G1 Evacuation Pause) 9648M->5610M(12288M) 56.548ms
[2024-05-30T12:03:40.442+0000][5359.862s][info][gc,cpu      ] GC(931) User=0.33s Sys=0.00s Real=0.06s
[2024-05-30T12:03:45.612+0000][5365.031s][info][gc,start    ] GC(932) Pause Young (Normal) (G1 Evacuation Pause)
[2024-05-30T12:03:45.612+0000][5365.031s][info][gc,task     ] GC(932) Using 6 workers of 6 for evacuation
[2024-05-30T12:03:45.659+0000][5365.079s][info][gc,phases   ] GC(932)   Pre Evacuate Collection Set: 0.2ms
[2024-05-30T12:03:45.660+0000][5365.079s][info][gc,phases   ] GC(932)   Merge Heap Roots: 0.2ms
[2024-05-30T12:03:45.660+0000][5365.079s][info][gc,phases   ] GC(932)   Evacuate Collection Set: 44.6ms
[2024-05-30T12:03:45.660+0000][5365.079s][info][gc,phases   ] GC(932)   Post Evacuate Collection Set: 2.1ms
[2024-05-30T12:03:45.660+0000][5365.079s][info][gc,phases   ] GC(932)   Other: 0.3ms
[2024-05-30T12:03:45.660+0000][5365.079s][info][gc,heap     ] GC(932) Eden regions: 502->0(507)
[2024-05-30T12:03:45.660+0000][5365.079s][info][gc,heap     ] GC(932) Survivor regions: 22->19(66)
[2024-05-30T12:03:45.660+0000][5365.079s][info][gc,heap     ] GC(932) Old regions: 674->675
[2024-05-30T12:03:45.660+0000][5365.079s][info][gc,heap     ] GC(932) Archive regions: 2->2
[2024-05-30T12:03:45.660+0000][5365.079s][info][gc,heap     ] GC(932) Humongous regions: 6->6
[2024-05-30T12:03:45.660+0000][5365.079s][info][gc,metaspace] GC(932) Metaspace: 413870K(419840K)->413870K(419840K) NonClass: 361860K(365184K)->361860K(365184K) Class: 52010K(54656K)->52010K(54656K)
[2024-05-30T12:03:45.660+0000][5365.079s][info][gc          ] GC(932) Pause Young (Normal) (G1 Evacuation Pause) 9626M->5598M(12288M) 47.468ms
[2024-05-30T12:03:45.660+0000][5365.079s][info][gc,cpu      ] GC(932) User=0.28s Sys=0.00s Real=0.05s
[2024-05-30T12:03:51.289+0000][5370.708s][info][gc,start    ] GC(933) Pause Young (Normal) (G1 Evacuation Pause)
[2024-05-30T12:03:51.289+0000][5370.708s][info][gc,task     ] GC(933) Using 6 workers of 6 for evacuation
[2024-05-30T12:03:51.342+0000][5370.762s][info][gc,phases   ] GC(933)   Pre Evacuate Collection Set: 0.2ms
[2024-05-30T12:03:51.342+0000][5370.762s][info][gc,phases   ] GC(933)   Merge Heap Roots: 0.3ms
[2024-05-30T12:03:51.342+0000][5370.762s][info][gc,phases   ] GC(933)   Evacuate Collection Set: 50.6ms
[2024-05-30T12:03:51.342+0000][5370.762s][info][gc,phases   ] GC(933)   Post Evacuate Collection Set: 2.3ms
[2024-05-30T12:03:51.342+0000][5370.762s][info][gc,phases   ] GC(933)   Other: 0.2ms
[2024-05-30T12:03:51.342+0000][5370.762s][info][gc,heap     ] GC(933) Eden regions: 507->0(505)
[2024-05-30T12:03:51.342+0000][5370.762s][info][gc,heap     ] GC(933) Survivor regions: 19->20(66)
[2024-05-30T12:03:51.342+0000][5370.762s][info][gc,heap     ] GC(933) Old regions: 675->675
[2024-05-30T12:03:51.342+0000][5370.762s][info][gc,heap     ] GC(933) Archive regions: 2->2
[2024-05-30T12:03:51.342+0000][5370.762s][info][gc,heap     ] GC(933) Humongous regions: 6->6
[2024-05-30T12:03:51.342+0000][5370.762s][info][gc,metaspace] GC(933) Metaspace: 413870K(419840K)->413870K(419840K) NonClass: 361860K(365184K)->361860K(365184K) Class: 52010K(54656K)->52010K(54656K)
[2024-05-30T12:03:51.342+0000][5370.762s][info][gc          ] GC(933) Pause Young (Normal) (G1 Evacuation Pause) 9654M->5611M(12288M) 53.591ms
[2024-05-30T12:03:51.342+0000][5370.762s][info][gc,cpu      ] GC(933) User=0.32s Sys=0.00s Real=0.05s
[2024-05-30T12:03:56.785+0000][5376.204s][info][gc,start    ] GC(934) Pause Young (Normal) (G1 Evacuation Pause)
[2024-05-30T12:03:56.785+0000][5376.204s][info][gc,task     ] GC(934) Using 6 workers of 6 for evacuation
[2024-05-30T12:03:56.835+0000][5376.254s][info][gc,phases   ] GC(934)   Pre Evacuate Collection Set: 0.2ms
[2024-05-30T12:03:56.835+0000][5376.254s][info][gc,phases   ] GC(934)   Merge Heap Roots: 0.2ms
[2024-05-30T12:03:56.835+0000][5376.254s][info][gc,phases   ] GC(934)   Evacuate Collection Set: 47.2ms
[2024-05-30T12:03:56.835+0000][5376.254s][info][gc,phases   ] GC(934)   Post Evacuate Collection Set: 2.1ms
[2024-05-30T12:03:56.835+0000][5376.254s][info][gc,phases   ] GC(934)   Other: 0.2ms
[2024-05-30T12:03:56.835+0000][5376.254s][info][gc,heap     ] GC(934) Eden regions: 505->0(508)
[2024-05-30T12:03:56.835+0000][5376.254s][info][gc,heap     ] GC(934) Survivor regions: 20->18(66)
[2024-05-30T12:03:56.835+0000][5376.254s][info][gc,heap     ] GC(934) Old regions: 675->676
[2024-05-30T12:03:56.835+0000][5376.254s][info][gc,heap     ] GC(934) Archive regions: 2->2
[2024-05-30T12:03:56.835+0000][5376.254s][info][gc,heap     ] GC(934) Humongous regions: 6->6
[2024-05-30T12:03:56.835+0000][5376.254s][info][gc,metaspace] GC(934) Metaspace: 413870K(419840K)->413870K(419840K) NonClass: 361860K(365184K)->361860K(365184K) Class: 52010K(54656K)->52010K(54656K)
[2024-05-30T12:03:56.835+0000][5376.254s][info][gc          ] GC(934) Pause Young (Normal) (G1 Evacuation Pause) 9651M->5600M(12288M) 50.066ms
[2024-05-30T12:03:56.835+0000][5376.254s][info][gc,cpu      ] GC(934) User=0.30s Sys=0.00s Real=0.05s
[2024-05-30T12:04:02.394+0000][5381.813s][info][gc,start    ] GC(935) Pause Young (Normal) (G1 Evacuation Pause)
[2024-05-30T12:04:02.394+0000][5381.813s][info][gc,task     ] GC(935) Using 6 workers of 6 for evacuation
[2024-05-30T12:04:02.442+0000][5381.861s][info][gc,phases   ] GC(935)   Pre Evacuate Collection Set: 0.2ms
[2024-05-30T12:04:02.442+0000][5381.862s][info][gc,phases   ] GC(935)   Merge Heap Roots: 0.3ms
[2024-05-30T12:04:02.442+0000][5381.862s][info][gc,phases   ] GC(935)   Evacuate Collection Set: 45.5ms
[2024-05-30T12:04:02.442+0000][5381.862s][info][gc,phases   ] GC(935)   Post Evacuate Collection Set: 2.0ms
[2024-05-30T12:04:02.442+0000][5381.862s][info][gc,phases   ] GC(935)   Other: 0.2ms
[2024-05-30T12:04:02.442+0000][5381.862s][info][gc,heap     ] GC(935) Eden regions: 508->0(503)
[2024-05-30T12:04:02.442+0000][5381.862s][info][gc,heap     ] GC(935) Survivor regions: 18->20(66)
[2024-05-30T12:04:02.442+0000][5381.862s][info][gc,heap     ] GC(935) Old regions: 676->677
[2024-05-30T12:04:02.442+0000][5381.862s][info][gc,heap     ] GC(935) Archive regions: 2->2
[2024-05-30T12:04:02.442+0000][5381.862s][info][gc,heap     ] GC(935) Humongous regions: 6->6
[2024-05-30T12:04:02.442+0000][5381.862s][info][gc,metaspace] GC(935) Metaspace: 413870K(419840K)->413870K(419840K) NonClass: 361860K(365184K)->361860K(365184K) Class: 52010K(54656K)->52010K(54656K)
[2024-05-30T12:04:02.442+0000][5381.862s][info][gc          ] GC(935) Pause Young (Normal) (G1 Evacuation Pause) 9664M->5617M(12288M) 48.274ms
[2024-05-30T12:04:02.442+0000][5381.862s][info][gc,cpu      ] GC(935) User=0.29s Sys=0.00s Real=0.05s
[2024-05-30T12:04:07.958+0000][5387.378s][info][gc,start    ] GC(936) Pause Young (Normal) (G1 Evacuation Pause)
[2024-05-30T12:04:07.958+0000][5387.378s][info][gc,task     ] GC(936) Using 6 workers of 6 for evacuation
[2024-05-30T12:04:08.007+0000][5387.426s][info][gc,phases   ] GC(936)   Pre Evacuate Collection Set: 0.2ms
[2024-05-30T12:04:08.007+0000][5387.426s][info][gc,phases   ] GC(936)   Merge Heap Roots: 0.3ms
[2024-05-30T12:04:08.007+0000][5387.426s][info][gc,phases   ] GC(936)   Evacuate Collection Set: 46.1ms
[2024-05-30T12:04:08.007+0000][5387.426s][info][gc,phases   ] GC(936)   Post Evacuate Collection Set: 2.0ms
[2024-05-30T12:04:08.007+0000][5387.426s][info][gc,phases   ] GC(936)   Other: 0.2ms
[2024-05-30T12:04:08.007+0000][5387.426s][info][gc,heap     ] GC(936) Eden regions: 503->0(503)
[2024-05-30T12:04:08.007+0000][5387.426s][info][gc,heap     ] GC(936) Survivor regions: 20->20(66)
[2024-05-30T12:04:08.007+0000][5387.426s][info][gc,heap     ] GC(936) Old regions: 677->677
[2024-05-30T12:04:08.007+0000][5387.426s][info][gc,heap     ] GC(936) Archive regions: 2->2
[2024-05-30T12:04:08.007+0000][5387.426s][info][gc,heap     ] GC(936) Humongous regions: 6->6
[2024-05-30T12:04:08.007+0000][5387.426s][info][gc,metaspace] GC(936) Metaspace: 413870K(419840K)->413870K(419840K) NonClass: 361860K(365184K)->361860K(365184K) Class: 52010K(54656K)->52010K(54656K)
[2024-05-30T12:04:08.007+0000][5387.427s][info][gc          ] GC(936) Pause Young (Normal) (G1 Evacuation Pause) 9641M->5626M(12288M) 48.845ms
[2024-05-30T12:04:08.007+0000][5387.427s][info][gc,cpu      ] GC(936) User=0.29s Sys=0.00s Real=0.04s
[2024-05-30T12:04:13.546+0000][5392.965s][info][gc,start    ] GC(937) Pause Young (Normal) (G1 Evacuation Pause)
[2024-05-30T12:04:13.546+0000][5392.965s][info][gc,task     ] GC(937) Using 6 workers of 6 for evacuation
[2024-05-30T12:04:13.595+0000][5393.014s][info][gc,phases   ] GC(937)   Pre Evacuate Collection Set: 0.2ms
[2024-05-30T12:04:13.595+0000][5393.014s][info][gc,phases   ] GC(937)   Merge Heap Roots: 0.2ms
[2024-05-30T12:04:13.595+0000][5393.014s][info][gc,phases   ] GC(937)   Evacuate Collection Set: 46.6ms
[2024-05-30T12:04:13.595+0000][5393.014s][info][gc,phases   ] GC(937)   Post Evacuate Collection Set: 2.1ms
[2024-05-30T12:04:13.595+0000][5393.014s][info][gc,phases   ] GC(937)   Other: 0.2ms
[2024-05-30T12:04:13.595+0000][5393.014s][info][gc,heap     ] GC(937) Eden regions: 503->0(500)
[2024-05-30T12:04:13.595+0000][5393.014s][info][gc,heap     ] GC(937) Survivor regions: 20->21(66)
[2024-05-30T12:04:13.595+0000][5393.014s][info][gc,heap     ] GC(937) Old regions: 677->678
[2024-05-30T12:04:13.595+0000][5393.014s][info][gc,heap     ] GC(937) Archive regions: 2->2
[2024-05-30T12:04:13.595+0000][5393.014s][info][gc,heap     ] GC(937) Humongous regions: 6->6
[2024-05-30T12:04:13.595+0000][5393.014s][info][gc,metaspace] GC(937) Metaspace: 413870K(419840K)->413870K(419840K) NonClass: 361860K(365184K)->361860K(365184K) Class: 52010K(54656K)->52010K(54656K)
[2024-05-30T12:04:13.595+0000][5393.014s][info][gc          ] GC(937) Pause Young (Normal) (G1 Evacuation Pause) 9650M->5636M(12288M) 49.415ms
[2024-05-30T12:04:13.595+0000][5393.014s][info][gc,cpu      ] GC(937) User=0.29s Sys=0.00s Real=0.05s
[2024-05-30T12:04:19.149+0000][5398.569s][info][gc,start    ] GC(938) Pause Young (Normal) (G1 Evacuation Pause)
[2024-05-30T12:04:19.149+0000][5398.569s][info][gc,task     ] GC(938) Using 6 workers of 6 for evacuation
[2024-05-30T12:04:19.199+0000][5398.618s][info][gc,phases   ] GC(938)   Pre Evacuate Collection Set: 0.2ms
[2024-05-30T12:04:19.199+0000][5398.618s][info][gc,phases   ] GC(938)   Merge Heap Roots: 0.2ms
[2024-05-30T12:04:19.199+0000][5398.618s][info][gc,phases   ] GC(938)   Evacuate Collection Set: 46.8ms
[2024-05-30T12:04:19.199+0000][5398.618s][info][gc,phases   ] GC(938)   Post Evacuate Collection Set: 2.0ms
[2024-05-30T12:04:19.199+0000][5398.618s][info][gc,phases   ] GC(938)   Other: 0.2ms
[2024-05-30T12:04:19.199+0000][5398.618s][info][gc,heap     ] GC(938) Eden regions: 500->0(499)
[2024-05-30T12:04:19.199+0000][5398.618s][info][gc,heap     ] GC(938) Survivor regions: 21->21(66)
[2024-05-30T12:04:19.199+0000][5398.618s][info][gc,heap     ] GC(938) Old regions: 678->679
[2024-05-30T12:04:19.199+0000][5398.618s][info][gc,heap     ] GC(938) Archive regions: 2->2
[2024-05-30T12:04:19.199+0000][5398.618s][info][gc,heap     ] GC(938) Humongous regions: 6->6
[2024-05-30T12:04:19.199+0000][5398.618s][info][gc,metaspace] GC(938) Metaspace: 413871K(419904K)->413871K(419904K) NonClass: 361861K(365248K)->361861K(365248K) Class: 52010K(54656K)->52010K(54656K)
[2024-05-30T12:04:19.199+0000][5398.618s][info][gc          ] GC(938) Pause Young (Normal) (G1 Evacuation Pause) 9636M->5646M(12288M) 49.490ms
[2024-05-30T12:04:19.199+0000][5398.618s][info][gc,cpu      ] GC(938) User=0.29s Sys=0.00s Real=0.05s
[2024-05-30T12:04:24.526+0000][5403.945s][info][gc,start    ] GC(939) Pause Young (Normal) (G1 Evacuation Pause)
[2024-05-30T12:04:24.526+0000][5403.945s][info][gc,task     ] GC(939) Using 6 workers of 6 for evacuation
[2024-05-30T12:04:24.575+0000][5403.994s][info][gc,phases   ] GC(939)   Pre Evacuate Collection Set: 0.2ms
[2024-05-30T12:04:24.575+0000][5403.994s][info][gc,phases   ] GC(939)   Merge Heap Roots: 0.2ms
[2024-05-30T12:04:24.575+0000][5403.994s][info][gc,phases   ] GC(939)   Evacuate Collection Set: 46.2ms
[2024-05-30T12:04:24.575+0000][5403.994s][info][gc,phases   ] GC(939)   Post Evacuate Collection Set: 2.2ms
[2024-05-30T12:04:24.575+0000][5403.994s][info][gc,phases   ] GC(939)   Other: 0.3ms
[2024-05-30T12:04:24.575+0000][5403.994s][info][gc,heap     ] GC(939) Eden regions: 499->0(499)
[2024-05-30T12:04:24.575+0000][5403.994s][info][gc,heap     ] GC(939) Survivor regions: 21->21(65)
[2024-05-30T12:04:24.575+0000][5403.994s][info][gc,heap     ] GC(939) Old regions: 679->679
[2024-05-30T12:04:24.575+0000][5403.994s][info][gc,heap     ] GC(939) Archive regions: 2->2
[2024-05-30T12:04:24.575+0000][5403.994s][info][gc,heap     ] GC(939) Humongous regions: 6->6
[2024-05-30T12:04:24.575+0000][5403.994s][info][gc,metaspace] GC(939) Metaspace: 413871K(419904K)->413871K(419904K) NonClass: 361861K(365248K)->361861K(365248K) Class: 52010K(54656K)->52010K(54656K)
[2024-05-30T12:04:24.575+0000][5403.994s][info][gc          ] GC(939) Pause Young (Normal) (G1 Evacuation Pause) 9638M->5651M(12288M) 49.228ms
[2024-05-30T12:04:24.575+0000][5403.994s][info][gc,cpu      ] GC(939) User=0.29s Sys=0.00s Real=0.05s
[2024-05-30T12:04:30.068+0000][5409.487s][info][gc,start    ] GC(940) Pause Young (Normal) (G1 Evacuation Pause)
[2024-05-30T12:04:30.068+0000][5409.487s][info][gc,task     ] GC(940) Using 6 workers of 6 for evacuation
[2024-05-30T12:04:30.118+0000][5409.537s][info][gc,phases   ] GC(940)   Pre Evacuate Collection Set: 0.2ms
[2024-05-30T12:04:30.118+0000][5409.537s][info][gc,phases   ] GC(940)   Merge Heap Roots: 0.3ms
[2024-05-30T12:04:30.118+0000][5409.537s][info][gc,phases   ] GC(940)   Evacuate Collection Set: 47.5ms
[2024-05-30T12:04:30.118+0000][5409.537s][info][gc,phases   ] GC(940)   Post Evacuate Collection Set: 2.0ms
[2024-05-30T12:04:30.118+0000][5409.537s][info][gc,phases   ] GC(940)   Other: 0.2ms
[2024-05-30T12:04:30.118+0000][5409.537s][info][gc,heap     ] GC(940) Eden regions: 499->0(498)
[2024-05-30T12:04:30.118+0000][5409.537s][info][gc,heap     ] GC(940) Survivor regions: 21->21(65)
[2024-05-30T12:04:30.118+0000][5409.537s][info][gc,heap     ] GC(940) Old regions: 679->680
[2024-05-30T12:04:30.118+0000][5409.537s][info][gc,heap     ] GC(940) Archive regions: 2->2
[2024-05-30T12:04:30.118+0000][5409.537s][info][gc,heap     ] GC(940) Humongous regions: 6->6
[2024-05-30T12:04:30.118+0000][5409.537s][info][gc,metaspace] GC(940) Metaspace: 413871K(419904K)->413871K(419904K) NonClass: 361861K(365248K)->361861K(365248K) Class: 52010K(54656K)->52010K(54656K)
[2024-05-30T12:04:30.118+0000][5409.538s][info][gc          ] GC(940) Pause Young (Normal) (G1 Evacuation Pause) 9643M->5652M(12288M) 50.302ms
[2024-05-30T12:04:30.118+0000][5409.538s][info][gc,cpu      ] GC(940) User=0.29s Sys=0.00s Real=0.06s
[2024-05-30T12:04:35.574+0000][5414.993s][info][gc,start    ] GC(941) Pause Young (Normal) (G1 Evacuation Pause)
[2024-05-30T12:04:35.574+0000][5414.993s][info][gc,task     ] GC(941) Using 6 workers of 6 for evacuation
[2024-05-30T12:04:35.623+0000][5415.042s][info][gc,phases   ] GC(941)   Pre Evacuate Collection Set: 0.2ms
[2024-05-30T12:04:35.623+0000][5415.042s][info][gc,phases   ] GC(941)   Merge Heap Roots: 0.2ms
[2024-05-30T12:04:35.623+0000][5415.042s][info][gc,phases   ] GC(941)   Evacuate Collection Set: 46.4ms
[2024-05-30T12:04:35.623+0000][5415.042s][info][gc,phases   ] GC(941)   Post Evacuate Collection Set: 2.0ms
[2024-05-30T12:04:35.623+0000][5415.042s][info][gc,phases   ] GC(941)   Other: 0.2ms
[2024-05-30T12:04:35.623+0000][5415.042s][info][gc,heap     ] GC(941) Eden regions: 498->0(497)
[2024-05-30T12:04:35.623+0000][5415.042s][info][gc,heap     ] GC(941) Survivor regions: 21->21(65)
[2024-05-30T12:04:35.623+0000][5415.042s][info][gc,heap     ] GC(941) Old regions: 680->681
[2024-05-30T12:04:35.623+0000][5415.042s][info][gc,heap     ] GC(941) Archive regions: 2->2
[2024-05-30T12:04:35.623+0000][5415.042s][info][gc,heap     ] GC(941) Humongous regions: 6->6
[2024-05-30T12:04:35.623+0000][5415.042s][info][gc,metaspace] GC(941) Metaspace: 413871K(419904K)->413871K(419904K) NonClass: 361861K(365248K)->361861K(365248K) Class: 52010K(54656K)->52010K(54656K)
[2024-05-30T12:04:35.623+0000][5415.042s][info][gc          ] GC(941) Pause Young (Normal) (G1 Evacuation Pause) 9636M->5661M(12288M) 49.062ms
[2024-05-30T12:04:35.623+0000][5415.042s][info][gc,cpu      ] GC(941) User=0.29s Sys=0.00s Real=0.05s
[2024-05-30T12:04:41.140+0000][5420.559s][info][gc,start    ] GC(942) Pause Young (Normal) (G1 Evacuation Pause)
[2024-05-30T12:04:41.140+0000][5420.559s][info][gc,task     ] GC(942) Using 6 workers of 6 for evacuation
[2024-05-30T12:04:41.190+0000][5420.609s][info][gc,phases   ] GC(942)   Pre Evacuate Collection Set: 0.2ms
[2024-05-30T12:04:41.190+0000][5420.609s][info][gc,phases   ] GC(942)   Merge Heap Roots: 0.2ms
[2024-05-30T12:04:41.190+0000][5420.609s][info][gc,phases   ] GC(942)   Evacuate Collection Set: 47.9ms
[2024-05-30T12:04:41.190+0000][5420.609s][info][gc,phases   ] GC(942)   Post Evacuate Collection Set: 2.0ms
[2024-05-30T12:04:41.190+0000][5420.609s][info][gc,phases   ] GC(942)   Other: 0.2ms
[2024-05-30T12:04:41.190+0000][5420.609s][info][gc,heap     ] GC(942) Eden regions: 497->0(495)
[2024-05-30T12:04:41.190+0000][5420.609s][info][gc,heap     ] GC(942) Survivor regions: 21->22(65)
[2024-05-30T12:04:41.190+0000][5420.609s][info][gc,heap     ] GC(942) Old regions: 681->681
[2024-05-30T12:04:41.190+0000][5420.609s][info][gc,heap     ] GC(942) Archive regions: 2->2
[2024-05-30T12:04:41.190+0000][5420.609s][info][gc,heap     ] GC(942) Humongous regions: 6->6
[2024-05-30T12:04:41.190+0000][5420.609s][info][gc,metaspace] GC(942) Metaspace: 413871K(419904K)->413871K(419904K) NonClass: 361861K(365248K)->361861K(365248K) Class: 52010K(54656K)->52010K(54656K)
[2024-05-30T12:04:41.190+0000][5420.609s][info][gc          ] GC(942) Pause Young (Normal) (G1 Evacuation Pause) 9637M->5675M(12288M) 50.604ms
[2024-05-30T12:04:41.190+0000][5420.609s][info][gc,cpu      ] GC(942) User=0.30s Sys=0.00s Real=0.05s
[2024-05-30T12:04:46.210+0000][5425.630s][info][gc,start    ] GC(943) Pause Young (Normal) (G1 Evacuation Pause)
[2024-05-30T12:04:46.210+0000][5425.630s][info][gc,task     ] GC(943) Using 6 workers of 6 for evacuation
[2024-05-30T12:04:46.259+0000][5425.678s][info][gc,phases   ] GC(943)   Pre Evacuate Collection Set: 0.2ms
[2024-05-30T12:04:46.259+0000][5425.678s][info][gc,phases   ] GC(943)   Merge Heap Roots: 0.2ms
[2024-05-30T12:04:46.259+0000][5425.678s][info][gc,phases   ] GC(943)   Evacuate Collection Set: 45.9ms
[2024-05-30T12:04:46.259+0000][5425.678s][info][gc,phases   ] GC(943)   Post Evacuate Collection Set: 2.0ms
[2024-05-30T12:04:46.259+0000][5425.678s][info][gc,phases   ] GC(943)   Other: 0.2ms
[2024-05-30T12:04:46.259+0000][5425.678s][info][gc,heap     ] GC(943) Eden regions: 495->0(500)
[2024-05-30T12:04:46.259+0000][5425.678s][info][gc,heap     ] GC(943) Survivor regions: 22->19(65)
[2024-05-30T12:04:46.259+0000][5425.678s][info][gc,heap     ] GC(943) Old regions: 681->682
[2024-05-30T12:04:46.259+0000][5425.678s][info][gc,heap     ] GC(943) Archive regions: 2->2
[2024-05-30T12:04:46.259+0000][5425.678s][info][gc,heap     ] GC(943) Humongous regions: 6->6
[2024-05-30T12:04:46.259+0000][5425.678s][info][gc,metaspace] GC(943) Metaspace: 413871K(419904K)->413871K(419904K) NonClass: 361861K(365248K)->361861K(365248K) Class: 52010K(54656K)->52010K(54656K)
[2024-05-30T12:04:46.259+0000][5425.678s][info][gc          ] GC(943) Pause Young (Normal) (G1 Evacuation Pause) 9635M->5659M(12288M) 48.629ms
[2024-05-30T12:04:46.259+0000][5425.678s][info][gc,cpu      ] GC(943) User=0.28s Sys=0.00s Real=0.05s
[2024-05-30T12:04:50.416+0000][5429.836s][info][gc,start    ] GC(944) Pause Young (Normal) (G1 Evacuation Pause)
[2024-05-30T12:04:50.416+0000][5429.836s][info][gc,task     ] GC(944) Using 6 workers of 6 for evacuation
[2024-05-30T12:04:50.466+0000][5429.885s][info][gc,phases   ] GC(944)   Pre Evacuate Collection Set: 0.2ms
[2024-05-30T12:04:50.466+0000][5429.885s][info][gc,phases   ] GC(944)   Merge Heap Roots: 0.3ms
[2024-05-30T12:04:50.466+0000][5429.885s][info][gc,phases   ] GC(944)   Evacuate Collection Set: 46.9ms
[2024-05-30T12:04:50.466+0000][5429.885s][info][gc,phases   ] GC(944)   Post Evacuate Collection Set: 2.1ms
[2024-05-30T12:04:50.466+0000][5429.885s][info][gc,phases   ] GC(944)   Other: 0.2ms
[2024-05-30T12:04:50.466+0000][5429.885s][info][gc,heap     ] GC(944) Eden regions: 500->0(501)
[2024-05-30T12:04:50.466+0000][5429.885s][info][gc,heap     ] GC(944) Survivor regions: 19->18(65)
[2024-05-30T12:04:50.466+0000][5429.885s][info][gc,heap     ] GC(944) Old regions: 682->683
[2024-05-30T12:04:50.466+0000][5429.885s][info][gc,heap     ] GC(944) Archive regions: 2->2
[2024-05-30T12:04:50.466+0000][5429.885s][info][gc,heap     ] GC(944) Humongous regions: 6->6
[2024-05-30T12:04:50.466+0000][5429.885s][info][gc,metaspace] GC(944) Metaspace: 413871K(419904K)->413871K(419904K) NonClass: 361861K(365248K)->361861K(365248K) Class: 52010K(54656K)->52010K(54656K)
[2024-05-30T12:04:50.466+0000][5429.885s][info][gc          ] GC(944) Pause Young (Normal) (G1 Evacuation Pause) 9659M->5656M(12288M) 49.688ms
[2024-05-30T12:04:50.466+0000][5429.885s][info][gc,cpu      ] GC(944) User=0.29s Sys=0.00s Real=0.04s
[2024-05-30T12:04:54.552+0000][5433.971s][info][gc,start    ] GC(945) Pause Young (Normal) (G1 Evacuation Pause)
[2024-05-30T12:04:54.552+0000][5433.971s][info][gc,task     ] GC(945) Using 6 workers of 6 for evacuation
[2024-05-30T12:04:54.599+0000][5434.019s][info][gc,phases   ] GC(945)   Pre Evacuate Collection Set: 0.2ms
[2024-05-30T12:04:54.599+0000][5434.019s][info][gc,phases   ] GC(945)   Merge Heap Roots: 0.2ms
[2024-05-30T12:04:54.599+0000][5434.019s][info][gc,phases   ] GC(945)   Evacuate Collection Set: 44.8ms
[2024-05-30T12:04:54.599+0000][5434.019s][info][gc,phases   ] GC(945)   Post Evacuate Collection Set: 2.2ms
[2024-05-30T12:04:54.599+0000][5434.019s][info][gc,phases   ] GC(945)   Other: 0.2ms
[2024-05-30T12:04:54.599+0000][5434.019s][info][gc,heap     ] GC(945) Eden regions: 501->0(498)
[2024-05-30T12:04:54.599+0000][5434.019s][info][gc,heap     ] GC(945) Survivor regions: 18->19(65)
[2024-05-30T12:04:54.599+0000][5434.019s][info][gc,heap     ] GC(945) Old regions: 683->684
[2024-05-30T12:04:54.599+0000][5434.019s][info][gc,heap     ] GC(945) Archive regions: 2->2
[2024-05-30T12:04:54.599+0000][5434.019s][info][gc,heap     ] GC(945) Humongous regions: 6->6
[2024-05-30T12:04:54.599+0000][5434.019s][info][gc,metaspace] GC(945) Metaspace: 413871K(419904K)->413871K(419904K) NonClass: 361861K(365248K)->361861K(365248K) Class: 52010K(54656K)->52010K(54656K)
[2024-05-30T12:04:54.599+0000][5434.019s][info][gc          ] GC(945) Pause Young (Normal) (G1 Evacuation Pause) 9664M->5669M(12288M) 47.682ms
[2024-05-30T12:04:54.599+0000][5434.019s][info][gc,cpu      ] GC(945) User=0.28s Sys=0.01s Real=0.05s
[2024-05-30T12:05:00.096+0000][5439.516s][info][gc,start    ] GC(946) Pause Young (Concurrent Start) (G1 Evacuation Pause)
[2024-05-30T12:05:00.096+0000][5439.516s][info][gc,task     ] GC(946) Using 6 workers of 6 for evacuation
[2024-05-30T12:05:00.145+0000][5439.564s][info][gc,phases   ] GC(946)   Pre Evacuate Collection Set: 0.6ms
[2024-05-30T12:05:00.145+0000][5439.564s][info][gc,phases   ] GC(946)   Merge Heap Roots: 0.2ms
[2024-05-30T12:05:00.145+0000][5439.564s][info][gc,phases   ] GC(946)   Evacuate Collection Set: 45.4ms
[2024-05-30T12:05:00.145+0000][5439.564s][info][gc,phases   ] GC(946)   Post Evacuate Collection Set: 2.0ms
[2024-05-30T12:05:00.145+0000][5439.564s][info][gc,phases   ] GC(946)   Other: 0.3ms
[2024-05-30T12:05:00.145+0000][5439.564s][info][gc,heap     ] GC(946) Eden regions: 498->0(498)
[2024-05-30T12:05:00.145+0000][5439.564s][info][gc,heap     ] GC(946) Survivor regions: 19->19(65)
[2024-05-30T12:05:00.145+0000][5439.564s][info][gc,heap     ] GC(946) Old regions: 684->684
[2024-05-30T12:05:00.145+0000][5439.564s][info][gc,heap     ] GC(946) Archive regions: 2->2
[2024-05-30T12:05:00.145+0000][5439.564s][info][gc,heap     ] GC(946) Humongous regions: 6->6
[2024-05-30T12:05:00.145+0000][5439.564s][info][gc,metaspace] GC(946) Metaspace: 413874K(419904K)->413874K(419904K) NonClass: 361864K(365248K)->361864K(365248K) Class: 52010K(54656K)->52010K(54656K)
[2024-05-30T12:05:00.145+0000][5439.564s][info][gc          ] GC(946) Pause Young (Concurrent Start) (G1 Evacuation Pause) 9653M->5675M(12288M) 48.578ms
[2024-05-30T12:05:00.145+0000][5439.564s][info][gc,cpu      ] GC(946) User=0.29s Sys=0.00s Real=0.04s
[2024-05-30T12:05:00.145+0000][5439.564s][info][gc          ] GC(947) Concurrent Mark Cycle
[2024-05-30T12:05:00.145+0000][5439.564s][info][gc,marking  ] GC(947) Concurrent Clear Claimed Marks
[2024-05-30T12:05:00.146+0000][5439.565s][info][gc,marking  ] GC(947) Concurrent Clear Claimed Marks 0.422ms
[2024-05-30T12:05:00.146+0000][5439.565s][info][gc,marking  ] GC(947) Concurrent Scan Root Regions
[2024-05-30T12:05:00.196+0000][5439.616s][info][gc,marking  ] GC(947) Concurrent Scan Root Regions 50.783ms
[2024-05-30T12:05:00.196+0000][5439.616s][info][gc,marking  ] GC(947) Concurrent Mark
[2024-05-30T12:05:00.196+0000][5439.616s][info][gc,marking  ] GC(947) Concurrent Mark From Roots
[2024-05-30T12:05:00.196+0000][5439.616s][info][gc,task     ] GC(947) Using 2 workers of 2 for marking
[2024-05-30T12:05:01.383+0000][5440.802s][info][gc,marking  ] GC(947) Concurrent Mark From Roots 1186.148ms
[2024-05-30T12:05:01.383+0000][5440.802s][info][gc,marking  ] GC(947) Concurrent Preclean
[2024-05-30T12:05:01.384+0000][5440.803s][info][gc,marking  ] GC(947) Concurrent Preclean 0.979ms
[2024-05-30T12:05:01.384+0000][5440.803s][info][gc,start    ] GC(947) Pause Remark
[2024-05-30T12:05:01.429+0000][5440.848s][info][gc          ] GC(947) Pause Remark 6507M->5779M(12288M) 44.780ms
[2024-05-30T12:05:01.429+0000][5440.848s][info][gc,cpu      ] GC(947) User=0.22s Sys=0.00s Real=0.05s
[2024-05-30T12:05:01.429+0000][5440.848s][info][gc,marking  ] GC(947) Concurrent Mark 1232.812ms
[2024-05-30T12:05:01.429+0000][5440.848s][info][gc,marking  ] GC(947) Concurrent Rebuild Remembered Sets
[2024-05-30T12:05:02.176+0000][5441.595s][info][gc,marking  ] GC(947) Concurrent Rebuild Remembered Sets 746.836ms
[2024-05-30T12:05:02.176+0000][5441.595s][info][gc,start    ] GC(947) Pause Cleanup
[2024-05-30T12:05:02.177+0000][5441.596s][info][gc          ] GC(947) Pause Cleanup 6271M->6271M(12288M) 0.722ms
[2024-05-30T12:05:02.177+0000][5441.596s][info][gc,cpu      ] GC(947) User=0.00s Sys=0.00s Real=0.01s
[2024-05-30T12:05:02.177+0000][5441.596s][info][gc,marking  ] GC(947) Concurrent Cleanup for Next Mark
[2024-05-30T12:05:02.195+0000][5441.614s][info][gc,marking  ] GC(947) Concurrent Cleanup for Next Mark 17.670ms
[2024-05-30T12:05:02.195+0000][5441.614s][info][gc          ] GC(947) Concurrent Mark Cycle 2049.752ms
[2024-05-30T12:05:05.939+0000][5445.358s][info][gc,start    ] GC(948) Pause Young (Prepare Mixed) (G1 Evacuation Pause)
[2024-05-30T12:05:05.939+0000][5445.358s][info][gc,task     ] GC(948) Using 6 workers of 6 for evacuation
[2024-05-30T12:05:05.987+0000][5445.406s][info][gc,phases   ] GC(948)   Pre Evacuate Collection Set: 0.2ms
[2024-05-30T12:05:05.987+0000][5445.406s][info][gc,phases   ] GC(948)   Merge Heap Roots: 0.3ms
[2024-05-30T12:05:05.987+0000][5445.406s][info][gc,phases   ] GC(948)   Evacuate Collection Set: 46.1ms
[2024-05-30T12:05:05.987+0000][5445.406s][info][gc,phases   ] GC(948)   Post Evacuate Collection Set: 1.5ms
[2024-05-30T12:05:05.987+0000][5445.406s][info][gc,phases   ] GC(948)   Other: 0.2ms
[2024-05-30T12:05:05.987+0000][5445.406s][info][gc,heap     ] GC(948) Eden regions: 498->0(56)
[2024-05-30T12:05:05.987+0000][5445.406s][info][gc,heap     ] GC(948) Survivor regions: 19->20(65)
[2024-05-30T12:05:05.987+0000][5445.406s][info][gc,heap     ] GC(948) Old regions: 594->595
[2024-05-30T12:05:05.987+0000][5445.406s][info][gc,heap     ] GC(948) Archive regions: 2->2
[2024-05-30T12:05:05.987+0000][5445.406s][info][gc,heap     ] GC(948) Humongous regions: 5->5
[2024-05-30T12:05:05.987+0000][5445.406s][info][gc,metaspace] GC(948) Metaspace: 413875K(419904K)->413875K(419904K) NonClass: 361865K(365248K)->361865K(365248K) Class: 52010K(54656K)->52010K(54656K)
[2024-05-30T12:05:05.987+0000][5445.406s][info][gc          ] GC(948) Pause Young (Prepare Mixed) (G1 Evacuation Pause) 8931M->4961M(12288M) 48.438ms
[2024-05-30T12:05:05.987+0000][5445.406s][info][gc,cpu      ] GC(948) User=0.28s Sys=0.00s Real=0.04s
[2024-05-30T12:05:06.615+0000][5446.034s][info][gc,start    ] GC(949) Pause Young (Mixed) (G1 Evacuation Pause)
[2024-05-30T12:05:06.615+0000][5446.034s][info][gc,task     ] GC(949) Using 6 workers of 6 for evacuation
[2024-05-30T12:05:06.659+0000][5446.078s][info][gc,phases   ] GC(949)   Pre Evacuate Collection Set: 0.2ms
[2024-05-30T12:05:06.659+0000][5446.078s][info][gc,phases   ] GC(949)   Merge Heap Roots: 0.2ms
[2024-05-30T12:05:06.659+0000][5446.078s][info][gc,phases   ] GC(949)   Evacuate Collection Set: 42.6ms
[2024-05-30T12:05:06.659+0000][5446.078s][info][gc,phases   ] GC(949)   Post Evacuate Collection Set: 1.4ms
[2024-05-30T12:05:06.659+0000][5446.078s][info][gc,phases   ] GC(949)   Other: 0.2ms
[2024-05-30T12:05:06.659+0000][5446.078s][info][gc,heap     ] GC(949) Eden regions: 56->0(70)
[2024-05-30T12:05:06.659+0000][5446.078s][info][gc,heap     ] GC(949) Survivor regions: 20->6(10)
[2024-05-30T12:05:06.659+0000][5446.079s][info][gc,heap     ] GC(949) Old regions: 595->454
[2024-05-30T12:05:06.659+0000][5446.079s][info][gc,heap     ] GC(949) Archive regions: 2->2
[2024-05-30T12:05:06.659+0000][5446.079s][info][gc,heap     ] GC(949) Humongous regions: 5->5
[2024-05-30T12:05:06.659+0000][5446.079s][info][gc,metaspace] GC(949) Metaspace: 413875K(419904K)->413875K(419904K) NonClass: 361865K(365248K)->361865K(365248K) Class: 52010K(54656K)->52010K(54656K)
[2024-05-30T12:05:06.659+0000][5446.079s][info][gc          ] GC(949) Pause Young (Mixed) (G1 Evacuation Pause) 5409M->3723M(12288M) 44.723ms
[2024-05-30T12:05:06.659+0000][5446.079s][info][gc,cpu      ] GC(949) User=0.26s Sys=0.00s Real=0.05s
[2024-05-30T12:05:07.416+0000][5446.835s][info][gc,start    ] GC(950) Pause Young (Mixed) (G1 Evacuation Pause)
[2024-05-30T12:05:07.416+0000][5446.835s][info][gc,task     ] GC(950) Using 6 workers of 6 for evacuation
[2024-05-30T12:05:07.439+0000][5446.859s][info][gc,phases   ] GC(950)   Pre Evacuate Collection Set: 0.2ms
[2024-05-30T12:05:07.439+0000][5446.859s][info][gc,phases   ] GC(950)   Merge Heap Roots: 0.2ms
[2024-05-30T12:05:07.439+0000][5446.859s][info][gc,phases   ] GC(950)   Evacuate Collection Set: 21.3ms
[2024-05-30T12:05:07.439+0000][5446.859s][info][gc,phases   ] GC(950)   Post Evacuate Collection Set: 1.4ms
[2024-05-30T12:05:07.439+0000][5446.859s][info][gc,phases   ] GC(950)   Other: 0.2ms
[2024-05-30T12:05:07.439+0000][5446.859s][info][gc,heap     ] GC(950) Eden regions: 70->0(72)
[2024-05-30T12:05:07.439+0000][5446.859s][info][gc,heap     ] GC(950) Survivor regions: 6->4(10)
[2024-05-30T12:05:07.440+0000][5446.859s][info][gc,heap     ] GC(950) Old regions: 454->304
[2024-05-30T12:05:07.440+0000][5446.859s][info][gc,heap     ] GC(950) Archive regions: 2->2
[2024-05-30T12:05:07.440+0000][5446.859s][info][gc,heap     ] GC(950) Humongous regions: 5->5
[2024-05-30T12:05:07.440+0000][5446.859s][info][gc,metaspace] GC(950) Metaspace: 413875K(419904K)->413875K(419904K) NonClass: 361865K(365248K)->361865K(365248K) Class: 52010K(54656K)->52010K(54656K)
[2024-05-30T12:05:07.440+0000][5446.859s][info][gc          ] GC(950) Pause Young (Mixed) (G1 Evacuation Pause) 4283M->2508M(12288M) 23.440ms
[2024-05-30T12:05:07.440+0000][5446.859s][info][gc,cpu      ] GC(950) User=0.13s Sys=0.01s Real=0.03s
[2024-05-30T12:05:08.258+0000][5447.677s][info][gc,start    ] GC(951) Pause Young (Mixed) (G1 Evacuation Pause)
[2024-05-30T12:05:08.258+0000][5447.677s][info][gc,task     ] GC(951) Using 6 workers of 6 for evacuation
[2024-05-30T12:05:08.289+0000][5447.708s][info][gc,phases   ] GC(951)   Pre Evacuate Collection Set: 0.2ms
[2024-05-30T12:05:08.289+0000][5447.708s][info][gc,phases   ] GC(951)   Merge Heap Roots: 0.2ms
[2024-05-30T12:05:08.289+0000][5447.708s][info][gc,phases   ] GC(951)   Evacuate Collection Set: 28.9ms
[2024-05-30T12:05:08.289+0000][5447.708s][info][gc,phases   ] GC(951)   Post Evacuate Collection Set: 1.4ms
[2024-05-30T12:05:08.289+0000][5447.708s][info][gc,phases   ] GC(951)   Other: 0.2ms
[2024-05-30T12:05:08.289+0000][5447.708s][info][gc,heap     ] GC(951) Eden regions: 72->0(916)
[2024-05-30T12:05:08.289+0000][5447.708s][info][gc,heap     ] GC(951) Survivor regions: 4->5(10)
[2024-05-30T12:05:08.289+0000][5447.708s][info][gc,heap     ] GC(951) Old regions: 304->241
[2024-05-30T12:05:08.289+0000][5447.708s][info][gc,heap     ] GC(951) Archive regions: 2->2
[2024-05-30T12:05:08.289+0000][5447.708s][info][gc,heap     ] GC(951) Humongous regions: 5->5
[2024-05-30T12:05:08.289+0000][5447.708s][info][gc,metaspace] GC(951) Metaspace: 413875K(419904K)->413875K(419904K) NonClass: 361865K(365248K)->361865K(365248K) Class: 52010K(54656K)->52010K(54656K)
[2024-05-30T12:05:08.289+0000][5447.708s][info][gc          ] GC(951) Pause Young (Mixed) (G1 Evacuation Pause) 3084M->2005M(12288M) 30.942ms
[2024-05-30T12:05:08.289+0000][5447.708s][info][gc,cpu      ] GC(951) User=0.18s Sys=0.00s Real=0.03s
[2024-05-30T12:05:18.159+0000][5457.578s][info][gc,start    ] GC(952) Pause Young (Normal) (G1 Evacuation Pause)
[2024-05-30T12:05:18.159+0000][5457.578s][info][gc,task     ] GC(952) Using 6 workers of 6 for evacuation
[2024-05-30T12:05:18.182+0000][5457.601s][info][gc,phases   ] GC(952)   Pre Evacuate Collection Set: 0.2ms
[2024-05-30T12:05:18.182+0000][5457.601s][info][gc,phases   ] GC(952)   Merge Heap Roots: 0.2ms
[2024-05-30T12:05:18.182+0000][5457.601s][info][gc,phases   ] GC(952)   Evacuate Collection Set: 21.0ms
[2024-05-30T12:05:18.182+0000][5457.601s][info][gc,phases   ] GC(952)   Post Evacuate Collection Set: 1.8ms
[2024-05-30T12:05:18.182+0000][5457.601s][info][gc,phases   ] GC(952)   Other: 0.2ms
[2024-05-30T12:05:18.182+0000][5457.601s][info][gc,heap     ] GC(952) Eden regions: 916->0(914)
[2024-05-30T12:05:18.182+0000][5457.601s][info][gc,heap     ] GC(952) Survivor regions: 5->7(116)
[2024-05-30T12:05:18.182+0000][5457.601s][info][gc,heap     ] GC(952) Old regions: 241->241
[2024-05-30T12:05:18.182+0000][5457.601s][info][gc,heap     ] GC(952) Archive regions: 2->2
[2024-05-30T12:05:18.182+0000][5457.601s][info][gc,heap     ] GC(952) Humongous regions: 5->5
[2024-05-30T12:05:18.182+0000][5457.601s][info][gc,metaspace] GC(952) Metaspace: 413875K(419904K)->413875K(419904K) NonClass: 361865K(365248K)->361865K(365248K) Class: 52010K(54656K)->52010K(54656K)
[2024-05-30T12:05:18.182+0000][5457.601s][info][gc          ] GC(952) Pause Young (Normal) (G1 Evacuation Pause) 9333M->2026M(12288M) 23.414ms
[2024-05-30T12:05:18.182+0000][5457.601s][info][gc,cpu      ] GC(952) User=0.14s Sys=0.00s Real=0.02s
[2024-05-30T12:05:26.461+0000][5465.880s][info][gc,start    ] GC(953) Pause Young (Normal) (G1 Evacuation Pause)
[2024-05-30T12:05:26.461+0000][5465.880s][info][gc,task     ] GC(953) Using 6 workers of 6 for evacuation
[2024-05-30T12:05:26.499+0000][5465.919s][info][gc,phases   ] GC(953)   Pre Evacuate Collection Set: 0.2ms
[2024-05-30T12:05:26.499+0000][5465.919s][info][gc,phases   ] GC(953)   Merge Heap Roots: 0.2ms
[2024-05-30T12:05:26.499+0000][5465.919s][info][gc,phases   ] GC(953)   Evacuate Collection Set: 33.3ms
[2024-05-30T12:05:26.499+0000][5465.919s][info][gc,phases   ] GC(953)   Post Evacuate Collection Set: 4.9ms
[2024-05-30T12:05:26.500+0000][5465.919s][info][gc,phases   ] GC(953)   Other: 0.2ms
[2024-05-30T12:05:26.500+0000][5465.919s][info][gc,heap     ] GC(953) Eden regions: 914->0(911)
[2024-05-30T12:05:26.500+0000][5465.919s][info][gc,heap     ] GC(953) Survivor regions: 7->10(116)
[2024-05-30T12:05:26.500+0000][5465.919s][info][gc,heap     ] GC(953) Old regions: 241->241
[2024-05-30T12:05:26.500+0000][5465.919s][info][gc,heap     ] GC(953) Archive regions: 2->2
[2024-05-30T12:05:26.500+0000][5465.919s][info][gc,heap     ] GC(953) Humongous regions: 5->5
[2024-05-30T12:05:26.500+0000][5465.919s][info][gc,metaspace] GC(953) Metaspace: 413875K(419904K)->413875K(419904K) NonClass: 361865K(365248K)->361865K(365248K) Class: 52010K(54656K)->52010K(54656K)
[2024-05-30T12:05:26.500+0000][5465.919s][info][gc          ] GC(953) Pause Young (Normal) (G1 Evacuation Pause) 9338M->2051M(12288M) 38.799ms
[2024-05-30T12:05:26.500+0000][5465.919s][info][gc,cpu      ] GC(953) User=0.23s Sys=0.01s Real=0.04s
[2024-05-30T12:05:29.194+0000][5468.614s][info][gc,start    ] GC(954) Pause Young (Concurrent Start) (G1 Evacuation Pause)
[2024-05-30T12:05:29.194+0000][5468.614s][info][gc,task     ] GC(954) Using 6 workers of 6 for evacuation
[2024-05-30T12:05:29.281+0000][5468.700s][info][gc,phases   ] GC(954)   Pre Evacuate Collection Set: 0.6ms
[2024-05-30T12:05:29.281+0000][5468.700s][info][gc,phases   ] GC(954)   Merge Heap Roots: 0.2ms
[2024-05-30T12:05:29.281+0000][5468.700s][info][gc,phases   ] GC(954)   Evacuate Collection Set: 66.8ms
[2024-05-30T12:05:29.281+0000][5468.700s][info][gc,phases   ] GC(954)   Post Evacuate Collection Set: 18.8ms
[2024-05-30T12:05:29.281+0000][5468.700s][info][gc,phases   ] GC(954)   Other: 0.3ms
[2024-05-30T12:05:29.281+0000][5468.700s][info][gc,heap     ] GC(954) Eden regions: 911->0(906)
[2024-05-30T12:05:29.281+0000][5468.700s][info][gc,heap     ] GC(954) Survivor regions: 10->15(116)
[2024-05-30T12:05:29.281+0000][5468.700s][info][gc,heap     ] GC(954) Old regions: 241->241
[2024-05-30T12:05:29.281+0000][5468.700s][info][gc,heap     ] GC(954) Archive regions: 2->2
[2024-05-30T12:05:29.281+0000][5468.700s][info][gc,heap     ] GC(954) Humongous regions: 5->5
[2024-05-30T12:05:29.281+0000][5468.700s][info][gc,metaspace] GC(954) Metaspace: 413879K(419904K)->413879K(419904K) NonClass: 361869K(365248K)->361869K(365248K) Class: 52010K(54656K)->52010K(54656K)
[2024-05-30T12:05:29.281+0000][5468.700s][info][gc          ] GC(954) Pause Young (Concurrent Start) (G1 Evacuation Pause) 9339M->2092M(12288M) 86.772ms
[2024-05-30T12:05:29.281+0000][5468.700s][info][gc,cpu      ] GC(954) User=0.51s Sys=0.00s Real=0.09s
[2024-05-30T12:05:29.281+0000][5468.700s][info][gc          ] GC(955) Concurrent Mark Cycle
[2024-05-30T12:05:29.281+0000][5468.700s][info][gc,marking  ] GC(955) Concurrent Clear Claimed Marks
[2024-05-30T12:05:29.282+0000][5468.701s][info][gc,marking  ] GC(955) Concurrent Clear Claimed Marks 0.420ms
[2024-05-30T12:05:29.282+0000][5468.701s][info][gc,marking  ] GC(955) Concurrent Scan Root Regions
[2024-05-30T12:05:29.325+0000][5468.744s][info][gc,marking  ] GC(955) Concurrent Scan Root Regions 43.175ms
[2024-05-30T12:05:29.325+0000][5468.744s][info][gc,marking  ] GC(955) Concurrent Mark
[2024-05-30T12:05:29.325+0000][5468.744s][info][gc,marking  ] GC(955) Concurrent Mark From Roots
[2024-05-30T12:05:29.325+0000][5468.744s][info][gc,task     ] GC(955) Using 2 workers of 2 for marking
[2024-05-30T12:05:30.533+0000][5469.952s][info][gc,marking  ] GC(955) Concurrent Mark From Roots 1207.955ms
[2024-05-30T12:05:30.533+0000][5469.952s][info][gc,marking  ] GC(955) Concurrent Preclean
[2024-05-30T12:05:30.534+0000][5469.953s][info][gc,marking  ] GC(955) Concurrent Preclean 0.817ms
[2024-05-30T12:05:30.534+0000][5469.953s][info][gc,start    ] GC(955) Pause Remark
[2024-05-30T12:05:30.555+0000][5469.974s][info][gc          ] GC(955) Pause Remark 4656M->4656M(12288M) 21.296ms
[2024-05-30T12:05:30.555+0000][5469.974s][info][gc,cpu      ] GC(955) User=0.09s Sys=0.00s Real=0.02s
[2024-05-30T12:05:30.555+0000][5469.975s][info][gc,marking  ] GC(955) Concurrent Mark 1230.470ms
[2024-05-30T12:05:30.555+0000][5469.975s][info][gc,marking  ] GC(955) Concurrent Rebuild Remembered Sets
[2024-05-30T12:05:31.344+0000][5470.763s][info][gc,marking  ] GC(955) Concurrent Rebuild Remembered Sets 788.294ms
[2024-05-30T12:05:31.344+0000][5470.763s][info][gc,start    ] GC(955) Pause Cleanup
[2024-05-30T12:05:31.344+0000][5470.764s][info][gc          ] GC(955) Pause Cleanup 6332M->6332M(12288M) 0.543ms
[2024-05-30T12:05:31.344+0000][5470.764s][info][gc,cpu      ] GC(955) User=0.00s Sys=0.00s Real=0.00s
[2024-05-30T12:05:31.345+0000][5470.764s][info][gc,marking  ] GC(955) Concurrent Cleanup for Next Mark
[2024-05-30T12:05:31.361+0000][5470.781s][info][gc,marking  ] GC(955) Concurrent Cleanup for Next Mark 16.885ms
[2024-05-30T12:05:31.361+0000][5470.781s][info][gc          ] GC(955) Concurrent Mark Cycle 2080.284ms
[2024-05-30T12:05:32.583+0000][5472.002s][info][gc,start    ] GC(956) Pause Young (Prepare Mixed) (G1 Evacuation Pause)
[2024-05-30T12:05:32.583+0000][5472.002s][info][gc,task     ] GC(956) Using 6 workers of 6 for evacuation
[2024-05-30T12:05:32.688+0000][5472.107s][info][gc,phases   ] GC(956)   Pre Evacuate Collection Set: 0.2ms
[2024-05-30T12:05:32.688+0000][5472.107s][info][gc,phases   ] GC(956)   Merge Heap Roots: 0.3ms
[2024-05-30T12:05:32.688+0000][5472.107s][info][gc,phases   ] GC(956)   Evacuate Collection Set: 84.7ms
[2024-05-30T12:05:32.688+0000][5472.107s][info][gc,phases   ] GC(956)   Post Evacuate Collection Set: 19.6ms
[2024-05-30T12:05:32.688+0000][5472.107s][info][gc,phases   ] GC(956)   Other: 0.2ms
[2024-05-30T12:05:32.688+0000][5472.107s][info][gc,heap     ] GC(956) Eden regions: 906->0(55)
[2024-05-30T12:05:32.688+0000][5472.107s][info][gc,heap     ] GC(956) Survivor regions: 15->21(116)
[2024-05-30T12:05:32.688+0000][5472.107s][info][gc,heap     ] GC(956) Old regions: 241->241
[2024-05-30T12:05:32.688+0000][5472.107s][info][gc,heap     ] GC(956) Archive regions: 2->2
[2024-05-30T12:05:32.688+0000][5472.107s][info][gc,heap     ] GC(956) Humongous regions: 5->5
[2024-05-30T12:05:32.688+0000][5472.107s][info][gc,metaspace] GC(956) Metaspace: 413879K(419904K)->413879K(419904K) NonClass: 361869K(365248K)->361869K(365248K) Class: 52010K(54656K)->52010K(54656K)
[2024-05-30T12:05:32.688+0000][5472.107s][info][gc          ] GC(956) Pause Young (Prepare Mixed) (G1 Evacuation Pause) 9340M->2140M(12288M) 104.997ms
[2024-05-30T12:05:32.688+0000][5472.107s][info][gc,cpu      ] GC(956) User=0.62s Sys=0.00s Real=0.10s
[2024-05-30T12:05:32.906+0000][5472.325s][info][gc,start    ] GC(957) Pause Young (Mixed) (G1 Evacuation Pause)
[2024-05-30T12:05:32.906+0000][5472.325s][info][gc,task     ] GC(957) Using 6 workers of 6 for evacuation
[2024-05-30T12:05:32.975+0000][5472.394s][info][gc,phases   ] GC(957)   Pre Evacuate Collection Set: 0.2ms
[2024-05-30T12:05:32.975+0000][5472.394s][info][gc,phases   ] GC(957)   Merge Heap Roots: 0.1ms
[2024-05-30T12:05:32.975+0000][5472.394s][info][gc,phases   ] GC(957)   Evacuate Collection Set: 66.1ms
[2024-05-30T12:05:32.975+0000][5472.394s][info][gc,phases   ] GC(957)   Post Evacuate Collection Set: 2.5ms
[2024-05-30T12:05:32.975+0000][5472.394s][info][gc,phases   ] GC(957)   Other: 0.2ms
[2024-05-30T12:05:32.975+0000][5472.394s][info][gc,heap     ] GC(957) Eden regions: 55->0(918)
[2024-05-30T12:05:32.975+0000][5472.394s][info][gc,heap     ] GC(957) Survivor regions: 21->3(10)
[2024-05-30T12:05:32.975+0000][5472.394s][info][gc,heap     ] GC(957) Old regions: 241->245
[2024-05-30T12:05:32.975+0000][5472.394s][info][gc,heap     ] GC(957) Archive regions: 2->2
[2024-05-30T12:05:32.975+0000][5472.394s][info][gc,heap     ] GC(957) Humongous regions: 5->5
[2024-05-30T12:05:32.975+0000][5472.394s][info][gc,metaspace] GC(957) Metaspace: 413879K(419904K)->413879K(419904K) NonClass: 361869K(365248K)->361869K(365248K) Class: 52010K(54656K)->52010K(54656K)
[2024-05-30T12:05:32.975+0000][5472.394s][info][gc          ] GC(957) Pause Young (Mixed) (G1 Evacuation Pause) 2580M->2022M(12288M) 69.132ms
[2024-05-30T12:05:32.975+0000][5472.394s][info][gc,cpu      ] GC(957) User=0.41s Sys=0.00s Real=0.07s
[2024-05-30T12:05:36.000+0000][5475.419s][info][gc,start    ] GC(958) Pause Young (Normal) (G1 Evacuation Pause)
[2024-05-30T12:05:36.000+0000][5475.419s][info][gc,task     ] GC(958) Using 6 workers of 6 for evacuation
[2024-05-30T12:05:36.082+0000][5475.501s][info][gc,phases   ] GC(958)   Pre Evacuate Collection Set: 0.2ms
[2024-05-30T12:05:36.082+0000][5475.501s][info][gc,phases   ] GC(958)   Merge Heap Roots: 0.3ms
[2024-05-30T12:05:36.082+0000][5475.501s][info][gc,phases   ] GC(958)   Evacuate Collection Set: 59.6ms
[2024-05-30T12:05:36.082+0000][5475.501s][info][gc,phases   ] GC(958)   Post Evacuate Collection Set: 21.5ms
[2024-05-30T12:05:36.082+0000][5475.501s][info][gc,phases   ] GC(958)   Other: 0.3ms
[2024-05-30T12:05:36.082+0000][5475.501s][info][gc,heap     ] GC(958) Eden regions: 918->0(913)
[2024-05-30T12:05:36.082+0000][5475.501s][info][gc,heap     ] GC(958) Survivor regions: 3->8(116)
[2024-05-30T12:05:36.082+0000][5475.501s][info][gc,heap     ] GC(958) Old regions: 245->245
[2024-05-30T12:05:36.082+0000][5475.501s][info][gc,heap     ] GC(958) Archive regions: 2->2
[2024-05-30T12:05:36.082+0000][5475.501s][info][gc,heap     ] GC(958) Humongous regions: 5->5
[2024-05-30T12:05:36.082+0000][5475.501s][info][gc,metaspace] GC(958) Metaspace: 413879K(419904K)->413879K(419904K) NonClass: 361869K(365248K)->361869K(365248K) Class: 52010K(54656K)->52010K(54656K)
[2024-05-30T12:05:36.082+0000][5475.501s][info][gc          ] GC(958) Pause Young (Normal) (G1 Evacuation Pause) 9366M->2057M(12288M) 81.874ms
[2024-05-30T12:05:36.082+0000][5475.501s][info][gc,cpu      ] GC(958) User=0.48s Sys=0.00s Real=0.08s
[2024-05-30T12:05:38.769+0000][5478.188s][info][gc,start    ] GC(959) Pause Young (Normal) (G1 Evacuation Pause)
[2024-05-30T12:05:38.769+0000][5478.188s][info][gc,task     ] GC(959) Using 6 workers of 6 for evacuation
[2024-05-30T12:05:38.867+0000][5478.286s][info][gc,phases   ] GC(959)   Pre Evacuate Collection Set: 0.2ms
[2024-05-30T12:05:38.867+0000][5478.286s][info][gc,phases   ] GC(959)   Merge Heap Roots: 0.3ms
[2024-05-30T12:05:38.867+0000][5478.286s][info][gc,phases   ] GC(959)   Evacuate Collection Set: 74.5ms
[2024-05-30T12:05:38.867+0000][5478.286s][info][gc,phases   ] GC(959)   Post Evacuate Collection Set: 22.7ms
[2024-05-30T12:05:38.867+0000][5478.286s][info][gc,phases   ] GC(959)   Other: 0.2ms
[2024-05-30T12:05:38.867+0000][5478.286s][info][gc,heap     ] GC(959) Eden regions: 913->0(909)
[2024-05-30T12:05:38.867+0000][5478.286s][info][gc,heap     ] GC(959) Survivor regions: 8->12(116)
[2024-05-30T12:05:38.867+0000][5478.286s][info][gc,heap     ] GC(959) Old regions: 245->245
[2024-05-30T12:05:38.867+0000][5478.286s][info][gc,heap     ] GC(959) Archive regions: 2->2
[2024-05-30T12:05:38.867+0000][5478.286s][info][gc,heap     ] GC(959) Humongous regions: 5->5
[2024-05-30T12:05:38.867+0000][5478.286s][info][gc,metaspace] GC(959) Metaspace: 413881K(419904K)->413881K(419904K) NonClass: 361871K(365248K)->361871K(365248K) Class: 52010K(54656K)->52010K(54656K)
[2024-05-30T12:05:38.867+0000][5478.286s][info][gc          ] GC(959) Pause Young (Normal) (G1 Evacuation Pause) 9361M->2088M(12288M) 98.027ms
[2024-05-30T12:05:38.867+0000][5478.286s][info][gc,cpu      ] GC(959) User=0.58s Sys=0.00s Real=0.09s
[2024-05-30T12:05:41.740+0000][5481.159s][info][gc,start    ] GC(960) Pause Young (Concurrent Start) (G1 Evacuation Pause)
[2024-05-30T12:05:41.740+0000][5481.159s][info][gc,task     ] GC(960) Using 6 workers of 6 for evacuation
[2024-05-30T12:05:41.857+0000][5481.277s][info][gc,phases   ] GC(960)   Pre Evacuate Collection Set: 0.6ms
[2024-05-30T12:05:41.857+0000][5481.277s][info][gc,phases   ] GC(960)   Merge Heap Roots: 0.4ms
[2024-05-30T12:05:41.857+0000][5481.277s][info][gc,phases   ] GC(960)   Evacuate Collection Set: 91.3ms
[2024-05-30T12:05:41.857+0000][5481.277s][info][gc,phases   ] GC(960)   Post Evacuate Collection Set: 24.8ms
[2024-05-30T12:05:41.857+0000][5481.277s][info][gc,phases   ] GC(960)   Other: 0.3ms
[2024-05-30T12:05:41.857+0000][5481.277s][info][gc,heap     ] GC(960) Eden regions: 909->0(905)
[2024-05-30T12:05:41.857+0000][5481.277s][info][gc,heap     ] GC(960) Survivor regions: 12->16(116)
[2024-05-30T12:05:41.857+0000][5481.277s][info][gc,heap     ] GC(960) Old regions: 245->245
[2024-05-30T12:05:41.858+0000][5481.277s][info][gc,heap     ] GC(960) Archive regions: 2->2
[2024-05-30T12:05:41.858+0000][5481.277s][info][gc,heap     ] GC(960) Humongous regions: 5->5
[2024-05-30T12:05:41.858+0000][5481.277s][info][gc,metaspace] GC(960) Metaspace: 413881K(419904K)->413881K(419904K) NonClass: 361871K(365248K)->361871K(365248K) Class: 52010K(54656K)->52010K(54656K)
[2024-05-30T12:05:41.858+0000][5481.277s][info][gc          ] GC(960) Pause Young (Concurrent Start) (G1 Evacuation Pause) 9360M->2123M(12288M) 117.417ms
[2024-05-30T12:05:41.858+0000][5481.277s][info][gc,cpu      ] GC(960) User=0.68s Sys=0.00s Real=0.12s
[2024-05-30T12:05:41.858+0000][5481.277s][info][gc          ] GC(961) Concurrent Mark Cycle
[2024-05-30T12:05:41.858+0000][5481.277s][info][gc,marking  ] GC(961) Concurrent Clear Claimed Marks
[2024-05-30T12:05:41.858+0000][5481.277s][info][gc,marking  ] GC(961) Concurrent Clear Claimed Marks 0.416ms
[2024-05-30T12:05:41.858+0000][5481.277s][info][gc,marking  ] GC(961) Concurrent Scan Root Regions
[2024-05-30T12:05:41.910+0000][5481.329s][info][gc,marking  ] GC(961) Concurrent Scan Root Regions 52.097ms
[2024-05-30T12:05:41.910+0000][5481.329s][info][gc,marking  ] GC(961) Concurrent Mark
[2024-05-30T12:05:41.910+0000][5481.329s][info][gc,marking  ] GC(961) Concurrent Mark From Roots
[2024-05-30T12:05:41.910+0000][5481.329s][info][gc,task     ] GC(961) Using 2 workers of 2 for marking
[2024-05-30T12:05:43.188+0000][5482.607s][info][gc,marking  ] GC(961) Concurrent Mark From Roots 1277.778ms
[2024-05-30T12:05:43.188+0000][5482.607s][info][gc,marking  ] GC(961) Concurrent Preclean
[2024-05-30T12:05:43.189+0000][5482.608s][info][gc,marking  ] GC(961) Concurrent Preclean 1.151ms
[2024-05-30T12:05:43.189+0000][5482.609s][info][gc,start    ] GC(961) Pause Remark
[2024-05-30T12:05:43.211+0000][5482.630s][info][gc          ] GC(961) Pause Remark 5047M->5047M(12288M) 21.525ms
[2024-05-30T12:05:43.211+0000][5482.630s][info][gc,cpu      ] GC(961) User=0.09s Sys=0.00s Real=0.02s
[2024-05-30T12:05:43.211+0000][5482.631s][info][gc,marking  ] GC(961) Concurrent Mark 1301.051ms
[2024-05-30T12:05:43.211+0000][5482.631s][info][gc,marking  ] GC(961) Concurrent Rebuild Remembered Sets
[2024-05-30T12:05:43.999+0000][5483.418s][info][gc,marking  ] GC(961) Concurrent Rebuild Remembered Sets 787.351ms
[2024-05-30T12:05:43.999+0000][5483.418s][info][gc,start    ] GC(961) Pause Cleanup
[2024-05-30T12:05:43.999+0000][5483.419s][info][gc          ] GC(961) Pause Cleanup 7275M->7275M(12288M) 0.510ms
[2024-05-30T12:05:43.999+0000][5483.419s][info][gc,cpu      ] GC(961) User=0.00s Sys=0.00s Real=0.00s
[2024-05-30T12:05:44.000+0000][5483.419s][info][gc,marking  ] GC(961) Concurrent Cleanup for Next Mark
[2024-05-30T12:05:44.016+0000][5483.436s][info][gc,marking  ] GC(961) Concurrent Cleanup for Next Mark 16.951ms
[2024-05-30T12:05:44.017+0000][5483.436s][info][gc          ] GC(961) Concurrent Mark Cycle 2158.906ms
[2024-05-30T12:05:44.796+0000][5484.215s][info][gc,start    ] GC(962) Pause Young (Prepare Mixed) (G1 Evacuation Pause)
[2024-05-30T12:05:44.796+0000][5484.215s][info][gc,task     ] GC(962) Using 6 workers of 6 for evacuation
[2024-05-30T12:05:44.895+0000][5484.314s][info][gc,phases   ] GC(962)   Pre Evacuate Collection Set: 0.2ms
[2024-05-30T12:05:44.895+0000][5484.314s][info][gc,phases   ] GC(962)   Merge Heap Roots: 0.7ms
[2024-05-30T12:05:44.895+0000][5484.314s][info][gc,phases   ] GC(962)   Evacuate Collection Set: 82.9ms
[2024-05-30T12:05:44.895+0000][5484.314s][info][gc,phases   ] GC(962)   Post Evacuate Collection Set: 15.7ms
[2024-05-30T12:05:44.895+0000][5484.314s][info][gc,phases   ] GC(962)   Other: 0.2ms
[2024-05-30T12:05:44.895+0000][5484.315s][info][gc,heap     ] GC(962) Eden regions: 905->0(57)
[2024-05-30T12:05:44.895+0000][5484.315s][info][gc,heap     ] GC(962) Survivor regions: 16->19(116)
[2024-05-30T12:05:44.895+0000][5484.315s][info][gc,heap     ] GC(962) Old regions: 245->245
[2024-05-30T12:05:44.895+0000][5484.315s][info][gc,heap     ] GC(962) Archive regions: 2->2
[2024-05-30T12:05:44.895+0000][5484.315s][info][gc,heap     ] GC(962) Humongous regions: 5->5
[2024-05-30T12:05:44.895+0000][5484.315s][info][gc,metaspace] GC(962) Metaspace: 413884K(419904K)->413884K(419904K) NonClass: 361874K(365248K)->361874K(365248K) Class: 52010K(54656K)->52010K(54656K)
[2024-05-30T12:05:44.895+0000][5484.315s][info][gc          ] GC(962) Pause Young (Prepare Mixed) (G1 Evacuation Pause) 9363M->2149M(12288M) 99.750ms
[2024-05-30T12:05:44.895+0000][5484.315s][info][gc,cpu      ] GC(962) User=0.59s Sys=0.00s Real=0.10s
[2024-05-30T12:05:45.082+0000][5484.501s][info][gc,start    ] GC(963) Pause Young (Mixed) (G1 Evacuation Pause)
[2024-05-30T12:05:45.082+0000][5484.501s][info][gc,task     ] GC(963) Using 6 workers of 6 for evacuation
[2024-05-30T12:05:45.150+0000][5484.569s][info][gc,phases   ] GC(963)   Pre Evacuate Collection Set: 0.2ms
[2024-05-30T12:05:45.150+0000][5484.569s][info][gc,phases   ] GC(963)   Merge Heap Roots: 0.2ms
[2024-05-30T12:05:45.150+0000][5484.569s][info][gc,phases   ] GC(963)   Evacuate Collection Set: 64.8ms
[2024-05-30T12:05:45.150+0000][5484.569s][info][gc,phases   ] GC(963)   Post Evacuate Collection Set: 2.7ms
[2024-05-30T12:05:45.150+0000][5484.569s][info][gc,phases   ] GC(963)   Other: 0.2ms
[2024-05-30T12:05:45.150+0000][5484.569s][info][gc,heap     ] GC(963) Eden regions: 57->0(915)
[2024-05-30T12:05:45.150+0000][5484.569s][info][gc,heap     ] GC(963) Survivor regions: 19->6(10)
[2024-05-30T12:05:45.150+0000][5484.569s][info][gc,heap     ] GC(963) Old regions: 245->241
[2024-05-30T12:05:45.150+0000][5484.569s][info][gc,heap     ] GC(963) Archive regions: 2->2
[2024-05-30T12:05:45.150+0000][5484.569s][info][gc,heap     ] GC(963) Humongous regions: 5->5
[2024-05-30T12:05:45.150+0000][5484.569s][info][gc,metaspace] GC(963) Metaspace: 413884K(419904K)->413884K(419904K) NonClass: 361874K(365248K)->361874K(365248K) Class: 52010K(54656K)->52010K(54656K)
[2024-05-30T12:05:45.150+0000][5484.569s][info][gc          ] GC(963) Pause Young (Mixed) (G1 Evacuation Pause) 2605M->2016M(12288M) 68.103ms
[2024-05-30T12:05:45.150+0000][5484.569s][info][gc,cpu      ] GC(963) User=0.40s Sys=0.00s Real=0.07s
[2024-05-30T12:05:47.810+0000][5487.230s][info][gc,start    ] GC(964) Pause Young (Normal) (G1 Evacuation Pause)
[2024-05-30T12:05:47.810+0000][5487.230s][info][gc,task     ] GC(964) Using 6 workers of 6 for evacuation
[2024-05-30T12:05:47.906+0000][5487.325s][info][gc,phases   ] GC(964)   Pre Evacuate Collection Set: 0.2ms
[2024-05-30T12:05:47.906+0000][5487.325s][info][gc,phases   ] GC(964)   Merge Heap Roots: 0.3ms
[2024-05-30T12:05:47.906+0000][5487.325s][info][gc,phases   ] GC(964)   Evacuate Collection Set: 72.8ms
[2024-05-30T12:05:47.906+0000][5487.325s][info][gc,phases   ] GC(964)   Post Evacuate Collection Set: 22.0ms
[2024-05-30T12:05:47.906+0000][5487.325s][info][gc,phases   ] GC(964)   Other: 0.2ms
[2024-05-30T12:05:47.906+0000][5487.325s][info][gc,heap     ] GC(964) Eden regions: 915->0(911)
[2024-05-30T12:05:47.906+0000][5487.325s][info][gc,heap     ] GC(964) Survivor regions: 6->10(116)
[2024-05-30T12:05:47.906+0000][5487.325s][info][gc,heap     ] GC(964) Old regions: 241->241
[2024-05-30T12:05:47.906+0000][5487.325s][info][gc,heap     ] GC(964) Archive regions: 2->2
[2024-05-30T12:05:47.906+0000][5487.325s][info][gc,heap     ] GC(964) Humongous regions: 5->5
[2024-05-30T12:05:47.906+0000][5487.325s][info][gc,metaspace] GC(964) Metaspace: 413884K(419904K)->413884K(419904K) NonClass: 361874K(365248K)->361874K(365248K) Class: 52010K(54656K)->52010K(54656K)
[2024-05-30T12:05:47.906+0000][5487.325s][info][gc          ] GC(964) Pause Young (Normal) (G1 Evacuation Pause) 9336M->2051M(12288M) 95.619ms
[2024-05-30T12:05:47.906+0000][5487.325s][info][gc,cpu      ] GC(964) User=0.57s Sys=0.00s Real=0.09s
[2024-05-30T12:05:50.564+0000][5489.983s][info][gc,start    ] GC(965) Pause Young (Normal) (G1 Evacuation Pause)
[2024-05-30T12:05:50.564+0000][5489.983s][info][gc,task     ] GC(965) Using 6 workers of 6 for evacuation
[2024-05-30T12:05:50.673+0000][5490.092s][info][gc,phases   ] GC(965)   Pre Evacuate Collection Set: 0.2ms
[2024-05-30T12:05:50.673+0000][5490.092s][info][gc,phases   ] GC(965)   Merge Heap Roots: 0.4ms
[2024-05-30T12:05:50.673+0000][5490.092s][info][gc,phases   ] GC(965)   Evacuate Collection Set: 85.5ms
[2024-05-30T12:05:50.673+0000][5490.092s][info][gc,phases   ] GC(965)   Post Evacuate Collection Set: 22.7ms
[2024-05-30T12:05:50.673+0000][5490.092s][info][gc,phases   ] GC(965)   Other: 0.2ms
[2024-05-30T12:05:50.673+0000][5490.092s][info][gc,heap     ] GC(965) Eden regions: 911->0(907)
[2024-05-30T12:05:50.673+0000][5490.092s][info][gc,heap     ] GC(965) Survivor regions: 10->14(116)
[2024-05-30T12:05:50.673+0000][5490.092s][info][gc,heap     ] GC(965) Old regions: 241->241
[2024-05-30T12:05:50.673+0000][5490.092s][info][gc,heap     ] GC(965) Archive regions: 2->2
[2024-05-30T12:05:50.673+0000][5490.092s][info][gc,heap     ] GC(965) Humongous regions: 5->5
[2024-05-30T12:05:50.673+0000][5490.092s][info][gc,metaspace] GC(965) Metaspace: 413884K(419904K)->413884K(419904K) NonClass: 361874K(365248K)->361874K(365248K) Class: 52010K(54656K)->52010K(54656K)
[2024-05-30T12:05:50.673+0000][5490.092s][info][gc          ] GC(965) Pause Young (Normal) (G1 Evacuation Pause) 9339M->2084M(12288M) 109.015ms
[2024-05-30T12:05:50.673+0000][5490.092s][info][gc,cpu      ] GC(965) User=0.64s Sys=0.00s Real=0.11s
[2024-05-30T12:05:53.569+0000][5492.988s][info][gc,start    ] GC(966) Pause Young (Concurrent Start) (G1 Evacuation Pause)
[2024-05-30T12:05:53.569+0000][5492.988s][info][gc,task     ] GC(966) Using 6 workers of 6 for evacuation
[2024-05-30T12:05:53.689+0000][5493.109s][info][gc,phases   ] GC(966)   Pre Evacuate Collection Set: 0.6ms
[2024-05-30T12:05:53.689+0000][5493.109s][info][gc,phases   ] GC(966)   Merge Heap Roots: 0.4ms
[2024-05-30T12:05:53.689+0000][5493.109s][info][gc,phases   ] GC(966)   Evacuate Collection Set: 97.0ms
[2024-05-30T12:05:53.689+0000][5493.109s][info][gc,phases   ] GC(966)   Post Evacuate Collection Set: 22.5ms
[2024-05-30T12:05:53.689+0000][5493.109s][info][gc,phases   ] GC(966)   Other: 0.3ms
[2024-05-30T12:05:53.689+0000][5493.109s][info][gc,heap     ] GC(966) Eden regions: 907->0(902)
[2024-05-30T12:05:53.689+0000][5493.109s][info][gc,heap     ] GC(966) Survivor regions: 14->19(116)
[2024-05-30T12:05:53.689+0000][5493.109s][info][gc,heap     ] GC(966) Old regions: 241->241
[2024-05-30T12:05:53.689+0000][5493.109s][info][gc,heap     ] GC(966) Archive regions: 2->2
[2024-05-30T12:05:53.689+0000][5493.109s][info][gc,heap     ] GC(966) Humongous regions: 5->5
[2024-05-30T12:05:53.689+0000][5493.109s][info][gc,metaspace] GC(966) Metaspace: 413893K(419904K)->413893K(419904K) NonClass: 361883K(365248K)->361883K(365248K) Class: 52010K(54656K)->52010K(54656K)
[2024-05-30T12:05:53.690+0000][5493.109s][info][gc          ] GC(966) Pause Young (Concurrent Start) (G1 Evacuation Pause) 9340M->2120M(12288M) 120.820ms
[2024-05-30T12:05:53.690+0000][5493.109s][info][gc,cpu      ] GC(966) User=0.71s Sys=0.00s Real=0.12s
[2024-05-30T12:05:53.690+0000][5493.109s][info][gc          ] GC(967) Concurrent Mark Cycle
[2024-05-30T12:05:53.690+0000][5493.109s][info][gc,marking  ] GC(967) Concurrent Clear Claimed Marks
[2024-05-30T12:05:53.690+0000][5493.109s][info][gc,marking  ] GC(967) Concurrent Clear Claimed Marks 0.413ms
[2024-05-30T12:05:53.690+0000][5493.109s][info][gc,marking  ] GC(967) Concurrent Scan Root Regions
[2024-05-30T12:05:53.747+0000][5493.166s][info][gc,marking  ] GC(967) Concurrent Scan Root Regions 57.090ms
[2024-05-30T12:05:53.747+0000][5493.166s][info][gc,marking  ] GC(967) Concurrent Mark
[2024-05-30T12:05:53.747+0000][5493.166s][info][gc,marking  ] GC(967) Concurrent Mark From Roots
[2024-05-30T12:05:53.747+0000][5493.166s][info][gc,task     ] GC(967) Using 2 workers of 2 for marking
[2024-05-30T12:05:55.040+0000][5494.459s][info][gc,marking  ] GC(967) Concurrent Mark From Roots 1293.043ms
[2024-05-30T12:05:55.040+0000][5494.460s][info][gc,marking  ] GC(967) Concurrent Preclean
[2024-05-30T12:05:55.041+0000][5494.460s][info][gc,marking  ] GC(967) Concurrent Preclean 0.941ms
[2024-05-30T12:05:55.041+0000][5494.461s][info][gc,start    ] GC(967) Pause Remark
[2024-05-30T12:05:55.062+0000][5494.482s][info][gc          ] GC(967) Pause Remark 5060M->5052M(12288M) 21.048ms
[2024-05-30T12:05:55.063+0000][5494.482s][info][gc,cpu      ] GC(967) User=0.09s Sys=0.00s Real=0.02s
[2024-05-30T12:05:55.063+0000][5494.482s][info][gc,marking  ] GC(967) Concurrent Mark 1315.685ms
[2024-05-30T12:05:55.063+0000][5494.482s][info][gc,marking  ] GC(967) Concurrent Rebuild Remembered Sets
[2024-05-30T12:05:55.830+0000][5495.249s][info][gc,marking  ] GC(967) Concurrent Rebuild Remembered Sets 766.744ms
[2024-05-30T12:05:55.830+0000][5495.249s][info][gc,start    ] GC(967) Pause Cleanup
[2024-05-30T12:05:55.830+0000][5495.250s][info][gc          ] GC(967) Pause Cleanup 6888M->6888M(12288M) 0.512ms
[2024-05-30T12:05:55.830+0000][5495.250s][info][gc,cpu      ] GC(967) User=0.00s Sys=0.00s Real=0.00s
[2024-05-30T12:05:55.831+0000][5495.250s][info][gc,marking  ] GC(967) Concurrent Cleanup for Next Mark
[2024-05-30T12:05:55.848+0000][5495.267s][info][gc,marking  ] GC(967) Concurrent Cleanup for Next Mark 17.018ms
[2024-05-30T12:05:55.848+0000][5495.267s][info][gc          ] GC(967) Concurrent Mark Cycle 2158.024ms
[2024-05-30T12:05:56.729+0000][5496.148s][info][gc,start    ] GC(968) Pause Young (Prepare Mixed) (G1 Evacuation Pause)
[2024-05-30T12:05:56.729+0000][5496.148s][info][gc,task     ] GC(968) Using 6 workers of 6 for evacuation
[2024-05-30T12:05:56.837+0000][5496.256s][info][gc,phases   ] GC(968)   Pre Evacuate Collection Set: 0.2ms
[2024-05-30T12:05:56.837+0000][5496.256s][info][gc,phases   ] GC(968)   Merge Heap Roots: 0.6ms
[2024-05-30T12:05:56.837+0000][5496.256s][info][gc,phases   ] GC(968)   Evacuate Collection Set: 92.6ms
[2024-05-30T12:05:56.837+0000][5496.256s][info][gc,phases   ] GC(968)   Post Evacuate Collection Set: 14.6ms
[2024-05-30T12:05:56.837+0000][5496.256s][info][gc,phases   ] GC(968)   Other: 0.2ms
[2024-05-30T12:05:56.837+0000][5496.256s][info][gc,heap     ] GC(968) Eden regions: 902->0(53)
[2024-05-30T12:05:56.837+0000][5496.256s][info][gc,heap     ] GC(968) Survivor regions: 19->23(116)
[2024-05-30T12:05:56.837+0000][5496.256s][info][gc,heap     ] GC(968) Old regions: 240->240
[2024-05-30T12:05:56.837+0000][5496.256s][info][gc,heap     ] GC(968) Archive regions: 2->2
[2024-05-30T12:05:56.837+0000][5496.256s][info][gc,heap     ] GC(968) Humongous regions: 5->5
[2024-05-30T12:05:56.837+0000][5496.256s][info][gc,metaspace] GC(968) Metaspace: 413893K(419904K)->413893K(419904K) NonClass: 361883K(365248K)->361883K(365248K) Class: 52010K(54656K)->52010K(54656K)
[2024-05-30T12:05:56.837+0000][5496.256s][info][gc          ] GC(968) Pause Young (Prepare Mixed) (G1 Evacuation Pause) 9328M->2144M(12288M) 108.229ms
[2024-05-30T12:05:56.837+0000][5496.256s][info][gc,cpu      ] GC(968) User=0.64s Sys=0.00s Real=0.11s
[2024-05-30T12:05:56.999+0000][5496.418s][info][gc,start    ] GC(969) Pause Young (Mixed) (G1 Evacuation Pause)
[2024-05-30T12:05:56.999+0000][5496.418s][info][gc,task     ] GC(969) Using 6 workers of 6 for evacuation
[2024-05-30T12:05:57.077+0000][5496.497s][info][gc,phases   ] GC(969)   Pre Evacuate Collection Set: 0.2ms
[2024-05-30T12:05:57.077+0000][5496.497s][info][gc,phases   ] GC(969)   Merge Heap Roots: 0.3ms
[2024-05-30T12:05:57.077+0000][5496.497s][info][gc,phases   ] GC(969)   Evacuate Collection Set: 75.6ms
[2024-05-30T12:05:57.077+0000][5496.497s][info][gc,phases   ] GC(969)   Post Evacuate Collection Set: 2.6ms
[2024-05-30T12:05:57.077+0000][5496.497s][info][gc,phases   ] GC(969)   Other: 0.2ms
[2024-05-30T12:05:57.077+0000][5496.497s][info][gc,heap     ] GC(969) Eden regions: 53->0(915)
[2024-05-30T12:05:57.078+0000][5496.497s][info][gc,heap     ] GC(969) Survivor regions: 23->6(10)
[2024-05-30T12:05:57.078+0000][5496.497s][info][gc,heap     ] GC(969) Old regions: 240->241
[2024-05-30T12:05:57.078+0000][5496.497s][info][gc,heap     ] GC(969) Archive regions: 2->2
[2024-05-30T12:05:57.078+0000][5496.497s][info][gc,heap     ] GC(969) Humongous regions: 5->5
[2024-05-30T12:05:57.078+0000][5496.497s][info][gc,metaspace] GC(969) Metaspace: 413893K(419904K)->413893K(419904K) NonClass: 361883K(365248K)->361883K(365248K) Class: 52010K(54656K)->52010K(54656K)
[2024-05-30T12:05:57.078+0000][5496.497s][info][gc          ] GC(969) Pause Young (Mixed) (G1 Evacuation Pause) 2568M->2010M(12288M) 78.901ms
[2024-05-30T12:05:57.078+0000][5496.497s][info][gc,cpu      ] GC(969) User=0.47s Sys=0.00s Real=0.08s
[2024-05-30T12:06:04.819+0000][5504.238s][info][gc,start    ] GC(970) Pause Young (Normal) (G1 Evacuation Pause)
[2024-05-30T12:06:04.819+0000][5504.238s][info][gc,task     ] GC(970) Using 6 workers of 6 for evacuation
[2024-05-30T12:06:04.864+0000][5504.284s][info][gc,phases   ] GC(970)   Pre Evacuate Collection Set: 0.2ms
[2024-05-30T12:06:04.864+0000][5504.284s][info][gc,phases   ] GC(970)   Merge Heap Roots: 0.3ms
[2024-05-30T12:06:04.864+0000][5504.284s][info][gc,phases   ] GC(970)   Evacuate Collection Set: 37.9ms
[2024-05-30T12:06:04.864+0000][5504.284s][info][gc,phases   ] GC(970)   Post Evacuate Collection Set: 7.1ms
[2024-05-30T12:06:04.864+0000][5504.284s][info][gc,phases   ] GC(970)   Other: 0.2ms
[2024-05-30T12:06:04.864+0000][5504.284s][info][gc,heap     ] GC(970) Eden regions: 915->0(912)
[2024-05-30T12:06:04.864+0000][5504.284s][info][gc,heap     ] GC(970) Survivor regions: 6->9(116)
[2024-05-30T12:06:04.864+0000][5504.284s][info][gc,heap     ] GC(970) Old regions: 241->241
[2024-05-30T12:06:04.864+0000][5504.284s][info][gc,heap     ] GC(970) Archive regions: 2->2
[2024-05-30T12:06:04.864+0000][5504.284s][info][gc,heap     ] GC(970) Humongous regions: 5->5
[2024-05-30T12:06:04.864+0000][5504.284s][info][gc,metaspace] GC(970) Metaspace: 413893K(419904K)->413893K(419904K) NonClass: 361883K(365248K)->361883K(365248K) Class: 52010K(54656K)->52010K(54656K)
[2024-05-30T12:06:04.864+0000][5504.284s][info][gc          ] GC(970) Pause Young (Normal) (G1 Evacuation Pause) 9330M->2032M(12288M) 45.832ms
[2024-05-30T12:06:04.864+0000][5504.284s][info][gc,cpu      ] GC(970) User=0.26s Sys=0.00s Real=0.04s
[2024-05-30T12:06:14.868+0000][5514.287s][info][gc,start    ] GC(971) Pause Young (Normal) (G1 Evacuation Pause)
[2024-05-30T12:06:14.868+0000][5514.287s][info][gc,task     ] GC(971) Using 6 workers of 6 for evacuation
[2024-05-30T12:06:14.905+0000][5514.324s][info][gc,phases   ] GC(971)   Pre Evacuate Collection Set: 0.2ms
[2024-05-30T12:06:14.905+0000][5514.324s][info][gc,phases   ] GC(971)   Merge Heap Roots: 0.3ms
[2024-05-30T12:06:14.905+0000][5514.324s][info][gc,phases   ] GC(971)   Evacuate Collection Set: 33.9ms
[2024-05-30T12:06:14.905+0000][5514.324s][info][gc,phases   ] GC(971)   Post Evacuate Collection Set: 1.8ms
[2024-05-30T12:06:14.905+0000][5514.324s][info][gc,phases   ] GC(971)   Other: 0.3ms
[2024-05-30T12:06:14.905+0000][5514.324s][info][gc,heap     ] GC(971) Eden regions: 912->0(908)
[2024-05-30T12:06:14.905+0000][5514.324s][info][gc,heap     ] GC(971) Survivor regions: 9->13(116)
[2024-05-30T12:06:14.905+0000][5514.324s][info][gc,heap     ] GC(971) Old regions: 241->241
[2024-05-30T12:06:14.905+0000][5514.324s][info][gc,heap     ] GC(971) Archive regions: 2->2
[2024-05-30T12:06:14.905+0000][5514.324s][info][gc,heap     ] GC(971) Humongous regions: 5->5
[2024-05-30T12:06:14.905+0000][5514.324s][info][gc,metaspace] GC(971) Metaspace: 413893K(419904K)->413893K(419904K) NonClass: 361883K(365248K)->361883K(365248K) Class: 52010K(54656K)->52010K(54656K)
[2024-05-30T12:06:14.905+0000][5514.324s][info][gc          ] GC(971) Pause Young (Normal) (G1 Evacuation Pause) 9328M->2064M(12288M) 36.494ms
[2024-05-30T12:06:14.905+0000][5514.324s][info][gc,cpu      ] GC(971) User=0.22s Sys=0.00s Real=0.04s
[2024-05-30T12:06:24.890+0000][5524.309s][info][gc,start    ] GC(972) Pause Young (Concurrent Start) (G1 Evacuation Pause)
[2024-05-30T12:06:24.890+0000][5524.309s][info][gc,task     ] GC(972) Using 6 workers of 6 for evacuation
[2024-05-30T12:06:24.941+0000][5524.360s][info][gc,phases   ] GC(972)   Pre Evacuate Collection Set: 0.6ms
[2024-05-30T12:06:24.941+0000][5524.360s][info][gc,phases   ] GC(972)   Merge Heap Roots: 0.3ms
[2024-05-30T12:06:24.941+0000][5524.360s][info][gc,phases   ] GC(972)   Evacuate Collection Set: 47.4ms
[2024-05-30T12:06:24.941+0000][5524.360s][info][gc,phases   ] GC(972)   Post Evacuate Collection Set: 2.3ms
[2024-05-30T12:06:24.941+0000][5524.360s][info][gc,phases   ] GC(972)   Other: 0.3ms
[2024-05-30T12:06:24.941+0000][5524.360s][info][gc,heap     ] GC(972) Eden regions: 908->0(904)
[2024-05-30T12:06:24.941+0000][5524.360s][info][gc,heap     ] GC(972) Survivor regions: 13->17(116)
[2024-05-30T12:06:24.941+0000][5524.360s][info][gc,heap     ] GC(972) Old regions: 241->241
[2024-05-30T12:06:24.941+0000][5524.360s][info][gc,heap     ] GC(972) Archive regions: 2->2
[2024-05-30T12:06:24.941+0000][5524.360s][info][gc,heap     ] GC(972) Humongous regions: 5->5
[2024-05-30T12:06:24.941+0000][5524.360s][info][gc,metaspace] GC(972) Metaspace: 413896K(419904K)->413896K(419904K) NonClass: 361886K(365248K)->361886K(365248K) Class: 52010K(54656K)->52010K(54656K)
[2024-05-30T12:06:24.941+0000][5524.360s][info][gc          ] GC(972) Pause Young (Concurrent Start) (G1 Evacuation Pause) 9328M->2097M(12288M) 50.926ms
[2024-05-30T12:06:24.941+0000][5524.360s][info][gc,cpu      ] GC(972) User=0.30s Sys=0.00s Real=0.05s
[2024-05-30T12:06:24.941+0000][5524.360s][info][gc          ] GC(973) Concurrent Mark Cycle
[2024-05-30T12:06:24.941+0000][5524.360s][info][gc,marking  ] GC(973) Concurrent Clear Claimed Marks
[2024-05-30T12:06:24.941+0000][5524.361s][info][gc,marking  ] GC(973) Concurrent Clear Claimed Marks 0.447ms
[2024-05-30T12:06:24.941+0000][5524.361s][info][gc,marking  ] GC(973) Concurrent Scan Root Regions
[2024-05-30T12:06:24.972+0000][5524.392s][info][gc,marking  ] GC(973) Concurrent Scan Root Regions 31.000ms
[2024-05-30T12:06:24.973+0000][5524.392s][info][gc,marking  ] GC(973) Concurrent Mark
[2024-05-30T12:06:24.973+0000][5524.392s][info][gc,marking  ] GC(973) Concurrent Mark From Roots
[2024-05-30T12:06:24.973+0000][5524.392s][info][gc,task     ] GC(973) Using 2 workers of 2 for marking
[2024-05-30T12:06:26.246+0000][5525.665s][info][gc,marking  ] GC(973) Concurrent Mark From Roots 1273.507ms
[2024-05-30T12:06:26.246+0000][5525.665s][info][gc,marking  ] GC(973) Concurrent Preclean
[2024-05-30T12:06:26.247+0000][5525.667s][info][gc,marking  ] GC(973) Concurrent Preclean 1.324ms
[2024-05-30T12:06:26.248+0000][5525.667s][info][gc,start    ] GC(973) Pause Remark
[2024-05-30T12:06:26.269+0000][5525.688s][info][gc          ] GC(973) Pause Remark 2977M->2969M(12288M) 21.037ms
[2024-05-30T12:06:26.269+0000][5525.688s][info][gc,cpu      ] GC(973) User=0.09s Sys=0.00s Real=0.03s
[2024-05-30T12:06:26.269+0000][5525.688s][info][gc,marking  ] GC(973) Concurrent Mark 1296.369ms
[2024-05-30T12:06:26.269+0000][5525.688s][info][gc,marking  ] GC(973) Concurrent Rebuild Remembered Sets
[2024-05-30T12:06:27.039+0000][5526.458s][info][gc,marking  ] GC(973) Concurrent Rebuild Remembered Sets 769.963ms
[2024-05-30T12:06:27.039+0000][5526.458s][info][gc,start    ] GC(973) Pause Cleanup
[2024-05-30T12:06:27.040+0000][5526.459s][info][gc          ] GC(973) Pause Cleanup 3605M->3605M(12288M) 0.555ms
[2024-05-30T12:06:27.040+0000][5526.459s][info][gc,cpu      ] GC(973) User=0.00s Sys=0.00s Real=0.00s
[2024-05-30T12:06:27.040+0000][5526.459s][info][gc,marking  ] GC(973) Concurrent Cleanup for Next Mark
[2024-05-30T12:06:27.070+0000][5526.489s][info][gc,marking  ] GC(973) Concurrent Cleanup for Next Mark 29.814ms
[2024-05-30T12:06:27.070+0000][5526.489s][info][gc          ] GC(973) Concurrent Mark Cycle 2128.604ms
[2024-05-30T12:06:35.083+0000][5534.502s][info][gc,start    ] GC(974) Pause Young (Prepare Mixed) (G1 Evacuation Pause)
[2024-05-30T12:06:35.083+0000][5534.502s][info][gc,task     ] GC(974) Using 6 workers of 6 for evacuation
[2024-05-30T12:06:35.130+0000][5534.549s][info][gc,phases   ] GC(974)   Pre Evacuate Collection Set: 0.2ms
[2024-05-30T12:06:35.130+0000][5534.549s][info][gc,phases   ] GC(974)   Merge Heap Roots: 0.4ms
[2024-05-30T12:06:35.130+0000][5534.549s][info][gc,phases   ] GC(974)   Evacuate Collection Set: 44.4ms
[2024-05-30T12:06:35.130+0000][5534.549s][info][gc,phases   ] GC(974)   Post Evacuate Collection Set: 1.8ms
[2024-05-30T12:06:35.130+0000][5534.549s][info][gc,phases   ] GC(974)   Other: 0.2ms
[2024-05-30T12:06:35.130+0000][5534.549s][info][gc,heap     ] GC(974) Eden regions: 904->0(59)
[2024-05-30T12:06:35.130+0000][5534.549s][info][gc,heap     ] GC(974) Survivor regions: 17->17(116)
[2024-05-30T12:06:35.130+0000][5534.549s][info][gc,heap     ] GC(974) Old regions: 240->240
[2024-05-30T12:06:35.130+0000][5534.549s][info][gc,heap     ] GC(974) Archive regions: 2->2
[2024-05-30T12:06:35.130+0000][5534.549s][info][gc,heap     ] GC(974) Humongous regions: 5->5
[2024-05-30T12:06:35.130+0000][5534.549s][info][gc,metaspace] GC(974) Metaspace: 413896K(419904K)->413896K(419904K) NonClass: 361886K(365248K)->361886K(365248K) Class: 52010K(54656K)->52010K(54656K)
[2024-05-30T12:06:35.130+0000][5534.549s][info][gc          ] GC(974) Pause Young (Prepare Mixed) (G1 Evacuation Pause) 9321M->2094M(12288M) 47.045ms
[2024-05-30T12:06:35.130+0000][5534.549s][info][gc,cpu      ] GC(974) User=0.28s Sys=0.00s Real=0.05s
[2024-05-30T12:06:35.789+0000][5535.209s][info][gc,start    ] GC(975) Pause Young (Mixed) (G1 Evacuation Pause)
[2024-05-30T12:06:35.790+0000][5535.209s][info][gc,task     ] GC(975) Using 6 workers of 6 for evacuation
[2024-05-30T12:06:35.836+0000][5535.255s][info][gc,phases   ] GC(975)   Pre Evacuate Collection Set: 0.2ms
[2024-05-30T12:06:35.836+0000][5535.255s][info][gc,phases   ] GC(975)   Merge Heap Roots: 0.2ms
[2024-05-30T12:06:35.836+0000][5535.255s][info][gc,phases   ] GC(975)   Evacuate Collection Set: 44.4ms
[2024-05-30T12:06:35.836+0000][5535.255s][info][gc,phases   ] GC(975)   Post Evacuate Collection Set: 1.2ms
[2024-05-30T12:06:35.836+0000][5535.255s][info][gc,phases   ] GC(975)   Other: 0.2ms
[2024-05-30T12:06:35.836+0000][5535.255s][info][gc,heap     ] GC(975) Eden regions: 59->0(914)
[2024-05-30T12:06:35.836+0000][5535.255s][info][gc,heap     ] GC(975) Survivor regions: 17->7(10)
[2024-05-30T12:06:35.836+0000][5535.255s][info][gc,heap     ] GC(975) Old regions: 240->234
[2024-05-30T12:06:35.836+0000][5535.255s][info][gc,heap     ] GC(975) Archive regions: 2->2
[2024-05-30T12:06:35.836+0000][5535.255s][info][gc,heap     ] GC(975) Humongous regions: 5->5
[2024-05-30T12:06:35.836+0000][5535.255s][info][gc,metaspace] GC(975) Metaspace: 413896K(419904K)->413896K(419904K) NonClass: 361886K(365248K)->361886K(365248K) Class: 52010K(54656K)->52010K(54656K)
[2024-05-30T12:06:35.836+0000][5535.255s][info][gc          ] GC(975) Pause Young (Mixed) (G1 Evacuation Pause) 2566M->1966M(12288M) 46.333ms
[2024-05-30T12:06:35.836+0000][5535.255s][info][gc,cpu      ] GC(975) User=0.27s Sys=0.00s Real=0.04s
[2024-05-30T12:06:45.962+0000][5545.381s][info][gc,start    ] GC(976) Pause Young (Normal) (G1 Evacuation Pause)
[2024-05-30T12:06:45.962+0000][5545.381s][info][gc,task     ] GC(976) Using 6 workers of 6 for evacuation
[2024-05-30T12:06:45.986+0000][5545.405s][info][gc,phases   ] GC(976)   Pre Evacuate Collection Set: 0.2ms
[2024-05-30T12:06:45.986+0000][5545.405s][info][gc,phases   ] GC(976)   Merge Heap Roots: 0.3ms
[2024-05-30T12:06:45.986+0000][5545.405s][info][gc,phases   ] GC(976)   Evacuate Collection Set: 21.3ms
[2024-05-30T12:06:45.986+0000][5545.405s][info][gc,phases   ] GC(976)   Post Evacuate Collection Set: 1.8ms
[2024-05-30T12:06:45.986+0000][5545.405s][info][gc,phases   ] GC(976)   Other: 0.2ms
[2024-05-30T12:06:45.986+0000][5545.405s][info][gc,heap     ] GC(976) Eden regions: 914->0(911)
[2024-05-30T12:06:45.986+0000][5545.405s][info][gc,heap     ] GC(976) Survivor regions: 7->10(116)
[2024-05-30T12:06:45.986+0000][5545.405s][info][gc,heap     ] GC(976) Old regions: 234->234
[2024-05-30T12:06:45.986+0000][5545.405s][info][gc,heap     ] GC(976) Archive regions: 2->2
[2024-05-30T12:06:45.986+0000][5545.405s][info][gc,heap     ] GC(976) Humongous regions: 5->5
[2024-05-30T12:06:45.986+0000][5545.405s][info][gc,metaspace] GC(976) Metaspace: 413899K(419904K)->413899K(419904K) NonClass: 361889K(365248K)->361889K(365248K) Class: 52010K(54656K)->52010K(54656K)
[2024-05-30T12:06:45.986+0000][5545.405s][info][gc          ] GC(976) Pause Young (Normal) (G1 Evacuation Pause) 9278M->1990M(12288M) 23.789ms
[2024-05-30T12:06:45.986+0000][5545.405s][info][gc,cpu      ] GC(976) User=0.14s Sys=0.00s Real=0.02s
[2024-05-30T12:06:55.444+0000][5554.863s][info][gc,start    ] GC(977) Pause Young (Normal) (G1 Evacuation Pause)
[2024-05-30T12:06:55.444+0000][5554.863s][info][gc,task     ] GC(977) Using 6 workers of 6 for evacuation
[2024-05-30T12:06:55.472+0000][5554.892s][info][gc,phases   ] GC(977)   Pre Evacuate Collection Set: 0.2ms
[2024-05-30T12:06:55.472+0000][5554.892s][info][gc,phases   ] GC(977)   Merge Heap Roots: 0.3ms
[2024-05-30T12:06:55.472+0000][5554.892s][info][gc,phases   ] GC(977)   Evacuate Collection Set: 25.8ms
[2024-05-30T12:06:55.472+0000][5554.892s][info][gc,phases   ] GC(977)   Post Evacuate Collection Set: 2.0ms
[2024-05-30T12:06:55.472+0000][5554.892s][info][gc,phases   ] GC(977)   Other: 0.2ms
[2024-05-30T12:06:55.472+0000][5554.892s][info][gc,heap     ] GC(977) Eden regions: 911->0(911)
[2024-05-30T12:06:55.472+0000][5554.892s][info][gc,heap     ] GC(977) Survivor regions: 10->10(116)
[2024-05-30T12:06:55.472+0000][5554.892s][info][gc,heap     ] GC(977) Old regions: 234->234
[2024-05-30T12:06:55.472+0000][5554.892s][info][gc,heap     ] GC(977) Archive regions: 2->2
[2024-05-30T12:06:55.472+0000][5554.892s][info][gc,heap     ] GC(977) Humongous regions: 5->5
[2024-05-30T12:06:55.472+0000][5554.892s][info][gc,metaspace] GC(977) Metaspace: 413908K(419904K)->413908K(419904K) NonClass: 361898K(365248K)->361898K(365248K) Class: 52010K(54656K)->52010K(54656K)
[2024-05-30T12:06:55.472+0000][5554.892s][info][gc          ] GC(977) Pause Young (Normal) (G1 Evacuation Pause) 9278M->1994M(12288M) 28.619ms
[2024-05-30T12:06:55.473+0000][5554.892s][info][gc,cpu      ] GC(977) User=0.17s Sys=0.00s Real=0.03s
[2024-05-30T12:07:05.547+0000][5564.966s][info][gc,start    ] GC(978) Pause Young (Concurrent Start) (G1 Evacuation Pause)
[2024-05-30T12:07:05.547+0000][5564.966s][info][gc,task     ] GC(978) Using 6 workers of 6 for evacuation
[2024-05-30T12:07:05.582+0000][5565.001s][info][gc,phases   ] GC(978)   Pre Evacuate Collection Set: 0.6ms
[2024-05-30T12:07:05.582+0000][5565.001s][info][gc,phases   ] GC(978)   Merge Heap Roots: 0.3ms
[2024-05-30T12:07:05.582+0000][5565.001s][info][gc,phases   ] GC(978)   Evacuate Collection Set: 32.6ms
[2024-05-30T12:07:05.582+0000][5565.001s][info][gc,phases   ] GC(978)   Post Evacuate Collection Set: 1.8ms
[2024-05-30T12:07:05.582+0000][5565.001s][info][gc,phases   ] GC(978)   Other: 0.3ms
[2024-05-30T12:07:05.582+0000][5565.001s][info][gc,heap     ] GC(978) Eden regions: 911->0(908)
[2024-05-30T12:07:05.582+0000][5565.001s][info][gc,heap     ] GC(978) Survivor regions: 10->13(116)
[2024-05-30T12:07:05.582+0000][5565.001s][info][gc,heap     ] GC(978) Old regions: 234->234
[2024-05-30T12:07:05.582+0000][5565.001s][info][gc,heap     ] GC(978) Archive regions: 2->2
[2024-05-30T12:07:05.582+0000][5565.001s][info][gc,heap     ] GC(978) Humongous regions: 5->5
[2024-05-30T12:07:05.582+0000][5565.002s][info][gc,metaspace] GC(978) Metaspace: 413908K(419904K)->413908K(419904K) NonClass: 361898K(365248K)->361898K(365248K) Class: 52010K(54656K)->52010K(54656K)
[2024-05-30T12:07:05.582+0000][5565.002s][info][gc          ] GC(978) Pause Young (Concurrent Start) (G1 Evacuation Pause) 9282M->2014M(12288M) 35.581ms
[2024-05-30T12:07:05.582+0000][5565.002s][info][gc,cpu      ] GC(978) User=0.20s Sys=0.00s Real=0.04s
[2024-05-30T12:07:05.582+0000][5565.002s][info][gc          ] GC(979) Concurrent Mark Cycle
[2024-05-30T12:07:05.582+0000][5565.002s][info][gc,marking  ] GC(979) Concurrent Clear Claimed Marks
[2024-05-30T12:07:05.583+0000][5565.002s][info][gc,marking  ] GC(979) Concurrent Clear Claimed Marks 0.455ms
[2024-05-30T12:07:05.583+0000][5565.002s][info][gc,marking  ] GC(979) Concurrent Scan Root Regions
[2024-05-30T12:07:05.609+0000][5565.028s][info][gc,marking  ] GC(979) Concurrent Scan Root Regions 26.352ms
[2024-05-30T12:07:05.609+0000][5565.029s][info][gc,marking  ] GC(979) Concurrent Mark
[2024-05-30T12:07:05.609+0000][5565.029s][info][gc,marking  ] GC(979) Concurrent Mark From Roots
[2024-05-30T12:07:05.609+0000][5565.029s][info][gc,task     ] GC(979) Using 2 workers of 2 for marking
[2024-05-30T12:07:06.876+0000][5566.296s][info][gc,marking  ] GC(979) Concurrent Mark From Roots 1267.120ms
[2024-05-30T12:07:06.876+0000][5566.296s][info][gc,marking  ] GC(979) Concurrent Preclean
[2024-05-30T12:07:06.877+0000][5566.297s][info][gc,marking  ] GC(979) Concurrent Preclean 0.988ms
[2024-05-30T12:07:06.878+0000][5566.297s][info][gc,start    ] GC(979) Pause Remark
[2024-05-30T12:07:06.898+0000][5566.318s][info][gc          ] GC(979) Pause Remark 2850M->2850M(12288M) 20.751ms
[2024-05-30T12:07:06.898+0000][5566.318s][info][gc,cpu      ] GC(979) User=0.08s Sys=0.00s Real=0.02s
[2024-05-30T12:07:06.899+0000][5566.318s][info][gc,marking  ] GC(979) Concurrent Mark 1289.263ms
[2024-05-30T12:07:06.899+0000][5566.318s][info][gc,marking  ] GC(979) Concurrent Rebuild Remembered Sets
[2024-05-30T12:07:07.674+0000][5567.093s][info][gc,marking  ] GC(979) Concurrent Rebuild Remembered Sets 774.996ms
[2024-05-30T12:07:07.674+0000][5567.093s][info][gc,start    ] GC(979) Pause Cleanup
[2024-05-30T12:07:07.674+0000][5567.094s][info][gc          ] GC(979) Pause Cleanup 3394M->3394M(12288M) 0.500ms
[2024-05-30T12:07:07.674+0000][5567.094s][info][gc,cpu      ] GC(979) User=0.00s Sys=0.00s Real=0.00s
[2024-05-30T12:07:07.674+0000][5567.094s][info][gc,marking  ] GC(979) Concurrent Cleanup for Next Mark
[2024-05-30T12:07:07.692+0000][5567.112s][info][gc,marking  ] GC(979) Concurrent Cleanup for Next Mark 17.928ms
[2024-05-30T12:07:07.692+0000][5567.112s][info][gc          ] GC(979) Concurrent Mark Cycle 2110.027ms
[2024-05-30T12:07:15.594+0000][5575.013s][info][gc,start    ] GC(980) Pause Young (Prepare Mixed) (G1 Evacuation Pause)
[2024-05-30T12:07:15.594+0000][5575.013s][info][gc,task     ] GC(980) Using 6 workers of 6 for evacuation
[2024-05-30T12:07:15.634+0000][5575.053s][info][gc,phases   ] GC(980)   Pre Evacuate Collection Set: 0.2ms
[2024-05-30T12:07:15.634+0000][5575.053s][info][gc,phases   ] GC(980)   Merge Heap Roots: 0.4ms
[2024-05-30T12:07:15.634+0000][5575.053s][info][gc,phases   ] GC(980)   Evacuate Collection Set: 37.2ms
[2024-05-30T12:07:15.634+0000][5575.053s][info][gc,phases   ] GC(980)   Post Evacuate Collection Set: 1.8ms
[2024-05-30T12:07:15.634+0000][5575.053s][info][gc,phases   ] GC(980)   Other: 0.2ms
[2024-05-30T12:07:15.634+0000][5575.053s][info][gc,heap     ] GC(980) Eden regions: 908->0(60)
[2024-05-30T12:07:15.634+0000][5575.053s][info][gc,heap     ] GC(980) Survivor regions: 13->16(116)
[2024-05-30T12:07:15.634+0000][5575.053s][info][gc,heap     ] GC(980) Old regions: 234->234
[2024-05-30T12:07:15.634+0000][5575.053s][info][gc,heap     ] GC(980) Archive regions: 2->2
[2024-05-30T12:07:15.634+0000][5575.053s][info][gc,heap     ] GC(980) Humongous regions: 5->5
[2024-05-30T12:07:15.634+0000][5575.053s][info][gc,metaspace] GC(980) Metaspace: 413908K(419904K)->413908K(419904K) NonClass: 361898K(365248K)->361898K(365248K) Class: 52010K(54656K)->52010K(54656K)
[2024-05-30T12:07:15.634+0000][5575.053s][info][gc          ] GC(980) Pause Young (Prepare Mixed) (G1 Evacuation Pause) 9278M->2042M(12288M) 39.891ms
[2024-05-30T12:07:15.634+0000][5575.053s][info][gc,cpu      ] GC(980) User=0.24s Sys=0.00s Real=0.04s
[2024-05-30T12:07:16.295+0000][5575.714s][info][gc,start    ] GC(981) Pause Young (Mixed) (G1 Evacuation Pause)
[2024-05-30T12:07:16.295+0000][5575.714s][info][gc,task     ] GC(981) Using 6 workers of 6 for evacuation
[2024-05-30T12:07:16.336+0000][5575.755s][info][gc,phases   ] GC(981)   Pre Evacuate Collection Set: 0.2ms
[2024-05-30T12:07:16.336+0000][5575.755s][info][gc,phases   ] GC(981)   Merge Heap Roots: 0.2ms
[2024-05-30T12:07:16.336+0000][5575.755s][info][gc,phases   ] GC(981)   Evacuate Collection Set: 39.1ms
[2024-05-30T12:07:16.336+0000][5575.755s][info][gc,phases   ] GC(981)   Post Evacuate Collection Set: 1.2ms
[2024-05-30T12:07:16.336+0000][5575.755s][info][gc,phases   ] GC(981)   Other: 0.2ms
[2024-05-30T12:07:16.336+0000][5575.755s][info][gc,heap     ] GC(981) Eden regions: 60->0(915)
[2024-05-30T12:07:16.336+0000][5575.755s][info][gc,heap     ] GC(981) Survivor regions: 16->6(10)
[2024-05-30T12:07:16.336+0000][5575.755s][info][gc,heap     ] GC(981) Old regions: 234->229
[2024-05-30T12:07:16.336+0000][5575.755s][info][gc,heap     ] GC(981) Archive regions: 2->2
[2024-05-30T12:07:16.336+0000][5575.755s][info][gc,heap     ] GC(981) Humongous regions: 5->5
[2024-05-30T12:07:16.336+0000][5575.755s][info][gc,metaspace] GC(981) Metaspace: 413908K(419904K)->413908K(419904K) NonClass: 361898K(365248K)->361898K(365248K) Class: 52010K(54656K)->52010K(54656K)
[2024-05-30T12:07:16.336+0000][5575.755s][info][gc          ] GC(981) Pause Young (Mixed) (G1 Evacuation Pause) 2522M->1924M(12288M) 40.949ms
[2024-05-30T12:07:16.336+0000][5575.755s][info][gc,cpu      ] GC(981) User=0.24s Sys=0.00s Real=0.04s
[2024-05-30T12:07:26.534+0000][5585.953s][info][gc,start    ] GC(982) Pause Young (Normal) (G1 Evacuation Pause)
[2024-05-30T12:07:26.534+0000][5585.953s][info][gc,task     ] GC(982) Using 6 workers of 6 for evacuation
[2024-05-30T12:07:26.557+0000][5585.976s][info][gc,phases   ] GC(982)   Pre Evacuate Collection Set: 0.2ms
[2024-05-30T12:07:26.557+0000][5585.976s][info][gc,phases   ] GC(982)   Merge Heap Roots: 0.3ms
[2024-05-30T12:07:26.557+0000][5585.976s][info][gc,phases   ] GC(982)   Evacuate Collection Set: 20.5ms
[2024-05-30T12:07:26.557+0000][5585.976s][info][gc,phases   ] GC(982)   Post Evacuate Collection Set: 1.9ms
[2024-05-30T12:07:26.557+0000][5585.976s][info][gc,phases   ] GC(982)   Other: 0.2ms
[2024-05-30T12:07:26.557+0000][5585.976s][info][gc,heap     ] GC(982) Eden regions: 915->0(911)
[2024-05-30T12:07:26.557+0000][5585.976s][info][gc,heap     ] GC(982) Survivor regions: 6->10(116)
[2024-05-30T12:07:26.557+0000][5585.976s][info][gc,heap     ] GC(982) Old regions: 229->229
[2024-05-30T12:07:26.557+0000][5585.976s][info][gc,heap     ] GC(982) Archive regions: 2->2
[2024-05-30T12:07:26.557+0000][5585.976s][info][gc,heap     ] GC(982) Humongous regions: 5->5
[2024-05-30T12:07:26.557+0000][5585.976s][info][gc,metaspace] GC(982) Metaspace: 413908K(419904K)->413908K(419904K) NonClass: 361898K(365248K)->361898K(365248K) Class: 52010K(54656K)->52010K(54656K)
[2024-05-30T12:07:26.557+0000][5585.977s][info][gc          ] GC(982) Pause Young (Normal) (G1 Evacuation Pause) 9244M->1952M(12288M) 23.125ms
[2024-05-30T12:07:26.557+0000][5585.977s][info][gc,cpu      ] GC(982) User=0.13s Sys=0.00s Real=0.03s
[2024-05-30T12:07:36.462+0000][5595.881s][info][gc,start    ] GC(983) Pause Young (Normal) (G1 Evacuation Pause)
[2024-05-30T12:07:36.462+0000][5595.881s][info][gc,task     ] GC(983) Using 6 workers of 6 for evacuation
[2024-05-30T12:07:36.493+0000][5595.912s][info][gc,phases   ] GC(983)   Pre Evacuate Collection Set: 0.2ms
[2024-05-30T12:07:36.493+0000][5595.912s][info][gc,phases   ] GC(983)   Merge Heap Roots: 0.3ms
[2024-05-30T12:07:36.493+0000][5595.912s][info][gc,phases   ] GC(983)   Evacuate Collection Set: 28.7ms
[2024-05-30T12:07:36.493+0000][5595.912s][info][gc,phases   ] GC(983)   Post Evacuate Collection Set: 2.1ms
[2024-05-30T12:07:36.493+0000][5595.912s][info][gc,phases   ] GC(983)   Other: 0.2ms
[2024-05-30T12:07:36.493+0000][5595.912s][info][gc,heap     ] GC(983) Eden regions: 911->0(910)
[2024-05-30T12:07:36.493+0000][5595.912s][info][gc,heap     ] GC(983) Survivor regions: 10->11(116)
[2024-05-30T12:07:36.493+0000][5595.912s][info][gc,heap     ] GC(983) Old regions: 229->229
[2024-05-30T12:07:36.493+0000][5595.912s][info][gc,heap     ] GC(983) Archive regions: 2->2
[2024-05-30T12:07:36.493+0000][5595.912s][info][gc,heap     ] GC(983) Humongous regions: 5->5
[2024-05-30T12:07:36.493+0000][5595.912s][info][gc,metaspace] GC(983) Metaspace: 413922K(419904K)->413922K(419904K) NonClass: 361912K(365248K)->361912K(365248K) Class: 52010K(54656K)->52010K(54656K)
[2024-05-30T12:07:36.493+0000][5595.912s][info][gc          ] GC(983) Pause Young (Normal) (G1 Evacuation Pause) 9240M->1960M(12288M) 31.518ms
[2024-05-30T12:07:36.493+0000][5595.913s][info][gc,cpu      ] GC(983) User=0.19s Sys=0.00s Real=0.03s
[2024-05-30T12:07:46.262+0000][5605.681s][info][gc,start    ] GC(984) Pause Young (Concurrent Start) (G1 Evacuation Pause)
[2024-05-30T12:07:46.262+0000][5605.681s][info][gc,task     ] GC(984) Using 6 workers of 6 for evacuation
[2024-05-30T12:07:46.294+0000][5605.713s][info][gc,phases   ] GC(984)   Pre Evacuate Collection Set: 0.6ms
[2024-05-30T12:07:46.294+0000][5605.713s][info][gc,phases   ] GC(984)   Merge Heap Roots: 0.3ms
[2024-05-30T12:07:46.294+0000][5605.713s][info][gc,phases   ] GC(984)   Evacuate Collection Set: 29.4ms
[2024-05-30T12:07:46.294+0000][5605.713s][info][gc,phases   ] GC(984)   Post Evacuate Collection Set: 1.8ms
[2024-05-30T12:07:46.294+0000][5605.713s][info][gc,phases   ] GC(984)   Other: 0.3ms
[2024-05-30T12:07:46.294+0000][5605.713s][info][gc,heap     ] GC(984) Eden regions: 910->0(908)
[2024-05-30T12:07:46.294+0000][5605.713s][info][gc,heap     ] GC(984) Survivor regions: 11->13(116)
[2024-05-30T12:07:46.294+0000][5605.713s][info][gc,heap     ] GC(984) Old regions: 229->229
[2024-05-30T12:07:46.294+0000][5605.713s][info][gc,heap     ] GC(984) Archive regions: 2->2
[2024-05-30T12:07:46.294+0000][5605.713s][info][gc,heap     ] GC(984) Humongous regions: 5->5
[2024-05-30T12:07:46.294+0000][5605.713s][info][gc,metaspace] GC(984) Metaspace: 413928K(419904K)->413928K(419904K) NonClass: 361918K(365248K)->361918K(365248K) Class: 52010K(54656K)->52010K(54656K)
[2024-05-30T12:07:46.294+0000][5605.713s][info][gc          ] GC(984) Pause Young (Concurrent Start) (G1 Evacuation Pause) 9240M->1975M(12288M) 32.460ms
[2024-05-30T12:07:46.294+0000][5605.713s][info][gc,cpu      ] GC(984) User=0.18s Sys=0.00s Real=0.03s
[2024-05-30T12:07:46.294+0000][5605.713s][info][gc          ] GC(985) Concurrent Mark Cycle
[2024-05-30T12:07:46.294+0000][5605.713s][info][gc,marking  ] GC(985) Concurrent Clear Claimed Marks
[2024-05-30T12:07:46.295+0000][5605.714s][info][gc,marking  ] GC(985) Concurrent Clear Claimed Marks 0.427ms
[2024-05-30T12:07:46.295+0000][5605.714s][info][gc,marking  ] GC(985) Concurrent Scan Root Regions
[2024-05-30T12:07:46.324+0000][5605.743s][info][gc,marking  ] GC(985) Concurrent Scan Root Regions 28.903ms
[2024-05-30T12:07:46.324+0000][5605.743s][info][gc,marking  ] GC(985) Concurrent Mark
[2024-05-30T12:07:46.324+0000][5605.743s][info][gc,marking  ] GC(985) Concurrent Mark From Roots
[2024-05-30T12:07:46.324+0000][5605.743s][info][gc,task     ] GC(985) Using 2 workers of 2 for marking
[2024-05-30T12:07:47.580+0000][5606.999s][info][gc,marking  ] GC(985) Concurrent Mark From Roots 1256.323ms
[2024-05-30T12:07:47.580+0000][5606.999s][info][gc,marking  ] GC(985) Concurrent Preclean
[2024-05-30T12:07:47.581+0000][5607.000s][info][gc,marking  ] GC(985) Concurrent Preclean 1.024ms
[2024-05-30T12:07:47.581+0000][5607.000s][info][gc,start    ] GC(985) Pause Remark
[2024-05-30T12:07:47.602+0000][5607.022s][info][gc          ] GC(985) Pause Remark 2851M->2851M(12288M) 21.204ms
[2024-05-30T12:07:47.602+0000][5607.022s][info][gc,cpu      ] GC(985) User=0.08s Sys=0.00s Real=0.02s
[2024-05-30T12:07:47.603+0000][5607.022s][info][gc,marking  ] GC(985) Concurrent Mark 1278.951ms
[2024-05-30T12:07:47.603+0000][5607.022s][info][gc,marking  ] GC(985) Concurrent Rebuild Remembered Sets
[2024-05-30T12:07:48.431+0000][5607.851s][info][gc,marking  ] GC(985) Concurrent Rebuild Remembered Sets 828.925ms
[2024-05-30T12:07:48.432+0000][5607.851s][info][gc,start    ] GC(985) Pause Cleanup
[2024-05-30T12:07:48.432+0000][5607.851s][info][gc          ] GC(985) Pause Cleanup 3447M->3447M(12288M) 0.532ms
[2024-05-30T12:07:48.432+0000][5607.852s][info][gc,cpu      ] GC(985) User=0.00s Sys=0.00s Real=0.00s
[2024-05-30T12:07:48.432+0000][5607.852s][info][gc,marking  ] GC(985) Concurrent Cleanup for Next Mark
[2024-05-30T12:07:48.449+0000][5607.868s][info][gc,marking  ] GC(985) Concurrent Cleanup for Next Mark 16.758ms
[2024-05-30T12:07:48.449+0000][5607.868s][info][gc          ] GC(985) Concurrent Mark Cycle 2155.063ms
[2024-05-30T12:07:56.666+0000][5616.086s][info][gc,start    ] GC(986) Pause Young (Prepare Mixed) (G1 Evacuation Pause)
[2024-05-30T12:07:56.666+0000][5616.086s][info][gc,task     ] GC(986) Using 6 workers of 6 for evacuation
[2024-05-30T12:07:56.704+0000][5616.124s][info][gc,phases   ] GC(986)   Pre Evacuate Collection Set: 0.2ms
[2024-05-30T12:07:56.705+0000][5616.124s][info][gc,phases   ] GC(986)   Merge Heap Roots: 0.3ms
[2024-05-30T12:07:56.705+0000][5616.124s][info][gc,phases   ] GC(986)   Evacuate Collection Set: 35.5ms
[2024-05-30T12:07:56.705+0000][5616.124s][info][gc,phases   ] GC(986)   Post Evacuate Collection Set: 2.0ms
[2024-05-30T12:07:56.705+0000][5616.124s][info][gc,phases   ] GC(986)   Other: 0.2ms
[2024-05-30T12:07:56.705+0000][5616.124s][info][gc,heap     ] GC(986) Eden regions: 908->0(60)
[2024-05-30T12:07:56.705+0000][5616.124s][info][gc,heap     ] GC(986) Survivor regions: 13->16(116)
[2024-05-30T12:07:56.705+0000][5616.124s][info][gc,heap     ] GC(986) Old regions: 229->229
[2024-05-30T12:07:56.705+0000][5616.124s][info][gc,heap     ] GC(986) Archive regions: 2->2
[2024-05-30T12:07:56.705+0000][5616.124s][info][gc,heap     ] GC(986) Humongous regions: 5->5
[2024-05-30T12:07:56.705+0000][5616.124s][info][gc,metaspace] GC(986) Metaspace: 413929K(419904K)->413929K(419904K) NonClass: 361918K(365248K)->361918K(365248K) Class: 52010K(54656K)->52010K(54656K)
[2024-05-30T12:07:56.705+0000][5616.124s][info][gc          ] GC(986) Pause Young (Prepare Mixed) (G1 Evacuation Pause) 9239M->1999M(12288M) 38.248ms
[2024-05-30T12:07:56.705+0000][5616.124s][info][gc,cpu      ] GC(986) User=0.23s Sys=0.00s Real=0.04s
[2024-05-30T12:07:57.347+0000][5616.766s][info][gc,start    ] GC(987) Pause Young (Mixed) (G1 Evacuation Pause)
[2024-05-30T12:07:57.347+0000][5616.766s][info][gc,task     ] GC(987) Using 6 workers of 6 for evacuation
[2024-05-30T12:07:57.399+0000][5616.819s][info][gc,phases   ] GC(987)   Pre Evacuate Collection Set: 0.2ms
[2024-05-30T12:07:57.399+0000][5616.819s][info][gc,phases   ] GC(987)   Merge Heap Roots: 0.2ms
[2024-05-30T12:07:57.399+0000][5616.819s][info][gc,phases   ] GC(987)   Evacuate Collection Set: 50.6ms
[2024-05-30T12:07:57.399+0000][5616.819s][info][gc,phases   ] GC(987)   Post Evacuate Collection Set: 1.3ms
[2024-05-30T12:07:57.399+0000][5616.819s][info][gc,phases   ] GC(987)   Other: 0.2ms
[2024-05-30T12:07:57.399+0000][5616.819s][info][gc,heap     ] GC(987) Eden regions: 60->0(915)
[2024-05-30T12:07:57.399+0000][5616.819s][info][gc,heap     ] GC(987) Survivor regions: 16->6(10)
[2024-05-30T12:07:57.399+0000][5616.819s][info][gc,heap     ] GC(987) Old regions: 229->227
[2024-05-30T12:07:57.399+0000][5616.819s][info][gc,heap     ] GC(987) Archive regions: 2->2
[2024-05-30T12:07:57.399+0000][5616.819s][info][gc,heap     ] GC(987) Humongous regions: 5->5
[2024-05-30T12:07:57.399+0000][5616.819s][info][gc,metaspace] GC(987) Metaspace: 413929K(419904K)->413929K(419904K) NonClass: 361918K(365248K)->361918K(365248K) Class: 52010K(54656K)->52010K(54656K)
[2024-05-30T12:07:57.399+0000][5616.819s][info][gc          ] GC(987) Pause Young (Mixed) (G1 Evacuation Pause) 2479M->1901M(12288M) 52.502ms
[2024-05-30T12:07:57.400+0000][5616.819s][info][gc,cpu      ] GC(987) User=0.31s Sys=0.00s Real=0.06s
[2024-05-30T12:08:07.532+0000][5626.951s][info][gc,start    ] GC(988) Pause Young (Normal) (G1 Evacuation Pause)
[2024-05-30T12:08:07.532+0000][5626.951s][info][gc,task     ] GC(988) Using 6 workers of 6 for evacuation
[2024-05-30T12:08:07.559+0000][5626.978s][info][gc,phases   ] GC(988)   Pre Evacuate Collection Set: 0.2ms
[2024-05-30T12:08:07.559+0000][5626.978s][info][gc,phases   ] GC(988)   Merge Heap Roots: 0.2ms
[2024-05-30T12:08:07.559+0000][5626.978s][info][gc,phases   ] GC(988)   Evacuate Collection Set: 24.9ms
[2024-05-30T12:08:07.559+0000][5626.978s][info][gc,phases   ] GC(988)   Post Evacuate Collection Set: 1.8ms
[2024-05-30T12:08:07.559+0000][5626.978s][info][gc,phases   ] GC(988)   Other: 0.2ms
[2024-05-30T12:08:07.559+0000][5626.978s][info][gc,heap     ] GC(988) Eden regions: 915->0(912)
[2024-05-30T12:08:07.559+0000][5626.978s][info][gc,heap     ] GC(988) Survivor regions: 6->9(116)
[2024-05-30T12:08:07.559+0000][5626.978s][info][gc,heap     ] GC(988) Old regions: 227->227
[2024-05-30T12:08:07.559+0000][5626.978s][info][gc,heap     ] GC(988) Archive regions: 2->2
[2024-05-30T12:08:07.559+0000][5626.978s][info][gc,heap     ] GC(988) Humongous regions: 5->5
[2024-05-30T12:08:07.559+0000][5626.978s][info][gc,metaspace] GC(988) Metaspace: 413929K(419904K)->413929K(419904K) NonClass: 361919K(365248K)->361919K(365248K) Class: 52010K(54656K)->52010K(54656K)
[2024-05-30T12:08:07.559+0000][5626.978s][info][gc          ] GC(988) Pause Young (Normal) (G1 Evacuation Pause) 9221M->1925M(12288M) 27.389ms
[2024-05-30T12:08:07.559+0000][5626.978s][info][gc,cpu      ] GC(988) User=0.16s Sys=0.00s Real=0.03s
[2024-05-30T12:08:17.298+0000][5636.717s][info][gc,start    ] GC(989) Pause Young (Normal) (G1 Evacuation Pause)
[2024-05-30T12:08:17.298+0000][5636.717s][info][gc,task     ] GC(989) Using 6 workers of 6 for evacuation
[2024-05-30T12:08:17.328+0000][5636.747s][info][gc,phases   ] GC(989)   Pre Evacuate Collection Set: 0.2ms
[2024-05-30T12:08:17.328+0000][5636.747s][info][gc,phases   ] GC(989)   Merge Heap Roots: 0.3ms
[2024-05-30T12:08:17.328+0000][5636.747s][info][gc,phases   ] GC(989)   Evacuate Collection Set: 27.4ms
[2024-05-30T12:08:17.328+0000][5636.747s][info][gc,phases   ] GC(989)   Post Evacuate Collection Set: 1.8ms
[2024-05-30T12:08:17.328+0000][5636.747s][info][gc,phases   ] GC(989)   Other: 0.2ms
[2024-05-30T12:08:17.328+0000][5636.747s][info][gc,heap     ] GC(989) Eden regions: 912->0(910)
[2024-05-30T12:08:17.328+0000][5636.747s][info][gc,heap     ] GC(989) Survivor regions: 9->11(116)
[2024-05-30T12:08:17.328+0000][5636.747s][info][gc,heap     ] GC(989) Old regions: 227->227
[2024-05-30T12:08:17.328+0000][5636.747s][info][gc,heap     ] GC(989) Archive regions: 2->2
[2024-05-30T12:08:17.328+0000][5636.747s][info][gc,heap     ] GC(989) Humongous regions: 5->5
[2024-05-30T12:08:17.328+0000][5636.747s][info][gc,metaspace] GC(989) Metaspace: 413929K(419904K)->413929K(419904K) NonClass: 361919K(365248K)->361919K(365248K) Class: 52010K(54656K)->52010K(54656K)
[2024-05-30T12:08:17.328+0000][5636.747s][info][gc          ] GC(989) Pause Young (Normal) (G1 Evacuation Pause) 9221M->1935M(12288M) 29.934ms
[2024-05-30T12:08:17.328+0000][5636.747s][info][gc,cpu      ] GC(989) User=0.17s Sys=0.00s Real=0.02s
[2024-05-30T12:08:23.059+0000][5642.478s][info][gc,start    ] GC(990) Pause Young (Concurrent Start) (G1 Evacuation Pause)
[2024-05-30T12:08:23.059+0000][5642.478s][info][gc,task     ] GC(990) Using 6 workers of 6 for evacuation
[2024-05-30T12:08:23.138+0000][5642.557s][info][gc,phases   ] GC(990)   Pre Evacuate Collection Set: 0.6ms
[2024-05-30T12:08:23.138+0000][5642.557s][info][gc,phases   ] GC(990)   Merge Heap Roots: 0.4ms
[2024-05-30T12:08:23.138+0000][5642.557s][info][gc,phases   ] GC(990)   Evacuate Collection Set: 66.0ms
[2024-05-30T12:08:23.138+0000][5642.557s][info][gc,phases   ] GC(990)   Post Evacuate Collection Set: 11.9ms
[2024-05-30T12:08:23.138+0000][5642.557s][info][gc,phases   ] GC(990)   Other: 0.3ms
[2024-05-30T12:08:23.138+0000][5642.557s][info][gc,heap     ] GC(990) Eden regions: 910->0(903)
[2024-05-30T12:08:23.138+0000][5642.557s][info][gc,heap     ] GC(990) Survivor regions: 11->18(116)
[2024-05-30T12:08:23.138+0000][5642.557s][info][gc,heap     ] GC(990) Old regions: 227->227
[2024-05-30T12:08:23.138+0000][5642.557s][info][gc,heap     ] GC(990) Archive regions: 2->2
[2024-05-30T12:08:23.138+0000][5642.557s][info][gc,heap     ] GC(990) Humongous regions: 5->5
[2024-05-30T12:08:23.138+0000][5642.557s][info][gc,metaspace] GC(990) Metaspace: 413944K(419968K)->413944K(419968K) NonClass: 361934K(365312K)->361934K(365312K) Class: 52010K(54656K)->52010K(54656K)
[2024-05-30T12:08:23.138+0000][5642.557s][info][gc          ] GC(990) Pause Young (Concurrent Start) (G1 Evacuation Pause) 9215M->1991M(12288M) 79.308ms
[2024-05-30T12:08:23.138+0000][5642.558s][info][gc,cpu      ] GC(990) User=0.46s Sys=0.01s Real=0.08s
[2024-05-30T12:08:23.138+0000][5642.558s][info][gc          ] GC(991) Concurrent Mark Cycle
[2024-05-30T12:08:23.138+0000][5642.558s][info][gc,marking  ] GC(991) Concurrent Clear Claimed Marks
[2024-05-30T12:08:23.139+0000][5642.558s][info][gc,marking  ] GC(991) Concurrent Clear Claimed Marks 0.447ms
[2024-05-30T12:08:23.139+0000][5642.558s][info][gc,marking  ] GC(991) Concurrent Scan Root Regions
[2024-05-30T12:08:23.200+0000][5642.619s][info][gc,marking  ] GC(991) Concurrent Scan Root Regions 60.858ms
[2024-05-30T12:08:23.200+0000][5642.619s][info][gc,marking  ] GC(991) Concurrent Mark
[2024-05-30T12:08:23.200+0000][5642.619s][info][gc,marking  ] GC(991) Concurrent Mark From Roots
[2024-05-30T12:08:23.200+0000][5642.619s][info][gc,task     ] GC(991) Using 2 workers of 2 for marking
[2024-05-30T12:08:24.550+0000][5643.969s][info][gc,marking  ] GC(991) Concurrent Mark From Roots 1350.408ms
[2024-05-30T12:08:24.550+0000][5643.969s][info][gc,marking  ] GC(991) Concurrent Preclean
[2024-05-30T12:08:24.551+0000][5643.970s][info][gc,marking  ] GC(991) Concurrent Preclean 1.018ms
[2024-05-30T12:08:24.551+0000][5643.971s][info][gc,start    ] GC(991) Pause Remark
[2024-05-30T12:08:24.573+0000][5643.992s][info][gc          ] GC(991) Pause Remark 4887M->4887M(12288M) 21.294ms
[2024-05-30T12:08:24.573+0000][5643.992s][info][gc,cpu      ] GC(991) User=0.09s Sys=0.00s Real=0.02s
[2024-05-30T12:08:24.573+0000][5643.992s][info][gc,marking  ] GC(991) Concurrent Mark 1373.219ms
[2024-05-30T12:08:24.573+0000][5643.992s][info][gc,marking  ] GC(991) Concurrent Rebuild Remembered Sets
[2024-05-30T12:08:25.479+0000][5644.898s][info][gc,marking  ] GC(991) Concurrent Rebuild Remembered Sets 906.243ms
[2024-05-30T12:08:25.479+0000][5644.899s][info][gc,start    ] GC(991) Pause Cleanup
[2024-05-30T12:08:25.480+0000][5644.899s][info][gc          ] GC(991) Pause Cleanup 7159M->7159M(12288M) 0.530ms
[2024-05-30T12:08:25.480+0000][5644.899s][info][gc,cpu      ] GC(991) User=0.00s Sys=0.00s Real=0.00s
[2024-05-30T12:08:25.480+0000][5644.899s][info][gc,marking  ] GC(991) Concurrent Cleanup for Next Mark
[2024-05-30T12:08:25.508+0000][5644.928s][info][gc,marking  ] GC(991) Concurrent Cleanup for Next Mark 28.159ms
[2024-05-30T12:08:25.508+0000][5644.928s][info][gc          ] GC(991) Concurrent Mark Cycle 2370.033ms
[2024-05-30T12:08:26.307+0000][5645.727s][info][gc,start    ] GC(992) Pause Young (Prepare Mixed) (G1 Evacuation Pause)
[2024-05-30T12:08:26.307+0000][5645.727s][info][gc,task     ] GC(992) Using 6 workers of 6 for evacuation
[2024-05-30T12:08:26.424+0000][5645.843s][info][gc,phases   ] GC(992)   Pre Evacuate Collection Set: 0.2ms
[2024-05-30T12:08:26.424+0000][5645.843s][info][gc,phases   ] GC(992)   Merge Heap Roots: 1.0ms
[2024-05-30T12:08:26.424+0000][5645.843s][info][gc,phases   ] GC(992)   Evacuate Collection Set: 92.3ms
[2024-05-30T12:08:26.424+0000][5645.843s][info][gc,phases   ] GC(992)   Post Evacuate Collection Set: 22.5ms
[2024-05-30T12:08:26.424+0000][5645.843s][info][gc,phases   ] GC(992)   Other: 0.2ms
[2024-05-30T12:08:26.424+0000][5645.843s][info][gc,heap     ] GC(992) Eden regions: 903->0(54)
[2024-05-30T12:08:26.424+0000][5645.843s][info][gc,heap     ] GC(992) Survivor regions: 18->22(116)
[2024-05-30T12:08:26.424+0000][5645.843s][info][gc,heap     ] GC(992) Old regions: 227->227
[2024-05-30T12:08:26.424+0000][5645.843s][info][gc,heap     ] GC(992) Archive regions: 2->2
[2024-05-30T12:08:26.424+0000][5645.843s][info][gc,heap     ] GC(992) Humongous regions: 5->5
[2024-05-30T12:08:26.424+0000][5645.843s][info][gc,metaspace] GC(992) Metaspace: 413944K(419968K)->413944K(419968K) NonClass: 361934K(365312K)->361934K(365312K) Class: 52010K(54656K)->52010K(54656K)
[2024-05-30T12:08:26.424+0000][5645.843s][info][gc          ] GC(992) Pause Young (Prepare Mixed) (G1 Evacuation Pause) 9215M->2024M(12288M) 116.237ms
[2024-05-30T12:08:26.424+0000][5645.843s][info][gc,cpu      ] GC(992) User=0.68s Sys=0.00s Real=0.12s
[2024-05-30T12:08:26.646+0000][5646.065s][info][gc,start    ] GC(993) Pause Young (Mixed) (G1 Evacuation Pause)
[2024-05-30T12:08:26.646+0000][5646.065s][info][gc,task     ] GC(993) Using 6 workers of 6 for evacuation
[2024-05-30T12:08:26.722+0000][5646.141s][info][gc,phases   ] GC(993)   Pre Evacuate Collection Set: 0.2ms
[2024-05-30T12:08:26.722+0000][5646.141s][info][gc,phases   ] GC(993)   Merge Heap Roots: 0.3ms
[2024-05-30T12:08:26.722+0000][5646.141s][info][gc,phases   ] GC(993)   Evacuate Collection Set: 72.8ms
[2024-05-30T12:08:26.722+0000][5646.141s][info][gc,phases   ] GC(993)   Post Evacuate Collection Set: 2.3ms
[2024-05-30T12:08:26.722+0000][5646.141s][info][gc,phases   ] GC(993)   Other: 0.2ms
[2024-05-30T12:08:26.722+0000][5646.141s][info][gc,heap     ] GC(993) Eden regions: 54->0(918)
[2024-05-30T12:08:26.722+0000][5646.141s][info][gc,heap     ] GC(993) Survivor regions: 22->3(10)
[2024-05-30T12:08:26.722+0000][5646.141s][info][gc,heap     ] GC(993) Old regions: 227->232
[2024-05-30T12:08:26.722+0000][5646.141s][info][gc,heap     ] GC(993) Archive regions: 2->2
[2024-05-30T12:08:26.722+0000][5646.141s][info][gc,heap     ] GC(993) Humongous regions: 5->5
[2024-05-30T12:08:26.722+0000][5646.141s][info][gc,metaspace] GC(993) Metaspace: 413944K(419968K)->413944K(419968K) NonClass: 361934K(365312K)->361934K(365312K) Class: 52010K(54656K)->52010K(54656K)
[2024-05-30T12:08:26.722+0000][5646.141s][info][gc          ] GC(993) Pause Young (Mixed) (G1 Evacuation Pause) 2456M->1918M(12288M) 75.872ms
[2024-05-30T12:08:26.722+0000][5646.141s][info][gc,cpu      ] GC(993) User=0.44s Sys=0.01s Real=0.08s
[2024-05-30T12:08:29.447+0000][5648.866s][info][gc,start    ] GC(994) Pause Young (Normal) (G1 Evacuation Pause)
[2024-05-30T12:08:29.447+0000][5648.866s][info][gc,task     ] GC(994) Using 6 workers of 6 for evacuation
[2024-05-30T12:08:29.529+0000][5648.949s][info][gc,phases   ] GC(994)   Pre Evacuate Collection Set: 0.2ms
[2024-05-30T12:08:29.530+0000][5648.949s][info][gc,phases   ] GC(994)   Merge Heap Roots: 0.3ms
[2024-05-30T12:08:29.530+0000][5648.949s][info][gc,phases   ] GC(994)   Evacuate Collection Set: 59.7ms
[2024-05-30T12:08:29.530+0000][5648.949s][info][gc,phases   ] GC(994)   Post Evacuate Collection Set: 22.0ms
[2024-05-30T12:08:29.530+0000][5648.949s][info][gc,phases   ] GC(994)   Other: 0.2ms
[2024-05-30T12:08:29.530+0000][5648.949s][info][gc,heap     ] GC(994) Eden regions: 918->0(913)
[2024-05-30T12:08:29.530+0000][5648.949s][info][gc,heap     ] GC(994) Survivor regions: 3->8(116)
[2024-05-30T12:08:29.530+0000][5648.949s][info][gc,heap     ] GC(994) Old regions: 232->232
[2024-05-30T12:08:29.530+0000][5648.949s][info][gc,heap     ] GC(994) Archive regions: 2->2
[2024-05-30T12:08:29.530+0000][5648.949s][info][gc,heap     ] GC(994) Humongous regions: 5->5
[2024-05-30T12:08:29.530+0000][5648.949s][info][gc,metaspace] GC(994) Metaspace: 413944K(419968K)->413944K(419968K) NonClass: 361934K(365312K)->361934K(365312K) Class: 52010K(54656K)->52010K(54656K)
[2024-05-30T12:08:29.530+0000][5648.949s][info][gc          ] GC(994) Pause Young (Normal) (G1 Evacuation Pause) 9262M->1953M(12288M) 82.459ms
[2024-05-30T12:08:29.530+0000][5648.949s][info][gc,cpu      ] GC(994) User=0.49s Sys=0.00s Real=0.09s
[2024-05-30T12:08:33.463+0000][5652.883s][info][gc,start    ] GC(995) Pause Young (Normal) (G1 Evacuation Pause)
[2024-05-30T12:08:33.463+0000][5652.883s][info][gc,task     ] GC(995) Using 6 workers of 6 for evacuation
[2024-05-30T12:08:33.538+0000][5652.957s][info][gc,phases   ] GC(995)   Pre Evacuate Collection Set: 0.2ms
[2024-05-30T12:08:33.538+0000][5652.957s][info][gc,phases   ] GC(995)   Merge Heap Roots: 0.5ms
[2024-05-30T12:08:33.538+0000][5652.957s][info][gc,phases   ] GC(995)   Evacuate Collection Set: 59.0ms
[2024-05-30T12:08:33.538+0000][5652.957s][info][gc,phases   ] GC(995)   Post Evacuate Collection Set: 14.4ms
[2024-05-30T12:08:33.538+0000][5652.957s][info][gc,phases   ] GC(995)   Other: 0.2ms
[2024-05-30T12:08:33.538+0000][5652.957s][info][gc,heap     ] GC(995) Eden regions: 913->0(913)
[2024-05-30T12:08:33.538+0000][5652.957s][info][gc,heap     ] GC(995) Survivor regions: 8->8(116)
[2024-05-30T12:08:33.538+0000][5652.957s][info][gc,heap     ] GC(995) Old regions: 232->232
[2024-05-30T12:08:33.538+0000][5652.957s][info][gc,heap     ] GC(995) Archive regions: 2->2
[2024-05-30T12:08:33.538+0000][5652.957s][info][gc,heap     ] GC(995) Humongous regions: 5->5
[2024-05-30T12:08:33.538+0000][5652.957s][info][gc,metaspace] GC(995) Metaspace: 413944K(419968K)->413944K(419968K) NonClass: 361934K(365312K)->361934K(365312K) Class: 52010K(54656K)->52010K(54656K)
[2024-05-30T12:08:33.538+0000][5652.957s][info][gc          ] GC(995) Pause Young (Normal) (G1 Evacuation Pause) 9257M->1953M(12288M) 74.351ms
[2024-05-30T12:08:33.538+0000][5652.957s][info][gc,cpu      ] GC(995) User=0.43s Sys=0.00s Real=0.08s
[2024-05-30T12:08:40.204+0000][5659.623s][info][gc,start    ] GC(996) Pause Young (Concurrent Start) (G1 Evacuation Pause)
[2024-05-30T12:08:40.204+0000][5659.623s][info][gc,task     ] GC(996) Using 6 workers of 6 for evacuation
[2024-05-30T12:08:40.225+0000][5659.644s][info][gc,phases   ] GC(996)   Pre Evacuate Collection Set: 0.6ms
[2024-05-30T12:08:40.225+0000][5659.644s][info][gc,phases   ] GC(996)   Merge Heap Roots: 0.2ms
[2024-05-30T12:08:40.225+0000][5659.644s][info][gc,phases   ] GC(996)   Evacuate Collection Set: 18.2ms
[2024-05-30T12:08:40.225+0000][5659.644s][info][gc,phases   ] GC(996)   Post Evacuate Collection Set: 1.8ms
[2024-05-30T12:08:40.225+0000][5659.644s][info][gc,phases   ] GC(996)   Other: 0.3ms
[2024-05-30T12:08:40.225+0000][5659.644s][info][gc,heap     ] GC(996) Eden regions: 913->0(914)
[2024-05-30T12:08:40.225+0000][5659.644s][info][gc,heap     ] GC(996) Survivor regions: 8->7(116)
[2024-05-30T12:08:40.225+0000][5659.644s][info][gc,heap     ] GC(996) Old regions: 232->232
[2024-05-30T12:08:40.225+0000][5659.644s][info][gc,heap     ] GC(996) Archive regions: 2->2
[2024-05-30T12:08:40.225+0000][5659.644s][info][gc,heap     ] GC(996) Humongous regions: 5->5
[2024-05-30T12:08:40.225+0000][5659.644s][info][gc,metaspace] GC(996) Metaspace: 413944K(419968K)->413944K(419968K) NonClass: 361934K(365312K)->361934K(365312K) Class: 52010K(54656K)->52010K(54656K)
[2024-05-30T12:08:40.225+0000][5659.644s][info][gc          ] GC(996) Pause Young (Concurrent Start) (G1 Evacuation Pause) 9257M->1945M(12288M) 21.175ms
[2024-05-30T12:08:40.225+0000][5659.644s][info][gc,cpu      ] GC(996) User=0.12s Sys=0.00s Real=0.02s
[2024-05-30T12:08:40.225+0000][5659.644s][info][gc          ] GC(997) Concurrent Mark Cycle
[2024-05-30T12:08:40.225+0000][5659.644s][info][gc,marking  ] GC(997) Concurrent Clear Claimed Marks
[2024-05-30T12:08:40.226+0000][5659.645s][info][gc,marking  ] GC(997) Concurrent Clear Claimed Marks 0.414ms
[2024-05-30T12:08:40.226+0000][5659.645s][info][gc,marking  ] GC(997) Concurrent Scan Root Regions
[2024-05-30T12:08:40.244+0000][5659.663s][info][gc,marking  ] GC(997) Concurrent Scan Root Regions 18.259ms
[2024-05-30T12:08:40.244+0000][5659.663s][info][gc,marking  ] GC(997) Concurrent Mark
[2024-05-30T12:08:40.244+0000][5659.663s][info][gc,marking  ] GC(997) Concurrent Mark From Roots
[2024-05-30T12:08:40.244+0000][5659.663s][info][gc,task     ] GC(997) Using 2 workers of 2 for marking
[2024-05-30T12:08:41.436+0000][5660.855s][info][gc,marking  ] GC(997) Concurrent Mark From Roots 1191.786ms
[2024-05-30T12:08:41.436+0000][5660.855s][info][gc,marking  ] GC(997) Concurrent Preclean
[2024-05-30T12:08:41.437+0000][5660.856s][info][gc,marking  ] GC(997) Concurrent Preclean 0.997ms
[2024-05-30T12:08:41.437+0000][5660.856s][info][gc,start    ] GC(997) Pause Remark
[2024-05-30T12:08:41.458+0000][5660.877s][info][gc          ] GC(997) Pause Remark 2757M->2756M(12288M) 20.969ms
[2024-05-30T12:08:41.458+0000][5660.877s][info][gc,cpu      ] GC(997) User=0.08s Sys=0.00s Real=0.02s
[2024-05-30T12:08:41.458+0000][5660.878s][info][gc,marking  ] GC(997) Concurrent Mark 1214.370ms
[2024-05-30T12:08:41.458+0000][5660.878s][info][gc,marking  ] GC(997) Concurrent Rebuild Remembered Sets
[2024-05-30T12:08:42.183+0000][5661.603s][info][gc,marking  ] GC(997) Concurrent Rebuild Remembered Sets 724.989ms
[2024-05-30T12:08:42.184+0000][5661.603s][info][gc,start    ] GC(997) Pause Cleanup
[2024-05-30T12:08:42.184+0000][5661.603s][info][gc          ] GC(997) Pause Cleanup 3236M->3236M(12288M) 0.584ms
[2024-05-30T12:08:42.184+0000][5661.603s][info][gc,cpu      ] GC(997) User=0.00s Sys=0.00s Real=0.00s
[2024-05-30T12:08:42.184+0000][5661.603s][info][gc,marking  ] GC(997) Concurrent Cleanup for Next Mark
[2024-05-30T12:08:42.202+0000][5661.621s][info][gc,marking  ] GC(997) Concurrent Cleanup for Next Mark 17.396ms
[2024-05-30T12:08:42.202+0000][5661.621s][info][gc          ] GC(997) Concurrent Mark Cycle 1976.473ms
[2024-05-30T12:08:50.635+0000][5670.054s][info][gc,start    ] GC(998) Pause Young (Prepare Mixed) (G1 Evacuation Pause)
[2024-05-30T12:08:50.635+0000][5670.054s][info][gc,task     ] GC(998) Using 6 workers of 6 for evacuation
[2024-05-30T12:08:50.663+0000][5670.082s][info][gc,phases   ] GC(998)   Pre Evacuate Collection Set: 0.2ms
[2024-05-30T12:08:50.663+0000][5670.082s][info][gc,phases   ] GC(998)   Merge Heap Roots: 0.3ms
[2024-05-30T12:08:50.663+0000][5670.082s][info][gc,phases   ] GC(998)   Evacuate Collection Set: 25.1ms
[2024-05-30T12:08:50.663+0000][5670.082s][info][gc,phases   ] GC(998)   Post Evacuate Collection Set: 2.0ms
[2024-05-30T12:08:50.663+0000][5670.082s][info][gc,phases   ] GC(998)   Other: 0.2ms
[2024-05-30T12:08:50.663+0000][5670.082s][info][gc,heap     ] GC(998) Eden regions: 914->0(66)
[2024-05-30T12:08:50.663+0000][5670.082s][info][gc,heap     ] GC(998) Survivor regions: 7->10(116)
[2024-05-30T12:08:50.663+0000][5670.082s][info][gc,heap     ] GC(998) Old regions: 231->231
[2024-05-30T12:08:50.663+0000][5670.082s][info][gc,heap     ] GC(998) Archive regions: 2->2
[2024-05-30T12:08:50.663+0000][5670.082s][info][gc,heap     ] GC(998) Humongous regions: 5->5
[2024-05-30T12:08:50.663+0000][5670.082s][info][gc,metaspace] GC(998) Metaspace: 413944K(419968K)->413944K(419968K) NonClass: 361934K(365312K)->361934K(365312K) Class: 52010K(54656K)->52010K(54656K)
[2024-05-30T12:08:50.663+0000][5670.082s][info][gc          ] GC(998) Pause Young (Prepare Mixed) (G1 Evacuation Pause) 9256M->1972M(12288M) 27.843ms
[2024-05-30T12:08:50.663+0000][5670.082s][info][gc,cpu      ] GC(998) User=0.16s Sys=0.00s Real=0.03s
[2024-05-30T12:08:51.384+0000][5670.803s][info][gc,start    ] GC(999) Pause Young (Mixed) (G1 Evacuation Pause)
[2024-05-30T12:08:51.384+0000][5670.804s][info][gc,task     ] GC(999) Using 6 workers of 6 for evacuation
[2024-05-30T12:08:51.419+0000][5670.839s][info][gc,phases   ] GC(999)   Pre Evacuate Collection Set: 0.2ms
[2024-05-30T12:08:51.419+0000][5670.839s][info][gc,phases   ] GC(999)   Merge Heap Roots: 0.2ms
[2024-05-30T12:08:51.419+0000][5670.839s][info][gc,phases   ] GC(999)   Evacuate Collection Set: 33.5ms
[2024-05-30T12:08:51.419+0000][5670.839s][info][gc,phases   ] GC(999)   Post Evacuate Collection Set: 1.2ms
[2024-05-30T12:08:51.419+0000][5670.839s][info][gc,phases   ] GC(999)   Other: 0.2ms
[2024-05-30T12:08:51.419+0000][5670.839s][info][gc,heap     ] GC(999) Eden regions: 66->0(915)
[2024-05-30T12:08:51.419+0000][5670.839s][info][gc,heap     ] GC(999) Survivor regions: 10->6(10)
[2024-05-30T12:08:51.419+0000][5670.839s][info][gc,heap     ] GC(999) Old regions: 231->221
[2024-05-30T12:08:51.419+0000][5670.839s][info][gc,heap     ] GC(999) Archive regions: 2->2
[2024-05-30T12:08:51.419+0000][5670.839s][info][gc,heap     ] GC(999) Humongous regions: 5->5
[2024-05-30T12:08:51.420+0000][5670.839s][info][gc,metaspace] GC(999) Metaspace: 413944K(419968K)->413944K(419968K) NonClass: 361934K(365312K)->361934K(365312K) Class: 52010K(54656K)->52010K(54656K)
[2024-05-30T12:08:51.420+0000][5670.839s][info][gc          ] GC(999) Pause Young (Mixed) (G1 Evacuation Pause) 2500M->1848M(12288M) 35.300ms
[2024-05-30T12:08:51.420+0000][5670.839s][info][gc,cpu      ] GC(999) User=0.20s Sys=0.00s Real=0.04s
[2024-05-30T12:09:00.287+0000][5679.706s][info][gc,start    ] GC(1000) Pause Young (Normal) (G1 Evacuation Pause)
[2024-05-30T12:09:00.287+0000][5679.706s][info][gc,task     ] GC(1000) Using 6 workers of 6 for evacuation
[2024-05-30T12:09:00.311+0000][5679.731s][info][gc,phases   ] GC(1000)   Pre Evacuate Collection Set: 0.2ms
[2024-05-30T12:09:00.311+0000][5679.731s][info][gc,phases   ] GC(1000)   Merge Heap Roots: 0.2ms
[2024-05-30T12:09:00.311+0000][5679.731s][info][gc,phases   ] GC(1000)   Evacuate Collection Set: 22.1ms
[2024-05-30T12:09:00.311+0000][5679.731s][info][gc,phases   ] GC(1000)   Post Evacuate Collection Set: 2.1ms
[2024-05-30T12:09:00.311+0000][5679.731s][info][gc,phases   ] GC(1000)   Other: 0.2ms
[2024-05-30T12:09:00.311+0000][5679.731s][info][gc,heap     ] GC(1000) Eden regions: 915->0(913)
[2024-05-30T12:09:00.311+0000][5679.731s][info][gc,heap     ] GC(1000) Survivor regions: 6->8(116)
[2024-05-30T12:09:00.311+0000][5679.731s][info][gc,heap     ] GC(1000) Old regions: 221->221
[2024-05-30T12:09:00.311+0000][5679.731s][info][gc,heap     ] GC(1000) Archive regions: 2->2
[2024-05-30T12:09:00.312+0000][5679.731s][info][gc,heap     ] GC(1000) Humongous regions: 5->5
[2024-05-30T12:09:00.312+0000][5679.731s][info][gc,metaspace] GC(1000) Metaspace: 413948K(419968K)->413948K(419968K) NonClass: 361937K(365312K)->361937K(365312K) Class: 52010K(54656K)->52010K(54656K)
[2024-05-30T12:09:00.312+0000][5679.731s][info][gc          ] GC(1000) Pause Young (Normal) (G1 Evacuation Pause) 9168M->1867M(12288M) 24.853ms
[2024-05-30T12:09:00.312+0000][5679.731s][info][gc,cpu      ] GC(1000) User=0.14s Sys=0.00s Real=0.03s
[2024-05-30T12:09:08.980+0000][5688.399s][info][gc,start    ] GC(1001) Pause Young (Normal) (G1 Evacuation Pause)
[2024-05-30T12:09:08.980+0000][5688.399s][info][gc,task     ] GC(1001) Using 6 workers of 6 for evacuation
[2024-05-30T12:09:09.011+0000][5688.430s][info][gc,phases   ] GC(1001)   Pre Evacuate Collection Set: 0.2ms
[2024-05-30T12:09:09.011+0000][5688.430s][info][gc,phases   ] GC(1001)   Merge Heap Roots: 0.2ms
[2024-05-30T12:09:09.011+0000][5688.430s][info][gc,phases   ] GC(1001)   Evacuate Collection Set: 28.5ms
[2024-05-30T12:09:09.011+0000][5688.430s][info][gc,phases   ] GC(1001)   Post Evacuate Collection Set: 1.8ms
[2024-05-30T12:09:09.011+0000][5688.430s][info][gc,phases   ] GC(1001)   Other: 0.2ms
[2024-05-30T12:09:09.011+0000][5688.430s][info][gc,heap     ] GC(1001) Eden regions: 913->0(911)
[2024-05-30T12:09:09.011+0000][5688.430s][info][gc,heap     ] GC(1001) Survivor regions: 8->10(116)
[2024-05-30T12:09:09.011+0000][5688.430s][info][gc,heap     ] GC(1001) Old regions: 221->221
[2024-05-30T12:09:09.011+0000][5688.430s][info][gc,heap     ] GC(1001) Archive regions: 2->2
[2024-05-30T12:09:09.011+0000][5688.430s][info][gc,heap     ] GC(1001) Humongous regions: 5->5
[2024-05-30T12:09:09.011+0000][5688.430s][info][gc,metaspace] GC(1001) Metaspace: 413948K(419968K)->413948K(419968K) NonClass: 361938K(365312K)->361938K(365312K) Class: 52010K(54656K)->52010K(54656K)
[2024-05-30T12:09:09.011+0000][5688.430s][info][gc          ] GC(1001) Pause Young (Normal) (G1 Evacuation Pause) 9171M->1885M(12288M) 30.941ms
[2024-05-30T12:09:09.011+0000][5688.430s][info][gc,cpu      ] GC(1001) User=0.18s Sys=0.00s Real=0.03s
[2024-05-30T12:09:15.275+0000][5694.694s][info][gc,start    ] GC(1002) Pause Young (Normal) (G1 Evacuation Pause)
[2024-05-30T12:09:15.275+0000][5694.694s][info][gc,task     ] GC(1002) Using 6 workers of 6 for evacuation
[2024-05-30T12:09:15.334+0000][5694.753s][info][gc,phases   ] GC(1002)   Pre Evacuate Collection Set: 0.2ms
[2024-05-30T12:09:15.334+0000][5694.753s][info][gc,phases   ] GC(1002)   Merge Heap Roots: 0.2ms
[2024-05-30T12:09:15.334+0000][5694.753s][info][gc,phases   ] GC(1002)   Evacuate Collection Set: 47.6ms
[2024-05-30T12:09:15.334+0000][5694.753s][info][gc,phases   ] GC(1002)   Post Evacuate Collection Set: 10.3ms
[2024-05-30T12:09:15.334+0000][5694.753s][info][gc,phases   ] GC(1002)   Other: 0.2ms
[2024-05-30T12:09:15.334+0000][5694.753s][info][gc,heap     ] GC(1002) Eden regions: 911->0(907)
[2024-05-30T12:09:15.334+0000][5694.753s][info][gc,heap     ] GC(1002) Survivor regions: 10->14(116)
[2024-05-30T12:09:15.334+0000][5694.753s][info][gc,heap     ] GC(1002) Old regions: 221->221
[2024-05-30T12:09:15.334+0000][5694.753s][info][gc,heap     ] GC(1002) Archive regions: 2->2
[2024-05-30T12:09:15.334+0000][5694.753s][info][gc,heap     ] GC(1002) Humongous regions: 5->5
[2024-05-30T12:09:15.334+0000][5694.753s][info][gc,metaspace] GC(1002) Metaspace: 413948K(419968K)->413948K(419968K) NonClass: 361938K(365312K)->361938K(365312K) Class: 52010K(54656K)->52010K(54656K)
[2024-05-30T12:09:15.334+0000][5694.753s][info][gc          ] GC(1002) Pause Young (Normal) (G1 Evacuation Pause) 9173M->1916M(12288M) 58.603ms
[2024-05-30T12:09:15.334+0000][5694.753s][info][gc,cpu      ] GC(1002) User=0.34s Sys=0.00s Real=0.06s
[2024-05-30T12:09:18.114+0000][5697.533s][info][gc,start    ] GC(1003) Pause Young (Normal) (G1 Evacuation Pause)
[2024-05-30T12:09:18.114+0000][5697.533s][info][gc,task     ] GC(1003) Using 6 workers of 6 for evacuation
[2024-05-30T12:09:18.223+0000][5697.642s][info][gc,phases   ] GC(1003)   Pre Evacuate Collection Set: 0.2ms
[2024-05-30T12:09:18.223+0000][5697.643s][info][gc,phases   ] GC(1003)   Merge Heap Roots: 0.3ms
[2024-05-30T12:09:18.223+0000][5697.643s][info][gc,phases   ] GC(1003)   Evacuate Collection Set: 86.0ms
[2024-05-30T12:09:18.223+0000][5697.643s][info][gc,phases   ] GC(1003)   Post Evacuate Collection Set: 22.4ms
[2024-05-30T12:09:18.223+0000][5697.643s][info][gc,phases   ] GC(1003)   Other: 0.2ms
[2024-05-30T12:09:18.223+0000][5697.643s][info][gc,heap     ] GC(1003) Eden regions: 907->0(900)
[2024-05-30T12:09:18.223+0000][5697.643s][info][gc,heap     ] GC(1003) Survivor regions: 14->21(116)
[2024-05-30T12:09:18.223+0000][5697.643s][info][gc,heap     ] GC(1003) Old regions: 221->221
[2024-05-30T12:09:18.223+0000][5697.643s][info][gc,heap     ] GC(1003) Archive regions: 2->2
[2024-05-30T12:09:18.223+0000][5697.643s][info][gc,heap     ] GC(1003) Humongous regions: 5->5
[2024-05-30T12:09:18.223+0000][5697.643s][info][gc,metaspace] GC(1003) Metaspace: 413948K(419968K)->413948K(419968K) NonClass: 361938K(365312K)->361938K(365312K) Class: 52010K(54656K)->52010K(54656K)
[2024-05-30T12:09:18.223+0000][5697.643s][info][gc          ] GC(1003) Pause Young (Normal) (G1 Evacuation Pause) 9172M->1972M(12288M) 109.179ms
[2024-05-30T12:09:18.223+0000][5697.643s][info][gc,cpu      ] GC(1003) User=0.64s Sys=0.00s Real=0.11s
[2024-05-30T12:09:21.076+0000][5700.495s][info][gc,start    ] GC(1004) Pause Young (Normal) (G1 Evacuation Pause)
[2024-05-30T12:09:21.076+0000][5700.495s][info][gc,task     ] GC(1004) Using 6 workers of 6 for evacuation
[2024-05-30T12:09:21.205+0000][5700.625s][info][gc,phases   ] GC(1004)   Pre Evacuate Collection Set: 0.2ms
[2024-05-30T12:09:21.205+0000][5700.625s][info][gc,phases   ] GC(1004)   Merge Heap Roots: 0.3ms
[2024-05-30T12:09:21.205+0000][5700.625s][info][gc,phases   ] GC(1004)   Evacuate Collection Set: 106.0ms
[2024-05-30T12:09:21.205+0000][5700.625s][info][gc,phases   ] GC(1004)   Post Evacuate Collection Set: 22.8ms
[2024-05-30T12:09:21.205+0000][5700.625s][info][gc,phases   ] GC(1004)   Other: 0.2ms
[2024-05-30T12:09:21.205+0000][5700.625s][info][gc,heap     ] GC(1004) Eden regions: 900->0(895)
[2024-05-30T12:09:21.205+0000][5700.625s][info][gc,heap     ] GC(1004) Survivor regions: 21->26(116)
[2024-05-30T12:09:21.205+0000][5700.625s][info][gc,heap     ] GC(1004) Old regions: 221->221
[2024-05-30T12:09:21.205+0000][5700.625s][info][gc,heap     ] GC(1004) Archive regions: 2->2
[2024-05-30T12:09:21.205+0000][5700.625s][info][gc,heap     ] GC(1004) Humongous regions: 5->5
[2024-05-30T12:09:21.205+0000][5700.625s][info][gc,metaspace] GC(1004) Metaspace: 413948K(419968K)->413948K(419968K) NonClass: 361938K(365312K)->361938K(365312K) Class: 52010K(54656K)->52010K(54656K)
[2024-05-30T12:09:21.205+0000][5700.625s][info][gc          ] GC(1004) Pause Young (Normal) (G1 Evacuation Pause) 9172M->2013M(12288M) 129.588ms
[2024-05-30T12:09:21.205+0000][5700.625s][info][gc,cpu      ] GC(1004) User=0.76s Sys=0.00s Real=0.13s
[2024-05-30T12:09:23.689+0000][5703.108s][info][gc,start    ] GC(1005) Pause Young (Normal) (G1 Evacuation Pause)
[2024-05-30T12:09:23.689+0000][5703.108s][info][gc,task     ] GC(1005) Using 6 workers of 6 for evacuation
[2024-05-30T12:09:23.814+0000][5703.233s][info][gc,phases   ] GC(1005)   Pre Evacuate Collection Set: 0.2ms
[2024-05-30T12:09:23.814+0000][5703.233s][info][gc,phases   ] GC(1005)   Merge Heap Roots: 0.3ms
[2024-05-30T12:09:23.814+0000][5703.233s][info][gc,phases   ] GC(1005)   Evacuate Collection Set: 107.4ms
[2024-05-30T12:09:23.814+0000][5703.233s][info][gc,phases   ] GC(1005)   Post Evacuate Collection Set: 16.9ms
[2024-05-30T12:09:23.814+0000][5703.233s][info][gc,phases   ] GC(1005)   Other: 0.2ms
[2024-05-30T12:09:23.814+0000][5703.233s][info][gc,heap     ] GC(1005) Eden regions: 895->0(890)
[2024-05-30T12:09:23.814+0000][5703.233s][info][gc,heap     ] GC(1005) Survivor regions: 26->31(116)
[2024-05-30T12:09:23.814+0000][5703.233s][info][gc,heap     ] GC(1005) Old regions: 221->221
[2024-05-30T12:09:23.814+0000][5703.233s][info][gc,heap     ] GC(1005) Archive regions: 2->2
[2024-05-30T12:09:23.814+0000][5703.233s][info][gc,heap     ] GC(1005) Humongous regions: 5->5
[2024-05-30T12:09:23.814+0000][5703.233s][info][gc,metaspace] GC(1005) Metaspace: 413948K(419968K)->413948K(419968K) NonClass: 361938K(365312K)->361938K(365312K) Class: 52010K(54656K)->52010K(54656K)
[2024-05-30T12:09:23.814+0000][5703.233s][info][gc          ] GC(1005) Pause Young (Normal) (G1 Evacuation Pause) 9173M->2049M(12288M) 125.114ms
[2024-05-30T12:09:23.814+0000][5703.233s][info][gc,cpu      ] GC(1005) User=0.73s Sys=0.00s Real=0.12s
[2024-05-30T12:09:26.570+0000][5705.989s][info][gc,start    ] GC(1006) Pause Young (Normal) (G1 Evacuation Pause)
[2024-05-30T12:09:26.570+0000][5705.989s][info][gc,task     ] GC(1006) Using 6 workers of 6 for evacuation
[2024-05-30T12:09:26.724+0000][5706.143s][info][gc,phases   ] GC(1006)   Pre Evacuate Collection Set: 0.2ms
[2024-05-30T12:09:26.724+0000][5706.143s][info][gc,phases   ] GC(1006)   Merge Heap Roots: 0.4ms
[2024-05-30T12:09:26.724+0000][5706.143s][info][gc,phases   ] GC(1006)   Evacuate Collection Set: 131.7ms
[2024-05-30T12:09:26.724+0000][5706.143s][info][gc,phases   ] GC(1006)   Post Evacuate Collection Set: 21.6ms
[2024-05-30T12:09:26.724+0000][5706.143s][info][gc,phases   ] GC(1006)   Other: 0.2ms
[2024-05-30T12:09:26.724+0000][5706.143s][info][gc,heap     ] GC(1006) Eden regions: 890->0(888)
[2024-05-30T12:09:26.724+0000][5706.143s][info][gc,heap     ] GC(1006) Survivor regions: 31->33(116)
[2024-05-30T12:09:26.724+0000][5706.143s][info][gc,heap     ] GC(1006) Old regions: 221->221
[2024-05-30T12:09:26.724+0000][5706.143s][info][gc,heap     ] GC(1006) Archive regions: 2->2
[2024-05-30T12:09:26.724+0000][5706.143s][info][gc,heap     ] GC(1006) Humongous regions: 5->5
[2024-05-30T12:09:26.724+0000][5706.143s][info][gc,metaspace] GC(1006) Metaspace: 413948K(419968K)->413948K(419968K) NonClass: 361938K(365312K)->361938K(365312K) Class: 52010K(54656K)->52010K(54656K)
[2024-05-30T12:09:26.724+0000][5706.143s][info][gc          ] GC(1006) Pause Young (Normal) (G1 Evacuation Pause) 9169M->2069M(12288M) 154.244ms
[2024-05-30T12:09:26.724+0000][5706.143s][info][gc,cpu      ] GC(1006) User=0.91s Sys=0.00s Real=0.15s
[2024-05-30T12:09:29.302+0000][5708.722s][info][gc,start    ] GC(1007) Pause Young (Normal) (G1 Evacuation Pause)
[2024-05-30T12:09:29.302+0000][5708.722s][info][gc,task     ] GC(1007) Using 6 workers of 6 for evacuation
[2024-05-30T12:09:29.476+0000][5708.895s][info][gc,phases   ] GC(1007)   Pre Evacuate Collection Set: 0.2ms
[2024-05-30T12:09:29.476+0000][5708.895s][info][gc,phases   ] GC(1007)   Merge Heap Roots: 0.4ms
[2024-05-30T12:09:29.476+0000][5708.895s][info][gc,phases   ] GC(1007)   Evacuate Collection Set: 148.6ms
[2024-05-30T12:09:29.476+0000][5708.895s][info][gc,phases   ] GC(1007)   Post Evacuate Collection Set: 24.0ms
[2024-05-30T12:09:29.476+0000][5708.895s][info][gc,phases   ] GC(1007)   Other: 0.2ms
[2024-05-30T12:09:29.476+0000][5708.895s][info][gc,heap     ] GC(1007) Eden regions: 888->0(882)
[2024-05-30T12:09:29.476+0000][5708.895s][info][gc,heap     ] GC(1007) Survivor regions: 33->39(116)
[2024-05-30T12:09:29.476+0000][5708.895s][info][gc,heap     ] GC(1007) Old regions: 221->221
[2024-05-30T12:09:29.476+0000][5708.895s][info][gc,heap     ] GC(1007) Archive regions: 2->2
[2024-05-30T12:09:29.476+0000][5708.895s][info][gc,heap     ] GC(1007) Humongous regions: 5->5
[2024-05-30T12:09:29.476+0000][5708.895s][info][gc,metaspace] GC(1007) Metaspace: 413951K(419968K)->413951K(419968K) NonClass: 361941K(365312K)->361941K(365312K) Class: 52010K(54656K)->52010K(54656K)
[2024-05-30T12:09:29.476+0000][5708.895s][info][gc          ] GC(1007) Pause Young (Normal) (G1 Evacuation Pause) 9173M->2113M(12288M) 173.429ms
[2024-05-30T12:09:29.476+0000][5708.895s][info][gc,cpu      ] GC(1007) User=1.02s Sys=0.00s Real=0.17s
[2024-05-30T12:09:32.200+0000][5711.619s][info][gc,start    ] GC(1008) Pause Young (Normal) (G1 Evacuation Pause)
[2024-05-30T12:09:32.200+0000][5711.619s][info][gc,task     ] GC(1008) Using 6 workers of 6 for evacuation
[2024-05-30T12:09:32.387+0000][5711.806s][info][gc,phases   ] GC(1008)   Pre Evacuate Collection Set: 0.2ms
[2024-05-30T12:09:32.387+0000][5711.806s][info][gc,phases   ] GC(1008)   Merge Heap Roots: 0.4ms
[2024-05-30T12:09:32.387+0000][5711.806s][info][gc,phases   ] GC(1008)   Evacuate Collection Set: 162.7ms
[2024-05-30T12:09:32.387+0000][5711.806s][info][gc,phases   ] GC(1008)   Post Evacuate Collection Set: 23.0ms
[2024-05-30T12:09:32.387+0000][5711.806s][info][gc,phases   ] GC(1008)   Other: 0.2ms
[2024-05-30T12:09:32.387+0000][5711.806s][info][gc,heap     ] GC(1008) Eden regions: 882->0(573)
[2024-05-30T12:09:32.387+0000][5711.806s][info][gc,heap     ] GC(1008) Survivor regions: 39->43(116)
[2024-05-30T12:09:32.387+0000][5711.806s][info][gc,heap     ] GC(1008) Old regions: 221->221
[2024-05-30T12:09:32.387+0000][5711.806s][info][gc,heap     ] GC(1008) Archive regions: 2->2
[2024-05-30T12:09:32.387+0000][5711.806s][info][gc,heap     ] GC(1008) Humongous regions: 5->5
[2024-05-30T12:09:32.387+0000][5711.806s][info][gc,metaspace] GC(1008) Metaspace: 413951K(419968K)->413951K(419968K) NonClass: 361941K(365312K)->361941K(365312K) Class: 52010K(54656K)->52010K(54656K)
[2024-05-30T12:09:32.387+0000][5711.806s][info][gc          ] GC(1008) Pause Young (Normal) (G1 Evacuation Pause) 9169M->2145M(12288M) 186.594ms
[2024-05-30T12:09:32.387+0000][5711.806s][info][gc,cpu      ] GC(1008) User=1.10s Sys=0.00s Real=0.18s
[2024-05-30T12:09:34.026+0000][5713.446s][info][gc,start    ] GC(1009) Pause Young (Normal) (G1 Evacuation Pause)
[2024-05-30T12:09:34.026+0000][5713.446s][info][gc,task     ] GC(1009) Using 6 workers of 6 for evacuation
[2024-05-30T12:09:34.175+0000][5713.594s][info][gc,phases   ] GC(1009)   Pre Evacuate Collection Set: 0.2ms
[2024-05-30T12:09:34.175+0000][5713.594s][info][gc,phases   ] GC(1009)   Merge Heap Roots: 0.4ms
[2024-05-30T12:09:34.175+0000][5713.594s][info][gc,phases   ] GC(1009)   Evacuate Collection Set: 139.7ms
[2024-05-30T12:09:34.175+0000][5713.594s][info][gc,phases   ] GC(1009)   Post Evacuate Collection Set: 8.2ms
[2024-05-30T12:09:34.175+0000][5713.594s][info][gc,phases   ] GC(1009)   Other: 0.2ms
[2024-05-30T12:09:34.175+0000][5713.594s][info][gc,heap     ] GC(1009) Eden regions: 573->0(881)
[2024-05-30T12:09:34.175+0000][5713.594s][info][gc,heap     ] GC(1009) Survivor regions: 43->40(77)
[2024-05-30T12:09:34.175+0000][5713.594s][info][gc,heap     ] GC(1009) Old regions: 221->225
[2024-05-30T12:09:34.175+0000][5713.594s][info][gc,heap     ] GC(1009) Archive regions: 2->2
[2024-05-30T12:09:34.175+0000][5713.594s][info][gc,heap     ] GC(1009) Humongous regions: 5->5
[2024-05-30T12:09:34.175+0000][5713.594s][info][gc,metaspace] GC(1009) Metaspace: 413951K(419968K)->413951K(419968K) NonClass: 361941K(365312K)->361941K(365312K) Class: 52010K(54656K)->52010K(54656K)
[2024-05-30T12:09:34.175+0000][5713.594s][info][gc          ] GC(1009) Pause Young (Normal) (G1 Evacuation Pause) 6729M->2155M(12288M) 148.811ms
[2024-05-30T12:09:34.175+0000][5713.594s][info][gc,cpu      ] GC(1009) User=0.89s Sys=0.00s Real=0.15s
[2024-05-30T12:09:37.894+0000][5717.314s][info][gc,start    ] GC(1010) Pause Young (Normal) (G1 Evacuation Pause)
[2024-05-30T12:09:37.894+0000][5717.314s][info][gc,task     ] GC(1010) Using 6 workers of 6 for evacuation
[2024-05-30T12:09:38.075+0000][5717.494s][info][gc,phases   ] GC(1010)   Pre Evacuate Collection Set: 0.2ms
[2024-05-30T12:09:38.075+0000][5717.494s][info][gc,phases   ] GC(1010)   Merge Heap Roots: 0.4ms
[2024-05-30T12:09:38.075+0000][5717.494s][info][gc,phases   ] GC(1010)   Evacuate Collection Set: 159.0ms
[2024-05-30T12:09:38.075+0000][5717.494s][info][gc,phases   ] GC(1010)   Post Evacuate Collection Set: 20.7ms
[2024-05-30T12:09:38.075+0000][5717.494s][info][gc,phases   ] GC(1010)   Other: 0.2ms
[2024-05-30T12:09:38.075+0000][5717.494s][info][gc,heap     ] GC(1010) Eden regions: 881->0(878)
[2024-05-30T12:09:38.075+0000][5717.494s][info][gc,heap     ] GC(1010) Survivor regions: 40->43(116)
[2024-05-30T12:09:38.075+0000][5717.494s][info][gc,heap     ] GC(1010) Old regions: 225->225
[2024-05-30T12:09:38.075+0000][5717.494s][info][gc,heap     ] GC(1010) Archive regions: 2->2
[2024-05-30T12:09:38.075+0000][5717.494s][info][gc,heap     ] GC(1010) Humongous regions: 5->5
[2024-05-30T12:09:38.075+0000][5717.494s][info][gc,metaspace] GC(1010) Metaspace: 413951K(419968K)->413951K(419968K) NonClass: 361941K(365312K)->361941K(365312K) Class: 52010K(54656K)->52010K(54656K)
[2024-05-30T12:09:38.075+0000][5717.494s][info][gc          ] GC(1010) Pause Young (Normal) (G1 Evacuation Pause) 9203M->2183M(12288M) 180.564ms
[2024-05-30T12:09:38.075+0000][5717.494s][info][gc,cpu      ] GC(1010) User=1.07s Sys=0.00s Real=0.18s
[2024-05-30T12:09:47.545+0000][5726.964s][info][gc,start    ] GC(1011) Pause Young (Concurrent Start) (G1 Evacuation Pause)
[2024-05-30T12:09:47.545+0000][5726.964s][info][gc,task     ] GC(1011) Using 6 workers of 6 for evacuation
[2024-05-30T12:09:47.682+0000][5727.102s][info][gc,phases   ] GC(1011)   Pre Evacuate Collection Set: 0.6ms
[2024-05-30T12:09:47.682+0000][5727.102s][info][gc,phases   ] GC(1011)   Merge Heap Roots: 0.4ms
[2024-05-30T12:09:47.682+0000][5727.102s][info][gc,phases   ] GC(1011)   Evacuate Collection Set: 134.5ms
[2024-05-30T12:09:47.682+0000][5727.102s][info][gc,phases   ] GC(1011)   Post Evacuate Collection Set: 1.8ms
[2024-05-30T12:09:47.683+0000][5727.102s][info][gc,phases   ] GC(1011)   Other: 0.3ms
[2024-05-30T12:09:47.683+0000][5727.102s][info][gc,heap     ] GC(1011) Eden regions: 878->0(878)
[2024-05-30T12:09:47.683+0000][5727.102s][info][gc,heap     ] GC(1011) Survivor regions: 43->43(116)
[2024-05-30T12:09:47.683+0000][5727.102s][info][gc,heap     ] GC(1011) Old regions: 225->225
[2024-05-30T12:09:47.683+0000][5727.102s][info][gc,heap     ] GC(1011) Archive regions: 2->2
[2024-05-30T12:09:47.683+0000][5727.102s][info][gc,heap     ] GC(1011) Humongous regions: 5->5
[2024-05-30T12:09:47.683+0000][5727.102s][info][gc,metaspace] GC(1011) Metaspace: 413951K(419968K)->413951K(419968K) NonClass: 361941K(365312K)->361941K(365312K) Class: 52010K(54656K)->52010K(54656K)
[2024-05-30T12:09:47.683+0000][5727.102s][info][gc          ] GC(1011) Pause Young (Concurrent Start) (G1 Evacuation Pause) 9207M->2179M(12288M) 137.667ms
[2024-05-30T12:09:47.683+0000][5727.102s][info][gc,cpu      ] GC(1011) User=0.82s Sys=0.00s Real=0.14s
[2024-05-30T12:09:47.683+0000][5727.102s][info][gc          ] GC(1012) Concurrent Mark Cycle
[2024-05-30T12:09:47.683+0000][5727.102s][info][gc,marking  ] GC(1012) Concurrent Clear Claimed Marks
[2024-05-30T12:09:47.683+0000][5727.102s][info][gc,marking  ] GC(1012) Concurrent Clear Claimed Marks 0.427ms
[2024-05-30T12:09:47.683+0000][5727.102s][info][gc,marking  ] GC(1012) Concurrent Scan Root Regions
[2024-05-30T12:09:47.800+0000][5727.220s][info][gc,marking  ] GC(1012) Concurrent Scan Root Regions 117.170ms
[2024-05-30T12:09:47.800+0000][5727.220s][info][gc,marking  ] GC(1012) Concurrent Mark
[2024-05-30T12:09:47.800+0000][5727.220s][info][gc,marking  ] GC(1012) Concurrent Mark From Roots
[2024-05-30T12:09:47.800+0000][5727.220s][info][gc,task     ] GC(1012) Using 2 workers of 2 for marking
[2024-05-30T12:09:48.753+0000][5728.172s][info][gc,marking  ] GC(1012) Concurrent Mark From Roots 952.646ms
[2024-05-30T12:09:48.753+0000][5728.172s][info][gc,marking  ] GC(1012) Concurrent Preclean
[2024-05-30T12:09:48.754+0000][5728.173s][info][gc,marking  ] GC(1012) Concurrent Preclean 1.020ms
[2024-05-30T12:09:48.754+0000][5728.174s][info][gc,start    ] GC(1012) Pause Remark
[2024-05-30T12:09:48.775+0000][5728.195s][info][gc          ] GC(1012) Pause Remark 2891M->2875M(12288M) 20.979ms
[2024-05-30T12:09:48.775+0000][5728.195s][info][gc,cpu      ] GC(1012) User=0.08s Sys=0.01s Real=0.02s
[2024-05-30T12:09:48.775+0000][5728.195s][info][gc,marking  ] GC(1012) Concurrent Mark 975.131ms
[2024-05-30T12:09:48.776+0000][5728.195s][info][gc,marking  ] GC(1012) Concurrent Rebuild Remembered Sets
[2024-05-30T12:09:49.313+0000][5728.732s][info][gc,marking  ] GC(1012) Concurrent Rebuild Remembered Sets 537.182ms
[2024-05-30T12:09:49.313+0000][5728.732s][info][gc,start    ] GC(1012) Pause Cleanup
[2024-05-30T12:09:49.313+0000][5728.733s][info][gc          ] GC(1012) Pause Cleanup 3231M->3231M(12288M) 0.538ms
[2024-05-30T12:09:49.313+0000][5728.733s][info][gc,cpu      ] GC(1012) User=0.00s Sys=0.00s Real=0.00s
[2024-05-30T12:09:49.314+0000][5728.733s][info][gc,marking  ] GC(1012) Concurrent Cleanup for Next Mark
[2024-05-30T12:09:49.330+0000][5728.749s][info][gc,marking  ] GC(1012) Concurrent Cleanup for Next Mark 16.640ms
[2024-05-30T12:09:49.330+0000][5728.750s][info][gc          ] GC(1012) Concurrent Mark Cycle 1647.613ms
[2024-05-30T12:09:57.306+0000][5736.726s][info][gc,start    ] GC(1013) Pause Young (Prepare Mixed) (G1 Evacuation Pause)
[2024-05-30T12:09:57.306+0000][5736.726s][info][gc,task     ] GC(1013) Using 6 workers of 6 for evacuation
[2024-05-30T12:09:57.447+0000][5736.866s][info][gc,phases   ] GC(1013)   Pre Evacuate Collection Set: 0.2ms
[2024-05-30T12:09:57.447+0000][5736.866s][info][gc,phases   ] GC(1013)   Merge Heap Roots: 0.5ms
[2024-05-30T12:09:57.447+0000][5736.866s][info][gc,phases   ] GC(1013)   Evacuate Collection Set: 137.6ms
[2024-05-30T12:09:57.447+0000][5736.866s][info][gc,phases   ] GC(1013)   Post Evacuate Collection Set: 2.0ms
[2024-05-30T12:09:57.447+0000][5736.866s][info][gc,phases   ] GC(1013)   Other: 0.3ms
[2024-05-30T12:09:57.447+0000][5736.866s][info][gc,heap     ] GC(1013) Eden regions: 864->0(30)
[2024-05-30T12:09:57.447+0000][5736.866s][info][gc,heap     ] GC(1013) Survivor regions: 43->46(114)
[2024-05-30T12:09:57.447+0000][5736.866s][info][gc,heap     ] GC(1013) Old regions: 223->223
[2024-05-30T12:09:57.447+0000][5736.866s][info][gc,heap     ] GC(1013) Archive regions: 2->2
[2024-05-30T12:09:57.447+0000][5736.866s][info][gc,heap     ] GC(1013) Humongous regions: 5->5
[2024-05-30T12:09:57.447+0000][5736.866s][info][gc,metaspace] GC(1013) Metaspace: 413962K(420032K)->413962K(420032K) NonClass: 361951K(365376K)->361951K(365376K) Class: 52010K(54656K)->52010K(54656K)
[2024-05-30T12:09:57.447+0000][5736.866s][info][gc          ] GC(1013) Pause Young (Prepare Mixed) (G1 Evacuation Pause) 9075M->2187M(12288M) 140.569ms
[2024-05-30T12:09:57.447+0000][5736.866s][info][gc,cpu      ] GC(1013) User=0.84s Sys=0.00s Real=0.14s
[2024-05-30T12:09:57.783+0000][5737.202s][info][gc,start    ] GC(1014) Pause Young (Mixed) (G1 Evacuation Pause)
[2024-05-30T12:09:57.783+0000][5737.202s][info][gc,task     ] GC(1014) Using 6 workers of 6 for evacuation
[2024-05-30T12:09:57.925+0000][5737.345s][info][gc,phases   ] GC(1014)   Pre Evacuate Collection Set: 0.2ms
[2024-05-30T12:09:57.925+0000][5737.345s][info][gc,phases   ] GC(1014)   Merge Heap Roots: 0.3ms
[2024-05-30T12:09:57.926+0000][5737.345s][info][gc,phases   ] GC(1014)   Evacuate Collection Set: 140.4ms
[2024-05-30T12:09:57.926+0000][5737.345s][info][gc,phases   ] GC(1014)   Post Evacuate Collection Set: 1.3ms
[2024-05-30T12:09:57.926+0000][5737.345s][info][gc,phases   ] GC(1014)   Other: 0.2ms
[2024-05-30T12:09:57.926+0000][5737.345s][info][gc,heap     ] GC(1014) Eden regions: 30->0(915)
[2024-05-30T12:09:57.926+0000][5737.345s][info][gc,heap     ] GC(1014) Survivor regions: 46->6(10)
[2024-05-30T12:09:57.926+0000][5737.345s][info][gc,heap     ] GC(1014) Old regions: 223->233
[2024-05-30T12:09:57.926+0000][5737.345s][info][gc,heap     ] GC(1014) Archive regions: 2->2
[2024-05-30T12:09:57.926+0000][5737.345s][info][gc,heap     ] GC(1014) Humongous regions: 5->5
[2024-05-30T12:09:57.926+0000][5737.345s][info][gc,metaspace] GC(1014) Metaspace: 413962K(420032K)->413962K(420032K) NonClass: 361951K(365376K)->361951K(365376K) Class: 52010K(54656K)->52010K(54656K)
[2024-05-30T12:09:57.926+0000][5737.345s][info][gc          ] GC(1014) Pause Young (Mixed) (G1 Evacuation Pause) 2427M->1956M(12288M) 142.423ms
[2024-05-30T12:09:57.926+0000][5737.345s][info][gc,cpu      ] GC(1014) User=0.85s Sys=0.00s Real=0.14s
[2024-05-30T12:10:07.962+0000][5747.381s][info][gc,start    ] GC(1015) Pause Young (Normal) (G1 Evacuation Pause)
[2024-05-30T12:10:07.962+0000][5747.381s][info][gc,task     ] GC(1015) Using 6 workers of 6 for evacuation
[2024-05-30T12:10:07.985+0000][5747.404s][info][gc,phases   ] GC(1015)   Pre Evacuate Collection Set: 0.2ms
[2024-05-30T12:10:07.985+0000][5747.404s][info][gc,phases   ] GC(1015)   Merge Heap Roots: 0.3ms
[2024-05-30T12:10:07.985+0000][5747.404s][info][gc,phases   ] GC(1015)   Evacuate Collection Set: 20.4ms
[2024-05-30T12:10:07.985+0000][5747.404s][info][gc,phases   ] GC(1015)   Post Evacuate Collection Set: 1.8ms
[2024-05-30T12:10:07.985+0000][5747.404s][info][gc,phases   ] GC(1015)   Other: 0.2ms
[2024-05-30T12:10:07.985+0000][5747.404s][info][gc,heap     ] GC(1015) Eden regions: 915->0(912)
[2024-05-30T12:10:07.985+0000][5747.404s][info][gc,heap     ] GC(1015) Survivor regions: 6->9(116)
[2024-05-30T12:10:07.985+0000][5747.404s][info][gc,heap     ] GC(1015) Old regions: 233->233
[2024-05-30T12:10:07.985+0000][5747.404s][info][gc,heap     ] GC(1015) Archive regions: 2->2
[2024-05-30T12:10:07.985+0000][5747.404s][info][gc,heap     ] GC(1015) Humongous regions: 5->5
[2024-05-30T12:10:07.985+0000][5747.404s][info][gc,metaspace] GC(1015) Metaspace: 413971K(420032K)->413971K(420032K) NonClass: 361960K(365376K)->361960K(365376K) Class: 52010K(54656K)->52010K(54656K)
[2024-05-30T12:10:07.985+0000][5747.404s][info][gc          ] GC(1015) Pause Young (Normal) (G1 Evacuation Pause) 9276M->1980M(12288M) 22.976ms
[2024-05-30T12:10:07.985+0000][5747.404s][info][gc,cpu      ] GC(1015) User=0.13s Sys=0.00s Real=0.02s
[2024-05-30T12:10:17.995+0000][5757.415s][info][gc,start    ] GC(1016) Pause Young (Normal) (G1 Evacuation Pause)
[2024-05-30T12:10:17.995+0000][5757.415s][info][gc,task     ] GC(1016) Using 6 workers of 6 for evacuation
[2024-05-30T12:10:18.026+0000][5757.446s][info][gc,phases   ] GC(1016)   Pre Evacuate Collection Set: 0.2ms
[2024-05-30T12:10:18.026+0000][5757.446s][info][gc,phases   ] GC(1016)   Merge Heap Roots: 0.3ms
[2024-05-30T12:10:18.026+0000][5757.446s][info][gc,phases   ] GC(1016)   Evacuate Collection Set: 28.7ms
[2024-05-30T12:10:18.026+0000][5757.446s][info][gc,phases   ] GC(1016)   Post Evacuate Collection Set: 1.8ms
[2024-05-30T12:10:18.026+0000][5757.446s][info][gc,phases   ] GC(1016)   Other: 0.2ms
[2024-05-30T12:10:18.026+0000][5757.446s][info][gc,heap     ] GC(1016) Eden regions: 912->0(908)
[2024-05-30T12:10:18.026+0000][5757.446s][info][gc,heap     ] GC(1016) Survivor regions: 9->13(116)
[2024-05-30T12:10:18.026+0000][5757.446s][info][gc,heap     ] GC(1016) Old regions: 233->233
[2024-05-30T12:10:18.026+0000][5757.446s][info][gc,heap     ] GC(1016) Archive regions: 2->2
[2024-05-30T12:10:18.026+0000][5757.446s][info][gc,heap     ] GC(1016) Humongous regions: 5->5
[2024-05-30T12:10:18.026+0000][5757.446s][info][gc,metaspace] GC(1016) Metaspace: 413975K(420032K)->413975K(420032K) NonClass: 361964K(365376K)->361964K(365376K) Class: 52010K(54656K)->52010K(54656K)
[2024-05-30T12:10:18.026+0000][5757.446s][info][gc          ] GC(1016) Pause Young (Normal) (G1 Evacuation Pause) 9276M->2012M(12288M) 31.137ms
[2024-05-30T12:10:18.026+0000][5757.446s][info][gc,cpu      ] GC(1016) User=0.19s Sys=0.00s Real=0.03s
[2024-05-30T12:10:27.628+0000][5767.047s][info][gc,start    ] GC(1017) Pause Young (Concurrent Start) (G1 Evacuation Pause)
[2024-05-30T12:10:27.628+0000][5767.047s][info][gc,task     ] GC(1017) Using 6 workers of 6 for evacuation
[2024-05-30T12:10:27.663+0000][5767.082s][info][gc,phases   ] GC(1017)   Pre Evacuate Collection Set: 0.6ms
[2024-05-30T12:10:27.663+0000][5767.082s][info][gc,phases   ] GC(1017)   Merge Heap Roots: 0.3ms
[2024-05-30T12:10:27.663+0000][5767.082s][info][gc,phases   ] GC(1017)   Evacuate Collection Set: 32.0ms
[2024-05-30T12:10:27.663+0000][5767.082s][info][gc,phases   ] GC(1017)   Post Evacuate Collection Set: 1.8ms
[2024-05-30T12:10:27.663+0000][5767.082s][info][gc,phases   ] GC(1017)   Other: 0.3ms
[2024-05-30T12:10:27.663+0000][5767.082s][info][gc,heap     ] GC(1017) Eden regions: 908->0(907)
[2024-05-30T12:10:27.663+0000][5767.082s][info][gc,heap     ] GC(1017) Survivor regions: 13->14(116)
[2024-05-30T12:10:27.663+0000][5767.082s][info][gc,heap     ] GC(1017) Old regions: 233->233
[2024-05-30T12:10:27.663+0000][5767.082s][info][gc,heap     ] GC(1017) Archive regions: 2->2
[2024-05-30T12:10:27.663+0000][5767.082s][info][gc,heap     ] GC(1017) Humongous regions: 5->5
[2024-05-30T12:10:27.663+0000][5767.082s][info][gc,metaspace] GC(1017) Metaspace: 413976K(420032K)->413976K(420032K) NonClass: 361966K(365376K)->361966K(365376K) Class: 52010K(54656K)->52010K(54656K)
[2024-05-30T12:10:27.663+0000][5767.082s][info][gc          ] GC(1017) Pause Young (Concurrent Start) (G1 Evacuation Pause) 9276M->2018M(12288M) 35.069ms
[2024-05-30T12:10:27.663+0000][5767.082s][info][gc,cpu      ] GC(1017) User=0.21s Sys=0.00s Real=0.04s
[2024-05-30T12:10:27.663+0000][5767.082s][info][gc          ] GC(1018) Concurrent Mark Cycle
[2024-05-30T12:10:27.663+0000][5767.082s][info][gc,marking  ] GC(1018) Concurrent Clear Claimed Marks
[2024-05-30T12:10:27.664+0000][5767.083s][info][gc,marking  ] GC(1018) Concurrent Clear Claimed Marks 0.423ms
[2024-05-30T12:10:27.664+0000][5767.083s][info][gc,marking  ] GC(1018) Concurrent Scan Root Regions
[2024-05-30T12:10:27.692+0000][5767.111s][info][gc,marking  ] GC(1018) Concurrent Scan Root Regions 28.201ms
[2024-05-30T12:10:27.692+0000][5767.111s][info][gc,marking  ] GC(1018) Concurrent Mark
[2024-05-30T12:10:27.692+0000][5767.111s][info][gc,marking  ] GC(1018) Concurrent Mark From Roots
[2024-05-30T12:10:27.692+0000][5767.111s][info][gc,task     ] GC(1018) Using 2 workers of 2 for marking
[2024-05-30T12:10:28.957+0000][5768.376s][info][gc,marking  ] GC(1018) Concurrent Mark From Roots 1265.234ms
[2024-05-30T12:10:28.957+0000][5768.376s][info][gc,marking  ] GC(1018) Concurrent Preclean
[2024-05-30T12:10:28.958+0000][5768.377s][info][gc,marking  ] GC(1018) Concurrent Preclean 1.044ms
[2024-05-30T12:10:28.958+0000][5768.378s][info][gc,start    ] GC(1018) Pause Remark
[2024-05-30T12:10:28.979+0000][5768.399s][info][gc          ] GC(1018) Pause Remark 3114M->3114M(12288M) 20.966ms
[2024-05-30T12:10:28.979+0000][5768.399s][info][gc,cpu      ] GC(1018) User=0.08s Sys=0.01s Real=0.02s
[2024-05-30T12:10:28.980+0000][5768.399s][info][gc,marking  ] GC(1018) Concurrent Mark 1287.716ms
[2024-05-30T12:10:28.980+0000][5768.399s][info][gc,marking  ] GC(1018) Concurrent Rebuild Remembered Sets
[2024-05-30T12:10:29.739+0000][5769.158s][info][gc,marking  ] GC(1018) Concurrent Rebuild Remembered Sets 758.915ms
[2024-05-30T12:10:29.739+0000][5769.158s][info][gc,start    ] GC(1018) Pause Cleanup
[2024-05-30T12:10:29.739+0000][5769.158s][info][gc          ] GC(1018) Pause Cleanup 3646M->3646M(12288M) 0.511ms
[2024-05-30T12:10:29.739+0000][5769.158s][info][gc,cpu      ] GC(1018) User=0.00s Sys=0.00s Real=0.00s
[2024-05-30T12:10:29.739+0000][5769.159s][info][gc,marking  ] GC(1018) Concurrent Cleanup for Next Mark
[2024-05-30T12:10:29.757+0000][5769.176s][info][gc,marking  ] GC(1018) Concurrent Cleanup for Next Mark 17.543ms
[2024-05-30T12:10:29.757+0000][5769.176s][info][gc          ] GC(1018) Concurrent Mark Cycle 2093.741ms
[2024-05-30T12:10:37.535+0000][5776.954s][info][gc,start    ] GC(1019) Pause Young (Prepare Mixed) (G1 Evacuation Pause)
[2024-05-30T12:10:37.535+0000][5776.954s][info][gc,task     ] GC(1019) Using 6 workers of 6 for evacuation
[2024-05-30T12:10:37.581+0000][5777.000s][info][gc,phases   ] GC(1019)   Pre Evacuate Collection Set: 0.2ms
[2024-05-30T12:10:37.581+0000][5777.000s][info][gc,phases   ] GC(1019)   Merge Heap Roots: 0.3ms
[2024-05-30T12:10:37.581+0000][5777.000s][info][gc,phases   ] GC(1019)   Evacuate Collection Set: 43.3ms
[2024-05-30T12:10:37.581+0000][5777.000s][info][gc,phases   ] GC(1019)   Post Evacuate Collection Set: 1.8ms
[2024-05-30T12:10:37.581+0000][5777.000s][info][gc,phases   ] GC(1019)   Other: 0.2ms
[2024-05-30T12:10:37.581+0000][5777.000s][info][gc,heap     ] GC(1019) Eden regions: 907->0(61)
[2024-05-30T12:10:37.581+0000][5777.000s][info][gc,heap     ] GC(1019) Survivor regions: 14->15(116)
[2024-05-30T12:10:37.581+0000][5777.000s][info][gc,heap     ] GC(1019) Old regions: 233->233
[2024-05-30T12:10:37.581+0000][5777.000s][info][gc,heap     ] GC(1019) Archive regions: 2->2
[2024-05-30T12:10:37.581+0000][5777.000s][info][gc,heap     ] GC(1019) Humongous regions: 5->5
[2024-05-30T12:10:37.581+0000][5777.000s][info][gc,metaspace] GC(1019) Metaspace: 413976K(420032K)->413976K(420032K) NonClass: 361966K(365376K)->361966K(365376K) Class: 52010K(54656K)->52010K(54656K)
[2024-05-30T12:10:37.581+0000][5777.000s][info][gc          ] GC(1019) Pause Young (Prepare Mixed) (G1 Evacuation Pause) 9274M->2027M(12288M) 45.853ms
[2024-05-30T12:10:37.581+0000][5777.000s][info][gc,cpu      ] GC(1019) User=0.28s Sys=0.00s Real=0.05s
[2024-05-30T12:10:38.238+0000][5777.657s][info][gc,start    ] GC(1020) Pause Young (Mixed) (G1 Evacuation Pause)
[2024-05-30T12:10:38.238+0000][5777.657s][info][gc,task     ] GC(1020) Using 6 workers of 6 for evacuation
[2024-05-30T12:10:38.277+0000][5777.696s][info][gc,phases   ] GC(1020)   Pre Evacuate Collection Set: 0.2ms
[2024-05-30T12:10:38.277+0000][5777.696s][info][gc,phases   ] GC(1020)   Merge Heap Roots: 0.2ms
[2024-05-30T12:10:38.277+0000][5777.696s][info][gc,phases   ] GC(1020)   Evacuate Collection Set: 37.0ms
[2024-05-30T12:10:38.277+0000][5777.696s][info][gc,phases   ] GC(1020)   Post Evacuate Collection Set: 1.3ms
[2024-05-30T12:10:38.277+0000][5777.696s][info][gc,phases   ] GC(1020)   Other: 0.2ms
[2024-05-30T12:10:38.277+0000][5777.696s][info][gc,heap     ] GC(1020) Eden regions: 61->0(915)
[2024-05-30T12:10:38.277+0000][5777.696s][info][gc,heap     ] GC(1020) Survivor regions: 15->6(10)
[2024-05-30T12:10:38.277+0000][5777.696s][info][gc,heap     ] GC(1020) Old regions: 233->227
[2024-05-30T12:10:38.277+0000][5777.696s][info][gc,heap     ] GC(1020) Archive regions: 2->2
[2024-05-30T12:10:38.277+0000][5777.696s][info][gc,heap     ] GC(1020) Humongous regions: 5->5
[2024-05-30T12:10:38.277+0000][5777.696s][info][gc,metaspace] GC(1020) Metaspace: 413984K(420032K)->413984K(420032K) NonClass: 361974K(365376K)->361974K(365376K) Class: 52010K(54656K)->52010K(54656K)
[2024-05-30T12:10:38.277+0000][5777.696s][info][gc          ] GC(1020) Pause Young (Mixed) (G1 Evacuation Pause) 2515M->1898M(12288M) 38.943ms
[2024-05-30T12:10:38.277+0000][5777.696s][info][gc,cpu      ] GC(1020) User=0.23s Sys=0.00s Real=0.04s
[2024-05-30T12:10:48.542+0000][5787.961s][info][gc,start    ] GC(1021) Pause Young (Normal) (G1 Evacuation Pause)
[2024-05-30T12:10:48.542+0000][5787.961s][info][gc,task     ] GC(1021) Using 6 workers of 6 for evacuation
[2024-05-30T12:10:48.565+0000][5787.984s][info][gc,phases   ] GC(1021)   Pre Evacuate Collection Set: 0.2ms
[2024-05-30T12:10:48.565+0000][5787.984s][info][gc,phases   ] GC(1021)   Merge Heap Roots: 0.2ms
[2024-05-30T12:10:48.565+0000][5787.984s][info][gc,phases   ] GC(1021)   Evacuate Collection Set: 21.1ms
[2024-05-30T12:10:48.565+0000][5787.984s][info][gc,phases   ] GC(1021)   Post Evacuate Collection Set: 1.8ms
[2024-05-30T12:10:48.565+0000][5787.984s][info][gc,phases   ] GC(1021)   Other: 0.2ms
[2024-05-30T12:10:48.565+0000][5787.984s][info][gc,heap     ] GC(1021) Eden regions: 915->0(912)
[2024-05-30T12:10:48.565+0000][5787.984s][info][gc,heap     ] GC(1021) Survivor regions: 6->9(116)
[2024-05-30T12:10:48.565+0000][5787.985s][info][gc,heap     ] GC(1021) Old regions: 227->227
[2024-05-30T12:10:48.565+0000][5787.985s][info][gc,heap     ] GC(1021) Archive regions: 2->2
[2024-05-30T12:10:48.565+0000][5787.985s][info][gc,heap     ] GC(1021) Humongous regions: 5->5
[2024-05-30T12:10:48.565+0000][5787.985s][info][gc,metaspace] GC(1021) Metaspace: 413984K(420032K)->413984K(420032K) NonClass: 361974K(365376K)->361974K(365376K) Class: 52010K(54656K)->52010K(54656K)
[2024-05-30T12:10:48.565+0000][5787.985s][info][gc          ] GC(1021) Pause Young (Normal) (G1 Evacuation Pause) 9218M->1927M(12288M) 23.515ms
[2024-05-30T12:10:48.565+0000][5787.985s][info][gc,cpu      ] GC(1021) User=0.13s Sys=0.00s Real=0.02s
[2024-05-30T12:10:58.464+0000][5797.883s][info][gc,start    ] GC(1022) Pause Young (Normal) (G1 Evacuation Pause)
[2024-05-30T12:10:58.464+0000][5797.883s][info][gc,task     ] GC(1022) Using 6 workers of 6 for evacuation
[2024-05-30T12:10:58.493+0000][5797.912s][info][gc,phases   ] GC(1022)   Pre Evacuate Collection Set: 0.2ms
[2024-05-30T12:10:58.493+0000][5797.912s][info][gc,phases   ] GC(1022)   Merge Heap Roots: 0.2ms
[2024-05-30T12:10:58.493+0000][5797.912s][info][gc,phases   ] GC(1022)   Evacuate Collection Set: 26.5ms
[2024-05-30T12:10:58.493+0000][5797.912s][info][gc,phases   ] GC(1022)   Post Evacuate Collection Set: 1.9ms
[2024-05-30T12:10:58.493+0000][5797.912s][info][gc,phases   ] GC(1022)   Other: 0.2ms
[2024-05-30T12:10:58.493+0000][5797.912s][info][gc,heap     ] GC(1022) Eden regions: 912->0(908)
[2024-05-30T12:10:58.493+0000][5797.912s][info][gc,heap     ] GC(1022) Survivor regions: 9->13(116)
[2024-05-30T12:10:58.493+0000][5797.912s][info][gc,heap     ] GC(1022) Old regions: 227->227
[2024-05-30T12:10:58.493+0000][5797.912s][info][gc,heap     ] GC(1022) Archive regions: 2->2
[2024-05-30T12:10:58.493+0000][5797.912s][info][gc,heap     ] GC(1022) Humongous regions: 5->5
[2024-05-30T12:10:58.493+0000][5797.912s][info][gc,metaspace] GC(1022) Metaspace: 413988K(420032K)->413988K(420032K) NonClass: 361977K(365376K)->361977K(365376K) Class: 52010K(54656K)->52010K(54656K)
[2024-05-30T12:10:58.493+0000][5797.912s][info][gc          ] GC(1022) Pause Young (Normal) (G1 Evacuation Pause) 9223M->1953M(12288M) 29.109ms
[2024-05-30T12:10:58.493+0000][5797.912s][info][gc,cpu      ] GC(1022) User=0.17s Sys=0.00s Real=0.03s
[2024-05-30T12:11:08.408+0000][5807.827s][info][gc,start    ] GC(1023) Pause Young (Concurrent Start) (G1 Evacuation Pause)
[2024-05-30T12:11:08.408+0000][5807.827s][info][gc,task     ] GC(1023) Using 6 workers of 6 for evacuation
[2024-05-30T12:11:08.450+0000][5807.869s][info][gc,phases   ] GC(1023)   Pre Evacuate Collection Set: 0.6ms
[2024-05-30T12:11:08.450+0000][5807.869s][info][gc,phases   ] GC(1023)   Merge Heap Roots: 0.2ms
[2024-05-30T12:11:08.450+0000][5807.869s][info][gc,phases   ] GC(1023)   Evacuate Collection Set: 39.2ms
[2024-05-30T12:11:08.450+0000][5807.869s][info][gc,phases   ] GC(1023)   Post Evacuate Collection Set: 1.8ms
[2024-05-30T12:11:08.450+0000][5807.869s][info][gc,phases   ] GC(1023)   Other: 0.3ms
[2024-05-30T12:11:08.450+0000][5807.869s][info][gc,heap     ] GC(1023) Eden regions: 908->0(907)
[2024-05-30T12:11:08.450+0000][5807.869s][info][gc,heap     ] GC(1023) Survivor regions: 13->14(116)
[2024-05-30T12:11:08.450+0000][5807.869s][info][gc,heap     ] GC(1023) Old regions: 227->227
[2024-05-30T12:11:08.450+0000][5807.869s][info][gc,heap     ] GC(1023) Archive regions: 2->2
[2024-05-30T12:11:08.450+0000][5807.869s][info][gc,heap     ] GC(1023) Humongous regions: 5->5
[2024-05-30T12:11:08.450+0000][5807.869s][info][gc,metaspace] GC(1023) Metaspace: 413996K(420032K)->413996K(420032K) NonClass: 361985K(365376K)->361985K(365376K) Class: 52010K(54656K)->52010K(54656K)
[2024-05-30T12:11:08.450+0000][5807.870s][info][gc          ] GC(1023) Pause Young (Concurrent Start) (G1 Evacuation Pause) 9217M->1967M(12288M) 42.273ms
[2024-05-30T12:11:08.450+0000][5807.870s][info][gc,cpu      ] GC(1023) User=0.24s Sys=0.00s Real=0.05s
[2024-05-30T12:11:08.450+0000][5807.870s][info][gc          ] GC(1024) Concurrent Mark Cycle
[2024-05-30T12:11:08.450+0000][5807.870s][info][gc,marking  ] GC(1024) Concurrent Clear Claimed Marks
[2024-05-30T12:11:08.451+0000][5807.870s][info][gc,marking  ] GC(1024) Concurrent Clear Claimed Marks 0.426ms
[2024-05-30T12:11:08.451+0000][5807.870s][info][gc,marking  ] GC(1024) Concurrent Scan Root Regions
[2024-05-30T12:11:08.480+0000][5807.900s][info][gc,marking  ] GC(1024) Concurrent Scan Root Regions 29.500ms
[2024-05-30T12:11:08.480+0000][5807.900s][info][gc,marking  ] GC(1024) Concurrent Mark
[2024-05-30T12:11:08.480+0000][5807.900s][info][gc,marking  ] GC(1024) Concurrent Mark From Roots
[2024-05-30T12:11:08.480+0000][5807.900s][info][gc,task     ] GC(1024) Using 2 workers of 2 for marking
[2024-05-30T12:11:09.745+0000][5809.165s][info][gc,marking  ] GC(1024) Concurrent Mark From Roots 1265.082ms
[2024-05-30T12:11:09.746+0000][5809.165s][info][gc,marking  ] GC(1024) Concurrent Preclean
[2024-05-30T12:11:09.747+0000][5809.166s][info][gc,marking  ] GC(1024) Concurrent Preclean 1.173ms
[2024-05-30T12:11:09.747+0000][5809.166s][info][gc,start    ] GC(1024) Pause Remark
[2024-05-30T12:11:09.768+0000][5809.187s][info][gc          ] GC(1024) Pause Remark 2851M->2851M(12288M) 20.963ms
[2024-05-30T12:11:09.768+0000][5809.187s][info][gc,cpu      ] GC(1024) User=0.09s Sys=0.00s Real=0.02s
[2024-05-30T12:11:09.768+0000][5809.187s][info][gc,marking  ] GC(1024) Concurrent Mark 1287.674ms
[2024-05-30T12:11:09.768+0000][5809.187s][info][gc,marking  ] GC(1024) Concurrent Rebuild Remembered Sets
[2024-05-30T12:11:10.539+0000][5809.958s][info][gc,marking  ] GC(1024) Concurrent Rebuild Remembered Sets 771.046ms
[2024-05-30T12:11:10.539+0000][5809.959s][info][gc,start    ] GC(1024) Pause Cleanup
[2024-05-30T12:11:10.540+0000][5809.959s][info][gc          ] GC(1024) Pause Cleanup 3379M->3379M(12288M) 0.513ms
[2024-05-30T12:11:10.540+0000][5809.959s][info][gc,cpu      ] GC(1024) User=0.00s Sys=0.00s Real=0.00s
[2024-05-30T12:11:10.540+0000][5809.959s][info][gc,marking  ] GC(1024) Concurrent Cleanup for Next Mark
[2024-05-30T12:11:10.568+0000][5809.988s][info][gc,marking  ] GC(1024) Concurrent Cleanup for Next Mark 28.513ms
[2024-05-30T12:11:10.569+0000][5809.988s][info][gc          ] GC(1024) Concurrent Mark Cycle 2118.148ms
[2024-05-30T12:11:18.417+0000][5817.836s][info][gc,start    ] GC(1025) Pause Young (Prepare Mixed) (G1 Evacuation Pause)
[2024-05-30T12:11:18.417+0000][5817.836s][info][gc,task     ] GC(1025) Using 6 workers of 6 for evacuation
[2024-05-30T12:11:18.455+0000][5817.875s][info][gc,phases   ] GC(1025)   Pre Evacuate Collection Set: 0.2ms
[2024-05-30T12:11:18.456+0000][5817.875s][info][gc,phases   ] GC(1025)   Merge Heap Roots: 0.3ms
[2024-05-30T12:11:18.456+0000][5817.875s][info][gc,phases   ] GC(1025)   Evacuate Collection Set: 36.0ms
[2024-05-30T12:11:18.456+0000][5817.875s][info][gc,phases   ] GC(1025)   Post Evacuate Collection Set: 1.8ms
[2024-05-30T12:11:18.456+0000][5817.875s][info][gc,phases   ] GC(1025)   Other: 0.3ms
[2024-05-30T12:11:18.456+0000][5817.875s][info][gc,heap     ] GC(1025) Eden regions: 907->0(59)
[2024-05-30T12:11:18.456+0000][5817.875s][info][gc,heap     ] GC(1025) Survivor regions: 14->17(116)
[2024-05-30T12:11:18.456+0000][5817.875s][info][gc,heap     ] GC(1025) Old regions: 227->227
[2024-05-30T12:11:18.456+0000][5817.875s][info][gc,heap     ] GC(1025) Archive regions: 2->2
[2024-05-30T12:11:18.456+0000][5817.875s][info][gc,heap     ] GC(1025) Humongous regions: 5->5
[2024-05-30T12:11:18.456+0000][5817.875s][info][gc,metaspace] GC(1025) Metaspace: 413996K(420032K)->413996K(420032K) NonClass: 361985K(365376K)->361985K(365376K) Class: 52010K(54656K)->52010K(54656K)
[2024-05-30T12:11:18.456+0000][5817.875s][info][gc          ] GC(1025) Pause Young (Prepare Mixed) (G1 Evacuation Pause) 9223M->1986M(12288M) 38.642ms
[2024-05-30T12:11:18.456+0000][5817.875s][info][gc,cpu      ] GC(1025) User=0.23s Sys=0.00s Real=0.03s
[2024-05-30T12:11:19.058+0000][5818.477s][info][gc,start    ] GC(1026) Pause Young (Mixed) (G1 Evacuation Pause)
[2024-05-30T12:11:19.058+0000][5818.477s][info][gc,task     ] GC(1026) Using 6 workers of 6 for evacuation
[2024-05-30T12:11:19.107+0000][5818.526s][info][gc,phases   ] GC(1026)   Pre Evacuate Collection Set: 0.2ms
[2024-05-30T12:11:19.107+0000][5818.526s][info][gc,phases   ] GC(1026)   Merge Heap Roots: 0.2ms
[2024-05-30T12:11:19.107+0000][5818.526s][info][gc,phases   ] GC(1026)   Evacuate Collection Set: 46.9ms
[2024-05-30T12:11:19.107+0000][5818.526s][info][gc,phases   ] GC(1026)   Post Evacuate Collection Set: 1.4ms
[2024-05-30T12:11:19.107+0000][5818.526s][info][gc,phases   ] GC(1026)   Other: 0.2ms
[2024-05-30T12:11:19.107+0000][5818.526s][info][gc,heap     ] GC(1026) Eden regions: 59->0(915)
[2024-05-30T12:11:19.107+0000][5818.526s][info][gc,heap     ] GC(1026) Survivor regions: 17->6(10)
[2024-05-30T12:11:19.107+0000][5818.526s][info][gc,heap     ] GC(1026) Old regions: 227->222
[2024-05-30T12:11:19.107+0000][5818.526s][info][gc,heap     ] GC(1026) Archive regions: 2->2
[2024-05-30T12:11:19.107+0000][5818.526s][info][gc,heap     ] GC(1026) Humongous regions: 5->5
[2024-05-30T12:11:19.107+0000][5818.526s][info][gc,metaspace] GC(1026) Metaspace: 413996K(420032K)->413996K(420032K) NonClass: 361985K(365376K)->361985K(365376K) Class: 52010K(54656K)->52010K(54656K)
[2024-05-30T12:11:19.107+0000][5818.526s][info][gc          ] GC(1026) Pause Young (Mixed) (G1 Evacuation Pause) 2458M->1865M(12288M) 48.893ms
[2024-05-30T12:11:19.107+0000][5818.526s][info][gc,cpu      ] GC(1026) User=0.29s Sys=0.00s Real=0.04s
[2024-05-30T12:11:29.296+0000][5828.715s][info][gc,start    ] GC(1027) Pause Young (Normal) (G1 Evacuation Pause)
[2024-05-30T12:11:29.296+0000][5828.715s][info][gc,task     ] GC(1027) Using 6 workers of 6 for evacuation
[2024-05-30T12:11:29.318+0000][5828.737s][info][gc,phases   ] GC(1027)   Pre Evacuate Collection Set: 0.2ms
[2024-05-30T12:11:29.318+0000][5828.737s][info][gc,phases   ] GC(1027)   Merge Heap Roots: 0.3ms
[2024-05-30T12:11:29.318+0000][5828.737s][info][gc,phases   ] GC(1027)   Evacuate Collection Set: 20.0ms
[2024-05-30T12:11:29.318+0000][5828.737s][info][gc,phases   ] GC(1027)   Post Evacuate Collection Set: 1.9ms
[2024-05-30T12:11:29.318+0000][5828.737s][info][gc,phases   ] GC(1027)   Other: 0.2ms
[2024-05-30T12:11:29.318+0000][5828.737s][info][gc,heap     ] GC(1027) Eden regions: 915->0(912)
[2024-05-30T12:11:29.318+0000][5828.737s][info][gc,heap     ] GC(1027) Survivor regions: 6->9(116)
[2024-05-30T12:11:29.318+0000][5828.737s][info][gc,heap     ] GC(1027) Old regions: 222->222
[2024-05-30T12:11:29.318+0000][5828.737s][info][gc,heap     ] GC(1027) Archive regions: 2->2
[2024-05-30T12:11:29.318+0000][5828.737s][info][gc,heap     ] GC(1027) Humongous regions: 5->5
[2024-05-30T12:11:29.318+0000][5828.737s][info][gc,metaspace] GC(1027) Metaspace: 414006K(420032K)->414006K(420032K) NonClass: 361996K(365376K)->361996K(365376K) Class: 52010K(54656K)->52010K(54656K)
[2024-05-30T12:11:29.318+0000][5828.737s][info][gc          ] GC(1027) Pause Young (Normal) (G1 Evacuation Pause) 9185M->1887M(12288M) 22.558ms
[2024-05-30T12:11:29.318+0000][5828.737s][info][gc,cpu      ] GC(1027) User=0.13s Sys=0.00s Real=0.03s
[2024-05-30T12:11:39.229+0000][5838.648s][info][gc,start    ] GC(1028) Pause Young (Normal) (G1 Evacuation Pause)
[2024-05-30T12:11:39.229+0000][5838.648s][info][gc,task     ] GC(1028) Using 6 workers of 6 for evacuation
[2024-05-30T12:11:39.257+0000][5838.676s][info][gc,phases   ] GC(1028)   Pre Evacuate Collection Set: 0.2ms
[2024-05-30T12:11:39.257+0000][5838.676s][info][gc,phases   ] GC(1028)   Merge Heap Roots: 0.2ms
[2024-05-30T12:11:39.257+0000][5838.676s][info][gc,phases   ] GC(1028)   Evacuate Collection Set: 25.8ms
[2024-05-30T12:11:39.257+0000][5838.676s][info][gc,phases   ] GC(1028)   Post Evacuate Collection Set: 1.7ms
[2024-05-30T12:11:39.257+0000][5838.676s][info][gc,phases   ] GC(1028)   Other: 0.2ms
[2024-05-30T12:11:39.257+0000][5838.677s][info][gc,heap     ] GC(1028) Eden regions: 912->0(911)
[2024-05-30T12:11:39.257+0000][5838.677s][info][gc,heap     ] GC(1028) Survivor regions: 9->10(116)
[2024-05-30T12:11:39.257+0000][5838.677s][info][gc,heap     ] GC(1028) Old regions: 222->222
[2024-05-30T12:11:39.257+0000][5838.677s][info][gc,heap     ] GC(1028) Archive regions: 2->2
[2024-05-30T12:11:39.257+0000][5838.677s][info][gc,heap     ] GC(1028) Humongous regions: 5->5
[2024-05-30T12:11:39.257+0000][5838.677s][info][gc,metaspace] GC(1028) Metaspace: 414006K(420032K)->414006K(420032K) NonClass: 361996K(365376K)->361996K(365376K) Class: 52010K(54656K)->52010K(54656K)
[2024-05-30T12:11:39.257+0000][5838.677s][info][gc          ] GC(1028) Pause Young (Normal) (G1 Evacuation Pause) 9183M->1895M(12288M) 28.221ms
[2024-05-30T12:11:39.257+0000][5838.677s][info][gc,cpu      ] GC(1028) User=0.17s Sys=0.00s Real=0.03s
[2024-05-30T12:11:49.583+0000][5849.003s][info][gc,start    ] GC(1029) Pause Young (Normal) (G1 Evacuation Pause)
[2024-05-30T12:11:49.583+0000][5849.003s][info][gc,task     ] GC(1029) Using 6 workers of 6 for evacuation
[2024-05-30T12:11:49.618+0000][5849.038s][info][gc,phases   ] GC(1029)   Pre Evacuate Collection Set: 0.2ms
[2024-05-30T12:11:49.618+0000][5849.038s][info][gc,phases   ] GC(1029)   Merge Heap Roots: 0.2ms
[2024-05-30T12:11:49.618+0000][5849.038s][info][gc,phases   ] GC(1029)   Evacuate Collection Set: 32.6ms
[2024-05-30T12:11:49.618+0000][5849.038s][info][gc,phases   ] GC(1029)   Post Evacuate Collection Set: 1.8ms
[2024-05-30T12:11:49.618+0000][5849.038s][info][gc,phases   ] GC(1029)   Other: 0.2ms
[2024-05-30T12:11:49.618+0000][5849.038s][info][gc,heap     ] GC(1029) Eden regions: 911->0(907)
[2024-05-30T12:11:49.618+0000][5849.038s][info][gc,heap     ] GC(1029) Survivor regions: 10->14(116)
[2024-05-30T12:11:49.618+0000][5849.038s][info][gc,heap     ] GC(1029) Old regions: 222->222
[2024-05-30T12:11:49.618+0000][5849.038s][info][gc,heap     ] GC(1029) Archive regions: 2->2
[2024-05-30T12:11:49.618+0000][5849.038s][info][gc,heap     ] GC(1029) Humongous regions: 5->5
[2024-05-30T12:11:49.618+0000][5849.038s][info][gc,metaspace] GC(1029) Metaspace: 414007K(420032K)->414007K(420032K) NonClass: 361996K(365376K)->361996K(365376K) Class: 52010K(54656K)->52010K(54656K)
[2024-05-30T12:11:49.618+0000][5849.038s][info][gc          ] GC(1029) Pause Young (Normal) (G1 Evacuation Pause) 9183M->1928M(12288M) 35.065ms
[2024-05-30T12:11:49.619+0000][5849.038s][info][gc,cpu      ] GC(1029) User=0.21s Sys=0.00s Real=0.04s
[2024-05-30T12:11:59.582+0000][5859.001s][info][gc,start    ] GC(1030) Pause Young (Normal) (G1 Evacuation Pause)
[2024-05-30T12:11:59.582+0000][5859.001s][info][gc,task     ] GC(1030) Using 6 workers of 6 for evacuation
[2024-05-30T12:11:59.621+0000][5859.040s][info][gc,phases   ] GC(1030)   Pre Evacuate Collection Set: 0.2ms
[2024-05-30T12:11:59.621+0000][5859.040s][info][gc,phases   ] GC(1030)   Merge Heap Roots: 0.2ms
[2024-05-30T12:11:59.621+0000][5859.040s][info][gc,phases   ] GC(1030)   Evacuate Collection Set: 36.9ms
[2024-05-30T12:11:59.621+0000][5859.040s][info][gc,phases   ] GC(1030)   Post Evacuate Collection Set: 1.9ms
[2024-05-30T12:11:59.621+0000][5859.040s][info][gc,phases   ] GC(1030)   Other: 0.2ms
[2024-05-30T12:11:59.621+0000][5859.040s][info][gc,heap     ] GC(1030) Eden regions: 907->0(904)
[2024-05-30T12:11:59.621+0000][5859.040s][info][gc,heap     ] GC(1030) Survivor regions: 14->17(116)
[2024-05-30T12:11:59.621+0000][5859.040s][info][gc,heap     ] GC(1030) Old regions: 222->222
[2024-05-30T12:11:59.621+0000][5859.040s][info][gc,heap     ] GC(1030) Archive regions: 2->2
[2024-05-30T12:11:59.621+0000][5859.040s][info][gc,heap     ] GC(1030) Humongous regions: 5->5
[2024-05-30T12:11:59.621+0000][5859.040s][info][gc,metaspace] GC(1030) Metaspace: 414011K(420032K)->414011K(420032K) NonClass: 362000K(365376K)->362000K(365376K) Class: 52011K(54656K)->52011K(54656K)
[2024-05-30T12:11:59.621+0000][5859.040s][info][gc          ] GC(1030) Pause Young (Normal) (G1 Evacuation Pause) 9184M->1952M(12288M) 39.508ms
[2024-05-30T12:11:59.621+0000][5859.040s][info][gc,cpu      ] GC(1030) User=0.23s Sys=0.00s Real=0.04s
[2024-05-30T12:12:09.694+0000][5869.113s][info][gc,start    ] GC(1031) Pause Young (Normal) (G1 Evacuation Pause)
[2024-05-30T12:12:09.694+0000][5869.113s][info][gc,task     ] GC(1031) Using 6 workers of 6 for evacuation
[2024-05-30T12:12:09.745+0000][5869.164s][info][gc,phases   ] GC(1031)   Pre Evacuate Collection Set: 0.2ms
[2024-05-30T12:12:09.745+0000][5869.164s][info][gc,phases   ] GC(1031)   Merge Heap Roots: 0.3ms
[2024-05-30T12:12:09.745+0000][5869.164s][info][gc,phases   ] GC(1031)   Evacuate Collection Set: 48.5ms
[2024-05-30T12:12:09.745+0000][5869.164s][info][gc,phases   ] GC(1031)   Post Evacuate Collection Set: 2.1ms
[2024-05-30T12:12:09.745+0000][5869.164s][info][gc,phases   ] GC(1031)   Other: 0.2ms
[2024-05-30T12:12:09.745+0000][5869.164s][info][gc,heap     ] GC(1031) Eden regions: 904->0(901)
[2024-05-30T12:12:09.745+0000][5869.164s][info][gc,heap     ] GC(1031) Survivor regions: 17->20(116)
[2024-05-30T12:12:09.745+0000][5869.164s][info][gc,heap     ] GC(1031) Old regions: 222->222
[2024-05-30T12:12:09.745+0000][5869.164s][info][gc,heap     ] GC(1031) Archive regions: 2->2
[2024-05-30T12:12:09.745+0000][5869.164s][info][gc,heap     ] GC(1031) Humongous regions: 5->5
[2024-05-30T12:12:09.745+0000][5869.164s][info][gc,metaspace] GC(1031) Metaspace: 414013K(420032K)->414013K(420032K) NonClass: 362002K(365376K)->362002K(365376K) Class: 52011K(54656K)->52011K(54656K)
[2024-05-30T12:12:09.745+0000][5869.165s][info][gc          ] GC(1031) Pause Young (Normal) (G1 Evacuation Pause) 9184M->1974M(12288M) 51.330ms
[2024-05-30T12:12:09.745+0000][5869.165s][info][gc,cpu      ] GC(1031) User=0.31s Sys=0.00s Real=0.05s
[2024-05-30T12:12:19.192+0000][5878.611s][info][gc,start    ] GC(1032) Pause Young (Normal) (G1 Evacuation Pause)
[2024-05-30T12:12:19.192+0000][5878.611s][info][gc,task     ] GC(1032) Using 6 workers of 6 for evacuation
[2024-05-30T12:12:19.238+0000][5878.657s][info][gc,phases   ] GC(1032)   Pre Evacuate Collection Set: 0.2ms
[2024-05-30T12:12:19.238+0000][5878.657s][info][gc,phases   ] GC(1032)   Merge Heap Roots: 0.3ms
[2024-05-30T12:12:19.238+0000][5878.657s][info][gc,phases   ] GC(1032)   Evacuate Collection Set: 43.6ms
[2024-05-30T12:12:19.238+0000][5878.657s][info][gc,phases   ] GC(1032)   Post Evacuate Collection Set: 2.1ms
[2024-05-30T12:12:19.238+0000][5878.657s][info][gc,phases   ] GC(1032)   Other: 0.2ms
[2024-05-30T12:12:19.238+0000][5878.657s][info][gc,heap     ] GC(1032) Eden regions: 901->0(904)
[2024-05-30T12:12:19.238+0000][5878.657s][info][gc,heap     ] GC(1032) Survivor regions: 20->17(116)
[2024-05-30T12:12:19.238+0000][5878.657s][info][gc,heap     ] GC(1032) Old regions: 222->222
[2024-05-30T12:12:19.238+0000][5878.657s][info][gc,heap     ] GC(1032) Archive regions: 2->2
[2024-05-30T12:12:19.238+0000][5878.657s][info][gc,heap     ] GC(1032) Humongous regions: 5->5
[2024-05-30T12:12:19.238+0000][5878.657s][info][gc,metaspace] GC(1032) Metaspace: 414013K(420032K)->414013K(420032K) NonClass: 362002K(365376K)->362002K(365376K) Class: 52011K(54656K)->52011K(54656K)
[2024-05-30T12:12:19.238+0000][5878.657s][info][gc          ] GC(1032) Pause Young (Normal) (G1 Evacuation Pause) 9182M->1953M(12288M) 46.385ms
[2024-05-30T12:12:19.238+0000][5878.657s][info][gc,cpu      ] GC(1032) User=0.27s Sys=0.00s Real=0.05s
[2024-05-30T12:12:29.383+0000][5888.802s][info][gc,start    ] GC(1033) Pause Young (Normal) (G1 Evacuation Pause)
[2024-05-30T12:12:29.383+0000][5888.802s][info][gc,task     ] GC(1033) Using 6 workers of 6 for evacuation
[2024-05-30T12:12:29.427+0000][5888.847s][info][gc,phases   ] GC(1033)   Pre Evacuate Collection Set: 0.2ms
[2024-05-30T12:12:29.427+0000][5888.847s][info][gc,phases   ] GC(1033)   Merge Heap Roots: 0.3ms
[2024-05-30T12:12:29.427+0000][5888.847s][info][gc,phases   ] GC(1033)   Evacuate Collection Set: 42.2ms
[2024-05-30T12:12:29.427+0000][5888.847s][info][gc,phases   ] GC(1033)   Post Evacuate Collection Set: 1.9ms
[2024-05-30T12:12:29.427+0000][5888.847s][info][gc,phases   ] GC(1033)   Other: 0.2ms
[2024-05-30T12:12:29.427+0000][5888.847s][info][gc,heap     ] GC(1033) Eden regions: 904->0(902)
[2024-05-30T12:12:29.427+0000][5888.847s][info][gc,heap     ] GC(1033) Survivor regions: 17->19(116)
[2024-05-30T12:12:29.428+0000][5888.847s][info][gc,heap     ] GC(1033) Old regions: 222->222
[2024-05-30T12:12:29.428+0000][5888.847s][info][gc,heap     ] GC(1033) Archive regions: 2->2
[2024-05-30T12:12:29.428+0000][5888.847s][info][gc,heap     ] GC(1033) Humongous regions: 5->5
[2024-05-30T12:12:29.428+0000][5888.847s][info][gc,metaspace] GC(1033) Metaspace: 414013K(420032K)->414013K(420032K) NonClass: 362002K(365376K)->362002K(365376K) Class: 52011K(54656K)->52011K(54656K)
[2024-05-30T12:12:29.428+0000][5888.847s][info][gc          ] GC(1033) Pause Young (Normal) (G1 Evacuation Pause) 9185M->1965M(12288M) 44.773ms
[2024-05-30T12:12:29.428+0000][5888.847s][info][gc,cpu      ] GC(1033) User=0.27s Sys=0.00s Real=0.04s
[2024-05-30T12:12:39.437+0000][5898.857s][info][gc,start    ] GC(1034) Pause Young (Normal) (G1 Evacuation Pause)
[2024-05-30T12:12:39.437+0000][5898.857s][info][gc,task     ] GC(1034) Using 6 workers of 6 for evacuation
[2024-05-30T12:12:39.486+0000][5898.905s][info][gc,phases   ] GC(1034)   Pre Evacuate Collection Set: 0.2ms
[2024-05-30T12:12:39.486+0000][5898.905s][info][gc,phases   ] GC(1034)   Merge Heap Roots: 0.2ms
[2024-05-30T12:12:39.486+0000][5898.905s][info][gc,phases   ] GC(1034)   Evacuate Collection Set: 46.0ms
[2024-05-30T12:12:39.486+0000][5898.905s][info][gc,phases   ] GC(1034)   Post Evacuate Collection Set: 1.8ms
[2024-05-30T12:12:39.486+0000][5898.905s][info][gc,phases   ] GC(1034)   Other: 0.2ms
[2024-05-30T12:12:39.486+0000][5898.905s][info][gc,heap     ] GC(1034) Eden regions: 902->0(900)
[2024-05-30T12:12:39.486+0000][5898.905s][info][gc,heap     ] GC(1034) Survivor regions: 19->21(116)
[2024-05-30T12:12:39.486+0000][5898.905s][info][gc,heap     ] GC(1034) Old regions: 222->222
[2024-05-30T12:12:39.486+0000][5898.905s][info][gc,heap     ] GC(1034) Archive regions: 2->2
[2024-05-30T12:12:39.486+0000][5898.905s][info][gc,heap     ] GC(1034) Humongous regions: 5->5
[2024-05-30T12:12:39.486+0000][5898.905s][info][gc,metaspace] GC(1034) Metaspace: 414013K(420032K)->414013K(420032K) NonClass: 362002K(365376K)->362002K(365376K) Class: 52011K(54656K)->52011K(54656K)
[2024-05-30T12:12:39.486+0000][5898.905s][info][gc          ] GC(1034) Pause Young (Normal) (G1 Evacuation Pause) 9181M->1981M(12288M) 48.571ms
[2024-05-30T12:12:39.486+0000][5898.905s][info][gc,cpu      ] GC(1034) User=0.29s Sys=0.00s Real=0.04s
[2024-05-30T12:12:49.341+0000][5908.761s][info][gc,start    ] GC(1035) Pause Young (Normal) (G1 Evacuation Pause)
[2024-05-30T12:12:49.341+0000][5908.761s][info][gc,task     ] GC(1035) Using 6 workers of 6 for evacuation
[2024-05-30T12:12:49.393+0000][5908.813s][info][gc,phases   ] GC(1035)   Pre Evacuate Collection Set: 0.2ms
[2024-05-30T12:12:49.393+0000][5908.813s][info][gc,phases   ] GC(1035)   Merge Heap Roots: 0.3ms
[2024-05-30T12:12:49.393+0000][5908.813s][info][gc,phases   ] GC(1035)   Evacuate Collection Set: 49.3ms
[2024-05-30T12:12:49.393+0000][5908.813s][info][gc,phases   ] GC(1035)   Post Evacuate Collection Set: 1.9ms
[2024-05-30T12:12:49.393+0000][5908.813s][info][gc,phases   ] GC(1035)   Other: 0.2ms
[2024-05-30T12:12:49.393+0000][5908.813s][info][gc,heap     ] GC(1035) Eden regions: 900->0(901)
[2024-05-30T12:12:49.393+0000][5908.813s][info][gc,heap     ] GC(1035) Survivor regions: 21->20(116)
[2024-05-30T12:12:49.393+0000][5908.813s][info][gc,heap     ] GC(1035) Old regions: 222->222
[2024-05-30T12:12:49.393+0000][5908.813s][info][gc,heap     ] GC(1035) Archive regions: 2->2
[2024-05-30T12:12:49.393+0000][5908.813s][info][gc,heap     ] GC(1035) Humongous regions: 5->5
[2024-05-30T12:12:49.393+0000][5908.813s][info][gc,metaspace] GC(1035) Metaspace: 414013K(420032K)->414013K(420032K) NonClass: 362002K(365376K)->362002K(365376K) Class: 52011K(54656K)->52011K(54656K)
[2024-05-30T12:12:49.393+0000][5908.813s][info][gc          ] GC(1035) Pause Young (Normal) (G1 Evacuation Pause) 9181M->1977M(12288M) 51.959ms
[2024-05-30T12:12:49.393+0000][5908.813s][info][gc,cpu      ] GC(1035) User=0.30s Sys=0.00s Real=0.05s
[2024-05-30T12:12:59.117+0000][5918.536s][info][gc,start    ] GC(1036) Pause Young (Normal) (G1 Evacuation Pause)
[2024-05-30T12:12:59.117+0000][5918.536s][info][gc,task     ] GC(1036) Using 6 workers of 6 for evacuation
[2024-05-30T12:12:59.167+0000][5918.586s][info][gc,phases   ] GC(1036)   Pre Evacuate Collection Set: 0.2ms
[2024-05-30T12:12:59.167+0000][5918.586s][info][gc,phases   ] GC(1036)   Merge Heap Roots: 0.2ms
[2024-05-30T12:12:59.167+0000][5918.586s][info][gc,phases   ] GC(1036)   Evacuate Collection Set: 47.7ms
[2024-05-30T12:12:59.167+0000][5918.586s][info][gc,phases   ] GC(1036)   Post Evacuate Collection Set: 1.9ms
[2024-05-30T12:12:59.167+0000][5918.586s][info][gc,phases   ] GC(1036)   Other: 0.2ms
[2024-05-30T12:12:59.167+0000][5918.586s][info][gc,heap     ] GC(1036) Eden regions: 901->0(900)
[2024-05-30T12:12:59.167+0000][5918.586s][info][gc,heap     ] GC(1036) Survivor regions: 20->21(116)
[2024-05-30T12:12:59.167+0000][5918.586s][info][gc,heap     ] GC(1036) Old regions: 222->222
[2024-05-30T12:12:59.167+0000][5918.586s][info][gc,heap     ] GC(1036) Archive regions: 2->2
[2024-05-30T12:12:59.167+0000][5918.586s][info][gc,heap     ] GC(1036) Humongous regions: 5->5
[2024-05-30T12:12:59.167+0000][5918.586s][info][gc,metaspace] GC(1036) Metaspace: 414013K(420032K)->414013K(420032K) NonClass: 362002K(365376K)->362002K(365376K) Class: 52011K(54656K)->52011K(54656K)
[2024-05-30T12:12:59.167+0000][5918.586s][info][gc          ] GC(1036) Pause Young (Normal) (G1 Evacuation Pause) 9185M->1985M(12288M) 50.299ms
[2024-05-30T12:12:59.167+0000][5918.586s][info][gc,cpu      ] GC(1036) User=0.29s Sys=0.00s Real=0.04s
[2024-05-30T12:13:09.157+0000][5928.577s][info][gc,start    ] GC(1037) Pause Young (Normal) (G1 Evacuation Pause)
[2024-05-30T12:13:09.157+0000][5928.577s][info][gc,task     ] GC(1037) Using 6 workers of 6 for evacuation
[2024-05-30T12:13:09.215+0000][5928.634s][info][gc,phases   ] GC(1037)   Pre Evacuate Collection Set: 0.2ms
[2024-05-30T12:13:09.215+0000][5928.634s][info][gc,phases   ] GC(1037)   Merge Heap Roots: 0.3ms
[2024-05-30T12:13:09.215+0000][5928.634s][info][gc,phases   ] GC(1037)   Evacuate Collection Set: 54.9ms
[2024-05-30T12:13:09.215+0000][5928.634s][info][gc,phases   ] GC(1037)   Post Evacuate Collection Set: 2.1ms
[2024-05-30T12:13:09.215+0000][5928.634s][info][gc,phases   ] GC(1037)   Other: 0.2ms
[2024-05-30T12:13:09.215+0000][5928.634s][info][gc,heap     ] GC(1037) Eden regions: 900->0(897)
[2024-05-30T12:13:09.215+0000][5928.634s][info][gc,heap     ] GC(1037) Survivor regions: 21->24(116)
[2024-05-30T12:13:09.215+0000][5928.634s][info][gc,heap     ] GC(1037) Old regions: 222->222
[2024-05-30T12:13:09.215+0000][5928.634s][info][gc,heap     ] GC(1037) Archive regions: 2->2
[2024-05-30T12:13:09.215+0000][5928.634s][info][gc,heap     ] GC(1037) Humongous regions: 5->5
[2024-05-30T12:13:09.215+0000][5928.634s][info][gc,metaspace] GC(1037) Metaspace: 414013K(420032K)->414013K(420032K) NonClass: 362002K(365376K)->362002K(365376K) Class: 52011K(54656K)->52011K(54656K)
[2024-05-30T12:13:09.215+0000][5928.634s][info][gc          ] GC(1037) Pause Young (Normal) (G1 Evacuation Pause) 9185M->2005M(12288M) 57.696ms
[2024-05-30T12:13:09.215+0000][5928.634s][info][gc,cpu      ] GC(1037) User=0.35s Sys=0.00s Real=0.05s
[2024-05-30T12:13:19.048+0000][5938.468s][info][gc,start    ] GC(1038) Pause Young (Normal) (G1 Evacuation Pause)
[2024-05-30T12:13:19.048+0000][5938.468s][info][gc,task     ] GC(1038) Using 6 workers of 6 for evacuation
[2024-05-30T12:13:19.105+0000][5938.524s][info][gc,phases   ] GC(1038)   Pre Evacuate Collection Set: 0.2ms
[2024-05-30T12:13:19.105+0000][5938.524s][info][gc,phases   ] GC(1038)   Merge Heap Roots: 0.2ms
[2024-05-30T12:13:19.105+0000][5938.524s][info][gc,phases   ] GC(1038)   Evacuate Collection Set: 54.4ms
[2024-05-30T12:13:19.105+0000][5938.524s][info][gc,phases   ] GC(1038)   Post Evacuate Collection Set: 1.8ms
[2024-05-30T12:13:19.105+0000][5938.524s][info][gc,phases   ] GC(1038)   Other: 0.2ms
[2024-05-30T12:13:19.105+0000][5938.524s][info][gc,heap     ] GC(1038) Eden regions: 897->0(897)
[2024-05-30T12:13:19.105+0000][5938.524s][info][gc,heap     ] GC(1038) Survivor regions: 24->24(116)
[2024-05-30T12:13:19.105+0000][5938.524s][info][gc,heap     ] GC(1038) Old regions: 222->222
[2024-05-30T12:13:19.105+0000][5938.524s][info][gc,heap     ] GC(1038) Archive regions: 2->2
[2024-05-30T12:13:19.105+0000][5938.524s][info][gc,heap     ] GC(1038) Humongous regions: 5->5
[2024-05-30T12:13:19.105+0000][5938.524s][info][gc,metaspace] GC(1038) Metaspace: 414013K(420032K)->414013K(420032K) NonClass: 362002K(365376K)->362002K(365376K) Class: 52011K(54656K)->52011K(54656K)
[2024-05-30T12:13:19.105+0000][5938.524s][info][gc          ] GC(1038) Pause Young (Normal) (G1 Evacuation Pause) 9181M->2007M(12288M) 56.959ms
[2024-05-30T12:13:19.105+0000][5938.525s][info][gc,cpu      ] GC(1038) User=0.34s Sys=0.00s Real=0.06s
[2024-05-30T12:13:21.769+0000][5941.188s][info][gc,start    ] GC(1039) Pause Young (Normal) (G1 Evacuation Pause)
[2024-05-30T12:13:21.769+0000][5941.188s][info][gc,task     ] GC(1039) Using 6 workers of 6 for evacuation
[2024-05-30T12:13:21.887+0000][5941.306s][info][gc,phases   ] GC(1039)   Pre Evacuate Collection Set: 0.2ms
[2024-05-30T12:13:21.887+0000][5941.306s][info][gc,phases   ] GC(1039)   Merge Heap Roots: 0.2ms
[2024-05-30T12:13:21.887+0000][5941.306s][info][gc,phases   ] GC(1039)   Evacuate Collection Set: 97.0ms
[2024-05-30T12:13:21.887+0000][5941.306s][info][gc,phases   ] GC(1039)   Post Evacuate Collection Set: 20.8ms
[2024-05-30T12:13:21.887+0000][5941.306s][info][gc,phases   ] GC(1039)   Other: 0.2ms
[2024-05-30T12:13:21.887+0000][5941.306s][info][gc,heap     ] GC(1039) Eden regions: 897->0(891)
[2024-05-30T12:13:21.887+0000][5941.306s][info][gc,heap     ] GC(1039) Survivor regions: 24->30(116)
[2024-05-30T12:13:21.887+0000][5941.306s][info][gc,heap     ] GC(1039) Old regions: 222->222
[2024-05-30T12:13:21.887+0000][5941.306s][info][gc,heap     ] GC(1039) Archive regions: 2->2
[2024-05-30T12:13:21.887+0000][5941.306s][info][gc,heap     ] GC(1039) Humongous regions: 5->5
[2024-05-30T12:13:21.887+0000][5941.306s][info][gc,metaspace] GC(1039) Metaspace: 414015K(420032K)->414015K(420032K) NonClass: 362003K(365376K)->362003K(365376K) Class: 52011K(54656K)->52011K(54656K)
[2024-05-30T12:13:21.887+0000][5941.306s][info][gc          ] GC(1039) Pause Young (Normal) (G1 Evacuation Pause) 9183M->2053M(12288M) 118.498ms
[2024-05-30T12:13:21.887+0000][5941.306s][info][gc,cpu      ] GC(1039) User=0.69s Sys=0.00s Real=0.11s
[2024-05-30T12:13:24.571+0000][5943.990s][info][gc,start    ] GC(1040) Pause Young (Normal) (G1 Evacuation Pause)
[2024-05-30T12:13:24.571+0000][5943.990s][info][gc,task     ] GC(1040) Using 6 workers of 6 for evacuation
[2024-05-30T12:13:24.707+0000][5944.126s][info][gc,phases   ] GC(1040)   Pre Evacuate Collection Set: 0.2ms
[2024-05-30T12:13:24.707+0000][5944.126s][info][gc,phases   ] GC(1040)   Merge Heap Roots: 0.2ms
[2024-05-30T12:13:24.707+0000][5944.126s][info][gc,phases   ] GC(1040)   Evacuate Collection Set: 114.9ms
[2024-05-30T12:13:24.707+0000][5944.126s][info][gc,phases   ] GC(1040)   Post Evacuate Collection Set: 20.0ms
[2024-05-30T12:13:24.707+0000][5944.126s][info][gc,phases   ] GC(1040)   Other: 0.3ms
[2024-05-30T12:13:24.707+0000][5944.126s][info][gc,heap     ] GC(1040) Eden regions: 891->0(890)
[2024-05-30T12:13:24.707+0000][5944.126s][info][gc,heap     ] GC(1040) Survivor regions: 30->31(116)
[2024-05-30T12:13:24.707+0000][5944.126s][info][gc,heap     ] GC(1040) Old regions: 222->223
[2024-05-30T12:13:24.707+0000][5944.126s][info][gc,heap     ] GC(1040) Archive regions: 2->2
[2024-05-30T12:13:24.707+0000][5944.126s][info][gc,heap     ] GC(1040) Humongous regions: 5->5
[2024-05-30T12:13:24.707+0000][5944.126s][info][gc,metaspace] GC(1040) Metaspace: 414015K(420032K)->414015K(420032K) NonClass: 362003K(365376K)->362003K(365376K) Class: 52011K(54656K)->52011K(54656K)
[2024-05-30T12:13:24.707+0000][5944.126s][info][gc          ] GC(1040) Pause Young (Normal) (G1 Evacuation Pause) 9181M->2071M(12288M) 135.592ms
[2024-05-30T12:13:24.707+0000][5944.126s][info][gc,cpu      ] GC(1040) User=0.80s Sys=0.00s Real=0.13s
[2024-05-30T12:13:27.544+0000][5946.963s][info][gc,start    ] GC(1041) Pause Young (Concurrent Start) (G1 Evacuation Pause)
[2024-05-30T12:13:27.544+0000][5946.963s][info][gc,task     ] GC(1041) Using 6 workers of 6 for evacuation
[2024-05-30T12:13:27.690+0000][5947.109s][info][gc,phases   ] GC(1041)   Pre Evacuate Collection Set: 0.6ms
[2024-05-30T12:13:27.690+0000][5947.109s][info][gc,phases   ] GC(1041)   Merge Heap Roots: 0.3ms
[2024-05-30T12:13:27.690+0000][5947.109s][info][gc,phases   ] GC(1041)   Evacuate Collection Set: 120.7ms
[2024-05-30T12:13:27.690+0000][5947.109s][info][gc,phases   ] GC(1041)   Post Evacuate Collection Set: 24.2ms
[2024-05-30T12:13:27.690+0000][5947.109s][info][gc,phases   ] GC(1041)   Other: 0.3ms
[2024-05-30T12:13:27.690+0000][5947.109s][info][gc,heap     ] GC(1041) Eden regions: 890->0(888)
[2024-05-30T12:13:27.690+0000][5947.109s][info][gc,heap     ] GC(1041) Survivor regions: 31->33(116)
[2024-05-30T12:13:27.690+0000][5947.109s][info][gc,heap     ] GC(1041) Old regions: 223->224
[2024-05-30T12:13:27.690+0000][5947.109s][info][gc,heap     ] GC(1041) Archive regions: 2->2
[2024-05-30T12:13:27.690+0000][5947.109s][info][gc,heap     ] GC(1041) Humongous regions: 5->5
[2024-05-30T12:13:27.690+0000][5947.109s][info][gc,metaspace] GC(1041) Metaspace: 414015K(420032K)->414015K(420032K) NonClass: 362003K(365376K)->362003K(365376K) Class: 52011K(54656K)->52011K(54656K)
[2024-05-30T12:13:27.690+0000][5947.109s][info][gc          ] GC(1041) Pause Young (Concurrent Start) (G1 Evacuation Pause) 9191M->2093M(12288M) 146.217ms
[2024-05-30T12:13:27.690+0000][5947.109s][info][gc,cpu      ] GC(1041) User=0.85s Sys=0.00s Real=0.15s
[2024-05-30T12:13:27.690+0000][5947.109s][info][gc          ] GC(1042) Concurrent Mark Cycle
[2024-05-30T12:13:27.690+0000][5947.109s][info][gc,marking  ] GC(1042) Concurrent Clear Claimed Marks
[2024-05-30T12:13:27.690+0000][5947.110s][info][gc,marking  ] GC(1042) Concurrent Clear Claimed Marks 0.420ms
[2024-05-30T12:13:27.690+0000][5947.110s][info][gc,marking  ] GC(1042) Concurrent Scan Root Regions
[2024-05-30T12:13:27.785+0000][5947.205s][info][gc,marking  ] GC(1042) Concurrent Scan Root Regions 94.853ms
[2024-05-30T12:13:27.785+0000][5947.205s][info][gc,marking  ] GC(1042) Concurrent Mark
[2024-05-30T12:13:27.785+0000][5947.205s][info][gc,marking  ] GC(1042) Concurrent Mark From Roots
[2024-05-30T12:13:27.785+0000][5947.205s][info][gc,task     ] GC(1042) Using 2 workers of 2 for marking
[2024-05-30T12:13:29.010+0000][5948.430s][info][gc,marking  ] GC(1042) Concurrent Mark From Roots 1225.089ms
[2024-05-30T12:13:29.010+0000][5948.430s][info][gc,marking  ] GC(1042) Concurrent Preclean
[2024-05-30T12:13:29.011+0000][5948.431s][info][gc,marking  ] GC(1042) Concurrent Preclean 0.850ms
[2024-05-30T12:13:29.011+0000][5948.431s][info][gc,start    ] GC(1042) Pause Remark
[2024-05-30T12:13:29.032+0000][5948.452s][info][gc          ] GC(1042) Pause Remark 4549M->4549M(12288M) 20.990ms
[2024-05-30T12:13:29.033+0000][5948.452s][info][gc,cpu      ] GC(1042) User=0.09s Sys=0.00s Real=0.02s
[2024-05-30T12:13:29.033+0000][5948.452s][info][gc,marking  ] GC(1042) Concurrent Mark 1247.270ms
[2024-05-30T12:13:29.033+0000][5948.452s][info][gc,marking  ] GC(1042) Concurrent Rebuild Remembered Sets
[2024-05-30T12:13:29.813+0000][5949.232s][info][gc,marking  ] GC(1042) Concurrent Rebuild Remembered Sets 780.502ms
[2024-05-30T12:13:29.813+0000][5949.233s][info][gc,start    ] GC(1042) Pause Cleanup
[2024-05-30T12:13:29.814+0000][5949.233s][info][gc          ] GC(1042) Pause Cleanup 6057M->6057M(12288M) 0.519ms
[2024-05-30T12:13:29.814+0000][5949.233s][info][gc,cpu      ] GC(1042) User=0.00s Sys=0.00s Real=0.00s
[2024-05-30T12:13:29.814+0000][5949.233s][info][gc,marking  ] GC(1042) Concurrent Cleanup for Next Mark
[2024-05-30T12:13:29.831+0000][5949.251s][info][gc,marking  ] GC(1042) Concurrent Cleanup for Next Mark 17.495ms
[2024-05-30T12:13:29.832+0000][5949.251s][info][gc          ] GC(1042) Concurrent Mark Cycle 2141.527ms
[2024-05-30T12:13:30.984+0000][5950.403s][info][gc,start    ] GC(1043) Pause Young (Prepare Mixed) (G1 Evacuation Pause)
[2024-05-30T12:13:30.984+0000][5950.403s][info][gc,task     ] GC(1043) Using 6 workers of 6 for evacuation
[2024-05-30T12:13:31.152+0000][5950.572s][info][gc,phases   ] GC(1043)   Pre Evacuate Collection Set: 0.2ms
[2024-05-30T12:13:31.152+0000][5950.572s][info][gc,phases   ] GC(1043)   Merge Heap Roots: 0.9ms
[2024-05-30T12:13:31.152+0000][5950.572s][info][gc,phases   ] GC(1043)   Evacuate Collection Set: 143.9ms
[2024-05-30T12:13:31.152+0000][5950.572s][info][gc,phases   ] GC(1043)   Post Evacuate Collection Set: 23.2ms
[2024-05-30T12:13:31.152+0000][5950.572s][info][gc,phases   ] GC(1043)   Other: 0.2ms
[2024-05-30T12:13:31.152+0000][5950.572s][info][gc,heap     ] GC(1043) Eden regions: 888->0(41)
[2024-05-30T12:13:31.152+0000][5950.572s][info][gc,heap     ] GC(1043) Survivor regions: 33->35(116)
[2024-05-30T12:13:31.152+0000][5950.572s][info][gc,heap     ] GC(1043) Old regions: 224->224
[2024-05-30T12:13:31.152+0000][5950.572s][info][gc,heap     ] GC(1043) Archive regions: 2->2
[2024-05-30T12:13:31.152+0000][5950.572s][info][gc,heap     ] GC(1043) Humongous regions: 5->5
[2024-05-30T12:13:31.152+0000][5950.572s][info][gc,metaspace] GC(1043) Metaspace: 414031K(420096K)->414031K(420096K) NonClass: 362020K(365440K)->362020K(365440K) Class: 52011K(54656K)->52011K(54656K)
[2024-05-30T12:13:31.152+0000][5950.572s][info][gc          ] GC(1043) Pause Young (Prepare Mixed) (G1 Evacuation Pause) 9197M->2112M(12288M) 168.478ms
[2024-05-30T12:13:31.153+0000][5950.572s][info][gc,cpu      ] GC(1043) User=0.99s Sys=0.00s Real=0.17s
[2024-05-30T12:13:31.339+0000][5950.759s][info][gc,start    ] GC(1044) Pause Young (Mixed) (G1 Evacuation Pause)
[2024-05-30T12:13:31.339+0000][5950.759s][info][gc,task     ] GC(1044) Using 6 workers of 6 for evacuation
[2024-05-30T12:13:31.439+0000][5950.858s][info][gc,phases   ] GC(1044)   Pre Evacuate Collection Set: 0.2ms
[2024-05-30T12:13:31.439+0000][5950.858s][info][gc,phases   ] GC(1044)   Merge Heap Roots: 0.2ms
[2024-05-30T12:13:31.439+0000][5950.858s][info][gc,phases   ] GC(1044)   Evacuate Collection Set: 96.7ms
[2024-05-30T12:13:31.439+0000][5950.858s][info][gc,phases   ] GC(1044)   Post Evacuate Collection Set: 2.2ms
[2024-05-30T12:13:31.439+0000][5950.858s][info][gc,phases   ] GC(1044)   Other: 0.2ms
[2024-05-30T12:13:31.439+0000][5950.858s][info][gc,heap     ] GC(1044) Eden regions: 41->0(918)
[2024-05-30T12:13:31.439+0000][5950.858s][info][gc,heap     ] GC(1044) Survivor regions: 35->3(10)
[2024-05-30T12:13:31.439+0000][5950.858s][info][gc,heap     ] GC(1044) Old regions: 224->242
[2024-05-30T12:13:31.439+0000][5950.858s][info][gc,heap     ] GC(1044) Archive regions: 2->2
[2024-05-30T12:13:31.439+0000][5950.858s][info][gc,heap     ] GC(1044) Humongous regions: 5->5
[2024-05-30T12:13:31.439+0000][5950.858s][info][gc,metaspace] GC(1044) Metaspace: 414031K(420096K)->414031K(420096K) NonClass: 362020K(365440K)->362020K(365440K) Class: 52011K(54656K)->52011K(54656K)
[2024-05-30T12:13:31.439+0000][5950.858s][info][gc          ] GC(1044) Pause Young (Mixed) (G1 Evacuation Pause) 2440M->1997M(12288M) 99.513ms
[2024-05-30T12:13:31.439+0000][5950.858s][info][gc,cpu      ] GC(1044) User=0.59s Sys=0.00s Real=0.10s
[2024-05-30T12:13:34.352+0000][5953.771s][info][gc,start    ] GC(1045) Pause Young (Normal) (G1 Evacuation Pause)
[2024-05-30T12:13:34.352+0000][5953.771s][info][gc,task     ] GC(1045) Using 6 workers of 6 for evacuation
[2024-05-30T12:13:34.441+0000][5953.861s][info][gc,phases   ] GC(1045)   Pre Evacuate Collection Set: 0.2ms
[2024-05-30T12:13:34.441+0000][5953.861s][info][gc,phases   ] GC(1045)   Merge Heap Roots: 0.4ms
[2024-05-30T12:13:34.441+0000][5953.861s][info][gc,phases   ] GC(1045)   Evacuate Collection Set: 67.8ms
[2024-05-30T12:13:34.441+0000][5953.861s][info][gc,phases   ] GC(1045)   Post Evacuate Collection Set: 21.3ms
[2024-05-30T12:13:34.441+0000][5953.861s][info][gc,phases   ] GC(1045)   Other: 0.2ms
[2024-05-30T12:13:34.441+0000][5953.861s][info][gc,heap     ] GC(1045) Eden regions: 918->0(914)
[2024-05-30T12:13:34.441+0000][5953.861s][info][gc,heap     ] GC(1045) Survivor regions: 3->7(116)
[2024-05-30T12:13:34.441+0000][5953.861s][info][gc,heap     ] GC(1045) Old regions: 242->242
[2024-05-30T12:13:34.441+0000][5953.861s][info][gc,heap     ] GC(1045) Archive regions: 2->2
[2024-05-30T12:13:34.441+0000][5953.861s][info][gc,heap     ] GC(1045) Humongous regions: 5->5
[2024-05-30T12:13:34.441+0000][5953.861s][info][gc,metaspace] GC(1045) Metaspace: 414032K(420096K)->414032K(420096K) NonClass: 362021K(365440K)->362021K(365440K) Class: 52011K(54656K)->52011K(54656K)
[2024-05-30T12:13:34.442+0000][5953.861s][info][gc          ] GC(1045) Pause Young (Normal) (G1 Evacuation Pause) 9341M->2028M(12288M) 89.895ms
[2024-05-30T12:13:34.442+0000][5953.861s][info][gc,cpu      ] GC(1045) User=0.52s Sys=0.01s Real=0.09s
[2024-05-30T12:13:37.044+0000][5956.463s][info][gc,start    ] GC(1046) Pause Young (Normal) (G1 Evacuation Pause)
[2024-05-30T12:13:37.044+0000][5956.463s][info][gc,task     ] GC(1046) Using 6 workers of 6 for evacuation
[2024-05-30T12:13:37.140+0000][5956.559s][info][gc,phases   ] GC(1046)   Pre Evacuate Collection Set: 0.2ms
[2024-05-30T12:13:37.140+0000][5956.560s][info][gc,phases   ] GC(1046)   Merge Heap Roots: 0.3ms
[2024-05-30T12:13:37.140+0000][5956.560s][info][gc,phases   ] GC(1046)   Evacuate Collection Set: 72.9ms
[2024-05-30T12:13:37.140+0000][5956.560s][info][gc,phases   ] GC(1046)   Post Evacuate Collection Set: 22.8ms
[2024-05-30T12:13:37.140+0000][5956.560s][info][gc,phases   ] GC(1046)   Other: 0.2ms
[2024-05-30T12:13:37.140+0000][5956.560s][info][gc,heap     ] GC(1046) Eden regions: 914->0(909)
[2024-05-30T12:13:37.140+0000][5956.560s][info][gc,heap     ] GC(1046) Survivor regions: 7->12(116)
[2024-05-30T12:13:37.140+0000][5956.560s][info][gc,heap     ] GC(1046) Old regions: 242->242
[2024-05-30T12:13:37.140+0000][5956.560s][info][gc,heap     ] GC(1046) Archive regions: 2->2
[2024-05-30T12:13:37.140+0000][5956.560s][info][gc,heap     ] GC(1046) Humongous regions: 5->5
[2024-05-30T12:13:37.140+0000][5956.560s][info][gc,metaspace] GC(1046) Metaspace: 414032K(420096K)->414032K(420096K) NonClass: 362021K(365440K)->362021K(365440K) Class: 52011K(54656K)->52011K(54656K)
[2024-05-30T12:13:37.140+0000][5956.560s][info][gc          ] GC(1046) Pause Young (Normal) (G1 Evacuation Pause) 9340M->2063M(12288M) 96.494ms
[2024-05-30T12:13:37.140+0000][5956.560s][info][gc,cpu      ] GC(1046) User=0.55s Sys=0.00s Real=0.10s
[2024-05-30T12:13:39.944+0000][5959.364s][info][gc,start    ] GC(1047) Pause Young (Concurrent Start) (G1 Evacuation Pause)
[2024-05-30T12:13:39.944+0000][5959.364s][info][gc,task     ] GC(1047) Using 6 workers of 6 for evacuation
[2024-05-30T12:13:40.085+0000][5959.504s][info][gc,phases   ] GC(1047)   Pre Evacuate Collection Set: 0.6ms
[2024-05-30T12:13:40.085+0000][5959.504s][info][gc,phases   ] GC(1047)   Merge Heap Roots: 0.4ms
[2024-05-30T12:13:40.085+0000][5959.504s][info][gc,phases   ] GC(1047)   Evacuate Collection Set: 109.6ms
[2024-05-30T12:13:40.085+0000][5959.504s][info][gc,phases   ] GC(1047)   Post Evacuate Collection Set: 29.8ms
[2024-05-30T12:13:40.085+0000][5959.504s][info][gc,phases   ] GC(1047)   Other: 0.3ms
[2024-05-30T12:13:40.085+0000][5959.504s][info][gc,heap     ] GC(1047) Eden regions: 909->0(903)
[2024-05-30T12:13:40.085+0000][5959.504s][info][gc,heap     ] GC(1047) Survivor regions: 12->18(116)
[2024-05-30T12:13:40.085+0000][5959.504s][info][gc,heap     ] GC(1047) Old regions: 242->242
[2024-05-30T12:13:40.085+0000][5959.504s][info][gc,heap     ] GC(1047) Archive regions: 2->2
[2024-05-30T12:13:40.085+0000][5959.504s][info][gc,heap     ] GC(1047) Humongous regions: 5->5
[2024-05-30T12:13:40.085+0000][5959.504s][info][gc,metaspace] GC(1047) Metaspace: 414032K(420096K)->414032K(420096K) NonClass: 362021K(365440K)->362021K(365440K) Class: 52011K(54656K)->52011K(54656K)
[2024-05-30T12:13:40.085+0000][5959.504s][info][gc          ] GC(1047) Pause Young (Concurrent Start) (G1 Evacuation Pause) 9335M->2117M(12288M) 140.678ms
[2024-05-30T12:13:40.085+0000][5959.504s][info][gc,cpu      ] GC(1047) User=0.82s Sys=0.00s Real=0.14s
[2024-05-30T12:13:40.085+0000][5959.504s][info][gc          ] GC(1048) Concurrent Mark Cycle
[2024-05-30T12:13:40.085+0000][5959.504s][info][gc,marking  ] GC(1048) Concurrent Clear Claimed Marks
[2024-05-30T12:13:40.086+0000][5959.505s][info][gc,marking  ] GC(1048) Concurrent Clear Claimed Marks 0.410ms
[2024-05-30T12:13:40.086+0000][5959.505s][info][gc,marking  ] GC(1048) Concurrent Scan Root Regions
[2024-05-30T12:13:40.123+0000][5959.542s][info][gc,marking  ] GC(1048) Concurrent Scan Root Regions 37.335ms
[2024-05-30T12:13:40.123+0000][5959.542s][info][gc,marking  ] GC(1048) Concurrent Mark
[2024-05-30T12:13:40.123+0000][5959.542s][info][gc,marking  ] GC(1048) Concurrent Mark From Roots
[2024-05-30T12:13:40.123+0000][5959.542s][info][gc,task     ] GC(1048) Using 2 workers of 2 for marking
[2024-05-30T12:13:41.051+0000][5960.470s][info][gc,marking  ] GC(1048) Concurrent Mark From Roots 927.740ms
[2024-05-30T12:13:41.051+0000][5960.470s][info][gc,marking  ] GC(1048) Concurrent Preclean
[2024-05-30T12:13:41.052+0000][5960.471s][info][gc,marking  ] GC(1048) Concurrent Preclean 0.834ms
[2024-05-30T12:13:41.052+0000][5960.471s][info][gc,start    ] GC(1048) Pause Remark
[2024-05-30T12:13:41.073+0000][5960.492s][info][gc          ] GC(1048) Pause Remark 4273M->4273M(12288M) 20.795ms
[2024-05-30T12:13:41.073+0000][5960.492s][info][gc,cpu      ] GC(1048) User=0.08s Sys=0.00s Real=0.02s
[2024-05-30T12:13:41.073+0000][5960.492s][info][gc,marking  ] GC(1048) Concurrent Mark 949.759ms
[2024-05-30T12:13:41.073+0000][5960.492s][info][gc,marking  ] GC(1048) Concurrent Rebuild Remembered Sets
[2024-05-30T12:13:41.650+0000][5961.070s][info][gc,marking  ] GC(1048) Concurrent Rebuild Remembered Sets 577.670ms
[2024-05-30T12:13:41.651+0000][5961.070s][info][gc,start    ] GC(1048) Pause Cleanup
[2024-05-30T12:13:41.652+0000][5961.071s][info][gc          ] GC(1048) Pause Cleanup 5793M->5793M(12288M) 1.232ms
[2024-05-30T12:13:41.652+0000][5961.071s][info][gc,cpu      ] GC(1048) User=0.01s Sys=0.00s Real=0.00s
[2024-05-30T12:13:41.652+0000][5961.071s][info][gc,marking  ] GC(1048) Concurrent Cleanup for Next Mark
[2024-05-30T12:13:41.667+0000][5961.087s][info][gc,marking  ] GC(1048) Concurrent Cleanup for Next Mark 15.385ms
[2024-05-30T12:13:41.667+0000][5961.087s][info][gc          ] GC(1048) Concurrent Mark Cycle 1582.178ms
[2024-05-30T12:13:42.943+0000][5962.362s][info][gc,start    ] GC(1049) Pause Young (Prepare Mixed) (G1 Evacuation Pause)
[2024-05-30T12:13:42.943+0000][5962.362s][info][gc,task     ] GC(1049) Using 6 workers of 6 for evacuation
[2024-05-30T12:13:43.102+0000][5962.521s][info][gc,phases   ] GC(1049)   Pre Evacuate Collection Set: 0.2ms
[2024-05-30T12:13:43.102+0000][5962.521s][info][gc,phases   ] GC(1049)   Merge Heap Roots: 0.9ms
[2024-05-30T12:13:43.102+0000][5962.521s][info][gc,phases   ] GC(1049)   Evacuate Collection Set: 126.9ms
[2024-05-30T12:13:43.102+0000][5962.521s][info][gc,phases   ] GC(1049)   Post Evacuate Collection Set: 30.6ms
[2024-05-30T12:13:43.102+0000][5962.521s][info][gc,phases   ] GC(1049)   Other: 0.2ms
[2024-05-30T12:13:43.102+0000][5962.521s][info][gc,heap     ] GC(1049) Eden regions: 903->0(54)
[2024-05-30T12:13:43.102+0000][5962.521s][info][gc,heap     ] GC(1049) Survivor regions: 18->22(116)
[2024-05-30T12:13:43.102+0000][5962.521s][info][gc,heap     ] GC(1049) Old regions: 242->242
[2024-05-30T12:13:43.102+0000][5962.521s][info][gc,heap     ] GC(1049) Archive regions: 2->2
[2024-05-30T12:13:43.102+0000][5962.521s][info][gc,heap     ] GC(1049) Humongous regions: 5->5
[2024-05-30T12:13:43.102+0000][5962.521s][info][gc,metaspace] GC(1049) Metaspace: 414032K(420096K)->414032K(420096K) NonClass: 362021K(365440K)->362021K(365440K) Class: 52011K(54656K)->52011K(54656K)
[2024-05-30T12:13:43.102+0000][5962.521s][info][gc          ] GC(1049) Pause Young (Prepare Mixed) (G1 Evacuation Pause) 9341M->2149M(12288M) 158.885ms
[2024-05-30T12:13:43.102+0000][5962.521s][info][gc,cpu      ] GC(1049) User=0.93s Sys=0.00s Real=0.16s
[2024-05-30T12:13:43.299+0000][5962.719s][info][gc,start    ] GC(1050) Pause Young (Mixed) (G1 Evacuation Pause)
[2024-05-30T12:13:43.300+0000][5962.719s][info][gc,task     ] GC(1050) Using 6 workers of 6 for evacuation
[2024-05-30T12:13:43.392+0000][5962.811s][info][gc,phases   ] GC(1050)   Pre Evacuate Collection Set: 0.2ms
[2024-05-30T12:13:43.392+0000][5962.811s][info][gc,phases   ] GC(1050)   Merge Heap Roots: 0.3ms
[2024-05-30T12:13:43.392+0000][5962.811s][info][gc,phases   ] GC(1050)   Evacuate Collection Set: 88.7ms
[2024-05-30T12:13:43.392+0000][5962.811s][info][gc,phases   ] GC(1050)   Post Evacuate Collection Set: 3.1ms
[2024-05-30T12:13:43.392+0000][5962.811s][info][gc,phases   ] GC(1050)   Other: 0.2ms
[2024-05-30T12:13:43.392+0000][5962.811s][info][gc,heap     ] GC(1050) Eden regions: 54->0(918)
[2024-05-30T12:13:43.392+0000][5962.811s][info][gc,heap     ] GC(1050) Survivor regions: 22->3(10)
[2024-05-30T12:13:43.392+0000][5962.811s][info][gc,heap     ] GC(1050) Old regions: 242->247
[2024-05-30T12:13:43.392+0000][5962.811s][info][gc,heap     ] GC(1050) Archive regions: 2->2
[2024-05-30T12:13:43.392+0000][5962.811s][info][gc,heap     ] GC(1050) Humongous regions: 5->5
[2024-05-30T12:13:43.392+0000][5962.811s][info][gc,metaspace] GC(1050) Metaspace: 414032K(420096K)->414032K(420096K) NonClass: 362021K(365440K)->362021K(365440K) Class: 52011K(54656K)->52011K(54656K)
[2024-05-30T12:13:43.392+0000][5962.811s][info][gc          ] GC(1050) Pause Young (Mixed) (G1 Evacuation Pause) 2581M->2037M(12288M) 92.415ms
[2024-05-30T12:13:43.392+0000][5962.811s][info][gc,cpu      ] GC(1050) User=0.55s Sys=0.00s Real=0.09s
[2024-05-30T12:13:46.199+0000][5965.619s][info][gc,start    ] GC(1051) Pause Young (Normal) (G1 Evacuation Pause)
[2024-05-30T12:13:46.199+0000][5965.619s][info][gc,task     ] GC(1051) Using 6 workers of 6 for evacuation
[2024-05-30T12:13:46.292+0000][5965.711s][info][gc,phases   ] GC(1051)   Pre Evacuate Collection Set: 0.2ms
[2024-05-30T12:13:46.292+0000][5965.711s][info][gc,phases   ] GC(1051)   Merge Heap Roots: 0.3ms
[2024-05-30T12:13:46.292+0000][5965.711s][info][gc,phases   ] GC(1051)   Evacuate Collection Set: 66.6ms
[2024-05-30T12:13:46.292+0000][5965.711s][info][gc,phases   ] GC(1051)   Post Evacuate Collection Set: 25.2ms
[2024-05-30T12:13:46.292+0000][5965.711s][info][gc,phases   ] GC(1051)   Other: 0.2ms
[2024-05-30T12:13:46.292+0000][5965.711s][info][gc,heap     ] GC(1051) Eden regions: 918->0(915)
[2024-05-30T12:13:46.292+0000][5965.711s][info][gc,heap     ] GC(1051) Survivor regions: 3->6(116)
[2024-05-30T12:13:46.292+0000][5965.711s][info][gc,heap     ] GC(1051) Old regions: 247->247
[2024-05-30T12:13:46.292+0000][5965.711s][info][gc,heap     ] GC(1051) Archive regions: 2->2
[2024-05-30T12:13:46.292+0000][5965.711s][info][gc,heap     ] GC(1051) Humongous regions: 5->5
[2024-05-30T12:13:46.292+0000][5965.711s][info][gc,metaspace] GC(1051) Metaspace: 414032K(420096K)->414032K(420096K) NonClass: 362021K(365440K)->362021K(365440K) Class: 52011K(54656K)->52011K(54656K)
[2024-05-30T12:13:46.292+0000][5965.711s][info][gc          ] GC(1051) Pause Young (Normal) (G1 Evacuation Pause) 9381M->2060M(12288M) 92.588ms
[2024-05-30T12:13:46.292+0000][5965.711s][info][gc,cpu      ] GC(1051) User=0.54s Sys=0.00s Real=0.09s
[2024-05-30T12:13:49.893+0000][5969.312s][info][gc,start    ] GC(1052) Pause Young (Normal) (G1 Evacuation Pause)
[2024-05-30T12:13:49.893+0000][5969.312s][info][gc,task     ] GC(1052) Using 6 workers of 6 for evacuation
[2024-05-30T12:13:49.994+0000][5969.413s][info][gc,phases   ] GC(1052)   Pre Evacuate Collection Set: 0.2ms
[2024-05-30T12:13:49.994+0000][5969.413s][info][gc,phases   ] GC(1052)   Merge Heap Roots: 0.4ms
[2024-05-30T12:13:49.994+0000][5969.413s][info][gc,phases   ] GC(1052)   Evacuate Collection Set: 80.1ms
[2024-05-30T12:13:49.994+0000][5969.413s][info][gc,phases   ] GC(1052)   Post Evacuate Collection Set: 19.9ms
[2024-05-30T12:13:49.994+0000][5969.413s][info][gc,phases   ] GC(1052)   Other: 0.2ms
[2024-05-30T12:13:49.994+0000][5969.413s][info][gc,heap     ] GC(1052) Eden regions: 915->0(909)
[2024-05-30T12:13:49.994+0000][5969.413s][info][gc,heap     ] GC(1052) Survivor regions: 6->12(116)
[2024-05-30T12:13:49.994+0000][5969.413s][info][gc,heap     ] GC(1052) Old regions: 247->247
[2024-05-30T12:13:49.994+0000][5969.413s][info][gc,heap     ] GC(1052) Archive regions: 2->2
[2024-05-30T12:13:49.994+0000][5969.413s][info][gc,heap     ] GC(1052) Humongous regions: 5->5
[2024-05-30T12:13:49.994+0000][5969.413s][info][gc,metaspace] GC(1052) Metaspace: 414034K(420096K)->414034K(420096K) NonClass: 362023K(365440K)->362023K(365440K) Class: 52011K(54656K)->52011K(54656K)
[2024-05-30T12:13:49.994+0000][5969.413s][info][gc          ] GC(1052) Pause Young (Normal) (G1 Evacuation Pause) 9380M->2105M(12288M) 100.880ms
[2024-05-30T12:13:49.994+0000][5969.413s][info][gc,cpu      ] GC(1052) User=0.59s Sys=0.00s Real=0.10s
[2024-05-30T12:14:00.020+0000][5979.439s][info][gc,start    ] GC(1053) Pause Young (Concurrent Start) (G1 Evacuation Pause)
[2024-05-30T12:14:00.020+0000][5979.439s][info][gc,task     ] GC(1053) Using 6 workers of 6 for evacuation
[2024-05-30T12:14:00.080+0000][5979.500s][info][gc,phases   ] GC(1053)   Pre Evacuate Collection Set: 0.6ms
[2024-05-30T12:14:00.080+0000][5979.500s][info][gc,phases   ] GC(1053)   Merge Heap Roots: 0.3ms
[2024-05-30T12:14:00.080+0000][5979.500s][info][gc,phases   ] GC(1053)   Evacuate Collection Set: 57.5ms
[2024-05-30T12:14:00.080+0000][5979.500s][info][gc,phases   ] GC(1053)   Post Evacuate Collection Set: 2.1ms
[2024-05-30T12:14:00.080+0000][5979.500s][info][gc,phases   ] GC(1053)   Other: 0.3ms
[2024-05-30T12:14:00.080+0000][5979.500s][info][gc,heap     ] GC(1053) Eden regions: 909->0(905)
[2024-05-30T12:14:00.080+0000][5979.500s][info][gc,heap     ] GC(1053) Survivor regions: 12->16(116)
[2024-05-30T12:14:00.080+0000][5979.500s][info][gc,heap     ] GC(1053) Old regions: 247->247
[2024-05-30T12:14:00.080+0000][5979.500s][info][gc,heap     ] GC(1053) Archive regions: 2->2
[2024-05-30T12:14:00.080+0000][5979.500s][info][gc,heap     ] GC(1053) Humongous regions: 5->5
[2024-05-30T12:14:00.080+0000][5979.500s][info][gc,metaspace] GC(1053) Metaspace: 414034K(420096K)->414034K(420096K) NonClass: 362023K(365440K)->362023K(365440K) Class: 52011K(54656K)->52011K(54656K)
[2024-05-30T12:14:00.081+0000][5979.500s][info][gc          ] GC(1053) Pause Young (Concurrent Start) (G1 Evacuation Pause) 9377M->2138M(12288M) 60.884ms
[2024-05-30T12:14:00.081+0000][5979.500s][info][gc,cpu      ] GC(1053) User=0.35s Sys=0.00s Real=0.06s
[2024-05-30T12:14:00.081+0000][5979.500s][info][gc          ] GC(1054) Concurrent Mark Cycle
[2024-05-30T12:14:00.081+0000][5979.500s][info][gc,marking  ] GC(1054) Concurrent Clear Claimed Marks
[2024-05-30T12:14:00.081+0000][5979.500s][info][gc,marking  ] GC(1054) Concurrent Clear Claimed Marks 0.417ms
[2024-05-30T12:14:00.081+0000][5979.500s][info][gc,marking  ] GC(1054) Concurrent Scan Root Regions
[2024-05-30T12:14:00.124+0000][5979.543s][info][gc,marking  ] GC(1054) Concurrent Scan Root Regions 42.633ms
[2024-05-30T12:14:00.124+0000][5979.543s][info][gc,marking  ] GC(1054) Concurrent Mark
[2024-05-30T12:14:00.124+0000][5979.543s][info][gc,marking  ] GC(1054) Concurrent Mark From Roots
[2024-05-30T12:14:00.124+0000][5979.543s][info][gc,task     ] GC(1054) Using 2 workers of 2 for marking
[2024-05-30T12:14:01.458+0000][5980.877s][info][gc,marking  ] GC(1054) Concurrent Mark From Roots 1333.837ms
[2024-05-30T12:14:01.458+0000][5980.877s][info][gc,marking  ] GC(1054) Concurrent Preclean
[2024-05-30T12:14:01.459+0000][5980.878s][info][gc,marking  ] GC(1054) Concurrent Preclean 0.911ms
[2024-05-30T12:14:01.459+0000][5980.878s][info][gc,start    ] GC(1054) Pause Remark
[2024-05-30T12:14:01.481+0000][5980.901s][info][gc          ] GC(1054) Pause Remark 3082M->3074M(12288M) 22.597ms
[2024-05-30T12:14:01.481+0000][5980.901s][info][gc,cpu      ] GC(1054) User=0.10s Sys=0.00s Real=0.02s
[2024-05-30T12:14:01.482+0000][5980.901s][info][gc,marking  ] GC(1054) Concurrent Mark 1357.831ms
[2024-05-30T12:14:01.482+0000][5980.901s][info][gc,marking  ] GC(1054) Concurrent Rebuild Remembered Sets
[2024-05-30T12:14:02.267+0000][5981.686s][info][gc,marking  ] GC(1054) Concurrent Rebuild Remembered Sets 785.070ms
[2024-05-30T12:14:02.267+0000][5981.686s][info][gc,start    ] GC(1054) Pause Cleanup
[2024-05-30T12:14:02.267+0000][5981.687s][info][gc          ] GC(1054) Pause Cleanup 3602M->3602M(12288M) 0.512ms
[2024-05-30T12:14:02.267+0000][5981.687s][info][gc,cpu      ] GC(1054) User=0.01s Sys=0.00s Real=0.00s
[2024-05-30T12:14:02.267+0000][5981.687s][info][gc,marking  ] GC(1054) Concurrent Cleanup for Next Mark
[2024-05-30T12:14:02.285+0000][5981.704s][info][gc,marking  ] GC(1054) Concurrent Cleanup for Next Mark 17.774ms
[2024-05-30T12:14:02.285+0000][5981.704s][info][gc          ] GC(1054) Concurrent Mark Cycle 2204.643ms
[2024-05-30T12:14:10.295+0000][5989.714s][info][gc,start    ] GC(1055) Pause Young (Prepare Mixed) (G1 Evacuation Pause)
[2024-05-30T12:14:10.295+0000][5989.714s][info][gc,task     ] GC(1055) Using 6 workers of 6 for evacuation
[2024-05-30T12:14:10.373+0000][5989.792s][info][gc,phases   ] GC(1055)   Pre Evacuate Collection Set: 0.2ms
[2024-05-30T12:14:10.373+0000][5989.792s][info][gc,phases   ] GC(1055)   Merge Heap Roots: 0.4ms
[2024-05-30T12:14:10.373+0000][5989.792s][info][gc,phases   ] GC(1055)   Evacuate Collection Set: 75.5ms
[2024-05-30T12:14:10.373+0000][5989.792s][info][gc,phases   ] GC(1055)   Post Evacuate Collection Set: 1.9ms
[2024-05-30T12:14:10.373+0000][5989.792s][info][gc,phases   ] GC(1055)   Other: 0.2ms
[2024-05-30T12:14:10.373+0000][5989.792s][info][gc,heap     ] GC(1055) Eden regions: 905->0(56)
[2024-05-30T12:14:10.373+0000][5989.792s][info][gc,heap     ] GC(1055) Survivor regions: 16->20(116)
[2024-05-30T12:14:10.373+0000][5989.792s][info][gc,heap     ] GC(1055) Old regions: 246->246
[2024-05-30T12:14:10.373+0000][5989.792s][info][gc,heap     ] GC(1055) Archive regions: 2->2
[2024-05-30T12:14:10.373+0000][5989.792s][info][gc,heap     ] GC(1055) Humongous regions: 5->5
[2024-05-30T12:14:10.373+0000][5989.792s][info][gc,metaspace] GC(1055) Metaspace: 414043K(420096K)->414043K(420096K) NonClass: 362031K(365440K)->362031K(365440K) Class: 52011K(54656K)->52011K(54656K)
[2024-05-30T12:14:10.373+0000][5989.792s][info][gc          ] GC(1055) Pause Young (Prepare Mixed) (G1 Evacuation Pause) 9370M->2165M(12288M) 78.218ms
[2024-05-30T12:14:10.373+0000][5989.792s][info][gc,cpu      ] GC(1055) User=0.46s Sys=0.00s Real=0.08s
[2024-05-30T12:14:11.018+0000][5990.437s][info][gc,start    ] GC(1056) Pause Young (Mixed) (G1 Evacuation Pause)
[2024-05-30T12:14:11.018+0000][5990.437s][info][gc,task     ] GC(1056) Using 6 workers of 6 for evacuation
[2024-05-30T12:14:11.075+0000][5990.494s][info][gc,phases   ] GC(1056)   Pre Evacuate Collection Set: 0.2ms
[2024-05-30T12:14:11.075+0000][5990.494s][info][gc,phases   ] GC(1056)   Merge Heap Roots: 0.2ms
[2024-05-30T12:14:11.075+0000][5990.494s][info][gc,phases   ] GC(1056)   Evacuate Collection Set: 55.4ms
[2024-05-30T12:14:11.075+0000][5990.494s][info][gc,phases   ] GC(1056)   Post Evacuate Collection Set: 1.2ms
[2024-05-30T12:14:11.075+0000][5990.494s][info][gc,phases   ] GC(1056)   Other: 0.2ms
[2024-05-30T12:14:11.075+0000][5990.494s][info][gc,heap     ] GC(1056) Eden regions: 56->0(914)
[2024-05-30T12:14:11.075+0000][5990.494s][info][gc,heap     ] GC(1056) Survivor regions: 20->7(10)
[2024-05-30T12:14:11.075+0000][5990.494s][info][gc,heap     ] GC(1056) Old regions: 246->243
[2024-05-30T12:14:11.075+0000][5990.494s][info][gc,heap     ] GC(1056) Archive regions: 2->2
[2024-05-30T12:14:11.075+0000][5990.494s][info][gc,heap     ] GC(1056) Humongous regions: 5->5
[2024-05-30T12:14:11.075+0000][5990.495s][info][gc,metaspace] GC(1056) Metaspace: 414045K(420096K)->414045K(420096K) NonClass: 362033K(365440K)->362033K(365440K) Class: 52011K(54656K)->52011K(54656K)
[2024-05-30T12:14:11.075+0000][5990.495s][info][gc          ] GC(1056) Pause Young (Mixed) (G1 Evacuation Pause) 2613M->2036M(12288M) 57.157ms
[2024-05-30T12:14:11.075+0000][5990.495s][info][gc,cpu      ] GC(1056) User=0.34s Sys=0.00s Real=0.05s
[2024-05-30T12:14:21.047+0000][6000.467s][info][gc,start    ] GC(1057) Pause Young (Normal) (G1 Evacuation Pause)
[2024-05-30T12:14:21.047+0000][6000.467s][info][gc,task     ] GC(1057) Using 6 workers of 6 for evacuation
[2024-05-30T12:14:21.071+0000][6000.491s][info][gc,phases   ] GC(1057)   Pre Evacuate Collection Set: 0.2ms
[2024-05-30T12:14:21.071+0000][6000.491s][info][gc,phases   ] GC(1057)   Merge Heap Roots: 0.3ms
[2024-05-30T12:14:21.071+0000][6000.491s][info][gc,phases   ] GC(1057)   Evacuate Collection Set: 21.5ms
[2024-05-30T12:14:21.071+0000][6000.491s][info][gc,phases   ] GC(1057)   Post Evacuate Collection Set: 1.8ms
[2024-05-30T12:14:21.071+0000][6000.491s][info][gc,phases   ] GC(1057)   Other: 0.2ms
[2024-05-30T12:14:21.071+0000][6000.491s][info][gc,heap     ] GC(1057) Eden regions: 914->0(912)
[2024-05-30T12:14:21.071+0000][6000.491s][info][gc,heap     ] GC(1057) Survivor regions: 7->9(116)
[2024-05-30T12:14:21.071+0000][6000.491s][info][gc,heap     ] GC(1057) Old regions: 243->243
[2024-05-30T12:14:21.071+0000][6000.491s][info][gc,heap     ] GC(1057) Archive regions: 2->2
[2024-05-30T12:14:21.071+0000][6000.491s][info][gc,heap     ] GC(1057) Humongous regions: 5->5
[2024-05-30T12:14:21.071+0000][6000.491s][info][gc,metaspace] GC(1057) Metaspace: 414045K(420096K)->414045K(420096K) NonClass: 362033K(365440K)->362033K(365440K) Class: 52011K(54656K)->52011K(54656K)
[2024-05-30T12:14:21.071+0000][6000.491s][info][gc          ] GC(1057) Pause Young (Normal) (G1 Evacuation Pause) 9348M->2050M(12288M) 24.056ms
[2024-05-30T12:14:21.071+0000][6000.491s][info][gc,cpu      ] GC(1057) User=0.14s Sys=0.00s Real=0.03s
[2024-05-30T12:14:31.169+0000][6010.588s][info][gc,start    ] GC(1058) Pause Young (Normal) (G1 Evacuation Pause)
[2024-05-30T12:14:31.169+0000][6010.588s][info][gc,task     ] GC(1058) Using 6 workers of 6 for evacuation
[2024-05-30T12:14:31.204+0000][6010.623s][info][gc,phases   ] GC(1058)   Pre Evacuate Collection Set: 0.2ms
[2024-05-30T12:14:31.204+0000][6010.623s][info][gc,phases   ] GC(1058)   Merge Heap Roots: 0.3ms
[2024-05-30T12:14:31.204+0000][6010.623s][info][gc,phases   ] GC(1058)   Evacuate Collection Set: 33.0ms
[2024-05-30T12:14:31.204+0000][6010.623s][info][gc,phases   ] GC(1058)   Post Evacuate Collection Set: 1.9ms
[2024-05-30T12:14:31.204+0000][6010.623s][info][gc,phases   ] GC(1058)   Other: 0.2ms
[2024-05-30T12:14:31.204+0000][6010.623s][info][gc,heap     ] GC(1058) Eden regions: 912->0(909)
[2024-05-30T12:14:31.204+0000][6010.623s][info][gc,heap     ] GC(1058) Survivor regions: 9->12(116)
[2024-05-30T12:14:31.204+0000][6010.623s][info][gc,heap     ] GC(1058) Old regions: 243->243
[2024-05-30T12:14:31.204+0000][6010.623s][info][gc,heap     ] GC(1058) Archive regions: 2->2
[2024-05-30T12:14:31.204+0000][6010.623s][info][gc,heap     ] GC(1058) Humongous regions: 5->5
[2024-05-30T12:14:31.204+0000][6010.623s][info][gc,metaspace] GC(1058) Metaspace: 414045K(420096K)->414045K(420096K) NonClass: 362033K(365440K)->362033K(365440K) Class: 52011K(54656K)->52011K(54656K)
[2024-05-30T12:14:31.204+0000][6010.623s][info][gc          ] GC(1058) Pause Young (Normal) (G1 Evacuation Pause) 9346M->2078M(12288M) 35.594ms
[2024-05-30T12:14:31.204+0000][6010.623s][info][gc,cpu      ] GC(1058) User=0.21s Sys=0.00s Real=0.03s
[2024-05-30T12:14:40.723+0000][6020.142s][info][gc,start    ] GC(1059) Pause Young (Concurrent Start) (G1 Evacuation Pause)
[2024-05-30T12:14:40.723+0000][6020.142s][info][gc,task     ] GC(1059) Using 6 workers of 6 for evacuation
[2024-05-30T12:14:40.763+0000][6020.182s][info][gc,phases   ] GC(1059)   Pre Evacuate Collection Set: 0.6ms
[2024-05-30T12:14:40.763+0000][6020.182s][info][gc,phases   ] GC(1059)   Merge Heap Roots: 0.3ms
[2024-05-30T12:14:40.763+0000][6020.182s][info][gc,phases   ] GC(1059)   Evacuate Collection Set: 36.6ms
[2024-05-30T12:14:40.763+0000][6020.182s][info][gc,phases   ] GC(1059)   Post Evacuate Collection Set: 2.2ms
[2024-05-30T12:14:40.763+0000][6020.182s][info][gc,phases   ] GC(1059)   Other: 0.3ms
[2024-05-30T12:14:40.763+0000][6020.182s][info][gc,heap     ] GC(1059) Eden regions: 909->0(907)
[2024-05-30T12:14:40.763+0000][6020.182s][info][gc,heap     ] GC(1059) Survivor regions: 12->14(116)
[2024-05-30T12:14:40.763+0000][6020.182s][info][gc,heap     ] GC(1059) Old regions: 243->243
[2024-05-30T12:14:40.763+0000][6020.182s][info][gc,heap     ] GC(1059) Archive regions: 2->2
[2024-05-30T12:14:40.763+0000][6020.182s][info][gc,heap     ] GC(1059) Humongous regions: 5->5
[2024-05-30T12:14:40.763+0000][6020.182s][info][gc,metaspace] GC(1059) Metaspace: 414045K(420096K)->414045K(420096K) NonClass: 362033K(365440K)->362033K(365440K) Class: 52011K(54656K)->52011K(54656K)
[2024-05-30T12:14:40.763+0000][6020.182s][info][gc          ] GC(1059) Pause Young (Concurrent Start) (G1 Evacuation Pause) 9350M->2091M(12288M) 39.954ms
[2024-05-30T12:14:40.763+0000][6020.182s][info][gc,cpu      ] GC(1059) User=0.23s Sys=0.00s Real=0.04s
[2024-05-30T12:14:40.763+0000][6020.182s][info][gc          ] GC(1060) Concurrent Mark Cycle
[2024-05-30T12:14:40.763+0000][6020.182s][info][gc,marking  ] GC(1060) Concurrent Clear Claimed Marks
[2024-05-30T12:14:40.764+0000][6020.183s][info][gc,marking  ] GC(1060) Concurrent Clear Claimed Marks 0.422ms
[2024-05-30T12:14:40.764+0000][6020.183s][info][gc,marking  ] GC(1060) Concurrent Scan Root Regions
[2024-05-30T12:14:40.792+0000][6020.211s][info][gc,marking  ] GC(1060) Concurrent Scan Root Regions 28.467ms
[2024-05-30T12:14:40.792+0000][6020.211s][info][gc,marking  ] GC(1060) Concurrent Mark
[2024-05-30T12:14:40.792+0000][6020.211s][info][gc,marking  ] GC(1060) Concurrent Mark From Roots
[2024-05-30T12:14:40.792+0000][6020.211s][info][gc,task     ] GC(1060) Using 2 workers of 2 for marking
[2024-05-30T12:14:42.324+0000][6021.743s][info][gc,marking  ] GC(1060) Concurrent Mark From Roots 1531.799ms
[2024-05-30T12:14:42.324+0000][6021.743s][info][gc,marking  ] GC(1060) Concurrent Preclean
[2024-05-30T12:14:42.325+0000][6021.744s][info][gc,marking  ] GC(1060) Concurrent Preclean 0.858ms
[2024-05-30T12:14:42.325+0000][6021.744s][info][gc,start    ] GC(1060) Pause Remark
[2024-05-30T12:14:42.346+0000][6021.765s][info][gc          ] GC(1060) Pause Remark 5286M->5286M(12288M) 20.885ms
[2024-05-30T12:14:42.346+0000][6021.765s][info][gc,cpu      ] GC(1060) User=0.08s Sys=0.00s Real=0.02s
[2024-05-30T12:14:42.346+0000][6021.765s][info][gc,marking  ] GC(1060) Concurrent Mark 1553.941ms
[2024-05-30T12:14:42.346+0000][6021.765s][info][gc,marking  ] GC(1060) Concurrent Rebuild Remembered Sets
[2024-05-30T12:14:43.255+0000][6022.674s][info][gc,marking  ] GC(1060) Concurrent Rebuild Remembered Sets 908.791ms
[2024-05-30T12:14:43.255+0000][6022.674s][info][gc,start    ] GC(1060) Pause Cleanup
[2024-05-30T12:14:43.256+0000][6022.675s][info][gc          ] GC(1060) Pause Cleanup 7504M->7504M(12288M) 0.525ms
[2024-05-30T12:14:43.256+0000][6022.675s][info][gc,cpu      ] GC(1060) User=0.00s Sys=0.00s Real=0.00s
[2024-05-30T12:14:43.256+0000][6022.675s][info][gc,marking  ] GC(1060) Concurrent Cleanup for Next Mark
[2024-05-30T12:14:43.273+0000][6022.692s][info][gc,marking  ] GC(1060) Concurrent Cleanup for Next Mark 17.084ms
[2024-05-30T12:14:43.273+0000][6022.692s][info][gc          ] GC(1060) Concurrent Mark Cycle 2509.679ms
[2024-05-30T12:14:43.969+0000][6023.388s][info][gc,start    ] GC(1061) Pause Young (Prepare Mixed) (G1 Evacuation Pause)
[2024-05-30T12:14:43.969+0000][6023.388s][info][gc,task     ] GC(1061) Using 6 workers of 6 for evacuation
[2024-05-30T12:14:44.079+0000][6023.499s][info][gc,phases   ] GC(1061)   Pre Evacuate Collection Set: 0.2ms
[2024-05-30T12:14:44.079+0000][6023.499s][info][gc,phases   ] GC(1061)   Merge Heap Roots: 0.9ms
[2024-05-30T12:14:44.079+0000][6023.499s][info][gc,phases   ] GC(1061)   Evacuate Collection Set: 87.9ms
[2024-05-30T12:14:44.079+0000][6023.499s][info][gc,phases   ] GC(1061)   Post Evacuate Collection Set: 21.3ms
[2024-05-30T12:14:44.079+0000][6023.499s][info][gc,phases   ] GC(1061)   Other: 0.2ms
[2024-05-30T12:14:44.079+0000][6023.499s][info][gc,heap     ] GC(1061) Eden regions: 907->0(56)
[2024-05-30T12:14:44.079+0000][6023.499s][info][gc,heap     ] GC(1061) Survivor regions: 14->20(116)
[2024-05-30T12:14:44.079+0000][6023.499s][info][gc,heap     ] GC(1061) Old regions: 243->243
[2024-05-30T12:14:44.079+0000][6023.499s][info][gc,heap     ] GC(1061) Archive regions: 2->2
[2024-05-30T12:14:44.079+0000][6023.499s][info][gc,heap     ] GC(1061) Humongous regions: 5->5
[2024-05-30T12:14:44.079+0000][6023.499s][info][gc,metaspace] GC(1061) Metaspace: 414045K(420096K)->414045K(420096K) NonClass: 362033K(365440K)->362033K(365440K) Class: 52011K(54656K)->52011K(54656K)
[2024-05-30T12:14:44.079+0000][6023.499s][info][gc          ] GC(1061) Pause Young (Prepare Mixed) (G1 Evacuation Pause) 9347M->2139M(12288M) 110.536ms
[2024-05-30T12:14:44.079+0000][6023.499s][info][gc,cpu      ] GC(1061) User=0.65s Sys=0.00s Real=0.11s
[2024-05-30T12:14:44.249+0000][6023.668s][info][gc,start    ] GC(1062) Pause Young (Mixed) (G1 Evacuation Pause)
[2024-05-30T12:14:44.249+0000][6023.668s][info][gc,task     ] GC(1062) Using 6 workers of 6 for evacuation
[2024-05-30T12:14:44.318+0000][6023.737s][info][gc,phases   ] GC(1062)   Pre Evacuate Collection Set: 0.2ms
[2024-05-30T12:14:44.318+0000][6023.737s][info][gc,phases   ] GC(1062)   Merge Heap Roots: 0.3ms
[2024-05-30T12:14:44.318+0000][6023.737s][info][gc,phases   ] GC(1062)   Evacuate Collection Set: 65.9ms
[2024-05-30T12:14:44.318+0000][6023.737s][info][gc,phases   ] GC(1062)   Post Evacuate Collection Set: 2.3ms
[2024-05-30T12:14:44.318+0000][6023.737s][info][gc,phases   ] GC(1062)   Other: 0.2ms
[2024-05-30T12:14:44.318+0000][6023.737s][info][gc,heap     ] GC(1062) Eden regions: 56->0(918)
[2024-05-30T12:14:44.318+0000][6023.737s][info][gc,heap     ] GC(1062) Survivor regions: 20->3(10)
[2024-05-30T12:14:44.318+0000][6023.737s][info][gc,heap     ] GC(1062) Old regions: 243->247
[2024-05-30T12:14:44.318+0000][6023.737s][info][gc,heap     ] GC(1062) Archive regions: 2->2
[2024-05-30T12:14:44.318+0000][6023.737s][info][gc,heap     ] GC(1062) Humongous regions: 5->5
[2024-05-30T12:14:44.318+0000][6023.737s][info][gc,metaspace] GC(1062) Metaspace: 414045K(420096K)->414045K(420096K) NonClass: 362033K(365440K)->362033K(365440K) Class: 52011K(54656K)->52011K(54656K)
[2024-05-30T12:14:44.318+0000][6023.737s][info][gc          ] GC(1062) Pause Young (Mixed) (G1 Evacuation Pause) 2587M->2043M(12288M) 68.911ms
[2024-05-30T12:14:44.318+0000][6023.737s][info][gc,cpu      ] GC(1062) User=0.41s Sys=0.00s Real=0.07s
[2024-05-30T12:14:48.686+0000][6028.105s][info][gc,start    ] GC(1063) Pause Young (Normal) (G1 Evacuation Pause)
[2024-05-30T12:14:48.686+0000][6028.105s][info][gc,task     ] GC(1063) Using 6 workers of 6 for evacuation
[2024-05-30T12:14:48.722+0000][6028.141s][info][gc,phases   ] GC(1063)   Pre Evacuate Collection Set: 0.2ms
[2024-05-30T12:14:48.722+0000][6028.141s][info][gc,phases   ] GC(1063)   Merge Heap Roots: 0.5ms
[2024-05-30T12:14:48.722+0000][6028.141s][info][gc,phases   ] GC(1063)   Evacuate Collection Set: 28.4ms
[2024-05-30T12:14:48.722+0000][6028.141s][info][gc,phases   ] GC(1063)   Post Evacuate Collection Set: 6.8ms
[2024-05-30T12:14:48.722+0000][6028.141s][info][gc,phases   ] GC(1063)   Other: 0.2ms
[2024-05-30T12:14:48.722+0000][6028.141s][info][gc,heap     ] GC(1063) Eden regions: 918->0(917)
[2024-05-30T12:14:48.722+0000][6028.141s][info][gc,heap     ] GC(1063) Survivor regions: 3->4(116)
[2024-05-30T12:14:48.722+0000][6028.141s][info][gc,heap     ] GC(1063) Old regions: 247->247
[2024-05-30T12:14:48.722+0000][6028.141s][info][gc,heap     ] GC(1063) Archive regions: 2->2
[2024-05-30T12:14:48.722+0000][6028.141s][info][gc,heap     ] GC(1063) Humongous regions: 5->5
[2024-05-30T12:14:48.722+0000][6028.141s][info][gc,metaspace] GC(1063) Metaspace: 414045K(420096K)->414045K(420096K) NonClass: 362033K(365440K)->362033K(365440K) Class: 52011K(54656K)->52011K(54656K)
[2024-05-30T12:14:48.722+0000][6028.141s][info][gc          ] GC(1063) Pause Young (Normal) (G1 Evacuation Pause) 9387M->2050M(12288M) 36.060ms
[2024-05-30T12:14:48.722+0000][6028.141s][info][gc,cpu      ] GC(1063) User=0.21s Sys=0.00s Real=0.04s
[2024-05-30T12:14:53.960+0000][6033.379s][info][gc,start    ] GC(1064) Pause Young (Normal) (G1 Evacuation Pause)
[2024-05-30T12:14:53.960+0000][6033.379s][info][gc,task     ] GC(1064) Using 6 workers of 6 for evacuation
[2024-05-30T12:14:53.976+0000][6033.395s][info][gc,phases   ] GC(1064)   Pre Evacuate Collection Set: 0.2ms
[2024-05-30T12:14:53.976+0000][6033.395s][info][gc,phases   ] GC(1064)   Merge Heap Roots: 0.3ms
[2024-05-30T12:14:53.976+0000][6033.395s][info][gc,phases   ] GC(1064)   Evacuate Collection Set: 13.7ms
[2024-05-30T12:14:53.976+0000][6033.395s][info][gc,phases   ] GC(1064)   Post Evacuate Collection Set: 2.0ms
[2024-05-30T12:14:53.976+0000][6033.395s][info][gc,phases   ] GC(1064)   Other: 0.2ms
[2024-05-30T12:14:53.976+0000][6033.395s][info][gc,heap     ] GC(1064) Eden regions: 917->0(915)
[2024-05-30T12:14:53.976+0000][6033.395s][info][gc,heap     ] GC(1064) Survivor regions: 4->6(116)
[2024-05-30T12:14:53.976+0000][6033.395s][info][gc,heap     ] GC(1064) Old regions: 247->247
[2024-05-30T12:14:53.976+0000][6033.395s][info][gc,heap     ] GC(1064) Archive regions: 2->2
[2024-05-30T12:14:53.976+0000][6033.395s][info][gc,heap     ] GC(1064) Humongous regions: 5->5
[2024-05-30T12:14:53.976+0000][6033.395s][info][gc,metaspace] GC(1064) Metaspace: 414046K(420096K)->414046K(420096K) NonClass: 362035K(365440K)->362035K(365440K) Class: 52011K(54656K)->52011K(54656K)
[2024-05-30T12:14:53.976+0000][6033.395s][info][gc          ] GC(1064) Pause Young (Normal) (G1 Evacuation Pause) 9386M->2064M(12288M) 16.420ms
[2024-05-30T12:14:53.976+0000][6033.395s][info][gc,cpu      ] GC(1064) User=0.10s Sys=0.00s Real=0.01s
[2024-05-30T12:15:03.549+0000][6042.968s][info][gc,start    ] GC(1065) Pause Young (Concurrent Start) (G1 Evacuation Pause)
[2024-05-30T12:15:03.549+0000][6042.968s][info][gc,task     ] GC(1065) Using 6 workers of 6 for evacuation
[2024-05-30T12:15:03.571+0000][6042.990s][info][gc,phases   ] GC(1065)   Pre Evacuate Collection Set: 0.6ms
[2024-05-30T12:15:03.571+0000][6042.991s][info][gc,phases   ] GC(1065)   Merge Heap Roots: 0.2ms
[2024-05-30T12:15:03.571+0000][6042.991s][info][gc,phases   ] GC(1065)   Evacuate Collection Set: 19.2ms
[2024-05-30T12:15:03.571+0000][6042.991s][info][gc,phases   ] GC(1065)   Post Evacuate Collection Set: 1.8ms
[2024-05-30T12:15:03.571+0000][6042.991s][info][gc,phases   ] GC(1065)   Other: 0.3ms
[2024-05-30T12:15:03.571+0000][6042.991s][info][gc,heap     ] GC(1065) Eden regions: 915->0(912)
[2024-05-30T12:15:03.571+0000][6042.991s][info][gc,heap     ] GC(1065) Survivor regions: 6->9(116)
[2024-05-30T12:15:03.571+0000][6042.991s][info][gc,heap     ] GC(1065) Old regions: 247->247
[2024-05-30T12:15:03.571+0000][6042.991s][info][gc,heap     ] GC(1065) Archive regions: 2->2
[2024-05-30T12:15:03.571+0000][6042.991s][info][gc,heap     ] GC(1065) Humongous regions: 5->5
[2024-05-30T12:15:03.571+0000][6042.991s][info][gc,metaspace] GC(1065) Metaspace: 414047K(420096K)->414047K(420096K) NonClass: 362036K(365440K)->362036K(365440K) Class: 52011K(54656K)->52011K(54656K)
[2024-05-30T12:15:03.571+0000][6042.991s][info][gc          ] GC(1065) Pause Young (Concurrent Start) (G1 Evacuation Pause) 9384M->2084M(12288M) 22.272ms
[2024-05-30T12:15:03.571+0000][6042.991s][info][gc,cpu      ] GC(1065) User=0.13s Sys=0.00s Real=0.02s
[2024-05-30T12:15:03.571+0000][6042.991s][info][gc          ] GC(1066) Concurrent Mark Cycle
[2024-05-30T12:15:03.571+0000][6042.991s][info][gc,marking  ] GC(1066) Concurrent Clear Claimed Marks
[2024-05-30T12:15:03.572+0000][6042.991s][info][gc,marking  ] GC(1066) Concurrent Clear Claimed Marks 0.414ms
[2024-05-30T12:15:03.572+0000][6042.991s][info][gc,marking  ] GC(1066) Concurrent Scan Root Regions
[2024-05-30T12:15:03.597+0000][6043.017s][info][gc,marking  ] GC(1066) Concurrent Scan Root Regions 25.390ms
[2024-05-30T12:15:03.597+0000][6043.017s][info][gc,marking  ] GC(1066) Concurrent Mark
[2024-05-30T12:15:03.597+0000][6043.017s][info][gc,marking  ] GC(1066) Concurrent Mark From Roots
[2024-05-30T12:15:03.597+0000][6043.017s][info][gc,task     ] GC(1066) Using 2 workers of 2 for marking
[2024-05-30T12:15:04.877+0000][6044.296s][info][gc,marking  ] GC(1066) Concurrent Mark From Roots 1279.205ms
[2024-05-30T12:15:04.877+0000][6044.296s][info][gc,marking  ] GC(1066) Concurrent Preclean
[2024-05-30T12:15:04.878+0000][6044.297s][info][gc,marking  ] GC(1066) Concurrent Preclean 1.161ms
[2024-05-30T12:15:04.878+0000][6044.297s][info][gc,start    ] GC(1066) Pause Remark
[2024-05-30T12:15:04.899+0000][6044.318s][info][gc          ] GC(1066) Pause Remark 2972M->2972M(12288M) 20.934ms
[2024-05-30T12:15:04.899+0000][6044.318s][info][gc,cpu      ] GC(1066) User=0.08s Sys=0.00s Real=0.02s
[2024-05-30T12:15:04.899+0000][6044.318s][info][gc,marking  ] GC(1066) Concurrent Mark 1301.756ms
[2024-05-30T12:15:04.899+0000][6044.318s][info][gc,marking  ] GC(1066) Concurrent Rebuild Remembered Sets
[2024-05-30T12:15:05.693+0000][6045.112s][info][gc,marking  ] GC(1066) Concurrent Rebuild Remembered Sets 793.681ms
[2024-05-30T12:15:05.693+0000][6045.112s][info][gc,start    ] GC(1066) Pause Cleanup
[2024-05-30T12:15:05.694+0000][6045.113s][info][gc          ] GC(1066) Pause Cleanup 3520M->3520M(12288M) 0.551ms
[2024-05-30T12:15:05.694+0000][6045.113s][info][gc,cpu      ] GC(1066) User=0.00s Sys=0.00s Real=0.00s
[2024-05-30T12:15:05.694+0000][6045.113s][info][gc,marking  ] GC(1066) Concurrent Cleanup for Next Mark
[2024-05-30T12:15:05.711+0000][6045.130s][info][gc,marking  ] GC(1066) Concurrent Cleanup for Next Mark 16.903ms
[2024-05-30T12:15:05.711+0000][6045.130s][info][gc          ] GC(1066) Concurrent Mark Cycle 2139.211ms
[2024-05-30T12:15:13.806+0000][6053.225s][info][gc,start    ] GC(1067) Pause Young (Prepare Mixed) (G1 Evacuation Pause)
[2024-05-30T12:15:13.806+0000][6053.225s][info][gc,task     ] GC(1067) Using 6 workers of 6 for evacuation
[2024-05-30T12:15:13.835+0000][6053.254s][info][gc,phases   ] GC(1067)   Pre Evacuate Collection Set: 0.2ms
[2024-05-30T12:15:13.835+0000][6053.254s][info][gc,phases   ] GC(1067)   Merge Heap Roots: 0.3ms
[2024-05-30T12:15:13.835+0000][6053.254s][info][gc,phases   ] GC(1067)   Evacuate Collection Set: 26.6ms
[2024-05-30T12:15:13.835+0000][6053.254s][info][gc,phases   ] GC(1067)   Post Evacuate Collection Set: 1.8ms
[2024-05-30T12:15:13.835+0000][6053.254s][info][gc,phases   ] GC(1067)   Other: 0.2ms
[2024-05-30T12:15:13.835+0000][6053.254s][info][gc,heap     ] GC(1067) Eden regions: 912->0(64)
[2024-05-30T12:15:13.835+0000][6053.254s][info][gc,heap     ] GC(1067) Survivor regions: 9->12(116)
[2024-05-30T12:15:13.835+0000][6053.254s][info][gc,heap     ] GC(1067) Old regions: 247->247
[2024-05-30T12:15:13.835+0000][6053.254s][info][gc,heap     ] GC(1067) Archive regions: 2->2
[2024-05-30T12:15:13.835+0000][6053.254s][info][gc,heap     ] GC(1067) Humongous regions: 5->5
[2024-05-30T12:15:13.835+0000][6053.254s][info][gc,metaspace] GC(1067) Metaspace: 414047K(420096K)->414047K(420096K) NonClass: 362036K(365440K)->362036K(365440K) Class: 52011K(54656K)->52011K(54656K)
[2024-05-30T12:15:13.835+0000][6053.254s][info][gc          ] GC(1067) Pause Young (Prepare Mixed) (G1 Evacuation Pause) 9380M->2114M(12288M) 29.151ms
[2024-05-30T12:15:13.835+0000][6053.254s][info][gc,cpu      ] GC(1067) User=0.17s Sys=0.00s Real=0.03s
[2024-05-30T12:15:14.576+0000][6053.996s][info][gc,start    ] GC(1068) Pause Young (Mixed) (G1 Evacuation Pause)
[2024-05-30T12:15:14.577+0000][6053.996s][info][gc,task     ] GC(1068) Using 6 workers of 6 for evacuation
[2024-05-30T12:15:14.626+0000][6054.046s][info][gc,phases   ] GC(1068)   Pre Evacuate Collection Set: 0.2ms
[2024-05-30T12:15:14.627+0000][6054.046s][info][gc,phases   ] GC(1068)   Merge Heap Roots: 0.2ms
[2024-05-30T12:15:14.627+0000][6054.046s][info][gc,phases   ] GC(1068)   Evacuate Collection Set: 48.2ms
[2024-05-30T12:15:14.627+0000][6054.046s][info][gc,phases   ] GC(1068)   Post Evacuate Collection Set: 1.3ms
[2024-05-30T12:15:14.627+0000][6054.046s][info][gc,phases   ] GC(1068)   Other: 0.2ms
[2024-05-30T12:15:14.627+0000][6054.046s][info][gc,heap     ] GC(1068) Eden regions: 64->0(915)
[2024-05-30T12:15:14.627+0000][6054.046s][info][gc,heap     ] GC(1068) Survivor regions: 12->6(10)
[2024-05-30T12:15:14.627+0000][6054.046s][info][gc,heap     ] GC(1068) Old regions: 247->239
[2024-05-30T12:15:14.627+0000][6054.046s][info][gc,heap     ] GC(1068) Archive regions: 2->2
[2024-05-30T12:15:14.627+0000][6054.046s][info][gc,heap     ] GC(1068) Humongous regions: 5->5
[2024-05-30T12:15:14.627+0000][6054.046s][info][gc,metaspace] GC(1068) Metaspace: 414047K(420096K)->414047K(420096K) NonClass: 362036K(365440K)->362036K(365440K) Class: 52011K(54656K)->52011K(54656K)
[2024-05-30T12:15:14.627+0000][6054.046s][info][gc          ] GC(1068) Pause Young (Mixed) (G1 Evacuation Pause) 2626M->1997M(12288M) 50.102ms
[2024-05-30T12:15:14.627+0000][6054.046s][info][gc,cpu      ] GC(1068) User=0.29s Sys=0.00s Real=0.04s
[2024-05-30T12:15:24.562+0000][6063.981s][info][gc,start    ] GC(1069) Pause Young (Normal) (G1 Evacuation Pause)
[2024-05-30T12:15:24.562+0000][6063.982s][info][gc,task     ] GC(1069) Using 6 workers of 6 for evacuation
[2024-05-30T12:15:24.586+0000][6064.005s][info][gc,phases   ] GC(1069)   Pre Evacuate Collection Set: 0.2ms
[2024-05-30T12:15:24.586+0000][6064.005s][info][gc,phases   ] GC(1069)   Merge Heap Roots: 0.3ms
[2024-05-30T12:15:24.586+0000][6064.005s][info][gc,phases   ] GC(1069)   Evacuate Collection Set: 21.3ms
[2024-05-30T12:15:24.586+0000][6064.005s][info][gc,phases   ] GC(1069)   Post Evacuate Collection Set: 2.0ms
[2024-05-30T12:15:24.586+0000][6064.005s][info][gc,phases   ] GC(1069)   Other: 0.2ms
[2024-05-30T12:15:24.586+0000][6064.005s][info][gc,heap     ] GC(1069) Eden regions: 915->0(912)
[2024-05-30T12:15:24.586+0000][6064.005s][info][gc,heap     ] GC(1069) Survivor regions: 6->9(116)
[2024-05-30T12:15:24.586+0000][6064.005s][info][gc,heap     ] GC(1069) Old regions: 239->239
[2024-05-30T12:15:24.586+0000][6064.005s][info][gc,heap     ] GC(1069) Archive regions: 2->2
[2024-05-30T12:15:24.586+0000][6064.005s][info][gc,heap     ] GC(1069) Humongous regions: 5->5
[2024-05-30T12:15:24.586+0000][6064.005s][info][gc,metaspace] GC(1069) Metaspace: 414048K(420096K)->414048K(420096K) NonClass: 362037K(365440K)->362037K(365440K) Class: 52011K(54656K)->52011K(54656K)
[2024-05-30T12:15:24.586+0000][6064.006s][info][gc          ] GC(1069) Pause Young (Normal) (G1 Evacuation Pause) 9317M->2021M(12288M) 24.036ms
[2024-05-30T12:15:24.586+0000][6064.006s][info][gc,cpu      ] GC(1069) User=0.14s Sys=0.00s Real=0.02s
[2024-05-30T12:15:34.764+0000][6074.183s][info][gc,start    ] GC(1070) Pause Young (Normal) (G1 Evacuation Pause)
[2024-05-30T12:15:34.764+0000][6074.183s][info][gc,task     ] GC(1070) Using 6 workers of 6 for evacuation
[2024-05-30T12:15:34.794+0000][6074.213s][info][gc,phases   ] GC(1070)   Pre Evacuate Collection Set: 0.2ms
[2024-05-30T12:15:34.794+0000][6074.213s][info][gc,phases   ] GC(1070)   Merge Heap Roots: 0.3ms
[2024-05-30T12:15:34.794+0000][6074.213s][info][gc,phases   ] GC(1070)   Evacuate Collection Set: 27.1ms
[2024-05-30T12:15:34.794+0000][6074.213s][info][gc,phases   ] GC(1070)   Post Evacuate Collection Set: 1.9ms
[2024-05-30T12:15:34.794+0000][6074.213s][info][gc,phases   ] GC(1070)   Other: 0.2ms
[2024-05-30T12:15:34.794+0000][6074.213s][info][gc,heap     ] GC(1070) Eden regions: 912->0(909)
[2024-05-30T12:15:34.794+0000][6074.213s][info][gc,heap     ] GC(1070) Survivor regions: 9->12(116)
[2024-05-30T12:15:34.794+0000][6074.213s][info][gc,heap     ] GC(1070) Old regions: 239->239
[2024-05-30T12:15:34.794+0000][6074.213s][info][gc,heap     ] GC(1070) Archive regions: 2->2
[2024-05-30T12:15:34.794+0000][6074.213s][info][gc,heap     ] GC(1070) Humongous regions: 5->5
[2024-05-30T12:15:34.794+0000][6074.213s][info][gc,metaspace] GC(1070) Metaspace: 414055K(420096K)->414055K(420096K) NonClass: 362044K(365440K)->362044K(365440K) Class: 52011K(54656K)->52011K(54656K)
[2024-05-30T12:15:34.794+0000][6074.213s][info][gc          ] GC(1070) Pause Young (Normal) (G1 Evacuation Pause) 9317M->2046M(12288M) 29.730ms
[2024-05-30T12:15:34.794+0000][6074.213s][info][gc,cpu      ] GC(1070) User=0.17s Sys=0.01s Real=0.03s
[2024-05-30T12:15:45.060+0000][6084.479s][info][gc,start    ] GC(1071) Pause Young (Concurrent Start) (G1 Evacuation Pause)
[2024-05-30T12:15:45.060+0000][6084.479s][info][gc,task     ] GC(1071) Using 6 workers of 6 for evacuation
[2024-05-30T12:15:45.097+0000][6084.516s][info][gc,phases   ] GC(1071)   Pre Evacuate Collection Set: 0.6ms
[2024-05-30T12:15:45.097+0000][6084.516s][info][gc,phases   ] GC(1071)   Merge Heap Roots: 0.3ms
[2024-05-30T12:15:45.097+0000][6084.516s][info][gc,phases   ] GC(1071)   Evacuate Collection Set: 33.8ms
[2024-05-30T12:15:45.097+0000][6084.516s][info][gc,phases   ] GC(1071)   Post Evacuate Collection Set: 1.8ms
[2024-05-30T12:15:45.097+0000][6084.516s][info][gc,phases   ] GC(1071)   Other: 0.3ms
[2024-05-30T12:15:45.097+0000][6084.516s][info][gc,heap     ] GC(1071) Eden regions: 909->0(906)
[2024-05-30T12:15:45.097+0000][6084.516s][info][gc,heap     ] GC(1071) Survivor regions: 12->15(116)
[2024-05-30T12:15:45.097+0000][6084.516s][info][gc,heap     ] GC(1071) Old regions: 239->239
[2024-05-30T12:15:45.097+0000][6084.516s][info][gc,heap     ] GC(1071) Archive regions: 2->2
[2024-05-30T12:15:45.097+0000][6084.516s][info][gc,heap     ] GC(1071) Humongous regions: 5->5
[2024-05-30T12:15:45.097+0000][6084.516s][info][gc,metaspace] GC(1071) Metaspace: 414061K(420096K)->414061K(420096K) NonClass: 362050K(365440K)->362050K(365440K) Class: 52011K(54656K)->52011K(54656K)
[2024-05-30T12:15:45.097+0000][6084.516s][info][gc          ] GC(1071) Pause Young (Concurrent Start) (G1 Evacuation Pause) 9318M->2074M(12288M) 36.854ms
[2024-05-30T12:15:45.097+0000][6084.516s][info][gc,cpu      ] GC(1071) User=0.22s Sys=0.00s Real=0.04s
[2024-05-30T12:15:45.097+0000][6084.516s][info][gc          ] GC(1072) Concurrent Mark Cycle
[2024-05-30T12:15:45.097+0000][6084.516s][info][gc,marking  ] GC(1072) Concurrent Clear Claimed Marks
[2024-05-30T12:15:45.097+0000][6084.517s][info][gc,marking  ] GC(1072) Concurrent Clear Claimed Marks 0.422ms
[2024-05-30T12:15:45.097+0000][6084.517s][info][gc,marking  ] GC(1072) Concurrent Scan Root Regions
[2024-05-30T12:15:45.141+0000][6084.560s][info][gc,marking  ] GC(1072) Concurrent Scan Root Regions 43.319ms
[2024-05-30T12:15:45.141+0000][6084.560s][info][gc,marking  ] GC(1072) Concurrent Mark
[2024-05-30T12:15:45.141+0000][6084.560s][info][gc,marking  ] GC(1072) Concurrent Mark From Roots
[2024-05-30T12:15:45.141+0000][6084.560s][info][gc,task     ] GC(1072) Using 2 workers of 2 for marking
[2024-05-30T12:15:46.390+0000][6085.809s][info][gc,marking  ] GC(1072) Concurrent Mark From Roots 1248.860ms
[2024-05-30T12:15:46.390+0000][6085.809s][info][gc,marking  ] GC(1072) Concurrent Preclean
[2024-05-30T12:15:46.391+0000][6085.810s][info][gc,marking  ] GC(1072) Concurrent Preclean 0.997ms
[2024-05-30T12:15:46.391+0000][6085.810s][info][gc,start    ] GC(1072) Pause Remark
[2024-05-30T12:15:46.412+0000][6085.831s][info][gc          ] GC(1072) Pause Remark 2926M->2926M(12288M) 20.933ms
[2024-05-30T12:15:46.412+0000][6085.831s][info][gc,cpu      ] GC(1072) User=0.08s Sys=0.00s Real=0.02s
[2024-05-30T12:15:46.412+0000][6085.831s][info][gc,marking  ] GC(1072) Concurrent Mark 1271.337ms
[2024-05-30T12:15:46.412+0000][6085.831s][info][gc,marking  ] GC(1072) Concurrent Rebuild Remembered Sets
[2024-05-30T12:15:47.137+0000][6086.557s][info][gc,marking  ] GC(1072) Concurrent Rebuild Remembered Sets 725.326ms
[2024-05-30T12:15:47.138+0000][6086.557s][info][gc,start    ] GC(1072) Pause Cleanup
[2024-05-30T12:15:47.138+0000][6086.557s][info][gc          ] GC(1072) Pause Cleanup 3414M->3414M(12288M) 0.532ms
[2024-05-30T12:15:47.138+0000][6086.557s][info][gc,cpu      ] GC(1072) User=0.01s Sys=0.00s Real=0.00s
[2024-05-30T12:15:47.138+0000][6086.557s][info][gc,marking  ] GC(1072) Concurrent Cleanup for Next Mark
[2024-05-30T12:15:47.156+0000][6086.575s][info][gc,marking  ] GC(1072) Concurrent Cleanup for Next Mark 17.505ms
[2024-05-30T12:15:47.156+0000][6086.575s][info][gc          ] GC(1072) Concurrent Mark Cycle 2058.961ms
[2024-05-30T12:15:54.832+0000][6094.251s][info][gc,start    ] GC(1073) Pause Young (Prepare Mixed) (G1 Evacuation Pause)
[2024-05-30T12:15:54.832+0000][6094.251s][info][gc,task     ] GC(1073) Using 6 workers of 6 for evacuation
[2024-05-30T12:15:54.874+0000][6094.293s][info][gc,phases   ] GC(1073)   Pre Evacuate Collection Set: 0.2ms
[2024-05-30T12:15:54.874+0000][6094.293s][info][gc,phases   ] GC(1073)   Merge Heap Roots: 0.3ms
[2024-05-30T12:15:54.874+0000][6094.293s][info][gc,phases   ] GC(1073)   Evacuate Collection Set: 39.3ms
[2024-05-30T12:15:54.874+0000][6094.293s][info][gc,phases   ] GC(1073)   Post Evacuate Collection Set: 2.1ms
[2024-05-30T12:15:54.874+0000][6094.293s][info][gc,phases   ] GC(1073)   Other: 0.2ms
[2024-05-30T12:15:54.874+0000][6094.293s][info][gc,heap     ] GC(1073) Eden regions: 906->0(61)
[2024-05-30T12:15:54.874+0000][6094.293s][info][gc,heap     ] GC(1073) Survivor regions: 15->15(116)
[2024-05-30T12:15:54.874+0000][6094.293s][info][gc,heap     ] GC(1073) Old regions: 239->239
[2024-05-30T12:15:54.874+0000][6094.293s][info][gc,heap     ] GC(1073) Archive regions: 2->2
[2024-05-30T12:15:54.874+0000][6094.293s][info][gc,heap     ] GC(1073) Humongous regions: 5->5
[2024-05-30T12:15:54.874+0000][6094.293s][info][gc,metaspace] GC(1073) Metaspace: 414063K(420096K)->414063K(420096K) NonClass: 362052K(365440K)->362052K(365440K) Class: 52011K(54656K)->52011K(54656K)
[2024-05-30T12:15:54.874+0000][6094.293s][info][gc          ] GC(1073) Pause Young (Prepare Mixed) (G1 Evacuation Pause) 9322M->2069M(12288M) 42.193ms
[2024-05-30T12:15:54.874+0000][6094.293s][info][gc,cpu      ] GC(1073) User=0.25s Sys=0.00s Real=0.04s
[2024-05-30T12:15:55.555+0000][6094.974s][info][gc,start    ] GC(1074) Pause Young (Mixed) (G1 Evacuation Pause)
[2024-05-30T12:15:55.555+0000][6094.974s][info][gc,task     ] GC(1074) Using 6 workers of 6 for evacuation
[2024-05-30T12:15:55.612+0000][6095.032s][info][gc,phases   ] GC(1074)   Pre Evacuate Collection Set: 0.2ms
[2024-05-30T12:15:55.613+0000][6095.032s][info][gc,phases   ] GC(1074)   Merge Heap Roots: 0.2ms
[2024-05-30T12:15:55.613+0000][6095.032s][info][gc,phases   ] GC(1074)   Evacuate Collection Set: 55.4ms
[2024-05-30T12:15:55.613+0000][6095.032s][info][gc,phases   ] GC(1074)   Post Evacuate Collection Set: 1.4ms
[2024-05-30T12:15:55.613+0000][6095.032s][info][gc,phases   ] GC(1074)   Other: 0.2ms
[2024-05-30T12:15:55.613+0000][6095.032s][info][gc,heap     ] GC(1074) Eden regions: 61->0(915)
[2024-05-30T12:15:55.613+0000][6095.032s][info][gc,heap     ] GC(1074) Survivor regions: 15->6(10)
[2024-05-30T12:15:55.613+0000][6095.032s][info][gc,heap     ] GC(1074) Old regions: 239->235
[2024-05-30T12:15:55.613+0000][6095.032s][info][gc,heap     ] GC(1074) Archive regions: 2->2
[2024-05-30T12:15:55.613+0000][6095.032s][info][gc,heap     ] GC(1074) Humongous regions: 5->5
[2024-05-30T12:15:55.613+0000][6095.032s][info][gc,metaspace] GC(1074) Metaspace: 414063K(420096K)->414063K(420096K) NonClass: 362052K(365440K)->362052K(365440K) Class: 52011K(54656K)->52011K(54656K)
[2024-05-30T12:15:55.613+0000][6095.032s][info][gc          ] GC(1074) Pause Young (Mixed) (G1 Evacuation Pause) 2557M->1969M(12288M) 57.486ms
[2024-05-30T12:15:55.613+0000][6095.032s][info][gc,cpu      ] GC(1074) User=0.34s Sys=0.00s Real=0.06s
[2024-05-30T12:16:05.632+0000][6105.051s][info][gc,start    ] GC(1075) Pause Young (Normal) (G1 Evacuation Pause)
[2024-05-30T12:16:05.632+0000][6105.051s][info][gc,task     ] GC(1075) Using 6 workers of 6 for evacuation
[2024-05-30T12:16:05.653+0000][6105.072s][info][gc,phases   ] GC(1075)   Pre Evacuate Collection Set: 0.2ms
[2024-05-30T12:16:05.653+0000][6105.072s][info][gc,phases   ] GC(1075)   Merge Heap Roots: 0.2ms
[2024-05-30T12:16:05.653+0000][6105.072s][info][gc,phases   ] GC(1075)   Evacuate Collection Set: 18.4ms
[2024-05-30T12:16:05.653+0000][6105.072s][info][gc,phases   ] GC(1075)   Post Evacuate Collection Set: 1.8ms
[2024-05-30T12:16:05.653+0000][6105.072s][info][gc,phases   ] GC(1075)   Other: 0.2ms
[2024-05-30T12:16:05.653+0000][6105.072s][info][gc,heap     ] GC(1075) Eden regions: 915->0(913)
[2024-05-30T12:16:05.653+0000][6105.072s][info][gc,heap     ] GC(1075) Survivor regions: 6->8(116)
[2024-05-30T12:16:05.653+0000][6105.072s][info][gc,heap     ] GC(1075) Old regions: 235->235
[2024-05-30T12:16:05.653+0000][6105.072s][info][gc,heap     ] GC(1075) Archive regions: 2->2
[2024-05-30T12:16:05.653+0000][6105.072s][info][gc,heap     ] GC(1075) Humongous regions: 5->5
[2024-05-30T12:16:05.653+0000][6105.072s][info][gc,metaspace] GC(1075) Metaspace: 414063K(420096K)->414063K(420096K) NonClass: 362052K(365440K)->362052K(365440K) Class: 52011K(54656K)->52011K(54656K)
[2024-05-30T12:16:05.653+0000][6105.072s][info][gc          ] GC(1075) Pause Young (Normal) (G1 Evacuation Pause) 9289M->1986M(12288M) 20.887ms
[2024-05-30T12:16:05.653+0000][6105.072s][info][gc,cpu      ] GC(1075) User=0.13s Sys=0.00s Real=0.02s
[2024-05-30T12:16:13.965+0000][6113.384s][info][gc,start    ] GC(1076) Pause Young (Concurrent Start) (G1 Humongous Allocation)
[2024-05-30T12:16:13.965+0000][6113.384s][info][gc,task     ] GC(1076) Using 6 workers of 6 for evacuation
[2024-05-30T12:16:13.998+0000][6113.418s][info][gc,phases   ] GC(1076)   Pre Evacuate Collection Set: 0.6ms
[2024-05-30T12:16:13.998+0000][6113.418s][info][gc,phases   ] GC(1076)   Merge Heap Roots: 0.2ms
[2024-05-30T12:16:13.998+0000][6113.418s][info][gc,phases   ] GC(1076)   Evacuate Collection Set: 30.9ms
[2024-05-30T12:16:13.998+0000][6113.418s][info][gc,phases   ] GC(1076)   Post Evacuate Collection Set: 1.8ms
[2024-05-30T12:16:13.998+0000][6113.418s][info][gc,phases   ] GC(1076)   Other: 0.3ms
[2024-05-30T12:16:13.998+0000][6113.418s][info][gc,heap     ] GC(1076) Eden regions: 747->0(908)
[2024-05-30T12:16:13.998+0000][6113.418s][info][gc,heap     ] GC(1076) Survivor regions: 8->13(116)
[2024-05-30T12:16:13.998+0000][6113.418s][info][gc,heap     ] GC(1076) Old regions: 235->235
[2024-05-30T12:16:13.998+0000][6113.418s][info][gc,heap     ] GC(1076) Archive regions: 2->2
[2024-05-30T12:16:13.998+0000][6113.418s][info][gc,heap     ] GC(1076) Humongous regions: 5->5
[2024-05-30T12:16:13.998+0000][6113.418s][info][gc,metaspace] GC(1076) Metaspace: 414080K(420096K)->414080K(420096K) NonClass: 362069K(365440K)->362069K(365440K) Class: 52011K(54656K)->52011K(54656K)
[2024-05-30T12:16:13.998+0000][6113.418s][info][gc          ] GC(1076) Pause Young (Concurrent Start) (G1 Humongous Allocation) 7962M->2022M(12288M) 33.902ms
[2024-05-30T12:16:13.998+0000][6113.418s][info][gc,cpu      ] GC(1076) User=0.19s Sys=0.00s Real=0.04s
[2024-05-30T12:16:13.998+0000][6113.418s][info][gc          ] GC(1077) Concurrent Mark Cycle
[2024-05-30T12:16:13.999+0000][6113.418s][info][gc,marking  ] GC(1077) Concurrent Clear Claimed Marks
[2024-05-30T12:16:13.999+0000][6113.418s][info][gc,marking  ] GC(1077) Concurrent Clear Claimed Marks 0.427ms
[2024-05-30T12:16:13.999+0000][6113.418s][info][gc,marking  ] GC(1077) Concurrent Scan Root Regions
[2024-05-30T12:16:14.062+0000][6113.482s][info][gc,marking  ] GC(1077) Concurrent Scan Root Regions 63.350ms
[2024-05-30T12:16:14.062+0000][6113.482s][info][gc,marking  ] GC(1077) Concurrent Mark
[2024-05-30T12:16:14.062+0000][6113.482s][info][gc,marking  ] GC(1077) Concurrent Mark From Roots
[2024-05-30T12:16:14.062+0000][6113.482s][info][gc,task     ] GC(1077) Using 2 workers of 2 for marking
[2024-05-30T12:16:15.331+0000][6114.750s][info][gc,marking  ] GC(1077) Concurrent Mark From Roots 1268.823ms
[2024-05-30T12:16:15.331+0000][6114.750s][info][gc,marking  ] GC(1077) Concurrent Preclean
[2024-05-30T12:16:15.332+0000][6114.751s][info][gc,marking  ] GC(1077) Concurrent Preclean 0.872ms
[2024-05-30T12:16:15.332+0000][6114.752s][info][gc,start    ] GC(1077) Pause Remark
[2024-05-30T12:16:15.353+0000][6114.773s][info][gc          ] GC(1077) Pause Remark 4882M->4882M(12288M) 21.054ms
[2024-05-30T12:16:15.353+0000][6114.773s][info][gc,cpu      ] GC(1077) User=0.08s Sys=0.00s Real=0.02s
[2024-05-30T12:16:15.354+0000][6114.773s][info][gc,marking  ] GC(1077) Concurrent Mark 1291.202ms
[2024-05-30T12:16:15.354+0000][6114.773s][info][gc,marking  ] GC(1077) Concurrent Rebuild Remembered Sets
[2024-05-30T12:16:16.139+0000][6115.558s][info][gc,marking  ] GC(1077) Concurrent Rebuild Remembered Sets 785.380ms
[2024-05-30T12:16:16.139+0000][6115.558s][info][gc,start    ] GC(1077) Pause Cleanup
[2024-05-30T12:16:16.140+0000][6115.559s][info][gc          ] GC(1077) Pause Cleanup 6822M->6822M(12288M) 0.550ms
[2024-05-30T12:16:16.140+0000][6115.559s][info][gc,cpu      ] GC(1077) User=0.00s Sys=0.00s Real=0.00s
[2024-05-30T12:16:16.140+0000][6115.559s][info][gc,marking  ] GC(1077) Concurrent Cleanup for Next Mark
[2024-05-30T12:16:16.157+0000][6115.576s][info][gc,marking  ] GC(1077) Concurrent Cleanup for Next Mark 17.149ms
[2024-05-30T12:16:16.157+0000][6115.576s][info][gc          ] GC(1077) Concurrent Mark Cycle 2158.612ms
[2024-05-30T12:16:17.092+0000][6116.512s][info][gc,start    ] GC(1078) Pause Young (Prepare Mixed) (G1 Evacuation Pause)
[2024-05-30T12:16:17.092+0000][6116.512s][info][gc,task     ] GC(1078) Using 6 workers of 6 for evacuation
[2024-05-30T12:16:17.238+0000][6116.658s][info][gc,phases   ] GC(1078)   Pre Evacuate Collection Set: 0.2ms
[2024-05-30T12:16:17.238+0000][6116.658s][info][gc,phases   ] GC(1078)   Merge Heap Roots: 1.0ms
[2024-05-30T12:16:17.238+0000][6116.658s][info][gc,phases   ] GC(1078)   Evacuate Collection Set: 113.6ms
[2024-05-30T12:16:17.238+0000][6116.658s][info][gc,phases   ] GC(1078)   Post Evacuate Collection Set: 31.0ms
[2024-05-30T12:16:17.238+0000][6116.658s][info][gc,phases   ] GC(1078)   Other: 0.2ms
[2024-05-30T12:16:17.238+0000][6116.658s][info][gc,heap     ] GC(1078) Eden regions: 908->0(55)
[2024-05-30T12:16:17.238+0000][6116.658s][info][gc,heap     ] GC(1078) Survivor regions: 13->21(116)
[2024-05-30T12:16:17.238+0000][6116.658s][info][gc,heap     ] GC(1078) Old regions: 235->235
[2024-05-30T12:16:17.238+0000][6116.658s][info][gc,heap     ] GC(1078) Archive regions: 2->2
[2024-05-30T12:16:17.238+0000][6116.658s][info][gc,heap     ] GC(1078) Humongous regions: 7->7
[2024-05-30T12:16:17.238+0000][6116.658s][info][gc,metaspace] GC(1078) Metaspace: 414080K(420096K)->414080K(420096K) NonClass: 362069K(365440K)->362069K(365440K) Class: 52011K(54656K)->52011K(54656K)
[2024-05-30T12:16:17.238+0000][6116.658s][info][gc          ] GC(1078) Pause Young (Prepare Mixed) (G1 Evacuation Pause) 9302M->2103M(12288M) 146.044ms
[2024-05-30T12:16:17.239+0000][6116.658s][info][gc,cpu      ] GC(1078) User=0.87s Sys=0.00s Real=0.15s
[2024-05-30T12:16:17.424+0000][6116.843s][info][gc,start    ] GC(1079) Pause Young (Mixed) (G1 Evacuation Pause)
[2024-05-30T12:16:17.424+0000][6116.843s][info][gc,task     ] GC(1079) Using 6 workers of 6 for evacuation
[2024-05-30T12:16:17.504+0000][6116.923s][info][gc,phases   ] GC(1079)   Pre Evacuate Collection Set: 0.2ms
[2024-05-30T12:16:17.504+0000][6116.923s][info][gc,phases   ] GC(1079)   Merge Heap Roots: 0.3ms
[2024-05-30T12:16:17.504+0000][6116.923s][info][gc,phases   ] GC(1079)   Evacuate Collection Set: 76.4ms
[2024-05-30T12:16:17.504+0000][6116.923s][info][gc,phases   ] GC(1079)   Post Evacuate Collection Set: 2.9ms
[2024-05-30T12:16:17.504+0000][6116.923s][info][gc,phases   ] GC(1079)   Other: 0.2ms
[2024-05-30T12:16:17.504+0000][6116.923s][info][gc,heap     ] GC(1079) Eden regions: 55->0(918)
[2024-05-30T12:16:17.504+0000][6116.923s][info][gc,heap     ] GC(1079) Survivor regions: 21->3(10)
[2024-05-30T12:16:17.504+0000][6116.923s][info][gc,heap     ] GC(1079) Old regions: 235->242
[2024-05-30T12:16:17.504+0000][6116.923s][info][gc,heap     ] GC(1079) Archive regions: 2->2
[2024-05-30T12:16:17.504+0000][6116.923s][info][gc,heap     ] GC(1079) Humongous regions: 7->7
[2024-05-30T12:16:17.504+0000][6116.923s][info][gc,metaspace] GC(1079) Metaspace: 414080K(420096K)->414080K(420096K) NonClass: 362069K(365440K)->362069K(365440K) Class: 52011K(54656K)->52011K(54656K)
[2024-05-30T12:16:17.504+0000][6116.923s][info][gc          ] GC(1079) Pause Young (Mixed) (G1 Evacuation Pause) 2543M->2016M(12288M) 79.971ms
[2024-05-30T12:16:17.504+0000][6116.923s][info][gc,cpu      ] GC(1079) User=0.47s Sys=0.00s Real=0.08s
[2024-05-30T12:16:20.326+0000][6119.745s][info][gc,start    ] GC(1080) Pause Young (Normal) (G1 Evacuation Pause)
[2024-05-30T12:16:20.326+0000][6119.745s][info][gc,task     ] GC(1080) Using 6 workers of 6 for evacuation
[2024-05-30T12:16:20.417+0000][6119.836s][info][gc,phases   ] GC(1080)   Pre Evacuate Collection Set: 0.2ms
[2024-05-30T12:16:20.417+0000][6119.836s][info][gc,phases   ] GC(1080)   Merge Heap Roots: 0.3ms
[2024-05-30T12:16:20.417+0000][6119.836s][info][gc,phases   ] GC(1080)   Evacuate Collection Set: 66.8ms
[2024-05-30T12:16:20.417+0000][6119.836s][info][gc,phases   ] GC(1080)   Post Evacuate Collection Set: 23.5ms
[2024-05-30T12:16:20.417+0000][6119.836s][info][gc,phases   ] GC(1080)   Other: 0.2ms
[2024-05-30T12:16:20.417+0000][6119.836s][info][gc,heap     ] GC(1080) Eden regions: 918->0(913)
[2024-05-30T12:16:20.417+0000][6119.836s][info][gc,heap     ] GC(1080) Survivor regions: 3->8(116)
[2024-05-30T12:16:20.417+0000][6119.836s][info][gc,heap     ] GC(1080) Old regions: 242->242
[2024-05-30T12:16:20.417+0000][6119.836s][info][gc,heap     ] GC(1080) Archive regions: 2->2
[2024-05-30T12:16:20.417+0000][6119.836s][info][gc,heap     ] GC(1080) Humongous regions: 7->7
[2024-05-30T12:16:20.417+0000][6119.836s][info][gc,metaspace] GC(1080) Metaspace: 414080K(420096K)->414080K(420096K) NonClass: 362069K(365440K)->362069K(365440K) Class: 52011K(54656K)->52011K(54656K)
[2024-05-30T12:16:20.417+0000][6119.836s][info][gc          ] GC(1080) Pause Young (Normal) (G1 Evacuation Pause) 9360M->2053M(12288M) 91.148ms
[2024-05-30T12:16:20.417+0000][6119.836s][info][gc,cpu      ] GC(1080) User=0.52s Sys=0.00s Real=0.10s
[2024-05-30T12:16:23.045+0000][6122.465s][info][gc,start    ] GC(1081) Pause Young (Normal) (G1 Evacuation Pause)
[2024-05-30T12:16:23.045+0000][6122.465s][info][gc,task     ] GC(1081) Using 6 workers of 6 for evacuation
[2024-05-30T12:16:23.145+0000][6122.564s][info][gc,phases   ] GC(1081)   Pre Evacuate Collection Set: 0.2ms
[2024-05-30T12:16:23.145+0000][6122.564s][info][gc,phases   ] GC(1081)   Merge Heap Roots: 0.5ms
[2024-05-30T12:16:23.145+0000][6122.564s][info][gc,phases   ] GC(1081)   Evacuate Collection Set: 79.4ms
[2024-05-30T12:16:23.145+0000][6122.564s][info][gc,phases   ] GC(1081)   Post Evacuate Collection Set: 19.3ms
[2024-05-30T12:16:23.145+0000][6122.564s][info][gc,phases   ] GC(1081)   Other: 0.3ms
[2024-05-30T12:16:23.145+0000][6122.564s][info][gc,heap     ] GC(1081) Eden regions: 913->0(908)
[2024-05-30T12:16:23.145+0000][6122.564s][info][gc,heap     ] GC(1081) Survivor regions: 8->13(116)
[2024-05-30T12:16:23.145+0000][6122.564s][info][gc,heap     ] GC(1081) Old regions: 242->242
[2024-05-30T12:16:23.145+0000][6122.564s][info][gc,heap     ] GC(1081) Archive regions: 2->2
[2024-05-30T12:16:23.145+0000][6122.564s][info][gc,heap     ] GC(1081) Humongous regions: 7->7
[2024-05-30T12:16:23.145+0000][6122.564s][info][gc,metaspace] GC(1081) Metaspace: 414080K(420096K)->414080K(420096K) NonClass: 362069K(365440K)->362069K(365440K) Class: 52011K(54656K)->52011K(54656K)
[2024-05-30T12:16:23.145+0000][6122.564s][info][gc          ] GC(1081) Pause Young (Normal) (G1 Evacuation Pause) 9357M->2096M(12288M) 99.717ms
[2024-05-30T12:16:23.145+0000][6122.564s][info][gc,cpu      ] GC(1081) User=0.59s Sys=0.00s Real=0.10s
[2024-05-30T12:16:25.782+0000][6125.201s][info][gc,start    ] GC(1082) Pause Young (Concurrent Start) (G1 Evacuation Pause)
[2024-05-30T12:16:25.782+0000][6125.201s][info][gc,task     ] GC(1082) Using 6 workers of 6 for evacuation
[2024-05-30T12:16:25.914+0000][6125.334s][info][gc,phases   ] GC(1082)   Pre Evacuate Collection Set: 0.6ms
[2024-05-30T12:16:25.914+0000][6125.334s][info][gc,phases   ] GC(1082)   Merge Heap Roots: 0.5ms
[2024-05-30T12:16:25.914+0000][6125.334s][info][gc,phases   ] GC(1082)   Evacuate Collection Set: 105.3ms
[2024-05-30T12:16:25.914+0000][6125.334s][info][gc,phases   ] GC(1082)   Post Evacuate Collection Set: 26.0ms
[2024-05-30T12:16:25.914+0000][6125.334s][info][gc,phases   ] GC(1082)   Other: 0.3ms
[2024-05-30T12:16:25.914+0000][6125.334s][info][gc,heap     ] GC(1082) Eden regions: 908->0(901)
[2024-05-30T12:16:25.914+0000][6125.334s][info][gc,heap     ] GC(1082) Survivor regions: 13->20(116)
[2024-05-30T12:16:25.914+0000][6125.334s][info][gc,heap     ] GC(1082) Old regions: 242->242
[2024-05-30T12:16:25.914+0000][6125.334s][info][gc,heap     ] GC(1082) Archive regions: 2->2
[2024-05-30T12:16:25.914+0000][6125.334s][info][gc,heap     ] GC(1082) Humongous regions: 7->7
[2024-05-30T12:16:25.914+0000][6125.334s][info][gc,metaspace] GC(1082) Metaspace: 414080K(420096K)->414080K(420096K) NonClass: 362069K(365440K)->362069K(365440K) Class: 52011K(54656K)->52011K(54656K)
[2024-05-30T12:16:25.914+0000][6125.334s][info][gc          ] GC(1082) Pause Young (Concurrent Start) (G1 Evacuation Pause) 9360M->2146M(12288M) 132.641ms
[2024-05-30T12:16:25.914+0000][6125.334s][info][gc,cpu      ] GC(1082) User=0.76s Sys=0.01s Real=0.13s
[2024-05-30T12:16:25.915+0000][6125.334s][info][gc          ] GC(1083) Concurrent Mark Cycle
[2024-05-30T12:16:25.915+0000][6125.334s][info][gc,marking  ] GC(1083) Concurrent Clear Claimed Marks
[2024-05-30T12:16:25.915+0000][6125.334s][info][gc,marking  ] GC(1083) Concurrent Clear Claimed Marks 0.420ms
[2024-05-30T12:16:25.915+0000][6125.334s][info][gc,marking  ] GC(1083) Concurrent Scan Root Regions
[2024-05-30T12:16:25.981+0000][6125.400s][info][gc,marking  ] GC(1083) Concurrent Scan Root Regions 65.985ms
[2024-05-30T12:16:25.981+0000][6125.400s][info][gc,marking  ] GC(1083) Concurrent Mark
[2024-05-30T12:16:25.981+0000][6125.400s][info][gc,marking  ] GC(1083) Concurrent Mark From Roots
[2024-05-30T12:16:25.981+0000][6125.400s][info][gc,task     ] GC(1083) Using 2 workers of 2 for marking
[2024-05-30T12:16:27.130+0000][6126.550s][info][gc,marking  ] GC(1083) Concurrent Mark From Roots 1149.304ms
[2024-05-30T12:16:27.130+0000][6126.550s][info][gc,marking  ] GC(1083) Concurrent Preclean
[2024-05-30T12:16:27.131+0000][6126.550s][info][gc,marking  ] GC(1083) Concurrent Preclean 0.790ms
[2024-05-30T12:16:27.131+0000][6126.551s][info][gc,start    ] GC(1083) Pause Remark
[2024-05-30T12:16:27.152+0000][6126.571s][info][gc          ] GC(1083) Pause Remark 4874M->4866M(12288M) 20.884ms
[2024-05-30T12:16:27.152+0000][6126.572s][info][gc,cpu      ] GC(1083) User=0.08s Sys=0.00s Real=0.02s
[2024-05-30T12:16:27.152+0000][6126.572s][info][gc,marking  ] GC(1083) Concurrent Mark 1171.347ms
[2024-05-30T12:16:27.152+0000][6126.572s][info][gc,marking  ] GC(1083) Concurrent Rebuild Remembered Sets
[2024-05-30T12:16:27.886+0000][6127.306s][info][gc,marking  ] GC(1083) Concurrent Rebuild Remembered Sets 734.027ms
[2024-05-30T12:16:27.887+0000][6127.306s][info][gc,start    ] GC(1083) Pause Cleanup
[2024-05-30T12:16:27.887+0000][6127.306s][info][gc          ] GC(1083) Pause Cleanup 6518M->6518M(12288M) 0.568ms
[2024-05-30T12:16:27.887+0000][6127.307s][info][gc,cpu      ] GC(1083) User=0.00s Sys=0.00s Real=0.00s
[2024-05-30T12:16:27.887+0000][6127.307s][info][gc,marking  ] GC(1083) Concurrent Cleanup for Next Mark
[2024-05-30T12:16:27.915+0000][6127.334s][info][gc,marking  ] GC(1083) Concurrent Cleanup for Next Mark 27.797ms
[2024-05-30T12:16:27.915+0000][6127.334s][info][gc          ] GC(1083) Concurrent Mark Cycle 2000.671ms
[2024-05-30T12:16:28.883+0000][6128.302s][info][gc,start    ] GC(1084) Pause Young (Prepare Mixed) (G1 Evacuation Pause)
[2024-05-30T12:16:28.883+0000][6128.302s][info][gc,task     ] GC(1084) Using 6 workers of 6 for evacuation
[2024-05-30T12:16:29.022+0000][6128.442s][info][gc,phases   ] GC(1084)   Pre Evacuate Collection Set: 0.2ms
[2024-05-30T12:16:29.022+0000][6128.442s][info][gc,phases   ] GC(1084)   Merge Heap Roots: 1.0ms
[2024-05-30T12:16:29.022+0000][6128.442s][info][gc,phases   ] GC(1084)   Evacuate Collection Set: 114.9ms
[2024-05-30T12:16:29.022+0000][6128.442s][info][gc,phases   ] GC(1084)   Post Evacuate Collection Set: 23.5ms
[2024-05-30T12:16:29.022+0000][6128.442s][info][gc,phases   ] GC(1084)   Other: 0.2ms
[2024-05-30T12:16:29.022+0000][6128.442s][info][gc,heap     ] GC(1084) Eden regions: 901->0(53)
[2024-05-30T12:16:29.022+0000][6128.442s][info][gc,heap     ] GC(1084) Survivor regions: 20->23(116)
[2024-05-30T12:16:29.022+0000][6128.442s][info][gc,heap     ] GC(1084) Old regions: 242->242
[2024-05-30T12:16:29.022+0000][6128.442s][info][gc,heap     ] GC(1084) Archive regions: 2->2
[2024-05-30T12:16:29.022+0000][6128.442s][info][gc,heap     ] GC(1084) Humongous regions: 6->6
[2024-05-30T12:16:29.022+0000][6128.442s][info][gc,metaspace] GC(1084) Metaspace: 414080K(420096K)->414080K(420096K) NonClass: 362069K(365440K)->362069K(365440K) Class: 52011K(54656K)->52011K(54656K)
[2024-05-30T12:16:29.022+0000][6128.442s][info][gc          ] GC(1084) Pause Young (Prepare Mixed) (G1 Evacuation Pause) 9346M->2168M(12288M) 139.863ms
[2024-05-30T12:16:29.022+0000][6128.442s][info][gc,cpu      ] GC(1084) User=0.82s Sys=0.00s Real=0.14s
[2024-05-30T12:16:29.240+0000][6128.659s][info][gc,start    ] GC(1085) Pause Young (Mixed) (G1 Evacuation Pause)
[2024-05-30T12:16:29.240+0000][6128.659s][info][gc,task     ] GC(1085) Using 6 workers of 6 for evacuation
[2024-05-30T12:16:29.328+0000][6128.747s][info][gc,phases   ] GC(1085)   Pre Evacuate Collection Set: 0.2ms
[2024-05-30T12:16:29.328+0000][6128.747s][info][gc,phases   ] GC(1085)   Merge Heap Roots: 0.4ms
[2024-05-30T12:16:29.328+0000][6128.747s][info][gc,phases   ] GC(1085)   Evacuate Collection Set: 84.3ms
[2024-05-30T12:16:29.328+0000][6128.747s][info][gc,phases   ] GC(1085)   Post Evacuate Collection Set: 2.4ms
[2024-05-30T12:16:29.328+0000][6128.747s][info][gc,phases   ] GC(1085)   Other: 0.2ms
[2024-05-30T12:16:29.328+0000][6128.747s][info][gc,heap     ] GC(1085) Eden regions: 53->0(918)
[2024-05-30T12:16:29.328+0000][6128.747s][info][gc,heap     ] GC(1085) Survivor regions: 23->3(10)
[2024-05-30T12:16:29.328+0000][6128.747s][info][gc,heap     ] GC(1085) Old regions: 242->245
[2024-05-30T12:16:29.328+0000][6128.747s][info][gc,heap     ] GC(1085) Archive regions: 2->2
[2024-05-30T12:16:29.328+0000][6128.747s][info][gc,heap     ] GC(1085) Humongous regions: 6->6
[2024-05-30T12:16:29.328+0000][6128.747s][info][gc,metaspace] GC(1085) Metaspace: 414080K(420096K)->414080K(420096K) NonClass: 362069K(365440K)->362069K(365440K) Class: 52011K(54656K)->52011K(54656K)
[2024-05-30T12:16:29.328+0000][6128.747s][info][gc          ] GC(1085) Pause Young (Mixed) (G1 Evacuation Pause) 2592M->2032M(12288M) 87.596ms
[2024-05-30T12:16:29.328+0000][6128.747s][info][gc,cpu      ] GC(1085) User=0.52s Sys=0.00s Real=0.08s
[2024-05-30T12:16:31.943+0000][6131.362s][info][gc,start    ] GC(1086) Pause Young (Normal) (G1 Evacuation Pause)
[2024-05-30T12:16:31.943+0000][6131.362s][info][gc,task     ] GC(1086) Using 6 workers of 6 for evacuation
[2024-05-30T12:16:32.018+0000][6131.437s][info][gc,phases   ] GC(1086)   Pre Evacuate Collection Set: 0.2ms
[2024-05-30T12:16:32.018+0000][6131.437s][info][gc,phases   ] GC(1086)   Merge Heap Roots: 0.3ms
[2024-05-30T12:16:32.018+0000][6131.437s][info][gc,phases   ] GC(1086)   Evacuate Collection Set: 54.8ms
[2024-05-30T12:16:32.018+0000][6131.437s][info][gc,phases   ] GC(1086)   Post Evacuate Collection Set: 19.0ms
[2024-05-30T12:16:32.018+0000][6131.437s][info][gc,phases   ] GC(1086)   Other: 0.2ms
[2024-05-30T12:16:32.018+0000][6131.437s][info][gc,heap     ] GC(1086) Eden regions: 918->0(915)
[2024-05-30T12:16:32.018+0000][6131.437s][info][gc,heap     ] GC(1086) Survivor regions: 3->6(116)
[2024-05-30T12:16:32.018+0000][6131.437s][info][gc,heap     ] GC(1086) Old regions: 245->245
[2024-05-30T12:16:32.018+0000][6131.437s][info][gc,heap     ] GC(1086) Archive regions: 2->2
[2024-05-30T12:16:32.018+0000][6131.437s][info][gc,heap     ] GC(1086) Humongous regions: 6->6
[2024-05-30T12:16:32.018+0000][6131.437s][info][gc,metaspace] GC(1086) Metaspace: 414080K(420096K)->414080K(420096K) NonClass: 362069K(365440K)->362069K(365440K) Class: 52011K(54656K)->52011K(54656K)
[2024-05-30T12:16:32.018+0000][6131.437s][info][gc          ] GC(1086) Pause Young (Normal) (G1 Evacuation Pause) 9376M->2054M(12288M) 74.623ms
[2024-05-30T12:16:32.018+0000][6131.437s][info][gc,cpu      ] GC(1086) User=0.44s Sys=0.00s Real=0.08s
[2024-05-30T12:16:41.152+0000][6140.571s][info][gc,start    ] GC(1087) Pause Young (Normal) (G1 Evacuation Pause)
[2024-05-30T12:16:41.152+0000][6140.571s][info][gc,task     ] GC(1087) Using 6 workers of 6 for evacuation
[2024-05-30T12:16:41.187+0000][6140.607s][info][gc,phases   ] GC(1087)   Pre Evacuate Collection Set: 0.2ms
[2024-05-30T12:16:41.187+0000][6140.607s][info][gc,phases   ] GC(1087)   Merge Heap Roots: 0.3ms
[2024-05-30T12:16:41.187+0000][6140.607s][info][gc,phases   ] GC(1087)   Evacuate Collection Set: 30.6ms
[2024-05-30T12:16:41.187+0000][6140.607s][info][gc,phases   ] GC(1087)   Post Evacuate Collection Set: 3.8ms
[2024-05-30T12:16:41.187+0000][6140.607s][info][gc,phases   ] GC(1087)   Other: 0.2ms
[2024-05-30T12:16:41.187+0000][6140.607s][info][gc,heap     ] GC(1087) Eden regions: 915->0(912)
[2024-05-30T12:16:41.187+0000][6140.607s][info][gc,heap     ] GC(1087) Survivor regions: 6->9(116)
[2024-05-30T12:16:41.187+0000][6140.607s][info][gc,heap     ] GC(1087) Old regions: 245->245
[2024-05-30T12:16:41.187+0000][6140.607s][info][gc,heap     ] GC(1087) Archive regions: 2->2
[2024-05-30T12:16:41.187+0000][6140.607s][info][gc,heap     ] GC(1087) Humongous regions: 6->6
[2024-05-30T12:16:41.187+0000][6140.607s][info][gc,metaspace] GC(1087) Metaspace: 414081K(420096K)->414081K(420096K) NonClass: 362070K(365440K)->362070K(365440K) Class: 52011K(54656K)->52011K(54656K)
[2024-05-30T12:16:41.187+0000][6140.607s][info][gc          ] GC(1087) Pause Young (Normal) (G1 Evacuation Pause) 9374M->2079M(12288M) 35.263ms
[2024-05-30T12:16:41.188+0000][6140.607s][info][gc,cpu      ] GC(1087) User=0.21s Sys=0.00s Real=0.03s
[2024-05-30T12:16:51.373+0000][6150.792s][info][gc,start    ] GC(1088) Pause Young (Concurrent Start) (G1 Evacuation Pause)
[2024-05-30T12:16:51.373+0000][6150.792s][info][gc,task     ] GC(1088) Using 6 workers of 6 for evacuation
[2024-05-30T12:16:51.418+0000][6150.837s][info][gc,phases   ] GC(1088)   Pre Evacuate Collection Set: 0.6ms
[2024-05-30T12:16:51.418+0000][6150.837s][info][gc,phases   ] GC(1088)   Merge Heap Roots: 0.3ms
[2024-05-30T12:16:51.418+0000][6150.837s][info][gc,phases   ] GC(1088)   Evacuate Collection Set: 41.4ms
[2024-05-30T12:16:51.418+0000][6150.837s][info][gc,phases   ] GC(1088)   Post Evacuate Collection Set: 2.1ms
[2024-05-30T12:16:51.418+0000][6150.837s][info][gc,phases   ] GC(1088)   Other: 0.3ms
[2024-05-30T12:16:51.418+0000][6150.837s][info][gc,heap     ] GC(1088) Eden regions: 912->0(907)
[2024-05-30T12:16:51.418+0000][6150.837s][info][gc,heap     ] GC(1088) Survivor regions: 9->14(116)
[2024-05-30T12:16:51.418+0000][6150.837s][info][gc,heap     ] GC(1088) Old regions: 245->245
[2024-05-30T12:16:51.418+0000][6150.837s][info][gc,heap     ] GC(1088) Archive regions: 2->2
[2024-05-30T12:16:51.418+0000][6150.837s][info][gc,heap     ] GC(1088) Humongous regions: 6->6
[2024-05-30T12:16:51.418+0000][6150.837s][info][gc,metaspace] GC(1088) Metaspace: 414086K(420096K)->414086K(420096K) NonClass: 362075K(365440K)->362075K(365440K) Class: 52011K(54656K)->52011K(54656K)
[2024-05-30T12:16:51.418+0000][6150.837s][info][gc          ] GC(1088) Pause Young (Concurrent Start) (G1 Evacuation Pause) 9375M->2114M(12288M) 44.763ms
[2024-05-30T12:16:51.418+0000][6150.837s][info][gc,cpu      ] GC(1088) User=0.26s Sys=0.00s Real=0.05s
[2024-05-30T12:16:51.418+0000][6150.837s][info][gc          ] GC(1089) Concurrent Mark Cycle
[2024-05-30T12:16:51.418+0000][6150.837s][info][gc,marking  ] GC(1089) Concurrent Clear Claimed Marks
[2024-05-30T12:16:51.418+0000][6150.838s][info][gc,marking  ] GC(1089) Concurrent Clear Claimed Marks 0.421ms
[2024-05-30T12:16:51.418+0000][6150.838s][info][gc,marking  ] GC(1089) Concurrent Scan Root Regions
[2024-05-30T12:16:51.447+0000][6150.866s][info][gc,marking  ] GC(1089) Concurrent Scan Root Regions 28.531ms
[2024-05-30T12:16:51.447+0000][6150.866s][info][gc,marking  ] GC(1089) Concurrent Mark
[2024-05-30T12:16:51.447+0000][6150.866s][info][gc,marking  ] GC(1089) Concurrent Mark From Roots
[2024-05-30T12:16:51.447+0000][6150.866s][info][gc,task     ] GC(1089) Using 2 workers of 2 for marking
[2024-05-30T12:16:52.571+0000][6151.991s][info][gc,marking  ] GC(1089) Concurrent Mark From Roots 1124.453ms
[2024-05-30T12:16:52.572+0000][6151.991s][info][gc,marking  ] GC(1089) Concurrent Preclean
[2024-05-30T12:16:52.572+0000][6151.992s][info][gc,marking  ] GC(1089) Concurrent Preclean 0.904ms
[2024-05-30T12:16:52.573+0000][6151.992s][info][gc,start    ] GC(1089) Pause Remark
[2024-05-30T12:16:52.597+0000][6152.016s][info][gc          ] GC(1089) Pause Remark 2894M->2886M(12288M) 23.995ms
[2024-05-30T12:16:52.597+0000][6152.016s][info][gc,cpu      ] GC(1089) User=0.09s Sys=0.00s Real=0.03s
[2024-05-30T12:16:52.597+0000][6152.016s][info][gc,marking  ] GC(1089) Concurrent Mark 1149.830ms
[2024-05-30T12:16:52.597+0000][6152.016s][info][gc,marking  ] GC(1089) Concurrent Rebuild Remembered Sets
[2024-05-30T12:16:53.259+0000][6152.679s][info][gc,marking  ] GC(1089) Concurrent Rebuild Remembered Sets 662.524ms
[2024-05-30T12:16:53.260+0000][6152.679s][info][gc,start    ] GC(1089) Pause Cleanup
[2024-05-30T12:16:53.260+0000][6152.679s][info][gc          ] GC(1089) Pause Cleanup 3330M->3330M(12288M) 0.563ms
[2024-05-30T12:16:53.260+0000][6152.679s][info][gc,cpu      ] GC(1089) User=0.00s Sys=0.00s Real=0.00s
[2024-05-30T12:16:53.260+0000][6152.679s][info][gc,marking  ] GC(1089) Concurrent Cleanup for Next Mark
[2024-05-30T12:16:53.278+0000][6152.697s][info][gc,marking  ] GC(1089) Concurrent Cleanup for Next Mark 17.425ms
[2024-05-30T12:16:53.278+0000][6152.697s][info][gc          ] GC(1089) Concurrent Mark Cycle 1859.744ms
[2024-05-30T12:17:01.517+0000][6160.936s][info][gc,start    ] GC(1090) Pause Young (Prepare Mixed) (G1 Evacuation Pause)
[2024-05-30T12:17:01.517+0000][6160.936s][info][gc,task     ] GC(1090) Using 6 workers of 6 for evacuation
[2024-05-30T12:17:01.559+0000][6160.978s][info][gc,phases   ] GC(1090)   Pre Evacuate Collection Set: 0.2ms
[2024-05-30T12:17:01.559+0000][6160.978s][info][gc,phases   ] GC(1090)   Merge Heap Roots: 0.3ms
[2024-05-30T12:17:01.559+0000][6160.978s][info][gc,phases   ] GC(1090)   Evacuate Collection Set: 39.6ms
[2024-05-30T12:17:01.559+0000][6160.978s][info][gc,phases   ] GC(1090)   Post Evacuate Collection Set: 2.0ms
[2024-05-30T12:17:01.559+0000][6160.978s][info][gc,phases   ] GC(1090)   Other: 0.2ms
[2024-05-30T12:17:01.559+0000][6160.978s][info][gc,heap     ] GC(1090) Eden regions: 907->0(61)
[2024-05-30T12:17:01.559+0000][6160.978s][info][gc,heap     ] GC(1090) Survivor regions: 14->15(116)
[2024-05-30T12:17:01.559+0000][6160.978s][info][gc,heap     ] GC(1090) Old regions: 244->244
[2024-05-30T12:17:01.559+0000][6160.978s][info][gc,heap     ] GC(1090) Archive regions: 2->2
[2024-05-30T12:17:01.559+0000][6160.979s][info][gc,heap     ] GC(1090) Humongous regions: 6->6
[2024-05-30T12:17:01.559+0000][6160.979s][info][gc,metaspace] GC(1090) Metaspace: 414086K(420096K)->414086K(420096K) NonClass: 362075K(365440K)->362075K(365440K) Class: 52011K(54656K)->52011K(54656K)
[2024-05-30T12:17:01.559+0000][6160.979s][info][gc          ] GC(1090) Pause Young (Prepare Mixed) (G1 Evacuation Pause) 9362M->2115M(12288M) 42.386ms
[2024-05-30T12:17:01.559+0000][6160.979s][info][gc,cpu      ] GC(1090) User=0.25s Sys=0.00s Real=0.04s
[2024-05-30T12:17:02.219+0000][6161.639s][info][gc,start    ] GC(1091) Pause Young (Mixed) (G1 Evacuation Pause)
[2024-05-30T12:17:02.219+0000][6161.639s][info][gc,task     ] GC(1091) Using 6 workers of 6 for evacuation
[2024-05-30T12:17:02.266+0000][6161.685s][info][gc,phases   ] GC(1091)   Pre Evacuate Collection Set: 0.3ms
[2024-05-30T12:17:02.266+0000][6161.685s][info][gc,phases   ] GC(1091)   Merge Heap Roots: 0.3ms
[2024-05-30T12:17:02.266+0000][6161.685s][info][gc,phases   ] GC(1091)   Evacuate Collection Set: 45.0ms
[2024-05-30T12:17:02.266+0000][6161.685s][info][gc,phases   ] GC(1091)   Post Evacuate Collection Set: 1.2ms
[2024-05-30T12:17:02.266+0000][6161.685s][info][gc,phases   ] GC(1091)   Other: 0.2ms
[2024-05-30T12:17:02.266+0000][6161.685s][info][gc,heap     ] GC(1091) Eden regions: 61->0(915)
[2024-05-30T12:17:02.266+0000][6161.685s][info][gc,heap     ] GC(1091) Survivor regions: 15->6(10)
[2024-05-30T12:17:02.266+0000][6161.685s][info][gc,heap     ] GC(1091) Old regions: 244->229
[2024-05-30T12:17:02.266+0000][6161.686s][info][gc,heap     ] GC(1091) Archive regions: 2->2
[2024-05-30T12:17:02.266+0000][6161.686s][info][gc,heap     ] GC(1091) Humongous regions: 6->6
[2024-05-30T12:17:02.266+0000][6161.686s][info][gc,metaspace] GC(1091) Metaspace: 414086K(420096K)->414086K(420096K) NonClass: 362075K(365440K)->362075K(365440K) Class: 52011K(54656K)->52011K(54656K)
[2024-05-30T12:17:02.266+0000][6161.686s][info][gc          ] GC(1091) Pause Young (Mixed) (G1 Evacuation Pause) 2603M->1925M(12288M) 46.989ms
[2024-05-30T12:17:02.266+0000][6161.686s][info][gc,cpu      ] GC(1091) User=0.26s Sys=0.00s Real=0.04s
[2024-05-30T12:17:12.470+0000][6171.889s][info][gc,start    ] GC(1092) Pause Young (Normal) (G1 Evacuation Pause)
[2024-05-30T12:17:12.470+0000][6171.889s][info][gc,task     ] GC(1092) Using 6 workers of 6 for evacuation
[2024-05-30T12:17:12.495+0000][6171.914s][info][gc,phases   ] GC(1092)   Pre Evacuate Collection Set: 0.2ms
[2024-05-30T12:17:12.495+0000][6171.914s][info][gc,phases   ] GC(1092)   Merge Heap Roots: 0.3ms
[2024-05-30T12:17:12.495+0000][6171.914s][info][gc,phases   ] GC(1092)   Evacuate Collection Set: 22.0ms
[2024-05-30T12:17:12.495+0000][6171.914s][info][gc,phases   ] GC(1092)   Post Evacuate Collection Set: 2.0ms
[2024-05-30T12:17:12.495+0000][6171.914s][info][gc,phases   ] GC(1092)   Other: 0.2ms
[2024-05-30T12:17:12.495+0000][6171.914s][info][gc,heap     ] GC(1092) Eden regions: 915->0(912)
[2024-05-30T12:17:12.495+0000][6171.914s][info][gc,heap     ] GC(1092) Survivor regions: 6->9(116)
[2024-05-30T12:17:12.495+0000][6171.914s][info][gc,heap     ] GC(1092) Old regions: 229->229
[2024-05-30T12:17:12.495+0000][6171.914s][info][gc,heap     ] GC(1092) Archive regions: 2->2
[2024-05-30T12:17:12.495+0000][6171.914s][info][gc,heap     ] GC(1092) Humongous regions: 6->6
[2024-05-30T12:17:12.495+0000][6171.914s][info][gc,metaspace] GC(1092) Metaspace: 414092K(420096K)->414092K(420096K) NonClass: 362081K(365440K)->362081K(365440K) Class: 52011K(54656K)->52011K(54656K)
[2024-05-30T12:17:12.495+0000][6171.914s][info][gc          ] GC(1092) Pause Young (Normal) (G1 Evacuation Pause) 9245M->1944M(12288M) 24.718ms
[2024-05-30T12:17:12.495+0000][6171.914s][info][gc,cpu      ] GC(1092) User=0.15s Sys=0.00s Real=0.02s
[2024-05-30T12:17:22.623+0000][6182.042s][info][gc,start    ] GC(1093) Pause Young (Normal) (G1 Evacuation Pause)
[2024-05-30T12:17:22.623+0000][6182.043s][info][gc,task     ] GC(1093) Using 6 workers of 6 for evacuation
[2024-05-30T12:17:22.652+0000][6182.071s][info][gc,phases   ] GC(1093)   Pre Evacuate Collection Set: 0.2ms
[2024-05-30T12:17:22.652+0000][6182.071s][info][gc,phases   ] GC(1093)   Merge Heap Roots: 0.2ms
[2024-05-30T12:17:22.652+0000][6182.071s][info][gc,phases   ] GC(1093)   Evacuate Collection Set: 26.2ms
[2024-05-30T12:17:22.652+0000][6182.071s][info][gc,phases   ] GC(1093)   Post Evacuate Collection Set: 2.0ms
[2024-05-30T12:17:22.652+0000][6182.071s][info][gc,phases   ] GC(1093)   Other: 0.2ms
[2024-05-30T12:17:22.652+0000][6182.071s][info][gc,heap     ] GC(1093) Eden regions: 912->0(907)
[2024-05-30T12:17:22.652+0000][6182.071s][info][gc,heap     ] GC(1093) Survivor regions: 9->14(116)
[2024-05-30T12:17:22.652+0000][6182.071s][info][gc,heap     ] GC(1093) Old regions: 229->229
[2024-05-30T12:17:22.652+0000][6182.071s][info][gc,heap     ] GC(1093) Archive regions: 2->2
[2024-05-30T12:17:22.652+0000][6182.071s][info][gc,heap     ] GC(1093) Humongous regions: 6->6
[2024-05-30T12:17:22.652+0000][6182.071s][info][gc,metaspace] GC(1093) Metaspace: 414092K(420096K)->414092K(420096K) NonClass: 362081K(365440K)->362081K(365440K) Class: 52011K(54656K)->52011K(54656K)
[2024-05-30T12:17:22.652+0000][6182.071s][info][gc          ] GC(1093) Pause Young (Normal) (G1 Evacuation Pause) 9240M->1985M(12288M) 28.871ms
[2024-05-30T12:17:22.652+0000][6182.071s][info][gc,cpu      ] GC(1093) User=0.17s Sys=0.00s Real=0.03s
[2024-05-30T12:17:32.467+0000][6191.887s][info][gc,start    ] GC(1094) Pause Young (Concurrent Start) (G1 Evacuation Pause)
[2024-05-30T12:17:32.467+0000][6191.887s][info][gc,task     ] GC(1094) Using 6 workers of 6 for evacuation
[2024-05-30T12:17:32.504+0000][6191.923s][info][gc,phases   ] GC(1094)   Pre Evacuate Collection Set: 0.6ms
[2024-05-30T12:17:32.504+0000][6191.923s][info][gc,phases   ] GC(1094)   Merge Heap Roots: 0.3ms
[2024-05-30T12:17:32.504+0000][6191.923s][info][gc,phases   ] GC(1094)   Evacuate Collection Set: 33.5ms
[2024-05-30T12:17:32.504+0000][6191.923s][info][gc,phases   ] GC(1094)   Post Evacuate Collection Set: 1.8ms
[2024-05-30T12:17:32.504+0000][6191.923s][info][gc,phases   ] GC(1094)   Other: 0.3ms
[2024-05-30T12:17:32.504+0000][6191.923s][info][gc,heap     ] GC(1094) Eden regions: 907->0(908)
[2024-05-30T12:17:32.504+0000][6191.923s][info][gc,heap     ] GC(1094) Survivor regions: 14->13(116)
[2024-05-30T12:17:32.504+0000][6191.923s][info][gc,heap     ] GC(1094) Old regions: 229->229
[2024-05-30T12:17:32.504+0000][6191.923s][info][gc,heap     ] GC(1094) Archive regions: 2->2
[2024-05-30T12:17:32.504+0000][6191.923s][info][gc,heap     ] GC(1094) Humongous regions: 6->6
[2024-05-30T12:17:32.504+0000][6191.923s][info][gc,metaspace] GC(1094) Metaspace: 414100K(420096K)->414100K(420096K) NonClass: 362089K(365440K)->362089K(365440K) Class: 52011K(54656K)->52011K(54656K)
[2024-05-30T12:17:32.504+0000][6191.923s][info][gc          ] GC(1094) Pause Young (Concurrent Start) (G1 Evacuation Pause) 9241M->1982M(12288M) 36.559ms
[2024-05-30T12:17:32.504+0000][6191.923s][info][gc,cpu      ] GC(1094) User=0.21s Sys=0.00s Real=0.04s
[2024-05-30T12:17:32.504+0000][6191.923s][info][gc          ] GC(1095) Concurrent Mark Cycle
[2024-05-30T12:17:32.504+0000][6191.923s][info][gc,marking  ] GC(1095) Concurrent Clear Claimed Marks
[2024-05-30T12:17:32.504+0000][6191.924s][info][gc,marking  ] GC(1095) Concurrent Clear Claimed Marks 0.431ms
[2024-05-30T12:17:32.505+0000][6191.924s][info][gc,marking  ] GC(1095) Concurrent Scan Root Regions
[2024-05-30T12:17:32.533+0000][6191.952s][info][gc,marking  ] GC(1095) Concurrent Scan Root Regions 27.993ms
[2024-05-30T12:17:32.533+0000][6191.952s][info][gc,marking  ] GC(1095) Concurrent Mark
[2024-05-30T12:17:32.533+0000][6191.952s][info][gc,marking  ] GC(1095) Concurrent Mark From Roots
[2024-05-30T12:17:32.533+0000][6191.952s][info][gc,task     ] GC(1095) Using 2 workers of 2 for marking
[2024-05-30T12:17:33.770+0000][6193.190s][info][gc,marking  ] GC(1095) Concurrent Mark From Roots 1237.801ms
[2024-05-30T12:17:33.770+0000][6193.190s][info][gc,marking  ] GC(1095) Concurrent Preclean
[2024-05-30T12:17:33.771+0000][6193.191s][info][gc,marking  ] GC(1095) Concurrent Preclean 1.051ms
[2024-05-30T12:17:33.772+0000][6193.191s][info][gc,start    ] GC(1095) Pause Remark
[2024-05-30T12:17:33.792+0000][6193.212s][info][gc          ] GC(1095) Pause Remark 2842M->2842M(12288M) 20.835ms
[2024-05-30T12:17:33.793+0000][6193.212s][info][gc,cpu      ] GC(1095) User=0.09s Sys=0.00s Real=0.02s
[2024-05-30T12:17:33.793+0000][6193.212s][info][gc,marking  ] GC(1095) Concurrent Mark 1260.051ms
[2024-05-30T12:17:33.793+0000][6193.212s][info][gc,marking  ] GC(1095) Concurrent Rebuild Remembered Sets
[2024-05-30T12:17:34.474+0000][6193.893s][info][gc,marking  ] GC(1095) Concurrent Rebuild Remembered Sets 681.128ms
[2024-05-30T12:17:34.474+0000][6193.893s][info][gc,start    ] GC(1095) Pause Cleanup
[2024-05-30T12:17:34.474+0000][6193.894s][info][gc          ] GC(1095) Pause Cleanup 3302M->3302M(12288M) 0.502ms
[2024-05-30T12:17:34.475+0000][6193.894s][info][gc,cpu      ] GC(1095) User=0.00s Sys=0.00s Real=0.00s
[2024-05-30T12:17:34.475+0000][6193.894s][info][gc,marking  ] GC(1095) Concurrent Cleanup for Next Mark
[2024-05-30T12:17:34.503+0000][6193.922s][info][gc,marking  ] GC(1095) Concurrent Cleanup for Next Mark 28.351ms
[2024-05-30T12:17:34.503+0000][6193.922s][info][gc          ] GC(1095) Concurrent Mark Cycle 1999.023ms
[2024-05-30T12:17:42.223+0000][6201.642s][info][gc,start    ] GC(1096) Pause Young (Prepare Mixed) (G1 Evacuation Pause)
[2024-05-30T12:17:42.223+0000][6201.642s][info][gc,task     ] GC(1096) Using 6 workers of 6 for evacuation
[2024-05-30T12:17:42.260+0000][6201.679s][info][gc,phases   ] GC(1096)   Pre Evacuate Collection Set: 0.2ms
[2024-05-30T12:17:42.260+0000][6201.679s][info][gc,phases   ] GC(1096)   Merge Heap Roots: 0.3ms
[2024-05-30T12:17:42.260+0000][6201.679s][info][gc,phases   ] GC(1096)   Evacuate Collection Set: 34.5ms
[2024-05-30T12:17:42.260+0000][6201.679s][info][gc,phases   ] GC(1096)   Post Evacuate Collection Set: 1.8ms
[2024-05-30T12:17:42.260+0000][6201.679s][info][gc,phases   ] GC(1096)   Other: 0.2ms
[2024-05-30T12:17:42.260+0000][6201.679s][info][gc,heap     ] GC(1096) Eden regions: 908->0(62)
[2024-05-30T12:17:42.260+0000][6201.679s][info][gc,heap     ] GC(1096) Survivor regions: 13->14(116)
[2024-05-30T12:17:42.260+0000][6201.679s][info][gc,heap     ] GC(1096) Old regions: 229->229
[2024-05-30T12:17:42.260+0000][6201.679s][info][gc,heap     ] GC(1096) Archive regions: 2->2
[2024-05-30T12:17:42.260+0000][6201.679s][info][gc,heap     ] GC(1096) Humongous regions: 6->6
[2024-05-30T12:17:42.260+0000][6201.679s][info][gc,metaspace] GC(1096) Metaspace: 414100K(420096K)->414100K(420096K) NonClass: 362089K(365440K)->362089K(365440K) Class: 52011K(54656K)->52011K(54656K)
[2024-05-30T12:17:42.260+0000][6201.679s][info][gc          ] GC(1096) Pause Young (Prepare Mixed) (G1 Evacuation Pause) 9246M->1990M(12288M) 37.186ms
[2024-05-30T12:17:42.260+0000][6201.679s][info][gc,cpu      ] GC(1096) User=0.22s Sys=0.00s Real=0.04s
[2024-05-30T12:17:42.921+0000][6202.340s][info][gc,start    ] GC(1097) Pause Young (Mixed) (G1 Evacuation Pause)
[2024-05-30T12:17:42.921+0000][6202.340s][info][gc,task     ] GC(1097) Using 6 workers of 6 for evacuation
[2024-05-30T12:17:42.962+0000][6202.382s][info][gc,phases   ] GC(1097)   Pre Evacuate Collection Set: 0.2ms
[2024-05-30T12:17:42.962+0000][6202.382s][info][gc,phases   ] GC(1097)   Merge Heap Roots: 0.2ms
[2024-05-30T12:17:42.962+0000][6202.382s][info][gc,phases   ] GC(1097)   Evacuate Collection Set: 40.1ms
[2024-05-30T12:17:42.962+0000][6202.382s][info][gc,phases   ] GC(1097)   Post Evacuate Collection Set: 1.2ms
[2024-05-30T12:17:42.963+0000][6202.382s][info][gc,phases   ] GC(1097)   Other: 0.2ms
[2024-05-30T12:17:42.963+0000][6202.382s][info][gc,heap     ] GC(1097) Eden regions: 62->0(916)
[2024-05-30T12:17:42.963+0000][6202.382s][info][gc,heap     ] GC(1097) Survivor regions: 14->5(10)
[2024-05-30T12:17:42.963+0000][6202.382s][info][gc,heap     ] GC(1097) Old regions: 229->222
[2024-05-30T12:17:42.963+0000][6202.382s][info][gc,heap     ] GC(1097) Archive regions: 2->2
[2024-05-30T12:17:42.963+0000][6202.382s][info][gc,heap     ] GC(1097) Humongous regions: 6->6
[2024-05-30T12:17:42.963+0000][6202.382s][info][gc,metaspace] GC(1097) Metaspace: 414100K(420096K)->414100K(420096K) NonClass: 362089K(365440K)->362089K(365440K) Class: 52011K(54656K)->52011K(54656K)
[2024-05-30T12:17:42.963+0000][6202.382s][info][gc          ] GC(1097) Pause Young (Mixed) (G1 Evacuation Pause) 2486M->1862M(12288M) 41.979ms
[2024-05-30T12:17:42.963+0000][6202.382s][info][gc,cpu      ] GC(1097) User=0.25s Sys=0.00s Real=0.04s
[2024-05-30T12:17:53.088+0000][6212.507s][info][gc,start    ] GC(1098) Pause Young (Normal) (G1 Evacuation Pause)
[2024-05-30T12:17:53.088+0000][6212.507s][info][gc,task     ] GC(1098) Using 6 workers of 6 for evacuation
[2024-05-30T12:17:53.114+0000][6212.533s][info][gc,phases   ] GC(1098)   Pre Evacuate Collection Set: 0.2ms
[2024-05-30T12:17:53.114+0000][6212.533s][info][gc,phases   ] GC(1098)   Merge Heap Roots: 0.3ms
[2024-05-30T12:17:53.114+0000][6212.533s][info][gc,phases   ] GC(1098)   Evacuate Collection Set: 23.3ms
[2024-05-30T12:17:53.114+0000][6212.533s][info][gc,phases   ] GC(1098)   Post Evacuate Collection Set: 2.3ms
[2024-05-30T12:17:53.114+0000][6212.533s][info][gc,phases   ] GC(1098)   Other: 0.2ms
[2024-05-30T12:17:53.114+0000][6212.533s][info][gc,heap     ] GC(1098) Eden regions: 916->0(912)
[2024-05-30T12:17:53.114+0000][6212.533s][info][gc,heap     ] GC(1098) Survivor regions: 5->9(116)
[2024-05-30T12:17:53.114+0000][6212.533s][info][gc,heap     ] GC(1098) Old regions: 222->222
[2024-05-30T12:17:53.114+0000][6212.533s][info][gc,heap     ] GC(1098) Archive regions: 2->2
[2024-05-30T12:17:53.114+0000][6212.533s][info][gc,heap     ] GC(1098) Humongous regions: 6->6
[2024-05-30T12:17:53.114+0000][6212.533s][info][gc,metaspace] GC(1098) Metaspace: 414103K(420096K)->414103K(420096K) NonClass: 362092K(365440K)->362092K(365440K) Class: 52011K(54656K)->52011K(54656K)
[2024-05-30T12:17:53.114+0000][6212.533s][info][gc          ] GC(1098) Pause Young (Normal) (G1 Evacuation Pause) 9190M->1895M(12288M) 26.307ms
[2024-05-30T12:17:53.114+0000][6212.533s][info][gc,cpu      ] GC(1098) User=0.15s Sys=0.00s Real=0.03s
[2024-05-30T12:18:02.917+0000][6222.336s][info][gc,start    ] GC(1099) Pause Young (Normal) (G1 Evacuation Pause)
[2024-05-30T12:18:02.917+0000][6222.336s][info][gc,task     ] GC(1099) Using 6 workers of 6 for evacuation
[2024-05-30T12:18:02.949+0000][6222.368s][info][gc,phases   ] GC(1099)   Pre Evacuate Collection Set: 0.2ms
[2024-05-30T12:18:02.949+0000][6222.368s][info][gc,phases   ] GC(1099)   Merge Heap Roots: 0.3ms
[2024-05-30T12:18:02.949+0000][6222.368s][info][gc,phases   ] GC(1099)   Evacuate Collection Set: 28.8ms
[2024-05-30T12:18:02.949+0000][6222.368s][info][gc,phases   ] GC(1099)   Post Evacuate Collection Set: 2.0ms
[2024-05-30T12:18:02.949+0000][6222.368s][info][gc,phases   ] GC(1099)   Other: 0.2ms
[2024-05-30T12:18:02.949+0000][6222.368s][info][gc,heap     ] GC(1099) Eden regions: 912->0(911)
[2024-05-30T12:18:02.949+0000][6222.368s][info][gc,heap     ] GC(1099) Survivor regions: 9->10(116)
[2024-05-30T12:18:02.949+0000][6222.368s][info][gc,heap     ] GC(1099) Old regions: 222->222
[2024-05-30T12:18:02.949+0000][6222.368s][info][gc,heap     ] GC(1099) Archive regions: 2->2
[2024-05-30T12:18:02.949+0000][6222.368s][info][gc,heap     ] GC(1099) Humongous regions: 6->6
[2024-05-30T12:18:02.949+0000][6222.368s][info][gc,metaspace] GC(1099) Metaspace: 414103K(420096K)->414103K(420096K) NonClass: 362092K(365440K)->362092K(365440K) Class: 52011K(54656K)->52011K(54656K)
[2024-05-30T12:18:02.949+0000][6222.368s][info][gc          ] GC(1099) Pause Young (Normal) (G1 Evacuation Pause) 9191M->1903M(12288M) 31.544ms
[2024-05-30T12:18:02.949+0000][6222.368s][info][gc,cpu      ] GC(1099) User=0.18s Sys=0.00s Real=0.03s
[2024-05-30T12:18:13.071+0000][6232.490s][info][gc,start    ] GC(1100) Pause Young (Normal) (G1 Evacuation Pause)
[2024-05-30T12:18:13.071+0000][6232.490s][info][gc,task     ] GC(1100) Using 6 workers of 6 for evacuation
[2024-05-30T12:18:13.105+0000][6232.525s][info][gc,phases   ] GC(1100)   Pre Evacuate Collection Set: 0.2ms
[2024-05-30T12:18:13.105+0000][6232.525s][info][gc,phases   ] GC(1100)   Merge Heap Roots: 0.3ms
[2024-05-30T12:18:13.105+0000][6232.525s][info][gc,phases   ] GC(1100)   Evacuate Collection Set: 32.1ms
[2024-05-30T12:18:13.105+0000][6232.525s][info][gc,phases   ] GC(1100)   Post Evacuate Collection Set: 2.1ms
[2024-05-30T12:18:13.105+0000][6232.525s][info][gc,phases   ] GC(1100)   Other: 0.2ms
[2024-05-30T12:18:13.105+0000][6232.525s][info][gc,heap     ] GC(1100) Eden regions: 911->0(907)
[2024-05-30T12:18:13.105+0000][6232.525s][info][gc,heap     ] GC(1100) Survivor regions: 10->14(116)
[2024-05-30T12:18:13.105+0000][6232.525s][info][gc,heap     ] GC(1100) Old regions: 222->222
[2024-05-30T12:18:13.105+0000][6232.525s][info][gc,heap     ] GC(1100) Archive regions: 2->2
[2024-05-30T12:18:13.105+0000][6232.525s][info][gc,heap     ] GC(1100) Humongous regions: 6->6
[2024-05-30T12:18:13.105+0000][6232.525s][info][gc,metaspace] GC(1100) Metaspace: 414105K(420096K)->414105K(420096K) NonClass: 362093K(365440K)->362093K(365440K) Class: 52011K(54656K)->52011K(54656K)
[2024-05-30T12:18:13.105+0000][6232.525s][info][gc          ] GC(1100) Pause Young (Normal) (G1 Evacuation Pause) 9191M->1935M(12288M) 34.910ms
[2024-05-30T12:18:13.105+0000][6232.525s][info][gc,cpu      ] GC(1100) User=0.21s Sys=0.00s Real=0.03s
[2024-05-30T12:18:23.119+0000][6242.538s][info][gc,start    ] GC(1101) Pause Young (Normal) (G1 Evacuation Pause)
[2024-05-30T12:18:23.119+0000][6242.538s][info][gc,task     ] GC(1101) Using 6 workers of 6 for evacuation
[2024-05-30T12:18:23.160+0000][6242.580s][info][gc,phases   ] GC(1101)   Pre Evacuate Collection Set: 0.2ms
[2024-05-30T12:18:23.160+0000][6242.580s][info][gc,phases   ] GC(1101)   Merge Heap Roots: 0.3ms
[2024-05-30T12:18:23.160+0000][6242.580s][info][gc,phases   ] GC(1101)   Evacuate Collection Set: 39.0ms
[2024-05-30T12:18:23.160+0000][6242.580s][info][gc,phases   ] GC(1101)   Post Evacuate Collection Set: 2.0ms
[2024-05-30T12:18:23.160+0000][6242.580s][info][gc,phases   ] GC(1101)   Other: 0.3ms
[2024-05-30T12:18:23.160+0000][6242.580s][info][gc,heap     ] GC(1101) Eden regions: 907->0(903)
[2024-05-30T12:18:23.160+0000][6242.580s][info][gc,heap     ] GC(1101) Survivor regions: 14->18(116)
[2024-05-30T12:18:23.160+0000][6242.580s][info][gc,heap     ] GC(1101) Old regions: 222->222
[2024-05-30T12:18:23.160+0000][6242.580s][info][gc,heap     ] GC(1101) Archive regions: 2->2
[2024-05-30T12:18:23.160+0000][6242.580s][info][gc,heap     ] GC(1101) Humongous regions: 6->6
[2024-05-30T12:18:23.160+0000][6242.580s][info][gc,metaspace] GC(1101) Metaspace: 414120K(420160K)->414120K(420160K) NonClass: 362109K(365504K)->362109K(365504K) Class: 52011K(54656K)->52011K(54656K)
[2024-05-30T12:18:23.161+0000][6242.580s][info][gc          ] GC(1101) Pause Young (Normal) (G1 Evacuation Pause) 9191M->1967M(12288M) 41.881ms
[2024-05-30T12:18:23.161+0000][6242.580s][info][gc,cpu      ] GC(1101) User=0.25s Sys=0.00s Real=0.04s
[2024-05-30T12:18:32.960+0000][6252.379s][info][gc,start    ] GC(1102) Pause Young (Normal) (G1 Evacuation Pause)
[2024-05-30T12:18:32.960+0000][6252.379s][info][gc,task     ] GC(1102) Using 6 workers of 6 for evacuation
[2024-05-30T12:18:33.002+0000][6252.421s][info][gc,phases   ] GC(1102)   Pre Evacuate Collection Set: 0.2ms
[2024-05-30T12:18:33.002+0000][6252.421s][info][gc,phases   ] GC(1102)   Merge Heap Roots: 0.3ms
[2024-05-30T12:18:33.002+0000][6252.421s][info][gc,phases   ] GC(1102)   Evacuate Collection Set: 39.7ms
[2024-05-30T12:18:33.002+0000][6252.421s][info][gc,phases   ] GC(1102)   Post Evacuate Collection Set: 1.8ms
[2024-05-30T12:18:33.002+0000][6252.421s][info][gc,phases   ] GC(1102)   Other: 0.2ms
[2024-05-30T12:18:33.002+0000][6252.421s][info][gc,heap     ] GC(1102) Eden regions: 903->0(903)
[2024-05-30T12:18:33.002+0000][6252.421s][info][gc,heap     ] GC(1102) Survivor regions: 18->18(116)
[2024-05-30T12:18:33.002+0000][6252.421s][info][gc,heap     ] GC(1102) Old regions: 222->222
[2024-05-30T12:18:33.002+0000][6252.421s][info][gc,heap     ] GC(1102) Archive regions: 2->2
[2024-05-30T12:18:33.002+0000][6252.421s][info][gc,heap     ] GC(1102) Humongous regions: 6->6
[2024-05-30T12:18:33.002+0000][6252.421s][info][gc,metaspace] GC(1102) Metaspace: 414120K(420160K)->414120K(420160K) NonClass: 362109K(365504K)->362109K(365504K) Class: 52011K(54656K)->52011K(54656K)
[2024-05-30T12:18:33.002+0000][6252.421s][info][gc          ] GC(1102) Pause Young (Normal) (G1 Evacuation Pause) 9191M->1963M(12288M) 42.259ms
[2024-05-30T12:18:33.002+0000][6252.421s][info][gc,cpu      ] GC(1102) User=0.25s Sys=0.00s Real=0.04s
[2024-05-30T12:18:42.739+0000][6262.158s][info][gc,start    ] GC(1103) Pause Young (Normal) (G1 Evacuation Pause)
[2024-05-30T12:18:42.739+0000][6262.158s][info][gc,task     ] GC(1103) Using 6 workers of 6 for evacuation
[2024-05-30T12:18:42.781+0000][6262.200s][info][gc,phases   ] GC(1103)   Pre Evacuate Collection Set: 0.2ms
[2024-05-30T12:18:42.781+0000][6262.200s][info][gc,phases   ] GC(1103)   Merge Heap Roots: 0.3ms
[2024-05-30T12:18:42.781+0000][6262.200s][info][gc,phases   ] GC(1103)   Evacuate Collection Set: 39.3ms
[2024-05-30T12:18:42.781+0000][6262.200s][info][gc,phases   ] GC(1103)   Post Evacuate Collection Set: 1.8ms
[2024-05-30T12:18:42.781+0000][6262.200s][info][gc,phases   ] GC(1103)   Other: 0.2ms
[2024-05-30T12:18:42.781+0000][6262.200s][info][gc,heap     ] GC(1103) Eden regions: 903->0(903)
[2024-05-30T12:18:42.781+0000][6262.200s][info][gc,heap     ] GC(1103) Survivor regions: 18->18(116)
[2024-05-30T12:18:42.781+0000][6262.200s][info][gc,heap     ] GC(1103) Old regions: 222->222
[2024-05-30T12:18:42.781+0000][6262.200s][info][gc,heap     ] GC(1103) Archive regions: 2->2
[2024-05-30T12:18:42.781+0000][6262.200s][info][gc,heap     ] GC(1103) Humongous regions: 6->6
[2024-05-30T12:18:42.781+0000][6262.200s][info][gc,metaspace] GC(1103) Metaspace: 414120K(420160K)->414120K(420160K) NonClass: 362109K(365504K)->362109K(365504K) Class: 52011K(54656K)->52011K(54656K)
[2024-05-30T12:18:42.781+0000][6262.200s][info][gc          ] GC(1103) Pause Young (Normal) (G1 Evacuation Pause) 9187M->1963M(12288M) 41.891ms
[2024-05-30T12:18:42.781+0000][6262.200s][info][gc,cpu      ] GC(1103) User=0.25s Sys=0.00s Real=0.04s
[2024-05-30T12:18:52.830+0000][6272.249s][info][gc,start    ] GC(1104) Pause Young (Normal) (G1 Evacuation Pause)
[2024-05-30T12:18:52.830+0000][6272.249s][info][gc,task     ] GC(1104) Using 6 workers of 6 for evacuation
[2024-05-30T12:18:52.877+0000][6272.296s][info][gc,phases   ] GC(1104)   Pre Evacuate Collection Set: 0.2ms
[2024-05-30T12:18:52.877+0000][6272.296s][info][gc,phases   ] GC(1104)   Merge Heap Roots: 0.3ms
[2024-05-30T12:18:52.877+0000][6272.296s][info][gc,phases   ] GC(1104)   Evacuate Collection Set: 44.2ms
[2024-05-30T12:18:52.877+0000][6272.296s][info][gc,phases   ] GC(1104)   Post Evacuate Collection Set: 2.0ms
[2024-05-30T12:18:52.877+0000][6272.296s][info][gc,phases   ] GC(1104)   Other: 0.2ms
[2024-05-30T12:18:52.877+0000][6272.296s][info][gc,heap     ] GC(1104) Eden regions: 903->0(900)
[2024-05-30T12:18:52.877+0000][6272.296s][info][gc,heap     ] GC(1104) Survivor regions: 18->21(116)
[2024-05-30T12:18:52.877+0000][6272.296s][info][gc,heap     ] GC(1104) Old regions: 222->222
[2024-05-30T12:18:52.877+0000][6272.296s][info][gc,heap     ] GC(1104) Archive regions: 2->2
[2024-05-30T12:18:52.877+0000][6272.296s][info][gc,heap     ] GC(1104) Humongous regions: 6->6
[2024-05-30T12:18:52.877+0000][6272.296s][info][gc,metaspace] GC(1104) Metaspace: 414122K(420160K)->414122K(420160K) NonClass: 362111K(365504K)->362111K(365504K) Class: 52011K(54656K)->52011K(54656K)
[2024-05-30T12:18:52.877+0000][6272.296s][info][gc          ] GC(1104) Pause Young (Normal) (G1 Evacuation Pause) 9187M->1987M(12288M) 46.990ms
[2024-05-30T12:18:52.877+0000][6272.296s][info][gc,cpu      ] GC(1104) User=0.28s Sys=0.00s Real=0.05s
[2024-05-30T12:19:02.601+0000][6282.020s][info][gc,start    ] GC(1105) Pause Young (Normal) (G1 Evacuation Pause)
[2024-05-30T12:19:02.601+0000][6282.020s][info][gc,task     ] GC(1105) Using 6 workers of 6 for evacuation
[2024-05-30T12:19:02.650+0000][6282.069s][info][gc,phases   ] GC(1105)   Pre Evacuate Collection Set: 0.2ms
[2024-05-30T12:19:02.650+0000][6282.069s][info][gc,phases   ] GC(1105)   Merge Heap Roots: 0.3ms
[2024-05-30T12:19:02.650+0000][6282.069s][info][gc,phases   ] GC(1105)   Evacuate Collection Set: 46.4ms
[2024-05-30T12:19:02.650+0000][6282.069s][info][gc,phases   ] GC(1105)   Post Evacuate Collection Set: 1.8ms
[2024-05-30T12:19:02.650+0000][6282.069s][info][gc,phases   ] GC(1105)   Other: 0.2ms
[2024-05-30T12:19:02.650+0000][6282.069s][info][gc,heap     ] GC(1105) Eden regions: 900->0(901)
[2024-05-30T12:19:02.650+0000][6282.069s][info][gc,heap     ] GC(1105) Survivor regions: 21->20(116)
[2024-05-30T12:19:02.650+0000][6282.069s][info][gc,heap     ] GC(1105) Old regions: 222->222
[2024-05-30T12:19:02.650+0000][6282.069s][info][gc,heap     ] GC(1105) Archive regions: 2->2
[2024-05-30T12:19:02.650+0000][6282.069s][info][gc,heap     ] GC(1105) Humongous regions: 6->6
[2024-05-30T12:19:02.650+0000][6282.069s][info][gc,metaspace] GC(1105) Metaspace: 414122K(420160K)->414122K(420160K) NonClass: 362111K(365504K)->362111K(365504K) Class: 52011K(54656K)->52011K(54656K)
[2024-05-30T12:19:02.650+0000][6282.069s][info][gc          ] GC(1105) Pause Young (Normal) (G1 Evacuation Pause) 9187M->1983M(12288M) 48.978ms
[2024-05-30T12:19:02.650+0000][6282.069s][info][gc,cpu      ] GC(1105) User=0.29s Sys=0.00s Real=0.05s
[2024-05-30T12:19:12.665+0000][6292.084s][info][gc,start    ] GC(1106) Pause Young (Normal) (G1 Evacuation Pause)
[2024-05-30T12:19:12.665+0000][6292.084s][info][gc,task     ] GC(1106) Using 6 workers of 6 for evacuation
[2024-05-30T12:19:12.721+0000][6292.140s][info][gc,phases   ] GC(1106)   Pre Evacuate Collection Set: 0.2ms
[2024-05-30T12:19:12.721+0000][6292.140s][info][gc,phases   ] GC(1106)   Merge Heap Roots: 0.3ms
[2024-05-30T12:19:12.721+0000][6292.140s][info][gc,phases   ] GC(1106)   Evacuate Collection Set: 53.4ms
[2024-05-30T12:19:12.721+0000][6292.140s][info][gc,phases   ] GC(1106)   Post Evacuate Collection Set: 1.8ms
[2024-05-30T12:19:12.721+0000][6292.140s][info][gc,phases   ] GC(1106)   Other: 0.2ms
[2024-05-30T12:19:12.721+0000][6292.140s][info][gc,heap     ] GC(1106) Eden regions: 901->0(898)
[2024-05-30T12:19:12.721+0000][6292.140s][info][gc,heap     ] GC(1106) Survivor regions: 20->23(116)
[2024-05-30T12:19:12.721+0000][6292.140s][info][gc,heap     ] GC(1106) Old regions: 222->222
[2024-05-30T12:19:12.721+0000][6292.140s][info][gc,heap     ] GC(1106) Archive regions: 2->2
[2024-05-30T12:19:12.721+0000][6292.140s][info][gc,heap     ] GC(1106) Humongous regions: 6->6
[2024-05-30T12:19:12.721+0000][6292.140s][info][gc,metaspace] GC(1106) Metaspace: 414122K(420160K)->414122K(420160K) NonClass: 362111K(365504K)->362111K(365504K) Class: 52011K(54656K)->52011K(54656K)
[2024-05-30T12:19:12.721+0000][6292.140s][info][gc          ] GC(1106) Pause Young (Normal) (G1 Evacuation Pause) 9191M->2007M(12288M) 55.959ms
[2024-05-30T12:19:12.721+0000][6292.140s][info][gc,cpu      ] GC(1106) User=0.34s Sys=0.00s Real=0.06s
[2024-05-30T12:19:22.530+0000][6301.949s][info][gc,start    ] GC(1107) Pause Young (Normal) (G1 Evacuation Pause)
[2024-05-30T12:19:22.530+0000][6301.949s][info][gc,task     ] GC(1107) Using 6 workers of 6 for evacuation
[2024-05-30T12:19:22.584+0000][6302.003s][info][gc,phases   ] GC(1107)   Pre Evacuate Collection Set: 0.2ms
[2024-05-30T12:19:22.584+0000][6302.003s][info][gc,phases   ] GC(1107)   Merge Heap Roots: 0.3ms
[2024-05-30T12:19:22.584+0000][6302.003s][info][gc,phases   ] GC(1107)   Evacuate Collection Set: 51.7ms
[2024-05-30T12:19:22.584+0000][6302.003s][info][gc,phases   ] GC(1107)   Post Evacuate Collection Set: 2.0ms
[2024-05-30T12:19:22.584+0000][6302.003s][info][gc,phases   ] GC(1107)   Other: 0.3ms
[2024-05-30T12:19:22.584+0000][6302.003s][info][gc,heap     ] GC(1107) Eden regions: 898->0(898)
[2024-05-30T12:19:22.584+0000][6302.003s][info][gc,heap     ] GC(1107) Survivor regions: 23->23(116)
[2024-05-30T12:19:22.584+0000][6302.003s][info][gc,heap     ] GC(1107) Old regions: 222->222
[2024-05-30T12:19:22.584+0000][6302.003s][info][gc,heap     ] GC(1107) Archive regions: 2->2
[2024-05-30T12:19:22.584+0000][6302.003s][info][gc,heap     ] GC(1107) Humongous regions: 6->6
[2024-05-30T12:19:22.584+0000][6302.003s][info][gc,metaspace] GC(1107) Metaspace: 414122K(420160K)->414122K(420160K) NonClass: 362111K(365504K)->362111K(365504K) Class: 52011K(54656K)->52011K(54656K)
[2024-05-30T12:19:22.584+0000][6302.003s][info][gc          ] GC(1107) Pause Young (Normal) (G1 Evacuation Pause) 9191M->2003M(12288M) 54.560ms
[2024-05-30T12:19:22.584+0000][6302.003s][info][gc,cpu      ] GC(1107) User=0.33s Sys=0.00s Real=0.05s
[2024-05-30T12:19:32.614+0000][6312.033s][info][gc,start    ] GC(1108) Pause Young (Normal) (G1 Evacuation Pause)
[2024-05-30T12:19:32.614+0000][6312.033s][info][gc,task     ] GC(1108) Using 6 workers of 6 for evacuation
[2024-05-30T12:19:32.678+0000][6312.097s][info][gc,phases   ] GC(1108)   Pre Evacuate Collection Set: 0.2ms
[2024-05-30T12:19:32.678+0000][6312.097s][info][gc,phases   ] GC(1108)   Merge Heap Roots: 0.3ms
[2024-05-30T12:19:32.678+0000][6312.097s][info][gc,phases   ] GC(1108)   Evacuate Collection Set: 61.3ms
[2024-05-30T12:19:32.678+0000][6312.097s][info][gc,phases   ] GC(1108)   Post Evacuate Collection Set: 1.9ms
[2024-05-30T12:19:32.678+0000][6312.097s][info][gc,phases   ] GC(1108)   Other: 0.2ms
[2024-05-30T12:19:32.678+0000][6312.097s][info][gc,heap     ] GC(1108) Eden regions: 898->0(896)
[2024-05-30T12:19:32.678+0000][6312.097s][info][gc,heap     ] GC(1108) Survivor regions: 23->25(116)
[2024-05-30T12:19:32.678+0000][6312.097s][info][gc,heap     ] GC(1108) Old regions: 222->222
[2024-05-30T12:19:32.678+0000][6312.097s][info][gc,heap     ] GC(1108) Archive regions: 2->2
[2024-05-30T12:19:32.678+0000][6312.097s][info][gc,heap     ] GC(1108) Humongous regions: 6->6
[2024-05-30T12:19:32.678+0000][6312.097s][info][gc,metaspace] GC(1108) Metaspace: 414128K(420160K)->414128K(420160K) NonClass: 362117K(365504K)->362117K(365504K) Class: 52011K(54656K)->52011K(54656K)
[2024-05-30T12:19:32.678+0000][6312.097s][info][gc          ] GC(1108) Pause Young (Normal) (G1 Evacuation Pause) 9187M->2023M(12288M) 63.976ms
[2024-05-30T12:19:32.678+0000][6312.097s][info][gc,cpu      ] GC(1108) User=0.38s Sys=0.00s Real=0.07s
[2024-05-30T12:19:42.298+0000][6321.717s][info][gc,start    ] GC(1109) Pause Young (Normal) (G1 Evacuation Pause)
[2024-05-30T12:19:42.298+0000][6321.717s][info][gc,task     ] GC(1109) Using 6 workers of 6 for evacuation
[2024-05-30T12:19:42.356+0000][6321.775s][info][gc,phases   ] GC(1109)   Pre Evacuate Collection Set: 0.2ms
[2024-05-30T12:19:42.356+0000][6321.775s][info][gc,phases   ] GC(1109)   Merge Heap Roots: 0.3ms
[2024-05-30T12:19:42.356+0000][6321.775s][info][gc,phases   ] GC(1109)   Evacuate Collection Set: 55.0ms
[2024-05-30T12:19:42.356+0000][6321.775s][info][gc,phases   ] GC(1109)   Post Evacuate Collection Set: 1.9ms
[2024-05-30T12:19:42.356+0000][6321.775s][info][gc,phases   ] GC(1109)   Other: 0.3ms
[2024-05-30T12:19:42.356+0000][6321.775s][info][gc,heap     ] GC(1109) Eden regions: 896->0(897)
[2024-05-30T12:19:42.356+0000][6321.775s][info][gc,heap     ] GC(1109) Survivor regions: 25->24(116)
[2024-05-30T12:19:42.356+0000][6321.775s][info][gc,heap     ] GC(1109) Old regions: 222->222
[2024-05-30T12:19:42.356+0000][6321.775s][info][gc,heap     ] GC(1109) Archive regions: 2->2
[2024-05-30T12:19:42.356+0000][6321.775s][info][gc,heap     ] GC(1109) Humongous regions: 6->6
[2024-05-30T12:19:42.356+0000][6321.775s][info][gc,metaspace] GC(1109) Metaspace: 414128K(420160K)->414128K(420160K) NonClass: 362117K(365504K)->362117K(365504K) Class: 52011K(54656K)->52011K(54656K)
[2024-05-30T12:19:42.356+0000][6321.775s][info][gc          ] GC(1109) Pause Young (Normal) (G1 Evacuation Pause) 9191M->2015M(12288M) 57.637ms
[2024-05-30T12:19:42.356+0000][6321.775s][info][gc,cpu      ] GC(1109) User=0.34s Sys=0.00s Real=0.05s
[2024-05-30T12:19:50.649+0000][6330.068s][info][gc,start    ] GC(1110) Pause Young (Normal) (G1 Evacuation Pause)
[2024-05-30T12:19:50.649+0000][6330.068s][info][gc,task     ] GC(1110) Using 6 workers of 6 for evacuation
[2024-05-30T12:19:50.711+0000][6330.130s][info][gc,phases   ] GC(1110)   Pre Evacuate Collection Set: 0.2ms
[2024-05-30T12:19:50.711+0000][6330.131s][info][gc,phases   ] GC(1110)   Merge Heap Roots: 0.3ms
[2024-05-30T12:19:50.711+0000][6330.131s][info][gc,phases   ] GC(1110)   Evacuate Collection Set: 60.0ms
[2024-05-30T12:19:50.711+0000][6330.131s][info][gc,phases   ] GC(1110)   Post Evacuate Collection Set: 1.8ms
[2024-05-30T12:19:50.711+0000][6330.131s][info][gc,phases   ] GC(1110)   Other: 0.2ms
[2024-05-30T12:19:50.711+0000][6330.131s][info][gc,heap     ] GC(1110) Eden regions: 897->0(897)
[2024-05-30T12:19:50.711+0000][6330.131s][info][gc,heap     ] GC(1110) Survivor regions: 24->24(116)
[2024-05-30T12:19:50.711+0000][6330.131s][info][gc,heap     ] GC(1110) Old regions: 222->222
[2024-05-30T12:19:50.711+0000][6330.131s][info][gc,heap     ] GC(1110) Archive regions: 2->2
[2024-05-30T12:19:50.711+0000][6330.131s][info][gc,heap     ] GC(1110) Humongous regions: 6->6
[2024-05-30T12:19:50.711+0000][6330.131s][info][gc,metaspace] GC(1110) Metaspace: 414129K(420160K)->414129K(420160K) NonClass: 362118K(365504K)->362118K(365504K) Class: 52011K(54656K)->52011K(54656K)
[2024-05-30T12:19:50.711+0000][6330.131s][info][gc          ] GC(1110) Pause Young (Normal) (G1 Evacuation Pause) 9191M->2015M(12288M) 62.561ms
[2024-05-30T12:19:50.711+0000][6330.131s][info][gc,cpu      ] GC(1110) User=0.37s Sys=0.00s Real=0.06s
[2024-05-30T12:19:59.246+0000][6338.665s][info][gc,start    ] GC(1111) Pause Young (Normal) (G1 Evacuation Pause)
[2024-05-30T12:19:59.246+0000][6338.665s][info][gc,task     ] GC(1111) Using 6 workers of 6 for evacuation
[2024-05-30T12:19:59.307+0000][6338.727s][info][gc,phases   ] GC(1111)   Pre Evacuate Collection Set: 0.2ms
[2024-05-30T12:19:59.307+0000][6338.727s][info][gc,phases   ] GC(1111)   Merge Heap Roots: 0.3ms
[2024-05-30T12:19:59.307+0000][6338.727s][info][gc,phases   ] GC(1111)   Evacuate Collection Set: 58.8ms
[2024-05-30T12:19:59.307+0000][6338.727s][info][gc,phases   ] GC(1111)   Post Evacuate Collection Set: 1.9ms
[2024-05-30T12:19:59.307+0000][6338.727s][info][gc,phases   ] GC(1111)   Other: 0.2ms
[2024-05-30T12:19:59.307+0000][6338.727s][info][gc,heap     ] GC(1111) Eden regions: 897->0(896)
[2024-05-30T12:19:59.307+0000][6338.727s][info][gc,heap     ] GC(1111) Survivor regions: 24->25(116)
[2024-05-30T12:19:59.307+0000][6338.727s][info][gc,heap     ] GC(1111) Old regions: 222->223
[2024-05-30T12:19:59.307+0000][6338.727s][info][gc,heap     ] GC(1111) Archive regions: 2->2
[2024-05-30T12:19:59.307+0000][6338.727s][info][gc,heap     ] GC(1111) Humongous regions: 6->6
[2024-05-30T12:19:59.308+0000][6338.727s][info][gc,metaspace] GC(1111) Metaspace: 414131K(420160K)->414131K(420160K) NonClass: 362119K(365504K)->362119K(365504K) Class: 52011K(54656K)->52011K(54656K)
[2024-05-30T12:19:59.308+0000][6338.727s][info][gc          ] GC(1111) Pause Young (Normal) (G1 Evacuation Pause) 9191M->2027M(12288M) 61.450ms
[2024-05-30T12:19:59.308+0000][6338.727s][info][gc,cpu      ] GC(1111) User=0.36s Sys=0.00s Real=0.06s
[2024-05-30T12:20:09.245+0000][6348.664s][info][gc,start    ] GC(1112) Pause Young (Concurrent Start) (G1 Evacuation Pause)
[2024-05-30T12:20:09.245+0000][6348.664s][info][gc,task     ] GC(1112) Using 6 workers of 6 for evacuation
[2024-05-30T12:20:09.313+0000][6348.732s][info][gc,phases   ] GC(1112)   Pre Evacuate Collection Set: 0.6ms
[2024-05-30T12:20:09.313+0000][6348.733s][info][gc,phases   ] GC(1112)   Merge Heap Roots: 0.3ms
[2024-05-30T12:20:09.313+0000][6348.733s][info][gc,phases   ] GC(1112)   Evacuate Collection Set: 65.2ms
[2024-05-30T12:20:09.313+0000][6348.733s][info][gc,phases   ] GC(1112)   Post Evacuate Collection Set: 1.9ms
[2024-05-30T12:20:09.313+0000][6348.733s][info][gc,phases   ] GC(1112)   Other: 0.3ms
[2024-05-30T12:20:09.313+0000][6348.733s][info][gc,heap     ] GC(1112) Eden regions: 896->0(895)
[2024-05-30T12:20:09.313+0000][6348.733s][info][gc,heap     ] GC(1112) Survivor regions: 25->26(116)
[2024-05-30T12:20:09.313+0000][6348.733s][info][gc,heap     ] GC(1112) Old regions: 223->223
[2024-05-30T12:20:09.313+0000][6348.733s][info][gc,heap     ] GC(1112) Archive regions: 2->2
[2024-05-30T12:20:09.313+0000][6348.733s][info][gc,heap     ] GC(1112) Humongous regions: 6->6
[2024-05-30T12:20:09.313+0000][6348.733s][info][gc,metaspace] GC(1112) Metaspace: 414133K(420160K)->414133K(420160K) NonClass: 362122K(365504K)->362122K(365504K) Class: 52011K(54656K)->52011K(54656K)
[2024-05-30T12:20:09.313+0000][6348.733s][info][gc          ] GC(1112) Pause Young (Concurrent Start) (G1 Evacuation Pause) 9195M->2040M(12288M) 68.296ms
[2024-05-30T12:20:09.313+0000][6348.733s][info][gc,cpu      ] GC(1112) User=0.40s Sys=0.00s Real=0.07s
[2024-05-30T12:20:09.313+0000][6348.733s][info][gc          ] GC(1113) Concurrent Mark Cycle
[2024-05-30T12:20:09.313+0000][6348.733s][info][gc,marking  ] GC(1113) Concurrent Clear Claimed Marks
[2024-05-30T12:20:09.314+0000][6348.733s][info][gc,marking  ] GC(1113) Concurrent Clear Claimed Marks 0.433ms
[2024-05-30T12:20:09.314+0000][6348.733s][info][gc,marking  ] GC(1113) Concurrent Scan Root Regions
[2024-05-30T12:20:09.369+0000][6348.788s][info][gc,marking  ] GC(1113) Concurrent Scan Root Regions 54.589ms
[2024-05-30T12:20:09.369+0000][6348.788s][info][gc,marking  ] GC(1113) Concurrent Mark
[2024-05-30T12:20:09.369+0000][6348.788s][info][gc,marking  ] GC(1113) Concurrent Mark From Roots
[2024-05-30T12:20:09.369+0000][6348.788s][info][gc,task     ] GC(1113) Using 2 workers of 2 for marking
[2024-05-30T12:20:10.473+0000][6349.892s][info][gc,marking  ] GC(1113) Concurrent Mark From Roots 1103.953ms
[2024-05-30T12:20:10.473+0000][6349.892s][info][gc,marking  ] GC(1113) Concurrent Preclean
[2024-05-30T12:20:10.473+0000][6349.893s][info][gc,marking  ] GC(1113) Concurrent Preclean 0.908ms
[2024-05-30T12:20:10.474+0000][6349.893s][info][gc,start    ] GC(1113) Pause Remark
[2024-05-30T12:20:10.495+0000][6349.914s][info][gc          ] GC(1113) Pause Remark 2780M->2780M(12288M) 20.914ms
[2024-05-30T12:20:10.495+0000][6349.914s][info][gc,cpu      ] GC(1113) User=0.09s Sys=0.00s Real=0.02s
[2024-05-30T12:20:10.495+0000][6349.914s][info][gc,marking  ] GC(1113) Concurrent Mark 1126.268ms
[2024-05-30T12:20:10.495+0000][6349.914s][info][gc,marking  ] GC(1113) Concurrent Rebuild Remembered Sets
[2024-05-30T12:20:11.194+0000][6350.613s][info][gc,marking  ] GC(1113) Concurrent Rebuild Remembered Sets 698.814ms
[2024-05-30T12:20:11.194+0000][6350.613s][info][gc,start    ] GC(1113) Pause Cleanup
[2024-05-30T12:20:11.194+0000][6350.614s][info][gc          ] GC(1113) Pause Cleanup 3268M->3268M(12288M) 0.541ms
[2024-05-30T12:20:11.194+0000][6350.614s][info][gc,cpu      ] GC(1113) User=0.00s Sys=0.00s Real=0.00s
[2024-05-30T12:20:11.195+0000][6350.614s][info][gc,marking  ] GC(1113) Concurrent Cleanup for Next Mark
[2024-05-30T12:20:11.212+0000][6350.631s][info][gc,marking  ] GC(1113) Concurrent Cleanup for Next Mark 17.546ms
[2024-05-30T12:20:11.212+0000][6350.631s][info][gc          ] GC(1113) Concurrent Mark Cycle 1898.658ms
[2024-05-30T12:20:17.411+0000][6356.830s][info][gc,start    ] GC(1114) Pause Young (Prepare Mixed) (G1 Evacuation Pause)
[2024-05-30T12:20:17.411+0000][6356.830s][info][gc,task     ] GC(1114) Using 6 workers of 6 for evacuation
[2024-05-30T12:20:17.481+0000][6356.901s][info][gc,phases   ] GC(1114)   Pre Evacuate Collection Set: 0.2ms
[2024-05-30T12:20:17.481+0000][6356.901s][info][gc,phases   ] GC(1114)   Merge Heap Roots: 0.3ms
[2024-05-30T12:20:17.481+0000][6356.901s][info][gc,phases   ] GC(1114)   Evacuate Collection Set: 64.6ms
[2024-05-30T12:20:17.481+0000][6356.901s][info][gc,phases   ] GC(1114)   Post Evacuate Collection Set: 5.2ms
[2024-05-30T12:20:17.481+0000][6356.901s][info][gc,phases   ] GC(1114)   Other: 0.2ms
[2024-05-30T12:20:17.481+0000][6356.901s][info][gc,heap     ] GC(1114) Eden regions: 895->0(52)
[2024-05-30T12:20:17.481+0000][6356.901s][info][gc,heap     ] GC(1114) Survivor regions: 26->24(116)
[2024-05-30T12:20:17.481+0000][6356.901s][info][gc,heap     ] GC(1114) Old regions: 223->224
[2024-05-30T12:20:17.481+0000][6356.901s][info][gc,heap     ] GC(1114) Archive regions: 2->2
[2024-05-30T12:20:17.481+0000][6356.901s][info][gc,heap     ] GC(1114) Humongous regions: 6->6
[2024-05-30T12:20:17.481+0000][6356.901s][info][gc,metaspace] GC(1114) Metaspace: 414133K(420160K)->414133K(420160K) NonClass: 362122K(365504K)->362122K(365504K) Class: 52011K(54656K)->52011K(54656K)
[2024-05-30T12:20:17.481+0000][6356.901s][info][gc          ] GC(1114) Pause Young (Prepare Mixed) (G1 Evacuation Pause) 9200M->2027M(12288M) 70.656ms
[2024-05-30T12:20:17.481+0000][6356.901s][info][gc,cpu      ] GC(1114) User=0.42s Sys=0.00s Real=0.07s
[2024-05-30T12:20:17.638+0000][6357.057s][info][gc,start    ] GC(1115) Pause Young (Mixed) (G1 Evacuation Pause)
[2024-05-30T12:20:17.638+0000][6357.057s][info][gc,task     ] GC(1115) Using 6 workers of 6 for evacuation
[2024-05-30T12:20:17.701+0000][6357.121s][info][gc,phases   ] GC(1115)   Pre Evacuate Collection Set: 0.2ms
[2024-05-30T12:20:17.701+0000][6357.121s][info][gc,phases   ] GC(1115)   Merge Heap Roots: 0.2ms
[2024-05-30T12:20:17.701+0000][6357.121s][info][gc,phases   ] GC(1115)   Evacuate Collection Set: 61.3ms
[2024-05-30T12:20:17.701+0000][6357.121s][info][gc,phases   ] GC(1115)   Post Evacuate Collection Set: 2.0ms
[2024-05-30T12:20:17.701+0000][6357.121s][info][gc,phases   ] GC(1115)   Other: 0.2ms
[2024-05-30T12:20:17.701+0000][6357.121s][info][gc,heap     ] GC(1115) Eden regions: 52->0(915)
[2024-05-30T12:20:17.701+0000][6357.121s][info][gc,heap     ] GC(1115) Survivor regions: 24->6(10)
[2024-05-30T12:20:17.701+0000][6357.121s][info][gc,heap     ] GC(1115) Old regions: 224->227
[2024-05-30T12:20:17.701+0000][6357.121s][info][gc,heap     ] GC(1115) Archive regions: 2->2
[2024-05-30T12:20:17.701+0000][6357.121s][info][gc,heap     ] GC(1115) Humongous regions: 6->6
[2024-05-30T12:20:17.701+0000][6357.121s][info][gc,metaspace] GC(1115) Metaspace: 414133K(420160K)->414133K(420160K) NonClass: 362122K(365504K)->362122K(365504K) Class: 52011K(54656K)->52011K(54656K)
[2024-05-30T12:20:17.701+0000][6357.121s][info][gc          ] GC(1115) Pause Young (Mixed) (G1 Evacuation Pause) 2443M->1908M(12288M) 63.903ms
[2024-05-30T12:20:17.701+0000][6357.121s][info][gc,cpu      ] GC(1115) User=0.38s Sys=0.00s Real=0.06s
[2024-05-30T12:20:20.429+0000][6359.848s][info][gc,start    ] GC(1116) Pause Young (Normal) (G1 Evacuation Pause)
[2024-05-30T12:20:20.429+0000][6359.848s][info][gc,task     ] GC(1116) Using 6 workers of 6 for evacuation
[2024-05-30T12:20:20.513+0000][6359.932s][info][gc,phases   ] GC(1116)   Pre Evacuate Collection Set: 0.2ms
[2024-05-30T12:20:20.513+0000][6359.932s][info][gc,phases   ] GC(1116)   Merge Heap Roots: 0.2ms
[2024-05-30T12:20:20.513+0000][6359.932s][info][gc,phases   ] GC(1116)   Evacuate Collection Set: 62.7ms
[2024-05-30T12:20:20.513+0000][6359.932s][info][gc,phases   ] GC(1116)   Post Evacuate Collection Set: 20.4ms
[2024-05-30T12:20:20.513+0000][6359.932s][info][gc,phases   ] GC(1116)   Other: 0.2ms
[2024-05-30T12:20:20.513+0000][6359.932s][info][gc,heap     ] GC(1116) Eden regions: 915->0(910)
[2024-05-30T12:20:20.513+0000][6359.932s][info][gc,heap     ] GC(1116) Survivor regions: 6->11(116)
[2024-05-30T12:20:20.513+0000][6359.932s][info][gc,heap     ] GC(1116) Old regions: 227->227
[2024-05-30T12:20:20.513+0000][6359.932s][info][gc,heap     ] GC(1116) Archive regions: 2->2
[2024-05-30T12:20:20.513+0000][6359.932s][info][gc,heap     ] GC(1116) Humongous regions: 6->6
[2024-05-30T12:20:20.513+0000][6359.932s][info][gc,metaspace] GC(1116) Metaspace: 414133K(420160K)->414133K(420160K) NonClass: 362122K(365504K)->362122K(365504K) Class: 52011K(54656K)->52011K(54656K)
[2024-05-30T12:20:20.513+0000][6359.932s][info][gc          ] GC(1116) Pause Young (Normal) (G1 Evacuation Pause) 9228M->1947M(12288M) 83.768ms
[2024-05-30T12:20:20.513+0000][6359.932s][info][gc,cpu      ] GC(1116) User=0.49s Sys=0.00s Real=0.08s
[2024-05-30T12:20:23.514+0000][6362.933s][info][gc,start    ] GC(1117) Pause Young (Normal) (G1 Evacuation Pause)
[2024-05-30T12:20:23.514+0000][6362.933s][info][gc,task     ] GC(1117) Using 6 workers of 6 for evacuation
[2024-05-30T12:20:23.615+0000][6363.034s][info][gc,phases   ] GC(1117)   Pre Evacuate Collection Set: 0.2ms
[2024-05-30T12:20:23.615+0000][6363.034s][info][gc,phases   ] GC(1117)   Merge Heap Roots: 0.2ms
[2024-05-30T12:20:23.615+0000][6363.034s][info][gc,phases   ] GC(1117)   Evacuate Collection Set: 77.9ms
[2024-05-30T12:20:23.615+0000][6363.034s][info][gc,phases   ] GC(1117)   Post Evacuate Collection Set: 22.4ms
[2024-05-30T12:20:23.615+0000][6363.034s][info][gc,phases   ] GC(1117)   Other: 0.3ms
[2024-05-30T12:20:23.615+0000][6363.034s][info][gc,heap     ] GC(1117) Eden regions: 910->0(904)
[2024-05-30T12:20:23.615+0000][6363.034s][info][gc,heap     ] GC(1117) Survivor regions: 11->17(116)
[2024-05-30T12:20:23.615+0000][6363.034s][info][gc,heap     ] GC(1117) Old regions: 227->227
[2024-05-30T12:20:23.615+0000][6363.034s][info][gc,heap     ] GC(1117) Archive regions: 2->2
[2024-05-30T12:20:23.615+0000][6363.034s][info][gc,heap     ] GC(1117) Humongous regions: 6->6
[2024-05-30T12:20:23.615+0000][6363.034s][info][gc,metaspace] GC(1117) Metaspace: 414134K(420160K)->414134K(420160K) NonClass: 362122K(365504K)->362122K(365504K) Class: 52011K(54656K)->52011K(54656K)
[2024-05-30T12:20:23.615+0000][6363.034s][info][gc          ] GC(1117) Pause Young (Normal) (G1 Evacuation Pause) 9227M->1995M(12288M) 101.006ms
[2024-05-30T12:20:23.615+0000][6363.034s][info][gc,cpu      ] GC(1117) User=0.58s Sys=0.00s Real=0.10s
[2024-05-30T12:20:26.476+0000][6365.896s][info][gc,start    ] GC(1118) Pause Young (Concurrent Start) (G1 Evacuation Pause)
[2024-05-30T12:20:26.476+0000][6365.896s][info][gc,task     ] GC(1118) Using 6 workers of 6 for evacuation
[2024-05-30T12:20:26.615+0000][6366.035s][info][gc,phases   ] GC(1118)   Pre Evacuate Collection Set: 0.6ms
[2024-05-30T12:20:26.615+0000][6366.035s][info][gc,phases   ] GC(1118)   Merge Heap Roots: 0.4ms
[2024-05-30T12:20:26.615+0000][6366.035s][info][gc,phases   ] GC(1118)   Evacuate Collection Set: 109.4ms
[2024-05-30T12:20:26.615+0000][6366.035s][info][gc,phases   ] GC(1118)   Post Evacuate Collection Set: 28.2ms
[2024-05-30T12:20:26.615+0000][6366.035s][info][gc,phases   ] GC(1118)   Other: 0.3ms
[2024-05-30T12:20:26.615+0000][6366.035s][info][gc,heap     ] GC(1118) Eden regions: 904->0(900)
[2024-05-30T12:20:26.615+0000][6366.035s][info][gc,heap     ] GC(1118) Survivor regions: 17->21(116)
[2024-05-30T12:20:26.615+0000][6366.035s][info][gc,heap     ] GC(1118) Old regions: 227->227
[2024-05-30T12:20:26.615+0000][6366.035s][info][gc,heap     ] GC(1118) Archive regions: 2->2
[2024-05-30T12:20:26.615+0000][6366.035s][info][gc,heap     ] GC(1118) Humongous regions: 6->6
[2024-05-30T12:20:26.615+0000][6366.035s][info][gc,metaspace] GC(1118) Metaspace: 414134K(420160K)->414134K(420160K) NonClass: 362122K(365504K)->362122K(365504K) Class: 52011K(54656K)->52011K(54656K)
[2024-05-30T12:20:26.615+0000][6366.035s][info][gc          ] GC(1118) Pause Young (Concurrent Start) (G1 Evacuation Pause) 9227M->2031M(12288M) 138.991ms
[2024-05-30T12:20:26.615+0000][6366.035s][info][gc,cpu      ] GC(1118) User=0.80s Sys=0.00s Real=0.13s
[2024-05-30T12:20:26.615+0000][6366.035s][info][gc          ] GC(1119) Concurrent Mark Cycle
[2024-05-30T12:20:26.616+0000][6366.035s][info][gc,marking  ] GC(1119) Concurrent Clear Claimed Marks
[2024-05-30T12:20:26.616+0000][6366.035s][info][gc,marking  ] GC(1119) Concurrent Clear Claimed Marks 0.412ms
[2024-05-30T12:20:26.616+0000][6366.035s][info][gc,marking  ] GC(1119) Concurrent Scan Root Regions
[2024-05-30T12:20:26.695+0000][6366.115s][info][gc,marking  ] GC(1119) Concurrent Scan Root Regions 79.393ms
[2024-05-30T12:20:26.695+0000][6366.115s][info][gc,marking  ] GC(1119) Concurrent Mark
[2024-05-30T12:20:26.695+0000][6366.115s][info][gc,marking  ] GC(1119) Concurrent Mark From Roots
[2024-05-30T12:20:26.695+0000][6366.115s][info][gc,task     ] GC(1119) Using 2 workers of 2 for marking
[2024-05-30T12:20:27.867+0000][6367.286s][info][gc,marking  ] GC(1119) Concurrent Mark From Roots 1171.442ms
[2024-05-30T12:20:27.867+0000][6367.286s][info][gc,marking  ] GC(1119) Concurrent Preclean
[2024-05-30T12:20:27.868+0000][6367.287s][info][gc,marking  ] GC(1119) Concurrent Preclean 0.830ms
[2024-05-30T12:20:27.868+0000][6367.287s][info][gc,start    ] GC(1119) Pause Remark
[2024-05-30T12:20:27.889+0000][6367.308s][info][gc          ] GC(1119) Pause Remark 4475M->4475M(12288M) 21.140ms
[2024-05-30T12:20:27.889+0000][6367.308s][info][gc,cpu      ] GC(1119) User=0.09s Sys=0.00s Real=0.03s
[2024-05-30T12:20:27.889+0000][6367.309s][info][gc,marking  ] GC(1119) Concurrent Mark 1193.876ms
[2024-05-30T12:20:27.889+0000][6367.309s][info][gc,marking  ] GC(1119) Concurrent Rebuild Remembered Sets
[2024-05-30T12:20:28.644+0000][6368.063s][info][gc,marking  ] GC(1119) Concurrent Rebuild Remembered Sets 754.540ms
[2024-05-30T12:20:28.644+0000][6368.063s][info][gc,start    ] GC(1119) Pause Cleanup
[2024-05-30T12:20:28.645+0000][6368.064s][info][gc          ] GC(1119) Pause Cleanup 6199M->6199M(12288M) 0.526ms
[2024-05-30T12:20:28.645+0000][6368.064s][info][gc,cpu      ] GC(1119) User=0.00s Sys=0.00s Real=0.00s
[2024-05-30T12:20:28.645+0000][6368.064s][info][gc,marking  ] GC(1119) Concurrent Cleanup for Next Mark
[2024-05-30T12:20:28.662+0000][6368.081s][info][gc,marking  ] GC(1119) Concurrent Cleanup for Next Mark 17.050ms
[2024-05-30T12:20:28.662+0000][6368.081s][info][gc          ] GC(1119) Concurrent Mark Cycle 2046.398ms
[2024-05-30T12:20:29.645+0000][6369.065s][info][gc,start    ] GC(1120) Pause Young (Prepare Mixed) (G1 Evacuation Pause)
[2024-05-30T12:20:29.645+0000][6369.065s][info][gc,task     ] GC(1120) Using 6 workers of 6 for evacuation
[2024-05-30T12:20:29.782+0000][6369.202s][info][gc,phases   ] GC(1120)   Pre Evacuate Collection Set: 0.2ms
[2024-05-30T12:20:29.782+0000][6369.202s][info][gc,phases   ] GC(1120)   Merge Heap Roots: 0.8ms
[2024-05-30T12:20:29.782+0000][6369.202s][info][gc,phases   ] GC(1120)   Evacuate Collection Set: 112.2ms
[2024-05-30T12:20:29.782+0000][6369.202s][info][gc,phases   ] GC(1120)   Post Evacuate Collection Set: 23.8ms
[2024-05-30T12:20:29.782+0000][6369.202s][info][gc,phases   ] GC(1120)   Other: 0.2ms
[2024-05-30T12:20:29.782+0000][6369.202s][info][gc,heap     ] GC(1120) Eden regions: 900->0(50)
[2024-05-30T12:20:29.782+0000][6369.202s][info][gc,heap     ] GC(1120) Survivor regions: 21->26(116)
[2024-05-30T12:20:29.782+0000][6369.202s][info][gc,heap     ] GC(1120) Old regions: 227->227
[2024-05-30T12:20:29.782+0000][6369.202s][info][gc,heap     ] GC(1120) Archive regions: 2->2
[2024-05-30T12:20:29.782+0000][6369.202s][info][gc,heap     ] GC(1120) Humongous regions: 6->6
[2024-05-30T12:20:29.782+0000][6369.202s][info][gc,metaspace] GC(1120) Metaspace: 414134K(420160K)->414134K(420160K) NonClass: 362122K(365504K)->362122K(365504K) Class: 52011K(54656K)->52011K(54656K)
[2024-05-30T12:20:29.782+0000][6369.202s][info][gc          ] GC(1120) Pause Young (Prepare Mixed) (G1 Evacuation Pause) 9231M->2072M(12288M) 137.185ms
[2024-05-30T12:20:29.783+0000][6369.202s][info][gc,cpu      ] GC(1120) User=0.80s Sys=0.00s Real=0.14s
[2024-05-30T12:20:29.978+0000][6369.398s][info][gc,start    ] GC(1121) Pause Young (Mixed) (G1 Evacuation Pause)
[2024-05-30T12:20:29.978+0000][6369.398s][info][gc,task     ] GC(1121) Using 6 workers of 6 for evacuation
[2024-05-30T12:20:30.064+0000][6369.483s][info][gc,phases   ] GC(1121)   Pre Evacuate Collection Set: 0.2ms
[2024-05-30T12:20:30.064+0000][6369.483s][info][gc,phases   ] GC(1121)   Merge Heap Roots: 0.2ms
[2024-05-30T12:20:30.064+0000][6369.483s][info][gc,phases   ] GC(1121)   Evacuate Collection Set: 82.5ms
[2024-05-30T12:20:30.064+0000][6369.483s][info][gc,phases   ] GC(1121)   Post Evacuate Collection Set: 2.5ms
[2024-05-30T12:20:30.064+0000][6369.483s][info][gc,phases   ] GC(1121)   Other: 0.2ms
[2024-05-30T12:20:30.064+0000][6369.483s][info][gc,heap     ] GC(1121) Eden regions: 50->0(918)
[2024-05-30T12:20:30.064+0000][6369.483s][info][gc,heap     ] GC(1121) Survivor regions: 26->3(10)
[2024-05-30T12:20:30.064+0000][6369.483s][info][gc,heap     ] GC(1121) Old regions: 227->235
[2024-05-30T12:20:30.064+0000][6369.483s][info][gc,heap     ] GC(1121) Archive regions: 2->2
[2024-05-30T12:20:30.064+0000][6369.483s][info][gc,heap     ] GC(1121) Humongous regions: 6->6
[2024-05-30T12:20:30.064+0000][6369.483s][info][gc,metaspace] GC(1121) Metaspace: 414134K(420160K)->414134K(420160K) NonClass: 362122K(365504K)->362122K(365504K) Class: 52011K(54656K)->52011K(54656K)
[2024-05-30T12:20:30.064+0000][6369.483s][info][gc          ] GC(1121) Pause Young (Mixed) (G1 Evacuation Pause) 2472M->1954M(12288M) 85.537ms
[2024-05-30T12:20:30.064+0000][6369.483s][info][gc,cpu      ] GC(1121) User=0.51s Sys=0.00s Real=0.08s
[2024-05-30T12:20:32.641+0000][6372.060s][info][gc,start    ] GC(1122) Pause Young (Normal) (G1 Evacuation Pause)
[2024-05-30T12:20:32.641+0000][6372.060s][info][gc,task     ] GC(1122) Using 6 workers of 6 for evacuation
[2024-05-30T12:20:32.728+0000][6372.147s][info][gc,phases   ] GC(1122)   Pre Evacuate Collection Set: 0.2ms
[2024-05-30T12:20:32.728+0000][6372.147s][info][gc,phases   ] GC(1122)   Merge Heap Roots: 0.3ms
[2024-05-30T12:20:32.728+0000][6372.147s][info][gc,phases   ] GC(1122)   Evacuate Collection Set: 63.6ms
[2024-05-30T12:20:32.728+0000][6372.147s][info][gc,phases   ] GC(1122)   Post Evacuate Collection Set: 22.9ms
[2024-05-30T12:20:32.728+0000][6372.147s][info][gc,phases   ] GC(1122)   Other: 0.2ms
[2024-05-30T12:20:32.728+0000][6372.147s][info][gc,heap     ] GC(1122) Eden regions: 918->0(914)
[2024-05-30T12:20:32.728+0000][6372.147s][info][gc,heap     ] GC(1122) Survivor regions: 3->7(116)
[2024-05-30T12:20:32.728+0000][6372.147s][info][gc,heap     ] GC(1122) Old regions: 235->235
[2024-05-30T12:20:32.728+0000][6372.147s][info][gc,heap     ] GC(1122) Archive regions: 2->2
[2024-05-30T12:20:32.728+0000][6372.147s][info][gc,heap     ] GC(1122) Humongous regions: 6->6
[2024-05-30T12:20:32.728+0000][6372.147s][info][gc,metaspace] GC(1122) Metaspace: 414134K(420160K)->414134K(420160K) NonClass: 362122K(365504K)->362122K(365504K) Class: 52011K(54656K)->52011K(54656K)
[2024-05-30T12:20:32.728+0000][6372.147s][info][gc          ] GC(1122) Pause Young (Normal) (G1 Evacuation Pause) 9298M->1984M(12288M) 87.241ms
[2024-05-30T12:20:32.728+0000][6372.147s][info][gc,cpu      ] GC(1122) User=0.50s Sys=0.00s Real=0.08s
[2024-05-30T12:20:35.304+0000][6374.723s][info][gc,start    ] GC(1123) Pause Young (Normal) (G1 Evacuation Pause)
[2024-05-30T12:20:35.304+0000][6374.723s][info][gc,task     ] GC(1123) Using 6 workers of 6 for evacuation
[2024-05-30T12:20:35.403+0000][6374.822s][info][gc,phases   ] GC(1123)   Pre Evacuate Collection Set: 0.2ms
[2024-05-30T12:20:35.403+0000][6374.822s][info][gc,phases   ] GC(1123)   Merge Heap Roots: 0.3ms
[2024-05-30T12:20:35.403+0000][6374.822s][info][gc,phases   ] GC(1123)   Evacuate Collection Set: 75.3ms
[2024-05-30T12:20:35.403+0000][6374.822s][info][gc,phases   ] GC(1123)   Post Evacuate Collection Set: 23.1ms
[2024-05-30T12:20:35.403+0000][6374.822s][info][gc,phases   ] GC(1123)   Other: 0.2ms
[2024-05-30T12:20:35.403+0000][6374.822s][info][gc,heap     ] GC(1123) Eden regions: 914->0(910)
[2024-05-30T12:20:35.403+0000][6374.822s][info][gc,heap     ] GC(1123) Survivor regions: 7->11(116)
[2024-05-30T12:20:35.403+0000][6374.822s][info][gc,heap     ] GC(1123) Old regions: 235->235
[2024-05-30T12:20:35.403+0000][6374.822s][info][gc,heap     ] GC(1123) Archive regions: 2->2
[2024-05-30T12:20:35.403+0000][6374.822s][info][gc,heap     ] GC(1123) Humongous regions: 6->6
[2024-05-30T12:20:35.403+0000][6374.822s][info][gc,metaspace] GC(1123) Metaspace: 414134K(420160K)->414134K(420160K) NonClass: 362122K(365504K)->362122K(365504K) Class: 52011K(54656K)->52011K(54656K)
[2024-05-30T12:20:35.403+0000][6374.822s][info][gc          ] GC(1123) Pause Young (Normal) (G1 Evacuation Pause) 9296M->2017M(12288M) 99.212ms
[2024-05-30T12:20:35.403+0000][6374.822s][info][gc,cpu      ] GC(1123) User=0.58s Sys=0.01s Real=0.10s
[2024-05-30T12:20:38.075+0000][6377.494s][info][gc,start    ] GC(1124) Pause Young (Concurrent Start) (G1 Evacuation Pause)
[2024-05-30T12:20:38.075+0000][6377.494s][info][gc,task     ] GC(1124) Using 6 workers of 6 for evacuation
[2024-05-30T12:20:38.194+0000][6377.613s][info][gc,phases   ] GC(1124)   Pre Evacuate Collection Set: 0.5ms
[2024-05-30T12:20:38.194+0000][6377.613s][info][gc,phases   ] GC(1124)   Merge Heap Roots: 0.4ms
[2024-05-30T12:20:38.194+0000][6377.613s][info][gc,phases   ] GC(1124)   Evacuate Collection Set: 94.1ms
[2024-05-30T12:20:38.194+0000][6377.613s][info][gc,phases   ] GC(1124)   Post Evacuate Collection Set: 23.8ms
[2024-05-30T12:20:38.194+0000][6377.613s][info][gc,phases   ] GC(1124)   Other: 0.3ms
[2024-05-30T12:20:38.194+0000][6377.613s][info][gc,heap     ] GC(1124) Eden regions: 910->0(904)
[2024-05-30T12:20:38.194+0000][6377.613s][info][gc,heap     ] GC(1124) Survivor regions: 11->17(116)
[2024-05-30T12:20:38.194+0000][6377.613s][info][gc,heap     ] GC(1124) Old regions: 235->235
[2024-05-30T12:20:38.194+0000][6377.613s][info][gc,heap     ] GC(1124) Archive regions: 2->2
[2024-05-30T12:20:38.194+0000][6377.613s][info][gc,heap     ] GC(1124) Humongous regions: 6->6
[2024-05-30T12:20:38.194+0000][6377.613s][info][gc,metaspace] GC(1124) Metaspace: 414135K(420160K)->414135K(420160K) NonClass: 362122K(365504K)->362122K(365504K) Class: 52012K(54656K)->52012K(54656K)
[2024-05-30T12:20:38.194+0000][6377.613s][info][gc          ] GC(1124) Pause Young (Concurrent Start) (G1 Evacuation Pause) 9297M->2063M(12288M) 119.154ms
[2024-05-30T12:20:38.194+0000][6377.613s][info][gc,cpu      ] GC(1124) User=0.69s Sys=0.00s Real=0.12s
[2024-05-30T12:20:38.194+0000][6377.614s][info][gc          ] GC(1125) Concurrent Mark Cycle
[2024-05-30T12:20:38.194+0000][6377.614s][info][gc,marking  ] GC(1125) Concurrent Clear Claimed Marks
[2024-05-30T12:20:38.195+0000][6377.614s][info][gc,marking  ] GC(1125) Concurrent Clear Claimed Marks 0.432ms
[2024-05-30T12:20:38.195+0000][6377.614s][info][gc,marking  ] GC(1125) Concurrent Scan Root Regions
[2024-05-30T12:20:38.248+0000][6377.667s][info][gc,marking  ] GC(1125) Concurrent Scan Root Regions 53.443ms
[2024-05-30T12:20:38.248+0000][6377.668s][info][gc,marking  ] GC(1125) Concurrent Mark
[2024-05-30T12:20:38.248+0000][6377.668s][info][gc,marking  ] GC(1125) Concurrent Mark From Roots
[2024-05-30T12:20:38.248+0000][6377.668s][info][gc,task     ] GC(1125) Using 2 workers of 2 for marking
[2024-05-30T12:20:39.597+0000][6379.016s][info][gc,marking  ] GC(1125) Concurrent Mark From Roots 1348.552ms
[2024-05-30T12:20:39.597+0000][6379.016s][info][gc,marking  ] GC(1125) Concurrent Preclean
[2024-05-30T12:20:39.598+0000][6379.017s][info][gc,marking  ] GC(1125) Concurrent Preclean 1.252ms
[2024-05-30T12:20:39.598+0000][6379.018s][info][gc,start    ] GC(1125) Pause Remark
[2024-05-30T12:20:39.619+0000][6379.038s][info][gc          ] GC(1125) Pause Remark 5243M->5243M(12288M) 20.878ms
[2024-05-30T12:20:39.619+0000][6379.039s][info][gc,cpu      ] GC(1125) User=0.08s Sys=0.01s Real=0.02s
[2024-05-30T12:20:39.619+0000][6379.039s][info][gc,marking  ] GC(1125) Concurrent Mark 1371.167ms
[2024-05-30T12:20:39.619+0000][6379.039s][info][gc,marking  ] GC(1125) Concurrent Rebuild Remembered Sets
[2024-05-30T12:20:40.438+0000][6379.858s][info][gc,marking  ] GC(1125) Concurrent Rebuild Remembered Sets 818.914ms
[2024-05-30T12:20:40.439+0000][6379.858s][info][gc,start    ] GC(1125) Pause Cleanup
[2024-05-30T12:20:40.439+0000][6379.858s][info][gc          ] GC(1125) Pause Cleanup 7455M->7455M(12288M) 0.505ms
[2024-05-30T12:20:40.439+0000][6379.858s][info][gc,cpu      ] GC(1125) User=0.00s Sys=0.00s Real=0.00s
[2024-05-30T12:20:40.439+0000][6379.858s][info][gc,marking  ] GC(1125) Concurrent Cleanup for Next Mark
[2024-05-30T12:20:40.457+0000][6379.876s][info][gc,marking  ] GC(1125) Concurrent Cleanup for Next Mark 17.923ms
[2024-05-30T12:20:40.457+0000][6379.876s][info][gc          ] GC(1125) Concurrent Mark Cycle 2262.853ms
[2024-05-30T12:20:41.058+0000][6380.477s][info][gc,start    ] GC(1126) Pause Young (Prepare Mixed) (G1 Evacuation Pause)
[2024-05-30T12:20:41.058+0000][6380.477s][info][gc,task     ] GC(1126) Using 6 workers of 6 for evacuation
[2024-05-30T12:20:41.192+0000][6380.611s][info][gc,phases   ] GC(1126)   Pre Evacuate Collection Set: 0.2ms
[2024-05-30T12:20:41.192+0000][6380.611s][info][gc,phases   ] GC(1126)   Merge Heap Roots: 0.9ms
[2024-05-30T12:20:41.192+0000][6380.611s][info][gc,phases   ] GC(1126)   Evacuate Collection Set: 108.3ms
[2024-05-30T12:20:41.192+0000][6380.611s][info][gc,phases   ] GC(1126)   Post Evacuate Collection Set: 24.5ms
[2024-05-30T12:20:41.192+0000][6380.611s][info][gc,phases   ] GC(1126)   Other: 0.2ms
[2024-05-30T12:20:41.192+0000][6380.611s][info][gc,heap     ] GC(1126) Eden regions: 904->0(54)
[2024-05-30T12:20:41.192+0000][6380.611s][info][gc,heap     ] GC(1126) Survivor regions: 17->22(116)
[2024-05-30T12:20:41.192+0000][6380.611s][info][gc,heap     ] GC(1126) Old regions: 235->235
[2024-05-30T12:20:41.192+0000][6380.611s][info][gc,heap     ] GC(1126) Archive regions: 2->2
[2024-05-30T12:20:41.192+0000][6380.611s][info][gc,heap     ] GC(1126) Humongous regions: 6->6
[2024-05-30T12:20:41.192+0000][6380.611s][info][gc,metaspace] GC(1126) Metaspace: 414140K(420160K)->414140K(420160K) NonClass: 362127K(365504K)->362127K(365504K) Class: 52012K(54656K)->52012K(54656K)
[2024-05-30T12:20:41.192+0000][6380.611s][info][gc          ] GC(1126) Pause Young (Prepare Mixed) (G1 Evacuation Pause) 9295M->2106M(12288M) 134.195ms
[2024-05-30T12:20:41.192+0000][6380.611s][info][gc,cpu      ] GC(1126) User=0.78s Sys=0.00s Real=0.13s
[2024-05-30T12:20:41.382+0000][6380.801s][info][gc,start    ] GC(1127) Pause Young (Mixed) (G1 Evacuation Pause)
[2024-05-30T12:20:41.382+0000][6380.801s][info][gc,task     ] GC(1127) Using 6 workers of 6 for evacuation
[2024-05-30T12:20:41.461+0000][6380.880s][info][gc,phases   ] GC(1127)   Pre Evacuate Collection Set: 0.2ms
[2024-05-30T12:20:41.461+0000][6380.880s][info][gc,phases   ] GC(1127)   Merge Heap Roots: 0.3ms
[2024-05-30T12:20:41.461+0000][6380.880s][info][gc,phases   ] GC(1127)   Evacuate Collection Set: 75.9ms
[2024-05-30T12:20:41.461+0000][6380.880s][info][gc,phases   ] GC(1127)   Post Evacuate Collection Set: 2.6ms
[2024-05-30T12:20:41.461+0000][6380.880s][info][gc,phases   ] GC(1127)   Other: 0.2ms
[2024-05-30T12:20:41.461+0000][6380.880s][info][gc,heap     ] GC(1127) Eden regions: 54->0(918)
[2024-05-30T12:20:41.461+0000][6380.880s][info][gc,heap     ] GC(1127) Survivor regions: 22->3(10)
[2024-05-30T12:20:41.461+0000][6380.880s][info][gc,heap     ] GC(1127) Old regions: 235->240
[2024-05-30T12:20:41.461+0000][6380.880s][info][gc,heap     ] GC(1127) Archive regions: 2->2
[2024-05-30T12:20:41.461+0000][6380.880s][info][gc,heap     ] GC(1127) Humongous regions: 6->6
[2024-05-30T12:20:41.461+0000][6380.880s][info][gc,metaspace] GC(1127) Metaspace: 414140K(420160K)->414140K(420160K) NonClass: 362127K(365504K)->362127K(365504K) Class: 52012K(54656K)->52012K(54656K)
[2024-05-30T12:20:41.461+0000][6380.880s][info][gc          ] GC(1127) Pause Young (Mixed) (G1 Evacuation Pause) 2538M->1995M(12288M) 79.098ms
[2024-05-30T12:20:41.461+0000][6380.880s][info][gc,cpu      ] GC(1127) User=0.47s Sys=0.00s Real=0.08s
[2024-05-30T12:20:43.931+0000][6383.350s][info][gc,start    ] GC(1128) Pause Young (Normal) (G1 Evacuation Pause)
[2024-05-30T12:20:43.931+0000][6383.350s][info][gc,task     ] GC(1128) Using 6 workers of 6 for evacuation
[2024-05-30T12:20:44.017+0000][6383.436s][info][gc,phases   ] GC(1128)   Pre Evacuate Collection Set: 0.2ms
[2024-05-30T12:20:44.017+0000][6383.436s][info][gc,phases   ] GC(1128)   Merge Heap Roots: 0.3ms
[2024-05-30T12:20:44.017+0000][6383.436s][info][gc,phases   ] GC(1128)   Evacuate Collection Set: 63.2ms
[2024-05-30T12:20:44.017+0000][6383.436s][info][gc,phases   ] GC(1128)   Post Evacuate Collection Set: 22.2ms
[2024-05-30T12:20:44.017+0000][6383.436s][info][gc,phases   ] GC(1128)   Other: 0.2ms
[2024-05-30T12:20:44.017+0000][6383.436s][info][gc,heap     ] GC(1128) Eden regions: 918->0(914)
[2024-05-30T12:20:44.017+0000][6383.436s][info][gc,heap     ] GC(1128) Survivor regions: 3->7(116)
[2024-05-30T12:20:44.017+0000][6383.436s][info][gc,heap     ] GC(1128) Old regions: 240->240
[2024-05-30T12:20:44.017+0000][6383.436s][info][gc,heap     ] GC(1128) Archive regions: 2->2
[2024-05-30T12:20:44.017+0000][6383.436s][info][gc,heap     ] GC(1128) Humongous regions: 6->6
[2024-05-30T12:20:44.017+0000][6383.436s][info][gc,metaspace] GC(1128) Metaspace: 414140K(420160K)->414140K(420160K) NonClass: 362127K(365504K)->362127K(365504K) Class: 52012K(54656K)->52012K(54656K)
[2024-05-30T12:20:44.017+0000][6383.437s][info][gc          ] GC(1128) Pause Young (Normal) (G1 Evacuation Pause) 9339M->2024M(12288M) 86.111ms
[2024-05-30T12:20:44.017+0000][6383.437s][info][gc,cpu      ] GC(1128) User=0.51s Sys=0.00s Real=0.09s
[2024-05-30T12:20:46.724+0000][6386.144s][info][gc,start    ] GC(1129) Pause Young (Normal) (G1 Evacuation Pause)
[2024-05-30T12:20:46.724+0000][6386.144s][info][gc,task     ] GC(1129) Using 6 workers of 6 for evacuation
[2024-05-30T12:20:46.819+0000][6386.238s][info][gc,phases   ] GC(1129)   Pre Evacuate Collection Set: 0.2ms
[2024-05-30T12:20:46.819+0000][6386.238s][info][gc,phases   ] GC(1129)   Merge Heap Roots: 0.3ms
[2024-05-30T12:20:46.819+0000][6386.238s][info][gc,phases   ] GC(1129)   Evacuate Collection Set: 71.9ms
[2024-05-30T12:20:46.819+0000][6386.238s][info][gc,phases   ] GC(1129)   Post Evacuate Collection Set: 21.8ms
[2024-05-30T12:20:46.819+0000][6386.238s][info][gc,phases   ] GC(1129)   Other: 0.3ms
[2024-05-30T12:20:46.819+0000][6386.238s][info][gc,heap     ] GC(1129) Eden regions: 914->0(910)
[2024-05-30T12:20:46.819+0000][6386.238s][info][gc,heap     ] GC(1129) Survivor regions: 7->11(116)
[2024-05-30T12:20:46.819+0000][6386.238s][info][gc,heap     ] GC(1129) Old regions: 240->240
[2024-05-30T12:20:46.819+0000][6386.238s][info][gc,heap     ] GC(1129) Archive regions: 2->2
[2024-05-30T12:20:46.819+0000][6386.238s][info][gc,heap     ] GC(1129) Humongous regions: 6->6
[2024-05-30T12:20:46.819+0000][6386.238s][info][gc,metaspace] GC(1129) Metaspace: 414140K(420160K)->414140K(420160K) NonClass: 362127K(365504K)->362127K(365504K) Class: 52012K(54656K)->52012K(54656K)
[2024-05-30T12:20:46.819+0000][6386.238s][info][gc          ] GC(1129) Pause Young (Normal) (G1 Evacuation Pause) 9336M->2054M(12288M) 94.438ms
[2024-05-30T12:20:46.819+0000][6386.238s][info][gc,cpu      ] GC(1129) User=0.55s Sys=0.00s Real=0.10s
[2024-05-30T12:20:49.335+0000][6388.754s][info][gc,start    ] GC(1130) Pause Young (Concurrent Start) (G1 Evacuation Pause)
[2024-05-30T12:20:49.335+0000][6388.754s][info][gc,task     ] GC(1130) Using 6 workers of 6 for evacuation
[2024-05-30T12:20:49.449+0000][6388.868s][info][gc,phases   ] GC(1130)   Pre Evacuate Collection Set: 0.6ms
[2024-05-30T12:20:49.449+0000][6388.868s][info][gc,phases   ] GC(1130)   Merge Heap Roots: 0.4ms
[2024-05-30T12:20:49.449+0000][6388.868s][info][gc,phases   ] GC(1130)   Evacuate Collection Set: 90.0ms
[2024-05-30T12:20:49.449+0000][6388.868s][info][gc,phases   ] GC(1130)   Post Evacuate Collection Set: 22.9ms
[2024-05-30T12:20:49.449+0000][6388.868s][info][gc,phases   ] GC(1130)   Other: 0.3ms
[2024-05-30T12:20:49.449+0000][6388.868s][info][gc,heap     ] GC(1130) Eden regions: 910->0(904)
[2024-05-30T12:20:49.449+0000][6388.868s][info][gc,heap     ] GC(1130) Survivor regions: 11->17(116)
[2024-05-30T12:20:49.449+0000][6388.868s][info][gc,heap     ] GC(1130) Old regions: 240->240
[2024-05-30T12:20:49.449+0000][6388.868s][info][gc,heap     ] GC(1130) Archive regions: 2->2
[2024-05-30T12:20:49.449+0000][6388.868s][info][gc,heap     ] GC(1130) Humongous regions: 6->6
[2024-05-30T12:20:49.449+0000][6388.868s][info][gc,metaspace] GC(1130) Metaspace: 414140K(420160K)->414140K(420160K) NonClass: 362127K(365504K)->362127K(365504K) Class: 52012K(54656K)->52012K(54656K)
[2024-05-30T12:20:49.449+0000][6388.868s][info][gc          ] GC(1130) Pause Young (Concurrent Start) (G1 Evacuation Pause) 9334M->2101M(12288M) 114.233ms
[2024-05-30T12:20:49.449+0000][6388.868s][info][gc,cpu      ] GC(1130) User=0.66s Sys=0.00s Real=0.12s
[2024-05-30T12:20:49.449+0000][6388.868s][info][gc          ] GC(1131) Concurrent Mark Cycle
[2024-05-30T12:20:49.449+0000][6388.868s][info][gc,marking  ] GC(1131) Concurrent Clear Claimed Marks
[2024-05-30T12:20:49.449+0000][6388.869s][info][gc,marking  ] GC(1131) Concurrent Clear Claimed Marks 0.415ms
[2024-05-30T12:20:49.449+0000][6388.869s][info][gc,marking  ] GC(1131) Concurrent Scan Root Regions
[2024-05-30T12:20:49.496+0000][6388.915s][info][gc,marking  ] GC(1131) Concurrent Scan Root Regions 46.600ms
[2024-05-30T12:20:49.496+0000][6388.915s][info][gc,marking  ] GC(1131) Concurrent Mark
[2024-05-30T12:20:49.496+0000][6388.915s][info][gc,marking  ] GC(1131) Concurrent Mark From Roots
[2024-05-30T12:20:49.496+0000][6388.915s][info][gc,task     ] GC(1131) Using 2 workers of 2 for marking
[2024-05-30T12:20:50.836+0000][6390.255s][info][gc,marking  ] GC(1131) Concurrent Mark From Roots 1339.611ms
[2024-05-30T12:20:50.836+0000][6390.255s][info][gc,marking  ] GC(1131) Concurrent Preclean
[2024-05-30T12:20:50.837+0000][6390.256s][info][gc,marking  ] GC(1131) Concurrent Preclean 1.114ms
[2024-05-30T12:20:50.837+0000][6390.256s][info][gc,start    ] GC(1131) Pause Remark
[2024-05-30T12:20:50.859+0000][6390.278s][info][gc          ] GC(1131) Pause Remark 4666M->4666M(12288M) 21.582ms
[2024-05-30T12:20:50.859+0000][6390.278s][info][gc,cpu      ] GC(1131) User=0.09s Sys=0.00s Real=0.02s
[2024-05-30T12:20:50.859+0000][6390.278s][info][gc,marking  ] GC(1131) Concurrent Mark 1362.811ms
[2024-05-30T12:20:50.859+0000][6390.278s][info][gc,marking  ] GC(1131) Concurrent Rebuild Remembered Sets
[2024-05-30T12:20:51.646+0000][6391.065s][info][gc,marking  ] GC(1131) Concurrent Rebuild Remembered Sets 786.935ms
[2024-05-30T12:20:51.646+0000][6391.065s][info][gc,start    ] GC(1131) Pause Cleanup
[2024-05-30T12:20:51.647+0000][6391.066s][info][gc          ] GC(1131) Pause Cleanup 5209M->5209M(12288M) 0.546ms
[2024-05-30T12:20:51.647+0000][6391.066s][info][gc,cpu      ] GC(1131) User=0.00s Sys=0.00s Real=0.00s
[2024-05-30T12:20:51.647+0000][6391.066s][info][gc,marking  ] GC(1131) Concurrent Cleanup for Next Mark
[2024-05-30T12:20:51.663+0000][6391.082s][info][gc,marking  ] GC(1131) Concurrent Cleanup for Next Mark 16.562ms
[2024-05-30T12:20:51.663+0000][6391.083s][info][gc          ] GC(1131) Concurrent Mark Cycle 2214.393ms
[2024-05-30T12:20:57.359+0000][6396.778s][info][gc,start    ] GC(1132) Pause Young (Prepare Mixed) (G1 Evacuation Pause)
[2024-05-30T12:20:57.359+0000][6396.778s][info][gc,task     ] GC(1132) Using 6 workers of 6 for evacuation
[2024-05-30T12:20:57.443+0000][6396.862s][info][gc,phases   ] GC(1132)   Pre Evacuate Collection Set: 0.2ms
[2024-05-30T12:20:57.443+0000][6396.862s][info][gc,phases   ] GC(1132)   Merge Heap Roots: 0.7ms
[2024-05-30T12:20:57.443+0000][6396.862s][info][gc,phases   ] GC(1132)   Evacuate Collection Set: 73.7ms
[2024-05-30T12:20:57.443+0000][6396.862s][info][gc,phases   ] GC(1132)   Post Evacuate Collection Set: 8.9ms
[2024-05-30T12:20:57.443+0000][6396.862s][info][gc,phases   ] GC(1132)   Other: 0.2ms
[2024-05-30T12:20:57.443+0000][6396.862s][info][gc,heap     ] GC(1132) Eden regions: 904->0(56)
[2024-05-30T12:20:57.443+0000][6396.862s][info][gc,heap     ] GC(1132) Survivor regions: 17->20(116)
[2024-05-30T12:20:57.443+0000][6396.862s][info][gc,heap     ] GC(1132) Old regions: 240->240
[2024-05-30T12:20:57.443+0000][6396.862s][info][gc,heap     ] GC(1132) Archive regions: 2->2
[2024-05-30T12:20:57.443+0000][6396.862s][info][gc,heap     ] GC(1132) Humongous regions: 6->6
[2024-05-30T12:20:57.443+0000][6396.862s][info][gc,metaspace] GC(1132) Metaspace: 414145K(420160K)->414145K(420160K) NonClass: 362132K(365504K)->362132K(365504K) Class: 52012K(54656K)->52012K(54656K)
[2024-05-30T12:20:57.443+0000][6396.862s][info][gc          ] GC(1132) Pause Young (Prepare Mixed) (G1 Evacuation Pause) 9333M->2130M(12288M) 83.770ms
[2024-05-30T12:20:57.443+0000][6396.862s][info][gc,cpu      ] GC(1132) User=0.49s Sys=0.00s Real=0.08s
[2024-05-30T12:20:58.063+0000][6397.483s][info][gc,start    ] GC(1133) Pause Young (Mixed) (G1 Evacuation Pause)
[2024-05-30T12:20:58.063+0000][6397.483s][info][gc,task     ] GC(1133) Using 6 workers of 6 for evacuation
[2024-05-30T12:20:58.142+0000][6397.561s][info][gc,phases   ] GC(1133)   Pre Evacuate Collection Set: 0.2ms
[2024-05-30T12:20:58.142+0000][6397.561s][info][gc,phases   ] GC(1133)   Merge Heap Roots: 0.3ms
[2024-05-30T12:20:58.142+0000][6397.561s][info][gc,phases   ] GC(1133)   Evacuate Collection Set: 76.7ms
[2024-05-30T12:20:58.142+0000][6397.561s][info][gc,phases   ] GC(1133)   Post Evacuate Collection Set: 1.2ms
[2024-05-30T12:20:58.142+0000][6397.561s][info][gc,phases   ] GC(1133)   Other: 0.2ms
[2024-05-30T12:20:58.142+0000][6397.561s][info][gc,heap     ] GC(1133) Eden regions: 56->0(915)
[2024-05-30T12:20:58.142+0000][6397.561s][info][gc,heap     ] GC(1133) Survivor regions: 20->6(10)
[2024-05-30T12:20:58.142+0000][6397.561s][info][gc,heap     ] GC(1133) Old regions: 240->239
[2024-05-30T12:20:58.142+0000][6397.561s][info][gc,heap     ] GC(1133) Archive regions: 2->2
[2024-05-30T12:20:58.142+0000][6397.561s][info][gc,heap     ] GC(1133) Humongous regions: 6->6
[2024-05-30T12:20:58.142+0000][6397.561s][info][gc,metaspace] GC(1133) Metaspace: 414145K(420160K)->414145K(420160K) NonClass: 362132K(365504K)->362132K(365504K) Class: 52012K(54656K)->52012K(54656K)
[2024-05-30T12:20:58.142+0000][6397.561s][info][gc          ] GC(1133) Pause Young (Mixed) (G1 Evacuation Pause) 2578M->2006M(12288M) 78.579ms
[2024-05-30T12:20:58.142+0000][6397.561s][info][gc,cpu      ] GC(1133) User=0.47s Sys=0.00s Real=0.08s
[2024-05-30T12:21:08.205+0000][6407.624s][info][gc,start    ] GC(1134) Pause Young (Normal) (G1 Evacuation Pause)
[2024-05-30T12:21:08.205+0000][6407.624s][info][gc,task     ] GC(1134) Using 6 workers of 6 for evacuation
[2024-05-30T12:21:08.231+0000][6407.650s][info][gc,phases   ] GC(1134)   Pre Evacuate Collection Set: 0.2ms
[2024-05-30T12:21:08.231+0000][6407.650s][info][gc,phases   ] GC(1134)   Merge Heap Roots: 0.3ms
[2024-05-30T12:21:08.231+0000][6407.650s][info][gc,phases   ] GC(1134)   Evacuate Collection Set: 24.1ms
[2024-05-30T12:21:08.231+0000][6407.650s][info][gc,phases   ] GC(1134)   Post Evacuate Collection Set: 1.8ms
[2024-05-30T12:21:08.231+0000][6407.650s][info][gc,phases   ] GC(1134)   Other: 0.2ms
[2024-05-30T12:21:08.231+0000][6407.650s][info][gc,heap     ] GC(1134) Eden regions: 915->0(911)
[2024-05-30T12:21:08.231+0000][6407.650s][info][gc,heap     ] GC(1134) Survivor regions: 6->10(116)
[2024-05-30T12:21:08.231+0000][6407.650s][info][gc,heap     ] GC(1134) Old regions: 239->239
[2024-05-30T12:21:08.231+0000][6407.650s][info][gc,heap     ] GC(1134) Archive regions: 2->2
[2024-05-30T12:21:08.231+0000][6407.650s][info][gc,heap     ] GC(1134) Humongous regions: 6->6
[2024-05-30T12:21:08.231+0000][6407.650s][info][gc,metaspace] GC(1134) Metaspace: 414145K(420160K)->414145K(420160K) NonClass: 362132K(365504K)->362132K(365504K) Class: 52012K(54656K)->52012K(54656K)
[2024-05-30T12:21:08.231+0000][6407.650s][info][gc          ] GC(1134) Pause Young (Normal) (G1 Evacuation Pause) 9326M->2034M(12288M) 26.599ms
[2024-05-30T12:21:08.231+0000][6407.651s][info][gc,cpu      ] GC(1134) User=0.16s Sys=0.01s Real=0.03s
[2024-05-30T12:21:18.187+0000][6417.606s][info][gc,start    ] GC(1135) Pause Young (Normal) (G1 Evacuation Pause)
[2024-05-30T12:21:18.187+0000][6417.606s][info][gc,task     ] GC(1135) Using 6 workers of 6 for evacuation
[2024-05-30T12:21:18.219+0000][6417.638s][info][gc,phases   ] GC(1135)   Pre Evacuate Collection Set: 0.2ms
[2024-05-30T12:21:18.219+0000][6417.638s][info][gc,phases   ] GC(1135)   Merge Heap Roots: 0.3ms
[2024-05-30T12:21:18.219+0000][6417.638s][info][gc,phases   ] GC(1135)   Evacuate Collection Set: 29.5ms
[2024-05-30T12:21:18.219+0000][6417.638s][info][gc,phases   ] GC(1135)   Post Evacuate Collection Set: 1.8ms
[2024-05-30T12:21:18.219+0000][6417.638s][info][gc,phases   ] GC(1135)   Other: 0.2ms
[2024-05-30T12:21:18.219+0000][6417.638s][info][gc,heap     ] GC(1135) Eden regions: 911->0(909)
[2024-05-30T12:21:18.219+0000][6417.638s][info][gc,heap     ] GC(1135) Survivor regions: 10->12(116)
[2024-05-30T12:21:18.219+0000][6417.638s][info][gc,heap     ] GC(1135) Old regions: 239->239
[2024-05-30T12:21:18.219+0000][6417.638s][info][gc,heap     ] GC(1135) Archive regions: 2->2
[2024-05-30T12:21:18.219+0000][6417.638s][info][gc,heap     ] GC(1135) Humongous regions: 6->6
[2024-05-30T12:21:18.219+0000][6417.638s][info][gc,metaspace] GC(1135) Metaspace: 414145K(420160K)->414145K(420160K) NonClass: 362132K(365504K)->362132K(365504K) Class: 52012K(54656K)->52012K(54656K)
[2024-05-30T12:21:18.219+0000][6417.638s][info][gc          ] GC(1135) Pause Young (Normal) (G1 Evacuation Pause) 9322M->2053M(12288M) 31.979ms
[2024-05-30T12:21:18.219+0000][6417.638s][info][gc,cpu      ] GC(1135) User=0.19s Sys=0.00s Real=0.04s
[2024-05-30T12:21:28.293+0000][6427.712s][info][gc,start    ] GC(1136) Pause Young (Concurrent Start) (G1 Evacuation Pause)
[2024-05-30T12:21:28.293+0000][6427.712s][info][gc,task     ] GC(1136) Using 6 workers of 6 for evacuation
[2024-05-30T12:21:28.342+0000][6427.761s][info][gc,phases   ] GC(1136)   Pre Evacuate Collection Set: 0.6ms
[2024-05-30T12:21:28.342+0000][6427.761s][info][gc,phases   ] GC(1136)   Merge Heap Roots: 0.3ms
[2024-05-30T12:21:28.342+0000][6427.761s][info][gc,phases   ] GC(1136)   Evacuate Collection Set: 45.9ms
[2024-05-30T12:21:28.342+0000][6427.761s][info][gc,phases   ] GC(1136)   Post Evacuate Collection Set: 1.9ms
[2024-05-30T12:21:28.342+0000][6427.761s][info][gc,phases   ] GC(1136)   Other: 0.3ms
[2024-05-30T12:21:28.342+0000][6427.761s][info][gc,heap     ] GC(1136) Eden regions: 909->0(905)
[2024-05-30T12:21:28.342+0000][6427.761s][info][gc,heap     ] GC(1136) Survivor regions: 12->16(116)
[2024-05-30T12:21:28.342+0000][6427.761s][info][gc,heap     ] GC(1136) Old regions: 239->239
[2024-05-30T12:21:28.342+0000][6427.761s][info][gc,heap     ] GC(1136) Archive regions: 2->2
[2024-05-30T12:21:28.342+0000][6427.761s][info][gc,heap     ] GC(1136) Humongous regions: 6->6
[2024-05-30T12:21:28.342+0000][6427.761s][info][gc,metaspace] GC(1136) Metaspace: 414146K(420160K)->414146K(420160K) NonClass: 362133K(365504K)->362133K(365504K) Class: 52012K(54656K)->52012K(54656K)
[2024-05-30T12:21:28.342+0000][6427.761s][info][gc          ] GC(1136) Pause Young (Concurrent Start) (G1 Evacuation Pause) 9325M->2086M(12288M) 49.000ms
[2024-05-30T12:21:28.342+0000][6427.761s][info][gc,cpu      ] GC(1136) User=0.29s Sys=0.00s Real=0.05s
[2024-05-30T12:21:28.342+0000][6427.761s][info][gc          ] GC(1137) Concurrent Mark Cycle
[2024-05-30T12:21:28.342+0000][6427.761s][info][gc,marking  ] GC(1137) Concurrent Clear Claimed Marks
[2024-05-30T12:21:28.343+0000][6427.762s][info][gc,marking  ] GC(1137) Concurrent Clear Claimed Marks 0.433ms
[2024-05-30T12:21:28.343+0000][6427.762s][info][gc,marking  ] GC(1137) Concurrent Scan Root Regions
[2024-05-30T12:21:28.368+0000][6427.788s][info][gc,marking  ] GC(1137) Concurrent Scan Root Regions 25.783ms
[2024-05-30T12:21:28.368+0000][6427.788s][info][gc,marking  ] GC(1137) Concurrent Mark
[2024-05-30T12:21:28.368+0000][6427.788s][info][gc,marking  ] GC(1137) Concurrent Mark From Roots
[2024-05-30T12:21:28.368+0000][6427.788s][info][gc,task     ] GC(1137) Using 2 workers of 2 for marking
[2024-05-30T12:21:29.676+0000][6429.095s][info][gc,marking  ] GC(1137) Concurrent Mark From Roots 1307.700ms
[2024-05-30T12:21:29.676+0000][6429.095s][info][gc,marking  ] GC(1137) Concurrent Preclean
[2024-05-30T12:21:29.677+0000][6429.096s][info][gc,marking  ] GC(1137) Concurrent Preclean 0.834ms
[2024-05-30T12:21:29.677+0000][6429.096s][info][gc,start    ] GC(1137) Pause Remark
[2024-05-30T12:21:29.698+0000][6429.117s][info][gc          ] GC(1137) Pause Remark 2970M->2970M(12288M) 20.823ms
[2024-05-30T12:21:29.698+0000][6429.117s][info][gc,cpu      ] GC(1137) User=0.09s Sys=0.00s Real=0.02s
[2024-05-30T12:21:29.698+0000][6429.118s][info][gc,marking  ] GC(1137) Concurrent Mark 1329.813ms
[2024-05-30T12:21:29.698+0000][6429.118s][info][gc,marking  ] GC(1137) Concurrent Rebuild Remembered Sets
[2024-05-30T12:21:30.524+0000][6429.943s][info][gc,marking  ] GC(1137) Concurrent Rebuild Remembered Sets 825.671ms
[2024-05-30T12:21:30.524+0000][6429.943s][info][gc,start    ] GC(1137) Pause Cleanup
[2024-05-30T12:21:30.525+0000][6429.944s][info][gc          ] GC(1137) Pause Cleanup 3546M->3546M(12288M) 0.524ms
[2024-05-30T12:21:30.525+0000][6429.944s][info][gc,cpu      ] GC(1137) User=0.00s Sys=0.00s Real=0.00s
[2024-05-30T12:21:30.525+0000][6429.944s][info][gc,marking  ] GC(1137) Concurrent Cleanup for Next Mark
[2024-05-30T12:21:30.542+0000][6429.961s][info][gc,marking  ] GC(1137) Concurrent Cleanup for Next Mark 17.391ms
[2024-05-30T12:21:30.542+0000][6429.962s][info][gc          ] GC(1137) Concurrent Mark Cycle 2200.146ms
[2024-05-30T12:21:38.480+0000][6437.899s][info][gc,start    ] GC(1138) Pause Young (Prepare Mixed) (G1 Evacuation Pause)
[2024-05-30T12:21:38.480+0000][6437.899s][info][gc,task     ] GC(1138) Using 6 workers of 6 for evacuation
[2024-05-30T12:21:38.524+0000][6437.943s][info][gc,phases   ] GC(1138)   Pre Evacuate Collection Set: 0.2ms
[2024-05-30T12:21:38.524+0000][6437.943s][info][gc,phases   ] GC(1138)   Merge Heap Roots: 0.4ms
[2024-05-30T12:21:38.524+0000][6437.943s][info][gc,phases   ] GC(1138)   Evacuate Collection Set: 41.6ms
[2024-05-30T12:21:38.524+0000][6437.943s][info][gc,phases   ] GC(1138)   Post Evacuate Collection Set: 1.9ms
[2024-05-30T12:21:38.524+0000][6437.943s][info][gc,phases   ] GC(1138)   Other: 0.2ms
[2024-05-30T12:21:38.524+0000][6437.943s][info][gc,heap     ] GC(1138) Eden regions: 905->0(60)
[2024-05-30T12:21:38.524+0000][6437.943s][info][gc,heap     ] GC(1138) Survivor regions: 16->16(116)
[2024-05-30T12:21:38.524+0000][6437.943s][info][gc,heap     ] GC(1138) Old regions: 239->239
[2024-05-30T12:21:38.524+0000][6437.943s][info][gc,heap     ] GC(1138) Archive regions: 2->2
[2024-05-30T12:21:38.524+0000][6437.943s][info][gc,heap     ] GC(1138) Humongous regions: 6->6
[2024-05-30T12:21:38.524+0000][6437.943s][info][gc,metaspace] GC(1138) Metaspace: 414146K(420160K)->414146K(420160K) NonClass: 362133K(365504K)->362133K(365504K) Class: 52012K(54656K)->52012K(54656K)
[2024-05-30T12:21:38.524+0000][6437.943s][info][gc          ] GC(1138) Pause Young (Prepare Mixed) (G1 Evacuation Pause) 9326M->2086M(12288M) 44.387ms
[2024-05-30T12:21:38.524+0000][6437.943s][info][gc,cpu      ] GC(1138) User=0.26s Sys=0.00s Real=0.04s
[2024-05-30T12:21:39.177+0000][6438.596s][info][gc,start    ] GC(1139) Pause Young (Mixed) (G1 Evacuation Pause)
[2024-05-30T12:21:39.177+0000][6438.596s][info][gc,task     ] GC(1139) Using 6 workers of 6 for evacuation
[2024-05-30T12:21:39.228+0000][6438.647s][info][gc,phases   ] GC(1139)   Pre Evacuate Collection Set: 0.2ms
[2024-05-30T12:21:39.228+0000][6438.647s][info][gc,phases   ] GC(1139)   Merge Heap Roots: 0.2ms
[2024-05-30T12:21:39.228+0000][6438.647s][info][gc,phases   ] GC(1139)   Evacuate Collection Set: 49.4ms
[2024-05-30T12:21:39.228+0000][6438.647s][info][gc,phases   ] GC(1139)   Post Evacuate Collection Set: 1.3ms
[2024-05-30T12:21:39.228+0000][6438.647s][info][gc,phases   ] GC(1139)   Other: 0.2ms
[2024-05-30T12:21:39.228+0000][6438.647s][info][gc,heap     ] GC(1139) Eden regions: 60->0(915)
[2024-05-30T12:21:39.228+0000][6438.647s][info][gc,heap     ] GC(1139) Survivor regions: 16->6(10)
[2024-05-30T12:21:39.228+0000][6438.647s][info][gc,heap     ] GC(1139) Old regions: 239->235
[2024-05-30T12:21:39.228+0000][6438.647s][info][gc,heap     ] GC(1139) Archive regions: 2->2
[2024-05-30T12:21:39.228+0000][6438.647s][info][gc,heap     ] GC(1139) Humongous regions: 6->6
[2024-05-30T12:21:39.228+0000][6438.647s][info][gc,metaspace] GC(1139) Metaspace: 414146K(420160K)->414146K(420160K) NonClass: 362133K(365504K)->362133K(365504K) Class: 52012K(54656K)->52012K(54656K)
[2024-05-30T12:21:39.228+0000][6438.647s][info][gc          ] GC(1139) Pause Young (Mixed) (G1 Evacuation Pause) 2566M->1970M(12288M) 51.355ms
[2024-05-30T12:21:39.228+0000][6438.647s][info][gc,cpu      ] GC(1139) User=0.30s Sys=0.00s Real=0.04s
[2024-05-30T12:21:43.238+0000][6442.657s][info][gc,start    ] GC(1140) Pause Young (Normal) (G1 Evacuation Pause)
[2024-05-30T12:21:43.238+0000][6442.657s][info][gc,task     ] GC(1140) Using 6 workers of 6 for evacuation
[2024-05-30T12:21:43.318+0000][6442.737s][info][gc,phases   ] GC(1140)   Pre Evacuate Collection Set: 0.2ms
[2024-05-30T12:21:43.318+0000][6442.737s][info][gc,phases   ] GC(1140)   Merge Heap Roots: 0.5ms
[2024-05-30T12:21:43.318+0000][6442.737s][info][gc,phases   ] GC(1140)   Evacuate Collection Set: 62.6ms
[2024-05-30T12:21:43.318+0000][6442.737s][info][gc,phases   ] GC(1140)   Post Evacuate Collection Set: 16.8ms
[2024-05-30T12:21:43.318+0000][6442.737s][info][gc,phases   ] GC(1140)   Other: 0.2ms
[2024-05-30T12:21:43.318+0000][6442.737s][info][gc,heap     ] GC(1140) Eden regions: 915->0(911)
[2024-05-30T12:21:43.318+0000][6442.737s][info][gc,heap     ] GC(1140) Survivor regions: 6->10(116)
[2024-05-30T12:21:43.318+0000][6442.737s][info][gc,heap     ] GC(1140) Old regions: 235->235
[2024-05-30T12:21:43.318+0000][6442.737s][info][gc,heap     ] GC(1140) Archive regions: 2->2
[2024-05-30T12:21:43.318+0000][6442.737s][info][gc,heap     ] GC(1140) Humongous regions: 6->6
[2024-05-30T12:21:43.318+0000][6442.737s][info][gc,metaspace] GC(1140) Metaspace: 414146K(420160K)->414146K(420160K) NonClass: 362133K(365504K)->362133K(365504K) Class: 52012K(54656K)->52012K(54656K)
[2024-05-30T12:21:43.318+0000][6442.737s][info][gc          ] GC(1140) Pause Young (Normal) (G1 Evacuation Pause) 9290M->2002M(12288M) 80.376ms
[2024-05-30T12:21:43.318+0000][6442.737s][info][gc,cpu      ] GC(1140) User=0.47s Sys=0.00s Real=0.08s
[2024-05-30T12:21:46.590+0000][6446.010s][info][gc,start    ] GC(1141) Pause Young (Normal) (G1 Evacuation Pause)
[2024-05-30T12:21:46.590+0000][6446.010s][info][gc,task     ] GC(1141) Using 6 workers of 6 for evacuation
[2024-05-30T12:21:46.673+0000][6446.092s][info][gc,phases   ] GC(1141)   Pre Evacuate Collection Set: 0.2ms
[2024-05-30T12:21:46.673+0000][6446.092s][info][gc,phases   ] GC(1141)   Merge Heap Roots: 0.6ms
[2024-05-30T12:21:46.673+0000][6446.092s][info][gc,phases   ] GC(1141)   Evacuate Collection Set: 65.0ms
[2024-05-30T12:21:46.673+0000][6446.092s][info][gc,phases   ] GC(1141)   Post Evacuate Collection Set: 16.8ms
[2024-05-30T12:21:46.673+0000][6446.092s][info][gc,phases   ] GC(1141)   Other: 0.2ms
[2024-05-30T12:21:46.673+0000][6446.092s][info][gc,heap     ] GC(1141) Eden regions: 911->0(910)
[2024-05-30T12:21:46.673+0000][6446.092s][info][gc,heap     ] GC(1141) Survivor regions: 10->11(116)
[2024-05-30T12:21:46.673+0000][6446.092s][info][gc,heap     ] GC(1141) Old regions: 235->235
[2024-05-30T12:21:46.673+0000][6446.092s][info][gc,heap     ] GC(1141) Archive regions: 2->2
[2024-05-30T12:21:46.673+0000][6446.092s][info][gc,heap     ] GC(1141) Humongous regions: 6->6
[2024-05-30T12:21:46.673+0000][6446.092s][info][gc,metaspace] GC(1141) Metaspace: 414146K(420160K)->414146K(420160K) NonClass: 362133K(365504K)->362133K(365504K) Class: 52012K(54656K)->52012K(54656K)
[2024-05-30T12:21:46.673+0000][6446.092s][info][gc          ] GC(1141) Pause Young (Normal) (G1 Evacuation Pause) 9290M->2008M(12288M) 82.843ms
[2024-05-30T12:21:46.673+0000][6446.092s][info][gc,cpu      ] GC(1141) User=0.48s Sys=0.00s Real=0.08s
[2024-05-30T12:21:56.653+0000][6456.072s][info][gc,start    ] GC(1142) Pause Young (Concurrent Start) (G1 Evacuation Pause)
[2024-05-30T12:21:56.653+0000][6456.072s][info][gc,task     ] GC(1142) Using 6 workers of 6 for evacuation
[2024-05-30T12:21:56.682+0000][6456.102s][info][gc,phases   ] GC(1142)   Pre Evacuate Collection Set: 0.6ms
[2024-05-30T12:21:56.682+0000][6456.102s][info][gc,phases   ] GC(1142)   Merge Heap Roots: 0.3ms
[2024-05-30T12:21:56.682+0000][6456.102s][info][gc,phases   ] GC(1142)   Evacuate Collection Set: 26.8ms
[2024-05-30T12:21:56.682+0000][6456.102s][info][gc,phases   ] GC(1142)   Post Evacuate Collection Set: 1.9ms
[2024-05-30T12:21:56.682+0000][6456.102s][info][gc,phases   ] GC(1142)   Other: 0.3ms
[2024-05-30T12:21:56.682+0000][6456.102s][info][gc,heap     ] GC(1142) Eden regions: 910->0(910)
[2024-05-30T12:21:56.682+0000][6456.102s][info][gc,heap     ] GC(1142) Survivor regions: 11->11(116)
[2024-05-30T12:21:56.682+0000][6456.102s][info][gc,heap     ] GC(1142) Old regions: 235->235
[2024-05-30T12:21:56.683+0000][6456.102s][info][gc,heap     ] GC(1142) Archive regions: 2->2
[2024-05-30T12:21:56.683+0000][6456.102s][info][gc,heap     ] GC(1142) Humongous regions: 6->6
[2024-05-30T12:21:56.683+0000][6456.102s][info][gc,metaspace] GC(1142) Metaspace: 414153K(420160K)->414153K(420160K) NonClass: 362140K(365504K)->362140K(365504K) Class: 52012K(54656K)->52012K(54656K)
[2024-05-30T12:21:56.683+0000][6456.102s][info][gc          ] GC(1142) Pause Young (Concurrent Start) (G1 Evacuation Pause) 9288M->2011M(12288M) 29.981ms
[2024-05-30T12:21:56.683+0000][6456.102s][info][gc,cpu      ] GC(1142) User=0.18s Sys=0.00s Real=0.03s
[2024-05-30T12:21:56.683+0000][6456.102s][info][gc          ] GC(1143) Concurrent Mark Cycle
[2024-05-30T12:21:56.683+0000][6456.102s][info][gc,marking  ] GC(1143) Concurrent Clear Claimed Marks
[2024-05-30T12:21:56.683+0000][6456.102s][info][gc,marking  ] GC(1143) Concurrent Clear Claimed Marks 0.434ms
[2024-05-30T12:21:56.683+0000][6456.102s][info][gc,marking  ] GC(1143) Concurrent Scan Root Regions
[2024-05-30T12:21:56.710+0000][6456.130s][info][gc,marking  ] GC(1143) Concurrent Scan Root Regions 27.129ms
[2024-05-30T12:21:56.710+0000][6456.130s][info][gc,marking  ] GC(1143) Concurrent Mark
[2024-05-30T12:21:56.710+0000][6456.130s][info][gc,marking  ] GC(1143) Concurrent Mark From Roots
[2024-05-30T12:21:56.710+0000][6456.130s][info][gc,task     ] GC(1143) Using 2 workers of 2 for marking
[2024-05-30T12:21:58.037+0000][6457.456s][info][gc,marking  ] GC(1143) Concurrent Mark From Roots 1326.333ms
[2024-05-30T12:21:58.037+0000][6457.456s][info][gc,marking  ] GC(1143) Concurrent Preclean
[2024-05-30T12:21:58.038+0000][6457.457s][info][gc,marking  ] GC(1143) Concurrent Preclean 1.027ms
[2024-05-30T12:21:58.038+0000][6457.457s][info][gc,start    ] GC(1143) Pause Remark
[2024-05-30T12:21:58.059+0000][6457.478s][info][gc          ] GC(1143) Pause Remark 3007M->3007M(12288M) 21.110ms
[2024-05-30T12:21:58.059+0000][6457.478s][info][gc,cpu      ] GC(1143) User=0.09s Sys=0.00s Real=0.02s
[2024-05-30T12:21:58.059+0000][6457.479s][info][gc,marking  ] GC(1143) Concurrent Mark 1348.983ms
[2024-05-30T12:21:58.059+0000][6457.479s][info][gc,marking  ] GC(1143) Concurrent Rebuild Remembered Sets
[2024-05-30T12:21:58.785+0000][6458.205s][info][gc,marking  ] GC(1143) Concurrent Rebuild Remembered Sets 726.091ms
[2024-05-30T12:21:58.786+0000][6458.205s][info][gc,start    ] GC(1143) Pause Cleanup
[2024-05-30T12:21:58.786+0000][6458.205s][info][gc          ] GC(1143) Pause Cleanup 3515M->3515M(12288M) 0.599ms
[2024-05-30T12:21:58.786+0000][6458.205s][info][gc,cpu      ] GC(1143) User=0.00s Sys=0.00s Real=0.00s
[2024-05-30T12:21:58.786+0000][6458.206s][info][gc,marking  ] GC(1143) Concurrent Cleanup for Next Mark
[2024-05-30T12:21:58.803+0000][6458.222s][info][gc,marking  ] GC(1143) Concurrent Cleanup for Next Mark 16.631ms
[2024-05-30T12:21:58.803+0000][6458.222s][info][gc          ] GC(1143) Concurrent Mark Cycle 2120.366ms
[2024-05-30T12:22:06.904+0000][6466.323s][info][gc,start    ] GC(1144) Pause Young (Prepare Mixed) (G1 Evacuation Pause)
[2024-05-30T12:22:06.904+0000][6466.323s][info][gc,task     ] GC(1144) Using 6 workers of 6 for evacuation
[2024-05-30T12:22:06.939+0000][6466.358s][info][gc,phases   ] GC(1144)   Pre Evacuate Collection Set: 0.2ms
[2024-05-30T12:22:06.939+0000][6466.358s][info][gc,phases   ] GC(1144)   Merge Heap Roots: 0.3ms
[2024-05-30T12:22:06.939+0000][6466.358s][info][gc,phases   ] GC(1144)   Evacuate Collection Set: 32.4ms
[2024-05-30T12:22:06.939+0000][6466.358s][info][gc,phases   ] GC(1144)   Post Evacuate Collection Set: 1.8ms
[2024-05-30T12:22:06.939+0000][6466.358s][info][gc,phases   ] GC(1144)   Other: 0.3ms
[2024-05-30T12:22:06.939+0000][6466.358s][info][gc,heap     ] GC(1144) Eden regions: 910->0(63)
[2024-05-30T12:22:06.939+0000][6466.358s][info][gc,heap     ] GC(1144) Survivor regions: 11->13(116)
[2024-05-30T12:22:06.939+0000][6466.358s][info][gc,heap     ] GC(1144) Old regions: 235->235
[2024-05-30T12:22:06.939+0000][6466.358s][info][gc,heap     ] GC(1144) Archive regions: 2->2
[2024-05-30T12:22:06.939+0000][6466.358s][info][gc,heap     ] GC(1144) Humongous regions: 6->6
[2024-05-30T12:22:06.939+0000][6466.358s][info][gc,metaspace] GC(1144) Metaspace: 414153K(420160K)->414153K(420160K) NonClass: 362140K(365504K)->362140K(365504K) Class: 52012K(54656K)->52012K(54656K)
[2024-05-30T12:22:06.939+0000][6466.358s][info][gc          ] GC(1144) Pause Young (Prepare Mixed) (G1 Evacuation Pause) 9291M->2022M(12288M) 35.035ms
[2024-05-30T12:22:06.939+0000][6466.358s][info][gc,cpu      ] GC(1144) User=0.21s Sys=0.00s Real=0.04s
[2024-05-30T12:22:07.621+0000][6467.040s][info][gc,start    ] GC(1145) Pause Young (Mixed) (G1 Evacuation Pause)
[2024-05-30T12:22:07.621+0000][6467.040s][info][gc,task     ] GC(1145) Using 6 workers of 6 for evacuation
[2024-05-30T12:22:07.669+0000][6467.088s][info][gc,phases   ] GC(1145)   Pre Evacuate Collection Set: 0.2ms
[2024-05-30T12:22:07.669+0000][6467.088s][info][gc,phases   ] GC(1145)   Merge Heap Roots: 0.2ms
[2024-05-30T12:22:07.669+0000][6467.088s][info][gc,phases   ] GC(1145)   Evacuate Collection Set: 45.8ms
[2024-05-30T12:22:07.669+0000][6467.088s][info][gc,phases   ] GC(1145)   Post Evacuate Collection Set: 1.3ms
[2024-05-30T12:22:07.669+0000][6467.088s][info][gc,phases   ] GC(1145)   Other: 0.2ms
[2024-05-30T12:22:07.669+0000][6467.088s][info][gc,heap     ] GC(1145) Eden regions: 63->0(915)
[2024-05-30T12:22:07.669+0000][6467.088s][info][gc,heap     ] GC(1145) Survivor regions: 13->6(10)
[2024-05-30T12:22:07.669+0000][6467.088s][info][gc,heap     ] GC(1145) Old regions: 235->226
[2024-05-30T12:22:07.669+0000][6467.088s][info][gc,heap     ] GC(1145) Archive regions: 2->2
[2024-05-30T12:22:07.669+0000][6467.088s][info][gc,heap     ] GC(1145) Humongous regions: 6->6
[2024-05-30T12:22:07.669+0000][6467.088s][info][gc,metaspace] GC(1145) Metaspace: 414153K(420160K)->414153K(420160K) NonClass: 362140K(365504K)->362140K(365504K) Class: 52012K(54656K)->52012K(54656K)
[2024-05-30T12:22:07.669+0000][6467.088s][info][gc          ] GC(1145) Pause Young (Mixed) (G1 Evacuation Pause) 2526M->1904M(12288M) 47.722ms
[2024-05-30T12:22:07.669+0000][6467.088s][info][gc,cpu      ] GC(1145) User=0.28s Sys=0.00s Real=0.05s
[2024-05-30T12:22:17.929+0000][6477.348s][info][gc,start    ] GC(1146) Pause Young (Normal) (G1 Evacuation Pause)
[2024-05-30T12:22:17.929+0000][6477.348s][info][gc,task     ] GC(1146) Using 6 workers of 6 for evacuation
[2024-05-30T12:22:17.954+0000][6477.373s][info][gc,phases   ] GC(1146)   Pre Evacuate Collection Set: 0.2ms
[2024-05-30T12:22:17.954+0000][6477.373s][info][gc,phases   ] GC(1146)   Merge Heap Roots: 0.2ms
[2024-05-30T12:22:17.954+0000][6477.373s][info][gc,phases   ] GC(1146)   Evacuate Collection Set: 22.6ms
[2024-05-30T12:22:17.954+0000][6477.373s][info][gc,phases   ] GC(1146)   Post Evacuate Collection Set: 1.7ms
[2024-05-30T12:22:17.954+0000][6477.373s][info][gc,phases   ] GC(1146)   Other: 0.2ms
[2024-05-30T12:22:17.954+0000][6477.373s][info][gc,heap     ] GC(1146) Eden regions: 915->0(912)
[2024-05-30T12:22:17.954+0000][6477.373s][info][gc,heap     ] GC(1146) Survivor regions: 6->9(116)
[2024-05-30T12:22:17.954+0000][6477.373s][info][gc,heap     ] GC(1146) Old regions: 226->226
[2024-05-30T12:22:17.954+0000][6477.373s][info][gc,heap     ] GC(1146) Archive regions: 2->2
[2024-05-30T12:22:17.954+0000][6477.373s][info][gc,heap     ] GC(1146) Humongous regions: 6->6
[2024-05-30T12:22:17.954+0000][6477.373s][info][gc,metaspace] GC(1146) Metaspace: 414153K(420160K)->414153K(420160K) NonClass: 362140K(365504K)->362140K(365504K) Class: 52012K(54656K)->52012K(54656K)
[2024-05-30T12:22:17.954+0000][6477.373s][info][gc          ] GC(1146) Pause Young (Normal) (G1 Evacuation Pause) 9224M->1930M(12288M) 25.055ms
[2024-05-30T12:22:17.954+0000][6477.373s][info][gc,cpu      ] GC(1146) User=0.14s Sys=0.00s Real=0.02s
[2024-05-30T12:22:28.286+0000][6487.705s][info][gc,start    ] GC(1147) Pause Young (Normal) (G1 Evacuation Pause)
[2024-05-30T12:22:28.286+0000][6487.705s][info][gc,task     ] GC(1147) Using 6 workers of 6 for evacuation
[2024-05-30T12:22:28.316+0000][6487.735s][info][gc,phases   ] GC(1147)   Pre Evacuate Collection Set: 0.2ms
[2024-05-30T12:22:28.316+0000][6487.735s][info][gc,phases   ] GC(1147)   Merge Heap Roots: 0.3ms
[2024-05-30T12:22:28.316+0000][6487.735s][info][gc,phases   ] GC(1147)   Evacuate Collection Set: 27.1ms
[2024-05-30T12:22:28.316+0000][6487.735s][info][gc,phases   ] GC(1147)   Post Evacuate Collection Set: 1.9ms
[2024-05-30T12:22:28.316+0000][6487.735s][info][gc,phases   ] GC(1147)   Other: 0.2ms
[2024-05-30T12:22:28.316+0000][6487.735s][info][gc,heap     ] GC(1147) Eden regions: 912->0(909)
[2024-05-30T12:22:28.316+0000][6487.735s][info][gc,heap     ] GC(1147) Survivor regions: 9->12(116)
[2024-05-30T12:22:28.316+0000][6487.735s][info][gc,heap     ] GC(1147) Old regions: 226->226
[2024-05-30T12:22:28.316+0000][6487.735s][info][gc,heap     ] GC(1147) Archive regions: 2->2
[2024-05-30T12:22:28.316+0000][6487.735s][info][gc,heap     ] GC(1147) Humongous regions: 6->6
[2024-05-30T12:22:28.316+0000][6487.735s][info][gc,metaspace] GC(1147) Metaspace: 414180K(420224K)->414180K(420224K) NonClass: 362167K(365568K)->362167K(365568K) Class: 52012K(54656K)->52012K(54656K)
[2024-05-30T12:22:28.316+0000][6487.735s][info][gc          ] GC(1147) Pause Young (Normal) (G1 Evacuation Pause) 9226M->1948M(12288M) 29.655ms
[2024-05-30T12:22:28.316+0000][6487.735s][info][gc,cpu      ] GC(1147) User=0.17s Sys=0.00s Real=0.03s
[2024-05-30T12:22:38.074+0000][6497.493s][info][gc,start    ] GC(1148) Pause Young (Concurrent Start) (G1 Evacuation Pause)
[2024-05-30T12:22:38.074+0000][6497.493s][info][gc,task     ] GC(1148) Using 6 workers of 6 for evacuation
[2024-05-30T12:22:38.110+0000][6497.530s][info][gc,phases   ] GC(1148)   Pre Evacuate Collection Set: 0.6ms
[2024-05-30T12:22:38.110+0000][6497.530s][info][gc,phases   ] GC(1148)   Merge Heap Roots: 0.2ms
[2024-05-30T12:22:38.110+0000][6497.530s][info][gc,phases   ] GC(1148)   Evacuate Collection Set: 33.8ms
[2024-05-30T12:22:38.110+0000][6497.530s][info][gc,phases   ] GC(1148)   Post Evacuate Collection Set: 1.8ms
[2024-05-30T12:22:38.110+0000][6497.530s][info][gc,phases   ] GC(1148)   Other: 0.3ms
[2024-05-30T12:22:38.110+0000][6497.530s][info][gc,heap     ] GC(1148) Eden regions: 909->0(908)
[2024-05-30T12:22:38.110+0000][6497.530s][info][gc,heap     ] GC(1148) Survivor regions: 12->13(116)
[2024-05-30T12:22:38.110+0000][6497.530s][info][gc,heap     ] GC(1148) Old regions: 226->226
[2024-05-30T12:22:38.110+0000][6497.530s][info][gc,heap     ] GC(1148) Archive regions: 2->2
[2024-05-30T12:22:38.110+0000][6497.530s][info][gc,heap     ] GC(1148) Humongous regions: 6->6
[2024-05-30T12:22:38.110+0000][6497.530s][info][gc,metaspace] GC(1148) Metaspace: 414180K(420224K)->414180K(420224K) NonClass: 362167K(365568K)->362167K(365568K) Class: 52012K(54656K)->52012K(54656K)
[2024-05-30T12:22:38.110+0000][6497.530s][info][gc          ] GC(1148) Pause Young (Concurrent Start) (G1 Evacuation Pause) 9220M->1961M(12288M) 36.705ms
[2024-05-30T12:22:38.110+0000][6497.530s][info][gc,cpu      ] GC(1148) User=0.21s Sys=0.00s Real=0.04s
[2024-05-30T12:22:38.111+0000][6497.530s][info][gc          ] GC(1149) Concurrent Mark Cycle
[2024-05-30T12:22:38.111+0000][6497.530s][info][gc,marking  ] GC(1149) Concurrent Clear Claimed Marks
[2024-05-30T12:22:38.111+0000][6497.530s][info][gc,marking  ] GC(1149) Concurrent Clear Claimed Marks 0.438ms
[2024-05-30T12:22:38.111+0000][6497.530s][info][gc,marking  ] GC(1149) Concurrent Scan Root Regions
[2024-05-30T12:22:38.147+0000][6497.566s][info][gc,marking  ] GC(1149) Concurrent Scan Root Regions 35.493ms
[2024-05-30T12:22:38.147+0000][6497.566s][info][gc,marking  ] GC(1149) Concurrent Mark
[2024-05-30T12:22:38.147+0000][6497.566s][info][gc,marking  ] GC(1149) Concurrent Mark From Roots
[2024-05-30T12:22:38.147+0000][6497.566s][info][gc,task     ] GC(1149) Using 2 workers of 2 for marking
[2024-05-30T12:22:39.386+0000][6498.805s][info][gc,marking  ] GC(1149) Concurrent Mark From Roots 1239.553ms
[2024-05-30T12:22:39.386+0000][6498.805s][info][gc,marking  ] GC(1149) Concurrent Preclean
[2024-05-30T12:22:39.387+0000][6498.806s][info][gc,marking  ] GC(1149) Concurrent Preclean 0.828ms
[2024-05-30T12:22:39.387+0000][6498.806s][info][gc,start    ] GC(1149) Pause Remark
[2024-05-30T12:22:39.409+0000][6498.829s][info][gc          ] GC(1149) Pause Remark 2793M->2793M(12288M) 22.302ms
[2024-05-30T12:22:39.410+0000][6498.829s][info][gc,cpu      ] GC(1149) User=0.09s Sys=0.00s Real=0.03s
[2024-05-30T12:22:39.410+0000][6498.829s][info][gc,marking  ] GC(1149) Concurrent Mark 1263.139ms
[2024-05-30T12:22:39.410+0000][6498.829s][info][gc,marking  ] GC(1149) Concurrent Rebuild Remembered Sets
[2024-05-30T12:22:40.147+0000][6499.566s][info][gc,marking  ] GC(1149) Concurrent Rebuild Remembered Sets 737.291ms
[2024-05-30T12:22:40.147+0000][6499.567s][info][gc,start    ] GC(1149) Pause Cleanup
[2024-05-30T12:22:40.148+0000][6499.567s][info][gc          ] GC(1149) Pause Cleanup 3302M->3302M(12288M) 0.572ms
[2024-05-30T12:22:40.148+0000][6499.567s][info][gc,cpu      ] GC(1149) User=0.00s Sys=0.00s Real=0.00s
[2024-05-30T12:22:40.148+0000][6499.567s][info][gc,marking  ] GC(1149) Concurrent Cleanup for Next Mark
[2024-05-30T12:22:40.178+0000][6499.597s][info][gc,marking  ] GC(1149) Concurrent Cleanup for Next Mark 29.547ms
[2024-05-30T12:22:40.178+0000][6499.597s][info][gc          ] GC(1149) Concurrent Mark Cycle 2067.003ms
[2024-05-30T12:22:48.416+0000][6507.835s][info][gc,start    ] GC(1150) Pause Young (Prepare Mixed) (G1 Evacuation Pause)
[2024-05-30T12:22:48.416+0000][6507.835s][info][gc,task     ] GC(1150) Using 6 workers of 6 for evacuation
[2024-05-30T12:22:48.459+0000][6507.878s][info][gc,phases   ] GC(1150)   Pre Evacuate Collection Set: 0.2ms
[2024-05-30T12:22:48.459+0000][6507.878s][info][gc,phases   ] GC(1150)   Merge Heap Roots: 0.3ms
[2024-05-30T12:22:48.459+0000][6507.878s][info][gc,phases   ] GC(1150)   Evacuate Collection Set: 40.1ms
[2024-05-30T12:22:48.459+0000][6507.878s][info][gc,phases   ] GC(1150)   Post Evacuate Collection Set: 1.8ms
[2024-05-30T12:22:48.459+0000][6507.878s][info][gc,phases   ] GC(1150)   Other: 0.2ms
[2024-05-30T12:22:48.459+0000][6507.878s][info][gc,heap     ] GC(1150) Eden regions: 908->0(62)
[2024-05-30T12:22:48.459+0000][6507.878s][info][gc,heap     ] GC(1150) Survivor regions: 13->14(116)
[2024-05-30T12:22:48.459+0000][6507.878s][info][gc,heap     ] GC(1150) Old regions: 226->226
[2024-05-30T12:22:48.459+0000][6507.878s][info][gc,heap     ] GC(1150) Archive regions: 2->2
[2024-05-30T12:22:48.459+0000][6507.878s][info][gc,heap     ] GC(1150) Humongous regions: 6->6
[2024-05-30T12:22:48.459+0000][6507.878s][info][gc,metaspace] GC(1150) Metaspace: 414218K(420288K)->414218K(420288K) NonClass: 362205K(365632K)->362205K(365632K) Class: 52012K(54656K)->52012K(54656K)
[2024-05-30T12:22:48.459+0000][6507.878s][info][gc          ] GC(1150) Pause Young (Prepare Mixed) (G1 Evacuation Pause) 9225M->1970M(12288M) 42.685ms
[2024-05-30T12:22:48.459+0000][6507.878s][info][gc,cpu      ] GC(1150) User=0.25s Sys=0.01s Real=0.05s
[2024-05-30T12:22:49.153+0000][6508.573s][info][gc,start    ] GC(1151) Pause Young (Mixed) (G1 Evacuation Pause)
[2024-05-30T12:22:49.153+0000][6508.573s][info][gc,task     ] GC(1151) Using 6 workers of 6 for evacuation
[2024-05-30T12:22:49.216+0000][6508.635s][info][gc,phases   ] GC(1151)   Pre Evacuate Collection Set: 0.2ms
[2024-05-30T12:22:49.216+0000][6508.635s][info][gc,phases   ] GC(1151)   Merge Heap Roots: 0.2ms
[2024-05-30T12:22:49.216+0000][6508.635s][info][gc,phases   ] GC(1151)   Evacuate Collection Set: 60.9ms
[2024-05-30T12:22:49.216+0000][6508.635s][info][gc,phases   ] GC(1151)   Post Evacuate Collection Set: 1.3ms
[2024-05-30T12:22:49.216+0000][6508.635s][info][gc,phases   ] GC(1151)   Other: 0.2ms
[2024-05-30T12:22:49.216+0000][6508.635s][info][gc,heap     ] GC(1151) Eden regions: 62->0(916)
[2024-05-30T12:22:49.216+0000][6508.635s][info][gc,heap     ] GC(1151) Survivor regions: 14->5(10)
[2024-05-30T12:22:49.216+0000][6508.635s][info][gc,heap     ] GC(1151) Old regions: 226->222
[2024-05-30T12:22:49.216+0000][6508.635s][info][gc,heap     ] GC(1151) Archive regions: 2->2
[2024-05-30T12:22:49.216+0000][6508.635s][info][gc,heap     ] GC(1151) Humongous regions: 6->6
[2024-05-30T12:22:49.216+0000][6508.635s][info][gc,metaspace] GC(1151) Metaspace: 414218K(420288K)->414218K(420288K) NonClass: 362205K(365632K)->362205K(365632K) Class: 52012K(54656K)->52012K(54656K)
[2024-05-30T12:22:49.216+0000][6508.635s][info][gc          ] GC(1151) Pause Young (Mixed) (G1 Evacuation Pause) 2466M->1863M(12288M) 62.920ms
[2024-05-30T12:22:49.216+0000][6508.636s][info][gc,cpu      ] GC(1151) User=0.37s Sys=0.01s Real=0.06s
[2024-05-30T12:22:59.538+0000][6518.957s][info][gc,start    ] GC(1152) Pause Young (Normal) (G1 Evacuation Pause)
[2024-05-30T12:22:59.538+0000][6518.957s][info][gc,task     ] GC(1152) Using 6 workers of 6 for evacuation
[2024-05-30T12:22:59.561+0000][6518.981s][info][gc,phases   ] GC(1152)   Pre Evacuate Collection Set: 0.2ms
[2024-05-30T12:22:59.561+0000][6518.981s][info][gc,phases   ] GC(1152)   Merge Heap Roots: 0.3ms
[2024-05-30T12:22:59.561+0000][6518.981s][info][gc,phases   ] GC(1152)   Evacuate Collection Set: 21.2ms
[2024-05-30T12:22:59.561+0000][6518.981s][info][gc,phases   ] GC(1152)   Post Evacuate Collection Set: 1.9ms
[2024-05-30T12:22:59.561+0000][6518.981s][info][gc,phases   ] GC(1152)   Other: 0.2ms
[2024-05-30T12:22:59.561+0000][6518.981s][info][gc,heap     ] GC(1152) Eden regions: 916->0(912)
[2024-05-30T12:22:59.561+0000][6518.981s][info][gc,heap     ] GC(1152) Survivor regions: 5->9(116)
[2024-05-30T12:22:59.561+0000][6518.981s][info][gc,heap     ] GC(1152) Old regions: 222->222
[2024-05-30T12:22:59.561+0000][6518.981s][info][gc,heap     ] GC(1152) Archive regions: 2->2
[2024-05-30T12:22:59.561+0000][6518.981s][info][gc,heap     ] GC(1152) Humongous regions: 6->6
[2024-05-30T12:22:59.561+0000][6518.981s][info][gc,metaspace] GC(1152) Metaspace: 414219K(420288K)->414219K(420288K) NonClass: 362206K(365632K)->362206K(365632K) Class: 52012K(54656K)->52012K(54656K)
[2024-05-30T12:22:59.561+0000][6518.981s][info][gc          ] GC(1152) Pause Young (Normal) (G1 Evacuation Pause) 9191M->1892M(12288M) 23.852ms
[2024-05-30T12:22:59.562+0000][6518.981s][info][gc,cpu      ] GC(1152) User=0.14s Sys=0.00s Real=0.02s
[2024-05-30T12:23:09.634+0000][6529.053s][info][gc,start    ] GC(1153) Pause Young (Normal) (G1 Evacuation Pause)
[2024-05-30T12:23:09.634+0000][6529.053s][info][gc,task     ] GC(1153) Using 6 workers of 6 for evacuation
[2024-05-30T12:23:09.663+0000][6529.082s][info][gc,phases   ] GC(1153)   Pre Evacuate Collection Set: 0.2ms
[2024-05-30T12:23:09.663+0000][6529.082s][info][gc,phases   ] GC(1153)   Merge Heap Roots: 0.3ms
[2024-05-30T12:23:09.663+0000][6529.082s][info][gc,phases   ] GC(1153)   Evacuate Collection Set: 26.4ms
[2024-05-30T12:23:09.663+0000][6529.082s][info][gc,phases   ] GC(1153)   Post Evacuate Collection Set: 1.8ms
[2024-05-30T12:23:09.663+0000][6529.082s][info][gc,phases   ] GC(1153)   Other: 0.2ms
[2024-05-30T12:23:09.663+0000][6529.082s][info][gc,heap     ] GC(1153) Eden regions: 912->0(910)
[2024-05-30T12:23:09.663+0000][6529.082s][info][gc,heap     ] GC(1153) Survivor regions: 9->11(116)
[2024-05-30T12:23:09.663+0000][6529.082s][info][gc,heap     ] GC(1153) Old regions: 222->222
[2024-05-30T12:23:09.663+0000][6529.082s][info][gc,heap     ] GC(1153) Archive regions: 2->2
[2024-05-30T12:23:09.663+0000][6529.082s][info][gc,heap     ] GC(1153) Humongous regions: 6->6
[2024-05-30T12:23:09.663+0000][6529.082s][info][gc,metaspace] GC(1153) Metaspace: 414219K(420288K)->414219K(420288K) NonClass: 362206K(365632K)->362206K(365632K) Class: 52012K(54656K)->52012K(54656K)
[2024-05-30T12:23:09.663+0000][6529.082s][info][gc          ] GC(1153) Pause Young (Normal) (G1 Evacuation Pause) 9188M->1905M(12288M) 28.922ms
[2024-05-30T12:23:09.663+0000][6529.082s][info][gc,cpu      ] GC(1153) User=0.17s Sys=0.00s Real=0.03s
[2024-05-30T12:23:19.766+0000][6539.185s][info][gc,start    ] GC(1154) Pause Young (Normal) (G1 Evacuation Pause)
[2024-05-30T12:23:19.766+0000][6539.186s][info][gc,task     ] GC(1154) Using 6 workers of 6 for evacuation
[2024-05-30T12:23:19.802+0000][6539.221s][info][gc,phases   ] GC(1154)   Pre Evacuate Collection Set: 0.2ms
[2024-05-30T12:23:19.802+0000][6539.222s][info][gc,phases   ] GC(1154)   Merge Heap Roots: 0.3ms
[2024-05-30T12:23:19.802+0000][6539.222s][info][gc,phases   ] GC(1154)   Evacuate Collection Set: 33.6ms
[2024-05-30T12:23:19.802+0000][6539.222s][info][gc,phases   ] GC(1154)   Post Evacuate Collection Set: 1.8ms
[2024-05-30T12:23:19.802+0000][6539.222s][info][gc,phases   ] GC(1154)   Other: 0.2ms
[2024-05-30T12:23:19.802+0000][6539.222s][info][gc,heap     ] GC(1154) Eden regions: 910->0(907)
[2024-05-30T12:23:19.802+0000][6539.222s][info][gc,heap     ] GC(1154) Survivor regions: 11->14(116)
[2024-05-30T12:23:19.802+0000][6539.222s][info][gc,heap     ] GC(1154) Old regions: 222->222
[2024-05-30T12:23:19.802+0000][6539.222s][info][gc,heap     ] GC(1154) Archive regions: 2->2
[2024-05-30T12:23:19.802+0000][6539.222s][info][gc,heap     ] GC(1154) Humongous regions: 6->6
[2024-05-30T12:23:19.802+0000][6539.222s][info][gc,metaspace] GC(1154) Metaspace: 414220K(420288K)->414220K(420288K) NonClass: 362207K(365632K)->362207K(365632K) Class: 52012K(54656K)->52012K(54656K)
[2024-05-30T12:23:19.802+0000][6539.222s][info][gc          ] GC(1154) Pause Young (Normal) (G1 Evacuation Pause) 9185M->1935M(12288M) 36.131ms
[2024-05-30T12:23:19.802+0000][6539.222s][info][gc,cpu      ] GC(1154) User=0.21s Sys=0.00s Real=0.04s
[2024-05-30T12:23:29.557+0000][6548.976s][info][gc,start    ] GC(1155) Pause Young (Normal) (G1 Evacuation Pause)
[2024-05-30T12:23:29.557+0000][6548.976s][info][gc,task     ] GC(1155) Using 6 workers of 6 for evacuation
[2024-05-30T12:23:29.596+0000][6549.015s][info][gc,phases   ] GC(1155)   Pre Evacuate Collection Set: 0.2ms
[2024-05-30T12:23:29.596+0000][6549.016s][info][gc,phases   ] GC(1155)   Merge Heap Roots: 0.3ms
[2024-05-30T12:23:29.596+0000][6549.016s][info][gc,phases   ] GC(1155)   Evacuate Collection Set: 36.7ms
[2024-05-30T12:23:29.596+0000][6549.016s][info][gc,phases   ] GC(1155)   Post Evacuate Collection Set: 1.9ms
[2024-05-30T12:23:29.596+0000][6549.016s][info][gc,phases   ] GC(1155)   Other: 0.2ms
[2024-05-30T12:23:29.596+0000][6549.016s][info][gc,heap     ] GC(1155) Eden regions: 907->0(904)
[2024-05-30T12:23:29.596+0000][6549.016s][info][gc,heap     ] GC(1155) Survivor regions: 14->17(116)
[2024-05-30T12:23:29.596+0000][6549.016s][info][gc,heap     ] GC(1155) Old regions: 222->222
[2024-05-30T12:23:29.596+0000][6549.016s][info][gc,heap     ] GC(1155) Archive regions: 2->2
[2024-05-30T12:23:29.596+0000][6549.016s][info][gc,heap     ] GC(1155) Humongous regions: 6->6
[2024-05-30T12:23:29.596+0000][6549.016s][info][gc,metaspace] GC(1155) Metaspace: 414231K(420288K)->414231K(420288K) NonClass: 362218K(365632K)->362218K(365632K) Class: 52012K(54656K)->52012K(54656K)
[2024-05-30T12:23:29.596+0000][6549.016s][info][gc          ] GC(1155) Pause Young (Normal) (G1 Evacuation Pause) 9191M->1957M(12288M) 39.359ms
[2024-05-30T12:23:29.596+0000][6549.016s][info][gc,cpu      ] GC(1155) User=0.23s Sys=0.00s Real=0.04s
[2024-05-30T12:23:35.920+0000][6555.340s][info][gc,start    ] GC(1156) Pause Young (Normal) (G1 Evacuation Pause)
[2024-05-30T12:23:35.921+0000][6555.340s][info][gc,task     ] GC(1156) Using 6 workers of 6 for evacuation
[2024-05-30T12:23:35.967+0000][6555.386s][info][gc,phases   ] GC(1156)   Pre Evacuate Collection Set: 0.2ms
[2024-05-30T12:23:35.967+0000][6555.386s][info][gc,phases   ] GC(1156)   Merge Heap Roots: 0.3ms
[2024-05-30T12:23:35.967+0000][6555.386s][info][gc,phases   ] GC(1156)   Evacuate Collection Set: 43.7ms
[2024-05-30T12:23:35.967+0000][6555.386s][info][gc,phases   ] GC(1156)   Post Evacuate Collection Set: 1.9ms
[2024-05-30T12:23:35.967+0000][6555.386s][info][gc,phases   ] GC(1156)   Other: 0.3ms
[2024-05-30T12:23:35.967+0000][6555.386s][info][gc,heap     ] GC(1156) Eden regions: 904->0(902)
[2024-05-30T12:23:35.967+0000][6555.386s][info][gc,heap     ] GC(1156) Survivor regions: 17->19(116)
[2024-05-30T12:23:35.967+0000][6555.386s][info][gc,heap     ] GC(1156) Old regions: 222->222
[2024-05-30T12:23:35.967+0000][6555.386s][info][gc,heap     ] GC(1156) Archive regions: 2->2
[2024-05-30T12:23:35.967+0000][6555.386s][info][gc,heap     ] GC(1156) Humongous regions: 6->6
[2024-05-30T12:23:35.967+0000][6555.386s][info][gc,metaspace] GC(1156) Metaspace: 414235K(420288K)->414235K(420288K) NonClass: 362221K(365632K)->362221K(365632K) Class: 52013K(54656K)->52013K(54656K)
[2024-05-30T12:23:35.967+0000][6555.386s][info][gc          ] GC(1156) Pause Young (Normal) (G1 Evacuation Pause) 9189M->1975M(12288M) 46.274ms
[2024-05-30T12:23:35.967+0000][6555.386s][info][gc,cpu      ] GC(1156) User=0.28s Sys=0.00s Real=0.04s
[2024-05-30T12:23:40.953+0000][6560.372s][info][gc,start    ] GC(1157) Pause Young (Normal) (G1 Evacuation Pause)
[2024-05-30T12:23:40.953+0000][6560.372s][info][gc,task     ] GC(1157) Using 6 workers of 6 for evacuation
[2024-05-30T12:23:40.994+0000][6560.413s][info][gc,phases   ] GC(1157)   Pre Evacuate Collection Set: 0.2ms
[2024-05-30T12:23:40.994+0000][6560.413s][info][gc,phases   ] GC(1157)   Merge Heap Roots: 0.3ms
[2024-05-30T12:23:40.994+0000][6560.413s][info][gc,phases   ] GC(1157)   Evacuate Collection Set: 38.2ms
[2024-05-30T12:23:40.994+0000][6560.413s][info][gc,phases   ] GC(1157)   Post Evacuate Collection Set: 1.8ms
[2024-05-30T12:23:40.994+0000][6560.413s][info][gc,phases   ] GC(1157)   Other: 0.2ms
[2024-05-30T12:23:40.994+0000][6560.413s][info][gc,heap     ] GC(1157) Eden regions: 902->0(903)
[2024-05-30T12:23:40.994+0000][6560.413s][info][gc,heap     ] GC(1157) Survivor regions: 19->18(116)
[2024-05-30T12:23:40.994+0000][6560.413s][info][gc,heap     ] GC(1157) Old regions: 222->222
[2024-05-30T12:23:40.994+0000][6560.413s][info][gc,heap     ] GC(1157) Archive regions: 2->2
[2024-05-30T12:23:40.994+0000][6560.413s][info][gc,heap     ] GC(1157) Humongous regions: 6->6
[2024-05-30T12:23:40.994+0000][6560.413s][info][gc,metaspace] GC(1157) Metaspace: 414235K(420288K)->414235K(420288K) NonClass: 362221K(365632K)->362221K(365632K) Class: 52013K(54656K)->52013K(54656K)
[2024-05-30T12:23:40.994+0000][6560.413s][info][gc          ] GC(1157) Pause Young (Normal) (G1 Evacuation Pause) 9191M->1967M(12288M) 40.756ms
[2024-05-30T12:23:40.994+0000][6560.413s][info][gc,cpu      ] GC(1157) User=0.24s Sys=0.00s Real=0.04s
[2024-05-30T12:23:48.872+0000][6568.291s][info][gc,start    ] GC(1158) Pause Young (Normal) (G1 Evacuation Pause)
[2024-05-30T12:23:48.872+0000][6568.291s][info][gc,task     ] GC(1158) Using 6 workers of 6 for evacuation
[2024-05-30T12:23:48.914+0000][6568.334s][info][gc,phases   ] GC(1158)   Pre Evacuate Collection Set: 0.2ms
[2024-05-30T12:23:48.914+0000][6568.334s][info][gc,phases   ] GC(1158)   Merge Heap Roots: 0.3ms
[2024-05-30T12:23:48.914+0000][6568.334s][info][gc,phases   ] GC(1158)   Evacuate Collection Set: 40.3ms
[2024-05-30T12:23:48.914+0000][6568.334s][info][gc,phases   ] GC(1158)   Post Evacuate Collection Set: 1.8ms
[2024-05-30T12:23:48.914+0000][6568.334s][info][gc,phases   ] GC(1158)   Other: 0.2ms
[2024-05-30T12:23:48.914+0000][6568.334s][info][gc,heap     ] GC(1158) Eden regions: 903->0(900)
[2024-05-30T12:23:48.914+0000][6568.334s][info][gc,heap     ] GC(1158) Survivor regions: 18->21(116)
[2024-05-30T12:23:48.914+0000][6568.334s][info][gc,heap     ] GC(1158) Old regions: 222->222
[2024-05-30T12:23:48.914+0000][6568.334s][info][gc,heap     ] GC(1158) Archive regions: 2->2
[2024-05-30T12:23:48.914+0000][6568.334s][info][gc,heap     ] GC(1158) Humongous regions: 6->6
[2024-05-30T12:23:48.914+0000][6568.334s][info][gc,metaspace] GC(1158) Metaspace: 414235K(420288K)->414235K(420288K) NonClass: 362221K(365632K)->362221K(365632K) Class: 52013K(54656K)->52013K(54656K)
[2024-05-30T12:23:48.914+0000][6568.334s][info][gc          ] GC(1158) Pause Young (Normal) (G1 Evacuation Pause) 9191M->1987M(12288M) 42.852ms
[2024-05-30T12:23:48.914+0000][6568.334s][info][gc,cpu      ] GC(1158) User=0.25s Sys=0.00s Real=0.04s
[2024-05-30T12:23:58.991+0000][6578.411s][info][gc,start    ] GC(1159) Pause Young (Normal) (G1 Evacuation Pause)
[2024-05-30T12:23:58.991+0000][6578.411s][info][gc,task     ] GC(1159) Using 6 workers of 6 for evacuation
[2024-05-30T12:23:59.037+0000][6578.457s][info][gc,phases   ] GC(1159)   Pre Evacuate Collection Set: 0.2ms
[2024-05-30T12:23:59.037+0000][6578.457s][info][gc,phases   ] GC(1159)   Merge Heap Roots: 0.3ms
[2024-05-30T12:23:59.037+0000][6578.457s][info][gc,phases   ] GC(1159)   Evacuate Collection Set: 43.5ms
[2024-05-30T12:23:59.037+0000][6578.457s][info][gc,phases   ] GC(1159)   Post Evacuate Collection Set: 1.9ms
[2024-05-30T12:23:59.037+0000][6578.457s][info][gc,phases   ] GC(1159)   Other: 0.2ms
[2024-05-30T12:23:59.037+0000][6578.457s][info][gc,heap     ] GC(1159) Eden regions: 900->0(902)
[2024-05-30T12:23:59.037+0000][6578.457s][info][gc,heap     ] GC(1159) Survivor regions: 21->19(116)
[2024-05-30T12:23:59.037+0000][6578.457s][info][gc,heap     ] GC(1159) Old regions: 222->222
[2024-05-30T12:23:59.037+0000][6578.457s][info][gc,heap     ] GC(1159) Archive regions: 2->2
[2024-05-30T12:23:59.037+0000][6578.457s][info][gc,heap     ] GC(1159) Humongous regions: 6->6
[2024-05-30T12:23:59.037+0000][6578.457s][info][gc,metaspace] GC(1159) Metaspace: 414243K(420288K)->414243K(420288K) NonClass: 362229K(365632K)->362229K(365632K) Class: 52013K(54656K)->52013K(54656K)
[2024-05-30T12:23:59.037+0000][6578.457s][info][gc          ] GC(1159) Pause Young (Normal) (G1 Evacuation Pause) 9187M->1971M(12288M) 46.074ms
[2024-05-30T12:23:59.037+0000][6578.457s][info][gc,cpu      ] GC(1159) User=0.28s Sys=0.00s Real=0.05s
[2024-05-30T12:24:05.555+0000][6584.975s][info][gc,start    ] GC(1160) Pause Young (Normal) (G1 Evacuation Pause)
[2024-05-30T12:24:05.555+0000][6584.975s][info][gc,task     ] GC(1160) Using 6 workers of 6 for evacuation
[2024-05-30T12:24:05.603+0000][6585.022s][info][gc,phases   ] GC(1160)   Pre Evacuate Collection Set: 0.2ms
[2024-05-30T12:24:05.603+0000][6585.022s][info][gc,phases   ] GC(1160)   Merge Heap Roots: 0.3ms
[2024-05-30T12:24:05.603+0000][6585.022s][info][gc,phases   ] GC(1160)   Evacuate Collection Set: 44.9ms
[2024-05-30T12:24:05.603+0000][6585.022s][info][gc,phases   ] GC(1160)   Post Evacuate Collection Set: 1.8ms
[2024-05-30T12:24:05.603+0000][6585.022s][info][gc,phases   ] GC(1160)   Other: 0.2ms
[2024-05-30T12:24:05.603+0000][6585.022s][info][gc,heap     ] GC(1160) Eden regions: 902->0(900)
[2024-05-30T12:24:05.603+0000][6585.022s][info][gc,heap     ] GC(1160) Survivor regions: 19->21(116)
[2024-05-30T12:24:05.603+0000][6585.022s][info][gc,heap     ] GC(1160) Old regions: 222->222
[2024-05-30T12:24:05.603+0000][6585.022s][info][gc,heap     ] GC(1160) Archive regions: 2->2
[2024-05-30T12:24:05.603+0000][6585.022s][info][gc,heap     ] GC(1160) Humongous regions: 6->6
[2024-05-30T12:24:05.603+0000][6585.022s][info][gc,metaspace] GC(1160) Metaspace: 414243K(420288K)->414243K(420288K) NonClass: 362229K(365632K)->362229K(365632K) Class: 52013K(54656K)->52013K(54656K)
[2024-05-30T12:24:05.603+0000][6585.022s][info][gc          ] GC(1160) Pause Young (Normal) (G1 Evacuation Pause) 9187M->1987M(12288M) 47.534ms
[2024-05-30T12:24:05.603+0000][6585.022s][info][gc,cpu      ] GC(1160) User=0.28s Sys=0.00s Real=0.05s
[2024-05-30T12:24:11.419+0000][6590.838s][info][gc,start    ] GC(1161) Pause Young (Normal) (G1 Evacuation Pause)
[2024-05-30T12:24:11.419+0000][6590.838s][info][gc,task     ] GC(1161) Using 6 workers of 6 for evacuation
[2024-05-30T12:24:11.468+0000][6590.887s][info][gc,phases   ] GC(1161)   Pre Evacuate Collection Set: 0.2ms
[2024-05-30T12:24:11.468+0000][6590.887s][info][gc,phases   ] GC(1161)   Merge Heap Roots: 0.2ms
[2024-05-30T12:24:11.468+0000][6590.887s][info][gc,phases   ] GC(1161)   Evacuate Collection Set: 46.3ms
[2024-05-30T12:24:11.468+0000][6590.887s][info][gc,phases   ] GC(1161)   Post Evacuate Collection Set: 1.8ms
[2024-05-30T12:24:11.468+0000][6590.887s][info][gc,phases   ] GC(1161)   Other: 0.2ms
[2024-05-30T12:24:11.468+0000][6590.887s][info][gc,heap     ] GC(1161) Eden regions: 900->0(900)
[2024-05-30T12:24:11.468+0000][6590.887s][info][gc,heap     ] GC(1161) Survivor regions: 21->21(116)
[2024-05-30T12:24:11.468+0000][6590.887s][info][gc,heap     ] GC(1161) Old regions: 222->222
[2024-05-30T12:24:11.468+0000][6590.887s][info][gc,heap     ] GC(1161) Archive regions: 2->2
[2024-05-30T12:24:11.468+0000][6590.887s][info][gc,heap     ] GC(1161) Humongous regions: 6->6
[2024-05-30T12:24:11.468+0000][6590.887s][info][gc,metaspace] GC(1161) Metaspace: 414244K(420288K)->414244K(420288K) NonClass: 362230K(365632K)->362230K(365632K) Class: 52013K(54656K)->52013K(54656K)
[2024-05-30T12:24:11.468+0000][6590.887s][info][gc          ] GC(1161) Pause Young (Normal) (G1 Evacuation Pause) 9187M->1991M(12288M) 48.879ms
[2024-05-30T12:24:11.468+0000][6590.887s][info][gc,cpu      ] GC(1161) User=0.29s Sys=0.00s Real=0.04s
[2024-05-30T12:24:16.722+0000][6596.142s][info][gc,start    ] GC(1162) Pause Young (Normal) (G1 Evacuation Pause)
[2024-05-30T12:24:16.722+0000][6596.142s][info][gc,task     ] GC(1162) Using 6 workers of 6 for evacuation
[2024-05-30T12:24:16.773+0000][6596.193s][info][gc,phases   ] GC(1162)   Pre Evacuate Collection Set: 0.2ms
[2024-05-30T12:24:16.773+0000][6596.193s][info][gc,phases   ] GC(1162)   Merge Heap Roots: 0.3ms
[2024-05-30T12:24:16.773+0000][6596.193s][info][gc,phases   ] GC(1162)   Evacuate Collection Set: 48.5ms
[2024-05-30T12:24:16.773+0000][6596.193s][info][gc,phases   ] GC(1162)   Post Evacuate Collection Set: 1.8ms
[2024-05-30T12:24:16.773+0000][6596.193s][info][gc,phases   ] GC(1162)   Other: 0.2ms
[2024-05-30T12:24:16.773+0000][6596.193s][info][gc,heap     ] GC(1162) Eden regions: 900->0(898)
[2024-05-30T12:24:16.773+0000][6596.193s][info][gc,heap     ] GC(1162) Survivor regions: 21->23(116)
[2024-05-30T12:24:16.773+0000][6596.193s][info][gc,heap     ] GC(1162) Old regions: 222->222
[2024-05-30T12:24:16.773+0000][6596.193s][info][gc,heap     ] GC(1162) Archive regions: 2->2
[2024-05-30T12:24:16.773+0000][6596.193s][info][gc,heap     ] GC(1162) Humongous regions: 6->6
[2024-05-30T12:24:16.773+0000][6596.193s][info][gc,metaspace] GC(1162) Metaspace: 414244K(420288K)->414244K(420288K) NonClass: 362230K(365632K)->362230K(365632K) Class: 52013K(54656K)->52013K(54656K)
[2024-05-30T12:24:16.773+0000][6596.193s][info][gc          ] GC(1162) Pause Young (Normal) (G1 Evacuation Pause) 9191M->2003M(12288M) 51.003ms
[2024-05-30T12:24:16.773+0000][6596.193s][info][gc,cpu      ] GC(1162) User=0.30s Sys=0.00s Real=0.05s
[2024-05-30T12:24:21.406+0000][6600.825s][info][gc,start    ] GC(1163) Pause Young (Normal) (G1 Evacuation Pause)
[2024-05-30T12:24:21.406+0000][6600.825s][info][gc,task     ] GC(1163) Using 6 workers of 6 for evacuation
[2024-05-30T12:24:21.458+0000][6600.877s][info][gc,phases   ] GC(1163)   Pre Evacuate Collection Set: 0.2ms
[2024-05-30T12:24:21.458+0000][6600.877s][info][gc,phases   ] GC(1163)   Merge Heap Roots: 0.3ms
[2024-05-30T12:24:21.458+0000][6600.877s][info][gc,phases   ] GC(1163)   Evacuate Collection Set: 49.7ms
[2024-05-30T12:24:21.458+0000][6600.877s][info][gc,phases   ] GC(1163)   Post Evacuate Collection Set: 1.8ms
[2024-05-30T12:24:21.458+0000][6600.877s][info][gc,phases   ] GC(1163)   Other: 0.3ms
[2024-05-30T12:24:21.458+0000][6600.877s][info][gc,heap     ] GC(1163) Eden regions: 898->0(897)
[2024-05-30T12:24:21.458+0000][6600.877s][info][gc,heap     ] GC(1163) Survivor regions: 23->24(116)
[2024-05-30T12:24:21.458+0000][6600.877s][info][gc,heap     ] GC(1163) Old regions: 222->222
[2024-05-30T12:24:21.458+0000][6600.877s][info][gc,heap     ] GC(1163) Archive regions: 2->2
[2024-05-30T12:24:21.458+0000][6600.877s][info][gc,heap     ] GC(1163) Humongous regions: 6->6
[2024-05-30T12:24:21.458+0000][6600.877s][info][gc,metaspace] GC(1163) Metaspace: 414244K(420288K)->414244K(420288K) NonClass: 362230K(365632K)->362230K(365632K) Class: 52013K(54656K)->52013K(54656K)
[2024-05-30T12:24:21.458+0000][6600.877s][info][gc          ] GC(1163) Pause Young (Normal) (G1 Evacuation Pause) 9187M->2015M(12288M) 52.290ms
[2024-05-30T12:24:21.458+0000][6600.877s][info][gc,cpu      ] GC(1163) User=0.31s Sys=0.00s Real=0.06s
[2024-05-30T12:24:25.069+0000][6604.488s][info][gc,start    ] GC(1164) Pause Young (Normal) (G1 Evacuation Pause)
[2024-05-30T12:24:25.069+0000][6604.488s][info][gc,task     ] GC(1164) Using 6 workers of 6 for evacuation
[2024-05-30T12:24:25.148+0000][6604.568s][info][gc,phases   ] GC(1164)   Pre Evacuate Collection Set: 0.2ms
[2024-05-30T12:24:25.148+0000][6604.568s][info][gc,phases   ] GC(1164)   Merge Heap Roots: 0.3ms
[2024-05-30T12:24:25.148+0000][6604.568s][info][gc,phases   ] GC(1164)   Evacuate Collection Set: 69.1ms
[2024-05-30T12:24:25.148+0000][6604.568s][info][gc,phases   ] GC(1164)   Post Evacuate Collection Set: 9.8ms
[2024-05-30T12:24:25.148+0000][6604.568s][info][gc,phases   ] GC(1164)   Other: 0.2ms
[2024-05-30T12:24:25.148+0000][6604.568s][info][gc,heap     ] GC(1164) Eden regions: 897->0(895)
[2024-05-30T12:24:25.148+0000][6604.568s][info][gc,heap     ] GC(1164) Survivor regions: 24->26(116)
[2024-05-30T12:24:25.148+0000][6604.568s][info][gc,heap     ] GC(1164) Old regions: 222->222
[2024-05-30T12:24:25.148+0000][6604.568s][info][gc,heap     ] GC(1164) Archive regions: 2->2
[2024-05-30T12:24:25.148+0000][6604.568s][info][gc,heap     ] GC(1164) Humongous regions: 6->6
[2024-05-30T12:24:25.148+0000][6604.568s][info][gc,metaspace] GC(1164) Metaspace: 414244K(420288K)->414244K(420288K) NonClass: 362230K(365632K)->362230K(365632K) Class: 52013K(54656K)->52013K(54656K)
[2024-05-30T12:24:25.148+0000][6604.568s][info][gc          ] GC(1164) Pause Young (Normal) (G1 Evacuation Pause) 9191M->2027M(12288M) 79.625ms
[2024-05-30T12:24:25.149+0000][6604.568s][info][gc,cpu      ] GC(1164) User=0.47s Sys=0.00s Real=0.08s
[2024-05-30T12:24:27.245+0000][6606.665s][info][gc,start    ] GC(1165) Pause Young (Normal) (G1 Evacuation Pause)
[2024-05-30T12:24:27.246+0000][6606.665s][info][gc,task     ] GC(1165) Using 6 workers of 6 for evacuation
[2024-05-30T12:24:27.357+0000][6606.776s][info][gc,phases   ] GC(1165)   Pre Evacuate Collection Set: 0.2ms
[2024-05-30T12:24:27.357+0000][6606.776s][info][gc,phases   ] GC(1165)   Merge Heap Roots: 0.3ms
[2024-05-30T12:24:27.357+0000][6606.776s][info][gc,phases   ] GC(1165)   Evacuate Collection Set: 94.5ms
[2024-05-30T12:24:27.357+0000][6606.776s][info][gc,phases   ] GC(1165)   Post Evacuate Collection Set: 16.4ms
[2024-05-30T12:24:27.357+0000][6606.776s][info][gc,phases   ] GC(1165)   Other: 0.2ms
[2024-05-30T12:24:27.357+0000][6606.776s][info][gc,heap     ] GC(1165) Eden regions: 895->0(893)
[2024-05-30T12:24:27.357+0000][6606.776s][info][gc,heap     ] GC(1165) Survivor regions: 26->28(116)
[2024-05-30T12:24:27.357+0000][6606.776s][info][gc,heap     ] GC(1165) Old regions: 222->223
[2024-05-30T12:24:27.357+0000][6606.776s][info][gc,heap     ] GC(1165) Archive regions: 2->2
[2024-05-30T12:24:27.357+0000][6606.776s][info][gc,heap     ] GC(1165) Humongous regions: 6->6
[2024-05-30T12:24:27.357+0000][6606.776s][info][gc,metaspace] GC(1165) Metaspace: 414247K(420288K)->414247K(420288K) NonClass: 362233K(365632K)->362233K(365632K) Class: 52013K(54656K)->52013K(54656K)
[2024-05-30T12:24:27.357+0000][6606.776s][info][gc          ] GC(1165) Pause Young (Normal) (G1 Evacuation Pause) 9187M->2051M(12288M) 111.631ms
[2024-05-30T12:24:27.357+0000][6606.776s][info][gc,cpu      ] GC(1165) User=0.66s Sys=0.00s Real=0.12s
[2024-05-30T12:24:29.403+0000][6608.822s][info][gc,start    ] GC(1166) Pause Young (Concurrent Start) (G1 Evacuation Pause)
[2024-05-30T12:24:29.403+0000][6608.822s][info][gc,task     ] GC(1166) Using 6 workers of 6 for evacuation
[2024-05-30T12:24:29.505+0000][6608.924s][info][gc,phases   ] GC(1166)   Pre Evacuate Collection Set: 0.6ms
[2024-05-30T12:24:29.505+0000][6608.924s][info][gc,phases   ] GC(1166)   Merge Heap Roots: 0.3ms
[2024-05-30T12:24:29.505+0000][6608.924s][info][gc,phases   ] GC(1166)   Evacuate Collection Set: 88.6ms
[2024-05-30T12:24:29.505+0000][6608.924s][info][gc,phases   ] GC(1166)   Post Evacuate Collection Set: 12.1ms
[2024-05-30T12:24:29.505+0000][6608.924s][info][gc,phases   ] GC(1166)   Other: 0.3ms
[2024-05-30T12:24:29.505+0000][6608.924s][info][gc,heap     ] GC(1166) Eden regions: 893->0(891)
[2024-05-30T12:24:29.505+0000][6608.924s][info][gc,heap     ] GC(1166) Survivor regions: 28->30(116)
[2024-05-30T12:24:29.505+0000][6608.924s][info][gc,heap     ] GC(1166) Old regions: 223->223
[2024-05-30T12:24:29.505+0000][6608.924s][info][gc,heap     ] GC(1166) Archive regions: 2->2
[2024-05-30T12:24:29.505+0000][6608.924s][info][gc,heap     ] GC(1166) Humongous regions: 6->6
[2024-05-30T12:24:29.505+0000][6608.924s][info][gc,metaspace] GC(1166) Metaspace: 414247K(420288K)->414247K(420288K) NonClass: 362233K(365632K)->362233K(365632K) Class: 52013K(54656K)->52013K(54656K)
[2024-05-30T12:24:29.505+0000][6608.924s][info][gc          ] GC(1166) Pause Young (Concurrent Start) (G1 Evacuation Pause) 9195M->2072M(12288M) 101.890ms
[2024-05-30T12:24:29.505+0000][6608.924s][info][gc,cpu      ] GC(1166) User=0.60s Sys=0.00s Real=0.10s
[2024-05-30T12:24:29.505+0000][6608.924s][info][gc          ] GC(1167) Concurrent Mark Cycle
[2024-05-30T12:24:29.505+0000][6608.924s][info][gc,marking  ] GC(1167) Concurrent Clear Claimed Marks
[2024-05-30T12:24:29.505+0000][6608.925s][info][gc,marking  ] GC(1167) Concurrent Clear Claimed Marks 0.413ms
[2024-05-30T12:24:29.505+0000][6608.925s][info][gc,marking  ] GC(1167) Concurrent Scan Root Regions
[2024-05-30T12:24:29.598+0000][6609.017s][info][gc,marking  ] GC(1167) Concurrent Scan Root Regions 92.317ms
[2024-05-30T12:24:29.598+0000][6609.017s][info][gc,marking  ] GC(1167) Concurrent Mark
[2024-05-30T12:24:29.598+0000][6609.017s][info][gc,marking  ] GC(1167) Concurrent Mark From Roots
[2024-05-30T12:24:29.598+0000][6609.017s][info][gc,task     ] GC(1167) Using 2 workers of 2 for marking
[2024-05-30T12:24:30.961+0000][6610.380s][info][gc,marking  ] GC(1167) Concurrent Mark From Roots 1363.193ms
[2024-05-30T12:24:30.961+0000][6610.380s][info][gc,marking  ] GC(1167) Concurrent Preclean
[2024-05-30T12:24:30.962+0000][6610.381s][info][gc,marking  ] GC(1167) Concurrent Preclean 1.136ms
[2024-05-30T12:24:30.962+0000][6610.382s][info][gc,start    ] GC(1167) Pause Remark
[2024-05-30T12:24:30.983+0000][6610.403s][info][gc          ] GC(1167) Pause Remark 6080M->6080M(12288M) 20.903ms
[2024-05-30T12:24:30.983+0000][6610.403s][info][gc,cpu      ] GC(1167) User=0.08s Sys=0.01s Real=0.02s
[2024-05-30T12:24:30.984+0000][6610.403s][info][gc,marking  ] GC(1167) Concurrent Mark 1385.699ms
[2024-05-30T12:24:30.984+0000][6610.403s][info][gc,marking  ] GC(1167) Concurrent Rebuild Remembered Sets
[2024-05-30T12:24:31.796+0000][6611.215s][info][gc,marking  ] GC(1167) Concurrent Rebuild Remembered Sets 812.633ms
[2024-05-30T12:24:31.796+0000][6611.216s][info][gc,start    ] GC(1167) Pause Cleanup
[2024-05-30T12:24:31.797+0000][6611.216s][info][gc          ] GC(1167) Pause Cleanup 8684M->8684M(12288M) 0.546ms
[2024-05-30T12:24:31.797+0000][6611.216s][info][gc,cpu      ] GC(1167) User=0.00s Sys=0.00s Real=0.00s
[2024-05-30T12:24:31.797+0000][6611.216s][info][gc,marking  ] GC(1167) Concurrent Cleanup for Next Mark
[2024-05-30T12:24:31.814+0000][6611.233s][info][gc,marking  ] GC(1167) Concurrent Cleanup for Next Mark 16.996ms
[2024-05-30T12:24:31.814+0000][6611.233s][info][gc          ] GC(1167) Concurrent Mark Cycle 2309.116ms
[2024-05-30T12:24:31.965+0000][6611.385s][info][gc,start    ] GC(1168) Pause Young (Prepare Mixed) (G1 Evacuation Pause)
[2024-05-30T12:24:31.965+0000][6611.385s][info][gc,task     ] GC(1168) Using 6 workers of 6 for evacuation
[2024-05-30T12:24:32.082+0000][6611.501s][info][gc,phases   ] GC(1168)   Pre Evacuate Collection Set: 0.2ms
[2024-05-30T12:24:32.082+0000][6611.501s][info][gc,phases   ] GC(1168)   Merge Heap Roots: 0.3ms
[2024-05-30T12:24:32.082+0000][6611.501s][info][gc,phases   ] GC(1168)   Evacuate Collection Set: 101.9ms
[2024-05-30T12:24:32.082+0000][6611.501s][info][gc,phases   ] GC(1168)   Post Evacuate Collection Set: 13.9ms
[2024-05-30T12:24:32.082+0000][6611.501s][info][gc,phases   ] GC(1168)   Other: 0.2ms
[2024-05-30T12:24:32.082+0000][6611.501s][info][gc,heap     ] GC(1168) Eden regions: 891->0(43)
[2024-05-30T12:24:32.082+0000][6611.501s][info][gc,heap     ] GC(1168) Survivor regions: 30->33(116)
[2024-05-30T12:24:32.082+0000][6611.501s][info][gc,heap     ] GC(1168) Old regions: 223->224
[2024-05-30T12:24:32.082+0000][6611.501s][info][gc,heap     ] GC(1168) Archive regions: 2->2
[2024-05-30T12:24:32.082+0000][6611.501s][info][gc,heap     ] GC(1168) Humongous regions: 6->6
[2024-05-30T12:24:32.082+0000][6611.501s][info][gc,metaspace] GC(1168) Metaspace: 414247K(420288K)->414247K(420288K) NonClass: 362233K(365632K)->362233K(365632K) Class: 52013K(54656K)->52013K(54656K)
[2024-05-30T12:24:32.082+0000][6611.501s][info][gc          ] GC(1168) Pause Young (Prepare Mixed) (G1 Evacuation Pause) 9200M->2105M(12288M) 116.530ms
[2024-05-30T12:24:32.082+0000][6611.501s][info][gc,cpu      ] GC(1168) User=0.68s Sys=0.00s Real=0.12s
[2024-05-30T12:24:32.214+0000][6611.633s][info][gc,start    ] GC(1169) Pause Young (Mixed) (G1 Evacuation Pause)
[2024-05-30T12:24:32.214+0000][6611.633s][info][gc,task     ] GC(1169) Using 6 workers of 6 for evacuation
[2024-05-30T12:24:32.323+0000][6611.742s][info][gc,phases   ] GC(1169)   Pre Evacuate Collection Set: 0.2ms
[2024-05-30T12:24:32.323+0000][6611.742s][info][gc,phases   ] GC(1169)   Merge Heap Roots: 0.3ms
[2024-05-30T12:24:32.323+0000][6611.742s][info][gc,phases   ] GC(1169)   Evacuate Collection Set: 106.3ms
[2024-05-30T12:24:32.323+0000][6611.742s][info][gc,phases   ] GC(1169)   Post Evacuate Collection Set: 1.9ms
[2024-05-30T12:24:32.323+0000][6611.742s][info][gc,phases   ] GC(1169)   Other: 0.2ms
[2024-05-30T12:24:32.323+0000][6611.742s][info][gc,heap     ] GC(1169) Eden regions: 43->0(916)
[2024-05-30T12:24:32.323+0000][6611.742s][info][gc,heap     ] GC(1169) Survivor regions: 33->5(10)
[2024-05-30T12:24:32.323+0000][6611.742s][info][gc,heap     ] GC(1169) Old regions: 224->237
[2024-05-30T12:24:32.323+0000][6611.742s][info][gc,heap     ] GC(1169) Archive regions: 2->2
[2024-05-30T12:24:32.323+0000][6611.742s][info][gc,heap     ] GC(1169) Humongous regions: 6->6
[2024-05-30T12:24:32.323+0000][6611.742s][info][gc,metaspace] GC(1169) Metaspace: 414247K(420288K)->414247K(420288K) NonClass: 362233K(365632K)->362233K(365632K) Class: 52013K(54656K)->52013K(54656K)
[2024-05-30T12:24:32.323+0000][6611.742s][info][gc          ] GC(1169) Pause Young (Mixed) (G1 Evacuation Pause) 2449M->1988M(12288M) 108.998ms
[2024-05-30T12:24:32.323+0000][6611.742s][info][gc,cpu      ] GC(1169) User=0.64s Sys=0.00s Real=0.11s
[2024-05-30T12:24:34.407+0000][6613.827s][info][gc,start    ] GC(1170) Pause Young (Normal) (G1 Evacuation Pause)
[2024-05-30T12:24:34.408+0000][6613.827s][info][gc,task     ] GC(1170) Using 6 workers of 6 for evacuation
[2024-05-30T12:24:34.487+0000][6613.906s][info][gc,phases   ] GC(1170)   Pre Evacuate Collection Set: 0.2ms
[2024-05-30T12:24:34.487+0000][6613.906s][info][gc,phases   ] GC(1170)   Merge Heap Roots: 0.2ms
[2024-05-30T12:24:34.487+0000][6613.906s][info][gc,phases   ] GC(1170)   Evacuate Collection Set: 61.8ms
[2024-05-30T12:24:34.487+0000][6613.906s][info][gc,phases   ] GC(1170)   Post Evacuate Collection Set: 17.1ms
[2024-05-30T12:24:34.487+0000][6613.906s][info][gc,phases   ] GC(1170)   Other: 0.2ms
[2024-05-30T12:24:34.487+0000][6613.906s][info][gc,heap     ] GC(1170) Eden regions: 916->0(912)
[2024-05-30T12:24:34.487+0000][6613.906s][info][gc,heap     ] GC(1170) Survivor regions: 5->9(116)
[2024-05-30T12:24:34.487+0000][6613.906s][info][gc,heap     ] GC(1170) Old regions: 237->237
[2024-05-30T12:24:34.487+0000][6613.906s][info][gc,heap     ] GC(1170) Archive regions: 2->2
[2024-05-30T12:24:34.487+0000][6613.906s][info][gc,heap     ] GC(1170) Humongous regions: 6->6
[2024-05-30T12:24:34.487+0000][6613.906s][info][gc,metaspace] GC(1170) Metaspace: 414247K(420288K)->414247K(420288K) NonClass: 362233K(365632K)->362233K(365632K) Class: 52013K(54656K)->52013K(54656K)
[2024-05-30T12:24:34.487+0000][6613.906s][info][gc          ] GC(1170) Pause Young (Normal) (G1 Evacuation Pause) 9316M->2020M(12288M) 79.582ms
[2024-05-30T12:24:34.487+0000][6613.906s][info][gc,cpu      ] GC(1170) User=0.47s Sys=0.00s Real=0.08s
[2024-05-30T12:24:36.571+0000][6615.991s][info][gc,start    ] GC(1171) Pause Young (Normal) (G1 Evacuation Pause)
[2024-05-30T12:24:36.572+0000][6615.991s][info][gc,task     ] GC(1171) Using 6 workers of 6 for evacuation
[2024-05-30T12:24:36.665+0000][6616.084s][info][gc,phases   ] GC(1171)   Pre Evacuate Collection Set: 0.2ms
[2024-05-30T12:24:36.665+0000][6616.084s][info][gc,phases   ] GC(1171)   Merge Heap Roots: 0.3ms
[2024-05-30T12:24:36.665+0000][6616.084s][info][gc,phases   ] GC(1171)   Evacuate Collection Set: 75.6ms
[2024-05-30T12:24:36.665+0000][6616.084s][info][gc,phases   ] GC(1171)   Post Evacuate Collection Set: 17.2ms
[2024-05-30T12:24:36.665+0000][6616.084s][info][gc,phases   ] GC(1171)   Other: 0.2ms
[2024-05-30T12:24:36.665+0000][6616.084s][info][gc,heap     ] GC(1171) Eden regions: 912->0(909)
[2024-05-30T12:24:36.665+0000][6616.084s][info][gc,heap     ] GC(1171) Survivor regions: 9->12(116)
[2024-05-30T12:24:36.665+0000][6616.084s][info][gc,heap     ] GC(1171) Old regions: 237->237
[2024-05-30T12:24:36.665+0000][6616.084s][info][gc,heap     ] GC(1171) Archive regions: 2->2
[2024-05-30T12:24:36.665+0000][6616.084s][info][gc,heap     ] GC(1171) Humongous regions: 6->6
[2024-05-30T12:24:36.665+0000][6616.084s][info][gc,metaspace] GC(1171) Metaspace: 414247K(420288K)->414247K(420288K) NonClass: 362233K(365632K)->362233K(365632K) Class: 52013K(54656K)->52013K(54656K)
[2024-05-30T12:24:36.665+0000][6616.084s][info][gc          ] GC(1171) Pause Young (Normal) (G1 Evacuation Pause) 9316M->2044M(12288M) 93.634ms
[2024-05-30T12:24:36.665+0000][6616.084s][info][gc,cpu      ] GC(1171) User=0.55s Sys=0.00s Real=0.09s
[2024-05-30T12:24:38.672+0000][6618.091s][info][gc,start    ] GC(1172) Pause Young (Concurrent Start) (G1 Evacuation Pause)
[2024-05-30T12:24:38.672+0000][6618.091s][info][gc,task     ] GC(1172) Using 6 workers of 6 for evacuation
[2024-05-30T12:24:38.791+0000][6618.210s][info][gc,phases   ] GC(1172)   Pre Evacuate Collection Set: 0.6ms
[2024-05-30T12:24:38.791+0000][6618.210s][info][gc,phases   ] GC(1172)   Merge Heap Roots: 0.4ms
[2024-05-30T12:24:38.791+0000][6618.210s][info][gc,phases   ] GC(1172)   Evacuate Collection Set: 95.1ms
[2024-05-30T12:24:38.791+0000][6618.210s][info][gc,phases   ] GC(1172)   Post Evacuate Collection Set: 22.3ms
[2024-05-30T12:24:38.791+0000][6618.210s][info][gc,phases   ] GC(1172)   Other: 0.3ms
[2024-05-30T12:24:38.791+0000][6618.210s][info][gc,heap     ] GC(1172) Eden regions: 909->0(904)
[2024-05-30T12:24:38.791+0000][6618.210s][info][gc,heap     ] GC(1172) Survivor regions: 12->17(116)
[2024-05-30T12:24:38.791+0000][6618.210s][info][gc,heap     ] GC(1172) Old regions: 237->237
[2024-05-30T12:24:38.791+0000][6618.210s][info][gc,heap     ] GC(1172) Archive regions: 2->2
[2024-05-30T12:24:38.791+0000][6618.210s][info][gc,heap     ] GC(1172) Humongous regions: 6->6
[2024-05-30T12:24:38.791+0000][6618.210s][info][gc,metaspace] GC(1172) Metaspace: 414247K(420288K)->414247K(420288K) NonClass: 362233K(365632K)->362233K(365632K) Class: 52013K(54656K)->52013K(54656K)
[2024-05-30T12:24:38.791+0000][6618.210s][info][gc          ] GC(1172) Pause Young (Concurrent Start) (G1 Evacuation Pause) 9316M->2079M(12288M) 118.767ms
[2024-05-30T12:24:38.791+0000][6618.210s][info][gc,cpu      ] GC(1172) User=0.69s Sys=0.00s Real=0.12s
[2024-05-30T12:24:38.791+0000][6618.210s][info][gc          ] GC(1173) Concurrent Mark Cycle
[2024-05-30T12:24:38.791+0000][6618.210s][info][gc,marking  ] GC(1173) Concurrent Clear Claimed Marks
[2024-05-30T12:24:38.791+0000][6618.211s][info][gc,marking  ] GC(1173) Concurrent Clear Claimed Marks 0.422ms
[2024-05-30T12:24:38.791+0000][6618.211s][info][gc,marking  ] GC(1173) Concurrent Scan Root Regions
[2024-05-30T12:24:38.862+0000][6618.281s][info][gc,marking  ] GC(1173) Concurrent Scan Root Regions 70.568ms
[2024-05-30T12:24:38.862+0000][6618.281s][info][gc,marking  ] GC(1173) Concurrent Mark
[2024-05-30T12:24:38.862+0000][6618.281s][info][gc,marking  ] GC(1173) Concurrent Mark From Roots
[2024-05-30T12:24:38.862+0000][6618.281s][info][gc,task     ] GC(1173) Using 2 workers of 2 for marking
[2024-05-30T12:24:40.189+0000][6619.608s][info][gc,marking  ] GC(1173) Concurrent Mark From Roots 1326.924ms
[2024-05-30T12:24:40.189+0000][6619.608s][info][gc,marking  ] GC(1173) Concurrent Preclean
[2024-05-30T12:24:40.190+0000][6619.609s][info][gc,marking  ] GC(1173) Concurrent Preclean 1.065ms
[2024-05-30T12:24:40.190+0000][6619.609s][info][gc,start    ] GC(1173) Pause Remark
[2024-05-30T12:24:40.212+0000][6619.631s][info][gc          ] GC(1173) Pause Remark 5559M->5559M(12288M) 21.647ms
[2024-05-30T12:24:40.212+0000][6619.631s][info][gc,cpu      ] GC(1173) User=0.09s Sys=0.00s Real=0.02s
[2024-05-30T12:24:40.212+0000][6619.631s][info][gc,marking  ] GC(1173) Concurrent Mark 1350.176ms
[2024-05-30T12:24:40.212+0000][6619.631s][info][gc,marking  ] GC(1173) Concurrent Rebuild Remembered Sets
[2024-05-30T12:24:41.072+0000][6620.491s][info][gc,marking  ] GC(1173) Concurrent Rebuild Remembered Sets 859.994ms
[2024-05-30T12:24:41.072+0000][6620.492s][info][gc,start    ] GC(1173) Pause Cleanup
[2024-05-30T12:24:41.073+0000][6620.492s][info][gc          ] GC(1173) Pause Cleanup 7395M->7395M(12288M) 0.561ms
[2024-05-30T12:24:41.073+0000][6620.492s][info][gc,cpu      ] GC(1173) User=0.00s Sys=0.00s Real=0.00s
[2024-05-30T12:24:41.073+0000][6620.492s][info][gc,marking  ] GC(1173) Concurrent Cleanup for Next Mark
[2024-05-30T12:24:41.090+0000][6620.509s][info][gc,marking  ] GC(1173) Concurrent Cleanup for Next Mark 16.937ms
[2024-05-30T12:24:41.090+0000][6620.509s][info][gc          ] GC(1173) Concurrent Mark Cycle 2299.184ms
[2024-05-30T12:24:41.879+0000][6621.298s][info][gc,start    ] GC(1174) Pause Young (Prepare Mixed) (G1 Evacuation Pause)
[2024-05-30T12:24:41.879+0000][6621.298s][info][gc,task     ] GC(1174) Using 6 workers of 6 for evacuation
[2024-05-30T12:24:42.005+0000][6621.424s][info][gc,phases   ] GC(1174)   Pre Evacuate Collection Set: 0.2ms
[2024-05-30T12:24:42.005+0000][6621.424s][info][gc,phases   ] GC(1174)   Merge Heap Roots: 0.5ms
[2024-05-30T12:24:42.005+0000][6621.424s][info][gc,phases   ] GC(1174)   Evacuate Collection Set: 104.1ms
[2024-05-30T12:24:42.005+0000][6621.424s][info][gc,phases   ] GC(1174)   Post Evacuate Collection Set: 21.6ms
[2024-05-30T12:24:42.005+0000][6621.424s][info][gc,phases   ] GC(1174)   Other: 0.2ms
[2024-05-30T12:24:42.005+0000][6621.424s][info][gc,heap     ] GC(1174) Eden regions: 904->0(51)
[2024-05-30T12:24:42.005+0000][6621.424s][info][gc,heap     ] GC(1174) Survivor regions: 17->25(116)
[2024-05-30T12:24:42.005+0000][6621.424s][info][gc,heap     ] GC(1174) Old regions: 237->237
[2024-05-30T12:24:42.005+0000][6621.424s][info][gc,heap     ] GC(1174) Archive regions: 2->2
[2024-05-30T12:24:42.005+0000][6621.424s][info][gc,heap     ] GC(1174) Humongous regions: 6->6
[2024-05-30T12:24:42.005+0000][6621.424s][info][gc,metaspace] GC(1174) Metaspace: 414248K(420288K)->414248K(420288K) NonClass: 362234K(365632K)->362234K(365632K) Class: 52013K(54656K)->52013K(54656K)
[2024-05-30T12:24:42.005+0000][6621.424s][info][gc          ] GC(1174) Pause Young (Prepare Mixed) (G1 Evacuation Pause) 9311M->2147M(12288M) 126.634ms
[2024-05-30T12:24:42.005+0000][6621.425s][info][gc,cpu      ] GC(1174) User=0.74s Sys=0.00s Real=0.12s
[2024-05-30T12:24:42.215+0000][6621.635s][info][gc,start    ] GC(1175) Pause Young (Mixed) (G1 Evacuation Pause)
[2024-05-30T12:24:42.215+0000][6621.635s][info][gc,task     ] GC(1175) Using 6 workers of 6 for evacuation
[2024-05-30T12:24:42.295+0000][6621.714s][info][gc,phases   ] GC(1175)   Pre Evacuate Collection Set: 0.2ms
[2024-05-30T12:24:42.295+0000][6621.714s][info][gc,phases   ] GC(1175)   Merge Heap Roots: 0.3ms
[2024-05-30T12:24:42.295+0000][6621.714s][info][gc,phases   ] GC(1175)   Evacuate Collection Set: 76.5ms
[2024-05-30T12:24:42.295+0000][6621.714s][info][gc,phases   ] GC(1175)   Post Evacuate Collection Set: 2.5ms
[2024-05-30T12:24:42.295+0000][6621.714s][info][gc,phases   ] GC(1175)   Other: 0.2ms
[2024-05-30T12:24:42.295+0000][6621.714s][info][gc,heap     ] GC(1175) Eden regions: 51->0(918)
[2024-05-30T12:24:42.295+0000][6621.714s][info][gc,heap     ] GC(1175) Survivor regions: 25->3(10)
[2024-05-30T12:24:42.295+0000][6621.714s][info][gc,heap     ] GC(1175) Old regions: 237->242
[2024-05-30T12:24:42.295+0000][6621.714s][info][gc,heap     ] GC(1175) Archive regions: 2->2
[2024-05-30T12:24:42.295+0000][6621.714s][info][gc,heap     ] GC(1175) Humongous regions: 6->6
[2024-05-30T12:24:42.295+0000][6621.714s][info][gc,metaspace] GC(1175) Metaspace: 414248K(420288K)->414248K(420288K) NonClass: 362234K(365632K)->362234K(365632K) Class: 52013K(54656K)->52013K(54656K)
[2024-05-30T12:24:42.295+0000][6621.714s][info][gc          ] GC(1175) Pause Young (Mixed) (G1 Evacuation Pause) 2555M->2012M(12288M) 79.720ms
[2024-05-30T12:24:42.295+0000][6621.714s][info][gc,cpu      ] GC(1175) User=0.46s Sys=0.00s Real=0.08s
[2024-05-30T12:24:45.110+0000][6624.529s][info][gc,start    ] GC(1176) Pause Young (Normal) (G1 Evacuation Pause)
[2024-05-30T12:24:45.110+0000][6624.529s][info][gc,task     ] GC(1176) Using 6 workers of 6 for evacuation
[2024-05-30T12:24:45.199+0000][6624.618s][info][gc,phases   ] GC(1176)   Pre Evacuate Collection Set: 0.2ms
[2024-05-30T12:24:45.199+0000][6624.618s][info][gc,phases   ] GC(1176)   Merge Heap Roots: 0.4ms
[2024-05-30T12:24:45.199+0000][6624.618s][info][gc,phases   ] GC(1176)   Evacuate Collection Set: 66.9ms
[2024-05-30T12:24:45.199+0000][6624.618s][info][gc,phases   ] GC(1176)   Post Evacuate Collection Set: 21.2ms
[2024-05-30T12:24:45.199+0000][6624.618s][info][gc,phases   ] GC(1176)   Other: 0.2ms
[2024-05-30T12:24:45.199+0000][6624.618s][info][gc,heap     ] GC(1176) Eden regions: 918->0(909)
[2024-05-30T12:24:45.199+0000][6624.618s][info][gc,heap     ] GC(1176) Survivor regions: 3->12(116)
[2024-05-30T12:24:45.199+0000][6624.618s][info][gc,heap     ] GC(1176) Old regions: 242->242
[2024-05-30T12:24:45.199+0000][6624.618s][info][gc,heap     ] GC(1176) Archive regions: 2->2
[2024-05-30T12:24:45.199+0000][6624.618s][info][gc,heap     ] GC(1176) Humongous regions: 6->6
[2024-05-30T12:24:45.199+0000][6624.618s][info][gc,metaspace] GC(1176) Metaspace: 414249K(420288K)->414249K(420288K) NonClass: 362235K(365632K)->362235K(365632K) Class: 52013K(54656K)->52013K(54656K)
[2024-05-30T12:24:45.199+0000][6624.618s][info][gc          ] GC(1176) Pause Young (Normal) (G1 Evacuation Pause) 9356M->2077M(12288M) 89.001ms
[2024-05-30T12:24:45.199+0000][6624.618s][info][gc,cpu      ] GC(1176) User=0.52s Sys=0.00s Real=0.09s
[2024-05-30T12:24:47.849+0000][6627.269s][info][gc,start    ] GC(1177) Pause Young (Normal) (G1 Evacuation Pause)
[2024-05-30T12:24:47.849+0000][6627.269s][info][gc,task     ] GC(1177) Using 6 workers of 6 for evacuation
[2024-05-30T12:24:47.949+0000][6627.368s][info][gc,phases   ] GC(1177)   Pre Evacuate Collection Set: 0.2ms
[2024-05-30T12:24:47.949+0000][6627.368s][info][gc,phases   ] GC(1177)   Merge Heap Roots: 0.3ms
[2024-05-30T12:24:47.949+0000][6627.368s][info][gc,phases   ] GC(1177)   Evacuate Collection Set: 78.1ms
[2024-05-30T12:24:47.949+0000][6627.368s][info][gc,phases   ] GC(1177)   Post Evacuate Collection Set: 21.0ms
[2024-05-30T12:24:47.949+0000][6627.368s][info][gc,phases   ] GC(1177)   Other: 0.2ms
[2024-05-30T12:24:47.949+0000][6627.368s][info][gc,heap     ] GC(1177) Eden regions: 909->0(904)
[2024-05-30T12:24:47.949+0000][6627.368s][info][gc,heap     ] GC(1177) Survivor regions: 12->17(116)
[2024-05-30T12:24:47.949+0000][6627.368s][info][gc,heap     ] GC(1177) Old regions: 242->242
[2024-05-30T12:24:47.949+0000][6627.368s][info][gc,heap     ] GC(1177) Archive regions: 2->2
[2024-05-30T12:24:47.949+0000][6627.368s][info][gc,heap     ] GC(1177) Humongous regions: 6->6
[2024-05-30T12:24:47.949+0000][6627.368s][info][gc,metaspace] GC(1177) Metaspace: 414249K(420288K)->414249K(420288K) NonClass: 362235K(365632K)->362235K(365632K) Class: 52013K(54656K)->52013K(54656K)
[2024-05-30T12:24:47.949+0000][6627.368s][info][gc          ] GC(1177) Pause Young (Normal) (G1 Evacuation Pause) 9349M->2117M(12288M) 99.888ms
[2024-05-30T12:24:47.949+0000][6627.369s][info][gc,cpu      ] GC(1177) User=0.59s Sys=0.00s Real=0.10s
[2024-05-30T12:24:50.197+0000][6629.616s][info][gc,start    ] GC(1178) Pause Young (Concurrent Start) (G1 Evacuation Pause)
[2024-05-30T12:24:50.197+0000][6629.616s][info][gc,task     ] GC(1178) Using 6 workers of 6 for evacuation
[2024-05-30T12:24:50.304+0000][6629.723s][info][gc,phases   ] GC(1178)   Pre Evacuate Collection Set: 0.6ms
[2024-05-30T12:24:50.304+0000][6629.724s][info][gc,phases   ] GC(1178)   Merge Heap Roots: 0.3ms
[2024-05-30T12:24:50.304+0000][6629.724s][info][gc,phases   ] GC(1178)   Evacuate Collection Set: 87.4ms
[2024-05-30T12:24:50.304+0000][6629.724s][info][gc,phases   ] GC(1178)   Post Evacuate Collection Set: 18.7ms
[2024-05-30T12:24:50.304+0000][6629.724s][info][gc,phases   ] GC(1178)   Other: 0.3ms
[2024-05-30T12:24:50.304+0000][6629.724s][info][gc,heap     ] GC(1178) Eden regions: 904->0(900)
[2024-05-30T12:24:50.304+0000][6629.724s][info][gc,heap     ] GC(1178) Survivor regions: 17->21(116)
[2024-05-30T12:24:50.304+0000][6629.724s][info][gc,heap     ] GC(1178) Old regions: 242->242
[2024-05-30T12:24:50.304+0000][6629.724s][info][gc,heap     ] GC(1178) Archive regions: 2->2
[2024-05-30T12:24:50.304+0000][6629.724s][info][gc,heap     ] GC(1178) Humongous regions: 6->6
[2024-05-30T12:24:50.304+0000][6629.724s][info][gc,metaspace] GC(1178) Metaspace: 414249K(420288K)->414249K(420288K) NonClass: 362235K(365632K)->362235K(365632K) Class: 52013K(54656K)->52013K(54656K)
[2024-05-30T12:24:50.304+0000][6629.724s][info][gc          ] GC(1178) Pause Young (Concurrent Start) (G1 Evacuation Pause) 9349M->2153M(12288M) 107.438ms
[2024-05-30T12:24:50.304+0000][6629.724s][info][gc,cpu      ] GC(1178) User=0.63s Sys=0.00s Real=0.10s
[2024-05-30T12:24:50.304+0000][6629.724s][info][gc          ] GC(1179) Concurrent Mark Cycle
[2024-05-30T12:24:50.304+0000][6629.724s][info][gc,marking  ] GC(1179) Concurrent Clear Claimed Marks
[2024-05-30T12:24:50.305+0000][6629.724s][info][gc,marking  ] GC(1179) Concurrent Clear Claimed Marks 0.437ms
[2024-05-30T12:24:50.305+0000][6629.724s][info][gc,marking  ] GC(1179) Concurrent Scan Root Regions
[2024-05-30T12:24:50.366+0000][6629.785s][info][gc,marking  ] GC(1179) Concurrent Scan Root Regions 60.793ms
[2024-05-30T12:24:50.366+0000][6629.785s][info][gc,marking  ] GC(1179) Concurrent Mark
[2024-05-30T12:24:50.366+0000][6629.785s][info][gc,marking  ] GC(1179) Concurrent Mark From Roots
[2024-05-30T12:24:50.366+0000][6629.785s][info][gc,task     ] GC(1179) Using 2 workers of 2 for marking
[2024-05-30T12:24:51.745+0000][6631.164s][info][gc,marking  ] GC(1179) Concurrent Mark From Roots 1378.749ms
[2024-05-30T12:24:51.745+0000][6631.164s][info][gc,marking  ] GC(1179) Concurrent Preclean
[2024-05-30T12:24:51.745+0000][6631.165s][info][gc,marking  ] GC(1179) Concurrent Preclean 0.803ms
[2024-05-30T12:24:51.746+0000][6631.165s][info][gc,start    ] GC(1179) Pause Remark
[2024-05-30T12:24:51.767+0000][6631.186s][info][gc          ] GC(1179) Pause Remark 5033M->5033M(12288M) 21.419ms
[2024-05-30T12:24:51.767+0000][6631.186s][info][gc,cpu      ] GC(1179) User=0.09s Sys=0.00s Real=0.02s
[2024-05-30T12:24:51.767+0000][6631.186s][info][gc,marking  ] GC(1179) Concurrent Mark 1401.389ms
[2024-05-30T12:24:51.767+0000][6631.186s][info][gc,marking  ] GC(1179) Concurrent Rebuild Remembered Sets
[2024-05-30T12:24:52.549+0000][6631.969s][info][gc,marking  ] GC(1179) Concurrent Rebuild Remembered Sets 782.199ms
[2024-05-30T12:24:52.550+0000][6631.969s][info][gc,start    ] GC(1179) Pause Cleanup
[2024-05-30T12:24:52.550+0000][6631.969s][info][gc          ] GC(1179) Pause Cleanup 6925M->6925M(12288M) 0.519ms
[2024-05-30T12:24:52.550+0000][6631.969s][info][gc,cpu      ] GC(1179) User=0.00s Sys=0.00s Real=0.00s
[2024-05-30T12:24:52.550+0000][6631.969s][info][gc,marking  ] GC(1179) Concurrent Cleanup for Next Mark
[2024-05-30T12:24:52.579+0000][6631.998s][info][gc,marking  ] GC(1179) Concurrent Cleanup for Next Mark 28.679ms
[2024-05-30T12:24:52.579+0000][6631.998s][info][gc          ] GC(1179) Concurrent Mark Cycle 2274.507ms
[2024-05-30T12:24:53.507+0000][6632.926s][info][gc,start    ] GC(1180) Pause Young (Prepare Mixed) (G1 Evacuation Pause)
[2024-05-30T12:24:53.507+0000][6632.926s][info][gc,task     ] GC(1180) Using 6 workers of 6 for evacuation
[2024-05-30T12:24:53.641+0000][6633.061s][info][gc,phases   ] GC(1180)   Pre Evacuate Collection Set: 0.2ms
[2024-05-30T12:24:53.641+0000][6633.061s][info][gc,phases   ] GC(1180)   Merge Heap Roots: 0.9ms
[2024-05-30T12:24:53.641+0000][6633.061s][info][gc,phases   ] GC(1180)   Evacuate Collection Set: 108.6ms
[2024-05-30T12:24:53.641+0000][6633.061s][info][gc,phases   ] GC(1180)   Post Evacuate Collection Set: 24.5ms
[2024-05-30T12:24:53.641+0000][6633.061s][info][gc,phases   ] GC(1180)   Other: 0.2ms
[2024-05-30T12:24:53.641+0000][6633.061s][info][gc,heap     ] GC(1180) Eden regions: 900->0(50)
[2024-05-30T12:24:53.641+0000][6633.061s][info][gc,heap     ] GC(1180) Survivor regions: 21->26(116)
[2024-05-30T12:24:53.641+0000][6633.061s][info][gc,heap     ] GC(1180) Old regions: 242->242
[2024-05-30T12:24:53.641+0000][6633.061s][info][gc,heap     ] GC(1180) Archive regions: 2->2
[2024-05-30T12:24:53.641+0000][6633.061s][info][gc,heap     ] GC(1180) Humongous regions: 6->6
[2024-05-30T12:24:53.641+0000][6633.061s][info][gc,metaspace] GC(1180) Metaspace: 414250K(420288K)->414250K(420288K) NonClass: 362236K(365632K)->362236K(365632K) Class: 52013K(54656K)->52013K(54656K)
[2024-05-30T12:24:53.642+0000][6633.061s][info][gc          ] GC(1180) Pause Young (Prepare Mixed) (G1 Evacuation Pause) 9353M->2195M(12288M) 134.478ms
[2024-05-30T12:24:53.642+0000][6633.061s][info][gc,cpu      ] GC(1180) User=0.78s Sys=0.00s Real=0.14s
[2024-05-30T12:24:53.805+0000][6633.224s][info][gc,start    ] GC(1181) Pause Young (Mixed) (G1 Evacuation Pause)
[2024-05-30T12:24:53.805+0000][6633.224s][info][gc,task     ] GC(1181) Using 6 workers of 6 for evacuation
[2024-05-30T12:24:53.881+0000][6633.301s][info][gc,phases   ] GC(1181)   Pre Evacuate Collection Set: 0.2ms
[2024-05-30T12:24:53.882+0000][6633.301s][info][gc,phases   ] GC(1181)   Merge Heap Roots: 0.3ms
[2024-05-30T12:24:53.882+0000][6633.301s][info][gc,phases   ] GC(1181)   Evacuate Collection Set: 74.1ms
[2024-05-30T12:24:53.882+0000][6633.301s][info][gc,phases   ] GC(1181)   Post Evacuate Collection Set: 2.2ms
[2024-05-30T12:24:53.882+0000][6633.301s][info][gc,phases   ] GC(1181)   Other: 0.2ms
[2024-05-30T12:24:53.882+0000][6633.301s][info][gc,heap     ] GC(1181) Eden regions: 50->0(918)
[2024-05-30T12:24:53.882+0000][6633.301s][info][gc,heap     ] GC(1181) Survivor regions: 26->3(10)
[2024-05-30T12:24:53.882+0000][6633.301s][info][gc,heap     ] GC(1181) Old regions: 242->250
[2024-05-30T12:24:53.882+0000][6633.301s][info][gc,heap     ] GC(1181) Archive regions: 2->2
[2024-05-30T12:24:53.882+0000][6633.301s][info][gc,heap     ] GC(1181) Humongous regions: 6->6
[2024-05-30T12:24:53.882+0000][6633.301s][info][gc,metaspace] GC(1181) Metaspace: 414250K(420288K)->414250K(420288K) NonClass: 362236K(365632K)->362236K(365632K) Class: 52013K(54656K)->52013K(54656K)
[2024-05-30T12:24:53.882+0000][6633.301s][info][gc          ] GC(1181) Pause Young (Mixed) (G1 Evacuation Pause) 2595M->2070M(12288M) 77.046ms
[2024-05-30T12:24:53.882+0000][6633.301s][info][gc,cpu      ] GC(1181) User=0.46s Sys=0.01s Real=0.08s
[2024-05-30T12:25:01.444+0000][6640.864s][info][gc,start    ] GC(1182) Pause Young (Normal) (G1 Evacuation Pause)
[2024-05-30T12:25:01.444+0000][6640.864s][info][gc,task     ] GC(1182) Using 6 workers of 6 for evacuation
[2024-05-30T12:25:01.482+0000][6640.901s][info][gc,phases   ] GC(1182)   Pre Evacuate Collection Set: 0.2ms
[2024-05-30T12:25:01.482+0000][6640.901s][info][gc,phases   ] GC(1182)   Merge Heap Roots: 0.2ms
[2024-05-30T12:25:01.482+0000][6640.901s][info][gc,phases   ] GC(1182)   Evacuate Collection Set: 28.6ms
[2024-05-30T12:25:01.482+0000][6640.901s][info][gc,phases   ] GC(1182)   Post Evacuate Collection Set: 8.1ms
[2024-05-30T12:25:01.482+0000][6640.901s][info][gc,phases   ] GC(1182)   Other: 0.2ms
[2024-05-30T12:25:01.482+0000][6640.901s][info][gc,heap     ] GC(1182) Eden regions: 918->0(915)
[2024-05-30T12:25:01.482+0000][6640.901s][info][gc,heap     ] GC(1182) Survivor regions: 3->6(116)
[2024-05-30T12:25:01.482+0000][6640.901s][info][gc,heap     ] GC(1182) Old regions: 250->250
[2024-05-30T12:25:01.482+0000][6640.901s][info][gc,heap     ] GC(1182) Archive regions: 2->2
[2024-05-30T12:25:01.482+0000][6640.901s][info][gc,heap     ] GC(1182) Humongous regions: 6->6
[2024-05-30T12:25:01.482+0000][6640.901s][info][gc,metaspace] GC(1182) Metaspace: 414251K(420288K)->414251K(420288K) NonClass: 362237K(365632K)->362237K(365632K) Class: 52013K(54656K)->52013K(54656K)
[2024-05-30T12:25:01.482+0000][6640.901s][info][gc          ] GC(1182) Pause Young (Normal) (G1 Evacuation Pause) 9414M->2091M(12288M) 37.358ms
[2024-05-30T12:25:01.482+0000][6640.901s][info][gc,cpu      ] GC(1182) User=0.22s Sys=0.00s Real=0.04s
[2024-05-30T12:25:11.626+0000][6651.046s][info][gc,start    ] GC(1183) Pause Young (Normal) (G1 Evacuation Pause)
[2024-05-30T12:25:11.626+0000][6651.046s][info][gc,task     ] GC(1183) Using 6 workers of 6 for evacuation
[2024-05-30T12:25:11.654+0000][6651.073s][info][gc,phases   ] GC(1183)   Pre Evacuate Collection Set: 0.2ms
[2024-05-30T12:25:11.654+0000][6651.073s][info][gc,phases   ] GC(1183)   Merge Heap Roots: 0.3ms
[2024-05-30T12:25:11.654+0000][6651.073s][info][gc,phases   ] GC(1183)   Evacuate Collection Set: 24.9ms
[2024-05-30T12:25:11.654+0000][6651.073s][info][gc,phases   ] GC(1183)   Post Evacuate Collection Set: 1.8ms
[2024-05-30T12:25:11.654+0000][6651.073s][info][gc,phases   ] GC(1183)   Other: 0.2ms
[2024-05-30T12:25:11.654+0000][6651.073s][info][gc,heap     ] GC(1183) Eden regions: 915->0(911)
[2024-05-30T12:25:11.654+0000][6651.073s][info][gc,heap     ] GC(1183) Survivor regions: 6->10(116)
[2024-05-30T12:25:11.654+0000][6651.073s][info][gc,heap     ] GC(1183) Old regions: 250->250
[2024-05-30T12:25:11.654+0000][6651.073s][info][gc,heap     ] GC(1183) Archive regions: 2->2
[2024-05-30T12:25:11.654+0000][6651.073s][info][gc,heap     ] GC(1183) Humongous regions: 6->6
[2024-05-30T12:25:11.654+0000][6651.073s][info][gc,metaspace] GC(1183) Metaspace: 414251K(420288K)->414251K(420288K) NonClass: 362237K(365632K)->362237K(365632K) Class: 52013K(54656K)->52013K(54656K)
[2024-05-30T12:25:11.654+0000][6651.073s][info][gc          ] GC(1183) Pause Young (Normal) (G1 Evacuation Pause) 9411M->2120M(12288M) 27.426ms
[2024-05-30T12:25:11.654+0000][6651.073s][info][gc,cpu      ] GC(1183) User=0.16s Sys=0.00s Real=0.03s
[2024-05-30T12:25:21.995+0000][6661.414s][info][gc,start    ] GC(1184) Pause Young (Concurrent Start) (G1 Evacuation Pause)
[2024-05-30T12:25:21.995+0000][6661.414s][info][gc,task     ] GC(1184) Using 6 workers of 6 for evacuation
[2024-05-30T12:25:22.039+0000][6661.458s][info][gc,phases   ] GC(1184)   Pre Evacuate Collection Set: 0.6ms
[2024-05-30T12:25:22.039+0000][6661.458s][info][gc,phases   ] GC(1184)   Merge Heap Roots: 0.3ms
[2024-05-30T12:25:22.039+0000][6661.458s][info][gc,phases   ] GC(1184)   Evacuate Collection Set: 41.1ms
[2024-05-30T12:25:22.039+0000][6661.458s][info][gc,phases   ] GC(1184)   Post Evacuate Collection Set: 1.8ms
[2024-05-30T12:25:22.039+0000][6661.458s][info][gc,phases   ] GC(1184)   Other: 0.3ms
[2024-05-30T12:25:22.039+0000][6661.458s][info][gc,heap     ] GC(1184) Eden regions: 911->0(907)
[2024-05-30T12:25:22.039+0000][6661.458s][info][gc,heap     ] GC(1184) Survivor regions: 10->14(116)
[2024-05-30T12:25:22.039+0000][6661.458s][info][gc,heap     ] GC(1184) Old regions: 250->250
[2024-05-30T12:25:22.039+0000][6661.458s][info][gc,heap     ] GC(1184) Archive regions: 2->2
[2024-05-30T12:25:22.039+0000][6661.458s][info][gc,heap     ] GC(1184) Humongous regions: 6->6
[2024-05-30T12:25:22.039+0000][6661.458s][info][gc,metaspace] GC(1184) Metaspace: 414252K(420288K)->414252K(420288K) NonClass: 362238K(365632K)->362238K(365632K) Class: 52013K(54656K)->52013K(54656K)
[2024-05-30T12:25:22.039+0000][6661.458s][info][gc          ] GC(1184) Pause Young (Concurrent Start) (G1 Evacuation Pause) 9408M->2154M(12288M) 44.165ms
[2024-05-30T12:25:22.039+0000][6661.458s][info][gc,cpu      ] GC(1184) User=0.24s Sys=0.00s Real=0.05s
[2024-05-30T12:25:22.039+0000][6661.458s][info][gc          ] GC(1185) Concurrent Mark Cycle
[2024-05-30T12:25:22.039+0000][6661.458s][info][gc,marking  ] GC(1185) Concurrent Clear Claimed Marks
[2024-05-30T12:25:22.039+0000][6661.459s][info][gc,marking  ] GC(1185) Concurrent Clear Claimed Marks 0.424ms
[2024-05-30T12:25:22.039+0000][6661.459s][info][gc,marking  ] GC(1185) Concurrent Scan Root Regions
[2024-05-30T12:25:22.064+0000][6661.483s][info][gc,marking  ] GC(1185) Concurrent Scan Root Regions 24.649ms
[2024-05-30T12:25:22.064+0000][6661.483s][info][gc,marking  ] GC(1185) Concurrent Mark
[2024-05-30T12:25:22.064+0000][6661.483s][info][gc,marking  ] GC(1185) Concurrent Mark From Roots
[2024-05-30T12:25:22.064+0000][6661.483s][info][gc,task     ] GC(1185) Using 2 workers of 2 for marking
[2024-05-30T12:25:23.427+0000][6662.846s][info][gc,marking  ] GC(1185) Concurrent Mark From Roots 1362.765ms
[2024-05-30T12:25:23.427+0000][6662.846s][info][gc,marking  ] GC(1185) Concurrent Preclean
[2024-05-30T12:25:23.428+0000][6662.847s][info][gc,marking  ] GC(1185) Concurrent Preclean 1.123ms
[2024-05-30T12:25:23.428+0000][6662.847s][info][gc,start    ] GC(1185) Pause Remark
[2024-05-30T12:25:23.449+0000][6662.869s][info][gc          ] GC(1185) Pause Remark 3210M->3202M(12288M) 21.194ms
[2024-05-30T12:25:23.449+0000][6662.869s][info][gc,cpu      ] GC(1185) User=0.08s Sys=0.00s Real=0.03s
[2024-05-30T12:25:23.450+0000][6662.869s][info][gc,marking  ] GC(1185) Concurrent Mark 1385.543ms
[2024-05-30T12:25:23.450+0000][6662.869s][info][gc,marking  ] GC(1185) Concurrent Rebuild Remembered Sets
[2024-05-30T12:25:24.288+0000][6663.707s][info][gc,marking  ] GC(1185) Concurrent Rebuild Remembered Sets 837.974ms
[2024-05-30T12:25:24.288+0000][6663.707s][info][gc,start    ] GC(1185) Pause Cleanup
[2024-05-30T12:25:24.288+0000][6663.708s][info][gc          ] GC(1185) Pause Cleanup 3802M->3802M(12288M) 0.590ms
[2024-05-30T12:25:24.288+0000][6663.708s][info][gc,cpu      ] GC(1185) User=0.00s Sys=0.00s Real=0.01s
[2024-05-30T12:25:24.288+0000][6663.708s][info][gc,marking  ] GC(1185) Concurrent Cleanup for Next Mark
[2024-05-30T12:25:24.306+0000][6663.726s][info][gc,marking  ] GC(1185) Concurrent Cleanup for Next Mark 17.863ms
[2024-05-30T12:25:24.306+0000][6663.726s][info][gc          ] GC(1185) Concurrent Mark Cycle 2267.569ms
[2024-05-30T12:25:31.782+0000][6671.201s][info][gc,start    ] GC(1186) Pause Young (Prepare Mixed) (G1 Evacuation Pause)
[2024-05-30T12:25:31.782+0000][6671.201s][info][gc,task     ] GC(1186) Using 6 workers of 6 for evacuation
[2024-05-30T12:25:31.832+0000][6671.251s][info][gc,phases   ] GC(1186)   Pre Evacuate Collection Set: 0.2ms
[2024-05-30T12:25:31.832+0000][6671.251s][info][gc,phases   ] GC(1186)   Merge Heap Roots: 0.4ms
[2024-05-30T12:25:31.832+0000][6671.251s][info][gc,phases   ] GC(1186)   Evacuate Collection Set: 47.2ms
[2024-05-30T12:25:31.832+0000][6671.251s][info][gc,phases   ] GC(1186)   Post Evacuate Collection Set: 1.9ms
[2024-05-30T12:25:31.832+0000][6671.251s][info][gc,phases   ] GC(1186)   Other: 0.2ms
[2024-05-30T12:25:31.832+0000][6671.251s][info][gc,heap     ] GC(1186) Eden regions: 907->0(60)
[2024-05-30T12:25:31.832+0000][6671.251s][info][gc,heap     ] GC(1186) Survivor regions: 14->16(116)
[2024-05-30T12:25:31.832+0000][6671.251s][info][gc,heap     ] GC(1186) Old regions: 249->249
[2024-05-30T12:25:31.832+0000][6671.251s][info][gc,heap     ] GC(1186) Archive regions: 2->2
[2024-05-30T12:25:31.832+0000][6671.251s][info][gc,heap     ] GC(1186) Humongous regions: 7->7
[2024-05-30T12:25:31.832+0000][6671.251s][info][gc,metaspace] GC(1186) Metaspace: 414253K(420288K)->414253K(420288K) NonClass: 362239K(365632K)->362239K(365632K) Class: 52013K(54656K)->52013K(54656K)
[2024-05-30T12:25:31.832+0000][6671.251s][info][gc          ] GC(1186) Pause Young (Prepare Mixed) (G1 Evacuation Pause) 9410M->2169M(12288M) 49.988ms
[2024-05-30T12:25:31.832+0000][6671.251s][info][gc,cpu      ] GC(1186) User=0.29s Sys=0.00s Real=0.05s
[2024-05-30T12:25:32.483+0000][6671.903s][info][gc,start    ] GC(1187) Pause Young (Mixed) (G1 Evacuation Pause)
[2024-05-30T12:25:32.484+0000][6671.903s][info][gc,task     ] GC(1187) Using 6 workers of 6 for evacuation
[2024-05-30T12:25:32.538+0000][6671.957s][info][gc,phases   ] GC(1187)   Pre Evacuate Collection Set: 0.2ms
[2024-05-30T12:25:32.538+0000][6671.957s][info][gc,phases   ] GC(1187)   Merge Heap Roots: 0.2ms
[2024-05-30T12:25:32.538+0000][6671.957s][info][gc,phases   ] GC(1187)   Evacuate Collection Set: 52.6ms
[2024-05-30T12:25:32.538+0000][6671.957s][info][gc,phases   ] GC(1187)   Post Evacuate Collection Set: 1.2ms
[2024-05-30T12:25:32.538+0000][6671.957s][info][gc,phases   ] GC(1187)   Other: 0.2ms
[2024-05-30T12:25:32.538+0000][6671.957s][info][gc,heap     ] GC(1187) Eden regions: 60->0(919)
[2024-05-30T12:25:32.538+0000][6671.957s][info][gc,heap     ] GC(1187) Survivor regions: 16->2(10)
[2024-05-30T12:25:32.538+0000][6671.957s][info][gc,heap     ] GC(1187) Old regions: 249->247
[2024-05-30T12:25:32.538+0000][6671.957s][info][gc,heap     ] GC(1187) Archive regions: 2->2
[2024-05-30T12:25:32.538+0000][6671.957s][info][gc,heap     ] GC(1187) Humongous regions: 7->7
[2024-05-30T12:25:32.538+0000][6671.957s][info][gc,metaspace] GC(1187) Metaspace: 414253K(420288K)->414253K(420288K) NonClass: 362239K(365632K)->362239K(365632K) Class: 52013K(54656K)->52013K(54656K)
[2024-05-30T12:25:32.538+0000][6671.957s][info][gc          ] GC(1187) Pause Young (Mixed) (G1 Evacuation Pause) 2649M->2046M(12288M) 54.479ms
[2024-05-30T12:25:32.538+0000][6671.957s][info][gc,cpu      ] GC(1187) User=0.32s Sys=0.00s Real=0.06s
[2024-05-30T12:25:42.812+0000][6682.231s][info][gc,start    ] GC(1188) Pause Young (Normal) (G1 Evacuation Pause)
[2024-05-30T12:25:42.812+0000][6682.231s][info][gc,task     ] GC(1188) Using 6 workers of 6 for evacuation
[2024-05-30T12:25:42.830+0000][6682.249s][info][gc,phases   ] GC(1188)   Pre Evacuate Collection Set: 0.2ms
[2024-05-30T12:25:42.830+0000][6682.249s][info][gc,phases   ] GC(1188)   Merge Heap Roots: 0.3ms
[2024-05-30T12:25:42.830+0000][6682.249s][info][gc,phases   ] GC(1188)   Evacuate Collection Set: 15.7ms
[2024-05-30T12:25:42.830+0000][6682.249s][info][gc,phases   ] GC(1188)   Post Evacuate Collection Set: 1.8ms
[2024-05-30T12:25:42.830+0000][6682.249s][info][gc,phases   ] GC(1188)   Other: 0.2ms
[2024-05-30T12:25:42.830+0000][6682.249s][info][gc,heap     ] GC(1188) Eden regions: 919->0(916)
[2024-05-30T12:25:42.830+0000][6682.250s][info][gc,heap     ] GC(1188) Survivor regions: 2->5(116)
[2024-05-30T12:25:42.830+0000][6682.250s][info][gc,heap     ] GC(1188) Old regions: 247->247
[2024-05-30T12:25:42.830+0000][6682.250s][info][gc,heap     ] GC(1188) Archive regions: 2->2
[2024-05-30T12:25:42.830+0000][6682.250s][info][gc,heap     ] GC(1188) Humongous regions: 7->7
[2024-05-30T12:25:42.830+0000][6682.250s][info][gc,metaspace] GC(1188) Metaspace: 414254K(420288K)->414254K(420288K) NonClass: 362240K(365632K)->362240K(365632K) Class: 52013K(54656K)->52013K(54656K)
[2024-05-30T12:25:42.830+0000][6682.250s][info][gc          ] GC(1188) Pause Young (Normal) (G1 Evacuation Pause) 9398M->2069M(12288M) 18.240ms
[2024-05-30T12:25:42.830+0000][6682.250s][info][gc,cpu      ] GC(1188) User=0.10s Sys=0.01s Real=0.02s
[2024-05-30T12:25:53.030+0000][6692.449s][info][gc,start    ] GC(1189) Pause Young (Normal) (G1 Evacuation Pause)
[2024-05-30T12:25:53.030+0000][6692.450s][info][gc,task     ] GC(1189) Using 6 workers of 6 for evacuation
[2024-05-30T12:25:53.054+0000][6692.473s][info][gc,phases   ] GC(1189)   Pre Evacuate Collection Set: 0.2ms
[2024-05-30T12:25:53.054+0000][6692.473s][info][gc,phases   ] GC(1189)   Merge Heap Roots: 0.3ms
[2024-05-30T12:25:53.054+0000][6692.473s][info][gc,phases   ] GC(1189)   Evacuate Collection Set: 21.1ms
[2024-05-30T12:25:53.054+0000][6692.473s][info][gc,phases   ] GC(1189)   Post Evacuate Collection Set: 2.0ms
[2024-05-30T12:25:53.054+0000][6692.473s][info][gc,phases   ] GC(1189)   Other: 0.2ms
[2024-05-30T12:25:53.054+0000][6692.473s][info][gc,heap     ] GC(1189) Eden regions: 916->0(911)
[2024-05-30T12:25:53.054+0000][6692.473s][info][gc,heap     ] GC(1189) Survivor regions: 5->10(116)
[2024-05-30T12:25:53.054+0000][6692.473s][info][gc,heap     ] GC(1189) Old regions: 247->247
[2024-05-30T12:25:53.054+0000][6692.473s][info][gc,heap     ] GC(1189) Archive regions: 2->2
[2024-05-30T12:25:53.054+0000][6692.473s][info][gc,heap     ] GC(1189) Humongous regions: 7->7
[2024-05-30T12:25:53.054+0000][6692.473s][info][gc,metaspace] GC(1189) Metaspace: 414259K(420288K)->414259K(420288K) NonClass: 362245K(365632K)->362245K(365632K) Class: 52013K(54656K)->52013K(54656K)
[2024-05-30T12:25:53.054+0000][6692.473s][info][gc          ] GC(1189) Pause Young (Normal) (G1 Evacuation Pause) 9397M->2108M(12288M) 23.783ms
[2024-05-30T12:25:53.054+0000][6692.473s][info][gc,cpu      ] GC(1189) User=0.14s Sys=0.00s Real=0.02s
[2024-05-30T12:25:59.836+0000][6699.255s][info][gc,start    ] GC(1190) Pause Young (Concurrent Start) (G1 Evacuation Pause)
[2024-05-30T12:25:59.836+0000][6699.255s][info][gc,task     ] GC(1190) Using 6 workers of 6 for evacuation
[2024-05-30T12:25:59.894+0000][6699.313s][info][gc,phases   ] GC(1190)   Pre Evacuate Collection Set: 0.6ms
[2024-05-30T12:25:59.894+0000][6699.313s][info][gc,phases   ] GC(1190)   Merge Heap Roots: 0.3ms
[2024-05-30T12:25:59.894+0000][6699.313s][info][gc,phases   ] GC(1190)   Evacuate Collection Set: 46.8ms
[2024-05-30T12:25:59.894+0000][6699.313s][info][gc,phases   ] GC(1190)   Post Evacuate Collection Set: 10.0ms
[2024-05-30T12:25:59.894+0000][6699.313s][info][gc,phases   ] GC(1190)   Other: 0.3ms
[2024-05-30T12:25:59.894+0000][6699.313s][info][gc,heap     ] GC(1190) Eden regions: 911->0(907)
[2024-05-30T12:25:59.894+0000][6699.313s][info][gc,heap     ] GC(1190) Survivor regions: 10->14(116)
[2024-05-30T12:25:59.894+0000][6699.313s][info][gc,heap     ] GC(1190) Old regions: 247->247
[2024-05-30T12:25:59.894+0000][6699.313s][info][gc,heap     ] GC(1190) Archive regions: 2->2
[2024-05-30T12:25:59.894+0000][6699.313s][info][gc,heap     ] GC(1190) Humongous regions: 7->7
[2024-05-30T12:25:59.894+0000][6699.313s][info][gc,metaspace] GC(1190) Metaspace: 414259K(420288K)->414259K(420288K) NonClass: 362245K(365632K)->362245K(365632K) Class: 52013K(54656K)->52013K(54656K)
[2024-05-30T12:25:59.894+0000][6699.313s][info][gc          ] GC(1190) Pause Young (Concurrent Start) (G1 Evacuation Pause) 9396M->2142M(12288M) 58.007ms
[2024-05-30T12:25:59.894+0000][6699.313s][info][gc,cpu      ] GC(1190) User=0.34s Sys=0.00s Real=0.06s
[2024-05-30T12:25:59.894+0000][6699.313s][info][gc          ] GC(1191) Concurrent Mark Cycle
[2024-05-30T12:25:59.894+0000][6699.313s][info][gc,marking  ] GC(1191) Concurrent Clear Claimed Marks
[2024-05-30T12:25:59.894+0000][6699.314s][info][gc,marking  ] GC(1191) Concurrent Clear Claimed Marks 0.413ms
[2024-05-30T12:25:59.894+0000][6699.314s][info][gc,marking  ] GC(1191) Concurrent Scan Root Regions
[2024-05-30T12:25:59.931+0000][6699.350s][info][gc,marking  ] GC(1191) Concurrent Scan Root Regions 36.734ms
[2024-05-30T12:25:59.931+0000][6699.350s][info][gc,marking  ] GC(1191) Concurrent Mark
[2024-05-30T12:25:59.931+0000][6699.350s][info][gc,marking  ] GC(1191) Concurrent Mark From Roots
[2024-05-30T12:25:59.931+0000][6699.350s][info][gc,task     ] GC(1191) Using 2 workers of 2 for marking
[2024-05-30T12:26:01.363+0000][6700.782s][info][gc,marking  ] GC(1191) Concurrent Mark From Roots 1431.441ms
[2024-05-30T12:26:01.363+0000][6700.782s][info][gc,marking  ] GC(1191) Concurrent Preclean
[2024-05-30T12:26:01.364+0000][6700.783s][info][gc,marking  ] GC(1191) Concurrent Preclean 1.061ms
[2024-05-30T12:26:01.364+0000][6700.783s][info][gc,start    ] GC(1191) Pause Remark
[2024-05-30T12:26:01.385+0000][6700.804s][info][gc          ] GC(1191) Pause Remark 5386M->5378M(12288M) 21.405ms
[2024-05-30T12:26:01.385+0000][6700.805s][info][gc,cpu      ] GC(1191) User=0.09s Sys=0.01s Real=0.02s
[2024-05-30T12:26:01.385+0000][6700.805s][info][gc,marking  ] GC(1191) Concurrent Mark 1454.365ms
[2024-05-30T12:26:01.386+0000][6700.805s][info][gc,marking  ] GC(1191) Concurrent Rebuild Remembered Sets
[2024-05-30T12:26:02.279+0000][6701.699s][info][gc,marking  ] GC(1191) Concurrent Rebuild Remembered Sets 893.824ms
[2024-05-30T12:26:02.280+0000][6701.699s][info][gc,start    ] GC(1191) Pause Cleanup
[2024-05-30T12:26:02.280+0000][6701.699s][info][gc          ] GC(1191) Pause Cleanup 7598M->7598M(12288M) 0.591ms
[2024-05-30T12:26:02.280+0000][6701.699s][info][gc,cpu      ] GC(1191) User=0.00s Sys=0.00s Real=0.00s
[2024-05-30T12:26:02.280+0000][6701.700s][info][gc,marking  ] GC(1191) Concurrent Cleanup for Next Mark
[2024-05-30T12:26:02.298+0000][6701.717s][info][gc,marking  ] GC(1191) Concurrent Cleanup for Next Mark 17.501ms
[2024-05-30T12:26:02.298+0000][6701.717s][info][gc          ] GC(1191) Concurrent Mark Cycle 2403.987ms
[2024-05-30T12:26:02.960+0000][6702.379s][info][gc,start    ] GC(1192) Pause Young (Prepare Mixed) (G1 Evacuation Pause)
[2024-05-30T12:26:02.960+0000][6702.379s][info][gc,task     ] GC(1192) Using 6 workers of 6 for evacuation
[2024-05-30T12:26:03.102+0000][6702.521s][info][gc,phases   ] GC(1192)   Pre Evacuate Collection Set: 0.2ms
[2024-05-30T12:26:03.102+0000][6702.521s][info][gc,phases   ] GC(1192)   Merge Heap Roots: 1.0ms
[2024-05-30T12:26:03.102+0000][6702.521s][info][gc,phases   ] GC(1192)   Evacuate Collection Set: 111.3ms
[2024-05-30T12:26:03.102+0000][6702.522s][info][gc,phases   ] GC(1192)   Post Evacuate Collection Set: 29.9ms
[2024-05-30T12:26:03.102+0000][6702.522s][info][gc,phases   ] GC(1192)   Other: 0.2ms
[2024-05-30T12:26:03.102+0000][6702.522s][info][gc,heap     ] GC(1192) Eden regions: 907->0(54)
[2024-05-30T12:26:03.102+0000][6702.522s][info][gc,heap     ] GC(1192) Survivor regions: 14->22(116)
[2024-05-30T12:26:03.102+0000][6702.522s][info][gc,heap     ] GC(1192) Old regions: 247->247
[2024-05-30T12:26:03.102+0000][6702.522s][info][gc,heap     ] GC(1192) Archive regions: 2->2
[2024-05-30T12:26:03.102+0000][6702.522s][info][gc,heap     ] GC(1192) Humongous regions: 7->7
[2024-05-30T12:26:03.102+0000][6702.522s][info][gc,metaspace] GC(1192) Metaspace: 414259K(420288K)->414259K(420288K) NonClass: 362245K(365632K)->362245K(365632K) Class: 52013K(54656K)->52013K(54656K)
[2024-05-30T12:26:03.102+0000][6702.522s][info][gc          ] GC(1192) Pause Young (Prepare Mixed) (G1 Evacuation Pause) 9398M->2201M(12288M) 142.737ms
[2024-05-30T12:26:03.102+0000][6702.522s][info][gc,cpu      ] GC(1192) User=0.83s Sys=0.00s Real=0.14s
[2024-05-30T12:26:03.290+0000][6702.709s][info][gc,start    ] GC(1193) Pause Young (Mixed) (G1 Evacuation Pause)
[2024-05-30T12:26:03.290+0000][6702.709s][info][gc,task     ] GC(1193) Using 6 workers of 6 for evacuation
[2024-05-30T12:26:03.367+0000][6702.786s][info][gc,phases   ] GC(1193)   Pre Evacuate Collection Set: 0.2ms
[2024-05-30T12:26:03.367+0000][6702.786s][info][gc,phases   ] GC(1193)   Merge Heap Roots: 0.3ms
[2024-05-30T12:26:03.367+0000][6702.786s][info][gc,phases   ] GC(1193)   Evacuate Collection Set: 73.9ms
[2024-05-30T12:26:03.367+0000][6702.786s][info][gc,phases   ] GC(1193)   Post Evacuate Collection Set: 2.7ms
[2024-05-30T12:26:03.367+0000][6702.786s][info][gc,phases   ] GC(1193)   Other: 0.2ms
[2024-05-30T12:26:03.367+0000][6702.786s][info][gc,heap     ] GC(1193) Eden regions: 54->0(918)
[2024-05-30T12:26:03.367+0000][6702.786s][info][gc,heap     ] GC(1193) Survivor regions: 22->3(10)
[2024-05-30T12:26:03.367+0000][6702.786s][info][gc,heap     ] GC(1193) Old regions: 247->253
[2024-05-30T12:26:03.367+0000][6702.786s][info][gc,heap     ] GC(1193) Archive regions: 2->2
[2024-05-30T12:26:03.367+0000][6702.787s][info][gc,heap     ] GC(1193) Humongous regions: 7->7
[2024-05-30T12:26:03.367+0000][6702.787s][info][gc,metaspace] GC(1193) Metaspace: 414259K(420288K)->414259K(420288K) NonClass: 362245K(365632K)->362245K(365632K) Class: 52013K(54656K)->52013K(54656K)
[2024-05-30T12:26:03.367+0000][6702.787s][info][gc          ] GC(1193) Pause Young (Mixed) (G1 Evacuation Pause) 2633M->2101M(12288M) 77.328ms
[2024-05-30T12:26:03.367+0000][6702.787s][info][gc,cpu      ] GC(1193) User=0.46s Sys=0.00s Real=0.07s
[2024-05-30T12:26:06.137+0000][6705.556s][info][gc,start    ] GC(1194) Pause Young (Normal) (G1 Evacuation Pause)
[2024-05-30T12:26:06.137+0000][6705.556s][info][gc,task     ] GC(1194) Using 6 workers of 6 for evacuation
[2024-05-30T12:26:06.230+0000][6705.649s][info][gc,phases   ] GC(1194)   Pre Evacuate Collection Set: 0.2ms
[2024-05-30T12:26:06.230+0000][6705.649s][info][gc,phases   ] GC(1194)   Merge Heap Roots: 0.5ms
[2024-05-30T12:26:06.230+0000][6705.649s][info][gc,phases   ] GC(1194)   Evacuate Collection Set: 68.6ms
[2024-05-30T12:26:06.230+0000][6705.649s][info][gc,phases   ] GC(1194)   Post Evacuate Collection Set: 23.2ms
[2024-05-30T12:26:06.230+0000][6705.649s][info][gc,phases   ] GC(1194)   Other: 0.2ms
[2024-05-30T12:26:06.230+0000][6705.649s][info][gc,heap     ] GC(1194) Eden regions: 918->0(914)
[2024-05-30T12:26:06.230+0000][6705.649s][info][gc,heap     ] GC(1194) Survivor regions: 3->7(116)
[2024-05-30T12:26:06.230+0000][6705.649s][info][gc,heap     ] GC(1194) Old regions: 253->253
[2024-05-30T12:26:06.230+0000][6705.649s][info][gc,heap     ] GC(1194) Archive regions: 2->2
[2024-05-30T12:26:06.230+0000][6705.649s][info][gc,heap     ] GC(1194) Humongous regions: 7->7
[2024-05-30T12:26:06.230+0000][6705.649s][info][gc,metaspace] GC(1194) Metaspace: 414259K(420288K)->414259K(420288K) NonClass: 362245K(365632K)->362245K(365632K) Class: 52013K(54656K)->52013K(54656K)
[2024-05-30T12:26:06.230+0000][6705.649s][info][gc          ] GC(1194) Pause Young (Normal) (G1 Evacuation Pause) 9445M->2132M(12288M) 92.749ms
[2024-05-30T12:26:06.230+0000][6705.649s][info][gc,cpu      ] GC(1194) User=0.53s Sys=0.00s Real=0.09s
[2024-05-30T12:26:09.111+0000][6708.530s][info][gc,start    ] GC(1195) Pause Young (Normal) (G1 Evacuation Pause)
[2024-05-30T12:26:09.111+0000][6708.530s][info][gc,task     ] GC(1195) Using 6 workers of 6 for evacuation
[2024-05-30T12:26:09.222+0000][6708.641s][info][gc,phases   ] GC(1195)   Pre Evacuate Collection Set: 0.2ms
[2024-05-30T12:26:09.222+0000][6708.641s][info][gc,phases   ] GC(1195)   Merge Heap Roots: 0.7ms
[2024-05-30T12:26:09.222+0000][6708.641s][info][gc,phases   ] GC(1195)   Evacuate Collection Set: 87.1ms
[2024-05-30T12:26:09.222+0000][6708.641s][info][gc,phases   ] GC(1195)   Post Evacuate Collection Set: 22.9ms
[2024-05-30T12:26:09.222+0000][6708.641s][info][gc,phases   ] GC(1195)   Other: 0.2ms
[2024-05-30T12:26:09.222+0000][6708.641s][info][gc,heap     ] GC(1195) Eden regions: 914->0(908)
[2024-05-30T12:26:09.222+0000][6708.641s][info][gc,heap     ] GC(1195) Survivor regions: 7->13(116)
[2024-05-30T12:26:09.222+0000][6708.641s][info][gc,heap     ] GC(1195) Old regions: 253->253
[2024-05-30T12:26:09.222+0000][6708.641s][info][gc,heap     ] GC(1195) Archive regions: 2->2
[2024-05-30T12:26:09.222+0000][6708.641s][info][gc,heap     ] GC(1195) Humongous regions: 7->7
[2024-05-30T12:26:09.222+0000][6708.641s][info][gc,metaspace] GC(1195) Metaspace: 414259K(420288K)->414259K(420288K) NonClass: 362245K(365632K)->362245K(365632K) Class: 52013K(54656K)->52013K(54656K)
[2024-05-30T12:26:09.222+0000][6708.641s][info][gc          ] GC(1195) Pause Young (Normal) (G1 Evacuation Pause) 9444M->2175M(12288M) 111.181ms
[2024-05-30T12:26:09.222+0000][6708.641s][info][gc,cpu      ] GC(1195) User=0.65s Sys=0.00s Real=0.11s
[2024-05-30T12:26:11.908+0000][6711.327s][info][gc,start    ] GC(1196) Pause Young (Concurrent Start) (G1 Evacuation Pause)
[2024-05-30T12:26:11.908+0000][6711.327s][info][gc,task     ] GC(1196) Using 6 workers of 6 for evacuation
[2024-05-30T12:26:12.039+0000][6711.458s][info][gc,phases   ] GC(1196)   Pre Evacuate Collection Set: 0.6ms
[2024-05-30T12:26:12.039+0000][6711.458s][info][gc,phases   ] GC(1196)   Merge Heap Roots: 0.6ms
[2024-05-30T12:26:12.039+0000][6711.458s][info][gc,phases   ] GC(1196)   Evacuate Collection Set: 105.7ms
[2024-05-30T12:26:12.039+0000][6711.458s][info][gc,phases   ] GC(1196)   Post Evacuate Collection Set: 24.4ms
[2024-05-30T12:26:12.039+0000][6711.459s][info][gc,phases   ] GC(1196)   Other: 0.3ms
[2024-05-30T12:26:12.039+0000][6711.459s][info][gc,heap     ] GC(1196) Eden regions: 908->0(903)
[2024-05-30T12:26:12.039+0000][6711.459s][info][gc,heap     ] GC(1196) Survivor regions: 13->18(116)
[2024-05-30T12:26:12.039+0000][6711.459s][info][gc,heap     ] GC(1196) Old regions: 253->253
[2024-05-30T12:26:12.039+0000][6711.459s][info][gc,heap     ] GC(1196) Archive regions: 2->2
[2024-05-30T12:26:12.039+0000][6711.459s][info][gc,heap     ] GC(1196) Humongous regions: 7->7
[2024-05-30T12:26:12.039+0000][6711.459s][info][gc,metaspace] GC(1196) Metaspace: 414259K(420288K)->414259K(420288K) NonClass: 362245K(365632K)->362245K(365632K) Class: 52013K(54656K)->52013K(54656K)
[2024-05-30T12:26:12.039+0000][6711.459s][info][gc          ] GC(1196) Pause Young (Concurrent Start) (G1 Evacuation Pause) 9439M->2218M(12288M) 131.690ms
[2024-05-30T12:26:12.039+0000][6711.459s][info][gc,cpu      ] GC(1196) User=0.76s Sys=0.00s Real=0.14s
[2024-05-30T12:26:12.039+0000][6711.459s][info][gc          ] GC(1197) Concurrent Mark Cycle
[2024-05-30T12:26:12.039+0000][6711.459s][info][gc,marking  ] GC(1197) Concurrent Clear Claimed Marks
[2024-05-30T12:26:12.040+0000][6711.459s][info][gc,marking  ] GC(1197) Concurrent Clear Claimed Marks 0.415ms
[2024-05-30T12:26:12.040+0000][6711.459s][info][gc,marking  ] GC(1197) Concurrent Scan Root Regions
[2024-05-30T12:26:12.096+0000][6711.515s][info][gc,marking  ] GC(1197) Concurrent Scan Root Regions 56.225ms
[2024-05-30T12:26:12.096+0000][6711.515s][info][gc,marking  ] GC(1197) Concurrent Mark
[2024-05-30T12:26:12.096+0000][6711.515s][info][gc,marking  ] GC(1197) Concurrent Mark From Roots
[2024-05-30T12:26:12.096+0000][6711.515s][info][gc,task     ] GC(1197) Using 2 workers of 2 for marking
[2024-05-30T12:26:13.312+0000][6712.731s][info][gc,marking  ] GC(1197) Concurrent Mark From Roots 1215.376ms
[2024-05-30T12:26:13.312+0000][6712.731s][info][gc,marking  ] GC(1197) Concurrent Preclean
[2024-05-30T12:26:13.313+0000][6712.732s][info][gc,marking  ] GC(1197) Concurrent Preclean 0.984ms
[2024-05-30T12:26:13.313+0000][6712.732s][info][gc,start    ] GC(1197) Pause Remark
[2024-05-30T12:26:13.334+0000][6712.753s][info][gc          ] GC(1197) Pause Remark 4286M->4270M(12288M) 21.283ms
[2024-05-30T12:26:13.334+0000][6712.753s][info][gc,cpu      ] GC(1197) User=0.08s Sys=0.00s Real=0.02s
[2024-05-30T12:26:13.334+0000][6712.753s][info][gc,marking  ] GC(1197) Concurrent Mark 1238.096ms
[2024-05-30T12:26:13.334+0000][6712.753s][info][gc,marking  ] GC(1197) Concurrent Rebuild Remembered Sets
[2024-05-30T12:26:14.023+0000][6713.442s][info][gc,marking  ] GC(1197) Concurrent Rebuild Remembered Sets 688.891ms
[2024-05-30T12:26:14.023+0000][6713.443s][info][gc,start    ] GC(1197) Pause Cleanup
[2024-05-30T12:26:14.024+0000][6713.443s][info][gc          ] GC(1197) Pause Cleanup 4750M->4750M(12288M) 0.568ms
[2024-05-30T12:26:14.024+0000][6713.443s][info][gc,cpu      ] GC(1197) User=0.00s Sys=0.00s Real=0.00s
[2024-05-30T12:26:14.024+0000][6713.443s][info][gc,marking  ] GC(1197) Concurrent Cleanup for Next Mark
[2024-05-30T12:26:14.041+0000][6713.460s][info][gc,marking  ] GC(1197) Concurrent Cleanup for Next Mark 17.131ms
[2024-05-30T12:26:14.041+0000][6713.461s][info][gc          ] GC(1197) Concurrent Mark Cycle 2001.857ms
[2024-05-30T12:26:20.547+0000][6719.966s][info][gc,start    ] GC(1198) Pause Young (Prepare Mixed) (G1 Evacuation Pause)
[2024-05-30T12:26:20.547+0000][6719.966s][info][gc,task     ] GC(1198) Using 6 workers of 6 for evacuation
[2024-05-30T12:26:20.629+0000][6720.048s][info][gc,phases   ] GC(1198)   Pre Evacuate Collection Set: 0.2ms
[2024-05-30T12:26:20.629+0000][6720.048s][info][gc,phases   ] GC(1198)   Merge Heap Roots: 0.8ms
[2024-05-30T12:26:20.629+0000][6720.048s][info][gc,phases   ] GC(1198)   Evacuate Collection Set: 74.5ms
[2024-05-30T12:26:20.629+0000][6720.048s][info][gc,phases   ] GC(1198)   Post Evacuate Collection Set: 6.3ms
[2024-05-30T12:26:20.629+0000][6720.048s][info][gc,phases   ] GC(1198)   Other: 0.2ms
[2024-05-30T12:26:20.629+0000][6720.048s][info][gc,heap     ] GC(1198) Eden regions: 903->0(54)
[2024-05-30T12:26:20.629+0000][6720.048s][info][gc,heap     ] GC(1198) Survivor regions: 18->22(116)
[2024-05-30T12:26:20.629+0000][6720.048s][info][gc,heap     ] GC(1198) Old regions: 251->251
[2024-05-30T12:26:20.629+0000][6720.048s][info][gc,heap     ] GC(1198) Archive regions: 2->2
[2024-05-30T12:26:20.629+0000][6720.048s][info][gc,heap     ] GC(1198) Humongous regions: 7->7
[2024-05-30T12:26:20.629+0000][6720.048s][info][gc,metaspace] GC(1198) Metaspace: 414259K(420288K)->414259K(420288K) NonClass: 362245K(365632K)->362245K(365632K) Class: 52013K(54656K)->52013K(54656K)
[2024-05-30T12:26:20.629+0000][6720.048s][info][gc          ] GC(1198) Pause Young (Prepare Mixed) (G1 Evacuation Pause) 9426M->2233M(12288M) 82.018ms
[2024-05-30T12:26:20.629+0000][6720.048s][info][gc,cpu      ] GC(1198) User=0.48s Sys=0.00s Real=0.09s
[2024-05-30T12:26:21.203+0000][6720.622s][info][gc,start    ] GC(1199) Pause Young (Mixed) (G1 Evacuation Pause)
[2024-05-30T12:26:21.203+0000][6720.622s][info][gc,task     ] GC(1199) Using 6 workers of 6 for evacuation
[2024-05-30T12:26:21.273+0000][6720.692s][info][gc,phases   ] GC(1199)   Pre Evacuate Collection Set: 0.2ms
[2024-05-30T12:26:21.273+0000][6720.693s][info][gc,phases   ] GC(1199)   Merge Heap Roots: 0.4ms
[2024-05-30T12:26:21.273+0000][6720.693s][info][gc,phases   ] GC(1199)   Evacuate Collection Set: 68.8ms
[2024-05-30T12:26:21.273+0000][6720.693s][info][gc,phases   ] GC(1199)   Post Evacuate Collection Set: 1.2ms
[2024-05-30T12:26:21.273+0000][6720.693s][info][gc,phases   ] GC(1199)   Other: 0.2ms
[2024-05-30T12:26:21.273+0000][6720.693s][info][gc,heap     ] GC(1199) Eden regions: 54->0(915)
[2024-05-30T12:26:21.273+0000][6720.693s][info][gc,heap     ] GC(1199) Survivor regions: 22->6(10)
[2024-05-30T12:26:21.273+0000][6720.693s][info][gc,heap     ] GC(1199) Old regions: 251->243
[2024-05-30T12:26:21.273+0000][6720.693s][info][gc,heap     ] GC(1199) Archive regions: 2->2
[2024-05-30T12:26:21.273+0000][6720.693s][info][gc,heap     ] GC(1199) Humongous regions: 7->7
[2024-05-30T12:26:21.273+0000][6720.693s][info][gc,metaspace] GC(1199) Metaspace: 414259K(420288K)->414259K(420288K) NonClass: 362245K(365632K)->362245K(365632K) Class: 52013K(54656K)->52013K(54656K)
[2024-05-30T12:26:21.273+0000][6720.693s][info][gc          ] GC(1199) Pause Young (Mixed) (G1 Evacuation Pause) 2665M->2047M(12288M) 70.848ms
[2024-05-30T12:26:21.273+0000][6720.693s][info][gc,cpu      ] GC(1199) User=0.43s Sys=0.00s Real=0.07s
[2024-05-30T12:26:31.359+0000][6730.779s][info][gc,start    ] GC(1200) Pause Young (Normal) (G1 Evacuation Pause)
[2024-05-30T12:26:31.359+0000][6730.779s][info][gc,task     ] GC(1200) Using 6 workers of 6 for evacuation
[2024-05-30T12:26:31.383+0000][6730.802s][info][gc,phases   ] GC(1200)   Pre Evacuate Collection Set: 0.2ms
[2024-05-30T12:26:31.383+0000][6730.802s][info][gc,phases   ] GC(1200)   Merge Heap Roots: 0.3ms
[2024-05-30T12:26:31.383+0000][6730.802s][info][gc,phases   ] GC(1200)   Evacuate Collection Set: 21.0ms
[2024-05-30T12:26:31.383+0000][6730.802s][info][gc,phases   ] GC(1200)   Post Evacuate Collection Set: 1.9ms
[2024-05-30T12:26:31.383+0000][6730.802s][info][gc,phases   ] GC(1200)   Other: 0.2ms
[2024-05-30T12:26:31.383+0000][6730.802s][info][gc,heap     ] GC(1200) Eden regions: 915->0(911)
[2024-05-30T12:26:31.383+0000][6730.802s][info][gc,heap     ] GC(1200) Survivor regions: 6->10(116)
[2024-05-30T12:26:31.383+0000][6730.802s][info][gc,heap     ] GC(1200) Old regions: 243->243
[2024-05-30T12:26:31.383+0000][6730.802s][info][gc,heap     ] GC(1200) Archive regions: 2->2
[2024-05-30T12:26:31.383+0000][6730.802s][info][gc,heap     ] GC(1200) Humongous regions: 7->7
[2024-05-30T12:26:31.383+0000][6730.802s][info][gc,metaspace] GC(1200) Metaspace: 414263K(420288K)->414263K(420288K) NonClass: 362249K(365632K)->362249K(365632K) Class: 52013K(54656K)->52013K(54656K)
[2024-05-30T12:26:31.383+0000][6730.802s][info][gc          ] GC(1200) Pause Young (Normal) (G1 Evacuation Pause) 9367M->2073M(12288M) 23.613ms
[2024-05-30T12:26:31.383+0000][6730.802s][info][gc,cpu      ] GC(1200) User=0.14s Sys=0.00s Real=0.02s
[2024-05-30T12:26:41.441+0000][6740.860s][info][gc,start    ] GC(1201) Pause Young (Normal) (G1 Evacuation Pause)
[2024-05-30T12:26:41.441+0000][6740.860s][info][gc,task     ] GC(1201) Using 6 workers of 6 for evacuation
